[    0.000000] Linux version 5.4.243-mptcp (root@ztg) (gcc version 12.2.0 (Debian 12.2.0-14+deb12u1)) #53 SMP Wed Dec 24 23:28:15 CST 2025
[    0.000000] Command line: BOOT_IMAGE=/boot/vmlinuz-5.4.243-mptcp root=UUID=98415a12-53b7-4144-8265-0f7ece09e445 ro quiet splash
[    0.000000] KERNEL supported cpus:
[    0.000000]   Intel GenuineIntel
[    0.000000]   AMD AuthenticAMD
[    0.000000]   Hygon HygonGenuine
[    0.000000]   Centaur CentaurHauls
[    0.000000]   zhaoxin   Shanghai  
[    0.000000] x86/fpu: Supporting XSAVE feature 0x001: 'x87 floating point registers'
[    0.000000] x86/fpu: Supporting XSAVE feature 0x002: 'SSE registers'
[    0.000000] x86/fpu: Supporting XSAVE feature 0x004: 'AVX registers'
[    0.000000] x86/fpu: xstate_offset[2]:  576, xstate_sizes[2]:  256
[    0.000000] x86/fpu: Enabled xstate features 0x7, context size is 832 bytes, using 'standard' format.
[    0.000000] BIOS-provided physical RAM map:
[    0.000000] BIOS-e820: [mem 0x0000000000000000-0x000000000009fbff] usable
[    0.000000] BIOS-e820: [mem 0x000000000009fc00-0x000000000009ffff] reserved
[    0.000000] BIOS-e820: [mem 0x00000000000f0000-0x00000000000fffff] reserved
[    0.000000] BIOS-e820: [mem 0x0000000000100000-0x000000007ffeffff] usable
[    0.000000] BIOS-e820: [mem 0x000000007fff0000-0x000000007fffffff] ACPI data
[    0.000000] BIOS-e820: [mem 0x00000000fec00000-0x00000000fec00fff] reserved
[    0.000000] BIOS-e820: [mem 0x00000000fee00000-0x00000000fee00fff] reserved
[    0.000000] BIOS-e820: [mem 0x00000000fffc0000-0x00000000ffffffff] reserved
[    0.000000] NX (Execute Disable) protection: active
[    0.000000] SMBIOS 2.5 present.
[    0.000000] DMI: innotek GmbH VirtualBox/VirtualBox, BIOS VirtualBox 12/01/2006
[    0.000000] Hypervisor detected: KVM
[    0.000000] kvm-clock: Using msrs 4b564d01 and 4b564d00
[    0.000000] kvm-clock: cpu 0, msr 73a01001, primary cpu clock
[    0.000000] kvm-clock: using sched offset of 4440457456 cycles
[    0.000003] clocksource: kvm-clock: mask: 0xffffffffffffffff max_cycles: 0x1cd42e4dffb, max_idle_ns: 881590591483 ns
[    0.000006] tsc: Detected 2100.000 MHz processor
[    0.001849] e820: update [mem 0x00000000-0x00000fff] usable ==> reserved
[    0.001851] e820: remove [mem 0x000a0000-0x000fffff] usable
[    0.001855] last_pfn = 0x7fff0 max_arch_pfn = 0x400000000
[    0.001923] MTRR default type: uncachable
[    0.001924] MTRR fixed ranges enabled:
[    0.001925]   00000-9FFFF write-back
[    0.001925]   A0000-BFFFF uncachable
[    0.001926]   C0000-FFFFF write-protect
[    0.001927] MTRR variable ranges enabled:
[    0.001928]   0 base 000000000000 mask 3FFF80000000 write-back
[    0.001929]   1 disabled
[    0.001930]   2 disabled
[    0.001930]   3 disabled
[    0.001931]   4 disabled
[    0.001931]   5 disabled
[    0.001931]   6 disabled
[    0.001932]   7 disabled
[    0.001932]   8 disabled
[    0.001933]   9 disabled
[    0.001933]   10 disabled
[    0.001934]   11 disabled
[    0.001934]   12 disabled
[    0.001934]   13 disabled
[    0.001935]   14 disabled
[    0.001935]   15 disabled
[    0.001952] x86/PAT: Configuration [0-7]: WB  WC  UC- UC  WB  WP  UC- WT  
[    0.002086] found SMP MP-table at [mem 0x0009fff0-0x0009ffff]
[    0.091969] check: Scanning 1 areas for low memory corruption
[    0.092177] RAMDISK: [mem 0x32271000-0x3512ffff]
[    0.092185] ACPI: Early table checksum verification disabled
[    0.092190] ACPI: RSDP 0x00000000000E0000 000024 (v02 VBOX  )
[    0.092195] ACPI: XSDT 0x000000007FFF0030 00003C (v01 VBOX   VBOXXSDT 00000001 ASL  00000061)
[    0.092202] ACPI: FACP 0x000000007FFF00F0 0000F4 (v04 VBOX   VBOXFACP 00000001 ASL  00000061)
[    0.092208] ACPI: DSDT 0x000000007FFF02E0 002353 (v02 VBOX   VBOXBIOS 00000002 VBOX 00029BF3)
[    0.092212] ACPI: FACS 0x000000007FFF0200 000040
[    0.092215] ACPI: FACS 0x000000007FFF0200 000040
[    0.092218] ACPI: APIC 0x000000007FFF0240 000054 (v02 VBOX   VBOXAPIC 00000001 ASL  00000061)
[    0.092222] ACPI: SSDT 0x000000007FFF02A0 000038 (v01 VBOX   VBOXCPUT 00000002 VBOX 00029BF3)
[    0.092225] ACPI: Reserving FACP table memory at [mem 0x7fff00f0-0x7fff01e3]
[    0.092226] ACPI: Reserving DSDT table memory at [mem 0x7fff02e0-0x7fff2632]
[    0.092227] ACPI: Reserving FACS table memory at [mem 0x7fff0200-0x7fff023f]
[    0.092228] ACPI: Reserving FACS table memory at [mem 0x7fff0200-0x7fff023f]
[    0.092228] ACPI: Reserving APIC table memory at [mem 0x7fff0240-0x7fff0293]
[    0.092229] ACPI: Reserving SSDT table memory at [mem 0x7fff02a0-0x7fff02d7]
[    0.092243] ACPI: Local APIC address 0xfee00000
[    0.092430] No NUMA configuration found
[    0.092431] Faking a node at [mem 0x0000000000000000-0x000000007ffeffff]
[    0.092441] NODE_DATA(0) allocated [mem 0x7ffc5000-0x7ffeffff]
[    0.092702] Zone ranges:
[    0.092703]   DMA      [mem 0x0000000000001000-0x0000000000ffffff]
[    0.092704]   DMA32    [mem 0x0000000001000000-0x000000007ffeffff]
[    0.092705]   Normal   empty
[    0.092706]   Device   empty
[    0.092706] Movable zone start for each node
[    0.092708] Early memory node ranges
[    0.092709]   node   0: [mem 0x0000000000001000-0x000000000009efff]
[    0.092710]   node   0: [mem 0x0000000000100000-0x000000007ffeffff]
[    0.092713] Zeroed struct page in unavailable ranges: 114 pages
[    0.092714] Initmem setup node 0 [mem 0x0000000000001000-0x000000007ffeffff]
[    0.092715] On node 0 totalpages: 524174
[    0.092716]   DMA zone: 64 pages used for memmap
[    0.092717]   DMA zone: 21 pages reserved
[    0.092718]   DMA zone: 3998 pages, LIFO batch:0
[    0.092790]   DMA32 zone: 8128 pages used for memmap
[    0.092791]   DMA32 zone: 520176 pages, LIFO batch:63
[    0.101732] ACPI: PM-Timer IO Port: 0x4008
[    0.101735] ACPI: Local APIC address 0xfee00000
[    0.101806] IOAPIC[0]: apic_id 1, version 32, address 0xfec00000, GSI 0-23
[    0.101810] ACPI: INT_SRC_OVR (bus 0 bus_irq 0 global_irq 2 dfl dfl)
[    0.101812] ACPI: INT_SRC_OVR (bus 0 bus_irq 9 global_irq 9 low level)
[    0.101813] ACPI: IRQ0 used by override.
[    0.101814] ACPI: IRQ9 used by override.
[    0.101817] Using ACPI (MADT) for SMP configuration information
[    0.101823] smpboot: Allowing 1 CPUs, 0 hotplug CPUs
[    0.101846] PM: Registered nosave memory: [mem 0x00000000-0x00000fff]
[    0.101847] PM: Registered nosave memory: [mem 0x0009f000-0x0009ffff]
[    0.101848] PM: Registered nosave memory: [mem 0x000a0000-0x000effff]
[    0.101848] PM: Registered nosave memory: [mem 0x000f0000-0x000fffff]
[    0.101850] [mem 0x80000000-0xfebfffff] available for PCI devices
[    0.101851] Booting paravirtualized kernel on KVM
[    0.101854] clocksource: refined-jiffies: mask: 0xffffffff max_cycles: 0xffffffff, max_idle_ns: 7645519600211568 ns
[    0.101859] setup_percpu: NR_CPUS:8192 nr_cpumask_bits:1 nr_cpu_ids:1 nr_node_ids:1
[    0.102869] percpu: Embedded 60 pages/cpu s208896 r8192 d28672 u2097152
[    0.102874] pcpu-alloc: s208896 r8192 d28672 u2097152 alloc=1*2097152
[    0.102875] pcpu-alloc: [0] 0 
[    0.102902] Built 1 zonelists, mobility grouping on.  Total pages: 515961
[    0.102902] Policy zone: DMA32
[    0.102903] Kernel command line: BOOT_IMAGE=/boot/vmlinuz-5.4.243-mptcp root=UUID=98415a12-53b7-4144-8265-0f7ece09e445 ro quiet splash
[    0.103755] Dentry cache hash table entries: 262144 (order: 9, 2097152 bytes, linear)
[    0.103902] Inode-cache hash table entries: 131072 (order: 8, 1048576 bytes, linear)
[    0.103952] mem auto-init: stack:off, heap alloc:on, heap free:off
[    0.103955] Calgary: detecting Calgary via BIOS EBDA area
[    0.103956] Calgary: Unable to locate Rio Grande table in EBDA - bailing!
[    0.108081] Memory: 1967332K/2096696K available (14339K kernel code, 2398K rwdata, 4712K rodata, 2728K init, 17260K bss, 129364K reserved, 0K cma-reserved)
[    0.109008] SLUB: HWalign=64, Order=0-3, MinObjects=0, CPUs=1, Nodes=1
[    0.109025] ftrace: allocating 43186 entries in 169 pages
[    0.127239] rcu: Hierarchical RCU implementation.
[    0.127241] rcu: 	RCU restricting CPUs from NR_CPUS=8192 to nr_cpu_ids=1.
[    0.127242] 	Tasks RCU enabled.
[    0.127243] rcu: RCU calculated value of scheduler-enlistment delay is 25 jiffies.
[    0.127244] rcu: Adjusting geometry for rcu_fanout_leaf=16, nr_cpu_ids=1
[    0.130211] NR_IRQS: 524544, nr_irqs: 256, preallocated irqs: 16
[    0.130427] random: crng init done
[    0.139803] Console: colour VGA+ 80x25
[    0.139807] printk: console [tty0] enabled
[    0.139831] ACPI: Core revision 20190816
[    0.139929] APIC: Switch to symmetric I/O mode setup
[    0.140180] x2apic enabled
[    0.140421] Switched APIC routing to physical x2apic.
[    0.141556] ..TIMER: vector=0x30 apic1=0 pin1=2 apic2=-1 pin2=-1
[    0.141581] clocksource: tsc-early: mask: 0xffffffffffffffff max_cycles: 0x1e4530a99b6, max_idle_ns: 440795257976 ns
[    0.141587] Calibrating delay loop (skipped) preset value.. 4200.00 BogoMIPS (lpj=8400000)
[    0.141589] pid_max: default: 32768 minimum: 301
[    0.141616] LSM: Security Framework initializing
[    0.141626] Yama: becoming mindful.
[    0.141652] AppArmor: AppArmor initialized
[    0.141686] Mount-cache hash table entries: 4096 (order: 3, 32768 bytes, linear)
[    0.141691] Mountpoint-cache hash table entries: 4096 (order: 3, 32768 bytes, linear)
[    0.141701] *** VALIDATE tmpfs ***
[    0.141832] *** VALIDATE proc ***
[    0.141873] *** VALIDATE cgroup1 ***
[    0.141874] *** VALIDATE cgroup2 ***
[    0.142016] process: using mwait in idle threads
[    0.142021] Last level iTLB entries: 4KB 64, 2MB 8, 4MB 8
[    0.142021] Last level dTLB entries: 4KB 64, 2MB 0, 4MB 0, 1GB 4
[    0.142042] Spectre V1 : Mitigation: usercopy/swapgs barriers and __user pointer sanitization
[    0.142048] Spectre V2 : Mitigation: Retpolines
[    0.142048] Spectre V2 : Spectre v2 / SpectreRSB mitigation: Filling RSB on context switch
[    0.142049] Spectre V2 : Spectre v2 / SpectreRSB : Filling RSB on VMEXIT
[    0.142049] RETBleed: WARNING: Spectre v2 mitigation leaves CPU vulnerable to RETBleed attacks, data leaks possible!
[    0.142401] RETBleed: Vulnerable
[    0.142401] Speculative Store Bypass: Vulnerable
[    0.142406] TAA: Mitigation: TSX disabled
[    0.142407] MMIO Stale Data: Mitigation: Clear CPU buffers
[    0.146636] Freeing SMP alternatives memory: 40K
[    0.258789] smpboot: CPU0: Intel(R) Xeon(R) Silver 4216 CPU @ 2.10GHz (family: 0x6, model: 0x55, stepping: 0x7)
[    0.258906] Performance Events: unsupported p6 CPU model 85 no PMU driver, software events only.
[    0.258943] rcu: Hierarchical SRCU implementation.
[    0.259420] NMI watchdog: Perf NMI watchdog permanently disabled
[    0.259458] smp: Bringing up secondary CPUs ...
[    0.259459] smp: Brought up 1 node, 1 CPU
[    0.259460] smpboot: Max logical packages: 1
[    0.259461] smpboot: Total of 1 processors activated (4200.00 BogoMIPS)
[    0.260425] devtmpfs: initialized
[    0.260474] x86/mm: Memory block size: 128MB
[    0.260837] clocksource: jiffies: mask: 0xffffffff max_cycles: 0xffffffff, max_idle_ns: 7645041785100000 ns
[    0.260843] futex hash table entries: 256 (order: 2, 16384 bytes, linear)
[    0.260887] pinctrl core: initialized pinctrl subsystem
[    0.260990] PM: RTC time: 10:54:58, date: 2026-01-18
[    0.261098] NET: Registered protocol family 16
[    0.261172] audit: initializing netlink subsys (disabled)
[    0.261299] EISA bus registered
[    0.261300] cpuidle: using governor ladder
[    0.261301] cpuidle: using governor menu
[    0.261338] ACPI: bus type PCI registered
[    0.261340] acpiphp: ACPI Hot Plug PCI Controller Driver version: 0.5
[    0.261445] PCI: Using configuration type 1 for base access
[    0.261872] audit: type=2000 audit(1768704904.700:1): state=initialized audit_enabled=0 res=1
[    0.261953] HugeTLB registered 2.00 MiB page size, pre-allocated 0 pages
[    0.262770] ACPI: Added _OSI(Module Device)
[    0.262771] ACPI: Added _OSI(Processor Device)
[    0.262771] ACPI: Added _OSI(3.0 _SCP Extensions)
[    0.262772] ACPI: Added _OSI(Processor Aggregator Device)
[    0.262773] ACPI: Added _OSI(Linux-Dell-Video)
[    0.262774] ACPI: Added _OSI(Linux-Lenovo-NV-HDMI-Audio)
[    0.262775] ACPI: Added _OSI(Linux-HPI-Hybrid-Graphics)
[    0.264729] ACPI: 2 ACPI AML tables successfully acquired and loaded
[    0.266248] ACPI: Interpreter enabled
[    0.266258] ACPI: (supports S0 S5)
[    0.266259] ACPI: Using IOAPIC for interrupt routing
[    0.266466] PCI: Using host bridge windows from ACPI; if necessary, use "pci=nocrs" and report a bug
[    0.266571] ACPI: Enabled 2 GPEs in block 00 to 07
[    0.271389] ACPI: PCI Root Bridge [PCI0] (domain 0000 [bus 00-ff])
[    0.271394] acpi PNP0A03:00: _OSC: OS supports [ASPM ClockPM Segments MSI HPX-Type3]
[    0.271852] acpi PNP0A03:00: _OSC: not requesting OS control; OS requires [ExtendedConfig ASPM ClockPM MSI]
[    0.271860] acpi PNP0A03:00: fail to add MMCONFIG information, can't access extended PCI configuration space under this bridge.
[    0.272228] PCI host bridge to bus 0000:00
[    0.272230] pci_bus 0000:00: root bus resource [io  0x0000-0x0cf7 window]
[    0.272232] pci_bus 0000:00: root bus resource [io  0x0d00-0xffff window]
[    0.272233] pci_bus 0000:00: root bus resource [mem 0x000a0000-0x000bffff window]
[    0.272234] pci_bus 0000:00: root bus resource [mem 0x80000000-0xfdffffff window]
[    0.272235] pci_bus 0000:00: root bus resource [bus 00-ff]
[    0.272278] pci 0000:00:00.0: [8086:1237] type 00 class 0x060000
[    0.273214] pci 0000:00:01.0: [8086:7000] type 00 class 0x060100
[    0.274143] pci 0000:00:01.1: [8086:7111] type 00 class 0x01018a
[    0.274508] pci 0000:00:01.1: reg 0x20: [io  0xd000-0xd00f]
[    0.274659] pci 0000:00:01.1: legacy IDE quirk: reg 0x10: [io  0x01f0-0x01f7]
[    0.274660] pci 0000:00:01.1: legacy IDE quirk: reg 0x14: [io  0x03f6]
[    0.274661] pci 0000:00:01.1: legacy IDE quirk: reg 0x18: [io  0x0170-0x0177]
[    0.274662] pci 0000:00:01.1: legacy IDE quirk: reg 0x1c: [io  0x0376]
[    0.275197] pci 0000:00:02.0: [15ad:0405] type 00 class 0x030000
[    0.277663] pci 0000:00:02.0: reg 0x10: [io  0xd010-0xd01f]
[    0.281630] pci 0000:00:02.0: reg 0x14: [mem 0xe0000000-0xe7ffffff pref]
[    0.284289] pci 0000:00:02.0: reg 0x18: [mem 0xf0000000-0xf01fffff]
[    0.294395] pci 0000:00:03.0: [1022:2000] type 00 class 0x020000
[    0.295181] pci 0000:00:03.0: reg 0x10: [io  0xd020-0xd03f]
[    0.295865] pci 0000:00:03.0: reg 0x14: [mem 0xf0200000-0xf0200fff]
[    0.300764] pci 0000:00:04.0: [80ee:cafe] type 00 class 0x088000
[    0.301444] pci 0000:00:04.0: reg 0x10: [io  0xd040-0xd05f]
[    0.301705] pci 0000:00:04.0: reg 0x14: [mem 0xf0400000-0xf07fffff]
[    0.302315] pci 0000:00:04.0: reg 0x18: [mem 0xf0800000-0xf0803fff pref]
[    0.305630] pci 0000:00:07.0: [8086:7113] type 00 class 0x068000
[    0.306180] pci 0000:00:07.0: quirk: [io  0x4000-0x403f] claimed by PIIX4 ACPI
[    0.306191] pci 0000:00:07.0: quirk: [io  0x4100-0x410f] claimed by PIIX4 SMB
[    0.306777] pci 0000:00:08.0: [1022:2000] type 00 class 0x020000
[    0.307460] pci 0000:00:08.0: reg 0x10: [io  0xd060-0xd07f]
[    0.308071] pci 0000:00:08.0: reg 0x14: [mem 0xf0804000-0xf0804fff]
[    0.312085] pci 0000:00:09.0: [8086:100e] type 00 class 0x020000
[    0.312855] pci 0000:00:09.0: reg 0x10: [mem 0xf0820000-0xf083ffff]
[    0.313703] pci 0000:00:09.0: reg 0x18: [io  0xd080-0xd087]
[    0.322630] ACPI: PCI Interrupt Link [LNKA] (IRQs 5 9 10 *11)
[    0.322913] ACPI: PCI Interrupt Link [LNKB] (IRQs 5 9 *10 11)
[    0.325676] ACPI: PCI Interrupt Link [LNKC] (IRQs 5 *9 10 11)
[    0.325776] ACPI: PCI Interrupt Link [LNKD] (IRQs 5 9 10 *11)
[    0.326042] iommu: Default domain type: Translated 
[    0.326106] pci 0000:00:02.0: vgaarb: setting as boot VGA device
[    0.326108] pci 0000:00:02.0: vgaarb: VGA device added: decodes=io+mem,owns=io+mem,locks=none
[    0.326110] pci 0000:00:02.0: vgaarb: bridge control possible
[    0.326111] vgaarb: loaded
[    0.326318] SCSI subsystem initialized
[    0.326354] libata version 3.00 loaded.
[    0.326376] ACPI: bus type USB registered
[    0.326392] usbcore: registered new interface driver usbfs
[    0.326398] usbcore: registered new interface driver hub
[    0.326403] usbcore: registered new device driver usb
[    0.326432] pps_core: LinuxPPS API ver. 1 registered
[    0.326432] pps_core: Software ver. 5.3.6 - Copyright 2005-2007 Rodolfo Giometti <giometti@linux.it>
[    0.326434] PTP clock support registered
[    0.326468] EDAC MC: Ver: 3.0.0
[    0.326756] PCI: Using ACPI for IRQ routing
[    0.326758] PCI: pci_cache_line_size set to 64 bytes
[    0.326925] e820: reserve RAM buffer [mem 0x0009fc00-0x0009ffff]
[    0.326929] e820: reserve RAM buffer [mem 0x7fff0000-0x7fffffff]
[    0.327713] NetLabel: Initializing
[    0.327714] NetLabel:  domain hash size = 128
[    0.327714] NetLabel:  protocols = UNLABELED CIPSOv4 CALIPSO
[    0.327734] NetLabel:  unlabeled traffic allowed by default
[    0.328656] clocksource: Switched to clocksource kvm-clock
[    0.340116] *** VALIDATE bpf ***
[    0.340182] VFS: Disk quotas dquot_6.6.0
[    0.340195] VFS: Dquot-cache hash table entries: 512 (order 0, 4096 bytes)
[    0.340218] *** VALIDATE ramfs ***
[    0.340221] *** VALIDATE hugetlbfs ***
[    0.340303] AppArmor: AppArmor Filesystem Enabled
[    0.340330] pnp: PnP ACPI init
[    0.340402] pnp 00:00: Plug and Play ACPI device, IDs PNP0303 (active)
[    0.340489] pnp 00:01: Plug and Play ACPI device, IDs PNP0f03 (active)
[    0.341242] pnp: PnP ACPI: found 2 devices
[    0.342250] thermal_sys: Registered thermal governor 'fair_share'
[    0.342251] thermal_sys: Registered thermal governor 'bang_bang'
[    0.342252] thermal_sys: Registered thermal governor 'step_wise'
[    0.342252] thermal_sys: Registered thermal governor 'user_space'
[    0.342253] thermal_sys: Registered thermal governor 'power_allocator'
[    0.346785] clocksource: acpi_pm: mask: 0xffffff max_cycles: 0xffffff, max_idle_ns: 2085701024 ns
[    0.346826] pci_bus 0000:00: resource 4 [io  0x0000-0x0cf7 window]
[    0.346827] pci_bus 0000:00: resource 5 [io  0x0d00-0xffff window]
[    0.346829] pci_bus 0000:00: resource 6 [mem 0x000a0000-0x000bffff window]
[    0.346830] pci_bus 0000:00: resource 7 [mem 0x80000000-0xfdffffff window]
[    0.346888] NET: Registered protocol family 2
[    0.346963] IP idents hash table entries: 32768 (order: 6, 262144 bytes, linear)
[    0.347283] MPTCP tokens hash table entries: 8192 (order: 4, 65536 bytes, linear)
[    0.347283] MPTCP request tokens hash table entries: 8192 (order: 4, 65536 bytes, linear)
[    0.347283] default registered
[    0.347283] default registered
[    0.347283] MPTCP: Stable release v0.96
[    0.347283] tcp_listen_portaddr_hash hash table entries: 1024 (order: 2, 16384 bytes, linear)
[    0.347283] TCP established hash table entries: 16384 (order: 5, 131072 bytes, linear)
[    0.347283] TCP bind hash table entries: 16384 (order: 6, 262144 bytes, linear)
[    0.347283] TCP: Hash tables configured (established 16384 bind 16384)
[    0.348336] UDP hash table entries: 1024 (order: 3, 32768 bytes, linear)
[    0.348347] UDP-Lite hash table entries: 1024 (order: 3, 32768 bytes, linear)
[    0.348385] NET: Registered protocol family 1
[    0.348394] NET: Registered protocol family 44
[    0.348418] pci 0000:00:00.0: Limiting direct PCI/PCI transfers
[    0.348431] pci 0000:00:01.0: Activating ISA DMA hang workarounds
[    0.348490] pci 0000:00:02.0: Video device with shadowed ROM at [mem 0x000c0000-0x000dffff]
[    0.348555] PCI: CLS 0 bytes, default 64
[    0.348604] Trying to unpack rootfs image as initramfs...
[    0.523474] Freeing initrd memory: 47868K
[    0.523474] clocksource: tsc: mask: 0xffffffffffffffff max_cycles: 0x1e4530a99b6, max_idle_ns: 440795257976 ns
[    0.523474] clocksource: Switched to clocksource tsc
[    0.523474] platform rtc_cmos: registered platform RTC device (no PNP device found)
[    0.523474] check: Scanning for low memory corruption every 60 seconds
[    0.523474] Initialise system trusted keyrings
[    0.523474] Key type blacklist registered
[    0.523474] workingset: timestamp_bits=36 max_order=19 bucket_order=0
[    0.523474] zbud: loaded
[    0.523474] squashfs: version 4.0 (2009/01/31) Phillip Lougher
[    0.523474] fuse: init (API version 7.31)
[    0.523474] *** VALIDATE fuse ***
[    0.523474] *** VALIDATE fuse ***
[    0.523474] Platform Keyring initialized
[    0.535867] Key type asymmetric registered
[    0.535868] Asymmetric key parser 'x509' registered
[    0.535878] Block layer SCSI generic (bsg) driver version 0.4 loaded (major 244)
[    0.535914] io scheduler mq-deadline registered
[    0.536036] shpchp: Standard Hot Plug PCI Controller Driver version: 0.4
[    0.536233] ACPI: AC Adapter [AC] (on-line)
[    0.536278] input: Power Button as /devices/LNXSYSTM:00/LNXPWRBN:00/input/input0
[    0.536307] ACPI: Power Button [PWRF]
[    0.536383] input: Sleep Button as /devices/LNXSYSTM:00/LNXSLPBN:00/input/input1
[    0.536398] ACPI: Sleep Button [SLPF]
[    0.536614] Serial: 8250/16550 driver, 32 ports, IRQ sharing enabled
[    0.537818] Linux agpgart interface v0.103
[    0.627204] loop: module loaded
[    0.627354] ata_piix 0000:00:01.1: version 2.13
[    0.627765] scsi host0: ata_piix
[    0.627854] scsi host1: ata_piix
[    0.627879] ata1: PATA max UDMA/33 cmd 0x1f0 ctl 0x3f6 bmdma 0xd000 irq 14
[    0.627880] ata2: PATA max UDMA/33 cmd 0x170 ctl 0x376 bmdma 0xd008 irq 15
[    0.627959] tun: Universal TUN/TAP device driver, 1.6
[    0.628280] PPP generic driver version 2.4.2
[    0.628324] VFIO - User Level meta-driver version: 0.3
[    0.628561] ehci_hcd: USB 2.0 'Enhanced' Host Controller (EHCI) Driver
[    0.628566] ehci-pci: EHCI PCI platform driver
[    0.628581] ehci-platform: EHCI generic platform driver
[    0.628587] ohci_hcd: USB 1.1 'Open' Host Controller (OHCI) Driver
[    0.628589] ohci-pci: OHCI PCI platform driver
[    0.628595] ohci-platform: OHCI generic platform driver
[    0.628600] uhci_hcd: USB Universal Host Controller Interface driver
[    0.628663] i8042: PNP: PS/2 Controller [PNP0303:PS2K,PNP0f03:PS2M] at 0x60,0x64 irq 1,12
[    0.629110] serio: i8042 KBD port at 0x60,0x64 irq 1
[    0.629113] serio: i8042 AUX port at 0x60,0x64 irq 12
[    0.629202] mousedev: PS/2 mouse device common for all mice
[    0.629463] input: AT Translated Set 2 keyboard as /devices/platform/i8042/serio0/input/input2
[    0.629866] rtc_cmos rtc_cmos: registered as rtc0
[    0.629879] rtc_cmos rtc_cmos: alarms up to one day, 114 bytes nvram
[    0.629884] i2c /dev entries driver
[    0.629929] device-mapper: uevent: version 1.0.3
[    0.629971] device-mapper: ioctl: 4.41.0-ioctl (2019-09-16) initialised: dm-devel@redhat.com
[    0.629987] platform eisa.0: Probing EISA bus 0
[    0.629989] platform eisa.0: EISA: Cannot allocate resource for mainboard
[    0.629990] platform eisa.0: Cannot allocate resource for EISA slot 1
[    0.629991] platform eisa.0: Cannot allocate resource for EISA slot 2
[    0.629992] platform eisa.0: Cannot allocate resource for EISA slot 3
[    0.629993] platform eisa.0: Cannot allocate resource for EISA slot 4
[    0.629994] platform eisa.0: Cannot allocate resource for EISA slot 5
[    0.629995] platform eisa.0: Cannot allocate resource for EISA slot 6
[    0.629996] platform eisa.0: Cannot allocate resource for EISA slot 7
[    0.629997] platform eisa.0: Cannot allocate resource for EISA slot 8
[    0.629998] platform eisa.0: EISA: Detected 0 cards
[    0.630001] intel_pstate: CPU model not supported
[    0.630010] ledtrig-cpu: registered to indicate activity on CPUs
[    0.630060] drop_monitor: Initializing network drop monitor service
[    0.630218] NET: Registered protocol family 10
[    0.635336] Segment Routing with IPv6
[    0.635336] fullmesh registered
[    0.635336] ndiffports registered
[    0.635336] binder registered
[    0.635336] roundrobin registered
[    0.635336] redundant registered
[    0.635336] blest registered
[    0.635336] ecf registered
[    0.635336] NET: Registered protocol family 17
[    0.635336] Key type dns_resolver registered
[    0.635336] RAS: Correctable Errors collector initialized.
[    0.635336] IPI shorthand broadcast: enabled
[    0.635336] sched_clock: Marking stable (620170070, 11166411)->(633616425, -2279944)
[    0.635601] registered taskstats version 1
[    0.635610] Loading compiled-in X.509 certificates
[    0.636195] Loaded X.509 cert 'Build time autogenerated kernel key: 6909f3744cebb3d0de528d5887b96a727de79b1e'
[    0.636214] zswap: loaded using pool lzo/zbud
[    0.636267] Key type ._fscrypt registered
[    0.636267] Key type .fscrypt registered
[    0.640703] Key type big_key registered
[    0.642905] Key type encrypted registered
[    0.642907] AppArmor: AppArmor sha1 policy hashing enabled
[    0.642914] ima: No TPM chip found, activating TPM-bypass!
[    0.642918] ima: Allocated hash algorithm: sha1
[    0.642923] ima: No architecture policies found
[    0.642931] evm: Initialising EVM extended attributes:
[    0.642932] evm: security.selinux
[    0.642933] evm: security.SMACK64
[    0.642933] evm: security.SMACK64EXEC
[    0.642934] evm: security.SMACK64TRANSMUTE
[    0.642934] evm: security.SMACK64MMAP
[    0.642935] evm: security.apparmor
[    0.642935] evm: security.ima
[    0.642936] evm: security.capability
[    0.642936] evm: HMAC attrs: 0x1
[    0.643228] PM:   Magic number: 10:272:932
[    0.643343] rtc_cmos rtc_cmos: setting system clock to 2026-01-18T10:54:59 UTC (1768733699)
[    0.800103] ata1.00: ATA-6: VBOX HARDDISK, 1.0, max UDMA/133
[    0.800106] ata1.00: 209715200 sectors, multi 128: LBA 
[    0.800728] scsi 0:0:0:0: Direct-Access     ATA      VBOX HARDDISK    1.0  PQ: 0 ANSI: 5
[    0.800998] sd 0:0:0:0: [sda] 209715200 512-byte logical blocks: (107 GB/100 GiB)
[    0.801010] sd 0:0:0:0: [sda] Write Protect is off
[    0.801013] sd 0:0:0:0: [sda] Mode Sense: 00 3a 00 00
[    0.801032] sd 0:0:0:0: [sda] Write cache: enabled, read cache: enabled, doesn't support DPO or FUA
[    0.801248] sd 0:0:0:0: Attached scsi generic sg0 type 0
[    0.802450]  sda: sda1 sda2
[    0.811536] sd 0:0:0:0: [sda] Attached SCSI disk
[    0.816775] Freeing unused decrypted memory: 2040K
[    0.818143] Freeing unused kernel image memory: 2728K
[    0.818147] Write protecting the kernel read-only data: 22528k
[    0.819639] Freeing unused kernel image memory: 2036K
[    0.820426] Freeing unused kernel image memory: 1432K
[    0.856436] x86/mm: Checked W+X mappings: passed, no W+X pages found.
[    0.856443] Run /init as init process
[    0.965297] ACPI: Video Device [GFX0] (multi-head: yes  rom: no  post: no)
[    0.965368] input: Video Bus as /devices/LNXSYSTM:00/LNXSYBUS:00/PNP0A03:00/LNXVIDEO:00/input/input4
[    0.978115] pcnet32: pcnet32.c:v1.35 21.Apr.2008 tsbogend@alpha.franken.de
[    0.978899] pcnet32: PCnet/FAST III 79C973 at 0xd020, 08:00:27:61:32:c8 assigned IRQ 19
[    0.978942] pcnet32: Found PHY 0022:561b at address 0
[    0.979244] pcnet32: eth0: registered as PCnet/FAST III 79C973
[    0.980420] pcnet32: PCnet/FAST III 79C973 at 0xd060, 08:00:27:13:24:51 assigned IRQ 16
[    0.980462] pcnet32: Found PHY 0022:561b at address 0
[    0.980748] pcnet32: eth1: registered as PCnet/FAST III 79C973
[    0.982295] piix4_smbus 0000:00:07.0: SMBus Host Controller at 0x4100, revision 0
[    0.987471] e1000: Intel(R) PRO/1000 Network Driver - version 7.3.21-k8-NAPI
[    0.987471] e1000: Copyright (c) 1999-2006 Intel Corporation.
[    0.994261] pcnet32: 2 cards_found
[    1.049989] pcnet32 0000:00:08.0 enp0s8: renamed from eth1
[    1.050687] pcnet32 0000:00:03.0 enp0s3: renamed from eth0
[    1.200759] input: ImExPS/2 Generic Explorer Mouse as /devices/platform/i8042/serio1/input/input5
[    1.399462] e1000 0000:00:09.0 eth0: (PCI:33MHz:32-bit) 08:00:27:aa:30:2e
[    1.399466] e1000 0000:00:09.0 eth0: Intel(R) PRO/1000 Network Connection
[    1.400576] e1000 0000:00:09.0 enp0s9: renamed from eth0
[    1.552683] EXT4-fs (sda2): mounted filesystem with ordered data mode. Opts: (null)
[    1.644705] systemd[1]: Inserted module 'autofs4'
[    1.656062] systemd[1]: systemd 245.4-4ubuntu3 running in system mode. (+PAM +AUDIT +SELINUX +IMA +APPARMOR +SMACK +SYSVINIT +UTMP +LIBCRYPTSETUP +GCRYPT +GNUTLS +ACL +XZ +LZ4 +SECCOMP +BLKID +ELFUTILS +KMOD +IDN2 -IDN +PCRE2 default-hierarchy=hybrid)
[    1.656094] systemd[1]: Detected virtualization oracle.
[    1.656098] systemd[1]: Detected architecture x86-64.
[    1.657401] systemd[1]: Set hostname to <ztg>.
[    1.784262] systemd[1]: /lib/systemd/system/dbus.socket:5: ListenStream= references a path below legacy directory /var/run/, updating /var/run/dbus/system_bus_socket â†’ /run/dbus/system_bus_socket; please update the unit file accordingly.
[    1.838387] systemd[1]: Created slice system-modprobe.slice.
[    1.838567] systemd[1]: Created slice User and Session Slice.
[    1.838609] systemd[1]: Started Forward Password Requests to Wall Directory Watch.
[    1.838769] systemd[1]: Set up automount Arbitrary Executable File Formats File System Automount Point.
[    1.838804] systemd[1]: Reached target User and Group Name Lookups.
[    1.838813] systemd[1]: Reached target Remote File Systems.
[    1.838821] systemd[1]: Reached target Slices.
[    1.839435] systemd[1]: Listening on Syslog Socket.
[    1.839503] systemd[1]: Listening on fsck to fsckd communication Socket.
[    1.839542] systemd[1]: Listening on initctl Compatibility Named Pipe.
[    1.839681] systemd[1]: Listening on Journal Audit Socket.
[    1.839733] systemd[1]: Listening on Journal Socket (/dev/log).
[    1.839802] systemd[1]: Listening on Journal Socket.
[    1.839865] systemd[1]: Listening on udev Control Socket.
[    1.839903] systemd[1]: Listening on udev Kernel Socket.
[    1.840637] systemd[1]: Mounting Huge Pages File System...
[    1.841594] systemd[1]: Mounting POSIX Message Queue File System...
[    1.842485] systemd[1]: Mounting Kernel Debug File System...
[    1.843394] systemd[1]: Mounting Kernel Trace File System...
[    1.845590] systemd[1]: Starting Journal Service...
[    1.869909] systemd[1]: Starting Set the console keyboard layout...
[    1.877869] systemd[1]: Starting Create list of static device nodes for the current kernel...
[    1.879755] systemd[1]: Starting Load Kernel Module drm...
[    1.880787] systemd[1]: Condition check resulted in Set Up Additional Binary Formats being skipped.
[    1.880836] systemd[1]: Condition check resulted in File System Check on Root Device being skipped.
[    1.892285] systemd[1]: Starting Load Kernel Modules...
[    1.902613] systemd[1]: Starting Remount Root and Kernel File Systems...
[    1.909551] systemd[1]: Starting udev Coldplug all Devices...
[    1.921155] systemd[1]: Starting Uncomplicated firewall...
[    1.922452] systemd[1]: Mounted Huge Pages File System.
[    1.922539] systemd[1]: Mounted POSIX Message Queue File System.
[    1.922610] systemd[1]: Mounted Kernel Debug File System.
[    1.922678] systemd[1]: Mounted Kernel Trace File System.
[    1.931422] EXT4-fs (sda2): re-mounted. Opts: errors=remount-ro
[    1.933198] systemd[1]: Finished Create list of static device nodes for the current kernel.
[    1.934211] systemd[1]: modprobe@drm.service: Succeeded.
[    1.952486] systemd[1]: Finished Load Kernel Module drm.
[    1.958682] systemd[1]: Finished Remount Root and Kernel File Systems.
[    1.969147] lp: driver loaded but no devices found
[    1.970432] systemd[1]: Finished Uncomplicated firewall.
[    1.987019] systemd[1]: Condition check resulted in Rebuild Hardware Database being skipped.
[    1.987058] systemd[1]: Condition check resulted in Platform Persistent Storage Archival being skipped.
[    1.987764] systemd[1]: Starting Load/Save Random Seed...
[    1.989887] ppdev: user-space parallel port driver
[    1.997490] systemd[1]: Starting Create System Users...
[    2.011434] systemd[1]: Finished Load/Save Random Seed.
[    2.016189] systemd[1]: Finished Create System Users.
[    2.016938] systemd[1]: Starting Create Static Device Nodes in /dev...
[    2.053596] systemd[1]: Finished Create Static Device Nodes in /dev.
[    2.054447] systemd[1]: Starting udev Kernel Device Manager...
[    2.080202] systemd[1]: Finished udev Coldplug all Devices.
[    2.081599] [drm] DMA map mode: Caching DMA mappings.
[    2.081663] [drm] Capabilities:
[    2.081664] [drm]   Rect copy.
[    2.081664] [drm]   Cursor.
[    2.081665] [drm]   Cursor bypass.
[    2.081665] [drm]   Cursor bypass 2.
[    2.081665] [drm]   Alpha cursor.
[    2.081666] [drm]   Extended Fifo.
[    2.081666] [drm]   Pitchlock.
[    2.081666] [drm]   Irq mask.
[    2.081667] [drm]   GMR.
[    2.081667] [drm]   Traces.
[    2.081667] [drm]   GMR2.
[    2.081668] [drm]   Screen Object 2.
[    2.081668] [drm]   Command Buffers.
[    2.081668] [drm]   Command Buffers 2.
[    2.081669] [drm]   Guest Backed Resources.
[    2.081670] [drm] Max GMR ids is 8192
[    2.081670] [drm] Max number of GMR pages is 1048576
[    2.081671] [drm] Max dedicated hypervisor surface memory is 393216 kiB
[    2.081671] [drm] Maximum display memory size is 131072 kiB
[    2.081672] [drm] VRAM at 0xe0000000 size is 131072 kiB
[    2.081673] [drm] MMIO at 0xf0000000 size is 2048 kiB
[    2.083239] [TTM] Zone  kernel: Available graphics memory: 1011738 KiB
[    2.083240] [TTM] Initializing pool allocator
[    2.083244] [TTM] Initializing DMA pool allocator
[    2.083305] [drm] Supports vblank timestamp caching Rev 2 (21.10.2013).
[    2.083306] [drm] No driver support for vblank timestamp query.
[    2.083588] [drm] Screen Target Display device initialized
[    2.083823] [drm] width 720
[    2.083831] [drm] height 400
[    2.083834] [drm] bpp 32
[    2.084350] [drm] Fifo max 0x00200000 min 0x00001000 cap 0x00000355
[    2.085438] [drm] Using command buffers with DMA pool.
[    2.085442] [drm] DX: no.
[    2.085442] [drm] Atomic: yes.
[    2.085443] [drm] SM4_1: no.
[    2.085464] [drm:vmw_host_log [vmwgfx]] *ERROR* Failed to send host log message.
[    2.086341] [drm:vmw_host_log [vmwgfx]] *ERROR* Failed to send host log message.
[    2.102682] fbcon: svgadrmfb (fb0) is primary device
[    2.109050] Console: switching to colour frame buffer device 100x37
[    2.115026] [drm] Initialized vmwgfx 2.15.0 20180704 for 0000:00:02.0 on minor 0
[    2.118376] systemd[1]: Finished Load Kernel Modules.
[    2.119352] systemd[1]: Mounting FUSE Control File System...
[    2.120541] systemd[1]: Mounting Kernel Configuration File System...
[    2.137201] systemd[1]: Starting Apply Kernel Variables...
[    2.153590] systemd[1]: Mounted FUSE Control File System.
[    2.153680] systemd[1]: Condition check resulted in VMware vmblock fuse mount being skipped.
[    2.155959] systemd[1]: Mounted Kernel Configuration File System.
[    2.180136] systemd[1]: Finished Set the console keyboard layout.
[    2.180241] systemd[1]: Reached target Local File Systems (Pre).
[    2.183216] systemd[1]: Mounting Mount unit for bare, revision 5...
[    2.196458] systemd[1]: Mounting Mount unit for core18, revision 1705...
[    2.197736] systemd[1]: Mounting Mount unit for gnome-3-34-1804, revision 24...
[    2.199641] systemd[1]: Mounting Mount unit for gtk-common-themes, revision 1506...
[    2.201555] systemd[1]: Mounting Mount unit for gtk-common-themes, revision 1535...
[    2.213885] systemd[1]: Mounting Mount unit for snap-store, revision 433...
[    2.238484] systemd[1]: Mounting Mount unit for snapd, revision 7264...
[    2.251952] systemd[1]: Finished Apply Kernel Variables.
[    2.252094] systemd[1]: Mounted Mount unit for bare, revision 5.
[    2.265893] systemd[1]: Started udev Kernel Device Manager.
[    2.266614] systemd[1]: Starting Show Plymouth Boot Screen...
[    2.271409] systemd[1]: Received SIGRTMIN+20 from PID 274 (plymouthd).
[    2.274052] systemd[1]: Mounted Mount unit for core18, revision 1705.
[    2.274798] systemd[1]: Mounted Mount unit for gnome-3-34-1804, revision 24.
[    2.309928] systemd[1]: Started Show Plymouth Boot Screen.
[    2.310080] systemd[1]: Condition check resulted in Dispatch Password Requests to Console Directory Watch being skipped.
[    2.310185] systemd[1]: Started Forward Password Requests to Plymouth Directory Watch.
[    2.310220] systemd[1]: Reached target Local Encrypted Volumes.
[    2.328071] systemd[1]: Mounted Mount unit for gtk-common-themes, revision 1535.
[    2.360914] systemd[1]: Mounted Mount unit for gtk-common-themes, revision 1506.
[    2.400201] systemd[1]: Mounted Mount unit for snap-store, revision 433.
[    2.400436] systemd[1]: Mounted Mount unit for snapd, revision 7264.
[    2.400584] systemd[1]: Reached target Local File Systems.
[    2.401436] systemd[1]: Starting Load AppArmor profiles...
[    2.403707] systemd[1]: Starting Set console font and keymap...
[    2.416793] systemd[1]: Starting Tell Plymouth To Write Out Runtime Data...
[    2.418218] systemd[1]: Condition check resulted in Store a System Token in an EFI Variable being skipped.
[    2.418268] systemd[1]: Condition check resulted in Commit a transient machine-id on disk being skipped.
[    2.422162] systemd[1]: Finished Set console font and keymap.
[    2.444236] systemd[1]: Received SIGRTMIN+20 from PID 274 (plymouthd).
[    2.445487] systemd[1]: plymouth-read-write.service: Succeeded.
[    2.445721] systemd[1]: Finished Tell Plymouth To Write Out Runtime Data.
[    2.465345] audit: type=1400 audit(1768733701.316:2): apparmor="STATUS" operation="profile_load" profile="unconfined" name="nvidia_modprobe" pid=301 comm="apparmor_parser"
[    2.465348] audit: type=1400 audit(1768733701.316:3): apparmor="STATUS" operation="profile_load" profile="unconfined" name="nvidia_modprobe//kmod" pid=301 comm="apparmor_parser"
[    2.471681] audit: type=1400 audit(1768733701.324:4): apparmor="STATUS" operation="profile_load" profile="unconfined" name="/usr/sbin/tcpdump" pid=302 comm="apparmor_parser"
[    2.515097] audit: type=1400 audit(1768733701.360:5): apparmor="STATUS" operation="profile_load" profile="unconfined" name="/usr/bin/evince" pid=304 comm="apparmor_parser"
[    2.515100] audit: type=1400 audit(1768733701.360:6): apparmor="STATUS" operation="profile_load" profile="unconfined" name="/usr/bin/evince//sanitized_helper" pid=304 comm="apparmor_parser"
[    2.515101] audit: type=1400 audit(1768733701.360:7): apparmor="STATUS" operation="profile_load" profile="unconfined" name="/usr/bin/evince-previewer" pid=304 comm="apparmor_parser"
[    2.515104] audit: type=1400 audit(1768733701.360:8): apparmor="STATUS" operation="profile_load" profile="unconfined" name="/usr/bin/evince-previewer//sanitized_helper" pid=304 comm="apparmor_parser"
[    2.515106] audit: type=1400 audit(1768733701.360:9): apparmor="STATUS" operation="profile_load" profile="unconfined" name="/usr/bin/evince-thumbnailer" pid=304 comm="apparmor_parser"
[    2.529703] audit: type=1400 audit(1768733701.384:10): apparmor="STATUS" operation="profile_load" profile="unconfined" name="/usr/lib/cups/backend/cups-pdf" pid=305 comm="apparmor_parser"
[    2.607598] systemd[1]: Finished Load AppArmor profiles.
[    2.608522] systemd[1]: Starting Load AppArmor profiles managed internally by snapd...
[    2.674778] systemd[1]: Finished Load AppArmor profiles managed internally by snapd.
[    2.829873] systemd[1]: Started Journal Service.
[    2.836723] systemd-journald[229]: Received client request to flush runtime journal.
[    2.842704] systemd-journald[229]: File /var/log/journal/c455b248004a419c87ce85eea238d727/system.journal corrupted or uncleanly shut down, renaming and replacing.
[    4.151297] RAPL PMU: API unit is 2^-32 Joules, 0 fixed counters, 10737418240 ms ovfl timer
[    4.220404] cryptd: max_cpu_qlen set to 1000
[    4.277633] AVX2 version of gcm_enc/dec engaged.
[    4.277634] AES CTR mode by8 optimization enabled
[    5.058033] Adding 1998844k swap on /dev/sda1.  Priority:-2 extents:1 across:1998844k FS
[    6.783180] kauditd_printk_skb: 30 callbacks suppressed
[    6.783181] audit: type=1400 audit(1768733705.636:41): apparmor="DENIED" operation="capable" profile="/usr/sbin/cups-browsed" pid=495 comm="cups-browsed" capability=23  capname="sys_nice"
[    7.343123] pcnet32 0000:00:03.0 enp0s3: link up, 100Mbps, full-duplex
[    7.356589] pcnet32 0000:00:08.0 enp0s8: link up, 100Mbps, full-duplex
[    7.386411] e1000: enp0s9 NIC Link is Up 1000 Mbps Full Duplex, Flow Control: RX
[    7.386708] IPv6: ADDRCONF(NETDEV_CHANGE): enp0s9: link becomes ready
[    7.827125] device enp0s8 entered promiscuous mode
[    7.855747] device enp0s3 entered promiscuous mode
[    7.888161] audit: type=1400 audit(1768733706.744:42): apparmor="DENIED" operation="open" profile="/usr/sbin/tcpdump" name="/proc/sys/kernel/random/boot_id" pid=662 comm="tcpdump" requested_mask="r" denied_mask="r" fsuid=0 ouid=0
[    7.888373] audit: type=1400 audit(1768733706.744:43): apparmor="DENIED" operation="open" profile="/usr/sbin/tcpdump" name="/proc/sys/kernel/random/boot_id" pid=662 comm="tcpdump" requested_mask="r" denied_mask="r" fsuid=0 ouid=0
[    7.888949] audit: type=1400 audit(1768733706.744:44): apparmor="DENIED" operation="open" profile="/usr/sbin/tcpdump" name="/proc/sys/kernel/random/boot_id" pid=662 comm="tcpdump" requested_mask="r" denied_mask="r" fsuid=0 ouid=0
[    7.888972] audit: type=1400 audit(1768733706.744:45): apparmor="DENIED" operation="open" profile="/usr/sbin/tcpdump" name="/proc/sys/kernel/random/boot_id" pid=662 comm="tcpdump" requested_mask="r" denied_mask="r" fsuid=0 ouid=0
[    7.892772] audit: type=1400 audit(1768733706.744:46): apparmor="DENIED" operation="open" profile="/usr/sbin/tcpdump" name="/proc/sys/kernel/random/boot_id" pid=664 comm="tcpdump" requested_mask="r" denied_mask="r" fsuid=0 ouid=0
[    7.895517] audit: type=1400 audit(1768733706.748:47): apparmor="DENIED" operation="open" profile="/usr/sbin/tcpdump" name="/proc/sys/kernel/random/boot_id" pid=664 comm="tcpdump" requested_mask="r" denied_mask="r" fsuid=0 ouid=0
[    7.895562] audit: type=1400 audit(1768733706.748:48): apparmor="DENIED" operation="open" profile="/usr/sbin/tcpdump" name="/proc/sys/kernel/random/boot_id" pid=664 comm="tcpdump" requested_mask="r" denied_mask="r" fsuid=0 ouid=0
[    7.895717] audit: type=1400 audit(1768733706.748:49): apparmor="DENIED" operation="open" profile="/usr/sbin/tcpdump" name="/proc/sys/kernel/random/boot_id" pid=663 comm="tcpdump" requested_mask="r" denied_mask="r" fsuid=0 ouid=0
[    7.895871] audit: type=1400 audit(1768733706.748:50): apparmor="DENIED" operation="open" profile="/usr/sbin/tcpdump" name="/proc/sys/kernel/random/boot_id" pid=664 comm="tcpdump" requested_mask="r" denied_mask="r" fsuid=0 ouid=0
[   12.689995] rfkill: input handler disabled
[  255.199359] AAAAA-TCP_FORW: name:enp0s8: saddr:100932208: daddr:16783984
[  323.920154] AAAAA-TCP_FORW: name:enp0s8: saddr:100932208: daddr:16783984
[  324.211798] AAAAA-TCP_FORW: name:enp0s8: saddr:100932208: daddr:33561200
[  324.501330] AAAAA-TCP_FORW: name:enp0s8: saddr:100932208: daddr:33561200
[  324.610155] AAAAA-TCP_FORW: name:enp0s8: saddr:100932208: daddr:16783984
[  324.689947] AAAAA-TCP_FORW: name:enp0s8: saddr:100932208: daddr:33561200
[  331.244859] AAAAA-TCP_FORW: name:enp0s8: saddr:100932208: daddr:16783984
[  331.357484] AAAAA-TCP_FORW: name:enp0s8: saddr:100932208: daddr:16783984
[  331.504625] AAAAA-TCP_FORW: name:enp0s8: saddr:100932208: daddr:16783984
[  331.637534] AAAAA-TCP_FORW: name:enp0s8: saddr:100932208: daddr:16783984
[  331.886584] AAAAA-TCP_FORW: name:enp0s8: saddr:100932208: daddr:16783984
[  407.544829] AAAAA-TCP_FORW: name:enp0s8: saddr:100932208: daddr:33561200
[  407.860115] AAAAA-TCP_FORW: name:enp0s8: saddr:100932208: daddr:33561200
[  408.388386] AAAAA-TCP_FORW: name:enp0s8: saddr:100932208: daddr:33561200
[  408.501630] AAAAA-TCP_FORW: name:enp0s8: saddr:100932208: daddr:33561200
[  408.767824] AAAAA-TCP_FORW: name:enp0s8: saddr:100932208: daddr:33561200
[  409.021883] AAAAA-TCP_FORW: name:enp0s8: saddr:100932208: daddr:33561200
[  409.093202] AAAAA-TCP_FORW: name:enp0s8: saddr:100932208: daddr:33561200
[  409.285156] AAAAA-TCP_FORW: name:enp0s8: saddr:100932208: daddr:33561200
[  409.389849] AAAAA-TCP_FORW: name:enp0s8: saddr:100932208: daddr:33561200
[  409.460507] AAAAA-TCP_FORW: name:enp0s8: saddr:100932208: daddr:33561200
[  409.489785] AAAAA-TCP_FORW: name:enp0s8: saddr:100932208: daddr:33561200
[  409.696161] AAAAA-TCP_FORW: name:enp0s8: saddr:100932208: daddr:33561200
[  410.042426] AAAAA-TCP_FORW: name:enp0s8: saddr:100932208: daddr:33561200
[  410.115719] AAAAA-TCP_FORW: name:enp0s8: saddr:100932208: daddr:33561200
[  502.922754] rfkill: input handler enabled
[  511.418286] rfkill: input handler disabled
[  677.532293] device enp0s3 left promiscuous mode
[  677.534359] device enp0s8 left promiscuous mode
