[    0.000000] Linux version 5.4.243-mptcp (root@ztg) (gcc version 12.2.0 (Debian 12.2.0-14+deb12u1)) #53 SMP Wed Dec 24 23:28:15 CST 2025
[    0.000000] Command line: BOOT_IMAGE=/boot/vmlinuz-5.4.243-mptcp root=UUID=98415a12-53b7-4144-8265-0f7ece09e445 ro quiet splash
[    0.000000] KERNEL supported cpus:
[    0.000000]   Intel GenuineIntel
[    0.000000]   AMD AuthenticAMD
[    0.000000]   Hygon HygonGenuine
[    0.000000]   Centaur CentaurHauls
[    0.000000]   zhaoxin   Shanghai  
[    0.000000] x86/fpu: Supporting XSAVE feature 0x001: 'x87 floating point registers'
[    0.000000] x86/fpu: Supporting XSAVE feature 0x002: 'SSE registers'
[    0.000000] x86/fpu: Supporting XSAVE feature 0x004: 'AVX registers'
[    0.000000] x86/fpu: xstate_offset[2]:  576, xstate_sizes[2]:  256
[    0.000000] x86/fpu: Enabled xstate features 0x7, context size is 832 bytes, using 'standard' format.
[    0.000000] BIOS-provided physical RAM map:
[    0.000000] BIOS-e820: [mem 0x0000000000000000-0x000000000009fbff] usable
[    0.000000] BIOS-e820: [mem 0x000000000009fc00-0x000000000009ffff] reserved
[    0.000000] BIOS-e820: [mem 0x00000000000f0000-0x00000000000fffff] reserved
[    0.000000] BIOS-e820: [mem 0x0000000000100000-0x000000007ffeffff] usable
[    0.000000] BIOS-e820: [mem 0x000000007fff0000-0x000000007fffffff] ACPI data
[    0.000000] BIOS-e820: [mem 0x00000000fec00000-0x00000000fec00fff] reserved
[    0.000000] BIOS-e820: [mem 0x00000000fee00000-0x00000000fee00fff] reserved
[    0.000000] BIOS-e820: [mem 0x00000000fffc0000-0x00000000ffffffff] reserved
[    0.000000] NX (Execute Disable) protection: active
[    0.000000] SMBIOS 2.5 present.
[    0.000000] DMI: innotek GmbH VirtualBox/VirtualBox, BIOS VirtualBox 12/01/2006
[    0.000000] Hypervisor detected: KVM
[    0.000000] kvm-clock: Using msrs 4b564d01 and 4b564d00
[    0.000000] kvm-clock: cpu 0, msr 70e01001, primary cpu clock
[    0.000000] kvm-clock: using sched offset of 4543535780 cycles
[    0.000003] clocksource: kvm-clock: mask: 0xffffffffffffffff max_cycles: 0x1cd42e4dffb, max_idle_ns: 881590591483 ns
[    0.000005] tsc: Detected 2100.000 MHz processor
[    0.001900] e820: update [mem 0x00000000-0x00000fff] usable ==> reserved
[    0.001902] e820: remove [mem 0x000a0000-0x000fffff] usable
[    0.001906] last_pfn = 0x7fff0 max_arch_pfn = 0x400000000
[    0.001975] MTRR default type: uncachable
[    0.001976] MTRR fixed ranges enabled:
[    0.001977]   00000-9FFFF write-back
[    0.001978]   A0000-BFFFF uncachable
[    0.001979]   C0000-FFFFF write-protect
[    0.001979] MTRR variable ranges enabled:
[    0.001981]   0 base 000000000000 mask 3FFF80000000 write-back
[    0.001982]   1 disabled
[    0.001982]   2 disabled
[    0.001983]   3 disabled
[    0.001983]   4 disabled
[    0.001984]   5 disabled
[    0.001984]   6 disabled
[    0.001984]   7 disabled
[    0.001985]   8 disabled
[    0.001985]   9 disabled
[    0.001986]   10 disabled
[    0.001986]   11 disabled
[    0.001987]   12 disabled
[    0.001987]   13 disabled
[    0.001987]   14 disabled
[    0.001988]   15 disabled
[    0.002004] x86/PAT: Configuration [0-7]: WB  WC  UC- UC  WB  WP  UC- WT  
[    0.002137] found SMP MP-table at [mem 0x0009fff0-0x0009ffff]
[    0.094285] check: Scanning 1 areas for low memory corruption
[    0.094510] RAMDISK: [mem 0x32271000-0x3512ffff]
[    0.094518] ACPI: Early table checksum verification disabled
[    0.094524] ACPI: RSDP 0x00000000000E0000 000024 (v02 VBOX  )
[    0.094528] ACPI: XSDT 0x000000007FFF0030 00003C (v01 VBOX   VBOXXSDT 00000001 ASL  00000061)
[    0.094534] ACPI: FACP 0x000000007FFF00F0 0000F4 (v04 VBOX   VBOXFACP 00000001 ASL  00000061)
[    0.094541] ACPI: DSDT 0x000000007FFF02E0 002353 (v02 VBOX   VBOXBIOS 00000002 VBOX 00029BF3)
[    0.094545] ACPI: FACS 0x000000007FFF0200 000040
[    0.094549] ACPI: FACS 0x000000007FFF0200 000040
[    0.094552] ACPI: APIC 0x000000007FFF0240 000054 (v02 VBOX   VBOXAPIC 00000001 ASL  00000061)
[    0.094556] ACPI: SSDT 0x000000007FFF02A0 000038 (v01 VBOX   VBOXCPUT 00000002 VBOX 00029BF3)
[    0.094559] ACPI: Reserving FACP table memory at [mem 0x7fff00f0-0x7fff01e3]
[    0.094560] ACPI: Reserving DSDT table memory at [mem 0x7fff02e0-0x7fff2632]
[    0.094561] ACPI: Reserving FACS table memory at [mem 0x7fff0200-0x7fff023f]
[    0.094561] ACPI: Reserving FACS table memory at [mem 0x7fff0200-0x7fff023f]
[    0.094562] ACPI: Reserving APIC table memory at [mem 0x7fff0240-0x7fff0293]
[    0.094563] ACPI: Reserving SSDT table memory at [mem 0x7fff02a0-0x7fff02d7]
[    0.094577] ACPI: Local APIC address 0xfee00000
[    0.094769] No NUMA configuration found
[    0.094770] Faking a node at [mem 0x0000000000000000-0x000000007ffeffff]
[    0.094780] NODE_DATA(0) allocated [mem 0x7ffc5000-0x7ffeffff]
[    0.095063] Zone ranges:
[    0.095064]   DMA      [mem 0x0000000000001000-0x0000000000ffffff]
[    0.095065]   DMA32    [mem 0x0000000001000000-0x000000007ffeffff]
[    0.095066]   Normal   empty
[    0.095067]   Device   empty
[    0.095067] Movable zone start for each node
[    0.095069] Early memory node ranges
[    0.095070]   node   0: [mem 0x0000000000001000-0x000000000009efff]
[    0.095071]   node   0: [mem 0x0000000000100000-0x000000007ffeffff]
[    0.095074] Zeroed struct page in unavailable ranges: 114 pages
[    0.095075] Initmem setup node 0 [mem 0x0000000000001000-0x000000007ffeffff]
[    0.095076] On node 0 totalpages: 524174
[    0.095077]   DMA zone: 64 pages used for memmap
[    0.095078]   DMA zone: 21 pages reserved
[    0.095079]   DMA zone: 3998 pages, LIFO batch:0
[    0.095149]   DMA32 zone: 8128 pages used for memmap
[    0.095150]   DMA32 zone: 520176 pages, LIFO batch:63
[    0.104704] ACPI: PM-Timer IO Port: 0x4008
[    0.104707] ACPI: Local APIC address 0xfee00000
[    0.104774] IOAPIC[0]: apic_id 1, version 32, address 0xfec00000, GSI 0-23
[    0.104778] ACPI: INT_SRC_OVR (bus 0 bus_irq 0 global_irq 2 dfl dfl)
[    0.104780] ACPI: INT_SRC_OVR (bus 0 bus_irq 9 global_irq 9 low level)
[    0.104782] ACPI: IRQ0 used by override.
[    0.104783] ACPI: IRQ9 used by override.
[    0.104785] Using ACPI (MADT) for SMP configuration information
[    0.104792] smpboot: Allowing 1 CPUs, 0 hotplug CPUs
[    0.104814] PM: Registered nosave memory: [mem 0x00000000-0x00000fff]
[    0.104815] PM: Registered nosave memory: [mem 0x0009f000-0x0009ffff]
[    0.104816] PM: Registered nosave memory: [mem 0x000a0000-0x000effff]
[    0.104817] PM: Registered nosave memory: [mem 0x000f0000-0x000fffff]
[    0.104818] [mem 0x80000000-0xfebfffff] available for PCI devices
[    0.104819] Booting paravirtualized kernel on KVM
[    0.104822] clocksource: refined-jiffies: mask: 0xffffffff max_cycles: 0xffffffff, max_idle_ns: 7645519600211568 ns
[    0.104827] setup_percpu: NR_CPUS:8192 nr_cpumask_bits:1 nr_cpu_ids:1 nr_node_ids:1
[    0.105853] percpu: Embedded 60 pages/cpu s208896 r8192 d28672 u2097152
[    0.105859] pcpu-alloc: s208896 r8192 d28672 u2097152 alloc=1*2097152
[    0.105860] pcpu-alloc: [0] 0 
[    0.105888] Built 1 zonelists, mobility grouping on.  Total pages: 515961
[    0.105888] Policy zone: DMA32
[    0.105889] Kernel command line: BOOT_IMAGE=/boot/vmlinuz-5.4.243-mptcp root=UUID=98415a12-53b7-4144-8265-0f7ece09e445 ro quiet splash
[    0.106725] Dentry cache hash table entries: 262144 (order: 9, 2097152 bytes, linear)
[    0.106989] Inode-cache hash table entries: 131072 (order: 8, 1048576 bytes, linear)
[    0.107042] mem auto-init: stack:off, heap alloc:on, heap free:off
[    0.107044] Calgary: detecting Calgary via BIOS EBDA area
[    0.107045] Calgary: Unable to locate Rio Grande table in EBDA - bailing!
[    0.112184] Memory: 1967332K/2096696K available (14339K kernel code, 2398K rwdata, 4712K rodata, 2728K init, 17260K bss, 129364K reserved, 0K cma-reserved)
[    0.113124] SLUB: HWalign=64, Order=0-3, MinObjects=0, CPUs=1, Nodes=1
[    0.113140] ftrace: allocating 43186 entries in 169 pages
[    0.131635] rcu: Hierarchical RCU implementation.
[    0.131637] rcu: 	RCU restricting CPUs from NR_CPUS=8192 to nr_cpu_ids=1.
[    0.131638] 	Tasks RCU enabled.
[    0.131639] rcu: RCU calculated value of scheduler-enlistment delay is 25 jiffies.
[    0.131640] rcu: Adjusting geometry for rcu_fanout_leaf=16, nr_cpu_ids=1
[    0.134659] NR_IRQS: 524544, nr_irqs: 256, preallocated irqs: 16
[    0.134873] random: crng init done
[    0.144187] Console: colour VGA+ 80x25
[    0.144192] printk: console [tty0] enabled
[    0.144217] ACPI: Core revision 20190816
[    0.144322] APIC: Switch to symmetric I/O mode setup
[    0.144586] x2apic enabled
[    0.144821] Switched APIC routing to physical x2apic.
[    0.145950] ..TIMER: vector=0x30 apic1=0 pin1=2 apic2=-1 pin2=-1
[    0.145976] clocksource: tsc-early: mask: 0xffffffffffffffff max_cycles: 0x1e4530a99b6, max_idle_ns: 440795257976 ns
[    0.145982] Calibrating delay loop (skipped) preset value.. 4200.00 BogoMIPS (lpj=8400000)
[    0.145984] pid_max: default: 32768 minimum: 301
[    0.146014] LSM: Security Framework initializing
[    0.146024] Yama: becoming mindful.
[    0.146051] AppArmor: AppArmor initialized
[    0.146084] Mount-cache hash table entries: 4096 (order: 3, 32768 bytes, linear)
[    0.146089] Mountpoint-cache hash table entries: 4096 (order: 3, 32768 bytes, linear)
[    0.146099] *** VALIDATE tmpfs ***
[    0.146226] *** VALIDATE proc ***
[    0.146267] *** VALIDATE cgroup1 ***
[    0.146268] *** VALIDATE cgroup2 ***
[    0.146409] process: using mwait in idle threads
[    0.146414] Last level iTLB entries: 4KB 64, 2MB 8, 4MB 8
[    0.146415] Last level dTLB entries: 4KB 64, 2MB 0, 4MB 0, 1GB 4
[    0.146435] Spectre V1 : Mitigation: usercopy/swapgs barriers and __user pointer sanitization
[    0.146440] Spectre V2 : Mitigation: Retpolines
[    0.146441] Spectre V2 : Spectre v2 / SpectreRSB mitigation: Filling RSB on context switch
[    0.146442] Spectre V2 : Spectre v2 / SpectreRSB : Filling RSB on VMEXIT
[    0.146442] RETBleed: WARNING: Spectre v2 mitigation leaves CPU vulnerable to RETBleed attacks, data leaks possible!
[    0.146805] RETBleed: Vulnerable
[    0.146806] Speculative Store Bypass: Vulnerable
[    0.146811] TAA: Mitigation: TSX disabled
[    0.146812] MMIO Stale Data: Mitigation: Clear CPU buffers
[    0.151170] Freeing SMP alternatives memory: 40K
[    0.263338] smpboot: CPU0: Intel(R) Xeon(R) Silver 4216 CPU @ 2.10GHz (family: 0x6, model: 0x55, stepping: 0x7)
[    0.263489] Performance Events: unsupported p6 CPU model 85 no PMU driver, software events only.
[    0.263530] rcu: Hierarchical SRCU implementation.
[    0.264020] NMI watchdog: Perf NMI watchdog permanently disabled
[    0.264059] smp: Bringing up secondary CPUs ...
[    0.264061] smp: Brought up 1 node, 1 CPU
[    0.264062] smpboot: Max logical packages: 1
[    0.264063] smpboot: Total of 1 processors activated (4200.00 BogoMIPS)
[    0.265097] devtmpfs: initialized
[    0.265145] x86/mm: Memory block size: 128MB
[    0.265495] clocksource: jiffies: mask: 0xffffffff max_cycles: 0xffffffff, max_idle_ns: 7645041785100000 ns
[    0.265501] futex hash table entries: 256 (order: 2, 16384 bytes, linear)
[    0.265546] pinctrl core: initialized pinctrl subsystem
[    0.265649] PM: RTC time: 14:10:28, date: 2026-01-19
[    0.265758] NET: Registered protocol family 16
[    0.265833] audit: initializing netlink subsys (disabled)
[    0.265963] EISA bus registered
[    0.265964] cpuidle: using governor ladder
[    0.265965] cpuidle: using governor menu
[    0.265978] ACPI: bus type PCI registered
[    0.265978] acpiphp: ACPI Hot Plug PCI Controller Driver version: 0.5
[    0.265978] PCI: Using configuration type 1 for base access
[    0.266525] audit: type=2000 audit(1768803035.242:1): state=initialized audit_enabled=0 res=1
[    0.266602] HugeTLB registered 2.00 MiB page size, pre-allocated 0 pages
[    0.267412] ACPI: Added _OSI(Module Device)
[    0.267413] ACPI: Added _OSI(Processor Device)
[    0.267414] ACPI: Added _OSI(3.0 _SCP Extensions)
[    0.267414] ACPI: Added _OSI(Processor Aggregator Device)
[    0.267415] ACPI: Added _OSI(Linux-Dell-Video)
[    0.267416] ACPI: Added _OSI(Linux-Lenovo-NV-HDMI-Audio)
[    0.267417] ACPI: Added _OSI(Linux-HPI-Hybrid-Graphics)
[    0.269397] ACPI: 2 ACPI AML tables successfully acquired and loaded
[    0.270919] ACPI: Interpreter enabled
[    0.270929] ACPI: (supports S0 S5)
[    0.270930] ACPI: Using IOAPIC for interrupt routing
[    0.271135] PCI: Using host bridge windows from ACPI; if necessary, use "pci=nocrs" and report a bug
[    0.271242] ACPI: Enabled 2 GPEs in block 00 to 07
[    0.276130] ACPI: PCI Root Bridge [PCI0] (domain 0000 [bus 00-ff])
[    0.276135] acpi PNP0A03:00: _OSC: OS supports [ASPM ClockPM Segments MSI HPX-Type3]
[    0.276579] acpi PNP0A03:00: _OSC: not requesting OS control; OS requires [ExtendedConfig ASPM ClockPM MSI]
[    0.276587] acpi PNP0A03:00: fail to add MMCONFIG information, can't access extended PCI configuration space under this bridge.
[    0.276968] PCI host bridge to bus 0000:00
[    0.276970] pci_bus 0000:00: root bus resource [io  0x0000-0x0cf7 window]
[    0.276971] pci_bus 0000:00: root bus resource [io  0x0d00-0xffff window]
[    0.276972] pci_bus 0000:00: root bus resource [mem 0x000a0000-0x000bffff window]
[    0.276973] pci_bus 0000:00: root bus resource [mem 0x80000000-0xfdffffff window]
[    0.276974] pci_bus 0000:00: root bus resource [bus 00-ff]
[    0.277014] pci 0000:00:00.0: [8086:1237] type 00 class 0x060000
[    0.277991] pci 0000:00:01.0: [8086:7000] type 00 class 0x060100
[    0.278799] pci 0000:00:01.1: [8086:7111] type 00 class 0x01018a
[    0.279178] pci 0000:00:01.1: reg 0x20: [io  0xd000-0xd00f]
[    0.279336] pci 0000:00:01.1: legacy IDE quirk: reg 0x10: [io  0x01f0-0x01f7]
[    0.279337] pci 0000:00:01.1: legacy IDE quirk: reg 0x14: [io  0x03f6]
[    0.279338] pci 0000:00:01.1: legacy IDE quirk: reg 0x18: [io  0x0170-0x0177]
[    0.279339] pci 0000:00:01.1: legacy IDE quirk: reg 0x1c: [io  0x0376]
[    0.279884] pci 0000:00:02.0: [15ad:0405] type 00 class 0x030000
[    0.282056] pci 0000:00:02.0: reg 0x10: [io  0xd010-0xd01f]
[    0.286025] pci 0000:00:02.0: reg 0x14: [mem 0xe0000000-0xe7ffffff pref]
[    0.288593] pci 0000:00:02.0: reg 0x18: [mem 0xf0000000-0xf01fffff]
[    0.298773] pci 0000:00:03.0: [1022:2000] type 00 class 0x020000
[    0.299455] pci 0000:00:03.0: reg 0x10: [io  0xd020-0xd03f]
[    0.300062] pci 0000:00:03.0: reg 0x14: [mem 0xf0200000-0xf0200fff]
[    0.304509] pci 0000:00:04.0: [80ee:cafe] type 00 class 0x088000
[    0.305178] pci 0000:00:04.0: reg 0x10: [io  0xd040-0xd05f]
[    0.305784] pci 0000:00:04.0: reg 0x14: [mem 0xf0400000-0xf07fffff]
[    0.306097] pci 0000:00:04.0: reg 0x18: [mem 0xf0800000-0xf0803fff pref]
[    0.310418] pci 0000:00:07.0: [8086:7113] type 00 class 0x068000
[    0.310976] pci 0000:00:07.0: quirk: [io  0x4000-0x403f] claimed by PIIX4 ACPI
[    0.310987] pci 0000:00:07.0: quirk: [io  0x4100-0x410f] claimed by PIIX4 SMB
[    0.314037] pci 0000:00:08.0: [8086:100e] type 00 class 0x020000
[    0.314757] pci 0000:00:08.0: reg 0x10: [mem 0xf0820000-0xf083ffff]
[    0.315912] pci 0000:00:08.0: reg 0x18: [io  0xd060-0xd067]
[    0.319037] pci 0000:00:09.0: [8086:100e] type 00 class 0x020000
[    0.319738] pci 0000:00:09.0: reg 0x10: [mem 0xf0840000-0xf085ffff]
[    0.320910] pci 0000:00:09.0: reg 0x18: [io  0xd068-0xd06f]
[    0.330972] ACPI: PCI Interrupt Link [LNKA] (IRQs 5 9 10 *11)
[    0.331256] ACPI: PCI Interrupt Link [LNKB] (IRQs 5 9 *10 11)
[    0.331363] ACPI: PCI Interrupt Link [LNKC] (IRQs 5 *9 10 11)
[    0.331474] ACPI: PCI Interrupt Link [LNKD] (IRQs 5 9 10 *11)
[    0.331746] iommu: Default domain type: Translated 
[    0.331809] pci 0000:00:02.0: vgaarb: setting as boot VGA device
[    0.331811] pci 0000:00:02.0: vgaarb: VGA device added: decodes=io+mem,owns=io+mem,locks=none
[    0.331812] pci 0000:00:02.0: vgaarb: bridge control possible
[    0.331813] vgaarb: loaded
[    0.332028] SCSI subsystem initialized
[    0.332058] libata version 3.00 loaded.
[    0.332082] ACPI: bus type USB registered
[    0.332098] usbcore: registered new interface driver usbfs
[    0.332103] usbcore: registered new interface driver hub
[    0.332109] usbcore: registered new device driver usb
[    0.332134] pps_core: LinuxPPS API ver. 1 registered
[    0.332135] pps_core: Software ver. 5.3.6 - Copyright 2005-2007 Rodolfo Giometti <giometti@linux.it>
[    0.332137] PTP clock support registered
[    0.332172] EDAC MC: Ver: 3.0.0
[    0.332462] PCI: Using ACPI for IRQ routing
[    0.332464] PCI: pci_cache_line_size set to 64 bytes
[    0.332639] e820: reserve RAM buffer [mem 0x0009fc00-0x0009ffff]
[    0.332643] e820: reserve RAM buffer [mem 0x7fff0000-0x7fffffff]
[    0.333994] NetLabel: Initializing
[    0.333995] NetLabel:  domain hash size = 128
[    0.333995] NetLabel:  protocols = UNLABELED CIPSOv4 CALIPSO
[    0.334015] NetLabel:  unlabeled traffic allowed by default
[    0.334924] clocksource: Switched to clocksource kvm-clock
[    0.348577] *** VALIDATE bpf ***
[    0.348643] VFS: Disk quotas dquot_6.6.0
[    0.348656] VFS: Dquot-cache hash table entries: 512 (order 0, 4096 bytes)
[    0.348680] *** VALIDATE ramfs ***
[    0.348683] *** VALIDATE hugetlbfs ***
[    0.348766] AppArmor: AppArmor Filesystem Enabled
[    0.348794] pnp: PnP ACPI init
[    0.348868] pnp 00:00: Plug and Play ACPI device, IDs PNP0303 (active)
[    0.348956] pnp 00:01: Plug and Play ACPI device, IDs PNP0f03 (active)
[    0.349733] pnp: PnP ACPI: found 2 devices
[    0.350729] thermal_sys: Registered thermal governor 'fair_share'
[    0.350730] thermal_sys: Registered thermal governor 'bang_bang'
[    0.350731] thermal_sys: Registered thermal governor 'step_wise'
[    0.350731] thermal_sys: Registered thermal governor 'user_space'
[    0.350732] thermal_sys: Registered thermal governor 'power_allocator'
[    0.355282] clocksource: acpi_pm: mask: 0xffffff max_cycles: 0xffffff, max_idle_ns: 2085701024 ns
[    0.355323] pci_bus 0000:00: resource 4 [io  0x0000-0x0cf7 window]
[    0.355325] pci_bus 0000:00: resource 5 [io  0x0d00-0xffff window]
[    0.355326] pci_bus 0000:00: resource 6 [mem 0x000a0000-0x000bffff window]
[    0.355328] pci_bus 0000:00: resource 7 [mem 0x80000000-0xfdffffff window]
[    0.355387] NET: Registered protocol family 2
[    0.355463] IP idents hash table entries: 32768 (order: 6, 262144 bytes, linear)
[    0.355880] MPTCP tokens hash table entries: 8192 (order: 4, 65536 bytes, linear)
[    0.355900] MPTCP request tokens hash table entries: 8192 (order: 4, 65536 bytes, linear)
[    0.355925] default registered
[    0.355925] default registered
[    0.355926] MPTCP: Stable release v0.96
[    0.355931] tcp_listen_portaddr_hash hash table entries: 1024 (order: 2, 16384 bytes, linear)
[    0.356014] TCP established hash table entries: 16384 (order: 5, 131072 bytes, linear)
[    0.356081] TCP bind hash table entries: 16384 (order: 6, 262144 bytes, linear)
[    0.356106] TCP: Hash tables configured (established 16384 bind 16384)
[    0.356827] UDP hash table entries: 1024 (order: 3, 32768 bytes, linear)
[    0.356839] UDP-Lite hash table entries: 1024 (order: 3, 32768 bytes, linear)
[    0.356872] NET: Registered protocol family 1
[    0.356880] NET: Registered protocol family 44
[    0.356900] pci 0000:00:00.0: Limiting direct PCI/PCI transfers
[    0.356916] pci 0000:00:01.0: Activating ISA DMA hang workarounds
[    0.356973] pci 0000:00:02.0: Video device with shadowed ROM at [mem 0x000c0000-0x000dffff]
[    0.357039] PCI: CLS 0 bytes, default 64
[    0.357087] Trying to unpack rootfs image as initramfs...
[    0.531432] Freeing initrd memory: 47868K
[    0.531432] clocksource: tsc: mask: 0xffffffffffffffff max_cycles: 0x1e4530a99b6, max_idle_ns: 440795257976 ns
[    0.531432] clocksource: Switched to clocksource tsc
[    0.531432] platform rtc_cmos: registered platform RTC device (no PNP device found)
[    0.531432] check: Scanning for low memory corruption every 60 seconds
[    0.531432] Initialise system trusted keyrings
[    0.531432] Key type blacklist registered
[    0.531432] workingset: timestamp_bits=36 max_order=19 bucket_order=0
[    0.531432] zbud: loaded
[    0.531432] squashfs: version 4.0 (2009/01/31) Phillip Lougher
[    0.531432] fuse: init (API version 7.31)
[    0.531432] *** VALIDATE fuse ***
[    0.531432] *** VALIDATE fuse ***
[    0.531432] Platform Keyring initialized
[    0.546183] Key type asymmetric registered
[    0.546185] Asymmetric key parser 'x509' registered
[    0.546202] Block layer SCSI generic (bsg) driver version 0.4 loaded (major 244)
[    0.546261] io scheduler mq-deadline registered
[    0.546459] shpchp: Standard Hot Plug PCI Controller Driver version: 0.4
[    0.546786] ACPI: AC Adapter [AC] (on-line)
[    0.546860] input: Power Button as /devices/LNXSYSTM:00/LNXPWRBN:00/input/input0
[    0.546905] ACPI: Power Button [PWRF]
[    0.547062] input: Sleep Button as /devices/LNXSYSTM:00/LNXSLPBN:00/input/input1
[    0.547088] ACPI: Sleep Button [SLPF]
[    0.547469] Serial: 8250/16550 driver, 32 ports, IRQ sharing enabled
[    0.548749] Linux agpgart interface v0.103
[    0.643168] loop: module loaded
[    0.643365] ata_piix 0000:00:01.1: version 2.13
[    0.643872] scsi host0: ata_piix
[    0.643984] scsi host1: ata_piix
[    0.644016] ata1: PATA max UDMA/33 cmd 0x1f0 ctl 0x3f6 bmdma 0xd000 irq 14
[    0.644017] ata2: PATA max UDMA/33 cmd 0x170 ctl 0x376 bmdma 0xd008 irq 15
[    0.644114] tun: Universal TUN/TAP device driver, 1.6
[    0.644471] PPP generic driver version 2.4.2
[    0.644523] VFIO - User Level meta-driver version: 0.3
[    0.644794] ehci_hcd: USB 2.0 'Enhanced' Host Controller (EHCI) Driver
[    0.644800] ehci-pci: EHCI PCI platform driver
[    0.644819] ehci-platform: EHCI generic platform driver
[    0.644825] ohci_hcd: USB 1.1 'Open' Host Controller (OHCI) Driver
[    0.644828] ohci-pci: OHCI PCI platform driver
[    0.644836] ohci-platform: OHCI generic platform driver
[    0.644841] uhci_hcd: USB Universal Host Controller Interface driver
[    0.644919] i8042: PNP: PS/2 Controller [PNP0303:PS2K,PNP0f03:PS2M] at 0x60,0x64 irq 1,12
[    0.645441] serio: i8042 KBD port at 0x60,0x64 irq 1
[    0.645446] serio: i8042 AUX port at 0x60,0x64 irq 12
[    0.645550] mousedev: PS/2 mouse device common for all mice
[    0.645856] input: AT Translated Set 2 keyboard as /devices/platform/i8042/serio0/input/input2
[    0.646328] rtc_cmos rtc_cmos: registered as rtc0
[    0.646344] rtc_cmos rtc_cmos: alarms up to one day, 114 bytes nvram
[    0.646351] i2c /dev entries driver
[    0.646401] device-mapper: uevent: version 1.0.3
[    0.646455] device-mapper: ioctl: 4.41.0-ioctl (2019-09-16) initialised: dm-devel@redhat.com
[    0.646474] platform eisa.0: Probing EISA bus 0
[    0.646475] platform eisa.0: EISA: Cannot allocate resource for mainboard
[    0.646477] platform eisa.0: Cannot allocate resource for EISA slot 1
[    0.646478] platform eisa.0: Cannot allocate resource for EISA slot 2
[    0.646479] platform eisa.0: Cannot allocate resource for EISA slot 3
[    0.646481] platform eisa.0: Cannot allocate resource for EISA slot 4
[    0.646482] platform eisa.0: Cannot allocate resource for EISA slot 5
[    0.646483] platform eisa.0: Cannot allocate resource for EISA slot 6
[    0.646484] platform eisa.0: Cannot allocate resource for EISA slot 7
[    0.646485] platform eisa.0: Cannot allocate resource for EISA slot 8
[    0.646486] platform eisa.0: EISA: Detected 0 cards
[    0.646489] intel_pstate: CPU model not supported
[    0.646502] ledtrig-cpu: registered to indicate activity on CPUs
[    0.646569] drop_monitor: Initializing network drop monitor service
[    0.646762] NET: Registered protocol family 10
[    0.651376] Segment Routing with IPv6
[    0.651376] fullmesh registered
[    0.651376] ndiffports registered
[    0.651376] binder registered
[    0.651376] roundrobin registered
[    0.651376] redundant registered
[    0.651376] blest registered
[    0.651376] ecf registered
[    0.651376] NET: Registered protocol family 17
[    0.651376] Key type dns_resolver registered
[    0.651376] RAS: Correctable Errors collector initialized.
[    0.651376] IPI shorthand broadcast: enabled
[    0.651376] sched_clock: Marking stable (636261776, 11114888)->(648138538, -761874)
[    0.653388] registered taskstats version 1
[    0.653399] Loading compiled-in X.509 certificates
[    0.654184] Loaded X.509 cert 'Build time autogenerated kernel key: 6909f3744cebb3d0de528d5887b96a727de79b1e'
[    0.654205] zswap: loaded using pool lzo/zbud
[    0.654268] Key type ._fscrypt registered
[    0.654268] Key type .fscrypt registered
[    0.659798] Key type big_key registered
[    0.662455] Key type encrypted registered
[    0.662458] AppArmor: AppArmor sha1 policy hashing enabled
[    0.662467] ima: No TPM chip found, activating TPM-bypass!
[    0.662473] ima: Allocated hash algorithm: sha1
[    0.662479] ima: No architecture policies found
[    0.662490] evm: Initialising EVM extended attributes:
[    0.662491] evm: security.selinux
[    0.662492] evm: security.SMACK64
[    0.662492] evm: security.SMACK64EXEC
[    0.662493] evm: security.SMACK64TRANSMUTE
[    0.662493] evm: security.SMACK64MMAP
[    0.662494] evm: security.apparmor
[    0.662494] evm: security.ima
[    0.662495] evm: security.capability
[    0.662496] evm: HMAC attrs: 0x1
[    0.662834] PM:   Magic number: 10:497:182
[    0.663055] rtc_cmos rtc_cmos: setting system clock to 2026-01-19T14:10:29 UTC (1768831829)
[    0.816620] ata1.00: ATA-6: VBOX HARDDISK, 1.0, max UDMA/133
[    0.816622] ata1.00: 209715200 sectors, multi 128: LBA 
[    0.817101] scsi 0:0:0:0: Direct-Access     ATA      VBOX HARDDISK    1.0  PQ: 0 ANSI: 5
[    0.817309] sd 0:0:0:0: [sda] 209715200 512-byte logical blocks: (107 GB/100 GiB)
[    0.817318] sd 0:0:0:0: [sda] Write Protect is off
[    0.817320] sd 0:0:0:0: [sda] Mode Sense: 00 3a 00 00
[    0.817334] sd 0:0:0:0: [sda] Write cache: enabled, read cache: enabled, doesn't support DPO or FUA
[    0.817566] sd 0:0:0:0: Attached scsi generic sg0 type 0
[    0.818187]  sda: sda1 sda2
[    0.827245] sd 0:0:0:0: [sda] Attached SCSI disk
[    0.829400] Freeing unused decrypted memory: 2040K
[    0.830169] Freeing unused kernel image memory: 2728K
[    0.830171] Write protecting the kernel read-only data: 22528k
[    0.830920] Freeing unused kernel image memory: 2036K
[    0.831329] Freeing unused kernel image memory: 1432K
[    0.844262] x86/mm: Checked W+X mappings: passed, no W+X pages found.
[    0.844265] Run /init as init process
[    0.947550] ACPI: Video Device [GFX0] (multi-head: yes  rom: no  post: no)
[    0.947626] input: Video Bus as /devices/LNXSYSTM:00/LNXSYBUS:00/PNP0A03:00/LNXVIDEO:00/input/input4
[    0.959421] pcnet32: pcnet32.c:v1.35 21.Apr.2008 tsbogend@alpha.franken.de
[    0.961181] piix4_smbus 0000:00:07.0: SMBus Host Controller at 0x4100, revision 0
[    0.965362] e1000: Intel(R) PRO/1000 Network Driver - version 7.3.21-k8-NAPI
[    0.965363] e1000: Copyright (c) 1999-2006 Intel Corporation.
[    0.969893] pcnet32: PCnet/FAST III 79C973 at 0xd020, 08:00:27:fc:e3:fd assigned IRQ 19
[    0.969939] pcnet32: Found PHY 0022:561b at address 0
[    0.970241] pcnet32: eth0: registered as PCnet/FAST III 79C973
[    0.979769] pcnet32: 1 cards_found
[    1.037915] pcnet32 0000:00:03.0 enp0s3: renamed from eth0
[    1.187892] input: ImExPS/2 Generic Explorer Mouse as /devices/platform/i8042/serio1/input/input5
[    1.379573] e1000 0000:00:08.0 eth0: (PCI:33MHz:32-bit) 08:00:27:5b:0c:d3
[    1.379578] e1000 0000:00:08.0 eth0: Intel(R) PRO/1000 Network Connection
[    1.755522] e1000 0000:00:09.0 eth1: (PCI:33MHz:32-bit) 08:00:27:80:ef:aa
[    1.755525] e1000 0000:00:09.0 eth1: Intel(R) PRO/1000 Network Connection
[    1.756697] e1000 0000:00:09.0 enp0s9: renamed from eth1
[    1.758522] e1000 0000:00:08.0 enp0s8: renamed from eth0
[    1.910887] EXT4-fs (sda2): mounted filesystem with ordered data mode. Opts: (null)
[    1.998676] systemd[1]: Inserted module 'autofs4'
[    2.008968] systemd[1]: systemd 245.4-4ubuntu3 running in system mode. (+PAM +AUDIT +SELINUX +IMA +APPARMOR +SMACK +SYSVINIT +UTMP +LIBCRYPTSETUP +GCRYPT +GNUTLS +ACL +XZ +LZ4 +SECCOMP +BLKID +ELFUTILS +KMOD +IDN2 -IDN +PCRE2 default-hierarchy=hybrid)
[    2.008999] systemd[1]: Detected virtualization oracle.
[    2.009003] systemd[1]: Detected architecture x86-64.
[    2.010297] systemd[1]: Set hostname to <ztg>.
[    2.136810] systemd[1]: /lib/systemd/system/dbus.socket:5: ListenStream= references a path below legacy directory /var/run/, updating /var/run/dbus/system_bus_socket â†’ /run/dbus/system_bus_socket; please update the unit file accordingly.
[    2.190157] systemd[1]: Created slice system-modprobe.slice.
[    2.190339] systemd[1]: Created slice User and Session Slice.
[    2.190384] systemd[1]: Started Forward Password Requests to Wall Directory Watch.
[    2.190545] systemd[1]: Set up automount Arbitrary Executable File Formats File System Automount Point.
[    2.190580] systemd[1]: Reached target User and Group Name Lookups.
[    2.190588] systemd[1]: Reached target Remote File Systems.
[    2.190596] systemd[1]: Reached target Slices.
[    2.191102] systemd[1]: Listening on Syslog Socket.
[    2.191233] systemd[1]: Listening on fsck to fsckd communication Socket.
[    2.191275] systemd[1]: Listening on initctl Compatibility Named Pipe.
[    2.191413] systemd[1]: Listening on Journal Audit Socket.
[    2.191464] systemd[1]: Listening on Journal Socket (/dev/log).
[    2.191534] systemd[1]: Listening on Journal Socket.
[    2.191597] systemd[1]: Listening on udev Control Socket.
[    2.191637] systemd[1]: Listening on udev Kernel Socket.
[    2.192403] systemd[1]: Mounting Huge Pages File System...
[    2.193320] systemd[1]: Mounting POSIX Message Queue File System...
[    2.194182] systemd[1]: Mounting Kernel Debug File System...
[    2.195014] systemd[1]: Mounting Kernel Trace File System...
[    2.196985] systemd[1]: Starting Journal Service...
[    2.221002] systemd[1]: Starting Set the console keyboard layout...
[    2.229064] systemd[1]: Starting Create list of static device nodes for the current kernel...
[    2.231000] systemd[1]: Starting Load Kernel Module drm...
[    2.235822] systemd[1]: Condition check resulted in Set Up Additional Binary Formats being skipped.
[    2.240054] systemd[1]: Condition check resulted in File System Check on Root Device being skipped.
[    2.242759] systemd[1]: Starting Load Kernel Modules...
[    2.250958] systemd[1]: Starting Remount Root and Kernel File Systems...
[    2.261665] systemd[1]: Starting udev Coldplug all Devices...
[    2.268439] systemd[1]: Starting Uncomplicated firewall...
[    2.269901] systemd[1]: Mounted Huge Pages File System.
[    2.269999] systemd[1]: Mounted POSIX Message Queue File System.
[    2.270083] systemd[1]: Mounted Kernel Debug File System.
[    2.270155] systemd[1]: Mounted Kernel Trace File System.
[    2.275210] EXT4-fs (sda2): re-mounted. Opts: errors=remount-ro
[    2.282486] systemd[1]: Finished Create list of static device nodes for the current kernel.
[    2.305178] systemd[1]: modprobe@drm.service: Succeeded.
[    2.305424] systemd[1]: Finished Load Kernel Module drm.
[    2.306880] systemd[1]: Finished Remount Root and Kernel File Systems.
[    2.327020] systemd[1]: Finished Uncomplicated firewall.
[    2.343761] lp: driver loaded but no devices found
[    2.345537] systemd[1]: Condition check resulted in Rebuild Hardware Database being skipped.
[    2.345582] systemd[1]: Condition check resulted in Platform Persistent Storage Archival being skipped.
[    2.346311] systemd[1]: Starting Load/Save Random Seed...
[    2.353035] systemd[1]: Starting Create System Users...
[    2.358121] ppdev: user-space parallel port driver
[    2.366490] systemd[1]: Finished Load/Save Random Seed.
[    2.371032] systemd[1]: Finished Create System Users.
[    2.371978] systemd[1]: Starting Create Static Device Nodes in /dev...
[    2.389068] systemd[1]: Finished Create Static Device Nodes in /dev.
[    2.389850] systemd[1]: Starting udev Kernel Device Manager...
[    2.423978] systemd[1]: Finished udev Coldplug all Devices.
[    2.427029] [drm] DMA map mode: Caching DMA mappings.
[    2.427110] [drm] Capabilities:
[    2.427110] [drm]   Rect copy.
[    2.427111] [drm]   Cursor.
[    2.427111] [drm]   Cursor bypass.
[    2.427112] [drm]   Cursor bypass 2.
[    2.427112] [drm]   Alpha cursor.
[    2.427112] [drm]   Extended Fifo.
[    2.427113] [drm]   Pitchlock.
[    2.427113] [drm]   Irq mask.
[    2.427113] [drm]   GMR.
[    2.427114] [drm]   Traces.
[    2.427114] [drm]   GMR2.
[    2.427115] [drm]   Screen Object 2.
[    2.427115] [drm]   Command Buffers.
[    2.427115] [drm]   Command Buffers 2.
[    2.427116] [drm]   Guest Backed Resources.
[    2.427117] [drm] Max GMR ids is 8192
[    2.427117] [drm] Max number of GMR pages is 1048576
[    2.427118] [drm] Max dedicated hypervisor surface memory is 393216 kiB
[    2.427118] [drm] Maximum display memory size is 131072 kiB
[    2.427119] [drm] VRAM at 0xe0000000 size is 131072 kiB
[    2.427120] [drm] MMIO at 0xf0000000 size is 2048 kiB
[    2.446409] [TTM] Zone  kernel: Available graphics memory: 1011738 KiB
[    2.446410] [TTM] Initializing pool allocator
[    2.446414] [TTM] Initializing DMA pool allocator
[    2.446444] [drm] Supports vblank timestamp caching Rev 2 (21.10.2013).
[    2.446444] [drm] No driver support for vblank timestamp query.
[    2.446682] [drm] Screen Target Display device initialized
[    2.446929] [drm] width 720
[    2.446946] [drm] height 400
[    2.446950] [drm] bpp 32
[    2.447497] [drm] Fifo max 0x00200000 min 0x00001000 cap 0x00000355
[    2.449475] [drm] Using command buffers with DMA pool.
[    2.449481] [drm] DX: no.
[    2.449482] [drm] Atomic: yes.
[    2.449482] [drm] SM4_1: no.
[    2.449504] [drm:vmw_host_log [vmwgfx]] *ERROR* Failed to send host log message.
[    2.450423] [drm:vmw_host_log [vmwgfx]] *ERROR* Failed to send host log message.
[    2.461352] fbcon: svgadrmfb (fb0) is primary device
[    2.465594] Console: switching to colour frame buffer device 100x37
[    2.472663] [drm] Initialized vmwgfx 2.15.0 20180704 for 0000:00:02.0 on minor 0
[    2.473661] systemd[1]: Finished Load Kernel Modules.
[    2.474604] systemd[1]: Mounting FUSE Control File System...
[    2.476103] systemd[1]: Mounting Kernel Configuration File System...
[    2.487966] systemd[1]: Starting Apply Kernel Variables...
[    2.501629] systemd[1]: Mounted FUSE Control File System.
[    2.501710] systemd[1]: Condition check resulted in VMware vmblock fuse mount being skipped.
[    2.507762] systemd[1]: Mounted Kernel Configuration File System.
[    2.531730] systemd[1]: Finished Apply Kernel Variables.
[    2.539905] systemd[1]: Finished Set the console keyboard layout.
[    2.539989] systemd[1]: Reached target Local File Systems (Pre).
[    2.542441] systemd[1]: Mounting Mount unit for bare, revision 5...
[    2.548212] systemd[1]: Mounting Mount unit for core18, revision 1705...
[    2.553112] systemd[1]: Mounting Mount unit for gnome-3-34-1804, revision 24...
[    2.585227] systemd[1]: Mounting Mount unit for gtk-common-themes, revision 1506...
[    2.591863] systemd[1]: Mounting Mount unit for gtk-common-themes, revision 1535...
[    2.599896] systemd[1]: Mounting Mount unit for snap-store, revision 433...
[    2.611568] systemd[1]: Mounting Mount unit for snapd, revision 25935...
[    2.614671] systemd[1]: Started udev Kernel Device Manager.
[    2.614819] systemd[1]: Mounted Mount unit for bare, revision 5.
[    2.631550] systemd[1]: Starting Show Plymouth Boot Screen...
[    2.632055] systemd[1]: Received SIGRTMIN+20 from PID 277 (plymouthd).
[    2.649825] systemd[1]: Started Show Plymouth Boot Screen.
[    2.649973] systemd[1]: Condition check resulted in Dispatch Password Requests to Console Directory Watch being skipped.
[    2.650053] systemd[1]: Started Forward Password Requests to Plymouth Directory Watch.
[    2.650086] systemd[1]: Reached target Local Encrypted Volumes.
[    2.685747] systemd[1]: Mounted Mount unit for gnome-3-34-1804, revision 24.
[    2.721338] systemd[1]: Mounted Mount unit for core18, revision 1705.
[    2.721604] systemd[1]: Mounted Mount unit for gtk-common-themes, revision 1506.
[    2.754125] systemd[1]: Mounted Mount unit for gtk-common-themes, revision 1535.
[    2.801570] systemd[1]: Mounted Mount unit for snap-store, revision 433.
[    2.803618] systemd[1]: Mounted Mount unit for snapd, revision 25935.
[    2.803781] systemd[1]: Reached target Local File Systems.
[    2.804766] systemd[1]: Starting Load AppArmor profiles...
[    2.822585] systemd[1]: Starting Set console font and keymap...
[    2.827063] systemd[1]: Starting Tell Plymouth To Write Out Runtime Data...
[    2.832741] systemd[1]: Condition check resulted in Store a System Token in an EFI Variable being skipped.
[    2.832772] systemd[1]: Condition check resulted in Commit a transient machine-id on disk being skipped.
[    2.836671] systemd[1]: Finished Set console font and keymap.
[    2.841160] systemd[1]: Received SIGRTMIN+20 from PID 277 (plymouthd).
[    2.843120] systemd[1]: plymouth-read-write.service: Succeeded.
[    2.843399] systemd[1]: Finished Tell Plymouth To Write Out Runtime Data.
[    2.880361] audit: type=1400 audit(1768831831.716:2): apparmor="STATUS" operation="profile_load" profile="unconfined" name="nvidia_modprobe" pid=299 comm="apparmor_parser"
[    2.880364] audit: type=1400 audit(1768831831.716:3): apparmor="STATUS" operation="profile_load" profile="unconfined" name="nvidia_modprobe//kmod" pid=299 comm="apparmor_parser"
[    2.886893] audit: type=1400 audit(1768831831.720:4): apparmor="STATUS" operation="profile_load" profile="unconfined" name="/usr/sbin/tcpdump" pid=300 comm="apparmor_parser"
[    2.940099] audit: type=1400 audit(1768831831.768:5): apparmor="STATUS" operation="profile_load" profile="unconfined" name="/usr/bin/evince" pid=302 comm="apparmor_parser"
[    2.940101] audit: type=1400 audit(1768831831.768:6): apparmor="STATUS" operation="profile_load" profile="unconfined" name="/usr/bin/evince//sanitized_helper" pid=302 comm="apparmor_parser"
[    2.940103] audit: type=1400 audit(1768831831.768:7): apparmor="STATUS" operation="profile_load" profile="unconfined" name="/usr/bin/evince-previewer" pid=302 comm="apparmor_parser"
[    2.940104] audit: type=1400 audit(1768831831.768:8): apparmor="STATUS" operation="profile_load" profile="unconfined" name="/usr/bin/evince-previewer//sanitized_helper" pid=302 comm="apparmor_parser"
[    2.940106] audit: type=1400 audit(1768831831.768:9): apparmor="STATUS" operation="profile_load" profile="unconfined" name="/usr/bin/evince-thumbnailer" pid=302 comm="apparmor_parser"
[    2.948079] audit: type=1400 audit(1768831831.780:10): apparmor="STATUS" operation="profile_load" profile="unconfined" name="/usr/lib/cups/backend/cups-pdf" pid=303 comm="apparmor_parser"
[    3.026353] systemd[1]: Finished Load AppArmor profiles.
[    3.027313] systemd[1]: Starting Load AppArmor profiles managed internally by snapd...
[    3.131584] systemd[1]: Finished Load AppArmor profiles managed internally by snapd.
[    3.214137] systemd[1]: Started Journal Service.
[    3.221785] systemd-journald[229]: Received client request to flush runtime journal.
[    3.224158] systemd-journald[229]: File /var/log/journal/c455b248004a419c87ce85eea238d727/system.journal corrupted or uncleanly shut down, renaming and replacing.
[    4.554090] RAPL PMU: API unit is 2^-32 Joules, 0 fixed counters, 10737418240 ms ovfl timer
[    4.629332] cryptd: max_cpu_qlen set to 1000
[    4.676949] AVX2 version of gcm_enc/dec engaged.
[    4.676950] AES CTR mode by8 optimization enabled
[    6.473504] Adding 1998844k swap on /dev/sda1.  Priority:-2 extents:1 across:1998844k FS
[    8.255828] kauditd_printk_skb: 30 callbacks suppressed
[    8.255829] audit: type=1400 audit(1768831837.088:41): apparmor="DENIED" operation="capable" profile="/usr/sbin/cups-browsed" pid=509 comm="cups-browsed" capability=23  capname="sys_nice"
[    9.060945] pcnet32 0000:00:03.0 enp0s3: link up, 100Mbps, full-duplex
[    9.106251] e1000: enp0s8 NIC Link is Up 1000 Mbps Full Duplex, Flow Control: RX
[    9.106557] IPv6: ADDRCONF(NETDEV_CHANGE): enp0s8: link becomes ready
[    9.130537] e1000: enp0s9 NIC Link is Up 1000 Mbps Full Duplex, Flow Control: RX
[    9.130832] IPv6: ADDRCONF(NETDEV_CHANGE): enp0s9: link becomes ready
[    9.788124] device enp0s3 entered promiscuous mode
[    9.844544] audit: type=1400 audit(1768831838.676:42): apparmor="DENIED" operation="open" profile="/usr/sbin/tcpdump" name="/proc/sys/kernel/random/boot_id" pid=680 comm="tcpdump" requested_mask="r" denied_mask="r" fsuid=0 ouid=0
[    9.845187] audit: type=1400 audit(1768831838.676:43): apparmor="DENIED" operation="open" profile="/usr/sbin/tcpdump" name="/proc/sys/kernel/random/boot_id" pid=680 comm="tcpdump" requested_mask="r" denied_mask="r" fsuid=0 ouid=0
[    9.845357] audit: type=1400 audit(1768831838.676:44): apparmor="DENIED" operation="open" profile="/usr/sbin/tcpdump" name="/proc/sys/kernel/random/boot_id" pid=680 comm="tcpdump" requested_mask="r" denied_mask="r" fsuid=0 ouid=0
[    9.845555] audit: type=1400 audit(1768831838.676:45): apparmor="DENIED" operation="open" profile="/usr/sbin/tcpdump" name="/proc/sys/kernel/random/boot_id" pid=680 comm="tcpdump" requested_mask="r" denied_mask="r" fsuid=0 ouid=0
[    9.862564] audit: type=1400 audit(1768831838.696:46): apparmor="DENIED" operation="open" profile="/usr/sbin/tcpdump" name="/proc/sys/kernel/random/boot_id" pid=681 comm="tcpdump" requested_mask="r" denied_mask="r" fsuid=0 ouid=0
[    9.874539] audit: type=1400 audit(1768831838.708:47): apparmor="DENIED" operation="open" profile="/usr/sbin/tcpdump" name="/proc/sys/kernel/random/boot_id" pid=681 comm="tcpdump" requested_mask="r" denied_mask="r" fsuid=0 ouid=0
[    9.874667] audit: type=1400 audit(1768831838.708:48): apparmor="DENIED" operation="open" profile="/usr/sbin/tcpdump" name="/proc/sys/kernel/random/boot_id" pid=681 comm="tcpdump" requested_mask="r" denied_mask="r" fsuid=0 ouid=0
[    9.875199] audit: type=1400 audit(1768831838.708:49): apparmor="DENIED" operation="open" profile="/usr/sbin/tcpdump" name="/proc/sys/kernel/random/boot_id" pid=681 comm="tcpdump" requested_mask="r" denied_mask="r" fsuid=0 ouid=0
[   15.872158] rfkill: input handler disabled
[  503.041799] rfkill: input handler enabled
[  512.355687] rfkill: input handler disabled
[  697.158691] device enp0s3 left promiscuous mode
