[    0.000000] Linux version 5.4.243-mptcp (root@ztg) (gcc version 12.2.0 (Debian 12.2.0-14+deb12u1)) #53 SMP Wed Dec 24 23:28:15 CST 2025
[    0.000000] Command line: BOOT_IMAGE=/boot/vmlinuz-5.4.243-mptcp root=UUID=98415a12-53b7-4144-8265-0f7ece09e445 ro quiet splash
[    0.000000] KERNEL supported cpus:
[    0.000000]   Intel GenuineIntel
[    0.000000]   AMD AuthenticAMD
[    0.000000]   Hygon HygonGenuine
[    0.000000]   Centaur CentaurHauls
[    0.000000]   zhaoxin   Shanghai  
[    0.000000] x86/fpu: Supporting XSAVE feature 0x001: 'x87 floating point registers'
[    0.000000] x86/fpu: Supporting XSAVE feature 0x002: 'SSE registers'
[    0.000000] x86/fpu: Supporting XSAVE feature 0x004: 'AVX registers'
[    0.000000] x86/fpu: xstate_offset[2]:  576, xstate_sizes[2]:  256
[    0.000000] x86/fpu: Enabled xstate features 0x7, context size is 832 bytes, using 'standard' format.
[    0.000000] BIOS-provided physical RAM map:
[    0.000000] BIOS-e820: [mem 0x0000000000000000-0x000000000009fbff] usable
[    0.000000] BIOS-e820: [mem 0x000000000009fc00-0x000000000009ffff] reserved
[    0.000000] BIOS-e820: [mem 0x00000000000f0000-0x00000000000fffff] reserved
[    0.000000] BIOS-e820: [mem 0x0000000000100000-0x000000007ffeffff] usable
[    0.000000] BIOS-e820: [mem 0x000000007fff0000-0x000000007fffffff] ACPI data
[    0.000000] BIOS-e820: [mem 0x00000000fec00000-0x00000000fec00fff] reserved
[    0.000000] BIOS-e820: [mem 0x00000000fee00000-0x00000000fee00fff] reserved
[    0.000000] BIOS-e820: [mem 0x00000000fffc0000-0x00000000ffffffff] reserved
[    0.000000] NX (Execute Disable) protection: active
[    0.000000] SMBIOS 2.5 present.
[    0.000000] DMI: innotek GmbH VirtualBox/VirtualBox, BIOS VirtualBox 12/01/2006
[    0.000000] Hypervisor detected: KVM
[    0.000000] kvm-clock: Using msrs 4b564d01 and 4b564d00
[    0.000000] kvm-clock: cpu 0, msr 2aa01001, primary cpu clock
[    0.000000] kvm-clock: using sched offset of 4470959964 cycles
[    0.000003] clocksource: kvm-clock: mask: 0xffffffffffffffff max_cycles: 0x1cd42e4dffb, max_idle_ns: 881590591483 ns
[    0.000006] tsc: Detected 2100.000 MHz processor
[    0.001869] e820: update [mem 0x00000000-0x00000fff] usable ==> reserved
[    0.001871] e820: remove [mem 0x000a0000-0x000fffff] usable
[    0.001876] last_pfn = 0x7fff0 max_arch_pfn = 0x400000000
[    0.001943] MTRR default type: uncachable
[    0.001944] MTRR fixed ranges enabled:
[    0.001945]   00000-9FFFF write-back
[    0.001946]   A0000-BFFFF uncachable
[    0.001947]   C0000-FFFFF write-protect
[    0.001948] MTRR variable ranges enabled:
[    0.001949]   0 base 000000000000 mask 3FFF80000000 write-back
[    0.001950]   1 disabled
[    0.001950]   2 disabled
[    0.001951]   3 disabled
[    0.001951]   4 disabled
[    0.001952]   5 disabled
[    0.001952]   6 disabled
[    0.001952]   7 disabled
[    0.001953]   8 disabled
[    0.001953]   9 disabled
[    0.001954]   10 disabled
[    0.001954]   11 disabled
[    0.001954]   12 disabled
[    0.001955]   13 disabled
[    0.001955]   14 disabled
[    0.001956]   15 disabled
[    0.001972] x86/PAT: Configuration [0-7]: WB  WC  UC- UC  WB  WP  UC- WT  
[    0.002104] found SMP MP-table at [mem 0x0009fff0-0x0009ffff]
[    0.092953] check: Scanning 1 areas for low memory corruption
[    0.093204] RAMDISK: [mem 0x32271000-0x3512ffff]
[    0.093212] ACPI: Early table checksum verification disabled
[    0.093217] ACPI: RSDP 0x00000000000E0000 000024 (v02 VBOX  )
[    0.093222] ACPI: XSDT 0x000000007FFF0030 00003C (v01 VBOX   VBOXXSDT 00000001 ASL  00000061)
[    0.093228] ACPI: FACP 0x000000007FFF00F0 0000F4 (v04 VBOX   VBOXFACP 00000001 ASL  00000061)
[    0.093234] ACPI: DSDT 0x000000007FFF02E0 002353 (v02 VBOX   VBOXBIOS 00000002 VBOX 00029BF3)
[    0.093238] ACPI: FACS 0x000000007FFF0200 000040
[    0.093241] ACPI: FACS 0x000000007FFF0200 000040
[    0.093245] ACPI: APIC 0x000000007FFF0240 000054 (v02 VBOX   VBOXAPIC 00000001 ASL  00000061)
[    0.093248] ACPI: SSDT 0x000000007FFF02A0 000038 (v01 VBOX   VBOXCPUT 00000002 VBOX 00029BF3)
[    0.093252] ACPI: Reserving FACP table memory at [mem 0x7fff00f0-0x7fff01e3]
[    0.093252] ACPI: Reserving DSDT table memory at [mem 0x7fff02e0-0x7fff2632]
[    0.093253] ACPI: Reserving FACS table memory at [mem 0x7fff0200-0x7fff023f]
[    0.093254] ACPI: Reserving FACS table memory at [mem 0x7fff0200-0x7fff023f]
[    0.093254] ACPI: Reserving APIC table memory at [mem 0x7fff0240-0x7fff0293]
[    0.093255] ACPI: Reserving SSDT table memory at [mem 0x7fff02a0-0x7fff02d7]
[    0.093270] ACPI: Local APIC address 0xfee00000
[    0.093455] No NUMA configuration found
[    0.093456] Faking a node at [mem 0x0000000000000000-0x000000007ffeffff]
[    0.093466] NODE_DATA(0) allocated [mem 0x7ffc5000-0x7ffeffff]
[    0.093726] Zone ranges:
[    0.093727]   DMA      [mem 0x0000000000001000-0x0000000000ffffff]
[    0.093729]   DMA32    [mem 0x0000000001000000-0x000000007ffeffff]
[    0.093729]   Normal   empty
[    0.093730]   Device   empty
[    0.093731] Movable zone start for each node
[    0.093733] Early memory node ranges
[    0.093733]   node   0: [mem 0x0000000000001000-0x000000000009efff]
[    0.093734]   node   0: [mem 0x0000000000100000-0x000000007ffeffff]
[    0.093738] Zeroed struct page in unavailable ranges: 114 pages
[    0.093739] Initmem setup node 0 [mem 0x0000000000001000-0x000000007ffeffff]
[    0.093740] On node 0 totalpages: 524174
[    0.093741]   DMA zone: 64 pages used for memmap
[    0.093742]   DMA zone: 21 pages reserved
[    0.093743]   DMA zone: 3998 pages, LIFO batch:0
[    0.093814]   DMA32 zone: 8128 pages used for memmap
[    0.093814]   DMA32 zone: 520176 pages, LIFO batch:63
[    0.103181] ACPI: PM-Timer IO Port: 0x4008
[    0.103184] ACPI: Local APIC address 0xfee00000
[    0.103249] IOAPIC[0]: apic_id 1, version 32, address 0xfec00000, GSI 0-23
[    0.103253] ACPI: INT_SRC_OVR (bus 0 bus_irq 0 global_irq 2 dfl dfl)
[    0.103254] ACPI: INT_SRC_OVR (bus 0 bus_irq 9 global_irq 9 low level)
[    0.103256] ACPI: IRQ0 used by override.
[    0.103257] ACPI: IRQ9 used by override.
[    0.103260] Using ACPI (MADT) for SMP configuration information
[    0.103266] smpboot: Allowing 1 CPUs, 0 hotplug CPUs
[    0.103289] PM: Registered nosave memory: [mem 0x00000000-0x00000fff]
[    0.103290] PM: Registered nosave memory: [mem 0x0009f000-0x0009ffff]
[    0.103290] PM: Registered nosave memory: [mem 0x000a0000-0x000effff]
[    0.103291] PM: Registered nosave memory: [mem 0x000f0000-0x000fffff]
[    0.103293] [mem 0x80000000-0xfebfffff] available for PCI devices
[    0.103294] Booting paravirtualized kernel on KVM
[    0.103296] clocksource: refined-jiffies: mask: 0xffffffff max_cycles: 0xffffffff, max_idle_ns: 7645519600211568 ns
[    0.103301] setup_percpu: NR_CPUS:8192 nr_cpumask_bits:1 nr_cpu_ids:1 nr_node_ids:1
[    0.104326] percpu: Embedded 60 pages/cpu s208896 r8192 d28672 u2097152
[    0.104332] pcpu-alloc: s208896 r8192 d28672 u2097152 alloc=1*2097152
[    0.104332] pcpu-alloc: [0] 0 
[    0.104360] Built 1 zonelists, mobility grouping on.  Total pages: 515961
[    0.104361] Policy zone: DMA32
[    0.104362] Kernel command line: BOOT_IMAGE=/boot/vmlinuz-5.4.243-mptcp root=UUID=98415a12-53b7-4144-8265-0f7ece09e445 ro quiet splash
[    0.105228] Dentry cache hash table entries: 262144 (order: 9, 2097152 bytes, linear)
[    0.105376] Inode-cache hash table entries: 131072 (order: 8, 1048576 bytes, linear)
[    0.105426] mem auto-init: stack:off, heap alloc:on, heap free:off
[    0.105429] Calgary: detecting Calgary via BIOS EBDA area
[    0.105430] Calgary: Unable to locate Rio Grande table in EBDA - bailing!
[    0.110204] Memory: 1967332K/2096696K available (14339K kernel code, 2398K rwdata, 4712K rodata, 2728K init, 17260K bss, 129364K reserved, 0K cma-reserved)
[    0.111118] SLUB: HWalign=64, Order=0-3, MinObjects=0, CPUs=1, Nodes=1
[    0.111134] ftrace: allocating 43186 entries in 169 pages
[    0.129181] rcu: Hierarchical RCU implementation.
[    0.129183] rcu: 	RCU restricting CPUs from NR_CPUS=8192 to nr_cpu_ids=1.
[    0.129184] 	Tasks RCU enabled.
[    0.129185] rcu: RCU calculated value of scheduler-enlistment delay is 25 jiffies.
[    0.129186] rcu: Adjusting geometry for rcu_fanout_leaf=16, nr_cpu_ids=1
[    0.132133] NR_IRQS: 524544, nr_irqs: 256, preallocated irqs: 16
[    0.132343] random: crng init done
[    0.141615] Console: colour VGA+ 80x25
[    0.141620] printk: console [tty0] enabled
[    0.141639] ACPI: Core revision 20190816
[    0.141733] APIC: Switch to symmetric I/O mode setup
[    0.141979] x2apic enabled
[    0.142217] Switched APIC routing to physical x2apic.
[    0.143344] ..TIMER: vector=0x30 apic1=0 pin1=2 apic2=-1 pin2=-1
[    0.143368] clocksource: tsc-early: mask: 0xffffffffffffffff max_cycles: 0x1e4530a99b6, max_idle_ns: 440795257976 ns
[    0.143373] Calibrating delay loop (skipped) preset value.. 4200.00 BogoMIPS (lpj=8400000)
[    0.143376] pid_max: default: 32768 minimum: 301
[    0.143403] LSM: Security Framework initializing
[    0.143412] Yama: becoming mindful.
[    0.143438] AppArmor: AppArmor initialized
[    0.143473] Mount-cache hash table entries: 4096 (order: 3, 32768 bytes, linear)
[    0.143477] Mountpoint-cache hash table entries: 4096 (order: 3, 32768 bytes, linear)
[    0.143487] *** VALIDATE tmpfs ***
[    0.143614] *** VALIDATE proc ***
[    0.143655] *** VALIDATE cgroup1 ***
[    0.143656] *** VALIDATE cgroup2 ***
[    0.143795] process: using mwait in idle threads
[    0.143800] Last level iTLB entries: 4KB 64, 2MB 8, 4MB 8
[    0.143801] Last level dTLB entries: 4KB 64, 2MB 0, 4MB 0, 1GB 4
[    0.143821] Spectre V1 : Mitigation: usercopy/swapgs barriers and __user pointer sanitization
[    0.143826] Spectre V2 : Mitigation: Retpolines
[    0.143827] Spectre V2 : Spectre v2 / SpectreRSB mitigation: Filling RSB on context switch
[    0.143828] Spectre V2 : Spectre v2 / SpectreRSB : Filling RSB on VMEXIT
[    0.143828] RETBleed: WARNING: Spectre v2 mitigation leaves CPU vulnerable to RETBleed attacks, data leaks possible!
[    0.144182] RETBleed: Vulnerable
[    0.144182] Speculative Store Bypass: Vulnerable
[    0.144186] TAA: Mitigation: TSX disabled
[    0.144187] MMIO Stale Data: Mitigation: Clear CPU buffers
[    0.148413] Freeing SMP alternatives memory: 40K
[    0.260360] smpboot: CPU0: Intel(R) Xeon(R) Silver 4216 CPU @ 2.10GHz (family: 0x6, model: 0x55, stepping: 0x7)
[    0.260500] Performance Events: unsupported p6 CPU model 85 no PMU driver, software events only.
[    0.260537] rcu: Hierarchical SRCU implementation.
[    0.261019] NMI watchdog: Perf NMI watchdog permanently disabled
[    0.261058] smp: Bringing up secondary CPUs ...
[    0.261059] smp: Brought up 1 node, 1 CPU
[    0.261060] smpboot: Max logical packages: 1
[    0.261061] smpboot: Total of 1 processors activated (4200.00 BogoMIPS)
[    0.262031] devtmpfs: initialized
[    0.262077] x86/mm: Memory block size: 128MB
[    0.262441] clocksource: jiffies: mask: 0xffffffff max_cycles: 0xffffffff, max_idle_ns: 7645041785100000 ns
[    0.262447] futex hash table entries: 256 (order: 2, 16384 bytes, linear)
[    0.262490] pinctrl core: initialized pinctrl subsystem
[    0.262591] PM: RTC time: 11:00:56, date: 2026-01-17
[    0.262698] NET: Registered protocol family 16
[    0.262772] audit: initializing netlink subsys (disabled)
[    0.262896] EISA bus registered
[    0.262897] cpuidle: using governor ladder
[    0.262898] cpuidle: using governor menu
[    0.262934] ACPI: bus type PCI registered
[    0.262935] acpiphp: ACPI Hot Plug PCI Controller Driver version: 0.5
[    0.263038] PCI: Using configuration type 1 for base access
[    0.263680] audit: type=2000 audit(1768618862.390:1): state=initialized audit_enabled=0 res=1
[    0.263757] HugeTLB registered 2.00 MiB page size, pre-allocated 0 pages
[    0.264566] ACPI: Added _OSI(Module Device)
[    0.264567] ACPI: Added _OSI(Processor Device)
[    0.264567] ACPI: Added _OSI(3.0 _SCP Extensions)
[    0.264568] ACPI: Added _OSI(Processor Aggregator Device)
[    0.264569] ACPI: Added _OSI(Linux-Dell-Video)
[    0.264570] ACPI: Added _OSI(Linux-Lenovo-NV-HDMI-Audio)
[    0.264571] ACPI: Added _OSI(Linux-HPI-Hybrid-Graphics)
[    0.266534] ACPI: 2 ACPI AML tables successfully acquired and loaded
[    0.268149] ACPI: Interpreter enabled
[    0.268159] ACPI: (supports S0 S5)
[    0.268160] ACPI: Using IOAPIC for interrupt routing
[    0.268365] PCI: Using host bridge windows from ACPI; if necessary, use "pci=nocrs" and report a bug
[    0.268470] ACPI: Enabled 2 GPEs in block 00 to 07
[    0.273283] ACPI: PCI Root Bridge [PCI0] (domain 0000 [bus 00-ff])
[    0.273288] acpi PNP0A03:00: _OSC: OS supports [ASPM ClockPM Segments MSI HPX-Type3]
[    0.273730] acpi PNP0A03:00: _OSC: not requesting OS control; OS requires [ExtendedConfig ASPM ClockPM MSI]
[    0.273737] acpi PNP0A03:00: fail to add MMCONFIG information, can't access extended PCI configuration space under this bridge.
[    0.274104] PCI host bridge to bus 0000:00
[    0.274106] pci_bus 0000:00: root bus resource [io  0x0000-0x0cf7 window]
[    0.274107] pci_bus 0000:00: root bus resource [io  0x0d00-0xffff window]
[    0.274108] pci_bus 0000:00: root bus resource [mem 0x000a0000-0x000bffff window]
[    0.274109] pci_bus 0000:00: root bus resource [mem 0x80000000-0xfdffffff window]
[    0.274111] pci_bus 0000:00: root bus resource [bus 00-ff]
[    0.274151] pci 0000:00:00.0: [8086:1237] type 00 class 0x060000
[    0.275079] pci 0000:00:01.0: [8086:7000] type 00 class 0x060100
[    0.275952] pci 0000:00:01.1: [8086:7111] type 00 class 0x01018a
[    0.276383] pci 0000:00:01.1: reg 0x20: [io  0xd000-0xd00f]
[    0.276563] pci 0000:00:01.1: legacy IDE quirk: reg 0x10: [io  0x01f0-0x01f7]
[    0.276564] pci 0000:00:01.1: legacy IDE quirk: reg 0x14: [io  0x03f6]
[    0.276565] pci 0000:00:01.1: legacy IDE quirk: reg 0x18: [io  0x0170-0x0177]
[    0.276566] pci 0000:00:01.1: legacy IDE quirk: reg 0x1c: [io  0x0376]
[    0.277142] pci 0000:00:02.0: [15ad:0405] type 00 class 0x030000
[    0.279452] pci 0000:00:02.0: reg 0x10: [io  0xd010-0xd01f]
[    0.282563] pci 0000:00:02.0: reg 0x14: [mem 0xe0000000-0xe7ffffff pref]
[    0.283418] pci 0000:00:02.0: reg 0x18: [mem 0xf0000000-0xf01fffff]
[    0.298217] pci 0000:00:03.0: [1022:2000] type 00 class 0x020000
[    0.299518] pci 0000:00:03.0: reg 0x10: [io  0xd020-0xd03f]
[    0.300126] pci 0000:00:03.0: reg 0x14: [mem 0xf0200000-0xf0200fff]
[    0.303831] pci 0000:00:04.0: [80ee:cafe] type 00 class 0x088000
[    0.304494] pci 0000:00:04.0: reg 0x10: [io  0xd040-0xd05f]
[    0.305102] pci 0000:00:04.0: reg 0x14: [mem 0xf0400000-0xf07fffff]
[    0.305721] pci 0000:00:04.0: reg 0x18: [mem 0xf0800000-0xf0803fff pref]
[    0.309220] pci 0000:00:07.0: [8086:7113] type 00 class 0x068000
[    0.309780] pci 0000:00:07.0: quirk: [io  0x4000-0x403f] claimed by PIIX4 ACPI
[    0.309793] pci 0000:00:07.0: quirk: [io  0x4100-0x410f] claimed by PIIX4 SMB
[    0.310396] pci 0000:00:08.0: [8086:100e] type 00 class 0x020000
[    0.311098] pci 0000:00:08.0: reg 0x10: [mem 0xf0820000-0xf083ffff]
[    0.312042] pci 0000:00:08.0: reg 0x18: [io  0xd060-0xd067]
[    0.315257] pci 0000:00:09.0: [8086:100e] type 00 class 0x020000
[    0.315985] pci 0000:00:09.0: reg 0x10: [mem 0xf0840000-0xf085ffff]
[    0.317148] pci 0000:00:09.0: reg 0x18: [io  0xd068-0xd06f]
[    0.328243] ACPI: PCI Interrupt Link [LNKA] (IRQs 5 9 10 *11)
[    0.328522] ACPI: PCI Interrupt Link [LNKB] (IRQs 5 9 *10 11)
[    0.328627] ACPI: PCI Interrupt Link [LNKC] (IRQs 5 *9 10 11)
[    0.328726] ACPI: PCI Interrupt Link [LNKD] (IRQs 5 9 10 *11)
[    0.328984] iommu: Default domain type: Translated 
[    0.329045] pci 0000:00:02.0: vgaarb: setting as boot VGA device
[    0.329047] pci 0000:00:02.0: vgaarb: VGA device added: decodes=io+mem,owns=io+mem,locks=none
[    0.329049] pci 0000:00:02.0: vgaarb: bridge control possible
[    0.329050] vgaarb: loaded
[    0.329260] SCSI subsystem initialized
[    0.329290] libata version 3.00 loaded.
[    0.329315] ACPI: bus type USB registered
[    0.329330] usbcore: registered new interface driver usbfs
[    0.329336] usbcore: registered new interface driver hub
[    0.329341] usbcore: registered new device driver usb
[    0.329369] pps_core: LinuxPPS API ver. 1 registered
[    0.329370] pps_core: Software ver. 5.3.6 - Copyright 2005-2007 Rodolfo Giometti <giometti@linux.it>
[    0.329372] PTP clock support registered
[    0.329406] EDAC MC: Ver: 3.0.0
[    0.329695] PCI: Using ACPI for IRQ routing
[    0.329696] PCI: pci_cache_line_size set to 64 bytes
[    0.329870] e820: reserve RAM buffer [mem 0x0009fc00-0x0009ffff]
[    0.329874] e820: reserve RAM buffer [mem 0x7fff0000-0x7fffffff]
[    0.330668] NetLabel: Initializing
[    0.330668] NetLabel:  domain hash size = 128
[    0.330669] NetLabel:  protocols = UNLABELED CIPSOv4 CALIPSO
[    0.330689] NetLabel:  unlabeled traffic allowed by default
[    0.331612] clocksource: Switched to clocksource kvm-clock
[    0.345807] *** VALIDATE bpf ***
[    0.345869] VFS: Disk quotas dquot_6.6.0
[    0.345881] VFS: Dquot-cache hash table entries: 512 (order 0, 4096 bytes)
[    0.345903] *** VALIDATE ramfs ***
[    0.345906] *** VALIDATE hugetlbfs ***
[    0.345984] AppArmor: AppArmor Filesystem Enabled
[    0.346008] pnp: PnP ACPI init
[    0.346074] pnp 00:00: Plug and Play ACPI device, IDs PNP0303 (active)
[    0.346141] pnp 00:01: Plug and Play ACPI device, IDs PNP0f03 (active)
[    0.346872] pnp: PnP ACPI: found 2 devices
[    0.347077] thermal_sys: Registered thermal governor 'fair_share'
[    0.347077] thermal_sys: Registered thermal governor 'bang_bang'
[    0.347077] thermal_sys: Registered thermal governor 'step_wise'
[    0.347077] thermal_sys: Registered thermal governor 'user_space'
[    0.347077] thermal_sys: Registered thermal governor 'power_allocator'
[    0.352387] clocksource: acpi_pm: mask: 0xffffff max_cycles: 0xffffff, max_idle_ns: 2085701024 ns
[    0.352426] pci_bus 0000:00: resource 4 [io  0x0000-0x0cf7 window]
[    0.352428] pci_bus 0000:00: resource 5 [io  0x0d00-0xffff window]
[    0.352429] pci_bus 0000:00: resource 6 [mem 0x000a0000-0x000bffff window]
[    0.352430] pci_bus 0000:00: resource 7 [mem 0x80000000-0xfdffffff window]
[    0.352487] NET: Registered protocol family 2
[    0.352563] IP idents hash table entries: 32768 (order: 6, 262144 bytes, linear)
[    0.352969] MPTCP tokens hash table entries: 8192 (order: 4, 65536 bytes, linear)
[    0.352989] MPTCP request tokens hash table entries: 8192 (order: 4, 65536 bytes, linear)
[    0.353014] default registered
[    0.353015] default registered
[    0.353015] MPTCP: Stable release v0.96
[    0.353020] tcp_listen_portaddr_hash hash table entries: 1024 (order: 2, 16384 bytes, linear)
[    0.353100] TCP established hash table entries: 16384 (order: 5, 131072 bytes, linear)
[    0.353165] TCP bind hash table entries: 16384 (order: 6, 262144 bytes, linear)
[    0.353191] TCP: Hash tables configured (established 16384 bind 16384)
[    0.353880] UDP hash table entries: 1024 (order: 3, 32768 bytes, linear)
[    0.353891] UDP-Lite hash table entries: 1024 (order: 3, 32768 bytes, linear)
[    0.353925] NET: Registered protocol family 1
[    0.353934] NET: Registered protocol family 44
[    0.353953] pci 0000:00:00.0: Limiting direct PCI/PCI transfers
[    0.353965] pci 0000:00:01.0: Activating ISA DMA hang workarounds
[    0.354020] pci 0000:00:02.0: Video device with shadowed ROM at [mem 0x000c0000-0x000dffff]
[    0.354084] PCI: CLS 0 bytes, default 64
[    0.354128] Trying to unpack rootfs image as initramfs...
[    0.527204] Freeing initrd memory: 47868K
[    0.527204] clocksource: tsc: mask: 0xffffffffffffffff max_cycles: 0x1e4530a99b6, max_idle_ns: 440795257976 ns
[    0.527204] clocksource: Switched to clocksource tsc
[    0.527204] platform rtc_cmos: registered platform RTC device (no PNP device found)
[    0.527204] check: Scanning for low memory corruption every 60 seconds
[    0.527204] Initialise system trusted keyrings
[    0.527204] Key type blacklist registered
[    0.527204] workingset: timestamp_bits=36 max_order=19 bucket_order=0
[    0.527204] zbud: loaded
[    0.527204] squashfs: version 4.0 (2009/01/31) Phillip Lougher
[    0.527204] fuse: init (API version 7.31)
[    0.527204] *** VALIDATE fuse ***
[    0.527204] *** VALIDATE fuse ***
[    0.527204] Platform Keyring initialized
[    0.527204] Key type asymmetric registered
[    0.527204] Asymmetric key parser 'x509' registered
[    0.527204] Block layer SCSI generic (bsg) driver version 0.4 loaded (major 244)
[    0.527204] io scheduler mq-deadline registered
[    0.527204] shpchp: Standard Hot Plug PCI Controller Driver version: 0.4
[    0.536676] ACPI: AC Adapter [AC] (on-line)
[    0.536723] input: Power Button as /devices/LNXSYSTM:00/LNXPWRBN:00/input/input0
[    0.536750] ACPI: Power Button [PWRF]
[    0.536829] input: Sleep Button as /devices/LNXSYSTM:00/LNXSLPBN:00/input/input1
[    0.536845] ACPI: Sleep Button [SLPF]
[    0.537068] Serial: 8250/16550 driver, 32 ports, IRQ sharing enabled
[    0.538251] Linux agpgart interface v0.103
[    0.627072] loop: module loaded
[    0.627204] ata_piix 0000:00:01.1: version 2.13
[    0.627589] scsi host0: ata_piix
[    0.627676] scsi host1: ata_piix
[    0.627702] ata1: PATA max UDMA/33 cmd 0x1f0 ctl 0x3f6 bmdma 0xd000 irq 14
[    0.627703] ata2: PATA max UDMA/33 cmd 0x170 ctl 0x376 bmdma 0xd008 irq 15
[    0.627777] tun: Universal TUN/TAP device driver, 1.6
[    0.628071] PPP generic driver version 2.4.2
[    0.628113] VFIO - User Level meta-driver version: 0.3
[    0.628340] ehci_hcd: USB 2.0 'Enhanced' Host Controller (EHCI) Driver
[    0.628345] ehci-pci: EHCI PCI platform driver
[    0.628357] ehci-platform: EHCI generic platform driver
[    0.628362] ohci_hcd: USB 1.1 'Open' Host Controller (OHCI) Driver
[    0.628364] ohci-pci: OHCI PCI platform driver
[    0.628371] ohci-platform: OHCI generic platform driver
[    0.628375] uhci_hcd: USB Universal Host Controller Interface driver
[    0.628436] i8042: PNP: PS/2 Controller [PNP0303:PS2K,PNP0f03:PS2M] at 0x60,0x64 irq 1,12
[    0.628867] serio: i8042 KBD port at 0x60,0x64 irq 1
[    0.628870] serio: i8042 AUX port at 0x60,0x64 irq 12
[    0.628952] mousedev: PS/2 mouse device common for all mice
[    0.629193] input: AT Translated Set 2 keyboard as /devices/platform/i8042/serio0/input/input2
[    0.629584] rtc_cmos rtc_cmos: registered as rtc0
[    0.629598] rtc_cmos rtc_cmos: alarms up to one day, 114 bytes nvram
[    0.629603] i2c /dev entries driver
[    0.629642] device-mapper: uevent: version 1.0.3
[    0.629684] device-mapper: ioctl: 4.41.0-ioctl (2019-09-16) initialised: dm-devel@redhat.com
[    0.629699] platform eisa.0: Probing EISA bus 0
[    0.629700] platform eisa.0: EISA: Cannot allocate resource for mainboard
[    0.629702] platform eisa.0: Cannot allocate resource for EISA slot 1
[    0.629703] platform eisa.0: Cannot allocate resource for EISA slot 2
[    0.629704] platform eisa.0: Cannot allocate resource for EISA slot 3
[    0.629705] platform eisa.0: Cannot allocate resource for EISA slot 4
[    0.629706] platform eisa.0: Cannot allocate resource for EISA slot 5
[    0.629706] platform eisa.0: Cannot allocate resource for EISA slot 6
[    0.629707] platform eisa.0: Cannot allocate resource for EISA slot 7
[    0.629708] platform eisa.0: Cannot allocate resource for EISA slot 8
[    0.629709] platform eisa.0: EISA: Detected 0 cards
[    0.629712] intel_pstate: CPU model not supported
[    0.629720] ledtrig-cpu: registered to indicate activity on CPUs
[    0.629769] drop_monitor: Initializing network drop monitor service
[    0.629925] NET: Registered protocol family 10
[    0.634976] Segment Routing with IPv6
[    0.635004] fullmesh registered
[    0.635005] ndiffports registered
[    0.635007] binder registered
[    0.635007] roundrobin registered
[    0.635008] redundant registered
[    0.635008] blest registered
[    0.635009] ecf registered
[    0.635010] NET: Registered protocol family 17
[    0.635038] Key type dns_resolver registered
[    0.635132] RAS: Correctable Errors collector initialized.
[    0.635145] IPI shorthand broadcast: enabled
[    0.635158] sched_clock: Marking stable (620143187, 11037754)->(630906622, 274319)
[    0.635202] registered taskstats version 1
[    0.635211] Loading compiled-in X.509 certificates
[    0.635796] Loaded X.509 cert 'Build time autogenerated kernel key: 6909f3744cebb3d0de528d5887b96a727de79b1e'
[    0.635812] zswap: loaded using pool lzo/zbud
[    0.635862] Key type ._fscrypt registered
[    0.635862] Key type .fscrypt registered
[    0.640685] Key type big_key registered
[    0.643030] Key type encrypted registered
[    0.643033] AppArmor: AppArmor sha1 policy hashing enabled
[    0.643041] ima: No TPM chip found, activating TPM-bypass!
[    0.643045] ima: Allocated hash algorithm: sha1
[    0.643050] ima: No architecture policies found
[    0.643059] evm: Initialising EVM extended attributes:
[    0.643059] evm: security.selinux
[    0.643060] evm: security.SMACK64
[    0.643060] evm: security.SMACK64EXEC
[    0.643060] evm: security.SMACK64TRANSMUTE
[    0.643061] evm: security.SMACK64MMAP
[    0.643061] evm: security.apparmor
[    0.643062] evm: security.ima
[    0.643062] evm: security.capability
[    0.643063] evm: HMAC attrs: 0x1
[    0.643354] PM:   Magic number: 10:373:24
[    0.643356] misc cpu_dma_latency: hash matches
[    0.643460] rtc_cmos rtc_cmos: setting system clock to 2026-01-17T11:00:57 UTC (1768647657)
[    0.798952] ata1.00: ATA-6: VBOX HARDDISK, 1.0, max UDMA/133
[    0.798954] ata1.00: 209715200 sectors, multi 128: LBA 
[    0.799440] scsi 0:0:0:0: Direct-Access     ATA      VBOX HARDDISK    1.0  PQ: 0 ANSI: 5
[    0.799640] sd 0:0:0:0: [sda] 209715200 512-byte logical blocks: (107 GB/100 GiB)
[    0.799648] sd 0:0:0:0: [sda] Write Protect is off
[    0.799650] sd 0:0:0:0: [sda] Mode Sense: 00 3a 00 00
[    0.799662] sd 0:0:0:0: [sda] Write cache: enabled, read cache: enabled, doesn't support DPO or FUA
[    0.799882] sd 0:0:0:0: Attached scsi generic sg0 type 0
[    0.800681]  sda: sda1 sda2
[    0.811231] sd 0:0:0:0: [sda] Attached SCSI disk
[    0.813921] Freeing unused decrypted memory: 2040K
[    0.814710] Freeing unused kernel image memory: 2728K
[    0.814712] Write protecting the kernel read-only data: 22528k
[    0.815541] Freeing unused kernel image memory: 2036K
[    0.815989] Freeing unused kernel image memory: 1432K
[    0.834241] x86/mm: Checked W+X mappings: passed, no W+X pages found.
[    0.834245] Run /init as init process
[    0.922560] ACPI: Video Device [GFX0] (multi-head: yes  rom: no  post: no)
[    0.922633] input: Video Bus as /devices/LNXSYSTM:00/LNXSYBUS:00/PNP0A03:00/LNXVIDEO:00/input/input4
[    0.934010] pcnet32: pcnet32.c:v1.35 21.Apr.2008 tsbogend@alpha.franken.de
[    0.935809] piix4_smbus 0000:00:07.0: SMBus Host Controller at 0x4100, revision 0
[    0.938332] e1000: Intel(R) PRO/1000 Network Driver - version 7.3.21-k8-NAPI
[    0.938333] e1000: Copyright (c) 1999-2006 Intel Corporation.
[    0.945998] pcnet32: PCnet/FAST III 79C973 at 0xd020, 08:00:27:ca:02:6d assigned IRQ 19
[    0.946043] pcnet32: Found PHY 0022:561b at address 0
[    0.946344] pcnet32: eth0: registered as PCnet/FAST III 79C973
[    0.954544] pcnet32: 1 cards_found
[    1.007435] pcnet32 0000:00:03.0 enp0s3: renamed from eth0
[    1.160483] input: ImExPS/2 Generic Explorer Mouse as /devices/platform/i8042/serio1/input/input5
[    1.351784] e1000 0000:00:08.0 eth0: (PCI:33MHz:32-bit) 08:00:27:d9:68:0b
[    1.351789] e1000 0000:00:08.0 eth0: Intel(R) PRO/1000 Network Connection
[    1.727358] e1000 0000:00:09.0 eth1: (PCI:33MHz:32-bit) 08:00:27:a8:4f:c1
[    1.727361] e1000 0000:00:09.0 eth1: Intel(R) PRO/1000 Network Connection
[    1.728575] e1000 0000:00:09.0 enp0s9: renamed from eth1
[    1.730396] e1000 0000:00:08.0 enp0s8: renamed from eth0
[    1.875776] EXT4-fs (sda2): mounted filesystem with ordered data mode. Opts: (null)
[    1.969470] systemd[1]: Inserted module 'autofs4'
[    1.981618] systemd[1]: systemd 245.4-4ubuntu3 running in system mode. (+PAM +AUDIT +SELINUX +IMA +APPARMOR +SMACK +SYSVINIT +UTMP +LIBCRYPTSETUP +GCRYPT +GNUTLS +ACL +XZ +LZ4 +SECCOMP +BLKID +ELFUTILS +KMOD +IDN2 -IDN +PCRE2 default-hierarchy=hybrid)
[    1.981658] systemd[1]: Detected virtualization oracle.
[    1.981662] systemd[1]: Detected architecture x86-64.
[    1.983318] systemd[1]: Set hostname to <ztg>.
[    2.114932] systemd[1]: /lib/systemd/system/dbus.socket:5: ListenStream= references a path below legacy directory /var/run/, updating /var/run/dbus/system_bus_socket â†’ /run/dbus/system_bus_socket; please update the unit file accordingly.
[    2.165918] systemd[1]: Created slice system-modprobe.slice.
[    2.166098] systemd[1]: Created slice User and Session Slice.
[    2.166140] systemd[1]: Started Forward Password Requests to Wall Directory Watch.
[    2.166298] systemd[1]: Set up automount Arbitrary Executable File Formats File System Automount Point.
[    2.166328] systemd[1]: Reached target User and Group Name Lookups.
[    2.166336] systemd[1]: Reached target Remote File Systems.
[    2.166344] systemd[1]: Reached target Slices.
[    2.166817] systemd[1]: Listening on Syslog Socket.
[    2.166880] systemd[1]: Listening on fsck to fsckd communication Socket.
[    2.166919] systemd[1]: Listening on initctl Compatibility Named Pipe.
[    2.167050] systemd[1]: Listening on Journal Audit Socket.
[    2.167153] systemd[1]: Listening on Journal Socket (/dev/log).
[    2.167225] systemd[1]: Listening on Journal Socket.
[    2.167289] systemd[1]: Listening on udev Control Socket.
[    2.167327] systemd[1]: Listening on udev Kernel Socket.
[    2.168048] systemd[1]: Mounting Huge Pages File System...
[    2.168938] systemd[1]: Mounting POSIX Message Queue File System...
[    2.169801] systemd[1]: Mounting Kernel Debug File System...
[    2.170680] systemd[1]: Mounting Kernel Trace File System...
[    2.172606] systemd[1]: Starting Journal Service...
[    2.197879] systemd[1]: Starting Set the console keyboard layout...
[    2.205765] systemd[1]: Starting Create list of static device nodes for the current kernel...
[    2.207570] systemd[1]: Starting Load Kernel Module drm...
[    2.208504] systemd[1]: Condition check resulted in Set Up Additional Binary Formats being skipped.
[    2.208582] systemd[1]: Condition check resulted in File System Check on Root Device being skipped.
[    2.223287] systemd[1]: Starting Load Kernel Modules...
[    2.225154] systemd[1]: Starting Remount Root and Kernel File Systems...
[    2.236229] systemd[1]: Starting udev Coldplug all Devices...
[    2.246448] systemd[1]: Starting Uncomplicated firewall...
[    2.247671] systemd[1]: Mounted Huge Pages File System.
[    2.247757] systemd[1]: Mounted POSIX Message Queue File System.
[    2.247828] systemd[1]: Mounted Kernel Debug File System.
[    2.247902] systemd[1]: Mounted Kernel Trace File System.
[    2.249702] EXT4-fs (sda2): re-mounted. Opts: errors=remount-ro
[    2.268678] systemd[1]: Finished Create list of static device nodes for the current kernel.
[    2.271615] systemd[1]: Finished Remount Root and Kernel File Systems.
[    2.271850] systemd[1]: modprobe@drm.service: Succeeded.
[    2.278234] systemd[1]: Finished Load Kernel Module drm.
[    2.294411] systemd[1]: Finished Uncomplicated firewall.
[    2.311028] lp: driver loaded but no devices found
[    2.314373] systemd[1]: Condition check resulted in Rebuild Hardware Database being skipped.
[    2.314411] systemd[1]: Condition check resulted in Platform Persistent Storage Archival being skipped.
[    2.315085] systemd[1]: Starting Load/Save Random Seed...
[    2.319673] systemd[1]: Starting Create System Users...
[    2.325084] ppdev: user-space parallel port driver
[    2.334486] systemd[1]: Finished Load/Save Random Seed.
[    2.338147] systemd[1]: Finished Create System Users.
[    2.338830] systemd[1]: Starting Create Static Device Nodes in /dev...
[    2.369552] systemd[1]: Finished udev Coldplug all Devices.
[    2.376343] systemd[1]: Finished Create Static Device Nodes in /dev.
[    2.377070] systemd[1]: Starting udev Kernel Device Manager...
[    2.400158] [drm] DMA map mode: Caching DMA mappings.
[    2.400220] [drm] Capabilities:
[    2.400220] [drm]   Rect copy.
[    2.400221] [drm]   Cursor.
[    2.400221] [drm]   Cursor bypass.
[    2.400222] [drm]   Cursor bypass 2.
[    2.400222] [drm]   Alpha cursor.
[    2.400222] [drm]   Extended Fifo.
[    2.400223] [drm]   Pitchlock.
[    2.400223] [drm]   Irq mask.
[    2.400223] [drm]   GMR.
[    2.400224] [drm]   Traces.
[    2.400224] [drm]   GMR2.
[    2.400224] [drm]   Screen Object 2.
[    2.400225] [drm]   Command Buffers.
[    2.400225] [drm]   Command Buffers 2.
[    2.400225] [drm]   Guest Backed Resources.
[    2.400226] [drm] Max GMR ids is 8192
[    2.400227] [drm] Max number of GMR pages is 1048576
[    2.400227] [drm] Max dedicated hypervisor surface memory is 393216 kiB
[    2.400228] [drm] Maximum display memory size is 131072 kiB
[    2.400229] [drm] VRAM at 0xe0000000 size is 131072 kiB
[    2.400229] [drm] MMIO at 0xf0000000 size is 2048 kiB
[    2.401980] [TTM] Zone  kernel: Available graphics memory: 1011738 KiB
[    2.401980] [TTM] Initializing pool allocator
[    2.401985] [TTM] Initializing DMA pool allocator
[    2.402012] [drm] Supports vblank timestamp caching Rev 2 (21.10.2013).
[    2.402013] [drm] No driver support for vblank timestamp query.
[    2.402264] [drm] Screen Target Display device initialized
[    2.402464] [drm] width 720
[    2.402473] [drm] height 400
[    2.402476] [drm] bpp 32
[    2.402981] [drm] Fifo max 0x00200000 min 0x00001000 cap 0x00000355
[    2.404285] [drm] Using command buffers with DMA pool.
[    2.404291] [drm] DX: no.
[    2.404292] [drm] Atomic: yes.
[    2.404292] [drm] SM4_1: no.
[    2.404311] [drm:vmw_host_log [vmwgfx]] *ERROR* Failed to send host log message.
[    2.405207] [drm:vmw_host_log [vmwgfx]] *ERROR* Failed to send host log message.
[    2.436661] fbcon: svgadrmfb (fb0) is primary device
[    2.438780] Console: switching to colour frame buffer device 100x37
[    2.445974] [drm] Initialized vmwgfx 2.15.0 20180704 for 0000:00:02.0 on minor 0
[    2.448628] systemd[1]: Finished Load Kernel Modules.
[    2.449853] systemd[1]: Mounting FUSE Control File System...
[    2.451054] systemd[1]: Mounting Kernel Configuration File System...
[    2.476511] systemd[1]: Starting Apply Kernel Variables...
[    2.478059] systemd[1]: Mounted FUSE Control File System.
[    2.478198] systemd[1]: Condition check resulted in VMware vmblock fuse mount being skipped.
[    2.493007] systemd[1]: Mounted Kernel Configuration File System.
[    2.505718] systemd[1]: Finished Apply Kernel Variables.
[    2.506444] systemd[1]: Finished Set the console keyboard layout.
[    2.506524] systemd[1]: Reached target Local File Systems (Pre).
[    2.508356] systemd[1]: Mounting Mount unit for bare, revision 5...
[    2.510229] systemd[1]: Mounting Mount unit for core18, revision 1705...
[    2.515243] systemd[1]: Mounting Mount unit for gnome-3-34-1804, revision 24...
[    2.523299] systemd[1]: Mounting Mount unit for gtk-common-themes, revision 1506...
[    2.535622] systemd[1]: Mounting Mount unit for gtk-common-themes, revision 1535...
[    2.560867] systemd[1]: Mounting Mount unit for snap-store, revision 433...
[    2.568341] systemd[1]: Mounting Mount unit for snapd, revision 7264...
[    2.605754] systemd[1]: Mounted Mount unit for bare, revision 5.
[    2.605845] systemd[1]: Mounted Mount unit for core18, revision 1705.
[    2.622851] systemd[1]: Started udev Kernel Device Manager.
[    2.623584] systemd[1]: Starting Show Plymouth Boot Screen...
[    2.627393] systemd[1]: Received SIGRTMIN+20 from PID 287 (plymouthd).
[    2.647200] systemd[1]: Mounted Mount unit for gtk-common-themes, revision 1506.
[    2.662508] systemd[1]: Started Show Plymouth Boot Screen.
[    2.662628] systemd[1]: Condition check resulted in Dispatch Password Requests to Console Directory Watch being skipped.
[    2.662715] systemd[1]: Started Forward Password Requests to Plymouth Directory Watch.
[    2.662742] systemd[1]: Reached target Local Encrypted Volumes.
[    2.699320] systemd[1]: Mounted Mount unit for gnome-3-34-1804, revision 24.
[    2.699607] systemd[1]: Mounted Mount unit for gtk-common-themes, revision 1535.
[    2.730222] systemd[1]: Mounted Mount unit for snap-store, revision 433.
[    2.735007] systemd[1]: Mounted Mount unit for snapd, revision 7264.
[    2.735196] systemd[1]: Reached target Local File Systems.
[    2.736055] systemd[1]: Starting Load AppArmor profiles...
[    2.738287] systemd[1]: Starting Set console font and keymap...
[    2.751698] systemd[1]: Starting Tell Plymouth To Write Out Runtime Data...
[    2.753088] systemd[1]: Condition check resulted in Store a System Token in an EFI Variable being skipped.
[    2.753129] systemd[1]: Condition check resulted in Commit a transient machine-id on disk being skipped.
[    2.755587] systemd[1]: Finished Set console font and keymap.
[    2.764950] systemd[1]: Received SIGRTMIN+20 from PID 287 (plymouthd).
[    2.765978] systemd[1]: plymouth-read-write.service: Succeeded.
[    2.766250] systemd[1]: Finished Tell Plymouth To Write Out Runtime Data.
[    2.785259] audit: type=1400 audit(1768647659.636:2): apparmor="STATUS" operation="profile_load" profile="unconfined" name="nvidia_modprobe" pid=301 comm="apparmor_parser"
[    2.785261] audit: type=1400 audit(1768647659.636:3): apparmor="STATUS" operation="profile_load" profile="unconfined" name="nvidia_modprobe//kmod" pid=301 comm="apparmor_parser"
[    2.796260] audit: type=1400 audit(1768647659.648:4): apparmor="STATUS" operation="profile_load" profile="unconfined" name="/usr/sbin/tcpdump" pid=302 comm="apparmor_parser"
[    2.844133] audit: type=1400 audit(1768647659.692:5): apparmor="STATUS" operation="profile_load" profile="unconfined" name="/usr/bin/evince" pid=304 comm="apparmor_parser"
[    2.844135] audit: type=1400 audit(1768647659.692:6): apparmor="STATUS" operation="profile_load" profile="unconfined" name="/usr/bin/evince//sanitized_helper" pid=304 comm="apparmor_parser"
[    2.844137] audit: type=1400 audit(1768647659.692:7): apparmor="STATUS" operation="profile_load" profile="unconfined" name="/usr/bin/evince-previewer" pid=304 comm="apparmor_parser"
[    2.844138] audit: type=1400 audit(1768647659.692:8): apparmor="STATUS" operation="profile_load" profile="unconfined" name="/usr/bin/evince-previewer//sanitized_helper" pid=304 comm="apparmor_parser"
[    2.844140] audit: type=1400 audit(1768647659.692:9): apparmor="STATUS" operation="profile_load" profile="unconfined" name="/usr/bin/evince-thumbnailer" pid=304 comm="apparmor_parser"
[    2.860032] audit: type=1400 audit(1768647659.712:10): apparmor="STATUS" operation="profile_load" profile="unconfined" name="/usr/lib/cups/backend/cups-pdf" pid=305 comm="apparmor_parser"
[    2.943559] systemd[1]: Finished Load AppArmor profiles.
[    2.944495] systemd[1]: Starting Load AppArmor profiles managed internally by snapd...
[    3.008925] systemd[1]: Finished Load AppArmor profiles managed internally by snapd.
[    3.146107] systemd[1]: Started Journal Service.
[    3.152838] systemd-journald[229]: Received client request to flush runtime journal.
[    3.158148] systemd-journald[229]: File /var/log/journal/c455b248004a419c87ce85eea238d727/system.journal corrupted or uncleanly shut down, renaming and replacing.
[    4.479285] RAPL PMU: API unit is 2^-32 Joules, 0 fixed counters, 10737418240 ms ovfl timer
[    4.568256] cryptd: max_cpu_qlen set to 1000
[    4.616368] AVX2 version of gcm_enc/dec engaged.
[    4.616369] AES CTR mode by8 optimization enabled
[    5.443061] Adding 1998844k swap on /dev/sda1.  Priority:-2 extents:1 across:1998844k FS
[    7.286692] kauditd_printk_skb: 30 callbacks suppressed
[    7.286693] audit: type=1400 audit(1768647664.136:41): apparmor="DENIED" operation="capable" profile="/usr/sbin/cups-browsed" pid=498 comm="cups-browsed" capability=23  capname="sys_nice"
[    7.772509] pcnet32 0000:00:03.0 enp0s3: link up, 100Mbps, full-duplex
[    7.808653] e1000: enp0s8 NIC Link is Up 1000 Mbps Full Duplex, Flow Control: RX
[    7.808943] IPv6: ADDRCONF(NETDEV_CHANGE): enp0s8: link becomes ready
[    7.820944] e1000: enp0s9 NIC Link is Up 1000 Mbps Full Duplex, Flow Control: RX
[    7.821234] IPv6: ADDRCONF(NETDEV_CHANGE): enp0s9: link becomes ready
[    8.382360] device enp0s3 entered promiscuous mode
[    8.406050] audit: type=1400 audit(1768647665.252:42): apparmor="DENIED" operation="open" profile="/usr/sbin/tcpdump" name="/proc/sys/kernel/random/boot_id" pid=709 comm="tcpdump" requested_mask="r" denied_mask="r" fsuid=0 ouid=0
[    8.406175] audit: type=1400 audit(1768647665.252:43): apparmor="DENIED" operation="open" profile="/usr/sbin/tcpdump" name="/proc/sys/kernel/random/boot_id" pid=709 comm="tcpdump" requested_mask="r" denied_mask="r" fsuid=0 ouid=0
[    8.406387] audit: type=1400 audit(1768647665.252:44): apparmor="DENIED" operation="open" profile="/usr/sbin/tcpdump" name="/proc/sys/kernel/random/boot_id" pid=709 comm="tcpdump" requested_mask="r" denied_mask="r" fsuid=0 ouid=0
[    8.406478] audit: type=1400 audit(1768647665.252:45): apparmor="DENIED" operation="open" profile="/usr/sbin/tcpdump" name="/proc/sys/kernel/random/boot_id" pid=709 comm="tcpdump" requested_mask="r" denied_mask="r" fsuid=0 ouid=0
[    8.410278] audit: type=1400 audit(1768647665.260:46): apparmor="DENIED" operation="open" profile="/usr/sbin/tcpdump" name="/proc/sys/kernel/random/boot_id" pid=710 comm="tcpdump" requested_mask="r" denied_mask="r" fsuid=0 ouid=0
[    8.410487] audit: type=1400 audit(1768647665.260:47): apparmor="DENIED" operation="open" profile="/usr/sbin/tcpdump" name="/proc/sys/kernel/random/boot_id" pid=710 comm="tcpdump" requested_mask="r" denied_mask="r" fsuid=0 ouid=0
[    8.410559] audit: type=1400 audit(1768647665.260:48): apparmor="DENIED" operation="open" profile="/usr/sbin/tcpdump" name="/proc/sys/kernel/random/boot_id" pid=710 comm="tcpdump" requested_mask="r" denied_mask="r" fsuid=0 ouid=0
[    8.410641] audit: type=1400 audit(1768647665.260:49): apparmor="DENIED" operation="open" profile="/usr/sbin/tcpdump" name="/proc/sys/kernel/random/boot_id" pid=710 comm="tcpdump" requested_mask="r" denied_mask="r" fsuid=0 ouid=0
[   13.142810] rfkill: input handler disabled
[  510.811030] rfkill: input handler enabled
[  519.493271] rfkill: input handler disabled
[  734.797077] device enp0s3 left promiscuous mode
