[    0.000000] Linux version 5.4.243-mptcp (root@ztg) (gcc version 12.2.0 (Debian 12.2.0-14+deb12u1)) #53 SMP Wed Dec 24 23:28:15 CST 2025
[    0.000000] Command line: BOOT_IMAGE=/boot/vmlinuz-5.4.243-mptcp root=UUID=98415a12-53b7-4144-8265-0f7ece09e445 ro quiet splash
[    0.000000] KERNEL supported cpus:
[    0.000000]   Intel GenuineIntel
[    0.000000]   AMD AuthenticAMD
[    0.000000]   Hygon HygonGenuine
[    0.000000]   Centaur CentaurHauls
[    0.000000]   zhaoxin   Shanghai  
[    0.000000] x86/fpu: Supporting XSAVE feature 0x001: 'x87 floating point registers'
[    0.000000] x86/fpu: Supporting XSAVE feature 0x002: 'SSE registers'
[    0.000000] x86/fpu: Supporting XSAVE feature 0x004: 'AVX registers'
[    0.000000] x86/fpu: xstate_offset[2]:  576, xstate_sizes[2]:  256
[    0.000000] x86/fpu: Enabled xstate features 0x7, context size is 832 bytes, using 'standard' format.
[    0.000000] BIOS-provided physical RAM map:
[    0.000000] BIOS-e820: [mem 0x0000000000000000-0x000000000009fbff] usable
[    0.000000] BIOS-e820: [mem 0x000000000009fc00-0x000000000009ffff] reserved
[    0.000000] BIOS-e820: [mem 0x00000000000f0000-0x00000000000fffff] reserved
[    0.000000] BIOS-e820: [mem 0x0000000000100000-0x000000007ffeffff] usable
[    0.000000] BIOS-e820: [mem 0x000000007fff0000-0x000000007fffffff] ACPI data
[    0.000000] BIOS-e820: [mem 0x00000000fec00000-0x00000000fec00fff] reserved
[    0.000000] BIOS-e820: [mem 0x00000000fee00000-0x00000000fee00fff] reserved
[    0.000000] BIOS-e820: [mem 0x00000000fffc0000-0x00000000ffffffff] reserved
[    0.000000] NX (Execute Disable) protection: active
[    0.000000] SMBIOS 2.5 present.
[    0.000000] DMI: innotek GmbH VirtualBox/VirtualBox, BIOS VirtualBox 12/01/2006
[    0.000000] Hypervisor detected: KVM
[    0.000000] kvm-clock: Using msrs 4b564d01 and 4b564d00
[    0.000000] kvm-clock: cpu 0, msr 7b401001, primary cpu clock
[    0.000000] kvm-clock: using sched offset of 4428902783 cycles
[    0.000003] clocksource: kvm-clock: mask: 0xffffffffffffffff max_cycles: 0x1cd42e4dffb, max_idle_ns: 881590591483 ns
[    0.000006] tsc: Detected 2100.000 MHz processor
[    0.001900] e820: update [mem 0x00000000-0x00000fff] usable ==> reserved
[    0.001902] e820: remove [mem 0x000a0000-0x000fffff] usable
[    0.001906] last_pfn = 0x7fff0 max_arch_pfn = 0x400000000
[    0.001973] MTRR default type: uncachable
[    0.001974] MTRR fixed ranges enabled:
[    0.001975]   00000-9FFFF write-back
[    0.001976]   A0000-BFFFF uncachable
[    0.001977]   C0000-FFFFF write-protect
[    0.001978] MTRR variable ranges enabled:
[    0.001979]   0 base 000000000000 mask 3FFF80000000 write-back
[    0.001980]   1 disabled
[    0.001980]   2 disabled
[    0.001981]   3 disabled
[    0.001981]   4 disabled
[    0.001981]   5 disabled
[    0.001982]   6 disabled
[    0.001982]   7 disabled
[    0.001983]   8 disabled
[    0.001983]   9 disabled
[    0.001984]   10 disabled
[    0.001984]   11 disabled
[    0.001984]   12 disabled
[    0.001985]   13 disabled
[    0.001985]   14 disabled
[    0.001986]   15 disabled
[    0.002002] x86/PAT: Configuration [0-7]: WB  WC  UC- UC  WB  WP  UC- WT  
[    0.002136] found SMP MP-table at [mem 0x0009fff0-0x0009ffff]
[    0.094247] check: Scanning 1 areas for low memory corruption
[    0.094440] RAMDISK: [mem 0x32271000-0x3512ffff]
[    0.094449] ACPI: Early table checksum verification disabled
[    0.094454] ACPI: RSDP 0x00000000000E0000 000024 (v02 VBOX  )
[    0.094458] ACPI: XSDT 0x000000007FFF0030 00003C (v01 VBOX   VBOXXSDT 00000001 ASL  00000061)
[    0.094464] ACPI: FACP 0x000000007FFF00F0 0000F4 (v04 VBOX   VBOXFACP 00000001 ASL  00000061)
[    0.094471] ACPI: DSDT 0x000000007FFF02E0 002353 (v02 VBOX   VBOXBIOS 00000002 VBOX 00029BF3)
[    0.094475] ACPI: FACS 0x000000007FFF0200 000040
[    0.094478] ACPI: FACS 0x000000007FFF0200 000040
[    0.094482] ACPI: APIC 0x000000007FFF0240 000054 (v02 VBOX   VBOXAPIC 00000001 ASL  00000061)
[    0.094485] ACPI: SSDT 0x000000007FFF02A0 000038 (v01 VBOX   VBOXCPUT 00000002 VBOX 00029BF3)
[    0.094489] ACPI: Reserving FACP table memory at [mem 0x7fff00f0-0x7fff01e3]
[    0.094490] ACPI: Reserving DSDT table memory at [mem 0x7fff02e0-0x7fff2632]
[    0.094490] ACPI: Reserving FACS table memory at [mem 0x7fff0200-0x7fff023f]
[    0.094491] ACPI: Reserving FACS table memory at [mem 0x7fff0200-0x7fff023f]
[    0.094492] ACPI: Reserving APIC table memory at [mem 0x7fff0240-0x7fff0293]
[    0.094493] ACPI: Reserving SSDT table memory at [mem 0x7fff02a0-0x7fff02d7]
[    0.094506] ACPI: Local APIC address 0xfee00000
[    0.094695] No NUMA configuration found
[    0.094696] Faking a node at [mem 0x0000000000000000-0x000000007ffeffff]
[    0.094706] NODE_DATA(0) allocated [mem 0x7ffc5000-0x7ffeffff]
[    0.094966] Zone ranges:
[    0.094967]   DMA      [mem 0x0000000000001000-0x0000000000ffffff]
[    0.094968]   DMA32    [mem 0x0000000001000000-0x000000007ffeffff]
[    0.094969]   Normal   empty
[    0.094970]   Device   empty
[    0.094970] Movable zone start for each node
[    0.094972] Early memory node ranges
[    0.094973]   node   0: [mem 0x0000000000001000-0x000000000009efff]
[    0.094974]   node   0: [mem 0x0000000000100000-0x000000007ffeffff]
[    0.094977] Zeroed struct page in unavailable ranges: 114 pages
[    0.094978] Initmem setup node 0 [mem 0x0000000000001000-0x000000007ffeffff]
[    0.094979] On node 0 totalpages: 524174
[    0.094981]   DMA zone: 64 pages used for memmap
[    0.094981]   DMA zone: 21 pages reserved
[    0.094982]   DMA zone: 3998 pages, LIFO batch:0
[    0.095054]   DMA32 zone: 8128 pages used for memmap
[    0.095055]   DMA32 zone: 520176 pages, LIFO batch:63
[    0.104031] ACPI: PM-Timer IO Port: 0x4008
[    0.104034] ACPI: Local APIC address 0xfee00000
[    0.104102] IOAPIC[0]: apic_id 1, version 32, address 0xfec00000, GSI 0-23
[    0.104106] ACPI: INT_SRC_OVR (bus 0 bus_irq 0 global_irq 2 dfl dfl)
[    0.104107] ACPI: INT_SRC_OVR (bus 0 bus_irq 9 global_irq 9 low level)
[    0.104109] ACPI: IRQ0 used by override.
[    0.104110] ACPI: IRQ9 used by override.
[    0.104113] Using ACPI (MADT) for SMP configuration information
[    0.104119] smpboot: Allowing 1 CPUs, 0 hotplug CPUs
[    0.104142] PM: Registered nosave memory: [mem 0x00000000-0x00000fff]
[    0.104144] PM: Registered nosave memory: [mem 0x0009f000-0x0009ffff]
[    0.104144] PM: Registered nosave memory: [mem 0x000a0000-0x000effff]
[    0.104145] PM: Registered nosave memory: [mem 0x000f0000-0x000fffff]
[    0.104146] [mem 0x80000000-0xfebfffff] available for PCI devices
[    0.104147] Booting paravirtualized kernel on KVM
[    0.104151] clocksource: refined-jiffies: mask: 0xffffffff max_cycles: 0xffffffff, max_idle_ns: 7645519600211568 ns
[    0.104155] setup_percpu: NR_CPUS:8192 nr_cpumask_bits:1 nr_cpu_ids:1 nr_node_ids:1
[    0.105178] percpu: Embedded 60 pages/cpu s208896 r8192 d28672 u2097152
[    0.105183] pcpu-alloc: s208896 r8192 d28672 u2097152 alloc=1*2097152
[    0.105184] pcpu-alloc: [0] 0 
[    0.105210] Built 1 zonelists, mobility grouping on.  Total pages: 515961
[    0.105211] Policy zone: DMA32
[    0.105212] Kernel command line: BOOT_IMAGE=/boot/vmlinuz-5.4.243-mptcp root=UUID=98415a12-53b7-4144-8265-0f7ece09e445 ro quiet splash
[    0.106075] Dentry cache hash table entries: 262144 (order: 9, 2097152 bytes, linear)
[    0.106222] Inode-cache hash table entries: 131072 (order: 8, 1048576 bytes, linear)
[    0.106272] mem auto-init: stack:off, heap alloc:on, heap free:off
[    0.106274] Calgary: detecting Calgary via BIOS EBDA area
[    0.106275] Calgary: Unable to locate Rio Grande table in EBDA - bailing!
[    0.110343] Memory: 1967332K/2096696K available (14339K kernel code, 2398K rwdata, 4712K rodata, 2728K init, 17260K bss, 129364K reserved, 0K cma-reserved)
[    0.111266] SLUB: HWalign=64, Order=0-3, MinObjects=0, CPUs=1, Nodes=1
[    0.111282] ftrace: allocating 43186 entries in 169 pages
[    0.129429] rcu: Hierarchical RCU implementation.
[    0.129431] rcu: 	RCU restricting CPUs from NR_CPUS=8192 to nr_cpu_ids=1.
[    0.129432] 	Tasks RCU enabled.
[    0.129433] rcu: RCU calculated value of scheduler-enlistment delay is 25 jiffies.
[    0.129434] rcu: Adjusting geometry for rcu_fanout_leaf=16, nr_cpu_ids=1
[    0.132382] NR_IRQS: 524544, nr_irqs: 256, preallocated irqs: 16
[    0.132594] random: crng init done
[    0.141971] Console: colour VGA+ 80x25
[    0.141975] printk: console [tty0] enabled
[    0.141993] ACPI: Core revision 20190816
[    0.142086] APIC: Switch to symmetric I/O mode setup
[    0.142335] x2apic enabled
[    0.142573] Switched APIC routing to physical x2apic.
[    0.143697] ..TIMER: vector=0x30 apic1=0 pin1=2 apic2=-1 pin2=-1
[    0.143721] clocksource: tsc-early: mask: 0xffffffffffffffff max_cycles: 0x1e4530a99b6, max_idle_ns: 440795257976 ns
[    0.143726] Calibrating delay loop (skipped) preset value.. 4200.00 BogoMIPS (lpj=8400000)
[    0.143728] pid_max: default: 32768 minimum: 301
[    0.143755] LSM: Security Framework initializing
[    0.143765] Yama: becoming mindful.
[    0.143790] AppArmor: AppArmor initialized
[    0.143826] Mount-cache hash table entries: 4096 (order: 3, 32768 bytes, linear)
[    0.143831] Mountpoint-cache hash table entries: 4096 (order: 3, 32768 bytes, linear)
[    0.143841] *** VALIDATE tmpfs ***
[    0.143975] *** VALIDATE proc ***
[    0.144015] *** VALIDATE cgroup1 ***
[    0.144016] *** VALIDATE cgroup2 ***
[    0.144158] process: using mwait in idle threads
[    0.144163] Last level iTLB entries: 4KB 64, 2MB 8, 4MB 8
[    0.144164] Last level dTLB entries: 4KB 64, 2MB 0, 4MB 0, 1GB 4
[    0.144184] Spectre V1 : Mitigation: usercopy/swapgs barriers and __user pointer sanitization
[    0.144190] Spectre V2 : Mitigation: Retpolines
[    0.144190] Spectre V2 : Spectre v2 / SpectreRSB mitigation: Filling RSB on context switch
[    0.144191] Spectre V2 : Spectre v2 / SpectreRSB : Filling RSB on VMEXIT
[    0.144191] RETBleed: WARNING: Spectre v2 mitigation leaves CPU vulnerable to RETBleed attacks, data leaks possible!
[    0.144542] RETBleed: Vulnerable
[    0.144543] Speculative Store Bypass: Vulnerable
[    0.144548] TAA: Mitigation: TSX disabled
[    0.144548] MMIO Stale Data: Mitigation: Clear CPU buffers
[    0.148749] Freeing SMP alternatives memory: 40K
[    0.260938] smpboot: CPU0: Intel(R) Xeon(R) Silver 4216 CPU @ 2.10GHz (family: 0x6, model: 0x55, stepping: 0x7)
[    0.261071] Performance Events: unsupported p6 CPU model 85 no PMU driver, software events only.
[    0.261108] rcu: Hierarchical SRCU implementation.
[    0.261614] NMI watchdog: Perf NMI watchdog permanently disabled
[    0.261657] smp: Bringing up secondary CPUs ...
[    0.261658] smp: Brought up 1 node, 1 CPU
[    0.261659] smpboot: Max logical packages: 1
[    0.261660] smpboot: Total of 1 processors activated (4200.00 BogoMIPS)
[    0.262670] devtmpfs: initialized
[    0.262719] x86/mm: Memory block size: 128MB
[    0.263065] clocksource: jiffies: mask: 0xffffffff max_cycles: 0xffffffff, max_idle_ns: 7645041785100000 ns
[    0.263071] futex hash table entries: 256 (order: 2, 16384 bytes, linear)
[    0.263115] pinctrl core: initialized pinctrl subsystem
[    0.263216] PM: RTC time: 19:39:52, date: 2026-01-18
[    0.263321] NET: Registered protocol family 16
[    0.263395] audit: initializing netlink subsys (disabled)
[    0.263519] EISA bus registered
[    0.263521] cpuidle: using governor ladder
[    0.263521] cpuidle: using governor menu
[    0.263557] ACPI: bus type PCI registered
[    0.263559] acpiphp: ACPI Hot Plug PCI Controller Driver version: 0.5
[    0.263660] PCI: Using configuration type 1 for base access
[    0.264072] audit: type=2000 audit(1768736398.344:1): state=initialized audit_enabled=0 res=1
[    0.264150] HugeTLB registered 2.00 MiB page size, pre-allocated 0 pages
[    0.264976] ACPI: Added _OSI(Module Device)
[    0.264976] ACPI: Added _OSI(Processor Device)
[    0.264977] ACPI: Added _OSI(3.0 _SCP Extensions)
[    0.264978] ACPI: Added _OSI(Processor Aggregator Device)
[    0.264979] ACPI: Added _OSI(Linux-Dell-Video)
[    0.264980] ACPI: Added _OSI(Linux-Lenovo-NV-HDMI-Audio)
[    0.264980] ACPI: Added _OSI(Linux-HPI-Hybrid-Graphics)
[    0.266918] ACPI: 2 ACPI AML tables successfully acquired and loaded
[    0.268430] ACPI: Interpreter enabled
[    0.268439] ACPI: (supports S0 S5)
[    0.268440] ACPI: Using IOAPIC for interrupt routing
[    0.268646] PCI: Using host bridge windows from ACPI; if necessary, use "pci=nocrs" and report a bug
[    0.268751] ACPI: Enabled 2 GPEs in block 00 to 07
[    0.273583] ACPI: PCI Root Bridge [PCI0] (domain 0000 [bus 00-ff])
[    0.273589] acpi PNP0A03:00: _OSC: OS supports [ASPM ClockPM Segments MSI HPX-Type3]
[    0.274036] acpi PNP0A03:00: _OSC: not requesting OS control; OS requires [ExtendedConfig ASPM ClockPM MSI]
[    0.274045] acpi PNP0A03:00: fail to add MMCONFIG information, can't access extended PCI configuration space under this bridge.
[    0.274417] PCI host bridge to bus 0000:00
[    0.274419] pci_bus 0000:00: root bus resource [io  0x0000-0x0cf7 window]
[    0.274421] pci_bus 0000:00: root bus resource [io  0x0d00-0xffff window]
[    0.274422] pci_bus 0000:00: root bus resource [mem 0x000a0000-0x000bffff window]
[    0.274423] pci_bus 0000:00: root bus resource [mem 0x80000000-0xfdffffff window]
[    0.274424] pci_bus 0000:00: root bus resource [bus 00-ff]
[    0.274467] pci 0000:00:00.0: [8086:1237] type 00 class 0x060000
[    0.275413] pci 0000:00:01.0: [8086:7000] type 00 class 0x060100
[    0.276354] pci 0000:00:01.1: [8086:7111] type 00 class 0x01018a
[    0.276726] pci 0000:00:01.1: reg 0x20: [io  0xd000-0xd00f]
[    0.276884] pci 0000:00:01.1: legacy IDE quirk: reg 0x10: [io  0x01f0-0x01f7]
[    0.276885] pci 0000:00:01.1: legacy IDE quirk: reg 0x14: [io  0x03f6]
[    0.276886] pci 0000:00:01.1: legacy IDE quirk: reg 0x18: [io  0x0170-0x0177]
[    0.276887] pci 0000:00:01.1: legacy IDE quirk: reg 0x1c: [io  0x0376]
[    0.277433] pci 0000:00:02.0: [15ad:0405] type 00 class 0x030000
[    0.279799] pci 0000:00:02.0: reg 0x10: [io  0xd010-0xd01f]
[    0.282599] pci 0000:00:02.0: reg 0x14: [mem 0xe0000000-0xe7ffffff pref]
[    0.285595] pci 0000:00:02.0: reg 0x18: [mem 0xf0000000-0xf01fffff]
[    0.296409] pci 0000:00:03.0: [1022:2000] type 00 class 0x020000
[    0.297091] pci 0000:00:03.0: reg 0x10: [io  0xd020-0xd03f]
[    0.297695] pci 0000:00:03.0: reg 0x14: [mem 0xf0200000-0xf0200fff]
[    0.301650] pci 0000:00:04.0: [80ee:cafe] type 00 class 0x088000
[    0.302321] pci 0000:00:04.0: reg 0x10: [io  0xd040-0xd05f]
[    0.302928] pci 0000:00:04.0: reg 0x14: [mem 0xf0400000-0xf07fffff]
[    0.303535] pci 0000:00:04.0: reg 0x18: [mem 0xf0800000-0xf0803fff pref]
[    0.306763] pci 0000:00:07.0: [8086:7113] type 00 class 0x068000
[    0.307317] pci 0000:00:07.0: quirk: [io  0x4000-0x403f] claimed by PIIX4 ACPI
[    0.307330] pci 0000:00:07.0: quirk: [io  0x4100-0x410f] claimed by PIIX4 SMB
[    0.308121] pci 0000:00:08.0: [8086:100e] type 00 class 0x020000
[    0.308826] pci 0000:00:08.0: reg 0x10: [mem 0xf0820000-0xf083ffff]
[    0.309988] pci 0000:00:08.0: reg 0x18: [io  0xd060-0xd067]
[    0.312770] pci 0000:00:09.0: [8086:100e] type 00 class 0x020000
[    0.313471] pci 0000:00:09.0: reg 0x10: [mem 0xf0840000-0xf085ffff]
[    0.314688] pci 0000:00:09.0: reg 0x18: [io  0xd068-0xd06f]
[    0.324720] ACPI: PCI Interrupt Link [LNKA] (IRQs 5 9 10 *11)
[    0.325004] ACPI: PCI Interrupt Link [LNKB] (IRQs 5 9 *10 11)
[    0.325104] ACPI: PCI Interrupt Link [LNKC] (IRQs 5 *9 10 11)
[    0.325209] ACPI: PCI Interrupt Link [LNKD] (IRQs 5 9 10 *11)
[    0.325466] iommu: Default domain type: Translated 
[    0.325528] pci 0000:00:02.0: vgaarb: setting as boot VGA device
[    0.325530] pci 0000:00:02.0: vgaarb: VGA device added: decodes=io+mem,owns=io+mem,locks=none
[    0.325531] pci 0000:00:02.0: vgaarb: bridge control possible
[    0.325532] vgaarb: loaded
[    0.325736] SCSI subsystem initialized
[    0.325770] libata version 3.00 loaded.
[    0.325792] ACPI: bus type USB registered
[    0.325808] usbcore: registered new interface driver usbfs
[    0.325814] usbcore: registered new interface driver hub
[    0.325819] usbcore: registered new device driver usb
[    0.325844] pps_core: LinuxPPS API ver. 1 registered
[    0.325845] pps_core: Software ver. 5.3.6 - Copyright 2005-2007 Rodolfo Giometti <giometti@linux.it>
[    0.325847] PTP clock support registered
[    0.325879] EDAC MC: Ver: 3.0.0
[    0.327734] PCI: Using ACPI for IRQ routing
[    0.327736] PCI: pci_cache_line_size set to 64 bytes
[    0.327908] e820: reserve RAM buffer [mem 0x0009fc00-0x0009ffff]
[    0.327912] e820: reserve RAM buffer [mem 0x7fff0000-0x7fffffff]
[    0.328720] NetLabel: Initializing
[    0.328721] NetLabel:  domain hash size = 128
[    0.328721] NetLabel:  protocols = UNLABELED CIPSOv4 CALIPSO
[    0.328741] NetLabel:  unlabeled traffic allowed by default
[    0.329645] clocksource: Switched to clocksource kvm-clock
[    0.339795] *** VALIDATE bpf ***
[    0.339795] VFS: Disk quotas dquot_6.6.0
[    0.339795] VFS: Dquot-cache hash table entries: 512 (order 0, 4096 bytes)
[    0.339795] *** VALIDATE ramfs ***
[    0.339795] *** VALIDATE hugetlbfs ***
[    0.339795] AppArmor: AppArmor Filesystem Enabled
[    0.339795] pnp: PnP ACPI init
[    0.339795] pnp 00:00: Plug and Play ACPI device, IDs PNP0303 (active)
[    0.342396] pnp 00:01: Plug and Play ACPI device, IDs PNP0f03 (active)
[    0.343175] pnp: PnP ACPI: found 2 devices
[    0.344133] thermal_sys: Registered thermal governor 'fair_share'
[    0.344134] thermal_sys: Registered thermal governor 'bang_bang'
[    0.344135] thermal_sys: Registered thermal governor 'step_wise'
[    0.344135] thermal_sys: Registered thermal governor 'user_space'
[    0.344136] thermal_sys: Registered thermal governor 'power_allocator'
[    0.348668] clocksource: acpi_pm: mask: 0xffffff max_cycles: 0xffffff, max_idle_ns: 2085701024 ns
[    0.348706] pci_bus 0000:00: resource 4 [io  0x0000-0x0cf7 window]
[    0.348708] pci_bus 0000:00: resource 5 [io  0x0d00-0xffff window]
[    0.348709] pci_bus 0000:00: resource 6 [mem 0x000a0000-0x000bffff window]
[    0.348710] pci_bus 0000:00: resource 7 [mem 0x80000000-0xfdffffff window]
[    0.348766] NET: Registered protocol family 2
[    0.348839] IP idents hash table entries: 32768 (order: 6, 262144 bytes, linear)
[    0.349236] MPTCP tokens hash table entries: 8192 (order: 4, 65536 bytes, linear)
[    0.349256] MPTCP request tokens hash table entries: 8192 (order: 4, 65536 bytes, linear)
[    0.349282] default registered
[    0.349282] default registered
[    0.349283] MPTCP: Stable release v0.96
[    0.349288] tcp_listen_portaddr_hash hash table entries: 1024 (order: 2, 16384 bytes, linear)
[    0.349365] TCP established hash table entries: 16384 (order: 5, 131072 bytes, linear)
[    0.349429] TCP bind hash table entries: 16384 (order: 6, 262144 bytes, linear)
[    0.349454] TCP: Hash tables configured (established 16384 bind 16384)
[    0.350157] UDP hash table entries: 1024 (order: 3, 32768 bytes, linear)
[    0.350169] UDP-Lite hash table entries: 1024 (order: 3, 32768 bytes, linear)
[    0.350201] NET: Registered protocol family 1
[    0.350209] NET: Registered protocol family 44
[    0.350229] pci 0000:00:00.0: Limiting direct PCI/PCI transfers
[    0.350241] pci 0000:00:01.0: Activating ISA DMA hang workarounds
[    0.350299] pci 0000:00:02.0: Video device with shadowed ROM at [mem 0x000c0000-0x000dffff]
[    0.350360] PCI: CLS 0 bytes, default 64
[    0.350405] Trying to unpack rootfs image as initramfs...
[    0.516082] Freeing initrd memory: 47868K
[    0.516082] clocksource: tsc: mask: 0xffffffffffffffff max_cycles: 0x1e4530a99b6, max_idle_ns: 440795257976 ns
[    0.516082] clocksource: Switched to clocksource tsc
[    0.516082] platform rtc_cmos: registered platform RTC device (no PNP device found)
[    0.516082] check: Scanning for low memory corruption every 60 seconds
[    0.516082] Initialise system trusted keyrings
[    0.516082] Key type blacklist registered
[    0.516082] workingset: timestamp_bits=36 max_order=19 bucket_order=0
[    0.516082] zbud: loaded
[    0.516082] squashfs: version 4.0 (2009/01/31) Phillip Lougher
[    0.516082] fuse: init (API version 7.31)
[    0.516082] *** VALIDATE fuse ***
[    0.516082] *** VALIDATE fuse ***
[    0.516082] Platform Keyring initialized
[    0.530748] Key type asymmetric registered
[    0.530749] Asymmetric key parser 'x509' registered
[    0.530758] Block layer SCSI generic (bsg) driver version 0.4 loaded (major 244)
[    0.530797] io scheduler mq-deadline registered
[    0.530917] shpchp: Standard Hot Plug PCI Controller Driver version: 0.4
[    0.531117] ACPI: AC Adapter [AC] (on-line)
[    0.531161] input: Power Button as /devices/LNXSYSTM:00/LNXPWRBN:00/input/input0
[    0.531188] ACPI: Power Button [PWRF]
[    0.531269] input: Sleep Button as /devices/LNXSYSTM:00/LNXSLPBN:00/input/input1
[    0.531284] ACPI: Sleep Button [SLPF]
[    0.531517] Serial: 8250/16550 driver, 32 ports, IRQ sharing enabled
[    0.532657] Linux agpgart interface v0.103
[    0.623173] loop: module loaded
[    0.623306] ata_piix 0000:00:01.1: version 2.13
[    0.623704] scsi host0: ata_piix
[    0.623791] scsi host1: ata_piix
[    0.623817] ata1: PATA max UDMA/33 cmd 0x1f0 ctl 0x3f6 bmdma 0xd000 irq 14
[    0.623818] ata2: PATA max UDMA/33 cmd 0x170 ctl 0x376 bmdma 0xd008 irq 15
[    0.623894] tun: Universal TUN/TAP device driver, 1.6
[    0.624192] PPP generic driver version 2.4.2
[    0.624232] VFIO - User Level meta-driver version: 0.3
[    0.624470] ehci_hcd: USB 2.0 'Enhanced' Host Controller (EHCI) Driver
[    0.624474] ehci-pci: EHCI PCI platform driver
[    0.624488] ehci-platform: EHCI generic platform driver
[    0.624493] ohci_hcd: USB 1.1 'Open' Host Controller (OHCI) Driver
[    0.624495] ohci-pci: OHCI PCI platform driver
[    0.624502] ohci-platform: OHCI generic platform driver
[    0.624506] uhci_hcd: USB Universal Host Controller Interface driver
[    0.624567] i8042: PNP: PS/2 Controller [PNP0303:PS2K,PNP0f03:PS2M] at 0x60,0x64 irq 1,12
[    0.625002] serio: i8042 KBD port at 0x60,0x64 irq 1
[    0.625006] serio: i8042 AUX port at 0x60,0x64 irq 12
[    0.625089] mousedev: PS/2 mouse device common for all mice
[    0.625334] input: AT Translated Set 2 keyboard as /devices/platform/i8042/serio0/input/input2
[    0.625730] rtc_cmos rtc_cmos: registered as rtc0
[    0.625744] rtc_cmos rtc_cmos: alarms up to one day, 114 bytes nvram
[    0.625749] i2c /dev entries driver
[    0.625789] device-mapper: uevent: version 1.0.3
[    0.625830] device-mapper: ioctl: 4.41.0-ioctl (2019-09-16) initialised: dm-devel@redhat.com
[    0.625845] platform eisa.0: Probing EISA bus 0
[    0.625847] platform eisa.0: EISA: Cannot allocate resource for mainboard
[    0.625848] platform eisa.0: Cannot allocate resource for EISA slot 1
[    0.625849] platform eisa.0: Cannot allocate resource for EISA slot 2
[    0.625850] platform eisa.0: Cannot allocate resource for EISA slot 3
[    0.625851] platform eisa.0: Cannot allocate resource for EISA slot 4
[    0.625852] platform eisa.0: Cannot allocate resource for EISA slot 5
[    0.625853] platform eisa.0: Cannot allocate resource for EISA slot 6
[    0.625854] platform eisa.0: Cannot allocate resource for EISA slot 7
[    0.625855] platform eisa.0: Cannot allocate resource for EISA slot 8
[    0.625856] platform eisa.0: EISA: Detected 0 cards
[    0.625858] intel_pstate: CPU model not supported
[    0.625866] ledtrig-cpu: registered to indicate activity on CPUs
[    0.625917] drop_monitor: Initializing network drop monitor service
[    0.626073] NET: Registered protocol family 10
[    0.627149] Segment Routing with IPv6
[    0.627149] fullmesh registered
[    0.627149] ndiffports registered
[    0.627149] binder registered
[    0.627149] roundrobin registered
[    0.627149] redundant registered
[    0.627149] blest registered
[    0.627149] ecf registered
[    0.627149] NET: Registered protocol family 17
[    0.627149] Key type dns_resolver registered
[    0.627149] RAS: Correctable Errors collector initialized.
[    0.627149] IPI shorthand broadcast: enabled
[    0.627149] sched_clock: Marking stable (612011276, 11138655)->(624476468, -1326537)
[    0.631360] registered taskstats version 1
[    0.631370] Loading compiled-in X.509 certificates
[    0.631963] Loaded X.509 cert 'Build time autogenerated kernel key: 6909f3744cebb3d0de528d5887b96a727de79b1e'
[    0.631980] zswap: loaded using pool lzo/zbud
[    0.632032] Key type ._fscrypt registered
[    0.632032] Key type .fscrypt registered
[    0.636424] Key type big_key registered
[    0.638596] Key type encrypted registered
[    0.638599] AppArmor: AppArmor sha1 policy hashing enabled
[    0.638605] ima: No TPM chip found, activating TPM-bypass!
[    0.638609] ima: Allocated hash algorithm: sha1
[    0.638615] ima: No architecture policies found
[    0.638624] evm: Initialising EVM extended attributes:
[    0.638624] evm: security.selinux
[    0.638625] evm: security.SMACK64
[    0.638625] evm: security.SMACK64EXEC
[    0.638626] evm: security.SMACK64TRANSMUTE
[    0.638626] evm: security.SMACK64MMAP
[    0.638627] evm: security.apparmor
[    0.638627] evm: security.ima
[    0.638627] evm: security.capability
[    0.638628] evm: HMAC attrs: 0x1
[    0.638917] PM:   Magic number: 10:470:698
[    0.639028] rtc_cmos rtc_cmos: setting system clock to 2026-01-18T19:39:53 UTC (1768765193)
[    0.795150] ata1.00: ATA-6: VBOX HARDDISK, 1.0, max UDMA/133
[    0.795152] ata1.00: 209715200 sectors, multi 128: LBA 
[    0.795678] scsi 0:0:0:0: Direct-Access     ATA      VBOX HARDDISK    1.0  PQ: 0 ANSI: 5
[    0.795881] sd 0:0:0:0: [sda] 209715200 512-byte logical blocks: (107 GB/100 GiB)
[    0.795890] sd 0:0:0:0: [sda] Write Protect is off
[    0.795892] sd 0:0:0:0: [sda] Mode Sense: 00 3a 00 00
[    0.795904] sd 0:0:0:0: [sda] Write cache: enabled, read cache: enabled, doesn't support DPO or FUA
[    0.796131] sd 0:0:0:0: Attached scsi generic sg0 type 0
[    0.796681]  sda: sda1 sda2
[    0.807285] sd 0:0:0:0: [sda] Attached SCSI disk
[    0.809486] Freeing unused decrypted memory: 2040K
[    0.810236] Freeing unused kernel image memory: 2728K
[    0.810238] Write protecting the kernel read-only data: 22528k
[    0.810983] Freeing unused kernel image memory: 2036K
[    0.811407] Freeing unused kernel image memory: 1432K
[    0.828174] x86/mm: Checked W+X mappings: passed, no W+X pages found.
[    0.828179] Run /init as init process
[    0.930141] ACPI: Video Device [GFX0] (multi-head: yes  rom: no  post: no)
[    0.930212] input: Video Bus as /devices/LNXSYSTM:00/LNXSYBUS:00/PNP0A03:00/LNXVIDEO:00/input/input4
[    0.944881] pcnet32: pcnet32.c:v1.35 21.Apr.2008 tsbogend@alpha.franken.de
[    0.945636] pcnet32: PCnet/FAST III 79C973 at 0xd020, 08:00:27:38:61:43 assigned IRQ 19
[    0.945679] pcnet32: Found PHY 0022:561b at address 0
[    0.945978] pcnet32: eth0: registered as PCnet/FAST III 79C973
[    0.947577] piix4_smbus 0000:00:07.0: SMBus Host Controller at 0x4100, revision 0
[    0.950189] e1000: Intel(R) PRO/1000 Network Driver - version 7.3.21-k8-NAPI
[    0.950189] e1000: Copyright (c) 1999-2006 Intel Corporation.
[    0.955034] pcnet32: 1 cards_found
[    1.018357] pcnet32 0000:00:03.0 enp0s3: renamed from eth0
[    1.161937] input: ImExPS/2 Generic Explorer Mouse as /devices/platform/i8042/serio1/input/input5
[    1.355629] e1000 0000:00:08.0 eth0: (PCI:33MHz:32-bit) 08:00:27:22:f9:36
[    1.355634] e1000 0000:00:08.0 eth0: Intel(R) PRO/1000 Network Connection
[    1.731569] e1000 0000:00:09.0 eth1: (PCI:33MHz:32-bit) 08:00:27:a2:45:d6
[    1.731572] e1000 0000:00:09.0 eth1: Intel(R) PRO/1000 Network Connection
[    1.732704] e1000 0000:00:08.0 enp0s8: renamed from eth0
[    1.734464] e1000 0000:00:09.0 enp0s9: renamed from eth1
[    1.891821] EXT4-fs (sda2): mounted filesystem with ordered data mode. Opts: (null)
[    1.982392] systemd[1]: Inserted module 'autofs4'
[    1.992803] systemd[1]: systemd 245.4-4ubuntu3 running in system mode. (+PAM +AUDIT +SELINUX +IMA +APPARMOR +SMACK +SYSVINIT +UTMP +LIBCRYPTSETUP +GCRYPT +GNUTLS +ACL +XZ +LZ4 +SECCOMP +BLKID +ELFUTILS +KMOD +IDN2 -IDN +PCRE2 default-hierarchy=hybrid)
[    1.992833] systemd[1]: Detected virtualization oracle.
[    1.992836] systemd[1]: Detected architecture x86-64.
[    1.994100] systemd[1]: Set hostname to <ztg>.
[    2.117067] systemd[1]: /lib/systemd/system/dbus.socket:5: ListenStream= references a path below legacy directory /var/run/, updating /var/run/dbus/system_bus_socket â†’ /run/dbus/system_bus_socket; please update the unit file accordingly.
[    2.170075] systemd[1]: Created slice system-modprobe.slice.
[    2.170254] systemd[1]: Created slice User and Session Slice.
[    2.170297] systemd[1]: Started Forward Password Requests to Wall Directory Watch.
[    2.170463] systemd[1]: Set up automount Arbitrary Executable File Formats File System Automount Point.
[    2.170495] systemd[1]: Reached target User and Group Name Lookups.
[    2.170503] systemd[1]: Reached target Remote File Systems.
[    2.170512] systemd[1]: Reached target Slices.
[    2.171057] systemd[1]: Listening on Syslog Socket.
[    2.171124] systemd[1]: Listening on fsck to fsckd communication Socket.
[    2.171162] systemd[1]: Listening on initctl Compatibility Named Pipe.
[    2.171345] systemd[1]: Listening on Journal Audit Socket.
[    2.171398] systemd[1]: Listening on Journal Socket (/dev/log).
[    2.171476] systemd[1]: Listening on Journal Socket.
[    2.171539] systemd[1]: Listening on udev Control Socket.
[    2.171577] systemd[1]: Listening on udev Kernel Socket.
[    2.172266] systemd[1]: Mounting Huge Pages File System...
[    2.173130] systemd[1]: Mounting POSIX Message Queue File System...
[    2.173977] systemd[1]: Mounting Kernel Debug File System...
[    2.174807] systemd[1]: Mounting Kernel Trace File System...
[    2.176706] systemd[1]: Starting Journal Service...
[    2.198022] systemd[1]: Starting Set the console keyboard layout...
[    2.205689] systemd[1]: Starting Create list of static device nodes for the current kernel...
[    2.207697] systemd[1]: Starting Load Kernel Module drm...
[    2.208801] systemd[1]: Condition check resulted in Set Up Additional Binary Formats being skipped.
[    2.208840] systemd[1]: Condition check resulted in File System Check on Root Device being skipped.
[    2.221808] systemd[1]: Starting Load Kernel Modules...
[    2.227034] systemd[1]: Starting Remount Root and Kernel File Systems...
[    2.236445] systemd[1]: Starting udev Coldplug all Devices...
[    2.245529] systemd[1]: Starting Uncomplicated firewall...
[    2.248800] systemd[1]: Mounted Huge Pages File System.
[    2.248884] systemd[1]: Mounted POSIX Message Queue File System.
[    2.248953] systemd[1]: Mounted Kernel Debug File System.
[    2.249021] systemd[1]: Mounted Kernel Trace File System.
[    2.271565] EXT4-fs (sda2): re-mounted. Opts: errors=remount-ro
[    2.275609] systemd[1]: Finished Create list of static device nodes for the current kernel.
[    2.276609] systemd[1]: modprobe@drm.service: Succeeded.
[    2.282756] systemd[1]: Finished Load Kernel Module drm.
[    2.283347] systemd[1]: Finished Remount Root and Kernel File Systems.
[    2.285046] systemd[1]: Finished Uncomplicated firewall.
[    2.317031] lp: driver loaded but no devices found
[    2.319610] systemd[1]: Condition check resulted in Rebuild Hardware Database being skipped.
[    2.319643] systemd[1]: Condition check resulted in Platform Persistent Storage Archival being skipped.
[    2.320286] systemd[1]: Starting Load/Save Random Seed...
[    2.326014] systemd[1]: Starting Create System Users...
[    2.331517] ppdev: user-space parallel port driver
[    2.339607] systemd[1]: Finished Load/Save Random Seed.
[    2.342465] systemd[1]: Finished Create System Users.
[    2.343213] systemd[1]: Starting Create Static Device Nodes in /dev...
[    2.354153] systemd[1]: Finished udev Coldplug all Devices.
[    2.387851] systemd[1]: Finished Create Static Device Nodes in /dev.
[    2.388643] systemd[1]: Starting udev Kernel Device Manager...
[    2.427698] [drm] DMA map mode: Caching DMA mappings.
[    2.427759] [drm] Capabilities:
[    2.427760] [drm]   Rect copy.
[    2.427760] [drm]   Cursor.
[    2.427760] [drm]   Cursor bypass.
[    2.427761] [drm]   Cursor bypass 2.
[    2.427761] [drm]   Alpha cursor.
[    2.427761] [drm]   Extended Fifo.
[    2.427762] [drm]   Pitchlock.
[    2.427762] [drm]   Irq mask.
[    2.427762] [drm]   GMR.
[    2.427763] [drm]   Traces.
[    2.427763] [drm]   GMR2.
[    2.427763] [drm]   Screen Object 2.
[    2.427764] [drm]   Command Buffers.
[    2.427764] [drm]   Command Buffers 2.
[    2.427765] [drm]   Guest Backed Resources.
[    2.427765] [drm] Max GMR ids is 8192
[    2.427766] [drm] Max number of GMR pages is 1048576
[    2.427766] [drm] Max dedicated hypervisor surface memory is 393216 kiB
[    2.427767] [drm] Maximum display memory size is 131072 kiB
[    2.427768] [drm] VRAM at 0xe0000000 size is 131072 kiB
[    2.427768] [drm] MMIO at 0xf0000000 size is 2048 kiB
[    2.429373] [TTM] Zone  kernel: Available graphics memory: 1011738 KiB
[    2.429374] [TTM] Initializing pool allocator
[    2.429377] [TTM] Initializing DMA pool allocator
[    2.429404] [drm] Supports vblank timestamp caching Rev 2 (21.10.2013).
[    2.429404] [drm] No driver support for vblank timestamp query.
[    2.429621] [drm] Screen Target Display device initialized
[    2.429823] [drm] width 720
[    2.429832] [drm] height 400
[    2.429835] [drm] bpp 32
[    2.430360] [drm] Fifo max 0x00200000 min 0x00001000 cap 0x00000355
[    2.431451] [drm] Using command buffers with DMA pool.
[    2.451173] [drm] DX: no.
[    2.451174] [drm] Atomic: yes.
[    2.451174] [drm] SM4_1: no.
[    2.451194] [drm:vmw_host_log [vmwgfx]] *ERROR* Failed to send host log message.
[    2.452140] [drm:vmw_host_log [vmwgfx]] *ERROR* Failed to send host log message.
[    2.466586] systemd[1]: Finished Set the console keyboard layout.
[    2.466684] systemd[1]: Reached target Local File Systems (Pre).
[    2.468644] systemd[1]: Mounting Mount unit for bare, revision 5...
[    2.470652] systemd[1]: Mounting Mount unit for core18, revision 1705...
[    2.471512] fbcon: svgadrmfb (fb0) is primary device
[    2.473660] Console: switching to colour frame buffer device 100x37
[    2.480289] systemd[1]: Mounting Mount unit for gnome-3-34-1804, revision 24...
[    2.481844] [drm] Initialized vmwgfx 2.15.0 20180704 for 0000:00:02.0 on minor 0
[    2.493390] systemd[1]: Mounting Mount unit for gtk-common-themes, revision 1506...
[    2.515595] systemd[1]: Mounting Mount unit for gtk-common-themes, revision 1535...
[    2.524887] systemd[1]: Mounting Mount unit for snap-store, revision 433...
[    2.530319] systemd[1]: Mounting Mount unit for snapd, revision 7264...
[    2.533070] systemd[1]: Finished Load Kernel Modules.
[    2.534620] systemd[1]: Mounting FUSE Control File System...
[    2.539624] systemd[1]: Mounting Kernel Configuration File System...
[    2.553010] systemd[1]: Starting Apply Kernel Variables...
[    2.564238] systemd[1]: Mounted Mount unit for bare, revision 5.
[    2.570453] systemd[1]: Mounted FUSE Control File System.
[    2.570537] systemd[1]: Mounted Kernel Configuration File System.
[    2.570584] systemd[1]: Condition check resulted in VMware vmblock fuse mount being skipped.
[    2.578490] systemd[1]: Mounted Mount unit for gnome-3-34-1804, revision 24.
[    2.583457] systemd[1]: Finished Apply Kernel Variables.
[    2.594617] systemd[1]: Mounted Mount unit for core18, revision 1705.
[    2.594704] systemd[1]: Mounted Mount unit for gtk-common-themes, revision 1506.
[    2.597368] systemd[1]: Started udev Kernel Device Manager.
[    2.598038] systemd[1]: Starting Show Plymouth Boot Screen...
[    2.605824] systemd[1]: Mounted Mount unit for gtk-common-themes, revision 1535.
[    2.605914] systemd[1]: Mounted Mount unit for snap-store, revision 433.
[    2.605985] systemd[1]: Mounted Mount unit for snapd, revision 7264.
[    2.606034] systemd[1]: Reached target Local File Systems.
[    2.614989] systemd[1]: Starting Load AppArmor profiles...
[    2.619911] systemd[1]: Starting Set console font and keymap...
[    2.628674] systemd[1]: Starting Tell Plymouth To Write Out Runtime Data...
[    2.628729] systemd[1]: Condition check resulted in Store a System Token in an EFI Variable being skipped.
[    2.628774] systemd[1]: Condition check resulted in Commit a transient machine-id on disk being skipped.
[    2.629327] systemd[1]: Received SIGRTMIN+20 from PID 282 (plymouthd).
[    2.652800] systemd[1]: Finished Set console font and keymap.
[    2.653137] systemd[1]: plymouth-read-write.service: Succeeded.
[    2.653373] systemd[1]: Finished Tell Plymouth To Write Out Runtime Data.
[    2.653522] systemd[1]: Received SIGRTMIN+20 from PID 282 (plymouthd).
[    2.662617] systemd[1]: Started Show Plymouth Boot Screen.
[    2.662732] systemd[1]: Condition check resulted in Dispatch Password Requests to Console Directory Watch being skipped.
[    2.662805] systemd[1]: Started Forward Password Requests to Plymouth Directory Watch.
[    2.662837] systemd[1]: Reached target Local Encrypted Volumes.
[    2.687985] audit: type=1400 audit(1768765195.548:2): apparmor="STATUS" operation="profile_load" profile="unconfined" name="nvidia_modprobe" pid=294 comm="apparmor_parser"
[    2.687987] audit: type=1400 audit(1768765195.548:3): apparmor="STATUS" operation="profile_load" profile="unconfined" name="nvidia_modprobe//kmod" pid=294 comm="apparmor_parser"
[    2.692005] audit: type=1400 audit(1768765195.552:4): apparmor="STATUS" operation="profile_load" profile="unconfined" name="/usr/sbin/tcpdump" pid=301 comm="apparmor_parser"
[    2.734493] audit: type=1400 audit(1768765195.588:5): apparmor="STATUS" operation="profile_load" profile="unconfined" name="/usr/bin/evince" pid=303 comm="apparmor_parser"
[    2.734495] audit: type=1400 audit(1768765195.588:6): apparmor="STATUS" operation="profile_load" profile="unconfined" name="/usr/bin/evince//sanitized_helper" pid=303 comm="apparmor_parser"
[    2.734497] audit: type=1400 audit(1768765195.588:7): apparmor="STATUS" operation="profile_load" profile="unconfined" name="/usr/bin/evince-previewer" pid=303 comm="apparmor_parser"
[    2.734499] audit: type=1400 audit(1768765195.588:8): apparmor="STATUS" operation="profile_load" profile="unconfined" name="/usr/bin/evince-previewer//sanitized_helper" pid=303 comm="apparmor_parser"
[    2.734500] audit: type=1400 audit(1768765195.588:9): apparmor="STATUS" operation="profile_load" profile="unconfined" name="/usr/bin/evince-thumbnailer" pid=303 comm="apparmor_parser"
[    2.767107] audit: type=1400 audit(1768765195.624:10): apparmor="STATUS" operation="profile_load" profile="unconfined" name="/usr/lib/cups/backend/cups-pdf" pid=304 comm="apparmor_parser"
[    2.826338] systemd[1]: Finished Load AppArmor profiles.
[    2.827298] systemd[1]: Starting Load AppArmor profiles managed internally by snapd...
[    2.891749] systemd[1]: Finished Load AppArmor profiles managed internally by snapd.
[    3.133353] systemd[1]: Started Journal Service.
[    3.140156] systemd-journald[229]: Received client request to flush runtime journal.
[    3.146814] systemd-journald[229]: File /var/log/journal/c455b248004a419c87ce85eea238d727/system.journal corrupted or uncleanly shut down, renaming and replacing.
[    4.432987] RAPL PMU: API unit is 2^-32 Joules, 0 fixed counters, 10737418240 ms ovfl timer
[    4.507345] cryptd: max_cpu_qlen set to 1000
[    4.572871] AVX2 version of gcm_enc/dec engaged.
[    4.572872] AES CTR mode by8 optimization enabled
[    5.506778] Adding 1998844k swap on /dev/sda1.  Priority:-2 extents:1 across:1998844k FS
[    7.396332] kauditd_printk_skb: 30 callbacks suppressed
[    7.396334] audit: type=1400 audit(1768765200.252:41): apparmor="DENIED" operation="capable" profile="/usr/sbin/cups-browsed" pid=506 comm="cups-browsed" capability=23  capname="sys_nice"
[    7.854176] pcnet32 0000:00:03.0 enp0s3: link up, 100Mbps, full-duplex
[    7.891537] e1000: enp0s8 NIC Link is Up 1000 Mbps Full Duplex, Flow Control: RX
[    7.891816] IPv6: ADDRCONF(NETDEV_CHANGE): enp0s8: link becomes ready
[    7.909879] e1000: enp0s9 NIC Link is Up 1000 Mbps Full Duplex, Flow Control: RX
[    7.910174] IPv6: ADDRCONF(NETDEV_CHANGE): enp0s9: link becomes ready
[    8.469948] device enp0s3 entered promiscuous mode
[    8.509286] audit: type=1400 audit(1768765201.364:42): apparmor="DENIED" operation="open" profile="/usr/sbin/tcpdump" name="/proc/sys/kernel/random/boot_id" pid=723 comm="tcpdump" requested_mask="r" denied_mask="r" fsuid=0 ouid=0
[    8.511515] audit: type=1400 audit(1768765201.364:43): apparmor="DENIED" operation="open" profile="/usr/sbin/tcpdump" name="/proc/sys/kernel/random/boot_id" pid=723 comm="tcpdump" requested_mask="r" denied_mask="r" fsuid=0 ouid=0
[    8.511976] audit: type=1400 audit(1768765201.364:44): apparmor="DENIED" operation="open" profile="/usr/sbin/tcpdump" name="/proc/sys/kernel/random/boot_id" pid=723 comm="tcpdump" requested_mask="r" denied_mask="r" fsuid=0 ouid=0
[    8.512091] audit: type=1400 audit(1768765201.364:45): apparmor="DENIED" operation="open" profile="/usr/sbin/tcpdump" name="/proc/sys/kernel/random/boot_id" pid=723 comm="tcpdump" requested_mask="r" denied_mask="r" fsuid=0 ouid=0
[    8.532318] audit: type=1400 audit(1768765201.392:46): apparmor="DENIED" operation="open" profile="/usr/sbin/tcpdump" name="/proc/sys/kernel/random/boot_id" pid=724 comm="tcpdump" requested_mask="r" denied_mask="r" fsuid=0 ouid=0
[    8.534801] audit: type=1400 audit(1768765201.392:47): apparmor="DENIED" operation="open" profile="/usr/sbin/tcpdump" name="/proc/sys/kernel/random/boot_id" pid=724 comm="tcpdump" requested_mask="r" denied_mask="r" fsuid=0 ouid=0
[    8.534846] audit: type=1400 audit(1768765201.392:48): apparmor="DENIED" operation="open" profile="/usr/sbin/tcpdump" name="/proc/sys/kernel/random/boot_id" pid=724 comm="tcpdump" requested_mask="r" denied_mask="r" fsuid=0 ouid=0
[    8.534942] audit: type=1400 audit(1768765201.392:49): apparmor="DENIED" operation="open" profile="/usr/sbin/tcpdump" name="/proc/sys/kernel/random/boot_id" pid=724 comm="tcpdump" requested_mask="r" denied_mask="r" fsuid=0 ouid=0
[   13.137365] rfkill: input handler disabled
[  236.917647] AAAAA-TCP_FORW: name:enp0s3: saddr:100932208: daddr:16783984
[  236.943221] AAAAA-TCP_FORW: name:enp0s3: saddr:100932208: daddr:16783984
[  237.636171] AAAAA-TCP_FORW: name:enp0s3: saddr:100932208: daddr:33561200
[  237.680000] AAAAA-TCP_FORW: name:enp0s3: saddr:100932208: daddr:16783984
[  237.730130] AAAAA-TCP_FORW: name:enp0s3: saddr:100932208: daddr:16783984
[  238.047938] AAAAA-TCP_FORW: name:enp0s3: saddr:100932208: daddr:33561200
[  238.303399] AAAAA-TCP_FORW: name:enp0s3: saddr:100932208: daddr:16783984
[  238.681015] AAAAA-TCP_FORW: name:enp0s3: saddr:100932208: daddr:16783984
[  239.450954] AAAAA-TCP_FORW: name:enp0s3: saddr:100932208: daddr:33561200
[  239.750100] AAAAA-TCP_FORW: name:enp0s3: saddr:100932208: daddr:33561200
[  239.788525] AAAAA-TCP_FORW: name:enp0s3: saddr:100932208: daddr:16783984
[  239.813233] AAAAA-TCP_FORW: name:enp0s3: saddr:16783984: daddr:100932208
[  239.926557] AAAAA-TCP_FORW: name:enp0s3: saddr:100932208: daddr:16783984
[  239.954202] AAAAA-TCP_FORW: name:enp0s3: saddr:16783984: daddr:100932208
[  239.992980] AAAAA-TCP_FORW: name:enp0s3: saddr:100932208: daddr:16783984
[  240.068340] AAAAA-TCP_FORW: name:enp0s3: saddr:16783984: daddr:100932208
[  240.101297] AAAAA-TCP_FORW: name:enp0s3: saddr:33561200: daddr:100932208
[  240.207969] AAAAA-TCP_FORW: name:enp0s3: saddr:100932208: daddr:33561200
[  240.226754] AAAAA-TCP_FORW: name:enp0s3: saddr:33561200: daddr:100932208
[  240.388616] AAAAA-TCP_FORW: name:enp0s3: saddr:100932208: daddr:33561200
[  240.400263] AAAAA-TCP_FORW: name:enp0s3: saddr:33561200: daddr:100932208
[  240.432697] AAAAA-TCP_FORW: name:enp0s3: saddr:100932208: daddr:33561200
[  240.505927] AAAAA-TCP_FORW: name:enp0s3: saddr:33561200: daddr:100932208
[  240.589444] AAAAA-TCP_FORW: name:enp0s3: saddr:100932208: daddr:33561200
[  240.669797] AAAAA-TCP_FORW: name:enp0s3: saddr:100932208: daddr:16783984
[  240.740920] AAAAA-TCP_FORW: name:enp0s3: saddr:100932208: daddr:16783984
[  240.765599] AAAAA-TCP_FORW: name:enp0s3: saddr:16783984: daddr:100932208
[  240.858175] AAAAA-TCP_FORW: name:enp0s3: saddr:16783984: daddr:100932208
[  240.866428] AAAAA-TCP_FORW: name:enp0s3: saddr:100932208: daddr:16783984
[  240.950477] AAAAA-TCP_FORW: name:enp0s3: saddr:100932208: daddr:16783984
[  241.014051] AAAAA-TCP_FORW: name:enp0s3: saddr:100932208: daddr:16783984
[  241.078554] AAAAA-TCP_FORW: name:enp0s3: saddr:16783984: daddr:100932208
[  241.090734] AAAAA-TCP_FORW: name:enp0s3: saddr:100932208: daddr:16783984
[  241.121130] AAAAA-TCP_FORW: name:enp0s3: saddr:16783984: daddr:100932208
[  241.168730] AAAAA-TCP_FORW: name:enp0s3: saddr:16783984: daddr:100932208
[  241.233788] AAAAA-TCP_FORW: name:enp0s3: saddr:100932208: daddr:16783984
[  241.248556] AAAAA-TCP_FORW: name:enp0s3: saddr:16783984: daddr:100932208
[  241.378778] AAAAA-TCP_FORW: name:enp0s3: saddr:100932208: daddr:16783984
[  241.454304] AAAAA-TCP_FORW: name:enp0s3: saddr:16783984: daddr:100932208
[  241.491558] AAAAA-TCP_FORW: name:enp0s3: saddr:100932208: daddr:16783984
[  241.639154] AAAAA-TCP_FORW: name:enp0s3: saddr:16783984: daddr:100932208
[  241.730241] AAAAA-TCP_FORW: name:enp0s3: saddr:16783984: daddr:100932208
[  241.769514] AAAAA-TCP_FORW: name:enp0s3: saddr:100932208: daddr:16783984
[  241.867221] AAAAA-TCP_FORW: name:enp0s3: saddr:100932208: daddr:33561200
[  241.946365] AAAAA-TCP_FORW: name:enp0s3: saddr:100932208: daddr:33561200
[  241.962903] AAAAA-TCP_FORW: name:enp0s3: saddr:16783984: daddr:100932208
[  241.999858] AAAAA-TCP_FORW: name:enp0s3: saddr:100932208: daddr:33561200
[  242.014067] AAAAA-TCP_FORW: name:enp0s3: saddr:33561200: daddr:100932208
[  242.042356] AAAAA-TCP_FORW: name:enp0s3: saddr:33561200: daddr:100932208
[  242.065136] AAAAA-TCP_FORW: name:enp0s3: saddr:100932208: daddr:33561200
[  242.122417] AAAAA-TCP_FORW: name:enp0s3: saddr:33561200: daddr:100932208
[  242.131490] AAAAA-TCP_FORW: name:enp0s3: saddr:100932208: daddr:33561200
[  242.225458] AAAAA-TCP_FORW: name:enp0s3: saddr:100932208: daddr:33561200
[  242.314713] AAAAA-TCP_FORW: name:enp0s3: saddr:100932208: daddr:33561200
[  242.378358] AAAAA-TCP_FORW: name:enp0s3: saddr:33561200: daddr:100932208
[  242.479006] AAAAA-TCP_FORW: name:enp0s3: saddr:33561200: daddr:100932208
[  242.506577] AAAAA-TCP_FORW: name:enp0s3: saddr:100932208: daddr:33561200
[  242.528934] AAAAA-TCP_FORW: name:enp0s3: saddr:100932208: daddr:33561200
[  242.549667] AAAAA-TCP_FORW: name:enp0s3: saddr:33561200: daddr:100932208
[  242.627299] AAAAA-TCP_FORW: name:enp0s3: saddr:33561200: daddr:100932208
[  242.759587] AAAAA-TCP_FORW: name:enp0s3: saddr:33561200: daddr:100932208
[  242.780727] AAAAA-TCP_FORW: name:enp0s3: saddr:100932208: daddr:33561200
[  242.805627] AAAAA-TCP_FORW: name:enp0s3: saddr:33561200: daddr:100932208
[  242.821598] AAAAA-TCP_FORW: name:enp0s3: saddr:100932208: daddr:16783984
[  242.882072] AAAAA-TCP_FORW: name:enp0s3: saddr:100932208: daddr:33561200
[  242.934603] AAAAA-TCP_FORW: name:enp0s3: saddr:100932208: daddr:33561200
[  242.974172] AAAAA-TCP_FORW: name:enp0s3: saddr:100932208: daddr:16783984
[  243.053496] AAAAA-TCP_FORW: name:enp0s3: saddr:33561200: daddr:100932208
[  243.065660] AAAAA-TCP_FORW: name:enp0s3: saddr:100932208: daddr:16783984
[  243.114503] AAAAA-TCP_FORW: name:enp0s3: saddr:100932208: daddr:16783984
[  243.135993] AAAAA-TCP_FORW: name:enp0s3: saddr:100932208: daddr:16783984
[  243.155362] AAAAA-TCP_FORW: name:enp0s3: saddr:16783984: daddr:100932208
[  243.205751] AAAAA-TCP_FORW: name:enp0s3: saddr:33561200: daddr:100932208
[  243.240329] AAAAA-TCP_FORW: name:enp0s3: saddr:100932208: daddr:16783984
[  243.296608] AAAAA-TCP_FORW: name:enp0s3: saddr:16783984: daddr:100932208
[  243.386276] AAAAA-TCP_FORW: name:enp0s3: saddr:100932208: daddr:33561200
[  243.483614] AAAAA-TCP_FORW: name:enp0s3: saddr:16783984: daddr:100932208
[  243.503698] AAAAA-TCP_FORW: name:enp0s3: saddr:100932208: daddr:16783984
[  243.539032] AAAAA-TCP_FORW: name:enp0s3: saddr:16783984: daddr:100932208
[  243.592205] AAAAA-TCP_FORW: name:enp0s3: saddr:16783984: daddr:100932208
[  243.715683] AAAAA-TCP_FORW: name:enp0s3: saddr:100932208: daddr:16783984
[  243.784079] AAAAA-TCP_FORW: name:enp0s3: saddr:16783984: daddr:100932208
[  243.954921] AAAAA-TCP_FORW: name:enp0s3: saddr:33561200: daddr:100932208
[  244.074351] AAAAA-TCP_FORW: name:enp0s3: saddr:100932208: daddr:16783984
[  244.145542] AAAAA-TCP_FORW: name:enp0s3: saddr:16783984: daddr:100932208
[  244.362810] AAAAA-TCP_FORW: name:enp0s3: saddr:16783984: daddr:100932208
[  244.400422] AAAAA-TCP_FORW: name:enp0s3: saddr:100932208: daddr:16783984
[  244.444444] AAAAA-TCP_FORW: name:enp0s3: saddr:100932208: daddr:16783984
[  244.489868] AAAAA-TCP_FORW: name:enp0s3: saddr:100932208: daddr:16783984
[  244.512757] AAAAA-TCP_FORW: name:enp0s3: saddr:16783984: daddr:100932208
[  244.602986] AAAAA-TCP_FORW: name:enp0s3: saddr:100932208: daddr:16783984
[  244.649080] AAAAA-TCP_FORW: name:enp0s3: saddr:16783984: daddr:100932208
[  244.698835] AAAAA-TCP_FORW: name:enp0s3: saddr:16783984: daddr:100932208
[  244.731373] AAAAA-TCP_FORW: name:enp0s3: saddr:100932208: daddr:16783984
[  244.747130] AAAAA-TCP_FORW: name:enp0s3: saddr:16783984: daddr:100932208
[  244.803510] AAAAA-TCP_FORW: name:enp0s3: saddr:16783984: daddr:100932208
[  244.907587] AAAAA-TCP_FORW: name:enp0s3: saddr:100932208: daddr:16783984
[  244.928985] AAAAA-TCP_FORW: name:enp0s3: saddr:16783984: daddr:100932208
[  244.948328] AAAAA-TCP_FORW: name:enp0s3: saddr:100932208: daddr:16783984
[  245.043181] AAAAA-TCP_FORW: name:enp0s3: saddr:100932208: daddr:16783984
[  245.081947] AAAAA-TCP_FORW: name:enp0s3: saddr:16783984: daddr:100932208
[  245.138598] AAAAA-TCP_FORW: name:enp0s3: saddr:100932208: daddr:16783984
[  245.195318] AAAAA-TCP_FORW: name:enp0s3: saddr:16783984: daddr:100932208
[  245.221046] AAAAA-TCP_FORW: name:enp0s3: saddr:100932208: daddr:16783984
[  245.248876] AAAAA-TCP_FORW: name:enp0s3: saddr:100932208: daddr:16783984
[  245.281645] AAAAA-TCP_FORW: name:enp0s3: saddr:16783984: daddr:100932208
[  245.346271] AAAAA-TCP_FORW: name:enp0s3: saddr:100932208: daddr:16783984
[  245.368798] AAAAA-TCP_FORW: name:enp0s3: saddr:16783984: daddr:100932208
[  245.509517] AAAAA-TCP_FORW: name:enp0s3: saddr:16783984: daddr:100932208
[  245.518244] AAAAA-TCP_FORW: name:enp0s3: saddr:100932208: daddr:16783984
[  245.596858] AAAAA-TCP_FORW: name:enp0s3: saddr:100932208: daddr:33561200
[  245.621828] AAAAA-TCP_FORW: name:enp0s3: saddr:16783984: daddr:100932208
[  245.779766] AAAAA-TCP_FORW: name:enp0s3: saddr:16783984: daddr:100932208
[  245.812837] AAAAA-TCP_FORW: name:enp0s3: saddr:33561200: daddr:100932208
[  245.821679] AAAAA-TCP_FORW: name:enp0s3: saddr:100932208: daddr:33561200
[  245.843177] AAAAA-TCP_FORW: name:enp0s3: saddr:100932208: daddr:33561200
[  246.099420] AAAAA-TCP_FORW: name:enp0s3: saddr:100932208: daddr:33561200
[  246.227915] AAAAA-TCP_FORW: name:enp0s3: saddr:100932208: daddr:33561200
[  246.303728] AAAAA-TCP_FORW: name:enp0s3: saddr:100932208: daddr:33561200
[  246.495836] AAAAA-TCP_FORW: name:enp0s3: saddr:100932208: daddr:33561200
[  246.671058] AAAAA-TCP_FORW: name:enp0s3: saddr:100932208: daddr:33561200
[  246.778880] AAAAA-TCP_FORW: name:enp0s3: saddr:100932208: daddr:33561200
[  246.804093] AAAAA-TCP_FORW: name:enp0s3: saddr:100932208: daddr:33561200
[  246.859353] AAAAA-TCP_FORW: name:enp0s3: saddr:100932208: daddr:33561200
[  246.926688] AAAAA-TCP_FORW: name:enp0s3: saddr:100932208: daddr:33561200
[  247.074922] AAAAA-TCP_FORW: name:enp0s3: saddr:100932208: daddr:33561200
[  247.114098] AAAAA-TCP_FORW: name:enp0s3: saddr:100932208: daddr:33561200
[  247.223452] AAAAA-TCP_FORW: name:enp0s3: saddr:100932208: daddr:33561200
[  247.226162] AAAAA-TCP_FORW: name:enp0s3: saddr:100932208: daddr:33561200
[  247.347747] AAAAA-TCP_FORW: name:enp0s3: saddr:100932208: daddr:33561200
[  247.430216] AAAAA-TCP_FORW: name:enp0s3: saddr:100932208: daddr:33561200
[  247.622270] AAAAA-TCP_FORW: name:enp0s3: saddr:100932208: daddr:33561200
[  247.624833] AAAAA-TCP_FORW: name:enp0s3: saddr:100932208: daddr:33561200
[  247.988929] AAAAA-TCP_FORW: name:enp0s3: saddr:100932208: daddr:16783984
[  248.138685] AAAAA-TCP_FORW: name:enp0s3: saddr:100932208: daddr:16783984
[  248.267189] AAAAA-TCP_FORW: name:enp0s3: saddr:100932208: daddr:16783984
[  248.392475] AAAAA-TCP_FORW: name:enp0s3: saddr:100932208: daddr:16783984
[  248.563243] AAAAA-TCP_FORW: name:enp0s3: saddr:100932208: daddr:16783984
[  248.640133] AAAAA-TCP_FORW: name:enp0s3: saddr:100932208: daddr:16783984
[  248.906755] AAAAA-TCP_FORW: name:enp0s3: saddr:100932208: daddr:16783984
[  249.185194] AAAAA-TCP_FORW: name:enp0s3: saddr:100932208: daddr:16783984
[  249.204140] AAAAA-TCP_FORW: name:enp0s3: saddr:100932208: daddr:16783984
[  249.322503] AAAAA-TCP_FORW: name:enp0s3: saddr:100932208: daddr:16783984
[  249.462950] AAAAA-TCP_FORW: name:enp0s3: saddr:100932208: daddr:16783984
[  249.522678] AAAAA-TCP_FORW: name:enp0s3: saddr:100932208: daddr:16783984
[  249.641603] AAAAA-TCP_FORW: name:enp0s3: saddr:100932208: daddr:16783984
[  249.711439] AAAAA-TCP_FORW: name:enp0s3: saddr:100932208: daddr:16783984
[  249.720641] AAAAA-TCP_FORW: name:enp0s3: saddr:100932208: daddr:16783984
[  249.833712] AAAAA-TCP_FORW: name:enp0s3: saddr:100932208: daddr:16783984
[  249.836296] AAAAA-TCP_FORW: name:enp0s3: saddr:100932208: daddr:16783984
[  249.966031] AAAAA-TCP_FORW: name:enp0s3: saddr:100932208: daddr:16783984
[  250.020783] AAAAA-TCP_FORW: name:enp0s3: saddr:100932208: daddr:16783984
[  250.099697] AAAAA-TCP_FORW: name:enp0s3: saddr:100932208: daddr:16783984
[  250.189864] AAAAA-TCP_FORW: name:enp0s3: saddr:100932208: daddr:16783984
[  250.234649] AAAAA-TCP_FORW: name:enp0s3: saddr:100932208: daddr:16783984
[  250.323533] AAAAA-TCP_FORW: name:enp0s3: saddr:100932208: daddr:16783984
[  250.444998] AAAAA-TCP_FORW: name:enp0s3: saddr:100932208: daddr:16783984
[  250.471692] AAAAA-TCP_FORW: name:enp0s3: saddr:100932208: daddr:16783984
[  250.554011] AAAAA-TCP_FORW: name:enp0s3: saddr:100932208: daddr:16783984
[  250.740450] AAAAA-TCP_FORW: name:enp0s3: saddr:100932208: daddr:33561200
[  250.743029] AAAAA-TCP_FORW: name:enp0s3: saddr:100932208: daddr:33561200
[  250.977599] AAAAA-TCP_FORW: name:enp0s3: saddr:100932208: daddr:33561200
[  251.056613] AAAAA-TCP_FORW: name:enp0s3: saddr:100932208: daddr:33561200
[  251.102440] AAAAA-TCP_FORW: name:enp0s3: saddr:100932208: daddr:33561200
[  251.222588] AAAAA-TCP_FORW: name:enp0s3: saddr:100932208: daddr:33561200
[  251.252307] AAAAA-TCP_FORW: name:enp0s3: saddr:100932208: daddr:33561200
[  251.325744] AAAAA-TCP_FORW: name:enp0s3: saddr:100932208: daddr:33561200
[  251.463851] AAAAA-TCP_FORW: name:enp0s3: saddr:100932208: daddr:33561200
[  251.598862] AAAAA-TCP_FORW: name:enp0s3: saddr:100932208: daddr:33561200
[  251.653621] AAAAA-TCP_FORW: name:enp0s3: saddr:100932208: daddr:33561200
[  251.742278] AAAAA-TCP_FORW: name:enp0s3: saddr:100932208: daddr:33561200
[  251.836556] AAAAA-TCP_FORW: name:enp0s3: saddr:100932208: daddr:33561200
[  251.898958] AAAAA-TCP_FORW: name:enp0s3: saddr:100932208: daddr:33561200
[  251.966168] AAAAA-TCP_FORW: name:enp0s3: saddr:100932208: daddr:33561200
[  252.048438] AAAAA-TCP_FORW: name:enp0s3: saddr:100932208: daddr:33561200
[  252.126456] AAAAA-TCP_FORW: name:enp0s3: saddr:100932208: daddr:33561200
[  252.231032] AAAAA-TCP_FORW: name:enp0s3: saddr:100932208: daddr:33561200
[  252.302177] AAAAA-TCP_FORW: name:enp0s3: saddr:100932208: daddr:33561200
[  252.381930] AAAAA-TCP_FORW: name:enp0s3: saddr:100932208: daddr:33561200
[  252.452270] AAAAA-TCP_FORW: name:enp0s3: saddr:100932208: daddr:33561200
[  252.506715] AAAAA-TCP_FORW: name:enp0s3: saddr:100932208: daddr:33561200
[  252.563329] AAAAA-TCP_FORW: name:enp0s3: saddr:100932208: daddr:33561200
[  252.568781] AAAAA-TCP_FORW: name:enp0s3: saddr:100932208: daddr:33561200
[  252.667676] AAAAA-TCP_FORW: name:enp0s3: saddr:100932208: daddr:33561200
[  252.744397] AAAAA-TCP_FORW: name:enp0s3: saddr:100932208: daddr:33561200
[  252.796959] AAAAA-TCP_FORW: name:enp0s3: saddr:100932208: daddr:33561200
[  252.856023] AAAAA-TCP_FORW: name:enp0s3: saddr:100932208: daddr:33561200
[  252.916551] AAAAA-TCP_FORW: name:enp0s3: saddr:100932208: daddr:16783984
[  253.004486] AAAAA-TCP_FORW: name:enp0s3: saddr:100932208: daddr:16783984
[  253.072014] AAAAA-TCP_FORW: name:enp0s3: saddr:100932208: daddr:16783984
[  253.170226] AAAAA-TCP_FORW: name:enp0s3: saddr:100932208: daddr:16783984
[  253.205673] AAAAA-TCP_FORW: name:enp0s3: saddr:100932208: daddr:16783984
[  253.237034] AAAAA-TCP_FORW: name:enp0s3: saddr:100932208: daddr:16783984
[  253.294673] AAAAA-TCP_FORW: name:enp0s3: saddr:100932208: daddr:16783984
[  253.309062] AAAAA-TCP_FORW: name:enp0s3: saddr:100932208: daddr:16783984
[  253.429141] AAAAA-TCP_FORW: name:enp0s3: saddr:100932208: daddr:16783984
[  253.434472] AAAAA-TCP_FORW: name:enp0s3: saddr:100932208: daddr:16783984
[  253.605474] AAAAA-TCP_FORW: name:enp0s3: saddr:100932208: daddr:16783984
[  253.766431] AAAAA-TCP_FORW: name:enp0s3: saddr:100932208: daddr:16783984
[  253.958815] AAAAA-TCP_FORW: name:enp0s3: saddr:100932208: daddr:16783984
[  254.050120] AAAAA-TCP_FORW: name:enp0s3: saddr:100932208: daddr:16783984
[  254.314849] AAAAA-TCP_FORW: name:enp0s3: saddr:100932208: daddr:16783984
[  254.465818] AAAAA-TCP_FORW: name:enp0s3: saddr:100932208: daddr:16783984
[  254.543451] AAAAA-TCP_FORW: name:enp0s3: saddr:100932208: daddr:16783984
[  254.862622] AAAAA-TCP_FORW: name:enp0s3: saddr:100932208: daddr:16783984
[  255.388561] AAAAA-TCP_FORW: name:enp0s3: saddr:100932208: daddr:33561200
[  255.583026] AAAAA-TCP_FORW: name:enp0s3: saddr:100932208: daddr:33561200
[  255.709757] AAAAA-TCP_FORW: name:enp0s3: saddr:100932208: daddr:33561200
[  255.818816] AAAAA-TCP_FORW: name:enp0s3: saddr:100932208: daddr:33561200
[  256.084503] AAAAA-TCP_FORW: name:enp0s3: saddr:100932208: daddr:33561200
[  256.174211] AAAAA-TCP_FORW: name:enp0s3: saddr:100932208: daddr:33561200
[  256.369849] AAAAA-TCP_FORW: name:enp0s3: saddr:100932208: daddr:33561200
[  257.237411] AAAAA-TCP_FORW: name:enp0s3: saddr:100932208: daddr:16783984
[  257.432916] AAAAA-TCP_FORW: name:enp0s3: saddr:100932208: daddr:16783984
[  257.625005] AAAAA-TCP_FORW: name:enp0s3: saddr:100932208: daddr:16783984
[  257.785478] AAAAA-TCP_FORW: name:enp0s3: saddr:100932208: daddr:33561200
[  263.570102] AAAAA-TCP_FORW: name:enp0s3: saddr:100932208: daddr:16783984
[  263.679200] AAAAA-TCP_FORW: name:enp0s3: saddr:100932208: daddr:33561200
[  263.811151] AAAAA-TCP_FORW: name:enp0s3: saddr:100932208: daddr:33561200
[  263.880067] AAAAA-TCP_FORW: name:enp0s3: saddr:100932208: daddr:33561200
[  264.000836] AAAAA-TCP_FORW: name:enp0s3: saddr:100932208: daddr:33561200
[  264.072509] AAAAA-TCP_FORW: name:enp0s3: saddr:100932208: daddr:33561200
[  264.159553] AAAAA-TCP_FORW: name:enp0s3: saddr:100932208: daddr:33561200
[  264.273177] AAAAA-TCP_FORW: name:enp0s3: saddr:100932208: daddr:33561200
[  264.332191] AAAAA-TCP_FORW: name:enp0s3: saddr:100932208: daddr:33561200
[  264.398954] AAAAA-TCP_FORW: name:enp0s3: saddr:100932208: daddr:16783984
[  264.457215] AAAAA-TCP_FORW: name:enp0s3: saddr:100932208: daddr:16783984
[  264.581457] AAAAA-TCP_FORW: name:enp0s3: saddr:100932208: daddr:16783984
[  264.645992] AAAAA-TCP_FORW: name:enp0s3: saddr:100932208: daddr:16783984
[  264.740650] AAAAA-TCP_FORW: name:enp0s3: saddr:100932208: daddr:16783984
[  264.819229] AAAAA-TCP_FORW: name:enp0s3: saddr:100932208: daddr:16783984
[  264.903169] AAAAA-TCP_FORW: name:enp0s3: saddr:100932208: daddr:16783984
[  264.954831] AAAAA-TCP_FORW: name:enp0s3: saddr:100932208: daddr:16783984
[  265.070457] AAAAA-TCP_FORW: name:enp0s3: saddr:100932208: daddr:16783984
[  265.124394] AAAAA-TCP_FORW: name:enp0s3: saddr:100932208: daddr:16783984
[  265.200333] AAAAA-TCP_FORW: name:enp0s3: saddr:100932208: daddr:16783984
[  265.286841] AAAAA-TCP_FORW: name:enp0s3: saddr:100932208: daddr:33561200
[  265.376637] AAAAA-TCP_FORW: name:enp0s3: saddr:100932208: daddr:33561200
[  265.456819] AAAAA-TCP_FORW: name:enp0s3: saddr:100932208: daddr:33561200
[  265.543695] AAAAA-TCP_FORW: name:enp0s3: saddr:100932208: daddr:33561200
[  265.623938] AAAAA-TCP_FORW: name:enp0s3: saddr:100932208: daddr:16783984
[  265.707786] AAAAA-TCP_FORW: name:enp0s3: saddr:100932208: daddr:16783984
[  265.799414] AAAAA-TCP_FORW: name:enp0s3: saddr:100932208: daddr:16783984
[  265.904183] AAAAA-TCP_FORW: name:enp0s3: saddr:100932208: daddr:16783984
[  265.988861] AAAAA-TCP_FORW: name:enp0s3: saddr:100932208: daddr:33561200
[  266.059232] AAAAA-TCP_FORW: name:enp0s3: saddr:100932208: daddr:33561200
[  266.127621] AAAAA-TCP_FORW: name:enp0s3: saddr:100932208: daddr:16783984
[  266.228750] AAAAA-TCP_FORW: name:enp0s3: saddr:100932208: daddr:16783984
[  266.322877] AAAAA-TCP_FORW: name:enp0s3: saddr:100932208: daddr:33561200
[  266.412166] AAAAA-TCP_FORW: name:enp0s3: saddr:100932208: daddr:16783984
[  266.505201] AAAAA-TCP_FORW: name:enp0s3: saddr:100932208: daddr:16783984
[  266.579720] AAAAA-TCP_FORW: name:enp0s3: saddr:100932208: daddr:16783984
[  266.687019] AAAAA-TCP_FORW: name:enp0s3: saddr:100932208: daddr:16783984
[  266.748315] AAAAA-TCP_FORW: name:enp0s3: saddr:100932208: daddr:16783984
[  266.879306] AAAAA-TCP_FORW: name:enp0s3: saddr:100932208: daddr:16783984
[  266.961820] AAAAA-TCP_FORW: name:enp0s3: saddr:100932208: daddr:16783984
[  267.012249] AAAAA-TCP_FORW: name:enp0s3: saddr:100932208: daddr:33561200
[  267.102411] AAAAA-TCP_FORW: name:enp0s3: saddr:100932208: daddr:33561200
[  267.159470] AAAAA-TCP_FORW: name:enp0s3: saddr:100932208: daddr:33561200
[  267.269198] AAAAA-TCP_FORW: name:enp0s3: saddr:100932208: daddr:33561200
[  267.354339] AAAAA-TCP_FORW: name:enp0s3: saddr:100932208: daddr:33561200
[  267.404991] AAAAA-TCP_FORW: name:enp0s3: saddr:100932208: daddr:33561200
[  267.456987] AAAAA-TCP_FORW: name:enp0s3: saddr:100932208: daddr:33561200
[  267.533235] AAAAA-TCP_FORW: name:enp0s3: saddr:100932208: daddr:33561200
[  267.558798] AAAAA-TCP_FORW: name:enp0s3: saddr:100932208: daddr:33561200
[  267.627906] AAAAA-TCP_FORW: name:enp0s3: saddr:100932208: daddr:16783984
[  267.705481] AAAAA-TCP_FORW: name:enp0s3: saddr:100932208: daddr:16783984
[  267.743497] AAAAA-TCP_FORW: name:enp0s3: saddr:100932208: daddr:16783984
[  267.839288] AAAAA-TCP_FORW: name:enp0s3: saddr:100932208: daddr:16783984
[  267.916500] AAAAA-TCP_FORW: name:enp0s3: saddr:100932208: daddr:16783984
[  267.919117] AAAAA-TCP_FORW: name:enp0s3: saddr:100932208: daddr:16783984
[  268.060864] AAAAA-TCP_FORW: name:enp0s3: saddr:100932208: daddr:16783984
[  268.119503] AAAAA-TCP_FORW: name:enp0s3: saddr:100932208: daddr:16783984
[  268.190953] AAAAA-TCP_FORW: name:enp0s3: saddr:100932208: daddr:16783984
[  268.301695] AAAAA-TCP_FORW: name:enp0s3: saddr:100932208: daddr:16783984
[  268.304515] AAAAA-TCP_FORW: name:enp0s3: saddr:100932208: daddr:16783984
[  268.480212] AAAAA-TCP_FORW: name:enp0s3: saddr:100932208: daddr:16783984
[  268.535965] AAAAA-TCP_FORW: name:enp0s3: saddr:100932208: daddr:33561200
[  268.629106] AAAAA-TCP_FORW: name:enp0s3: saddr:100932208: daddr:33561200
[  268.719419] AAAAA-TCP_FORW: name:enp0s3: saddr:100932208: daddr:33561200
[  268.832022] AAAAA-TCP_FORW: name:enp0s3: saddr:100932208: daddr:33561200
[  268.923736] AAAAA-TCP_FORW: name:enp0s3: saddr:100932208: daddr:33561200
[  268.988602] AAAAA-TCP_FORW: name:enp0s3: saddr:100932208: daddr:33561200
[  269.107351] AAAAA-TCP_FORW: name:enp0s3: saddr:100932208: daddr:16783984
[  269.166461] AAAAA-TCP_FORW: name:enp0s3: saddr:100932208: daddr:16783984
[  269.227715] AAAAA-TCP_FORW: name:enp0s3: saddr:100932208: daddr:16783984
[  269.364139] AAAAA-TCP_FORW: name:enp0s3: saddr:100932208: daddr:16783984
[  269.428817] AAAAA-TCP_FORW: name:enp0s3: saddr:100932208: daddr:16783984
[  269.531559] AAAAA-TCP_FORW: name:enp0s3: saddr:100932208: daddr:33561200
[  269.587951] AAAAA-TCP_FORW: name:enp0s3: saddr:100932208: daddr:33561200
[  269.666373] AAAAA-TCP_FORW: name:enp0s3: saddr:100932208: daddr:33561200
[  269.734244] AAAAA-TCP_FORW: name:enp0s3: saddr:100932208: daddr:16783984
[  269.814692] AAAAA-TCP_FORW: name:enp0s3: saddr:100932208: daddr:16783984
[  269.878565] AAAAA-TCP_FORW: name:enp0s3: saddr:100932208: daddr:16783984
[  269.883943] AAAAA-TCP_FORW: name:enp0s3: saddr:100932208: daddr:16783984
[  269.978539] AAAAA-TCP_FORW: name:enp0s3: saddr:100932208: daddr:33561200
[  270.039413] AAAAA-TCP_FORW: name:enp0s3: saddr:100932208: daddr:33561200
[  270.183645] AAAAA-TCP_FORW: name:enp0s3: saddr:100932208: daddr:16783984
[  270.228090] AAAAA-TCP_FORW: name:enp0s3: saddr:100932208: daddr:16783984
[  270.287038] AAAAA-TCP_FORW: name:enp0s3: saddr:100932208: daddr:16783984
[  270.386029] AAAAA-TCP_FORW: name:enp0s3: saddr:100932208: daddr:16783984
[  270.442247] AAAAA-TCP_FORW: name:enp0s3: saddr:100932208: daddr:16783984
[  270.514920] AAAAA-TCP_FORW: name:enp0s3: saddr:100932208: daddr:16783984
[  270.573520] AAAAA-TCP_FORW: name:enp0s3: saddr:100932208: daddr:16783984
[  270.639531] AAAAA-TCP_FORW: name:enp0s3: saddr:100932208: daddr:16783984
[  270.698988] AAAAA-TCP_FORW: name:enp0s3: saddr:100932208: daddr:16783984
[  270.782933] AAAAA-TCP_FORW: name:enp0s3: saddr:100932208: daddr:16783984
[  270.830706] AAAAA-TCP_FORW: name:enp0s3: saddr:100932208: daddr:16783984
[  270.908596] AAAAA-TCP_FORW: name:enp0s3: saddr:100932208: daddr:33561200
[  270.968204] AAAAA-TCP_FORW: name:enp0s3: saddr:100932208: daddr:33561200
[  271.046194] AAAAA-TCP_FORW: name:enp0s3: saddr:100932208: daddr:33561200
[  271.095262] AAAAA-TCP_FORW: name:enp0s3: saddr:100932208: daddr:33561200
[  271.158084] AAAAA-TCP_FORW: name:enp0s3: saddr:100932208: daddr:33561200
[  271.210921] AAAAA-TCP_FORW: name:enp0s3: saddr:100932208: daddr:33561200
[  271.255012] AAAAA-TCP_FORW: name:enp0s3: saddr:100932208: daddr:33561200
[  271.286996] AAAAA-TCP_FORW: name:enp0s3: saddr:100932208: daddr:33561200
[  271.309933] AAAAA-TCP_FORW: name:enp0s3: saddr:100932208: daddr:33561200
[  271.384737] AAAAA-TCP_FORW: name:enp0s3: saddr:100932208: daddr:33561200
[  271.387333] AAAAA-TCP_FORW: name:enp0s3: saddr:100932208: daddr:33561200
[  271.465455] AAAAA-TCP_FORW: name:enp0s3: saddr:100932208: daddr:33561200
[  271.568296] AAAAA-TCP_FORW: name:enp0s3: saddr:100932208: daddr:33561200
[  271.612395] AAAAA-TCP_FORW: name:enp0s3: saddr:100932208: daddr:16783984
[  271.657254] AAAAA-TCP_FORW: name:enp0s3: saddr:100932208: daddr:16783984
[  271.703371] AAAAA-TCP_FORW: name:enp0s3: saddr:100932208: daddr:16783984
[  271.736872] AAAAA-TCP_FORW: name:enp0s3: saddr:100932208: daddr:16783984
[  271.840543] AAAAA-TCP_FORW: name:enp0s3: saddr:100932208: daddr:16783984
[  271.924506] AAAAA-TCP_FORW: name:enp0s3: saddr:100932208: daddr:16783984
[  272.002586] AAAAA-TCP_FORW: name:enp0s3: saddr:100932208: daddr:16783984
[  272.010378] AAAAA-TCP_FORW: name:enp0s3: saddr:100932208: daddr:16783984
[  272.113853] AAAAA-TCP_FORW: name:enp0s3: saddr:100932208: daddr:16783984
[  272.173974] AAAAA-TCP_FORW: name:enp0s3: saddr:100932208: daddr:16783984
[  272.302751] AAAAA-TCP_FORW: name:enp0s3: saddr:100932208: daddr:16783984
[  272.403614] AAAAA-TCP_FORW: name:enp0s3: saddr:100932208: daddr:33561200
[  272.450502] AAAAA-TCP_FORW: name:enp0s3: saddr:100932208: daddr:33561200
[  272.486960] AAAAA-TCP_FORW: name:enp0s3: saddr:100932208: daddr:33561200
[  272.543260] AAAAA-TCP_FORW: name:enp0s3: saddr:100932208: daddr:33561200
[  272.609398] AAAAA-TCP_FORW: name:enp0s3: saddr:100932208: daddr:33561200
[  272.678660] AAAAA-TCP_FORW: name:enp0s3: saddr:100932208: daddr:33561200
[  272.719859] AAAAA-TCP_FORW: name:enp0s3: saddr:100932208: daddr:33561200
[  272.800243] AAAAA-TCP_FORW: name:enp0s3: saddr:100932208: daddr:33561200
[  272.901041] AAAAA-TCP_FORW: name:enp0s3: saddr:100932208: daddr:33561200
[  273.036372] AAAAA-TCP_FORW: name:enp0s3: saddr:100932208: daddr:16783984
[  273.156297] AAAAA-TCP_FORW: name:enp0s3: saddr:100932208: daddr:16783984
[  273.279859] AAAAA-TCP_FORW: name:enp0s3: saddr:100932208: daddr:16783984
[  273.345987] AAAAA-TCP_FORW: name:enp0s3: saddr:100932208: daddr:33561200
[  273.407351] AAAAA-TCP_FORW: name:enp0s3: saddr:100932208: daddr:33561200
[  273.452920] AAAAA-TCP_FORW: name:enp0s3: saddr:100932208: daddr:33561200
[  273.533651] AAAAA-TCP_FORW: name:enp0s3: saddr:100932208: daddr:33561200
[  273.593443] AAAAA-TCP_FORW: name:enp0s3: saddr:100932208: daddr:33561200
[  273.648850] AAAAA-TCP_FORW: name:enp0s3: saddr:100932208: daddr:16783984
[  273.711222] AAAAA-TCP_FORW: name:enp0s3: saddr:100932208: daddr:16783984
[  273.776375] AAAAA-TCP_FORW: name:enp0s3: saddr:100932208: daddr:16783984
[  273.910888] AAAAA-TCP_FORW: name:enp0s3: saddr:100932208: daddr:33561200
[  274.011778] AAAAA-TCP_FORW: name:enp0s3: saddr:100932208: daddr:16783984
[  274.128885] AAAAA-TCP_FORW: name:enp0s3: saddr:100932208: daddr:16783984
[  274.300581] AAAAA-TCP_FORW: name:enp0s3: saddr:100932208: daddr:16783984
[  274.429959] AAAAA-TCP_FORW: name:enp0s3: saddr:100932208: daddr:16783984
[  274.527921] AAAAA-TCP_FORW: name:enp0s3: saddr:100932208: daddr:16783984
[  274.579452] AAAAA-TCP_FORW: name:enp0s3: saddr:100932208: daddr:16783984
[  274.633900] AAAAA-TCP_FORW: name:enp0s3: saddr:100932208: daddr:16783984
[  274.696759] AAAAA-TCP_FORW: name:enp0s3: saddr:100932208: daddr:33561200
[  274.750078] AAAAA-TCP_FORW: name:enp0s3: saddr:100932208: daddr:33561200
[  274.801391] AAAAA-TCP_FORW: name:enp0s3: saddr:100932208: daddr:33561200
[  274.831708] AAAAA-TCP_FORW: name:enp0s3: saddr:100932208: daddr:33561200
[  274.880456] AAAAA-TCP_FORW: name:enp0s3: saddr:100932208: daddr:33561200
[  274.941232] AAAAA-TCP_FORW: name:enp0s3: saddr:100932208: daddr:33561200
[  275.000514] AAAAA-TCP_FORW: name:enp0s3: saddr:100932208: daddr:33561200
[  275.019978] AAAAA-TCP_FORW: name:enp0s3: saddr:100932208: daddr:33561200
[  275.029773] AAAAA-TCP_FORW: name:enp0s3: saddr:100932208: daddr:33561200
[  275.088215] AAAAA-TCP_FORW: name:enp0s3: saddr:100932208: daddr:33561200
[  275.139383] AAAAA-TCP_FORW: name:enp0s3: saddr:100932208: daddr:33561200
[  275.190572] AAAAA-TCP_FORW: name:enp0s3: saddr:100932208: daddr:33561200
[  275.240853] AAAAA-TCP_FORW: name:enp0s3: saddr:100932208: daddr:33561200
[  275.290015] AAAAA-TCP_FORW: name:enp0s3: saddr:100932208: daddr:33561200
[  275.340344] AAAAA-TCP_FORW: name:enp0s3: saddr:100932208: daddr:33561200
[  275.400609] AAAAA-TCP_FORW: name:enp0s3: saddr:100932208: daddr:33561200
[  275.417243] AAAAA-TCP_FORW: name:enp0s3: saddr:100932208: daddr:33561200
[  275.464532] AAAAA-TCP_FORW: name:enp0s3: saddr:100932208: daddr:33561200
[  275.547050] AAAAA-TCP_FORW: name:enp0s3: saddr:100932208: daddr:33561200
[  275.682136] AAAAA-TCP_FORW: name:enp0s3: saddr:100932208: daddr:33561200
[  275.780330] AAAAA-TCP_FORW: name:enp0s3: saddr:100932208: daddr:16783984
[  275.785648] AAAAA-TCP_FORW: name:enp0s3: saddr:100932208: daddr:33561200
[  275.871347] AAAAA-TCP_FORW: name:enp0s3: saddr:100932208: daddr:16783984
[  275.897164] AAAAA-TCP_FORW: name:enp0s3: saddr:100932208: daddr:16783984
[  275.941067] AAAAA-TCP_FORW: name:enp0s3: saddr:100932208: daddr:16783984
[  276.134410] AAAAA-TCP_FORW: name:enp0s3: saddr:100932208: daddr:16783984
[  276.263986] AAAAA-TCP_FORW: name:enp0s3: saddr:100932208: daddr:33561200
[  276.303607] AAAAA-TCP_FORW: name:enp0s3: saddr:100932208: daddr:33561200
[  276.348240] AAAAA-TCP_FORW: name:enp0s3: saddr:100932208: daddr:33561200
[  276.867474] AAAAA-TCP_FORW: name:enp0s3: saddr:100932208: daddr:16783984
[  296.858365] AAAAA-TCP_FORW: name:enp0s3: saddr:100932208: daddr:16783984
[  297.049787] AAAAA-TCP_FORW: name:enp0s3: saddr:100932208: daddr:33561200
[  297.287018] AAAAA-TCP_FORW: name:enp0s3: saddr:100932208: daddr:33561200
[  297.363702] AAAAA-TCP_FORW: name:enp0s3: saddr:100932208: daddr:33561200
[  297.507161] AAAAA-TCP_FORW: name:enp0s3: saddr:100932208: daddr:33561200
[  297.649504] AAAAA-TCP_FORW: name:enp0s3: saddr:100932208: daddr:33561200
[  297.652943] AAAAA-TCP_FORW: name:enp0s3: saddr:100932208: daddr:33561200
[  297.867849] AAAAA-TCP_FORW: name:enp0s3: saddr:100932208: daddr:33561200
[  298.093083] AAAAA-TCP_FORW: name:enp0s3: saddr:100932208: daddr:33561200
[  298.246447] AAAAA-TCP_FORW: name:enp0s3: saddr:100932208: daddr:16783984
[  298.391981] AAAAA-TCP_FORW: name:enp0s3: saddr:100932208: daddr:16783984
[  298.447245] AAAAA-TCP_FORW: name:enp0s3: saddr:100932208: daddr:16783984
[  298.453665] AAAAA-TCP_FORW: name:enp0s3: saddr:100932208: daddr:16783984
[  298.573441] AAAAA-TCP_FORW: name:enp0s3: saddr:100932208: daddr:16783984
[  298.622212] AAAAA-TCP_FORW: name:enp0s3: saddr:100932208: daddr:16783984
[  298.698019] AAAAA-TCP_FORW: name:enp0s3: saddr:100932208: daddr:33561200
[  298.822530] AAAAA-TCP_FORW: name:enp0s3: saddr:100932208: daddr:33561200
[  298.885353] AAAAA-TCP_FORW: name:enp0s3: saddr:100932208: daddr:33561200
[  299.067338] AAAAA-TCP_FORW: name:enp0s3: saddr:100932208: daddr:33561200
[  299.173112] AAAAA-TCP_FORW: name:enp0s3: saddr:100932208: daddr:33561200
[  299.255808] AAAAA-TCP_FORW: name:enp0s3: saddr:100932208: daddr:33561200
[  299.352888] AAAAA-TCP_FORW: name:enp0s3: saddr:100932208: daddr:33561200
[  299.508800] AAAAA-TCP_FORW: name:enp0s3: saddr:100932208: daddr:16783984
[  299.577962] AAAAA-TCP_FORW: name:enp0s3: saddr:100932208: daddr:33561200
[  301.914632] AAAAA-TCP_FORW: name:enp0s3: saddr:100932208: daddr:33561200
[  302.040336] AAAAA-TCP_FORW: name:enp0s3: saddr:100932208: daddr:33561200
[  302.138568] AAAAA-TCP_FORW: name:enp0s3: saddr:100932208: daddr:16783984
[  302.235701] AAAAA-TCP_FORW: name:enp0s3: saddr:100932208: daddr:16783984
[  302.424215] AAAAA-TCP_FORW: name:enp0s3: saddr:100932208: daddr:16783984
[  302.482118] AAAAA-TCP_FORW: name:enp0s3: saddr:100932208: daddr:33561200
[  302.522136] AAAAA-TCP_FORW: name:enp0s3: saddr:100932208: daddr:33561200
[  302.635047] AAAAA-TCP_FORW: name:enp0s3: saddr:100932208: daddr:33561200
[  302.708091] AAAAA-TCP_FORW: name:enp0s3: saddr:100932208: daddr:33561200
[  302.922248] AAAAA-TCP_FORW: name:enp0s3: saddr:100932208: daddr:33561200
[  303.073130] AAAAA-TCP_FORW: name:enp0s3: saddr:100932208: daddr:33561200
[  303.467309] AAAAA-TCP_FORW: name:enp0s3: saddr:100932208: daddr:33561200
[  303.552855] AAAAA-TCP_FORW: name:enp0s3: saddr:100932208: daddr:33561200
[  303.858097] AAAAA-TCP_FORW: name:enp0s3: saddr:100932208: daddr:16783984
[  309.903737] AAAAA-TCP_FORW: name:enp0s3: saddr:100932208: daddr:16783984
[  314.242676] AAAAA-TCP_FORW: name:enp0s3: saddr:100932208: daddr:33561200
[  355.556797] AAAAA-TCP_FORW: name:enp0s3: saddr:16783984: daddr:100932208
[  355.657623] AAAAA-TCP_FORW: name:enp0s3: saddr:33561200: daddr:100932208
[  355.867080] AAAAA-TCP_FORW: name:enp0s3: saddr:33561200: daddr:100932208
[  356.338063] AAAAA-TCP_FORW: name:enp0s3: saddr:33561200: daddr:100932208
[  356.570362] AAAAA-TCP_FORW: name:enp0s3: saddr:33561200: daddr:100932208
[  356.855436] AAAAA-TCP_FORW: name:enp0s3: saddr:33561200: daddr:100932208
[  357.134848] AAAAA-TCP_FORW: name:enp0s3: saddr:33561200: daddr:100932208
[  357.214468] AAAAA-TCP_FORW: name:enp0s3: saddr:33561200: daddr:100932208
[  358.263952] AAAAA-TCP_FORW: name:enp0s3: saddr:33561200: daddr:100932208
[  358.964450] AAAAA-TCP_FORW: name:enp0s3: saddr:16783984: daddr:100932208
[  359.434603] AAAAA-TCP_FORW: name:enp0s3: saddr:33561200: daddr:100932208
[  360.174870] AAAAA-TCP_FORW: name:enp0s3: saddr:16783984: daddr:100932208
[  360.311856] AAAAA-TCP_FORW: name:enp0s3: saddr:16783984: daddr:100932208
[  537.682892] rfkill: input handler enabled
[  546.854241] rfkill: input handler disabled
[  733.216503] device enp0s3 left promiscuous mode
