[    0.000000] Linux version 5.4.243-mptcp (root@ztg) (gcc version 12.2.0 (Debian 12.2.0-14+deb12u1)) #53 SMP Wed Dec 24 23:28:15 CST 2025
[    0.000000] Command line: BOOT_IMAGE=/boot/vmlinuz-5.4.243-mptcp root=UUID=98415a12-53b7-4144-8265-0f7ece09e445 ro quiet splash
[    0.000000] KERNEL supported cpus:
[    0.000000]   Intel GenuineIntel
[    0.000000]   AMD AuthenticAMD
[    0.000000]   Hygon HygonGenuine
[    0.000000]   Centaur CentaurHauls
[    0.000000]   zhaoxin   Shanghai  
[    0.000000] x86/fpu: Supporting XSAVE feature 0x001: 'x87 floating point registers'
[    0.000000] x86/fpu: Supporting XSAVE feature 0x002: 'SSE registers'
[    0.000000] x86/fpu: Supporting XSAVE feature 0x004: 'AVX registers'
[    0.000000] x86/fpu: xstate_offset[2]:  576, xstate_sizes[2]:  256
[    0.000000] x86/fpu: Enabled xstate features 0x7, context size is 832 bytes, using 'standard' format.
[    0.000000] BIOS-provided physical RAM map:
[    0.000000] BIOS-e820: [mem 0x0000000000000000-0x000000000009fbff] usable
[    0.000000] BIOS-e820: [mem 0x000000000009fc00-0x000000000009ffff] reserved
[    0.000000] BIOS-e820: [mem 0x00000000000f0000-0x00000000000fffff] reserved
[    0.000000] BIOS-e820: [mem 0x0000000000100000-0x000000007ffeffff] usable
[    0.000000] BIOS-e820: [mem 0x000000007fff0000-0x000000007fffffff] ACPI data
[    0.000000] BIOS-e820: [mem 0x00000000fec00000-0x00000000fec00fff] reserved
[    0.000000] BIOS-e820: [mem 0x00000000fee00000-0x00000000fee00fff] reserved
[    0.000000] BIOS-e820: [mem 0x00000000fffc0000-0x00000000ffffffff] reserved
[    0.000000] NX (Execute Disable) protection: active
[    0.000000] SMBIOS 2.5 present.
[    0.000000] DMI: innotek GmbH VirtualBox/VirtualBox, BIOS VirtualBox 12/01/2006
[    0.000000] Hypervisor detected: KVM
[    0.000000] kvm-clock: Using msrs 4b564d01 and 4b564d00
[    0.000000] kvm-clock: cpu 0, msr 75a01001, primary cpu clock
[    0.000000] kvm-clock: using sched offset of 4451629218 cycles
[    0.000003] clocksource: kvm-clock: mask: 0xffffffffffffffff max_cycles: 0x1cd42e4dffb, max_idle_ns: 881590591483 ns
[    0.000005] tsc: Detected 2100.000 MHz processor
[    0.001892] e820: update [mem 0x00000000-0x00000fff] usable ==> reserved
[    0.001893] e820: remove [mem 0x000a0000-0x000fffff] usable
[    0.001898] last_pfn = 0x7fff0 max_arch_pfn = 0x400000000
[    0.001965] MTRR default type: uncachable
[    0.001966] MTRR fixed ranges enabled:
[    0.001967]   00000-9FFFF write-back
[    0.001968]   A0000-BFFFF uncachable
[    0.001968]   C0000-FFFFF write-protect
[    0.001969] MTRR variable ranges enabled:
[    0.001971]   0 base 000000000000 mask 3FFF80000000 write-back
[    0.001971]   1 disabled
[    0.001972]   2 disabled
[    0.001972]   3 disabled
[    0.001973]   4 disabled
[    0.001973]   5 disabled
[    0.001974]   6 disabled
[    0.001974]   7 disabled
[    0.001974]   8 disabled
[    0.001975]   9 disabled
[    0.001975]   10 disabled
[    0.001976]   11 disabled
[    0.001976]   12 disabled
[    0.001977]   13 disabled
[    0.001977]   14 disabled
[    0.001978]   15 disabled
[    0.001994] x86/PAT: Configuration [0-7]: WB  WC  UC- UC  WB  WP  UC- WT  
[    0.002128] found SMP MP-table at [mem 0x0009fff0-0x0009ffff]
[    0.093280] check: Scanning 1 areas for low memory corruption
[    0.093443] RAMDISK: [mem 0x32271000-0x3512ffff]
[    0.093454] ACPI: Early table checksum verification disabled
[    0.093460] ACPI: RSDP 0x00000000000E0000 000024 (v02 VBOX  )
[    0.093465] ACPI: XSDT 0x000000007FFF0030 00003C (v01 VBOX   VBOXXSDT 00000001 ASL  00000061)
[    0.093471] ACPI: FACP 0x000000007FFF00F0 0000F4 (v04 VBOX   VBOXFACP 00000001 ASL  00000061)
[    0.093478] ACPI: DSDT 0x000000007FFF02E0 002353 (v02 VBOX   VBOXBIOS 00000002 VBOX 00029BF3)
[    0.093482] ACPI: FACS 0x000000007FFF0200 000040
[    0.093486] ACPI: FACS 0x000000007FFF0200 000040
[    0.093489] ACPI: APIC 0x000000007FFF0240 000054 (v02 VBOX   VBOXAPIC 00000001 ASL  00000061)
[    0.093492] ACPI: SSDT 0x000000007FFF02A0 000038 (v01 VBOX   VBOXCPUT 00000002 VBOX 00029BF3)
[    0.093496] ACPI: Reserving FACP table memory at [mem 0x7fff00f0-0x7fff01e3]
[    0.093497] ACPI: Reserving DSDT table memory at [mem 0x7fff02e0-0x7fff2632]
[    0.093497] ACPI: Reserving FACS table memory at [mem 0x7fff0200-0x7fff023f]
[    0.093498] ACPI: Reserving FACS table memory at [mem 0x7fff0200-0x7fff023f]
[    0.093499] ACPI: Reserving APIC table memory at [mem 0x7fff0240-0x7fff0293]
[    0.093500] ACPI: Reserving SSDT table memory at [mem 0x7fff02a0-0x7fff02d7]
[    0.093516] ACPI: Local APIC address 0xfee00000
[    0.093703] No NUMA configuration found
[    0.093704] Faking a node at [mem 0x0000000000000000-0x000000007ffeffff]
[    0.093714] NODE_DATA(0) allocated [mem 0x7ffc5000-0x7ffeffff]
[    0.093976] Zone ranges:
[    0.093977]   DMA      [mem 0x0000000000001000-0x0000000000ffffff]
[    0.093978]   DMA32    [mem 0x0000000001000000-0x000000007ffeffff]
[    0.093979]   Normal   empty
[    0.093979]   Device   empty
[    0.093980] Movable zone start for each node
[    0.093982] Early memory node ranges
[    0.093983]   node   0: [mem 0x0000000000001000-0x000000000009efff]
[    0.093984]   node   0: [mem 0x0000000000100000-0x000000007ffeffff]
[    0.093987] Zeroed struct page in unavailable ranges: 114 pages
[    0.093987] Initmem setup node 0 [mem 0x0000000000001000-0x000000007ffeffff]
[    0.093988] On node 0 totalpages: 524174
[    0.093990]   DMA zone: 64 pages used for memmap
[    0.093990]   DMA zone: 21 pages reserved
[    0.093991]   DMA zone: 3998 pages, LIFO batch:0
[    0.094061]   DMA32 zone: 8128 pages used for memmap
[    0.094062]   DMA32 zone: 520176 pages, LIFO batch:63
[    0.103026] ACPI: PM-Timer IO Port: 0x4008
[    0.103029] ACPI: Local APIC address 0xfee00000
[    0.103096] IOAPIC[0]: apic_id 1, version 32, address 0xfec00000, GSI 0-23
[    0.103099] ACPI: INT_SRC_OVR (bus 0 bus_irq 0 global_irq 2 dfl dfl)
[    0.103101] ACPI: INT_SRC_OVR (bus 0 bus_irq 9 global_irq 9 low level)
[    0.103103] ACPI: IRQ0 used by override.
[    0.103104] ACPI: IRQ9 used by override.
[    0.103107] Using ACPI (MADT) for SMP configuration information
[    0.103113] smpboot: Allowing 1 CPUs, 0 hotplug CPUs
[    0.103137] PM: Registered nosave memory: [mem 0x00000000-0x00000fff]
[    0.103139] PM: Registered nosave memory: [mem 0x0009f000-0x0009ffff]
[    0.103139] PM: Registered nosave memory: [mem 0x000a0000-0x000effff]
[    0.103140] PM: Registered nosave memory: [mem 0x000f0000-0x000fffff]
[    0.103142] [mem 0x80000000-0xfebfffff] available for PCI devices
[    0.103142] Booting paravirtualized kernel on KVM
[    0.103146] clocksource: refined-jiffies: mask: 0xffffffff max_cycles: 0xffffffff, max_idle_ns: 7645519600211568 ns
[    0.103151] setup_percpu: NR_CPUS:8192 nr_cpumask_bits:1 nr_cpu_ids:1 nr_node_ids:1
[    0.104152] percpu: Embedded 60 pages/cpu s208896 r8192 d28672 u2097152
[    0.104156] pcpu-alloc: s208896 r8192 d28672 u2097152 alloc=1*2097152
[    0.104157] pcpu-alloc: [0] 0 
[    0.104185] Built 1 zonelists, mobility grouping on.  Total pages: 515961
[    0.104186] Policy zone: DMA32
[    0.104187] Kernel command line: BOOT_IMAGE=/boot/vmlinuz-5.4.243-mptcp root=UUID=98415a12-53b7-4144-8265-0f7ece09e445 ro quiet splash
[    0.105012] Dentry cache hash table entries: 262144 (order: 9, 2097152 bytes, linear)
[    0.105158] Inode-cache hash table entries: 131072 (order: 8, 1048576 bytes, linear)
[    0.105209] mem auto-init: stack:off, heap alloc:on, heap free:off
[    0.105212] Calgary: detecting Calgary via BIOS EBDA area
[    0.105213] Calgary: Unable to locate Rio Grande table in EBDA - bailing!
[    0.109360] Memory: 1967332K/2096696K available (14339K kernel code, 2398K rwdata, 4712K rodata, 2728K init, 17260K bss, 129364K reserved, 0K cma-reserved)
[    0.110284] SLUB: HWalign=64, Order=0-3, MinObjects=0, CPUs=1, Nodes=1
[    0.110301] ftrace: allocating 43186 entries in 169 pages
[    0.128399] rcu: Hierarchical RCU implementation.
[    0.128400] rcu: 	RCU restricting CPUs from NR_CPUS=8192 to nr_cpu_ids=1.
[    0.128401] 	Tasks RCU enabled.
[    0.128403] rcu: RCU calculated value of scheduler-enlistment delay is 25 jiffies.
[    0.128403] rcu: Adjusting geometry for rcu_fanout_leaf=16, nr_cpu_ids=1
[    0.131377] NR_IRQS: 524544, nr_irqs: 256, preallocated irqs: 16
[    0.131590] random: crng init done
[    0.140875] Console: colour VGA+ 80x25
[    0.140879] printk: console [tty0] enabled
[    0.140900] ACPI: Core revision 20190816
[    0.140999] APIC: Switch to symmetric I/O mode setup
[    0.141250] x2apic enabled
[    0.141497] Switched APIC routing to physical x2apic.
[    0.142630] ..TIMER: vector=0x30 apic1=0 pin1=2 apic2=-1 pin2=-1
[    0.142658] clocksource: tsc-early: mask: 0xffffffffffffffff max_cycles: 0x1e4530a99b6, max_idle_ns: 440795257976 ns
[    0.142663] Calibrating delay loop (skipped) preset value.. 4200.00 BogoMIPS (lpj=8400000)
[    0.142665] pid_max: default: 32768 minimum: 301
[    0.142693] LSM: Security Framework initializing
[    0.142702] Yama: becoming mindful.
[    0.142728] AppArmor: AppArmor initialized
[    0.142762] Mount-cache hash table entries: 4096 (order: 3, 32768 bytes, linear)
[    0.142766] Mountpoint-cache hash table entries: 4096 (order: 3, 32768 bytes, linear)
[    0.142776] *** VALIDATE tmpfs ***
[    0.142906] *** VALIDATE proc ***
[    0.142947] *** VALIDATE cgroup1 ***
[    0.142948] *** VALIDATE cgroup2 ***
[    0.143090] process: using mwait in idle threads
[    0.143095] Last level iTLB entries: 4KB 64, 2MB 8, 4MB 8
[    0.143096] Last level dTLB entries: 4KB 64, 2MB 0, 4MB 0, 1GB 4
[    0.143116] Spectre V1 : Mitigation: usercopy/swapgs barriers and __user pointer sanitization
[    0.143121] Spectre V2 : Mitigation: Retpolines
[    0.143122] Spectre V2 : Spectre v2 / SpectreRSB mitigation: Filling RSB on context switch
[    0.143123] Spectre V2 : Spectre v2 / SpectreRSB : Filling RSB on VMEXIT
[    0.143124] RETBleed: WARNING: Spectre v2 mitigation leaves CPU vulnerable to RETBleed attacks, data leaks possible!
[    0.143477] RETBleed: Vulnerable
[    0.143478] Speculative Store Bypass: Vulnerable
[    0.143482] TAA: Mitigation: TSX disabled
[    0.143483] MMIO Stale Data: Mitigation: Clear CPU buffers
[    0.147713] Freeing SMP alternatives memory: 40K
[    0.259867] smpboot: CPU0: Intel(R) Xeon(R) Silver 4216 CPU @ 2.10GHz (family: 0x6, model: 0x55, stepping: 0x7)
[    0.260089] Performance Events: unsupported p6 CPU model 85 no PMU driver, software events only.
[    0.260138] rcu: Hierarchical SRCU implementation.
[    0.260758] NMI watchdog: Perf NMI watchdog permanently disabled
[    0.260812] smp: Bringing up secondary CPUs ...
[    0.260813] smp: Brought up 1 node, 1 CPU
[    0.260815] smpboot: Max logical packages: 1
[    0.260817] smpboot: Total of 1 processors activated (4200.00 BogoMIPS)
[    0.262020] devtmpfs: initialized
[    0.262081] x86/mm: Memory block size: 128MB
[    0.262571] clocksource: jiffies: mask: 0xffffffff max_cycles: 0xffffffff, max_idle_ns: 7645041785100000 ns
[    0.262580] futex hash table entries: 256 (order: 2, 16384 bytes, linear)
[    0.262637] pinctrl core: initialized pinctrl subsystem
[    0.262660] PM: RTC time: 11:01:07, date: 2026-01-17
[    0.262660] NET: Registered protocol family 16
[    0.262660] audit: initializing netlink subsys (disabled)
[    0.262660] EISA bus registered
[    0.262660] cpuidle: using governor ladder
[    0.262660] cpuidle: using governor menu
[    0.262660] ACPI: bus type PCI registered
[    0.262660] acpiphp: ACPI Hot Plug PCI Controller Driver version: 0.5
[    0.262660] PCI: Using configuration type 1 for base access
[    0.263885] audit: type=2000 audit(1768618873.897:1): state=initialized audit_enabled=0 res=1
[    0.263985] HugeTLB registered 2.00 MiB page size, pre-allocated 0 pages
[    0.264932] ACPI: Added _OSI(Module Device)
[    0.264933] ACPI: Added _OSI(Processor Device)
[    0.264934] ACPI: Added _OSI(3.0 _SCP Extensions)
[    0.264934] ACPI: Added _OSI(Processor Aggregator Device)
[    0.264935] ACPI: Added _OSI(Linux-Dell-Video)
[    0.264936] ACPI: Added _OSI(Linux-Lenovo-NV-HDMI-Audio)
[    0.264937] ACPI: Added _OSI(Linux-HPI-Hybrid-Graphics)
[    0.267032] ACPI: 2 ACPI AML tables successfully acquired and loaded
[    0.268603] ACPI: Interpreter enabled
[    0.268613] ACPI: (supports S0 S5)
[    0.268615] ACPI: Using IOAPIC for interrupt routing
[    0.268823] PCI: Using host bridge windows from ACPI; if necessary, use "pci=nocrs" and report a bug
[    0.268930] ACPI: Enabled 2 GPEs in block 00 to 07
[    0.274020] ACPI: PCI Root Bridge [PCI0] (domain 0000 [bus 00-ff])
[    0.274028] acpi PNP0A03:00: _OSC: OS supports [ASPM ClockPM Segments MSI HPX-Type3]
[    0.274782] acpi PNP0A03:00: _OSC: not requesting OS control; OS requires [ExtendedConfig ASPM ClockPM MSI]
[    0.274792] acpi PNP0A03:00: fail to add MMCONFIG information, can't access extended PCI configuration space under this bridge.
[    0.275175] PCI host bridge to bus 0000:00
[    0.275177] pci_bus 0000:00: root bus resource [io  0x0000-0x0cf7 window]
[    0.275179] pci_bus 0000:00: root bus resource [io  0x0d00-0xffff window]
[    0.275180] pci_bus 0000:00: root bus resource [mem 0x000a0000-0x000bffff window]
[    0.275181] pci_bus 0000:00: root bus resource [mem 0x80000000-0xfdffffff window]
[    0.275182] pci_bus 0000:00: root bus resource [bus 00-ff]
[    0.275225] pci 0000:00:00.0: [8086:1237] type 00 class 0x060000
[    0.276199] pci 0000:00:01.0: [8086:7000] type 00 class 0x060100
[    0.277053] pci 0000:00:01.1: [8086:7111] type 00 class 0x01018a
[    0.277441] pci 0000:00:01.1: reg 0x20: [io  0xd000-0xd00f]
[    0.277596] pci 0000:00:01.1: legacy IDE quirk: reg 0x10: [io  0x01f0-0x01f7]
[    0.277597] pci 0000:00:01.1: legacy IDE quirk: reg 0x14: [io  0x03f6]
[    0.277598] pci 0000:00:01.1: legacy IDE quirk: reg 0x18: [io  0x0170-0x0177]
[    0.277599] pci 0000:00:01.1: legacy IDE quirk: reg 0x1c: [io  0x0376]
[    0.278139] pci 0000:00:02.0: [15ad:0405] type 00 class 0x030000
[    0.280589] pci 0000:00:02.0: reg 0x10: [io  0xd010-0xd01f]
[    0.284534] pci 0000:00:02.0: reg 0x14: [mem 0xe0000000-0xe7ffffff pref]
[    0.286706] pci 0000:00:02.0: reg 0x18: [mem 0xf0000000-0xf01fffff]
[    0.299164] pci 0000:00:03.0: [1022:2000] type 00 class 0x020000
[    0.299833] pci 0000:00:03.0: reg 0x10: [io  0xd020-0xd03f]
[    0.300444] pci 0000:00:03.0: reg 0x14: [mem 0xf0200000-0xf0200fff]
[    0.303451] pci 0000:00:04.0: [80ee:cafe] type 00 class 0x088000
[    0.304119] pci 0000:00:04.0: reg 0x10: [io  0xd040-0xd05f]
[    0.304728] pci 0000:00:04.0: reg 0x14: [mem 0xf0400000-0xf07fffff]
[    0.305343] pci 0000:00:04.0: reg 0x18: [mem 0xf0800000-0xf0803fff pref]
[    0.308616] pci 0000:00:07.0: [8086:7113] type 00 class 0x068000
[    0.309183] pci 0000:00:07.0: quirk: [io  0x4000-0x403f] claimed by PIIX4 ACPI
[    0.309193] pci 0000:00:07.0: quirk: [io  0x4100-0x410f] claimed by PIIX4 SMB
[    0.310723] pci 0000:00:08.0: [8086:100e] type 00 class 0x020000
[    0.311500] pci 0000:00:08.0: reg 0x10: [mem 0xf0820000-0xf083ffff]
[    0.312845] pci 0000:00:08.0: reg 0x18: [io  0xd060-0xd067]
[    0.315734] pci 0000:00:09.0: [8086:100e] type 00 class 0x020000
[    0.316455] pci 0000:00:09.0: reg 0x10: [mem 0xf0840000-0xf085ffff]
[    0.317640] pci 0000:00:09.0: reg 0x18: [io  0xd068-0xd06f]
[    0.327657] ACPI: PCI Interrupt Link [LNKA] (IRQs 5 9 10 *11)
[    0.327940] ACPI: PCI Interrupt Link [LNKB] (IRQs 5 9 *10 11)
[    0.328046] ACPI: PCI Interrupt Link [LNKC] (IRQs 5 *9 10 11)
[    0.328148] ACPI: PCI Interrupt Link [LNKD] (IRQs 5 9 10 *11)
[    0.328444] iommu: Default domain type: Translated 
[    0.328530] pci 0000:00:02.0: vgaarb: setting as boot VGA device
[    0.328532] pci 0000:00:02.0: vgaarb: VGA device added: decodes=io+mem,owns=io+mem,locks=none
[    0.328534] pci 0000:00:02.0: vgaarb: bridge control possible
[    0.328535] vgaarb: loaded
[    0.328778] SCSI subsystem initialized
[    0.328819] libata version 3.00 loaded.
[    0.328846] ACPI: bus type USB registered
[    0.328864] usbcore: registered new interface driver usbfs
[    0.328870] usbcore: registered new interface driver hub
[    0.328876] usbcore: registered new device driver usb
[    0.328909] pps_core: LinuxPPS API ver. 1 registered
[    0.328909] pps_core: Software ver. 5.3.6 - Copyright 2005-2007 Rodolfo Giometti <giometti@linux.it>
[    0.328912] PTP clock support registered
[    0.328954] EDAC MC: Ver: 3.0.0
[    0.330878] PCI: Using ACPI for IRQ routing
[    0.330879] PCI: pci_cache_line_size set to 64 bytes
[    0.331050] e820: reserve RAM buffer [mem 0x0009fc00-0x0009ffff]
[    0.331054] e820: reserve RAM buffer [mem 0x7fff0000-0x7fffffff]
[    0.331857] NetLabel: Initializing
[    0.331857] NetLabel:  domain hash size = 128
[    0.331858] NetLabel:  protocols = UNLABELED CIPSOv4 CALIPSO
[    0.331880] NetLabel:  unlabeled traffic allowed by default
[    0.332892] clocksource: Switched to clocksource kvm-clock
[    0.343691] *** VALIDATE bpf ***
[    0.343691] VFS: Disk quotas dquot_6.6.0
[    0.343691] VFS: Dquot-cache hash table entries: 512 (order 0, 4096 bytes)
[    0.343691] *** VALIDATE ramfs ***
[    0.343691] *** VALIDATE hugetlbfs ***
[    0.343691] AppArmor: AppArmor Filesystem Enabled
[    0.343691] pnp: PnP ACPI init
[    0.343691] pnp 00:00: Plug and Play ACPI device, IDs PNP0303 (active)
[    0.346652] pnp 00:01: Plug and Play ACPI device, IDs PNP0f03 (active)
[    0.347461] pnp: PnP ACPI: found 2 devices
[    0.348484] thermal_sys: Registered thermal governor 'fair_share'
[    0.348485] thermal_sys: Registered thermal governor 'bang_bang'
[    0.348486] thermal_sys: Registered thermal governor 'step_wise'
[    0.348486] thermal_sys: Registered thermal governor 'user_space'
[    0.348487] thermal_sys: Registered thermal governor 'power_allocator'
[    0.353007] clocksource: acpi_pm: mask: 0xffffff max_cycles: 0xffffff, max_idle_ns: 2085701024 ns
[    0.353059] pci_bus 0000:00: resource 4 [io  0x0000-0x0cf7 window]
[    0.353061] pci_bus 0000:00: resource 5 [io  0x0d00-0xffff window]
[    0.353062] pci_bus 0000:00: resource 6 [mem 0x000a0000-0x000bffff window]
[    0.353063] pci_bus 0000:00: resource 7 [mem 0x80000000-0xfdffffff window]
[    0.353136] NET: Registered protocol family 2
[    0.353214] IP idents hash table entries: 32768 (order: 6, 262144 bytes, linear)
[    0.353648] MPTCP tokens hash table entries: 8192 (order: 4, 65536 bytes, linear)
[    0.353669] MPTCP request tokens hash table entries: 8192 (order: 4, 65536 bytes, linear)
[    0.353696] default registered
[    0.353697] default registered
[    0.353698] MPTCP: Stable release v0.96
[    0.353703] tcp_listen_portaddr_hash hash table entries: 1024 (order: 2, 16384 bytes, linear)
[    0.353782] TCP established hash table entries: 16384 (order: 5, 131072 bytes, linear)
[    0.353847] TCP bind hash table entries: 16384 (order: 6, 262144 bytes, linear)
[    0.353872] TCP: Hash tables configured (established 16384 bind 16384)
[    0.354582] UDP hash table entries: 1024 (order: 3, 32768 bytes, linear)
[    0.354593] UDP-Lite hash table entries: 1024 (order: 3, 32768 bytes, linear)
[    0.354632] NET: Registered protocol family 1
[    0.354641] NET: Registered protocol family 44
[    0.354665] pci 0000:00:00.0: Limiting direct PCI/PCI transfers
[    0.354678] pci 0000:00:01.0: Activating ISA DMA hang workarounds
[    0.354736] pci 0000:00:02.0: Video device with shadowed ROM at [mem 0x000c0000-0x000dffff]
[    0.354797] PCI: CLS 0 bytes, default 64
[    0.354852] Trying to unpack rootfs image as initramfs...
[    0.540702] Freeing initrd memory: 47868K
[    0.540702] clocksource: tsc: mask: 0xffffffffffffffff max_cycles: 0x1e4530a99b6, max_idle_ns: 440795257976 ns
[    0.540702] clocksource: Switched to clocksource tsc
[    0.540702] platform rtc_cmos: registered platform RTC device (no PNP device found)
[    0.540702] check: Scanning for low memory corruption every 60 seconds
[    0.540702] Initialise system trusted keyrings
[    0.540702] Key type blacklist registered
[    0.540702] workingset: timestamp_bits=36 max_order=19 bucket_order=0
[    0.540702] zbud: loaded
[    0.540702] squashfs: version 4.0 (2009/01/31) Phillip Lougher
[    0.540702] fuse: init (API version 7.31)
[    0.540702] *** VALIDATE fuse ***
[    0.540702] *** VALIDATE fuse ***
[    0.540702] Platform Keyring initialized
[    0.547161] Key type asymmetric registered
[    0.547163] Asymmetric key parser 'x509' registered
[    0.547174] Block layer SCSI generic (bsg) driver version 0.4 loaded (major 244)
[    0.547249] io scheduler mq-deadline registered
[    0.547433] shpchp: Standard Hot Plug PCI Controller Driver version: 0.4
[    0.547712] ACPI: AC Adapter [AC] (on-line)
[    0.547778] input: Power Button as /devices/LNXSYSTM:00/LNXPWRBN:00/input/input0
[    0.547822] ACPI: Power Button [PWRF]
[    0.547943] input: Sleep Button as /devices/LNXSYSTM:00/LNXSLPBN:00/input/input1
[    0.547959] ACPI: Sleep Button [SLPF]
[    0.548207] Serial: 8250/16550 driver, 32 ports, IRQ sharing enabled
[    0.549459] Linux agpgart interface v0.103
[    0.643114] loop: module loaded
[    0.643286] ata_piix 0000:00:01.1: version 2.13
[    0.643722] scsi host0: ata_piix
[    0.643818] scsi host1: ata_piix
[    0.643861] ata1: PATA max UDMA/33 cmd 0x1f0 ctl 0x3f6 bmdma 0xd000 irq 14
[    0.643862] ata2: PATA max UDMA/33 cmd 0x170 ctl 0x376 bmdma 0xd008 irq 15
[    0.643961] tun: Universal TUN/TAP device driver, 1.6
[    0.644285] PPP generic driver version 2.4.2
[    0.644330] VFIO - User Level meta-driver version: 0.3
[    0.644576] ehci_hcd: USB 2.0 'Enhanced' Host Controller (EHCI) Driver
[    0.644580] ehci-pci: EHCI PCI platform driver
[    0.644600] ehci-platform: EHCI generic platform driver
[    0.644606] ohci_hcd: USB 1.1 'Open' Host Controller (OHCI) Driver
[    0.644608] ohci-pci: OHCI PCI platform driver
[    0.644616] ohci-platform: OHCI generic platform driver
[    0.644621] uhci_hcd: USB Universal Host Controller Interface driver
[    0.644692] i8042: PNP: PS/2 Controller [PNP0303:PS2K,PNP0f03:PS2M] at 0x60,0x64 irq 1,12
[    0.645135] serio: i8042 KBD port at 0x60,0x64 irq 1
[    0.645140] serio: i8042 AUX port at 0x60,0x64 irq 12
[    0.645231] mousedev: PS/2 mouse device common for all mice
[    0.645495] input: AT Translated Set 2 keyboard as /devices/platform/i8042/serio0/input/input2
[    0.645904] rtc_cmos rtc_cmos: registered as rtc0
[    0.645919] rtc_cmos rtc_cmos: alarms up to one day, 114 bytes nvram
[    0.645924] i2c /dev entries driver
[    0.645971] device-mapper: uevent: version 1.0.3
[    0.646015] device-mapper: ioctl: 4.41.0-ioctl (2019-09-16) initialised: dm-devel@redhat.com
[    0.646032] platform eisa.0: Probing EISA bus 0
[    0.646034] platform eisa.0: EISA: Cannot allocate resource for mainboard
[    0.646035] platform eisa.0: Cannot allocate resource for EISA slot 1
[    0.646036] platform eisa.0: Cannot allocate resource for EISA slot 2
[    0.646037] platform eisa.0: Cannot allocate resource for EISA slot 3
[    0.646038] platform eisa.0: Cannot allocate resource for EISA slot 4
[    0.646039] platform eisa.0: Cannot allocate resource for EISA slot 5
[    0.646040] platform eisa.0: Cannot allocate resource for EISA slot 6
[    0.646041] platform eisa.0: Cannot allocate resource for EISA slot 7
[    0.646042] platform eisa.0: Cannot allocate resource for EISA slot 8
[    0.646043] platform eisa.0: EISA: Detected 0 cards
[    0.646046] intel_pstate: CPU model not supported
[    0.646058] ledtrig-cpu: registered to indicate activity on CPUs
[    0.646126] drop_monitor: Initializing network drop monitor service
[    0.646290] NET: Registered protocol family 10
[    0.651243] Segment Routing with IPv6
[    0.651243] fullmesh registered
[    0.651243] ndiffports registered
[    0.651243] binder registered
[    0.651243] roundrobin registered
[    0.651243] redundant registered
[    0.651243] blest registered
[    0.651243] ecf registered
[    0.651243] NET: Registered protocol family 17
[    0.651243] Key type dns_resolver registered
[    0.651243] RAS: Correctable Errors collector initialized.
[    0.651243] IPI shorthand broadcast: enabled
[    0.651243] sched_clock: Marking stable (636163232, 11079966)->(648835445, -1592247)
[    0.651868] registered taskstats version 1
[    0.651881] Loading compiled-in X.509 certificates
[    0.652484] Loaded X.509 cert 'Build time autogenerated kernel key: 6909f3744cebb3d0de528d5887b96a727de79b1e'
[    0.652505] zswap: loaded using pool lzo/zbud
[    0.652565] Key type ._fscrypt registered
[    0.652566] Key type .fscrypt registered
[    0.657059] Key type big_key registered
[    0.659252] Key type encrypted registered
[    0.659255] AppArmor: AppArmor sha1 policy hashing enabled
[    0.659262] ima: No TPM chip found, activating TPM-bypass!
[    0.659266] ima: Allocated hash algorithm: sha1
[    0.659272] ima: No architecture policies found
[    0.659282] evm: Initialising EVM extended attributes:
[    0.659282] evm: security.selinux
[    0.659283] evm: security.SMACK64
[    0.659283] evm: security.SMACK64EXEC
[    0.659284] evm: security.SMACK64TRANSMUTE
[    0.659284] evm: security.SMACK64MMAP
[    0.659285] evm: security.apparmor
[    0.659285] evm: security.ima
[    0.659286] evm: security.capability
[    0.659287] evm: HMAC attrs: 0x1
[    0.659609] PM:   Magic number: 10:373:24
[    0.659612] misc cpu_dma_latency: hash matches
[    0.659731] rtc_cmos rtc_cmos: setting system clock to 2026-01-17T11:01:08 UTC (1768647668)
[    0.817255] ata1.00: ATA-6: VBOX HARDDISK, 1.0, max UDMA/133
[    0.817260] ata1.00: 209715200 sectors, multi 128: LBA 
[    0.818145] scsi 0:0:0:0: Direct-Access     ATA      VBOX HARDDISK    1.0  PQ: 0 ANSI: 5
[    0.818609] sd 0:0:0:0: [sda] 209715200 512-byte logical blocks: (107 GB/100 GiB)
[    0.818627] sd 0:0:0:0: [sda] Write Protect is off
[    0.818631] sd 0:0:0:0: [sda] Mode Sense: 00 3a 00 00
[    0.818658] sd 0:0:0:0: [sda] Write cache: enabled, read cache: enabled, doesn't support DPO or FUA
[    0.819084] sd 0:0:0:0: Attached scsi generic sg0 type 0
[    0.820097]  sda: sda1 sda2
[    0.831488] sd 0:0:0:0: [sda] Attached SCSI disk
[    0.837202] Freeing unused decrypted memory: 2040K
[    0.838953] Freeing unused kernel image memory: 2728K
[    0.838958] Write protecting the kernel read-only data: 22528k
[    0.840906] Freeing unused kernel image memory: 2036K
[    0.841893] Freeing unused kernel image memory: 1432K
[    0.879418] x86/mm: Checked W+X mappings: passed, no W+X pages found.
[    0.879426] Run /init as init process
[    0.995498] ACPI: Video Device [GFX0] (multi-head: yes  rom: no  post: no)
[    0.995581] input: Video Bus as /devices/LNXSYSTM:00/LNXSYBUS:00/PNP0A03:00/LNXVIDEO:00/input/input4
[    1.008397] pcnet32: pcnet32.c:v1.35 21.Apr.2008 tsbogend@alpha.franken.de
[    1.009312] pcnet32: PCnet/FAST III 79C973 at 0xd020, 08:00:27:ec:2d:20 assigned IRQ 19
[    1.009355] pcnet32: Found PHY 0022:561b at address 0
[    1.009674] pcnet32: eth0: registered as PCnet/FAST III 79C973
[    1.011841] piix4_smbus 0000:00:07.0: SMBus Host Controller at 0x4100, revision 0
[    1.012214] pcnet32: 1 cards_found
[    1.015564] e1000: Intel(R) PRO/1000 Network Driver - version 7.3.21-k8-NAPI
[    1.015564] e1000: Copyright (c) 1999-2006 Intel Corporation.
[    1.085674] pcnet32 0000:00:03.0 enp0s3: renamed from eth0
[    1.229135] input: ImExPS/2 Generic Explorer Mouse as /devices/platform/i8042/serio1/input/input5
[    1.427504] e1000 0000:00:08.0 eth0: (PCI:33MHz:32-bit) 08:00:27:74:54:eb
[    1.427509] e1000 0000:00:08.0 eth0: Intel(R) PRO/1000 Network Connection
[    1.803715] e1000 0000:00:09.0 eth1: (PCI:33MHz:32-bit) 08:00:27:c6:8b:12
[    1.803718] e1000 0000:00:09.0 eth1: Intel(R) PRO/1000 Network Connection
[    1.804956] e1000 0000:00:09.0 enp0s9: renamed from eth1
[    1.806800] e1000 0000:00:08.0 enp0s8: renamed from eth0
[    1.959680] EXT4-fs (sda2): mounted filesystem with ordered data mode. Opts: (null)
[    2.045037] systemd[1]: Inserted module 'autofs4'
[    2.055719] systemd[1]: systemd 245.4-4ubuntu3 running in system mode. (+PAM +AUDIT +SELINUX +IMA +APPARMOR +SMACK +SYSVINIT +UTMP +LIBCRYPTSETUP +GCRYPT +GNUTLS +ACL +XZ +LZ4 +SECCOMP +BLKID +ELFUTILS +KMOD +IDN2 -IDN +PCRE2 default-hierarchy=hybrid)
[    2.055756] systemd[1]: Detected virtualization oracle.
[    2.055762] systemd[1]: Detected architecture x86-64.
[    2.057132] systemd[1]: Set hostname to <ztg>.
[    2.182821] systemd[1]: /lib/systemd/system/dbus.socket:5: ListenStream= references a path below legacy directory /var/run/, updating /var/run/dbus/system_bus_socket â†’ /run/dbus/system_bus_socket; please update the unit file accordingly.
[    2.234325] systemd[1]: Created slice system-modprobe.slice.
[    2.234510] systemd[1]: Created slice User and Session Slice.
[    2.234556] systemd[1]: Started Forward Password Requests to Wall Directory Watch.
[    2.234733] systemd[1]: Set up automount Arbitrary Executable File Formats File System Automount Point.
[    2.234769] systemd[1]: Reached target User and Group Name Lookups.
[    2.234779] systemd[1]: Reached target Remote File Systems.
[    2.234787] systemd[1]: Reached target Slices.
[    2.235322] systemd[1]: Listening on Syslog Socket.
[    2.235391] systemd[1]: Listening on fsck to fsckd communication Socket.
[    2.235432] systemd[1]: Listening on initctl Compatibility Named Pipe.
[    2.235574] systemd[1]: Listening on Journal Audit Socket.
[    2.235629] systemd[1]: Listening on Journal Socket (/dev/log).
[    2.235701] systemd[1]: Listening on Journal Socket.
[    2.235768] systemd[1]: Listening on udev Control Socket.
[    2.235808] systemd[1]: Listening on udev Kernel Socket.
[    2.236624] systemd[1]: Mounting Huge Pages File System...
[    2.237596] systemd[1]: Mounting POSIX Message Queue File System...
[    2.238505] systemd[1]: Mounting Kernel Debug File System...
[    2.239397] systemd[1]: Mounting Kernel Trace File System...
[    2.241941] systemd[1]: Starting Journal Service...
[    2.265232] systemd[1]: Starting Set the console keyboard layout...
[    2.270493] systemd[1]: Starting Create list of static device nodes for the current kernel...
[    2.275878] systemd[1]: Starting Load Kernel Module drm...
[    2.277923] systemd[1]: Condition check resulted in Set Up Additional Binary Formats being skipped.
[    2.277984] systemd[1]: Condition check resulted in File System Check on Root Device being skipped.
[    2.287391] systemd[1]: Starting Load Kernel Modules...
[    2.299259] systemd[1]: Starting Remount Root and Kernel File Systems...
[    2.318592] systemd[1]: Starting udev Coldplug all Devices...
[    2.343239] systemd[1]: Starting Uncomplicated firewall...
[    2.344882] systemd[1]: Mounted Huge Pages File System.
[    2.345053] systemd[1]: Mounted POSIX Message Queue File System.
[    2.345197] systemd[1]: Mounted Kernel Debug File System.
[    2.345351] systemd[1]: Mounted Kernel Trace File System.
[    2.353393] EXT4-fs (sda2): re-mounted. Opts: errors=remount-ro
[    2.354439] systemd[1]: Finished Create list of static device nodes for the current kernel.
[    2.355635] systemd[1]: modprobe@drm.service: Succeeded.
[    2.364743] systemd[1]: Finished Load Kernel Module drm.
[    2.365195] systemd[1]: Finished Remount Root and Kernel File Systems.
[    2.366253] systemd[1]: Finished Uncomplicated firewall.
[    2.385683] lp: driver loaded but no devices found
[    2.387002] systemd[1]: Condition check resulted in Rebuild Hardware Database being skipped.
[    2.387058] systemd[1]: Condition check resulted in Platform Persistent Storage Archival being skipped.
[    2.387841] systemd[1]: Starting Load/Save Random Seed...
[    2.399270] systemd[1]: Starting Create System Users...
[    2.401156] ppdev: user-space parallel port driver
[    2.410287] systemd[1]: Finished Load/Save Random Seed.
[    2.413514] systemd[1]: Finished Create System Users.
[    2.414451] systemd[1]: Starting Create Static Device Nodes in /dev...
[    2.478217] systemd[1]: Finished Create Static Device Nodes in /dev.
[    2.479285] systemd[1]: Starting udev Kernel Device Manager...
[    2.495287] systemd[1]: Finished udev Coldplug all Devices.
[    2.498306] [drm] DMA map mode: Caching DMA mappings.
[    2.498368] [drm] Capabilities:
[    2.498369] [drm]   Rect copy.
[    2.498369] [drm]   Cursor.
[    2.498369] [drm]   Cursor bypass.
[    2.498370] [drm]   Cursor bypass 2.
[    2.498370] [drm]   Alpha cursor.
[    2.498370] [drm]   Extended Fifo.
[    2.498371] [drm]   Pitchlock.
[    2.498371] [drm]   Irq mask.
[    2.498371] [drm]   GMR.
[    2.498372] [drm]   Traces.
[    2.498372] [drm]   GMR2.
[    2.498373] [drm]   Screen Object 2.
[    2.498373] [drm]   Command Buffers.
[    2.498373] [drm]   Command Buffers 2.
[    2.498374] [drm]   Guest Backed Resources.
[    2.498375] [drm] Max GMR ids is 8192
[    2.498375] [drm] Max number of GMR pages is 1048576
[    2.498376] [drm] Max dedicated hypervisor surface memory is 393216 kiB
[    2.498376] [drm] Maximum display memory size is 131072 kiB
[    2.498377] [drm] VRAM at 0xe0000000 size is 131072 kiB
[    2.498378] [drm] MMIO at 0xf0000000 size is 2048 kiB
[    2.499473] [TTM] Zone  kernel: Available graphics memory: 1011738 KiB
[    2.499474] [TTM] Initializing pool allocator
[    2.499477] [TTM] Initializing DMA pool allocator
[    2.499529] [drm] Supports vblank timestamp caching Rev 2 (21.10.2013).
[    2.499529] [drm] No driver support for vblank timestamp query.
[    2.499761] [drm] Screen Target Display device initialized
[    2.500000] [drm] width 720
[    2.500009] [drm] height 400
[    2.500013] [drm] bpp 32
[    2.500547] [drm] Fifo max 0x00200000 min 0x00001000 cap 0x00000355
[    2.501593] [drm] Using command buffers with DMA pool.
[    2.501597] [drm] DX: no.
[    2.501598] [drm] Atomic: yes.
[    2.501598] [drm] SM4_1: no.
[    2.501617] [drm:vmw_host_log [vmwgfx]] *ERROR* Failed to send host log message.
[    2.502506] [drm:vmw_host_log [vmwgfx]] *ERROR* Failed to send host log message.
[    2.515515] fbcon: svgadrmfb (fb0) is primary device
[    2.517650] Console: switching to colour frame buffer device 100x37
[    2.538247] [drm] Initialized vmwgfx 2.15.0 20180704 for 0000:00:02.0 on minor 0
[    2.541411] systemd[1]: Finished Load Kernel Modules.
[    2.542418] systemd[1]: Mounting FUSE Control File System...
[    2.543667] systemd[1]: Mounting Kernel Configuration File System...
[    2.555922] systemd[1]: Starting Apply Kernel Variables...
[    2.566404] systemd[1]: Mounted FUSE Control File System.
[    2.566477] systemd[1]: Condition check resulted in VMware vmblock fuse mount being skipped.
[    2.572970] systemd[1]: Finished Set the console keyboard layout.
[    2.573108] systemd[1]: Mounted Kernel Configuration File System.
[    2.573169] systemd[1]: Reached target Local File Systems (Pre).
[    2.578493] systemd[1]: Mounting Mount unit for bare, revision 5...
[    2.607345] systemd[1]: Mounting Mount unit for core18, revision 1705...
[    2.611750] systemd[1]: Mounting Mount unit for gnome-3-34-1804, revision 24...
[    2.616278] systemd[1]: Mounting Mount unit for gtk-common-themes, revision 1506...
[    2.620746] systemd[1]: Mounting Mount unit for gtk-common-themes, revision 1535...
[    2.630918] systemd[1]: Mounting Mount unit for snap-store, revision 433...
[    2.660589] systemd[1]: Mounting Mount unit for snapd, revision 25935...
[    2.673785] systemd[1]: Finished Apply Kernel Variables.
[    2.675835] systemd[1]: Mounted Mount unit for bare, revision 5.
[    2.675936] systemd[1]: Mounted Mount unit for core18, revision 1705.
[    2.676017] systemd[1]: Mounted Mount unit for gnome-3-34-1804, revision 24.
[    2.688893] systemd[1]: Started udev Kernel Device Manager.
[    2.689641] systemd[1]: Starting Show Plymouth Boot Screen...
[    2.694606] systemd[1]: Received SIGRTMIN+20 from PID 274 (plymouthd).
[    2.707287] systemd[1]: Mounted Mount unit for gtk-common-themes, revision 1506.
[    2.726069] systemd[1]: Started Show Plymouth Boot Screen.
[    2.726323] systemd[1]: Condition check resulted in Dispatch Password Requests to Console Directory Watch being skipped.
[    2.726414] systemd[1]: Started Forward Password Requests to Plymouth Directory Watch.
[    2.726482] systemd[1]: Reached target Local Encrypted Volumes.
[    2.760020] systemd[1]: Mounted Mount unit for gtk-common-themes, revision 1535.
[    2.760257] systemd[1]: Mounted Mount unit for snap-store, revision 433.
[    2.760437] systemd[1]: Mounted Mount unit for snapd, revision 25935.
[    2.760583] systemd[1]: Reached target Local File Systems.
[    2.763215] systemd[1]: Starting Load AppArmor profiles...
[    2.764137] systemd[1]: Starting Set console font and keymap...
[    2.775950] systemd[1]: Starting Tell Plymouth To Write Out Runtime Data...
[    2.777742] systemd[1]: Condition check resulted in Store a System Token in an EFI Variable being skipped.
[    2.777800] systemd[1]: Condition check resulted in Commit a transient machine-id on disk being skipped.
[    2.783780] systemd[1]: Finished Set console font and keymap.
[    2.789654] systemd[1]: Received SIGRTMIN+20 from PID 274 (plymouthd).
[    2.791211] systemd[1]: plymouth-read-write.service: Succeeded.
[    2.791465] systemd[1]: Finished Tell Plymouth To Write Out Runtime Data.
[    2.828837] audit: type=1400 audit(1768647670.664:2): apparmor="STATUS" operation="profile_load" profile="unconfined" name="nvidia_modprobe" pid=299 comm="apparmor_parser"
[    2.828839] audit: type=1400 audit(1768647670.664:3): apparmor="STATUS" operation="profile_load" profile="unconfined" name="nvidia_modprobe//kmod" pid=299 comm="apparmor_parser"
[    2.835711] audit: type=1400 audit(1768647670.668:4): apparmor="STATUS" operation="profile_load" profile="unconfined" name="/usr/sbin/tcpdump" pid=300 comm="apparmor_parser"
[    2.866439] audit: type=1400 audit(1768647670.696:5): apparmor="STATUS" operation="profile_load" profile="unconfined" name="/usr/bin/evince" pid=302 comm="apparmor_parser"
[    2.866441] audit: type=1400 audit(1768647670.696:6): apparmor="STATUS" operation="profile_load" profile="unconfined" name="/usr/bin/evince//sanitized_helper" pid=302 comm="apparmor_parser"
[    2.866443] audit: type=1400 audit(1768647670.696:7): apparmor="STATUS" operation="profile_load" profile="unconfined" name="/usr/bin/evince-previewer" pid=302 comm="apparmor_parser"
[    2.866445] audit: type=1400 audit(1768647670.696:8): apparmor="STATUS" operation="profile_load" profile="unconfined" name="/usr/bin/evince-previewer//sanitized_helper" pid=302 comm="apparmor_parser"
[    2.866447] audit: type=1400 audit(1768647670.696:9): apparmor="STATUS" operation="profile_load" profile="unconfined" name="/usr/bin/evince-thumbnailer" pid=302 comm="apparmor_parser"
[    2.897900] audit: type=1400 audit(1768647670.732:10): apparmor="STATUS" operation="profile_load" profile="unconfined" name="/usr/lib/cups/backend/cups-pdf" pid=303 comm="apparmor_parser"
[    2.965892] systemd[1]: Finished Load AppArmor profiles.
[    2.966956] systemd[1]: Starting Load AppArmor profiles managed internally by snapd...
[    3.085846] systemd[1]: Finished Load AppArmor profiles managed internally by snapd.
[    3.282685] systemd[1]: Started Journal Service.
[    3.290753] systemd-journald[229]: Received client request to flush runtime journal.
[    3.294492] systemd-journald[229]: File /var/log/journal/c455b248004a419c87ce85eea238d727/system.journal corrupted or uncleanly shut down, renaming and replacing.
[    4.817141] RAPL PMU: API unit is 2^-32 Joules, 0 fixed counters, 10737418240 ms ovfl timer
[    4.911235] cryptd: max_cpu_qlen set to 1000
[    4.968109] AVX2 version of gcm_enc/dec engaged.
[    4.968110] AES CTR mode by8 optimization enabled
[    6.839489] Adding 1998844k swap on /dev/sda1.  Priority:-2 extents:1 across:1998844k FS
[    8.879649] kauditd_printk_skb: 30 callbacks suppressed
[    8.879651] audit: type=1400 audit(1768647676.704:41): apparmor="DENIED" operation="capable" profile="/usr/sbin/cups-browsed" pid=506 comm="cups-browsed" capability=23  capname="sys_nice"
[    9.601046] pcnet32 0000:00:03.0 enp0s3: link up, 100Mbps, full-duplex
[    9.635584] e1000: enp0s8 NIC Link is Up 1000 Mbps Full Duplex, Flow Control: RX
[    9.635884] IPv6: ADDRCONF(NETDEV_CHANGE): enp0s8: link becomes ready
[    9.667049] e1000: enp0s9 NIC Link is Up 1000 Mbps Full Duplex, Flow Control: RX
[    9.667374] IPv6: ADDRCONF(NETDEV_CHANGE): enp0s9: link becomes ready
[   10.346250] device enp0s3 entered promiscuous mode
[   10.392916] audit: type=1400 audit(1768647678.224:42): apparmor="DENIED" operation="open" profile="/usr/sbin/tcpdump" name="/proc/sys/kernel/random/boot_id" pid=664 comm="tcpdump" requested_mask="r" denied_mask="r" fsuid=0 ouid=0
[   10.394228] audit: type=1400 audit(1768647678.232:43): apparmor="DENIED" operation="open" profile="/usr/sbin/tcpdump" name="/proc/sys/kernel/random/boot_id" pid=664 comm="tcpdump" requested_mask="r" denied_mask="r" fsuid=0 ouid=0
[   10.394410] audit: type=1400 audit(1768647678.232:44): apparmor="DENIED" operation="open" profile="/usr/sbin/tcpdump" name="/proc/sys/kernel/random/boot_id" pid=664 comm="tcpdump" requested_mask="r" denied_mask="r" fsuid=0 ouid=0
[   10.394643] audit: type=1400 audit(1768647678.232:45): apparmor="DENIED" operation="open" profile="/usr/sbin/tcpdump" name="/proc/sys/kernel/random/boot_id" pid=664 comm="tcpdump" requested_mask="r" denied_mask="r" fsuid=0 ouid=0
[   10.432202] audit: type=1400 audit(1768647678.268:46): apparmor="DENIED" operation="open" profile="/usr/sbin/tcpdump" name="/proc/sys/kernel/random/boot_id" pid=665 comm="tcpdump" requested_mask="r" denied_mask="r" fsuid=0 ouid=0
[   10.432734] audit: type=1400 audit(1768647678.268:47): apparmor="DENIED" operation="open" profile="/usr/sbin/tcpdump" name="/proc/sys/kernel/random/boot_id" pid=665 comm="tcpdump" requested_mask="r" denied_mask="r" fsuid=0 ouid=0
[   10.432815] audit: type=1400 audit(1768647678.268:48): apparmor="DENIED" operation="open" profile="/usr/sbin/tcpdump" name="/proc/sys/kernel/random/boot_id" pid=665 comm="tcpdump" requested_mask="r" denied_mask="r" fsuid=0 ouid=0
[   10.433149] audit: type=1400 audit(1768647678.268:49): apparmor="DENIED" operation="open" profile="/usr/sbin/tcpdump" name="/proc/sys/kernel/random/boot_id" pid=665 comm="tcpdump" requested_mask="r" denied_mask="r" fsuid=0 ouid=0
[   16.530519] rfkill: input handler disabled
[  169.027306] AAAAA-TCP_FORW: name:enp0s3: saddr:16783984: daddr:100932208
[  169.255335] AAAAA-TCP_FORW: name:enp0s3: saddr:16783984: daddr:100932208
[  169.626403] AAAAA-TCP_FORW: name:enp0s3: saddr:16783984: daddr:100932208
[  169.729316] AAAAA-TCP_FORW: name:enp0s3: saddr:16783984: daddr:100932208
[  169.812667] AAAAA-TCP_FORW: name:enp0s3: saddr:16783984: daddr:100932208
[  170.565860] AAAAA-TCP_FORW: name:enp0s3: saddr:33561200: daddr:100932208
[  170.787061] AAAAA-TCP_FORW: name:enp0s3: saddr:16783984: daddr:100932208
[  170.964221] AAAAA-TCP_FORW: name:enp0s3: saddr:33561200: daddr:100932208
[  171.147981] AAAAA-TCP_FORW: name:enp0s3: saddr:16783984: daddr:100932208
[  171.226505] AAAAA-TCP_FORW: name:enp0s3: saddr:33561200: daddr:100932208
[  171.430357] AAAAA-TCP_FORW: name:enp0s3: saddr:16783984: daddr:100932208
[  171.578803] AAAAA-TCP_FORW: name:enp0s3: saddr:16783984: daddr:100932208
[  171.641123] AAAAA-TCP_FORW: name:enp0s3: saddr:16783984: daddr:100932208
[  171.775989] AAAAA-TCP_FORW: name:enp0s3: saddr:33561200: daddr:100932208
[  171.826414] AAAAA-TCP_FORW: name:enp0s3: saddr:33561200: daddr:100932208
[  171.914731] AAAAA-TCP_FORW: name:enp0s3: saddr:33561200: daddr:100932208
[  172.025103] AAAAA-TCP_FORW: name:enp0s3: saddr:33561200: daddr:100932208
[  172.207245] AAAAA-TCP_FORW: name:enp0s3: saddr:16783984: daddr:100932208
[  172.288898] AAAAA-TCP_FORW: name:enp0s3: saddr:16783984: daddr:100932208
[  172.399861] AAAAA-TCP_FORW: name:enp0s3: saddr:16783984: daddr:100932208
[  172.524204] AAAAA-TCP_FORW: name:enp0s3: saddr:16783984: daddr:100932208
[  172.614876] AAAAA-TCP_FORW: name:enp0s3: saddr:16783984: daddr:100932208
[  172.708134] AAAAA-TCP_FORW: name:enp0s3: saddr:16783984: daddr:100932208
[  172.834800] AAAAA-TCP_FORW: name:enp0s3: saddr:16783984: daddr:100932208
[  173.062871] AAAAA-TCP_FORW: name:enp0s3: saddr:16783984: daddr:100932208
[  173.126848] AAAAA-TCP_FORW: name:enp0s3: saddr:16783984: daddr:100932208
[  173.175748] AAAAA-TCP_FORW: name:enp0s3: saddr:16783984: daddr:100932208
[  173.297939] AAAAA-TCP_FORW: name:enp0s3: saddr:33561200: daddr:100932208
[  173.339531] AAAAA-TCP_FORW: name:enp0s3: saddr:33561200: daddr:100932208
[  173.480724] AAAAA-TCP_FORW: name:enp0s3: saddr:33561200: daddr:100932208
[  173.524466] AAAAA-TCP_FORW: name:enp0s3: saddr:33561200: daddr:100932208
[  178.424174] AAAAA-TCP_FORW: name:enp0s3: saddr:33561200: daddr:100932208
[  178.547776] AAAAA-TCP_FORW: name:enp0s3: saddr:33561200: daddr:100932208
[  178.582980] AAAAA-TCP_FORW: name:enp0s3: saddr:33561200: daddr:100932208
[  178.721428] AAAAA-TCP_FORW: name:enp0s3: saddr:33561200: daddr:100932208
[  178.861460] AAAAA-TCP_FORW: name:enp0s3: saddr:33561200: daddr:100932208
[  178.951231] AAAAA-TCP_FORW: name:enp0s3: saddr:33561200: daddr:100932208
[  179.059810] AAAAA-TCP_FORW: name:enp0s3: saddr:33561200: daddr:100932208
[  179.195251] AAAAA-TCP_FORW: name:enp0s3: saddr:16783984: daddr:100932208
[  179.616225] AAAAA-TCP_FORW: name:enp0s3: saddr:16783984: daddr:100932208
[  179.724172] AAAAA-TCP_FORW: name:enp0s3: saddr:16783984: daddr:100932208
[  179.775435] AAAAA-TCP_FORW: name:enp0s3: saddr:16783984: daddr:100932208
[  179.878594] AAAAA-TCP_FORW: name:enp0s3: saddr:16783984: daddr:100932208
[  179.963040] AAAAA-TCP_FORW: name:enp0s3: saddr:16783984: daddr:100932208
[  180.091503] AAAAA-TCP_FORW: name:enp0s3: saddr:16783984: daddr:100932208
[  180.231525] AAAAA-TCP_FORW: name:enp0s3: saddr:16783984: daddr:100932208
[  180.440575] AAAAA-TCP_FORW: name:enp0s3: saddr:16783984: daddr:100932208
[  180.527720] AAAAA-TCP_FORW: name:enp0s3: saddr:33561200: daddr:100932208
[  180.675092] AAAAA-TCP_FORW: name:enp0s3: saddr:33561200: daddr:100932208
[  180.744347] AAAAA-TCP_FORW: name:enp0s3: saddr:16783984: daddr:100932208
[  180.822452] AAAAA-TCP_FORW: name:enp0s3: saddr:16783984: daddr:100932208
[  180.915812] AAAAA-TCP_FORW: name:enp0s3: saddr:16783984: daddr:100932208
[  181.034120] AAAAA-TCP_FORW: name:enp0s3: saddr:33561200: daddr:100932208
[  181.144178] AAAAA-TCP_FORW: name:enp0s3: saddr:16783984: daddr:100932208
[  181.455231] AAAAA-TCP_FORW: name:enp0s3: saddr:33561200: daddr:100932208
[  201.158296] AAAAA-TCP_FORW: name:enp0s3: saddr:33561200: daddr:100932208
[  201.472207] AAAAA-TCP_FORW: name:enp0s3: saddr:33561200: daddr:100932208
[  201.687197] AAAAA-TCP_FORW: name:enp0s3: saddr:33561200: daddr:100932208
[  201.812458] AAAAA-TCP_FORW: name:enp0s3: saddr:33561200: daddr:100932208
[  202.164012] AAAAA-TCP_FORW: name:enp0s3: saddr:33561200: daddr:100932208
[  202.322370] AAAAA-TCP_FORW: name:enp0s3: saddr:16783984: daddr:100932208
[  202.401981] AAAAA-TCP_FORW: name:enp0s3: saddr:16783984: daddr:100932208
[  202.500176] AAAAA-TCP_FORW: name:enp0s3: saddr:16783984: daddr:100932208
[  202.616193] AAAAA-TCP_FORW: name:enp0s3: saddr:16783984: daddr:100932208
[  202.764851] AAAAA-TCP_FORW: name:enp0s3: saddr:16783984: daddr:100932208
[  202.936154] AAAAA-TCP_FORW: name:enp0s3: saddr:16783984: daddr:100932208
[  203.023815] AAAAA-TCP_FORW: name:enp0s3: saddr:16783984: daddr:100932208
[  203.334582] AAAAA-TCP_FORW: name:enp0s3: saddr:16783984: daddr:100932208
[  203.412951] AAAAA-TCP_FORW: name:enp0s3: saddr:16783984: daddr:100932208
[  203.573862] AAAAA-TCP_FORW: name:enp0s3: saddr:16783984: daddr:100932208
[  203.686096] AAAAA-TCP_FORW: name:enp0s3: saddr:16783984: daddr:100932208
[  203.797018] AAAAA-TCP_FORW: name:enp0s3: saddr:16783984: daddr:100932208
[  204.229495] AAAAA-TCP_FORW: name:enp0s3: saddr:16783984: daddr:100932208
[  204.543270] AAAAA-TCP_FORW: name:enp0s3: saddr:16783984: daddr:100932208
[  204.721335] AAAAA-TCP_FORW: name:enp0s3: saddr:16783984: daddr:100932208
[  205.107632] AAAAA-TCP_FORW: name:enp0s3: saddr:16783984: daddr:100932208
[  205.676513] AAAAA-TCP_FORW: name:enp0s3: saddr:33561200: daddr:100932208
[  205.784704] AAAAA-TCP_FORW: name:enp0s3: saddr:33561200: daddr:100932208
[  205.993947] AAAAA-TCP_FORW: name:enp0s3: saddr:33561200: daddr:100932208
[  206.273857] AAAAA-TCP_FORW: name:enp0s3: saddr:33561200: daddr:100932208
[  206.462186] AAAAA-TCP_FORW: name:enp0s3: saddr:33561200: daddr:100932208
[  206.514050] AAAAA-TCP_FORW: name:enp0s3: saddr:33561200: daddr:100932208
[  206.585335] AAAAA-TCP_FORW: name:enp0s3: saddr:33561200: daddr:100932208
[  206.903554] AAAAA-TCP_FORW: name:enp0s3: saddr:33561200: daddr:100932208
[  206.972853] AAAAA-TCP_FORW: name:enp0s3: saddr:33561200: daddr:100932208
[  207.132073] AAAAA-TCP_FORW: name:enp0s3: saddr:33561200: daddr:100932208
[  207.186604] AAAAA-TCP_FORW: name:enp0s3: saddr:33561200: daddr:100932208
[  207.352051] AAAAA-TCP_FORW: name:enp0s3: saddr:33561200: daddr:100932208
[  207.407446] AAAAA-TCP_FORW: name:enp0s3: saddr:33561200: daddr:100932208
[  207.754706] AAAAA-TCP_FORW: name:enp0s3: saddr:33561200: daddr:100932208
[  207.922221] AAAAA-TCP_FORW: name:enp0s3: saddr:16783984: daddr:100932208
[  208.451989] AAAAA-TCP_FORW: name:enp0s3: saddr:16783984: daddr:100932208
[  208.496679] AAAAA-TCP_FORW: name:enp0s3: saddr:16783984: daddr:100932208
[  208.780966] AAAAA-TCP_FORW: name:enp0s3: saddr:16783984: daddr:100932208
[  209.062505] AAAAA-TCP_FORW: name:enp0s3: saddr:16783984: daddr:100932208
[  209.269595] AAAAA-TCP_FORW: name:enp0s3: saddr:16783984: daddr:100932208
[  209.484398] AAAAA-TCP_FORW: name:enp0s3: saddr:16783984: daddr:100932208
[  209.675290] AAAAA-TCP_FORW: name:enp0s3: saddr:16783984: daddr:100932208
[  209.909496] AAAAA-TCP_FORW: name:enp0s3: saddr:16783984: daddr:100932208
[  209.985211] AAAAA-TCP_FORW: name:enp0s3: saddr:16783984: daddr:100932208
[  210.119324] AAAAA-TCP_FORW: name:enp0s3: saddr:16783984: daddr:100932208
[  210.268127] AAAAA-TCP_FORW: name:enp0s3: saddr:16783984: daddr:100932208
[  210.363932] AAAAA-TCP_FORW: name:enp0s3: saddr:16783984: daddr:100932208
[  210.477916] AAAAA-TCP_FORW: name:enp0s3: saddr:33561200: daddr:100932208
[  210.550891] AAAAA-TCP_FORW: name:enp0s3: saddr:33561200: daddr:100932208
[  210.775017] AAAAA-TCP_FORW: name:enp0s3: saddr:33561200: daddr:100932208
[  210.822507] AAAAA-TCP_FORW: name:enp0s3: saddr:33561200: daddr:100932208
[  210.917781] AAAAA-TCP_FORW: name:enp0s3: saddr:33561200: daddr:100932208
[  210.988167] AAAAA-TCP_FORW: name:enp0s3: saddr:33561200: daddr:100932208
[  211.047477] AAAAA-TCP_FORW: name:enp0s3: saddr:33561200: daddr:100932208
[  211.116994] AAAAA-TCP_FORW: name:enp0s3: saddr:33561200: daddr:100932208
[  211.286213] AAAAA-TCP_FORW: name:enp0s3: saddr:33561200: daddr:100932208
[  211.356443] AAAAA-TCP_FORW: name:enp0s3: saddr:33561200: daddr:100932208
[  211.416020] AAAAA-TCP_FORW: name:enp0s3: saddr:33561200: daddr:100932208
[  211.533287] AAAAA-TCP_FORW: name:enp0s3: saddr:33561200: daddr:100932208
[  211.783192] AAAAA-TCP_FORW: name:enp0s3: saddr:33561200: daddr:100932208
[  211.883732] AAAAA-TCP_FORW: name:enp0s3: saddr:33561200: daddr:100932208
[  212.017513] AAAAA-TCP_FORW: name:enp0s3: saddr:16783984: daddr:100932208
[  212.190173] AAAAA-TCP_FORW: name:enp0s3: saddr:33561200: daddr:100932208
[  212.215689] AAAAA-TCP_FORW: name:enp0s3: saddr:16783984: daddr:100932208
[  212.342075] AAAAA-TCP_FORW: name:enp0s3: saddr:16783984: daddr:100932208
[  212.443348] AAAAA-TCP_FORW: name:enp0s3: saddr:16783984: daddr:100932208
[  212.585165] AAAAA-TCP_FORW: name:enp0s3: saddr:16783984: daddr:100932208
[  212.706089] AAAAA-TCP_FORW: name:enp0s3: saddr:16783984: daddr:100932208
[  212.861033] AAAAA-TCP_FORW: name:enp0s3: saddr:16783984: daddr:100932208
[  212.922309] AAAAA-TCP_FORW: name:enp0s3: saddr:16783984: daddr:100932208
[  213.096057] AAAAA-TCP_FORW: name:enp0s3: saddr:16783984: daddr:100932208
[  213.230416] AAAAA-TCP_FORW: name:enp0s3: saddr:16783984: daddr:100932208
[  213.342749] AAAAA-TCP_FORW: name:enp0s3: saddr:16783984: daddr:100932208
[  213.426891] AAAAA-TCP_FORW: name:enp0s3: saddr:16783984: daddr:100932208
[  213.527960] AAAAA-TCP_FORW: name:enp0s3: saddr:16783984: daddr:100932208
[  213.626326] AAAAA-TCP_FORW: name:enp0s3: saddr:16783984: daddr:100932208
[  213.706090] AAAAA-TCP_FORW: name:enp0s3: saddr:16783984: daddr:100932208
[  213.879945] AAAAA-TCP_FORW: name:enp0s3: saddr:16783984: daddr:100932208
[  213.943277] AAAAA-TCP_FORW: name:enp0s3: saddr:33561200: daddr:100932208
[  214.019173] AAAAA-TCP_FORW: name:enp0s3: saddr:33561200: daddr:100932208
[  214.111279] AAAAA-TCP_FORW: name:enp0s3: saddr:33561200: daddr:100932208
[  214.161985] AAAAA-TCP_FORW: name:enp0s3: saddr:33561200: daddr:100932208
[  214.365879] AAAAA-TCP_FORW: name:enp0s3: saddr:33561200: daddr:100932208
[  214.482275] AAAAA-TCP_FORW: name:enp0s3: saddr:33561200: daddr:100932208
[  214.575873] AAAAA-TCP_FORW: name:enp0s3: saddr:33561200: daddr:100932208
[  214.662789] AAAAA-TCP_FORW: name:enp0s3: saddr:33561200: daddr:100932208
[  214.777232] AAAAA-TCP_FORW: name:enp0s3: saddr:33561200: daddr:100932208
[  214.933194] AAAAA-TCP_FORW: name:enp0s3: saddr:33561200: daddr:100932208
[  215.009305] AAAAA-TCP_FORW: name:enp0s3: saddr:33561200: daddr:100932208
[  215.062920] AAAAA-TCP_FORW: name:enp0s3: saddr:33561200: daddr:100932208
[  215.179793] AAAAA-TCP_FORW: name:enp0s3: saddr:33561200: daddr:100932208
[  215.306475] AAAAA-TCP_FORW: name:enp0s3: saddr:33561200: daddr:100932208
[  215.443298] AAAAA-TCP_FORW: name:enp0s3: saddr:33561200: daddr:100932208
[  215.508010] AAAAA-TCP_FORW: name:enp0s3: saddr:16783984: daddr:100932208
[  215.579195] AAAAA-TCP_FORW: name:enp0s3: saddr:33561200: daddr:100932208
[  215.781109] AAAAA-TCP_FORW: name:enp0s3: saddr:33561200: daddr:100932208
[  215.915039] AAAAA-TCP_FORW: name:enp0s3: saddr:16783984: daddr:100932208
[  216.021959] AAAAA-TCP_FORW: name:enp0s3: saddr:16783984: daddr:100932208
[  216.125901] AAAAA-TCP_FORW: name:enp0s3: saddr:16783984: daddr:100932208
[  216.167079] AAAAA-TCP_FORW: name:enp0s3: saddr:16783984: daddr:100932208
[  216.263938] AAAAA-TCP_FORW: name:enp0s3: saddr:16783984: daddr:100932208
[  216.383606] AAAAA-TCP_FORW: name:enp0s3: saddr:16783984: daddr:100932208
[  216.536840] AAAAA-TCP_FORW: name:enp0s3: saddr:16783984: daddr:100932208
[  216.610441] AAAAA-TCP_FORW: name:enp0s3: saddr:16783984: daddr:100932208
[  216.647206] AAAAA-TCP_FORW: name:enp0s3: saddr:16783984: daddr:100932208
[  216.713191] AAAAA-TCP_FORW: name:enp0s3: saddr:16783984: daddr:100932208
[  216.851330] AAAAA-TCP_FORW: name:enp0s3: saddr:16783984: daddr:100932208
[  216.951373] AAAAA-TCP_FORW: name:enp0s3: saddr:16783984: daddr:100932208
[  217.059858] AAAAA-TCP_FORW: name:enp0s3: saddr:16783984: daddr:100932208
[  217.122263] AAAAA-TCP_FORW: name:enp0s3: saddr:16783984: daddr:100932208
[  217.210464] AAAAA-TCP_FORW: name:enp0s3: saddr:16783984: daddr:100932208
[  217.307735] AAAAA-TCP_FORW: name:enp0s3: saddr:16783984: daddr:100932208
[  217.391755] AAAAA-TCP_FORW: name:enp0s3: saddr:16783984: daddr:100932208
[  217.524607] AAAAA-TCP_FORW: name:enp0s3: saddr:16783984: daddr:100932208
[  217.640164] AAAAA-TCP_FORW: name:enp0s3: saddr:16783984: daddr:100932208
[  217.780611] AAAAA-TCP_FORW: name:enp0s3: saddr:33561200: daddr:100932208
[  218.050575] AAAAA-TCP_FORW: name:enp0s3: saddr:33561200: daddr:100932208
[  218.213697] AAAAA-TCP_FORW: name:enp0s3: saddr:33561200: daddr:100932208
[  218.518735] AAAAA-TCP_FORW: name:enp0s3: saddr:33561200: daddr:100932208
[  218.853946] AAAAA-TCP_FORW: name:enp0s3: saddr:33561200: daddr:100932208
[  218.951648] AAAAA-TCP_FORW: name:enp0s3: saddr:33561200: daddr:100932208
[  219.080104] AAAAA-TCP_FORW: name:enp0s3: saddr:33561200: daddr:100932208
[  219.195361] AAAAA-TCP_FORW: name:enp0s3: saddr:33561200: daddr:100932208
[  219.392503] AAAAA-TCP_FORW: name:enp0s3: saddr:33561200: daddr:100932208
[  219.436294] AAAAA-TCP_FORW: name:enp0s3: saddr:33561200: daddr:100932208
[  219.612664] AAAAA-TCP_FORW: name:enp0s3: saddr:33561200: daddr:100932208
[  219.836726] AAAAA-TCP_FORW: name:enp0s3: saddr:33561200: daddr:100932208
[  219.961745] AAAAA-TCP_FORW: name:enp0s3: saddr:33561200: daddr:100932208
[  220.078402] AAAAA-TCP_FORW: name:enp0s3: saddr:33561200: daddr:100932208
[  220.083468] AAAAA-TCP_FORW: name:enp0s3: saddr:16783984: daddr:100932208
[  220.167430] AAAAA-TCP_FORW: name:enp0s3: saddr:33561200: daddr:100932208
[  220.310562] AAAAA-TCP_FORW: name:enp0s3: saddr:33561200: daddr:100932208
[  220.592406] AAAAA-TCP_FORW: name:enp0s3: saddr:33561200: daddr:100932208
[  220.714331] AAAAA-TCP_FORW: name:enp0s3: saddr:16783984: daddr:100932208
[  220.750712] AAAAA-TCP_FORW: name:enp0s3: saddr:16783984: daddr:100932208
[  220.840026] AAAAA-TCP_FORW: name:enp0s3: saddr:16783984: daddr:100932208
[  220.958320] AAAAA-TCP_FORW: name:enp0s3: saddr:16783984: daddr:100932208
[  221.077887] AAAAA-TCP_FORW: name:enp0s3: saddr:16783984: daddr:100932208
[  221.230620] AAAAA-TCP_FORW: name:enp0s3: saddr:16783984: daddr:100932208
[  221.232957] AAAAA-TCP_FORW: name:enp0s3: saddr:16783984: daddr:100932208
[  221.356440] AAAAA-TCP_FORW: name:enp0s3: saddr:16783984: daddr:100932208
[  221.419360] AAAAA-TCP_FORW: name:enp0s3: saddr:16783984: daddr:100932208
[  221.433616] AAAAA-TCP_FORW: name:enp0s3: saddr:16783984: daddr:100932208
[  221.555664] AAAAA-TCP_FORW: name:enp0s3: saddr:16783984: daddr:100932208
[  221.673202] AAAAA-TCP_FORW: name:enp0s3: saddr:16783984: daddr:100932208
[  221.675629] AAAAA-TCP_FORW: name:enp0s3: saddr:16783984: daddr:100932208
[  221.720604] AAAAA-TCP_FORW: name:enp0s3: saddr:16783984: daddr:100932208
[  221.805614] AAAAA-TCP_FORW: name:enp0s3: saddr:16783984: daddr:100932208
[  221.963318] AAAAA-TCP_FORW: name:enp0s3: saddr:16783984: daddr:100932208
[  222.053749] AAAAA-TCP_FORW: name:enp0s3: saddr:16783984: daddr:100932208
[  222.175814] AAAAA-TCP_FORW: name:enp0s3: saddr:16783984: daddr:100932208
[  222.315578] AAAAA-TCP_FORW: name:enp0s3: saddr:16783984: daddr:100932208
[  222.317930] AAAAA-TCP_FORW: name:enp0s3: saddr:16783984: daddr:100932208
[  222.414439] AAAAA-TCP_FORW: name:enp0s3: saddr:16783984: daddr:100932208
[  222.475529] AAAAA-TCP_FORW: name:enp0s3: saddr:33561200: daddr:100932208
[  222.517529] AAAAA-TCP_FORW: name:enp0s3: saddr:33561200: daddr:100932208
[  222.671151] AAAAA-TCP_FORW: name:enp0s3: saddr:33561200: daddr:100932208
[  222.750655] AAAAA-TCP_FORW: name:enp0s3: saddr:33561200: daddr:100932208
[  222.798153] AAAAA-TCP_FORW: name:enp0s3: saddr:33561200: daddr:100932208
[  222.881973] AAAAA-TCP_FORW: name:enp0s3: saddr:33561200: daddr:100932208
[  222.925896] AAAAA-TCP_FORW: name:enp0s3: saddr:33561200: daddr:100932208
[  222.997131] AAAAA-TCP_FORW: name:enp0s3: saddr:33561200: daddr:100932208
[  223.189081] AAAAA-TCP_FORW: name:enp0s3: saddr:33561200: daddr:100932208
[  223.531058] AAAAA-TCP_FORW: name:enp0s3: saddr:33561200: daddr:100932208
[  223.601108] AAAAA-TCP_FORW: name:enp0s3: saddr:33561200: daddr:100932208
[  223.687635] AAAAA-TCP_FORW: name:enp0s3: saddr:33561200: daddr:100932208
[  224.043419] AAAAA-TCP_FORW: name:enp0s3: saddr:33561200: daddr:100932208
[  224.106047] AAAAA-TCP_FORW: name:enp0s3: saddr:33561200: daddr:100932208
[  224.202786] AAAAA-TCP_FORW: name:enp0s3: saddr:33561200: daddr:100932208
[  224.480792] AAAAA-TCP_FORW: name:enp0s3: saddr:33561200: daddr:100932208
[  224.584040] AAAAA-TCP_FORW: name:enp0s3: saddr:33561200: daddr:100932208
[  224.728236] AAAAA-TCP_FORW: name:enp0s3: saddr:33561200: daddr:100932208
[  225.249718] AAAAA-TCP_FORW: name:enp0s3: saddr:33561200: daddr:100932208
[  228.182051] AAAAA-TCP_FORW: name:enp0s3: saddr:16783984: daddr:100932208
[  228.331805] AAAAA-TCP_FORW: name:enp0s3: saddr:16783984: daddr:100932208
[  228.475657] AAAAA-TCP_FORW: name:enp0s3: saddr:16783984: daddr:100932208
[  228.578478] AAAAA-TCP_FORW: name:enp0s3: saddr:16783984: daddr:100932208
[  228.839424] AAAAA-TCP_FORW: name:enp0s3: saddr:16783984: daddr:100932208
[  228.935529] AAAAA-TCP_FORW: name:enp0s3: saddr:16783984: daddr:100932208
[  229.142130] AAAAA-TCP_FORW: name:enp0s3: saddr:16783984: daddr:100932208
[  229.408965] AAAAA-TCP_FORW: name:enp0s3: saddr:16783984: daddr:100932208
[  230.230028] AAAAA-TCP_FORW: name:enp0s3: saddr:16783984: daddr:100932208
[  230.335513] AAAAA-TCP_FORW: name:enp0s3: saddr:16783984: daddr:100932208
[  230.550368] AAAAA-TCP_FORW: name:enp0s3: saddr:16783984: daddr:100932208
[  230.627376] AAAAA-TCP_FORW: name:enp0s3: saddr:33561200: daddr:100932208
[  230.770752] AAAAA-TCP_FORW: name:enp0s3: saddr:16783984: daddr:100932208
[  233.088260] AAAAA-TCP_FORW: name:enp0s3: saddr:33561200: daddr:100932208
[  233.382241] AAAAA-TCP_FORW: name:enp0s3: saddr:33561200: daddr:100932208
[  234.035399] AAAAA-TCP_FORW: name:enp0s3: saddr:33561200: daddr:100932208
[  234.763120] AAAAA-TCP_FORW: name:enp0s3: saddr:33561200: daddr:100932208
[  235.196426] AAAAA-TCP_FORW: name:enp0s3: saddr:33561200: daddr:100932208
[  235.413757] AAAAA-TCP_FORW: name:enp0s3: saddr:33561200: daddr:100932208
[  235.852568] AAAAA-TCP_FORW: name:enp0s3: saddr:16783984: daddr:100932208
[  236.252225] AAAAA-TCP_FORW: name:enp0s3: saddr:16783984: daddr:100932208
[  236.643421] AAAAA-TCP_FORW: name:enp0s3: saddr:16783984: daddr:100932208
[  237.249431] AAAAA-TCP_FORW: name:enp0s3: saddr:33561200: daddr:100932208
[  237.790136] AAAAA-TCP_FORW: name:enp0s3: saddr:33561200: daddr:100932208
[  238.528581] AAAAA-TCP_FORW: name:enp0s3: saddr:33561200: daddr:100932208
[  239.013646] AAAAA-TCP_FORW: name:enp0s3: saddr:16783984: daddr:100932208
[  239.282003] AAAAA-TCP_FORW: name:enp0s3: saddr:16783984: daddr:100932208
[  239.372802] AAAAA-TCP_FORW: name:enp0s3: saddr:16783984: daddr:100932208
[  239.470612] AAAAA-TCP_FORW: name:enp0s3: saddr:16783984: daddr:100932208
[  239.614046] AAAAA-TCP_FORW: name:enp0s3: saddr:16783984: daddr:100932208
[  239.778923] AAAAA-TCP_FORW: name:enp0s3: saddr:16783984: daddr:100932208
[  239.852463] AAAAA-TCP_FORW: name:enp0s3: saddr:16783984: daddr:100932208
[  239.988707] AAAAA-TCP_FORW: name:enp0s3: saddr:16783984: daddr:100932208
[  240.238435] AAAAA-TCP_FORW: name:enp0s3: saddr:33561200: daddr:100932208
[  240.329742] AAAAA-TCP_FORW: name:enp0s3: saddr:16783984: daddr:100932208
[  240.432666] AAAAA-TCP_FORW: name:enp0s3: saddr:16783984: daddr:100932208
[  240.626509] AAAAA-TCP_FORW: name:enp0s3: saddr:16783984: daddr:100932208
[  240.707632] AAAAA-TCP_FORW: name:enp0s3: saddr:16783984: daddr:100932208
[  240.974759] AAAAA-TCP_FORW: name:enp0s3: saddr:16783984: daddr:100932208
[  241.131374] AAAAA-TCP_FORW: name:enp0s3: saddr:16783984: daddr:100932208
[  241.305413] AAAAA-TCP_FORW: name:enp0s3: saddr:16783984: daddr:100932208
[  241.472525] AAAAA-TCP_FORW: name:enp0s3: saddr:33561200: daddr:100932208
[  241.875808] AAAAA-TCP_FORW: name:enp0s3: saddr:33561200: daddr:100932208
[  241.958142] AAAAA-TCP_FORW: name:enp0s3: saddr:33561200: daddr:100932208
[  242.040374] AAAAA-TCP_FORW: name:enp0s3: saddr:33561200: daddr:100932208
[  242.148108] AAAAA-TCP_FORW: name:enp0s3: saddr:33561200: daddr:100932208
[  242.269694] AAAAA-TCP_FORW: name:enp0s3: saddr:33561200: daddr:100932208
[  242.391688] AAAAA-TCP_FORW: name:enp0s3: saddr:33561200: daddr:100932208
[  242.558090] AAAAA-TCP_FORW: name:enp0s3: saddr:33561200: daddr:100932208
[  242.626624] AAAAA-TCP_FORW: name:enp0s3: saddr:16783984: daddr:100932208
[  242.687831] AAAAA-TCP_FORW: name:enp0s3: saddr:33561200: daddr:100932208
[  242.807451] AAAAA-TCP_FORW: name:enp0s3: saddr:33561200: daddr:100932208
[  242.917976] AAAAA-TCP_FORW: name:enp0s3: saddr:33561200: daddr:100932208
[  243.145701] AAAAA-TCP_FORW: name:enp0s3: saddr:33561200: daddr:100932208
[  243.254849] AAAAA-TCP_FORW: name:enp0s3: saddr:33561200: daddr:100932208
[  243.314965] AAAAA-TCP_FORW: name:enp0s3: saddr:33561200: daddr:100932208
[  243.435987] AAAAA-TCP_FORW: name:enp0s3: saddr:16783984: daddr:100932208
[  243.496018] AAAAA-TCP_FORW: name:enp0s3: saddr:16783984: daddr:100932208
[  243.624984] AAAAA-TCP_FORW: name:enp0s3: saddr:33561200: daddr:100932208
[  243.870216] AAAAA-TCP_FORW: name:enp0s3: saddr:33561200: daddr:100932208
[  244.015088] AAAAA-TCP_FORW: name:enp0s3: saddr:16783984: daddr:100932208
[  244.098904] AAAAA-TCP_FORW: name:enp0s3: saddr:33561200: daddr:100932208
[  244.237566] AAAAA-TCP_FORW: name:enp0s3: saddr:16783984: daddr:100932208
[  244.369306] AAAAA-TCP_FORW: name:enp0s3: saddr:33561200: daddr:100932208
[  244.499688] AAAAA-TCP_FORW: name:enp0s3: saddr:33561200: daddr:100932208
[  245.492645] AAAAA-TCP_FORW: name:enp0s3: saddr:33561200: daddr:100932208
[  246.727206] AAAAA-TCP_FORW: name:enp0s3: saddr:33561200: daddr:100932208
[  272.176673] AAAAA-TCP_FORW: name:enp0s3: saddr:16783984: daddr:100932208
[  274.240786] AAAAA-TCP_FORW: name:enp0s3: saddr:16783984: daddr:100932208
[  274.421617] AAAAA-TCP_FORW: name:enp0s3: saddr:16783984: daddr:100932208
[  274.549406] AAAAA-TCP_FORW: name:enp0s3: saddr:16783984: daddr:100932208
[  274.675316] AAAAA-TCP_FORW: name:enp0s3: saddr:16783984: daddr:100932208
[  274.804459] AAAAA-TCP_FORW: name:enp0s3: saddr:16783984: daddr:100932208
[  274.837911] AAAAA-TCP_FORW: name:enp0s3: saddr:16783984: daddr:100932208
[  275.033021] AAAAA-TCP_FORW: name:enp0s3: saddr:16783984: daddr:100932208
[  275.242898] AAAAA-TCP_FORW: name:enp0s3: saddr:16783984: daddr:100932208
[  275.382565] AAAAA-TCP_FORW: name:enp0s3: saddr:16783984: daddr:100932208
[  275.465281] AAAAA-TCP_FORW: name:enp0s3: saddr:16783984: daddr:100932208
[  275.580383] AAAAA-TCP_FORW: name:enp0s3: saddr:16783984: daddr:100932208
[  275.871442] AAAAA-TCP_FORW: name:enp0s3: saddr:16783984: daddr:100932208
[  275.959876] AAAAA-TCP_FORW: name:enp0s3: saddr:16783984: daddr:100932208
[  276.051370] AAAAA-TCP_FORW: name:enp0s3: saddr:16783984: daddr:100932208
[  276.203742] AAAAA-TCP_FORW: name:enp0s3: saddr:16783984: daddr:100932208
[  276.296213] AAAAA-TCP_FORW: name:enp0s3: saddr:16783984: daddr:100932208
[  276.426195] AAAAA-TCP_FORW: name:enp0s3: saddr:16783984: daddr:100932208
[  276.502544] AAAAA-TCP_FORW: name:enp0s3: saddr:16783984: daddr:100932208
[  276.552115] AAAAA-TCP_FORW: name:enp0s3: saddr:16783984: daddr:100932208
[  276.838329] AAAAA-TCP_FORW: name:enp0s3: saddr:16783984: daddr:100932208
[  276.904350] AAAAA-TCP_FORW: name:enp0s3: saddr:16783984: daddr:100932208
[  277.008440] AAAAA-TCP_FORW: name:enp0s3: saddr:16783984: daddr:100932208
[  277.275027] AAAAA-TCP_FORW: name:enp0s3: saddr:16783984: daddr:100932208
[  277.426571] AAAAA-TCP_FORW: name:enp0s3: saddr:16783984: daddr:100932208
[  279.131296] AAAAA-TCP_FORW: name:enp0s3: saddr:16783984: daddr:100932208
[  279.261678] AAAAA-TCP_FORW: name:enp0s3: saddr:16783984: daddr:100932208
[  279.408589] AAAAA-TCP_FORW: name:enp0s3: saddr:16783984: daddr:100932208
[  279.494942] AAAAA-TCP_FORW: name:enp0s3: saddr:16783984: daddr:100932208
[  279.615421] AAAAA-TCP_FORW: name:enp0s3: saddr:16783984: daddr:100932208
[  279.769951] AAAAA-TCP_FORW: name:enp0s3: saddr:33561200: daddr:100932208
[  279.866987] AAAAA-TCP_FORW: name:enp0s3: saddr:16783984: daddr:100932208
[  279.980646] AAAAA-TCP_FORW: name:enp0s3: saddr:16783984: daddr:100932208
[  280.086071] AAAAA-TCP_FORW: name:enp0s3: saddr:16783984: daddr:100932208
[  280.227967] AAAAA-TCP_FORW: name:enp0s3: saddr:16783984: daddr:100932208
[  280.377472] AAAAA-TCP_FORW: name:enp0s3: saddr:16783984: daddr:100932208
[  280.487678] AAAAA-TCP_FORW: name:enp0s3: saddr:16783984: daddr:100932208
[  280.588365] AAAAA-TCP_FORW: name:enp0s3: saddr:16783984: daddr:100932208
[  280.733400] AAAAA-TCP_FORW: name:enp0s3: saddr:16783984: daddr:100932208
[  280.808365] AAAAA-TCP_FORW: name:enp0s3: saddr:16783984: daddr:100932208
[  280.898130] AAAAA-TCP_FORW: name:enp0s3: saddr:16783984: daddr:100932208
[  280.981822] AAAAA-TCP_FORW: name:enp0s3: saddr:16783984: daddr:100932208
[  280.998705] AAAAA-TCP_FORW: name:enp0s3: saddr:16783984: daddr:100932208
[  281.104944] AAAAA-TCP_FORW: name:enp0s3: saddr:16783984: daddr:100932208
[  281.122120] AAAAA-TCP_FORW: name:enp0s3: saddr:16783984: daddr:100932208
[  281.203681] AAAAA-TCP_FORW: name:enp0s3: saddr:16783984: daddr:100932208
[  281.243566] AAAAA-TCP_FORW: name:enp0s3: saddr:16783984: daddr:100932208
[  281.303263] AAAAA-TCP_FORW: name:enp0s3: saddr:16783984: daddr:100932208
[  281.352765] AAAAA-TCP_FORW: name:enp0s3: saddr:16783984: daddr:100932208
[  281.397974] AAAAA-TCP_FORW: name:enp0s3: saddr:16783984: daddr:100932208
[  281.447772] AAAAA-TCP_FORW: name:enp0s3: saddr:16783984: daddr:100932208
[  281.508551] AAAAA-TCP_FORW: name:enp0s3: saddr:16783984: daddr:100932208
[  281.542996] AAAAA-TCP_FORW: name:enp0s3: saddr:16783984: daddr:100932208
[  281.594203] AAAAA-TCP_FORW: name:enp0s3: saddr:16783984: daddr:100932208
[  281.604457] AAAAA-TCP_FORW: name:enp0s3: saddr:16783984: daddr:100932208
[  281.739316] AAAAA-TCP_FORW: name:enp0s3: saddr:16783984: daddr:100932208
[  281.846765] AAAAA-TCP_FORW: name:enp0s3: saddr:16783984: daddr:100932208
[  281.944933] AAAAA-TCP_FORW: name:enp0s3: saddr:16783984: daddr:100932208
[  282.005717] AAAAA-TCP_FORW: name:enp0s3: saddr:16783984: daddr:100932208
[  282.047387] AAAAA-TCP_FORW: name:enp0s3: saddr:16783984: daddr:100932208
[  282.142853] AAAAA-TCP_FORW: name:enp0s3: saddr:16783984: daddr:100932208
[  282.264810] AAAAA-TCP_FORW: name:enp0s3: saddr:16783984: daddr:100932208
[  282.280211] AAAAA-TCP_FORW: name:enp0s3: saddr:16783984: daddr:100932208
[  282.384712] AAAAA-TCP_FORW: name:enp0s3: saddr:16783984: daddr:100932208
[  282.546444] AAAAA-TCP_FORW: name:enp0s3: saddr:16783984: daddr:100932208
[  282.647083] AAAAA-TCP_FORW: name:enp0s3: saddr:16783984: daddr:100932208
[  282.713260] AAAAA-TCP_FORW: name:enp0s3: saddr:16783984: daddr:100932208
[  282.742959] AAAAA-TCP_FORW: name:enp0s3: saddr:16783984: daddr:100932208
[  282.865168] AAAAA-TCP_FORW: name:enp0s3: saddr:16783984: daddr:100932208
[  282.883913] AAAAA-TCP_FORW: name:enp0s3: saddr:16783984: daddr:100932208
[  282.975853] AAAAA-TCP_FORW: name:enp0s3: saddr:16783984: daddr:100932208
[  283.110795] AAAAA-TCP_FORW: name:enp0s3: saddr:16783984: daddr:100932208
[  283.200319] AAAAA-TCP_FORW: name:enp0s3: saddr:33561200: daddr:100932208
[  283.300687] AAAAA-TCP_FORW: name:enp0s3: saddr:16783984: daddr:100932208
[  283.367985] AAAAA-TCP_FORW: name:enp0s3: saddr:16783984: daddr:100932208
[  283.547718] AAAAA-TCP_FORW: name:enp0s3: saddr:16783984: daddr:100932208
[  283.780306] AAAAA-TCP_FORW: name:enp0s3: saddr:16783984: daddr:100932208
[  284.273428] AAAAA-TCP_FORW: name:enp0s3: saddr:16783984: daddr:100932208
[  285.808209] AAAAA-TCP_FORW: name:enp0s3: saddr:16783984: daddr:100932208
[  286.161333] AAAAA-TCP_FORW: name:enp0s3: saddr:16783984: daddr:100932208
[  286.557587] AAAAA-TCP_FORW: name:enp0s3: saddr:16783984: daddr:100932208
[  286.750189] AAAAA-TCP_FORW: name:enp0s3: saddr:16783984: daddr:100932208
[  287.226716] AAAAA-TCP_FORW: name:enp0s3: saddr:16783984: daddr:100932208
[  287.413760] AAAAA-TCP_FORW: name:enp0s3: saddr:16783984: daddr:100932208
[  288.206812] AAAAA-TCP_FORW: name:enp0s3: saddr:16783984: daddr:100932208
[  288.548875] AAAAA-TCP_FORW: name:enp0s3: saddr:16783984: daddr:100932208
[  288.947789] AAAAA-TCP_FORW: name:enp0s3: saddr:16783984: daddr:100932208
[  289.115828] AAAAA-TCP_FORW: name:enp0s3: saddr:16783984: daddr:100932208
[  289.408781] AAAAA-TCP_FORW: name:enp0s3: saddr:16783984: daddr:100932208
[  289.550742] AAAAA-TCP_FORW: name:enp0s3: saddr:16783984: daddr:100932208
[  289.758489] AAAAA-TCP_FORW: name:enp0s3: saddr:16783984: daddr:100932208
[  289.991314] AAAAA-TCP_FORW: name:enp0s3: saddr:33561200: daddr:100932208
[  290.280863] AAAAA-TCP_FORW: name:enp0s3: saddr:33561200: daddr:100932208
[  290.550483] AAAAA-TCP_FORW: name:enp0s3: saddr:33561200: daddr:100932208
[  290.632803] AAAAA-TCP_FORW: name:enp0s3: saddr:33561200: daddr:100932208
[  290.712107] AAAAA-TCP_FORW: name:enp0s3: saddr:33561200: daddr:100932208
[  290.856661] AAAAA-TCP_FORW: name:enp0s3: saddr:33561200: daddr:100932208
[  290.986304] AAAAA-TCP_FORW: name:enp0s3: saddr:33561200: daddr:100932208
[  291.063792] AAAAA-TCP_FORW: name:enp0s3: saddr:33561200: daddr:100932208
[  291.151142] AAAAA-TCP_FORW: name:enp0s3: saddr:33561200: daddr:100932208
[  291.398645] AAAAA-TCP_FORW: name:enp0s3: saddr:33561200: daddr:100932208
[  291.524057] AAAAA-TCP_FORW: name:enp0s3: saddr:33561200: daddr:100932208
[  291.807530] AAAAA-TCP_FORW: name:enp0s3: saddr:33561200: daddr:100932208
[  291.965703] AAAAA-TCP_FORW: name:enp0s3: saddr:33561200: daddr:100932208
[  292.017879] AAAAA-TCP_FORW: name:enp0s3: saddr:33561200: daddr:100932208
[  292.516699] AAAAA-TCP_FORW: name:enp0s3: saddr:16783984: daddr:100932208
[  292.660898] AAAAA-TCP_FORW: name:enp0s3: saddr:16783984: daddr:100932208
[  292.878142] AAAAA-TCP_FORW: name:enp0s3: saddr:16783984: daddr:100932208
[  295.859722] AAAAA-TCP_FORW: name:enp0s3: saddr:16783984: daddr:100932208
[  298.078278] AAAAA-TCP_FORW: name:enp0s3: saddr:16783984: daddr:100932208
[  309.910701] AAAAA-TCP_FORW: name:enp0s3: saddr:16783984: daddr:100932208
[  309.986194] AAAAA-TCP_FORW: name:enp0s3: saddr:16783984: daddr:100932208
[  310.252224] AAAAA-TCP_FORW: name:enp0s3: saddr:33561200: daddr:100932208
[  310.352557] AAAAA-TCP_FORW: name:enp0s3: saddr:33561200: daddr:100932208
[  310.992922] AAAAA-TCP_FORW: name:enp0s3: saddr:16783984: daddr:100932208
[  311.163495] AAAAA-TCP_FORW: name:enp0s3: saddr:16783984: daddr:100932208
[  311.226035] AAAAA-TCP_FORW: name:enp0s3: saddr:33561200: daddr:100932208
[  311.277817] AAAAA-TCP_FORW: name:enp0s3: saddr:16783984: daddr:100932208
[  311.310033] AAAAA-TCP_FORW: name:enp0s3: saddr:33561200: daddr:100932208
[  311.447595] AAAAA-TCP_FORW: name:enp0s3: saddr:16783984: daddr:100932208
[  311.504937] AAAAA-TCP_FORW: name:enp0s3: saddr:33561200: daddr:100932208
[  311.619746] AAAAA-TCP_FORW: name:enp0s3: saddr:16783984: daddr:100932208
[  311.662051] AAAAA-TCP_FORW: name:enp0s3: saddr:16783984: daddr:100932208
[  311.834566] AAAAA-TCP_FORW: name:enp0s3: saddr:33561200: daddr:100932208
[  311.944022] AAAAA-TCP_FORW: name:enp0s3: saddr:33561200: daddr:100932208
[  312.031429] AAAAA-TCP_FORW: name:enp0s3: saddr:16783984: daddr:100932208
[  328.579267] AAAAA-TCP_FORW: name:enp0s3: saddr:100932208: daddr:33561200
[  329.102354] AAAAA-TCP_FORW: name:enp0s3: saddr:33561200: daddr:100932208
[  521.925491] rfkill: input handler enabled
[  532.727404] rfkill: input handler disabled
[  752.360896] device enp0s3 left promiscuous mode
