[    0.000000] Linux version 5.4.243-mptcp (root@ztg) (gcc version 12.2.0 (Debian 12.2.0-14+deb12u1)) #53 SMP Wed Dec 24 23:28:15 CST 2025
[    0.000000] Command line: BOOT_IMAGE=/boot/vmlinuz-5.4.243-mptcp root=UUID=98415a12-53b7-4144-8265-0f7ece09e445 ro quiet splash
[    0.000000] KERNEL supported cpus:
[    0.000000]   Intel GenuineIntel
[    0.000000]   AMD AuthenticAMD
[    0.000000]   Hygon HygonGenuine
[    0.000000]   Centaur CentaurHauls
[    0.000000]   zhaoxin   Shanghai  
[    0.000000] x86/fpu: Supporting XSAVE feature 0x001: 'x87 floating point registers'
[    0.000000] x86/fpu: Supporting XSAVE feature 0x002: 'SSE registers'
[    0.000000] x86/fpu: Supporting XSAVE feature 0x004: 'AVX registers'
[    0.000000] x86/fpu: xstate_offset[2]:  576, xstate_sizes[2]:  256
[    0.000000] x86/fpu: Enabled xstate features 0x7, context size is 832 bytes, using 'standard' format.
[    0.000000] BIOS-provided physical RAM map:
[    0.000000] BIOS-e820: [mem 0x0000000000000000-0x000000000009fbff] usable
[    0.000000] BIOS-e820: [mem 0x000000000009fc00-0x000000000009ffff] reserved
[    0.000000] BIOS-e820: [mem 0x00000000000f0000-0x00000000000fffff] reserved
[    0.000000] BIOS-e820: [mem 0x0000000000100000-0x000000007ffeffff] usable
[    0.000000] BIOS-e820: [mem 0x000000007fff0000-0x000000007fffffff] ACPI data
[    0.000000] BIOS-e820: [mem 0x00000000fec00000-0x00000000fec00fff] reserved
[    0.000000] BIOS-e820: [mem 0x00000000fee00000-0x00000000fee00fff] reserved
[    0.000000] BIOS-e820: [mem 0x00000000fffc0000-0x00000000ffffffff] reserved
[    0.000000] NX (Execute Disable) protection: active
[    0.000000] SMBIOS 2.5 present.
[    0.000000] DMI: innotek GmbH VirtualBox/VirtualBox, BIOS VirtualBox 12/01/2006
[    0.000000] Hypervisor detected: KVM
[    0.000000] kvm-clock: Using msrs 4b564d01 and 4b564d00
[    0.000000] kvm-clock: cpu 0, msr 56601001, primary cpu clock
[    0.000000] kvm-clock: using sched offset of 4431999940 cycles
[    0.000003] clocksource: kvm-clock: mask: 0xffffffffffffffff max_cycles: 0x1cd42e4dffb, max_idle_ns: 881590591483 ns
[    0.000005] tsc: Detected 2100.000 MHz processor
[    0.001882] e820: update [mem 0x00000000-0x00000fff] usable ==> reserved
[    0.001884] e820: remove [mem 0x000a0000-0x000fffff] usable
[    0.001887] last_pfn = 0x7fff0 max_arch_pfn = 0x400000000
[    0.001955] MTRR default type: uncachable
[    0.001956] MTRR fixed ranges enabled:
[    0.001957]   00000-9FFFF write-back
[    0.001958]   A0000-BFFFF uncachable
[    0.001959]   C0000-FFFFF write-protect
[    0.001960] MTRR variable ranges enabled:
[    0.001961]   0 base 000000000000 mask 3FFF80000000 write-back
[    0.001962]   1 disabled
[    0.001962]   2 disabled
[    0.001962]   3 disabled
[    0.001963]   4 disabled
[    0.001963]   5 disabled
[    0.001964]   6 disabled
[    0.001964]   7 disabled
[    0.001964]   8 disabled
[    0.001965]   9 disabled
[    0.001965]   10 disabled
[    0.001966]   11 disabled
[    0.001966]   12 disabled
[    0.001967]   13 disabled
[    0.001967]   14 disabled
[    0.001968]   15 disabled
[    0.001984] x86/PAT: Configuration [0-7]: WB  WC  UC- UC  WB  WP  UC- WT  
[    0.002120] found SMP MP-table at [mem 0x0009fff0-0x0009ffff]
[    0.092558] check: Scanning 1 areas for low memory corruption
[    0.092808] RAMDISK: [mem 0x32271000-0x3512ffff]
[    0.092817] ACPI: Early table checksum verification disabled
[    0.092822] ACPI: RSDP 0x00000000000E0000 000024 (v02 VBOX  )
[    0.092826] ACPI: XSDT 0x000000007FFF0030 00003C (v01 VBOX   VBOXXSDT 00000001 ASL  00000061)
[    0.092833] ACPI: FACP 0x000000007FFF00F0 0000F4 (v04 VBOX   VBOXFACP 00000001 ASL  00000061)
[    0.092839] ACPI: DSDT 0x000000007FFF02E0 002353 (v02 VBOX   VBOXBIOS 00000002 VBOX 00029BF3)
[    0.092843] ACPI: FACS 0x000000007FFF0200 000040
[    0.092847] ACPI: FACS 0x000000007FFF0200 000040
[    0.092850] ACPI: APIC 0x000000007FFF0240 000054 (v02 VBOX   VBOXAPIC 00000001 ASL  00000061)
[    0.092853] ACPI: SSDT 0x000000007FFF02A0 000038 (v01 VBOX   VBOXCPUT 00000002 VBOX 00029BF3)
[    0.092857] ACPI: Reserving FACP table memory at [mem 0x7fff00f0-0x7fff01e3]
[    0.092858] ACPI: Reserving DSDT table memory at [mem 0x7fff02e0-0x7fff2632]
[    0.092858] ACPI: Reserving FACS table memory at [mem 0x7fff0200-0x7fff023f]
[    0.092859] ACPI: Reserving FACS table memory at [mem 0x7fff0200-0x7fff023f]
[    0.092860] ACPI: Reserving APIC table memory at [mem 0x7fff0240-0x7fff0293]
[    0.092861] ACPI: Reserving SSDT table memory at [mem 0x7fff02a0-0x7fff02d7]
[    0.092875] ACPI: Local APIC address 0xfee00000
[    0.093063] No NUMA configuration found
[    0.093064] Faking a node at [mem 0x0000000000000000-0x000000007ffeffff]
[    0.093074] NODE_DATA(0) allocated [mem 0x7ffc5000-0x7ffeffff]
[    0.093334] Zone ranges:
[    0.093335]   DMA      [mem 0x0000000000001000-0x0000000000ffffff]
[    0.093336]   DMA32    [mem 0x0000000001000000-0x000000007ffeffff]
[    0.093337]   Normal   empty
[    0.093338]   Device   empty
[    0.093339] Movable zone start for each node
[    0.093340] Early memory node ranges
[    0.093341]   node   0: [mem 0x0000000000001000-0x000000000009efff]
[    0.093342]   node   0: [mem 0x0000000000100000-0x000000007ffeffff]
[    0.093345] Zeroed struct page in unavailable ranges: 114 pages
[    0.093346] Initmem setup node 0 [mem 0x0000000000001000-0x000000007ffeffff]
[    0.093347] On node 0 totalpages: 524174
[    0.093349]   DMA zone: 64 pages used for memmap
[    0.093349]   DMA zone: 21 pages reserved
[    0.093350]   DMA zone: 3998 pages, LIFO batch:0
[    0.093420]   DMA32 zone: 8128 pages used for memmap
[    0.093421]   DMA32 zone: 520176 pages, LIFO batch:63
[    0.102318] ACPI: PM-Timer IO Port: 0x4008
[    0.102322] ACPI: Local APIC address 0xfee00000
[    0.102391] IOAPIC[0]: apic_id 1, version 32, address 0xfec00000, GSI 0-23
[    0.102394] ACPI: INT_SRC_OVR (bus 0 bus_irq 0 global_irq 2 dfl dfl)
[    0.102396] ACPI: INT_SRC_OVR (bus 0 bus_irq 9 global_irq 9 low level)
[    0.102397] ACPI: IRQ0 used by override.
[    0.102398] ACPI: IRQ9 used by override.
[    0.102401] Using ACPI (MADT) for SMP configuration information
[    0.102408] smpboot: Allowing 1 CPUs, 0 hotplug CPUs
[    0.102430] PM: Registered nosave memory: [mem 0x00000000-0x00000fff]
[    0.102432] PM: Registered nosave memory: [mem 0x0009f000-0x0009ffff]
[    0.102432] PM: Registered nosave memory: [mem 0x000a0000-0x000effff]
[    0.102433] PM: Registered nosave memory: [mem 0x000f0000-0x000fffff]
[    0.102434] [mem 0x80000000-0xfebfffff] available for PCI devices
[    0.102435] Booting paravirtualized kernel on KVM
[    0.102438] clocksource: refined-jiffies: mask: 0xffffffff max_cycles: 0xffffffff, max_idle_ns: 7645519600211568 ns
[    0.102443] setup_percpu: NR_CPUS:8192 nr_cpumask_bits:1 nr_cpu_ids:1 nr_node_ids:1
[    0.103463] percpu: Embedded 60 pages/cpu s208896 r8192 d28672 u2097152
[    0.103467] pcpu-alloc: s208896 r8192 d28672 u2097152 alloc=1*2097152
[    0.103468] pcpu-alloc: [0] 0 
[    0.103495] Built 1 zonelists, mobility grouping on.  Total pages: 515961
[    0.103496] Policy zone: DMA32
[    0.103497] Kernel command line: BOOT_IMAGE=/boot/vmlinuz-5.4.243-mptcp root=UUID=98415a12-53b7-4144-8265-0f7ece09e445 ro quiet splash
[    0.104333] Dentry cache hash table entries: 262144 (order: 9, 2097152 bytes, linear)
[    0.104479] Inode-cache hash table entries: 131072 (order: 8, 1048576 bytes, linear)
[    0.104530] mem auto-init: stack:off, heap alloc:on, heap free:off
[    0.104533] Calgary: detecting Calgary via BIOS EBDA area
[    0.104534] Calgary: Unable to locate Rio Grande table in EBDA - bailing!
[    0.108620] Memory: 1967332K/2096696K available (14339K kernel code, 2398K rwdata, 4712K rodata, 2728K init, 17260K bss, 129364K reserved, 0K cma-reserved)
[    0.109550] SLUB: HWalign=64, Order=0-3, MinObjects=0, CPUs=1, Nodes=1
[    0.109566] ftrace: allocating 43186 entries in 169 pages
[    0.127703] rcu: Hierarchical RCU implementation.
[    0.127705] rcu: 	RCU restricting CPUs from NR_CPUS=8192 to nr_cpu_ids=1.
[    0.127706] 	Tasks RCU enabled.
[    0.127707] rcu: RCU calculated value of scheduler-enlistment delay is 25 jiffies.
[    0.127707] rcu: Adjusting geometry for rcu_fanout_leaf=16, nr_cpu_ids=1
[    0.130673] NR_IRQS: 524544, nr_irqs: 256, preallocated irqs: 16
[    0.130887] random: crng init done
[    0.140211] Console: colour VGA+ 80x25
[    0.140216] printk: console [tty0] enabled
[    0.140236] ACPI: Core revision 20190816
[    0.140331] APIC: Switch to symmetric I/O mode setup
[    0.140582] x2apic enabled
[    0.140821] Switched APIC routing to physical x2apic.
[    0.141960] ..TIMER: vector=0x30 apic1=0 pin1=2 apic2=-1 pin2=-1
[    0.141986] clocksource: tsc-early: mask: 0xffffffffffffffff max_cycles: 0x1e4530a99b6, max_idle_ns: 440795257976 ns
[    0.141991] Calibrating delay loop (skipped) preset value.. 4200.00 BogoMIPS (lpj=8400000)
[    0.141993] pid_max: default: 32768 minimum: 301
[    0.142021] LSM: Security Framework initializing
[    0.142031] Yama: becoming mindful.
[    0.142056] AppArmor: AppArmor initialized
[    0.142089] Mount-cache hash table entries: 4096 (order: 3, 32768 bytes, linear)
[    0.142093] Mountpoint-cache hash table entries: 4096 (order: 3, 32768 bytes, linear)
[    0.142103] *** VALIDATE tmpfs ***
[    0.142232] *** VALIDATE proc ***
[    0.142274] *** VALIDATE cgroup1 ***
[    0.142275] *** VALIDATE cgroup2 ***
[    0.142415] process: using mwait in idle threads
[    0.142420] Last level iTLB entries: 4KB 64, 2MB 8, 4MB 8
[    0.142421] Last level dTLB entries: 4KB 64, 2MB 0, 4MB 0, 1GB 4
[    0.142440] Spectre V1 : Mitigation: usercopy/swapgs barriers and __user pointer sanitization
[    0.142446] Spectre V2 : Mitigation: Retpolines
[    0.142446] Spectre V2 : Spectre v2 / SpectreRSB mitigation: Filling RSB on context switch
[    0.142447] Spectre V2 : Spectre v2 / SpectreRSB : Filling RSB on VMEXIT
[    0.142447] RETBleed: WARNING: Spectre v2 mitigation leaves CPU vulnerable to RETBleed attacks, data leaks possible!
[    0.142812] RETBleed: Vulnerable
[    0.142812] Speculative Store Bypass: Vulnerable
[    0.142817] TAA: Mitigation: TSX disabled
[    0.142818] MMIO Stale Data: Mitigation: Clear CPU buffers
[    0.147031] Freeing SMP alternatives memory: 40K
[    0.259172] smpboot: CPU0: Intel(R) Xeon(R) Silver 4216 CPU @ 2.10GHz (family: 0x6, model: 0x55, stepping: 0x7)
[    0.259293] Performance Events: unsupported p6 CPU model 85 no PMU driver, software events only.
[    0.259331] rcu: Hierarchical SRCU implementation.
[    0.259820] NMI watchdog: Perf NMI watchdog permanently disabled
[    0.259859] smp: Bringing up secondary CPUs ...
[    0.259860] smp: Brought up 1 node, 1 CPU
[    0.259861] smpboot: Max logical packages: 1
[    0.259862] smpboot: Total of 1 processors activated (4200.00 BogoMIPS)
[    0.260830] devtmpfs: initialized
[    0.260877] x86/mm: Memory block size: 128MB
[    0.261226] clocksource: jiffies: mask: 0xffffffff max_cycles: 0xffffffff, max_idle_ns: 7645041785100000 ns
[    0.261233] futex hash table entries: 256 (order: 2, 16384 bytes, linear)
[    0.261275] pinctrl core: initialized pinctrl subsystem
[    0.261377] PM: RTC time: 14:30:54, date: 2026-01-17
[    0.261485] NET: Registered protocol family 16
[    0.261559] audit: initializing netlink subsys (disabled)
[    0.261685] EISA bus registered
[    0.261686] cpuidle: using governor ladder
[    0.261687] cpuidle: using governor menu
[    0.261723] ACPI: bus type PCI registered
[    0.261724] acpiphp: ACPI Hot Plug PCI Controller Driver version: 0.5
[    0.261830] PCI: Using configuration type 1 for base access
[    0.262276] audit: type=2000 audit(1768631461.211:1): state=initialized audit_enabled=0 res=1
[    0.262357] HugeTLB registered 2.00 MiB page size, pre-allocated 0 pages
[    0.263184] ACPI: Added _OSI(Module Device)
[    0.263184] ACPI: Added _OSI(Processor Device)
[    0.263185] ACPI: Added _OSI(3.0 _SCP Extensions)
[    0.263186] ACPI: Added _OSI(Processor Aggregator Device)
[    0.263187] ACPI: Added _OSI(Linux-Dell-Video)
[    0.263188] ACPI: Added _OSI(Linux-Lenovo-NV-HDMI-Audio)
[    0.263189] ACPI: Added _OSI(Linux-HPI-Hybrid-Graphics)
[    0.265137] ACPI: 2 ACPI AML tables successfully acquired and loaded
[    0.266784] ACPI: Interpreter enabled
[    0.266794] ACPI: (supports S0 S5)
[    0.266795] ACPI: Using IOAPIC for interrupt routing
[    0.267001] PCI: Using host bridge windows from ACPI; if necessary, use "pci=nocrs" and report a bug
[    0.267108] ACPI: Enabled 2 GPEs in block 00 to 07
[    0.271944] ACPI: PCI Root Bridge [PCI0] (domain 0000 [bus 00-ff])
[    0.271948] acpi PNP0A03:00: _OSC: OS supports [ASPM ClockPM Segments MSI HPX-Type3]
[    0.272391] acpi PNP0A03:00: _OSC: not requesting OS control; OS requires [ExtendedConfig ASPM ClockPM MSI]
[    0.272399] acpi PNP0A03:00: fail to add MMCONFIG information, can't access extended PCI configuration space under this bridge.
[    0.272770] PCI host bridge to bus 0000:00
[    0.272772] pci_bus 0000:00: root bus resource [io  0x0000-0x0cf7 window]
[    0.272774] pci_bus 0000:00: root bus resource [io  0x0d00-0xffff window]
[    0.272775] pci_bus 0000:00: root bus resource [mem 0x000a0000-0x000bffff window]
[    0.272776] pci_bus 0000:00: root bus resource [mem 0x80000000-0xfdffffff window]
[    0.272777] pci_bus 0000:00: root bus resource [bus 00-ff]
[    0.272822] pci 0000:00:00.0: [8086:1237] type 00 class 0x060000
[    0.273767] pci 0000:00:01.0: [8086:7000] type 00 class 0x060100
[    0.274580] pci 0000:00:01.1: [8086:7111] type 00 class 0x01018a
[    0.274957] pci 0000:00:01.1: reg 0x20: [io  0xd000-0xd00f]
[    0.275111] pci 0000:00:01.1: legacy IDE quirk: reg 0x10: [io  0x01f0-0x01f7]
[    0.275112] pci 0000:00:01.1: legacy IDE quirk: reg 0x14: [io  0x03f6]
[    0.275113] pci 0000:00:01.1: legacy IDE quirk: reg 0x18: [io  0x0170-0x0177]
[    0.275114] pci 0000:00:01.1: legacy IDE quirk: reg 0x1c: [io  0x0376]
[    0.275654] pci 0000:00:02.0: [15ad:0405] type 00 class 0x030000
[    0.278067] pci 0000:00:02.0: reg 0x10: [io  0xd010-0xd01f]
[    0.282033] pci 0000:00:02.0: reg 0x14: [mem 0xe0000000-0xe7ffffff pref]
[    0.284723] pci 0000:00:02.0: reg 0x18: [mem 0xf0000000-0xf01fffff]
[    0.294801] pci 0000:00:03.0: [1022:2000] type 00 class 0x020000
[    0.295603] pci 0000:00:03.0: reg 0x10: [io  0xd020-0xd03f]
[    0.296324] pci 0000:00:03.0: reg 0x14: [mem 0xf0200000-0xf0200fff]
[    0.301265] pci 0000:00:04.0: [80ee:cafe] type 00 class 0x088000
[    0.302033] pci 0000:00:04.0: reg 0x10: [io  0xd040-0xd05f]
[    0.302678] pci 0000:00:04.0: reg 0x14: [mem 0xf0400000-0xf07fffff]
[    0.303327] pci 0000:00:04.0: reg 0x18: [mem 0xf0800000-0xf0803fff pref]
[    0.306987] pci 0000:00:07.0: [8086:7113] type 00 class 0x068000
[    0.307538] pci 0000:00:07.0: quirk: [io  0x4000-0x403f] claimed by PIIX4 ACPI
[    0.307549] pci 0000:00:07.0: quirk: [io  0x4100-0x410f] claimed by PIIX4 SMB
[    0.308142] pci 0000:00:08.0: [1022:2000] type 00 class 0x020000
[    0.308847] pci 0000:00:08.0: reg 0x10: [io  0xd060-0xd07f]
[    0.309481] pci 0000:00:08.0: reg 0x14: [mem 0xf0804000-0xf0804fff]
[    0.313060] pci 0000:00:09.0: [8086:100e] type 00 class 0x020000
[    0.313780] pci 0000:00:09.0: reg 0x10: [mem 0xf0820000-0xf083ffff]
[    0.314695] pci 0000:00:09.0: reg 0x18: [io  0xd080-0xd087]
[    0.326099] ACPI: PCI Interrupt Link [LNKA] (IRQs 5 9 10 *11)
[    0.326380] ACPI: PCI Interrupt Link [LNKB] (IRQs 5 9 *10 11)
[    0.326485] ACPI: PCI Interrupt Link [LNKC] (IRQs 5 *9 10 11)
[    0.326587] ACPI: PCI Interrupt Link [LNKD] (IRQs 5 9 10 *11)
[    0.326845] iommu: Default domain type: Translated 
[    0.326909] pci 0000:00:02.0: vgaarb: setting as boot VGA device
[    0.326911] pci 0000:00:02.0: vgaarb: VGA device added: decodes=io+mem,owns=io+mem,locks=none
[    0.326913] pci 0000:00:02.0: vgaarb: bridge control possible
[    0.326914] vgaarb: loaded
[    0.327140] SCSI subsystem initialized
[    0.327173] libata version 3.00 loaded.
[    0.327196] ACPI: bus type USB registered
[    0.327212] usbcore: registered new interface driver usbfs
[    0.327218] usbcore: registered new interface driver hub
[    0.327223] usbcore: registered new device driver usb
[    0.327248] pps_core: LinuxPPS API ver. 1 registered
[    0.327249] pps_core: Software ver. 5.3.6 - Copyright 2005-2007 Rodolfo Giometti <giometti@linux.it>
[    0.327251] PTP clock support registered
[    0.327285] EDAC MC: Ver: 3.0.0
[    0.327574] PCI: Using ACPI for IRQ routing
[    0.327575] PCI: pci_cache_line_size set to 64 bytes
[    0.327751] e820: reserve RAM buffer [mem 0x0009fc00-0x0009ffff]
[    0.327755] e820: reserve RAM buffer [mem 0x7fff0000-0x7fffffff]
[    0.328548] NetLabel: Initializing
[    0.328549] NetLabel:  domain hash size = 128
[    0.328549] NetLabel:  protocols = UNLABELED CIPSOv4 CALIPSO
[    0.328570] NetLabel:  unlabeled traffic allowed by default
[    0.329467] clocksource: Switched to clocksource kvm-clock
[    0.340428] *** VALIDATE bpf ***
[    0.340488] VFS: Disk quotas dquot_6.6.0
[    0.340500] VFS: Dquot-cache hash table entries: 512 (order 0, 4096 bytes)
[    0.340522] *** VALIDATE ramfs ***
[    0.340525] *** VALIDATE hugetlbfs ***
[    0.340606] AppArmor: AppArmor Filesystem Enabled
[    0.340631] pnp: PnP ACPI init
[    0.340699] pnp 00:00: Plug and Play ACPI device, IDs PNP0303 (active)
[    0.340764] pnp 00:01: Plug and Play ACPI device, IDs PNP0f03 (active)
[    0.341504] pnp: PnP ACPI: found 2 devices
[    0.342467] thermal_sys: Registered thermal governor 'fair_share'
[    0.342468] thermal_sys: Registered thermal governor 'bang_bang'
[    0.342469] thermal_sys: Registered thermal governor 'step_wise'
[    0.342469] thermal_sys: Registered thermal governor 'user_space'
[    0.342470] thermal_sys: Registered thermal governor 'power_allocator'
[    0.346996] clocksource: acpi_pm: mask: 0xffffff max_cycles: 0xffffff, max_idle_ns: 2085701024 ns
[    0.347037] pci_bus 0000:00: resource 4 [io  0x0000-0x0cf7 window]
[    0.347039] pci_bus 0000:00: resource 5 [io  0x0d00-0xffff window]
[    0.347040] pci_bus 0000:00: resource 6 [mem 0x000a0000-0x000bffff window]
[    0.347041] pci_bus 0000:00: resource 7 [mem 0x80000000-0xfdffffff window]
[    0.347099] NET: Registered protocol family 2
[    0.347174] IP idents hash table entries: 32768 (order: 6, 262144 bytes, linear)
[    0.347500] MPTCP tokens hash table entries: 8192 (order: 4, 65536 bytes, linear)
[    0.347500] MPTCP request tokens hash table entries: 8192 (order: 4, 65536 bytes, linear)
[    0.347500] default registered
[    0.347500] default registered
[    0.347500] MPTCP: Stable release v0.96
[    0.347500] tcp_listen_portaddr_hash hash table entries: 1024 (order: 2, 16384 bytes, linear)
[    0.347500] TCP established hash table entries: 16384 (order: 5, 131072 bytes, linear)
[    0.347500] TCP bind hash table entries: 16384 (order: 6, 262144 bytes, linear)
[    0.347500] TCP: Hash tables configured (established 16384 bind 16384)
[    0.348551] UDP hash table entries: 1024 (order: 3, 32768 bytes, linear)
[    0.348563] UDP-Lite hash table entries: 1024 (order: 3, 32768 bytes, linear)
[    0.348599] NET: Registered protocol family 1
[    0.348607] NET: Registered protocol family 44
[    0.348628] pci 0000:00:00.0: Limiting direct PCI/PCI transfers
[    0.348641] pci 0000:00:01.0: Activating ISA DMA hang workarounds
[    0.348701] pci 0000:00:02.0: Video device with shadowed ROM at [mem 0x000c0000-0x000dffff]
[    0.348768] PCI: CLS 0 bytes, default 64
[    0.348817] Trying to unpack rootfs image as initramfs...
[    0.523296] Freeing initrd memory: 47868K
[    0.523296] clocksource: tsc: mask: 0xffffffffffffffff max_cycles: 0x1e4530a99b6, max_idle_ns: 440795257976 ns
[    0.523296] clocksource: Switched to clocksource tsc
[    0.523296] platform rtc_cmos: registered platform RTC device (no PNP device found)
[    0.523296] check: Scanning for low memory corruption every 60 seconds
[    0.523296] Initialise system trusted keyrings
[    0.523296] Key type blacklist registered
[    0.523296] workingset: timestamp_bits=36 max_order=19 bucket_order=0
[    0.523296] zbud: loaded
[    0.523296] squashfs: version 4.0 (2009/01/31) Phillip Lougher
[    0.523296] fuse: init (API version 7.31)
[    0.523296] *** VALIDATE fuse ***
[    0.523296] *** VALIDATE fuse ***
[    0.523296] Platform Keyring initialized
[    0.523296] Key type asymmetric registered
[    0.523296] Asymmetric key parser 'x509' registered
[    0.523296] Block layer SCSI generic (bsg) driver version 0.4 loaded (major 244)
[    0.523296] io scheduler mq-deadline registered
[    0.523296] shpchp: Standard Hot Plug PCI Controller Driver version: 0.4
[    0.537277] ACPI: AC Adapter [AC] (on-line)
[    0.537323] input: Power Button as /devices/LNXSYSTM:00/LNXPWRBN:00/input/input0
[    0.537350] ACPI: Power Button [PWRF]
[    0.537424] input: Sleep Button as /devices/LNXSYSTM:00/LNXSLPBN:00/input/input1
[    0.537440] ACPI: Sleep Button [SLPF]
[    0.537671] Serial: 8250/16550 driver, 32 ports, IRQ sharing enabled
[    0.538844] Linux agpgart interface v0.103
[    0.635142] loop: module loaded
[    0.635294] ata_piix 0000:00:01.1: version 2.13
[    0.635718] scsi host0: ata_piix
[    0.635810] scsi host1: ata_piix
[    0.635836] ata1: PATA max UDMA/33 cmd 0x1f0 ctl 0x3f6 bmdma 0xd000 irq 14
[    0.635837] ata2: PATA max UDMA/33 cmd 0x170 ctl 0x376 bmdma 0xd008 irq 15
[    0.635921] tun: Universal TUN/TAP device driver, 1.6
[    0.636234] PPP generic driver version 2.4.2
[    0.636276] VFIO - User Level meta-driver version: 0.3
[    0.636516] ehci_hcd: USB 2.0 'Enhanced' Host Controller (EHCI) Driver
[    0.636520] ehci-pci: EHCI PCI platform driver
[    0.636535] ehci-platform: EHCI generic platform driver
[    0.636540] ohci_hcd: USB 1.1 'Open' Host Controller (OHCI) Driver
[    0.636542] ohci-pci: OHCI PCI platform driver
[    0.636548] ohci-platform: OHCI generic platform driver
[    0.636553] uhci_hcd: USB Universal Host Controller Interface driver
[    0.636618] i8042: PNP: PS/2 Controller [PNP0303:PS2K,PNP0f03:PS2M] at 0x60,0x64 irq 1,12
[    0.637053] serio: i8042 KBD port at 0x60,0x64 irq 1
[    0.637057] serio: i8042 AUX port at 0x60,0x64 irq 12
[    0.637142] mousedev: PS/2 mouse device common for all mice
[    0.637406] input: AT Translated Set 2 keyboard as /devices/platform/i8042/serio0/input/input2
[    0.637810] rtc_cmos rtc_cmos: registered as rtc0
[    0.637823] rtc_cmos rtc_cmos: alarms up to one day, 114 bytes nvram
[    0.637829] i2c /dev entries driver
[    0.637873] device-mapper: uevent: version 1.0.3
[    0.637916] device-mapper: ioctl: 4.41.0-ioctl (2019-09-16) initialised: dm-devel@redhat.com
[    0.637931] platform eisa.0: Probing EISA bus 0
[    0.637932] platform eisa.0: EISA: Cannot allocate resource for mainboard
[    0.637934] platform eisa.0: Cannot allocate resource for EISA slot 1
[    0.637935] platform eisa.0: Cannot allocate resource for EISA slot 2
[    0.637936] platform eisa.0: Cannot allocate resource for EISA slot 3
[    0.637937] platform eisa.0: Cannot allocate resource for EISA slot 4
[    0.637938] platform eisa.0: Cannot allocate resource for EISA slot 5
[    0.637938] platform eisa.0: Cannot allocate resource for EISA slot 6
[    0.637939] platform eisa.0: Cannot allocate resource for EISA slot 7
[    0.637940] platform eisa.0: Cannot allocate resource for EISA slot 8
[    0.637941] platform eisa.0: EISA: Detected 0 cards
[    0.637945] intel_pstate: CPU model not supported
[    0.637953] ledtrig-cpu: registered to indicate activity on CPUs
[    0.638007] drop_monitor: Initializing network drop monitor service
[    0.638166] NET: Registered protocol family 10
[    0.643281] Segment Routing with IPv6
[    0.643281] fullmesh registered
[    0.643281] ndiffports registered
[    0.643281] binder registered
[    0.643281] roundrobin registered
[    0.643281] redundant registered
[    0.643281] blest registered
[    0.643281] ecf registered
[    0.643281] NET: Registered protocol family 17
[    0.643281] Key type dns_resolver registered
[    0.643281] RAS: Correctable Errors collector initialized.
[    0.643281] IPI shorthand broadcast: enabled
[    0.643281] sched_clock: Marking stable (628170776, 11110858)->(642194402, -2912768)
[    0.643532] registered taskstats version 1
[    0.643541] Loading compiled-in X.509 certificates
[    0.644137] Loaded X.509 cert 'Build time autogenerated kernel key: 6909f3744cebb3d0de528d5887b96a727de79b1e'
[    0.644155] zswap: loaded using pool lzo/zbud
[    0.644209] Key type ._fscrypt registered
[    0.644209] Key type .fscrypt registered
[    0.648672] Key type big_key registered
[    0.650866] Key type encrypted registered
[    0.650869] AppArmor: AppArmor sha1 policy hashing enabled
[    0.650876] ima: No TPM chip found, activating TPM-bypass!
[    0.650880] ima: Allocated hash algorithm: sha1
[    0.650885] ima: No architecture policies found
[    0.650894] evm: Initialising EVM extended attributes:
[    0.650894] evm: security.selinux
[    0.650895] evm: security.SMACK64
[    0.650895] evm: security.SMACK64EXEC
[    0.650896] evm: security.SMACK64TRANSMUTE
[    0.650896] evm: security.SMACK64MMAP
[    0.650897] evm: security.apparmor
[    0.650897] evm: security.ima
[    0.650898] evm: security.capability
[    0.650898] evm: HMAC attrs: 0x1
[    0.651191] PM:   Magic number: 10:209:536
[    0.651202] tty ttyS16: hash matches
[    0.651295] rtc_cmos rtc_cmos: setting system clock to 2026-01-17T14:30:55 UTC (1768660255)
[    0.808250] ata1.00: ATA-6: VBOX HARDDISK, 1.0, max UDMA/133
[    0.808254] ata1.00: 209715200 sectors, multi 128: LBA 
[    0.808912] scsi 0:0:0:0: Direct-Access     ATA      VBOX HARDDISK    1.0  PQ: 0 ANSI: 5
[    0.809200] sd 0:0:0:0: [sda] 209715200 512-byte logical blocks: (107 GB/100 GiB)
[    0.809214] sd 0:0:0:0: [sda] Write Protect is off
[    0.809217] sd 0:0:0:0: [sda] Mode Sense: 00 3a 00 00
[    0.809237] sd 0:0:0:0: [sda] Write cache: enabled, read cache: enabled, doesn't support DPO or FUA
[    0.809473] sd 0:0:0:0: Attached scsi generic sg0 type 0
[    0.810723]  sda: sda1 sda2
[    0.819441] sd 0:0:0:0: [sda] Attached SCSI disk
[    0.824174] Freeing unused decrypted memory: 2040K
[    0.825420] Freeing unused kernel image memory: 2728K
[    0.825424] Write protecting the kernel read-only data: 22528k
[    0.826773] Freeing unused kernel image memory: 2036K
[    0.827494] Freeing unused kernel image memory: 1432K
[    0.861949] x86/mm: Checked W+X mappings: passed, no W+X pages found.
[    0.861953] Run /init as init process
[    0.975090] ACPI: Video Device [GFX0] (multi-head: yes  rom: no  post: no)
[    0.975161] input: Video Bus as /devices/LNXSYSTM:00/LNXSYBUS:00/PNP0A03:00/LNXVIDEO:00/input/input4
[    0.987683] pcnet32: pcnet32.c:v1.35 21.Apr.2008 tsbogend@alpha.franken.de
[    0.988589] pcnet32: PCnet/FAST III 79C973 at 0xd020, 08:00:27:99:8d:3a assigned IRQ 19
[    0.988631] pcnet32: Found PHY 0022:561b at address 0
[    0.988929] pcnet32: eth0: registered as PCnet/FAST III 79C973
[    0.989945] pcnet32: PCnet/FAST III 79C973 at 0xd060, 08:00:27:c0:91:bf assigned IRQ 16
[    0.989987] pcnet32: Found PHY 0022:561b at address 0
[    0.990276] pcnet32: eth1: registered as PCnet/FAST III 79C973
[    0.991983] piix4_smbus 0000:00:07.0: SMBus Host Controller at 0x4100, revision 0
[    0.997600] e1000: Intel(R) PRO/1000 Network Driver - version 7.3.21-k8-NAPI
[    0.997601] e1000: Copyright (c) 1999-2006 Intel Corporation.
[    1.004949] pcnet32: 2 cards_found
[    1.063713] pcnet32 0000:00:03.0 enp0s3: renamed from eth0
[    1.065481] pcnet32 0000:00:08.0 enp0s8: renamed from eth1
[    1.204743] input: ImExPS/2 Generic Explorer Mouse as /devices/platform/i8042/serio1/input/input5
[    1.403432] e1000 0000:00:09.0 eth0: (PCI:33MHz:32-bit) 08:00:27:43:71:af
[    1.403436] e1000 0000:00:09.0 eth0: Intel(R) PRO/1000 Network Connection
[    1.404546] e1000 0000:00:09.0 enp0s9: renamed from eth0
[    1.547837] EXT4-fs (sda2): mounted filesystem with ordered data mode. Opts: (null)
[    1.640569] systemd[1]: Inserted module 'autofs4'
[    1.650774] systemd[1]: systemd 245.4-4ubuntu3 running in system mode. (+PAM +AUDIT +SELINUX +IMA +APPARMOR +SMACK +SYSVINIT +UTMP +LIBCRYPTSETUP +GCRYPT +GNUTLS +ACL +XZ +LZ4 +SECCOMP +BLKID +ELFUTILS +KMOD +IDN2 -IDN +PCRE2 default-hierarchy=hybrid)
[    1.650805] systemd[1]: Detected virtualization oracle.
[    1.650809] systemd[1]: Detected architecture x86-64.
[    1.652167] systemd[1]: Set hostname to <ztg>.
[    1.778963] systemd[1]: /lib/systemd/system/dbus.socket:5: ListenStream= references a path below legacy directory /var/run/, updating /var/run/dbus/system_bus_socket â†’ /run/dbus/system_bus_socket; please update the unit file accordingly.
[    1.832233] systemd[1]: Created slice system-modprobe.slice.
[    1.832417] systemd[1]: Created slice User and Session Slice.
[    1.832463] systemd[1]: Started Forward Password Requests to Wall Directory Watch.
[    1.832626] systemd[1]: Set up automount Arbitrary Executable File Formats File System Automount Point.
[    1.832660] systemd[1]: Reached target User and Group Name Lookups.
[    1.832669] systemd[1]: Reached target Remote File Systems.
[    1.832677] systemd[1]: Reached target Slices.
[    1.833247] systemd[1]: Listening on Syslog Socket.
[    1.833315] systemd[1]: Listening on fsck to fsckd communication Socket.
[    1.833354] systemd[1]: Listening on initctl Compatibility Named Pipe.
[    1.833491] systemd[1]: Listening on Journal Audit Socket.
[    1.833545] systemd[1]: Listening on Journal Socket (/dev/log).
[    1.833612] systemd[1]: Listening on Journal Socket.
[    1.833674] systemd[1]: Listening on udev Control Socket.
[    1.833713] systemd[1]: Listening on udev Kernel Socket.
[    1.834461] systemd[1]: Mounting Huge Pages File System...
[    1.835420] systemd[1]: Mounting POSIX Message Queue File System...
[    1.836329] systemd[1]: Mounting Kernel Debug File System...
[    1.837195] systemd[1]: Mounting Kernel Trace File System...
[    1.839091] systemd[1]: Starting Journal Service...
[    1.862143] systemd[1]: Starting Set the console keyboard layout...
[    1.869949] systemd[1]: Starting Create list of static device nodes for the current kernel...
[    1.871992] systemd[1]: Starting Load Kernel Module drm...
[    1.873159] systemd[1]: Condition check resulted in Set Up Additional Binary Formats being skipped.
[    1.873204] systemd[1]: Condition check resulted in File System Check on Root Device being skipped.
[    1.886467] systemd[1]: Starting Load Kernel Modules...
[    1.891810] systemd[1]: Starting Remount Root and Kernel File Systems...
[    1.904700] systemd[1]: Starting udev Coldplug all Devices...
[    1.913070] systemd[1]: Starting Uncomplicated firewall...
[    1.914515] systemd[1]: Mounted Huge Pages File System.
[    1.914602] systemd[1]: Mounted POSIX Message Queue File System.
[    1.914677] systemd[1]: Mounted Kernel Debug File System.
[    1.914752] systemd[1]: Mounted Kernel Trace File System.
[    1.916223] EXT4-fs (sda2): re-mounted. Opts: errors=remount-ro
[    1.953503] systemd[1]: Finished Create list of static device nodes for the current kernel.
[    1.954610] systemd[1]: modprobe@drm.service: Succeeded.
[    1.960861] systemd[1]: Finished Load Kernel Module drm.
[    1.961398] systemd[1]: Finished Remount Root and Kernel File Systems.
[    1.962501] systemd[1]: Finished Uncomplicated firewall.
[    1.979062] lp: driver loaded but no devices found
[    1.981081] systemd[1]: Condition check resulted in Rebuild Hardware Database being skipped.
[    1.981119] systemd[1]: Condition check resulted in Platform Persistent Storage Archival being skipped.
[    1.981816] systemd[1]: Starting Load/Save Random Seed...
[    1.987821] systemd[1]: Starting Create System Users...
[    1.996310] ppdev: user-space parallel port driver
[    1.999740] systemd[1]: Finished Load/Save Random Seed.
[    2.002292] systemd[1]: Finished Create System Users.
[    2.003289] systemd[1]: Starting Create Static Device Nodes in /dev...
[    2.056369] systemd[1]: Finished udev Coldplug all Devices.
[    2.061528] systemd[1]: Finished Create Static Device Nodes in /dev.
[    2.062363] systemd[1]: Starting udev Kernel Device Manager...
[    2.083583] [drm] DMA map mode: Caching DMA mappings.
[    2.083647] [drm] Capabilities:
[    2.083648] [drm]   Rect copy.
[    2.083648] [drm]   Cursor.
[    2.083648] [drm]   Cursor bypass.
[    2.083649] [drm]   Cursor bypass 2.
[    2.083649] [drm]   Alpha cursor.
[    2.083650] [drm]   Extended Fifo.
[    2.083650] [drm]   Pitchlock.
[    2.083650] [drm]   Irq mask.
[    2.083651] [drm]   GMR.
[    2.083651] [drm]   Traces.
[    2.083651] [drm]   GMR2.
[    2.083652] [drm]   Screen Object 2.
[    2.083652] [drm]   Command Buffers.
[    2.083653] [drm]   Command Buffers 2.
[    2.083653] [drm]   Guest Backed Resources.
[    2.083654] [drm] Max GMR ids is 8192
[    2.083654] [drm] Max number of GMR pages is 1048576
[    2.083655] [drm] Max dedicated hypervisor surface memory is 393216 kiB
[    2.083655] [drm] Maximum display memory size is 131072 kiB
[    2.083656] [drm] VRAM at 0xe0000000 size is 131072 kiB
[    2.083657] [drm] MMIO at 0xf0000000 size is 2048 kiB
[    2.110833] [TTM] Zone  kernel: Available graphics memory: 1011738 KiB
[    2.110834] [TTM] Initializing pool allocator
[    2.110838] [TTM] Initializing DMA pool allocator
[    2.110868] [drm] Supports vblank timestamp caching Rev 2 (21.10.2013).
[    2.110868] [drm] No driver support for vblank timestamp query.
[    2.111089] [drm] Screen Target Display device initialized
[    2.111326] [drm] width 720
[    2.111339] [drm] height 400
[    2.111342] [drm] bpp 32
[    2.111909] [drm] Fifo max 0x00200000 min 0x00001000 cap 0x00000355
[    2.113130] [drm] Using command buffers with DMA pool.
[    2.113136] [drm] DX: no.
[    2.113136] [drm] Atomic: yes.
[    2.113137] [drm] SM4_1: no.
[    2.113156] [drm:vmw_host_log [vmwgfx]] *ERROR* Failed to send host log message.
[    2.114072] [drm:vmw_host_log [vmwgfx]] *ERROR* Failed to send host log message.
[    2.122848] fbcon: svgadrmfb (fb0) is primary device
[    2.127596] Console: switching to colour frame buffer device 100x37
[    2.133567] systemd[1]: Finished Set the console keyboard layout.
[    2.133678] systemd[1]: Reached target Local File Systems (Pre).
[    2.134753] [drm] Initialized vmwgfx 2.15.0 20180704 for 0000:00:02.0 on minor 0
[    2.137073] systemd[1]: Mounting Mount unit for bare, revision 5...
[    2.140347] systemd[1]: Mounting Mount unit for core18, revision 1705...
[    2.165832] systemd[1]: Mounting Mount unit for gnome-3-34-1804, revision 24...
[    2.180034] systemd[1]: Mounting Mount unit for gtk-common-themes, revision 1506...
[    2.184622] systemd[1]: Mounting Mount unit for gtk-common-themes, revision 1535...
[    2.187441] systemd[1]: Mounting Mount unit for snap-store, revision 433...
[    2.189740] systemd[1]: Mounting Mount unit for snapd, revision 7264...
[    2.212313] systemd[1]: Finished Load Kernel Modules.
[    2.216220] systemd[1]: Mounting FUSE Control File System...
[    2.221799] systemd[1]: Mounting Kernel Configuration File System...
[    2.224408] systemd[1]: Starting Apply Kernel Variables...
[    2.225381] systemd[1]: Mounted FUSE Control File System.
[    2.225454] systemd[1]: Condition check resulted in VMware vmblock fuse mount being skipped.
[    2.239708] systemd[1]: Mounted Kernel Configuration File System.
[    2.258079] systemd[1]: Mounted Mount unit for bare, revision 5.
[    2.258171] systemd[1]: Mounted Mount unit for gnome-3-34-1804, revision 24.
[    2.258247] systemd[1]: Mounted Mount unit for gtk-common-themes, revision 1506.
[    2.259412] systemd[1]: Finished Apply Kernel Variables.
[    2.264804] systemd[1]: Started udev Kernel Device Manager.
[    2.265509] systemd[1]: Starting Show Plymouth Boot Screen...
[    2.276886] systemd[1]: Mounted Mount unit for core18, revision 1705.
[    2.276979] systemd[1]: Received SIGRTMIN+20 from PID 289 (plymouthd).
[    2.313841] systemd[1]: Started Show Plymouth Boot Screen.
[    2.313999] systemd[1]: Condition check resulted in Dispatch Password Requests to Console Directory Watch being skipped.
[    2.314084] systemd[1]: Started Forward Password Requests to Plymouth Directory Watch.
[    2.314115] systemd[1]: Reached target Local Encrypted Volumes.
[    2.348042] systemd[1]: Mounted Mount unit for gtk-common-themes, revision 1535.
[    2.348276] systemd[1]: Mounted Mount unit for snap-store, revision 433.
[    2.348453] systemd[1]: Mounted Mount unit for snapd, revision 7264.
[    2.348603] systemd[1]: Reached target Local File Systems.
[    2.350884] systemd[1]: Starting Load AppArmor profiles...
[    2.351770] systemd[1]: Starting Set console font and keymap...
[    2.372919] systemd[1]: Starting Tell Plymouth To Write Out Runtime Data...
[    2.373038] systemd[1]: Condition check resulted in Store a System Token in an EFI Variable being skipped.
[    2.373086] systemd[1]: Condition check resulted in Commit a transient machine-id on disk being skipped.
[    2.375446] systemd[1]: Finished Set console font and keymap.
[    2.386293] systemd[1]: Received SIGRTMIN+20 from PID 289 (plymouthd).
[    2.387148] systemd[1]: plymouth-read-write.service: Succeeded.
[    2.387396] systemd[1]: Finished Tell Plymouth To Write Out Runtime Data.
[    2.411627] audit: type=1400 audit(1768660257.256:2): apparmor="STATUS" operation="profile_load" profile="unconfined" name="nvidia_modprobe" pid=301 comm="apparmor_parser"
[    2.411629] audit: type=1400 audit(1768660257.256:3): apparmor="STATUS" operation="profile_load" profile="unconfined" name="nvidia_modprobe//kmod" pid=301 comm="apparmor_parser"
[    2.421203] audit: type=1400 audit(1768660257.264:4): apparmor="STATUS" operation="profile_load" profile="unconfined" name="/usr/sbin/tcpdump" pid=302 comm="apparmor_parser"
[    2.467486] audit: type=1400 audit(1768660257.304:5): apparmor="STATUS" operation="profile_load" profile="unconfined" name="/usr/bin/evince" pid=304 comm="apparmor_parser"
[    2.467488] audit: type=1400 audit(1768660257.304:6): apparmor="STATUS" operation="profile_load" profile="unconfined" name="/usr/bin/evince//sanitized_helper" pid=304 comm="apparmor_parser"
[    2.467490] audit: type=1400 audit(1768660257.304:7): apparmor="STATUS" operation="profile_load" profile="unconfined" name="/usr/bin/evince-previewer" pid=304 comm="apparmor_parser"
[    2.467492] audit: type=1400 audit(1768660257.304:8): apparmor="STATUS" operation="profile_load" profile="unconfined" name="/usr/bin/evince-previewer//sanitized_helper" pid=304 comm="apparmor_parser"
[    2.467494] audit: type=1400 audit(1768660257.304:9): apparmor="STATUS" operation="profile_load" profile="unconfined" name="/usr/bin/evince-thumbnailer" pid=304 comm="apparmor_parser"
[    2.481682] audit: type=1400 audit(1768660257.328:10): apparmor="STATUS" operation="profile_load" profile="unconfined" name="/usr/lib/cups/backend/cups-pdf" pid=305 comm="apparmor_parser"
[    2.558586] systemd[1]: Finished Load AppArmor profiles.
[    2.559574] systemd[1]: Starting Load AppArmor profiles managed internally by snapd...
[    2.626456] systemd[1]: Finished Load AppArmor profiles managed internally by snapd.
[    2.797693] systemd[1]: Started Journal Service.
[    2.804637] systemd-journald[229]: Received client request to flush runtime journal.
[    2.809893] systemd-journald[229]: File /var/log/journal/c455b248004a419c87ce85eea238d727/system.journal corrupted or uncleanly shut down, renaming and replacing.
[    4.109301] RAPL PMU: API unit is 2^-32 Joules, 0 fixed counters, 10737418240 ms ovfl timer
[    4.145512] cryptd: max_cpu_qlen set to 1000
[    4.216477] AVX2 version of gcm_enc/dec engaged.
[    4.216478] AES CTR mode by8 optimization enabled
[    5.041788] Adding 1998844k swap on /dev/sda1.  Priority:-2 extents:1 across:1998844k FS
[    6.813719] kauditd_printk_skb: 30 callbacks suppressed
[    6.813720] audit: type=1400 audit(1768660261.656:41): apparmor="DENIED" operation="capable" profile="/usr/sbin/cups-browsed" pid=498 comm="cups-browsed" capability=23  capname="sys_nice"
[    7.295663] pcnet32 0000:00:03.0 enp0s3: link up, 100Mbps, full-duplex
[    7.309844] pcnet32 0000:00:08.0 enp0s8: link up, 100Mbps, full-duplex
[    7.337489] e1000: enp0s9 NIC Link is Up 1000 Mbps Full Duplex, Flow Control: RX
[    7.337779] IPv6: ADDRCONF(NETDEV_CHANGE): enp0s9: link becomes ready
[    7.762757] device enp0s8 entered promiscuous mode
[    7.766523] device enp0s3 entered promiscuous mode
[    7.813137] audit: type=1400 audit(1768660262.652:42): apparmor="DENIED" operation="open" profile="/usr/sbin/tcpdump" name="/proc/sys/kernel/random/boot_id" pid=675 comm="tcpdump" requested_mask="r" denied_mask="r" fsuid=0 ouid=0
[    7.813346] audit: type=1400 audit(1768660262.652:43): apparmor="DENIED" operation="open" profile="/usr/sbin/tcpdump" name="/proc/sys/kernel/random/boot_id" pid=675 comm="tcpdump" requested_mask="r" denied_mask="r" fsuid=0 ouid=0
[    7.813397] audit: type=1400 audit(1768660262.652:44): apparmor="DENIED" operation="open" profile="/usr/sbin/tcpdump" name="/proc/sys/kernel/random/boot_id" pid=675 comm="tcpdump" requested_mask="r" denied_mask="r" fsuid=0 ouid=0
[    7.813416] audit: type=1400 audit(1768660262.652:45): apparmor="DENIED" operation="open" profile="/usr/sbin/tcpdump" name="/proc/sys/kernel/random/boot_id" pid=675 comm="tcpdump" requested_mask="r" denied_mask="r" fsuid=0 ouid=0
[    7.818070] audit: type=1400 audit(1768660262.664:46): apparmor="DENIED" operation="open" profile="/usr/sbin/tcpdump" name="/proc/sys/kernel/random/boot_id" pid=676 comm="tcpdump" requested_mask="r" denied_mask="r" fsuid=0 ouid=0
[    7.819367] audit: type=1400 audit(1768660262.664:47): apparmor="DENIED" operation="open" profile="/usr/sbin/tcpdump" name="/proc/sys/kernel/random/boot_id" pid=676 comm="tcpdump" requested_mask="r" denied_mask="r" fsuid=0 ouid=0
[    7.819410] audit: type=1400 audit(1768660262.664:48): apparmor="DENIED" operation="open" profile="/usr/sbin/tcpdump" name="/proc/sys/kernel/random/boot_id" pid=676 comm="tcpdump" requested_mask="r" denied_mask="r" fsuid=0 ouid=0
[    7.819491] audit: type=1400 audit(1768660262.664:49): apparmor="DENIED" operation="open" profile="/usr/sbin/tcpdump" name="/proc/sys/kernel/random/boot_id" pid=676 comm="tcpdump" requested_mask="r" denied_mask="r" fsuid=0 ouid=0
[    7.820007] audit: type=1400 audit(1768660262.668:50): apparmor="DENIED" operation="open" profile="/usr/sbin/tcpdump" name="/proc/sys/kernel/random/boot_id" pid=678 comm="tcpdump" requested_mask="r" denied_mask="r" fsuid=0 ouid=0
[   12.355679] rfkill: input handler disabled
[  276.365409] AAAAA-TCP_FORW: name:enp0s8: saddr:100932208: daddr:16783984
[  276.577100] AAAAA-TCP_FORW: name:enp0s8: saddr:100932208: daddr:33561200
[  276.738791] AAAAA-TCP_FORW: name:enp0s8: saddr:100932208: daddr:16783984
[  276.860287] AAAAA-TCP_FORW: name:enp0s8: saddr:100932208: daddr:16783984
[  277.015574] AAAAA-TCP_FORW: name:enp0s8: saddr:100932208: daddr:16783984
[  277.095556] AAAAA-TCP_FORW: name:enp0s8: saddr:100932208: daddr:33561200
[  277.186467] AAAAA-TCP_FORW: name:enp0s8: saddr:100932208: daddr:16783984
[  277.228792] AAAAA-TCP_FORW: name:enp0s8: saddr:100932208: daddr:16783984
[  277.388143] AAAAA-TCP_FORW: name:enp0s8: saddr:100932208: daddr:16783984
[  277.460462] AAAAA-TCP_FORW: name:enp0s8: saddr:100932208: daddr:33561200
[  277.542380] AAAAA-TCP_FORW: name:enp0s8: saddr:100932208: daddr:33561200
[  277.598118] AAAAA-TCP_FORW: name:enp0s8: saddr:100932208: daddr:33561200
[  277.688232] AAAAA-TCP_FORW: name:enp0s8: saddr:100932208: daddr:16783984
[  277.752311] AAAAA-TCP_FORW: name:enp0s8: saddr:100932208: daddr:16783984
[  277.850995] AAAAA-TCP_FORW: name:enp0s8: saddr:100932208: daddr:16783984
[  278.049833] AAAAA-TCP_FORW: name:enp0s8: saddr:100932208: daddr:33561200
[  278.139363] AAAAA-TCP_FORW: name:enp0s8: saddr:100932208: daddr:33561200
[  278.226932] AAAAA-TCP_FORW: name:enp0s8: saddr:100932208: daddr:33561200
[  278.329715] AAAAA-TCP_FORW: name:enp0s8: saddr:100932208: daddr:33561200
[  278.428773] AAAAA-TCP_FORW: name:enp0s8: saddr:100932208: daddr:16783984
[  278.759268] AAAAA-TCP_FORW: name:enp0s8: saddr:100932208: daddr:33561200
[  309.308369] AAAAA-TCP_FORW: name:enp0s8: saddr:100932208: daddr:16783984
[  309.378249] AAAAA-TCP_FORW: name:enp0s8: saddr:100932208: daddr:16783984
[  309.487539] AAAAA-TCP_FORW: name:enp0s8: saddr:100932208: daddr:16783984
[  309.546083] AAAAA-TCP_FORW: name:enp0s8: saddr:100932208: daddr:16783984
[  309.714133] AAAAA-TCP_FORW: name:enp0s8: saddr:100932208: daddr:16783984
[  309.826155] AAAAA-TCP_FORW: name:enp0s8: saddr:100932208: daddr:16783984
[  309.964955] AAAAA-TCP_FORW: name:enp0s8: saddr:100932208: daddr:16783984
[  310.093281] AAAAA-TCP_FORW: name:enp0s8: saddr:100932208: daddr:16783984
[  310.168422] AAAAA-TCP_FORW: name:enp0s8: saddr:100932208: daddr:16783984
[  310.233994] AAAAA-TCP_FORW: name:enp0s8: saddr:100932208: daddr:16783984
[  310.297828] AAAAA-TCP_FORW: name:enp0s8: saddr:100932208: daddr:16783984
[  310.430462] AAAAA-TCP_FORW: name:enp0s8: saddr:100932208: daddr:16783984
[  310.460449] AAAAA-TCP_FORW: name:enp0s8: saddr:100932208: daddr:16783984
[  310.535087] AAAAA-TCP_FORW: name:enp0s8: saddr:100932208: daddr:16783984
[  310.610669] AAAAA-TCP_FORW: name:enp0s8: saddr:100932208: daddr:16783984
[  310.653427] AAAAA-TCP_FORW: name:enp0s8: saddr:100932208: daddr:16783984
[  310.790495] AAAAA-TCP_FORW: name:enp0s8: saddr:100932208: daddr:16783984
[  310.915969] AAAAA-TCP_FORW: name:enp0s8: saddr:100932208: daddr:16783984
[  310.982379] AAAAA-TCP_FORW: name:enp0s8: saddr:100932208: daddr:16783984
[  311.051530] AAAAA-TCP_FORW: name:enp0s8: saddr:100932208: daddr:16783984
[  311.100227] AAAAA-TCP_FORW: name:enp0s8: saddr:100932208: daddr:16783984
[  311.199381] AAAAA-TCP_FORW: name:enp0s8: saddr:100932208: daddr:16783984
[  311.260007] AAAAA-TCP_FORW: name:enp0s8: saddr:100932208: daddr:16783984
[  311.352831] AAAAA-TCP_FORW: name:enp0s8: saddr:100932208: daddr:16783984
[  311.466253] AAAAA-TCP_FORW: name:enp0s8: saddr:100932208: daddr:16783984
[  311.590704] AAAAA-TCP_FORW: name:enp0s8: saddr:100932208: daddr:16783984
[  311.672268] AAAAA-TCP_FORW: name:enp0s8: saddr:100932208: daddr:16783984
[  311.755405] AAAAA-TCP_FORW: name:enp0s8: saddr:100932208: daddr:16783984
[  311.834979] AAAAA-TCP_FORW: name:enp0s8: saddr:100932208: daddr:16783984
[  311.903264] AAAAA-TCP_FORW: name:enp0s8: saddr:100932208: daddr:16783984
[  311.957781] AAAAA-TCP_FORW: name:enp0s8: saddr:100932208: daddr:16783984
[  312.043833] AAAAA-TCP_FORW: name:enp0s8: saddr:100932208: daddr:16783984
[  312.118103] AAAAA-TCP_FORW: name:enp0s8: saddr:100932208: daddr:16783984
[  312.173425] AAAAA-TCP_FORW: name:enp0s8: saddr:100932208: daddr:16783984
[  312.242694] AAAAA-TCP_FORW: name:enp0s8: saddr:100932208: daddr:16783984
[  312.300889] AAAAA-TCP_FORW: name:enp0s8: saddr:100932208: daddr:16783984
[  312.342605] AAAAA-TCP_FORW: name:enp0s8: saddr:100932208: daddr:16783984
[  312.380257] AAAAA-TCP_FORW: name:enp0s8: saddr:100932208: daddr:16783984
[  312.476523] AAAAA-TCP_FORW: name:enp0s8: saddr:100932208: daddr:33561200
[  312.752574] AAAAA-TCP_FORW: name:enp0s8: saddr:100932208: daddr:33561200
[  312.832340] AAAAA-TCP_FORW: name:enp0s8: saddr:100932208: daddr:33561200
[  312.891821] AAAAA-TCP_FORW: name:enp0s8: saddr:100932208: daddr:33561200
[  312.928426] AAAAA-TCP_FORW: name:enp0s8: saddr:100932208: daddr:33561200
[  313.018407] AAAAA-TCP_FORW: name:enp0s8: saddr:100932208: daddr:33561200
[  313.062777] AAAAA-TCP_FORW: name:enp0s8: saddr:100932208: daddr:33561200
[  313.171122] AAAAA-TCP_FORW: name:enp0s8: saddr:100932208: daddr:33561200
[  313.263359] AAAAA-TCP_FORW: name:enp0s8: saddr:100932208: daddr:33561200
[  313.385969] AAAAA-TCP_FORW: name:enp0s8: saddr:100932208: daddr:33561200
[  313.454421] AAAAA-TCP_FORW: name:enp0s8: saddr:100932208: daddr:16783984
[  313.544312] AAAAA-TCP_FORW: name:enp0s8: saddr:100932208: daddr:16783984
[  313.649811] AAAAA-TCP_FORW: name:enp0s8: saddr:100932208: daddr:16783984
[  313.714633] AAAAA-TCP_FORW: name:enp0s8: saddr:100932208: daddr:16783984
[  313.775583] AAAAA-TCP_FORW: name:enp0s8: saddr:100932208: daddr:33561200
[  313.850825] AAAAA-TCP_FORW: name:enp0s8: saddr:100932208: daddr:33561200
[  313.919312] AAAAA-TCP_FORW: name:enp0s8: saddr:100932208: daddr:33561200
[  313.999593] AAAAA-TCP_FORW: name:enp0s8: saddr:100932208: daddr:33561200
[  314.139255] AAAAA-TCP_FORW: name:enp0s8: saddr:100932208: daddr:16783984
[  314.235336] AAAAA-TCP_FORW: name:enp0s8: saddr:100932208: daddr:16783984
[  314.276429] AAAAA-TCP_FORW: name:enp0s8: saddr:100932208: daddr:16783984
[  314.390459] AAAAA-TCP_FORW: name:enp0s8: saddr:100932208: daddr:16783984
[  314.465373] AAAAA-TCP_FORW: name:enp0s8: saddr:100932208: daddr:33561200
[  314.512525] AAAAA-TCP_FORW: name:enp0s8: saddr:100932208: daddr:33561200
[  314.658344] AAAAA-TCP_FORW: name:enp0s8: saddr:100932208: daddr:16783984
[  472.018957] rfkill: input handler enabled
[  481.507950] rfkill: input handler disabled
[  638.134653] device enp0s3 left promiscuous mode
[  638.137201] device enp0s8 left promiscuous mode
