[    0.000000] Linux version 5.4.243-mptcp (root@ztg) (gcc version 12.2.0 (Debian 12.2.0-14+deb12u1)) #53 SMP Wed Dec 24 23:28:15 CST 2025
[    0.000000] Command line: BOOT_IMAGE=/boot/vmlinuz-5.4.243-mptcp root=UUID=98415a12-53b7-4144-8265-0f7ece09e445 ro quiet splash
[    0.000000] KERNEL supported cpus:
[    0.000000]   Intel GenuineIntel
[    0.000000]   AMD AuthenticAMD
[    0.000000]   Hygon HygonGenuine
[    0.000000]   Centaur CentaurHauls
[    0.000000]   zhaoxin   Shanghai  
[    0.000000] x86/fpu: Supporting XSAVE feature 0x001: 'x87 floating point registers'
[    0.000000] x86/fpu: Supporting XSAVE feature 0x002: 'SSE registers'
[    0.000000] x86/fpu: Supporting XSAVE feature 0x004: 'AVX registers'
[    0.000000] x86/fpu: xstate_offset[2]:  576, xstate_sizes[2]:  256
[    0.000000] x86/fpu: Enabled xstate features 0x7, context size is 832 bytes, using 'standard' format.
[    0.000000] BIOS-provided physical RAM map:
[    0.000000] BIOS-e820: [mem 0x0000000000000000-0x000000000009fbff] usable
[    0.000000] BIOS-e820: [mem 0x000000000009fc00-0x000000000009ffff] reserved
[    0.000000] BIOS-e820: [mem 0x00000000000f0000-0x00000000000fffff] reserved
[    0.000000] BIOS-e820: [mem 0x0000000000100000-0x000000007ffeffff] usable
[    0.000000] BIOS-e820: [mem 0x000000007fff0000-0x000000007fffffff] ACPI data
[    0.000000] BIOS-e820: [mem 0x00000000fec00000-0x00000000fec00fff] reserved
[    0.000000] BIOS-e820: [mem 0x00000000fee00000-0x00000000fee00fff] reserved
[    0.000000] BIOS-e820: [mem 0x00000000fffc0000-0x00000000ffffffff] reserved
[    0.000000] NX (Execute Disable) protection: active
[    0.000000] SMBIOS 2.5 present.
[    0.000000] DMI: innotek GmbH VirtualBox/VirtualBox, BIOS VirtualBox 12/01/2006
[    0.000000] Hypervisor detected: KVM
[    0.000000] kvm-clock: Using msrs 4b564d01 and 4b564d00
[    0.000000] kvm-clock: cpu 0, msr 67801001, primary cpu clock
[    0.000000] kvm-clock: using sched offset of 4451095216 cycles
[    0.000003] clocksource: kvm-clock: mask: 0xffffffffffffffff max_cycles: 0x1cd42e4dffb, max_idle_ns: 881590591483 ns
[    0.000005] tsc: Detected 2100.000 MHz processor
[    0.001924] e820: update [mem 0x00000000-0x00000fff] usable ==> reserved
[    0.001926] e820: remove [mem 0x000a0000-0x000fffff] usable
[    0.001930] last_pfn = 0x7fff0 max_arch_pfn = 0x400000000
[    0.001998] MTRR default type: uncachable
[    0.001999] MTRR fixed ranges enabled:
[    0.002000]   00000-9FFFF write-back
[    0.002001]   A0000-BFFFF uncachable
[    0.002002]   C0000-FFFFF write-protect
[    0.002002] MTRR variable ranges enabled:
[    0.002004]   0 base 000000000000 mask 3FFF80000000 write-back
[    0.002004]   1 disabled
[    0.002005]   2 disabled
[    0.002005]   3 disabled
[    0.002006]   4 disabled
[    0.002006]   5 disabled
[    0.002006]   6 disabled
[    0.002007]   7 disabled
[    0.002007]   8 disabled
[    0.002008]   9 disabled
[    0.002008]   10 disabled
[    0.002009]   11 disabled
[    0.002009]   12 disabled
[    0.002009]   13 disabled
[    0.002010]   14 disabled
[    0.002010]   15 disabled
[    0.002027] x86/PAT: Configuration [0-7]: WB  WC  UC- UC  WB  WP  UC- WT  
[    0.002159] found SMP MP-table at [mem 0x0009fff0-0x0009ffff]
[    0.095265] check: Scanning 1 areas for low memory corruption
[    0.095443] RAMDISK: [mem 0x32271000-0x3512ffff]
[    0.095451] ACPI: Early table checksum verification disabled
[    0.095456] ACPI: RSDP 0x00000000000E0000 000024 (v02 VBOX  )
[    0.095460] ACPI: XSDT 0x000000007FFF0030 00003C (v01 VBOX   VBOXXSDT 00000001 ASL  00000061)
[    0.095467] ACPI: FACP 0x000000007FFF00F0 0000F4 (v04 VBOX   VBOXFACP 00000001 ASL  00000061)
[    0.095474] ACPI: DSDT 0x000000007FFF02E0 002353 (v02 VBOX   VBOXBIOS 00000002 VBOX 00029BF3)
[    0.095478] ACPI: FACS 0x000000007FFF0200 000040
[    0.095482] ACPI: FACS 0x000000007FFF0200 000040
[    0.095486] ACPI: APIC 0x000000007FFF0240 000054 (v02 VBOX   VBOXAPIC 00000001 ASL  00000061)
[    0.095491] ACPI: SSDT 0x000000007FFF02A0 000038 (v01 VBOX   VBOXCPUT 00000002 VBOX 00029BF3)
[    0.095495] ACPI: Reserving FACP table memory at [mem 0x7fff00f0-0x7fff01e3]
[    0.095496] ACPI: Reserving DSDT table memory at [mem 0x7fff02e0-0x7fff2632]
[    0.095497] ACPI: Reserving FACS table memory at [mem 0x7fff0200-0x7fff023f]
[    0.095498] ACPI: Reserving FACS table memory at [mem 0x7fff0200-0x7fff023f]
[    0.095499] ACPI: Reserving APIC table memory at [mem 0x7fff0240-0x7fff0293]
[    0.095500] ACPI: Reserving SSDT table memory at [mem 0x7fff02a0-0x7fff02d7]
[    0.095521] ACPI: Local APIC address 0xfee00000
[    0.095753] No NUMA configuration found
[    0.095755] Faking a node at [mem 0x0000000000000000-0x000000007ffeffff]
[    0.095768] NODE_DATA(0) allocated [mem 0x7ffc5000-0x7ffeffff]
[    0.096126] Zone ranges:
[    0.096128]   DMA      [mem 0x0000000000001000-0x0000000000ffffff]
[    0.096129]   DMA32    [mem 0x0000000001000000-0x000000007ffeffff]
[    0.096130]   Normal   empty
[    0.096131]   Device   empty
[    0.096131] Movable zone start for each node
[    0.096133] Early memory node ranges
[    0.096134]   node   0: [mem 0x0000000000001000-0x000000000009efff]
[    0.096135]   node   0: [mem 0x0000000000100000-0x000000007ffeffff]
[    0.096138] Zeroed struct page in unavailable ranges: 114 pages
[    0.096139] Initmem setup node 0 [mem 0x0000000000001000-0x000000007ffeffff]
[    0.096140] On node 0 totalpages: 524174
[    0.096142]   DMA zone: 64 pages used for memmap
[    0.096142]   DMA zone: 21 pages reserved
[    0.096143]   DMA zone: 3998 pages, LIFO batch:0
[    0.096215]   DMA32 zone: 8128 pages used for memmap
[    0.096216]   DMA32 zone: 520176 pages, LIFO batch:63
[    0.105341] ACPI: PM-Timer IO Port: 0x4008
[    0.105345] ACPI: Local APIC address 0xfee00000
[    0.105413] IOAPIC[0]: apic_id 1, version 32, address 0xfec00000, GSI 0-23
[    0.105416] ACPI: INT_SRC_OVR (bus 0 bus_irq 0 global_irq 2 dfl dfl)
[    0.105418] ACPI: INT_SRC_OVR (bus 0 bus_irq 9 global_irq 9 low level)
[    0.105420] ACPI: IRQ0 used by override.
[    0.105421] ACPI: IRQ9 used by override.
[    0.105424] Using ACPI (MADT) for SMP configuration information
[    0.105430] smpboot: Allowing 1 CPUs, 0 hotplug CPUs
[    0.105454] PM: Registered nosave memory: [mem 0x00000000-0x00000fff]
[    0.105455] PM: Registered nosave memory: [mem 0x0009f000-0x0009ffff]
[    0.105456] PM: Registered nosave memory: [mem 0x000a0000-0x000effff]
[    0.105456] PM: Registered nosave memory: [mem 0x000f0000-0x000fffff]
[    0.105458] [mem 0x80000000-0xfebfffff] available for PCI devices
[    0.105459] Booting paravirtualized kernel on KVM
[    0.105462] clocksource: refined-jiffies: mask: 0xffffffff max_cycles: 0xffffffff, max_idle_ns: 7645519600211568 ns
[    0.105466] setup_percpu: NR_CPUS:8192 nr_cpumask_bits:1 nr_cpu_ids:1 nr_node_ids:1
[    0.106455] percpu: Embedded 60 pages/cpu s208896 r8192 d28672 u2097152
[    0.106460] pcpu-alloc: s208896 r8192 d28672 u2097152 alloc=1*2097152
[    0.106461] pcpu-alloc: [0] 0 
[    0.106487] Built 1 zonelists, mobility grouping on.  Total pages: 515961
[    0.106488] Policy zone: DMA32
[    0.106489] Kernel command line: BOOT_IMAGE=/boot/vmlinuz-5.4.243-mptcp root=UUID=98415a12-53b7-4144-8265-0f7ece09e445 ro quiet splash
[    0.107331] Dentry cache hash table entries: 262144 (order: 9, 2097152 bytes, linear)
[    0.107478] Inode-cache hash table entries: 131072 (order: 8, 1048576 bytes, linear)
[    0.107527] mem auto-init: stack:off, heap alloc:on, heap free:off
[    0.107530] Calgary: detecting Calgary via BIOS EBDA area
[    0.107531] Calgary: Unable to locate Rio Grande table in EBDA - bailing!
[    0.111660] Memory: 1967332K/2096696K available (14339K kernel code, 2398K rwdata, 4712K rodata, 2728K init, 17260K bss, 129364K reserved, 0K cma-reserved)
[    0.112572] SLUB: HWalign=64, Order=0-3, MinObjects=0, CPUs=1, Nodes=1
[    0.112589] ftrace: allocating 43186 entries in 169 pages
[    0.130847] rcu: Hierarchical RCU implementation.
[    0.130849] rcu: 	RCU restricting CPUs from NR_CPUS=8192 to nr_cpu_ids=1.
[    0.130851] 	Tasks RCU enabled.
[    0.130852] rcu: RCU calculated value of scheduler-enlistment delay is 25 jiffies.
[    0.130852] rcu: Adjusting geometry for rcu_fanout_leaf=16, nr_cpu_ids=1
[    0.134048] NR_IRQS: 524544, nr_irqs: 256, preallocated irqs: 16
[    0.134264] random: crng init done
[    0.143540] Console: colour VGA+ 80x25
[    0.143544] printk: console [tty0] enabled
[    0.143564] ACPI: Core revision 20190816
[    0.143662] APIC: Switch to symmetric I/O mode setup
[    0.143911] x2apic enabled
[    0.144147] Switched APIC routing to physical x2apic.
[    0.145274] ..TIMER: vector=0x30 apic1=0 pin1=2 apic2=-1 pin2=-1
[    0.145298] clocksource: tsc-early: mask: 0xffffffffffffffff max_cycles: 0x1e4530a99b6, max_idle_ns: 440795257976 ns
[    0.145304] Calibrating delay loop (skipped) preset value.. 4200.00 BogoMIPS (lpj=8400000)
[    0.145306] pid_max: default: 32768 minimum: 301
[    0.145334] LSM: Security Framework initializing
[    0.145344] Yama: becoming mindful.
[    0.145371] AppArmor: AppArmor initialized
[    0.145404] Mount-cache hash table entries: 4096 (order: 3, 32768 bytes, linear)
[    0.145408] Mountpoint-cache hash table entries: 4096 (order: 3, 32768 bytes, linear)
[    0.145418] *** VALIDATE tmpfs ***
[    0.145547] *** VALIDATE proc ***
[    0.145588] *** VALIDATE cgroup1 ***
[    0.145601] *** VALIDATE cgroup2 ***
[    0.145745] process: using mwait in idle threads
[    0.145750] Last level iTLB entries: 4KB 64, 2MB 8, 4MB 8
[    0.145750] Last level dTLB entries: 4KB 64, 2MB 0, 4MB 0, 1GB 4
[    0.145771] Spectre V1 : Mitigation: usercopy/swapgs barriers and __user pointer sanitization
[    0.145776] Spectre V2 : Mitigation: Retpolines
[    0.145777] Spectre V2 : Spectre v2 / SpectreRSB mitigation: Filling RSB on context switch
[    0.145777] Spectre V2 : Spectre v2 / SpectreRSB : Filling RSB on VMEXIT
[    0.145778] RETBleed: WARNING: Spectre v2 mitigation leaves CPU vulnerable to RETBleed attacks, data leaks possible!
[    0.146136] RETBleed: Vulnerable
[    0.146136] Speculative Store Bypass: Vulnerable
[    0.146141] TAA: Mitigation: TSX disabled
[    0.146141] MMIO Stale Data: Mitigation: Clear CPU buffers
[    0.150361] Freeing SMP alternatives memory: 40K
[    0.262811] smpboot: CPU0: Intel(R) Xeon(R) Silver 4216 CPU @ 2.10GHz (family: 0x6, model: 0x55, stepping: 0x7)
[    0.262943] Performance Events: unsupported p6 CPU model 85 no PMU driver, software events only.
[    0.262980] rcu: Hierarchical SRCU implementation.
[    0.263473] NMI watchdog: Perf NMI watchdog permanently disabled
[    0.263511] smp: Bringing up secondary CPUs ...
[    0.263512] smp: Brought up 1 node, 1 CPU
[    0.263513] smpboot: Max logical packages: 1
[    0.263514] smpboot: Total of 1 processors activated (4200.00 BogoMIPS)
[    0.264459] devtmpfs: initialized
[    0.264508] x86/mm: Memory block size: 128MB
[    0.264860] clocksource: jiffies: mask: 0xffffffff max_cycles: 0xffffffff, max_idle_ns: 7645041785100000 ns
[    0.264866] futex hash table entries: 256 (order: 2, 16384 bytes, linear)
[    0.264913] pinctrl core: initialized pinctrl subsystem
[    0.265016] PM: RTC time: 21:51:45, date: 2026-01-17
[    0.265123] NET: Registered protocol family 16
[    0.265198] audit: initializing netlink subsys (disabled)
[    0.265300] EISA bus registered
[    0.265300] cpuidle: using governor ladder
[    0.265300] cpuidle: using governor menu
[    0.265300] ACPI: bus type PCI registered
[    0.265300] acpiphp: ACPI Hot Plug PCI Controller Driver version: 0.5
[    0.265300] PCI: Using configuration type 1 for base access
[    0.265602] audit: type=2000 audit(1768657911.718:1): state=initialized audit_enabled=0 res=1
[    0.265683] HugeTLB registered 2.00 MiB page size, pre-allocated 0 pages
[    0.266506] ACPI: Added _OSI(Module Device)
[    0.266507] ACPI: Added _OSI(Processor Device)
[    0.266508] ACPI: Added _OSI(3.0 _SCP Extensions)
[    0.266508] ACPI: Added _OSI(Processor Aggregator Device)
[    0.266509] ACPI: Added _OSI(Linux-Dell-Video)
[    0.266510] ACPI: Added _OSI(Linux-Lenovo-NV-HDMI-Audio)
[    0.266511] ACPI: Added _OSI(Linux-HPI-Hybrid-Graphics)
[    0.268457] ACPI: 2 ACPI AML tables successfully acquired and loaded
[    0.269977] ACPI: Interpreter enabled
[    0.269987] ACPI: (supports S0 S5)
[    0.269988] ACPI: Using IOAPIC for interrupt routing
[    0.270193] PCI: Using host bridge windows from ACPI; if necessary, use "pci=nocrs" and report a bug
[    0.270301] ACPI: Enabled 2 GPEs in block 00 to 07
[    0.275136] ACPI: PCI Root Bridge [PCI0] (domain 0000 [bus 00-ff])
[    0.275141] acpi PNP0A03:00: _OSC: OS supports [ASPM ClockPM Segments MSI HPX-Type3]
[    0.275585] acpi PNP0A03:00: _OSC: not requesting OS control; OS requires [ExtendedConfig ASPM ClockPM MSI]
[    0.275593] acpi PNP0A03:00: fail to add MMCONFIG information, can't access extended PCI configuration space under this bridge.
[    0.275971] PCI host bridge to bus 0000:00
[    0.275974] pci_bus 0000:00: root bus resource [io  0x0000-0x0cf7 window]
[    0.275975] pci_bus 0000:00: root bus resource [io  0x0d00-0xffff window]
[    0.275976] pci_bus 0000:00: root bus resource [mem 0x000a0000-0x000bffff window]
[    0.275977] pci_bus 0000:00: root bus resource [mem 0x80000000-0xfdffffff window]
[    0.275978] pci_bus 0000:00: root bus resource [bus 00-ff]
[    0.276020] pci 0000:00:00.0: [8086:1237] type 00 class 0x060000
[    0.276960] pci 0000:00:01.0: [8086:7000] type 00 class 0x060100
[    0.277903] pci 0000:00:01.1: [8086:7111] type 00 class 0x01018a
[    0.278291] pci 0000:00:01.1: reg 0x20: [io  0xd000-0xd00f]
[    0.278449] pci 0000:00:01.1: legacy IDE quirk: reg 0x10: [io  0x01f0-0x01f7]
[    0.278450] pci 0000:00:01.1: legacy IDE quirk: reg 0x14: [io  0x03f6]
[    0.278451] pci 0000:00:01.1: legacy IDE quirk: reg 0x18: [io  0x0170-0x0177]
[    0.278452] pci 0000:00:01.1: legacy IDE quirk: reg 0x1c: [io  0x0376]
[    0.278994] pci 0000:00:02.0: [15ad:0405] type 00 class 0x030000
[    0.281381] pci 0000:00:02.0: reg 0x10: [io  0xd010-0xd01f]
[    0.284180] pci 0000:00:02.0: reg 0x14: [mem 0xe0000000-0xe7ffffff pref]
[    0.287947] pci 0000:00:02.0: reg 0x18: [mem 0xf0000000-0xf01fffff]
[    0.298121] pci 0000:00:03.0: [1022:2000] type 00 class 0x020000
[    0.298850] pci 0000:00:03.0: reg 0x10: [io  0xd020-0xd03f]
[    0.299492] pci 0000:00:03.0: reg 0x14: [mem 0xf0200000-0xf0200fff]
[    0.302792] pci 0000:00:04.0: [80ee:cafe] type 00 class 0x088000
[    0.303473] pci 0000:00:04.0: reg 0x10: [io  0xd040-0xd05f]
[    0.304085] pci 0000:00:04.0: reg 0x14: [mem 0xf0400000-0xf07fffff]
[    0.305421] pci 0000:00:04.0: reg 0x18: [mem 0xf0800000-0xf0803fff pref]
[    0.308974] pci 0000:00:07.0: [8086:7113] type 00 class 0x068000
[    0.309717] pci 0000:00:07.0: quirk: [io  0x4000-0x403f] claimed by PIIX4 ACPI
[    0.309730] pci 0000:00:07.0: quirk: [io  0x4100-0x410f] claimed by PIIX4 SMB
[    0.310359] pci 0000:00:08.0: [8086:100e] type 00 class 0x020000
[    0.311123] pci 0000:00:08.0: reg 0x10: [mem 0xf0820000-0xf083ffff]
[    0.312322] pci 0000:00:08.0: reg 0x18: [io  0xd060-0xd067]
[    0.315529] pci 0000:00:09.0: [8086:100e] type 00 class 0x020000
[    0.316250] pci 0000:00:09.0: reg 0x10: [mem 0xf0840000-0xf085ffff]
[    0.317418] pci 0000:00:09.0: reg 0x18: [io  0xd068-0xd06f]
[    0.326376] ACPI: PCI Interrupt Link [LNKA] (IRQs 5 9 10 *11)
[    0.326658] ACPI: PCI Interrupt Link [LNKB] (IRQs 5 9 *10 11)
[    0.326764] ACPI: PCI Interrupt Link [LNKC] (IRQs 5 *9 10 11)
[    0.326864] ACPI: PCI Interrupt Link [LNKD] (IRQs 5 9 10 *11)
[    0.329356] iommu: Default domain type: Translated 
[    0.329417] pci 0000:00:02.0: vgaarb: setting as boot VGA device
[    0.329419] pci 0000:00:02.0: vgaarb: VGA device added: decodes=io+mem,owns=io+mem,locks=none
[    0.329421] pci 0000:00:02.0: vgaarb: bridge control possible
[    0.329422] vgaarb: loaded
[    0.329636] SCSI subsystem initialized
[    0.329666] libata version 3.00 loaded.
[    0.329688] ACPI: bus type USB registered
[    0.329705] usbcore: registered new interface driver usbfs
[    0.329711] usbcore: registered new interface driver hub
[    0.329716] usbcore: registered new device driver usb
[    0.329746] pps_core: LinuxPPS API ver. 1 registered
[    0.329746] pps_core: Software ver. 5.3.6 - Copyright 2005-2007 Rodolfo Giometti <giometti@linux.it>
[    0.329748] PTP clock support registered
[    0.329783] EDAC MC: Ver: 3.0.0
[    0.330078] PCI: Using ACPI for IRQ routing
[    0.330079] PCI: pci_cache_line_size set to 64 bytes
[    0.330263] e820: reserve RAM buffer [mem 0x0009fc00-0x0009ffff]
[    0.330267] e820: reserve RAM buffer [mem 0x7fff0000-0x7fffffff]
[    0.331068] NetLabel: Initializing
[    0.331069] NetLabel:  domain hash size = 128
[    0.331069] NetLabel:  protocols = UNLABELED CIPSOv4 CALIPSO
[    0.331089] NetLabel:  unlabeled traffic allowed by default
[    0.332001] clocksource: Switched to clocksource kvm-clock
[    0.343703] *** VALIDATE bpf ***
[    0.343764] VFS: Disk quotas dquot_6.6.0
[    0.343776] VFS: Dquot-cache hash table entries: 512 (order 0, 4096 bytes)
[    0.343800] *** VALIDATE ramfs ***
[    0.343803] *** VALIDATE hugetlbfs ***
[    0.343880] AppArmor: AppArmor Filesystem Enabled
[    0.343907] pnp: PnP ACPI init
[    0.343978] pnp 00:00: Plug and Play ACPI device, IDs PNP0303 (active)
[    0.344066] pnp 00:01: Plug and Play ACPI device, IDs PNP0f03 (active)
[    0.344820] pnp: PnP ACPI: found 2 devices
[    0.345779] thermal_sys: Registered thermal governor 'fair_share'
[    0.345780] thermal_sys: Registered thermal governor 'bang_bang'
[    0.345781] thermal_sys: Registered thermal governor 'step_wise'
[    0.345781] thermal_sys: Registered thermal governor 'user_space'
[    0.345782] thermal_sys: Registered thermal governor 'power_allocator'
[    0.350310] clocksource: acpi_pm: mask: 0xffffff max_cycles: 0xffffff, max_idle_ns: 2085701024 ns
[    0.350351] pci_bus 0000:00: resource 4 [io  0x0000-0x0cf7 window]
[    0.350352] pci_bus 0000:00: resource 5 [io  0x0d00-0xffff window]
[    0.350353] pci_bus 0000:00: resource 6 [mem 0x000a0000-0x000bffff window]
[    0.350355] pci_bus 0000:00: resource 7 [mem 0x80000000-0xfdffffff window]
[    0.350414] NET: Registered protocol family 2
[    0.350488] IP idents hash table entries: 32768 (order: 6, 262144 bytes, linear)
[    0.350893] MPTCP tokens hash table entries: 8192 (order: 4, 65536 bytes, linear)
[    0.350913] MPTCP request tokens hash table entries: 8192 (order: 4, 65536 bytes, linear)
[    0.350938] default registered
[    0.350939] default registered
[    0.350939] MPTCP: Stable release v0.96
[    0.350944] tcp_listen_portaddr_hash hash table entries: 1024 (order: 2, 16384 bytes, linear)
[    0.351024] TCP established hash table entries: 16384 (order: 5, 131072 bytes, linear)
[    0.351089] TCP bind hash table entries: 16384 (order: 6, 262144 bytes, linear)
[    0.351114] TCP: Hash tables configured (established 16384 bind 16384)
[    0.351838] UDP hash table entries: 1024 (order: 3, 32768 bytes, linear)
[    0.351849] UDP-Lite hash table entries: 1024 (order: 3, 32768 bytes, linear)
[    0.351884] NET: Registered protocol family 1
[    0.351892] NET: Registered protocol family 44
[    0.351915] pci 0000:00:00.0: Limiting direct PCI/PCI transfers
[    0.351928] pci 0000:00:01.0: Activating ISA DMA hang workarounds
[    0.351986] pci 0000:00:02.0: Video device with shadowed ROM at [mem 0x000c0000-0x000dffff]
[    0.352055] PCI: CLS 0 bytes, default 64
[    0.352104] Trying to unpack rootfs image as initramfs...
[    0.527621] Freeing initrd memory: 47868K
[    0.527621] clocksource: tsc: mask: 0xffffffffffffffff max_cycles: 0x1e4530a99b6, max_idle_ns: 440795257976 ns
[    0.527621] clocksource: Switched to clocksource tsc
[    0.527621] platform rtc_cmos: registered platform RTC device (no PNP device found)
[    0.527621] check: Scanning for low memory corruption every 60 seconds
[    0.527621] Initialise system trusted keyrings
[    0.527621] Key type blacklist registered
[    0.527621] workingset: timestamp_bits=36 max_order=19 bucket_order=0
[    0.536319] zbud: loaded
[    0.536680] squashfs: version 4.0 (2009/01/31) Phillip Lougher
[    0.536809] fuse: init (API version 7.31)
[    0.536826] *** VALIDATE fuse ***
[    0.536827] *** VALIDATE fuse ***
[    0.536929] Platform Keyring initialized
[    0.539183] Key type asymmetric registered
[    0.539183] Asymmetric key parser 'x509' registered
[    0.539183] Block layer SCSI generic (bsg) driver version 0.4 loaded (major 244)
[    0.539183] io scheduler mq-deadline registered
[    0.539183] shpchp: Standard Hot Plug PCI Controller Driver version: 0.4
[    0.540275] ACPI: AC Adapter [AC] (on-line)
[    0.540320] input: Power Button as /devices/LNXSYSTM:00/LNXPWRBN:00/input/input0
[    0.540347] ACPI: Power Button [PWRF]
[    0.540428] input: Sleep Button as /devices/LNXSYSTM:00/LNXSLPBN:00/input/input1
[    0.540444] ACPI: Sleep Button [SLPF]
[    0.540668] Serial: 8250/16550 driver, 32 ports, IRQ sharing enabled
[    0.541846] Linux agpgart interface v0.103
[    0.635094] loop: module loaded
[    0.635242] ata_piix 0000:00:01.1: version 2.13
[    0.635658] scsi host0: ata_piix
[    0.635750] scsi host1: ata_piix
[    0.635777] ata1: PATA max UDMA/33 cmd 0x1f0 ctl 0x3f6 bmdma 0xd000 irq 14
[    0.635778] ata2: PATA max UDMA/33 cmd 0x170 ctl 0x376 bmdma 0xd008 irq 15
[    0.635862] tun: Universal TUN/TAP device driver, 1.6
[    0.636182] PPP generic driver version 2.4.2
[    0.636224] VFIO - User Level meta-driver version: 0.3
[    0.636466] ehci_hcd: USB 2.0 'Enhanced' Host Controller (EHCI) Driver
[    0.636471] ehci-pci: EHCI PCI platform driver
[    0.636487] ehci-platform: EHCI generic platform driver
[    0.636492] ohci_hcd: USB 1.1 'Open' Host Controller (OHCI) Driver
[    0.636494] ohci-pci: OHCI PCI platform driver
[    0.636501] ohci-platform: OHCI generic platform driver
[    0.636505] uhci_hcd: USB Universal Host Controller Interface driver
[    0.636570] i8042: PNP: PS/2 Controller [PNP0303:PS2K,PNP0f03:PS2M] at 0x60,0x64 irq 1,12
[    0.637010] serio: i8042 KBD port at 0x60,0x64 irq 1
[    0.637013] serio: i8042 AUX port at 0x60,0x64 irq 12
[    0.637102] mousedev: PS/2 mouse device common for all mice
[    0.637358] input: AT Translated Set 2 keyboard as /devices/platform/i8042/serio0/input/input2
[    0.637760] rtc_cmos rtc_cmos: registered as rtc0
[    0.637773] rtc_cmos rtc_cmos: alarms up to one day, 114 bytes nvram
[    0.637778] i2c /dev entries driver
[    0.637824] device-mapper: uevent: version 1.0.3
[    0.637868] device-mapper: ioctl: 4.41.0-ioctl (2019-09-16) initialised: dm-devel@redhat.com
[    0.637884] platform eisa.0: Probing EISA bus 0
[    0.637885] platform eisa.0: EISA: Cannot allocate resource for mainboard
[    0.637887] platform eisa.0: Cannot allocate resource for EISA slot 1
[    0.637888] platform eisa.0: Cannot allocate resource for EISA slot 2
[    0.637889] platform eisa.0: Cannot allocate resource for EISA slot 3
[    0.637890] platform eisa.0: Cannot allocate resource for EISA slot 4
[    0.637891] platform eisa.0: Cannot allocate resource for EISA slot 5
[    0.637892] platform eisa.0: Cannot allocate resource for EISA slot 6
[    0.637893] platform eisa.0: Cannot allocate resource for EISA slot 7
[    0.637893] platform eisa.0: Cannot allocate resource for EISA slot 8
[    0.637894] platform eisa.0: EISA: Detected 0 cards
[    0.637897] intel_pstate: CPU model not supported
[    0.637907] ledtrig-cpu: registered to indicate activity on CPUs
[    0.637960] drop_monitor: Initializing network drop monitor service
[    0.638122] NET: Registered protocol family 10
[    0.643151] Segment Routing with IPv6
[    0.643181] fullmesh registered
[    0.643182] ndiffports registered
[    0.643184] binder registered
[    0.643185] roundrobin registered
[    0.643185] redundant registered
[    0.643186] blest registered
[    0.643186] ecf registered
[    0.643188] NET: Registered protocol family 17
[    0.643219] Key type dns_resolver registered
[    0.643226] RAS: Correctable Errors collector initialized.
[    0.643226] IPI shorthand broadcast: enabled
[    0.643226] sched_clock: Marking stable (628180424, 11045897)->(641338808, -2112487)
[    0.643396] registered taskstats version 1
[    0.643405] Loading compiled-in X.509 certificates
[    0.644053] Loaded X.509 cert 'Build time autogenerated kernel key: 6909f3744cebb3d0de528d5887b96a727de79b1e'
[    0.644075] zswap: loaded using pool lzo/zbud
[    0.644134] Key type ._fscrypt registered
[    0.644135] Key type .fscrypt registered
[    0.648614] Key type big_key registered
[    0.650805] Key type encrypted registered
[    0.650808] AppArmor: AppArmor sha1 policy hashing enabled
[    0.650816] ima: No TPM chip found, activating TPM-bypass!
[    0.650819] ima: Allocated hash algorithm: sha1
[    0.650824] ima: No architecture policies found
[    0.650834] evm: Initialising EVM extended attributes:
[    0.650834] evm: security.selinux
[    0.650835] evm: security.SMACK64
[    0.650835] evm: security.SMACK64EXEC
[    0.650836] evm: security.SMACK64TRANSMUTE
[    0.650836] evm: security.SMACK64MMAP
[    0.650837] evm: security.apparmor
[    0.650837] evm: security.ima
[    0.650838] evm: security.capability
[    0.650838] evm: HMAC attrs: 0x1
[    0.651129] PM:   Magic number: 10:813:904
[    0.651238] rtc_cmos rtc_cmos: setting system clock to 2026-01-17T21:51:46 UTC (1768686706)
[    0.807254] ata1.00: ATA-6: VBOX HARDDISK, 1.0, max UDMA/133
[    0.807256] ata1.00: 209715200 sectors, multi 128: LBA 
[    0.807787] scsi 0:0:0:0: Direct-Access     ATA      VBOX HARDDISK    1.0  PQ: 0 ANSI: 5
[    0.808005] sd 0:0:0:0: [sda] 209715200 512-byte logical blocks: (107 GB/100 GiB)
[    0.808014] sd 0:0:0:0: [sda] Write Protect is off
[    0.808016] sd 0:0:0:0: [sda] Mode Sense: 00 3a 00 00
[    0.808030] sd 0:0:0:0: [sda] Write cache: enabled, read cache: enabled, doesn't support DPO or FUA
[    0.808264] sd 0:0:0:0: Attached scsi generic sg0 type 0
[    0.808836]  sda: sda1 sda2
[    0.819252] sd 0:0:0:0: [sda] Attached SCSI disk
[    0.821943] Freeing unused decrypted memory: 2040K
[    0.822741] Freeing unused kernel image memory: 2728K
[    0.822743] Write protecting the kernel read-only data: 22528k
[    0.823555] Freeing unused kernel image memory: 2036K
[    0.824007] Freeing unused kernel image memory: 1432K
[    0.842390] x86/mm: Checked W+X mappings: passed, no W+X pages found.
[    0.842395] Run /init as init process
[    0.947238] ACPI: Video Device [GFX0] (multi-head: yes  rom: no  post: no)
[    0.947320] input: Video Bus as /devices/LNXSYSTM:00/LNXSYBUS:00/PNP0A03:00/LNXVIDEO:00/input/input4
[    0.959620] pcnet32: pcnet32.c:v1.35 21.Apr.2008 tsbogend@alpha.franken.de
[    0.963769] piix4_smbus 0000:00:07.0: SMBus Host Controller at 0x4100, revision 0
[    0.964886] pcnet32: PCnet/FAST III 79C973 at 0xd020, 08:00:27:87:b2:32 assigned IRQ 19
[    0.964936] pcnet32: Found PHY 0022:561b at address 0
[    0.965283] pcnet32: eth0: registered as PCnet/FAST III 79C973
[    0.968136] e1000: Intel(R) PRO/1000 Network Driver - version 7.3.21-k8-NAPI
[    0.968136] e1000: Copyright (c) 1999-2006 Intel Corporation.
[    0.979396] pcnet32: 1 cards_found
[    1.040632] pcnet32 0000:00:03.0 enp0s3: renamed from eth0
[    1.182623] input: ImExPS/2 Generic Explorer Mouse as /devices/platform/i8042/serio1/input/input5
[    1.379589] e1000 0000:00:08.0 eth0: (PCI:33MHz:32-bit) 08:00:27:24:6c:29
[    1.379594] e1000 0000:00:08.0 eth0: Intel(R) PRO/1000 Network Connection
[    1.751521] e1000 0000:00:09.0 eth1: (PCI:33MHz:32-bit) 08:00:27:61:ad:7a
[    1.751524] e1000 0000:00:09.0 eth1: Intel(R) PRO/1000 Network Connection
[    1.752648] e1000 0000:00:08.0 enp0s8: renamed from eth0
[    1.754419] e1000 0000:00:09.0 enp0s9: renamed from eth1
[    1.895637] EXT4-fs (sda2): mounted filesystem with ordered data mode. Opts: (null)
[    1.986275] systemd[1]: Inserted module 'autofs4'
[    1.998516] systemd[1]: systemd 245.4-4ubuntu3 running in system mode. (+PAM +AUDIT +SELINUX +IMA +APPARMOR +SMACK +SYSVINIT +UTMP +LIBCRYPTSETUP +GCRYPT +GNUTLS +ACL +XZ +LZ4 +SECCOMP +BLKID +ELFUTILS +KMOD +IDN2 -IDN +PCRE2 default-hierarchy=hybrid)
[    1.998547] systemd[1]: Detected virtualization oracle.
[    1.998551] systemd[1]: Detected architecture x86-64.
[    1.999911] systemd[1]: Set hostname to <ztg>.
[    2.127502] systemd[1]: /lib/systemd/system/dbus.socket:5: ListenStream= references a path below legacy directory /var/run/, updating /var/run/dbus/system_bus_socket â†’ /run/dbus/system_bus_socket; please update the unit file accordingly.
[    2.179991] systemd[1]: Created slice system-modprobe.slice.
[    2.180176] systemd[1]: Created slice User and Session Slice.
[    2.180221] systemd[1]: Started Forward Password Requests to Wall Directory Watch.
[    2.180383] systemd[1]: Set up automount Arbitrary Executable File Formats File System Automount Point.
[    2.180416] systemd[1]: Reached target User and Group Name Lookups.
[    2.180423] systemd[1]: Reached target Remote File Systems.
[    2.180431] systemd[1]: Reached target Slices.
[    2.180997] systemd[1]: Listening on Syslog Socket.
[    2.181066] systemd[1]: Listening on fsck to fsckd communication Socket.
[    2.181104] systemd[1]: Listening on initctl Compatibility Named Pipe.
[    2.181237] systemd[1]: Listening on Journal Audit Socket.
[    2.181291] systemd[1]: Listening on Journal Socket (/dev/log).
[    2.181358] systemd[1]: Listening on Journal Socket.
[    2.181420] systemd[1]: Listening on udev Control Socket.
[    2.181461] systemd[1]: Listening on udev Kernel Socket.
[    2.182190] systemd[1]: Mounting Huge Pages File System...
[    2.183183] systemd[1]: Mounting POSIX Message Queue File System...
[    2.184079] systemd[1]: Mounting Kernel Debug File System...
[    2.184919] systemd[1]: Mounting Kernel Trace File System...
[    2.186834] systemd[1]: Starting Journal Service...
[    2.209321] systemd[1]: Starting Set the console keyboard layout...
[    2.217472] systemd[1]: Starting Create list of static device nodes for the current kernel...
[    2.219951] systemd[1]: Starting Load Kernel Module drm...
[    2.224043] systemd[1]: Condition check resulted in Set Up Additional Binary Formats being skipped.
[    2.224579] systemd[1]: Condition check resulted in File System Check on Root Device being skipped.
[    2.234391] systemd[1]: Starting Load Kernel Modules...
[    2.239578] systemd[1]: Starting Remount Root and Kernel File Systems...
[    2.252013] systemd[1]: Starting udev Coldplug all Devices...
[    2.260862] systemd[1]: Starting Uncomplicated firewall...
[    2.262336] systemd[1]: Mounted Huge Pages File System.
[    2.262422] systemd[1]: Mounted POSIX Message Queue File System.
[    2.262496] systemd[1]: Mounted Kernel Debug File System.
[    2.262564] systemd[1]: Mounted Kernel Trace File System.
[    2.265053] EXT4-fs (sda2): re-mounted. Opts: errors=remount-ro
[    2.302272] systemd[1]: Finished Create list of static device nodes for the current kernel.
[    2.303339] systemd[1]: modprobe@drm.service: Succeeded.
[    2.307698] systemd[1]: Finished Load Kernel Module drm.
[    2.308257] systemd[1]: Finished Remount Root and Kernel File Systems.
[    2.308885] systemd[1]: Finished Uncomplicated firewall.
[    2.310381] lp: driver loaded but no devices found
[    2.311820] systemd[1]: Condition check resulted in Rebuild Hardware Database being skipped.
[    2.311855] systemd[1]: Condition check resulted in Platform Persistent Storage Archival being skipped.
[    2.312555] systemd[1]: Starting Load/Save Random Seed...
[    2.319355] systemd[1]: Starting Create System Users...
[    2.344386] systemd[1]: Finished Load/Save Random Seed.
[    2.345155] ppdev: user-space parallel port driver
[    2.350912] systemd[1]: Finished Create System Users.
[    2.352763] systemd[1]: Starting Create Static Device Nodes in /dev...
[    2.400699] systemd[1]: Finished Create Static Device Nodes in /dev.
[    2.401572] systemd[1]: Starting udev Kernel Device Manager...
[    2.410401] systemd[1]: Finished udev Coldplug all Devices.
[    2.434198] [drm] DMA map mode: Caching DMA mappings.
[    2.434291] [drm] Capabilities:
[    2.434291] [drm]   Rect copy.
[    2.434291] [drm]   Cursor.
[    2.434292] [drm]   Cursor bypass.
[    2.434292] [drm]   Cursor bypass 2.
[    2.434292] [drm]   Alpha cursor.
[    2.434293] [drm]   Extended Fifo.
[    2.434293] [drm]   Pitchlock.
[    2.434293] [drm]   Irq mask.
[    2.434294] [drm]   GMR.
[    2.434294] [drm]   Traces.
[    2.434295] [drm]   GMR2.
[    2.434295] [drm]   Screen Object 2.
[    2.434295] [drm]   Command Buffers.
[    2.434296] [drm]   Command Buffers 2.
[    2.434296] [drm]   Guest Backed Resources.
[    2.434297] [drm] Max GMR ids is 8192
[    2.434298] [drm] Max number of GMR pages is 1048576
[    2.434298] [drm] Max dedicated hypervisor surface memory is 393216 kiB
[    2.434299] [drm] Maximum display memory size is 131072 kiB
[    2.434299] [drm] VRAM at 0xe0000000 size is 131072 kiB
[    2.434300] [drm] MMIO at 0xf0000000 size is 2048 kiB
[    2.435876] [TTM] Zone  kernel: Available graphics memory: 1011738 KiB
[    2.435877] [TTM] Initializing pool allocator
[    2.435881] [TTM] Initializing DMA pool allocator
[    2.435932] [drm] Supports vblank timestamp caching Rev 2 (21.10.2013).
[    2.435932] [drm] No driver support for vblank timestamp query.
[    2.436152] [drm] Screen Target Display device initialized
[    2.436350] [drm] width 720
[    2.436359] [drm] height 400
[    2.436362] [drm] bpp 32
[    2.436880] [drm] Fifo max 0x00200000 min 0x00001000 cap 0x00000355
[    2.437948] [drm] Using command buffers with DMA pool.
[    2.437955] [drm] DX: no.
[    2.437956] [drm] Atomic: yes.
[    2.437956] [drm] SM4_1: no.
[    2.437976] [drm:vmw_host_log [vmwgfx]] *ERROR* Failed to send host log message.
[    2.438882] [drm:vmw_host_log [vmwgfx]] *ERROR* Failed to send host log message.
[    2.466962] fbcon: svgadrmfb (fb0) is primary device
[    2.470077] Console: switching to colour frame buffer device 100x37
[    2.475719] [drm] Initialized vmwgfx 2.15.0 20180704 for 0000:00:02.0 on minor 0
[    2.477713] systemd[1]: Finished Load Kernel Modules.
[    2.478651] systemd[1]: Mounting FUSE Control File System...
[    2.480109] systemd[1]: Mounting Kernel Configuration File System...
[    2.497486] systemd[1]: Starting Apply Kernel Variables...
[    2.498126] systemd[1]: Mounted Kernel Configuration File System.
[    2.505846] systemd[1]: Mounted FUSE Control File System.
[    2.506226] systemd[1]: Finished Set the console keyboard layout.
[    2.506322] systemd[1]: Reached target Local File Systems (Pre).
[    2.506341] systemd[1]: Condition check resulted in VMware vmblock fuse mount being skipped.
[    2.509683] systemd[1]: Mounting Mount unit for bare, revision 5...
[    2.537788] systemd[1]: Mounting Mount unit for core18, revision 1705...
[    2.539155] systemd[1]: Mounting Mount unit for gnome-3-34-1804, revision 24...
[    2.541726] systemd[1]: Mounting Mount unit for gtk-common-themes, revision 1506...
[    2.548331] systemd[1]: Mounting Mount unit for gtk-common-themes, revision 1535...
[    2.570995] systemd[1]: Mounting Mount unit for snap-store, revision 433...
[    2.577874] systemd[1]: Mounting Mount unit for snapd, revision 25935...
[    2.588532] systemd[1]: Finished Apply Kernel Variables.
[    2.589756] systemd[1]: Mounted Mount unit for bare, revision 5.
[    2.616486] systemd[1]: Mounted Mount unit for core18, revision 1705.
[    2.616581] systemd[1]: Mounted Mount unit for gtk-common-themes, revision 1506.
[    2.623751] systemd[1]: Started udev Kernel Device Manager.
[    2.624567] systemd[1]: Starting Show Plymouth Boot Screen...
[    2.629123] systemd[1]: Received SIGRTMIN+20 from PID 273 (plymouthd).
[    2.655053] systemd[1]: Started Show Plymouth Boot Screen.
[    2.655306] systemd[1]: Condition check resulted in Dispatch Password Requests to Console Directory Watch being skipped.
[    2.655423] systemd[1]: Started Forward Password Requests to Plymouth Directory Watch.
[    2.655509] systemd[1]: Reached target Local Encrypted Volumes.
[    2.721696] systemd[1]: Mounted Mount unit for gnome-3-34-1804, revision 24.
[    2.721962] systemd[1]: Mounted Mount unit for gtk-common-themes, revision 1535.
[    2.722143] systemd[1]: Mounted Mount unit for snap-store, revision 433.
[    2.722317] systemd[1]: Mounted Mount unit for snapd, revision 25935.
[    2.722459] systemd[1]: Reached target Local File Systems.
[    2.725443] systemd[1]: Starting Load AppArmor profiles...
[    2.726340] systemd[1]: Starting Set console font and keymap...
[    2.737671] systemd[1]: Starting Tell Plymouth To Write Out Runtime Data...
[    2.739479] systemd[1]: Condition check resulted in Store a System Token in an EFI Variable being skipped.
[    2.739533] systemd[1]: Condition check resulted in Commit a transient machine-id on disk being skipped.
[    2.744834] systemd[1]: Finished Set console font and keymap.
[    2.750950] systemd[1]: Received SIGRTMIN+20 from PID 273 (plymouthd).
[    2.752563] systemd[1]: plymouth-read-write.service: Succeeded.
[    2.752812] systemd[1]: Finished Tell Plymouth To Write Out Runtime Data.
[    2.775564] audit: type=1400 audit(1768686708.620:2): apparmor="STATUS" operation="profile_load" profile="unconfined" name="nvidia_modprobe" pid=301 comm="apparmor_parser"
[    2.775567] audit: type=1400 audit(1768686708.620:3): apparmor="STATUS" operation="profile_load" profile="unconfined" name="nvidia_modprobe//kmod" pid=301 comm="apparmor_parser"
[    2.785174] audit: type=1400 audit(1768686708.628:4): apparmor="STATUS" operation="profile_load" profile="unconfined" name="/usr/sbin/tcpdump" pid=302 comm="apparmor_parser"
[    2.828844] audit: type=1400 audit(1768686708.668:5): apparmor="STATUS" operation="profile_load" profile="unconfined" name="/usr/bin/evince" pid=304 comm="apparmor_parser"
[    2.828847] audit: type=1400 audit(1768686708.668:6): apparmor="STATUS" operation="profile_load" profile="unconfined" name="/usr/bin/evince//sanitized_helper" pid=304 comm="apparmor_parser"
[    2.828848] audit: type=1400 audit(1768686708.668:7): apparmor="STATUS" operation="profile_load" profile="unconfined" name="/usr/bin/evince-previewer" pid=304 comm="apparmor_parser"
[    2.828850] audit: type=1400 audit(1768686708.668:8): apparmor="STATUS" operation="profile_load" profile="unconfined" name="/usr/bin/evince-previewer//sanitized_helper" pid=304 comm="apparmor_parser"
[    2.828851] audit: type=1400 audit(1768686708.668:9): apparmor="STATUS" operation="profile_load" profile="unconfined" name="/usr/bin/evince-thumbnailer" pid=304 comm="apparmor_parser"
[    2.864065] audit: type=1400 audit(1768686708.708:10): apparmor="STATUS" operation="profile_load" profile="unconfined" name="/usr/lib/cups/backend/cups-pdf" pid=305 comm="apparmor_parser"
[    2.927218] systemd[1]: Finished Load AppArmor profiles.
[    2.928171] systemd[1]: Starting Load AppArmor profiles managed internally by snapd...
[    3.063590] systemd[1]: Finished Load AppArmor profiles managed internally by snapd.
[    3.165700] systemd[1]: Started Journal Service.
[    3.174936] systemd-journald[229]: Received client request to flush runtime journal.
[    3.178285] systemd-journald[229]: File /var/log/journal/c455b248004a419c87ce85eea238d727/system.journal corrupted or uncleanly shut down, renaming and replacing.
[    4.482873] RAPL PMU: API unit is 2^-32 Joules, 0 fixed counters, 10737418240 ms ovfl timer
[    4.554247] cryptd: max_cpu_qlen set to 1000
[    4.620803] AVX2 version of gcm_enc/dec engaged.
[    4.620804] AES CTR mode by8 optimization enabled
[    6.390066] Adding 1998844k swap on /dev/sda1.  Priority:-2 extents:1 across:1998844k FS
[    8.046055] kauditd_printk_skb: 30 callbacks suppressed
[    8.046056] audit: type=1400 audit(1768686713.888:41): apparmor="DENIED" operation="capable" profile="/usr/sbin/cups-browsed" pid=509 comm="cups-browsed" capability=23  capname="sys_nice"
[    8.929126] pcnet32 0000:00:03.0 enp0s3: link up, 100Mbps, full-duplex
[    8.969100] e1000: enp0s8 NIC Link is Up 1000 Mbps Full Duplex, Flow Control: RX
[    8.969390] IPv6: ADDRCONF(NETDEV_CHANGE): enp0s8: link becomes ready
[    8.999166] e1000: enp0s9 NIC Link is Up 1000 Mbps Full Duplex, Flow Control: RX
[    8.999449] IPv6: ADDRCONF(NETDEV_CHANGE): enp0s9: link becomes ready
[    9.620758] device enp0s3 entered promiscuous mode
[    9.649650] audit: type=1400 audit(1768686715.488:42): apparmor="DENIED" operation="open" profile="/usr/sbin/tcpdump" name="/proc/sys/kernel/random/boot_id" pid=656 comm="tcpdump" requested_mask="r" denied_mask="r" fsuid=0 ouid=0
[    9.649849] audit: type=1400 audit(1768686715.488:43): apparmor="DENIED" operation="open" profile="/usr/sbin/tcpdump" name="/proc/sys/kernel/random/boot_id" pid=656 comm="tcpdump" requested_mask="r" denied_mask="r" fsuid=0 ouid=0
[    9.649933] audit: type=1400 audit(1768686715.488:44): apparmor="DENIED" operation="open" profile="/usr/sbin/tcpdump" name="/proc/sys/kernel/random/boot_id" pid=656 comm="tcpdump" requested_mask="r" denied_mask="r" fsuid=0 ouid=0
[    9.650033] audit: type=1400 audit(1768686715.488:45): apparmor="DENIED" operation="open" profile="/usr/sbin/tcpdump" name="/proc/sys/kernel/random/boot_id" pid=656 comm="tcpdump" requested_mask="r" denied_mask="r" fsuid=0 ouid=0
[    9.655847] audit: type=1400 audit(1768686715.500:46): apparmor="DENIED" operation="open" profile="/usr/sbin/tcpdump" name="/proc/sys/kernel/random/boot_id" pid=657 comm="tcpdump" requested_mask="r" denied_mask="r" fsuid=0 ouid=0
[    9.656014] audit: type=1400 audit(1768686715.500:47): apparmor="DENIED" operation="open" profile="/usr/sbin/tcpdump" name="/proc/sys/kernel/random/boot_id" pid=657 comm="tcpdump" requested_mask="r" denied_mask="r" fsuid=0 ouid=0
[    9.656053] audit: type=1400 audit(1768686715.500:48): apparmor="DENIED" operation="open" profile="/usr/sbin/tcpdump" name="/proc/sys/kernel/random/boot_id" pid=657 comm="tcpdump" requested_mask="r" denied_mask="r" fsuid=0 ouid=0
[    9.656108] audit: type=1400 audit(1768686715.500:49): apparmor="DENIED" operation="open" profile="/usr/sbin/tcpdump" name="/proc/sys/kernel/random/boot_id" pid=657 comm="tcpdump" requested_mask="r" denied_mask="r" fsuid=0 ouid=0
[   15.450406] rfkill: input handler disabled
[  222.326228] AAAAA-TCP_FORW: name:enp0s3: saddr:100932208: daddr:16783984
[  222.468481] AAAAA-TCP_FORW: name:enp0s3: saddr:100932208: daddr:16783984
[  222.734278] AAAAA-TCP_FORW: name:enp0s3: saddr:100932208: daddr:16783984
[  222.835104] AAAAA-TCP_FORW: name:enp0s3: saddr:100932208: daddr:16783984
[  222.911387] AAAAA-TCP_FORW: name:enp0s3: saddr:100932208: daddr:16783984
[  223.074900] AAAAA-TCP_FORW: name:enp0s3: saddr:100932208: daddr:16783984
[  223.172716] AAAAA-TCP_FORW: name:enp0s3: saddr:100932208: daddr:16783984
[  223.298347] AAAAA-TCP_FORW: name:enp0s3: saddr:100932208: daddr:16783984
[  223.354896] AAAAA-TCP_FORW: name:enp0s3: saddr:100932208: daddr:16783984
[  223.451211] AAAAA-TCP_FORW: name:enp0s3: saddr:100932208: daddr:16783984
[  223.558273] AAAAA-TCP_FORW: name:enp0s3: saddr:100932208: daddr:16783984
[  223.723164] AAAAA-TCP_FORW: name:enp0s3: saddr:100932208: daddr:16783984
[  223.798800] AAAAA-TCP_FORW: name:enp0s3: saddr:100932208: daddr:16783984
[  223.855516] AAAAA-TCP_FORW: name:enp0s3: saddr:100932208: daddr:16783984
[  223.996633] AAAAA-TCP_FORW: name:enp0s3: saddr:100932208: daddr:16783984
[  224.045371] AAAAA-TCP_FORW: name:enp0s3: saddr:100932208: daddr:16783984
[  224.097601] AAAAA-TCP_FORW: name:enp0s3: saddr:100932208: daddr:16783984
[  224.228196] AAAAA-TCP_FORW: name:enp0s3: saddr:100932208: daddr:16783984
[  224.344602] AAAAA-TCP_FORW: name:enp0s3: saddr:100932208: daddr:33561200
[  224.512640] AAAAA-TCP_FORW: name:enp0s3: saddr:100932208: daddr:33561200
[  224.671818] AAAAA-TCP_FORW: name:enp0s3: saddr:100932208: daddr:33561200
[  224.768261] AAAAA-TCP_FORW: name:enp0s3: saddr:100932208: daddr:33561200
[  224.864805] AAAAA-TCP_FORW: name:enp0s3: saddr:100932208: daddr:33561200
[  224.924474] AAAAA-TCP_FORW: name:enp0s3: saddr:100932208: daddr:16783984
[  224.980102] AAAAA-TCP_FORW: name:enp0s3: saddr:100932208: daddr:16783984
[  225.129216] AAAAA-TCP_FORW: name:enp0s3: saddr:100932208: daddr:33561200
[  225.199008] AAAAA-TCP_FORW: name:enp0s3: saddr:100932208: daddr:33561200
[  225.349998] AAAAA-TCP_FORW: name:enp0s3: saddr:100932208: daddr:16783984
[  225.659575] AAAAA-TCP_FORW: name:enp0s3: saddr:100932208: daddr:16783984
[  226.733675] AAAAA-TCP_FORW: name:enp0s3: saddr:100932208: daddr:33561200
[  226.851305] AAAAA-TCP_FORW: name:enp0s3: saddr:100932208: daddr:33561200
[  227.057786] AAAAA-TCP_FORW: name:enp0s3: saddr:100932208: daddr:16783984
[  227.242958] AAAAA-TCP_FORW: name:enp0s3: saddr:100932208: daddr:16783984
[  227.604298] AAAAA-TCP_FORW: name:enp0s3: saddr:100932208: daddr:16783984
[  228.177046] AAAAA-TCP_FORW: name:enp0s3: saddr:100932208: daddr:33561200
[  228.457164] AAAAA-TCP_FORW: name:enp0s3: saddr:100932208: daddr:33561200
[  228.826145] AAAAA-TCP_FORW: name:enp0s3: saddr:100932208: daddr:33561200
[  228.925720] AAAAA-TCP_FORW: name:enp0s3: saddr:100932208: daddr:16783984
[  229.795400] AAAAA-TCP_FORW: name:enp0s3: saddr:100932208: daddr:16783984
[  233.679749] AAAAA-TCP_FORW: name:enp0s3: saddr:100932208: daddr:33561200
[  233.929124] AAAAA-TCP_FORW: name:enp0s3: saddr:100932208: daddr:33561200
[  234.120046] AAAAA-TCP_FORW: name:enp0s3: saddr:100932208: daddr:16783984
[  234.359007] AAAAA-TCP_FORW: name:enp0s3: saddr:100932208: daddr:33561200
[  234.515160] AAAAA-TCP_FORW: name:enp0s3: saddr:100932208: daddr:16783984
[  234.641649] AAAAA-TCP_FORW: name:enp0s3: saddr:100932208: daddr:16783984
[  241.896046] AAAAA-TCP_FORW: name:enp0s3: saddr:16783984: daddr:100932208
[  242.090015] AAAAA-TCP_FORW: name:enp0s3: saddr:16783984: daddr:100932208
[  242.293409] AAAAA-TCP_FORW: name:enp0s3: saddr:16783984: daddr:100932208
[  242.351858] AAAAA-TCP_FORW: name:enp0s3: saddr:16783984: daddr:100932208
[  242.603258] AAAAA-TCP_FORW: name:enp0s3: saddr:16783984: daddr:100932208
[  242.748834] AAAAA-TCP_FORW: name:enp0s3: saddr:16783984: daddr:100932208
[  242.956054] AAAAA-TCP_FORW: name:enp0s3: saddr:16783984: daddr:100932208
[  243.163804] AAAAA-TCP_FORW: name:enp0s3: saddr:16783984: daddr:100932208
[  243.409705] AAAAA-TCP_FORW: name:enp0s3: saddr:16783984: daddr:100932208
[  243.598142] AAAAA-TCP_FORW: name:enp0s3: saddr:16783984: daddr:100932208
[  243.854001] AAAAA-TCP_FORW: name:enp0s3: saddr:16783984: daddr:100932208
[  243.976621] AAAAA-TCP_FORW: name:enp0s3: saddr:16783984: daddr:100932208
[  244.358523] AAAAA-TCP_FORW: name:enp0s3: saddr:16783984: daddr:100932208
[  245.018704] AAAAA-TCP_FORW: name:enp0s3: saddr:16783984: daddr:100932208
[  245.091669] AAAAA-TCP_FORW: name:enp0s3: saddr:33561200: daddr:100932208
[  248.503743] AAAAA-TCP_FORW: name:enp0s3: saddr:16783984: daddr:100932208
[  248.669073] AAAAA-TCP_FORW: name:enp0s3: saddr:16783984: daddr:100932208
[  248.908479] AAAAA-TCP_FORW: name:enp0s3: saddr:16783984: daddr:100932208
[  249.032527] AAAAA-TCP_FORW: name:enp0s3: saddr:16783984: daddr:100932208
[  249.117764] AAAAA-TCP_FORW: name:enp0s3: saddr:16783984: daddr:100932208
[  249.227733] AAAAA-TCP_FORW: name:enp0s3: saddr:16783984: daddr:100932208
[  249.399754] AAAAA-TCP_FORW: name:enp0s3: saddr:16783984: daddr:100932208
[  249.779151] AAAAA-TCP_FORW: name:enp0s3: saddr:33561200: daddr:100932208
[  249.909485] AAAAA-TCP_FORW: name:enp0s3: saddr:33561200: daddr:100932208
[  250.012057] AAAAA-TCP_FORW: name:enp0s3: saddr:33561200: daddr:100932208
[  250.112958] AAAAA-TCP_FORW: name:enp0s3: saddr:33561200: daddr:100932208
[  250.219873] AAAAA-TCP_FORW: name:enp0s3: saddr:33561200: daddr:100932208
[  250.306817] AAAAA-TCP_FORW: name:enp0s3: saddr:33561200: daddr:100932208
[  250.442740] AAAAA-TCP_FORW: name:enp0s3: saddr:33561200: daddr:100932208
[  250.510930] AAAAA-TCP_FORW: name:enp0s3: saddr:33561200: daddr:100932208
[  250.681334] AAAAA-TCP_FORW: name:enp0s3: saddr:33561200: daddr:100932208
[  250.742282] AAAAA-TCP_FORW: name:enp0s3: saddr:33561200: daddr:100932208
[  250.832061] AAAAA-TCP_FORW: name:enp0s3: saddr:33561200: daddr:100932208
[  250.962922] AAAAA-TCP_FORW: name:enp0s3: saddr:33561200: daddr:100932208
[  251.053976] AAAAA-TCP_FORW: name:enp0s3: saddr:33561200: daddr:100932208
[  251.168422] AAAAA-TCP_FORW: name:enp0s3: saddr:33561200: daddr:100932208
[  251.229087] AAAAA-TCP_FORW: name:enp0s3: saddr:33561200: daddr:100932208
[  251.304936] AAAAA-TCP_FORW: name:enp0s3: saddr:33561200: daddr:100932208
[  251.392933] AAAAA-TCP_FORW: name:enp0s3: saddr:33561200: daddr:100932208
[  251.521784] AAAAA-TCP_FORW: name:enp0s3: saddr:33561200: daddr:100932208
[  251.610285] AAAAA-TCP_FORW: name:enp0s3: saddr:33561200: daddr:100932208
[  251.814876] AAAAA-TCP_FORW: name:enp0s3: saddr:16783984: daddr:100932208
[  251.909519] AAAAA-TCP_FORW: name:enp0s3: saddr:16783984: daddr:100932208
[  252.010710] AAAAA-TCP_FORW: name:enp0s3: saddr:16783984: daddr:100932208
[  252.087458] AAAAA-TCP_FORW: name:enp0s3: saddr:16783984: daddr:100932208
[  252.142506] AAAAA-TCP_FORW: name:enp0s3: saddr:16783984: daddr:100932208
[  252.251179] AAAAA-TCP_FORW: name:enp0s3: saddr:16783984: daddr:100932208
[  252.314023] AAAAA-TCP_FORW: name:enp0s3: saddr:16783984: daddr:100932208
[  252.411116] AAAAA-TCP_FORW: name:enp0s3: saddr:16783984: daddr:100932208
[  252.506476] AAAAA-TCP_FORW: name:enp0s3: saddr:16783984: daddr:100932208
[  252.543208] AAAAA-TCP_FORW: name:enp0s3: saddr:16783984: daddr:100932208
[  252.594698] AAAAA-TCP_FORW: name:enp0s3: saddr:16783984: daddr:100932208
[  252.698404] AAAAA-TCP_FORW: name:enp0s3: saddr:33561200: daddr:100932208
[  252.905275] AAAAA-TCP_FORW: name:enp0s3: saddr:33561200: daddr:100932208
[  253.076397] AAAAA-TCP_FORW: name:enp0s3: saddr:33561200: daddr:100932208
[  260.878812] AAAAA-TCP_FORW: name:enp0s3: saddr:100932208: daddr:33561200
[  261.228327] AAAAA-TCP_FORW: name:enp0s3: saddr:100932208: daddr:33561200
[  261.702526] AAAAA-TCP_FORW: name:enp0s3: saddr:100932208: daddr:33561200
[  262.014649] AAAAA-TCP_FORW: name:enp0s3: saddr:100932208: daddr:16783984
[  262.089181] AAAAA-TCP_FORW: name:enp0s3: saddr:100932208: daddr:16783984
[  262.196285] AAAAA-TCP_FORW: name:enp0s3: saddr:100932208: daddr:33561200
[  262.296391] AAAAA-TCP_FORW: name:enp0s3: saddr:33561200: daddr:100932208
[  262.537037] AAAAA-TCP_FORW: name:enp0s3: saddr:100932208: daddr:16783984
[  262.563113] AAAAA-TCP_FORW: name:enp0s3: saddr:33561200: daddr:100932208
[  262.678946] AAAAA-TCP_FORW: name:enp0s3: saddr:100932208: daddr:16783984
[  262.900959] AAAAA-TCP_FORW: name:enp0s3: saddr:33561200: daddr:100932208
[  262.993405] AAAAA-TCP_FORW: name:enp0s3: saddr:33561200: daddr:100932208
[  263.135685] AAAAA-TCP_FORW: name:enp0s3: saddr:16783984: daddr:100932208
[  263.267944] AAAAA-TCP_FORW: name:enp0s3: saddr:33561200: daddr:100932208
[  263.614286] AAAAA-TCP_FORW: name:enp0s3: saddr:33561200: daddr:100932208
[  263.679183] AAAAA-TCP_FORW: name:enp0s3: saddr:16783984: daddr:100932208
[  263.788844] AAAAA-TCP_FORW: name:enp0s3: saddr:33561200: daddr:100932208
[  263.962965] AAAAA-TCP_FORW: name:enp0s3: saddr:33561200: daddr:100932208
[  264.101365] AAAAA-TCP_FORW: name:enp0s3: saddr:33561200: daddr:100932208
[  264.160471] AAAAA-TCP_FORW: name:enp0s3: saddr:33561200: daddr:100932208
[  264.220643] AAAAA-TCP_FORW: name:enp0s3: saddr:16783984: daddr:100932208
[  264.319785] AAAAA-TCP_FORW: name:enp0s3: saddr:33561200: daddr:100932208
[  264.480421] AAAAA-TCP_FORW: name:enp0s3: saddr:33561200: daddr:100932208
[  264.536128] AAAAA-TCP_FORW: name:enp0s3: saddr:16783984: daddr:100932208
[  266.191872] AAAAA-TCP_FORW: name:enp0s3: saddr:16783984: daddr:100932208
[  266.984696] AAAAA-TCP_FORW: name:enp0s3: saddr:16783984: daddr:100932208
[  267.203855] AAAAA-TCP_FORW: name:enp0s3: saddr:16783984: daddr:100932208
[  268.192951] AAAAA-TCP_FORW: name:enp0s3: saddr:33561200: daddr:100932208
[  268.695401] AAAAA-TCP_FORW: name:enp0s3: saddr:33561200: daddr:100932208
[  270.286897] AAAAA-TCP_FORW: name:enp0s3: saddr:16783984: daddr:100932208
[  270.712269] AAAAA-TCP_FORW: name:enp0s3: saddr:16783984: daddr:100932208
[  270.857153] AAAAA-TCP_FORW: name:enp0s3: saddr:33561200: daddr:100932208
[  271.647059] AAAAA-TCP_FORW: name:enp0s3: saddr:33561200: daddr:100932208
[  271.725869] AAAAA-TCP_FORW: name:enp0s3: saddr:33561200: daddr:100932208
[  271.844060] AAAAA-TCP_FORW: name:enp0s3: saddr:33561200: daddr:100932208
[  272.968678] AAAAA-TCP_FORW: name:enp0s3: saddr:33561200: daddr:100932208
[  273.354496] AAAAA-TCP_FORW: name:enp0s3: saddr:33561200: daddr:100932208
[  273.672402] AAAAA-TCP_FORW: name:enp0s3: saddr:33561200: daddr:100932208
[  274.102116] AAAAA-TCP_FORW: name:enp0s3: saddr:16783984: daddr:100932208
[  274.951087] AAAAA-TCP_FORW: name:enp0s3: saddr:16783984: daddr:100932208
[  275.082578] AAAAA-TCP_FORW: name:enp0s3: saddr:16783984: daddr:100932208
[  275.150742] AAAAA-TCP_FORW: name:enp0s3: saddr:16783984: daddr:100932208
[  275.450313] AAAAA-TCP_FORW: name:enp0s3: saddr:33561200: daddr:100932208
[  275.594713] AAAAA-TCP_FORW: name:enp0s3: saddr:33561200: daddr:100932208
[  275.782902] AAAAA-TCP_FORW: name:enp0s3: saddr:33561200: daddr:100932208
[  276.067244] AAAAA-TCP_FORW: name:enp0s3: saddr:33561200: daddr:100932208
[  276.384431] AAAAA-TCP_FORW: name:enp0s3: saddr:33561200: daddr:100932208
[  276.502882] AAAAA-TCP_FORW: name:enp0s3: saddr:33561200: daddr:100932208
[  276.847849] AAAAA-TCP_FORW: name:enp0s3: saddr:33561200: daddr:100932208
[  276.959759] AAAAA-TCP_FORW: name:enp0s3: saddr:33561200: daddr:100932208
[  277.282269] AAAAA-TCP_FORW: name:enp0s3: saddr:33561200: daddr:100932208
[  277.387563] AAAAA-TCP_FORW: name:enp0s3: saddr:33561200: daddr:100932208
[  277.541202] AAAAA-TCP_FORW: name:enp0s3: saddr:16783984: daddr:100932208
[  277.800796] AAAAA-TCP_FORW: name:enp0s3: saddr:33561200: daddr:100932208
[  277.928415] AAAAA-TCP_FORW: name:enp0s3: saddr:33561200: daddr:100932208
[  278.184801] AAAAA-TCP_FORW: name:enp0s3: saddr:33561200: daddr:100932208
[  278.398459] AAAAA-TCP_FORW: name:enp0s3: saddr:33561200: daddr:100932208
[  278.699079] AAAAA-TCP_FORW: name:enp0s3: saddr:33561200: daddr:100932208
[  278.885619] AAAAA-TCP_FORW: name:enp0s3: saddr:33561200: daddr:100932208
[  279.150520] AAAAA-TCP_FORW: name:enp0s3: saddr:33561200: daddr:100932208
[  279.257534] AAAAA-TCP_FORW: name:enp0s3: saddr:33561200: daddr:100932208
[  279.456226] AAAAA-TCP_FORW: name:enp0s3: saddr:33561200: daddr:100932208
[  279.635532] AAAAA-TCP_FORW: name:enp0s3: saddr:33561200: daddr:100932208
[  279.771836] AAAAA-TCP_FORW: name:enp0s3: saddr:16783984: daddr:100932208
[  280.184665] AAAAA-TCP_FORW: name:enp0s3: saddr:33561200: daddr:100932208
[  280.404196] AAAAA-TCP_FORW: name:enp0s3: saddr:33561200: daddr:100932208
[  280.613916] AAAAA-TCP_FORW: name:enp0s3: saddr:33561200: daddr:100932208
[  280.702742] AAAAA-TCP_FORW: name:enp0s3: saddr:33561200: daddr:100932208
[  280.843996] AAAAA-TCP_FORW: name:enp0s3: saddr:33561200: daddr:100932208
[  281.022309] AAAAA-TCP_FORW: name:enp0s3: saddr:33561200: daddr:100932208
[  281.258231] AAAAA-TCP_FORW: name:enp0s3: saddr:33561200: daddr:100932208
[  281.417526] AAAAA-TCP_FORW: name:enp0s3: saddr:33561200: daddr:100932208
[  281.482875] AAAAA-TCP_FORW: name:enp0s3: saddr:33561200: daddr:100932208
[  281.559782] AAAAA-TCP_FORW: name:enp0s3: saddr:33561200: daddr:100932208
[  281.697976] AAAAA-TCP_FORW: name:enp0s3: saddr:16783984: daddr:100932208
[  281.957015] AAAAA-TCP_FORW: name:enp0s3: saddr:33561200: daddr:100932208
[  282.050288] AAAAA-TCP_FORW: name:enp0s3: saddr:33561200: daddr:100932208
[  282.183006] AAAAA-TCP_FORW: name:enp0s3: saddr:33561200: daddr:100932208
[  282.330702] AAAAA-TCP_FORW: name:enp0s3: saddr:33561200: daddr:100932208
[  282.451744] AAAAA-TCP_FORW: name:enp0s3: saddr:33561200: daddr:100932208
[  282.517847] AAAAA-TCP_FORW: name:enp0s3: saddr:33561200: daddr:100932208
[  282.597231] AAAAA-TCP_FORW: name:enp0s3: saddr:16783984: daddr:100932208
[  282.703915] AAAAA-TCP_FORW: name:enp0s3: saddr:33561200: daddr:100932208
[  282.830800] AAAAA-TCP_FORW: name:enp0s3: saddr:33561200: daddr:100932208
[  282.950244] AAAAA-TCP_FORW: name:enp0s3: saddr:33561200: daddr:100932208
[  283.032213] AAAAA-TCP_FORW: name:enp0s3: saddr:33561200: daddr:100932208
[  283.092806] AAAAA-TCP_FORW: name:enp0s3: saddr:33561200: daddr:100932208
[  283.186915] AAAAA-TCP_FORW: name:enp0s3: saddr:33561200: daddr:100932208
[  283.299377] AAAAA-TCP_FORW: name:enp0s3: saddr:16783984: daddr:100932208
[  283.394244] AAAAA-TCP_FORW: name:enp0s3: saddr:33561200: daddr:100932208
[  283.465701] AAAAA-TCP_FORW: name:enp0s3: saddr:33561200: daddr:100932208
[  283.548800] AAAAA-TCP_FORW: name:enp0s3: saddr:33561200: daddr:100932208
[  283.633369] AAAAA-TCP_FORW: name:enp0s3: saddr:33561200: daddr:100932208
[  283.840479] AAAAA-TCP_FORW: name:enp0s3: saddr:33561200: daddr:100932208
[  283.930165] AAAAA-TCP_FORW: name:enp0s3: saddr:33561200: daddr:100932208
[  284.018685] AAAAA-TCP_FORW: name:enp0s3: saddr:16783984: daddr:100932208
[  284.188841] AAAAA-TCP_FORW: name:enp0s3: saddr:33561200: daddr:100932208
[  284.322336] AAAAA-TCP_FORW: name:enp0s3: saddr:33561200: daddr:100932208
[  284.467582] AAAAA-TCP_FORW: name:enp0s3: saddr:33561200: daddr:100932208
[  284.595475] AAAAA-TCP_FORW: name:enp0s3: saddr:33561200: daddr:100932208
[  284.686135] AAAAA-TCP_FORW: name:enp0s3: saddr:16783984: daddr:100932208
[  284.837051] AAAAA-TCP_FORW: name:enp0s3: saddr:33561200: daddr:100932208
[  284.974334] AAAAA-TCP_FORW: name:enp0s3: saddr:33561200: daddr:100932208
[  285.099483] AAAAA-TCP_FORW: name:enp0s3: saddr:33561200: daddr:100932208
[  285.260129] AAAAA-TCP_FORW: name:enp0s3: saddr:33561200: daddr:100932208
[  285.349366] AAAAA-TCP_FORW: name:enp0s3: saddr:16783984: daddr:100932208
[  285.436022] AAAAA-TCP_FORW: name:enp0s3: saddr:16783984: daddr:100932208
[  285.553622] AAAAA-TCP_FORW: name:enp0s3: saddr:33561200: daddr:100932208
[  285.759787] AAAAA-TCP_FORW: name:enp0s3: saddr:33561200: daddr:100932208
[  285.885488] AAAAA-TCP_FORW: name:enp0s3: saddr:33561200: daddr:100932208
[  285.999185] AAAAA-TCP_FORW: name:enp0s3: saddr:33561200: daddr:100932208
[  286.147599] AAAAA-TCP_FORW: name:enp0s3: saddr:16783984: daddr:100932208
[  286.238043] AAAAA-TCP_FORW: name:enp0s3: saddr:33561200: daddr:100932208
[  286.327585] AAAAA-TCP_FORW: name:enp0s3: saddr:16783984: daddr:100932208
[  286.529176] AAAAA-TCP_FORW: name:enp0s3: saddr:33561200: daddr:100932208
[  286.600393] AAAAA-TCP_FORW: name:enp0s3: saddr:33561200: daddr:100932208
[  286.760493] AAAAA-TCP_FORW: name:enp0s3: saddr:33561200: daddr:100932208
[  286.877137] AAAAA-TCP_FORW: name:enp0s3: saddr:33561200: daddr:100932208
[  286.986353] AAAAA-TCP_FORW: name:enp0s3: saddr:16783984: daddr:100932208
[  287.138313] AAAAA-TCP_FORW: name:enp0s3: saddr:16783984: daddr:100932208
[  287.208135] AAAAA-TCP_FORW: name:enp0s3: saddr:33561200: daddr:100932208
[  287.339558] AAAAA-TCP_FORW: name:enp0s3: saddr:33561200: daddr:100932208
[  287.465427] AAAAA-TCP_FORW: name:enp0s3: saddr:33561200: daddr:100932208
[  287.579417] AAAAA-TCP_FORW: name:enp0s3: saddr:33561200: daddr:100932208
[  287.776884] AAAAA-TCP_FORW: name:enp0s3: saddr:33561200: daddr:100932208
[  288.009266] AAAAA-TCP_FORW: name:enp0s3: saddr:33561200: daddr:100932208
[  288.127180] AAAAA-TCP_FORW: name:enp0s3: saddr:16783984: daddr:100932208
[  288.239450] AAAAA-TCP_FORW: name:enp0s3: saddr:16783984: daddr:100932208
[  288.336417] AAAAA-TCP_FORW: name:enp0s3: saddr:33561200: daddr:100932208
[  288.472789] AAAAA-TCP_FORW: name:enp0s3: saddr:33561200: daddr:100932208
[  288.636718] AAAAA-TCP_FORW: name:enp0s3: saddr:33561200: daddr:100932208
[  288.898864] AAAAA-TCP_FORW: name:enp0s3: saddr:33561200: daddr:100932208
[  289.018831] AAAAA-TCP_FORW: name:enp0s3: saddr:33561200: daddr:100932208
[  289.104853] AAAAA-TCP_FORW: name:enp0s3: saddr:33561200: daddr:100932208
[  289.253380] AAAAA-TCP_FORW: name:enp0s3: saddr:33561200: daddr:100932208
[  289.373550] AAAAA-TCP_FORW: name:enp0s3: saddr:33561200: daddr:100932208
[  289.442769] AAAAA-TCP_FORW: name:enp0s3: saddr:33561200: daddr:100932208
[  289.568209] AAAAA-TCP_FORW: name:enp0s3: saddr:33561200: daddr:100932208
[  289.692482] AAAAA-TCP_FORW: name:enp0s3: saddr:16783984: daddr:100932208
[  289.887810] AAAAA-TCP_FORW: name:enp0s3: saddr:16783984: daddr:100932208
[  289.969025] AAAAA-TCP_FORW: name:enp0s3: saddr:33561200: daddr:100932208
[  290.229957] AAAAA-TCP_FORW: name:enp0s3: saddr:33561200: daddr:100932208
[  290.322848] AAAAA-TCP_FORW: name:enp0s3: saddr:33561200: daddr:100932208
[  290.488998] AAAAA-TCP_FORW: name:enp0s3: saddr:33561200: daddr:100932208
[  290.543245] AAAAA-TCP_FORW: name:enp0s3: saddr:33561200: daddr:100932208
[  290.612655] AAAAA-TCP_FORW: name:enp0s3: saddr:33561200: daddr:100932208
[  290.698463] AAAAA-TCP_FORW: name:enp0s3: saddr:33561200: daddr:100932208
[  290.777946] AAAAA-TCP_FORW: name:enp0s3: saddr:33561200: daddr:100932208
[  290.897189] AAAAA-TCP_FORW: name:enp0s3: saddr:33561200: daddr:100932208
[  291.070621] AAAAA-TCP_FORW: name:enp0s3: saddr:16783984: daddr:100932208
[  291.136370] AAAAA-TCP_FORW: name:enp0s3: saddr:33561200: daddr:100932208
[  291.216719] AAAAA-TCP_FORW: name:enp0s3: saddr:16783984: daddr:100932208
[  291.407685] AAAAA-TCP_FORW: name:enp0s3: saddr:33561200: daddr:100932208
[  291.535591] AAAAA-TCP_FORW: name:enp0s3: saddr:33561200: daddr:100932208
[  291.676759] AAAAA-TCP_FORW: name:enp0s3: saddr:33561200: daddr:100932208
[  291.941660] AAAAA-TCP_FORW: name:enp0s3: saddr:33561200: daddr:100932208
[  292.172110] AAAAA-TCP_FORW: name:enp0s3: saddr:33561200: daddr:100932208
[  292.348018] AAAAA-TCP_FORW: name:enp0s3: saddr:16783984: daddr:100932208
[  292.431015] AAAAA-TCP_FORW: name:enp0s3: saddr:33561200: daddr:100932208
[  292.504854] AAAAA-TCP_FORW: name:enp0s3: saddr:16783984: daddr:100932208
[  292.562681] AAAAA-TCP_FORW: name:enp0s3: saddr:33561200: daddr:100932208
[  292.656971] AAAAA-TCP_FORW: name:enp0s3: saddr:33561200: daddr:100932208
[  292.792551] AAAAA-TCP_FORW: name:enp0s3: saddr:33561200: daddr:100932208
[  292.911509] AAAAA-TCP_FORW: name:enp0s3: saddr:33561200: daddr:100932208
[  293.116992] AAAAA-TCP_FORW: name:enp0s3: saddr:33561200: daddr:100932208
[  293.405154] AAAAA-TCP_FORW: name:enp0s3: saddr:33561200: daddr:100932208
[  293.461271] AAAAA-TCP_FORW: name:enp0s3: saddr:16783984: daddr:100932208
[  293.542712] AAAAA-TCP_FORW: name:enp0s3: saddr:16783984: daddr:100932208
[  293.618921] AAAAA-TCP_FORW: name:enp0s3: saddr:33561200: daddr:100932208
[  293.708038] AAAAA-TCP_FORW: name:enp0s3: saddr:33561200: daddr:100932208
[  293.799649] AAAAA-TCP_FORW: name:enp0s3: saddr:33561200: daddr:100932208
[  443.331600] rfkill: input handler enabled
[  452.321814] rfkill: input handler disabled
[  621.332552] device enp0s3 left promiscuous mode
