[    0.000000] Linux version 5.4.243-mptcp (root@ztg) (gcc version 12.2.0 (Debian 12.2.0-14+deb12u1)) #53 SMP Wed Dec 24 23:28:15 CST 2025
[    0.000000] Command line: BOOT_IMAGE=/boot/vmlinuz-5.4.243-mptcp root=UUID=98415a12-53b7-4144-8265-0f7ece09e445 ro quiet splash
[    0.000000] KERNEL supported cpus:
[    0.000000]   Intel GenuineIntel
[    0.000000]   AMD AuthenticAMD
[    0.000000]   Hygon HygonGenuine
[    0.000000]   Centaur CentaurHauls
[    0.000000]   zhaoxin   Shanghai  
[    0.000000] x86/fpu: Supporting XSAVE feature 0x001: 'x87 floating point registers'
[    0.000000] x86/fpu: Supporting XSAVE feature 0x002: 'SSE registers'
[    0.000000] x86/fpu: Supporting XSAVE feature 0x004: 'AVX registers'
[    0.000000] x86/fpu: xstate_offset[2]:  576, xstate_sizes[2]:  256
[    0.000000] x86/fpu: Enabled xstate features 0x7, context size is 832 bytes, using 'standard' format.
[    0.000000] BIOS-provided physical RAM map:
[    0.000000] BIOS-e820: [mem 0x0000000000000000-0x000000000009fbff] usable
[    0.000000] BIOS-e820: [mem 0x000000000009fc00-0x000000000009ffff] reserved
[    0.000000] BIOS-e820: [mem 0x00000000000f0000-0x00000000000fffff] reserved
[    0.000000] BIOS-e820: [mem 0x0000000000100000-0x000000007ffeffff] usable
[    0.000000] BIOS-e820: [mem 0x000000007fff0000-0x000000007fffffff] ACPI data
[    0.000000] BIOS-e820: [mem 0x00000000fec00000-0x00000000fec00fff] reserved
[    0.000000] BIOS-e820: [mem 0x00000000fee00000-0x00000000fee00fff] reserved
[    0.000000] BIOS-e820: [mem 0x00000000fffc0000-0x00000000ffffffff] reserved
[    0.000000] NX (Execute Disable) protection: active
[    0.000000] SMBIOS 2.5 present.
[    0.000000] DMI: innotek GmbH VirtualBox/VirtualBox, BIOS VirtualBox 12/01/2006
[    0.000000] Hypervisor detected: KVM
[    0.000000] kvm-clock: Using msrs 4b564d01 and 4b564d00
[    0.000000] kvm-clock: cpu 0, msr 3e201001, primary cpu clock
[    0.000000] kvm-clock: using sched offset of 4482824633 cycles
[    0.000003] clocksource: kvm-clock: mask: 0xffffffffffffffff max_cycles: 0x1cd42e4dffb, max_idle_ns: 881590591483 ns
[    0.000006] tsc: Detected 2100.000 MHz processor
[    0.001885] e820: update [mem 0x00000000-0x00000fff] usable ==> reserved
[    0.001886] e820: remove [mem 0x000a0000-0x000fffff] usable
[    0.001891] last_pfn = 0x7fff0 max_arch_pfn = 0x400000000
[    0.001959] MTRR default type: uncachable
[    0.001960] MTRR fixed ranges enabled:
[    0.001962]   00000-9FFFF write-back
[    0.001962]   A0000-BFFFF uncachable
[    0.001963]   C0000-FFFFF write-protect
[    0.001964] MTRR variable ranges enabled:
[    0.001965]   0 base 000000000000 mask 3FFF80000000 write-back
[    0.001966]   1 disabled
[    0.001966]   2 disabled
[    0.001967]   3 disabled
[    0.001967]   4 disabled
[    0.001968]   5 disabled
[    0.001968]   6 disabled
[    0.001968]   7 disabled
[    0.001969]   8 disabled
[    0.001969]   9 disabled
[    0.001970]   10 disabled
[    0.001970]   11 disabled
[    0.001971]   12 disabled
[    0.001971]   13 disabled
[    0.001971]   14 disabled
[    0.001972]   15 disabled
[    0.001989] x86/PAT: Configuration [0-7]: WB  WC  UC- UC  WB  WP  UC- WT  
[    0.002122] found SMP MP-table at [mem 0x0009fff0-0x0009ffff]
[    0.093784] check: Scanning 1 areas for low memory corruption
[    0.094095] RAMDISK: [mem 0x32271000-0x3512ffff]
[    0.094106] ACPI: Early table checksum verification disabled
[    0.094114] ACPI: RSDP 0x00000000000E0000 000024 (v02 VBOX  )
[    0.094120] ACPI: XSDT 0x000000007FFF0030 00003C (v01 VBOX   VBOXXSDT 00000001 ASL  00000061)
[    0.094128] ACPI: FACP 0x000000007FFF00F0 0000F4 (v04 VBOX   VBOXFACP 00000001 ASL  00000061)
[    0.094138] ACPI: DSDT 0x000000007FFF02E0 002353 (v02 VBOX   VBOXBIOS 00000002 VBOX 00029BF3)
[    0.094145] ACPI: FACS 0x000000007FFF0200 000040
[    0.094149] ACPI: FACS 0x000000007FFF0200 000040
[    0.094153] ACPI: APIC 0x000000007FFF0240 000054 (v02 VBOX   VBOXAPIC 00000001 ASL  00000061)
[    0.094158] ACPI: SSDT 0x000000007FFF02A0 000038 (v01 VBOX   VBOXCPUT 00000002 VBOX 00029BF3)
[    0.094164] ACPI: Reserving FACP table memory at [mem 0x7fff00f0-0x7fff01e3]
[    0.094165] ACPI: Reserving DSDT table memory at [mem 0x7fff02e0-0x7fff2632]
[    0.094166] ACPI: Reserving FACS table memory at [mem 0x7fff0200-0x7fff023f]
[    0.094180] ACPI: Reserving FACS table memory at [mem 0x7fff0200-0x7fff023f]
[    0.094181] ACPI: Reserving APIC table memory at [mem 0x7fff0240-0x7fff0293]
[    0.094182] ACPI: Reserving SSDT table memory at [mem 0x7fff02a0-0x7fff02d7]
[    0.094203] ACPI: Local APIC address 0xfee00000
[    0.094492] No NUMA configuration found
[    0.094494] Faking a node at [mem 0x0000000000000000-0x000000007ffeffff]
[    0.094508] NODE_DATA(0) allocated [mem 0x7ffc5000-0x7ffeffff]
[    0.094794] Zone ranges:
[    0.094795]   DMA      [mem 0x0000000000001000-0x0000000000ffffff]
[    0.094796]   DMA32    [mem 0x0000000001000000-0x000000007ffeffff]
[    0.094797]   Normal   empty
[    0.094798]   Device   empty
[    0.094799] Movable zone start for each node
[    0.094801] Early memory node ranges
[    0.094802]   node   0: [mem 0x0000000000001000-0x000000000009efff]
[    0.094803]   node   0: [mem 0x0000000000100000-0x000000007ffeffff]
[    0.094806] Zeroed struct page in unavailable ranges: 114 pages
[    0.094807] Initmem setup node 0 [mem 0x0000000000001000-0x000000007ffeffff]
[    0.094808] On node 0 totalpages: 524174
[    0.094810]   DMA zone: 64 pages used for memmap
[    0.094810]   DMA zone: 21 pages reserved
[    0.094811]   DMA zone: 3998 pages, LIFO batch:0
[    0.094885]   DMA32 zone: 8128 pages used for memmap
[    0.094885]   DMA32 zone: 520176 pages, LIFO batch:63
[    0.103797] ACPI: PM-Timer IO Port: 0x4008
[    0.103801] ACPI: Local APIC address 0xfee00000
[    0.103867] IOAPIC[0]: apic_id 1, version 32, address 0xfec00000, GSI 0-23
[    0.103871] ACPI: INT_SRC_OVR (bus 0 bus_irq 0 global_irq 2 dfl dfl)
[    0.103873] ACPI: INT_SRC_OVR (bus 0 bus_irq 9 global_irq 9 low level)
[    0.103875] ACPI: IRQ0 used by override.
[    0.103876] ACPI: IRQ9 used by override.
[    0.103878] Using ACPI (MADT) for SMP configuration information
[    0.103885] smpboot: Allowing 1 CPUs, 0 hotplug CPUs
[    0.103909] PM: Registered nosave memory: [mem 0x00000000-0x00000fff]
[    0.103910] PM: Registered nosave memory: [mem 0x0009f000-0x0009ffff]
[    0.103911] PM: Registered nosave memory: [mem 0x000a0000-0x000effff]
[    0.103911] PM: Registered nosave memory: [mem 0x000f0000-0x000fffff]
[    0.103913] [mem 0x80000000-0xfebfffff] available for PCI devices
[    0.103914] Booting paravirtualized kernel on KVM
[    0.103917] clocksource: refined-jiffies: mask: 0xffffffff max_cycles: 0xffffffff, max_idle_ns: 7645519600211568 ns
[    0.103921] setup_percpu: NR_CPUS:8192 nr_cpumask_bits:1 nr_cpu_ids:1 nr_node_ids:1
[    0.104916] percpu: Embedded 60 pages/cpu s208896 r8192 d28672 u2097152
[    0.104921] pcpu-alloc: s208896 r8192 d28672 u2097152 alloc=1*2097152
[    0.104922] pcpu-alloc: [0] 0 
[    0.104949] Built 1 zonelists, mobility grouping on.  Total pages: 515961
[    0.104950] Policy zone: DMA32
[    0.104951] Kernel command line: BOOT_IMAGE=/boot/vmlinuz-5.4.243-mptcp root=UUID=98415a12-53b7-4144-8265-0f7ece09e445 ro quiet splash
[    0.105791] Dentry cache hash table entries: 262144 (order: 9, 2097152 bytes, linear)
[    0.106054] Inode-cache hash table entries: 131072 (order: 8, 1048576 bytes, linear)
[    0.106104] mem auto-init: stack:off, heap alloc:on, heap free:off
[    0.106106] Calgary: detecting Calgary via BIOS EBDA area
[    0.106108] Calgary: Unable to locate Rio Grande table in EBDA - bailing!
[    0.110111] Memory: 1967332K/2096696K available (14339K kernel code, 2398K rwdata, 4712K rodata, 2728K init, 17260K bss, 129364K reserved, 0K cma-reserved)
[    0.111046] SLUB: HWalign=64, Order=0-3, MinObjects=0, CPUs=1, Nodes=1
[    0.111062] ftrace: allocating 43186 entries in 169 pages
[    0.129117] rcu: Hierarchical RCU implementation.
[    0.129118] rcu: 	RCU restricting CPUs from NR_CPUS=8192 to nr_cpu_ids=1.
[    0.129119] 	Tasks RCU enabled.
[    0.129120] rcu: RCU calculated value of scheduler-enlistment delay is 25 jiffies.
[    0.129121] rcu: Adjusting geometry for rcu_fanout_leaf=16, nr_cpu_ids=1
[    0.132083] NR_IRQS: 524544, nr_irqs: 256, preallocated irqs: 16
[    0.132320] random: crng init done
[    0.142199] Console: colour VGA+ 80x25
[    0.142203] printk: console [tty0] enabled
[    0.142226] ACPI: Core revision 20190816
[    0.142327] APIC: Switch to symmetric I/O mode setup
[    0.142577] x2apic enabled
[    0.142817] Switched APIC routing to physical x2apic.
[    0.143954] ..TIMER: vector=0x30 apic1=0 pin1=2 apic2=-1 pin2=-1
[    0.143978] clocksource: tsc-early: mask: 0xffffffffffffffff max_cycles: 0x1e4530a99b6, max_idle_ns: 440795257976 ns
[    0.143983] Calibrating delay loop (skipped) preset value.. 4200.00 BogoMIPS (lpj=8400000)
[    0.143985] pid_max: default: 32768 minimum: 301
[    0.144013] LSM: Security Framework initializing
[    0.144022] Yama: becoming mindful.
[    0.144048] AppArmor: AppArmor initialized
[    0.144082] Mount-cache hash table entries: 4096 (order: 3, 32768 bytes, linear)
[    0.144087] Mountpoint-cache hash table entries: 4096 (order: 3, 32768 bytes, linear)
[    0.144097] *** VALIDATE tmpfs ***
[    0.144225] *** VALIDATE proc ***
[    0.144267] *** VALIDATE cgroup1 ***
[    0.144268] *** VALIDATE cgroup2 ***
[    0.144409] process: using mwait in idle threads
[    0.144414] Last level iTLB entries: 4KB 64, 2MB 8, 4MB 8
[    0.144414] Last level dTLB entries: 4KB 64, 2MB 0, 4MB 0, 1GB 4
[    0.144436] Spectre V1 : Mitigation: usercopy/swapgs barriers and __user pointer sanitization
[    0.144442] Spectre V2 : Mitigation: Retpolines
[    0.144442] Spectre V2 : Spectre v2 / SpectreRSB mitigation: Filling RSB on context switch
[    0.144443] Spectre V2 : Spectre v2 / SpectreRSB : Filling RSB on VMEXIT
[    0.144443] RETBleed: WARNING: Spectre v2 mitigation leaves CPU vulnerable to RETBleed attacks, data leaks possible!
[    0.144795] RETBleed: Vulnerable
[    0.144796] Speculative Store Bypass: Vulnerable
[    0.144801] TAA: Mitigation: TSX disabled
[    0.144801] MMIO Stale Data: Mitigation: Clear CPU buffers
[    0.148986] Freeing SMP alternatives memory: 40K
[    0.260940] smpboot: CPU0: Intel(R) Xeon(R) Silver 4216 CPU @ 2.10GHz (family: 0x6, model: 0x55, stepping: 0x7)
[    0.261091] Performance Events: unsupported p6 CPU model 85 no PMU driver, software events only.
[    0.261130] rcu: Hierarchical SRCU implementation.
[    0.261625] NMI watchdog: Perf NMI watchdog permanently disabled
[    0.261664] smp: Bringing up secondary CPUs ...
[    0.261665] smp: Brought up 1 node, 1 CPU
[    0.261666] smpboot: Max logical packages: 1
[    0.261667] smpboot: Total of 1 processors activated (4200.00 BogoMIPS)
[    0.262643] devtmpfs: initialized
[    0.262690] x86/mm: Memory block size: 128MB
[    0.263035] clocksource: jiffies: mask: 0xffffffff max_cycles: 0xffffffff, max_idle_ns: 7645041785100000 ns
[    0.263041] futex hash table entries: 256 (order: 2, 16384 bytes, linear)
[    0.263084] pinctrl core: initialized pinctrl subsystem
[    0.263186] PM: RTC time: 19:40:15, date: 2026-01-18
[    0.263292] NET: Registered protocol family 16
[    0.263365] audit: initializing netlink subsys (disabled)
[    0.263503] EISA bus registered
[    0.263505] cpuidle: using governor ladder
[    0.263505] cpuidle: using governor menu
[    0.263542] ACPI: bus type PCI registered
[    0.263543] acpiphp: ACPI Hot Plug PCI Controller Driver version: 0.5
[    0.263645] PCI: Using configuration type 1 for base access
[    0.264316] audit: type=2000 audit(1768736421.603:1): state=initialized audit_enabled=0 res=1
[    0.264396] HugeTLB registered 2.00 MiB page size, pre-allocated 0 pages
[    0.265205] ACPI: Added _OSI(Module Device)
[    0.265206] ACPI: Added _OSI(Processor Device)
[    0.265207] ACPI: Added _OSI(3.0 _SCP Extensions)
[    0.265207] ACPI: Added _OSI(Processor Aggregator Device)
[    0.265209] ACPI: Added _OSI(Linux-Dell-Video)
[    0.265209] ACPI: Added _OSI(Linux-Lenovo-NV-HDMI-Audio)
[    0.265210] ACPI: Added _OSI(Linux-HPI-Hybrid-Graphics)
[    0.267178] ACPI: 2 ACPI AML tables successfully acquired and loaded
[    0.267980] ACPI: Interpreter enabled
[    0.267980] ACPI: (supports S0 S5)
[    0.267980] ACPI: Using IOAPIC for interrupt routing
[    0.267980] PCI: Using host bridge windows from ACPI; if necessary, use "pci=nocrs" and report a bug
[    0.267980] ACPI: Enabled 2 GPEs in block 00 to 07
[    0.275171] ACPI: PCI Root Bridge [PCI0] (domain 0000 [bus 00-ff])
[    0.275176] acpi PNP0A03:00: _OSC: OS supports [ASPM ClockPM Segments MSI HPX-Type3]
[    0.275631] acpi PNP0A03:00: _OSC: not requesting OS control; OS requires [ExtendedConfig ASPM ClockPM MSI]
[    0.275639] acpi PNP0A03:00: fail to add MMCONFIG information, can't access extended PCI configuration space under this bridge.
[    0.276055] PCI host bridge to bus 0000:00
[    0.276057] pci_bus 0000:00: root bus resource [io  0x0000-0x0cf7 window]
[    0.276058] pci_bus 0000:00: root bus resource [io  0x0d00-0xffff window]
[    0.276059] pci_bus 0000:00: root bus resource [mem 0x000a0000-0x000bffff window]
[    0.276061] pci_bus 0000:00: root bus resource [mem 0x80000000-0xfdffffff window]
[    0.276062] pci_bus 0000:00: root bus resource [bus 00-ff]
[    0.276103] pci 0000:00:00.0: [8086:1237] type 00 class 0x060000
[    0.277050] pci 0000:00:01.0: [8086:7000] type 00 class 0x060100
[    0.277806] pci 0000:00:01.1: [8086:7111] type 00 class 0x01018a
[    0.278183] pci 0000:00:01.1: reg 0x20: [io  0xd000-0xd00f]
[    0.278338] pci 0000:00:01.1: legacy IDE quirk: reg 0x10: [io  0x01f0-0x01f7]
[    0.278339] pci 0000:00:01.1: legacy IDE quirk: reg 0x14: [io  0x03f6]
[    0.278340] pci 0000:00:01.1: legacy IDE quirk: reg 0x18: [io  0x0170-0x0177]
[    0.278340] pci 0000:00:01.1: legacy IDE quirk: reg 0x1c: [io  0x0376]
[    0.278875] pci 0000:00:02.0: [15ad:0405] type 00 class 0x030000
[    0.281891] pci 0000:00:02.0: reg 0x10: [io  0xd010-0xd01f]
[    0.284027] pci 0000:00:02.0: reg 0x14: [mem 0xe0000000-0xe7ffffff pref]
[    0.288025] pci 0000:00:02.0: reg 0x18: [mem 0xf0000000-0xf01fffff]
[    0.297099] pci 0000:00:03.0: [1022:2000] type 00 class 0x020000
[    0.300128] pci 0000:00:03.0: reg 0x10: [io  0xd020-0xd03f]
[    0.300830] pci 0000:00:03.0: reg 0x14: [mem 0xf0200000-0xf0200fff]
[    0.304476] pci 0000:00:04.0: [80ee:cafe] type 00 class 0x088000
[    0.305148] pci 0000:00:04.0: reg 0x10: [io  0xd040-0xd05f]
[    0.305758] pci 0000:00:04.0: reg 0x14: [mem 0xf0400000-0xf07fffff]
[    0.306366] pci 0000:00:04.0: reg 0x18: [mem 0xf0800000-0xf0803fff pref]
[    0.309892] pci 0000:00:07.0: [8086:7113] type 00 class 0x068000
[    0.310438] pci 0000:00:07.0: quirk: [io  0x4000-0x403f] claimed by PIIX4 ACPI
[    0.310451] pci 0000:00:07.0: quirk: [io  0x4100-0x410f] claimed by PIIX4 SMB
[    0.311065] pci 0000:00:08.0: [8086:100e] type 00 class 0x020000
[    0.311781] pci 0000:00:08.0: reg 0x10: [mem 0xf0820000-0xf083ffff]
[    0.312652] pci 0000:00:08.0: reg 0x18: [io  0xd060-0xd067]
[    0.316050] pci 0000:00:09.0: [8086:100e] type 00 class 0x020000
[    0.316752] pci 0000:00:09.0: reg 0x10: [mem 0xf0840000-0xf085ffff]
[    0.317898] pci 0000:00:09.0: reg 0x18: [io  0xd068-0xd06f]
[    0.328850] ACPI: PCI Interrupt Link [LNKA] (IRQs 5 9 10 *11)
[    0.329138] ACPI: PCI Interrupt Link [LNKB] (IRQs 5 9 *10 11)
[    0.329247] ACPI: PCI Interrupt Link [LNKC] (IRQs 5 *9 10 11)
[    0.329350] ACPI: PCI Interrupt Link [LNKD] (IRQs 5 9 10 *11)
[    0.329621] iommu: Default domain type: Translated 
[    0.329681] pci 0000:00:02.0: vgaarb: setting as boot VGA device
[    0.329683] pci 0000:00:02.0: vgaarb: VGA device added: decodes=io+mem,owns=io+mem,locks=none
[    0.329685] pci 0000:00:02.0: vgaarb: bridge control possible
[    0.329686] vgaarb: loaded
[    0.329894] SCSI subsystem initialized
[    0.329925] libata version 3.00 loaded.
[    0.329949] ACPI: bus type USB registered
[    0.329965] usbcore: registered new interface driver usbfs
[    0.329971] usbcore: registered new interface driver hub
[    0.329976] usbcore: registered new device driver usb
[    0.330005] pps_core: LinuxPPS API ver. 1 registered
[    0.330006] pps_core: Software ver. 5.3.6 - Copyright 2005-2007 Rodolfo Giometti <giometti@linux.it>
[    0.330008] PTP clock support registered
[    0.330044] EDAC MC: Ver: 3.0.0
[    0.330327] PCI: Using ACPI for IRQ routing
[    0.330328] PCI: pci_cache_line_size set to 64 bytes
[    0.330501] e820: reserve RAM buffer [mem 0x0009fc00-0x0009ffff]
[    0.330505] e820: reserve RAM buffer [mem 0x7fff0000-0x7fffffff]
[    0.331291] NetLabel: Initializing
[    0.331291] NetLabel:  domain hash size = 128
[    0.331292] NetLabel:  protocols = UNLABELED CIPSOv4 CALIPSO
[    0.331312] NetLabel:  unlabeled traffic allowed by default
[    0.332272] clocksource: Switched to clocksource kvm-clock
[    0.347227] *** VALIDATE bpf ***
[    0.347288] VFS: Disk quotas dquot_6.6.0
[    0.347300] VFS: Dquot-cache hash table entries: 512 (order 0, 4096 bytes)
[    0.347323] *** VALIDATE ramfs ***
[    0.347326] *** VALIDATE hugetlbfs ***
[    0.347410] AppArmor: AppArmor Filesystem Enabled
[    0.347438] pnp: PnP ACPI init
[    0.347509] pnp 00:00: Plug and Play ACPI device, IDs PNP0303 (active)
[    0.347601] pnp 00:01: Plug and Play ACPI device, IDs PNP0f03 (active)
[    0.348372] pnp: PnP ACPI: found 2 devices
[    0.349328] thermal_sys: Registered thermal governor 'fair_share'
[    0.349329] thermal_sys: Registered thermal governor 'bang_bang'
[    0.349330] thermal_sys: Registered thermal governor 'step_wise'
[    0.349330] thermal_sys: Registered thermal governor 'user_space'
[    0.349331] thermal_sys: Registered thermal governor 'power_allocator'
[    0.353844] clocksource: acpi_pm: mask: 0xffffff max_cycles: 0xffffff, max_idle_ns: 2085701024 ns
[    0.353887] pci_bus 0000:00: resource 4 [io  0x0000-0x0cf7 window]
[    0.353888] pci_bus 0000:00: resource 5 [io  0x0d00-0xffff window]
[    0.353889] pci_bus 0000:00: resource 6 [mem 0x000a0000-0x000bffff window]
[    0.353890] pci_bus 0000:00: resource 7 [mem 0x80000000-0xfdffffff window]
[    0.353951] NET: Registered protocol family 2
[    0.354025] IP idents hash table entries: 32768 (order: 6, 262144 bytes, linear)
[    0.354439] MPTCP tokens hash table entries: 8192 (order: 4, 65536 bytes, linear)
[    0.354459] MPTCP request tokens hash table entries: 8192 (order: 4, 65536 bytes, linear)
[    0.354485] default registered
[    0.354485] default registered
[    0.354485] MPTCP: Stable release v0.96
[    0.354491] tcp_listen_portaddr_hash hash table entries: 1024 (order: 2, 16384 bytes, linear)
[    0.354571] TCP established hash table entries: 16384 (order: 5, 131072 bytes, linear)
[    0.354638] TCP bind hash table entries: 16384 (order: 6, 262144 bytes, linear)
[    0.354663] TCP: Hash tables configured (established 16384 bind 16384)
[    0.355372] UDP hash table entries: 1024 (order: 3, 32768 bytes, linear)
[    0.355383] UDP-Lite hash table entries: 1024 (order: 3, 32768 bytes, linear)
[    0.355419] NET: Registered protocol family 1
[    0.355428] NET: Registered protocol family 44
[    0.355450] pci 0000:00:00.0: Limiting direct PCI/PCI transfers
[    0.355463] pci 0000:00:01.0: Activating ISA DMA hang workarounds
[    0.355522] pci 0000:00:02.0: Video device with shadowed ROM at [mem 0x000c0000-0x000dffff]
[    0.355587] PCI: CLS 0 bytes, default 64
[    0.355637] Trying to unpack rootfs image as initramfs...
[    0.531709] Freeing initrd memory: 47868K
[    0.531709] clocksource: tsc: mask: 0xffffffffffffffff max_cycles: 0x1e4530a99b6, max_idle_ns: 440795257976 ns
[    0.531709] clocksource: Switched to clocksource tsc
[    0.531709] platform rtc_cmos: registered platform RTC device (no PNP device found)
[    0.531709] check: Scanning for low memory corruption every 60 seconds
[    0.531709] Initialise system trusted keyrings
[    0.531709] Key type blacklist registered
[    0.531709] workingset: timestamp_bits=36 max_order=19 bucket_order=0
[    0.531709] zbud: loaded
[    0.531709] squashfs: version 4.0 (2009/01/31) Phillip Lougher
[    0.531709] fuse: init (API version 7.31)
[    0.531709] *** VALIDATE fuse ***
[    0.531709] *** VALIDATE fuse ***
[    0.531709] Platform Keyring initialized
[    0.531709] Key type asymmetric registered
[    0.531709] Asymmetric key parser 'x509' registered
[    0.531709] Block layer SCSI generic (bsg) driver version 0.4 loaded (major 244)
[    0.531709] io scheduler mq-deadline registered
[    0.531709] shpchp: Standard Hot Plug PCI Controller Driver version: 0.4
[    0.545648] ACPI: AC Adapter [AC] (on-line)
[    0.545695] input: Power Button as /devices/LNXSYSTM:00/LNXPWRBN:00/input/input0
[    0.545721] ACPI: Power Button [PWRF]
[    0.545803] input: Sleep Button as /devices/LNXSYSTM:00/LNXSLPBN:00/input/input1
[    0.545818] ACPI: Sleep Button [SLPF]
[    0.546057] Serial: 8250/16550 driver, 32 ports, IRQ sharing enabled
[    0.547246] Linux agpgart interface v0.103
[    0.635745] loop: module loaded
[    0.635988] ata_piix 0000:00:01.1: version 2.13
[    0.636704] scsi host0: ata_piix
[    0.636860] scsi host1: ata_piix
[    0.636908] ata1: PATA max UDMA/33 cmd 0x1f0 ctl 0x3f6 bmdma 0xd000 irq 14
[    0.636910] ata2: PATA max UDMA/33 cmd 0x170 ctl 0x376 bmdma 0xd008 irq 15
[    0.637044] tun: Universal TUN/TAP device driver, 1.6
[    0.637563] PPP generic driver version 2.4.2
[    0.637641] VFIO - User Level meta-driver version: 0.3
[    0.638046] ehci_hcd: USB 2.0 'Enhanced' Host Controller (EHCI) Driver
[    0.638054] ehci-pci: EHCI PCI platform driver
[    0.638079] ehci-platform: EHCI generic platform driver
[    0.638090] ohci_hcd: USB 1.1 'Open' Host Controller (OHCI) Driver
[    0.638093] ohci-pci: OHCI PCI platform driver
[    0.638107] ohci-platform: OHCI generic platform driver
[    0.638115] uhci_hcd: USB Universal Host Controller Interface driver
[    0.638221] i8042: PNP: PS/2 Controller [PNP0303:PS2K,PNP0f03:PS2M] at 0x60,0x64 irq 1,12
[    0.638935] serio: i8042 KBD port at 0x60,0x64 irq 1
[    0.638942] serio: i8042 AUX port at 0x60,0x64 irq 12
[    0.639101] mousedev: PS/2 mouse device common for all mice
[    0.639556] input: AT Translated Set 2 keyboard as /devices/platform/i8042/serio0/input/input2
[    0.640271] rtc_cmos rtc_cmos: registered as rtc0
[    0.640294] rtc_cmos rtc_cmos: alarms up to one day, 114 bytes nvram
[    0.640303] i2c /dev entries driver
[    0.640377] device-mapper: uevent: version 1.0.3
[    0.640454] device-mapper: ioctl: 4.41.0-ioctl (2019-09-16) initialised: dm-devel@redhat.com
[    0.640482] platform eisa.0: Probing EISA bus 0
[    0.640484] platform eisa.0: EISA: Cannot allocate resource for mainboard
[    0.640487] platform eisa.0: Cannot allocate resource for EISA slot 1
[    0.640489] platform eisa.0: Cannot allocate resource for EISA slot 2
[    0.640491] platform eisa.0: Cannot allocate resource for EISA slot 3
[    0.640492] platform eisa.0: Cannot allocate resource for EISA slot 4
[    0.640494] platform eisa.0: Cannot allocate resource for EISA slot 5
[    0.640496] platform eisa.0: Cannot allocate resource for EISA slot 6
[    0.640498] platform eisa.0: Cannot allocate resource for EISA slot 7
[    0.640500] platform eisa.0: Cannot allocate resource for EISA slot 8
[    0.640502] platform eisa.0: EISA: Detected 0 cards
[    0.640506] intel_pstate: CPU model not supported
[    0.640520] ledtrig-cpu: registered to indicate activity on CPUs
[    0.640602] drop_monitor: Initializing network drop monitor service
[    0.640890] NET: Registered protocol family 10
[    0.648282] Segment Routing with IPv6
[    0.648282] fullmesh registered
[    0.648282] ndiffports registered
[    0.648282] binder registered
[    0.648282] roundrobin registered
[    0.648282] redundant registered
[    0.648282] blest registered
[    0.648282] ecf registered
[    0.648282] NET: Registered protocol family 17
[    0.648282] Key type dns_resolver registered
[    0.648282] RAS: Correctable Errors collector initialized.
[    0.648282] IPI shorthand broadcast: enabled
[    0.648282] sched_clock: Marking stable (632609231, 11673698)->(643684228, 598701)
[    0.650652] registered taskstats version 1
[    0.650666] Loading compiled-in X.509 certificates
[    0.651804] Loaded X.509 cert 'Build time autogenerated kernel key: 6909f3744cebb3d0de528d5887b96a727de79b1e'
[    0.651832] zswap: loaded using pool lzo/zbud
[    0.651928] Key type ._fscrypt registered
[    0.651929] Key type .fscrypt registered
[    0.660144] Key type big_key registered
[    0.664028] Key type encrypted registered
[    0.664032] AppArmor: AppArmor sha1 policy hashing enabled
[    0.664043] ima: No TPM chip found, activating TPM-bypass!
[    0.664049] ima: Allocated hash algorithm: sha1
[    0.664057] ima: No architecture policies found
[    0.664072] evm: Initialising EVM extended attributes:
[    0.664073] evm: security.selinux
[    0.664074] evm: security.SMACK64
[    0.664074] evm: security.SMACK64EXEC
[    0.664075] evm: security.SMACK64TRANSMUTE
[    0.664076] evm: security.SMACK64MMAP
[    0.664076] evm: security.apparmor
[    0.664077] evm: security.ima
[    0.664078] evm: security.capability
[    0.664079] evm: HMAC attrs: 0x1
[    0.664532] PM:   Magic number: 10:470:698
[    0.664711] rtc_cmos rtc_cmos: setting system clock to 2026-01-18T19:40:16 UTC (1768765216)
[    0.807565] ata1.00: ATA-6: VBOX HARDDISK, 1.0, max UDMA/133
[    0.807567] ata1.00: 209715200 sectors, multi 128: LBA 
[    0.808038] scsi 0:0:0:0: Direct-Access     ATA      VBOX HARDDISK    1.0  PQ: 0 ANSI: 5
[    0.808226] sd 0:0:0:0: [sda] 209715200 512-byte logical blocks: (107 GB/100 GiB)
[    0.808234] sd 0:0:0:0: [sda] Write Protect is off
[    0.808236] sd 0:0:0:0: [sda] Mode Sense: 00 3a 00 00
[    0.808247] sd 0:0:0:0: [sda] Write cache: enabled, read cache: enabled, doesn't support DPO or FUA
[    0.808452] sd 0:0:0:0: Attached scsi generic sg0 type 0
[    0.809087]  sda: sda1 sda2
[    0.819791] sd 0:0:0:0: [sda] Attached SCSI disk
[    0.821760] Freeing unused decrypted memory: 2040K
[    0.822470] Freeing unused kernel image memory: 2728K
[    0.822472] Write protecting the kernel read-only data: 22528k
[    0.823176] Freeing unused kernel image memory: 2036K
[    0.823576] Freeing unused kernel image memory: 1432K
[    0.838197] x86/mm: Checked W+X mappings: passed, no W+X pages found.
[    0.838201] Run /init as init process
[    0.943433] ACPI: Video Device [GFX0] (multi-head: yes  rom: no  post: no)
[    0.943506] input: Video Bus as /devices/LNXSYSTM:00/LNXSYBUS:00/PNP0A03:00/LNXVIDEO:00/input/input4
[    0.956358] pcnet32: pcnet32.c:v1.35 21.Apr.2008 tsbogend@alpha.franken.de
[    0.957264] pcnet32: PCnet/FAST III 79C973 at 0xd020, 08:00:27:01:a3:7c assigned IRQ 19
[    0.957307] pcnet32: Found PHY 0022:561b at address 0
[    0.957610] pcnet32: eth0: registered as PCnet/FAST III 79C973
[    0.958163] pcnet32: 1 cards_found
[    0.959602] piix4_smbus 0000:00:07.0: SMBus Host Controller at 0x4100, revision 0
[    0.963742] e1000: Intel(R) PRO/1000 Network Driver - version 7.3.21-k8-NAPI
[    0.963742] e1000: Copyright (c) 1999-2006 Intel Corporation.
[    1.034865] pcnet32 0000:00:03.0 enp0s3: renamed from eth0
[    1.177112] input: ImExPS/2 Generic Explorer Mouse as /devices/platform/i8042/serio1/input/input5
[    1.372071] e1000 0000:00:08.0 eth0: (PCI:33MHz:32-bit) 08:00:27:d1:09:56
[    1.372076] e1000 0000:00:08.0 eth0: Intel(R) PRO/1000 Network Connection
[    1.744167] e1000 0000:00:09.0 eth1: (PCI:33MHz:32-bit) 08:00:27:ba:88:a1
[    1.744170] e1000 0000:00:09.0 eth1: Intel(R) PRO/1000 Network Connection
[    1.745393] e1000 0000:00:09.0 enp0s9: renamed from eth1
[    1.747193] e1000 0000:00:08.0 enp0s8: renamed from eth0
[    1.902832] EXT4-fs (sda2): mounted filesystem with ordered data mode. Opts: (null)
[    1.986198] systemd[1]: Inserted module 'autofs4'
[    1.998284] systemd[1]: systemd 245.4-4ubuntu3 running in system mode. (+PAM +AUDIT +SELINUX +IMA +APPARMOR +SMACK +SYSVINIT +UTMP +LIBCRYPTSETUP +GCRYPT +GNUTLS +ACL +XZ +LZ4 +SECCOMP +BLKID +ELFUTILS +KMOD +IDN2 -IDN +PCRE2 default-hierarchy=hybrid)
[    1.998315] systemd[1]: Detected virtualization oracle.
[    1.998319] systemd[1]: Detected architecture x86-64.
[    1.999636] systemd[1]: Set hostname to <ztg>.
[    2.126170] systemd[1]: /lib/systemd/system/dbus.socket:5: ListenStream= references a path below legacy directory /var/run/, updating /var/run/dbus/system_bus_socket â†’ /run/dbus/system_bus_socket; please update the unit file accordingly.
[    2.179189] systemd[1]: Created slice system-modprobe.slice.
[    2.179375] systemd[1]: Created slice User and Session Slice.
[    2.179422] systemd[1]: Started Forward Password Requests to Wall Directory Watch.
[    2.179585] systemd[1]: Set up automount Arbitrary Executable File Formats File System Automount Point.
[    2.179619] systemd[1]: Reached target User and Group Name Lookups.
[    2.179627] systemd[1]: Reached target Remote File Systems.
[    2.179635] systemd[1]: Reached target Slices.
[    2.180237] systemd[1]: Listening on Syslog Socket.
[    2.180308] systemd[1]: Listening on fsck to fsckd communication Socket.
[    2.180346] systemd[1]: Listening on initctl Compatibility Named Pipe.
[    2.180484] systemd[1]: Listening on Journal Audit Socket.
[    2.180536] systemd[1]: Listening on Journal Socket (/dev/log).
[    2.180607] systemd[1]: Listening on Journal Socket.
[    2.180670] systemd[1]: Listening on udev Control Socket.
[    2.180709] systemd[1]: Listening on udev Kernel Socket.
[    2.181467] systemd[1]: Mounting Huge Pages File System...
[    2.182396] systemd[1]: Mounting POSIX Message Queue File System...
[    2.183277] systemd[1]: Mounting Kernel Debug File System...
[    2.184193] systemd[1]: Mounting Kernel Trace File System...
[    2.186098] systemd[1]: Starting Journal Service...
[    2.211095] systemd[1]: Starting Set the console keyboard layout...
[    2.218964] systemd[1]: Starting Create list of static device nodes for the current kernel...
[    2.220976] systemd[1]: Starting Load Kernel Module drm...
[    2.221987] systemd[1]: Condition check resulted in Set Up Additional Binary Formats being skipped.
[    2.222036] systemd[1]: Condition check resulted in File System Check on Root Device being skipped.
[    2.233507] systemd[1]: Starting Load Kernel Modules...
[    2.243631] systemd[1]: Starting Remount Root and Kernel File Systems...
[    2.251049] systemd[1]: Starting udev Coldplug all Devices...
[    2.262946] systemd[1]: Starting Uncomplicated firewall...
[    2.264584] systemd[1]: Mounted Huge Pages File System.
[    2.264672] systemd[1]: Mounted POSIX Message Queue File System.
[    2.264741] systemd[1]: Mounted Kernel Debug File System.
[    2.264809] systemd[1]: Mounted Kernel Trace File System.
[    2.265899] EXT4-fs (sda2): re-mounted. Opts: errors=remount-ro
[    2.304704] systemd[1]: Finished Create list of static device nodes for the current kernel.
[    2.305657] systemd[1]: modprobe@drm.service: Succeeded.
[    2.312043] systemd[1]: Finished Load Kernel Module drm.
[    2.312725] systemd[1]: Finished Remount Root and Kernel File Systems.
[    2.313643] systemd[1]: Finished Uncomplicated firewall.
[    2.315398] lp: driver loaded but no devices found
[    2.328799] systemd[1]: Condition check resulted in Rebuild Hardware Database being skipped.
[    2.328837] systemd[1]: Condition check resulted in Platform Persistent Storage Archival being skipped.
[    2.329543] systemd[1]: Starting Load/Save Random Seed...
[    2.331648] ppdev: user-space parallel port driver
[    2.338586] systemd[1]: Starting Create System Users...
[    2.349751] systemd[1]: Finished Load/Save Random Seed.
[    2.357824] systemd[1]: Finished Create System Users.
[    2.358588] systemd[1]: Starting Create Static Device Nodes in /dev...
[    2.389159] systemd[1]: Finished Create Static Device Nodes in /dev.
[    2.390033] systemd[1]: Starting udev Kernel Device Manager...
[    2.404615] [drm] DMA map mode: Caching DMA mappings.
[    2.404680] [drm] Capabilities:
[    2.404680] [drm]   Rect copy.
[    2.404681] [drm]   Cursor.
[    2.404681] [drm]   Cursor bypass.
[    2.404681] [drm]   Cursor bypass 2.
[    2.404682] [drm]   Alpha cursor.
[    2.404682] [drm]   Extended Fifo.
[    2.404682] [drm]   Pitchlock.
[    2.404683] [drm]   Irq mask.
[    2.404683] [drm]   GMR.
[    2.404683] [drm]   Traces.
[    2.404684] [drm]   GMR2.
[    2.404684] [drm]   Screen Object 2.
[    2.404684] [drm]   Command Buffers.
[    2.404685] [drm]   Command Buffers 2.
[    2.404685] [drm]   Guest Backed Resources.
[    2.404686] [drm] Max GMR ids is 8192
[    2.404687] [drm] Max number of GMR pages is 1048576
[    2.404687] [drm] Max dedicated hypervisor surface memory is 393216 kiB
[    2.404688] [drm] Maximum display memory size is 131072 kiB
[    2.404689] [drm] VRAM at 0xe0000000 size is 131072 kiB
[    2.404689] [drm] MMIO at 0xf0000000 size is 2048 kiB
[    2.418009] [TTM] Zone  kernel: Available graphics memory: 1011738 KiB
[    2.418010] [TTM] Initializing pool allocator
[    2.418014] [TTM] Initializing DMA pool allocator
[    2.418076] [drm] Supports vblank timestamp caching Rev 2 (21.10.2013).
[    2.418076] [drm] No driver support for vblank timestamp query.
[    2.418309] [drm] Screen Target Display device initialized
[    2.418537] [drm] width 720
[    2.418546] [drm] height 400
[    2.418550] [drm] bpp 32
[    2.419136] [drm] Fifo max 0x00200000 min 0x00001000 cap 0x00000355
[    2.420202] [drm] Using command buffers with DMA pool.
[    2.420205] [drm] DX: no.
[    2.420205] [drm] Atomic: yes.
[    2.420206] [drm] SM4_1: no.
[    2.420225] [drm:vmw_host_log [vmwgfx]] *ERROR* Failed to send host log message.
[    2.423939] [drm:vmw_host_log [vmwgfx]] *ERROR* Failed to send host log message.
[    2.425316] systemd[1]: Finished udev Coldplug all Devices.
[    2.439901] fbcon: svgadrmfb (fb0) is primary device
[    2.442009] Console: switching to colour frame buffer device 100x37
[    2.456170] [drm] Initialized vmwgfx 2.15.0 20180704 for 0000:00:02.0 on minor 0
[    2.457455] systemd[1]: Finished Load Kernel Modules.
[    2.458359] systemd[1]: Mounting FUSE Control File System...
[    2.459524] systemd[1]: Mounting Kernel Configuration File System...
[    2.464559] systemd[1]: Starting Apply Kernel Variables...
[    2.504718] systemd[1]: Mounted FUSE Control File System.
[    2.504798] systemd[1]: Condition check resulted in VMware vmblock fuse mount being skipped.
[    2.508829] systemd[1]: Mounted Kernel Configuration File System.
[    2.515120] systemd[1]: Finished Set the console keyboard layout.
[    2.515220] systemd[1]: Reached target Local File Systems (Pre).
[    2.517557] systemd[1]: Mounting Mount unit for bare, revision 5...
[    2.519581] systemd[1]: Mounting Mount unit for core18, revision 1705...
[    2.535258] systemd[1]: Mounting Mount unit for gnome-3-34-1804, revision 24...
[    2.541313] systemd[1]: Mounting Mount unit for gtk-common-themes, revision 1506...
[    2.561583] systemd[1]: Mounting Mount unit for gtk-common-themes, revision 1535...
[    2.570691] systemd[1]: Mounting Mount unit for snap-store, revision 433...
[    2.577631] systemd[1]: Mounting Mount unit for snapd, revision 7264...
[    2.597137] systemd[1]: Finished Apply Kernel Variables.
[    2.597301] systemd[1]: Mounted Mount unit for bare, revision 5.
[    2.597386] systemd[1]: Mounted Mount unit for core18, revision 1705.
[    2.597461] systemd[1]: Mounted Mount unit for gnome-3-34-1804, revision 24.
[    2.614055] systemd[1]: Mounted Mount unit for gtk-common-themes, revision 1506.
[    2.615810] systemd[1]: Started udev Kernel Device Manager.
[    2.616592] systemd[1]: Starting Show Plymouth Boot Screen...
[    2.625336] systemd[1]: Mounted Mount unit for gtk-common-themes, revision 1535.
[    2.625427] systemd[1]: Received SIGRTMIN+20 from PID 281 (plymouthd).
[    2.654229] systemd[1]: Mounted Mount unit for snap-store, revision 433.
[    2.656035] systemd[1]: Mounted Mount unit for snapd, revision 7264.
[    2.656221] systemd[1]: Started Show Plymouth Boot Screen.
[    2.656399] systemd[1]: Condition check resulted in Dispatch Password Requests to Console Directory Watch being skipped.
[    2.656498] systemd[1]: Started Forward Password Requests to Plymouth Directory Watch.
[    2.656562] systemd[1]: Reached target Local Encrypted Volumes.
[    2.656617] systemd[1]: Reached target Local File Systems.
[    2.657404] systemd[1]: Starting Load AppArmor profiles...
[    2.659864] systemd[1]: Starting Set console font and keymap...
[    2.671025] systemd[1]: Starting Tell Plymouth To Write Out Runtime Data...
[    2.676281] systemd[1]: Condition check resulted in Store a System Token in an EFI Variable being skipped.
[    2.676313] systemd[1]: Condition check resulted in Commit a transient machine-id on disk being skipped.
[    2.677220] systemd[1]: Finished Set console font and keymap.
[    2.684543] systemd[1]: Received SIGRTMIN+20 from PID 281 (plymouthd).
[    2.685683] systemd[1]: plymouth-read-write.service: Succeeded.
[    2.685952] systemd[1]: Finished Tell Plymouth To Write Out Runtime Data.
[    2.717309] audit: type=1400 audit(1768765218.548:2): apparmor="STATUS" operation="profile_load" profile="unconfined" name="nvidia_modprobe" pid=299 comm="apparmor_parser"
[    2.717312] audit: type=1400 audit(1768765218.548:3): apparmor="STATUS" operation="profile_load" profile="unconfined" name="nvidia_modprobe//kmod" pid=299 comm="apparmor_parser"
[    2.723329] audit: type=1400 audit(1768765218.552:4): apparmor="STATUS" operation="profile_load" profile="unconfined" name="/usr/sbin/tcpdump" pid=300 comm="apparmor_parser"
[    2.752794] audit: type=1400 audit(1768765218.576:5): apparmor="STATUS" operation="profile_load" profile="unconfined" name="/usr/bin/evince" pid=302 comm="apparmor_parser"
[    2.752796] audit: type=1400 audit(1768765218.576:6): apparmor="STATUS" operation="profile_load" profile="unconfined" name="/usr/bin/evince//sanitized_helper" pid=302 comm="apparmor_parser"
[    2.752798] audit: type=1400 audit(1768765218.576:7): apparmor="STATUS" operation="profile_load" profile="unconfined" name="/usr/bin/evince-previewer" pid=302 comm="apparmor_parser"
[    2.752800] audit: type=1400 audit(1768765218.576:8): apparmor="STATUS" operation="profile_load" profile="unconfined" name="/usr/bin/evince-previewer//sanitized_helper" pid=302 comm="apparmor_parser"
[    2.752802] audit: type=1400 audit(1768765218.576:9): apparmor="STATUS" operation="profile_load" profile="unconfined" name="/usr/bin/evince-thumbnailer" pid=302 comm="apparmor_parser"
[    2.781497] audit: type=1400 audit(1768765218.612:10): apparmor="STATUS" operation="profile_load" profile="unconfined" name="/usr/lib/cups/backend/cups-pdf" pid=303 comm="apparmor_parser"
[    2.849867] systemd[1]: Finished Load AppArmor profiles.
[    2.850813] systemd[1]: Starting Load AppArmor profiles managed internally by snapd...
[    2.928683] systemd[1]: Finished Load AppArmor profiles managed internally by snapd.
[    3.180650] systemd[1]: Started Journal Service.
[    3.190890] systemd-journald[229]: Received client request to flush runtime journal.
[    3.195091] systemd-journald[229]: File /var/log/journal/c455b248004a419c87ce85eea238d727/system.journal corrupted or uncleanly shut down, renaming and replacing.
[    4.581629] RAPL PMU: API unit is 2^-32 Joules, 0 fixed counters, 10737418240 ms ovfl timer
[    4.664175] cryptd: max_cpu_qlen set to 1000
[    4.726056] AVX2 version of gcm_enc/dec engaged.
[    4.726057] AES CTR mode by8 optimization enabled
[    5.480162] Adding 1998844k swap on /dev/sda1.  Priority:-2 extents:1 across:1998844k FS
[    7.249408] kauditd_printk_skb: 30 callbacks suppressed
[    7.249409] audit: type=1400 audit(1768765223.076:41): apparmor="DENIED" operation="capable" profile="/usr/sbin/cups-browsed" pid=494 comm="cups-browsed" capability=23  capname="sys_nice"
[    7.747812] pcnet32 0000:00:03.0 enp0s3: link up, 100Mbps, full-duplex
[    7.777493] e1000: enp0s8 NIC Link is Up 1000 Mbps Full Duplex, Flow Control: RX
[    7.777802] IPv6: ADDRCONF(NETDEV_CHANGE): enp0s8: link becomes ready
[    7.797943] e1000: enp0s9 NIC Link is Up 1000 Mbps Full Duplex, Flow Control: RX
[    7.798235] IPv6: ADDRCONF(NETDEV_CHANGE): enp0s9: link becomes ready
[    8.327689] device enp0s3 entered promiscuous mode
[    8.351354] audit: type=1400 audit(1768765224.180:42): apparmor="DENIED" operation="open" profile="/usr/sbin/tcpdump" name="/proc/sys/kernel/random/boot_id" pid=701 comm="tcpdump" requested_mask="r" denied_mask="r" fsuid=0 ouid=0
[    8.351581] audit: type=1400 audit(1768765224.180:43): apparmor="DENIED" operation="open" profile="/usr/sbin/tcpdump" name="/proc/sys/kernel/random/boot_id" pid=701 comm="tcpdump" requested_mask="r" denied_mask="r" fsuid=0 ouid=0
[    8.351635] audit: type=1400 audit(1768765224.180:44): apparmor="DENIED" operation="open" profile="/usr/sbin/tcpdump" name="/proc/sys/kernel/random/boot_id" pid=701 comm="tcpdump" requested_mask="r" denied_mask="r" fsuid=0 ouid=0
[    8.351722] audit: type=1400 audit(1768765224.180:45): apparmor="DENIED" operation="open" profile="/usr/sbin/tcpdump" name="/proc/sys/kernel/random/boot_id" pid=701 comm="tcpdump" requested_mask="r" denied_mask="r" fsuid=0 ouid=0
[    8.362519] audit: type=1400 audit(1768765224.192:46): apparmor="DENIED" operation="open" profile="/usr/sbin/tcpdump" name="/proc/sys/kernel/random/boot_id" pid=702 comm="tcpdump" requested_mask="r" denied_mask="r" fsuid=0 ouid=0
[    8.362684] audit: type=1400 audit(1768765224.192:47): apparmor="DENIED" operation="open" profile="/usr/sbin/tcpdump" name="/proc/sys/kernel/random/boot_id" pid=702 comm="tcpdump" requested_mask="r" denied_mask="r" fsuid=0 ouid=0
[    8.362783] audit: type=1400 audit(1768765224.192:48): apparmor="DENIED" operation="open" profile="/usr/sbin/tcpdump" name="/proc/sys/kernel/random/boot_id" pid=702 comm="tcpdump" requested_mask="r" denied_mask="r" fsuid=0 ouid=0
[    8.362851] audit: type=1400 audit(1768765224.192:49): apparmor="DENIED" operation="open" profile="/usr/sbin/tcpdump" name="/proc/sys/kernel/random/boot_id" pid=702 comm="tcpdump" requested_mask="r" denied_mask="r" fsuid=0 ouid=0
[   12.893454] rfkill: input handler disabled
[  215.964348] AAAAA-TCP_FORW: name:enp0s3: saddr:33561200: daddr:100932208
[  216.057772] AAAAA-TCP_FORW: name:enp0s3: saddr:16783984: daddr:100932208
[  216.119411] AAAAA-TCP_FORW: name:enp0s3: saddr:16783984: daddr:100932208
[  216.200013] AAAAA-TCP_FORW: name:enp0s3: saddr:33561200: daddr:100932208
[  551.109647] rfkill: input handler enabled
[  560.287453] rfkill: input handler disabled
[  761.262968] device enp0s3 left promiscuous mode
