[    0.000000] Linux version 5.4.243-mptcp (root@ztg) (gcc version 12.2.0 (Debian 12.2.0-14+deb12u1)) #53 SMP Wed Dec 24 23:28:15 CST 2025
[    0.000000] Command line: BOOT_IMAGE=/boot/vmlinuz-5.4.243-mptcp root=UUID=98415a12-53b7-4144-8265-0f7ece09e445 ro quiet splash
[    0.000000] KERNEL supported cpus:
[    0.000000]   Intel GenuineIntel
[    0.000000]   AMD AuthenticAMD
[    0.000000]   Hygon HygonGenuine
[    0.000000]   Centaur CentaurHauls
[    0.000000]   zhaoxin   Shanghai  
[    0.000000] x86/fpu: Supporting XSAVE feature 0x001: 'x87 floating point registers'
[    0.000000] x86/fpu: Supporting XSAVE feature 0x002: 'SSE registers'
[    0.000000] x86/fpu: Supporting XSAVE feature 0x004: 'AVX registers'
[    0.000000] x86/fpu: xstate_offset[2]:  576, xstate_sizes[2]:  256
[    0.000000] x86/fpu: Enabled xstate features 0x7, context size is 832 bytes, using 'standard' format.
[    0.000000] BIOS-provided physical RAM map:
[    0.000000] BIOS-e820: [mem 0x0000000000000000-0x000000000009fbff] usable
[    0.000000] BIOS-e820: [mem 0x000000000009fc00-0x000000000009ffff] reserved
[    0.000000] BIOS-e820: [mem 0x00000000000f0000-0x00000000000fffff] reserved
[    0.000000] BIOS-e820: [mem 0x0000000000100000-0x000000007ffeffff] usable
[    0.000000] BIOS-e820: [mem 0x000000007fff0000-0x000000007fffffff] ACPI data
[    0.000000] BIOS-e820: [mem 0x00000000fec00000-0x00000000fec00fff] reserved
[    0.000000] BIOS-e820: [mem 0x00000000fee00000-0x00000000fee00fff] reserved
[    0.000000] BIOS-e820: [mem 0x00000000fffc0000-0x00000000ffffffff] reserved
[    0.000000] NX (Execute Disable) protection: active
[    0.000000] SMBIOS 2.5 present.
[    0.000000] DMI: innotek GmbH VirtualBox/VirtualBox, BIOS VirtualBox 12/01/2006
[    0.000000] Hypervisor detected: KVM
[    0.000000] kvm-clock: Using msrs 4b564d01 and 4b564d00
[    0.000000] kvm-clock: cpu 0, msr 79c01001, primary cpu clock
[    0.000000] kvm-clock: using sched offset of 4461629871 cycles
[    0.000003] clocksource: kvm-clock: mask: 0xffffffffffffffff max_cycles: 0x1cd42e4dffb, max_idle_ns: 881590591483 ns
[    0.000005] tsc: Detected 2100.000 MHz processor
[    0.001870] e820: update [mem 0x00000000-0x00000fff] usable ==> reserved
[    0.001872] e820: remove [mem 0x000a0000-0x000fffff] usable
[    0.001876] last_pfn = 0x7fff0 max_arch_pfn = 0x400000000
[    0.001944] MTRR default type: uncachable
[    0.001945] MTRR fixed ranges enabled:
[    0.001946]   00000-9FFFF write-back
[    0.001947]   A0000-BFFFF uncachable
[    0.001947]   C0000-FFFFF write-protect
[    0.001948] MTRR variable ranges enabled:
[    0.001949]   0 base 000000000000 mask 3FFF80000000 write-back
[    0.001950]   1 disabled
[    0.001950]   2 disabled
[    0.001951]   3 disabled
[    0.001951]   4 disabled
[    0.001952]   5 disabled
[    0.001952]   6 disabled
[    0.001953]   7 disabled
[    0.001953]   8 disabled
[    0.001953]   9 disabled
[    0.001954]   10 disabled
[    0.001954]   11 disabled
[    0.001955]   12 disabled
[    0.001955]   13 disabled
[    0.001956]   14 disabled
[    0.001956]   15 disabled
[    0.001974] x86/PAT: Configuration [0-7]: WB  WC  UC- UC  WB  WP  UC- WT  
[    0.002108] found SMP MP-table at [mem 0x0009fff0-0x0009ffff]
[    0.093078] check: Scanning 1 areas for low memory corruption
[    0.093232] RAMDISK: [mem 0x32271000-0x3512ffff]
[    0.093240] ACPI: Early table checksum verification disabled
[    0.093245] ACPI: RSDP 0x00000000000E0000 000024 (v02 VBOX  )
[    0.093250] ACPI: XSDT 0x000000007FFF0030 00003C (v01 VBOX   VBOXXSDT 00000001 ASL  00000061)
[    0.093256] ACPI: FACP 0x000000007FFF00F0 0000F4 (v04 VBOX   VBOXFACP 00000001 ASL  00000061)
[    0.093263] ACPI: DSDT 0x000000007FFF02E0 002353 (v02 VBOX   VBOXBIOS 00000002 VBOX 00029BF3)
[    0.093267] ACPI: FACS 0x000000007FFF0200 000040
[    0.093270] ACPI: FACS 0x000000007FFF0200 000040
[    0.093274] ACPI: APIC 0x000000007FFF0240 000054 (v02 VBOX   VBOXAPIC 00000001 ASL  00000061)
[    0.093277] ACPI: SSDT 0x000000007FFF02A0 000038 (v01 VBOX   VBOXCPUT 00000002 VBOX 00029BF3)
[    0.093281] ACPI: Reserving FACP table memory at [mem 0x7fff00f0-0x7fff01e3]
[    0.093281] ACPI: Reserving DSDT table memory at [mem 0x7fff02e0-0x7fff2632]
[    0.093282] ACPI: Reserving FACS table memory at [mem 0x7fff0200-0x7fff023f]
[    0.093283] ACPI: Reserving FACS table memory at [mem 0x7fff0200-0x7fff023f]
[    0.093283] ACPI: Reserving APIC table memory at [mem 0x7fff0240-0x7fff0293]
[    0.093284] ACPI: Reserving SSDT table memory at [mem 0x7fff02a0-0x7fff02d7]
[    0.093298] ACPI: Local APIC address 0xfee00000
[    0.093490] No NUMA configuration found
[    0.093492] Faking a node at [mem 0x0000000000000000-0x000000007ffeffff]
[    0.093501] NODE_DATA(0) allocated [mem 0x7ffc5000-0x7ffeffff]
[    0.093762] Zone ranges:
[    0.093763]   DMA      [mem 0x0000000000001000-0x0000000000ffffff]
[    0.093764]   DMA32    [mem 0x0000000001000000-0x000000007ffeffff]
[    0.093765]   Normal   empty
[    0.093766]   Device   empty
[    0.093767] Movable zone start for each node
[    0.093769] Early memory node ranges
[    0.093770]   node   0: [mem 0x0000000000001000-0x000000000009efff]
[    0.093770]   node   0: [mem 0x0000000000100000-0x000000007ffeffff]
[    0.093773] Zeroed struct page in unavailable ranges: 114 pages
[    0.093774] Initmem setup node 0 [mem 0x0000000000001000-0x000000007ffeffff]
[    0.093775] On node 0 totalpages: 524174
[    0.093777]   DMA zone: 64 pages used for memmap
[    0.093778]   DMA zone: 21 pages reserved
[    0.093779]   DMA zone: 3998 pages, LIFO batch:0
[    0.093850]   DMA32 zone: 8128 pages used for memmap
[    0.093850]   DMA32 zone: 520176 pages, LIFO batch:63
[    0.102814] ACPI: PM-Timer IO Port: 0x4008
[    0.102817] ACPI: Local APIC address 0xfee00000
[    0.102886] IOAPIC[0]: apic_id 1, version 32, address 0xfec00000, GSI 0-23
[    0.102890] ACPI: INT_SRC_OVR (bus 0 bus_irq 0 global_irq 2 dfl dfl)
[    0.102891] ACPI: INT_SRC_OVR (bus 0 bus_irq 9 global_irq 9 low level)
[    0.102893] ACPI: IRQ0 used by override.
[    0.102894] ACPI: IRQ9 used by override.
[    0.102897] Using ACPI (MADT) for SMP configuration information
[    0.102904] smpboot: Allowing 1 CPUs, 0 hotplug CPUs
[    0.102928] PM: Registered nosave memory: [mem 0x00000000-0x00000fff]
[    0.102929] PM: Registered nosave memory: [mem 0x0009f000-0x0009ffff]
[    0.102929] PM: Registered nosave memory: [mem 0x000a0000-0x000effff]
[    0.102930] PM: Registered nosave memory: [mem 0x000f0000-0x000fffff]
[    0.102932] [mem 0x80000000-0xfebfffff] available for PCI devices
[    0.102932] Booting paravirtualized kernel on KVM
[    0.102936] clocksource: refined-jiffies: mask: 0xffffffff max_cycles: 0xffffffff, max_idle_ns: 7645519600211568 ns
[    0.102941] setup_percpu: NR_CPUS:8192 nr_cpumask_bits:1 nr_cpu_ids:1 nr_node_ids:1
[    0.103942] percpu: Embedded 60 pages/cpu s208896 r8192 d28672 u2097152
[    0.103946] pcpu-alloc: s208896 r8192 d28672 u2097152 alloc=1*2097152
[    0.103947] pcpu-alloc: [0] 0 
[    0.103974] Built 1 zonelists, mobility grouping on.  Total pages: 515961
[    0.103974] Policy zone: DMA32
[    0.103976] Kernel command line: BOOT_IMAGE=/boot/vmlinuz-5.4.243-mptcp root=UUID=98415a12-53b7-4144-8265-0f7ece09e445 ro quiet splash
[    0.104801] Dentry cache hash table entries: 262144 (order: 9, 2097152 bytes, linear)
[    0.104948] Inode-cache hash table entries: 131072 (order: 8, 1048576 bytes, linear)
[    0.104998] mem auto-init: stack:off, heap alloc:on, heap free:off
[    0.105001] Calgary: detecting Calgary via BIOS EBDA area
[    0.105002] Calgary: Unable to locate Rio Grande table in EBDA - bailing!
[    0.109069] Memory: 1967332K/2096696K available (14339K kernel code, 2398K rwdata, 4712K rodata, 2728K init, 17260K bss, 129364K reserved, 0K cma-reserved)
[    0.110056] SLUB: HWalign=64, Order=0-3, MinObjects=0, CPUs=1, Nodes=1
[    0.110074] ftrace: allocating 43186 entries in 169 pages
[    0.128308] rcu: Hierarchical RCU implementation.
[    0.128310] rcu: 	RCU restricting CPUs from NR_CPUS=8192 to nr_cpu_ids=1.
[    0.128311] 	Tasks RCU enabled.
[    0.128312] rcu: RCU calculated value of scheduler-enlistment delay is 25 jiffies.
[    0.128313] rcu: Adjusting geometry for rcu_fanout_leaf=16, nr_cpu_ids=1
[    0.131418] NR_IRQS: 524544, nr_irqs: 256, preallocated irqs: 16
[    0.131636] random: crng init done
[    0.140935] Console: colour VGA+ 80x25
[    0.140939] printk: console [tty0] enabled
[    0.140962] ACPI: Core revision 20190816
[    0.141087] APIC: Switch to symmetric I/O mode setup
[    0.141349] x2apic enabled
[    0.141590] Switched APIC routing to physical x2apic.
[    0.142841] ..TIMER: vector=0x30 apic1=0 pin1=2 apic2=-1 pin2=-1
[    0.142867] clocksource: tsc-early: mask: 0xffffffffffffffff max_cycles: 0x1e4530a99b6, max_idle_ns: 440795257976 ns
[    0.142873] Calibrating delay loop (skipped) preset value.. 4200.00 BogoMIPS (lpj=8400000)
[    0.142876] pid_max: default: 32768 minimum: 301
[    0.142908] LSM: Security Framework initializing
[    0.142918] Yama: becoming mindful.
[    0.142944] AppArmor: AppArmor initialized
[    0.142977] Mount-cache hash table entries: 4096 (order: 3, 32768 bytes, linear)
[    0.142982] Mountpoint-cache hash table entries: 4096 (order: 3, 32768 bytes, linear)
[    0.142992] *** VALIDATE tmpfs ***
[    0.143122] *** VALIDATE proc ***
[    0.143163] *** VALIDATE cgroup1 ***
[    0.143164] *** VALIDATE cgroup2 ***
[    0.143307] process: using mwait in idle threads
[    0.143312] Last level iTLB entries: 4KB 64, 2MB 8, 4MB 8
[    0.143313] Last level dTLB entries: 4KB 64, 2MB 0, 4MB 0, 1GB 4
[    0.143333] Spectre V1 : Mitigation: usercopy/swapgs barriers and __user pointer sanitization
[    0.143339] Spectre V2 : Mitigation: Retpolines
[    0.143339] Spectre V2 : Spectre v2 / SpectreRSB mitigation: Filling RSB on context switch
[    0.143340] Spectre V2 : Spectre v2 / SpectreRSB : Filling RSB on VMEXIT
[    0.143340] RETBleed: WARNING: Spectre v2 mitigation leaves CPU vulnerable to RETBleed attacks, data leaks possible!
[    0.143699] RETBleed: Vulnerable
[    0.143700] Speculative Store Bypass: Vulnerable
[    0.143705] TAA: Mitigation: TSX disabled
[    0.143705] MMIO Stale Data: Mitigation: Clear CPU buffers
[    0.147982] Freeing SMP alternatives memory: 40K
[    0.260233] smpboot: CPU0: Intel(R) Xeon(R) Silver 4216 CPU @ 2.10GHz (family: 0x6, model: 0x55, stepping: 0x7)
[    0.260417] Performance Events: unsupported p6 CPU model 85 no PMU driver, software events only.
[    0.260457] rcu: Hierarchical SRCU implementation.
[    0.260997] NMI watchdog: Perf NMI watchdog permanently disabled
[    0.261037] smp: Bringing up secondary CPUs ...
[    0.261038] smp: Brought up 1 node, 1 CPU
[    0.261039] smpboot: Max logical packages: 1
[    0.261041] smpboot: Total of 1 processors activated (4200.00 BogoMIPS)
[    0.262050] devtmpfs: initialized
[    0.262106] x86/mm: Memory block size: 128MB
[    0.262512] clocksource: jiffies: mask: 0xffffffff max_cycles: 0xffffffff, max_idle_ns: 7645041785100000 ns
[    0.262518] futex hash table entries: 256 (order: 2, 16384 bytes, linear)
[    0.262566] pinctrl core: initialized pinctrl subsystem
[    0.262672] PM: RTC time: 17:42:30, date: 2026-01-17
[    0.262781] NET: Registered protocol family 16
[    0.262867] audit: initializing netlink subsys (disabled)
[    0.262870] EISA bus registered
[    0.262870] cpuidle: using governor ladder
[    0.262870] cpuidle: using governor menu
[    0.262870] ACPI: bus type PCI registered
[    0.262870] acpiphp: ACPI Hot Plug PCI Controller Driver version: 0.5
[    0.262870] PCI: Using configuration type 1 for base access
[    0.263577] audit: type=2000 audit(1768642956.458:1): state=initialized audit_enabled=0 res=1
[    0.263659] HugeTLB registered 2.00 MiB page size, pre-allocated 0 pages
[    0.264496] ACPI: Added _OSI(Module Device)
[    0.264497] ACPI: Added _OSI(Processor Device)
[    0.264498] ACPI: Added _OSI(3.0 _SCP Extensions)
[    0.264499] ACPI: Added _OSI(Processor Aggregator Device)
[    0.264500] ACPI: Added _OSI(Linux-Dell-Video)
[    0.264501] ACPI: Added _OSI(Linux-Lenovo-NV-HDMI-Audio)
[    0.264502] ACPI: Added _OSI(Linux-HPI-Hybrid-Graphics)
[    0.266538] ACPI: 2 ACPI AML tables successfully acquired and loaded
[    0.268182] ACPI: Interpreter enabled
[    0.268192] ACPI: (supports S0 S5)
[    0.268194] ACPI: Using IOAPIC for interrupt routing
[    0.268399] PCI: Using host bridge windows from ACPI; if necessary, use "pci=nocrs" and report a bug
[    0.268504] ACPI: Enabled 2 GPEs in block 00 to 07
[    0.273382] ACPI: PCI Root Bridge [PCI0] (domain 0000 [bus 00-ff])
[    0.273387] acpi PNP0A03:00: _OSC: OS supports [ASPM ClockPM Segments MSI HPX-Type3]
[    0.273926] acpi PNP0A03:00: _OSC: not requesting OS control; OS requires [ExtendedConfig ASPM ClockPM MSI]
[    0.273934] acpi PNP0A03:00: fail to add MMCONFIG information, can't access extended PCI configuration space under this bridge.
[    0.274332] PCI host bridge to bus 0000:00
[    0.274335] pci_bus 0000:00: root bus resource [io  0x0000-0x0cf7 window]
[    0.274336] pci_bus 0000:00: root bus resource [io  0x0d00-0xffff window]
[    0.274337] pci_bus 0000:00: root bus resource [mem 0x000a0000-0x000bffff window]
[    0.274338] pci_bus 0000:00: root bus resource [mem 0x80000000-0xfdffffff window]
[    0.274340] pci_bus 0000:00: root bus resource [bus 00-ff]
[    0.274379] pci 0000:00:00.0: [8086:1237] type 00 class 0x060000
[    0.275493] pci 0000:00:01.0: [8086:7000] type 00 class 0x060100
[    0.276297] pci 0000:00:01.1: [8086:7111] type 00 class 0x01018a
[    0.276721] pci 0000:00:01.1: reg 0x20: [io  0xd000-0xd00f]
[    0.276886] pci 0000:00:01.1: legacy IDE quirk: reg 0x10: [io  0x01f0-0x01f7]
[    0.276887] pci 0000:00:01.1: legacy IDE quirk: reg 0x14: [io  0x03f6]
[    0.276888] pci 0000:00:01.1: legacy IDE quirk: reg 0x18: [io  0x0170-0x0177]
[    0.276889] pci 0000:00:01.1: legacy IDE quirk: reg 0x1c: [io  0x0376]
[    0.277446] pci 0000:00:02.0: [15ad:0405] type 00 class 0x030000
[    0.278956] pci 0000:00:02.0: reg 0x10: [io  0xd010-0xd01f]
[    0.282922] pci 0000:00:02.0: reg 0x14: [mem 0xe0000000-0xe7ffffff pref]
[    0.285835] pci 0000:00:02.0: reg 0x18: [mem 0xf0000000-0xf01fffff]
[    0.299187] pci 0000:00:03.0: [1022:2000] type 00 class 0x020000
[    0.299923] pci 0000:00:03.0: reg 0x10: [io  0xd020-0xd03f]
[    0.300564] pci 0000:00:03.0: reg 0x14: [mem 0xf0200000-0xf0200fff]
[    0.303686] pci 0000:00:04.0: [80ee:cafe] type 00 class 0x088000
[    0.304362] pci 0000:00:04.0: reg 0x10: [io  0xd040-0xd05f]
[    0.304973] pci 0000:00:04.0: reg 0x14: [mem 0xf0400000-0xf07fffff]
[    0.305584] pci 0000:00:04.0: reg 0x18: [mem 0xf0800000-0xf0803fff pref]
[    0.309923] pci 0000:00:07.0: [8086:7113] type 00 class 0x068000
[    0.310472] pci 0000:00:07.0: quirk: [io  0x4000-0x403f] claimed by PIIX4 ACPI
[    0.310486] pci 0000:00:07.0: quirk: [io  0x4100-0x410f] claimed by PIIX4 SMB
[    0.310932] pci 0000:00:08.0: [8086:100e] type 00 class 0x020000
[    0.311661] pci 0000:00:08.0: reg 0x10: [mem 0xf0820000-0xf083ffff]
[    0.312821] pci 0000:00:08.0: reg 0x18: [io  0xd060-0xd067]
[    0.315913] pci 0000:00:09.0: [8086:100e] type 00 class 0x020000
[    0.316619] pci 0000:00:09.0: reg 0x10: [mem 0xf0840000-0xf085ffff]
[    0.317779] pci 0000:00:09.0: reg 0x18: [io  0xd068-0xd06f]
[    0.327886] ACPI: PCI Interrupt Link [LNKA] (IRQs 5 9 10 *11)
[    0.328169] ACPI: PCI Interrupt Link [LNKB] (IRQs 5 9 *10 11)
[    0.328271] ACPI: PCI Interrupt Link [LNKC] (IRQs 5 *9 10 11)
[    0.328375] ACPI: PCI Interrupt Link [LNKD] (IRQs 5 9 10 *11)
[    0.328634] iommu: Default domain type: Translated 
[    0.328695] pci 0000:00:02.0: vgaarb: setting as boot VGA device
[    0.328697] pci 0000:00:02.0: vgaarb: VGA device added: decodes=io+mem,owns=io+mem,locks=none
[    0.328699] pci 0000:00:02.0: vgaarb: bridge control possible
[    0.328699] vgaarb: loaded
[    0.328908] SCSI subsystem initialized
[    0.328940] libata version 3.00 loaded.
[    0.328963] ACPI: bus type USB registered
[    0.328978] usbcore: registered new interface driver usbfs
[    0.328984] usbcore: registered new interface driver hub
[    0.328989] usbcore: registered new device driver usb
[    0.329020] pps_core: LinuxPPS API ver. 1 registered
[    0.329021] pps_core: Software ver. 5.3.6 - Copyright 2005-2007 Rodolfo Giometti <giometti@linux.it>
[    0.329023] PTP clock support registered
[    0.329056] EDAC MC: Ver: 3.0.0
[    0.329346] PCI: Using ACPI for IRQ routing
[    0.329347] PCI: pci_cache_line_size set to 64 bytes
[    0.330947] e820: reserve RAM buffer [mem 0x0009fc00-0x0009ffff]
[    0.330951] e820: reserve RAM buffer [mem 0x7fff0000-0x7fffffff]
[    0.331750] NetLabel: Initializing
[    0.331750] NetLabel:  domain hash size = 128
[    0.331751] NetLabel:  protocols = UNLABELED CIPSOv4 CALIPSO
[    0.331770] NetLabel:  unlabeled traffic allowed by default
[    0.332668] clocksource: Switched to clocksource kvm-clock
[    0.345381] *** VALIDATE bpf ***
[    0.345439] VFS: Disk quotas dquot_6.6.0
[    0.345452] VFS: Dquot-cache hash table entries: 512 (order 0, 4096 bytes)
[    0.345474] *** VALIDATE ramfs ***
[    0.345477] *** VALIDATE hugetlbfs ***
[    0.345557] AppArmor: AppArmor Filesystem Enabled
[    0.345585] pnp: PnP ACPI init
[    0.345664] pnp 00:00: Plug and Play ACPI device, IDs PNP0303 (active)
[    0.345750] pnp 00:01: Plug and Play ACPI device, IDs PNP0f03 (active)
[    0.346531] pnp: PnP ACPI: found 2 devices
[    0.347516] thermal_sys: Registered thermal governor 'fair_share'
[    0.347517] thermal_sys: Registered thermal governor 'bang_bang'
[    0.347517] thermal_sys: Registered thermal governor 'step_wise'
[    0.347518] thermal_sys: Registered thermal governor 'user_space'
[    0.347518] thermal_sys: Registered thermal governor 'power_allocator'
[    0.352059] clocksource: acpi_pm: mask: 0xffffff max_cycles: 0xffffff, max_idle_ns: 2085701024 ns
[    0.352100] pci_bus 0000:00: resource 4 [io  0x0000-0x0cf7 window]
[    0.352101] pci_bus 0000:00: resource 5 [io  0x0d00-0xffff window]
[    0.352103] pci_bus 0000:00: resource 6 [mem 0x000a0000-0x000bffff window]
[    0.352104] pci_bus 0000:00: resource 7 [mem 0x80000000-0xfdffffff window]
[    0.352161] NET: Registered protocol family 2
[    0.352235] IP idents hash table entries: 32768 (order: 6, 262144 bytes, linear)
[    0.352641] MPTCP tokens hash table entries: 8192 (order: 4, 65536 bytes, linear)
[    0.352660] MPTCP request tokens hash table entries: 8192 (order: 4, 65536 bytes, linear)
[    0.352686] default registered
[    0.352687] default registered
[    0.352687] MPTCP: Stable release v0.96
[    0.352692] tcp_listen_portaddr_hash hash table entries: 1024 (order: 2, 16384 bytes, linear)
[    0.352770] TCP established hash table entries: 16384 (order: 5, 131072 bytes, linear)
[    0.352835] TCP bind hash table entries: 16384 (order: 6, 262144 bytes, linear)
[    0.352860] TCP: Hash tables configured (established 16384 bind 16384)
[    0.353552] UDP hash table entries: 1024 (order: 3, 32768 bytes, linear)
[    0.353563] UDP-Lite hash table entries: 1024 (order: 3, 32768 bytes, linear)
[    0.353595] NET: Registered protocol family 1
[    0.353604] NET: Registered protocol family 44
[    0.353625] pci 0000:00:00.0: Limiting direct PCI/PCI transfers
[    0.353650] pci 0000:00:01.0: Activating ISA DMA hang workarounds
[    0.353706] pci 0000:00:02.0: Video device with shadowed ROM at [mem 0x000c0000-0x000dffff]
[    0.353768] PCI: CLS 0 bytes, default 64
[    0.353814] Trying to unpack rootfs image as initramfs...
[    0.529984] Freeing initrd memory: 47868K
[    0.530073] clocksource: tsc: mask: 0xffffffffffffffff max_cycles: 0x1e4530a99b6, max_idle_ns: 440795257976 ns
[    0.530084] clocksource: Switched to clocksource tsc
[    0.530125] platform rtc_cmos: registered platform RTC device (no PNP device found)
[    0.530156] check: Scanning for low memory corruption every 60 seconds
[    0.530474] Initialise system trusted keyrings
[    0.530483] Key type blacklist registered
[    0.530527] workingset: timestamp_bits=36 max_order=19 bucket_order=0
[    0.530688] zbud: loaded
[    0.530688] squashfs: version 4.0 (2009/01/31) Phillip Lougher
[    0.530688] fuse: init (API version 7.31)
[    0.530688] *** VALIDATE fuse ***
[    0.530688] *** VALIDATE fuse ***
[    0.530688] Platform Keyring initialized
[    0.535411] Key type asymmetric registered
[    0.535412] Asymmetric key parser 'x509' registered
[    0.535424] Block layer SCSI generic (bsg) driver version 0.4 loaded (major 244)
[    0.535461] io scheduler mq-deadline registered
[    0.535583] shpchp: Standard Hot Plug PCI Controller Driver version: 0.4
[    0.535808] ACPI: AC Adapter [AC] (on-line)
[    0.535852] input: Power Button as /devices/LNXSYSTM:00/LNXPWRBN:00/input/input0
[    0.535883] ACPI: Power Button [PWRF]
[    0.535960] input: Sleep Button as /devices/LNXSYSTM:00/LNXSLPBN:00/input/input1
[    0.535974] ACPI: Sleep Button [SLPF]
[    0.536194] Serial: 8250/16550 driver, 32 ports, IRQ sharing enabled
[    0.537379] Linux agpgart interface v0.103
[    0.631283] loop: module loaded
[    0.631435] ata_piix 0000:00:01.1: version 2.13
[    0.631841] scsi host0: ata_piix
[    0.631931] scsi host1: ata_piix
[    0.631957] ata1: PATA max UDMA/33 cmd 0x1f0 ctl 0x3f6 bmdma 0xd000 irq 14
[    0.631958] ata2: PATA max UDMA/33 cmd 0x170 ctl 0x376 bmdma 0xd008 irq 15
[    0.632042] tun: Universal TUN/TAP device driver, 1.6
[    0.632356] PPP generic driver version 2.4.2
[    0.632399] VFIO - User Level meta-driver version: 0.3
[    0.632635] ehci_hcd: USB 2.0 'Enhanced' Host Controller (EHCI) Driver
[    0.632639] ehci-pci: EHCI PCI platform driver
[    0.632656] ehci-platform: EHCI generic platform driver
[    0.632662] ohci_hcd: USB 1.1 'Open' Host Controller (OHCI) Driver
[    0.632664] ohci-pci: OHCI PCI platform driver
[    0.632672] ohci-platform: OHCI generic platform driver
[    0.632676] uhci_hcd: USB Universal Host Controller Interface driver
[    0.632740] i8042: PNP: PS/2 Controller [PNP0303:PS2K,PNP0f03:PS2M] at 0x60,0x64 irq 1,12
[    0.633180] serio: i8042 KBD port at 0x60,0x64 irq 1
[    0.633184] serio: i8042 AUX port at 0x60,0x64 irq 12
[    0.633269] mousedev: PS/2 mouse device common for all mice
[    0.633553] input: AT Translated Set 2 keyboard as /devices/platform/i8042/serio0/input/input2
[    0.633958] rtc_cmos rtc_cmos: registered as rtc0
[    0.633971] rtc_cmos rtc_cmos: alarms up to one day, 114 bytes nvram
[    0.633976] i2c /dev entries driver
[    0.634021] device-mapper: uevent: version 1.0.3
[    0.634064] device-mapper: ioctl: 4.41.0-ioctl (2019-09-16) initialised: dm-devel@redhat.com
[    0.634080] platform eisa.0: Probing EISA bus 0
[    0.634082] platform eisa.0: EISA: Cannot allocate resource for mainboard
[    0.634083] platform eisa.0: Cannot allocate resource for EISA slot 1
[    0.634084] platform eisa.0: Cannot allocate resource for EISA slot 2
[    0.634085] platform eisa.0: Cannot allocate resource for EISA slot 3
[    0.634086] platform eisa.0: Cannot allocate resource for EISA slot 4
[    0.634087] platform eisa.0: Cannot allocate resource for EISA slot 5
[    0.634088] platform eisa.0: Cannot allocate resource for EISA slot 6
[    0.634089] platform eisa.0: Cannot allocate resource for EISA slot 7
[    0.634090] platform eisa.0: Cannot allocate resource for EISA slot 8
[    0.634091] platform eisa.0: EISA: Detected 0 cards
[    0.634094] intel_pstate: CPU model not supported
[    0.634103] ledtrig-cpu: registered to indicate activity on CPUs
[    0.634156] drop_monitor: Initializing network drop monitor service
[    0.634315] NET: Registered protocol family 10
[    0.639402] Segment Routing with IPv6
[    0.639402] fullmesh registered
[    0.639402] ndiffports registered
[    0.639402] binder registered
[    0.639402] roundrobin registered
[    0.639402] redundant registered
[    0.639402] blest registered
[    0.639402] ecf registered
[    0.639402] NET: Registered protocol family 17
[    0.639402] Key type dns_resolver registered
[    0.639402] RAS: Correctable Errors collector initialized.
[    0.639402] IPI shorthand broadcast: enabled
[    0.639402] sched_clock: Marking stable (624158190, 11243817)->(636542929, -1140922)
[    0.639871] registered taskstats version 1
[    0.639883] Loading compiled-in X.509 certificates
[    0.640872] Loaded X.509 cert 'Build time autogenerated kernel key: 6909f3744cebb3d0de528d5887b96a727de79b1e'
[    0.640897] zswap: loaded using pool lzo/zbud
[    0.640980] Key type ._fscrypt registered
[    0.640981] Key type .fscrypt registered
[    0.648399] Key type big_key registered
[    0.652410] Key type encrypted registered
[    0.652414] AppArmor: AppArmor sha1 policy hashing enabled
[    0.652425] ima: No TPM chip found, activating TPM-bypass!
[    0.652431] ima: Allocated hash algorithm: sha1
[    0.652438] ima: No architecture policies found
[    0.652451] evm: Initialising EVM extended attributes:
[    0.652452] evm: security.selinux
[    0.652453] evm: security.SMACK64
[    0.652454] evm: security.SMACK64EXEC
[    0.652454] evm: security.SMACK64TRANSMUTE
[    0.652455] evm: security.SMACK64MMAP
[    0.652456] evm: security.apparmor
[    0.652457] evm: security.ima
[    0.652458] evm: security.capability
[    0.652458] evm: HMAC attrs: 0x1
[    0.652953] PM:   Magic number: 10:733:744
[    0.653078] rtc_cmos rtc_cmos: setting system clock to 2026-01-17T17:42:31 UTC (1768671751)
[    0.803413] ata1.00: ATA-6: VBOX HARDDISK, 1.0, max UDMA/133
[    0.803415] ata1.00: 209715200 sectors, multi 128: LBA 
[    0.803888] scsi 0:0:0:0: Direct-Access     ATA      VBOX HARDDISK    1.0  PQ: 0 ANSI: 5
[    0.804081] sd 0:0:0:0: [sda] 209715200 512-byte logical blocks: (107 GB/100 GiB)
[    0.804089] sd 0:0:0:0: [sda] Write Protect is off
[    0.804090] sd 0:0:0:0: [sda] Mode Sense: 00 3a 00 00
[    0.804101] sd 0:0:0:0: [sda] Write cache: enabled, read cache: enabled, doesn't support DPO or FUA
[    0.804305] sd 0:0:0:0: Attached scsi generic sg0 type 0
[    0.804981]  sda: sda1 sda2
[    0.815409] sd 0:0:0:0: [sda] Attached SCSI disk
[    0.817382] Freeing unused decrypted memory: 2040K
[    0.818108] Freeing unused kernel image memory: 2728K
[    0.818110] Write protecting the kernel read-only data: 22528k
[    0.818802] Freeing unused kernel image memory: 2036K
[    0.819204] Freeing unused kernel image memory: 1432K
[    0.833913] x86/mm: Checked W+X mappings: passed, no W+X pages found.
[    0.833918] Run /init as init process
[    0.948426] ACPI: Video Device [GFX0] (multi-head: yes  rom: no  post: no)
[    0.948500] input: Video Bus as /devices/LNXSYSTM:00/LNXSYBUS:00/PNP0A03:00/LNXVIDEO:00/input/input4
[    0.963120] pcnet32: pcnet32.c:v1.35 21.Apr.2008 tsbogend@alpha.franken.de
[    0.964404] pcnet32: PCnet/FAST III 79C973 at 0xd020, 08:00:27:7b:76:10 assigned IRQ 19
[    0.964448] pcnet32: Found PHY 0022:561b at address 0
[    0.964755] pcnet32: eth0: registered as PCnet/FAST III 79C973
[    0.966708] piix4_smbus 0000:00:07.0: SMBus Host Controller at 0x4100, revision 0
[    0.968005] pcnet32: 1 cards_found
[    0.970885] e1000: Intel(R) PRO/1000 Network Driver - version 7.3.21-k8-NAPI
[    0.970885] e1000: Copyright (c) 1999-2006 Intel Corporation.
[    1.043388] pcnet32 0000:00:03.0 enp0s3: renamed from eth0
[    1.181140] input: ImExPS/2 Generic Explorer Mouse as /devices/platform/i8042/serio1/input/input5
[    1.379549] e1000 0000:00:08.0 eth0: (PCI:33MHz:32-bit) 08:00:27:b5:f8:5b
[    1.379553] e1000 0000:00:08.0 eth0: Intel(R) PRO/1000 Network Connection
[    1.759738] e1000 0000:00:09.0 eth1: (PCI:33MHz:32-bit) 08:00:27:fb:f0:13
[    1.759741] e1000 0000:00:09.0 eth1: Intel(R) PRO/1000 Network Connection
[    1.760873] e1000 0000:00:09.0 enp0s9: renamed from eth1
[    1.762665] e1000 0000:00:08.0 enp0s8: renamed from eth0
[    1.912794] EXT4-fs (sda2): mounted filesystem with ordered data mode. Opts: (null)
[    1.996867] systemd[1]: Inserted module 'autofs4'
[    2.007390] systemd[1]: systemd 245.4-4ubuntu3 running in system mode. (+PAM +AUDIT +SELINUX +IMA +APPARMOR +SMACK +SYSVINIT +UTMP +LIBCRYPTSETUP +GCRYPT +GNUTLS +ACL +XZ +LZ4 +SECCOMP +BLKID +ELFUTILS +KMOD +IDN2 -IDN +PCRE2 default-hierarchy=hybrid)
[    2.007422] systemd[1]: Detected virtualization oracle.
[    2.007425] systemd[1]: Detected architecture x86-64.
[    2.008995] systemd[1]: Set hostname to <ztg>.
[    2.134524] systemd[1]: /lib/systemd/system/dbus.socket:5: ListenStream= references a path below legacy directory /var/run/, updating /var/run/dbus/system_bus_socket â†’ /run/dbus/system_bus_socket; please update the unit file accordingly.
[    2.185571] systemd[1]: Created slice system-modprobe.slice.
[    2.185771] systemd[1]: Created slice User and Session Slice.
[    2.185817] systemd[1]: Started Forward Password Requests to Wall Directory Watch.
[    2.185980] systemd[1]: Set up automount Arbitrary Executable File Formats File System Automount Point.
[    2.186013] systemd[1]: Reached target User and Group Name Lookups.
[    2.186021] systemd[1]: Reached target Remote File Systems.
[    2.186029] systemd[1]: Reached target Slices.
[    2.186511] systemd[1]: Listening on Syslog Socket.
[    2.186576] systemd[1]: Listening on fsck to fsckd communication Socket.
[    2.186613] systemd[1]: Listening on initctl Compatibility Named Pipe.
[    2.186752] systemd[1]: Listening on Journal Audit Socket.
[    2.186802] systemd[1]: Listening on Journal Socket (/dev/log).
[    2.186868] systemd[1]: Listening on Journal Socket.
[    2.186933] systemd[1]: Listening on udev Control Socket.
[    2.186972] systemd[1]: Listening on udev Kernel Socket.
[    2.187768] systemd[1]: Mounting Huge Pages File System...
[    2.188684] systemd[1]: Mounting POSIX Message Queue File System...
[    2.189527] systemd[1]: Mounting Kernel Debug File System...
[    2.190360] systemd[1]: Mounting Kernel Trace File System...
[    2.192298] systemd[1]: Starting Journal Service...
[    2.214016] systemd[1]: Starting Set the console keyboard layout...
[    2.222289] systemd[1]: Starting Create list of static device nodes for the current kernel...
[    2.224339] systemd[1]: Starting Load Kernel Module drm...
[    2.225603] systemd[1]: Condition check resulted in Set Up Additional Binary Formats being skipped.
[    2.225665] systemd[1]: Condition check resulted in File System Check on Root Device being skipped.
[    2.236458] systemd[1]: Starting Load Kernel Modules...
[    2.243081] systemd[1]: Starting Remount Root and Kernel File Systems...
[    2.255633] systemd[1]: Starting udev Coldplug all Devices...
[    2.269165] systemd[1]: Starting Uncomplicated firewall...
[    2.270790] systemd[1]: Mounted Huge Pages File System.
[    2.270907] systemd[1]: Mounted POSIX Message Queue File System.
[    2.271021] systemd[1]: Mounted Kernel Debug File System.
[    2.271114] systemd[1]: Mounted Kernel Trace File System.
[    2.272076] EXT4-fs (sda2): re-mounted. Opts: errors=remount-ro
[    2.300358] systemd[1]: Finished Create list of static device nodes for the current kernel.
[    2.301296] systemd[1]: modprobe@drm.service: Succeeded.
[    2.308407] systemd[1]: Finished Load Kernel Module drm.
[    2.308826] systemd[1]: Finished Remount Root and Kernel File Systems.
[    2.325263] lp: driver loaded but no devices found
[    2.326570] systemd[1]: Finished Uncomplicated firewall.
[    2.342627] systemd[1]: Condition check resulted in Rebuild Hardware Database being skipped.
[    2.342693] systemd[1]: Condition check resulted in Platform Persistent Storage Archival being skipped.
[    2.345065] systemd[1]: Starting Load/Save Random Seed...
[    2.347098] ppdev: user-space parallel port driver
[    2.361094] systemd[1]: Starting Create System Users...
[    2.367213] systemd[1]: Finished Load/Save Random Seed.
[    2.370425] systemd[1]: Finished Create System Users.
[    2.371196] systemd[1]: Starting Create Static Device Nodes in /dev...
[    2.392545] systemd[1]: Finished Create Static Device Nodes in /dev.
[    2.393596] systemd[1]: Starting udev Kernel Device Manager...
[    2.445686] systemd[1]: Finished udev Coldplug all Devices.
[    2.448724] [drm] DMA map mode: Caching DMA mappings.
[    2.448788] [drm] Capabilities:
[    2.448788] [drm]   Rect copy.
[    2.448789] [drm]   Cursor.
[    2.448789] [drm]   Cursor bypass.
[    2.448789] [drm]   Cursor bypass 2.
[    2.448790] [drm]   Alpha cursor.
[    2.448790] [drm]   Extended Fifo.
[    2.448790] [drm]   Pitchlock.
[    2.448791] [drm]   Irq mask.
[    2.448791] [drm]   GMR.
[    2.448791] [drm]   Traces.
[    2.448792] [drm]   GMR2.
[    2.448792] [drm]   Screen Object 2.
[    2.448793] [drm]   Command Buffers.
[    2.448793] [drm]   Command Buffers 2.
[    2.448793] [drm]   Guest Backed Resources.
[    2.448794] [drm] Max GMR ids is 8192
[    2.448795] [drm] Max number of GMR pages is 1048576
[    2.448795] [drm] Max dedicated hypervisor surface memory is 393216 kiB
[    2.448796] [drm] Maximum display memory size is 131072 kiB
[    2.448797] [drm] VRAM at 0xe0000000 size is 131072 kiB
[    2.448797] [drm] MMIO at 0xf0000000 size is 2048 kiB
[    2.449842] [TTM] Zone  kernel: Available graphics memory: 1011738 KiB
[    2.449843] [TTM] Initializing pool allocator
[    2.449847] [TTM] Initializing DMA pool allocator
[    2.449878] [drm] Supports vblank timestamp caching Rev 2 (21.10.2013).
[    2.449878] [drm] No driver support for vblank timestamp query.
[    2.450145] [drm] Screen Target Display device initialized
[    2.450387] [drm] width 720
[    2.450396] [drm] height 400
[    2.450400] [drm] bpp 32
[    2.450925] [drm] Fifo max 0x00200000 min 0x00001000 cap 0x00000355
[    2.452502] [drm] Using command buffers with DMA pool.
[    2.452506] [drm] DX: no.
[    2.452507] [drm] Atomic: yes.
[    2.452507] [drm] SM4_1: no.
[    2.452529] [drm:vmw_host_log [vmwgfx]] *ERROR* Failed to send host log message.
[    2.453433] [drm:vmw_host_log [vmwgfx]] *ERROR* Failed to send host log message.
[    2.458930] fbcon: svgadrmfb (fb0) is primary device
[    2.467671] Console: switching to colour frame buffer device 100x37
[    2.471430] [drm] Initialized vmwgfx 2.15.0 20180704 for 0000:00:02.0 on minor 0
[    2.473006] systemd[1]: Finished Load Kernel Modules.
[    2.473919] systemd[1]: Mounting FUSE Control File System...
[    2.474831] systemd[1]: Mounting Kernel Configuration File System...
[    2.475653] systemd[1]: Starting Apply Kernel Variables...
[    2.505202] systemd[1]: Mounted FUSE Control File System.
[    2.505277] systemd[1]: Condition check resulted in VMware vmblock fuse mount being skipped.
[    2.508343] systemd[1]: Mounted Kernel Configuration File System.
[    2.513887] systemd[1]: Finished Set the console keyboard layout.
[    2.513987] systemd[1]: Reached target Local File Systems (Pre).
[    2.519868] systemd[1]: Mounting Mount unit for bare, revision 5...
[    2.524291] systemd[1]: Mounting Mount unit for core18, revision 1705...
[    2.540007] systemd[1]: Mounting Mount unit for gnome-3-34-1804, revision 24...
[    2.561795] systemd[1]: Mounting Mount unit for gtk-common-themes, revision 1506...
[    2.568187] systemd[1]: Mounting Mount unit for gtk-common-themes, revision 1535...
[    2.573589] systemd[1]: Mounting Mount unit for snap-store, revision 433...
[    2.580369] systemd[1]: Mounting Mount unit for snapd, revision 25935...
[    2.605640] systemd[1]: Finished Apply Kernel Variables.
[    2.607410] systemd[1]: Mounted Mount unit for bare, revision 5.
[    2.630716] systemd[1]: Mounted Mount unit for gnome-3-34-1804, revision 24.
[    2.636361] systemd[1]: Mounted Mount unit for core18, revision 1705.
[    2.636452] systemd[1]: Mounted Mount unit for gtk-common-themes, revision 1506.
[    2.637120] systemd[1]: Started udev Kernel Device Manager.
[    2.638817] systemd[1]: Starting Show Plymouth Boot Screen...
[    2.642828] systemd[1]: Received SIGRTMIN+20 from PID 275 (plymouthd).
[    2.666747] systemd[1]: Started Show Plymouth Boot Screen.
[    2.667019] systemd[1]: Condition check resulted in Dispatch Password Requests to Console Directory Watch being skipped.
[    2.667122] systemd[1]: Started Forward Password Requests to Plymouth Directory Watch.
[    2.667190] systemd[1]: Reached target Local Encrypted Volumes.
[    2.701931] systemd[1]: Mounted Mount unit for gtk-common-themes, revision 1535.
[    2.702196] systemd[1]: Mounted Mount unit for snap-store, revision 433.
[    2.702377] systemd[1]: Mounted Mount unit for snapd, revision 25935.
[    2.702526] systemd[1]: Reached target Local File Systems.
[    2.705143] systemd[1]: Starting Load AppArmor profiles...
[    2.706048] systemd[1]: Starting Set console font and keymap...
[    2.720542] systemd[1]: Starting Tell Plymouth To Write Out Runtime Data...
[    2.723516] systemd[1]: Condition check resulted in Store a System Token in an EFI Variable being skipped.
[    2.723548] systemd[1]: Condition check resulted in Commit a transient machine-id on disk being skipped.
[    2.724465] systemd[1]: Finished Set console font and keymap.
[    2.734271] systemd[1]: Received SIGRTMIN+20 from PID 275 (plymouthd).
[    2.735755] systemd[1]: plymouth-read-write.service: Succeeded.
[    2.735996] systemd[1]: Finished Tell Plymouth To Write Out Runtime Data.
[    2.760233] audit: type=1400 audit(1768671753.604:2): apparmor="STATUS" operation="profile_load" profile="unconfined" name="nvidia_modprobe" pid=300 comm="apparmor_parser"
[    2.760235] audit: type=1400 audit(1768671753.604:3): apparmor="STATUS" operation="profile_load" profile="unconfined" name="nvidia_modprobe//kmod" pid=300 comm="apparmor_parser"
[    2.771068] audit: type=1400 audit(1768671753.612:4): apparmor="STATUS" operation="profile_load" profile="unconfined" name="/usr/sbin/tcpdump" pid=301 comm="apparmor_parser"
[    2.827002] audit: type=1400 audit(1768671753.668:5): apparmor="STATUS" operation="profile_load" profile="unconfined" name="/usr/bin/evince" pid=303 comm="apparmor_parser"
[    2.827005] audit: type=1400 audit(1768671753.668:6): apparmor="STATUS" operation="profile_load" profile="unconfined" name="/usr/bin/evince//sanitized_helper" pid=303 comm="apparmor_parser"
[    2.827006] audit: type=1400 audit(1768671753.668:7): apparmor="STATUS" operation="profile_load" profile="unconfined" name="/usr/bin/evince-previewer" pid=303 comm="apparmor_parser"
[    2.827007] audit: type=1400 audit(1768671753.668:8): apparmor="STATUS" operation="profile_load" profile="unconfined" name="/usr/bin/evince-previewer//sanitized_helper" pid=303 comm="apparmor_parser"
[    2.827009] audit: type=1400 audit(1768671753.668:9): apparmor="STATUS" operation="profile_load" profile="unconfined" name="/usr/bin/evince-thumbnailer" pid=303 comm="apparmor_parser"
[    2.839238] audit: type=1400 audit(1768671753.680:10): apparmor="STATUS" operation="profile_load" profile="unconfined" name="/usr/lib/cups/backend/cups-pdf" pid=304 comm="apparmor_parser"
[    2.918206] systemd[1]: Finished Load AppArmor profiles.
[    2.919169] systemd[1]: Starting Load AppArmor profiles managed internally by snapd...
[    3.034021] systemd[1]: Finished Load AppArmor profiles managed internally by snapd.
[    3.190642] systemd[1]: Started Journal Service.
[    3.201212] systemd-journald[229]: Received client request to flush runtime journal.
[    3.204787] systemd-journald[229]: File /var/log/journal/c455b248004a419c87ce85eea238d727/system.journal corrupted or uncleanly shut down, renaming and replacing.
[    4.577774] RAPL PMU: API unit is 2^-32 Joules, 0 fixed counters, 10737418240 ms ovfl timer
[    4.668045] cryptd: max_cpu_qlen set to 1000
[    4.712969] AVX2 version of gcm_enc/dec engaged.
[    4.712970] AES CTR mode by8 optimization enabled
[    6.575286] Adding 1998844k swap on /dev/sda1.  Priority:-2 extents:1 across:1998844k FS
[    8.495149] kauditd_printk_skb: 30 callbacks suppressed
[    8.495150] audit: type=1400 audit(1768671759.336:41): apparmor="DENIED" operation="capable" profile="/usr/sbin/cups-browsed" pid=510 comm="cups-browsed" capability=23  capname="sys_nice"
[    9.180010] pcnet32 0000:00:03.0 enp0s3: link up, 100Mbps, full-duplex
[    9.229096] e1000: enp0s8 NIC Link is Up 1000 Mbps Full Duplex, Flow Control: RX
[    9.229392] IPv6: ADDRCONF(NETDEV_CHANGE): enp0s8: link becomes ready
[    9.248574] e1000: enp0s9 NIC Link is Up 1000 Mbps Full Duplex, Flow Control: RX
[    9.248862] IPv6: ADDRCONF(NETDEV_CHANGE): enp0s9: link becomes ready
[    9.886515] device enp0s3 entered promiscuous mode
[    9.901965] audit: type=1400 audit(1768671760.744:42): apparmor="DENIED" operation="open" profile="/usr/sbin/tcpdump" name="/proc/sys/kernel/random/boot_id" pid=667 comm="tcpdump" requested_mask="r" denied_mask="r" fsuid=0 ouid=0
[    9.903623] audit: type=1400 audit(1768671760.744:43): apparmor="DENIED" operation="open" profile="/usr/sbin/tcpdump" name="/proc/sys/kernel/random/boot_id" pid=667 comm="tcpdump" requested_mask="r" denied_mask="r" fsuid=0 ouid=0
[    9.903761] audit: type=1400 audit(1768671760.744:44): apparmor="DENIED" operation="open" profile="/usr/sbin/tcpdump" name="/proc/sys/kernel/random/boot_id" pid=667 comm="tcpdump" requested_mask="r" denied_mask="r" fsuid=0 ouid=0
[    9.903819] audit: type=1400 audit(1768671760.744:45): apparmor="DENIED" operation="open" profile="/usr/sbin/tcpdump" name="/proc/sys/kernel/random/boot_id" pid=667 comm="tcpdump" requested_mask="r" denied_mask="r" fsuid=0 ouid=0
[    9.914489] audit: type=1400 audit(1768671760.756:46): apparmor="DENIED" operation="open" profile="/usr/sbin/tcpdump" name="/proc/sys/kernel/random/boot_id" pid=668 comm="tcpdump" requested_mask="r" denied_mask="r" fsuid=0 ouid=0
[    9.915869] audit: type=1400 audit(1768671760.756:47): apparmor="DENIED" operation="open" profile="/usr/sbin/tcpdump" name="/proc/sys/kernel/random/boot_id" pid=668 comm="tcpdump" requested_mask="r" denied_mask="r" fsuid=0 ouid=0
[    9.915909] audit: type=1400 audit(1768671760.756:48): apparmor="DENIED" operation="open" profile="/usr/sbin/tcpdump" name="/proc/sys/kernel/random/boot_id" pid=668 comm="tcpdump" requested_mask="r" denied_mask="r" fsuid=0 ouid=0
[    9.915969] audit: type=1400 audit(1768671760.756:49): apparmor="DENIED" operation="open" profile="/usr/sbin/tcpdump" name="/proc/sys/kernel/random/boot_id" pid=668 comm="tcpdump" requested_mask="r" denied_mask="r" fsuid=0 ouid=0
[   15.877591] rfkill: input handler disabled
[  162.317616] AAAAA-TCP_FORW: name:enp0s3: saddr:100932208: daddr:16783984
[  162.531686] AAAAA-TCP_FORW: name:enp0s3: saddr:16783984: daddr:100932208
[  162.561859] AAAAA-TCP_FORW: name:enp0s3: saddr:100932208: daddr:16783984
[  162.592456] AAAAA-TCP_FORW: name:enp0s3: saddr:100932208: daddr:16783984
[  162.615666] AAAAA-TCP_FORW: name:enp0s3: saddr:16783984: daddr:100932208
[  162.765041] AAAAA-TCP_FORW: name:enp0s3: saddr:100932208: daddr:16783984
[  162.834705] AAAAA-TCP_FORW: name:enp0s3: saddr:16783984: daddr:100932208
[  162.892144] AAAAA-TCP_FORW: name:enp0s3: saddr:16783984: daddr:100932208
[  162.909851] AAAAA-TCP_FORW: name:enp0s3: saddr:16783984: daddr:100932208
[  162.966706] AAAAA-TCP_FORW: name:enp0s3: saddr:100932208: daddr:33561200
[  163.020459] AAAAA-TCP_FORW: name:enp0s3: saddr:100932208: daddr:16783984
[  163.044137] AAAAA-TCP_FORW: name:enp0s3: saddr:100932208: daddr:16783984
[  163.217256] AAAAA-TCP_FORW: name:enp0s3: saddr:33561200: daddr:100932208
[  163.321430] AAAAA-TCP_FORW: name:enp0s3: saddr:100932208: daddr:33561200
[  163.391010] AAAAA-TCP_FORW: name:enp0s3: saddr:16783984: daddr:100932208
[  163.488544] AAAAA-TCP_FORW: name:enp0s3: saddr:100932208: daddr:16783984
[  163.857402] AAAAA-TCP_FORW: name:enp0s3: saddr:100932208: daddr:33561200
[  163.904687] AAAAA-TCP_FORW: name:enp0s3: saddr:100932208: daddr:16783984
[  164.080997] AAAAA-TCP_FORW: name:enp0s3: saddr:100932208: daddr:16783984
[  164.153806] AAAAA-TCP_FORW: name:enp0s3: saddr:100932208: daddr:16783984
[  164.321443] AAAAA-TCP_FORW: name:enp0s3: saddr:100932208: daddr:33561200
[  214.065964] AAAAA-TCP_FORW: name:enp0s3: saddr:100932208: daddr:16783984
[  214.122185] AAAAA-TCP_FORW: name:enp0s3: saddr:100932208: daddr:33561200
[  214.603484] AAAAA-TCP_FORW: name:enp0s3: saddr:100932208: daddr:33561200
[  214.879792] AAAAA-TCP_FORW: name:enp0s3: saddr:100932208: daddr:33561200
[  215.157354] AAAAA-TCP_FORW: name:enp0s3: saddr:100932208: daddr:33561200
[  251.925093] AAAAA-TCP_FORW: name:enp0s3: saddr:33561200: daddr:100932208
[  255.762758] AAAAA-TCP_FORW: name:enp0s3: saddr:16783984: daddr:100932208
[  256.576164] AAAAA-TCP_FORW: name:enp0s3: saddr:33561200: daddr:100932208
[  257.348114] AAAAA-TCP_FORW: name:enp0s3: saddr:33561200: daddr:100932208
[  262.832972] AAAAA-TCP_FORW: name:enp0s3: saddr:16783984: daddr:100932208
[  263.109480] AAAAA-TCP_FORW: name:enp0s3: saddr:16783984: daddr:100932208
[  263.259674] AAAAA-TCP_FORW: name:enp0s3: saddr:16783984: daddr:100932208
[  263.577856] AAAAA-TCP_FORW: name:enp0s3: saddr:16783984: daddr:100932208
[  263.724558] AAAAA-TCP_FORW: name:enp0s3: saddr:16783984: daddr:100932208
[  264.190039] AAAAA-TCP_FORW: name:enp0s3: saddr:16783984: daddr:100932208
[  264.442351] AAAAA-TCP_FORW: name:enp0s3: saddr:16783984: daddr:100932208
[  264.639159] AAAAA-TCP_FORW: name:enp0s3: saddr:16783984: daddr:100932208
[  264.815853] AAAAA-TCP_FORW: name:enp0s3: saddr:16783984: daddr:100932208
[  264.924395] AAAAA-TCP_FORW: name:enp0s3: saddr:16783984: daddr:100932208
[  265.180143] AAAAA-TCP_FORW: name:enp0s3: saddr:16783984: daddr:100932208
[  265.292888] AAAAA-TCP_FORW: name:enp0s3: saddr:16783984: daddr:100932208
[  265.818940] AAAAA-TCP_FORW: name:enp0s3: saddr:33561200: daddr:100932208
[  266.038633] AAAAA-TCP_FORW: name:enp0s3: saddr:33561200: daddr:100932208
[  282.266298] AAAAA-TCP_FORW: name:enp0s3: saddr:100932208: daddr:33561200
[  282.442230] AAAAA-TCP_FORW: name:enp0s3: saddr:33561200: daddr:100932208
[  297.626415] AAAAA-TCP_FORW: name:enp0s3: saddr:100932208: daddr:16783984
[  297.643949] AAAAA-TCP_FORW: name:enp0s3: saddr:16783984: daddr:100932208
[  297.713017] AAAAA-TCP_FORW: name:enp0s3: saddr:100932208: daddr:33561200
[  297.913640] AAAAA-TCP_FORW: name:enp0s3: saddr:100932208: daddr:16783984
[  298.007531] AAAAA-TCP_FORW: name:enp0s3: saddr:33561200: daddr:100932208
[  298.052664] AAAAA-TCP_FORW: name:enp0s3: saddr:100932208: daddr:16783984
[  298.282097] AAAAA-TCP_FORW: name:enp0s3: saddr:16783984: daddr:100932208
[  298.373650] AAAAA-TCP_FORW: name:enp0s3: saddr:100932208: daddr:33561200
[  298.405095] AAAAA-TCP_FORW: name:enp0s3: saddr:16783984: daddr:100932208
[  298.579571] AAAAA-TCP_FORW: name:enp0s3: saddr:100932208: daddr:16783984
[  298.629790] AAAAA-TCP_FORW: name:enp0s3: saddr:100932208: daddr:16783984
[  298.649655] AAAAA-TCP_FORW: name:enp0s3: saddr:33561200: daddr:100932208
[  298.702819] AAAAA-TCP_FORW: name:enp0s3: saddr:100932208: daddr:16783984
[  298.725201] AAAAA-TCP_FORW: name:enp0s3: saddr:100932208: daddr:16783984
[  298.753670] AAAAA-TCP_FORW: name:enp0s3: saddr:16783984: daddr:100932208
[  298.788112] AAAAA-TCP_FORW: name:enp0s3: saddr:16783984: daddr:100932208
[  298.807675] AAAAA-TCP_FORW: name:enp0s3: saddr:100932208: daddr:33561200
[  298.839581] AAAAA-TCP_FORW: name:enp0s3: saddr:100932208: daddr:33561200
[  298.861973] AAAAA-TCP_FORW: name:enp0s3: saddr:16783984: daddr:100932208
[  298.905440] AAAAA-TCP_FORW: name:enp0s3: saddr:16783984: daddr:100932208
[  298.937852] AAAAA-TCP_FORW: name:enp0s3: saddr:100932208: daddr:16783984
[  298.974706] AAAAA-TCP_FORW: name:enp0s3: saddr:100932208: daddr:16783984
[  298.990927] AAAAA-TCP_FORW: name:enp0s3: saddr:33561200: daddr:100932208
[  299.002657] AAAAA-TCP_FORW: name:enp0s3: saddr:100932208: daddr:16783984
[  299.047749] AAAAA-TCP_FORW: name:enp0s3: saddr:33561200: daddr:100932208
[  299.076091] AAAAA-TCP_FORW: name:enp0s3: saddr:100932208: daddr:16783984
[  299.108573] AAAAA-TCP_FORW: name:enp0s3: saddr:100932208: daddr:16783984
[  299.129615] AAAAA-TCP_FORW: name:enp0s3: saddr:100932208: daddr:16783984
[  299.147255] AAAAA-TCP_FORW: name:enp0s3: saddr:100932208: daddr:16783984
[  299.169756] AAAAA-TCP_FORW: name:enp0s3: saddr:16783984: daddr:100932208
[  299.184296] AAAAA-TCP_FORW: name:enp0s3: saddr:100932208: daddr:16783984
[  299.205123] AAAAA-TCP_FORW: name:enp0s3: saddr:16783984: daddr:100932208
[  299.236385] AAAAA-TCP_FORW: name:enp0s3: saddr:100932208: daddr:33561200
[  299.267638] AAAAA-TCP_FORW: name:enp0s3: saddr:16783984: daddr:100932208
[  299.289139] AAAAA-TCP_FORW: name:enp0s3: saddr:100932208: daddr:33561200
[  299.340709] AAAAA-TCP_FORW: name:enp0s3: saddr:16783984: daddr:100932208
[  299.365104] AAAAA-TCP_FORW: name:enp0s3: saddr:16783984: daddr:100932208
[  299.399258] AAAAA-TCP_FORW: name:enp0s3: saddr:16783984: daddr:100932208
[  299.423777] AAAAA-TCP_FORW: name:enp0s3: saddr:16783984: daddr:100932208
[  299.464118] AAAAA-TCP_FORW: name:enp0s3: saddr:100932208: daddr:16783984
[  299.486059] AAAAA-TCP_FORW: name:enp0s3: saddr:16783984: daddr:100932208
[  299.551979] AAAAA-TCP_FORW: name:enp0s3: saddr:33561200: daddr:100932208
[  299.588722] AAAAA-TCP_FORW: name:enp0s3: saddr:33561200: daddr:100932208
[  299.707211] AAAAA-TCP_FORW: name:enp0s3: saddr:16783984: daddr:100932208
[  299.761468] AAAAA-TCP_FORW: name:enp0s3: saddr:100932208: daddr:33561200
[  299.801093] AAAAA-TCP_FORW: name:enp0s3: saddr:100932208: daddr:33561200
[  299.828177] AAAAA-TCP_FORW: name:enp0s3: saddr:100932208: daddr:16783984
[  299.845170] AAAAA-TCP_FORW: name:enp0s3: saddr:100932208: daddr:16783984
[  299.858345] AAAAA-TCP_FORW: name:enp0s3: saddr:33561200: daddr:100932208
[  299.876291] AAAAA-TCP_FORW: name:enp0s3: saddr:100932208: daddr:16783984
[  299.904878] AAAAA-TCP_FORW: name:enp0s3: saddr:33561200: daddr:100932208
[  299.919434] AAAAA-TCP_FORW: name:enp0s3: saddr:100932208: daddr:16783984
[  299.938150] AAAAA-TCP_FORW: name:enp0s3: saddr:16783984: daddr:100932208
[  299.946470] AAAAA-TCP_FORW: name:enp0s3: saddr:100932208: daddr:16783984
[  299.984564] AAAAA-TCP_FORW: name:enp0s3: saddr:100932208: daddr:16783984
[  300.001036] AAAAA-TCP_FORW: name:enp0s3: saddr:16783984: daddr:100932208
[  300.015100] AAAAA-TCP_FORW: name:enp0s3: saddr:100932208: daddr:16783984
[  300.040553] AAAAA-TCP_FORW: name:enp0s3: saddr:100932208: daddr:16783984
[  300.078429] AAAAA-TCP_FORW: name:enp0s3: saddr:16783984: daddr:100932208
[  300.088822] AAAAA-TCP_FORW: name:enp0s3: saddr:100932208: daddr:16783984
[  300.105897] AAAAA-TCP_FORW: name:enp0s3: saddr:100932208: daddr:33561200
[  300.142986] AAAAA-TCP_FORW: name:enp0s3: saddr:100932208: daddr:33561200
[  300.168558] AAAAA-TCP_FORW: name:enp0s3: saddr:16783984: daddr:100932208
[  300.222740] AAAAA-TCP_FORW: name:enp0s3: saddr:100932208: daddr:16783984
[  300.251052] AAAAA-TCP_FORW: name:enp0s3: saddr:16783984: daddr:100932208
[  300.278866] AAAAA-TCP_FORW: name:enp0s3: saddr:16783984: daddr:100932208
[  300.295215] AAAAA-TCP_FORW: name:enp0s3: saddr:100932208: daddr:16783984
[  300.323630] AAAAA-TCP_FORW: name:enp0s3: saddr:16783984: daddr:100932208
[  300.387601] AAAAA-TCP_FORW: name:enp0s3: saddr:16783984: daddr:100932208
[  300.412676] AAAAA-TCP_FORW: name:enp0s3: saddr:100932208: daddr:16783984
[  300.453993] AAAAA-TCP_FORW: name:enp0s3: saddr:16783984: daddr:100932208
[  300.475940] AAAAA-TCP_FORW: name:enp0s3: saddr:33561200: daddr:100932208
[  300.498846] AAAAA-TCP_FORW: name:enp0s3: saddr:33561200: daddr:100932208
[  300.522745] AAAAA-TCP_FORW: name:enp0s3: saddr:100932208: daddr:16783984
[  300.551340] AAAAA-TCP_FORW: name:enp0s3: saddr:16783984: daddr:100932208
[  300.597093] AAAAA-TCP_FORW: name:enp0s3: saddr:100932208: daddr:16783984
[  300.631884] AAAAA-TCP_FORW: name:enp0s3: saddr:100932208: daddr:16783984
[  300.649986] AAAAA-TCP_FORW: name:enp0s3: saddr:16783984: daddr:100932208
[  300.666653] AAAAA-TCP_FORW: name:enp0s3: saddr:100932208: daddr:16783984
[  300.767976] AAAAA-TCP_FORW: name:enp0s3: saddr:100932208: daddr:16783984
[  300.797266] AAAAA-TCP_FORW: name:enp0s3: saddr:100932208: daddr:16783984
[  300.859138] AAAAA-TCP_FORW: name:enp0s3: saddr:16783984: daddr:100932208
[  300.883244] AAAAA-TCP_FORW: name:enp0s3: saddr:100932208: daddr:16783984
[  300.906192] AAAAA-TCP_FORW: name:enp0s3: saddr:100932208: daddr:33561200
[  300.931879] AAAAA-TCP_FORW: name:enp0s3: saddr:100932208: daddr:33561200
[  300.956923] AAAAA-TCP_FORW: name:enp0s3: saddr:16783984: daddr:100932208
[  300.979283] AAAAA-TCP_FORW: name:enp0s3: saddr:100932208: daddr:16783984
[  301.022669] AAAAA-TCP_FORW: name:enp0s3: saddr:16783984: daddr:100932208
[  301.052370] AAAAA-TCP_FORW: name:enp0s3: saddr:16783984: daddr:100932208
[  301.066327] AAAAA-TCP_FORW: name:enp0s3: saddr:100932208: daddr:16783984
[  301.091729] AAAAA-TCP_FORW: name:enp0s3: saddr:16783984: daddr:100932208
[  301.177762] AAAAA-TCP_FORW: name:enp0s3: saddr:16783984: daddr:100932208
[  301.198898] AAAAA-TCP_FORW: name:enp0s3: saddr:16783984: daddr:100932208
[  301.219298] AAAAA-TCP_FORW: name:enp0s3: saddr:100932208: daddr:16783984
[  301.257881] AAAAA-TCP_FORW: name:enp0s3: saddr:16783984: daddr:100932208
[  301.288699] AAAAA-TCP_FORW: name:enp0s3: saddr:33561200: daddr:100932208
[  301.313461] AAAAA-TCP_FORW: name:enp0s3: saddr:33561200: daddr:100932208
[  301.334556] AAAAA-TCP_FORW: name:enp0s3: saddr:100932208: daddr:16783984
[  301.360655] AAAAA-TCP_FORW: name:enp0s3: saddr:16783984: daddr:100932208
[  301.397493] AAAAA-TCP_FORW: name:enp0s3: saddr:100932208: daddr:16783984
[  301.423202] AAAAA-TCP_FORW: name:enp0s3: saddr:100932208: daddr:16783984
[  301.450792] AAAAA-TCP_FORW: name:enp0s3: saddr:16783984: daddr:100932208
[  301.489783] AAAAA-TCP_FORW: name:enp0s3: saddr:100932208: daddr:16783984
[  301.558525] AAAAA-TCP_FORW: name:enp0s3: saddr:100932208: daddr:16783984
[  301.600089] AAAAA-TCP_FORW: name:enp0s3: saddr:100932208: daddr:16783984
[  301.638072] AAAAA-TCP_FORW: name:enp0s3: saddr:16783984: daddr:100932208
[  301.664325] AAAAA-TCP_FORW: name:enp0s3: saddr:100932208: daddr:16783984
[  301.710265] AAAAA-TCP_FORW: name:enp0s3: saddr:100932208: daddr:16783984
[  301.749174] AAAAA-TCP_FORW: name:enp0s3: saddr:100932208: daddr:33561200
[  301.804408] AAAAA-TCP_FORW: name:enp0s3: saddr:100932208: daddr:33561200
[  301.828663] AAAAA-TCP_FORW: name:enp0s3: saddr:16783984: daddr:100932208
[  301.850921] AAAAA-TCP_FORW: name:enp0s3: saddr:100932208: daddr:16783984
[  301.877038] AAAAA-TCP_FORW: name:enp0s3: saddr:16783984: daddr:100932208
[  301.906370] AAAAA-TCP_FORW: name:enp0s3: saddr:16783984: daddr:100932208
[  301.916202] AAAAA-TCP_FORW: name:enp0s3: saddr:100932208: daddr:16783984
[  301.954035] AAAAA-TCP_FORW: name:enp0s3: saddr:16783984: daddr:100932208
[  301.997412] AAAAA-TCP_FORW: name:enp0s3: saddr:16783984: daddr:100932208
[  302.021830] AAAAA-TCP_FORW: name:enp0s3: saddr:16783984: daddr:100932208
[  302.050960] AAAAA-TCP_FORW: name:enp0s3: saddr:100932208: daddr:16783984
[  302.117028] AAAAA-TCP_FORW: name:enp0s3: saddr:16783984: daddr:100932208
[  302.171929] AAAAA-TCP_FORW: name:enp0s3: saddr:16783984: daddr:100932208
[  302.525283] AAAAA-TCP_FORW: name:enp0s3: saddr:33561200: daddr:100932208
[  302.566546] AAAAA-TCP_FORW: name:enp0s3: saddr:100932208: daddr:16783984
[  302.666856] AAAAA-TCP_FORW: name:enp0s3: saddr:33561200: daddr:100932208
[  302.691863] AAAAA-TCP_FORW: name:enp0s3: saddr:100932208: daddr:16783984
[  302.728364] AAAAA-TCP_FORW: name:enp0s3: saddr:16783984: daddr:100932208
[  302.814604] AAAAA-TCP_FORW: name:enp0s3: saddr:100932208: daddr:16783984
[  302.854397] AAAAA-TCP_FORW: name:enp0s3: saddr:16783984: daddr:100932208
[  302.920584] AAAAA-TCP_FORW: name:enp0s3: saddr:100932208: daddr:16783984
[  302.982013] AAAAA-TCP_FORW: name:enp0s3: saddr:100932208: daddr:16783984
[  303.042990] AAAAA-TCP_FORW: name:enp0s3: saddr:100932208: daddr:16783984
[  303.072086] AAAAA-TCP_FORW: name:enp0s3: saddr:16783984: daddr:100932208
[  303.163420] AAAAA-TCP_FORW: name:enp0s3: saddr:100932208: daddr:16783984
[  303.257867] AAAAA-TCP_FORW: name:enp0s3: saddr:100932208: daddr:16783984
[  303.414844] AAAAA-TCP_FORW: name:enp0s3: saddr:100932208: daddr:33561200
[  303.463764] AAAAA-TCP_FORW: name:enp0s3: saddr:16783984: daddr:100932208
[  303.620148] AAAAA-TCP_FORW: name:enp0s3: saddr:100932208: daddr:33561200
[  303.718821] AAAAA-TCP_FORW: name:enp0s3: saddr:16783984: daddr:100932208
[  303.785221] AAAAA-TCP_FORW: name:enp0s3: saddr:100932208: daddr:16783984
[  303.837032] AAAAA-TCP_FORW: name:enp0s3: saddr:16783984: daddr:100932208
[  303.875004] AAAAA-TCP_FORW: name:enp0s3: saddr:100932208: daddr:16783984
[  303.982448] AAAAA-TCP_FORW: name:enp0s3: saddr:16783984: daddr:100932208
[  304.060564] AAAAA-TCP_FORW: name:enp0s3: saddr:16783984: daddr:100932208
[  304.128465] AAAAA-TCP_FORW: name:enp0s3: saddr:16783984: daddr:100932208
[  304.232908] AAAAA-TCP_FORW: name:enp0s3: saddr:100932208: daddr:16783984
[  304.322729] AAAAA-TCP_FORW: name:enp0s3: saddr:16783984: daddr:100932208
[  304.374484] AAAAA-TCP_FORW: name:enp0s3: saddr:16783984: daddr:100932208
[  304.460973] AAAAA-TCP_FORW: name:enp0s3: saddr:33561200: daddr:100932208
[  304.584342] AAAAA-TCP_FORW: name:enp0s3: saddr:100932208: daddr:16783984
[  304.698473] AAAAA-TCP_FORW: name:enp0s3: saddr:33561200: daddr:100932208
[  304.762071] AAAAA-TCP_FORW: name:enp0s3: saddr:100932208: daddr:16783984
[  304.835731] AAAAA-TCP_FORW: name:enp0s3: saddr:100932208: daddr:16783984
[  304.909079] AAAAA-TCP_FORW: name:enp0s3: saddr:100932208: daddr:16783984
[  304.946958] AAAAA-TCP_FORW: name:enp0s3: saddr:16783984: daddr:100932208
[  304.977671] AAAAA-TCP_FORW: name:enp0s3: saddr:16783984: daddr:100932208
[  305.014923] AAAAA-TCP_FORW: name:enp0s3: saddr:100932208: daddr:16783984
[  305.043908] AAAAA-TCP_FORW: name:enp0s3: saddr:100932208: daddr:16783984
[  305.119462] AAAAA-TCP_FORW: name:enp0s3: saddr:100932208: daddr:16783984
[  305.153168] AAAAA-TCP_FORW: name:enp0s3: saddr:16783984: daddr:100932208
[  305.212550] AAAAA-TCP_FORW: name:enp0s3: saddr:100932208: daddr:16783984
[  305.244769] AAAAA-TCP_FORW: name:enp0s3: saddr:100932208: daddr:16783984
[  305.268669] AAAAA-TCP_FORW: name:enp0s3: saddr:100932208: daddr:33561200
[  305.333695] AAAAA-TCP_FORW: name:enp0s3: saddr:16783984: daddr:100932208
[  305.489377] AAAAA-TCP_FORW: name:enp0s3: saddr:100932208: daddr:33561200
[  305.594090] AAAAA-TCP_FORW: name:enp0s3: saddr:16783984: daddr:100932208
[  305.656430] AAAAA-TCP_FORW: name:enp0s3: saddr:16783984: daddr:100932208
[  305.740414] AAAAA-TCP_FORW: name:enp0s3: saddr:16783984: daddr:100932208
[  305.961051] AAAAA-TCP_FORW: name:enp0s3: saddr:100932208: daddr:16783984
[  306.034866] AAAAA-TCP_FORW: name:enp0s3: saddr:100932208: daddr:16783984
[  306.127523] AAAAA-TCP_FORW: name:enp0s3: saddr:16783984: daddr:100932208
[  306.262303] AAAAA-TCP_FORW: name:enp0s3: saddr:100932208: daddr:16783984
[  306.288416] AAAAA-TCP_FORW: name:enp0s3: saddr:16783984: daddr:100932208
[  306.352581] AAAAA-TCP_FORW: name:enp0s3: saddr:16783984: daddr:100932208
[  306.414309] AAAAA-TCP_FORW: name:enp0s3: saddr:16783984: daddr:100932208
[  306.429276] AAAAA-TCP_FORW: name:enp0s3: saddr:100932208: daddr:16783984
[  306.449968] AAAAA-TCP_FORW: name:enp0s3: saddr:16783984: daddr:100932208
[  306.486435] AAAAA-TCP_FORW: name:enp0s3: saddr:33561200: daddr:100932208
[  306.500804] AAAAA-TCP_FORW: name:enp0s3: saddr:33561200: daddr:100932208
[  306.517025] AAAAA-TCP_FORW: name:enp0s3: saddr:100932208: daddr:16783984
[  306.546429] AAAAA-TCP_FORW: name:enp0s3: saddr:100932208: daddr:16783984
[  306.598213] AAAAA-TCP_FORW: name:enp0s3: saddr:100932208: daddr:16783984
[  306.741887] AAAAA-TCP_FORW: name:enp0s3: saddr:16783984: daddr:100932208
[  306.921394] AAAAA-TCP_FORW: name:enp0s3: saddr:16783984: daddr:100932208
[  307.071861] AAAAA-TCP_FORW: name:enp0s3: saddr:100932208: daddr:16783984
[  307.269893] AAAAA-TCP_FORW: name:enp0s3: saddr:100932208: daddr:16783984
[  307.276105] AAAAA-TCP_FORW: name:enp0s3: saddr:16783984: daddr:100932208
[  307.478177] AAAAA-TCP_FORW: name:enp0s3: saddr:100932208: daddr:16783984
[  307.555731] AAAAA-TCP_FORW: name:enp0s3: saddr:100932208: daddr:16783984
[  307.597223] AAAAA-TCP_FORW: name:enp0s3: saddr:100932208: daddr:16783984
[  307.653961] AAAAA-TCP_FORW: name:enp0s3: saddr:100932208: daddr:16783984
[  307.677576] AAAAA-TCP_FORW: name:enp0s3: saddr:16783984: daddr:100932208
[  307.730320] AAAAA-TCP_FORW: name:enp0s3: saddr:100932208: daddr:33561200
[  307.823536] AAAAA-TCP_FORW: name:enp0s3: saddr:100932208: daddr:33561200
[  307.916331] AAAAA-TCP_FORW: name:enp0s3: saddr:100932208: daddr:16783984
[  307.963980] AAAAA-TCP_FORW: name:enp0s3: saddr:100932208: daddr:16783984
[  308.311059] AAAAA-TCP_FORW: name:enp0s3: saddr:100932208: daddr:16783984
[  309.300238] AAAAA-TCP_FORW: name:enp0s3: saddr:100932208: daddr:16783984
[  312.246300] AAAAA-TCP_FORW: name:enp0s3: saddr:100932208: daddr:33561200
[  313.826572] AAAAA-TCP_FORW: name:enp0s3: saddr:100932208: daddr:16783984
[  544.359689] rfkill: input handler enabled
[  553.480469] rfkill: input handler disabled
[  736.755957] device enp0s3 left promiscuous mode
