[    0.000000] Linux version 5.4.243-mptcp (root@ztg) (gcc version 12.2.0 (Debian 12.2.0-14+deb12u1)) #53 SMP Wed Dec 24 23:28:15 CST 2025
[    0.000000] Command line: BOOT_IMAGE=/boot/vmlinuz-5.4.243-mptcp root=UUID=98415a12-53b7-4144-8265-0f7ece09e445 ro quiet splash
[    0.000000] KERNEL supported cpus:
[    0.000000]   Intel GenuineIntel
[    0.000000]   AMD AuthenticAMD
[    0.000000]   Hygon HygonGenuine
[    0.000000]   Centaur CentaurHauls
[    0.000000]   zhaoxin   Shanghai  
[    0.000000] x86/fpu: Supporting XSAVE feature 0x001: 'x87 floating point registers'
[    0.000000] x86/fpu: Supporting XSAVE feature 0x002: 'SSE registers'
[    0.000000] x86/fpu: Supporting XSAVE feature 0x004: 'AVX registers'
[    0.000000] x86/fpu: xstate_offset[2]:  576, xstate_sizes[2]:  256
[    0.000000] x86/fpu: Enabled xstate features 0x7, context size is 832 bytes, using 'standard' format.
[    0.000000] BIOS-provided physical RAM map:
[    0.000000] BIOS-e820: [mem 0x0000000000000000-0x000000000009fbff] usable
[    0.000000] BIOS-e820: [mem 0x000000000009fc00-0x000000000009ffff] reserved
[    0.000000] BIOS-e820: [mem 0x00000000000f0000-0x00000000000fffff] reserved
[    0.000000] BIOS-e820: [mem 0x0000000000100000-0x000000007ffeffff] usable
[    0.000000] BIOS-e820: [mem 0x000000007fff0000-0x000000007fffffff] ACPI data
[    0.000000] BIOS-e820: [mem 0x00000000fec00000-0x00000000fec00fff] reserved
[    0.000000] BIOS-e820: [mem 0x00000000fee00000-0x00000000fee00fff] reserved
[    0.000000] BIOS-e820: [mem 0x00000000fffc0000-0x00000000ffffffff] reserved
[    0.000000] NX (Execute Disable) protection: active
[    0.000000] SMBIOS 2.5 present.
[    0.000000] DMI: innotek GmbH VirtualBox/VirtualBox, BIOS VirtualBox 12/01/2006
[    0.000000] Hypervisor detected: KVM
[    0.000000] kvm-clock: Using msrs 4b564d01 and 4b564d00
[    0.000000] kvm-clock: cpu 0, msr 78201001, primary cpu clock
[    0.000000] kvm-clock: using sched offset of 4473531268 cycles
[    0.000003] clocksource: kvm-clock: mask: 0xffffffffffffffff max_cycles: 0x1cd42e4dffb, max_idle_ns: 881590591483 ns
[    0.000005] tsc: Detected 2100.000 MHz processor
[    0.001899] e820: update [mem 0x00000000-0x00000fff] usable ==> reserved
[    0.001901] e820: remove [mem 0x000a0000-0x000fffff] usable
[    0.001905] last_pfn = 0x7fff0 max_arch_pfn = 0x400000000
[    0.001974] MTRR default type: uncachable
[    0.001975] MTRR fixed ranges enabled:
[    0.001976]   00000-9FFFF write-back
[    0.001977]   A0000-BFFFF uncachable
[    0.001978]   C0000-FFFFF write-protect
[    0.001979] MTRR variable ranges enabled:
[    0.001980]   0 base 000000000000 mask 3FFF80000000 write-back
[    0.001981]   1 disabled
[    0.001982]   2 disabled
[    0.001982]   3 disabled
[    0.001982]   4 disabled
[    0.001983]   5 disabled
[    0.001983]   6 disabled
[    0.001984]   7 disabled
[    0.001984]   8 disabled
[    0.001984]   9 disabled
[    0.001985]   10 disabled
[    0.001985]   11 disabled
[    0.001986]   12 disabled
[    0.001986]   13 disabled
[    0.001987]   14 disabled
[    0.001987]   15 disabled
[    0.002003] x86/PAT: Configuration [0-7]: WB  WC  UC- UC  WB  WP  UC- WT  
[    0.002137] found SMP MP-table at [mem 0x0009fff0-0x0009ffff]
[    0.091817] check: Scanning 1 areas for low memory corruption
[    0.091973] RAMDISK: [mem 0x32271000-0x3512ffff]
[    0.091980] ACPI: Early table checksum verification disabled
[    0.091984] ACPI: RSDP 0x00000000000E0000 000024 (v02 VBOX  )
[    0.091989] ACPI: XSDT 0x000000007FFF0030 00003C (v01 VBOX   VBOXXSDT 00000001 ASL  00000061)
[    0.091995] ACPI: FACP 0x000000007FFF00F0 0000F4 (v04 VBOX   VBOXFACP 00000001 ASL  00000061)
[    0.092001] ACPI: DSDT 0x000000007FFF02E0 002353 (v02 VBOX   VBOXBIOS 00000002 VBOX 00029BF3)
[    0.092005] ACPI: FACS 0x000000007FFF0200 000040
[    0.092009] ACPI: FACS 0x000000007FFF0200 000040
[    0.092012] ACPI: APIC 0x000000007FFF0240 000054 (v02 VBOX   VBOXAPIC 00000001 ASL  00000061)
[    0.092015] ACPI: SSDT 0x000000007FFF02A0 000038 (v01 VBOX   VBOXCPUT 00000002 VBOX 00029BF3)
[    0.092019] ACPI: Reserving FACP table memory at [mem 0x7fff00f0-0x7fff01e3]
[    0.092020] ACPI: Reserving DSDT table memory at [mem 0x7fff02e0-0x7fff2632]
[    0.092020] ACPI: Reserving FACS table memory at [mem 0x7fff0200-0x7fff023f]
[    0.092021] ACPI: Reserving FACS table memory at [mem 0x7fff0200-0x7fff023f]
[    0.092022] ACPI: Reserving APIC table memory at [mem 0x7fff0240-0x7fff0293]
[    0.092022] ACPI: Reserving SSDT table memory at [mem 0x7fff02a0-0x7fff02d7]
[    0.092037] ACPI: Local APIC address 0xfee00000
[    0.092227] No NUMA configuration found
[    0.092228] Faking a node at [mem 0x0000000000000000-0x000000007ffeffff]
[    0.092238] NODE_DATA(0) allocated [mem 0x7ffc5000-0x7ffeffff]
[    0.092525] Zone ranges:
[    0.092526]   DMA      [mem 0x0000000000001000-0x0000000000ffffff]
[    0.092527]   DMA32    [mem 0x0000000001000000-0x000000007ffeffff]
[    0.092528]   Normal   empty
[    0.092529]   Device   empty
[    0.092530] Movable zone start for each node
[    0.092531] Early memory node ranges
[    0.092532]   node   0: [mem 0x0000000000001000-0x000000000009efff]
[    0.092533]   node   0: [mem 0x0000000000100000-0x000000007ffeffff]
[    0.092536] Zeroed struct page in unavailable ranges: 114 pages
[    0.092537] Initmem setup node 0 [mem 0x0000000000001000-0x000000007ffeffff]
[    0.092538] On node 0 totalpages: 524174
[    0.092539]   DMA zone: 64 pages used for memmap
[    0.092540]   DMA zone: 21 pages reserved
[    0.092541]   DMA zone: 3998 pages, LIFO batch:0
[    0.092613]   DMA32 zone: 8128 pages used for memmap
[    0.092614]   DMA32 zone: 520176 pages, LIFO batch:63
[    0.101669] ACPI: PM-Timer IO Port: 0x4008
[    0.101672] ACPI: Local APIC address 0xfee00000
[    0.101738] IOAPIC[0]: apic_id 1, version 32, address 0xfec00000, GSI 0-23
[    0.101741] ACPI: INT_SRC_OVR (bus 0 bus_irq 0 global_irq 2 dfl dfl)
[    0.101743] ACPI: INT_SRC_OVR (bus 0 bus_irq 9 global_irq 9 low level)
[    0.101744] ACPI: IRQ0 used by override.
[    0.101745] ACPI: IRQ9 used by override.
[    0.101748] Using ACPI (MADT) for SMP configuration information
[    0.101755] smpboot: Allowing 1 CPUs, 0 hotplug CPUs
[    0.101776] PM: Registered nosave memory: [mem 0x00000000-0x00000fff]
[    0.101777] PM: Registered nosave memory: [mem 0x0009f000-0x0009ffff]
[    0.101777] PM: Registered nosave memory: [mem 0x000a0000-0x000effff]
[    0.101778] PM: Registered nosave memory: [mem 0x000f0000-0x000fffff]
[    0.101780] [mem 0x80000000-0xfebfffff] available for PCI devices
[    0.101780] Booting paravirtualized kernel on KVM
[    0.101783] clocksource: refined-jiffies: mask: 0xffffffff max_cycles: 0xffffffff, max_idle_ns: 7645519600211568 ns
[    0.101787] setup_percpu: NR_CPUS:8192 nr_cpumask_bits:1 nr_cpu_ids:1 nr_node_ids:1
[    0.102804] percpu: Embedded 60 pages/cpu s208896 r8192 d28672 u2097152
[    0.102809] pcpu-alloc: s208896 r8192 d28672 u2097152 alloc=1*2097152
[    0.102809] pcpu-alloc: [0] 0 
[    0.102836] Built 1 zonelists, mobility grouping on.  Total pages: 515961
[    0.102837] Policy zone: DMA32
[    0.102838] Kernel command line: BOOT_IMAGE=/boot/vmlinuz-5.4.243-mptcp root=UUID=98415a12-53b7-4144-8265-0f7ece09e445 ro quiet splash
[    0.103695] Dentry cache hash table entries: 262144 (order: 9, 2097152 bytes, linear)
[    0.103956] Inode-cache hash table entries: 131072 (order: 8, 1048576 bytes, linear)
[    0.104007] mem auto-init: stack:off, heap alloc:on, heap free:off
[    0.104010] Calgary: detecting Calgary via BIOS EBDA area
[    0.104011] Calgary: Unable to locate Rio Grande table in EBDA - bailing!
[    0.108288] Memory: 1967332K/2096696K available (14339K kernel code, 2398K rwdata, 4712K rodata, 2728K init, 17260K bss, 129364K reserved, 0K cma-reserved)
[    0.109233] SLUB: HWalign=64, Order=0-3, MinObjects=0, CPUs=1, Nodes=1
[    0.109249] ftrace: allocating 43186 entries in 169 pages
[    0.127210] rcu: Hierarchical RCU implementation.
[    0.127212] rcu: 	RCU restricting CPUs from NR_CPUS=8192 to nr_cpu_ids=1.
[    0.127213] 	Tasks RCU enabled.
[    0.127213] rcu: RCU calculated value of scheduler-enlistment delay is 25 jiffies.
[    0.127214] rcu: Adjusting geometry for rcu_fanout_leaf=16, nr_cpu_ids=1
[    0.130186] NR_IRQS: 524544, nr_irqs: 256, preallocated irqs: 16
[    0.130404] random: crng init done
[    0.139720] Console: colour VGA+ 80x25
[    0.139724] printk: console [tty0] enabled
[    0.139743] ACPI: Core revision 20190816
[    0.139840] APIC: Switch to symmetric I/O mode setup
[    0.140092] x2apic enabled
[    0.140334] Switched APIC routing to physical x2apic.
[    0.141462] ..TIMER: vector=0x30 apic1=0 pin1=2 apic2=-1 pin2=-1
[    0.141486] clocksource: tsc-early: mask: 0xffffffffffffffff max_cycles: 0x1e4530a99b6, max_idle_ns: 440795257976 ns
[    0.141491] Calibrating delay loop (skipped) preset value.. 4200.00 BogoMIPS (lpj=8400000)
[    0.141494] pid_max: default: 32768 minimum: 301
[    0.141521] LSM: Security Framework initializing
[    0.141531] Yama: becoming mindful.
[    0.141556] AppArmor: AppArmor initialized
[    0.141588] Mount-cache hash table entries: 4096 (order: 3, 32768 bytes, linear)
[    0.141593] Mountpoint-cache hash table entries: 4096 (order: 3, 32768 bytes, linear)
[    0.141603] *** VALIDATE tmpfs ***
[    0.141729] *** VALIDATE proc ***
[    0.141769] *** VALIDATE cgroup1 ***
[    0.141770] *** VALIDATE cgroup2 ***
[    0.141912] process: using mwait in idle threads
[    0.141917] Last level iTLB entries: 4KB 64, 2MB 8, 4MB 8
[    0.141918] Last level dTLB entries: 4KB 64, 2MB 0, 4MB 0, 1GB 4
[    0.141938] Spectre V1 : Mitigation: usercopy/swapgs barriers and __user pointer sanitization
[    0.141944] Spectre V2 : Mitigation: Retpolines
[    0.141945] Spectre V2 : Spectre v2 / SpectreRSB mitigation: Filling RSB on context switch
[    0.141945] Spectre V2 : Spectre v2 / SpectreRSB : Filling RSB on VMEXIT
[    0.141946] RETBleed: WARNING: Spectre v2 mitigation leaves CPU vulnerable to RETBleed attacks, data leaks possible!
[    0.142300] RETBleed: Vulnerable
[    0.142301] Speculative Store Bypass: Vulnerable
[    0.142306] TAA: Mitigation: TSX disabled
[    0.142306] MMIO Stale Data: Mitigation: Clear CPU buffers
[    0.146478] Freeing SMP alternatives memory: 40K
[    0.258725] smpboot: CPU0: Intel(R) Xeon(R) Silver 4216 CPU @ 2.10GHz (family: 0x6, model: 0x55, stepping: 0x7)
[    0.258854] Performance Events: unsupported p6 CPU model 85 no PMU driver, software events only.
[    0.258891] rcu: Hierarchical SRCU implementation.
[    0.259360] NMI watchdog: Perf NMI watchdog permanently disabled
[    0.259397] smp: Bringing up secondary CPUs ...
[    0.259398] smp: Brought up 1 node, 1 CPU
[    0.259399] smpboot: Max logical packages: 1
[    0.259400] smpboot: Total of 1 processors activated (4200.00 BogoMIPS)
[    0.260362] devtmpfs: initialized
[    0.260406] x86/mm: Memory block size: 128MB
[    0.260747] clocksource: jiffies: mask: 0xffffffff max_cycles: 0xffffffff, max_idle_ns: 7645041785100000 ns
[    0.260753] futex hash table entries: 256 (order: 2, 16384 bytes, linear)
[    0.260795] pinctrl core: initialized pinctrl subsystem
[    0.260897] PM: RTC time: 10:54:52, date: 2026-01-18
[    0.261001] NET: Registered protocol family 16
[    0.261074] audit: initializing netlink subsys (disabled)
[    0.261199] EISA bus registered
[    0.261201] cpuidle: using governor ladder
[    0.261201] cpuidle: using governor menu
[    0.261237] ACPI: bus type PCI registered
[    0.261238] acpiphp: ACPI Hot Plug PCI Controller Driver version: 0.5
[    0.261340] PCI: Using configuration type 1 for base access
[    0.261723] audit: type=2000 audit(1768704899.100:1): state=initialized audit_enabled=0 res=1
[    0.261803] HugeTLB registered 2.00 MiB page size, pre-allocated 0 pages
[    0.262610] ACPI: Added _OSI(Module Device)
[    0.262611] ACPI: Added _OSI(Processor Device)
[    0.262612] ACPI: Added _OSI(3.0 _SCP Extensions)
[    0.262612] ACPI: Added _OSI(Processor Aggregator Device)
[    0.262613] ACPI: Added _OSI(Linux-Dell-Video)
[    0.262614] ACPI: Added _OSI(Linux-Lenovo-NV-HDMI-Audio)
[    0.262615] ACPI: Added _OSI(Linux-HPI-Hybrid-Graphics)
[    0.264575] ACPI: 2 ACPI AML tables successfully acquired and loaded
[    0.266084] ACPI: Interpreter enabled
[    0.266094] ACPI: (supports S0 S5)
[    0.266095] ACPI: Using IOAPIC for interrupt routing
[    0.266299] PCI: Using host bridge windows from ACPI; if necessary, use "pci=nocrs" and report a bug
[    0.266406] ACPI: Enabled 2 GPEs in block 00 to 07
[    0.271186] ACPI: PCI Root Bridge [PCI0] (domain 0000 [bus 00-ff])
[    0.271191] acpi PNP0A03:00: _OSC: OS supports [ASPM ClockPM Segments MSI HPX-Type3]
[    0.271636] acpi PNP0A03:00: _OSC: not requesting OS control; OS requires [ExtendedConfig ASPM ClockPM MSI]
[    0.271644] acpi PNP0A03:00: fail to add MMCONFIG information, can't access extended PCI configuration space under this bridge.
[    0.272011] PCI host bridge to bus 0000:00
[    0.272013] pci_bus 0000:00: root bus resource [io  0x0000-0x0cf7 window]
[    0.272014] pci_bus 0000:00: root bus resource [io  0x0d00-0xffff window]
[    0.272015] pci_bus 0000:00: root bus resource [mem 0x000a0000-0x000bffff window]
[    0.272016] pci_bus 0000:00: root bus resource [mem 0x80000000-0xfdffffff window]
[    0.272017] pci_bus 0000:00: root bus resource [bus 00-ff]
[    0.272057] pci 0000:00:00.0: [8086:1237] type 00 class 0x060000
[    0.272990] pci 0000:00:01.0: [8086:7000] type 00 class 0x060100
[    0.273891] pci 0000:00:01.1: [8086:7111] type 00 class 0x01018a
[    0.274260] pci 0000:00:01.1: reg 0x20: [io  0xd000-0xd00f]
[    0.274413] pci 0000:00:01.1: legacy IDE quirk: reg 0x10: [io  0x01f0-0x01f7]
[    0.274414] pci 0000:00:01.1: legacy IDE quirk: reg 0x14: [io  0x03f6]
[    0.274415] pci 0000:00:01.1: legacy IDE quirk: reg 0x18: [io  0x0170-0x0177]
[    0.274416] pci 0000:00:01.1: legacy IDE quirk: reg 0x1c: [io  0x0376]
[    0.274950] pci 0000:00:02.0: [15ad:0405] type 00 class 0x030000
[    0.277567] pci 0000:00:02.0: reg 0x10: [io  0xd010-0xd01f]
[    0.281533] pci 0000:00:02.0: reg 0x14: [mem 0xe0000000-0xe7ffffff pref]
[    0.284265] pci 0000:00:02.0: reg 0x18: [mem 0xf0000000-0xf01fffff]
[    0.294262] pci 0000:00:03.0: [1022:2000] type 00 class 0x020000
[    0.294937] pci 0000:00:03.0: reg 0x10: [io  0xd020-0xd03f]
[    0.295542] pci 0000:00:03.0: reg 0x14: [mem 0xf0200000-0xf0200fff]
[    0.299978] pci 0000:00:04.0: [80ee:cafe] type 00 class 0x088000
[    0.300656] pci 0000:00:04.0: reg 0x10: [io  0xd040-0xd05f]
[    0.301261] pci 0000:00:04.0: reg 0x14: [mem 0xf0400000-0xf07fffff]
[    0.301604] pci 0000:00:04.0: reg 0x18: [mem 0xf0800000-0xf0803fff pref]
[    0.305110] pci 0000:00:07.0: [8086:7113] type 00 class 0x068000
[    0.305836] pci 0000:00:07.0: quirk: [io  0x4000-0x403f] claimed by PIIX4 ACPI
[    0.305847] pci 0000:00:07.0: quirk: [io  0x4100-0x410f] claimed by PIIX4 SMB
[    0.306426] pci 0000:00:08.0: [1022:2000] type 00 class 0x020000
[    0.307082] pci 0000:00:08.0: reg 0x10: [io  0xd060-0xd07f]
[    0.307686] pci 0000:00:08.0: reg 0x14: [mem 0xf0804000-0xf0804fff]
[    0.310875] pci 0000:00:09.0: [8086:100e] type 00 class 0x020000
[    0.311572] pci 0000:00:09.0: reg 0x10: [mem 0xf0820000-0xf083ffff]
[    0.313565] pci 0000:00:09.0: reg 0x18: [io  0xd080-0xd087]
[    0.322492] ACPI: PCI Interrupt Link [LNKA] (IRQs 5 9 10 *11)
[    0.322775] ACPI: PCI Interrupt Link [LNKB] (IRQs 5 9 *10 11)
[    0.322880] ACPI: PCI Interrupt Link [LNKC] (IRQs 5 *9 10 11)
[    0.322989] ACPI: PCI Interrupt Link [LNKD] (IRQs 5 9 10 *11)
[    0.323229] iommu: Default domain type: Translated 
[    0.323288] pci 0000:00:02.0: vgaarb: setting as boot VGA device
[    0.323290] pci 0000:00:02.0: vgaarb: VGA device added: decodes=io+mem,owns=io+mem,locks=none
[    0.323291] pci 0000:00:02.0: vgaarb: bridge control possible
[    0.323292] vgaarb: loaded
[    0.323493] SCSI subsystem initialized
[    0.323525] libata version 3.00 loaded.
[    0.323546] ACPI: bus type USB registered
[    0.323561] usbcore: registered new interface driver usbfs
[    0.323566] usbcore: registered new interface driver hub
[    0.323571] usbcore: registered new device driver usb
[    0.323598] pps_core: LinuxPPS API ver. 1 registered
[    0.323598] pps_core: Software ver. 5.3.6 - Copyright 2005-2007 Rodolfo Giometti <giometti@linux.it>
[    0.323600] PTP clock support registered
[    0.323633] EDAC MC: Ver: 3.0.0
[    0.325723] PCI: Using ACPI for IRQ routing
[    0.325724] PCI: pci_cache_line_size set to 64 bytes
[    0.325893] e820: reserve RAM buffer [mem 0x0009fc00-0x0009ffff]
[    0.325897] e820: reserve RAM buffer [mem 0x7fff0000-0x7fffffff]
[    0.326701] NetLabel: Initializing
[    0.326701] NetLabel:  domain hash size = 128
[    0.326702] NetLabel:  protocols = UNLABELED CIPSOv4 CALIPSO
[    0.326720] NetLabel:  unlabeled traffic allowed by default
[    0.327603] clocksource: Switched to clocksource kvm-clock
[    0.339829] *** VALIDATE bpf ***
[    0.339885] VFS: Disk quotas dquot_6.6.0
[    0.339898] VFS: Dquot-cache hash table entries: 512 (order 0, 4096 bytes)
[    0.339919] *** VALIDATE ramfs ***
[    0.339923] *** VALIDATE hugetlbfs ***
[    0.340001] AppArmor: AppArmor Filesystem Enabled
[    0.340025] pnp: PnP ACPI init
[    0.340086] pnp 00:00: Plug and Play ACPI device, IDs PNP0303 (active)
[    0.340170] pnp 00:01: Plug and Play ACPI device, IDs PNP0f03 (active)
[    0.340920] pnp: PnP ACPI: found 2 devices
[    0.341865] thermal_sys: Registered thermal governor 'fair_share'
[    0.341866] thermal_sys: Registered thermal governor 'bang_bang'
[    0.341867] thermal_sys: Registered thermal governor 'step_wise'
[    0.341867] thermal_sys: Registered thermal governor 'user_space'
[    0.341868] thermal_sys: Registered thermal governor 'power_allocator'
[    0.346397] clocksource: acpi_pm: mask: 0xffffff max_cycles: 0xffffff, max_idle_ns: 2085701024 ns
[    0.346437] pci_bus 0000:00: resource 4 [io  0x0000-0x0cf7 window]
[    0.346438] pci_bus 0000:00: resource 5 [io  0x0d00-0xffff window]
[    0.346439] pci_bus 0000:00: resource 6 [mem 0x000a0000-0x000bffff window]
[    0.346440] pci_bus 0000:00: resource 7 [mem 0x80000000-0xfdffffff window]
[    0.346497] NET: Registered protocol family 2
[    0.346570] IP idents hash table entries: 32768 (order: 6, 262144 bytes, linear)
[    0.346976] MPTCP tokens hash table entries: 8192 (order: 4, 65536 bytes, linear)
[    0.346996] MPTCP request tokens hash table entries: 8192 (order: 4, 65536 bytes, linear)
[    0.347021] default registered
[    0.347022] default registered
[    0.347022] MPTCP: Stable release v0.96
[    0.347028] tcp_listen_portaddr_hash hash table entries: 1024 (order: 2, 16384 bytes, linear)
[    0.347105] TCP established hash table entries: 16384 (order: 5, 131072 bytes, linear)
[    0.347168] TCP bind hash table entries: 16384 (order: 6, 262144 bytes, linear)
[    0.347194] TCP: Hash tables configured (established 16384 bind 16384)
[    0.347914] UDP hash table entries: 1024 (order: 3, 32768 bytes, linear)
[    0.347924] UDP-Lite hash table entries: 1024 (order: 3, 32768 bytes, linear)
[    0.347959] NET: Registered protocol family 1
[    0.347968] NET: Registered protocol family 44
[    0.347987] pci 0000:00:00.0: Limiting direct PCI/PCI transfers
[    0.347999] pci 0000:00:01.0: Activating ISA DMA hang workarounds
[    0.348058] pci 0000:00:02.0: Video device with shadowed ROM at [mem 0x000c0000-0x000dffff]
[    0.348124] PCI: CLS 0 bytes, default 64
[    0.348168] Trying to unpack rootfs image as initramfs...
[    0.522209] Freeing initrd memory: 47868K
[    0.522306] clocksource: tsc: mask: 0xffffffffffffffff max_cycles: 0x1e4530a99b6, max_idle_ns: 440795257976 ns
[    0.522314] clocksource: Switched to clocksource tsc
[    0.522350] platform rtc_cmos: registered platform RTC device (no PNP device found)
[    0.522379] check: Scanning for low memory corruption every 60 seconds
[    0.522696] Initialise system trusted keyrings
[    0.522707] Key type blacklist registered
[    0.522750] workingset: timestamp_bits=36 max_order=19 bucket_order=0
[    0.523145] zbud: loaded
[    0.523145] squashfs: version 4.0 (2009/01/31) Phillip Lougher
[    0.523145] fuse: init (API version 7.31)
[    0.523145] *** VALIDATE fuse ***
[    0.523145] *** VALIDATE fuse ***
[    0.523145] Platform Keyring initialized
[    0.523145] Key type asymmetric registered
[    0.523145] Asymmetric key parser 'x509' registered
[    0.523145] Block layer SCSI generic (bsg) driver version 0.4 loaded (major 244)
[    0.523145] io scheduler mq-deadline registered
[    0.523145] shpchp: Standard Hot Plug PCI Controller Driver version: 0.4
[    0.528134] ACPI: AC Adapter [AC] (on-line)
[    0.528182] input: Power Button as /devices/LNXSYSTM:00/LNXPWRBN:00/input/input0
[    0.528209] ACPI: Power Button [PWRF]
[    0.528288] input: Sleep Button as /devices/LNXSYSTM:00/LNXSLPBN:00/input/input1
[    0.528303] ACPI: Sleep Button [SLPF]
[    0.528524] Serial: 8250/16550 driver, 32 ports, IRQ sharing enabled
[    0.529645] Linux agpgart interface v0.103
[    0.619128] loop: module loaded
[    0.619256] ata_piix 0000:00:01.1: version 2.13
[    0.619646] scsi host0: ata_piix
[    0.619729] scsi host1: ata_piix
[    0.619755] ata1: PATA max UDMA/33 cmd 0x1f0 ctl 0x3f6 bmdma 0xd000 irq 14
[    0.619756] ata2: PATA max UDMA/33 cmd 0x170 ctl 0x376 bmdma 0xd008 irq 15
[    0.619829] tun: Universal TUN/TAP device driver, 1.6
[    0.620133] PPP generic driver version 2.4.2
[    0.620173] VFIO - User Level meta-driver version: 0.3
[    0.620404] ehci_hcd: USB 2.0 'Enhanced' Host Controller (EHCI) Driver
[    0.620409] ehci-pci: EHCI PCI platform driver
[    0.620422] ehci-platform: EHCI generic platform driver
[    0.620427] ohci_hcd: USB 1.1 'Open' Host Controller (OHCI) Driver
[    0.620429] ohci-pci: OHCI PCI platform driver
[    0.620436] ohci-platform: OHCI generic platform driver
[    0.620440] uhci_hcd: USB Universal Host Controller Interface driver
[    0.620500] i8042: PNP: PS/2 Controller [PNP0303:PS2K,PNP0f03:PS2M] at 0x60,0x64 irq 1,12
[    0.620934] serio: i8042 KBD port at 0x60,0x64 irq 1
[    0.620937] serio: i8042 AUX port at 0x60,0x64 irq 12
[    0.621021] mousedev: PS/2 mouse device common for all mice
[    0.621272] input: AT Translated Set 2 keyboard as /devices/platform/i8042/serio0/input/input2
[    0.621665] rtc_cmos rtc_cmos: registered as rtc0
[    0.621678] rtc_cmos rtc_cmos: alarms up to one day, 114 bytes nvram
[    0.621683] i2c /dev entries driver
[    0.621721] device-mapper: uevent: version 1.0.3
[    0.621762] device-mapper: ioctl: 4.41.0-ioctl (2019-09-16) initialised: dm-devel@redhat.com
[    0.621777] platform eisa.0: Probing EISA bus 0
[    0.621778] platform eisa.0: EISA: Cannot allocate resource for mainboard
[    0.621779] platform eisa.0: Cannot allocate resource for EISA slot 1
[    0.621780] platform eisa.0: Cannot allocate resource for EISA slot 2
[    0.621781] platform eisa.0: Cannot allocate resource for EISA slot 3
[    0.621782] platform eisa.0: Cannot allocate resource for EISA slot 4
[    0.621783] platform eisa.0: Cannot allocate resource for EISA slot 5
[    0.621784] platform eisa.0: Cannot allocate resource for EISA slot 6
[    0.621785] platform eisa.0: Cannot allocate resource for EISA slot 7
[    0.621786] platform eisa.0: Cannot allocate resource for EISA slot 8
[    0.621787] platform eisa.0: EISA: Detected 0 cards
[    0.621790] intel_pstate: CPU model not supported
[    0.621797] ledtrig-cpu: registered to indicate activity on CPUs
[    0.621848] drop_monitor: Initializing network drop monitor service
[    0.622003] NET: Registered protocol family 10
[    0.626983] Segment Routing with IPv6
[    0.627010] fullmesh registered
[    0.627011] ndiffports registered
[    0.627013] binder registered
[    0.627014] roundrobin registered
[    0.627014] redundant registered
[    0.627015] blest registered
[    0.627015] ecf registered
[    0.627016] NET: Registered protocol family 17
[    0.627045] Key type dns_resolver registered
[    0.627137] RAS: Correctable Errors collector initialized.
[    0.627150] IPI shorthand broadcast: enabled
[    0.627163] sched_clock: Marking stable (612171902, 11093022)->(624929526, -1664602)
[    0.627208] registered taskstats version 1
[    0.627216] Loading compiled-in X.509 certificates
[    0.627805] Loaded X.509 cert 'Build time autogenerated kernel key: 6909f3744cebb3d0de528d5887b96a727de79b1e'
[    0.627822] zswap: loaded using pool lzo/zbud
[    0.627871] Key type ._fscrypt registered
[    0.627871] Key type .fscrypt registered
[    0.632319] Key type big_key registered
[    0.634496] Key type encrypted registered
[    0.634498] AppArmor: AppArmor sha1 policy hashing enabled
[    0.634505] ima: No TPM chip found, activating TPM-bypass!
[    0.634508] ima: Allocated hash algorithm: sha1
[    0.634513] ima: No architecture policies found
[    0.634521] evm: Initialising EVM extended attributes:
[    0.634522] evm: security.selinux
[    0.634522] evm: security.SMACK64
[    0.634523] evm: security.SMACK64EXEC
[    0.634523] evm: security.SMACK64TRANSMUTE
[    0.634524] evm: security.SMACK64MMAP
[    0.634524] evm: security.apparmor
[    0.634524] evm: security.ima
[    0.634525] evm: security.capability
[    0.634526] evm: HMAC attrs: 0x1
[    0.634821] PM:   Magic number: 10:272:932
[    0.634923] rtc_cmos rtc_cmos: setting system clock to 2026-01-18T10:54:53 UTC (1768733693)
[    0.792546] ata1.00: ATA-6: VBOX HARDDISK, 1.0, max UDMA/133
[    0.792549] ata1.00: 209715200 sectors, multi 128: LBA 
[    0.793165] scsi 0:0:0:0: Direct-Access     ATA      VBOX HARDDISK    1.0  PQ: 0 ANSI: 5
[    0.793417] sd 0:0:0:0: [sda] 209715200 512-byte logical blocks: (107 GB/100 GiB)
[    0.793428] sd 0:0:0:0: [sda] Write Protect is off
[    0.793431] sd 0:0:0:0: [sda] Mode Sense: 00 3a 00 00
[    0.793450] sd 0:0:0:0: [sda] Write cache: enabled, read cache: enabled, doesn't support DPO or FUA
[    0.793645] sd 0:0:0:0: Attached scsi generic sg0 type 0
[    0.794506]  sda: sda1 sda2
[    0.803286] sd 0:0:0:0: [sda] Attached SCSI disk
[    0.806389] Freeing unused decrypted memory: 2040K
[    0.807337] Freeing unused kernel image memory: 2728K
[    0.807340] Write protecting the kernel read-only data: 22528k
[    0.808311] Freeing unused kernel image memory: 2036K
[    0.808844] Freeing unused kernel image memory: 1432K
[    0.833759] x86/mm: Checked W+X mappings: passed, no W+X pages found.
[    0.833762] Run /init as init process
[    0.938392] ACPI: Video Device [GFX0] (multi-head: yes  rom: no  post: no)
[    0.938460] input: Video Bus as /devices/LNXSYSTM:00/LNXSYBUS:00/PNP0A03:00/LNXVIDEO:00/input/input4
[    0.952901] pcnet32: pcnet32.c:v1.35 21.Apr.2008 tsbogend@alpha.franken.de
[    0.953634] pcnet32: PCnet/FAST III 79C973 at 0xd020, 08:00:27:f5:9e:41 assigned IRQ 19
[    0.953677] pcnet32: Found PHY 0022:561b at address 0
[    0.953974] pcnet32: eth0: registered as PCnet/FAST III 79C973
[    0.955544] piix4_smbus 0000:00:07.0: SMBus Host Controller at 0x4100, revision 0
[    0.958124] e1000: Intel(R) PRO/1000 Network Driver - version 7.3.21-k8-NAPI
[    0.958125] e1000: Copyright (c) 1999-2006 Intel Corporation.
[    0.961965] pcnet32: PCnet/FAST III 79C973 at 0xd060, 08:00:27:ec:08:28 assigned IRQ 16
[    0.962008] pcnet32: Found PHY 0022:561b at address 0
[    0.962293] pcnet32: eth1: registered as PCnet/FAST III 79C973
[    0.970096] pcnet32: 2 cards_found
[    1.032069] pcnet32 0000:00:03.0 enp0s3: renamed from eth0
[    1.033338] pcnet32 0000:00:08.0 enp0s8: renamed from eth1
[    1.170761] input: ImExPS/2 Generic Explorer Mouse as /devices/platform/i8042/serio1/input/input5
[    1.363288] e1000 0000:00:09.0 eth0: (PCI:33MHz:32-bit) 08:00:27:18:f5:22
[    1.363291] e1000 0000:00:09.0 eth0: Intel(R) PRO/1000 Network Connection
[    1.364223] e1000 0000:00:09.0 enp0s9: renamed from eth0
[    1.507771] EXT4-fs (sda2): mounted filesystem with ordered data mode. Opts: (null)
[    1.598295] systemd[1]: Inserted module 'autofs4'
[    1.610932] systemd[1]: systemd 245.4-4ubuntu3 running in system mode. (+PAM +AUDIT +SELINUX +IMA +APPARMOR +SMACK +SYSVINIT +UTMP +LIBCRYPTSETUP +GCRYPT +GNUTLS +ACL +XZ +LZ4 +SECCOMP +BLKID +ELFUTILS +KMOD +IDN2 -IDN +PCRE2 default-hierarchy=hybrid)
[    1.610960] systemd[1]: Detected virtualization oracle.
[    1.610965] systemd[1]: Detected architecture x86-64.
[    1.612274] systemd[1]: Set hostname to <ztg>.
[    1.734436] systemd[1]: /lib/systemd/system/dbus.socket:5: ListenStream= references a path below legacy directory /var/run/, updating /var/run/dbus/system_bus_socket â†’ /run/dbus/system_bus_socket; please update the unit file accordingly.
[    1.784560] systemd[1]: Created slice system-modprobe.slice.
[    1.784740] systemd[1]: Created slice User and Session Slice.
[    1.784782] systemd[1]: Started Forward Password Requests to Wall Directory Watch.
[    1.784934] systemd[1]: Set up automount Arbitrary Executable File Formats File System Automount Point.
[    1.784966] systemd[1]: Reached target User and Group Name Lookups.
[    1.784975] systemd[1]: Reached target Remote File Systems.
[    1.784982] systemd[1]: Reached target Slices.
[    1.785465] systemd[1]: Listening on Syslog Socket.
[    1.785529] systemd[1]: Listening on fsck to fsckd communication Socket.
[    1.785564] systemd[1]: Listening on initctl Compatibility Named Pipe.
[    1.785702] systemd[1]: Listening on Journal Audit Socket.
[    1.785755] systemd[1]: Listening on Journal Socket (/dev/log).
[    1.785821] systemd[1]: Listening on Journal Socket.
[    1.785882] systemd[1]: Listening on udev Control Socket.
[    1.785921] systemd[1]: Listening on udev Kernel Socket.
[    1.786616] systemd[1]: Mounting Huge Pages File System...
[    1.787570] systemd[1]: Mounting POSIX Message Queue File System...
[    1.788421] systemd[1]: Mounting Kernel Debug File System...
[    1.789263] systemd[1]: Mounting Kernel Trace File System...
[    1.791184] systemd[1]: Starting Journal Service...
[    1.813756] systemd[1]: Starting Set the console keyboard layout...
[    1.821509] systemd[1]: Starting Create list of static device nodes for the current kernel...
[    1.823521] systemd[1]: Starting Load Kernel Module drm...
[    1.831868] systemd[1]: Condition check resulted in Set Up Additional Binary Formats being skipped.
[    1.831902] systemd[1]: Condition check resulted in File System Check on Root Device being skipped.
[    1.834671] systemd[1]: Starting Load Kernel Modules...
[    1.842714] systemd[1]: Starting Remount Root and Kernel File Systems...
[    1.853870] systemd[1]: Starting udev Coldplug all Devices...
[    1.863110] systemd[1]: Starting Uncomplicated firewall...
[    1.863624] EXT4-fs (sda2): re-mounted. Opts: errors=remount-ro
[    1.865771] systemd[1]: Mounted Huge Pages File System.
[    1.865856] systemd[1]: Mounted POSIX Message Queue File System.
[    1.865924] systemd[1]: Mounted Kernel Debug File System.
[    1.865989] systemd[1]: Mounted Kernel Trace File System.
[    1.903950] systemd[1]: Finished Create list of static device nodes for the current kernel.
[    1.904208] systemd[1]: modprobe@drm.service: Succeeded.
[    1.904428] systemd[1]: Finished Load Kernel Module drm.
[    1.904750] systemd[1]: Finished Remount Root and Kernel File Systems.
[    1.910764] systemd[1]: Finished Uncomplicated firewall.
[    1.912455] systemd[1]: Condition check resulted in Rebuild Hardware Database being skipped.
[    1.912511] systemd[1]: Condition check resulted in Platform Persistent Storage Archival being skipped.
[    1.927494] systemd[1]: Starting Load/Save Random Seed...
[    1.929159] lp: driver loaded but no devices found
[    1.935712] systemd[1]: Starting Create System Users...
[    1.944274] systemd[1]: Finished Load/Save Random Seed.
[    1.945756] ppdev: user-space parallel port driver
[    1.953590] systemd[1]: Finished Create System Users.
[    1.954267] systemd[1]: Starting Create Static Device Nodes in /dev...
[    1.975330] systemd[1]: Finished Create Static Device Nodes in /dev.
[    1.976099] systemd[1]: Starting udev Kernel Device Manager...
[    2.017870] systemd[1]: Finished udev Coldplug all Devices.
[    2.026324] [drm] DMA map mode: Caching DMA mappings.
[    2.026414] [drm] Capabilities:
[    2.026414] [drm]   Rect copy.
[    2.026414] [drm]   Cursor.
[    2.026415] [drm]   Cursor bypass.
[    2.026415] [drm]   Cursor bypass 2.
[    2.026415] [drm]   Alpha cursor.
[    2.026416] [drm]   Extended Fifo.
[    2.026416] [drm]   Pitchlock.
[    2.026416] [drm]   Irq mask.
[    2.026417] [drm]   GMR.
[    2.026417] [drm]   Traces.
[    2.026418] [drm]   GMR2.
[    2.026418] [drm]   Screen Object 2.
[    2.026418] [drm]   Command Buffers.
[    2.026419] [drm]   Command Buffers 2.
[    2.026419] [drm]   Guest Backed Resources.
[    2.026420] [drm] Max GMR ids is 8192
[    2.026420] [drm] Max number of GMR pages is 1048576
[    2.026421] [drm] Max dedicated hypervisor surface memory is 393216 kiB
[    2.026421] [drm] Maximum display memory size is 131072 kiB
[    2.026422] [drm] VRAM at 0xe0000000 size is 131072 kiB
[    2.026423] [drm] MMIO at 0xf0000000 size is 2048 kiB
[    2.027736] [TTM] Zone  kernel: Available graphics memory: 1011738 KiB
[    2.027737] [TTM] Initializing pool allocator
[    2.027741] [TTM] Initializing DMA pool allocator
[    2.027768] [drm] Supports vblank timestamp caching Rev 2 (21.10.2013).
[    2.027769] [drm] No driver support for vblank timestamp query.
[    2.027985] [drm] Screen Target Display device initialized
[    2.028198] [drm] width 720
[    2.028207] [drm] height 400
[    2.028210] [drm] bpp 32
[    2.028735] [drm] Fifo max 0x00200000 min 0x00001000 cap 0x00000355
[    2.029807] [drm] Using command buffers with DMA pool.
[    2.029810] [drm] DX: no.
[    2.029810] [drm] Atomic: yes.
[    2.029811] [drm] SM4_1: no.
[    2.029829] [drm:vmw_host_log [vmwgfx]] *ERROR* Failed to send host log message.
[    2.030751] [drm:vmw_host_log [vmwgfx]] *ERROR* Failed to send host log message.
[    2.042855] fbcon: svgadrmfb (fb0) is primary device
[    2.050777] Console: switching to colour frame buffer device 100x37
[    2.057779] [drm] Initialized vmwgfx 2.15.0 20180704 for 0000:00:02.0 on minor 0
[    2.058980] systemd[1]: Finished Load Kernel Modules.
[    2.059860] systemd[1]: Mounting FUSE Control File System...
[    2.060935] systemd[1]: Mounting Kernel Configuration File System...
[    2.079417] systemd[1]: Starting Apply Kernel Variables...
[    2.085388] systemd[1]: Mounted FUSE Control File System.
[    2.085448] systemd[1]: Condition check resulted in VMware vmblock fuse mount being skipped.
[    2.088059] systemd[1]: Mounted Kernel Configuration File System.
[    2.116248] systemd[1]: Finished Set the console keyboard layout.
[    2.116332] systemd[1]: Reached target Local File Systems (Pre).
[    2.119623] systemd[1]: Mounting Mount unit for bare, revision 5...
[    2.121469] systemd[1]: Mounting Mount unit for core18, revision 1705...
[    2.128825] systemd[1]: Mounting Mount unit for gnome-3-34-1804, revision 24...
[    2.131486] systemd[1]: Mounting Mount unit for gtk-common-themes, revision 1506...
[    2.141974] systemd[1]: Mounting Mount unit for gtk-common-themes, revision 1535...
[    2.145678] systemd[1]: Mounting Mount unit for snap-store, revision 433...
[    2.161071] systemd[1]: Mounting Mount unit for snapd, revision 25935...
[    2.188659] systemd[1]: Finished Apply Kernel Variables.
[    2.190282] systemd[1]: Mounted Mount unit for bare, revision 5.
[    2.190361] systemd[1]: Mounted Mount unit for core18, revision 1705.
[    2.190433] systemd[1]: Mounted Mount unit for gnome-3-34-1804, revision 24.
[    2.201224] systemd[1]: Mounted Mount unit for gtk-common-themes, revision 1506.
[    2.203251] systemd[1]: Started udev Kernel Device Manager.
[    2.203901] systemd[1]: Starting Show Plymouth Boot Screen...
[    2.209541] systemd[1]: Received SIGRTMIN+20 from PID 279 (plymouthd).
[    2.231086] systemd[1]: Started Show Plymouth Boot Screen.
[    2.231240] systemd[1]: Condition check resulted in Dispatch Password Requests to Console Directory Watch being skipped.
[    2.231323] systemd[1]: Started Forward Password Requests to Plymouth Directory Watch.
[    2.231368] systemd[1]: Reached target Local Encrypted Volumes.
[    2.249183] systemd[1]: Mounted Mount unit for gtk-common-themes, revision 1535.
[    2.292505] systemd[1]: Mounted Mount unit for snap-store, revision 433.
[    2.292716] systemd[1]: Mounted Mount unit for snapd, revision 25935.
[    2.292864] systemd[1]: Reached target Local File Systems.
[    2.293607] systemd[1]: Starting Load AppArmor profiles...
[    2.295895] systemd[1]: Starting Set console font and keymap...
[    2.308329] systemd[1]: Starting Tell Plymouth To Write Out Runtime Data...
[    2.309891] systemd[1]: Condition check resulted in Store a System Token in an EFI Variable being skipped.
[    2.309937] systemd[1]: Condition check resulted in Commit a transient machine-id on disk being skipped.
[    2.312308] systemd[1]: Finished Set console font and keymap.
[    2.321380] systemd[1]: Received SIGRTMIN+20 from PID 279 (plymouthd).
[    2.322483] systemd[1]: plymouth-read-write.service: Succeeded.
[    2.322756] systemd[1]: Finished Tell Plymouth To Write Out Runtime Data.
[    2.347499] audit: type=1400 audit(1768733695.212:2): apparmor="STATUS" operation="profile_load" profile="unconfined" name="nvidia_modprobe" pid=300 comm="apparmor_parser"
[    2.347501] audit: type=1400 audit(1768733695.212:3): apparmor="STATUS" operation="profile_load" profile="unconfined" name="nvidia_modprobe//kmod" pid=300 comm="apparmor_parser"
[    2.357472] audit: type=1400 audit(1768733695.220:4): apparmor="STATUS" operation="profile_load" profile="unconfined" name="/usr/sbin/tcpdump" pid=301 comm="apparmor_parser"
[    2.404237] audit: type=1400 audit(1768733695.260:5): apparmor="STATUS" operation="profile_load" profile="unconfined" name="/usr/bin/evince" pid=303 comm="apparmor_parser"
[    2.404239] audit: type=1400 audit(1768733695.260:6): apparmor="STATUS" operation="profile_load" profile="unconfined" name="/usr/bin/evince//sanitized_helper" pid=303 comm="apparmor_parser"
[    2.404242] audit: type=1400 audit(1768733695.260:7): apparmor="STATUS" operation="profile_load" profile="unconfined" name="/usr/bin/evince-previewer" pid=303 comm="apparmor_parser"
[    2.404243] audit: type=1400 audit(1768733695.260:8): apparmor="STATUS" operation="profile_load" profile="unconfined" name="/usr/bin/evince-previewer//sanitized_helper" pid=303 comm="apparmor_parser"
[    2.404245] audit: type=1400 audit(1768733695.260:9): apparmor="STATUS" operation="profile_load" profile="unconfined" name="/usr/bin/evince-thumbnailer" pid=303 comm="apparmor_parser"
[    2.418696] audit: type=1400 audit(1768733695.280:10): apparmor="STATUS" operation="profile_load" profile="unconfined" name="/usr/lib/cups/backend/cups-pdf" pid=304 comm="apparmor_parser"
[    2.496913] systemd[1]: Finished Load AppArmor profiles.
[    2.497804] systemd[1]: Starting Load AppArmor profiles managed internally by snapd...
[    2.603985] systemd[1]: Finished Load AppArmor profiles managed internally by snapd.
[    2.772474] systemd[1]: Started Journal Service.
[    2.780427] systemd-journald[229]: Received client request to flush runtime journal.
[    2.784294] systemd-journald[229]: File /var/log/journal/c455b248004a419c87ce85eea238d727/system.journal corrupted or uncleanly shut down, renaming and replacing.
[    4.073117] RAPL PMU: API unit is 2^-32 Joules, 0 fixed counters, 10737418240 ms ovfl timer
[    4.133881] cryptd: max_cpu_qlen set to 1000
[    4.189273] AVX2 version of gcm_enc/dec engaged.
[    4.189273] AES CTR mode by8 optimization enabled
[    5.887600] Adding 1998844k swap on /dev/sda1.  Priority:-2 extents:1 across:1998844k FS
[    7.475687] kauditd_printk_skb: 30 callbacks suppressed
[    7.475688] audit: type=1400 audit(1768733700.336:41): apparmor="DENIED" operation="capable" profile="/usr/sbin/cups-browsed" pid=506 comm="cups-browsed" capability=23  capname="sys_nice"
[    8.355957] pcnet32 0000:00:03.0 enp0s3: link up, 100Mbps, full-duplex
[    8.378484] pcnet32 0000:00:08.0 enp0s8: link up, 100Mbps, full-duplex
[    8.413148] e1000: enp0s9 NIC Link is Up 1000 Mbps Full Duplex, Flow Control: RX
[    8.413444] IPv6: ADDRCONF(NETDEV_CHANGE): enp0s9: link becomes ready
[    9.010649] device enp0s3 entered promiscuous mode
[    9.021089] device enp0s8 entered promiscuous mode
[    9.051496] audit: type=1400 audit(1768733701.908:42): apparmor="DENIED" operation="open" profile="/usr/sbin/tcpdump" name="/proc/sys/kernel/random/boot_id" pid=664 comm="tcpdump" requested_mask="r" denied_mask="r" fsuid=0 ouid=0
[    9.051634] audit: type=1400 audit(1768733701.908:43): apparmor="DENIED" operation="open" profile="/usr/sbin/tcpdump" name="/proc/sys/kernel/random/boot_id" pid=665 comm="tcpdump" requested_mask="r" denied_mask="r" fsuid=0 ouid=0
[    9.053071] audit: type=1400 audit(1768733701.908:44): apparmor="DENIED" operation="open" profile="/usr/sbin/tcpdump" name="/proc/sys/kernel/random/boot_id" pid=665 comm="tcpdump" requested_mask="r" denied_mask="r" fsuid=0 ouid=0
[    9.053130] audit: type=1400 audit(1768733701.908:45): apparmor="DENIED" operation="open" profile="/usr/sbin/tcpdump" name="/proc/sys/kernel/random/boot_id" pid=664 comm="tcpdump" requested_mask="r" denied_mask="r" fsuid=0 ouid=0
[    9.053173] audit: type=1400 audit(1768733701.908:46): apparmor="DENIED" operation="open" profile="/usr/sbin/tcpdump" name="/proc/sys/kernel/random/boot_id" pid=664 comm="tcpdump" requested_mask="r" denied_mask="r" fsuid=0 ouid=0
[    9.053296] audit: type=1400 audit(1768733701.908:47): apparmor="DENIED" operation="open" profile="/usr/sbin/tcpdump" name="/proc/sys/kernel/random/boot_id" pid=665 comm="tcpdump" requested_mask="r" denied_mask="r" fsuid=0 ouid=0
[    9.053352] audit: type=1400 audit(1768733701.908:48): apparmor="DENIED" operation="open" profile="/usr/sbin/tcpdump" name="/proc/sys/kernel/random/boot_id" pid=664 comm="tcpdump" requested_mask="r" denied_mask="r" fsuid=0 ouid=0
[    9.053434] audit: type=1400 audit(1768733701.908:49): apparmor="DENIED" operation="open" profile="/usr/sbin/tcpdump" name="/proc/sys/kernel/random/boot_id" pid=665 comm="tcpdump" requested_mask="r" denied_mask="r" fsuid=0 ouid=0
[    9.057383] audit: type=1400 audit(1768733701.916:50): apparmor="DENIED" operation="open" profile="/usr/sbin/tcpdump" name="/proc/sys/kernel/random/boot_id" pid=666 comm="tcpdump" requested_mask="r" denied_mask="r" fsuid=0 ouid=0
[   14.763197] rfkill: input handler disabled
[  260.835473] AAAAA-TCP_FORW: name:enp0s3: saddr:16783984: daddr:100932208
[  261.235084] AAAAA-TCP_FORW: name:enp0s8: saddr:100932208: daddr:16783984
[  261.236229] AAAAA-TCP_FORW: name:enp0s3: saddr:16783984: daddr:100932208
[  261.577104] AAAAA-TCP_FORW: name:enp0s8: saddr:100932208: daddr:16783984
[  261.588225] AAAAA-TCP_FORW: name:enp0s3: saddr:16783984: daddr:100932208
[  261.657789] AAAAA-TCP_FORW: name:enp0s8: saddr:100932208: daddr:16783984
[  261.658451] AAAAA-TCP_FORW: name:enp0s3: saddr:16783984: daddr:100932208
[  261.658489] AAAAA-TCP_FORW: name:enp0s3: saddr:16783984: daddr:100932208
[  262.033718] AAAAA-TCP_FORW: name:enp0s8: saddr:100932208: daddr:33561200
[  262.034469] AAAAA-TCP_FORW: name:enp0s3: saddr:33561200: daddr:100932208
[  262.084270] AAAAA-TCP_FORW: name:enp0s8: saddr:100932208: daddr:16783984
[  262.332828] AAAAA-TCP_FORW: name:enp0s8: saddr:100932208: daddr:16783984
[  262.333632] AAAAA-TCP_FORW: name:enp0s3: saddr:16783984: daddr:100932208
[  262.422036] AAAAA-TCP_FORW: name:enp0s8: saddr:100932208: daddr:33561200
[  262.422908] AAAAA-TCP_FORW: name:enp0s3: saddr:33561200: daddr:100932208
[  262.578700] AAAAA-TCP_FORW: name:enp0s8: saddr:100932208: daddr:16783984
[  262.579647] AAAAA-TCP_FORW: name:enp0s3: saddr:16783984: daddr:100932208
[  262.579924] AAAAA-TCP_FORW: name:enp0s3: saddr:16783984: daddr:100932208
[  262.844604] AAAAA-TCP_FORW: name:enp0s8: saddr:100932208: daddr:16783984
[  262.891106] AAAAA-TCP_FORW: name:enp0s8: saddr:100932208: daddr:16783984
[  262.891879] AAAAA-TCP_FORW: name:enp0s3: saddr:16783984: daddr:100932208
[  262.994871] AAAAA-TCP_FORW: name:enp0s8: saddr:100932208: daddr:16783984
[  262.995782] AAAAA-TCP_FORW: name:enp0s3: saddr:16783984: daddr:100932208
[  263.100043] AAAAA-TCP_FORW: name:enp0s8: saddr:100932208: daddr:16783984
[  263.101003] AAAAA-TCP_FORW: name:enp0s3: saddr:16783984: daddr:100932208
[  263.102392] AAAAA-TCP_FORW: name:enp0s3: saddr:16783984: daddr:100932208
[  263.271973] AAAAA-TCP_FORW: name:enp0s8: saddr:100932208: daddr:33561200
[  263.272727] AAAAA-TCP_FORW: name:enp0s3: saddr:33561200: daddr:100932208
[  263.356662] AAAAA-TCP_FORW: name:enp0s8: saddr:100932208: daddr:16783984
[  263.357611] AAAAA-TCP_FORW: name:enp0s3: saddr:16783984: daddr:100932208
[  263.550992] AAAAA-TCP_FORW: name:enp0s8: saddr:100932208: daddr:33561200
[  263.551717] AAAAA-TCP_FORW: name:enp0s3: saddr:33561200: daddr:100932208
[  263.653729] AAAAA-TCP_FORW: name:enp0s8: saddr:100932208: daddr:16783984
[  263.738108] AAAAA-TCP_FORW: name:enp0s8: saddr:100932208: daddr:16783984
[  263.738870] AAAAA-TCP_FORW: name:enp0s3: saddr:16783984: daddr:100932208
[  263.871532] AAAAA-TCP_FORW: name:enp0s8: saddr:100932208: daddr:16783984
[  263.872150] AAAAA-TCP_FORW: name:enp0s3: saddr:16783984: daddr:100932208
[  264.004539] AAAAA-TCP_FORW: name:enp0s8: saddr:100932208: daddr:16783984
[  264.005920] AAAAA-TCP_FORW: name:enp0s3: saddr:16783984: daddr:100932208
[  264.083109] AAAAA-TCP_FORW: name:enp0s8: saddr:100932208: daddr:16783984
[  264.084287] AAAAA-TCP_FORW: name:enp0s3: saddr:16783984: daddr:100932208
[  264.230289] AAAAA-TCP_FORW: name:enp0s8: saddr:100932208: daddr:16783984
[  264.231901] AAAAA-TCP_FORW: name:enp0s3: saddr:16783984: daddr:100932208
[  264.308202] AAAAA-TCP_FORW: name:enp0s8: saddr:100932208: daddr:16783984
[  264.309393] AAAAA-TCP_FORW: name:enp0s3: saddr:16783984: daddr:100932208
[  264.396337] AAAAA-TCP_FORW: name:enp0s8: saddr:100932208: daddr:16783984
[  264.397134] AAAAA-TCP_FORW: name:enp0s3: saddr:16783984: daddr:100932208
[  264.512449] AAAAA-TCP_FORW: name:enp0s8: saddr:100932208: daddr:16783984
[  264.513221] AAAAA-TCP_FORW: name:enp0s3: saddr:16783984: daddr:100932208
[  264.652128] AAAAA-TCP_FORW: name:enp0s8: saddr:100932208: daddr:16783984
[  264.652917] AAAAA-TCP_FORW: name:enp0s3: saddr:16783984: daddr:100932208
[  264.703931] AAAAA-TCP_FORW: name:enp0s8: saddr:100932208: daddr:16783984
[  264.705166] AAAAA-TCP_FORW: name:enp0s3: saddr:16783984: daddr:100932208
[  264.771992] AAAAA-TCP_FORW: name:enp0s8: saddr:100932208: daddr:33561200
[  264.772754] AAAAA-TCP_FORW: name:enp0s3: saddr:33561200: daddr:100932208
[  265.032117] AAAAA-TCP_FORW: name:enp0s8: saddr:100932208: daddr:33561200
[  265.032839] AAAAA-TCP_FORW: name:enp0s3: saddr:33561200: daddr:100932208
[  265.101853] AAAAA-TCP_FORW: name:enp0s8: saddr:100932208: daddr:33561200
[  265.102605] AAAAA-TCP_FORW: name:enp0s3: saddr:33561200: daddr:100932208
[  265.201034] AAAAA-TCP_FORW: name:enp0s8: saddr:100932208: daddr:33561200
[  265.201829] AAAAA-TCP_FORW: name:enp0s3: saddr:33561200: daddr:100932208
[  265.330042] AAAAA-TCP_FORW: name:enp0s8: saddr:100932208: daddr:33561200
[  265.330852] AAAAA-TCP_FORW: name:enp0s3: saddr:33561200: daddr:100932208
[  265.423102] AAAAA-TCP_FORW: name:enp0s8: saddr:100932208: daddr:33561200
[  265.423862] AAAAA-TCP_FORW: name:enp0s3: saddr:33561200: daddr:100932208
[  265.574767] AAAAA-TCP_FORW: name:enp0s8: saddr:100932208: daddr:33561200
[  265.575491] AAAAA-TCP_FORW: name:enp0s3: saddr:33561200: daddr:100932208
[  265.687922] AAAAA-TCP_FORW: name:enp0s8: saddr:100932208: daddr:33561200
[  265.688532] AAAAA-TCP_FORW: name:enp0s3: saddr:33561200: daddr:100932208
[  265.862794] AAAAA-TCP_FORW: name:enp0s8: saddr:100932208: daddr:33561200
[  265.863566] AAAAA-TCP_FORW: name:enp0s3: saddr:33561200: daddr:100932208
[  266.025943] AAAAA-TCP_FORW: name:enp0s8: saddr:100932208: daddr:33561200
[  266.026713] AAAAA-TCP_FORW: name:enp0s3: saddr:33561200: daddr:100932208
[  266.129160] AAAAA-TCP_FORW: name:enp0s8: saddr:100932208: daddr:16783984
[  266.129954] AAAAA-TCP_FORW: name:enp0s3: saddr:16783984: daddr:100932208
[  266.212823] AAAAA-TCP_FORW: name:enp0s8: saddr:100932208: daddr:16783984
[  266.213589] AAAAA-TCP_FORW: name:enp0s3: saddr:16783984: daddr:100932208
[  266.262016] AAAAA-TCP_FORW: name:enp0s8: saddr:100932208: daddr:16783984
[  266.262779] AAAAA-TCP_FORW: name:enp0s3: saddr:16783984: daddr:100932208
[  266.410163] AAAAA-TCP_FORW: name:enp0s8: saddr:100932208: daddr:16783984
[  266.410939] AAAAA-TCP_FORW: name:enp0s3: saddr:16783984: daddr:100932208
[  266.461510] AAAAA-TCP_FORW: name:enp0s8: saddr:100932208: daddr:16783984
[  266.462777] AAAAA-TCP_FORW: name:enp0s3: saddr:16783984: daddr:100932208
[  266.568594] AAAAA-TCP_FORW: name:enp0s8: saddr:100932208: daddr:16783984
[  266.569929] AAAAA-TCP_FORW: name:enp0s3: saddr:16783984: daddr:100932208
[  266.779875] AAAAA-TCP_FORW: name:enp0s8: saddr:100932208: daddr:16783984
[  266.780665] AAAAA-TCP_FORW: name:enp0s3: saddr:16783984: daddr:100932208
[  266.839268] AAAAA-TCP_FORW: name:enp0s8: saddr:100932208: daddr:16783984
[  266.840035] AAAAA-TCP_FORW: name:enp0s3: saddr:16783984: daddr:100932208
[  266.943112] AAAAA-TCP_FORW: name:enp0s8: saddr:100932208: daddr:16783984
[  266.943930] AAAAA-TCP_FORW: name:enp0s3: saddr:16783984: daddr:100932208
[  266.991100] AAAAA-TCP_FORW: name:enp0s8: saddr:100932208: daddr:33561200
[  266.991847] AAAAA-TCP_FORW: name:enp0s3: saddr:33561200: daddr:100932208
[  267.205482] AAAAA-TCP_FORW: name:enp0s8: saddr:100932208: daddr:16783984
[  267.206255] AAAAA-TCP_FORW: name:enp0s3: saddr:16783984: daddr:100932208
[  267.261066] AAAAA-TCP_FORW: name:enp0s8: saddr:100932208: daddr:16783984
[  267.262197] AAAAA-TCP_FORW: name:enp0s3: saddr:16783984: daddr:100932208
[  267.346225] AAAAA-TCP_FORW: name:enp0s8: saddr:100932208: daddr:16783984
[  267.346945] AAAAA-TCP_FORW: name:enp0s3: saddr:16783984: daddr:100932208
[  267.505824] AAAAA-TCP_FORW: name:enp0s8: saddr:100932208: daddr:16783984
[  267.507124] AAAAA-TCP_FORW: name:enp0s3: saddr:16783984: daddr:100932208
[  267.546236] AAAAA-TCP_FORW: name:enp0s8: saddr:100932208: daddr:16783984
[  267.547458] AAAAA-TCP_FORW: name:enp0s3: saddr:16783984: daddr:100932208
[  267.661643] AAAAA-TCP_FORW: name:enp0s8: saddr:100932208: daddr:16783984
[  267.662863] AAAAA-TCP_FORW: name:enp0s3: saddr:16783984: daddr:100932208
[  267.801838] AAAAA-TCP_FORW: name:enp0s8: saddr:100932208: daddr:16783984
[  267.803168] AAAAA-TCP_FORW: name:enp0s3: saddr:16783984: daddr:100932208
[  267.855690] AAAAA-TCP_FORW: name:enp0s8: saddr:100932208: daddr:16783984
[  267.856950] AAAAA-TCP_FORW: name:enp0s3: saddr:16783984: daddr:100932208
[  267.924502] AAAAA-TCP_FORW: name:enp0s8: saddr:100932208: daddr:16783984
[  267.968086] AAAAA-TCP_FORW: name:enp0s3: saddr:16783984: daddr:100932208
[  268.191136] AAAAA-TCP_FORW: name:enp0s8: saddr:100932208: daddr:16783984
[  268.276192] AAAAA-TCP_FORW: name:enp0s3: saddr:16783984: daddr:100932208
[  268.371686] AAAAA-TCP_FORW: name:enp0s8: saddr:100932208: daddr:16783984
[  268.416432] AAAAA-TCP_FORW: name:enp0s8: saddr:100932208: daddr:16783984
[  268.417631] AAAAA-TCP_FORW: name:enp0s3: saddr:16783984: daddr:100932208
[  268.615802] AAAAA-TCP_FORW: name:enp0s8: saddr:100932208: daddr:33561200
[  268.617071] AAAAA-TCP_FORW: name:enp0s3: saddr:33561200: daddr:100932208
[  268.670275] AAAAA-TCP_FORW: name:enp0s8: saddr:100932208: daddr:33561200
[  268.671470] AAAAA-TCP_FORW: name:enp0s3: saddr:33561200: daddr:100932208
[  268.935483] AAAAA-TCP_FORW: name:enp0s8: saddr:100932208: daddr:33561200
[  268.936709] AAAAA-TCP_FORW: name:enp0s3: saddr:33561200: daddr:100932208
[  269.057592] AAAAA-TCP_FORW: name:enp0s8: saddr:100932208: daddr:33561200
[  269.058794] AAAAA-TCP_FORW: name:enp0s3: saddr:33561200: daddr:100932208
[  269.077835] AAAAA-TCP_FORW: name:enp0s8: saddr:100932208: daddr:33561200
[  269.078993] AAAAA-TCP_FORW: name:enp0s3: saddr:33561200: daddr:100932208
[  269.254439] AAAAA-TCP_FORW: name:enp0s8: saddr:100932208: daddr:33561200
[  269.255182] AAAAA-TCP_FORW: name:enp0s3: saddr:33561200: daddr:100932208
[  269.374225] AAAAA-TCP_FORW: name:enp0s8: saddr:100932208: daddr:33561200
[  269.375414] AAAAA-TCP_FORW: name:enp0s3: saddr:33561200: daddr:100932208
[  269.440208] AAAAA-TCP_FORW: name:enp0s8: saddr:100932208: daddr:33561200
[  269.441621] AAAAA-TCP_FORW: name:enp0s3: saddr:33561200: daddr:100932208
[  269.651552] AAAAA-TCP_FORW: name:enp0s8: saddr:100932208: daddr:33561200
[  269.652276] AAAAA-TCP_FORW: name:enp0s3: saddr:33561200: daddr:100932208
[  269.685635] AAAAA-TCP_FORW: name:enp0s8: saddr:100932208: daddr:33561200
[  269.686949] AAAAA-TCP_FORW: name:enp0s3: saddr:33561200: daddr:100932208
[  269.886157] AAAAA-TCP_FORW: name:enp0s8: saddr:100932208: daddr:33561200
[  269.887283] AAAAA-TCP_FORW: name:enp0s3: saddr:33561200: daddr:100932208
[  269.968058] AAAAA-TCP_FORW: name:enp0s8: saddr:100932208: daddr:33561200
[  269.969731] AAAAA-TCP_FORW: name:enp0s3: saddr:33561200: daddr:100932208
[  270.097816] AAAAA-TCP_FORW: name:enp0s8: saddr:100932208: daddr:33561200
[  270.098916] AAAAA-TCP_FORW: name:enp0s3: saddr:33561200: daddr:100932208
[  270.160235] AAAAA-TCP_FORW: name:enp0s8: saddr:100932208: daddr:33561200
[  270.161408] AAAAA-TCP_FORW: name:enp0s3: saddr:33561200: daddr:100932208
[  270.264801] AAAAA-TCP_FORW: name:enp0s8: saddr:100932208: daddr:33561200
[  270.266095] AAAAA-TCP_FORW: name:enp0s3: saddr:33561200: daddr:100932208
[  270.349585] AAAAA-TCP_FORW: name:enp0s8: saddr:100932208: daddr:33561200
[  270.350872] AAAAA-TCP_FORW: name:enp0s3: saddr:33561200: daddr:100932208
[  270.511330] AAAAA-TCP_FORW: name:enp0s8: saddr:100932208: daddr:33561200
[  270.512598] AAAAA-TCP_FORW: name:enp0s3: saddr:33561200: daddr:100932208
[  270.613530] AAAAA-TCP_FORW: name:enp0s8: saddr:100932208: daddr:33561200
[  270.656092] AAAAA-TCP_FORW: name:enp0s3: saddr:33561200: daddr:100932208
[  270.681070] AAAAA-TCP_FORW: name:enp0s8: saddr:100932208: daddr:33561200
[  270.708835] AAAAA-TCP_FORW: name:enp0s8: saddr:100932208: daddr:33561200
[  270.710028] AAAAA-TCP_FORW: name:enp0s3: saddr:33561200: daddr:100932208
[  270.747652] AAAAA-TCP_FORW: name:enp0s8: saddr:100932208: daddr:16783984
[  270.748407] AAAAA-TCP_FORW: name:enp0s3: saddr:16783984: daddr:100932208
[  270.860793] AAAAA-TCP_FORW: name:enp0s8: saddr:100932208: daddr:16783984
[  270.861526] AAAAA-TCP_FORW: name:enp0s3: saddr:16783984: daddr:100932208
[  270.968621] AAAAA-TCP_FORW: name:enp0s8: saddr:100932208: daddr:16783984
[  270.970112] AAAAA-TCP_FORW: name:enp0s3: saddr:16783984: daddr:100932208
[  271.011896] AAAAA-TCP_FORW: name:enp0s8: saddr:100932208: daddr:16783984
[  271.012756] AAAAA-TCP_FORW: name:enp0s3: saddr:16783984: daddr:100932208
[  271.145826] AAAAA-TCP_FORW: name:enp0s8: saddr:100932208: daddr:16783984
[  271.147586] AAAAA-TCP_FORW: name:enp0s3: saddr:16783984: daddr:100932208
[  271.273106] AAAAA-TCP_FORW: name:enp0s8: saddr:100932208: daddr:16783984
[  271.274511] AAAAA-TCP_FORW: name:enp0s3: saddr:16783984: daddr:100932208
[  271.300465] AAAAA-TCP_FORW: name:enp0s8: saddr:100932208: daddr:16783984
[  271.301805] AAAAA-TCP_FORW: name:enp0s3: saddr:16783984: daddr:100932208
[  271.438364] AAAAA-TCP_FORW: name:enp0s8: saddr:100932208: daddr:16783984
[  271.439262] AAAAA-TCP_FORW: name:enp0s3: saddr:16783984: daddr:100932208
[  271.568648] AAAAA-TCP_FORW: name:enp0s8: saddr:100932208: daddr:16783984
[  271.569965] AAAAA-TCP_FORW: name:enp0s3: saddr:16783984: daddr:100932208
[  271.618050] AAAAA-TCP_FORW: name:enp0s8: saddr:100932208: daddr:16783984
[  271.618900] AAAAA-TCP_FORW: name:enp0s3: saddr:16783984: daddr:100932208
[  271.707662] AAAAA-TCP_FORW: name:enp0s8: saddr:100932208: daddr:16783984
[  271.708418] AAAAA-TCP_FORW: name:enp0s3: saddr:16783984: daddr:100932208
[  271.769455] AAAAA-TCP_FORW: name:enp0s8: saddr:100932208: daddr:16783984
[  271.770882] AAAAA-TCP_FORW: name:enp0s3: saddr:16783984: daddr:100932208
[  271.931924] AAAAA-TCP_FORW: name:enp0s8: saddr:100932208: daddr:16783984
[  271.933574] AAAAA-TCP_FORW: name:enp0s3: saddr:16783984: daddr:100932208
[  272.057872] AAAAA-TCP_FORW: name:enp0s8: saddr:100932208: daddr:16783984
[  272.058617] AAAAA-TCP_FORW: name:enp0s3: saddr:16783984: daddr:100932208
[  272.097763] AAAAA-TCP_FORW: name:enp0s8: saddr:100932208: daddr:33561200
[  272.098530] AAAAA-TCP_FORW: name:enp0s3: saddr:33561200: daddr:100932208
[  272.183574] AAAAA-TCP_FORW: name:enp0s8: saddr:100932208: daddr:16783984
[  272.184322] AAAAA-TCP_FORW: name:enp0s3: saddr:16783984: daddr:100932208
[  272.307693] AAAAA-TCP_FORW: name:enp0s8: saddr:100932208: daddr:16783984
[  272.308437] AAAAA-TCP_FORW: name:enp0s3: saddr:16783984: daddr:100932208
[  272.382567] AAAAA-TCP_FORW: name:enp0s8: saddr:100932208: daddr:33561200
[  272.384174] AAAAA-TCP_FORW: name:enp0s3: saddr:33561200: daddr:100932208
[  272.508506] AAAAA-TCP_FORW: name:enp0s8: saddr:100932208: daddr:16783984
[  272.509222] AAAAA-TCP_FORW: name:enp0s3: saddr:16783984: daddr:100932208
[  272.654719] AAAAA-TCP_FORW: name:enp0s8: saddr:100932208: daddr:16783984
[  272.655463] AAAAA-TCP_FORW: name:enp0s3: saddr:16783984: daddr:100932208
[  272.753691] AAAAA-TCP_FORW: name:enp0s8: saddr:100932208: daddr:16783984
[  272.754425] AAAAA-TCP_FORW: name:enp0s3: saddr:16783984: daddr:100932208
[  272.892021] AAAAA-TCP_FORW: name:enp0s8: saddr:100932208: daddr:16783984
[  272.893215] AAAAA-TCP_FORW: name:enp0s3: saddr:16783984: daddr:100932208
[  272.962385] AAAAA-TCP_FORW: name:enp0s8: saddr:100932208: daddr:16783984
[  272.964860] AAAAA-TCP_FORW: name:enp0s3: saddr:16783984: daddr:100932208
[  273.136504] AAAAA-TCP_FORW: name:enp0s8: saddr:100932208: daddr:16783984
[  273.138830] AAAAA-TCP_FORW: name:enp0s3: saddr:16783984: daddr:100932208
[  273.190456] AAAAA-TCP_FORW: name:enp0s8: saddr:100932208: daddr:16783984
[  273.192597] AAAAA-TCP_FORW: name:enp0s3: saddr:16783984: daddr:100932208
[  273.289221] AAAAA-TCP_FORW: name:enp0s8: saddr:100932208: daddr:16783984
[  273.291314] AAAAA-TCP_FORW: name:enp0s3: saddr:16783984: daddr:100932208
[  273.374198] AAAAA-TCP_FORW: name:enp0s8: saddr:100932208: daddr:16783984
[  273.376356] AAAAA-TCP_FORW: name:enp0s3: saddr:16783984: daddr:100932208
[  273.453585] AAAAA-TCP_FORW: name:enp0s8: saddr:100932208: daddr:16783984
[  273.455998] AAAAA-TCP_FORW: name:enp0s3: saddr:16783984: daddr:100932208
[  273.629257] AAAAA-TCP_FORW: name:enp0s8: saddr:100932208: daddr:16783984
[  273.632026] AAAAA-TCP_FORW: name:enp0s3: saddr:16783984: daddr:100932208
[  273.674144] AAAAA-TCP_FORW: name:enp0s8: saddr:100932208: daddr:16783984
[  273.676055] AAAAA-TCP_FORW: name:enp0s3: saddr:16783984: daddr:100932208
[  273.749424] AAAAA-TCP_FORW: name:enp0s8: saddr:100932208: daddr:16783984
[  273.751303] AAAAA-TCP_FORW: name:enp0s3: saddr:16783984: daddr:100932208
[  273.842476] AAAAA-TCP_FORW: name:enp0s8: saddr:100932208: daddr:16783984
[  273.845430] AAAAA-TCP_FORW: name:enp0s3: saddr:16783984: daddr:100932208
[  273.933861] AAAAA-TCP_FORW: name:enp0s8: saddr:100932208: daddr:16783984
[  273.936178] AAAAA-TCP_FORW: name:enp0s3: saddr:16783984: daddr:100932208
[  273.957208] AAAAA-TCP_FORW: name:enp0s8: saddr:100932208: daddr:16783984
[  273.959535] AAAAA-TCP_FORW: name:enp0s3: saddr:16783984: daddr:100932208
[  274.009787] AAAAA-TCP_FORW: name:enp0s8: saddr:100932208: daddr:16783984
[  274.012178] AAAAA-TCP_FORW: name:enp0s3: saddr:16783984: daddr:100932208
[  274.090279] AAAAA-TCP_FORW: name:enp0s8: saddr:100932208: daddr:16783984
[  274.092616] AAAAA-TCP_FORW: name:enp0s3: saddr:16783984: daddr:100932208
[  274.161728] AAAAA-TCP_FORW: name:enp0s8: saddr:100932208: daddr:33561200
[  274.162787] AAAAA-TCP_FORW: name:enp0s3: saddr:33561200: daddr:100932208
[  274.586406] AAAAA-TCP_FORW: name:enp0s8: saddr:100932208: daddr:16783984
[  274.587536] AAAAA-TCP_FORW: name:enp0s3: saddr:16783984: daddr:100932208
[  286.624612] AAAAA-TCP_FORW: name:enp0s8: saddr:100932208: daddr:16783984
[  286.626284] AAAAA-TCP_FORW: name:enp0s3: saddr:16783984: daddr:100932208
[  286.908944] AAAAA-TCP_FORW: name:enp0s8: saddr:100932208: daddr:33561200
[  286.910159] AAAAA-TCP_FORW: name:enp0s3: saddr:33561200: daddr:100932208
[  287.030990] AAAAA-TCP_FORW: name:enp0s8: saddr:100932208: daddr:16783984
[  287.032275] AAAAA-TCP_FORW: name:enp0s3: saddr:16783984: daddr:100932208
[  287.302245] AAAAA-TCP_FORW: name:enp0s8: saddr:100932208: daddr:33561200
[  287.303384] AAAAA-TCP_FORW: name:enp0s3: saddr:33561200: daddr:100932208
[  287.368532] AAAAA-TCP_FORW: name:enp0s8: saddr:100932208: daddr:16783984
[  287.369710] AAAAA-TCP_FORW: name:enp0s3: saddr:16783984: daddr:100932208
[  287.490632] AAAAA-TCP_FORW: name:enp0s8: saddr:100932208: daddr:33561200
[  287.491672] AAAAA-TCP_FORW: name:enp0s3: saddr:33561200: daddr:100932208
[  287.595287] AAAAA-TCP_FORW: name:enp0s8: saddr:100932208: daddr:16783984
[  287.596444] AAAAA-TCP_FORW: name:enp0s3: saddr:16783984: daddr:100932208
[  287.699477] AAAAA-TCP_FORW: name:enp0s8: saddr:100932208: daddr:33561200
[  287.700959] AAAAA-TCP_FORW: name:enp0s3: saddr:33561200: daddr:100932208
[  287.984119] AAAAA-TCP_FORW: name:enp0s8: saddr:100932208: daddr:16783984
[  287.985216] AAAAA-TCP_FORW: name:enp0s3: saddr:16783984: daddr:100932208
[  288.052670] AAAAA-TCP_FORW: name:enp0s8: saddr:100932208: daddr:33561200
[  288.053801] AAAAA-TCP_FORW: name:enp0s3: saddr:33561200: daddr:100932208
[  288.186258] AAAAA-TCP_FORW: name:enp0s8: saddr:100932208: daddr:16783984
[  288.186996] AAAAA-TCP_FORW: name:enp0s3: saddr:16783984: daddr:100932208
[  288.314751] AAAAA-TCP_FORW: name:enp0s8: saddr:100932208: daddr:33561200
[  288.316157] AAAAA-TCP_FORW: name:enp0s3: saddr:33561200: daddr:100932208
[  288.432902] AAAAA-TCP_FORW: name:enp0s8: saddr:100932208: daddr:16783984
[  288.434216] AAAAA-TCP_FORW: name:enp0s3: saddr:16783984: daddr:100932208
[  288.476609] AAAAA-TCP_FORW: name:enp0s8: saddr:100932208: daddr:33561200
[  288.477334] AAAAA-TCP_FORW: name:enp0s3: saddr:33561200: daddr:100932208
[  288.573381] AAAAA-TCP_FORW: name:enp0s8: saddr:100932208: daddr:16783984
[  288.574150] AAAAA-TCP_FORW: name:enp0s3: saddr:16783984: daddr:100932208
[  288.751831] AAAAA-TCP_FORW: name:enp0s8: saddr:100932208: daddr:33561200
[  288.753262] AAAAA-TCP_FORW: name:enp0s3: saddr:33561200: daddr:100932208
[  288.860076] AAAAA-TCP_FORW: name:enp0s8: saddr:100932208: daddr:16783984
[  288.860761] AAAAA-TCP_FORW: name:enp0s3: saddr:16783984: daddr:100932208
[  288.973546] AAAAA-TCP_FORW: name:enp0s8: saddr:100932208: daddr:33561200
[  288.974779] AAAAA-TCP_FORW: name:enp0s3: saddr:33561200: daddr:100932208
[  289.022239] AAAAA-TCP_FORW: name:enp0s8: saddr:100932208: daddr:16783984
[  289.023501] AAAAA-TCP_FORW: name:enp0s3: saddr:16783984: daddr:100932208
[  289.181842] AAAAA-TCP_FORW: name:enp0s8: saddr:100932208: daddr:33561200
[  289.182793] AAAAA-TCP_FORW: name:enp0s3: saddr:33561200: daddr:100932208
[  289.303620] AAAAA-TCP_FORW: name:enp0s8: saddr:100932208: daddr:16783984
[  289.304817] AAAAA-TCP_FORW: name:enp0s3: saddr:16783984: daddr:100932208
[  289.382538] AAAAA-TCP_FORW: name:enp0s8: saddr:100932208: daddr:33561200
[  289.383719] AAAAA-TCP_FORW: name:enp0s3: saddr:33561200: daddr:100932208
[  289.513731] AAAAA-TCP_FORW: name:enp0s8: saddr:100932208: daddr:16783984
[  289.514794] AAAAA-TCP_FORW: name:enp0s3: saddr:16783984: daddr:100932208
[  289.622853] AAAAA-TCP_FORW: name:enp0s8: saddr:100932208: daddr:33561200
[  289.623981] AAAAA-TCP_FORW: name:enp0s3: saddr:33561200: daddr:100932208
[  289.712993] AAAAA-TCP_FORW: name:enp0s8: saddr:100932208: daddr:16783984
[  289.714163] AAAAA-TCP_FORW: name:enp0s3: saddr:16783984: daddr:100932208
[  289.855445] AAAAA-TCP_FORW: name:enp0s8: saddr:100932208: daddr:33561200
[  289.856728] AAAAA-TCP_FORW: name:enp0s3: saddr:33561200: daddr:100932208
[  290.065196] AAAAA-TCP_FORW: name:enp0s8: saddr:100932208: daddr:16783984
[  290.066419] AAAAA-TCP_FORW: name:enp0s3: saddr:16783984: daddr:100932208
[  290.151327] AAAAA-TCP_FORW: name:enp0s8: saddr:100932208: daddr:33561200
[  290.152275] AAAAA-TCP_FORW: name:enp0s3: saddr:33561200: daddr:100932208
[  290.318721] AAAAA-TCP_FORW: name:enp0s8: saddr:100932208: daddr:16783984
[  290.319691] AAAAA-TCP_FORW: name:enp0s3: saddr:16783984: daddr:100932208
[  290.577645] AAAAA-TCP_FORW: name:enp0s8: saddr:100932208: daddr:33561200
[  290.578966] AAAAA-TCP_FORW: name:enp0s3: saddr:33561200: daddr:100932208
[  290.854855] AAAAA-TCP_FORW: name:enp0s8: saddr:100932208: daddr:16783984
[  290.855904] AAAAA-TCP_FORW: name:enp0s3: saddr:16783984: daddr:100932208
[  291.070020] AAAAA-TCP_FORW: name:enp0s8: saddr:100932208: daddr:33561200
[  291.071301] AAAAA-TCP_FORW: name:enp0s3: saddr:33561200: daddr:100932208
[  291.268196] AAAAA-TCP_FORW: name:enp0s8: saddr:100932208: daddr:16783984
[  291.269472] AAAAA-TCP_FORW: name:enp0s3: saddr:16783984: daddr:100932208
[  291.358031] AAAAA-TCP_FORW: name:enp0s8: saddr:100932208: daddr:33561200
[  291.400061] AAAAA-TCP_FORW: name:enp0s3: saddr:33561200: daddr:100932208
[  291.603724] AAAAA-TCP_FORW: name:enp0s8: saddr:100932208: daddr:16783984
[  291.604968] AAAAA-TCP_FORW: name:enp0s3: saddr:16783984: daddr:100932208
[  291.766695] AAAAA-TCP_FORW: name:enp0s8: saddr:100932208: daddr:33561200
[  291.848069] AAAAA-TCP_FORW: name:enp0s3: saddr:33561200: daddr:100932208
[  291.856220] AAAAA-TCP_FORW: name:enp0s8: saddr:100932208: daddr:16783984
[  291.857131] AAAAA-TCP_FORW: name:enp0s3: saddr:16783984: daddr:100932208
[  292.012815] AAAAA-TCP_FORW: name:enp0s8: saddr:100932208: daddr:16783984
[  292.013871] AAAAA-TCP_FORW: name:enp0s3: saddr:16783984: daddr:100932208
[  292.114840] AAAAA-TCP_FORW: name:enp0s8: saddr:100932208: daddr:16783984
[  292.115767] AAAAA-TCP_FORW: name:enp0s3: saddr:16783984: daddr:100932208
[  292.573339] AAAAA-TCP_FORW: name:enp0s8: saddr:100932208: daddr:33561200
[  292.574317] AAAAA-TCP_FORW: name:enp0s3: saddr:33561200: daddr:100932208
[  292.792164] AAAAA-TCP_FORW: name:enp0s8: saddr:100932208: daddr:16783984
[  292.793062] AAAAA-TCP_FORW: name:enp0s3: saddr:16783984: daddr:100932208
[  292.945601] AAAAA-TCP_FORW: name:enp0s8: saddr:100932208: daddr:33561200
[  292.946530] AAAAA-TCP_FORW: name:enp0s3: saddr:33561200: daddr:100932208
[  293.143400] AAAAA-TCP_FORW: name:enp0s8: saddr:100932208: daddr:16783984
[  293.144595] AAAAA-TCP_FORW: name:enp0s3: saddr:16783984: daddr:100932208
[  293.447634] AAAAA-TCP_FORW: name:enp0s8: saddr:100932208: daddr:16783984
[  293.448512] AAAAA-TCP_FORW: name:enp0s3: saddr:16783984: daddr:100932208
[  293.636263] AAAAA-TCP_FORW: name:enp0s8: saddr:100932208: daddr:33561200
[  293.637195] AAAAA-TCP_FORW: name:enp0s3: saddr:33561200: daddr:100932208
[  293.791333] AAAAA-TCP_FORW: name:enp0s8: saddr:100932208: daddr:16783984
[  293.792282] AAAAA-TCP_FORW: name:enp0s3: saddr:16783984: daddr:100932208
[  293.996239] AAAAA-TCP_FORW: name:enp0s8: saddr:100932208: daddr:33561200
[  293.998785] AAAAA-TCP_FORW: name:enp0s3: saddr:33561200: daddr:100932208
[  294.158844] AAAAA-TCP_FORW: name:enp0s8: saddr:100932208: daddr:33561200
[  294.160694] AAAAA-TCP_FORW: name:enp0s3: saddr:33561200: daddr:100932208
[  294.247256] AAAAA-TCP_FORW: name:enp0s8: saddr:100932208: daddr:16783984
[  294.248133] AAAAA-TCP_FORW: name:enp0s3: saddr:16783984: daddr:100932208
[  294.480103] AAAAA-TCP_FORW: name:enp0s8: saddr:100932208: daddr:16783984
[  294.481084] AAAAA-TCP_FORW: name:enp0s3: saddr:16783984: daddr:100932208
[  294.649284] AAAAA-TCP_FORW: name:enp0s8: saddr:100932208: daddr:33561200
[  294.651190] AAAAA-TCP_FORW: name:enp0s3: saddr:33561200: daddr:100932208
[  295.017151] AAAAA-TCP_FORW: name:enp0s8: saddr:100932208: daddr:16783984
[  295.018051] AAAAA-TCP_FORW: name:enp0s3: saddr:16783984: daddr:100932208
[  295.140909] AAAAA-TCP_FORW: name:enp0s8: saddr:100932208: daddr:33561200
[  295.142876] AAAAA-TCP_FORW: name:enp0s3: saddr:33561200: daddr:100932208
[  295.236117] AAAAA-TCP_FORW: name:enp0s8: saddr:100932208: daddr:33561200
[  295.237951] AAAAA-TCP_FORW: name:enp0s3: saddr:33561200: daddr:100932208
[  295.332159] AAAAA-TCP_FORW: name:enp0s8: saddr:100932208: daddr:16783984
[  295.333110] AAAAA-TCP_FORW: name:enp0s3: saddr:16783984: daddr:100932208
[  295.630853] AAAAA-TCP_FORW: name:enp0s8: saddr:100932208: daddr:33561200
[  295.632904] AAAAA-TCP_FORW: name:enp0s3: saddr:33561200: daddr:100932208
[  295.792347] AAAAA-TCP_FORW: name:enp0s8: saddr:100932208: daddr:16783984
[  295.793757] AAAAA-TCP_FORW: name:enp0s3: saddr:16783984: daddr:100932208
[  296.197234] AAAAA-TCP_FORW: name:enp0s8: saddr:100932208: daddr:33561200
[  296.199416] AAAAA-TCP_FORW: name:enp0s3: saddr:33561200: daddr:100932208
[  296.334237] AAAAA-TCP_FORW: name:enp0s8: saddr:100932208: daddr:16783984
[  296.335173] AAAAA-TCP_FORW: name:enp0s3: saddr:16783984: daddr:100932208
[  296.520578] AAAAA-TCP_FORW: name:enp0s8: saddr:100932208: daddr:16783984
[  296.521935] AAAAA-TCP_FORW: name:enp0s3: saddr:16783984: daddr:100932208
[  296.705887] AAAAA-TCP_FORW: name:enp0s8: saddr:100932208: daddr:33561200
[  296.707711] AAAAA-TCP_FORW: name:enp0s3: saddr:33561200: daddr:100932208
[  296.815558] AAAAA-TCP_FORW: name:enp0s8: saddr:100932208: daddr:33561200
[  296.818499] AAAAA-TCP_FORW: name:enp0s3: saddr:33561200: daddr:100932208
[  297.022582] AAAAA-TCP_FORW: name:enp0s8: saddr:100932208: daddr:33561200
[  297.024504] AAAAA-TCP_FORW: name:enp0s3: saddr:33561200: daddr:100932208
[  298.771737] AAAAA-TCP_FORW: name:enp0s8: saddr:100932208: daddr:16783984
[  298.772809] AAAAA-TCP_FORW: name:enp0s3: saddr:16783984: daddr:100932208
[  299.036707] AAAAA-TCP_FORW: name:enp0s8: saddr:100932208: daddr:33561200
[  299.037673] AAAAA-TCP_FORW: name:enp0s3: saddr:33561200: daddr:100932208
[  299.126682] AAAAA-TCP_FORW: name:enp0s8: saddr:100932208: daddr:33561200
[  299.127559] AAAAA-TCP_FORW: name:enp0s3: saddr:33561200: daddr:100932208
[  299.226495] AAAAA-TCP_FORW: name:enp0s8: saddr:100932208: daddr:33561200
[  299.227391] AAAAA-TCP_FORW: name:enp0s3: saddr:33561200: daddr:100932208
[  299.344888] AAAAA-TCP_FORW: name:enp0s8: saddr:100932208: daddr:33561200
[  299.345859] AAAAA-TCP_FORW: name:enp0s3: saddr:33561200: daddr:100932208
[  299.523763] AAAAA-TCP_FORW: name:enp0s8: saddr:100932208: daddr:33561200
[  299.524650] AAAAA-TCP_FORW: name:enp0s3: saddr:33561200: daddr:100932208
[  299.694399] AAAAA-TCP_FORW: name:enp0s8: saddr:100932208: daddr:33561200
[  299.695338] AAAAA-TCP_FORW: name:enp0s3: saddr:33561200: daddr:100932208
[  299.844232] AAAAA-TCP_FORW: name:enp0s8: saddr:100932208: daddr:33561200
[  299.845155] AAAAA-TCP_FORW: name:enp0s3: saddr:33561200: daddr:100932208
[  300.079176] AAAAA-TCP_FORW: name:enp0s8: saddr:100932208: daddr:33561200
[  300.080099] AAAAA-TCP_FORW: name:enp0s3: saddr:33561200: daddr:100932208
[  300.149883] AAAAA-TCP_FORW: name:enp0s8: saddr:100932208: daddr:16783984
[  300.150760] AAAAA-TCP_FORW: name:enp0s3: saddr:16783984: daddr:100932208
[  300.261768] AAAAA-TCP_FORW: name:enp0s8: saddr:100932208: daddr:33561200
[  300.262695] AAAAA-TCP_FORW: name:enp0s3: saddr:33561200: daddr:100932208
[  300.370916] AAAAA-TCP_FORW: name:enp0s8: saddr:100932208: daddr:16783984
[  300.372137] AAAAA-TCP_FORW: name:enp0s3: saddr:16783984: daddr:100932208
[  300.504017] AAAAA-TCP_FORW: name:enp0s8: saddr:100932208: daddr:16783984
[  300.504956] AAAAA-TCP_FORW: name:enp0s3: saddr:16783984: daddr:100932208
[  300.748108] AAAAA-TCP_FORW: name:enp0s8: saddr:100932208: daddr:33561200
[  300.749093] AAAAA-TCP_FORW: name:enp0s3: saddr:33561200: daddr:100932208
[  300.875623] AAAAA-TCP_FORW: name:enp0s8: saddr:100932208: daddr:33561200
[  300.876520] AAAAA-TCP_FORW: name:enp0s3: saddr:33561200: daddr:100932208
[  300.983334] AAAAA-TCP_FORW: name:enp0s8: saddr:100932208: daddr:33561200
[  300.984807] AAAAA-TCP_FORW: name:enp0s3: saddr:33561200: daddr:100932208
[  301.305717] AAAAA-TCP_FORW: name:enp0s8: saddr:100932208: daddr:16783984
[  301.306693] AAAAA-TCP_FORW: name:enp0s3: saddr:16783984: daddr:100932208
[  301.402960] AAAAA-TCP_FORW: name:enp0s8: saddr:100932208: daddr:16783984
[  301.403919] AAAAA-TCP_FORW: name:enp0s3: saddr:16783984: daddr:100932208
[  301.494753] AAAAA-TCP_FORW: name:enp0s8: saddr:100932208: daddr:33561200
[  301.495636] AAAAA-TCP_FORW: name:enp0s3: saddr:33561200: daddr:100932208
[  301.574541] AAAAA-TCP_FORW: name:enp0s8: saddr:100932208: daddr:33561200
[  301.575439] AAAAA-TCP_FORW: name:enp0s3: saddr:33561200: daddr:100932208
[  301.911293] AAAAA-TCP_FORW: name:enp0s8: saddr:100932208: daddr:16783984
[  301.912246] AAAAA-TCP_FORW: name:enp0s3: saddr:16783984: daddr:100932208
[  301.969559] AAAAA-TCP_FORW: name:enp0s8: saddr:100932208: daddr:16783984
[  301.970504] AAAAA-TCP_FORW: name:enp0s3: saddr:16783984: daddr:100932208
[  302.046342] AAAAA-TCP_FORW: name:enp0s8: saddr:100932208: daddr:33561200
[  302.047543] AAAAA-TCP_FORW: name:enp0s3: saddr:33561200: daddr:100932208
[  302.209742] AAAAA-TCP_FORW: name:enp0s8: saddr:100932208: daddr:16783984
[  302.210928] AAAAA-TCP_FORW: name:enp0s3: saddr:16783984: daddr:100932208
[  318.664862] AAAAA-TCP_FORW: name:enp0s8: saddr:100932208: daddr:16783984
[  318.666069] AAAAA-TCP_FORW: name:enp0s3: saddr:16783984: daddr:100932208
[  318.984603] AAAAA-TCP_FORW: name:enp0s8: saddr:100932208: daddr:33561200
[  318.985530] AAAAA-TCP_FORW: name:enp0s3: saddr:33561200: daddr:100932208
[  319.077080] AAAAA-TCP_FORW: name:enp0s8: saddr:100932208: daddr:16783984
[  319.078025] AAAAA-TCP_FORW: name:enp0s3: saddr:16783984: daddr:100932208
[  319.419007] AAAAA-TCP_FORW: name:enp0s8: saddr:100932208: daddr:33561200
[  319.419938] AAAAA-TCP_FORW: name:enp0s3: saddr:33561200: daddr:100932208
[  319.485323] AAAAA-TCP_FORW: name:enp0s8: saddr:100932208: daddr:16783984
[  319.486197] AAAAA-TCP_FORW: name:enp0s3: saddr:16783984: daddr:100932208
[  319.813988] AAAAA-TCP_FORW: name:enp0s8: saddr:100932208: daddr:33561200
[  319.815217] AAAAA-TCP_FORW: name:enp0s3: saddr:33561200: daddr:100932208
[  320.068744] AAAAA-TCP_FORW: name:enp0s8: saddr:100932208: daddr:16783984
[  320.069575] AAAAA-TCP_FORW: name:enp0s3: saddr:16783984: daddr:100932208
[  320.516020] AAAAA-TCP_FORW: name:enp0s8: saddr:100932208: daddr:33561200
[  320.516960] AAAAA-TCP_FORW: name:enp0s3: saddr:33561200: daddr:100932208
[  320.856414] AAAAA-TCP_FORW: name:enp0s8: saddr:100932208: daddr:16783984
[  320.857306] AAAAA-TCP_FORW: name:enp0s3: saddr:16783984: daddr:100932208
[  321.042606] AAAAA-TCP_FORW: name:enp0s8: saddr:100932208: daddr:33561200
[  321.043467] AAAAA-TCP_FORW: name:enp0s3: saddr:33561200: daddr:100932208
[  321.520855] AAAAA-TCP_FORW: name:enp0s8: saddr:100932208: daddr:16783984
[  321.521686] AAAAA-TCP_FORW: name:enp0s3: saddr:16783984: daddr:100932208
[  321.683874] AAAAA-TCP_FORW: name:enp0s8: saddr:100932208: daddr:33561200
[  321.684736] AAAAA-TCP_FORW: name:enp0s3: saddr:33561200: daddr:100932208
[  321.804908] AAAAA-TCP_FORW: name:enp0s8: saddr:100932208: daddr:16783984
[  321.805876] AAAAA-TCP_FORW: name:enp0s3: saddr:16783984: daddr:100932208
[  321.944651] AAAAA-TCP_FORW: name:enp0s8: saddr:100932208: daddr:33561200
[  321.945514] AAAAA-TCP_FORW: name:enp0s3: saddr:33561200: daddr:100932208
[  322.027236] AAAAA-TCP_FORW: name:enp0s8: saddr:100932208: daddr:16783984
[  322.028071] AAAAA-TCP_FORW: name:enp0s3: saddr:16783984: daddr:100932208
[  322.199303] AAAAA-TCP_FORW: name:enp0s8: saddr:100932208: daddr:33561200
[  322.200159] AAAAA-TCP_FORW: name:enp0s3: saddr:33561200: daddr:100932208
[  322.240983] AAAAA-TCP_FORW: name:enp0s8: saddr:100932208: daddr:16783984
[  322.241813] AAAAA-TCP_FORW: name:enp0s3: saddr:16783984: daddr:100932208
[  322.421712] AAAAA-TCP_FORW: name:enp0s8: saddr:100932208: daddr:33561200
[  322.422543] AAAAA-TCP_FORW: name:enp0s3: saddr:33561200: daddr:100932208
[  322.558395] AAAAA-TCP_FORW: name:enp0s8: saddr:100932208: daddr:16783984
[  322.559267] AAAAA-TCP_FORW: name:enp0s3: saddr:16783984: daddr:100932208
[  322.657909] AAAAA-TCP_FORW: name:enp0s8: saddr:100932208: daddr:33561200
[  322.658947] AAAAA-TCP_FORW: name:enp0s3: saddr:33561200: daddr:100932208
[  322.756594] AAAAA-TCP_FORW: name:enp0s8: saddr:100932208: daddr:16783984
[  322.757435] AAAAA-TCP_FORW: name:enp0s3: saddr:16783984: daddr:100932208
[  322.998925] AAAAA-TCP_FORW: name:enp0s8: saddr:100932208: daddr:33561200
[  322.999917] AAAAA-TCP_FORW: name:enp0s3: saddr:33561200: daddr:100932208
[  323.121145] AAAAA-TCP_FORW: name:enp0s8: saddr:100932208: daddr:16783984
[  323.122410] AAAAA-TCP_FORW: name:enp0s3: saddr:16783984: daddr:100932208
[  323.510064] AAAAA-TCP_FORW: name:enp0s8: saddr:100932208: daddr:33561200
[  323.511157] AAAAA-TCP_FORW: name:enp0s3: saddr:33561200: daddr:100932208
[  323.654277] AAAAA-TCP_FORW: name:enp0s8: saddr:100932208: daddr:16783984
[  323.655518] AAAAA-TCP_FORW: name:enp0s3: saddr:16783984: daddr:100932208
[  323.800296] AAAAA-TCP_FORW: name:enp0s8: saddr:100932208: daddr:33561200
[  323.801353] AAAAA-TCP_FORW: name:enp0s3: saddr:33561200: daddr:100932208
[  324.297042] AAAAA-TCP_FORW: name:enp0s8: saddr:100932208: daddr:16783984
[  324.298786] AAAAA-TCP_FORW: name:enp0s3: saddr:16783984: daddr:100932208
[  324.389304] AAAAA-TCP_FORW: name:enp0s8: saddr:100932208: daddr:33561200
[  324.390552] AAAAA-TCP_FORW: name:enp0s3: saddr:33561200: daddr:100932208
[  324.563676] AAAAA-TCP_FORW: name:enp0s8: saddr:100932208: daddr:16783984
[  324.564710] AAAAA-TCP_FORW: name:enp0s3: saddr:16783984: daddr:100932208
[  324.694957] AAAAA-TCP_FORW: name:enp0s8: saddr:100932208: daddr:33561200
[  324.695990] AAAAA-TCP_FORW: name:enp0s3: saddr:33561200: daddr:100932208
[  325.026746] AAAAA-TCP_FORW: name:enp0s8: saddr:100932208: daddr:16783984
[  325.027513] AAAAA-TCP_FORW: name:enp0s3: saddr:16783984: daddr:100932208
[  325.237387] AAAAA-TCP_FORW: name:enp0s8: saddr:100932208: daddr:33561200
[  325.238407] AAAAA-TCP_FORW: name:enp0s3: saddr:33561200: daddr:100932208
[  325.415613] AAAAA-TCP_FORW: name:enp0s8: saddr:100932208: daddr:16783984
[  325.416650] AAAAA-TCP_FORW: name:enp0s3: saddr:16783984: daddr:100932208
[  325.681336] AAAAA-TCP_FORW: name:enp0s8: saddr:100932208: daddr:33561200
[  325.682530] AAAAA-TCP_FORW: name:enp0s3: saddr:33561200: daddr:100932208
[  325.876125] AAAAA-TCP_FORW: name:enp0s8: saddr:100932208: daddr:16783984
[  325.876873] AAAAA-TCP_FORW: name:enp0s3: saddr:16783984: daddr:100932208
[  325.974337] AAAAA-TCP_FORW: name:enp0s8: saddr:100932208: daddr:33561200
[  325.975291] AAAAA-TCP_FORW: name:enp0s3: saddr:33561200: daddr:100932208
[  326.178572] AAAAA-TCP_FORW: name:enp0s8: saddr:100932208: daddr:16783984
[  326.179334] AAAAA-TCP_FORW: name:enp0s3: saddr:16783984: daddr:100932208
[  326.410657] AAAAA-TCP_FORW: name:enp0s8: saddr:100932208: daddr:33561200
[  326.411620] AAAAA-TCP_FORW: name:enp0s3: saddr:33561200: daddr:100932208
[  326.517053] AAAAA-TCP_FORW: name:enp0s8: saddr:100932208: daddr:16783984
[  326.517817] AAAAA-TCP_FORW: name:enp0s3: saddr:16783984: daddr:100932208
[  326.573440] AAAAA-TCP_FORW: name:enp0s8: saddr:100932208: daddr:16783984
[  326.574166] AAAAA-TCP_FORW: name:enp0s3: saddr:16783984: daddr:100932208
[  326.666208] AAAAA-TCP_FORW: name:enp0s8: saddr:100932208: daddr:33561200
[  326.708033] AAAAA-TCP_FORW: name:enp0s3: saddr:33561200: daddr:100932208
[  326.777774] AAAAA-TCP_FORW: name:enp0s8: saddr:100932208: daddr:33561200
[  326.860221] AAAAA-TCP_FORW: name:enp0s3: saddr:33561200: daddr:100932208
[  327.037156] AAAAA-TCP_FORW: name:enp0s8: saddr:100932208: daddr:16783984
[  327.037958] AAAAA-TCP_FORW: name:enp0s3: saddr:16783984: daddr:100932208
[  327.108283] AAAAA-TCP_FORW: name:enp0s8: saddr:100932208: daddr:16783984
[  327.109268] AAAAA-TCP_FORW: name:enp0s3: saddr:16783984: daddr:100932208
[  327.339783] AAAAA-TCP_FORW: name:enp0s8: saddr:100932208: daddr:33561200
[  327.503970] AAAAA-TCP_FORW: name:enp0s3: saddr:33561200: daddr:100932208
[  327.598513] AAAAA-TCP_FORW: name:enp0s8: saddr:100932208: daddr:33561200
[  327.716956] AAAAA-TCP_FORW: name:enp0s8: saddr:100932208: daddr:16783984
[  327.717765] AAAAA-TCP_FORW: name:enp0s3: saddr:16783984: daddr:100932208
[  327.796379] AAAAA-TCP_FORW: name:enp0s8: saddr:100932208: daddr:33561200
[  327.797465] AAAAA-TCP_FORW: name:enp0s3: saddr:33561200: daddr:100932208
[  327.915199] AAAAA-TCP_FORW: name:enp0s8: saddr:100932208: daddr:33561200
[  328.119930] AAAAA-TCP_FORW: name:enp0s3: saddr:33561200: daddr:100932208
[  328.159638] AAAAA-TCP_FORW: name:enp0s8: saddr:100932208: daddr:16783984
[  328.160886] AAAAA-TCP_FORW: name:enp0s3: saddr:16783984: daddr:100932208
[  328.228980] AAAAA-TCP_FORW: name:enp0s8: saddr:100932208: daddr:16783984
[  328.230048] AAAAA-TCP_FORW: name:enp0s3: saddr:16783984: daddr:100932208
[  328.350627] AAAAA-TCP_FORW: name:enp0s8: saddr:100932208: daddr:33561200
[  328.510537] AAAAA-TCP_FORW: name:enp0s8: saddr:100932208: daddr:33561200
[  328.511904] AAAAA-TCP_FORW: name:enp0s3: saddr:33561200: daddr:100932208
[  328.576319] AAAAA-TCP_FORW: name:enp0s8: saddr:100932208: daddr:16783984
[  328.577395] AAAAA-TCP_FORW: name:enp0s3: saddr:16783984: daddr:100932208
[  328.849323] AAAAA-TCP_FORW: name:enp0s8: saddr:100932208: daddr:16783984
[  328.850406] AAAAA-TCP_FORW: name:enp0s3: saddr:16783984: daddr:100932208
[  328.987895] AAAAA-TCP_FORW: name:enp0s8: saddr:100932208: daddr:33561200
[  329.173167] AAAAA-TCP_FORW: name:enp0s8: saddr:100932208: daddr:33561200
[  329.174212] AAAAA-TCP_FORW: name:enp0s3: saddr:33561200: daddr:100932208
[  329.554829] AAAAA-TCP_FORW: name:enp0s3: saddr:16783984: daddr:100932208
[  329.595953] AAAAA-TCP_FORW: name:enp0s8: saddr:100932208: daddr:16783984
[  329.597074] AAAAA-TCP_FORW: name:enp0s3: saddr:16783984: daddr:100932208
[  329.824751] AAAAA-TCP_FORW: name:enp0s8: saddr:100932208: daddr:16783984
[  329.825829] AAAAA-TCP_FORW: name:enp0s3: saddr:16783984: daddr:100932208
[  329.846206] AAAAA-TCP_FORW: name:enp0s3: saddr:33561200: daddr:100932208
[  330.015647] AAAAA-TCP_FORW: name:enp0s8: saddr:100932208: daddr:33561200
[  330.016833] AAAAA-TCP_FORW: name:enp0s3: saddr:33561200: daddr:100932208
[  330.124601] AAAAA-TCP_FORW: name:enp0s8: saddr:100932208: daddr:33561200
[  330.125356] AAAAA-TCP_FORW: name:enp0s3: saddr:33561200: daddr:100932208
[  330.135644] AAAAA-TCP_FORW: name:enp0s3: saddr:33561200: daddr:100932208
[  330.232734] AAAAA-TCP_FORW: name:enp0s8: saddr:100932208: daddr:16783984
[  330.233791] AAAAA-TCP_FORW: name:enp0s3: saddr:16783984: daddr:100932208
[  330.244496] AAAAA-TCP_FORW: name:enp0s3: saddr:16783984: daddr:100932208
[  330.304499] AAAAA-TCP_FORW: name:enp0s8: saddr:100932208: daddr:16783984
[  330.305274] AAAAA-TCP_FORW: name:enp0s3: saddr:16783984: daddr:100932208
[  330.324334] AAAAA-TCP_FORW: name:enp0s3: saddr:33561200: daddr:100932208
[  330.353825] AAAAA-TCP_FORW: name:enp0s8: saddr:100932208: daddr:33561200
[  330.354573] AAAAA-TCP_FORW: name:enp0s3: saddr:33561200: daddr:100932208
[  330.497830] AAAAA-TCP_FORW: name:enp0s8: saddr:100932208: daddr:33561200
[  330.498892] AAAAA-TCP_FORW: name:enp0s3: saddr:33561200: daddr:100932208
[  330.599609] AAAAA-TCP_FORW: name:enp0s8: saddr:100932208: daddr:16783984
[  330.600670] AAAAA-TCP_FORW: name:enp0s3: saddr:16783984: daddr:100932208
[  330.644699] AAAAA-TCP_FORW: name:enp0s8: saddr:100932208: daddr:16783984
[  330.645849] AAAAA-TCP_FORW: name:enp0s3: saddr:16783984: daddr:100932208
[  330.711844] AAAAA-TCP_FORW: name:enp0s8: saddr:100932208: daddr:33561200
[  330.712935] AAAAA-TCP_FORW: name:enp0s3: saddr:33561200: daddr:100932208
[  330.735780] AAAAA-TCP_FORW: name:enp0s8: saddr:100932208: daddr:33561200
[  330.736976] AAAAA-TCP_FORW: name:enp0s3: saddr:33561200: daddr:100932208
[  330.860576] AAAAA-TCP_FORW: name:enp0s8: saddr:100932208: daddr:16783984
[  330.861595] AAAAA-TCP_FORW: name:enp0s3: saddr:16783984: daddr:100932208
[  330.905007] AAAAA-TCP_FORW: name:enp0s8: saddr:100932208: daddr:33561200
[  330.906028] AAAAA-TCP_FORW: name:enp0s3: saddr:33561200: daddr:100932208
[  330.961623] AAAAA-TCP_FORW: name:enp0s8: saddr:100932208: daddr:33561200
[  330.962376] AAAAA-TCP_FORW: name:enp0s3: saddr:33561200: daddr:100932208
[  330.993898] AAAAA-TCP_FORW: name:enp0s8: saddr:100932208: daddr:16783984
[  330.994708] AAAAA-TCP_FORW: name:enp0s3: saddr:16783984: daddr:100932208
[  331.033648] AAAAA-TCP_FORW: name:enp0s8: saddr:100932208: daddr:16783984
[  331.034409] AAAAA-TCP_FORW: name:enp0s3: saddr:16783984: daddr:100932208
[  331.096716] AAAAA-TCP_FORW: name:enp0s8: saddr:100932208: daddr:33561200
[  331.097461] AAAAA-TCP_FORW: name:enp0s3: saddr:33561200: daddr:100932208
[  331.147088] AAAAA-TCP_FORW: name:enp0s8: saddr:100932208: daddr:33561200
[  331.148089] AAAAA-TCP_FORW: name:enp0s3: saddr:33561200: daddr:100932208
[  331.338432] AAAAA-TCP_FORW: name:enp0s8: saddr:100932208: daddr:16783984
[  331.339244] AAAAA-TCP_FORW: name:enp0s3: saddr:16783984: daddr:100932208
[  331.390922] AAAAA-TCP_FORW: name:enp0s8: saddr:100932208: daddr:33561200
[  331.391670] AAAAA-TCP_FORW: name:enp0s3: saddr:33561200: daddr:100932208
[  331.444352] AAAAA-TCP_FORW: name:enp0s8: saddr:100932208: daddr:16783984
[  331.445466] AAAAA-TCP_FORW: name:enp0s3: saddr:16783984: daddr:100932208
[  333.280323] AAAAA-TCP_FORW: name:enp0s8: saddr:100932208: daddr:16783984
[  333.281218] AAAAA-TCP_FORW: name:enp0s3: saddr:16783984: daddr:100932208
[  333.665361] AAAAA-TCP_FORW: name:enp0s8: saddr:100932208: daddr:16783984
[  333.666299] AAAAA-TCP_FORW: name:enp0s3: saddr:16783984: daddr:100932208
[  333.739879] AAAAA-TCP_FORW: name:enp0s8: saddr:100932208: daddr:16783984
[  333.740818] AAAAA-TCP_FORW: name:enp0s3: saddr:16783984: daddr:100932208
[  333.913479] AAAAA-TCP_FORW: name:enp0s8: saddr:100932208: daddr:16783984
[  333.914449] AAAAA-TCP_FORW: name:enp0s3: saddr:16783984: daddr:100932208
[  334.037272] AAAAA-TCP_FORW: name:enp0s8: saddr:100932208: daddr:16783984
[  334.038280] AAAAA-TCP_FORW: name:enp0s3: saddr:16783984: daddr:100932208
[  334.221584] AAAAA-TCP_FORW: name:enp0s8: saddr:100932208: daddr:16783984
[  334.222488] AAAAA-TCP_FORW: name:enp0s3: saddr:16783984: daddr:100932208
[  334.311520] AAAAA-TCP_FORW: name:enp0s8: saddr:100932208: daddr:16783984
[  334.312443] AAAAA-TCP_FORW: name:enp0s3: saddr:16783984: daddr:100932208
[  334.557675] AAAAA-TCP_FORW: name:enp0s8: saddr:100932208: daddr:16783984
[  334.558580] AAAAA-TCP_FORW: name:enp0s3: saddr:16783984: daddr:100932208
[  334.622845] AAAAA-TCP_FORW: name:enp0s8: saddr:100932208: daddr:16783984
[  334.623755] AAAAA-TCP_FORW: name:enp0s3: saddr:16783984: daddr:100932208
[  334.750858] AAAAA-TCP_FORW: name:enp0s8: saddr:100932208: daddr:16783984
[  334.751847] AAAAA-TCP_FORW: name:enp0s3: saddr:16783984: daddr:100932208
[  334.877686] AAAAA-TCP_FORW: name:enp0s8: saddr:100932208: daddr:16783984
[  334.878651] AAAAA-TCP_FORW: name:enp0s3: saddr:16783984: daddr:100932208
[  335.052167] AAAAA-TCP_FORW: name:enp0s8: saddr:100932208: daddr:16783984
[  335.053343] AAAAA-TCP_FORW: name:enp0s3: saddr:16783984: daddr:100932208
[  335.158925] AAAAA-TCP_FORW: name:enp0s8: saddr:100932208: daddr:16783984
[  335.160095] AAAAA-TCP_FORW: name:enp0s3: saddr:16783984: daddr:100932208
[  335.272410] AAAAA-TCP_FORW: name:enp0s8: saddr:100932208: daddr:16783984
[  335.273454] AAAAA-TCP_FORW: name:enp0s3: saddr:16783984: daddr:100932208
[  335.346371] AAAAA-TCP_FORW: name:enp0s8: saddr:100932208: daddr:16783984
[  335.347391] AAAAA-TCP_FORW: name:enp0s3: saddr:16783984: daddr:100932208
[  335.452279] AAAAA-TCP_FORW: name:enp0s8: saddr:100932208: daddr:16783984
[  335.453405] AAAAA-TCP_FORW: name:enp0s3: saddr:16783984: daddr:100932208
[  335.551909] AAAAA-TCP_FORW: name:enp0s8: saddr:100932208: daddr:16783984
[  335.569707] AAAAA-TCP_FORW: name:enp0s3: saddr:16783984: daddr:100932208
[  335.794590] AAAAA-TCP_FORW: name:enp0s8: saddr:100932208: daddr:16783984
[  335.795698] AAAAA-TCP_FORW: name:enp0s3: saddr:16783984: daddr:100932208
[  335.885983] AAAAA-TCP_FORW: name:enp0s8: saddr:100932208: daddr:16783984
[  335.887033] AAAAA-TCP_FORW: name:enp0s3: saddr:16783984: daddr:100932208
[  336.078532] AAAAA-TCP_FORW: name:enp0s8: saddr:100932208: daddr:16783984
[  336.079645] AAAAA-TCP_FORW: name:enp0s3: saddr:16783984: daddr:100932208
[  336.188978] AAAAA-TCP_FORW: name:enp0s8: saddr:100932208: daddr:16783984
[  336.191174] AAAAA-TCP_FORW: name:enp0s3: saddr:16783984: daddr:100932208
[  336.347524] AAAAA-TCP_FORW: name:enp0s8: saddr:100932208: daddr:33561200
[  336.348766] AAAAA-TCP_FORW: name:enp0s3: saddr:33561200: daddr:100932208
[  336.433209] AAAAA-TCP_FORW: name:enp0s8: saddr:100932208: daddr:16783984
[  336.434374] AAAAA-TCP_FORW: name:enp0s3: saddr:16783984: daddr:100932208
[  336.558328] AAAAA-TCP_FORW: name:enp0s8: saddr:100932208: daddr:16783984
[  336.559348] AAAAA-TCP_FORW: name:enp0s3: saddr:16783984: daddr:100932208
[  336.639761] AAAAA-TCP_FORW: name:enp0s8: saddr:100932208: daddr:16783984
[  336.640794] AAAAA-TCP_FORW: name:enp0s3: saddr:16783984: daddr:100932208
[  336.689964] AAAAA-TCP_FORW: name:enp0s8: saddr:100932208: daddr:16783984
[  336.690970] AAAAA-TCP_FORW: name:enp0s3: saddr:16783984: daddr:100932208
[  336.843747] AAAAA-TCP_FORW: name:enp0s8: saddr:100932208: daddr:16783984
[  336.844712] AAAAA-TCP_FORW: name:enp0s3: saddr:16783984: daddr:100932208
[  336.879463] AAAAA-TCP_FORW: name:enp0s3: saddr:16783984: daddr:100932208
[  336.946828] AAAAA-TCP_FORW: name:enp0s8: saddr:100932208: daddr:16783984
[  336.947936] AAAAA-TCP_FORW: name:enp0s3: saddr:16783984: daddr:100932208
[  336.992057] AAAAA-TCP_FORW: name:enp0s3: saddr:16783984: daddr:100932208
[  337.139163] AAAAA-TCP_FORW: name:enp0s3: saddr:16783984: daddr:100932208
[  337.154274] AAAAA-TCP_FORW: name:enp0s8: saddr:100932208: daddr:16783984
[  337.155037] AAAAA-TCP_FORW: name:enp0s3: saddr:16783984: daddr:100932208
[  337.250635] AAAAA-TCP_FORW: name:enp0s8: saddr:100932208: daddr:16783984
[  337.251588] AAAAA-TCP_FORW: name:enp0s3: saddr:16783984: daddr:100932208
[  337.271959] AAAAA-TCP_FORW: name:enp0s3: saddr:16783984: daddr:100932208
[  337.368511] AAAAA-TCP_FORW: name:enp0s8: saddr:100932208: daddr:16783984
[  337.369488] AAAAA-TCP_FORW: name:enp0s3: saddr:16783984: daddr:100932208
[  337.514958] AAAAA-TCP_FORW: name:enp0s8: saddr:100932208: daddr:16783984
[  337.516326] AAAAA-TCP_FORW: name:enp0s3: saddr:16783984: daddr:100932208
[  337.520994] AAAAA-TCP_FORW: name:enp0s3: saddr:16783984: daddr:100932208
[  337.669924] AAAAA-TCP_FORW: name:enp0s8: saddr:100932208: daddr:16783984
[  337.671155] AAAAA-TCP_FORW: name:enp0s3: saddr:16783984: daddr:100932208
[  338.394351] AAAAA-TCP_FORW: name:enp0s8: saddr:100932208: daddr:16783984
[  338.395343] AAAAA-TCP_FORW: name:enp0s3: saddr:16783984: daddr:100932208
[  338.573343] AAAAA-TCP_FORW: name:enp0s8: saddr:100932208: daddr:16783984
[  338.574559] AAAAA-TCP_FORW: name:enp0s3: saddr:16783984: daddr:100932208
[  338.706221] AAAAA-TCP_FORW: name:enp0s8: saddr:100932208: daddr:16783984
[  338.707225] AAAAA-TCP_FORW: name:enp0s3: saddr:16783984: daddr:100932208
[  338.823873] AAAAA-TCP_FORW: name:enp0s8: saddr:100932208: daddr:16783984
[  338.826263] AAAAA-TCP_FORW: name:enp0s3: saddr:16783984: daddr:100932208
[  338.945488] AAAAA-TCP_FORW: name:enp0s8: saddr:100932208: daddr:16783984
[  338.947600] AAAAA-TCP_FORW: name:enp0s3: saddr:16783984: daddr:100932208
[  339.072367] AAAAA-TCP_FORW: name:enp0s8: saddr:100932208: daddr:16783984
[  339.073339] AAAAA-TCP_FORW: name:enp0s3: saddr:16783984: daddr:100932208
[  339.185155] AAAAA-TCP_FORW: name:enp0s8: saddr:100932208: daddr:16783984
[  339.186262] AAAAA-TCP_FORW: name:enp0s3: saddr:16783984: daddr:100932208
[  339.320425] AAAAA-TCP_FORW: name:enp0s8: saddr:100932208: daddr:16783984
[  339.321352] AAAAA-TCP_FORW: name:enp0s3: saddr:16783984: daddr:100932208
[  339.472442] AAAAA-TCP_FORW: name:enp0s8: saddr:100932208: daddr:16783984
[  339.473280] AAAAA-TCP_FORW: name:enp0s3: saddr:16783984: daddr:100932208
[  339.558653] AAAAA-TCP_FORW: name:enp0s8: saddr:100932208: daddr:16783984
[  339.559851] AAAAA-TCP_FORW: name:enp0s3: saddr:16783984: daddr:100932208
[  339.665048] AAAAA-TCP_FORW: name:enp0s8: saddr:100932208: daddr:16783984
[  339.665980] AAAAA-TCP_FORW: name:enp0s3: saddr:16783984: daddr:100932208
[  339.768401] AAAAA-TCP_FORW: name:enp0s8: saddr:100932208: daddr:16783984
[  339.769247] AAAAA-TCP_FORW: name:enp0s3: saddr:16783984: daddr:100932208
[  340.160356] AAAAA-TCP_FORW: name:enp0s8: saddr:100932208: daddr:16783984
[  340.161624] AAAAA-TCP_FORW: name:enp0s3: saddr:16783984: daddr:100932208
[  340.487406] AAAAA-TCP_FORW: name:enp0s8: saddr:100932208: daddr:16783984
[  340.488704] AAAAA-TCP_FORW: name:enp0s3: saddr:16783984: daddr:100932208
[  340.646119] AAAAA-TCP_FORW: name:enp0s8: saddr:100932208: daddr:16783984
[  340.646989] AAAAA-TCP_FORW: name:enp0s3: saddr:16783984: daddr:100932208
[  340.858480] AAAAA-TCP_FORW: name:enp0s8: saddr:100932208: daddr:16783984
[  340.859463] AAAAA-TCP_FORW: name:enp0s3: saddr:16783984: daddr:100932208
[  341.200123] AAAAA-TCP_FORW: name:enp0s8: saddr:100932208: daddr:16783984
[  341.201094] AAAAA-TCP_FORW: name:enp0s3: saddr:16783984: daddr:100932208
[  341.451609] AAAAA-TCP_FORW: name:enp0s8: saddr:100932208: daddr:16783984
[  341.453060] AAAAA-TCP_FORW: name:enp0s3: saddr:16783984: daddr:100932208
[  341.778087] AAAAA-TCP_FORW: name:enp0s8: saddr:100932208: daddr:16783984
[  341.779084] AAAAA-TCP_FORW: name:enp0s3: saddr:16783984: daddr:100932208
[  342.360757] AAAAA-TCP_FORW: name:enp0s8: saddr:100932208: daddr:16783984
[  342.361733] AAAAA-TCP_FORW: name:enp0s3: saddr:16783984: daddr:100932208
[  342.764335] AAAAA-TCP_FORW: name:enp0s8: saddr:100932208: daddr:16783984
[  342.765727] AAAAA-TCP_FORW: name:enp0s3: saddr:16783984: daddr:100932208
[  343.181121] AAAAA-TCP_FORW: name:enp0s8: saddr:100932208: daddr:16783984
[  343.182068] AAAAA-TCP_FORW: name:enp0s3: saddr:16783984: daddr:100932208
[  344.066060] AAAAA-TCP_FORW: name:enp0s8: saddr:100932208: daddr:16783984
[  344.067373] AAAAA-TCP_FORW: name:enp0s3: saddr:16783984: daddr:100932208
[  344.261752] AAAAA-TCP_FORW: name:enp0s8: saddr:100932208: daddr:16783984
[  344.262732] AAAAA-TCP_FORW: name:enp0s3: saddr:16783984: daddr:100932208
[  344.700825] AAAAA-TCP_FORW: name:enp0s8: saddr:100932208: daddr:16783984
[  344.701916] AAAAA-TCP_FORW: name:enp0s3: saddr:16783984: daddr:100932208
[  345.008218] AAAAA-TCP_FORW: name:enp0s8: saddr:100932208: daddr:16783984
[  345.009303] AAAAA-TCP_FORW: name:enp0s3: saddr:16783984: daddr:100932208
[  346.303535] AAAAA-TCP_FORW: name:enp0s8: saddr:100932208: daddr:16783984
[  346.304520] AAAAA-TCP_FORW: name:enp0s3: saddr:16783984: daddr:100932208
[  346.675600] AAAAA-TCP_FORW: name:enp0s8: saddr:100932208: daddr:16783984
[  346.676543] AAAAA-TCP_FORW: name:enp0s3: saddr:16783984: daddr:100932208
[  347.209873] AAAAA-TCP_FORW: name:enp0s8: saddr:100932208: daddr:16783984
[  347.210884] AAAAA-TCP_FORW: name:enp0s3: saddr:16783984: daddr:100932208
[  347.291140] AAAAA-TCP_FORW: name:enp0s8: saddr:100932208: daddr:16783984
[  347.292394] AAAAA-TCP_FORW: name:enp0s3: saddr:16783984: daddr:100932208
[  347.562257] AAAAA-TCP_FORW: name:enp0s8: saddr:100932208: daddr:16783984
[  347.563314] AAAAA-TCP_FORW: name:enp0s3: saddr:16783984: daddr:100932208
[  348.048465] AAAAA-TCP_FORW: name:enp0s8: saddr:100932208: daddr:16783984
[  348.049284] AAAAA-TCP_FORW: name:enp0s3: saddr:16783984: daddr:100932208
[  348.279304] AAAAA-TCP_FORW: name:enp0s8: saddr:100932208: daddr:16783984
[  348.280286] AAAAA-TCP_FORW: name:enp0s3: saddr:16783984: daddr:100932208
[  349.292119] AAAAA-TCP_FORW: name:enp0s8: saddr:100932208: daddr:16783984
[  349.293157] AAAAA-TCP_FORW: name:enp0s3: saddr:16783984: daddr:100932208
[  349.630535] AAAAA-TCP_FORW: name:enp0s8: saddr:100932208: daddr:16783984
[  349.631475] AAAAA-TCP_FORW: name:enp0s3: saddr:16783984: daddr:100932208
[  349.768153] AAAAA-TCP_FORW: name:enp0s8: saddr:100932208: daddr:16783984
[  349.769162] AAAAA-TCP_FORW: name:enp0s3: saddr:16783984: daddr:100932208
[  350.083707] AAAAA-TCP_FORW: name:enp0s8: saddr:100932208: daddr:16783984
[  350.084978] AAAAA-TCP_FORW: name:enp0s3: saddr:16783984: daddr:100932208
[  350.264782] AAAAA-TCP_FORW: name:enp0s8: saddr:100932208: daddr:16783984
[  350.265747] AAAAA-TCP_FORW: name:enp0s3: saddr:16783984: daddr:100932208
[  350.587936] AAAAA-TCP_FORW: name:enp0s8: saddr:100932208: daddr:16783984
[  350.589036] AAAAA-TCP_FORW: name:enp0s3: saddr:16783984: daddr:100932208
[  350.796569] AAAAA-TCP_FORW: name:enp0s8: saddr:100932208: daddr:16783984
[  350.797768] AAAAA-TCP_FORW: name:enp0s3: saddr:16783984: daddr:100932208
[  351.119362] AAAAA-TCP_FORW: name:enp0s8: saddr:100932208: daddr:16783984
[  352.097529] AAAAA-TCP_FORW: name:enp0s8: saddr:100932208: daddr:16783984
[  352.216326] AAAAA-TCP_FORW: name:enp0s8: saddr:100932208: daddr:16783984
[  352.217249] AAAAA-TCP_FORW: name:enp0s3: saddr:16783984: daddr:100932208
[  352.527394] AAAAA-TCP_FORW: name:enp0s8: saddr:100932208: daddr:16783984
[  352.528765] AAAAA-TCP_FORW: name:enp0s3: saddr:16783984: daddr:100932208
[  352.541950] AAAAA-TCP_FORW: name:enp0s8: saddr:100932208: daddr:16783984
[  352.543084] AAAAA-TCP_FORW: name:enp0s3: saddr:16783984: daddr:100932208
[  353.089388] AAAAA-TCP_FORW: name:enp0s8: saddr:100932208: daddr:16783984
[  353.090532] AAAAA-TCP_FORW: name:enp0s3: saddr:16783984: daddr:100932208
[  353.366210] AAAAA-TCP_FORW: name:enp0s8: saddr:100932208: daddr:16783984
[  353.367572] AAAAA-TCP_FORW: name:enp0s3: saddr:16783984: daddr:100932208
[  353.371255] AAAAA-TCP_FORW: name:enp0s8: saddr:100932208: daddr:16783984
[  353.372245] AAAAA-TCP_FORW: name:enp0s3: saddr:16783984: daddr:100932208
[  353.866704] AAAAA-TCP_FORW: name:enp0s8: saddr:100932208: daddr:16783984
[  354.220619] AAAAA-TCP_FORW: name:enp0s8: saddr:100932208: daddr:16783984
[  354.221497] AAAAA-TCP_FORW: name:enp0s3: saddr:16783984: daddr:100932208
[  354.282978] AAAAA-TCP_FORW: name:enp0s8: saddr:100932208: daddr:16783984
[  354.283963] AAAAA-TCP_FORW: name:enp0s3: saddr:16783984: daddr:100932208
[  354.286446] AAAAA-TCP_FORW: name:enp0s8: saddr:100932208: daddr:16783984
[  354.287237] AAAAA-TCP_FORW: name:enp0s3: saddr:16783984: daddr:100932208
[  354.386413] AAAAA-TCP_FORW: name:enp0s8: saddr:100932208: daddr:16783984
[  354.387361] AAAAA-TCP_FORW: name:enp0s3: saddr:16783984: daddr:100932208
[  354.655592] AAAAA-TCP_FORW: name:enp0s8: saddr:100932208: daddr:16783984
[  354.656510] AAAAA-TCP_FORW: name:enp0s3: saddr:16783984: daddr:100932208
[  355.562539] AAAAA-TCP_FORW: name:enp0s8: saddr:100932208: daddr:16783984
[  355.563435] AAAAA-TCP_FORW: name:enp0s3: saddr:16783984: daddr:100932208
[  355.667742] AAAAA-TCP_FORW: name:enp0s8: saddr:100932208: daddr:33561200
[  355.668698] AAAAA-TCP_FORW: name:enp0s3: saddr:33561200: daddr:100932208
[  355.722467] AAAAA-TCP_FORW: name:enp0s8: saddr:100932208: daddr:16783984
[  355.723349] AAAAA-TCP_FORW: name:enp0s3: saddr:16783984: daddr:100932208
[  355.891300] AAAAA-TCP_FORW: name:enp0s8: saddr:100932208: daddr:16783984
[  355.892260] AAAAA-TCP_FORW: name:enp0s3: saddr:16783984: daddr:100932208
[  356.070068] AAAAA-TCP_FORW: name:enp0s8: saddr:100932208: daddr:16783984
[  356.071036] AAAAA-TCP_FORW: name:enp0s3: saddr:16783984: daddr:100932208
