[    0.000000] Linux version 5.4.243-mptcp (root@ztg) (gcc version 12.2.0 (Debian 12.2.0-14+deb12u1)) #53 SMP Wed Dec 24 23:28:15 CST 2025
[    0.000000] Command line: BOOT_IMAGE=/boot/vmlinuz-5.4.243-mptcp root=UUID=98415a12-53b7-4144-8265-0f7ece09e445 ro quiet splash
[    0.000000] KERNEL supported cpus:
[    0.000000]   Intel GenuineIntel
[    0.000000]   AMD AuthenticAMD
[    0.000000]   Hygon HygonGenuine
[    0.000000]   Centaur CentaurHauls
[    0.000000]   zhaoxin   Shanghai  
[    0.000000] x86/fpu: Supporting XSAVE feature 0x001: 'x87 floating point registers'
[    0.000000] x86/fpu: Supporting XSAVE feature 0x002: 'SSE registers'
[    0.000000] x86/fpu: Supporting XSAVE feature 0x004: 'AVX registers'
[    0.000000] x86/fpu: xstate_offset[2]:  576, xstate_sizes[2]:  256
[    0.000000] x86/fpu: Enabled xstate features 0x7, context size is 832 bytes, using 'standard' format.
[    0.000000] BIOS-provided physical RAM map:
[    0.000000] BIOS-e820: [mem 0x0000000000000000-0x000000000009fbff] usable
[    0.000000] BIOS-e820: [mem 0x000000000009fc00-0x000000000009ffff] reserved
[    0.000000] BIOS-e820: [mem 0x00000000000f0000-0x00000000000fffff] reserved
[    0.000000] BIOS-e820: [mem 0x0000000000100000-0x000000007ffeffff] usable
[    0.000000] BIOS-e820: [mem 0x000000007fff0000-0x000000007fffffff] ACPI data
[    0.000000] BIOS-e820: [mem 0x00000000fec00000-0x00000000fec00fff] reserved
[    0.000000] BIOS-e820: [mem 0x00000000fee00000-0x00000000fee00fff] reserved
[    0.000000] BIOS-e820: [mem 0x00000000fffc0000-0x00000000ffffffff] reserved
[    0.000000] NX (Execute Disable) protection: active
[    0.000000] SMBIOS 2.5 present.
[    0.000000] DMI: innotek GmbH VirtualBox/VirtualBox, BIOS VirtualBox 12/01/2006
[    0.000000] Hypervisor detected: KVM
[    0.000000] kvm-clock: Using msrs 4b564d01 and 4b564d00
[    0.000000] kvm-clock: cpu 0, msr 16c01001, primary cpu clock
[    0.000000] kvm-clock: using sched offset of 4497451754 cycles
[    0.000003] clocksource: kvm-clock: mask: 0xffffffffffffffff max_cycles: 0x1cd42e4dffb, max_idle_ns: 881590591483 ns
[    0.000005] tsc: Detected 2100.000 MHz processor
[    0.001881] e820: update [mem 0x00000000-0x00000fff] usable ==> reserved
[    0.001882] e820: remove [mem 0x000a0000-0x000fffff] usable
[    0.001886] last_pfn = 0x7fff0 max_arch_pfn = 0x400000000
[    0.001953] MTRR default type: uncachable
[    0.001953] MTRR fixed ranges enabled:
[    0.001955]   00000-9FFFF write-back
[    0.001955]   A0000-BFFFF uncachable
[    0.001956]   C0000-FFFFF write-protect
[    0.001957] MTRR variable ranges enabled:
[    0.001958]   0 base 000000000000 mask 3FFF80000000 write-back
[    0.001959]   1 disabled
[    0.001959]   2 disabled
[    0.001960]   3 disabled
[    0.001960]   4 disabled
[    0.001961]   5 disabled
[    0.001961]   6 disabled
[    0.001961]   7 disabled
[    0.001962]   8 disabled
[    0.001962]   9 disabled
[    0.001963]   10 disabled
[    0.001963]   11 disabled
[    0.001964]   12 disabled
[    0.001964]   13 disabled
[    0.001964]   14 disabled
[    0.001965]   15 disabled
[    0.001981] x86/PAT: Configuration [0-7]: WB  WC  UC- UC  WB  WP  UC- WT  
[    0.002115] found SMP MP-table at [mem 0x0009fff0-0x0009ffff]
[    0.093064] check: Scanning 1 areas for low memory corruption
[    0.093298] RAMDISK: [mem 0x32271000-0x3512ffff]
[    0.093306] ACPI: Early table checksum verification disabled
[    0.093310] ACPI: RSDP 0x00000000000E0000 000024 (v02 VBOX  )
[    0.093315] ACPI: XSDT 0x000000007FFF0030 00003C (v01 VBOX   VBOXXSDT 00000001 ASL  00000061)
[    0.093321] ACPI: FACP 0x000000007FFF00F0 0000F4 (v04 VBOX   VBOXFACP 00000001 ASL  00000061)
[    0.093328] ACPI: DSDT 0x000000007FFF02E0 002353 (v02 VBOX   VBOXBIOS 00000002 VBOX 00029BF3)
[    0.093332] ACPI: FACS 0x000000007FFF0200 000040
[    0.093335] ACPI: FACS 0x000000007FFF0200 000040
[    0.093338] ACPI: APIC 0x000000007FFF0240 000054 (v02 VBOX   VBOXAPIC 00000001 ASL  00000061)
[    0.093342] ACPI: SSDT 0x000000007FFF02A0 000038 (v01 VBOX   VBOXCPUT 00000002 VBOX 00029BF3)
[    0.093345] ACPI: Reserving FACP table memory at [mem 0x7fff00f0-0x7fff01e3]
[    0.093346] ACPI: Reserving DSDT table memory at [mem 0x7fff02e0-0x7fff2632]
[    0.093347] ACPI: Reserving FACS table memory at [mem 0x7fff0200-0x7fff023f]
[    0.093347] ACPI: Reserving FACS table memory at [mem 0x7fff0200-0x7fff023f]
[    0.093348] ACPI: Reserving APIC table memory at [mem 0x7fff0240-0x7fff0293]
[    0.093349] ACPI: Reserving SSDT table memory at [mem 0x7fff02a0-0x7fff02d7]
[    0.093362] ACPI: Local APIC address 0xfee00000
[    0.093543] No NUMA configuration found
[    0.093544] Faking a node at [mem 0x0000000000000000-0x000000007ffeffff]
[    0.093554] NODE_DATA(0) allocated [mem 0x7ffc5000-0x7ffeffff]
[    0.093814] Zone ranges:
[    0.093815]   DMA      [mem 0x0000000000001000-0x0000000000ffffff]
[    0.093816]   DMA32    [mem 0x0000000001000000-0x000000007ffeffff]
[    0.093817]   Normal   empty
[    0.093818]   Device   empty
[    0.093818] Movable zone start for each node
[    0.093820] Early memory node ranges
[    0.093821]   node   0: [mem 0x0000000000001000-0x000000000009efff]
[    0.093822]   node   0: [mem 0x0000000000100000-0x000000007ffeffff]
[    0.093825] Zeroed struct page in unavailable ranges: 114 pages
[    0.093826] Initmem setup node 0 [mem 0x0000000000001000-0x000000007ffeffff]
[    0.093827] On node 0 totalpages: 524174
[    0.093828]   DMA zone: 64 pages used for memmap
[    0.093828]   DMA zone: 21 pages reserved
[    0.093829]   DMA zone: 3998 pages, LIFO batch:0
[    0.093902]   DMA32 zone: 8128 pages used for memmap
[    0.093903]   DMA32 zone: 520176 pages, LIFO batch:63
[    0.102953] ACPI: PM-Timer IO Port: 0x4008
[    0.102957] ACPI: Local APIC address 0xfee00000
[    0.103020] IOAPIC[0]: apic_id 1, version 32, address 0xfec00000, GSI 0-23
[    0.103023] ACPI: INT_SRC_OVR (bus 0 bus_irq 0 global_irq 2 dfl dfl)
[    0.103025] ACPI: INT_SRC_OVR (bus 0 bus_irq 9 global_irq 9 low level)
[    0.103026] ACPI: IRQ0 used by override.
[    0.103027] ACPI: IRQ9 used by override.
[    0.103030] Using ACPI (MADT) for SMP configuration information
[    0.103036] smpboot: Allowing 1 CPUs, 0 hotplug CPUs
[    0.103057] PM: Registered nosave memory: [mem 0x00000000-0x00000fff]
[    0.103058] PM: Registered nosave memory: [mem 0x0009f000-0x0009ffff]
[    0.103058] PM: Registered nosave memory: [mem 0x000a0000-0x000effff]
[    0.103059] PM: Registered nosave memory: [mem 0x000f0000-0x000fffff]
[    0.103060] [mem 0x80000000-0xfebfffff] available for PCI devices
[    0.103061] Booting paravirtualized kernel on KVM
[    0.103064] clocksource: refined-jiffies: mask: 0xffffffff max_cycles: 0xffffffff, max_idle_ns: 7645519600211568 ns
[    0.103069] setup_percpu: NR_CPUS:8192 nr_cpumask_bits:1 nr_cpu_ids:1 nr_node_ids:1
[    0.103678] percpu: Embedded 60 pages/cpu s208896 r8192 d28672 u2097152
[    0.103683] pcpu-alloc: s208896 r8192 d28672 u2097152 alloc=1*2097152
[    0.103684] pcpu-alloc: [0] 0 
[    0.103708] Built 1 zonelists, mobility grouping on.  Total pages: 515961
[    0.103709] Policy zone: DMA32
[    0.103710] Kernel command line: BOOT_IMAGE=/boot/vmlinuz-5.4.243-mptcp root=UUID=98415a12-53b7-4144-8265-0f7ece09e445 ro quiet splash
[    0.104292] Dentry cache hash table entries: 262144 (order: 9, 2097152 bytes, linear)
[    0.104440] Inode-cache hash table entries: 131072 (order: 8, 1048576 bytes, linear)
[    0.104487] mem auto-init: stack:off, heap alloc:on, heap free:off
[    0.104490] Calgary: detecting Calgary via BIOS EBDA area
[    0.104491] Calgary: Unable to locate Rio Grande table in EBDA - bailing!
[    0.108662] Memory: 1967332K/2096696K available (14339K kernel code, 2398K rwdata, 4712K rodata, 2728K init, 17260K bss, 129364K reserved, 0K cma-reserved)
[    0.109340] SLUB: HWalign=64, Order=0-3, MinObjects=0, CPUs=1, Nodes=1
[    0.109356] ftrace: allocating 43186 entries in 169 pages
[    0.127328] rcu: Hierarchical RCU implementation.
[    0.127329] rcu: 	RCU restricting CPUs from NR_CPUS=8192 to nr_cpu_ids=1.
[    0.127330] 	Tasks RCU enabled.
[    0.127331] rcu: RCU calculated value of scheduler-enlistment delay is 25 jiffies.
[    0.127332] rcu: Adjusting geometry for rcu_fanout_leaf=16, nr_cpu_ids=1
[    0.131310] NR_IRQS: 524544, nr_irqs: 256, preallocated irqs: 16
[    0.131522] random: crng init done
[    0.141020] Console: colour VGA+ 80x25
[    0.141023] printk: console [tty0] enabled
[    0.141044] ACPI: Core revision 20190816
[    0.141180] APIC: Switch to symmetric I/O mode setup
[    0.141430] x2apic enabled
[    0.141688] Switched APIC routing to physical x2apic.
[    0.142861] ..TIMER: vector=0x30 apic1=0 pin1=2 apic2=-1 pin2=-1
[    0.142885] clocksource: tsc-early: mask: 0xffffffffffffffff max_cycles: 0x1e4530a99b6, max_idle_ns: 440795257976 ns
[    0.142891] Calibrating delay loop (skipped) preset value.. 4200.00 BogoMIPS (lpj=8400000)
[    0.142893] pid_max: default: 32768 minimum: 301
[    0.142923] LSM: Security Framework initializing
[    0.142933] Yama: becoming mindful.
[    0.142958] AppArmor: AppArmor initialized
[    0.142990] Mount-cache hash table entries: 4096 (order: 3, 32768 bytes, linear)
[    0.142994] Mountpoint-cache hash table entries: 4096 (order: 3, 32768 bytes, linear)
[    0.143004] *** VALIDATE tmpfs ***
[    0.143130] *** VALIDATE proc ***
[    0.143170] *** VALIDATE cgroup1 ***
[    0.143171] *** VALIDATE cgroup2 ***
[    0.143311] process: using mwait in idle threads
[    0.143316] Last level iTLB entries: 4KB 64, 2MB 8, 4MB 8
[    0.143317] Last level dTLB entries: 4KB 64, 2MB 0, 4MB 0, 1GB 4
[    0.143336] Spectre V1 : Mitigation: usercopy/swapgs barriers and __user pointer sanitization
[    0.143343] Spectre V2 : Mitigation: Retpolines
[    0.143343] Spectre V2 : Spectre v2 / SpectreRSB mitigation: Filling RSB on context switch
[    0.143344] Spectre V2 : Spectre v2 / SpectreRSB : Filling RSB on VMEXIT
[    0.143345] RETBleed: WARNING: Spectre v2 mitigation leaves CPU vulnerable to RETBleed attacks, data leaks possible!
[    0.143695] RETBleed: Vulnerable
[    0.143696] Speculative Store Bypass: Vulnerable
[    0.143701] TAA: Mitigation: TSX disabled
[    0.143701] MMIO Stale Data: Mitigation: Clear CPU buffers
[    0.147922] Freeing SMP alternatives memory: 40K
[    0.259701] smpboot: CPU0: Intel(R) Xeon(R) Silver 4216 CPU @ 2.10GHz (family: 0x6, model: 0x55, stepping: 0x7)
[    0.259821] Performance Events: unsupported p6 CPU model 85 no PMU driver, software events only.
[    0.259856] rcu: Hierarchical SRCU implementation.
[    0.260330] NMI watchdog: Perf NMI watchdog permanently disabled
[    0.260367] smp: Bringing up secondary CPUs ...
[    0.260368] smp: Brought up 1 node, 1 CPU
[    0.260369] smpboot: Max logical packages: 1
[    0.260370] smpboot: Total of 1 processors activated (4200.00 BogoMIPS)
[    0.261058] devtmpfs: initialized
[    0.261109] x86/mm: Memory block size: 128MB
[    0.261465] clocksource: jiffies: mask: 0xffffffff max_cycles: 0xffffffff, max_idle_ns: 7645041785100000 ns
[    0.261471] futex hash table entries: 256 (order: 2, 16384 bytes, linear)
[    0.261514] pinctrl core: initialized pinctrl subsystem
[    0.261613] PM: RTC time: 19:41:39, date: 2026-01-18
[    0.261718] NET: Registered protocol family 16
[    0.261791] audit: initializing netlink subsys (disabled)
[    0.261921] EISA bus registered
[    0.261922] cpuidle: using governor ladder
[    0.261923] cpuidle: using governor menu
[    0.261959] ACPI: bus type PCI registered
[    0.261960] acpiphp: ACPI Hot Plug PCI Controller Driver version: 0.5
[    0.262061] PCI: Using configuration type 1 for base access
[    0.263005] audit: type=2000 audit(1768736505.308:1): state=initialized audit_enabled=0 res=1
[    0.263079] HugeTLB registered 2.00 MiB page size, pre-allocated 0 pages
[    0.263873] ACPI: Added _OSI(Module Device)
[    0.263874] ACPI: Added _OSI(Processor Device)
[    0.263874] ACPI: Added _OSI(3.0 _SCP Extensions)
[    0.263875] ACPI: Added _OSI(Processor Aggregator Device)
[    0.263876] ACPI: Added _OSI(Linux-Dell-Video)
[    0.263877] ACPI: Added _OSI(Linux-Lenovo-NV-HDMI-Audio)
[    0.263878] ACPI: Added _OSI(Linux-HPI-Hybrid-Graphics)
[    0.265923] ACPI: 2 ACPI AML tables successfully acquired and loaded
[    0.267443] ACPI: Interpreter enabled
[    0.267452] ACPI: (supports S0 S5)
[    0.267453] ACPI: Using IOAPIC for interrupt routing
[    0.267660] PCI: Using host bridge windows from ACPI; if necessary, use "pci=nocrs" and report a bug
[    0.267764] ACPI: Enabled 2 GPEs in block 00 to 07
[    0.272616] ACPI: PCI Root Bridge [PCI0] (domain 0000 [bus 00-ff])
[    0.272621] acpi PNP0A03:00: _OSC: OS supports [ASPM ClockPM Segments MSI HPX-Type3]
[    0.273135] acpi PNP0A03:00: _OSC: not requesting OS control; OS requires [ExtendedConfig ASPM ClockPM MSI]
[    0.273145] acpi PNP0A03:00: fail to add MMCONFIG information, can't access extended PCI configuration space under this bridge.
[    0.273523] PCI host bridge to bus 0000:00
[    0.273525] pci_bus 0000:00: root bus resource [io  0x0000-0x0cf7 window]
[    0.273526] pci_bus 0000:00: root bus resource [io  0x0d00-0xffff window]
[    0.273528] pci_bus 0000:00: root bus resource [mem 0x000a0000-0x000bffff window]
[    0.273529] pci_bus 0000:00: root bus resource [mem 0x80000000-0xfdffffff window]
[    0.273530] pci_bus 0000:00: root bus resource [bus 00-ff]
[    0.273574] pci 0000:00:00.0: [8086:1237] type 00 class 0x060000
[    0.274522] pci 0000:00:01.0: [8086:7000] type 00 class 0x060100
[    0.275324] pci 0000:00:01.1: [8086:7111] type 00 class 0x01018a
[    0.275701] pci 0000:00:01.1: reg 0x20: [io  0xd000-0xd00f]
[    0.275856] pci 0000:00:01.1: legacy IDE quirk: reg 0x10: [io  0x01f0-0x01f7]
[    0.275856] pci 0000:00:01.1: legacy IDE quirk: reg 0x14: [io  0x03f6]
[    0.275857] pci 0000:00:01.1: legacy IDE quirk: reg 0x18: [io  0x0170-0x0177]
[    0.275858] pci 0000:00:01.1: legacy IDE quirk: reg 0x1c: [io  0x0376]
[    0.276398] pci 0000:00:02.0: [15ad:0405] type 00 class 0x030000
[    0.278966] pci 0000:00:02.0: reg 0x10: [io  0xd010-0xd01f]
[    0.281814] pci 0000:00:02.0: reg 0x14: [mem 0xe0000000-0xe7ffffff pref]
[    0.282935] pci 0000:00:02.0: reg 0x18: [mem 0xf0000000-0xf01fffff]
[    0.295503] pci 0000:00:03.0: [1022:2000] type 00 class 0x020000
[    0.296170] pci 0000:00:03.0: reg 0x10: [io  0xd020-0xd03f]
[    0.296828] pci 0000:00:03.0: reg 0x14: [mem 0xf0200000-0xf0200fff]
[    0.300263] pci 0000:00:04.0: [80ee:cafe] type 00 class 0x088000
[    0.300932] pci 0000:00:04.0: reg 0x10: [io  0xd040-0xd05f]
[    0.301543] pci 0000:00:04.0: reg 0x14: [mem 0xf0400000-0xf07fffff]
[    0.302165] pci 0000:00:04.0: reg 0x18: [mem 0xf0800000-0xf0803fff pref]
[    0.305443] pci 0000:00:07.0: [8086:7113] type 00 class 0x068000
[    0.305889] pci 0000:00:07.0: quirk: [io  0x4000-0x403f] claimed by PIIX4 ACPI
[    0.305900] pci 0000:00:07.0: quirk: [io  0x4100-0x410f] claimed by PIIX4 SMB
[    0.307409] pci 0000:00:08.0: [8086:100e] type 00 class 0x020000
[    0.308126] pci 0000:00:08.0: reg 0x10: [mem 0xf0820000-0xf083ffff]
[    0.309349] pci 0000:00:08.0: reg 0x18: [io  0xd060-0xd067]
[    0.312506] pci 0000:00:09.0: [8086:100e] type 00 class 0x020000
[    0.313280] pci 0000:00:09.0: reg 0x10: [mem 0xf0840000-0xf085ffff]
[    0.314500] pci 0000:00:09.0: reg 0x18: [io  0xd068-0xd06f]
[    0.323993] ACPI: PCI Interrupt Link [LNKA] (IRQs 5 9 10 *11)
[    0.324279] ACPI: PCI Interrupt Link [LNKB] (IRQs 5 9 *10 11)
[    0.324381] ACPI: PCI Interrupt Link [LNKC] (IRQs 5 *9 10 11)
[    0.324482] ACPI: PCI Interrupt Link [LNKD] (IRQs 5 9 10 *11)
[    0.324717] iommu: Default domain type: Translated 
[    0.324772] pci 0000:00:02.0: vgaarb: setting as boot VGA device
[    0.324773] pci 0000:00:02.0: vgaarb: VGA device added: decodes=io+mem,owns=io+mem,locks=none
[    0.324775] pci 0000:00:02.0: vgaarb: bridge control possible
[    0.324776] vgaarb: loaded
[    0.324972] SCSI subsystem initialized
[    0.325001] libata version 3.00 loaded.
[    0.325023] ACPI: bus type USB registered
[    0.325038] usbcore: registered new interface driver usbfs
[    0.325044] usbcore: registered new interface driver hub
[    0.325049] usbcore: registered new device driver usb
[    0.325072] pps_core: LinuxPPS API ver. 1 registered
[    0.325073] pps_core: Software ver. 5.3.6 - Copyright 2005-2007 Rodolfo Giometti <giometti@linux.it>
[    0.325084] PTP clock support registered
[    0.325121] EDAC MC: Ver: 3.0.0
[    0.325404] PCI: Using ACPI for IRQ routing
[    0.325405] PCI: pci_cache_line_size set to 64 bytes
[    0.326976] e820: reserve RAM buffer [mem 0x0009fc00-0x0009ffff]
[    0.326980] e820: reserve RAM buffer [mem 0x7fff0000-0x7fffffff]
[    0.327515] NetLabel: Initializing
[    0.327515] NetLabel:  domain hash size = 128
[    0.327516] NetLabel:  protocols = UNLABELED CIPSOv4 CALIPSO
[    0.327535] NetLabel:  unlabeled traffic allowed by default
[    0.328434] clocksource: Switched to clocksource kvm-clock
[    0.340958] *** VALIDATE bpf ***
[    0.340958] VFS: Disk quotas dquot_6.6.0
[    0.340958] VFS: Dquot-cache hash table entries: 512 (order 0, 4096 bytes)
[    0.340958] *** VALIDATE ramfs ***
[    0.340958] *** VALIDATE hugetlbfs ***
[    0.340958] AppArmor: AppArmor Filesystem Enabled
[    0.340958] pnp: PnP ACPI init
[    0.340958] pnp 00:00: Plug and Play ACPI device, IDs PNP0303 (active)
[    0.341472] pnp 00:01: Plug and Play ACPI device, IDs PNP0f03 (active)
[    0.342483] pnp: PnP ACPI: found 2 devices
[    0.343971] thermal_sys: Registered thermal governor 'fair_share'
[    0.343972] thermal_sys: Registered thermal governor 'bang_bang'
[    0.343973] thermal_sys: Registered thermal governor 'step_wise'
[    0.343974] thermal_sys: Registered thermal governor 'user_space'
[    0.343975] thermal_sys: Registered thermal governor 'power_allocator'
[    0.348564] clocksource: acpi_pm: mask: 0xffffff max_cycles: 0xffffff, max_idle_ns: 2085701024 ns
[    0.348608] pci_bus 0000:00: resource 4 [io  0x0000-0x0cf7 window]
[    0.348609] pci_bus 0000:00: resource 5 [io  0x0d00-0xffff window]
[    0.348611] pci_bus 0000:00: resource 6 [mem 0x000a0000-0x000bffff window]
[    0.348612] pci_bus 0000:00: resource 7 [mem 0x80000000-0xfdffffff window]
[    0.348671] NET: Registered protocol family 2
[    0.348747] IP idents hash table entries: 32768 (order: 6, 262144 bytes, linear)
[    0.349162] MPTCP tokens hash table entries: 8192 (order: 4, 65536 bytes, linear)
[    0.349182] MPTCP request tokens hash table entries: 8192 (order: 4, 65536 bytes, linear)
[    0.349207] default registered
[    0.349207] default registered
[    0.349208] MPTCP: Stable release v0.96
[    0.349213] tcp_listen_portaddr_hash hash table entries: 1024 (order: 2, 16384 bytes, linear)
[    0.349291] TCP established hash table entries: 16384 (order: 5, 131072 bytes, linear)
[    0.349357] TCP bind hash table entries: 16384 (order: 6, 262144 bytes, linear)
[    0.349382] TCP: Hash tables configured (established 16384 bind 16384)
[    0.349918] UDP hash table entries: 1024 (order: 3, 32768 bytes, linear)
[    0.349929] UDP-Lite hash table entries: 1024 (order: 3, 32768 bytes, linear)
[    0.349961] NET: Registered protocol family 1
[    0.349968] NET: Registered protocol family 44
[    0.349991] pci 0000:00:00.0: Limiting direct PCI/PCI transfers
[    0.350003] pci 0000:00:01.0: Activating ISA DMA hang workarounds
[    0.350056] pci 0000:00:02.0: Video device with shadowed ROM at [mem 0x000c0000-0x000dffff]
[    0.350121] PCI: CLS 0 bytes, default 64
[    0.350166] Trying to unpack rootfs image as initramfs...
[    0.500132] Freeing initrd memory: 47868K
[    0.500132] clocksource: tsc: mask: 0xffffffffffffffff max_cycles: 0x1e4530a99b6, max_idle_ns: 440795257976 ns
[    0.500132] clocksource: Switched to clocksource tsc
[    0.500132] platform rtc_cmos: registered platform RTC device (no PNP device found)
[    0.500132] check: Scanning for low memory corruption every 60 seconds
[    0.500132] Initialise system trusted keyrings
[    0.500132] Key type blacklist registered
[    0.500132] workingset: timestamp_bits=36 max_order=19 bucket_order=0
[    0.500132] zbud: loaded
[    0.500132] squashfs: version 4.0 (2009/01/31) Phillip Lougher
[    0.500132] fuse: init (API version 7.31)
[    0.500132] *** VALIDATE fuse ***
[    0.500132] *** VALIDATE fuse ***
[    0.500132] Platform Keyring initialized
[    0.514637] Key type asymmetric registered
[    0.514638] Asymmetric key parser 'x509' registered
[    0.514647] Block layer SCSI generic (bsg) driver version 0.4 loaded (major 244)
[    0.514683] io scheduler mq-deadline registered
[    0.514803] shpchp: Standard Hot Plug PCI Controller Driver version: 0.4
[    0.515010] ACPI: AC Adapter [AC] (on-line)
[    0.515055] input: Power Button as /devices/LNXSYSTM:00/LNXPWRBN:00/input/input0
[    0.515084] ACPI: Power Button [PWRF]
[    0.515176] input: Sleep Button as /devices/LNXSYSTM:00/LNXSLPBN:00/input/input1
[    0.515190] ACPI: Sleep Button [SLPF]
[    0.515439] Serial: 8250/16550 driver, 32 ports, IRQ sharing enabled
[    0.516581] Linux agpgart interface v0.103
[    0.611447] loop: module loaded
[    0.611577] ata_piix 0000:00:01.1: version 2.13
[    0.611968] scsi host0: ata_piix
[    0.612051] scsi host1: ata_piix
[    0.612077] ata1: PATA max UDMA/33 cmd 0x1f0 ctl 0x3f6 bmdma 0xd000 irq 14
[    0.612077] ata2: PATA max UDMA/33 cmd 0x170 ctl 0x376 bmdma 0xd008 irq 15
[    0.612149] tun: Universal TUN/TAP device driver, 1.6
[    0.612450] PPP generic driver version 2.4.2
[    0.612489] VFIO - User Level meta-driver version: 0.3
[    0.612726] ehci_hcd: USB 2.0 'Enhanced' Host Controller (EHCI) Driver
[    0.612730] ehci-pci: EHCI PCI platform driver
[    0.612742] ehci-platform: EHCI generic platform driver
[    0.612747] ohci_hcd: USB 1.1 'Open' Host Controller (OHCI) Driver
[    0.612748] ohci-pci: OHCI PCI platform driver
[    0.612755] ohci-platform: OHCI generic platform driver
[    0.612759] uhci_hcd: USB Universal Host Controller Interface driver
[    0.612818] i8042: PNP: PS/2 Controller [PNP0303:PS2K,PNP0f03:PS2M] at 0x60,0x64 irq 1,12
[    0.613265] serio: i8042 KBD port at 0x60,0x64 irq 1
[    0.613268] serio: i8042 AUX port at 0x60,0x64 irq 12
[    0.613351] mousedev: PS/2 mouse device common for all mice
[    0.613591] input: AT Translated Set 2 keyboard as /devices/platform/i8042/serio0/input/input2
[    0.613984] rtc_cmos rtc_cmos: registered as rtc0
[    0.613997] rtc_cmos rtc_cmos: alarms up to one day, 114 bytes nvram
[    0.614001] i2c /dev entries driver
[    0.614040] device-mapper: uevent: version 1.0.3
[    0.614080] device-mapper: ioctl: 4.41.0-ioctl (2019-09-16) initialised: dm-devel@redhat.com
[    0.614095] platform eisa.0: Probing EISA bus 0
[    0.614097] platform eisa.0: EISA: Cannot allocate resource for mainboard
[    0.614098] platform eisa.0: Cannot allocate resource for EISA slot 1
[    0.614099] platform eisa.0: Cannot allocate resource for EISA slot 2
[    0.614100] platform eisa.0: Cannot allocate resource for EISA slot 3
[    0.614101] platform eisa.0: Cannot allocate resource for EISA slot 4
[    0.614102] platform eisa.0: Cannot allocate resource for EISA slot 5
[    0.614103] platform eisa.0: Cannot allocate resource for EISA slot 6
[    0.614104] platform eisa.0: Cannot allocate resource for EISA slot 7
[    0.614105] platform eisa.0: Cannot allocate resource for EISA slot 8
[    0.614106] platform eisa.0: EISA: Detected 0 cards
[    0.614108] intel_pstate: CPU model not supported
[    0.614116] ledtrig-cpu: registered to indicate activity on CPUs
[    0.614165] drop_monitor: Initializing network drop monitor service
[    0.614321] NET: Registered protocol family 10
[    0.619441] Segment Routing with IPv6
[    0.619471] fullmesh registered
[    0.619472] ndiffports registered
[    0.619474] binder registered
[    0.619475] roundrobin registered
[    0.619476] redundant registered
[    0.619476] blest registered
[    0.619477] ecf registered
[    0.619478] NET: Registered protocol family 17
[    0.619507] Key type dns_resolver registered
[    0.619562] RAS: Correctable Errors collector initialized.
[    0.619562] IPI shorthand broadcast: enabled
[    0.619562] sched_clock: Marking stable (604184833, 11377633)->(617269946, -1707480)
[    0.619670] registered taskstats version 1
[    0.619678] Loading compiled-in X.509 certificates
[    0.620267] Loaded X.509 cert 'Build time autogenerated kernel key: 6909f3744cebb3d0de528d5887b96a727de79b1e'
[    0.620283] zswap: loaded using pool lzo/zbud
[    0.620332] Key type ._fscrypt registered
[    0.620333] Key type .fscrypt registered
[    0.625195] Key type big_key registered
[    0.627366] Key type encrypted registered
[    0.627369] AppArmor: AppArmor sha1 policy hashing enabled
[    0.627376] ima: No TPM chip found, activating TPM-bypass!
[    0.627379] ima: Allocated hash algorithm: sha1
[    0.627384] ima: No architecture policies found
[    0.627393] evm: Initialising EVM extended attributes:
[    0.627394] evm: security.selinux
[    0.627394] evm: security.SMACK64
[    0.627394] evm: security.SMACK64EXEC
[    0.627395] evm: security.SMACK64TRANSMUTE
[    0.627395] evm: security.SMACK64MMAP
[    0.627396] evm: security.apparmor
[    0.627396] evm: security.ima
[    0.627397] evm: security.capability
[    0.627397] evm: HMAC attrs: 0x1
[    0.627687] PM:   Magic number: 10:470:698
[    0.627784] rtc_cmos rtc_cmos: setting system clock to 2026-01-18T19:41:39 UTC (1768765299)
[    0.785982] ata1.00: ATA-6: VBOX HARDDISK, 1.0, max UDMA/133
[    0.785985] ata1.00: 209715200 sectors, multi 128: LBA 
[    0.786714] scsi 0:0:0:0: Direct-Access     ATA      VBOX HARDDISK    1.0  PQ: 0 ANSI: 5
[    0.787021] sd 0:0:0:0: [sda] 209715200 512-byte logical blocks: (107 GB/100 GiB)
[    0.787037] sd 0:0:0:0: [sda] Write Protect is off
[    0.787040] sd 0:0:0:0: [sda] Mode Sense: 00 3a 00 00
[    0.787065] sd 0:0:0:0: [sda] Write cache: enabled, read cache: enabled, doesn't support DPO or FUA
[    0.787300] sd 0:0:0:0: Attached scsi generic sg0 type 0
[    0.788277]  sda: sda1 sda2
[    0.799640] sd 0:0:0:0: [sda] Attached SCSI disk
[    0.803608] Freeing unused decrypted memory: 2040K
[    0.804697] Freeing unused kernel image memory: 2728K
[    0.804700] Write protecting the kernel read-only data: 22528k
[    0.805900] Freeing unused kernel image memory: 2036K
[    0.806531] Freeing unused kernel image memory: 1432K
[    0.837805] x86/mm: Checked W+X mappings: passed, no W+X pages found.
[    0.837809] Run /init as init process
[    0.934808] ACPI: Video Device [GFX0] (multi-head: yes  rom: no  post: no)
[    0.934878] input: Video Bus as /devices/LNXSYSTM:00/LNXSYBUS:00/PNP0A03:00/LNXVIDEO:00/input/input4
[    0.946211] pcnet32: pcnet32.c:v1.35 21.Apr.2008 tsbogend@alpha.franken.de
[    0.947829] piix4_smbus 0000:00:07.0: SMBus Host Controller at 0x4100, revision 0
[    0.948572] pcnet32: PCnet/FAST III 79C973 at 0xd020, 08:00:27:36:13:a5 assigned IRQ 19
[    0.948613] pcnet32: Found PHY 0022:561b at address 0
[    0.948907] pcnet32: eth0: registered as PCnet/FAST III 79C973
[    0.951282] e1000: Intel(R) PRO/1000 Network Driver - version 7.3.21-k8-NAPI
[    0.951282] e1000: Copyright (c) 1999-2006 Intel Corporation.
[    0.963633] pcnet32: 1 cards_found
[    1.026870] pcnet32 0000:00:03.0 enp0s3: renamed from eth0
[    1.165642] input: ImExPS/2 Generic Explorer Mouse as /devices/platform/i8042/serio1/input/input5
[    1.359820] e1000 0000:00:08.0 eth0: (PCI:33MHz:32-bit) 08:00:27:90:02:b2
[    1.359823] e1000 0000:00:08.0 eth0: Intel(R) PRO/1000 Network Connection
[    1.735949] e1000 0000:00:09.0 eth1: (PCI:33MHz:32-bit) 08:00:27:74:39:07
[    1.735951] e1000 0000:00:09.0 eth1: Intel(R) PRO/1000 Network Connection
[    1.737068] e1000 0000:00:09.0 enp0s9: renamed from eth1
[    1.738865] e1000 0000:00:08.0 enp0s8: renamed from eth0
[    1.878796] EXT4-fs (sda2): mounted filesystem with ordered data mode. Opts: (null)
[    1.962718] systemd[1]: Inserted module 'autofs4'
[    1.975218] systemd[1]: systemd 245.4-4ubuntu3 running in system mode. (+PAM +AUDIT +SELINUX +IMA +APPARMOR +SMACK +SYSVINIT +UTMP +LIBCRYPTSETUP +GCRYPT +GNUTLS +ACL +XZ +LZ4 +SECCOMP +BLKID +ELFUTILS +KMOD +IDN2 -IDN +PCRE2 default-hierarchy=hybrid)
[    1.975247] systemd[1]: Detected virtualization oracle.
[    1.975250] systemd[1]: Detected architecture x86-64.
[    1.976568] systemd[1]: Set hostname to <ztg>.
[    2.101114] systemd[1]: /lib/systemd/system/dbus.socket:5: ListenStream= references a path below legacy directory /var/run/, updating /var/run/dbus/system_bus_socket â†’ /run/dbus/system_bus_socket; please update the unit file accordingly.
[    2.154133] systemd[1]: Created slice system-modprobe.slice.
[    2.154317] systemd[1]: Created slice User and Session Slice.
[    2.154361] systemd[1]: Started Forward Password Requests to Wall Directory Watch.
[    2.154517] systemd[1]: Set up automount Arbitrary Executable File Formats File System Automount Point.
[    2.154550] systemd[1]: Reached target User and Group Name Lookups.
[    2.154558] systemd[1]: Reached target Remote File Systems.
[    2.154566] systemd[1]: Reached target Slices.
[    2.155086] systemd[1]: Listening on Syslog Socket.
[    2.155156] systemd[1]: Listening on fsck to fsckd communication Socket.
[    2.155191] systemd[1]: Listening on initctl Compatibility Named Pipe.
[    2.155325] systemd[1]: Listening on Journal Audit Socket.
[    2.155375] systemd[1]: Listening on Journal Socket (/dev/log).
[    2.155441] systemd[1]: Listening on Journal Socket.
[    2.155563] systemd[1]: Listening on udev Control Socket.
[    2.155604] systemd[1]: Listening on udev Kernel Socket.
[    2.156307] systemd[1]: Mounting Huge Pages File System...
[    2.157218] systemd[1]: Mounting POSIX Message Queue File System...
[    2.158053] systemd[1]: Mounting Kernel Debug File System...
[    2.158853] systemd[1]: Mounting Kernel Trace File System...
[    2.160683] systemd[1]: Starting Journal Service...
[    2.182033] systemd[1]: Starting Set the console keyboard layout...
[    2.189870] systemd[1]: Starting Create list of static device nodes for the current kernel...
[    2.191672] systemd[1]: Starting Load Kernel Module drm...
[    2.192647] systemd[1]: Condition check resulted in Set Up Additional Binary Formats being skipped.
[    2.192730] systemd[1]: Condition check resulted in File System Check on Root Device being skipped.
[    2.203674] systemd[1]: Starting Load Kernel Modules...
[    2.211665] systemd[1]: Starting Remount Root and Kernel File Systems...
[    2.224504] systemd[1]: Starting udev Coldplug all Devices...
[    2.230355] systemd[1]: Starting Uncomplicated firewall...
[    2.231785] systemd[1]: Mounted Huge Pages File System.
[    2.231864] systemd[1]: Mounted POSIX Message Queue File System.
[    2.231935] systemd[1]: Mounted Kernel Debug File System.
[    2.232000] systemd[1]: Mounted Kernel Trace File System.
[    2.247869] EXT4-fs (sda2): re-mounted. Opts: errors=remount-ro
[    2.270956] systemd[1]: Finished Create list of static device nodes for the current kernel.
[    2.272069] systemd[1]: modprobe@drm.service: Succeeded.
[    2.278081] systemd[1]: Finished Load Kernel Module drm.
[    2.278924] systemd[1]: Finished Remount Root and Kernel File Systems.
[    2.279970] systemd[1]: Finished Uncomplicated firewall.
[    2.296076] systemd[1]: Condition check resulted in Rebuild Hardware Database being skipped.
[    2.296112] systemd[1]: Condition check resulted in Platform Persistent Storage Archival being skipped.
[    2.296727] systemd[1]: Starting Load/Save Random Seed...
[    2.298094] lp: driver loaded but no devices found
[    2.303883] systemd[1]: Starting Create System Users...
[    2.313265] systemd[1]: Finished Load/Save Random Seed.
[    2.314605] ppdev: user-space parallel port driver
[    2.323328] systemd[1]: Finished Create System Users.
[    2.324043] systemd[1]: Starting Create Static Device Nodes in /dev...
[    2.344762] systemd[1]: Finished Create Static Device Nodes in /dev.
[    2.345513] systemd[1]: Starting udev Kernel Device Manager...
[    2.374884] systemd[1]: Finished udev Coldplug all Devices.
[    2.395134] [drm] DMA map mode: Caching DMA mappings.
[    2.395196] [drm] Capabilities:
[    2.395196] [drm]   Rect copy.
[    2.395197] [drm]   Cursor.
[    2.395197] [drm]   Cursor bypass.
[    2.395197] [drm]   Cursor bypass 2.
[    2.395198] [drm]   Alpha cursor.
[    2.395198] [drm]   Extended Fifo.
[    2.395198] [drm]   Pitchlock.
[    2.395199] [drm]   Irq mask.
[    2.395199] [drm]   GMR.
[    2.395199] [drm]   Traces.
[    2.395200] [drm]   GMR2.
[    2.395200] [drm]   Screen Object 2.
[    2.395200] [drm]   Command Buffers.
[    2.395201] [drm]   Command Buffers 2.
[    2.395201] [drm]   Guest Backed Resources.
[    2.395202] [drm] Max GMR ids is 8192
[    2.395202] [drm] Max number of GMR pages is 1048576
[    2.395203] [drm] Max dedicated hypervisor surface memory is 393216 kiB
[    2.395203] [drm] Maximum display memory size is 131072 kiB
[    2.395204] [drm] VRAM at 0xe0000000 size is 131072 kiB
[    2.395205] [drm] MMIO at 0xf0000000 size is 2048 kiB
[    2.397269] [TTM] Zone  kernel: Available graphics memory: 1011738 KiB
[    2.397269] [TTM] Initializing pool allocator
[    2.397273] [TTM] Initializing DMA pool allocator
[    2.397300] [drm] Supports vblank timestamp caching Rev 2 (21.10.2013).
[    2.397301] [drm] No driver support for vblank timestamp query.
[    2.397515] [drm] Screen Target Display device initialized
[    2.397691] [drm] width 720
[    2.397700] [drm] height 400
[    2.397703] [drm] bpp 32
[    2.398004] [drm] Fifo max 0x00200000 min 0x00001000 cap 0x00000355
[    2.399096] [drm] Using command buffers with DMA pool.
[    2.399101] [drm] DX: no.
[    2.399102] [drm] Atomic: yes.
[    2.399102] [drm] SM4_1: no.
[    2.399121] [drm:vmw_host_log [vmwgfx]] *ERROR* Failed to send host log message.
[    2.400262] [drm:vmw_host_log [vmwgfx]] *ERROR* Failed to send host log message.
[    2.425613] fbcon: svgadrmfb (fb0) is primary device
[    2.427657] Console: switching to colour frame buffer device 100x37
[    2.439439] [drm] Initialized vmwgfx 2.15.0 20180704 for 0000:00:02.0 on minor 0
[    2.440429] systemd[1]: Finished Load Kernel Modules.
[    2.441402] systemd[1]: Mounting FUSE Control File System...
[    2.442639] systemd[1]: Mounting Kernel Configuration File System...
[    2.467687] systemd[1]: Starting Apply Kernel Variables...
[    2.468380] systemd[1]: Mounted FUSE Control File System.
[    2.468473] systemd[1]: Mounted Kernel Configuration File System.
[    2.468550] systemd[1]: Condition check resulted in VMware vmblock fuse mount being skipped.
[    2.474854] systemd[1]: Finished Set the console keyboard layout.
[    2.474948] systemd[1]: Reached target Local File Systems (Pre).
[    2.477037] systemd[1]: Mounting Mount unit for bare, revision 5...
[    2.497024] systemd[1]: Mounting Mount unit for core18, revision 1705...
[    2.512869] systemd[1]: Mounting Mount unit for gnome-3-34-1804, revision 24...
[    2.516497] systemd[1]: Mounting Mount unit for gtk-common-themes, revision 1506...
[    2.520630] systemd[1]: Mounting Mount unit for gtk-common-themes, revision 1535...
[    2.529667] systemd[1]: Mounting Mount unit for snap-store, revision 433...
[    2.535723] systemd[1]: Mounting Mount unit for snapd, revision 25935...
[    2.570773] systemd[1]: Finished Apply Kernel Variables.
[    2.573016] systemd[1]: Mounted Mount unit for bare, revision 5.
[    2.573102] systemd[1]: Mounted Mount unit for gnome-3-34-1804, revision 24.
[    2.577932] systemd[1]: Mounted Mount unit for core18, revision 1705.
[    2.578017] systemd[1]: Mounted Mount unit for gtk-common-themes, revision 1506.
[    2.595737] systemd[1]: Started udev Kernel Device Manager.
[    2.596421] systemd[1]: Starting Show Plymouth Boot Screen...
[    2.600300] systemd[1]: Received SIGRTMIN+20 from PID 288 (plymouthd).
[    2.629453] systemd[1]: Mounted Mount unit for snap-store, revision 433.
[    2.629716] systemd[1]: Started Show Plymouth Boot Screen.
[    2.629890] systemd[1]: Condition check resulted in Dispatch Password Requests to Console Directory Watch being skipped.
[    2.629977] systemd[1]: Started Forward Password Requests to Plymouth Directory Watch.
[    2.630042] systemd[1]: Reached target Local Encrypted Volumes.
[    2.663015] systemd[1]: Mounted Mount unit for gtk-common-themes, revision 1535.
[    2.663227] systemd[1]: Mounted Mount unit for snapd, revision 25935.
[    2.663378] systemd[1]: Reached target Local File Systems.
[    2.664096] systemd[1]: Starting Load AppArmor profiles...
[    2.666544] systemd[1]: Starting Set console font and keymap...
[    2.681239] systemd[1]: Starting Tell Plymouth To Write Out Runtime Data...
[    2.681357] systemd[1]: Condition check resulted in Store a System Token in an EFI Variable being skipped.
[    2.681406] systemd[1]: Condition check resulted in Commit a transient machine-id on disk being skipped.
[    2.683773] systemd[1]: Finished Set console font and keymap.
[    2.692744] systemd[1]: Received SIGRTMIN+20 from PID 288 (plymouthd).
[    2.693806] systemd[1]: plymouth-read-write.service: Succeeded.
[    2.694034] systemd[1]: Finished Tell Plymouth To Write Out Runtime Data.
[    2.714409] audit: type=1400 audit(1768765301.580:2): apparmor="STATUS" operation="profile_load" profile="unconfined" name="nvidia_modprobe" pid=301 comm="apparmor_parser"
[    2.714411] audit: type=1400 audit(1768765301.580:3): apparmor="STATUS" operation="profile_load" profile="unconfined" name="nvidia_modprobe//kmod" pid=301 comm="apparmor_parser"
[    2.738188] audit: type=1400 audit(1768765301.608:4): apparmor="STATUS" operation="profile_load" profile="unconfined" name="/usr/sbin/tcpdump" pid=302 comm="apparmor_parser"
[    2.794073] audit: type=1400 audit(1768765301.656:5): apparmor="STATUS" operation="profile_load" profile="unconfined" name="/usr/bin/evince" pid=304 comm="apparmor_parser"
[    2.794076] audit: type=1400 audit(1768765301.656:6): apparmor="STATUS" operation="profile_load" profile="unconfined" name="/usr/bin/evince//sanitized_helper" pid=304 comm="apparmor_parser"
[    2.794078] audit: type=1400 audit(1768765301.656:7): apparmor="STATUS" operation="profile_load" profile="unconfined" name="/usr/bin/evince-previewer" pid=304 comm="apparmor_parser"
[    2.794079] audit: type=1400 audit(1768765301.656:8): apparmor="STATUS" operation="profile_load" profile="unconfined" name="/usr/bin/evince-previewer//sanitized_helper" pid=304 comm="apparmor_parser"
[    2.794081] audit: type=1400 audit(1768765301.656:9): apparmor="STATUS" operation="profile_load" profile="unconfined" name="/usr/bin/evince-thumbnailer" pid=304 comm="apparmor_parser"
[    2.808178] audit: type=1400 audit(1768765301.676:10): apparmor="STATUS" operation="profile_load" profile="unconfined" name="/usr/lib/cups/backend/cups-pdf" pid=305 comm="apparmor_parser"
[    2.887591] systemd[1]: Finished Load AppArmor profiles.
[    2.888528] systemd[1]: Starting Load AppArmor profiles managed internally by snapd...
[    3.004391] systemd[1]: Finished Load AppArmor profiles managed internally by snapd.
[    3.151382] systemd[1]: Started Journal Service.
[    3.160207] systemd-journald[229]: Received client request to flush runtime journal.
[    3.163523] systemd-journald[229]: File /var/log/journal/c455b248004a419c87ce85eea238d727/system.journal corrupted or uncleanly shut down, renaming and replacing.
[    4.487277] RAPL PMU: API unit is 2^-32 Joules, 0 fixed counters, 10737418240 ms ovfl timer
[    4.564029] cryptd: max_cpu_qlen set to 1000
[    4.607367] AVX2 version of gcm_enc/dec engaged.
[    4.607367] AES CTR mode by8 optimization enabled
[    6.377888] Adding 1998844k swap on /dev/sda1.  Priority:-2 extents:1 across:1998844k FS
[    8.135163] kauditd_printk_skb: 30 callbacks suppressed
[    8.135164] audit: type=1400 audit(1768765307.004:41): apparmor="DENIED" operation="capable" profile="/usr/sbin/cups-browsed" pid=510 comm="cups-browsed" capability=23  capname="sys_nice"
[    8.910669] pcnet32 0000:00:03.0 enp0s3: link up, 100Mbps, full-duplex
[    8.943449] e1000: enp0s8 NIC Link is Up 1000 Mbps Full Duplex, Flow Control: RX
[    8.943722] IPv6: ADDRCONF(NETDEV_CHANGE): enp0s8: link becomes ready
[    8.972987] e1000: enp0s9 NIC Link is Up 1000 Mbps Full Duplex, Flow Control: RX
[    8.973284] IPv6: ADDRCONF(NETDEV_CHANGE): enp0s9: link becomes ready
[    9.650906] device enp0s3 entered promiscuous mode
[    9.678105] audit: type=1400 audit(1768765308.548:42): apparmor="DENIED" operation="open" profile="/usr/sbin/tcpdump" name="/proc/sys/kernel/random/boot_id" pid=666 comm="tcpdump" requested_mask="r" denied_mask="r" fsuid=0 ouid=0
[    9.678333] audit: type=1400 audit(1768765308.548:43): apparmor="DENIED" operation="open" profile="/usr/sbin/tcpdump" name="/proc/sys/kernel/random/boot_id" pid=666 comm="tcpdump" requested_mask="r" denied_mask="r" fsuid=0 ouid=0
[    9.678384] audit: type=1400 audit(1768765308.548:44): apparmor="DENIED" operation="open" profile="/usr/sbin/tcpdump" name="/proc/sys/kernel/random/boot_id" pid=666 comm="tcpdump" requested_mask="r" denied_mask="r" fsuid=0 ouid=0
[    9.680982] audit: type=1400 audit(1768765308.552:45): apparmor="DENIED" operation="open" profile="/usr/sbin/tcpdump" name="/proc/sys/kernel/random/boot_id" pid=666 comm="tcpdump" requested_mask="r" denied_mask="r" fsuid=0 ouid=0
[    9.684416] audit: type=1400 audit(1768765308.552:46): apparmor="DENIED" operation="open" profile="/usr/sbin/tcpdump" name="/proc/sys/kernel/random/boot_id" pid=667 comm="tcpdump" requested_mask="r" denied_mask="r" fsuid=0 ouid=0
[    9.684577] audit: type=1400 audit(1768765308.552:47): apparmor="DENIED" operation="open" profile="/usr/sbin/tcpdump" name="/proc/sys/kernel/random/boot_id" pid=667 comm="tcpdump" requested_mask="r" denied_mask="r" fsuid=0 ouid=0
[    9.684650] audit: type=1400 audit(1768765308.552:48): apparmor="DENIED" operation="open" profile="/usr/sbin/tcpdump" name="/proc/sys/kernel/random/boot_id" pid=667 comm="tcpdump" requested_mask="r" denied_mask="r" fsuid=0 ouid=0
[    9.684733] audit: type=1400 audit(1768765308.552:49): apparmor="DENIED" operation="open" profile="/usr/sbin/tcpdump" name="/proc/sys/kernel/random/boot_id" pid=667 comm="tcpdump" requested_mask="r" denied_mask="r" fsuid=0 ouid=0
[   15.544828] rfkill: input handler disabled
[  129.472744] AAAAA-TCP_FORW: name:enp0s3: saddr:100932208: daddr:16783984
[  129.589019] AAAAA-TCP_FORW: name:enp0s3: saddr:16783984: daddr:100932208
[  130.100158] AAAAA-TCP_FORW: name:enp0s3: saddr:16783984: daddr:100932208
[  130.194406] AAAAA-TCP_FORW: name:enp0s3: saddr:16783984: daddr:100932208
[  130.251096] AAAAA-TCP_FORW: name:enp0s3: saddr:16783984: daddr:100932208
[  130.778741] AAAAA-TCP_FORW: name:enp0s3: saddr:33561200: daddr:100932208
[  131.002215] AAAAA-TCP_FORW: name:enp0s3: saddr:16783984: daddr:100932208
[  131.258539] AAAAA-TCP_FORW: name:enp0s3: saddr:33561200: daddr:100932208
[  131.465442] AAAAA-TCP_FORW: name:enp0s3: saddr:16783984: daddr:100932208
[  131.905780] AAAAA-TCP_FORW: name:enp0s3: saddr:16783984: daddr:100932208
[  131.946737] AAAAA-TCP_FORW: name:enp0s3: saddr:33561200: daddr:100932208
[  511.637316] rfkill: input handler enabled
[  519.746006] rfkill: input handler disabled
[  738.226545] device enp0s3 left promiscuous mode
