[    0.000000] Linux version 5.4.243-mptcp (root@ztg) (gcc version 12.2.0 (Debian 12.2.0-14+deb12u1)) #53 SMP Wed Dec 24 23:28:15 CST 2025
[    0.000000] Command line: BOOT_IMAGE=/boot/vmlinuz-5.4.243-mptcp root=UUID=98415a12-53b7-4144-8265-0f7ece09e445 ro quiet splash
[    0.000000] KERNEL supported cpus:
[    0.000000]   Intel GenuineIntel
[    0.000000]   AMD AuthenticAMD
[    0.000000]   Hygon HygonGenuine
[    0.000000]   Centaur CentaurHauls
[    0.000000]   zhaoxin   Shanghai  
[    0.000000] x86/fpu: Supporting XSAVE feature 0x001: 'x87 floating point registers'
[    0.000000] x86/fpu: Supporting XSAVE feature 0x002: 'SSE registers'
[    0.000000] x86/fpu: Supporting XSAVE feature 0x004: 'AVX registers'
[    0.000000] x86/fpu: xstate_offset[2]:  576, xstate_sizes[2]:  256
[    0.000000] x86/fpu: Enabled xstate features 0x7, context size is 832 bytes, using 'standard' format.
[    0.000000] BIOS-provided physical RAM map:
[    0.000000] BIOS-e820: [mem 0x0000000000000000-0x000000000009fbff] usable
[    0.000000] BIOS-e820: [mem 0x000000000009fc00-0x000000000009ffff] reserved
[    0.000000] BIOS-e820: [mem 0x00000000000f0000-0x00000000000fffff] reserved
[    0.000000] BIOS-e820: [mem 0x0000000000100000-0x000000007ffeffff] usable
[    0.000000] BIOS-e820: [mem 0x000000007fff0000-0x000000007fffffff] ACPI data
[    0.000000] BIOS-e820: [mem 0x00000000fec00000-0x00000000fec00fff] reserved
[    0.000000] BIOS-e820: [mem 0x00000000fee00000-0x00000000fee00fff] reserved
[    0.000000] BIOS-e820: [mem 0x00000000fffc0000-0x00000000ffffffff] reserved
[    0.000000] NX (Execute Disable) protection: active
[    0.000000] SMBIOS 2.5 present.
[    0.000000] DMI: innotek GmbH VirtualBox/VirtualBox, BIOS VirtualBox 12/01/2006
[    0.000000] Hypervisor detected: KVM
[    0.000000] kvm-clock: Using msrs 4b564d01 and 4b564d00
[    0.000000] kvm-clock: cpu 0, msr 40a01001, primary cpu clock
[    0.000000] kvm-clock: using sched offset of 4510562812 cycles
[    0.000003] clocksource: kvm-clock: mask: 0xffffffffffffffff max_cycles: 0x1cd42e4dffb, max_idle_ns: 881590591483 ns
[    0.000006] tsc: Detected 2100.000 MHz processor
[    0.002030] e820: update [mem 0x00000000-0x00000fff] usable ==> reserved
[    0.002032] e820: remove [mem 0x000a0000-0x000fffff] usable
[    0.002036] last_pfn = 0x7fff0 max_arch_pfn = 0x400000000
[    0.002104] MTRR default type: uncachable
[    0.002105] MTRR fixed ranges enabled:
[    0.002106]   00000-9FFFF write-back
[    0.002107]   A0000-BFFFF uncachable
[    0.002108]   C0000-FFFFF write-protect
[    0.002108] MTRR variable ranges enabled:
[    0.002110]   0 base 000000000000 mask 3FFF80000000 write-back
[    0.002110]   1 disabled
[    0.002111]   2 disabled
[    0.002111]   3 disabled
[    0.002112]   4 disabled
[    0.002112]   5 disabled
[    0.002113]   6 disabled
[    0.002113]   7 disabled
[    0.002113]   8 disabled
[    0.002114]   9 disabled
[    0.002114]   10 disabled
[    0.002115]   11 disabled
[    0.002115]   12 disabled
[    0.002116]   13 disabled
[    0.002116]   14 disabled
[    0.002116]   15 disabled
[    0.002134] x86/PAT: Configuration [0-7]: WB  WC  UC- UC  WB  WP  UC- WT  
[    0.002289] found SMP MP-table at [mem 0x0009fff0-0x0009ffff]
[    0.110777] check: Scanning 1 areas for low memory corruption
[    0.110962] RAMDISK: [mem 0x32271000-0x3512ffff]
[    0.110971] ACPI: Early table checksum verification disabled
[    0.110978] ACPI: RSDP 0x00000000000E0000 000024 (v02 VBOX  )
[    0.110983] ACPI: XSDT 0x000000007FFF0030 00003C (v01 VBOX   VBOXXSDT 00000001 ASL  00000061)
[    0.110990] ACPI: FACP 0x000000007FFF00F0 0000F4 (v04 VBOX   VBOXFACP 00000001 ASL  00000061)
[    0.110997] ACPI: DSDT 0x000000007FFF02E0 002353 (v02 VBOX   VBOXBIOS 00000002 VBOX 00029BF3)
[    0.111002] ACPI: FACS 0x000000007FFF0200 000040
[    0.111006] ACPI: FACS 0x000000007FFF0200 000040
[    0.111010] ACPI: APIC 0x000000007FFF0240 000054 (v02 VBOX   VBOXAPIC 00000001 ASL  00000061)
[    0.111014] ACPI: SSDT 0x000000007FFF02A0 000038 (v01 VBOX   VBOXCPUT 00000002 VBOX 00029BF3)
[    0.111018] ACPI: Reserving FACP table memory at [mem 0x7fff00f0-0x7fff01e3]
[    0.111019] ACPI: Reserving DSDT table memory at [mem 0x7fff02e0-0x7fff2632]
[    0.111019] ACPI: Reserving FACS table memory at [mem 0x7fff0200-0x7fff023f]
[    0.111020] ACPI: Reserving FACS table memory at [mem 0x7fff0200-0x7fff023f]
[    0.111021] ACPI: Reserving APIC table memory at [mem 0x7fff0240-0x7fff0293]
[    0.111021] ACPI: Reserving SSDT table memory at [mem 0x7fff02a0-0x7fff02d7]
[    0.111038] ACPI: Local APIC address 0xfee00000
[    0.111237] No NUMA configuration found
[    0.111238] Faking a node at [mem 0x0000000000000000-0x000000007ffeffff]
[    0.111248] NODE_DATA(0) allocated [mem 0x7ffc5000-0x7ffeffff]
[    0.111509] Zone ranges:
[    0.111510]   DMA      [mem 0x0000000000001000-0x0000000000ffffff]
[    0.111511]   DMA32    [mem 0x0000000001000000-0x000000007ffeffff]
[    0.111512]   Normal   empty
[    0.111513]   Device   empty
[    0.111514] Movable zone start for each node
[    0.111516] Early memory node ranges
[    0.111516]   node   0: [mem 0x0000000000001000-0x000000000009efff]
[    0.111517]   node   0: [mem 0x0000000000100000-0x000000007ffeffff]
[    0.111520] Zeroed struct page in unavailable ranges: 114 pages
[    0.111521] Initmem setup node 0 [mem 0x0000000000001000-0x000000007ffeffff]
[    0.111522] On node 0 totalpages: 524174
[    0.111524]   DMA zone: 64 pages used for memmap
[    0.111524]   DMA zone: 21 pages reserved
[    0.111526]   DMA zone: 3998 pages, LIFO batch:0
[    0.111596]   DMA32 zone: 8128 pages used for memmap
[    0.111596]   DMA32 zone: 520176 pages, LIFO batch:63
[    0.120535] ACPI: PM-Timer IO Port: 0x4008
[    0.120539] ACPI: Local APIC address 0xfee00000
[    0.120610] IOAPIC[0]: apic_id 1, version 32, address 0xfec00000, GSI 0-23
[    0.120615] ACPI: INT_SRC_OVR (bus 0 bus_irq 0 global_irq 2 dfl dfl)
[    0.120616] ACPI: INT_SRC_OVR (bus 0 bus_irq 9 global_irq 9 low level)
[    0.120619] ACPI: IRQ0 used by override.
[    0.120620] ACPI: IRQ9 used by override.
[    0.120623] Using ACPI (MADT) for SMP configuration information
[    0.120631] smpboot: Allowing 1 CPUs, 0 hotplug CPUs
[    0.120656] PM: Registered nosave memory: [mem 0x00000000-0x00000fff]
[    0.120657] PM: Registered nosave memory: [mem 0x0009f000-0x0009ffff]
[    0.120658] PM: Registered nosave memory: [mem 0x000a0000-0x000effff]
[    0.120658] PM: Registered nosave memory: [mem 0x000f0000-0x000fffff]
[    0.120660] [mem 0x80000000-0xfebfffff] available for PCI devices
[    0.120661] Booting paravirtualized kernel on KVM
[    0.120664] clocksource: refined-jiffies: mask: 0xffffffff max_cycles: 0xffffffff, max_idle_ns: 7645519600211568 ns
[    0.120669] setup_percpu: NR_CPUS:8192 nr_cpumask_bits:1 nr_cpu_ids:1 nr_node_ids:1
[    0.121682] percpu: Embedded 60 pages/cpu s208896 r8192 d28672 u2097152
[    0.121687] pcpu-alloc: s208896 r8192 d28672 u2097152 alloc=1*2097152
[    0.121688] pcpu-alloc: [0] 0 
[    0.121715] Built 1 zonelists, mobility grouping on.  Total pages: 515961
[    0.121715] Policy zone: DMA32
[    0.121717] Kernel command line: BOOT_IMAGE=/boot/vmlinuz-5.4.243-mptcp root=UUID=98415a12-53b7-4144-8265-0f7ece09e445 ro quiet splash
[    0.122566] Dentry cache hash table entries: 262144 (order: 9, 2097152 bytes, linear)
[    0.122713] Inode-cache hash table entries: 131072 (order: 8, 1048576 bytes, linear)
[    0.122768] mem auto-init: stack:off, heap alloc:on, heap free:off
[    0.122771] Calgary: detecting Calgary via BIOS EBDA area
[    0.122772] Calgary: Unable to locate Rio Grande table in EBDA - bailing!
[    0.126806] Memory: 1967332K/2096696K available (14339K kernel code, 2398K rwdata, 4712K rodata, 2728K init, 17260K bss, 129364K reserved, 0K cma-reserved)
[    0.127742] SLUB: HWalign=64, Order=0-3, MinObjects=0, CPUs=1, Nodes=1
[    0.127759] ftrace: allocating 43186 entries in 169 pages
[    0.145829] rcu: Hierarchical RCU implementation.
[    0.145831] rcu: 	RCU restricting CPUs from NR_CPUS=8192 to nr_cpu_ids=1.
[    0.145832] 	Tasks RCU enabled.
[    0.145833] rcu: RCU calculated value of scheduler-enlistment delay is 25 jiffies.
[    0.145834] rcu: Adjusting geometry for rcu_fanout_leaf=16, nr_cpu_ids=1
[    0.148795] NR_IRQS: 524544, nr_irqs: 256, preallocated irqs: 16
[    0.149021] random: crng init done
[    0.158337] Console: colour VGA+ 80x25
[    0.158341] printk: console [tty0] enabled
[    0.158361] ACPI: Core revision 20190816
[    0.158492] APIC: Switch to symmetric I/O mode setup
[    0.158744] x2apic enabled
[    0.158980] Switched APIC routing to physical x2apic.
[    0.160109] ..TIMER: vector=0x30 apic1=0 pin1=2 apic2=-1 pin2=-1
[    0.160134] clocksource: tsc-early: mask: 0xffffffffffffffff max_cycles: 0x1e4530a99b6, max_idle_ns: 440795257976 ns
[    0.160140] Calibrating delay loop (skipped) preset value.. 4200.00 BogoMIPS (lpj=8400000)
[    0.160142] pid_max: default: 32768 minimum: 301
[    0.160171] LSM: Security Framework initializing
[    0.160182] Yama: becoming mindful.
[    0.160208] AppArmor: AppArmor initialized
[    0.160251] Mount-cache hash table entries: 4096 (order: 3, 32768 bytes, linear)
[    0.160256] Mountpoint-cache hash table entries: 4096 (order: 3, 32768 bytes, linear)
[    0.160266] *** VALIDATE tmpfs ***
[    0.160398] *** VALIDATE proc ***
[    0.160439] *** VALIDATE cgroup1 ***
[    0.160440] *** VALIDATE cgroup2 ***
[    0.160585] process: using mwait in idle threads
[    0.160591] Last level iTLB entries: 4KB 64, 2MB 8, 4MB 8
[    0.160592] Last level dTLB entries: 4KB 64, 2MB 0, 4MB 0, 1GB 4
[    0.160612] Spectre V1 : Mitigation: usercopy/swapgs barriers and __user pointer sanitization
[    0.160618] Spectre V2 : Mitigation: Retpolines
[    0.160618] Spectre V2 : Spectre v2 / SpectreRSB mitigation: Filling RSB on context switch
[    0.160619] Spectre V2 : Spectre v2 / SpectreRSB : Filling RSB on VMEXIT
[    0.160619] RETBleed: WARNING: Spectre v2 mitigation leaves CPU vulnerable to RETBleed attacks, data leaks possible!
[    0.160973] RETBleed: Vulnerable
[    0.160974] Speculative Store Bypass: Vulnerable
[    0.160978] TAA: Mitigation: TSX disabled
[    0.160979] MMIO Stale Data: Mitigation: Clear CPU buffers
[    0.165179] Freeing SMP alternatives memory: 40K
[    0.277009] smpboot: CPU0: Intel(R) Xeon(R) Silver 4216 CPU @ 2.10GHz (family: 0x6, model: 0x55, stepping: 0x7)
[    0.277152] Performance Events: unsupported p6 CPU model 85 no PMU driver, software events only.
[    0.277191] rcu: Hierarchical SRCU implementation.
[    0.277687] NMI watchdog: Perf NMI watchdog permanently disabled
[    0.277729] smp: Bringing up secondary CPUs ...
[    0.277730] smp: Brought up 1 node, 1 CPU
[    0.277730] smpboot: Max logical packages: 1
[    0.277732] smpboot: Total of 1 processors activated (4200.00 BogoMIPS)
[    0.278713] devtmpfs: initialized
[    0.278762] x86/mm: Memory block size: 128MB
[    0.279120] clocksource: jiffies: mask: 0xffffffff max_cycles: 0xffffffff, max_idle_ns: 7645041785100000 ns
[    0.279126] futex hash table entries: 256 (order: 2, 16384 bytes, linear)
[    0.279171] pinctrl core: initialized pinctrl subsystem
[    0.279277] PM: RTC time: 14:09:25, date: 2026-01-19
[    0.279387] NET: Registered protocol family 16
[    0.279464] audit: initializing netlink subsys (disabled)
[    0.279595] EISA bus registered
[    0.279597] cpuidle: using governor ladder
[    0.279598] cpuidle: using governor menu
[    0.279636] ACPI: bus type PCI registered
[    0.279638] acpiphp: ACPI Hot Plug PCI Controller Driver version: 0.5
[    0.279747] PCI: Using configuration type 1 for base access
[    0.280550] audit: type=2000 audit(1768802971.992:1): state=initialized audit_enabled=0 res=1
[    0.280637] HugeTLB registered 2.00 MiB page size, pre-allocated 0 pages
[    0.281540] ACPI: Added _OSI(Module Device)
[    0.281541] ACPI: Added _OSI(Processor Device)
[    0.281542] ACPI: Added _OSI(3.0 _SCP Extensions)
[    0.281542] ACPI: Added _OSI(Processor Aggregator Device)
[    0.281543] ACPI: Added _OSI(Linux-Dell-Video)
[    0.281544] ACPI: Added _OSI(Linux-Lenovo-NV-HDMI-Audio)
[    0.281545] ACPI: Added _OSI(Linux-HPI-Hybrid-Graphics)
[    0.283499] ACPI: 2 ACPI AML tables successfully acquired and loaded
[    0.285096] ACPI: Interpreter enabled
[    0.285106] ACPI: (supports S0 S5)
[    0.285108] ACPI: Using IOAPIC for interrupt routing
[    0.285317] PCI: Using host bridge windows from ACPI; if necessary, use "pci=nocrs" and report a bug
[    0.285428] ACPI: Enabled 2 GPEs in block 00 to 07
[    0.290461] ACPI: PCI Root Bridge [PCI0] (domain 0000 [bus 00-ff])
[    0.290467] acpi PNP0A03:00: _OSC: OS supports [ASPM ClockPM Segments MSI HPX-Type3]
[    0.290911] acpi PNP0A03:00: _OSC: not requesting OS control; OS requires [ExtendedConfig ASPM ClockPM MSI]
[    0.290919] acpi PNP0A03:00: fail to add MMCONFIG information, can't access extended PCI configuration space under this bridge.
[    0.292270] PCI host bridge to bus 0000:00
[    0.292273] pci_bus 0000:00: root bus resource [io  0x0000-0x0cf7 window]
[    0.292274] pci_bus 0000:00: root bus resource [io  0x0d00-0xffff window]
[    0.292275] pci_bus 0000:00: root bus resource [mem 0x000a0000-0x000bffff window]
[    0.292276] pci_bus 0000:00: root bus resource [mem 0x80000000-0xfdffffff window]
[    0.292278] pci_bus 0000:00: root bus resource [bus 00-ff]
[    0.292323] pci 0000:00:00.0: [8086:1237] type 00 class 0x060000
[    0.293349] pci 0000:00:01.0: [8086:7000] type 00 class 0x060100
[    0.294196] pci 0000:00:01.1: [8086:7111] type 00 class 0x01018a
[    0.294616] pci 0000:00:01.1: reg 0x20: [io  0xd000-0xd00f]
[    0.294789] pci 0000:00:01.1: legacy IDE quirk: reg 0x10: [io  0x01f0-0x01f7]
[    0.294790] pci 0000:00:01.1: legacy IDE quirk: reg 0x14: [io  0x03f6]
[    0.294791] pci 0000:00:01.1: legacy IDE quirk: reg 0x18: [io  0x0170-0x0177]
[    0.294792] pci 0000:00:01.1: legacy IDE quirk: reg 0x1c: [io  0x0376]
[    0.295360] pci 0000:00:02.0: [15ad:0405] type 00 class 0x030000
[    0.298065] pci 0000:00:02.0: reg 0x10: [io  0xd010-0xd01f]
[    0.300185] pci 0000:00:02.0: reg 0x14: [mem 0xe0000000-0xe7ffffff pref]
[    0.302848] pci 0000:00:02.0: reg 0x18: [mem 0xf0000000-0xf01fffff]
[    0.312980] pci 0000:00:03.0: [1022:2000] type 00 class 0x020000
[    0.313690] pci 0000:00:03.0: reg 0x10: [io  0xd020-0xd03f]
[    0.316295] pci 0000:00:03.0: reg 0x14: [mem 0xf0200000-0xf0200fff]
[    0.319924] pci 0000:00:04.0: [80ee:cafe] type 00 class 0x088000
[    0.320263] pci 0000:00:04.0: reg 0x10: [io  0xd040-0xd05f]
[    0.320893] pci 0000:00:04.0: reg 0x14: [mem 0xf0400000-0xf07fffff]
[    0.321512] pci 0000:00:04.0: reg 0x18: [mem 0xf0800000-0xf0803fff pref]
[    0.325292] pci 0000:00:07.0: [8086:7113] type 00 class 0x068000
[    0.325898] pci 0000:00:07.0: quirk: [io  0x4000-0x403f] claimed by PIIX4 ACPI
[    0.325909] pci 0000:00:07.0: quirk: [io  0x4100-0x410f] claimed by PIIX4 SMB
[    0.326553] pci 0000:00:08.0: [8086:100e] type 00 class 0x020000
[    0.327283] pci 0000:00:08.0: reg 0x10: [mem 0xf0820000-0xf083ffff]
[    0.328259] pci 0000:00:08.0: reg 0x18: [io  0xd060-0xd067]
[    0.331620] pci 0000:00:09.0: [8086:100e] type 00 class 0x020000
[    0.332261] pci 0000:00:09.0: reg 0x10: [mem 0xf0840000-0xf085ffff]
[    0.333451] pci 0000:00:09.0: reg 0x18: [io  0xd068-0xd06f]
[    0.344958] ACPI: PCI Interrupt Link [LNKA] (IRQs 5 9 10 *11)
[    0.345249] ACPI: PCI Interrupt Link [LNKB] (IRQs 5 9 *10 11)
[    0.345356] ACPI: PCI Interrupt Link [LNKC] (IRQs 5 *9 10 11)
[    0.345469] ACPI: PCI Interrupt Link [LNKD] (IRQs 5 9 10 *11)
[    0.345755] iommu: Default domain type: Translated 
[    0.345823] pci 0000:00:02.0: vgaarb: setting as boot VGA device
[    0.345826] pci 0000:00:02.0: vgaarb: VGA device added: decodes=io+mem,owns=io+mem,locks=none
[    0.345828] pci 0000:00:02.0: vgaarb: bridge control possible
[    0.345828] vgaarb: loaded
[    0.346048] SCSI subsystem initialized
[    0.346081] libata version 3.00 loaded.
[    0.346108] ACPI: bus type USB registered
[    0.346125] usbcore: registered new interface driver usbfs
[    0.346131] usbcore: registered new interface driver hub
[    0.346137] usbcore: registered new device driver usb
[    0.346166] pps_core: LinuxPPS API ver. 1 registered
[    0.346167] pps_core: Software ver. 5.3.6 - Copyright 2005-2007 Rodolfo Giometti <giometti@linux.it>
[    0.346169] PTP clock support registered
[    0.346209] EDAC MC: Ver: 3.0.0
[    0.346520] PCI: Using ACPI for IRQ routing
[    0.346522] PCI: pci_cache_line_size set to 64 bytes
[    0.346716] e820: reserve RAM buffer [mem 0x0009fc00-0x0009ffff]
[    0.346719] e820: reserve RAM buffer [mem 0x7fff0000-0x7fffffff]
[    0.347516] NetLabel: Initializing
[    0.347517] NetLabel:  domain hash size = 128
[    0.347517] NetLabel:  protocols = UNLABELED CIPSOv4 CALIPSO
[    0.347537] NetLabel:  unlabeled traffic allowed by default
[    0.348382] clocksource: Switched to clocksource kvm-clock
[    0.360301] *** VALIDATE bpf ***
[    0.360301] VFS: Disk quotas dquot_6.6.0
[    0.360301] VFS: Dquot-cache hash table entries: 512 (order 0, 4096 bytes)
[    0.360301] *** VALIDATE ramfs ***
[    0.360301] *** VALIDATE hugetlbfs ***
[    0.360301] AppArmor: AppArmor Filesystem Enabled
[    0.360301] pnp: PnP ACPI init
[    0.360301] pnp 00:00: Plug and Play ACPI device, IDs PNP0303 (active)
[    0.363089] pnp 00:01: Plug and Play ACPI device, IDs PNP0f03 (active)
[    0.363900] pnp: PnP ACPI: found 2 devices
[    0.364980] thermal_sys: Registered thermal governor 'fair_share'
[    0.364981] thermal_sys: Registered thermal governor 'bang_bang'
[    0.364982] thermal_sys: Registered thermal governor 'step_wise'
[    0.364982] thermal_sys: Registered thermal governor 'user_space'
[    0.364983] thermal_sys: Registered thermal governor 'power_allocator'
[    0.369555] clocksource: acpi_pm: mask: 0xffffff max_cycles: 0xffffff, max_idle_ns: 2085701024 ns
[    0.369597] pci_bus 0000:00: resource 4 [io  0x0000-0x0cf7 window]
[    0.369599] pci_bus 0000:00: resource 5 [io  0x0d00-0xffff window]
[    0.369600] pci_bus 0000:00: resource 6 [mem 0x000a0000-0x000bffff window]
[    0.369601] pci_bus 0000:00: resource 7 [mem 0x80000000-0xfdffffff window]
[    0.369663] NET: Registered protocol family 2
[    0.369740] IP idents hash table entries: 32768 (order: 6, 262144 bytes, linear)
[    0.370161] MPTCP tokens hash table entries: 8192 (order: 4, 65536 bytes, linear)
[    0.370181] MPTCP request tokens hash table entries: 8192 (order: 4, 65536 bytes, linear)
[    0.370208] default registered
[    0.370208] default registered
[    0.370208] MPTCP: Stable release v0.96
[    0.370214] tcp_listen_portaddr_hash hash table entries: 1024 (order: 2, 16384 bytes, linear)
[    0.370293] TCP established hash table entries: 16384 (order: 5, 131072 bytes, linear)
[    0.370358] TCP bind hash table entries: 16384 (order: 6, 262144 bytes, linear)
[    0.370384] TCP: Hash tables configured (established 16384 bind 16384)
[    0.371124] UDP hash table entries: 1024 (order: 3, 32768 bytes, linear)
[    0.371135] UDP-Lite hash table entries: 1024 (order: 3, 32768 bytes, linear)
[    0.371156] NET: Registered protocol family 1
[    0.371156] NET: Registered protocol family 44
[    0.371220] pci 0000:00:00.0: Limiting direct PCI/PCI transfers
[    0.371235] pci 0000:00:01.0: Activating ISA DMA hang workarounds
[    0.371298] pci 0000:00:02.0: Video device with shadowed ROM at [mem 0x000c0000-0x000dffff]
[    0.371371] PCI: CLS 0 bytes, default 64
[    0.371429] Trying to unpack rootfs image as initramfs...
[    0.543605] Freeing initrd memory: 47868K
[    0.543605] clocksource: tsc: mask: 0xffffffffffffffff max_cycles: 0x1e4530a99b6, max_idle_ns: 440795257976 ns
[    0.543605] clocksource: Switched to clocksource tsc
[    0.543605] platform rtc_cmos: registered platform RTC device (no PNP device found)
[    0.543605] check: Scanning for low memory corruption every 60 seconds
[    0.543605] Initialise system trusted keyrings
[    0.543605] Key type blacklist registered
[    0.543605] workingset: timestamp_bits=36 max_order=19 bucket_order=0
[    0.543605] zbud: loaded
[    0.543605] squashfs: version 4.0 (2009/01/31) Phillip Lougher
[    0.543605] fuse: init (API version 7.31)
[    0.543605] *** VALIDATE fuse ***
[    0.543605] *** VALIDATE fuse ***
[    0.543605] Platform Keyring initialized
[    0.558473] Key type asymmetric registered
[    0.558475] Asymmetric key parser 'x509' registered
[    0.558486] Block layer SCSI generic (bsg) driver version 0.4 loaded (major 244)
[    0.558524] io scheduler mq-deadline registered
[    0.558644] shpchp: Standard Hot Plug PCI Controller Driver version: 0.4
[    0.558862] ACPI: AC Adapter [AC] (on-line)
[    0.558907] input: Power Button as /devices/LNXSYSTM:00/LNXPWRBN:00/input/input0
[    0.558937] ACPI: Power Button [PWRF]
[    0.559035] input: Sleep Button as /devices/LNXSYSTM:00/LNXSLPBN:00/input/input1
[    0.559050] ACPI: Sleep Button [SLPF]
[    0.559305] Serial: 8250/16550 driver, 32 ports, IRQ sharing enabled
[    0.560517] Linux agpgart interface v0.103
[    0.655214] loop: module loaded
[    0.655364] ata_piix 0000:00:01.1: version 2.13
[    0.655782] scsi host0: ata_piix
[    0.655874] scsi host1: ata_piix
[    0.655901] ata1: PATA max UDMA/33 cmd 0x1f0 ctl 0x3f6 bmdma 0xd000 irq 14
[    0.655902] ata2: PATA max UDMA/33 cmd 0x170 ctl 0x376 bmdma 0xd008 irq 15
[    0.655982] tun: Universal TUN/TAP device driver, 1.6
[    0.656314] PPP generic driver version 2.4.2
[    0.656359] VFIO - User Level meta-driver version: 0.3
[    0.656625] ehci_hcd: USB 2.0 'Enhanced' Host Controller (EHCI) Driver
[    0.656630] ehci-pci: EHCI PCI platform driver
[    0.656645] ehci-platform: EHCI generic platform driver
[    0.656651] ohci_hcd: USB 1.1 'Open' Host Controller (OHCI) Driver
[    0.656652] ohci-pci: OHCI PCI platform driver
[    0.656661] ohci-platform: OHCI generic platform driver
[    0.656665] uhci_hcd: USB Universal Host Controller Interface driver
[    0.656734] i8042: PNP: PS/2 Controller [PNP0303:PS2K,PNP0f03:PS2M] at 0x60,0x64 irq 1,12
[    0.657173] serio: i8042 KBD port at 0x60,0x64 irq 1
[    0.657178] serio: i8042 AUX port at 0x60,0x64 irq 12
[    0.657267] mousedev: PS/2 mouse device common for all mice
[    0.657538] input: AT Translated Set 2 keyboard as /devices/platform/i8042/serio0/input/input2
[    0.657954] rtc_cmos rtc_cmos: registered as rtc0
[    0.657967] rtc_cmos rtc_cmos: alarms up to one day, 114 bytes nvram
[    0.657973] i2c /dev entries driver
[    0.658016] device-mapper: uevent: version 1.0.3
[    0.658060] device-mapper: ioctl: 4.41.0-ioctl (2019-09-16) initialised: dm-devel@redhat.com
[    0.658075] platform eisa.0: Probing EISA bus 0
[    0.658077] platform eisa.0: EISA: Cannot allocate resource for mainboard
[    0.658078] platform eisa.0: Cannot allocate resource for EISA slot 1
[    0.658079] platform eisa.0: Cannot allocate resource for EISA slot 2
[    0.658080] platform eisa.0: Cannot allocate resource for EISA slot 3
[    0.658081] platform eisa.0: Cannot allocate resource for EISA slot 4
[    0.658082] platform eisa.0: Cannot allocate resource for EISA slot 5
[    0.658083] platform eisa.0: Cannot allocate resource for EISA slot 6
[    0.658084] platform eisa.0: Cannot allocate resource for EISA slot 7
[    0.658085] platform eisa.0: Cannot allocate resource for EISA slot 8
[    0.658086] platform eisa.0: EISA: Detected 0 cards
[    0.658089] intel_pstate: CPU model not supported
[    0.658097] ledtrig-cpu: registered to indicate activity on CPUs
[    0.658155] drop_monitor: Initializing network drop monitor service
[    0.658317] NET: Registered protocol family 10
[    0.663209] Segment Routing with IPv6
[    0.663209] fullmesh registered
[    0.663209] ndiffports registered
[    0.663209] binder registered
[    0.663209] roundrobin registered
[    0.663209] redundant registered
[    0.663209] blest registered
[    0.663209] ecf registered
[    0.663209] NET: Registered protocol family 17
[    0.663209] Key type dns_resolver registered
[    0.663209] RAS: Correctable Errors collector initialized.
[    0.663209] IPI shorthand broadcast: enabled
[    0.663209] sched_clock: Marking stable (648084230, 11125161)->(658826581, 382810)
[    0.664037] registered taskstats version 1
[    0.664046] Loading compiled-in X.509 certificates
[    0.664652] Loaded X.509 cert 'Build time autogenerated kernel key: 6909f3744cebb3d0de528d5887b96a727de79b1e'
[    0.664672] zswap: loaded using pool lzo/zbud
[    0.664729] Key type ._fscrypt registered
[    0.664729] Key type .fscrypt registered
[    0.669517] Key type big_key registered
[    0.671874] Key type encrypted registered
[    0.671877] AppArmor: AppArmor sha1 policy hashing enabled
[    0.671885] ima: No TPM chip found, activating TPM-bypass!
[    0.671889] ima: Allocated hash algorithm: sha1
[    0.671894] ima: No architecture policies found
[    0.671904] evm: Initialising EVM extended attributes:
[    0.671904] evm: security.selinux
[    0.671905] evm: security.SMACK64
[    0.671905] evm: security.SMACK64EXEC
[    0.671905] evm: security.SMACK64TRANSMUTE
[    0.671906] evm: security.SMACK64MMAP
[    0.671906] evm: security.apparmor
[    0.671907] evm: security.ima
[    0.671907] evm: security.capability
[    0.671908] evm: HMAC attrs: 0x1
[    0.672203] PM:   Magic number: 10:497:182
[    0.672308] rtc_cmos rtc_cmos: setting system clock to 2026-01-19T14:09:26 UTC (1768831766)
[    0.828247] ata1.00: ATA-6: VBOX HARDDISK, 1.0, max UDMA/133
[    0.828250] ata1.00: 209715200 sectors, multi 128: LBA 
[    0.828919] scsi 0:0:0:0: Direct-Access     ATA      VBOX HARDDISK    1.0  PQ: 0 ANSI: 5
[    0.829207] sd 0:0:0:0: [sda] 209715200 512-byte logical blocks: (107 GB/100 GiB)
[    0.829220] sd 0:0:0:0: [sda] Write Protect is off
[    0.829223] sd 0:0:0:0: [sda] Mode Sense: 00 3a 00 00
[    0.829244] sd 0:0:0:0: [sda] Write cache: enabled, read cache: enabled, doesn't support DPO or FUA
[    0.829474] sd 0:0:0:0: Attached scsi generic sg0 type 0
[    0.830442]  sda: sda1 sda2
[    0.839472] sd 0:0:0:0: [sda] Attached SCSI disk
[    0.844727] Freeing unused decrypted memory: 2040K
[    0.846085] Freeing unused kernel image memory: 2728K
[    0.846089] Write protecting the kernel read-only data: 22528k
[    0.847580] Freeing unused kernel image memory: 2036K
[    0.848376] Freeing unused kernel image memory: 1432K
[    0.883807] x86/mm: Checked W+X mappings: passed, no W+X pages found.
[    0.883812] Run /init as init process
[    1.000625] ACPI: Video Device [GFX0] (multi-head: yes  rom: no  post: no)
[    1.000698] input: Video Bus as /devices/LNXSYSTM:00/LNXSYBUS:00/PNP0A03:00/LNXVIDEO:00/input/input4
[    1.014386] pcnet32: pcnet32.c:v1.35 21.Apr.2008 tsbogend@alpha.franken.de
[    1.016120] piix4_smbus 0000:00:07.0: SMBus Host Controller at 0x4100, revision 0
[    1.018582] e1000: Intel(R) PRO/1000 Network Driver - version 7.3.21-k8-NAPI
[    1.018583] e1000: Copyright (c) 1999-2006 Intel Corporation.
[    1.029412] pcnet32: PCnet/FAST III 79C973 at 0xd020, 08:00:27:e7:7e:09 assigned IRQ 19
[    1.029456] pcnet32: Found PHY 0022:561b at address 0
[    1.029754] pcnet32: eth0: registered as PCnet/FAST III 79C973
[    1.035937] pcnet32: 1 cards_found
[    1.101425] pcnet32 0000:00:03.0 enp0s3: renamed from eth0
[    1.228752] input: ImExPS/2 Generic Explorer Mouse as /devices/platform/i8042/serio1/input/input5
[    1.439669] e1000 0000:00:08.0 eth0: (PCI:33MHz:32-bit) 08:00:27:21:52:1b
[    1.439674] e1000 0000:00:08.0 eth0: Intel(R) PRO/1000 Network Connection
[    1.823776] e1000 0000:00:09.0 eth1: (PCI:33MHz:32-bit) 08:00:27:5f:6a:54
[    1.823779] e1000 0000:00:09.0 eth1: Intel(R) PRO/1000 Network Connection
[    1.824986] e1000 0000:00:09.0 enp0s9: renamed from eth1
[    1.826940] e1000 0000:00:08.0 enp0s8: renamed from eth0
[    1.995738] EXT4-fs (sda2): mounted filesystem with ordered data mode. Opts: (null)
[    2.090889] systemd[1]: Inserted module 'autofs4'
[    2.102258] systemd[1]: systemd 245.4-4ubuntu3 running in system mode. (+PAM +AUDIT +SELINUX +IMA +APPARMOR +SMACK +SYSVINIT +UTMP +LIBCRYPTSETUP +GCRYPT +GNUTLS +ACL +XZ +LZ4 +SECCOMP +BLKID +ELFUTILS +KMOD +IDN2 -IDN +PCRE2 default-hierarchy=hybrid)
[    2.102292] systemd[1]: Detected virtualization oracle.
[    2.102295] systemd[1]: Detected architecture x86-64.
[    2.103665] systemd[1]: Set hostname to <ztg>.
[    2.235637] systemd[1]: /lib/systemd/system/dbus.socket:5: ListenStream= references a path below legacy directory /var/run/, updating /var/run/dbus/system_bus_socket â†’ /run/dbus/system_bus_socket; please update the unit file accordingly.
[    2.288762] systemd[1]: Created slice system-modprobe.slice.
[    2.288957] systemd[1]: Created slice User and Session Slice.
[    2.289005] systemd[1]: Started Forward Password Requests to Wall Directory Watch.
[    2.289173] systemd[1]: Set up automount Arbitrary Executable File Formats File System Automount Point.
[    2.289207] systemd[1]: Reached target User and Group Name Lookups.
[    2.289217] systemd[1]: Reached target Remote File Systems.
[    2.289226] systemd[1]: Reached target Slices.
[    2.289799] systemd[1]: Listening on Syslog Socket.
[    2.289871] systemd[1]: Listening on fsck to fsckd communication Socket.
[    2.289911] systemd[1]: Listening on initctl Compatibility Named Pipe.
[    2.290060] systemd[1]: Listening on Journal Audit Socket.
[    2.290116] systemd[1]: Listening on Journal Socket (/dev/log).
[    2.290190] systemd[1]: Listening on Journal Socket.
[    2.290261] systemd[1]: Listening on udev Control Socket.
[    2.290302] systemd[1]: Listening on udev Kernel Socket.
[    2.291132] systemd[1]: Mounting Huge Pages File System...
[    2.292145] systemd[1]: Mounting POSIX Message Queue File System...
[    2.293137] systemd[1]: Mounting Kernel Debug File System...
[    2.294366] systemd[1]: Mounting Kernel Trace File System...
[    2.318485] systemd[1]: Starting Journal Service...
[    2.320752] systemd[1]: Starting Set the console keyboard layout...
[    2.329105] systemd[1]: Starting Create list of static device nodes for the current kernel...
[    2.334407] systemd[1]: Starting Load Kernel Module drm...
[    2.338087] systemd[1]: Condition check resulted in Set Up Additional Binary Formats being skipped.
[    2.338122] systemd[1]: Condition check resulted in File System Check on Root Device being skipped.
[    2.348201] systemd[1]: Starting Load Kernel Modules...
[    2.355791] systemd[1]: Starting Remount Root and Kernel File Systems...
[    2.362054] systemd[1]: Starting udev Coldplug all Devices...
[    2.377911] systemd[1]: Starting Uncomplicated firewall...
[    2.383523] EXT4-fs (sda2): re-mounted. Opts: errors=remount-ro
[    2.393071] systemd[1]: Mounted Huge Pages File System.
[    2.393168] systemd[1]: Mounted POSIX Message Queue File System.
[    2.393249] systemd[1]: Mounted Kernel Debug File System.
[    2.393325] systemd[1]: Mounted Kernel Trace File System.
[    2.395355] systemd[1]: Finished Create list of static device nodes for the current kernel.
[    2.395637] systemd[1]: modprobe@drm.service: Succeeded.
[    2.396477] systemd[1]: Finished Load Kernel Module drm.
[    2.399512] systemd[1]: Finished Remount Root and Kernel File Systems.
[    2.403557] systemd[1]: Finished Uncomplicated firewall.
[    2.409005] lp: driver loaded but no devices found
[    2.410234] systemd[1]: Condition check resulted in Rebuild Hardware Database being skipped.
[    2.410272] systemd[1]: Condition check resulted in Platform Persistent Storage Archival being skipped.
[    2.410969] systemd[1]: Starting Load/Save Random Seed...
[    2.422041] systemd[1]: Starting Create System Users...
[    2.428497] ppdev: user-space parallel port driver
[    2.479968] systemd[1]: Finished Load/Save Random Seed.
[    2.483206] systemd[1]: Finished Create System Users.
[    2.484773] systemd[1]: Starting Create Static Device Nodes in /dev...
[    2.521767] systemd[1]: Finished udev Coldplug all Devices.
[    2.523510] systemd[1]: Finished Create Static Device Nodes in /dev.
[    2.524383] systemd[1]: Starting udev Kernel Device Manager...
[    2.532513] [drm] DMA map mode: Caching DMA mappings.
[    2.532577] [drm] Capabilities:
[    2.532578] [drm]   Rect copy.
[    2.532578] [drm]   Cursor.
[    2.532578] [drm]   Cursor bypass.
[    2.532579] [drm]   Cursor bypass 2.
[    2.532579] [drm]   Alpha cursor.
[    2.532580] [drm]   Extended Fifo.
[    2.532580] [drm]   Pitchlock.
[    2.532580] [drm]   Irq mask.
[    2.532581] [drm]   GMR.
[    2.532581] [drm]   Traces.
[    2.532581] [drm]   GMR2.
[    2.532582] [drm]   Screen Object 2.
[    2.532582] [drm]   Command Buffers.
[    2.532582] [drm]   Command Buffers 2.
[    2.532583] [drm]   Guest Backed Resources.
[    2.532594] [drm] Max GMR ids is 8192
[    2.532595] [drm] Max number of GMR pages is 1048576
[    2.532595] [drm] Max dedicated hypervisor surface memory is 393216 kiB
[    2.532596] [drm] Maximum display memory size is 131072 kiB
[    2.532597] [drm] VRAM at 0xe0000000 size is 131072 kiB
[    2.532597] [drm] MMIO at 0xf0000000 size is 2048 kiB
[    2.564822] [TTM] Zone  kernel: Available graphics memory: 1011738 KiB
[    2.564822] [TTM] Initializing pool allocator
[    2.564827] [TTM] Initializing DMA pool allocator
[    2.564856] [drm] Supports vblank timestamp caching Rev 2 (21.10.2013).
[    2.564856] [drm] No driver support for vblank timestamp query.
[    2.565095] [drm] Screen Target Display device initialized
[    2.565317] [drm] width 720
[    2.565335] [drm] height 400
[    2.565339] [drm] bpp 32
[    2.565901] [drm] Fifo max 0x00200000 min 0x00001000 cap 0x00000355
[    2.566956] [drm] Using command buffers with DMA pool.
[    2.566961] [drm] DX: no.
[    2.566961] [drm] Atomic: yes.
[    2.566962] [drm] SM4_1: no.
[    2.566980] [drm:vmw_host_log [vmwgfx]] *ERROR* Failed to send host log message.
[    2.568473] [drm:vmw_host_log [vmwgfx]] *ERROR* Failed to send host log message.
[    2.575752] fbcon: svgadrmfb (fb0) is primary device
[    2.581731] Console: switching to colour frame buffer device 100x37
[    2.588006] [drm] Initialized vmwgfx 2.15.0 20180704 for 0000:00:02.0 on minor 0
[    2.588970] systemd[1]: Finished Load Kernel Modules.
[    2.590736] systemd[1]: Mounting FUSE Control File System...
[    2.593460] systemd[1]: Mounting Kernel Configuration File System...
[    2.616905] systemd[1]: Starting Apply Kernel Variables...
[    2.626045] systemd[1]: Finished Set the console keyboard layout.
[    2.626358] systemd[1]: Mounted FUSE Control File System.
[    2.626455] systemd[1]: Mounted Kernel Configuration File System.
[    2.626515] systemd[1]: Reached target Local File Systems (Pre).
[    2.626535] systemd[1]: Condition check resulted in VMware vmblock fuse mount being skipped.
[    2.632959] systemd[1]: Mounting Mount unit for bare, revision 5...
[    2.652379] systemd[1]: Mounting Mount unit for core18, revision 1705...
[    2.667184] systemd[1]: Mounting Mount unit for gnome-3-34-1804, revision 24...
[    2.672122] systemd[1]: Mounting Mount unit for gtk-common-themes, revision 1506...
[    2.675656] systemd[1]: Mounting Mount unit for gtk-common-themes, revision 1535...
[    2.684999] systemd[1]: Mounting Mount unit for snap-store, revision 433...
[    2.705330] systemd[1]: Mounting Mount unit for snapd, revision 7264...
[    2.713308] systemd[1]: Finished Apply Kernel Variables.
[    2.750896] systemd[1]: Mounted Mount unit for bare, revision 5.
[    2.750999] systemd[1]: Mounted Mount unit for core18, revision 1705.
[    2.751083] systemd[1]: Mounted Mount unit for gnome-3-34-1804, revision 24.
[    2.751398] systemd[1]: Mounted Mount unit for gtk-common-themes, revision 1506.
[    2.755175] systemd[1]: Started udev Kernel Device Manager.
[    2.755948] systemd[1]: Starting Show Plymouth Boot Screen...
[    2.760465] systemd[1]: Received SIGRTMIN+20 from PID 274 (plymouthd).
[    2.788566] systemd[1]: Started Show Plymouth Boot Screen.
[    2.788725] systemd[1]: Condition check resulted in Dispatch Password Requests to Console Directory Watch being skipped.
[    2.788822] systemd[1]: Started Forward Password Requests to Plymouth Directory Watch.
[    2.788856] systemd[1]: Reached target Local Encrypted Volumes.
[    2.839516] systemd[1]: Mounted Mount unit for gtk-common-themes, revision 1535.
[    2.839770] systemd[1]: Mounted Mount unit for snap-store, revision 433.
[    2.839969] systemd[1]: Mounted Mount unit for snapd, revision 7264.
[    2.840130] systemd[1]: Reached target Local File Systems.
[    2.853799] systemd[1]: Starting Load AppArmor profiles...
[    2.854711] systemd[1]: Starting Set console font and keymap...
[    2.868226] systemd[1]: Starting Tell Plymouth To Write Out Runtime Data...
[    2.868381] systemd[1]: Condition check resulted in Store a System Token in an EFI Variable being skipped.
[    2.868438] systemd[1]: Condition check resulted in Commit a transient machine-id on disk being skipped.
[    2.872483] systemd[1]: Finished Set console font and keymap.
[    2.881426] systemd[1]: Received SIGRTMIN+20 from PID 274 (plymouthd).
[    2.882934] systemd[1]: plymouth-read-write.service: Succeeded.
[    2.883192] systemd[1]: Finished Tell Plymouth To Write Out Runtime Data.
[    2.918105] audit: type=1400 audit(1768831768.740:2): apparmor="STATUS" operation="profile_load" profile="unconfined" name="nvidia_modprobe" pid=302 comm="apparmor_parser"
[    2.918107] audit: type=1400 audit(1768831768.740:3): apparmor="STATUS" operation="profile_load" profile="unconfined" name="nvidia_modprobe//kmod" pid=302 comm="apparmor_parser"
[    2.925316] audit: type=1400 audit(1768831768.748:4): apparmor="STATUS" operation="profile_load" profile="unconfined" name="/usr/sbin/tcpdump" pid=303 comm="apparmor_parser"
[    2.970340] audit: type=1400 audit(1768831768.788:5): apparmor="STATUS" operation="profile_load" profile="unconfined" name="/usr/bin/evince" pid=305 comm="apparmor_parser"
[    2.970342] audit: type=1400 audit(1768831768.788:6): apparmor="STATUS" operation="profile_load" profile="unconfined" name="/usr/bin/evince//sanitized_helper" pid=305 comm="apparmor_parser"
[    2.970344] audit: type=1400 audit(1768831768.788:7): apparmor="STATUS" operation="profile_load" profile="unconfined" name="/usr/bin/evince-previewer" pid=305 comm="apparmor_parser"
[    2.970346] audit: type=1400 audit(1768831768.788:8): apparmor="STATUS" operation="profile_load" profile="unconfined" name="/usr/bin/evince-previewer//sanitized_helper" pid=305 comm="apparmor_parser"
[    2.970348] audit: type=1400 audit(1768831768.788:9): apparmor="STATUS" operation="profile_load" profile="unconfined" name="/usr/bin/evince-thumbnailer" pid=305 comm="apparmor_parser"
[    2.985395] audit: type=1400 audit(1768831768.808:10): apparmor="STATUS" operation="profile_load" profile="unconfined" name="/usr/lib/cups/backend/cups-pdf" pid=306 comm="apparmor_parser"
[    3.067107] systemd[1]: Finished Load AppArmor profiles.
[    3.068119] systemd[1]: Starting Load AppArmor profiles managed internally by snapd...
[    3.134735] systemd[1]: Finished Load AppArmor profiles managed internally by snapd.
[    3.271341] systemd[1]: Started Journal Service.
[    3.280253] systemd-journald[229]: Received client request to flush runtime journal.
[    3.284705] systemd-journald[229]: File /var/log/journal/c455b248004a419c87ce85eea238d727/system.journal corrupted or uncleanly shut down, renaming and replacing.
[    4.565629] RAPL PMU: API unit is 2^-32 Joules, 0 fixed counters, 10737418240 ms ovfl timer
[    4.595250] cryptd: max_cpu_qlen set to 1000
[    4.637164] AVX2 version of gcm_enc/dec engaged.
[    4.637165] AES CTR mode by8 optimization enabled
[    5.600110] Adding 1998844k swap on /dev/sda1.  Priority:-2 extents:1 across:1998844k FS
[    7.404934] kauditd_printk_skb: 30 callbacks suppressed
[    7.404936] audit: type=1400 audit(1768831773.228:41): apparmor="DENIED" operation="capable" profile="/usr/sbin/cups-browsed" pid=497 comm="cups-browsed" capability=23  capname="sys_nice"
[    7.925583] pcnet32 0000:00:03.0 enp0s3: link up, 100Mbps, full-duplex
[    7.963250] e1000: enp0s8 NIC Link is Up 1000 Mbps Full Duplex, Flow Control: RX
[    7.963524] IPv6: ADDRCONF(NETDEV_CHANGE): enp0s8: link becomes ready
[    7.977401] e1000: enp0s9 NIC Link is Up 1000 Mbps Full Duplex, Flow Control: RX
[    7.977693] IPv6: ADDRCONF(NETDEV_CHANGE): enp0s9: link becomes ready
[    8.557126] device enp0s3 entered promiscuous mode
[    8.575385] audit: type=1400 audit(1768831774.396:42): apparmor="DENIED" operation="open" profile="/usr/sbin/tcpdump" name="/proc/sys/kernel/random/boot_id" pid=695 comm="tcpdump" requested_mask="r" denied_mask="r" fsuid=0 ouid=0
[    8.576108] audit: type=1400 audit(1768831774.396:43): apparmor="DENIED" operation="open" profile="/usr/sbin/tcpdump" name="/proc/sys/kernel/random/boot_id" pid=695 comm="tcpdump" requested_mask="r" denied_mask="r" fsuid=0 ouid=0
[    8.576166] audit: type=1400 audit(1768831774.396:44): apparmor="DENIED" operation="open" profile="/usr/sbin/tcpdump" name="/proc/sys/kernel/random/boot_id" pid=695 comm="tcpdump" requested_mask="r" denied_mask="r" fsuid=0 ouid=0
[    8.578101] audit: type=1400 audit(1768831774.396:45): apparmor="DENIED" operation="open" profile="/usr/sbin/tcpdump" name="/proc/sys/kernel/random/boot_id" pid=695 comm="tcpdump" requested_mask="r" denied_mask="r" fsuid=0 ouid=0
[    8.582201] audit: type=1400 audit(1768831774.404:46): apparmor="DENIED" operation="open" profile="/usr/sbin/tcpdump" name="/proc/sys/kernel/random/boot_id" pid=696 comm="tcpdump" requested_mask="r" denied_mask="r" fsuid=0 ouid=0
[    8.582387] audit: type=1400 audit(1768831774.404:47): apparmor="DENIED" operation="open" profile="/usr/sbin/tcpdump" name="/proc/sys/kernel/random/boot_id" pid=696 comm="tcpdump" requested_mask="r" denied_mask="r" fsuid=0 ouid=0
[    8.582467] audit: type=1400 audit(1768831774.404:48): apparmor="DENIED" operation="open" profile="/usr/sbin/tcpdump" name="/proc/sys/kernel/random/boot_id" pid=696 comm="tcpdump" requested_mask="r" denied_mask="r" fsuid=0 ouid=0
[    8.582676] audit: type=1400 audit(1768831774.404:49): apparmor="DENIED" operation="open" profile="/usr/sbin/tcpdump" name="/proc/sys/kernel/random/boot_id" pid=696 comm="tcpdump" requested_mask="r" denied_mask="r" fsuid=0 ouid=0
[   13.321171] rfkill: input handler disabled
[  108.025619] rfkill: input handler enabled
[  117.267072] rfkill: input handler disabled
[  239.335286] AAAAA-TCP_FORW: name:enp0s3: saddr:100932208: daddr:16783984
[  239.717466] AAAAA-TCP_FORW: name:enp0s3: saddr:100932208: daddr:16783984
[  239.764957] AAAAA-TCP_FORW: name:enp0s3: saddr:100932208: daddr:16783984
[  239.851616] AAAAA-TCP_FORW: name:enp0s3: saddr:100932208: daddr:16783984
[  240.168311] AAAAA-TCP_FORW: name:enp0s3: saddr:100932208: daddr:16783984
[  240.275435] AAAAA-TCP_FORW: name:enp0s3: saddr:100932208: daddr:16783984
[  240.485727] AAAAA-TCP_FORW: name:enp0s3: saddr:100932208: daddr:16783984
[  240.519820] AAAAA-TCP_FORW: name:enp0s3: saddr:100932208: daddr:16783984
[  240.985724] AAAAA-TCP_FORW: name:enp0s3: saddr:33561200: daddr:100932208
[  241.291169] AAAAA-TCP_FORW: name:enp0s3: saddr:33561200: daddr:100932208
[  241.644008] AAAAA-TCP_FORW: name:enp0s3: saddr:33561200: daddr:100932208
[  241.902082] AAAAA-TCP_FORW: name:enp0s3: saddr:33561200: daddr:100932208
[  242.016058] AAAAA-TCP_FORW: name:enp0s3: saddr:33561200: daddr:100932208
[  242.353489] AAAAA-TCP_FORW: name:enp0s3: saddr:33561200: daddr:100932208
[  247.680704] AAAAA-TCP_FORW: name:enp0s3: saddr:16783984: daddr:100932208
[  248.018921] AAAAA-TCP_FORW: name:enp0s3: saddr:16783984: daddr:100932208
[  248.184460] AAAAA-TCP_FORW: name:enp0s3: saddr:16783984: daddr:100932208
[  408.626342] device enp0s3 left promiscuous mode
