[    0.000000] Linux version 5.4.243-mptcp (root@ztg) (gcc version 12.2.0 (Debian 12.2.0-14+deb12u1)) #53 SMP Wed Dec 24 23:28:15 CST 2025
[    0.000000] Command line: BOOT_IMAGE=/boot/vmlinuz-5.4.243-mptcp root=UUID=98415a12-53b7-4144-8265-0f7ece09e445 ro quiet splash
[    0.000000] KERNEL supported cpus:
[    0.000000]   Intel GenuineIntel
[    0.000000]   AMD AuthenticAMD
[    0.000000]   Hygon HygonGenuine
[    0.000000]   Centaur CentaurHauls
[    0.000000]   zhaoxin   Shanghai  
[    0.000000] x86/fpu: Supporting XSAVE feature 0x001: 'x87 floating point registers'
[    0.000000] x86/fpu: Supporting XSAVE feature 0x002: 'SSE registers'
[    0.000000] x86/fpu: Supporting XSAVE feature 0x004: 'AVX registers'
[    0.000000] x86/fpu: xstate_offset[2]:  576, xstate_sizes[2]:  256
[    0.000000] x86/fpu: Enabled xstate features 0x7, context size is 832 bytes, using 'standard' format.
[    0.000000] BIOS-provided physical RAM map:
[    0.000000] BIOS-e820: [mem 0x0000000000000000-0x000000000009fbff] usable
[    0.000000] BIOS-e820: [mem 0x000000000009fc00-0x000000000009ffff] reserved
[    0.000000] BIOS-e820: [mem 0x00000000000f0000-0x00000000000fffff] reserved
[    0.000000] BIOS-e820: [mem 0x0000000000100000-0x000000007ffeffff] usable
[    0.000000] BIOS-e820: [mem 0x000000007fff0000-0x000000007fffffff] ACPI data
[    0.000000] BIOS-e820: [mem 0x00000000fec00000-0x00000000fec00fff] reserved
[    0.000000] BIOS-e820: [mem 0x00000000fee00000-0x00000000fee00fff] reserved
[    0.000000] BIOS-e820: [mem 0x00000000fffc0000-0x00000000ffffffff] reserved
[    0.000000] NX (Execute Disable) protection: active
[    0.000000] SMBIOS 2.5 present.
[    0.000000] DMI: innotek GmbH VirtualBox/VirtualBox, BIOS VirtualBox 12/01/2006
[    0.000000] Hypervisor detected: KVM
[    0.000000] kvm-clock: Using msrs 4b564d01 and 4b564d00
[    0.000000] kvm-clock: cpu 0, msr 26601001, primary cpu clock
[    0.000000] kvm-clock: using sched offset of 4452453645 cycles
[    0.000003] clocksource: kvm-clock: mask: 0xffffffffffffffff max_cycles: 0x1cd42e4dffb, max_idle_ns: 881590591483 ns
[    0.000005] tsc: Detected 2100.000 MHz processor
[    0.001879] e820: update [mem 0x00000000-0x00000fff] usable ==> reserved
[    0.001881] e820: remove [mem 0x000a0000-0x000fffff] usable
[    0.001885] last_pfn = 0x7fff0 max_arch_pfn = 0x400000000
[    0.001955] MTRR default type: uncachable
[    0.001955] MTRR fixed ranges enabled:
[    0.001957]   00000-9FFFF write-back
[    0.001957]   A0000-BFFFF uncachable
[    0.001958]   C0000-FFFFF write-protect
[    0.001959] MTRR variable ranges enabled:
[    0.001960]   0 base 000000000000 mask 3FFF80000000 write-back
[    0.001961]   1 disabled
[    0.001961]   2 disabled
[    0.001962]   3 disabled
[    0.001962]   4 disabled
[    0.001962]   5 disabled
[    0.001963]   6 disabled
[    0.001963]   7 disabled
[    0.001964]   8 disabled
[    0.001964]   9 disabled
[    0.001964]   10 disabled
[    0.001965]   11 disabled
[    0.001965]   12 disabled
[    0.001966]   13 disabled
[    0.001966]   14 disabled
[    0.001967]   15 disabled
[    0.001983] x86/PAT: Configuration [0-7]: WB  WC  UC- UC  WB  WP  UC- WT  
[    0.002119] found SMP MP-table at [mem 0x0009fff0-0x0009ffff]
[    0.090845] check: Scanning 1 areas for low memory corruption
[    0.090968] RAMDISK: [mem 0x32271000-0x3512ffff]
[    0.090977] ACPI: Early table checksum verification disabled
[    0.090982] ACPI: RSDP 0x00000000000E0000 000024 (v02 VBOX  )
[    0.090986] ACPI: XSDT 0x000000007FFF0030 00003C (v01 VBOX   VBOXXSDT 00000001 ASL  00000061)
[    0.090992] ACPI: FACP 0x000000007FFF00F0 0000F4 (v04 VBOX   VBOXFACP 00000001 ASL  00000061)
[    0.090999] ACPI: DSDT 0x000000007FFF02E0 002353 (v02 VBOX   VBOXBIOS 00000002 VBOX 00029BF3)
[    0.091003] ACPI: FACS 0x000000007FFF0200 000040
[    0.091007] ACPI: FACS 0x000000007FFF0200 000040
[    0.091010] ACPI: APIC 0x000000007FFF0240 000054 (v02 VBOX   VBOXAPIC 00000001 ASL  00000061)
[    0.091014] ACPI: SSDT 0x000000007FFF02A0 000038 (v01 VBOX   VBOXCPUT 00000002 VBOX 00029BF3)
[    0.091017] ACPI: Reserving FACP table memory at [mem 0x7fff00f0-0x7fff01e3]
[    0.091018] ACPI: Reserving DSDT table memory at [mem 0x7fff02e0-0x7fff2632]
[    0.091019] ACPI: Reserving FACS table memory at [mem 0x7fff0200-0x7fff023f]
[    0.091019] ACPI: Reserving FACS table memory at [mem 0x7fff0200-0x7fff023f]
[    0.091020] ACPI: Reserving APIC table memory at [mem 0x7fff0240-0x7fff0293]
[    0.091021] ACPI: Reserving SSDT table memory at [mem 0x7fff02a0-0x7fff02d7]
[    0.091036] ACPI: Local APIC address 0xfee00000
[    0.091225] No NUMA configuration found
[    0.091226] Faking a node at [mem 0x0000000000000000-0x000000007ffeffff]
[    0.091236] NODE_DATA(0) allocated [mem 0x7ffc5000-0x7ffeffff]
[    0.091518] Zone ranges:
[    0.091519]   DMA      [mem 0x0000000000001000-0x0000000000ffffff]
[    0.091521]   DMA32    [mem 0x0000000001000000-0x000000007ffeffff]
[    0.091521]   Normal   empty
[    0.091522]   Device   empty
[    0.091523] Movable zone start for each node
[    0.091525] Early memory node ranges
[    0.091526]   node   0: [mem 0x0000000000001000-0x000000000009efff]
[    0.091526]   node   0: [mem 0x0000000000100000-0x000000007ffeffff]
[    0.091529] Zeroed struct page in unavailable ranges: 114 pages
[    0.091530] Initmem setup node 0 [mem 0x0000000000001000-0x000000007ffeffff]
[    0.091531] On node 0 totalpages: 524174
[    0.091533]   DMA zone: 64 pages used for memmap
[    0.091533]   DMA zone: 21 pages reserved
[    0.091534]   DMA zone: 3998 pages, LIFO batch:0
[    0.091606]   DMA32 zone: 8128 pages used for memmap
[    0.091606]   DMA32 zone: 520176 pages, LIFO batch:63
[    0.100460] ACPI: PM-Timer IO Port: 0x4008
[    0.100464] ACPI: Local APIC address 0xfee00000
[    0.100534] IOAPIC[0]: apic_id 1, version 32, address 0xfec00000, GSI 0-23
[    0.100537] ACPI: INT_SRC_OVR (bus 0 bus_irq 0 global_irq 2 dfl dfl)
[    0.100539] ACPI: INT_SRC_OVR (bus 0 bus_irq 9 global_irq 9 low level)
[    0.100541] ACPI: IRQ0 used by override.
[    0.100542] ACPI: IRQ9 used by override.
[    0.100544] Using ACPI (MADT) for SMP configuration information
[    0.100553] smpboot: Allowing 1 CPUs, 0 hotplug CPUs
[    0.100576] PM: Registered nosave memory: [mem 0x00000000-0x00000fff]
[    0.100577] PM: Registered nosave memory: [mem 0x0009f000-0x0009ffff]
[    0.100578] PM: Registered nosave memory: [mem 0x000a0000-0x000effff]
[    0.100578] PM: Registered nosave memory: [mem 0x000f0000-0x000fffff]
[    0.100580] [mem 0x80000000-0xfebfffff] available for PCI devices
[    0.100581] Booting paravirtualized kernel on KVM
[    0.100584] clocksource: refined-jiffies: mask: 0xffffffff max_cycles: 0xffffffff, max_idle_ns: 7645519600211568 ns
[    0.100589] setup_percpu: NR_CPUS:8192 nr_cpumask_bits:1 nr_cpu_ids:1 nr_node_ids:1
[    0.101623] percpu: Embedded 60 pages/cpu s208896 r8192 d28672 u2097152
[    0.101628] pcpu-alloc: s208896 r8192 d28672 u2097152 alloc=1*2097152
[    0.101629] pcpu-alloc: [0] 0 
[    0.101656] Built 1 zonelists, mobility grouping on.  Total pages: 515961
[    0.101656] Policy zone: DMA32
[    0.101658] Kernel command line: BOOT_IMAGE=/boot/vmlinuz-5.4.243-mptcp root=UUID=98415a12-53b7-4144-8265-0f7ece09e445 ro quiet splash
[    0.102515] Dentry cache hash table entries: 262144 (order: 9, 2097152 bytes, linear)
[    0.102785] Inode-cache hash table entries: 131072 (order: 8, 1048576 bytes, linear)
[    0.102840] mem auto-init: stack:off, heap alloc:on, heap free:off
[    0.102843] Calgary: detecting Calgary via BIOS EBDA area
[    0.102844] Calgary: Unable to locate Rio Grande table in EBDA - bailing!
[    0.106982] Memory: 1967332K/2096696K available (14339K kernel code, 2398K rwdata, 4712K rodata, 2728K init, 17260K bss, 129364K reserved, 0K cma-reserved)
[    0.107905] SLUB: HWalign=64, Order=0-3, MinObjects=0, CPUs=1, Nodes=1
[    0.107920] ftrace: allocating 43186 entries in 169 pages
[    0.125977] rcu: Hierarchical RCU implementation.
[    0.125979] rcu: 	RCU restricting CPUs from NR_CPUS=8192 to nr_cpu_ids=1.
[    0.125980] 	Tasks RCU enabled.
[    0.125981] rcu: RCU calculated value of scheduler-enlistment delay is 25 jiffies.
[    0.125982] rcu: Adjusting geometry for rcu_fanout_leaf=16, nr_cpu_ids=1
[    0.128928] NR_IRQS: 524544, nr_irqs: 256, preallocated irqs: 16
[    0.129144] random: crng init done
[    0.138397] Console: colour VGA+ 80x25
[    0.138402] printk: console [tty0] enabled
[    0.138422] ACPI: Core revision 20190816
[    0.138522] APIC: Switch to symmetric I/O mode setup
[    0.138775] x2apic enabled
[    0.139011] Switched APIC routing to physical x2apic.
[    0.140146] ..TIMER: vector=0x30 apic1=0 pin1=2 apic2=-1 pin2=-1
[    0.140173] clocksource: tsc-early: mask: 0xffffffffffffffff max_cycles: 0x1e4530a99b6, max_idle_ns: 440795257976 ns
[    0.140179] Calibrating delay loop (skipped) preset value.. 4200.00 BogoMIPS (lpj=8400000)
[    0.140181] pid_max: default: 32768 minimum: 301
[    0.140208] LSM: Security Framework initializing
[    0.140218] Yama: becoming mindful.
[    0.140244] AppArmor: AppArmor initialized
[    0.140278] Mount-cache hash table entries: 4096 (order: 3, 32768 bytes, linear)
[    0.140283] Mountpoint-cache hash table entries: 4096 (order: 3, 32768 bytes, linear)
[    0.140293] *** VALIDATE tmpfs ***
[    0.140420] *** VALIDATE proc ***
[    0.140461] *** VALIDATE cgroup1 ***
[    0.140463] *** VALIDATE cgroup2 ***
[    0.140603] process: using mwait in idle threads
[    0.140608] Last level iTLB entries: 4KB 64, 2MB 8, 4MB 8
[    0.140608] Last level dTLB entries: 4KB 64, 2MB 0, 4MB 0, 1GB 4
[    0.140628] Spectre V1 : Mitigation: usercopy/swapgs barriers and __user pointer sanitization
[    0.140633] Spectre V2 : Mitigation: Retpolines
[    0.140633] Spectre V2 : Spectre v2 / SpectreRSB mitigation: Filling RSB on context switch
[    0.140634] Spectre V2 : Spectre v2 / SpectreRSB : Filling RSB on VMEXIT
[    0.140634] RETBleed: WARNING: Spectre v2 mitigation leaves CPU vulnerable to RETBleed attacks, data leaks possible!
[    0.140992] RETBleed: Vulnerable
[    0.140993] Speculative Store Bypass: Vulnerable
[    0.140997] TAA: Mitigation: TSX disabled
[    0.140998] MMIO Stale Data: Mitigation: Clear CPU buffers
[    0.145205] Freeing SMP alternatives memory: 40K
[    0.257684] smpboot: CPU0: Intel(R) Xeon(R) Silver 4216 CPU @ 2.10GHz (family: 0x6, model: 0x55, stepping: 0x7)
[    0.257830] Performance Events: unsupported p6 CPU model 85 no PMU driver, software events only.
[    0.257869] rcu: Hierarchical SRCU implementation.
[    0.258346] NMI watchdog: Perf NMI watchdog permanently disabled
[    0.258383] smp: Bringing up secondary CPUs ...
[    0.258384] smp: Brought up 1 node, 1 CPU
[    0.258385] smpboot: Max logical packages: 1
[    0.258387] smpboot: Total of 1 processors activated (4200.00 BogoMIPS)
[    0.259372] devtmpfs: initialized
[    0.259420] x86/mm: Memory block size: 128MB
[    0.259768] clocksource: jiffies: mask: 0xffffffff max_cycles: 0xffffffff, max_idle_ns: 7645041785100000 ns
[    0.259774] futex hash table entries: 256 (order: 2, 16384 bytes, linear)
[    0.259817] pinctrl core: initialized pinctrl subsystem
[    0.259921] PM: RTC time: 20:52:51, date: 2026-01-19
[    0.260027] NET: Registered protocol family 16
[    0.260101] audit: initializing netlink subsys (disabled)
[    0.260175] EISA bus registered
[    0.260175] cpuidle: using governor ladder
[    0.260175] cpuidle: using governor menu
[    0.260175] ACPI: bus type PCI registered
[    0.260175] acpiphp: ACPI Hot Plug PCI Controller Driver version: 0.5
[    0.260175] PCI: Using configuration type 1 for base access
[    0.260494] audit: type=2000 audit(1768827177.741:1): state=initialized audit_enabled=0 res=1
[    0.260574] HugeTLB registered 2.00 MiB page size, pre-allocated 0 pages
[    0.261388] ACPI: Added _OSI(Module Device)
[    0.261388] ACPI: Added _OSI(Processor Device)
[    0.261389] ACPI: Added _OSI(3.0 _SCP Extensions)
[    0.261390] ACPI: Added _OSI(Processor Aggregator Device)
[    0.261391] ACPI: Added _OSI(Linux-Dell-Video)
[    0.261391] ACPI: Added _OSI(Linux-Lenovo-NV-HDMI-Audio)
[    0.261392] ACPI: Added _OSI(Linux-HPI-Hybrid-Graphics)
[    0.263352] ACPI: 2 ACPI AML tables successfully acquired and loaded
[    0.264994] ACPI: Interpreter enabled
[    0.265003] ACPI: (supports S0 S5)
[    0.265004] ACPI: Using IOAPIC for interrupt routing
[    0.265210] PCI: Using host bridge windows from ACPI; if necessary, use "pci=nocrs" and report a bug
[    0.265316] ACPI: Enabled 2 GPEs in block 00 to 07
[    0.270177] ACPI: PCI Root Bridge [PCI0] (domain 0000 [bus 00-ff])
[    0.270182] acpi PNP0A03:00: _OSC: OS supports [ASPM ClockPM Segments MSI HPX-Type3]
[    0.270628] acpi PNP0A03:00: _OSC: not requesting OS control; OS requires [ExtendedConfig ASPM ClockPM MSI]
[    0.270636] acpi PNP0A03:00: fail to add MMCONFIG information, can't access extended PCI configuration space under this bridge.
[    0.271010] PCI host bridge to bus 0000:00
[    0.271012] pci_bus 0000:00: root bus resource [io  0x0000-0x0cf7 window]
[    0.271013] pci_bus 0000:00: root bus resource [io  0x0d00-0xffff window]
[    0.271014] pci_bus 0000:00: root bus resource [mem 0x000a0000-0x000bffff window]
[    0.271015] pci_bus 0000:00: root bus resource [mem 0x80000000-0xfdffffff window]
[    0.271016] pci_bus 0000:00: root bus resource [bus 00-ff]
[    0.271055] pci 0000:00:00.0: [8086:1237] type 00 class 0x060000
[    0.271981] pci 0000:00:01.0: [8086:7000] type 00 class 0x060100
[    0.272759] pci 0000:00:01.1: [8086:7111] type 00 class 0x01018a
[    0.273130] pci 0000:00:01.1: reg 0x20: [io  0xd000-0xd00f]
[    0.273281] pci 0000:00:01.1: legacy IDE quirk: reg 0x10: [io  0x01f0-0x01f7]
[    0.273282] pci 0000:00:01.1: legacy IDE quirk: reg 0x14: [io  0x03f6]
[    0.273283] pci 0000:00:01.1: legacy IDE quirk: reg 0x18: [io  0x0170-0x0177]
[    0.273284] pci 0000:00:01.1: legacy IDE quirk: reg 0x1c: [io  0x0376]
[    0.273825] pci 0000:00:02.0: [15ad:0405] type 00 class 0x030000
[    0.276259] pci 0000:00:02.0: reg 0x10: [io  0xd010-0xd01f]
[    0.280221] pci 0000:00:02.0: reg 0x14: [mem 0xe0000000-0xe7ffffff pref]
[    0.283098] pci 0000:00:02.0: reg 0x18: [mem 0xf0000000-0xf01fffff]
[    0.294797] pci 0000:00:03.0: [1022:2000] type 00 class 0x020000
[    0.295546] pci 0000:00:03.0: reg 0x10: [io  0xd020-0xd03f]
[    0.296323] pci 0000:00:03.0: reg 0x14: [mem 0xf0200000-0xf0200fff]
[    0.299962] pci 0000:00:04.0: [80ee:cafe] type 00 class 0x088000
[    0.300290] pci 0000:00:04.0: reg 0x10: [io  0xd040-0xd05f]
[    0.300920] pci 0000:00:04.0: reg 0x14: [mem 0xf0400000-0xf07fffff]
[    0.301567] pci 0000:00:04.0: reg 0x18: [mem 0xf0800000-0xf0803fff pref]
[    0.305569] pci 0000:00:07.0: [8086:7113] type 00 class 0x068000
[    0.306128] pci 0000:00:07.0: quirk: [io  0x4000-0x403f] claimed by PIIX4 ACPI
[    0.306138] pci 0000:00:07.0: quirk: [io  0x4100-0x410f] claimed by PIIX4 SMB
[    0.306780] pci 0000:00:08.0: [8086:100e] type 00 class 0x020000
[    0.307517] pci 0000:00:08.0: reg 0x10: [mem 0xf0820000-0xf083ffff]
[    0.308299] pci 0000:00:08.0: reg 0x18: [io  0xd060-0xd067]
[    0.312227] pci 0000:00:09.0: [8086:100e] type 00 class 0x020000
[    0.312929] pci 0000:00:09.0: reg 0x10: [mem 0xf0840000-0xf085ffff]
[    0.314103] pci 0000:00:09.0: reg 0x18: [io  0xd068-0xd06f]
[    0.325024] ACPI: PCI Interrupt Link [LNKA] (IRQs 5 9 10 *11)
[    0.325305] ACPI: PCI Interrupt Link [LNKB] (IRQs 5 9 *10 11)
[    0.325411] ACPI: PCI Interrupt Link [LNKC] (IRQs 5 *9 10 11)
[    0.325513] ACPI: PCI Interrupt Link [LNKD] (IRQs 5 9 10 *11)
[    0.325778] iommu: Default domain type: Translated 
[    0.325841] pci 0000:00:02.0: vgaarb: setting as boot VGA device
[    0.325843] pci 0000:00:02.0: vgaarb: VGA device added: decodes=io+mem,owns=io+mem,locks=none
[    0.325845] pci 0000:00:02.0: vgaarb: bridge control possible
[    0.325846] vgaarb: loaded
[    0.326069] SCSI subsystem initialized
[    0.326101] libata version 3.00 loaded.
[    0.326125] ACPI: bus type USB registered
[    0.326141] usbcore: registered new interface driver usbfs
[    0.326147] usbcore: registered new interface driver hub
[    0.326152] usbcore: registered new device driver usb
[    0.326178] pps_core: LinuxPPS API ver. 1 registered
[    0.326178] pps_core: Software ver. 5.3.6 - Copyright 2005-2007 Rodolfo Giometti <giometti@linux.it>
[    0.326181] PTP clock support registered
[    0.326215] EDAC MC: Ver: 3.0.0
[    0.326499] PCI: Using ACPI for IRQ routing
[    0.326500] PCI: pci_cache_line_size set to 64 bytes
[    0.326670] e820: reserve RAM buffer [mem 0x0009fc00-0x0009ffff]
[    0.326673] e820: reserve RAM buffer [mem 0x7fff0000-0x7fffffff]
[    0.327484] NetLabel: Initializing
[    0.327485] NetLabel:  domain hash size = 128
[    0.327485] NetLabel:  protocols = UNLABELED CIPSOv4 CALIPSO
[    0.327505] NetLabel:  unlabeled traffic allowed by default
[    0.328451] clocksource: Switched to clocksource kvm-clock
[    0.342586] *** VALIDATE bpf ***
[    0.342645] VFS: Disk quotas dquot_6.6.0
[    0.342657] VFS: Dquot-cache hash table entries: 512 (order 0, 4096 bytes)
[    0.342679] *** VALIDATE ramfs ***
[    0.342682] *** VALIDATE hugetlbfs ***
[    0.342760] AppArmor: AppArmor Filesystem Enabled
[    0.342785] pnp: PnP ACPI init
[    0.342849] pnp 00:00: Plug and Play ACPI device, IDs PNP0303 (active)
[    0.342915] pnp 00:01: Plug and Play ACPI device, IDs PNP0f03 (active)
[    0.343685] pnp: PnP ACPI: found 2 devices
[    0.344631] thermal_sys: Registered thermal governor 'fair_share'
[    0.344631] thermal_sys: Registered thermal governor 'bang_bang'
[    0.344632] thermal_sys: Registered thermal governor 'step_wise'
[    0.344633] thermal_sys: Registered thermal governor 'user_space'
[    0.344633] thermal_sys: Registered thermal governor 'power_allocator'
[    0.349145] clocksource: acpi_pm: mask: 0xffffff max_cycles: 0xffffff, max_idle_ns: 2085701024 ns
[    0.349186] pci_bus 0000:00: resource 4 [io  0x0000-0x0cf7 window]
[    0.349187] pci_bus 0000:00: resource 5 [io  0x0d00-0xffff window]
[    0.349188] pci_bus 0000:00: resource 6 [mem 0x000a0000-0x000bffff window]
[    0.349189] pci_bus 0000:00: resource 7 [mem 0x80000000-0xfdffffff window]
[    0.349246] NET: Registered protocol family 2
[    0.349321] IP idents hash table entries: 32768 (order: 6, 262144 bytes, linear)
[    0.349723] MPTCP tokens hash table entries: 8192 (order: 4, 65536 bytes, linear)
[    0.349743] MPTCP request tokens hash table entries: 8192 (order: 4, 65536 bytes, linear)
[    0.349769] default registered
[    0.349770] default registered
[    0.349770] MPTCP: Stable release v0.96
[    0.349775] tcp_listen_portaddr_hash hash table entries: 1024 (order: 2, 16384 bytes, linear)
[    0.349869] TCP established hash table entries: 16384 (order: 5, 131072 bytes, linear)
[    0.349935] TCP bind hash table entries: 16384 (order: 6, 262144 bytes, linear)
[    0.349961] TCP: Hash tables configured (established 16384 bind 16384)
[    0.350661] UDP hash table entries: 1024 (order: 3, 32768 bytes, linear)
[    0.350673] UDP-Lite hash table entries: 1024 (order: 3, 32768 bytes, linear)
[    0.350706] NET: Registered protocol family 1
[    0.350715] NET: Registered protocol family 44
[    0.350734] pci 0000:00:00.0: Limiting direct PCI/PCI transfers
[    0.350747] pci 0000:00:01.0: Activating ISA DMA hang workarounds
[    0.350804] pci 0000:00:02.0: Video device with shadowed ROM at [mem 0x000c0000-0x000dffff]
[    0.350868] PCI: CLS 0 bytes, default 64
[    0.350915] Trying to unpack rootfs image as initramfs...
[    0.519379] Freeing initrd memory: 47868K
[    0.519379] clocksource: tsc: mask: 0xffffffffffffffff max_cycles: 0x1e4530a99b6, max_idle_ns: 440795257976 ns
[    0.519379] clocksource: Switched to clocksource tsc
[    0.519379] platform rtc_cmos: registered platform RTC device (no PNP device found)
[    0.519379] check: Scanning for low memory corruption every 60 seconds
[    0.519379] Initialise system trusted keyrings
[    0.519379] Key type blacklist registered
[    0.519379] workingset: timestamp_bits=36 max_order=19 bucket_order=0
[    0.519379] zbud: loaded
[    0.519379] squashfs: version 4.0 (2009/01/31) Phillip Lougher
[    0.519379] fuse: init (API version 7.31)
[    0.519379] *** VALIDATE fuse ***
[    0.519379] *** VALIDATE fuse ***
[    0.519379] Platform Keyring initialized
[    0.519379] Key type asymmetric registered
[    0.519379] Asymmetric key parser 'x509' registered
[    0.519379] Block layer SCSI generic (bsg) driver version 0.4 loaded (major 244)
[    0.519379] io scheduler mq-deadline registered
[    0.519379] shpchp: Standard Hot Plug PCI Controller Driver version: 0.4
[    0.533217] ACPI: AC Adapter [AC] (on-line)
[    0.533264] input: Power Button as /devices/LNXSYSTM:00/LNXPWRBN:00/input/input0
[    0.533290] ACPI: Power Button [PWRF]
[    0.533370] input: Sleep Button as /devices/LNXSYSTM:00/LNXSLPBN:00/input/input1
[    0.533385] ACPI: Sleep Button [SLPF]
[    0.533614] Serial: 8250/16550 driver, 32 ports, IRQ sharing enabled
[    0.534756] Linux agpgart interface v0.103
[    0.623075] loop: module loaded
[    0.623213] ata_piix 0000:00:01.1: version 2.13
[    0.623608] scsi host0: ata_piix
[    0.623695] scsi host1: ata_piix
[    0.623722] ata1: PATA max UDMA/33 cmd 0x1f0 ctl 0x3f6 bmdma 0xd000 irq 14
[    0.623722] ata2: PATA max UDMA/33 cmd 0x170 ctl 0x376 bmdma 0xd008 irq 15
[    0.623799] tun: Universal TUN/TAP device driver, 1.6
[    0.624122] PPP generic driver version 2.4.2
[    0.624165] VFIO - User Level meta-driver version: 0.3
[    0.624397] ehci_hcd: USB 2.0 'Enhanced' Host Controller (EHCI) Driver
[    0.624401] ehci-pci: EHCI PCI platform driver
[    0.624414] ehci-platform: EHCI generic platform driver
[    0.624420] ohci_hcd: USB 1.1 'Open' Host Controller (OHCI) Driver
[    0.624422] ohci-pci: OHCI PCI platform driver
[    0.624429] ohci-platform: OHCI generic platform driver
[    0.624434] uhci_hcd: USB Universal Host Controller Interface driver
[    0.624498] i8042: PNP: PS/2 Controller [PNP0303:PS2K,PNP0f03:PS2M] at 0x60,0x64 irq 1,12
[    0.624939] serio: i8042 KBD port at 0x60,0x64 irq 1
[    0.624943] serio: i8042 AUX port at 0x60,0x64 irq 12
[    0.625028] mousedev: PS/2 mouse device common for all mice
[    0.625285] input: AT Translated Set 2 keyboard as /devices/platform/i8042/serio0/input/input2
[    0.625677] rtc_cmos rtc_cmos: registered as rtc0
[    0.625690] rtc_cmos rtc_cmos: alarms up to one day, 114 bytes nvram
[    0.625695] i2c /dev entries driver
[    0.625738] device-mapper: uevent: version 1.0.3
[    0.625780] device-mapper: ioctl: 4.41.0-ioctl (2019-09-16) initialised: dm-devel@redhat.com
[    0.625810] platform eisa.0: Probing EISA bus 0
[    0.625811] platform eisa.0: EISA: Cannot allocate resource for mainboard
[    0.625813] platform eisa.0: Cannot allocate resource for EISA slot 1
[    0.625814] platform eisa.0: Cannot allocate resource for EISA slot 2
[    0.625815] platform eisa.0: Cannot allocate resource for EISA slot 3
[    0.625816] platform eisa.0: Cannot allocate resource for EISA slot 4
[    0.625817] platform eisa.0: Cannot allocate resource for EISA slot 5
[    0.625818] platform eisa.0: Cannot allocate resource for EISA slot 6
[    0.625818] platform eisa.0: Cannot allocate resource for EISA slot 7
[    0.625819] platform eisa.0: Cannot allocate resource for EISA slot 8
[    0.625820] platform eisa.0: EISA: Detected 0 cards
[    0.625823] intel_pstate: CPU model not supported
[    0.625832] ledtrig-cpu: registered to indicate activity on CPUs
[    0.625888] drop_monitor: Initializing network drop monitor service
[    0.626048] NET: Registered protocol family 10
[    0.631080] Segment Routing with IPv6
[    0.631107] fullmesh registered
[    0.631109] ndiffports registered
[    0.631111] binder registered
[    0.631111] roundrobin registered
[    0.631112] redundant registered
[    0.631112] blest registered
[    0.631113] ecf registered
[    0.631114] NET: Registered protocol family 17
[    0.631145] Key type dns_resolver registered
[    0.631232] RAS: Correctable Errors collector initialized.
[    0.631232] IPI shorthand broadcast: enabled
[    0.631232] sched_clock: Marking stable (616192720, 11040030)->(626960489, 272261)
[    0.631315] registered taskstats version 1
[    0.631323] Loading compiled-in X.509 certificates
[    0.631911] Loaded X.509 cert 'Build time autogenerated kernel key: 6909f3744cebb3d0de528d5887b96a727de79b1e'
[    0.631928] zswap: loaded using pool lzo/zbud
[    0.631979] Key type ._fscrypt registered
[    0.631980] Key type .fscrypt registered
[    0.636436] Key type big_key registered
[    0.638627] Key type encrypted registered
[    0.638629] AppArmor: AppArmor sha1 policy hashing enabled
[    0.638636] ima: No TPM chip found, activating TPM-bypass!
[    0.638640] ima: Allocated hash algorithm: sha1
[    0.638645] ima: No architecture policies found
[    0.638654] evm: Initialising EVM extended attributes:
[    0.638654] evm: security.selinux
[    0.638655] evm: security.SMACK64
[    0.638655] evm: security.SMACK64EXEC
[    0.638655] evm: security.SMACK64TRANSMUTE
[    0.638656] evm: security.SMACK64MMAP
[    0.638656] evm: security.apparmor
[    0.638657] evm: security.ima
[    0.638657] evm: security.capability
[    0.638658] evm: HMAC attrs: 0x1
[    0.638945] PM:   Magic number: 10:857:902
[    0.638972] acpi PNP0501:02: hash matches
[    0.639077] rtc_cmos rtc_cmos: setting system clock to 2026-01-19T20:52:52 UTC (1768855972)
[    0.794636] ata1.00: ATA-6: VBOX HARDDISK, 1.0, max UDMA/133
[    0.794638] ata1.00: 209715200 sectors, multi 128: LBA 
[    0.795055] scsi 0:0:0:0: Direct-Access     ATA      VBOX HARDDISK    1.0  PQ: 0 ANSI: 5
[    0.795255] sd 0:0:0:0: [sda] 209715200 512-byte logical blocks: (107 GB/100 GiB)
[    0.795262] sd 0:0:0:0: [sda] Write Protect is off
[    0.795263] sd 0:0:0:0: [sda] Mode Sense: 00 3a 00 00
[    0.795273] sd 0:0:0:0: [sda] Write cache: enabled, read cache: enabled, doesn't support DPO or FUA
[    0.795464] sd 0:0:0:0: Attached scsi generic sg0 type 0
[    0.796063]  sda: sda1 sda2
[    0.807158] sd 0:0:0:0: [sda] Attached SCSI disk
[    0.808949] Freeing unused decrypted memory: 2040K
[    0.809623] Freeing unused kernel image memory: 2728K
[    0.809625] Write protecting the kernel read-only data: 22528k
[    0.810286] Freeing unused kernel image memory: 2036K
[    0.810678] Freeing unused kernel image memory: 1432K
[    0.823679] x86/mm: Checked W+X mappings: passed, no W+X pages found.
[    0.823682] Run /init as init process
[    0.921148] ACPI: Video Device [GFX0] (multi-head: yes  rom: no  post: no)
[    0.921216] input: Video Bus as /devices/LNXSYSTM:00/LNXSYBUS:00/PNP0A03:00/LNXVIDEO:00/input/input4
[    0.932240] pcnet32: pcnet32.c:v1.35 21.Apr.2008 tsbogend@alpha.franken.de
[    0.935936] piix4_smbus 0000:00:07.0: SMBus Host Controller at 0x4100, revision 0
[    0.936677] pcnet32: PCnet/FAST III 79C973 at 0xd020, 08:00:27:dd:6e:3f assigned IRQ 19
[    0.936719] pcnet32: Found PHY 0022:561b at address 0
[    0.937007] pcnet32: eth0: registered as PCnet/FAST III 79C973
[    0.939506] e1000: Intel(R) PRO/1000 Network Driver - version 7.3.21-k8-NAPI
[    0.939506] e1000: Copyright (c) 1999-2006 Intel Corporation.
[    0.951070] pcnet32: 1 cards_found
[    1.016606] pcnet32 0000:00:03.0 enp0s3: renamed from eth0
[    1.153050] input: ImExPS/2 Generic Explorer Mouse as /devices/platform/i8042/serio1/input/input5
[    1.347655] e1000 0000:00:08.0 eth0: (PCI:33MHz:32-bit) 08:00:27:20:0f:c5
[    1.347660] e1000 0000:00:08.0 eth0: Intel(R) PRO/1000 Network Connection
[    1.719308] e1000 0000:00:09.0 eth1: (PCI:33MHz:32-bit) 08:00:27:24:94:6a
[    1.719310] e1000 0000:00:09.0 eth1: Intel(R) PRO/1000 Network Connection
[    1.720462] e1000 0000:00:09.0 enp0s9: renamed from eth1
[    1.722247] e1000 0000:00:08.0 enp0s8: renamed from eth0
[    1.867635] EXT4-fs (sda2): mounted filesystem with ordered data mode. Opts: (null)
[    1.958270] systemd[1]: Inserted module 'autofs4'
[    1.971718] systemd[1]: systemd 245.4-4ubuntu3 running in system mode. (+PAM +AUDIT +SELINUX +IMA +APPARMOR +SMACK +SYSVINIT +UTMP +LIBCRYPTSETUP +GCRYPT +GNUTLS +ACL +XZ +LZ4 +SECCOMP +BLKID +ELFUTILS +KMOD +IDN2 -IDN +PCRE2 default-hierarchy=hybrid)
[    1.971748] systemd[1]: Detected virtualization oracle.
[    1.971751] systemd[1]: Detected architecture x86-64.
[    1.973015] systemd[1]: Set hostname to <ztg>.
[    2.096158] systemd[1]: /lib/systemd/system/dbus.socket:5: ListenStream= references a path below legacy directory /var/run/, updating /var/run/dbus/system_bus_socket â†’ /run/dbus/system_bus_socket; please update the unit file accordingly.
[    2.147879] systemd[1]: Created slice system-modprobe.slice.
[    2.148058] systemd[1]: Created slice User and Session Slice.
[    2.148099] systemd[1]: Started Forward Password Requests to Wall Directory Watch.
[    2.148252] systemd[1]: Set up automount Arbitrary Executable File Formats File System Automount Point.
[    2.148284] systemd[1]: Reached target User and Group Name Lookups.
[    2.148292] systemd[1]: Reached target Remote File Systems.
[    2.148299] systemd[1]: Reached target Slices.
[    2.149121] systemd[1]: Listening on Syslog Socket.
[    2.149187] systemd[1]: Listening on fsck to fsckd communication Socket.
[    2.149222] systemd[1]: Listening on initctl Compatibility Named Pipe.
[    2.149352] systemd[1]: Listening on Journal Audit Socket.
[    2.149405] systemd[1]: Listening on Journal Socket (/dev/log).
[    2.149470] systemd[1]: Listening on Journal Socket.
[    2.149531] systemd[1]: Listening on udev Control Socket.
[    2.149569] systemd[1]: Listening on udev Kernel Socket.
[    2.150306] systemd[1]: Mounting Huge Pages File System...
[    2.151247] systemd[1]: Mounting POSIX Message Queue File System...
[    2.152105] systemd[1]: Mounting Kernel Debug File System...
[    2.152955] systemd[1]: Mounting Kernel Trace File System...
[    2.154847] systemd[1]: Starting Journal Service...
[    2.178140] systemd[1]: Starting Set the console keyboard layout...
[    2.185732] systemd[1]: Starting Create list of static device nodes for the current kernel...
[    2.187722] systemd[1]: Starting Load Kernel Module drm...
[    2.188811] systemd[1]: Condition check resulted in Set Up Additional Binary Formats being skipped.
[    2.188850] systemd[1]: Condition check resulted in File System Check on Root Device being skipped.
[    2.199961] systemd[1]: Starting Load Kernel Modules...
[    2.205389] systemd[1]: Starting Remount Root and Kernel File Systems...
[    2.212062] systemd[1]: Starting udev Coldplug all Devices...
[    2.226320] systemd[1]: Starting Uncomplicated firewall...
[    2.228723] EXT4-fs (sda2): re-mounted. Opts: errors=remount-ro
[    2.233140] systemd[1]: Mounted Huge Pages File System.
[    2.233222] systemd[1]: Mounted POSIX Message Queue File System.
[    2.233291] systemd[1]: Mounted Kernel Debug File System.
[    2.233356] systemd[1]: Mounted Kernel Trace File System.
[    2.264060] systemd[1]: Finished Create list of static device nodes for the current kernel.
[    2.264336] systemd[1]: modprobe@drm.service: Succeeded.
[    2.264700] systemd[1]: Finished Load Kernel Module drm.
[    2.270913] systemd[1]: Finished Remount Root and Kernel File Systems.
[    2.271721] systemd[1]: Finished Uncomplicated firewall.
[    2.288199] lp: driver loaded but no devices found
[    2.291419] systemd[1]: Condition check resulted in Rebuild Hardware Database being skipped.
[    2.291452] systemd[1]: Condition check resulted in Platform Persistent Storage Archival being skipped.
[    2.292058] systemd[1]: Starting Load/Save Random Seed...
[    2.296455] systemd[1]: Starting Create System Users...
[    2.302771] ppdev: user-space parallel port driver
[    2.309484] systemd[1]: Finished Load/Save Random Seed.
[    2.313044] systemd[1]: Finished Create System Users.
[    2.313727] systemd[1]: Starting Create Static Device Nodes in /dev...
[    2.343140] systemd[1]: Finished udev Coldplug all Devices.
[    2.344551] systemd[1]: Finished Create Static Device Nodes in /dev.
[    2.345302] systemd[1]: Starting udev Kernel Device Manager...
[    2.407832] [drm] DMA map mode: Caching DMA mappings.
[    2.407928] [drm] Capabilities:
[    2.407928] [drm]   Rect copy.
[    2.407928] [drm]   Cursor.
[    2.407929] [drm]   Cursor bypass.
[    2.407929] [drm]   Cursor bypass 2.
[    2.407929] [drm]   Alpha cursor.
[    2.407930] [drm]   Extended Fifo.
[    2.407930] [drm]   Pitchlock.
[    2.407930] [drm]   Irq mask.
[    2.407931] [drm]   GMR.
[    2.407931] [drm]   Traces.
[    2.407931] [drm]   GMR2.
[    2.407932] [drm]   Screen Object 2.
[    2.407932] [drm]   Command Buffers.
[    2.407933] [drm]   Command Buffers 2.
[    2.407933] [drm]   Guest Backed Resources.
[    2.407934] [drm] Max GMR ids is 8192
[    2.407935] [drm] Max number of GMR pages is 1048576
[    2.407935] [drm] Max dedicated hypervisor surface memory is 393216 kiB
[    2.407936] [drm] Maximum display memory size is 131072 kiB
[    2.407936] [drm] VRAM at 0xe0000000 size is 131072 kiB
[    2.407937] [drm] MMIO at 0xf0000000 size is 2048 kiB
[    2.415124] [TTM] Zone  kernel: Available graphics memory: 1011738 KiB
[    2.415124] [TTM] Initializing pool allocator
[    2.415128] [TTM] Initializing DMA pool allocator
[    2.415156] [drm] Supports vblank timestamp caching Rev 2 (21.10.2013).
[    2.415156] [drm] No driver support for vblank timestamp query.
[    2.415374] [drm] Screen Target Display device initialized
[    2.415584] [drm] width 720
[    2.415592] [drm] height 400
[    2.415595] [drm] bpp 32
[    2.416135] [drm] Fifo max 0x00200000 min 0x00001000 cap 0x00000355
[    2.417186] [drm] Using command buffers with DMA pool.
[    2.417189] [drm] DX: no.
[    2.417190] [drm] Atomic: yes.
[    2.417190] [drm] SM4_1: no.
[    2.417210] [drm:vmw_host_log [vmwgfx]] *ERROR* Failed to send host log message.
[    2.418121] [drm:vmw_host_log [vmwgfx]] *ERROR* Failed to send host log message.
[    2.432344] fbcon: svgadrmfb (fb0) is primary device
[    2.434471] Console: switching to colour frame buffer device 100x37
[    2.440389] [drm] Initialized vmwgfx 2.15.0 20180704 for 0000:00:02.0 on minor 0
[    2.443006] systemd[1]: Finished Load Kernel Modules.
[    2.443959] systemd[1]: Mounting FUSE Control File System...
[    2.444820] systemd[1]: Mounting Kernel Configuration File System...
[    2.445635] systemd[1]: Starting Apply Kernel Variables...
[    2.481165] systemd[1]: Finished Set the console keyboard layout.
[    2.481886] systemd[1]: Mounted FUSE Control File System.
[    2.481957] systemd[1]: Reached target Local File Systems (Pre).
[    2.481974] systemd[1]: Condition check resulted in VMware vmblock fuse mount being skipped.
[    2.485247] systemd[1]: Mounting Mount unit for bare, revision 5...
[    2.494427] systemd[1]: Mounting Mount unit for core18, revision 1705...
[    2.498794] systemd[1]: Mounting Mount unit for gnome-3-34-1804, revision 24...
[    2.507399] systemd[1]: Mounting Mount unit for gtk-common-themes, revision 1506...
[    2.513423] systemd[1]: Mounting Mount unit for gtk-common-themes, revision 1535...
[    2.518269] systemd[1]: Mounting Mount unit for snap-store, revision 433...
[    2.537407] systemd[1]: Mounting Mount unit for snapd, revision 7264...
[    2.551915] systemd[1]: Mounted Kernel Configuration File System.
[    2.555921] systemd[1]: Finished Apply Kernel Variables.
[    2.556066] systemd[1]: Mounted Mount unit for bare, revision 5.
[    2.556149] systemd[1]: Mounted Mount unit for core18, revision 1705.
[    2.556223] systemd[1]: Mounted Mount unit for gnome-3-34-1804, revision 24.
[    2.563781] systemd[1]: Started udev Kernel Device Manager.
[    2.564480] systemd[1]: Starting Show Plymouth Boot Screen...
[    2.571279] systemd[1]: Received SIGRTMIN+20 from PID 271 (plymouthd).
[    2.591111] systemd[1]: Started Show Plymouth Boot Screen.
[    2.591267] systemd[1]: Condition check resulted in Dispatch Password Requests to Console Directory Watch being skipped.
[    2.591359] systemd[1]: Started Forward Password Requests to Plymouth Directory Watch.
[    2.591459] systemd[1]: Reached target Local Encrypted Volumes.
[    2.639676] systemd[1]: Mounted Mount unit for gtk-common-themes, revision 1506.
[    2.677280] systemd[1]: Mounted Mount unit for gtk-common-themes, revision 1535.
[    2.677503] systemd[1]: Mounted Mount unit for snap-store, revision 433.
[    2.677677] systemd[1]: Mounted Mount unit for snapd, revision 7264.
[    2.677835] systemd[1]: Reached target Local File Systems.
[    2.691482] systemd[1]: Starting Load AppArmor profiles...
[    2.692359] systemd[1]: Starting Set console font and keymap...
[    2.705114] systemd[1]: Starting Tell Plymouth To Write Out Runtime Data...
[    2.705238] systemd[1]: Condition check resulted in Store a System Token in an EFI Variable being skipped.
[    2.705280] systemd[1]: Condition check resulted in Commit a transient machine-id on disk being skipped.
[    2.707661] systemd[1]: Finished Set console font and keymap.
[    2.716880] systemd[1]: Received SIGRTMIN+20 from PID 271 (plymouthd).
[    2.718155] systemd[1]: plymouth-read-write.service: Succeeded.
[    2.718383] systemd[1]: Finished Tell Plymouth To Write Out Runtime Data.
[    2.736533] audit: type=1400 audit(1768855974.596:2): apparmor="STATUS" operation="profile_load" profile="unconfined" name="nvidia_modprobe" pid=299 comm="apparmor_parser"
[    2.736535] audit: type=1400 audit(1768855974.596:3): apparmor="STATUS" operation="profile_load" profile="unconfined" name="nvidia_modprobe//kmod" pid=299 comm="apparmor_parser"
[    2.745750] audit: type=1400 audit(1768855974.604:4): apparmor="STATUS" operation="profile_load" profile="unconfined" name="/usr/sbin/tcpdump" pid=300 comm="apparmor_parser"
[    2.802175] audit: type=1400 audit(1768855974.656:5): apparmor="STATUS" operation="profile_load" profile="unconfined" name="/usr/bin/evince" pid=302 comm="apparmor_parser"
[    2.802177] audit: type=1400 audit(1768855974.656:6): apparmor="STATUS" operation="profile_load" profile="unconfined" name="/usr/bin/evince//sanitized_helper" pid=302 comm="apparmor_parser"
[    2.802179] audit: type=1400 audit(1768855974.656:7): apparmor="STATUS" operation="profile_load" profile="unconfined" name="/usr/bin/evince-previewer" pid=302 comm="apparmor_parser"
[    2.802180] audit: type=1400 audit(1768855974.656:8): apparmor="STATUS" operation="profile_load" profile="unconfined" name="/usr/bin/evince-previewer//sanitized_helper" pid=302 comm="apparmor_parser"
[    2.802182] audit: type=1400 audit(1768855974.656:9): apparmor="STATUS" operation="profile_load" profile="unconfined" name="/usr/bin/evince-thumbnailer" pid=302 comm="apparmor_parser"
[    2.808970] audit: type=1400 audit(1768855974.668:10): apparmor="STATUS" operation="profile_load" profile="unconfined" name="/usr/lib/cups/backend/cups-pdf" pid=303 comm="apparmor_parser"
[    2.887676] systemd[1]: Finished Load AppArmor profiles.
[    2.888575] systemd[1]: Starting Load AppArmor profiles managed internally by snapd...
[    2.953442] systemd[1]: Finished Load AppArmor profiles managed internally by snapd.
[    3.117863] systemd[1]: Started Journal Service.
[    3.124707] systemd-journald[229]: Received client request to flush runtime journal.
[    3.131034] systemd-journald[229]: File /var/log/journal/c455b248004a419c87ce85eea238d727/system.journal corrupted or uncleanly shut down, renaming and replacing.
[    4.375278] RAPL PMU: API unit is 2^-32 Joules, 0 fixed counters, 10737418240 ms ovfl timer
[    4.460261] cryptd: max_cpu_qlen set to 1000
[    4.505796] AVX2 version of gcm_enc/dec engaged.
[    4.505797] AES CTR mode by8 optimization enabled
[    5.265841] Adding 1998844k swap on /dev/sda1.  Priority:-2 extents:1 across:1998844k FS
[    6.879853] kauditd_printk_skb: 30 callbacks suppressed
[    6.879855] audit: type=1400 audit(1768855978.736:41): apparmor="DENIED" operation="capable" profile="/usr/sbin/cups-browsed" pid=499 comm="cups-browsed" capability=23  capname="sys_nice"
[    7.441493] pcnet32 0000:00:03.0 enp0s3: link up, 100Mbps, full-duplex
[    7.478047] e1000: enp0s8 NIC Link is Up 1000 Mbps Full Duplex, Flow Control: RX
[    7.478361] IPv6: ADDRCONF(NETDEV_CHANGE): enp0s8: link becomes ready
[    7.491211] e1000: enp0s9 NIC Link is Up 1000 Mbps Full Duplex, Flow Control: RX
[    7.491500] IPv6: ADDRCONF(NETDEV_CHANGE): enp0s9: link becomes ready
[    8.021640] device enp0s3 entered promiscuous mode
[    8.042614] audit: type=1400 audit(1768855979.896:42): apparmor="DENIED" operation="open" profile="/usr/sbin/tcpdump" name="/proc/sys/kernel/random/boot_id" pid=704 comm="tcpdump" requested_mask="r" denied_mask="r" fsuid=0 ouid=0
[    8.042800] audit: type=1400 audit(1768855979.896:43): apparmor="DENIED" operation="open" profile="/usr/sbin/tcpdump" name="/proc/sys/kernel/random/boot_id" pid=704 comm="tcpdump" requested_mask="r" denied_mask="r" fsuid=0 ouid=0
[    8.042910] audit: type=1400 audit(1768855979.896:44): apparmor="DENIED" operation="open" profile="/usr/sbin/tcpdump" name="/proc/sys/kernel/random/boot_id" pid=704 comm="tcpdump" requested_mask="r" denied_mask="r" fsuid=0 ouid=0
[    8.042965] audit: type=1400 audit(1768855979.896:45): apparmor="DENIED" operation="open" profile="/usr/sbin/tcpdump" name="/proc/sys/kernel/random/boot_id" pid=704 comm="tcpdump" requested_mask="r" denied_mask="r" fsuid=0 ouid=0
[    8.049631] audit: type=1400 audit(1768855979.908:46): apparmor="DENIED" operation="open" profile="/usr/sbin/tcpdump" name="/proc/sys/kernel/random/boot_id" pid=705 comm="tcpdump" requested_mask="r" denied_mask="r" fsuid=0 ouid=0
[    8.049818] audit: type=1400 audit(1768855979.908:47): apparmor="DENIED" operation="open" profile="/usr/sbin/tcpdump" name="/proc/sys/kernel/random/boot_id" pid=705 comm="tcpdump" requested_mask="r" denied_mask="r" fsuid=0 ouid=0
[    8.049859] audit: type=1400 audit(1768855979.908:48): apparmor="DENIED" operation="open" profile="/usr/sbin/tcpdump" name="/proc/sys/kernel/random/boot_id" pid=705 comm="tcpdump" requested_mask="r" denied_mask="r" fsuid=0 ouid=0
[    8.049911] audit: type=1400 audit(1768855979.908:49): apparmor="DENIED" operation="open" profile="/usr/sbin/tcpdump" name="/proc/sys/kernel/random/boot_id" pid=705 comm="tcpdump" requested_mask="r" denied_mask="r" fsuid=0 ouid=0
[   12.653482] rfkill: input handler disabled
[  178.221877] AAAAA-TCP_FORW: name:enp0s3: saddr:100932208: daddr:16783984
[  178.367276] AAAAA-TCP_FORW: name:enp0s3: saddr:100932208: daddr:16783984
[  179.408387] AAAAA-TCP_FORW: name:enp0s3: saddr:16783984: daddr:100932208
[  179.781406] AAAAA-TCP_FORW: name:enp0s3: saddr:16783984: daddr:100932208
[  179.900616] AAAAA-TCP_FORW: name:enp0s3: saddr:16783984: daddr:100932208
[  180.370209] AAAAA-TCP_FORW: name:enp0s3: saddr:33561200: daddr:100932208
[  180.760337] AAAAA-TCP_FORW: name:enp0s3: saddr:100932208: daddr:33561200
[  180.846859] AAAAA-TCP_FORW: name:enp0s3: saddr:100932208: daddr:16783984
[  180.997154] AAAAA-TCP_FORW: name:enp0s3: saddr:100932208: daddr:16783984
[  181.033587] AAAAA-TCP_FORW: name:enp0s3: saddr:100932208: daddr:16783984
[  181.097740] AAAAA-TCP_FORW: name:enp0s3: saddr:100932208: daddr:16783984
[  181.161674] AAAAA-TCP_FORW: name:enp0s3: saddr:100932208: daddr:16783984
[  181.241209] AAAAA-TCP_FORW: name:enp0s3: saddr:100932208: daddr:16783984
[  181.296319] AAAAA-TCP_FORW: name:enp0s3: saddr:100932208: daddr:16783984
[  181.387444] AAAAA-TCP_FORW: name:enp0s3: saddr:100932208: daddr:16783984
[  181.497677] AAAAA-TCP_FORW: name:enp0s3: saddr:100932208: daddr:16783984
[  181.608688] AAAAA-TCP_FORW: name:enp0s3: saddr:100932208: daddr:16783984
[  181.637152] AAAAA-TCP_FORW: name:enp0s3: saddr:100932208: daddr:16783984
[  181.732498] AAAAA-TCP_FORW: name:enp0s3: saddr:100932208: daddr:16783984
[  181.956236] AAAAA-TCP_FORW: name:enp0s3: saddr:100932208: daddr:33561200
[  182.172482] AAAAA-TCP_FORW: name:enp0s3: saddr:100932208: daddr:33561200
[  182.229105] AAAAA-TCP_FORW: name:enp0s3: saddr:100932208: daddr:33561200
[  182.383847] AAAAA-TCP_FORW: name:enp0s3: saddr:100932208: daddr:33561200
[  182.459199] AAAAA-TCP_FORW: name:enp0s3: saddr:100932208: daddr:33561200
[  182.503989] AAAAA-TCP_FORW: name:enp0s3: saddr:100932208: daddr:33561200
[  182.636444] AAAAA-TCP_FORW: name:enp0s3: saddr:100932208: daddr:33561200
[  182.697260] AAAAA-TCP_FORW: name:enp0s3: saddr:100932208: daddr:33561200
[  182.782536] AAAAA-TCP_FORW: name:enp0s3: saddr:100932208: daddr:33561200
[  182.876138] AAAAA-TCP_FORW: name:enp0s3: saddr:100932208: daddr:33561200
[  182.987130] AAAAA-TCP_FORW: name:enp0s3: saddr:100932208: daddr:33561200
[  183.046713] AAAAA-TCP_FORW: name:enp0s3: saddr:100932208: daddr:16783984
[  183.166168] AAAAA-TCP_FORW: name:enp0s3: saddr:100932208: daddr:16783984
[  183.279127] AAAAA-TCP_FORW: name:enp0s3: saddr:100932208: daddr:16783984
[  183.362377] AAAAA-TCP_FORW: name:enp0s3: saddr:100932208: daddr:16783984
[  183.459310] AAAAA-TCP_FORW: name:enp0s3: saddr:100932208: daddr:16783984
[  183.570774] AAAAA-TCP_FORW: name:enp0s3: saddr:100932208: daddr:16783984
[  183.653845] AAAAA-TCP_FORW: name:enp0s3: saddr:100932208: daddr:16783984
[  183.748111] AAAAA-TCP_FORW: name:enp0s3: saddr:100932208: daddr:16783984
[  183.854784] AAAAA-TCP_FORW: name:enp0s3: saddr:100932208: daddr:16783984
[  183.959170] AAAAA-TCP_FORW: name:enp0s3: saddr:100932208: daddr:16783984
[  184.037126] AAAAA-TCP_FORW: name:enp0s3: saddr:100932208: daddr:16783984
[  184.166155] AAAAA-TCP_FORW: name:enp0s3: saddr:100932208: daddr:16783984
[  184.241813] AAAAA-TCP_FORW: name:enp0s3: saddr:100932208: daddr:16783984
[  184.318339] AAAAA-TCP_FORW: name:enp0s3: saddr:100932208: daddr:16783984
[  184.399110] AAAAA-TCP_FORW: name:enp0s3: saddr:100932208: daddr:16783984
[  184.512035] AAAAA-TCP_FORW: name:enp0s3: saddr:100932208: daddr:16783984
[  184.667277] AAAAA-TCP_FORW: name:enp0s3: saddr:100932208: daddr:16783984
[  184.744270] AAAAA-TCP_FORW: name:enp0s3: saddr:100932208: daddr:16783984
[  184.806619] AAAAA-TCP_FORW: name:enp0s3: saddr:100932208: daddr:16783984
[  184.955710] AAAAA-TCP_FORW: name:enp0s3: saddr:100932208: daddr:16783984
[  185.102119] AAAAA-TCP_FORW: name:enp0s3: saddr:100932208: daddr:33561200
[  185.193875] AAAAA-TCP_FORW: name:enp0s3: saddr:100932208: daddr:33561200
[  185.260867] AAAAA-TCP_FORW: name:enp0s3: saddr:100932208: daddr:33561200
[  185.394281] AAAAA-TCP_FORW: name:enp0s3: saddr:100932208: daddr:16783984
[  185.472570] AAAAA-TCP_FORW: name:enp0s3: saddr:100932208: daddr:33561200
[  185.608845] AAAAA-TCP_FORW: name:enp0s3: saddr:100932208: daddr:33561200
[  185.706550] AAAAA-TCP_FORW: name:enp0s3: saddr:100932208: daddr:33561200
[  185.804693] AAAAA-TCP_FORW: name:enp0s3: saddr:100932208: daddr:33561200
[  185.867526] AAAAA-TCP_FORW: name:enp0s3: saddr:100932208: daddr:16783984
[  185.938877] AAAAA-TCP_FORW: name:enp0s3: saddr:100932208: daddr:33561200
[  186.012928] AAAAA-TCP_FORW: name:enp0s3: saddr:100932208: daddr:33561200
[  186.052775] AAAAA-TCP_FORW: name:enp0s3: saddr:100932208: daddr:33561200
[  186.117030] AAAAA-TCP_FORW: name:enp0s3: saddr:100932208: daddr:33561200
[  186.166949] AAAAA-TCP_FORW: name:enp0s3: saddr:100932208: daddr:33561200
[  186.327224] AAAAA-TCP_FORW: name:enp0s3: saddr:100932208: daddr:33561200
[  186.383444] AAAAA-TCP_FORW: name:enp0s3: saddr:100932208: daddr:33561200
[  186.621112] AAAAA-TCP_FORW: name:enp0s3: saddr:100932208: daddr:33561200
[  186.715727] AAAAA-TCP_FORW: name:enp0s3: saddr:100932208: daddr:33561200
[  186.816847] AAAAA-TCP_FORW: name:enp0s3: saddr:100932208: daddr:33561200
[  186.911319] AAAAA-TCP_FORW: name:enp0s3: saddr:100932208: daddr:33561200
[  187.031103] AAAAA-TCP_FORW: name:enp0s3: saddr:100932208: daddr:33561200
[  187.397006] AAAAA-TCP_FORW: name:enp0s3: saddr:100932208: daddr:33561200
[  187.454422] AAAAA-TCP_FORW: name:enp0s3: saddr:100932208: daddr:33561200
[  187.563692] AAAAA-TCP_FORW: name:enp0s3: saddr:100932208: daddr:16783984
[  187.652655] AAAAA-TCP_FORW: name:enp0s3: saddr:100932208: daddr:16783984
[  187.759892] AAAAA-TCP_FORW: name:enp0s3: saddr:100932208: daddr:16783984
[  187.855253] AAAAA-TCP_FORW: name:enp0s3: saddr:100932208: daddr:16783984
[  187.958246] AAAAA-TCP_FORW: name:enp0s3: saddr:100932208: daddr:16783984
[  188.042646] AAAAA-TCP_FORW: name:enp0s3: saddr:100932208: daddr:16783984
[  188.210635] AAAAA-TCP_FORW: name:enp0s3: saddr:100932208: daddr:16783984
[  188.280243] AAAAA-TCP_FORW: name:enp0s3: saddr:33561200: daddr:100932208
[  188.287089] AAAAA-TCP_FORW: name:enp0s3: saddr:100932208: daddr:16783984
[  188.344068] AAAAA-TCP_FORW: name:enp0s3: saddr:100932208: daddr:16783984
[  188.568515] AAAAA-TCP_FORW: name:enp0s3: saddr:100932208: daddr:16783984
[  188.592927] AAAAA-TCP_FORW: name:enp0s3: saddr:33561200: daddr:100932208
[  188.605069] AAAAA-TCP_FORW: name:enp0s3: saddr:100932208: daddr:16783984
[  188.712459] AAAAA-TCP_FORW: name:enp0s3: saddr:100932208: daddr:16783984
[  188.769479] AAAAA-TCP_FORW: name:enp0s3: saddr:33561200: daddr:100932208
[  188.786405] AAAAA-TCP_FORW: name:enp0s3: saddr:100932208: daddr:16783984
[  188.813648] AAAAA-TCP_FORW: name:enp0s3: saddr:100932208: daddr:16783984
[  188.860540] AAAAA-TCP_FORW: name:enp0s3: saddr:100932208: daddr:16783984
[  188.994522] AAAAA-TCP_FORW: name:enp0s3: saddr:100932208: daddr:16783984
[  189.020880] AAAAA-TCP_FORW: name:enp0s3: saddr:33561200: daddr:100932208
[  189.047979] AAAAA-TCP_FORW: name:enp0s3: saddr:100932208: daddr:16783984
[  189.114851] AAAAA-TCP_FORW: name:enp0s3: saddr:100932208: daddr:16783984
[  189.201852] AAAAA-TCP_FORW: name:enp0s3: saddr:100932208: daddr:16783984
[  189.217445] AAAAA-TCP_FORW: name:enp0s3: saddr:16783984: daddr:100932208
[  189.258095] AAAAA-TCP_FORW: name:enp0s3: saddr:100932208: daddr:16783984
[  189.294175] AAAAA-TCP_FORW: name:enp0s3: saddr:33561200: daddr:100932208
[  189.309594] AAAAA-TCP_FORW: name:enp0s3: saddr:100932208: daddr:16783984
[  189.424596] AAAAA-TCP_FORW: name:enp0s3: saddr:100932208: daddr:16783984
[  189.519015] AAAAA-TCP_FORW: name:enp0s3: saddr:100932208: daddr:16783984
[  189.586728] AAAAA-TCP_FORW: name:enp0s3: saddr:33561200: daddr:100932208
[  189.843211] AAAAA-TCP_FORW: name:enp0s3: saddr:33561200: daddr:100932208
[  189.860877] AAAAA-TCP_FORW: name:enp0s3: saddr:33561200: daddr:100932208
[  189.963703] AAAAA-TCP_FORW: name:enp0s3: saddr:33561200: daddr:100932208
[  189.989643] AAAAA-TCP_FORW: name:enp0s3: saddr:33561200: daddr:100932208
[  190.085302] AAAAA-TCP_FORW: name:enp0s3: saddr:33561200: daddr:100932208
[  190.155901] AAAAA-TCP_FORW: name:enp0s3: saddr:33561200: daddr:100932208
[  190.235650] AAAAA-TCP_FORW: name:enp0s3: saddr:33561200: daddr:100932208
[  190.248037] AAAAA-TCP_FORW: name:enp0s3: saddr:100932208: daddr:16783984
[  190.271433] AAAAA-TCP_FORW: name:enp0s3: saddr:16783984: daddr:100932208
[  190.410166] AAAAA-TCP_FORW: name:enp0s3: saddr:33561200: daddr:100932208
[  190.589142] AAAAA-TCP_FORW: name:enp0s3: saddr:33561200: daddr:100932208
[  190.657611] AAAAA-TCP_FORW: name:enp0s3: saddr:33561200: daddr:100932208
[  190.770053] AAAAA-TCP_FORW: name:enp0s3: saddr:33561200: daddr:100932208
[  190.880884] AAAAA-TCP_FORW: name:enp0s3: saddr:100932208: daddr:33561200
[  190.904937] AAAAA-TCP_FORW: name:enp0s3: saddr:33561200: daddr:100932208
[  190.936735] AAAAA-TCP_FORW: name:enp0s3: saddr:33561200: daddr:100932208
[  191.066907] AAAAA-TCP_FORW: name:enp0s3: saddr:100932208: daddr:16783984
[  191.098430] AAAAA-TCP_FORW: name:enp0s3: saddr:33561200: daddr:100932208
[  191.125636] AAAAA-TCP_FORW: name:enp0s3: saddr:100932208: daddr:16783984
[  191.162929] AAAAA-TCP_FORW: name:enp0s3: saddr:100932208: daddr:16783984
[  191.223641] AAAAA-TCP_FORW: name:enp0s3: saddr:33561200: daddr:100932208
[  191.267629] AAAAA-TCP_FORW: name:enp0s3: saddr:100932208: daddr:33561200
[  191.383422] AAAAA-TCP_FORW: name:enp0s3: saddr:100932208: daddr:16783984
[  191.405911] AAAAA-TCP_FORW: name:enp0s3: saddr:16783984: daddr:100932208
[  191.475278] AAAAA-TCP_FORW: name:enp0s3: saddr:100932208: daddr:16783984
[  191.565051] AAAAA-TCP_FORW: name:enp0s3: saddr:100932208: daddr:16783984
[  191.578317] AAAAA-TCP_FORW: name:enp0s3: saddr:16783984: daddr:100932208
[  191.661773] AAAAA-TCP_FORW: name:enp0s3: saddr:100932208: daddr:16783984
[  191.729295] AAAAA-TCP_FORW: name:enp0s3: saddr:100932208: daddr:16783984
[  191.743124] AAAAA-TCP_FORW: name:enp0s3: saddr:16783984: daddr:100932208
[  191.779498] AAAAA-TCP_FORW: name:enp0s3: saddr:100932208: daddr:16783984
[  191.854456] AAAAA-TCP_FORW: name:enp0s3: saddr:100932208: daddr:16783984
[  191.957821] AAAAA-TCP_FORW: name:enp0s3: saddr:100932208: daddr:16783984
[  192.014609] AAAAA-TCP_FORW: name:enp0s3: saddr:100932208: daddr:16783984
[  192.033275] AAAAA-TCP_FORW: name:enp0s3: saddr:16783984: daddr:100932208
[  192.083161] AAAAA-TCP_FORW: name:enp0s3: saddr:16783984: daddr:100932208
[  192.092221] AAAAA-TCP_FORW: name:enp0s3: saddr:100932208: daddr:16783984
[  192.141894] AAAAA-TCP_FORW: name:enp0s3: saddr:100932208: daddr:16783984
[  192.163004] AAAAA-TCP_FORW: name:enp0s3: saddr:100932208: daddr:16783984
[  192.237481] AAAAA-TCP_FORW: name:enp0s3: saddr:100932208: daddr:16783984
[  192.271293] AAAAA-TCP_FORW: name:enp0s3: saddr:100932208: daddr:16783984
[  192.412685] AAAAA-TCP_FORW: name:enp0s3: saddr:100932208: daddr:16783984
[  192.502436] AAAAA-TCP_FORW: name:enp0s3: saddr:100932208: daddr:16783984
[  192.537061] AAAAA-TCP_FORW: name:enp0s3: saddr:100932208: daddr:16783984
[  192.692390] AAAAA-TCP_FORW: name:enp0s3: saddr:100932208: daddr:16783984
[  192.807985] AAAAA-TCP_FORW: name:enp0s3: saddr:100932208: daddr:33561200
[  192.963549] AAAAA-TCP_FORW: name:enp0s3: saddr:100932208: daddr:33561200
[  193.028110] AAAAA-TCP_FORW: name:enp0s3: saddr:100932208: daddr:16783984
[  193.170400] AAAAA-TCP_FORW: name:enp0s3: saddr:100932208: daddr:16783984
[  193.266794] AAAAA-TCP_FORW: name:enp0s3: saddr:100932208: daddr:33561200
[  193.347692] AAAAA-TCP_FORW: name:enp0s3: saddr:100932208: daddr:16783984
[  193.439963] AAAAA-TCP_FORW: name:enp0s3: saddr:100932208: daddr:16783984
[  193.506234] AAAAA-TCP_FORW: name:enp0s3: saddr:100932208: daddr:16783984
[  193.614576] AAAAA-TCP_FORW: name:enp0s3: saddr:100932208: daddr:33561200
[  193.715340] AAAAA-TCP_FORW: name:enp0s3: saddr:100932208: daddr:16783984
[  193.826199] AAAAA-TCP_FORW: name:enp0s3: saddr:100932208: daddr:16783984
[  193.874502] AAAAA-TCP_FORW: name:enp0s3: saddr:100932208: daddr:16783984
[  193.911113] AAAAA-TCP_FORW: name:enp0s3: saddr:100932208: daddr:33561200
[  193.986996] AAAAA-TCP_FORW: name:enp0s3: saddr:100932208: daddr:33561200
[  194.051921] AAAAA-TCP_FORW: name:enp0s3: saddr:100932208: daddr:16783984
[  194.131095] AAAAA-TCP_FORW: name:enp0s3: saddr:100932208: daddr:33561200
[  194.172565] AAAAA-TCP_FORW: name:enp0s3: saddr:100932208: daddr:16783984
[  194.319931] AAAAA-TCP_FORW: name:enp0s3: saddr:100932208: daddr:16783984
[  194.386641] AAAAA-TCP_FORW: name:enp0s3: saddr:100932208: daddr:33561200
[  194.441721] AAAAA-TCP_FORW: name:enp0s3: saddr:100932208: daddr:16783984
[  194.495880] AAAAA-TCP_FORW: name:enp0s3: saddr:100932208: daddr:16783984
[  194.512892] AAAAA-TCP_FORW: name:enp0s3: saddr:100932208: daddr:16783984
[  194.600553] AAAAA-TCP_FORW: name:enp0s3: saddr:100932208: daddr:33561200
[  194.679520] AAAAA-TCP_FORW: name:enp0s3: saddr:100932208: daddr:33561200
[  194.731164] AAAAA-TCP_FORW: name:enp0s3: saddr:100932208: daddr:16783984
[  194.777559] AAAAA-TCP_FORW: name:enp0s3: saddr:100932208: daddr:33561200
[  194.807088] AAAAA-TCP_FORW: name:enp0s3: saddr:100932208: daddr:33561200
[  194.881340] AAAAA-TCP_FORW: name:enp0s3: saddr:100932208: daddr:33561200
[  194.978318] AAAAA-TCP_FORW: name:enp0s3: saddr:100932208: daddr:16783984
[  195.056142] AAAAA-TCP_FORW: name:enp0s3: saddr:100932208: daddr:16783984
[  195.154962] AAAAA-TCP_FORW: name:enp0s3: saddr:100932208: daddr:33561200
[  195.284817] AAAAA-TCP_FORW: name:enp0s3: saddr:100932208: daddr:16783984
[  195.352975] AAAAA-TCP_FORW: name:enp0s3: saddr:100932208: daddr:33561200
[  195.483667] AAAAA-TCP_FORW: name:enp0s3: saddr:100932208: daddr:33561200
[  195.545622] AAAAA-TCP_FORW: name:enp0s3: saddr:100932208: daddr:16783984
[  195.622940] AAAAA-TCP_FORW: name:enp0s3: saddr:100932208: daddr:16783984
[  195.706114] AAAAA-TCP_FORW: name:enp0s3: saddr:100932208: daddr:33561200
[  195.827392] AAAAA-TCP_FORW: name:enp0s3: saddr:100932208: daddr:33561200
[  195.919885] AAAAA-TCP_FORW: name:enp0s3: saddr:100932208: daddr:33561200
[  196.070938] AAAAA-TCP_FORW: name:enp0s3: saddr:100932208: daddr:33561200
[  196.148902] AAAAA-TCP_FORW: name:enp0s3: saddr:100932208: daddr:33561200
[  196.226163] AAAAA-TCP_FORW: name:enp0s3: saddr:100932208: daddr:33561200
[  196.315242] AAAAA-TCP_FORW: name:enp0s3: saddr:100932208: daddr:33561200
[  196.393514] AAAAA-TCP_FORW: name:enp0s3: saddr:100932208: daddr:16783984
[  196.452232] AAAAA-TCP_FORW: name:enp0s3: saddr:100932208: daddr:33561200
[  196.590366] AAAAA-TCP_FORW: name:enp0s3: saddr:100932208: daddr:16783984
[  196.698286] AAAAA-TCP_FORW: name:enp0s3: saddr:100932208: daddr:16783984
[  196.767148] AAAAA-TCP_FORW: name:enp0s3: saddr:100932208: daddr:16783984
[  196.879876] AAAAA-TCP_FORW: name:enp0s3: saddr:100932208: daddr:33561200
[  196.935909] AAAAA-TCP_FORW: name:enp0s3: saddr:100932208: daddr:33561200
[  197.031808] AAAAA-TCP_FORW: name:enp0s3: saddr:100932208: daddr:16783984
[  197.129145] AAAAA-TCP_FORW: name:enp0s3: saddr:100932208: daddr:16783984
[  197.279785] AAAAA-TCP_FORW: name:enp0s3: saddr:100932208: daddr:16783984
[  197.395432] AAAAA-TCP_FORW: name:enp0s3: saddr:100932208: daddr:16783984
[  197.456417] AAAAA-TCP_FORW: name:enp0s3: saddr:100932208: daddr:16783984
[  197.539813] AAAAA-TCP_FORW: name:enp0s3: saddr:100932208: daddr:16783984
[  197.638109] AAAAA-TCP_FORW: name:enp0s3: saddr:100932208: daddr:16783984
[  197.703544] AAAAA-TCP_FORW: name:enp0s3: saddr:100932208: daddr:16783984
[  197.791553] AAAAA-TCP_FORW: name:enp0s3: saddr:100932208: daddr:16783984
[  197.916716] AAAAA-TCP_FORW: name:enp0s3: saddr:100932208: daddr:16783984
[  197.978311] AAAAA-TCP_FORW: name:enp0s3: saddr:100932208: daddr:16783984
[  198.177493] AAAAA-TCP_FORW: name:enp0s3: saddr:100932208: daddr:16783984
[  198.275830] AAAAA-TCP_FORW: name:enp0s3: saddr:100932208: daddr:16783984
[  198.360542] AAAAA-TCP_FORW: name:enp0s3: saddr:100932208: daddr:16783984
[  198.436669] AAAAA-TCP_FORW: name:enp0s3: saddr:100932208: daddr:16783984
[  198.509879] AAAAA-TCP_FORW: name:enp0s3: saddr:100932208: daddr:16783984
[  198.611803] AAAAA-TCP_FORW: name:enp0s3: saddr:100932208: daddr:16783984
[  198.702386] AAAAA-TCP_FORW: name:enp0s3: saddr:100932208: daddr:16783984
[  198.771020] AAAAA-TCP_FORW: name:enp0s3: saddr:100932208: daddr:16783984
[  198.856180] AAAAA-TCP_FORW: name:enp0s3: saddr:100932208: daddr:16783984
[  198.970988] AAAAA-TCP_FORW: name:enp0s3: saddr:100932208: daddr:16783984
[  199.073679] AAAAA-TCP_FORW: name:enp0s3: saddr:100932208: daddr:16783984
[  199.312523] AAAAA-TCP_FORW: name:enp0s3: saddr:100932208: daddr:33561200
[  199.397293] AAAAA-TCP_FORW: name:enp0s3: saddr:100932208: daddr:16783984
[  199.447216] AAAAA-TCP_FORW: name:enp0s3: saddr:100932208: daddr:33561200
[  199.524266] AAAAA-TCP_FORW: name:enp0s3: saddr:100932208: daddr:33561200
[  199.568191] AAAAA-TCP_FORW: name:enp0s3: saddr:100932208: daddr:33561200
[  199.669918] AAAAA-TCP_FORW: name:enp0s3: saddr:100932208: daddr:16783984
[  199.715750] AAAAA-TCP_FORW: name:enp0s3: saddr:100932208: daddr:16783984
[  199.790830] AAAAA-TCP_FORW: name:enp0s3: saddr:100932208: daddr:33561200
[  199.875023] AAAAA-TCP_FORW: name:enp0s3: saddr:100932208: daddr:33561200
[  200.091221] AAAAA-TCP_FORW: name:enp0s3: saddr:100932208: daddr:16783984
[  200.176187] AAAAA-TCP_FORW: name:enp0s3: saddr:100932208: daddr:16783984
[  200.234363] AAAAA-TCP_FORW: name:enp0s3: saddr:100932208: daddr:16783984
[  200.297777] AAAAA-TCP_FORW: name:enp0s3: saddr:100932208: daddr:33561200
[  200.414180] AAAAA-TCP_FORW: name:enp0s3: saddr:100932208: daddr:33561200
[  200.460372] AAAAA-TCP_FORW: name:enp0s3: saddr:100932208: daddr:33561200
[  200.551111] AAAAA-TCP_FORW: name:enp0s3: saddr:100932208: daddr:33561200
[  200.590193] AAAAA-TCP_FORW: name:enp0s3: saddr:100932208: daddr:16783984
[  200.665226] AAAAA-TCP_FORW: name:enp0s3: saddr:100932208: daddr:16783984
[  200.725988] AAAAA-TCP_FORW: name:enp0s3: saddr:100932208: daddr:16783984
[  200.769372] AAAAA-TCP_FORW: name:enp0s3: saddr:100932208: daddr:16783984
[  200.837044] AAAAA-TCP_FORW: name:enp0s3: saddr:100932208: daddr:33561200
[  200.932556] AAAAA-TCP_FORW: name:enp0s3: saddr:100932208: daddr:33561200
[  200.981699] AAAAA-TCP_FORW: name:enp0s3: saddr:100932208: daddr:33561200
[  201.141795] AAAAA-TCP_FORW: name:enp0s3: saddr:100932208: daddr:33561200
[  201.209200] AAAAA-TCP_FORW: name:enp0s3: saddr:100932208: daddr:33561200
[  201.256754] AAAAA-TCP_FORW: name:enp0s3: saddr:100932208: daddr:33561200
[  201.309491] AAAAA-TCP_FORW: name:enp0s3: saddr:100932208: daddr:16783984
[  201.908156] AAAAA-TCP_FORW: name:enp0s3: saddr:100932208: daddr:33561200
[  202.102891] AAAAA-TCP_FORW: name:enp0s3: saddr:100932208: daddr:33561200
[  202.140649] AAAAA-TCP_FORW: name:enp0s3: saddr:100932208: daddr:33561200
[  202.203855] AAAAA-TCP_FORW: name:enp0s3: saddr:100932208: daddr:16783984
[  202.273738] AAAAA-TCP_FORW: name:enp0s3: saddr:100932208: daddr:16783984
[  202.350748] AAAAA-TCP_FORW: name:enp0s3: saddr:100932208: daddr:33561200
[  202.570240] AAAAA-TCP_FORW: name:enp0s3: saddr:100932208: daddr:33561200
[  202.617834] AAAAA-TCP_FORW: name:enp0s3: saddr:100932208: daddr:33561200
[  202.693158] AAAAA-TCP_FORW: name:enp0s3: saddr:100932208: daddr:33561200
[  202.720301] AAAAA-TCP_FORW: name:enp0s3: saddr:100932208: daddr:16783984
[  202.840358] AAAAA-TCP_FORW: name:enp0s3: saddr:100932208: daddr:16783984
[  203.015853] AAAAA-TCP_FORW: name:enp0s3: saddr:100932208: daddr:16783984
[  203.091059] AAAAA-TCP_FORW: name:enp0s3: saddr:100932208: daddr:33561200
[  203.316794] AAAAA-TCP_FORW: name:enp0s3: saddr:100932208: daddr:16783984
[  203.549687] AAAAA-TCP_FORW: name:enp0s3: saddr:100932208: daddr:16783984
[  203.572934] AAAAA-TCP_FORW: name:enp0s3: saddr:100932208: daddr:16783984
[  203.816518] AAAAA-TCP_FORW: name:enp0s3: saddr:100932208: daddr:16783984
[  203.841255] AAAAA-TCP_FORW: name:enp0s3: saddr:100932208: daddr:16783984
[  204.473970] AAAAA-TCP_FORW: name:enp0s3: saddr:100932208: daddr:16783984
[  204.771259] AAAAA-TCP_FORW: name:enp0s3: saddr:100932208: daddr:16783984
[  204.941018] AAAAA-TCP_FORW: name:enp0s3: saddr:100932208: daddr:16783984
[  205.233459] AAAAA-TCP_FORW: name:enp0s3: saddr:100932208: daddr:16783984
[  205.485626] AAAAA-TCP_FORW: name:enp0s3: saddr:100932208: daddr:16783984
[  205.567184] AAAAA-TCP_FORW: name:enp0s3: saddr:100932208: daddr:16783984
[  205.774230] AAAAA-TCP_FORW: name:enp0s3: saddr:100932208: daddr:16783984
[  207.007734] AAAAA-TCP_FORW: name:enp0s3: saddr:100932208: daddr:33561200
[  207.927810] AAAAA-TCP_FORW: name:enp0s3: saddr:100932208: daddr:16783984
[  208.007564] AAAAA-TCP_FORW: name:enp0s3: saddr:100932208: daddr:16783984
[  208.160806] AAAAA-TCP_FORW: name:enp0s3: saddr:100932208: daddr:33561200
[  208.444005] AAAAA-TCP_FORW: name:enp0s3: saddr:100932208: daddr:33561200
[  208.510450] AAAAA-TCP_FORW: name:enp0s3: saddr:100932208: daddr:16783984
[  208.631757] AAAAA-TCP_FORW: name:enp0s3: saddr:100932208: daddr:33561200
[  208.753782] AAAAA-TCP_FORW: name:enp0s3: saddr:100932208: daddr:33561200
[  208.863230] AAAAA-TCP_FORW: name:enp0s3: saddr:100932208: daddr:33561200
[  208.937975] AAAAA-TCP_FORW: name:enp0s3: saddr:100932208: daddr:33561200
[  209.035561] AAAAA-TCP_FORW: name:enp0s3: saddr:100932208: daddr:33561200
[  209.149692] AAAAA-TCP_FORW: name:enp0s3: saddr:100932208: daddr:33561200
[  209.316699] AAAAA-TCP_FORW: name:enp0s3: saddr:100932208: daddr:33561200
[  209.334722] AAAAA-TCP_FORW: name:enp0s3: saddr:100932208: daddr:33561200
[  209.457519] AAAAA-TCP_FORW: name:enp0s3: saddr:100932208: daddr:33561200
[  209.547094] AAAAA-TCP_FORW: name:enp0s3: saddr:100932208: daddr:33561200
[  209.622862] AAAAA-TCP_FORW: name:enp0s3: saddr:100932208: daddr:33561200
[  209.678221] AAAAA-TCP_FORW: name:enp0s3: saddr:16783984: daddr:100932208
[  209.753924] AAAAA-TCP_FORW: name:enp0s3: saddr:16783984: daddr:100932208
[  209.780255] AAAAA-TCP_FORW: name:enp0s3: saddr:16783984: daddr:100932208
[  209.786503] AAAAA-TCP_FORW: name:enp0s3: saddr:100932208: daddr:33561200
[  209.865560] AAAAA-TCP_FORW: name:enp0s3: saddr:100932208: daddr:33561200
[  209.892995] AAAAA-TCP_FORW: name:enp0s3: saddr:16783984: daddr:100932208
[  210.006845] AAAAA-TCP_FORW: name:enp0s3: saddr:100932208: daddr:33561200
[  210.073038] AAAAA-TCP_FORW: name:enp0s3: saddr:33561200: daddr:100932208
[  210.271589] AAAAA-TCP_FORW: name:enp0s3: saddr:100932208: daddr:16783984
[  210.398801] AAAAA-TCP_FORW: name:enp0s3: saddr:16783984: daddr:100932208
[  210.417159] AAAAA-TCP_FORW: name:enp0s3: saddr:100932208: daddr:16783984
[  210.520309] AAAAA-TCP_FORW: name:enp0s3: saddr:100932208: daddr:16783984
[  210.555790] AAAAA-TCP_FORW: name:enp0s3: saddr:16783984: daddr:100932208
[  210.864681] AAAAA-TCP_FORW: name:enp0s3: saddr:100932208: daddr:33561200
[  210.936135] AAAAA-TCP_FORW: name:enp0s3: saddr:100932208: daddr:16783984
[  211.189256] AAAAA-TCP_FORW: name:enp0s3: saddr:100932208: daddr:16783984
[  211.248964] AAAAA-TCP_FORW: name:enp0s3: saddr:100932208: daddr:16783984
[  211.361001] AAAAA-TCP_FORW: name:enp0s3: saddr:100932208: daddr:16783984
[  211.505353] AAAAA-TCP_FORW: name:enp0s3: saddr:100932208: daddr:33561200
[  211.606807] AAAAA-TCP_FORW: name:enp0s3: saddr:100932208: daddr:33561200
[  211.669593] AAAAA-TCP_FORW: name:enp0s3: saddr:100932208: daddr:33561200
[  211.747550] AAAAA-TCP_FORW: name:enp0s3: saddr:100932208: daddr:33561200
[  211.824956] AAAAA-TCP_FORW: name:enp0s3: saddr:100932208: daddr:33561200
[  211.929268] AAAAA-TCP_FORW: name:enp0s3: saddr:100932208: daddr:16783984
[  212.627098] AAAAA-TCP_FORW: name:enp0s3: saddr:100932208: daddr:33561200
[  222.936706] AAAAA-TCP_FORW: name:enp0s3: saddr:100932208: daddr:33561200
[  223.001378] AAAAA-TCP_FORW: name:enp0s3: saddr:100932208: daddr:33561200
[  223.060625] AAAAA-TCP_FORW: name:enp0s3: saddr:100932208: daddr:33561200
[  223.118595] AAAAA-TCP_FORW: name:enp0s3: saddr:100932208: daddr:33561200
[  223.156059] AAAAA-TCP_FORW: name:enp0s3: saddr:100932208: daddr:33561200
[  223.225005] AAAAA-TCP_FORW: name:enp0s3: saddr:100932208: daddr:33561200
[  223.274789] AAAAA-TCP_FORW: name:enp0s3: saddr:100932208: daddr:33561200
[  223.359638] AAAAA-TCP_FORW: name:enp0s3: saddr:100932208: daddr:33561200
[  223.426789] AAAAA-TCP_FORW: name:enp0s3: saddr:100932208: daddr:33561200
[  223.459717] AAAAA-TCP_FORW: name:enp0s3: saddr:100932208: daddr:33561200
[  223.512310] AAAAA-TCP_FORW: name:enp0s3: saddr:100932208: daddr:33561200
[  223.559133] AAAAA-TCP_FORW: name:enp0s3: saddr:100932208: daddr:33561200
[  223.630050] AAAAA-TCP_FORW: name:enp0s3: saddr:100932208: daddr:33561200
[  223.684623] AAAAA-TCP_FORW: name:enp0s3: saddr:100932208: daddr:33561200
[  223.744731] AAAAA-TCP_FORW: name:enp0s3: saddr:100932208: daddr:33561200
[  223.789842] AAAAA-TCP_FORW: name:enp0s3: saddr:100932208: daddr:33561200
[  223.843423] AAAAA-TCP_FORW: name:enp0s3: saddr:100932208: daddr:33561200
[  223.888534] AAAAA-TCP_FORW: name:enp0s3: saddr:100932208: daddr:33561200
[  223.918255] AAAAA-TCP_FORW: name:enp0s3: saddr:100932208: daddr:33561200
[  223.965855] AAAAA-TCP_FORW: name:enp0s3: saddr:100932208: daddr:33561200
[  224.003538] AAAAA-TCP_FORW: name:enp0s3: saddr:100932208: daddr:33561200
[  224.066467] AAAAA-TCP_FORW: name:enp0s3: saddr:100932208: daddr:33561200
[  224.150104] AAAAA-TCP_FORW: name:enp0s3: saddr:100932208: daddr:33561200
[  224.192125] AAAAA-TCP_FORW: name:enp0s3: saddr:100932208: daddr:33561200
[  224.234490] AAAAA-TCP_FORW: name:enp0s3: saddr:100932208: daddr:33561200
[  224.301215] AAAAA-TCP_FORW: name:enp0s3: saddr:100932208: daddr:33561200
[  224.377549] AAAAA-TCP_FORW: name:enp0s3: saddr:100932208: daddr:33561200
[  224.425675] AAAAA-TCP_FORW: name:enp0s3: saddr:100932208: daddr:33561200
[  224.483645] AAAAA-TCP_FORW: name:enp0s3: saddr:100932208: daddr:16783984
[  224.557404] AAAAA-TCP_FORW: name:enp0s3: saddr:100932208: daddr:16783984
[  224.592287] AAAAA-TCP_FORW: name:enp0s3: saddr:100932208: daddr:16783984
[  224.634226] AAAAA-TCP_FORW: name:enp0s3: saddr:100932208: daddr:16783984
[  224.689215] AAAAA-TCP_FORW: name:enp0s3: saddr:100932208: daddr:16783984
[  224.730264] AAAAA-TCP_FORW: name:enp0s3: saddr:100932208: daddr:16783984
[  224.807936] AAAAA-TCP_FORW: name:enp0s3: saddr:100932208: daddr:16783984
[  224.876424] AAAAA-TCP_FORW: name:enp0s3: saddr:100932208: daddr:16783984
[  224.919971] AAAAA-TCP_FORW: name:enp0s3: saddr:100932208: daddr:16783984
[  224.981340] AAAAA-TCP_FORW: name:enp0s3: saddr:100932208: daddr:16783984
[  225.038745] AAAAA-TCP_FORW: name:enp0s3: saddr:100932208: daddr:16783984
[  225.091105] AAAAA-TCP_FORW: name:enp0s3: saddr:100932208: daddr:16783984
[  225.172563] AAAAA-TCP_FORW: name:enp0s3: saddr:100932208: daddr:16783984
[  225.259170] AAAAA-TCP_FORW: name:enp0s3: saddr:100932208: daddr:33561200
[  225.260995] AAAAA-TCP_FORW: name:enp0s3: saddr:100932208: daddr:33561200
[  225.315420] AAAAA-TCP_FORW: name:enp0s3: saddr:100932208: daddr:33561200
[  225.411167] AAAAA-TCP_FORW: name:enp0s3: saddr:100932208: daddr:33561200
[  225.496421] AAAAA-TCP_FORW: name:enp0s3: saddr:100932208: daddr:33561200
[  225.577003] AAAAA-TCP_FORW: name:enp0s3: saddr:100932208: daddr:33561200
[  225.659143] AAAAA-TCP_FORW: name:enp0s3: saddr:100932208: daddr:33561200
[  225.920357] AAAAA-TCP_FORW: name:enp0s3: saddr:100932208: daddr:33561200
[  226.012801] AAAAA-TCP_FORW: name:enp0s3: saddr:100932208: daddr:33561200
[  226.134957] AAAAA-TCP_FORW: name:enp0s3: saddr:100932208: daddr:33561200
[  226.215714] AAAAA-TCP_FORW: name:enp0s3: saddr:100932208: daddr:33561200
[  226.311201] AAAAA-TCP_FORW: name:enp0s3: saddr:100932208: daddr:33561200
[  226.419629] AAAAA-TCP_FORW: name:enp0s3: saddr:100932208: daddr:33561200
[  226.487834] AAAAA-TCP_FORW: name:enp0s3: saddr:100932208: daddr:33561200
[  226.537816] AAAAA-TCP_FORW: name:enp0s3: saddr:100932208: daddr:33561200
[  226.601532] AAAAA-TCP_FORW: name:enp0s3: saddr:100932208: daddr:33561200
[  226.630854] AAAAA-TCP_FORW: name:enp0s3: saddr:100932208: daddr:33561200
[  226.779881] AAAAA-TCP_FORW: name:enp0s3: saddr:100932208: daddr:33561200
[  226.826022] AAAAA-TCP_FORW: name:enp0s3: saddr:100932208: daddr:33561200
[  227.058645] AAAAA-TCP_FORW: name:enp0s3: saddr:100932208: daddr:33561200
[  227.095959] AAAAA-TCP_FORW: name:enp0s3: saddr:100932208: daddr:33561200
[  227.156590] AAAAA-TCP_FORW: name:enp0s3: saddr:100932208: daddr:33561200
[  227.240866] AAAAA-TCP_FORW: name:enp0s3: saddr:100932208: daddr:33561200
[  227.424953] AAAAA-TCP_FORW: name:enp0s3: saddr:100932208: daddr:33561200
[  227.492631] AAAAA-TCP_FORW: name:enp0s3: saddr:100932208: daddr:33561200
[  227.621848] AAAAA-TCP_FORW: name:enp0s3: saddr:100932208: daddr:33561200
[  227.696659] AAAAA-TCP_FORW: name:enp0s3: saddr:100932208: daddr:33561200
[  227.723895] AAAAA-TCP_FORW: name:enp0s3: saddr:100932208: daddr:33561200
[  227.911181] AAAAA-TCP_FORW: name:enp0s3: saddr:100932208: daddr:33561200
[  227.981391] AAAAA-TCP_FORW: name:enp0s3: saddr:100932208: daddr:33561200
[  228.145207] AAAAA-TCP_FORW: name:enp0s3: saddr:100932208: daddr:33561200
[  228.372194] AAAAA-TCP_FORW: name:enp0s3: saddr:100932208: daddr:33561200
[  228.462516] AAAAA-TCP_FORW: name:enp0s3: saddr:100932208: daddr:33561200
[  228.528857] AAAAA-TCP_FORW: name:enp0s3: saddr:100932208: daddr:33561200
[  228.627710] AAAAA-TCP_FORW: name:enp0s3: saddr:100932208: daddr:33561200
[  228.675696] AAAAA-TCP_FORW: name:enp0s3: saddr:100932208: daddr:33561200
[  228.725528] AAAAA-TCP_FORW: name:enp0s3: saddr:100932208: daddr:33561200
[  228.785844] AAAAA-TCP_FORW: name:enp0s3: saddr:100932208: daddr:33561200
[  228.854476] AAAAA-TCP_FORW: name:enp0s3: saddr:100932208: daddr:33561200
[  228.974099] AAAAA-TCP_FORW: name:enp0s3: saddr:100932208: daddr:33561200
[  229.109623] AAAAA-TCP_FORW: name:enp0s3: saddr:100932208: daddr:33561200
[  229.227114] AAAAA-TCP_FORW: name:enp0s3: saddr:100932208: daddr:16783984
[  229.338411] AAAAA-TCP_FORW: name:enp0s3: saddr:100932208: daddr:16783984
[  229.481791] AAAAA-TCP_FORW: name:enp0s3: saddr:100932208: daddr:33561200
[  229.527156] AAAAA-TCP_FORW: name:enp0s3: saddr:100932208: daddr:33561200
[  229.620296] AAAAA-TCP_FORW: name:enp0s3: saddr:100932208: daddr:33561200
[  229.688280] AAAAA-TCP_FORW: name:enp0s3: saddr:100932208: daddr:16783984
[  229.744134] AAAAA-TCP_FORW: name:enp0s3: saddr:100932208: daddr:33561200
[  229.845621] AAAAA-TCP_FORW: name:enp0s3: saddr:100932208: daddr:33561200
[  229.939997] AAAAA-TCP_FORW: name:enp0s3: saddr:100932208: daddr:33561200
[  230.003577] AAAAA-TCP_FORW: name:enp0s3: saddr:100932208: daddr:33561200
[  230.082515] AAAAA-TCP_FORW: name:enp0s3: saddr:100932208: daddr:16783984
[  230.163980] AAAAA-TCP_FORW: name:enp0s3: saddr:100932208: daddr:33561200
[  230.211752] AAAAA-TCP_FORW: name:enp0s3: saddr:100932208: daddr:16783984
[  230.257855] AAAAA-TCP_FORW: name:enp0s3: saddr:100932208: daddr:16783984
[  230.345597] AAAAA-TCP_FORW: name:enp0s3: saddr:100932208: daddr:33561200
[  230.518916] AAAAA-TCP_FORW: name:enp0s3: saddr:100932208: daddr:33561200
[  230.584579] AAAAA-TCP_FORW: name:enp0s3: saddr:100932208: daddr:16783984
[  230.678661] AAAAA-TCP_FORW: name:enp0s3: saddr:100932208: daddr:16783984
[  230.747249] AAAAA-TCP_FORW: name:enp0s3: saddr:100932208: daddr:16783984
[  230.824381] AAAAA-TCP_FORW: name:enp0s3: saddr:100932208: daddr:33561200
[  230.873852] AAAAA-TCP_FORW: name:enp0s3: saddr:100932208: daddr:33561200
[  230.953389] AAAAA-TCP_FORW: name:enp0s3: saddr:100932208: daddr:16783984
[  231.052440] AAAAA-TCP_FORW: name:enp0s3: saddr:100932208: daddr:16783984
[  231.088552] AAAAA-TCP_FORW: name:enp0s3: saddr:100932208: daddr:33561200
[  231.204885] AAAAA-TCP_FORW: name:enp0s3: saddr:100932208: daddr:16783984
[  231.286261] AAAAA-TCP_FORW: name:enp0s3: saddr:100932208: daddr:16783984
[  231.354716] AAAAA-TCP_FORW: name:enp0s3: saddr:100932208: daddr:16783984
[  231.437941] AAAAA-TCP_FORW: name:enp0s3: saddr:100932208: daddr:16783984
[  231.459250] AAAAA-TCP_FORW: name:enp0s3: saddr:100932208: daddr:33561200
[  231.522123] AAAAA-TCP_FORW: name:enp0s3: saddr:100932208: daddr:33561200
[  233.218386] AAAAA-TCP_FORW: name:enp0s3: saddr:100932208: daddr:16783984
[  233.273348] AAAAA-TCP_FORW: name:enp0s3: saddr:100932208: daddr:16783984
[  233.828809] AAAAA-TCP_FORW: name:enp0s3: saddr:33561200: daddr:100932208
[  233.938507] AAAAA-TCP_FORW: name:enp0s3: saddr:33561200: daddr:100932208
[  234.237528] AAAAA-TCP_FORW: name:enp0s3: saddr:16783984: daddr:100932208
[  234.239883] AAAAA-TCP_FORW: name:enp0s3: saddr:33561200: daddr:100932208
[  234.282993] AAAAA-TCP_FORW: name:enp0s3: saddr:100932208: daddr:16783984
[  234.289655] AAAAA-TCP_FORW: name:enp0s3: saddr:16783984: daddr:100932208
[  234.367219] AAAAA-TCP_FORW: name:enp0s3: saddr:16783984: daddr:100932208
[  234.520060] AAAAA-TCP_FORW: name:enp0s3: saddr:33561200: daddr:100932208
[  234.717800] AAAAA-TCP_FORW: name:enp0s3: saddr:16783984: daddr:100932208
[  234.806584] AAAAA-TCP_FORW: name:enp0s3: saddr:100932208: daddr:33561200
[  234.822228] AAAAA-TCP_FORW: name:enp0s3: saddr:16783984: daddr:100932208
[  234.908255] AAAAA-TCP_FORW: name:enp0s3: saddr:16783984: daddr:100932208
[  235.052420] AAAAA-TCP_FORW: name:enp0s3: saddr:33561200: daddr:100932208
[  235.208695] AAAAA-TCP_FORW: name:enp0s3: saddr:100932208: daddr:16783984
[  235.214659] AAAAA-TCP_FORW: name:enp0s3: saddr:16783984: daddr:100932208
[  235.406062] AAAAA-TCP_FORW: name:enp0s3: saddr:16783984: daddr:100932208
[  235.460736] AAAAA-TCP_FORW: name:enp0s3: saddr:16783984: daddr:100932208
[  235.523188] AAAAA-TCP_FORW: name:enp0s3: saddr:16783984: daddr:100932208
[  235.623756] AAAAA-TCP_FORW: name:enp0s3: saddr:16783984: daddr:100932208
[  235.709315] AAAAA-TCP_FORW: name:enp0s3: saddr:33561200: daddr:100932208
[  235.728081] AAAAA-TCP_FORW: name:enp0s3: saddr:100932208: daddr:16783984
[  235.791225] AAAAA-TCP_FORW: name:enp0s3: saddr:16783984: daddr:100932208
[  235.836633] AAAAA-TCP_FORW: name:enp0s3: saddr:100932208: daddr:16783984
[  235.848234] AAAAA-TCP_FORW: name:enp0s3: saddr:16783984: daddr:100932208
[  235.920524] AAAAA-TCP_FORW: name:enp0s3: saddr:33561200: daddr:100932208
[  236.170787] AAAAA-TCP_FORW: name:enp0s3: saddr:16783984: daddr:100932208
[  236.226658] AAAAA-TCP_FORW: name:enp0s3: saddr:16783984: daddr:100932208
[  236.575286] AAAAA-TCP_FORW: name:enp0s3: saddr:100932208: daddr:16783984
[  236.787110] AAAAA-TCP_FORW: name:enp0s3: saddr:100932208: daddr:16783984
[  236.925389] AAAAA-TCP_FORW: name:enp0s3: saddr:100932208: daddr:16783984
[  237.444156] AAAAA-TCP_FORW: name:enp0s3: saddr:100932208: daddr:16783984
[  237.782573] AAAAA-TCP_FORW: name:enp0s3: saddr:16783984: daddr:100932208
[  237.822726] AAAAA-TCP_FORW: name:enp0s3: saddr:100932208: daddr:16783984
[  238.320020] AAAAA-TCP_FORW: name:enp0s3: saddr:100932208: daddr:16783984
[  238.798539] AAAAA-TCP_FORW: name:enp0s3: saddr:16783984: daddr:100932208
[  238.981576] AAAAA-TCP_FORW: name:enp0s3: saddr:100932208: daddr:16783984
[  239.251845] AAAAA-TCP_FORW: name:enp0s3: saddr:16783984: daddr:100932208
[  239.781259] AAAAA-TCP_FORW: name:enp0s3: saddr:16783984: daddr:100932208
[  239.946952] AAAAA-TCP_FORW: name:enp0s3: saddr:16783984: daddr:100932208
[  240.125588] AAAAA-TCP_FORW: name:enp0s3: saddr:16783984: daddr:100932208
[  240.233298] AAAAA-TCP_FORW: name:enp0s3: saddr:16783984: daddr:100932208
[  260.482258] AAAAA-TCP_FORW: name:enp0s3: saddr:100932208: daddr:33561200
[  260.591206] AAAAA-TCP_FORW: name:enp0s3: saddr:100932208: daddr:33561200
[  260.720900] AAAAA-TCP_FORW: name:enp0s3: saddr:100932208: daddr:33561200
[  260.866873] AAAAA-TCP_FORW: name:enp0s3: saddr:100932208: daddr:33561200
[  260.995415] AAAAA-TCP_FORW: name:enp0s3: saddr:100932208: daddr:33561200
[  261.065330] AAAAA-TCP_FORW: name:enp0s3: saddr:100932208: daddr:33561200
[  261.434651] AAAAA-TCP_FORW: name:enp0s3: saddr:100932208: daddr:33561200
[  261.463926] AAAAA-TCP_FORW: name:enp0s3: saddr:100932208: daddr:33561200
[  261.625550] AAAAA-TCP_FORW: name:enp0s3: saddr:100932208: daddr:33561200
[  261.702554] AAAAA-TCP_FORW: name:enp0s3: saddr:100932208: daddr:33561200
[  261.843577] AAAAA-TCP_FORW: name:enp0s3: saddr:100932208: daddr:33561200
[  261.975555] AAAAA-TCP_FORW: name:enp0s3: saddr:100932208: daddr:33561200
[  262.185947] AAAAA-TCP_FORW: name:enp0s3: saddr:100932208: daddr:33561200
[  262.546967] AAAAA-TCP_FORW: name:enp0s3: saddr:100932208: daddr:33561200
[  262.663432] AAAAA-TCP_FORW: name:enp0s3: saddr:100932208: daddr:33561200
[  262.792449] AAAAA-TCP_FORW: name:enp0s3: saddr:100932208: daddr:33561200
[  262.873456] AAAAA-TCP_FORW: name:enp0s3: saddr:100932208: daddr:33561200
[  262.959894] AAAAA-TCP_FORW: name:enp0s3: saddr:100932208: daddr:33561200
[  263.017861] AAAAA-TCP_FORW: name:enp0s3: saddr:100932208: daddr:33561200
[  263.083765] AAAAA-TCP_FORW: name:enp0s3: saddr:100932208: daddr:33561200
[  263.141036] AAAAA-TCP_FORW: name:enp0s3: saddr:100932208: daddr:33561200
[  263.260613] AAAAA-TCP_FORW: name:enp0s3: saddr:100932208: daddr:33561200
[  263.307549] AAAAA-TCP_FORW: name:enp0s3: saddr:100932208: daddr:33561200
[  263.367402] AAAAA-TCP_FORW: name:enp0s3: saddr:100932208: daddr:33561200
[  263.428468] AAAAA-TCP_FORW: name:enp0s3: saddr:100932208: daddr:33561200
[  263.483890] AAAAA-TCP_FORW: name:enp0s3: saddr:100932208: daddr:33561200
[  263.507963] AAAAA-TCP_FORW: name:enp0s3: saddr:100932208: daddr:33561200
[  263.602148] AAAAA-TCP_FORW: name:enp0s3: saddr:100932208: daddr:33561200
[  263.674800] AAAAA-TCP_FORW: name:enp0s3: saddr:100932208: daddr:33561200
[  263.807269] AAAAA-TCP_FORW: name:enp0s3: saddr:100932208: daddr:33561200
[  263.877699] AAAAA-TCP_FORW: name:enp0s3: saddr:100932208: daddr:33561200
[  263.955834] AAAAA-TCP_FORW: name:enp0s3: saddr:100932208: daddr:33561200
[  264.010377] AAAAA-TCP_FORW: name:enp0s3: saddr:100932208: daddr:33561200
[  264.131292] AAAAA-TCP_FORW: name:enp0s3: saddr:100932208: daddr:33561200
[  264.203275] AAAAA-TCP_FORW: name:enp0s3: saddr:100932208: daddr:33561200
[  264.364812] AAAAA-TCP_FORW: name:enp0s3: saddr:100932208: daddr:33561200
[  264.598664] AAAAA-TCP_FORW: name:enp0s3: saddr:100932208: daddr:33561200
[  264.701272] AAAAA-TCP_FORW: name:enp0s3: saddr:100932208: daddr:33561200
[  264.793350] AAAAA-TCP_FORW: name:enp0s3: saddr:100932208: daddr:33561200
[  264.874123] AAAAA-TCP_FORW: name:enp0s3: saddr:100932208: daddr:33561200
[  265.016044] AAAAA-TCP_FORW: name:enp0s3: saddr:100932208: daddr:33561200
[  265.110295] AAAAA-TCP_FORW: name:enp0s3: saddr:100932208: daddr:33561200
[  265.132065] AAAAA-TCP_FORW: name:enp0s3: saddr:100932208: daddr:33561200
[  265.175299] AAAAA-TCP_FORW: name:enp0s3: saddr:100932208: daddr:33561200
[  265.216381] AAAAA-TCP_FORW: name:enp0s3: saddr:100932208: daddr:33561200
[  265.551991] AAAAA-TCP_FORW: name:enp0s3: saddr:100932208: daddr:33561200
[  265.683118] AAAAA-TCP_FORW: name:enp0s3: saddr:100932208: daddr:33561200
[  265.758274] AAAAA-TCP_FORW: name:enp0s3: saddr:100932208: daddr:33561200
[  265.835575] AAAAA-TCP_FORW: name:enp0s3: saddr:100932208: daddr:33561200
[  266.064372] AAAAA-TCP_FORW: name:enp0s3: saddr:100932208: daddr:33561200
[  266.204196] AAAAA-TCP_FORW: name:enp0s3: saddr:100932208: daddr:33561200
[  266.346960] AAAAA-TCP_FORW: name:enp0s3: saddr:100932208: daddr:33561200
[  266.445985] AAAAA-TCP_FORW: name:enp0s3: saddr:100932208: daddr:33561200
[  266.566543] AAAAA-TCP_FORW: name:enp0s3: saddr:100932208: daddr:33561200
[  266.638487] AAAAA-TCP_FORW: name:enp0s3: saddr:100932208: daddr:33561200
[  266.759595] AAAAA-TCP_FORW: name:enp0s3: saddr:100932208: daddr:33561200
[  266.865963] AAAAA-TCP_FORW: name:enp0s3: saddr:100932208: daddr:33561200
[  266.930250] AAAAA-TCP_FORW: name:enp0s3: saddr:100932208: daddr:33561200
[  267.021896] AAAAA-TCP_FORW: name:enp0s3: saddr:100932208: daddr:33561200
[  267.101139] AAAAA-TCP_FORW: name:enp0s3: saddr:100932208: daddr:33561200
[  267.156044] AAAAA-TCP_FORW: name:enp0s3: saddr:100932208: daddr:33561200
[  267.255670] AAAAA-TCP_FORW: name:enp0s3: saddr:100932208: daddr:33561200
[  267.370375] AAAAA-TCP_FORW: name:enp0s3: saddr:100932208: daddr:33561200
[  267.468849] AAAAA-TCP_FORW: name:enp0s3: saddr:100932208: daddr:33561200
[  267.563323] AAAAA-TCP_FORW: name:enp0s3: saddr:100932208: daddr:33561200
[  267.706804] AAAAA-TCP_FORW: name:enp0s3: saddr:100932208: daddr:33561200
[  268.857312] AAAAA-TCP_FORW: name:enp0s3: saddr:100932208: daddr:16783984
[  269.610700] AAAAA-TCP_FORW: name:enp0s3: saddr:33561200: daddr:100932208
[  269.759694] AAAAA-TCP_FORW: name:enp0s3: saddr:100932208: daddr:33561200
[  269.817487] AAAAA-TCP_FORW: name:enp0s3: saddr:16783984: daddr:100932208
[  269.879201] AAAAA-TCP_FORW: name:enp0s3: saddr:100932208: daddr:33561200
[  269.904377] AAAAA-TCP_FORW: name:enp0s3: saddr:100932208: daddr:16783984
[  269.936954] AAAAA-TCP_FORW: name:enp0s3: saddr:100932208: daddr:16783984
[  270.006577] AAAAA-TCP_FORW: name:enp0s3: saddr:33561200: daddr:100932208
[  270.126683] AAAAA-TCP_FORW: name:enp0s3: saddr:100932208: daddr:16783984
[  270.219897] AAAAA-TCP_FORW: name:enp0s3: saddr:100932208: daddr:33561200
[  270.265297] AAAAA-TCP_FORW: name:enp0s3: saddr:16783984: daddr:100932208
[  270.296936] AAAAA-TCP_FORW: name:enp0s3: saddr:100932208: daddr:33561200
[  270.346363] AAAAA-TCP_FORW: name:enp0s3: saddr:33561200: daddr:100932208
[  270.404229] AAAAA-TCP_FORW: name:enp0s3: saddr:100932208: daddr:33561200
[  270.653169] AAAAA-TCP_FORW: name:enp0s3: saddr:16783984: daddr:100932208
[  270.677605] AAAAA-TCP_FORW: name:enp0s3: saddr:100932208: daddr:33561200
[  270.731268] AAAAA-TCP_FORW: name:enp0s3: saddr:100932208: daddr:33561200
[  270.823696] AAAAA-TCP_FORW: name:enp0s3: saddr:100932208: daddr:33561200
[  270.904336] AAAAA-TCP_FORW: name:enp0s3: saddr:100932208: daddr:33561200
[  270.974723] AAAAA-TCP_FORW: name:enp0s3: saddr:100932208: daddr:33561200
[  271.032014] AAAAA-TCP_FORW: name:enp0s3: saddr:100932208: daddr:33561200
[  271.109216] AAAAA-TCP_FORW: name:enp0s3: saddr:16783984: daddr:100932208
[  271.321551] AAAAA-TCP_FORW: name:enp0s3: saddr:16783984: daddr:100932208
[  271.427740] AAAAA-TCP_FORW: name:enp0s3: saddr:33561200: daddr:100932208
[  271.466453] AAAAA-TCP_FORW: name:enp0s3: saddr:100932208: daddr:16783984
[  271.496451] AAAAA-TCP_FORW: name:enp0s3: saddr:16783984: daddr:100932208
[  271.532591] AAAAA-TCP_FORW: name:enp0s3: saddr:100932208: daddr:16783984
[  271.564830] AAAAA-TCP_FORW: name:enp0s3: saddr:16783984: daddr:100932208
[  271.578295] AAAAA-TCP_FORW: name:enp0s3: saddr:100932208: daddr:16783984
[  271.599975] AAAAA-TCP_FORW: name:enp0s3: saddr:33561200: daddr:100932208
[  271.632170] AAAAA-TCP_FORW: name:enp0s3: saddr:100932208: daddr:16783984
[  271.673991] AAAAA-TCP_FORW: name:enp0s3: saddr:100932208: daddr:16783984
[  271.754317] AAAAA-TCP_FORW: name:enp0s3: saddr:100932208: daddr:16783984
[  271.826531] AAAAA-TCP_FORW: name:enp0s3: saddr:100932208: daddr:33561200
[  271.838984] AAAAA-TCP_FORW: name:enp0s3: saddr:33561200: daddr:100932208
[  271.920646] AAAAA-TCP_FORW: name:enp0s3: saddr:100932208: daddr:33561200
[  272.000075] AAAAA-TCP_FORW: name:enp0s3: saddr:100932208: daddr:33561200
[  272.012223] AAAAA-TCP_FORW: name:enp0s3: saddr:16783984: daddr:100932208
[  272.092280] AAAAA-TCP_FORW: name:enp0s3: saddr:100932208: daddr:33561200
[  272.124865] AAAAA-TCP_FORW: name:enp0s3: saddr:33561200: daddr:100932208
[  272.190523] AAAAA-TCP_FORW: name:enp0s3: saddr:16783984: daddr:100932208
[  272.213289] AAAAA-TCP_FORW: name:enp0s3: saddr:100932208: daddr:33561200
[  272.360550] AAAAA-TCP_FORW: name:enp0s3: saddr:100932208: daddr:33561200
[  272.374917] AAAAA-TCP_FORW: name:enp0s3: saddr:16783984: daddr:100932208
[  272.496936] AAAAA-TCP_FORW: name:enp0s3: saddr:100932208: daddr:33561200
[  272.506203] AAAAA-TCP_FORW: name:enp0s3: saddr:33561200: daddr:100932208
[  272.578237] AAAAA-TCP_FORW: name:enp0s3: saddr:33561200: daddr:100932208
[  272.603790] AAAAA-TCP_FORW: name:enp0s3: saddr:100932208: daddr:33561200
[  272.685394] AAAAA-TCP_FORW: name:enp0s3: saddr:100932208: daddr:16783984
[  272.809907] AAAAA-TCP_FORW: name:enp0s3: saddr:100932208: daddr:33561200
[  272.844010] AAAAA-TCP_FORW: name:enp0s3: saddr:100932208: daddr:33561200
[  272.869793] AAAAA-TCP_FORW: name:enp0s3: saddr:33561200: daddr:100932208
[  272.882926] AAAAA-TCP_FORW: name:enp0s3: saddr:100932208: daddr:33561200
[  273.024831] AAAAA-TCP_FORW: name:enp0s3: saddr:100932208: daddr:33561200
[  273.091416] AAAAA-TCP_FORW: name:enp0s3: saddr:100932208: daddr:33561200
[  273.193313] AAAAA-TCP_FORW: name:enp0s3: saddr:100932208: daddr:33561200
[  273.280016] AAAAA-TCP_FORW: name:enp0s3: saddr:100932208: daddr:33561200
[  273.389114] AAAAA-TCP_FORW: name:enp0s3: saddr:100932208: daddr:33561200
[  273.433570] AAAAA-TCP_FORW: name:enp0s3: saddr:100932208: daddr:33561200
[  273.521961] AAAAA-TCP_FORW: name:enp0s3: saddr:100932208: daddr:16783984
[  273.573996] AAAAA-TCP_FORW: name:enp0s3: saddr:100932208: daddr:16783984
[  274.044532] AAAAA-TCP_FORW: name:enp0s3: saddr:100932208: daddr:16783984
[  274.321203] AAAAA-TCP_FORW: name:enp0s3: saddr:100932208: daddr:33561200
[  274.451618] AAAAA-TCP_FORW: name:enp0s3: saddr:100932208: daddr:33561200
[  274.509899] AAAAA-TCP_FORW: name:enp0s3: saddr:100932208: daddr:33561200
[  275.101559] AAAAA-TCP_FORW: name:enp0s3: saddr:100932208: daddr:33561200
[  275.229758] AAAAA-TCP_FORW: name:enp0s3: saddr:100932208: daddr:33561200
[  275.487334] AAAAA-TCP_FORW: name:enp0s3: saddr:100932208: daddr:33561200
[  275.597712] AAAAA-TCP_FORW: name:enp0s3: saddr:100932208: daddr:33561200
[  275.613565] AAAAA-TCP_FORW: name:enp0s3: saddr:100932208: daddr:33561200
[  275.706151] AAAAA-TCP_FORW: name:enp0s3: saddr:100932208: daddr:33561200
[  276.016926] AAAAA-TCP_FORW: name:enp0s3: saddr:100932208: daddr:33561200
[  276.402338] AAAAA-TCP_FORW: name:enp0s3: saddr:100932208: daddr:16783984
[  276.727861] AAAAA-TCP_FORW: name:enp0s3: saddr:100932208: daddr:16783984
[  276.804201] AAAAA-TCP_FORW: name:enp0s3: saddr:100932208: daddr:16783984
[  276.854687] AAAAA-TCP_FORW: name:enp0s3: saddr:100932208: daddr:16783984
[  276.971598] AAAAA-TCP_FORW: name:enp0s3: saddr:100932208: daddr:33561200
[  277.043369] AAAAA-TCP_FORW: name:enp0s3: saddr:100932208: daddr:33561200
[  277.222261] AAAAA-TCP_FORW: name:enp0s3: saddr:100932208: daddr:33561200
[  277.384243] AAAAA-TCP_FORW: name:enp0s3: saddr:100932208: daddr:33561200
[  277.499451] AAAAA-TCP_FORW: name:enp0s3: saddr:100932208: daddr:33561200
[  277.654249] AAAAA-TCP_FORW: name:enp0s3: saddr:100932208: daddr:33561200
[  277.890409] AAAAA-TCP_FORW: name:enp0s3: saddr:100932208: daddr:33561200
[  278.013687] AAAAA-TCP_FORW: name:enp0s3: saddr:100932208: daddr:33561200
[  278.186019] AAAAA-TCP_FORW: name:enp0s3: saddr:100932208: daddr:33561200
[  278.258809] AAAAA-TCP_FORW: name:enp0s3: saddr:100932208: daddr:33561200
[  291.768157] AAAAA-TCP_FORW: name:enp0s3: saddr:100932208: daddr:33561200
[  291.821887] AAAAA-TCP_FORW: name:enp0s3: saddr:100932208: daddr:16783984
[  342.783761] AAAAA-TCP_FORW: name:enp0s3: saddr:100932208: daddr:33561200
[  612.064025] rfkill: input handler enabled
[  621.264134] rfkill: input handler disabled
[  782.404309] device enp0s3 left promiscuous mode
