[    0.000000] Linux version 5.4.243-mptcp (root@ztg) (gcc version 12.2.0 (Debian 12.2.0-14+deb12u1)) #53 SMP Wed Dec 24 23:28:15 CST 2025
[    0.000000] Command line: BOOT_IMAGE=/boot/vmlinuz-5.4.243-mptcp root=UUID=98415a12-53b7-4144-8265-0f7ece09e445 ro quiet splash
[    0.000000] KERNEL supported cpus:
[    0.000000]   Intel GenuineIntel
[    0.000000]   AMD AuthenticAMD
[    0.000000]   Hygon HygonGenuine
[    0.000000]   Centaur CentaurHauls
[    0.000000]   zhaoxin   Shanghai  
[    0.000000] x86/fpu: Supporting XSAVE feature 0x001: 'x87 floating point registers'
[    0.000000] x86/fpu: Supporting XSAVE feature 0x002: 'SSE registers'
[    0.000000] x86/fpu: Supporting XSAVE feature 0x004: 'AVX registers'
[    0.000000] x86/fpu: xstate_offset[2]:  576, xstate_sizes[2]:  256
[    0.000000] x86/fpu: Enabled xstate features 0x7, context size is 832 bytes, using 'standard' format.
[    0.000000] BIOS-provided physical RAM map:
[    0.000000] BIOS-e820: [mem 0x0000000000000000-0x000000000009fbff] usable
[    0.000000] BIOS-e820: [mem 0x000000000009fc00-0x000000000009ffff] reserved
[    0.000000] BIOS-e820: [mem 0x00000000000f0000-0x00000000000fffff] reserved
[    0.000000] BIOS-e820: [mem 0x0000000000100000-0x000000007ffeffff] usable
[    0.000000] BIOS-e820: [mem 0x000000007fff0000-0x000000007fffffff] ACPI data
[    0.000000] BIOS-e820: [mem 0x00000000fec00000-0x00000000fec00fff] reserved
[    0.000000] BIOS-e820: [mem 0x00000000fee00000-0x00000000fee00fff] reserved
[    0.000000] BIOS-e820: [mem 0x00000000fffc0000-0x00000000ffffffff] reserved
[    0.000000] NX (Execute Disable) protection: active
[    0.000000] SMBIOS 2.5 present.
[    0.000000] DMI: innotek GmbH VirtualBox/VirtualBox, BIOS VirtualBox 12/01/2006
[    0.000000] Hypervisor detected: KVM
[    0.000000] kvm-clock: Using msrs 4b564d01 and 4b564d00
[    0.000000] kvm-clock: cpu 0, msr a001001, primary cpu clock
[    0.000000] kvm-clock: using sched offset of 4470359708 cycles
[    0.000003] clocksource: kvm-clock: mask: 0xffffffffffffffff max_cycles: 0x1cd42e4dffb, max_idle_ns: 881590591483 ns
[    0.000006] tsc: Detected 2100.000 MHz processor
[    0.001890] e820: update [mem 0x00000000-0x00000fff] usable ==> reserved
[    0.001893] e820: remove [mem 0x000a0000-0x000fffff] usable
[    0.001896] last_pfn = 0x7fff0 max_arch_pfn = 0x400000000
[    0.001966] MTRR default type: uncachable
[    0.001967] MTRR fixed ranges enabled:
[    0.001968]   00000-9FFFF write-back
[    0.001969]   A0000-BFFFF uncachable
[    0.001970]   C0000-FFFFF write-protect
[    0.001971] MTRR variable ranges enabled:
[    0.001972]   0 base 000000000000 mask 3FFF80000000 write-back
[    0.001973]   1 disabled
[    0.001973]   2 disabled
[    0.001974]   3 disabled
[    0.001974]   4 disabled
[    0.001974]   5 disabled
[    0.001975]   6 disabled
[    0.001975]   7 disabled
[    0.001976]   8 disabled
[    0.001976]   9 disabled
[    0.001977]   10 disabled
[    0.001977]   11 disabled
[    0.001977]   12 disabled
[    0.001978]   13 disabled
[    0.001978]   14 disabled
[    0.001979]   15 disabled
[    0.001995] x86/PAT: Configuration [0-7]: WB  WC  UC- UC  WB  WP  UC- WT  
[    0.002129] found SMP MP-table at [mem 0x0009fff0-0x0009ffff]
[    0.090825] check: Scanning 1 areas for low memory corruption
[    0.091045] RAMDISK: [mem 0x32271000-0x3512ffff]
[    0.091054] ACPI: Early table checksum verification disabled
[    0.091059] ACPI: RSDP 0x00000000000E0000 000024 (v02 VBOX  )
[    0.091064] ACPI: XSDT 0x000000007FFF0030 00003C (v01 VBOX   VBOXXSDT 00000001 ASL  00000061)
[    0.091070] ACPI: FACP 0x000000007FFF00F0 0000F4 (v04 VBOX   VBOXFACP 00000001 ASL  00000061)
[    0.091077] ACPI: DSDT 0x000000007FFF02E0 002353 (v02 VBOX   VBOXBIOS 00000002 VBOX 00029BF3)
[    0.091081] ACPI: FACS 0x000000007FFF0200 000040
[    0.091084] ACPI: FACS 0x000000007FFF0200 000040
[    0.091087] ACPI: APIC 0x000000007FFF0240 000054 (v02 VBOX   VBOXAPIC 00000001 ASL  00000061)
[    0.091091] ACPI: SSDT 0x000000007FFF02A0 000038 (v01 VBOX   VBOXCPUT 00000002 VBOX 00029BF3)
[    0.091094] ACPI: Reserving FACP table memory at [mem 0x7fff00f0-0x7fff01e3]
[    0.091095] ACPI: Reserving DSDT table memory at [mem 0x7fff02e0-0x7fff2632]
[    0.091096] ACPI: Reserving FACS table memory at [mem 0x7fff0200-0x7fff023f]
[    0.091096] ACPI: Reserving FACS table memory at [mem 0x7fff0200-0x7fff023f]
[    0.091097] ACPI: Reserving APIC table memory at [mem 0x7fff0240-0x7fff0293]
[    0.091098] ACPI: Reserving SSDT table memory at [mem 0x7fff02a0-0x7fff02d7]
[    0.091113] ACPI: Local APIC address 0xfee00000
[    0.091307] No NUMA configuration found
[    0.091308] Faking a node at [mem 0x0000000000000000-0x000000007ffeffff]
[    0.091318] NODE_DATA(0) allocated [mem 0x7ffc5000-0x7ffeffff]
[    0.091602] Zone ranges:
[    0.091604]   DMA      [mem 0x0000000000001000-0x0000000000ffffff]
[    0.091605]   DMA32    [mem 0x0000000001000000-0x000000007ffeffff]
[    0.091606]   Normal   empty
[    0.091606]   Device   empty
[    0.091607] Movable zone start for each node
[    0.091609] Early memory node ranges
[    0.091610]   node   0: [mem 0x0000000000001000-0x000000000009efff]
[    0.091611]   node   0: [mem 0x0000000000100000-0x000000007ffeffff]
[    0.091614] Zeroed struct page in unavailable ranges: 114 pages
[    0.091615] Initmem setup node 0 [mem 0x0000000000001000-0x000000007ffeffff]
[    0.091616] On node 0 totalpages: 524174
[    0.091617]   DMA zone: 64 pages used for memmap
[    0.091618]   DMA zone: 21 pages reserved
[    0.091619]   DMA zone: 3998 pages, LIFO batch:0
[    0.091688]   DMA32 zone: 8128 pages used for memmap
[    0.091689]   DMA32 zone: 520176 pages, LIFO batch:63
[    0.101078] ACPI: PM-Timer IO Port: 0x4008
[    0.101081] ACPI: Local APIC address 0xfee00000
[    0.101153] IOAPIC[0]: apic_id 1, version 32, address 0xfec00000, GSI 0-23
[    0.101157] ACPI: INT_SRC_OVR (bus 0 bus_irq 0 global_irq 2 dfl dfl)
[    0.101158] ACPI: INT_SRC_OVR (bus 0 bus_irq 9 global_irq 9 low level)
[    0.101160] ACPI: IRQ0 used by override.
[    0.101161] ACPI: IRQ9 used by override.
[    0.101164] Using ACPI (MADT) for SMP configuration information
[    0.101171] smpboot: Allowing 1 CPUs, 0 hotplug CPUs
[    0.101197] PM: Registered nosave memory: [mem 0x00000000-0x00000fff]
[    0.101198] PM: Registered nosave memory: [mem 0x0009f000-0x0009ffff]
[    0.101199] PM: Registered nosave memory: [mem 0x000a0000-0x000effff]
[    0.101199] PM: Registered nosave memory: [mem 0x000f0000-0x000fffff]
[    0.101201] [mem 0x80000000-0xfebfffff] available for PCI devices
[    0.101202] Booting paravirtualized kernel on KVM
[    0.101205] clocksource: refined-jiffies: mask: 0xffffffff max_cycles: 0xffffffff, max_idle_ns: 7645519600211568 ns
[    0.101210] setup_percpu: NR_CPUS:8192 nr_cpumask_bits:1 nr_cpu_ids:1 nr_node_ids:1
[    0.102210] percpu: Embedded 60 pages/cpu s208896 r8192 d28672 u2097152
[    0.102215] pcpu-alloc: s208896 r8192 d28672 u2097152 alloc=1*2097152
[    0.102216] pcpu-alloc: [0] 0 
[    0.102243] Built 1 zonelists, mobility grouping on.  Total pages: 515961
[    0.102243] Policy zone: DMA32
[    0.102245] Kernel command line: BOOT_IMAGE=/boot/vmlinuz-5.4.243-mptcp root=UUID=98415a12-53b7-4144-8265-0f7ece09e445 ro quiet splash
[    0.103082] Dentry cache hash table entries: 262144 (order: 9, 2097152 bytes, linear)
[    0.103346] Inode-cache hash table entries: 131072 (order: 8, 1048576 bytes, linear)
[    0.103398] mem auto-init: stack:off, heap alloc:on, heap free:off
[    0.103401] Calgary: detecting Calgary via BIOS EBDA area
[    0.103403] Calgary: Unable to locate Rio Grande table in EBDA - bailing!
[    0.108182] Memory: 1967332K/2096696K available (14339K kernel code, 2398K rwdata, 4712K rodata, 2728K init, 17260K bss, 129364K reserved, 0K cma-reserved)
[    0.109113] SLUB: HWalign=64, Order=0-3, MinObjects=0, CPUs=1, Nodes=1
[    0.109130] ftrace: allocating 43186 entries in 169 pages
[    0.127116] rcu: Hierarchical RCU implementation.
[    0.127118] rcu: 	RCU restricting CPUs from NR_CPUS=8192 to nr_cpu_ids=1.
[    0.127118] 	Tasks RCU enabled.
[    0.127119] rcu: RCU calculated value of scheduler-enlistment delay is 25 jiffies.
[    0.127120] rcu: Adjusting geometry for rcu_fanout_leaf=16, nr_cpu_ids=1
[    0.130078] NR_IRQS: 524544, nr_irqs: 256, preallocated irqs: 16
[    0.130299] random: crng init done
[    0.139764] Console: colour VGA+ 80x25
[    0.139768] printk: console [tty0] enabled
[    0.139787] ACPI: Core revision 20190816
[    0.139940] APIC: Switch to symmetric I/O mode setup
[    0.140190] x2apic enabled
[    0.140426] Switched APIC routing to physical x2apic.
[    0.141561] ..TIMER: vector=0x30 apic1=0 pin1=2 apic2=-1 pin2=-1
[    0.141586] clocksource: tsc-early: mask: 0xffffffffffffffff max_cycles: 0x1e4530a99b6, max_idle_ns: 440795257976 ns
[    0.141591] Calibrating delay loop (skipped) preset value.. 4200.00 BogoMIPS (lpj=8400000)
[    0.141594] pid_max: default: 32768 minimum: 301
[    0.141623] LSM: Security Framework initializing
[    0.141633] Yama: becoming mindful.
[    0.141659] AppArmor: AppArmor initialized
[    0.141693] Mount-cache hash table entries: 4096 (order: 3, 32768 bytes, linear)
[    0.141697] Mountpoint-cache hash table entries: 4096 (order: 3, 32768 bytes, linear)
[    0.141708] *** VALIDATE tmpfs ***
[    0.141841] *** VALIDATE proc ***
[    0.141884] *** VALIDATE cgroup1 ***
[    0.141885] *** VALIDATE cgroup2 ***
[    0.142029] process: using mwait in idle threads
[    0.142033] Last level iTLB entries: 4KB 64, 2MB 8, 4MB 8
[    0.142034] Last level dTLB entries: 4KB 64, 2MB 0, 4MB 0, 1GB 4
[    0.142055] Spectre V1 : Mitigation: usercopy/swapgs barriers and __user pointer sanitization
[    0.142060] Spectre V2 : Mitigation: Retpolines
[    0.142061] Spectre V2 : Spectre v2 / SpectreRSB mitigation: Filling RSB on context switch
[    0.142061] Spectre V2 : Spectre v2 / SpectreRSB : Filling RSB on VMEXIT
[    0.142062] RETBleed: WARNING: Spectre v2 mitigation leaves CPU vulnerable to RETBleed attacks, data leaks possible!
[    0.142419] RETBleed: Vulnerable
[    0.142420] Speculative Store Bypass: Vulnerable
[    0.142424] TAA: Mitigation: TSX disabled
[    0.142425] MMIO Stale Data: Mitigation: Clear CPU buffers
[    0.146632] Freeing SMP alternatives memory: 40K
[    0.258499] smpboot: CPU0: Intel(R) Xeon(R) Silver 4216 CPU @ 2.10GHz (family: 0x6, model: 0x55, stepping: 0x7)
[    0.258621] Performance Events: unsupported p6 CPU model 85 no PMU driver, software events only.
[    0.258659] rcu: Hierarchical SRCU implementation.
[    0.259156] NMI watchdog: Perf NMI watchdog permanently disabled
[    0.259193] smp: Bringing up secondary CPUs ...
[    0.259194] smp: Brought up 1 node, 1 CPU
[    0.259195] smpboot: Max logical packages: 1
[    0.259197] smpboot: Total of 1 processors activated (4200.00 BogoMIPS)
[    0.260201] devtmpfs: initialized
[    0.260247] x86/mm: Memory block size: 128MB
[    0.260611] clocksource: jiffies: mask: 0xffffffff max_cycles: 0xffffffff, max_idle_ns: 7645041785100000 ns
[    0.260617] futex hash table entries: 256 (order: 2, 16384 bytes, linear)
[    0.260660] pinctrl core: initialized pinctrl subsystem
[    0.260761] PM: RTC time: 21:51:28, date: 2026-01-17
[    0.260867] NET: Registered protocol family 16
[    0.260940] audit: initializing netlink subsys (disabled)
[    0.261065] EISA bus registered
[    0.261067] cpuidle: using governor ladder
[    0.261068] cpuidle: using governor menu
[    0.261104] ACPI: bus type PCI registered
[    0.261106] acpiphp: ACPI Hot Plug PCI Controller Driver version: 0.5
[    0.261209] PCI: Using configuration type 1 for base access
[    0.261957] audit: type=2000 audit(1768657894.702:1): state=initialized audit_enabled=0 res=1
[    0.262035] HugeTLB registered 2.00 MiB page size, pre-allocated 0 pages
[    0.262845] ACPI: Added _OSI(Module Device)
[    0.262846] ACPI: Added _OSI(Processor Device)
[    0.262847] ACPI: Added _OSI(3.0 _SCP Extensions)
[    0.262847] ACPI: Added _OSI(Processor Aggregator Device)
[    0.262848] ACPI: Added _OSI(Linux-Dell-Video)
[    0.262849] ACPI: Added _OSI(Linux-Lenovo-NV-HDMI-Audio)
[    0.262850] ACPI: Added _OSI(Linux-HPI-Hybrid-Graphics)
[    0.264796] ACPI: 2 ACPI AML tables successfully acquired and loaded
[    0.266340] ACPI: Interpreter enabled
[    0.266349] ACPI: (supports S0 S5)
[    0.266350] ACPI: Using IOAPIC for interrupt routing
[    0.266554] PCI: Using host bridge windows from ACPI; if necessary, use "pci=nocrs" and report a bug
[    0.266659] ACPI: Enabled 2 GPEs in block 00 to 07
[    0.271467] ACPI: PCI Root Bridge [PCI0] (domain 0000 [bus 00-ff])
[    0.271472] acpi PNP0A03:00: _OSC: OS supports [ASPM ClockPM Segments MSI HPX-Type3]
[    0.271916] acpi PNP0A03:00: _OSC: not requesting OS control; OS requires [ExtendedConfig ASPM ClockPM MSI]
[    0.271925] acpi PNP0A03:00: fail to add MMCONFIG information, can't access extended PCI configuration space under this bridge.
[    0.272298] PCI host bridge to bus 0000:00
[    0.272300] pci_bus 0000:00: root bus resource [io  0x0000-0x0cf7 window]
[    0.272301] pci_bus 0000:00: root bus resource [io  0x0d00-0xffff window]
[    0.272302] pci_bus 0000:00: root bus resource [mem 0x000a0000-0x000bffff window]
[    0.272303] pci_bus 0000:00: root bus resource [mem 0x80000000-0xfdffffff window]
[    0.272304] pci_bus 0000:00: root bus resource [bus 00-ff]
[    0.272344] pci 0000:00:00.0: [8086:1237] type 00 class 0x060000
[    0.273281] pci 0000:00:01.0: [8086:7000] type 00 class 0x060100
[    0.274057] pci 0000:00:01.1: [8086:7111] type 00 class 0x01018a
[    0.274431] pci 0000:00:01.1: reg 0x20: [io  0xd000-0xd00f]
[    0.274589] pci 0000:00:01.1: legacy IDE quirk: reg 0x10: [io  0x01f0-0x01f7]
[    0.274590] pci 0000:00:01.1: legacy IDE quirk: reg 0x14: [io  0x03f6]
[    0.274591] pci 0000:00:01.1: legacy IDE quirk: reg 0x18: [io  0x0170-0x0177]
[    0.274592] pci 0000:00:01.1: legacy IDE quirk: reg 0x1c: [io  0x0376]
[    0.275125] pci 0000:00:02.0: [15ad:0405] type 00 class 0x030000
[    0.277664] pci 0000:00:02.0: reg 0x10: [io  0xd010-0xd01f]
[    0.281632] pci 0000:00:02.0: reg 0x14: [mem 0xe0000000-0xe7ffffff pref]
[    0.284365] pci 0000:00:02.0: reg 0x18: [mem 0xf0000000-0xf01fffff]
[    0.294362] pci 0000:00:03.0: [1022:2000] type 00 class 0x020000
[    0.295062] pci 0000:00:03.0: reg 0x10: [io  0xd020-0xd03f]
[    0.295681] pci 0000:00:03.0: reg 0x14: [mem 0xf0200000-0xf0200fff]
[    0.300650] pci 0000:00:04.0: [80ee:cafe] type 00 class 0x088000
[    0.301320] pci 0000:00:04.0: reg 0x10: [io  0xd040-0xd05f]
[    0.301702] pci 0000:00:04.0: reg 0x14: [mem 0xf0400000-0xf07fffff]
[    0.302305] pci 0000:00:04.0: reg 0x18: [mem 0xf0800000-0xf0803fff pref]
[    0.305628] pci 0000:00:07.0: [8086:7113] type 00 class 0x068000
[    0.306161] pci 0000:00:07.0: quirk: [io  0x4000-0x403f] claimed by PIIX4 ACPI
[    0.306174] pci 0000:00:07.0: quirk: [io  0x4100-0x410f] claimed by PIIX4 SMB
[    0.306751] pci 0000:00:08.0: [1022:2000] type 00 class 0x020000
[    0.307420] pci 0000:00:08.0: reg 0x10: [io  0xd060-0xd07f]
[    0.308025] pci 0000:00:08.0: reg 0x14: [mem 0xf0804000-0xf0804fff]
[    0.311527] pci 0000:00:09.0: [8086:100e] type 00 class 0x020000
[    0.312275] pci 0000:00:09.0: reg 0x10: [mem 0xf0820000-0xf083ffff]
[    0.313699] pci 0000:00:09.0: reg 0x18: [io  0xd080-0xd087]
[    0.322605] ACPI: PCI Interrupt Link [LNKA] (IRQs 5 9 10 *11)
[    0.322885] ACPI: PCI Interrupt Link [LNKB] (IRQs 5 9 *10 11)
[    0.322990] ACPI: PCI Interrupt Link [LNKC] (IRQs 5 *9 10 11)
[    0.323090] ACPI: PCI Interrupt Link [LNKD] (IRQs 5 9 10 *11)
[    0.325662] iommu: Default domain type: Translated 
[    0.325723] pci 0000:00:02.0: vgaarb: setting as boot VGA device
[    0.325725] pci 0000:00:02.0: vgaarb: VGA device added: decodes=io+mem,owns=io+mem,locks=none
[    0.325727] pci 0000:00:02.0: vgaarb: bridge control possible
[    0.325728] vgaarb: loaded
[    0.325945] SCSI subsystem initialized
[    0.325978] libata version 3.00 loaded.
[    0.326003] ACPI: bus type USB registered
[    0.326019] usbcore: registered new interface driver usbfs
[    0.326025] usbcore: registered new interface driver hub
[    0.326030] usbcore: registered new device driver usb
[    0.326056] pps_core: LinuxPPS API ver. 1 registered
[    0.326056] pps_core: Software ver. 5.3.6 - Copyright 2005-2007 Rodolfo Giometti <giometti@linux.it>
[    0.326058] PTP clock support registered
[    0.326092] EDAC MC: Ver: 3.0.0
[    0.326377] PCI: Using ACPI for IRQ routing
[    0.326378] PCI: pci_cache_line_size set to 64 bytes
[    0.326553] e820: reserve RAM buffer [mem 0x0009fc00-0x0009ffff]
[    0.326556] e820: reserve RAM buffer [mem 0x7fff0000-0x7fffffff]
[    0.327345] NetLabel: Initializing
[    0.327346] NetLabel:  domain hash size = 128
[    0.327346] NetLabel:  protocols = UNLABELED CIPSOv4 CALIPSO
[    0.327366] NetLabel:  unlabeled traffic allowed by default
[    0.328261] clocksource: Switched to clocksource kvm-clock
[    0.339926] *** VALIDATE bpf ***
[    0.339985] VFS: Disk quotas dquot_6.6.0
[    0.339996] VFS: Dquot-cache hash table entries: 512 (order 0, 4096 bytes)
[    0.340018] *** VALIDATE ramfs ***
[    0.340022] *** VALIDATE hugetlbfs ***
[    0.340097] AppArmor: AppArmor Filesystem Enabled
[    0.340121] pnp: PnP ACPI init
[    0.340182] pnp 00:00: Plug and Play ACPI device, IDs PNP0303 (active)
[    0.340248] pnp 00:01: Plug and Play ACPI device, IDs PNP0f03 (active)
[    0.340987] pnp: PnP ACPI: found 2 devices
[    0.341930] thermal_sys: Registered thermal governor 'fair_share'
[    0.341931] thermal_sys: Registered thermal governor 'bang_bang'
[    0.341931] thermal_sys: Registered thermal governor 'step_wise'
[    0.341932] thermal_sys: Registered thermal governor 'user_space'
[    0.341932] thermal_sys: Registered thermal governor 'power_allocator'
[    0.346442] clocksource: acpi_pm: mask: 0xffffff max_cycles: 0xffffff, max_idle_ns: 2085701024 ns
[    0.346482] pci_bus 0000:00: resource 4 [io  0x0000-0x0cf7 window]
[    0.346483] pci_bus 0000:00: resource 5 [io  0x0d00-0xffff window]
[    0.346485] pci_bus 0000:00: resource 6 [mem 0x000a0000-0x000bffff window]
[    0.346486] pci_bus 0000:00: resource 7 [mem 0x80000000-0xfdffffff window]
[    0.346544] NET: Registered protocol family 2
[    0.346616] IP idents hash table entries: 32768 (order: 6, 262144 bytes, linear)
[    0.347011] MPTCP tokens hash table entries: 8192 (order: 4, 65536 bytes, linear)
[    0.347030] MPTCP request tokens hash table entries: 8192 (order: 4, 65536 bytes, linear)
[    0.347056] default registered
[    0.347056] default registered
[    0.347056] MPTCP: Stable release v0.96
[    0.347061] tcp_listen_portaddr_hash hash table entries: 1024 (order: 2, 16384 bytes, linear)
[    0.347141] TCP established hash table entries: 16384 (order: 5, 131072 bytes, linear)
[    0.347217] TCP bind hash table entries: 16384 (order: 6, 262144 bytes, linear)
[    0.347242] TCP: Hash tables configured (established 16384 bind 16384)
[    0.347955] UDP hash table entries: 1024 (order: 3, 32768 bytes, linear)
[    0.347966] UDP-Lite hash table entries: 1024 (order: 3, 32768 bytes, linear)
[    0.348001] NET: Registered protocol family 1
[    0.348010] NET: Registered protocol family 44
[    0.348030] pci 0000:00:00.0: Limiting direct PCI/PCI transfers
[    0.348042] pci 0000:00:01.0: Activating ISA DMA hang workarounds
[    0.348098] pci 0000:00:02.0: Video device with shadowed ROM at [mem 0x000c0000-0x000dffff]
[    0.348161] PCI: CLS 0 bytes, default 64
[    0.348206] Trying to unpack rootfs image as initramfs...
[    0.522846] Freeing initrd memory: 47868K
[    0.522942] clocksource: tsc: mask: 0xffffffffffffffff max_cycles: 0x1e4530a99b6, max_idle_ns: 440795257976 ns
[    0.522951] clocksource: Switched to clocksource tsc
[    0.522990] platform rtc_cmos: registered platform RTC device (no PNP device found)
[    0.523020] check: Scanning for low memory corruption every 60 seconds
[    0.523360] Initialise system trusted keyrings
[    0.523370] Key type blacklist registered
[    0.523417] workingset: timestamp_bits=36 max_order=19 bucket_order=0
[    0.524762] zbud: loaded
[    0.525118] squashfs: version 4.0 (2009/01/31) Phillip Lougher
[    0.525247] fuse: init (API version 7.31)
[    0.525263] *** VALIDATE fuse ***
[    0.525265] *** VALIDATE fuse ***
[    0.525370] Platform Keyring initialized
[    0.528218] Key type asymmetric registered
[    0.528218] Asymmetric key parser 'x509' registered
[    0.528218] Block layer SCSI generic (bsg) driver version 0.4 loaded (major 244)
[    0.528218] io scheduler mq-deadline registered
[    0.528218] shpchp: Standard Hot Plug PCI Controller Driver version: 0.4
[    0.528653] ACPI: AC Adapter [AC] (on-line)
[    0.528697] input: Power Button as /devices/LNXSYSTM:00/LNXPWRBN:00/input/input0
[    0.528728] ACPI: Power Button [PWRF]
[    0.528804] input: Sleep Button as /devices/LNXSYSTM:00/LNXSLPBN:00/input/input1
[    0.528818] ACPI: Sleep Button [SLPF]
[    0.529046] Serial: 8250/16550 driver, 32 ports, IRQ sharing enabled
[    0.530182] Linux agpgart interface v0.103
[    0.619330] loop: module loaded
[    0.619465] ata_piix 0000:00:01.1: version 2.13
[    0.619861] scsi host0: ata_piix
[    0.619946] scsi host1: ata_piix
[    0.619972] ata1: PATA max UDMA/33 cmd 0x1f0 ctl 0x3f6 bmdma 0xd000 irq 14
[    0.619973] ata2: PATA max UDMA/33 cmd 0x170 ctl 0x376 bmdma 0xd008 irq 15
[    0.620050] tun: Universal TUN/TAP device driver, 1.6
[    0.620349] PPP generic driver version 2.4.2
[    0.620390] VFIO - User Level meta-driver version: 0.3
[    0.620624] ehci_hcd: USB 2.0 'Enhanced' Host Controller (EHCI) Driver
[    0.620629] ehci-pci: EHCI PCI platform driver
[    0.620643] ehci-platform: EHCI generic platform driver
[    0.620648] ohci_hcd: USB 1.1 'Open' Host Controller (OHCI) Driver
[    0.620650] ohci-pci: OHCI PCI platform driver
[    0.620657] ohci-platform: OHCI generic platform driver
[    0.620661] uhci_hcd: USB Universal Host Controller Interface driver
[    0.620724] i8042: PNP: PS/2 Controller [PNP0303:PS2K,PNP0f03:PS2M] at 0x60,0x64 irq 1,12
[    0.621161] serio: i8042 KBD port at 0x60,0x64 irq 1
[    0.621164] serio: i8042 AUX port at 0x60,0x64 irq 12
[    0.621248] mousedev: PS/2 mouse device common for all mice
[    0.621503] input: AT Translated Set 2 keyboard as /devices/platform/i8042/serio0/input/input2
[    0.621900] rtc_cmos rtc_cmos: registered as rtc0
[    0.621913] rtc_cmos rtc_cmos: alarms up to one day, 114 bytes nvram
[    0.621918] i2c /dev entries driver
[    0.621957] device-mapper: uevent: version 1.0.3
[    0.621999] device-mapper: ioctl: 4.41.0-ioctl (2019-09-16) initialised: dm-devel@redhat.com
[    0.622014] platform eisa.0: Probing EISA bus 0
[    0.622016] platform eisa.0: EISA: Cannot allocate resource for mainboard
[    0.622017] platform eisa.0: Cannot allocate resource for EISA slot 1
[    0.622018] platform eisa.0: Cannot allocate resource for EISA slot 2
[    0.622019] platform eisa.0: Cannot allocate resource for EISA slot 3
[    0.622020] platform eisa.0: Cannot allocate resource for EISA slot 4
[    0.622021] platform eisa.0: Cannot allocate resource for EISA slot 5
[    0.622022] platform eisa.0: Cannot allocate resource for EISA slot 6
[    0.622023] platform eisa.0: Cannot allocate resource for EISA slot 7
[    0.622024] platform eisa.0: Cannot allocate resource for EISA slot 8
[    0.622025] platform eisa.0: EISA: Detected 0 cards
[    0.622027] intel_pstate: CPU model not supported
[    0.622036] ledtrig-cpu: registered to indicate activity on CPUs
[    0.622088] drop_monitor: Initializing network drop monitor service
[    0.622245] NET: Registered protocol family 10
[    0.627347] Segment Routing with IPv6
[    0.627376] fullmesh registered
[    0.627377] ndiffports registered
[    0.627379] binder registered
[    0.627380] roundrobin registered
[    0.627380] redundant registered
[    0.627381] blest registered
[    0.627381] ecf registered
[    0.627382] NET: Registered protocol family 17
[    0.627412] Key type dns_resolver registered
[    0.627486] RAS: Correctable Errors collector initialized.
[    0.627486] IPI shorthand broadcast: enabled
[    0.627486] sched_clock: Marking stable (612187429, 11299482)->(625351169, -1864258)
[    0.627581] registered taskstats version 1
[    0.627590] Loading compiled-in X.509 certificates
[    0.628199] Loaded X.509 cert 'Build time autogenerated kernel key: 6909f3744cebb3d0de528d5887b96a727de79b1e'
[    0.628217] zswap: loaded using pool lzo/zbud
[    0.628269] Key type ._fscrypt registered
[    0.628269] Key type .fscrypt registered
[    0.632688] Key type big_key registered
[    0.634862] Key type encrypted registered
[    0.634864] AppArmor: AppArmor sha1 policy hashing enabled
[    0.634871] ima: No TPM chip found, activating TPM-bypass!
[    0.634874] ima: Allocated hash algorithm: sha1
[    0.634878] ima: No architecture policies found
[    0.634887] evm: Initialising EVM extended attributes:
[    0.634888] evm: security.selinux
[    0.634888] evm: security.SMACK64
[    0.634889] evm: security.SMACK64EXEC
[    0.634889] evm: security.SMACK64TRANSMUTE
[    0.634890] evm: security.SMACK64MMAP
[    0.634890] evm: security.apparmor
[    0.634891] evm: security.ima
[    0.634891] evm: security.capability
[    0.634892] evm: HMAC attrs: 0x1
[    0.635188] PM:   Magic number: 10:813:904
[    0.635299] rtc_cmos rtc_cmos: setting system clock to 2026-01-17T21:51:29 UTC (1768686689)
[    0.792494] ata1.00: ATA-6: VBOX HARDDISK, 1.0, max UDMA/133
[    0.792498] ata1.00: 209715200 sectors, multi 128: LBA 
[    0.793173] scsi 0:0:0:0: Direct-Access     ATA      VBOX HARDDISK    1.0  PQ: 0 ANSI: 5
[    0.793478] sd 0:0:0:0: [sda] 209715200 512-byte logical blocks: (107 GB/100 GiB)
[    0.793490] sd 0:0:0:0: [sda] Write Protect is off
[    0.793493] sd 0:0:0:0: [sda] Mode Sense: 00 3a 00 00
[    0.793512] sd 0:0:0:0: [sda] Write cache: enabled, read cache: enabled, doesn't support DPO or FUA
[    0.793728] sd 0:0:0:0: Attached scsi generic sg0 type 0
[    0.794917]  sda: sda1 sda2
[    0.803491] sd 0:0:0:0: [sda] Attached SCSI disk
[    0.806597] Freeing unused decrypted memory: 2040K
[    0.807538] Freeing unused kernel image memory: 2728K
[    0.807541] Write protecting the kernel read-only data: 22528k
[    0.808509] Freeing unused kernel image memory: 2036K
[    0.809045] Freeing unused kernel image memory: 1432K
[    0.834587] x86/mm: Checked W+X mappings: passed, no W+X pages found.
[    0.834592] Run /init as init process
[    0.939829] ACPI: Video Device [GFX0] (multi-head: yes  rom: no  post: no)
[    0.939900] input: Video Bus as /devices/LNXSYSTM:00/LNXSYBUS:00/PNP0A03:00/LNXVIDEO:00/input/input4
[    0.950830] pcnet32: pcnet32.c:v1.35 21.Apr.2008 tsbogend@alpha.franken.de
[    0.952423] piix4_smbus 0000:00:07.0: SMBus Host Controller at 0x4100, revision 0
[    0.956459] pcnet32: PCnet/FAST III 79C973 at 0xd020, 08:00:27:40:55:ec assigned IRQ 19
[    0.956502] pcnet32: Found PHY 0022:561b at address 0
[    0.956797] pcnet32: eth0: registered as PCnet/FAST III 79C973
[    0.959135] e1000: Intel(R) PRO/1000 Network Driver - version 7.3.21-k8-NAPI
[    0.959136] e1000: Copyright (c) 1999-2006 Intel Corporation.
[    0.969474] pcnet32: PCnet/FAST III 79C973 at 0xd060, 08:00:27:52:58:c5 assigned IRQ 16
[    0.969517] pcnet32: Found PHY 0022:561b at address 0
[    0.969804] pcnet32: eth1: registered as PCnet/FAST III 79C973
[    0.969824] pcnet32: 2 cards_found
[    1.028446] pcnet32 0000:00:03.0 enp0s3: renamed from eth0
[    1.030497] pcnet32 0000:00:08.0 enp0s8: renamed from eth1
[    1.168729] input: ImExPS/2 Generic Explorer Mouse as /devices/platform/i8042/serio1/input/input5
[    1.363580] e1000 0000:00:09.0 eth0: (PCI:33MHz:32-bit) 08:00:27:8a:b5:46
[    1.363584] e1000 0000:00:09.0 eth0: Intel(R) PRO/1000 Network Connection
[    1.364701] e1000 0000:00:09.0 enp0s9: renamed from eth0
[    1.516916] EXT4-fs (sda2): mounted filesystem with ordered data mode. Opts: (null)
[    1.606445] systemd[1]: Inserted module 'autofs4'
[    1.616259] systemd[1]: systemd 245.4-4ubuntu3 running in system mode. (+PAM +AUDIT +SELINUX +IMA +APPARMOR +SMACK +SYSVINIT +UTMP +LIBCRYPTSETUP +GCRYPT +GNUTLS +ACL +XZ +LZ4 +SECCOMP +BLKID +ELFUTILS +KMOD +IDN2 -IDN +PCRE2 default-hierarchy=hybrid)
[    1.616290] systemd[1]: Detected virtualization oracle.
[    1.616294] systemd[1]: Detected architecture x86-64.
[    1.617585] systemd[1]: Set hostname to <ztg>.
[    1.746097] systemd[1]: /lib/systemd/system/dbus.socket:5: ListenStream= references a path below legacy directory /var/run/, updating /var/run/dbus/system_bus_socket â†’ /run/dbus/system_bus_socket; please update the unit file accordingly.
[    1.799991] systemd[1]: Created slice system-modprobe.slice.
[    1.800177] systemd[1]: Created slice User and Session Slice.
[    1.800221] systemd[1]: Started Forward Password Requests to Wall Directory Watch.
[    1.800384] systemd[1]: Set up automount Arbitrary Executable File Formats File System Automount Point.
[    1.800415] systemd[1]: Reached target User and Group Name Lookups.
[    1.800423] systemd[1]: Reached target Remote File Systems.
[    1.800430] systemd[1]: Reached target Slices.
[    1.801280] systemd[1]: Listening on Syslog Socket.
[    1.801346] systemd[1]: Listening on fsck to fsckd communication Socket.
[    1.801385] systemd[1]: Listening on initctl Compatibility Named Pipe.
[    1.801522] systemd[1]: Listening on Journal Audit Socket.
[    1.801576] systemd[1]: Listening on Journal Socket (/dev/log).
[    1.801642] systemd[1]: Listening on Journal Socket.
[    1.801705] systemd[1]: Listening on udev Control Socket.
[    1.801746] systemd[1]: Listening on udev Kernel Socket.
[    1.802494] systemd[1]: Mounting Huge Pages File System...
[    1.803475] systemd[1]: Mounting POSIX Message Queue File System...
[    1.804361] systemd[1]: Mounting Kernel Debug File System...
[    1.805220] systemd[1]: Mounting Kernel Trace File System...
[    1.807179] systemd[1]: Starting Journal Service...
[    1.830421] systemd[1]: Starting Set the console keyboard layout...
[    1.838354] systemd[1]: Starting Create list of static device nodes for the current kernel...
[    1.840186] systemd[1]: Starting Load Kernel Module drm...
[    1.841195] systemd[1]: Condition check resulted in Set Up Additional Binary Formats being skipped.
[    1.841237] systemd[1]: Condition check resulted in File System Check on Root Device being skipped.
[    1.847471] systemd[1]: Starting Load Kernel Modules...
[    1.848216] systemd[1]: Starting Remount Root and Kernel File Systems...
[    1.848996] systemd[1]: Starting udev Coldplug all Devices...
[    1.849766] systemd[1]: Starting Uncomplicated firewall...
[    1.851250] systemd[1]: Mounted Huge Pages File System.
[    1.851338] systemd[1]: Mounted POSIX Message Queue File System.
[    1.851408] systemd[1]: Mounted Kernel Debug File System.
[    1.851475] systemd[1]: Mounted Kernel Trace File System.
[    1.906684] systemd[1]: Finished Create list of static device nodes for the current kernel.
[    1.912458] systemd[1]: Finished Uncomplicated firewall.
[    1.913262] systemd[1]: modprobe@drm.service: Succeeded.
[    1.913687] systemd[1]: Finished Load Kernel Module drm.
[    1.914830] EXT4-fs (sda2): re-mounted. Opts: errors=remount-ro
[    1.918649] systemd[1]: Finished Remount Root and Kernel File Systems.
[    1.919317] systemd[1]: Condition check resulted in Rebuild Hardware Database being skipped.
[    1.920462] systemd[1]: Condition check resulted in Platform Persistent Storage Archival being skipped.
[    1.926790] systemd[1]: Starting Load/Save Random Seed...
[    1.933034] systemd[1]: Starting Create System Users...
[    1.958040] systemd[1]: Finished Load/Save Random Seed.
[    1.959580] lp: driver loaded but no devices found
[    1.965452] systemd[1]: Finished Create System Users.
[    1.966212] systemd[1]: Starting Create Static Device Nodes in /dev...
[    1.971258] ppdev: user-space parallel port driver
[    1.992759] systemd[1]: Finished Create Static Device Nodes in /dev.
[    1.993559] systemd[1]: Starting udev Kernel Device Manager...
[    2.047132] systemd[1]: Finished udev Coldplug all Devices.
[    2.049911] [drm] DMA map mode: Caching DMA mappings.
[    2.049984] [drm] Capabilities:
[    2.049985] [drm]   Rect copy.
[    2.049985] [drm]   Cursor.
[    2.049985] [drm]   Cursor bypass.
[    2.049986] [drm]   Cursor bypass 2.
[    2.049986] [drm]   Alpha cursor.
[    2.049986] [drm]   Extended Fifo.
[    2.049987] [drm]   Pitchlock.
[    2.049987] [drm]   Irq mask.
[    2.049987] [drm]   GMR.
[    2.049988] [drm]   Traces.
[    2.049988] [drm]   GMR2.
[    2.049989] [drm]   Screen Object 2.
[    2.049989] [drm]   Command Buffers.
[    2.049989] [drm]   Command Buffers 2.
[    2.049990] [drm]   Guest Backed Resources.
[    2.049991] [drm] Max GMR ids is 8192
[    2.049991] [drm] Max number of GMR pages is 1048576
[    2.049992] [drm] Max dedicated hypervisor surface memory is 393216 kiB
[    2.049992] [drm] Maximum display memory size is 131072 kiB
[    2.049993] [drm] VRAM at 0xe0000000 size is 131072 kiB
[    2.049994] [drm] MMIO at 0xf0000000 size is 2048 kiB
[    2.071456] [TTM] Zone  kernel: Available graphics memory: 1011738 KiB
[    2.071457] [TTM] Initializing pool allocator
[    2.071461] [TTM] Initializing DMA pool allocator
[    2.071492] [drm] Supports vblank timestamp caching Rev 2 (21.10.2013).
[    2.071492] [drm] No driver support for vblank timestamp query.
[    2.071721] [drm] Screen Target Display device initialized
[    2.071955] [drm] width 720
[    2.071968] [drm] height 400
[    2.071971] [drm] bpp 32
[    2.072552] [drm] Fifo max 0x00200000 min 0x00001000 cap 0x00000355
[    2.073712] [drm] Using command buffers with DMA pool.
[    2.073716] [drm] DX: no.
[    2.073716] [drm] Atomic: yes.
[    2.073717] [drm] SM4_1: no.
[    2.073737] [drm:vmw_host_log [vmwgfx]] *ERROR* Failed to send host log message.
[    2.074657] [drm:vmw_host_log [vmwgfx]] *ERROR* Failed to send host log message.
[    2.085020] fbcon: svgadrmfb (fb0) is primary device
[    2.087143] Console: switching to colour frame buffer device 100x37
[    2.092416] [drm] Initialized vmwgfx 2.15.0 20180704 for 0000:00:02.0 on minor 0
[    2.096042] systemd[1]: Finished Load Kernel Modules.
[    2.096958] systemd[1]: Mounting FUSE Control File System...
[    2.098180] systemd[1]: Mounting Kernel Configuration File System...
[    2.126615] systemd[1]: Starting Apply Kernel Variables...
[    2.138924] systemd[1]: Mounted FUSE Control File System.
[    2.138997] systemd[1]: Condition check resulted in VMware vmblock fuse mount being skipped.
[    2.140556] systemd[1]: Mounted Kernel Configuration File System.
[    2.142611] systemd[1]: Finished Set the console keyboard layout.
[    2.142701] systemd[1]: Reached target Local File Systems (Pre).
[    2.145278] systemd[1]: Mounting Mount unit for bare, revision 5...
[    2.148365] systemd[1]: Mounting Mount unit for core18, revision 1705...
[    2.153997] systemd[1]: Mounting Mount unit for gnome-3-34-1804, revision 24...
[    2.163000] systemd[1]: Mounting Mount unit for gtk-common-themes, revision 1506...
[    2.168569] systemd[1]: Mounting Mount unit for gtk-common-themes, revision 1535...
[    2.179850] systemd[1]: Mounting Mount unit for snap-store, revision 433...
[    2.195400] systemd[1]: Mounting Mount unit for snapd, revision 25935...
[    2.224536] systemd[1]: Finished Apply Kernel Variables.
[    2.225884] systemd[1]: Mounted Mount unit for bare, revision 5.
[    2.225977] systemd[1]: Mounted Mount unit for core18, revision 1705.
[    2.226053] systemd[1]: Mounted Mount unit for gnome-3-34-1804, revision 24.
[    2.229415] systemd[1]: Started udev Kernel Device Manager.
[    2.231572] systemd[1]: Starting Show Plymouth Boot Screen...
[    2.235761] systemd[1]: Received SIGRTMIN+20 from PID 280 (plymouthd).
[    2.258657] systemd[1]: Started Show Plymouth Boot Screen.
[    2.258923] systemd[1]: Condition check resulted in Dispatch Password Requests to Console Directory Watch being skipped.
[    2.259019] systemd[1]: Started Forward Password Requests to Plymouth Directory Watch.
[    2.259085] systemd[1]: Reached target Local Encrypted Volumes.
[    2.291996] systemd[1]: Mounted Mount unit for gtk-common-themes, revision 1506.
[    2.292267] systemd[1]: Mounted Mount unit for gtk-common-themes, revision 1535.
[    2.339931] systemd[1]: Mounted Mount unit for snap-store, revision 433.
[    2.340179] systemd[1]: Mounted Mount unit for snapd, revision 25935.
[    2.340329] systemd[1]: Reached target Local File Systems.
[    2.342931] systemd[1]: Starting Load AppArmor profiles...
[    2.359082] systemd[1]: Starting Set console font and keymap...
[    2.368788] systemd[1]: Starting Tell Plymouth To Write Out Runtime Data...
[    2.368915] systemd[1]: Condition check resulted in Store a System Token in an EFI Variable being skipped.
[    2.368973] systemd[1]: Condition check resulted in Commit a transient machine-id on disk being skipped.
[    2.373153] systemd[1]: Finished Set console font and keymap.
[    2.380367] systemd[1]: Received SIGRTMIN+20 from PID 280 (plymouthd).
[    2.381516] systemd[1]: plymouth-read-write.service: Succeeded.
[    2.381758] systemd[1]: Finished Tell Plymouth To Write Out Runtime Data.
[    2.403603] audit: type=1400 audit(1768686691.268:2): apparmor="STATUS" operation="profile_load" profile="unconfined" name="nvidia_modprobe" pid=300 comm="apparmor_parser"
[    2.403605] audit: type=1400 audit(1768686691.268:3): apparmor="STATUS" operation="profile_load" profile="unconfined" name="nvidia_modprobe//kmod" pid=300 comm="apparmor_parser"
[    2.413099] audit: type=1400 audit(1768686691.276:4): apparmor="STATUS" operation="profile_load" profile="unconfined" name="/usr/sbin/tcpdump" pid=301 comm="apparmor_parser"
[    2.463246] audit: type=1400 audit(1768686691.320:5): apparmor="STATUS" operation="profile_load" profile="unconfined" name="/usr/bin/evince" pid=303 comm="apparmor_parser"
[    2.463248] audit: type=1400 audit(1768686691.320:6): apparmor="STATUS" operation="profile_load" profile="unconfined" name="/usr/bin/evince//sanitized_helper" pid=303 comm="apparmor_parser"
[    2.463250] audit: type=1400 audit(1768686691.320:7): apparmor="STATUS" operation="profile_load" profile="unconfined" name="/usr/bin/evince-previewer" pid=303 comm="apparmor_parser"
[    2.463252] audit: type=1400 audit(1768686691.320:8): apparmor="STATUS" operation="profile_load" profile="unconfined" name="/usr/bin/evince-previewer//sanitized_helper" pid=303 comm="apparmor_parser"
[    2.463253] audit: type=1400 audit(1768686691.320:9): apparmor="STATUS" operation="profile_load" profile="unconfined" name="/usr/bin/evince-thumbnailer" pid=303 comm="apparmor_parser"
[    2.479052] audit: type=1400 audit(1768686691.340:10): apparmor="STATUS" operation="profile_load" profile="unconfined" name="/usr/lib/cups/backend/cups-pdf" pid=304 comm="apparmor_parser"
[    2.542923] systemd[1]: Finished Load AppArmor profiles.
[    2.543924] systemd[1]: Starting Load AppArmor profiles managed internally by snapd...
[    2.659931] systemd[1]: Finished Load AppArmor profiles managed internally by snapd.
[    2.807192] systemd[1]: Started Journal Service.
[    2.816922] systemd-journald[229]: Received client request to flush runtime journal.
[    2.820241] systemd-journald[229]: File /var/log/journal/c455b248004a419c87ce85eea238d727/system.journal corrupted or uncleanly shut down, renaming and replacing.
[    4.117821] RAPL PMU: API unit is 2^-32 Joules, 0 fixed counters, 10737418240 ms ovfl timer
[    4.180599] cryptd: max_cpu_qlen set to 1000
[    4.236800] AVX2 version of gcm_enc/dec engaged.
[    4.236801] AES CTR mode by8 optimization enabled
[    6.028297] Adding 1998844k swap on /dev/sda1.  Priority:-2 extents:1 across:1998844k FS
[    7.760022] kauditd_printk_skb: 30 callbacks suppressed
[    7.760024] audit: type=1400 audit(1768686696.620:41): apparmor="DENIED" operation="capable" profile="/usr/sbin/cups-browsed" pid=508 comm="cups-browsed" capability=23  capname="sys_nice"
[    8.588939] pcnet32 0000:00:03.0 enp0s3: link up, 100Mbps, full-duplex
[    8.604533] pcnet32 0000:00:08.0 enp0s8: link up, 100Mbps, full-duplex
[    8.638430] e1000: enp0s9 NIC Link is Up 1000 Mbps Full Duplex, Flow Control: RX
[    8.638744] IPv6: ADDRCONF(NETDEV_CHANGE): enp0s9: link becomes ready
[    9.221117] device enp0s8 entered promiscuous mode
[    9.230259] device enp0s3 entered promiscuous mode
[    9.270865] audit: type=1400 audit(1768686698.132:42): apparmor="DENIED" operation="open" profile="/usr/sbin/tcpdump" name="/proc/sys/kernel/random/boot_id" pid=658 comm="tcpdump" requested_mask="r" denied_mask="r" fsuid=0 ouid=0
[    9.270997] audit: type=1400 audit(1768686698.132:43): apparmor="DENIED" operation="open" profile="/usr/sbin/tcpdump" name="/proc/sys/kernel/random/boot_id" pid=659 comm="tcpdump" requested_mask="r" denied_mask="r" fsuid=0 ouid=0
[    9.271546] audit: type=1400 audit(1768686698.132:44): apparmor="DENIED" operation="open" profile="/usr/sbin/tcpdump" name="/proc/sys/kernel/random/boot_id" pid=659 comm="tcpdump" requested_mask="r" denied_mask="r" fsuid=0 ouid=0
[    9.271589] audit: type=1400 audit(1768686698.132:45): apparmor="DENIED" operation="open" profile="/usr/sbin/tcpdump" name="/proc/sys/kernel/random/boot_id" pid=659 comm="tcpdump" requested_mask="r" denied_mask="r" fsuid=0 ouid=0
[    9.273408] audit: type=1400 audit(1768686698.132:46): apparmor="DENIED" operation="open" profile="/usr/sbin/tcpdump" name="/proc/sys/kernel/random/boot_id" pid=658 comm="tcpdump" requested_mask="r" denied_mask="r" fsuid=0 ouid=0
[    9.273453] audit: type=1400 audit(1768686698.132:47): apparmor="DENIED" operation="open" profile="/usr/sbin/tcpdump" name="/proc/sys/kernel/random/boot_id" pid=658 comm="tcpdump" requested_mask="r" denied_mask="r" fsuid=0 ouid=0
[    9.273522] audit: type=1400 audit(1768686698.132:48): apparmor="DENIED" operation="open" profile="/usr/sbin/tcpdump" name="/proc/sys/kernel/random/boot_id" pid=659 comm="tcpdump" requested_mask="r" denied_mask="r" fsuid=0 ouid=0
[    9.274079] audit: type=1400 audit(1768686698.136:49): apparmor="DENIED" operation="open" profile="/usr/sbin/tcpdump" name="/proc/sys/kernel/random/boot_id" pid=658 comm="tcpdump" requested_mask="r" denied_mask="r" fsuid=0 ouid=0
[    9.283097] audit: type=1400 audit(1768686698.144:50): apparmor="DENIED" operation="open" profile="/usr/sbin/tcpdump" name="/proc/sys/kernel/random/boot_id" pid=660 comm="tcpdump" requested_mask="r" denied_mask="r" fsuid=0 ouid=0
[   15.217330] rfkill: input handler disabled
[  209.526794] AAAAA-TCP_FORW: name:enp0s8: saddr:100932208: daddr:16783984
[  209.528119] AAAAA-TCP_FORW: name:enp0s3: saddr:16783984: daddr:100932208
[  210.437570] AAAAA-TCP_FORW: name:enp0s8: saddr:100932208: daddr:16783984
[  210.438508] AAAAA-TCP_FORW: name:enp0s3: saddr:16783984: daddr:100932208
[  214.482793] AAAAA-TCP_FORW: name:enp0s8: saddr:100932208: daddr:16783984
[  214.483732] AAAAA-TCP_FORW: name:enp0s3: saddr:16783984: daddr:100932208
[  214.657134] AAAAA-TCP_FORW: name:enp0s8: saddr:100932208: daddr:16783984
[  214.658003] AAAAA-TCP_FORW: name:enp0s3: saddr:16783984: daddr:100932208
[  214.742897] AAAAA-TCP_FORW: name:enp0s8: saddr:100932208: daddr:16783984
[  214.743777] AAAAA-TCP_FORW: name:enp0s3: saddr:16783984: daddr:100932208
[  214.744030] AAAAA-TCP_FORW: name:enp0s3: saddr:16783984: daddr:100932208
[  214.944556] AAAAA-TCP_FORW: name:enp0s8: saddr:100932208: daddr:33561200
[  214.945449] AAAAA-TCP_FORW: name:enp0s3: saddr:33561200: daddr:100932208
[  215.008323] AAAAA-TCP_FORW: name:enp0s8: saddr:100932208: daddr:16783984
[  215.121330] AAAAA-TCP_FORW: name:enp0s8: saddr:100932208: daddr:16783984
[  215.122056] AAAAA-TCP_FORW: name:enp0s3: saddr:16783984: daddr:100932208
[  215.199786] AAAAA-TCP_FORW: name:enp0s8: saddr:100932208: daddr:33561200
[  215.200508] AAAAA-TCP_FORW: name:enp0s3: saddr:33561200: daddr:100932208
[  215.386860] AAAAA-TCP_FORW: name:enp0s8: saddr:100932208: daddr:16783984
[  215.387623] AAAAA-TCP_FORW: name:enp0s3: saddr:16783984: daddr:100932208
[  215.387643] AAAAA-TCP_FORW: name:enp0s3: saddr:16783984: daddr:100932208
[  215.478765] AAAAA-TCP_FORW: name:enp0s8: saddr:100932208: daddr:16783984
[  215.611351] AAAAA-TCP_FORW: name:enp0s8: saddr:100932208: daddr:16783984
[  215.612369] AAAAA-TCP_FORW: name:enp0s3: saddr:16783984: daddr:100932208
[  215.717429] AAAAA-TCP_FORW: name:enp0s8: saddr:100932208: daddr:16783984
[  215.718417] AAAAA-TCP_FORW: name:enp0s3: saddr:16783984: daddr:100932208
[  215.892077] AAAAA-TCP_FORW: name:enp0s8: saddr:100932208: daddr:16783984
[  215.892674] AAAAA-TCP_FORW: name:enp0s3: saddr:16783984: daddr:100932208
[  215.893937] AAAAA-TCP_FORW: name:enp0s3: saddr:16783984: daddr:100932208
[  216.143424] AAAAA-TCP_FORW: name:enp0s8: saddr:100932208: daddr:33561200
[  216.144157] AAAAA-TCP_FORW: name:enp0s3: saddr:33561200: daddr:100932208
[  216.184547] AAAAA-TCP_FORW: name:enp0s8: saddr:100932208: daddr:16783984
[  216.185274] AAAAA-TCP_FORW: name:enp0s3: saddr:16783984: daddr:100932208
[  216.276835] AAAAA-TCP_FORW: name:enp0s8: saddr:100932208: daddr:33561200
[  216.277636] AAAAA-TCP_FORW: name:enp0s3: saddr:33561200: daddr:100932208
[  216.379021] AAAAA-TCP_FORW: name:enp0s8: saddr:100932208: daddr:16783984
[  216.476416] AAAAA-TCP_FORW: name:enp0s8: saddr:100932208: daddr:16783984
[  216.477132] AAAAA-TCP_FORW: name:enp0s3: saddr:16783984: daddr:100932208
[  216.598221] AAAAA-TCP_FORW: name:enp0s8: saddr:100932208: daddr:16783984
[  216.599007] AAAAA-TCP_FORW: name:enp0s3: saddr:16783984: daddr:100932208
[  216.861218] AAAAA-TCP_FORW: name:enp0s8: saddr:100932208: daddr:16783984
[  216.861854] AAAAA-TCP_FORW: name:enp0s3: saddr:16783984: daddr:100932208
[  216.942635] AAAAA-TCP_FORW: name:enp0s8: saddr:100932208: daddr:16783984
[  216.943400] AAAAA-TCP_FORW: name:enp0s3: saddr:16783984: daddr:100932208
[  217.082703] AAAAA-TCP_FORW: name:enp0s8: saddr:100932208: daddr:16783984
[  217.083469] AAAAA-TCP_FORW: name:enp0s3: saddr:16783984: daddr:100932208
[  217.384024] AAAAA-TCP_FORW: name:enp0s8: saddr:100932208: daddr:16783984
[  217.385132] AAAAA-TCP_FORW: name:enp0s3: saddr:16783984: daddr:100932208
[  217.459280] AAAAA-TCP_FORW: name:enp0s8: saddr:100932208: daddr:16783984
[  217.460276] AAAAA-TCP_FORW: name:enp0s3: saddr:16783984: daddr:100932208
[  217.547184] AAAAA-TCP_FORW: name:enp0s8: saddr:100932208: daddr:16783984
[  217.548235] AAAAA-TCP_FORW: name:enp0s3: saddr:16783984: daddr:100932208
[  217.606720] AAAAA-TCP_FORW: name:enp0s8: saddr:100932208: daddr:16783984
[  217.607823] AAAAA-TCP_FORW: name:enp0s3: saddr:16783984: daddr:100932208
[  217.736828] AAAAA-TCP_FORW: name:enp0s8: saddr:100932208: daddr:16783984
[  217.737555] AAAAA-TCP_FORW: name:enp0s3: saddr:16783984: daddr:100932208
[  217.815327] AAAAA-TCP_FORW: name:enp0s8: saddr:100932208: daddr:33561200
[  217.816408] AAAAA-TCP_FORW: name:enp0s3: saddr:33561200: daddr:100932208
[  217.880678] AAAAA-TCP_FORW: name:enp0s8: saddr:100932208: daddr:33561200
[  217.881816] AAAAA-TCP_FORW: name:enp0s3: saddr:33561200: daddr:100932208
[  217.970108] AAAAA-TCP_FORW: name:enp0s8: saddr:100932208: daddr:33561200
[  217.971225] AAAAA-TCP_FORW: name:enp0s3: saddr:33561200: daddr:100932208
[  218.080368] AAAAA-TCP_FORW: name:enp0s8: saddr:100932208: daddr:33561200
[  218.081088] AAAAA-TCP_FORW: name:enp0s3: saddr:33561200: daddr:100932208
[  218.163204] AAAAA-TCP_FORW: name:enp0s8: saddr:100932208: daddr:33561200
[  218.163938] AAAAA-TCP_FORW: name:enp0s3: saddr:33561200: daddr:100932208
[  218.318680] AAAAA-TCP_FORW: name:enp0s8: saddr:100932208: daddr:33561200
[  218.319865] AAAAA-TCP_FORW: name:enp0s3: saddr:33561200: daddr:100932208
[  218.423519] AAAAA-TCP_FORW: name:enp0s8: saddr:100932208: daddr:33561200
[  218.424649] AAAAA-TCP_FORW: name:enp0s3: saddr:33561200: daddr:100932208
[  218.492782] AAAAA-TCP_FORW: name:enp0s8: saddr:100932208: daddr:33561200
[  218.493940] AAAAA-TCP_FORW: name:enp0s3: saddr:33561200: daddr:100932208
[  218.567933] AAAAA-TCP_FORW: name:enp0s8: saddr:100932208: daddr:33561200
[  218.568640] AAAAA-TCP_FORW: name:enp0s3: saddr:33561200: daddr:100932208
[  218.776503] AAAAA-TCP_FORW: name:enp0s8: saddr:100932208: daddr:33561200
[  218.777754] AAAAA-TCP_FORW: name:enp0s3: saddr:33561200: daddr:100932208
[  218.866885] AAAAA-TCP_FORW: name:enp0s8: saddr:100932208: daddr:16783984
[  218.867636] AAAAA-TCP_FORW: name:enp0s3: saddr:16783984: daddr:100932208
[  219.025205] AAAAA-TCP_FORW: name:enp0s8: saddr:100932208: daddr:16783984
[  219.026069] AAAAA-TCP_FORW: name:enp0s3: saddr:16783984: daddr:100932208
[  219.121818] AAAAA-TCP_FORW: name:enp0s8: saddr:100932208: daddr:16783984
[  219.122587] AAAAA-TCP_FORW: name:enp0s3: saddr:16783984: daddr:100932208
[  219.294084] AAAAA-TCP_FORW: name:enp0s8: saddr:100932208: daddr:16783984
[  219.294869] AAAAA-TCP_FORW: name:enp0s3: saddr:16783984: daddr:100932208
[  219.441719] AAAAA-TCP_FORW: name:enp0s8: saddr:100932208: daddr:16783984
[  219.443080] AAAAA-TCP_FORW: name:enp0s3: saddr:16783984: daddr:100932208
[  219.584218] AAAAA-TCP_FORW: name:enp0s8: saddr:100932208: daddr:16783984
[  219.585112] AAAAA-TCP_FORW: name:enp0s3: saddr:16783984: daddr:100932208
[  219.721475] AAAAA-TCP_FORW: name:enp0s8: saddr:100932208: daddr:16783984
[  219.722808] AAAAA-TCP_FORW: name:enp0s3: saddr:16783984: daddr:100932208
[  219.867682] AAAAA-TCP_FORW: name:enp0s8: saddr:100932208: daddr:16783984
[  219.868556] AAAAA-TCP_FORW: name:enp0s3: saddr:16783984: daddr:100932208
[  220.087196] AAAAA-TCP_FORW: name:enp0s8: saddr:100932208: daddr:16783984
[  220.088453] AAAAA-TCP_FORW: name:enp0s3: saddr:16783984: daddr:100932208
[  220.195332] AAAAA-TCP_FORW: name:enp0s8: saddr:100932208: daddr:33561200
[  220.196102] AAAAA-TCP_FORW: name:enp0s3: saddr:33561200: daddr:100932208
[  220.291006] AAAAA-TCP_FORW: name:enp0s8: saddr:100932208: daddr:16783984
[  220.292166] AAAAA-TCP_FORW: name:enp0s3: saddr:16783984: daddr:100932208
[  220.388891] AAAAA-TCP_FORW: name:enp0s8: saddr:100932208: daddr:16783984
[  220.389585] AAAAA-TCP_FORW: name:enp0s3: saddr:16783984: daddr:100932208
[  220.587625] AAAAA-TCP_FORW: name:enp0s8: saddr:100932208: daddr:16783984
[  220.588746] AAAAA-TCP_FORW: name:enp0s3: saddr:16783984: daddr:100932208
[  220.692794] AAAAA-TCP_FORW: name:enp0s8: saddr:100932208: daddr:16783984
[  220.693957] AAAAA-TCP_FORW: name:enp0s3: saddr:16783984: daddr:100932208
[  220.771003] AAAAA-TCP_FORW: name:enp0s8: saddr:100932208: daddr:16783984
[  220.772118] AAAAA-TCP_FORW: name:enp0s3: saddr:16783984: daddr:100932208
[  220.895694] AAAAA-TCP_FORW: name:enp0s8: saddr:100932208: daddr:16783984
[  220.896869] AAAAA-TCP_FORW: name:enp0s3: saddr:16783984: daddr:100932208
[  221.052924] AAAAA-TCP_FORW: name:enp0s8: saddr:100932208: daddr:16783984
[  221.054153] AAAAA-TCP_FORW: name:enp0s3: saddr:16783984: daddr:100932208
[  221.157716] AAAAA-TCP_FORW: name:enp0s8: saddr:100932208: daddr:16783984
[  221.158899] AAAAA-TCP_FORW: name:enp0s3: saddr:16783984: daddr:100932208
[  221.284847] AAAAA-TCP_FORW: name:enp0s8: saddr:100932208: daddr:16783984
[  221.326600] AAAAA-TCP_FORW: name:enp0s3: saddr:16783984: daddr:100932208
[  221.345672] AAAAA-TCP_FORW: name:enp0s8: saddr:100932208: daddr:16783984
[  221.454785] AAAAA-TCP_FORW: name:enp0s3: saddr:16783984: daddr:100932208
[  221.636431] AAAAA-TCP_FORW: name:enp0s8: saddr:100932208: daddr:16783984
[  221.749452] AAAAA-TCP_FORW: name:enp0s3: saddr:16783984: daddr:100932208
[  221.761659] AAAAA-TCP_FORW: name:enp0s8: saddr:100932208: daddr:16783984
[  221.870889] AAAAA-TCP_FORW: name:enp0s3: saddr:16783984: daddr:100932208
[  221.928157] AAAAA-TCP_FORW: name:enp0s8: saddr:100932208: daddr:33561200
[  221.928879] AAAAA-TCP_FORW: name:enp0s3: saddr:33561200: daddr:100932208
[  222.060861] AAAAA-TCP_FORW: name:enp0s8: saddr:100932208: daddr:33561200
[  222.062076] AAAAA-TCP_FORW: name:enp0s3: saddr:33561200: daddr:100932208
[  222.121502] AAAAA-TCP_FORW: name:enp0s8: saddr:100932208: daddr:33561200
[  222.122323] AAAAA-TCP_FORW: name:enp0s3: saddr:33561200: daddr:100932208
[  222.185766] AAAAA-TCP_FORW: name:enp0s8: saddr:100932208: daddr:33561200
[  222.186513] AAAAA-TCP_FORW: name:enp0s3: saddr:33561200: daddr:100932208
[  222.243496] AAAAA-TCP_FORW: name:enp0s8: saddr:100932208: daddr:33561200
[  222.244580] AAAAA-TCP_FORW: name:enp0s3: saddr:33561200: daddr:100932208
[  222.299368] AAAAA-TCP_FORW: name:enp0s8: saddr:100932208: daddr:33561200
[  222.300111] AAAAA-TCP_FORW: name:enp0s3: saddr:33561200: daddr:100932208
[  222.375956] AAAAA-TCP_FORW: name:enp0s8: saddr:100932208: daddr:33561200
[  222.377038] AAAAA-TCP_FORW: name:enp0s3: saddr:33561200: daddr:100932208
[  222.439193] AAAAA-TCP_FORW: name:enp0s8: saddr:100932208: daddr:33561200
[  222.440705] AAAAA-TCP_FORW: name:enp0s3: saddr:33561200: daddr:100932208
[  222.522349] AAAAA-TCP_FORW: name:enp0s8: saddr:100932208: daddr:33561200
[  222.523055] AAAAA-TCP_FORW: name:enp0s3: saddr:33561200: daddr:100932208
[  222.668506] AAAAA-TCP_FORW: name:enp0s8: saddr:100932208: daddr:33561200
[  222.669760] AAAAA-TCP_FORW: name:enp0s3: saddr:33561200: daddr:100932208
[  222.754993] AAAAA-TCP_FORW: name:enp0s8: saddr:100932208: daddr:33561200
[  222.756095] AAAAA-TCP_FORW: name:enp0s3: saddr:33561200: daddr:100932208
[  222.831961] AAAAA-TCP_FORW: name:enp0s8: saddr:100932208: daddr:33561200
[  222.832689] AAAAA-TCP_FORW: name:enp0s3: saddr:33561200: daddr:100932208
[  223.107509] AAAAA-TCP_FORW: name:enp0s8: saddr:100932208: daddr:33561200
[  223.108342] AAAAA-TCP_FORW: name:enp0s3: saddr:33561200: daddr:100932208
[  223.298111] AAAAA-TCP_FORW: name:enp0s8: saddr:100932208: daddr:33561200
[  223.298959] AAAAA-TCP_FORW: name:enp0s3: saddr:33561200: daddr:100932208
[  223.448528] AAAAA-TCP_FORW: name:enp0s8: saddr:100932208: daddr:33561200
[  223.449468] AAAAA-TCP_FORW: name:enp0s3: saddr:33561200: daddr:100932208
[  223.524900] AAAAA-TCP_FORW: name:enp0s8: saddr:100932208: daddr:33561200
[  223.526137] AAAAA-TCP_FORW: name:enp0s3: saddr:33561200: daddr:100932208
[  223.658257] AAAAA-TCP_FORW: name:enp0s8: saddr:100932208: daddr:33561200
[  223.702725] AAAAA-TCP_FORW: name:enp0s3: saddr:33561200: daddr:100932208
[  223.743300] AAAAA-TCP_FORW: name:enp0s8: saddr:100932208: daddr:33561200
[  223.789680] AAAAA-TCP_FORW: name:enp0s8: saddr:100932208: daddr:33561200
[  223.790608] AAAAA-TCP_FORW: name:enp0s3: saddr:33561200: daddr:100932208
[  223.888089] AAAAA-TCP_FORW: name:enp0s8: saddr:100932208: daddr:33561200
[  223.964206] AAAAA-TCP_FORW: name:enp0s8: saddr:100932208: daddr:16783984
[  223.965117] AAAAA-TCP_FORW: name:enp0s3: saddr:16783984: daddr:100932208
[  223.974847] AAAAA-TCP_FORW: name:enp0s3: saddr:33561200: daddr:100932208
[  224.115099] AAAAA-TCP_FORW: name:enp0s8: saddr:100932208: daddr:16783984
[  224.115991] AAAAA-TCP_FORW: name:enp0s3: saddr:16783984: daddr:100932208
[  224.192438] AAAAA-TCP_FORW: name:enp0s8: saddr:100932208: daddr:16783984
[  224.193352] AAAAA-TCP_FORW: name:enp0s3: saddr:16783984: daddr:100932208
[  224.289588] AAAAA-TCP_FORW: name:enp0s8: saddr:100932208: daddr:16783984
[  224.290483] AAAAA-TCP_FORW: name:enp0s3: saddr:16783984: daddr:100932208
[  224.332740] AAAAA-TCP_FORW: name:enp0s8: saddr:100932208: daddr:16783984
[  224.333580] AAAAA-TCP_FORW: name:enp0s3: saddr:16783984: daddr:100932208
[  224.411805] AAAAA-TCP_FORW: name:enp0s8: saddr:100932208: daddr:16783984
[  224.412635] AAAAA-TCP_FORW: name:enp0s3: saddr:16783984: daddr:100932208
[  239.501399] AAAAA-TCP_FORW: name:enp0s8: saddr:100932208: daddr:16783984
[  239.502336] AAAAA-TCP_FORW: name:enp0s3: saddr:16783984: daddr:100932208
[  239.694522] AAAAA-TCP_FORW: name:enp0s8: saddr:100932208: daddr:16783984
[  239.695514] AAAAA-TCP_FORW: name:enp0s3: saddr:16783984: daddr:100932208
[  239.796246] AAAAA-TCP_FORW: name:enp0s8: saddr:100932208: daddr:16783984
[  239.797270] AAAAA-TCP_FORW: name:enp0s3: saddr:16783984: daddr:100932208
[  239.868128] AAAAA-TCP_FORW: name:enp0s8: saddr:100932208: daddr:16783984
[  239.869093] AAAAA-TCP_FORW: name:enp0s3: saddr:16783984: daddr:100932208
[  239.945493] AAAAA-TCP_FORW: name:enp0s8: saddr:100932208: daddr:16783984
[  239.946536] AAAAA-TCP_FORW: name:enp0s3: saddr:16783984: daddr:100932208
[  240.111840] AAAAA-TCP_FORW: name:enp0s8: saddr:100932208: daddr:16783984
[  240.112719] AAAAA-TCP_FORW: name:enp0s3: saddr:16783984: daddr:100932208
[  240.209069] AAAAA-TCP_FORW: name:enp0s8: saddr:100932208: daddr:16783984
[  240.209858] AAAAA-TCP_FORW: name:enp0s3: saddr:16783984: daddr:100932208
[  240.405038] AAAAA-TCP_FORW: name:enp0s8: saddr:100932208: daddr:16783984
[  240.405998] AAAAA-TCP_FORW: name:enp0s3: saddr:16783984: daddr:100932208
[  240.543660] AAAAA-TCP_FORW: name:enp0s8: saddr:100932208: daddr:16783984
[  240.544684] AAAAA-TCP_FORW: name:enp0s3: saddr:16783984: daddr:100932208
[  240.642405] AAAAA-TCP_FORW: name:enp0s8: saddr:100932208: daddr:16783984
[  240.643387] AAAAA-TCP_FORW: name:enp0s3: saddr:16783984: daddr:100932208
[  240.844740] AAAAA-TCP_FORW: name:enp0s8: saddr:100932208: daddr:16783984
[  240.845789] AAAAA-TCP_FORW: name:enp0s3: saddr:16783984: daddr:100932208
[  240.923140] AAAAA-TCP_FORW: name:enp0s8: saddr:100932208: daddr:16783984
[  240.924170] AAAAA-TCP_FORW: name:enp0s3: saddr:16783984: daddr:100932208
[  240.998191] AAAAA-TCP_FORW: name:enp0s8: saddr:100932208: daddr:16783984
[  240.999226] AAAAA-TCP_FORW: name:enp0s3: saddr:16783984: daddr:100932208
[  241.138378] AAAAA-TCP_FORW: name:enp0s8: saddr:100932208: daddr:16783984
[  241.139393] AAAAA-TCP_FORW: name:enp0s3: saddr:16783984: daddr:100932208
[  241.309132] AAAAA-TCP_FORW: name:enp0s8: saddr:100932208: daddr:16783984
[  241.310094] AAAAA-TCP_FORW: name:enp0s3: saddr:16783984: daddr:100932208
[  241.383904] AAAAA-TCP_FORW: name:enp0s8: saddr:100932208: daddr:16783984
[  241.384784] AAAAA-TCP_FORW: name:enp0s3: saddr:16783984: daddr:100932208
[  241.503808] AAAAA-TCP_FORW: name:enp0s8: saddr:100932208: daddr:16783984
[  241.546715] AAAAA-TCP_FORW: name:enp0s3: saddr:16783984: daddr:100932208
[  241.633959] AAAAA-TCP_FORW: name:enp0s8: saddr:100932208: daddr:16783984
[  241.718663] AAAAA-TCP_FORW: name:enp0s3: saddr:16783984: daddr:100932208
[  241.732841] AAAAA-TCP_FORW: name:enp0s8: saddr:100932208: daddr:33561200
[  241.733792] AAAAA-TCP_FORW: name:enp0s3: saddr:33561200: daddr:100932208
[  241.816212] AAAAA-TCP_FORW: name:enp0s8: saddr:100932208: daddr:33561200
[  241.817236] AAAAA-TCP_FORW: name:enp0s3: saddr:33561200: daddr:100932208
[  241.963332] AAAAA-TCP_FORW: name:enp0s8: saddr:100932208: daddr:33561200
[  241.964345] AAAAA-TCP_FORW: name:enp0s3: saddr:33561200: daddr:100932208
[  242.031877] AAAAA-TCP_FORW: name:enp0s8: saddr:100932208: daddr:33561200
[  242.032922] AAAAA-TCP_FORW: name:enp0s3: saddr:33561200: daddr:100932208
[  242.111286] AAAAA-TCP_FORW: name:enp0s8: saddr:100932208: daddr:33561200
[  242.112304] AAAAA-TCP_FORW: name:enp0s3: saddr:33561200: daddr:100932208
[  242.211927] AAAAA-TCP_FORW: name:enp0s8: saddr:100932208: daddr:16783984
[  242.213232] AAAAA-TCP_FORW: name:enp0s3: saddr:16783984: daddr:100932208
[  242.338243] AAAAA-TCP_FORW: name:enp0s8: saddr:100932208: daddr:16783984
[  242.339226] AAAAA-TCP_FORW: name:enp0s3: saddr:16783984: daddr:100932208
[  242.476575] AAAAA-TCP_FORW: name:enp0s8: saddr:100932208: daddr:33561200
[  242.477409] AAAAA-TCP_FORW: name:enp0s3: saddr:33561200: daddr:100932208
[  242.619678] AAAAA-TCP_FORW: name:enp0s3: saddr:16783984: daddr:100932208
[  242.751705] AAAAA-TCP_FORW: name:enp0s8: saddr:100932208: daddr:33561200
[  242.752569] AAAAA-TCP_FORW: name:enp0s3: saddr:33561200: daddr:100932208
[  242.934661] AAAAA-TCP_FORW: name:enp0s8: saddr:100932208: daddr:16783984
[  242.935837] AAAAA-TCP_FORW: name:enp0s3: saddr:16783984: daddr:100932208
[  243.247367] AAAAA-TCP_FORW: name:enp0s8: saddr:100932208: daddr:16783984
[  243.248349] AAAAA-TCP_FORW: name:enp0s3: saddr:16783984: daddr:100932208
[  243.324960] AAAAA-TCP_FORW: name:enp0s3: saddr:16783984: daddr:100932208
[  243.857572] AAAAA-TCP_FORW: name:enp0s8: saddr:100932208: daddr:33561200
[  243.990033] AAAAA-TCP_FORW: name:enp0s8: saddr:100932208: daddr:33561200
[  244.116181] AAAAA-TCP_FORW: name:enp0s8: saddr:100932208: daddr:16783984
[  244.320623] AAAAA-TCP_FORW: name:enp0s8: saddr:100932208: daddr:16783984
[  244.797570] AAAAA-TCP_FORW: name:enp0s8: saddr:100932208: daddr:16783984
[  244.798990] AAAAA-TCP_FORW: name:enp0s3: saddr:16783984: daddr:100932208
[  245.274529] AAAAA-TCP_FORW: name:enp0s8: saddr:100932208: daddr:33561200
[  245.275460] AAAAA-TCP_FORW: name:enp0s3: saddr:33561200: daddr:100932208
[  245.573845] AAAAA-TCP_FORW: name:enp0s8: saddr:100932208: daddr:33561200
[  245.575135] AAAAA-TCP_FORW: name:enp0s3: saddr:33561200: daddr:100932208
[  245.866040] AAAAA-TCP_FORW: name:enp0s8: saddr:100932208: daddr:33561200
[  246.027159] AAAAA-TCP_FORW: name:enp0s8: saddr:100932208: daddr:16783984
[  246.830220] AAAAA-TCP_FORW: name:enp0s8: saddr:100932208: daddr:16783984
[  247.466959] AAAAA-TCP_FORW: name:enp0s8: saddr:100932208: daddr:16783984
[  248.229356] AAAAA-TCP_FORW: name:enp0s8: saddr:100932208: daddr:16783984
[  248.687342] AAAAA-TCP_FORW: name:enp0s8: saddr:100932208: daddr:16783984
[  248.959423] AAAAA-TCP_FORW: name:enp0s8: saddr:100932208: daddr:16783984
[  249.546172] AAAAA-TCP_FORW: name:enp0s8: saddr:100932208: daddr:16783984
[  251.220343] AAAAA-TCP_FORW: name:enp0s8: saddr:100932208: daddr:33561200
[  251.308024] AAAAA-TCP_FORW: name:enp0s8: saddr:100932208: daddr:16783984
[  251.309703] AAAAA-TCP_FORW: name:enp0s3: saddr:16783984: daddr:100932208
[  251.368670] AAAAA-TCP_FORW: name:enp0s8: saddr:100932208: daddr:33561200
[  251.439968] AAAAA-TCP_FORW: name:enp0s8: saddr:100932208: daddr:16783984
[  251.559576] AAAAA-TCP_FORW: name:enp0s8: saddr:100932208: daddr:33561200
[  251.687972] AAAAA-TCP_FORW: name:enp0s8: saddr:100932208: daddr:16783984
[  251.791475] AAAAA-TCP_FORW: name:enp0s8: saddr:100932208: daddr:16783984
[  251.792526] AAAAA-TCP_FORW: name:enp0s3: saddr:16783984: daddr:100932208
[  252.536508] AAAAA-TCP_FORW: name:enp0s8: saddr:100932208: daddr:16783984
[  252.538043] AAAAA-TCP_FORW: name:enp0s3: saddr:16783984: daddr:100932208
[  252.682442] AAAAA-TCP_FORW: name:enp0s8: saddr:100932208: daddr:16783984
[  252.683670] AAAAA-TCP_FORW: name:enp0s3: saddr:16783984: daddr:100932208
[  253.094283] AAAAA-TCP_FORW: name:enp0s8: saddr:100932208: daddr:16783984
[  253.095530] AAAAA-TCP_FORW: name:enp0s3: saddr:16783984: daddr:100932208
[  253.369633] AAAAA-TCP_FORW: name:enp0s8: saddr:100932208: daddr:16783984
[  253.649374] AAAAA-TCP_FORW: name:enp0s8: saddr:100932208: daddr:16783984
[  253.650589] AAAAA-TCP_FORW: name:enp0s3: saddr:16783984: daddr:100932208
[  254.023046] AAAAA-TCP_FORW: name:enp0s8: saddr:100932208: daddr:16783984
[  254.153415] AAAAA-TCP_FORW: name:enp0s8: saddr:100932208: daddr:16783984
[  254.154458] AAAAA-TCP_FORW: name:enp0s3: saddr:16783984: daddr:100932208
[  254.349888] AAAAA-TCP_FORW: name:enp0s8: saddr:100932208: daddr:16783984
[  254.350977] AAAAA-TCP_FORW: name:enp0s3: saddr:16783984: daddr:100932208
[  254.543203] AAAAA-TCP_FORW: name:enp0s8: saddr:100932208: daddr:16783984
[  254.544415] AAAAA-TCP_FORW: name:enp0s3: saddr:16783984: daddr:100932208
[  254.691620] AAAAA-TCP_FORW: name:enp0s8: saddr:100932208: daddr:16783984
[  254.693872] AAAAA-TCP_FORW: name:enp0s3: saddr:16783984: daddr:100932208
[  258.720426] AAAAA-TCP_FORW: name:enp0s8: saddr:100932208: daddr:16783984
[  258.726087] AAAAA-TCP_FORW: name:enp0s3: saddr:16783984: daddr:100932208
[  258.907849] AAAAA-TCP_FORW: name:enp0s8: saddr:100932208: daddr:16783984
[  258.909733] AAAAA-TCP_FORW: name:enp0s3: saddr:16783984: daddr:100932208
[  259.113561] AAAAA-TCP_FORW: name:enp0s8: saddr:100932208: daddr:16783984
[  259.115854] AAAAA-TCP_FORW: name:enp0s3: saddr:16783984: daddr:100932208
[  259.316898] AAAAA-TCP_FORW: name:enp0s8: saddr:100932208: daddr:16783984
[  259.319232] AAAAA-TCP_FORW: name:enp0s3: saddr:16783984: daddr:100932208
[  259.323999] AAAAA-TCP_FORW: name:enp0s8: saddr:100932208: daddr:16783984
[  259.325841] AAAAA-TCP_FORW: name:enp0s3: saddr:16783984: daddr:100932208
[  259.624658] AAAAA-TCP_FORW: name:enp0s8: saddr:100932208: daddr:16783984
[  259.626882] AAAAA-TCP_FORW: name:enp0s3: saddr:16783984: daddr:100932208
[  259.768404] AAAAA-TCP_FORW: name:enp0s8: saddr:100932208: daddr:16783984
[  259.770551] AAAAA-TCP_FORW: name:enp0s3: saddr:16783984: daddr:100932208
[  259.979184] AAAAA-TCP_FORW: name:enp0s8: saddr:100932208: daddr:16783984
[  259.981411] AAAAA-TCP_FORW: name:enp0s3: saddr:16783984: daddr:100932208
[  260.077334] AAAAA-TCP_FORW: name:enp0s8: saddr:100932208: daddr:16783984
[  260.079379] AAAAA-TCP_FORW: name:enp0s3: saddr:16783984: daddr:100932208
[  260.431313] AAAAA-TCP_FORW: name:enp0s8: saddr:100932208: daddr:16783984
[  260.433284] AAAAA-TCP_FORW: name:enp0s3: saddr:16783984: daddr:100932208
[  260.590498] AAAAA-TCP_FORW: name:enp0s8: saddr:100932208: daddr:16783984
[  260.592560] AAAAA-TCP_FORW: name:enp0s3: saddr:16783984: daddr:100932208
[  260.876722] AAAAA-TCP_FORW: name:enp0s8: saddr:100932208: daddr:16783984
[  260.878839] AAAAA-TCP_FORW: name:enp0s3: saddr:16783984: daddr:100932208
[  260.908522] AAAAA-TCP_FORW: name:enp0s8: saddr:100932208: daddr:16783984
[  260.910419] AAAAA-TCP_FORW: name:enp0s3: saddr:16783984: daddr:100932208
[  261.380558] AAAAA-TCP_FORW: name:enp0s8: saddr:100932208: daddr:16783984
[  261.383046] AAAAA-TCP_FORW: name:enp0s3: saddr:16783984: daddr:100932208
[  262.008113] AAAAA-TCP_FORW: name:enp0s8: saddr:100932208: daddr:16783984
[  262.010119] AAAAA-TCP_FORW: name:enp0s3: saddr:16783984: daddr:100932208
[  262.109104] AAAAA-TCP_FORW: name:enp0s8: saddr:100932208: daddr:33561200
[  262.110042] AAAAA-TCP_FORW: name:enp0s3: saddr:33561200: daddr:100932208
[  265.526467] AAAAA-TCP_FORW: name:enp0s8: saddr:100932208: daddr:16783984
[  265.528703] AAAAA-TCP_FORW: name:enp0s3: saddr:16783984: daddr:100932208
[  265.691856] AAAAA-TCP_FORW: name:enp0s8: saddr:100932208: daddr:16783984
[  265.693795] AAAAA-TCP_FORW: name:enp0s3: saddr:16783984: daddr:100932208
[  265.928612] AAAAA-TCP_FORW: name:enp0s8: saddr:100932208: daddr:16783984
[  265.930576] AAAAA-TCP_FORW: name:enp0s3: saddr:16783984: daddr:100932208
[  266.021875] AAAAA-TCP_FORW: name:enp0s8: saddr:100932208: daddr:16783984
[  266.023661] AAAAA-TCP_FORW: name:enp0s3: saddr:16783984: daddr:100932208
[  266.139331] AAAAA-TCP_FORW: name:enp0s8: saddr:100932208: daddr:16783984
[  266.141651] AAAAA-TCP_FORW: name:enp0s3: saddr:16783984: daddr:100932208
[  266.249868] AAAAA-TCP_FORW: name:enp0s8: saddr:100932208: daddr:16783984
[  266.252326] AAAAA-TCP_FORW: name:enp0s3: saddr:16783984: daddr:100932208
[  266.422536] AAAAA-TCP_FORW: name:enp0s8: saddr:100932208: daddr:16783984
[  266.423950] AAAAA-TCP_FORW: name:enp0s3: saddr:16783984: daddr:100932208
[  266.801793] AAAAA-TCP_FORW: name:enp0s8: saddr:100932208: daddr:33561200
[  266.802717] AAAAA-TCP_FORW: name:enp0s3: saddr:33561200: daddr:100932208
[  266.933458] AAAAA-TCP_FORW: name:enp0s8: saddr:100932208: daddr:33561200
[  266.934390] AAAAA-TCP_FORW: name:enp0s3: saddr:33561200: daddr:100932208
[  267.034752] AAAAA-TCP_FORW: name:enp0s8: saddr:100932208: daddr:33561200
[  267.035603] AAAAA-TCP_FORW: name:enp0s3: saddr:33561200: daddr:100932208
[  267.091637] AAAAA-TCP_FORW: name:enp0s8: saddr:100932208: daddr:33561200
[  267.092505] AAAAA-TCP_FORW: name:enp0s3: saddr:33561200: daddr:100932208
[  267.194771] AAAAA-TCP_FORW: name:enp0s8: saddr:100932208: daddr:33561200
[  267.195702] AAAAA-TCP_FORW: name:enp0s3: saddr:33561200: daddr:100932208
[  267.328898] AAAAA-TCP_FORW: name:enp0s8: saddr:100932208: daddr:33561200
[  267.329768] AAAAA-TCP_FORW: name:enp0s3: saddr:33561200: daddr:100932208
[  267.351369] AAAAA-TCP_FORW: name:enp0s8: saddr:100932208: daddr:33561200
[  267.352256] AAAAA-TCP_FORW: name:enp0s3: saddr:33561200: daddr:100932208
[  267.500885] AAAAA-TCP_FORW: name:enp0s8: saddr:100932208: daddr:33561200
[  267.501764] AAAAA-TCP_FORW: name:enp0s3: saddr:33561200: daddr:100932208
[  267.514813] AAAAA-TCP_FORW: name:enp0s8: saddr:100932208: daddr:33561200
[  267.515637] AAAAA-TCP_FORW: name:enp0s3: saddr:33561200: daddr:100932208
[  267.630194] AAAAA-TCP_FORW: name:enp0s8: saddr:100932208: daddr:33561200
[  267.631578] AAAAA-TCP_FORW: name:enp0s3: saddr:33561200: daddr:100932208
[  267.684266] AAAAA-TCP_FORW: name:enp0s8: saddr:100932208: daddr:33561200
[  267.685113] AAAAA-TCP_FORW: name:enp0s3: saddr:33561200: daddr:100932208
[  267.823445] AAAAA-TCP_FORW: name:enp0s8: saddr:100932208: daddr:33561200
[  267.824865] AAAAA-TCP_FORW: name:enp0s3: saddr:33561200: daddr:100932208
[  268.052718] AAAAA-TCP_FORW: name:enp0s8: saddr:100932208: daddr:33561200
[  268.054143] AAAAA-TCP_FORW: name:enp0s3: saddr:33561200: daddr:100932208
[  268.056196] AAAAA-TCP_FORW: name:enp0s8: saddr:100932208: daddr:33561200
[  268.056980] AAAAA-TCP_FORW: name:enp0s3: saddr:33561200: daddr:100932208
[  268.153322] AAAAA-TCP_FORW: name:enp0s8: saddr:100932208: daddr:33561200
[  268.154771] AAAAA-TCP_FORW: name:enp0s3: saddr:33561200: daddr:100932208
[  268.299175] AAAAA-TCP_FORW: name:enp0s8: saddr:100932208: daddr:33561200
[  268.301168] AAAAA-TCP_FORW: name:enp0s3: saddr:33561200: daddr:100932208
[  268.415362] AAAAA-TCP_FORW: name:enp0s8: saddr:100932208: daddr:33561200
[  268.417126] AAAAA-TCP_FORW: name:enp0s3: saddr:33561200: daddr:100932208
[  268.477281] AAAAA-TCP_FORW: name:enp0s8: saddr:100932208: daddr:33561200
[  268.479219] AAAAA-TCP_FORW: name:enp0s3: saddr:33561200: daddr:100932208
[  268.579687] AAAAA-TCP_FORW: name:enp0s8: saddr:100932208: daddr:33561200
[  268.581443] AAAAA-TCP_FORW: name:enp0s3: saddr:33561200: daddr:100932208
[  268.797304] AAAAA-TCP_FORW: name:enp0s8: saddr:100932208: daddr:16783984
[  268.798207] AAAAA-TCP_FORW: name:enp0s3: saddr:16783984: daddr:100932208
[  268.861759] AAAAA-TCP_FORW: name:enp0s8: saddr:100932208: daddr:16783984
[  268.862638] AAAAA-TCP_FORW: name:enp0s3: saddr:16783984: daddr:100932208
[  268.923120] AAAAA-TCP_FORW: name:enp0s8: saddr:100932208: daddr:16783984
[  268.923910] AAAAA-TCP_FORW: name:enp0s3: saddr:16783984: daddr:100932208
[  268.999783] AAAAA-TCP_FORW: name:enp0s8: saddr:100932208: daddr:16783984
[  269.000651] AAAAA-TCP_FORW: name:enp0s3: saddr:16783984: daddr:100932208
[  269.101675] AAAAA-TCP_FORW: name:enp0s8: saddr:100932208: daddr:16783984
[  269.102575] AAAAA-TCP_FORW: name:enp0s3: saddr:16783984: daddr:100932208
[  269.105124] AAAAA-TCP_FORW: name:enp0s8: saddr:100932208: daddr:16783984
[  269.105920] AAAAA-TCP_FORW: name:enp0s3: saddr:16783984: daddr:100932208
[  269.188476] AAAAA-TCP_FORW: name:enp0s8: saddr:100932208: daddr:16783984
[  269.189342] AAAAA-TCP_FORW: name:enp0s3: saddr:16783984: daddr:100932208
[  269.352456] AAAAA-TCP_FORW: name:enp0s8: saddr:100932208: daddr:16783984
[  269.353344] AAAAA-TCP_FORW: name:enp0s3: saddr:16783984: daddr:100932208
[  269.478737] AAAAA-TCP_FORW: name:enp0s8: saddr:100932208: daddr:16783984
[  269.479822] AAAAA-TCP_FORW: name:enp0s3: saddr:16783984: daddr:100932208
[  269.486586] AAAAA-TCP_FORW: name:enp0s8: saddr:100932208: daddr:16783984
[  269.487265] AAAAA-TCP_FORW: name:enp0s3: saddr:16783984: daddr:100932208
[  269.554602] AAAAA-TCP_FORW: name:enp0s8: saddr:100932208: daddr:16783984
[  269.555490] AAAAA-TCP_FORW: name:enp0s3: saddr:16783984: daddr:100932208
[  269.647821] AAAAA-TCP_FORW: name:enp0s8: saddr:100932208: daddr:33561200
[  269.649638] AAAAA-TCP_FORW: name:enp0s3: saddr:33561200: daddr:100932208
[  269.924619] AAAAA-TCP_FORW: name:enp0s8: saddr:100932208: daddr:33561200
[  269.926552] AAAAA-TCP_FORW: name:enp0s3: saddr:33561200: daddr:100932208
[  270.098903] AAAAA-TCP_FORW: name:enp0s8: saddr:100932208: daddr:33561200
[  270.100130] AAAAA-TCP_FORW: name:enp0s3: saddr:33561200: daddr:100932208
[  271.487988] AAAAA-TCP_FORW: name:enp0s8: saddr:100932208: daddr:16783984
[  271.489166] AAAAA-TCP_FORW: name:enp0s3: saddr:16783984: daddr:100932208
[  271.894961] AAAAA-TCP_FORW: name:enp0s8: saddr:100932208: daddr:16783984
[  271.896323] AAAAA-TCP_FORW: name:enp0s3: saddr:16783984: daddr:100932208
[  272.102413] AAAAA-TCP_FORW: name:enp0s8: saddr:100932208: daddr:16783984
[  272.103242] AAAAA-TCP_FORW: name:enp0s3: saddr:16783984: daddr:100932208
[  272.295111] AAAAA-TCP_FORW: name:enp0s8: saddr:100932208: daddr:16783984
[  272.296166] AAAAA-TCP_FORW: name:enp0s3: saddr:16783984: daddr:100932208
[  272.383336] AAAAA-TCP_FORW: name:enp0s8: saddr:100932208: daddr:16783984
[  272.384223] AAAAA-TCP_FORW: name:enp0s3: saddr:16783984: daddr:100932208
[  272.533150] AAAAA-TCP_FORW: name:enp0s8: saddr:100932208: daddr:16783984
[  272.534299] AAAAA-TCP_FORW: name:enp0s3: saddr:16783984: daddr:100932208
[  272.810335] AAAAA-TCP_FORW: name:enp0s8: saddr:100932208: daddr:33561200
[  272.811665] AAAAA-TCP_FORW: name:enp0s3: saddr:33561200: daddr:100932208
[  273.061056] AAAAA-TCP_FORW: name:enp0s8: saddr:100932208: daddr:33561200
[  273.062113] AAAAA-TCP_FORW: name:enp0s3: saddr:33561200: daddr:100932208
[  273.320717] AAAAA-TCP_FORW: name:enp0s8: saddr:100932208: daddr:33561200
[  273.322213] AAAAA-TCP_FORW: name:enp0s3: saddr:33561200: daddr:100932208
[  273.421047] AAAAA-TCP_FORW: name:enp0s8: saddr:100932208: daddr:33561200
[  273.422497] AAAAA-TCP_FORW: name:enp0s3: saddr:33561200: daddr:100932208
[  273.558022] AAAAA-TCP_FORW: name:enp0s8: saddr:100932208: daddr:33561200
[  273.559455] AAAAA-TCP_FORW: name:enp0s3: saddr:33561200: daddr:100932208
[  273.764162] AAAAA-TCP_FORW: name:enp0s8: saddr:100932208: daddr:33561200
[  273.765608] AAAAA-TCP_FORW: name:enp0s3: saddr:33561200: daddr:100932208
[  274.094172] AAAAA-TCP_FORW: name:enp0s8: saddr:100932208: daddr:33561200
[  274.095227] AAAAA-TCP_FORW: name:enp0s3: saddr:33561200: daddr:100932208
[  274.450687] AAAAA-TCP_FORW: name:enp0s8: saddr:100932208: daddr:33561200
[  274.451537] AAAAA-TCP_FORW: name:enp0s3: saddr:33561200: daddr:100932208
[  274.993388] AAAAA-TCP_FORW: name:enp0s8: saddr:100932208: daddr:33561200
[  274.994642] AAAAA-TCP_FORW: name:enp0s3: saddr:33561200: daddr:100932208
[  275.351445] AAAAA-TCP_FORW: name:enp0s8: saddr:100932208: daddr:33561200
[  275.352809] AAAAA-TCP_FORW: name:enp0s3: saddr:33561200: daddr:100932208
[  275.640739] AAAAA-TCP_FORW: name:enp0s8: saddr:100932208: daddr:33561200
[  275.641950] AAAAA-TCP_FORW: name:enp0s3: saddr:33561200: daddr:100932208
[  276.177904] AAAAA-TCP_FORW: name:enp0s8: saddr:100932208: daddr:33561200
[  276.178687] AAAAA-TCP_FORW: name:enp0s3: saddr:33561200: daddr:100932208
[  276.480058] AAAAA-TCP_FORW: name:enp0s8: saddr:100932208: daddr:33561200
[  276.480880] AAAAA-TCP_FORW: name:enp0s3: saddr:33561200: daddr:100932208
[  276.747281] AAAAA-TCP_FORW: name:enp0s8: saddr:100932208: daddr:33561200
[  276.748623] AAAAA-TCP_FORW: name:enp0s3: saddr:33561200: daddr:100932208
[  277.347042] AAAAA-TCP_FORW: name:enp0s8: saddr:100932208: daddr:16783984
[  277.348158] AAAAA-TCP_FORW: name:enp0s3: saddr:16783984: daddr:100932208
[  277.751484] AAAAA-TCP_FORW: name:enp0s8: saddr:100932208: daddr:16783984
[  277.752804] AAAAA-TCP_FORW: name:enp0s3: saddr:16783984: daddr:100932208
[  278.606721] AAAAA-TCP_FORW: name:enp0s8: saddr:100932208: daddr:16783984
[  278.607517] AAAAA-TCP_FORW: name:enp0s3: saddr:16783984: daddr:100932208
[  278.787293] AAAAA-TCP_FORW: name:enp0s8: saddr:100932208: daddr:16783984
[  278.788680] AAAAA-TCP_FORW: name:enp0s3: saddr:16783984: daddr:100932208
[  279.317626] AAAAA-TCP_FORW: name:enp0s8: saddr:100932208: daddr:33561200
[  279.318937] AAAAA-TCP_FORW: name:enp0s3: saddr:33561200: daddr:100932208
[  279.584374] AAAAA-TCP_FORW: name:enp0s8: saddr:100932208: daddr:33561200
[  279.585281] AAAAA-TCP_FORW: name:enp0s3: saddr:33561200: daddr:100932208
[  279.918543] AAAAA-TCP_FORW: name:enp0s8: saddr:100932208: daddr:33561200
[  279.919683] AAAAA-TCP_FORW: name:enp0s3: saddr:33561200: daddr:100932208
[  279.923862] AAAAA-TCP_FORW: name:enp0s8: saddr:100932208: daddr:33561200
[  279.924727] AAAAA-TCP_FORW: name:enp0s3: saddr:33561200: daddr:100932208
[  280.155263] AAAAA-TCP_FORW: name:enp0s8: saddr:100932208: daddr:16783984
[  280.156651] AAAAA-TCP_FORW: name:enp0s3: saddr:16783984: daddr:100932208
[  280.170610] AAAAA-TCP_FORW: name:enp0s8: saddr:100932208: daddr:33561200
[  280.172362] AAAAA-TCP_FORW: name:enp0s3: saddr:33561200: daddr:100932208
[  280.198746] AAAAA-TCP_FORW: name:enp0s8: saddr:100932208: daddr:33561200
[  280.200071] AAAAA-TCP_FORW: name:enp0s3: saddr:33561200: daddr:100932208
[  280.212783] AAAAA-TCP_FORW: name:enp0s8: saddr:100932208: daddr:16783984
[  280.213755] AAAAA-TCP_FORW: name:enp0s3: saddr:16783984: daddr:100932208
[  280.288824] AAAAA-TCP_FORW: name:enp0s8: saddr:100932208: daddr:33561200
[  280.289683] AAAAA-TCP_FORW: name:enp0s3: saddr:33561200: daddr:100932208
[  280.479053] AAAAA-TCP_FORW: name:enp0s8: saddr:100932208: daddr:33561200
[  280.480378] AAAAA-TCP_FORW: name:enp0s3: saddr:33561200: daddr:100932208
[  280.502881] AAAAA-TCP_FORW: name:enp0s8: saddr:100932208: daddr:33561200
[  280.504083] AAAAA-TCP_FORW: name:enp0s3: saddr:33561200: daddr:100932208
[  280.740172] AAAAA-TCP_FORW: name:enp0s8: saddr:100932208: daddr:33561200
[  280.741416] AAAAA-TCP_FORW: name:enp0s3: saddr:33561200: daddr:100932208
[  281.101328] AAAAA-TCP_FORW: name:enp0s8: saddr:100932208: daddr:16783984
[  281.102238] AAAAA-TCP_FORW: name:enp0s3: saddr:16783984: daddr:100932208
[  281.142269] AAAAA-TCP_FORW: name:enp0s8: saddr:100932208: daddr:33561200
[  281.142985] AAAAA-TCP_FORW: name:enp0s3: saddr:33561200: daddr:100932208
[  281.379791] AAAAA-TCP_FORW: name:enp0s8: saddr:100932208: daddr:33561200
[  281.381047] AAAAA-TCP_FORW: name:enp0s3: saddr:33561200: daddr:100932208
[  281.549011] AAAAA-TCP_FORW: name:enp0s8: saddr:100932208: daddr:16783984
[  281.549832] AAAAA-TCP_FORW: name:enp0s3: saddr:16783984: daddr:100932208
[  283.215068] AAAAA-TCP_FORW: name:enp0s8: saddr:100932208: daddr:16783984
[  283.216305] AAAAA-TCP_FORW: name:enp0s3: saddr:16783984: daddr:100932208
[  283.915240] AAAAA-TCP_FORW: name:enp0s8: saddr:100932208: daddr:16783984
[  283.916488] AAAAA-TCP_FORW: name:enp0s3: saddr:16783984: daddr:100932208
[  284.226185] AAAAA-TCP_FORW: name:enp0s8: saddr:100932208: daddr:16783984
[  284.227549] AAAAA-TCP_FORW: name:enp0s3: saddr:16783984: daddr:100932208
[  284.747608] AAAAA-TCP_FORW: name:enp0s8: saddr:100932208: daddr:33561200
[  285.212070] AAAAA-TCP_FORW: name:enp0s8: saddr:100932208: daddr:33561200
[  285.213298] AAAAA-TCP_FORW: name:enp0s3: saddr:33561200: daddr:100932208
[  285.537138] AAAAA-TCP_FORW: name:enp0s8: saddr:100932208: daddr:33561200
[  285.716794] AAAAA-TCP_FORW: name:enp0s8: saddr:100932208: daddr:33561200
[  285.718360] AAAAA-TCP_FORW: name:enp0s3: saddr:33561200: daddr:100932208
[  287.306148] AAAAA-TCP_FORW: name:enp0s8: saddr:100932208: daddr:16783984
[  287.307201] AAAAA-TCP_FORW: name:enp0s3: saddr:16783984: daddr:100932208
[  287.736690] AAAAA-TCP_FORW: name:enp0s8: saddr:100932208: daddr:16783984
[  287.737918] AAAAA-TCP_FORW: name:enp0s3: saddr:16783984: daddr:100932208
[  287.879458] AAAAA-TCP_FORW: name:enp0s8: saddr:100932208: daddr:33561200
[  287.880526] AAAAA-TCP_FORW: name:enp0s3: saddr:33561200: daddr:100932208
[  288.669725] AAAAA-TCP_FORW: name:enp0s8: saddr:100932208: daddr:33561200
[  288.670936] AAAAA-TCP_FORW: name:enp0s3: saddr:33561200: daddr:100932208
[  288.743178] AAAAA-TCP_FORW: name:enp0s8: saddr:100932208: daddr:33561200
[  288.744333] AAAAA-TCP_FORW: name:enp0s3: saddr:33561200: daddr:100932208
[  288.864527] AAAAA-TCP_FORW: name:enp0s8: saddr:100932208: daddr:33561200
[  288.865788] AAAAA-TCP_FORW: name:enp0s3: saddr:33561200: daddr:100932208
[  289.992900] AAAAA-TCP_FORW: name:enp0s8: saddr:100932208: daddr:33561200
[  289.993995] AAAAA-TCP_FORW: name:enp0s3: saddr:33561200: daddr:100932208
[  290.378875] AAAAA-TCP_FORW: name:enp0s8: saddr:100932208: daddr:33561200
[  290.380014] AAAAA-TCP_FORW: name:enp0s3: saddr:33561200: daddr:100932208
[  290.696729] AAAAA-TCP_FORW: name:enp0s8: saddr:100932208: daddr:33561200
[  290.697914] AAAAA-TCP_FORW: name:enp0s3: saddr:33561200: daddr:100932208
[  291.126205] AAAAA-TCP_FORW: name:enp0s8: saddr:100932208: daddr:16783984
[  291.127947] AAAAA-TCP_FORW: name:enp0s3: saddr:16783984: daddr:100932208
[  291.974194] AAAAA-TCP_FORW: name:enp0s8: saddr:100932208: daddr:16783984
[  291.975472] AAAAA-TCP_FORW: name:enp0s3: saddr:16783984: daddr:100932208
[  292.105378] AAAAA-TCP_FORW: name:enp0s8: saddr:100932208: daddr:16783984
[  292.106654] AAAAA-TCP_FORW: name:enp0s3: saddr:16783984: daddr:100932208
[  292.173853] AAAAA-TCP_FORW: name:enp0s8: saddr:100932208: daddr:16783984
[  292.175108] AAAAA-TCP_FORW: name:enp0s3: saddr:16783984: daddr:100932208
[  292.473464] AAAAA-TCP_FORW: name:enp0s8: saddr:100932208: daddr:33561200
[  292.474742] AAAAA-TCP_FORW: name:enp0s3: saddr:33561200: daddr:100932208
[  292.617211] AAAAA-TCP_FORW: name:enp0s8: saddr:100932208: daddr:33561200
[  292.618027] AAAAA-TCP_FORW: name:enp0s3: saddr:33561200: daddr:100932208
[  292.801406] AAAAA-TCP_FORW: name:enp0s8: saddr:100932208: daddr:33561200
[  292.802670] AAAAA-TCP_FORW: name:enp0s3: saddr:33561200: daddr:100932208
[  293.090458] AAAAA-TCP_FORW: name:enp0s8: saddr:100932208: daddr:33561200
[  293.091721] AAAAA-TCP_FORW: name:enp0s3: saddr:33561200: daddr:100932208
[  293.407384] AAAAA-TCP_FORW: name:enp0s8: saddr:100932208: daddr:33561200
[  293.408593] AAAAA-TCP_FORW: name:enp0s3: saddr:33561200: daddr:100932208
[  293.525213] AAAAA-TCP_FORW: name:enp0s8: saddr:100932208: daddr:33561200
[  293.526448] AAAAA-TCP_FORW: name:enp0s3: saddr:33561200: daddr:100932208
[  293.867874] AAAAA-TCP_FORW: name:enp0s8: saddr:100932208: daddr:33561200
[  293.869157] AAAAA-TCP_FORW: name:enp0s3: saddr:33561200: daddr:100932208
[  293.981818] AAAAA-TCP_FORW: name:enp0s8: saddr:100932208: daddr:33561200
[  293.983053] AAAAA-TCP_FORW: name:enp0s3: saddr:33561200: daddr:100932208
[  294.305235] AAAAA-TCP_FORW: name:enp0s8: saddr:100932208: daddr:33561200
[  294.306527] AAAAA-TCP_FORW: name:enp0s3: saddr:33561200: daddr:100932208
[  294.406595] AAAAA-TCP_FORW: name:enp0s8: saddr:100932208: daddr:33561200
[  294.407861] AAAAA-TCP_FORW: name:enp0s3: saddr:33561200: daddr:100932208
[  294.560306] AAAAA-TCP_FORW: name:enp0s8: saddr:100932208: daddr:16783984
[  294.561635] AAAAA-TCP_FORW: name:enp0s3: saddr:16783984: daddr:100932208
[  294.823917] AAAAA-TCP_FORW: name:enp0s8: saddr:100932208: daddr:33561200
[  294.825200] AAAAA-TCP_FORW: name:enp0s3: saddr:33561200: daddr:100932208
[  294.951563] AAAAA-TCP_FORW: name:enp0s8: saddr:100932208: daddr:33561200
[  294.952743] AAAAA-TCP_FORW: name:enp0s3: saddr:33561200: daddr:100932208
[  295.207698] AAAAA-TCP_FORW: name:enp0s8: saddr:100932208: daddr:33561200
[  295.209058] AAAAA-TCP_FORW: name:enp0s3: saddr:33561200: daddr:100932208
[  295.421679] AAAAA-TCP_FORW: name:enp0s8: saddr:100932208: daddr:33561200
[  295.422879] AAAAA-TCP_FORW: name:enp0s3: saddr:33561200: daddr:100932208
[  295.721950] AAAAA-TCP_FORW: name:enp0s8: saddr:100932208: daddr:33561200
[  295.723320] AAAAA-TCP_FORW: name:enp0s3: saddr:33561200: daddr:100932208
[  295.908837] AAAAA-TCP_FORW: name:enp0s8: saddr:100932208: daddr:33561200
[  295.910029] AAAAA-TCP_FORW: name:enp0s3: saddr:33561200: daddr:100932208
[  296.173171] AAAAA-TCP_FORW: name:enp0s8: saddr:100932208: daddr:33561200
[  296.174495] AAAAA-TCP_FORW: name:enp0s3: saddr:33561200: daddr:100932208
[  296.281809] AAAAA-TCP_FORW: name:enp0s8: saddr:100932208: daddr:33561200
[  296.282864] AAAAA-TCP_FORW: name:enp0s3: saddr:33561200: daddr:100932208
[  296.479348] AAAAA-TCP_FORW: name:enp0s8: saddr:100932208: daddr:33561200
[  296.480644] AAAAA-TCP_FORW: name:enp0s3: saddr:33561200: daddr:100932208
[  296.660443] AAAAA-TCP_FORW: name:enp0s8: saddr:100932208: daddr:33561200
[  296.661607] AAAAA-TCP_FORW: name:enp0s3: saddr:33561200: daddr:100932208
[  296.795063] AAAAA-TCP_FORW: name:enp0s8: saddr:100932208: daddr:16783984
[  296.796278] AAAAA-TCP_FORW: name:enp0s3: saddr:16783984: daddr:100932208
[  297.207731] AAAAA-TCP_FORW: name:enp0s8: saddr:100932208: daddr:33561200
[  297.208942] AAAAA-TCP_FORW: name:enp0s3: saddr:33561200: daddr:100932208
[  297.427383] AAAAA-TCP_FORW: name:enp0s8: saddr:100932208: daddr:33561200
[  297.428618] AAAAA-TCP_FORW: name:enp0s3: saddr:33561200: daddr:100932208
[  297.634397] AAAAA-TCP_FORW: name:enp0s8: saddr:100932208: daddr:33561200
[  297.635658] AAAAA-TCP_FORW: name:enp0s3: saddr:33561200: daddr:100932208
[  297.725852] AAAAA-TCP_FORW: name:enp0s8: saddr:100932208: daddr:33561200
[  297.727106] AAAAA-TCP_FORW: name:enp0s3: saddr:33561200: daddr:100932208
[  297.868514] AAAAA-TCP_FORW: name:enp0s8: saddr:100932208: daddr:33561200
[  297.869667] AAAAA-TCP_FORW: name:enp0s3: saddr:33561200: daddr:100932208
[  298.037349] AAAAA-TCP_FORW: name:enp0s8: saddr:100932208: daddr:33561200
[  298.039160] AAAAA-TCP_FORW: name:enp0s3: saddr:33561200: daddr:100932208
[  298.279420] AAAAA-TCP_FORW: name:enp0s8: saddr:100932208: daddr:33561200
[  298.281134] AAAAA-TCP_FORW: name:enp0s3: saddr:33561200: daddr:100932208
[  298.438672] AAAAA-TCP_FORW: name:enp0s8: saddr:100932208: daddr:33561200
[  298.440384] AAAAA-TCP_FORW: name:enp0s3: saddr:33561200: daddr:100932208
[  298.506105] AAAAA-TCP_FORW: name:enp0s8: saddr:100932208: daddr:33561200
[  298.507300] AAAAA-TCP_FORW: name:enp0s3: saddr:33561200: daddr:100932208
[  298.581010] AAAAA-TCP_FORW: name:enp0s8: saddr:100932208: daddr:33561200
[  298.582764] AAAAA-TCP_FORW: name:enp0s3: saddr:33561200: daddr:100932208
[  298.702211] AAAAA-TCP_FORW: name:enp0s8: saddr:100932208: daddr:16783984
[  298.703267] AAAAA-TCP_FORW: name:enp0s3: saddr:16783984: daddr:100932208
[  298.979682] AAAAA-TCP_FORW: name:enp0s8: saddr:100932208: daddr:33561200
[  298.980916] AAAAA-TCP_FORW: name:enp0s3: saddr:33561200: daddr:100932208
[  299.071530] AAAAA-TCP_FORW: name:enp0s8: saddr:100932208: daddr:33561200
[  299.072548] AAAAA-TCP_FORW: name:enp0s3: saddr:33561200: daddr:100932208
[  299.206046] AAAAA-TCP_FORW: name:enp0s8: saddr:100932208: daddr:33561200
[  299.207288] AAAAA-TCP_FORW: name:enp0s3: saddr:33561200: daddr:100932208
[  299.353829] AAAAA-TCP_FORW: name:enp0s8: saddr:100932208: daddr:33561200
[  299.355035] AAAAA-TCP_FORW: name:enp0s3: saddr:33561200: daddr:100932208
[  299.475053] AAAAA-TCP_FORW: name:enp0s8: saddr:100932208: daddr:33561200
[  299.476267] AAAAA-TCP_FORW: name:enp0s3: saddr:33561200: daddr:100932208
[  299.533479] AAAAA-TCP_FORW: name:enp0s8: saddr:100932208: daddr:33561200
[  299.534478] AAAAA-TCP_FORW: name:enp0s3: saddr:33561200: daddr:100932208
[  299.618996] AAAAA-TCP_FORW: name:enp0s8: saddr:100932208: daddr:16783984
[  299.619952] AAAAA-TCP_FORW: name:enp0s3: saddr:16783984: daddr:100932208
[  299.711708] AAAAA-TCP_FORW: name:enp0s8: saddr:100932208: daddr:33561200
[  299.712747] AAAAA-TCP_FORW: name:enp0s3: saddr:33561200: daddr:100932208
[  299.848322] AAAAA-TCP_FORW: name:enp0s8: saddr:100932208: daddr:33561200
[  299.849501] AAAAA-TCP_FORW: name:enp0s3: saddr:33561200: daddr:100932208
[  299.970149] AAAAA-TCP_FORW: name:enp0s8: saddr:100932208: daddr:33561200
[  299.971886] AAAAA-TCP_FORW: name:enp0s3: saddr:33561200: daddr:100932208
[  300.054603] AAAAA-TCP_FORW: name:enp0s8: saddr:100932208: daddr:33561200
[  300.055496] AAAAA-TCP_FORW: name:enp0s3: saddr:33561200: daddr:100932208
[  300.114865] AAAAA-TCP_FORW: name:enp0s8: saddr:100932208: daddr:33561200
[  300.116095] AAAAA-TCP_FORW: name:enp0s3: saddr:33561200: daddr:100932208
[  300.211607] AAAAA-TCP_FORW: name:enp0s8: saddr:100932208: daddr:33561200
[  300.212584] AAAAA-TCP_FORW: name:enp0s3: saddr:33561200: daddr:100932208
[  300.293233] AAAAA-TCP_FORW: name:enp0s8: saddr:100932208: daddr:16783984
[  300.294515] AAAAA-TCP_FORW: name:enp0s3: saddr:16783984: daddr:100932208
[  300.414829] AAAAA-TCP_FORW: name:enp0s8: saddr:100932208: daddr:33561200
[  300.416080] AAAAA-TCP_FORW: name:enp0s3: saddr:33561200: daddr:100932208
[  300.488073] AAAAA-TCP_FORW: name:enp0s8: saddr:100932208: daddr:33561200
[  300.489306] AAAAA-TCP_FORW: name:enp0s3: saddr:33561200: daddr:100932208
[  300.572173] AAAAA-TCP_FORW: name:enp0s8: saddr:100932208: daddr:33561200
[  300.573387] AAAAA-TCP_FORW: name:enp0s3: saddr:33561200: daddr:100932208
[  300.657897] AAAAA-TCP_FORW: name:enp0s8: saddr:100932208: daddr:33561200
[  300.659055] AAAAA-TCP_FORW: name:enp0s3: saddr:33561200: daddr:100932208
[  300.809590] AAAAA-TCP_FORW: name:enp0s8: saddr:100932208: daddr:33561200
[  300.866774] AAAAA-TCP_FORW: name:enp0s3: saddr:33561200: daddr:100932208
[  300.919196] AAAAA-TCP_FORW: name:enp0s8: saddr:100932208: daddr:33561200
[  300.953158] AAAAA-TCP_FORW: name:enp0s8: saddr:100932208: daddr:33561200
[  300.954658] AAAAA-TCP_FORW: name:enp0s3: saddr:33561200: daddr:100932208
[  301.041999] AAAAA-TCP_FORW: name:enp0s8: saddr:100932208: daddr:16783984
[  301.043262] AAAAA-TCP_FORW: name:enp0s3: saddr:16783984: daddr:100932208
[  301.157713] AAAAA-TCP_FORW: name:enp0s8: saddr:100932208: daddr:33561200
[  301.213357] AAAAA-TCP_FORW: name:enp0s8: saddr:100932208: daddr:33561200
[  301.214489] AAAAA-TCP_FORW: name:enp0s3: saddr:33561200: daddr:100932208
[  301.297455] AAAAA-TCP_FORW: name:enp0s8: saddr:100932208: daddr:33561200
[  301.345691] AAAAA-TCP_FORW: name:enp0s8: saddr:100932208: daddr:33561200
[  301.346897] AAAAA-TCP_FORW: name:enp0s3: saddr:33561200: daddr:100932208
[  301.432911] AAAAA-TCP_FORW: name:enp0s8: saddr:100932208: daddr:33561200
[  301.491008] AAAAA-TCP_FORW: name:enp0s8: saddr:100932208: daddr:33561200
[  301.492157] AAAAA-TCP_FORW: name:enp0s3: saddr:33561200: daddr:100932208
[  301.569027] AAAAA-TCP_FORW: name:enp0s8: saddr:100932208: daddr:33561200
[  301.615819] AAAAA-TCP_FORW: name:enp0s8: saddr:100932208: daddr:33561200
[  301.617018] AAAAA-TCP_FORW: name:enp0s3: saddr:33561200: daddr:100932208
[  301.707825] AAAAA-TCP_FORW: name:enp0s8: saddr:100932208: daddr:16783984
[  301.708768] AAAAA-TCP_FORW: name:enp0s3: saddr:16783984: daddr:100932208
[  301.806829] AAAAA-TCP_FORW: name:enp0s8: saddr:100932208: daddr:33561200
[  301.860467] AAAAA-TCP_FORW: name:enp0s8: saddr:100932208: daddr:33561200
[  301.861693] AAAAA-TCP_FORW: name:enp0s3: saddr:33561200: daddr:100932208
[  301.928671] AAAAA-TCP_FORW: name:enp0s8: saddr:100932208: daddr:33561200
[  301.997708] AAAAA-TCP_FORW: name:enp0s8: saddr:100932208: daddr:33561200
[  301.998895] AAAAA-TCP_FORW: name:enp0s3: saddr:33561200: daddr:100932208
[  302.089041] AAAAA-TCP_FORW: name:enp0s8: saddr:100932208: daddr:33561200
[  302.117369] AAAAA-TCP_FORW: name:enp0s8: saddr:100932208: daddr:33561200
[  302.118825] AAAAA-TCP_FORW: name:enp0s3: saddr:33561200: daddr:100932208
[  302.208028] AAAAA-TCP_FORW: name:enp0s8: saddr:100932208: daddr:33561200
[  302.284595] AAAAA-TCP_FORW: name:enp0s8: saddr:100932208: daddr:33561200
[  302.285769] AAAAA-TCP_FORW: name:enp0s3: saddr:33561200: daddr:100932208
[  302.368852] AAAAA-TCP_FORW: name:enp0s8: saddr:100932208: daddr:16783984
[  302.370102] AAAAA-TCP_FORW: name:enp0s3: saddr:16783984: daddr:100932208
[  302.459361] AAAAA-TCP_FORW: name:enp0s8: saddr:100932208: daddr:16783984
[  302.460574] AAAAA-TCP_FORW: name:enp0s3: saddr:16783984: daddr:100932208
[  302.512349] AAAAA-TCP_FORW: name:enp0s8: saddr:100932208: daddr:33561200
[  302.575873] AAAAA-TCP_FORW: name:enp0s8: saddr:100932208: daddr:33561200
[  302.577195] AAAAA-TCP_FORW: name:enp0s3: saddr:33561200: daddr:100932208
[  302.668024] AAAAA-TCP_FORW: name:enp0s8: saddr:100932208: daddr:33561200
[  302.781497] AAAAA-TCP_FORW: name:enp0s8: saddr:100932208: daddr:33561200
[  302.782435] AAAAA-TCP_FORW: name:enp0s3: saddr:33561200: daddr:100932208
[  302.848577] AAAAA-TCP_FORW: name:enp0s8: saddr:100932208: daddr:33561200
[  302.880461] AAAAA-TCP_FORW: name:enp0s8: saddr:100932208: daddr:33561200
[  302.881687] AAAAA-TCP_FORW: name:enp0s3: saddr:33561200: daddr:100932208
[  302.983809] AAAAA-TCP_FORW: name:enp0s8: saddr:100932208: daddr:33561200
[  303.021408] AAAAA-TCP_FORW: name:enp0s8: saddr:100932208: daddr:33561200
[  303.022610] AAAAA-TCP_FORW: name:enp0s3: saddr:33561200: daddr:100932208
[  303.121831] AAAAA-TCP_FORW: name:enp0s8: saddr:100932208: daddr:33561200
[  303.170873] AAAAA-TCP_FORW: name:enp0s8: saddr:100932208: daddr:16783984
[  303.172078] AAAAA-TCP_FORW: name:enp0s3: saddr:16783984: daddr:100932208
[  303.262635] AAAAA-TCP_FORW: name:enp0s3: saddr:33561200: daddr:100932208
[  303.289778] AAAAA-TCP_FORW: name:enp0s8: saddr:100932208: daddr:16783984
[  303.290622] AAAAA-TCP_FORW: name:enp0s3: saddr:16783984: daddr:100932208
[  303.387136] AAAAA-TCP_FORW: name:enp0s8: saddr:100932208: daddr:33561200
[  303.471238] AAAAA-TCP_FORW: name:enp0s8: saddr:100932208: daddr:33561200
[  303.472532] AAAAA-TCP_FORW: name:enp0s3: saddr:33561200: daddr:100932208
[  303.542216] AAAAA-TCP_FORW: name:enp0s8: saddr:100932208: daddr:33561200
[  303.611595] AAAAA-TCP_FORW: name:enp0s8: saddr:100932208: daddr:33561200
[  303.612832] AAAAA-TCP_FORW: name:enp0s3: saddr:33561200: daddr:100932208
[  303.725445] AAAAA-TCP_FORW: name:enp0s8: saddr:100932208: daddr:33561200
[  303.783862] AAAAA-TCP_FORW: name:enp0s8: saddr:100932208: daddr:33561200
[  303.785102] AAAAA-TCP_FORW: name:enp0s3: saddr:33561200: daddr:100932208
[  303.847980] AAAAA-TCP_FORW: name:enp0s8: saddr:100932208: daddr:33561200
[  303.900405] AAAAA-TCP_FORW: name:enp0s8: saddr:100932208: daddr:33561200
[  303.901736] AAAAA-TCP_FORW: name:enp0s3: saddr:33561200: daddr:100932208
[  304.009625] AAAAA-TCP_FORW: name:enp0s8: saddr:100932208: daddr:16783984
[  304.010908] AAAAA-TCP_FORW: name:enp0s3: saddr:16783984: daddr:100932208
[  304.106475] AAAAA-TCP_FORW: name:enp0s8: saddr:100932208: daddr:33561200
[  304.161088] AAAAA-TCP_FORW: name:enp0s8: saddr:100932208: daddr:16783984
[  304.162336] AAAAA-TCP_FORW: name:enp0s3: saddr:16783984: daddr:100932208
[  304.233275] AAAAA-TCP_FORW: name:enp0s3: saddr:33561200: daddr:100932208
[  304.289707] AAAAA-TCP_FORW: name:enp0s8: saddr:100932208: daddr:33561200
[  304.362770] AAAAA-TCP_FORW: name:enp0s8: saddr:100932208: daddr:33561200
[  304.363994] AAAAA-TCP_FORW: name:enp0s3: saddr:33561200: daddr:100932208
[  304.437259] AAAAA-TCP_FORW: name:enp0s8: saddr:100932208: daddr:33561200
[  304.486083] AAAAA-TCP_FORW: name:enp0s8: saddr:100932208: daddr:33561200
[  304.487367] AAAAA-TCP_FORW: name:enp0s3: saddr:33561200: daddr:100932208
[  304.568190] AAAAA-TCP_FORW: name:enp0s8: saddr:100932208: daddr:33561200
[  304.600703] AAAAA-TCP_FORW: name:enp0s8: saddr:100932208: daddr:33561200
[  304.601950] AAAAA-TCP_FORW: name:enp0s3: saddr:33561200: daddr:100932208
[  304.691502] AAAAA-TCP_FORW: name:enp0s8: saddr:100932208: daddr:33561200
[  304.793627] AAAAA-TCP_FORW: name:enp0s8: saddr:100932208: daddr:33561200
[  304.794820] AAAAA-TCP_FORW: name:enp0s3: saddr:33561200: daddr:100932208
[  304.895378] AAAAA-TCP_FORW: name:enp0s8: saddr:100932208: daddr:33561200
[  305.034515] AAAAA-TCP_FORW: name:enp0s3: saddr:33561200: daddr:100932208
[  305.091351] AAAAA-TCP_FORW: name:enp0s8: saddr:100932208: daddr:16783984
[  305.092562] AAAAA-TCP_FORW: name:enp0s3: saddr:16783984: daddr:100932208
[  305.190176] AAAAA-TCP_FORW: name:enp0s8: saddr:100932208: daddr:16783984
[  305.191449] AAAAA-TCP_FORW: name:enp0s3: saddr:16783984: daddr:100932208
[  305.320246] AAAAA-TCP_FORW: name:enp0s8: saddr:100932208: daddr:33561200
[  305.321175] AAAAA-TCP_FORW: name:enp0s3: saddr:33561200: daddr:100932208
[  305.494106] AAAAA-TCP_FORW: name:enp0s8: saddr:100932208: daddr:33561200
[  305.495320] AAAAA-TCP_FORW: name:enp0s3: saddr:33561200: daddr:100932208
[  305.656332] AAAAA-TCP_FORW: name:enp0s8: saddr:100932208: daddr:33561200
[  305.657639] AAAAA-TCP_FORW: name:enp0s3: saddr:33561200: daddr:100932208
[  305.921515] AAAAA-TCP_FORW: name:enp0s8: saddr:100932208: daddr:33561200
[  305.922253] AAAAA-TCP_FORW: name:enp0s3: saddr:33561200: daddr:100932208
[  306.038478] AAAAA-TCP_FORW: name:enp0s8: saddr:100932208: daddr:33561200
[  306.039454] AAAAA-TCP_FORW: name:enp0s3: saddr:33561200: daddr:100932208
[  306.128166] AAAAA-TCP_FORW: name:enp0s8: saddr:100932208: daddr:33561200
[  306.129457] AAAAA-TCP_FORW: name:enp0s3: saddr:33561200: daddr:100932208
[  306.276820] AAAAA-TCP_FORW: name:enp0s8: saddr:100932208: daddr:33561200
[  306.278000] AAAAA-TCP_FORW: name:enp0s3: saddr:33561200: daddr:100932208
[  306.396819] AAAAA-TCP_FORW: name:enp0s8: saddr:100932208: daddr:33561200
[  306.398023] AAAAA-TCP_FORW: name:enp0s3: saddr:33561200: daddr:100932208
[  306.464445] AAAAA-TCP_FORW: name:enp0s8: saddr:100932208: daddr:33561200
[  306.465725] AAAAA-TCP_FORW: name:enp0s3: saddr:33561200: daddr:100932208
[  306.590444] AAAAA-TCP_FORW: name:enp0s8: saddr:100932208: daddr:33561200
[  306.592026] AAAAA-TCP_FORW: name:enp0s3: saddr:33561200: daddr:100932208
[  306.661983] AAAAA-TCP_FORW: name:enp0s8: saddr:100932208: daddr:16783984
[  306.663260] AAAAA-TCP_FORW: name:enp0s3: saddr:16783984: daddr:100932208
[  306.902908] AAAAA-TCP_FORW: name:enp0s8: saddr:100932208: daddr:16783984
[  306.904133] AAAAA-TCP_FORW: name:enp0s3: saddr:16783984: daddr:100932208
[  306.992326] AAAAA-TCP_FORW: name:enp0s8: saddr:100932208: daddr:33561200
[  306.993580] AAAAA-TCP_FORW: name:enp0s3: saddr:33561200: daddr:100932208
[  307.103426] AAAAA-TCP_FORW: name:enp0s8: saddr:100932208: daddr:33561200
[  307.104587] AAAAA-TCP_FORW: name:enp0s3: saddr:33561200: daddr:100932208
[  307.206276] AAAAA-TCP_FORW: name:enp0s8: saddr:100932208: daddr:33561200
[  307.207632] AAAAA-TCP_FORW: name:enp0s3: saddr:33561200: daddr:100932208
[  307.292746] AAAAA-TCP_FORW: name:enp0s8: saddr:100932208: daddr:33561200
[  307.293976] AAAAA-TCP_FORW: name:enp0s3: saddr:33561200: daddr:100932208
[  307.387813] AAAAA-TCP_FORW: name:enp0s8: saddr:100932208: daddr:33561200
[  307.389028] AAAAA-TCP_FORW: name:enp0s3: saddr:33561200: daddr:100932208
[  307.471914] AAAAA-TCP_FORW: name:enp0s8: saddr:100932208: daddr:33561200
[  307.473097] AAAAA-TCP_FORW: name:enp0s3: saddr:33561200: daddr:100932208
[  307.544766] AAAAA-TCP_FORW: name:enp0s8: saddr:100932208: daddr:33561200
[  307.586537] AAAAA-TCP_FORW: name:enp0s3: saddr:33561200: daddr:100932208
[  307.668573] AAAAA-TCP_FORW: name:enp0s8: saddr:100932208: daddr:33561200
[  307.750778] AAAAA-TCP_FORW: name:enp0s3: saddr:33561200: daddr:100932208
[  307.871004] AAAAA-TCP_FORW: name:enp0s8: saddr:100932208: daddr:33561200
[  307.920468] AAAAA-TCP_FORW: name:enp0s8: saddr:100932208: daddr:33561200
[  307.921779] AAAAA-TCP_FORW: name:enp0s3: saddr:33561200: daddr:100932208
[  308.004601] AAAAA-TCP_FORW: name:enp0s8: saddr:100932208: daddr:33561200
[  308.091139] AAAAA-TCP_FORW: name:enp0s8: saddr:100932208: daddr:16783984
[  308.092438] AAAAA-TCP_FORW: name:enp0s3: saddr:16783984: daddr:100932208
[  308.142728] AAAAA-TCP_FORW: name:enp0s3: saddr:33561200: daddr:100932208
[  308.201168] AAAAA-TCP_FORW: name:enp0s8: saddr:100932208: daddr:16783984
[  308.202416] AAAAA-TCP_FORW: name:enp0s3: saddr:16783984: daddr:100932208
[  308.367165] AAAAA-TCP_FORW: name:enp0s8: saddr:100932208: daddr:33561200
[  308.432479] AAAAA-TCP_FORW: name:enp0s8: saddr:100932208: daddr:33561200
[  308.433744] AAAAA-TCP_FORW: name:enp0s3: saddr:33561200: daddr:100932208
