[    0.000000] Linux version 5.4.243-mptcp (root@ztg) (gcc version 12.2.0 (Debian 12.2.0-14+deb12u1)) #53 SMP Wed Dec 24 23:28:15 CST 2025
[    0.000000] Command line: BOOT_IMAGE=/boot/vmlinuz-5.4.243-mptcp root=UUID=98415a12-53b7-4144-8265-0f7ece09e445 ro quiet splash
[    0.000000] KERNEL supported cpus:
[    0.000000]   Intel GenuineIntel
[    0.000000]   AMD AuthenticAMD
[    0.000000]   Hygon HygonGenuine
[    0.000000]   Centaur CentaurHauls
[    0.000000]   zhaoxin   Shanghai  
[    0.000000] x86/fpu: Supporting XSAVE feature 0x001: 'x87 floating point registers'
[    0.000000] x86/fpu: Supporting XSAVE feature 0x002: 'SSE registers'
[    0.000000] x86/fpu: Supporting XSAVE feature 0x004: 'AVX registers'
[    0.000000] x86/fpu: xstate_offset[2]:  576, xstate_sizes[2]:  256
[    0.000000] x86/fpu: Enabled xstate features 0x7, context size is 832 bytes, using 'standard' format.
[    0.000000] BIOS-provided physical RAM map:
[    0.000000] BIOS-e820: [mem 0x0000000000000000-0x000000000009fbff] usable
[    0.000000] BIOS-e820: [mem 0x000000000009fc00-0x000000000009ffff] reserved
[    0.000000] BIOS-e820: [mem 0x00000000000f0000-0x00000000000fffff] reserved
[    0.000000] BIOS-e820: [mem 0x0000000000100000-0x000000007ffeffff] usable
[    0.000000] BIOS-e820: [mem 0x000000007fff0000-0x000000007fffffff] ACPI data
[    0.000000] BIOS-e820: [mem 0x00000000fec00000-0x00000000fec00fff] reserved
[    0.000000] BIOS-e820: [mem 0x00000000fee00000-0x00000000fee00fff] reserved
[    0.000000] BIOS-e820: [mem 0x00000000fffc0000-0x00000000ffffffff] reserved
[    0.000000] NX (Execute Disable) protection: active
[    0.000000] SMBIOS 2.5 present.
[    0.000000] DMI: innotek GmbH VirtualBox/VirtualBox, BIOS VirtualBox 12/01/2006
[    0.000000] Hypervisor detected: KVM
[    0.000000] kvm-clock: Using msrs 4b564d01 and 4b564d00
[    0.000000] kvm-clock: cpu 0, msr 22801001, primary cpu clock
[    0.000000] kvm-clock: using sched offset of 4460549756 cycles
[    0.000004] clocksource: kvm-clock: mask: 0xffffffffffffffff max_cycles: 0x1cd42e4dffb, max_idle_ns: 881590591483 ns
[    0.000007] tsc: Detected 2100.000 MHz processor
[    0.002644] e820: update [mem 0x00000000-0x00000fff] usable ==> reserved
[    0.002647] e820: remove [mem 0x000a0000-0x000fffff] usable
[    0.002652] last_pfn = 0x7fff0 max_arch_pfn = 0x400000000
[    0.002741] MTRR default type: uncachable
[    0.002742] MTRR fixed ranges enabled:
[    0.002744]   00000-9FFFF write-back
[    0.002745]   A0000-BFFFF uncachable
[    0.002746]   C0000-FFFFF write-protect
[    0.002747] MTRR variable ranges enabled:
[    0.002749]   0 base 000000000000 mask 3FFF80000000 write-back
[    0.002749]   1 disabled
[    0.002750]   2 disabled
[    0.002751]   3 disabled
[    0.002751]   4 disabled
[    0.002752]   5 disabled
[    0.002752]   6 disabled
[    0.002753]   7 disabled
[    0.002753]   8 disabled
[    0.002754]   9 disabled
[    0.002755]   10 disabled
[    0.002755]   11 disabled
[    0.002756]   12 disabled
[    0.002756]   13 disabled
[    0.002757]   14 disabled
[    0.002758]   15 disabled
[    0.002778] x86/PAT: Configuration [0-7]: WB  WC  UC- UC  WB  WP  UC- WT  
[    0.002952] found SMP MP-table at [mem 0x0009fff0-0x0009ffff]
[    0.098458] check: Scanning 1 areas for low memory corruption
[    0.098695] RAMDISK: [mem 0x32271000-0x3512ffff]
[    0.098704] ACPI: Early table checksum verification disabled
[    0.098709] ACPI: RSDP 0x00000000000E0000 000024 (v02 VBOX  )
[    0.098715] ACPI: XSDT 0x000000007FFF0030 00003C (v01 VBOX   VBOXXSDT 00000001 ASL  00000061)
[    0.098721] ACPI: FACP 0x000000007FFF00F0 0000F4 (v04 VBOX   VBOXFACP 00000001 ASL  00000061)
[    0.098727] ACPI: DSDT 0x000000007FFF02E0 002353 (v02 VBOX   VBOXBIOS 00000002 VBOX 00029BF3)
[    0.098731] ACPI: FACS 0x000000007FFF0200 000040
[    0.098735] ACPI: FACS 0x000000007FFF0200 000040
[    0.098738] ACPI: APIC 0x000000007FFF0240 000054 (v02 VBOX   VBOXAPIC 00000001 ASL  00000061)
[    0.098741] ACPI: SSDT 0x000000007FFF02A0 000038 (v01 VBOX   VBOXCPUT 00000002 VBOX 00029BF3)
[    0.098745] ACPI: Reserving FACP table memory at [mem 0x7fff00f0-0x7fff01e3]
[    0.098746] ACPI: Reserving DSDT table memory at [mem 0x7fff02e0-0x7fff2632]
[    0.098746] ACPI: Reserving FACS table memory at [mem 0x7fff0200-0x7fff023f]
[    0.098747] ACPI: Reserving FACS table memory at [mem 0x7fff0200-0x7fff023f]
[    0.098748] ACPI: Reserving APIC table memory at [mem 0x7fff0240-0x7fff0293]
[    0.098748] ACPI: Reserving SSDT table memory at [mem 0x7fff02a0-0x7fff02d7]
[    0.098763] ACPI: Local APIC address 0xfee00000
[    0.098973] No NUMA configuration found
[    0.098975] Faking a node at [mem 0x0000000000000000-0x000000007ffeffff]
[    0.098985] NODE_DATA(0) allocated [mem 0x7ffc5000-0x7ffeffff]
[    0.099246] Zone ranges:
[    0.099247]   DMA      [mem 0x0000000000001000-0x0000000000ffffff]
[    0.099248]   DMA32    [mem 0x0000000001000000-0x000000007ffeffff]
[    0.099249]   Normal   empty
[    0.099249]   Device   empty
[    0.099250] Movable zone start for each node
[    0.099252] Early memory node ranges
[    0.099253]   node   0: [mem 0x0000000000001000-0x000000000009efff]
[    0.099253]   node   0: [mem 0x0000000000100000-0x000000007ffeffff]
[    0.099257] Zeroed struct page in unavailable ranges: 114 pages
[    0.099258] Initmem setup node 0 [mem 0x0000000000001000-0x000000007ffeffff]
[    0.099259] On node 0 totalpages: 524174
[    0.099261]   DMA zone: 64 pages used for memmap
[    0.099261]   DMA zone: 21 pages reserved
[    0.099262]   DMA zone: 3998 pages, LIFO batch:0
[    0.099333]   DMA32 zone: 8128 pages used for memmap
[    0.099334]   DMA32 zone: 520176 pages, LIFO batch:63
[    0.108248] ACPI: PM-Timer IO Port: 0x4008
[    0.108251] ACPI: Local APIC address 0xfee00000
[    0.108315] IOAPIC[0]: apic_id 1, version 32, address 0xfec00000, GSI 0-23
[    0.108318] ACPI: INT_SRC_OVR (bus 0 bus_irq 0 global_irq 2 dfl dfl)
[    0.108320] ACPI: INT_SRC_OVR (bus 0 bus_irq 9 global_irq 9 low level)
[    0.108322] ACPI: IRQ0 used by override.
[    0.108323] ACPI: IRQ9 used by override.
[    0.108326] Using ACPI (MADT) for SMP configuration information
[    0.108332] smpboot: Allowing 1 CPUs, 0 hotplug CPUs
[    0.108354] PM: Registered nosave memory: [mem 0x00000000-0x00000fff]
[    0.108355] PM: Registered nosave memory: [mem 0x0009f000-0x0009ffff]
[    0.108356] PM: Registered nosave memory: [mem 0x000a0000-0x000effff]
[    0.108356] PM: Registered nosave memory: [mem 0x000f0000-0x000fffff]
[    0.108358] [mem 0x80000000-0xfebfffff] available for PCI devices
[    0.108359] Booting paravirtualized kernel on KVM
[    0.108362] clocksource: refined-jiffies: mask: 0xffffffff max_cycles: 0xffffffff, max_idle_ns: 7645519600211568 ns
[    0.108367] setup_percpu: NR_CPUS:8192 nr_cpumask_bits:1 nr_cpu_ids:1 nr_node_ids:1
[    0.109373] percpu: Embedded 60 pages/cpu s208896 r8192 d28672 u2097152
[    0.109378] pcpu-alloc: s208896 r8192 d28672 u2097152 alloc=1*2097152
[    0.109379] pcpu-alloc: [0] 0 
[    0.109405] Built 1 zonelists, mobility grouping on.  Total pages: 515961
[    0.109406] Policy zone: DMA32
[    0.109407] Kernel command line: BOOT_IMAGE=/boot/vmlinuz-5.4.243-mptcp root=UUID=98415a12-53b7-4144-8265-0f7ece09e445 ro quiet splash
[    0.110242] Dentry cache hash table entries: 262144 (order: 9, 2097152 bytes, linear)
[    0.110388] Inode-cache hash table entries: 131072 (order: 8, 1048576 bytes, linear)
[    0.110437] mem auto-init: stack:off, heap alloc:on, heap free:off
[    0.110439] Calgary: detecting Calgary via BIOS EBDA area
[    0.110440] Calgary: Unable to locate Rio Grande table in EBDA - bailing!
[    0.114568] Memory: 1967332K/2096696K available (14339K kernel code, 2398K rwdata, 4712K rodata, 2728K init, 17260K bss, 129364K reserved, 0K cma-reserved)
[    0.115497] SLUB: HWalign=64, Order=0-3, MinObjects=0, CPUs=1, Nodes=1
[    0.115514] ftrace: allocating 43186 entries in 169 pages
[    0.133551] rcu: Hierarchical RCU implementation.
[    0.133553] rcu: 	RCU restricting CPUs from NR_CPUS=8192 to nr_cpu_ids=1.
[    0.133554] 	Tasks RCU enabled.
[    0.133555] rcu: RCU calculated value of scheduler-enlistment delay is 25 jiffies.
[    0.133555] rcu: Adjusting geometry for rcu_fanout_leaf=16, nr_cpu_ids=1
[    0.136519] NR_IRQS: 524544, nr_irqs: 256, preallocated irqs: 16
[    0.136737] random: crng init done
[    0.146058] Console: colour VGA+ 80x25
[    0.146062] printk: console [tty0] enabled
[    0.146083] ACPI: Core revision 20190816
[    0.146179] APIC: Switch to symmetric I/O mode setup
[    0.146425] x2apic enabled
[    0.146662] Switched APIC routing to physical x2apic.
[    0.147789] ..TIMER: vector=0x30 apic1=0 pin1=2 apic2=-1 pin2=-1
[    0.147814] clocksource: tsc-early: mask: 0xffffffffffffffff max_cycles: 0x1e4530a99b6, max_idle_ns: 440795257976 ns
[    0.147818] Calibrating delay loop (skipped) preset value.. 4200.00 BogoMIPS (lpj=8400000)
[    0.147821] pid_max: default: 32768 minimum: 301
[    0.147848] LSM: Security Framework initializing
[    0.147858] Yama: becoming mindful.
[    0.147883] AppArmor: AppArmor initialized
[    0.147918] Mount-cache hash table entries: 4096 (order: 3, 32768 bytes, linear)
[    0.147922] Mountpoint-cache hash table entries: 4096 (order: 3, 32768 bytes, linear)
[    0.147933] *** VALIDATE tmpfs ***
[    0.148063] *** VALIDATE proc ***
[    0.148105] *** VALIDATE cgroup1 ***
[    0.148106] *** VALIDATE cgroup2 ***
[    0.148247] process: using mwait in idle threads
[    0.148252] Last level iTLB entries: 4KB 64, 2MB 8, 4MB 8
[    0.148253] Last level dTLB entries: 4KB 64, 2MB 0, 4MB 0, 1GB 4
[    0.148272] Spectre V1 : Mitigation: usercopy/swapgs barriers and __user pointer sanitization
[    0.148277] Spectre V2 : Mitigation: Retpolines
[    0.148278] Spectre V2 : Spectre v2 / SpectreRSB mitigation: Filling RSB on context switch
[    0.148278] Spectre V2 : Spectre v2 / SpectreRSB : Filling RSB on VMEXIT
[    0.148279] RETBleed: WARNING: Spectre v2 mitigation leaves CPU vulnerable to RETBleed attacks, data leaks possible!
[    0.148634] RETBleed: Vulnerable
[    0.148634] Speculative Store Bypass: Vulnerable
[    0.148639] TAA: Mitigation: TSX disabled
[    0.148639] MMIO Stale Data: Mitigation: Clear CPU buffers
[    0.152810] Freeing SMP alternatives memory: 40K
[    0.264934] smpboot: CPU0: Intel(R) Xeon(R) Silver 4216 CPU @ 2.10GHz (family: 0x6, model: 0x55, stepping: 0x7)
[    0.265063] Performance Events: unsupported p6 CPU model 85 no PMU driver, software events only.
[    0.265099] rcu: Hierarchical SRCU implementation.
[    0.265573] NMI watchdog: Perf NMI watchdog permanently disabled
[    0.265610] smp: Bringing up secondary CPUs ...
[    0.265611] smp: Brought up 1 node, 1 CPU
[    0.265612] smpboot: Max logical packages: 1
[    0.265613] smpboot: Total of 1 processors activated (4200.00 BogoMIPS)
[    0.266553] devtmpfs: initialized
[    0.266599] x86/mm: Memory block size: 128MB
[    0.266944] clocksource: jiffies: mask: 0xffffffff max_cycles: 0xffffffff, max_idle_ns: 7645041785100000 ns
[    0.266950] futex hash table entries: 256 (order: 2, 16384 bytes, linear)
[    0.266992] pinctrl core: initialized pinctrl subsystem
[    0.267093] PM: RTC time: 11:00:21, date: 2026-01-17
[    0.267199] NET: Registered protocol family 16
[    0.267272] audit: initializing netlink subsys (disabled)
[    0.267396] EISA bus registered
[    0.267397] cpuidle: using governor ladder
[    0.267398] cpuidle: using governor menu
[    0.267433] ACPI: bus type PCI registered
[    0.267434] acpiphp: ACPI Hot Plug PCI Controller Driver version: 0.5
[    0.267534] PCI: Using configuration type 1 for base access
[    0.268074] audit: type=2000 audit(1768618827.922:1): state=initialized audit_enabled=0 res=1
[    0.268153] HugeTLB registered 2.00 MiB page size, pre-allocated 0 pages
[    0.268963] ACPI: Added _OSI(Module Device)
[    0.268964] ACPI: Added _OSI(Processor Device)
[    0.268964] ACPI: Added _OSI(3.0 _SCP Extensions)
[    0.268965] ACPI: Added _OSI(Processor Aggregator Device)
[    0.268966] ACPI: Added _OSI(Linux-Dell-Video)
[    0.268967] ACPI: Added _OSI(Linux-Lenovo-NV-HDMI-Audio)
[    0.268968] ACPI: Added _OSI(Linux-HPI-Hybrid-Graphics)
[    0.270909] ACPI: 2 ACPI AML tables successfully acquired and loaded
[    0.272435] ACPI: Interpreter enabled
[    0.272445] ACPI: (supports S0 S5)
[    0.272446] ACPI: Using IOAPIC for interrupt routing
[    0.272651] PCI: Using host bridge windows from ACPI; if necessary, use "pci=nocrs" and report a bug
[    0.272755] ACPI: Enabled 2 GPEs in block 00 to 07
[    0.277551] ACPI: PCI Root Bridge [PCI0] (domain 0000 [bus 00-ff])
[    0.277556] acpi PNP0A03:00: _OSC: OS supports [ASPM ClockPM Segments MSI HPX-Type3]
[    0.278000] acpi PNP0A03:00: _OSC: not requesting OS control; OS requires [ExtendedConfig ASPM ClockPM MSI]
[    0.278008] acpi PNP0A03:00: fail to add MMCONFIG information, can't access extended PCI configuration space under this bridge.
[    0.278382] PCI host bridge to bus 0000:00
[    0.278384] pci_bus 0000:00: root bus resource [io  0x0000-0x0cf7 window]
[    0.278386] pci_bus 0000:00: root bus resource [io  0x0d00-0xffff window]
[    0.278387] pci_bus 0000:00: root bus resource [mem 0x000a0000-0x000bffff window]
[    0.278388] pci_bus 0000:00: root bus resource [mem 0x80000000-0xfdffffff window]
[    0.278389] pci_bus 0000:00: root bus resource [bus 00-ff]
[    0.278429] pci 0000:00:00.0: [8086:1237] type 00 class 0x060000
[    0.279364] pci 0000:00:01.0: [8086:7000] type 00 class 0x060100
[    0.280174] pci 0000:00:01.1: [8086:7111] type 00 class 0x01018a
[    0.280557] pci 0000:00:01.1: reg 0x20: [io  0xd000-0xd00f]
[    0.280717] pci 0000:00:01.1: legacy IDE quirk: reg 0x10: [io  0x01f0-0x01f7]
[    0.280718] pci 0000:00:01.1: legacy IDE quirk: reg 0x14: [io  0x03f6]
[    0.280719] pci 0000:00:01.1: legacy IDE quirk: reg 0x18: [io  0x0170-0x0177]
[    0.280720] pci 0000:00:01.1: legacy IDE quirk: reg 0x1c: [io  0x0376]
[    0.281260] pci 0000:00:02.0: [15ad:0405] type 00 class 0x030000
[    0.283816] pci 0000:00:02.0: reg 0x10: [io  0xd010-0xd01f]
[    0.283816] pci 0000:00:02.0: reg 0x14: [mem 0xe0000000-0xe7ffffff pref]
[    0.286496] pci 0000:00:02.0: reg 0x18: [mem 0xf0000000-0xf01fffff]
[    0.296622] pci 0000:00:03.0: [1022:2000] type 00 class 0x020000
[    0.297342] pci 0000:00:03.0: reg 0x10: [io  0xd020-0xd03f]
[    0.297969] pci 0000:00:03.0: reg 0x14: [mem 0xf0200000-0xf0200fff]
[    0.302382] pci 0000:00:04.0: [80ee:cafe] type 00 class 0x088000
[    0.303057] pci 0000:00:04.0: reg 0x10: [io  0xd040-0xd05f]
[    0.303670] pci 0000:00:04.0: reg 0x14: [mem 0xf0400000-0xf07fffff]
[    0.304433] pci 0000:00:04.0: reg 0x18: [mem 0xf0800000-0xf0803fff pref]
[    0.307859] pci 0000:00:07.0: [8086:7113] type 00 class 0x068000
[    0.308408] pci 0000:00:07.0: quirk: [io  0x4000-0x403f] claimed by PIIX4 ACPI
[    0.308419] pci 0000:00:07.0: quirk: [io  0x4100-0x410f] claimed by PIIX4 SMB
[    0.309032] pci 0000:00:08.0: [8086:100e] type 00 class 0x020000
[    0.309758] pci 0000:00:08.0: reg 0x10: [mem 0xf0820000-0xf083ffff]
[    0.310927] pci 0000:00:08.0: reg 0x18: [io  0xd060-0xd067]
[    0.314001] pci 0000:00:09.0: [8086:100e] type 00 class 0x020000
[    0.314710] pci 0000:00:09.0: reg 0x10: [mem 0xf0840000-0xf085ffff]
[    0.316453] pci 0000:00:09.0: reg 0x18: [io  0xd068-0xd06f]
[    0.324959] ACPI: PCI Interrupt Link [LNKA] (IRQs 5 9 10 *11)
[    0.325240] ACPI: PCI Interrupt Link [LNKB] (IRQs 5 9 *10 11)
[    0.325344] ACPI: PCI Interrupt Link [LNKC] (IRQs 5 *9 10 11)
[    0.327834] ACPI: PCI Interrupt Link [LNKD] (IRQs 5 9 10 *11)
[    0.328105] iommu: Default domain type: Translated 
[    0.328182] pci 0000:00:02.0: vgaarb: setting as boot VGA device
[    0.328184] pci 0000:00:02.0: vgaarb: VGA device added: decodes=io+mem,owns=io+mem,locks=none
[    0.328186] pci 0000:00:02.0: vgaarb: bridge control possible
[    0.328187] vgaarb: loaded
[    0.328399] SCSI subsystem initialized
[    0.328433] libata version 3.00 loaded.
[    0.328458] ACPI: bus type USB registered
[    0.328474] usbcore: registered new interface driver usbfs
[    0.328480] usbcore: registered new interface driver hub
[    0.328485] usbcore: registered new device driver usb
[    0.328514] pps_core: LinuxPPS API ver. 1 registered
[    0.328515] pps_core: Software ver. 5.3.6 - Copyright 2005-2007 Rodolfo Giometti <giometti@linux.it>
[    0.328517] PTP clock support registered
[    0.328553] EDAC MC: Ver: 3.0.0
[    0.328843] PCI: Using ACPI for IRQ routing
[    0.328844] PCI: pci_cache_line_size set to 64 bytes
[    0.329019] e820: reserve RAM buffer [mem 0x0009fc00-0x0009ffff]
[    0.329023] e820: reserve RAM buffer [mem 0x7fff0000-0x7fffffff]
[    0.329828] NetLabel: Initializing
[    0.329829] NetLabel:  domain hash size = 128
[    0.329829] NetLabel:  protocols = UNLABELED CIPSOv4 CALIPSO
[    0.329848] NetLabel:  unlabeled traffic allowed by default
[    0.330756] clocksource: Switched to clocksource kvm-clock
[    0.339929] *** VALIDATE bpf ***
[    0.339929] VFS: Disk quotas dquot_6.6.0
[    0.339929] VFS: Dquot-cache hash table entries: 512 (order 0, 4096 bytes)
[    0.339929] *** VALIDATE ramfs ***
[    0.339929] *** VALIDATE hugetlbfs ***
[    0.339929] AppArmor: AppArmor Filesystem Enabled
[    0.339929] pnp: PnP ACPI init
[    0.339929] pnp 00:00: Plug and Play ACPI device, IDs PNP0303 (active)
[    0.342665] pnp 00:01: Plug and Play ACPI device, IDs PNP0f03 (active)
[    0.343467] pnp: PnP ACPI: found 2 devices
[    0.344440] thermal_sys: Registered thermal governor 'fair_share'
[    0.344440] thermal_sys: Registered thermal governor 'bang_bang'
[    0.344441] thermal_sys: Registered thermal governor 'step_wise'
[    0.344442] thermal_sys: Registered thermal governor 'user_space'
[    0.344442] thermal_sys: Registered thermal governor 'power_allocator'
[    0.348954] clocksource: acpi_pm: mask: 0xffffff max_cycles: 0xffffff, max_idle_ns: 2085701024 ns
[    0.348994] pci_bus 0000:00: resource 4 [io  0x0000-0x0cf7 window]
[    0.348996] pci_bus 0000:00: resource 5 [io  0x0d00-0xffff window]
[    0.348997] pci_bus 0000:00: resource 6 [mem 0x000a0000-0x000bffff window]
[    0.348998] pci_bus 0000:00: resource 7 [mem 0x80000000-0xfdffffff window]
[    0.349056] NET: Registered protocol family 2
[    0.349131] IP idents hash table entries: 32768 (order: 6, 262144 bytes, linear)
[    0.349543] MPTCP tokens hash table entries: 8192 (order: 4, 65536 bytes, linear)
[    0.349562] MPTCP request tokens hash table entries: 8192 (order: 4, 65536 bytes, linear)
[    0.349587] default registered
[    0.349588] default registered
[    0.349588] MPTCP: Stable release v0.96
[    0.349593] tcp_listen_portaddr_hash hash table entries: 1024 (order: 2, 16384 bytes, linear)
[    0.349673] TCP established hash table entries: 16384 (order: 5, 131072 bytes, linear)
[    0.349739] TCP bind hash table entries: 16384 (order: 6, 262144 bytes, linear)
[    0.349765] TCP: Hash tables configured (established 16384 bind 16384)
[    0.350468] UDP hash table entries: 1024 (order: 3, 32768 bytes, linear)
[    0.350479] UDP-Lite hash table entries: 1024 (order: 3, 32768 bytes, linear)
[    0.350511] NET: Registered protocol family 1
[    0.350520] NET: Registered protocol family 44
[    0.350541] pci 0000:00:00.0: Limiting direct PCI/PCI transfers
[    0.350554] pci 0000:00:01.0: Activating ISA DMA hang workarounds
[    0.350612] pci 0000:00:02.0: Video device with shadowed ROM at [mem 0x000c0000-0x000dffff]
[    0.350677] PCI: CLS 0 bytes, default 64
[    0.350723] Trying to unpack rootfs image as initramfs...
[    0.527337] Freeing initrd memory: 47868K
[    0.527432] clocksource: tsc: mask: 0xffffffffffffffff max_cycles: 0x1e4530a99b6, max_idle_ns: 440795257976 ns
[    0.527442] clocksource: Switched to clocksource tsc
[    0.527481] platform rtc_cmos: registered platform RTC device (no PNP device found)
[    0.527481] check: Scanning for low memory corruption every 60 seconds
[    0.527881] Initialise system trusted keyrings
[    0.527889] Key type blacklist registered
[    0.527935] workingset: timestamp_bits=36 max_order=19 bucket_order=0
[    0.529260] zbud: loaded
[    0.529623] squashfs: version 4.0 (2009/01/31) Phillip Lougher
[    0.529752] fuse: init (API version 7.31)
[    0.529769] *** VALIDATE fuse ***
[    0.529770] *** VALIDATE fuse ***
[    0.529870] Platform Keyring initialized
[    0.531822] Key type asymmetric registered
[    0.531822] Asymmetric key parser 'x509' registered
[    0.531822] Block layer SCSI generic (bsg) driver version 0.4 loaded (major 244)
[    0.531822] io scheduler mq-deadline registered
[    0.531822] shpchp: Standard Hot Plug PCI Controller Driver version: 0.4
[    0.533293] ACPI: AC Adapter [AC] (on-line)
[    0.533339] input: Power Button as /devices/LNXSYSTM:00/LNXPWRBN:00/input/input0
[    0.533367] ACPI: Power Button [PWRF]
[    0.533442] input: Sleep Button as /devices/LNXSYSTM:00/LNXSLPBN:00/input/input1
[    0.533457] ACPI: Sleep Button [SLPF]
[    0.533683] Serial: 8250/16550 driver, 32 ports, IRQ sharing enabled
[    0.534854] Linux agpgart interface v0.103
[    0.631123] loop: module loaded
[    0.631269] ata_piix 0000:00:01.1: version 2.13
[    0.631676] scsi host0: ata_piix
[    0.631762] scsi host1: ata_piix
[    0.631788] ata1: PATA max UDMA/33 cmd 0x1f0 ctl 0x3f6 bmdma 0xd000 irq 14
[    0.631789] ata2: PATA max UDMA/33 cmd 0x170 ctl 0x376 bmdma 0xd008 irq 15
[    0.631869] tun: Universal TUN/TAP device driver, 1.6
[    0.632192] PPP generic driver version 2.4.2
[    0.632235] VFIO - User Level meta-driver version: 0.3
[    0.632470] ehci_hcd: USB 2.0 'Enhanced' Host Controller (EHCI) Driver
[    0.632475] ehci-pci: EHCI PCI platform driver
[    0.632490] ehci-platform: EHCI generic platform driver
[    0.632496] ohci_hcd: USB 1.1 'Open' Host Controller (OHCI) Driver
[    0.632497] ohci-pci: OHCI PCI platform driver
[    0.632504] ohci-platform: OHCI generic platform driver
[    0.632508] uhci_hcd: USB Universal Host Controller Interface driver
[    0.632572] i8042: PNP: PS/2 Controller [PNP0303:PS2K,PNP0f03:PS2M] at 0x60,0x64 irq 1,12
[    0.633007] serio: i8042 KBD port at 0x60,0x64 irq 1
[    0.633010] serio: i8042 AUX port at 0x60,0x64 irq 12
[    0.633094] mousedev: PS/2 mouse device common for all mice
[    0.633359] input: AT Translated Set 2 keyboard as /devices/platform/i8042/serio0/input/input2
[    0.633746] rtc_cmos rtc_cmos: registered as rtc0
[    0.633760] rtc_cmos rtc_cmos: alarms up to one day, 114 bytes nvram
[    0.633765] i2c /dev entries driver
[    0.633808] device-mapper: uevent: version 1.0.3
[    0.633849] device-mapper: ioctl: 4.41.0-ioctl (2019-09-16) initialised: dm-devel@redhat.com
[    0.633864] platform eisa.0: Probing EISA bus 0
[    0.633866] platform eisa.0: EISA: Cannot allocate resource for mainboard
[    0.633867] platform eisa.0: Cannot allocate resource for EISA slot 1
[    0.633868] platform eisa.0: Cannot allocate resource for EISA slot 2
[    0.633869] platform eisa.0: Cannot allocate resource for EISA slot 3
[    0.633870] platform eisa.0: Cannot allocate resource for EISA slot 4
[    0.633871] platform eisa.0: Cannot allocate resource for EISA slot 5
[    0.633872] platform eisa.0: Cannot allocate resource for EISA slot 6
[    0.633873] platform eisa.0: Cannot allocate resource for EISA slot 7
[    0.633874] platform eisa.0: Cannot allocate resource for EISA slot 8
[    0.633875] platform eisa.0: EISA: Detected 0 cards
[    0.633878] intel_pstate: CPU model not supported
[    0.633887] ledtrig-cpu: registered to indicate activity on CPUs
[    0.633938] drop_monitor: Initializing network drop monitor service
[    0.634098] NET: Registered protocol family 10
[    0.639168] Segment Routing with IPv6
[    0.639168] fullmesh registered
[    0.639168] ndiffports registered
[    0.639168] binder registered
[    0.639168] roundrobin registered
[    0.639168] redundant registered
[    0.639168] blest registered
[    0.639168] ecf registered
[    0.639168] NET: Registered protocol family 17
[    0.639168] Key type dns_resolver registered
[    0.639168] RAS: Correctable Errors collector initialized.
[    0.639168] IPI shorthand broadcast: enabled
[    0.639168] sched_clock: Marking stable (624079729, 11088911)->(641361895, -6193255)
[    0.639438] registered taskstats version 1
[    0.639447] Loading compiled-in X.509 certificates
[    0.640036] Loaded X.509 cert 'Build time autogenerated kernel key: 6909f3744cebb3d0de528d5887b96a727de79b1e'
[    0.640054] zswap: loaded using pool lzo/zbud
[    0.640109] Key type ._fscrypt registered
[    0.640110] Key type .fscrypt registered
[    0.644534] Key type big_key registered
[    0.646730] Key type encrypted registered
[    0.646733] AppArmor: AppArmor sha1 policy hashing enabled
[    0.646740] ima: No TPM chip found, activating TPM-bypass!
[    0.646744] ima: Allocated hash algorithm: sha1
[    0.646749] ima: No architecture policies found
[    0.646757] evm: Initialising EVM extended attributes:
[    0.646758] evm: security.selinux
[    0.646758] evm: security.SMACK64
[    0.646759] evm: security.SMACK64EXEC
[    0.646759] evm: security.SMACK64TRANSMUTE
[    0.646760] evm: security.SMACK64MMAP
[    0.646760] evm: security.apparmor
[    0.646761] evm: security.ima
[    0.646761] evm: security.capability
[    0.646762] evm: HMAC attrs: 0x1
[    0.647056] PM:   Magic number: 10:373:24
[    0.647059] misc cpu_dma_latency: hash matches
[    0.647158] rtc_cmos rtc_cmos: setting system clock to 2026-01-17T11:00:22 UTC (1768647622)
[    0.804261] ata1.00: ATA-6: VBOX HARDDISK, 1.0, max UDMA/133
[    0.804264] ata1.00: 209715200 sectors, multi 128: LBA 
[    0.804931] scsi 0:0:0:0: Direct-Access     ATA      VBOX HARDDISK    1.0  PQ: 0 ANSI: 5
[    0.805245] sd 0:0:0:0: [sda] 209715200 512-byte logical blocks: (107 GB/100 GiB)
[    0.805258] sd 0:0:0:0: [sda] Write Protect is off
[    0.805262] sd 0:0:0:0: [sda] Mode Sense: 00 3a 00 00
[    0.805282] sd 0:0:0:0: [sda] Write cache: enabled, read cache: enabled, doesn't support DPO or FUA
[    0.805515] sd 0:0:0:0: Attached scsi generic sg0 type 0
[    0.806390]  sda: sda1 sda2
[    0.815429] sd 0:0:0:0: [sda] Attached SCSI disk
[    0.820661] Freeing unused decrypted memory: 2040K
[    0.822027] Freeing unused kernel image memory: 2728K
[    0.822032] Write protecting the kernel read-only data: 22528k
[    0.823517] Freeing unused kernel image memory: 2036K
[    0.824301] Freeing unused kernel image memory: 1432K
[    0.860309] x86/mm: Checked W+X mappings: passed, no W+X pages found.
[    0.860314] Run /init as init process
[    0.969773] ACPI: Video Device [GFX0] (multi-head: yes  rom: no  post: no)
[    0.969846] input: Video Bus as /devices/LNXSYSTM:00/LNXSYBUS:00/PNP0A03:00/LNXVIDEO:00/input/input4
[    0.981165] pcnet32: pcnet32.c:v1.35 21.Apr.2008 tsbogend@alpha.franken.de
[    0.982743] piix4_smbus 0000:00:07.0: SMBus Host Controller at 0x4100, revision 0
[    0.985261] e1000: Intel(R) PRO/1000 Network Driver - version 7.3.21-k8-NAPI
[    0.985261] e1000: Copyright (c) 1999-2006 Intel Corporation.
[    0.986440] pcnet32: PCnet/FAST III 79C973 at 0xd020, 08:00:27:2f:4b:6d assigned IRQ 19
[    0.986486] pcnet32: Found PHY 0022:561b at address 0
[    0.986790] pcnet32: eth0: registered as PCnet/FAST III 79C973
[    1.000348] pcnet32: 1 cards_found
[    1.067148] pcnet32 0000:00:03.0 enp0s3: renamed from eth0
[    1.208699] input: ImExPS/2 Generic Explorer Mouse as /devices/platform/i8042/serio1/input/input5
[    1.395377] e1000 0000:00:08.0 eth0: (PCI:33MHz:32-bit) 08:00:27:49:e8:f6
[    1.395381] e1000 0000:00:08.0 eth0: Intel(R) PRO/1000 Network Connection
[    1.767412] e1000 0000:00:09.0 eth1: (PCI:33MHz:32-bit) 08:00:27:88:f3:2b
[    1.767415] e1000 0000:00:09.0 eth1: Intel(R) PRO/1000 Network Connection
[    1.768590] e1000 0000:00:09.0 enp0s9: renamed from eth1
[    1.770420] e1000 0000:00:08.0 enp0s8: renamed from eth0
[    1.915737] EXT4-fs (sda2): mounted filesystem with ordered data mode. Opts: (null)
[    2.009548] systemd[1]: Inserted module 'autofs4'
[    2.020431] systemd[1]: systemd 245.4-4ubuntu3 running in system mode. (+PAM +AUDIT +SELINUX +IMA +APPARMOR +SMACK +SYSVINIT +UTMP +LIBCRYPTSETUP +GCRYPT +GNUTLS +ACL +XZ +LZ4 +SECCOMP +BLKID +ELFUTILS +KMOD +IDN2 -IDN +PCRE2 default-hierarchy=hybrid)
[    2.020462] systemd[1]: Detected virtualization oracle.
[    2.020466] systemd[1]: Detected architecture x86-64.
[    2.021769] systemd[1]: Set hostname to <ztg>.
[    2.148835] systemd[1]: /lib/systemd/system/dbus.socket:5: ListenStream= references a path below legacy directory /var/run/, updating /var/run/dbus/system_bus_socket â†’ /run/dbus/system_bus_socket; please update the unit file accordingly.
[    2.201321] systemd[1]: Created slice system-modprobe.slice.
[    2.201506] systemd[1]: Created slice User and Session Slice.
[    2.201552] systemd[1]: Started Forward Password Requests to Wall Directory Watch.
[    2.201715] systemd[1]: Set up automount Arbitrary Executable File Formats File System Automount Point.
[    2.201751] systemd[1]: Reached target User and Group Name Lookups.
[    2.201759] systemd[1]: Reached target Remote File Systems.
[    2.201767] systemd[1]: Reached target Slices.
[    2.202317] systemd[1]: Listening on Syslog Socket.
[    2.202386] systemd[1]: Listening on fsck to fsckd communication Socket.
[    2.202424] systemd[1]: Listening on initctl Compatibility Named Pipe.
[    2.202567] systemd[1]: Listening on Journal Audit Socket.
[    2.202617] systemd[1]: Listening on Journal Socket (/dev/log).
[    2.202683] systemd[1]: Listening on Journal Socket.
[    2.202749] systemd[1]: Listening on udev Control Socket.
[    2.202788] systemd[1]: Listening on udev Kernel Socket.
[    2.203600] systemd[1]: Mounting Huge Pages File System...
[    2.204482] systemd[1]: Mounting POSIX Message Queue File System...
[    2.205364] systemd[1]: Mounting Kernel Debug File System...
[    2.206184] systemd[1]: Mounting Kernel Trace File System...
[    2.208108] systemd[1]: Starting Journal Service...
[    2.229815] systemd[1]: Starting Set the console keyboard layout...
[    2.237678] systemd[1]: Starting Create list of static device nodes for the current kernel...
[    2.239504] systemd[1]: Starting Load Kernel Module drm...
[    2.240485] systemd[1]: Condition check resulted in Set Up Additional Binary Formats being skipped.
[    2.240530] systemd[1]: Condition check resulted in File System Check on Root Device being skipped.
[    2.251609] systemd[1]: Starting Load Kernel Modules...
[    2.260483] systemd[1]: Starting Remount Root and Kernel File Systems...
[    2.268774] systemd[1]: Starting udev Coldplug all Devices...
[    2.278466] systemd[1]: Starting Uncomplicated firewall...
[    2.280814] systemd[1]: Mounted Huge Pages File System.
[    2.280902] systemd[1]: Mounted POSIX Message Queue File System.
[    2.280981] systemd[1]: Mounted Kernel Debug File System.
[    2.281055] systemd[1]: Mounted Kernel Trace File System.
[    2.304712] EXT4-fs (sda2): re-mounted. Opts: errors=remount-ro
[    2.321652] systemd[1]: Finished Create list of static device nodes for the current kernel.
[    2.322827] systemd[1]: modprobe@drm.service: Succeeded.
[    2.323243] systemd[1]: Finished Load Kernel Module drm.
[    2.329765] systemd[1]: Finished Remount Root and Kernel File Systems.
[    2.330700] systemd[1]: Finished Uncomplicated firewall.
[    2.332514] lp: driver loaded but no devices found
[    2.350367] systemd[1]: Condition check resulted in Rebuild Hardware Database being skipped.
[    2.350408] systemd[1]: Condition check resulted in Platform Persistent Storage Archival being skipped.
[    2.351149] systemd[1]: Starting Load/Save Random Seed...
[    2.356706] systemd[1]: Starting Create System Users...
[    2.361844] ppdev: user-space parallel port driver
[    2.374704] systemd[1]: Finished Load/Save Random Seed.
[    2.375637] systemd[1]: Finished Create System Users.
[    2.376506] systemd[1]: Starting Create Static Device Nodes in /dev...
[    2.431531] systemd[1]: Finished udev Coldplug all Devices.
[    2.434486] systemd[1]: Finished Create Static Device Nodes in /dev.
[    2.435950] systemd[1]: Starting udev Kernel Device Manager...
[    2.458202] [drm] DMA map mode: Caching DMA mappings.
[    2.458266] [drm] Capabilities:
[    2.458266] [drm]   Rect copy.
[    2.458267] [drm]   Cursor.
[    2.458267] [drm]   Cursor bypass.
[    2.458267] [drm]   Cursor bypass 2.
[    2.458268] [drm]   Alpha cursor.
[    2.458268] [drm]   Extended Fifo.
[    2.458269] [drm]   Pitchlock.
[    2.458269] [drm]   Irq mask.
[    2.458269] [drm]   GMR.
[    2.458270] [drm]   Traces.
[    2.458270] [drm]   GMR2.
[    2.458270] [drm]   Screen Object 2.
[    2.458271] [drm]   Command Buffers.
[    2.458271] [drm]   Command Buffers 2.
[    2.458271] [drm]   Guest Backed Resources.
[    2.458272] [drm] Max GMR ids is 8192
[    2.458273] [drm] Max number of GMR pages is 1048576
[    2.458273] [drm] Max dedicated hypervisor surface memory is 393216 kiB
[    2.458274] [drm] Maximum display memory size is 131072 kiB
[    2.458275] [drm] VRAM at 0xe0000000 size is 131072 kiB
[    2.458275] [drm] MMIO at 0xf0000000 size is 2048 kiB
[    2.466549] [TTM] Zone  kernel: Available graphics memory: 1011738 KiB
[    2.466550] [TTM] Initializing pool allocator
[    2.466555] [TTM] Initializing DMA pool allocator
[    2.466585] [drm] Supports vblank timestamp caching Rev 2 (21.10.2013).
[    2.466585] [drm] No driver support for vblank timestamp query.
[    2.466845] [drm] Screen Target Display device initialized
[    2.467064] [drm] width 720
[    2.467080] [drm] height 400
[    2.467084] [drm] bpp 32
[    2.467653] [drm] Fifo max 0x00200000 min 0x00001000 cap 0x00000355
[    2.468777] [drm] Using command buffers with DMA pool.
[    2.468780] [drm] DX: no.
[    2.468781] [drm] Atomic: yes.
[    2.468781] [drm] SM4_1: no.
[    2.468802] [drm:vmw_host_log [vmwgfx]] *ERROR* Failed to send host log message.
[    2.469746] [drm:vmw_host_log [vmwgfx]] *ERROR* Failed to send host log message.
[    2.486013] fbcon: svgadrmfb (fb0) is primary device
[    2.487992] systemd[1]: Finished Set the console keyboard layout.
[    2.488097] systemd[1]: Reached target Local File Systems (Pre).
[    2.489514] Console: switching to colour frame buffer device 100x37
[    2.493506] systemd[1]: Mounting Mount unit for bare, revision 5...
[    2.499361] systemd[1]: Mounting Mount unit for core18, revision 1705...
[    2.501197] [drm] Initialized vmwgfx 2.15.0 20180704 for 0000:00:02.0 on minor 0
[    2.504903] systemd[1]: Mounting Mount unit for gnome-3-34-1804, revision 24...
[    2.532087] systemd[1]: Mounting Mount unit for gtk-common-themes, revision 1506...
[    2.542254] systemd[1]: Mounting Mount unit for gtk-common-themes, revision 1535...
[    2.550309] systemd[1]: Mounting Mount unit for snap-store, revision 433...
[    2.561712] systemd[1]: Mounting Mount unit for snapd, revision 7264...
[    2.564324] systemd[1]: Finished Load Kernel Modules.
[    2.565325] systemd[1]: Mounting FUSE Control File System...
[    2.578029] systemd[1]: Mounting Kernel Configuration File System...
[    2.589619] systemd[1]: Starting Apply Kernel Variables...
[    2.591674] systemd[1]: Mounted FUSE Control File System.
[    2.591745] systemd[1]: Condition check resulted in VMware vmblock fuse mount being skipped.
[    2.602930] systemd[1]: Mounted Mount unit for bare, revision 5.
[    2.603060] systemd[1]: Mounted Kernel Configuration File System.
[    2.607644] systemd[1]: Mounted Mount unit for gnome-3-34-1804, revision 24.
[    2.608484] systemd[1]: Finished Apply Kernel Variables.
[    2.629824] systemd[1]: Mounted Mount unit for core18, revision 1705.
[    2.629916] systemd[1]: Mounted Mount unit for gtk-common-themes, revision 1506.
[    2.629995] systemd[1]: Mounted Mount unit for gtk-common-themes, revision 1535.
[    2.637695] systemd[1]: Mounted Mount unit for snap-store, revision 433.
[    2.637781] systemd[1]: Mounted Mount unit for snapd, revision 7264.
[    2.637835] systemd[1]: Reached target Local File Systems.
[    2.638817] systemd[1]: Starting Load AppArmor profiles...
[    2.640216] systemd[1]: Starting Set console font and keymap...
[    2.655769] systemd[1]: Starting Tell Plymouth To Write Out Runtime Data...
[    2.655795] systemd[1]: Condition check resulted in Store a System Token in an EFI Variable being skipped.
[    2.655825] systemd[1]: Condition check resulted in Commit a transient machine-id on disk being skipped.
[    2.655932] systemd[1]: Started udev Kernel Device Manager.
[    2.658985] systemd[1]: Starting Show Plymouth Boot Screen...
[    2.675429] systemd[1]: Finished Set console font and keymap.
[    2.675667] systemd[1]: plymouth-read-write.service: Succeeded.
[    2.677147] systemd[1]: Finished Tell Plymouth To Write Out Runtime Data.
[    2.679617] systemd[1]: Received SIGRTMIN+20 from PID 289 (plymouthd).
[    2.692937] systemd[1]: Started Show Plymouth Boot Screen.
[    2.693087] systemd[1]: Condition check resulted in Dispatch Password Requests to Console Directory Watch being skipped.
[    2.693171] systemd[1]: Started Forward Password Requests to Plymouth Directory Watch.
[    2.693215] systemd[1]: Reached target Local Encrypted Volumes.
[    2.709762] audit: type=1400 audit(1768647624.556:2): apparmor="STATUS" operation="profile_load" profile="unconfined" name="nvidia_modprobe" pid=294 comm="apparmor_parser"
[    2.709764] audit: type=1400 audit(1768647624.556:3): apparmor="STATUS" operation="profile_load" profile="unconfined" name="nvidia_modprobe//kmod" pid=294 comm="apparmor_parser"
[    2.721431] audit: type=1400 audit(1768647624.568:4): apparmor="STATUS" operation="profile_load" profile="unconfined" name="/usr/sbin/tcpdump" pid=301 comm="apparmor_parser"
[    2.765902] audit: type=1400 audit(1768647624.608:5): apparmor="STATUS" operation="profile_load" profile="unconfined" name="/usr/bin/evince" pid=303 comm="apparmor_parser"
[    2.765905] audit: type=1400 audit(1768647624.608:6): apparmor="STATUS" operation="profile_load" profile="unconfined" name="/usr/bin/evince//sanitized_helper" pid=303 comm="apparmor_parser"
[    2.765906] audit: type=1400 audit(1768647624.608:7): apparmor="STATUS" operation="profile_load" profile="unconfined" name="/usr/bin/evince-previewer" pid=303 comm="apparmor_parser"
[    2.765908] audit: type=1400 audit(1768647624.608:8): apparmor="STATUS" operation="profile_load" profile="unconfined" name="/usr/bin/evince-previewer//sanitized_helper" pid=303 comm="apparmor_parser"
[    2.765909] audit: type=1400 audit(1768647624.608:9): apparmor="STATUS" operation="profile_load" profile="unconfined" name="/usr/bin/evince-thumbnailer" pid=303 comm="apparmor_parser"
[    2.782527] audit: type=1400 audit(1768647624.632:10): apparmor="STATUS" operation="profile_load" profile="unconfined" name="/usr/lib/cups/backend/cups-pdf" pid=304 comm="apparmor_parser"
[    2.858358] systemd[1]: Finished Load AppArmor profiles.
[    2.859430] systemd[1]: Starting Load AppArmor profiles managed internally by snapd...
[    2.936793] systemd[1]: Finished Load AppArmor profiles managed internally by snapd.
[    3.173838] systemd[1]: Started Journal Service.
[    3.181161] systemd-journald[229]: Received client request to flush runtime journal.
[    3.186578] systemd-journald[229]: File /var/log/journal/c455b248004a419c87ce85eea238d727/system.journal corrupted or uncleanly shut down, renaming and replacing.
[    4.484095] RAPL PMU: API unit is 2^-32 Joules, 0 fixed counters, 10737418240 ms ovfl timer
[    4.546036] cryptd: max_cpu_qlen set to 1000
[    4.637304] AVX2 version of gcm_enc/dec engaged.
[    4.637305] AES CTR mode by8 optimization enabled
[    5.384784] Adding 1998844k swap on /dev/sda1.  Priority:-2 extents:1 across:1998844k FS
[    7.155753] kauditd_printk_skb: 30 callbacks suppressed
[    7.155754] audit: type=1400 audit(1768647629.004:41): apparmor="DENIED" operation="capable" profile="/usr/sbin/cups-browsed" pid=495 comm="cups-browsed" capability=23  capname="sys_nice"
[    7.601196] pcnet32 0000:00:03.0 enp0s3: link up, 100Mbps, full-duplex
[    7.636887] e1000: enp0s8 NIC Link is Up 1000 Mbps Full Duplex, Flow Control: RX
[    7.637166] IPv6: ADDRCONF(NETDEV_CHANGE): enp0s8: link becomes ready
[    7.650156] e1000: enp0s9 NIC Link is Up 1000 Mbps Full Duplex, Flow Control: RX
[    7.650451] IPv6: ADDRCONF(NETDEV_CHANGE): enp0s9: link becomes ready
[    8.193156] device enp0s3 entered promiscuous mode
[    8.221412] audit: type=1400 audit(1768647630.072:42): apparmor="DENIED" operation="open" profile="/usr/sbin/tcpdump" name="/proc/sys/kernel/random/boot_id" pid=716 comm="tcpdump" requested_mask="r" denied_mask="r" fsuid=0 ouid=0
[    8.223384] audit: type=1400 audit(1768647630.072:43): apparmor="DENIED" operation="open" profile="/usr/sbin/tcpdump" name="/proc/sys/kernel/random/boot_id" pid=716 comm="tcpdump" requested_mask="r" denied_mask="r" fsuid=0 ouid=0
[    8.223437] audit: type=1400 audit(1768647630.072:44): apparmor="DENIED" operation="open" profile="/usr/sbin/tcpdump" name="/proc/sys/kernel/random/boot_id" pid=716 comm="tcpdump" requested_mask="r" denied_mask="r" fsuid=0 ouid=0
[    8.223456] audit: type=1400 audit(1768647630.072:45): apparmor="DENIED" operation="open" profile="/usr/sbin/tcpdump" name="/proc/sys/kernel/random/boot_id" pid=716 comm="tcpdump" requested_mask="r" denied_mask="r" fsuid=0 ouid=0
[    8.227677] audit: type=1400 audit(1768647630.080:46): apparmor="DENIED" operation="open" profile="/usr/sbin/tcpdump" name="/proc/sys/kernel/random/boot_id" pid=717 comm="tcpdump" requested_mask="r" denied_mask="r" fsuid=0 ouid=0
[    8.227917] audit: type=1400 audit(1768647630.080:47): apparmor="DENIED" operation="open" profile="/usr/sbin/tcpdump" name="/proc/sys/kernel/random/boot_id" pid=717 comm="tcpdump" requested_mask="r" denied_mask="r" fsuid=0 ouid=0
[    8.227957] audit: type=1400 audit(1768647630.080:48): apparmor="DENIED" operation="open" profile="/usr/sbin/tcpdump" name="/proc/sys/kernel/random/boot_id" pid=717 comm="tcpdump" requested_mask="r" denied_mask="r" fsuid=0 ouid=0
[    8.228039] audit: type=1400 audit(1768647630.080:49): apparmor="DENIED" operation="open" profile="/usr/sbin/tcpdump" name="/proc/sys/kernel/random/boot_id" pid=717 comm="tcpdump" requested_mask="r" denied_mask="r" fsuid=0 ouid=0
[   12.718255] rfkill: input handler disabled
[  214.505357] AAAAA-TCP_FORW: name:enp0s3: saddr:100932208: daddr:16783984
[  214.637449] AAAAA-TCP_FORW: name:enp0s3: saddr:100932208: daddr:16783984
[  215.241267] AAAAA-TCP_FORW: name:enp0s3: saddr:100932208: daddr:16783984
[  215.332025] AAAAA-TCP_FORW: name:enp0s3: saddr:100932208: daddr:16783984
[  215.385258] AAAAA-TCP_FORW: name:enp0s3: saddr:100932208: daddr:16783984
[  215.826078] AAAAA-TCP_FORW: name:enp0s3: saddr:100932208: daddr:33561200
[  216.037077] AAAAA-TCP_FORW: name:enp0s3: saddr:100932208: daddr:16783984
[  216.134502] AAAAA-TCP_FORW: name:enp0s3: saddr:100932208: daddr:16783984
[  216.637553] AAAAA-TCP_FORW: name:enp0s3: saddr:100932208: daddr:33561200
[  216.871599] AAAAA-TCP_FORW: name:enp0s3: saddr:100932208: daddr:16783984
[  217.251447] AAAAA-TCP_FORW: name:enp0s3: saddr:100932208: daddr:33561200
[  217.310592] AAAAA-TCP_FORW: name:enp0s3: saddr:100932208: daddr:16783984
[  217.472784] AAAAA-TCP_FORW: name:enp0s3: saddr:100932208: daddr:16783984
[  217.505478] AAAAA-TCP_FORW: name:enp0s3: saddr:100932208: daddr:16783984
[  217.634907] AAAAA-TCP_FORW: name:enp0s3: saddr:100932208: daddr:33561200
[  217.829296] AAAAA-TCP_FORW: name:enp0s3: saddr:100932208: daddr:33561200
[  217.947710] AAAAA-TCP_FORW: name:enp0s3: saddr:100932208: daddr:33561200
[  218.060160] AAAAA-TCP_FORW: name:enp0s3: saddr:100932208: daddr:33561200
[  218.117260] AAAAA-TCP_FORW: name:enp0s3: saddr:100932208: daddr:16783984
[  218.177362] AAAAA-TCP_FORW: name:enp0s3: saddr:100932208: daddr:16783984
[  218.211557] AAAAA-TCP_FORW: name:enp0s3: saddr:100932208: daddr:16783984
[  218.257919] AAAAA-TCP_FORW: name:enp0s3: saddr:100932208: daddr:16783984
[  218.323685] AAAAA-TCP_FORW: name:enp0s3: saddr:100932208: daddr:16783984
[  218.400870] AAAAA-TCP_FORW: name:enp0s3: saddr:100932208: daddr:16783984
[  218.439465] AAAAA-TCP_FORW: name:enp0s3: saddr:100932208: daddr:16783984
[  218.484553] AAAAA-TCP_FORW: name:enp0s3: saddr:100932208: daddr:16783984
[  218.559960] AAAAA-TCP_FORW: name:enp0s3: saddr:100932208: daddr:16783984
[  218.622399] AAAAA-TCP_FORW: name:enp0s3: saddr:100932208: daddr:16783984
[  218.666385] AAAAA-TCP_FORW: name:enp0s3: saddr:100932208: daddr:33561200
[  218.727068] AAAAA-TCP_FORW: name:enp0s3: saddr:100932208: daddr:33561200
[  218.803705] AAAAA-TCP_FORW: name:enp0s3: saddr:100932208: daddr:33561200
[  218.850252] AAAAA-TCP_FORW: name:enp0s3: saddr:100932208: daddr:33561200
[  218.929250] AAAAA-TCP_FORW: name:enp0s3: saddr:100932208: daddr:33561200
[  218.966873] AAAAA-TCP_FORW: name:enp0s3: saddr:100932208: daddr:33561200
[  218.999602] AAAAA-TCP_FORW: name:enp0s3: saddr:100932208: daddr:33561200
[  219.053638] AAAAA-TCP_FORW: name:enp0s3: saddr:100932208: daddr:33561200
[  219.119153] AAAAA-TCP_FORW: name:enp0s3: saddr:100932208: daddr:33561200
[  219.191924] AAAAA-TCP_FORW: name:enp0s3: saddr:100932208: daddr:33561200
[  219.258882] AAAAA-TCP_FORW: name:enp0s3: saddr:100932208: daddr:16783984
[  219.314465] AAAAA-TCP_FORW: name:enp0s3: saddr:100932208: daddr:16783984
[  219.371519] AAAAA-TCP_FORW: name:enp0s3: saddr:100932208: daddr:16783984
[  219.426357] AAAAA-TCP_FORW: name:enp0s3: saddr:100932208: daddr:16783984
[  219.484293] AAAAA-TCP_FORW: name:enp0s3: saddr:100932208: daddr:16783984
[  219.526224] AAAAA-TCP_FORW: name:enp0s3: saddr:100932208: daddr:16783984
[  219.616165] AAAAA-TCP_FORW: name:enp0s3: saddr:100932208: daddr:16783984
[  219.687549] AAAAA-TCP_FORW: name:enp0s3: saddr:100932208: daddr:16783984
[  219.745653] AAAAA-TCP_FORW: name:enp0s3: saddr:100932208: daddr:16783984
[  219.846081] AAAAA-TCP_FORW: name:enp0s3: saddr:100932208: daddr:16783984
[  219.933579] AAAAA-TCP_FORW: name:enp0s3: saddr:100932208: daddr:16783984
[  220.017818] AAAAA-TCP_FORW: name:enp0s3: saddr:100932208: daddr:16783984
[  220.092880] AAAAA-TCP_FORW: name:enp0s3: saddr:100932208: daddr:33561200
[  272.224078] AAAAA-TCP_FORW: name:enp0s3: saddr:33561200: daddr:100932208
[  272.419826] AAAAA-TCP_FORW: name:enp0s3: saddr:33561200: daddr:100932208
[  272.611829] AAAAA-TCP_FORW: name:enp0s3: saddr:16783984: daddr:100932208
[  272.892305] AAAAA-TCP_FORW: name:enp0s3: saddr:16783984: daddr:100932208
[  273.357925] AAAAA-TCP_FORW: name:enp0s3: saddr:33561200: daddr:100932208
[  273.615503] AAAAA-TCP_FORW: name:enp0s3: saddr:33561200: daddr:100932208
[  273.754786] AAAAA-TCP_FORW: name:enp0s3: saddr:16783984: daddr:100932208
[  273.905872] AAAAA-TCP_FORW: name:enp0s3: saddr:16783984: daddr:100932208
[  277.511081] AAAAA-TCP_FORW: name:enp0s3: saddr:16783984: daddr:100932208
[  277.684843] AAAAA-TCP_FORW: name:enp0s3: saddr:16783984: daddr:100932208
[  277.772477] AAAAA-TCP_FORW: name:enp0s3: saddr:16783984: daddr:100932208
[  277.859943] AAAAA-TCP_FORW: name:enp0s3: saddr:16783984: daddr:100932208
[  277.987563] AAAAA-TCP_FORW: name:enp0s3: saddr:16783984: daddr:100932208
[  278.457567] AAAAA-TCP_FORW: name:enp0s3: saddr:16783984: daddr:100932208
[  278.597508] AAAAA-TCP_FORW: name:enp0s3: saddr:16783984: daddr:100932208
[  278.787063] AAAAA-TCP_FORW: name:enp0s3: saddr:16783984: daddr:100932208
[  278.949486] AAAAA-TCP_FORW: name:enp0s3: saddr:16783984: daddr:100932208
[  293.571328] AAAAA-TCP_FORW: name:enp0s3: saddr:33561200: daddr:100932208
[  294.285056] AAAAA-TCP_FORW: name:enp0s3: saddr:16783984: daddr:100932208
[  294.357428] AAAAA-TCP_FORW: name:enp0s3: saddr:16783984: daddr:100932208
[  294.657353] AAAAA-TCP_FORW: name:enp0s3: saddr:16783984: daddr:100932208
[  294.902292] AAAAA-TCP_FORW: name:enp0s3: saddr:16783984: daddr:100932208
[  295.098174] AAAAA-TCP_FORW: name:enp0s3: saddr:33561200: daddr:100932208
[  295.274778] AAAAA-TCP_FORW: name:enp0s3: saddr:33561200: daddr:100932208
[  295.356949] AAAAA-TCP_FORW: name:enp0s3: saddr:16783984: daddr:100932208
[  295.437036] AAAAA-TCP_FORW: name:enp0s3: saddr:33561200: daddr:100932208
[  295.629543] AAAAA-TCP_FORW: name:enp0s3: saddr:33561200: daddr:100932208
[  295.916096] AAAAA-TCP_FORW: name:enp0s3: saddr:16783984: daddr:100932208
[  296.285675] AAAAA-TCP_FORW: name:enp0s3: saddr:16783984: daddr:100932208
[  296.500715] AAAAA-TCP_FORW: name:enp0s3: saddr:33561200: daddr:100932208
[  296.690563] AAAAA-TCP_FORW: name:enp0s3: saddr:33561200: daddr:100932208
[  297.011657] AAAAA-TCP_FORW: name:enp0s3: saddr:16783984: daddr:100932208
[  297.143481] AAAAA-TCP_FORW: name:enp0s3: saddr:16783984: daddr:100932208
[  297.677466] AAAAA-TCP_FORW: name:enp0s3: saddr:33561200: daddr:100932208
[  297.925210] AAAAA-TCP_FORW: name:enp0s3: saddr:16783984: daddr:100932208
[  298.356260] AAAAA-TCP_FORW: name:enp0s3: saddr:16783984: daddr:100932208
[  298.920297] AAAAA-TCP_FORW: name:enp0s3: saddr:16783984: daddr:100932208
[  299.147593] AAAAA-TCP_FORW: name:enp0s3: saddr:16783984: daddr:100932208
[  299.305800] AAAAA-TCP_FORW: name:enp0s3: saddr:33561200: daddr:100932208
[  299.549433] AAAAA-TCP_FORW: name:enp0s3: saddr:33561200: daddr:100932208
[  300.183773] AAAAA-TCP_FORW: name:enp0s3: saddr:16783984: daddr:100932208
[  300.282630] AAAAA-TCP_FORW: name:enp0s3: saddr:16783984: daddr:100932208
[  300.580400] AAAAA-TCP_FORW: name:enp0s3: saddr:16783984: daddr:100932208
[  300.704842] AAAAA-TCP_FORW: name:enp0s3: saddr:16783984: daddr:100932208
[  301.002215] AAAAA-TCP_FORW: name:enp0s3: saddr:33561200: daddr:100932208
[  301.100103] AAAAA-TCP_FORW: name:enp0s3: saddr:33561200: daddr:100932208
[  301.235319] AAAAA-TCP_FORW: name:enp0s3: saddr:16783984: daddr:100932208
[  301.405862] AAAAA-TCP_FORW: name:enp0s3: saddr:16783984: daddr:100932208
[  302.015796] AAAAA-TCP_FORW: name:enp0s3: saddr:33561200: daddr:100932208
[  302.461899] AAAAA-TCP_FORW: name:enp0s3: saddr:33561200: daddr:100932208
[  302.768895] AAAAA-TCP_FORW: name:enp0s3: saddr:33561200: daddr:100932208
[  302.976971] AAAAA-TCP_FORW: name:enp0s3: saddr:16783984: daddr:100932208
[  303.268550] AAAAA-TCP_FORW: name:enp0s3: saddr:16783984: daddr:100932208
[  304.047680] AAAAA-TCP_FORW: name:enp0s3: saddr:16783984: daddr:100932208
[  304.495104] AAAAA-TCP_FORW: name:enp0s3: saddr:33561200: daddr:100932208
[  304.788692] AAAAA-TCP_FORW: name:enp0s3: saddr:16783984: daddr:100932208
[  305.334570] AAAAA-TCP_FORW: name:enp0s3: saddr:16783984: daddr:100932208
[  305.407405] AAAAA-TCP_FORW: name:enp0s3: saddr:16783984: daddr:100932208
[  305.943108] AAAAA-TCP_FORW: name:enp0s3: saddr:16783984: daddr:100932208
[  306.138316] AAAAA-TCP_FORW: name:enp0s3: saddr:16783984: daddr:100932208
[  306.293189] AAAAA-TCP_FORW: name:enp0s3: saddr:16783984: daddr:100932208
[  306.376074] AAAAA-TCP_FORW: name:enp0s3: saddr:33561200: daddr:100932208
[  306.530730] AAAAA-TCP_FORW: name:enp0s3: saddr:33561200: daddr:100932208
[  306.587465] AAAAA-TCP_FORW: name:enp0s3: saddr:16783984: daddr:100932208
[  306.990608] AAAAA-TCP_FORW: name:enp0s3: saddr:33561200: daddr:100932208
[  307.178788] AAAAA-TCP_FORW: name:enp0s3: saddr:33561200: daddr:100932208
[  307.466248] AAAAA-TCP_FORW: name:enp0s3: saddr:33561200: daddr:100932208
[  307.566769] AAAAA-TCP_FORW: name:enp0s3: saddr:33561200: daddr:100932208
[  307.770926] AAAAA-TCP_FORW: name:enp0s3: saddr:33561200: daddr:100932208
[  307.881142] AAAAA-TCP_FORW: name:enp0s3: saddr:33561200: daddr:100932208
[  308.068421] AAAAA-TCP_FORW: name:enp0s3: saddr:16783984: daddr:100932208
[  308.489463] AAAAA-TCP_FORW: name:enp0s3: saddr:16783984: daddr:100932208
[  308.621034] AAAAA-TCP_FORW: name:enp0s3: saddr:16783984: daddr:100932208
[  308.720350] AAAAA-TCP_FORW: name:enp0s3: saddr:33561200: daddr:100932208
[  308.937280] AAAAA-TCP_FORW: name:enp0s3: saddr:16783984: daddr:100932208
[  482.910542] rfkill: input handler enabled
[  491.472498] rfkill: input handler disabled
[  665.227468] device enp0s3 left promiscuous mode
