[    0.000000] Linux version 5.4.243-mptcp (root@ztg) (gcc version 12.2.0 (Debian 12.2.0-14+deb12u1)) #53 SMP Wed Dec 24 23:28:15 CST 2025
[    0.000000] Command line: BOOT_IMAGE=/boot/vmlinuz-5.4.243-mptcp root=UUID=98415a12-53b7-4144-8265-0f7ece09e445 ro quiet splash
[    0.000000] KERNEL supported cpus:
[    0.000000]   Intel GenuineIntel
[    0.000000]   AMD AuthenticAMD
[    0.000000]   Hygon HygonGenuine
[    0.000000]   Centaur CentaurHauls
[    0.000000]   zhaoxin   Shanghai  
[    0.000000] x86/fpu: Supporting XSAVE feature 0x001: 'x87 floating point registers'
[    0.000000] x86/fpu: Supporting XSAVE feature 0x002: 'SSE registers'
[    0.000000] x86/fpu: Supporting XSAVE feature 0x004: 'AVX registers'
[    0.000000] x86/fpu: xstate_offset[2]:  576, xstate_sizes[2]:  256
[    0.000000] x86/fpu: Enabled xstate features 0x7, context size is 832 bytes, using 'standard' format.
[    0.000000] BIOS-provided physical RAM map:
[    0.000000] BIOS-e820: [mem 0x0000000000000000-0x000000000009fbff] usable
[    0.000000] BIOS-e820: [mem 0x000000000009fc00-0x000000000009ffff] reserved
[    0.000000] BIOS-e820: [mem 0x00000000000f0000-0x00000000000fffff] reserved
[    0.000000] BIOS-e820: [mem 0x0000000000100000-0x000000007ffeffff] usable
[    0.000000] BIOS-e820: [mem 0x000000007fff0000-0x000000007fffffff] ACPI data
[    0.000000] BIOS-e820: [mem 0x00000000fec00000-0x00000000fec00fff] reserved
[    0.000000] BIOS-e820: [mem 0x00000000fee00000-0x00000000fee00fff] reserved
[    0.000000] BIOS-e820: [mem 0x00000000fffc0000-0x00000000ffffffff] reserved
[    0.000000] NX (Execute Disable) protection: active
[    0.000000] SMBIOS 2.5 present.
[    0.000000] DMI: innotek GmbH VirtualBox/VirtualBox, BIOS VirtualBox 12/01/2006
[    0.000000] Hypervisor detected: KVM
[    0.000000] kvm-clock: Using msrs 4b564d01 and 4b564d00
[    0.000000] kvm-clock: cpu 0, msr 49a01001, primary cpu clock
[    0.000000] kvm-clock: using sched offset of 4470360108 cycles
[    0.000003] clocksource: kvm-clock: mask: 0xffffffffffffffff max_cycles: 0x1cd42e4dffb, max_idle_ns: 881590591483 ns
[    0.000005] tsc: Detected 2100.000 MHz processor
[    0.001873] e820: update [mem 0x00000000-0x00000fff] usable ==> reserved
[    0.001875] e820: remove [mem 0x000a0000-0x000fffff] usable
[    0.001879] last_pfn = 0x7fff0 max_arch_pfn = 0x400000000
[    0.001946] MTRR default type: uncachable
[    0.001947] MTRR fixed ranges enabled:
[    0.001948]   00000-9FFFF write-back
[    0.001949]   A0000-BFFFF uncachable
[    0.001950]   C0000-FFFFF write-protect
[    0.001950] MTRR variable ranges enabled:
[    0.001952]   0 base 000000000000 mask 3FFF80000000 write-back
[    0.001953]   1 disabled
[    0.001953]   2 disabled
[    0.001953]   3 disabled
[    0.001954]   4 disabled
[    0.001954]   5 disabled
[    0.001955]   6 disabled
[    0.001955]   7 disabled
[    0.001955]   8 disabled
[    0.001956]   9 disabled
[    0.001956]   10 disabled
[    0.001957]   11 disabled
[    0.001957]   12 disabled
[    0.001958]   13 disabled
[    0.001958]   14 disabled
[    0.001958]   15 disabled
[    0.001974] x86/PAT: Configuration [0-7]: WB  WC  UC- UC  WB  WP  UC- WT  
[    0.002109] found SMP MP-table at [mem 0x0009fff0-0x0009ffff]
[    0.089937] check: Scanning 1 areas for low memory corruption
[    0.090079] RAMDISK: [mem 0x32271000-0x3512ffff]
[    0.090088] ACPI: Early table checksum verification disabled
[    0.090093] ACPI: RSDP 0x00000000000E0000 000024 (v02 VBOX  )
[    0.090097] ACPI: XSDT 0x000000007FFF0030 00003C (v01 VBOX   VBOXXSDT 00000001 ASL  00000061)
[    0.090104] ACPI: FACP 0x000000007FFF00F0 0000F4 (v04 VBOX   VBOXFACP 00000001 ASL  00000061)
[    0.090110] ACPI: DSDT 0x000000007FFF02E0 002353 (v02 VBOX   VBOXBIOS 00000002 VBOX 00029BF3)
[    0.090114] ACPI: FACS 0x000000007FFF0200 000040
[    0.090118] ACPI: FACS 0x000000007FFF0200 000040
[    0.090121] ACPI: APIC 0x000000007FFF0240 000054 (v02 VBOX   VBOXAPIC 00000001 ASL  00000061)
[    0.090124] ACPI: SSDT 0x000000007FFF02A0 000038 (v01 VBOX   VBOXCPUT 00000002 VBOX 00029BF3)
[    0.090128] ACPI: Reserving FACP table memory at [mem 0x7fff00f0-0x7fff01e3]
[    0.090129] ACPI: Reserving DSDT table memory at [mem 0x7fff02e0-0x7fff2632]
[    0.090129] ACPI: Reserving FACS table memory at [mem 0x7fff0200-0x7fff023f]
[    0.090130] ACPI: Reserving FACS table memory at [mem 0x7fff0200-0x7fff023f]
[    0.090131] ACPI: Reserving APIC table memory at [mem 0x7fff0240-0x7fff0293]
[    0.090131] ACPI: Reserving SSDT table memory at [mem 0x7fff02a0-0x7fff02d7]
[    0.090146] ACPI: Local APIC address 0xfee00000
[    0.090333] No NUMA configuration found
[    0.090335] Faking a node at [mem 0x0000000000000000-0x000000007ffeffff]
[    0.090345] NODE_DATA(0) allocated [mem 0x7ffc5000-0x7ffeffff]
[    0.090607] Zone ranges:
[    0.090608]   DMA      [mem 0x0000000000001000-0x0000000000ffffff]
[    0.090609]   DMA32    [mem 0x0000000001000000-0x000000007ffeffff]
[    0.090610]   Normal   empty
[    0.090611]   Device   empty
[    0.090611] Movable zone start for each node
[    0.090613] Early memory node ranges
[    0.090614]   node   0: [mem 0x0000000000001000-0x000000000009efff]
[    0.090615]   node   0: [mem 0x0000000000100000-0x000000007ffeffff]
[    0.090618] Zeroed struct page in unavailable ranges: 114 pages
[    0.090619] Initmem setup node 0 [mem 0x0000000000001000-0x000000007ffeffff]
[    0.090620] On node 0 totalpages: 524174
[    0.090622]   DMA zone: 64 pages used for memmap
[    0.090622]   DMA zone: 21 pages reserved
[    0.090623]   DMA zone: 3998 pages, LIFO batch:0
[    0.090696]   DMA32 zone: 8128 pages used for memmap
[    0.090696]   DMA32 zone: 520176 pages, LIFO batch:63
[    0.099657] ACPI: PM-Timer IO Port: 0x4008
[    0.099661] ACPI: Local APIC address 0xfee00000
[    0.099732] IOAPIC[0]: apic_id 1, version 32, address 0xfec00000, GSI 0-23
[    0.099735] ACPI: INT_SRC_OVR (bus 0 bus_irq 0 global_irq 2 dfl dfl)
[    0.099737] ACPI: INT_SRC_OVR (bus 0 bus_irq 9 global_irq 9 low level)
[    0.099750] ACPI: IRQ0 used by override.
[    0.099751] ACPI: IRQ9 used by override.
[    0.099753] Using ACPI (MADT) for SMP configuration information
[    0.099762] smpboot: Allowing 1 CPUs, 0 hotplug CPUs
[    0.099787] PM: Registered nosave memory: [mem 0x00000000-0x00000fff]
[    0.099788] PM: Registered nosave memory: [mem 0x0009f000-0x0009ffff]
[    0.099789] PM: Registered nosave memory: [mem 0x000a0000-0x000effff]
[    0.099790] PM: Registered nosave memory: [mem 0x000f0000-0x000fffff]
[    0.099792] [mem 0x80000000-0xfebfffff] available for PCI devices
[    0.099792] Booting paravirtualized kernel on KVM
[    0.099796] clocksource: refined-jiffies: mask: 0xffffffff max_cycles: 0xffffffff, max_idle_ns: 7645519600211568 ns
[    0.099802] setup_percpu: NR_CPUS:8192 nr_cpumask_bits:1 nr_cpu_ids:1 nr_node_ids:1
[    0.100802] percpu: Embedded 60 pages/cpu s208896 r8192 d28672 u2097152
[    0.100807] pcpu-alloc: s208896 r8192 d28672 u2097152 alloc=1*2097152
[    0.100808] pcpu-alloc: [0] 0 
[    0.100835] Built 1 zonelists, mobility grouping on.  Total pages: 515961
[    0.100836] Policy zone: DMA32
[    0.100837] Kernel command line: BOOT_IMAGE=/boot/vmlinuz-5.4.243-mptcp root=UUID=98415a12-53b7-4144-8265-0f7ece09e445 ro quiet splash
[    0.101682] Dentry cache hash table entries: 262144 (order: 9, 2097152 bytes, linear)
[    0.101829] Inode-cache hash table entries: 131072 (order: 8, 1048576 bytes, linear)
[    0.101879] mem auto-init: stack:off, heap alloc:on, heap free:off
[    0.101883] Calgary: detecting Calgary via BIOS EBDA area
[    0.101884] Calgary: Unable to locate Rio Grande table in EBDA - bailing!
[    0.105964] Memory: 1967332K/2096696K available (14339K kernel code, 2398K rwdata, 4712K rodata, 2728K init, 17260K bss, 129364K reserved, 0K cma-reserved)
[    0.106884] SLUB: HWalign=64, Order=0-3, MinObjects=0, CPUs=1, Nodes=1
[    0.106901] ftrace: allocating 43186 entries in 169 pages
[    0.125034] rcu: Hierarchical RCU implementation.
[    0.125036] rcu: 	RCU restricting CPUs from NR_CPUS=8192 to nr_cpu_ids=1.
[    0.125037] 	Tasks RCU enabled.
[    0.125038] rcu: RCU calculated value of scheduler-enlistment delay is 25 jiffies.
[    0.125039] rcu: Adjusting geometry for rcu_fanout_leaf=16, nr_cpu_ids=1
[    0.128000] NR_IRQS: 524544, nr_irqs: 256, preallocated irqs: 16
[    0.128216] random: crng init done
[    0.137567] Console: colour VGA+ 80x25
[    0.137571] printk: console [tty0] enabled
[    0.137592] ACPI: Core revision 20190816
[    0.137691] APIC: Switch to symmetric I/O mode setup
[    0.137941] x2apic enabled
[    0.138177] Switched APIC routing to physical x2apic.
[    0.139304] ..TIMER: vector=0x30 apic1=0 pin1=2 apic2=-1 pin2=-1
[    0.139331] clocksource: tsc-early: mask: 0xffffffffffffffff max_cycles: 0x1e4530a99b6, max_idle_ns: 440795257976 ns
[    0.139337] Calibrating delay loop (skipped) preset value.. 4200.00 BogoMIPS (lpj=8400000)
[    0.139339] pid_max: default: 32768 minimum: 301
[    0.139367] LSM: Security Framework initializing
[    0.139377] Yama: becoming mindful.
[    0.139404] AppArmor: AppArmor initialized
[    0.139439] Mount-cache hash table entries: 4096 (order: 3, 32768 bytes, linear)
[    0.139443] Mountpoint-cache hash table entries: 4096 (order: 3, 32768 bytes, linear)
[    0.139453] *** VALIDATE tmpfs ***
[    0.139583] *** VALIDATE proc ***
[    0.139625] *** VALIDATE cgroup1 ***
[    0.139626] *** VALIDATE cgroup2 ***
[    0.139775] process: using mwait in idle threads
[    0.139779] Last level iTLB entries: 4KB 64, 2MB 8, 4MB 8
[    0.139780] Last level dTLB entries: 4KB 64, 2MB 0, 4MB 0, 1GB 4
[    0.139801] Spectre V1 : Mitigation: usercopy/swapgs barriers and __user pointer sanitization
[    0.139806] Spectre V2 : Mitigation: Retpolines
[    0.139807] Spectre V2 : Spectre v2 / SpectreRSB mitigation: Filling RSB on context switch
[    0.139807] Spectre V2 : Spectre v2 / SpectreRSB : Filling RSB on VMEXIT
[    0.139808] RETBleed: WARNING: Spectre v2 mitigation leaves CPU vulnerable to RETBleed attacks, data leaks possible!
[    0.140167] RETBleed: Vulnerable
[    0.140168] Speculative Store Bypass: Vulnerable
[    0.140173] TAA: Mitigation: TSX disabled
[    0.140173] MMIO Stale Data: Mitigation: Clear CPU buffers
[    0.144421] Freeing SMP alternatives memory: 40K
[    0.256549] smpboot: CPU0: Intel(R) Xeon(R) Silver 4216 CPU @ 2.10GHz (family: 0x6, model: 0x55, stepping: 0x7)
[    0.256673] Performance Events: unsupported p6 CPU model 85 no PMU driver, software events only.
[    0.256709] rcu: Hierarchical SRCU implementation.
[    0.257203] NMI watchdog: Perf NMI watchdog permanently disabled
[    0.257242] smp: Bringing up secondary CPUs ...
[    0.257243] smp: Brought up 1 node, 1 CPU
[    0.257244] smpboot: Max logical packages: 1
[    0.257245] smpboot: Total of 1 processors activated (4200.00 BogoMIPS)
[    0.258200] devtmpfs: initialized
[    0.258248] x86/mm: Memory block size: 128MB
[    0.258602] clocksource: jiffies: mask: 0xffffffff max_cycles: 0xffffffff, max_idle_ns: 7645041785100000 ns
[    0.258607] futex hash table entries: 256 (order: 2, 16384 bytes, linear)
[    0.258653] pinctrl core: initialized pinctrl subsystem
[    0.258756] PM: RTC time: 11:00:10, date: 2026-01-17
[    0.258864] NET: Registered protocol family 16
[    0.258938] audit: initializing netlink subsys (disabled)
[    0.259064] EISA bus registered
[    0.259066] cpuidle: using governor ladder
[    0.259066] cpuidle: using governor menu
[    0.259103] ACPI: bus type PCI registered
[    0.259105] acpiphp: ACPI Hot Plug PCI Controller Driver version: 0.5
[    0.259210] PCI: Using configuration type 1 for base access
[    0.259622] audit: type=2000 audit(1768618816.558:1): state=initialized audit_enabled=0 res=1
[    0.259702] HugeTLB registered 2.00 MiB page size, pre-allocated 0 pages
[    0.260536] ACPI: Added _OSI(Module Device)
[    0.260536] ACPI: Added _OSI(Processor Device)
[    0.260537] ACPI: Added _OSI(3.0 _SCP Extensions)
[    0.260538] ACPI: Added _OSI(Processor Aggregator Device)
[    0.260539] ACPI: Added _OSI(Linux-Dell-Video)
[    0.260539] ACPI: Added _OSI(Linux-Lenovo-NV-HDMI-Audio)
[    0.260540] ACPI: Added _OSI(Linux-HPI-Hybrid-Graphics)
[    0.262487] ACPI: 2 ACPI AML tables successfully acquired and loaded
[    0.264011] ACPI: Interpreter enabled
[    0.264021] ACPI: (supports S0 S5)
[    0.264022] ACPI: Using IOAPIC for interrupt routing
[    0.264226] PCI: Using host bridge windows from ACPI; if necessary, use "pci=nocrs" and report a bug
[    0.264333] ACPI: Enabled 2 GPEs in block 00 to 07
[    0.269265] ACPI: PCI Root Bridge [PCI0] (domain 0000 [bus 00-ff])
[    0.269270] acpi PNP0A03:00: _OSC: OS supports [ASPM ClockPM Segments MSI HPX-Type3]
[    0.269712] acpi PNP0A03:00: _OSC: not requesting OS control; OS requires [ExtendedConfig ASPM ClockPM MSI]
[    0.269720] acpi PNP0A03:00: fail to add MMCONFIG information, can't access extended PCI configuration space under this bridge.
[    0.270087] PCI host bridge to bus 0000:00
[    0.270089] pci_bus 0000:00: root bus resource [io  0x0000-0x0cf7 window]
[    0.270090] pci_bus 0000:00: root bus resource [io  0x0d00-0xffff window]
[    0.270091] pci_bus 0000:00: root bus resource [mem 0x000a0000-0x000bffff window]
[    0.270093] pci_bus 0000:00: root bus resource [mem 0x80000000-0xfdffffff window]
[    0.270094] pci_bus 0000:00: root bus resource [bus 00-ff]
[    0.270138] pci 0000:00:00.0: [8086:1237] type 00 class 0x060000
[    0.271069] pci 0000:00:01.0: [8086:7000] type 00 class 0x060100
[    0.271870] pci 0000:00:01.1: [8086:7111] type 00 class 0x01018a
[    0.272235] pci 0000:00:01.1: reg 0x20: [io  0xd000-0xd00f]
[    0.272384] pci 0000:00:01.1: legacy IDE quirk: reg 0x10: [io  0x01f0-0x01f7]
[    0.272385] pci 0000:00:01.1: legacy IDE quirk: reg 0x14: [io  0x03f6]
[    0.272386] pci 0000:00:01.1: legacy IDE quirk: reg 0x18: [io  0x0170-0x0177]
[    0.272387] pci 0000:00:01.1: legacy IDE quirk: reg 0x1c: [io  0x0376]
[    0.272922] pci 0000:00:02.0: [15ad:0405] type 00 class 0x030000
[    0.275411] pci 0000:00:02.0: reg 0x10: [io  0xd010-0xd01f]
[    0.278205] pci 0000:00:02.0: reg 0x14: [mem 0xe0000000-0xe7ffffff pref]
[    0.281196] pci 0000:00:02.0: reg 0x18: [mem 0xf0000000-0xf01fffff]
[    0.292148] pci 0000:00:03.0: [1022:2000] type 00 class 0x020000
[    0.292878] pci 0000:00:03.0: reg 0x10: [io  0xd020-0xd03f]
[    0.293521] pci 0000:00:03.0: reg 0x14: [mem 0xf0200000-0xf0200fff]
[    0.296808] pci 0000:00:04.0: [80ee:cafe] type 00 class 0x088000
[    0.297483] pci 0000:00:04.0: reg 0x10: [io  0xd040-0xd05f]
[    0.298093] pci 0000:00:04.0: reg 0x14: [mem 0xf0400000-0xf07fffff]
[    0.299937] pci 0000:00:04.0: reg 0x18: [mem 0xf0800000-0xf0803fff pref]
[    0.303375] pci 0000:00:07.0: [8086:7113] type 00 class 0x068000
[    0.303900] pci 0000:00:07.0: quirk: [io  0x4000-0x403f] claimed by PIIX4 ACPI
[    0.303909] pci 0000:00:07.0: quirk: [io  0x4100-0x410f] claimed by PIIX4 SMB
[    0.304529] pci 0000:00:08.0: [8086:100e] type 00 class 0x020000
[    0.305231] pci 0000:00:08.0: reg 0x10: [mem 0xf0820000-0xf083ffff]
[    0.306385] pci 0000:00:08.0: reg 0x18: [io  0xd060-0xd067]
[    0.309499] pci 0000:00:09.0: [8086:100e] type 00 class 0x020000
[    0.310207] pci 0000:00:09.0: reg 0x10: [mem 0xf0840000-0xf085ffff]
[    0.311333] pci 0000:00:09.0: reg 0x18: [io  0xd068-0xd06f]
[    0.320394] ACPI: PCI Interrupt Link [LNKA] (IRQs 5 9 10 *11)
[    0.320675] ACPI: PCI Interrupt Link [LNKB] (IRQs 5 9 *10 11)
[    0.320774] ACPI: PCI Interrupt Link [LNKC] (IRQs 5 *9 10 11)
[    0.320878] ACPI: PCI Interrupt Link [LNKD] (IRQs 5 9 10 *11)
[    0.321139] iommu: Default domain type: Translated 
[    0.321203] pci 0000:00:02.0: vgaarb: setting as boot VGA device
[    0.321205] pci 0000:00:02.0: vgaarb: VGA device added: decodes=io+mem,owns=io+mem,locks=none
[    0.321207] pci 0000:00:02.0: vgaarb: bridge control possible
[    0.321207] vgaarb: loaded
[    0.323516] SCSI subsystem initialized
[    0.323550] libata version 3.00 loaded.
[    0.323575] ACPI: bus type USB registered
[    0.323590] usbcore: registered new interface driver usbfs
[    0.323596] usbcore: registered new interface driver hub
[    0.323602] usbcore: registered new device driver usb
[    0.323628] pps_core: LinuxPPS API ver. 1 registered
[    0.323628] pps_core: Software ver. 5.3.6 - Copyright 2005-2007 Rodolfo Giometti <giometti@linux.it>
[    0.323630] PTP clock support registered
[    0.323665] EDAC MC: Ver: 3.0.0
[    0.323949] PCI: Using ACPI for IRQ routing
[    0.323950] PCI: pci_cache_line_size set to 64 bytes
[    0.324118] e820: reserve RAM buffer [mem 0x0009fc00-0x0009ffff]
[    0.324121] e820: reserve RAM buffer [mem 0x7fff0000-0x7fffffff]
[    0.324919] NetLabel: Initializing
[    0.324920] NetLabel:  domain hash size = 128
[    0.324920] NetLabel:  protocols = UNLABELED CIPSOv4 CALIPSO
[    0.324941] NetLabel:  unlabeled traffic allowed by default
[    0.325845] clocksource: Switched to clocksource kvm-clock
[    0.337645] *** VALIDATE bpf ***
[    0.337703] VFS: Disk quotas dquot_6.6.0
[    0.337715] VFS: Dquot-cache hash table entries: 512 (order 0, 4096 bytes)
[    0.337737] *** VALIDATE ramfs ***
[    0.337741] *** VALIDATE hugetlbfs ***
[    0.337829] AppArmor: AppArmor Filesystem Enabled
[    0.337855] pnp: PnP ACPI init
[    0.337915] pnp 00:00: Plug and Play ACPI device, IDs PNP0303 (active)
[    0.337980] pnp 00:01: Plug and Play ACPI device, IDs PNP0f03 (active)
[    0.338712] pnp: PnP ACPI: found 2 devices
[    0.339696] thermal_sys: Registered thermal governor 'fair_share'
[    0.339696] thermal_sys: Registered thermal governor 'bang_bang'
[    0.339697] thermal_sys: Registered thermal governor 'step_wise'
[    0.339698] thermal_sys: Registered thermal governor 'user_space'
[    0.339698] thermal_sys: Registered thermal governor 'power_allocator'
[    0.344230] clocksource: acpi_pm: mask: 0xffffff max_cycles: 0xffffff, max_idle_ns: 2085701024 ns
[    0.344270] pci_bus 0000:00: resource 4 [io  0x0000-0x0cf7 window]
[    0.344272] pci_bus 0000:00: resource 5 [io  0x0d00-0xffff window]
[    0.344273] pci_bus 0000:00: resource 6 [mem 0x000a0000-0x000bffff window]
[    0.344274] pci_bus 0000:00: resource 7 [mem 0x80000000-0xfdffffff window]
[    0.344328] NET: Registered protocol family 2
[    0.344402] IP idents hash table entries: 32768 (order: 6, 262144 bytes, linear)
[    0.344808] MPTCP tokens hash table entries: 8192 (order: 4, 65536 bytes, linear)
[    0.344828] MPTCP request tokens hash table entries: 8192 (order: 4, 65536 bytes, linear)
[    0.344853] default registered
[    0.344854] default registered
[    0.344854] MPTCP: Stable release v0.96
[    0.344859] tcp_listen_portaddr_hash hash table entries: 1024 (order: 2, 16384 bytes, linear)
[    0.344936] TCP established hash table entries: 16384 (order: 5, 131072 bytes, linear)
[    0.344999] TCP bind hash table entries: 16384 (order: 6, 262144 bytes, linear)
[    0.345024] TCP: Hash tables configured (established 16384 bind 16384)
[    0.345716] UDP hash table entries: 1024 (order: 3, 32768 bytes, linear)
[    0.345727] UDP-Lite hash table entries: 1024 (order: 3, 32768 bytes, linear)
[    0.345762] NET: Registered protocol family 1
[    0.345771] NET: Registered protocol family 44
[    0.345798] pci 0000:00:00.0: Limiting direct PCI/PCI transfers
[    0.345810] pci 0000:00:01.0: Activating ISA DMA hang workarounds
[    0.345866] pci 0000:00:02.0: Video device with shadowed ROM at [mem 0x000c0000-0x000dffff]
[    0.345929] PCI: CLS 0 bytes, default 64
[    0.345976] Trying to unpack rootfs image as initramfs...
[    0.526529] Freeing initrd memory: 47868K
[    0.526627] clocksource: tsc: mask: 0xffffffffffffffff max_cycles: 0x1e4530a99b6, max_idle_ns: 440795257976 ns
[    0.526637] clocksource: Switched to clocksource tsc
[    0.526677] platform rtc_cmos: registered platform RTC device (no PNP device found)
[    0.526707] check: Scanning for low memory corruption every 60 seconds
[    0.527020] Initialise system trusted keyrings
[    0.527029] Key type blacklist registered
[    0.527072] workingset: timestamp_bits=36 max_order=19 bucket_order=0
[    0.528375] zbud: loaded
[    0.528729] squashfs: version 4.0 (2009/01/31) Phillip Lougher
[    0.528730] fuse: init (API version 7.31)
[    0.528730] *** VALIDATE fuse ***
[    0.528730] *** VALIDATE fuse ***
[    0.528730] Platform Keyring initialized
[    0.528730] Key type asymmetric registered
[    0.528730] Asymmetric key parser 'x509' registered
[    0.528730] Block layer SCSI generic (bsg) driver version 0.4 loaded (major 244)
[    0.528730] io scheduler mq-deadline registered
[    0.528730] shpchp: Standard Hot Plug PCI Controller Driver version: 0.4
[    0.532436] ACPI: AC Adapter [AC] (on-line)
[    0.532480] input: Power Button as /devices/LNXSYSTM:00/LNXPWRBN:00/input/input0
[    0.532507] ACPI: Power Button [PWRF]
[    0.532580] input: Sleep Button as /devices/LNXSYSTM:00/LNXSLPBN:00/input/input1
[    0.532594] ACPI: Sleep Button [SLPF]
[    0.532811] Serial: 8250/16550 driver, 32 ports, IRQ sharing enabled
[    0.533986] Linux agpgart interface v0.103
[    0.623175] loop: module loaded
[    0.623325] ata_piix 0000:00:01.1: version 2.13
[    0.623737] scsi host0: ata_piix
[    0.623826] scsi host1: ata_piix
[    0.623852] ata1: PATA max UDMA/33 cmd 0x1f0 ctl 0x3f6 bmdma 0xd000 irq 14
[    0.623853] ata2: PATA max UDMA/33 cmd 0x170 ctl 0x376 bmdma 0xd008 irq 15
[    0.623934] tun: Universal TUN/TAP device driver, 1.6
[    0.624244] PPP generic driver version 2.4.2
[    0.624286] VFIO - User Level meta-driver version: 0.3
[    0.624520] ehci_hcd: USB 2.0 'Enhanced' Host Controller (EHCI) Driver
[    0.624525] ehci-pci: EHCI PCI platform driver
[    0.624542] ehci-platform: EHCI generic platform driver
[    0.624548] ohci_hcd: USB 1.1 'Open' Host Controller (OHCI) Driver
[    0.624550] ohci-pci: OHCI PCI platform driver
[    0.624557] ohci-platform: OHCI generic platform driver
[    0.624561] uhci_hcd: USB Universal Host Controller Interface driver
[    0.624628] i8042: PNP: PS/2 Controller [PNP0303:PS2K,PNP0f03:PS2M] at 0x60,0x64 irq 1,12
[    0.625066] serio: i8042 KBD port at 0x60,0x64 irq 1
[    0.625070] serio: i8042 AUX port at 0x60,0x64 irq 12
[    0.625156] mousedev: PS/2 mouse device common for all mice
[    0.625406] input: AT Translated Set 2 keyboard as /devices/platform/i8042/serio0/input/input2
[    0.625821] rtc_cmos rtc_cmos: registered as rtc0
[    0.625834] rtc_cmos rtc_cmos: alarms up to one day, 114 bytes nvram
[    0.625839] i2c /dev entries driver
[    0.625884] device-mapper: uevent: version 1.0.3
[    0.625928] device-mapper: ioctl: 4.41.0-ioctl (2019-09-16) initialised: dm-devel@redhat.com
[    0.625944] platform eisa.0: Probing EISA bus 0
[    0.625946] platform eisa.0: EISA: Cannot allocate resource for mainboard
[    0.625947] platform eisa.0: Cannot allocate resource for EISA slot 1
[    0.625948] platform eisa.0: Cannot allocate resource for EISA slot 2
[    0.625949] platform eisa.0: Cannot allocate resource for EISA slot 3
[    0.625950] platform eisa.0: Cannot allocate resource for EISA slot 4
[    0.625951] platform eisa.0: Cannot allocate resource for EISA slot 5
[    0.625952] platform eisa.0: Cannot allocate resource for EISA slot 6
[    0.625953] platform eisa.0: Cannot allocate resource for EISA slot 7
[    0.625954] platform eisa.0: Cannot allocate resource for EISA slot 8
[    0.625955] platform eisa.0: EISA: Detected 0 cards
[    0.625957] intel_pstate: CPU model not supported
[    0.625967] ledtrig-cpu: registered to indicate activity on CPUs
[    0.626022] drop_monitor: Initializing network drop monitor service
[    0.626182] NET: Registered protocol family 10
[    0.631271] Segment Routing with IPv6
[    0.631302] fullmesh registered
[    0.631303] ndiffports registered
[    0.631304] binder registered
[    0.631305] roundrobin registered
[    0.631306] redundant registered
[    0.631307] blest registered
[    0.631307] ecf registered
[    0.631309] NET: Registered protocol family 17
[    0.631313] Key type dns_resolver registered
[    0.631313] RAS: Correctable Errors collector initialized.
[    0.631313] IPI shorthand broadcast: enabled
[    0.631313] sched_clock: Marking stable (616186141, 11127016)->(629270185, -1957028)
[    0.631516] registered taskstats version 1
[    0.631526] Loading compiled-in X.509 certificates
[    0.632112] Loaded X.509 cert 'Build time autogenerated kernel key: 6909f3744cebb3d0de528d5887b96a727de79b1e'
[    0.632130] zswap: loaded using pool lzo/zbud
[    0.632182] Key type ._fscrypt registered
[    0.632183] Key type .fscrypt registered
[    0.636596] Key type big_key registered
[    0.638768] Key type encrypted registered
[    0.638771] AppArmor: AppArmor sha1 policy hashing enabled
[    0.638778] ima: No TPM chip found, activating TPM-bypass!
[    0.638782] ima: Allocated hash algorithm: sha1
[    0.638788] ima: No architecture policies found
[    0.638797] evm: Initialising EVM extended attributes:
[    0.638798] evm: security.selinux
[    0.638798] evm: security.SMACK64
[    0.638799] evm: security.SMACK64EXEC
[    0.638799] evm: security.SMACK64TRANSMUTE
[    0.638800] evm: security.SMACK64MMAP
[    0.638800] evm: security.apparmor
[    0.638801] evm: security.ima
[    0.638801] evm: security.capability
[    0.638802] evm: HMAC attrs: 0x1
[    0.639095] PM:   Magic number: 10:373:24
[    0.639098] misc cpu_dma_latency: hash matches
[    0.639196] rtc_cmos rtc_cmos: setting system clock to 2026-01-17T11:00:11 UTC (1768647611)
[    0.796166] ata1.00: ATA-6: VBOX HARDDISK, 1.0, max UDMA/133
[    0.796170] ata1.00: 209715200 sectors, multi 128: LBA 
[    0.796800] scsi 0:0:0:0: Direct-Access     ATA      VBOX HARDDISK    1.0  PQ: 0 ANSI: 5
[    0.797081] sd 0:0:0:0: [sda] 209715200 512-byte logical blocks: (107 GB/100 GiB)
[    0.797093] sd 0:0:0:0: [sda] Write Protect is off
[    0.797096] sd 0:0:0:0: [sda] Mode Sense: 00 3a 00 00
[    0.797115] sd 0:0:0:0: [sda] Write cache: enabled, read cache: enabled, doesn't support DPO or FUA
[    0.797415] sd 0:0:0:0: Attached scsi generic sg0 type 0
[    0.798031]  sda: sda1 sda2
[    0.807448] sd 0:0:0:0: [sda] Attached SCSI disk
[    0.812129] Freeing unused decrypted memory: 2040K
[    0.813347] Freeing unused kernel image memory: 2728K
[    0.813351] Write protecting the kernel read-only data: 22528k
[    0.814721] Freeing unused kernel image memory: 2036K
[    0.815445] Freeing unused kernel image memory: 1432K
[    0.849621] x86/mm: Checked W+X mappings: passed, no W+X pages found.
[    0.849626] Run /init as init process
[    0.952161] ACPI: Video Device [GFX0] (multi-head: yes  rom: no  post: no)
[    0.952233] input: Video Bus as /devices/LNXSYSTM:00/LNXSYBUS:00/PNP0A03:00/LNXVIDEO:00/input/input4
[    0.965225] pcnet32: pcnet32.c:v1.35 21.Apr.2008 tsbogend@alpha.franken.de
[    0.966813] piix4_smbus 0000:00:07.0: SMBus Host Controller at 0x4100, revision 0
[    0.969257] e1000: Intel(R) PRO/1000 Network Driver - version 7.3.21-k8-NAPI
[    0.969258] e1000: Copyright (c) 1999-2006 Intel Corporation.
[    0.980124] pcnet32: PCnet/FAST III 79C973 at 0xd020, 08:00:27:2b:15:97 assigned IRQ 19
[    0.980168] pcnet32: Found PHY 0022:561b at address 0
[    0.980464] pcnet32: eth0: registered as PCnet/FAST III 79C973
[    0.985374] pcnet32: 1 cards_found
[    1.040106] pcnet32 0000:00:03.0 enp0s3: renamed from eth0
[    1.180964] input: ImExPS/2 Generic Explorer Mouse as /devices/platform/i8042/serio1/input/input5
[    1.371412] e1000 0000:00:08.0 eth0: (PCI:33MHz:32-bit) 08:00:27:97:74:42
[    1.371416] e1000 0000:00:08.0 eth0: Intel(R) PRO/1000 Network Connection
[    1.743518] e1000 0000:00:09.0 eth1: (PCI:33MHz:32-bit) 08:00:27:b9:ce:a8
[    1.743521] e1000 0000:00:09.0 eth1: Intel(R) PRO/1000 Network Connection
[    1.744643] e1000 0000:00:09.0 enp0s9: renamed from eth1
[    1.746427] e1000 0000:00:08.0 enp0s8: renamed from eth0
[    1.915718] EXT4-fs (sda2): mounted filesystem with ordered data mode. Opts: (null)
[    2.012105] systemd[1]: Inserted module 'autofs4'
[    2.023715] systemd[1]: systemd 245.4-4ubuntu3 running in system mode. (+PAM +AUDIT +SELINUX +IMA +APPARMOR +SMACK +SYSVINIT +UTMP +LIBCRYPTSETUP +GCRYPT +GNUTLS +ACL +XZ +LZ4 +SECCOMP +BLKID +ELFUTILS +KMOD +IDN2 -IDN +PCRE2 default-hierarchy=hybrid)
[    2.023746] systemd[1]: Detected virtualization oracle.
[    2.023750] systemd[1]: Detected architecture x86-64.
[    2.025034] systemd[1]: Set hostname to <ztg>.
[    2.152234] systemd[1]: /lib/systemd/system/dbus.socket:5: ListenStream= references a path below legacy directory /var/run/, updating /var/run/dbus/system_bus_socket â†’ /run/dbus/system_bus_socket; please update the unit file accordingly.
[    2.208704] systemd[1]: Created slice system-modprobe.slice.
[    2.208888] systemd[1]: Created slice User and Session Slice.
[    2.208933] systemd[1]: Started Forward Password Requests to Wall Directory Watch.
[    2.209097] systemd[1]: Set up automount Arbitrary Executable File Formats File System Automount Point.
[    2.209132] systemd[1]: Reached target User and Group Name Lookups.
[    2.209139] systemd[1]: Reached target Remote File Systems.
[    2.209148] systemd[1]: Reached target Slices.
[    2.209725] systemd[1]: Listening on Syslog Socket.
[    2.209810] systemd[1]: Listening on fsck to fsckd communication Socket.
[    2.209848] systemd[1]: Listening on initctl Compatibility Named Pipe.
[    2.209987] systemd[1]: Listening on Journal Audit Socket.
[    2.210039] systemd[1]: Listening on Journal Socket (/dev/log).
[    2.210109] systemd[1]: Listening on Journal Socket.
[    2.210174] systemd[1]: Listening on udev Control Socket.
[    2.210215] systemd[1]: Listening on udev Kernel Socket.
[    2.210967] systemd[1]: Mounting Huge Pages File System...
[    2.211964] systemd[1]: Mounting POSIX Message Queue File System...
[    2.212837] systemd[1]: Mounting Kernel Debug File System...
[    2.213683] systemd[1]: Mounting Kernel Trace File System...
[    2.215587] systemd[1]: Starting Journal Service...
[    2.237886] systemd[1]: Starting Set the console keyboard layout...
[    2.245931] systemd[1]: Starting Create list of static device nodes for the current kernel...
[    2.247936] systemd[1]: Starting Load Kernel Module drm...
[    2.248991] systemd[1]: Condition check resulted in Set Up Additional Binary Formats being skipped.
[    2.249031] systemd[1]: Condition check resulted in File System Check on Root Device being skipped.
[    2.260395] systemd[1]: Starting Load Kernel Modules...
[    2.270950] systemd[1]: Starting Remount Root and Kernel File Systems...
[    2.278350] systemd[1]: Starting udev Coldplug all Devices...
[    2.285040] systemd[1]: Starting Uncomplicated firewall...
[    2.286597] systemd[1]: Mounted Huge Pages File System.
[    2.286691] systemd[1]: Mounted POSIX Message Queue File System.
[    2.286781] systemd[1]: Mounted Kernel Debug File System.
[    2.286855] systemd[1]: Mounted Kernel Trace File System.
[    2.291674] EXT4-fs (sda2): re-mounted. Opts: errors=remount-ro
[    2.319314] systemd[1]: Finished Create list of static device nodes for the current kernel.
[    2.320324] systemd[1]: modprobe@drm.service: Succeeded.
[    2.327127] systemd[1]: Finished Load Kernel Module drm.
[    2.327727] systemd[1]: Finished Remount Root and Kernel File Systems.
[    2.334966] systemd[1]: Finished Uncomplicated firewall.
[    2.351427] lp: driver loaded but no devices found
[    2.354781] systemd[1]: Condition check resulted in Rebuild Hardware Database being skipped.
[    2.354818] systemd[1]: Condition check resulted in Platform Persistent Storage Archival being skipped.
[    2.355450] systemd[1]: Starting Load/Save Random Seed...
[    2.359912] systemd[1]: Starting Create System Users...
[    2.365444] ppdev: user-space parallel port driver
[    2.371677] systemd[1]: Finished Load/Save Random Seed.
[    2.375636] systemd[1]: Finished Create System Users.
[    2.376343] systemd[1]: Starting Create Static Device Nodes in /dev...
[    2.407965] systemd[1]: Finished Create Static Device Nodes in /dev.
[    2.408751] systemd[1]: Starting udev Kernel Device Manager...
[    2.421754] systemd[1]: Finished udev Coldplug all Devices.
[    2.449370] [drm] DMA map mode: Caching DMA mappings.
[    2.449432] [drm] Capabilities:
[    2.449432] [drm]   Rect copy.
[    2.449432] [drm]   Cursor.
[    2.449433] [drm]   Cursor bypass.
[    2.449433] [drm]   Cursor bypass 2.
[    2.449434] [drm]   Alpha cursor.
[    2.449434] [drm]   Extended Fifo.
[    2.449434] [drm]   Pitchlock.
[    2.449435] [drm]   Irq mask.
[    2.449435] [drm]   GMR.
[    2.449435] [drm]   Traces.
[    2.449436] [drm]   GMR2.
[    2.449436] [drm]   Screen Object 2.
[    2.449436] [drm]   Command Buffers.
[    2.449437] [drm]   Command Buffers 2.
[    2.449437] [drm]   Guest Backed Resources.
[    2.449438] [drm] Max GMR ids is 8192
[    2.449439] [drm] Max number of GMR pages is 1048576
[    2.449439] [drm] Max dedicated hypervisor surface memory is 393216 kiB
[    2.449440] [drm] Maximum display memory size is 131072 kiB
[    2.449441] [drm] VRAM at 0xe0000000 size is 131072 kiB
[    2.449441] [drm] MMIO at 0xf0000000 size is 2048 kiB
[    2.451818] [TTM] Zone  kernel: Available graphics memory: 1011738 KiB
[    2.451819] [TTM] Initializing pool allocator
[    2.451822] [TTM] Initializing DMA pool allocator
[    2.451875] [drm] Supports vblank timestamp caching Rev 2 (21.10.2013).
[    2.451876] [drm] No driver support for vblank timestamp query.
[    2.452089] [drm] Screen Target Display device initialized
[    2.452293] [drm] width 720
[    2.452302] [drm] height 400
[    2.452306] [drm] bpp 32
[    2.452827] [drm] Fifo max 0x00200000 min 0x00001000 cap 0x00000355
[    2.453908] [drm] Using command buffers with DMA pool.
[    2.453912] [drm] DX: no.
[    2.453913] [drm] Atomic: yes.
[    2.453913] [drm] SM4_1: no.
[    2.453931] [drm:vmw_host_log [vmwgfx]] *ERROR* Failed to send host log message.
[    2.454794] [drm:vmw_host_log [vmwgfx]] *ERROR* Failed to send host log message.
[    2.495760] fbcon: svgadrmfb (fb0) is primary device
[    2.501512] Console: switching to colour frame buffer device 100x37
[    2.507694] systemd[1]: Finished Set the console keyboard layout.
[    2.507839] systemd[1]: Reached target Local File Systems (Pre).
[    2.510969] systemd[1]: Mounting Mount unit for bare, revision 5...
[    2.512284] [drm] Initialized vmwgfx 2.15.0 20180704 for 0000:00:02.0 on minor 0
[    2.514733] systemd[1]: Mounting Mount unit for core18, revision 1705...
[    2.526137] systemd[1]: Mounting Mount unit for gnome-3-34-1804, revision 24...
[    2.532732] systemd[1]: Mounting Mount unit for gtk-common-themes, revision 1506...
[    2.564043] systemd[1]: Mounting Mount unit for gtk-common-themes, revision 1535...
[    2.566828] systemd[1]: Mounting Mount unit for snap-store, revision 433...
[    2.575276] systemd[1]: Mounting Mount unit for snapd, revision 7264...
[    2.577314] systemd[1]: Finished Load Kernel Modules.
[    2.581196] systemd[1]: Mounting FUSE Control File System...
[    2.587762] systemd[1]: Mounting Kernel Configuration File System...
[    2.588521] systemd[1]: Starting Apply Kernel Variables...
[    2.612540] systemd[1]: Mounted Mount unit for gtk-common-themes, revision 1506.
[    2.612638] systemd[1]: Mounted FUSE Control File System.
[    2.612693] systemd[1]: Condition check resulted in VMware vmblock fuse mount being skipped.
[    2.630265] systemd[1]: Mounted Mount unit for bare, revision 5.
[    2.630357] systemd[1]: Mounted Mount unit for core18, revision 1705.
[    2.630435] systemd[1]: Mounted Mount unit for gnome-3-34-1804, revision 24.
[    2.630506] systemd[1]: Mounted Kernel Configuration File System.
[    2.634543] systemd[1]: Finished Apply Kernel Variables.
[    2.634688] systemd[1]: Started udev Kernel Device Manager.
[    2.634768] systemd[1]: Mounted Mount unit for gtk-common-themes, revision 1535.
[    2.651727] systemd[1]: Starting Show Plymouth Boot Screen...
[    2.656030] systemd[1]: Received SIGRTMIN+20 from PID 282 (plymouthd).
[    2.675170] systemd[1]: Started Show Plymouth Boot Screen.
[    2.675336] systemd[1]: Condition check resulted in Dispatch Password Requests to Console Directory Watch being skipped.
[    2.675425] systemd[1]: Started Forward Password Requests to Plymouth Directory Watch.
[    2.675459] systemd[1]: Reached target Local Encrypted Volumes.
[    2.690012] systemd[1]: Mounted Mount unit for snap-store, revision 433.
[    2.690245] systemd[1]: Mounted Mount unit for snapd, revision 7264.
[    2.690395] systemd[1]: Reached target Local File Systems.
[    2.692605] systemd[1]: Starting Load AppArmor profiles...
[    2.694846] systemd[1]: Starting Set console font and keymap...
[    2.707643] systemd[1]: Starting Tell Plymouth To Write Out Runtime Data...
[    2.709153] systemd[1]: Condition check resulted in Store a System Token in an EFI Variable being skipped.
[    2.709221] systemd[1]: Condition check resulted in Commit a transient machine-id on disk being skipped.
[    2.711604] systemd[1]: Finished Set console font and keymap.
[    2.720674] systemd[1]: Received SIGRTMIN+20 from PID 282 (plymouthd).
[    2.721896] systemd[1]: plymouth-read-write.service: Succeeded.
[    2.722124] systemd[1]: Finished Tell Plymouth To Write Out Runtime Data.
[    2.756017] audit: type=1400 audit(1768647613.612:2): apparmor="STATUS" operation="profile_load" profile="unconfined" name="nvidia_modprobe" pid=300 comm="apparmor_parser"
[    2.756020] audit: type=1400 audit(1768647613.612:3): apparmor="STATUS" operation="profile_load" profile="unconfined" name="nvidia_modprobe//kmod" pid=300 comm="apparmor_parser"
[    2.760007] audit: type=1400 audit(1768647613.620:4): apparmor="STATUS" operation="profile_load" profile="unconfined" name="/usr/sbin/tcpdump" pid=301 comm="apparmor_parser"
[    2.805168] audit: type=1400 audit(1768647613.656:5): apparmor="STATUS" operation="profile_load" profile="unconfined" name="/usr/bin/evince" pid=303 comm="apparmor_parser"
[    2.805170] audit: type=1400 audit(1768647613.656:6): apparmor="STATUS" operation="profile_load" profile="unconfined" name="/usr/bin/evince//sanitized_helper" pid=303 comm="apparmor_parser"
[    2.805171] audit: type=1400 audit(1768647613.656:7): apparmor="STATUS" operation="profile_load" profile="unconfined" name="/usr/bin/evince-previewer" pid=303 comm="apparmor_parser"
[    2.805173] audit: type=1400 audit(1768647613.656:8): apparmor="STATUS" operation="profile_load" profile="unconfined" name="/usr/bin/evince-previewer//sanitized_helper" pid=303 comm="apparmor_parser"
[    2.805175] audit: type=1400 audit(1768647613.656:9): apparmor="STATUS" operation="profile_load" profile="unconfined" name="/usr/bin/evince-thumbnailer" pid=303 comm="apparmor_parser"
[    2.818691] audit: type=1400 audit(1768647613.676:10): apparmor="STATUS" operation="profile_load" profile="unconfined" name="/usr/lib/cups/backend/cups-pdf" pid=304 comm="apparmor_parser"
[    2.898127] systemd[1]: Finished Load AppArmor profiles.
[    2.899051] systemd[1]: Starting Load AppArmor profiles managed internally by snapd...
[    2.962929] systemd[1]: Finished Load AppArmor profiles managed internally by snapd.
[    3.185538] systemd[1]: Started Journal Service.
[    3.192731] systemd-journald[229]: Received client request to flush runtime journal.
[    3.198316] systemd-journald[229]: File /var/log/journal/c455b248004a419c87ce85eea238d727/system.journal corrupted or uncleanly shut down, renaming and replacing.
[    4.541313] RAPL PMU: API unit is 2^-32 Joules, 0 fixed counters, 10737418240 ms ovfl timer
[    4.585413] cryptd: max_cpu_qlen set to 1000
[    4.651692] AVX2 version of gcm_enc/dec engaged.
[    4.651693] AES CTR mode by8 optimization enabled
[    5.400124] Adding 1998844k swap on /dev/sda1.  Priority:-2 extents:1 across:1998844k FS
[    7.149972] kauditd_printk_skb: 30 callbacks suppressed
[    7.149973] audit: type=1400 audit(1768647618.004:41): apparmor="DENIED" operation="capable" profile="/usr/sbin/cups-browsed" pid=496 comm="cups-browsed" capability=23  capname="sys_nice"
[    7.613414] pcnet32 0000:00:03.0 enp0s3: link up, 100Mbps, full-duplex
[    7.649849] e1000: enp0s8 NIC Link is Up 1000 Mbps Full Duplex, Flow Control: RX
[    7.652681] IPv6: ADDRCONF(NETDEV_CHANGE): enp0s8: link becomes ready
[    7.659169] e1000: enp0s9 NIC Link is Up 1000 Mbps Full Duplex, Flow Control: RX
[    7.659489] IPv6: ADDRCONF(NETDEV_CHANGE): enp0s9: link becomes ready
[    8.185519] device enp0s3 entered promiscuous mode
[    8.208116] audit: type=1400 audit(1768647619.068:42): apparmor="DENIED" operation="open" profile="/usr/sbin/tcpdump" name="/proc/sys/kernel/random/boot_id" pid=710 comm="tcpdump" requested_mask="r" denied_mask="r" fsuid=0 ouid=0
[    8.208269] audit: type=1400 audit(1768647619.068:43): apparmor="DENIED" operation="open" profile="/usr/sbin/tcpdump" name="/proc/sys/kernel/random/boot_id" pid=710 comm="tcpdump" requested_mask="r" denied_mask="r" fsuid=0 ouid=0
[    8.208316] audit: type=1400 audit(1768647619.068:44): apparmor="DENIED" operation="open" profile="/usr/sbin/tcpdump" name="/proc/sys/kernel/random/boot_id" pid=710 comm="tcpdump" requested_mask="r" denied_mask="r" fsuid=0 ouid=0
[    8.208612] audit: type=1400 audit(1768647619.068:45): apparmor="DENIED" operation="open" profile="/usr/sbin/tcpdump" name="/proc/sys/kernel/random/boot_id" pid=710 comm="tcpdump" requested_mask="r" denied_mask="r" fsuid=0 ouid=0
[    8.229037] audit: type=1400 audit(1768647619.084:46): apparmor="DENIED" operation="open" profile="/usr/sbin/tcpdump" name="/proc/sys/kernel/random/boot_id" pid=711 comm="tcpdump" requested_mask="r" denied_mask="r" fsuid=0 ouid=0
[    8.229216] audit: type=1400 audit(1768647619.084:47): apparmor="DENIED" operation="open" profile="/usr/sbin/tcpdump" name="/proc/sys/kernel/random/boot_id" pid=711 comm="tcpdump" requested_mask="r" denied_mask="r" fsuid=0 ouid=0
[    8.229290] audit: type=1400 audit(1768647619.084:48): apparmor="DENIED" operation="open" profile="/usr/sbin/tcpdump" name="/proc/sys/kernel/random/boot_id" pid=711 comm="tcpdump" requested_mask="r" denied_mask="r" fsuid=0 ouid=0
[    8.229380] audit: type=1400 audit(1768647619.084:49): apparmor="DENIED" operation="open" profile="/usr/sbin/tcpdump" name="/proc/sys/kernel/random/boot_id" pid=711 comm="tcpdump" requested_mask="r" denied_mask="r" fsuid=0 ouid=0
[   12.752145] rfkill: input handler disabled
[  123.733331] rfkill: input handler enabled
[  132.935575] rfkill: input handler disabled
[  226.195946] AAAAA-TCP_FORW: name:enp0s3: saddr:100932208: daddr:16783984
[  226.415418] AAAAA-TCP_FORW: name:enp0s3: saddr:100932208: daddr:16783984
[  226.818484] AAAAA-TCP_FORW: name:enp0s3: saddr:100932208: daddr:16783984
[  226.936002] AAAAA-TCP_FORW: name:enp0s3: saddr:100932208: daddr:16783984
[  227.101294] AAAAA-TCP_FORW: name:enp0s3: saddr:100932208: daddr:16783984
[  227.655451] AAAAA-TCP_FORW: name:enp0s3: saddr:100932208: daddr:33561200
[  227.715566] AAAAA-TCP_FORW: name:enp0s3: saddr:100932208: daddr:16783984
[  227.788076] AAAAA-TCP_FORW: name:enp0s3: saddr:100932208: daddr:16783984
[  228.123666] AAAAA-TCP_FORW: name:enp0s3: saddr:100932208: daddr:33561200
[  228.374339] AAAAA-TCP_FORW: name:enp0s3: saddr:100932208: daddr:16783984
[  228.689788] AAAAA-TCP_FORW: name:enp0s3: saddr:100932208: daddr:33561200
[  228.760389] AAAAA-TCP_FORW: name:enp0s3: saddr:100932208: daddr:16783984
[  228.914557] AAAAA-TCP_FORW: name:enp0s3: saddr:100932208: daddr:16783984
[  228.968982] AAAAA-TCP_FORW: name:enp0s3: saddr:100932208: daddr:16783984
[  229.046014] AAAAA-TCP_FORW: name:enp0s3: saddr:100932208: daddr:33561200
[  229.196154] AAAAA-TCP_FORW: name:enp0s3: saddr:100932208: daddr:33561200
[  229.313302] AAAAA-TCP_FORW: name:enp0s3: saddr:100932208: daddr:33561200
[  229.424840] AAAAA-TCP_FORW: name:enp0s3: saddr:100932208: daddr:33561200
[  229.490711] AAAAA-TCP_FORW: name:enp0s3: saddr:100932208: daddr:16783984
[  229.593096] AAAAA-TCP_FORW: name:enp0s3: saddr:100932208: daddr:16783984
[  229.676847] AAAAA-TCP_FORW: name:enp0s3: saddr:100932208: daddr:16783984
[  229.862775] AAAAA-TCP_FORW: name:enp0s3: saddr:100932208: daddr:16783984
[  229.929372] AAAAA-TCP_FORW: name:enp0s3: saddr:100932208: daddr:16783984
[  230.007718] AAAAA-TCP_FORW: name:enp0s3: saddr:100932208: daddr:16783984
[  230.052577] AAAAA-TCP_FORW: name:enp0s3: saddr:100932208: daddr:16783984
[  230.201572] AAAAA-TCP_FORW: name:enp0s3: saddr:100932208: daddr:16783984
[  230.268245] AAAAA-TCP_FORW: name:enp0s3: saddr:100932208: daddr:16783984
[  230.385807] AAAAA-TCP_FORW: name:enp0s3: saddr:100932208: daddr:16783984
[  230.458548] AAAAA-TCP_FORW: name:enp0s3: saddr:100932208: daddr:33561200
[  230.566595] AAAAA-TCP_FORW: name:enp0s3: saddr:100932208: daddr:33561200
[  230.722933] AAAAA-TCP_FORW: name:enp0s3: saddr:100932208: daddr:33561200
[  230.798352] AAAAA-TCP_FORW: name:enp0s3: saddr:100932208: daddr:33561200
[  230.900194] AAAAA-TCP_FORW: name:enp0s3: saddr:100932208: daddr:33561200
[  231.056378] AAAAA-TCP_FORW: name:enp0s3: saddr:100932208: daddr:33561200
[  231.182592] AAAAA-TCP_FORW: name:enp0s3: saddr:100932208: daddr:33561200
[  231.329707] AAAAA-TCP_FORW: name:enp0s3: saddr:100932208: daddr:33561200
[  231.455622] AAAAA-TCP_FORW: name:enp0s3: saddr:100932208: daddr:33561200
[  231.477268] AAAAA-TCP_FORW: name:enp0s3: saddr:100932208: daddr:33561200
[  231.617010] AAAAA-TCP_FORW: name:enp0s3: saddr:100932208: daddr:16783984
[  231.808452] AAAAA-TCP_FORW: name:enp0s3: saddr:100932208: daddr:16783984
[  231.935251] AAAAA-TCP_FORW: name:enp0s3: saddr:100932208: daddr:16783984
[  232.032710] AAAAA-TCP_FORW: name:enp0s3: saddr:100932208: daddr:16783984
[  232.184701] AAAAA-TCP_FORW: name:enp0s3: saddr:100932208: daddr:16783984
[  232.256206] AAAAA-TCP_FORW: name:enp0s3: saddr:100932208: daddr:16783984
[  232.414573] AAAAA-TCP_FORW: name:enp0s3: saddr:100932208: daddr:16783984
[  232.484970] AAAAA-TCP_FORW: name:enp0s3: saddr:100932208: daddr:16783984
[  232.594044] AAAAA-TCP_FORW: name:enp0s3: saddr:100932208: daddr:16783984
[  232.739653] AAAAA-TCP_FORW: name:enp0s3: saddr:100932208: daddr:16783984
[  232.842989] AAAAA-TCP_FORW: name:enp0s3: saddr:100932208: daddr:16783984
[  233.057150] AAAAA-TCP_FORW: name:enp0s3: saddr:100932208: daddr:16783984
[  233.148796] AAAAA-TCP_FORW: name:enp0s3: saddr:100932208: daddr:33561200
[  416.567613] device enp0s3 left promiscuous mode
