[    0.000000] Linux version 5.4.243-mptcp (root@ztg) (gcc version 12.2.0 (Debian 12.2.0-14+deb12u1)) #53 SMP Wed Dec 24 23:28:15 CST 2025
[    0.000000] Command line: BOOT_IMAGE=/boot/vmlinuz-5.4.243-mptcp root=UUID=98415a12-53b7-4144-8265-0f7ece09e445 ro quiet splash
[    0.000000] KERNEL supported cpus:
[    0.000000]   Intel GenuineIntel
[    0.000000]   AMD AuthenticAMD
[    0.000000]   Hygon HygonGenuine
[    0.000000]   Centaur CentaurHauls
[    0.000000]   zhaoxin   Shanghai  
[    0.000000] x86/fpu: Supporting XSAVE feature 0x001: 'x87 floating point registers'
[    0.000000] x86/fpu: Supporting XSAVE feature 0x002: 'SSE registers'
[    0.000000] x86/fpu: Supporting XSAVE feature 0x004: 'AVX registers'
[    0.000000] x86/fpu: xstate_offset[2]:  576, xstate_sizes[2]:  256
[    0.000000] x86/fpu: Enabled xstate features 0x7, context size is 832 bytes, using 'standard' format.
[    0.000000] BIOS-provided physical RAM map:
[    0.000000] BIOS-e820: [mem 0x0000000000000000-0x000000000009fbff] usable
[    0.000000] BIOS-e820: [mem 0x000000000009fc00-0x000000000009ffff] reserved
[    0.000000] BIOS-e820: [mem 0x00000000000f0000-0x00000000000fffff] reserved
[    0.000000] BIOS-e820: [mem 0x0000000000100000-0x000000007ffeffff] usable
[    0.000000] BIOS-e820: [mem 0x000000007fff0000-0x000000007fffffff] ACPI data
[    0.000000] BIOS-e820: [mem 0x00000000fec00000-0x00000000fec00fff] reserved
[    0.000000] BIOS-e820: [mem 0x00000000fee00000-0x00000000fee00fff] reserved
[    0.000000] BIOS-e820: [mem 0x00000000fffc0000-0x00000000ffffffff] reserved
[    0.000000] NX (Execute Disable) protection: active
[    0.000000] SMBIOS 2.5 present.
[    0.000000] DMI: innotek GmbH VirtualBox/VirtualBox, BIOS VirtualBox 12/01/2006
[    0.000000] Hypervisor detected: KVM
[    0.000000] kvm-clock: Using msrs 4b564d01 and 4b564d00
[    0.000000] kvm-clock: cpu 0, msr 63601001, primary cpu clock
[    0.000000] kvm-clock: using sched offset of 4643411106 cycles
[    0.000003] clocksource: kvm-clock: mask: 0xffffffffffffffff max_cycles: 0x1cd42e4dffb, max_idle_ns: 881590591483 ns
[    0.000006] tsc: Detected 2100.000 MHz processor
[    0.002712] e820: update [mem 0x00000000-0x00000fff] usable ==> reserved
[    0.002715] e820: remove [mem 0x000a0000-0x000fffff] usable
[    0.002720] last_pfn = 0x7fff0 max_arch_pfn = 0x400000000
[    0.002804] MTRR default type: uncachable
[    0.002805] MTRR fixed ranges enabled:
[    0.002806]   00000-9FFFF write-back
[    0.002807]   A0000-BFFFF uncachable
[    0.002808]   C0000-FFFFF write-protect
[    0.002810] MTRR variable ranges enabled:
[    0.002811]   0 base 000000000000 mask 3FFF80000000 write-back
[    0.002812]   1 disabled
[    0.002813]   2 disabled
[    0.002813]   3 disabled
[    0.002814]   4 disabled
[    0.002815]   5 disabled
[    0.002815]   6 disabled
[    0.002816]   7 disabled
[    0.002817]   8 disabled
[    0.002817]   9 disabled
[    0.002818]   10 disabled
[    0.002818]   11 disabled
[    0.002819]   12 disabled
[    0.002820]   13 disabled
[    0.002820]   14 disabled
[    0.002821]   15 disabled
[    0.002840] x86/PAT: Configuration [0-7]: WB  WC  UC- UC  WB  WP  UC- WT  
[    0.002992] found SMP MP-table at [mem 0x0009fff0-0x0009ffff]
[    0.133557] check: Scanning 1 areas for low memory corruption
[    0.133815] RAMDISK: [mem 0x32271000-0x3512ffff]
[    0.133825] ACPI: Early table checksum verification disabled
[    0.133833] ACPI: RSDP 0x00000000000E0000 000024 (v02 VBOX  )
[    0.133838] ACPI: XSDT 0x000000007FFF0030 00003C (v01 VBOX   VBOXXSDT 00000001 ASL  00000061)
[    0.133845] ACPI: FACP 0x000000007FFF00F0 0000F4 (v04 VBOX   VBOXFACP 00000001 ASL  00000061)
[    0.133853] ACPI: DSDT 0x000000007FFF02E0 002353 (v02 VBOX   VBOXBIOS 00000002 VBOX 00029BF3)
[    0.133857] ACPI: FACS 0x000000007FFF0200 000040
[    0.133860] ACPI: FACS 0x000000007FFF0200 000040
[    0.133864] ACPI: APIC 0x000000007FFF0240 000054 (v02 VBOX   VBOXAPIC 00000001 ASL  00000061)
[    0.133868] ACPI: SSDT 0x000000007FFF02A0 000038 (v01 VBOX   VBOXCPUT 00000002 VBOX 00029BF3)
[    0.133873] ACPI: Reserving FACP table memory at [mem 0x7fff00f0-0x7fff01e3]
[    0.133874] ACPI: Reserving DSDT table memory at [mem 0x7fff02e0-0x7fff2632]
[    0.133875] ACPI: Reserving FACS table memory at [mem 0x7fff0200-0x7fff023f]
[    0.133876] ACPI: Reserving FACS table memory at [mem 0x7fff0200-0x7fff023f]
[    0.133877] ACPI: Reserving APIC table memory at [mem 0x7fff0240-0x7fff0293]
[    0.133878] ACPI: Reserving SSDT table memory at [mem 0x7fff02a0-0x7fff02d7]
[    0.133898] ACPI: Local APIC address 0xfee00000
[    0.134127] No NUMA configuration found
[    0.134128] Faking a node at [mem 0x0000000000000000-0x000000007ffeffff]
[    0.134140] NODE_DATA(0) allocated [mem 0x7ffc5000-0x7ffeffff]
[    0.134431] Zone ranges:
[    0.134432]   DMA      [mem 0x0000000000001000-0x0000000000ffffff]
[    0.134434]   DMA32    [mem 0x0000000001000000-0x000000007ffeffff]
[    0.134435]   Normal   empty
[    0.134436]   Device   empty
[    0.134437] Movable zone start for each node
[    0.134439] Early memory node ranges
[    0.134440]   node   0: [mem 0x0000000000001000-0x000000000009efff]
[    0.134441]   node   0: [mem 0x0000000000100000-0x000000007ffeffff]
[    0.134445] Zeroed struct page in unavailable ranges: 114 pages
[    0.134446] Initmem setup node 0 [mem 0x0000000000001000-0x000000007ffeffff]
[    0.134447] On node 0 totalpages: 524174
[    0.134449]   DMA zone: 64 pages used for memmap
[    0.134450]   DMA zone: 21 pages reserved
[    0.134451]   DMA zone: 3998 pages, LIFO batch:0
[    0.134529]   DMA32 zone: 8128 pages used for memmap
[    0.134529]   DMA32 zone: 520176 pages, LIFO batch:63
[    0.144314] ACPI: PM-Timer IO Port: 0x4008
[    0.144319] ACPI: Local APIC address 0xfee00000
[    0.144388] IOAPIC[0]: apic_id 1, version 32, address 0xfec00000, GSI 0-23
[    0.144391] ACPI: INT_SRC_OVR (bus 0 bus_irq 0 global_irq 2 dfl dfl)
[    0.144393] ACPI: INT_SRC_OVR (bus 0 bus_irq 9 global_irq 9 low level)
[    0.144396] ACPI: IRQ0 used by override.
[    0.144397] ACPI: IRQ9 used by override.
[    0.144399] Using ACPI (MADT) for SMP configuration information
[    0.144407] smpboot: Allowing 1 CPUs, 0 hotplug CPUs
[    0.144436] PM: Registered nosave memory: [mem 0x00000000-0x00000fff]
[    0.144438] PM: Registered nosave memory: [mem 0x0009f000-0x0009ffff]
[    0.144438] PM: Registered nosave memory: [mem 0x000a0000-0x000effff]
[    0.144439] PM: Registered nosave memory: [mem 0x000f0000-0x000fffff]
[    0.144442] [mem 0x80000000-0xfebfffff] available for PCI devices
[    0.144444] Booting paravirtualized kernel on KVM
[    0.144447] clocksource: refined-jiffies: mask: 0xffffffff max_cycles: 0xffffffff, max_idle_ns: 7645519600211568 ns
[    0.144453] setup_percpu: NR_CPUS:8192 nr_cpumask_bits:1 nr_cpu_ids:1 nr_node_ids:1
[    0.145707] percpu: Embedded 60 pages/cpu s208896 r8192 d28672 u2097152
[    0.145712] pcpu-alloc: s208896 r8192 d28672 u2097152 alloc=1*2097152
[    0.145713] pcpu-alloc: [0] 0 
[    0.145743] Built 1 zonelists, mobility grouping on.  Total pages: 515961
[    0.145744] Policy zone: DMA32
[    0.145746] Kernel command line: BOOT_IMAGE=/boot/vmlinuz-5.4.243-mptcp root=UUID=98415a12-53b7-4144-8265-0f7ece09e445 ro quiet splash
[    0.146630] Dentry cache hash table entries: 262144 (order: 9, 2097152 bytes, linear)
[    0.146896] Inode-cache hash table entries: 131072 (order: 8, 1048576 bytes, linear)
[    0.146953] mem auto-init: stack:off, heap alloc:on, heap free:off
[    0.146956] Calgary: detecting Calgary via BIOS EBDA area
[    0.146958] Calgary: Unable to locate Rio Grande table in EBDA - bailing!
[    0.152255] Memory: 1967332K/2096696K available (14339K kernel code, 2398K rwdata, 4712K rodata, 2728K init, 17260K bss, 129364K reserved, 0K cma-reserved)
[    0.153190] SLUB: HWalign=64, Order=0-3, MinObjects=0, CPUs=1, Nodes=1
[    0.153208] ftrace: allocating 43186 entries in 169 pages
[    0.173151] rcu: Hierarchical RCU implementation.
[    0.173153] rcu: 	RCU restricting CPUs from NR_CPUS=8192 to nr_cpu_ids=1.
[    0.173155] 	Tasks RCU enabled.
[    0.173156] rcu: RCU calculated value of scheduler-enlistment delay is 25 jiffies.
[    0.173157] rcu: Adjusting geometry for rcu_fanout_leaf=16, nr_cpu_ids=1
[    0.176286] NR_IRQS: 524544, nr_irqs: 256, preallocated irqs: 16
[    0.176510] random: crng init done
[    0.186079] Console: colour VGA+ 80x25
[    0.186085] printk: console [tty0] enabled
[    0.186109] ACPI: Core revision 20190816
[    0.186272] APIC: Switch to symmetric I/O mode setup
[    0.187101] x2apic enabled
[    0.187892] Switched APIC routing to physical x2apic.
[    0.189654] ..TIMER: vector=0x30 apic1=0 pin1=2 apic2=-1 pin2=-1
[    0.189698] clocksource: tsc-early: mask: 0xffffffffffffffff max_cycles: 0x1e4530a99b6, max_idle_ns: 440795257976 ns
[    0.189703] Calibrating delay loop (skipped) preset value.. 4200.00 BogoMIPS (lpj=8400000)
[    0.189706] pid_max: default: 32768 minimum: 301
[    0.189737] LSM: Security Framework initializing
[    0.189748] Yama: becoming mindful.
[    0.189777] AppArmor: AppArmor initialized
[    0.189814] Mount-cache hash table entries: 4096 (order: 3, 32768 bytes, linear)
[    0.189819] Mountpoint-cache hash table entries: 4096 (order: 3, 32768 bytes, linear)
[    0.189830] *** VALIDATE tmpfs ***
[    0.189968] *** VALIDATE proc ***
[    0.190015] *** VALIDATE cgroup1 ***
[    0.190016] *** VALIDATE cgroup2 ***
[    0.190164] process: using mwait in idle threads
[    0.190169] Last level iTLB entries: 4KB 64, 2MB 8, 4MB 8
[    0.190169] Last level dTLB entries: 4KB 64, 2MB 0, 4MB 0, 1GB 4
[    0.190192] Spectre V1 : Mitigation: usercopy/swapgs barriers and __user pointer sanitization
[    0.190199] Spectre V2 : Mitigation: Retpolines
[    0.190199] Spectre V2 : Spectre v2 / SpectreRSB mitigation: Filling RSB on context switch
[    0.190200] Spectre V2 : Spectre v2 / SpectreRSB : Filling RSB on VMEXIT
[    0.190200] RETBleed: WARNING: Spectre v2 mitigation leaves CPU vulnerable to RETBleed attacks, data leaks possible!
[    0.190583] RETBleed: Vulnerable
[    0.190584] Speculative Store Bypass: Vulnerable
[    0.190589] TAA: Mitigation: TSX disabled
[    0.190589] MMIO Stale Data: Mitigation: Clear CPU buffers
[    0.195270] Freeing SMP alternatives memory: 40K
[    0.307471] smpboot: CPU0: Intel(R) Xeon(R) Silver 4216 CPU @ 2.10GHz (family: 0x6, model: 0x55, stepping: 0x7)
[    0.307634] Performance Events: unsupported p6 CPU model 85 no PMU driver, software events only.
[    0.307679] rcu: Hierarchical SRCU implementation.
[    0.308209] NMI watchdog: Perf NMI watchdog permanently disabled
[    0.308251] smp: Bringing up secondary CPUs ...
[    0.308252] smp: Brought up 1 node, 1 CPU
[    0.308253] smpboot: Max logical packages: 1
[    0.308254] smpboot: Total of 1 processors activated (4200.00 BogoMIPS)
[    0.309266] devtmpfs: initialized
[    0.309323] x86/mm: Memory block size: 128MB
[    0.309700] clocksource: jiffies: mask: 0xffffffff max_cycles: 0xffffffff, max_idle_ns: 7645041785100000 ns
[    0.309700] futex hash table entries: 256 (order: 2, 16384 bytes, linear)
[    0.309700] pinctrl core: initialized pinctrl subsystem
[    0.309700] PM: RTC time: 11:01:13, date: 2026-01-17
[    0.309700] NET: Registered protocol family 16
[    0.309700] audit: initializing netlink subsys (disabled)
[    0.309700] EISA bus registered
[    0.309700] cpuidle: using governor ladder
[    0.309700] cpuidle: using governor menu
[    0.309700] ACPI: bus type PCI registered
[    0.309700] acpiphp: ACPI Hot Plug PCI Controller Driver version: 0.5
[    0.309700] PCI: Using configuration type 1 for base access
[    0.310231] audit: type=2000 audit(1768618880.191:1): state=initialized audit_enabled=0 res=1
[    0.310314] HugeTLB registered 2.00 MiB page size, pre-allocated 0 pages
[    0.311147] ACPI: Added _OSI(Module Device)
[    0.311147] ACPI: Added _OSI(Processor Device)
[    0.311148] ACPI: Added _OSI(3.0 _SCP Extensions)
[    0.311149] ACPI: Added _OSI(Processor Aggregator Device)
[    0.311150] ACPI: Added _OSI(Linux-Dell-Video)
[    0.311151] ACPI: Added _OSI(Linux-Lenovo-NV-HDMI-Audio)
[    0.311151] ACPI: Added _OSI(Linux-HPI-Hybrid-Graphics)
[    0.313230] ACPI: 2 ACPI AML tables successfully acquired and loaded
[    0.313700] ACPI: Interpreter enabled
[    0.313700] ACPI: (supports S0 S5)
[    0.313700] ACPI: Using IOAPIC for interrupt routing
[    0.313700] PCI: Using host bridge windows from ACPI; if necessary, use "pci=nocrs" and report a bug
[    0.313700] ACPI: Enabled 2 GPEs in block 00 to 07
[    0.320787] ACPI: PCI Root Bridge [PCI0] (domain 0000 [bus 00-ff])
[    0.320794] acpi PNP0A03:00: _OSC: OS supports [ASPM ClockPM Segments MSI HPX-Type3]
[    0.321236] acpi PNP0A03:00: _OSC: not requesting OS control; OS requires [ExtendedConfig ASPM ClockPM MSI]
[    0.321245] acpi PNP0A03:00: fail to add MMCONFIG information, can't access extended PCI configuration space under this bridge.
[    0.321618] PCI host bridge to bus 0000:00
[    0.321620] pci_bus 0000:00: root bus resource [io  0x0000-0x0cf7 window]
[    0.321621] pci_bus 0000:00: root bus resource [io  0x0d00-0xffff window]
[    0.321623] pci_bus 0000:00: root bus resource [mem 0x000a0000-0x000bffff window]
[    0.321624] pci_bus 0000:00: root bus resource [mem 0x80000000-0xfdffffff window]
[    0.321625] pci_bus 0000:00: root bus resource [bus 00-ff]
[    0.321671] pci 0000:00:00.0: [8086:1237] type 00 class 0x060000
[    0.322633] pci 0000:00:01.0: [8086:7000] type 00 class 0x060100
[    0.323375] pci 0000:00:01.1: [8086:7111] type 00 class 0x01018a
[    0.323753] pci 0000:00:01.1: reg 0x20: [io  0xd000-0xd00f]
[    0.323921] pci 0000:00:01.1: legacy IDE quirk: reg 0x10: [io  0x01f0-0x01f7]
[    0.323922] pci 0000:00:01.1: legacy IDE quirk: reg 0x14: [io  0x03f6]
[    0.323923] pci 0000:00:01.1: legacy IDE quirk: reg 0x18: [io  0x0170-0x0177]
[    0.323924] pci 0000:00:01.1: legacy IDE quirk: reg 0x1c: [io  0x0376]
[    0.324462] pci 0000:00:02.0: [15ad:0405] type 00 class 0x030000
[    0.327616] pci 0000:00:02.0: reg 0x10: [io  0xd010-0xd01f]
[    0.329748] pci 0000:00:02.0: reg 0x14: [mem 0xe0000000-0xe7ffffff pref]
[    0.332631] pci 0000:00:02.0: reg 0x18: [mem 0xf0000000-0xf01fffff]
[    0.344324] pci 0000:00:03.0: [1022:2000] type 00 class 0x020000
[    0.345013] pci 0000:00:03.0: reg 0x10: [io  0xd020-0xd03f]
[    0.345851] pci 0000:00:03.0: reg 0x14: [mem 0xf0200000-0xf0200fff]
[    0.349468] pci 0000:00:04.0: [80ee:cafe] type 00 class 0x088000
[    0.349820] pci 0000:00:04.0: reg 0x10: [io  0xd040-0xd05f]
[    0.350427] pci 0000:00:04.0: reg 0x14: [mem 0xf0400000-0xf07fffff]
[    0.351042] pci 0000:00:04.0: reg 0x18: [mem 0xf0800000-0xf0803fff pref]
[    0.355069] pci 0000:00:07.0: [8086:7113] type 00 class 0x068000
[    0.355632] pci 0000:00:07.0: quirk: [io  0x4000-0x403f] claimed by PIIX4 ACPI
[    0.355642] pci 0000:00:07.0: quirk: [io  0x4100-0x410f] claimed by PIIX4 SMB
[    0.356258] pci 0000:00:08.0: [8086:100e] type 00 class 0x020000
[    0.356953] pci 0000:00:08.0: reg 0x10: [mem 0xf0820000-0xf083ffff]
[    0.357813] pci 0000:00:08.0: reg 0x18: [io  0xd060-0xd067]
[    0.361052] pci 0000:00:09.0: [8086:100e] type 00 class 0x020000
[    0.361817] pci 0000:00:09.0: reg 0x10: [mem 0xf0840000-0xf085ffff]
[    0.362962] pci 0000:00:09.0: reg 0x18: [io  0xd068-0xd06f]
[    0.374254] ACPI: PCI Interrupt Link [LNKA] (IRQs 5 9 10 *11)
[    0.374535] ACPI: PCI Interrupt Link [LNKB] (IRQs 5 9 *10 11)
[    0.374638] ACPI: PCI Interrupt Link [LNKC] (IRQs 5 *9 10 11)
[    0.374742] ACPI: PCI Interrupt Link [LNKD] (IRQs 5 9 10 *11)
[    0.375021] iommu: Default domain type: Translated 
[    0.375085] pci 0000:00:02.0: vgaarb: setting as boot VGA device
[    0.375087] pci 0000:00:02.0: vgaarb: VGA device added: decodes=io+mem,owns=io+mem,locks=none
[    0.375089] pci 0000:00:02.0: vgaarb: bridge control possible
[    0.375090] vgaarb: loaded
[    0.375309] SCSI subsystem initialized
[    0.375340] libata version 3.00 loaded.
[    0.375368] ACPI: bus type USB registered
[    0.375385] usbcore: registered new interface driver usbfs
[    0.375391] usbcore: registered new interface driver hub
[    0.375399] usbcore: registered new device driver usb
[    0.375425] pps_core: LinuxPPS API ver. 1 registered
[    0.375425] pps_core: Software ver. 5.3.6 - Copyright 2005-2007 Rodolfo Giometti <giometti@linux.it>
[    0.375428] PTP clock support registered
[    0.375465] EDAC MC: Ver: 3.0.0
[    0.375766] PCI: Using ACPI for IRQ routing
[    0.375767] PCI: pci_cache_line_size set to 64 bytes
[    0.375938] e820: reserve RAM buffer [mem 0x0009fc00-0x0009ffff]
[    0.375942] e820: reserve RAM buffer [mem 0x7fff0000-0x7fffffff]
[    0.376749] NetLabel: Initializing
[    0.376749] NetLabel:  domain hash size = 128
[    0.376750] NetLabel:  protocols = UNLABELED CIPSOv4 CALIPSO
[    0.376771] NetLabel:  unlabeled traffic allowed by default
[    0.377759] clocksource: Switched to clocksource kvm-clock
[    0.392355] *** VALIDATE bpf ***
[    0.392430] VFS: Disk quotas dquot_6.6.0
[    0.392443] VFS: Dquot-cache hash table entries: 512 (order 0, 4096 bytes)
[    0.392471] *** VALIDATE ramfs ***
[    0.392474] *** VALIDATE hugetlbfs ***
[    0.392598] AppArmor: AppArmor Filesystem Enabled
[    0.392628] pnp: PnP ACPI init
[    0.392704] pnp 00:00: Plug and Play ACPI device, IDs PNP0303 (active)
[    0.392781] pnp 00:01: Plug and Play ACPI device, IDs PNP0f03 (active)
[    0.393570] pnp: PnP ACPI: found 2 devices
[    0.394531] thermal_sys: Registered thermal governor 'fair_share'
[    0.394531] thermal_sys: Registered thermal governor 'bang_bang'
[    0.394532] thermal_sys: Registered thermal governor 'step_wise'
[    0.394533] thermal_sys: Registered thermal governor 'user_space'
[    0.394533] thermal_sys: Registered thermal governor 'power_allocator'
[    0.399049] clocksource: acpi_pm: mask: 0xffffff max_cycles: 0xffffff, max_idle_ns: 2085701024 ns
[    0.399092] pci_bus 0000:00: resource 4 [io  0x0000-0x0cf7 window]
[    0.399094] pci_bus 0000:00: resource 5 [io  0x0d00-0xffff window]
[    0.399095] pci_bus 0000:00: resource 6 [mem 0x000a0000-0x000bffff window]
[    0.399096] pci_bus 0000:00: resource 7 [mem 0x80000000-0xfdffffff window]
[    0.399160] NET: Registered protocol family 2
[    0.399237] IP idents hash table entries: 32768 (order: 6, 262144 bytes, linear)
[    0.399723] MPTCP tokens hash table entries: 8192 (order: 4, 65536 bytes, linear)
[    0.399743] MPTCP request tokens hash table entries: 8192 (order: 4, 65536 bytes, linear)
[    0.399769] default registered
[    0.399769] default registered
[    0.399770] MPTCP: Stable release v0.96
[    0.399775] tcp_listen_portaddr_hash hash table entries: 1024 (order: 2, 16384 bytes, linear)
[    0.399858] TCP established hash table entries: 16384 (order: 5, 131072 bytes, linear)
[    0.399924] TCP bind hash table entries: 16384 (order: 6, 262144 bytes, linear)
[    0.399949] TCP: Hash tables configured (established 16384 bind 16384)
[    0.400640] UDP hash table entries: 1024 (order: 3, 32768 bytes, linear)
[    0.400652] UDP-Lite hash table entries: 1024 (order: 3, 32768 bytes, linear)
[    0.400689] NET: Registered protocol family 1
[    0.400698] NET: Registered protocol family 44
[    0.400722] pci 0000:00:00.0: Limiting direct PCI/PCI transfers
[    0.400735] pci 0000:00:01.0: Activating ISA DMA hang workarounds
[    0.400786] pci 0000:00:02.0: Video device with shadowed ROM at [mem 0x000c0000-0x000dffff]
[    0.400850] PCI: CLS 0 bytes, default 64
[    0.400901] Trying to unpack rootfs image as initramfs...
[    0.591840] Freeing initrd memory: 47868K
[    0.591952] clocksource: tsc: mask: 0xffffffffffffffff max_cycles: 0x1e4530a99b6, max_idle_ns: 440795257976 ns
[    0.591964] clocksource: Switched to clocksource tsc
[    0.592014] platform rtc_cmos: registered platform RTC device (no PNP device found)
[    0.592050] check: Scanning for low memory corruption every 60 seconds
[    0.592398] Initialise system trusted keyrings
[    0.592410] Key type blacklist registered
[    0.592459] workingset: timestamp_bits=36 max_order=19 bucket_order=0
[    0.593783] zbud: loaded
[    0.594232] squashfs: version 4.0 (2009/01/31) Phillip Lougher
[    0.594385] fuse: init (API version 7.31)
[    0.594403] *** VALIDATE fuse ***
[    0.594405] *** VALIDATE fuse ***
[    0.594522] Platform Keyring initialized
[    0.595642] Key type asymmetric registered
[    0.595642] Asymmetric key parser 'x509' registered
[    0.595642] Block layer SCSI generic (bsg) driver version 0.4 loaded (major 244)
[    0.595642] io scheduler mq-deadline registered
[    0.595642] shpchp: Standard Hot Plug PCI Controller Driver version: 0.4
[    0.598004] ACPI: AC Adapter [AC] (on-line)
[    0.598052] input: Power Button as /devices/LNXSYSTM:00/LNXPWRBN:00/input/input0
[    0.598101] ACPI: Power Button [PWRF]
[    0.598173] input: Sleep Button as /devices/LNXSYSTM:00/LNXSLPBN:00/input/input1
[    0.598188] ACPI: Sleep Button [SLPF]
[    0.598421] Serial: 8250/16550 driver, 32 ports, IRQ sharing enabled
[    0.599613] Linux agpgart interface v0.103
[    0.689281] loop: module loaded
[    0.689459] ata_piix 0000:00:01.1: version 2.13
[    0.689937] scsi host0: ata_piix
[    0.690034] scsi host1: ata_piix
[    0.690061] ata1: PATA max UDMA/33 cmd 0x1f0 ctl 0x3f6 bmdma 0xd000 irq 14
[    0.690062] ata2: PATA max UDMA/33 cmd 0x170 ctl 0x376 bmdma 0xd008 irq 15
[    0.690157] tun: Universal TUN/TAP device driver, 1.6
[    0.690475] PPP generic driver version 2.4.2
[    0.690519] VFIO - User Level meta-driver version: 0.3
[    0.690760] ehci_hcd: USB 2.0 'Enhanced' Host Controller (EHCI) Driver
[    0.690765] ehci-pci: EHCI PCI platform driver
[    0.690780] ehci-platform: EHCI generic platform driver
[    0.690787] ohci_hcd: USB 1.1 'Open' Host Controller (OHCI) Driver
[    0.690788] ohci-pci: OHCI PCI platform driver
[    0.690796] ohci-platform: OHCI generic platform driver
[    0.690800] uhci_hcd: USB Universal Host Controller Interface driver
[    0.690868] i8042: PNP: PS/2 Controller [PNP0303:PS2K,PNP0f03:PS2M] at 0x60,0x64 irq 1,12
[    0.691318] serio: i8042 KBD port at 0x60,0x64 irq 1
[    0.691322] serio: i8042 AUX port at 0x60,0x64 irq 12
[    0.691412] mousedev: PS/2 mouse device common for all mice
[    0.691708] input: AT Translated Set 2 keyboard as /devices/platform/i8042/serio0/input/input2
[    0.692127] rtc_cmos rtc_cmos: registered as rtc0
[    0.692140] rtc_cmos rtc_cmos: alarms up to one day, 114 bytes nvram
[    0.692146] i2c /dev entries driver
[    0.692192] device-mapper: uevent: version 1.0.3
[    0.692237] device-mapper: ioctl: 4.41.0-ioctl (2019-09-16) initialised: dm-devel@redhat.com
[    0.692254] platform eisa.0: Probing EISA bus 0
[    0.692256] platform eisa.0: EISA: Cannot allocate resource for mainboard
[    0.692257] platform eisa.0: Cannot allocate resource for EISA slot 1
[    0.692258] platform eisa.0: Cannot allocate resource for EISA slot 2
[    0.692259] platform eisa.0: Cannot allocate resource for EISA slot 3
[    0.692260] platform eisa.0: Cannot allocate resource for EISA slot 4
[    0.692261] platform eisa.0: Cannot allocate resource for EISA slot 5
[    0.692262] platform eisa.0: Cannot allocate resource for EISA slot 6
[    0.692263] platform eisa.0: Cannot allocate resource for EISA slot 7
[    0.692264] platform eisa.0: Cannot allocate resource for EISA slot 8
[    0.692265] platform eisa.0: EISA: Detected 0 cards
[    0.692268] intel_pstate: CPU model not supported
[    0.692279] ledtrig-cpu: registered to indicate activity on CPUs
[    0.692338] drop_monitor: Initializing network drop monitor service
[    0.692505] NET: Registered protocol family 10
[    0.697439] Segment Routing with IPv6
[    0.697439] fullmesh registered
[    0.697439] ndiffports registered
[    0.697439] binder registered
[    0.697439] roundrobin registered
[    0.697439] redundant registered
[    0.697439] blest registered
[    0.697439] ecf registered
[    0.697439] NET: Registered protocol family 17
[    0.697439] Key type dns_resolver registered
[    0.697439] RAS: Correctable Errors collector initialized.
[    0.697439] IPI shorthand broadcast: enabled
[    0.697439] sched_clock: Marking stable (684238693, 9200337)->(694649749, -1210719)
[    0.698063] registered taskstats version 1
[    0.698075] Loading compiled-in X.509 certificates
[    0.698675] Loaded X.509 cert 'Build time autogenerated kernel key: 6909f3744cebb3d0de528d5887b96a727de79b1e'
[    0.698696] zswap: loaded using pool lzo/zbud
[    0.698755] Key type ._fscrypt registered
[    0.698756] Key type .fscrypt registered
[    0.703289] Key type big_key registered
[    0.705482] Key type encrypted registered
[    0.705485] AppArmor: AppArmor sha1 policy hashing enabled
[    0.705495] ima: No TPM chip found, activating TPM-bypass!
[    0.705499] ima: Allocated hash algorithm: sha1
[    0.705505] ima: No architecture policies found
[    0.705516] evm: Initialising EVM extended attributes:
[    0.705516] evm: security.selinux
[    0.705517] evm: security.SMACK64
[    0.705517] evm: security.SMACK64EXEC
[    0.705518] evm: security.SMACK64TRANSMUTE
[    0.705518] evm: security.SMACK64MMAP
[    0.705519] evm: security.apparmor
[    0.705519] evm: security.ima
[    0.705520] evm: security.capability
[    0.705520] evm: HMAC attrs: 0x1
[    0.705843] PM:   Magic number: 10:373:24
[    0.705847] misc cpu_dma_latency: hash matches
[    0.705968] rtc_cmos rtc_cmos: setting system clock to 2026-01-17T11:01:14 UTC (1768647674)
[    0.861268] ata1.00: ATA-6: VBOX HARDDISK, 1.0, max UDMA/133
[    0.861270] ata1.00: 209715200 sectors, multi 128: LBA 
[    0.861742] scsi 0:0:0:0: Direct-Access     ATA      VBOX HARDDISK    1.0  PQ: 0 ANSI: 5
[    0.861940] sd 0:0:0:0: [sda] 209715200 512-byte logical blocks: (107 GB/100 GiB)
[    0.861947] sd 0:0:0:0: [sda] Write Protect is off
[    0.861949] sd 0:0:0:0: [sda] Mode Sense: 00 3a 00 00
[    0.861960] sd 0:0:0:0: [sda] Write cache: enabled, read cache: enabled, doesn't support DPO or FUA
[    0.862203] sd 0:0:0:0: Attached scsi generic sg0 type 0
[    0.862711]  sda: sda1 sda2
[    0.873417] sd 0:0:0:0: [sda] Attached SCSI disk
[    0.875522] Freeing unused decrypted memory: 2040K
[    0.876574] Freeing unused kernel image memory: 2728K
[    0.876576] Write protecting the kernel read-only data: 22528k
[    0.877525] Freeing unused kernel image memory: 2036K
[    0.878099] Freeing unused kernel image memory: 1432K
[    0.891217] x86/mm: Checked W+X mappings: passed, no W+X pages found.
[    0.891222] Run /init as init process
[    0.998944] ACPI: Video Device [GFX0] (multi-head: yes  rom: no  post: no)
[    0.999032] input: Video Bus as /devices/LNXSYSTM:00/LNXSYBUS:00/PNP0A03:00/LNXVIDEO:00/input/input4
[    1.013545] pcnet32: pcnet32.c:v1.35 21.Apr.2008 tsbogend@alpha.franken.de
[    1.014877] pcnet32: PCnet/FAST III 79C973 at 0xd020, 08:00:27:6c:e2:ec assigned IRQ 19
[    1.014934] pcnet32: Found PHY 0022:561b at address 0
[    1.015353] pcnet32: eth0: registered as PCnet/FAST III 79C973
[    1.019319] e1000: Intel(R) PRO/1000 Network Driver - version 7.3.21-k8-NAPI
[    1.019319] e1000: Copyright (c) 1999-2006 Intel Corporation.
[    1.031161] piix4_smbus 0000:00:07.0: SMBus Host Controller at 0x4100, revision 0
[    1.031506] pcnet32: 1 cards_found
[    1.105931] pcnet32 0000:00:03.0 enp0s3: renamed from eth0
[    1.236957] input: ImExPS/2 Generic Explorer Mouse as /devices/platform/i8042/serio1/input/input5
[    1.437652] e1000 0000:00:08.0 eth0: (PCI:33MHz:32-bit) 08:00:27:26:65:28
[    1.437657] e1000 0000:00:08.0 eth0: Intel(R) PRO/1000 Network Connection
[    1.809690] e1000 0000:00:09.0 eth1: (PCI:33MHz:32-bit) 08:00:27:ad:16:dd
[    1.809694] e1000 0000:00:09.0 eth1: Intel(R) PRO/1000 Network Connection
[    1.810969] e1000 0000:00:09.0 enp0s9: renamed from eth1
[    1.812837] e1000 0000:00:08.0 enp0s8: renamed from eth0
[    1.957732] EXT4-fs (sda2): mounted filesystem with ordered data mode. Opts: (null)
[    2.043782] systemd[1]: Inserted module 'autofs4'
[    2.056747] systemd[1]: systemd 245.4-4ubuntu3 running in system mode. (+PAM +AUDIT +SELINUX +IMA +APPARMOR +SMACK +SYSVINIT +UTMP +LIBCRYPTSETUP +GCRYPT +GNUTLS +ACL +XZ +LZ4 +SECCOMP +BLKID +ELFUTILS +KMOD +IDN2 -IDN +PCRE2 default-hierarchy=hybrid)
[    2.056781] systemd[1]: Detected virtualization oracle.
[    2.056784] systemd[1]: Detected architecture x86-64.
[    2.058146] systemd[1]: Set hostname to <ztg>.
[    2.186911] systemd[1]: /lib/systemd/system/dbus.socket:5: ListenStream= references a path below legacy directory /var/run/, updating /var/run/dbus/system_bus_socket â†’ /run/dbus/system_bus_socket; please update the unit file accordingly.
[    2.240236] systemd[1]: Created slice system-modprobe.slice.
[    2.240426] systemd[1]: Created slice User and Session Slice.
[    2.240475] systemd[1]: Started Forward Password Requests to Wall Directory Watch.
[    2.240653] systemd[1]: Set up automount Arbitrary Executable File Formats File System Automount Point.
[    2.240684] systemd[1]: Reached target User and Group Name Lookups.
[    2.240692] systemd[1]: Reached target Remote File Systems.
[    2.240700] systemd[1]: Reached target Slices.
[    2.241352] systemd[1]: Listening on Syslog Socket.
[    2.241426] systemd[1]: Listening on fsck to fsckd communication Socket.
[    2.241466] systemd[1]: Listening on initctl Compatibility Named Pipe.
[    2.241608] systemd[1]: Listening on Journal Audit Socket.
[    2.241661] systemd[1]: Listening on Journal Socket (/dev/log).
[    2.241737] systemd[1]: Listening on Journal Socket.
[    2.241802] systemd[1]: Listening on udev Control Socket.
[    2.241842] systemd[1]: Listening on udev Kernel Socket.
[    2.242641] systemd[1]: Mounting Huge Pages File System...
[    2.243612] systemd[1]: Mounting POSIX Message Queue File System...
[    2.244559] systemd[1]: Mounting Kernel Debug File System...
[    2.245423] systemd[1]: Mounting Kernel Trace File System...
[    2.247989] systemd[1]: Starting Journal Service...
[    2.275186] systemd[1]: Starting Set the console keyboard layout...
[    2.283223] systemd[1]: Starting Create list of static device nodes for the current kernel...
[    2.285166] systemd[1]: Starting Load Kernel Module drm...
[    2.289097] systemd[1]: Condition check resulted in Set Up Additional Binary Formats being skipped.
[    2.289611] systemd[1]: Condition check resulted in File System Check on Root Device being skipped.
[    2.298730] systemd[1]: Starting Load Kernel Modules...
[    2.299546] systemd[1]: Starting Remount Root and Kernel File Systems...
[    2.300326] systemd[1]: Starting udev Coldplug all Devices...
[    2.301071] systemd[1]: Starting Uncomplicated firewall...
[    2.346688] systemd[1]: Mounted Huge Pages File System.
[    2.346792] systemd[1]: Mounted POSIX Message Queue File System.
[    2.346869] systemd[1]: Mounted Kernel Debug File System.
[    2.346941] systemd[1]: Mounted Kernel Trace File System.
[    2.350668] systemd[1]: Finished Create list of static device nodes for the current kernel.
[    2.351289] systemd[1]: modprobe@drm.service: Succeeded.
[    2.351721] EXT4-fs (sda2): re-mounted. Opts: errors=remount-ro
[    2.354035] systemd[1]: Finished Load Kernel Module drm.
[    2.373387] systemd[1]: Finished Remount Root and Kernel File Systems.
[    2.376350] systemd[1]: Finished Uncomplicated firewall.
[    2.392762] systemd[1]: Condition check resulted in Rebuild Hardware Database being skipped.
[    2.392804] systemd[1]: Condition check resulted in Platform Persistent Storage Archival being skipped.
[    2.393554] systemd[1]: Starting Load/Save Random Seed...
[    2.394367] systemd[1]: Starting Create System Users...
[    2.436223] lp: driver loaded but no devices found
[    2.441062] systemd[1]: Finished Load/Save Random Seed.
[    2.442708] systemd[1]: Finished Create System Users.
[    2.443570] systemd[1]: Starting Create Static Device Nodes in /dev...
[    2.455256] ppdev: user-space parallel port driver
[    2.463490] systemd[1]: Finished udev Coldplug all Devices.
[    2.475043] systemd[1]: Finished Create Static Device Nodes in /dev.
[    2.475955] systemd[1]: Starting udev Kernel Device Manager...
[    2.522386] [drm] DMA map mode: Caching DMA mappings.
[    2.522453] [drm] Capabilities:
[    2.522454] [drm]   Rect copy.
[    2.522454] [drm]   Cursor.
[    2.522454] [drm]   Cursor bypass.
[    2.522455] [drm]   Cursor bypass 2.
[    2.522455] [drm]   Alpha cursor.
[    2.522455] [drm]   Extended Fifo.
[    2.522456] [drm]   Pitchlock.
[    2.522456] [drm]   Irq mask.
[    2.522456] [drm]   GMR.
[    2.522457] [drm]   Traces.
[    2.522457] [drm]   GMR2.
[    2.522458] [drm]   Screen Object 2.
[    2.522458] [drm]   Command Buffers.
[    2.522458] [drm]   Command Buffers 2.
[    2.522459] [drm]   Guest Backed Resources.
[    2.522460] [drm] Max GMR ids is 8192
[    2.522460] [drm] Max number of GMR pages is 1048576
[    2.522461] [drm] Max dedicated hypervisor surface memory is 393216 kiB
[    2.522461] [drm] Maximum display memory size is 131072 kiB
[    2.522462] [drm] VRAM at 0xe0000000 size is 131072 kiB
[    2.522463] [drm] MMIO at 0xf0000000 size is 2048 kiB
[    2.523549] [TTM] Zone  kernel: Available graphics memory: 1011738 KiB
[    2.523550] [TTM] Initializing pool allocator
[    2.523554] [TTM] Initializing DMA pool allocator
[    2.523581] [drm] Supports vblank timestamp caching Rev 2 (21.10.2013).
[    2.523581] [drm] No driver support for vblank timestamp query.
[    2.523808] [drm] Screen Target Display device initialized
[    2.524012] [drm] width 720
[    2.524020] [drm] height 400
[    2.524023] [drm] bpp 32
[    2.524574] [drm] Fifo max 0x00200000 min 0x00001000 cap 0x00000355
[    2.526469] [drm] Using command buffers with DMA pool.
[    2.526667] [drm] DX: no.
[    2.526667] [drm] Atomic: yes.
[    2.526668] [drm] SM4_1: no.
[    2.526706] [drm:vmw_host_log [vmwgfx]] *ERROR* Failed to send host log message.
[    2.527740] [drm:vmw_host_log [vmwgfx]] *ERROR* Failed to send host log message.
[    2.541035] systemd[1]: Finished Set the console keyboard layout.
[    2.541155] systemd[1]: Reached target Local File Systems (Pre).
[    2.544369] systemd[1]: Mounting Mount unit for bare, revision 5...
[    2.547188] systemd[1]: Mounting Mount unit for core18, revision 1705...
[    2.565820] fbcon: svgadrmfb (fb0) is primary device
[    2.567988] Console: switching to colour frame buffer device 100x37
[    2.576553] systemd[1]: Mounting Mount unit for gnome-3-34-1804, revision 24...
[    2.577707] [drm] Initialized vmwgfx 2.15.0 20180704 for 0000:00:02.0 on minor 0
[    2.586002] systemd[1]: Mounting Mount unit for gtk-common-themes, revision 1506...
[    2.594187] systemd[1]: Mounting Mount unit for gtk-common-themes, revision 1535...
[    2.611161] systemd[1]: Mounting Mount unit for snap-store, revision 433...
[    2.632647] systemd[1]: Mounting Mount unit for snapd, revision 25935...
[    2.635872] systemd[1]: Finished Load Kernel Modules.
[    2.641656] systemd[1]: Mounting FUSE Control File System...
[    2.643106] systemd[1]: Mounting Kernel Configuration File System...
[    2.647535] systemd[1]: Starting Apply Kernel Variables...
[    2.675843] systemd[1]: Mounted Mount unit for core18, revision 1705.
[    2.675954] systemd[1]: Mounted FUSE Control File System.
[    2.676047] systemd[1]: Mounted Kernel Configuration File System.
[    2.676111] systemd[1]: Condition check resulted in VMware vmblock fuse mount being skipped.
[    2.687504] systemd[1]: Mounted Mount unit for bare, revision 5.
[    2.687603] systemd[1]: Mounted Mount unit for gnome-3-34-1804, revision 24.
[    2.690371] systemd[1]: Finished Apply Kernel Variables.
[    2.698446] systemd[1]: Mounted Mount unit for gtk-common-themes, revision 1506.
[    2.722174] systemd[1]: Started udev Kernel Device Manager.
[    2.722285] systemd[1]: Mounted Mount unit for gtk-common-themes, revision 1535.
[    2.722367] systemd[1]: Mounted Mount unit for snap-store, revision 433.
[    2.722443] systemd[1]: Mounted Mount unit for snapd, revision 25935.
[    2.722498] systemd[1]: Reached target Local File Systems.
[    2.724743] systemd[1]: Starting Load AppArmor profiles...
[    2.727378] systemd[1]: Starting Set console font and keymap...
[    2.736443] systemd[1]: Starting Tell Plymouth To Write Out Runtime Data...
[    2.749926] systemd[1]: Starting Show Plymouth Boot Screen...
[    2.749953] systemd[1]: Condition check resulted in Store a System Token in an EFI Variable being skipped.
[    2.749989] systemd[1]: Condition check resulted in Commit a transient machine-id on disk being skipped.
[    2.750801] systemd[1]: Finished Set console font and keymap.
[    2.751393] systemd[1]: Received SIGRTMIN+20 from PID 289 (plymouthd).
[    2.758415] systemd[1]: plymouth-read-write.service: Succeeded.
[    2.758664] systemd[1]: Finished Tell Plymouth To Write Out Runtime Data.
[    2.764361] systemd[1]: Started Show Plymouth Boot Screen.
[    2.764486] systemd[1]: Condition check resulted in Dispatch Password Requests to Console Directory Watch being skipped.
[    2.764568] systemd[1]: Started Forward Password Requests to Plymouth Directory Watch.
[    2.764599] systemd[1]: Reached target Local Encrypted Volumes.
[    2.798786] audit: type=1400 audit(1768647676.588:2): apparmor="STATUS" operation="profile_load" profile="unconfined" name="nvidia_modprobe" pid=294 comm="apparmor_parser"
[    2.798788] audit: type=1400 audit(1768647676.588:3): apparmor="STATUS" operation="profile_load" profile="unconfined" name="nvidia_modprobe//kmod" pid=294 comm="apparmor_parser"
[    2.805863] audit: type=1400 audit(1768647676.596:4): apparmor="STATUS" operation="profile_load" profile="unconfined" name="/usr/sbin/tcpdump" pid=301 comm="apparmor_parser"
[    2.831561] audit: type=1400 audit(1768647676.612:5): apparmor="STATUS" operation="profile_load" profile="unconfined" name="/usr/bin/evince" pid=303 comm="apparmor_parser"
[    2.831564] audit: type=1400 audit(1768647676.612:6): apparmor="STATUS" operation="profile_load" profile="unconfined" name="/usr/bin/evince//sanitized_helper" pid=303 comm="apparmor_parser"
[    2.831565] audit: type=1400 audit(1768647676.612:7): apparmor="STATUS" operation="profile_load" profile="unconfined" name="/usr/bin/evince-previewer" pid=303 comm="apparmor_parser"
[    2.831567] audit: type=1400 audit(1768647676.612:8): apparmor="STATUS" operation="profile_load" profile="unconfined" name="/usr/bin/evince-previewer//sanitized_helper" pid=303 comm="apparmor_parser"
[    2.831569] audit: type=1400 audit(1768647676.612:9): apparmor="STATUS" operation="profile_load" profile="unconfined" name="/usr/bin/evince-thumbnailer" pid=303 comm="apparmor_parser"
[    2.883501] audit: type=1400 audit(1768647676.676:10): apparmor="STATUS" operation="profile_load" profile="unconfined" name="/usr/lib/cups/backend/cups-pdf" pid=304 comm="apparmor_parser"
[    2.965337] systemd[1]: Finished Load AppArmor profiles.
[    2.966381] systemd[1]: Starting Load AppArmor profiles managed internally by snapd...
[    3.088078] systemd[1]: Finished Load AppArmor profiles managed internally by snapd.
[    3.250340] systemd[1]: Started Journal Service.
[    3.260827] systemd-journald[229]: Received client request to flush runtime journal.
[    3.265668] systemd-journald[229]: File /var/log/journal/c455b248004a419c87ce85eea238d727/system.journal corrupted or uncleanly shut down, renaming and replacing.
[    4.656048] RAPL PMU: API unit is 2^-32 Joules, 0 fixed counters, 10737418240 ms ovfl timer
[    4.744881] cryptd: max_cpu_qlen set to 1000
[    4.785922] AVX2 version of gcm_enc/dec engaged.
[    4.785923] AES CTR mode by8 optimization enabled
[    6.675672] Adding 1998844k swap on /dev/sda1.  Priority:-2 extents:1 across:1998844k FS
[    8.611470] kauditd_printk_skb: 30 callbacks suppressed
[    8.611472] audit: type=1400 audit(1768647682.400:41): apparmor="DENIED" operation="capable" profile="/usr/sbin/cups-browsed" pid=509 comm="cups-browsed" capability=23  capname="sys_nice"
[    9.301521] pcnet32 0000:00:03.0 enp0s3: link up, 100Mbps, full-duplex
[    9.342942] e1000: enp0s8 NIC Link is Up 1000 Mbps Full Duplex, Flow Control: RX
[    9.343238] IPv6: ADDRCONF(NETDEV_CHANGE): enp0s8: link becomes ready
[    9.362873] e1000: enp0s9 NIC Link is Up 1000 Mbps Full Duplex, Flow Control: RX
[    9.363162] IPv6: ADDRCONF(NETDEV_CHANGE): enp0s9: link becomes ready
[   10.005155] device enp0s3 entered promiscuous mode
[   10.036899] audit: type=1400 audit(1768647683.820:42): apparmor="DENIED" operation="open" profile="/usr/sbin/tcpdump" name="/proc/sys/kernel/random/boot_id" pid=665 comm="tcpdump" requested_mask="r" denied_mask="r" fsuid=0 ouid=0
[   10.037101] audit: type=1400 audit(1768647683.820:43): apparmor="DENIED" operation="open" profile="/usr/sbin/tcpdump" name="/proc/sys/kernel/random/boot_id" pid=665 comm="tcpdump" requested_mask="r" denied_mask="r" fsuid=0 ouid=0
[   10.037213] audit: type=1400 audit(1768647683.820:44): apparmor="DENIED" operation="open" profile="/usr/sbin/tcpdump" name="/proc/sys/kernel/random/boot_id" pid=665 comm="tcpdump" requested_mask="r" denied_mask="r" fsuid=0 ouid=0
[   10.037268] audit: type=1400 audit(1768647683.820:45): apparmor="DENIED" operation="open" profile="/usr/sbin/tcpdump" name="/proc/sys/kernel/random/boot_id" pid=665 comm="tcpdump" requested_mask="r" denied_mask="r" fsuid=0 ouid=0
[   10.046668] audit: type=1400 audit(1768647683.836:46): apparmor="DENIED" operation="open" profile="/usr/sbin/tcpdump" name="/proc/sys/kernel/random/boot_id" pid=666 comm="tcpdump" requested_mask="r" denied_mask="r" fsuid=0 ouid=0
[   10.046872] audit: type=1400 audit(1768647683.836:47): apparmor="DENIED" operation="open" profile="/usr/sbin/tcpdump" name="/proc/sys/kernel/random/boot_id" pid=666 comm="tcpdump" requested_mask="r" denied_mask="r" fsuid=0 ouid=0
[   10.046915] audit: type=1400 audit(1768647683.836:48): apparmor="DENIED" operation="open" profile="/usr/sbin/tcpdump" name="/proc/sys/kernel/random/boot_id" pid=666 comm="tcpdump" requested_mask="r" denied_mask="r" fsuid=0 ouid=0
[   10.047001] audit: type=1400 audit(1768647683.836:49): apparmor="DENIED" operation="open" profile="/usr/sbin/tcpdump" name="/proc/sys/kernel/random/boot_id" pid=666 comm="tcpdump" requested_mask="r" denied_mask="r" fsuid=0 ouid=0
[   16.246659] rfkill: input handler disabled
[  222.393864] AAAAA-TCP_FORW: name:enp0s3: saddr:33561200: daddr:100932208
[  222.639526] AAAAA-TCP_FORW: name:enp0s3: saddr:33561200: daddr:100932208
[  222.776500] AAAAA-TCP_FORW: name:enp0s3: saddr:33561200: daddr:100932208
[  223.124502] AAAAA-TCP_FORW: name:enp0s3: saddr:33561200: daddr:100932208
[  223.357100] AAAAA-TCP_FORW: name:enp0s3: saddr:33561200: daddr:100932208
[  223.533107] AAAAA-TCP_FORW: name:enp0s3: saddr:33561200: daddr:100932208
[  223.645680] AAAAA-TCP_FORW: name:enp0s3: saddr:33561200: daddr:100932208
[  223.721143] AAAAA-TCP_FORW: name:enp0s3: saddr:33561200: daddr:100932208
[  223.822492] AAAAA-TCP_FORW: name:enp0s3: saddr:33561200: daddr:100932208
[  223.930368] AAAAA-TCP_FORW: name:enp0s3: saddr:33561200: daddr:100932208
[  224.090136] AAAAA-TCP_FORW: name:enp0s3: saddr:33561200: daddr:100932208
[  224.207236] AAAAA-TCP_FORW: name:enp0s3: saddr:33561200: daddr:100932208
[  224.454816] AAAAA-TCP_FORW: name:enp0s3: saddr:33561200: daddr:100932208
[  224.869017] AAAAA-TCP_FORW: name:enp0s3: saddr:33561200: daddr:100932208
[  225.061584] AAAAA-TCP_FORW: name:enp0s3: saddr:33561200: daddr:100932208
[  225.217508] AAAAA-TCP_FORW: name:enp0s3: saddr:33561200: daddr:100932208
[  225.533447] AAAAA-TCP_FORW: name:enp0s3: saddr:33561200: daddr:100932208
[  226.229522] AAAAA-TCP_FORW: name:enp0s3: saddr:33561200: daddr:100932208
[  529.763781] rfkill: input handler enabled
[  538.920081] rfkill: input handler disabled
[  759.767620] device enp0s3 left promiscuous mode
