[    0.000000] Linux version 5.4.243-mptcp (root@ztg) (gcc version 12.2.0 (Debian 12.2.0-14+deb12u1)) #53 SMP Wed Dec 24 23:28:15 CST 2025
[    0.000000] Command line: BOOT_IMAGE=/boot/vmlinuz-5.4.243-mptcp root=UUID=98415a12-53b7-4144-8265-0f7ece09e445 ro quiet splash
[    0.000000] KERNEL supported cpus:
[    0.000000]   Intel GenuineIntel
[    0.000000]   AMD AuthenticAMD
[    0.000000]   Hygon HygonGenuine
[    0.000000]   Centaur CentaurHauls
[    0.000000]   zhaoxin   Shanghai  
[    0.000000] x86/fpu: Supporting XSAVE feature 0x001: 'x87 floating point registers'
[    0.000000] x86/fpu: Supporting XSAVE feature 0x002: 'SSE registers'
[    0.000000] x86/fpu: Supporting XSAVE feature 0x004: 'AVX registers'
[    0.000000] x86/fpu: xstate_offset[2]:  576, xstate_sizes[2]:  256
[    0.000000] x86/fpu: Enabled xstate features 0x7, context size is 832 bytes, using 'standard' format.
[    0.000000] BIOS-provided physical RAM map:
[    0.000000] BIOS-e820: [mem 0x0000000000000000-0x000000000009fbff] usable
[    0.000000] BIOS-e820: [mem 0x000000000009fc00-0x000000000009ffff] reserved
[    0.000000] BIOS-e820: [mem 0x00000000000f0000-0x00000000000fffff] reserved
[    0.000000] BIOS-e820: [mem 0x0000000000100000-0x000000007ffeffff] usable
[    0.000000] BIOS-e820: [mem 0x000000007fff0000-0x000000007fffffff] ACPI data
[    0.000000] BIOS-e820: [mem 0x00000000fec00000-0x00000000fec00fff] reserved
[    0.000000] BIOS-e820: [mem 0x00000000fee00000-0x00000000fee00fff] reserved
[    0.000000] BIOS-e820: [mem 0x00000000fffc0000-0x00000000ffffffff] reserved
[    0.000000] NX (Execute Disable) protection: active
[    0.000000] SMBIOS 2.5 present.
[    0.000000] DMI: innotek GmbH VirtualBox/VirtualBox, BIOS VirtualBox 12/01/2006
[    0.000000] Hypervisor detected: KVM
[    0.000000] kvm-clock: Using msrs 4b564d01 and 4b564d00
[    0.000001] kvm-clock: cpu 0, msr 70201001, primary cpu clock
[    0.000001] kvm-clock: using sched offset of 4465367416 cycles
[    0.000004] clocksource: kvm-clock: mask: 0xffffffffffffffff max_cycles: 0x1cd42e4dffb, max_idle_ns: 881590591483 ns
[    0.000006] tsc: Detected 2100.000 MHz processor
[    0.001891] e820: update [mem 0x00000000-0x00000fff] usable ==> reserved
[    0.001893] e820: remove [mem 0x000a0000-0x000fffff] usable
[    0.001897] last_pfn = 0x7fff0 max_arch_pfn = 0x400000000
[    0.001967] MTRR default type: uncachable
[    0.001968] MTRR fixed ranges enabled:
[    0.001969]   00000-9FFFF write-back
[    0.001970]   A0000-BFFFF uncachable
[    0.001970]   C0000-FFFFF write-protect
[    0.001971] MTRR variable ranges enabled:
[    0.001973]   0 base 000000000000 mask 3FFF80000000 write-back
[    0.001973]   1 disabled
[    0.001974]   2 disabled
[    0.001974]   3 disabled
[    0.001975]   4 disabled
[    0.001975]   5 disabled
[    0.001975]   6 disabled
[    0.001976]   7 disabled
[    0.001976]   8 disabled
[    0.001977]   9 disabled
[    0.001977]   10 disabled
[    0.001978]   11 disabled
[    0.001978]   12 disabled
[    0.001978]   13 disabled
[    0.001979]   14 disabled
[    0.001979]   15 disabled
[    0.001997] x86/PAT: Configuration [0-7]: WB  WC  UC- UC  WB  WP  UC- WT  
[    0.002135] found SMP MP-table at [mem 0x0009fff0-0x0009ffff]
[    0.092335] check: Scanning 1 areas for low memory corruption
[    0.092576] RAMDISK: [mem 0x32271000-0x3512ffff]
[    0.092583] ACPI: Early table checksum verification disabled
[    0.092589] ACPI: RSDP 0x00000000000E0000 000024 (v02 VBOX  )
[    0.092594] ACPI: XSDT 0x000000007FFF0030 00003C (v01 VBOX   VBOXXSDT 00000001 ASL  00000061)
[    0.092600] ACPI: FACP 0x000000007FFF00F0 0000F4 (v04 VBOX   VBOXFACP 00000001 ASL  00000061)
[    0.092607] ACPI: DSDT 0x000000007FFF02E0 002353 (v02 VBOX   VBOXBIOS 00000002 VBOX 00029BF3)
[    0.092611] ACPI: FACS 0x000000007FFF0200 000040
[    0.092615] ACPI: FACS 0x000000007FFF0200 000040
[    0.092618] ACPI: APIC 0x000000007FFF0240 000054 (v02 VBOX   VBOXAPIC 00000001 ASL  00000061)
[    0.092622] ACPI: SSDT 0x000000007FFF02A0 000038 (v01 VBOX   VBOXCPUT 00000002 VBOX 00029BF3)
[    0.092625] ACPI: Reserving FACP table memory at [mem 0x7fff00f0-0x7fff01e3]
[    0.092626] ACPI: Reserving DSDT table memory at [mem 0x7fff02e0-0x7fff2632]
[    0.092626] ACPI: Reserving FACS table memory at [mem 0x7fff0200-0x7fff023f]
[    0.092627] ACPI: Reserving FACS table memory at [mem 0x7fff0200-0x7fff023f]
[    0.092628] ACPI: Reserving APIC table memory at [mem 0x7fff0240-0x7fff0293]
[    0.092628] ACPI: Reserving SSDT table memory at [mem 0x7fff02a0-0x7fff02d7]
[    0.092643] ACPI: Local APIC address 0xfee00000
[    0.092833] No NUMA configuration found
[    0.092834] Faking a node at [mem 0x0000000000000000-0x000000007ffeffff]
[    0.092844] NODE_DATA(0) allocated [mem 0x7ffc5000-0x7ffeffff]
[    0.093136] Zone ranges:
[    0.093137]   DMA      [mem 0x0000000000001000-0x0000000000ffffff]
[    0.093139]   DMA32    [mem 0x0000000001000000-0x000000007ffeffff]
[    0.093140]   Normal   empty
[    0.093140]   Device   empty
[    0.093141] Movable zone start for each node
[    0.093143] Early memory node ranges
[    0.093144]   node   0: [mem 0x0000000000001000-0x000000000009efff]
[    0.093145]   node   0: [mem 0x0000000000100000-0x000000007ffeffff]
[    0.093148] Zeroed struct page in unavailable ranges: 114 pages
[    0.093149] Initmem setup node 0 [mem 0x0000000000001000-0x000000007ffeffff]
[    0.093150] On node 0 totalpages: 524174
[    0.093151]   DMA zone: 64 pages used for memmap
[    0.093152]   DMA zone: 21 pages reserved
[    0.093152]   DMA zone: 3998 pages, LIFO batch:0
[    0.093224]   DMA32 zone: 8128 pages used for memmap
[    0.093224]   DMA32 zone: 520176 pages, LIFO batch:63
[    0.102251] ACPI: PM-Timer IO Port: 0x4008
[    0.102254] ACPI: Local APIC address 0xfee00000
[    0.102325] IOAPIC[0]: apic_id 1, version 32, address 0xfec00000, GSI 0-23
[    0.102328] ACPI: INT_SRC_OVR (bus 0 bus_irq 0 global_irq 2 dfl dfl)
[    0.102330] ACPI: INT_SRC_OVR (bus 0 bus_irq 9 global_irq 9 low level)
[    0.102332] ACPI: IRQ0 used by override.
[    0.102333] ACPI: IRQ9 used by override.
[    0.102336] Using ACPI (MADT) for SMP configuration information
[    0.102342] smpboot: Allowing 1 CPUs, 0 hotplug CPUs
[    0.102368] PM: Registered nosave memory: [mem 0x00000000-0x00000fff]
[    0.102370] PM: Registered nosave memory: [mem 0x0009f000-0x0009ffff]
[    0.102370] PM: Registered nosave memory: [mem 0x000a0000-0x000effff]
[    0.102371] PM: Registered nosave memory: [mem 0x000f0000-0x000fffff]
[    0.102373] [mem 0x80000000-0xfebfffff] available for PCI devices
[    0.102374] Booting paravirtualized kernel on KVM
[    0.102377] clocksource: refined-jiffies: mask: 0xffffffff max_cycles: 0xffffffff, max_idle_ns: 7645519600211568 ns
[    0.102384] setup_percpu: NR_CPUS:8192 nr_cpumask_bits:1 nr_cpu_ids:1 nr_node_ids:1
[    0.103410] percpu: Embedded 60 pages/cpu s208896 r8192 d28672 u2097152
[    0.103415] pcpu-alloc: s208896 r8192 d28672 u2097152 alloc=1*2097152
[    0.103416] pcpu-alloc: [0] 0 
[    0.103444] Built 1 zonelists, mobility grouping on.  Total pages: 515961
[    0.103445] Policy zone: DMA32
[    0.103446] Kernel command line: BOOT_IMAGE=/boot/vmlinuz-5.4.243-mptcp root=UUID=98415a12-53b7-4144-8265-0f7ece09e445 ro quiet splash
[    0.104264] Dentry cache hash table entries: 262144 (order: 9, 2097152 bytes, linear)
[    0.104537] Inode-cache hash table entries: 131072 (order: 8, 1048576 bytes, linear)
[    0.104591] mem auto-init: stack:off, heap alloc:on, heap free:off
[    0.104594] Calgary: detecting Calgary via BIOS EBDA area
[    0.104595] Calgary: Unable to locate Rio Grande table in EBDA - bailing!
[    0.108872] Memory: 1967332K/2096696K available (14339K kernel code, 2398K rwdata, 4712K rodata, 2728K init, 17260K bss, 129364K reserved, 0K cma-reserved)
[    0.109777] SLUB: HWalign=64, Order=0-3, MinObjects=0, CPUs=1, Nodes=1
[    0.109794] ftrace: allocating 43186 entries in 169 pages
[    0.128298] rcu: Hierarchical RCU implementation.
[    0.128300] rcu: 	RCU restricting CPUs from NR_CPUS=8192 to nr_cpu_ids=1.
[    0.128301] 	Tasks RCU enabled.
[    0.128302] rcu: RCU calculated value of scheduler-enlistment delay is 25 jiffies.
[    0.128303] rcu: Adjusting geometry for rcu_fanout_leaf=16, nr_cpu_ids=1
[    0.131250] NR_IRQS: 524544, nr_irqs: 256, preallocated irqs: 16
[    0.131471] random: crng init done
[    0.141244] Console: colour VGA+ 80x25
[    0.141248] printk: console [tty0] enabled
[    0.141273] ACPI: Core revision 20190816
[    0.141382] APIC: Switch to symmetric I/O mode setup
[    0.141633] x2apic enabled
[    0.141876] Switched APIC routing to physical x2apic.
[    0.143010] ..TIMER: vector=0x30 apic1=0 pin1=2 apic2=-1 pin2=-1
[    0.143035] clocksource: tsc-early: mask: 0xffffffffffffffff max_cycles: 0x1e4530a99b6, max_idle_ns: 440795257976 ns
[    0.143040] Calibrating delay loop (skipped) preset value.. 4200.00 BogoMIPS (lpj=8400000)
[    0.143042] pid_max: default: 32768 minimum: 301
[    0.143070] LSM: Security Framework initializing
[    0.143079] Yama: becoming mindful.
[    0.143104] AppArmor: AppArmor initialized
[    0.143138] Mount-cache hash table entries: 4096 (order: 3, 32768 bytes, linear)
[    0.143143] Mountpoint-cache hash table entries: 4096 (order: 3, 32768 bytes, linear)
[    0.143153] *** VALIDATE tmpfs ***
[    0.143282] *** VALIDATE proc ***
[    0.143322] *** VALIDATE cgroup1 ***
[    0.143323] *** VALIDATE cgroup2 ***
[    0.143466] process: using mwait in idle threads
[    0.143470] Last level iTLB entries: 4KB 64, 2MB 8, 4MB 8
[    0.143471] Last level dTLB entries: 4KB 64, 2MB 0, 4MB 0, 1GB 4
[    0.143493] Spectre V1 : Mitigation: usercopy/swapgs barriers and __user pointer sanitization
[    0.143498] Spectre V2 : Mitigation: Retpolines
[    0.143499] Spectre V2 : Spectre v2 / SpectreRSB mitigation: Filling RSB on context switch
[    0.143500] Spectre V2 : Spectre v2 / SpectreRSB : Filling RSB on VMEXIT
[    0.143500] RETBleed: WARNING: Spectre v2 mitigation leaves CPU vulnerable to RETBleed attacks, data leaks possible!
[    0.143855] RETBleed: Vulnerable
[    0.143855] Speculative Store Bypass: Vulnerable
[    0.143860] TAA: Mitigation: TSX disabled
[    0.143860] MMIO Stale Data: Mitigation: Clear CPU buffers
[    0.148129] Freeing SMP alternatives memory: 40K
[    0.260999] smpboot: CPU0: Intel(R) Xeon(R) Silver 4216 CPU @ 2.10GHz (family: 0x6, model: 0x55, stepping: 0x7)
[    0.261122] Performance Events: unsupported p6 CPU model 85 no PMU driver, software events only.
[    0.261162] rcu: Hierarchical SRCU implementation.
[    0.261640] NMI watchdog: Perf NMI watchdog permanently disabled
[    0.261678] smp: Bringing up secondary CPUs ...
[    0.261679] smp: Brought up 1 node, 1 CPU
[    0.261680] smpboot: Max logical packages: 1
[    0.261681] smpboot: Total of 1 processors activated (4200.00 BogoMIPS)
[    0.262655] devtmpfs: initialized
[    0.262703] x86/mm: Memory block size: 128MB
[    0.263036] clocksource: jiffies: mask: 0xffffffff max_cycles: 0xffffffff, max_idle_ns: 7645041785100000 ns
[    0.263036] futex hash table entries: 256 (order: 2, 16384 bytes, linear)
[    0.263036] pinctrl core: initialized pinctrl subsystem
[    0.263036] PM: RTC time: 17:42:06, date: 2026-01-17
[    0.263036] NET: Registered protocol family 16
[    0.263036] audit: initializing netlink subsys (disabled)
[    0.263036] EISA bus registered
[    0.263036] cpuidle: using governor ladder
[    0.263036] cpuidle: using governor menu
[    0.263036] ACPI: bus type PCI registered
[    0.263036] acpiphp: ACPI Hot Plug PCI Controller Driver version: 0.5
[    0.263036] PCI: Using configuration type 1 for base access
[    0.263437] audit: type=2000 audit(1768642933.235:1): state=initialized audit_enabled=0 res=1
[    0.263517] HugeTLB registered 2.00 MiB page size, pre-allocated 0 pages
[    0.264350] ACPI: Added _OSI(Module Device)
[    0.264351] ACPI: Added _OSI(Processor Device)
[    0.264351] ACPI: Added _OSI(3.0 _SCP Extensions)
[    0.264352] ACPI: Added _OSI(Processor Aggregator Device)
[    0.264353] ACPI: Added _OSI(Linux-Dell-Video)
[    0.264354] ACPI: Added _OSI(Linux-Lenovo-NV-HDMI-Audio)
[    0.264355] ACPI: Added _OSI(Linux-HPI-Hybrid-Graphics)
[    0.266302] ACPI: 2 ACPI AML tables successfully acquired and loaded
[    0.267822] ACPI: Interpreter enabled
[    0.267832] ACPI: (supports S0 S5)
[    0.267833] ACPI: Using IOAPIC for interrupt routing
[    0.268038] PCI: Using host bridge windows from ACPI; if necessary, use "pci=nocrs" and report a bug
[    0.268143] ACPI: Enabled 2 GPEs in block 00 to 07
[    0.273010] ACPI: PCI Root Bridge [PCI0] (domain 0000 [bus 00-ff])
[    0.273015] acpi PNP0A03:00: _OSC: OS supports [ASPM ClockPM Segments MSI HPX-Type3]
[    0.273460] acpi PNP0A03:00: _OSC: not requesting OS control; OS requires [ExtendedConfig ASPM ClockPM MSI]
[    0.273468] acpi PNP0A03:00: fail to add MMCONFIG information, can't access extended PCI configuration space under this bridge.
[    0.273842] PCI host bridge to bus 0000:00
[    0.273844] pci_bus 0000:00: root bus resource [io  0x0000-0x0cf7 window]
[    0.273845] pci_bus 0000:00: root bus resource [io  0x0d00-0xffff window]
[    0.273846] pci_bus 0000:00: root bus resource [mem 0x000a0000-0x000bffff window]
[    0.273847] pci_bus 0000:00: root bus resource [mem 0x80000000-0xfdffffff window]
[    0.273849] pci_bus 0000:00: root bus resource [bus 00-ff]
[    0.273894] pci 0000:00:00.0: [8086:1237] type 00 class 0x060000
[    0.274832] pci 0000:00:01.0: [8086:7000] type 00 class 0x060100
[    0.275754] pci 0000:00:01.1: [8086:7111] type 00 class 0x01018a
[    0.276124] pci 0000:00:01.1: reg 0x20: [io  0xd000-0xd00f]
[    0.276276] pci 0000:00:01.1: legacy IDE quirk: reg 0x10: [io  0x01f0-0x01f7]
[    0.276277] pci 0000:00:01.1: legacy IDE quirk: reg 0x14: [io  0x03f6]
[    0.276278] pci 0000:00:01.1: legacy IDE quirk: reg 0x18: [io  0x0170-0x0177]
[    0.276279] pci 0000:00:01.1: legacy IDE quirk: reg 0x1c: [io  0x0376]
[    0.276835] pci 0000:00:02.0: [15ad:0405] type 00 class 0x030000
[    0.279123] pci 0000:00:02.0: reg 0x10: [io  0xd010-0xd01f]
[    0.283084] pci 0000:00:02.0: reg 0x14: [mem 0xe0000000-0xe7ffffff pref]
[    0.286195] pci 0000:00:02.0: reg 0x18: [mem 0xf0000000-0xf01fffff]
[    0.297763] pci 0000:00:03.0: [1022:2000] type 00 class 0x020000
[    0.299189] pci 0000:00:03.0: reg 0x10: [io  0xd020-0xd03f]
[    0.299792] pci 0000:00:03.0: reg 0x14: [mem 0xf0200000-0xf0200fff]
[    0.303291] pci 0000:00:04.0: [80ee:cafe] type 00 class 0x088000
[    0.303957] pci 0000:00:04.0: reg 0x10: [io  0xd040-0xd05f]
[    0.304578] pci 0000:00:04.0: reg 0x14: [mem 0xf0400000-0xf07fffff]
[    0.305186] pci 0000:00:04.0: reg 0x18: [mem 0xf0800000-0xf0803fff pref]
[    0.308417] pci 0000:00:07.0: [8086:7113] type 00 class 0x068000
[    0.308963] pci 0000:00:07.0: quirk: [io  0x4000-0x403f] claimed by PIIX4 ACPI
[    0.308974] pci 0000:00:07.0: quirk: [io  0x4100-0x410f] claimed by PIIX4 SMB
[    0.309593] pci 0000:00:08.0: [8086:100e] type 00 class 0x020000
[    0.310362] pci 0000:00:08.0: reg 0x10: [mem 0xf0820000-0xf083ffff]
[    0.311150] pci 0000:00:08.0: reg 0x18: [io  0xd060-0xd067]
[    0.315107] pci 0000:00:09.0: [8086:100e] type 00 class 0x020000
[    0.315807] pci 0000:00:09.0: reg 0x10: [mem 0xf0840000-0xf085ffff]
[    0.316966] pci 0000:00:09.0: reg 0x18: [io  0xd068-0xd06f]
[    0.327835] ACPI: PCI Interrupt Link [LNKA] (IRQs 5 9 10 *11)
[    0.328119] ACPI: PCI Interrupt Link [LNKB] (IRQs 5 9 *10 11)
[    0.328220] ACPI: PCI Interrupt Link [LNKC] (IRQs 5 *9 10 11)
[    0.328326] ACPI: PCI Interrupt Link [LNKD] (IRQs 5 9 10 *11)
[    0.328586] iommu: Default domain type: Translated 
[    0.328663] pci 0000:00:02.0: vgaarb: setting as boot VGA device
[    0.328665] pci 0000:00:02.0: vgaarb: VGA device added: decodes=io+mem,owns=io+mem,locks=none
[    0.328667] pci 0000:00:02.0: vgaarb: bridge control possible
[    0.328668] vgaarb: loaded
[    0.328883] SCSI subsystem initialized
[    0.328920] libata version 3.00 loaded.
[    0.328942] ACPI: bus type USB registered
[    0.328958] usbcore: registered new interface driver usbfs
[    0.328964] usbcore: registered new interface driver hub
[    0.328970] usbcore: registered new device driver usb
[    0.328995] pps_core: LinuxPPS API ver. 1 registered
[    0.328995] pps_core: Software ver. 5.3.6 - Copyright 2005-2007 Rodolfo Giometti <giometti@linux.it>
[    0.328998] PTP clock support registered
[    0.329031] EDAC MC: Ver: 3.0.0
[    0.329316] PCI: Using ACPI for IRQ routing
[    0.329317] PCI: pci_cache_line_size set to 64 bytes
[    0.329489] e820: reserve RAM buffer [mem 0x0009fc00-0x0009ffff]
[    0.329493] e820: reserve RAM buffer [mem 0x7fff0000-0x7fffffff]
[    0.330257] NetLabel: Initializing
[    0.330257] NetLabel:  domain hash size = 128
[    0.330258] NetLabel:  protocols = UNLABELED CIPSOv4 CALIPSO
[    0.330278] NetLabel:  unlabeled traffic allowed by default
[    0.331072] clocksource: Switched to clocksource kvm-clock
[    0.345252] *** VALIDATE bpf ***
[    0.345309] VFS: Disk quotas dquot_6.6.0
[    0.345322] VFS: Dquot-cache hash table entries: 512 (order 0, 4096 bytes)
[    0.345344] *** VALIDATE ramfs ***
[    0.345347] *** VALIDATE hugetlbfs ***
[    0.345428] AppArmor: AppArmor Filesystem Enabled
[    0.345453] pnp: PnP ACPI init
[    0.345516] pnp 00:00: Plug and Play ACPI device, IDs PNP0303 (active)
[    0.345600] pnp 00:01: Plug and Play ACPI device, IDs PNP0f03 (active)
[    0.346359] pnp: PnP ACPI: found 2 devices
[    0.347346] thermal_sys: Registered thermal governor 'fair_share'
[    0.347347] thermal_sys: Registered thermal governor 'bang_bang'
[    0.347347] thermal_sys: Registered thermal governor 'step_wise'
[    0.347348] thermal_sys: Registered thermal governor 'user_space'
[    0.347349] thermal_sys: Registered thermal governor 'power_allocator'
[    0.351895] clocksource: acpi_pm: mask: 0xffffff max_cycles: 0xffffff, max_idle_ns: 2085701024 ns
[    0.351934] pci_bus 0000:00: resource 4 [io  0x0000-0x0cf7 window]
[    0.351935] pci_bus 0000:00: resource 5 [io  0x0d00-0xffff window]
[    0.351936] pci_bus 0000:00: resource 6 [mem 0x000a0000-0x000bffff window]
[    0.351938] pci_bus 0000:00: resource 7 [mem 0x80000000-0xfdffffff window]
[    0.351994] NET: Registered protocol family 2
[    0.352068] IP idents hash table entries: 32768 (order: 6, 262144 bytes, linear)
[    0.352481] MPTCP tokens hash table entries: 8192 (order: 4, 65536 bytes, linear)
[    0.352501] MPTCP request tokens hash table entries: 8192 (order: 4, 65536 bytes, linear)
[    0.352527] default registered
[    0.352528] default registered
[    0.352528] MPTCP: Stable release v0.96
[    0.352533] tcp_listen_portaddr_hash hash table entries: 1024 (order: 2, 16384 bytes, linear)
[    0.352612] TCP established hash table entries: 16384 (order: 5, 131072 bytes, linear)
[    0.352676] TCP bind hash table entries: 16384 (order: 6, 262144 bytes, linear)
[    0.352702] TCP: Hash tables configured (established 16384 bind 16384)
[    0.353394] UDP hash table entries: 1024 (order: 3, 32768 bytes, linear)
[    0.353405] UDP-Lite hash table entries: 1024 (order: 3, 32768 bytes, linear)
[    0.353439] NET: Registered protocol family 1
[    0.353447] NET: Registered protocol family 44
[    0.353468] pci 0000:00:00.0: Limiting direct PCI/PCI transfers
[    0.353479] pci 0000:00:01.0: Activating ISA DMA hang workarounds
[    0.353534] pci 0000:00:02.0: Video device with shadowed ROM at [mem 0x000c0000-0x000dffff]
[    0.353596] PCI: CLS 0 bytes, default 64
[    0.353643] Trying to unpack rootfs image as initramfs...
[    0.531635] Freeing initrd memory: 47868K
[    0.531635] clocksource: tsc: mask: 0xffffffffffffffff max_cycles: 0x1e4530a99b6, max_idle_ns: 440795257976 ns
[    0.531635] clocksource: Switched to clocksource tsc
[    0.531635] platform rtc_cmos: registered platform RTC device (no PNP device found)
[    0.531635] check: Scanning for low memory corruption every 60 seconds
[    0.531635] Initialise system trusted keyrings
[    0.531635] Key type blacklist registered
[    0.531635] workingset: timestamp_bits=36 max_order=19 bucket_order=0
[    0.531635] zbud: loaded
[    0.531635] squashfs: version 4.0 (2009/01/31) Phillip Lougher
[    0.531635] fuse: init (API version 7.31)
[    0.531635] *** VALIDATE fuse ***
[    0.531635] *** VALIDATE fuse ***
[    0.531635] Platform Keyring initialized
[    0.531635] Key type asymmetric registered
[    0.531635] Asymmetric key parser 'x509' registered
[    0.531635] Block layer SCSI generic (bsg) driver version 0.4 loaded (major 244)
[    0.531635] io scheduler mq-deadline registered
[    0.531635] shpchp: Standard Hot Plug PCI Controller Driver version: 0.4
[    0.538906] ACPI: AC Adapter [AC] (on-line)
[    0.538953] input: Power Button as /devices/LNXSYSTM:00/LNXPWRBN:00/input/input0
[    0.538980] ACPI: Power Button [PWRF]
[    0.539063] input: Sleep Button as /devices/LNXSYSTM:00/LNXSLPBN:00/input/input1
[    0.539077] ACPI: Sleep Button [SLPF]
[    0.539329] Serial: 8250/16550 driver, 32 ports, IRQ sharing enabled
[    0.540482] Linux agpgart interface v0.103
[    0.635618] loop: module loaded
[    0.635774] ata_piix 0000:00:01.1: version 2.13
[    0.636186] scsi host0: ata_piix
[    0.636278] scsi host1: ata_piix
[    0.636304] ata1: PATA max UDMA/33 cmd 0x1f0 ctl 0x3f6 bmdma 0xd000 irq 14
[    0.636305] ata2: PATA max UDMA/33 cmd 0x170 ctl 0x376 bmdma 0xd008 irq 15
[    0.636388] tun: Universal TUN/TAP device driver, 1.6
[    0.636711] PPP generic driver version 2.4.2
[    0.636756] VFIO - User Level meta-driver version: 0.3
[    0.636995] ehci_hcd: USB 2.0 'Enhanced' Host Controller (EHCI) Driver
[    0.637000] ehci-pci: EHCI PCI platform driver
[    0.637017] ehci-platform: EHCI generic platform driver
[    0.637023] ohci_hcd: USB 1.1 'Open' Host Controller (OHCI) Driver
[    0.637024] ohci-pci: OHCI PCI platform driver
[    0.637032] ohci-platform: OHCI generic platform driver
[    0.637036] uhci_hcd: USB Universal Host Controller Interface driver
[    0.637102] i8042: PNP: PS/2 Controller [PNP0303:PS2K,PNP0f03:PS2M] at 0x60,0x64 irq 1,12
[    0.637548] serio: i8042 KBD port at 0x60,0x64 irq 1
[    0.637551] serio: i8042 AUX port at 0x60,0x64 irq 12
[    0.637640] mousedev: PS/2 mouse device common for all mice
[    0.637900] input: AT Translated Set 2 keyboard as /devices/platform/i8042/serio0/input/input2
[    0.638297] rtc_cmos rtc_cmos: registered as rtc0
[    0.638311] rtc_cmos rtc_cmos: alarms up to one day, 114 bytes nvram
[    0.638316] i2c /dev entries driver
[    0.638362] device-mapper: uevent: version 1.0.3
[    0.638404] device-mapper: ioctl: 4.41.0-ioctl (2019-09-16) initialised: dm-devel@redhat.com
[    0.638420] platform eisa.0: Probing EISA bus 0
[    0.638422] platform eisa.0: EISA: Cannot allocate resource for mainboard
[    0.638423] platform eisa.0: Cannot allocate resource for EISA slot 1
[    0.638424] platform eisa.0: Cannot allocate resource for EISA slot 2
[    0.638425] platform eisa.0: Cannot allocate resource for EISA slot 3
[    0.638426] platform eisa.0: Cannot allocate resource for EISA slot 4
[    0.638427] platform eisa.0: Cannot allocate resource for EISA slot 5
[    0.638428] platform eisa.0: Cannot allocate resource for EISA slot 6
[    0.638429] platform eisa.0: Cannot allocate resource for EISA slot 7
[    0.638430] platform eisa.0: Cannot allocate resource for EISA slot 8
[    0.638431] platform eisa.0: EISA: Detected 0 cards
[    0.638434] intel_pstate: CPU model not supported
[    0.638443] ledtrig-cpu: registered to indicate activity on CPUs
[    0.638498] drop_monitor: Initializing network drop monitor service
[    0.638657] NET: Registered protocol family 10
[    0.643753] Segment Routing with IPv6
[    0.643753] fullmesh registered
[    0.643753] ndiffports registered
[    0.643753] binder registered
[    0.643753] roundrobin registered
[    0.643753] redundant registered
[    0.643753] blest registered
[    0.643753] ecf registered
[    0.643753] NET: Registered protocol family 17
[    0.643753] Key type dns_resolver registered
[    0.643753] RAS: Correctable Errors collector initialized.
[    0.643753] IPI shorthand broadcast: enabled
[    0.643753] sched_clock: Marking stable (628178252, 11575466)->(639579994, 173724)
[    0.644085] registered taskstats version 1
[    0.644094] Loading compiled-in X.509 certificates
[    0.644696] Loaded X.509 cert 'Build time autogenerated kernel key: 6909f3744cebb3d0de528d5887b96a727de79b1e'
[    0.644716] zswap: loaded using pool lzo/zbud
[    0.644772] Key type ._fscrypt registered
[    0.644773] Key type .fscrypt registered
[    0.649228] Key type big_key registered
[    0.651393] Key type encrypted registered
[    0.651395] AppArmor: AppArmor sha1 policy hashing enabled
[    0.651402] ima: No TPM chip found, activating TPM-bypass!
[    0.651406] ima: Allocated hash algorithm: sha1
[    0.651411] ima: No architecture policies found
[    0.651420] evm: Initialising EVM extended attributes:
[    0.651421] evm: security.selinux
[    0.651422] evm: security.SMACK64
[    0.651422] evm: security.SMACK64EXEC
[    0.651423] evm: security.SMACK64TRANSMUTE
[    0.651423] evm: security.SMACK64MMAP
[    0.651423] evm: security.apparmor
[    0.651424] evm: security.ima
[    0.651424] evm: security.capability
[    0.651425] evm: HMAC attrs: 0x1
[    0.651723] PM:   Magic number: 10:733:744
[    0.651831] rtc_cmos rtc_cmos: setting system clock to 2026-01-17T17:42:07 UTC (1768671727)
[    0.807647] ata1.00: ATA-6: VBOX HARDDISK, 1.0, max UDMA/133
[    0.807649] ata1.00: 209715200 sectors, multi 128: LBA 
[    0.808135] scsi 0:0:0:0: Direct-Access     ATA      VBOX HARDDISK    1.0  PQ: 0 ANSI: 5
[    0.808346] sd 0:0:0:0: [sda] 209715200 512-byte logical blocks: (107 GB/100 GiB)
[    0.808354] sd 0:0:0:0: [sda] Write Protect is off
[    0.808356] sd 0:0:0:0: [sda] Mode Sense: 00 3a 00 00
[    0.808369] sd 0:0:0:0: [sda] Write cache: enabled, read cache: enabled, doesn't support DPO or FUA
[    0.808612] sd 0:0:0:0: Attached scsi generic sg0 type 0
[    0.809294]  sda: sda1 sda2
[    0.819763] sd 0:0:0:0: [sda] Attached SCSI disk
[    0.822100] Freeing unused decrypted memory: 2040K
[    0.822879] Freeing unused kernel image memory: 2728K
[    0.822882] Write protecting the kernel read-only data: 22528k
[    0.823658] Freeing unused kernel image memory: 2036K
[    0.824100] Freeing unused kernel image memory: 1432K
[    0.841574] x86/mm: Checked W+X mappings: passed, no W+X pages found.
[    0.841579] Run /init as init process
[    0.941553] ACPI: Video Device [GFX0] (multi-head: yes  rom: no  post: no)
[    0.941625] input: Video Bus as /devices/LNXSYSTM:00/LNXSYBUS:00/PNP0A03:00/LNXVIDEO:00/input/input4
[    0.953178] pcnet32: pcnet32.c:v1.35 21.Apr.2008 tsbogend@alpha.franken.de
[    0.956454] piix4_smbus 0000:00:07.0: SMBus Host Controller at 0x4100, revision 0
[    0.959501] e1000: Intel(R) PRO/1000 Network Driver - version 7.3.21-k8-NAPI
[    0.959502] e1000: Copyright (c) 1999-2006 Intel Corporation.
[    0.965138] pcnet32: PCnet/FAST III 79C973 at 0xd020, 08:00:27:9b:e9:f2 assigned IRQ 19
[    0.965186] pcnet32: Found PHY 0022:561b at address 0
[    0.965491] pcnet32: eth0: registered as PCnet/FAST III 79C973
[    0.973106] pcnet32: 1 cards_found
[    1.036340] pcnet32 0000:00:03.0 enp0s3: renamed from eth0
[    1.175145] input: ImExPS/2 Generic Explorer Mouse as /devices/platform/i8042/serio1/input/input5
[    1.367882] e1000 0000:00:08.0 eth0: (PCI:33MHz:32-bit) 08:00:27:23:5f:9f
[    1.367887] e1000 0000:00:08.0 eth0: Intel(R) PRO/1000 Network Connection
[    1.739903] e1000 0000:00:09.0 eth1: (PCI:33MHz:32-bit) 08:00:27:67:d5:fe
[    1.739906] e1000 0000:00:09.0 eth1: Intel(R) PRO/1000 Network Connection
[    1.741067] e1000 0000:00:09.0 enp0s9: renamed from eth1
[    1.742870] e1000 0000:00:08.0 enp0s8: renamed from eth0
[    1.893074] EXT4-fs (sda2): mounted filesystem with ordered data mode. Opts: (null)
[    1.977917] systemd[1]: Inserted module 'autofs4'
[    1.988604] systemd[1]: systemd 245.4-4ubuntu3 running in system mode. (+PAM +AUDIT +SELINUX +IMA +APPARMOR +SMACK +SYSVINIT +UTMP +LIBCRYPTSETUP +GCRYPT +GNUTLS +ACL +XZ +LZ4 +SECCOMP +BLKID +ELFUTILS +KMOD +IDN2 -IDN +PCRE2 default-hierarchy=hybrid)
[    1.988638] systemd[1]: Detected virtualization oracle.
[    1.988644] systemd[1]: Detected architecture x86-64.
[    1.989924] systemd[1]: Set hostname to <ztg>.
[    2.112905] systemd[1]: /lib/systemd/system/dbus.socket:5: ListenStream= references a path below legacy directory /var/run/, updating /var/run/dbus/system_bus_socket â†’ /run/dbus/system_bus_socket; please update the unit file accordingly.
[    2.164167] systemd[1]: Created slice system-modprobe.slice.
[    2.164349] systemd[1]: Created slice User and Session Slice.
[    2.164393] systemd[1]: Started Forward Password Requests to Wall Directory Watch.
[    2.164570] systemd[1]: Set up automount Arbitrary Executable File Formats File System Automount Point.
[    2.164603] systemd[1]: Reached target User and Group Name Lookups.
[    2.164613] systemd[1]: Reached target Remote File Systems.
[    2.164622] systemd[1]: Reached target Slices.
[    2.165231] systemd[1]: Listening on Syslog Socket.
[    2.165301] systemd[1]: Listening on fsck to fsckd communication Socket.
[    2.165338] systemd[1]: Listening on initctl Compatibility Named Pipe.
[    2.165473] systemd[1]: Listening on Journal Audit Socket.
[    2.165527] systemd[1]: Listening on Journal Socket (/dev/log).
[    2.165594] systemd[1]: Listening on Journal Socket.
[    2.165656] systemd[1]: Listening on udev Control Socket.
[    2.165696] systemd[1]: Listening on udev Kernel Socket.
[    2.166442] systemd[1]: Mounting Huge Pages File System...
[    2.167361] systemd[1]: Mounting POSIX Message Queue File System...
[    2.168303] systemd[1]: Mounting Kernel Debug File System...
[    2.169143] systemd[1]: Mounting Kernel Trace File System...
[    2.171079] systemd[1]: Starting Journal Service...
[    2.194244] systemd[1]: Starting Set the console keyboard layout...
[    2.202192] systemd[1]: Starting Create list of static device nodes for the current kernel...
[    2.204082] systemd[1]: Starting Load Kernel Module drm...
[    2.205079] systemd[1]: Condition check resulted in Set Up Additional Binary Formats being skipped.
[    2.205155] systemd[1]: Condition check resulted in File System Check on Root Device being skipped.
[    2.218562] systemd[1]: Starting Load Kernel Modules...
[    2.223861] systemd[1]: Starting Remount Root and Kernel File Systems...
[    2.232982] systemd[1]: Starting udev Coldplug all Devices...
[    2.243711] systemd[1]: Starting Uncomplicated firewall...
[    2.244937] systemd[1]: Mounted Huge Pages File System.
[    2.245031] systemd[1]: Mounted POSIX Message Queue File System.
[    2.245103] systemd[1]: Mounted Kernel Debug File System.
[    2.245173] systemd[1]: Mounted Kernel Trace File System.
[    2.247053] EXT4-fs (sda2): re-mounted. Opts: errors=remount-ro
[    2.283220] systemd[1]: Finished Create list of static device nodes for the current kernel.
[    2.284363] systemd[1]: modprobe@drm.service: Succeeded.
[    2.286063] systemd[1]: Finished Load Kernel Module drm.
[    2.292267] systemd[1]: Finished Remount Root and Kernel File Systems.
[    2.293423] systemd[1]: Finished Uncomplicated firewall.
[    2.310602] lp: driver loaded but no devices found
[    2.311869] systemd[1]: Condition check resulted in Rebuild Hardware Database being skipped.
[    2.311906] systemd[1]: Condition check resulted in Platform Persistent Storage Archival being skipped.
[    2.312600] systemd[1]: Starting Load/Save Random Seed...
[    2.318017] systemd[1]: Starting Create System Users...
[    2.327918] systemd[1]: Finished Load/Save Random Seed.
[    2.329233] ppdev: user-space parallel port driver
[    2.338348] systemd[1]: Finished Create System Users.
[    2.339666] systemd[1]: Starting Create Static Device Nodes in /dev...
[    2.379150] systemd[1]: Finished udev Coldplug all Devices.
[    2.389032] systemd[1]: Finished Create Static Device Nodes in /dev.
[    2.389873] systemd[1]: Starting udev Kernel Device Manager...
[    2.408414] [drm] DMA map mode: Caching DMA mappings.
[    2.408488] [drm] Capabilities:
[    2.408489] [drm]   Rect copy.
[    2.408489] [drm]   Cursor.
[    2.408490] [drm]   Cursor bypass.
[    2.408490] [drm]   Cursor bypass 2.
[    2.408490] [drm]   Alpha cursor.
[    2.408491] [drm]   Extended Fifo.
[    2.408491] [drm]   Pitchlock.
[    2.408491] [drm]   Irq mask.
[    2.408492] [drm]   GMR.
[    2.408492] [drm]   Traces.
[    2.408492] [drm]   GMR2.
[    2.408493] [drm]   Screen Object 2.
[    2.408493] [drm]   Command Buffers.
[    2.408493] [drm]   Command Buffers 2.
[    2.408494] [drm]   Guest Backed Resources.
[    2.408495] [drm] Max GMR ids is 8192
[    2.408495] [drm] Max number of GMR pages is 1048576
[    2.408496] [drm] Max dedicated hypervisor surface memory is 393216 kiB
[    2.408496] [drm] Maximum display memory size is 131072 kiB
[    2.408497] [drm] VRAM at 0xe0000000 size is 131072 kiB
[    2.408498] [drm] MMIO at 0xf0000000 size is 2048 kiB
[    2.423724] [TTM] Zone  kernel: Available graphics memory: 1011738 KiB
[    2.423725] [TTM] Initializing pool allocator
[    2.423729] [TTM] Initializing DMA pool allocator
[    2.423763] [drm] Supports vblank timestamp caching Rev 2 (21.10.2013).
[    2.423763] [drm] No driver support for vblank timestamp query.
[    2.423998] [drm] Screen Target Display device initialized
[    2.424262] [drm] width 720
[    2.424273] [drm] height 400
[    2.424277] [drm] bpp 32
[    2.424838] [drm] Fifo max 0x00200000 min 0x00001000 cap 0x00000355
[    2.425941] [drm] Using command buffers with DMA pool.
[    2.425945] [drm] DX: no.
[    2.425945] [drm] Atomic: yes.
[    2.425945] [drm] SM4_1: no.
[    2.425967] [drm:vmw_host_log [vmwgfx]] *ERROR* Failed to send host log message.
[    2.426905] [drm:vmw_host_log [vmwgfx]] *ERROR* Failed to send host log message.
[    2.436954] fbcon: svgadrmfb (fb0) is primary device
[    2.439079] Console: switching to colour frame buffer device 100x37
[    2.445896] [drm] Initialized vmwgfx 2.15.0 20180704 for 0000:00:02.0 on minor 0
[    2.448057] systemd[1]: Finished Load Kernel Modules.
[    2.449018] systemd[1]: Mounting FUSE Control File System...
[    2.450195] systemd[1]: Mounting Kernel Configuration File System...
[    2.471535] systemd[1]: Starting Apply Kernel Variables...
[    2.483661] systemd[1]: Mounted FUSE Control File System.
[    2.483733] systemd[1]: Condition check resulted in VMware vmblock fuse mount being skipped.
[    2.486387] systemd[1]: Mounted Kernel Configuration File System.
[    2.489061] systemd[1]: Finished Set the console keyboard layout.
[    2.489165] systemd[1]: Reached target Local File Systems (Pre).
[    2.494033] systemd[1]: Mounting Mount unit for bare, revision 5...
[    2.502701] systemd[1]: Mounting Mount unit for core18, revision 1705...
[    2.506232] systemd[1]: Mounting Mount unit for gnome-3-34-1804, revision 24...
[    2.514823] systemd[1]: Mounting Mount unit for gtk-common-themes, revision 1506...
[    2.534003] systemd[1]: Mounting Mount unit for gtk-common-themes, revision 1535...
[    2.538173] systemd[1]: Mounting Mount unit for snap-store, revision 433...
[    2.541265] systemd[1]: Mounting Mount unit for snapd, revision 25935...
[    2.553365] systemd[1]: Finished Apply Kernel Variables.
[    2.582832] systemd[1]: Mounted Mount unit for bare, revision 5.
[    2.582927] systemd[1]: Mounted Mount unit for gnome-3-34-1804, revision 24.
[    2.593735] systemd[1]: Mounted Mount unit for gtk-common-themes, revision 1506.
[    2.620355] systemd[1]: Mounted Mount unit for core18, revision 1705.
[    2.620462] systemd[1]: Mounted Mount unit for gtk-common-themes, revision 1535.
[    2.626138] systemd[1]: Started udev Kernel Device Manager.
[    2.626925] systemd[1]: Starting Show Plymouth Boot Screen...
[    2.632680] systemd[1]: Received SIGRTMIN+20 from PID 278 (plymouthd).
[    2.644673] systemd[1]: Mounted Mount unit for snap-store, revision 433.
[    2.646545] systemd[1]: Mounted Mount unit for snapd, revision 25935.
[    2.646707] systemd[1]: Reached target Local File Systems.
[    2.659510] systemd[1]: Starting Load AppArmor profiles...
[    2.661876] systemd[1]: Starting Set console font and keymap...
[    2.673380] systemd[1]: Starting Tell Plymouth To Write Out Runtime Data...
[    2.676347] systemd[1]: Condition check resulted in Store a System Token in an EFI Variable being skipped.
[    2.676400] systemd[1]: Condition check resulted in Commit a transient machine-id on disk being skipped.
[    2.676611] systemd[1]: Started Show Plymouth Boot Screen.
[    2.679087] systemd[1]: Finished Set console font and keymap.
[    2.679279] systemd[1]: Condition check resulted in Dispatch Password Requests to Console Directory Watch being skipped.
[    2.679361] systemd[1]: Started Forward Password Requests to Plymouth Directory Watch.
[    2.679428] systemd[1]: Reached target Local Encrypted Volumes.
[    2.688477] systemd[1]: Received SIGRTMIN+20 from PID 278 (plymouthd).
[    2.689975] systemd[1]: plymouth-read-write.service: Succeeded.
[    2.690216] systemd[1]: Finished Tell Plymouth To Write Out Runtime Data.
[    2.720404] audit: type=1400 audit(1768671729.564:2): apparmor="STATUS" operation="profile_load" profile="unconfined" name="nvidia_modprobe" pid=299 comm="apparmor_parser"
[    2.720407] audit: type=1400 audit(1768671729.564:3): apparmor="STATUS" operation="profile_load" profile="unconfined" name="nvidia_modprobe//kmod" pid=299 comm="apparmor_parser"
[    2.740717] audit: type=1400 audit(1768671729.584:4): apparmor="STATUS" operation="profile_load" profile="unconfined" name="/usr/sbin/tcpdump" pid=300 comm="apparmor_parser"
[    2.766341] audit: type=1400 audit(1768671729.604:5): apparmor="STATUS" operation="profile_load" profile="unconfined" name="/usr/bin/evince" pid=302 comm="apparmor_parser"
[    2.766343] audit: type=1400 audit(1768671729.604:6): apparmor="STATUS" operation="profile_load" profile="unconfined" name="/usr/bin/evince//sanitized_helper" pid=302 comm="apparmor_parser"
[    2.766345] audit: type=1400 audit(1768671729.604:7): apparmor="STATUS" operation="profile_load" profile="unconfined" name="/usr/bin/evince-previewer" pid=302 comm="apparmor_parser"
[    2.766348] audit: type=1400 audit(1768671729.604:8): apparmor="STATUS" operation="profile_load" profile="unconfined" name="/usr/bin/evince-previewer//sanitized_helper" pid=302 comm="apparmor_parser"
[    2.766349] audit: type=1400 audit(1768671729.604:9): apparmor="STATUS" operation="profile_load" profile="unconfined" name="/usr/bin/evince-thumbnailer" pid=302 comm="apparmor_parser"
[    2.801083] audit: type=1400 audit(1768671729.644:10): apparmor="STATUS" operation="profile_load" profile="unconfined" name="/usr/lib/cups/backend/cups-pdf" pid=303 comm="apparmor_parser"
[    2.866804] systemd[1]: Finished Load AppArmor profiles.
[    2.867784] systemd[1]: Starting Load AppArmor profiles managed internally by snapd...
[    2.981615] systemd[1]: Finished Load AppArmor profiles managed internally by snapd.
[    3.112709] systemd[1]: Started Journal Service.
[    3.120946] systemd-journald[229]: Received client request to flush runtime journal.
[    3.126179] systemd-journald[229]: File /var/log/journal/c455b248004a419c87ce85eea238d727/system.journal corrupted or uncleanly shut down, renaming and replacing.
[    4.469400] RAPL PMU: API unit is 2^-32 Joules, 0 fixed counters, 10737418240 ms ovfl timer
[    4.555906] cryptd: max_cpu_qlen set to 1000
[    4.594936] AVX2 version of gcm_enc/dec engaged.
[    4.594937] AES CTR mode by8 optimization enabled
[    6.433033] Adding 1998844k swap on /dev/sda1.  Priority:-2 extents:1 across:1998844k FS
[    8.233886] kauditd_printk_skb: 30 callbacks suppressed
[    8.233887] audit: type=1400 audit(1768671735.076:41): apparmor="DENIED" operation="capable" profile="/usr/sbin/cups-browsed" pid=510 comm="cups-browsed" capability=23  capname="sys_nice"
[    9.013543] pcnet32 0000:00:03.0 enp0s3: link up, 100Mbps, full-duplex
[    9.061882] e1000: enp0s8 NIC Link is Up 1000 Mbps Full Duplex, Flow Control: RX
[    9.062163] IPv6: ADDRCONF(NETDEV_CHANGE): enp0s8: link becomes ready
[    9.080880] e1000: enp0s9 NIC Link is Up 1000 Mbps Full Duplex, Flow Control: RX
[    9.081206] IPv6: ADDRCONF(NETDEV_CHANGE): enp0s9: link becomes ready
[    9.746089] device enp0s3 entered promiscuous mode
[    9.781098] audit: type=1400 audit(1768671736.628:42): apparmor="DENIED" operation="open" profile="/usr/sbin/tcpdump" name="/proc/sys/kernel/random/boot_id" pid=667 comm="tcpdump" requested_mask="r" denied_mask="r" fsuid=0 ouid=0
[    9.786525] audit: type=1400 audit(1768671736.632:43): apparmor="DENIED" operation="open" profile="/usr/sbin/tcpdump" name="/proc/sys/kernel/random/boot_id" pid=667 comm="tcpdump" requested_mask="r" denied_mask="r" fsuid=0 ouid=0
[    9.786576] audit: type=1400 audit(1768671736.632:44): apparmor="DENIED" operation="open" profile="/usr/sbin/tcpdump" name="/proc/sys/kernel/random/boot_id" pid=667 comm="tcpdump" requested_mask="r" denied_mask="r" fsuid=0 ouid=0
[    9.786632] audit: type=1400 audit(1768671736.632:45): apparmor="DENIED" operation="open" profile="/usr/sbin/tcpdump" name="/proc/sys/kernel/random/boot_id" pid=667 comm="tcpdump" requested_mask="r" denied_mask="r" fsuid=0 ouid=0
[    9.786955] audit: type=1400 audit(1768671736.632:46): apparmor="DENIED" operation="open" profile="/usr/sbin/tcpdump" name="/proc/sys/kernel/random/boot_id" pid=668 comm="tcpdump" requested_mask="r" denied_mask="r" fsuid=0 ouid=0
[    9.787836] audit: type=1400 audit(1768671736.632:47): apparmor="DENIED" operation="open" profile="/usr/sbin/tcpdump" name="/proc/sys/kernel/random/boot_id" pid=668 comm="tcpdump" requested_mask="r" denied_mask="r" fsuid=0 ouid=0
[    9.787876] audit: type=1400 audit(1768671736.632:48): apparmor="DENIED" operation="open" profile="/usr/sbin/tcpdump" name="/proc/sys/kernel/random/boot_id" pid=668 comm="tcpdump" requested_mask="r" denied_mask="r" fsuid=0 ouid=0
[    9.789463] audit: type=1400 audit(1768671736.632:49): apparmor="DENIED" operation="open" profile="/usr/sbin/tcpdump" name="/proc/sys/kernel/random/boot_id" pid=668 comm="tcpdump" requested_mask="r" denied_mask="r" fsuid=0 ouid=0
[   15.924374] rfkill: input handler disabled
[  522.069986] rfkill: input handler enabled
[  531.621735] rfkill: input handler disabled
[  698.879146] device enp0s3 left promiscuous mode
