[    0.000000] Linux version 5.4.243-mptcp (root@ztg) (gcc version 12.2.0 (Debian 12.2.0-14+deb12u1)) #53 SMP Wed Dec 24 23:28:15 CST 2025
[    0.000000] Command line: BOOT_IMAGE=/boot/vmlinuz-5.4.243-mptcp root=UUID=98415a12-53b7-4144-8265-0f7ece09e445 ro quiet splash
[    0.000000] KERNEL supported cpus:
[    0.000000]   Intel GenuineIntel
[    0.000000]   AMD AuthenticAMD
[    0.000000]   Hygon HygonGenuine
[    0.000000]   Centaur CentaurHauls
[    0.000000]   zhaoxin   Shanghai  
[    0.000000] x86/fpu: Supporting XSAVE feature 0x001: 'x87 floating point registers'
[    0.000000] x86/fpu: Supporting XSAVE feature 0x002: 'SSE registers'
[    0.000000] x86/fpu: Supporting XSAVE feature 0x004: 'AVX registers'
[    0.000000] x86/fpu: xstate_offset[2]:  576, xstate_sizes[2]:  256
[    0.000000] x86/fpu: Enabled xstate features 0x7, context size is 832 bytes, using 'standard' format.
[    0.000000] BIOS-provided physical RAM map:
[    0.000000] BIOS-e820: [mem 0x0000000000000000-0x000000000009fbff] usable
[    0.000000] BIOS-e820: [mem 0x000000000009fc00-0x000000000009ffff] reserved
[    0.000000] BIOS-e820: [mem 0x00000000000f0000-0x00000000000fffff] reserved
[    0.000000] BIOS-e820: [mem 0x0000000000100000-0x000000007ffeffff] usable
[    0.000000] BIOS-e820: [mem 0x000000007fff0000-0x000000007fffffff] ACPI data
[    0.000000] BIOS-e820: [mem 0x00000000fec00000-0x00000000fec00fff] reserved
[    0.000000] BIOS-e820: [mem 0x00000000fee00000-0x00000000fee00fff] reserved
[    0.000000] BIOS-e820: [mem 0x00000000fffc0000-0x00000000ffffffff] reserved
[    0.000000] NX (Execute Disable) protection: active
[    0.000000] SMBIOS 2.5 present.
[    0.000000] DMI: innotek GmbH VirtualBox/VirtualBox, BIOS VirtualBox 12/01/2006
[    0.000000] Hypervisor detected: KVM
[    0.000000] kvm-clock: Using msrs 4b564d01 and 4b564d00
[    0.000000] kvm-clock: cpu 0, msr 50401001, primary cpu clock
[    0.000001] kvm-clock: using sched offset of 4427233126 cycles
[    0.000003] clocksource: kvm-clock: mask: 0xffffffffffffffff max_cycles: 0x1cd42e4dffb, max_idle_ns: 881590591483 ns
[    0.000006] tsc: Detected 2100.000 MHz processor
[    0.002019] e820: update [mem 0x00000000-0x00000fff] usable ==> reserved
[    0.002022] e820: remove [mem 0x000a0000-0x000fffff] usable
[    0.002026] last_pfn = 0x7fff0 max_arch_pfn = 0x400000000
[    0.002093] MTRR default type: uncachable
[    0.002094] MTRR fixed ranges enabled:
[    0.002095]   00000-9FFFF write-back
[    0.002096]   A0000-BFFFF uncachable
[    0.002097]   C0000-FFFFF write-protect
[    0.002097] MTRR variable ranges enabled:
[    0.002099]   0 base 000000000000 mask 3FFF80000000 write-back
[    0.002099]   1 disabled
[    0.002100]   2 disabled
[    0.002100]   3 disabled
[    0.002101]   4 disabled
[    0.002101]   5 disabled
[    0.002102]   6 disabled
[    0.002102]   7 disabled
[    0.002102]   8 disabled
[    0.002103]   9 disabled
[    0.002103]   10 disabled
[    0.002104]   11 disabled
[    0.002104]   12 disabled
[    0.002105]   13 disabled
[    0.002105]   14 disabled
[    0.002105]   15 disabled
[    0.002124] x86/PAT: Configuration [0-7]: WB  WC  UC- UC  WB  WP  UC- WT  
[    0.002281] found SMP MP-table at [mem 0x0009fff0-0x0009ffff]
[    0.115184] check: Scanning 1 areas for low memory corruption
[    0.115400] RAMDISK: [mem 0x32271000-0x3512ffff]
[    0.115410] ACPI: Early table checksum verification disabled
[    0.115417] ACPI: RSDP 0x00000000000E0000 000024 (v02 VBOX  )
[    0.115422] ACPI: XSDT 0x000000007FFF0030 00003C (v01 VBOX   VBOXXSDT 00000001 ASL  00000061)
[    0.115429] ACPI: FACP 0x000000007FFF00F0 0000F4 (v04 VBOX   VBOXFACP 00000001 ASL  00000061)
[    0.115437] ACPI: DSDT 0x000000007FFF02E0 002353 (v02 VBOX   VBOXBIOS 00000002 VBOX 00029BF3)
[    0.115441] ACPI: FACS 0x000000007FFF0200 000040
[    0.115445] ACPI: FACS 0x000000007FFF0200 000040
[    0.115449] ACPI: APIC 0x000000007FFF0240 000054 (v02 VBOX   VBOXAPIC 00000001 ASL  00000061)
[    0.115454] ACPI: SSDT 0x000000007FFF02A0 000038 (v01 VBOX   VBOXCPUT 00000002 VBOX 00029BF3)
[    0.115457] ACPI: Reserving FACP table memory at [mem 0x7fff00f0-0x7fff01e3]
[    0.115458] ACPI: Reserving DSDT table memory at [mem 0x7fff02e0-0x7fff2632]
[    0.115459] ACPI: Reserving FACS table memory at [mem 0x7fff0200-0x7fff023f]
[    0.115459] ACPI: Reserving FACS table memory at [mem 0x7fff0200-0x7fff023f]
[    0.115460] ACPI: Reserving APIC table memory at [mem 0x7fff0240-0x7fff0293]
[    0.115461] ACPI: Reserving SSDT table memory at [mem 0x7fff02a0-0x7fff02d7]
[    0.115477] ACPI: Local APIC address 0xfee00000
[    0.115680] No NUMA configuration found
[    0.115681] Faking a node at [mem 0x0000000000000000-0x000000007ffeffff]
[    0.115691] NODE_DATA(0) allocated [mem 0x7ffc5000-0x7ffeffff]
[    0.115954] Zone ranges:
[    0.115955]   DMA      [mem 0x0000000000001000-0x0000000000ffffff]
[    0.115956]   DMA32    [mem 0x0000000001000000-0x000000007ffeffff]
[    0.115957]   Normal   empty
[    0.115958]   Device   empty
[    0.115959] Movable zone start for each node
[    0.115961] Early memory node ranges
[    0.115961]   node   0: [mem 0x0000000000001000-0x000000000009efff]
[    0.115962]   node   0: [mem 0x0000000000100000-0x000000007ffeffff]
[    0.115966] Zeroed struct page in unavailable ranges: 114 pages
[    0.115967] Initmem setup node 0 [mem 0x0000000000001000-0x000000007ffeffff]
[    0.115968] On node 0 totalpages: 524174
[    0.115969]   DMA zone: 64 pages used for memmap
[    0.115969]   DMA zone: 21 pages reserved
[    0.115970]   DMA zone: 3998 pages, LIFO batch:0
[    0.116092]   DMA32 zone: 8128 pages used for memmap
[    0.116093]   DMA32 zone: 520176 pages, LIFO batch:63
[    0.125071] ACPI: PM-Timer IO Port: 0x4008
[    0.125075] ACPI: Local APIC address 0xfee00000
[    0.125147] IOAPIC[0]: apic_id 1, version 32, address 0xfec00000, GSI 0-23
[    0.125151] ACPI: INT_SRC_OVR (bus 0 bus_irq 0 global_irq 2 dfl dfl)
[    0.125153] ACPI: INT_SRC_OVR (bus 0 bus_irq 9 global_irq 9 low level)
[    0.125155] ACPI: IRQ0 used by override.
[    0.125156] ACPI: IRQ9 used by override.
[    0.125159] Using ACPI (MADT) for SMP configuration information
[    0.125167] smpboot: Allowing 1 CPUs, 0 hotplug CPUs
[    0.125192] PM: Registered nosave memory: [mem 0x00000000-0x00000fff]
[    0.125194] PM: Registered nosave memory: [mem 0x0009f000-0x0009ffff]
[    0.125194] PM: Registered nosave memory: [mem 0x000a0000-0x000effff]
[    0.125195] PM: Registered nosave memory: [mem 0x000f0000-0x000fffff]
[    0.125196] [mem 0x80000000-0xfebfffff] available for PCI devices
[    0.125198] Booting paravirtualized kernel on KVM
[    0.125201] clocksource: refined-jiffies: mask: 0xffffffff max_cycles: 0xffffffff, max_idle_ns: 7645519600211568 ns
[    0.125205] setup_percpu: NR_CPUS:8192 nr_cpumask_bits:1 nr_cpu_ids:1 nr_node_ids:1
[    0.126222] percpu: Embedded 60 pages/cpu s208896 r8192 d28672 u2097152
[    0.126227] pcpu-alloc: s208896 r8192 d28672 u2097152 alloc=1*2097152
[    0.126228] pcpu-alloc: [0] 0 
[    0.126256] Built 1 zonelists, mobility grouping on.  Total pages: 515961
[    0.126256] Policy zone: DMA32
[    0.126257] Kernel command line: BOOT_IMAGE=/boot/vmlinuz-5.4.243-mptcp root=UUID=98415a12-53b7-4144-8265-0f7ece09e445 ro quiet splash
[    0.127093] Dentry cache hash table entries: 262144 (order: 9, 2097152 bytes, linear)
[    0.127240] Inode-cache hash table entries: 131072 (order: 8, 1048576 bytes, linear)
[    0.127295] mem auto-init: stack:off, heap alloc:on, heap free:off
[    0.127298] Calgary: detecting Calgary via BIOS EBDA area
[    0.127300] Calgary: Unable to locate Rio Grande table in EBDA - bailing!
[    0.131417] Memory: 1967332K/2096696K available (14339K kernel code, 2398K rwdata, 4712K rodata, 2728K init, 17260K bss, 129364K reserved, 0K cma-reserved)
[    0.132353] SLUB: HWalign=64, Order=0-3, MinObjects=0, CPUs=1, Nodes=1
[    0.132371] ftrace: allocating 43186 entries in 169 pages
[    0.150429] rcu: Hierarchical RCU implementation.
[    0.150431] rcu: 	RCU restricting CPUs from NR_CPUS=8192 to nr_cpu_ids=1.
[    0.150433] 	Tasks RCU enabled.
[    0.150433] rcu: RCU calculated value of scheduler-enlistment delay is 25 jiffies.
[    0.150434] rcu: Adjusting geometry for rcu_fanout_leaf=16, nr_cpu_ids=1
[    0.153393] NR_IRQS: 524544, nr_irqs: 256, preallocated irqs: 16
[    0.153612] random: crng init done
[    0.162955] Console: colour VGA+ 80x25
[    0.162960] printk: console [tty0] enabled
[    0.162982] ACPI: Core revision 20190816
[    0.163086] APIC: Switch to symmetric I/O mode setup
[    0.163337] x2apic enabled
[    0.163576] Switched APIC routing to physical x2apic.
[    0.164721] ..TIMER: vector=0x30 apic1=0 pin1=2 apic2=-1 pin2=-1
[    0.164746] clocksource: tsc-early: mask: 0xffffffffffffffff max_cycles: 0x1e4530a99b6, max_idle_ns: 440795257976 ns
[    0.164752] Calibrating delay loop (skipped) preset value.. 4200.00 BogoMIPS (lpj=8400000)
[    0.164754] pid_max: default: 32768 minimum: 301
[    0.164782] LSM: Security Framework initializing
[    0.164792] Yama: becoming mindful.
[    0.164818] AppArmor: AppArmor initialized
[    0.164852] Mount-cache hash table entries: 4096 (order: 3, 32768 bytes, linear)
[    0.164857] Mountpoint-cache hash table entries: 4096 (order: 3, 32768 bytes, linear)
[    0.164867] *** VALIDATE tmpfs ***
[    0.164999] *** VALIDATE proc ***
[    0.165042] *** VALIDATE cgroup1 ***
[    0.165043] *** VALIDATE cgroup2 ***
[    0.165187] process: using mwait in idle threads
[    0.165192] Last level iTLB entries: 4KB 64, 2MB 8, 4MB 8
[    0.165193] Last level dTLB entries: 4KB 64, 2MB 0, 4MB 0, 1GB 4
[    0.165214] Spectre V1 : Mitigation: usercopy/swapgs barriers and __user pointer sanitization
[    0.165220] Spectre V2 : Mitigation: Retpolines
[    0.165220] Spectre V2 : Spectre v2 / SpectreRSB mitigation: Filling RSB on context switch
[    0.165221] Spectre V2 : Spectre v2 / SpectreRSB : Filling RSB on VMEXIT
[    0.165221] RETBleed: WARNING: Spectre v2 mitigation leaves CPU vulnerable to RETBleed attacks, data leaks possible!
[    0.165576] RETBleed: Vulnerable
[    0.165577] Speculative Store Bypass: Vulnerable
[    0.165582] TAA: Mitigation: TSX disabled
[    0.165582] MMIO Stale Data: Mitigation: Clear CPU buffers
[    0.169806] Freeing SMP alternatives memory: 40K
[    0.282895] smpboot: CPU0: Intel(R) Xeon(R) Silver 4216 CPU @ 2.10GHz (family: 0x6, model: 0x55, stepping: 0x7)
[    0.283079] Performance Events: unsupported p6 CPU model 85 no PMU driver, software events only.
[    0.283129] rcu: Hierarchical SRCU implementation.
[    0.283753] NMI watchdog: Perf NMI watchdog permanently disabled
[    0.283811] smp: Bringing up secondary CPUs ...
[    0.283813] smp: Brought up 1 node, 1 CPU
[    0.283814] smpboot: Max logical packages: 1
[    0.283816] smpboot: Total of 1 processors activated (4200.00 BogoMIPS)
[    0.284748] devtmpfs: initialized
[    0.284748] x86/mm: Memory block size: 128MB
[    0.284748] clocksource: jiffies: mask: 0xffffffff max_cycles: 0xffffffff, max_idle_ns: 7645041785100000 ns
[    0.284748] futex hash table entries: 256 (order: 2, 16384 bytes, linear)
[    0.284748] pinctrl core: initialized pinctrl subsystem
[    0.284748] PM: RTC time: 14:31:35, date: 2026-01-17
[    0.284748] NET: Registered protocol family 16
[    0.284748] audit: initializing netlink subsys (disabled)
[    0.284748] EISA bus registered
[    0.284748] cpuidle: using governor ladder
[    0.284748] cpuidle: using governor menu
[    0.284748] ACPI: bus type PCI registered
[    0.284748] acpiphp: ACPI Hot Plug PCI Controller Driver version: 0.5
[    0.284748] PCI: Using configuration type 1 for base access
[    0.286033] audit: type=2000 audit(1768631501.382:1): state=initialized audit_enabled=0 res=1
[    0.286118] HugeTLB registered 2.00 MiB page size, pre-allocated 0 pages
[    0.287011] ACPI: Added _OSI(Module Device)
[    0.287012] ACPI: Added _OSI(Processor Device)
[    0.287012] ACPI: Added _OSI(3.0 _SCP Extensions)
[    0.287013] ACPI: Added _OSI(Processor Aggregator Device)
[    0.287014] ACPI: Added _OSI(Linux-Dell-Video)
[    0.287015] ACPI: Added _OSI(Linux-Lenovo-NV-HDMI-Audio)
[    0.287016] ACPI: Added _OSI(Linux-HPI-Hybrid-Graphics)
[    0.288942] ACPI: 2 ACPI AML tables successfully acquired and loaded
[    0.290503] ACPI: Interpreter enabled
[    0.290514] ACPI: (supports S0 S5)
[    0.290516] ACPI: Using IOAPIC for interrupt routing
[    0.290724] PCI: Using host bridge windows from ACPI; if necessary, use "pci=nocrs" and report a bug
[    0.290834] ACPI: Enabled 2 GPEs in block 00 to 07
[    0.295842] ACPI: PCI Root Bridge [PCI0] (domain 0000 [bus 00-ff])
[    0.295847] acpi PNP0A03:00: _OSC: OS supports [ASPM ClockPM Segments MSI HPX-Type3]
[    0.296302] acpi PNP0A03:00: _OSC: not requesting OS control; OS requires [ExtendedConfig ASPM ClockPM MSI]
[    0.296311] acpi PNP0A03:00: fail to add MMCONFIG information, can't access extended PCI configuration space under this bridge.
[    0.296867] PCI host bridge to bus 0000:00
[    0.296870] pci_bus 0000:00: root bus resource [io  0x0000-0x0cf7 window]
[    0.296871] pci_bus 0000:00: root bus resource [io  0x0d00-0xffff window]
[    0.296872] pci_bus 0000:00: root bus resource [mem 0x000a0000-0x000bffff window]
[    0.296873] pci_bus 0000:00: root bus resource [mem 0x80000000-0xfdffffff window]
[    0.296875] pci_bus 0000:00: root bus resource [bus 00-ff]
[    0.296922] pci 0000:00:00.0: [8086:1237] type 00 class 0x060000
[    0.297935] pci 0000:00:01.0: [8086:7000] type 00 class 0x060100
[    0.298786] pci 0000:00:01.1: [8086:7111] type 00 class 0x01018a
[    0.299207] pci 0000:00:01.1: reg 0x20: [io  0xd000-0xd00f]
[    0.299381] pci 0000:00:01.1: legacy IDE quirk: reg 0x10: [io  0x01f0-0x01f7]
[    0.299382] pci 0000:00:01.1: legacy IDE quirk: reg 0x14: [io  0x03f6]
[    0.299383] pci 0000:00:01.1: legacy IDE quirk: reg 0x18: [io  0x0170-0x0177]
[    0.299384] pci 0000:00:01.1: legacy IDE quirk: reg 0x1c: [io  0x0376]
[    0.299949] pci 0000:00:02.0: [15ad:0405] type 00 class 0x030000
[    0.302928] pci 0000:00:02.0: reg 0x10: [io  0xd010-0xd01f]
[    0.304808] pci 0000:00:02.0: reg 0x14: [mem 0xe0000000-0xe7ffffff pref]
[    0.308806] pci 0000:00:02.0: reg 0x18: [mem 0xf0000000-0xf01fffff]
[    0.321481] pci 0000:00:03.0: [1022:2000] type 00 class 0x020000
[    0.322172] pci 0000:00:03.0: reg 0x10: [io  0xd020-0xd03f]
[    0.322789] pci 0000:00:03.0: reg 0x14: [mem 0xf0200000-0xf0200fff]
[    0.326739] pci 0000:00:04.0: [80ee:cafe] type 00 class 0x088000
[    0.327424] pci 0000:00:04.0: reg 0x10: [io  0xd040-0xd05f]
[    0.328052] pci 0000:00:04.0: reg 0x14: [mem 0xf0400000-0xf07fffff]
[    0.328814] pci 0000:00:04.0: reg 0x18: [mem 0xf0800000-0xf0803fff pref]
[    0.332400] pci 0000:00:07.0: [8086:7113] type 00 class 0x068000
[    0.333024] pci 0000:00:07.0: quirk: [io  0x4000-0x403f] claimed by PIIX4 ACPI
[    0.333036] pci 0000:00:07.0: quirk: [io  0x4100-0x410f] claimed by PIIX4 SMB
[    0.333680] pci 0000:00:08.0: [8086:100e] type 00 class 0x020000
[    0.334401] pci 0000:00:08.0: reg 0x10: [mem 0xf0820000-0xf083ffff]
[    0.335636] pci 0000:00:08.0: reg 0x18: [io  0xd060-0xd067]
[    0.338451] pci 0000:00:09.0: [8086:100e] type 00 class 0x020000
[    0.339177] pci 0000:00:09.0: reg 0x10: [mem 0xf0840000-0xf085ffff]
[    0.340364] pci 0000:00:09.0: reg 0x18: [io  0xd068-0xd06f]
[    0.349859] ACPI: PCI Interrupt Link [LNKA] (IRQs 5 9 10 *11)
[    0.350157] ACPI: PCI Interrupt Link [LNKB] (IRQs 5 9 *10 11)
[    0.350269] ACPI: PCI Interrupt Link [LNKC] (IRQs 5 *9 10 11)
[    0.350379] ACPI: PCI Interrupt Link [LNKD] (IRQs 5 9 10 *11)
[    0.350658] iommu: Default domain type: Translated 
[    0.350724] pci 0000:00:02.0: vgaarb: setting as boot VGA device
[    0.350726] pci 0000:00:02.0: vgaarb: VGA device added: decodes=io+mem,owns=io+mem,locks=none
[    0.350728] pci 0000:00:02.0: vgaarb: bridge control possible
[    0.350729] vgaarb: loaded
[    0.352913] SCSI subsystem initialized
[    0.352947] libata version 3.00 loaded.
[    0.352973] ACPI: bus type USB registered
[    0.352989] usbcore: registered new interface driver usbfs
[    0.352995] usbcore: registered new interface driver hub
[    0.353001] usbcore: registered new device driver usb
[    0.353031] pps_core: LinuxPPS API ver. 1 registered
[    0.353031] pps_core: Software ver. 5.3.6 - Copyright 2005-2007 Rodolfo Giometti <giometti@linux.it>
[    0.353033] PTP clock support registered
[    0.353076] EDAC MC: Ver: 3.0.0
[    0.353393] PCI: Using ACPI for IRQ routing
[    0.353394] PCI: pci_cache_line_size set to 64 bytes
[    0.353587] e820: reserve RAM buffer [mem 0x0009fc00-0x0009ffff]
[    0.353591] e820: reserve RAM buffer [mem 0x7fff0000-0x7fffffff]
[    0.354384] NetLabel: Initializing
[    0.354385] NetLabel:  domain hash size = 128
[    0.354385] NetLabel:  protocols = UNLABELED CIPSOv4 CALIPSO
[    0.354406] NetLabel:  unlabeled traffic allowed by default
[    0.355319] clocksource: Switched to clocksource kvm-clock
[    0.367549] *** VALIDATE bpf ***
[    0.367549] VFS: Disk quotas dquot_6.6.0
[    0.367549] VFS: Dquot-cache hash table entries: 512 (order 0, 4096 bytes)
[    0.367549] *** VALIDATE ramfs ***
[    0.367549] *** VALIDATE hugetlbfs ***
[    0.367549] AppArmor: AppArmor Filesystem Enabled
[    0.367549] pnp: PnP ACPI init
[    0.367549] pnp 00:00: Plug and Play ACPI device, IDs PNP0303 (active)
[    0.368163] pnp 00:01: Plug and Play ACPI device, IDs PNP0f03 (active)
[    0.369256] pnp: PnP ACPI: found 2 devices
[    0.370826] thermal_sys: Registered thermal governor 'fair_share'
[    0.370827] thermal_sys: Registered thermal governor 'bang_bang'
[    0.370828] thermal_sys: Registered thermal governor 'step_wise'
[    0.370828] thermal_sys: Registered thermal governor 'user_space'
[    0.370829] thermal_sys: Registered thermal governor 'power_allocator'
[    0.377607] clocksource: acpi_pm: mask: 0xffffff max_cycles: 0xffffff, max_idle_ns: 2085701024 ns
[    0.377659] pci_bus 0000:00: resource 4 [io  0x0000-0x0cf7 window]
[    0.377661] pci_bus 0000:00: resource 5 [io  0x0d00-0xffff window]
[    0.377663] pci_bus 0000:00: resource 6 [mem 0x000a0000-0x000bffff window]
[    0.377664] pci_bus 0000:00: resource 7 [mem 0x80000000-0xfdffffff window]
[    0.377739] NET: Registered protocol family 2
[    0.377823] IP idents hash table entries: 32768 (order: 6, 262144 bytes, linear)
[    0.378317] MPTCP tokens hash table entries: 8192 (order: 4, 65536 bytes, linear)
[    0.378340] MPTCP request tokens hash table entries: 8192 (order: 4, 65536 bytes, linear)
[    0.378375] default registered
[    0.378376] default registered
[    0.378376] MPTCP: Stable release v0.96
[    0.378383] tcp_listen_portaddr_hash hash table entries: 1024 (order: 2, 16384 bytes, linear)
[    0.378467] TCP established hash table entries: 16384 (order: 5, 131072 bytes, linear)
[    0.378540] TCP bind hash table entries: 16384 (order: 6, 262144 bytes, linear)
[    0.378574] TCP: Hash tables configured (established 16384 bind 16384)
[    0.379401] UDP hash table entries: 1024 (order: 3, 32768 bytes, linear)
[    0.379414] UDP-Lite hash table entries: 1024 (order: 3, 32768 bytes, linear)
[    0.379461] NET: Registered protocol family 1
[    0.379473] NET: Registered protocol family 44
[    0.379501] pci 0000:00:00.0: Limiting direct PCI/PCI transfers
[    0.379518] pci 0000:00:01.0: Activating ISA DMA hang workarounds
[    0.379597] pci 0000:00:02.0: Video device with shadowed ROM at [mem 0x000c0000-0x000dffff]
[    0.379688] PCI: CLS 0 bytes, default 64
[    0.379751] Trying to unpack rootfs image as initramfs...
[    0.567773] Freeing initrd memory: 47868K
[    0.567773] clocksource: tsc: mask: 0xffffffffffffffff max_cycles: 0x1e4530a99b6, max_idle_ns: 440795257976 ns
[    0.567773] clocksource: Switched to clocksource tsc
[    0.567773] platform rtc_cmos: registered platform RTC device (no PNP device found)
[    0.567773] check: Scanning for low memory corruption every 60 seconds
[    0.567773] Initialise system trusted keyrings
[    0.567773] Key type blacklist registered
[    0.567773] workingset: timestamp_bits=36 max_order=19 bucket_order=0
[    0.567773] zbud: loaded
[    0.567773] squashfs: version 4.0 (2009/01/31) Phillip Lougher
[    0.567773] fuse: init (API version 7.31)
[    0.567773] *** VALIDATE fuse ***
[    0.567773] *** VALIDATE fuse ***
[    0.567773] Platform Keyring initialized
[    0.567773] Key type asymmetric registered
[    0.567773] Asymmetric key parser 'x509' registered
[    0.567773] Block layer SCSI generic (bsg) driver version 0.4 loaded (major 244)
[    0.567773] io scheduler mq-deadline registered
[    0.567773] shpchp: Standard Hot Plug PCI Controller Driver version: 0.4
[    0.580166] ACPI: AC Adapter [AC] (on-line)
[    0.580215] input: Power Button as /devices/LNXSYSTM:00/LNXPWRBN:00/input/input0
[    0.580244] ACPI: Power Button [PWRF]
[    0.580337] input: Sleep Button as /devices/LNXSYSTM:00/LNXSLPBN:00/input/input1
[    0.580352] ACPI: Sleep Button [SLPF]
[    0.580588] Serial: 8250/16550 driver, 32 ports, IRQ sharing enabled
[    0.581856] Linux agpgart interface v0.103
[    0.671212] loop: module loaded
[    0.671368] ata_piix 0000:00:01.1: version 2.13
[    0.671784] scsi host0: ata_piix
[    0.671879] scsi host1: ata_piix
[    0.671905] ata1: PATA max UDMA/33 cmd 0x1f0 ctl 0x3f6 bmdma 0xd000 irq 14
[    0.671906] ata2: PATA max UDMA/33 cmd 0x170 ctl 0x376 bmdma 0xd008 irq 15
[    0.671989] tun: Universal TUN/TAP device driver, 1.6
[    0.672303] PPP generic driver version 2.4.2
[    0.672346] VFIO - User Level meta-driver version: 0.3
[    0.672583] ehci_hcd: USB 2.0 'Enhanced' Host Controller (EHCI) Driver
[    0.672588] ehci-pci: EHCI PCI platform driver
[    0.672605] ehci-platform: EHCI generic platform driver
[    0.672611] ohci_hcd: USB 1.1 'Open' Host Controller (OHCI) Driver
[    0.672612] ohci-pci: OHCI PCI platform driver
[    0.672619] ohci-platform: OHCI generic platform driver
[    0.672624] uhci_hcd: USB Universal Host Controller Interface driver
[    0.672690] i8042: PNP: PS/2 Controller [PNP0303:PS2K,PNP0f03:PS2M] at 0x60,0x64 irq 1,12
[    0.673129] serio: i8042 KBD port at 0x60,0x64 irq 1
[    0.673132] serio: i8042 AUX port at 0x60,0x64 irq 12
[    0.673220] mousedev: PS/2 mouse device common for all mice
[    0.673487] input: AT Translated Set 2 keyboard as /devices/platform/i8042/serio0/input/input2
[    0.673888] rtc_cmos rtc_cmos: registered as rtc0
[    0.673903] rtc_cmos rtc_cmos: alarms up to one day, 114 bytes nvram
[    0.673908] i2c /dev entries driver
[    0.673952] device-mapper: uevent: version 1.0.3
[    0.673996] device-mapper: ioctl: 4.41.0-ioctl (2019-09-16) initialised: dm-devel@redhat.com
[    0.674011] platform eisa.0: Probing EISA bus 0
[    0.674013] platform eisa.0: EISA: Cannot allocate resource for mainboard
[    0.674014] platform eisa.0: Cannot allocate resource for EISA slot 1
[    0.674015] platform eisa.0: Cannot allocate resource for EISA slot 2
[    0.674016] platform eisa.0: Cannot allocate resource for EISA slot 3
[    0.674017] platform eisa.0: Cannot allocate resource for EISA slot 4
[    0.674018] platform eisa.0: Cannot allocate resource for EISA slot 5
[    0.674019] platform eisa.0: Cannot allocate resource for EISA slot 6
[    0.674020] platform eisa.0: Cannot allocate resource for EISA slot 7
[    0.674021] platform eisa.0: Cannot allocate resource for EISA slot 8
[    0.674022] platform eisa.0: EISA: Detected 0 cards
[    0.674024] intel_pstate: CPU model not supported
[    0.674034] ledtrig-cpu: registered to indicate activity on CPUs
[    0.674091] drop_monitor: Initializing network drop monitor service
[    0.674250] NET: Registered protocol family 10
[    0.679335] Segment Routing with IPv6
[    0.679335] fullmesh registered
[    0.679335] ndiffports registered
[    0.679335] binder registered
[    0.679335] roundrobin registered
[    0.679335] redundant registered
[    0.679335] blest registered
[    0.679335] ecf registered
[    0.679335] NET: Registered protocol family 17
[    0.679335] Key type dns_resolver registered
[    0.679335] RAS: Correctable Errors collector initialized.
[    0.679335] IPI shorthand broadcast: enabled
[    0.679335] sched_clock: Marking stable (664188285, 11147086)->(678122014, -2786643)
[    0.679672] registered taskstats version 1
[    0.679682] Loading compiled-in X.509 certificates
[    0.680269] Loaded X.509 cert 'Build time autogenerated kernel key: 6909f3744cebb3d0de528d5887b96a727de79b1e'
[    0.680287] zswap: loaded using pool lzo/zbud
[    0.680341] Key type ._fscrypt registered
[    0.680342] Key type .fscrypt registered
[    0.684811] Key type big_key registered
[    0.687008] Key type encrypted registered
[    0.687011] AppArmor: AppArmor sha1 policy hashing enabled
[    0.687018] ima: No TPM chip found, activating TPM-bypass!
[    0.687023] ima: Allocated hash algorithm: sha1
[    0.687028] ima: No architecture policies found
[    0.687037] evm: Initialising EVM extended attributes:
[    0.687038] evm: security.selinux
[    0.687039] evm: security.SMACK64
[    0.687039] evm: security.SMACK64EXEC
[    0.687039] evm: security.SMACK64TRANSMUTE
[    0.687040] evm: security.SMACK64MMAP
[    0.687040] evm: security.apparmor
[    0.687041] evm: security.ima
[    0.687041] evm: security.capability
[    0.687042] evm: HMAC attrs: 0x1
[    0.687343] PM:   Magic number: 10:209:536
[    0.687358] tty ttyS16: hash matches
[    0.687476] rtc_cmos rtc_cmos: setting system clock to 2026-01-17T14:31:36 UTC (1768660296)
[    0.844935] ata1.00: ATA-6: VBOX HARDDISK, 1.0, max UDMA/133
[    0.844939] ata1.00: 209715200 sectors, multi 128: LBA 
[    0.845618] scsi 0:0:0:0: Direct-Access     ATA      VBOX HARDDISK    1.0  PQ: 0 ANSI: 5
[    0.845986] sd 0:0:0:0: [sda] 209715200 512-byte logical blocks: (107 GB/100 GiB)
[    0.845998] sd 0:0:0:0: [sda] Write Protect is off
[    0.846001] sd 0:0:0:0: [sda] Mode Sense: 00 3a 00 00
[    0.846026] sd 0:0:0:0: [sda] Write cache: enabled, read cache: enabled, doesn't support DPO or FUA
[    0.846405] sd 0:0:0:0: Attached scsi generic sg0 type 0
[    0.847345]  sda: sda1 sda2
[    0.859406] sd 0:0:0:0: [sda] Attached SCSI disk
[    0.862575] Freeing unused decrypted memory: 2040K
[    0.863504] Freeing unused kernel image memory: 2728K
[    0.863507] Write protecting the kernel read-only data: 22528k
[    0.864480] Freeing unused kernel image memory: 2036K
[    0.865017] Freeing unused kernel image memory: 1432K
[    0.890058] x86/mm: Checked W+X mappings: passed, no W+X pages found.
[    0.890064] Run /init as init process
[    0.991368] ACPI: Video Device [GFX0] (multi-head: yes  rom: no  post: no)
[    0.991443] input: Video Bus as /devices/LNXSYSTM:00/LNXSYBUS:00/PNP0A03:00/LNXVIDEO:00/input/input4
[    1.003271] pcnet32: pcnet32.c:v1.35 21.Apr.2008 tsbogend@alpha.franken.de
[    1.005048] piix4_smbus 0000:00:07.0: SMBus Host Controller at 0x4100, revision 0
[    1.007556] e1000: Intel(R) PRO/1000 Network Driver - version 7.3.21-k8-NAPI
[    1.007556] e1000: Copyright (c) 1999-2006 Intel Corporation.
[    1.022311] pcnet32: PCnet/FAST III 79C973 at 0xd020, 08:00:27:0c:8a:a5 assigned IRQ 19
[    1.022356] pcnet32: Found PHY 0022:561b at address 0
[    1.022658] pcnet32: eth0: registered as PCnet/FAST III 79C973
[    1.024461] pcnet32: 1 cards_found
[    1.079793] pcnet32 0000:00:03.0 enp0s3: renamed from eth0
[    1.224774] input: ImExPS/2 Generic Explorer Mouse as /devices/platform/i8042/serio1/input/input5
[    1.423579] e1000 0000:00:08.0 eth0: (PCI:33MHz:32-bit) 08:00:27:01:91:50
[    1.423583] e1000 0000:00:08.0 eth0: Intel(R) PRO/1000 Network Connection
[    1.799571] e1000 0000:00:09.0 eth1: (PCI:33MHz:32-bit) 08:00:27:46:b5:d6
[    1.799574] e1000 0000:00:09.0 eth1: Intel(R) PRO/1000 Network Connection
[    1.800702] e1000 0000:00:09.0 enp0s9: renamed from eth1
[    1.802487] e1000 0000:00:08.0 enp0s8: renamed from eth0
[    1.952660] EXT4-fs (sda2): mounted filesystem with ordered data mode. Opts: (null)
[    2.046808] systemd[1]: Inserted module 'autofs4'
[    2.058622] systemd[1]: systemd 245.4-4ubuntu3 running in system mode. (+PAM +AUDIT +SELINUX +IMA +APPARMOR +SMACK +SYSVINIT +UTMP +LIBCRYPTSETUP +GCRYPT +GNUTLS +ACL +XZ +LZ4 +SECCOMP +BLKID +ELFUTILS +KMOD +IDN2 -IDN +PCRE2 default-hierarchy=hybrid)
[    2.058653] systemd[1]: Detected virtualization oracle.
[    2.058656] systemd[1]: Detected architecture x86-64.
[    2.059996] systemd[1]: Set hostname to <ztg>.
[    2.184818] systemd[1]: /lib/systemd/system/dbus.socket:5: ListenStream= references a path below legacy directory /var/run/, updating /var/run/dbus/system_bus_socket â†’ /run/dbus/system_bus_socket; please update the unit file accordingly.
[    2.238209] systemd[1]: Created slice system-modprobe.slice.
[    2.238395] systemd[1]: Created slice User and Session Slice.
[    2.238441] systemd[1]: Started Forward Password Requests to Wall Directory Watch.
[    2.238606] systemd[1]: Set up automount Arbitrary Executable File Formats File System Automount Point.
[    2.238639] systemd[1]: Reached target User and Group Name Lookups.
[    2.238649] systemd[1]: Reached target Remote File Systems.
[    2.238658] systemd[1]: Reached target Slices.
[    2.239267] systemd[1]: Listening on Syslog Socket.
[    2.239340] systemd[1]: Listening on fsck to fsckd communication Socket.
[    2.239377] systemd[1]: Listening on initctl Compatibility Named Pipe.
[    2.239512] systemd[1]: Listening on Journal Audit Socket.
[    2.239566] systemd[1]: Listening on Journal Socket (/dev/log).
[    2.239638] systemd[1]: Listening on Journal Socket.
[    2.239703] systemd[1]: Listening on udev Control Socket.
[    2.239742] systemd[1]: Listening on udev Kernel Socket.
[    2.240499] systemd[1]: Mounting Huge Pages File System...
[    2.241451] systemd[1]: Mounting POSIX Message Queue File System...
[    2.242341] systemd[1]: Mounting Kernel Debug File System...
[    2.243212] systemd[1]: Mounting Kernel Trace File System...
[    2.245230] systemd[1]: Starting Journal Service...
[    2.269334] systemd[1]: Starting Set the console keyboard layout...
[    2.278140] systemd[1]: Starting Create list of static device nodes for the current kernel...
[    2.280174] systemd[1]: Starting Load Kernel Module drm...
[    2.284303] systemd[1]: Condition check resulted in Set Up Additional Binary Formats being skipped.
[    2.284690] systemd[1]: Condition check resulted in File System Check on Root Device being skipped.
[    2.292212] systemd[1]: Starting Load Kernel Modules...
[    2.292955] systemd[1]: Starting Remount Root and Kernel File Systems...
[    2.293749] systemd[1]: Starting udev Coldplug all Devices...
[    2.294523] systemd[1]: Starting Uncomplicated firewall...
[    2.327574] systemd[1]: Mounted Huge Pages File System.
[    2.327663] systemd[1]: Mounted POSIX Message Queue File System.
[    2.327733] systemd[1]: Mounted Kernel Debug File System.
[    2.327802] systemd[1]: Mounted Kernel Trace File System.
[    2.329957] systemd[1]: Finished Create list of static device nodes for the current kernel.
[    2.330216] systemd[1]: modprobe@drm.service: Succeeded.
[    2.331945] systemd[1]: Finished Load Kernel Module drm.
[    2.333615] EXT4-fs (sda2): re-mounted. Opts: errors=remount-ro
[    2.336233] systemd[1]: Finished Uncomplicated firewall.
[    2.355343] systemd[1]: Finished Remount Root and Kernel File Systems.
[    2.360704] systemd[1]: Condition check resulted in Rebuild Hardware Database being skipped.
[    2.360758] systemd[1]: Condition check resulted in Platform Persistent Storage Archival being skipped.
[    2.381208] systemd[1]: Starting Load/Save Random Seed...
[    2.395052] systemd[1]: Starting Create System Users...
[    2.401024] lp: driver loaded but no devices found
[    2.405644] systemd[1]: Finished Load/Save Random Seed.
[    2.408882] ppdev: user-space parallel port driver
[    2.415508] systemd[1]: Finished Create System Users.
[    2.417041] systemd[1]: Starting Create Static Device Nodes in /dev...
[    2.472994] systemd[1]: Finished Create Static Device Nodes in /dev.
[    2.473979] systemd[1]: Starting udev Kernel Device Manager...
[    2.484931] systemd[1]: Finished udev Coldplug all Devices.
[    2.493440] [drm] DMA map mode: Caching DMA mappings.
[    2.493503] [drm] Capabilities:
[    2.493504] [drm]   Rect copy.
[    2.493504] [drm]   Cursor.
[    2.493504] [drm]   Cursor bypass.
[    2.493505] [drm]   Cursor bypass 2.
[    2.493505] [drm]   Alpha cursor.
[    2.493506] [drm]   Extended Fifo.
[    2.493506] [drm]   Pitchlock.
[    2.493506] [drm]   Irq mask.
[    2.493507] [drm]   GMR.
[    2.493507] [drm]   Traces.
[    2.493507] [drm]   GMR2.
[    2.493508] [drm]   Screen Object 2.
[    2.493508] [drm]   Command Buffers.
[    2.493508] [drm]   Command Buffers 2.
[    2.493509] [drm]   Guest Backed Resources.
[    2.493510] [drm] Max GMR ids is 8192
[    2.493510] [drm] Max number of GMR pages is 1048576
[    2.493511] [drm] Max dedicated hypervisor surface memory is 393216 kiB
[    2.493511] [drm] Maximum display memory size is 131072 kiB
[    2.493512] [drm] VRAM at 0xe0000000 size is 131072 kiB
[    2.493513] [drm] MMIO at 0xf0000000 size is 2048 kiB
[    2.494665] [TTM] Zone  kernel: Available graphics memory: 1011738 KiB
[    2.494666] [TTM] Initializing pool allocator
[    2.494669] [TTM] Initializing DMA pool allocator
[    2.494725] [drm] Supports vblank timestamp caching Rev 2 (21.10.2013).
[    2.494725] [drm] No driver support for vblank timestamp query.
[    2.494963] [drm] Screen Target Display device initialized
[    2.495140] [drm] width 720
[    2.495149] [drm] height 400
[    2.495153] [drm] bpp 32
[    2.495704] [drm] Fifo max 0x00200000 min 0x00001000 cap 0x00000355
[    2.497711] [drm] Using command buffers with DMA pool.
[    2.497717] [drm] DX: no.
[    2.497717] [drm] Atomic: yes.
[    2.497718] [drm] SM4_1: no.
[    2.497737] [drm:vmw_host_log [vmwgfx]] *ERROR* Failed to send host log message.
[    2.498628] [drm:vmw_host_log [vmwgfx]] *ERROR* Failed to send host log message.
[    2.527597] fbcon: svgadrmfb (fb0) is primary device
[    2.529792] Console: switching to colour frame buffer device 100x37
[    2.535478] [drm] Initialized vmwgfx 2.15.0 20180704 for 0000:00:02.0 on minor 0
[    2.538715] systemd[1]: Finished Load Kernel Modules.
[    2.539712] systemd[1]: Mounting FUSE Control File System...
[    2.540910] systemd[1]: Mounting Kernel Configuration File System...
[    2.560033] systemd[1]: Starting Apply Kernel Variables...
[    2.562586] systemd[1]: Mounted FUSE Control File System.
[    2.562652] systemd[1]: Condition check resulted in VMware vmblock fuse mount being skipped.
[    2.566900] systemd[1]: Mounted Kernel Configuration File System.
[    2.581016] systemd[1]: Finished Apply Kernel Variables.
[    2.581820] systemd[1]: Finished Set the console keyboard layout.
[    2.581896] systemd[1]: Reached target Local File Systems (Pre).
[    2.584014] systemd[1]: Mounting Mount unit for bare, revision 5...
[    2.585997] systemd[1]: Mounting Mount unit for core18, revision 1705...
[    2.612770] systemd[1]: Mounting Mount unit for gnome-3-34-1804, revision 24...
[    2.616176] systemd[1]: Mounting Mount unit for gtk-common-themes, revision 1506...
[    2.624347] systemd[1]: Mounting Mount unit for gtk-common-themes, revision 1535...
[    2.632197] systemd[1]: Mounting Mount unit for snap-store, revision 433...
[    2.647488] systemd[1]: Mounting Mount unit for snapd, revision 25935...
[    2.684988] systemd[1]: Mounted Mount unit for bare, revision 5.
[    2.693637] systemd[1]: Mounted Mount unit for core18, revision 1705.
[    2.693734] systemd[1]: Mounted Mount unit for gnome-3-34-1804, revision 24.
[    2.695635] systemd[1]: Started udev Kernel Device Manager.
[    2.696415] systemd[1]: Starting Show Plymouth Boot Screen...
[    2.718635] systemd[1]: Mounted Mount unit for gtk-common-themes, revision 1506.
[    2.739426] systemd[1]: Received SIGRTMIN+20 from PID 287 (plymouthd).
[    2.758020] systemd[1]: Started Show Plymouth Boot Screen.
[    2.758289] systemd[1]: Condition check resulted in Dispatch Password Requests to Console Directory Watch being skipped.
[    2.758440] systemd[1]: Started Forward Password Requests to Plymouth Directory Watch.
[    2.758506] systemd[1]: Reached target Local Encrypted Volumes.
[    2.776293] systemd[1]: Mounted Mount unit for gtk-common-themes, revision 1535.
[    2.808827] systemd[1]: Mounted Mount unit for snap-store, revision 433.
[    2.809083] systemd[1]: Mounted Mount unit for snapd, revision 25935.
[    2.809235] systemd[1]: Reached target Local File Systems.
[    2.811619] systemd[1]: Starting Load AppArmor profiles...
[    2.812519] systemd[1]: Starting Set console font and keymap...
[    2.825593] systemd[1]: Starting Tell Plymouth To Write Out Runtime Data...
[    2.827011] systemd[1]: Condition check resulted in Store a System Token in an EFI Variable being skipped.
[    2.827070] systemd[1]: Condition check resulted in Commit a transient machine-id on disk being skipped.
[    2.830923] systemd[1]: Finished Set console font and keymap.
[    2.850386] systemd[1]: Received SIGRTMIN+20 from PID 287 (plymouthd).
[    2.852140] systemd[1]: plymouth-read-write.service: Succeeded.
[    2.852385] systemd[1]: Finished Tell Plymouth To Write Out Runtime Data.
[    2.873574] audit: type=1400 audit(1768660298.680:2): apparmor="STATUS" operation="profile_load" profile="unconfined" name="nvidia_modprobe" pid=300 comm="apparmor_parser"
[    2.873576] audit: type=1400 audit(1768660298.680:3): apparmor="STATUS" operation="profile_load" profile="unconfined" name="nvidia_modprobe//kmod" pid=300 comm="apparmor_parser"
[    2.880129] audit: type=1400 audit(1768660298.688:4): apparmor="STATUS" operation="profile_load" profile="unconfined" name="/usr/sbin/tcpdump" pid=301 comm="apparmor_parser"
[    2.926980] audit: type=1400 audit(1768660298.728:5): apparmor="STATUS" operation="profile_load" profile="unconfined" name="/usr/bin/evince" pid=303 comm="apparmor_parser"
[    2.926982] audit: type=1400 audit(1768660298.728:6): apparmor="STATUS" operation="profile_load" profile="unconfined" name="/usr/bin/evince//sanitized_helper" pid=303 comm="apparmor_parser"
[    2.926984] audit: type=1400 audit(1768660298.728:7): apparmor="STATUS" operation="profile_load" profile="unconfined" name="/usr/bin/evince-previewer" pid=303 comm="apparmor_parser"
[    2.926985] audit: type=1400 audit(1768660298.728:8): apparmor="STATUS" operation="profile_load" profile="unconfined" name="/usr/bin/evince-previewer//sanitized_helper" pid=303 comm="apparmor_parser"
[    2.926988] audit: type=1400 audit(1768660298.728:9): apparmor="STATUS" operation="profile_load" profile="unconfined" name="/usr/bin/evince-thumbnailer" pid=303 comm="apparmor_parser"
[    2.941548] audit: type=1400 audit(1768660298.752:10): apparmor="STATUS" operation="profile_load" profile="unconfined" name="/usr/lib/cups/backend/cups-pdf" pid=304 comm="apparmor_parser"
[    3.022809] systemd[1]: Finished Load AppArmor profiles.
[    3.023759] systemd[1]: Starting Load AppArmor profiles managed internally by snapd...
[    3.137503] systemd[1]: Finished Load AppArmor profiles managed internally by snapd.
[    3.280894] systemd[1]: Started Journal Service.
[    3.291361] systemd-journald[229]: Received client request to flush runtime journal.
[    3.294476] systemd-journald[229]: File /var/log/journal/c455b248004a419c87ce85eea238d727/system.journal corrupted or uncleanly shut down, renaming and replacing.
[    4.680984] RAPL PMU: API unit is 2^-32 Joules, 0 fixed counters, 10737418240 ms ovfl timer
[    4.752463] cryptd: max_cpu_qlen set to 1000
[    4.763019] AVX2 version of gcm_enc/dec engaged.
[    4.763020] AES CTR mode by8 optimization enabled
[    6.616915] Adding 1998844k swap on /dev/sda1.  Priority:-2 extents:1 across:1998844k FS
[    8.612599] kauditd_printk_skb: 30 callbacks suppressed
[    8.612601] audit: type=1400 audit(1768660304.416:41): apparmor="DENIED" operation="capable" profile="/usr/sbin/cups-browsed" pid=507 comm="cups-browsed" capability=23  capname="sys_nice"
[    9.261087] pcnet32 0000:00:03.0 enp0s3: link up, 100Mbps, full-duplex
[    9.300872] e1000: enp0s8 NIC Link is Up 1000 Mbps Full Duplex, Flow Control: RX
[    9.301175] IPv6: ADDRCONF(NETDEV_CHANGE): enp0s8: link becomes ready
[    9.333386] e1000: enp0s9 NIC Link is Up 1000 Mbps Full Duplex, Flow Control: RX
[    9.333674] IPv6: ADDRCONF(NETDEV_CHANGE): enp0s9: link becomes ready
[    9.984927] device enp0s3 entered promiscuous mode
[   10.005447] audit: type=1400 audit(1768660305.808:42): apparmor="DENIED" operation="open" profile="/usr/sbin/tcpdump" name="/proc/sys/kernel/random/boot_id" pid=668 comm="tcpdump" requested_mask="r" denied_mask="r" fsuid=0 ouid=0
[   10.005693] audit: type=1400 audit(1768660305.808:43): apparmor="DENIED" operation="open" profile="/usr/sbin/tcpdump" name="/proc/sys/kernel/random/boot_id" pid=668 comm="tcpdump" requested_mask="r" denied_mask="r" fsuid=0 ouid=0
[   10.005782] audit: type=1400 audit(1768660305.808:44): apparmor="DENIED" operation="open" profile="/usr/sbin/tcpdump" name="/proc/sys/kernel/random/boot_id" pid=668 comm="tcpdump" requested_mask="r" denied_mask="r" fsuid=0 ouid=0
[   10.005956] audit: type=1400 audit(1768660305.808:45): apparmor="DENIED" operation="open" profile="/usr/sbin/tcpdump" name="/proc/sys/kernel/random/boot_id" pid=668 comm="tcpdump" requested_mask="r" denied_mask="r" fsuid=0 ouid=0
[   10.014818] audit: type=1400 audit(1768660305.816:46): apparmor="DENIED" operation="open" profile="/usr/sbin/tcpdump" name="/proc/sys/kernel/random/boot_id" pid=669 comm="tcpdump" requested_mask="r" denied_mask="r" fsuid=0 ouid=0
[   10.015017] audit: type=1400 audit(1768660305.816:47): apparmor="DENIED" operation="open" profile="/usr/sbin/tcpdump" name="/proc/sys/kernel/random/boot_id" pid=669 comm="tcpdump" requested_mask="r" denied_mask="r" fsuid=0 ouid=0
[   10.015057] audit: type=1400 audit(1768660305.816:48): apparmor="DENIED" operation="open" profile="/usr/sbin/tcpdump" name="/proc/sys/kernel/random/boot_id" pid=669 comm="tcpdump" requested_mask="r" denied_mask="r" fsuid=0 ouid=0
[   10.015155] audit: type=1400 audit(1768660305.816:49): apparmor="DENIED" operation="open" profile="/usr/sbin/tcpdump" name="/proc/sys/kernel/random/boot_id" pid=669 comm="tcpdump" requested_mask="r" denied_mask="r" fsuid=0 ouid=0
[   15.974453] rfkill: input handler disabled
[  236.113806] AAAAA-TCP_FORW: name:enp0s3: saddr:100932208: daddr:16783984
[  236.360812] AAAAA-TCP_FORW: name:enp0s3: saddr:100932208: daddr:33561200
[  236.491953] AAAAA-TCP_FORW: name:enp0s3: saddr:100932208: daddr:16783984
[  236.651503] AAAAA-TCP_FORW: name:enp0s3: saddr:100932208: daddr:16783984
[  236.686777] AAAAA-TCP_FORW: name:enp0s3: saddr:100932208: daddr:16783984
[  236.771058] AAAAA-TCP_FORW: name:enp0s3: saddr:100932208: daddr:33561200
[  236.931088] AAAAA-TCP_FORW: name:enp0s3: saddr:100932208: daddr:16783984
[  236.997063] AAAAA-TCP_FORW: name:enp0s3: saddr:100932208: daddr:16783984
[  237.132115] AAAAA-TCP_FORW: name:enp0s3: saddr:100932208: daddr:16783984
[  237.185548] AAAAA-TCP_FORW: name:enp0s3: saddr:100932208: daddr:33561200
[  237.375046] AAAAA-TCP_FORW: name:enp0s3: saddr:100932208: daddr:33561200
[  237.450764] AAAAA-TCP_FORW: name:enp0s3: saddr:100932208: daddr:33561200
[  237.541601] AAAAA-TCP_FORW: name:enp0s3: saddr:100932208: daddr:16783984
[  237.615784] AAAAA-TCP_FORW: name:enp0s3: saddr:100932208: daddr:16783984
[  237.714416] AAAAA-TCP_FORW: name:enp0s3: saddr:100932208: daddr:16783984
[  237.788900] AAAAA-TCP_FORW: name:enp0s3: saddr:100932208: daddr:33561200
[  237.886648] AAAAA-TCP_FORW: name:enp0s3: saddr:100932208: daddr:33561200
[  238.031299] AAAAA-TCP_FORW: name:enp0s3: saddr:100932208: daddr:33561200
[  238.194163] AAAAA-TCP_FORW: name:enp0s3: saddr:100932208: daddr:33561200
[  238.292321] AAAAA-TCP_FORW: name:enp0s3: saddr:100932208: daddr:16783984
[  238.431129] AAAAA-TCP_FORW: name:enp0s3: saddr:100932208: daddr:33561200
[  269.055902] AAAAA-TCP_FORW: name:enp0s3: saddr:100932208: daddr:16783984
[  269.092346] AAAAA-TCP_FORW: name:enp0s3: saddr:100932208: daddr:16783984
[  269.200234] AAAAA-TCP_FORW: name:enp0s3: saddr:100932208: daddr:16783984
[  269.252249] AAAAA-TCP_FORW: name:enp0s3: saddr:100932208: daddr:16783984
[  269.329232] AAAAA-TCP_FORW: name:enp0s3: saddr:100932208: daddr:16783984
[  269.376734] AAAAA-TCP_FORW: name:enp0s3: saddr:100932208: daddr:16783984
[  269.406669] AAAAA-TCP_FORW: name:enp0s3: saddr:100932208: daddr:16783984
[  269.553138] AAAAA-TCP_FORW: name:enp0s3: saddr:100932208: daddr:16783984
[  269.597986] AAAAA-TCP_FORW: name:enp0s3: saddr:100932208: daddr:16783984
[  269.672638] AAAAA-TCP_FORW: name:enp0s3: saddr:100932208: daddr:16783984
[  269.734535] AAAAA-TCP_FORW: name:enp0s3: saddr:100932208: daddr:16783984
[  269.891135] AAAAA-TCP_FORW: name:enp0s3: saddr:100932208: daddr:16783984
[  269.946943] AAAAA-TCP_FORW: name:enp0s3: saddr:100932208: daddr:16783984
[  269.985167] AAAAA-TCP_FORW: name:enp0s3: saddr:100932208: daddr:16783984
[  270.063405] AAAAA-TCP_FORW: name:enp0s3: saddr:100932208: daddr:16783984
[  270.126381] AAAAA-TCP_FORW: name:enp0s3: saddr:100932208: daddr:16783984
[  270.201809] AAAAA-TCP_FORW: name:enp0s3: saddr:100932208: daddr:16783984
[  270.279060] AAAAA-TCP_FORW: name:enp0s3: saddr:100932208: daddr:16783984
[  270.399858] AAAAA-TCP_FORW: name:enp0s3: saddr:100932208: daddr:16783984
[  270.454709] AAAAA-TCP_FORW: name:enp0s3: saddr:100932208: daddr:16783984
[  270.514424] AAAAA-TCP_FORW: name:enp0s3: saddr:100932208: daddr:16783984
[  270.608046] AAAAA-TCP_FORW: name:enp0s3: saddr:100932208: daddr:16783984
[  270.729522] AAAAA-TCP_FORW: name:enp0s3: saddr:100932208: daddr:16783984
[  270.808898] AAAAA-TCP_FORW: name:enp0s3: saddr:100932208: daddr:16783984
[  270.949845] AAAAA-TCP_FORW: name:enp0s3: saddr:100932208: daddr:16783984
[  270.999828] AAAAA-TCP_FORW: name:enp0s3: saddr:100932208: daddr:16783984
[  271.034577] AAAAA-TCP_FORW: name:enp0s3: saddr:100932208: daddr:16783984
[  271.092003] AAAAA-TCP_FORW: name:enp0s3: saddr:100932208: daddr:16783984
[  271.180364] AAAAA-TCP_FORW: name:enp0s3: saddr:100932208: daddr:16783984
[  271.213222] AAAAA-TCP_FORW: name:enp0s3: saddr:100932208: daddr:16783984
[  271.280846] AAAAA-TCP_FORW: name:enp0s3: saddr:100932208: daddr:16783984
[  271.342908] AAAAA-TCP_FORW: name:enp0s3: saddr:100932208: daddr:16783984
[  271.433930] AAAAA-TCP_FORW: name:enp0s3: saddr:100932208: daddr:16783984
[  271.498202] AAAAA-TCP_FORW: name:enp0s3: saddr:100932208: daddr:16783984
[  271.584087] AAAAA-TCP_FORW: name:enp0s3: saddr:100932208: daddr:16783984
[  271.682516] AAAAA-TCP_FORW: name:enp0s3: saddr:100932208: daddr:16783984
[  271.754944] AAAAA-TCP_FORW: name:enp0s3: saddr:100932208: daddr:16783984
[  271.802841] AAAAA-TCP_FORW: name:enp0s3: saddr:100932208: daddr:16783984
[  271.839638] AAAAA-TCP_FORW: name:enp0s3: saddr:100932208: daddr:33561200
[  271.932641] AAAAA-TCP_FORW: name:enp0s3: saddr:100932208: daddr:33561200
[  272.020344] AAAAA-TCP_FORW: name:enp0s3: saddr:100932208: daddr:33561200
[  272.073050] AAAAA-TCP_FORW: name:enp0s3: saddr:100932208: daddr:33561200
[  272.143259] AAAAA-TCP_FORW: name:enp0s3: saddr:100932208: daddr:33561200
[  272.195217] AAAAA-TCP_FORW: name:enp0s3: saddr:100932208: daddr:33561200
[  272.231817] AAAAA-TCP_FORW: name:enp0s3: saddr:100932208: daddr:33561200
[  272.284408] AAAAA-TCP_FORW: name:enp0s3: saddr:100932208: daddr:33561200
[  272.328244] AAAAA-TCP_FORW: name:enp0s3: saddr:100932208: daddr:33561200
[  272.397847] AAAAA-TCP_FORW: name:enp0s3: saddr:100932208: daddr:33561200
[  272.479929] AAAAA-TCP_FORW: name:enp0s3: saddr:100932208: daddr:16783984
[  272.587094] AAAAA-TCP_FORW: name:enp0s3: saddr:100932208: daddr:16783984
[  272.642873] AAAAA-TCP_FORW: name:enp0s3: saddr:100932208: daddr:16783984
[  272.683449] AAAAA-TCP_FORW: name:enp0s3: saddr:100932208: daddr:16783984
[  272.809950] AAAAA-TCP_FORW: name:enp0s3: saddr:100932208: daddr:33561200
[  272.865812] AAAAA-TCP_FORW: name:enp0s3: saddr:100932208: daddr:33561200
[  272.907191] AAAAA-TCP_FORW: name:enp0s3: saddr:100932208: daddr:33561200
[  273.023430] AAAAA-TCP_FORW: name:enp0s3: saddr:100932208: daddr:33561200
[  273.114620] AAAAA-TCP_FORW: name:enp0s3: saddr:100932208: daddr:16783984
[  273.170500] AAAAA-TCP_FORW: name:enp0s3: saddr:100932208: daddr:16783984
[  273.230573] AAAAA-TCP_FORW: name:enp0s3: saddr:100932208: daddr:16783984
[  273.312075] AAAAA-TCP_FORW: name:enp0s3: saddr:100932208: daddr:16783984
[  273.385201] AAAAA-TCP_FORW: name:enp0s3: saddr:100932208: daddr:33561200
[  273.432140] AAAAA-TCP_FORW: name:enp0s3: saddr:100932208: daddr:33561200
[  273.461288] AAAAA-TCP_FORW: name:enp0s3: saddr:100932208: daddr:16783984
[  273.553524] AAAAA-TCP_FORW: name:enp0s3: saddr:100932208: daddr:16783984
[  273.611627] AAAAA-TCP_FORW: name:enp0s3: saddr:100932208: daddr:33561200
[  273.656720] AAAAA-TCP_FORW: name:enp0s3: saddr:100932208: daddr:33561200
[  273.803191] AAAAA-TCP_FORW: name:enp0s3: saddr:100932208: daddr:33561200
[  273.852803] AAAAA-TCP_FORW: name:enp0s3: saddr:100932208: daddr:33561200
[  273.886529] AAAAA-TCP_FORW: name:enp0s3: saddr:100932208: daddr:16783984
[  273.996176] AAAAA-TCP_FORW: name:enp0s3: saddr:100932208: daddr:16783984
[  274.097394] AAAAA-TCP_FORW: name:enp0s3: saddr:100932208: daddr:33561200
[  274.198844] AAAAA-TCP_FORW: name:enp0s3: saddr:100932208: daddr:33561200
[  274.300808] AAAAA-TCP_FORW: name:enp0s3: saddr:100932208: daddr:33561200
[  274.360199] AAAAA-TCP_FORW: name:enp0s3: saddr:100932208: daddr:33561200
[  274.400445] AAAAA-TCP_FORW: name:enp0s3: saddr:100932208: daddr:33561200
[  274.471191] AAAAA-TCP_FORW: name:enp0s3: saddr:100932208: daddr:33561200
[  274.572573] AAAAA-TCP_FORW: name:enp0s3: saddr:100932208: daddr:16783984
[  274.662249] AAAAA-TCP_FORW: name:enp0s3: saddr:100932208: daddr:16783984
[  274.735183] AAAAA-TCP_FORW: name:enp0s3: saddr:100932208: daddr:16783984
[  274.820417] AAAAA-TCP_FORW: name:enp0s3: saddr:100932208: daddr:33561200
[  274.901264] AAAAA-TCP_FORW: name:enp0s3: saddr:100932208: daddr:33561200
[  274.936391] AAAAA-TCP_FORW: name:enp0s3: saddr:100932208: daddr:33561200
[  274.984354] AAAAA-TCP_FORW: name:enp0s3: saddr:100932208: daddr:33561200
[  275.094258] AAAAA-TCP_FORW: name:enp0s3: saddr:100932208: daddr:33561200
[  275.121371] AAAAA-TCP_FORW: name:enp0s3: saddr:100932208: daddr:33561200
[  275.166107] AAAAA-TCP_FORW: name:enp0s3: saddr:100932208: daddr:33561200
[  275.234645] AAAAA-TCP_FORW: name:enp0s3: saddr:100932208: daddr:33561200
[  275.269088] AAAAA-TCP_FORW: name:enp0s3: saddr:100932208: daddr:16783984
[  275.331521] AAAAA-TCP_FORW: name:enp0s3: saddr:100932208: daddr:16783984
[  275.381628] AAAAA-TCP_FORW: name:enp0s3: saddr:100932208: daddr:16783984
[  275.413822] AAAAA-TCP_FORW: name:enp0s3: saddr:100932208: daddr:16783984
[  275.455175] AAAAA-TCP_FORW: name:enp0s3: saddr:100932208: daddr:16783984
[  275.508467] AAAAA-TCP_FORW: name:enp0s3: saddr:100932208: daddr:16783984
[  275.559630] AAAAA-TCP_FORW: name:enp0s3: saddr:100932208: daddr:16783984
[  275.593034] AAAAA-TCP_FORW: name:enp0s3: saddr:100932208: daddr:16783984
[  275.679644] AAAAA-TCP_FORW: name:enp0s3: saddr:100932208: daddr:16783984
[  275.704777] AAAAA-TCP_FORW: name:enp0s3: saddr:100932208: daddr:16783984
[  275.731551] AAAAA-TCP_FORW: name:enp0s3: saddr:100932208: daddr:33561200
[  275.756925] AAAAA-TCP_FORW: name:enp0s3: saddr:100932208: daddr:16783984
[  275.792411] AAAAA-TCP_FORW: name:enp0s3: saddr:100932208: daddr:16783984
[  275.837583] AAAAA-TCP_FORW: name:enp0s3: saddr:100932208: daddr:16783984
[  275.876395] AAAAA-TCP_FORW: name:enp0s3: saddr:100932208: daddr:16783984
[  275.925912] AAAAA-TCP_FORW: name:enp0s3: saddr:100932208: daddr:16783984
[  275.961295] AAAAA-TCP_FORW: name:enp0s3: saddr:100932208: daddr:16783984
[  276.007333] AAAAA-TCP_FORW: name:enp0s3: saddr:100932208: daddr:16783984
[  276.077271] AAAAA-TCP_FORW: name:enp0s3: saddr:100932208: daddr:16783984
[  276.129590] AAAAA-TCP_FORW: name:enp0s3: saddr:100932208: daddr:16783984
[  276.212981] AAAAA-TCP_FORW: name:enp0s3: saddr:100932208: daddr:16783984
[  276.279502] AAAAA-TCP_FORW: name:enp0s3: saddr:100932208: daddr:16783984
[  276.295711] AAAAA-TCP_FORW: name:enp0s3: saddr:100932208: daddr:16783984
[  276.363915] AAAAA-TCP_FORW: name:enp0s3: saddr:100932208: daddr:16783984
[  276.404254] AAAAA-TCP_FORW: name:enp0s3: saddr:100932208: daddr:16783984
[  276.446709] AAAAA-TCP_FORW: name:enp0s3: saddr:100932208: daddr:16783984
[  276.546453] AAAAA-TCP_FORW: name:enp0s3: saddr:100932208: daddr:16783984
[  276.548406] AAAAA-TCP_FORW: name:enp0s3: saddr:100932208: daddr:16783984
[  276.550355] AAAAA-TCP_FORW: name:enp0s3: saddr:100932208: daddr:16783984
[  276.582199] AAAAA-TCP_FORW: name:enp0s3: saddr:100932208: daddr:33561200
[  276.644097] AAAAA-TCP_FORW: name:enp0s3: saddr:100932208: daddr:33561200
[  276.701693] AAAAA-TCP_FORW: name:enp0s3: saddr:100932208: daddr:33561200
[  276.746783] AAAAA-TCP_FORW: name:enp0s3: saddr:100932208: daddr:33561200
[  276.799352] AAAAA-TCP_FORW: name:enp0s3: saddr:100932208: daddr:33561200
[  276.839149] AAAAA-TCP_FORW: name:enp0s3: saddr:100932208: daddr:33561200
[  276.909865] AAAAA-TCP_FORW: name:enp0s3: saddr:100932208: daddr:33561200
[  276.974637] AAAAA-TCP_FORW: name:enp0s3: saddr:100932208: daddr:33561200
[  277.130847] AAAAA-TCP_FORW: name:enp0s3: saddr:100932208: daddr:33561200
[  489.772392] rfkill: input handler enabled
[  498.130872] rfkill: input handler disabled
[  796.465924] device enp0s3 left promiscuous mode
