[    0.000000] Linux version 5.4.243-mptcp (root@ztg) (gcc version 12.2.0 (Debian 12.2.0-14+deb12u1)) #53 SMP Wed Dec 24 23:28:15 CST 2025
[    0.000000] Command line: BOOT_IMAGE=/boot/vmlinuz-5.4.243-mptcp root=UUID=98415a12-53b7-4144-8265-0f7ece09e445 ro quiet splash
[    0.000000] KERNEL supported cpus:
[    0.000000]   Intel GenuineIntel
[    0.000000]   AMD AuthenticAMD
[    0.000000]   Hygon HygonGenuine
[    0.000000]   Centaur CentaurHauls
[    0.000000]   zhaoxin   Shanghai  
[    0.000000] x86/fpu: Supporting XSAVE feature 0x001: 'x87 floating point registers'
[    0.000000] x86/fpu: Supporting XSAVE feature 0x002: 'SSE registers'
[    0.000000] x86/fpu: Supporting XSAVE feature 0x004: 'AVX registers'
[    0.000000] x86/fpu: xstate_offset[2]:  576, xstate_sizes[2]:  256
[    0.000000] x86/fpu: Enabled xstate features 0x7, context size is 832 bytes, using 'standard' format.
[    0.000000] BIOS-provided physical RAM map:
[    0.000000] BIOS-e820: [mem 0x0000000000000000-0x000000000009fbff] usable
[    0.000000] BIOS-e820: [mem 0x000000000009fc00-0x000000000009ffff] reserved
[    0.000000] BIOS-e820: [mem 0x00000000000f0000-0x00000000000fffff] reserved
[    0.000000] BIOS-e820: [mem 0x0000000000100000-0x000000007ffeffff] usable
[    0.000000] BIOS-e820: [mem 0x000000007fff0000-0x000000007fffffff] ACPI data
[    0.000000] BIOS-e820: [mem 0x00000000fec00000-0x00000000fec00fff] reserved
[    0.000000] BIOS-e820: [mem 0x00000000fee00000-0x00000000fee00fff] reserved
[    0.000000] BIOS-e820: [mem 0x00000000fffc0000-0x00000000ffffffff] reserved
[    0.000000] NX (Execute Disable) protection: active
[    0.000000] SMBIOS 2.5 present.
[    0.000000] DMI: innotek GmbH VirtualBox/VirtualBox, BIOS VirtualBox 12/01/2006
[    0.000000] Hypervisor detected: KVM
[    0.000000] kvm-clock: Using msrs 4b564d01 and 4b564d00
[    0.000000] kvm-clock: cpu 0, msr 16001001, primary cpu clock
[    0.000000] kvm-clock: using sched offset of 4471292281 cycles
[    0.000003] clocksource: kvm-clock: mask: 0xffffffffffffffff max_cycles: 0x1cd42e4dffb, max_idle_ns: 881590591483 ns
[    0.000005] tsc: Detected 2100.000 MHz processor
[    0.001888] e820: update [mem 0x00000000-0x00000fff] usable ==> reserved
[    0.001890] e820: remove [mem 0x000a0000-0x000fffff] usable
[    0.001894] last_pfn = 0x7fff0 max_arch_pfn = 0x400000000
[    0.001964] MTRR default type: uncachable
[    0.001965] MTRR fixed ranges enabled:
[    0.001966]   00000-9FFFF write-back
[    0.001967]   A0000-BFFFF uncachable
[    0.001967]   C0000-FFFFF write-protect
[    0.001968] MTRR variable ranges enabled:
[    0.001970]   0 base 000000000000 mask 3FFF80000000 write-back
[    0.001970]   1 disabled
[    0.001971]   2 disabled
[    0.001971]   3 disabled
[    0.001971]   4 disabled
[    0.001972]   5 disabled
[    0.001972]   6 disabled
[    0.001973]   7 disabled
[    0.001973]   8 disabled
[    0.001973]   9 disabled
[    0.001974]   10 disabled
[    0.001974]   11 disabled
[    0.001975]   12 disabled
[    0.001975]   13 disabled
[    0.001976]   14 disabled
[    0.001976]   15 disabled
[    0.001992] x86/PAT: Configuration [0-7]: WB  WC  UC- UC  WB  WP  UC- WT  
[    0.002127] found SMP MP-table at [mem 0x0009fff0-0x0009ffff]
[    0.091975] check: Scanning 1 areas for low memory corruption
[    0.092228] RAMDISK: [mem 0x32271000-0x3512ffff]
[    0.092235] ACPI: Early table checksum verification disabled
[    0.092241] ACPI: RSDP 0x00000000000E0000 000024 (v02 VBOX  )
[    0.092246] ACPI: XSDT 0x000000007FFF0030 00003C (v01 VBOX   VBOXXSDT 00000001 ASL  00000061)
[    0.092252] ACPI: FACP 0x000000007FFF00F0 0000F4 (v04 VBOX   VBOXFACP 00000001 ASL  00000061)
[    0.092259] ACPI: DSDT 0x000000007FFF02E0 002353 (v02 VBOX   VBOXBIOS 00000002 VBOX 00029BF3)
[    0.092263] ACPI: FACS 0x000000007FFF0200 000040
[    0.092266] ACPI: FACS 0x000000007FFF0200 000040
[    0.092270] ACPI: APIC 0x000000007FFF0240 000054 (v02 VBOX   VBOXAPIC 00000001 ASL  00000061)
[    0.092273] ACPI: SSDT 0x000000007FFF02A0 000038 (v01 VBOX   VBOXCPUT 00000002 VBOX 00029BF3)
[    0.092277] ACPI: Reserving FACP table memory at [mem 0x7fff00f0-0x7fff01e3]
[    0.092277] ACPI: Reserving DSDT table memory at [mem 0x7fff02e0-0x7fff2632]
[    0.092278] ACPI: Reserving FACS table memory at [mem 0x7fff0200-0x7fff023f]
[    0.092279] ACPI: Reserving FACS table memory at [mem 0x7fff0200-0x7fff023f]
[    0.092279] ACPI: Reserving APIC table memory at [mem 0x7fff0240-0x7fff0293]
[    0.092280] ACPI: Reserving SSDT table memory at [mem 0x7fff02a0-0x7fff02d7]
[    0.092295] ACPI: Local APIC address 0xfee00000
[    0.092483] No NUMA configuration found
[    0.092484] Faking a node at [mem 0x0000000000000000-0x000000007ffeffff]
[    0.092494] NODE_DATA(0) allocated [mem 0x7ffc5000-0x7ffeffff]
[    0.092776] Zone ranges:
[    0.092777]   DMA      [mem 0x0000000000001000-0x0000000000ffffff]
[    0.092779]   DMA32    [mem 0x0000000001000000-0x000000007ffeffff]
[    0.092779]   Normal   empty
[    0.092780]   Device   empty
[    0.092781] Movable zone start for each node
[    0.092783] Early memory node ranges
[    0.092783]   node   0: [mem 0x0000000000001000-0x000000000009efff]
[    0.092784]   node   0: [mem 0x0000000000100000-0x000000007ffeffff]
[    0.092787] Zeroed struct page in unavailable ranges: 114 pages
[    0.092788] Initmem setup node 0 [mem 0x0000000000001000-0x000000007ffeffff]
[    0.092789] On node 0 totalpages: 524174
[    0.092790]   DMA zone: 64 pages used for memmap
[    0.092791]   DMA zone: 21 pages reserved
[    0.092792]   DMA zone: 3998 pages, LIFO batch:0
[    0.092863]   DMA32 zone: 8128 pages used for memmap
[    0.092864]   DMA32 zone: 520176 pages, LIFO batch:63
[    0.101887] ACPI: PM-Timer IO Port: 0x4008
[    0.101891] ACPI: Local APIC address 0xfee00000
[    0.101959] IOAPIC[0]: apic_id 1, version 32, address 0xfec00000, GSI 0-23
[    0.101963] ACPI: INT_SRC_OVR (bus 0 bus_irq 0 global_irq 2 dfl dfl)
[    0.101964] ACPI: INT_SRC_OVR (bus 0 bus_irq 9 global_irq 9 low level)
[    0.101966] ACPI: IRQ0 used by override.
[    0.101967] ACPI: IRQ9 used by override.
[    0.101970] Using ACPI (MADT) for SMP configuration information
[    0.101977] smpboot: Allowing 1 CPUs, 0 hotplug CPUs
[    0.101999] PM: Registered nosave memory: [mem 0x00000000-0x00000fff]
[    0.102000] PM: Registered nosave memory: [mem 0x0009f000-0x0009ffff]
[    0.102001] PM: Registered nosave memory: [mem 0x000a0000-0x000effff]
[    0.102001] PM: Registered nosave memory: [mem 0x000f0000-0x000fffff]
[    0.102003] [mem 0x80000000-0xfebfffff] available for PCI devices
[    0.102004] Booting paravirtualized kernel on KVM
[    0.102007] clocksource: refined-jiffies: mask: 0xffffffff max_cycles: 0xffffffff, max_idle_ns: 7645519600211568 ns
[    0.102012] setup_percpu: NR_CPUS:8192 nr_cpumask_bits:1 nr_cpu_ids:1 nr_node_ids:1
[    0.103005] percpu: Embedded 60 pages/cpu s208896 r8192 d28672 u2097152
[    0.103010] pcpu-alloc: s208896 r8192 d28672 u2097152 alloc=1*2097152
[    0.103011] pcpu-alloc: [0] 0 
[    0.103038] Built 1 zonelists, mobility grouping on.  Total pages: 515961
[    0.103039] Policy zone: DMA32
[    0.103040] Kernel command line: BOOT_IMAGE=/boot/vmlinuz-5.4.243-mptcp root=UUID=98415a12-53b7-4144-8265-0f7ece09e445 ro quiet splash
[    0.103893] Dentry cache hash table entries: 262144 (order: 9, 2097152 bytes, linear)
[    0.104153] Inode-cache hash table entries: 131072 (order: 8, 1048576 bytes, linear)
[    0.104205] mem auto-init: stack:off, heap alloc:on, heap free:off
[    0.104208] Calgary: detecting Calgary via BIOS EBDA area
[    0.104209] Calgary: Unable to locate Rio Grande table in EBDA - bailing!
[    0.108493] Memory: 1967332K/2096696K available (14339K kernel code, 2398K rwdata, 4712K rodata, 2728K init, 17260K bss, 129364K reserved, 0K cma-reserved)
[    0.109431] SLUB: HWalign=64, Order=0-3, MinObjects=0, CPUs=1, Nodes=1
[    0.109447] ftrace: allocating 43186 entries in 169 pages
[    0.127455] rcu: Hierarchical RCU implementation.
[    0.127457] rcu: 	RCU restricting CPUs from NR_CPUS=8192 to nr_cpu_ids=1.
[    0.127458] 	Tasks RCU enabled.
[    0.127459] rcu: RCU calculated value of scheduler-enlistment delay is 25 jiffies.
[    0.127460] rcu: Adjusting geometry for rcu_fanout_leaf=16, nr_cpu_ids=1
[    0.130419] NR_IRQS: 524544, nr_irqs: 256, preallocated irqs: 16
[    0.130627] random: crng init done
[    0.139962] Console: colour VGA+ 80x25
[    0.139966] printk: console [tty0] enabled
[    0.139985] ACPI: Core revision 20190816
[    0.140086] APIC: Switch to symmetric I/O mode setup
[    0.140333] x2apic enabled
[    0.140571] Switched APIC routing to physical x2apic.
[    0.141696] ..TIMER: vector=0x30 apic1=0 pin1=2 apic2=-1 pin2=-1
[    0.141721] clocksource: tsc-early: mask: 0xffffffffffffffff max_cycles: 0x1e4530a99b6, max_idle_ns: 440795257976 ns
[    0.141726] Calibrating delay loop (skipped) preset value.. 4200.00 BogoMIPS (lpj=8400000)
[    0.141729] pid_max: default: 32768 minimum: 301
[    0.141756] LSM: Security Framework initializing
[    0.141765] Yama: becoming mindful.
[    0.141790] AppArmor: AppArmor initialized
[    0.141825] Mount-cache hash table entries: 4096 (order: 3, 32768 bytes, linear)
[    0.141830] Mountpoint-cache hash table entries: 4096 (order: 3, 32768 bytes, linear)
[    0.141840] *** VALIDATE tmpfs ***
[    0.141971] *** VALIDATE proc ***
[    0.142013] *** VALIDATE cgroup1 ***
[    0.142014] *** VALIDATE cgroup2 ***
[    0.142157] process: using mwait in idle threads
[    0.142162] Last level iTLB entries: 4KB 64, 2MB 8, 4MB 8
[    0.142163] Last level dTLB entries: 4KB 64, 2MB 0, 4MB 0, 1GB 4
[    0.142191] Spectre V1 : Mitigation: usercopy/swapgs barriers and __user pointer sanitization
[    0.142197] Spectre V2 : Mitigation: Retpolines
[    0.142198] Spectre V2 : Spectre v2 / SpectreRSB mitigation: Filling RSB on context switch
[    0.142199] Spectre V2 : Spectre v2 / SpectreRSB : Filling RSB on VMEXIT
[    0.142199] RETBleed: WARNING: Spectre v2 mitigation leaves CPU vulnerable to RETBleed attacks, data leaks possible!
[    0.142555] RETBleed: Vulnerable
[    0.142556] Speculative Store Bypass: Vulnerable
[    0.142561] TAA: Mitigation: TSX disabled
[    0.142561] MMIO Stale Data: Mitigation: Clear CPU buffers
[    0.146749] Freeing SMP alternatives memory: 40K
[    0.258461] smpboot: CPU0: Intel(R) Xeon(R) Silver 4216 CPU @ 2.10GHz (family: 0x6, model: 0x55, stepping: 0x7)
[    0.258578] Performance Events: unsupported p6 CPU model 85 no PMU driver, software events only.
[    0.258616] rcu: Hierarchical SRCU implementation.
[    0.259085] NMI watchdog: Perf NMI watchdog permanently disabled
[    0.259125] smp: Bringing up secondary CPUs ...
[    0.259126] smp: Brought up 1 node, 1 CPU
[    0.259127] smpboot: Max logical packages: 1
[    0.259128] smpboot: Total of 1 processors activated (4200.00 BogoMIPS)
[    0.260063] devtmpfs: initialized
[    0.260110] x86/mm: Memory block size: 128MB
[    0.260455] clocksource: jiffies: mask: 0xffffffff max_cycles: 0xffffffff, max_idle_ns: 7645041785100000 ns
[    0.260460] futex hash table entries: 256 (order: 2, 16384 bytes, linear)
[    0.260502] pinctrl core: initialized pinctrl subsystem
[    0.260611] PM: RTC time: 11:00:27, date: 2026-01-17
[    0.260716] NET: Registered protocol family 16
[    0.260789] audit: initializing netlink subsys (disabled)
[    0.260916] EISA bus registered
[    0.260917] cpuidle: using governor ladder
[    0.260918] cpuidle: using governor menu
[    0.260954] ACPI: bus type PCI registered
[    0.260955] acpiphp: ACPI Hot Plug PCI Controller Driver version: 0.5
[    0.261056] PCI: Using configuration type 1 for base access
[    0.261955] audit: type=2000 audit(1768618833.672:1): state=initialized audit_enabled=0 res=1
[    0.262035] HugeTLB registered 2.00 MiB page size, pre-allocated 0 pages
[    0.262845] ACPI: Added _OSI(Module Device)
[    0.262846] ACPI: Added _OSI(Processor Device)
[    0.262847] ACPI: Added _OSI(3.0 _SCP Extensions)
[    0.262847] ACPI: Added _OSI(Processor Aggregator Device)
[    0.262848] ACPI: Added _OSI(Linux-Dell-Video)
[    0.262849] ACPI: Added _OSI(Linux-Lenovo-NV-HDMI-Audio)
[    0.262850] ACPI: Added _OSI(Linux-HPI-Hybrid-Graphics)
[    0.264806] ACPI: 2 ACPI AML tables successfully acquired and loaded
[    0.266469] ACPI: Interpreter enabled
[    0.266478] ACPI: (supports S0 S5)
[    0.266480] ACPI: Using IOAPIC for interrupt routing
[    0.266685] PCI: Using host bridge windows from ACPI; if necessary, use "pci=nocrs" and report a bug
[    0.266792] ACPI: Enabled 2 GPEs in block 00 to 07
[    0.271615] ACPI: PCI Root Bridge [PCI0] (domain 0000 [bus 00-ff])
[    0.271620] acpi PNP0A03:00: _OSC: OS supports [ASPM ClockPM Segments MSI HPX-Type3]
[    0.272072] acpi PNP0A03:00: _OSC: not requesting OS control; OS requires [ExtendedConfig ASPM ClockPM MSI]
[    0.272080] acpi PNP0A03:00: fail to add MMCONFIG information, can't access extended PCI configuration space under this bridge.
[    0.272452] PCI host bridge to bus 0000:00
[    0.272455] pci_bus 0000:00: root bus resource [io  0x0000-0x0cf7 window]
[    0.272456] pci_bus 0000:00: root bus resource [io  0x0d00-0xffff window]
[    0.272457] pci_bus 0000:00: root bus resource [mem 0x000a0000-0x000bffff window]
[    0.272458] pci_bus 0000:00: root bus resource [mem 0x80000000-0xfdffffff window]
[    0.272459] pci_bus 0000:00: root bus resource [bus 00-ff]
[    0.272500] pci 0000:00:00.0: [8086:1237] type 00 class 0x060000
[    0.274278] pci 0000:00:01.0: [8086:7000] type 00 class 0x060100
[    0.275027] pci 0000:00:01.1: [8086:7111] type 00 class 0x01018a
[    0.275409] pci 0000:00:01.1: reg 0x20: [io  0xd000-0xd00f]
[    0.275566] pci 0000:00:01.1: legacy IDE quirk: reg 0x10: [io  0x01f0-0x01f7]
[    0.275567] pci 0000:00:01.1: legacy IDE quirk: reg 0x14: [io  0x03f6]
[    0.275568] pci 0000:00:01.1: legacy IDE quirk: reg 0x18: [io  0x0170-0x0177]
[    0.275569] pci 0000:00:01.1: legacy IDE quirk: reg 0x1c: [io  0x0376]
[    0.276102] pci 0000:00:02.0: [15ad:0405] type 00 class 0x030000
[    0.277803] pci 0000:00:02.0: reg 0x10: [io  0xd010-0xd01f]
[    0.281781] pci 0000:00:02.0: reg 0x14: [mem 0xe0000000-0xe7ffffff pref]
[    0.284684] pci 0000:00:02.0: reg 0x18: [mem 0xf0000000-0xf01fffff]
[    0.296467] pci 0000:00:03.0: [1022:2000] type 00 class 0x020000
[    0.297871] pci 0000:00:03.0: reg 0x10: [io  0xd020-0xd03f]
[    0.298537] pci 0000:00:03.0: reg 0x14: [mem 0xf0200000-0xf0200fff]
[    0.302157] pci 0000:00:04.0: [80ee:cafe] type 00 class 0x088000
[    0.302836] pci 0000:00:04.0: reg 0x10: [io  0xd040-0xd05f]
[    0.303447] pci 0000:00:04.0: reg 0x14: [mem 0xf0400000-0xf07fffff]
[    0.304058] pci 0000:00:04.0: reg 0x18: [mem 0xf0800000-0xf0803fff pref]
[    0.307624] pci 0000:00:07.0: [8086:7113] type 00 class 0x068000
[    0.308175] pci 0000:00:07.0: quirk: [io  0x4000-0x403f] claimed by PIIX4 ACPI
[    0.308189] pci 0000:00:07.0: quirk: [io  0x4100-0x410f] claimed by PIIX4 SMB
[    0.308814] pci 0000:00:08.0: [8086:100e] type 00 class 0x020000
[    0.309518] pci 0000:00:08.0: reg 0x10: [mem 0xf0820000-0xf083ffff]
[    0.310409] pci 0000:00:08.0: reg 0x18: [io  0xd060-0xd067]
[    0.313653] pci 0000:00:09.0: [8086:100e] type 00 class 0x020000
[    0.314433] pci 0000:00:09.0: reg 0x10: [mem 0xf0840000-0xf085ffff]
[    0.315583] pci 0000:00:09.0: reg 0x18: [io  0xd068-0xd06f]
[    0.323128] ACPI: PCI Interrupt Link [LNKA] (IRQs 5 9 10 *11)
[    0.323503] ACPI: PCI Interrupt Link [LNKB] (IRQs 5 9 *10 11)
[    0.323629] ACPI: PCI Interrupt Link [LNKC] (IRQs 5 *9 10 11)
[    0.323751] ACPI: PCI Interrupt Link [LNKD] (IRQs 5 9 10 *11)
[    0.324235] iommu: Default domain type: Translated 
[    0.324333] pci 0000:00:02.0: vgaarb: setting as boot VGA device
[    0.324334] pci 0000:00:02.0: vgaarb: VGA device added: decodes=io+mem,owns=io+mem,locks=none
[    0.324336] pci 0000:00:02.0: vgaarb: bridge control possible
[    0.324337] vgaarb: loaded
[    0.324630] SCSI subsystem initialized
[    0.325732] libata version 3.00 loaded.
[    0.325759] ACPI: bus type USB registered
[    0.325778] usbcore: registered new interface driver usbfs
[    0.325785] usbcore: registered new interface driver hub
[    0.325792] usbcore: registered new device driver usb
[    0.325827] pps_core: LinuxPPS API ver. 1 registered
[    0.325827] pps_core: Software ver. 5.3.6 - Copyright 2005-2007 Rodolfo Giometti <giometti@linux.it>
[    0.325829] PTP clock support registered
[    0.325869] EDAC MC: Ver: 3.0.0
[    0.326159] PCI: Using ACPI for IRQ routing
[    0.326160] PCI: pci_cache_line_size set to 64 bytes
[    0.326336] e820: reserve RAM buffer [mem 0x0009fc00-0x0009ffff]
[    0.326339] e820: reserve RAM buffer [mem 0x7fff0000-0x7fffffff]
[    0.329743] NetLabel: Initializing
[    0.329743] NetLabel:  domain hash size = 128
[    0.329744] NetLabel:  protocols = UNLABELED CIPSOv4 CALIPSO
[    0.329763] NetLabel:  unlabeled traffic allowed by default
[    0.330667] clocksource: Switched to clocksource kvm-clock
[    0.343162] *** VALIDATE bpf ***
[    0.343162] VFS: Disk quotas dquot_6.6.0
[    0.343162] VFS: Dquot-cache hash table entries: 512 (order 0, 4096 bytes)
[    0.343162] *** VALIDATE ramfs ***
[    0.343162] *** VALIDATE hugetlbfs ***
[    0.343162] AppArmor: AppArmor Filesystem Enabled
[    0.343162] pnp: PnP ACPI init
[    0.343162] pnp 00:00: Plug and Play ACPI device, IDs PNP0303 (active)
[    0.344435] pnp 00:01: Plug and Play ACPI device, IDs PNP0f03 (active)
[    0.345174] pnp: PnP ACPI: found 2 devices
[    0.346141] thermal_sys: Registered thermal governor 'fair_share'
[    0.346142] thermal_sys: Registered thermal governor 'bang_bang'
[    0.346143] thermal_sys: Registered thermal governor 'step_wise'
[    0.346143] thermal_sys: Registered thermal governor 'user_space'
[    0.346144] thermal_sys: Registered thermal governor 'power_allocator'
[    0.350656] clocksource: acpi_pm: mask: 0xffffff max_cycles: 0xffffff, max_idle_ns: 2085701024 ns
[    0.350696] pci_bus 0000:00: resource 4 [io  0x0000-0x0cf7 window]
[    0.350697] pci_bus 0000:00: resource 5 [io  0x0d00-0xffff window]
[    0.350699] pci_bus 0000:00: resource 6 [mem 0x000a0000-0x000bffff window]
[    0.350700] pci_bus 0000:00: resource 7 [mem 0x80000000-0xfdffffff window]
[    0.350757] NET: Registered protocol family 2
[    0.350831] IP idents hash table entries: 32768 (order: 6, 262144 bytes, linear)
[    0.351145] MPTCP tokens hash table entries: 8192 (order: 4, 65536 bytes, linear)
[    0.351145] MPTCP request tokens hash table entries: 8192 (order: 4, 65536 bytes, linear)
[    0.351145] default registered
[    0.351145] default registered
[    0.351145] MPTCP: Stable release v0.96
[    0.351145] tcp_listen_portaddr_hash hash table entries: 1024 (order: 2, 16384 bytes, linear)
[    0.351145] TCP established hash table entries: 16384 (order: 5, 131072 bytes, linear)
[    0.351145] TCP bind hash table entries: 16384 (order: 6, 262144 bytes, linear)
[    0.351145] TCP: Hash tables configured (established 16384 bind 16384)
[    0.352178] UDP hash table entries: 1024 (order: 3, 32768 bytes, linear)
[    0.352189] UDP-Lite hash table entries: 1024 (order: 3, 32768 bytes, linear)
[    0.352226] NET: Registered protocol family 1
[    0.352234] NET: Registered protocol family 44
[    0.352254] pci 0000:00:00.0: Limiting direct PCI/PCI transfers
[    0.352270] pci 0000:00:01.0: Activating ISA DMA hang workarounds
[    0.352324] pci 0000:00:02.0: Video device with shadowed ROM at [mem 0x000c0000-0x000dffff]
[    0.352390] PCI: CLS 0 bytes, default 64
[    0.352435] Trying to unpack rootfs image as initramfs...
[    0.539400] Freeing initrd memory: 47868K
[    0.539400] clocksource: tsc: mask: 0xffffffffffffffff max_cycles: 0x1e4530a99b6, max_idle_ns: 440795257976 ns
[    0.539400] clocksource: Switched to clocksource tsc
[    0.539400] platform rtc_cmos: registered platform RTC device (no PNP device found)
[    0.539400] check: Scanning for low memory corruption every 60 seconds
[    0.539400] Initialise system trusted keyrings
[    0.539400] Key type blacklist registered
[    0.539400] workingset: timestamp_bits=36 max_order=19 bucket_order=0
[    0.539400] zbud: loaded
[    0.539400] squashfs: version 4.0 (2009/01/31) Phillip Lougher
[    0.539400] fuse: init (API version 7.31)
[    0.539400] *** VALIDATE fuse ***
[    0.539400] *** VALIDATE fuse ***
[    0.539400] Platform Keyring initialized
[    0.539400] Key type asymmetric registered
[    0.539400] Asymmetric key parser 'x509' registered
[    0.539400] Block layer SCSI generic (bsg) driver version 0.4 loaded (major 244)
[    0.539400] io scheduler mq-deadline registered
[    0.539400] shpchp: Standard Hot Plug PCI Controller Driver version: 0.4
[    0.549801] ACPI: AC Adapter [AC] (on-line)
[    0.549847] input: Power Button as /devices/LNXSYSTM:00/LNXPWRBN:00/input/input0
[    0.549874] ACPI: Power Button [PWRF]
[    0.549958] input: Sleep Button as /devices/LNXSYSTM:00/LNXSLPBN:00/input/input1
[    0.549974] ACPI: Sleep Button [SLPF]
[    0.550233] Serial: 8250/16550 driver, 32 ports, IRQ sharing enabled
[    0.551417] Linux agpgart interface v0.103
[    0.647159] loop: module loaded
[    0.647312] ata_piix 0000:00:01.1: version 2.13
[    0.647729] scsi host0: ata_piix
[    0.647820] scsi host1: ata_piix
[    0.647846] ata1: PATA max UDMA/33 cmd 0x1f0 ctl 0x3f6 bmdma 0xd000 irq 14
[    0.647847] ata2: PATA max UDMA/33 cmd 0x170 ctl 0x376 bmdma 0xd008 irq 15
[    0.647928] tun: Universal TUN/TAP device driver, 1.6
[    0.648245] PPP generic driver version 2.4.2
[    0.648289] VFIO - User Level meta-driver version: 0.3
[    0.648527] ehci_hcd: USB 2.0 'Enhanced' Host Controller (EHCI) Driver
[    0.648531] ehci-pci: EHCI PCI platform driver
[    0.648548] ehci-platform: EHCI generic platform driver
[    0.648553] ohci_hcd: USB 1.1 'Open' Host Controller (OHCI) Driver
[    0.648555] ohci-pci: OHCI PCI platform driver
[    0.648562] ohci-platform: OHCI generic platform driver
[    0.648567] uhci_hcd: USB Universal Host Controller Interface driver
[    0.648629] i8042: PNP: PS/2 Controller [PNP0303:PS2K,PNP0f03:PS2M] at 0x60,0x64 irq 1,12
[    0.649067] serio: i8042 KBD port at 0x60,0x64 irq 1
[    0.649071] serio: i8042 AUX port at 0x60,0x64 irq 12
[    0.649157] mousedev: PS/2 mouse device common for all mice
[    0.649416] input: AT Translated Set 2 keyboard as /devices/platform/i8042/serio0/input/input2
[    0.649817] rtc_cmos rtc_cmos: registered as rtc0
[    0.649830] rtc_cmos rtc_cmos: alarms up to one day, 114 bytes nvram
[    0.649835] i2c /dev entries driver
[    0.649880] device-mapper: uevent: version 1.0.3
[    0.649924] device-mapper: ioctl: 4.41.0-ioctl (2019-09-16) initialised: dm-devel@redhat.com
[    0.649940] platform eisa.0: Probing EISA bus 0
[    0.649941] platform eisa.0: EISA: Cannot allocate resource for mainboard
[    0.649942] platform eisa.0: Cannot allocate resource for EISA slot 1
[    0.649944] platform eisa.0: Cannot allocate resource for EISA slot 2
[    0.649945] platform eisa.0: Cannot allocate resource for EISA slot 3
[    0.649946] platform eisa.0: Cannot allocate resource for EISA slot 4
[    0.649947] platform eisa.0: Cannot allocate resource for EISA slot 5
[    0.649948] platform eisa.0: Cannot allocate resource for EISA slot 6
[    0.649948] platform eisa.0: Cannot allocate resource for EISA slot 7
[    0.649949] platform eisa.0: Cannot allocate resource for EISA slot 8
[    0.649950] platform eisa.0: EISA: Detected 0 cards
[    0.649954] intel_pstate: CPU model not supported
[    0.649963] ledtrig-cpu: registered to indicate activity on CPUs
[    0.650018] drop_monitor: Initializing network drop monitor service
[    0.650187] NET: Registered protocol family 10
[    0.655140] Segment Routing with IPv6
[    0.655140] fullmesh registered
[    0.655140] ndiffports registered
[    0.655140] binder registered
[    0.655140] roundrobin registered
[    0.655140] redundant registered
[    0.655140] blest registered
[    0.655140] ecf registered
[    0.655140] NET: Registered protocol family 17
[    0.655140] Key type dns_resolver registered
[    0.655140] RAS: Correctable Errors collector initialized.
[    0.655140] IPI shorthand broadcast: enabled
[    0.655140] sched_clock: Marking stable (640034728, 11106188)->(651276221, -135305)
[    0.655719] registered taskstats version 1
[    0.655727] Loading compiled-in X.509 certificates
[    0.656326] Loaded X.509 cert 'Build time autogenerated kernel key: 6909f3744cebb3d0de528d5887b96a727de79b1e'
[    0.656345] zswap: loaded using pool lzo/zbud
[    0.656401] Key type ._fscrypt registered
[    0.656402] Key type .fscrypt registered
[    0.660837] Key type big_key registered
[    0.663015] Key type encrypted registered
[    0.663018] AppArmor: AppArmor sha1 policy hashing enabled
[    0.663024] ima: No TPM chip found, activating TPM-bypass!
[    0.663029] ima: Allocated hash algorithm: sha1
[    0.663034] ima: No architecture policies found
[    0.663043] evm: Initialising EVM extended attributes:
[    0.663044] evm: security.selinux
[    0.663044] evm: security.SMACK64
[    0.663045] evm: security.SMACK64EXEC
[    0.663045] evm: security.SMACK64TRANSMUTE
[    0.663046] evm: security.SMACK64MMAP
[    0.663046] evm: security.apparmor
[    0.663046] evm: security.ima
[    0.663047] evm: security.capability
[    0.663047] evm: HMAC attrs: 0x1
[    0.663343] PM:   Magic number: 10:373:24
[    0.663346] misc cpu_dma_latency: hash matches
[    0.663461] rtc_cmos rtc_cmos: setting system clock to 2026-01-17T11:00:28 UTC (1768647628)
[    0.820252] ata1.00: ATA-6: VBOX HARDDISK, 1.0, max UDMA/133
[    0.820255] ata1.00: 209715200 sectors, multi 128: LBA 
[    0.820913] scsi 0:0:0:0: Direct-Access     ATA      VBOX HARDDISK    1.0  PQ: 0 ANSI: 5
[    0.821206] sd 0:0:0:0: [sda] 209715200 512-byte logical blocks: (107 GB/100 GiB)
[    0.821219] sd 0:0:0:0: [sda] Write Protect is off
[    0.821222] sd 0:0:0:0: [sda] Mode Sense: 00 3a 00 00
[    0.821242] sd 0:0:0:0: [sda] Write cache: enabled, read cache: enabled, doesn't support DPO or FUA
[    0.821564] sd 0:0:0:0: Attached scsi generic sg0 type 0
[    0.822437]  sda: sda1 sda2
[    0.831450] sd 0:0:0:0: [sda] Attached SCSI disk
[    0.836685] Freeing unused decrypted memory: 2040K
[    0.838024] Freeing unused kernel image memory: 2728K
[    0.838028] Write protecting the kernel read-only data: 22528k
[    0.839524] Freeing unused kernel image memory: 2036K
[    0.840308] Freeing unused kernel image memory: 1432K
[    0.875864] x86/mm: Checked W+X mappings: passed, no W+X pages found.
[    0.875868] Run /init as init process
[    0.985217] ACPI: Video Device [GFX0] (multi-head: yes  rom: no  post: no)
[    0.985289] input: Video Bus as /devices/LNXSYSTM:00/LNXSYBUS:00/PNP0A03:00/LNXVIDEO:00/input/input4
[    0.996907] pcnet32: pcnet32.c:v1.35 21.Apr.2008 tsbogend@alpha.franken.de
[    0.998479] piix4_smbus 0000:00:07.0: SMBus Host Controller at 0x4100, revision 0
[    1.002789] e1000: Intel(R) PRO/1000 Network Driver - version 7.3.21-k8-NAPI
[    1.002789] e1000: Copyright (c) 1999-2006 Intel Corporation.
[    1.005025] pcnet32: PCnet/FAST III 79C973 at 0xd020, 08:00:27:0c:dd:d2 assigned IRQ 19
[    1.005069] pcnet32: Found PHY 0022:561b at address 0
[    1.005366] pcnet32: eth0: registered as PCnet/FAST III 79C973
[    1.016412] pcnet32: 1 cards_found
[    1.074775] pcnet32 0000:00:03.0 enp0s3: renamed from eth0
[    1.217976] input: ImExPS/2 Generic Explorer Mouse as /devices/platform/i8042/serio1/input/input5
[    1.414925] e1000 0000:00:08.0 eth0: (PCI:33MHz:32-bit) 08:00:27:a5:81:78
[    1.414929] e1000 0000:00:08.0 eth0: Intel(R) PRO/1000 Network Connection
[    1.787411] e1000 0000:00:09.0 eth1: (PCI:33MHz:32-bit) 08:00:27:ad:89:79
[    1.787414] e1000 0000:00:09.0 eth1: Intel(R) PRO/1000 Network Connection
[    1.788541] e1000 0000:00:09.0 enp0s9: renamed from eth1
[    1.790331] e1000 0000:00:08.0 enp0s8: renamed from eth0
[    1.943503] EXT4-fs (sda2): mounted filesystem with ordered data mode. Opts: (null)
[    2.034174] systemd[1]: Inserted module 'autofs4'
[    2.046302] systemd[1]: systemd 245.4-4ubuntu3 running in system mode. (+PAM +AUDIT +SELINUX +IMA +APPARMOR +SMACK +SYSVINIT +UTMP +LIBCRYPTSETUP +GCRYPT +GNUTLS +ACL +XZ +LZ4 +SECCOMP +BLKID +ELFUTILS +KMOD +IDN2 -IDN +PCRE2 default-hierarchy=hybrid)
[    2.046332] systemd[1]: Detected virtualization oracle.
[    2.046335] systemd[1]: Detected architecture x86-64.
[    2.047672] systemd[1]: Set hostname to <ztg>.
[    2.174977] systemd[1]: /lib/systemd/system/dbus.socket:5: ListenStream= references a path below legacy directory /var/run/, updating /var/run/dbus/system_bus_socket â†’ /run/dbus/system_bus_socket; please update the unit file accordingly.
[    2.228008] systemd[1]: Created slice system-modprobe.slice.
[    2.228190] systemd[1]: Created slice User and Session Slice.
[    2.228232] systemd[1]: Started Forward Password Requests to Wall Directory Watch.
[    2.228395] systemd[1]: Set up automount Arbitrary Executable File Formats File System Automount Point.
[    2.228429] systemd[1]: Reached target User and Group Name Lookups.
[    2.228437] systemd[1]: Reached target Remote File Systems.
[    2.228445] systemd[1]: Reached target Slices.
[    2.229005] systemd[1]: Listening on Syslog Socket.
[    2.229072] systemd[1]: Listening on fsck to fsckd communication Socket.
[    2.229110] systemd[1]: Listening on initctl Compatibility Named Pipe.
[    2.229246] systemd[1]: Listening on Journal Audit Socket.
[    2.229300] systemd[1]: Listening on Journal Socket (/dev/log).
[    2.229367] systemd[1]: Listening on Journal Socket.
[    2.229432] systemd[1]: Listening on udev Control Socket.
[    2.229472] systemd[1]: Listening on udev Kernel Socket.
[    2.230224] systemd[1]: Mounting Huge Pages File System...
[    2.231203] systemd[1]: Mounting POSIX Message Queue File System...
[    2.232113] systemd[1]: Mounting Kernel Debug File System...
[    2.232963] systemd[1]: Mounting Kernel Trace File System...
[    2.234859] systemd[1]: Starting Journal Service...
[    2.257674] systemd[1]: Starting Set the console keyboard layout...
[    2.265480] systemd[1]: Starting Create list of static device nodes for the current kernel...
[    2.267538] systemd[1]: Starting Load Kernel Module drm...
[    2.268701] systemd[1]: Condition check resulted in Set Up Additional Binary Formats being skipped.
[    2.268741] systemd[1]: Condition check resulted in File System Check on Root Device being skipped.
[    2.274807] systemd[1]: Starting Load Kernel Modules...
[    2.284462] systemd[1]: Starting Remount Root and Kernel File Systems...
[    2.296392] systemd[1]: Starting udev Coldplug all Devices...
[    2.305800] systemd[1]: Starting Uncomplicated firewall...
[    2.309220] systemd[1]: Mounted Huge Pages File System.
[    2.309305] systemd[1]: Mounted POSIX Message Queue File System.
[    2.309374] systemd[1]: Mounted Kernel Debug File System.
[    2.309447] systemd[1]: Mounted Kernel Trace File System.
[    2.310332] EXT4-fs (sda2): re-mounted. Opts: errors=remount-ro
[    2.348068] systemd[1]: Finished Create list of static device nodes for the current kernel.
[    2.349172] systemd[1]: modprobe@drm.service: Succeeded.
[    2.349568] systemd[1]: Finished Load Kernel Module drm.
[    2.355995] systemd[1]: Finished Remount Root and Kernel File Systems.
[    2.356857] systemd[1]: Finished Uncomplicated firewall.
[    2.371920] lp: driver loaded but no devices found
[    2.375661] systemd[1]: Condition check resulted in Rebuild Hardware Database being skipped.
[    2.375703] systemd[1]: Condition check resulted in Platform Persistent Storage Archival being skipped.
[    2.376375] systemd[1]: Starting Load/Save Random Seed...
[    2.380941] systemd[1]: Starting Create System Users...
[    2.389990] systemd[1]: Finished Load/Save Random Seed.
[    2.391412] ppdev: user-space parallel port driver
[    2.399295] systemd[1]: Finished Create System Users.
[    2.400559] systemd[1]: Starting Create Static Device Nodes in /dev...
[    2.461336] systemd[1]: Finished Create Static Device Nodes in /dev.
[    2.462181] systemd[1]: Starting udev Kernel Device Manager...
[    2.470179] systemd[1]: Finished udev Coldplug all Devices.
[    2.471136] [drm] DMA map mode: Caching DMA mappings.
[    2.471199] [drm] Capabilities:
[    2.471200] [drm]   Rect copy.
[    2.471200] [drm]   Cursor.
[    2.471200] [drm]   Cursor bypass.
[    2.471201] [drm]   Cursor bypass 2.
[    2.471201] [drm]   Alpha cursor.
[    2.471201] [drm]   Extended Fifo.
[    2.471202] [drm]   Pitchlock.
[    2.471202] [drm]   Irq mask.
[    2.471202] [drm]   GMR.
[    2.471203] [drm]   Traces.
[    2.471203] [drm]   GMR2.
[    2.471203] [drm]   Screen Object 2.
[    2.471204] [drm]   Command Buffers.
[    2.471204] [drm]   Command Buffers 2.
[    2.471204] [drm]   Guest Backed Resources.
[    2.471205] [drm] Max GMR ids is 8192
[    2.471206] [drm] Max number of GMR pages is 1048576
[    2.471207] [drm] Max dedicated hypervisor surface memory is 393216 kiB
[    2.471207] [drm] Maximum display memory size is 131072 kiB
[    2.471208] [drm] VRAM at 0xe0000000 size is 131072 kiB
[    2.471208] [drm] MMIO at 0xf0000000 size is 2048 kiB
[    2.473128] [TTM] Zone  kernel: Available graphics memory: 1011738 KiB
[    2.473129] [TTM] Initializing pool allocator
[    2.473132] [TTM] Initializing DMA pool allocator
[    2.473164] [drm] Supports vblank timestamp caching Rev 2 (21.10.2013).
[    2.473164] [drm] No driver support for vblank timestamp query.
[    2.473416] [drm] Screen Target Display device initialized
[    2.473634] [drm] width 720
[    2.473643] [drm] height 400
[    2.473646] [drm] bpp 32
[    2.474204] [drm] Fifo max 0x00200000 min 0x00001000 cap 0x00000355
[    2.475265] [drm] Using command buffers with DMA pool.
[    2.475269] [drm] DX: no.
[    2.475269] [drm] Atomic: yes.
[    2.475270] [drm] SM4_1: no.
[    2.475288] [drm:vmw_host_log [vmwgfx]] *ERROR* Failed to send host log message.
[    2.476623] [drm:vmw_host_log [vmwgfx]] *ERROR* Failed to send host log message.
[    2.507141] fbcon: svgadrmfb (fb0) is primary device
[    2.509491] Console: switching to colour frame buffer device 100x37
[    2.517030] [drm] Initialized vmwgfx 2.15.0 20180704 for 0000:00:02.0 on minor 0
[    2.517910] systemd[1]: Finished Load Kernel Modules.
[    2.518791] systemd[1]: Mounting FUSE Control File System...
[    2.520170] systemd[1]: Mounting Kernel Configuration File System...
[    2.526037] systemd[1]: Starting Apply Kernel Variables...
[    2.554133] systemd[1]: Finished Set the console keyboard layout.
[    2.554868] systemd[1]: Mounted FUSE Control File System.
[    2.554938] systemd[1]: Reached target Local File Systems (Pre).
[    2.554962] systemd[1]: Condition check resulted in VMware vmblock fuse mount being skipped.
[    2.560008] systemd[1]: Mounting Mount unit for bare, revision 5...
[    2.567836] systemd[1]: Mounting Mount unit for core18, revision 1705...
[    2.591266] systemd[1]: Mounting Mount unit for gnome-3-34-1804, revision 24...
[    2.596495] systemd[1]: Mounting Mount unit for gtk-common-themes, revision 1506...
[    2.610301] systemd[1]: Mounting Mount unit for gtk-common-themes, revision 1535...
[    2.616568] systemd[1]: Mounting Mount unit for snap-store, revision 433...
[    2.623809] systemd[1]: Mounting Mount unit for snapd, revision 7264...
[    2.625970] systemd[1]: Mounted Kernel Configuration File System.
[    2.653701] systemd[1]: Finished Apply Kernel Variables.
[    2.654995] systemd[1]: Mounted Mount unit for bare, revision 5.
[    2.655084] systemd[1]: Mounted Mount unit for core18, revision 1705.
[    2.661414] systemd[1]: Mounted Mount unit for gnome-3-34-1804, revision 24.
[    2.662197] systemd[1]: Mounted Mount unit for gtk-common-themes, revision 1506.
[    2.687498] systemd[1]: Mounted Mount unit for gtk-common-themes, revision 1535.
[    2.697605] systemd[1]: Started udev Kernel Device Manager.
[    2.698340] systemd[1]: Starting Show Plymouth Boot Screen...
[    2.702452] systemd[1]: Received SIGRTMIN+20 from PID 272 (plymouthd).
[    2.709351] systemd[1]: Mounted Mount unit for snap-store, revision 433.
[    2.728671] systemd[1]: Mounted Mount unit for snapd, revision 7264.
[    2.728882] systemd[1]: Started Show Plymouth Boot Screen.
[    2.729054] systemd[1]: Condition check resulted in Dispatch Password Requests to Console Directory Watch being skipped.
[    2.729129] systemd[1]: Started Forward Password Requests to Plymouth Directory Watch.
[    2.729193] systemd[1]: Reached target Local Encrypted Volumes.
[    2.729248] systemd[1]: Reached target Local File Systems.
[    2.731548] systemd[1]: Starting Load AppArmor profiles...
[    2.732347] systemd[1]: Starting Set console font and keymap...
[    2.745452] systemd[1]: Starting Tell Plymouth To Write Out Runtime Data...
[    2.746928] systemd[1]: Condition check resulted in Store a System Token in an EFI Variable being skipped.
[    2.746985] systemd[1]: Condition check resulted in Commit a transient machine-id on disk being skipped.
[    2.749409] systemd[1]: Finished Set console font and keymap.
[    2.758935] systemd[1]: Received SIGRTMIN+20 from PID 272 (plymouthd).
[    2.760575] systemd[1]: plymouth-read-write.service: Succeeded.
[    2.760810] systemd[1]: Finished Tell Plymouth To Write Out Runtime Data.
[    2.790620] audit: type=1400 audit(1768647630.620:2): apparmor="STATUS" operation="profile_load" profile="unconfined" name="nvidia_modprobe" pid=299 comm="apparmor_parser"
[    2.790623] audit: type=1400 audit(1768647630.620:3): apparmor="STATUS" operation="profile_load" profile="unconfined" name="nvidia_modprobe//kmod" pid=299 comm="apparmor_parser"
[    2.813241] audit: type=1400 audit(1768647630.644:4): apparmor="STATUS" operation="profile_load" profile="unconfined" name="/usr/sbin/tcpdump" pid=300 comm="apparmor_parser"
[    2.843154] audit: type=1400 audit(1768647630.668:5): apparmor="STATUS" operation="profile_load" profile="unconfined" name="/usr/bin/evince" pid=302 comm="apparmor_parser"
[    2.843156] audit: type=1400 audit(1768647630.668:6): apparmor="STATUS" operation="profile_load" profile="unconfined" name="/usr/bin/evince//sanitized_helper" pid=302 comm="apparmor_parser"
[    2.843158] audit: type=1400 audit(1768647630.668:7): apparmor="STATUS" operation="profile_load" profile="unconfined" name="/usr/bin/evince-previewer" pid=302 comm="apparmor_parser"
[    2.843160] audit: type=1400 audit(1768647630.668:8): apparmor="STATUS" operation="profile_load" profile="unconfined" name="/usr/bin/evince-previewer//sanitized_helper" pid=302 comm="apparmor_parser"
[    2.843161] audit: type=1400 audit(1768647630.668:9): apparmor="STATUS" operation="profile_load" profile="unconfined" name="/usr/bin/evince-thumbnailer" pid=302 comm="apparmor_parser"
[    2.860113] audit: type=1400 audit(1768647630.692:10): apparmor="STATUS" operation="profile_load" profile="unconfined" name="/usr/lib/cups/backend/cups-pdf" pid=303 comm="apparmor_parser"
[    2.942174] systemd[1]: Finished Load AppArmor profiles.
[    2.943088] systemd[1]: Starting Load AppArmor profiles managed internally by snapd...
[    3.010444] systemd[1]: Finished Load AppArmor profiles managed internally by snapd.
[    3.168856] systemd[1]: Started Journal Service.
[    3.175840] systemd-journald[229]: Received client request to flush runtime journal.
[    3.180836] systemd-journald[229]: File /var/log/journal/c455b248004a419c87ce85eea238d727/system.journal corrupted or uncleanly shut down, renaming and replacing.
[    4.604577] RAPL PMU: API unit is 2^-32 Joules, 0 fixed counters, 10737418240 ms ovfl timer
[    4.624348] cryptd: max_cpu_qlen set to 1000
[    4.634847] AVX2 version of gcm_enc/dec engaged.
[    4.634848] AES CTR mode by8 optimization enabled
[    5.536687] Adding 1998844k swap on /dev/sda1.  Priority:-2 extents:1 across:1998844k FS
[    7.428895] kauditd_printk_skb: 30 callbacks suppressed
[    7.428897] audit: type=1400 audit(1768647635.260:41): apparmor="DENIED" operation="capable" profile="/usr/sbin/cups-browsed" pid=497 comm="cups-browsed" capability=23  capname="sys_nice"
[    7.909305] pcnet32 0000:00:03.0 enp0s3: link up, 100Mbps, full-duplex
[    7.946398] e1000: enp0s8 NIC Link is Up 1000 Mbps Full Duplex, Flow Control: RX
[    7.946673] IPv6: ADDRCONF(NETDEV_CHANGE): enp0s8: link becomes ready
[    7.959326] e1000: enp0s9 NIC Link is Up 1000 Mbps Full Duplex, Flow Control: RX
[    7.959660] IPv6: ADDRCONF(NETDEV_CHANGE): enp0s9: link becomes ready
[    8.519990] device enp0s3 entered promiscuous mode
[    8.552161] audit: type=1400 audit(1768647636.388:42): apparmor="DENIED" operation="open" profile="/usr/sbin/tcpdump" name="/proc/sys/kernel/random/boot_id" pid=672 comm="tcpdump" requested_mask="r" denied_mask="r" fsuid=0 ouid=0
[    8.552441] audit: type=1400 audit(1768647636.388:43): apparmor="DENIED" operation="open" profile="/usr/sbin/tcpdump" name="/proc/sys/kernel/random/boot_id" pid=672 comm="tcpdump" requested_mask="r" denied_mask="r" fsuid=0 ouid=0
[    8.552869] audit: type=1400 audit(1768647636.388:44): apparmor="DENIED" operation="open" profile="/usr/sbin/tcpdump" name="/proc/sys/kernel/random/boot_id" pid=672 comm="tcpdump" requested_mask="r" denied_mask="r" fsuid=0 ouid=0
[    8.553110] audit: type=1400 audit(1768647636.388:45): apparmor="DENIED" operation="open" profile="/usr/sbin/tcpdump" name="/proc/sys/kernel/random/boot_id" pid=672 comm="tcpdump" requested_mask="r" denied_mask="r" fsuid=0 ouid=0
[    8.559644] audit: type=1400 audit(1768647636.392:46): apparmor="DENIED" operation="open" profile="/usr/sbin/tcpdump" name="/proc/sys/kernel/random/boot_id" pid=673 comm="tcpdump" requested_mask="r" denied_mask="r" fsuid=0 ouid=0
[    8.564288] audit: type=1400 audit(1768647636.396:47): apparmor="DENIED" operation="open" profile="/usr/sbin/tcpdump" name="/proc/sys/kernel/random/boot_id" pid=673 comm="tcpdump" requested_mask="r" denied_mask="r" fsuid=0 ouid=0
[    8.564337] audit: type=1400 audit(1768647636.396:48): apparmor="DENIED" operation="open" profile="/usr/sbin/tcpdump" name="/proc/sys/kernel/random/boot_id" pid=673 comm="tcpdump" requested_mask="r" denied_mask="r" fsuid=0 ouid=0
[    8.564405] audit: type=1400 audit(1768647636.396:49): apparmor="DENIED" operation="open" profile="/usr/sbin/tcpdump" name="/proc/sys/kernel/random/boot_id" pid=673 comm="tcpdump" requested_mask="r" denied_mask="r" fsuid=0 ouid=0
[   13.282999] rfkill: input handler disabled
[  215.466136] AAAAA-TCP_FORW: name:enp0s3: saddr:100932208: daddr:16783984
[  215.583441] AAAAA-TCP_FORW: name:enp0s3: saddr:100932208: daddr:16783984
[  215.815294] AAAAA-TCP_FORW: name:enp0s3: saddr:100932208: daddr:33561200
[  216.307924] AAAAA-TCP_FORW: name:enp0s3: saddr:100932208: daddr:33561200
[  216.438457] AAAAA-TCP_FORW: name:enp0s3: saddr:100932208: daddr:33561200
[  216.559129] AAAAA-TCP_FORW: name:enp0s3: saddr:100932208: daddr:33561200
[  216.611543] AAAAA-TCP_FORW: name:enp0s3: saddr:100932208: daddr:33561200
[  216.839503] AAAAA-TCP_FORW: name:enp0s3: saddr:100932208: daddr:16783984
[  217.065994] AAAAA-TCP_FORW: name:enp0s3: saddr:100932208: daddr:16783984
[  217.171822] AAAAA-TCP_FORW: name:enp0s3: saddr:100932208: daddr:33561200
[  217.459625] AAAAA-TCP_FORW: name:enp0s3: saddr:100932208: daddr:16783984
[  217.744368] AAAAA-TCP_FORW: name:enp0s3: saddr:100932208: daddr:33561200
[  217.919368] AAAAA-TCP_FORW: name:enp0s3: saddr:100932208: daddr:33561200
[  218.035498] AAAAA-TCP_FORW: name:enp0s3: saddr:100932208: daddr:33561200
[  218.105462] AAAAA-TCP_FORW: name:enp0s3: saddr:100932208: daddr:33561200
[  218.430521] AAAAA-TCP_FORW: name:enp0s3: saddr:100932208: daddr:33561200
[  218.534135] AAAAA-TCP_FORW: name:enp0s3: saddr:100932208: daddr:33561200
[  218.536792] AAAAA-TCP_FORW: name:enp0s3: saddr:100932208: daddr:33561200
[  218.846662] AAAAA-TCP_FORW: name:enp0s3: saddr:100932208: daddr:33561200
[  218.930623] AAAAA-TCP_FORW: name:enp0s3: saddr:100932208: daddr:33561200
[  219.062251] AAAAA-TCP_FORW: name:enp0s3: saddr:100932208: daddr:33561200
[  219.247423] AAAAA-TCP_FORW: name:enp0s3: saddr:100932208: daddr:33561200
[  219.355288] AAAAA-TCP_FORW: name:enp0s3: saddr:100932208: daddr:16783984
[  219.665484] AAAAA-TCP_FORW: name:enp0s3: saddr:100932208: daddr:16783984
[  219.715108] AAAAA-TCP_FORW: name:enp0s3: saddr:100932208: daddr:16783984
[  219.775791] AAAAA-TCP_FORW: name:enp0s3: saddr:100932208: daddr:16783984
[  219.943255] AAAAA-TCP_FORW: name:enp0s3: saddr:100932208: daddr:16783984
[  219.946405] AAAAA-TCP_FORW: name:enp0s3: saddr:100932208: daddr:16783984
[  220.147819] AAAAA-TCP_FORW: name:enp0s3: saddr:100932208: daddr:16783984
[  220.458650] AAAAA-TCP_FORW: name:enp0s3: saddr:100932208: daddr:16783984
[  220.671448] AAAAA-TCP_FORW: name:enp0s3: saddr:100932208: daddr:16783984
[  220.742092] AAAAA-TCP_FORW: name:enp0s3: saddr:100932208: daddr:33561200
[  220.804962] AAAAA-TCP_FORW: name:enp0s3: saddr:100932208: daddr:33561200
[  220.888554] AAAAA-TCP_FORW: name:enp0s3: saddr:100932208: daddr:16783984
[  221.016382] AAAAA-TCP_FORW: name:enp0s3: saddr:100932208: daddr:16783984
[  221.091271] AAAAA-TCP_FORW: name:enp0s3: saddr:100932208: daddr:16783984
[  221.191632] AAAAA-TCP_FORW: name:enp0s3: saddr:100932208: daddr:33561200
[  221.249034] AAAAA-TCP_FORW: name:enp0s3: saddr:100932208: daddr:33561200
[  221.299289] AAAAA-TCP_FORW: name:enp0s3: saddr:100932208: daddr:16783984
[  221.370286] AAAAA-TCP_FORW: name:enp0s3: saddr:100932208: daddr:16783984
[  221.432275] AAAAA-TCP_FORW: name:enp0s3: saddr:100932208: daddr:33561200
[  221.466560] AAAAA-TCP_FORW: name:enp0s3: saddr:100932208: daddr:16783984
[  221.592332] AAAAA-TCP_FORW: name:enp0s3: saddr:100932208: daddr:33561200
[  221.625663] AAAAA-TCP_FORW: name:enp0s3: saddr:100932208: daddr:33561200
[  235.586390] AAAAA-TCP_FORW: name:enp0s3: saddr:100932208: daddr:33561200
[  235.760254] AAAAA-TCP_FORW: name:enp0s3: saddr:100932208: daddr:33561200
[  235.800783] AAAAA-TCP_FORW: name:enp0s3: saddr:100932208: daddr:33561200
[  235.943953] AAAAA-TCP_FORW: name:enp0s3: saddr:100932208: daddr:33561200
[  236.205917] AAAAA-TCP_FORW: name:enp0s3: saddr:100932208: daddr:33561200
[  236.288823] AAAAA-TCP_FORW: name:enp0s3: saddr:100932208: daddr:33561200
[  236.487026] AAAAA-TCP_FORW: name:enp0s3: saddr:100932208: daddr:33561200
[  236.541529] AAAAA-TCP_FORW: name:enp0s3: saddr:100932208: daddr:33561200
[  236.784851] AAAAA-TCP_FORW: name:enp0s3: saddr:100932208: daddr:33561200
[  236.971018] AAAAA-TCP_FORW: name:enp0s3: saddr:100932208: daddr:33561200
[  237.060240] AAAAA-TCP_FORW: name:enp0s3: saddr:100932208: daddr:33561200
[  237.243089] AAAAA-TCP_FORW: name:enp0s3: saddr:100932208: daddr:16783984
[  237.398956] AAAAA-TCP_FORW: name:enp0s3: saddr:100932208: daddr:16783984
[  237.520982] AAAAA-TCP_FORW: name:enp0s3: saddr:100932208: daddr:16783984
[  237.649137] AAAAA-TCP_FORW: name:enp0s3: saddr:100932208: daddr:16783984
[  237.773397] AAAAA-TCP_FORW: name:enp0s3: saddr:100932208: daddr:16783984
[  237.939537] AAAAA-TCP_FORW: name:enp0s3: saddr:100932208: daddr:16783984
[  238.045532] AAAAA-TCP_FORW: name:enp0s3: saddr:100932208: daddr:16783984
[  238.126078] AAAAA-TCP_FORW: name:enp0s3: saddr:100932208: daddr:16783984
[  238.254670] AAAAA-TCP_FORW: name:enp0s3: saddr:100932208: daddr:16783984
[  238.341359] AAAAA-TCP_FORW: name:enp0s3: saddr:100932208: daddr:16783984
[  238.454966] AAAAA-TCP_FORW: name:enp0s3: saddr:100932208: daddr:16783984
[  238.565196] AAAAA-TCP_FORW: name:enp0s3: saddr:100932208: daddr:16783984
[  238.699893] AAAAA-TCP_FORW: name:enp0s3: saddr:100932208: daddr:16783984
[  238.869604] AAAAA-TCP_FORW: name:enp0s3: saddr:100932208: daddr:16783984
[  238.963311] AAAAA-TCP_FORW: name:enp0s3: saddr:100932208: daddr:16783984
[  239.063315] AAAAA-TCP_FORW: name:enp0s3: saddr:100932208: daddr:16783984
[  239.481822] AAAAA-TCP_FORW: name:enp0s3: saddr:100932208: daddr:33561200
[  239.548562] AAAAA-TCP_FORW: name:enp0s3: saddr:100932208: daddr:33561200
[  239.575587] AAAAA-TCP_FORW: name:enp0s3: saddr:33561200: daddr:100932208
[  239.662857] AAAAA-TCP_FORW: name:enp0s3: saddr:33561200: daddr:100932208
[  239.959162] AAAAA-TCP_FORW: name:enp0s3: saddr:100932208: daddr:33561200
[  239.996594] AAAAA-TCP_FORW: name:enp0s3: saddr:33561200: daddr:100932208
[  240.005564] AAAAA-TCP_FORW: name:enp0s3: saddr:100932208: daddr:33561200
[  240.271280] AAAAA-TCP_FORW: name:enp0s3: saddr:33561200: daddr:100932208
[  240.298405] AAAAA-TCP_FORW: name:enp0s3: saddr:100932208: daddr:33561200
[  240.550045] AAAAA-TCP_FORW: name:enp0s3: saddr:33561200: daddr:100932208
[  240.676392] AAAAA-TCP_FORW: name:enp0s3: saddr:100932208: daddr:33561200
[  240.719348] AAAAA-TCP_FORW: name:enp0s3: saddr:100932208: daddr:33561200
[  240.741832] AAAAA-TCP_FORW: name:enp0s3: saddr:33561200: daddr:100932208
[  240.781245] AAAAA-TCP_FORW: name:enp0s3: saddr:100932208: daddr:33561200
[  240.889416] AAAAA-TCP_FORW: name:enp0s3: saddr:100932208: daddr:33561200
[  240.921593] AAAAA-TCP_FORW: name:enp0s3: saddr:33561200: daddr:100932208
[  240.954704] AAAAA-TCP_FORW: name:enp0s3: saddr:100932208: daddr:33561200
[  241.032555] AAAAA-TCP_FORW: name:enp0s3: saddr:100932208: daddr:33561200
[  241.092811] AAAAA-TCP_FORW: name:enp0s3: saddr:33561200: daddr:100932208
[  241.273024] AAAAA-TCP_FORW: name:enp0s3: saddr:100932208: daddr:33561200
[  241.363710] AAAAA-TCP_FORW: name:enp0s3: saddr:100932208: daddr:33561200
[  241.665321] AAAAA-TCP_FORW: name:enp0s3: saddr:100932208: daddr:33561200
[  241.908459] AAAAA-TCP_FORW: name:enp0s3: saddr:100932208: daddr:33561200
[  242.342054] AAAAA-TCP_FORW: name:enp0s3: saddr:100932208: daddr:16783984
[  242.425595] AAAAA-TCP_FORW: name:enp0s3: saddr:100932208: daddr:16783984
[  242.465910] AAAAA-TCP_FORW: name:enp0s3: saddr:100932208: daddr:16783984
[  242.546704] AAAAA-TCP_FORW: name:enp0s3: saddr:100932208: daddr:16783984
[  242.583921] AAAAA-TCP_FORW: name:enp0s3: saddr:100932208: daddr:16783984
[  242.689116] AAAAA-TCP_FORW: name:enp0s3: saddr:100932208: daddr:16783984
[  242.821713] AAAAA-TCP_FORW: name:enp0s3: saddr:100932208: daddr:16783984
[  242.908558] AAAAA-TCP_FORW: name:enp0s3: saddr:100932208: daddr:16783984
[  242.981791] AAAAA-TCP_FORW: name:enp0s3: saddr:100932208: daddr:16783984
[  243.141389] AAAAA-TCP_FORW: name:enp0s3: saddr:100932208: daddr:16783984
[  243.236637] AAAAA-TCP_FORW: name:enp0s3: saddr:100932208: daddr:16783984
[  243.381230] AAAAA-TCP_FORW: name:enp0s3: saddr:100932208: daddr:16783984
[  243.462742] AAAAA-TCP_FORW: name:enp0s3: saddr:100932208: daddr:16783984
[  249.247048] AAAAA-TCP_FORW: name:enp0s3: saddr:100932208: daddr:33561200
[  249.327842] AAAAA-TCP_FORW: name:enp0s3: saddr:100932208: daddr:33561200
[  249.574751] AAAAA-TCP_FORW: name:enp0s3: saddr:100932208: daddr:33561200
[  249.639261] AAAAA-TCP_FORW: name:enp0s3: saddr:100932208: daddr:33561200
[  249.748089] AAAAA-TCP_FORW: name:enp0s3: saddr:100932208: daddr:33561200
[  249.862555] AAAAA-TCP_FORW: name:enp0s3: saddr:100932208: daddr:33561200
[  250.007340] AAAAA-TCP_FORW: name:enp0s3: saddr:100932208: daddr:33561200
[  250.079926] AAAAA-TCP_FORW: name:enp0s3: saddr:100932208: daddr:33561200
[  250.183200] AAAAA-TCP_FORW: name:enp0s3: saddr:100932208: daddr:33561200
[  250.269528] AAAAA-TCP_FORW: name:enp0s3: saddr:100932208: daddr:16783984
[  250.349452] AAAAA-TCP_FORW: name:enp0s3: saddr:100932208: daddr:16783984
[  250.477889] AAAAA-TCP_FORW: name:enp0s3: saddr:100932208: daddr:16783984
[  250.569797] AAAAA-TCP_FORW: name:enp0s3: saddr:100932208: daddr:16783984
[  250.666756] AAAAA-TCP_FORW: name:enp0s3: saddr:100932208: daddr:16783984
[  250.737103] AAAAA-TCP_FORW: name:enp0s3: saddr:100932208: daddr:16783984
[  250.855039] AAAAA-TCP_FORW: name:enp0s3: saddr:100932208: daddr:16783984
[  250.963299] AAAAA-TCP_FORW: name:enp0s3: saddr:100932208: daddr:16783984
[  251.122191] AAAAA-TCP_FORW: name:enp0s3: saddr:100932208: daddr:16783984
[  251.200058] AAAAA-TCP_FORW: name:enp0s3: saddr:100932208: daddr:16783984
[  251.305023] AAAAA-TCP_FORW: name:enp0s3: saddr:100932208: daddr:16783984
[  251.405997] AAAAA-TCP_FORW: name:enp0s3: saddr:100932208: daddr:16783984
[  251.493793] AAAAA-TCP_FORW: name:enp0s3: saddr:100932208: daddr:16783984
[  251.568923] AAAAA-TCP_FORW: name:enp0s3: saddr:100932208: daddr:16783984
[  251.647716] AAAAA-TCP_FORW: name:enp0s3: saddr:100932208: daddr:16783984
[  251.716763] AAAAA-TCP_FORW: name:enp0s3: saddr:100932208: daddr:16783984
[  251.789592] AAAAA-TCP_FORW: name:enp0s3: saddr:100932208: daddr:33561200
[  251.860190] AAAAA-TCP_FORW: name:enp0s3: saddr:100932208: daddr:33561200
[  251.917221] AAAAA-TCP_FORW: name:enp0s3: saddr:100932208: daddr:33561200
[  251.984476] AAAAA-TCP_FORW: name:enp0s3: saddr:100932208: daddr:33561200
[  252.085308] AAAAA-TCP_FORW: name:enp0s3: saddr:100932208: daddr:33561200
[  252.115464] AAAAA-TCP_FORW: name:enp0s3: saddr:100932208: daddr:33561200
[  252.196298] AAAAA-TCP_FORW: name:enp0s3: saddr:100932208: daddr:33561200
[  252.310345] AAAAA-TCP_FORW: name:enp0s3: saddr:100932208: daddr:33561200
[  252.405473] AAAAA-TCP_FORW: name:enp0s3: saddr:100932208: daddr:33561200
[  252.522550] AAAAA-TCP_FORW: name:enp0s3: saddr:100932208: daddr:33561200
[  252.565104] AAAAA-TCP_FORW: name:enp0s3: saddr:100932208: daddr:33561200
[  252.675233] AAAAA-TCP_FORW: name:enp0s3: saddr:100932208: daddr:33561200
[  252.765249] AAAAA-TCP_FORW: name:enp0s3: saddr:100932208: daddr:33561200
[  252.874883] AAAAA-TCP_FORW: name:enp0s3: saddr:100932208: daddr:33561200
[  252.921886] AAAAA-TCP_FORW: name:enp0s3: saddr:100932208: daddr:33561200
[  253.036955] AAAAA-TCP_FORW: name:enp0s3: saddr:100932208: daddr:16783984
[  253.120520] AAAAA-TCP_FORW: name:enp0s3: saddr:100932208: daddr:33561200
[  253.253964] AAAAA-TCP_FORW: name:enp0s3: saddr:100932208: daddr:33561200
[  253.285429] AAAAA-TCP_FORW: name:enp0s3: saddr:100932208: daddr:16783984
[  253.407164] AAAAA-TCP_FORW: name:enp0s3: saddr:100932208: daddr:16783984
[  253.498067] AAAAA-TCP_FORW: name:enp0s3: saddr:100932208: daddr:16783984
[  253.566944] AAAAA-TCP_FORW: name:enp0s3: saddr:100932208: daddr:16783984
[  253.696106] AAAAA-TCP_FORW: name:enp0s3: saddr:100932208: daddr:16783984
[  253.726470] AAAAA-TCP_FORW: name:enp0s3: saddr:100932208: daddr:16783984
[  253.805702] AAAAA-TCP_FORW: name:enp0s3: saddr:100932208: daddr:16783984
[  253.883068] AAAAA-TCP_FORW: name:enp0s3: saddr:100932208: daddr:16783984
[  254.016896] AAAAA-TCP_FORW: name:enp0s3: saddr:100932208: daddr:16783984
[  254.142933] AAAAA-TCP_FORW: name:enp0s3: saddr:100932208: daddr:16783984
[  254.198474] AAAAA-TCP_FORW: name:enp0s3: saddr:100932208: daddr:16783984
[  254.243300] AAAAA-TCP_FORW: name:enp0s3: saddr:100932208: daddr:16783984
[  254.321262] AAAAA-TCP_FORW: name:enp0s3: saddr:100932208: daddr:16783984
[  254.442533] AAAAA-TCP_FORW: name:enp0s3: saddr:100932208: daddr:16783984
[  254.540727] AAAAA-TCP_FORW: name:enp0s3: saddr:100932208: daddr:16783984
[  254.640415] AAAAA-TCP_FORW: name:enp0s3: saddr:100932208: daddr:16783984
[  254.741940] AAAAA-TCP_FORW: name:enp0s3: saddr:100932208: daddr:16783984
[  254.837504] AAAAA-TCP_FORW: name:enp0s3: saddr:100932208: daddr:16783984
[  254.977683] AAAAA-TCP_FORW: name:enp0s3: saddr:100932208: daddr:16783984
[  255.073725] AAAAA-TCP_FORW: name:enp0s3: saddr:100932208: daddr:33561200
[  255.129318] AAAAA-TCP_FORW: name:enp0s3: saddr:100932208: daddr:33561200
[  255.394564] AAAAA-TCP_FORW: name:enp0s3: saddr:100932208: daddr:33561200
[  255.449676] AAAAA-TCP_FORW: name:enp0s3: saddr:100932208: daddr:33561200
[  255.627822] AAAAA-TCP_FORW: name:enp0s3: saddr:100932208: daddr:33561200
[  255.672991] AAAAA-TCP_FORW: name:enp0s3: saddr:100932208: daddr:33561200
[  255.806143] AAAAA-TCP_FORW: name:enp0s3: saddr:100932208: daddr:33561200
[  255.841844] AAAAA-TCP_FORW: name:enp0s3: saddr:100932208: daddr:33561200
[  256.067850] AAAAA-TCP_FORW: name:enp0s3: saddr:100932208: daddr:33561200
[  256.206004] AAAAA-TCP_FORW: name:enp0s3: saddr:100932208: daddr:33561200
[  256.320005] AAAAA-TCP_FORW: name:enp0s3: saddr:100932208: daddr:33561200
[  256.414904] AAAAA-TCP_FORW: name:enp0s3: saddr:100932208: daddr:33561200
[  256.524927] AAAAA-TCP_FORW: name:enp0s3: saddr:100932208: daddr:33561200
[  256.688173] AAAAA-TCP_FORW: name:enp0s3: saddr:100932208: daddr:33561200
[  256.738810] AAAAA-TCP_FORW: name:enp0s3: saddr:100932208: daddr:33561200
[  256.808599] AAAAA-TCP_FORW: name:enp0s3: saddr:100932208: daddr:33561200
[  256.835391] AAAAA-TCP_FORW: name:enp0s3: saddr:100932208: daddr:16783984
[  256.928356] AAAAA-TCP_FORW: name:enp0s3: saddr:100932208: daddr:33561200
[  257.048123] AAAAA-TCP_FORW: name:enp0s3: saddr:100932208: daddr:33561200
[  257.121600] AAAAA-TCP_FORW: name:enp0s3: saddr:100932208: daddr:33561200
[  257.169954] AAAAA-TCP_FORW: name:enp0s3: saddr:100932208: daddr:16783984
[  257.284602] AAAAA-TCP_FORW: name:enp0s3: saddr:100932208: daddr:16783984
[  257.379877] AAAAA-TCP_FORW: name:enp0s3: saddr:100932208: daddr:16783984
[  257.439828] AAAAA-TCP_FORW: name:enp0s3: saddr:100932208: daddr:16783984
[  257.539905] AAAAA-TCP_FORW: name:enp0s3: saddr:100932208: daddr:16783984
[  257.672323] AAAAA-TCP_FORW: name:enp0s3: saddr:100932208: daddr:16783984
[  257.741183] AAAAA-TCP_FORW: name:enp0s3: saddr:100932208: daddr:16783984
[  257.914842] AAAAA-TCP_FORW: name:enp0s3: saddr:100932208: daddr:16783984
[  257.996444] AAAAA-TCP_FORW: name:enp0s3: saddr:100932208: daddr:16783984
[  258.021427] AAAAA-TCP_FORW: name:enp0s3: saddr:100932208: daddr:16783984
[  258.136959] AAAAA-TCP_FORW: name:enp0s3: saddr:100932208: daddr:16783984
[  258.246149] AAAAA-TCP_FORW: name:enp0s3: saddr:100932208: daddr:16783984
[  258.366402] AAAAA-TCP_FORW: name:enp0s3: saddr:100932208: daddr:16783984
[  258.497888] AAAAA-TCP_FORW: name:enp0s3: saddr:100932208: daddr:16783984
[  258.588879] AAAAA-TCP_FORW: name:enp0s3: saddr:100932208: daddr:16783984
[  258.693010] AAAAA-TCP_FORW: name:enp0s3: saddr:100932208: daddr:16783984
[  258.804945] AAAAA-TCP_FORW: name:enp0s3: saddr:100932208: daddr:16783984
[  258.925007] AAAAA-TCP_FORW: name:enp0s3: saddr:100932208: daddr:16783984
[  259.011688] AAAAA-TCP_FORW: name:enp0s3: saddr:100932208: daddr:16783984
[  259.175683] AAAAA-TCP_FORW: name:enp0s3: saddr:100932208: daddr:16783984
[  259.274874] AAAAA-TCP_FORW: name:enp0s3: saddr:100932208: daddr:16783984
[  259.460900] AAAAA-TCP_FORW: name:enp0s3: saddr:100932208: daddr:16783984
[  259.494432] AAAAA-TCP_FORW: name:enp0s3: saddr:100932208: daddr:16783984
[  259.536556] AAAAA-TCP_FORW: name:enp0s3: saddr:100932208: daddr:16783984
[  259.602693] AAAAA-TCP_FORW: name:enp0s3: saddr:100932208: daddr:33561200
[  259.682332] AAAAA-TCP_FORW: name:enp0s3: saddr:100932208: daddr:33561200
[  259.772000] AAAAA-TCP_FORW: name:enp0s3: saddr:100932208: daddr:33561200
[  259.840441] AAAAA-TCP_FORW: name:enp0s3: saddr:100932208: daddr:33561200
[  259.982818] AAAAA-TCP_FORW: name:enp0s3: saddr:100932208: daddr:33561200
[  260.155801] AAAAA-TCP_FORW: name:enp0s3: saddr:100932208: daddr:33561200
[  260.716067] AAAAA-TCP_FORW: name:enp0s3: saddr:100932208: daddr:33561200
[  260.829085] AAAAA-TCP_FORW: name:enp0s3: saddr:100932208: daddr:33561200
[  260.947780] AAAAA-TCP_FORW: name:enp0s3: saddr:100932208: daddr:33561200
[  261.240318] AAAAA-TCP_FORW: name:enp0s3: saddr:100932208: daddr:33561200
[  261.384850] AAAAA-TCP_FORW: name:enp0s3: saddr:100932208: daddr:33561200
[  261.487857] AAAAA-TCP_FORW: name:enp0s3: saddr:100932208: daddr:33561200
[  261.660211] AAAAA-TCP_FORW: name:enp0s3: saddr:100932208: daddr:33561200
[  261.743301] AAAAA-TCP_FORW: name:enp0s3: saddr:100932208: daddr:33561200
[  261.846387] AAAAA-TCP_FORW: name:enp0s3: saddr:100932208: daddr:33561200
[  261.957739] AAAAA-TCP_FORW: name:enp0s3: saddr:100932208: daddr:33561200
[  262.086263] AAAAA-TCP_FORW: name:enp0s3: saddr:100932208: daddr:33561200
[  262.251807] AAAAA-TCP_FORW: name:enp0s3: saddr:100932208: daddr:33561200
[  262.356151] AAAAA-TCP_FORW: name:enp0s3: saddr:100932208: daddr:33561200
[  262.438226] AAAAA-TCP_FORW: name:enp0s3: saddr:100932208: daddr:33561200
[  262.594236] AAAAA-TCP_FORW: name:enp0s3: saddr:100932208: daddr:33561200
[  262.820011] AAAAA-TCP_FORW: name:enp0s3: saddr:100932208: daddr:33561200
[  262.930966] AAAAA-TCP_FORW: name:enp0s3: saddr:100932208: daddr:33561200
[  263.020606] AAAAA-TCP_FORW: name:enp0s3: saddr:100932208: daddr:33561200
[  263.194396] AAAAA-TCP_FORW: name:enp0s3: saddr:100932208: daddr:16783984
[  263.358231] AAAAA-TCP_FORW: name:enp0s3: saddr:100932208: daddr:16783984
[  263.481652] AAAAA-TCP_FORW: name:enp0s3: saddr:100932208: daddr:33561200
[  263.649061] AAAAA-TCP_FORW: name:enp0s3: saddr:100932208: daddr:33561200
[  263.894767] AAAAA-TCP_FORW: name:enp0s3: saddr:100932208: daddr:33561200
[  263.999210] AAAAA-TCP_FORW: name:enp0s3: saddr:100932208: daddr:33561200
[  264.402645] AAAAA-TCP_FORW: name:enp0s3: saddr:100932208: daddr:16783984
[  264.487739] AAAAA-TCP_FORW: name:enp0s3: saddr:100932208: daddr:16783984
[  264.656486] AAAAA-TCP_FORW: name:enp0s3: saddr:100932208: daddr:16783984
[  264.757262] AAAAA-TCP_FORW: name:enp0s3: saddr:100932208: daddr:16783984
[  264.932888] AAAAA-TCP_FORW: name:enp0s3: saddr:100932208: daddr:16783984
[  265.051671] AAAAA-TCP_FORW: name:enp0s3: saddr:100932208: daddr:16783984
[  265.175912] AAAAA-TCP_FORW: name:enp0s3: saddr:100932208: daddr:16783984
[  265.310498] AAAAA-TCP_FORW: name:enp0s3: saddr:100932208: daddr:16783984
[  265.417883] AAAAA-TCP_FORW: name:enp0s3: saddr:100932208: daddr:16783984
[  265.468826] AAAAA-TCP_FORW: name:enp0s3: saddr:100932208: daddr:16783984
[  265.647991] AAAAA-TCP_FORW: name:enp0s3: saddr:100932208: daddr:16783984
[  265.978125] AAAAA-TCP_FORW: name:enp0s3: saddr:100932208: daddr:16783984
[  266.130014] AAAAA-TCP_FORW: name:enp0s3: saddr:100932208: daddr:16783984
[  266.312794] AAAAA-TCP_FORW: name:enp0s3: saddr:100932208: daddr:16783984
[  266.523883] AAAAA-TCP_FORW: name:enp0s3: saddr:100932208: daddr:16783984
[  266.875001] AAAAA-TCP_FORW: name:enp0s3: saddr:100932208: daddr:16783984
[  266.977839] AAAAA-TCP_FORW: name:enp0s3: saddr:100932208: daddr:16783984
[  267.210241] AAAAA-TCP_FORW: name:enp0s3: saddr:100932208: daddr:16783984
[  267.552898] AAAAA-TCP_FORW: name:enp0s3: saddr:100932208: daddr:16783984
[  267.844989] AAAAA-TCP_FORW: name:enp0s3: saddr:100932208: daddr:16783984
[  267.982282] AAAAA-TCP_FORW: name:enp0s3: saddr:100932208: daddr:16783984
[  268.127275] AAAAA-TCP_FORW: name:enp0s3: saddr:100932208: daddr:16783984
[  268.300304] AAAAA-TCP_FORW: name:enp0s3: saddr:100932208: daddr:16783984
[  268.489349] AAAAA-TCP_FORW: name:enp0s3: saddr:100932208: daddr:33561200
[  268.598987] AAAAA-TCP_FORW: name:enp0s3: saddr:100932208: daddr:33561200
[  268.882199] AAAAA-TCP_FORW: name:enp0s3: saddr:100932208: daddr:33561200
[  268.965240] AAAAA-TCP_FORW: name:enp0s3: saddr:100932208: daddr:33561200
[  269.369224] AAAAA-TCP_FORW: name:enp0s3: saddr:100932208: daddr:33561200
[  269.599994] AAAAA-TCP_FORW: name:enp0s3: saddr:100932208: daddr:33561200
[  269.775093] AAAAA-TCP_FORW: name:enp0s3: saddr:100932208: daddr:33561200
[  269.843574] AAAAA-TCP_FORW: name:enp0s3: saddr:100932208: daddr:33561200
[  269.908839] AAAAA-TCP_FORW: name:enp0s3: saddr:100932208: daddr:33561200
[  270.065739] AAAAA-TCP_FORW: name:enp0s3: saddr:100932208: daddr:33561200
[  270.171319] AAAAA-TCP_FORW: name:enp0s3: saddr:100932208: daddr:33561200
[  270.316131] AAAAA-TCP_FORW: name:enp0s3: saddr:100932208: daddr:33561200
[  270.426382] AAAAA-TCP_FORW: name:enp0s3: saddr:100932208: daddr:33561200
[  270.691238] AAAAA-TCP_FORW: name:enp0s3: saddr:100932208: daddr:33561200
[  270.981365] AAAAA-TCP_FORW: name:enp0s3: saddr:100932208: daddr:33561200
[  271.218961] AAAAA-TCP_FORW: name:enp0s3: saddr:100932208: daddr:33561200
[  271.372535] AAAAA-TCP_FORW: name:enp0s3: saddr:100932208: daddr:33561200
[  271.551014] AAAAA-TCP_FORW: name:enp0s3: saddr:100932208: daddr:33561200
[  272.466884] AAAAA-TCP_FORW: name:enp0s3: saddr:100932208: daddr:33561200
[  273.123565] AAAAA-TCP_FORW: name:enp0s3: saddr:100932208: daddr:33561200
[  273.514220] AAAAA-TCP_FORW: name:enp0s3: saddr:100932208: daddr:33561200
[  273.720763] AAAAA-TCP_FORW: name:enp0s3: saddr:100932208: daddr:33561200
[  273.887793] AAAAA-TCP_FORW: name:enp0s3: saddr:100932208: daddr:33561200
[  273.914142] AAAAA-TCP_FORW: name:enp0s3: saddr:100932208: daddr:33561200
[  274.149846] AAAAA-TCP_FORW: name:enp0s3: saddr:100932208: daddr:33561200
[  274.245243] AAAAA-TCP_FORW: name:enp0s3: saddr:100932208: daddr:16783984
[  274.386471] AAAAA-TCP_FORW: name:enp0s3: saddr:100932208: daddr:16783984
[  274.471012] AAAAA-TCP_FORW: name:enp0s3: saddr:100932208: daddr:16783984
[  274.607334] AAAAA-TCP_FORW: name:enp0s3: saddr:100932208: daddr:33561200
[  274.887774] AAAAA-TCP_FORW: name:enp0s3: saddr:100932208: daddr:33561200
[  275.226186] AAAAA-TCP_FORW: name:enp0s3: saddr:100932208: daddr:33561200
[  275.417083] AAAAA-TCP_FORW: name:enp0s3: saddr:100932208: daddr:16783984
[  275.422506] AAAAA-TCP_FORW: name:enp0s3: saddr:100932208: daddr:16783984
[  275.583058] AAAAA-TCP_FORW: name:enp0s3: saddr:100932208: daddr:16783984
[  275.878860] AAAAA-TCP_FORW: name:enp0s3: saddr:100932208: daddr:16783984
[  276.176312] AAAAA-TCP_FORW: name:enp0s3: saddr:100932208: daddr:16783984
[  276.182239] AAAAA-TCP_FORW: name:enp0s3: saddr:100932208: daddr:16783984
[  276.274878] AAAAA-TCP_FORW: name:enp0s3: saddr:100932208: daddr:16783984
[  276.572993] AAAAA-TCP_FORW: name:enp0s3: saddr:100932208: daddr:16783984
[  276.766116] AAAAA-TCP_FORW: name:enp0s3: saddr:100932208: daddr:33561200
[  276.853942] AAAAA-TCP_FORW: name:enp0s3: saddr:100932208: daddr:16783984
[  277.109088] AAAAA-TCP_FORW: name:enp0s3: saddr:100932208: daddr:16783984
[  277.327454] AAAAA-TCP_FORW: name:enp0s3: saddr:100932208: daddr:16783984
[  277.471698] AAAAA-TCP_FORW: name:enp0s3: saddr:100932208: daddr:16783984
[  277.943974] AAAAA-TCP_FORW: name:enp0s3: saddr:100932208: daddr:16783984
[  278.060121] AAAAA-TCP_FORW: name:enp0s3: saddr:100932208: daddr:16783984
[  278.216184] AAAAA-TCP_FORW: name:enp0s3: saddr:100932208: daddr:16783984
[  278.507676] AAAAA-TCP_FORW: name:enp0s3: saddr:100932208: daddr:33561200
[  278.729052] AAAAA-TCP_FORW: name:enp0s3: saddr:100932208: daddr:33561200
[  278.861856] AAAAA-TCP_FORW: name:enp0s3: saddr:100932208: daddr:33561200
[  279.122107] AAAAA-TCP_FORW: name:enp0s3: saddr:100932208: daddr:33561200
[  279.187169] AAAAA-TCP_FORW: name:enp0s3: saddr:100932208: daddr:33561200
[  279.284546] AAAAA-TCP_FORW: name:enp0s3: saddr:100932208: daddr:33561200
[  279.433091] AAAAA-TCP_FORW: name:enp0s3: saddr:100932208: daddr:33561200
[  279.554905] AAAAA-TCP_FORW: name:enp0s3: saddr:100932208: daddr:33561200
[  279.665534] AAAAA-TCP_FORW: name:enp0s3: saddr:100932208: daddr:16783984
[  279.817328] AAAAA-TCP_FORW: name:enp0s3: saddr:100932208: daddr:33561200
[  279.918525] AAAAA-TCP_FORW: name:enp0s3: saddr:100932208: daddr:33561200
[  280.151943] AAAAA-TCP_FORW: name:enp0s3: saddr:100932208: daddr:33561200
[  280.229349] AAAAA-TCP_FORW: name:enp0s3: saddr:100932208: daddr:33561200
[  280.394729] AAAAA-TCP_FORW: name:enp0s3: saddr:100932208: daddr:33561200
[  280.652114] AAAAA-TCP_FORW: name:enp0s3: saddr:100932208: daddr:33561200
[  280.743831] AAAAA-TCP_FORW: name:enp0s3: saddr:100932208: daddr:16783984
[  280.853306] AAAAA-TCP_FORW: name:enp0s3: saddr:100932208: daddr:16783984
[  280.907249] AAAAA-TCP_FORW: name:enp0s3: saddr:100932208: daddr:33561200
[  281.026284] AAAAA-TCP_FORW: name:enp0s3: saddr:100932208: daddr:33561200
[  281.108474] AAAAA-TCP_FORW: name:enp0s3: saddr:100932208: daddr:16783984
[  281.182831] AAAAA-TCP_FORW: name:enp0s3: saddr:100932208: daddr:16783984
[  281.290321] AAAAA-TCP_FORW: name:enp0s3: saddr:100932208: daddr:33561200
[  281.410902] AAAAA-TCP_FORW: name:enp0s3: saddr:100932208: daddr:33561200
[  282.953386] AAAAA-TCP_FORW: name:enp0s3: saddr:100932208: daddr:33561200
[  284.173164] AAAAA-TCP_FORW: name:enp0s3: saddr:100932208: daddr:33561200
[  284.632416] AAAAA-TCP_FORW: name:enp0s3: saddr:100932208: daddr:33561200
[  284.982631] AAAAA-TCP_FORW: name:enp0s3: saddr:100932208: daddr:33561200
[  285.230766] AAAAA-TCP_FORW: name:enp0s3: saddr:100932208: daddr:16783984
[  285.428112] AAAAA-TCP_FORW: name:enp0s3: saddr:100932208: daddr:16783984
[  285.602955] AAAAA-TCP_FORW: name:enp0s3: saddr:100932208: daddr:16783984
[  285.779921] AAAAA-TCP_FORW: name:enp0s3: saddr:100932208: daddr:16783984
[  285.852817] AAAAA-TCP_FORW: name:enp0s3: saddr:100932208: daddr:33561200
[  286.159204] AAAAA-TCP_FORW: name:enp0s3: saddr:100932208: daddr:33561200
[  286.693130] AAAAA-TCP_FORW: name:enp0s3: saddr:100932208: daddr:16783984
[  286.763798] AAAAA-TCP_FORW: name:enp0s3: saddr:100932208: daddr:33561200
[  287.017267] AAAAA-TCP_FORW: name:enp0s3: saddr:100932208: daddr:33561200
[  287.179473] AAAAA-TCP_FORW: name:enp0s3: saddr:100932208: daddr:16783984
[  287.630979] AAAAA-TCP_FORW: name:enp0s3: saddr:100932208: daddr:16783984
[  287.761058] AAAAA-TCP_FORW: name:enp0s3: saddr:100932208: daddr:33561200
[  288.180927] AAAAA-TCP_FORW: name:enp0s3: saddr:100932208: daddr:33561200
[  288.448881] AAAAA-TCP_FORW: name:enp0s3: saddr:100932208: daddr:16783984
[  288.579214] AAAAA-TCP_FORW: name:enp0s3: saddr:100932208: daddr:16783984
[  288.747201] AAAAA-TCP_FORW: name:enp0s3: saddr:100932208: daddr:33561200
[  289.003126] AAAAA-TCP_FORW: name:enp0s3: saddr:100932208: daddr:16783984
[  289.214154] AAAAA-TCP_FORW: name:enp0s3: saddr:100932208: daddr:16783984
[  289.262577] AAAAA-TCP_FORW: name:enp0s3: saddr:100932208: daddr:16783984
[  289.335345] AAAAA-TCP_FORW: name:enp0s3: saddr:100932208: daddr:16783984
[  289.409045] AAAAA-TCP_FORW: name:enp0s3: saddr:100932208: daddr:33561200
[  289.570798] AAAAA-TCP_FORW: name:enp0s3: saddr:100932208: daddr:33561200
[  289.792161] AAAAA-TCP_FORW: name:enp0s3: saddr:100932208: daddr:16783984
[  290.147365] AAAAA-TCP_FORW: name:enp0s3: saddr:100932208: daddr:16783984
[  290.496818] AAAAA-TCP_FORW: name:enp0s3: saddr:100932208: daddr:16783984
[  290.500015] AAAAA-TCP_FORW: name:enp0s3: saddr:100932208: daddr:16783984
[  290.524273] AAAAA-TCP_FORW: name:enp0s3: saddr:100932208: daddr:33561200
[  290.679313] AAAAA-TCP_FORW: name:enp0s3: saddr:100932208: daddr:33561200
[  290.789679] AAAAA-TCP_FORW: name:enp0s3: saddr:100932208: daddr:16783984
[  290.892179] AAAAA-TCP_FORW: name:enp0s3: saddr:100932208: daddr:16783984
[  292.693127] AAAAA-TCP_FORW: name:enp0s3: saddr:100932208: daddr:33561200
[  292.791795] AAAAA-TCP_FORW: name:enp0s3: saddr:100932208: daddr:33561200
[  292.934371] AAAAA-TCP_FORW: name:enp0s3: saddr:100932208: daddr:33561200
[  293.431597] AAAAA-TCP_FORW: name:enp0s3: saddr:100932208: daddr:16783984
[  293.548624] AAAAA-TCP_FORW: name:enp0s3: saddr:100932208: daddr:16783984
[  294.540664] AAAAA-TCP_FORW: name:enp0s3: saddr:100932208: daddr:16783984
[  294.681702] AAAAA-TCP_FORW: name:enp0s3: saddr:100932208: daddr:33561200
[  294.883388] AAAAA-TCP_FORW: name:enp0s3: saddr:100932208: daddr:16783984
[  295.480168] AAAAA-TCP_FORW: name:enp0s3: saddr:100932208: daddr:16783984
[  295.861448] AAAAA-TCP_FORW: name:enp0s3: saddr:100932208: daddr:16783984
[  297.313424] AAAAA-TCP_FORW: name:enp0s3: saddr:100932208: daddr:16783984
[  297.400654] AAAAA-TCP_FORW: name:enp0s3: saddr:100932208: daddr:16783984
[  297.541691] AAAAA-TCP_FORW: name:enp0s3: saddr:100932208: daddr:16783984
[  297.606440] AAAAA-TCP_FORW: name:enp0s3: saddr:100932208: daddr:33561200
[  297.711387] AAAAA-TCP_FORW: name:enp0s3: saddr:100932208: daddr:33561200
[  298.150268] AAAAA-TCP_FORW: name:enp0s3: saddr:100932208: daddr:16783984
[  298.493171] AAAAA-TCP_FORW: name:enp0s3: saddr:100932208: daddr:33561200
[  298.612028] AAAAA-TCP_FORW: name:enp0s3: saddr:100932208: daddr:33561200
[  298.720279] AAAAA-TCP_FORW: name:enp0s3: saddr:100932208: daddr:33561200
[  298.987137] AAAAA-TCP_FORW: name:enp0s3: saddr:100932208: daddr:33561200
[  299.184262] AAAAA-TCP_FORW: name:enp0s3: saddr:100932208: daddr:33561200
[  299.546959] AAAAA-TCP_FORW: name:enp0s3: saddr:100932208: daddr:33561200
[  299.680862] AAAAA-TCP_FORW: name:enp0s3: saddr:100932208: daddr:16783984
[  299.949951] AAAAA-TCP_FORW: name:enp0s3: saddr:100932208: daddr:16783984
[  300.481509] AAAAA-TCP_FORW: name:enp0s3: saddr:100932208: daddr:16783984
[  300.719248] AAAAA-TCP_FORW: name:enp0s3: saddr:100932208: daddr:33561200
[  301.186796] AAAAA-TCP_FORW: name:enp0s3: saddr:100932208: daddr:16783984
[  301.956477] AAAAA-TCP_FORW: name:enp0s3: saddr:100932208: daddr:16783984
[  302.295751] AAAAA-TCP_FORW: name:enp0s3: saddr:100932208: daddr:16783984
[  303.078477] AAAAA-TCP_FORW: name:enp0s3: saddr:100932208: daddr:16783984
[  303.441226] AAAAA-TCP_FORW: name:enp0s3: saddr:100932208: daddr:16783984
[  303.483307] AAAAA-TCP_FORW: name:enp0s3: saddr:100932208: daddr:16783984
[  303.534586] AAAAA-TCP_FORW: name:enp0s3: saddr:100932208: daddr:33561200
[  303.568376] AAAAA-TCP_FORW: name:enp0s3: saddr:100932208: daddr:33561200
[  303.690302] AAAAA-TCP_FORW: name:enp0s3: saddr:100932208: daddr:16783984
[  304.078145] AAAAA-TCP_FORW: name:enp0s3: saddr:100932208: daddr:33561200
[  304.167524] AAAAA-TCP_FORW: name:enp0s3: saddr:100932208: daddr:33561200
[  304.237376] AAAAA-TCP_FORW: name:enp0s3: saddr:100932208: daddr:33561200
[  304.302706] AAAAA-TCP_FORW: name:enp0s3: saddr:100932208: daddr:33561200
[  304.446829] AAAAA-TCP_FORW: name:enp0s3: saddr:100932208: daddr:33561200
[  304.557375] AAAAA-TCP_FORW: name:enp0s3: saddr:100932208: daddr:33561200
[  304.649945] AAAAA-TCP_FORW: name:enp0s3: saddr:100932208: daddr:33561200
[  304.776446] AAAAA-TCP_FORW: name:enp0s3: saddr:100932208: daddr:33561200
[  304.920503] AAAAA-TCP_FORW: name:enp0s3: saddr:100932208: daddr:33561200
[  304.971476] AAAAA-TCP_FORW: name:enp0s3: saddr:100932208: daddr:33561200
[  305.055725] AAAAA-TCP_FORW: name:enp0s3: saddr:100932208: daddr:33561200
[  305.235982] AAAAA-TCP_FORW: name:enp0s3: saddr:100932208: daddr:16783984
[  305.251883] AAAAA-TCP_FORW: name:enp0s3: saddr:100932208: daddr:16783984
[  305.438050] AAAAA-TCP_FORW: name:enp0s3: saddr:100932208: daddr:16783984
[  305.542118] AAAAA-TCP_FORW: name:enp0s3: saddr:100932208: daddr:16783984
[  305.548828] AAAAA-TCP_FORW: name:enp0s3: saddr:100932208: daddr:16783984
[  305.685252] AAAAA-TCP_FORW: name:enp0s3: saddr:100932208: daddr:16783984
[  305.688389] AAAAA-TCP_FORW: name:enp0s3: saddr:100932208: daddr:16783984
[  305.803632] AAAAA-TCP_FORW: name:enp0s3: saddr:100932208: daddr:16783984
[  306.060716] AAAAA-TCP_FORW: name:enp0s3: saddr:100932208: daddr:16783984
[  310.384439] AAAAA-TCP_FORW: name:enp0s3: saddr:100932208: daddr:16783984
[  312.550355] AAAAA-TCP_FORW: name:enp0s3: saddr:100932208: daddr:16783984
[  312.703117] AAAAA-TCP_FORW: name:enp0s3: saddr:100932208: daddr:16783984
[  312.938742] AAAAA-TCP_FORW: name:enp0s3: saddr:100932208: daddr:16783984
[  313.061906] AAAAA-TCP_FORW: name:enp0s3: saddr:100932208: daddr:16783984
[  313.250133] AAAAA-TCP_FORW: name:enp0s3: saddr:100932208: daddr:16783984
[  313.381304] AAAAA-TCP_FORW: name:enp0s3: saddr:100932208: daddr:16783984
[  313.506082] AAAAA-TCP_FORW: name:enp0s3: saddr:100932208: daddr:16783984
[  313.680924] AAAAA-TCP_FORW: name:enp0s3: saddr:100932208: daddr:16783984
[  313.832409] AAAAA-TCP_FORW: name:enp0s3: saddr:100932208: daddr:16783984
[  313.899137] AAAAA-TCP_FORW: name:enp0s3: saddr:100932208: daddr:16783984
[  313.951607] AAAAA-TCP_FORW: name:enp0s3: saddr:100932208: daddr:16783984
[  314.010258] AAAAA-TCP_FORW: name:enp0s3: saddr:100932208: daddr:16783984
[  314.046656] AAAAA-TCP_FORW: name:enp0s3: saddr:100932208: daddr:16783984
[  314.100966] AAAAA-TCP_FORW: name:enp0s3: saddr:100932208: daddr:16783984
[  314.204984] AAAAA-TCP_FORW: name:enp0s3: saddr:100932208: daddr:16783984
[  314.233551] AAAAA-TCP_FORW: name:enp0s3: saddr:100932208: daddr:16783984
[  314.268473] AAAAA-TCP_FORW: name:enp0s3: saddr:100932208: daddr:16783984
[  314.338570] AAAAA-TCP_FORW: name:enp0s3: saddr:100932208: daddr:16783984
[  314.356348] AAAAA-TCP_FORW: name:enp0s3: saddr:100932208: daddr:16783984
[  314.743446] AAAAA-TCP_FORW: name:enp0s3: saddr:100932208: daddr:16783984
[  314.812220] AAAAA-TCP_FORW: name:enp0s3: saddr:100932208: daddr:16783984
[  315.011684] AAAAA-TCP_FORW: name:enp0s3: saddr:100932208: daddr:16783984
[  315.188306] AAAAA-TCP_FORW: name:enp0s3: saddr:100932208: daddr:16783984
[  315.363498] AAAAA-TCP_FORW: name:enp0s3: saddr:100932208: daddr:16783984
[  315.489071] AAAAA-TCP_FORW: name:enp0s3: saddr:100932208: daddr:16783984
[  315.749985] AAAAA-TCP_FORW: name:enp0s3: saddr:100932208: daddr:16783984
[  315.933750] AAAAA-TCP_FORW: name:enp0s3: saddr:100932208: daddr:16783984
[  316.083685] AAAAA-TCP_FORW: name:enp0s3: saddr:100932208: daddr:16783984
[  316.238202] AAAAA-TCP_FORW: name:enp0s3: saddr:100932208: daddr:16783984
[  316.698041] AAAAA-TCP_FORW: name:enp0s3: saddr:100932208: daddr:16783984
[  316.840739] AAAAA-TCP_FORW: name:enp0s3: saddr:100932208: daddr:16783984
[  316.922236] AAAAA-TCP_FORW: name:enp0s3: saddr:100932208: daddr:16783984
[  317.021912] AAAAA-TCP_FORW: name:enp0s3: saddr:100932208: daddr:16783984
[  317.114119] AAAAA-TCP_FORW: name:enp0s3: saddr:100932208: daddr:16783984
[  317.206503] AAAAA-TCP_FORW: name:enp0s3: saddr:100932208: daddr:16783984
[  317.313273] AAAAA-TCP_FORW: name:enp0s3: saddr:100932208: daddr:16783984
[  317.424102] AAAAA-TCP_FORW: name:enp0s3: saddr:100932208: daddr:16783984
[  317.549053] AAAAA-TCP_FORW: name:enp0s3: saddr:100932208: daddr:16783984
[  317.887522] AAAAA-TCP_FORW: name:enp0s3: saddr:100932208: daddr:16783984
[  318.321269] AAAAA-TCP_FORW: name:enp0s3: saddr:16783984: daddr:100932208
[  318.490563] AAAAA-TCP_FORW: name:enp0s3: saddr:16783984: daddr:100932208
[  318.595099] AAAAA-TCP_FORW: name:enp0s3: saddr:16783984: daddr:100932208
[  318.715812] AAAAA-TCP_FORW: name:enp0s3: saddr:16783984: daddr:100932208
[  318.804382] AAAAA-TCP_FORW: name:enp0s3: saddr:16783984: daddr:100932208
[  318.840312] AAAAA-TCP_FORW: name:enp0s3: saddr:33561200: daddr:100932208
[  318.875522] AAAAA-TCP_FORW: name:enp0s3: saddr:16783984: daddr:100932208
[  318.918411] AAAAA-TCP_FORW: name:enp0s3: saddr:16783984: daddr:100932208
[  318.956134] AAAAA-TCP_FORW: name:enp0s3: saddr:16783984: daddr:100932208
[  318.995938] AAAAA-TCP_FORW: name:enp0s3: saddr:16783984: daddr:100932208
[  319.024995] AAAAA-TCP_FORW: name:enp0s3: saddr:16783984: daddr:100932208
[  319.063969] AAAAA-TCP_FORW: name:enp0s3: saddr:16783984: daddr:100932208
[  319.094898] AAAAA-TCP_FORW: name:enp0s3: saddr:16783984: daddr:100932208
[  319.121008] AAAAA-TCP_FORW: name:enp0s3: saddr:16783984: daddr:100932208
[  319.147909] AAAAA-TCP_FORW: name:enp0s3: saddr:16783984: daddr:100932208
[  319.197852] AAAAA-TCP_FORW: name:enp0s3: saddr:16783984: daddr:100932208
[  319.257728] AAAAA-TCP_FORW: name:enp0s3: saddr:16783984: daddr:100932208
[  319.291708] AAAAA-TCP_FORW: name:enp0s3: saddr:16783984: daddr:100932208
[  319.485394] AAAAA-TCP_FORW: name:enp0s3: saddr:16783984: daddr:100932208
[  319.600885] AAAAA-TCP_FORW: name:enp0s3: saddr:16783984: daddr:100932208
[  319.702442] AAAAA-TCP_FORW: name:enp0s3: saddr:16783984: daddr:100932208
[  319.904444] AAAAA-TCP_FORW: name:enp0s3: saddr:16783984: daddr:100932208
[  319.996029] AAAAA-TCP_FORW: name:enp0s3: saddr:16783984: daddr:100932208
[  320.126849] AAAAA-TCP_FORW: name:enp0s3: saddr:16783984: daddr:100932208
[  320.239923] AAAAA-TCP_FORW: name:enp0s3: saddr:16783984: daddr:100932208
[  320.351714] AAAAA-TCP_FORW: name:enp0s3: saddr:16783984: daddr:100932208
[  320.527504] AAAAA-TCP_FORW: name:enp0s3: saddr:16783984: daddr:100932208
[  320.757202] AAAAA-TCP_FORW: name:enp0s3: saddr:33561200: daddr:100932208
[  320.894088] AAAAA-TCP_FORW: name:enp0s3: saddr:16783984: daddr:100932208
[  324.334730] AAAAA-TCP_FORW: name:enp0s3: saddr:100932208: daddr:16783984
[  324.496115] AAAAA-TCP_FORW: name:enp0s3: saddr:100932208: daddr:16783984
[  324.617706] AAAAA-TCP_FORW: name:enp0s3: saddr:100932208: daddr:16783984
[  324.655795] AAAAA-TCP_FORW: name:enp0s3: saddr:100932208: daddr:16783984
[  324.846343] AAAAA-TCP_FORW: name:enp0s3: saddr:100932208: daddr:16783984
[  325.062126] AAAAA-TCP_FORW: name:enp0s3: saddr:100932208: daddr:16783984
[  325.223177] AAAAA-TCP_FORW: name:enp0s3: saddr:100932208: daddr:16783984
[  325.451010] AAAAA-TCP_FORW: name:enp0s3: saddr:100932208: daddr:16783984
[  325.767675] AAAAA-TCP_FORW: name:enp0s3: saddr:100932208: daddr:16783984
[  326.104514] AAAAA-TCP_FORW: name:enp0s3: saddr:100932208: daddr:16783984
[  326.176069] AAAAA-TCP_FORW: name:enp0s3: saddr:100932208: daddr:16783984
[  326.441817] AAAAA-TCP_FORW: name:enp0s3: saddr:100932208: daddr:16783984
[  326.730841] AAAAA-TCP_FORW: name:enp0s3: saddr:100932208: daddr:16783984
[  326.770289] AAAAA-TCP_FORW: name:enp0s3: saddr:100932208: daddr:16783984
[  327.280118] AAAAA-TCP_FORW: name:enp0s3: saddr:100932208: daddr:16783984
[  327.344567] AAAAA-TCP_FORW: name:enp0s3: saddr:100932208: daddr:16783984
[  327.573476] AAAAA-TCP_FORW: name:enp0s3: saddr:100932208: daddr:16783984
[  327.813094] AAAAA-TCP_FORW: name:enp0s3: saddr:100932208: daddr:33561200
[  327.965463] AAAAA-TCP_FORW: name:enp0s3: saddr:100932208: daddr:33561200
[  328.056060] AAAAA-TCP_FORW: name:enp0s3: saddr:100932208: daddr:33561200
[  328.113628] AAAAA-TCP_FORW: name:enp0s3: saddr:100932208: daddr:33561200
[  328.266049] AAAAA-TCP_FORW: name:enp0s3: saddr:100932208: daddr:33561200
[  328.368344] AAAAA-TCP_FORW: name:enp0s3: saddr:100932208: daddr:33561200
[  328.565713] AAAAA-TCP_FORW: name:enp0s3: saddr:100932208: daddr:33561200
[  328.604509] AAAAA-TCP_FORW: name:enp0s3: saddr:100932208: daddr:33561200
[  328.662138] AAAAA-TCP_FORW: name:enp0s3: saddr:100932208: daddr:33561200
[  328.815064] AAAAA-TCP_FORW: name:enp0s3: saddr:100932208: daddr:33561200
[  329.057276] AAAAA-TCP_FORW: name:enp0s3: saddr:100932208: daddr:33561200
[  329.079046] AAAAA-TCP_FORW: name:enp0s3: saddr:100932208: daddr:33561200
[  329.296452] AAAAA-TCP_FORW: name:enp0s3: saddr:100932208: daddr:33561200
[  329.390026] AAAAA-TCP_FORW: name:enp0s3: saddr:100932208: daddr:33561200
[  329.818033] AAAAA-TCP_FORW: name:enp0s3: saddr:100932208: daddr:16783984
[  329.847102] AAAAA-TCP_FORW: name:enp0s3: saddr:100932208: daddr:16783984
[  329.902180] AAAAA-TCP_FORW: name:enp0s3: saddr:100932208: daddr:16783984
[  330.117845] AAAAA-TCP_FORW: name:enp0s3: saddr:100932208: daddr:16783984
[  330.218444] AAAAA-TCP_FORW: name:enp0s3: saddr:100932208: daddr:16783984
[  334.773723] AAAAA-TCP_FORW: name:enp0s3: saddr:100932208: daddr:16783984
[  336.125554] AAAAA-TCP_FORW: name:enp0s3: saddr:100932208: daddr:16783984
[  342.329903] AAAAA-TCP_FORW: name:enp0s3: saddr:100932208: daddr:16783984
[  342.421039] AAAAA-TCP_FORW: name:enp0s3: saddr:100932208: daddr:16783984
[  342.706502] AAAAA-TCP_FORW: name:enp0s3: saddr:100932208: daddr:16783984
[  342.941636] AAAAA-TCP_FORW: name:enp0s3: saddr:100932208: daddr:16783984
[  343.164712] AAAAA-TCP_FORW: name:enp0s3: saddr:100932208: daddr:16783984
[  343.254957] AAAAA-TCP_FORW: name:enp0s3: saddr:100932208: daddr:16783984
[  343.641325] AAAAA-TCP_FORW: name:enp0s3: saddr:100932208: daddr:16783984
[  343.732133] AAAAA-TCP_FORW: name:enp0s3: saddr:100932208: daddr:16783984
[  343.872047] AAAAA-TCP_FORW: name:enp0s3: saddr:100932208: daddr:16783984
[  343.994017] AAAAA-TCP_FORW: name:enp0s3: saddr:100932208: daddr:16783984
[  344.186032] AAAAA-TCP_FORW: name:enp0s3: saddr:100932208: daddr:16783984
[  344.275909] AAAAA-TCP_FORW: name:enp0s3: saddr:100932208: daddr:16783984
[  344.400172] AAAAA-TCP_FORW: name:enp0s3: saddr:100932208: daddr:16783984
[  344.642643] AAAAA-TCP_FORW: name:enp0s3: saddr:100932208: daddr:16783984
[  344.743909] AAAAA-TCP_FORW: name:enp0s3: saddr:100932208: daddr:16783984
[  344.852575] AAAAA-TCP_FORW: name:enp0s3: saddr:100932208: daddr:16783984
[  344.950273] AAAAA-TCP_FORW: name:enp0s3: saddr:100932208: daddr:33561200
[  345.229791] AAAAA-TCP_FORW: name:enp0s3: saddr:100932208: daddr:33561200
[  345.348666] AAAAA-TCP_FORW: name:enp0s3: saddr:100932208: daddr:33561200
[  345.407023] AAAAA-TCP_FORW: name:enp0s3: saddr:100932208: daddr:33561200
[  345.443399] AAAAA-TCP_FORW: name:enp0s3: saddr:100932208: daddr:33561200
[  345.508925] AAAAA-TCP_FORW: name:enp0s3: saddr:100932208: daddr:33561200
[  345.578064] AAAAA-TCP_FORW: name:enp0s3: saddr:100932208: daddr:33561200
[  345.666465] AAAAA-TCP_FORW: name:enp0s3: saddr:100932208: daddr:33561200
[  345.734338] AAAAA-TCP_FORW: name:enp0s3: saddr:100932208: daddr:33561200
[  345.775811] AAAAA-TCP_FORW: name:enp0s3: saddr:100932208: daddr:33561200
[  345.858063] AAAAA-TCP_FORW: name:enp0s3: saddr:100932208: daddr:33561200
[  345.920572] AAAAA-TCP_FORW: name:enp0s3: saddr:100932208: daddr:33561200
[  345.977872] AAAAA-TCP_FORW: name:enp0s3: saddr:100932208: daddr:33561200
[  346.030546] AAAAA-TCP_FORW: name:enp0s3: saddr:100932208: daddr:33561200
[  346.083515] AAAAA-TCP_FORW: name:enp0s3: saddr:100932208: daddr:33561200
[  346.160825] AAAAA-TCP_FORW: name:enp0s3: saddr:100932208: daddr:33561200
[  346.230561] AAAAA-TCP_FORW: name:enp0s3: saddr:100932208: daddr:33561200
[  346.265306] AAAAA-TCP_FORW: name:enp0s3: saddr:100932208: daddr:33561200
[  346.289170] AAAAA-TCP_FORW: name:enp0s3: saddr:100932208: daddr:33561200
[  346.330574] AAAAA-TCP_FORW: name:enp0s3: saddr:100932208: daddr:33561200
[  346.377926] AAAAA-TCP_FORW: name:enp0s3: saddr:100932208: daddr:33561200
[  346.401092] AAAAA-TCP_FORW: name:enp0s3: saddr:100932208: daddr:33561200
[  346.808790] AAAAA-TCP_FORW: name:enp0s3: saddr:100932208: daddr:33561200
[  346.865210] AAAAA-TCP_FORW: name:enp0s3: saddr:100932208: daddr:16783984
[  347.069793] AAAAA-TCP_FORW: name:enp0s3: saddr:100932208: daddr:33561200
[  488.813558] rfkill: input handler enabled
[  497.473638] rfkill: input handler disabled
[  677.715842] device enp0s3 left promiscuous mode
