[    0.000000] Linux version 5.4.243-mptcp (root@ztg) (gcc version 12.2.0 (Debian 12.2.0-14+deb12u1)) #53 SMP Wed Dec 24 23:28:15 CST 2025
[    0.000000] Command line: BOOT_IMAGE=/boot/vmlinuz-5.4.243-mptcp root=UUID=98415a12-53b7-4144-8265-0f7ece09e445 ro quiet splash
[    0.000000] KERNEL supported cpus:
[    0.000000]   Intel GenuineIntel
[    0.000000]   AMD AuthenticAMD
[    0.000000]   Hygon HygonGenuine
[    0.000000]   Centaur CentaurHauls
[    0.000000]   zhaoxin   Shanghai  
[    0.000000] x86/fpu: Supporting XSAVE feature 0x001: 'x87 floating point registers'
[    0.000000] x86/fpu: Supporting XSAVE feature 0x002: 'SSE registers'
[    0.000000] x86/fpu: Supporting XSAVE feature 0x004: 'AVX registers'
[    0.000000] x86/fpu: xstate_offset[2]:  576, xstate_sizes[2]:  256
[    0.000000] x86/fpu: Enabled xstate features 0x7, context size is 832 bytes, using 'standard' format.
[    0.000000] BIOS-provided physical RAM map:
[    0.000000] BIOS-e820: [mem 0x0000000000000000-0x000000000009fbff] usable
[    0.000000] BIOS-e820: [mem 0x000000000009fc00-0x000000000009ffff] reserved
[    0.000000] BIOS-e820: [mem 0x00000000000f0000-0x00000000000fffff] reserved
[    0.000000] BIOS-e820: [mem 0x0000000000100000-0x000000007ffeffff] usable
[    0.000000] BIOS-e820: [mem 0x000000007fff0000-0x000000007fffffff] ACPI data
[    0.000000] BIOS-e820: [mem 0x00000000fec00000-0x00000000fec00fff] reserved
[    0.000000] BIOS-e820: [mem 0x00000000fee00000-0x00000000fee00fff] reserved
[    0.000000] BIOS-e820: [mem 0x00000000fffc0000-0x00000000ffffffff] reserved
[    0.000000] NX (Execute Disable) protection: active
[    0.000000] SMBIOS 2.5 present.
[    0.000000] DMI: innotek GmbH VirtualBox/VirtualBox, BIOS VirtualBox 12/01/2006
[    0.000000] Hypervisor detected: KVM
[    0.000000] kvm-clock: Using msrs 4b564d01 and 4b564d00
[    0.000000] kvm-clock: cpu 0, msr 7d201001, primary cpu clock
[    0.000000] kvm-clock: using sched offset of 4479214579 cycles
[    0.000003] clocksource: kvm-clock: mask: 0xffffffffffffffff max_cycles: 0x1cd42e4dffb, max_idle_ns: 881590591483 ns
[    0.000005] tsc: Detected 2100.000 MHz processor
[    0.001898] e820: update [mem 0x00000000-0x00000fff] usable ==> reserved
[    0.001900] e820: remove [mem 0x000a0000-0x000fffff] usable
[    0.001904] last_pfn = 0x7fff0 max_arch_pfn = 0x400000000
[    0.001972] MTRR default type: uncachable
[    0.001973] MTRR fixed ranges enabled:
[    0.001974]   00000-9FFFF write-back
[    0.001975]   A0000-BFFFF uncachable
[    0.001976]   C0000-FFFFF write-protect
[    0.001977] MTRR variable ranges enabled:
[    0.001978]   0 base 000000000000 mask 3FFF80000000 write-back
[    0.001979]   1 disabled
[    0.001979]   2 disabled
[    0.001980]   3 disabled
[    0.001980]   4 disabled
[    0.001981]   5 disabled
[    0.001981]   6 disabled
[    0.001981]   7 disabled
[    0.001982]   8 disabled
[    0.001982]   9 disabled
[    0.001983]   10 disabled
[    0.001983]   11 disabled
[    0.001984]   12 disabled
[    0.001984]   13 disabled
[    0.001984]   14 disabled
[    0.001985]   15 disabled
[    0.002001] x86/PAT: Configuration [0-7]: WB  WC  UC- UC  WB  WP  UC- WT  
[    0.002138] found SMP MP-table at [mem 0x0009fff0-0x0009ffff]
[    0.093134] check: Scanning 1 areas for low memory corruption
[    0.093358] RAMDISK: [mem 0x32271000-0x3512ffff]
[    0.093367] ACPI: Early table checksum verification disabled
[    0.093372] ACPI: RSDP 0x00000000000E0000 000024 (v02 VBOX  )
[    0.093376] ACPI: XSDT 0x000000007FFF0030 00003C (v01 VBOX   VBOXXSDT 00000001 ASL  00000061)
[    0.093382] ACPI: FACP 0x000000007FFF00F0 0000F4 (v04 VBOX   VBOXFACP 00000001 ASL  00000061)
[    0.093389] ACPI: DSDT 0x000000007FFF02E0 002353 (v02 VBOX   VBOXBIOS 00000002 VBOX 00029BF3)
[    0.093393] ACPI: FACS 0x000000007FFF0200 000040
[    0.093396] ACPI: FACS 0x000000007FFF0200 000040
[    0.093399] ACPI: APIC 0x000000007FFF0240 000054 (v02 VBOX   VBOXAPIC 00000001 ASL  00000061)
[    0.093403] ACPI: SSDT 0x000000007FFF02A0 000038 (v01 VBOX   VBOXCPUT 00000002 VBOX 00029BF3)
[    0.093406] ACPI: Reserving FACP table memory at [mem 0x7fff00f0-0x7fff01e3]
[    0.093407] ACPI: Reserving DSDT table memory at [mem 0x7fff02e0-0x7fff2632]
[    0.093408] ACPI: Reserving FACS table memory at [mem 0x7fff0200-0x7fff023f]
[    0.093409] ACPI: Reserving FACS table memory at [mem 0x7fff0200-0x7fff023f]
[    0.093409] ACPI: Reserving APIC table memory at [mem 0x7fff0240-0x7fff0293]
[    0.093410] ACPI: Reserving SSDT table memory at [mem 0x7fff02a0-0x7fff02d7]
[    0.093424] ACPI: Local APIC address 0xfee00000
[    0.093614] No NUMA configuration found
[    0.093615] Faking a node at [mem 0x0000000000000000-0x000000007ffeffff]
[    0.093625] NODE_DATA(0) allocated [mem 0x7ffc5000-0x7ffeffff]
[    0.093906] Zone ranges:
[    0.093907]   DMA      [mem 0x0000000000001000-0x0000000000ffffff]
[    0.093908]   DMA32    [mem 0x0000000001000000-0x000000007ffeffff]
[    0.093909]   Normal   empty
[    0.093910]   Device   empty
[    0.093911] Movable zone start for each node
[    0.093913] Early memory node ranges
[    0.093913]   node   0: [mem 0x0000000000001000-0x000000000009efff]
[    0.093914]   node   0: [mem 0x0000000000100000-0x000000007ffeffff]
[    0.093917] Zeroed struct page in unavailable ranges: 114 pages
[    0.093918] Initmem setup node 0 [mem 0x0000000000001000-0x000000007ffeffff]
[    0.093919] On node 0 totalpages: 524174
[    0.093920]   DMA zone: 64 pages used for memmap
[    0.093921]   DMA zone: 21 pages reserved
[    0.093922]   DMA zone: 3998 pages, LIFO batch:0
[    0.093993]   DMA32 zone: 8128 pages used for memmap
[    0.093994]   DMA32 zone: 520176 pages, LIFO batch:63
[    0.102911] ACPI: PM-Timer IO Port: 0x4008
[    0.102914] ACPI: Local APIC address 0xfee00000
[    0.102982] IOAPIC[0]: apic_id 1, version 32, address 0xfec00000, GSI 0-23
[    0.102986] ACPI: INT_SRC_OVR (bus 0 bus_irq 0 global_irq 2 dfl dfl)
[    0.102987] ACPI: INT_SRC_OVR (bus 0 bus_irq 9 global_irq 9 low level)
[    0.102990] ACPI: IRQ0 used by override.
[    0.102991] ACPI: IRQ9 used by override.
[    0.102993] Using ACPI (MADT) for SMP configuration information
[    0.102999] smpboot: Allowing 1 CPUs, 0 hotplug CPUs
[    0.103022] PM: Registered nosave memory: [mem 0x00000000-0x00000fff]
[    0.103023] PM: Registered nosave memory: [mem 0x0009f000-0x0009ffff]
[    0.103024] PM: Registered nosave memory: [mem 0x000a0000-0x000effff]
[    0.103025] PM: Registered nosave memory: [mem 0x000f0000-0x000fffff]
[    0.103027] [mem 0x80000000-0xfebfffff] available for PCI devices
[    0.103028] Booting paravirtualized kernel on KVM
[    0.103030] clocksource: refined-jiffies: mask: 0xffffffff max_cycles: 0xffffffff, max_idle_ns: 7645519600211568 ns
[    0.103035] setup_percpu: NR_CPUS:8192 nr_cpumask_bits:1 nr_cpu_ids:1 nr_node_ids:1
[    0.103378] percpu: Embedded 60 pages/cpu s208896 r8192 d28672 u2097152
[    0.103382] pcpu-alloc: s208896 r8192 d28672 u2097152 alloc=1*2097152
[    0.103383] pcpu-alloc: [0] 0 
[    0.103410] Built 1 zonelists, mobility grouping on.  Total pages: 515961
[    0.103410] Policy zone: DMA32
[    0.103412] Kernel command line: BOOT_IMAGE=/boot/vmlinuz-5.4.243-mptcp root=UUID=98415a12-53b7-4144-8265-0f7ece09e445 ro quiet splash
[    0.103807] Dentry cache hash table entries: 262144 (order: 9, 2097152 bytes, linear)
[    0.104128] Inode-cache hash table entries: 131072 (order: 8, 1048576 bytes, linear)
[    0.104186] mem auto-init: stack:off, heap alloc:on, heap free:off
[    0.104189] Calgary: detecting Calgary via BIOS EBDA area
[    0.104190] Calgary: Unable to locate Rio Grande table in EBDA - bailing!
[    0.108349] Memory: 1967332K/2096696K available (14339K kernel code, 2398K rwdata, 4712K rodata, 2728K init, 17260K bss, 129364K reserved, 0K cma-reserved)
[    0.109309] SLUB: HWalign=64, Order=0-3, MinObjects=0, CPUs=1, Nodes=1
[    0.109325] ftrace: allocating 43186 entries in 169 pages
[    0.127572] rcu: Hierarchical RCU implementation.
[    0.127574] rcu: 	RCU restricting CPUs from NR_CPUS=8192 to nr_cpu_ids=1.
[    0.127575] 	Tasks RCU enabled.
[    0.127576] rcu: RCU calculated value of scheduler-enlistment delay is 25 jiffies.
[    0.127577] rcu: Adjusting geometry for rcu_fanout_leaf=16, nr_cpu_ids=1
[    0.130639] NR_IRQS: 524544, nr_irqs: 256, preallocated irqs: 16
[    0.130855] random: crng init done
[    0.140297] Console: colour VGA+ 80x25
[    0.140301] printk: console [tty0] enabled
[    0.140324] ACPI: Core revision 20190816
[    0.140422] APIC: Switch to symmetric I/O mode setup
[    0.140686] x2apic enabled
[    0.140930] Switched APIC routing to physical x2apic.
[    0.142077] ..TIMER: vector=0x30 apic1=0 pin1=2 apic2=-1 pin2=-1
[    0.142101] clocksource: tsc-early: mask: 0xffffffffffffffff max_cycles: 0x1e4530a99b6, max_idle_ns: 440795257976 ns
[    0.142107] Calibrating delay loop (skipped) preset value.. 4200.00 BogoMIPS (lpj=8400000)
[    0.142109] pid_max: default: 32768 minimum: 301
[    0.142139] LSM: Security Framework initializing
[    0.142148] Yama: becoming mindful.
[    0.142175] AppArmor: AppArmor initialized
[    0.142209] Mount-cache hash table entries: 4096 (order: 3, 32768 bytes, linear)
[    0.142213] Mountpoint-cache hash table entries: 4096 (order: 3, 32768 bytes, linear)
[    0.142222] *** VALIDATE tmpfs ***
[    0.142351] *** VALIDATE proc ***
[    0.142390] *** VALIDATE cgroup1 ***
[    0.142392] *** VALIDATE cgroup2 ***
[    0.142547] process: using mwait in idle threads
[    0.142552] Last level iTLB entries: 4KB 64, 2MB 8, 4MB 8
[    0.142553] Last level dTLB entries: 4KB 64, 2MB 0, 4MB 0, 1GB 4
[    0.142573] Spectre V1 : Mitigation: usercopy/swapgs barriers and __user pointer sanitization
[    0.142578] Spectre V2 : Mitigation: Retpolines
[    0.142579] Spectre V2 : Spectre v2 / SpectreRSB mitigation: Filling RSB on context switch
[    0.142580] Spectre V2 : Spectre v2 / SpectreRSB : Filling RSB on VMEXIT
[    0.142580] RETBleed: WARNING: Spectre v2 mitigation leaves CPU vulnerable to RETBleed attacks, data leaks possible!
[    0.142960] RETBleed: Vulnerable
[    0.142960] Speculative Store Bypass: Vulnerable
[    0.142965] TAA: Mitigation: TSX disabled
[    0.142966] MMIO Stale Data: Mitigation: Clear CPU buffers
[    0.147189] Freeing SMP alternatives memory: 40K
[    0.259578] smpboot: CPU0: Intel(R) Xeon(R) Silver 4216 CPU @ 2.10GHz (family: 0x6, model: 0x55, stepping: 0x7)
[    0.259732] Performance Events: unsupported p6 CPU model 85 no PMU driver, software events only.
[    0.259773] rcu: Hierarchical SRCU implementation.
[    0.260294] NMI watchdog: Perf NMI watchdog permanently disabled
[    0.260344] smp: Bringing up secondary CPUs ...
[    0.260345] smp: Brought up 1 node, 1 CPU
[    0.260346] smpboot: Max logical packages: 1
[    0.260347] smpboot: Total of 1 processors activated (4200.00 BogoMIPS)
[    0.261331] devtmpfs: initialized
[    0.261379] x86/mm: Memory block size: 128MB
[    0.261729] clocksource: jiffies: mask: 0xffffffff max_cycles: 0xffffffff, max_idle_ns: 7645041785100000 ns
[    0.261736] futex hash table entries: 256 (order: 2, 16384 bytes, linear)
[    0.261779] pinctrl core: initialized pinctrl subsystem
[    0.261897] PM: RTC time: 14:32:10, date: 2026-01-17
[    0.262003] NET: Registered protocol family 16
[    0.262077] audit: initializing netlink subsys (disabled)
[    0.262103] EISA bus registered
[    0.262103] cpuidle: using governor ladder
[    0.262103] cpuidle: using governor menu
[    0.262103] ACPI: bus type PCI registered
[    0.262103] acpiphp: ACPI Hot Plug PCI Controller Driver version: 0.5
[    0.262103] PCI: Using configuration type 1 for base access
[    0.262512] audit: type=2000 audit(1768631536.569:1): state=initialized audit_enabled=0 res=1
[    0.262590] HugeTLB registered 2.00 MiB page size, pre-allocated 0 pages
[    0.263410] ACPI: Added _OSI(Module Device)
[    0.263410] ACPI: Added _OSI(Processor Device)
[    0.263411] ACPI: Added _OSI(3.0 _SCP Extensions)
[    0.263412] ACPI: Added _OSI(Processor Aggregator Device)
[    0.263413] ACPI: Added _OSI(Linux-Dell-Video)
[    0.263414] ACPI: Added _OSI(Linux-Lenovo-NV-HDMI-Audio)
[    0.263414] ACPI: Added _OSI(Linux-HPI-Hybrid-Graphics)
[    0.265380] ACPI: 2 ACPI AML tables successfully acquired and loaded
[    0.266103] ACPI: Interpreter enabled
[    0.266103] ACPI: (supports S0 S5)
[    0.266103] ACPI: Using IOAPIC for interrupt routing
[    0.266103] PCI: Using host bridge windows from ACPI; if necessary, use "pci=nocrs" and report a bug
[    0.266103] ACPI: Enabled 2 GPEs in block 00 to 07
[    0.273670] ACPI: PCI Root Bridge [PCI0] (domain 0000 [bus 00-ff])
[    0.273675] acpi PNP0A03:00: _OSC: OS supports [ASPM ClockPM Segments MSI HPX-Type3]
[    0.274173] acpi PNP0A03:00: _OSC: not requesting OS control; OS requires [ExtendedConfig ASPM ClockPM MSI]
[    0.274181] acpi PNP0A03:00: fail to add MMCONFIG information, can't access extended PCI configuration space under this bridge.
[    0.274581] PCI host bridge to bus 0000:00
[    0.274583] pci_bus 0000:00: root bus resource [io  0x0000-0x0cf7 window]
[    0.274584] pci_bus 0000:00: root bus resource [io  0x0d00-0xffff window]
[    0.274585] pci_bus 0000:00: root bus resource [mem 0x000a0000-0x000bffff window]
[    0.274587] pci_bus 0000:00: root bus resource [mem 0x80000000-0xfdffffff window]
[    0.274588] pci_bus 0000:00: root bus resource [bus 00-ff]
[    0.274636] pci 0000:00:00.0: [8086:1237] type 00 class 0x060000
[    0.275619] pci 0000:00:01.0: [8086:7000] type 00 class 0x060100
[    0.276483] pci 0000:00:01.1: [8086:7111] type 00 class 0x01018a
[    0.276904] pci 0000:00:01.1: reg 0x20: [io  0xd000-0xd00f]
[    0.277065] pci 0000:00:01.1: legacy IDE quirk: reg 0x10: [io  0x01f0-0x01f7]
[    0.277066] pci 0000:00:01.1: legacy IDE quirk: reg 0x14: [io  0x03f6]
[    0.277067] pci 0000:00:01.1: legacy IDE quirk: reg 0x18: [io  0x0170-0x0177]
[    0.277067] pci 0000:00:01.1: legacy IDE quirk: reg 0x1c: [io  0x0376]
[    0.277650] pci 0000:00:02.0: [15ad:0405] type 00 class 0x030000
[    0.280200] pci 0000:00:02.0: reg 0x10: [io  0xd010-0xd01f]
[    0.284065] pci 0000:00:02.0: reg 0x14: [mem 0xe0000000-0xe7ffffff pref]
[    0.286157] pci 0000:00:02.0: reg 0x18: [mem 0xf0000000-0xf01fffff]
[    0.299072] pci 0000:00:03.0: [1022:2000] type 00 class 0x020000
[    0.300026] pci 0000:00:03.0: reg 0x10: [io  0xd020-0xd03f]
[    0.300826] pci 0000:00:03.0: reg 0x14: [mem 0xf0200000-0xf0200fff]
[    0.306514] pci 0000:00:04.0: [80ee:cafe] type 00 class 0x088000
[    0.307394] pci 0000:00:04.0: reg 0x10: [io  0xd040-0xd05f]
[    0.308182] pci 0000:00:04.0: reg 0x14: [mem 0xf0400000-0xf07fffff]
[    0.308981] pci 0000:00:04.0: reg 0x18: [mem 0xf0800000-0xf0803fff pref]
[    0.313186] pci 0000:00:07.0: [8086:7113] type 00 class 0x068000
[    0.314103] pci 0000:00:07.0: quirk: [io  0x4000-0x403f] claimed by PIIX4 ACPI
[    0.314103] pci 0000:00:07.0: quirk: [io  0x4100-0x410f] claimed by PIIX4 SMB
[    0.314221] pci 0000:00:08.0: [8086:100e] type 00 class 0x020000
[    0.314981] pci 0000:00:08.0: reg 0x10: [mem 0xf0820000-0xf083ffff]
[    0.318728] pci 0000:00:08.0: reg 0x18: [io  0xd060-0xd067]
[    0.321968] pci 0000:00:09.0: [8086:100e] type 00 class 0x020000
[    0.322708] pci 0000:00:09.0: reg 0x10: [mem 0xf0840000-0xf085ffff]
[    0.323863] pci 0000:00:09.0: reg 0x18: [io  0xd068-0xd06f]
[    0.334692] ACPI: PCI Interrupt Link [LNKA] (IRQs 5 9 10 *11)
[    0.334975] ACPI: PCI Interrupt Link [LNKB] (IRQs 5 9 *10 11)
[    0.335074] ACPI: PCI Interrupt Link [LNKC] (IRQs 5 *9 10 11)
[    0.335180] ACPI: PCI Interrupt Link [LNKD] (IRQs 5 9 10 *11)
[    0.335445] iommu: Default domain type: Translated 
[    0.335503] pci 0000:00:02.0: vgaarb: setting as boot VGA device
[    0.335505] pci 0000:00:02.0: vgaarb: VGA device added: decodes=io+mem,owns=io+mem,locks=none
[    0.335507] pci 0000:00:02.0: vgaarb: bridge control possible
[    0.335507] vgaarb: loaded
[    0.335715] SCSI subsystem initialized
[    0.335746] libata version 3.00 loaded.
[    0.335769] ACPI: bus type USB registered
[    0.335785] usbcore: registered new interface driver usbfs
[    0.335791] usbcore: registered new interface driver hub
[    0.335799] usbcore: registered new device driver usb
[    0.335827] pps_core: LinuxPPS API ver. 1 registered
[    0.335827] pps_core: Software ver. 5.3.6 - Copyright 2005-2007 Rodolfo Giometti <giometti@linux.it>
[    0.335829] PTP clock support registered
[    0.335863] EDAC MC: Ver: 3.0.0
[    0.336149] PCI: Using ACPI for IRQ routing
[    0.336150] PCI: pci_cache_line_size set to 64 bytes
[    0.336325] e820: reserve RAM buffer [mem 0x0009fc00-0x0009ffff]
[    0.336328] e820: reserve RAM buffer [mem 0x7fff0000-0x7fffffff]
[    0.337169] NetLabel: Initializing
[    0.337170] NetLabel:  domain hash size = 128
[    0.337170] NetLabel:  protocols = UNLABELED CIPSOv4 CALIPSO
[    0.337191] NetLabel:  unlabeled traffic allowed by default
[    0.338103] clocksource: Switched to clocksource kvm-clock
[    0.347333] *** VALIDATE bpf ***
[    0.347333] VFS: Disk quotas dquot_6.6.0
[    0.347333] VFS: Dquot-cache hash table entries: 512 (order 0, 4096 bytes)
[    0.347333] *** VALIDATE ramfs ***
[    0.347333] *** VALIDATE hugetlbfs ***
[    0.347333] AppArmor: AppArmor Filesystem Enabled
[    0.347333] pnp: PnP ACPI init
[    0.347333] pnp 00:00: Plug and Play ACPI device, IDs PNP0303 (active)
[    0.348996] pnp 00:01: Plug and Play ACPI device, IDs PNP0f03 (active)
[    0.349742] pnp: PnP ACPI: found 2 devices
[    0.350745] thermal_sys: Registered thermal governor 'fair_share'
[    0.350746] thermal_sys: Registered thermal governor 'bang_bang'
[    0.350746] thermal_sys: Registered thermal governor 'step_wise'
[    0.350747] thermal_sys: Registered thermal governor 'user_space'
[    0.350747] thermal_sys: Registered thermal governor 'power_allocator'
[    0.355279] clocksource: acpi_pm: mask: 0xffffff max_cycles: 0xffffff, max_idle_ns: 2085701024 ns
[    0.355321] pci_bus 0000:00: resource 4 [io  0x0000-0x0cf7 window]
[    0.355322] pci_bus 0000:00: resource 5 [io  0x0d00-0xffff window]
[    0.355323] pci_bus 0000:00: resource 6 [mem 0x000a0000-0x000bffff window]
[    0.355325] pci_bus 0000:00: resource 7 [mem 0x80000000-0xfdffffff window]
[    0.355381] NET: Registered protocol family 2
[    0.355381] IP idents hash table entries: 32768 (order: 6, 262144 bytes, linear)
[    0.355381] MPTCP tokens hash table entries: 8192 (order: 4, 65536 bytes, linear)
[    0.355381] MPTCP request tokens hash table entries: 8192 (order: 4, 65536 bytes, linear)
[    0.355381] default registered
[    0.355381] default registered
[    0.355381] MPTCP: Stable release v0.96
[    0.355381] tcp_listen_portaddr_hash hash table entries: 1024 (order: 2, 16384 bytes, linear)
[    0.355381] TCP established hash table entries: 16384 (order: 5, 131072 bytes, linear)
[    0.355381] TCP bind hash table entries: 16384 (order: 6, 262144 bytes, linear)
[    0.355381] TCP: Hash tables configured (established 16384 bind 16384)
[    0.356857] UDP hash table entries: 1024 (order: 3, 32768 bytes, linear)
[    0.356868] UDP-Lite hash table entries: 1024 (order: 3, 32768 bytes, linear)
[    0.356908] NET: Registered protocol family 1
[    0.356917] NET: Registered protocol family 44
[    0.356938] pci 0000:00:00.0: Limiting direct PCI/PCI transfers
[    0.356954] pci 0000:00:01.0: Activating ISA DMA hang workarounds
[    0.357010] pci 0000:00:02.0: Video device with shadowed ROM at [mem 0x000c0000-0x000dffff]
[    0.357076] PCI: CLS 0 bytes, default 64
[    0.357123] Trying to unpack rootfs image as initramfs...
[    0.531516] Freeing initrd memory: 47868K
[    0.531516] clocksource: tsc: mask: 0xffffffffffffffff max_cycles: 0x1e4530a99b6, max_idle_ns: 440795257976 ns
[    0.531516] clocksource: Switched to clocksource tsc
[    0.531516] platform rtc_cmos: registered platform RTC device (no PNP device found)
[    0.531516] check: Scanning for low memory corruption every 60 seconds
[    0.531516] Initialise system trusted keyrings
[    0.531516] Key type blacklist registered
[    0.531516] workingset: timestamp_bits=36 max_order=19 bucket_order=0
[    0.531516] zbud: loaded
[    0.531516] squashfs: version 4.0 (2009/01/31) Phillip Lougher
[    0.531516] fuse: init (API version 7.31)
[    0.531516] *** VALIDATE fuse ***
[    0.531516] *** VALIDATE fuse ***
[    0.531516] Platform Keyring initialized
[    0.544355] Key type asymmetric registered
[    0.544357] Asymmetric key parser 'x509' registered
[    0.544366] Block layer SCSI generic (bsg) driver version 0.4 loaded (major 244)
[    0.544400] io scheduler mq-deadline registered
[    0.544520] shpchp: Standard Hot Plug PCI Controller Driver version: 0.4
[    0.544735] ACPI: AC Adapter [AC] (on-line)
[    0.544780] input: Power Button as /devices/LNXSYSTM:00/LNXPWRBN:00/input/input0
[    0.544810] ACPI: Power Button [PWRF]
[    0.544883] input: Sleep Button as /devices/LNXSYSTM:00/LNXSLPBN:00/input/input1
[    0.544898] ACPI: Sleep Button [SLPF]
[    0.545135] Serial: 8250/16550 driver, 32 ports, IRQ sharing enabled
[    0.546491] Linux agpgart interface v0.103
[    0.635373] loop: module loaded
[    0.635646] ata_piix 0000:00:01.1: version 2.13
[    0.636452] scsi host0: ata_piix
[    0.636670] scsi host1: ata_piix
[    0.636728] ata1: PATA max UDMA/33 cmd 0x1f0 ctl 0x3f6 bmdma 0xd000 irq 14
[    0.636730] ata2: PATA max UDMA/33 cmd 0x170 ctl 0x376 bmdma 0xd008 irq 15
[    0.636879] tun: Universal TUN/TAP device driver, 1.6
[    0.637467] PPP generic driver version 2.4.2
[    0.637554] VFIO - User Level meta-driver version: 0.3
[    0.638017] ehci_hcd: USB 2.0 'Enhanced' Host Controller (EHCI) Driver
[    0.638028] ehci-pci: EHCI PCI platform driver
[    0.638054] ehci-platform: EHCI generic platform driver
[    0.638065] ohci_hcd: USB 1.1 'Open' Host Controller (OHCI) Driver
[    0.638069] ohci-pci: OHCI PCI platform driver
[    0.638083] ohci-platform: OHCI generic platform driver
[    0.638093] uhci_hcd: USB Universal Host Controller Interface driver
[    0.638212] i8042: PNP: PS/2 Controller [PNP0303:PS2K,PNP0f03:PS2M] at 0x60,0x64 irq 1,12
[    0.638990] serio: i8042 KBD port at 0x60,0x64 irq 1
[    0.638998] serio: i8042 AUX port at 0x60,0x64 irq 12
[    0.639177] mousedev: PS/2 mouse device common for all mice
[    0.639698] input: AT Translated Set 2 keyboard as /devices/platform/i8042/serio0/input/input2
[    0.640544] rtc_cmos rtc_cmos: registered as rtc0
[    0.640575] rtc_cmos rtc_cmos: alarms up to one day, 114 bytes nvram
[    0.640587] i2c /dev entries driver
[    0.640668] device-mapper: uevent: version 1.0.3
[    0.640759] device-mapper: ioctl: 4.41.0-ioctl (2019-09-16) initialised: dm-devel@redhat.com
[    0.640791] platform eisa.0: Probing EISA bus 0
[    0.640793] platform eisa.0: EISA: Cannot allocate resource for mainboard
[    0.640796] platform eisa.0: Cannot allocate resource for EISA slot 1
[    0.640798] platform eisa.0: Cannot allocate resource for EISA slot 2
[    0.640800] platform eisa.0: Cannot allocate resource for EISA slot 3
[    0.640803] platform eisa.0: Cannot allocate resource for EISA slot 4
[    0.640805] platform eisa.0: Cannot allocate resource for EISA slot 5
[    0.640807] platform eisa.0: Cannot allocate resource for EISA slot 6
[    0.640809] platform eisa.0: Cannot allocate resource for EISA slot 7
[    0.640811] platform eisa.0: Cannot allocate resource for EISA slot 8
[    0.640813] platform eisa.0: EISA: Detected 0 cards
[    0.640818] intel_pstate: CPU model not supported
[    0.640834] ledtrig-cpu: registered to indicate activity on CPUs
[    0.640927] drop_monitor: Initializing network drop monitor service
[    0.641258] NET: Registered protocol family 10
[    0.647753] Segment Routing with IPv6
[    0.647753] fullmesh registered
[    0.647753] ndiffports registered
[    0.647753] binder registered
[    0.647753] roundrobin registered
[    0.647753] redundant registered
[    0.647753] blest registered
[    0.647753] ecf registered
[    0.647753] NET: Registered protocol family 17
[    0.647753] Key type dns_resolver registered
[    0.647753] RAS: Correctable Errors collector initialized.
[    0.647753] IPI shorthand broadcast: enabled
[    0.647753] sched_clock: Marking stable (632495577, 11257423)->(647343771, -3590771)
[    0.652258] registered taskstats version 1
[    0.652272] Loading compiled-in X.509 certificates
[    0.653949] Loaded X.509 cert 'Build time autogenerated kernel key: 6909f3744cebb3d0de528d5887b96a727de79b1e'
[    0.653998] zswap: loaded using pool lzo/zbud
[    0.654172] Key type ._fscrypt registered
[    0.654174] Key type .fscrypt registered
[    0.664151] Key type big_key registered
[    0.668057] Key type encrypted registered
[    0.668061] AppArmor: AppArmor sha1 policy hashing enabled
[    0.668071] ima: No TPM chip found, activating TPM-bypass!
[    0.668080] ima: Allocated hash algorithm: sha1
[    0.668088] ima: No architecture policies found
[    0.668103] evm: Initialising EVM extended attributes:
[    0.668104] evm: security.selinux
[    0.668105] evm: security.SMACK64
[    0.668106] evm: security.SMACK64EXEC
[    0.668106] evm: security.SMACK64TRANSMUTE
[    0.668107] evm: security.SMACK64MMAP
[    0.668108] evm: security.apparmor
[    0.668109] evm: security.ima
[    0.668110] evm: security.capability
[    0.668111] evm: HMAC attrs: 0x1
[    0.668602] PM:   Magic number: 10:209:536
[    0.668616] tty ttyS16: hash matches
[    0.668789] rtc_cmos rtc_cmos: setting system clock to 2026-01-17T14:32:11 UTC (1768660331)
[    0.807523] ata1.00: ATA-6: VBOX HARDDISK, 1.0, max UDMA/133
[    0.807526] ata1.00: 209715200 sectors, multi 128: LBA 
[    0.808054] scsi 0:0:0:0: Direct-Access     ATA      VBOX HARDDISK    1.0  PQ: 0 ANSI: 5
[    0.808287] sd 0:0:0:0: [sda] 209715200 512-byte logical blocks: (107 GB/100 GiB)
[    0.808299] sd 0:0:0:0: [sda] Write Protect is off
[    0.808302] sd 0:0:0:0: [sda] Mode Sense: 00 3a 00 00
[    0.808322] sd 0:0:0:0: [sda] Write cache: enabled, read cache: enabled, doesn't support DPO or FUA
[    0.808595] sd 0:0:0:0: Attached scsi generic sg0 type 0
[    0.809135]  sda: sda1 sda2
[    0.819461] sd 0:0:0:0: [sda] Attached SCSI disk
[    0.821887] Freeing unused decrypted memory: 2040K
[    0.822690] Freeing unused kernel image memory: 2728K
[    0.822693] Write protecting the kernel read-only data: 22528k
[    0.823497] Freeing unused kernel image memory: 2036K
[    0.823952] Freeing unused kernel image memory: 1432K
[    0.842462] x86/mm: Checked W+X mappings: passed, no W+X pages found.
[    0.842466] Run /init as init process
[    0.942957] ACPI: Video Device [GFX0] (multi-head: yes  rom: no  post: no)
[    0.943030] input: Video Bus as /devices/LNXSYSTM:00/LNXSYBUS:00/PNP0A03:00/LNXVIDEO:00/input/input4
[    0.956126] pcnet32: pcnet32.c:v1.35 21.Apr.2008 tsbogend@alpha.franken.de
[    0.957757] piix4_smbus 0000:00:07.0: SMBus Host Controller at 0x4100, revision 0
[    0.960223] e1000: Intel(R) PRO/1000 Network Driver - version 7.3.21-k8-NAPI
[    0.960223] e1000: Copyright (c) 1999-2006 Intel Corporation.
[    0.971216] pcnet32: PCnet/FAST III 79C973 at 0xd020, 08:00:27:b6:9b:7d assigned IRQ 19
[    0.971260] pcnet32: Found PHY 0022:561b at address 0
[    0.976849] pcnet32: eth0: registered as PCnet/FAST III 79C973
[    0.976873] pcnet32: 1 cards_found
[    1.030719] pcnet32 0000:00:03.0 enp0s3: renamed from eth0
[    1.170137] input: ImExPS/2 Generic Explorer Mouse as /devices/platform/i8042/serio1/input/input5
[    1.368460] e1000 0000:00:08.0 eth0: (PCI:33MHz:32-bit) 08:00:27:a9:09:9b
[    1.368466] e1000 0000:00:08.0 eth0: Intel(R) PRO/1000 Network Connection
[    1.739863] e1000 0000:00:09.0 eth1: (PCI:33MHz:32-bit) 08:00:27:2f:32:54
[    1.739865] e1000 0000:00:09.0 eth1: Intel(R) PRO/1000 Network Connection
[    1.741094] e1000 0000:00:09.0 enp0s9: renamed from eth1
[    1.742869] e1000 0000:00:08.0 enp0s8: renamed from eth0
[    1.885328] EXT4-fs (sda2): mounted filesystem with ordered data mode. Opts: (null)
[    1.970906] systemd[1]: Inserted module 'autofs4'
[    1.980929] systemd[1]: systemd 245.4-4ubuntu3 running in system mode. (+PAM +AUDIT +SELINUX +IMA +APPARMOR +SMACK +SYSVINIT +UTMP +LIBCRYPTSETUP +GCRYPT +GNUTLS +ACL +XZ +LZ4 +SECCOMP +BLKID +ELFUTILS +KMOD +IDN2 -IDN +PCRE2 default-hierarchy=hybrid)
[    1.980958] systemd[1]: Detected virtualization oracle.
[    1.980962] systemd[1]: Detected architecture x86-64.
[    1.982237] systemd[1]: Set hostname to <ztg>.
[    2.111160] systemd[1]: /lib/systemd/system/dbus.socket:5: ListenStream= references a path below legacy directory /var/run/, updating /var/run/dbus/system_bus_socket â†’ /run/dbus/system_bus_socket; please update the unit file accordingly.
[    2.162477] systemd[1]: Created slice system-modprobe.slice.
[    2.162672] systemd[1]: Created slice User and Session Slice.
[    2.162718] systemd[1]: Started Forward Password Requests to Wall Directory Watch.
[    2.162899] systemd[1]: Set up automount Arbitrary Executable File Formats File System Automount Point.
[    2.162933] systemd[1]: Reached target User and Group Name Lookups.
[    2.162942] systemd[1]: Reached target Remote File Systems.
[    2.162949] systemd[1]: Reached target Slices.
[    2.163486] systemd[1]: Listening on Syslog Socket.
[    2.163557] systemd[1]: Listening on fsck to fsckd communication Socket.
[    2.163596] systemd[1]: Listening on initctl Compatibility Named Pipe.
[    2.163739] systemd[1]: Listening on Journal Audit Socket.
[    2.163791] systemd[1]: Listening on Journal Socket (/dev/log).
[    2.163866] systemd[1]: Listening on Journal Socket.
[    2.163935] systemd[1]: Listening on udev Control Socket.
[    2.163975] systemd[1]: Listening on udev Kernel Socket.
[    2.164857] systemd[1]: Mounting Huge Pages File System...
[    2.165864] systemd[1]: Mounting POSIX Message Queue File System...
[    2.166825] systemd[1]: Mounting Kernel Debug File System...
[    2.167708] systemd[1]: Mounting Kernel Trace File System...
[    2.170330] systemd[1]: Starting Journal Service...
[    2.197277] systemd[1]: Starting Set the console keyboard layout...
[    2.205452] systemd[1]: Starting Create list of static device nodes for the current kernel...
[    2.207526] systemd[1]: Starting Load Kernel Module drm...
[    2.208639] systemd[1]: Condition check resulted in Set Up Additional Binary Formats being skipped.
[    2.208685] systemd[1]: Condition check resulted in File System Check on Root Device being skipped.
[    2.222385] systemd[1]: Starting Load Kernel Modules...
[    2.227930] systemd[1]: Starting Remount Root and Kernel File Systems...
[    2.237605] systemd[1]: Starting udev Coldplug all Devices...
[    2.249194] systemd[1]: Starting Uncomplicated firewall...
[    2.250565] systemd[1]: Mounted Huge Pages File System.
[    2.250663] systemd[1]: Mounted POSIX Message Queue File System.
[    2.250742] systemd[1]: Mounted Kernel Debug File System.
[    2.250858] systemd[1]: Mounted Kernel Trace File System.
[    2.253097] EXT4-fs (sda2): re-mounted. Opts: errors=remount-ro
[    2.275458] systemd[1]: Finished Create list of static device nodes for the current kernel.
[    2.276679] systemd[1]: modprobe@drm.service: Succeeded.
[    2.291557] systemd[1]: Finished Load Kernel Module drm.
[    2.292133] systemd[1]: Finished Remount Root and Kernel File Systems.
[    2.299110] systemd[1]: Finished Uncomplicated firewall.
[    2.301456] lp: driver loaded but no devices found
[    2.302931] systemd[1]: Condition check resulted in Rebuild Hardware Database being skipped.
[    2.302993] systemd[1]: Condition check resulted in Platform Persistent Storage Archival being skipped.
[    2.323587] systemd[1]: Starting Load/Save Random Seed...
[    2.324368] systemd[1]: Starting Create System Users...
[    2.330705] ppdev: user-space parallel port driver
[    2.339483] systemd[1]: Finished Load/Save Random Seed.
[    2.345675] systemd[1]: Finished Create System Users.
[    2.346531] systemd[1]: Starting Create Static Device Nodes in /dev...
[    2.380717] systemd[1]: Finished Create Static Device Nodes in /dev.
[    2.381641] systemd[1]: Starting udev Kernel Device Manager...
[    2.420253] [drm] DMA map mode: Caching DMA mappings.
[    2.420317] [drm] Capabilities:
[    2.420317] [drm]   Rect copy.
[    2.420318] [drm]   Cursor.
[    2.420318] [drm]   Cursor bypass.
[    2.420318] [drm]   Cursor bypass 2.
[    2.420319] [drm]   Alpha cursor.
[    2.420319] [drm]   Extended Fifo.
[    2.420320] [drm]   Pitchlock.
[    2.420320] [drm]   Irq mask.
[    2.420320] [drm]   GMR.
[    2.420321] [drm]   Traces.
[    2.420321] [drm]   GMR2.
[    2.420321] [drm]   Screen Object 2.
[    2.420322] [drm]   Command Buffers.
[    2.420322] [drm]   Command Buffers 2.
[    2.420323] [drm]   Guest Backed Resources.
[    2.420324] [drm] Max GMR ids is 8192
[    2.420324] [drm] Max number of GMR pages is 1048576
[    2.420325] [drm] Max dedicated hypervisor surface memory is 393216 kiB
[    2.420326] [drm] Maximum display memory size is 131072 kiB
[    2.420326] [drm] VRAM at 0xe0000000 size is 131072 kiB
[    2.420327] [drm] MMIO at 0xf0000000 size is 2048 kiB
[    2.425349] [TTM] Zone  kernel: Available graphics memory: 1011738 KiB
[    2.425350] [TTM] Initializing pool allocator
[    2.425355] [TTM] Initializing DMA pool allocator
[    2.425392] [drm] Supports vblank timestamp caching Rev 2 (21.10.2013).
[    2.425393] [drm] No driver support for vblank timestamp query.
[    2.425642] [drm] Screen Target Display device initialized
[    2.425975] [drm] width 720
[    2.425984] [drm] height 400
[    2.425988] [drm] bpp 32
[    2.426524] [drm] Fifo max 0x00200000 min 0x00001000 cap 0x00000355
[    2.428194] [drm] Using command buffers with DMA pool.
[    2.428199] [drm] DX: no.
[    2.428199] [drm] Atomic: yes.
[    2.428200] [drm] SM4_1: no.
[    2.428219] [drm:vmw_host_log [vmwgfx]] *ERROR* Failed to send host log message.
[    2.432494] systemd[1]: Finished udev Coldplug all Devices.
[    2.435165] [drm:vmw_host_log [vmwgfx]] *ERROR* Failed to send host log message.
[    2.455497] fbcon: svgadrmfb (fb0) is primary device
[    2.457855] Console: switching to colour frame buffer device 100x37
[    2.467617] [drm] Initialized vmwgfx 2.15.0 20180704 for 0000:00:02.0 on minor 0
[    2.472234] systemd[1]: Finished Load Kernel Modules.
[    2.473293] systemd[1]: Mounting FUSE Control File System...
[    2.474798] systemd[1]: Mounting Kernel Configuration File System...
[    2.485849] systemd[1]: Starting Apply Kernel Variables...
[    2.511311] systemd[1]: Mounted FUSE Control File System.
[    2.511409] systemd[1]: Condition check resulted in VMware vmblock fuse mount being skipped.
[    2.521524] systemd[1]: Mounted Kernel Configuration File System.
[    2.523558] systemd[1]: Finished Set the console keyboard layout.
[    2.523672] systemd[1]: Reached target Local File Systems (Pre).
[    2.526703] systemd[1]: Mounting Mount unit for bare, revision 5...
[    2.528989] systemd[1]: Mounting Mount unit for core18, revision 1705...
[    2.541862] systemd[1]: Mounting Mount unit for gnome-3-34-1804, revision 24...
[    2.547549] systemd[1]: Mounting Mount unit for gtk-common-themes, revision 1506...
[    2.578481] systemd[1]: Mounting Mount unit for gtk-common-themes, revision 1535...
[    2.588974] systemd[1]: Mounting Mount unit for snap-store, revision 433...
[    2.596784] systemd[1]: Mounting Mount unit for snapd, revision 25935...
[    2.601058] systemd[1]: Finished Apply Kernel Variables.
[    2.603164] systemd[1]: Started udev Kernel Device Manager.
[    2.605414] systemd[1]: Starting Show Plymouth Boot Screen...
[    2.613163] systemd[1]: Received SIGRTMIN+20 from PID 273 (plymouthd).
[    2.637588] systemd[1]: Mounted Mount unit for bare, revision 5.
[    2.641043] systemd[1]: Mounted Mount unit for gnome-3-34-1804, revision 24.
[    2.641230] systemd[1]: Mounted Mount unit for gtk-common-themes, revision 1506.
[    2.641404] systemd[1]: Started Show Plymouth Boot Screen.
[    2.641602] systemd[1]: Condition check resulted in Dispatch Password Requests to Console Directory Watch being skipped.
[    2.641700] systemd[1]: Started Forward Password Requests to Plymouth Directory Watch.
[    2.641766] systemd[1]: Reached target Local Encrypted Volumes.
[    2.685248] systemd[1]: Mounted Mount unit for core18, revision 1705.
[    2.734542] systemd[1]: Mounted Mount unit for gtk-common-themes, revision 1535.
[    2.767316] systemd[1]: Mounted Mount unit for snap-store, revision 433.
[    2.767596] systemd[1]: Mounted Mount unit for snapd, revision 25935.
[    2.767772] systemd[1]: Reached target Local File Systems.
[    2.770670] systemd[1]: Starting Load AppArmor profiles...
[    2.776037] systemd[1]: Starting Set console font and keymap...
[    2.785418] systemd[1]: Starting Tell Plymouth To Write Out Runtime Data...
[    2.786900] systemd[1]: Condition check resulted in Store a System Token in an EFI Variable being skipped.
[    2.786954] systemd[1]: Condition check resulted in Commit a transient machine-id on disk being skipped.
[    2.790785] systemd[1]: Finished Set console font and keymap.
[    2.798936] systemd[1]: Received SIGRTMIN+20 from PID 273 (plymouthd).
[    2.801199] systemd[1]: plymouth-read-write.service: Succeeded.
[    2.801429] systemd[1]: Finished Tell Plymouth To Write Out Runtime Data.
[    2.820886] audit: type=1400 audit(1768660333.648:2): apparmor="STATUS" operation="profile_load" profile="unconfined" name="nvidia_modprobe" pid=300 comm="apparmor_parser"
[    2.820889] audit: type=1400 audit(1768660333.648:3): apparmor="STATUS" operation="profile_load" profile="unconfined" name="nvidia_modprobe//kmod" pid=300 comm="apparmor_parser"
[    2.828048] audit: type=1400 audit(1768660333.656:4): apparmor="STATUS" operation="profile_load" profile="unconfined" name="/usr/sbin/tcpdump" pid=301 comm="apparmor_parser"
[    2.871963] audit: type=1400 audit(1768660333.692:5): apparmor="STATUS" operation="profile_load" profile="unconfined" name="/usr/bin/evince" pid=303 comm="apparmor_parser"
[    2.871965] audit: type=1400 audit(1768660333.692:6): apparmor="STATUS" operation="profile_load" profile="unconfined" name="/usr/bin/evince//sanitized_helper" pid=303 comm="apparmor_parser"
[    2.871966] audit: type=1400 audit(1768660333.692:7): apparmor="STATUS" operation="profile_load" profile="unconfined" name="/usr/bin/evince-previewer" pid=303 comm="apparmor_parser"
[    2.871968] audit: type=1400 audit(1768660333.692:8): apparmor="STATUS" operation="profile_load" profile="unconfined" name="/usr/bin/evince-previewer//sanitized_helper" pid=303 comm="apparmor_parser"
[    2.871969] audit: type=1400 audit(1768660333.692:9): apparmor="STATUS" operation="profile_load" profile="unconfined" name="/usr/bin/evince-thumbnailer" pid=303 comm="apparmor_parser"
[    2.903144] audit: type=1400 audit(1768660333.728:10): apparmor="STATUS" operation="profile_load" profile="unconfined" name="/usr/lib/cups/backend/cups-pdf" pid=304 comm="apparmor_parser"
[    2.966758] systemd[1]: Finished Load AppArmor profiles.
[    2.967691] systemd[1]: Starting Load AppArmor profiles managed internally by snapd...
[    3.089803] systemd[1]: Finished Load AppArmor profiles managed internally by snapd.
[    3.219044] systemd[1]: Started Journal Service.
[    3.227355] systemd-journald[229]: Received client request to flush runtime journal.
[    3.231523] systemd-journald[229]: File /var/log/journal/c455b248004a419c87ce85eea238d727/system.journal corrupted or uncleanly shut down, renaming and replacing.
[    4.637916] RAPL PMU: API unit is 2^-32 Joules, 0 fixed counters, 10737418240 ms ovfl timer
[    4.696083] cryptd: max_cpu_qlen set to 1000
[    4.708710] AVX2 version of gcm_enc/dec engaged.
[    4.708711] AES CTR mode by8 optimization enabled
[    6.685420] Adding 1998844k swap on /dev/sda1.  Priority:-2 extents:1 across:1998844k FS
[    8.707602] kauditd_printk_skb: 30 callbacks suppressed
[    8.707604] audit: type=1400 audit(1768660339.532:41): apparmor="DENIED" operation="capable" profile="/usr/sbin/cups-browsed" pid=508 comm="cups-browsed" capability=23  capname="sys_nice"
[    9.324317] pcnet32 0000:00:03.0 enp0s3: link up, 100Mbps, full-duplex
[    9.369065] e1000: enp0s8 NIC Link is Up 1000 Mbps Full Duplex, Flow Control: RX
[    9.369344] IPv6: ADDRCONF(NETDEV_CHANGE): enp0s8: link becomes ready
[    9.391574] e1000: enp0s9 NIC Link is Up 1000 Mbps Full Duplex, Flow Control: RX
[    9.391903] IPv6: ADDRCONF(NETDEV_CHANGE): enp0s9: link becomes ready
[   10.114228] device enp0s3 entered promiscuous mode
[   10.142362] audit: type=1400 audit(1768660340.968:42): apparmor="DENIED" operation="open" profile="/usr/sbin/tcpdump" name="/proc/sys/kernel/random/boot_id" pid=669 comm="tcpdump" requested_mask="r" denied_mask="r" fsuid=0 ouid=0
[   10.142509] audit: type=1400 audit(1768660340.968:43): apparmor="DENIED" operation="open" profile="/usr/sbin/tcpdump" name="/proc/sys/kernel/random/boot_id" pid=669 comm="tcpdump" requested_mask="r" denied_mask="r" fsuid=0 ouid=0
[   10.142635] audit: type=1400 audit(1768660340.968:44): apparmor="DENIED" operation="open" profile="/usr/sbin/tcpdump" name="/proc/sys/kernel/random/boot_id" pid=669 comm="tcpdump" requested_mask="r" denied_mask="r" fsuid=0 ouid=0
[   10.142694] audit: type=1400 audit(1768660340.968:45): apparmor="DENIED" operation="open" profile="/usr/sbin/tcpdump" name="/proc/sys/kernel/random/boot_id" pid=669 comm="tcpdump" requested_mask="r" denied_mask="r" fsuid=0 ouid=0
[   10.145035] audit: type=1400 audit(1768660340.976:46): apparmor="DENIED" operation="open" profile="/usr/sbin/tcpdump" name="/proc/sys/kernel/random/boot_id" pid=670 comm="tcpdump" requested_mask="r" denied_mask="r" fsuid=0 ouid=0
[   10.151219] audit: type=1400 audit(1768660340.980:47): apparmor="DENIED" operation="open" profile="/usr/sbin/tcpdump" name="/proc/sys/kernel/random/boot_id" pid=670 comm="tcpdump" requested_mask="r" denied_mask="r" fsuid=0 ouid=0
[   10.151263] audit: type=1400 audit(1768660340.980:48): apparmor="DENIED" operation="open" profile="/usr/sbin/tcpdump" name="/proc/sys/kernel/random/boot_id" pid=670 comm="tcpdump" requested_mask="r" denied_mask="r" fsuid=0 ouid=0
[   10.151283] audit: type=1400 audit(1768660340.980:49): apparmor="DENIED" operation="open" profile="/usr/sbin/tcpdump" name="/proc/sys/kernel/random/boot_id" pid=670 comm="tcpdump" requested_mask="r" denied_mask="r" fsuid=0 ouid=0
[   16.029872] rfkill: input handler disabled
[  519.505444] rfkill: input handler enabled
[  528.552220] rfkill: input handler disabled
[  866.164139] device enp0s3 left promiscuous mode
