[    0.000000] Linux version 5.4.243-mptcp (root@ztg) (gcc version 12.2.0 (Debian 12.2.0-14+deb12u1)) #53 SMP Wed Dec 24 23:28:15 CST 2025
[    0.000000] Command line: BOOT_IMAGE=/boot/vmlinuz-5.4.243-mptcp root=UUID=98415a12-53b7-4144-8265-0f7ece09e445 ro quiet splash
[    0.000000] KERNEL supported cpus:
[    0.000000]   Intel GenuineIntel
[    0.000000]   AMD AuthenticAMD
[    0.000000]   Hygon HygonGenuine
[    0.000000]   Centaur CentaurHauls
[    0.000000]   zhaoxin   Shanghai  
[    0.000000] x86/fpu: Supporting XSAVE feature 0x001: 'x87 floating point registers'
[    0.000000] x86/fpu: Supporting XSAVE feature 0x002: 'SSE registers'
[    0.000000] x86/fpu: Supporting XSAVE feature 0x004: 'AVX registers'
[    0.000000] x86/fpu: xstate_offset[2]:  576, xstate_sizes[2]:  256
[    0.000000] x86/fpu: Enabled xstate features 0x7, context size is 832 bytes, using 'standard' format.
[    0.000000] BIOS-provided physical RAM map:
[    0.000000] BIOS-e820: [mem 0x0000000000000000-0x000000000009fbff] usable
[    0.000000] BIOS-e820: [mem 0x000000000009fc00-0x000000000009ffff] reserved
[    0.000000] BIOS-e820: [mem 0x00000000000f0000-0x00000000000fffff] reserved
[    0.000000] BIOS-e820: [mem 0x0000000000100000-0x000000007ffeffff] usable
[    0.000000] BIOS-e820: [mem 0x000000007fff0000-0x000000007fffffff] ACPI data
[    0.000000] BIOS-e820: [mem 0x00000000fec00000-0x00000000fec00fff] reserved
[    0.000000] BIOS-e820: [mem 0x00000000fee00000-0x00000000fee00fff] reserved
[    0.000000] BIOS-e820: [mem 0x00000000fffc0000-0x00000000ffffffff] reserved
[    0.000000] NX (Execute Disable) protection: active
[    0.000000] SMBIOS 2.5 present.
[    0.000000] DMI: innotek GmbH VirtualBox/VirtualBox, BIOS VirtualBox 12/01/2006
[    0.000000] Hypervisor detected: KVM
[    0.000000] kvm-clock: Using msrs 4b564d01 and 4b564d00
[    0.000000] kvm-clock: cpu 0, msr ae01001, primary cpu clock
[    0.000000] kvm-clock: using sched offset of 4423608323 cycles
[    0.000003] clocksource: kvm-clock: mask: 0xffffffffffffffff max_cycles: 0x1cd42e4dffb, max_idle_ns: 881590591483 ns
[    0.000006] tsc: Detected 2100.000 MHz processor
[    0.001868] e820: update [mem 0x00000000-0x00000fff] usable ==> reserved
[    0.001870] e820: remove [mem 0x000a0000-0x000fffff] usable
[    0.001874] last_pfn = 0x7fff0 max_arch_pfn = 0x400000000
[    0.001942] MTRR default type: uncachable
[    0.001943] MTRR fixed ranges enabled:
[    0.001944]   00000-9FFFF write-back
[    0.001945]   A0000-BFFFF uncachable
[    0.001946]   C0000-FFFFF write-protect
[    0.001946] MTRR variable ranges enabled:
[    0.001948]   0 base 000000000000 mask 3FFF80000000 write-back
[    0.001948]   1 disabled
[    0.001949]   2 disabled
[    0.001949]   3 disabled
[    0.001950]   4 disabled
[    0.001950]   5 disabled
[    0.001950]   6 disabled
[    0.001951]   7 disabled
[    0.001951]   8 disabled
[    0.001952]   9 disabled
[    0.001952]   10 disabled
[    0.001953]   11 disabled
[    0.001953]   12 disabled
[    0.001953]   13 disabled
[    0.001954]   14 disabled
[    0.001954]   15 disabled
[    0.001972] x86/PAT: Configuration [0-7]: WB  WC  UC- UC  WB  WP  UC- WT  
[    0.002104] found SMP MP-table at [mem 0x0009fff0-0x0009ffff]
[    0.089786] check: Scanning 1 areas for low memory corruption
[    0.089968] RAMDISK: [mem 0x32271000-0x3512ffff]
[    0.089976] ACPI: Early table checksum verification disabled
[    0.089981] ACPI: RSDP 0x00000000000E0000 000024 (v02 VBOX  )
[    0.089985] ACPI: XSDT 0x000000007FFF0030 00003C (v01 VBOX   VBOXXSDT 00000001 ASL  00000061)
[    0.089991] ACPI: FACP 0x000000007FFF00F0 0000F4 (v04 VBOX   VBOXFACP 00000001 ASL  00000061)
[    0.089998] ACPI: DSDT 0x000000007FFF02E0 002353 (v02 VBOX   VBOXBIOS 00000002 VBOX 00029BF3)
[    0.090002] ACPI: FACS 0x000000007FFF0200 000040
[    0.090005] ACPI: FACS 0x000000007FFF0200 000040
[    0.090009] ACPI: APIC 0x000000007FFF0240 000054 (v02 VBOX   VBOXAPIC 00000001 ASL  00000061)
[    0.090012] ACPI: SSDT 0x000000007FFF02A0 000038 (v01 VBOX   VBOXCPUT 00000002 VBOX 00029BF3)
[    0.090015] ACPI: Reserving FACP table memory at [mem 0x7fff00f0-0x7fff01e3]
[    0.090016] ACPI: Reserving DSDT table memory at [mem 0x7fff02e0-0x7fff2632]
[    0.090017] ACPI: Reserving FACS table memory at [mem 0x7fff0200-0x7fff023f]
[    0.090018] ACPI: Reserving FACS table memory at [mem 0x7fff0200-0x7fff023f]
[    0.090018] ACPI: Reserving APIC table memory at [mem 0x7fff0240-0x7fff0293]
[    0.090019] ACPI: Reserving SSDT table memory at [mem 0x7fff02a0-0x7fff02d7]
[    0.090034] ACPI: Local APIC address 0xfee00000
[    0.090219] No NUMA configuration found
[    0.090220] Faking a node at [mem 0x0000000000000000-0x000000007ffeffff]
[    0.090231] NODE_DATA(0) allocated [mem 0x7ffc5000-0x7ffeffff]
[    0.090492] Zone ranges:
[    0.090493]   DMA      [mem 0x0000000000001000-0x0000000000ffffff]
[    0.090494]   DMA32    [mem 0x0000000001000000-0x000000007ffeffff]
[    0.090495]   Normal   empty
[    0.090495]   Device   empty
[    0.090496] Movable zone start for each node
[    0.090498] Early memory node ranges
[    0.090499]   node   0: [mem 0x0000000000001000-0x000000000009efff]
[    0.090500]   node   0: [mem 0x0000000000100000-0x000000007ffeffff]
[    0.090503] Zeroed struct page in unavailable ranges: 114 pages
[    0.090504] Initmem setup node 0 [mem 0x0000000000001000-0x000000007ffeffff]
[    0.090505] On node 0 totalpages: 524174
[    0.090506]   DMA zone: 64 pages used for memmap
[    0.090507]   DMA zone: 21 pages reserved
[    0.090508]   DMA zone: 3998 pages, LIFO batch:0
[    0.090578]   DMA32 zone: 8128 pages used for memmap
[    0.090579]   DMA32 zone: 520176 pages, LIFO batch:63
[    0.099462] ACPI: PM-Timer IO Port: 0x4008
[    0.099465] ACPI: Local APIC address 0xfee00000
[    0.099531] IOAPIC[0]: apic_id 1, version 32, address 0xfec00000, GSI 0-23
[    0.099535] ACPI: INT_SRC_OVR (bus 0 bus_irq 0 global_irq 2 dfl dfl)
[    0.099536] ACPI: INT_SRC_OVR (bus 0 bus_irq 9 global_irq 9 low level)
[    0.099538] ACPI: IRQ0 used by override.
[    0.099539] ACPI: IRQ9 used by override.
[    0.099542] Using ACPI (MADT) for SMP configuration information
[    0.099548] smpboot: Allowing 1 CPUs, 0 hotplug CPUs
[    0.099568] PM: Registered nosave memory: [mem 0x00000000-0x00000fff]
[    0.099570] PM: Registered nosave memory: [mem 0x0009f000-0x0009ffff]
[    0.099570] PM: Registered nosave memory: [mem 0x000a0000-0x000effff]
[    0.099571] PM: Registered nosave memory: [mem 0x000f0000-0x000fffff]
[    0.099572] [mem 0x80000000-0xfebfffff] available for PCI devices
[    0.099573] Booting paravirtualized kernel on KVM
[    0.099576] clocksource: refined-jiffies: mask: 0xffffffff max_cycles: 0xffffffff, max_idle_ns: 7645519600211568 ns
[    0.099581] setup_percpu: NR_CPUS:8192 nr_cpumask_bits:1 nr_cpu_ids:1 nr_node_ids:1
[    0.100578] percpu: Embedded 60 pages/cpu s208896 r8192 d28672 u2097152
[    0.100583] pcpu-alloc: s208896 r8192 d28672 u2097152 alloc=1*2097152
[    0.100584] pcpu-alloc: [0] 0 
[    0.100610] Built 1 zonelists, mobility grouping on.  Total pages: 515961
[    0.100610] Policy zone: DMA32
[    0.100612] Kernel command line: BOOT_IMAGE=/boot/vmlinuz-5.4.243-mptcp root=UUID=98415a12-53b7-4144-8265-0f7ece09e445 ro quiet splash
[    0.101433] Dentry cache hash table entries: 262144 (order: 9, 2097152 bytes, linear)
[    0.101580] Inode-cache hash table entries: 131072 (order: 8, 1048576 bytes, linear)
[    0.101630] mem auto-init: stack:off, heap alloc:on, heap free:off
[    0.101633] Calgary: detecting Calgary via BIOS EBDA area
[    0.101634] Calgary: Unable to locate Rio Grande table in EBDA - bailing!
[    0.105647] Memory: 1967332K/2096696K available (14339K kernel code, 2398K rwdata, 4712K rodata, 2728K init, 17260K bss, 129364K reserved, 0K cma-reserved)
[    0.106559] SLUB: HWalign=64, Order=0-3, MinObjects=0, CPUs=1, Nodes=1
[    0.106575] ftrace: allocating 43186 entries in 169 pages
[    0.124568] rcu: Hierarchical RCU implementation.
[    0.124570] rcu: 	RCU restricting CPUs from NR_CPUS=8192 to nr_cpu_ids=1.
[    0.124572] 	Tasks RCU enabled.
[    0.124573] rcu: RCU calculated value of scheduler-enlistment delay is 25 jiffies.
[    0.124573] rcu: Adjusting geometry for rcu_fanout_leaf=16, nr_cpu_ids=1
[    0.127534] NR_IRQS: 524544, nr_irqs: 256, preallocated irqs: 16
[    0.127745] random: crng init done
[    0.137071] Console: colour VGA+ 80x25
[    0.137075] printk: console [tty0] enabled
[    0.137092] ACPI: Core revision 20190816
[    0.137184] APIC: Switch to symmetric I/O mode setup
[    0.137435] x2apic enabled
[    0.137676] Switched APIC routing to physical x2apic.
[    0.138816] ..TIMER: vector=0x30 apic1=0 pin1=2 apic2=-1 pin2=-1
[    0.138841] clocksource: tsc-early: mask: 0xffffffffffffffff max_cycles: 0x1e4530a99b6, max_idle_ns: 440795257976 ns
[    0.138847] Calibrating delay loop (skipped) preset value.. 4200.00 BogoMIPS (lpj=8400000)
[    0.138849] pid_max: default: 32768 minimum: 301
[    0.138875] LSM: Security Framework initializing
[    0.138885] Yama: becoming mindful.
[    0.138910] AppArmor: AppArmor initialized
[    0.138944] Mount-cache hash table entries: 4096 (order: 3, 32768 bytes, linear)
[    0.138949] Mountpoint-cache hash table entries: 4096 (order: 3, 32768 bytes, linear)
[    0.138959] *** VALIDATE tmpfs ***
[    0.139085] *** VALIDATE proc ***
[    0.139124] *** VALIDATE cgroup1 ***
[    0.139125] *** VALIDATE cgroup2 ***
[    0.139264] process: using mwait in idle threads
[    0.139269] Last level iTLB entries: 4KB 64, 2MB 8, 4MB 8
[    0.139269] Last level dTLB entries: 4KB 64, 2MB 0, 4MB 0, 1GB 4
[    0.139289] Spectre V1 : Mitigation: usercopy/swapgs barriers and __user pointer sanitization
[    0.139295] Spectre V2 : Mitigation: Retpolines
[    0.139296] Spectre V2 : Spectre v2 / SpectreRSB mitigation: Filling RSB on context switch
[    0.139296] Spectre V2 : Spectre v2 / SpectreRSB : Filling RSB on VMEXIT
[    0.139297] RETBleed: WARNING: Spectre v2 mitigation leaves CPU vulnerable to RETBleed attacks, data leaks possible!
[    0.139652] RETBleed: Vulnerable
[    0.139652] Speculative Store Bypass: Vulnerable
[    0.139657] TAA: Mitigation: TSX disabled
[    0.139658] MMIO Stale Data: Mitigation: Clear CPU buffers
[    0.143799] Freeing SMP alternatives memory: 40K
[    0.256158] smpboot: CPU0: Intel(R) Xeon(R) Silver 4216 CPU @ 2.10GHz (family: 0x6, model: 0x55, stepping: 0x7)
[    0.256279] Performance Events: unsupported p6 CPU model 85 no PMU driver, software events only.
[    0.256313] rcu: Hierarchical SRCU implementation.
[    0.256787] NMI watchdog: Perf NMI watchdog permanently disabled
[    0.256825] smp: Bringing up secondary CPUs ...
[    0.256826] smp: Brought up 1 node, 1 CPU
[    0.256827] smpboot: Max logical packages: 1
[    0.256829] smpboot: Total of 1 processors activated (4200.00 BogoMIPS)
[    0.257784] devtmpfs: initialized
[    0.257830] x86/mm: Memory block size: 128MB
[    0.258175] clocksource: jiffies: mask: 0xffffffff max_cycles: 0xffffffff, max_idle_ns: 7645041785100000 ns
[    0.258181] futex hash table entries: 256 (order: 2, 16384 bytes, linear)
[    0.258225] pinctrl core: initialized pinctrl subsystem
[    0.258324] PM: RTC time: 17:41:37, date: 2026-01-17
[    0.258431] NET: Registered protocol family 16
[    0.258515] audit: initializing netlink subsys (disabled)
[    0.258641] EISA bus registered
[    0.258642] cpuidle: using governor ladder
[    0.258643] cpuidle: using governor menu
[    0.258679] ACPI: bus type PCI registered
[    0.258680] acpiphp: ACPI Hot Plug PCI Controller Driver version: 0.5
[    0.258785] PCI: Using configuration type 1 for base access
[    0.259091] audit: type=2000 audit(1768642903.894:1): state=initialized audit_enabled=0 res=1
[    0.259169] HugeTLB registered 2.00 MiB page size, pre-allocated 0 pages
[    0.259978] ACPI: Added _OSI(Module Device)
[    0.259978] ACPI: Added _OSI(Processor Device)
[    0.259979] ACPI: Added _OSI(3.0 _SCP Extensions)
[    0.259980] ACPI: Added _OSI(Processor Aggregator Device)
[    0.259981] ACPI: Added _OSI(Linux-Dell-Video)
[    0.259982] ACPI: Added _OSI(Linux-Lenovo-NV-HDMI-Audio)
[    0.259982] ACPI: Added _OSI(Linux-HPI-Hybrid-Graphics)
[    0.261940] ACPI: 2 ACPI AML tables successfully acquired and loaded
[    0.263456] ACPI: Interpreter enabled
[    0.263465] ACPI: (supports S0 S5)
[    0.263466] ACPI: Using IOAPIC for interrupt routing
[    0.263673] PCI: Using host bridge windows from ACPI; if necessary, use "pci=nocrs" and report a bug
[    0.263778] ACPI: Enabled 2 GPEs in block 00 to 07
[    0.268578] ACPI: PCI Root Bridge [PCI0] (domain 0000 [bus 00-ff])
[    0.268583] acpi PNP0A03:00: _OSC: OS supports [ASPM ClockPM Segments MSI HPX-Type3]
[    0.269036] acpi PNP0A03:00: _OSC: not requesting OS control; OS requires [ExtendedConfig ASPM ClockPM MSI]
[    0.269044] acpi PNP0A03:00: fail to add MMCONFIG information, can't access extended PCI configuration space under this bridge.
[    0.269414] PCI host bridge to bus 0000:00
[    0.269416] pci_bus 0000:00: root bus resource [io  0x0000-0x0cf7 window]
[    0.269417] pci_bus 0000:00: root bus resource [io  0x0d00-0xffff window]
[    0.269418] pci_bus 0000:00: root bus resource [mem 0x000a0000-0x000bffff window]
[    0.269419] pci_bus 0000:00: root bus resource [mem 0x80000000-0xfdffffff window]
[    0.269421] pci_bus 0000:00: root bus resource [bus 00-ff]
[    0.269464] pci 0000:00:00.0: [8086:1237] type 00 class 0x060000
[    0.270398] pci 0000:00:01.0: [8086:7000] type 00 class 0x060100
[    0.271334] pci 0000:00:01.1: [8086:7111] type 00 class 0x01018a
[    0.271699] pci 0000:00:01.1: reg 0x20: [io  0xd000-0xd00f]
[    0.271849] pci 0000:00:01.1: legacy IDE quirk: reg 0x10: [io  0x01f0-0x01f7]
[    0.271850] pci 0000:00:01.1: legacy IDE quirk: reg 0x14: [io  0x03f6]
[    0.271851] pci 0000:00:01.1: legacy IDE quirk: reg 0x18: [io  0x0170-0x0177]
[    0.271852] pci 0000:00:01.1: legacy IDE quirk: reg 0x1c: [io  0x0376]
[    0.272388] pci 0000:00:02.0: [15ad:0405] type 00 class 0x030000
[    0.274923] pci 0000:00:02.0: reg 0x10: [io  0xd010-0xd01f]
[    0.278890] pci 0000:00:02.0: reg 0x14: [mem 0xe0000000-0xe7ffffff pref]
[    0.281578] pci 0000:00:02.0: reg 0x18: [mem 0xf0000000-0xf01fffff]
[    0.291648] pci 0000:00:03.0: [1022:2000] type 00 class 0x020000
[    0.292391] pci 0000:00:03.0: reg 0x10: [io  0xd020-0xd03f]
[    0.293060] pci 0000:00:03.0: reg 0x14: [mem 0xf0200000-0xf0200fff]
[    0.297472] pci 0000:00:04.0: [80ee:cafe] type 00 class 0x088000
[    0.298155] pci 0000:00:04.0: reg 0x10: [io  0xd040-0xd05f]
[    0.298769] pci 0000:00:04.0: reg 0x14: [mem 0xf0400000-0xf07fffff]
[    0.298959] pci 0000:00:04.0: reg 0x18: [mem 0xf0800000-0xf0803fff pref]
[    0.302887] pci 0000:00:07.0: [8086:7113] type 00 class 0x068000
[    0.303430] pci 0000:00:07.0: quirk: [io  0x4000-0x403f] claimed by PIIX4 ACPI
[    0.303441] pci 0000:00:07.0: quirk: [io  0x4100-0x410f] claimed by PIIX4 SMB
[    0.304050] pci 0000:00:08.0: [8086:100e] type 00 class 0x020000
[    0.304765] pci 0000:00:08.0: reg 0x10: [mem 0xf0820000-0xf083ffff]
[    0.305947] pci 0000:00:08.0: reg 0x18: [io  0xd060-0xd067]
[    0.309016] pci 0000:00:09.0: [8086:100e] type 00 class 0x020000
[    0.309724] pci 0000:00:09.0: reg 0x10: [mem 0xf0840000-0xf085ffff]
[    0.310955] pci 0000:00:09.0: reg 0x18: [io  0xd068-0xd06f]
[    0.319989] ACPI: PCI Interrupt Link [LNKA] (IRQs 5 9 10 *11)
[    0.320270] ACPI: PCI Interrupt Link [LNKB] (IRQs 5 9 *10 11)
[    0.322915] ACPI: PCI Interrupt Link [LNKC] (IRQs 5 *9 10 11)
[    0.323016] ACPI: PCI Interrupt Link [LNKD] (IRQs 5 9 10 *11)
[    0.323286] iommu: Default domain type: Translated 
[    0.323348] pci 0000:00:02.0: vgaarb: setting as boot VGA device
[    0.323350] pci 0000:00:02.0: vgaarb: VGA device added: decodes=io+mem,owns=io+mem,locks=none
[    0.323352] pci 0000:00:02.0: vgaarb: bridge control possible
[    0.323353] vgaarb: loaded
[    0.323562] SCSI subsystem initialized
[    0.323595] libata version 3.00 loaded.
[    0.323618] ACPI: bus type USB registered
[    0.323633] usbcore: registered new interface driver usbfs
[    0.323639] usbcore: registered new interface driver hub
[    0.323644] usbcore: registered new device driver usb
[    0.323671] pps_core: LinuxPPS API ver. 1 registered
[    0.323671] pps_core: Software ver. 5.3.6 - Copyright 2005-2007 Rodolfo Giometti <giometti@linux.it>
[    0.323673] PTP clock support registered
[    0.323708] EDAC MC: Ver: 3.0.0
[    0.323995] PCI: Using ACPI for IRQ routing
[    0.323996] PCI: pci_cache_line_size set to 64 bytes
[    0.324169] e820: reserve RAM buffer [mem 0x0009fc00-0x0009ffff]
[    0.324172] e820: reserve RAM buffer [mem 0x7fff0000-0x7fffffff]
[    0.324950] NetLabel: Initializing
[    0.324950] NetLabel:  domain hash size = 128
[    0.324951] NetLabel:  protocols = UNLABELED CIPSOv4 CALIPSO
[    0.324971] NetLabel:  unlabeled traffic allowed by default
[    0.325877] clocksource: Switched to clocksource kvm-clock
[    0.337259] *** VALIDATE bpf ***
[    0.337322] VFS: Disk quotas dquot_6.6.0
[    0.337335] VFS: Dquot-cache hash table entries: 512 (order 0, 4096 bytes)
[    0.337357] *** VALIDATE ramfs ***
[    0.337360] *** VALIDATE hugetlbfs ***
[    0.337441] AppArmor: AppArmor Filesystem Enabled
[    0.337469] pnp: PnP ACPI init
[    0.337539] pnp 00:00: Plug and Play ACPI device, IDs PNP0303 (active)
[    0.337629] pnp 00:01: Plug and Play ACPI device, IDs PNP0f03 (active)
[    0.338389] pnp: PnP ACPI: found 2 devices
[    0.339391] thermal_sys: Registered thermal governor 'fair_share'
[    0.339392] thermal_sys: Registered thermal governor 'bang_bang'
[    0.339392] thermal_sys: Registered thermal governor 'step_wise'
[    0.339393] thermal_sys: Registered thermal governor 'user_space'
[    0.339394] thermal_sys: Registered thermal governor 'power_allocator'
[    0.343923] clocksource: acpi_pm: mask: 0xffffff max_cycles: 0xffffff, max_idle_ns: 2085701024 ns
[    0.343964] pci_bus 0000:00: resource 4 [io  0x0000-0x0cf7 window]
[    0.343966] pci_bus 0000:00: resource 5 [io  0x0d00-0xffff window]
[    0.343967] pci_bus 0000:00: resource 6 [mem 0x000a0000-0x000bffff window]
[    0.343968] pci_bus 0000:00: resource 7 [mem 0x80000000-0xfdffffff window]
[    0.344028] NET: Registered protocol family 2
[    0.344103] IP idents hash table entries: 32768 (order: 6, 262144 bytes, linear)
[    0.344507] MPTCP tokens hash table entries: 8192 (order: 4, 65536 bytes, linear)
[    0.344527] MPTCP request tokens hash table entries: 8192 (order: 4, 65536 bytes, linear)
[    0.344552] default registered
[    0.344552] default registered
[    0.344553] MPTCP: Stable release v0.96
[    0.344558] tcp_listen_portaddr_hash hash table entries: 1024 (order: 2, 16384 bytes, linear)
[    0.344637] TCP established hash table entries: 16384 (order: 5, 131072 bytes, linear)
[    0.344703] TCP bind hash table entries: 16384 (order: 6, 262144 bytes, linear)
[    0.344728] TCP: Hash tables configured (established 16384 bind 16384)
[    0.345434] UDP hash table entries: 1024 (order: 3, 32768 bytes, linear)
[    0.345445] UDP-Lite hash table entries: 1024 (order: 3, 32768 bytes, linear)
[    0.345479] NET: Registered protocol family 1
[    0.345488] NET: Registered protocol family 44
[    0.345508] pci 0000:00:00.0: Limiting direct PCI/PCI transfers
[    0.345520] pci 0000:00:01.0: Activating ISA DMA hang workarounds
[    0.345578] pci 0000:00:02.0: Video device with shadowed ROM at [mem 0x000c0000-0x000dffff]
[    0.345643] PCI: CLS 0 bytes, default 64
[    0.345691] Trying to unpack rootfs image as initramfs...
[    0.515594] Freeing initrd memory: 47868K
[    0.515594] clocksource: tsc: mask: 0xffffffffffffffff max_cycles: 0x1e4530a99b6, max_idle_ns: 440795257976 ns
[    0.515594] clocksource: Switched to clocksource tsc
[    0.515594] platform rtc_cmos: registered platform RTC device (no PNP device found)
[    0.515594] check: Scanning for low memory corruption every 60 seconds
[    0.515594] Initialise system trusted keyrings
[    0.515594] Key type blacklist registered
[    0.515594] workingset: timestamp_bits=36 max_order=19 bucket_order=0
[    0.515594] zbud: loaded
[    0.515594] squashfs: version 4.0 (2009/01/31) Phillip Lougher
[    0.515594] fuse: init (API version 7.31)
[    0.515594] *** VALIDATE fuse ***
[    0.515594] *** VALIDATE fuse ***
[    0.515594] Platform Keyring initialized
[    0.530452] Key type asymmetric registered
[    0.530453] Asymmetric key parser 'x509' registered
[    0.530464] Block layer SCSI generic (bsg) driver version 0.4 loaded (major 244)
[    0.530500] io scheduler mq-deadline registered
[    0.530626] shpchp: Standard Hot Plug PCI Controller Driver version: 0.4
[    0.530827] ACPI: AC Adapter [AC] (on-line)
[    0.530871] input: Power Button as /devices/LNXSYSTM:00/LNXPWRBN:00/input/input0
[    0.530900] ACPI: Power Button [PWRF]
[    0.530989] input: Sleep Button as /devices/LNXSYSTM:00/LNXSLPBN:00/input/input1
[    0.531003] ACPI: Sleep Button [SLPF]
[    0.531243] Serial: 8250/16550 driver, 32 ports, IRQ sharing enabled
[    0.532385] Linux agpgart interface v0.103
[    0.627143] loop: module loaded
[    0.627289] ata_piix 0000:00:01.1: version 2.13
[    0.627687] scsi host0: ata_piix
[    0.627776] scsi host1: ata_piix
[    0.627802] ata1: PATA max UDMA/33 cmd 0x1f0 ctl 0x3f6 bmdma 0xd000 irq 14
[    0.627803] ata2: PATA max UDMA/33 cmd 0x170 ctl 0x376 bmdma 0xd008 irq 15
[    0.627884] tun: Universal TUN/TAP device driver, 1.6
[    0.628197] PPP generic driver version 2.4.2
[    0.628242] VFIO - User Level meta-driver version: 0.3
[    0.628486] ehci_hcd: USB 2.0 'Enhanced' Host Controller (EHCI) Driver
[    0.628491] ehci-pci: EHCI PCI platform driver
[    0.628506] ehci-platform: EHCI generic platform driver
[    0.628511] ohci_hcd: USB 1.1 'Open' Host Controller (OHCI) Driver
[    0.628513] ohci-pci: OHCI PCI platform driver
[    0.628520] ohci-platform: OHCI generic platform driver
[    0.628524] uhci_hcd: USB Universal Host Controller Interface driver
[    0.628590] i8042: PNP: PS/2 Controller [PNP0303:PS2K,PNP0f03:PS2M] at 0x60,0x64 irq 1,12
[    0.629032] serio: i8042 KBD port at 0x60,0x64 irq 1
[    0.629035] serio: i8042 AUX port at 0x60,0x64 irq 12
[    0.629123] mousedev: PS/2 mouse device common for all mice
[    0.629376] input: AT Translated Set 2 keyboard as /devices/platform/i8042/serio0/input/input2
[    0.629771] rtc_cmos rtc_cmos: registered as rtc0
[    0.629784] rtc_cmos rtc_cmos: alarms up to one day, 114 bytes nvram
[    0.629789] i2c /dev entries driver
[    0.629834] device-mapper: uevent: version 1.0.3
[    0.629877] device-mapper: ioctl: 4.41.0-ioctl (2019-09-16) initialised: dm-devel@redhat.com
[    0.629893] platform eisa.0: Probing EISA bus 0
[    0.629895] platform eisa.0: EISA: Cannot allocate resource for mainboard
[    0.629896] platform eisa.0: Cannot allocate resource for EISA slot 1
[    0.629897] platform eisa.0: Cannot allocate resource for EISA slot 2
[    0.629898] platform eisa.0: Cannot allocate resource for EISA slot 3
[    0.629899] platform eisa.0: Cannot allocate resource for EISA slot 4
[    0.629900] platform eisa.0: Cannot allocate resource for EISA slot 5
[    0.629901] platform eisa.0: Cannot allocate resource for EISA slot 6
[    0.629902] platform eisa.0: Cannot allocate resource for EISA slot 7
[    0.629903] platform eisa.0: Cannot allocate resource for EISA slot 8
[    0.629904] platform eisa.0: EISA: Detected 0 cards
[    0.629906] intel_pstate: CPU model not supported
[    0.629915] ledtrig-cpu: registered to indicate activity on CPUs
[    0.629969] drop_monitor: Initializing network drop monitor service
[    0.630128] NET: Registered protocol family 10
[    0.635259] Segment Routing with IPv6
[    0.635284] fullmesh registered
[    0.635284] ndiffports registered
[    0.635284] binder registered
[    0.635284] roundrobin registered
[    0.635284] redundant registered
[    0.635284] blest registered
[    0.635284] ecf registered
[    0.635284] NET: Registered protocol family 17
[    0.635284] Key type dns_resolver registered
[    0.635284] RAS: Correctable Errors collector initialized.
[    0.635284] IPI shorthand broadcast: enabled
[    0.635284] sched_clock: Marking stable (620176891, 11107824)->(633508199, -2223484)
[    0.635502] registered taskstats version 1
[    0.635511] Loading compiled-in X.509 certificates
[    0.636098] Loaded X.509 cert 'Build time autogenerated kernel key: 6909f3744cebb3d0de528d5887b96a727de79b1e'
[    0.636116] zswap: loaded using pool lzo/zbud
[    0.636169] Key type ._fscrypt registered
[    0.636169] Key type .fscrypt registered
[    0.640590] Key type big_key registered
[    0.642787] Key type encrypted registered
[    0.642790] AppArmor: AppArmor sha1 policy hashing enabled
[    0.642797] ima: No TPM chip found, activating TPM-bypass!
[    0.642800] ima: Allocated hash algorithm: sha1
[    0.642805] ima: No architecture policies found
[    0.642814] evm: Initialising EVM extended attributes:
[    0.642814] evm: security.selinux
[    0.642815] evm: security.SMACK64
[    0.642815] evm: security.SMACK64EXEC
[    0.642816] evm: security.SMACK64TRANSMUTE
[    0.642816] evm: security.SMACK64MMAP
[    0.642816] evm: security.apparmor
[    0.642817] evm: security.ima
[    0.642817] evm: security.capability
[    0.642818] evm: HMAC attrs: 0x1
[    0.643109] PM:   Magic number: 10:183:694
[    0.643209] rtc_cmos rtc_cmos: setting system clock to 2026-01-17T17:41:38 UTC (1768671698)
[    0.800368] ata1.00: ATA-6: VBOX HARDDISK, 1.0, max UDMA/133
[    0.800373] ata1.00: 209715200 sectors, multi 128: LBA 
[    0.801188] scsi 0:0:0:0: Direct-Access     ATA      VBOX HARDDISK    1.0  PQ: 0 ANSI: 5
[    0.801543] sd 0:0:0:0: [sda] 209715200 512-byte logical blocks: (107 GB/100 GiB)
[    0.801559] sd 0:0:0:0: [sda] Write Protect is off
[    0.801563] sd 0:0:0:0: [sda] Mode Sense: 00 3a 00 00
[    0.801589] sd 0:0:0:0: [sda] Write cache: enabled, read cache: enabled, doesn't support DPO or FUA
[    0.801877] sd 0:0:0:0: Attached scsi generic sg0 type 0
[    0.803440]  sda: sda1 sda2
[    0.815376] sd 0:0:0:0: [sda] Attached SCSI disk
[    0.819615] Freeing unused decrypted memory: 2040K
[    0.820742] Freeing unused kernel image memory: 2728K
[    0.820745] Write protecting the kernel read-only data: 22528k
[    0.821987] Freeing unused kernel image memory: 2036K
[    0.822679] Freeing unused kernel image memory: 1432K
[    0.855190] x86/mm: Checked W+X mappings: passed, no W+X pages found.
[    0.855194] Run /init as init process
[    0.969003] ACPI: Video Device [GFX0] (multi-head: yes  rom: no  post: no)
[    0.969075] input: Video Bus as /devices/LNXSYSTM:00/LNXSYBUS:00/PNP0A03:00/LNXVIDEO:00/input/input4
[    0.981574] pcnet32: pcnet32.c:v1.35 21.Apr.2008 tsbogend@alpha.franken.de
[    0.982381] pcnet32: PCnet/FAST III 79C973 at 0xd020, 08:00:27:01:ef:53 assigned IRQ 19
[    0.982424] pcnet32: Found PHY 0022:561b at address 0
[    0.982735] pcnet32: eth0: registered as PCnet/FAST III 79C973
[    0.983293] pcnet32: 1 cards_found
[    0.984805] piix4_smbus 0000:00:07.0: SMBus Host Controller at 0x4100, revision 0
[    0.988923] e1000: Intel(R) PRO/1000 Network Driver - version 7.3.21-k8-NAPI
[    0.988923] e1000: Copyright (c) 1999-2006 Intel Corporation.
[    1.056358] pcnet32 0000:00:03.0 enp0s3: renamed from eth0
[    1.200924] input: ImExPS/2 Generic Explorer Mouse as /devices/platform/i8042/serio1/input/input5
[    1.391662] e1000 0000:00:08.0 eth0: (PCI:33MHz:32-bit) 08:00:27:94:56:d1
[    1.391667] e1000 0000:00:08.0 eth0: Intel(R) PRO/1000 Network Connection
[    1.775453] e1000 0000:00:09.0 eth1: (PCI:33MHz:32-bit) 08:00:27:8d:b3:1d
[    1.775455] e1000 0000:00:09.0 eth1: Intel(R) PRO/1000 Network Connection
[    1.776635] e1000 0000:00:09.0 enp0s9: renamed from eth1
[    1.778405] e1000 0000:00:08.0 enp0s8: renamed from eth0
[    1.919937] EXT4-fs (sda2): mounted filesystem with ordered data mode. Opts: (null)
[    2.009891] systemd[1]: Inserted module 'autofs4'
[    2.021860] systemd[1]: systemd 245.4-4ubuntu3 running in system mode. (+PAM +AUDIT +SELINUX +IMA +APPARMOR +SMACK +SYSVINIT +UTMP +LIBCRYPTSETUP +GCRYPT +GNUTLS +ACL +XZ +LZ4 +SECCOMP +BLKID +ELFUTILS +KMOD +IDN2 -IDN +PCRE2 default-hierarchy=hybrid)
[    2.021892] systemd[1]: Detected virtualization oracle.
[    2.021897] systemd[1]: Detected architecture x86-64.
[    2.023218] systemd[1]: Set hostname to <ztg>.
[    2.147378] systemd[1]: /lib/systemd/system/dbus.socket:5: ListenStream= references a path below legacy directory /var/run/, updating /var/run/dbus/system_bus_socket â†’ /run/dbus/system_bus_socket; please update the unit file accordingly.
[    2.200201] systemd[1]: Created slice system-modprobe.slice.
[    2.200384] systemd[1]: Created slice User and Session Slice.
[    2.200426] systemd[1]: Started Forward Password Requests to Wall Directory Watch.
[    2.200589] systemd[1]: Set up automount Arbitrary Executable File Formats File System Automount Point.
[    2.200622] systemd[1]: Reached target User and Group Name Lookups.
[    2.200632] systemd[1]: Reached target Remote File Systems.
[    2.200640] systemd[1]: Reached target Slices.
[    2.201266] systemd[1]: Listening on Syslog Socket.
[    2.201338] systemd[1]: Listening on fsck to fsckd communication Socket.
[    2.201375] systemd[1]: Listening on initctl Compatibility Named Pipe.
[    2.201514] systemd[1]: Listening on Journal Audit Socket.
[    2.201566] systemd[1]: Listening on Journal Socket (/dev/log).
[    2.201634] systemd[1]: Listening on Journal Socket.
[    2.201699] systemd[1]: Listening on udev Control Socket.
[    2.201738] systemd[1]: Listening on udev Kernel Socket.
[    2.202477] systemd[1]: Mounting Huge Pages File System...
[    2.203455] systemd[1]: Mounting POSIX Message Queue File System...
[    2.204324] systemd[1]: Mounting Kernel Debug File System...
[    2.205191] systemd[1]: Mounting Kernel Trace File System...
[    2.207132] systemd[1]: Starting Journal Service...
[    2.229877] systemd[1]: Starting Set the console keyboard layout...
[    2.237849] systemd[1]: Starting Create list of static device nodes for the current kernel...
[    2.239726] systemd[1]: Starting Load Kernel Module drm...
[    2.240729] systemd[1]: Condition check resulted in Set Up Additional Binary Formats being skipped.
[    2.240809] systemd[1]: Condition check resulted in File System Check on Root Device being skipped.
[    2.251716] systemd[1]: Starting Load Kernel Modules...
[    2.262215] systemd[1]: Starting Remount Root and Kernel File Systems...
[    2.265492] systemd[1]: Starting udev Coldplug all Devices...
[    2.274954] EXT4-fs (sda2): re-mounted. Opts: errors=remount-ro
[    2.281103] systemd[1]: Starting Uncomplicated firewall...
[    2.282797] systemd[1]: Mounted Huge Pages File System.
[    2.282884] systemd[1]: Mounted POSIX Message Queue File System.
[    2.282958] systemd[1]: Mounted Kernel Debug File System.
[    2.283026] systemd[1]: Mounted Kernel Trace File System.
[    2.320307] systemd[1]: Finished Create list of static device nodes for the current kernel.
[    2.320602] systemd[1]: modprobe@drm.service: Succeeded.
[    2.321868] systemd[1]: Finished Load Kernel Module drm.
[    2.322395] systemd[1]: Finished Remount Root and Kernel File Systems.
[    2.328801] systemd[1]: Finished Uncomplicated firewall.
[    2.329838] systemd[1]: Condition check resulted in Rebuild Hardware Database being skipped.
[    2.329890] systemd[1]: Condition check resulted in Platform Persistent Storage Archival being skipped.
[    2.331701] lp: driver loaded but no devices found
[    2.343448] systemd[1]: Starting Load/Save Random Seed...
[    2.349921] systemd[1]: Starting Create System Users...
[    2.358028] systemd[1]: Finished Load/Save Random Seed.
[    2.359839] ppdev: user-space parallel port driver
[    2.368093] systemd[1]: Finished Create System Users.
[    2.368816] systemd[1]: Starting Create Static Device Nodes in /dev...
[    2.397438] systemd[1]: Finished Create Static Device Nodes in /dev.
[    2.398321] systemd[1]: Starting udev Kernel Device Manager...
[    2.443140] systemd[1]: Finished udev Coldplug all Devices.
[    2.446592] [drm] DMA map mode: Caching DMA mappings.
[    2.446657] [drm] Capabilities:
[    2.446657] [drm]   Rect copy.
[    2.446658] [drm]   Cursor.
[    2.446658] [drm]   Cursor bypass.
[    2.446658] [drm]   Cursor bypass 2.
[    2.446659] [drm]   Alpha cursor.
[    2.446659] [drm]   Extended Fifo.
[    2.446659] [drm]   Pitchlock.
[    2.446660] [drm]   Irq mask.
[    2.446660] [drm]   GMR.
[    2.446660] [drm]   Traces.
[    2.446661] [drm]   GMR2.
[    2.446661] [drm]   Screen Object 2.
[    2.446661] [drm]   Command Buffers.
[    2.446662] [drm]   Command Buffers 2.
[    2.446662] [drm]   Guest Backed Resources.
[    2.446664] [drm] Max GMR ids is 8192
[    2.446664] [drm] Max number of GMR pages is 1048576
[    2.446665] [drm] Max dedicated hypervisor surface memory is 393216 kiB
[    2.446665] [drm] Maximum display memory size is 131072 kiB
[    2.446666] [drm] VRAM at 0xe0000000 size is 131072 kiB
[    2.446667] [drm] MMIO at 0xf0000000 size is 2048 kiB
[    2.448113] [TTM] Zone  kernel: Available graphics memory: 1011738 KiB
[    2.448114] [TTM] Initializing pool allocator
[    2.448119] [TTM] Initializing DMA pool allocator
[    2.448161] [drm] Supports vblank timestamp caching Rev 2 (21.10.2013).
[    2.448161] [drm] No driver support for vblank timestamp query.
[    2.448427] [drm] Screen Target Display device initialized
[    2.448659] [drm] width 720
[    2.448668] [drm] height 400
[    2.448671] [drm] bpp 32
[    2.449193] [drm] Fifo max 0x00200000 min 0x00001000 cap 0x00000355
[    2.450267] [drm] Using command buffers with DMA pool.
[    2.450271] [drm] DX: no.
[    2.450271] [drm] Atomic: yes.
[    2.450272] [drm] SM4_1: no.
[    2.450292] [drm:vmw_host_log [vmwgfx]] *ERROR* Failed to send host log message.
[    2.452288] [drm:vmw_host_log [vmwgfx]] *ERROR* Failed to send host log message.
[    2.462979] fbcon: svgadrmfb (fb0) is primary device
[    2.465538] Console: switching to colour frame buffer device 100x37
[    2.483621] [drm] Initialized vmwgfx 2.15.0 20180704 for 0000:00:02.0 on minor 0
[    2.486012] systemd[1]: Finished Load Kernel Modules.
[    2.486971] systemd[1]: Mounting FUSE Control File System...
[    2.488124] systemd[1]: Mounting Kernel Configuration File System...
[    2.514887] systemd[1]: Starting Apply Kernel Variables...
[    2.520380] systemd[1]: Mounted FUSE Control File System.
[    2.520453] systemd[1]: Condition check resulted in VMware vmblock fuse mount being skipped.
[    2.526279] systemd[1]: Mounted Kernel Configuration File System.
[    2.531211] systemd[1]: Finished Apply Kernel Variables.
[    2.542300] systemd[1]: Finished Set the console keyboard layout.
[    2.542387] systemd[1]: Reached target Local File Systems (Pre).
[    2.544454] systemd[1]: Mounting Mount unit for bare, revision 5...
[    2.546441] systemd[1]: Mounting Mount unit for core18, revision 1705...
[    2.562654] systemd[1]: Mounting Mount unit for gnome-3-34-1804, revision 24...
[    2.566988] systemd[1]: Mounting Mount unit for gtk-common-themes, revision 1506...
[    2.581903] systemd[1]: Mounting Mount unit for gtk-common-themes, revision 1535...
[    2.586116] systemd[1]: Mounting Mount unit for snap-store, revision 433...
[    2.600887] systemd[1]: Mounting Mount unit for snapd, revision 25935...
[    2.623250] systemd[1]: Started udev Kernel Device Manager.
[    2.624035] systemd[1]: Starting Show Plymouth Boot Screen...
[    2.632899] systemd[1]: Mounted Mount unit for bare, revision 5.
[    2.633015] systemd[1]: Mounted Mount unit for core18, revision 1705.
[    2.633108] systemd[1]: Mounted Mount unit for gtk-common-themes, revision 1506.
[    2.633609] systemd[1]: Received SIGRTMIN+20 from PID 282 (plymouthd).
[    2.667386] systemd[1]: Started Show Plymouth Boot Screen.
[    2.667546] systemd[1]: Condition check resulted in Dispatch Password Requests to Console Directory Watch being skipped.
[    2.667650] systemd[1]: Started Forward Password Requests to Plymouth Directory Watch.
[    2.667682] systemd[1]: Reached target Local Encrypted Volumes.
[    2.702740] systemd[1]: Mounted Mount unit for gnome-3-34-1804, revision 24.
[    2.716861] systemd[1]: Mounted Mount unit for gtk-common-themes, revision 1535.
[    2.751504] systemd[1]: Mounted Mount unit for snap-store, revision 433.
[    2.751766] systemd[1]: Mounted Mount unit for snapd, revision 25935.
[    2.751921] systemd[1]: Reached target Local File Systems.
[    2.754240] systemd[1]: Starting Load AppArmor profiles...
[    2.755154] systemd[1]: Starting Set console font and keymap...
[    2.768633] systemd[1]: Starting Tell Plymouth To Write Out Runtime Data...
[    2.772997] systemd[1]: Condition check resulted in Store a System Token in an EFI Variable being skipped.
[    2.773031] systemd[1]: Condition check resulted in Commit a transient machine-id on disk being skipped.
[    2.773945] systemd[1]: Finished Set console font and keymap.
[    2.784662] systemd[1]: Received SIGRTMIN+20 from PID 282 (plymouthd).
[    2.785719] systemd[1]: plymouth-read-write.service: Succeeded.
[    2.785979] systemd[1]: Finished Tell Plymouth To Write Out Runtime Data.
[    2.813471] audit: type=1400 audit(1768671700.664:2): apparmor="STATUS" operation="profile_load" profile="unconfined" name="nvidia_modprobe" pid=299 comm="apparmor_parser"
[    2.813474] audit: type=1400 audit(1768671700.664:3): apparmor="STATUS" operation="profile_load" profile="unconfined" name="nvidia_modprobe//kmod" pid=299 comm="apparmor_parser"
[    2.824355] audit: type=1400 audit(1768671700.676:4): apparmor="STATUS" operation="profile_load" profile="unconfined" name="/usr/sbin/tcpdump" pid=300 comm="apparmor_parser"
[    2.871781] audit: type=1400 audit(1768671700.720:5): apparmor="STATUS" operation="profile_load" profile="unconfined" name="/usr/bin/evince" pid=302 comm="apparmor_parser"
[    2.871784] audit: type=1400 audit(1768671700.720:6): apparmor="STATUS" operation="profile_load" profile="unconfined" name="/usr/bin/evince//sanitized_helper" pid=302 comm="apparmor_parser"
[    2.871787] audit: type=1400 audit(1768671700.720:7): apparmor="STATUS" operation="profile_load" profile="unconfined" name="/usr/bin/evince-previewer" pid=302 comm="apparmor_parser"
[    2.871788] audit: type=1400 audit(1768671700.720:8): apparmor="STATUS" operation="profile_load" profile="unconfined" name="/usr/bin/evince-previewer//sanitized_helper" pid=302 comm="apparmor_parser"
[    2.871790] audit: type=1400 audit(1768671700.720:9): apparmor="STATUS" operation="profile_load" profile="unconfined" name="/usr/bin/evince-thumbnailer" pid=302 comm="apparmor_parser"
[    2.888005] audit: type=1400 audit(1768671700.740:10): apparmor="STATUS" operation="profile_load" profile="unconfined" name="/usr/lib/cups/backend/cups-pdf" pid=303 comm="apparmor_parser"
[    2.968118] systemd[1]: Finished Load AppArmor profiles.
[    2.969067] systemd[1]: Starting Load AppArmor profiles managed internally by snapd...
[    3.088052] systemd[1]: Finished Load AppArmor profiles managed internally by snapd.
[    3.195515] systemd[1]: Started Journal Service.
[    3.206220] systemd-journald[229]: Received client request to flush runtime journal.
[    3.208851] systemd-journald[229]: File /var/log/journal/c455b248004a419c87ce85eea238d727/system.journal corrupted or uncleanly shut down, renaming and replacing.
[    4.434256] RAPL PMU: API unit is 2^-32 Joules, 0 fixed counters, 10737418240 ms ovfl timer
[    4.462978] cryptd: max_cpu_qlen set to 1000
[    4.501666] AVX2 version of gcm_enc/dec engaged.
[    4.501667] AES CTR mode by8 optimization enabled
[    6.413598] Adding 1998844k swap on /dev/sda1.  Priority:-2 extents:1 across:1998844k FS
[    8.262633] kauditd_printk_skb: 30 callbacks suppressed
[    8.262634] audit: type=1400 audit(1768671706.108:41): apparmor="DENIED" operation="capable" profile="/usr/sbin/cups-browsed" pid=511 comm="cups-browsed" capability=23  capname="sys_nice"
[    8.980506] pcnet32 0000:00:03.0 enp0s3: link up, 100Mbps, full-duplex
[    9.030766] e1000: enp0s8 NIC Link is Up 1000 Mbps Full Duplex, Flow Control: RX
[    9.040313] e1000: enp0s9 NIC Link is Up 1000 Mbps Full Duplex, Flow Control: RX
[    9.042544] IPv6: ADDRCONF(NETDEV_CHANGE): enp0s8: link becomes ready
[    9.042572] IPv6: ADDRCONF(NETDEV_CHANGE): enp0s9: link becomes ready
[    9.685370] device enp0s3 entered promiscuous mode
[    9.706595] audit: type=1400 audit(1768671707.560:42): apparmor="DENIED" operation="open" profile="/usr/sbin/tcpdump" name="/proc/sys/kernel/random/boot_id" pid=691 comm="tcpdump" requested_mask="r" denied_mask="r" fsuid=0 ouid=0
[    9.706722] audit: type=1400 audit(1768671707.560:43): apparmor="DENIED" operation="open" profile="/usr/sbin/tcpdump" name="/proc/sys/kernel/random/boot_id" pid=691 comm="tcpdump" requested_mask="r" denied_mask="r" fsuid=0 ouid=0
[    9.706768] audit: type=1400 audit(1768671707.560:44): apparmor="DENIED" operation="open" profile="/usr/sbin/tcpdump" name="/proc/sys/kernel/random/boot_id" pid=691 comm="tcpdump" requested_mask="r" denied_mask="r" fsuid=0 ouid=0
[    9.706862] audit: type=1400 audit(1768671707.560:45): apparmor="DENIED" operation="open" profile="/usr/sbin/tcpdump" name="/proc/sys/kernel/random/boot_id" pid=691 comm="tcpdump" requested_mask="r" denied_mask="r" fsuid=0 ouid=0
[    9.712611] audit: type=1400 audit(1768671707.568:46): apparmor="DENIED" operation="open" profile="/usr/sbin/tcpdump" name="/proc/sys/kernel/random/boot_id" pid=692 comm="tcpdump" requested_mask="r" denied_mask="r" fsuid=0 ouid=0
[    9.712686] audit: type=1400 audit(1768671707.568:47): apparmor="DENIED" operation="open" profile="/usr/sbin/tcpdump" name="/proc/sys/kernel/random/boot_id" pid=692 comm="tcpdump" requested_mask="r" denied_mask="r" fsuid=0 ouid=0
[    9.712765] audit: type=1400 audit(1768671707.568:48): apparmor="DENIED" operation="open" profile="/usr/sbin/tcpdump" name="/proc/sys/kernel/random/boot_id" pid=692 comm="tcpdump" requested_mask="r" denied_mask="r" fsuid=0 ouid=0
[    9.712871] audit: type=1400 audit(1768671707.568:49): apparmor="DENIED" operation="open" profile="/usr/sbin/tcpdump" name="/proc/sys/kernel/random/boot_id" pid=692 comm="tcpdump" requested_mask="r" denied_mask="r" fsuid=0 ouid=0
[   15.523058] rfkill: input handler disabled
[  262.526604] AAAAA-TCP_FORW: name:enp0s3: saddr:16783984: daddr:100932208
[  262.660592] AAAAA-TCP_FORW: name:enp0s3: saddr:16783984: daddr:100932208
[  262.814837] AAAAA-TCP_FORW: name:enp0s3: saddr:16783984: daddr:100932208
[  262.973796] AAAAA-TCP_FORW: name:enp0s3: saddr:16783984: daddr:100932208
[  263.122836] AAAAA-TCP_FORW: name:enp0s3: saddr:16783984: daddr:100932208
[  263.335873] AAAAA-TCP_FORW: name:enp0s3: saddr:16783984: daddr:100932208
[  263.470607] AAAAA-TCP_FORW: name:enp0s3: saddr:16783984: daddr:100932208
[  263.934337] AAAAA-TCP_FORW: name:enp0s3: saddr:16783984: daddr:100932208
[  264.120683] AAAAA-TCP_FORW: name:enp0s3: saddr:16783984: daddr:100932208
[  264.369569] AAAAA-TCP_FORW: name:enp0s3: saddr:16783984: daddr:100932208
[  264.552159] AAAAA-TCP_FORW: name:enp0s3: saddr:16783984: daddr:100932208
[  264.747884] AAAAA-TCP_FORW: name:enp0s3: saddr:16783984: daddr:100932208
[  265.453332] AAAAA-TCP_FORW: name:enp0s3: saddr:100932208: daddr:16783984
[  265.689204] AAAAA-TCP_FORW: name:enp0s3: saddr:100932208: daddr:16783984
[  265.790364] AAAAA-TCP_FORW: name:enp0s3: saddr:100932208: daddr:16783984
[  273.712135] AAAAA-TCP_FORW: name:enp0s3: saddr:16783984: daddr:100932208
[  273.838872] AAAAA-TCP_FORW: name:enp0s3: saddr:16783984: daddr:100932208
[  273.959712] AAAAA-TCP_FORW: name:enp0s3: saddr:16783984: daddr:100932208
[  274.427097] AAAAA-TCP_FORW: name:enp0s3: saddr:16783984: daddr:100932208
[  275.076280] AAAAA-TCP_FORW: name:enp0s3: saddr:16783984: daddr:100932208
[  277.434794] AAAAA-TCP_FORW: name:enp0s3: saddr:16783984: daddr:100932208
[  277.553229] AAAAA-TCP_FORW: name:enp0s3: saddr:16783984: daddr:100932208
[  277.639973] AAAAA-TCP_FORW: name:enp0s3: saddr:33561200: daddr:100932208
[  278.015990] AAAAA-TCP_FORW: name:enp0s3: saddr:100932208: daddr:16783984
[  278.420358] AAAAA-TCP_FORW: name:enp0s3: saddr:16783984: daddr:100932208
[  278.535472] AAAAA-TCP_FORW: name:enp0s3: saddr:100932208: daddr:33561200
[  278.866867] AAAAA-TCP_FORW: name:enp0s3: saddr:16783984: daddr:100932208
[  278.977968] AAAAA-TCP_FORW: name:enp0s3: saddr:16783984: daddr:100932208
[  279.005217] AAAAA-TCP_FORW: name:enp0s3: saddr:100932208: daddr:16783984
[  279.275739] AAAAA-TCP_FORW: name:enp0s3: saddr:33561200: daddr:100932208
[  279.410894] AAAAA-TCP_FORW: name:enp0s3: saddr:100932208: daddr:16783984
[  279.511430] AAAAA-TCP_FORW: name:enp0s3: saddr:100932208: daddr:33561200
[  279.556642] AAAAA-TCP_FORW: name:enp0s3: saddr:100932208: daddr:16783984
[  279.585094] AAAAA-TCP_FORW: name:enp0s3: saddr:33561200: daddr:100932208
[  279.605620] AAAAA-TCP_FORW: name:enp0s3: saddr:100932208: daddr:16783984
[  279.710737] AAAAA-TCP_FORW: name:enp0s3: saddr:16783984: daddr:100932208
[  279.856352] AAAAA-TCP_FORW: name:enp0s3: saddr:16783984: daddr:100932208
[  279.901466] AAAAA-TCP_FORW: name:enp0s3: saddr:100932208: daddr:16783984
[  279.924454] AAAAA-TCP_FORW: name:enp0s3: saddr:100932208: daddr:16783984
[  280.267175] AAAAA-TCP_FORW: name:enp0s3: saddr:16783984: daddr:100932208
[  280.291492] AAAAA-TCP_FORW: name:enp0s3: saddr:100932208: daddr:33561200
[  280.321070] AAAAA-TCP_FORW: name:enp0s3: saddr:100932208: daddr:16783984
[  280.363156] AAAAA-TCP_FORW: name:enp0s3: saddr:16783984: daddr:100932208
[  280.419811] AAAAA-TCP_FORW: name:enp0s3: saddr:100932208: daddr:33561200
[  280.460251] AAAAA-TCP_FORW: name:enp0s3: saddr:16783984: daddr:100932208
[  280.644151] AAAAA-TCP_FORW: name:enp0s3: saddr:100932208: daddr:16783984
[  280.734035] AAAAA-TCP_FORW: name:enp0s3: saddr:100932208: daddr:33561200
[  280.808216] AAAAA-TCP_FORW: name:enp0s3: saddr:16783984: daddr:100932208
[  280.873594] AAAAA-TCP_FORW: name:enp0s3: saddr:33561200: daddr:100932208
[  281.002729] AAAAA-TCP_FORW: name:enp0s3: saddr:16783984: daddr:100932208
[  281.194118] AAAAA-TCP_FORW: name:enp0s3: saddr:16783984: daddr:100932208
[  281.444361] AAAAA-TCP_FORW: name:enp0s3: saddr:100932208: daddr:33561200
[  281.659089] AAAAA-TCP_FORW: name:enp0s3: saddr:16783984: daddr:100932208
[  281.836996] AAAAA-TCP_FORW: name:enp0s3: saddr:100932208: daddr:16783984
[  281.910208] AAAAA-TCP_FORW: name:enp0s3: saddr:100932208: daddr:16783984
[  281.970399] AAAAA-TCP_FORW: name:enp0s3: saddr:16783984: daddr:100932208
[  282.183496] AAAAA-TCP_FORW: name:enp0s3: saddr:100932208: daddr:16783984
[  282.512234] AAAAA-TCP_FORW: name:enp0s3: saddr:33561200: daddr:100932208
[  282.647317] AAAAA-TCP_FORW: name:enp0s3: saddr:16783984: daddr:100932208
[  282.807507] AAAAA-TCP_FORW: name:enp0s3: saddr:100932208: daddr:16783984
[  282.847412] AAAAA-TCP_FORW: name:enp0s3: saddr:33561200: daddr:100932208
[  283.106813] AAAAA-TCP_FORW: name:enp0s3: saddr:100932208: daddr:16783984
[  283.534475] AAAAA-TCP_FORW: name:enp0s3: saddr:33561200: daddr:100932208
[  283.830601] AAAAA-TCP_FORW: name:enp0s3: saddr:100932208: daddr:16783984
[  284.135641] AAAAA-TCP_FORW: name:enp0s3: saddr:100932208: daddr:16783984
[  284.190693] AAAAA-TCP_FORW: name:enp0s3: saddr:100932208: daddr:33561200
[  284.439638] AAAAA-TCP_FORW: name:enp0s3: saddr:100932208: daddr:33561200
[  284.698466] AAAAA-TCP_FORW: name:enp0s3: saddr:100932208: daddr:16783984
[  284.856343] AAAAA-TCP_FORW: name:enp0s3: saddr:33561200: daddr:100932208
[  285.180655] AAAAA-TCP_FORW: name:enp0s3: saddr:100932208: daddr:16783984
[  285.253219] AAAAA-TCP_FORW: name:enp0s3: saddr:16783984: daddr:100932208
[  285.364639] AAAAA-TCP_FORW: name:enp0s3: saddr:16783984: daddr:100932208
[  285.444165] AAAAA-TCP_FORW: name:enp0s3: saddr:16783984: daddr:100932208
[  285.484303] AAAAA-TCP_FORW: name:enp0s3: saddr:100932208: daddr:16783984
[  285.761518] AAAAA-TCP_FORW: name:enp0s3: saddr:100932208: daddr:16783984
[  285.835618] AAAAA-TCP_FORW: name:enp0s3: saddr:100932208: daddr:33561200
[  285.898095] AAAAA-TCP_FORW: name:enp0s3: saddr:16783984: daddr:100932208
[  286.146962] AAAAA-TCP_FORW: name:enp0s3: saddr:100932208: daddr:33561200
[  286.561807] AAAAA-TCP_FORW: name:enp0s3: saddr:16783984: daddr:100932208
[  287.155572] AAAAA-TCP_FORW: name:enp0s3: saddr:100932208: daddr:33561200
[  287.357257] AAAAA-TCP_FORW: name:enp0s3: saddr:16783984: daddr:100932208
[  287.498337] AAAAA-TCP_FORW: name:enp0s3: saddr:16783984: daddr:100932208
[  287.623312] AAAAA-TCP_FORW: name:enp0s3: saddr:33561200: daddr:100932208
[  287.819961] AAAAA-TCP_FORW: name:enp0s3: saddr:33561200: daddr:100932208
[  288.046449] AAAAA-TCP_FORW: name:enp0s3: saddr:16783984: daddr:100932208
[  288.489652] AAAAA-TCP_FORW: name:enp0s3: saddr:16783984: daddr:100932208
[  288.878783] AAAAA-TCP_FORW: name:enp0s3: saddr:16783984: daddr:100932208
[  289.003190] AAAAA-TCP_FORW: name:enp0s3: saddr:16783984: daddr:100932208
[  289.145810] AAAAA-TCP_FORW: name:enp0s3: saddr:33561200: daddr:100932208
[  290.422422] AAAAA-TCP_FORW: name:enp0s3: saddr:33561200: daddr:100932208
[  304.033500] AAAAA-TCP_FORW: name:enp0s3: saddr:33561200: daddr:100932208
[  308.272563] AAAAA-TCP_FORW: name:enp0s3: saddr:16783984: daddr:100932208
[  309.073755] AAAAA-TCP_FORW: name:enp0s3: saddr:33561200: daddr:100932208
[  309.863044] AAAAA-TCP_FORW: name:enp0s3: saddr:33561200: daddr:100932208
[  315.311959] AAAAA-TCP_FORW: name:enp0s3: saddr:16783984: daddr:100932208
[  315.538597] AAAAA-TCP_FORW: name:enp0s3: saddr:16783984: daddr:100932208
[  315.642103] AAAAA-TCP_FORW: name:enp0s3: saddr:16783984: daddr:100932208
[  316.073121] AAAAA-TCP_FORW: name:enp0s3: saddr:16783984: daddr:100932208
[  316.239392] AAAAA-TCP_FORW: name:enp0s3: saddr:16783984: daddr:100932208
[  316.651250] AAAAA-TCP_FORW: name:enp0s3: saddr:16783984: daddr:100932208
[  316.872278] AAAAA-TCP_FORW: name:enp0s3: saddr:16783984: daddr:100932208
[  316.983505] AAAAA-TCP_FORW: name:enp0s3: saddr:16783984: daddr:100932208
[  317.323588] AAAAA-TCP_FORW: name:enp0s3: saddr:16783984: daddr:100932208
[  317.439305] AAAAA-TCP_FORW: name:enp0s3: saddr:16783984: daddr:100932208
[  317.581482] AAAAA-TCP_FORW: name:enp0s3: saddr:16783984: daddr:100932208
[  317.802690] AAAAA-TCP_FORW: name:enp0s3: saddr:16783984: daddr:100932208
[  318.314715] AAAAA-TCP_FORW: name:enp0s3: saddr:33561200: daddr:100932208
[  318.553564] AAAAA-TCP_FORW: name:enp0s3: saddr:33561200: daddr:100932208
[  499.678166] rfkill: input handler enabled
[  508.777716] rfkill: input handler disabled
[  673.960497] device enp0s3 left promiscuous mode
