[    0.000000] Linux version 5.4.243-mptcp (root@ztg) (gcc version 12.2.0 (Debian 12.2.0-14+deb12u1)) #53 SMP Wed Dec 24 23:28:15 CST 2025
[    0.000000] Command line: BOOT_IMAGE=/boot/vmlinuz-5.4.243-mptcp root=UUID=98415a12-53b7-4144-8265-0f7ece09e445 ro quiet splash
[    0.000000] KERNEL supported cpus:
[    0.000000]   Intel GenuineIntel
[    0.000000]   AMD AuthenticAMD
[    0.000000]   Hygon HygonGenuine
[    0.000000]   Centaur CentaurHauls
[    0.000000]   zhaoxin   Shanghai  
[    0.000000] x86/fpu: Supporting XSAVE feature 0x001: 'x87 floating point registers'
[    0.000000] x86/fpu: Supporting XSAVE feature 0x002: 'SSE registers'
[    0.000000] x86/fpu: Supporting XSAVE feature 0x004: 'AVX registers'
[    0.000000] x86/fpu: xstate_offset[2]:  576, xstate_sizes[2]:  256
[    0.000000] x86/fpu: Enabled xstate features 0x7, context size is 832 bytes, using 'standard' format.
[    0.000000] BIOS-provided physical RAM map:
[    0.000000] BIOS-e820: [mem 0x0000000000000000-0x000000000009fbff] usable
[    0.000000] BIOS-e820: [mem 0x000000000009fc00-0x000000000009ffff] reserved
[    0.000000] BIOS-e820: [mem 0x00000000000f0000-0x00000000000fffff] reserved
[    0.000000] BIOS-e820: [mem 0x0000000000100000-0x000000007ffeffff] usable
[    0.000000] BIOS-e820: [mem 0x000000007fff0000-0x000000007fffffff] ACPI data
[    0.000000] BIOS-e820: [mem 0x00000000fec00000-0x00000000fec00fff] reserved
[    0.000000] BIOS-e820: [mem 0x00000000fee00000-0x00000000fee00fff] reserved
[    0.000000] BIOS-e820: [mem 0x00000000fffc0000-0x00000000ffffffff] reserved
[    0.000000] NX (Execute Disable) protection: active
[    0.000000] SMBIOS 2.5 present.
[    0.000000] DMI: innotek GmbH VirtualBox/VirtualBox, BIOS VirtualBox 12/01/2006
[    0.000000] Hypervisor detected: KVM
[    0.000000] kvm-clock: Using msrs 4b564d01 and 4b564d00
[    0.000000] kvm-clock: cpu 0, msr 21001001, primary cpu clock
[    0.000000] kvm-clock: using sched offset of 4418123589 cycles
[    0.000003] clocksource: kvm-clock: mask: 0xffffffffffffffff max_cycles: 0x1cd42e4dffb, max_idle_ns: 881590591483 ns
[    0.000006] tsc: Detected 2100.000 MHz processor
[    0.001876] e820: update [mem 0x00000000-0x00000fff] usable ==> reserved
[    0.001878] e820: remove [mem 0x000a0000-0x000fffff] usable
[    0.001882] last_pfn = 0x7fff0 max_arch_pfn = 0x400000000
[    0.001949] MTRR default type: uncachable
[    0.001950] MTRR fixed ranges enabled:
[    0.001952]   00000-9FFFF write-back
[    0.001952]   A0000-BFFFF uncachable
[    0.001953]   C0000-FFFFF write-protect
[    0.001954] MTRR variable ranges enabled:
[    0.001955]   0 base 000000000000 mask 3FFF80000000 write-back
[    0.001956]   1 disabled
[    0.001957]   2 disabled
[    0.001957]   3 disabled
[    0.001957]   4 disabled
[    0.001958]   5 disabled
[    0.001958]   6 disabled
[    0.001959]   7 disabled
[    0.001959]   8 disabled
[    0.001959]   9 disabled
[    0.001960]   10 disabled
[    0.001960]   11 disabled
[    0.001961]   12 disabled
[    0.001961]   13 disabled
[    0.001962]   14 disabled
[    0.001962]   15 disabled
[    0.001977] x86/PAT: Configuration [0-7]: WB  WC  UC- UC  WB  WP  UC- WT  
[    0.002111] found SMP MP-table at [mem 0x0009fff0-0x0009ffff]
[    0.091860] check: Scanning 1 areas for low memory corruption
[    0.092124] RAMDISK: [mem 0x32271000-0x3512ffff]
[    0.092132] ACPI: Early table checksum verification disabled
[    0.092138] ACPI: RSDP 0x00000000000E0000 000024 (v02 VBOX  )
[    0.092142] ACPI: XSDT 0x000000007FFF0030 00003C (v01 VBOX   VBOXXSDT 00000001 ASL  00000061)
[    0.092148] ACPI: FACP 0x000000007FFF00F0 0000F4 (v04 VBOX   VBOXFACP 00000001 ASL  00000061)
[    0.092155] ACPI: DSDT 0x000000007FFF02E0 002353 (v02 VBOX   VBOXBIOS 00000002 VBOX 00029BF3)
[    0.092159] ACPI: FACS 0x000000007FFF0200 000040
[    0.092163] ACPI: FACS 0x000000007FFF0200 000040
[    0.092166] ACPI: APIC 0x000000007FFF0240 000054 (v02 VBOX   VBOXAPIC 00000001 ASL  00000061)
[    0.092170] ACPI: SSDT 0x000000007FFF02A0 000038 (v01 VBOX   VBOXCPUT 00000002 VBOX 00029BF3)
[    0.092173] ACPI: Reserving FACP table memory at [mem 0x7fff00f0-0x7fff01e3]
[    0.092174] ACPI: Reserving DSDT table memory at [mem 0x7fff02e0-0x7fff2632]
[    0.092174] ACPI: Reserving FACS table memory at [mem 0x7fff0200-0x7fff023f]
[    0.092175] ACPI: Reserving FACS table memory at [mem 0x7fff0200-0x7fff023f]
[    0.092176] ACPI: Reserving APIC table memory at [mem 0x7fff0240-0x7fff0293]
[    0.092177] ACPI: Reserving SSDT table memory at [mem 0x7fff02a0-0x7fff02d7]
[    0.092191] ACPI: Local APIC address 0xfee00000
[    0.092379] No NUMA configuration found
[    0.092380] Faking a node at [mem 0x0000000000000000-0x000000007ffeffff]
[    0.092390] NODE_DATA(0) allocated [mem 0x7ffc5000-0x7ffeffff]
[    0.092652] Zone ranges:
[    0.092653]   DMA      [mem 0x0000000000001000-0x0000000000ffffff]
[    0.092654]   DMA32    [mem 0x0000000001000000-0x000000007ffeffff]
[    0.092655]   Normal   empty
[    0.092656]   Device   empty
[    0.092656] Movable zone start for each node
[    0.092658] Early memory node ranges
[    0.092659]   node   0: [mem 0x0000000000001000-0x000000000009efff]
[    0.092660]   node   0: [mem 0x0000000000100000-0x000000007ffeffff]
[    0.092663] Zeroed struct page in unavailable ranges: 114 pages
[    0.092664] Initmem setup node 0 [mem 0x0000000000001000-0x000000007ffeffff]
[    0.092665] On node 0 totalpages: 524174
[    0.092667]   DMA zone: 64 pages used for memmap
[    0.092667]   DMA zone: 21 pages reserved
[    0.092668]   DMA zone: 3998 pages, LIFO batch:0
[    0.092740]   DMA32 zone: 8128 pages used for memmap
[    0.092740]   DMA32 zone: 520176 pages, LIFO batch:63
[    0.101964] ACPI: PM-Timer IO Port: 0x4008
[    0.101967] ACPI: Local APIC address 0xfee00000
[    0.102035] IOAPIC[0]: apic_id 1, version 32, address 0xfec00000, GSI 0-23
[    0.102038] ACPI: INT_SRC_OVR (bus 0 bus_irq 0 global_irq 2 dfl dfl)
[    0.102040] ACPI: INT_SRC_OVR (bus 0 bus_irq 9 global_irq 9 low level)
[    0.102042] ACPI: IRQ0 used by override.
[    0.102043] ACPI: IRQ9 used by override.
[    0.102045] Using ACPI (MADT) for SMP configuration information
[    0.102053] smpboot: Allowing 1 CPUs, 0 hotplug CPUs
[    0.102080] PM: Registered nosave memory: [mem 0x00000000-0x00000fff]
[    0.102081] PM: Registered nosave memory: [mem 0x0009f000-0x0009ffff]
[    0.102081] PM: Registered nosave memory: [mem 0x000a0000-0x000effff]
[    0.102082] PM: Registered nosave memory: [mem 0x000f0000-0x000fffff]
[    0.102084] [mem 0x80000000-0xfebfffff] available for PCI devices
[    0.102085] Booting paravirtualized kernel on KVM
[    0.102088] clocksource: refined-jiffies: mask: 0xffffffff max_cycles: 0xffffffff, max_idle_ns: 7645519600211568 ns
[    0.102093] setup_percpu: NR_CPUS:8192 nr_cpumask_bits:1 nr_cpu_ids:1 nr_node_ids:1
[    0.103138] percpu: Embedded 60 pages/cpu s208896 r8192 d28672 u2097152
[    0.103144] pcpu-alloc: s208896 r8192 d28672 u2097152 alloc=1*2097152
[    0.103145] pcpu-alloc: [0] 0 
[    0.103178] Built 1 zonelists, mobility grouping on.  Total pages: 515961
[    0.103179] Policy zone: DMA32
[    0.103181] Kernel command line: BOOT_IMAGE=/boot/vmlinuz-5.4.243-mptcp root=UUID=98415a12-53b7-4144-8265-0f7ece09e445 ro quiet splash
[    0.104145] Dentry cache hash table entries: 262144 (order: 9, 2097152 bytes, linear)
[    0.104308] Inode-cache hash table entries: 131072 (order: 8, 1048576 bytes, linear)
[    0.104365] mem auto-init: stack:off, heap alloc:on, heap free:off
[    0.104368] Calgary: detecting Calgary via BIOS EBDA area
[    0.104369] Calgary: Unable to locate Rio Grande table in EBDA - bailing!
[    0.109456] Memory: 1967332K/2096696K available (14339K kernel code, 2398K rwdata, 4712K rodata, 2728K init, 17260K bss, 129364K reserved, 0K cma-reserved)
[    0.110576] SLUB: HWalign=64, Order=0-3, MinObjects=0, CPUs=1, Nodes=1
[    0.110597] ftrace: allocating 43186 entries in 169 pages
[    0.129061] rcu: Hierarchical RCU implementation.
[    0.129062] rcu: 	RCU restricting CPUs from NR_CPUS=8192 to nr_cpu_ids=1.
[    0.129063] 	Tasks RCU enabled.
[    0.129064] rcu: RCU calculated value of scheduler-enlistment delay is 25 jiffies.
[    0.129065] rcu: Adjusting geometry for rcu_fanout_leaf=16, nr_cpu_ids=1
[    0.132049] NR_IRQS: 524544, nr_irqs: 256, preallocated irqs: 16
[    0.132263] random: crng init done
[    0.141728] Console: colour VGA+ 80x25
[    0.141733] printk: console [tty0] enabled
[    0.141757] ACPI: Core revision 20190816
[    0.141874] APIC: Switch to symmetric I/O mode setup
[    0.142123] x2apic enabled
[    0.142369] Switched APIC routing to physical x2apic.
[    0.143502] ..TIMER: vector=0x30 apic1=0 pin1=2 apic2=-1 pin2=-1
[    0.143526] clocksource: tsc-early: mask: 0xffffffffffffffff max_cycles: 0x1e4530a99b6, max_idle_ns: 440795257976 ns
[    0.143532] Calibrating delay loop (skipped) preset value.. 4200.00 BogoMIPS (lpj=8400000)
[    0.143534] pid_max: default: 32768 minimum: 301
[    0.143563] LSM: Security Framework initializing
[    0.143572] Yama: becoming mindful.
[    0.143597] AppArmor: AppArmor initialized
[    0.143632] Mount-cache hash table entries: 4096 (order: 3, 32768 bytes, linear)
[    0.143636] Mountpoint-cache hash table entries: 4096 (order: 3, 32768 bytes, linear)
[    0.143646] *** VALIDATE tmpfs ***
[    0.143776] *** VALIDATE proc ***
[    0.143817] *** VALIDATE cgroup1 ***
[    0.143818] *** VALIDATE cgroup2 ***
[    0.143961] process: using mwait in idle threads
[    0.143966] Last level iTLB entries: 4KB 64, 2MB 8, 4MB 8
[    0.143966] Last level dTLB entries: 4KB 64, 2MB 0, 4MB 0, 1GB 4
[    0.143986] Spectre V1 : Mitigation: usercopy/swapgs barriers and __user pointer sanitization
[    0.143991] Spectre V2 : Mitigation: Retpolines
[    0.143992] Spectre V2 : Spectre v2 / SpectreRSB mitigation: Filling RSB on context switch
[    0.143992] Spectre V2 : Spectre v2 / SpectreRSB : Filling RSB on VMEXIT
[    0.143993] RETBleed: WARNING: Spectre v2 mitigation leaves CPU vulnerable to RETBleed attacks, data leaks possible!
[    0.144346] RETBleed: Vulnerable
[    0.144346] Speculative Store Bypass: Vulnerable
[    0.144352] TAA: Mitigation: TSX disabled
[    0.144352] MMIO Stale Data: Mitigation: Clear CPU buffers
[    0.148658] Freeing SMP alternatives memory: 40K
[    0.261078] smpboot: CPU0: Intel(R) Xeon(R) Silver 4216 CPU @ 2.10GHz (family: 0x6, model: 0x55, stepping: 0x7)
[    0.261248] Performance Events: unsupported p6 CPU model 85 no PMU driver, software events only.
[    0.261294] rcu: Hierarchical SRCU implementation.
[    0.261916] NMI watchdog: Perf NMI watchdog permanently disabled
[    0.261970] smp: Bringing up secondary CPUs ...
[    0.261971] smp: Brought up 1 node, 1 CPU
[    0.261972] smpboot: Max logical packages: 1
[    0.261974] smpboot: Total of 1 processors activated (4200.00 BogoMIPS)
[    0.263147] devtmpfs: initialized
[    0.263204] x86/mm: Memory block size: 128MB
[    0.263528] clocksource: jiffies: mask: 0xffffffff max_cycles: 0xffffffff, max_idle_ns: 7645041785100000 ns
[    0.263528] futex hash table entries: 256 (order: 2, 16384 bytes, linear)
[    0.263528] pinctrl core: initialized pinctrl subsystem
[    0.263528] PM: RTC time: 21:52:49, date: 2026-01-17
[    0.263528] NET: Registered protocol family 16
[    0.263528] audit: initializing netlink subsys (disabled)
[    0.263528] EISA bus registered
[    0.263528] cpuidle: using governor ladder
[    0.263528] cpuidle: using governor menu
[    0.263528] ACPI: bus type PCI registered
[    0.263528] acpiphp: ACPI Hot Plug PCI Controller Driver version: 0.5
[    0.263528] PCI: Using configuration type 1 for base access
[    0.265044] audit: type=2000 audit(1768657975.512:1): state=initialized audit_enabled=0 res=1
[    0.265146] HugeTLB registered 2.00 MiB page size, pre-allocated 0 pages
[    0.266307] ACPI: Added _OSI(Module Device)
[    0.266308] ACPI: Added _OSI(Processor Device)
[    0.266309] ACPI: Added _OSI(3.0 _SCP Extensions)
[    0.266310] ACPI: Added _OSI(Processor Aggregator Device)
[    0.266311] ACPI: Added _OSI(Linux-Dell-Video)
[    0.266312] ACPI: Added _OSI(Linux-Lenovo-NV-HDMI-Audio)
[    0.266313] ACPI: Added _OSI(Linux-HPI-Hybrid-Graphics)
[    0.269089] ACPI: 2 ACPI AML tables successfully acquired and loaded
[    0.270973] ACPI: Interpreter enabled
[    0.270985] ACPI: (supports S0 S5)
[    0.270987] ACPI: Using IOAPIC for interrupt routing
[    0.271303] PCI: Using host bridge windows from ACPI; if necessary, use "pci=nocrs" and report a bug
[    0.271464] ACPI: Enabled 2 GPEs in block 00 to 07
[    0.277005] ACPI: PCI Root Bridge [PCI0] (domain 0000 [bus 00-ff])
[    0.277011] acpi PNP0A03:00: _OSC: OS supports [ASPM ClockPM Segments MSI HPX-Type3]
[    0.277531] acpi PNP0A03:00: _OSC: not requesting OS control; OS requires [ExtendedConfig ASPM ClockPM MSI]
[    0.277542] acpi PNP0A03:00: fail to add MMCONFIG information, can't access extended PCI configuration space under this bridge.
[    0.277925] PCI host bridge to bus 0000:00
[    0.277927] pci_bus 0000:00: root bus resource [io  0x0000-0x0cf7 window]
[    0.277929] pci_bus 0000:00: root bus resource [io  0x0d00-0xffff window]
[    0.277930] pci_bus 0000:00: root bus resource [mem 0x000a0000-0x000bffff window]
[    0.277931] pci_bus 0000:00: root bus resource [mem 0x80000000-0xfdffffff window]
[    0.277932] pci_bus 0000:00: root bus resource [bus 00-ff]
[    0.277977] pci 0000:00:00.0: [8086:1237] type 00 class 0x060000
[    0.278995] pci 0000:00:01.0: [8086:7000] type 00 class 0x060100
[    0.279787] pci 0000:00:01.1: [8086:7111] type 00 class 0x01018a
[    0.280194] pci 0000:00:01.1: reg 0x20: [io  0xd000-0xd00f]
[    0.280364] pci 0000:00:01.1: legacy IDE quirk: reg 0x10: [io  0x01f0-0x01f7]
[    0.280365] pci 0000:00:01.1: legacy IDE quirk: reg 0x14: [io  0x03f6]
[    0.280366] pci 0000:00:01.1: legacy IDE quirk: reg 0x18: [io  0x0170-0x0177]
[    0.280367] pci 0000:00:01.1: legacy IDE quirk: reg 0x1c: [io  0x0376]
[    0.280942] pci 0000:00:02.0: [15ad:0405] type 00 class 0x030000
[    0.283528] pci 0000:00:02.0: reg 0x10: [io  0xd010-0xd01f]
[    0.283609] pci 0000:00:02.0: reg 0x14: [mem 0xe0000000-0xe7ffffff pref]
[    0.286472] pci 0000:00:02.0: reg 0x18: [mem 0xf0000000-0xf01fffff]
[    0.299560] pci 0000:00:03.0: [1022:2000] type 00 class 0x020000
[    0.300284] pci 0000:00:03.0: reg 0x10: [io  0xd020-0xd03f]
[    0.300955] pci 0000:00:03.0: reg 0x14: [mem 0xf0200000-0xf0200fff]
[    0.304335] pci 0000:00:04.0: [80ee:cafe] type 00 class 0x088000
[    0.304999] pci 0000:00:04.0: reg 0x10: [io  0xd040-0xd05f]
[    0.305615] pci 0000:00:04.0: reg 0x14: [mem 0xf0400000-0xf07fffff]
[    0.306222] pci 0000:00:04.0: reg 0x18: [mem 0xf0800000-0xf0803fff pref]
[    0.309484] pci 0000:00:07.0: [8086:7113] type 00 class 0x068000
[    0.310029] pci 0000:00:07.0: quirk: [io  0x4000-0x403f] claimed by PIIX4 ACPI
[    0.310038] pci 0000:00:07.0: quirk: [io  0x4100-0x410f] claimed by PIIX4 SMB
[    0.310691] pci 0000:00:08.0: [8086:100e] type 00 class 0x020000
[    0.311528] pci 0000:00:08.0: reg 0x10: [mem 0xf0820000-0xf083ffff]
[    0.311528] pci 0000:00:08.0: reg 0x18: [io  0xd060-0xd067]
[    0.316553] pci 0000:00:09.0: [8086:100e] type 00 class 0x020000
[    0.317259] pci 0000:00:09.0: reg 0x10: [mem 0xf0840000-0xf085ffff]
[    0.318419] pci 0000:00:09.0: reg 0x18: [io  0xd068-0xd06f]
[    0.328531] ACPI: PCI Interrupt Link [LNKA] (IRQs 5 9 10 *11)
[    0.328814] ACPI: PCI Interrupt Link [LNKB] (IRQs 5 9 *10 11)
[    0.328914] ACPI: PCI Interrupt Link [LNKC] (IRQs 5 *9 10 11)
[    0.329017] ACPI: PCI Interrupt Link [LNKD] (IRQs 5 9 10 *11)
[    0.329280] iommu: Default domain type: Translated 
[    0.329340] pci 0000:00:02.0: vgaarb: setting as boot VGA device
[    0.329342] pci 0000:00:02.0: vgaarb: VGA device added: decodes=io+mem,owns=io+mem,locks=none
[    0.329344] pci 0000:00:02.0: vgaarb: bridge control possible
[    0.329344] vgaarb: loaded
[    0.329571] SCSI subsystem initialized
[    0.329604] libata version 3.00 loaded.
[    0.329630] ACPI: bus type USB registered
[    0.329646] usbcore: registered new interface driver usbfs
[    0.329652] usbcore: registered new interface driver hub
[    0.329657] usbcore: registered new device driver usb
[    0.329683] pps_core: LinuxPPS API ver. 1 registered
[    0.329683] pps_core: Software ver. 5.3.6 - Copyright 2005-2007 Rodolfo Giometti <giometti@linux.it>
[    0.329686] PTP clock support registered
[    0.329722] EDAC MC: Ver: 3.0.0
[    0.331559] PCI: Using ACPI for IRQ routing
[    0.331560] PCI: pci_cache_line_size set to 64 bytes
[    0.331735] e820: reserve RAM buffer [mem 0x0009fc00-0x0009ffff]
[    0.331739] e820: reserve RAM buffer [mem 0x7fff0000-0x7fffffff]
[    0.332550] NetLabel: Initializing
[    0.332551] NetLabel:  domain hash size = 128
[    0.332551] NetLabel:  protocols = UNLABELED CIPSOv4 CALIPSO
[    0.332571] NetLabel:  unlabeled traffic allowed by default
[    0.333494] clocksource: Switched to clocksource kvm-clock
[    0.343719] *** VALIDATE bpf ***
[    0.343719] VFS: Disk quotas dquot_6.6.0
[    0.343719] VFS: Dquot-cache hash table entries: 512 (order 0, 4096 bytes)
[    0.343719] *** VALIDATE ramfs ***
[    0.343719] *** VALIDATE hugetlbfs ***
[    0.343719] AppArmor: AppArmor Filesystem Enabled
[    0.343719] pnp: PnP ACPI init
[    0.343719] pnp 00:00: Plug and Play ACPI device, IDs PNP0303 (active)
[    0.346459] pnp 00:01: Plug and Play ACPI device, IDs PNP0f03 (active)
[    0.347227] pnp: PnP ACPI: found 2 devices
[    0.348230] thermal_sys: Registered thermal governor 'fair_share'
[    0.348231] thermal_sys: Registered thermal governor 'bang_bang'
[    0.348232] thermal_sys: Registered thermal governor 'step_wise'
[    0.348232] thermal_sys: Registered thermal governor 'user_space'
[    0.348233] thermal_sys: Registered thermal governor 'power_allocator'
[    0.352768] clocksource: acpi_pm: mask: 0xffffff max_cycles: 0xffffff, max_idle_ns: 2085701024 ns
[    0.352809] pci_bus 0000:00: resource 4 [io  0x0000-0x0cf7 window]
[    0.352810] pci_bus 0000:00: resource 5 [io  0x0d00-0xffff window]
[    0.352812] pci_bus 0000:00: resource 6 [mem 0x000a0000-0x000bffff window]
[    0.352813] pci_bus 0000:00: resource 7 [mem 0x80000000-0xfdffffff window]
[    0.352872] NET: Registered protocol family 2
[    0.352948] IP idents hash table entries: 32768 (order: 6, 262144 bytes, linear)
[    0.353367] MPTCP tokens hash table entries: 8192 (order: 4, 65536 bytes, linear)
[    0.353388] MPTCP request tokens hash table entries: 8192 (order: 4, 65536 bytes, linear)
[    0.353413] default registered
[    0.353413] default registered
[    0.353414] MPTCP: Stable release v0.96
[    0.353419] tcp_listen_portaddr_hash hash table entries: 1024 (order: 2, 16384 bytes, linear)
[    0.353502] TCP established hash table entries: 16384 (order: 5, 131072 bytes, linear)
[    0.353568] TCP bind hash table entries: 16384 (order: 6, 262144 bytes, linear)
[    0.353593] TCP: Hash tables configured (established 16384 bind 16384)
[    0.354333] UDP hash table entries: 1024 (order: 3, 32768 bytes, linear)
[    0.354345] UDP-Lite hash table entries: 1024 (order: 3, 32768 bytes, linear)
[    0.354383] NET: Registered protocol family 1
[    0.354391] NET: Registered protocol family 44
[    0.354430] pci 0000:00:00.0: Limiting direct PCI/PCI transfers
[    0.354443] pci 0000:00:01.0: Activating ISA DMA hang workarounds
[    0.354500] pci 0000:00:02.0: Video device with shadowed ROM at [mem 0x000c0000-0x000dffff]
[    0.354563] PCI: CLS 0 bytes, default 64
[    0.354612] Trying to unpack rootfs image as initramfs...
[    0.531654] Freeing initrd memory: 47868K
[    0.531654] clocksource: tsc: mask: 0xffffffffffffffff max_cycles: 0x1e4530a99b6, max_idle_ns: 440795257976 ns
[    0.531654] clocksource: Switched to clocksource tsc
[    0.531654] platform rtc_cmos: registered platform RTC device (no PNP device found)
[    0.531654] check: Scanning for low memory corruption every 60 seconds
[    0.531654] Initialise system trusted keyrings
[    0.531654] Key type blacklist registered
[    0.531654] workingset: timestamp_bits=36 max_order=19 bucket_order=0
[    0.531654] zbud: loaded
[    0.531654] squashfs: version 4.0 (2009/01/31) Phillip Lougher
[    0.531654] fuse: init (API version 7.31)
[    0.531654] *** VALIDATE fuse ***
[    0.531654] *** VALIDATE fuse ***
[    0.531654] Platform Keyring initialized
[    0.544262] Key type asymmetric registered
[    0.544263] Asymmetric key parser 'x509' registered
[    0.544272] Block layer SCSI generic (bsg) driver version 0.4 loaded (major 244)
[    0.544314] io scheduler mq-deadline registered
[    0.544438] shpchp: Standard Hot Plug PCI Controller Driver version: 0.4
[    0.544641] ACPI: AC Adapter [AC] (on-line)
[    0.544686] input: Power Button as /devices/LNXSYSTM:00/LNXPWRBN:00/input/input0
[    0.544716] ACPI: Power Button [PWRF]
[    0.544792] input: Sleep Button as /devices/LNXSYSTM:00/LNXSLPBN:00/input/input1
[    0.544806] ACPI: Sleep Button [SLPF]
[    0.545058] Serial: 8250/16550 driver, 32 ports, IRQ sharing enabled
[    0.546233] Linux agpgart interface v0.103
[    0.635326] loop: module loaded
[    0.635471] ata_piix 0000:00:01.1: version 2.13
[    0.635874] scsi host0: ata_piix
[    0.635964] scsi host1: ata_piix
[    0.635991] ata1: PATA max UDMA/33 cmd 0x1f0 ctl 0x3f6 bmdma 0xd000 irq 14
[    0.635991] ata2: PATA max UDMA/33 cmd 0x170 ctl 0x376 bmdma 0xd008 irq 15
[    0.636070] tun: Universal TUN/TAP device driver, 1.6
[    0.636376] PPP generic driver version 2.4.2
[    0.636417] VFIO - User Level meta-driver version: 0.3
[    0.636649] ehci_hcd: USB 2.0 'Enhanced' Host Controller (EHCI) Driver
[    0.636654] ehci-pci: EHCI PCI platform driver
[    0.636670] ehci-platform: EHCI generic platform driver
[    0.636675] ohci_hcd: USB 1.1 'Open' Host Controller (OHCI) Driver
[    0.636677] ohci-pci: OHCI PCI platform driver
[    0.636684] ohci-platform: OHCI generic platform driver
[    0.636688] uhci_hcd: USB Universal Host Controller Interface driver
[    0.636753] i8042: PNP: PS/2 Controller [PNP0303:PS2K,PNP0f03:PS2M] at 0x60,0x64 irq 1,12
[    0.637188] serio: i8042 KBD port at 0x60,0x64 irq 1
[    0.637192] serio: i8042 AUX port at 0x60,0x64 irq 12
[    0.637288] mousedev: PS/2 mouse device common for all mice
[    0.637540] input: AT Translated Set 2 keyboard as /devices/platform/i8042/serio0/input/input2
[    0.637938] rtc_cmos rtc_cmos: registered as rtc0
[    0.637952] rtc_cmos rtc_cmos: alarms up to one day, 114 bytes nvram
[    0.637957] i2c /dev entries driver
[    0.637998] device-mapper: uevent: version 1.0.3
[    0.638043] device-mapper: ioctl: 4.41.0-ioctl (2019-09-16) initialised: dm-devel@redhat.com
[    0.638058] platform eisa.0: Probing EISA bus 0
[    0.638060] platform eisa.0: EISA: Cannot allocate resource for mainboard
[    0.638061] platform eisa.0: Cannot allocate resource for EISA slot 1
[    0.638062] platform eisa.0: Cannot allocate resource for EISA slot 2
[    0.638063] platform eisa.0: Cannot allocate resource for EISA slot 3
[    0.638064] platform eisa.0: Cannot allocate resource for EISA slot 4
[    0.638065] platform eisa.0: Cannot allocate resource for EISA slot 5
[    0.638066] platform eisa.0: Cannot allocate resource for EISA slot 6
[    0.638067] platform eisa.0: Cannot allocate resource for EISA slot 7
[    0.638068] platform eisa.0: Cannot allocate resource for EISA slot 8
[    0.638069] platform eisa.0: EISA: Detected 0 cards
[    0.638071] intel_pstate: CPU model not supported
[    0.638080] ledtrig-cpu: registered to indicate activity on CPUs
[    0.638135] drop_monitor: Initializing network drop monitor service
[    0.638295] NET: Registered protocol family 10
[    0.643449] Segment Routing with IPv6
[    0.643449] fullmesh registered
[    0.643449] ndiffports registered
[    0.643449] binder registered
[    0.643449] roundrobin registered
[    0.643449] redundant registered
[    0.643449] blest registered
[    0.643449] ecf registered
[    0.643449] NET: Registered protocol family 17
[    0.643449] Key type dns_resolver registered
[    0.643449] RAS: Correctable Errors collector initialized.
[    0.643449] IPI shorthand broadcast: enabled
[    0.643449] sched_clock: Marking stable (628174566, 11274679)->(644836625, -5387380)
[    0.643704] registered taskstats version 1
[    0.643712] Loading compiled-in X.509 certificates
[    0.644301] Loaded X.509 cert 'Build time autogenerated kernel key: 6909f3744cebb3d0de528d5887b96a727de79b1e'
[    0.644319] zswap: loaded using pool lzo/zbud
[    0.644370] Key type ._fscrypt registered
[    0.644371] Key type .fscrypt registered
[    0.648814] Key type big_key registered
[    0.651023] Key type encrypted registered
[    0.651025] AppArmor: AppArmor sha1 policy hashing enabled
[    0.651032] ima: No TPM chip found, activating TPM-bypass!
[    0.651036] ima: Allocated hash algorithm: sha1
[    0.651041] ima: No architecture policies found
[    0.651050] evm: Initialising EVM extended attributes:
[    0.651051] evm: security.selinux
[    0.651051] evm: security.SMACK64
[    0.651052] evm: security.SMACK64EXEC
[    0.651052] evm: security.SMACK64TRANSMUTE
[    0.651053] evm: security.SMACK64MMAP
[    0.651053] evm: security.apparmor
[    0.651054] evm: security.ima
[    0.651054] evm: security.capability
[    0.651055] evm: HMAC attrs: 0x1
[    0.651348] PM:   Magic number: 10:813:904
[    0.651464] rtc_cmos rtc_cmos: setting system clock to 2026-01-17T21:52:50 UTC (1768686770)
[    0.808344] ata1.00: ATA-6: VBOX HARDDISK, 1.0, max UDMA/133
[    0.808347] ata1.00: 209715200 sectors, multi 128: LBA 
[    0.808988] scsi 0:0:0:0: Direct-Access     ATA      VBOX HARDDISK    1.0  PQ: 0 ANSI: 5
[    0.809261] sd 0:0:0:0: [sda] 209715200 512-byte logical blocks: (107 GB/100 GiB)
[    0.809274] sd 0:0:0:0: [sda] Write Protect is off
[    0.809277] sd 0:0:0:0: [sda] Mode Sense: 00 3a 00 00
[    0.809296] sd 0:0:0:0: [sda] Write cache: enabled, read cache: enabled, doesn't support DPO or FUA
[    0.809599] sd 0:0:0:0: Attached scsi generic sg0 type 0
[    0.810828]  sda: sda1 sda2
[    0.819486] sd 0:0:0:0: [sda] Attached SCSI disk
[    0.822664] Freeing unused decrypted memory: 2040K
[    0.823628] Freeing unused kernel image memory: 2728K
[    0.823631] Write protecting the kernel read-only data: 22528k
[    0.824618] Freeing unused kernel image memory: 2036K
[    0.825177] Freeing unused kernel image memory: 1432K
[    0.850291] x86/mm: Checked W+X mappings: passed, no W+X pages found.
[    0.850296] Run /init as init process
[    0.955326] ACPI: Video Device [GFX0] (multi-head: yes  rom: no  post: no)
[    0.955401] input: Video Bus as /devices/LNXSYSTM:00/LNXSYBUS:00/PNP0A03:00/LNXVIDEO:00/input/input4
[    0.970608] pcnet32: pcnet32.c:v1.35 21.Apr.2008 tsbogend@alpha.franken.de
[    0.972102] piix4_smbus 0000:00:07.0: SMBus Host Controller at 0x4100, revision 0
[    0.974793] e1000: Intel(R) PRO/1000 Network Driver - version 7.3.21-k8-NAPI
[    0.974793] e1000: Copyright (c) 1999-2006 Intel Corporation.
[    0.986175] pcnet32: PCnet/FAST III 79C973 at 0xd020, 08:00:27:a8:83:c3 assigned IRQ 19
[    0.986221] pcnet32: Found PHY 0022:561b at address 0
[    0.986520] pcnet32: eth0: registered as PCnet/FAST III 79C973
[    0.996145] pcnet32: 1 cards_found
[    1.047032] pcnet32 0000:00:03.0 enp0s3: renamed from eth0
[    1.192974] input: ImExPS/2 Generic Explorer Mouse as /devices/platform/i8042/serio1/input/input5
[    1.379588] e1000 0000:00:08.0 eth0: (PCI:33MHz:32-bit) 08:00:27:46:02:3f
[    1.379592] e1000 0000:00:08.0 eth0: Intel(R) PRO/1000 Network Connection
[    1.755655] e1000 0000:00:09.0 eth1: (PCI:33MHz:32-bit) 08:00:27:41:6d:b3
[    1.755658] e1000 0000:00:09.0 eth1: Intel(R) PRO/1000 Network Connection
[    1.756781] e1000 0000:00:08.0 enp0s8: renamed from eth0
[    1.758556] e1000 0000:00:09.0 enp0s9: renamed from eth1
[    1.922717] EXT4-fs (sda2): mounted filesystem with ordered data mode. Opts: (null)
[    2.023698] systemd[1]: Inserted module 'autofs4'
[    2.035237] systemd[1]: systemd 245.4-4ubuntu3 running in system mode. (+PAM +AUDIT +SELINUX +IMA +APPARMOR +SMACK +SYSVINIT +UTMP +LIBCRYPTSETUP +GCRYPT +GNUTLS +ACL +XZ +LZ4 +SECCOMP +BLKID +ELFUTILS +KMOD +IDN2 -IDN +PCRE2 default-hierarchy=hybrid)
[    2.035266] systemd[1]: Detected virtualization oracle.
[    2.035269] systemd[1]: Detected architecture x86-64.
[    2.036586] systemd[1]: Set hostname to <ztg>.
[    2.167922] systemd[1]: /lib/systemd/system/dbus.socket:5: ListenStream= references a path below legacy directory /var/run/, updating /var/run/dbus/system_bus_socket â†’ /run/dbus/system_bus_socket; please update the unit file accordingly.
[    2.220341] systemd[1]: Created slice system-modprobe.slice.
[    2.220523] systemd[1]: Created slice User and Session Slice.
[    2.220564] systemd[1]: Started Forward Password Requests to Wall Directory Watch.
[    2.220716] systemd[1]: Set up automount Arbitrary Executable File Formats File System Automount Point.
[    2.220748] systemd[1]: Reached target User and Group Name Lookups.
[    2.220757] systemd[1]: Reached target Remote File Systems.
[    2.220765] systemd[1]: Reached target Slices.
[    2.221266] systemd[1]: Listening on Syslog Socket.
[    2.221332] systemd[1]: Listening on fsck to fsckd communication Socket.
[    2.221368] systemd[1]: Listening on initctl Compatibility Named Pipe.
[    2.221501] systemd[1]: Listening on Journal Audit Socket.
[    2.221555] systemd[1]: Listening on Journal Socket (/dev/log).
[    2.221622] systemd[1]: Listening on Journal Socket.
[    2.221685] systemd[1]: Listening on udev Control Socket.
[    2.221725] systemd[1]: Listening on udev Kernel Socket.
[    2.222441] systemd[1]: Mounting Huge Pages File System...
[    2.223396] systemd[1]: Mounting POSIX Message Queue File System...
[    2.224285] systemd[1]: Mounting Kernel Debug File System...
[    2.225104] systemd[1]: Mounting Kernel Trace File System...
[    2.227005] systemd[1]: Starting Journal Service...
[    2.250447] systemd[1]: Starting Set the console keyboard layout...
[    2.258306] systemd[1]: Starting Create list of static device nodes for the current kernel...
[    2.260103] systemd[1]: Starting Load Kernel Module drm...
[    2.261055] systemd[1]: Condition check resulted in Set Up Additional Binary Formats being skipped.
[    2.261133] systemd[1]: Condition check resulted in File System Check on Root Device being skipped.
[    2.274507] systemd[1]: Starting Load Kernel Modules...
[    2.279878] systemd[1]: Starting Remount Root and Kernel File Systems...
[    2.290706] systemd[1]: Starting udev Coldplug all Devices...
[    2.297317] systemd[1]: Starting Uncomplicated firewall...
[    2.298878] systemd[1]: Mounted Huge Pages File System.
[    2.299006] systemd[1]: Mounted POSIX Message Queue File System.
[    2.299083] systemd[1]: Mounted Kernel Debug File System.
[    2.299152] systemd[1]: Mounted Kernel Trace File System.
[    2.300812] EXT4-fs (sda2): re-mounted. Opts: errors=remount-ro
[    2.341512] systemd[1]: Finished Create list of static device nodes for the current kernel.
[    2.342515] systemd[1]: modprobe@drm.service: Succeeded.
[    2.345162] systemd[1]: Finished Load Kernel Module drm.
[    2.350630] systemd[1]: Finished Remount Root and Kernel File Systems.
[    2.351885] systemd[1]: Finished Uncomplicated firewall.
[    2.369140] lp: driver loaded but no devices found
[    2.370406] systemd[1]: Condition check resulted in Rebuild Hardware Database being skipped.
[    2.370442] systemd[1]: Condition check resulted in Platform Persistent Storage Archival being skipped.
[    2.371148] systemd[1]: Starting Load/Save Random Seed...
[    2.376650] systemd[1]: Starting Create System Users...
[    2.386668] systemd[1]: Finished Load/Save Random Seed.
[    2.388112] ppdev: user-space parallel port driver
[    2.391543] systemd[1]: Finished Create System Users.
[    2.392560] systemd[1]: Starting Create Static Device Nodes in /dev...
[    2.443090] systemd[1]: Finished udev Coldplug all Devices.
[    2.449407] systemd[1]: Finished Create Static Device Nodes in /dev.
[    2.450238] systemd[1]: Starting udev Kernel Device Manager...
[    2.467987] [drm] DMA map mode: Caching DMA mappings.
[    2.468050] [drm] Capabilities:
[    2.468050] [drm]   Rect copy.
[    2.468050] [drm]   Cursor.
[    2.468051] [drm]   Cursor bypass.
[    2.468051] [drm]   Cursor bypass 2.
[    2.468051] [drm]   Alpha cursor.
[    2.468052] [drm]   Extended Fifo.
[    2.468052] [drm]   Pitchlock.
[    2.468052] [drm]   Irq mask.
[    2.468053] [drm]   GMR.
[    2.468053] [drm]   Traces.
[    2.468053] [drm]   GMR2.
[    2.468054] [drm]   Screen Object 2.
[    2.468054] [drm]   Command Buffers.
[    2.468054] [drm]   Command Buffers 2.
[    2.468055] [drm]   Guest Backed Resources.
[    2.468056] [drm] Max GMR ids is 8192
[    2.468056] [drm] Max number of GMR pages is 1048576
[    2.468057] [drm] Max dedicated hypervisor surface memory is 393216 kiB
[    2.468057] [drm] Maximum display memory size is 131072 kiB
[    2.468058] [drm] VRAM at 0xe0000000 size is 131072 kiB
[    2.468059] [drm] MMIO at 0xf0000000 size is 2048 kiB
[    2.469206] [TTM] Zone  kernel: Available graphics memory: 1011738 KiB
[    2.469207] [TTM] Initializing pool allocator
[    2.469210] [TTM] Initializing DMA pool allocator
[    2.469235] [drm] Supports vblank timestamp caching Rev 2 (21.10.2013).
[    2.469236] [drm] No driver support for vblank timestamp query.
[    2.469460] [drm] Screen Target Display device initialized
[    2.469642] [drm] width 720
[    2.469655] [drm] height 400
[    2.469659] [drm] bpp 32
[    2.470181] [drm] Fifo max 0x00200000 min 0x00001000 cap 0x00000355
[    2.471384] [drm] Using command buffers with DMA pool.
[    2.471388] [drm] DX: no.
[    2.471389] [drm] Atomic: yes.
[    2.471389] [drm] SM4_1: no.
[    2.471408] [drm:vmw_host_log [vmwgfx]] *ERROR* Failed to send host log message.
[    2.473518] [drm:vmw_host_log [vmwgfx]] *ERROR* Failed to send host log message.
[    2.514680] fbcon: svgadrmfb (fb0) is primary device
[    2.517797] Console: switching to colour frame buffer device 100x37
[    2.521649] [drm] Initialized vmwgfx 2.15.0 20180704 for 0000:00:02.0 on minor 0
[    2.522669] systemd[1]: Finished Load Kernel Modules.
[    2.523604] systemd[1]: Mounting FUSE Control File System...
[    2.525167] systemd[1]: Mounting Kernel Configuration File System...
[    2.533892] systemd[1]: Starting Apply Kernel Variables...
[    2.541482] systemd[1]: Finished Set the console keyboard layout.
[    2.542188] systemd[1]: Mounted FUSE Control File System.
[    2.542263] systemd[1]: Reached target Local File Systems (Pre).
[    2.542281] systemd[1]: Condition check resulted in VMware vmblock fuse mount being skipped.
[    2.550399] systemd[1]: Mounting Mount unit for bare, revision 5...
[    2.554219] systemd[1]: Mounting Mount unit for core18, revision 1705...
[    2.568502] systemd[1]: Mounting Mount unit for gnome-3-34-1804, revision 24...
[    2.583648] systemd[1]: Mounting Mount unit for gtk-common-themes, revision 1506...
[    2.602499] systemd[1]: Mounting Mount unit for gtk-common-themes, revision 1535...
[    2.609686] systemd[1]: Mounting Mount unit for snap-store, revision 433...
[    2.614955] systemd[1]: Mounting Mount unit for snapd, revision 25935...
[    2.617588] systemd[1]: Mounted Kernel Configuration File System.
[    2.626688] systemd[1]: Finished Apply Kernel Variables.
[    2.634573] systemd[1]: Mounted Mount unit for bare, revision 5.
[    2.637586] systemd[1]: Mounted Mount unit for core18, revision 1705.
[    2.637676] systemd[1]: Mounted Mount unit for gnome-3-34-1804, revision 24.
[    2.651229] systemd[1]: Started udev Kernel Device Manager.
[    2.651910] systemd[1]: Starting Show Plymouth Boot Screen...
[    2.656444] systemd[1]: Received SIGRTMIN+20 from PID 273 (plymouthd).
[    2.697216] systemd[1]: Started Show Plymouth Boot Screen.
[    2.697378] systemd[1]: Condition check resulted in Dispatch Password Requests to Console Directory Watch being skipped.
[    2.697468] systemd[1]: Started Forward Password Requests to Plymouth Directory Watch.
[    2.697501] systemd[1]: Reached target Local Encrypted Volumes.
[    2.715629] systemd[1]: Mounted Mount unit for gtk-common-themes, revision 1506.
[    2.715898] systemd[1]: Mounted Mount unit for gtk-common-themes, revision 1535.
[    2.746462] systemd[1]: Mounted Mount unit for snapd, revision 25935.
[    2.750921] systemd[1]: Mounted Mount unit for snap-store, revision 433.
[    2.751118] systemd[1]: Reached target Local File Systems.
[    2.751978] systemd[1]: Starting Load AppArmor profiles...
[    2.754251] systemd[1]: Starting Set console font and keymap...
[    2.766473] systemd[1]: Starting Tell Plymouth To Write Out Runtime Data...
[    2.766589] systemd[1]: Condition check resulted in Store a System Token in an EFI Variable being skipped.
[    2.766645] systemd[1]: Condition check resulted in Commit a transient machine-id on disk being skipped.
[    2.771489] systemd[1]: Finished Set console font and keymap.
[    2.778054] systemd[1]: Received SIGRTMIN+20 from PID 273 (plymouthd).
[    2.779125] systemd[1]: plymouth-read-write.service: Succeeded.
[    2.779370] systemd[1]: Finished Tell Plymouth To Write Out Runtime Data.
[    2.815775] audit: type=1400 audit(1768686772.660:2): apparmor="STATUS" operation="profile_load" profile="unconfined" name="nvidia_modprobe" pid=299 comm="apparmor_parser"
[    2.815778] audit: type=1400 audit(1768686772.660:3): apparmor="STATUS" operation="profile_load" profile="unconfined" name="nvidia_modprobe//kmod" pid=299 comm="apparmor_parser"
[    2.822553] audit: type=1400 audit(1768686772.664:4): apparmor="STATUS" operation="profile_load" profile="unconfined" name="/usr/sbin/tcpdump" pid=300 comm="apparmor_parser"
[    2.849975] audit: type=1400 audit(1768686772.688:5): apparmor="STATUS" operation="profile_load" profile="unconfined" name="/usr/bin/evince" pid=302 comm="apparmor_parser"
[    2.849976] audit: type=1400 audit(1768686772.688:6): apparmor="STATUS" operation="profile_load" profile="unconfined" name="/usr/bin/evince//sanitized_helper" pid=302 comm="apparmor_parser"
[    2.849978] audit: type=1400 audit(1768686772.688:7): apparmor="STATUS" operation="profile_load" profile="unconfined" name="/usr/bin/evince-previewer" pid=302 comm="apparmor_parser"
[    2.849979] audit: type=1400 audit(1768686772.688:8): apparmor="STATUS" operation="profile_load" profile="unconfined" name="/usr/bin/evince-previewer//sanitized_helper" pid=302 comm="apparmor_parser"
[    2.849981] audit: type=1400 audit(1768686772.688:9): apparmor="STATUS" operation="profile_load" profile="unconfined" name="/usr/bin/evince-thumbnailer" pid=302 comm="apparmor_parser"
[    2.890690] audit: type=1400 audit(1768686772.736:10): apparmor="STATUS" operation="profile_load" profile="unconfined" name="/usr/lib/cups/backend/cups-pdf" pid=303 comm="apparmor_parser"
[    2.948193] systemd[1]: Finished Load AppArmor profiles.
[    2.949168] systemd[1]: Starting Load AppArmor profiles managed internally by snapd...
[    3.069606] systemd[1]: Finished Load AppArmor profiles managed internally by snapd.
[    3.239322] systemd[1]: Started Journal Service.
[    3.248972] systemd-journald[229]: Received client request to flush runtime journal.
[    3.251585] systemd-journald[229]: File /var/log/journal/c455b248004a419c87ce85eea238d727/system.journal corrupted or uncleanly shut down, renaming and replacing.
[    4.530075] RAPL PMU: API unit is 2^-32 Joules, 0 fixed counters, 10737418240 ms ovfl timer
[    4.537479] cryptd: max_cpu_qlen set to 1000
[    4.608964] AVX2 version of gcm_enc/dec engaged.
[    4.608965] AES CTR mode by8 optimization enabled
[    6.444259] Adding 1998844k swap on /dev/sda1.  Priority:-2 extents:1 across:1998844k FS
[    8.129797] kauditd_printk_skb: 30 callbacks suppressed
[    8.129798] audit: type=1400 audit(1768686777.972:41): apparmor="DENIED" operation="capable" profile="/usr/sbin/cups-browsed" pid=509 comm="cups-browsed" capability=23  capname="sys_nice"
[    8.948292] pcnet32 0000:00:03.0 enp0s3: link up, 100Mbps, full-duplex
[    8.992806] e1000: enp0s8 NIC Link is Up 1000 Mbps Full Duplex, Flow Control: RX
[    8.993127] IPv6: ADDRCONF(NETDEV_CHANGE): enp0s8: link becomes ready
[    9.016704] e1000: enp0s9 NIC Link is Up 1000 Mbps Full Duplex, Flow Control: RX
[    9.016998] IPv6: ADDRCONF(NETDEV_CHANGE): enp0s9: link becomes ready
[    9.743337] device enp0s3 entered promiscuous mode
[    9.782817] audit: type=1400 audit(1768686779.628:42): apparmor="DENIED" operation="open" profile="/usr/sbin/tcpdump" name="/proc/sys/kernel/random/boot_id" pid=664 comm="tcpdump" requested_mask="r" denied_mask="r" fsuid=0 ouid=0
[    9.783077] audit: type=1400 audit(1768686779.628:43): apparmor="DENIED" operation="open" profile="/usr/sbin/tcpdump" name="/proc/sys/kernel/random/boot_id" pid=664 comm="tcpdump" requested_mask="r" denied_mask="r" fsuid=0 ouid=0
[    9.783932] audit: type=1400 audit(1768686779.628:44): apparmor="DENIED" operation="open" profile="/usr/sbin/tcpdump" name="/proc/sys/kernel/random/boot_id" pid=664 comm="tcpdump" requested_mask="r" denied_mask="r" fsuid=0 ouid=0
[    9.785971] audit: type=1400 audit(1768686779.628:45): apparmor="DENIED" operation="open" profile="/usr/sbin/tcpdump" name="/proc/sys/kernel/random/boot_id" pid=664 comm="tcpdump" requested_mask="r" denied_mask="r" fsuid=0 ouid=0
[    9.787128] audit: type=1400 audit(1768686779.628:46): apparmor="DENIED" operation="open" profile="/usr/sbin/tcpdump" name="/proc/sys/kernel/random/boot_id" pid=665 comm="tcpdump" requested_mask="r" denied_mask="r" fsuid=0 ouid=0
[    9.787325] audit: type=1400 audit(1768686779.628:47): apparmor="DENIED" operation="open" profile="/usr/sbin/tcpdump" name="/proc/sys/kernel/random/boot_id" pid=665 comm="tcpdump" requested_mask="r" denied_mask="r" fsuid=0 ouid=0
[    9.787366] audit: type=1400 audit(1768686779.628:48): apparmor="DENIED" operation="open" profile="/usr/sbin/tcpdump" name="/proc/sys/kernel/random/boot_id" pid=665 comm="tcpdump" requested_mask="r" denied_mask="r" fsuid=0 ouid=0
[    9.787815] audit: type=1400 audit(1768686779.628:49): apparmor="DENIED" operation="open" profile="/usr/sbin/tcpdump" name="/proc/sys/kernel/random/boot_id" pid=665 comm="tcpdump" requested_mask="r" denied_mask="r" fsuid=0 ouid=0
[   15.842287] rfkill: input handler disabled
[  126.500056] AAAAA-TCP_FORW: name:enp0s3: saddr:100932208: daddr:16783984
[  161.451791] AAAAA-TCP_FORW: name:enp0s3: saddr:100932208: daddr:16783984
[  161.572786] AAAAA-TCP_FORW: name:enp0s3: saddr:100932208: daddr:16783984
[  161.664177] AAAAA-TCP_FORW: name:enp0s3: saddr:100932208: daddr:16783984
[  161.789187] AAAAA-TCP_FORW: name:enp0s3: saddr:100932208: daddr:16783984
[  161.929003] AAAAA-TCP_FORW: name:enp0s3: saddr:100932208: daddr:16783984
[  162.094903] AAAAA-TCP_FORW: name:enp0s3: saddr:100932208: daddr:16783984
[  162.200367] AAAAA-TCP_FORW: name:enp0s3: saddr:100932208: daddr:16783984
[  162.290503] AAAAA-TCP_FORW: name:enp0s3: saddr:100932208: daddr:16783984
[  162.560939] AAAAA-TCP_FORW: name:enp0s3: saddr:100932208: daddr:16783984
[  162.656938] AAAAA-TCP_FORW: name:enp0s3: saddr:100932208: daddr:16783984
[  162.685734] AAAAA-TCP_FORW: name:enp0s3: saddr:16783984: daddr:100932208
[  162.792073] AAAAA-TCP_FORW: name:enp0s3: saddr:100932208: daddr:16783984
[  162.894745] AAAAA-TCP_FORW: name:enp0s3: saddr:16783984: daddr:100932208
[  162.931584] AAAAA-TCP_FORW: name:enp0s3: saddr:100932208: daddr:16783984
[  163.030768] AAAAA-TCP_FORW: name:enp0s3: saddr:16783984: daddr:100932208
[  163.068951] AAAAA-TCP_FORW: name:enp0s3: saddr:100932208: daddr:16783984
[  163.136991] AAAAA-TCP_FORW: name:enp0s3: saddr:16783984: daddr:100932208
[  163.163235] AAAAA-TCP_FORW: name:enp0s3: saddr:100932208: daddr:16783984
[  163.304842] AAAAA-TCP_FORW: name:enp0s3: saddr:16783984: daddr:100932208
[  163.468344] AAAAA-TCP_FORW: name:enp0s3: saddr:16783984: daddr:100932208
[  163.488653] AAAAA-TCP_FORW: name:enp0s3: saddr:100932208: daddr:16783984
[  163.607141] AAAAA-TCP_FORW: name:enp0s3: saddr:100932208: daddr:16783984
[  163.822661] AAAAA-TCP_FORW: name:enp0s3: saddr:16783984: daddr:100932208
[  163.995098] AAAAA-TCP_FORW: name:enp0s3: saddr:16783984: daddr:100932208
[  164.010062] AAAAA-TCP_FORW: name:enp0s3: saddr:33561200: daddr:100932208
[  164.139114] AAAAA-TCP_FORW: name:enp0s3: saddr:33561200: daddr:100932208
[  164.383395] AAAAA-TCP_FORW: name:enp0s3: saddr:16783984: daddr:100932208
[  164.449540] AAAAA-TCP_FORW: name:enp0s3: saddr:33561200: daddr:100932208
[  164.686980] AAAAA-TCP_FORW: name:enp0s3: saddr:33561200: daddr:100932208
[  164.852434] AAAAA-TCP_FORW: name:enp0s3: saddr:33561200: daddr:100932208
[  164.943303] AAAAA-TCP_FORW: name:enp0s3: saddr:33561200: daddr:100932208
[  165.035516] AAAAA-TCP_FORW: name:enp0s3: saddr:16783984: daddr:100932208
[  165.276719] AAAAA-TCP_FORW: name:enp0s3: saddr:33561200: daddr:100932208
[  165.575969] AAAAA-TCP_FORW: name:enp0s3: saddr:16783984: daddr:100932208
[  165.676287] AAAAA-TCP_FORW: name:enp0s3: saddr:16783984: daddr:100932208
[  165.709382] AAAAA-TCP_FORW: name:enp0s3: saddr:16783984: daddr:100932208
[  165.869759] AAAAA-TCP_FORW: name:enp0s3: saddr:16783984: daddr:100932208
[  166.003312] AAAAA-TCP_FORW: name:enp0s3: saddr:16783984: daddr:100932208
[  166.196125] AAAAA-TCP_FORW: name:enp0s3: saddr:16783984: daddr:100932208
[  166.228867] AAAAA-TCP_FORW: name:enp0s3: saddr:100932208: daddr:16783984
[  166.323859] AAAAA-TCP_FORW: name:enp0s3: saddr:100932208: daddr:16783984
[  166.402722] AAAAA-TCP_FORW: name:enp0s3: saddr:100932208: daddr:16783984
[  166.488249] AAAAA-TCP_FORW: name:enp0s3: saddr:100932208: daddr:16783984
[  166.584950] AAAAA-TCP_FORW: name:enp0s3: saddr:100932208: daddr:16783984
[  166.694484] AAAAA-TCP_FORW: name:enp0s3: saddr:100932208: daddr:16783984
[  166.751991] AAAAA-TCP_FORW: name:enp0s3: saddr:16783984: daddr:100932208
[  166.814009] AAAAA-TCP_FORW: name:enp0s3: saddr:100932208: daddr:16783984
[  166.831964] AAAAA-TCP_FORW: name:enp0s3: saddr:33561200: daddr:100932208
[  166.915649] AAAAA-TCP_FORW: name:enp0s3: saddr:100932208: daddr:16783984
[  167.060932] AAAAA-TCP_FORW: name:enp0s3: saddr:100932208: daddr:16783984
[  167.109445] AAAAA-TCP_FORW: name:enp0s3: saddr:100932208: daddr:16783984
[  167.131307] AAAAA-TCP_FORW: name:enp0s3: saddr:16783984: daddr:100932208
[  167.251778] AAAAA-TCP_FORW: name:enp0s3: saddr:100932208: daddr:16783984
[  167.340986] AAAAA-TCP_FORW: name:enp0s3: saddr:100932208: daddr:16783984
[  167.347290] AAAAA-TCP_FORW: name:enp0s3: saddr:16783984: daddr:100932208
[  167.443721] AAAAA-TCP_FORW: name:enp0s3: saddr:100932208: daddr:16783984
[  167.475842] AAAAA-TCP_FORW: name:enp0s3: saddr:16783984: daddr:100932208
[  167.575316] AAAAA-TCP_FORW: name:enp0s3: saddr:100932208: daddr:16783984
[  167.699221] AAAAA-TCP_FORW: name:enp0s3: saddr:100932208: daddr:16783984
[  167.815464] AAAAA-TCP_FORW: name:enp0s3: saddr:100932208: daddr:16783984
[  167.934816] AAAAA-TCP_FORW: name:enp0s3: saddr:100932208: daddr:16783984
[  168.053313] AAAAA-TCP_FORW: name:enp0s3: saddr:100932208: daddr:16783984
[  168.196628] AAAAA-TCP_FORW: name:enp0s3: saddr:100932208: daddr:16783984
[  168.316556] AAAAA-TCP_FORW: name:enp0s3: saddr:100932208: daddr:16783984
[  168.470399] AAAAA-TCP_FORW: name:enp0s3: saddr:100932208: daddr:16783984
[  168.688812] AAAAA-TCP_FORW: name:enp0s3: saddr:100932208: daddr:16783984
[  168.972366] AAAAA-TCP_FORW: name:enp0s3: saddr:100932208: daddr:16783984
[  169.383335] AAAAA-TCP_FORW: name:enp0s3: saddr:100932208: daddr:16783984
[  169.579009] AAAAA-TCP_FORW: name:enp0s3: saddr:100932208: daddr:33561200
[  502.138867] rfkill: input handler enabled
[  511.344839] rfkill: input handler disabled
[  707.858155] device enp0s3 left promiscuous mode
