[    0.000000] Linux version 5.4.243-mptcp (root@ztg) (gcc version 12.2.0 (Debian 12.2.0-14+deb12u1)) #53 SMP Wed Dec 24 23:28:15 CST 2025
[    0.000000] Command line: BOOT_IMAGE=/boot/vmlinuz-5.4.243-mptcp root=UUID=98415a12-53b7-4144-8265-0f7ece09e445 ro quiet splash
[    0.000000] KERNEL supported cpus:
[    0.000000]   Intel GenuineIntel
[    0.000000]   AMD AuthenticAMD
[    0.000000]   Hygon HygonGenuine
[    0.000000]   Centaur CentaurHauls
[    0.000000]   zhaoxin   Shanghai  
[    0.000000] x86/fpu: Supporting XSAVE feature 0x001: 'x87 floating point registers'
[    0.000000] x86/fpu: Supporting XSAVE feature 0x002: 'SSE registers'
[    0.000000] x86/fpu: Supporting XSAVE feature 0x004: 'AVX registers'
[    0.000000] x86/fpu: xstate_offset[2]:  576, xstate_sizes[2]:  256
[    0.000000] x86/fpu: Enabled xstate features 0x7, context size is 832 bytes, using 'standard' format.
[    0.000000] BIOS-provided physical RAM map:
[    0.000000] BIOS-e820: [mem 0x0000000000000000-0x000000000009fbff] usable
[    0.000000] BIOS-e820: [mem 0x000000000009fc00-0x000000000009ffff] reserved
[    0.000000] BIOS-e820: [mem 0x00000000000f0000-0x00000000000fffff] reserved
[    0.000000] BIOS-e820: [mem 0x0000000000100000-0x000000007ffeffff] usable
[    0.000000] BIOS-e820: [mem 0x000000007fff0000-0x000000007fffffff] ACPI data
[    0.000000] BIOS-e820: [mem 0x00000000fec00000-0x00000000fec00fff] reserved
[    0.000000] BIOS-e820: [mem 0x00000000fee00000-0x00000000fee00fff] reserved
[    0.000000] BIOS-e820: [mem 0x00000000fffc0000-0x00000000ffffffff] reserved
[    0.000000] NX (Execute Disable) protection: active
[    0.000000] SMBIOS 2.5 present.
[    0.000000] DMI: innotek GmbH VirtualBox/VirtualBox, BIOS VirtualBox 12/01/2006
[    0.000000] Hypervisor detected: KVM
[    0.000000] kvm-clock: Using msrs 4b564d01 and 4b564d00
[    0.000000] kvm-clock: cpu 0, msr 65601001, primary cpu clock
[    0.000000] kvm-clock: using sched offset of 4452850902 cycles
[    0.000003] clocksource: kvm-clock: mask: 0xffffffffffffffff max_cycles: 0x1cd42e4dffb, max_idle_ns: 881590591483 ns
[    0.000006] tsc: Detected 2100.000 MHz processor
[    0.001945] e820: update [mem 0x00000000-0x00000fff] usable ==> reserved
[    0.001947] e820: remove [mem 0x000a0000-0x000fffff] usable
[    0.001951] last_pfn = 0x7fff0 max_arch_pfn = 0x400000000
[    0.002020] MTRR default type: uncachable
[    0.002021] MTRR fixed ranges enabled:
[    0.002022]   00000-9FFFF write-back
[    0.002023]   A0000-BFFFF uncachable
[    0.002024]   C0000-FFFFF write-protect
[    0.002024] MTRR variable ranges enabled:
[    0.002026]   0 base 000000000000 mask 3FFF80000000 write-back
[    0.002026]   1 disabled
[    0.002027]   2 disabled
[    0.002027]   3 disabled
[    0.002028]   4 disabled
[    0.002028]   5 disabled
[    0.002029]   6 disabled
[    0.002029]   7 disabled
[    0.002029]   8 disabled
[    0.002030]   9 disabled
[    0.002030]   10 disabled
[    0.002031]   11 disabled
[    0.002031]   12 disabled
[    0.002032]   13 disabled
[    0.002032]   14 disabled
[    0.002032]   15 disabled
[    0.002049] x86/PAT: Configuration [0-7]: WB  WC  UC- UC  WB  WP  UC- WT  
[    0.002188] found SMP MP-table at [mem 0x0009fff0-0x0009ffff]
[    0.096910] check: Scanning 1 areas for low memory corruption
[    0.097175] RAMDISK: [mem 0x32271000-0x3512ffff]
[    0.097183] ACPI: Early table checksum verification disabled
[    0.097188] ACPI: RSDP 0x00000000000E0000 000024 (v02 VBOX  )
[    0.097192] ACPI: XSDT 0x000000007FFF0030 00003C (v01 VBOX   VBOXXSDT 00000001 ASL  00000061)
[    0.097199] ACPI: FACP 0x000000007FFF00F0 0000F4 (v04 VBOX   VBOXFACP 00000001 ASL  00000061)
[    0.097206] ACPI: DSDT 0x000000007FFF02E0 002353 (v02 VBOX   VBOXBIOS 00000002 VBOX 00029BF3)
[    0.097210] ACPI: FACS 0x000000007FFF0200 000040
[    0.097213] ACPI: FACS 0x000000007FFF0200 000040
[    0.097216] ACPI: APIC 0x000000007FFF0240 000054 (v02 VBOX   VBOXAPIC 00000001 ASL  00000061)
[    0.097220] ACPI: SSDT 0x000000007FFF02A0 000038 (v01 VBOX   VBOXCPUT 00000002 VBOX 00029BF3)
[    0.097223] ACPI: Reserving FACP table memory at [mem 0x7fff00f0-0x7fff01e3]
[    0.097224] ACPI: Reserving DSDT table memory at [mem 0x7fff02e0-0x7fff2632]
[    0.097225] ACPI: Reserving FACS table memory at [mem 0x7fff0200-0x7fff023f]
[    0.097226] ACPI: Reserving FACS table memory at [mem 0x7fff0200-0x7fff023f]
[    0.097226] ACPI: Reserving APIC table memory at [mem 0x7fff0240-0x7fff0293]
[    0.097227] ACPI: Reserving SSDT table memory at [mem 0x7fff02a0-0x7fff02d7]
[    0.097242] ACPI: Local APIC address 0xfee00000
[    0.097431] No NUMA configuration found
[    0.097432] Faking a node at [mem 0x0000000000000000-0x000000007ffeffff]
[    0.097442] NODE_DATA(0) allocated [mem 0x7ffc5000-0x7ffeffff]
[    0.097725] Zone ranges:
[    0.097726]   DMA      [mem 0x0000000000001000-0x0000000000ffffff]
[    0.097727]   DMA32    [mem 0x0000000001000000-0x000000007ffeffff]
[    0.097728]   Normal   empty
[    0.097728]   Device   empty
[    0.097729] Movable zone start for each node
[    0.097731] Early memory node ranges
[    0.097732]   node   0: [mem 0x0000000000001000-0x000000000009efff]
[    0.097733]   node   0: [mem 0x0000000000100000-0x000000007ffeffff]
[    0.097736] Zeroed struct page in unavailable ranges: 114 pages
[    0.097737] Initmem setup node 0 [mem 0x0000000000001000-0x000000007ffeffff]
[    0.097738] On node 0 totalpages: 524174
[    0.097739]   DMA zone: 64 pages used for memmap
[    0.097740]   DMA zone: 21 pages reserved
[    0.097740]   DMA zone: 3998 pages, LIFO batch:0
[    0.097810]   DMA32 zone: 8128 pages used for memmap
[    0.097811]   DMA32 zone: 520176 pages, LIFO batch:63
[    0.106929] ACPI: PM-Timer IO Port: 0x4008
[    0.106932] ACPI: Local APIC address 0xfee00000
[    0.106994] IOAPIC[0]: apic_id 1, version 32, address 0xfec00000, GSI 0-23
[    0.106998] ACPI: INT_SRC_OVR (bus 0 bus_irq 0 global_irq 2 dfl dfl)
[    0.107000] ACPI: INT_SRC_OVR (bus 0 bus_irq 9 global_irq 9 low level)
[    0.107001] ACPI: IRQ0 used by override.
[    0.107002] ACPI: IRQ9 used by override.
[    0.107005] Using ACPI (MADT) for SMP configuration information
[    0.107012] smpboot: Allowing 1 CPUs, 0 hotplug CPUs
[    0.107034] PM: Registered nosave memory: [mem 0x00000000-0x00000fff]
[    0.107035] PM: Registered nosave memory: [mem 0x0009f000-0x0009ffff]
[    0.107035] PM: Registered nosave memory: [mem 0x000a0000-0x000effff]
[    0.107036] PM: Registered nosave memory: [mem 0x000f0000-0x000fffff]
[    0.107038] [mem 0x80000000-0xfebfffff] available for PCI devices
[    0.107038] Booting paravirtualized kernel on KVM
[    0.107041] clocksource: refined-jiffies: mask: 0xffffffff max_cycles: 0xffffffff, max_idle_ns: 7645519600211568 ns
[    0.107046] setup_percpu: NR_CPUS:8192 nr_cpumask_bits:1 nr_cpu_ids:1 nr_node_ids:1
[    0.108085] percpu: Embedded 60 pages/cpu s208896 r8192 d28672 u2097152
[    0.108090] pcpu-alloc: s208896 r8192 d28672 u2097152 alloc=1*2097152
[    0.108091] pcpu-alloc: [0] 0 
[    0.108118] Built 1 zonelists, mobility grouping on.  Total pages: 515961
[    0.108119] Policy zone: DMA32
[    0.108120] Kernel command line: BOOT_IMAGE=/boot/vmlinuz-5.4.243-mptcp root=UUID=98415a12-53b7-4144-8265-0f7ece09e445 ro quiet splash
[    0.109063] Dentry cache hash table entries: 262144 (order: 9, 2097152 bytes, linear)
[    0.109327] Inode-cache hash table entries: 131072 (order: 8, 1048576 bytes, linear)
[    0.109380] mem auto-init: stack:off, heap alloc:on, heap free:off
[    0.109383] Calgary: detecting Calgary via BIOS EBDA area
[    0.109384] Calgary: Unable to locate Rio Grande table in EBDA - bailing!
[    0.113949] Memory: 1967332K/2096696K available (14339K kernel code, 2398K rwdata, 4712K rodata, 2728K init, 17260K bss, 129364K reserved, 0K cma-reserved)
[    0.114929] SLUB: HWalign=64, Order=0-3, MinObjects=0, CPUs=1, Nodes=1
[    0.114945] ftrace: allocating 43186 entries in 169 pages
[    0.133860] rcu: Hierarchical RCU implementation.
[    0.133862] rcu: 	RCU restricting CPUs from NR_CPUS=8192 to nr_cpu_ids=1.
[    0.133863] 	Tasks RCU enabled.
[    0.133864] rcu: RCU calculated value of scheduler-enlistment delay is 25 jiffies.
[    0.133865] rcu: Adjusting geometry for rcu_fanout_leaf=16, nr_cpu_ids=1
[    0.137183] NR_IRQS: 524544, nr_irqs: 256, preallocated irqs: 16
[    0.137445] random: crng init done
[    0.147089] Console: colour VGA+ 80x25
[    0.147093] printk: console [tty0] enabled
[    0.147114] ACPI: Core revision 20190816
[    0.147214] APIC: Switch to symmetric I/O mode setup
[    0.147470] x2apic enabled
[    0.147713] Switched APIC routing to physical x2apic.
[    0.148877] ..TIMER: vector=0x30 apic1=0 pin1=2 apic2=-1 pin2=-1
[    0.148906] clocksource: tsc-early: mask: 0xffffffffffffffff max_cycles: 0x1e4530a99b6, max_idle_ns: 440795257976 ns
[    0.148911] Calibrating delay loop (skipped) preset value.. 4200.00 BogoMIPS (lpj=8400000)
[    0.148913] pid_max: default: 32768 minimum: 301
[    0.148940] LSM: Security Framework initializing
[    0.148949] Yama: becoming mindful.
[    0.148975] AppArmor: AppArmor initialized
[    0.149007] Mount-cache hash table entries: 4096 (order: 3, 32768 bytes, linear)
[    0.149012] Mountpoint-cache hash table entries: 4096 (order: 3, 32768 bytes, linear)
[    0.149022] *** VALIDATE tmpfs ***
[    0.149152] *** VALIDATE proc ***
[    0.149192] *** VALIDATE cgroup1 ***
[    0.149193] *** VALIDATE cgroup2 ***
[    0.149333] process: using mwait in idle threads
[    0.149337] Last level iTLB entries: 4KB 64, 2MB 8, 4MB 8
[    0.149338] Last level dTLB entries: 4KB 64, 2MB 0, 4MB 0, 1GB 4
[    0.149357] Spectre V1 : Mitigation: usercopy/swapgs barriers and __user pointer sanitization
[    0.149362] Spectre V2 : Mitigation: Retpolines
[    0.149363] Spectre V2 : Spectre v2 / SpectreRSB mitigation: Filling RSB on context switch
[    0.149363] Spectre V2 : Spectre v2 / SpectreRSB : Filling RSB on VMEXIT
[    0.149364] RETBleed: WARNING: Spectre v2 mitigation leaves CPU vulnerable to RETBleed attacks, data leaks possible!
[    0.149724] RETBleed: Vulnerable
[    0.149725] Speculative Store Bypass: Vulnerable
[    0.149729] TAA: Mitigation: TSX disabled
[    0.149730] MMIO Stale Data: Mitigation: Clear CPU buffers
[    0.154027] Freeing SMP alternatives memory: 40K
[    0.266581] smpboot: CPU0: Intel(R) Xeon(R) Silver 4216 CPU @ 2.10GHz (family: 0x6, model: 0x55, stepping: 0x7)
[    0.266718] Performance Events: unsupported p6 CPU model 85 no PMU driver, software events only.
[    0.266757] rcu: Hierarchical SRCU implementation.
[    0.267258] NMI watchdog: Perf NMI watchdog permanently disabled
[    0.267296] smp: Bringing up secondary CPUs ...
[    0.267297] smp: Brought up 1 node, 1 CPU
[    0.267298] smpboot: Max logical packages: 1
[    0.267299] smpboot: Total of 1 processors activated (4200.00 BogoMIPS)
[    0.268274] devtmpfs: initialized
[    0.268321] x86/mm: Memory block size: 128MB
[    0.268669] clocksource: jiffies: mask: 0xffffffff max_cycles: 0xffffffff, max_idle_ns: 7645041785100000 ns
[    0.268675] futex hash table entries: 256 (order: 2, 16384 bytes, linear)
[    0.268718] pinctrl core: initialized pinctrl subsystem
[    0.268820] PM: RTC time: 14:09:48, date: 2026-01-19
[    0.268908] NET: Registered protocol family 16
[    0.268908] audit: initializing netlink subsys (disabled)
[    0.268908] EISA bus registered
[    0.268908] cpuidle: using governor ladder
[    0.268908] cpuidle: using governor menu
[    0.268908] ACPI: bus type PCI registered
[    0.268908] acpiphp: ACPI Hot Plug PCI Controller Driver version: 0.5
[    0.268908] PCI: Using configuration type 1 for base access
[    0.269417] audit: type=2000 audit(1768802994.559:1): state=initialized audit_enabled=0 res=1
[    0.269498] HugeTLB registered 2.00 MiB page size, pre-allocated 0 pages
[    0.270328] ACPI: Added _OSI(Module Device)
[    0.270328] ACPI: Added _OSI(Processor Device)
[    0.270329] ACPI: Added _OSI(3.0 _SCP Extensions)
[    0.270330] ACPI: Added _OSI(Processor Aggregator Device)
[    0.270331] ACPI: Added _OSI(Linux-Dell-Video)
[    0.270332] ACPI: Added _OSI(Linux-Lenovo-NV-HDMI-Audio)
[    0.270332] ACPI: Added _OSI(Linux-HPI-Hybrid-Graphics)
[    0.272319] ACPI: 2 ACPI AML tables successfully acquired and loaded
[    0.273845] ACPI: Interpreter enabled
[    0.273855] ACPI: (supports S0 S5)
[    0.273856] ACPI: Using IOAPIC for interrupt routing
[    0.274062] PCI: Using host bridge windows from ACPI; if necessary, use "pci=nocrs" and report a bug
[    0.274169] ACPI: Enabled 2 GPEs in block 00 to 07
[    0.279322] ACPI: PCI Root Bridge [PCI0] (domain 0000 [bus 00-ff])
[    0.279327] acpi PNP0A03:00: _OSC: OS supports [ASPM ClockPM Segments MSI HPX-Type3]
[    0.279799] acpi PNP0A03:00: _OSC: not requesting OS control; OS requires [ExtendedConfig ASPM ClockPM MSI]
[    0.279808] acpi PNP0A03:00: fail to add MMCONFIG information, can't access extended PCI configuration space under this bridge.
[    0.280200] PCI host bridge to bus 0000:00
[    0.280202] pci_bus 0000:00: root bus resource [io  0x0000-0x0cf7 window]
[    0.280203] pci_bus 0000:00: root bus resource [io  0x0d00-0xffff window]
[    0.280205] pci_bus 0000:00: root bus resource [mem 0x000a0000-0x000bffff window]
[    0.280206] pci_bus 0000:00: root bus resource [mem 0x80000000-0xfdffffff window]
[    0.280207] pci_bus 0000:00: root bus resource [bus 00-ff]
[    0.280247] pci 0000:00:00.0: [8086:1237] type 00 class 0x060000
[    0.281371] pci 0000:00:01.0: [8086:7000] type 00 class 0x060100
[    0.282123] pci 0000:00:01.1: [8086:7111] type 00 class 0x01018a
[    0.282504] pci 0000:00:01.1: reg 0x20: [io  0xd000-0xd00f]
[    0.282660] pci 0000:00:01.1: legacy IDE quirk: reg 0x10: [io  0x01f0-0x01f7]
[    0.282661] pci 0000:00:01.1: legacy IDE quirk: reg 0x14: [io  0x03f6]
[    0.282662] pci 0000:00:01.1: legacy IDE quirk: reg 0x18: [io  0x0170-0x0177]
[    0.282663] pci 0000:00:01.1: legacy IDE quirk: reg 0x1c: [io  0x0376]
[    0.283215] pci 0000:00:02.0: [15ad:0405] type 00 class 0x030000
[    0.284990] pci 0000:00:02.0: reg 0x10: [io  0xd010-0xd01f]
[    0.288955] pci 0000:00:02.0: reg 0x14: [mem 0xe0000000-0xe7ffffff pref]
[    0.292966] pci 0000:00:02.0: reg 0x18: [mem 0xf0000000-0xf01fffff]
[    0.304390] pci 0000:00:03.0: [1022:2000] type 00 class 0x020000
[    0.305054] pci 0000:00:03.0: reg 0x10: [io  0xd020-0xd03f]
[    0.305712] pci 0000:00:03.0: reg 0x14: [mem 0xf0200000-0xf0200fff]
[    0.309447] pci 0000:00:04.0: [80ee:cafe] type 00 class 0x088000
[    0.310162] pci 0000:00:04.0: reg 0x10: [io  0xd040-0xd05f]
[    0.310807] pci 0000:00:04.0: reg 0x14: [mem 0xf0400000-0xf07fffff]
[    0.311437] pci 0000:00:04.0: reg 0x18: [mem 0xf0800000-0xf0803fff pref]
[    0.314912] pci 0000:00:07.0: [8086:7113] type 00 class 0x068000
[    0.315470] pci 0000:00:07.0: quirk: [io  0x4000-0x403f] claimed by PIIX4 ACPI
[    0.315481] pci 0000:00:07.0: quirk: [io  0x4100-0x410f] claimed by PIIX4 SMB
[    0.316963] pci 0000:00:08.0: [8086:100e] type 00 class 0x020000
[    0.317718] pci 0000:00:08.0: reg 0x10: [mem 0xf0820000-0xf083ffff]
[    0.318906] pci 0000:00:08.0: reg 0x18: [io  0xd060-0xd067]
[    0.321954] pci 0000:00:09.0: [8086:100e] type 00 class 0x020000
[    0.322701] pci 0000:00:09.0: reg 0x10: [mem 0xf0840000-0xf085ffff]
[    0.323889] pci 0000:00:09.0: reg 0x18: [io  0xd068-0xd06f]
[    0.334033] ACPI: PCI Interrupt Link [LNKA] (IRQs 5 9 10 *11)
[    0.334344] ACPI: PCI Interrupt Link [LNKB] (IRQs 5 9 *10 11)
[    0.334445] ACPI: PCI Interrupt Link [LNKC] (IRQs 5 *9 10 11)
[    0.334550] ACPI: PCI Interrupt Link [LNKD] (IRQs 5 9 10 *11)
[    0.334809] iommu: Default domain type: Translated 
[    0.334877] pci 0000:00:02.0: vgaarb: setting as boot VGA device
[    0.334879] pci 0000:00:02.0: vgaarb: VGA device added: decodes=io+mem,owns=io+mem,locks=none
[    0.334881] pci 0000:00:02.0: vgaarb: bridge control possible
[    0.334881] vgaarb: loaded
[    0.335085] SCSI subsystem initialized
[    0.335116] libata version 3.00 loaded.
[    0.335140] ACPI: bus type USB registered
[    0.335155] usbcore: registered new interface driver usbfs
[    0.335161] usbcore: registered new interface driver hub
[    0.335166] usbcore: registered new device driver usb
[    0.335194] pps_core: LinuxPPS API ver. 1 registered
[    0.335195] pps_core: Software ver. 5.3.6 - Copyright 2005-2007 Rodolfo Giometti <giometti@linux.it>
[    0.335197] PTP clock support registered
[    0.335233] EDAC MC: Ver: 3.0.0
[    0.336949] PCI: Using ACPI for IRQ routing
[    0.336951] PCI: pci_cache_line_size set to 64 bytes
[    0.337128] e820: reserve RAM buffer [mem 0x0009fc00-0x0009ffff]
[    0.337132] e820: reserve RAM buffer [mem 0x7fff0000-0x7fffffff]
[    0.337972] NetLabel: Initializing
[    0.337973] NetLabel:  domain hash size = 128
[    0.337973] NetLabel:  protocols = UNLABELED CIPSOv4 CALIPSO
[    0.337992] NetLabel:  unlabeled traffic allowed by default
[    0.338923] clocksource: Switched to clocksource kvm-clock
[    0.351273] *** VALIDATE bpf ***
[    0.351328] VFS: Disk quotas dquot_6.6.0
[    0.351340] VFS: Dquot-cache hash table entries: 512 (order 0, 4096 bytes)
[    0.351360] *** VALIDATE ramfs ***
[    0.351363] *** VALIDATE hugetlbfs ***
[    0.351438] AppArmor: AppArmor Filesystem Enabled
[    0.351462] pnp: PnP ACPI init
[    0.351519] pnp 00:00: Plug and Play ACPI device, IDs PNP0303 (active)
[    0.351604] pnp 00:01: Plug and Play ACPI device, IDs PNP0f03 (active)
[    0.352357] pnp: PnP ACPI: found 2 devices
[    0.353307] thermal_sys: Registered thermal governor 'fair_share'
[    0.353307] thermal_sys: Registered thermal governor 'bang_bang'
[    0.353308] thermal_sys: Registered thermal governor 'step_wise'
[    0.353308] thermal_sys: Registered thermal governor 'user_space'
[    0.353309] thermal_sys: Registered thermal governor 'power_allocator'
[    0.357845] clocksource: acpi_pm: mask: 0xffffff max_cycles: 0xffffff, max_idle_ns: 2085701024 ns
[    0.357898] pci_bus 0000:00: resource 4 [io  0x0000-0x0cf7 window]
[    0.357900] pci_bus 0000:00: resource 5 [io  0x0d00-0xffff window]
[    0.357902] pci_bus 0000:00: resource 6 [mem 0x000a0000-0x000bffff window]
[    0.357903] pci_bus 0000:00: resource 7 [mem 0x80000000-0xfdffffff window]
[    0.357971] NET: Registered protocol family 2
[    0.358048] IP idents hash table entries: 32768 (order: 6, 262144 bytes, linear)
[    0.358448] MPTCP tokens hash table entries: 8192 (order: 4, 65536 bytes, linear)
[    0.358468] MPTCP request tokens hash table entries: 8192 (order: 4, 65536 bytes, linear)
[    0.358493] default registered
[    0.358494] default registered
[    0.358494] MPTCP: Stable release v0.96
[    0.358499] tcp_listen_portaddr_hash hash table entries: 1024 (order: 2, 16384 bytes, linear)
[    0.358578] TCP established hash table entries: 16384 (order: 5, 131072 bytes, linear)
[    0.358639] TCP bind hash table entries: 16384 (order: 6, 262144 bytes, linear)
[    0.358665] TCP: Hash tables configured (established 16384 bind 16384)
[    0.359374] UDP hash table entries: 1024 (order: 3, 32768 bytes, linear)
[    0.359449] UDP-Lite hash table entries: 1024 (order: 3, 32768 bytes, linear)
[    0.359485] NET: Registered protocol family 1
[    0.359493] NET: Registered protocol family 44
[    0.359527] pci 0000:00:00.0: Limiting direct PCI/PCI transfers
[    0.359543] pci 0000:00:01.0: Activating ISA DMA hang workarounds
[    0.359604] pci 0000:00:02.0: Video device with shadowed ROM at [mem 0x000c0000-0x000dffff]
[    0.359669] PCI: CLS 0 bytes, default 64
[    0.359718] Trying to unpack rootfs image as initramfs...
[    0.541625] Freeing initrd memory: 47868K
[    0.541716] clocksource: tsc: mask: 0xffffffffffffffff max_cycles: 0x1e4530a99b6, max_idle_ns: 440795257976 ns
[    0.541727] clocksource: Switched to clocksource tsc
[    0.541764] platform rtc_cmos: registered platform RTC device (no PNP device found)
[    0.541794] check: Scanning for low memory corruption every 60 seconds
[    0.542104] Initialise system trusted keyrings
[    0.542114] Key type blacklist registered
[    0.542157] workingset: timestamp_bits=36 max_order=19 bucket_order=0
[    0.543630] zbud: loaded
[    0.544008] squashfs: version 4.0 (2009/01/31) Phillip Lougher
[    0.544151] fuse: init (API version 7.31)
[    0.544168] *** VALIDATE fuse ***
[    0.544169] *** VALIDATE fuse ***
[    0.544272] Platform Keyring initialized
[    0.545036] Key type asymmetric registered
[    0.545036] Asymmetric key parser 'x509' registered
[    0.545036] Block layer SCSI generic (bsg) driver version 0.4 loaded (major 244)
[    0.545036] io scheduler mq-deadline registered
[    0.545036] shpchp: Standard Hot Plug PCI Controller Driver version: 0.4
[    0.547731] ACPI: AC Adapter [AC] (on-line)
[    0.547777] input: Power Button as /devices/LNXSYSTM:00/LNXPWRBN:00/input/input0
[    0.547805] ACPI: Power Button [PWRF]
[    0.547886] input: Sleep Button as /devices/LNXSYSTM:00/LNXSLPBN:00/input/input1
[    0.547902] ACPI: Sleep Button [SLPF]
[    0.548124] Serial: 8250/16550 driver, 32 ports, IRQ sharing enabled
[    0.549291] Linux agpgart interface v0.103
[    0.639542] loop: module loaded
[    0.639679] ata_piix 0000:00:01.1: version 2.13
[    0.640076] scsi host0: ata_piix
[    0.640168] scsi host1: ata_piix
[    0.640195] ata1: PATA max UDMA/33 cmd 0x1f0 ctl 0x3f6 bmdma 0xd000 irq 14
[    0.640196] ata2: PATA max UDMA/33 cmd 0x170 ctl 0x376 bmdma 0xd008 irq 15
[    0.640274] tun: Universal TUN/TAP device driver, 1.6
[    0.640572] PPP generic driver version 2.4.2
[    0.640614] VFIO - User Level meta-driver version: 0.3
[    0.640845] ehci_hcd: USB 2.0 'Enhanced' Host Controller (EHCI) Driver
[    0.640850] ehci-pci: EHCI PCI platform driver
[    0.640862] ehci-platform: EHCI generic platform driver
[    0.640867] ohci_hcd: USB 1.1 'Open' Host Controller (OHCI) Driver
[    0.640869] ohci-pci: OHCI PCI platform driver
[    0.640876] ohci-platform: OHCI generic platform driver
[    0.640880] uhci_hcd: USB Universal Host Controller Interface driver
[    0.640944] i8042: PNP: PS/2 Controller [PNP0303:PS2K,PNP0f03:PS2M] at 0x60,0x64 irq 1,12
[    0.641389] serio: i8042 KBD port at 0x60,0x64 irq 1
[    0.641393] serio: i8042 AUX port at 0x60,0x64 irq 12
[    0.641481] mousedev: PS/2 mouse device common for all mice
[    0.641729] input: AT Translated Set 2 keyboard as /devices/platform/i8042/serio0/input/input2
[    0.642132] rtc_cmos rtc_cmos: registered as rtc0
[    0.642145] rtc_cmos rtc_cmos: alarms up to one day, 114 bytes nvram
[    0.642150] i2c /dev entries driver
[    0.642190] device-mapper: uevent: version 1.0.3
[    0.642232] device-mapper: ioctl: 4.41.0-ioctl (2019-09-16) initialised: dm-devel@redhat.com
[    0.642250] platform eisa.0: Probing EISA bus 0
[    0.642251] platform eisa.0: EISA: Cannot allocate resource for mainboard
[    0.642252] platform eisa.0: Cannot allocate resource for EISA slot 1
[    0.642253] platform eisa.0: Cannot allocate resource for EISA slot 2
[    0.642254] platform eisa.0: Cannot allocate resource for EISA slot 3
[    0.642255] platform eisa.0: Cannot allocate resource for EISA slot 4
[    0.642256] platform eisa.0: Cannot allocate resource for EISA slot 5
[    0.642257] platform eisa.0: Cannot allocate resource for EISA slot 6
[    0.642258] platform eisa.0: Cannot allocate resource for EISA slot 7
[    0.642259] platform eisa.0: Cannot allocate resource for EISA slot 8
[    0.642260] platform eisa.0: EISA: Detected 0 cards
[    0.642263] intel_pstate: CPU model not supported
[    0.642272] ledtrig-cpu: registered to indicate activity on CPUs
[    0.642327] drop_monitor: Initializing network drop monitor service
[    0.642503] NET: Registered protocol family 10
[    0.647663] Segment Routing with IPv6
[    0.647663] fullmesh registered
[    0.647663] ndiffports registered
[    0.647663] binder registered
[    0.647663] roundrobin registered
[    0.647663] redundant registered
[    0.647663] blest registered
[    0.647663] ecf registered
[    0.647663] NET: Registered protocol family 17
[    0.647663] Key type dns_resolver registered
[    0.647663] RAS: Correctable Errors collector initialized.
[    0.647663] IPI shorthand broadcast: enabled
[    0.647663] sched_clock: Marking stable (632190013, 11473011)->(645093593, -1430569)
[    0.648049] registered taskstats version 1
[    0.648057] Loading compiled-in X.509 certificates
[    0.648644] Loaded X.509 cert 'Build time autogenerated kernel key: 6909f3744cebb3d0de528d5887b96a727de79b1e'
[    0.648662] zswap: loaded using pool lzo/zbud
[    0.648713] Key type ._fscrypt registered
[    0.648714] Key type .fscrypt registered
[    0.653168] Key type big_key registered
[    0.655379] Key type encrypted registered
[    0.655382] AppArmor: AppArmor sha1 policy hashing enabled
[    0.655388] ima: No TPM chip found, activating TPM-bypass!
[    0.655392] ima: Allocated hash algorithm: sha1
[    0.655397] ima: No architecture policies found
[    0.655406] evm: Initialising EVM extended attributes:
[    0.655406] evm: security.selinux
[    0.655407] evm: security.SMACK64
[    0.655407] evm: security.SMACK64EXEC
[    0.655408] evm: security.SMACK64TRANSMUTE
[    0.655408] evm: security.SMACK64MMAP
[    0.655409] evm: security.apparmor
[    0.655409] evm: security.ima
[    0.655410] evm: security.capability
[    0.655410] evm: HMAC attrs: 0x1
[    0.655698] PM:   Magic number: 10:497:182
[    0.655815] rtc_cmos rtc_cmos: setting system clock to 2026-01-19T14:09:49 UTC (1768831789)
[    0.811924] ata1.00: ATA-6: VBOX HARDDISK, 1.0, max UDMA/133
[    0.811926] ata1.00: 209715200 sectors, multi 128: LBA 
[    0.812394] scsi 0:0:0:0: Direct-Access     ATA      VBOX HARDDISK    1.0  PQ: 0 ANSI: 5
[    0.812589] sd 0:0:0:0: [sda] 209715200 512-byte logical blocks: (107 GB/100 GiB)
[    0.812596] sd 0:0:0:0: [sda] Write Protect is off
[    0.812598] sd 0:0:0:0: [sda] Mode Sense: 00 3a 00 00
[    0.812610] sd 0:0:0:0: [sda] Write cache: enabled, read cache: enabled, doesn't support DPO or FUA
[    0.812824] sd 0:0:0:0: Attached scsi generic sg0 type 0
[    0.813463]  sda: sda1 sda2
[    0.823600] sd 0:0:0:0: [sda] Attached SCSI disk
[    0.825642] Freeing unused decrypted memory: 2040K
[    0.826369] Freeing unused kernel image memory: 2728K
[    0.826371] Write protecting the kernel read-only data: 22528k
[    0.827101] Freeing unused kernel image memory: 2036K
[    0.827510] Freeing unused kernel image memory: 1432K
[    0.842859] x86/mm: Checked W+X mappings: passed, no W+X pages found.
[    0.842864] Run /init as init process
[    0.937033] ACPI: Video Device [GFX0] (multi-head: yes  rom: no  post: no)
[    0.937106] input: Video Bus as /devices/LNXSYSTM:00/LNXSYBUS:00/PNP0A03:00/LNXVIDEO:00/input/input4
[    0.951539] pcnet32: pcnet32.c:v1.35 21.Apr.2008 tsbogend@alpha.franken.de
[    0.953215] piix4_smbus 0000:00:07.0: SMBus Host Controller at 0x4100, revision 0
[    0.956053] e1000: Intel(R) PRO/1000 Network Driver - version 7.3.21-k8-NAPI
[    0.956054] e1000: Copyright (c) 1999-2006 Intel Corporation.
[    0.974202] pcnet32: PCnet/FAST III 79C973 at 0xd020, 08:00:27:42:d2:e8 assigned IRQ 19
[    0.974246] pcnet32: Found PHY 0022:561b at address 0
[    0.974549] pcnet32: eth0: registered as PCnet/FAST III 79C973
[    0.975771] pcnet32: 1 cards_found
[    1.030961] pcnet32 0000:00:03.0 enp0s3: renamed from eth0
[    1.170746] input: ImExPS/2 Generic Explorer Mouse as /devices/platform/i8042/serio1/input/input5
[    1.367862] e1000 0000:00:08.0 eth0: (PCI:33MHz:32-bit) 08:00:27:29:da:1d
[    1.367866] e1000 0000:00:08.0 eth0: Intel(R) PRO/1000 Network Connection
[    1.743850] e1000 0000:00:09.0 eth1: (PCI:33MHz:32-bit) 08:00:27:e7:74:e7
[    1.743852] e1000 0000:00:09.0 eth1: Intel(R) PRO/1000 Network Connection
[    1.744966] e1000 0000:00:08.0 enp0s8: renamed from eth0
[    1.746714] e1000 0000:00:09.0 enp0s9: renamed from eth1
[    1.903391] EXT4-fs (sda2): mounted filesystem with ordered data mode. Opts: (null)
[    1.996628] systemd[1]: Inserted module 'autofs4'
[    2.006648] systemd[1]: systemd 245.4-4ubuntu3 running in system mode. (+PAM +AUDIT +SELINUX +IMA +APPARMOR +SMACK +SYSVINIT +UTMP +LIBCRYPTSETUP +GCRYPT +GNUTLS +ACL +XZ +LZ4 +SECCOMP +BLKID +ELFUTILS +KMOD +IDN2 -IDN +PCRE2 default-hierarchy=hybrid)
[    2.006678] systemd[1]: Detected virtualization oracle.
[    2.006681] systemd[1]: Detected architecture x86-64.
[    2.008013] systemd[1]: Set hostname to <ztg>.
[    2.132487] systemd[1]: /lib/systemd/system/dbus.socket:5: ListenStream= references a path below legacy directory /var/run/, updating /var/run/dbus/system_bus_socket â†’ /run/dbus/system_bus_socket; please update the unit file accordingly.
[    2.184257] systemd[1]: Created slice system-modprobe.slice.
[    2.184436] systemd[1]: Created slice User and Session Slice.
[    2.184477] systemd[1]: Started Forward Password Requests to Wall Directory Watch.
[    2.184631] systemd[1]: Set up automount Arbitrary Executable File Formats File System Automount Point.
[    2.184665] systemd[1]: Reached target User and Group Name Lookups.
[    2.184674] systemd[1]: Reached target Remote File Systems.
[    2.184682] systemd[1]: Reached target Slices.
[    2.185207] systemd[1]: Listening on Syslog Socket.
[    2.185272] systemd[1]: Listening on fsck to fsckd communication Socket.
[    2.185309] systemd[1]: Listening on initctl Compatibility Named Pipe.
[    2.185442] systemd[1]: Listening on Journal Audit Socket.
[    2.185494] systemd[1]: Listening on Journal Socket (/dev/log).
[    2.185560] systemd[1]: Listening on Journal Socket.
[    2.185620] systemd[1]: Listening on udev Control Socket.
[    2.185660] systemd[1]: Listening on udev Kernel Socket.
[    2.186355] systemd[1]: Mounting Huge Pages File System...
[    2.187233] systemd[1]: Mounting POSIX Message Queue File System...
[    2.188152] systemd[1]: Mounting Kernel Debug File System...
[    2.188944] systemd[1]: Mounting Kernel Trace File System...
[    2.190816] systemd[1]: Starting Journal Service...
[    2.213999] systemd[1]: Starting Set the console keyboard layout...
[    2.221814] systemd[1]: Starting Create list of static device nodes for the current kernel...
[    2.223861] systemd[1]: Starting Load Kernel Module drm...
[    2.224951] systemd[1]: Condition check resulted in Set Up Additional Binary Formats being skipped.
[    2.224991] systemd[1]: Condition check resulted in File System Check on Root Device being skipped.
[    2.235880] systemd[1]: Starting Load Kernel Modules...
[    2.237133] systemd[1]: Starting Remount Root and Kernel File Systems...
[    2.252386] systemd[1]: Starting udev Coldplug all Devices...
[    2.263763] systemd[1]: Starting Uncomplicated firewall...
[    2.265245] systemd[1]: Mounted Huge Pages File System.
[    2.265328] systemd[1]: Mounted POSIX Message Queue File System.
[    2.265397] systemd[1]: Mounted Kernel Debug File System.
[    2.265464] systemd[1]: Mounted Kernel Trace File System.
[    2.266600] EXT4-fs (sda2): re-mounted. Opts: errors=remount-ro
[    2.304473] systemd[1]: Finished Create list of static device nodes for the current kernel.
[    2.305307] systemd[1]: modprobe@drm.service: Succeeded.
[    2.306085] systemd[1]: Finished Load Kernel Module drm.
[    2.312282] systemd[1]: Finished Remount Root and Kernel File Systems.
[    2.314242] lp: driver loaded but no devices found
[    2.315499] systemd[1]: Finished Uncomplicated firewall.
[    2.332097] systemd[1]: Condition check resulted in Rebuild Hardware Database being skipped.
[    2.332131] systemd[1]: Condition check resulted in Platform Persistent Storage Archival being skipped.
[    2.332759] systemd[1]: Starting Load/Save Random Seed...
[    2.335225] ppdev: user-space parallel port driver
[    2.348112] systemd[1]: Starting Create System Users...
[    2.354416] systemd[1]: Finished Load/Save Random Seed.
[    2.361032] systemd[1]: Finished Create System Users.
[    2.361717] systemd[1]: Starting Create Static Device Nodes in /dev...
[    2.407662] systemd[1]: Finished udev Coldplug all Devices.
[    2.413136] systemd[1]: Finished Create Static Device Nodes in /dev.
[    2.413955] systemd[1]: Starting udev Kernel Device Manager...
[    2.432494] [drm] DMA map mode: Caching DMA mappings.
[    2.432557] [drm] Capabilities:
[    2.432557] [drm]   Rect copy.
[    2.432558] [drm]   Cursor.
[    2.432558] [drm]   Cursor bypass.
[    2.432558] [drm]   Cursor bypass 2.
[    2.432559] [drm]   Alpha cursor.
[    2.432559] [drm]   Extended Fifo.
[    2.432559] [drm]   Pitchlock.
[    2.432560] [drm]   Irq mask.
[    2.432560] [drm]   GMR.
[    2.432560] [drm]   Traces.
[    2.432561] [drm]   GMR2.
[    2.432561] [drm]   Screen Object 2.
[    2.432561] [drm]   Command Buffers.
[    2.432562] [drm]   Command Buffers 2.
[    2.432562] [drm]   Guest Backed Resources.
[    2.432563] [drm] Max GMR ids is 8192
[    2.432564] [drm] Max number of GMR pages is 1048576
[    2.432564] [drm] Max dedicated hypervisor surface memory is 393216 kiB
[    2.432565] [drm] Maximum display memory size is 131072 kiB
[    2.432566] [drm] VRAM at 0xe0000000 size is 131072 kiB
[    2.432566] [drm] MMIO at 0xf0000000 size is 2048 kiB
[    2.449044] [TTM] Zone  kernel: Available graphics memory: 1011738 KiB
[    2.449045] [TTM] Initializing pool allocator
[    2.449049] [TTM] Initializing DMA pool allocator
[    2.449080] [drm] Supports vblank timestamp caching Rev 2 (21.10.2013).
[    2.449080] [drm] No driver support for vblank timestamp query.
[    2.449320] [drm] Screen Target Display device initialized
[    2.449519] [drm] width 720
[    2.449529] [drm] height 400
[    2.449532] [drm] bpp 32
[    2.450092] [drm] Fifo max 0x00200000 min 0x00001000 cap 0x00000355
[    2.451191] [drm] Using command buffers with DMA pool.
[    2.451197] [drm] DX: no.
[    2.451197] [drm] Atomic: yes.
[    2.451198] [drm] SM4_1: no.
[    2.451217] [drm:vmw_host_log [vmwgfx]] *ERROR* Failed to send host log message.
[    2.452355] [drm:vmw_host_log [vmwgfx]] *ERROR* Failed to send host log message.
[    2.468267] fbcon: svgadrmfb (fb0) is primary device
[    2.475359] Console: switching to colour frame buffer device 100x37
[    2.479728] systemd[1]: Finished Set the console keyboard layout.
[    2.479871] systemd[1]: Reached target Local File Systems (Pre).
[    2.481516] [drm] Initialized vmwgfx 2.15.0 20180704 for 0000:00:02.0 on minor 0
[    2.483911] systemd[1]: Mounting Mount unit for bare, revision 5...
[    2.486154] systemd[1]: Mounting Mount unit for core18, revision 1705...
[    2.511198] systemd[1]: Mounting Mount unit for gnome-3-34-1804, revision 24...
[    2.520205] systemd[1]: Mounting Mount unit for gtk-common-themes, revision 1506...
[    2.529743] systemd[1]: Mounting Mount unit for gtk-common-themes, revision 1535...
[    2.536994] systemd[1]: Mounting Mount unit for snap-store, revision 433...
[    2.545047] systemd[1]: Mounting Mount unit for snapd, revision 7264...
[    2.562019] systemd[1]: Finished Load Kernel Modules.
[    2.568519] systemd[1]: Mounting FUSE Control File System...
[    2.569340] systemd[1]: Mounting Kernel Configuration File System...
[    2.570117] systemd[1]: Starting Apply Kernel Variables...
[    2.599977] systemd[1]: Mounted Mount unit for bare, revision 5.
[    2.600070] systemd[1]: Mounted Mount unit for core18, revision 1705.
[    2.600147] systemd[1]: Mounted Mount unit for gnome-3-34-1804, revision 24.
[    2.600216] systemd[1]: Mounted Mount unit for gtk-common-themes, revision 1506.
[    2.600286] systemd[1]: Mounted FUSE Control File System.
[    2.600354] systemd[1]: Mounted Kernel Configuration File System.
[    2.600412] systemd[1]: Condition check resulted in VMware vmblock fuse mount being skipped.
[    2.607005] systemd[1]: Finished Apply Kernel Variables.
[    2.613840] systemd[1]: Mounted Mount unit for gtk-common-themes, revision 1535.
[    2.634955] systemd[1]: Mounted Mount unit for snap-store, revision 433.
[    2.635038] systemd[1]: Mounted Mount unit for snapd, revision 7264.
[    2.635089] systemd[1]: Reached target Local File Systems.
[    2.636832] systemd[1]: Starting Load AppArmor profiles...
[    2.638212] systemd[1]: Starting Set console font and keymap...
[    2.653591] systemd[1]: Starting Tell Plymouth To Write Out Runtime Data...
[    2.653649] systemd[1]: Condition check resulted in Store a System Token in an EFI Variable being skipped.
[    2.653696] systemd[1]: Condition check resulted in Commit a transient machine-id on disk being skipped.
[    2.653874] systemd[1]: Started udev Kernel Device Manager.
[    2.663784] systemd[1]: Starting Show Plymouth Boot Screen...
[    2.665642] systemd[1]: Finished Set console font and keymap.
[    2.666189] systemd[1]: Received SIGRTMIN+20 from PID 289 (plymouthd).
[    2.672217] systemd[1]: plymouth-read-write.service: Succeeded.
[    2.672471] systemd[1]: Finished Tell Plymouth To Write Out Runtime Data.
[    2.677845] systemd[1]: Started Show Plymouth Boot Screen.
[    2.677964] systemd[1]: Condition check resulted in Dispatch Password Requests to Console Directory Watch being skipped.
[    2.678040] systemd[1]: Started Forward Password Requests to Plymouth Directory Watch.
[    2.678069] systemd[1]: Reached target Local Encrypted Volumes.
[    2.692846] audit: type=1400 audit(1768831791.532:2): apparmor="STATUS" operation="profile_load" profile="unconfined" name="nvidia_modprobe" pid=294 comm="apparmor_parser"
[    2.692848] audit: type=1400 audit(1768831791.532:3): apparmor="STATUS" operation="profile_load" profile="unconfined" name="nvidia_modprobe//kmod" pid=294 comm="apparmor_parser"
[    2.704496] audit: type=1400 audit(1768831791.544:4): apparmor="STATUS" operation="profile_load" profile="unconfined" name="/usr/sbin/tcpdump" pid=295 comm="apparmor_parser"
[    2.755463] audit: type=1400 audit(1768831791.588:5): apparmor="STATUS" operation="profile_load" profile="unconfined" name="/usr/bin/evince" pid=303 comm="apparmor_parser"
[    2.755466] audit: type=1400 audit(1768831791.588:6): apparmor="STATUS" operation="profile_load" profile="unconfined" name="/usr/bin/evince//sanitized_helper" pid=303 comm="apparmor_parser"
[    2.755467] audit: type=1400 audit(1768831791.588:7): apparmor="STATUS" operation="profile_load" profile="unconfined" name="/usr/bin/evince-previewer" pid=303 comm="apparmor_parser"
[    2.755469] audit: type=1400 audit(1768831791.588:8): apparmor="STATUS" operation="profile_load" profile="unconfined" name="/usr/bin/evince-previewer//sanitized_helper" pid=303 comm="apparmor_parser"
[    2.755470] audit: type=1400 audit(1768831791.588:9): apparmor="STATUS" operation="profile_load" profile="unconfined" name="/usr/bin/evince-thumbnailer" pid=303 comm="apparmor_parser"
[    2.768754] audit: type=1400 audit(1768831791.608:10): apparmor="STATUS" operation="profile_load" profile="unconfined" name="/usr/lib/cups/backend/cups-pdf" pid=304 comm="apparmor_parser"
[    2.846146] systemd[1]: Finished Load AppArmor profiles.
[    2.847166] systemd[1]: Starting Load AppArmor profiles managed internally by snapd...
[    2.912263] systemd[1]: Finished Load AppArmor profiles managed internally by snapd.
[    3.147817] systemd[1]: Started Journal Service.
[    3.156094] systemd-journald[229]: Received client request to flush runtime journal.
[    3.160965] systemd-journald[229]: File /var/log/journal/c455b248004a419c87ce85eea238d727/system.journal corrupted or uncleanly shut down, renaming and replacing.
[    4.464763] RAPL PMU: API unit is 2^-32 Joules, 0 fixed counters, 10737418240 ms ovfl timer
[    4.525001] cryptd: max_cpu_qlen set to 1000
[    4.595947] AVX2 version of gcm_enc/dec engaged.
[    4.595948] AES CTR mode by8 optimization enabled
[    5.395673] Adding 1998844k swap on /dev/sda1.  Priority:-2 extents:1 across:1998844k FS
[    7.074274] kauditd_printk_skb: 30 callbacks suppressed
[    7.074275] audit: type=1400 audit(1768831795.912:41): apparmor="DENIED" operation="capable" profile="/usr/sbin/cups-browsed" pid=496 comm="cups-browsed" capability=23  capname="sys_nice"
[    7.643307] pcnet32 0000:00:03.0 enp0s3: link up, 100Mbps, full-duplex
[    7.679885] e1000: enp0s8 NIC Link is Up 1000 Mbps Full Duplex, Flow Control: RX
[    7.680159] IPv6: ADDRCONF(NETDEV_CHANGE): enp0s8: link becomes ready
[    7.693018] e1000: enp0s9 NIC Link is Up 1000 Mbps Full Duplex, Flow Control: RX
[    7.693328] IPv6: ADDRCONF(NETDEV_CHANGE): enp0s9: link becomes ready
[    8.250865] device enp0s3 entered promiscuous mode
[    8.278245] audit: type=1400 audit(1768831797.112:42): apparmor="DENIED" operation="open" profile="/usr/sbin/tcpdump" name="/proc/sys/kernel/random/boot_id" pid=703 comm="tcpdump" requested_mask="r" denied_mask="r" fsuid=0 ouid=0
[    8.279113] audit: type=1400 audit(1768831797.112:43): apparmor="DENIED" operation="open" profile="/usr/sbin/tcpdump" name="/proc/sys/kernel/random/boot_id" pid=703 comm="tcpdump" requested_mask="r" denied_mask="r" fsuid=0 ouid=0
[    8.279223] audit: type=1400 audit(1768831797.112:44): apparmor="DENIED" operation="open" profile="/usr/sbin/tcpdump" name="/proc/sys/kernel/random/boot_id" pid=703 comm="tcpdump" requested_mask="r" denied_mask="r" fsuid=0 ouid=0
[    8.279279] audit: type=1400 audit(1768831797.112:45): apparmor="DENIED" operation="open" profile="/usr/sbin/tcpdump" name="/proc/sys/kernel/random/boot_id" pid=703 comm="tcpdump" requested_mask="r" denied_mask="r" fsuid=0 ouid=0
[    8.285404] audit: type=1400 audit(1768831797.124:46): apparmor="DENIED" operation="open" profile="/usr/sbin/tcpdump" name="/proc/sys/kernel/random/boot_id" pid=704 comm="tcpdump" requested_mask="r" denied_mask="r" fsuid=0 ouid=0
[    8.285605] audit: type=1400 audit(1768831797.124:47): apparmor="DENIED" operation="open" profile="/usr/sbin/tcpdump" name="/proc/sys/kernel/random/boot_id" pid=704 comm="tcpdump" requested_mask="r" denied_mask="r" fsuid=0 ouid=0
[    8.285647] audit: type=1400 audit(1768831797.124:48): apparmor="DENIED" operation="open" profile="/usr/sbin/tcpdump" name="/proc/sys/kernel/random/boot_id" pid=704 comm="tcpdump" requested_mask="r" denied_mask="r" fsuid=0 ouid=0
[    8.285731] audit: type=1400 audit(1768831797.124:49): apparmor="DENIED" operation="open" profile="/usr/sbin/tcpdump" name="/proc/sys/kernel/random/boot_id" pid=704 comm="tcpdump" requested_mask="r" denied_mask="r" fsuid=0 ouid=0
[   13.007868] rfkill: input handler disabled
[  185.909096] AAAAA-TCP_FORW: name:enp0s3: saddr:100932208: daddr:16783984
[  186.115980] AAAAA-TCP_FORW: name:enp0s3: saddr:16783984: daddr:100932208
[  186.146600] AAAAA-TCP_FORW: name:enp0s3: saddr:100932208: daddr:16783984
[  186.192427] AAAAA-TCP_FORW: name:enp0s3: saddr:100932208: daddr:16783984
[  186.451929] AAAAA-TCP_FORW: name:enp0s3: saddr:16783984: daddr:100932208
[  186.487137] AAAAA-TCP_FORW: name:enp0s3: saddr:16783984: daddr:100932208
[  186.565507] AAAAA-TCP_FORW: name:enp0s3: saddr:16783984: daddr:100932208
[  186.595192] AAAAA-TCP_FORW: name:enp0s3: saddr:100932208: daddr:33561200
[  186.657223] AAAAA-TCP_FORW: name:enp0s3: saddr:100932208: daddr:16783984
[  186.715052] AAAAA-TCP_FORW: name:enp0s3: saddr:100932208: daddr:16783984
[  186.833405] AAAAA-TCP_FORW: name:enp0s3: saddr:33561200: daddr:100932208
[  186.941030] AAAAA-TCP_FORW: name:enp0s3: saddr:100932208: daddr:33561200
[  187.015889] AAAAA-TCP_FORW: name:enp0s3: saddr:16783984: daddr:100932208
[  187.136907] AAAAA-TCP_FORW: name:enp0s3: saddr:100932208: daddr:16783984
[  187.200996] AAAAA-TCP_FORW: name:enp0s3: saddr:33561200: daddr:100932208
[  187.432736] AAAAA-TCP_FORW: name:enp0s3: saddr:16783984: daddr:100932208
[  187.500960] AAAAA-TCP_FORW: name:enp0s3: saddr:16783984: daddr:100932208
[  187.545364] AAAAA-TCP_FORW: name:enp0s3: saddr:100932208: daddr:16783984
[  187.636361] AAAAA-TCP_FORW: name:enp0s3: saddr:100932208: daddr:16783984
[  188.034169] AAAAA-TCP_FORW: name:enp0s3: saddr:16783984: daddr:100932208
[  188.066480] AAAAA-TCP_FORW: name:enp0s3: saddr:100932208: daddr:16783984
[  188.092598] AAAAA-TCP_FORW: name:enp0s3: saddr:100932208: daddr:16783984
[  188.233727] AAAAA-TCP_FORW: name:enp0s3: saddr:16783984: daddr:100932208
[  188.378304] AAAAA-TCP_FORW: name:enp0s3: saddr:16783984: daddr:100932208
[  188.390768] AAAAA-TCP_FORW: name:enp0s3: saddr:100932208: daddr:33561200
[  188.434213] AAAAA-TCP_FORW: name:enp0s3: saddr:16783984: daddr:100932208
[  188.590589] AAAAA-TCP_FORW: name:enp0s3: saddr:100932208: daddr:16783984
[  188.635959] AAAAA-TCP_FORW: name:enp0s3: saddr:33561200: daddr:100932208
[  188.783907] AAAAA-TCP_FORW: name:enp0s3: saddr:100932208: daddr:33561200
[  188.808280] AAAAA-TCP_FORW: name:enp0s3: saddr:16783984: daddr:100932208
[  188.984947] AAAAA-TCP_FORW: name:enp0s3: saddr:100932208: daddr:16783984
[  189.013733] AAAAA-TCP_FORW: name:enp0s3: saddr:100932208: daddr:16783984
[  189.045800] AAAAA-TCP_FORW: name:enp0s3: saddr:33561200: daddr:100932208
[  189.053366] AAAAA-TCP_FORW: name:enp0s3: saddr:100932208: daddr:16783984
[  189.067531] AAAAA-TCP_FORW: name:enp0s3: saddr:100932208: daddr:16783984
[  189.123636] AAAAA-TCP_FORW: name:enp0s3: saddr:100932208: daddr:16783984
[  189.155063] AAAAA-TCP_FORW: name:enp0s3: saddr:100932208: daddr:16783984
[  189.185036] AAAAA-TCP_FORW: name:enp0s3: saddr:100932208: daddr:16783984
[  189.224846] AAAAA-TCP_FORW: name:enp0s3: saddr:100932208: daddr:16783984
[  189.285121] AAAAA-TCP_FORW: name:enp0s3: saddr:100932208: daddr:16783984
[  189.346429] AAAAA-TCP_FORW: name:enp0s3: saddr:100932208: daddr:16783984
[  189.367998] AAAAA-TCP_FORW: name:enp0s3: saddr:16783984: daddr:100932208
[  189.444035] AAAAA-TCP_FORW: name:enp0s3: saddr:100932208: daddr:16783984
[  189.453948] AAAAA-TCP_FORW: name:enp0s3: saddr:100932208: daddr:33561200
[  189.486883] AAAAA-TCP_FORW: name:enp0s3: saddr:100932208: daddr:33561200
[  189.570770] AAAAA-TCP_FORW: name:enp0s3: saddr:16783984: daddr:100932208
[  189.576400] AAAAA-TCP_FORW: name:enp0s3: saddr:100932208: daddr:33561200
[  189.637350] AAAAA-TCP_FORW: name:enp0s3: saddr:100932208: daddr:33561200
[  189.709983] AAAAA-TCP_FORW: name:enp0s3: saddr:100932208: daddr:33561200
[  189.739597] AAAAA-TCP_FORW: name:enp0s3: saddr:100932208: daddr:33561200
[  189.747135] AAAAA-TCP_FORW: name:enp0s3: saddr:16783984: daddr:100932208
[  189.829105] AAAAA-TCP_FORW: name:enp0s3: saddr:100932208: daddr:33561200
[  189.839060] AAAAA-TCP_FORW: name:enp0s3: saddr:16783984: daddr:100932208
[  189.874914] AAAAA-TCP_FORW: name:enp0s3: saddr:100932208: daddr:33561200
[  189.970773] AAAAA-TCP_FORW: name:enp0s3: saddr:100932208: daddr:33561200
[  190.040601] AAAAA-TCP_FORW: name:enp0s3: saddr:100932208: daddr:33561200
[  190.101701] AAAAA-TCP_FORW: name:enp0s3: saddr:100932208: daddr:16783984
[  190.165959] AAAAA-TCP_FORW: name:enp0s3: saddr:100932208: daddr:16783984
[  190.183119] AAAAA-TCP_FORW: name:enp0s3: saddr:16783984: daddr:100932208
[  190.229346] AAAAA-TCP_FORW: name:enp0s3: saddr:100932208: daddr:33561200
[  190.304346] AAAAA-TCP_FORW: name:enp0s3: saddr:16783984: daddr:100932208
[  190.333606] AAAAA-TCP_FORW: name:enp0s3: saddr:16783984: daddr:100932208
[  190.390143] AAAAA-TCP_FORW: name:enp0s3: saddr:100932208: daddr:16783984
[  190.438652] AAAAA-TCP_FORW: name:enp0s3: saddr:100932208: daddr:16783984
[  190.459796] AAAAA-TCP_FORW: name:enp0s3: saddr:16783984: daddr:100932208
[  190.603991] AAAAA-TCP_FORW: name:enp0s3: saddr:16783984: daddr:100932208
[  190.659561] AAAAA-TCP_FORW: name:enp0s3: saddr:100932208: daddr:16783984
[  190.704453] AAAAA-TCP_FORW: name:enp0s3: saddr:16783984: daddr:100932208
[  190.713077] AAAAA-TCP_FORW: name:enp0s3: saddr:100932208: daddr:16783984
[  190.892370] AAAAA-TCP_FORW: name:enp0s3: saddr:33561200: daddr:100932208
[  191.056522] AAAAA-TCP_FORW: name:enp0s3: saddr:33561200: daddr:100932208
[  191.239770] AAAAA-TCP_FORW: name:enp0s3: saddr:33561200: daddr:100932208
[  191.272779] AAAAA-TCP_FORW: name:enp0s3: saddr:100932208: daddr:33561200
[  191.331318] AAAAA-TCP_FORW: name:enp0s3: saddr:33561200: daddr:100932208
[  191.333250] AAAAA-TCP_FORW: name:enp0s3: saddr:100932208: daddr:16783984
[  191.391706] AAAAA-TCP_FORW: name:enp0s3: saddr:100932208: daddr:16783984
[  191.497056] AAAAA-TCP_FORW: name:enp0s3: saddr:100932208: daddr:16783984
[  191.523343] AAAAA-TCP_FORW: name:enp0s3: saddr:100932208: daddr:16783984
[  191.541137] AAAAA-TCP_FORW: name:enp0s3: saddr:33561200: daddr:100932208
[  191.570183] AAAAA-TCP_FORW: name:enp0s3: saddr:33561200: daddr:100932208
[  191.588308] AAAAA-TCP_FORW: name:enp0s3: saddr:100932208: daddr:16783984
[  191.647268] AAAAA-TCP_FORW: name:enp0s3: saddr:100932208: daddr:16783984
[  191.700358] AAAAA-TCP_FORW: name:enp0s3: saddr:100932208: daddr:16783984
[  191.766618] AAAAA-TCP_FORW: name:enp0s3: saddr:100932208: daddr:16783984
[  191.806201] AAAAA-TCP_FORW: name:enp0s3: saddr:100932208: daddr:16783984
[  191.839374] AAAAA-TCP_FORW: name:enp0s3: saddr:33561200: daddr:100932208
[  191.862527] AAAAA-TCP_FORW: name:enp0s3: saddr:100932208: daddr:16783984
[  191.911676] AAAAA-TCP_FORW: name:enp0s3: saddr:100932208: daddr:16783984
[  191.943364] AAAAA-TCP_FORW: name:enp0s3: saddr:33561200: daddr:100932208
[  191.956950] AAAAA-TCP_FORW: name:enp0s3: saddr:100932208: daddr:16783984
[  191.972521] AAAAA-TCP_FORW: name:enp0s3: saddr:33561200: daddr:100932208
[  191.990680] AAAAA-TCP_FORW: name:enp0s3: saddr:100932208: daddr:16783984
[  192.013076] AAAAA-TCP_FORW: name:enp0s3: saddr:100932208: daddr:16783984
[  192.063137] AAAAA-TCP_FORW: name:enp0s3: saddr:100932208: daddr:33561200
[  192.078798] AAAAA-TCP_FORW: name:enp0s3: saddr:33561200: daddr:100932208
[  192.101867] AAAAA-TCP_FORW: name:enp0s3: saddr:100932208: daddr:33561200
[  192.181912] AAAAA-TCP_FORW: name:enp0s3: saddr:16783984: daddr:100932208
[  192.230619] AAAAA-TCP_FORW: name:enp0s3: saddr:16783984: daddr:100932208
[  192.317663] AAAAA-TCP_FORW: name:enp0s3: saddr:100932208: daddr:33561200
[  192.340236] AAAAA-TCP_FORW: name:enp0s3: saddr:33561200: daddr:100932208
[  192.351764] AAAAA-TCP_FORW: name:enp0s3: saddr:100932208: daddr:33561200
[  192.462320] AAAAA-TCP_FORW: name:enp0s3: saddr:16783984: daddr:100932208
[  192.487248] AAAAA-TCP_FORW: name:enp0s3: saddr:100932208: daddr:33561200
[  192.496570] AAAAA-TCP_FORW: name:enp0s3: saddr:16783984: daddr:100932208
[  192.538885] AAAAA-TCP_FORW: name:enp0s3: saddr:100932208: daddr:33561200
[  192.558305] AAAAA-TCP_FORW: name:enp0s3: saddr:16783984: daddr:100932208
[  192.600579] AAAAA-TCP_FORW: name:enp0s3: saddr:100932208: daddr:33561200
[  192.620757] AAAAA-TCP_FORW: name:enp0s3: saddr:16783984: daddr:100932208
[  192.675204] AAAAA-TCP_FORW: name:enp0s3: saddr:100932208: daddr:33561200
[  192.843910] AAAAA-TCP_FORW: name:enp0s3: saddr:33561200: daddr:100932208
[  192.966518] AAAAA-TCP_FORW: name:enp0s3: saddr:100932208: daddr:33561200
[  192.982092] AAAAA-TCP_FORW: name:enp0s3: saddr:16783984: daddr:100932208
[  193.024255] AAAAA-TCP_FORW: name:enp0s3: saddr:100932208: daddr:33561200
[  193.050524] AAAAA-TCP_FORW: name:enp0s3: saddr:100932208: daddr:33561200
[  193.065985] AAAAA-TCP_FORW: name:enp0s3: saddr:16783984: daddr:100932208
[  193.079622] AAAAA-TCP_FORW: name:enp0s3: saddr:100932208: daddr:33561200
[  193.126955] AAAAA-TCP_FORW: name:enp0s3: saddr:16783984: daddr:100932208
[  193.160072] AAAAA-TCP_FORW: name:enp0s3: saddr:16783984: daddr:100932208
[  193.370198] AAAAA-TCP_FORW: name:enp0s3: saddr:16783984: daddr:100932208
[  193.387176] AAAAA-TCP_FORW: name:enp0s3: saddr:16783984: daddr:100932208
[  193.493876] AAAAA-TCP_FORW: name:enp0s3: saddr:100932208: daddr:33561200
[  193.516751] AAAAA-TCP_FORW: name:enp0s3: saddr:16783984: daddr:100932208
[  193.551081] AAAAA-TCP_FORW: name:enp0s3: saddr:100932208: daddr:33561200
[  193.660658] AAAAA-TCP_FORW: name:enp0s3: saddr:16783984: daddr:100932208
[  193.807761] AAAAA-TCP_FORW: name:enp0s3: saddr:16783984: daddr:100932208
[  193.903131] AAAAA-TCP_FORW: name:enp0s3: saddr:16783984: daddr:100932208
[  193.924409] AAAAA-TCP_FORW: name:enp0s3: saddr:100932208: daddr:16783984
[  193.952729] AAAAA-TCP_FORW: name:enp0s3: saddr:16783984: daddr:100932208
[  193.959841] AAAAA-TCP_FORW: name:enp0s3: saddr:100932208: daddr:16783984
[  194.026123] AAAAA-TCP_FORW: name:enp0s3: saddr:100932208: daddr:16783984
[  194.056684] AAAAA-TCP_FORW: name:enp0s3: saddr:100932208: daddr:16783984
[  194.125092] AAAAA-TCP_FORW: name:enp0s3: saddr:100932208: daddr:16783984
[  194.161478] AAAAA-TCP_FORW: name:enp0s3: saddr:100932208: daddr:16783984
[  194.237628] AAAAA-TCP_FORW: name:enp0s3: saddr:100932208: daddr:16783984
[  194.305142] AAAAA-TCP_FORW: name:enp0s3: saddr:100932208: daddr:16783984
[  194.372575] AAAAA-TCP_FORW: name:enp0s3: saddr:16783984: daddr:100932208
[  194.388864] AAAAA-TCP_FORW: name:enp0s3: saddr:100932208: daddr:33561200
[  194.429989] AAAAA-TCP_FORW: name:enp0s3: saddr:100932208: daddr:33561200
[  194.485898] AAAAA-TCP_FORW: name:enp0s3: saddr:100932208: daddr:16783984
[  194.519755] AAAAA-TCP_FORW: name:enp0s3: saddr:16783984: daddr:100932208
[  194.549776] AAAAA-TCP_FORW: name:enp0s3: saddr:100932208: daddr:33561200
[  194.586945] AAAAA-TCP_FORW: name:enp0s3: saddr:100932208: daddr:33561200
[  194.610836] AAAAA-TCP_FORW: name:enp0s3: saddr:100932208: daddr:33561200
[  194.656326] AAAAA-TCP_FORW: name:enp0s3: saddr:100932208: daddr:33561200
[  194.736908] AAAAA-TCP_FORW: name:enp0s3: saddr:100932208: daddr:16783984
[  194.767274] AAAAA-TCP_FORW: name:enp0s3: saddr:33561200: daddr:100932208
[  194.797299] AAAAA-TCP_FORW: name:enp0s3: saddr:100932208: daddr:16783984
[  194.840973] AAAAA-TCP_FORW: name:enp0s3: saddr:100932208: daddr:16783984
[  194.891375] AAAAA-TCP_FORW: name:enp0s3: saddr:33561200: daddr:100932208
[  194.921293] AAAAA-TCP_FORW: name:enp0s3: saddr:100932208: daddr:16783984
[  194.992521] AAAAA-TCP_FORW: name:enp0s3: saddr:100932208: daddr:16783984
[  195.056600] AAAAA-TCP_FORW: name:enp0s3: saddr:100932208: daddr:16783984
[  195.156091] AAAAA-TCP_FORW: name:enp0s3: saddr:100932208: daddr:16783984
[  195.220377] AAAAA-TCP_FORW: name:enp0s3: saddr:33561200: daddr:100932208
[  195.261340] AAAAA-TCP_FORW: name:enp0s3: saddr:100932208: daddr:16783984
[  195.313936] AAAAA-TCP_FORW: name:enp0s3: saddr:100932208: daddr:16783984
[  195.332027] AAAAA-TCP_FORW: name:enp0s3: saddr:33561200: daddr:100932208
[  195.391206] AAAAA-TCP_FORW: name:enp0s3: saddr:100932208: daddr:16783984
[  195.475721] AAAAA-TCP_FORW: name:enp0s3: saddr:33561200: daddr:100932208
[  195.604523] AAAAA-TCP_FORW: name:enp0s3: saddr:33561200: daddr:100932208
[  195.663765] AAAAA-TCP_FORW: name:enp0s3: saddr:33561200: daddr:100932208
[  195.701248] AAAAA-TCP_FORW: name:enp0s3: saddr:33561200: daddr:100932208
[  195.863454] AAAAA-TCP_FORW: name:enp0s3: saddr:33561200: daddr:100932208
[  195.898389] AAAAA-TCP_FORW: name:enp0s3: saddr:33561200: daddr:100932208
[  195.926548] AAAAA-TCP_FORW: name:enp0s3: saddr:33561200: daddr:100932208
[  196.214429] AAAAA-TCP_FORW: name:enp0s3: saddr:100932208: daddr:33561200
[  196.220720] AAAAA-TCP_FORW: name:enp0s3: saddr:100932208: daddr:33561200
[  196.473640] AAAAA-TCP_FORW: name:enp0s3: saddr:33561200: daddr:100932208
[  196.581572] AAAAA-TCP_FORW: name:enp0s3: saddr:33561200: daddr:100932208
[  196.843064] AAAAA-TCP_FORW: name:enp0s3: saddr:16783984: daddr:100932208
[  196.897081] AAAAA-TCP_FORW: name:enp0s3: saddr:16783984: daddr:100932208
[  197.012332] AAAAA-TCP_FORW: name:enp0s3: saddr:16783984: daddr:100932208
[  197.212495] AAAAA-TCP_FORW: name:enp0s3: saddr:16783984: daddr:100932208
[  197.270973] AAAAA-TCP_FORW: name:enp0s3: saddr:100932208: daddr:33561200
[  197.301381] AAAAA-TCP_FORW: name:enp0s3: saddr:16783984: daddr:100932208
[  197.405884] AAAAA-TCP_FORW: name:enp0s3: saddr:16783984: daddr:100932208
[  197.499760] AAAAA-TCP_FORW: name:enp0s3: saddr:16783984: daddr:100932208
[  197.656533] AAAAA-TCP_FORW: name:enp0s3: saddr:16783984: daddr:100932208
[  197.750746] AAAAA-TCP_FORW: name:enp0s3: saddr:33561200: daddr:100932208
[  197.894923] AAAAA-TCP_FORW: name:enp0s3: saddr:33561200: daddr:100932208
[  197.929155] AAAAA-TCP_FORW: name:enp0s3: saddr:16783984: daddr:100932208
[  198.038152] AAAAA-TCP_FORW: name:enp0s3: saddr:33561200: daddr:100932208
[  198.098331] AAAAA-TCP_FORW: name:enp0s3: saddr:33561200: daddr:100932208
[  198.115453] AAAAA-TCP_FORW: name:enp0s3: saddr:33561200: daddr:100932208
[  198.148931] AAAAA-TCP_FORW: name:enp0s3: saddr:33561200: daddr:100932208
[  198.207218] AAAAA-TCP_FORW: name:enp0s3: saddr:16783984: daddr:100932208
[  198.349371] AAAAA-TCP_FORW: name:enp0s3: saddr:16783984: daddr:100932208
[  198.414285] AAAAA-TCP_FORW: name:enp0s3: saddr:16783984: daddr:100932208
[  198.463590] AAAAA-TCP_FORW: name:enp0s3: saddr:16783984: daddr:100932208
[  198.498222] AAAAA-TCP_FORW: name:enp0s3: saddr:16783984: daddr:100932208
[  198.550057] AAAAA-TCP_FORW: name:enp0s3: saddr:16783984: daddr:100932208
[  198.650461] AAAAA-TCP_FORW: name:enp0s3: saddr:16783984: daddr:100932208
[  198.699111] AAAAA-TCP_FORW: name:enp0s3: saddr:16783984: daddr:100932208
[  198.729347] AAAAA-TCP_FORW: name:enp0s3: saddr:16783984: daddr:100932208
[  198.757334] AAAAA-TCP_FORW: name:enp0s3: saddr:33561200: daddr:100932208
[  198.792273] AAAAA-TCP_FORW: name:enp0s3: saddr:33561200: daddr:100932208
[  198.870341] AAAAA-TCP_FORW: name:enp0s3: saddr:33561200: daddr:100932208
[  213.977102] AAAAA-TCP_FORW: name:enp0s3: saddr:100932208: daddr:33561200
[  213.994529] AAAAA-TCP_FORW: name:enp0s3: saddr:100932208: daddr:33561200
[  214.040537] AAAAA-TCP_FORW: name:enp0s3: saddr:100932208: daddr:16783984
[  214.063167] AAAAA-TCP_FORW: name:enp0s3: saddr:100932208: daddr:16783984
[  214.159269] AAAAA-TCP_FORW: name:enp0s3: saddr:100932208: daddr:16783984
[  214.209868] AAAAA-TCP_FORW: name:enp0s3: saddr:100932208: daddr:16783984
[  214.231393] AAAAA-TCP_FORW: name:enp0s3: saddr:33561200: daddr:100932208
[  214.289023] AAAAA-TCP_FORW: name:enp0s3: saddr:100932208: daddr:16783984
[  214.350302] AAAAA-TCP_FORW: name:enp0s3: saddr:100932208: daddr:16783984
[  214.384179] AAAAA-TCP_FORW: name:enp0s3: saddr:100932208: daddr:16783984
[  214.396521] AAAAA-TCP_FORW: name:enp0s3: saddr:33561200: daddr:100932208
[  214.453792] AAAAA-TCP_FORW: name:enp0s3: saddr:100932208: daddr:16783984
[  214.494702] AAAAA-TCP_FORW: name:enp0s3: saddr:16783984: daddr:100932208
[  214.513713] AAAAA-TCP_FORW: name:enp0s3: saddr:100932208: daddr:16783984
[  214.551260] AAAAA-TCP_FORW: name:enp0s3: saddr:100932208: daddr:16783984
[  214.582709] AAAAA-TCP_FORW: name:enp0s3: saddr:16783984: daddr:100932208
[  214.626917] AAAAA-TCP_FORW: name:enp0s3: saddr:100932208: daddr:16783984
[  214.659475] AAAAA-TCP_FORW: name:enp0s3: saddr:100932208: daddr:16783984
[  214.690533] AAAAA-TCP_FORW: name:enp0s3: saddr:100932208: daddr:16783984
[  214.736718] AAAAA-TCP_FORW: name:enp0s3: saddr:16783984: daddr:100932208
[  214.774857] AAAAA-TCP_FORW: name:enp0s3: saddr:100932208: daddr:16783984
[  214.848487] AAAAA-TCP_FORW: name:enp0s3: saddr:16783984: daddr:100932208
[  214.862821] AAAAA-TCP_FORW: name:enp0s3: saddr:100932208: daddr:16783984
[  214.877465] AAAAA-TCP_FORW: name:enp0s3: saddr:100932208: daddr:16783984
[  214.982168] AAAAA-TCP_FORW: name:enp0s3: saddr:100932208: daddr:16783984
[  215.075889] AAAAA-TCP_FORW: name:enp0s3: saddr:100932208: daddr:16783984
[  215.126917] AAAAA-TCP_FORW: name:enp0s3: saddr:100932208: daddr:16783984
[  215.213737] AAAAA-TCP_FORW: name:enp0s3: saddr:16783984: daddr:100932208
[  215.224338] AAAAA-TCP_FORW: name:enp0s3: saddr:100932208: daddr:16783984
[  215.241527] AAAAA-TCP_FORW: name:enp0s3: saddr:16783984: daddr:100932208
[  215.253352] AAAAA-TCP_FORW: name:enp0s3: saddr:100932208: daddr:16783984
[  215.341212] AAAAA-TCP_FORW: name:enp0s3: saddr:100932208: daddr:16783984
[  215.354338] AAAAA-TCP_FORW: name:enp0s3: saddr:16783984: daddr:100932208
[  215.405319] AAAAA-TCP_FORW: name:enp0s3: saddr:100932208: daddr:33561200
[  215.448785] AAAAA-TCP_FORW: name:enp0s3: saddr:100932208: daddr:33561200
[  215.454304] AAAAA-TCP_FORW: name:enp0s3: saddr:16783984: daddr:100932208
[  215.533940] AAAAA-TCP_FORW: name:enp0s3: saddr:100932208: daddr:33561200
[  215.609023] AAAAA-TCP_FORW: name:enp0s3: saddr:100932208: daddr:33561200
[  215.704729] AAAAA-TCP_FORW: name:enp0s3: saddr:100932208: daddr:33561200
[  215.747499] AAAAA-TCP_FORW: name:enp0s3: saddr:16783984: daddr:100932208
[  215.762145] AAAAA-TCP_FORW: name:enp0s3: saddr:100932208: daddr:33561200
[  215.830780] AAAAA-TCP_FORW: name:enp0s3: saddr:16783984: daddr:100932208
[  215.887759] AAAAA-TCP_FORW: name:enp0s3: saddr:100932208: daddr:33561200
[  215.975529] AAAAA-TCP_FORW: name:enp0s3: saddr:100932208: daddr:33561200
[  216.004178] AAAAA-TCP_FORW: name:enp0s3: saddr:16783984: daddr:100932208
[  216.040216] AAAAA-TCP_FORW: name:enp0s3: saddr:100932208: daddr:33561200
[  216.053024] AAAAA-TCP_FORW: name:enp0s3: saddr:16783984: daddr:100932208
[  216.132707] AAAAA-TCP_FORW: name:enp0s3: saddr:100932208: daddr:33561200
[  216.164684] AAAAA-TCP_FORW: name:enp0s3: saddr:16783984: daddr:100932208
[  216.174079] AAAAA-TCP_FORW: name:enp0s3: saddr:100932208: daddr:33561200
[  216.233737] AAAAA-TCP_FORW: name:enp0s3: saddr:100932208: daddr:33561200
[  216.243848] AAAAA-TCP_FORW: name:enp0s3: saddr:16783984: daddr:100932208
[  216.286332] AAAAA-TCP_FORW: name:enp0s3: saddr:100932208: daddr:33561200
[  216.323671] AAAAA-TCP_FORW: name:enp0s3: saddr:100932208: daddr:33561200
[  216.325506] AAAAA-TCP_FORW: name:enp0s3: saddr:100932208: daddr:33561200
[  216.359412] AAAAA-TCP_FORW: name:enp0s3: saddr:16783984: daddr:100932208
[  216.453911] AAAAA-TCP_FORW: name:enp0s3: saddr:100932208: daddr:33561200
[  216.456679] AAAAA-TCP_FORW: name:enp0s3: saddr:16783984: daddr:100932208
[  216.506556] AAAAA-TCP_FORW: name:enp0s3: saddr:100932208: daddr:33561200
[  216.628831] AAAAA-TCP_FORW: name:enp0s3: saddr:16783984: daddr:100932208
[  217.025623] AAAAA-TCP_FORW: name:enp0s3: saddr:16783984: daddr:100932208
[  217.227406] AAAAA-TCP_FORW: name:enp0s3: saddr:16783984: daddr:100932208
[  217.398725] AAAAA-TCP_FORW: name:enp0s3: saddr:16783984: daddr:100932208
[  217.565867] AAAAA-TCP_FORW: name:enp0s3: saddr:16783984: daddr:100932208
[  217.605794] AAAAA-TCP_FORW: name:enp0s3: saddr:16783984: daddr:100932208
[  217.650139] AAAAA-TCP_FORW: name:enp0s3: saddr:100932208: daddr:16783984
[  217.716647] AAAAA-TCP_FORW: name:enp0s3: saddr:100932208: daddr:16783984
[  217.828241] AAAAA-TCP_FORW: name:enp0s3: saddr:100932208: daddr:16783984
[  217.887175] AAAAA-TCP_FORW: name:enp0s3: saddr:16783984: daddr:100932208
[  217.918829] AAAAA-TCP_FORW: name:enp0s3: saddr:100932208: daddr:16783984
[  218.004157] AAAAA-TCP_FORW: name:enp0s3: saddr:16783984: daddr:100932208
[  218.207243] AAAAA-TCP_FORW: name:enp0s3: saddr:100932208: daddr:16783984
[  218.305652] AAAAA-TCP_FORW: name:enp0s3: saddr:100932208: daddr:16783984
[  218.564762] AAAAA-TCP_FORW: name:enp0s3: saddr:100932208: daddr:33561200
[  218.665839] AAAAA-TCP_FORW: name:enp0s3: saddr:100932208: daddr:33561200
[  218.769687] AAAAA-TCP_FORW: name:enp0s3: saddr:100932208: daddr:33561200
[  218.887052] AAAAA-TCP_FORW: name:enp0s3: saddr:100932208: daddr:33561200
[  219.000423] AAAAA-TCP_FORW: name:enp0s3: saddr:100932208: daddr:33561200
[  219.175420] AAAAA-TCP_FORW: name:enp0s3: saddr:100932208: daddr:33561200
[  219.324779] AAAAA-TCP_FORW: name:enp0s3: saddr:100932208: daddr:16783984
[  219.391940] AAAAA-TCP_FORW: name:enp0s3: saddr:100932208: daddr:16783984
[  219.571048] AAAAA-TCP_FORW: name:enp0s3: saddr:100932208: daddr:16783984
[  219.631409] AAAAA-TCP_FORW: name:enp0s3: saddr:100932208: daddr:16783984
[  219.753264] AAAAA-TCP_FORW: name:enp0s3: saddr:100932208: daddr:16783984
[  219.806246] AAAAA-TCP_FORW: name:enp0s3: saddr:100932208: daddr:16783984
[  220.032051] AAAAA-TCP_FORW: name:enp0s3: saddr:100932208: daddr:16783984
[  220.153969] AAAAA-TCP_FORW: name:enp0s3: saddr:100932208: daddr:16783984
[  220.290582] AAAAA-TCP_FORW: name:enp0s3: saddr:100932208: daddr:16783984
[  220.412794] AAAAA-TCP_FORW: name:enp0s3: saddr:100932208: daddr:16783984
[  220.564252] AAAAA-TCP_FORW: name:enp0s3: saddr:100932208: daddr:16783984
[  220.801628] AAAAA-TCP_FORW: name:enp0s3: saddr:100932208: daddr:16783984
[  220.930315] AAAAA-TCP_FORW: name:enp0s3: saddr:100932208: daddr:16783984
[  221.013470] AAAAA-TCP_FORW: name:enp0s3: saddr:100932208: daddr:16783984
[  221.138139] AAAAA-TCP_FORW: name:enp0s3: saddr:100932208: daddr:16783984
[  221.226044] AAAAA-TCP_FORW: name:enp0s3: saddr:100932208: daddr:16783984
[  221.329490] AAAAA-TCP_FORW: name:enp0s3: saddr:100932208: daddr:16783984
[  221.421114] AAAAA-TCP_FORW: name:enp0s3: saddr:100932208: daddr:16783984
[  221.694445] AAAAA-TCP_FORW: name:enp0s3: saddr:100932208: daddr:16783984
[  221.696335] AAAAA-TCP_FORW: name:enp0s3: saddr:100932208: daddr:16783984
[  221.792398] AAAAA-TCP_FORW: name:enp0s3: saddr:100932208: daddr:16783984
[  221.865230] AAAAA-TCP_FORW: name:enp0s3: saddr:100932208: daddr:16783984
[  221.941118] AAAAA-TCP_FORW: name:enp0s3: saddr:100932208: daddr:16783984
[  222.040321] AAAAA-TCP_FORW: name:enp0s3: saddr:100932208: daddr:16783984
[  222.091922] AAAAA-TCP_FORW: name:enp0s3: saddr:100932208: daddr:16783984
[  222.245056] AAAAA-TCP_FORW: name:enp0s3: saddr:100932208: daddr:16783984
[  222.306596] AAAAA-TCP_FORW: name:enp0s3: saddr:100932208: daddr:16783984
[  222.407019] AAAAA-TCP_FORW: name:enp0s3: saddr:100932208: daddr:16783984
[  222.488846] AAAAA-TCP_FORW: name:enp0s3: saddr:100932208: daddr:16783984
[  222.515285] AAAAA-TCP_FORW: name:enp0s3: saddr:100932208: daddr:16783984
[  222.668354] AAAAA-TCP_FORW: name:enp0s3: saddr:100932208: daddr:33561200
[  222.797589] AAAAA-TCP_FORW: name:enp0s3: saddr:100932208: daddr:33561200
[  222.946316] AAAAA-TCP_FORW: name:enp0s3: saddr:100932208: daddr:16783984
[  223.020900] AAAAA-TCP_FORW: name:enp0s3: saddr:100932208: daddr:16783984
[  223.143546] AAAAA-TCP_FORW: name:enp0s3: saddr:100932208: daddr:16783984
[  223.253459] AAAAA-TCP_FORW: name:enp0s3: saddr:100932208: daddr:16783984
[  223.386193] AAAAA-TCP_FORW: name:enp0s3: saddr:100932208: daddr:16783984
[  223.537691] AAAAA-TCP_FORW: name:enp0s3: saddr:100932208: daddr:16783984
[  223.758912] AAAAA-TCP_FORW: name:enp0s3: saddr:100932208: daddr:16783984
[  224.016369] AAAAA-TCP_FORW: name:enp0s3: saddr:100932208: daddr:33561200
[  224.690076] AAAAA-TCP_FORW: name:enp0s3: saddr:100932208: daddr:16783984
[  224.764477] AAAAA-TCP_FORW: name:enp0s3: saddr:100932208: daddr:16783984
[  225.016937] AAAAA-TCP_FORW: name:enp0s3: saddr:100932208: daddr:16783984
[  225.128650] AAAAA-TCP_FORW: name:enp0s3: saddr:100932208: daddr:16783984
[  225.457004] AAAAA-TCP_FORW: name:enp0s3: saddr:100932208: daddr:16783984
[  225.561837] AAAAA-TCP_FORW: name:enp0s3: saddr:100932208: daddr:16783984
[  225.746550] AAAAA-TCP_FORW: name:enp0s3: saddr:100932208: daddr:16783984
[  225.892812] AAAAA-TCP_FORW: name:enp0s3: saddr:100932208: daddr:16783984
[  225.989984] AAAAA-TCP_FORW: name:enp0s3: saddr:100932208: daddr:16783984
[  226.103826] AAAAA-TCP_FORW: name:enp0s3: saddr:100932208: daddr:16783984
[  226.207208] AAAAA-TCP_FORW: name:enp0s3: saddr:100932208: daddr:16783984
[  226.333179] AAAAA-TCP_FORW: name:enp0s3: saddr:100932208: daddr:16783984
[  226.573263] AAAAA-TCP_FORW: name:enp0s3: saddr:100932208: daddr:16783984
[  227.840544] AAAAA-TCP_FORW: name:enp0s3: saddr:16783984: daddr:100932208
[  227.862485] AAAAA-TCP_FORW: name:enp0s3: saddr:100932208: daddr:16783984
[  227.976208] AAAAA-TCP_FORW: name:enp0s3: saddr:100932208: daddr:16783984
[  228.073724] AAAAA-TCP_FORW: name:enp0s3: saddr:16783984: daddr:100932208
[  228.132098] AAAAA-TCP_FORW: name:enp0s3: saddr:16783984: daddr:100932208
[  228.578944] AAAAA-TCP_FORW: name:enp0s3: saddr:16783984: daddr:100932208
[  228.778274] AAAAA-TCP_FORW: name:enp0s3: saddr:16783984: daddr:100932208
[  228.787065] AAAAA-TCP_FORW: name:enp0s3: saddr:16783984: daddr:100932208
[  228.892595] AAAAA-TCP_FORW: name:enp0s3: saddr:16783984: daddr:100932208
[  228.963230] AAAAA-TCP_FORW: name:enp0s3: saddr:100932208: daddr:33561200
[  229.015829] AAAAA-TCP_FORW: name:enp0s3: saddr:16783984: daddr:100932208
[  231.401588] AAAAA-TCP_FORW: name:enp0s3: saddr:100932208: daddr:16783984
[  231.572727] AAAAA-TCP_FORW: name:enp0s3: saddr:100932208: daddr:16783984
[  231.793334] AAAAA-TCP_FORW: name:enp0s3: saddr:100932208: daddr:16783984
[  232.075917] AAAAA-TCP_FORW: name:enp0s3: saddr:100932208: daddr:16783984
[  232.205211] AAAAA-TCP_FORW: name:enp0s3: saddr:100932208: daddr:16783984
[  232.280740] AAAAA-TCP_FORW: name:enp0s3: saddr:100932208: daddr:16783984
[  232.416938] AAAAA-TCP_FORW: name:enp0s3: saddr:100932208: daddr:16783984
[  232.601895] AAAAA-TCP_FORW: name:enp0s3: saddr:100932208: daddr:16783984
[  233.036058] AAAAA-TCP_FORW: name:enp0s3: saddr:100932208: daddr:16783984
[  233.306907] AAAAA-TCP_FORW: name:enp0s3: saddr:100932208: daddr:16783984
[  233.419349] AAAAA-TCP_FORW: name:enp0s3: saddr:100932208: daddr:16783984
[  233.506228] AAAAA-TCP_FORW: name:enp0s3: saddr:100932208: daddr:16783984
[  233.632329] AAAAA-TCP_FORW: name:enp0s3: saddr:100932208: daddr:16783984
[  233.673771] AAAAA-TCP_FORW: name:enp0s3: saddr:100932208: daddr:16783984
[  235.153327] AAAAA-TCP_FORW: name:enp0s3: saddr:100932208: daddr:16783984
[  248.871114] AAAAA-TCP_FORW: name:enp0s3: saddr:16783984: daddr:100932208
[  249.147160] AAAAA-TCP_FORW: name:enp0s3: saddr:16783984: daddr:100932208
[  249.360985] AAAAA-TCP_FORW: name:enp0s3: saddr:16783984: daddr:100932208
[  249.776745] AAAAA-TCP_FORW: name:enp0s3: saddr:16783984: daddr:100932208
[  250.833867] AAAAA-TCP_FORW: name:enp0s3: saddr:100932208: daddr:16783984
[  250.905312] AAAAA-TCP_FORW: name:enp0s3: saddr:16783984: daddr:100932208
[  250.954556] AAAAA-TCP_FORW: name:enp0s3: saddr:100932208: daddr:16783984
[  251.084089] AAAAA-TCP_FORW: name:enp0s3: saddr:100932208: daddr:16783984
[  251.148220] AAAAA-TCP_FORW: name:enp0s3: saddr:100932208: daddr:16783984
[  251.180442] AAAAA-TCP_FORW: name:enp0s3: saddr:100932208: daddr:16783984
[  251.263730] AAAAA-TCP_FORW: name:enp0s3: saddr:100932208: daddr:16783984
[  251.333798] AAAAA-TCP_FORW: name:enp0s3: saddr:100932208: daddr:16783984
[  251.351291] AAAAA-TCP_FORW: name:enp0s3: saddr:100932208: daddr:16783984
[  251.425317] AAAAA-TCP_FORW: name:enp0s3: saddr:100932208: daddr:16783984
[  251.450761] AAAAA-TCP_FORW: name:enp0s3: saddr:100932208: daddr:16783984
[  251.482713] AAAAA-TCP_FORW: name:enp0s3: saddr:16783984: daddr:100932208
[  251.556258] AAAAA-TCP_FORW: name:enp0s3: saddr:100932208: daddr:16783984
[  251.620482] AAAAA-TCP_FORW: name:enp0s3: saddr:100932208: daddr:16783984
[  251.626212] AAAAA-TCP_FORW: name:enp0s3: saddr:100932208: daddr:16783984
[  251.697623] AAAAA-TCP_FORW: name:enp0s3: saddr:100932208: daddr:16783984
[  251.719665] AAAAA-TCP_FORW: name:enp0s3: saddr:100932208: daddr:16783984
[  251.778140] AAAAA-TCP_FORW: name:enp0s3: saddr:16783984: daddr:100932208
[  251.785860] AAAAA-TCP_FORW: name:enp0s3: saddr:100932208: daddr:16783984
[  251.901813] AAAAA-TCP_FORW: name:enp0s3: saddr:100932208: daddr:16783984
[  251.945681] AAAAA-TCP_FORW: name:enp0s3: saddr:16783984: daddr:100932208
[  252.063191] AAAAA-TCP_FORW: name:enp0s3: saddr:100932208: daddr:16783984
[  252.172527] AAAAA-TCP_FORW: name:enp0s3: saddr:100932208: daddr:16783984
[  252.229157] AAAAA-TCP_FORW: name:enp0s3: saddr:100932208: daddr:33561200
[  252.314475] AAAAA-TCP_FORW: name:enp0s3: saddr:100932208: daddr:33561200
[  252.609346] AAAAA-TCP_FORW: name:enp0s3: saddr:16783984: daddr:100932208
[  252.651835] AAAAA-TCP_FORW: name:enp0s3: saddr:100932208: daddr:16783984
[  252.824594] AAAAA-TCP_FORW: name:enp0s3: saddr:100932208: daddr:16783984
[  252.885449] AAAAA-TCP_FORW: name:enp0s3: saddr:100932208: daddr:33561200
[  252.984710] AAAAA-TCP_FORW: name:enp0s3: saddr:16783984: daddr:100932208
[  253.083285] AAAAA-TCP_FORW: name:enp0s3: saddr:100932208: daddr:16783984
[  253.109282] AAAAA-TCP_FORW: name:enp0s3: saddr:100932208: daddr:33561200
[  253.222119] AAAAA-TCP_FORW: name:enp0s3: saddr:100932208: daddr:16783984
[  253.293811] AAAAA-TCP_FORW: name:enp0s3: saddr:100932208: daddr:33561200
[  253.296214] AAAAA-TCP_FORW: name:enp0s3: saddr:100932208: daddr:16783984
[  253.323547] AAAAA-TCP_FORW: name:enp0s3: saddr:100932208: daddr:33561200
[  253.395792] AAAAA-TCP_FORW: name:enp0s3: saddr:100932208: daddr:33561200
[  253.417667] AAAAA-TCP_FORW: name:enp0s3: saddr:100932208: daddr:16783984
[  253.472368] AAAAA-TCP_FORW: name:enp0s3: saddr:16783984: daddr:100932208
[  253.488553] AAAAA-TCP_FORW: name:enp0s3: saddr:100932208: daddr:16783984
[  253.525704] AAAAA-TCP_FORW: name:enp0s3: saddr:100932208: daddr:33561200
[  253.566227] AAAAA-TCP_FORW: name:enp0s3: saddr:16783984: daddr:100932208
[  253.580422] AAAAA-TCP_FORW: name:enp0s3: saddr:16783984: daddr:100932208
[  253.601110] AAAAA-TCP_FORW: name:enp0s3: saddr:100932208: daddr:33561200
[  253.625527] AAAAA-TCP_FORW: name:enp0s3: saddr:100932208: daddr:16783984
[  253.686482] AAAAA-TCP_FORW: name:enp0s3: saddr:16783984: daddr:100932208
[  253.723526] AAAAA-TCP_FORW: name:enp0s3: saddr:100932208: daddr:16783984
[  253.728977] AAAAA-TCP_FORW: name:enp0s3: saddr:100932208: daddr:33561200
[  253.853697] AAAAA-TCP_FORW: name:enp0s3: saddr:16783984: daddr:100932208
[  253.916768] AAAAA-TCP_FORW: name:enp0s3: saddr:100932208: daddr:16783984
[  253.921763] AAAAA-TCP_FORW: name:enp0s3: saddr:16783984: daddr:100932208
[  253.923334] AAAAA-TCP_FORW: name:enp0s3: saddr:16783984: daddr:100932208
[  254.004175] AAAAA-TCP_FORW: name:enp0s3: saddr:100932208: daddr:16783984
[  254.006800] AAAAA-TCP_FORW: name:enp0s3: saddr:16783984: daddr:100932208
[  254.096059] AAAAA-TCP_FORW: name:enp0s3: saddr:100932208: daddr:16783984
[  254.110441] AAAAA-TCP_FORW: name:enp0s3: saddr:16783984: daddr:100932208
[  254.174633] AAAAA-TCP_FORW: name:enp0s3: saddr:100932208: daddr:16783984
[  254.295836] AAAAA-TCP_FORW: name:enp0s3: saddr:100932208: daddr:16783984
[  254.400316] AAAAA-TCP_FORW: name:enp0s3: saddr:100932208: daddr:16783984
[  254.500347] AAAAA-TCP_FORW: name:enp0s3: saddr:100932208: daddr:16783984
[  254.563312] AAAAA-TCP_FORW: name:enp0s3: saddr:100932208: daddr:16783984
[  254.627486] AAAAA-TCP_FORW: name:enp0s3: saddr:100932208: daddr:16783984
[  254.729577] AAAAA-TCP_FORW: name:enp0s3: saddr:100932208: daddr:16783984
[  254.812186] AAAAA-TCP_FORW: name:enp0s3: saddr:100932208: daddr:16783984
[  254.901300] AAAAA-TCP_FORW: name:enp0s3: saddr:100932208: daddr:16783984
[  254.952371] AAAAA-TCP_FORW: name:enp0s3: saddr:100932208: daddr:16783984
[  255.001432] AAAAA-TCP_FORW: name:enp0s3: saddr:100932208: daddr:16783984
[  255.085247] AAAAA-TCP_FORW: name:enp0s3: saddr:100932208: daddr:16783984
[  255.181237] AAAAA-TCP_FORW: name:enp0s3: saddr:100932208: daddr:16783984
[  255.246015] AAAAA-TCP_FORW: name:enp0s3: saddr:100932208: daddr:16783984
[  255.281163] AAAAA-TCP_FORW: name:enp0s3: saddr:100932208: daddr:16783984
[  255.371963] AAAAA-TCP_FORW: name:enp0s3: saddr:100932208: daddr:16783984
[  255.473761] AAAAA-TCP_FORW: name:enp0s3: saddr:100932208: daddr:16783984
[  255.593596] AAAAA-TCP_FORW: name:enp0s3: saddr:100932208: daddr:16783984
[  255.645030] AAAAA-TCP_FORW: name:enp0s3: saddr:100932208: daddr:16783984
[  255.703064] AAAAA-TCP_FORW: name:enp0s3: saddr:100932208: daddr:16783984
[  255.842615] AAAAA-TCP_FORW: name:enp0s3: saddr:100932208: daddr:16783984
[  255.855052] AAAAA-TCP_FORW: name:enp0s3: saddr:100932208: daddr:16783984
[  255.950118] AAAAA-TCP_FORW: name:enp0s3: saddr:100932208: daddr:16783984
[  256.049408] AAAAA-TCP_FORW: name:enp0s3: saddr:100932208: daddr:16783984
[  256.206874] AAAAA-TCP_FORW: name:enp0s3: saddr:100932208: daddr:16783984
[  256.264151] AAAAA-TCP_FORW: name:enp0s3: saddr:100932208: daddr:16783984
[  256.416281] AAAAA-TCP_FORW: name:enp0s3: saddr:100932208: daddr:16783984
[  256.487133] AAAAA-TCP_FORW: name:enp0s3: saddr:100932208: daddr:16783984
[  256.574820] AAAAA-TCP_FORW: name:enp0s3: saddr:100932208: daddr:16783984
[  256.633937] AAAAA-TCP_FORW: name:enp0s3: saddr:100932208: daddr:16783984
[  256.700544] AAAAA-TCP_FORW: name:enp0s3: saddr:100932208: daddr:16783984
[  256.763755] AAAAA-TCP_FORW: name:enp0s3: saddr:100932208: daddr:16783984
[  256.827628] AAAAA-TCP_FORW: name:enp0s3: saddr:100932208: daddr:33561200
[  256.947346] AAAAA-TCP_FORW: name:enp0s3: saddr:100932208: daddr:33561200
[  257.104634] AAAAA-TCP_FORW: name:enp0s3: saddr:100932208: daddr:33561200
[  257.271721] AAAAA-TCP_FORW: name:enp0s3: saddr:100932208: daddr:16783984
[  257.525965] AAAAA-TCP_FORW: name:enp0s3: saddr:100932208: daddr:16783984
[  257.631725] AAAAA-TCP_FORW: name:enp0s3: saddr:100932208: daddr:16783984
[  257.759294] AAAAA-TCP_FORW: name:enp0s3: saddr:100932208: daddr:16783984
[  257.913335] AAAAA-TCP_FORW: name:enp0s3: saddr:100932208: daddr:16783984
[  258.245931] AAAAA-TCP_FORW: name:enp0s3: saddr:100932208: daddr:33561200
[  258.334405] AAAAA-TCP_FORW: name:enp0s3: saddr:100932208: daddr:33561200
[  258.529899] AAAAA-TCP_FORW: name:enp0s3: saddr:100932208: daddr:16783984
[  259.083210] AAAAA-TCP_FORW: name:enp0s3: saddr:100932208: daddr:16783984
[  259.164926] AAAAA-TCP_FORW: name:enp0s3: saddr:100932208: daddr:16783984
[  259.488254] AAAAA-TCP_FORW: name:enp0s3: saddr:100932208: daddr:33561200
[  259.930667] AAAAA-TCP_FORW: name:enp0s3: saddr:100932208: daddr:16783984
[  259.981333] AAAAA-TCP_FORW: name:enp0s3: saddr:100932208: daddr:16783984
[  260.061884] AAAAA-TCP_FORW: name:enp0s3: saddr:100932208: daddr:33561200
[  260.132320] AAAAA-TCP_FORW: name:enp0s3: saddr:100932208: daddr:33561200
[  260.448210] AAAAA-TCP_FORW: name:enp0s3: saddr:100932208: daddr:16783984
[  261.552979] AAAAA-TCP_FORW: name:enp0s3: saddr:100932208: daddr:16783984
[  261.843082] AAAAA-TCP_FORW: name:enp0s3: saddr:100932208: daddr:16783984
[  261.887313] AAAAA-TCP_FORW: name:enp0s3: saddr:100932208: daddr:16783984
[  261.995795] AAAAA-TCP_FORW: name:enp0s3: saddr:100932208: daddr:16783984
[  262.135607] AAAAA-TCP_FORW: name:enp0s3: saddr:100932208: daddr:16783984
[  262.368195] AAAAA-TCP_FORW: name:enp0s3: saddr:100932208: daddr:16783984
[  262.459292] AAAAA-TCP_FORW: name:enp0s3: saddr:16783984: daddr:100932208
[  262.502467] AAAAA-TCP_FORW: name:enp0s3: saddr:100932208: daddr:16783984
[  262.916463] AAAAA-TCP_FORW: name:enp0s3: saddr:16783984: daddr:100932208
[  263.047282] AAAAA-TCP_FORW: name:enp0s3: saddr:16783984: daddr:100932208
[  263.064125] AAAAA-TCP_FORW: name:enp0s3: saddr:100932208: daddr:16783984
[  263.255345] AAAAA-TCP_FORW: name:enp0s3: saddr:100932208: daddr:16783984
[  263.353753] AAAAA-TCP_FORW: name:enp0s3: saddr:100932208: daddr:16783984
[  263.428852] AAAAA-TCP_FORW: name:enp0s3: saddr:100932208: daddr:16783984
[  263.812633] AAAAA-TCP_FORW: name:enp0s3: saddr:16783984: daddr:100932208
[  263.895273] AAAAA-TCP_FORW: name:enp0s3: saddr:16783984: daddr:100932208
[  264.159910] AAAAA-TCP_FORW: name:enp0s3: saddr:16783984: daddr:100932208
[  264.189595] AAAAA-TCP_FORW: name:enp0s3: saddr:16783984: daddr:100932208
[  264.241222] AAAAA-TCP_FORW: name:enp0s3: saddr:100932208: daddr:16783984
[  264.482551] AAAAA-TCP_FORW: name:enp0s3: saddr:100932208: daddr:33561200
[  264.706129] AAAAA-TCP_FORW: name:enp0s3: saddr:16783984: daddr:100932208
[  264.884154] AAAAA-TCP_FORW: name:enp0s3: saddr:100932208: daddr:33561200
[  265.035319] AAAAA-TCP_FORW: name:enp0s3: saddr:16783984: daddr:100932208
[  265.371644] AAAAA-TCP_FORW: name:enp0s3: saddr:100932208: daddr:16783984
[  265.956137] AAAAA-TCP_FORW: name:enp0s3: saddr:100932208: daddr:33561200
[  266.094976] AAAAA-TCP_FORW: name:enp0s3: saddr:100932208: daddr:33561200
[  266.735556] AAAAA-TCP_FORW: name:enp0s3: saddr:100932208: daddr:16783984
[  266.837448] AAAAA-TCP_FORW: name:enp0s3: saddr:100932208: daddr:16783984
[  267.078457] AAAAA-TCP_FORW: name:enp0s3: saddr:100932208: daddr:16783984
[  267.510770] AAAAA-TCP_FORW: name:enp0s3: saddr:100932208: daddr:16783984
[  267.670340] AAAAA-TCP_FORW: name:enp0s3: saddr:100932208: daddr:16783984
[  267.826583] AAAAA-TCP_FORW: name:enp0s3: saddr:100932208: daddr:16783984
[  267.935009] AAAAA-TCP_FORW: name:enp0s3: saddr:100932208: daddr:16783984
[  269.316513] AAAAA-TCP_FORW: name:enp0s3: saddr:100932208: daddr:33561200
[  269.357626] AAAAA-TCP_FORW: name:enp0s3: saddr:100932208: daddr:33561200
[  269.413403] AAAAA-TCP_FORW: name:enp0s3: saddr:100932208: daddr:33561200
[  269.470047] AAAAA-TCP_FORW: name:enp0s3: saddr:100932208: daddr:33561200
[  270.533095] AAAAA-TCP_FORW: name:enp0s3: saddr:100932208: daddr:33561200
[  270.579503] AAAAA-TCP_FORW: name:enp0s3: saddr:100932208: daddr:33561200
[  273.669743] AAAAA-TCP_FORW: name:enp0s3: saddr:100932208: daddr:16783984
[  279.568857] AAAAA-TCP_FORW: name:enp0s3: saddr:100932208: daddr:33561200
[  279.614973] AAAAA-TCP_FORW: name:enp0s3: saddr:100932208: daddr:33561200
[  279.659800] AAAAA-TCP_FORW: name:enp0s3: saddr:100932208: daddr:33561200
[  279.718023] AAAAA-TCP_FORW: name:enp0s3: saddr:100932208: daddr:33561200
[  279.746399] AAAAA-TCP_FORW: name:enp0s3: saddr:100932208: daddr:33561200
[  279.787371] AAAAA-TCP_FORW: name:enp0s3: saddr:100932208: daddr:33561200
[  279.836386] AAAAA-TCP_FORW: name:enp0s3: saddr:100932208: daddr:33561200
[  279.895930] AAAAA-TCP_FORW: name:enp0s3: saddr:100932208: daddr:33561200
[  279.944229] AAAAA-TCP_FORW: name:enp0s3: saddr:100932208: daddr:33561200
[  279.987008] AAAAA-TCP_FORW: name:enp0s3: saddr:100932208: daddr:33561200
[  280.052334] AAAAA-TCP_FORW: name:enp0s3: saddr:100932208: daddr:33561200
[  280.064363] AAAAA-TCP_FORW: name:enp0s3: saddr:100932208: daddr:33561200
[  280.110941] AAAAA-TCP_FORW: name:enp0s3: saddr:100932208: daddr:33561200
[  280.172989] AAAAA-TCP_FORW: name:enp0s3: saddr:100932208: daddr:33561200
[  280.261831] AAAAA-TCP_FORW: name:enp0s3: saddr:100932208: daddr:33561200
[  280.335947] AAAAA-TCP_FORW: name:enp0s3: saddr:100932208: daddr:33561200
[  280.366627] AAAAA-TCP_FORW: name:enp0s3: saddr:100932208: daddr:16783984
[  280.390226] AAAAA-TCP_FORW: name:enp0s3: saddr:100932208: daddr:16783984
[  280.438797] AAAAA-TCP_FORW: name:enp0s3: saddr:100932208: daddr:16783984
[  280.497644] AAAAA-TCP_FORW: name:enp0s3: saddr:100932208: daddr:16783984
[  280.514756] AAAAA-TCP_FORW: name:enp0s3: saddr:100932208: daddr:16783984
[  280.573346] AAAAA-TCP_FORW: name:enp0s3: saddr:100932208: daddr:16783984
[  280.583805] AAAAA-TCP_FORW: name:enp0s3: saddr:100932208: daddr:16783984
[  280.695672] AAAAA-TCP_FORW: name:enp0s3: saddr:100932208: daddr:16783984
[  280.762170] AAAAA-TCP_FORW: name:enp0s3: saddr:100932208: daddr:16783984
[  280.807348] AAAAA-TCP_FORW: name:enp0s3: saddr:100932208: daddr:16783984
[  280.872594] AAAAA-TCP_FORW: name:enp0s3: saddr:100932208: daddr:16783984
[  280.932878] AAAAA-TCP_FORW: name:enp0s3: saddr:100932208: daddr:16783984
[  280.965578] AAAAA-TCP_FORW: name:enp0s3: saddr:100932208: daddr:16783984
[  280.987833] AAAAA-TCP_FORW: name:enp0s3: saddr:100932208: daddr:16783984
[  281.028908] AAAAA-TCP_FORW: name:enp0s3: saddr:100932208: daddr:16783984
[  281.070057] AAAAA-TCP_FORW: name:enp0s3: saddr:100932208: daddr:16783984
[  281.118459] AAAAA-TCP_FORW: name:enp0s3: saddr:100932208: daddr:16783984
[  281.137087] AAAAA-TCP_FORW: name:enp0s3: saddr:100932208: daddr:16783984
[  281.253020] AAAAA-TCP_FORW: name:enp0s3: saddr:100932208: daddr:16783984
[  281.282624] AAAAA-TCP_FORW: name:enp0s3: saddr:100932208: daddr:16783984
[  281.328426] AAAAA-TCP_FORW: name:enp0s3: saddr:100932208: daddr:16783984
[  482.276206] rfkill: input handler enabled
[  490.932545] rfkill: input handler disabled
[  649.287596] device enp0s3 left promiscuous mode
