[    0.000000] Linux version 5.4.243-mptcp (root@ztg) (gcc version 12.2.0 (Debian 12.2.0-14+deb12u1)) #53 SMP Wed Dec 24 23:28:15 CST 2025
[    0.000000] Command line: BOOT_IMAGE=/boot/vmlinuz-5.4.243-mptcp root=UUID=98415a12-53b7-4144-8265-0f7ece09e445 ro quiet splash
[    0.000000] KERNEL supported cpus:
[    0.000000]   Intel GenuineIntel
[    0.000000]   AMD AuthenticAMD
[    0.000000]   Hygon HygonGenuine
[    0.000000]   Centaur CentaurHauls
[    0.000000]   zhaoxin   Shanghai  
[    0.000000] x86/fpu: Supporting XSAVE feature 0x001: 'x87 floating point registers'
[    0.000000] x86/fpu: Supporting XSAVE feature 0x002: 'SSE registers'
[    0.000000] x86/fpu: Supporting XSAVE feature 0x004: 'AVX registers'
[    0.000000] x86/fpu: xstate_offset[2]:  576, xstate_sizes[2]:  256
[    0.000000] x86/fpu: Enabled xstate features 0x7, context size is 832 bytes, using 'standard' format.
[    0.000000] BIOS-provided physical RAM map:
[    0.000000] BIOS-e820: [mem 0x0000000000000000-0x000000000009fbff] usable
[    0.000000] BIOS-e820: [mem 0x000000000009fc00-0x000000000009ffff] reserved
[    0.000000] BIOS-e820: [mem 0x00000000000f0000-0x00000000000fffff] reserved
[    0.000000] BIOS-e820: [mem 0x0000000000100000-0x000000007ffeffff] usable
[    0.000000] BIOS-e820: [mem 0x000000007fff0000-0x000000007fffffff] ACPI data
[    0.000000] BIOS-e820: [mem 0x00000000fec00000-0x00000000fec00fff] reserved
[    0.000000] BIOS-e820: [mem 0x00000000fee00000-0x00000000fee00fff] reserved
[    0.000000] BIOS-e820: [mem 0x00000000fffc0000-0x00000000ffffffff] reserved
[    0.000000] NX (Execute Disable) protection: active
[    0.000000] SMBIOS 2.5 present.
[    0.000000] DMI: innotek GmbH VirtualBox/VirtualBox, BIOS VirtualBox 12/01/2006
[    0.000000] Hypervisor detected: KVM
[    0.000000] kvm-clock: Using msrs 4b564d01 and 4b564d00
[    0.000000] kvm-clock: cpu 0, msr 57e01001, primary cpu clock
[    0.000000] kvm-clock: using sched offset of 4447307566 cycles
[    0.000003] clocksource: kvm-clock: mask: 0xffffffffffffffff max_cycles: 0x1cd42e4dffb, max_idle_ns: 881590591483 ns
[    0.000005] tsc: Detected 2100.000 MHz processor
[    0.001895] e820: update [mem 0x00000000-0x00000fff] usable ==> reserved
[    0.001897] e820: remove [mem 0x000a0000-0x000fffff] usable
[    0.001901] last_pfn = 0x7fff0 max_arch_pfn = 0x400000000
[    0.001969] MTRR default type: uncachable
[    0.001970] MTRR fixed ranges enabled:
[    0.001971]   00000-9FFFF write-back
[    0.001972]   A0000-BFFFF uncachable
[    0.001973]   C0000-FFFFF write-protect
[    0.001973] MTRR variable ranges enabled:
[    0.001975]   0 base 000000000000 mask 3FFF80000000 write-back
[    0.001975]   1 disabled
[    0.001976]   2 disabled
[    0.001976]   3 disabled
[    0.001977]   4 disabled
[    0.001977]   5 disabled
[    0.001978]   6 disabled
[    0.001978]   7 disabled
[    0.001978]   8 disabled
[    0.001979]   9 disabled
[    0.001979]   10 disabled
[    0.001980]   11 disabled
[    0.001980]   12 disabled
[    0.001981]   13 disabled
[    0.001981]   14 disabled
[    0.001981]   15 disabled
[    0.001998] x86/PAT: Configuration [0-7]: WB  WC  UC- UC  WB  WP  UC- WT  
[    0.002133] found SMP MP-table at [mem 0x0009fff0-0x0009ffff]
[    0.093510] check: Scanning 1 areas for low memory corruption
[    0.093787] RAMDISK: [mem 0x32271000-0x3512ffff]
[    0.093795] ACPI: Early table checksum verification disabled
[    0.093801] ACPI: RSDP 0x00000000000E0000 000024 (v02 VBOX  )
[    0.093805] ACPI: XSDT 0x000000007FFF0030 00003C (v01 VBOX   VBOXXSDT 00000001 ASL  00000061)
[    0.093811] ACPI: FACP 0x000000007FFF00F0 0000F4 (v04 VBOX   VBOXFACP 00000001 ASL  00000061)
[    0.093818] ACPI: DSDT 0x000000007FFF02E0 002353 (v02 VBOX   VBOXBIOS 00000002 VBOX 00029BF3)
[    0.093822] ACPI: FACS 0x000000007FFF0200 000040
[    0.093825] ACPI: FACS 0x000000007FFF0200 000040
[    0.093828] ACPI: APIC 0x000000007FFF0240 000054 (v02 VBOX   VBOXAPIC 00000001 ASL  00000061)
[    0.093832] ACPI: SSDT 0x000000007FFF02A0 000038 (v01 VBOX   VBOXCPUT 00000002 VBOX 00029BF3)
[    0.093835] ACPI: Reserving FACP table memory at [mem 0x7fff00f0-0x7fff01e3]
[    0.093836] ACPI: Reserving DSDT table memory at [mem 0x7fff02e0-0x7fff2632]
[    0.093837] ACPI: Reserving FACS table memory at [mem 0x7fff0200-0x7fff023f]
[    0.093837] ACPI: Reserving FACS table memory at [mem 0x7fff0200-0x7fff023f]
[    0.093838] ACPI: Reserving APIC table memory at [mem 0x7fff0240-0x7fff0293]
[    0.093839] ACPI: Reserving SSDT table memory at [mem 0x7fff02a0-0x7fff02d7]
[    0.093854] ACPI: Local APIC address 0xfee00000
[    0.094040] No NUMA configuration found
[    0.094041] Faking a node at [mem 0x0000000000000000-0x000000007ffeffff]
[    0.094052] NODE_DATA(0) allocated [mem 0x7ffc5000-0x7ffeffff]
[    0.094313] Zone ranges:
[    0.094314]   DMA      [mem 0x0000000000001000-0x0000000000ffffff]
[    0.094315]   DMA32    [mem 0x0000000001000000-0x000000007ffeffff]
[    0.094316]   Normal   empty
[    0.094317]   Device   empty
[    0.094318] Movable zone start for each node
[    0.094320] Early memory node ranges
[    0.094320]   node   0: [mem 0x0000000000001000-0x000000000009efff]
[    0.094321]   node   0: [mem 0x0000000000100000-0x000000007ffeffff]
[    0.094324] Zeroed struct page in unavailable ranges: 114 pages
[    0.094325] Initmem setup node 0 [mem 0x0000000000001000-0x000000007ffeffff]
[    0.094326] On node 0 totalpages: 524174
[    0.094327]   DMA zone: 64 pages used for memmap
[    0.094328]   DMA zone: 21 pages reserved
[    0.094329]   DMA zone: 3998 pages, LIFO batch:0
[    0.094401]   DMA32 zone: 8128 pages used for memmap
[    0.094401]   DMA32 zone: 520176 pages, LIFO batch:63
[    0.103498] ACPI: PM-Timer IO Port: 0x4008
[    0.103502] ACPI: Local APIC address 0xfee00000
[    0.103571] IOAPIC[0]: apic_id 1, version 32, address 0xfec00000, GSI 0-23
[    0.103574] ACPI: INT_SRC_OVR (bus 0 bus_irq 0 global_irq 2 dfl dfl)
[    0.103576] ACPI: INT_SRC_OVR (bus 0 bus_irq 9 global_irq 9 low level)
[    0.103578] ACPI: IRQ0 used by override.
[    0.103579] ACPI: IRQ9 used by override.
[    0.103582] Using ACPI (MADT) for SMP configuration information
[    0.103589] smpboot: Allowing 1 CPUs, 0 hotplug CPUs
[    0.103612] PM: Registered nosave memory: [mem 0x00000000-0x00000fff]
[    0.103614] PM: Registered nosave memory: [mem 0x0009f000-0x0009ffff]
[    0.103614] PM: Registered nosave memory: [mem 0x000a0000-0x000effff]
[    0.103615] PM: Registered nosave memory: [mem 0x000f0000-0x000fffff]
[    0.103617] [mem 0x80000000-0xfebfffff] available for PCI devices
[    0.103618] Booting paravirtualized kernel on KVM
[    0.103621] clocksource: refined-jiffies: mask: 0xffffffff max_cycles: 0xffffffff, max_idle_ns: 7645519600211568 ns
[    0.103626] setup_percpu: NR_CPUS:8192 nr_cpumask_bits:1 nr_cpu_ids:1 nr_node_ids:1
[    0.104647] percpu: Embedded 60 pages/cpu s208896 r8192 d28672 u2097152
[    0.104652] pcpu-alloc: s208896 r8192 d28672 u2097152 alloc=1*2097152
[    0.104652] pcpu-alloc: [0] 0 
[    0.104679] Built 1 zonelists, mobility grouping on.  Total pages: 515961
[    0.104680] Policy zone: DMA32
[    0.104681] Kernel command line: BOOT_IMAGE=/boot/vmlinuz-5.4.243-mptcp root=UUID=98415a12-53b7-4144-8265-0f7ece09e445 ro quiet splash
[    0.105535] Dentry cache hash table entries: 262144 (order: 9, 2097152 bytes, linear)
[    0.105683] Inode-cache hash table entries: 131072 (order: 8, 1048576 bytes, linear)
[    0.105734] mem auto-init: stack:off, heap alloc:on, heap free:off
[    0.105737] Calgary: detecting Calgary via BIOS EBDA area
[    0.105738] Calgary: Unable to locate Rio Grande table in EBDA - bailing!
[    0.109969] Memory: 1967332K/2096696K available (14339K kernel code, 2398K rwdata, 4712K rodata, 2728K init, 17260K bss, 129364K reserved, 0K cma-reserved)
[    0.110906] SLUB: HWalign=64, Order=0-3, MinObjects=0, CPUs=1, Nodes=1
[    0.110923] ftrace: allocating 43186 entries in 169 pages
[    0.129199] rcu: Hierarchical RCU implementation.
[    0.129201] rcu: 	RCU restricting CPUs from NR_CPUS=8192 to nr_cpu_ids=1.
[    0.129203] 	Tasks RCU enabled.
[    0.129204] rcu: RCU calculated value of scheduler-enlistment delay is 25 jiffies.
[    0.129205] rcu: Adjusting geometry for rcu_fanout_leaf=16, nr_cpu_ids=1
[    0.132167] NR_IRQS: 524544, nr_irqs: 256, preallocated irqs: 16
[    0.132382] random: crng init done
[    0.141773] Console: colour VGA+ 80x25
[    0.141778] printk: console [tty0] enabled
[    0.141798] ACPI: Core revision 20190816
[    0.141893] APIC: Switch to symmetric I/O mode setup
[    0.142146] x2apic enabled
[    0.142386] Switched APIC routing to physical x2apic.
[    0.143533] ..TIMER: vector=0x30 apic1=0 pin1=2 apic2=-1 pin2=-1
[    0.143559] clocksource: tsc-early: mask: 0xffffffffffffffff max_cycles: 0x1e4530a99b6, max_idle_ns: 440795257976 ns
[    0.143565] Calibrating delay loop (skipped) preset value.. 4200.00 BogoMIPS (lpj=8400000)
[    0.143568] pid_max: default: 32768 minimum: 301
[    0.143597] LSM: Security Framework initializing
[    0.143607] Yama: becoming mindful.
[    0.143634] AppArmor: AppArmor initialized
[    0.143668] Mount-cache hash table entries: 4096 (order: 3, 32768 bytes, linear)
[    0.143673] Mountpoint-cache hash table entries: 4096 (order: 3, 32768 bytes, linear)
[    0.143683] *** VALIDATE tmpfs ***
[    0.143815] *** VALIDATE proc ***
[    0.143855] *** VALIDATE cgroup1 ***
[    0.143856] *** VALIDATE cgroup2 ***
[    0.143996] process: using mwait in idle threads
[    0.144001] Last level iTLB entries: 4KB 64, 2MB 8, 4MB 8
[    0.144002] Last level dTLB entries: 4KB 64, 2MB 0, 4MB 0, 1GB 4
[    0.144022] Spectre V1 : Mitigation: usercopy/swapgs barriers and __user pointer sanitization
[    0.144028] Spectre V2 : Mitigation: Retpolines
[    0.144028] Spectre V2 : Spectre v2 / SpectreRSB mitigation: Filling RSB on context switch
[    0.144029] Spectre V2 : Spectre v2 / SpectreRSB : Filling RSB on VMEXIT
[    0.144029] RETBleed: WARNING: Spectre v2 mitigation leaves CPU vulnerable to RETBleed attacks, data leaks possible!
[    0.144385] RETBleed: Vulnerable
[    0.144385] Speculative Store Bypass: Vulnerable
[    0.144390] TAA: Mitigation: TSX disabled
[    0.144390] MMIO Stale Data: Mitigation: Clear CPU buffers
[    0.148676] Freeing SMP alternatives memory: 40K
[    0.260803] smpboot: CPU0: Intel(R) Xeon(R) Silver 4216 CPU @ 2.10GHz (family: 0x6, model: 0x55, stepping: 0x7)
[    0.260948] Performance Events: unsupported p6 CPU model 85 no PMU driver, software events only.
[    0.260986] rcu: Hierarchical SRCU implementation.
[    0.261474] NMI watchdog: Perf NMI watchdog permanently disabled
[    0.261515] smp: Bringing up secondary CPUs ...
[    0.261516] smp: Brought up 1 node, 1 CPU
[    0.261517] smpboot: Max logical packages: 1
[    0.261518] smpboot: Total of 1 processors activated (4200.00 BogoMIPS)
[    0.262614] devtmpfs: initialized
[    0.262665] x86/mm: Memory block size: 128MB
[    0.263023] clocksource: jiffies: mask: 0xffffffff max_cycles: 0xffffffff, max_idle_ns: 7645041785100000 ns
[    0.263029] futex hash table entries: 256 (order: 2, 16384 bytes, linear)
[    0.263075] pinctrl core: initialized pinctrl subsystem
[    0.263178] PM: RTC time: 20:53:08, date: 2026-01-19
[    0.263286] NET: Registered protocol family 16
[    0.263360] audit: initializing netlink subsys (disabled)
[    0.263488] EISA bus registered
[    0.263489] cpuidle: using governor ladder
[    0.263490] cpuidle: using governor menu
[    0.263526] ACPI: bus type PCI registered
[    0.263528] acpiphp: ACPI Hot Plug PCI Controller Driver version: 0.5
[    0.263562] PCI: Using configuration type 1 for base access
[    0.264076] audit: type=2000 audit(1768827195.124:1): state=initialized audit_enabled=0 res=1
[    0.264158] HugeTLB registered 2.00 MiB page size, pre-allocated 0 pages
[    0.265058] ACPI: Added _OSI(Module Device)
[    0.265059] ACPI: Added _OSI(Processor Device)
[    0.265059] ACPI: Added _OSI(3.0 _SCP Extensions)
[    0.265060] ACPI: Added _OSI(Processor Aggregator Device)
[    0.265061] ACPI: Added _OSI(Linux-Dell-Video)
[    0.265062] ACPI: Added _OSI(Linux-Lenovo-NV-HDMI-Audio)
[    0.265063] ACPI: Added _OSI(Linux-HPI-Hybrid-Graphics)
[    0.267199] ACPI: 2 ACPI AML tables successfully acquired and loaded
[    0.268823] ACPI: Interpreter enabled
[    0.268834] ACPI: (supports S0 S5)
[    0.268835] ACPI: Using IOAPIC for interrupt routing
[    0.269072] PCI: Using host bridge windows from ACPI; if necessary, use "pci=nocrs" and report a bug
[    0.269182] ACPI: Enabled 2 GPEs in block 00 to 07
[    0.274316] ACPI: PCI Root Bridge [PCI0] (domain 0000 [bus 00-ff])
[    0.274321] acpi PNP0A03:00: _OSC: OS supports [ASPM ClockPM Segments MSI HPX-Type3]
[    0.274765] acpi PNP0A03:00: _OSC: not requesting OS control; OS requires [ExtendedConfig ASPM ClockPM MSI]
[    0.274773] acpi PNP0A03:00: fail to add MMCONFIG information, can't access extended PCI configuration space under this bridge.
[    0.275147] PCI host bridge to bus 0000:00
[    0.275149] pci_bus 0000:00: root bus resource [io  0x0000-0x0cf7 window]
[    0.275150] pci_bus 0000:00: root bus resource [io  0x0d00-0xffff window]
[    0.275151] pci_bus 0000:00: root bus resource [mem 0x000a0000-0x000bffff window]
[    0.275152] pci_bus 0000:00: root bus resource [mem 0x80000000-0xfdffffff window]
[    0.275154] pci_bus 0000:00: root bus resource [bus 00-ff]
[    0.275198] pci 0000:00:00.0: [8086:1237] type 00 class 0x060000
[    0.276329] pci 0000:00:01.0: [8086:7000] type 00 class 0x060100
[    0.277109] pci 0000:00:01.1: [8086:7111] type 00 class 0x01018a
[    0.277481] pci 0000:00:01.1: reg 0x20: [io  0xd000-0xd00f]
[    0.277634] pci 0000:00:01.1: legacy IDE quirk: reg 0x10: [io  0x01f0-0x01f7]
[    0.277635] pci 0000:00:01.1: legacy IDE quirk: reg 0x14: [io  0x03f6]
[    0.277636] pci 0000:00:01.1: legacy IDE quirk: reg 0x18: [io  0x0170-0x0177]
[    0.277637] pci 0000:00:01.1: legacy IDE quirk: reg 0x1c: [io  0x0376]
[    0.278179] pci 0000:00:02.0: [15ad:0405] type 00 class 0x030000
[    0.279641] pci 0000:00:02.0: reg 0x10: [io  0xd010-0xd01f]
[    0.283609] pci 0000:00:02.0: reg 0x14: [mem 0xe0000000-0xe7ffffff pref]
[    0.286389] pci 0000:00:02.0: reg 0x18: [mem 0xf0000000-0xf01fffff]
[    0.298356] pci 0000:00:03.0: [1022:2000] type 00 class 0x020000
[    0.299716] pci 0000:00:03.0: reg 0x10: [io  0xd020-0xd03f]
[    0.300470] pci 0000:00:03.0: reg 0x14: [mem 0xf0200000-0xf0200fff]
[    0.304158] pci 0000:00:04.0: [80ee:cafe] type 00 class 0x088000
[    0.304831] pci 0000:00:04.0: reg 0x10: [io  0xd040-0xd05f]
[    0.305478] pci 0000:00:04.0: reg 0x14: [mem 0xf0400000-0xf07fffff]
[    0.306160] pci 0000:00:04.0: reg 0x18: [mem 0xf0800000-0xf0803fff pref]
[    0.309586] pci 0000:00:07.0: [8086:7113] type 00 class 0x068000
[    0.310183] pci 0000:00:07.0: quirk: [io  0x4000-0x403f] claimed by PIIX4 ACPI
[    0.310194] pci 0000:00:07.0: quirk: [io  0x4100-0x410f] claimed by PIIX4 SMB
[    0.310879] pci 0000:00:08.0: [8086:100e] type 00 class 0x020000
[    0.311683] pci 0000:00:08.0: reg 0x10: [mem 0xf0820000-0xf083ffff]
[    0.312996] pci 0000:00:08.0: reg 0x18: [io  0xd060-0xd067]
[    0.316646] pci 0000:00:09.0: [8086:100e] type 00 class 0x020000
[    0.317372] pci 0000:00:09.0: reg 0x10: [mem 0xf0840000-0xf085ffff]
[    0.318605] pci 0000:00:09.0: reg 0x18: [io  0xd068-0xd06f]
[    0.328612] ACPI: PCI Interrupt Link [LNKA] (IRQs 5 9 10 *11)
[    0.328895] ACPI: PCI Interrupt Link [LNKB] (IRQs 5 9 *10 11)
[    0.328998] ACPI: PCI Interrupt Link [LNKC] (IRQs 5 *9 10 11)
[    0.329103] ACPI: PCI Interrupt Link [LNKD] (IRQs 5 9 10 *11)
[    0.329372] iommu: Default domain type: Translated 
[    0.329435] pci 0000:00:02.0: vgaarb: setting as boot VGA device
[    0.329437] pci 0000:00:02.0: vgaarb: VGA device added: decodes=io+mem,owns=io+mem,locks=none
[    0.329440] pci 0000:00:02.0: vgaarb: bridge control possible
[    0.329440] vgaarb: loaded
[    0.331742] SCSI subsystem initialized
[    0.331774] libata version 3.00 loaded.
[    0.331797] ACPI: bus type USB registered
[    0.331814] usbcore: registered new interface driver usbfs
[    0.331820] usbcore: registered new interface driver hub
[    0.331828] usbcore: registered new device driver usb
[    0.331856] pps_core: LinuxPPS API ver. 1 registered
[    0.331857] pps_core: Software ver. 5.3.6 - Copyright 2005-2007 Rodolfo Giometti <giometti@linux.it>
[    0.331859] PTP clock support registered
[    0.331894] EDAC MC: Ver: 3.0.0
[    0.332185] PCI: Using ACPI for IRQ routing
[    0.332187] PCI: pci_cache_line_size set to 64 bytes
[    0.332363] e820: reserve RAM buffer [mem 0x0009fc00-0x0009ffff]
[    0.332366] e820: reserve RAM buffer [mem 0x7fff0000-0x7fffffff]
[    0.333170] NetLabel: Initializing
[    0.333171] NetLabel:  domain hash size = 128
[    0.333171] NetLabel:  protocols = UNLABELED CIPSOv4 CALIPSO
[    0.333191] NetLabel:  unlabeled traffic allowed by default
[    0.334127] clocksource: Switched to clocksource kvm-clock
[    0.344307] *** VALIDATE bpf ***
[    0.344307] VFS: Disk quotas dquot_6.6.0
[    0.344307] VFS: Dquot-cache hash table entries: 512 (order 0, 4096 bytes)
[    0.344307] *** VALIDATE ramfs ***
[    0.344307] *** VALIDATE hugetlbfs ***
[    0.344307] AppArmor: AppArmor Filesystem Enabled
[    0.344307] pnp: PnP ACPI init
[    0.344307] pnp 00:00: Plug and Play ACPI device, IDs PNP0303 (active)
[    0.347093] pnp 00:01: Plug and Play ACPI device, IDs PNP0f03 (active)
[    0.347871] pnp: PnP ACPI: found 2 devices
[    0.348840] thermal_sys: Registered thermal governor 'fair_share'
[    0.348841] thermal_sys: Registered thermal governor 'bang_bang'
[    0.348842] thermal_sys: Registered thermal governor 'step_wise'
[    0.348842] thermal_sys: Registered thermal governor 'user_space'
[    0.348843] thermal_sys: Registered thermal governor 'power_allocator'
[    0.353374] clocksource: acpi_pm: mask: 0xffffff max_cycles: 0xffffff, max_idle_ns: 2085701024 ns
[    0.353417] pci_bus 0000:00: resource 4 [io  0x0000-0x0cf7 window]
[    0.353418] pci_bus 0000:00: resource 5 [io  0x0d00-0xffff window]
[    0.353419] pci_bus 0000:00: resource 6 [mem 0x000a0000-0x000bffff window]
[    0.353420] pci_bus 0000:00: resource 7 [mem 0x80000000-0xfdffffff window]
[    0.353480] NET: Registered protocol family 2
[    0.353557] IP idents hash table entries: 32768 (order: 6, 262144 bytes, linear)
[    0.353970] MPTCP tokens hash table entries: 8192 (order: 4, 65536 bytes, linear)
[    0.353990] MPTCP request tokens hash table entries: 8192 (order: 4, 65536 bytes, linear)
[    0.354015] default registered
[    0.354015] default registered
[    0.354016] MPTCP: Stable release v0.96
[    0.354021] tcp_listen_portaddr_hash hash table entries: 1024 (order: 2, 16384 bytes, linear)
[    0.354103] TCP established hash table entries: 16384 (order: 5, 131072 bytes, linear)
[    0.354170] TCP bind hash table entries: 16384 (order: 6, 262144 bytes, linear)
[    0.354195] TCP: Hash tables configured (established 16384 bind 16384)
[    0.354921] UDP hash table entries: 1024 (order: 3, 32768 bytes, linear)
[    0.354933] UDP-Lite hash table entries: 1024 (order: 3, 32768 bytes, linear)
[    0.354972] NET: Registered protocol family 1
[    0.354982] NET: Registered protocol family 44
[    0.355006] pci 0000:00:00.0: Limiting direct PCI/PCI transfers
[    0.355018] pci 0000:00:01.0: Activating ISA DMA hang workarounds
[    0.355073] pci 0000:00:02.0: Video device with shadowed ROM at [mem 0x000c0000-0x000dffff]
[    0.355135] PCI: CLS 0 bytes, default 64
[    0.355184] Trying to unpack rootfs image as initramfs...
[    0.546895] Freeing initrd memory: 47868K
[    0.546984] clocksource: tsc: mask: 0xffffffffffffffff max_cycles: 0x1e4530a99b6, max_idle_ns: 440795257976 ns
[    0.546994] clocksource: Switched to clocksource tsc
[    0.547034] platform rtc_cmos: registered platform RTC device (no PNP device found)
[    0.547064] check: Scanning for low memory corruption every 60 seconds
[    0.547379] Initialise system trusted keyrings
[    0.547389] Key type blacklist registered
[    0.547431] workingset: timestamp_bits=36 max_order=19 bucket_order=0
[    0.548295] zbud: loaded
[    0.548295] squashfs: version 4.0 (2009/01/31) Phillip Lougher
[    0.548295] fuse: init (API version 7.31)
[    0.548295] *** VALIDATE fuse ***
[    0.548295] *** VALIDATE fuse ***
[    0.548295] Platform Keyring initialized
[    0.548295] Key type asymmetric registered
[    0.548295] Asymmetric key parser 'x509' registered
[    0.548295] Block layer SCSI generic (bsg) driver version 0.4 loaded (major 244)
[    0.548295] io scheduler mq-deadline registered
[    0.548295] shpchp: Standard Hot Plug PCI Controller Driver version: 0.4
[    0.552760] ACPI: AC Adapter [AC] (on-line)
[    0.552811] input: Power Button as /devices/LNXSYSTM:00/LNXPWRBN:00/input/input0
[    0.552839] ACPI: Power Button [PWRF]
[    0.552914] input: Sleep Button as /devices/LNXSYSTM:00/LNXSLPBN:00/input/input1
[    0.552930] ACPI: Sleep Button [SLPF]
[    0.553178] Serial: 8250/16550 driver, 32 ports, IRQ sharing enabled
[    0.554317] Linux agpgart interface v0.103
[    0.643231] loop: module loaded
[    0.643393] ata_piix 0000:00:01.1: version 2.13
[    0.643805] scsi host0: ata_piix
[    0.643897] scsi host1: ata_piix
[    0.643923] ata1: PATA max UDMA/33 cmd 0x1f0 ctl 0x3f6 bmdma 0xd000 irq 14
[    0.643924] ata2: PATA max UDMA/33 cmd 0x170 ctl 0x376 bmdma 0xd008 irq 15
[    0.644007] tun: Universal TUN/TAP device driver, 1.6
[    0.644330] PPP generic driver version 2.4.2
[    0.644376] VFIO - User Level meta-driver version: 0.3
[    0.644648] ehci_hcd: USB 2.0 'Enhanced' Host Controller (EHCI) Driver
[    0.644653] ehci-pci: EHCI PCI platform driver
[    0.644671] ehci-platform: EHCI generic platform driver
[    0.644677] ohci_hcd: USB 1.1 'Open' Host Controller (OHCI) Driver
[    0.644679] ohci-pci: OHCI PCI platform driver
[    0.644686] ohci-platform: OHCI generic platform driver
[    0.644691] uhci_hcd: USB Universal Host Controller Interface driver
[    0.644760] i8042: PNP: PS/2 Controller [PNP0303:PS2K,PNP0f03:PS2M] at 0x60,0x64 irq 1,12
[    0.645207] serio: i8042 KBD port at 0x60,0x64 irq 1
[    0.645211] serio: i8042 AUX port at 0x60,0x64 irq 12
[    0.645301] mousedev: PS/2 mouse device common for all mice
[    0.645580] input: AT Translated Set 2 keyboard as /devices/platform/i8042/serio0/input/input2
[    0.645991] rtc_cmos rtc_cmos: registered as rtc0
[    0.646004] rtc_cmos rtc_cmos: alarms up to one day, 114 bytes nvram
[    0.646009] i2c /dev entries driver
[    0.646055] device-mapper: uevent: version 1.0.3
[    0.646100] device-mapper: ioctl: 4.41.0-ioctl (2019-09-16) initialised: dm-devel@redhat.com
[    0.646117] platform eisa.0: Probing EISA bus 0
[    0.646119] platform eisa.0: EISA: Cannot allocate resource for mainboard
[    0.646120] platform eisa.0: Cannot allocate resource for EISA slot 1
[    0.646121] platform eisa.0: Cannot allocate resource for EISA slot 2
[    0.646122] platform eisa.0: Cannot allocate resource for EISA slot 3
[    0.646123] platform eisa.0: Cannot allocate resource for EISA slot 4
[    0.646124] platform eisa.0: Cannot allocate resource for EISA slot 5
[    0.646125] platform eisa.0: Cannot allocate resource for EISA slot 6
[    0.646126] platform eisa.0: Cannot allocate resource for EISA slot 7
[    0.646127] platform eisa.0: Cannot allocate resource for EISA slot 8
[    0.646128] platform eisa.0: EISA: Detected 0 cards
[    0.646132] intel_pstate: CPU model not supported
[    0.646141] ledtrig-cpu: registered to indicate activity on CPUs
[    0.646198] drop_monitor: Initializing network drop monitor service
[    0.646359] NET: Registered protocol family 10
[    0.651398] Segment Routing with IPv6
[    0.651398] fullmesh registered
[    0.651398] ndiffports registered
[    0.651398] binder registered
[    0.651398] roundrobin registered
[    0.651398] redundant registered
[    0.651398] blest registered
[    0.651398] ecf registered
[    0.651398] NET: Registered protocol family 17
[    0.651398] Key type dns_resolver registered
[    0.651398] RAS: Correctable Errors collector initialized.
[    0.651398] IPI shorthand broadcast: enabled
[    0.651398] sched_clock: Marking stable (636207718, 11190414)->(649207111, -1808979)
[    0.652428] registered taskstats version 1
[    0.652439] Loading compiled-in X.509 certificates
[    0.653163] Loaded X.509 cert 'Build time autogenerated kernel key: 6909f3744cebb3d0de528d5887b96a727de79b1e'
[    0.653184] zswap: loaded using pool lzo/zbud
[    0.653241] Key type ._fscrypt registered
[    0.653242] Key type .fscrypt registered
[    0.657967] Key type big_key registered
[    0.660436] Key type encrypted registered
[    0.660439] AppArmor: AppArmor sha1 policy hashing enabled
[    0.660446] ima: No TPM chip found, activating TPM-bypass!
[    0.660450] ima: Allocated hash algorithm: sha1
[    0.660455] ima: No architecture policies found
[    0.660465] evm: Initialising EVM extended attributes:
[    0.660465] evm: security.selinux
[    0.660466] evm: security.SMACK64
[    0.660466] evm: security.SMACK64EXEC
[    0.660467] evm: security.SMACK64TRANSMUTE
[    0.660467] evm: security.SMACK64MMAP
[    0.660468] evm: security.apparmor
[    0.660468] evm: security.ima
[    0.660469] evm: security.capability
[    0.660470] evm: HMAC attrs: 0x1
[    0.660769] PM:   Magic number: 10:857:902
[    0.660804] acpi PNP0501:02: hash matches
[    0.660899] rtc_cmos rtc_cmos: setting system clock to 2026-01-19T20:53:09 UTC (1768855989)
[    0.814780] ata1.00: ATA-6: VBOX HARDDISK, 1.0, max UDMA/133
[    0.814782] ata1.00: 209715200 sectors, multi 128: LBA 
[    0.815224] scsi 0:0:0:0: Direct-Access     ATA      VBOX HARDDISK    1.0  PQ: 0 ANSI: 5
[    0.815403] sd 0:0:0:0: [sda] 209715200 512-byte logical blocks: (107 GB/100 GiB)
[    0.815410] sd 0:0:0:0: [sda] Write Protect is off
[    0.815411] sd 0:0:0:0: [sda] Mode Sense: 00 3a 00 00
[    0.815422] sd 0:0:0:0: [sda] Write cache: enabled, read cache: enabled, doesn't support DPO or FUA
[    0.815616] sd 0:0:0:0: Attached scsi generic sg0 type 0
[    0.816230]  sda: sda1 sda2
[    0.827304] sd 0:0:0:0: [sda] Attached SCSI disk
[    0.829116] Freeing unused decrypted memory: 2040K
[    0.829810] Freeing unused kernel image memory: 2728K
[    0.829812] Write protecting the kernel read-only data: 22528k
[    0.830473] Freeing unused kernel image memory: 2036K
[    0.830874] Freeing unused kernel image memory: 1432K
[    0.843804] x86/mm: Checked W+X mappings: passed, no W+X pages found.
[    0.843807] Run /init as init process
[    0.933969] ACPI: Video Device [GFX0] (multi-head: yes  rom: no  post: no)
[    0.934045] input: Video Bus as /devices/LNXSYSTM:00/LNXSYBUS:00/PNP0A03:00/LNXVIDEO:00/input/input4
[    0.946017] pcnet32: pcnet32.c:v1.35 21.Apr.2008 tsbogend@alpha.franken.de
[    0.947975] piix4_smbus 0000:00:07.0: SMBus Host Controller at 0x4100, revision 0
[    0.950545] e1000: Intel(R) PRO/1000 Network Driver - version 7.3.21-k8-NAPI
[    0.950546] e1000: Copyright (c) 1999-2006 Intel Corporation.
[    0.965248] pcnet32: PCnet/FAST III 79C973 at 0xd020, 08:00:27:e1:bb:19 assigned IRQ 19
[    0.965295] pcnet32: Found PHY 0022:561b at address 0
[    0.965604] pcnet32: eth0: registered as PCnet/FAST III 79C973
[    0.970470] pcnet32: 1 cards_found
[    1.022402] pcnet32 0000:00:03.0 enp0s3: renamed from eth0
[    1.165983] input: ImExPS/2 Generic Explorer Mouse as /devices/platform/i8042/serio1/input/input5
[    1.363759] e1000 0000:00:08.0 eth0: (PCI:33MHz:32-bit) 08:00:27:ab:66:45
[    1.363763] e1000 0000:00:08.0 eth0: Intel(R) PRO/1000 Network Connection
[    1.735604] e1000 0000:00:09.0 eth1: (PCI:33MHz:32-bit) 08:00:27:61:e4:34
[    1.735607] e1000 0000:00:09.0 eth1: Intel(R) PRO/1000 Network Connection
[    1.736744] e1000 0000:00:09.0 enp0s9: renamed from eth1
[    1.738518] e1000 0000:00:08.0 enp0s8: renamed from eth0
[    1.888552] EXT4-fs (sda2): mounted filesystem with ordered data mode. Opts: (null)
[    1.973933] systemd[1]: Inserted module 'autofs4'
[    1.985799] systemd[1]: systemd 245.4-4ubuntu3 running in system mode. (+PAM +AUDIT +SELINUX +IMA +APPARMOR +SMACK +SYSVINIT +UTMP +LIBCRYPTSETUP +GCRYPT +GNUTLS +ACL +XZ +LZ4 +SECCOMP +BLKID +ELFUTILS +KMOD +IDN2 -IDN +PCRE2 default-hierarchy=hybrid)
[    1.985829] systemd[1]: Detected virtualization oracle.
[    1.985833] systemd[1]: Detected architecture x86-64.
[    1.987133] systemd[1]: Set hostname to <ztg>.
[    2.114350] systemd[1]: /lib/systemd/system/dbus.socket:5: ListenStream= references a path below legacy directory /var/run/, updating /var/run/dbus/system_bus_socket â†’ /run/dbus/system_bus_socket; please update the unit file accordingly.
[    2.167541] systemd[1]: Created slice system-modprobe.slice.
[    2.167726] systemd[1]: Created slice User and Session Slice.
[    2.167770] systemd[1]: Started Forward Password Requests to Wall Directory Watch.
[    2.167934] systemd[1]: Set up automount Arbitrary Executable File Formats File System Automount Point.
[    2.167969] systemd[1]: Reached target User and Group Name Lookups.
[    2.167978] systemd[1]: Reached target Remote File Systems.
[    2.167986] systemd[1]: Reached target Slices.
[    2.168545] systemd[1]: Listening on Syslog Socket.
[    2.168611] systemd[1]: Listening on fsck to fsckd communication Socket.
[    2.168649] systemd[1]: Listening on initctl Compatibility Named Pipe.
[    2.168784] systemd[1]: Listening on Journal Audit Socket.
[    2.168836] systemd[1]: Listening on Journal Socket (/dev/log).
[    2.168903] systemd[1]: Listening on Journal Socket.
[    2.168965] systemd[1]: Listening on udev Control Socket.
[    2.169005] systemd[1]: Listening on udev Kernel Socket.
[    2.169744] systemd[1]: Mounting Huge Pages File System...
[    2.170677] systemd[1]: Mounting POSIX Message Queue File System...
[    2.171684] systemd[1]: Mounting Kernel Debug File System...
[    2.172548] systemd[1]: Mounting Kernel Trace File System...
[    2.174495] systemd[1]: Starting Journal Service...
[    2.200023] systemd[1]: Starting Set the console keyboard layout...
[    2.207923] systemd[1]: Starting Create list of static device nodes for the current kernel...
[    2.209730] systemd[1]: Starting Load Kernel Module drm...
[    2.210773] systemd[1]: Condition check resulted in Set Up Additional Binary Formats being skipped.
[    2.210820] systemd[1]: Condition check resulted in File System Check on Root Device being skipped.
[    2.224734] systemd[1]: Starting Load Kernel Modules...
[    2.233447] systemd[1]: Starting Remount Root and Kernel File Systems...
[    2.242511] systemd[1]: Starting udev Coldplug all Devices...
[    2.251182] systemd[1]: Starting Uncomplicated firewall...
[    2.252669] systemd[1]: Mounted Huge Pages File System.
[    2.252765] systemd[1]: Mounted POSIX Message Queue File System.
[    2.252839] systemd[1]: Mounted Kernel Debug File System.
[    2.252909] systemd[1]: Mounted Kernel Trace File System.
[    2.271766] EXT4-fs (sda2): re-mounted. Opts: errors=remount-ro
[    2.290903] systemd[1]: Finished Create list of static device nodes for the current kernel.
[    2.291901] systemd[1]: modprobe@drm.service: Succeeded.
[    2.297988] systemd[1]: Finished Load Kernel Module drm.
[    2.298569] systemd[1]: Finished Remount Root and Kernel File Systems.
[    2.299644] systemd[1]: Finished Uncomplicated firewall.
[    2.316051] systemd[1]: Condition check resulted in Rebuild Hardware Database being skipped.
[    2.316094] systemd[1]: Condition check resulted in Platform Persistent Storage Archival being skipped.
[    2.317930] lp: driver loaded but no devices found
[    2.319364] systemd[1]: Starting Load/Save Random Seed...
[    2.325934] systemd[1]: Starting Create System Users...
[    2.332864] ppdev: user-space parallel port driver
[    2.337585] systemd[1]: Finished Load/Save Random Seed.
[    2.342198] systemd[1]: Finished Create System Users.
[    2.342955] systemd[1]: Starting Create Static Device Nodes in /dev...
[    2.398418] systemd[1]: Finished udev Coldplug all Devices.
[    2.400499] systemd[1]: Finished Create Static Device Nodes in /dev.
[    2.401362] systemd[1]: Starting udev Kernel Device Manager...
[    2.439601] [drm] DMA map mode: Caching DMA mappings.
[    2.439664] [drm] Capabilities:
[    2.439664] [drm]   Rect copy.
[    2.439665] [drm]   Cursor.
[    2.439665] [drm]   Cursor bypass.
[    2.439665] [drm]   Cursor bypass 2.
[    2.439666] [drm]   Alpha cursor.
[    2.439666] [drm]   Extended Fifo.
[    2.439667] [drm]   Pitchlock.
[    2.439667] [drm]   Irq mask.
[    2.439667] [drm]   GMR.
[    2.439668] [drm]   Traces.
[    2.439668] [drm]   GMR2.
[    2.439668] [drm]   Screen Object 2.
[    2.439669] [drm]   Command Buffers.
[    2.439669] [drm]   Command Buffers 2.
[    2.439669] [drm]   Guest Backed Resources.
[    2.439670] [drm] Max GMR ids is 8192
[    2.439671] [drm] Max number of GMR pages is 1048576
[    2.439672] [drm] Max dedicated hypervisor surface memory is 393216 kiB
[    2.439672] [drm] Maximum display memory size is 131072 kiB
[    2.439673] [drm] VRAM at 0xe0000000 size is 131072 kiB
[    2.439673] [drm] MMIO at 0xf0000000 size is 2048 kiB
[    2.456008] [TTM] Zone  kernel: Available graphics memory: 1011738 KiB
[    2.456009] [TTM] Initializing pool allocator
[    2.456014] [TTM] Initializing DMA pool allocator
[    2.456071] [drm] Supports vblank timestamp caching Rev 2 (21.10.2013).
[    2.456071] [drm] No driver support for vblank timestamp query.
[    2.456305] [drm] Screen Target Display device initialized
[    2.456546] [drm] width 720
[    2.456558] [drm] height 400
[    2.456562] [drm] bpp 32
[    2.457074] [drm] Fifo max 0x00200000 min 0x00001000 cap 0x00000355
[    2.458303] [drm] Using command buffers with DMA pool.
[    2.458309] [drm] DX: no.
[    2.458310] [drm] Atomic: yes.
[    2.458310] [drm] SM4_1: no.
[    2.458333] [drm:vmw_host_log [vmwgfx]] *ERROR* Failed to send host log message.
[    2.459811] [drm:vmw_host_log [vmwgfx]] *ERROR* Failed to send host log message.
[    2.471693] systemd[1]: Finished Set the console keyboard layout.
[    2.471806] systemd[1]: Reached target Local File Systems (Pre).
[    2.474244] systemd[1]: Mounting Mount unit for bare, revision 5...
[    2.476413] fbcon: svgadrmfb (fb0) is primary device
[    2.479268] Console: switching to colour frame buffer device 100x37
[    2.482901] systemd[1]: Mounting Mount unit for core18, revision 1705...
[    2.491391] systemd[1]: Mounting Mount unit for gnome-3-34-1804, revision 24...
[    2.493434] [drm] Initialized vmwgfx 2.15.0 20180704 for 0000:00:02.0 on minor 0
[    2.502870] systemd[1]: Mounting Mount unit for gtk-common-themes, revision 1506...
[    2.528396] systemd[1]: Mounting Mount unit for gtk-common-themes, revision 1535...
[    2.532965] systemd[1]: Mounting Mount unit for snap-store, revision 433...
[    2.541307] systemd[1]: Mounting Mount unit for snapd, revision 7264...
[    2.544983] systemd[1]: Finished Load Kernel Modules.
[    2.546822] systemd[1]: Mounting FUSE Control File System...
[    2.550634] systemd[1]: Mounting Kernel Configuration File System...
[    2.569146] systemd[1]: Starting Apply Kernel Variables...
[    2.569768] systemd[1]: Mounted Kernel Configuration File System.
[    2.597025] systemd[1]: Mounted FUSE Control File System.
[    2.597089] systemd[1]: Condition check resulted in VMware vmblock fuse mount being skipped.
[    2.602809] systemd[1]: Finished Apply Kernel Variables.
[    2.608080] systemd[1]: Mounted Mount unit for bare, revision 5.
[    2.608170] systemd[1]: Mounted Mount unit for gnome-3-34-1804, revision 24.
[    2.608246] systemd[1]: Mounted Mount unit for gtk-common-themes, revision 1506.
[    2.640742] systemd[1]: Started udev Kernel Device Manager.
[    2.641622] systemd[1]: Starting Show Plymouth Boot Screen...
[    2.645995] systemd[1]: Received SIGRTMIN+20 from PID 289 (plymouthd).
[    2.666402] systemd[1]: Mounted Mount unit for core18, revision 1705.
[    2.680240] systemd[1]: Started Show Plymouth Boot Screen.
[    2.680398] systemd[1]: Condition check resulted in Dispatch Password Requests to Console Directory Watch being skipped.
[    2.680491] systemd[1]: Started Forward Password Requests to Plymouth Directory Watch.
[    2.680524] systemd[1]: Reached target Local Encrypted Volumes.
[    2.699912] systemd[1]: Mounted Mount unit for gtk-common-themes, revision 1535.
[    2.701787] systemd[1]: Mounted Mount unit for snap-store, revision 433.
[    2.701975] systemd[1]: Mounted Mount unit for snapd, revision 7264.
[    2.702126] systemd[1]: Reached target Local File Systems.
[    2.702994] systemd[1]: Starting Load AppArmor profiles...
[    2.705461] systemd[1]: Starting Set console font and keymap...
[    2.718995] systemd[1]: Starting Tell Plymouth To Write Out Runtime Data...
[    2.720643] systemd[1]: Condition check resulted in Store a System Token in an EFI Variable being skipped.
[    2.720694] systemd[1]: Condition check resulted in Commit a transient machine-id on disk being skipped.
[    2.723129] systemd[1]: Finished Set console font and keymap.
[    2.745669] systemd[1]: Received SIGRTMIN+20 from PID 289 (plymouthd).
[    2.747987] systemd[1]: plymouth-read-write.service: Succeeded.
[    2.748235] systemd[1]: Finished Tell Plymouth To Write Out Runtime Data.
[    2.767658] audit: type=1400 audit(1768855991.600:2): apparmor="STATUS" operation="profile_load" profile="unconfined" name="nvidia_modprobe" pid=302 comm="apparmor_parser"
[    2.767660] audit: type=1400 audit(1768855991.600:3): apparmor="STATUS" operation="profile_load" profile="unconfined" name="nvidia_modprobe//kmod" pid=302 comm="apparmor_parser"
[    2.774562] audit: type=1400 audit(1768855991.608:4): apparmor="STATUS" operation="profile_load" profile="unconfined" name="/usr/sbin/tcpdump" pid=303 comm="apparmor_parser"
[    2.802832] audit: type=1400 audit(1768855991.632:5): apparmor="STATUS" operation="profile_load" profile="unconfined" name="/usr/bin/evince" pid=305 comm="apparmor_parser"
[    2.802834] audit: type=1400 audit(1768855991.632:6): apparmor="STATUS" operation="profile_load" profile="unconfined" name="/usr/bin/evince//sanitized_helper" pid=305 comm="apparmor_parser"
[    2.802835] audit: type=1400 audit(1768855991.632:7): apparmor="STATUS" operation="profile_load" profile="unconfined" name="/usr/bin/evince-previewer" pid=305 comm="apparmor_parser"
[    2.802837] audit: type=1400 audit(1768855991.632:8): apparmor="STATUS" operation="profile_load" profile="unconfined" name="/usr/bin/evince-previewer//sanitized_helper" pid=305 comm="apparmor_parser"
[    2.802838] audit: type=1400 audit(1768855991.632:9): apparmor="STATUS" operation="profile_load" profile="unconfined" name="/usr/bin/evince-thumbnailer" pid=305 comm="apparmor_parser"
[    2.841934] audit: type=1400 audit(1768855991.676:10): apparmor="STATUS" operation="profile_load" profile="unconfined" name="/usr/lib/cups/backend/cups-pdf" pid=306 comm="apparmor_parser"
[    2.906026] systemd[1]: Finished Load AppArmor profiles.
[    2.907017] systemd[1]: Starting Load AppArmor profiles managed internally by snapd...
[    2.983652] systemd[1]: Finished Load AppArmor profiles managed internally by snapd.
[    3.134898] systemd[1]: Started Journal Service.
[    3.141821] systemd-journald[229]: Received client request to flush runtime journal.
[    3.147170] systemd-journald[229]: File /var/log/journal/c455b248004a419c87ce85eea238d727/system.journal corrupted or uncleanly shut down, renaming and replacing.
[    4.550457] RAPL PMU: API unit is 2^-32 Joules, 0 fixed counters, 10737418240 ms ovfl timer
[    4.620789] cryptd: max_cpu_qlen set to 1000
[    4.674794] AVX2 version of gcm_enc/dec engaged.
[    4.674796] AES CTR mode by8 optimization enabled
[    5.498876] Adding 1998844k swap on /dev/sda1.  Priority:-2 extents:1 across:1998844k FS
[    7.310691] kauditd_printk_skb: 30 callbacks suppressed
[    7.310693] audit: type=1400 audit(1768855996.144:41): apparmor="DENIED" operation="capable" profile="/usr/sbin/cups-browsed" pid=499 comm="cups-browsed" capability=23  capname="sys_nice"
[    7.821738] pcnet32 0000:00:03.0 enp0s3: link up, 100Mbps, full-duplex
[    7.857545] e1000: enp0s8 NIC Link is Up 1000 Mbps Full Duplex, Flow Control: RX
[    7.857837] IPv6: ADDRCONF(NETDEV_CHANGE): enp0s8: link becomes ready
[    7.871074] e1000: enp0s9 NIC Link is Up 1000 Mbps Full Duplex, Flow Control: RX
[    7.871392] IPv6: ADDRCONF(NETDEV_CHANGE): enp0s9: link becomes ready
[    8.415596] device enp0s3 entered promiscuous mode
[    8.449048] audit: type=1400 audit(1768855997.284:42): apparmor="DENIED" operation="open" profile="/usr/sbin/tcpdump" name="/proc/sys/kernel/random/boot_id" pid=705 comm="tcpdump" requested_mask="r" denied_mask="r" fsuid=0 ouid=0
[    8.451222] audit: type=1400 audit(1768855997.284:43): apparmor="DENIED" operation="open" profile="/usr/sbin/tcpdump" name="/proc/sys/kernel/random/boot_id" pid=705 comm="tcpdump" requested_mask="r" denied_mask="r" fsuid=0 ouid=0
[    8.451356] audit: type=1400 audit(1768855997.284:44): apparmor="DENIED" operation="open" profile="/usr/sbin/tcpdump" name="/proc/sys/kernel/random/boot_id" pid=705 comm="tcpdump" requested_mask="r" denied_mask="r" fsuid=0 ouid=0
[    8.451562] audit: type=1400 audit(1768855997.284:45): apparmor="DENIED" operation="open" profile="/usr/sbin/tcpdump" name="/proc/sys/kernel/random/boot_id" pid=705 comm="tcpdump" requested_mask="r" denied_mask="r" fsuid=0 ouid=0
[    8.459545] audit: type=1400 audit(1768855997.292:46): apparmor="DENIED" operation="open" profile="/usr/sbin/tcpdump" name="/proc/sys/kernel/random/boot_id" pid=706 comm="tcpdump" requested_mask="r" denied_mask="r" fsuid=0 ouid=0
[    8.464193] audit: type=1400 audit(1768855997.292:47): apparmor="DENIED" operation="open" profile="/usr/sbin/tcpdump" name="/proc/sys/kernel/random/boot_id" pid=706 comm="tcpdump" requested_mask="r" denied_mask="r" fsuid=0 ouid=0
[    8.464365] audit: type=1400 audit(1768855997.292:48): apparmor="DENIED" operation="open" profile="/usr/sbin/tcpdump" name="/proc/sys/kernel/random/boot_id" pid=706 comm="tcpdump" requested_mask="r" denied_mask="r" fsuid=0 ouid=0
[    8.464554] audit: type=1400 audit(1768855997.292:49): apparmor="DENIED" operation="open" profile="/usr/sbin/tcpdump" name="/proc/sys/kernel/random/boot_id" pid=706 comm="tcpdump" requested_mask="r" denied_mask="r" fsuid=0 ouid=0
[   13.098934] rfkill: input handler disabled
[  326.765529] AAAAA-TCP_FORW: name:enp0s3: saddr:100932208: daddr:16783984
[  327.358154] AAAAA-TCP_FORW: name:enp0s3: saddr:100932208: daddr:33561200
[  327.826587] AAAAA-TCP_FORW: name:enp0s3: saddr:100932208: daddr:16783984
[  327.975909] AAAAA-TCP_FORW: name:enp0s3: saddr:100932208: daddr:16783984
[  329.000010] AAAAA-TCP_FORW: name:enp0s3: saddr:100932208: daddr:33561200
[  329.167069] AAAAA-TCP_FORW: name:enp0s3: saddr:100932208: daddr:16783984
[  329.297751] AAAAA-TCP_FORW: name:enp0s3: saddr:100932208: daddr:16783984
[  329.729992] AAAAA-TCP_FORW: name:enp0s3: saddr:100932208: daddr:16783984
[  331.950062] AAAAA-TCP_FORW: name:enp0s3: saddr:100932208: daddr:33561200
[  334.690512] AAAAA-TCP_FORW: name:enp0s3: saddr:33561200: daddr:100932208
[  334.864366] AAAAA-TCP_FORW: name:enp0s3: saddr:33561200: daddr:100932208
[  618.481539] rfkill: input handler enabled
[  629.911992] rfkill: input handler disabled
[  802.565919] device enp0s3 left promiscuous mode
