[    0.000000] Linux version 5.4.243-mptcp (root@ztg) (gcc version 12.2.0 (Debian 12.2.0-14+deb12u1)) #53 SMP Wed Dec 24 23:28:15 CST 2025
[    0.000000] Command line: BOOT_IMAGE=/boot/vmlinuz-5.4.243-mptcp root=UUID=98415a12-53b7-4144-8265-0f7ece09e445 ro quiet splash
[    0.000000] KERNEL supported cpus:
[    0.000000]   Intel GenuineIntel
[    0.000000]   AMD AuthenticAMD
[    0.000000]   Hygon HygonGenuine
[    0.000000]   Centaur CentaurHauls
[    0.000000]   zhaoxin   Shanghai  
[    0.000000] x86/fpu: Supporting XSAVE feature 0x001: 'x87 floating point registers'
[    0.000000] x86/fpu: Supporting XSAVE feature 0x002: 'SSE registers'
[    0.000000] x86/fpu: Supporting XSAVE feature 0x004: 'AVX registers'
[    0.000000] x86/fpu: xstate_offset[2]:  576, xstate_sizes[2]:  256
[    0.000000] x86/fpu: Enabled xstate features 0x7, context size is 832 bytes, using 'standard' format.
[    0.000000] BIOS-provided physical RAM map:
[    0.000000] BIOS-e820: [mem 0x0000000000000000-0x000000000009fbff] usable
[    0.000000] BIOS-e820: [mem 0x000000000009fc00-0x000000000009ffff] reserved
[    0.000000] BIOS-e820: [mem 0x00000000000f0000-0x00000000000fffff] reserved
[    0.000000] BIOS-e820: [mem 0x0000000000100000-0x000000007ffeffff] usable
[    0.000000] BIOS-e820: [mem 0x000000007fff0000-0x000000007fffffff] ACPI data
[    0.000000] BIOS-e820: [mem 0x00000000fec00000-0x00000000fec00fff] reserved
[    0.000000] BIOS-e820: [mem 0x00000000fee00000-0x00000000fee00fff] reserved
[    0.000000] BIOS-e820: [mem 0x00000000fffc0000-0x00000000ffffffff] reserved
[    0.000000] NX (Execute Disable) protection: active
[    0.000000] SMBIOS 2.5 present.
[    0.000000] DMI: innotek GmbH VirtualBox/VirtualBox, BIOS VirtualBox 12/01/2006
[    0.000000] Hypervisor detected: KVM
[    0.000000] kvm-clock: Using msrs 4b564d01 and 4b564d00
[    0.000000] kvm-clock: cpu 0, msr 6de01001, primary cpu clock
[    0.000000] kvm-clock: using sched offset of 4447685286 cycles
[    0.000003] clocksource: kvm-clock: mask: 0xffffffffffffffff max_cycles: 0x1cd42e4dffb, max_idle_ns: 881590591483 ns
[    0.000006] tsc: Detected 2100.000 MHz processor
[    0.001906] e820: update [mem 0x00000000-0x00000fff] usable ==> reserved
[    0.001908] e820: remove [mem 0x000a0000-0x000fffff] usable
[    0.001912] last_pfn = 0x7fff0 max_arch_pfn = 0x400000000
[    0.001981] MTRR default type: uncachable
[    0.001982] MTRR fixed ranges enabled:
[    0.001983]   00000-9FFFF write-back
[    0.001984]   A0000-BFFFF uncachable
[    0.001985]   C0000-FFFFF write-protect
[    0.001985] MTRR variable ranges enabled:
[    0.001987]   0 base 000000000000 mask 3FFF80000000 write-back
[    0.001987]   1 disabled
[    0.001988]   2 disabled
[    0.001988]   3 disabled
[    0.001989]   4 disabled
[    0.001989]   5 disabled
[    0.001990]   6 disabled
[    0.001990]   7 disabled
[    0.001990]   8 disabled
[    0.001991]   9 disabled
[    0.001991]   10 disabled
[    0.001992]   11 disabled
[    0.001992]   12 disabled
[    0.001993]   13 disabled
[    0.001993]   14 disabled
[    0.001993]   15 disabled
[    0.002009] x86/PAT: Configuration [0-7]: WB  WC  UC- UC  WB  WP  UC- WT  
[    0.002142] found SMP MP-table at [mem 0x0009fff0-0x0009ffff]
[    0.091662] check: Scanning 1 areas for low memory corruption
[    0.091819] RAMDISK: [mem 0x32271000-0x3512ffff]
[    0.091827] ACPI: Early table checksum verification disabled
[    0.091833] ACPI: RSDP 0x00000000000E0000 000024 (v02 VBOX  )
[    0.091838] ACPI: XSDT 0x000000007FFF0030 00003C (v01 VBOX   VBOXXSDT 00000001 ASL  00000061)
[    0.091844] ACPI: FACP 0x000000007FFF00F0 0000F4 (v04 VBOX   VBOXFACP 00000001 ASL  00000061)
[    0.091851] ACPI: DSDT 0x000000007FFF02E0 002353 (v02 VBOX   VBOXBIOS 00000002 VBOX 00029BF3)
[    0.091855] ACPI: FACS 0x000000007FFF0200 000040
[    0.091858] ACPI: FACS 0x000000007FFF0200 000040
[    0.091861] ACPI: APIC 0x000000007FFF0240 000054 (v02 VBOX   VBOXAPIC 00000001 ASL  00000061)
[    0.091865] ACPI: SSDT 0x000000007FFF02A0 000038 (v01 VBOX   VBOXCPUT 00000002 VBOX 00029BF3)
[    0.091868] ACPI: Reserving FACP table memory at [mem 0x7fff00f0-0x7fff01e3]
[    0.091869] ACPI: Reserving DSDT table memory at [mem 0x7fff02e0-0x7fff2632]
[    0.091870] ACPI: Reserving FACS table memory at [mem 0x7fff0200-0x7fff023f]
[    0.091871] ACPI: Reserving FACS table memory at [mem 0x7fff0200-0x7fff023f]
[    0.091871] ACPI: Reserving APIC table memory at [mem 0x7fff0240-0x7fff0293]
[    0.091872] ACPI: Reserving SSDT table memory at [mem 0x7fff02a0-0x7fff02d7]
[    0.091887] ACPI: Local APIC address 0xfee00000
[    0.092074] No NUMA configuration found
[    0.092075] Faking a node at [mem 0x0000000000000000-0x000000007ffeffff]
[    0.092086] NODE_DATA(0) allocated [mem 0x7ffc5000-0x7ffeffff]
[    0.092347] Zone ranges:
[    0.092348]   DMA      [mem 0x0000000000001000-0x0000000000ffffff]
[    0.092349]   DMA32    [mem 0x0000000001000000-0x000000007ffeffff]
[    0.092350]   Normal   empty
[    0.092350]   Device   empty
[    0.092351] Movable zone start for each node
[    0.092353] Early memory node ranges
[    0.092354]   node   0: [mem 0x0000000000001000-0x000000000009efff]
[    0.092355]   node   0: [mem 0x0000000000100000-0x000000007ffeffff]
[    0.092358] Zeroed struct page in unavailable ranges: 114 pages
[    0.092359] Initmem setup node 0 [mem 0x0000000000001000-0x000000007ffeffff]
[    0.092360] On node 0 totalpages: 524174
[    0.092361]   DMA zone: 64 pages used for memmap
[    0.092362]   DMA zone: 21 pages reserved
[    0.092362]   DMA zone: 3998 pages, LIFO batch:0
[    0.092433]   DMA32 zone: 8128 pages used for memmap
[    0.092434]   DMA32 zone: 520176 pages, LIFO batch:63
[    0.101434] ACPI: PM-Timer IO Port: 0x4008
[    0.101438] ACPI: Local APIC address 0xfee00000
[    0.101507] IOAPIC[0]: apic_id 1, version 32, address 0xfec00000, GSI 0-23
[    0.101511] ACPI: INT_SRC_OVR (bus 0 bus_irq 0 global_irq 2 dfl dfl)
[    0.101513] ACPI: INT_SRC_OVR (bus 0 bus_irq 9 global_irq 9 low level)
[    0.101515] ACPI: IRQ0 used by override.
[    0.101516] ACPI: IRQ9 used by override.
[    0.101519] Using ACPI (MADT) for SMP configuration information
[    0.101534] smpboot: Allowing 1 CPUs, 0 hotplug CPUs
[    0.101559] PM: Registered nosave memory: [mem 0x00000000-0x00000fff]
[    0.101560] PM: Registered nosave memory: [mem 0x0009f000-0x0009ffff]
[    0.101561] PM: Registered nosave memory: [mem 0x000a0000-0x000effff]
[    0.101562] PM: Registered nosave memory: [mem 0x000f0000-0x000fffff]
[    0.101564] [mem 0x80000000-0xfebfffff] available for PCI devices
[    0.101564] Booting paravirtualized kernel on KVM
[    0.101568] clocksource: refined-jiffies: mask: 0xffffffff max_cycles: 0xffffffff, max_idle_ns: 7645519600211568 ns
[    0.101573] setup_percpu: NR_CPUS:8192 nr_cpumask_bits:1 nr_cpu_ids:1 nr_node_ids:1
[    0.102559] percpu: Embedded 60 pages/cpu s208896 r8192 d28672 u2097152
[    0.102564] pcpu-alloc: s208896 r8192 d28672 u2097152 alloc=1*2097152
[    0.102565] pcpu-alloc: [0] 0 
[    0.102592] Built 1 zonelists, mobility grouping on.  Total pages: 515961
[    0.102592] Policy zone: DMA32
[    0.102593] Kernel command line: BOOT_IMAGE=/boot/vmlinuz-5.4.243-mptcp root=UUID=98415a12-53b7-4144-8265-0f7ece09e445 ro quiet splash
[    0.103408] Dentry cache hash table entries: 262144 (order: 9, 2097152 bytes, linear)
[    0.103554] Inode-cache hash table entries: 131072 (order: 8, 1048576 bytes, linear)
[    0.103604] mem auto-init: stack:off, heap alloc:on, heap free:off
[    0.103607] Calgary: detecting Calgary via BIOS EBDA area
[    0.103608] Calgary: Unable to locate Rio Grande table in EBDA - bailing!
[    0.107703] Memory: 1967332K/2096696K available (14339K kernel code, 2398K rwdata, 4712K rodata, 2728K init, 17260K bss, 129364K reserved, 0K cma-reserved)
[    0.108611] SLUB: HWalign=64, Order=0-3, MinObjects=0, CPUs=1, Nodes=1
[    0.108628] ftrace: allocating 43186 entries in 169 pages
[    0.126781] rcu: Hierarchical RCU implementation.
[    0.126783] rcu: 	RCU restricting CPUs from NR_CPUS=8192 to nr_cpu_ids=1.
[    0.126784] 	Tasks RCU enabled.
[    0.126785] rcu: RCU calculated value of scheduler-enlistment delay is 25 jiffies.
[    0.126786] rcu: Adjusting geometry for rcu_fanout_leaf=16, nr_cpu_ids=1
[    0.129780] NR_IRQS: 524544, nr_irqs: 256, preallocated irqs: 16
[    0.129996] random: crng init done
[    0.139333] Console: colour VGA+ 80x25
[    0.139338] printk: console [tty0] enabled
[    0.139363] ACPI: Core revision 20190816
[    0.139465] APIC: Switch to symmetric I/O mode setup
[    0.139718] x2apic enabled
[    0.139957] Switched APIC routing to physical x2apic.
[    0.141095] ..TIMER: vector=0x30 apic1=0 pin1=2 apic2=-1 pin2=-1
[    0.141119] clocksource: tsc-early: mask: 0xffffffffffffffff max_cycles: 0x1e4530a99b6, max_idle_ns: 440795257976 ns
[    0.141124] Calibrating delay loop (skipped) preset value.. 4200.00 BogoMIPS (lpj=8400000)
[    0.141127] pid_max: default: 32768 minimum: 301
[    0.141154] LSM: Security Framework initializing
[    0.141163] Yama: becoming mindful.
[    0.141188] AppArmor: AppArmor initialized
[    0.141230] Mount-cache hash table entries: 4096 (order: 3, 32768 bytes, linear)
[    0.141235] Mountpoint-cache hash table entries: 4096 (order: 3, 32768 bytes, linear)
[    0.141245] *** VALIDATE tmpfs ***
[    0.141374] *** VALIDATE proc ***
[    0.141415] *** VALIDATE cgroup1 ***
[    0.141416] *** VALIDATE cgroup2 ***
[    0.141566] process: using mwait in idle threads
[    0.141571] Last level iTLB entries: 4KB 64, 2MB 8, 4MB 8
[    0.141572] Last level dTLB entries: 4KB 64, 2MB 0, 4MB 0, 1GB 4
[    0.141591] Spectre V1 : Mitigation: usercopy/swapgs barriers and __user pointer sanitization
[    0.141597] Spectre V2 : Mitigation: Retpolines
[    0.141597] Spectre V2 : Spectre v2 / SpectreRSB mitigation: Filling RSB on context switch
[    0.141598] Spectre V2 : Spectre v2 / SpectreRSB : Filling RSB on VMEXIT
[    0.141598] RETBleed: WARNING: Spectre v2 mitigation leaves CPU vulnerable to RETBleed attacks, data leaks possible!
[    0.141952] RETBleed: Vulnerable
[    0.141952] Speculative Store Bypass: Vulnerable
[    0.141957] TAA: Mitigation: TSX disabled
[    0.141958] MMIO Stale Data: Mitigation: Clear CPU buffers
[    0.146167] Freeing SMP alternatives memory: 40K
[    0.258167] smpboot: CPU0: Intel(R) Xeon(R) Silver 4216 CPU @ 2.10GHz (family: 0x6, model: 0x55, stepping: 0x7)
[    0.258322] Performance Events: unsupported p6 CPU model 85 no PMU driver, software events only.
[    0.258361] rcu: Hierarchical SRCU implementation.
[    0.258911] NMI watchdog: Perf NMI watchdog permanently disabled
[    0.258952] smp: Bringing up secondary CPUs ...
[    0.258953] smp: Brought up 1 node, 1 CPU
[    0.258954] smpboot: Max logical packages: 1
[    0.258956] smpboot: Total of 1 processors activated (4200.00 BogoMIPS)
[    0.259999] devtmpfs: initialized
[    0.260049] x86/mm: Memory block size: 128MB
[    0.260426] clocksource: jiffies: mask: 0xffffffff max_cycles: 0xffffffff, max_idle_ns: 7645041785100000 ns
[    0.260432] futex hash table entries: 256 (order: 2, 16384 bytes, linear)
[    0.260489] pinctrl core: initialized pinctrl subsystem
[    0.260602] PM: RTC time: 17:42:41, date: 2026-01-17
[    0.260730] NET: Registered protocol family 16
[    0.260819] audit: initializing netlink subsys (disabled)
[    0.260967] EISA bus registered
[    0.260968] cpuidle: using governor ladder
[    0.260969] cpuidle: using governor menu
[    0.261013] ACPI: bus type PCI registered
[    0.261015] acpiphp: ACPI Hot Plug PCI Controller Driver version: 0.5
[    0.261121] PCI: Using configuration type 1 for base access
[    0.261993] audit: type=2000 audit(1768642968.158:1): state=initialized audit_enabled=0 res=1
[    0.262092] HugeTLB registered 2.00 MiB page size, pre-allocated 0 pages
[    0.263099] ACPI: Added _OSI(Module Device)
[    0.263100] ACPI: Added _OSI(Processor Device)
[    0.263100] ACPI: Added _OSI(3.0 _SCP Extensions)
[    0.263101] ACPI: Added _OSI(Processor Aggregator Device)
[    0.263102] ACPI: Added _OSI(Linux-Dell-Video)
[    0.263103] ACPI: Added _OSI(Linux-Lenovo-NV-HDMI-Audio)
[    0.263103] ACPI: Added _OSI(Linux-HPI-Hybrid-Graphics)
[    0.265333] ACPI: 2 ACPI AML tables successfully acquired and loaded
[    0.267079] ACPI: Interpreter enabled
[    0.267089] ACPI: (supports S0 S5)
[    0.267090] ACPI: Using IOAPIC for interrupt routing
[    0.267325] PCI: Using host bridge windows from ACPI; if necessary, use "pci=nocrs" and report a bug
[    0.267456] ACPI: Enabled 2 GPEs in block 00 to 07
[    0.272935] ACPI: PCI Root Bridge [PCI0] (domain 0000 [bus 00-ff])
[    0.272940] acpi PNP0A03:00: _OSC: OS supports [ASPM ClockPM Segments MSI HPX-Type3]
[    0.273550] acpi PNP0A03:00: _OSC: not requesting OS control; OS requires [ExtendedConfig ASPM ClockPM MSI]
[    0.273561] acpi PNP0A03:00: fail to add MMCONFIG information, can't access extended PCI configuration space under this bridge.
[    0.273993] PCI host bridge to bus 0000:00
[    0.273996] pci_bus 0000:00: root bus resource [io  0x0000-0x0cf7 window]
[    0.273997] pci_bus 0000:00: root bus resource [io  0x0d00-0xffff window]
[    0.273998] pci_bus 0000:00: root bus resource [mem 0x000a0000-0x000bffff window]
[    0.273999] pci_bus 0000:00: root bus resource [mem 0x80000000-0xfdffffff window]
[    0.274001] pci_bus 0000:00: root bus resource [bus 00-ff]
[    0.274049] pci 0000:00:00.0: [8086:1237] type 00 class 0x060000
[    0.275091] pci 0000:00:01.0: [8086:7000] type 00 class 0x060100
[    0.275947] pci 0000:00:01.1: [8086:7111] type 00 class 0x01018a
[    0.276367] pci 0000:00:01.1: reg 0x20: [io  0xd000-0xd00f]
[    0.276534] pci 0000:00:01.1: legacy IDE quirk: reg 0x10: [io  0x01f0-0x01f7]
[    0.276535] pci 0000:00:01.1: legacy IDE quirk: reg 0x14: [io  0x03f6]
[    0.276537] pci 0000:00:01.1: legacy IDE quirk: reg 0x18: [io  0x0170-0x0177]
[    0.276538] pci 0000:00:01.1: legacy IDE quirk: reg 0x1c: [io  0x0376]
[    0.277164] pci 0000:00:02.0: [15ad:0405] type 00 class 0x030000
[    0.280428] pci 0000:00:02.0: reg 0x10: [io  0xd010-0xd01f]
[    0.283043] pci 0000:00:02.0: reg 0x14: [mem 0xe0000000-0xe7ffffff pref]
[    0.285171] pci 0000:00:02.0: reg 0x18: [mem 0xf0000000-0xf01fffff]
[    0.297953] pci 0000:00:03.0: [1022:2000] type 00 class 0x020000
[    0.298706] pci 0000:00:03.0: reg 0x10: [io  0xd020-0xd03f]
[    0.299344] pci 0000:00:03.0: reg 0x14: [mem 0xf0200000-0xf0200fff]
[    0.302547] pci 0000:00:04.0: [80ee:cafe] type 00 class 0x088000
[    0.303221] pci 0000:00:04.0: reg 0x10: [io  0xd040-0xd05f]
[    0.303828] pci 0000:00:04.0: reg 0x14: [mem 0xf0400000-0xf07fffff]
[    0.304433] pci 0000:00:04.0: reg 0x18: [mem 0xf0800000-0xf0803fff pref]
[    0.309687] pci 0000:00:07.0: [8086:7113] type 00 class 0x068000
[    0.310234] pci 0000:00:07.0: quirk: [io  0x4000-0x403f] claimed by PIIX4 ACPI
[    0.310244] pci 0000:00:07.0: quirk: [io  0x4100-0x410f] claimed by PIIX4 SMB
[    0.310879] pci 0000:00:08.0: [8086:100e] type 00 class 0x020000
[    0.311601] pci 0000:00:08.0: reg 0x10: [mem 0xf0820000-0xf083ffff]
[    0.313801] pci 0000:00:08.0: reg 0x18: [io  0xd060-0xd067]
[    0.317010] pci 0000:00:09.0: [8086:100e] type 00 class 0x020000
[    0.317788] pci 0000:00:09.0: reg 0x10: [mem 0xf0840000-0xf085ffff]
[    0.318945] pci 0000:00:09.0: reg 0x18: [io  0xd068-0xd06f]
[    0.329975] ACPI: PCI Interrupt Link [LNKA] (IRQs 5 9 10 *11)
[    0.330257] ACPI: PCI Interrupt Link [LNKB] (IRQs 5 9 *10 11)
[    0.330361] ACPI: PCI Interrupt Link [LNKC] (IRQs 5 *9 10 11)
[    0.330473] ACPI: PCI Interrupt Link [LNKD] (IRQs 5 9 10 *11)
[    0.330745] iommu: Default domain type: Translated 
[    0.330806] pci 0000:00:02.0: vgaarb: setting as boot VGA device
[    0.330808] pci 0000:00:02.0: vgaarb: VGA device added: decodes=io+mem,owns=io+mem,locks=none
[    0.330810] pci 0000:00:02.0: vgaarb: bridge control possible
[    0.330811] vgaarb: loaded
[    0.331020] SCSI subsystem initialized
[    0.331054] libata version 3.00 loaded.
[    0.331078] ACPI: bus type USB registered
[    0.331094] usbcore: registered new interface driver usbfs
[    0.331101] usbcore: registered new interface driver hub
[    0.331108] usbcore: registered new device driver usb
[    0.331137] pps_core: LinuxPPS API ver. 1 registered
[    0.331137] pps_core: Software ver. 5.3.6 - Copyright 2005-2007 Rodolfo Giometti <giometti@linux.it>
[    0.331139] PTP clock support registered
[    0.331174] EDAC MC: Ver: 3.0.0
[    0.331461] PCI: Using ACPI for IRQ routing
[    0.331462] PCI: pci_cache_line_size set to 64 bytes
[    0.331634] e820: reserve RAM buffer [mem 0x0009fc00-0x0009ffff]
[    0.331637] e820: reserve RAM buffer [mem 0x7fff0000-0x7fffffff]
[    0.332455] NetLabel: Initializing
[    0.332455] NetLabel:  domain hash size = 128
[    0.332456] NetLabel:  protocols = UNLABELED CIPSOv4 CALIPSO
[    0.332476] NetLabel:  unlabeled traffic allowed by default
[    0.333302] clocksource: Switched to clocksource kvm-clock
[    0.347411] *** VALIDATE bpf ***
[    0.347473] VFS: Disk quotas dquot_6.6.0
[    0.347485] VFS: Dquot-cache hash table entries: 512 (order 0, 4096 bytes)
[    0.347507] *** VALIDATE ramfs ***
[    0.347510] *** VALIDATE hugetlbfs ***
[    0.347591] AppArmor: AppArmor Filesystem Enabled
[    0.347618] pnp: PnP ACPI init
[    0.347687] pnp 00:00: Plug and Play ACPI device, IDs PNP0303 (active)
[    0.347772] pnp 00:01: Plug and Play ACPI device, IDs PNP0f03 (active)
[    0.348515] pnp: PnP ACPI: found 2 devices
[    0.349506] thermal_sys: Registered thermal governor 'fair_share'
[    0.349506] thermal_sys: Registered thermal governor 'bang_bang'
[    0.349507] thermal_sys: Registered thermal governor 'step_wise'
[    0.349507] thermal_sys: Registered thermal governor 'user_space'
[    0.349508] thermal_sys: Registered thermal governor 'power_allocator'
[    0.354039] clocksource: acpi_pm: mask: 0xffffff max_cycles: 0xffffff, max_idle_ns: 2085701024 ns
[    0.354078] pci_bus 0000:00: resource 4 [io  0x0000-0x0cf7 window]
[    0.354080] pci_bus 0000:00: resource 5 [io  0x0d00-0xffff window]
[    0.354081] pci_bus 0000:00: resource 6 [mem 0x000a0000-0x000bffff window]
[    0.354082] pci_bus 0000:00: resource 7 [mem 0x80000000-0xfdffffff window]
[    0.354150] NET: Registered protocol family 2
[    0.354225] IP idents hash table entries: 32768 (order: 6, 262144 bytes, linear)
[    0.354628] MPTCP tokens hash table entries: 8192 (order: 4, 65536 bytes, linear)
[    0.354648] MPTCP request tokens hash table entries: 8192 (order: 4, 65536 bytes, linear)
[    0.354673] default registered
[    0.354673] default registered
[    0.354674] MPTCP: Stable release v0.96
[    0.354679] tcp_listen_portaddr_hash hash table entries: 1024 (order: 2, 16384 bytes, linear)
[    0.354758] TCP established hash table entries: 16384 (order: 5, 131072 bytes, linear)
[    0.354822] TCP bind hash table entries: 16384 (order: 6, 262144 bytes, linear)
[    0.354848] TCP: Hash tables configured (established 16384 bind 16384)
[    0.355540] UDP hash table entries: 1024 (order: 3, 32768 bytes, linear)
[    0.355552] UDP-Lite hash table entries: 1024 (order: 3, 32768 bytes, linear)
[    0.355587] NET: Registered protocol family 1
[    0.355602] NET: Registered protocol family 44
[    0.355627] pci 0000:00:00.0: Limiting direct PCI/PCI transfers
[    0.355640] pci 0000:00:01.0: Activating ISA DMA hang workarounds
[    0.355640] pci 0000:00:02.0: Video device with shadowed ROM at [mem 0x000c0000-0x000dffff]
[    0.355640] PCI: CLS 0 bytes, default 64
[    0.355640] Trying to unpack rootfs image as initramfs...
[    0.528366] Freeing initrd memory: 47868K
[    0.528366] clocksource: tsc: mask: 0xffffffffffffffff max_cycles: 0x1e4530a99b6, max_idle_ns: 440795257976 ns
[    0.528366] clocksource: Switched to clocksource tsc
[    0.528366] platform rtc_cmos: registered platform RTC device (no PNP device found)
[    0.528366] check: Scanning for low memory corruption every 60 seconds
[    0.528366] Initialise system trusted keyrings
[    0.528366] Key type blacklist registered
[    0.528366] workingset: timestamp_bits=36 max_order=19 bucket_order=0
[    0.528366] zbud: loaded
[    0.528366] squashfs: version 4.0 (2009/01/31) Phillip Lougher
[    0.528366] fuse: init (API version 7.31)
[    0.528366] *** VALIDATE fuse ***
[    0.528366] *** VALIDATE fuse ***
[    0.528366] Platform Keyring initialized
[    0.541858] Key type asymmetric registered
[    0.541859] Asymmetric key parser 'x509' registered
[    0.541869] Block layer SCSI generic (bsg) driver version 0.4 loaded (major 244)
[    0.541906] io scheduler mq-deadline registered
[    0.542029] shpchp: Standard Hot Plug PCI Controller Driver version: 0.4
[    0.542241] ACPI: AC Adapter [AC] (on-line)
[    0.542286] input: Power Button as /devices/LNXSYSTM:00/LNXPWRBN:00/input/input0
[    0.542315] ACPI: Power Button [PWRF]
[    0.542400] input: Sleep Button as /devices/LNXSYSTM:00/LNXSLPBN:00/input/input1
[    0.542415] ACPI: Sleep Button [SLPF]
[    0.542646] Serial: 8250/16550 driver, 32 ports, IRQ sharing enabled
[    0.543908] Linux agpgart interface v0.103
[    0.639169] loop: module loaded
[    0.639323] ata_piix 0000:00:01.1: version 2.13
[    0.639723] scsi host0: ata_piix
[    0.639814] scsi host1: ata_piix
[    0.639840] ata1: PATA max UDMA/33 cmd 0x1f0 ctl 0x3f6 bmdma 0xd000 irq 14
[    0.639841] ata2: PATA max UDMA/33 cmd 0x170 ctl 0x376 bmdma 0xd008 irq 15
[    0.639922] tun: Universal TUN/TAP device driver, 1.6
[    0.640226] PPP generic driver version 2.4.2
[    0.640269] VFIO - User Level meta-driver version: 0.3
[    0.640508] ehci_hcd: USB 2.0 'Enhanced' Host Controller (EHCI) Driver
[    0.640513] ehci-pci: EHCI PCI platform driver
[    0.640528] ehci-platform: EHCI generic platform driver
[    0.640533] ohci_hcd: USB 1.1 'Open' Host Controller (OHCI) Driver
[    0.640535] ohci-pci: OHCI PCI platform driver
[    0.640542] ohci-platform: OHCI generic platform driver
[    0.640546] uhci_hcd: USB Universal Host Controller Interface driver
[    0.640611] i8042: PNP: PS/2 Controller [PNP0303:PS2K,PNP0f03:PS2M] at 0x60,0x64 irq 1,12
[    0.641046] serio: i8042 KBD port at 0x60,0x64 irq 1
[    0.641050] serio: i8042 AUX port at 0x60,0x64 irq 12
[    0.641136] mousedev: PS/2 mouse device common for all mice
[    0.641387] input: AT Translated Set 2 keyboard as /devices/platform/i8042/serio0/input/input2
[    0.641786] rtc_cmos rtc_cmos: registered as rtc0
[    0.641799] rtc_cmos rtc_cmos: alarms up to one day, 114 bytes nvram
[    0.641805] i2c /dev entries driver
[    0.641848] device-mapper: uevent: version 1.0.3
[    0.641889] device-mapper: ioctl: 4.41.0-ioctl (2019-09-16) initialised: dm-devel@redhat.com
[    0.641905] platform eisa.0: Probing EISA bus 0
[    0.641907] platform eisa.0: EISA: Cannot allocate resource for mainboard
[    0.641908] platform eisa.0: Cannot allocate resource for EISA slot 1
[    0.641909] platform eisa.0: Cannot allocate resource for EISA slot 2
[    0.641910] platform eisa.0: Cannot allocate resource for EISA slot 3
[    0.641911] platform eisa.0: Cannot allocate resource for EISA slot 4
[    0.641912] platform eisa.0: Cannot allocate resource for EISA slot 5
[    0.641913] platform eisa.0: Cannot allocate resource for EISA slot 6
[    0.641914] platform eisa.0: Cannot allocate resource for EISA slot 7
[    0.641915] platform eisa.0: Cannot allocate resource for EISA slot 8
[    0.641916] platform eisa.0: EISA: Detected 0 cards
[    0.641918] intel_pstate: CPU model not supported
[    0.641928] ledtrig-cpu: registered to indicate activity on CPUs
[    0.641980] drop_monitor: Initializing network drop monitor service
[    0.642152] NET: Registered protocol family 10
[    0.647280] Segment Routing with IPv6
[    0.647285] fullmesh registered
[    0.647285] ndiffports registered
[    0.647285] binder registered
[    0.647285] roundrobin registered
[    0.647285] redundant registered
[    0.647285] blest registered
[    0.647285] ecf registered
[    0.647285] NET: Registered protocol family 17
[    0.647285] Key type dns_resolver registered
[    0.647285] RAS: Correctable Errors collector initialized.
[    0.647285] IPI shorthand broadcast: enabled
[    0.647285] sched_clock: Marking stable (632150115, 11134896)->(642670641, 614370)
[    0.647522] registered taskstats version 1
[    0.647531] Loading compiled-in X.509 certificates
[    0.648115] Loaded X.509 cert 'Build time autogenerated kernel key: 6909f3744cebb3d0de528d5887b96a727de79b1e'
[    0.648133] zswap: loaded using pool lzo/zbud
[    0.648187] Key type ._fscrypt registered
[    0.648187] Key type .fscrypt registered
[    0.652661] Key type big_key registered
[    0.654849] Key type encrypted registered
[    0.654852] AppArmor: AppArmor sha1 policy hashing enabled
[    0.654859] ima: No TPM chip found, activating TPM-bypass!
[    0.654863] ima: Allocated hash algorithm: sha1
[    0.654869] ima: No architecture policies found
[    0.654878] evm: Initialising EVM extended attributes:
[    0.654879] evm: security.selinux
[    0.654880] evm: security.SMACK64
[    0.654880] evm: security.SMACK64EXEC
[    0.654881] evm: security.SMACK64TRANSMUTE
[    0.654881] evm: security.SMACK64MMAP
[    0.654881] evm: security.apparmor
[    0.654882] evm: security.ima
[    0.654882] evm: security.capability
[    0.654883] evm: HMAC attrs: 0x1
[    0.655175] PM:   Magic number: 10:733:744
[    0.655293] rtc_cmos rtc_cmos: setting system clock to 2026-01-17T17:42:42 UTC (1768671762)
[    0.812279] ata1.00: ATA-6: VBOX HARDDISK, 1.0, max UDMA/133
[    0.812282] ata1.00: 209715200 sectors, multi 128: LBA 
[    0.812948] scsi 0:0:0:0: Direct-Access     ATA      VBOX HARDDISK    1.0  PQ: 0 ANSI: 5
[    0.813246] sd 0:0:0:0: [sda] 209715200 512-byte logical blocks: (107 GB/100 GiB)
[    0.813259] sd 0:0:0:0: [sda] Write Protect is off
[    0.813263] sd 0:0:0:0: [sda] Mode Sense: 00 3a 00 00
[    0.813283] sd 0:0:0:0: [sda] Write cache: enabled, read cache: enabled, doesn't support DPO or FUA
[    0.813607] sd 0:0:0:0: Attached scsi generic sg0 type 0
[    0.814577]  sda: sda1 sda2
[    0.823346] sd 0:0:0:0: [sda] Attached SCSI disk
[    0.826692] Freeing unused decrypted memory: 2040K
[    0.827660] Freeing unused kernel image memory: 2728K
[    0.827663] Write protecting the kernel read-only data: 22528k
[    0.828687] Freeing unused kernel image memory: 2036K
[    0.829248] Freeing unused kernel image memory: 1432K
[    0.856233] x86/mm: Checked W+X mappings: passed, no W+X pages found.
[    0.856239] Run /init as init process
[    0.970428] ACPI: Video Device [GFX0] (multi-head: yes  rom: no  post: no)
[    0.970499] input: Video Bus as /devices/LNXSYSTM:00/LNXSYBUS:00/PNP0A03:00/LNXVIDEO:00/input/input4
[    0.983042] pcnet32: pcnet32.c:v1.35 21.Apr.2008 tsbogend@alpha.franken.de
[    0.984035] pcnet32: PCnet/FAST III 79C973 at 0xd020, 08:00:27:e7:96:cd assigned IRQ 19
[    0.984078] pcnet32: Found PHY 0022:561b at address 0
[    0.984378] pcnet32: eth0: registered as PCnet/FAST III 79C973
[    0.984772] pcnet32: 1 cards_found
[    0.986360] piix4_smbus 0000:00:07.0: SMBus Host Controller at 0x4100, revision 0
[    0.990364] e1000: Intel(R) PRO/1000 Network Driver - version 7.3.21-k8-NAPI
[    0.990365] e1000: Copyright (c) 1999-2006 Intel Corporation.
[    1.061738] pcnet32 0000:00:03.0 enp0s3: renamed from eth0
[    1.202654] input: ImExPS/2 Generic Explorer Mouse as /devices/platform/i8042/serio1/input/input5
[    1.395416] e1000 0000:00:08.0 eth0: (PCI:33MHz:32-bit) 08:00:27:ec:c3:4c
[    1.395421] e1000 0000:00:08.0 eth0: Intel(R) PRO/1000 Network Connection
[    1.773590] e1000 0000:00:09.0 eth1: (PCI:33MHz:32-bit) 08:00:27:7c:ab:24
[    1.773592] e1000 0000:00:09.0 eth1: Intel(R) PRO/1000 Network Connection
[    1.774722] e1000 0000:00:09.0 enp0s9: renamed from eth1
[    1.776542] e1000 0000:00:08.0 enp0s8: renamed from eth0
[    1.920261] EXT4-fs (sda2): mounted filesystem with ordered data mode. Opts: (null)
[    2.004166] systemd[1]: Inserted module 'autofs4'
[    2.013809] systemd[1]: systemd 245.4-4ubuntu3 running in system mode. (+PAM +AUDIT +SELINUX +IMA +APPARMOR +SMACK +SYSVINIT +UTMP +LIBCRYPTSETUP +GCRYPT +GNUTLS +ACL +XZ +LZ4 +SECCOMP +BLKID +ELFUTILS +KMOD +IDN2 -IDN +PCRE2 default-hierarchy=hybrid)
[    2.013840] systemd[1]: Detected virtualization oracle.
[    2.013844] systemd[1]: Detected architecture x86-64.
[    2.015224] systemd[1]: Set hostname to <ztg>.
[    2.139155] systemd[1]: /lib/systemd/system/dbus.socket:5: ListenStream= references a path below legacy directory /var/run/, updating /var/run/dbus/system_bus_socket â†’ /run/dbus/system_bus_socket; please update the unit file accordingly.
[    2.190962] systemd[1]: Created slice system-modprobe.slice.
[    2.191148] systemd[1]: Created slice User and Session Slice.
[    2.191251] systemd[1]: Started Forward Password Requests to Wall Directory Watch.
[    2.191424] systemd[1]: Set up automount Arbitrary Executable File Formats File System Automount Point.
[    2.191462] systemd[1]: Reached target User and Group Name Lookups.
[    2.191471] systemd[1]: Reached target Remote File Systems.
[    2.191480] systemd[1]: Reached target Slices.
[    2.191968] systemd[1]: Listening on Syslog Socket.
[    2.192033] systemd[1]: Listening on fsck to fsckd communication Socket.
[    2.192071] systemd[1]: Listening on initctl Compatibility Named Pipe.
[    2.192205] systemd[1]: Listening on Journal Audit Socket.
[    2.192260] systemd[1]: Listening on Journal Socket (/dev/log).
[    2.192327] systemd[1]: Listening on Journal Socket.
[    2.192391] systemd[1]: Listening on udev Control Socket.
[    2.192430] systemd[1]: Listening on udev Kernel Socket.
[    2.193218] systemd[1]: Mounting Huge Pages File System...
[    2.194183] systemd[1]: Mounting POSIX Message Queue File System...
[    2.195084] systemd[1]: Mounting Kernel Debug File System...
[    2.195982] systemd[1]: Mounting Kernel Trace File System...
[    2.197918] systemd[1]: Starting Journal Service...
[    2.222405] systemd[1]: Starting Set the console keyboard layout...
[    2.230350] systemd[1]: Starting Create list of static device nodes for the current kernel...
[    2.232419] systemd[1]: Starting Load Kernel Module drm...
[    2.233477] systemd[1]: Condition check resulted in Set Up Additional Binary Formats being skipped.
[    2.233523] systemd[1]: Condition check resulted in File System Check on Root Device being skipped.
[    2.244093] systemd[1]: Starting Load Kernel Modules...
[    2.249387] systemd[1]: Starting Remount Root and Kernel File Systems...
[    2.265952] systemd[1]: Starting udev Coldplug all Devices...
[    2.273382] systemd[1]: Starting Uncomplicated firewall...
[    2.274919] systemd[1]: Mounted Huge Pages File System.
[    2.275016] systemd[1]: Mounted POSIX Message Queue File System.
[    2.275097] systemd[1]: Mounted Kernel Debug File System.
[    2.275164] systemd[1]: Mounted Kernel Trace File System.
[    2.277297] EXT4-fs (sda2): re-mounted. Opts: errors=remount-ro
[    2.299039] systemd[1]: Finished Create list of static device nodes for the current kernel.
[    2.300070] systemd[1]: modprobe@drm.service: Succeeded.
[    2.314825] systemd[1]: Finished Load Kernel Module drm.
[    2.316050] systemd[1]: Finished Remount Root and Kernel File Systems.
[    2.316888] systemd[1]: Finished Uncomplicated firewall.
[    2.333129] lp: driver loaded but no devices found
[    2.335792] systemd[1]: Condition check resulted in Rebuild Hardware Database being skipped.
[    2.335830] systemd[1]: Condition check resulted in Platform Persistent Storage Archival being skipped.
[    2.336505] systemd[1]: Starting Load/Save Random Seed...
[    2.342367] systemd[1]: Starting Create System Users...
[    2.349461] ppdev: user-space parallel port driver
[    2.353968] systemd[1]: Finished Load/Save Random Seed.
[    2.356584] systemd[1]: Finished Create System Users.
[    2.357286] systemd[1]: Starting Create Static Device Nodes in /dev...
[    2.412081] systemd[1]: Finished Create Static Device Nodes in /dev.
[    2.412946] systemd[1]: Starting udev Kernel Device Manager...
[    2.424862] systemd[1]: Finished udev Coldplug all Devices.
[    2.437948] [drm] DMA map mode: Caching DMA mappings.
[    2.438012] [drm] Capabilities:
[    2.438012] [drm]   Rect copy.
[    2.438012] [drm]   Cursor.
[    2.438013] [drm]   Cursor bypass.
[    2.438013] [drm]   Cursor bypass 2.
[    2.438013] [drm]   Alpha cursor.
[    2.438014] [drm]   Extended Fifo.
[    2.438014] [drm]   Pitchlock.
[    2.438014] [drm]   Irq mask.
[    2.438015] [drm]   GMR.
[    2.438015] [drm]   Traces.
[    2.438015] [drm]   GMR2.
[    2.438016] [drm]   Screen Object 2.
[    2.438016] [drm]   Command Buffers.
[    2.438017] [drm]   Command Buffers 2.
[    2.438017] [drm]   Guest Backed Resources.
[    2.438018] [drm] Max GMR ids is 8192
[    2.438018] [drm] Max number of GMR pages is 1048576
[    2.438019] [drm] Max dedicated hypervisor surface memory is 393216 kiB
[    2.438019] [drm] Maximum display memory size is 131072 kiB
[    2.438020] [drm] VRAM at 0xe0000000 size is 131072 kiB
[    2.438021] [drm] MMIO at 0xf0000000 size is 2048 kiB
[    2.438671] [TTM] Zone  kernel: Available graphics memory: 1011738 KiB
[    2.438671] [TTM] Initializing pool allocator
[    2.438675] [TTM] Initializing DMA pool allocator
[    2.438928] [drm] Supports vblank timestamp caching Rev 2 (21.10.2013).
[    2.438928] [drm] No driver support for vblank timestamp query.
[    2.439162] [drm] Screen Target Display device initialized
[    2.439763] [drm] width 720
[    2.439772] [drm] height 400
[    2.439776] [drm] bpp 32
[    2.440289] [drm] Fifo max 0x00200000 min 0x00001000 cap 0x00000355
[    2.441367] [drm] Using command buffers with DMA pool.
[    2.441370] [drm] DX: no.
[    2.441370] [drm] Atomic: yes.
[    2.441371] [drm] SM4_1: no.
[    2.441389] [drm:vmw_host_log [vmwgfx]] *ERROR* Failed to send host log message.
[    2.442287] [drm:vmw_host_log [vmwgfx]] *ERROR* Failed to send host log message.
[    2.469129] fbcon: svgadrmfb (fb0) is primary device
[    2.474042] Console: switching to colour frame buffer device 100x37
[    2.479745] [drm] Initialized vmwgfx 2.15.0 20180704 for 0000:00:02.0 on minor 0
[    2.481445] systemd[1]: Finished Load Kernel Modules.
[    2.482429] systemd[1]: Mounting FUSE Control File System...
[    2.483670] systemd[1]: Mounting Kernel Configuration File System...
[    2.507984] systemd[1]: Starting Apply Kernel Variables...
[    2.508744] systemd[1]: Mounted FUSE Control File System.
[    2.508851] systemd[1]: Mounted Kernel Configuration File System.
[    2.508907] systemd[1]: Condition check resulted in VMware vmblock fuse mount being skipped.
[    2.539673] systemd[1]: Finished Set the console keyboard layout.
[    2.539772] systemd[1]: Reached target Local File Systems (Pre).
[    2.543547] systemd[1]: Mounting Mount unit for bare, revision 5...
[    2.555481] systemd[1]: Mounting Mount unit for core18, revision 1705...
[    2.557170] systemd[1]: Mounting Mount unit for gnome-3-34-1804, revision 24...
[    2.568894] systemd[1]: Mounting Mount unit for gtk-common-themes, revision 1506...
[    2.572438] systemd[1]: Mounting Mount unit for gtk-common-themes, revision 1535...
[    2.599940] systemd[1]: Mounting Mount unit for snap-store, revision 433...
[    2.604064] systemd[1]: Mounting Mount unit for snapd, revision 25935...
[    2.610063] systemd[1]: Started udev Kernel Device Manager.
[    2.630311] systemd[1]: Finished Apply Kernel Variables.
[    2.630480] systemd[1]: Mounted Mount unit for bare, revision 5.
[    2.640571] systemd[1]: Starting Show Plymouth Boot Screen...
[    2.642344] systemd[1]: Received SIGRTMIN+20 from PID 280 (plymouthd).
[    2.665272] systemd[1]: Started Show Plymouth Boot Screen.
[    2.665558] systemd[1]: Condition check resulted in Dispatch Password Requests to Console Directory Watch being skipped.
[    2.665670] systemd[1]: Started Forward Password Requests to Plymouth Directory Watch.
[    2.665738] systemd[1]: Reached target Local Encrypted Volumes.
[    2.668175] systemd[1]: Mounted Mount unit for core18, revision 1705.
[    2.668385] systemd[1]: Mounted Mount unit for gnome-3-34-1804, revision 24.
[    2.668559] systemd[1]: Mounted Mount unit for gtk-common-themes, revision 1506.
[    2.746970] systemd[1]: Mounted Mount unit for gtk-common-themes, revision 1535.
[    2.779612] systemd[1]: Mounted Mount unit for snap-store, revision 433.
[    2.779864] systemd[1]: Mounted Mount unit for snapd, revision 25935.
[    2.780016] systemd[1]: Reached target Local File Systems.
[    2.782328] systemd[1]: Starting Load AppArmor profiles...
[    2.793881] systemd[1]: Starting Set console font and keymap...
[    2.808599] systemd[1]: Starting Tell Plymouth To Write Out Runtime Data...
[    2.811795] systemd[1]: Condition check resulted in Store a System Token in an EFI Variable being skipped.
[    2.811827] systemd[1]: Condition check resulted in Commit a transient machine-id on disk being skipped.
[    2.812772] systemd[1]: Finished Set console font and keymap.
[    2.822373] systemd[1]: Received SIGRTMIN+20 from PID 280 (plymouthd).
[    2.823423] systemd[1]: plymouth-read-write.service: Succeeded.
[    2.823731] systemd[1]: Finished Tell Plymouth To Write Out Runtime Data.
[    2.862392] audit: type=1400 audit(1768671764.700:2): apparmor="STATUS" operation="profile_load" profile="unconfined" name="nvidia_modprobe" pid=301 comm="apparmor_parser"
[    2.862395] audit: type=1400 audit(1768671764.700:3): apparmor="STATUS" operation="profile_load" profile="unconfined" name="nvidia_modprobe//kmod" pid=301 comm="apparmor_parser"
[    2.870395] audit: type=1400 audit(1768671764.712:4): apparmor="STATUS" operation="profile_load" profile="unconfined" name="/usr/sbin/tcpdump" pid=302 comm="apparmor_parser"
[    2.913387] audit: type=1400 audit(1768671764.748:5): apparmor="STATUS" operation="profile_load" profile="unconfined" name="/usr/bin/evince" pid=304 comm="apparmor_parser"
[    2.913389] audit: type=1400 audit(1768671764.748:6): apparmor="STATUS" operation="profile_load" profile="unconfined" name="/usr/bin/evince//sanitized_helper" pid=304 comm="apparmor_parser"
[    2.913392] audit: type=1400 audit(1768671764.748:7): apparmor="STATUS" operation="profile_load" profile="unconfined" name="/usr/bin/evince-previewer" pid=304 comm="apparmor_parser"
[    2.913393] audit: type=1400 audit(1768671764.748:8): apparmor="STATUS" operation="profile_load" profile="unconfined" name="/usr/bin/evince-previewer//sanitized_helper" pid=304 comm="apparmor_parser"
[    2.913394] audit: type=1400 audit(1768671764.748:9): apparmor="STATUS" operation="profile_load" profile="unconfined" name="/usr/bin/evince-thumbnailer" pid=304 comm="apparmor_parser"
[    2.944505] audit: type=1400 audit(1768671764.784:10): apparmor="STATUS" operation="profile_load" profile="unconfined" name="/usr/lib/cups/backend/cups-pdf" pid=305 comm="apparmor_parser"
[    3.005721] systemd[1]: Finished Load AppArmor profiles.
[    3.006646] systemd[1]: Starting Load AppArmor profiles managed internally by snapd...
[    3.116285] systemd[1]: Finished Load AppArmor profiles managed internally by snapd.
[    3.210499] systemd[1]: Started Journal Service.
[    3.220170] systemd-journald[229]: Received client request to flush runtime journal.
[    3.223945] systemd-journald[229]: File /var/log/journal/c455b248004a419c87ce85eea238d727/system.journal corrupted or uncleanly shut down, renaming and replacing.
[    4.654360] RAPL PMU: API unit is 2^-32 Joules, 0 fixed counters, 10737418240 ms ovfl timer
[    4.698632] cryptd: max_cpu_qlen set to 1000
[    4.735888] AVX2 version of gcm_enc/dec engaged.
[    4.735889] AES CTR mode by8 optimization enabled
[    6.662206] Adding 1998844k swap on /dev/sda1.  Priority:-2 extents:1 across:1998844k FS
[    8.487801] kauditd_printk_skb: 30 callbacks suppressed
[    8.487802] audit: type=1400 audit(1768671770.328:41): apparmor="DENIED" operation="capable" profile="/usr/sbin/cups-browsed" pid=509 comm="cups-browsed" capability=23  capname="sys_nice"
[    9.240365] pcnet32 0000:00:03.0 enp0s3: link up, 100Mbps, full-duplex
[    9.287838] e1000: enp0s8 NIC Link is Up 1000 Mbps Full Duplex, Flow Control: RX
[    9.288128] IPv6: ADDRCONF(NETDEV_CHANGE): enp0s8: link becomes ready
[    9.304262] e1000: enp0s9 NIC Link is Up 1000 Mbps Full Duplex, Flow Control: RX
[    9.305083] IPv6: ADDRCONF(NETDEV_CHANGE): enp0s9: link becomes ready
[    9.961626] device enp0s3 entered promiscuous mode
[    9.981552] audit: type=1400 audit(1768671771.824:42): apparmor="DENIED" operation="open" profile="/usr/sbin/tcpdump" name="/proc/sys/kernel/random/boot_id" pid=665 comm="tcpdump" requested_mask="r" denied_mask="r" fsuid=0 ouid=0
[    9.981748] audit: type=1400 audit(1768671771.824:43): apparmor="DENIED" operation="open" profile="/usr/sbin/tcpdump" name="/proc/sys/kernel/random/boot_id" pid=665 comm="tcpdump" requested_mask="r" denied_mask="r" fsuid=0 ouid=0
[    9.981797] audit: type=1400 audit(1768671771.824:44): apparmor="DENIED" operation="open" profile="/usr/sbin/tcpdump" name="/proc/sys/kernel/random/boot_id" pid=665 comm="tcpdump" requested_mask="r" denied_mask="r" fsuid=0 ouid=0
[    9.981884] audit: type=1400 audit(1768671771.824:45): apparmor="DENIED" operation="open" profile="/usr/sbin/tcpdump" name="/proc/sys/kernel/random/boot_id" pid=665 comm="tcpdump" requested_mask="r" denied_mask="r" fsuid=0 ouid=0
[    9.987088] audit: type=1400 audit(1768671771.824:46): apparmor="DENIED" operation="open" profile="/usr/sbin/tcpdump" name="/proc/sys/kernel/random/boot_id" pid=666 comm="tcpdump" requested_mask="r" denied_mask="r" fsuid=0 ouid=0
[    9.987410] audit: type=1400 audit(1768671771.824:47): apparmor="DENIED" operation="open" profile="/usr/sbin/tcpdump" name="/proc/sys/kernel/random/boot_id" pid=666 comm="tcpdump" requested_mask="r" denied_mask="r" fsuid=0 ouid=0
[    9.987482] audit: type=1400 audit(1768671771.824:48): apparmor="DENIED" operation="open" profile="/usr/sbin/tcpdump" name="/proc/sys/kernel/random/boot_id" pid=666 comm="tcpdump" requested_mask="r" denied_mask="r" fsuid=0 ouid=0
[    9.987574] audit: type=1400 audit(1768671771.824:49): apparmor="DENIED" operation="open" profile="/usr/sbin/tcpdump" name="/proc/sys/kernel/random/boot_id" pid=666 comm="tcpdump" requested_mask="r" denied_mask="r" fsuid=0 ouid=0
[   15.777547] rfkill: input handler disabled
[  202.102235] AAAAA-TCP_FORW: name:enp0s3: saddr:16783984: daddr:100932208
[  202.182450] AAAAA-TCP_FORW: name:enp0s3: saddr:33561200: daddr:100932208
[  202.282687] AAAAA-TCP_FORW: name:enp0s3: saddr:33561200: daddr:100932208
[  202.420259] AAAAA-TCP_FORW: name:enp0s3: saddr:33561200: daddr:100932208
[  202.524631] AAAAA-TCP_FORW: name:enp0s3: saddr:33561200: daddr:100932208
[  202.748181] AAAAA-TCP_FORW: name:enp0s3: saddr:33561200: daddr:100932208
[  202.830166] AAAAA-TCP_FORW: name:enp0s3: saddr:33561200: daddr:100932208
[  202.918246] AAAAA-TCP_FORW: name:enp0s3: saddr:33561200: daddr:100932208
[  203.225343] AAAAA-TCP_FORW: name:enp0s3: saddr:16783984: daddr:100932208
[  203.475159] AAAAA-TCP_FORW: name:enp0s3: saddr:16783984: daddr:100932208
[  203.758183] AAAAA-TCP_FORW: name:enp0s3: saddr:16783984: daddr:100932208
[  203.919770] AAAAA-TCP_FORW: name:enp0s3: saddr:16783984: daddr:100932208
[  203.974850] AAAAA-TCP_FORW: name:enp0s3: saddr:16783984: daddr:100932208
[  204.439931] AAAAA-TCP_FORW: name:enp0s3: saddr:16783984: daddr:100932208
[  205.058299] AAAAA-TCP_FORW: name:enp0s3: saddr:16783984: daddr:100932208
[  205.297299] AAAAA-TCP_FORW: name:enp0s3: saddr:16783984: daddr:100932208
[  205.597823] AAAAA-TCP_FORW: name:enp0s3: saddr:33561200: daddr:100932208
[  206.343024] AAAAA-TCP_FORW: name:enp0s3: saddr:16783984: daddr:100932208
[  206.920130] AAAAA-TCP_FORW: name:enp0s3: saddr:16783984: daddr:100932208
[  207.406787] AAAAA-TCP_FORW: name:enp0s3: saddr:33561200: daddr:100932208
[  208.060927] AAAAA-TCP_FORW: name:enp0s3: saddr:16783984: daddr:100932208
[  208.754138] AAAAA-TCP_FORW: name:enp0s3: saddr:16783984: daddr:100932208
[  209.180588] AAAAA-TCP_FORW: name:enp0s3: saddr:16783984: daddr:100932208
[  209.588943] AAAAA-TCP_FORW: name:enp0s3: saddr:33561200: daddr:100932208
[  209.778834] AAAAA-TCP_FORW: name:enp0s3: saddr:16783984: daddr:100932208
[  209.965993] AAAAA-TCP_FORW: name:enp0s3: saddr:16783984: daddr:100932208
[  210.379355] AAAAA-TCP_FORW: name:enp0s3: saddr:16783984: daddr:100932208
[  210.694735] AAAAA-TCP_FORW: name:enp0s3: saddr:33561200: daddr:100932208
[  211.293330] AAAAA-TCP_FORW: name:enp0s3: saddr:33561200: daddr:100932208
[  211.575048] AAAAA-TCP_FORW: name:enp0s3: saddr:16783984: daddr:100932208
[  211.749727] AAAAA-TCP_FORW: name:enp0s3: saddr:16783984: daddr:100932208
[  286.144827] AAAAA-TCP_FORW: name:enp0s3: saddr:16783984: daddr:100932208
[  286.624942] AAAAA-TCP_FORW: name:enp0s3: saddr:33561200: daddr:100932208
[  286.787704] AAAAA-TCP_FORW: name:enp0s3: saddr:16783984: daddr:100932208
[  553.626485] rfkill: input handler enabled
[  562.849043] rfkill: input handler disabled
[  752.756647] device enp0s3 left promiscuous mode
