[    0.000000] Linux version 5.4.243-mptcp (root@ztg) (gcc version 12.2.0 (Debian 12.2.0-14+deb12u1)) #53 SMP Wed Dec 24 23:28:15 CST 2025
[    0.000000] Command line: BOOT_IMAGE=/boot/vmlinuz-5.4.243-mptcp root=UUID=98415a12-53b7-4144-8265-0f7ece09e445 ro quiet splash
[    0.000000] KERNEL supported cpus:
[    0.000000]   Intel GenuineIntel
[    0.000000]   AMD AuthenticAMD
[    0.000000]   Hygon HygonGenuine
[    0.000000]   Centaur CentaurHauls
[    0.000000]   zhaoxin   Shanghai  
[    0.000000] x86/fpu: Supporting XSAVE feature 0x001: 'x87 floating point registers'
[    0.000000] x86/fpu: Supporting XSAVE feature 0x002: 'SSE registers'
[    0.000000] x86/fpu: Supporting XSAVE feature 0x004: 'AVX registers'
[    0.000000] x86/fpu: xstate_offset[2]:  576, xstate_sizes[2]:  256
[    0.000000] x86/fpu: Enabled xstate features 0x7, context size is 832 bytes, using 'standard' format.
[    0.000000] BIOS-provided physical RAM map:
[    0.000000] BIOS-e820: [mem 0x0000000000000000-0x000000000009fbff] usable
[    0.000000] BIOS-e820: [mem 0x000000000009fc00-0x000000000009ffff] reserved
[    0.000000] BIOS-e820: [mem 0x00000000000f0000-0x00000000000fffff] reserved
[    0.000000] BIOS-e820: [mem 0x0000000000100000-0x000000007ffeffff] usable
[    0.000000] BIOS-e820: [mem 0x000000007fff0000-0x000000007fffffff] ACPI data
[    0.000000] BIOS-e820: [mem 0x00000000fec00000-0x00000000fec00fff] reserved
[    0.000000] BIOS-e820: [mem 0x00000000fee00000-0x00000000fee00fff] reserved
[    0.000000] BIOS-e820: [mem 0x00000000fffc0000-0x00000000ffffffff] reserved
[    0.000000] NX (Execute Disable) protection: active
[    0.000000] SMBIOS 2.5 present.
[    0.000000] DMI: innotek GmbH VirtualBox/VirtualBox, BIOS VirtualBox 12/01/2006
[    0.000000] Hypervisor detected: KVM
[    0.000000] kvm-clock: Using msrs 4b564d01 and 4b564d00
[    0.000000] kvm-clock: cpu 0, msr 31001001, primary cpu clock
[    0.000000] kvm-clock: using sched offset of 4426777280 cycles
[    0.000003] clocksource: kvm-clock: mask: 0xffffffffffffffff max_cycles: 0x1cd42e4dffb, max_idle_ns: 881590591483 ns
[    0.000005] tsc: Detected 2100.000 MHz processor
[    0.001870] e820: update [mem 0x00000000-0x00000fff] usable ==> reserved
[    0.001872] e820: remove [mem 0x000a0000-0x000fffff] usable
[    0.001877] last_pfn = 0x7fff0 max_arch_pfn = 0x400000000
[    0.001944] MTRR default type: uncachable
[    0.001944] MTRR fixed ranges enabled:
[    0.001946]   00000-9FFFF write-back
[    0.001947]   A0000-BFFFF uncachable
[    0.001947]   C0000-FFFFF write-protect
[    0.001948] MTRR variable ranges enabled:
[    0.001950]   0 base 000000000000 mask 3FFF80000000 write-back
[    0.001950]   1 disabled
[    0.001951]   2 disabled
[    0.001951]   3 disabled
[    0.001952]   4 disabled
[    0.001952]   5 disabled
[    0.001952]   6 disabled
[    0.001953]   7 disabled
[    0.001953]   8 disabled
[    0.001954]   9 disabled
[    0.001954]   10 disabled
[    0.001955]   11 disabled
[    0.001955]   12 disabled
[    0.001955]   13 disabled
[    0.001956]   14 disabled
[    0.001956]   15 disabled
[    0.001972] x86/PAT: Configuration [0-7]: WB  WC  UC- UC  WB  WP  UC- WT  
[    0.002106] found SMP MP-table at [mem 0x0009fff0-0x0009ffff]
[    0.092366] check: Scanning 1 areas for low memory corruption
[    0.092544] RAMDISK: [mem 0x32271000-0x3512ffff]
[    0.092552] ACPI: Early table checksum verification disabled
[    0.092556] ACPI: RSDP 0x00000000000E0000 000024 (v02 VBOX  )
[    0.092561] ACPI: XSDT 0x000000007FFF0030 00003C (v01 VBOX   VBOXXSDT 00000001 ASL  00000061)
[    0.092567] ACPI: FACP 0x000000007FFF00F0 0000F4 (v04 VBOX   VBOXFACP 00000001 ASL  00000061)
[    0.092574] ACPI: DSDT 0x000000007FFF02E0 002353 (v02 VBOX   VBOXBIOS 00000002 VBOX 00029BF3)
[    0.092578] ACPI: FACS 0x000000007FFF0200 000040
[    0.092581] ACPI: FACS 0x000000007FFF0200 000040
[    0.092585] ACPI: APIC 0x000000007FFF0240 000054 (v02 VBOX   VBOXAPIC 00000001 ASL  00000061)
[    0.092588] ACPI: SSDT 0x000000007FFF02A0 000038 (v01 VBOX   VBOXCPUT 00000002 VBOX 00029BF3)
[    0.092592] ACPI: Reserving FACP table memory at [mem 0x7fff00f0-0x7fff01e3]
[    0.092593] ACPI: Reserving DSDT table memory at [mem 0x7fff02e0-0x7fff2632]
[    0.092593] ACPI: Reserving FACS table memory at [mem 0x7fff0200-0x7fff023f]
[    0.092594] ACPI: Reserving FACS table memory at [mem 0x7fff0200-0x7fff023f]
[    0.092595] ACPI: Reserving APIC table memory at [mem 0x7fff0240-0x7fff0293]
[    0.092595] ACPI: Reserving SSDT table memory at [mem 0x7fff02a0-0x7fff02d7]
[    0.092610] ACPI: Local APIC address 0xfee00000
[    0.092798] No NUMA configuration found
[    0.092799] Faking a node at [mem 0x0000000000000000-0x000000007ffeffff]
[    0.092809] NODE_DATA(0) allocated [mem 0x7ffc5000-0x7ffeffff]
[    0.093070] Zone ranges:
[    0.093071]   DMA      [mem 0x0000000000001000-0x0000000000ffffff]
[    0.093072]   DMA32    [mem 0x0000000001000000-0x000000007ffeffff]
[    0.093073]   Normal   empty
[    0.093074]   Device   empty
[    0.093075] Movable zone start for each node
[    0.093077] Early memory node ranges
[    0.093077]   node   0: [mem 0x0000000000001000-0x000000000009efff]
[    0.093078]   node   0: [mem 0x0000000000100000-0x000000007ffeffff]
[    0.093081] Zeroed struct page in unavailable ranges: 114 pages
[    0.093082] Initmem setup node 0 [mem 0x0000000000001000-0x000000007ffeffff]
[    0.093083] On node 0 totalpages: 524174
[    0.093085]   DMA zone: 64 pages used for memmap
[    0.093085]   DMA zone: 21 pages reserved
[    0.093086]   DMA zone: 3998 pages, LIFO batch:0
[    0.093159]   DMA32 zone: 8128 pages used for memmap
[    0.093160]   DMA32 zone: 520176 pages, LIFO batch:63
[    0.102091] ACPI: PM-Timer IO Port: 0x4008
[    0.102095] ACPI: Local APIC address 0xfee00000
[    0.102163] IOAPIC[0]: apic_id 1, version 32, address 0xfec00000, GSI 0-23
[    0.102167] ACPI: INT_SRC_OVR (bus 0 bus_irq 0 global_irq 2 dfl dfl)
[    0.102169] ACPI: INT_SRC_OVR (bus 0 bus_irq 9 global_irq 9 low level)
[    0.102170] ACPI: IRQ0 used by override.
[    0.102172] ACPI: IRQ9 used by override.
[    0.102174] Using ACPI (MADT) for SMP configuration information
[    0.102181] smpboot: Allowing 1 CPUs, 0 hotplug CPUs
[    0.102203] PM: Registered nosave memory: [mem 0x00000000-0x00000fff]
[    0.102204] PM: Registered nosave memory: [mem 0x0009f000-0x0009ffff]
[    0.102205] PM: Registered nosave memory: [mem 0x000a0000-0x000effff]
[    0.102206] PM: Registered nosave memory: [mem 0x000f0000-0x000fffff]
[    0.102207] [mem 0x80000000-0xfebfffff] available for PCI devices
[    0.102208] Booting paravirtualized kernel on KVM
[    0.102211] clocksource: refined-jiffies: mask: 0xffffffff max_cycles: 0xffffffff, max_idle_ns: 7645519600211568 ns
[    0.102216] setup_percpu: NR_CPUS:8192 nr_cpumask_bits:1 nr_cpu_ids:1 nr_node_ids:1
[    0.103237] percpu: Embedded 60 pages/cpu s208896 r8192 d28672 u2097152
[    0.103242] pcpu-alloc: s208896 r8192 d28672 u2097152 alloc=1*2097152
[    0.103243] pcpu-alloc: [0] 0 
[    0.103269] Built 1 zonelists, mobility grouping on.  Total pages: 515961
[    0.103270] Policy zone: DMA32
[    0.103271] Kernel command line: BOOT_IMAGE=/boot/vmlinuz-5.4.243-mptcp root=UUID=98415a12-53b7-4144-8265-0f7ece09e445 ro quiet splash
[    0.104127] Dentry cache hash table entries: 262144 (order: 9, 2097152 bytes, linear)
[    0.104275] Inode-cache hash table entries: 131072 (order: 8, 1048576 bytes, linear)
[    0.104326] mem auto-init: stack:off, heap alloc:on, heap free:off
[    0.104329] Calgary: detecting Calgary via BIOS EBDA area
[    0.104330] Calgary: Unable to locate Rio Grande table in EBDA - bailing!
[    0.108616] Memory: 1967332K/2096696K available (14339K kernel code, 2398K rwdata, 4712K rodata, 2728K init, 17260K bss, 129364K reserved, 0K cma-reserved)
[    0.109558] SLUB: HWalign=64, Order=0-3, MinObjects=0, CPUs=1, Nodes=1
[    0.109575] ftrace: allocating 43186 entries in 169 pages
[    0.127775] rcu: Hierarchical RCU implementation.
[    0.127777] rcu: 	RCU restricting CPUs from NR_CPUS=8192 to nr_cpu_ids=1.
[    0.127778] 	Tasks RCU enabled.
[    0.127779] rcu: RCU calculated value of scheduler-enlistment delay is 25 jiffies.
[    0.127780] rcu: Adjusting geometry for rcu_fanout_leaf=16, nr_cpu_ids=1
[    0.130732] NR_IRQS: 524544, nr_irqs: 256, preallocated irqs: 16
[    0.130947] random: crng init done
[    0.140375] Console: colour VGA+ 80x25
[    0.140380] printk: console [tty0] enabled
[    0.140404] ACPI: Core revision 20190816
[    0.140507] APIC: Switch to symmetric I/O mode setup
[    0.140760] x2apic enabled
[    0.140997] Switched APIC routing to physical x2apic.
[    0.142200] ..TIMER: vector=0x30 apic1=0 pin1=2 apic2=-1 pin2=-1
[    0.142237] clocksource: tsc-early: mask: 0xffffffffffffffff max_cycles: 0x1e4530a99b6, max_idle_ns: 440795257976 ns
[    0.142244] Calibrating delay loop (skipped) preset value.. 4200.00 BogoMIPS (lpj=8400000)
[    0.142247] pid_max: default: 32768 minimum: 301
[    0.142278] LSM: Security Framework initializing
[    0.142287] Yama: becoming mindful.
[    0.142316] AppArmor: AppArmor initialized
[    0.142354] Mount-cache hash table entries: 4096 (order: 3, 32768 bytes, linear)
[    0.142359] Mountpoint-cache hash table entries: 4096 (order: 3, 32768 bytes, linear)
[    0.142373] *** VALIDATE tmpfs ***
[    0.142510] *** VALIDATE proc ***
[    0.142555] *** VALIDATE cgroup1 ***
[    0.142557] *** VALIDATE cgroup2 ***
[    0.142707] process: using mwait in idle threads
[    0.142712] Last level iTLB entries: 4KB 64, 2MB 8, 4MB 8
[    0.142712] Last level dTLB entries: 4KB 64, 2MB 0, 4MB 0, 1GB 4
[    0.142733] Spectre V1 : Mitigation: usercopy/swapgs barriers and __user pointer sanitization
[    0.142738] Spectre V2 : Mitigation: Retpolines
[    0.142739] Spectre V2 : Spectre v2 / SpectreRSB mitigation: Filling RSB on context switch
[    0.142739] Spectre V2 : Spectre v2 / SpectreRSB : Filling RSB on VMEXIT
[    0.142740] RETBleed: WARNING: Spectre v2 mitigation leaves CPU vulnerable to RETBleed attacks, data leaks possible!
[    0.143093] RETBleed: Vulnerable
[    0.143094] Speculative Store Bypass: Vulnerable
[    0.143099] TAA: Mitigation: TSX disabled
[    0.143099] MMIO Stale Data: Mitigation: Clear CPU buffers
[    0.147409] Freeing SMP alternatives memory: 40K
[    0.259733] smpboot: CPU0: Intel(R) Xeon(R) Silver 4216 CPU @ 2.10GHz (family: 0x6, model: 0x55, stepping: 0x7)
[    0.259880] Performance Events: unsupported p6 CPU model 85 no PMU driver, software events only.
[    0.259917] rcu: Hierarchical SRCU implementation.
[    0.260394] NMI watchdog: Perf NMI watchdog permanently disabled
[    0.260433] smp: Bringing up secondary CPUs ...
[    0.260434] smp: Brought up 1 node, 1 CPU
[    0.260435] smpboot: Max logical packages: 1
[    0.260436] smpboot: Total of 1 processors activated (4200.00 BogoMIPS)
[    0.261736] devtmpfs: initialized
[    0.261803] x86/mm: Memory block size: 128MB
[    0.262240] clocksource: jiffies: mask: 0xffffffff max_cycles: 0xffffffff, max_idle_ns: 7645041785100000 ns
[    0.262240] futex hash table entries: 256 (order: 2, 16384 bytes, linear)
[    0.262240] pinctrl core: initialized pinctrl subsystem
[    0.262240] PM: RTC time: 19:40:26, date: 2026-01-18
[    0.262240] NET: Registered protocol family 16
[    0.262240] audit: initializing netlink subsys (disabled)
[    0.262240] EISA bus registered
[    0.262240] cpuidle: using governor ladder
[    0.262240] cpuidle: using governor menu
[    0.262240] ACPI: bus type PCI registered
[    0.262240] acpiphp: ACPI Hot Plug PCI Controller Driver version: 0.5
[    0.262240] PCI: Using configuration type 1 for base access
[    0.263395] audit: type=2000 audit(1768736432.968:1): state=initialized audit_enabled=0 res=1
[    0.263478] HugeTLB registered 2.00 MiB page size, pre-allocated 0 pages
[    0.264301] ACPI: Added _OSI(Module Device)
[    0.264302] ACPI: Added _OSI(Processor Device)
[    0.264303] ACPI: Added _OSI(3.0 _SCP Extensions)
[    0.264303] ACPI: Added _OSI(Processor Aggregator Device)
[    0.264304] ACPI: Added _OSI(Linux-Dell-Video)
[    0.264305] ACPI: Added _OSI(Linux-Lenovo-NV-HDMI-Audio)
[    0.264306] ACPI: Added _OSI(Linux-HPI-Hybrid-Graphics)
[    0.266240] ACPI: 2 ACPI AML tables successfully acquired and loaded
[    0.267755] ACPI: Interpreter enabled
[    0.267765] ACPI: (supports S0 S5)
[    0.267766] ACPI: Using IOAPIC for interrupt routing
[    0.267972] PCI: Using host bridge windows from ACPI; if necessary, use "pci=nocrs" and report a bug
[    0.268077] ACPI: Enabled 2 GPEs in block 00 to 07
[    0.273125] ACPI: PCI Root Bridge [PCI0] (domain 0000 [bus 00-ff])
[    0.273130] acpi PNP0A03:00: _OSC: OS supports [ASPM ClockPM Segments MSI HPX-Type3]
[    0.273577] acpi PNP0A03:00: _OSC: not requesting OS control; OS requires [ExtendedConfig ASPM ClockPM MSI]
[    0.273588] acpi PNP0A03:00: fail to add MMCONFIG information, can't access extended PCI configuration space under this bridge.
[    0.273996] PCI host bridge to bus 0000:00
[    0.273998] pci_bus 0000:00: root bus resource [io  0x0000-0x0cf7 window]
[    0.274000] pci_bus 0000:00: root bus resource [io  0x0d00-0xffff window]
[    0.274001] pci_bus 0000:00: root bus resource [mem 0x000a0000-0x000bffff window]
[    0.274002] pci_bus 0000:00: root bus resource [mem 0x80000000-0xfdffffff window]
[    0.274003] pci_bus 0000:00: root bus resource [bus 00-ff]
[    0.274048] pci 0000:00:00.0: [8086:1237] type 00 class 0x060000
[    0.275025] pci 0000:00:01.0: [8086:7000] type 00 class 0x060100
[    0.275856] pci 0000:00:01.1: [8086:7111] type 00 class 0x01018a
[    0.276233] pci 0000:00:01.1: reg 0x20: [io  0xd000-0xd00f]
[    0.276387] pci 0000:00:01.1: legacy IDE quirk: reg 0x10: [io  0x01f0-0x01f7]
[    0.276388] pci 0000:00:01.1: legacy IDE quirk: reg 0x14: [io  0x03f6]
[    0.276389] pci 0000:00:01.1: legacy IDE quirk: reg 0x18: [io  0x0170-0x0177]
[    0.276390] pci 0000:00:01.1: legacy IDE quirk: reg 0x1c: [io  0x0376]
[    0.276931] pci 0000:00:02.0: [15ad:0405] type 00 class 0x030000
[    0.278319] pci 0000:00:02.0: reg 0x10: [io  0xd010-0xd01f]
[    0.282285] pci 0000:00:02.0: reg 0x14: [mem 0xe0000000-0xe7ffffff pref]
[    0.284940] pci 0000:00:02.0: reg 0x18: [mem 0xf0000000-0xf01fffff]
[    0.295028] pci 0000:00:03.0: [1022:2000] type 00 class 0x020000
[    0.295697] pci 0000:00:03.0: reg 0x10: [io  0xd020-0xd03f]
[    0.296304] pci 0000:00:03.0: reg 0x14: [mem 0xf0200000-0xf0200fff]
[    0.301281] pci 0000:00:04.0: [80ee:cafe] type 00 class 0x088000
[    0.301946] pci 0000:00:04.0: reg 0x10: [io  0xd040-0xd05f]
[    0.302358] pci 0000:00:04.0: reg 0x14: [mem 0xf0400000-0xf07fffff]
[    0.302961] pci 0000:00:04.0: reg 0x18: [mem 0xf0800000-0xf0803fff pref]
[    0.306281] pci 0000:00:07.0: [8086:7113] type 00 class 0x068000
[    0.306857] pci 0000:00:07.0: quirk: [io  0x4000-0x403f] claimed by PIIX4 ACPI
[    0.306868] pci 0000:00:07.0: quirk: [io  0x4100-0x410f] claimed by PIIX4 SMB
[    0.307507] pci 0000:00:08.0: [8086:100e] type 00 class 0x020000
[    0.308260] pci 0000:00:08.0: reg 0x10: [mem 0xf0820000-0xf083ffff]
[    0.309492] pci 0000:00:08.0: reg 0x18: [io  0xd060-0xd067]
[    0.312488] pci 0000:00:09.0: [8086:100e] type 00 class 0x020000
[    0.313198] pci 0000:00:09.0: reg 0x10: [mem 0xf0840000-0xf085ffff]
[    0.314930] pci 0000:00:09.0: reg 0x18: [io  0xd068-0xd06f]
[    0.323374] ACPI: PCI Interrupt Link [LNKA] (IRQs 5 9 10 *11)
[    0.326396] ACPI: PCI Interrupt Link [LNKB] (IRQs 5 9 *10 11)
[    0.326498] ACPI: PCI Interrupt Link [LNKC] (IRQs 5 *9 10 11)
[    0.326602] ACPI: PCI Interrupt Link [LNKD] (IRQs 5 9 10 *11)
[    0.326868] iommu: Default domain type: Translated 
[    0.326928] pci 0000:00:02.0: vgaarb: setting as boot VGA device
[    0.326930] pci 0000:00:02.0: vgaarb: VGA device added: decodes=io+mem,owns=io+mem,locks=none
[    0.326932] pci 0000:00:02.0: vgaarb: bridge control possible
[    0.326933] vgaarb: loaded
[    0.327148] SCSI subsystem initialized
[    0.327180] libata version 3.00 loaded.
[    0.327202] ACPI: bus type USB registered
[    0.327219] usbcore: registered new interface driver usbfs
[    0.327225] usbcore: registered new interface driver hub
[    0.327230] usbcore: registered new device driver usb
[    0.327258] pps_core: LinuxPPS API ver. 1 registered
[    0.327259] pps_core: Software ver. 5.3.6 - Copyright 2005-2007 Rodolfo Giometti <giometti@linux.it>
[    0.327261] PTP clock support registered
[    0.327298] EDAC MC: Ver: 3.0.0
[    0.327604] PCI: Using ACPI for IRQ routing
[    0.327606] PCI: pci_cache_line_size set to 64 bytes
[    0.327783] e820: reserve RAM buffer [mem 0x0009fc00-0x0009ffff]
[    0.327787] e820: reserve RAM buffer [mem 0x7fff0000-0x7fffffff]
[    0.328587] NetLabel: Initializing
[    0.328588] NetLabel:  domain hash size = 128
[    0.328588] NetLabel:  protocols = UNLABELED CIPSOv4 CALIPSO
[    0.328608] NetLabel:  unlabeled traffic allowed by default
[    0.329509] clocksource: Switched to clocksource kvm-clock
[    0.341070] *** VALIDATE bpf ***
[    0.341136] VFS: Disk quotas dquot_6.6.0
[    0.341149] VFS: Dquot-cache hash table entries: 512 (order 0, 4096 bytes)
[    0.341172] *** VALIDATE ramfs ***
[    0.341176] *** VALIDATE hugetlbfs ***
[    0.341260] AppArmor: AppArmor Filesystem Enabled
[    0.341290] pnp: PnP ACPI init
[    0.341364] pnp 00:00: Plug and Play ACPI device, IDs PNP0303 (active)
[    0.341435] pnp 00:01: Plug and Play ACPI device, IDs PNP0f03 (active)
[    0.342168] pnp: PnP ACPI: found 2 devices
[    0.343138] thermal_sys: Registered thermal governor 'fair_share'
[    0.343139] thermal_sys: Registered thermal governor 'bang_bang'
[    0.343140] thermal_sys: Registered thermal governor 'step_wise'
[    0.343140] thermal_sys: Registered thermal governor 'user_space'
[    0.343141] thermal_sys: Registered thermal governor 'power_allocator'
[    0.347672] clocksource: acpi_pm: mask: 0xffffff max_cycles: 0xffffff, max_idle_ns: 2085701024 ns
[    0.347713] pci_bus 0000:00: resource 4 [io  0x0000-0x0cf7 window]
[    0.347715] pci_bus 0000:00: resource 5 [io  0x0d00-0xffff window]
[    0.347716] pci_bus 0000:00: resource 6 [mem 0x000a0000-0x000bffff window]
[    0.347717] pci_bus 0000:00: resource 7 [mem 0x80000000-0xfdffffff window]
[    0.347776] NET: Registered protocol family 2
[    0.347850] IP idents hash table entries: 32768 (order: 6, 262144 bytes, linear)
[    0.348272] MPTCP tokens hash table entries: 8192 (order: 4, 65536 bytes, linear)
[    0.348292] MPTCP request tokens hash table entries: 8192 (order: 4, 65536 bytes, linear)
[    0.348318] default registered
[    0.348318] default registered
[    0.348318] MPTCP: Stable release v0.96
[    0.348324] tcp_listen_portaddr_hash hash table entries: 1024 (order: 2, 16384 bytes, linear)
[    0.348406] TCP established hash table entries: 16384 (order: 5, 131072 bytes, linear)
[    0.348474] TCP bind hash table entries: 16384 (order: 6, 262144 bytes, linear)
[    0.348499] TCP: Hash tables configured (established 16384 bind 16384)
[    0.349209] UDP hash table entries: 1024 (order: 3, 32768 bytes, linear)
[    0.349220] UDP-Lite hash table entries: 1024 (order: 3, 32768 bytes, linear)
[    0.349256] NET: Registered protocol family 1
[    0.349264] NET: Registered protocol family 44
[    0.349289] pci 0000:00:00.0: Limiting direct PCI/PCI transfers
[    0.349302] pci 0000:00:01.0: Activating ISA DMA hang workarounds
[    0.349358] pci 0000:00:02.0: Video device with shadowed ROM at [mem 0x000c0000-0x000dffff]
[    0.349426] PCI: CLS 0 bytes, default 64
[    0.349476] Trying to unpack rootfs image as initramfs...
[    0.523851] Freeing initrd memory: 47868K
[    0.523851] clocksource: tsc: mask: 0xffffffffffffffff max_cycles: 0x1e4530a99b6, max_idle_ns: 440795257976 ns
[    0.523851] clocksource: Switched to clocksource tsc
[    0.523851] platform rtc_cmos: registered platform RTC device (no PNP device found)
[    0.523851] check: Scanning for low memory corruption every 60 seconds
[    0.523851] Initialise system trusted keyrings
[    0.523851] Key type blacklist registered
[    0.523851] workingset: timestamp_bits=36 max_order=19 bucket_order=0
[    0.523851] zbud: loaded
[    0.523851] squashfs: version 4.0 (2009/01/31) Phillip Lougher
[    0.523851] fuse: init (API version 7.31)
[    0.523851] *** VALIDATE fuse ***
[    0.523851] *** VALIDATE fuse ***
[    0.523851] Platform Keyring initialized
[    0.538732] Key type asymmetric registered
[    0.538733] Asymmetric key parser 'x509' registered
[    0.538743] Block layer SCSI generic (bsg) driver version 0.4 loaded (major 244)
[    0.538780] io scheduler mq-deadline registered
[    0.538902] shpchp: Standard Hot Plug PCI Controller Driver version: 0.4
[    0.539106] ACPI: AC Adapter [AC] (on-line)
[    0.539152] input: Power Button as /devices/LNXSYSTM:00/LNXPWRBN:00/input/input0
[    0.539181] ACPI: Power Button [PWRF]
[    0.539267] input: Sleep Button as /devices/LNXSYSTM:00/LNXSLPBN:00/input/input1
[    0.539281] ACPI: Sleep Button [SLPF]
[    0.539535] Serial: 8250/16550 driver, 32 ports, IRQ sharing enabled
[    0.540704] Linux agpgart interface v0.103
[    0.631371] loop: module loaded
[    0.631534] ata_piix 0000:00:01.1: version 2.13
[    0.631963] scsi host0: ata_piix
[    0.632059] scsi host1: ata_piix
[    0.632085] ata1: PATA max UDMA/33 cmd 0x1f0 ctl 0x3f6 bmdma 0xd000 irq 14
[    0.632086] ata2: PATA max UDMA/33 cmd 0x170 ctl 0x376 bmdma 0xd008 irq 15
[    0.632236] tun: Universal TUN/TAP device driver, 1.6
[    0.632772] PPP generic driver version 2.4.2
[    0.632827] VFIO - User Level meta-driver version: 0.3
[    0.633306] ehci_hcd: USB 2.0 'Enhanced' Host Controller (EHCI) Driver
[    0.633312] ehci-pci: EHCI PCI platform driver
[    0.633334] ehci-platform: EHCI generic platform driver
[    0.633340] ohci_hcd: USB 1.1 'Open' Host Controller (OHCI) Driver
[    0.633342] ohci-pci: OHCI PCI platform driver
[    0.633349] ohci-platform: OHCI generic platform driver
[    0.633353] uhci_hcd: USB Universal Host Controller Interface driver
[    0.633435] i8042: PNP: PS/2 Controller [PNP0303:PS2K,PNP0f03:PS2M] at 0x60,0x64 irq 1,12
[    0.634677] serio: i8042 KBD port at 0x60,0x64 irq 1
[    0.634684] serio: i8042 AUX port at 0x60,0x64 irq 12
[    0.634799] mousedev: PS/2 mouse device common for all mice
[    0.635330] input: AT Translated Set 2 keyboard as /devices/platform/i8042/serio0/input/input2
[    0.636286] rtc_cmos rtc_cmos: registered as rtc0
[    0.636305] rtc_cmos rtc_cmos: alarms up to one day, 114 bytes nvram
[    0.636313] i2c /dev entries driver
[    0.636371] device-mapper: uevent: version 1.0.3
[    0.636424] device-mapper: ioctl: 4.41.0-ioctl (2019-09-16) initialised: dm-devel@redhat.com
[    0.636445] platform eisa.0: Probing EISA bus 0
[    0.636447] platform eisa.0: EISA: Cannot allocate resource for mainboard
[    0.636448] platform eisa.0: Cannot allocate resource for EISA slot 1
[    0.636449] platform eisa.0: Cannot allocate resource for EISA slot 2
[    0.636450] platform eisa.0: Cannot allocate resource for EISA slot 3
[    0.636452] platform eisa.0: Cannot allocate resource for EISA slot 4
[    0.636453] platform eisa.0: Cannot allocate resource for EISA slot 5
[    0.636454] platform eisa.0: Cannot allocate resource for EISA slot 6
[    0.636455] platform eisa.0: Cannot allocate resource for EISA slot 7
[    0.636456] platform eisa.0: Cannot allocate resource for EISA slot 8
[    0.636458] platform eisa.0: EISA: Detected 0 cards
[    0.636461] intel_pstate: CPU model not supported
[    0.636472] ledtrig-cpu: registered to indicate activity on CPUs
[    0.636543] drop_monitor: Initializing network drop monitor service
[    0.636736] NET: Registered protocol family 10
[    0.640154] Segment Routing with IPv6
[    0.640154] fullmesh registered
[    0.640154] ndiffports registered
[    0.640154] binder registered
[    0.640154] roundrobin registered
[    0.640154] redundant registered
[    0.640154] blest registered
[    0.640154] ecf registered
[    0.640154] NET: Registered protocol family 17
[    0.640154] Key type dns_resolver registered
[    0.640154] RAS: Correctable Errors collector initialized.
[    0.640154] IPI shorthand broadcast: enabled
[    0.640154] sched_clock: Marking stable (624851512, 11302684)->(639186421, -3032225)
[    0.642152] registered taskstats version 1
[    0.642160] Loading compiled-in X.509 certificates
[    0.642751] Loaded X.509 cert 'Build time autogenerated kernel key: 6909f3744cebb3d0de528d5887b96a727de79b1e'
[    0.642770] zswap: loaded using pool lzo/zbud
[    0.642824] Key type ._fscrypt registered
[    0.642824] Key type .fscrypt registered
[    0.647380] Key type big_key registered
[    0.649592] Key type encrypted registered
[    0.649595] AppArmor: AppArmor sha1 policy hashing enabled
[    0.649603] ima: No TPM chip found, activating TPM-bypass!
[    0.649607] ima: Allocated hash algorithm: sha1
[    0.649613] ima: No architecture policies found
[    0.649623] evm: Initialising EVM extended attributes:
[    0.649624] evm: security.selinux
[    0.649624] evm: security.SMACK64
[    0.649625] evm: security.SMACK64EXEC
[    0.649625] evm: security.SMACK64TRANSMUTE
[    0.649625] evm: security.SMACK64MMAP
[    0.649626] evm: security.apparmor
[    0.649626] evm: security.ima
[    0.649627] evm: security.capability
[    0.649628] evm: HMAC attrs: 0x1
[    0.649924] PM:   Magic number: 10:470:698
[    0.650087] rtc_cmos rtc_cmos: setting system clock to 2026-01-18T19:40:27 UTC (1768765227)
[    0.802991] ata1.00: ATA-6: VBOX HARDDISK, 1.0, max UDMA/133
[    0.802993] ata1.00: 209715200 sectors, multi 128: LBA 
[    0.803442] scsi 0:0:0:0: Direct-Access     ATA      VBOX HARDDISK    1.0  PQ: 0 ANSI: 5
[    0.803621] sd 0:0:0:0: [sda] 209715200 512-byte logical blocks: (107 GB/100 GiB)
[    0.803628] sd 0:0:0:0: [sda] Write Protect is off
[    0.803630] sd 0:0:0:0: [sda] Mode Sense: 00 3a 00 00
[    0.803641] sd 0:0:0:0: [sda] Write cache: enabled, read cache: enabled, doesn't support DPO or FUA
[    0.803835] sd 0:0:0:0: Attached scsi generic sg0 type 0
[    0.804472]  sda: sda1 sda2
[    0.815443] sd 0:0:0:0: [sda] Attached SCSI disk
[    0.817321] Freeing unused decrypted memory: 2040K
[    0.818019] Freeing unused kernel image memory: 2728K
[    0.818021] Write protecting the kernel read-only data: 22528k
[    0.818700] Freeing unused kernel image memory: 2036K
[    0.819091] Freeing unused kernel image memory: 1432K
[    0.832597] x86/mm: Checked W+X mappings: passed, no W+X pages found.
[    0.832600] Run /init as init process
[    0.937083] ACPI: Video Device [GFX0] (multi-head: yes  rom: no  post: no)
[    0.937157] input: Video Bus as /devices/LNXSYSTM:00/LNXSYBUS:00/PNP0A03:00/LNXVIDEO:00/input/input4
[    0.950441] pcnet32: pcnet32.c:v1.35 21.Apr.2008 tsbogend@alpha.franken.de
[    0.952281] piix4_smbus 0000:00:07.0: SMBus Host Controller at 0x4100, revision 0
[    0.954707] e1000: Intel(R) PRO/1000 Network Driver - version 7.3.21-k8-NAPI
[    0.954708] e1000: Copyright (c) 1999-2006 Intel Corporation.
[    0.964889] pcnet32: PCnet/FAST III 79C973 at 0xd020, 08:00:27:28:23:e3 assigned IRQ 19
[    0.964934] pcnet32: Found PHY 0022:561b at address 0
[    0.965235] pcnet32: eth0: registered as PCnet/FAST III 79C973
[    0.971288] pcnet32: 1 cards_found
[    1.024795] pcnet32 0000:00:03.0 enp0s3: renamed from eth0
[    1.165128] input: ImExPS/2 Generic Explorer Mouse as /devices/platform/i8042/serio1/input/input5
[    1.365725] e1000 0000:00:08.0 eth0: (PCI:33MHz:32-bit) 08:00:27:2b:0e:6b
[    1.365729] e1000 0000:00:08.0 eth0: Intel(R) PRO/1000 Network Connection
[    1.747729] e1000 0000:00:09.0 eth1: (PCI:33MHz:32-bit) 08:00:27:ad:2d:e9
[    1.747732] e1000 0000:00:09.0 eth1: Intel(R) PRO/1000 Network Connection
[    1.749003] e1000 0000:00:09.0 enp0s9: renamed from eth1
[    1.751017] e1000 0000:00:08.0 enp0s8: renamed from eth0
[    1.906615] EXT4-fs (sda2): mounted filesystem with ordered data mode. Opts: (null)
[    2.001986] systemd[1]: Inserted module 'autofs4'
[    2.014237] systemd[1]: systemd 245.4-4ubuntu3 running in system mode. (+PAM +AUDIT +SELINUX +IMA +APPARMOR +SMACK +SYSVINIT +UTMP +LIBCRYPTSETUP +GCRYPT +GNUTLS +ACL +XZ +LZ4 +SECCOMP +BLKID +ELFUTILS +KMOD +IDN2 -IDN +PCRE2 default-hierarchy=hybrid)
[    2.014270] systemd[1]: Detected virtualization oracle.
[    2.014274] systemd[1]: Detected architecture x86-64.
[    2.015735] systemd[1]: Set hostname to <ztg>.
[    2.150756] systemd[1]: /lib/systemd/system/dbus.socket:5: ListenStream= references a path below legacy directory /var/run/, updating /var/run/dbus/system_bus_socket â†’ /run/dbus/system_bus_socket; please update the unit file accordingly.
[    2.206182] systemd[1]: Created slice system-modprobe.slice.
[    2.206378] systemd[1]: Created slice User and Session Slice.
[    2.206424] systemd[1]: Started Forward Password Requests to Wall Directory Watch.
[    2.206592] systemd[1]: Set up automount Arbitrary Executable File Formats File System Automount Point.
[    2.206624] systemd[1]: Reached target User and Group Name Lookups.
[    2.206633] systemd[1]: Reached target Remote File Systems.
[    2.206641] systemd[1]: Reached target Slices.
[    2.207219] systemd[1]: Listening on Syslog Socket.
[    2.207289] systemd[1]: Listening on fsck to fsckd communication Socket.
[    2.207326] systemd[1]: Listening on initctl Compatibility Named Pipe.
[    2.207540] systemd[1]: Listening on Journal Audit Socket.
[    2.207597] systemd[1]: Listening on Journal Socket (/dev/log).
[    2.207668] systemd[1]: Listening on Journal Socket.
[    2.207734] systemd[1]: Listening on udev Control Socket.
[    2.207784] systemd[1]: Listening on udev Kernel Socket.
[    2.208620] systemd[1]: Mounting Huge Pages File System...
[    2.209630] systemd[1]: Mounting POSIX Message Queue File System...
[    2.210602] systemd[1]: Mounting Kernel Debug File System...
[    2.211494] systemd[1]: Mounting Kernel Trace File System...
[    2.214110] systemd[1]: Starting Journal Service...
[    2.240858] systemd[1]: Starting Set the console keyboard layout...
[    2.249189] systemd[1]: Starting Create list of static device nodes for the current kernel...
[    2.251267] systemd[1]: Starting Load Kernel Module drm...
[    2.255930] systemd[1]: Condition check resulted in Set Up Additional Binary Formats being skipped.
[    2.256321] systemd[1]: Condition check resulted in File System Check on Root Device being skipped.
[    2.263966] systemd[1]: Starting Load Kernel Modules...
[    2.272812] systemd[1]: Starting Remount Root and Kernel File Systems...
[    2.282444] systemd[1]: Starting udev Coldplug all Devices...
[    2.294960] systemd[1]: Starting Uncomplicated firewall...
[    2.296600] EXT4-fs (sda2): re-mounted. Opts: errors=remount-ro
[    2.302165] systemd[1]: Mounted Huge Pages File System.
[    2.302266] systemd[1]: Mounted POSIX Message Queue File System.
[    2.302350] systemd[1]: Mounted Kernel Debug File System.
[    2.302444] systemd[1]: Mounted Kernel Trace File System.
[    2.333447] systemd[1]: Finished Create list of static device nodes for the current kernel.
[    2.333784] systemd[1]: modprobe@drm.service: Succeeded.
[    2.334196] systemd[1]: Finished Load Kernel Module drm.
[    2.335255] systemd[1]: Finished Remount Root and Kernel File Systems.
[    2.341913] systemd[1]: Finished Uncomplicated firewall.
[    2.344453] lp: driver loaded but no devices found
[    2.361899] systemd[1]: Condition check resulted in Rebuild Hardware Database being skipped.
[    2.361940] systemd[1]: Condition check resulted in Platform Persistent Storage Archival being skipped.
[    2.362657] systemd[1]: Starting Load/Save Random Seed...
[    2.369759] systemd[1]: Starting Create System Users...
[    2.375177] ppdev: user-space parallel port driver
[    2.387302] systemd[1]: Finished Load/Save Random Seed.
[    2.389730] systemd[1]: Finished Create System Users.
[    2.391830] systemd[1]: Starting Create Static Device Nodes in /dev...
[    2.431597] systemd[1]: Finished Create Static Device Nodes in /dev.
[    2.432437] systemd[1]: Starting udev Kernel Device Manager...
[    2.458297] systemd[1]: Finished udev Coldplug all Devices.
[    2.459335] [drm] DMA map mode: Caching DMA mappings.
[    2.459400] [drm] Capabilities:
[    2.459400] [drm]   Rect copy.
[    2.459400] [drm]   Cursor.
[    2.459401] [drm]   Cursor bypass.
[    2.459401] [drm]   Cursor bypass 2.
[    2.459401] [drm]   Alpha cursor.
[    2.459402] [drm]   Extended Fifo.
[    2.459402] [drm]   Pitchlock.
[    2.459402] [drm]   Irq mask.
[    2.459403] [drm]   GMR.
[    2.459403] [drm]   Traces.
[    2.459403] [drm]   GMR2.
[    2.459404] [drm]   Screen Object 2.
[    2.459404] [drm]   Command Buffers.
[    2.459405] [drm]   Command Buffers 2.
[    2.459405] [drm]   Guest Backed Resources.
[    2.459406] [drm] Max GMR ids is 8192
[    2.459406] [drm] Max number of GMR pages is 1048576
[    2.459407] [drm] Max dedicated hypervisor surface memory is 393216 kiB
[    2.459407] [drm] Maximum display memory size is 131072 kiB
[    2.459408] [drm] VRAM at 0xe0000000 size is 131072 kiB
[    2.459409] [drm] MMIO at 0xf0000000 size is 2048 kiB
[    2.460004] [TTM] Zone  kernel: Available graphics memory: 1011738 KiB
[    2.460004] [TTM] Initializing pool allocator
[    2.460008] [TTM] Initializing DMA pool allocator
[    2.460068] [drm] Supports vblank timestamp caching Rev 2 (21.10.2013).
[    2.460069] [drm] No driver support for vblank timestamp query.
[    2.460330] [drm] Screen Target Display device initialized
[    2.460707] [drm] width 720
[    2.460717] [drm] height 400
[    2.460720] [drm] bpp 32
[    2.461254] [drm] Fifo max 0x00200000 min 0x00001000 cap 0x00000355
[    2.462931] [drm] Using command buffers with DMA pool.
[    2.462935] [drm] DX: no.
[    2.462935] [drm] Atomic: yes.
[    2.462936] [drm] SM4_1: no.
[    2.462959] [drm:vmw_host_log [vmwgfx]] *ERROR* Failed to send host log message.
[    2.467100] [drm:vmw_host_log [vmwgfx]] *ERROR* Failed to send host log message.
[    2.498979] fbcon: svgadrmfb (fb0) is primary device
[    2.524329] Console: switching to colour frame buffer device 100x37
[    2.529586] systemd[1]: Finished Set the console keyboard layout.
[    2.529743] systemd[1]: Reached target Local File Systems (Pre).
[    2.533214] [drm] Initialized vmwgfx 2.15.0 20180704 for 0000:00:02.0 on minor 0
[    2.534715] systemd[1]: Mounting Mount unit for bare, revision 5...
[    2.555894] systemd[1]: Mounting Mount unit for core18, revision 1705...
[    2.572875] systemd[1]: Mounting Mount unit for gnome-3-34-1804, revision 24...
[    2.574768] systemd[1]: Mounting Mount unit for gtk-common-themes, revision 1506...
[    2.580073] systemd[1]: Mounting Mount unit for gtk-common-themes, revision 1535...
[    2.589520] systemd[1]: Mounting Mount unit for snap-store, revision 433...
[    2.608944] systemd[1]: Mounting Mount unit for snapd, revision 25935...
[    2.616850] systemd[1]: Finished Load Kernel Modules.
[    2.620355] systemd[1]: Mounting FUSE Control File System...
[    2.631745] systemd[1]: Mounting Kernel Configuration File System...
[    2.636102] systemd[1]: Starting Apply Kernel Variables...
[    2.648883] systemd[1]: Mounted Mount unit for bare, revision 5.
[    2.649002] systemd[1]: Mounted Mount unit for core18, revision 1705.
[    2.649099] systemd[1]: Mounted Mount unit for gnome-3-34-1804, revision 24.
[    2.649180] systemd[1]: Mounted FUSE Control File System.
[    2.649237] systemd[1]: Condition check resulted in VMware vmblock fuse mount being skipped.
[    2.677898] systemd[1]: Started udev Kernel Device Manager.
[    2.678019] systemd[1]: Mounted Kernel Configuration File System.
[    2.679057] systemd[1]: Starting Show Plymouth Boot Screen...
[    2.690544] systemd[1]: Mounted Mount unit for gtk-common-themes, revision 1506.
[    2.696112] systemd[1]: Finished Apply Kernel Variables.
[    2.698243] systemd[1]: Received SIGRTMIN+20 from PID 281 (plymouthd).
[    2.704857] systemd[1]: Mounted Mount unit for gtk-common-themes, revision 1535.
[    2.708501] systemd[1]: Mounted Mount unit for snap-store, revision 433.
[    2.708716] systemd[1]: Mounted Mount unit for snapd, revision 25935.
[    2.708877] systemd[1]: Reached target Local File Systems.
[    2.709669] systemd[1]: Starting Load AppArmor profiles...
[    2.710529] systemd[1]: Starting Set console font and keymap...
[    2.737847] systemd[1]: Starting Tell Plymouth To Write Out Runtime Data...
[    2.739332] systemd[1]: Condition check resulted in Store a System Token in an EFI Variable being skipped.
[    2.739399] systemd[1]: Condition check resulted in Commit a transient machine-id on disk being skipped.
[    2.739598] systemd[1]: Started Show Plymouth Boot Screen.
[    2.743317] systemd[1]: Condition check resulted in Dispatch Password Requests to Console Directory Watch being skipped.
[    2.743406] systemd[1]: Started Forward Password Requests to Plymouth Directory Watch.
[    2.743734] systemd[1]: Reached target Local Encrypted Volumes.
[    2.744151] systemd[1]: Finished Set console font and keymap.
[    2.753992] systemd[1]: Received SIGRTMIN+20 from PID 281 (plymouthd).
[    2.755289] systemd[1]: plymouth-read-write.service: Succeeded.
[    2.755549] systemd[1]: Finished Tell Plymouth To Write Out Runtime Data.
[    2.792064] audit: type=1400 audit(1768765229.640:2): apparmor="STATUS" operation="profile_load" profile="unconfined" name="nvidia_modprobe" pid=300 comm="apparmor_parser"
[    2.792066] audit: type=1400 audit(1768765229.640:3): apparmor="STATUS" operation="profile_load" profile="unconfined" name="nvidia_modprobe//kmod" pid=300 comm="apparmor_parser"
[    2.799054] audit: type=1400 audit(1768765229.644:4): apparmor="STATUS" operation="profile_load" profile="unconfined" name="/usr/sbin/tcpdump" pid=301 comm="apparmor_parser"
[    2.843799] audit: type=1400 audit(1768765229.684:5): apparmor="STATUS" operation="profile_load" profile="unconfined" name="/usr/bin/evince" pid=303 comm="apparmor_parser"
[    2.843801] audit: type=1400 audit(1768765229.684:6): apparmor="STATUS" operation="profile_load" profile="unconfined" name="/usr/bin/evince//sanitized_helper" pid=303 comm="apparmor_parser"
[    2.843803] audit: type=1400 audit(1768765229.684:7): apparmor="STATUS" operation="profile_load" profile="unconfined" name="/usr/bin/evince-previewer" pid=303 comm="apparmor_parser"
[    2.843805] audit: type=1400 audit(1768765229.684:8): apparmor="STATUS" operation="profile_load" profile="unconfined" name="/usr/bin/evince-previewer//sanitized_helper" pid=303 comm="apparmor_parser"
[    2.843807] audit: type=1400 audit(1768765229.684:9): apparmor="STATUS" operation="profile_load" profile="unconfined" name="/usr/bin/evince-thumbnailer" pid=303 comm="apparmor_parser"
[    2.862563] audit: type=1400 audit(1768765229.708:10): apparmor="STATUS" operation="profile_load" profile="unconfined" name="/usr/lib/cups/backend/cups-pdf" pid=304 comm="apparmor_parser"
[    2.971095] systemd[1]: Finished Load AppArmor profiles.
[    2.972527] systemd[1]: Starting Load AppArmor profiles managed internally by snapd...
[    3.106853] systemd[1]: Finished Load AppArmor profiles managed internally by snapd.
[    3.282722] systemd[1]: Started Journal Service.
[    3.290330] systemd-journald[229]: Received client request to flush runtime journal.
[    3.292979] systemd-journald[229]: File /var/log/journal/c455b248004a419c87ce85eea238d727/system.journal corrupted or uncleanly shut down, renaming and replacing.
[    4.649134] RAPL PMU: API unit is 2^-32 Joules, 0 fixed counters, 10737418240 ms ovfl timer
[    4.726310] cryptd: max_cpu_qlen set to 1000
[    4.784948] AVX2 version of gcm_enc/dec engaged.
[    4.784949] AES CTR mode by8 optimization enabled
[    6.680160] Adding 1998844k swap on /dev/sda1.  Priority:-2 extents:1 across:1998844k FS
[    8.555372] kauditd_printk_skb: 30 callbacks suppressed
[    8.555373] audit: type=1400 audit(1768765235.400:41): apparmor="DENIED" operation="capable" profile="/usr/sbin/cups-browsed" pid=508 comm="cups-browsed" capability=23  capname="sys_nice"
[    9.377284] pcnet32 0000:00:03.0 enp0s3: link up, 100Mbps, full-duplex
[    9.413712] e1000: enp0s8 NIC Link is Up 1000 Mbps Full Duplex, Flow Control: RX
[    9.414037] IPv6: ADDRCONF(NETDEV_CHANGE): enp0s8: link becomes ready
[    9.449920] e1000: enp0s9 NIC Link is Up 1000 Mbps Full Duplex, Flow Control: RX
[    9.450215] IPv6: ADDRCONF(NETDEV_CHANGE): enp0s9: link becomes ready
[   10.173359] device enp0s3 entered promiscuous mode
[   10.209684] audit: type=1400 audit(1768765237.040:42): apparmor="DENIED" operation="open" profile="/usr/sbin/tcpdump" name="/proc/sys/kernel/random/boot_id" pid=693 comm="tcpdump" requested_mask="r" denied_mask="r" fsuid=0 ouid=0
[   10.210050] audit: type=1400 audit(1768765237.056:43): apparmor="DENIED" operation="open" profile="/usr/sbin/tcpdump" name="/proc/sys/kernel/random/boot_id" pid=693 comm="tcpdump" requested_mask="r" denied_mask="r" fsuid=0 ouid=0
[   10.210163] audit: type=1400 audit(1768765237.056:44): apparmor="DENIED" operation="open" profile="/usr/sbin/tcpdump" name="/proc/sys/kernel/random/boot_id" pid=693 comm="tcpdump" requested_mask="r" denied_mask="r" fsuid=0 ouid=0
[   10.210220] audit: type=1400 audit(1768765237.056:45): apparmor="DENIED" operation="open" profile="/usr/sbin/tcpdump" name="/proc/sys/kernel/random/boot_id" pid=693 comm="tcpdump" requested_mask="r" denied_mask="r" fsuid=0 ouid=0
[   10.214854] audit: type=1400 audit(1768765237.056:46): apparmor="DENIED" operation="open" profile="/usr/sbin/tcpdump" name="/proc/sys/kernel/random/boot_id" pid=694 comm="tcpdump" requested_mask="r" denied_mask="r" fsuid=0 ouid=0
[   10.215016] audit: type=1400 audit(1768765237.056:47): apparmor="DENIED" operation="open" profile="/usr/sbin/tcpdump" name="/proc/sys/kernel/random/boot_id" pid=694 comm="tcpdump" requested_mask="r" denied_mask="r" fsuid=0 ouid=0
[   10.215084] audit: type=1400 audit(1768765237.056:48): apparmor="DENIED" operation="open" profile="/usr/sbin/tcpdump" name="/proc/sys/kernel/random/boot_id" pid=694 comm="tcpdump" requested_mask="r" denied_mask="r" fsuid=0 ouid=0
[   10.215167] audit: type=1400 audit(1768765237.056:49): apparmor="DENIED" operation="open" profile="/usr/sbin/tcpdump" name="/proc/sys/kernel/random/boot_id" pid=694 comm="tcpdump" requested_mask="r" denied_mask="r" fsuid=0 ouid=0
[   16.171479] rfkill: input handler disabled
[  205.919438] AAAAA-TCP_FORW: name:enp0s3: saddr:33561200: daddr:100932208
[  211.492478] AAAAA-TCP_FORW: name:enp0s3: saddr:33561200: daddr:100932208
[  211.536837] AAAAA-TCP_FORW: name:enp0s3: saddr:33561200: daddr:100932208
[  211.619049] AAAAA-TCP_FORW: name:enp0s3: saddr:33561200: daddr:100932208
[  211.694912] AAAAA-TCP_FORW: name:enp0s3: saddr:33561200: daddr:100932208
[  211.742591] AAAAA-TCP_FORW: name:enp0s3: saddr:33561200: daddr:100932208
[  211.878474] AAAAA-TCP_FORW: name:enp0s3: saddr:33561200: daddr:100932208
[  212.060762] AAAAA-TCP_FORW: name:enp0s3: saddr:33561200: daddr:100932208
[  212.153826] AAAAA-TCP_FORW: name:enp0s3: saddr:33561200: daddr:100932208
[  212.212455] AAAAA-TCP_FORW: name:enp0s3: saddr:33561200: daddr:100932208
[  212.340695] AAAAA-TCP_FORW: name:enp0s3: saddr:33561200: daddr:100932208
[  212.434705] AAAAA-TCP_FORW: name:enp0s3: saddr:33561200: daddr:100932208
[  212.494219] AAAAA-TCP_FORW: name:enp0s3: saddr:33561200: daddr:100932208
[  212.545240] AAAAA-TCP_FORW: name:enp0s3: saddr:33561200: daddr:100932208
[  212.624776] AAAAA-TCP_FORW: name:enp0s3: saddr:33561200: daddr:100932208
[  212.735106] AAAAA-TCP_FORW: name:enp0s3: saddr:33561200: daddr:100932208
[  212.819584] AAAAA-TCP_FORW: name:enp0s3: saddr:33561200: daddr:100932208
[  212.963651] AAAAA-TCP_FORW: name:enp0s3: saddr:33561200: daddr:100932208
[  213.083061] AAAAA-TCP_FORW: name:enp0s3: saddr:33561200: daddr:100932208
[  213.165664] AAAAA-TCP_FORW: name:enp0s3: saddr:33561200: daddr:100932208
[  213.367189] AAAAA-TCP_FORW: name:enp0s3: saddr:16783984: daddr:100932208
[  213.518694] AAAAA-TCP_FORW: name:enp0s3: saddr:16783984: daddr:100932208
[  213.643645] AAAAA-TCP_FORW: name:enp0s3: saddr:16783984: daddr:100932208
[  213.768171] AAAAA-TCP_FORW: name:enp0s3: saddr:16783984: daddr:100932208
[  214.035249] AAAAA-TCP_FORW: name:enp0s3: saddr:16783984: daddr:100932208
[  214.211687] AAAAA-TCP_FORW: name:enp0s3: saddr:16783984: daddr:100932208
[  214.397844] AAAAA-TCP_FORW: name:enp0s3: saddr:16783984: daddr:100932208
[  214.564003] AAAAA-TCP_FORW: name:enp0s3: saddr:16783984: daddr:100932208
[  214.659400] AAAAA-TCP_FORW: name:enp0s3: saddr:16783984: daddr:100932208
[  214.730198] AAAAA-TCP_FORW: name:enp0s3: saddr:16783984: daddr:100932208
[  214.841485] AAAAA-TCP_FORW: name:enp0s3: saddr:16783984: daddr:100932208
[  214.918077] AAAAA-TCP_FORW: name:enp0s3: saddr:16783984: daddr:100932208
[  215.017306] AAAAA-TCP_FORW: name:enp0s3: saddr:16783984: daddr:100932208
[  215.090591] AAAAA-TCP_FORW: name:enp0s3: saddr:16783984: daddr:100932208
[  215.160549] AAAAA-TCP_FORW: name:enp0s3: saddr:16783984: daddr:100932208
[  215.249930] AAAAA-TCP_FORW: name:enp0s3: saddr:16783984: daddr:100932208
[  215.346015] AAAAA-TCP_FORW: name:enp0s3: saddr:16783984: daddr:100932208
[  215.359923] AAAAA-TCP_FORW: name:enp0s3: saddr:16783984: daddr:100932208
[  215.421747] AAAAA-TCP_FORW: name:enp0s3: saddr:16783984: daddr:100932208
[  215.489508] AAAAA-TCP_FORW: name:enp0s3: saddr:16783984: daddr:100932208
[  215.576006] AAAAA-TCP_FORW: name:enp0s3: saddr:16783984: daddr:100932208
[  215.660902] AAAAA-TCP_FORW: name:enp0s3: saddr:16783984: daddr:100932208
[  215.779747] AAAAA-TCP_FORW: name:enp0s3: saddr:16783984: daddr:100932208
[  215.854036] AAAAA-TCP_FORW: name:enp0s3: saddr:16783984: daddr:100932208
[  215.931305] AAAAA-TCP_FORW: name:enp0s3: saddr:16783984: daddr:100932208
[  216.028526] AAAAA-TCP_FORW: name:enp0s3: saddr:16783984: daddr:100932208
[  216.222217] AAAAA-TCP_FORW: name:enp0s3: saddr:33561200: daddr:100932208
[  216.319422] AAAAA-TCP_FORW: name:enp0s3: saddr:33561200: daddr:100932208
[  216.392316] AAAAA-TCP_FORW: name:enp0s3: saddr:33561200: daddr:100932208
[  216.440176] AAAAA-TCP_FORW: name:enp0s3: saddr:33561200: daddr:100932208
[  216.511875] AAAAA-TCP_FORW: name:enp0s3: saddr:33561200: daddr:100932208
[  216.609791] AAAAA-TCP_FORW: name:enp0s3: saddr:33561200: daddr:100932208
[  216.676781] AAAAA-TCP_FORW: name:enp0s3: saddr:33561200: daddr:100932208
[  216.777608] AAAAA-TCP_FORW: name:enp0s3: saddr:33561200: daddr:100932208
[  216.917095] AAAAA-TCP_FORW: name:enp0s3: saddr:33561200: daddr:100932208
[  216.978880] AAAAA-TCP_FORW: name:enp0s3: saddr:33561200: daddr:100932208
[  217.044392] AAAAA-TCP_FORW: name:enp0s3: saddr:33561200: daddr:100932208
[  217.118245] AAAAA-TCP_FORW: name:enp0s3: saddr:33561200: daddr:100932208
[  217.212386] AAAAA-TCP_FORW: name:enp0s3: saddr:33561200: daddr:100932208
[  217.294868] AAAAA-TCP_FORW: name:enp0s3: saddr:33561200: daddr:100932208
[  217.372823] AAAAA-TCP_FORW: name:enp0s3: saddr:33561200: daddr:100932208
[  217.443365] AAAAA-TCP_FORW: name:enp0s3: saddr:33561200: daddr:100932208
[  217.505618] AAAAA-TCP_FORW: name:enp0s3: saddr:33561200: daddr:100932208
[  217.606864] AAAAA-TCP_FORW: name:enp0s3: saddr:33561200: daddr:100932208
[  217.683531] AAAAA-TCP_FORW: name:enp0s3: saddr:33561200: daddr:100932208
[  217.764667] AAAAA-TCP_FORW: name:enp0s3: saddr:33561200: daddr:100932208
[  217.827747] AAAAA-TCP_FORW: name:enp0s3: saddr:33561200: daddr:100932208
[  217.884212] AAAAA-TCP_FORW: name:enp0s3: saddr:33561200: daddr:100932208
[  217.939121] AAAAA-TCP_FORW: name:enp0s3: saddr:33561200: daddr:100932208
[  218.011489] AAAAA-TCP_FORW: name:enp0s3: saddr:33561200: daddr:100932208
[  218.077753] AAAAA-TCP_FORW: name:enp0s3: saddr:33561200: daddr:100932208
[  218.133552] AAAAA-TCP_FORW: name:enp0s3: saddr:33561200: daddr:100932208
[  218.190578] AAAAA-TCP_FORW: name:enp0s3: saddr:33561200: daddr:100932208
[  218.233588] AAAAA-TCP_FORW: name:enp0s3: saddr:33561200: daddr:100932208
[  218.293507] AAAAA-TCP_FORW: name:enp0s3: saddr:16783984: daddr:100932208
[  218.379776] AAAAA-TCP_FORW: name:enp0s3: saddr:16783984: daddr:100932208
[  218.448159] AAAAA-TCP_FORW: name:enp0s3: saddr:16783984: daddr:100932208
[  218.545675] AAAAA-TCP_FORW: name:enp0s3: saddr:16783984: daddr:100932208
[  218.616239] AAAAA-TCP_FORW: name:enp0s3: saddr:16783984: daddr:100932208
[  218.697557] AAAAA-TCP_FORW: name:enp0s3: saddr:16783984: daddr:100932208
[  218.751686] AAAAA-TCP_FORW: name:enp0s3: saddr:16783984: daddr:100932208
[  218.817618] AAAAA-TCP_FORW: name:enp0s3: saddr:16783984: daddr:100932208
[  218.886261] AAAAA-TCP_FORW: name:enp0s3: saddr:16783984: daddr:100932208
[  218.946059] AAAAA-TCP_FORW: name:enp0s3: saddr:16783984: daddr:100932208
[  218.997376] AAAAA-TCP_FORW: name:enp0s3: saddr:16783984: daddr:100932208
[  219.150871] AAAAA-TCP_FORW: name:enp0s3: saddr:16783984: daddr:100932208
[  219.338335] AAAAA-TCP_FORW: name:enp0s3: saddr:16783984: daddr:100932208
[  219.509669] AAAAA-TCP_FORW: name:enp0s3: saddr:16783984: daddr:100932208
[  219.690916] AAAAA-TCP_FORW: name:enp0s3: saddr:16783984: daddr:100932208
[  219.842185] AAAAA-TCP_FORW: name:enp0s3: saddr:16783984: daddr:100932208
[  219.934186] AAAAA-TCP_FORW: name:enp0s3: saddr:16783984: daddr:100932208
[  220.241102] AAAAA-TCP_FORW: name:enp0s3: saddr:16783984: daddr:100932208
[  220.765981] AAAAA-TCP_FORW: name:enp0s3: saddr:33561200: daddr:100932208
[  220.971036] AAAAA-TCP_FORW: name:enp0s3: saddr:33561200: daddr:100932208
[  221.101914] AAAAA-TCP_FORW: name:enp0s3: saddr:33561200: daddr:100932208
[  221.198165] AAAAA-TCP_FORW: name:enp0s3: saddr:33561200: daddr:100932208
[  221.462096] AAAAA-TCP_FORW: name:enp0s3: saddr:33561200: daddr:100932208
[  221.595814] AAAAA-TCP_FORW: name:enp0s3: saddr:33561200: daddr:100932208
[  221.745126] AAAAA-TCP_FORW: name:enp0s3: saddr:33561200: daddr:100932208
[  222.616247] AAAAA-TCP_FORW: name:enp0s3: saddr:16783984: daddr:100932208
[  222.813649] AAAAA-TCP_FORW: name:enp0s3: saddr:16783984: daddr:100932208
[  223.001872] AAAAA-TCP_FORW: name:enp0s3: saddr:16783984: daddr:100932208
[  223.166357] AAAAA-TCP_FORW: name:enp0s3: saddr:33561200: daddr:100932208
[  228.946997] AAAAA-TCP_FORW: name:enp0s3: saddr:16783984: daddr:100932208
[  229.056460] AAAAA-TCP_FORW: name:enp0s3: saddr:33561200: daddr:100932208
[  229.187915] AAAAA-TCP_FORW: name:enp0s3: saddr:33561200: daddr:100932208
[  229.257737] AAAAA-TCP_FORW: name:enp0s3: saddr:33561200: daddr:100932208
[  229.379721] AAAAA-TCP_FORW: name:enp0s3: saddr:33561200: daddr:100932208
[  229.458933] AAAAA-TCP_FORW: name:enp0s3: saddr:33561200: daddr:100932208
[  229.537368] AAAAA-TCP_FORW: name:enp0s3: saddr:33561200: daddr:100932208
[  229.649086] AAAAA-TCP_FORW: name:enp0s3: saddr:33561200: daddr:100932208
[  229.733334] AAAAA-TCP_FORW: name:enp0s3: saddr:33561200: daddr:100932208
[  229.794328] AAAAA-TCP_FORW: name:enp0s3: saddr:16783984: daddr:100932208
[  229.872071] AAAAA-TCP_FORW: name:enp0s3: saddr:16783984: daddr:100932208
[  229.963386] AAAAA-TCP_FORW: name:enp0s3: saddr:16783984: daddr:100932208
[  230.044628] AAAAA-TCP_FORW: name:enp0s3: saddr:16783984: daddr:100932208
[  230.118884] AAAAA-TCP_FORW: name:enp0s3: saddr:16783984: daddr:100932208
[  230.204521] AAAAA-TCP_FORW: name:enp0s3: saddr:16783984: daddr:100932208
[  230.294994] AAAAA-TCP_FORW: name:enp0s3: saddr:16783984: daddr:100932208
[  230.360201] AAAAA-TCP_FORW: name:enp0s3: saddr:16783984: daddr:100932208
[  230.451736] AAAAA-TCP_FORW: name:enp0s3: saddr:16783984: daddr:100932208
[  230.519678] AAAAA-TCP_FORW: name:enp0s3: saddr:16783984: daddr:100932208
[  230.576248] AAAAA-TCP_FORW: name:enp0s3: saddr:16783984: daddr:100932208
[  230.662892] AAAAA-TCP_FORW: name:enp0s3: saddr:33561200: daddr:100932208
[  230.755409] AAAAA-TCP_FORW: name:enp0s3: saddr:33561200: daddr:100932208
[  230.831697] AAAAA-TCP_FORW: name:enp0s3: saddr:33561200: daddr:100932208
[  230.924313] AAAAA-TCP_FORW: name:enp0s3: saddr:33561200: daddr:100932208
[  231.001517] AAAAA-TCP_FORW: name:enp0s3: saddr:16783984: daddr:100932208
[  231.084235] AAAAA-TCP_FORW: name:enp0s3: saddr:16783984: daddr:100932208
[  231.174686] AAAAA-TCP_FORW: name:enp0s3: saddr:16783984: daddr:100932208
[  231.280273] AAAAA-TCP_FORW: name:enp0s3: saddr:16783984: daddr:100932208
[  231.370137] AAAAA-TCP_FORW: name:enp0s3: saddr:33561200: daddr:100932208
[  231.437310] AAAAA-TCP_FORW: name:enp0s3: saddr:33561200: daddr:100932208
[  231.503481] AAAAA-TCP_FORW: name:enp0s3: saddr:16783984: daddr:100932208
[  231.604421] AAAAA-TCP_FORW: name:enp0s3: saddr:16783984: daddr:100932208
[  231.699797] AAAAA-TCP_FORW: name:enp0s3: saddr:33561200: daddr:100932208
[  231.789619] AAAAA-TCP_FORW: name:enp0s3: saddr:16783984: daddr:100932208
[  231.886823] AAAAA-TCP_FORW: name:enp0s3: saddr:16783984: daddr:100932208
[  231.959112] AAAAA-TCP_FORW: name:enp0s3: saddr:16783984: daddr:100932208
[  232.063328] AAAAA-TCP_FORW: name:enp0s3: saddr:16783984: daddr:100932208
[  232.133748] AAAAA-TCP_FORW: name:enp0s3: saddr:16783984: daddr:100932208
[  232.257750] AAAAA-TCP_FORW: name:enp0s3: saddr:16783984: daddr:100932208
[  232.338932] AAAAA-TCP_FORW: name:enp0s3: saddr:16783984: daddr:100932208
[  232.397852] AAAAA-TCP_FORW: name:enp0s3: saddr:33561200: daddr:100932208
[  232.477210] AAAAA-TCP_FORW: name:enp0s3: saddr:33561200: daddr:100932208
[  232.535127] AAAAA-TCP_FORW: name:enp0s3: saddr:33561200: daddr:100932208
[  232.644165] AAAAA-TCP_FORW: name:enp0s3: saddr:33561200: daddr:100932208
[  232.733030] AAAAA-TCP_FORW: name:enp0s3: saddr:33561200: daddr:100932208
[  232.795798] AAAAA-TCP_FORW: name:enp0s3: saddr:33561200: daddr:100932208
[  232.851873] AAAAA-TCP_FORW: name:enp0s3: saddr:33561200: daddr:100932208
[  232.912379] AAAAA-TCP_FORW: name:enp0s3: saddr:33561200: daddr:100932208
[  232.972154] AAAAA-TCP_FORW: name:enp0s3: saddr:33561200: daddr:100932208
[  233.037973] AAAAA-TCP_FORW: name:enp0s3: saddr:16783984: daddr:100932208
[  233.106765] AAAAA-TCP_FORW: name:enp0s3: saddr:16783984: daddr:100932208
[  233.168346] AAAAA-TCP_FORW: name:enp0s3: saddr:16783984: daddr:100932208
[  233.234970] AAAAA-TCP_FORW: name:enp0s3: saddr:16783984: daddr:100932208
[  233.307544] AAAAA-TCP_FORW: name:enp0s3: saddr:16783984: daddr:100932208
[  233.403321] AAAAA-TCP_FORW: name:enp0s3: saddr:16783984: daddr:100932208
[  233.453870] AAAAA-TCP_FORW: name:enp0s3: saddr:16783984: daddr:100932208
[  233.512026] AAAAA-TCP_FORW: name:enp0s3: saddr:16783984: daddr:100932208
[  233.574818] AAAAA-TCP_FORW: name:enp0s3: saddr:16783984: daddr:100932208
[  233.682253] AAAAA-TCP_FORW: name:enp0s3: saddr:16783984: daddr:100932208
[  233.775808] AAAAA-TCP_FORW: name:enp0s3: saddr:16783984: daddr:100932208
[  233.856100] AAAAA-TCP_FORW: name:enp0s3: saddr:16783984: daddr:100932208
[  233.932293] AAAAA-TCP_FORW: name:enp0s3: saddr:33561200: daddr:100932208
[  234.006425] AAAAA-TCP_FORW: name:enp0s3: saddr:33561200: daddr:100932208
[  234.113638] AAAAA-TCP_FORW: name:enp0s3: saddr:33561200: daddr:100932208
[  234.208931] AAAAA-TCP_FORW: name:enp0s3: saddr:33561200: daddr:100932208
[  234.301851] AAAAA-TCP_FORW: name:enp0s3: saddr:33561200: daddr:100932208
[  234.366039] AAAAA-TCP_FORW: name:enp0s3: saddr:33561200: daddr:100932208
[  234.516395] AAAAA-TCP_FORW: name:enp0s3: saddr:16783984: daddr:100932208
[  234.569710] AAAAA-TCP_FORW: name:enp0s3: saddr:16783984: daddr:100932208
[  234.661617] AAAAA-TCP_FORW: name:enp0s3: saddr:16783984: daddr:100932208
[  234.741369] AAAAA-TCP_FORW: name:enp0s3: saddr:16783984: daddr:100932208
[  234.806186] AAAAA-TCP_FORW: name:enp0s3: saddr:16783984: daddr:100932208
[  234.907634] AAAAA-TCP_FORW: name:enp0s3: saddr:33561200: daddr:100932208
[  234.972404] AAAAA-TCP_FORW: name:enp0s3: saddr:33561200: daddr:100932208
[  235.040593] AAAAA-TCP_FORW: name:enp0s3: saddr:33561200: daddr:100932208
[  235.112066] AAAAA-TCP_FORW: name:enp0s3: saddr:16783984: daddr:100932208
[  235.205826] AAAAA-TCP_FORW: name:enp0s3: saddr:16783984: daddr:100932208
[  235.263130] AAAAA-TCP_FORW: name:enp0s3: saddr:16783984: daddr:100932208
[  235.330038] AAAAA-TCP_FORW: name:enp0s3: saddr:16783984: daddr:100932208
[  235.419308] AAAAA-TCP_FORW: name:enp0s3: saddr:33561200: daddr:100932208
[  235.493630] AAAAA-TCP_FORW: name:enp0s3: saddr:33561200: daddr:100932208
[  235.569705] AAAAA-TCP_FORW: name:enp0s3: saddr:16783984: daddr:100932208
[  235.638631] AAAAA-TCP_FORW: name:enp0s3: saddr:16783984: daddr:100932208
[  235.708300] AAAAA-TCP_FORW: name:enp0s3: saddr:16783984: daddr:100932208
[  235.779782] AAAAA-TCP_FORW: name:enp0s3: saddr:16783984: daddr:100932208
[  235.817751] AAAAA-TCP_FORW: name:enp0s3: saddr:16783984: daddr:100932208
[  235.903627] AAAAA-TCP_FORW: name:enp0s3: saddr:16783984: daddr:100932208
[  235.980083] AAAAA-TCP_FORW: name:enp0s3: saddr:16783984: daddr:100932208
[  236.030467] AAAAA-TCP_FORW: name:enp0s3: saddr:16783984: daddr:100932208
[  236.097242] AAAAA-TCP_FORW: name:enp0s3: saddr:16783984: daddr:100932208
[  236.170357] AAAAA-TCP_FORW: name:enp0s3: saddr:16783984: daddr:100932208
[  236.249886] AAAAA-TCP_FORW: name:enp0s3: saddr:16783984: daddr:100932208
[  236.284599] AAAAA-TCP_FORW: name:enp0s3: saddr:33561200: daddr:100932208
[  236.360832] AAAAA-TCP_FORW: name:enp0s3: saddr:33561200: daddr:100932208
[  236.424357] AAAAA-TCP_FORW: name:enp0s3: saddr:33561200: daddr:100932208
[  236.490240] AAAAA-TCP_FORW: name:enp0s3: saddr:33561200: daddr:100932208
[  236.534289] AAAAA-TCP_FORW: name:enp0s3: saddr:33561200: daddr:100932208
[  236.627804] AAAAA-TCP_FORW: name:enp0s3: saddr:33561200: daddr:100932208
[  236.694666] AAAAA-TCP_FORW: name:enp0s3: saddr:33561200: daddr:100932208
[  236.775033] AAAAA-TCP_FORW: name:enp0s3: saddr:33561200: daddr:100932208
[  236.897489] AAAAA-TCP_FORW: name:enp0s3: saddr:33561200: daddr:100932208
[  236.990875] AAAAA-TCP_FORW: name:enp0s3: saddr:16783984: daddr:100932208
[  237.058100] AAAAA-TCP_FORW: name:enp0s3: saddr:16783984: daddr:100932208
[  237.134403] AAAAA-TCP_FORW: name:enp0s3: saddr:33561200: daddr:100932208
[  237.198783] AAAAA-TCP_FORW: name:enp0s3: saddr:16783984: daddr:100932208
[  237.220468] AAAAA-TCP_FORW: name:enp0s3: saddr:16783984: daddr:100932208
[  237.305311] AAAAA-TCP_FORW: name:enp0s3: saddr:16783984: daddr:100932208
[  237.354625] AAAAA-TCP_FORW: name:enp0s3: saddr:16783984: daddr:100932208
[  237.413054] AAAAA-TCP_FORW: name:enp0s3: saddr:16783984: daddr:100932208
[  237.465244] AAAAA-TCP_FORW: name:enp0s3: saddr:16783984: daddr:100932208
[  237.509391] AAAAA-TCP_FORW: name:enp0s3: saddr:16783984: daddr:100932208
[  237.576680] AAAAA-TCP_FORW: name:enp0s3: saddr:16783984: daddr:100932208
[  237.678192] AAAAA-TCP_FORW: name:enp0s3: saddr:16783984: daddr:100932208
[  237.827439] AAAAA-TCP_FORW: name:enp0s3: saddr:33561200: daddr:100932208
[  237.936409] AAAAA-TCP_FORW: name:enp0s3: saddr:33561200: daddr:100932208
[  238.061625] AAAAA-TCP_FORW: name:enp0s3: saddr:33561200: daddr:100932208
[  238.238686] AAAAA-TCP_FORW: name:enp0s3: saddr:33561200: daddr:100932208
[  238.418248] AAAAA-TCP_FORW: name:enp0s3: saddr:16783984: daddr:100932208
[  238.465946] AAAAA-TCP_FORW: name:enp0s3: saddr:33561200: daddr:100932208
[  238.538042] AAAAA-TCP_FORW: name:enp0s3: saddr:16783984: daddr:100932208
[  238.658307] AAAAA-TCP_FORW: name:enp0s3: saddr:16783984: daddr:100932208
[  238.785785] AAAAA-TCP_FORW: name:enp0s3: saddr:33561200: daddr:100932208
[  238.917242] AAAAA-TCP_FORW: name:enp0s3: saddr:33561200: daddr:100932208
[  239.038321] AAAAA-TCP_FORW: name:enp0s3: saddr:16783984: daddr:100932208
[  239.109970] AAAAA-TCP_FORW: name:enp0s3: saddr:16783984: daddr:100932208
[  239.183205] AAAAA-TCP_FORW: name:enp0s3: saddr:33561200: daddr:100932208
[  239.264885] AAAAA-TCP_FORW: name:enp0s3: saddr:16783984: daddr:100932208
[  239.387118] AAAAA-TCP_FORW: name:enp0s3: saddr:16783984: daddr:100932208
[  239.508496] AAAAA-TCP_FORW: name:enp0s3: saddr:16783984: daddr:100932208
[  239.618387] AAAAA-TCP_FORW: name:enp0s3: saddr:33561200: daddr:100932208
[  239.677872] AAAAA-TCP_FORW: name:enp0s3: saddr:16783984: daddr:100932208
[  239.812640] AAAAA-TCP_FORW: name:enp0s3: saddr:16783984: daddr:100932208
[  239.911424] AAAAA-TCP_FORW: name:enp0s3: saddr:16783984: daddr:100932208
[  239.974209] AAAAA-TCP_FORW: name:enp0s3: saddr:16783984: daddr:100932208
[  240.040229] AAAAA-TCP_FORW: name:enp0s3: saddr:16783984: daddr:100932208
[  240.130083] AAAAA-TCP_FORW: name:enp0s3: saddr:33561200: daddr:100932208
[  240.219456] AAAAA-TCP_FORW: name:enp0s3: saddr:33561200: daddr:100932208
[  240.331268] AAAAA-TCP_FORW: name:enp0s3: saddr:33561200: daddr:100932208
[  240.416034] AAAAA-TCP_FORW: name:enp0s3: saddr:33561200: daddr:100932208
[  240.487965] AAAAA-TCP_FORW: name:enp0s3: saddr:33561200: daddr:100932208
[  240.568716] AAAAA-TCP_FORW: name:enp0s3: saddr:33561200: daddr:100932208
[  240.678780] AAAAA-TCP_FORW: name:enp0s3: saddr:33561200: daddr:100932208
[  240.802941] AAAAA-TCP_FORW: name:enp0s3: saddr:33561200: daddr:100932208
[  240.942090] AAAAA-TCP_FORW: name:enp0s3: saddr:33561200: daddr:100932208
[  241.073190] AAAAA-TCP_FORW: name:enp0s3: saddr:33561200: daddr:100932208
[  241.155705] AAAAA-TCP_FORW: name:enp0s3: saddr:16783984: daddr:100932208
[  241.307074] AAAAA-TCP_FORW: name:enp0s3: saddr:16783984: daddr:100932208
[  241.396519] AAAAA-TCP_FORW: name:enp0s3: saddr:33561200: daddr:100932208
[  241.469511] AAAAA-TCP_FORW: name:enp0s3: saddr:16783984: daddr:100932208
[  241.493856] AAAAA-TCP_FORW: name:enp0s3: saddr:16783984: daddr:100932208
[  241.522975] AAAAA-TCP_FORW: name:enp0s3: saddr:16783984: daddr:100932208
[  241.693941] AAAAA-TCP_FORW: name:enp0s3: saddr:33561200: daddr:100932208
[  241.902874] AAAAA-TCP_FORW: name:enp0s3: saddr:33561200: daddr:100932208
[  242.244375] AAAAA-TCP_FORW: name:enp0s3: saddr:16783984: daddr:100932208
[  562.616972] rfkill: input handler enabled
[  572.220153] rfkill: input handler disabled
[  783.135232] device enp0s3 left promiscuous mode
