[    0.000000] Linux version 5.4.243-mptcp (root@ztg) (gcc version 12.2.0 (Debian 12.2.0-14+deb12u1)) #53 SMP Wed Dec 24 23:28:15 CST 2025
[    0.000000] Command line: BOOT_IMAGE=/boot/vmlinuz-5.4.243-mptcp root=UUID=98415a12-53b7-4144-8265-0f7ece09e445 ro quiet splash
[    0.000000] KERNEL supported cpus:
[    0.000000]   Intel GenuineIntel
[    0.000000]   AMD AuthenticAMD
[    0.000000]   Hygon HygonGenuine
[    0.000000]   Centaur CentaurHauls
[    0.000000]   zhaoxin   Shanghai  
[    0.000000] x86/fpu: Supporting XSAVE feature 0x001: 'x87 floating point registers'
[    0.000000] x86/fpu: Supporting XSAVE feature 0x002: 'SSE registers'
[    0.000000] x86/fpu: Supporting XSAVE feature 0x004: 'AVX registers'
[    0.000000] x86/fpu: xstate_offset[2]:  576, xstate_sizes[2]:  256
[    0.000000] x86/fpu: Enabled xstate features 0x7, context size is 832 bytes, using 'standard' format.
[    0.000000] BIOS-provided physical RAM map:
[    0.000000] BIOS-e820: [mem 0x0000000000000000-0x000000000009fbff] usable
[    0.000000] BIOS-e820: [mem 0x000000000009fc00-0x000000000009ffff] reserved
[    0.000000] BIOS-e820: [mem 0x00000000000f0000-0x00000000000fffff] reserved
[    0.000000] BIOS-e820: [mem 0x0000000000100000-0x000000007ffeffff] usable
[    0.000000] BIOS-e820: [mem 0x000000007fff0000-0x000000007fffffff] ACPI data
[    0.000000] BIOS-e820: [mem 0x00000000fec00000-0x00000000fec00fff] reserved
[    0.000000] BIOS-e820: [mem 0x00000000fee00000-0x00000000fee00fff] reserved
[    0.000000] BIOS-e820: [mem 0x00000000fffc0000-0x00000000ffffffff] reserved
[    0.000000] NX (Execute Disable) protection: active
[    0.000000] SMBIOS 2.5 present.
[    0.000000] DMI: innotek GmbH VirtualBox/VirtualBox, BIOS VirtualBox 12/01/2006
[    0.000000] Hypervisor detected: KVM
[    0.000000] kvm-clock: Using msrs 4b564d01 and 4b564d00
[    0.000000] kvm-clock: cpu 0, msr 56a01001, primary cpu clock
[    0.000000] kvm-clock: using sched offset of 4468152614 cycles
[    0.000003] clocksource: kvm-clock: mask: 0xffffffffffffffff max_cycles: 0x1cd42e4dffb, max_idle_ns: 881590591483 ns
[    0.000005] tsc: Detected 2100.000 MHz processor
[    0.001883] e820: update [mem 0x00000000-0x00000fff] usable ==> reserved
[    0.001885] e820: remove [mem 0x000a0000-0x000fffff] usable
[    0.001889] last_pfn = 0x7fff0 max_arch_pfn = 0x400000000
[    0.001957] MTRR default type: uncachable
[    0.001958] MTRR fixed ranges enabled:
[    0.001959]   00000-9FFFF write-back
[    0.001960]   A0000-BFFFF uncachable
[    0.001960]   C0000-FFFFF write-protect
[    0.001961] MTRR variable ranges enabled:
[    0.001963]   0 base 000000000000 mask 3FFF80000000 write-back
[    0.001963]   1 disabled
[    0.001964]   2 disabled
[    0.001964]   3 disabled
[    0.001965]   4 disabled
[    0.001965]   5 disabled
[    0.001965]   6 disabled
[    0.001966]   7 disabled
[    0.001966]   8 disabled
[    0.001967]   9 disabled
[    0.001967]   10 disabled
[    0.001968]   11 disabled
[    0.001968]   12 disabled
[    0.001968]   13 disabled
[    0.001969]   14 disabled
[    0.001969]   15 disabled
[    0.001986] x86/PAT: Configuration [0-7]: WB  WC  UC- UC  WB  WP  UC- WT  
[    0.002121] found SMP MP-table at [mem 0x0009fff0-0x0009ffff]
[    0.092832] check: Scanning 1 areas for low memory corruption
[    0.093022] RAMDISK: [mem 0x32271000-0x3512ffff]
[    0.093030] ACPI: Early table checksum verification disabled
[    0.093035] ACPI: RSDP 0x00000000000E0000 000024 (v02 VBOX  )
[    0.093039] ACPI: XSDT 0x000000007FFF0030 00003C (v01 VBOX   VBOXXSDT 00000001 ASL  00000061)
[    0.093045] ACPI: FACP 0x000000007FFF00F0 0000F4 (v04 VBOX   VBOXFACP 00000001 ASL  00000061)
[    0.093052] ACPI: DSDT 0x000000007FFF02E0 002353 (v02 VBOX   VBOXBIOS 00000002 VBOX 00029BF3)
[    0.093056] ACPI: FACS 0x000000007FFF0200 000040
[    0.093060] ACPI: FACS 0x000000007FFF0200 000040
[    0.093063] ACPI: APIC 0x000000007FFF0240 000054 (v02 VBOX   VBOXAPIC 00000001 ASL  00000061)
[    0.093067] ACPI: SSDT 0x000000007FFF02A0 000038 (v01 VBOX   VBOXCPUT 00000002 VBOX 00029BF3)
[    0.093070] ACPI: Reserving FACP table memory at [mem 0x7fff00f0-0x7fff01e3]
[    0.093071] ACPI: Reserving DSDT table memory at [mem 0x7fff02e0-0x7fff2632]
[    0.093072] ACPI: Reserving FACS table memory at [mem 0x7fff0200-0x7fff023f]
[    0.093072] ACPI: Reserving FACS table memory at [mem 0x7fff0200-0x7fff023f]
[    0.093073] ACPI: Reserving APIC table memory at [mem 0x7fff0240-0x7fff0293]
[    0.093074] ACPI: Reserving SSDT table memory at [mem 0x7fff02a0-0x7fff02d7]
[    0.093088] ACPI: Local APIC address 0xfee00000
[    0.093274] No NUMA configuration found
[    0.093275] Faking a node at [mem 0x0000000000000000-0x000000007ffeffff]
[    0.093285] NODE_DATA(0) allocated [mem 0x7ffc5000-0x7ffeffff]
[    0.093567] Zone ranges:
[    0.093568]   DMA      [mem 0x0000000000001000-0x0000000000ffffff]
[    0.093570]   DMA32    [mem 0x0000000001000000-0x000000007ffeffff]
[    0.093571]   Normal   empty
[    0.093571]   Device   empty
[    0.093572] Movable zone start for each node
[    0.093574] Early memory node ranges
[    0.093575]   node   0: [mem 0x0000000000001000-0x000000000009efff]
[    0.093575]   node   0: [mem 0x0000000000100000-0x000000007ffeffff]
[    0.093579] Zeroed struct page in unavailable ranges: 114 pages
[    0.093580] Initmem setup node 0 [mem 0x0000000000001000-0x000000007ffeffff]
[    0.093581] On node 0 totalpages: 524174
[    0.093582]   DMA zone: 64 pages used for memmap
[    0.093582]   DMA zone: 21 pages reserved
[    0.093583]   DMA zone: 3998 pages, LIFO batch:0
[    0.093654]   DMA32 zone: 8128 pages used for memmap
[    0.093655]   DMA32 zone: 520176 pages, LIFO batch:63
[    0.102611] ACPI: PM-Timer IO Port: 0x4008
[    0.102615] ACPI: Local APIC address 0xfee00000
[    0.102683] IOAPIC[0]: apic_id 1, version 32, address 0xfec00000, GSI 0-23
[    0.102686] ACPI: INT_SRC_OVR (bus 0 bus_irq 0 global_irq 2 dfl dfl)
[    0.102688] ACPI: INT_SRC_OVR (bus 0 bus_irq 9 global_irq 9 low level)
[    0.102690] ACPI: IRQ0 used by override.
[    0.102691] ACPI: IRQ9 used by override.
[    0.102693] Using ACPI (MADT) for SMP configuration information
[    0.102700] smpboot: Allowing 1 CPUs, 0 hotplug CPUs
[    0.102722] PM: Registered nosave memory: [mem 0x00000000-0x00000fff]
[    0.102723] PM: Registered nosave memory: [mem 0x0009f000-0x0009ffff]
[    0.102724] PM: Registered nosave memory: [mem 0x000a0000-0x000effff]
[    0.102724] PM: Registered nosave memory: [mem 0x000f0000-0x000fffff]
[    0.102726] [mem 0x80000000-0xfebfffff] available for PCI devices
[    0.102727] Booting paravirtualized kernel on KVM
[    0.102730] clocksource: refined-jiffies: mask: 0xffffffff max_cycles: 0xffffffff, max_idle_ns: 7645519600211568 ns
[    0.102734] setup_percpu: NR_CPUS:8192 nr_cpumask_bits:1 nr_cpu_ids:1 nr_node_ids:1
[    0.103780] percpu: Embedded 60 pages/cpu s208896 r8192 d28672 u2097152
[    0.103785] pcpu-alloc: s208896 r8192 d28672 u2097152 alloc=1*2097152
[    0.103786] pcpu-alloc: [0] 0 
[    0.103813] Built 1 zonelists, mobility grouping on.  Total pages: 515961
[    0.103814] Policy zone: DMA32
[    0.103815] Kernel command line: BOOT_IMAGE=/boot/vmlinuz-5.4.243-mptcp root=UUID=98415a12-53b7-4144-8265-0f7ece09e445 ro quiet splash
[    0.104679] Dentry cache hash table entries: 262144 (order: 9, 2097152 bytes, linear)
[    0.104944] Inode-cache hash table entries: 131072 (order: 8, 1048576 bytes, linear)
[    0.104995] mem auto-init: stack:off, heap alloc:on, heap free:off
[    0.104998] Calgary: detecting Calgary via BIOS EBDA area
[    0.104998] Calgary: Unable to locate Rio Grande table in EBDA - bailing!
[    0.109228] Memory: 1967332K/2096696K available (14339K kernel code, 2398K rwdata, 4712K rodata, 2728K init, 17260K bss, 129364K reserved, 0K cma-reserved)
[    0.110172] SLUB: HWalign=64, Order=0-3, MinObjects=0, CPUs=1, Nodes=1
[    0.110188] ftrace: allocating 43186 entries in 169 pages
[    0.128238] rcu: Hierarchical RCU implementation.
[    0.128239] rcu: 	RCU restricting CPUs from NR_CPUS=8192 to nr_cpu_ids=1.
[    0.128241] 	Tasks RCU enabled.
[    0.128242] rcu: RCU calculated value of scheduler-enlistment delay is 25 jiffies.
[    0.128243] rcu: Adjusting geometry for rcu_fanout_leaf=16, nr_cpu_ids=1
[    0.131200] NR_IRQS: 524544, nr_irqs: 256, preallocated irqs: 16
[    0.131406] random: crng init done
[    0.140705] Console: colour VGA+ 80x25
[    0.140709] printk: console [tty0] enabled
[    0.140729] ACPI: Core revision 20190816
[    0.140822] APIC: Switch to symmetric I/O mode setup
[    0.141070] x2apic enabled
[    0.141307] Switched APIC routing to physical x2apic.
[    0.142432] ..TIMER: vector=0x30 apic1=0 pin1=2 apic2=-1 pin2=-1
[    0.142456] clocksource: tsc-early: mask: 0xffffffffffffffff max_cycles: 0x1e4530a99b6, max_idle_ns: 440795257976 ns
[    0.142461] Calibrating delay loop (skipped) preset value.. 4200.00 BogoMIPS (lpj=8400000)
[    0.142463] pid_max: default: 32768 minimum: 301
[    0.142490] LSM: Security Framework initializing
[    0.142499] Yama: becoming mindful.
[    0.142525] AppArmor: AppArmor initialized
[    0.142558] Mount-cache hash table entries: 4096 (order: 3, 32768 bytes, linear)
[    0.142562] Mountpoint-cache hash table entries: 4096 (order: 3, 32768 bytes, linear)
[    0.142572] *** VALIDATE tmpfs ***
[    0.142704] *** VALIDATE proc ***
[    0.142755] *** VALIDATE cgroup1 ***
[    0.142756] *** VALIDATE cgroup2 ***
[    0.142899] process: using mwait in idle threads
[    0.142904] Last level iTLB entries: 4KB 64, 2MB 8, 4MB 8
[    0.142905] Last level dTLB entries: 4KB 64, 2MB 0, 4MB 0, 1GB 4
[    0.142925] Spectre V1 : Mitigation: usercopy/swapgs barriers and __user pointer sanitization
[    0.142931] Spectre V2 : Mitigation: Retpolines
[    0.142932] Spectre V2 : Spectre v2 / SpectreRSB mitigation: Filling RSB on context switch
[    0.142932] Spectre V2 : Spectre v2 / SpectreRSB : Filling RSB on VMEXIT
[    0.142933] RETBleed: WARNING: Spectre v2 mitigation leaves CPU vulnerable to RETBleed attacks, data leaks possible!
[    0.143285] RETBleed: Vulnerable
[    0.143286] Speculative Store Bypass: Vulnerable
[    0.143290] TAA: Mitigation: TSX disabled
[    0.143291] MMIO Stale Data: Mitigation: Clear CPU buffers
[    0.147423] Freeing SMP alternatives memory: 40K
[    0.259612] smpboot: CPU0: Intel(R) Xeon(R) Silver 4216 CPU @ 2.10GHz (family: 0x6, model: 0x55, stepping: 0x7)
[    0.259727] Performance Events: unsupported p6 CPU model 85 no PMU driver, software events only.
[    0.259764] rcu: Hierarchical SRCU implementation.
[    0.260249] NMI watchdog: Perf NMI watchdog permanently disabled
[    0.260287] smp: Bringing up secondary CPUs ...
[    0.260288] smp: Brought up 1 node, 1 CPU
[    0.260289] smpboot: Max logical packages: 1
[    0.260290] smpboot: Total of 1 processors activated (4200.00 BogoMIPS)
[    0.261261] devtmpfs: initialized
[    0.261307] x86/mm: Memory block size: 128MB
[    0.261648] clocksource: jiffies: mask: 0xffffffff max_cycles: 0xffffffff, max_idle_ns: 7645041785100000 ns
[    0.261654] futex hash table entries: 256 (order: 2, 16384 bytes, linear)
[    0.261697] pinctrl core: initialized pinctrl subsystem
[    0.261799] PM: RTC time: 10:59:58, date: 2026-01-17
[    0.261906] NET: Registered protocol family 16
[    0.261979] audit: initializing netlink subsys (disabled)
[    0.262104] EISA bus registered
[    0.262106] cpuidle: using governor ladder
[    0.262107] cpuidle: using governor menu
[    0.262143] ACPI: bus type PCI registered
[    0.262144] acpiphp: ACPI Hot Plug PCI Controller Driver version: 0.5
[    0.262243] PCI: Using configuration type 1 for base access
[    0.262710] audit: type=2000 audit(1768618805.051:1): state=initialized audit_enabled=0 res=1
[    0.262790] HugeTLB registered 2.00 MiB page size, pre-allocated 0 pages
[    0.263618] ACPI: Added _OSI(Module Device)
[    0.263618] ACPI: Added _OSI(Processor Device)
[    0.263619] ACPI: Added _OSI(3.0 _SCP Extensions)
[    0.263620] ACPI: Added _OSI(Processor Aggregator Device)
[    0.263621] ACPI: Added _OSI(Linux-Dell-Video)
[    0.263622] ACPI: Added _OSI(Linux-Lenovo-NV-HDMI-Audio)
[    0.263622] ACPI: Added _OSI(Linux-HPI-Hybrid-Graphics)
[    0.265567] ACPI: 2 ACPI AML tables successfully acquired and loaded
[    0.267086] ACPI: Interpreter enabled
[    0.267096] ACPI: (supports S0 S5)
[    0.267097] ACPI: Using IOAPIC for interrupt routing
[    0.267302] PCI: Using host bridge windows from ACPI; if necessary, use "pci=nocrs" and report a bug
[    0.267407] ACPI: Enabled 2 GPEs in block 00 to 07
[    0.272195] ACPI: PCI Root Bridge [PCI0] (domain 0000 [bus 00-ff])
[    0.272199] acpi PNP0A03:00: _OSC: OS supports [ASPM ClockPM Segments MSI HPX-Type3]
[    0.272642] acpi PNP0A03:00: _OSC: not requesting OS control; OS requires [ExtendedConfig ASPM ClockPM MSI]
[    0.272650] acpi PNP0A03:00: fail to add MMCONFIG information, can't access extended PCI configuration space under this bridge.
[    0.273019] PCI host bridge to bus 0000:00
[    0.273021] pci_bus 0000:00: root bus resource [io  0x0000-0x0cf7 window]
[    0.273023] pci_bus 0000:00: root bus resource [io  0x0d00-0xffff window]
[    0.273024] pci_bus 0000:00: root bus resource [mem 0x000a0000-0x000bffff window]
[    0.273025] pci_bus 0000:00: root bus resource [mem 0x80000000-0xfdffffff window]
[    0.273026] pci_bus 0000:00: root bus resource [bus 00-ff]
[    0.273067] pci 0000:00:00.0: [8086:1237] type 00 class 0x060000
[    0.273996] pci 0000:00:01.0: [8086:7000] type 00 class 0x060100
[    0.274921] pci 0000:00:01.1: [8086:7111] type 00 class 0x01018a
[    0.275282] pci 0000:00:01.1: reg 0x20: [io  0xd000-0xd00f]
[    0.275432] pci 0000:00:01.1: legacy IDE quirk: reg 0x10: [io  0x01f0-0x01f7]
[    0.275433] pci 0000:00:01.1: legacy IDE quirk: reg 0x14: [io  0x03f6]
[    0.275434] pci 0000:00:01.1: legacy IDE quirk: reg 0x18: [io  0x0170-0x0177]
[    0.275435] pci 0000:00:01.1: legacy IDE quirk: reg 0x1c: [io  0x0376]
[    0.275967] pci 0000:00:02.0: [15ad:0405] type 00 class 0x030000
[    0.278538] pci 0000:00:02.0: reg 0x10: [io  0xd010-0xd01f]
[    0.282504] pci 0000:00:02.0: reg 0x14: [mem 0xe0000000-0xe7ffffff pref]
[    0.285350] pci 0000:00:02.0: reg 0x18: [mem 0xf0000000-0xf01fffff]
[    0.295231] pci 0000:00:03.0: [1022:2000] type 00 class 0x020000
[    0.295918] pci 0000:00:03.0: reg 0x10: [io  0xd020-0xd03f]
[    0.296534] pci 0000:00:03.0: reg 0x14: [mem 0xf0200000-0xf0200fff]
[    0.300999] pci 0000:00:04.0: [80ee:cafe] type 00 class 0x088000
[    0.301674] pci 0000:00:04.0: reg 0x10: [io  0xd040-0xd05f]
[    0.302290] pci 0000:00:04.0: reg 0x14: [mem 0xf0400000-0xf07fffff]
[    0.302586] pci 0000:00:04.0: reg 0x18: [mem 0xf0800000-0xf0803fff pref]
[    0.306501] pci 0000:00:07.0: [8086:7113] type 00 class 0x068000
[    0.307069] pci 0000:00:07.0: quirk: [io  0x4000-0x403f] claimed by PIIX4 ACPI
[    0.307083] pci 0000:00:07.0: quirk: [io  0x4100-0x410f] claimed by PIIX4 SMB
[    0.307668] pci 0000:00:08.0: [1022:2000] type 00 class 0x020000
[    0.308338] pci 0000:00:08.0: reg 0x10: [io  0xd060-0xd07f]
[    0.308951] pci 0000:00:08.0: reg 0x14: [mem 0xf0804000-0xf0804fff]
[    0.312977] pci 0000:00:09.0: [8086:100e] type 00 class 0x020000
[    0.313730] pci 0000:00:09.0: reg 0x10: [mem 0xf0820000-0xf083ffff]
[    0.314576] pci 0000:00:09.0: reg 0x18: [io  0xd080-0xd087]
[    0.323488] ACPI: PCI Interrupt Link [LNKA] (IRQs 5 9 10 *11)
[    0.323769] ACPI: PCI Interrupt Link [LNKB] (IRQs 5 9 *10 11)
[    0.323874] ACPI: PCI Interrupt Link [LNKC] (IRQs 5 *9 10 11)
[    0.323975] ACPI: PCI Interrupt Link [LNKD] (IRQs 5 9 10 *11)
[    0.326580] iommu: Default domain type: Translated 
[    0.326640] pci 0000:00:02.0: vgaarb: setting as boot VGA device
[    0.326642] pci 0000:00:02.0: vgaarb: VGA device added: decodes=io+mem,owns=io+mem,locks=none
[    0.326644] pci 0000:00:02.0: vgaarb: bridge control possible
[    0.326645] vgaarb: loaded
[    0.326849] SCSI subsystem initialized
[    0.326881] libata version 3.00 loaded.
[    0.326904] ACPI: bus type USB registered
[    0.326919] usbcore: registered new interface driver usbfs
[    0.326925] usbcore: registered new interface driver hub
[    0.326930] usbcore: registered new device driver usb
[    0.326954] pps_core: LinuxPPS API ver. 1 registered
[    0.326955] pps_core: Software ver. 5.3.6 - Copyright 2005-2007 Rodolfo Giometti <giometti@linux.it>
[    0.326957] PTP clock support registered
[    0.326991] EDAC MC: Ver: 3.0.0
[    0.327276] PCI: Using ACPI for IRQ routing
[    0.327278] PCI: pci_cache_line_size set to 64 bytes
[    0.327457] e820: reserve RAM buffer [mem 0x0009fc00-0x0009ffff]
[    0.327460] e820: reserve RAM buffer [mem 0x7fff0000-0x7fffffff]
[    0.328289] NetLabel: Initializing
[    0.328290] NetLabel:  domain hash size = 128
[    0.328290] NetLabel:  protocols = UNLABELED CIPSOv4 CALIPSO
[    0.328309] NetLabel:  unlabeled traffic allowed by default
[    0.329199] clocksource: Switched to clocksource kvm-clock
[    0.340806] *** VALIDATE bpf ***
[    0.340860] VFS: Disk quotas dquot_6.6.0
[    0.340872] VFS: Dquot-cache hash table entries: 512 (order 0, 4096 bytes)
[    0.340894] *** VALIDATE ramfs ***
[    0.340897] *** VALIDATE hugetlbfs ***
[    0.340975] AppArmor: AppArmor Filesystem Enabled
[    0.340998] pnp: PnP ACPI init
[    0.341060] pnp 00:00: Plug and Play ACPI device, IDs PNP0303 (active)
[    0.341146] pnp 00:01: Plug and Play ACPI device, IDs PNP0f03 (active)
[    0.341896] pnp: PnP ACPI: found 2 devices
[    0.342922] thermal_sys: Registered thermal governor 'fair_share'
[    0.342923] thermal_sys: Registered thermal governor 'bang_bang'
[    0.342924] thermal_sys: Registered thermal governor 'step_wise'
[    0.342924] thermal_sys: Registered thermal governor 'user_space'
[    0.342925] thermal_sys: Registered thermal governor 'power_allocator'
[    0.347468] clocksource: acpi_pm: mask: 0xffffff max_cycles: 0xffffff, max_idle_ns: 2085701024 ns
[    0.347507] pci_bus 0000:00: resource 4 [io  0x0000-0x0cf7 window]
[    0.347509] pci_bus 0000:00: resource 5 [io  0x0d00-0xffff window]
[    0.347510] pci_bus 0000:00: resource 6 [mem 0x000a0000-0x000bffff window]
[    0.347511] pci_bus 0000:00: resource 7 [mem 0x80000000-0xfdffffff window]
[    0.347568] NET: Registered protocol family 2
[    0.347640] IP idents hash table entries: 32768 (order: 6, 262144 bytes, linear)
[    0.348040] MPTCP tokens hash table entries: 8192 (order: 4, 65536 bytes, linear)
[    0.348061] MPTCP request tokens hash table entries: 8192 (order: 4, 65536 bytes, linear)
[    0.348085] default registered
[    0.348086] default registered
[    0.348086] MPTCP: Stable release v0.96
[    0.348092] tcp_listen_portaddr_hash hash table entries: 1024 (order: 2, 16384 bytes, linear)
[    0.348170] TCP established hash table entries: 16384 (order: 5, 131072 bytes, linear)
[    0.348233] TCP bind hash table entries: 16384 (order: 6, 262144 bytes, linear)
[    0.348259] TCP: Hash tables configured (established 16384 bind 16384)
[    0.348976] UDP hash table entries: 1024 (order: 3, 32768 bytes, linear)
[    0.348987] UDP-Lite hash table entries: 1024 (order: 3, 32768 bytes, linear)
[    0.349020] NET: Registered protocol family 1
[    0.349029] NET: Registered protocol family 44
[    0.349049] pci 0000:00:00.0: Limiting direct PCI/PCI transfers
[    0.349061] pci 0000:00:01.0: Activating ISA DMA hang workarounds
[    0.349117] pci 0000:00:02.0: Video device with shadowed ROM at [mem 0x000c0000-0x000dffff]
[    0.349180] PCI: CLS 0 bytes, default 64
[    0.349227] Trying to unpack rootfs image as initramfs...
[    0.523302] Freeing initrd memory: 47868K
[    0.523302] clocksource: tsc: mask: 0xffffffffffffffff max_cycles: 0x1e4530a99b6, max_idle_ns: 440795257976 ns
[    0.523302] clocksource: Switched to clocksource tsc
[    0.523302] platform rtc_cmos: registered platform RTC device (no PNP device found)
[    0.523302] check: Scanning for low memory corruption every 60 seconds
[    0.523302] Initialise system trusted keyrings
[    0.523302] Key type blacklist registered
[    0.523302] workingset: timestamp_bits=36 max_order=19 bucket_order=0
[    0.523302] zbud: loaded
[    0.523302] squashfs: version 4.0 (2009/01/31) Phillip Lougher
[    0.523302] fuse: init (API version 7.31)
[    0.523302] *** VALIDATE fuse ***
[    0.523302] *** VALIDATE fuse ***
[    0.523302] Platform Keyring initialized
[    0.523302] Key type asymmetric registered
[    0.523302] Asymmetric key parser 'x509' registered
[    0.523302] Block layer SCSI generic (bsg) driver version 0.4 loaded (major 244)
[    0.523302] io scheduler mq-deadline registered
[    0.523302] shpchp: Standard Hot Plug PCI Controller Driver version: 0.4
[    0.535914] ACPI: AC Adapter [AC] (on-line)
[    0.535963] input: Power Button as /devices/LNXSYSTM:00/LNXPWRBN:00/input/input0
[    0.535989] ACPI: Power Button [PWRF]
[    0.536065] input: Sleep Button as /devices/LNXSYSTM:00/LNXSLPBN:00/input/input1
[    0.536097] ACPI: Sleep Button [SLPF]
[    0.536320] Serial: 8250/16550 driver, 32 ports, IRQ sharing enabled
[    0.537464] Linux agpgart interface v0.103
[    0.627098] loop: module loaded
[    0.627242] ata_piix 0000:00:01.1: version 2.13
[    0.627650] scsi host0: ata_piix
[    0.627740] scsi host1: ata_piix
[    0.627766] ata1: PATA max UDMA/33 cmd 0x1f0 ctl 0x3f6 bmdma 0xd000 irq 14
[    0.627767] ata2: PATA max UDMA/33 cmd 0x170 ctl 0x376 bmdma 0xd008 irq 15
[    0.627845] tun: Universal TUN/TAP device driver, 1.6
[    0.628163] PPP generic driver version 2.4.2
[    0.628204] VFIO - User Level meta-driver version: 0.3
[    0.628441] ehci_hcd: USB 2.0 'Enhanced' Host Controller (EHCI) Driver
[    0.628445] ehci-pci: EHCI PCI platform driver
[    0.628458] ehci-platform: EHCI generic platform driver
[    0.628463] ohci_hcd: USB 1.1 'Open' Host Controller (OHCI) Driver
[    0.628465] ohci-pci: OHCI PCI platform driver
[    0.628472] ohci-platform: OHCI generic platform driver
[    0.628476] uhci_hcd: USB Universal Host Controller Interface driver
[    0.628542] i8042: PNP: PS/2 Controller [PNP0303:PS2K,PNP0f03:PS2M] at 0x60,0x64 irq 1,12
[    0.628997] serio: i8042 KBD port at 0x60,0x64 irq 1
[    0.629001] serio: i8042 AUX port at 0x60,0x64 irq 12
[    0.629087] mousedev: PS/2 mouse device common for all mice
[    0.629353] input: AT Translated Set 2 keyboard as /devices/platform/i8042/serio0/input/input2
[    0.629756] rtc_cmos rtc_cmos: registered as rtc0
[    0.629769] rtc_cmos rtc_cmos: alarms up to one day, 114 bytes nvram
[    0.629774] i2c /dev entries driver
[    0.629817] device-mapper: uevent: version 1.0.3
[    0.629859] device-mapper: ioctl: 4.41.0-ioctl (2019-09-16) initialised: dm-devel@redhat.com
[    0.629875] platform eisa.0: Probing EISA bus 0
[    0.629877] platform eisa.0: EISA: Cannot allocate resource for mainboard
[    0.629878] platform eisa.0: Cannot allocate resource for EISA slot 1
[    0.629879] platform eisa.0: Cannot allocate resource for EISA slot 2
[    0.629880] platform eisa.0: Cannot allocate resource for EISA slot 3
[    0.629881] platform eisa.0: Cannot allocate resource for EISA slot 4
[    0.629882] platform eisa.0: Cannot allocate resource for EISA slot 5
[    0.629883] platform eisa.0: Cannot allocate resource for EISA slot 6
[    0.629884] platform eisa.0: Cannot allocate resource for EISA slot 7
[    0.629885] platform eisa.0: Cannot allocate resource for EISA slot 8
[    0.629886] platform eisa.0: EISA: Detected 0 cards
[    0.629889] intel_pstate: CPU model not supported
[    0.629898] ledtrig-cpu: registered to indicate activity on CPUs
[    0.629951] drop_monitor: Initializing network drop monitor service
[    0.630111] NET: Registered protocol family 10
[    0.635247] Segment Routing with IPv6
[    0.635247] fullmesh registered
[    0.635247] ndiffports registered
[    0.635247] binder registered
[    0.635247] roundrobin registered
[    0.635247] redundant registered
[    0.635247] blest registered
[    0.635247] ecf registered
[    0.635247] NET: Registered protocol family 17
[    0.635247] Key type dns_resolver registered
[    0.635247] RAS: Correctable Errors collector initialized.
[    0.635247] IPI shorthand broadcast: enabled
[    0.635247] sched_clock: Marking stable (620186150, 11061246)->(633342514, -2095118)
[    0.635503] registered taskstats version 1
[    0.635511] Loading compiled-in X.509 certificates
[    0.636099] Loaded X.509 cert 'Build time autogenerated kernel key: 6909f3744cebb3d0de528d5887b96a727de79b1e'
[    0.636117] zswap: loaded using pool lzo/zbud
[    0.636171] Key type ._fscrypt registered
[    0.636171] Key type .fscrypt registered
[    0.640663] Key type big_key registered
[    0.642856] Key type encrypted registered
[    0.642858] AppArmor: AppArmor sha1 policy hashing enabled
[    0.642866] ima: No TPM chip found, activating TPM-bypass!
[    0.642869] ima: Allocated hash algorithm: sha1
[    0.642874] ima: No architecture policies found
[    0.642882] evm: Initialising EVM extended attributes:
[    0.642883] evm: security.selinux
[    0.642883] evm: security.SMACK64
[    0.642884] evm: security.SMACK64EXEC
[    0.642884] evm: security.SMACK64TRANSMUTE
[    0.642885] evm: security.SMACK64MMAP
[    0.642885] evm: security.apparmor
[    0.642886] evm: security.ima
[    0.642886] evm: security.capability
[    0.642887] evm: HMAC attrs: 0x1
[    0.643183] PM:   Magic number: 10:747:982
[    0.643299] rtc_cmos rtc_cmos: setting system clock to 2026-01-17T10:59:59 UTC (1768647599)
[    0.798750] ata1.00: ATA-6: VBOX HARDDISK, 1.0, max UDMA/133
[    0.798752] ata1.00: 209715200 sectors, multi 128: LBA 
[    0.799212] scsi 0:0:0:0: Direct-Access     ATA      VBOX HARDDISK    1.0  PQ: 0 ANSI: 5
[    0.799393] sd 0:0:0:0: [sda] 209715200 512-byte logical blocks: (107 GB/100 GiB)
[    0.799400] sd 0:0:0:0: [sda] Write Protect is off
[    0.799402] sd 0:0:0:0: [sda] Mode Sense: 00 3a 00 00
[    0.799413] sd 0:0:0:0: [sda] Write cache: enabled, read cache: enabled, doesn't support DPO or FUA
[    0.799611] sd 0:0:0:0: Attached scsi generic sg0 type 0
[    0.800256]  sda: sda1 sda2
[    0.811207] sd 0:0:0:0: [sda] Attached SCSI disk
[    0.813114] Freeing unused decrypted memory: 2040K
[    0.813811] Freeing unused kernel image memory: 2728K
[    0.813813] Write protecting the kernel read-only data: 22528k
[    0.814489] Freeing unused kernel image memory: 2036K
[    0.814881] Freeing unused kernel image memory: 1432K
[    0.828831] x86/mm: Checked W+X mappings: passed, no W+X pages found.
[    0.828834] Run /init as init process
[    0.933107] ACPI: Video Device [GFX0] (multi-head: yes  rom: no  post: no)
[    0.933180] input: Video Bus as /devices/LNXSYSTM:00/LNXSYBUS:00/PNP0A03:00/LNXVIDEO:00/input/input4
[    0.946439] pcnet32: pcnet32.c:v1.35 21.Apr.2008 tsbogend@alpha.franken.de
[    0.947560] pcnet32: PCnet/FAST III 79C973 at 0xd020, 08:00:27:15:67:c5 assigned IRQ 19
[    0.947602] pcnet32: Found PHY 0022:561b at address 0
[    0.947905] pcnet32: eth0: registered as PCnet/FAST III 79C973
[    0.951740] pcnet32: PCnet/FAST III 79C973 at 0xd060, 08:00:27:8b:e8:49 assigned IRQ 16
[    0.951782] pcnet32: Found PHY 0022:561b at address 0
[    0.952074] pcnet32: eth1: registered as PCnet/FAST III 79C973
[    0.955912] e1000: Intel(R) PRO/1000 Network Driver - version 7.3.21-k8-NAPI
[    0.955912] e1000: Copyright (c) 1999-2006 Intel Corporation.
[    0.962800] piix4_smbus 0000:00:07.0: SMBus Host Controller at 0x4100, revision 0
[    0.964147] pcnet32: 2 cards_found
[    1.031666] pcnet32 0000:00:03.0 enp0s3: renamed from eth0
[    1.032756] pcnet32 0000:00:08.0 enp0s8: renamed from eth1
[    1.164815] input: ImExPS/2 Generic Explorer Mouse as /devices/platform/i8042/serio1/input/input5
[    1.359679] e1000 0000:00:09.0 eth0: (PCI:33MHz:32-bit) 08:00:27:23:14:a8
[    1.359683] e1000 0000:00:09.0 eth0: Intel(R) PRO/1000 Network Connection
[    1.360767] e1000 0000:00:09.0 enp0s9: renamed from eth0
[    1.517411] EXT4-fs (sda2): mounted filesystem with ordered data mode. Opts: (null)
[    1.613084] systemd[1]: Inserted module 'autofs4'
[    1.625681] systemd[1]: systemd 245.4-4ubuntu3 running in system mode. (+PAM +AUDIT +SELINUX +IMA +APPARMOR +SMACK +SYSVINIT +UTMP +LIBCRYPTSETUP +GCRYPT +GNUTLS +ACL +XZ +LZ4 +SECCOMP +BLKID +ELFUTILS +KMOD +IDN2 -IDN +PCRE2 default-hierarchy=hybrid)
[    1.625711] systemd[1]: Detected virtualization oracle.
[    1.625715] systemd[1]: Detected architecture x86-64.
[    1.627018] systemd[1]: Set hostname to <ztg>.
[    1.756318] systemd[1]: /lib/systemd/system/dbus.socket:5: ListenStream= references a path below legacy directory /var/run/, updating /var/run/dbus/system_bus_socket â†’ /run/dbus/system_bus_socket; please update the unit file accordingly.
[    1.810656] systemd[1]: Created slice system-modprobe.slice.
[    1.810840] systemd[1]: Created slice User and Session Slice.
[    1.810883] systemd[1]: Started Forward Password Requests to Wall Directory Watch.
[    1.811043] systemd[1]: Set up automount Arbitrary Executable File Formats File System Automount Point.
[    1.811078] systemd[1]: Reached target User and Group Name Lookups.
[    1.811150] systemd[1]: Reached target Remote File Systems.
[    1.811162] systemd[1]: Reached target Slices.
[    1.811746] systemd[1]: Listening on Syslog Socket.
[    1.811813] systemd[1]: Listening on fsck to fsckd communication Socket.
[    1.811851] systemd[1]: Listening on initctl Compatibility Named Pipe.
[    1.811990] systemd[1]: Listening on Journal Audit Socket.
[    1.812044] systemd[1]: Listening on Journal Socket (/dev/log).
[    1.812113] systemd[1]: Listening on Journal Socket.
[    1.812179] systemd[1]: Listening on udev Control Socket.
[    1.812218] systemd[1]: Listening on udev Kernel Socket.
[    1.812986] systemd[1]: Mounting Huge Pages File System...
[    1.813899] systemd[1]: Mounting POSIX Message Queue File System...
[    1.814760] systemd[1]: Mounting Kernel Debug File System...
[    1.815651] systemd[1]: Mounting Kernel Trace File System...
[    1.817603] systemd[1]: Starting Journal Service...
[    1.841966] systemd[1]: Starting Set the console keyboard layout...
[    1.849803] systemd[1]: Starting Create list of static device nodes for the current kernel...
[    1.851780] systemd[1]: Starting Load Kernel Module drm...
[    1.852814] systemd[1]: Condition check resulted in Set Up Additional Binary Formats being skipped.
[    1.852863] systemd[1]: Condition check resulted in File System Check on Root Device being skipped.
[    1.866466] systemd[1]: Starting Load Kernel Modules...
[    1.871811] systemd[1]: Starting Remount Root and Kernel File Systems...
[    1.883980] systemd[1]: Starting udev Coldplug all Devices...
[    1.893233] systemd[1]: Starting Uncomplicated firewall...
[    1.894800] systemd[1]: Mounted Huge Pages File System.
[    1.894888] systemd[1]: Mounted POSIX Message Queue File System.
[    1.894965] systemd[1]: Mounted Kernel Debug File System.
[    1.895034] systemd[1]: Mounted Kernel Trace File System.
[    1.896483] EXT4-fs (sda2): re-mounted. Opts: errors=remount-ro
[    1.918160] systemd[1]: Finished Create list of static device nodes for the current kernel.
[    1.919192] systemd[1]: modprobe@drm.service: Succeeded.
[    1.942709] systemd[1]: Finished Load Kernel Module drm.
[    1.943263] systemd[1]: Finished Remount Root and Kernel File Systems.
[    1.944608] systemd[1]: Finished Uncomplicated firewall.
[    1.961042] lp: driver loaded but no devices found
[    1.962343] systemd[1]: Condition check resulted in Rebuild Hardware Database being skipped.
[    1.962383] systemd[1]: Condition check resulted in Platform Persistent Storage Archival being skipped.
[    1.963078] systemd[1]: Starting Load/Save Random Seed...
[    1.969024] systemd[1]: Starting Create System Users...
[    1.978206] systemd[1]: Finished Load/Save Random Seed.
[    1.979938] ppdev: user-space parallel port driver
[    1.986202] systemd[1]: Finished Create System Users.
[    1.986900] systemd[1]: Starting Create Static Device Nodes in /dev...
[    2.011475] systemd[1]: Finished udev Coldplug all Devices.
[    2.044056] systemd[1]: Finished Create Static Device Nodes in /dev.
[    2.044905] systemd[1]: Starting udev Kernel Device Manager...
[    2.077501] [drm] DMA map mode: Caching DMA mappings.
[    2.077591] [drm] Capabilities:
[    2.077591] [drm]   Rect copy.
[    2.077592] [drm]   Cursor.
[    2.077592] [drm]   Cursor bypass.
[    2.077592] [drm]   Cursor bypass 2.
[    2.077593] [drm]   Alpha cursor.
[    2.077593] [drm]   Extended Fifo.
[    2.077594] [drm]   Pitchlock.
[    2.077594] [drm]   Irq mask.
[    2.077594] [drm]   GMR.
[    2.077595] [drm]   Traces.
[    2.077595] [drm]   GMR2.
[    2.077595] [drm]   Screen Object 2.
[    2.077596] [drm]   Command Buffers.
[    2.077596] [drm]   Command Buffers 2.
[    2.077596] [drm]   Guest Backed Resources.
[    2.077597] [drm] Max GMR ids is 8192
[    2.077598] [drm] Max number of GMR pages is 1048576
[    2.077598] [drm] Max dedicated hypervisor surface memory is 393216 kiB
[    2.077599] [drm] Maximum display memory size is 131072 kiB
[    2.077600] [drm] VRAM at 0xe0000000 size is 131072 kiB
[    2.077600] [drm] MMIO at 0xf0000000 size is 2048 kiB
[    2.078621] [TTM] Zone  kernel: Available graphics memory: 1011738 KiB
[    2.078622] [TTM] Initializing pool allocator
[    2.078626] [TTM] Initializing DMA pool allocator
[    2.078654] [drm] Supports vblank timestamp caching Rev 2 (21.10.2013).
[    2.078654] [drm] No driver support for vblank timestamp query.
[    2.078870] [drm] Screen Target Display device initialized
[    2.079112] [drm] width 720
[    2.079124] [drm] height 400
[    2.079128] [drm] bpp 32
[    2.079680] [drm] Fifo max 0x00200000 min 0x00001000 cap 0x00000355
[    2.081066] [drm] Using command buffers with DMA pool.
[    2.081070] [drm] DX: no.
[    2.081071] [drm] Atomic: yes.
[    2.081071] [drm] SM4_1: no.
[    2.081090] [drm:vmw_host_log [vmwgfx]] *ERROR* Failed to send host log message.
[    2.081992] [drm:vmw_host_log [vmwgfx]] *ERROR* Failed to send host log message.
[    2.092538] fbcon: svgadrmfb (fb0) is primary device
[    2.096981] Console: switching to colour frame buffer device 100x37
[    2.104007] [drm] Initialized vmwgfx 2.15.0 20180704 for 0000:00:02.0 on minor 0
[    2.105478] systemd[1]: Finished Load Kernel Modules.
[    2.106410] systemd[1]: Mounting FUSE Control File System...
[    2.107702] systemd[1]: Mounting Kernel Configuration File System...
[    2.119491] systemd[1]: Starting Apply Kernel Variables...
[    2.145662] systemd[1]: Mounted FUSE Control File System.
[    2.145733] systemd[1]: Condition check resulted in VMware vmblock fuse mount being skipped.
[    2.149038] systemd[1]: Finished Set the console keyboard layout.
[    2.149143] systemd[1]: Reached target Local File Systems (Pre).
[    2.155950] systemd[1]: Mounting Mount unit for bare, revision 5...
[    2.159316] systemd[1]: Mounting Mount unit for core18, revision 1705...
[    2.171315] systemd[1]: Mounting Mount unit for gnome-3-34-1804, revision 24...
[    2.175907] systemd[1]: Mounting Mount unit for gtk-common-themes, revision 1506...
[    2.180009] systemd[1]: Mounting Mount unit for gtk-common-themes, revision 1535...
[    2.202967] systemd[1]: Mounting Mount unit for snap-store, revision 433...
[    2.209288] systemd[1]: Mounting Mount unit for snapd, revision 25935...
[    2.210450] systemd[1]: Mounted Kernel Configuration File System.
[    2.219473] systemd[1]: Finished Apply Kernel Variables.
[    2.227820] systemd[1]: Mounted Mount unit for bare, revision 5.
[    2.227918] systemd[1]: Mounted Mount unit for gnome-3-34-1804, revision 24.
[    2.241275] systemd[1]: Mounted Mount unit for core18, revision 1705.
[    2.243579] systemd[1]: Started udev Kernel Device Manager.
[    2.244278] systemd[1]: Starting Show Plymouth Boot Screen...
[    2.250344] systemd[1]: Received SIGRTMIN+20 from PID 277 (plymouthd).
[    2.251627] systemd[1]: Mounted Mount unit for gtk-common-themes, revision 1506.
[    2.281120] systemd[1]: Started Show Plymouth Boot Screen.
[    2.281385] systemd[1]: Condition check resulted in Dispatch Password Requests to Console Directory Watch being skipped.
[    2.281476] systemd[1]: Started Forward Password Requests to Plymouth Directory Watch.
[    2.281542] systemd[1]: Reached target Local Encrypted Volumes.
[    2.283552] systemd[1]: Mounted Mount unit for gtk-common-themes, revision 1535.
[    2.283761] systemd[1]: Mounted Mount unit for snap-store, revision 433.
[    2.317195] systemd[1]: Mounted Mount unit for snapd, revision 25935.
[    2.317388] systemd[1]: Reached target Local File Systems.
[    2.318187] systemd[1]: Starting Load AppArmor profiles...
[    2.320587] systemd[1]: Starting Set console font and keymap...
[    2.331603] systemd[1]: Starting Tell Plymouth To Write Out Runtime Data...
[    2.334426] systemd[1]: Condition check resulted in Store a System Token in an EFI Variable being skipped.
[    2.334473] systemd[1]: Condition check resulted in Commit a transient machine-id on disk being skipped.
[    2.336981] systemd[1]: Finished Set console font and keymap.
[    2.346152] systemd[1]: Received SIGRTMIN+20 from PID 277 (plymouthd).
[    2.347337] systemd[1]: plymouth-read-write.service: Succeeded.
[    2.347568] systemd[1]: Finished Tell Plymouth To Write Out Runtime Data.
[    2.368660] audit: type=1400 audit(1768647601.220:2): apparmor="STATUS" operation="profile_load" profile="unconfined" name="nvidia_modprobe" pid=299 comm="apparmor_parser"
[    2.368662] audit: type=1400 audit(1768647601.220:3): apparmor="STATUS" operation="profile_load" profile="unconfined" name="nvidia_modprobe//kmod" pid=299 comm="apparmor_parser"
[    2.378803] audit: type=1400 audit(1768647601.228:4): apparmor="STATUS" operation="profile_load" profile="unconfined" name="/usr/sbin/tcpdump" pid=300 comm="apparmor_parser"
[    2.422756] audit: type=1400 audit(1768647601.264:5): apparmor="STATUS" operation="profile_load" profile="unconfined" name="/usr/bin/evince" pid=302 comm="apparmor_parser"
[    2.422757] audit: type=1400 audit(1768647601.264:6): apparmor="STATUS" operation="profile_load" profile="unconfined" name="/usr/bin/evince//sanitized_helper" pid=302 comm="apparmor_parser"
[    2.422759] audit: type=1400 audit(1768647601.264:7): apparmor="STATUS" operation="profile_load" profile="unconfined" name="/usr/bin/evince-previewer" pid=302 comm="apparmor_parser"
[    2.422760] audit: type=1400 audit(1768647601.264:8): apparmor="STATUS" operation="profile_load" profile="unconfined" name="/usr/bin/evince-previewer//sanitized_helper" pid=302 comm="apparmor_parser"
[    2.422763] audit: type=1400 audit(1768647601.264:9): apparmor="STATUS" operation="profile_load" profile="unconfined" name="/usr/bin/evince-thumbnailer" pid=302 comm="apparmor_parser"
[    2.454611] audit: type=1400 audit(1768647601.304:10): apparmor="STATUS" operation="profile_load" profile="unconfined" name="/usr/lib/cups/backend/cups-pdf" pid=303 comm="apparmor_parser"
[    2.509432] systemd[1]: Finished Load AppArmor profiles.
[    2.510360] systemd[1]: Starting Load AppArmor profiles managed internally by snapd...
[    2.623314] systemd[1]: Finished Load AppArmor profiles managed internally by snapd.
[    2.824058] systemd[1]: Started Journal Service.
[    2.833988] systemd-journald[229]: Received client request to flush runtime journal.
[    2.836847] systemd-journald[229]: File /var/log/journal/c455b248004a419c87ce85eea238d727/system.journal corrupted or uncleanly shut down, renaming and replacing.
[    4.102256] RAPL PMU: API unit is 2^-32 Joules, 0 fixed counters, 10737418240 ms ovfl timer
[    4.181917] cryptd: max_cpu_qlen set to 1000
[    4.229058] AVX2 version of gcm_enc/dec engaged.
[    4.229059] AES CTR mode by8 optimization enabled
[    6.051483] Adding 1998844k swap on /dev/sda1.  Priority:-2 extents:1 across:1998844k FS
[    7.872652] kauditd_printk_skb: 30 callbacks suppressed
[    7.872653] audit: type=1400 audit(1768647606.724:41): apparmor="DENIED" operation="capable" profile="/usr/sbin/cups-browsed" pid=508 comm="cups-browsed" capability=23  capname="sys_nice"
[    8.572784] pcnet32 0000:00:03.0 enp0s3: link up, 100Mbps, full-duplex
[    8.592255] pcnet32 0000:00:08.0 enp0s8: link up, 100Mbps, full-duplex
[    8.629564] e1000: enp0s9 NIC Link is Up 1000 Mbps Full Duplex, Flow Control: RX
[    8.629858] IPv6: ADDRCONF(NETDEV_CHANGE): enp0s9: link becomes ready
[    9.177099] device enp0s3 entered promiscuous mode
[    9.177933] device enp0s8 entered promiscuous mode
[    9.214287] audit: type=1400 audit(1768647608.064:42): apparmor="DENIED" operation="open" profile="/usr/sbin/tcpdump" name="/proc/sys/kernel/random/boot_id" pid=666 comm="tcpdump" requested_mask="r" denied_mask="r" fsuid=0 ouid=0
[    9.214431] audit: type=1400 audit(1768647608.064:43): apparmor="DENIED" operation="open" profile="/usr/sbin/tcpdump" name="/proc/sys/kernel/random/boot_id" pid=665 comm="tcpdump" requested_mask="r" denied_mask="r" fsuid=0 ouid=0
[    9.215048] audit: type=1400 audit(1768647608.064:44): apparmor="DENIED" operation="open" profile="/usr/sbin/tcpdump" name="/proc/sys/kernel/random/boot_id" pid=665 comm="tcpdump" requested_mask="r" denied_mask="r" fsuid=0 ouid=0
[    9.215092] audit: type=1400 audit(1768647608.064:45): apparmor="DENIED" operation="open" profile="/usr/sbin/tcpdump" name="/proc/sys/kernel/random/boot_id" pid=665 comm="tcpdump" requested_mask="r" denied_mask="r" fsuid=0 ouid=0
[    9.215142] audit: type=1400 audit(1768647608.064:46): apparmor="DENIED" operation="open" profile="/usr/sbin/tcpdump" name="/proc/sys/kernel/random/boot_id" pid=666 comm="tcpdump" requested_mask="r" denied_mask="r" fsuid=0 ouid=0
[    9.215175] audit: type=1400 audit(1768647608.064:47): apparmor="DENIED" operation="open" profile="/usr/sbin/tcpdump" name="/proc/sys/kernel/random/boot_id" pid=666 comm="tcpdump" requested_mask="r" denied_mask="r" fsuid=0 ouid=0
[    9.215264] audit: type=1400 audit(1768647608.064:48): apparmor="DENIED" operation="open" profile="/usr/sbin/tcpdump" name="/proc/sys/kernel/random/boot_id" pid=665 comm="tcpdump" requested_mask="r" denied_mask="r" fsuid=0 ouid=0
[    9.215284] audit: type=1400 audit(1768647608.064:49): apparmor="DENIED" operation="open" profile="/usr/sbin/tcpdump" name="/proc/sys/kernel/random/boot_id" pid=666 comm="tcpdump" requested_mask="r" denied_mask="r" fsuid=0 ouid=0
[    9.219610] audit: type=1400 audit(1768647608.072:50): apparmor="DENIED" operation="open" profile="/usr/sbin/tcpdump" name="/proc/sys/kernel/random/boot_id" pid=667 comm="tcpdump" requested_mask="r" denied_mask="r" fsuid=0 ouid=0
[   15.274803] rfkill: input handler disabled
[  237.770486] AAAAA-TCP_FORW: name:enp0s8: saddr:100932208: daddr:16783984
[  237.772372] AAAAA-TCP_FORW: name:enp0s3: saddr:16783984: daddr:100932208
[  238.026280] AAAAA-TCP_FORW: name:enp0s8: saddr:100932208: daddr:16783984
[  238.027014] AAAAA-TCP_FORW: name:enp0s3: saddr:16783984: daddr:100932208
[  238.385093] AAAAA-TCP_FORW: name:enp0s8: saddr:100932208: daddr:16783984
[  238.386278] AAAAA-TCP_FORW: name:enp0s3: saddr:16783984: daddr:100932208
[  238.462717] AAAAA-TCP_FORW: name:enp0s8: saddr:100932208: daddr:16783984
[  238.463933] AAAAA-TCP_FORW: name:enp0s3: saddr:16783984: daddr:100932208
[  238.464039] AAAAA-TCP_FORW: name:enp0s3: saddr:16783984: daddr:100932208
[  238.757013] AAAAA-TCP_FORW: name:enp0s8: saddr:100932208: daddr:16783984
[  239.374811] AAAAA-TCP_FORW: name:enp0s8: saddr:100932208: daddr:33561200
[  239.375928] AAAAA-TCP_FORW: name:enp0s3: saddr:33561200: daddr:100932208
[  239.520169] AAAAA-TCP_FORW: name:enp0s8: saddr:100932208: daddr:16783984
[  239.571535] AAAAA-TCP_FORW: name:enp0s8: saddr:100932208: daddr:16783984
[  239.572248] AAAAA-TCP_FORW: name:enp0s3: saddr:16783984: daddr:100932208
[  239.719268] AAAAA-TCP_FORW: name:enp0s8: saddr:100932208: daddr:33561200
[  239.719973] AAAAA-TCP_FORW: name:enp0s3: saddr:33561200: daddr:100932208
[  239.926598] AAAAA-TCP_FORW: name:enp0s8: saddr:100932208: daddr:16783984
[  239.927787] AAAAA-TCP_FORW: name:enp0s3: saddr:16783984: daddr:100932208
[  239.927906] AAAAA-TCP_FORW: name:enp0s3: saddr:33561200: daddr:100932208
[  240.212388] AAAAA-TCP_FORW: name:enp0s8: saddr:100932208: daddr:33561200
[  240.272924] AAAAA-TCP_FORW: name:enp0s8: saddr:100932208: daddr:16783984
[  240.273657] AAAAA-TCP_FORW: name:enp0s3: saddr:16783984: daddr:100932208
[  240.432501] AAAAA-TCP_FORW: name:enp0s8: saddr:100932208: daddr:16783984
[  240.433427] AAAAA-TCP_FORW: name:enp0s3: saddr:16783984: daddr:100932208
[  240.483001] AAAAA-TCP_FORW: name:enp0s8: saddr:100932208: daddr:16783984
[  240.483940] AAAAA-TCP_FORW: name:enp0s3: saddr:16783984: daddr:100932208
[  240.485059] AAAAA-TCP_FORW: name:enp0s3: saddr:33561200: daddr:100932208
[  240.568696] AAAAA-TCP_FORW: name:enp0s8: saddr:100932208: daddr:33561200
[  240.569607] AAAAA-TCP_FORW: name:enp0s3: saddr:33561200: daddr:100932208
[  240.710205] AAAAA-TCP_FORW: name:enp0s8: saddr:100932208: daddr:33561200
[  240.711166] AAAAA-TCP_FORW: name:enp0s3: saddr:33561200: daddr:100932208
[  240.827328] AAAAA-TCP_FORW: name:enp0s8: saddr:100932208: daddr:33561200
[  240.828282] AAAAA-TCP_FORW: name:enp0s3: saddr:33561200: daddr:100932208
[  240.937785] AAAAA-TCP_FORW: name:enp0s8: saddr:100932208: daddr:33561200
[  241.005197] AAAAA-TCP_FORW: name:enp0s8: saddr:100932208: daddr:16783984
[  241.005993] AAAAA-TCP_FORW: name:enp0s3: saddr:16783984: daddr:100932208
[  241.107900] AAAAA-TCP_FORW: name:enp0s8: saddr:100932208: daddr:16783984
[  241.108639] AAAAA-TCP_FORW: name:enp0s3: saddr:16783984: daddr:100932208
[  241.253445] AAAAA-TCP_FORW: name:enp0s8: saddr:100932208: daddr:16783984
[  241.254355] AAAAA-TCP_FORW: name:enp0s3: saddr:16783984: daddr:100932208
[  241.375060] AAAAA-TCP_FORW: name:enp0s8: saddr:100932208: daddr:16783984
[  241.376045] AAAAA-TCP_FORW: name:enp0s3: saddr:16783984: daddr:100932208
[  241.462756] AAAAA-TCP_FORW: name:enp0s8: saddr:100932208: daddr:16783984
[  241.463802] AAAAA-TCP_FORW: name:enp0s3: saddr:16783984: daddr:100932208
[  241.554492] AAAAA-TCP_FORW: name:enp0s8: saddr:100932208: daddr:16783984
[  241.555438] AAAAA-TCP_FORW: name:enp0s3: saddr:16783984: daddr:100932208
[  241.610991] AAAAA-TCP_FORW: name:enp0s8: saddr:100932208: daddr:16783984
[  241.611876] AAAAA-TCP_FORW: name:enp0s3: saddr:16783984: daddr:100932208
[  241.718784] AAAAA-TCP_FORW: name:enp0s8: saddr:100932208: daddr:16783984
[  241.719681] AAAAA-TCP_FORW: name:enp0s3: saddr:16783984: daddr:100932208
[  241.780476] AAAAA-TCP_FORW: name:enp0s8: saddr:100932208: daddr:16783984
[  241.781404] AAAAA-TCP_FORW: name:enp0s3: saddr:16783984: daddr:100932208
[  241.900888] AAAAA-TCP_FORW: name:enp0s8: saddr:100932208: daddr:16783984
[  241.901900] AAAAA-TCP_FORW: name:enp0s3: saddr:16783984: daddr:100932208
[  241.971535] AAAAA-TCP_FORW: name:enp0s8: saddr:100932208: daddr:33561200
[  241.972544] AAAAA-TCP_FORW: name:enp0s3: saddr:33561200: daddr:100932208
[  242.083373] AAAAA-TCP_FORW: name:enp0s8: saddr:100932208: daddr:33561200
[  242.084279] AAAAA-TCP_FORW: name:enp0s3: saddr:33561200: daddr:100932208
[  242.235988] AAAAA-TCP_FORW: name:enp0s8: saddr:100932208: daddr:33561200
[  242.236840] AAAAA-TCP_FORW: name:enp0s3: saddr:33561200: daddr:100932208
[  242.312133] AAAAA-TCP_FORW: name:enp0s8: saddr:100932208: daddr:33561200
[  242.313089] AAAAA-TCP_FORW: name:enp0s3: saddr:33561200: daddr:100932208
[  242.413417] AAAAA-TCP_FORW: name:enp0s8: saddr:100932208: daddr:33561200
[  242.414367] AAAAA-TCP_FORW: name:enp0s3: saddr:33561200: daddr:100932208
[  242.572419] AAAAA-TCP_FORW: name:enp0s8: saddr:100932208: daddr:33561200
[  242.573361] AAAAA-TCP_FORW: name:enp0s3: saddr:33561200: daddr:100932208
[  242.703279] AAAAA-TCP_FORW: name:enp0s8: saddr:100932208: daddr:33561200
[  242.704144] AAAAA-TCP_FORW: name:enp0s3: saddr:33561200: daddr:100932208
[  242.876985] AAAAA-TCP_FORW: name:enp0s8: saddr:100932208: daddr:33561200
[  242.878278] AAAAA-TCP_FORW: name:enp0s3: saddr:33561200: daddr:100932208
[  242.967838] AAAAA-TCP_FORW: name:enp0s8: saddr:100932208: daddr:33561200
[  242.968754] AAAAA-TCP_FORW: name:enp0s3: saddr:33561200: daddr:100932208
[  243.109750] AAAAA-TCP_FORW: name:enp0s8: saddr:100932208: daddr:33561200
[  243.110790] AAAAA-TCP_FORW: name:enp0s3: saddr:33561200: daddr:100932208
[  243.237062] AAAAA-TCP_FORW: name:enp0s8: saddr:100932208: daddr:16783984
[  243.237945] AAAAA-TCP_FORW: name:enp0s3: saddr:16783984: daddr:100932208
[  243.323787] AAAAA-TCP_FORW: name:enp0s8: saddr:100932208: daddr:16783984
[  243.324703] AAAAA-TCP_FORW: name:enp0s3: saddr:16783984: daddr:100932208
[  243.450693] AAAAA-TCP_FORW: name:enp0s8: saddr:100932208: daddr:16783984
[  243.451647] AAAAA-TCP_FORW: name:enp0s3: saddr:16783984: daddr:100932208
[  243.544921] AAAAA-TCP_FORW: name:enp0s8: saddr:100932208: daddr:16783984
[  243.545934] AAAAA-TCP_FORW: name:enp0s3: saddr:16783984: daddr:100932208
[  243.696957] AAAAA-TCP_FORW: name:enp0s8: saddr:100932208: daddr:16783984
[  243.697878] AAAAA-TCP_FORW: name:enp0s3: saddr:16783984: daddr:100932208
[  243.870875] AAAAA-TCP_FORW: name:enp0s8: saddr:100932208: daddr:16783984
[  243.871715] AAAAA-TCP_FORW: name:enp0s3: saddr:16783984: daddr:100932208
[  243.944081] AAAAA-TCP_FORW: name:enp0s8: saddr:100932208: daddr:16783984
[  243.945048] AAAAA-TCP_FORW: name:enp0s3: saddr:16783984: daddr:100932208
[  243.998606] AAAAA-TCP_FORW: name:enp0s8: saddr:100932208: daddr:16783984
[  244.000072] AAAAA-TCP_FORW: name:enp0s3: saddr:16783984: daddr:100932208
[  244.109240] AAAAA-TCP_FORW: name:enp0s8: saddr:100932208: daddr:16783984
[  244.110408] AAAAA-TCP_FORW: name:enp0s3: saddr:16783984: daddr:100932208
[  244.188622] AAAAA-TCP_FORW: name:enp0s8: saddr:100932208: daddr:16783984
[  244.189377] AAAAA-TCP_FORW: name:enp0s3: saddr:16783984: daddr:100932208
[  244.251878] AAAAA-TCP_FORW: name:enp0s8: saddr:100932208: daddr:16783984
[  244.252783] AAAAA-TCP_FORW: name:enp0s3: saddr:16783984: daddr:100932208
[  244.296189] AAAAA-TCP_FORW: name:enp0s8: saddr:100932208: daddr:16783984
[  244.296906] AAAAA-TCP_FORW: name:enp0s3: saddr:16783984: daddr:100932208
[  244.364808] AAAAA-TCP_FORW: name:enp0s8: saddr:100932208: daddr:16783984
[  244.365557] AAAAA-TCP_FORW: name:enp0s3: saddr:16783984: daddr:100932208
[  244.408299] AAAAA-TCP_FORW: name:enp0s8: saddr:100932208: daddr:16783984
[  244.409201] AAAAA-TCP_FORW: name:enp0s3: saddr:16783984: daddr:100932208
[  244.548823] AAAAA-TCP_FORW: name:enp0s8: saddr:100932208: daddr:33561200
[  244.549729] AAAAA-TCP_FORW: name:enp0s3: saddr:33561200: daddr:100932208
[  244.710019] AAAAA-TCP_FORW: name:enp0s8: saddr:100932208: daddr:16783984
[  244.710960] AAAAA-TCP_FORW: name:enp0s3: saddr:16783984: daddr:100932208
[  244.745951] AAAAA-TCP_FORW: name:enp0s8: saddr:100932208: daddr:16783984
[  244.747497] AAAAA-TCP_FORW: name:enp0s3: saddr:16783984: daddr:100932208
[  244.806940] AAAAA-TCP_FORW: name:enp0s8: saddr:100932208: daddr:33561200
[  244.808184] AAAAA-TCP_FORW: name:enp0s3: saddr:33561200: daddr:100932208
[  244.989124] AAAAA-TCP_FORW: name:enp0s8: saddr:100932208: daddr:33561200
[  244.990126] AAAAA-TCP_FORW: name:enp0s3: saddr:33561200: daddr:100932208
[  245.071252] AAAAA-TCP_FORW: name:enp0s8: saddr:100932208: daddr:33561200
[  245.071973] AAAAA-TCP_FORW: name:enp0s3: saddr:33561200: daddr:100932208
[  245.158807] AAAAA-TCP_FORW: name:enp0s8: saddr:100932208: daddr:16783984
[  245.159581] AAAAA-TCP_FORW: name:enp0s3: saddr:16783984: daddr:100932208
[  245.180848] AAAAA-TCP_FORW: name:enp0s8: saddr:100932208: daddr:33561200
[  245.181524] AAAAA-TCP_FORW: name:enp0s3: saddr:33561200: daddr:100932208
[  245.235320] AAAAA-TCP_FORW: name:enp0s8: saddr:100932208: daddr:33561200
[  245.236435] AAAAA-TCP_FORW: name:enp0s3: saddr:33561200: daddr:100932208
[  245.564806] AAAAA-TCP_FORW: name:enp0s8: saddr:100932208: daddr:16783984
[  245.606169] AAAAA-TCP_FORW: name:enp0s3: saddr:16783984: daddr:100932208
[  245.687615] AAAAA-TCP_FORW: name:enp0s8: saddr:100932208: daddr:16783984
[  245.770168] AAAAA-TCP_FORW: name:enp0s3: saddr:16783984: daddr:100932208
[  245.810225] AAAAA-TCP_FORW: name:enp0s8: saddr:100932208: daddr:33561200
[  245.811416] AAAAA-TCP_FORW: name:enp0s3: saddr:33561200: daddr:100932208
[  246.079151] AAAAA-TCP_FORW: name:enp0s8: saddr:100932208: daddr:16783984
[  246.242506] AAAAA-TCP_FORW: name:enp0s3: saddr:16783984: daddr:100932208
[  246.432675] AAAAA-TCP_FORW: name:enp0s8: saddr:100932208: daddr:33561200
[  246.433794] AAAAA-TCP_FORW: name:enp0s3: saddr:33561200: daddr:100932208
[  246.538929] AAAAA-TCP_FORW: name:enp0s8: saddr:100932208: daddr:33561200
[  246.539698] AAAAA-TCP_FORW: name:enp0s3: saddr:33561200: daddr:100932208
[  246.655000] AAAAA-TCP_FORW: name:enp0s8: saddr:100932208: daddr:33561200
[  246.655816] AAAAA-TCP_FORW: name:enp0s3: saddr:33561200: daddr:100932208
[  246.731391] AAAAA-TCP_FORW: name:enp0s8: saddr:100932208: daddr:33561200
[  246.732614] AAAAA-TCP_FORW: name:enp0s3: saddr:33561200: daddr:100932208
[  247.049964] AAAAA-TCP_FORW: name:enp0s8: saddr:100932208: daddr:33561200
[  247.050750] AAAAA-TCP_FORW: name:enp0s3: saddr:33561200: daddr:100932208
[  247.156274] AAAAA-TCP_FORW: name:enp0s8: saddr:100932208: daddr:33561200
[  247.157008] AAAAA-TCP_FORW: name:enp0s3: saddr:33561200: daddr:100932208
[  247.239548] AAAAA-TCP_FORW: name:enp0s8: saddr:100932208: daddr:33561200
[  247.240320] AAAAA-TCP_FORW: name:enp0s3: saddr:33561200: daddr:100932208
[  247.534840] AAAAA-TCP_FORW: name:enp0s8: saddr:100932208: daddr:33561200
[  247.535585] AAAAA-TCP_FORW: name:enp0s3: saddr:33561200: daddr:100932208
[  247.594788] AAAAA-TCP_FORW: name:enp0s8: saddr:100932208: daddr:33561200
[  247.595580] AAAAA-TCP_FORW: name:enp0s3: saddr:33561200: daddr:100932208
[  247.804201] AAAAA-TCP_FORW: name:enp0s8: saddr:100932208: daddr:33561200
[  247.805419] AAAAA-TCP_FORW: name:enp0s3: saddr:33561200: daddr:100932208
[  247.912901] AAAAA-TCP_FORW: name:enp0s8: saddr:100932208: daddr:33561200
[  247.914097] AAAAA-TCP_FORW: name:enp0s3: saddr:33561200: daddr:100932208
[  247.999657] AAAAA-TCP_FORW: name:enp0s8: saddr:100932208: daddr:16783984
[  248.000435] AAAAA-TCP_FORW: name:enp0s3: saddr:16783984: daddr:100932208
[  248.464939] AAAAA-TCP_FORW: name:enp0s8: saddr:100932208: daddr:16783984
[  248.466796] AAAAA-TCP_FORW: name:enp0s3: saddr:16783984: daddr:100932208
[  248.540286] AAAAA-TCP_FORW: name:enp0s8: saddr:100932208: daddr:16783984
[  248.541183] AAAAA-TCP_FORW: name:enp0s3: saddr:16783984: daddr:100932208
[  248.626539] AAAAA-TCP_FORW: name:enp0s8: saddr:100932208: daddr:16783984
[  248.628676] AAAAA-TCP_FORW: name:enp0s3: saddr:16783984: daddr:100932208
[  248.711249] AAAAA-TCP_FORW: name:enp0s8: saddr:100932208: daddr:16783984
[  248.713015] AAAAA-TCP_FORW: name:enp0s3: saddr:16783984: daddr:100932208
[  248.810835] AAAAA-TCP_FORW: name:enp0s8: saddr:100932208: daddr:16783984
[  248.812613] AAAAA-TCP_FORW: name:enp0s3: saddr:16783984: daddr:100932208
[  248.909635] AAAAA-TCP_FORW: name:enp0s8: saddr:100932208: daddr:16783984
[  248.911416] AAAAA-TCP_FORW: name:enp0s3: saddr:16783984: daddr:100932208
[  249.080805] AAAAA-TCP_FORW: name:enp0s8: saddr:100932208: daddr:16783984
[  249.082553] AAAAA-TCP_FORW: name:enp0s3: saddr:16783984: daddr:100932208
[  249.291044] AAAAA-TCP_FORW: name:enp0s8: saddr:100932208: daddr:16783984
[  249.295168] AAAAA-TCP_FORW: name:enp0s3: saddr:16783984: daddr:100932208
[  249.380674] AAAAA-TCP_FORW: name:enp0s8: saddr:100932208: daddr:33561200
[  249.381834] AAAAA-TCP_FORW: name:enp0s3: saddr:33561200: daddr:100932208
[  249.431196] AAAAA-TCP_FORW: name:enp0s8: saddr:100932208: daddr:33561200
[  249.431905] AAAAA-TCP_FORW: name:enp0s3: saddr:33561200: daddr:100932208
[  249.508284] AAAAA-TCP_FORW: name:enp0s8: saddr:100932208: daddr:16783984
[  249.509099] AAAAA-TCP_FORW: name:enp0s3: saddr:16783984: daddr:100932208
[  249.639640] AAAAA-TCP_FORW: name:enp0s8: saddr:100932208: daddr:16783984
[  249.640774] AAAAA-TCP_FORW: name:enp0s3: saddr:16783984: daddr:100932208
[  249.714239] AAAAA-TCP_FORW: name:enp0s8: saddr:100932208: daddr:16783984
[  249.714939] AAAAA-TCP_FORW: name:enp0s3: saddr:16783984: daddr:100932208
[  249.812066] AAAAA-TCP_FORW: name:enp0s8: saddr:100932208: daddr:33561200
[  249.813431] AAAAA-TCP_FORW: name:enp0s3: saddr:33561200: daddr:100932208
[  249.868463] AAAAA-TCP_FORW: name:enp0s8: saddr:100932208: daddr:33561200
[  249.927133] AAAAA-TCP_FORW: name:enp0s8: saddr:100932208: daddr:16783984
[  249.990094] AAAAA-TCP_FORW: name:enp0s8: saddr:100932208: daddr:16783984
[  249.991396] AAAAA-TCP_FORW: name:enp0s3: saddr:16783984: daddr:100932208
[  250.068398] AAAAA-TCP_FORW: name:enp0s8: saddr:100932208: daddr:33561200
[  250.129940] AAAAA-TCP_FORW: name:enp0s8: saddr:100932208: daddr:16783984
[  250.229934] AAAAA-TCP_FORW: name:enp0s8: saddr:100932208: daddr:33561200
[  250.308479] AAAAA-TCP_FORW: name:enp0s8: saddr:100932208: daddr:33561200
[  250.309177] AAAAA-TCP_FORW: name:enp0s3: saddr:33561200: daddr:100932208
[  264.308810] AAAAA-TCP_FORW: name:enp0s8: saddr:100932208: daddr:33561200
[  264.309576] AAAAA-TCP_FORW: name:enp0s3: saddr:33561200: daddr:100932208
[  264.451617] AAAAA-TCP_FORW: name:enp0s8: saddr:100932208: daddr:33561200
[  264.452392] AAAAA-TCP_FORW: name:enp0s3: saddr:33561200: daddr:100932208
[  264.514288] AAAAA-TCP_FORW: name:enp0s8: saddr:100932208: daddr:33561200
[  264.515015] AAAAA-TCP_FORW: name:enp0s3: saddr:33561200: daddr:100932208
[  264.588657] AAAAA-TCP_FORW: name:enp0s8: saddr:100932208: daddr:33561200
[  264.589350] AAAAA-TCP_FORW: name:enp0s3: saddr:33561200: daddr:100932208
[  264.834815] AAAAA-TCP_FORW: name:enp0s8: saddr:100932208: daddr:33561200
[  264.835421] AAAAA-TCP_FORW: name:enp0s3: saddr:33561200: daddr:100932208
[  264.908335] AAAAA-TCP_FORW: name:enp0s8: saddr:100932208: daddr:33561200
[  264.909100] AAAAA-TCP_FORW: name:enp0s3: saddr:33561200: daddr:100932208
[  265.106447] AAAAA-TCP_FORW: name:enp0s8: saddr:100932208: daddr:33561200
[  265.107218] AAAAA-TCP_FORW: name:enp0s3: saddr:33561200: daddr:100932208
[  265.180409] AAAAA-TCP_FORW: name:enp0s8: saddr:100932208: daddr:33561200
[  265.181250] AAAAA-TCP_FORW: name:enp0s3: saddr:33561200: daddr:100932208
[  265.443546] AAAAA-TCP_FORW: name:enp0s8: saddr:100932208: daddr:33561200
[  265.444246] AAAAA-TCP_FORW: name:enp0s3: saddr:33561200: daddr:100932208
[  265.590571] AAAAA-TCP_FORW: name:enp0s8: saddr:100932208: daddr:33561200
[  265.591398] AAAAA-TCP_FORW: name:enp0s3: saddr:33561200: daddr:100932208
[  265.679732] AAAAA-TCP_FORW: name:enp0s8: saddr:100932208: daddr:33561200
[  265.680458] AAAAA-TCP_FORW: name:enp0s3: saddr:33561200: daddr:100932208
[  265.864763] AAAAA-TCP_FORW: name:enp0s8: saddr:100932208: daddr:16783984
[  265.865521] AAAAA-TCP_FORW: name:enp0s3: saddr:16783984: daddr:100932208
[  266.018357] AAAAA-TCP_FORW: name:enp0s8: saddr:100932208: daddr:16783984
[  266.019146] AAAAA-TCP_FORW: name:enp0s3: saddr:16783984: daddr:100932208
[  266.140486] AAAAA-TCP_FORW: name:enp0s8: saddr:100932208: daddr:16783984
[  266.141255] AAAAA-TCP_FORW: name:enp0s3: saddr:16783984: daddr:100932208
[  266.268603] AAAAA-TCP_FORW: name:enp0s8: saddr:100932208: daddr:16783984
[  266.269376] AAAAA-TCP_FORW: name:enp0s3: saddr:16783984: daddr:100932208
[  266.394988] AAAAA-TCP_FORW: name:enp0s8: saddr:100932208: daddr:16783984
[  266.395744] AAAAA-TCP_FORW: name:enp0s3: saddr:16783984: daddr:100932208
[  266.561182] AAAAA-TCP_FORW: name:enp0s8: saddr:100932208: daddr:16783984
[  266.562121] AAAAA-TCP_FORW: name:enp0s3: saddr:16783984: daddr:100932208
[  266.665631] AAAAA-TCP_FORW: name:enp0s8: saddr:100932208: daddr:16783984
[  266.666327] AAAAA-TCP_FORW: name:enp0s3: saddr:16783984: daddr:100932208
[  266.745979] AAAAA-TCP_FORW: name:enp0s8: saddr:100932208: daddr:16783984
[  266.746742] AAAAA-TCP_FORW: name:enp0s3: saddr:16783984: daddr:100932208
[  266.874717] AAAAA-TCP_FORW: name:enp0s8: saddr:100932208: daddr:16783984
[  266.875847] AAAAA-TCP_FORW: name:enp0s3: saddr:16783984: daddr:100932208
[  266.963031] AAAAA-TCP_FORW: name:enp0s8: saddr:100932208: daddr:16783984
[  266.963788] AAAAA-TCP_FORW: name:enp0s3: saddr:16783984: daddr:100932208
[  267.075785] AAAAA-TCP_FORW: name:enp0s8: saddr:100932208: daddr:16783984
[  267.076559] AAAAA-TCP_FORW: name:enp0s3: saddr:16783984: daddr:100932208
[  267.186789] AAAAA-TCP_FORW: name:enp0s8: saddr:100932208: daddr:16783984
[  267.187508] AAAAA-TCP_FORW: name:enp0s3: saddr:16783984: daddr:100932208
[  267.325193] AAAAA-TCP_FORW: name:enp0s8: saddr:100932208: daddr:16783984
[  267.325840] AAAAA-TCP_FORW: name:enp0s3: saddr:16783984: daddr:100932208
[  267.488953] AAAAA-TCP_FORW: name:enp0s8: saddr:100932208: daddr:16783984
[  267.489723] AAAAA-TCP_FORW: name:enp0s3: saddr:16783984: daddr:100932208
[  267.584972] AAAAA-TCP_FORW: name:enp0s8: saddr:100932208: daddr:16783984
[  267.585723] AAAAA-TCP_FORW: name:enp0s3: saddr:16783984: daddr:100932208
[  267.686154] AAAAA-TCP_FORW: name:enp0s8: saddr:100932208: daddr:16783984
[  267.686872] AAAAA-TCP_FORW: name:enp0s3: saddr:16783984: daddr:100932208
[  268.185953] AAAAA-TCP_FORW: name:enp0s8: saddr:100932208: daddr:33561200
[  268.186708] AAAAA-TCP_FORW: name:enp0s3: saddr:33561200: daddr:100932208
[  268.276233] AAAAA-TCP_FORW: name:enp0s8: saddr:100932208: daddr:33561200
[  268.276950] AAAAA-TCP_FORW: name:enp0s3: saddr:33561200: daddr:100932208
[  268.606959] AAAAA-TCP_FORW: name:enp0s8: saddr:100932208: daddr:33561200
[  268.607734] AAAAA-TCP_FORW: name:enp0s3: saddr:33561200: daddr:100932208
[  268.823560] AAAAA-TCP_FORW: name:enp0s8: saddr:100932208: daddr:33561200
[  268.824427] AAAAA-TCP_FORW: name:enp0s3: saddr:33561200: daddr:100932208
[  269.160491] AAAAA-TCP_FORW: name:enp0s8: saddr:100932208: daddr:33561200
[  269.161481] AAAAA-TCP_FORW: name:enp0s3: saddr:33561200: daddr:100932208
[  269.356462] AAAAA-TCP_FORW: name:enp0s8: saddr:100932208: daddr:33561200
[  269.357383] AAAAA-TCP_FORW: name:enp0s3: saddr:33561200: daddr:100932208
[  269.429321] AAAAA-TCP_FORW: name:enp0s8: saddr:100932208: daddr:33561200
[  269.430107] AAAAA-TCP_FORW: name:enp0s3: saddr:33561200: daddr:100932208
[  269.702768] AAAAA-TCP_FORW: name:enp0s8: saddr:100932208: daddr:33561200
[  269.703451] AAAAA-TCP_FORW: name:enp0s3: saddr:33561200: daddr:100932208
[  269.788609] AAAAA-TCP_FORW: name:enp0s8: saddr:100932208: daddr:33561200
[  269.789372] AAAAA-TCP_FORW: name:enp0s3: saddr:33561200: daddr:100932208
[  269.914341] AAAAA-TCP_FORW: name:enp0s8: saddr:100932208: daddr:33561200
[  269.915111] AAAAA-TCP_FORW: name:enp0s3: saddr:33561200: daddr:100932208
[  270.011021] AAAAA-TCP_FORW: name:enp0s8: saddr:100932208: daddr:33561200
[  270.012227] AAAAA-TCP_FORW: name:enp0s3: saddr:33561200: daddr:100932208
[  270.268114] AAAAA-TCP_FORW: name:enp0s8: saddr:100932208: daddr:33561200
[  270.269160] AAAAA-TCP_FORW: name:enp0s3: saddr:33561200: daddr:100932208
[  270.382566] AAAAA-TCP_FORW: name:enp0s8: saddr:100932208: daddr:33561200
[  270.383318] AAAAA-TCP_FORW: name:enp0s3: saddr:33561200: daddr:100932208
[  270.493244] AAAAA-TCP_FORW: name:enp0s8: saddr:100932208: daddr:33561200
[  270.493812] AAAAA-TCP_FORW: name:enp0s3: saddr:33561200: daddr:100932208
[  270.626883] AAAAA-TCP_FORW: name:enp0s8: saddr:100932208: daddr:33561200
[  270.627629] AAAAA-TCP_FORW: name:enp0s3: saddr:33561200: daddr:100932208
[  270.962580] AAAAA-TCP_FORW: name:enp0s8: saddr:100932208: daddr:16783984
[  270.963810] AAAAA-TCP_FORW: name:enp0s3: saddr:16783984: daddr:100932208
[  271.104809] AAAAA-TCP_FORW: name:enp0s8: saddr:100932208: daddr:16783984
[  271.105568] AAAAA-TCP_FORW: name:enp0s3: saddr:16783984: daddr:100932208
[  271.209651] AAAAA-TCP_FORW: name:enp0s8: saddr:100932208: daddr:16783984
[  271.210491] AAAAA-TCP_FORW: name:enp0s3: saddr:16783984: daddr:100932208
[  271.319258] AAAAA-TCP_FORW: name:enp0s8: saddr:100932208: daddr:16783984
[  271.319991] AAAAA-TCP_FORW: name:enp0s3: saddr:16783984: daddr:100932208
[  271.401123] AAAAA-TCP_FORW: name:enp0s8: saddr:100932208: daddr:16783984
[  271.401824] AAAAA-TCP_FORW: name:enp0s3: saddr:16783984: daddr:100932208
[  271.497922] AAAAA-TCP_FORW: name:enp0s8: saddr:100932208: daddr:16783984
[  271.498658] AAAAA-TCP_FORW: name:enp0s3: saddr:16783984: daddr:100932208
[  271.613859] AAAAA-TCP_FORW: name:enp0s8: saddr:100932208: daddr:16783984
[  271.614727] AAAAA-TCP_FORW: name:enp0s3: saddr:16783984: daddr:100932208
[  271.733952] AAAAA-TCP_FORW: name:enp0s8: saddr:100932208: daddr:16783984
[  271.734591] AAAAA-TCP_FORW: name:enp0s3: saddr:16783984: daddr:100932208
[  271.816769] AAAAA-TCP_FORW: name:enp0s8: saddr:100932208: daddr:16783984
[  271.817519] AAAAA-TCP_FORW: name:enp0s3: saddr:16783984: daddr:100932208
[  271.956759] AAAAA-TCP_FORW: name:enp0s8: saddr:100932208: daddr:16783984
[  271.957526] AAAAA-TCP_FORW: name:enp0s3: saddr:16783984: daddr:100932208
[  271.984132] AAAAA-TCP_FORW: name:enp0s8: saddr:100932208: daddr:16783984
[  271.984918] AAAAA-TCP_FORW: name:enp0s3: saddr:16783984: daddr:100932208
[  272.174951] AAAAA-TCP_FORW: name:enp0s8: saddr:100932208: daddr:16783984
[  272.175711] AAAAA-TCP_FORW: name:enp0s3: saddr:16783984: daddr:100932208
[  272.255183] AAAAA-TCP_FORW: name:enp0s8: saddr:100932208: daddr:16783984
[  272.255954] AAAAA-TCP_FORW: name:enp0s3: saddr:16783984: daddr:100932208
[  272.752451] AAAAA-TCP_FORW: name:enp0s8: saddr:100932208: daddr:16783984
[  272.753814] AAAAA-TCP_FORW: name:enp0s3: saddr:16783984: daddr:100932208
[  272.988374] AAAAA-TCP_FORW: name:enp0s8: saddr:100932208: daddr:16783984
[  272.989320] AAAAA-TCP_FORW: name:enp0s3: saddr:16783984: daddr:100932208
[  273.278193] AAAAA-TCP_FORW: name:enp0s8: saddr:100932208: daddr:16783984
[  273.278971] AAAAA-TCP_FORW: name:enp0s3: saddr:16783984: daddr:100932208
[  273.779109] AAAAA-TCP_FORW: name:enp0s8: saddr:100932208: daddr:33561200
[  273.780066] AAAAA-TCP_FORW: name:enp0s3: saddr:33561200: daddr:100932208
[  273.835150] AAAAA-TCP_FORW: name:enp0s8: saddr:100932208: daddr:33561200
[  273.835978] AAAAA-TCP_FORW: name:enp0s3: saddr:33561200: daddr:100932208
[  273.890468] AAAAA-TCP_FORW: name:enp0s8: saddr:100932208: daddr:33561200
[  273.891368] AAAAA-TCP_FORW: name:enp0s3: saddr:33561200: daddr:100932208
[  274.115132] AAAAA-TCP_FORW: name:enp0s8: saddr:100932208: daddr:33561200
[  274.116041] AAAAA-TCP_FORW: name:enp0s3: saddr:33561200: daddr:100932208
[  274.229234] AAAAA-TCP_FORW: name:enp0s8: saddr:100932208: daddr:33561200
[  274.230017] AAAAA-TCP_FORW: name:enp0s3: saddr:33561200: daddr:100932208
[  274.310108] AAAAA-TCP_FORW: name:enp0s8: saddr:100932208: daddr:33561200
[  274.310939] AAAAA-TCP_FORW: name:enp0s3: saddr:33561200: daddr:100932208
[  274.434465] AAAAA-TCP_FORW: name:enp0s8: saddr:100932208: daddr:33561200
[  274.435329] AAAAA-TCP_FORW: name:enp0s3: saddr:33561200: daddr:100932208
[  274.718449] AAAAA-TCP_FORW: name:enp0s8: saddr:100932208: daddr:33561200
[  274.719281] AAAAA-TCP_FORW: name:enp0s3: saddr:33561200: daddr:100932208
[  274.769634] AAAAA-TCP_FORW: name:enp0s8: saddr:100932208: daddr:33561200
[  274.770581] AAAAA-TCP_FORW: name:enp0s3: saddr:33561200: daddr:100932208
[  274.932272] AAAAA-TCP_FORW: name:enp0s8: saddr:100932208: daddr:33561200
[  274.933145] AAAAA-TCP_FORW: name:enp0s3: saddr:33561200: daddr:100932208
[  274.979697] AAAAA-TCP_FORW: name:enp0s8: saddr:100932208: daddr:33561200
[  274.980512] AAAAA-TCP_FORW: name:enp0s3: saddr:33561200: daddr:100932208
[  275.091156] AAAAA-TCP_FORW: name:enp0s8: saddr:100932208: daddr:33561200
[  275.236667] AAAAA-TCP_FORW: name:enp0s8: saddr:100932208: daddr:33561200
[  275.237565] AAAAA-TCP_FORW: name:enp0s3: saddr:33561200: daddr:100932208
[  275.296275] AAAAA-TCP_FORW: name:enp0s8: saddr:100932208: daddr:33561200
[  275.297400] AAAAA-TCP_FORW: name:enp0s3: saddr:33561200: daddr:100932208
[  275.508626] AAAAA-TCP_FORW: name:enp0s8: saddr:100932208: daddr:33561200
[  275.509467] AAAAA-TCP_FORW: name:enp0s3: saddr:33561200: daddr:100932208
[  275.628652] AAAAA-TCP_FORW: name:enp0s8: saddr:100932208: daddr:16783984
[  275.629620] AAAAA-TCP_FORW: name:enp0s3: saddr:16783984: daddr:100932208
[  275.928369] AAAAA-TCP_FORW: name:enp0s8: saddr:100932208: daddr:16783984
[  275.929376] AAAAA-TCP_FORW: name:enp0s3: saddr:16783984: daddr:100932208
[  276.102466] AAAAA-TCP_FORW: name:enp0s8: saddr:100932208: daddr:16783984
[  276.103520] AAAAA-TCP_FORW: name:enp0s3: saddr:16783984: daddr:100932208
[  276.506668] AAAAA-TCP_FORW: name:enp0s8: saddr:100932208: daddr:16783984
[  276.507962] AAAAA-TCP_FORW: name:enp0s3: saddr:16783984: daddr:100932208
[  276.694986] AAAAA-TCP_FORW: name:enp0s8: saddr:100932208: daddr:16783984
[  276.695853] AAAAA-TCP_FORW: name:enp0s3: saddr:16783984: daddr:100932208
[  276.848360] AAAAA-TCP_FORW: name:enp0s8: saddr:100932208: daddr:16783984
[  276.849355] AAAAA-TCP_FORW: name:enp0s3: saddr:16783984: daddr:100932208
[  277.013775] AAAAA-TCP_FORW: name:enp0s8: saddr:100932208: daddr:16783984
[  277.015231] AAAAA-TCP_FORW: name:enp0s3: saddr:16783984: daddr:100932208
[  277.163523] AAAAA-TCP_FORW: name:enp0s8: saddr:100932208: daddr:16783984
[  277.164983] AAAAA-TCP_FORW: name:enp0s3: saddr:16783984: daddr:100932208
[  277.393749] AAAAA-TCP_FORW: name:enp0s8: saddr:100932208: daddr:16783984
[  277.394773] AAAAA-TCP_FORW: name:enp0s3: saddr:16783984: daddr:100932208
[  277.451395] AAAAA-TCP_FORW: name:enp0s8: saddr:100932208: daddr:16783984
[  277.452566] AAAAA-TCP_FORW: name:enp0s3: saddr:16783984: daddr:100932208
[  277.491547] AAAAA-TCP_FORW: name:enp0s8: saddr:100932208: daddr:16783984
[  277.492731] AAAAA-TCP_FORW: name:enp0s3: saddr:16783984: daddr:100932208
[  277.718303] AAAAA-TCP_FORW: name:enp0s8: saddr:100932208: daddr:16783984
[  277.719149] AAAAA-TCP_FORW: name:enp0s3: saddr:16783984: daddr:100932208
[  277.841359] AAAAA-TCP_FORW: name:enp0s8: saddr:100932208: daddr:16783984
[  277.842205] AAAAA-TCP_FORW: name:enp0s3: saddr:16783984: daddr:100932208
[  277.867452] AAAAA-TCP_FORW: name:enp0s8: saddr:100932208: daddr:33561200
[  277.867997] AAAAA-TCP_FORW: name:enp0s3: saddr:33561200: daddr:100932208
[  277.949444] AAAAA-TCP_FORW: name:enp0s8: saddr:100932208: daddr:33561200
[  277.950471] AAAAA-TCP_FORW: name:enp0s3: saddr:33561200: daddr:100932208
[  278.097592] AAAAA-TCP_FORW: name:enp0s8: saddr:100932208: daddr:33561200
[  278.098772] AAAAA-TCP_FORW: name:enp0s3: saddr:33561200: daddr:100932208
[  278.194128] AAAAA-TCP_FORW: name:enp0s8: saddr:100932208: daddr:33561200
[  278.194880] AAAAA-TCP_FORW: name:enp0s3: saddr:33561200: daddr:100932208
[  278.242477] AAAAA-TCP_FORW: name:enp0s8: saddr:100932208: daddr:33561200
[  278.243349] AAAAA-TCP_FORW: name:enp0s3: saddr:33561200: daddr:100932208
[  278.261746] AAAAA-TCP_FORW: name:enp0s8: saddr:100932208: daddr:33561200
[  278.263379] AAAAA-TCP_FORW: name:enp0s3: saddr:33561200: daddr:100932208
[  278.375207] AAAAA-TCP_FORW: name:enp0s8: saddr:100932208: daddr:33561200
[  278.377182] AAAAA-TCP_FORW: name:enp0s3: saddr:33561200: daddr:100932208
[  278.429589] AAAAA-TCP_FORW: name:enp0s8: saddr:100932208: daddr:33561200
[  278.431741] AAAAA-TCP_FORW: name:enp0s3: saddr:33561200: daddr:100932208
[  278.485395] AAAAA-TCP_FORW: name:enp0s8: saddr:100932208: daddr:33561200
[  278.487223] AAAAA-TCP_FORW: name:enp0s3: saddr:33561200: daddr:100932208
[  278.600970] AAAAA-TCP_FORW: name:enp0s8: saddr:100932208: daddr:33561200
[  278.603129] AAAAA-TCP_FORW: name:enp0s3: saddr:33561200: daddr:100932208
[  278.631287] AAAAA-TCP_FORW: name:enp0s8: saddr:100932208: daddr:33561200
[  278.633250] AAAAA-TCP_FORW: name:enp0s3: saddr:33561200: daddr:100932208
[  278.699397] AAAAA-TCP_FORW: name:enp0s8: saddr:100932208: daddr:33561200
[  278.701123] AAAAA-TCP_FORW: name:enp0s3: saddr:33561200: daddr:100932208
[  278.716703] AAAAA-TCP_FORW: name:enp0s8: saddr:100932208: daddr:33561200
[  278.718832] AAAAA-TCP_FORW: name:enp0s3: saddr:33561200: daddr:100932208
[  278.802681] AAAAA-TCP_FORW: name:enp0s8: saddr:100932208: daddr:33561200
[  278.804620] AAAAA-TCP_FORW: name:enp0s3: saddr:33561200: daddr:100932208
[  278.995349] AAAAA-TCP_FORW: name:enp0s8: saddr:100932208: daddr:16783984
[  278.996140] AAAAA-TCP_FORW: name:enp0s3: saddr:16783984: daddr:100932208
[  279.067840] AAAAA-TCP_FORW: name:enp0s8: saddr:100932208: daddr:33561200
[  279.068826] AAAAA-TCP_FORW: name:enp0s3: saddr:33561200: daddr:100932208
[  279.108584] AAAAA-TCP_FORW: name:enp0s8: saddr:100932208: daddr:16783984
[  279.109605] AAAAA-TCP_FORW: name:enp0s3: saddr:16783984: daddr:100932208
[  279.175666] AAAAA-TCP_FORW: name:enp0s8: saddr:100932208: daddr:16783984
[  279.176371] AAAAA-TCP_FORW: name:enp0s3: saddr:16783984: daddr:100932208
[  279.265261] AAAAA-TCP_FORW: name:enp0s8: saddr:100932208: daddr:16783984
[  279.266116] AAAAA-TCP_FORW: name:enp0s3: saddr:16783984: daddr:100932208
[  279.314437] AAAAA-TCP_FORW: name:enp0s8: saddr:100932208: daddr:16783984
[  279.315243] AAAAA-TCP_FORW: name:enp0s3: saddr:16783984: daddr:100932208
[  279.356579] AAAAA-TCP_FORW: name:enp0s8: saddr:100932208: daddr:16783984
[  279.357357] AAAAA-TCP_FORW: name:enp0s3: saddr:16783984: daddr:100932208
[  279.504018] AAAAA-TCP_FORW: name:enp0s8: saddr:100932208: daddr:16783984
[  279.504833] AAAAA-TCP_FORW: name:enp0s3: saddr:16783984: daddr:100932208
[  279.595823] AAAAA-TCP_FORW: name:enp0s8: saddr:100932208: daddr:16783984
[  279.596608] AAAAA-TCP_FORW: name:enp0s3: saddr:16783984: daddr:100932208
[  279.741684] AAAAA-TCP_FORW: name:enp0s8: saddr:100932208: daddr:16783984
[  279.742556] AAAAA-TCP_FORW: name:enp0s3: saddr:16783984: daddr:100932208
[  279.819539] AAAAA-TCP_FORW: name:enp0s8: saddr:100932208: daddr:16783984
[  279.820305] AAAAA-TCP_FORW: name:enp0s3: saddr:16783984: daddr:100932208
[  279.926702] AAAAA-TCP_FORW: name:enp0s8: saddr:100932208: daddr:16783984
[  279.927483] AAAAA-TCP_FORW: name:enp0s3: saddr:16783984: daddr:100932208
[  280.026013] AAAAA-TCP_FORW: name:enp0s8: saddr:100932208: daddr:16783984
[  280.026824] AAAAA-TCP_FORW: name:enp0s3: saddr:16783984: daddr:100932208
[  280.113852] AAAAA-TCP_FORW: name:enp0s8: saddr:100932208: daddr:16783984
[  280.115032] AAAAA-TCP_FORW: name:enp0s3: saddr:16783984: daddr:100932208
[  280.200484] AAAAA-TCP_FORW: name:enp0s8: saddr:100932208: daddr:16783984
[  280.201215] AAAAA-TCP_FORW: name:enp0s3: saddr:16783984: daddr:100932208
[  280.267204] AAAAA-TCP_FORW: name:enp0s8: saddr:100932208: daddr:16783984
[  280.267941] AAAAA-TCP_FORW: name:enp0s3: saddr:16783984: daddr:100932208
[  280.338161] AAAAA-TCP_FORW: name:enp0s8: saddr:100932208: daddr:16783984
[  280.338927] AAAAA-TCP_FORW: name:enp0s3: saddr:16783984: daddr:100932208
[  280.522120] AAAAA-TCP_FORW: name:enp0s8: saddr:100932208: daddr:33561200
[  280.523244] AAAAA-TCP_FORW: name:enp0s3: saddr:33561200: daddr:100932208
[  280.588431] AAAAA-TCP_FORW: name:enp0s8: saddr:100932208: daddr:33561200
[  280.589129] AAAAA-TCP_FORW: name:enp0s3: saddr:33561200: daddr:100932208
[  280.770510] AAAAA-TCP_FORW: name:enp0s8: saddr:100932208: daddr:33561200
[  280.771388] AAAAA-TCP_FORW: name:enp0s3: saddr:33561200: daddr:100932208
[  280.821394] AAAAA-TCP_FORW: name:enp0s8: saddr:100932208: daddr:33561200
[  280.822208] AAAAA-TCP_FORW: name:enp0s3: saddr:33561200: daddr:100932208
[  280.911990] AAAAA-TCP_FORW: name:enp0s8: saddr:100932208: daddr:33561200
[  280.912755] AAAAA-TCP_FORW: name:enp0s3: saddr:33561200: daddr:100932208
[  280.989225] AAAAA-TCP_FORW: name:enp0s8: saddr:100932208: daddr:33561200
[  280.990013] AAAAA-TCP_FORW: name:enp0s3: saddr:33561200: daddr:100932208
[  281.082660] AAAAA-TCP_FORW: name:enp0s8: saddr:100932208: daddr:33561200
[  281.083441] AAAAA-TCP_FORW: name:enp0s3: saddr:33561200: daddr:100932208
[  281.186942] AAAAA-TCP_FORW: name:enp0s8: saddr:100932208: daddr:33561200
[  281.187718] AAAAA-TCP_FORW: name:enp0s3: saddr:33561200: daddr:100932208
[  281.326830] AAAAA-TCP_FORW: name:enp0s8: saddr:100932208: daddr:33561200
[  281.327595] AAAAA-TCP_FORW: name:enp0s3: saddr:33561200: daddr:100932208
[  281.405653] AAAAA-TCP_FORW: name:enp0s8: saddr:100932208: daddr:33561200
[  281.406711] AAAAA-TCP_FORW: name:enp0s3: saddr:33561200: daddr:100932208
[  281.473855] AAAAA-TCP_FORW: name:enp0s8: saddr:100932208: daddr:33561200
[  281.474655] AAAAA-TCP_FORW: name:enp0s3: saddr:33561200: daddr:100932208
[  281.563572] AAAAA-TCP_FORW: name:enp0s8: saddr:100932208: daddr:33561200
[  281.564442] AAAAA-TCP_FORW: name:enp0s3: saddr:33561200: daddr:100932208
[  281.624416] AAAAA-TCP_FORW: name:enp0s8: saddr:100932208: daddr:33561200
[  281.625233] AAAAA-TCP_FORW: name:enp0s3: saddr:33561200: daddr:100932208
[  281.681344] AAAAA-TCP_FORW: name:enp0s8: saddr:100932208: daddr:33561200
[  281.682181] AAAAA-TCP_FORW: name:enp0s3: saddr:33561200: daddr:100932208
[  281.768017] AAAAA-TCP_FORW: name:enp0s8: saddr:100932208: daddr:33561200
[  281.768825] AAAAA-TCP_FORW: name:enp0s3: saddr:33561200: daddr:100932208
[  281.849995] AAAAA-TCP_FORW: name:enp0s8: saddr:100932208: daddr:16783984
[  281.850975] AAAAA-TCP_FORW: name:enp0s3: saddr:16783984: daddr:100932208
[  281.992334] AAAAA-TCP_FORW: name:enp0s8: saddr:100932208: daddr:33561200
[  281.993754] AAAAA-TCP_FORW: name:enp0s3: saddr:33561200: daddr:100932208
[  282.047778] AAAAA-TCP_FORW: name:enp0s8: saddr:100932208: daddr:33561200
[  282.048504] AAAAA-TCP_FORW: name:enp0s3: saddr:33561200: daddr:100932208
[  282.147292] AAAAA-TCP_FORW: name:enp0s8: saddr:100932208: daddr:16783984
[  282.148024] AAAAA-TCP_FORW: name:enp0s3: saddr:16783984: daddr:100932208
[  282.230749] AAAAA-TCP_FORW: name:enp0s8: saddr:100932208: daddr:16783984
[  282.231480] AAAAA-TCP_FORW: name:enp0s3: saddr:16783984: daddr:100932208
[  282.359469] AAAAA-TCP_FORW: name:enp0s8: saddr:100932208: daddr:16783984
[  282.360210] AAAAA-TCP_FORW: name:enp0s3: saddr:16783984: daddr:100932208
[  282.419503] AAAAA-TCP_FORW: name:enp0s8: saddr:100932208: daddr:16783984
[  282.420620] AAAAA-TCP_FORW: name:enp0s3: saddr:16783984: daddr:100932208
[  282.454159] AAAAA-TCP_FORW: name:enp0s8: saddr:100932208: daddr:16783984
[  282.454871] AAAAA-TCP_FORW: name:enp0s3: saddr:16783984: daddr:100932208
[  282.576438] AAAAA-TCP_FORW: name:enp0s8: saddr:100932208: daddr:16783984
[  282.577198] AAAAA-TCP_FORW: name:enp0s3: saddr:16783984: daddr:100932208
[  282.675602] AAAAA-TCP_FORW: name:enp0s8: saddr:100932208: daddr:16783984
[  282.676442] AAAAA-TCP_FORW: name:enp0s3: saddr:16783984: daddr:100932208
[  282.768803] AAAAA-TCP_FORW: name:enp0s8: saddr:100932208: daddr:16783984
[  282.769525] AAAAA-TCP_FORW: name:enp0s3: saddr:16783984: daddr:100932208
[  283.002324] AAAAA-TCP_FORW: name:enp0s8: saddr:100932208: daddr:16783984
[  283.003452] AAAAA-TCP_FORW: name:enp0s3: saddr:16783984: daddr:100932208
[  283.082361] AAAAA-TCP_FORW: name:enp0s8: saddr:100932208: daddr:16783984
[  283.083155] AAAAA-TCP_FORW: name:enp0s3: saddr:16783984: daddr:100932208
[  283.243687] AAAAA-TCP_FORW: name:enp0s8: saddr:100932208: daddr:16783984
[  283.244437] AAAAA-TCP_FORW: name:enp0s3: saddr:16783984: daddr:100932208
[  283.314203] AAAAA-TCP_FORW: name:enp0s8: saddr:100932208: daddr:16783984
[  283.315069] AAAAA-TCP_FORW: name:enp0s3: saddr:16783984: daddr:100932208
[  283.392733] AAAAA-TCP_FORW: name:enp0s8: saddr:100932208: daddr:16783984
[  283.393703] AAAAA-TCP_FORW: name:enp0s3: saddr:16783984: daddr:100932208
[  283.467809] AAAAA-TCP_FORW: name:enp0s8: saddr:100932208: daddr:16783984
[  283.468648] AAAAA-TCP_FORW: name:enp0s3: saddr:16783984: daddr:100932208
[  283.565605] AAAAA-TCP_FORW: name:enp0s8: saddr:100932208: daddr:16783984
[  283.566497] AAAAA-TCP_FORW: name:enp0s3: saddr:16783984: daddr:100932208
[  283.626756] AAAAA-TCP_FORW: name:enp0s8: saddr:100932208: daddr:16783984
[  283.627457] AAAAA-TCP_FORW: name:enp0s3: saddr:16783984: daddr:100932208
[  283.735829] AAAAA-TCP_FORW: name:enp0s8: saddr:100932208: daddr:16783984
[  283.736706] AAAAA-TCP_FORW: name:enp0s3: saddr:16783984: daddr:100932208
[  283.827192] AAAAA-TCP_FORW: name:enp0s8: saddr:100932208: daddr:16783984
[  283.827943] AAAAA-TCP_FORW: name:enp0s3: saddr:16783984: daddr:100932208
[  283.990014] AAAAA-TCP_FORW: name:enp0s8: saddr:100932208: daddr:16783984
[  283.991463] AAAAA-TCP_FORW: name:enp0s3: saddr:16783984: daddr:100932208
[  284.122300] AAAAA-TCP_FORW: name:enp0s8: saddr:100932208: daddr:33561200
[  284.123307] AAAAA-TCP_FORW: name:enp0s3: saddr:33561200: daddr:100932208
[  284.219827] AAAAA-TCP_FORW: name:enp0s8: saddr:100932208: daddr:33561200
[  284.220826] AAAAA-TCP_FORW: name:enp0s3: saddr:33561200: daddr:100932208
[  284.392951] AAAAA-TCP_FORW: name:enp0s8: saddr:100932208: daddr:33561200
[  284.394024] AAAAA-TCP_FORW: name:enp0s3: saddr:33561200: daddr:100932208
[  284.476230] AAAAA-TCP_FORW: name:enp0s8: saddr:100932208: daddr:33561200
[  284.477022] AAAAA-TCP_FORW: name:enp0s3: saddr:33561200: daddr:100932208
[  284.669367] AAAAA-TCP_FORW: name:enp0s8: saddr:100932208: daddr:33561200
[  284.670523] AAAAA-TCP_FORW: name:enp0s3: saddr:33561200: daddr:100932208
[  284.784881] AAAAA-TCP_FORW: name:enp0s8: saddr:100932208: daddr:33561200
[  284.785981] AAAAA-TCP_FORW: name:enp0s3: saddr:33561200: daddr:100932208
[  284.831807] AAAAA-TCP_FORW: name:enp0s8: saddr:100932208: daddr:33561200
[  284.832540] AAAAA-TCP_FORW: name:enp0s3: saddr:33561200: daddr:100932208
[  284.898887] AAAAA-TCP_FORW: name:enp0s8: saddr:100932208: daddr:33561200
[  284.899721] AAAAA-TCP_FORW: name:enp0s3: saddr:33561200: daddr:100932208
[  284.970968] AAAAA-TCP_FORW: name:enp0s8: saddr:100932208: daddr:33561200
[  284.971948] AAAAA-TCP_FORW: name:enp0s3: saddr:33561200: daddr:100932208
[  285.046172] AAAAA-TCP_FORW: name:enp0s8: saddr:100932208: daddr:33561200
[  285.047076] AAAAA-TCP_FORW: name:enp0s3: saddr:33561200: daddr:100932208
[  285.102863] AAAAA-TCP_FORW: name:enp0s8: saddr:100932208: daddr:33561200
[  285.103602] AAAAA-TCP_FORW: name:enp0s3: saddr:33561200: daddr:100932208
[  285.205964] AAAAA-TCP_FORW: name:enp0s8: saddr:100932208: daddr:33561200
[  285.206989] AAAAA-TCP_FORW: name:enp0s3: saddr:33561200: daddr:100932208
[  285.289802] AAAAA-TCP_FORW: name:enp0s8: saddr:100932208: daddr:33561200
[  285.290755] AAAAA-TCP_FORW: name:enp0s3: saddr:33561200: daddr:100932208
[  285.524121] AAAAA-TCP_FORW: name:enp0s8: saddr:100932208: daddr:33561200
[  285.525130] AAAAA-TCP_FORW: name:enp0s3: saddr:33561200: daddr:100932208
[  285.581702] AAAAA-TCP_FORW: name:enp0s8: saddr:100932208: daddr:33561200
[  285.582465] AAAAA-TCP_FORW: name:enp0s3: saddr:33561200: daddr:100932208
[  285.631815] AAAAA-TCP_FORW: name:enp0s8: saddr:100932208: daddr:33561200
[  285.632539] AAAAA-TCP_FORW: name:enp0s3: saddr:33561200: daddr:100932208
[  285.703020] AAAAA-TCP_FORW: name:enp0s8: saddr:100932208: daddr:16783984
[  285.703970] AAAAA-TCP_FORW: name:enp0s3: saddr:16783984: daddr:100932208
[  285.837417] AAAAA-TCP_FORW: name:enp0s8: saddr:100932208: daddr:33561200
[  285.838638] AAAAA-TCP_FORW: name:enp0s3: saddr:33561200: daddr:100932208
[  285.950866] AAAAA-TCP_FORW: name:enp0s8: saddr:100932208: daddr:33561200
[  285.952152] AAAAA-TCP_FORW: name:enp0s3: saddr:33561200: daddr:100932208
[  286.025554] AAAAA-TCP_FORW: name:enp0s8: saddr:100932208: daddr:33561200
[  286.026536] AAAAA-TCP_FORW: name:enp0s3: saddr:33561200: daddr:100932208
[  286.109426] AAAAA-TCP_FORW: name:enp0s8: saddr:100932208: daddr:16783984
[  286.110370] AAAAA-TCP_FORW: name:enp0s3: saddr:16783984: daddr:100932208
[  286.181375] AAAAA-TCP_FORW: name:enp0s8: saddr:100932208: daddr:16783984
[  286.182452] AAAAA-TCP_FORW: name:enp0s3: saddr:16783984: daddr:100932208
[  286.232221] AAAAA-TCP_FORW: name:enp0s8: saddr:100932208: daddr:16783984
[  286.233090] AAAAA-TCP_FORW: name:enp0s3: saddr:16783984: daddr:100932208
[  286.324743] AAAAA-TCP_FORW: name:enp0s8: saddr:100932208: daddr:16783984
[  286.325689] AAAAA-TCP_FORW: name:enp0s3: saddr:16783984: daddr:100932208
[  286.367112] AAAAA-TCP_FORW: name:enp0s8: saddr:100932208: daddr:16783984
[  286.367836] AAAAA-TCP_FORW: name:enp0s3: saddr:16783984: daddr:100932208
[  286.485461] AAAAA-TCP_FORW: name:enp0s8: saddr:100932208: daddr:16783984
[  286.486623] AAAAA-TCP_FORW: name:enp0s3: saddr:16783984: daddr:100932208
[  286.651326] AAAAA-TCP_FORW: name:enp0s8: saddr:100932208: daddr:16783984
[  286.652062] AAAAA-TCP_FORW: name:enp0s3: saddr:16783984: daddr:100932208
[  286.727707] AAAAA-TCP_FORW: name:enp0s8: saddr:100932208: daddr:16783984
[  286.728684] AAAAA-TCP_FORW: name:enp0s3: saddr:16783984: daddr:100932208
[  286.844163] AAAAA-TCP_FORW: name:enp0s8: saddr:100932208: daddr:16783984
[  286.845187] AAAAA-TCP_FORW: name:enp0s3: saddr:16783984: daddr:100932208
[  286.918161] AAAAA-TCP_FORW: name:enp0s8: saddr:100932208: daddr:16783984
[  286.918860] AAAAA-TCP_FORW: name:enp0s3: saddr:16783984: daddr:100932208
[  286.980704] AAAAA-TCP_FORW: name:enp0s8: saddr:100932208: daddr:16783984
[  286.981417] AAAAA-TCP_FORW: name:enp0s3: saddr:16783984: daddr:100932208
[  287.060402] AAAAA-TCP_FORW: name:enp0s8: saddr:100932208: daddr:16783984
[  287.061129] AAAAA-TCP_FORW: name:enp0s3: saddr:16783984: daddr:100932208
[  287.179011] AAAAA-TCP_FORW: name:enp0s8: saddr:100932208: daddr:16783984
[  287.179711] AAAAA-TCP_FORW: name:enp0s3: saddr:16783984: daddr:100932208
[  287.288469] AAAAA-TCP_FORW: name:enp0s8: saddr:100932208: daddr:16783984
[  287.289183] AAAAA-TCP_FORW: name:enp0s3: saddr:16783984: daddr:100932208
[  287.340998] AAAAA-TCP_FORW: name:enp0s8: saddr:100932208: daddr:16783984
[  287.341931] AAAAA-TCP_FORW: name:enp0s3: saddr:16783984: daddr:100932208
[  287.481275] AAAAA-TCP_FORW: name:enp0s8: saddr:100932208: daddr:16783984
[  287.482416] AAAAA-TCP_FORW: name:enp0s3: saddr:16783984: daddr:100932208
[  287.577586] AAAAA-TCP_FORW: name:enp0s8: saddr:100932208: daddr:16783984
[  287.578696] AAAAA-TCP_FORW: name:enp0s3: saddr:16783984: daddr:100932208
[  287.675561] AAAAA-TCP_FORW: name:enp0s8: saddr:100932208: daddr:16783984
[  287.676434] AAAAA-TCP_FORW: name:enp0s3: saddr:16783984: daddr:100932208
[  287.755578] AAAAA-TCP_FORW: name:enp0s8: saddr:100932208: daddr:16783984
[  287.756582] AAAAA-TCP_FORW: name:enp0s3: saddr:16783984: daddr:100932208
[  287.833625] AAAAA-TCP_FORW: name:enp0s8: saddr:100932208: daddr:16783984
[  287.834806] AAAAA-TCP_FORW: name:enp0s3: saddr:16783984: daddr:100932208
[  287.930652] AAAAA-TCP_FORW: name:enp0s8: saddr:100932208: daddr:16783984
[  287.931843] AAAAA-TCP_FORW: name:enp0s3: saddr:16783984: daddr:100932208
[  288.085235] AAAAA-TCP_FORW: name:enp0s8: saddr:100932208: daddr:16783984
[  288.086290] AAAAA-TCP_FORW: name:enp0s3: saddr:16783984: daddr:100932208
[  288.193900] AAAAA-TCP_FORW: name:enp0s8: saddr:100932208: daddr:16783984
[  288.194742] AAAAA-TCP_FORW: name:enp0s3: saddr:16783984: daddr:100932208
[  288.350648] AAAAA-TCP_FORW: name:enp0s8: saddr:100932208: daddr:16783984
[  288.351668] AAAAA-TCP_FORW: name:enp0s3: saddr:16783984: daddr:100932208
[  288.489767] AAAAA-TCP_FORW: name:enp0s8: saddr:100932208: daddr:33561200
[  288.490777] AAAAA-TCP_FORW: name:enp0s3: saddr:33561200: daddr:100932208
[  288.623883] AAAAA-TCP_FORW: name:enp0s8: saddr:100932208: daddr:33561200
[  288.624728] AAAAA-TCP_FORW: name:enp0s3: saddr:33561200: daddr:100932208
[  288.748087] AAAAA-TCP_FORW: name:enp0s8: saddr:100932208: daddr:33561200
[  288.749520] AAAAA-TCP_FORW: name:enp0s3: saddr:33561200: daddr:100932208
[  288.876828] AAAAA-TCP_FORW: name:enp0s8: saddr:100932208: daddr:33561200
[  288.878025] AAAAA-TCP_FORW: name:enp0s3: saddr:33561200: daddr:100932208
[  289.051633] AAAAA-TCP_FORW: name:enp0s8: saddr:100932208: daddr:33561200
[  289.052838] AAAAA-TCP_FORW: name:enp0s3: saddr:33561200: daddr:100932208
[  289.117781] AAAAA-TCP_FORW: name:enp0s8: saddr:100932208: daddr:33561200
[  289.118911] AAAAA-TCP_FORW: name:enp0s3: saddr:33561200: daddr:100932208
[  289.337857] AAAAA-TCP_FORW: name:enp0s8: saddr:100932208: daddr:33561200
[  289.338900] AAAAA-TCP_FORW: name:enp0s3: saddr:33561200: daddr:100932208
[  289.472655] AAAAA-TCP_FORW: name:enp0s8: saddr:100932208: daddr:33561200
[  289.474003] AAAAA-TCP_FORW: name:enp0s3: saddr:33561200: daddr:100932208
[  289.571911] AAAAA-TCP_FORW: name:enp0s8: saddr:100932208: daddr:33561200
[  289.573180] AAAAA-TCP_FORW: name:enp0s3: saddr:33561200: daddr:100932208
[  289.864420] AAAAA-TCP_FORW: name:enp0s8: saddr:100932208: daddr:33561200
[  289.866168] AAAAA-TCP_FORW: name:enp0s3: saddr:33561200: daddr:100932208
[  290.004397] AAAAA-TCP_FORW: name:enp0s8: saddr:100932208: daddr:33561200
[  290.005562] AAAAA-TCP_FORW: name:enp0s3: saddr:33561200: daddr:100932208
[  290.109599] AAAAA-TCP_FORW: name:enp0s8: saddr:100932208: daddr:33561200
[  290.110738] AAAAA-TCP_FORW: name:enp0s3: saddr:33561200: daddr:100932208
[  290.283998] AAAAA-TCP_FORW: name:enp0s8: saddr:100932208: daddr:33561200
[  290.285142] AAAAA-TCP_FORW: name:enp0s3: saddr:33561200: daddr:100932208
[  290.384912] AAAAA-TCP_FORW: name:enp0s8: saddr:100932208: daddr:33561200
[  290.386062] AAAAA-TCP_FORW: name:enp0s3: saddr:33561200: daddr:100932208
[  290.484125] AAAAA-TCP_FORW: name:enp0s8: saddr:100932208: daddr:33561200
[  290.485438] AAAAA-TCP_FORW: name:enp0s3: saddr:33561200: daddr:100932208
[  290.588728] AAAAA-TCP_FORW: name:enp0s8: saddr:100932208: daddr:33561200
[  290.589841] AAAAA-TCP_FORW: name:enp0s3: saddr:33561200: daddr:100932208
[  290.708253] AAAAA-TCP_FORW: name:enp0s8: saddr:100932208: daddr:33561200
[  290.750938] AAAAA-TCP_FORW: name:enp0s3: saddr:33561200: daddr:100932208
[  290.876196] AAAAA-TCP_FORW: name:enp0s8: saddr:100932208: daddr:33561200
[  290.958290] AAAAA-TCP_FORW: name:enp0s3: saddr:33561200: daddr:100932208
[  290.984606] AAAAA-TCP_FORW: name:enp0s8: saddr:100932208: daddr:33561200
[  291.061036] AAAAA-TCP_FORW: name:enp0s8: saddr:100932208: daddr:33561200
[  291.062363] AAAAA-TCP_FORW: name:enp0s3: saddr:33561200: daddr:100932208
[  291.217036] AAAAA-TCP_FORW: name:enp0s8: saddr:100932208: daddr:33561200
[  291.441207] AAAAA-TCP_FORW: name:enp0s8: saddr:100932208: daddr:33561200
[  291.442439] AAAAA-TCP_FORW: name:enp0s3: saddr:33561200: daddr:100932208
[  291.552847] AAAAA-TCP_FORW: name:enp0s8: saddr:100932208: daddr:33561200
[  291.640180] AAAAA-TCP_FORW: name:enp0s8: saddr:100932208: daddr:33561200
[  291.641408] AAAAA-TCP_FORW: name:enp0s3: saddr:33561200: daddr:100932208
[  291.816606] AAAAA-TCP_FORW: name:enp0s8: saddr:100932208: daddr:16783984
[  291.818058] AAAAA-TCP_FORW: name:enp0s3: saddr:16783984: daddr:100932208
[  291.979170] AAAAA-TCP_FORW: name:enp0s8: saddr:100932208: daddr:16783984
[  291.980588] AAAAA-TCP_FORW: name:enp0s3: saddr:16783984: daddr:100932208
[  292.104457] AAAAA-TCP_FORW: name:enp0s8: saddr:100932208: daddr:33561200
[  292.272310] AAAAA-TCP_FORW: name:enp0s8: saddr:100932208: daddr:33561200
[  292.273564] AAAAA-TCP_FORW: name:enp0s3: saddr:33561200: daddr:100932208
[  292.515344] AAAAA-TCP_FORW: name:enp0s8: saddr:100932208: daddr:33561200
[  292.620746] AAAAA-TCP_FORW: name:enp0s8: saddr:100932208: daddr:33561200
[  292.621655] AAAAA-TCP_FORW: name:enp0s3: saddr:33561200: daddr:100932208
[  293.023517] AAAAA-TCP_FORW: name:enp0s8: saddr:100932208: daddr:16783984
[  293.025506] AAAAA-TCP_FORW: name:enp0s3: saddr:16783984: daddr:100932208
[  293.155625] AAAAA-TCP_FORW: name:enp0s8: saddr:100932208: daddr:16783984
[  293.156836] AAAAA-TCP_FORW: name:enp0s3: saddr:16783984: daddr:100932208
[  293.277772] AAAAA-TCP_FORW: name:enp0s8: saddr:100932208: daddr:16783984
[  293.278832] AAAAA-TCP_FORW: name:enp0s3: saddr:16783984: daddr:100932208
[  293.390500] AAAAA-TCP_FORW: name:enp0s8: saddr:100932208: daddr:16783984
[  293.391766] AAAAA-TCP_FORW: name:enp0s3: saddr:16783984: daddr:100932208
[  293.555890] AAAAA-TCP_FORW: name:enp0s8: saddr:100932208: daddr:16783984
[  293.557558] AAAAA-TCP_FORW: name:enp0s3: saddr:16783984: daddr:100932208
[  293.671300] AAAAA-TCP_FORW: name:enp0s8: saddr:100932208: daddr:16783984
[  293.672404] AAAAA-TCP_FORW: name:enp0s3: saddr:16783984: daddr:100932208
[  293.795563] AAAAA-TCP_FORW: name:enp0s8: saddr:100932208: daddr:16783984
[  293.796716] AAAAA-TCP_FORW: name:enp0s3: saddr:16783984: daddr:100932208
[  293.956523] AAAAA-TCP_FORW: name:enp0s8: saddr:100932208: daddr:16783984
[  293.957544] AAAAA-TCP_FORW: name:enp0s3: saddr:16783984: daddr:100932208
[  294.040357] AAAAA-TCP_FORW: name:enp0s8: saddr:100932208: daddr:16783984
[  294.041423] AAAAA-TCP_FORW: name:enp0s3: saddr:16783984: daddr:100932208
[  294.193407] AAAAA-TCP_FORW: name:enp0s8: saddr:100932208: daddr:16783984
[  294.194985] AAAAA-TCP_FORW: name:enp0s3: saddr:16783984: daddr:100932208
[  294.406970] AAAAA-TCP_FORW: name:enp0s8: saddr:100932208: daddr:16783984
[  294.408199] AAAAA-TCP_FORW: name:enp0s3: saddr:16783984: daddr:100932208
[  294.821995] AAAAA-TCP_FORW: name:enp0s8: saddr:100932208: daddr:16783984
[  294.823070] AAAAA-TCP_FORW: name:enp0s3: saddr:16783984: daddr:100932208
[  294.997722] AAAAA-TCP_FORW: name:enp0s8: saddr:100932208: daddr:16783984
[  294.998785] AAAAA-TCP_FORW: name:enp0s3: saddr:16783984: daddr:100932208
[  295.226762] AAAAA-TCP_FORW: name:enp0s8: saddr:100932208: daddr:16783984
[  295.227937] AAAAA-TCP_FORW: name:enp0s3: saddr:16783984: daddr:100932208
[  295.522600] AAAAA-TCP_FORW: name:enp0s8: saddr:100932208: daddr:16783984
[  295.523722] AAAAA-TCP_FORW: name:enp0s3: saddr:16783984: daddr:100932208
[  295.617836] AAAAA-TCP_FORW: name:enp0s8: saddr:100932208: daddr:16783984
[  295.619010] AAAAA-TCP_FORW: name:enp0s3: saddr:16783984: daddr:100932208
[  295.726758] AAAAA-TCP_FORW: name:enp0s8: saddr:100932208: daddr:16783984
[  295.727868] AAAAA-TCP_FORW: name:enp0s3: saddr:16783984: daddr:100932208
[  295.932482] AAAAA-TCP_FORW: name:enp0s8: saddr:100932208: daddr:16783984
[  295.934686] AAAAA-TCP_FORW: name:enp0s3: saddr:16783984: daddr:100932208
[  296.324454] AAAAA-TCP_FORW: name:enp0s8: saddr:100932208: daddr:16783984
[  296.326580] AAAAA-TCP_FORW: name:enp0s3: saddr:16783984: daddr:100932208
[  296.466963] AAAAA-TCP_FORW: name:enp0s8: saddr:100932208: daddr:16783984
[  296.469272] AAAAA-TCP_FORW: name:enp0s3: saddr:16783984: daddr:100932208
[  296.604346] AAAAA-TCP_FORW: name:enp0s8: saddr:100932208: daddr:16783984
[  296.606734] AAAAA-TCP_FORW: name:enp0s3: saddr:16783984: daddr:100932208
[  296.751460] AAAAA-TCP_FORW: name:enp0s8: saddr:100932208: daddr:16783984
[  296.753819] AAAAA-TCP_FORW: name:enp0s3: saddr:16783984: daddr:100932208
[  296.920985] AAAAA-TCP_FORW: name:enp0s8: saddr:100932208: daddr:16783984
[  296.926960] AAAAA-TCP_FORW: name:enp0s3: saddr:16783984: daddr:100932208
[  297.118855] AAAAA-TCP_FORW: name:enp0s8: saddr:100932208: daddr:33561200
[  297.119755] AAAAA-TCP_FORW: name:enp0s3: saddr:33561200: daddr:100932208
[  297.249306] AAAAA-TCP_FORW: name:enp0s8: saddr:100932208: daddr:33561200
[  297.502747] AAAAA-TCP_FORW: name:enp0s8: saddr:100932208: daddr:33561200
[  297.634538] AAAAA-TCP_FORW: name:enp0s8: saddr:100932208: daddr:33561200
[  297.988796] AAAAA-TCP_FORW: name:enp0s8: saddr:100932208: daddr:33561200
[  298.219614] AAAAA-TCP_FORW: name:enp0s8: saddr:100932208: daddr:33561200
[  298.395984] AAAAA-TCP_FORW: name:enp0s8: saddr:100932208: daddr:33561200
[  298.480182] AAAAA-TCP_FORW: name:enp0s8: saddr:100932208: daddr:33561200
[  298.528395] AAAAA-TCP_FORW: name:enp0s8: saddr:100932208: daddr:33561200
[  298.686943] AAAAA-TCP_FORW: name:enp0s8: saddr:100932208: daddr:33561200
[  298.793478] AAAAA-TCP_FORW: name:enp0s8: saddr:100932208: daddr:33561200
[  298.950926] AAAAA-TCP_FORW: name:enp0s8: saddr:100932208: daddr:33561200
[  299.065871] AAAAA-TCP_FORW: name:enp0s8: saddr:100932208: daddr:33561200
[  299.316819] AAAAA-TCP_FORW: name:enp0s8: saddr:100932208: daddr:33561200
[  299.732951] AAAAA-TCP_FORW: name:enp0s8: saddr:100932208: daddr:33561200
[  299.923524] AAAAA-TCP_FORW: name:enp0s8: saddr:100932208: daddr:33561200
[  300.080543] AAAAA-TCP_FORW: name:enp0s8: saddr:100932208: daddr:33561200
[  300.394675] AAAAA-TCP_FORW: name:enp0s8: saddr:100932208: daddr:33561200
[  301.093431] AAAAA-TCP_FORW: name:enp0s8: saddr:100932208: daddr:33561200
[  301.814568] AAAAA-TCP_FORW: name:enp0s8: saddr:100932208: daddr:33561200
[  301.816951] AAAAA-TCP_FORW: name:enp0s3: saddr:33561200: daddr:100932208
[  302.231483] AAAAA-TCP_FORW: name:enp0s8: saddr:100932208: daddr:33561200
[  302.233746] AAAAA-TCP_FORW: name:enp0s3: saddr:33561200: daddr:100932208
[  302.876205] AAAAA-TCP_FORW: name:enp0s8: saddr:100932208: daddr:33561200
[  302.878689] AAAAA-TCP_FORW: name:enp0s3: saddr:33561200: daddr:100932208
[  303.609665] AAAAA-TCP_FORW: name:enp0s8: saddr:100932208: daddr:33561200
[  303.611528] AAAAA-TCP_FORW: name:enp0s3: saddr:33561200: daddr:100932208
[  303.720878] AAAAA-TCP_FORW: name:enp0s8: saddr:100932208: daddr:33561200
[  303.723387] AAAAA-TCP_FORW: name:enp0s3: saddr:33561200: daddr:100932208
[  304.250796] AAAAA-TCP_FORW: name:enp0s8: saddr:100932208: daddr:33561200
[  304.253168] AAAAA-TCP_FORW: name:enp0s3: saddr:33561200: daddr:100932208
[  304.521587] AAAAA-TCP_FORW: name:enp0s8: saddr:100932208: daddr:16783984
[  304.524287] AAAAA-TCP_FORW: name:enp0s3: saddr:16783984: daddr:100932208
[  305.101886] AAAAA-TCP_FORW: name:enp0s8: saddr:100932208: daddr:16783984
[  305.103943] AAAAA-TCP_FORW: name:enp0s3: saddr:16783984: daddr:100932208
[  305.493858] AAAAA-TCP_FORW: name:enp0s8: saddr:100932208: daddr:16783984
[  305.496515] AAAAA-TCP_FORW: name:enp0s3: saddr:16783984: daddr:100932208
[  305.874876] AAAAA-TCP_FORW: name:enp0s8: saddr:100932208: daddr:33561200
[  305.877214] AAAAA-TCP_FORW: name:enp0s3: saddr:33561200: daddr:100932208
[  306.440676] AAAAA-TCP_FORW: name:enp0s8: saddr:100932208: daddr:33561200
[  306.442907] AAAAA-TCP_FORW: name:enp0s3: saddr:33561200: daddr:100932208
[  307.170881] AAAAA-TCP_FORW: name:enp0s8: saddr:100932208: daddr:33561200
[  307.173090] AAAAA-TCP_FORW: name:enp0s3: saddr:33561200: daddr:100932208
[  307.575242] AAAAA-TCP_FORW: name:enp0s8: saddr:100932208: daddr:16783984
[  307.577479] AAAAA-TCP_FORW: name:enp0s3: saddr:16783984: daddr:100932208
[  307.697823] AAAAA-TCP_FORW: name:enp0s8: saddr:100932208: daddr:16783984
[  307.699971] AAAAA-TCP_FORW: name:enp0s3: saddr:16783984: daddr:100932208
[  307.932698] AAAAA-TCP_FORW: name:enp0s8: saddr:100932208: daddr:16783984
[  307.934956] AAAAA-TCP_FORW: name:enp0s3: saddr:16783984: daddr:100932208
[  308.262886] AAAAA-TCP_FORW: name:enp0s8: saddr:100932208: daddr:16783984
[  308.265311] AAAAA-TCP_FORW: name:enp0s3: saddr:16783984: daddr:100932208
[  308.464357] AAAAA-TCP_FORW: name:enp0s8: saddr:100932208: daddr:16783984
[  308.466969] AAAAA-TCP_FORW: name:enp0s3: saddr:16783984: daddr:100932208
[  308.467372] AAAAA-TCP_FORW: name:enp0s8: saddr:100932208: daddr:16783984
[  308.469109] AAAAA-TCP_FORW: name:enp0s3: saddr:16783984: daddr:100932208
[  308.569826] AAAAA-TCP_FORW: name:enp0s8: saddr:100932208: daddr:16783984
[  308.572013] AAAAA-TCP_FORW: name:enp0s3: saddr:16783984: daddr:100932208
[  308.667110] AAAAA-TCP_FORW: name:enp0s8: saddr:100932208: daddr:16783984
[  308.669968] AAAAA-TCP_FORW: name:enp0s3: saddr:16783984: daddr:100932208
[  309.030335] AAAAA-TCP_FORW: name:enp0s8: saddr:100932208: daddr:33561200
[  309.031425] AAAAA-TCP_FORW: name:enp0s3: saddr:33561200: daddr:100932208
[  309.129779] AAAAA-TCP_FORW: name:enp0s8: saddr:100932208: daddr:16783984
[  309.132159] AAAAA-TCP_FORW: name:enp0s3: saddr:16783984: daddr:100932208
[  309.250788] AAAAA-TCP_FORW: name:enp0s8: saddr:100932208: daddr:16783984
