[    0.000000] Linux version 5.4.243-mptcp (root@ztg) (gcc version 12.2.0 (Debian 12.2.0-14+deb12u1)) #53 SMP Wed Dec 24 23:28:15 CST 2025
[    0.000000] Command line: BOOT_IMAGE=/boot/vmlinuz-5.4.243-mptcp root=UUID=98415a12-53b7-4144-8265-0f7ece09e445 ro quiet splash
[    0.000000] KERNEL supported cpus:
[    0.000000]   Intel GenuineIntel
[    0.000000]   AMD AuthenticAMD
[    0.000000]   Hygon HygonGenuine
[    0.000000]   Centaur CentaurHauls
[    0.000000]   zhaoxin   Shanghai  
[    0.000000] x86/fpu: Supporting XSAVE feature 0x001: 'x87 floating point registers'
[    0.000000] x86/fpu: Supporting XSAVE feature 0x002: 'SSE registers'
[    0.000000] x86/fpu: Supporting XSAVE feature 0x004: 'AVX registers'
[    0.000000] x86/fpu: xstate_offset[2]:  576, xstate_sizes[2]:  256
[    0.000000] x86/fpu: Enabled xstate features 0x7, context size is 832 bytes, using 'standard' format.
[    0.000000] BIOS-provided physical RAM map:
[    0.000000] BIOS-e820: [mem 0x0000000000000000-0x000000000009fbff] usable
[    0.000000] BIOS-e820: [mem 0x000000000009fc00-0x000000000009ffff] reserved
[    0.000000] BIOS-e820: [mem 0x00000000000f0000-0x00000000000fffff] reserved
[    0.000000] BIOS-e820: [mem 0x0000000000100000-0x000000007ffeffff] usable
[    0.000000] BIOS-e820: [mem 0x000000007fff0000-0x000000007fffffff] ACPI data
[    0.000000] BIOS-e820: [mem 0x00000000fec00000-0x00000000fec00fff] reserved
[    0.000000] BIOS-e820: [mem 0x00000000fee00000-0x00000000fee00fff] reserved
[    0.000000] BIOS-e820: [mem 0x00000000fffc0000-0x00000000ffffffff] reserved
[    0.000000] NX (Execute Disable) protection: active
[    0.000000] SMBIOS 2.5 present.
[    0.000000] DMI: innotek GmbH VirtualBox/VirtualBox, BIOS VirtualBox 12/01/2006
[    0.000000] Hypervisor detected: KVM
[    0.000000] kvm-clock: Using msrs 4b564d01 and 4b564d00
[    0.000000] kvm-clock: cpu 0, msr 5ac01001, primary cpu clock
[    0.000000] kvm-clock: using sched offset of 4437242278 cycles
[    0.000003] clocksource: kvm-clock: mask: 0xffffffffffffffff max_cycles: 0x1cd42e4dffb, max_idle_ns: 881590591483 ns
[    0.000006] tsc: Detected 2100.000 MHz processor
[    0.001887] e820: update [mem 0x00000000-0x00000fff] usable ==> reserved
[    0.001889] e820: remove [mem 0x000a0000-0x000fffff] usable
[    0.001893] last_pfn = 0x7fff0 max_arch_pfn = 0x400000000
[    0.001962] MTRR default type: uncachable
[    0.001963] MTRR fixed ranges enabled:
[    0.001964]   00000-9FFFF write-back
[    0.001965]   A0000-BFFFF uncachable
[    0.001966]   C0000-FFFFF write-protect
[    0.001966] MTRR variable ranges enabled:
[    0.001968]   0 base 000000000000 mask 3FFF80000000 write-back
[    0.001968]   1 disabled
[    0.001969]   2 disabled
[    0.001969]   3 disabled
[    0.001970]   4 disabled
[    0.001970]   5 disabled
[    0.001971]   6 disabled
[    0.001971]   7 disabled
[    0.001971]   8 disabled
[    0.001972]   9 disabled
[    0.001972]   10 disabled
[    0.001973]   11 disabled
[    0.001973]   12 disabled
[    0.001974]   13 disabled
[    0.001974]   14 disabled
[    0.001974]   15 disabled
[    0.001990] x86/PAT: Configuration [0-7]: WB  WC  UC- UC  WB  WP  UC- WT  
[    0.002125] found SMP MP-table at [mem 0x0009fff0-0x0009ffff]
[    0.092136] check: Scanning 1 areas for low memory corruption
[    0.092318] RAMDISK: [mem 0x32271000-0x3512ffff]
[    0.092327] ACPI: Early table checksum verification disabled
[    0.092332] ACPI: RSDP 0x00000000000E0000 000024 (v02 VBOX  )
[    0.092337] ACPI: XSDT 0x000000007FFF0030 00003C (v01 VBOX   VBOXXSDT 00000001 ASL  00000061)
[    0.092344] ACPI: FACP 0x000000007FFF00F0 0000F4 (v04 VBOX   VBOXFACP 00000001 ASL  00000061)
[    0.092350] ACPI: DSDT 0x000000007FFF02E0 002353 (v02 VBOX   VBOXBIOS 00000002 VBOX 00029BF3)
[    0.092354] ACPI: FACS 0x000000007FFF0200 000040
[    0.092358] ACPI: FACS 0x000000007FFF0200 000040
[    0.092361] ACPI: APIC 0x000000007FFF0240 000054 (v02 VBOX   VBOXAPIC 00000001 ASL  00000061)
[    0.092364] ACPI: SSDT 0x000000007FFF02A0 000038 (v01 VBOX   VBOXCPUT 00000002 VBOX 00029BF3)
[    0.092368] ACPI: Reserving FACP table memory at [mem 0x7fff00f0-0x7fff01e3]
[    0.092369] ACPI: Reserving DSDT table memory at [mem 0x7fff02e0-0x7fff2632]
[    0.092369] ACPI: Reserving FACS table memory at [mem 0x7fff0200-0x7fff023f]
[    0.092370] ACPI: Reserving FACS table memory at [mem 0x7fff0200-0x7fff023f]
[    0.092371] ACPI: Reserving APIC table memory at [mem 0x7fff0240-0x7fff0293]
[    0.092371] ACPI: Reserving SSDT table memory at [mem 0x7fff02a0-0x7fff02d7]
[    0.092386] ACPI: Local APIC address 0xfee00000
[    0.092575] No NUMA configuration found
[    0.092576] Faking a node at [mem 0x0000000000000000-0x000000007ffeffff]
[    0.092586] NODE_DATA(0) allocated [mem 0x7ffc5000-0x7ffeffff]
[    0.092847] Zone ranges:
[    0.092848]   DMA      [mem 0x0000000000001000-0x0000000000ffffff]
[    0.092849]   DMA32    [mem 0x0000000001000000-0x000000007ffeffff]
[    0.092850]   Normal   empty
[    0.092851]   Device   empty
[    0.092851] Movable zone start for each node
[    0.092853] Early memory node ranges
[    0.092854]   node   0: [mem 0x0000000000001000-0x000000000009efff]
[    0.092855]   node   0: [mem 0x0000000000100000-0x000000007ffeffff]
[    0.092859] Zeroed struct page in unavailable ranges: 114 pages
[    0.092860] Initmem setup node 0 [mem 0x0000000000001000-0x000000007ffeffff]
[    0.092861] On node 0 totalpages: 524174
[    0.092862]   DMA zone: 64 pages used for memmap
[    0.092862]   DMA zone: 21 pages reserved
[    0.092863]   DMA zone: 3998 pages, LIFO batch:0
[    0.092948]   DMA32 zone: 8128 pages used for memmap
[    0.092948]   DMA32 zone: 520176 pages, LIFO batch:63
[    0.101925] ACPI: PM-Timer IO Port: 0x4008
[    0.101929] ACPI: Local APIC address 0xfee00000
[    0.101995] IOAPIC[0]: apic_id 1, version 32, address 0xfec00000, GSI 0-23
[    0.101998] ACPI: INT_SRC_OVR (bus 0 bus_irq 0 global_irq 2 dfl dfl)
[    0.102000] ACPI: INT_SRC_OVR (bus 0 bus_irq 9 global_irq 9 low level)
[    0.102002] ACPI: IRQ0 used by override.
[    0.102003] ACPI: IRQ9 used by override.
[    0.102006] Using ACPI (MADT) for SMP configuration information
[    0.102012] smpboot: Allowing 1 CPUs, 0 hotplug CPUs
[    0.102035] PM: Registered nosave memory: [mem 0x00000000-0x00000fff]
[    0.102037] PM: Registered nosave memory: [mem 0x0009f000-0x0009ffff]
[    0.102037] PM: Registered nosave memory: [mem 0x000a0000-0x000effff]
[    0.102038] PM: Registered nosave memory: [mem 0x000f0000-0x000fffff]
[    0.102039] [mem 0x80000000-0xfebfffff] available for PCI devices
[    0.102040] Booting paravirtualized kernel on KVM
[    0.102043] clocksource: refined-jiffies: mask: 0xffffffff max_cycles: 0xffffffff, max_idle_ns: 7645519600211568 ns
[    0.102049] setup_percpu: NR_CPUS:8192 nr_cpumask_bits:1 nr_cpu_ids:1 nr_node_ids:1
[    0.103053] percpu: Embedded 60 pages/cpu s208896 r8192 d28672 u2097152
[    0.103058] pcpu-alloc: s208896 r8192 d28672 u2097152 alloc=1*2097152
[    0.103059] pcpu-alloc: [0] 0 
[    0.103085] Built 1 zonelists, mobility grouping on.  Total pages: 515961
[    0.103086] Policy zone: DMA32
[    0.103087] Kernel command line: BOOT_IMAGE=/boot/vmlinuz-5.4.243-mptcp root=UUID=98415a12-53b7-4144-8265-0f7ece09e445 ro quiet splash
[    0.103914] Dentry cache hash table entries: 262144 (order: 9, 2097152 bytes, linear)
[    0.104060] Inode-cache hash table entries: 131072 (order: 8, 1048576 bytes, linear)
[    0.104112] mem auto-init: stack:off, heap alloc:on, heap free:off
[    0.104115] Calgary: detecting Calgary via BIOS EBDA area
[    0.104116] Calgary: Unable to locate Rio Grande table in EBDA - bailing!
[    0.108217] Memory: 1967332K/2096696K available (14339K kernel code, 2398K rwdata, 4712K rodata, 2728K init, 17260K bss, 129364K reserved, 0K cma-reserved)
[    0.109157] SLUB: HWalign=64, Order=0-3, MinObjects=0, CPUs=1, Nodes=1
[    0.109174] ftrace: allocating 43186 entries in 169 pages
[    0.127313] rcu: Hierarchical RCU implementation.
[    0.127315] rcu: 	RCU restricting CPUs from NR_CPUS=8192 to nr_cpu_ids=1.
[    0.127317] 	Tasks RCU enabled.
[    0.127318] rcu: RCU calculated value of scheduler-enlistment delay is 25 jiffies.
[    0.127318] rcu: Adjusting geometry for rcu_fanout_leaf=16, nr_cpu_ids=1
[    0.130294] NR_IRQS: 524544, nr_irqs: 256, preallocated irqs: 16
[    0.130517] random: crng init done
[    0.139747] Console: colour VGA+ 80x25
[    0.139752] printk: console [tty0] enabled
[    0.139774] ACPI: Core revision 20190816
[    0.139880] APIC: Switch to symmetric I/O mode setup
[    0.140132] x2apic enabled
[    0.140367] Switched APIC routing to physical x2apic.
[    0.141520] ..TIMER: vector=0x30 apic1=0 pin1=2 apic2=-1 pin2=-1
[    0.141544] clocksource: tsc-early: mask: 0xffffffffffffffff max_cycles: 0x1e4530a99b6, max_idle_ns: 440795257976 ns
[    0.141551] Calibrating delay loop (skipped) preset value.. 4200.00 BogoMIPS (lpj=8400000)
[    0.141553] pid_max: default: 32768 minimum: 301
[    0.141583] LSM: Security Framework initializing
[    0.141592] Yama: becoming mindful.
[    0.141621] AppArmor: AppArmor initialized
[    0.141656] Mount-cache hash table entries: 4096 (order: 3, 32768 bytes, linear)
[    0.141661] Mountpoint-cache hash table entries: 4096 (order: 3, 32768 bytes, linear)
[    0.141671] *** VALIDATE tmpfs ***
[    0.141800] *** VALIDATE proc ***
[    0.141842] *** VALIDATE cgroup1 ***
[    0.141843] *** VALIDATE cgroup2 ***
[    0.141984] process: using mwait in idle threads
[    0.141989] Last level iTLB entries: 4KB 64, 2MB 8, 4MB 8
[    0.141990] Last level dTLB entries: 4KB 64, 2MB 0, 4MB 0, 1GB 4
[    0.142010] Spectre V1 : Mitigation: usercopy/swapgs barriers and __user pointer sanitization
[    0.142016] Spectre V2 : Mitigation: Retpolines
[    0.142016] Spectre V2 : Spectre v2 / SpectreRSB mitigation: Filling RSB on context switch
[    0.142017] Spectre V2 : Spectre v2 / SpectreRSB : Filling RSB on VMEXIT
[    0.142017] RETBleed: WARNING: Spectre v2 mitigation leaves CPU vulnerable to RETBleed attacks, data leaks possible!
[    0.142369] RETBleed: Vulnerable
[    0.142370] Speculative Store Bypass: Vulnerable
[    0.142375] TAA: Mitigation: TSX disabled
[    0.142375] MMIO Stale Data: Mitigation: Clear CPU buffers
[    0.146675] Freeing SMP alternatives memory: 40K
[    0.259292] smpboot: CPU0: Intel(R) Xeon(R) Silver 4216 CPU @ 2.10GHz (family: 0x6, model: 0x55, stepping: 0x7)
[    0.259442] Performance Events: unsupported p6 CPU model 85 no PMU driver, software events only.
[    0.259480] rcu: Hierarchical SRCU implementation.
[    0.259978] NMI watchdog: Perf NMI watchdog permanently disabled
[    0.260020] smp: Bringing up secondary CPUs ...
[    0.260021] smp: Brought up 1 node, 1 CPU
[    0.260022] smpboot: Max logical packages: 1
[    0.260024] smpboot: Total of 1 processors activated (4200.00 BogoMIPS)
[    0.261008] devtmpfs: initialized
[    0.261056] x86/mm: Memory block size: 128MB
[    0.261407] clocksource: jiffies: mask: 0xffffffff max_cycles: 0xffffffff, max_idle_ns: 7645041785100000 ns
[    0.261413] futex hash table entries: 256 (order: 2, 16384 bytes, linear)
[    0.261457] pinctrl core: initialized pinctrl subsystem
[    0.261546] PM: RTC time: 10:55:39, date: 2026-01-18
[    0.261546] NET: Registered protocol family 16
[    0.261546] audit: initializing netlink subsys (disabled)
[    0.261546] EISA bus registered
[    0.261546] cpuidle: using governor ladder
[    0.261546] cpuidle: using governor menu
[    0.261546] ACPI: bus type PCI registered
[    0.261546] acpiphp: ACPI Hot Plug PCI Controller Driver version: 0.5
[    0.261546] PCI: Using configuration type 1 for base access
[    0.261960] audit: type=2000 audit(1768704945.743:1): state=initialized audit_enabled=0 res=1
[    0.262040] HugeTLB registered 2.00 MiB page size, pre-allocated 0 pages
[    0.262861] ACPI: Added _OSI(Module Device)
[    0.262862] ACPI: Added _OSI(Processor Device)
[    0.262863] ACPI: Added _OSI(3.0 _SCP Extensions)
[    0.262864] ACPI: Added _OSI(Processor Aggregator Device)
[    0.262865] ACPI: Added _OSI(Linux-Dell-Video)
[    0.262865] ACPI: Added _OSI(Linux-Lenovo-NV-HDMI-Audio)
[    0.262866] ACPI: Added _OSI(Linux-HPI-Hybrid-Graphics)
[    0.264825] ACPI: 2 ACPI AML tables successfully acquired and loaded
[    0.266486] ACPI: Interpreter enabled
[    0.266496] ACPI: (supports S0 S5)
[    0.266498] ACPI: Using IOAPIC for interrupt routing
[    0.266704] PCI: Using host bridge windows from ACPI; if necessary, use "pci=nocrs" and report a bug
[    0.266810] ACPI: Enabled 2 GPEs in block 00 to 07
[    0.271650] ACPI: PCI Root Bridge [PCI0] (domain 0000 [bus 00-ff])
[    0.271656] acpi PNP0A03:00: _OSC: OS supports [ASPM ClockPM Segments MSI HPX-Type3]
[    0.272102] acpi PNP0A03:00: _OSC: not requesting OS control; OS requires [ExtendedConfig ASPM ClockPM MSI]
[    0.272111] acpi PNP0A03:00: fail to add MMCONFIG information, can't access extended PCI configuration space under this bridge.
[    0.272480] PCI host bridge to bus 0000:00
[    0.272482] pci_bus 0000:00: root bus resource [io  0x0000-0x0cf7 window]
[    0.272483] pci_bus 0000:00: root bus resource [io  0x0d00-0xffff window]
[    0.272484] pci_bus 0000:00: root bus resource [mem 0x000a0000-0x000bffff window]
[    0.272485] pci_bus 0000:00: root bus resource [mem 0x80000000-0xfdffffff window]
[    0.272486] pci_bus 0000:00: root bus resource [bus 00-ff]
[    0.272526] pci 0000:00:00.0: [8086:1237] type 00 class 0x060000
[    0.273465] pci 0000:00:01.0: [8086:7000] type 00 class 0x060100
[    0.274259] pci 0000:00:01.1: [8086:7111] type 00 class 0x01018a
[    0.274626] pci 0000:00:01.1: reg 0x20: [io  0xd000-0xd00f]
[    0.274776] pci 0000:00:01.1: legacy IDE quirk: reg 0x10: [io  0x01f0-0x01f7]
[    0.274777] pci 0000:00:01.1: legacy IDE quirk: reg 0x14: [io  0x03f6]
[    0.274778] pci 0000:00:01.1: legacy IDE quirk: reg 0x18: [io  0x0170-0x0177]
[    0.274779] pci 0000:00:01.1: legacy IDE quirk: reg 0x1c: [io  0x0376]
[    0.275314] pci 0000:00:02.0: [15ad:0405] type 00 class 0x030000
[    0.277624] pci 0000:00:02.0: reg 0x10: [io  0xd010-0xd01f]
[    0.281593] pci 0000:00:02.0: reg 0x14: [mem 0xe0000000-0xe7ffffff pref]
[    0.284158] pci 0000:00:02.0: reg 0x18: [mem 0xf0000000-0xf01fffff]
[    0.294341] pci 0000:00:03.0: [1022:2000] type 00 class 0x020000
[    0.295023] pci 0000:00:03.0: reg 0x10: [io  0xd020-0xd03f]
[    0.295632] pci 0000:00:03.0: reg 0x14: [mem 0xf0200000-0xf0200fff]
[    0.298998] pci 0000:00:04.0: [80ee:cafe] type 00 class 0x088000
[    0.299671] pci 0000:00:04.0: reg 0x10: [io  0xd040-0xd05f]
[    0.300280] pci 0000:00:04.0: reg 0x14: [mem 0xf0400000-0xf07fffff]
[    0.301664] pci 0000:00:04.0: reg 0x18: [mem 0xf0800000-0xf0803fff pref]
[    0.305237] pci 0000:00:07.0: [8086:7113] type 00 class 0x068000
[    0.305855] pci 0000:00:07.0: quirk: [io  0x4000-0x403f] claimed by PIIX4 ACPI
[    0.305868] pci 0000:00:07.0: quirk: [io  0x4100-0x410f] claimed by PIIX4 SMB
[    0.306480] pci 0000:00:08.0: [8086:100e] type 00 class 0x020000
[    0.307259] pci 0000:00:08.0: reg 0x10: [mem 0xf0820000-0xf083ffff]
[    0.308454] pci 0000:00:08.0: reg 0x18: [io  0xd060-0xd067]
[    0.311677] pci 0000:00:09.0: [8086:100e] type 00 class 0x020000
[    0.312382] pci 0000:00:09.0: reg 0x10: [mem 0xf0840000-0xf085ffff]
[    0.313546] pci 0000:00:09.0: reg 0x18: [io  0xd068-0xd06f]
[    0.322629] ACPI: PCI Interrupt Link [LNKA] (IRQs 5 9 10 *11)
[    0.322919] ACPI: PCI Interrupt Link [LNKB] (IRQs 5 9 *10 11)
[    0.323023] ACPI: PCI Interrupt Link [LNKC] (IRQs 5 *9 10 11)
[    0.323122] ACPI: PCI Interrupt Link [LNKD] (IRQs 5 9 10 *11)
[    0.323396] iommu: Default domain type: Translated 
[    0.323460] pci 0000:00:02.0: vgaarb: setting as boot VGA device
[    0.323461] pci 0000:00:02.0: vgaarb: VGA device added: decodes=io+mem,owns=io+mem,locks=none
[    0.325549] pci 0000:00:02.0: vgaarb: bridge control possible
[    0.325550] vgaarb: loaded
[    0.325763] SCSI subsystem initialized
[    0.325799] libata version 3.00 loaded.
[    0.325824] ACPI: bus type USB registered
[    0.325841] usbcore: registered new interface driver usbfs
[    0.325846] usbcore: registered new interface driver hub
[    0.325851] usbcore: registered new device driver usb
[    0.325877] pps_core: LinuxPPS API ver. 1 registered
[    0.325878] pps_core: Software ver. 5.3.6 - Copyright 2005-2007 Rodolfo Giometti <giometti@linux.it>
[    0.325880] PTP clock support registered
[    0.325916] EDAC MC: Ver: 3.0.0
[    0.326201] PCI: Using ACPI for IRQ routing
[    0.326203] PCI: pci_cache_line_size set to 64 bytes
[    0.326375] e820: reserve RAM buffer [mem 0x0009fc00-0x0009ffff]
[    0.326378] e820: reserve RAM buffer [mem 0x7fff0000-0x7fffffff]
[    0.327188] NetLabel: Initializing
[    0.327188] NetLabel:  domain hash size = 128
[    0.327189] NetLabel:  protocols = UNLABELED CIPSOv4 CALIPSO
[    0.327209] NetLabel:  unlabeled traffic allowed by default
[    0.328133] clocksource: Switched to clocksource kvm-clock
[    0.340659] *** VALIDATE bpf ***
[    0.340737] VFS: Disk quotas dquot_6.6.0
[    0.340753] VFS: Dquot-cache hash table entries: 512 (order 0, 4096 bytes)
[    0.340780] *** VALIDATE ramfs ***
[    0.340784] *** VALIDATE hugetlbfs ***
[    0.340886] AppArmor: AppArmor Filesystem Enabled
[    0.340919] pnp: PnP ACPI init
[    0.341002] pnp 00:00: Plug and Play ACPI device, IDs PNP0303 (active)
[    0.341083] pnp 00:01: Plug and Play ACPI device, IDs PNP0f03 (active)
[    0.341886] pnp: PnP ACPI: found 2 devices
[    0.343003] thermal_sys: Registered thermal governor 'fair_share'
[    0.343004] thermal_sys: Registered thermal governor 'bang_bang'
[    0.343005] thermal_sys: Registered thermal governor 'step_wise'
[    0.343005] thermal_sys: Registered thermal governor 'user_space'
[    0.343006] thermal_sys: Registered thermal governor 'power_allocator'
[    0.347560] clocksource: acpi_pm: mask: 0xffffff max_cycles: 0xffffff, max_idle_ns: 2085701024 ns
[    0.347622] pci_bus 0000:00: resource 4 [io  0x0000-0x0cf7 window]
[    0.347624] pci_bus 0000:00: resource 5 [io  0x0d00-0xffff window]
[    0.347626] pci_bus 0000:00: resource 6 [mem 0x000a0000-0x000bffff window]
[    0.347628] pci_bus 0000:00: resource 7 [mem 0x80000000-0xfdffffff window]
[    0.347693] NET: Registered protocol family 2
[    0.347773] IP idents hash table entries: 32768 (order: 6, 262144 bytes, linear)
[    0.348247] MPTCP tokens hash table entries: 8192 (order: 4, 65536 bytes, linear)
[    0.348267] MPTCP request tokens hash table entries: 8192 (order: 4, 65536 bytes, linear)
[    0.348292] default registered
[    0.348293] default registered
[    0.348293] MPTCP: Stable release v0.96
[    0.348298] tcp_listen_portaddr_hash hash table entries: 1024 (order: 2, 16384 bytes, linear)
[    0.348381] TCP established hash table entries: 16384 (order: 5, 131072 bytes, linear)
[    0.348449] TCP bind hash table entries: 16384 (order: 6, 262144 bytes, linear)
[    0.348476] TCP: Hash tables configured (established 16384 bind 16384)
[    0.349292] UDP hash table entries: 1024 (order: 3, 32768 bytes, linear)
[    0.349304] UDP-Lite hash table entries: 1024 (order: 3, 32768 bytes, linear)
[    0.349354] NET: Registered protocol family 1
[    0.349366] NET: Registered protocol family 44
[    0.349394] pci 0000:00:00.0: Limiting direct PCI/PCI transfers
[    0.349412] pci 0000:00:01.0: Activating ISA DMA hang workarounds
[    0.349475] pci 0000:00:02.0: Video device with shadowed ROM at [mem 0x000c0000-0x000dffff]
[    0.349552] PCI: CLS 0 bytes, default 64
[    0.349609] Trying to unpack rootfs image as initramfs...
[    0.528134] Freeing initrd memory: 47868K
[    0.528134] clocksource: tsc: mask: 0xffffffffffffffff max_cycles: 0x1e4530a99b6, max_idle_ns: 440795257976 ns
[    0.528134] clocksource: Switched to clocksource tsc
[    0.528134] platform rtc_cmos: registered platform RTC device (no PNP device found)
[    0.528134] check: Scanning for low memory corruption every 60 seconds
[    0.528134] Initialise system trusted keyrings
[    0.528134] Key type blacklist registered
[    0.528134] workingset: timestamp_bits=36 max_order=19 bucket_order=0
[    0.528134] zbud: loaded
[    0.528134] squashfs: version 4.0 (2009/01/31) Phillip Lougher
[    0.528134] fuse: init (API version 7.31)
[    0.528134] *** VALIDATE fuse ***
[    0.528134] *** VALIDATE fuse ***
[    0.528134] Platform Keyring initialized
[    0.542106] Key type asymmetric registered
[    0.542107] Asymmetric key parser 'x509' registered
[    0.542117] Block layer SCSI generic (bsg) driver version 0.4 loaded (major 244)
[    0.542159] io scheduler mq-deadline registered
[    0.542283] shpchp: Standard Hot Plug PCI Controller Driver version: 0.4
[    0.542494] ACPI: AC Adapter [AC] (on-line)
[    0.542540] input: Power Button as /devices/LNXSYSTM:00/LNXPWRBN:00/input/input0
[    0.542568] ACPI: Power Button [PWRF]
[    0.542659] input: Sleep Button as /devices/LNXSYSTM:00/LNXSLPBN:00/input/input1
[    0.542676] ACPI: Sleep Button [SLPF]
[    0.542953] Serial: 8250/16550 driver, 32 ports, IRQ sharing enabled
[    0.544111] Linux agpgart interface v0.103
[    0.639085] loop: module loaded
[    0.639249] ata_piix 0000:00:01.1: version 2.13
[    0.639680] scsi host0: ata_piix
[    0.639773] scsi host1: ata_piix
[    0.639800] ata1: PATA max UDMA/33 cmd 0x1f0 ctl 0x3f6 bmdma 0xd000 irq 14
[    0.639801] ata2: PATA max UDMA/33 cmd 0x170 ctl 0x376 bmdma 0xd008 irq 15
[    0.639886] tun: Universal TUN/TAP device driver, 1.6
[    0.640196] PPP generic driver version 2.4.2
[    0.640239] VFIO - User Level meta-driver version: 0.3
[    0.640496] ehci_hcd: USB 2.0 'Enhanced' Host Controller (EHCI) Driver
[    0.640502] ehci-pci: EHCI PCI platform driver
[    0.640517] ehci-platform: EHCI generic platform driver
[    0.640523] ohci_hcd: USB 1.1 'Open' Host Controller (OHCI) Driver
[    0.640525] ohci-pci: OHCI PCI platform driver
[    0.640532] ohci-platform: OHCI generic platform driver
[    0.640537] uhci_hcd: USB Universal Host Controller Interface driver
[    0.640603] i8042: PNP: PS/2 Controller [PNP0303:PS2K,PNP0f03:PS2M] at 0x60,0x64 irq 1,12
[    0.641046] serio: i8042 KBD port at 0x60,0x64 irq 1
[    0.641050] serio: i8042 AUX port at 0x60,0x64 irq 12
[    0.641141] mousedev: PS/2 mouse device common for all mice
[    0.641397] input: AT Translated Set 2 keyboard as /devices/platform/i8042/serio0/input/input2
[    0.641798] rtc_cmos rtc_cmos: registered as rtc0
[    0.641811] rtc_cmos rtc_cmos: alarms up to one day, 114 bytes nvram
[    0.641816] i2c /dev entries driver
[    0.641860] device-mapper: uevent: version 1.0.3
[    0.641903] device-mapper: ioctl: 4.41.0-ioctl (2019-09-16) initialised: dm-devel@redhat.com
[    0.641920] platform eisa.0: Probing EISA bus 0
[    0.641921] platform eisa.0: EISA: Cannot allocate resource for mainboard
[    0.641923] platform eisa.0: Cannot allocate resource for EISA slot 1
[    0.641924] platform eisa.0: Cannot allocate resource for EISA slot 2
[    0.641925] platform eisa.0: Cannot allocate resource for EISA slot 3
[    0.641926] platform eisa.0: Cannot allocate resource for EISA slot 4
[    0.641927] platform eisa.0: Cannot allocate resource for EISA slot 5
[    0.641928] platform eisa.0: Cannot allocate resource for EISA slot 6
[    0.641929] platform eisa.0: Cannot allocate resource for EISA slot 7
[    0.641930] platform eisa.0: Cannot allocate resource for EISA slot 8
[    0.641931] platform eisa.0: EISA: Detected 0 cards
[    0.641933] intel_pstate: CPU model not supported
[    0.641943] ledtrig-cpu: registered to indicate activity on CPUs
[    0.641996] drop_monitor: Initializing network drop monitor service
[    0.642157] NET: Registered protocol family 10
[    0.647229] Segment Routing with IPv6
[    0.647229] fullmesh registered
[    0.647229] ndiffports registered
[    0.647229] binder registered
[    0.647229] roundrobin registered
[    0.647229] redundant registered
[    0.647229] blest registered
[    0.647229] ecf registered
[    0.647229] NET: Registered protocol family 17
[    0.647229] Key type dns_resolver registered
[    0.647229] RAS: Correctable Errors collector initialized.
[    0.647229] IPI shorthand broadcast: enabled
[    0.647229] sched_clock: Marking stable (632190127, 11039826)->(645297410, -2067457)
[    0.647581] registered taskstats version 1
[    0.647591] Loading compiled-in X.509 certificates
[    0.648180] Loaded X.509 cert 'Build time autogenerated kernel key: 6909f3744cebb3d0de528d5887b96a727de79b1e'
[    0.648198] zswap: loaded using pool lzo/zbud
[    0.648253] Key type ._fscrypt registered
[    0.648254] Key type .fscrypt registered
[    0.652728] Key type big_key registered
[    0.654966] Key type encrypted registered
[    0.654969] AppArmor: AppArmor sha1 policy hashing enabled
[    0.654977] ima: No TPM chip found, activating TPM-bypass!
[    0.654981] ima: Allocated hash algorithm: sha1
[    0.654987] ima: No architecture policies found
[    0.654997] evm: Initialising EVM extended attributes:
[    0.654997] evm: security.selinux
[    0.654998] evm: security.SMACK64
[    0.654998] evm: security.SMACK64EXEC
[    0.654999] evm: security.SMACK64TRANSMUTE
[    0.654999] evm: security.SMACK64MMAP
[    0.655000] evm: security.apparmor
[    0.655000] evm: security.ima
[    0.655001] evm: security.capability
[    0.655001] evm: HMAC attrs: 0x1
[    0.655304] PM:   Magic number: 10:272:932
[    0.655426] rtc_cmos rtc_cmos: setting system clock to 2026-01-18T10:55:40 UTC (1768733740)
[    0.812216] ata1.00: ATA-6: VBOX HARDDISK, 1.0, max UDMA/133
[    0.812220] ata1.00: 209715200 sectors, multi 128: LBA 
[    0.812890] scsi 0:0:0:0: Direct-Access     ATA      VBOX HARDDISK    1.0  PQ: 0 ANSI: 5
[    0.813185] sd 0:0:0:0: [sda] 209715200 512-byte logical blocks: (107 GB/100 GiB)
[    0.813198] sd 0:0:0:0: [sda] Write Protect is off
[    0.813202] sd 0:0:0:0: [sda] Mode Sense: 00 3a 00 00
[    0.813222] sd 0:0:0:0: [sda] Write cache: enabled, read cache: enabled, doesn't support DPO or FUA
[    0.813549] sd 0:0:0:0: Attached scsi generic sg0 type 0
[    0.814518]  sda: sda1 sda2
[    0.823244] sd 0:0:0:0: [sda] Attached SCSI disk
[    0.826583] Freeing unused decrypted memory: 2040K
[    0.827590] Freeing unused kernel image memory: 2728K
[    0.827594] Write protecting the kernel read-only data: 22528k
[    0.828617] Freeing unused kernel image memory: 2036K
[    0.829184] Freeing unused kernel image memory: 1432K
[    0.856081] x86/mm: Checked W+X mappings: passed, no W+X pages found.
[    0.856087] Run /init as init process
[    0.960215] ACPI: Video Device [GFX0] (multi-head: yes  rom: no  post: no)
[    0.960289] input: Video Bus as /devices/LNXSYSTM:00/LNXSYBUS:00/PNP0A03:00/LNXVIDEO:00/input/input4
[    0.971612] pcnet32: pcnet32.c:v1.35 21.Apr.2008 tsbogend@alpha.franken.de
[    0.974955] piix4_smbus 0000:00:07.0: SMBus Host Controller at 0x4100, revision 0
[    0.978075] e1000: Intel(R) PRO/1000 Network Driver - version 7.3.21-k8-NAPI
[    0.978076] e1000: Copyright (c) 1999-2006 Intel Corporation.
[    0.982553] pcnet32: PCnet/FAST III 79C973 at 0xd020, 08:00:27:93:bc:ed assigned IRQ 19
[    0.982600] pcnet32: Found PHY 0022:561b at address 0
[    0.982914] pcnet32: eth0: registered as PCnet/FAST III 79C973
[    0.991907] pcnet32: 1 cards_found
[    1.050406] pcnet32 0000:00:03.0 enp0s3: renamed from eth0
[    1.193219] input: ImExPS/2 Generic Explorer Mouse as /devices/platform/i8042/serio1/input/input5
[    1.387548] e1000 0000:00:08.0 eth0: (PCI:33MHz:32-bit) 08:00:27:3a:9e:2d
[    1.387551] e1000 0000:00:08.0 eth0: Intel(R) PRO/1000 Network Connection
[    1.759649] e1000 0000:00:09.0 eth1: (PCI:33MHz:32-bit) 08:00:27:4a:3e:23
[    1.759652] e1000 0000:00:09.0 eth1: Intel(R) PRO/1000 Network Connection
[    1.760800] e1000 0000:00:09.0 enp0s9: renamed from eth1
[    1.762585] e1000 0000:00:08.0 enp0s8: renamed from eth0
[    1.914493] EXT4-fs (sda2): mounted filesystem with ordered data mode. Opts: (null)
[    1.996054] systemd[1]: Inserted module 'autofs4'
[    2.004938] systemd[1]: systemd 245.4-4ubuntu3 running in system mode. (+PAM +AUDIT +SELINUX +IMA +APPARMOR +SMACK +SYSVINIT +UTMP +LIBCRYPTSETUP +GCRYPT +GNUTLS +ACL +XZ +LZ4 +SECCOMP +BLKID +ELFUTILS +KMOD +IDN2 -IDN +PCRE2 default-hierarchy=hybrid)
[    2.004970] systemd[1]: Detected virtualization oracle.
[    2.004974] systemd[1]: Detected architecture x86-64.
[    2.006251] systemd[1]: Set hostname to <ztg>.
[    2.132564] systemd[1]: /lib/systemd/system/dbus.socket:5: ListenStream= references a path below legacy directory /var/run/, updating /var/run/dbus/system_bus_socket â†’ /run/dbus/system_bus_socket; please update the unit file accordingly.
[    2.202579] systemd[1]: Created slice system-modprobe.slice.
[    2.202930] systemd[1]: Created slice User and Session Slice.
[    2.203009] systemd[1]: Started Forward Password Requests to Wall Directory Watch.
[    2.203241] systemd[1]: Set up automount Arbitrary Executable File Formats File System Automount Point.
[    2.203293] systemd[1]: Reached target User and Group Name Lookups.
[    2.203307] systemd[1]: Reached target Remote File Systems.
[    2.203319] systemd[1]: Reached target Slices.
[    2.203967] systemd[1]: Listening on Syslog Socket.
[    2.204072] systemd[1]: Listening on fsck to fsckd communication Socket.
[    2.204130] systemd[1]: Listening on initctl Compatibility Named Pipe.
[    2.204349] systemd[1]: Listening on Journal Audit Socket.
[    2.204433] systemd[1]: Listening on Journal Socket (/dev/log).
[    2.204541] systemd[1]: Listening on Journal Socket.
[    2.204643] systemd[1]: Listening on udev Control Socket.
[    2.204706] systemd[1]: Listening on udev Kernel Socket.
[    2.205864] systemd[1]: Mounting Huge Pages File System...
[    2.207195] systemd[1]: Mounting POSIX Message Queue File System...
[    2.208451] systemd[1]: Mounting Kernel Debug File System...
[    2.210462] systemd[1]: Mounting Kernel Trace File System...
[    2.234799] systemd[1]: Starting Journal Service...
[    2.240712] systemd[1]: Starting Set the console keyboard layout...
[    2.243888] systemd[1]: Starting Create list of static device nodes for the current kernel...
[    2.249007] systemd[1]: Starting Load Kernel Module drm...
[    2.254226] systemd[1]: Condition check resulted in Set Up Additional Binary Formats being skipped.
[    2.256426] systemd[1]: Condition check resulted in File System Check on Root Device being skipped.
[    2.263326] systemd[1]: Starting Load Kernel Modules...
[    2.287151] systemd[1]: Starting Remount Root and Kernel File Systems...
[    2.296308] systemd[1]: Starting udev Coldplug all Devices...
[    2.326396] systemd[1]: Starting Uncomplicated firewall...
[    2.328213] systemd[1]: Mounted Huge Pages File System.
[    2.328357] systemd[1]: Mounted POSIX Message Queue File System.
[    2.328486] systemd[1]: Mounted Kernel Debug File System.
[    2.328616] systemd[1]: Mounted Kernel Trace File System.
[    2.330327] systemd[1]: Finished Create list of static device nodes for the current kernel.
[    2.330692] systemd[1]: modprobe@drm.service: Succeeded.
[    2.331948] EXT4-fs (sda2): re-mounted. Opts: errors=remount-ro
[    2.337108] systemd[1]: Finished Load Kernel Module drm.
[    2.345630] systemd[1]: Finished Remount Root and Kernel File Systems.
[    2.364335] systemd[1]: Finished Uncomplicated firewall.
[    2.366111] lp: driver loaded but no devices found
[    2.367398] systemd[1]: Condition check resulted in Rebuild Hardware Database being skipped.
[    2.367436] systemd[1]: Condition check resulted in Platform Persistent Storage Archival being skipped.
[    2.368181] systemd[1]: Starting Load/Save Random Seed...
[    2.375170] systemd[1]: Starting Create System Users...
[    2.382169] ppdev: user-space parallel port driver
[    2.386797] systemd[1]: Finished Load/Save Random Seed.
[    2.394413] systemd[1]: Finished Create System Users.
[    2.395270] systemd[1]: Starting Create Static Device Nodes in /dev...
[    2.443694] systemd[1]: Finished Create Static Device Nodes in /dev.
[    2.444644] systemd[1]: Starting udev Kernel Device Manager...
[    2.457761] systemd[1]: Finished udev Coldplug all Devices.
[    2.466549] [drm] DMA map mode: Caching DMA mappings.
[    2.466612] [drm] Capabilities:
[    2.466613] [drm]   Rect copy.
[    2.466613] [drm]   Cursor.
[    2.466613] [drm]   Cursor bypass.
[    2.466614] [drm]   Cursor bypass 2.
[    2.466614] [drm]   Alpha cursor.
[    2.466614] [drm]   Extended Fifo.
[    2.466615] [drm]   Pitchlock.
[    2.466615] [drm]   Irq mask.
[    2.466615] [drm]   GMR.
[    2.466616] [drm]   Traces.
[    2.466616] [drm]   GMR2.
[    2.466616] [drm]   Screen Object 2.
[    2.466617] [drm]   Command Buffers.
[    2.466617] [drm]   Command Buffers 2.
[    2.466617] [drm]   Guest Backed Resources.
[    2.466618] [drm] Max GMR ids is 8192
[    2.466619] [drm] Max number of GMR pages is 1048576
[    2.466619] [drm] Max dedicated hypervisor surface memory is 393216 kiB
[    2.466620] [drm] Maximum display memory size is 131072 kiB
[    2.466621] [drm] VRAM at 0xe0000000 size is 131072 kiB
[    2.466621] [drm] MMIO at 0xf0000000 size is 2048 kiB
[    2.467827] [TTM] Zone  kernel: Available graphics memory: 1011738 KiB
[    2.467828] [TTM] Initializing pool allocator
[    2.467832] [TTM] Initializing DMA pool allocator
[    2.467860] [drm] Supports vblank timestamp caching Rev 2 (21.10.2013).
[    2.467860] [drm] No driver support for vblank timestamp query.
[    2.468115] [drm] Screen Target Display device initialized
[    2.468324] [drm] width 720
[    2.468333] [drm] height 400
[    2.468336] [drm] bpp 32
[    2.468845] [drm] Fifo max 0x00200000 min 0x00001000 cap 0x00000355
[    2.469927] [drm] Using command buffers with DMA pool.
[    2.469930] [drm] DX: no.
[    2.469931] [drm] Atomic: yes.
[    2.469931] [drm] SM4_1: no.
[    2.469950] [drm:vmw_host_log [vmwgfx]] *ERROR* Failed to send host log message.
[    2.470865] [drm:vmw_host_log [vmwgfx]] *ERROR* Failed to send host log message.
[    2.492038] fbcon: svgadrmfb (fb0) is primary device
[    2.494158] Console: switching to colour frame buffer device 100x37
[    2.507492] [drm] Initialized vmwgfx 2.15.0 20180704 for 0000:00:02.0 on minor 0
[    2.508664] systemd[1]: Finished Load Kernel Modules.
[    2.509641] systemd[1]: Mounting FUSE Control File System...
[    2.510527] systemd[1]: Mounting Kernel Configuration File System...
[    2.521877] systemd[1]: Starting Apply Kernel Variables...
[    2.524962] systemd[1]: Mounted FUSE Control File System.
[    2.525040] systemd[1]: Condition check resulted in VMware vmblock fuse mount being skipped.
[    2.535798] systemd[1]: Mounted Kernel Configuration File System.
[    2.551871] systemd[1]: Finished Set the console keyboard layout.
[    2.551966] systemd[1]: Reached target Local File Systems (Pre).
[    2.553839] systemd[1]: Mounting Mount unit for bare, revision 5...
[    2.555796] systemd[1]: Mounting Mount unit for core18, revision 1705...
[    2.563936] systemd[1]: Mounting Mount unit for gnome-3-34-1804, revision 24...
[    2.593889] systemd[1]: Mounting Mount unit for gtk-common-themes, revision 1506...
[    2.602416] systemd[1]: Mounting Mount unit for gtk-common-themes, revision 1535...
[    2.604175] systemd[1]: Mounting Mount unit for snap-store, revision 433...
[    2.614799] systemd[1]: Mounting Mount unit for snapd, revision 25935...
[    2.620800] systemd[1]: Finished Apply Kernel Variables.
[    2.639898] systemd[1]: Mounted Mount unit for bare, revision 5.
[    2.639990] systemd[1]: Mounted Mount unit for core18, revision 1705.
[    2.640067] systemd[1]: Mounted Mount unit for gnome-3-34-1804, revision 24.
[    2.643351] systemd[1]: Started udev Kernel Device Manager.
[    2.644061] systemd[1]: Starting Show Plymouth Boot Screen...
[    2.648683] systemd[1]: Received SIGRTMIN+20 from PID 274 (plymouthd).
[    2.656549] systemd[1]: Mounted Mount unit for gtk-common-themes, revision 1506.
[    2.675255] systemd[1]: Started Show Plymouth Boot Screen.
[    2.675409] systemd[1]: Condition check resulted in Dispatch Password Requests to Console Directory Watch being skipped.
[    2.675505] systemd[1]: Started Forward Password Requests to Plymouth Directory Watch.
[    2.675534] systemd[1]: Reached target Local Encrypted Volumes.
[    2.712433] systemd[1]: Mounted Mount unit for gtk-common-themes, revision 1535.
[    2.712682] systemd[1]: Mounted Mount unit for snapd, revision 25935.
[    2.744606] systemd[1]: Mounted Mount unit for snap-store, revision 433.
[    2.744823] systemd[1]: Reached target Local File Systems.
[    2.745681] systemd[1]: Starting Load AppArmor profiles...
[    2.748503] systemd[1]: Starting Set console font and keymap...
[    2.757599] systemd[1]: Starting Tell Plymouth To Write Out Runtime Data...
[    2.761632] systemd[1]: Condition check resulted in Store a System Token in an EFI Variable being skipped.
[    2.761687] systemd[1]: Condition check resulted in Commit a transient machine-id on disk being skipped.
[    2.765564] systemd[1]: Finished Set console font and keymap.
[    2.774316] systemd[1]: Received SIGRTMIN+20 from PID 274 (plymouthd).
[    2.775574] systemd[1]: plymouth-read-write.service: Succeeded.
[    2.775804] systemd[1]: Finished Tell Plymouth To Write Out Runtime Data.
[    2.810786] audit: type=1400 audit(1768733742.648:2): apparmor="STATUS" operation="profile_load" profile="unconfined" name="nvidia_modprobe" pid=300 comm="apparmor_parser"
[    2.810789] audit: type=1400 audit(1768733742.648:3): apparmor="STATUS" operation="profile_load" profile="unconfined" name="nvidia_modprobe//kmod" pid=300 comm="apparmor_parser"
[    2.817672] audit: type=1400 audit(1768733742.656:4): apparmor="STATUS" operation="profile_load" profile="unconfined" name="/usr/sbin/tcpdump" pid=301 comm="apparmor_parser"
[    2.847475] audit: type=1400 audit(1768733742.680:5): apparmor="STATUS" operation="profile_load" profile="unconfined" name="/usr/bin/evince" pid=303 comm="apparmor_parser"
[    2.847477] audit: type=1400 audit(1768733742.680:6): apparmor="STATUS" operation="profile_load" profile="unconfined" name="/usr/bin/evince//sanitized_helper" pid=303 comm="apparmor_parser"
[    2.847478] audit: type=1400 audit(1768733742.680:7): apparmor="STATUS" operation="profile_load" profile="unconfined" name="/usr/bin/evince-previewer" pid=303 comm="apparmor_parser"
[    2.847480] audit: type=1400 audit(1768733742.680:8): apparmor="STATUS" operation="profile_load" profile="unconfined" name="/usr/bin/evince-previewer//sanitized_helper" pid=303 comm="apparmor_parser"
[    2.847481] audit: type=1400 audit(1768733742.680:9): apparmor="STATUS" operation="profile_load" profile="unconfined" name="/usr/bin/evince-thumbnailer" pid=303 comm="apparmor_parser"
[    2.863976] audit: type=1400 audit(1768733742.700:10): apparmor="STATUS" operation="profile_load" profile="unconfined" name="/usr/lib/cups/backend/cups-pdf" pid=304 comm="apparmor_parser"
[    2.942659] systemd[1]: Finished Load AppArmor profiles.
[    2.943654] systemd[1]: Starting Load AppArmor profiles managed internally by snapd...
[    3.054649] systemd[1]: Finished Load AppArmor profiles managed internally by snapd.
[    3.222468] systemd[1]: Started Journal Service.
[    3.232270] systemd-journald[229]: Received client request to flush runtime journal.
[    3.235203] systemd-journald[229]: File /var/log/journal/c455b248004a419c87ce85eea238d727/system.journal corrupted or uncleanly shut down, renaming and replacing.
[    4.538438] RAPL PMU: API unit is 2^-32 Joules, 0 fixed counters, 10737418240 ms ovfl timer
[    4.612271] cryptd: max_cpu_qlen set to 1000
[    4.660386] AVX2 version of gcm_enc/dec engaged.
[    4.660387] AES CTR mode by8 optimization enabled
[    6.441863] Adding 1998844k swap on /dev/sda1.  Priority:-2 extents:1 across:1998844k FS
[    8.171827] kauditd_printk_skb: 30 callbacks suppressed
[    8.171828] audit: type=1400 audit(1768733748.012:41): apparmor="DENIED" operation="capable" profile="/usr/sbin/cups-browsed" pid=507 comm="cups-browsed" capability=23  capname="sys_nice"
[    9.025829] pcnet32 0000:00:03.0 enp0s3: link up, 100Mbps, full-duplex
[    9.065463] e1000: enp0s8 NIC Link is Up 1000 Mbps Full Duplex, Flow Control: RX
[    9.065762] IPv6: ADDRCONF(NETDEV_CHANGE): enp0s8: link becomes ready
[    9.084825] e1000: enp0s9 NIC Link is Up 1000 Mbps Full Duplex, Flow Control: RX
[    9.085115] IPv6: ADDRCONF(NETDEV_CHANGE): enp0s9: link becomes ready
[    9.797006] device enp0s3 entered promiscuous mode
[    9.822042] audit: type=1400 audit(1768733749.660:42): apparmor="DENIED" operation="open" profile="/usr/sbin/tcpdump" name="/proc/sys/kernel/random/boot_id" pid=664 comm="tcpdump" requested_mask="r" denied_mask="r" fsuid=0 ouid=0
[    9.822251] audit: type=1400 audit(1768733749.660:43): apparmor="DENIED" operation="open" profile="/usr/sbin/tcpdump" name="/proc/sys/kernel/random/boot_id" pid=664 comm="tcpdump" requested_mask="r" denied_mask="r" fsuid=0 ouid=0
[    9.822302] audit: type=1400 audit(1768733749.660:44): apparmor="DENIED" operation="open" profile="/usr/sbin/tcpdump" name="/proc/sys/kernel/random/boot_id" pid=664 comm="tcpdump" requested_mask="r" denied_mask="r" fsuid=0 ouid=0
[    9.822357] audit: type=1400 audit(1768733749.660:45): apparmor="DENIED" operation="open" profile="/usr/sbin/tcpdump" name="/proc/sys/kernel/random/boot_id" pid=664 comm="tcpdump" requested_mask="r" denied_mask="r" fsuid=0 ouid=0
[    9.832272] audit: type=1400 audit(1768733749.672:46): apparmor="DENIED" operation="open" profile="/usr/sbin/tcpdump" name="/proc/sys/kernel/random/boot_id" pid=665 comm="tcpdump" requested_mask="r" denied_mask="r" fsuid=0 ouid=0
[    9.832435] audit: type=1400 audit(1768733749.672:47): apparmor="DENIED" operation="open" profile="/usr/sbin/tcpdump" name="/proc/sys/kernel/random/boot_id" pid=665 comm="tcpdump" requested_mask="r" denied_mask="r" fsuid=0 ouid=0
[    9.832529] audit: type=1400 audit(1768733749.672:48): apparmor="DENIED" operation="open" profile="/usr/sbin/tcpdump" name="/proc/sys/kernel/random/boot_id" pid=665 comm="tcpdump" requested_mask="r" denied_mask="r" fsuid=0 ouid=0
[    9.834182] audit: type=1400 audit(1768733749.672:49): apparmor="DENIED" operation="open" profile="/usr/sbin/tcpdump" name="/proc/sys/kernel/random/boot_id" pid=665 comm="tcpdump" requested_mask="r" denied_mask="r" fsuid=0 ouid=0
[   15.694968] rfkill: input handler disabled
[  214.063776] AAAAA-TCP_FORW: name:enp0s3: saddr:100932208: daddr:16783984
[  365.793525] AAAAA-TCP_FORW: name:enp0s3: saddr:100932208: daddr:33561200
[  365.882845] AAAAA-TCP_FORW: name:enp0s3: saddr:100932208: daddr:33561200
[  366.380111] AAAAA-TCP_FORW: name:enp0s3: saddr:100932208: daddr:33561200
[  366.506748] AAAAA-TCP_FORW: name:enp0s3: saddr:100932208: daddr:33561200
[  366.914523] AAAAA-TCP_FORW: name:enp0s3: saddr:100932208: daddr:33561200
[  366.982312] AAAAA-TCP_FORW: name:enp0s3: saddr:100932208: daddr:33561200
[  367.099394] AAAAA-TCP_FORW: name:enp0s3: saddr:100932208: daddr:33561200
[  367.177476] AAAAA-TCP_FORW: name:enp0s3: saddr:100932208: daddr:33561200
[  367.267495] AAAAA-TCP_FORW: name:enp0s3: saddr:100932208: daddr:33561200
[  367.383135] AAAAA-TCP_FORW: name:enp0s3: saddr:100932208: daddr:33561200
[  367.521183] AAAAA-TCP_FORW: name:enp0s3: saddr:100932208: daddr:33561200
[  367.683437] AAAAA-TCP_FORW: name:enp0s3: saddr:100932208: daddr:33561200
[  368.377351] AAAAA-TCP_FORW: name:enp0s3: saddr:100932208: daddr:33561200
[  368.584480] AAAAA-TCP_FORW: name:enp0s3: saddr:100932208: daddr:33561200
[  524.758292] rfkill: input handler enabled
[  536.943130] [drm:drm_atomic_helper_wait_for_dependencies [drm_kms_helper]] *ERROR* [CRTC:38:crtc-0] flip_done timed out
[  547.183107] [drm:drm_atomic_helper_wait_for_dependencies [drm_kms_helper]] *ERROR* [PLANE:34:plane-0] flip_done timed out
[  556.335581] rfkill: input handler disabled
[  708.597930] device enp0s3 left promiscuous mode
