[    0.000000] Linux version 5.4.243-mptcp (root@ztg) (gcc version 12.2.0 (Debian 12.2.0-14+deb12u1)) #53 SMP Wed Dec 24 23:28:15 CST 2025
[    0.000000] Command line: BOOT_IMAGE=/boot/vmlinuz-5.4.243-mptcp root=UUID=98415a12-53b7-4144-8265-0f7ece09e445 ro quiet splash
[    0.000000] KERNEL supported cpus:
[    0.000000]   Intel GenuineIntel
[    0.000000]   AMD AuthenticAMD
[    0.000000]   Hygon HygonGenuine
[    0.000000]   Centaur CentaurHauls
[    0.000000]   zhaoxin   Shanghai  
[    0.000000] x86/fpu: Supporting XSAVE feature 0x001: 'x87 floating point registers'
[    0.000000] x86/fpu: Supporting XSAVE feature 0x002: 'SSE registers'
[    0.000000] x86/fpu: Supporting XSAVE feature 0x004: 'AVX registers'
[    0.000000] x86/fpu: xstate_offset[2]:  576, xstate_sizes[2]:  256
[    0.000000] x86/fpu: Enabled xstate features 0x7, context size is 832 bytes, using 'standard' format.
[    0.000000] BIOS-provided physical RAM map:
[    0.000000] BIOS-e820: [mem 0x0000000000000000-0x000000000009fbff] usable
[    0.000000] BIOS-e820: [mem 0x000000000009fc00-0x000000000009ffff] reserved
[    0.000000] BIOS-e820: [mem 0x00000000000f0000-0x00000000000fffff] reserved
[    0.000000] BIOS-e820: [mem 0x0000000000100000-0x000000007ffeffff] usable
[    0.000000] BIOS-e820: [mem 0x000000007fff0000-0x000000007fffffff] ACPI data
[    0.000000] BIOS-e820: [mem 0x00000000fec00000-0x00000000fec00fff] reserved
[    0.000000] BIOS-e820: [mem 0x00000000fee00000-0x00000000fee00fff] reserved
[    0.000000] BIOS-e820: [mem 0x00000000fffc0000-0x00000000ffffffff] reserved
[    0.000000] NX (Execute Disable) protection: active
[    0.000000] SMBIOS 2.5 present.
[    0.000000] DMI: innotek GmbH VirtualBox/VirtualBox, BIOS VirtualBox 12/01/2006
[    0.000000] Hypervisor detected: KVM
[    0.000000] kvm-clock: Using msrs 4b564d01 and 4b564d00
[    0.000000] kvm-clock: cpu 0, msr 3ee01001, primary cpu clock
[    0.000000] kvm-clock: using sched offset of 4418658233 cycles
[    0.000003] clocksource: kvm-clock: mask: 0xffffffffffffffff max_cycles: 0x1cd42e4dffb, max_idle_ns: 881590591483 ns
[    0.000005] tsc: Detected 2100.000 MHz processor
[    0.001882] e820: update [mem 0x00000000-0x00000fff] usable ==> reserved
[    0.001883] e820: remove [mem 0x000a0000-0x000fffff] usable
[    0.001888] last_pfn = 0x7fff0 max_arch_pfn = 0x400000000
[    0.001955] MTRR default type: uncachable
[    0.001955] MTRR fixed ranges enabled:
[    0.001957]   00000-9FFFF write-back
[    0.001958]   A0000-BFFFF uncachable
[    0.001958]   C0000-FFFFF write-protect
[    0.001959] MTRR variable ranges enabled:
[    0.001960]   0 base 000000000000 mask 3FFF80000000 write-back
[    0.001961]   1 disabled
[    0.001961]   2 disabled
[    0.001962]   3 disabled
[    0.001962]   4 disabled
[    0.001963]   5 disabled
[    0.001963]   6 disabled
[    0.001964]   7 disabled
[    0.001964]   8 disabled
[    0.001964]   9 disabled
[    0.001965]   10 disabled
[    0.001965]   11 disabled
[    0.001966]   12 disabled
[    0.001966]   13 disabled
[    0.001967]   14 disabled
[    0.001967]   15 disabled
[    0.001983] x86/PAT: Configuration [0-7]: WB  WC  UC- UC  WB  WP  UC- WT  
[    0.002118] found SMP MP-table at [mem 0x0009fff0-0x0009ffff]
[    0.091962] check: Scanning 1 areas for low memory corruption
[    0.092211] RAMDISK: [mem 0x32271000-0x3512ffff]
[    0.092219] ACPI: Early table checksum verification disabled
[    0.092223] ACPI: RSDP 0x00000000000E0000 000024 (v02 VBOX  )
[    0.092227] ACPI: XSDT 0x000000007FFF0030 00003C (v01 VBOX   VBOXXSDT 00000001 ASL  00000061)
[    0.092233] ACPI: FACP 0x000000007FFF00F0 0000F4 (v04 VBOX   VBOXFACP 00000001 ASL  00000061)
[    0.092240] ACPI: DSDT 0x000000007FFF02E0 002353 (v02 VBOX   VBOXBIOS 00000002 VBOX 00029BF3)
[    0.092244] ACPI: FACS 0x000000007FFF0200 000040
[    0.092247] ACPI: FACS 0x000000007FFF0200 000040
[    0.092251] ACPI: APIC 0x000000007FFF0240 000054 (v02 VBOX   VBOXAPIC 00000001 ASL  00000061)
[    0.092254] ACPI: SSDT 0x000000007FFF02A0 000038 (v01 VBOX   VBOXCPUT 00000002 VBOX 00029BF3)
[    0.092257] ACPI: Reserving FACP table memory at [mem 0x7fff00f0-0x7fff01e3]
[    0.092258] ACPI: Reserving DSDT table memory at [mem 0x7fff02e0-0x7fff2632]
[    0.092259] ACPI: Reserving FACS table memory at [mem 0x7fff0200-0x7fff023f]
[    0.092260] ACPI: Reserving FACS table memory at [mem 0x7fff0200-0x7fff023f]
[    0.092260] ACPI: Reserving APIC table memory at [mem 0x7fff0240-0x7fff0293]
[    0.092261] ACPI: Reserving SSDT table memory at [mem 0x7fff02a0-0x7fff02d7]
[    0.092276] ACPI: Local APIC address 0xfee00000
[    0.092460] No NUMA configuration found
[    0.092461] Faking a node at [mem 0x0000000000000000-0x000000007ffeffff]
[    0.092471] NODE_DATA(0) allocated [mem 0x7ffc5000-0x7ffeffff]
[    0.092731] Zone ranges:
[    0.092731]   DMA      [mem 0x0000000000001000-0x0000000000ffffff]
[    0.092733]   DMA32    [mem 0x0000000001000000-0x000000007ffeffff]
[    0.092733]   Normal   empty
[    0.092734]   Device   empty
[    0.092735] Movable zone start for each node
[    0.092737] Early memory node ranges
[    0.092738]   node   0: [mem 0x0000000000001000-0x000000000009efff]
[    0.092738]   node   0: [mem 0x0000000000100000-0x000000007ffeffff]
[    0.092741] Zeroed struct page in unavailable ranges: 114 pages
[    0.092742] Initmem setup node 0 [mem 0x0000000000001000-0x000000007ffeffff]
[    0.092743] On node 0 totalpages: 524174
[    0.092745]   DMA zone: 64 pages used for memmap
[    0.092745]   DMA zone: 21 pages reserved
[    0.092746]   DMA zone: 3998 pages, LIFO batch:0
[    0.092818]   DMA32 zone: 8128 pages used for memmap
[    0.092818]   DMA32 zone: 520176 pages, LIFO batch:63
[    0.101678] ACPI: PM-Timer IO Port: 0x4008
[    0.101681] ACPI: Local APIC address 0xfee00000
[    0.101744] IOAPIC[0]: apic_id 1, version 32, address 0xfec00000, GSI 0-23
[    0.101748] ACPI: INT_SRC_OVR (bus 0 bus_irq 0 global_irq 2 dfl dfl)
[    0.101749] ACPI: INT_SRC_OVR (bus 0 bus_irq 9 global_irq 9 low level)
[    0.101751] ACPI: IRQ0 used by override.
[    0.101752] ACPI: IRQ9 used by override.
[    0.101754] Using ACPI (MADT) for SMP configuration information
[    0.101760] smpboot: Allowing 1 CPUs, 0 hotplug CPUs
[    0.101781] PM: Registered nosave memory: [mem 0x00000000-0x00000fff]
[    0.101782] PM: Registered nosave memory: [mem 0x0009f000-0x0009ffff]
[    0.101783] PM: Registered nosave memory: [mem 0x000a0000-0x000effff]
[    0.101783] PM: Registered nosave memory: [mem 0x000f0000-0x000fffff]
[    0.101785] [mem 0x80000000-0xfebfffff] available for PCI devices
[    0.101785] Booting paravirtualized kernel on KVM
[    0.101788] clocksource: refined-jiffies: mask: 0xffffffff max_cycles: 0xffffffff, max_idle_ns: 7645519600211568 ns
[    0.101792] setup_percpu: NR_CPUS:8192 nr_cpumask_bits:1 nr_cpu_ids:1 nr_node_ids:1
[    0.102809] percpu: Embedded 60 pages/cpu s208896 r8192 d28672 u2097152
[    0.102813] pcpu-alloc: s208896 r8192 d28672 u2097152 alloc=1*2097152
[    0.102814] pcpu-alloc: [0] 0 
[    0.102839] Built 1 zonelists, mobility grouping on.  Total pages: 515961
[    0.102839] Policy zone: DMA32
[    0.102841] Kernel command line: BOOT_IMAGE=/boot/vmlinuz-5.4.243-mptcp root=UUID=98415a12-53b7-4144-8265-0f7ece09e445 ro quiet splash
[    0.103688] Dentry cache hash table entries: 262144 (order: 9, 2097152 bytes, linear)
[    0.103834] Inode-cache hash table entries: 131072 (order: 8, 1048576 bytes, linear)
[    0.103882] mem auto-init: stack:off, heap alloc:on, heap free:off
[    0.103885] Calgary: detecting Calgary via BIOS EBDA area
[    0.103886] Calgary: Unable to locate Rio Grande table in EBDA - bailing!
[    0.107961] Memory: 1967332K/2096696K available (14339K kernel code, 2398K rwdata, 4712K rodata, 2728K init, 17260K bss, 129364K reserved, 0K cma-reserved)
[    0.108889] SLUB: HWalign=64, Order=0-3, MinObjects=0, CPUs=1, Nodes=1
[    0.108905] ftrace: allocating 43186 entries in 169 pages
[    0.126957] rcu: Hierarchical RCU implementation.
[    0.126959] rcu: 	RCU restricting CPUs from NR_CPUS=8192 to nr_cpu_ids=1.
[    0.126960] 	Tasks RCU enabled.
[    0.126961] rcu: RCU calculated value of scheduler-enlistment delay is 25 jiffies.
[    0.126961] rcu: Adjusting geometry for rcu_fanout_leaf=16, nr_cpu_ids=1
[    0.129918] NR_IRQS: 524544, nr_irqs: 256, preallocated irqs: 16
[    0.130124] random: crng init done
[    0.139385] Console: colour VGA+ 80x25
[    0.139389] printk: console [tty0] enabled
[    0.139406] ACPI: Core revision 20190816
[    0.139513] APIC: Switch to symmetric I/O mode setup
[    0.139764] x2apic enabled
[    0.140000] Switched APIC routing to physical x2apic.
[    0.141130] ..TIMER: vector=0x30 apic1=0 pin1=2 apic2=-1 pin2=-1
[    0.141157] clocksource: tsc-early: mask: 0xffffffffffffffff max_cycles: 0x1e4530a99b6, max_idle_ns: 440795257976 ns
[    0.141162] Calibrating delay loop (skipped) preset value.. 4200.00 BogoMIPS (lpj=8400000)
[    0.141164] pid_max: default: 32768 minimum: 301
[    0.141191] LSM: Security Framework initializing
[    0.141200] Yama: becoming mindful.
[    0.141224] AppArmor: AppArmor initialized
[    0.141257] Mount-cache hash table entries: 4096 (order: 3, 32768 bytes, linear)
[    0.141261] Mountpoint-cache hash table entries: 4096 (order: 3, 32768 bytes, linear)
[    0.141272] *** VALIDATE tmpfs ***
[    0.141398] *** VALIDATE proc ***
[    0.141436] *** VALIDATE cgroup1 ***
[    0.141437] *** VALIDATE cgroup2 ***
[    0.141576] process: using mwait in idle threads
[    0.141581] Last level iTLB entries: 4KB 64, 2MB 8, 4MB 8
[    0.141582] Last level dTLB entries: 4KB 64, 2MB 0, 4MB 0, 1GB 4
[    0.141603] Spectre V1 : Mitigation: usercopy/swapgs barriers and __user pointer sanitization
[    0.141608] Spectre V2 : Mitigation: Retpolines
[    0.141609] Spectre V2 : Spectre v2 / SpectreRSB mitigation: Filling RSB on context switch
[    0.141609] Spectre V2 : Spectre v2 / SpectreRSB : Filling RSB on VMEXIT
[    0.141610] RETBleed: WARNING: Spectre v2 mitigation leaves CPU vulnerable to RETBleed attacks, data leaks possible!
[    0.141965] RETBleed: Vulnerable
[    0.141965] Speculative Store Bypass: Vulnerable
[    0.141970] TAA: Mitigation: TSX disabled
[    0.141970] MMIO Stale Data: Mitigation: Clear CPU buffers
[    0.146110] Freeing SMP alternatives memory: 40K
[    0.257767] smpboot: CPU0: Intel(R) Xeon(R) Silver 4216 CPU @ 2.10GHz (family: 0x6, model: 0x55, stepping: 0x7)
[    0.257878] Performance Events: unsupported p6 CPU model 85 no PMU driver, software events only.
[    0.257911] rcu: Hierarchical SRCU implementation.
[    0.258379] NMI watchdog: Perf NMI watchdog permanently disabled
[    0.258414] smp: Bringing up secondary CPUs ...
[    0.258415] smp: Brought up 1 node, 1 CPU
[    0.258416] smpboot: Max logical packages: 1
[    0.258417] smpboot: Total of 1 processors activated (4200.00 BogoMIPS)
[    0.259367] devtmpfs: initialized
[    0.259410] x86/mm: Memory block size: 128MB
[    0.259739] clocksource: jiffies: mask: 0xffffffff max_cycles: 0xffffffff, max_idle_ns: 7645041785100000 ns
[    0.259744] futex hash table entries: 256 (order: 2, 16384 bytes, linear)
[    0.259784] pinctrl core: initialized pinctrl subsystem
[    0.259880] PM: RTC time: 17:41:15, date: 2026-01-17
[    0.259979] NET: Registered protocol family 16
[    0.260052] audit: initializing netlink subsys (disabled)
[    0.260189] EISA bus registered
[    0.260191] cpuidle: using governor ladder
[    0.260191] cpuidle: using governor menu
[    0.260226] ACPI: bus type PCI registered
[    0.260227] acpiphp: ACPI Hot Plug PCI Controller Driver version: 0.5
[    0.260325] PCI: Using configuration type 1 for base access
[    0.261328] audit: type=2000 audit(1768642881.259:1): state=initialized audit_enabled=0 res=1
[    0.261405] HugeTLB registered 2.00 MiB page size, pre-allocated 0 pages
[    0.262188] ACPI: Added _OSI(Module Device)
[    0.262189] ACPI: Added _OSI(Processor Device)
[    0.262190] ACPI: Added _OSI(3.0 _SCP Extensions)
[    0.262190] ACPI: Added _OSI(Processor Aggregator Device)
[    0.262191] ACPI: Added _OSI(Linux-Dell-Video)
[    0.262192] ACPI: Added _OSI(Linux-Lenovo-NV-HDMI-Audio)
[    0.262193] ACPI: Added _OSI(Linux-HPI-Hybrid-Graphics)
[    0.264138] ACPI: 2 ACPI AML tables successfully acquired and loaded
[    0.265771] ACPI: Interpreter enabled
[    0.265780] ACPI: (supports S0 S5)
[    0.265781] ACPI: Using IOAPIC for interrupt routing
[    0.265986] PCI: Using host bridge windows from ACPI; if necessary, use "pci=nocrs" and report a bug
[    0.266091] ACPI: Enabled 2 GPEs in block 00 to 07
[    0.270947] ACPI: PCI Root Bridge [PCI0] (domain 0000 [bus 00-ff])
[    0.270952] acpi PNP0A03:00: _OSC: OS supports [ASPM ClockPM Segments MSI HPX-Type3]
[    0.271394] acpi PNP0A03:00: _OSC: not requesting OS control; OS requires [ExtendedConfig ASPM ClockPM MSI]
[    0.271402] acpi PNP0A03:00: fail to add MMCONFIG information, can't access extended PCI configuration space under this bridge.
[    0.271783] PCI host bridge to bus 0000:00
[    0.271785] pci_bus 0000:00: root bus resource [io  0x0000-0x0cf7 window]
[    0.271786] pci_bus 0000:00: root bus resource [io  0x0d00-0xffff window]
[    0.271787] pci_bus 0000:00: root bus resource [mem 0x000a0000-0x000bffff window]
[    0.271788] pci_bus 0000:00: root bus resource [mem 0x80000000-0xfdffffff window]
[    0.271790] pci_bus 0000:00: root bus resource [bus 00-ff]
[    0.271829] pci 0000:00:00.0: [8086:1237] type 00 class 0x060000
[    0.272754] pci 0000:00:01.0: [8086:7000] type 00 class 0x060100
[    0.273483] pci 0000:00:01.1: [8086:7111] type 00 class 0x01018a
[    0.273862] pci 0000:00:01.1: reg 0x20: [io  0xd000-0xd00f]
[    0.274018] pci 0000:00:01.1: legacy IDE quirk: reg 0x10: [io  0x01f0-0x01f7]
[    0.274019] pci 0000:00:01.1: legacy IDE quirk: reg 0x14: [io  0x03f6]
[    0.274020] pci 0000:00:01.1: legacy IDE quirk: reg 0x18: [io  0x0170-0x0177]
[    0.274021] pci 0000:00:01.1: legacy IDE quirk: reg 0x1c: [io  0x0376]
[    0.274553] pci 0000:00:02.0: [15ad:0405] type 00 class 0x030000
[    0.277238] pci 0000:00:02.0: reg 0x10: [io  0xd010-0xd01f]
[    0.281207] pci 0000:00:02.0: reg 0x14: [mem 0xe0000000-0xe7ffffff pref]
[    0.283767] pci 0000:00:02.0: reg 0x18: [mem 0xf0000000-0xf01fffff]
[    0.293807] pci 0000:00:03.0: [1022:2000] type 00 class 0x020000
[    0.294481] pci 0000:00:03.0: reg 0x10: [io  0xd020-0xd03f]
[    0.295096] pci 0000:00:03.0: reg 0x14: [mem 0xf0200000-0xf0200fff]
[    0.299075] pci 0000:00:04.0: [80ee:cafe] type 00 class 0x088000
[    0.299752] pci 0000:00:04.0: reg 0x10: [io  0xd040-0xd05f]
[    0.300377] pci 0000:00:04.0: reg 0x14: [mem 0xf0400000-0xf07fffff]
[    0.300990] pci 0000:00:04.0: reg 0x18: [mem 0xf0800000-0xf0803fff pref]
[    0.304220] pci 0000:00:07.0: [8086:7113] type 00 class 0x068000
[    0.304773] pci 0000:00:07.0: quirk: [io  0x4000-0x403f] claimed by PIIX4 ACPI
[    0.304784] pci 0000:00:07.0: quirk: [io  0x4100-0x410f] claimed by PIIX4 SMB
[    0.305197] pci 0000:00:08.0: [1022:2000] type 00 class 0x020000
[    0.305868] pci 0000:00:08.0: reg 0x10: [io  0xd060-0xd07f]
[    0.306482] pci 0000:00:08.0: reg 0x14: [mem 0xf0804000-0xf0804fff]
[    0.310544] pci 0000:00:09.0: [8086:100e] type 00 class 0x020000
[    0.311252] pci 0000:00:09.0: reg 0x10: [mem 0xf0820000-0xf083ffff]
[    0.312470] pci 0000:00:09.0: reg 0x18: [io  0xd080-0xd087]
[    0.322104] ACPI: PCI Interrupt Link [LNKA] (IRQs 5 9 10 *11)
[    0.322385] ACPI: PCI Interrupt Link [LNKB] (IRQs 5 9 *10 11)
[    0.322489] ACPI: PCI Interrupt Link [LNKC] (IRQs 5 *9 10 11)
[    0.322591] ACPI: PCI Interrupt Link [LNKD] (IRQs 5 9 10 *11)
[    0.322820] iommu: Default domain type: Translated 
[    0.322875] pci 0000:00:02.0: vgaarb: setting as boot VGA device
[    0.322877] pci 0000:00:02.0: vgaarb: VGA device added: decodes=io+mem,owns=io+mem,locks=none
[    0.322878] pci 0000:00:02.0: vgaarb: bridge control possible
[    0.322879] vgaarb: loaded
[    0.323070] SCSI subsystem initialized
[    0.323098] libata version 3.00 loaded.
[    0.323121] ACPI: bus type USB registered
[    0.323137] usbcore: registered new interface driver usbfs
[    0.323142] usbcore: registered new interface driver hub
[    0.323147] usbcore: registered new device driver usb
[    0.323174] pps_core: LinuxPPS API ver. 1 registered
[    0.323174] pps_core: Software ver. 5.3.6 - Copyright 2005-2007 Rodolfo Giometti <giometti@linux.it>
[    0.323176] PTP clock support registered
[    0.323211] EDAC MC: Ver: 3.0.0
[    0.323492] PCI: Using ACPI for IRQ routing
[    0.323493] PCI: pci_cache_line_size set to 64 bytes
[    0.323661] e820: reserve RAM buffer [mem 0x0009fc00-0x0009ffff]
[    0.323665] e820: reserve RAM buffer [mem 0x7fff0000-0x7fffffff]
[    0.325949] NetLabel: Initializing
[    0.325949] NetLabel:  domain hash size = 128
[    0.325950] NetLabel:  protocols = UNLABELED CIPSOv4 CALIPSO
[    0.325969] NetLabel:  unlabeled traffic allowed by default
[    0.326860] clocksource: Switched to clocksource kvm-clock
[    0.339623] *** VALIDATE bpf ***
[    0.339677] VFS: Disk quotas dquot_6.6.0
[    0.339689] VFS: Dquot-cache hash table entries: 512 (order 0, 4096 bytes)
[    0.339709] *** VALIDATE ramfs ***
[    0.339712] *** VALIDATE hugetlbfs ***
[    0.339789] AppArmor: AppArmor Filesystem Enabled
[    0.339810] pnp: PnP ACPI init
[    0.339869] pnp 00:00: Plug and Play ACPI device, IDs PNP0303 (active)
[    0.339932] pnp 00:01: Plug and Play ACPI device, IDs PNP0f03 (active)
[    0.340657] pnp: PnP ACPI: found 2 devices
[    0.341604] thermal_sys: Registered thermal governor 'fair_share'
[    0.341605] thermal_sys: Registered thermal governor 'bang_bang'
[    0.341606] thermal_sys: Registered thermal governor 'step_wise'
[    0.341606] thermal_sys: Registered thermal governor 'user_space'
[    0.341607] thermal_sys: Registered thermal governor 'power_allocator'
[    0.346118] clocksource: acpi_pm: mask: 0xffffff max_cycles: 0xffffff, max_idle_ns: 2085701024 ns
[    0.346156] pci_bus 0000:00: resource 4 [io  0x0000-0x0cf7 window]
[    0.346157] pci_bus 0000:00: resource 5 [io  0x0d00-0xffff window]
[    0.346158] pci_bus 0000:00: resource 6 [mem 0x000a0000-0x000bffff window]
[    0.346160] pci_bus 0000:00: resource 7 [mem 0x80000000-0xfdffffff window]
[    0.346215] NET: Registered protocol family 2
[    0.346284] IP idents hash table entries: 32768 (order: 6, 262144 bytes, linear)
[    0.346683] MPTCP tokens hash table entries: 8192 (order: 4, 65536 bytes, linear)
[    0.346702] MPTCP request tokens hash table entries: 8192 (order: 4, 65536 bytes, linear)
[    0.346727] default registered
[    0.346727] default registered
[    0.346728] MPTCP: Stable release v0.96
[    0.346733] tcp_listen_portaddr_hash hash table entries: 1024 (order: 2, 16384 bytes, linear)
[    0.346810] TCP established hash table entries: 16384 (order: 5, 131072 bytes, linear)
[    0.346873] TCP bind hash table entries: 16384 (order: 6, 262144 bytes, linear)
[    0.346899] TCP: Hash tables configured (established 16384 bind 16384)
[    0.347659] UDP hash table entries: 1024 (order: 3, 32768 bytes, linear)
[    0.347671] UDP-Lite hash table entries: 1024 (order: 3, 32768 bytes, linear)
[    0.347705] NET: Registered protocol family 1
[    0.347714] NET: Registered protocol family 44
[    0.347735] pci 0000:00:00.0: Limiting direct PCI/PCI transfers
[    0.347748] pci 0000:00:01.0: Activating ISA DMA hang workarounds
[    0.347800] pci 0000:00:02.0: Video device with shadowed ROM at [mem 0x000c0000-0x000dffff]
[    0.347863] PCI: CLS 0 bytes, default 64
[    0.347909] Trying to unpack rootfs image as initramfs...
[    0.516236] Freeing initrd memory: 47868K
[    0.516236] clocksource: tsc: mask: 0xffffffffffffffff max_cycles: 0x1e4530a99b6, max_idle_ns: 440795257976 ns
[    0.516236] clocksource: Switched to clocksource tsc
[    0.516236] platform rtc_cmos: registered platform RTC device (no PNP device found)
[    0.516236] check: Scanning for low memory corruption every 60 seconds
[    0.516236] Initialise system trusted keyrings
[    0.516236] Key type blacklist registered
[    0.516236] workingset: timestamp_bits=36 max_order=19 bucket_order=0
[    0.516236] zbud: loaded
[    0.516236] squashfs: version 4.0 (2009/01/31) Phillip Lougher
[    0.516236] fuse: init (API version 7.31)
[    0.516236] *** VALIDATE fuse ***
[    0.516236] *** VALIDATE fuse ***
[    0.516236] Platform Keyring initialized
[    0.531705] Key type asymmetric registered
[    0.531706] Asymmetric key parser 'x509' registered
[    0.531718] Block layer SCSI generic (bsg) driver version 0.4 loaded (major 244)
[    0.531758] io scheduler mq-deadline registered
[    0.531884] shpchp: Standard Hot Plug PCI Controller Driver version: 0.4
[    0.532089] ACPI: AC Adapter [AC] (on-line)
[    0.532133] input: Power Button as /devices/LNXSYSTM:00/LNXPWRBN:00/input/input0
[    0.532163] ACPI: Power Button [PWRF]
[    0.532241] input: Sleep Button as /devices/LNXSYSTM:00/LNXSLPBN:00/input/input1
[    0.532257] ACPI: Sleep Button [SLPF]
[    0.532513] Serial: 8250/16550 driver, 32 ports, IRQ sharing enabled
[    0.533713] Linux agpgart interface v0.103
[    0.623114] loop: module loaded
[    0.623248] ata_piix 0000:00:01.1: version 2.13
[    0.623633] scsi host0: ata_piix
[    0.623719] scsi host1: ata_piix
[    0.623745] ata1: PATA max UDMA/33 cmd 0x1f0 ctl 0x3f6 bmdma 0xd000 irq 14
[    0.623745] ata2: PATA max UDMA/33 cmd 0x170 ctl 0x376 bmdma 0xd008 irq 15
[    0.623819] tun: Universal TUN/TAP device driver, 1.6
[    0.624115] PPP generic driver version 2.4.2
[    0.624156] VFIO - User Level meta-driver version: 0.3
[    0.624388] ehci_hcd: USB 2.0 'Enhanced' Host Controller (EHCI) Driver
[    0.624393] ehci-pci: EHCI PCI platform driver
[    0.624406] ehci-platform: EHCI generic platform driver
[    0.624411] ohci_hcd: USB 1.1 'Open' Host Controller (OHCI) Driver
[    0.624413] ohci-pci: OHCI PCI platform driver
[    0.624420] ohci-platform: OHCI generic platform driver
[    0.624424] uhci_hcd: USB Universal Host Controller Interface driver
[    0.624487] i8042: PNP: PS/2 Controller [PNP0303:PS2K,PNP0f03:PS2M] at 0x60,0x64 irq 1,12
[    0.624926] serio: i8042 KBD port at 0x60,0x64 irq 1
[    0.624929] serio: i8042 AUX port at 0x60,0x64 irq 12
[    0.625014] mousedev: PS/2 mouse device common for all mice
[    0.625259] input: AT Translated Set 2 keyboard as /devices/platform/i8042/serio0/input/input2
[    0.625666] rtc_cmos rtc_cmos: registered as rtc0
[    0.625679] rtc_cmos rtc_cmos: alarms up to one day, 114 bytes nvram
[    0.625684] i2c /dev entries driver
[    0.625725] device-mapper: uevent: version 1.0.3
[    0.625768] device-mapper: ioctl: 4.41.0-ioctl (2019-09-16) initialised: dm-devel@redhat.com
[    0.625783] platform eisa.0: Probing EISA bus 0
[    0.625785] platform eisa.0: EISA: Cannot allocate resource for mainboard
[    0.625786] platform eisa.0: Cannot allocate resource for EISA slot 1
[    0.625787] platform eisa.0: Cannot allocate resource for EISA slot 2
[    0.625788] platform eisa.0: Cannot allocate resource for EISA slot 3
[    0.625789] platform eisa.0: Cannot allocate resource for EISA slot 4
[    0.625790] platform eisa.0: Cannot allocate resource for EISA slot 5
[    0.625791] platform eisa.0: Cannot allocate resource for EISA slot 6
[    0.625792] platform eisa.0: Cannot allocate resource for EISA slot 7
[    0.625793] platform eisa.0: Cannot allocate resource for EISA slot 8
[    0.625794] platform eisa.0: EISA: Detected 0 cards
[    0.625796] intel_pstate: CPU model not supported
[    0.625804] ledtrig-cpu: registered to indicate activity on CPUs
[    0.625855] drop_monitor: Initializing network drop monitor service
[    0.626013] NET: Registered protocol family 10
[    0.631203] Segment Routing with IPv6
[    0.631203] fullmesh registered
[    0.631203] ndiffports registered
[    0.631203] binder registered
[    0.631203] roundrobin registered
[    0.631203] redundant registered
[    0.631203] blest registered
[    0.631203] ecf registered
[    0.631203] NET: Registered protocol family 17
[    0.631203] Key type dns_resolver registered
[    0.631203] RAS: Correctable Errors collector initialized.
[    0.631203] IPI shorthand broadcast: enabled
[    0.631203] sched_clock: Marking stable (616159018, 11044625)->(627810554, -606911)
[    0.631598] registered taskstats version 1
[    0.631606] Loading compiled-in X.509 certificates
[    0.632194] Loaded X.509 cert 'Build time autogenerated kernel key: 6909f3744cebb3d0de528d5887b96a727de79b1e'
[    0.632211] zswap: loaded using pool lzo/zbud
[    0.632262] Key type ._fscrypt registered
[    0.632262] Key type .fscrypt registered
[    0.636693] Key type big_key registered
[    0.639022] Key type encrypted registered
[    0.639025] AppArmor: AppArmor sha1 policy hashing enabled
[    0.639032] ima: No TPM chip found, activating TPM-bypass!
[    0.639036] ima: Allocated hash algorithm: sha1
[    0.639041] ima: No architecture policies found
[    0.639049] evm: Initialising EVM extended attributes:
[    0.639050] evm: security.selinux
[    0.639051] evm: security.SMACK64
[    0.639051] evm: security.SMACK64EXEC
[    0.639051] evm: security.SMACK64TRANSMUTE
[    0.639052] evm: security.SMACK64MMAP
[    0.639052] evm: security.apparmor
[    0.639053] evm: security.ima
[    0.639053] evm: security.capability
[    0.639054] evm: HMAC attrs: 0x1
[    0.639340] PM:   Magic number: 10:183:694
[    0.639440] rtc_cmos rtc_cmos: setting system clock to 2026-01-17T17:41:16 UTC (1768671676)
[    0.796148] ata1.00: ATA-6: VBOX HARDDISK, 1.0, max UDMA/133
[    0.796152] ata1.00: 209715200 sectors, multi 128: LBA 
[    0.796910] scsi 0:0:0:0: Direct-Access     ATA      VBOX HARDDISK    1.0  PQ: 0 ANSI: 5
[    0.797249] sd 0:0:0:0: [sda] 209715200 512-byte logical blocks: (107 GB/100 GiB)
[    0.797264] sd 0:0:0:0: [sda] Write Protect is off
[    0.797268] sd 0:0:0:0: [sda] Mode Sense: 00 3a 00 00
[    0.797292] sd 0:0:0:0: [sda] Write cache: enabled, read cache: enabled, doesn't support DPO or FUA
[    0.797563] sd 0:0:0:0: Attached scsi generic sg0 type 0
[    0.798876]  sda: sda1 sda2
[    0.811526] sd 0:0:0:0: [sda] Attached SCSI disk
[    0.818383] Freeing unused decrypted memory: 2040K
[    0.819842] Freeing unused kernel image memory: 2728K
[    0.819848] Write protecting the kernel read-only data: 22528k
[    0.821652] Freeing unused kernel image memory: 2036K
[    0.822589] Freeing unused kernel image memory: 1432K
[    0.858611] x86/mm: Checked W+X mappings: passed, no W+X pages found.
[    0.858616] Run /init as init process
[    0.964977] ACPI: Video Device [GFX0] (multi-head: yes  rom: no  post: no)
[    0.965051] input: Video Bus as /devices/LNXSYSTM:00/LNXSYBUS:00/PNP0A03:00/LNXVIDEO:00/input/input4
[    0.976597] pcnet32: pcnet32.c:v1.35 21.Apr.2008 tsbogend@alpha.franken.de
[    0.980409] piix4_smbus 0000:00:07.0: SMBus Host Controller at 0x4100, revision 0
[    0.982418] pcnet32: PCnet/FAST III 79C973 at 0xd020, 08:00:27:fd:0e:df assigned IRQ 19
[    0.982474] pcnet32: Found PHY 0022:561b at address 0
[    0.982781] pcnet32: eth0: registered as PCnet/FAST III 79C973
[    0.986446] e1000: Intel(R) PRO/1000 Network Driver - version 7.3.21-k8-NAPI
[    0.986447] e1000: Copyright (c) 1999-2006 Intel Corporation.
[    0.997245] pcnet32: PCnet/FAST III 79C973 at 0xd060, 08:00:27:16:63:cc assigned IRQ 16
[    0.997289] pcnet32: Found PHY 0022:561b at address 0
[    0.997600] pcnet32: eth1: registered as PCnet/FAST III 79C973
[    0.997622] pcnet32: 2 cards_found
[    1.058398] pcnet32 0000:00:03.0 enp0s3: renamed from eth0
[    1.060474] pcnet32 0000:00:08.0 enp0s8: renamed from eth1
[    1.204384] input: ImExPS/2 Generic Explorer Mouse as /devices/platform/i8042/serio1/input/input5
[    1.391281] e1000 0000:00:09.0 eth0: (PCI:33MHz:32-bit) 08:00:27:f2:39:55
[    1.391284] e1000 0000:00:09.0 eth0: Intel(R) PRO/1000 Network Connection
[    1.392342] e1000 0000:00:09.0 enp0s9: renamed from eth0
[    1.536371] EXT4-fs (sda2): mounted filesystem with ordered data mode. Opts: (null)
[    1.626387] systemd[1]: Inserted module 'autofs4'
[    1.638377] systemd[1]: systemd 245.4-4ubuntu3 running in system mode. (+PAM +AUDIT +SELINUX +IMA +APPARMOR +SMACK +SYSVINIT +UTMP +LIBCRYPTSETUP +GCRYPT +GNUTLS +ACL +XZ +LZ4 +SECCOMP +BLKID +ELFUTILS +KMOD +IDN2 -IDN +PCRE2 default-hierarchy=hybrid)
[    1.638408] systemd[1]: Detected virtualization oracle.
[    1.638411] systemd[1]: Detected architecture x86-64.
[    1.639751] systemd[1]: Set hostname to <ztg>.
[    1.762071] systemd[1]: /lib/systemd/system/dbus.socket:5: ListenStream= references a path below legacy directory /var/run/, updating /var/run/dbus/system_bus_socket â†’ /run/dbus/system_bus_socket; please update the unit file accordingly.
[    1.815496] systemd[1]: Created slice system-modprobe.slice.
[    1.815677] systemd[1]: Created slice User and Session Slice.
[    1.815719] systemd[1]: Started Forward Password Requests to Wall Directory Watch.
[    1.815869] systemd[1]: Set up automount Arbitrary Executable File Formats File System Automount Point.
[    1.815902] systemd[1]: Reached target User and Group Name Lookups.
[    1.815910] systemd[1]: Reached target Remote File Systems.
[    1.815917] systemd[1]: Reached target Slices.
[    1.816446] systemd[1]: Listening on Syslog Socket.
[    1.816511] systemd[1]: Listening on fsck to fsckd communication Socket.
[    1.816546] systemd[1]: Listening on initctl Compatibility Named Pipe.
[    1.816676] systemd[1]: Listening on Journal Audit Socket.
[    1.816730] systemd[1]: Listening on Journal Socket (/dev/log).
[    1.816797] systemd[1]: Listening on Journal Socket.
[    1.816858] systemd[1]: Listening on udev Control Socket.
[    1.816898] systemd[1]: Listening on udev Kernel Socket.
[    1.817590] systemd[1]: Mounting Huge Pages File System...
[    1.818482] systemd[1]: Mounting POSIX Message Queue File System...
[    1.819375] systemd[1]: Mounting Kernel Debug File System...
[    1.820162] systemd[1]: Mounting Kernel Trace File System...
[    1.822035] systemd[1]: Starting Journal Service...
[    1.845946] systemd[1]: Starting Set the console keyboard layout...
[    1.853760] systemd[1]: Starting Create list of static device nodes for the current kernel...
[    1.855765] systemd[1]: Starting Load Kernel Module drm...
[    1.856838] systemd[1]: Condition check resulted in Set Up Additional Binary Formats being skipped.
[    1.856888] systemd[1]: Condition check resulted in File System Check on Root Device being skipped.
[    1.869850] systemd[1]: Starting Load Kernel Modules...
[    1.875084] systemd[1]: Starting Remount Root and Kernel File Systems...
[    1.884540] systemd[1]: Starting udev Coldplug all Devices...
[    1.894247] systemd[1]: Starting Uncomplicated firewall...
[    1.899976] EXT4-fs (sda2): re-mounted. Opts: errors=remount-ro
[    1.901127] systemd[1]: Mounted Huge Pages File System.
[    1.901208] systemd[1]: Mounted POSIX Message Queue File System.
[    1.901275] systemd[1]: Mounted Kernel Debug File System.
[    1.901339] systemd[1]: Mounted Kernel Trace File System.
[    1.917899] systemd[1]: Finished Create list of static device nodes for the current kernel.
[    1.918143] systemd[1]: modprobe@drm.service: Succeeded.
[    1.932502] systemd[1]: Finished Load Kernel Module drm.
[    1.938820] systemd[1]: Finished Remount Root and Kernel File Systems.
[    1.939610] systemd[1]: Finished Uncomplicated firewall.
[    1.941371] lp: driver loaded but no devices found
[    1.958639] systemd[1]: Condition check resulted in Rebuild Hardware Database being skipped.
[    1.958673] systemd[1]: Condition check resulted in Platform Persistent Storage Archival being skipped.
[    1.959284] systemd[1]: Starting Load/Save Random Seed...
[    1.964352] systemd[1]: Starting Create System Users...
[    1.970843] ppdev: user-space parallel port driver
[    1.976923] systemd[1]: Finished Load/Save Random Seed.
[    1.980728] systemd[1]: Finished Create System Users.
[    1.981408] systemd[1]: Starting Create Static Device Nodes in /dev...
[    2.032391] systemd[1]: Finished Create Static Device Nodes in /dev.
[    2.033117] systemd[1]: Starting udev Kernel Device Manager...
[    2.041111] systemd[1]: Finished udev Coldplug all Devices.
[    2.055729] [drm] DMA map mode: Caching DMA mappings.
[    2.055791] [drm] Capabilities:
[    2.055792] [drm]   Rect copy.
[    2.055792] [drm]   Cursor.
[    2.055792] [drm]   Cursor bypass.
[    2.055793] [drm]   Cursor bypass 2.
[    2.055793] [drm]   Alpha cursor.
[    2.055793] [drm]   Extended Fifo.
[    2.055794] [drm]   Pitchlock.
[    2.055794] [drm]   Irq mask.
[    2.055794] [drm]   GMR.
[    2.055795] [drm]   Traces.
[    2.055795] [drm]   GMR2.
[    2.055795] [drm]   Screen Object 2.
[    2.055796] [drm]   Command Buffers.
[    2.055796] [drm]   Command Buffers 2.
[    2.055797] [drm]   Guest Backed Resources.
[    2.055797] [drm] Max GMR ids is 8192
[    2.055798] [drm] Max number of GMR pages is 1048576
[    2.055798] [drm] Max dedicated hypervisor surface memory is 393216 kiB
[    2.055799] [drm] Maximum display memory size is 131072 kiB
[    2.055800] [drm] VRAM at 0xe0000000 size is 131072 kiB
[    2.055800] [drm] MMIO at 0xf0000000 size is 2048 kiB
[    2.062027] [TTM] Zone  kernel: Available graphics memory: 1011738 KiB
[    2.062028] [TTM] Initializing pool allocator
[    2.062033] [TTM] Initializing DMA pool allocator
[    2.062059] [drm] Supports vblank timestamp caching Rev 2 (21.10.2013).
[    2.062059] [drm] No driver support for vblank timestamp query.
[    2.062280] [drm] Screen Target Display device initialized
[    2.062483] [drm] width 720
[    2.062492] [drm] height 400
[    2.062495] [drm] bpp 32
[    2.062968] [drm] Fifo max 0x00200000 min 0x00001000 cap 0x00000355
[    2.064297] [drm] Using command buffers with DMA pool.
[    2.064301] [drm] DX: no.
[    2.064301] [drm] Atomic: yes.
[    2.064301] [drm] SM4_1: no.
[    2.064320] [drm:vmw_host_log [vmwgfx]] *ERROR* Failed to send host log message.
[    2.065214] [drm:vmw_host_log [vmwgfx]] *ERROR* Failed to send host log message.
[    2.099286] fbcon: svgadrmfb (fb0) is primary device
[    2.101377] Console: switching to colour frame buffer device 100x37
[    2.109252] [drm] Initialized vmwgfx 2.15.0 20180704 for 0000:00:02.0 on minor 0
[    2.111369] systemd[1]: Finished Load Kernel Modules.
[    2.112213] systemd[1]: Mounting FUSE Control File System...
[    2.113339] systemd[1]: Mounting Kernel Configuration File System...
[    2.120302] systemd[1]: Starting Apply Kernel Variables...
[    2.130698] systemd[1]: Mounted FUSE Control File System.
[    2.130757] systemd[1]: Condition check resulted in VMware vmblock fuse mount being skipped.
[    2.142874] systemd[1]: Mounted Kernel Configuration File System.
[    2.144860] systemd[1]: Finished Set the console keyboard layout.
[    2.144954] systemd[1]: Reached target Local File Systems (Pre).
[    2.147963] systemd[1]: Mounting Mount unit for bare, revision 5...
[    2.151376] systemd[1]: Mounting Mount unit for core18, revision 1705...
[    2.169553] systemd[1]: Mounting Mount unit for gnome-3-34-1804, revision 24...
[    2.175436] systemd[1]: Mounting Mount unit for gtk-common-themes, revision 1506...
[    2.180007] systemd[1]: Mounting Mount unit for gtk-common-themes, revision 1535...
[    2.197927] systemd[1]: Mounting Mount unit for snap-store, revision 433...
[    2.204641] systemd[1]: Mounting Mount unit for snapd, revision 25935...
[    2.234192] systemd[1]: Finished Apply Kernel Variables.
[    2.236543] systemd[1]: Started udev Kernel Device Manager.
[    2.236629] systemd[1]: Mounted Mount unit for bare, revision 5.
[    2.239335] systemd[1]: Starting Show Plymouth Boot Screen...
[    2.244532] systemd[1]: Received SIGRTMIN+20 from PID 278 (plymouthd).
[    2.262739] systemd[1]: Started Show Plymouth Boot Screen.
[    2.262875] systemd[1]: Condition check resulted in Dispatch Password Requests to Console Directory Watch being skipped.
[    2.262957] systemd[1]: Started Forward Password Requests to Plymouth Directory Watch.
[    2.262991] systemd[1]: Reached target Local Encrypted Volumes.
[    2.297477] systemd[1]: Mounted Mount unit for core18, revision 1705.
[    2.345804] systemd[1]: Mounted Mount unit for gnome-3-34-1804, revision 24.
[    2.345936] systemd[1]: Mounted Mount unit for gtk-common-themes, revision 1506.
[    2.382733] systemd[1]: Mounted Mount unit for snap-store, revision 433.
[    2.419569] systemd[1]: Mounted Mount unit for gtk-common-themes, revision 1535.
[    2.419812] systemd[1]: Mounted Mount unit for snapd, revision 25935.
[    2.419976] systemd[1]: Reached target Local File Systems.
[    2.420869] systemd[1]: Starting Load AppArmor profiles...
[    2.423168] systemd[1]: Starting Set console font and keymap...
[    2.433710] systemd[1]: Starting Tell Plymouth To Write Out Runtime Data...
[    2.437873] systemd[1]: Condition check resulted in Store a System Token in an EFI Variable being skipped.
[    2.437918] systemd[1]: Condition check resulted in Commit a transient machine-id on disk being skipped.
[    2.441545] systemd[1]: Finished Set console font and keymap.
[    2.450146] systemd[1]: Received SIGRTMIN+20 from PID 278 (plymouthd).
[    2.451824] systemd[1]: plymouth-read-write.service: Succeeded.
[    2.452044] systemd[1]: Finished Tell Plymouth To Write Out Runtime Data.
[    2.485237] audit: type=1400 audit(1768671678.340:2): apparmor="STATUS" operation="profile_load" profile="unconfined" name="nvidia_modprobe" pid=299 comm="apparmor_parser"
[    2.485239] audit: type=1400 audit(1768671678.340:3): apparmor="STATUS" operation="profile_load" profile="unconfined" name="nvidia_modprobe//kmod" pid=299 comm="apparmor_parser"
[    2.491851] audit: type=1400 audit(1768671678.348:4): apparmor="STATUS" operation="profile_load" profile="unconfined" name="/usr/sbin/tcpdump" pid=300 comm="apparmor_parser"
[    2.519183] audit: type=1400 audit(1768671678.368:5): apparmor="STATUS" operation="profile_load" profile="unconfined" name="/usr/bin/evince" pid=302 comm="apparmor_parser"
[    2.519185] audit: type=1400 audit(1768671678.368:6): apparmor="STATUS" operation="profile_load" profile="unconfined" name="/usr/bin/evince//sanitized_helper" pid=302 comm="apparmor_parser"
[    2.519187] audit: type=1400 audit(1768671678.368:7): apparmor="STATUS" operation="profile_load" profile="unconfined" name="/usr/bin/evince-previewer" pid=302 comm="apparmor_parser"
[    2.519189] audit: type=1400 audit(1768671678.368:8): apparmor="STATUS" operation="profile_load" profile="unconfined" name="/usr/bin/evince-previewer//sanitized_helper" pid=302 comm="apparmor_parser"
[    2.519191] audit: type=1400 audit(1768671678.368:9): apparmor="STATUS" operation="profile_load" profile="unconfined" name="/usr/bin/evince-thumbnailer" pid=302 comm="apparmor_parser"
[    2.550759] audit: type=1400 audit(1768671678.404:10): apparmor="STATUS" operation="profile_load" profile="unconfined" name="/usr/lib/cups/backend/cups-pdf" pid=303 comm="apparmor_parser"
[    2.618451] systemd[1]: Finished Load AppArmor profiles.
[    2.619409] systemd[1]: Starting Load AppArmor profiles managed internally by snapd...
[    2.736838] systemd[1]: Finished Load AppArmor profiles managed internally by snapd.
[    2.803427] systemd[1]: Started Journal Service.
[    2.813005] systemd-journald[229]: Received client request to flush runtime journal.
[    2.816208] systemd-journald[229]: File /var/log/journal/c455b248004a419c87ce85eea238d727/system.journal corrupted or uncleanly shut down, renaming and replacing.
[    4.111910] RAPL PMU: API unit is 2^-32 Joules, 0 fixed counters, 10737418240 ms ovfl timer
[    4.131151] cryptd: max_cpu_qlen set to 1000
[    4.138843] AVX2 version of gcm_enc/dec engaged.
[    4.138844] AES CTR mode by8 optimization enabled
[    5.973342] Adding 1998844k swap on /dev/sda1.  Priority:-2 extents:1 across:1998844k FS
[    7.759883] kauditd_printk_skb: 30 callbacks suppressed
[    7.759884] audit: type=1400 audit(1768671683.612:41): apparmor="DENIED" operation="capable" profile="/usr/sbin/cups-browsed" pid=507 comm="cups-browsed" capability=23  capname="sys_nice"
[    8.503311] pcnet32 0000:00:03.0 enp0s3: link up, 100Mbps, full-duplex
[    8.517995] pcnet32 0000:00:08.0 enp0s8: link up, 100Mbps, full-duplex
[    8.557290] e1000: enp0s9 NIC Link is Up 1000 Mbps Full Duplex, Flow Control: RX
[    8.557584] IPv6: ADDRCONF(NETDEV_CHANGE): enp0s9: link becomes ready
[    9.085161] device enp0s3 entered promiscuous mode
[    9.090543] device enp0s8 entered promiscuous mode
[    9.126365] audit: type=1400 audit(1768671684.984:42): apparmor="DENIED" operation="open" profile="/usr/sbin/tcpdump" name="/proc/sys/kernel/random/boot_id" pid=663 comm="tcpdump" requested_mask="r" denied_mask="r" fsuid=0 ouid=0
[    9.126637] audit: type=1400 audit(1768671684.984:43): apparmor="DENIED" operation="open" profile="/usr/sbin/tcpdump" name="/proc/sys/kernel/random/boot_id" pid=663 comm="tcpdump" requested_mask="r" denied_mask="r" fsuid=0 ouid=0
[    9.126689] audit: type=1400 audit(1768671684.984:44): apparmor="DENIED" operation="open" profile="/usr/sbin/tcpdump" name="/proc/sys/kernel/random/boot_id" pid=663 comm="tcpdump" requested_mask="r" denied_mask="r" fsuid=0 ouid=0
[    9.127009] audit: type=1400 audit(1768671684.984:45): apparmor="DENIED" operation="open" profile="/usr/sbin/tcpdump" name="/proc/sys/kernel/random/boot_id" pid=663 comm="tcpdump" requested_mask="r" denied_mask="r" fsuid=0 ouid=0
[    9.136932] audit: type=1400 audit(1768671684.996:46): apparmor="DENIED" operation="open" profile="/usr/sbin/tcpdump" name="/proc/sys/kernel/random/boot_id" pid=662 comm="tcpdump" requested_mask="r" denied_mask="r" fsuid=0 ouid=0
[    9.137343] audit: type=1400 audit(1768671684.996:47): apparmor="DENIED" operation="open" profile="/usr/sbin/tcpdump" name="/proc/sys/kernel/random/boot_id" pid=662 comm="tcpdump" requested_mask="r" denied_mask="r" fsuid=0 ouid=0
[    9.137385] audit: type=1400 audit(1768671684.996:48): apparmor="DENIED" operation="open" profile="/usr/sbin/tcpdump" name="/proc/sys/kernel/random/boot_id" pid=662 comm="tcpdump" requested_mask="r" denied_mask="r" fsuid=0 ouid=0
[    9.137572] audit: type=1400 audit(1768671684.996:49): apparmor="DENIED" operation="open" profile="/usr/sbin/tcpdump" name="/proc/sys/kernel/random/boot_id" pid=662 comm="tcpdump" requested_mask="r" denied_mask="r" fsuid=0 ouid=0
[    9.137781] audit: type=1400 audit(1768671684.996:50): apparmor="DENIED" operation="open" profile="/usr/sbin/tcpdump" name="/proc/sys/kernel/random/boot_id" pid=665 comm="tcpdump" requested_mask="r" denied_mask="r" fsuid=0 ouid=0
[   15.154472] rfkill: input handler disabled
[  237.523895] AAAAA-TCP_RECV: name:enp0s3: saddr:100932208: daddr:16783984: srtt_us:0: RTT:0: ssthresh:2147483647: cwnd:10: delivered:0: lost:0: retrans:0
[  237.523921] AAAAA-TCP_SEND: name:enp0s3: saddr:16783984: daddr:100932208: srtt_us:0: RTT:0: ssthresh:0: cwnd:0: delivered:0: lost:0: retrans:0
[  237.608502] AAAAA-TCP_SEND: name:enp0s3: saddr:16783984: daddr:100932208: srtt_us:0: RTT:0: ssthresh:0: cwnd:0: delivered:0: lost:0: retrans:0
[  237.855080] AAAAA-TCP_SEND: name:enp0s3: saddr:16783984: daddr:100932208: srtt_us:2656000: RTT:332000: ssthresh:2147483647: cwnd:10: delivered:1: lost:0: retrans:1
[  237.891715] AAAAA-TCP_RECV: name:enp0s3: saddr:100932208: daddr:16783984: srtt_us:2656000: RTT:332000: ssthresh:2147483647: cwnd:10: delivered:1: lost:0: retrans:1
[  237.891742] AAAAA-TCP_SEND: name:enp0s3: saddr:16783984: daddr:100932208: srtt_us:2656000: RTT:332000: ssthresh:2147483647: cwnd:10: delivered:1: lost:0: retrans:1
[  237.891954] AAAAA-TCP_SEND: name:enp0s3: saddr:16783984: daddr:100932208: srtt_us:2656000: RTT:332000: ssthresh:2147483647: cwnd:10: delivered:1: lost:0: retrans:1
[  238.184306] AAAAA-TCP_RECV: name:enp0s3: saddr:100932208: daddr:16783984: srtt_us:2656000: RTT:332000: ssthresh:2147483647: cwnd:10: delivered:1: lost:0: retrans:1
[  238.281038] AAAAA-TCP_RECV: name:enp0s3: saddr:100932208: daddr:33561200: srtt_us:0: RTT:0: ssthresh:2147483647: cwnd:10: delivered:0: lost:0: retrans:0
[  238.281086] AAAAA-TCP_SEND: name:enp0s3: saddr:33561200: daddr:100932208: srtt_us:0: RTT:0: ssthresh:0: cwnd:0: delivered:0: lost:0: retrans:0
[  238.399136] AAAAA-TCP_RECV: name:enp0s3: saddr:100932208: daddr:16783984: srtt_us:2656000: RTT:332000: ssthresh:2147483647: cwnd:10: delivered:1: lost:0: retrans:1
[  238.441344] AAAAA-TCP_RECV: name:enp0s3: saddr:100932208: daddr:16783984: srtt_us:2831204: RTT:353900: ssthresh:2147483647: cwnd:10: delivered:2: lost:0: retrans:1
[  238.441374] AAAAA-TCP_SEND: name:enp0s3: saddr:16783984: daddr:100932208: srtt_us:2831204: RTT:353900: ssthresh:2147483647: cwnd:10: delivered:2: lost:0: retrans:1
[  238.565157] AAAAA-TCP_SEND: name:enp0s3: saddr:33561200: daddr:100932208: srtt_us:2272464: RTT:284058: ssthresh:2147483647: cwnd:10: delivered:1: lost:0: retrans:0
[  238.720175] AAAAA-TCP_RECV: name:enp0s3: saddr:100932208: daddr:16783984: srtt_us:2831204: RTT:353900: ssthresh:2147483647: cwnd:10: delivered:2: lost:0: retrans:1
[  238.720208] AAAAA-TCP_SEND: name:enp0s3: saddr:16783984: daddr:100932208: srtt_us:2831204: RTT:353900: ssthresh:2147483647: cwnd:10: delivered:2: lost:0: retrans:1
[  238.720482] AAAAA-TCP_SEND: name:enp0s3: saddr:33561200: daddr:100932208: srtt_us:2272464: RTT:284058: ssthresh:2147483647: cwnd:10: delivered:1: lost:0: retrans:0
[  239.017028] AAAAA-TCP_RECV: name:enp0s3: saddr:100932208: daddr:33561200: srtt_us:2272464: RTT:284058: ssthresh:2147483647: cwnd:10: delivered:1: lost:0: retrans:0
[  239.072110] AAAAA-TCP_RECV: name:enp0s3: saddr:100932208: daddr:16783984: srtt_us:0: RTT:0: ssthresh:2147483647: cwnd:10: delivered:0: lost:0: retrans:0
[  239.072141] AAAAA-TCP_SEND: name:enp0s3: saddr:16783984: daddr:100932208: srtt_us:0: RTT:0: ssthresh:0: cwnd:0: delivered:0: lost:0: retrans:0
[  239.279057] AAAAA-TCP_SEND: name:enp0s3: saddr:16783984: daddr:100932208: srtt_us:1655192: RTT:206899: ssthresh:2147483647: cwnd:10: delivered:1: lost:0: retrans:0
[  239.436390] AAAAA-TCP_RECV: name:enp0s3: saddr:100932208: daddr:16783984: srtt_us:1655192: RTT:206899: ssthresh:2147483647: cwnd:10: delivered:1: lost:0: retrans:0
[  239.436427] AAAAA-TCP_SEND: name:enp0s3: saddr:16783984: daddr:100932208: srtt_us:1655192: RTT:206899: ssthresh:2147483647: cwnd:10: delivered:1: lost:0: retrans:0
[  239.438016] AAAAA-TCP_SEND: name:enp0s3: saddr:33561200: daddr:100932208: srtt_us:2284960: RTT:285620: ssthresh:2147483647: cwnd:10: delivered:2: lost:0: retrans:0
[  239.636503] AAAAA-TCP_RECV: name:enp0s3: saddr:100932208: daddr:33561200: srtt_us:0: RTT:0: ssthresh:2147483647: cwnd:10: delivered:0: lost:0: retrans:0
[  239.636543] AAAAA-TCP_SEND: name:enp0s3: saddr:33561200: daddr:100932208: srtt_us:0: RTT:0: ssthresh:0: cwnd:0: delivered:0: lost:0: retrans:0
[  239.755484] AAAAA-TCP_RECV: name:enp0s3: saddr:100932208: daddr:33561200: srtt_us:2284960: RTT:285620: ssthresh:2147483647: cwnd:10: delivered:2: lost:0: retrans:0
[  239.755518] AAAAA-TCP_SEND: name:enp0s3: saddr:33561200: daddr:100932208: srtt_us:2284960: RTT:285620: ssthresh:2147483647: cwnd:10: delivered:2: lost:0: retrans:0
[  239.883319] AAAAA-TCP_SEND: name:enp0s3: saddr:33561200: daddr:100932208: srtt_us:1974120: RTT:246765: ssthresh:2147483647: cwnd:10: delivered:1: lost:0: retrans:0
[  240.116315] AAAAA-TCP_RECV: name:enp0s3: saddr:100932208: daddr:33561200: srtt_us:2316843: RTT:289605: ssthresh:2147483647: cwnd:10: delivered:3: lost:0: retrans:0
[  240.180093] AAAAA-TCP_RECV: name:enp0s3: saddr:100932208: daddr:16783984: srtt_us:1655192: RTT:206899: ssthresh:2147483647: cwnd:10: delivered:1: lost:0: retrans:0
[  240.180124] AAAAA-TCP_SEND: name:enp0s3: saddr:16783984: daddr:100932208: srtt_us:1655192: RTT:206899: ssthresh:2147483647: cwnd:10: delivered:1: lost:0: retrans:0
[  240.231667] AAAAA-TCP_RECV: name:enp0s3: saddr:100932208: daddr:16783984: srtt_us:1655192: RTT:206899: ssthresh:2147483647: cwnd:10: delivered:1: lost:0: retrans:0
[  240.231693] AAAAA-TCP_SEND: name:enp0s3: saddr:16783984: daddr:100932208: srtt_us:1655192: RTT:206899: ssthresh:2147483647: cwnd:10: delivered:1: lost:0: retrans:0
[  240.294449] AAAAA-TCP_RECV: name:enp0s3: saddr:100932208: daddr:16783984: srtt_us:1655192: RTT:206899: ssthresh:2147483647: cwnd:10: delivered:1: lost:0: retrans:0
[  240.294472] AAAAA-TCP_SEND: name:enp0s3: saddr:16783984: daddr:100932208: srtt_us:1655192: RTT:206899: ssthresh:2147483647: cwnd:10: delivered:1: lost:0: retrans:0
[  240.391922] AAAAA-TCP_RECV: name:enp0s3: saddr:100932208: daddr:16783984: srtt_us:1655192: RTT:206899: ssthresh:2147483647: cwnd:10: delivered:1: lost:0: retrans:0
[  240.391951] AAAAA-TCP_SEND: name:enp0s3: saddr:16783984: daddr:100932208: srtt_us:1655192: RTT:206899: ssthresh:2147483647: cwnd:10: delivered:1: lost:0: retrans:0
[  240.496585] AAAAA-TCP_RECV: name:enp0s3: saddr:100932208: daddr:16783984: srtt_us:1655192: RTT:206899: ssthresh:2147483647: cwnd:10: delivered:1: lost:0: retrans:0
[  240.496615] AAAAA-TCP_SEND: name:enp0s3: saddr:16783984: daddr:100932208: srtt_us:1655192: RTT:206899: ssthresh:2147483647: cwnd:10: delivered:1: lost:0: retrans:0
[  240.631796] AAAAA-TCP_RECV: name:enp0s3: saddr:100932208: daddr:16783984: srtt_us:1655192: RTT:206899: ssthresh:2147483647: cwnd:10: delivered:1: lost:0: retrans:0
[  240.631825] AAAAA-TCP_SEND: name:enp0s3: saddr:16783984: daddr:100932208: srtt_us:1655192: RTT:206899: ssthresh:2147483647: cwnd:10: delivered:1: lost:0: retrans:0
[  240.697355] AAAAA-TCP_RECV: name:enp0s3: saddr:100932208: daddr:16783984: srtt_us:1655192: RTT:206899: ssthresh:2147483647: cwnd:10: delivered:1: lost:0: retrans:0
[  240.697393] AAAAA-TCP_SEND: name:enp0s3: saddr:16783984: daddr:100932208: srtt_us:1655192: RTT:206899: ssthresh:2147483647: cwnd:10: delivered:1: lost:0: retrans:0
[  240.786276] AAAAA-TCP_RECV: name:enp0s3: saddr:100932208: daddr:16783984: srtt_us:1655192: RTT:206899: ssthresh:2147483647: cwnd:10: delivered:1: lost:0: retrans:0
[  240.786304] AAAAA-TCP_SEND: name:enp0s3: saddr:16783984: daddr:100932208: srtt_us:1655192: RTT:206899: ssthresh:2147483647: cwnd:10: delivered:1: lost:0: retrans:0
[  240.933372] AAAAA-TCP_RECV: name:enp0s3: saddr:100932208: daddr:16783984: srtt_us:1655192: RTT:206899: ssthresh:2147483647: cwnd:10: delivered:1: lost:0: retrans:0
[  240.933403] AAAAA-TCP_SEND: name:enp0s3: saddr:16783984: daddr:100932208: srtt_us:1655192: RTT:206899: ssthresh:2147483647: cwnd:10: delivered:1: lost:0: retrans:0
[  241.062363] AAAAA-TCP_RECV: name:enp0s3: saddr:100932208: daddr:16783984: srtt_us:1655192: RTT:206899: ssthresh:2147483647: cwnd:10: delivered:1: lost:0: retrans:0
[  241.062392] AAAAA-TCP_SEND: name:enp0s3: saddr:16783984: daddr:100932208: srtt_us:1655192: RTT:206899: ssthresh:2147483647: cwnd:10: delivered:1: lost:0: retrans:0
[  241.219331] AAAAA-TCP_RECV: name:enp0s3: saddr:100932208: daddr:33561200: srtt_us:1974120: RTT:246765: ssthresh:2147483647: cwnd:10: delivered:1: lost:0: retrans:0
[  241.219364] AAAAA-TCP_SEND: name:enp0s3: saddr:33561200: daddr:100932208: srtt_us:1974120: RTT:246765: ssthresh:2147483647: cwnd:10: delivered:1: lost:0: retrans:0
[  241.298727] AAAAA-TCP_RECV: name:enp0s3: saddr:100932208: daddr:33561200: srtt_us:1974120: RTT:246765: ssthresh:2147483647: cwnd:10: delivered:1: lost:0: retrans:0
[  241.298754] AAAAA-TCP_SEND: name:enp0s3: saddr:33561200: daddr:100932208: srtt_us:1974120: RTT:246765: ssthresh:2147483647: cwnd:10: delivered:1: lost:0: retrans:0
[  241.506485] AAAAA-TCP_RECV: name:enp0s3: saddr:100932208: daddr:33561200: srtt_us:1974120: RTT:246765: ssthresh:2147483647: cwnd:10: delivered:1: lost:0: retrans:0
[  241.506557] AAAAA-TCP_SEND: name:enp0s3: saddr:33561200: daddr:100932208: srtt_us:1974120: RTT:246765: ssthresh:2147483647: cwnd:10: delivered:1: lost:0: retrans:0
[  241.589234] AAAAA-TCP_RECV: name:enp0s3: saddr:100932208: daddr:33561200: srtt_us:1974120: RTT:246765: ssthresh:2147483647: cwnd:10: delivered:1: lost:0: retrans:0
[  241.589269] AAAAA-TCP_SEND: name:enp0s3: saddr:33561200: daddr:100932208: srtt_us:1974120: RTT:246765: ssthresh:2147483647: cwnd:10: delivered:1: lost:0: retrans:0
[  241.742342] AAAAA-TCP_RECV: name:enp0s3: saddr:100932208: daddr:33561200: srtt_us:1974120: RTT:246765: ssthresh:2147483647: cwnd:10: delivered:1: lost:0: retrans:0
[  241.742383] AAAAA-TCP_SEND: name:enp0s3: saddr:33561200: daddr:100932208: srtt_us:1974120: RTT:246765: ssthresh:2147483647: cwnd:10: delivered:1: lost:0: retrans:0
[  241.783963] AAAAA-TCP_RECV: name:enp0s3: saddr:100932208: daddr:33561200: srtt_us:1974120: RTT:246765: ssthresh:2147483647: cwnd:10: delivered:1: lost:0: retrans:0
[  241.784041] AAAAA-TCP_SEND: name:enp0s3: saddr:33561200: daddr:100932208: srtt_us:1974120: RTT:246765: ssthresh:2147483647: cwnd:10: delivered:1: lost:0: retrans:0
[  242.054492] AAAAA-TCP_RECV: name:enp0s3: saddr:100932208: daddr:33561200: srtt_us:1974120: RTT:246765: ssthresh:2147483647: cwnd:10: delivered:1: lost:0: retrans:0
[  242.054554] AAAAA-TCP_SEND: name:enp0s3: saddr:33561200: daddr:100932208: srtt_us:1974120: RTT:246765: ssthresh:2147483647: cwnd:10: delivered:1: lost:0: retrans:0
[  242.150849] AAAAA-TCP_RECV: name:enp0s3: saddr:100932208: daddr:33561200: srtt_us:1974120: RTT:246765: ssthresh:2147483647: cwnd:10: delivered:1: lost:0: retrans:0
[  242.150903] AAAAA-TCP_SEND: name:enp0s3: saddr:33561200: daddr:100932208: srtt_us:1974120: RTT:246765: ssthresh:2147483647: cwnd:10: delivered:1: lost:0: retrans:0
[  242.270395] AAAAA-TCP_RECV: name:enp0s3: saddr:100932208: daddr:33561200: srtt_us:1974120: RTT:246765: ssthresh:2147483647: cwnd:10: delivered:1: lost:0: retrans:0
[  242.270440] AAAAA-TCP_SEND: name:enp0s3: saddr:33561200: daddr:100932208: srtt_us:1974120: RTT:246765: ssthresh:2147483647: cwnd:10: delivered:1: lost:0: retrans:0
[  242.295859] AAAAA-TCP_RECV: name:enp0s3: saddr:100932208: daddr:33561200: srtt_us:1974120: RTT:246765: ssthresh:2147483647: cwnd:10: delivered:1: lost:0: retrans:0
[  242.295885] AAAAA-TCP_SEND: name:enp0s3: saddr:33561200: daddr:100932208: srtt_us:1974120: RTT:246765: ssthresh:2147483647: cwnd:10: delivered:1: lost:0: retrans:0
[  242.376310] AAAAA-TCP_RECV: name:enp0s3: saddr:100932208: daddr:16783984: srtt_us:1655192: RTT:206899: ssthresh:2147483647: cwnd:10: delivered:1: lost:0: retrans:0
[  242.376340] AAAAA-TCP_SEND: name:enp0s3: saddr:16783984: daddr:100932208: srtt_us:1655192: RTT:206899: ssthresh:2147483647: cwnd:10: delivered:1: lost:0: retrans:0
[  242.460193] AAAAA-TCP_RECV: name:enp0s3: saddr:100932208: daddr:33561200: srtt_us:1974120: RTT:246765: ssthresh:2147483647: cwnd:10: delivered:1: lost:0: retrans:0
[  242.460281] AAAAA-TCP_SEND: name:enp0s3: saddr:33561200: daddr:100932208: srtt_us:1974120: RTT:246765: ssthresh:2147483647: cwnd:10: delivered:1: lost:0: retrans:0
[  242.666037] AAAAA-TCP_RECV: name:enp0s3: saddr:100932208: daddr:16783984: srtt_us:1655192: RTT:206899: ssthresh:2147483647: cwnd:10: delivered:1: lost:0: retrans:0
[  242.666084] AAAAA-TCP_SEND: name:enp0s3: saddr:16783984: daddr:100932208: srtt_us:1655192: RTT:206899: ssthresh:2147483647: cwnd:10: delivered:1: lost:0: retrans:0
[  242.821089] AAAAA-TCP_RECV: name:enp0s3: saddr:100932208: daddr:16783984: srtt_us:1655192: RTT:206899: ssthresh:2147483647: cwnd:10: delivered:1: lost:0: retrans:0
[  242.821113] AAAAA-TCP_SEND: name:enp0s3: saddr:16783984: daddr:100932208: srtt_us:1655192: RTT:206899: ssthresh:2147483647: cwnd:10: delivered:1: lost:0: retrans:0
[  242.968462] AAAAA-TCP_RECV: name:enp0s3: saddr:100932208: daddr:16783984: srtt_us:1655192: RTT:206899: ssthresh:2147483647: cwnd:10: delivered:1: lost:0: retrans:0
[  242.968514] AAAAA-TCP_SEND: name:enp0s3: saddr:16783984: daddr:100932208: srtt_us:1655192: RTT:206899: ssthresh:2147483647: cwnd:10: delivered:1: lost:0: retrans:0
[  243.108948] AAAAA-TCP_RECV: name:enp0s3: saddr:100932208: daddr:16783984: srtt_us:1655192: RTT:206899: ssthresh:2147483647: cwnd:10: delivered:1: lost:0: retrans:0
[  243.108993] AAAAA-TCP_SEND: name:enp0s3: saddr:16783984: daddr:100932208: srtt_us:1655192: RTT:206899: ssthresh:2147483647: cwnd:10: delivered:1: lost:0: retrans:0
[  243.160562] AAAAA-TCP_RECV: name:enp0s3: saddr:100932208: daddr:16783984: srtt_us:1655192: RTT:206899: ssthresh:2147483647: cwnd:10: delivered:1: lost:0: retrans:0
[  243.160598] AAAAA-TCP_SEND: name:enp0s3: saddr:16783984: daddr:100932208: srtt_us:1655192: RTT:206899: ssthresh:2147483647: cwnd:10: delivered:1: lost:0: retrans:0
[  243.319187] AAAAA-TCP_RECV: name:enp0s3: saddr:100932208: daddr:16783984: srtt_us:1655192: RTT:206899: ssthresh:2147483647: cwnd:10: delivered:1: lost:0: retrans:0
[  243.319316] AAAAA-TCP_SEND: name:enp0s3: saddr:16783984: daddr:100932208: srtt_us:1655192: RTT:206899: ssthresh:2147483647: cwnd:10: delivered:1: lost:0: retrans:0
[  243.552967] AAAAA-TCP_RECV: name:enp0s3: saddr:100932208: daddr:33561200: srtt_us:1974120: RTT:246765: ssthresh:2147483647: cwnd:10: delivered:1: lost:0: retrans:0
[  243.553007] AAAAA-TCP_SEND: name:enp0s3: saddr:33561200: daddr:100932208: srtt_us:1974120: RTT:246765: ssthresh:2147483647: cwnd:10: delivered:1: lost:0: retrans:0
[  243.674000] AAAAA-TCP_RECV: name:enp0s3: saddr:100932208: daddr:16783984: srtt_us:1655192: RTT:206899: ssthresh:2147483647: cwnd:10: delivered:1: lost:0: retrans:0
[  243.674044] AAAAA-TCP_SEND: name:enp0s3: saddr:16783984: daddr:100932208: srtt_us:1655192: RTT:206899: ssthresh:2147483647: cwnd:10: delivered:1: lost:0: retrans:0
[  243.785205] AAAAA-TCP_RECV: name:enp0s3: saddr:100932208: daddr:16783984: srtt_us:1655192: RTT:206899: ssthresh:2147483647: cwnd:10: delivered:1: lost:0: retrans:0
[  243.785243] AAAAA-TCP_SEND: name:enp0s3: saddr:16783984: daddr:100932208: srtt_us:1655192: RTT:206899: ssthresh:2147483647: cwnd:10: delivered:1: lost:0: retrans:0
[  243.836209] AAAAA-TCP_RECV: name:enp0s3: saddr:100932208: daddr:16783984: srtt_us:1655192: RTT:206899: ssthresh:2147483647: cwnd:10: delivered:1: lost:0: retrans:0
[  243.836247] AAAAA-TCP_SEND: name:enp0s3: saddr:16783984: daddr:100932208: srtt_us:1655192: RTT:206899: ssthresh:2147483647: cwnd:10: delivered:1: lost:0: retrans:0
[  243.981521] AAAAA-TCP_RECV: name:enp0s3: saddr:100932208: daddr:16783984: srtt_us:1655192: RTT:206899: ssthresh:2147483647: cwnd:10: delivered:1: lost:0: retrans:0
[  243.981561] AAAAA-TCP_SEND: name:enp0s3: saddr:16783984: daddr:100932208: srtt_us:1655192: RTT:206899: ssthresh:2147483647: cwnd:10: delivered:1: lost:0: retrans:0
[  244.010646] AAAAA-TCP_RECV: name:enp0s3: saddr:100932208: daddr:16783984: srtt_us:1655192: RTT:206899: ssthresh:2147483647: cwnd:10: delivered:1: lost:0: retrans:0
[  244.010692] AAAAA-TCP_SEND: name:enp0s3: saddr:16783984: daddr:100932208: srtt_us:1655192: RTT:206899: ssthresh:2147483647: cwnd:10: delivered:1: lost:0: retrans:0
[  244.101196] AAAAA-TCP_RECV: name:enp0s3: saddr:100932208: daddr:16783984: srtt_us:1655192: RTT:206899: ssthresh:2147483647: cwnd:10: delivered:1: lost:0: retrans:0
[  244.101242] AAAAA-TCP_SEND: name:enp0s3: saddr:16783984: daddr:100932208: srtt_us:1655192: RTT:206899: ssthresh:2147483647: cwnd:10: delivered:1: lost:0: retrans:0
[  244.140205] AAAAA-TCP_RECV: name:enp0s3: saddr:100932208: daddr:16783984: srtt_us:1655192: RTT:206899: ssthresh:2147483647: cwnd:10: delivered:1: lost:0: retrans:0
[  244.140242] AAAAA-TCP_SEND: name:enp0s3: saddr:16783984: daddr:100932208: srtt_us:1655192: RTT:206899: ssthresh:2147483647: cwnd:10: delivered:1: lost:0: retrans:0
[  244.215957] AAAAA-TCP_RECV: name:enp0s3: saddr:100932208: daddr:16783984: srtt_us:1655192: RTT:206899: ssthresh:2147483647: cwnd:10: delivered:1: lost:0: retrans:0
[  244.215998] AAAAA-TCP_SEND: name:enp0s3: saddr:16783984: daddr:100932208: srtt_us:1655192: RTT:206899: ssthresh:2147483647: cwnd:10: delivered:1: lost:0: retrans:0
[  244.280205] AAAAA-TCP_RECV: name:enp0s3: saddr:100932208: daddr:16783984: srtt_us:1655192: RTT:206899: ssthresh:2147483647: cwnd:10: delivered:1: lost:0: retrans:0
[  244.280241] AAAAA-TCP_SEND: name:enp0s3: saddr:16783984: daddr:100932208: srtt_us:1655192: RTT:206899: ssthresh:2147483647: cwnd:10: delivered:1: lost:0: retrans:0
[  244.341526] AAAAA-TCP_RECV: name:enp0s3: saddr:100932208: daddr:16783984: srtt_us:1655192: RTT:206899: ssthresh:2147483647: cwnd:10: delivered:1: lost:0: retrans:0
[  244.341559] AAAAA-TCP_SEND: name:enp0s3: saddr:16783984: daddr:100932208: srtt_us:1655192: RTT:206899: ssthresh:2147483647: cwnd:10: delivered:1: lost:0: retrans:0
[  244.737956] AAAAA-TCP_RECV: name:enp0s3: saddr:100932208: daddr:16783984: srtt_us:1655192: RTT:206899: ssthresh:2147483647: cwnd:10: delivered:1: lost:0: retrans:0
[  244.738232] AAAAA-TCP_SEND: name:enp0s3: saddr:16783984: daddr:100932208: srtt_us:1655192: RTT:206899: ssthresh:2147483647: cwnd:10: delivered:1: lost:0: retrans:0
[  244.878964] AAAAA-TCP_RECV: name:enp0s3: saddr:100932208: daddr:16783984: srtt_us:1655192: RTT:206899: ssthresh:2147483647: cwnd:10: delivered:1: lost:0: retrans:0
[  244.879180] AAAAA-TCP_SEND: name:enp0s3: saddr:16783984: daddr:100932208: srtt_us:1655192: RTT:206899: ssthresh:2147483647: cwnd:10: delivered:1: lost:0: retrans:0
[  244.904912] AAAAA-TCP_RECV: name:enp0s3: saddr:100932208: daddr:33561200: srtt_us:1974120: RTT:246765: ssthresh:2147483647: cwnd:10: delivered:1: lost:0: retrans:0
[  244.904988] AAAAA-TCP_SEND: name:enp0s3: saddr:33561200: daddr:100932208: srtt_us:1974120: RTT:246765: ssthresh:2147483647: cwnd:10: delivered:1: lost:0: retrans:0
[  244.975193] AAAAA-TCP_RECV: name:enp0s3: saddr:100932208: daddr:33561200: srtt_us:1974120: RTT:246765: ssthresh:2147483647: cwnd:10: delivered:1: lost:0: retrans:0
[  244.975211] AAAAA-TCP_SEND: name:enp0s3: saddr:33561200: daddr:100932208: srtt_us:1974120: RTT:246765: ssthresh:2147483647: cwnd:10: delivered:1: lost:0: retrans:0
[  245.005091] AAAAA-TCP_RECV: name:enp0s3: saddr:100932208: daddr:16783984: srtt_us:1655192: RTT:206899: ssthresh:2147483647: cwnd:10: delivered:1: lost:0: retrans:0
[  245.005275] AAAAA-TCP_SEND: name:enp0s3: saddr:16783984: daddr:100932208: srtt_us:1655192: RTT:206899: ssthresh:2147483647: cwnd:10: delivered:1: lost:0: retrans:0
[  245.101674] AAAAA-TCP_RECV: name:enp0s3: saddr:100932208: daddr:33561200: srtt_us:1974120: RTT:246765: ssthresh:2147483647: cwnd:10: delivered:1: lost:0: retrans:0
[  245.101744] AAAAA-TCP_SEND: name:enp0s3: saddr:33561200: daddr:100932208: srtt_us:1974120: RTT:246765: ssthresh:2147483647: cwnd:10: delivered:1: lost:0: retrans:0
[  245.147896] AAAAA-TCP_RECV: name:enp0s3: saddr:100932208: daddr:16783984: srtt_us:1655192: RTT:206899: ssthresh:2147483647: cwnd:10: delivered:1: lost:0: retrans:0
[  245.148195] AAAAA-TCP_SEND: name:enp0s3: saddr:16783984: daddr:100932208: srtt_us:1655192: RTT:206899: ssthresh:2147483647: cwnd:10: delivered:1: lost:0: retrans:0
[  245.328447] AAAAA-TCP_RECV: name:enp0s3: saddr:100932208: daddr:33561200: srtt_us:1974120: RTT:246765: ssthresh:2147483647: cwnd:10: delivered:1: lost:0: retrans:0
[  245.328490] AAAAA-TCP_SEND: name:enp0s3: saddr:33561200: daddr:100932208: srtt_us:1974120: RTT:246765: ssthresh:2147483647: cwnd:10: delivered:1: lost:0: retrans:0
[  245.416287] AAAAA-TCP_RECV: name:enp0s3: saddr:100932208: daddr:33561200: srtt_us:1974120: RTT:246765: ssthresh:2147483647: cwnd:10: delivered:1: lost:0: retrans:0
[  245.416318] AAAAA-TCP_SEND: name:enp0s3: saddr:33561200: daddr:100932208: srtt_us:1974120: RTT:246765: ssthresh:2147483647: cwnd:10: delivered:1: lost:0: retrans:0
[  245.443324] AAAAA-TCP_RECV: name:enp0s3: saddr:100932208: daddr:33561200: srtt_us:1974120: RTT:246765: ssthresh:2147483647: cwnd:10: delivered:1: lost:0: retrans:0
[  245.443352] AAAAA-TCP_SEND: name:enp0s3: saddr:33561200: daddr:100932208: srtt_us:1974120: RTT:246765: ssthresh:2147483647: cwnd:10: delivered:1: lost:0: retrans:0
[  245.529799] AAAAA-TCP_RECV: name:enp0s3: saddr:100932208: daddr:33561200: srtt_us:1974120: RTT:246765: ssthresh:2147483647: cwnd:10: delivered:1: lost:0: retrans:0
[  245.529830] AAAAA-TCP_SEND: name:enp0s3: saddr:33561200: daddr:100932208: srtt_us:1974120: RTT:246765: ssthresh:2147483647: cwnd:10: delivered:1: lost:0: retrans:0
[  245.689793] AAAAA-TCP_RECV: name:enp0s3: saddr:100932208: daddr:33561200: srtt_us:1974120: RTT:246765: ssthresh:2147483647: cwnd:10: delivered:1: lost:0: retrans:0
[  245.689809] AAAAA-TCP_SEND: name:enp0s3: saddr:33561200: daddr:100932208: srtt_us:1974120: RTT:246765: ssthresh:2147483647: cwnd:10: delivered:1: lost:0: retrans:0
[  245.814951] AAAAA-TCP_RECV: name:enp0s3: saddr:100932208: daddr:33561200: srtt_us:1974120: RTT:246765: ssthresh:2147483647: cwnd:10: delivered:1: lost:0: retrans:0
[  245.815022] AAAAA-TCP_SEND: name:enp0s3: saddr:33561200: daddr:100932208: srtt_us:1974120: RTT:246765: ssthresh:2147483647: cwnd:10: delivered:1: lost:0: retrans:0
[  245.888678] AAAAA-TCP_RECV: name:enp0s3: saddr:100932208: daddr:33561200: srtt_us:1974120: RTT:246765: ssthresh:2147483647: cwnd:10: delivered:1: lost:0: retrans:0
[  245.888721] AAAAA-TCP_SEND: name:enp0s3: saddr:33561200: daddr:100932208: srtt_us:1974120: RTT:246765: ssthresh:2147483647: cwnd:10: delivered:1: lost:0: retrans:0
[  245.952020] AAAAA-TCP_RECV: name:enp0s3: saddr:100932208: daddr:33561200: srtt_us:1974120: RTT:246765: ssthresh:2147483647: cwnd:10: delivered:1: lost:0: retrans:0
[  245.952058] AAAAA-TCP_SEND: name:enp0s3: saddr:33561200: daddr:100932208: srtt_us:1974120: RTT:246765: ssthresh:2147483647: cwnd:10: delivered:1: lost:0: retrans:0
[  246.021515] AAAAA-TCP_RECV: name:enp0s3: saddr:100932208: daddr:33561200: srtt_us:1974120: RTT:246765: ssthresh:2147483647: cwnd:10: delivered:1: lost:0: retrans:0
[  246.021554] AAAAA-TCP_SEND: name:enp0s3: saddr:33561200: daddr:100932208: srtt_us:1974120: RTT:246765: ssthresh:2147483647: cwnd:10: delivered:1: lost:0: retrans:0
[  246.067770] AAAAA-TCP_RECV: name:enp0s3: saddr:100932208: daddr:33561200: srtt_us:1974120: RTT:246765: ssthresh:2147483647: cwnd:10: delivered:1: lost:0: retrans:0
[  246.067799] AAAAA-TCP_SEND: name:enp0s3: saddr:33561200: daddr:100932208: srtt_us:1974120: RTT:246765: ssthresh:2147483647: cwnd:10: delivered:1: lost:0: retrans:0
[  246.167622] AAAAA-TCP_RECV: name:enp0s3: saddr:100932208: daddr:33561200: srtt_us:1974120: RTT:246765: ssthresh:2147483647: cwnd:10: delivered:1: lost:0: retrans:0
[  246.167685] AAAAA-TCP_SEND: name:enp0s3: saddr:33561200: daddr:100932208: srtt_us:1974120: RTT:246765: ssthresh:2147483647: cwnd:10: delivered:1: lost:0: retrans:0
[  246.500914] AAAAA-TCP_RECV: name:enp0s3: saddr:100932208: daddr:33561200: srtt_us:1974120: RTT:246765: ssthresh:2147483647: cwnd:10: delivered:1: lost:0: retrans:0
[  246.500962] AAAAA-TCP_SEND: name:enp0s3: saddr:33561200: daddr:100932208: srtt_us:1974120: RTT:246765: ssthresh:2147483647: cwnd:10: delivered:1: lost:0: retrans:0
[  246.571857] AAAAA-TCP_RECV: name:enp0s3: saddr:100932208: daddr:33561200: srtt_us:1974120: RTT:246765: ssthresh:2147483647: cwnd:10: delivered:1: lost:0: retrans:0
[  246.571900] AAAAA-TCP_SEND: name:enp0s3: saddr:33561200: daddr:100932208: srtt_us:1974120: RTT:246765: ssthresh:2147483647: cwnd:10: delivered:1: lost:0: retrans:0
[  246.672021] AAAAA-TCP_RECV: name:enp0s3: saddr:100932208: daddr:33561200: srtt_us:1974120: RTT:246765: ssthresh:2147483647: cwnd:10: delivered:1: lost:0: retrans:0
[  246.672054] AAAAA-TCP_SEND: name:enp0s3: saddr:33561200: daddr:100932208: srtt_us:1974120: RTT:246765: ssthresh:2147483647: cwnd:10: delivered:1: lost:0: retrans:0
[  246.741907] AAAAA-TCP_RECV: name:enp0s3: saddr:100932208: daddr:33561200: srtt_us:1974120: RTT:246765: ssthresh:2147483647: cwnd:10: delivered:1: lost:0: retrans:0
[  246.741947] AAAAA-TCP_SEND: name:enp0s3: saddr:33561200: daddr:100932208: srtt_us:1974120: RTT:246765: ssthresh:2147483647: cwnd:10: delivered:1: lost:0: retrans:0
[  246.894838] AAAAA-TCP_RECV: name:enp0s3: saddr:100932208: daddr:33561200: srtt_us:1974120: RTT:246765: ssthresh:2147483647: cwnd:10: delivered:1: lost:0: retrans:0
[  246.894911] AAAAA-TCP_SEND: name:enp0s3: saddr:33561200: daddr:100932208: srtt_us:1974120: RTT:246765: ssthresh:2147483647: cwnd:10: delivered:1: lost:0: retrans:0
[  247.006218] AAAAA-TCP_RECV: name:enp0s3: saddr:100932208: daddr:33561200: srtt_us:1974120: RTT:246765: ssthresh:2147483647: cwnd:10: delivered:1: lost:0: retrans:0
[  247.006627] AAAAA-TCP_SEND: name:enp0s3: saddr:33561200: daddr:100932208: srtt_us:1974120: RTT:246765: ssthresh:2147483647: cwnd:10: delivered:1: lost:0: retrans:0
[  247.459059] AAAAA-TCP_RECV: name:enp0s3: saddr:100932208: daddr:16783984: srtt_us:1655192: RTT:206899: ssthresh:2147483647: cwnd:10: delivered:1: lost:0: retrans:0
[  247.459139] AAAAA-TCP_SEND: name:enp0s3: saddr:16783984: daddr:100932208: srtt_us:1655192: RTT:206899: ssthresh:2147483647: cwnd:10: delivered:1: lost:0: retrans:0
[  247.555097] AAAAA-TCP_RECV: name:enp0s3: saddr:100932208: daddr:16783984: srtt_us:1655192: RTT:206899: ssthresh:2147483647: cwnd:10: delivered:1: lost:0: retrans:0
[  247.555166] AAAAA-TCP_SEND: name:enp0s3: saddr:16783984: daddr:100932208: srtt_us:1655192: RTT:206899: ssthresh:2147483647: cwnd:10: delivered:1: lost:0: retrans:0
[  247.652504] AAAAA-TCP_RECV: name:enp0s3: saddr:100932208: daddr:16783984: srtt_us:1655192: RTT:206899: ssthresh:2147483647: cwnd:10: delivered:1: lost:0: retrans:0
[  247.652574] AAAAA-TCP_SEND: name:enp0s3: saddr:16783984: daddr:100932208: srtt_us:1655192: RTT:206899: ssthresh:2147483647: cwnd:10: delivered:1: lost:0: retrans:0
[  247.728083] AAAAA-TCP_RECV: name:enp0s3: saddr:100932208: daddr:16783984: srtt_us:1655192: RTT:206899: ssthresh:2147483647: cwnd:10: delivered:1: lost:0: retrans:0
[  247.728151] AAAAA-TCP_SEND: name:enp0s3: saddr:16783984: daddr:100932208: srtt_us:1655192: RTT:206899: ssthresh:2147483647: cwnd:10: delivered:1: lost:0: retrans:0
[  247.829096] AAAAA-TCP_RECV: name:enp0s3: saddr:100932208: daddr:16783984: srtt_us:1655192: RTT:206899: ssthresh:2147483647: cwnd:10: delivered:1: lost:0: retrans:0
[  247.829162] AAAAA-TCP_SEND: name:enp0s3: saddr:16783984: daddr:100932208: srtt_us:1655192: RTT:206899: ssthresh:2147483647: cwnd:10: delivered:1: lost:0: retrans:0
[  247.907158] AAAAA-TCP_RECV: name:enp0s3: saddr:100932208: daddr:16783984: srtt_us:1655192: RTT:206899: ssthresh:2147483647: cwnd:10: delivered:1: lost:0: retrans:0
[  247.907224] AAAAA-TCP_SEND: name:enp0s3: saddr:16783984: daddr:100932208: srtt_us:1655192: RTT:206899: ssthresh:2147483647: cwnd:10: delivered:1: lost:0: retrans:0
[  247.983391] AAAAA-TCP_RECV: name:enp0s3: saddr:100932208: daddr:16783984: srtt_us:1655192: RTT:206899: ssthresh:2147483647: cwnd:10: delivered:1: lost:0: retrans:0
[  247.983455] AAAAA-TCP_SEND: name:enp0s3: saddr:16783984: daddr:100932208: srtt_us:1655192: RTT:206899: ssthresh:2147483647: cwnd:10: delivered:1: lost:0: retrans:0
[  248.064375] AAAAA-TCP_RECV: name:enp0s3: saddr:100932208: daddr:16783984: srtt_us:1655192: RTT:206899: ssthresh:2147483647: cwnd:10: delivered:1: lost:0: retrans:0
[  248.064435] AAAAA-TCP_SEND: name:enp0s3: saddr:16783984: daddr:100932208: srtt_us:1655192: RTT:206899: ssthresh:2147483647: cwnd:10: delivered:1: lost:0: retrans:0
[  248.117973] AAAAA-TCP_RECV: name:enp0s3: saddr:100932208: daddr:16783984: srtt_us:1655192: RTT:206899: ssthresh:2147483647: cwnd:10: delivered:1: lost:0: retrans:0
[  248.118030] AAAAA-TCP_SEND: name:enp0s3: saddr:16783984: daddr:100932208: srtt_us:1655192: RTT:206899: ssthresh:2147483647: cwnd:10: delivered:1: lost:0: retrans:0
[  248.192967] AAAAA-TCP_RECV: name:enp0s3: saddr:100932208: daddr:16783984: srtt_us:1655192: RTT:206899: ssthresh:2147483647: cwnd:10: delivered:1: lost:0: retrans:0
[  248.193028] AAAAA-TCP_SEND: name:enp0s3: saddr:16783984: daddr:100932208: srtt_us:1655192: RTT:206899: ssthresh:2147483647: cwnd:10: delivered:1: lost:0: retrans:0
[  248.445058] AAAAA-TCP_RECV: name:enp0s3: saddr:100932208: daddr:16783984: srtt_us:1655192: RTT:206899: ssthresh:2147483647: cwnd:10: delivered:1: lost:0: retrans:0
[  248.445090] AAAAA-TCP_SEND: name:enp0s3: saddr:16783984: daddr:100932208: srtt_us:1655192: RTT:206899: ssthresh:2147483647: cwnd:10: delivered:1: lost:0: retrans:0
[  248.560566] AAAAA-TCP_RECV: name:enp0s3: saddr:100932208: daddr:16783984: srtt_us:1655192: RTT:206899: ssthresh:2147483647: cwnd:10: delivered:1: lost:0: retrans:0
[  248.560608] AAAAA-TCP_SEND: name:enp0s3: saddr:16783984: daddr:100932208: srtt_us:1655192: RTT:206899: ssthresh:2147483647: cwnd:10: delivered:1: lost:0: retrans:0
[  249.087343] AAAAA-TCP_RECV: name:enp0s3: saddr:100932208: daddr:16783984: srtt_us:1655192: RTT:206899: ssthresh:2147483647: cwnd:10: delivered:1: lost:0: retrans:0
[  249.087392] AAAAA-TCP_SEND: name:enp0s3: saddr:16783984: daddr:100932208: srtt_us:1655192: RTT:206899: ssthresh:2147483647: cwnd:10: delivered:1: lost:0: retrans:0
[  249.187001] AAAAA-TCP_RECV: name:enp0s3: saddr:100932208: daddr:16783984: srtt_us:1655192: RTT:206899: ssthresh:2147483647: cwnd:10: delivered:1: lost:0: retrans:0
[  249.187045] AAAAA-TCP_SEND: name:enp0s3: saddr:16783984: daddr:100932208: srtt_us:1655192: RTT:206899: ssthresh:2147483647: cwnd:10: delivered:1: lost:0: retrans:0
[  249.271220] AAAAA-TCP_RECV: name:enp0s3: saddr:100932208: daddr:16783984: srtt_us:1655192: RTT:206899: ssthresh:2147483647: cwnd:10: delivered:1: lost:0: retrans:0
[  249.271256] AAAAA-TCP_SEND: name:enp0s3: saddr:16783984: daddr:100932208: srtt_us:1655192: RTT:206899: ssthresh:2147483647: cwnd:10: delivered:1: lost:0: retrans:0
[  249.368858] AAAAA-TCP_RECV: name:enp0s3: saddr:100932208: daddr:16783984: srtt_us:1655192: RTT:206899: ssthresh:2147483647: cwnd:10: delivered:1: lost:0: retrans:0
[  249.368896] AAAAA-TCP_SEND: name:enp0s3: saddr:16783984: daddr:100932208: srtt_us:1655192: RTT:206899: ssthresh:2147483647: cwnd:10: delivered:1: lost:0: retrans:0
[  249.443714] AAAAA-TCP_RECV: name:enp0s3: saddr:100932208: daddr:16783984: srtt_us:1655192: RTT:206899: ssthresh:2147483647: cwnd:10: delivered:1: lost:0: retrans:0
[  249.443868] AAAAA-TCP_SEND: name:enp0s3: saddr:16783984: daddr:100932208: srtt_us:1655192: RTT:206899: ssthresh:2147483647: cwnd:10: delivered:1: lost:0: retrans:0
[  249.530439] AAAAA-TCP_RECV: name:enp0s3: saddr:100932208: daddr:16783984: srtt_us:1655192: RTT:206899: ssthresh:2147483647: cwnd:10: delivered:1: lost:0: retrans:0
[  249.530502] AAAAA-TCP_SEND: name:enp0s3: saddr:16783984: daddr:100932208: srtt_us:1655192: RTT:206899: ssthresh:2147483647: cwnd:10: delivered:1: lost:0: retrans:0
[  249.683911] AAAAA-TCP_RECV: name:enp0s3: saddr:100932208: daddr:16783984: srtt_us:1655192: RTT:206899: ssthresh:2147483647: cwnd:10: delivered:1: lost:0: retrans:0
[  249.683982] AAAAA-TCP_SEND: name:enp0s3: saddr:16783984: daddr:100932208: srtt_us:1655192: RTT:206899: ssthresh:2147483647: cwnd:10: delivered:1: lost:0: retrans:0
[  249.833943] AAAAA-TCP_RECV: name:enp0s3: saddr:100932208: daddr:16783984: srtt_us:1655192: RTT:206899: ssthresh:2147483647: cwnd:10: delivered:1: lost:0: retrans:0
[  249.834157] AAAAA-TCP_SEND: name:enp0s3: saddr:16783984: daddr:100932208: srtt_us:1655192: RTT:206899: ssthresh:2147483647: cwnd:10: delivered:1: lost:0: retrans:0
[  249.936173] AAAAA-TCP_RECV: name:enp0s3: saddr:100932208: daddr:16783984: srtt_us:1655192: RTT:206899: ssthresh:2147483647: cwnd:10: delivered:1: lost:0: retrans:0
[  249.936293] AAAAA-TCP_SEND: name:enp0s3: saddr:16783984: daddr:100932208: srtt_us:1655192: RTT:206899: ssthresh:2147483647: cwnd:10: delivered:1: lost:0: retrans:0
[  250.021781] AAAAA-TCP_RECV: name:enp0s3: saddr:100932208: daddr:16783984: srtt_us:1655192: RTT:206899: ssthresh:2147483647: cwnd:10: delivered:1: lost:0: retrans:0
[  250.021841] AAAAA-TCP_SEND: name:enp0s3: saddr:16783984: daddr:100932208: srtt_us:1655192: RTT:206899: ssthresh:2147483647: cwnd:10: delivered:1: lost:0: retrans:0
[  250.084104] AAAAA-TCP_RECV: name:enp0s3: saddr:100932208: daddr:16783984: srtt_us:1655192: RTT:206899: ssthresh:2147483647: cwnd:10: delivered:1: lost:0: retrans:0
[  250.084157] AAAAA-TCP_SEND: name:enp0s3: saddr:16783984: daddr:100932208: srtt_us:1655192: RTT:206899: ssthresh:2147483647: cwnd:10: delivered:1: lost:0: retrans:0
[  250.228018] AAAAA-TCP_RECV: name:enp0s3: saddr:100932208: daddr:16783984: srtt_us:1655192: RTT:206899: ssthresh:2147483647: cwnd:10: delivered:1: lost:0: retrans:0
[  250.228089] AAAAA-TCP_SEND: name:enp0s3: saddr:16783984: daddr:100932208: srtt_us:1655192: RTT:206899: ssthresh:2147483647: cwnd:10: delivered:1: lost:0: retrans:0
[  250.313160] AAAAA-TCP_RECV: name:enp0s3: saddr:100932208: daddr:33561200: srtt_us:1974120: RTT:246765: ssthresh:2147483647: cwnd:10: delivered:1: lost:0: retrans:0
[  250.313186] AAAAA-TCP_SEND: name:enp0s3: saddr:33561200: daddr:100932208: srtt_us:1974120: RTT:246765: ssthresh:2147483647: cwnd:10: delivered:1: lost:0: retrans:0
[  250.398466] AAAAA-TCP_RECV: name:enp0s3: saddr:100932208: daddr:33561200: srtt_us:1974120: RTT:246765: ssthresh:2147483647: cwnd:10: delivered:1: lost:0: retrans:0
[  250.398522] AAAAA-TCP_SEND: name:enp0s3: saddr:33561200: daddr:100932208: srtt_us:1974120: RTT:246765: ssthresh:2147483647: cwnd:10: delivered:1: lost:0: retrans:0
[  250.461273] AAAAA-TCP_RECV: name:enp0s3: saddr:100932208: daddr:33561200: srtt_us:1974120: RTT:246765: ssthresh:2147483647: cwnd:10: delivered:1: lost:0: retrans:0
[  250.461329] AAAAA-TCP_SEND: name:enp0s3: saddr:33561200: daddr:100932208: srtt_us:1974120: RTT:246765: ssthresh:2147483647: cwnd:10: delivered:1: lost:0: retrans:0
[  250.530111] AAAAA-TCP_RECV: name:enp0s3: saddr:100932208: daddr:16783984: srtt_us:1655192: RTT:206899: ssthresh:2147483647: cwnd:10: delivered:1: lost:0: retrans:0
[  250.530254] AAAAA-TCP_SEND: name:enp0s3: saddr:16783984: daddr:100932208: srtt_us:1655192: RTT:206899: ssthresh:2147483647: cwnd:10: delivered:1: lost:0: retrans:0
[  250.584411] AAAAA-TCP_RECV: name:enp0s3: saddr:100932208: daddr:16783984: srtt_us:1655192: RTT:206899: ssthresh:2147483647: cwnd:10: delivered:1: lost:0: retrans:0
[  250.584615] AAAAA-TCP_SEND: name:enp0s3: saddr:16783984: daddr:100932208: srtt_us:1655192: RTT:206899: ssthresh:2147483647: cwnd:10: delivered:1: lost:0: retrans:0
[  250.695285] AAAAA-TCP_RECV: name:enp0s3: saddr:100932208: daddr:16783984: srtt_us:1655192: RTT:206899: ssthresh:2147483647: cwnd:10: delivered:1: lost:0: retrans:0
[  250.695443] AAAAA-TCP_SEND: name:enp0s3: saddr:16783984: daddr:100932208: srtt_us:1655192: RTT:206899: ssthresh:2147483647: cwnd:10: delivered:1: lost:0: retrans:0
[  250.853069] AAAAA-TCP_RECV: name:enp0s3: saddr:100932208: daddr:16783984: srtt_us:1655192: RTT:206899: ssthresh:2147483647: cwnd:10: delivered:1: lost:0: retrans:0
[  250.853100] AAAAA-TCP_SEND: name:enp0s3: saddr:16783984: daddr:100932208: srtt_us:1655192: RTT:206899: ssthresh:2147483647: cwnd:10: delivered:1: lost:0: retrans:0
[  250.910012] AAAAA-TCP_RECV: name:enp0s3: saddr:100932208: daddr:16783984: srtt_us:1655192: RTT:206899: ssthresh:2147483647: cwnd:10: delivered:1: lost:0: retrans:0
[  250.910042] AAAAA-TCP_SEND: name:enp0s3: saddr:16783984: daddr:100932208: srtt_us:1655192: RTT:206899: ssthresh:2147483647: cwnd:10: delivered:1: lost:0: retrans:0
[  250.987384] AAAAA-TCP_RECV: name:enp0s3: saddr:100932208: daddr:16783984: srtt_us:1655192: RTT:206899: ssthresh:2147483647: cwnd:10: delivered:1: lost:0: retrans:0
[  250.987412] AAAAA-TCP_SEND: name:enp0s3: saddr:16783984: daddr:100932208: srtt_us:1655192: RTT:206899: ssthresh:2147483647: cwnd:10: delivered:1: lost:0: retrans:0
[  251.038233] AAAAA-TCP_RECV: name:enp0s3: saddr:100932208: daddr:16783984: srtt_us:1655192: RTT:206899: ssthresh:2147483647: cwnd:10: delivered:1: lost:0: retrans:0
[  251.038729] AAAAA-TCP_SEND: name:enp0s3: saddr:16783984: daddr:100932208: srtt_us:1655192: RTT:206899: ssthresh:2147483647: cwnd:10: delivered:1: lost:0: retrans:0
[  251.067359] AAAAA-TCP_RECV: name:enp0s3: saddr:100932208: daddr:16783984: srtt_us:1655192: RTT:206899: ssthresh:2147483647: cwnd:10: delivered:1: lost:0: retrans:0
[  251.067811] AAAAA-TCP_SEND: name:enp0s3: saddr:16783984: daddr:100932208: srtt_us:1655192: RTT:206899: ssthresh:2147483647: cwnd:10: delivered:1: lost:0: retrans:0
[  251.167450] AAAAA-TCP_RECV: name:enp0s3: saddr:100932208: daddr:16783984: srtt_us:1655192: RTT:206899: ssthresh:2147483647: cwnd:10: delivered:1: lost:0: retrans:0
[  251.167644] AAAAA-TCP_SEND: name:enp0s3: saddr:16783984: daddr:100932208: srtt_us:1655192: RTT:206899: ssthresh:2147483647: cwnd:10: delivered:1: lost:0: retrans:0
[  251.263898] AAAAA-TCP_RECV: name:enp0s3: saddr:100932208: daddr:16783984: srtt_us:1655192: RTT:206899: ssthresh:2147483647: cwnd:10: delivered:1: lost:0: retrans:0
[  251.264373] AAAAA-TCP_SEND: name:enp0s3: saddr:16783984: daddr:100932208: srtt_us:1655192: RTT:206899: ssthresh:2147483647: cwnd:10: delivered:1: lost:0: retrans:0
[  251.331825] AAAAA-TCP_RECV: name:enp0s3: saddr:100932208: daddr:16783984: srtt_us:1655192: RTT:206899: ssthresh:2147483647: cwnd:10: delivered:1: lost:0: retrans:0
[  251.332339] AAAAA-TCP_SEND: name:enp0s3: saddr:16783984: daddr:100932208: srtt_us:1655192: RTT:206899: ssthresh:2147483647: cwnd:10: delivered:1: lost:0: retrans:0
[  251.380483] AAAAA-TCP_RECV: name:enp0s3: saddr:100932208: daddr:16783984: srtt_us:1655192: RTT:206899: ssthresh:2147483647: cwnd:10: delivered:1: lost:0: retrans:0
[  251.380956] AAAAA-TCP_SEND: name:enp0s3: saddr:16783984: daddr:100932208: srtt_us:1655192: RTT:206899: ssthresh:2147483647: cwnd:10: delivered:1: lost:0: retrans:0
[  251.441383] AAAAA-TCP_RECV: name:enp0s3: saddr:100932208: daddr:16783984: srtt_us:1655192: RTT:206899: ssthresh:2147483647: cwnd:10: delivered:1: lost:0: retrans:0
[  251.441843] AAAAA-TCP_SEND: name:enp0s3: saddr:16783984: daddr:100932208: srtt_us:1655192: RTT:206899: ssthresh:2147483647: cwnd:10: delivered:1: lost:0: retrans:0
[  251.517830] AAAAA-TCP_RECV: name:enp0s3: saddr:100932208: daddr:16783984: srtt_us:1655192: RTT:206899: ssthresh:2147483647: cwnd:10: delivered:1: lost:0: retrans:0
[  251.592827] AAAAA-TCP_RECV: name:enp0s3: saddr:100932208: daddr:33561200: srtt_us:1974120: RTT:246765: ssthresh:2147483647: cwnd:10: delivered:1: lost:0: retrans:0
[  251.592857] AAAAA-TCP_SEND: name:enp0s3: saddr:33561200: daddr:100932208: srtt_us:1974120: RTT:246765: ssthresh:2147483647: cwnd:10: delivered:1: lost:0: retrans:0
[  251.671920] AAAAA-TCP_RECV: name:enp0s3: saddr:100932208: daddr:33561200: srtt_us:1974120: RTT:246765: ssthresh:2147483647: cwnd:10: delivered:1: lost:0: retrans:0
[  251.671981] AAAAA-TCP_SEND: name:enp0s3: saddr:33561200: daddr:100932208: srtt_us:1974120: RTT:246765: ssthresh:2147483647: cwnd:10: delivered:1: lost:0: retrans:0
[  251.716150] AAAAA-TCP_RECV: name:enp0s3: saddr:100932208: daddr:33561200: srtt_us:1974120: RTT:246765: ssthresh:2147483647: cwnd:10: delivered:1: lost:0: retrans:0
[  251.716217] AAAAA-TCP_SEND: name:enp0s3: saddr:33561200: daddr:100932208: srtt_us:1974120: RTT:246765: ssthresh:2147483647: cwnd:10: delivered:1: lost:0: retrans:0
[  251.787090] AAAAA-TCP_RECV: name:enp0s3: saddr:100932208: daddr:33561200: srtt_us:1974120: RTT:246765: ssthresh:2147483647: cwnd:10: delivered:1: lost:0: retrans:0
[  251.787153] AAAAA-TCP_SEND: name:enp0s3: saddr:33561200: daddr:100932208: srtt_us:1974120: RTT:246765: ssthresh:2147483647: cwnd:10: delivered:1: lost:0: retrans:0
[  251.846919] AAAAA-TCP_RECV: name:enp0s3: saddr:100932208: daddr:33561200: srtt_us:1974120: RTT:246765: ssthresh:2147483647: cwnd:10: delivered:1: lost:0: retrans:0
[  251.846982] AAAAA-TCP_SEND: name:enp0s3: saddr:33561200: daddr:100932208: srtt_us:1974120: RTT:246765: ssthresh:2147483647: cwnd:10: delivered:1: lost:0: retrans:0
[  251.889500] AAAAA-TCP_RECV: name:enp0s3: saddr:100932208: daddr:33561200: srtt_us:1974120: RTT:246765: ssthresh:2147483647: cwnd:10: delivered:1: lost:0: retrans:0
[  251.889561] AAAAA-TCP_SEND: name:enp0s3: saddr:33561200: daddr:100932208: srtt_us:1974120: RTT:246765: ssthresh:2147483647: cwnd:10: delivered:1: lost:0: retrans:0
[  251.960480] AAAAA-TCP_RECV: name:enp0s3: saddr:100932208: daddr:33561200: srtt_us:1974120: RTT:246765: ssthresh:2147483647: cwnd:10: delivered:1: lost:0: retrans:0
[  251.960526] AAAAA-TCP_SEND: name:enp0s3: saddr:33561200: daddr:100932208: srtt_us:1974120: RTT:246765: ssthresh:2147483647: cwnd:10: delivered:1: lost:0: retrans:0
[  252.058395] AAAAA-TCP_RECV: name:enp0s3: saddr:100932208: daddr:33561200: srtt_us:1974120: RTT:246765: ssthresh:2147483647: cwnd:10: delivered:1: lost:0: retrans:0
[  252.058443] AAAAA-TCP_SEND: name:enp0s3: saddr:33561200: daddr:100932208: srtt_us:1974120: RTT:246765: ssthresh:2147483647: cwnd:10: delivered:1: lost:0: retrans:0
[  252.106372] AAAAA-TCP_RECV: name:enp0s3: saddr:100932208: daddr:33561200: srtt_us:1974120: RTT:246765: ssthresh:2147483647: cwnd:10: delivered:1: lost:0: retrans:0
[  252.106403] AAAAA-TCP_SEND: name:enp0s3: saddr:33561200: daddr:100932208: srtt_us:1974120: RTT:246765: ssthresh:2147483647: cwnd:10: delivered:1: lost:0: retrans:0
[  252.171567] AAAAA-TCP_RECV: name:enp0s3: saddr:100932208: daddr:33561200: srtt_us:1974120: RTT:246765: ssthresh:2147483647: cwnd:10: delivered:1: lost:0: retrans:0
[  252.171593] AAAAA-TCP_SEND: name:enp0s3: saddr:33561200: daddr:100932208: srtt_us:1974120: RTT:246765: ssthresh:2147483647: cwnd:10: delivered:1: lost:0: retrans:0
[  252.249538] AAAAA-TCP_RECV: name:enp0s3: saddr:100932208: daddr:33561200: srtt_us:1974120: RTT:246765: ssthresh:2147483647: cwnd:10: delivered:1: lost:0: retrans:0
[  252.249562] AAAAA-TCP_SEND: name:enp0s3: saddr:33561200: daddr:100932208: srtt_us:1974120: RTT:246765: ssthresh:2147483647: cwnd:10: delivered:1: lost:0: retrans:0
[  252.341105] AAAAA-TCP_RECV: name:enp0s3: saddr:100932208: daddr:33561200: srtt_us:1974120: RTT:246765: ssthresh:2147483647: cwnd:10: delivered:1: lost:0: retrans:0
[  252.341130] AAAAA-TCP_SEND: name:enp0s3: saddr:33561200: daddr:100932208: srtt_us:1974120: RTT:246765: ssthresh:2147483647: cwnd:10: delivered:1: lost:0: retrans:0
[  252.387140] AAAAA-TCP_RECV: name:enp0s3: saddr:100932208: daddr:33561200: srtt_us:1974120: RTT:246765: ssthresh:2147483647: cwnd:10: delivered:1: lost:0: retrans:0
[  252.387163] AAAAA-TCP_SEND: name:enp0s3: saddr:33561200: daddr:100932208: srtt_us:1974120: RTT:246765: ssthresh:2147483647: cwnd:10: delivered:1: lost:0: retrans:0
[  252.487185] AAAAA-TCP_RECV: name:enp0s3: saddr:100932208: daddr:33561200: srtt_us:1974120: RTT:246765: ssthresh:2147483647: cwnd:10: delivered:1: lost:0: retrans:0
[  252.487211] AAAAA-TCP_SEND: name:enp0s3: saddr:33561200: daddr:100932208: srtt_us:1974120: RTT:246765: ssthresh:2147483647: cwnd:10: delivered:1: lost:0: retrans:0
[  252.573270] AAAAA-TCP_RECV: name:enp0s3: saddr:100932208: daddr:33561200: srtt_us:1974120: RTT:246765: ssthresh:2147483647: cwnd:10: delivered:1: lost:0: retrans:0
[  252.573298] AAAAA-TCP_SEND: name:enp0s3: saddr:33561200: daddr:100932208: srtt_us:1974120: RTT:246765: ssthresh:2147483647: cwnd:10: delivered:1: lost:0: retrans:0
[  252.644700] AAAAA-TCP_RECV: name:enp0s3: saddr:100932208: daddr:33561200: srtt_us:1974120: RTT:246765: ssthresh:2147483647: cwnd:10: delivered:1: lost:0: retrans:0
[  252.644730] AAAAA-TCP_SEND: name:enp0s3: saddr:33561200: daddr:100932208: srtt_us:1974120: RTT:246765: ssthresh:2147483647: cwnd:10: delivered:1: lost:0: retrans:0
[  252.708957] AAAAA-TCP_RECV: name:enp0s3: saddr:100932208: daddr:33561200: srtt_us:1974120: RTT:246765: ssthresh:2147483647: cwnd:10: delivered:1: lost:0: retrans:0
[  252.708988] AAAAA-TCP_SEND: name:enp0s3: saddr:33561200: daddr:100932208: srtt_us:1974120: RTT:246765: ssthresh:2147483647: cwnd:10: delivered:1: lost:0: retrans:0
[  252.775482] AAAAA-TCP_RECV: name:enp0s3: saddr:100932208: daddr:16783984: srtt_us:1655192: RTT:206899: ssthresh:2147483647: cwnd:10: delivered:1: lost:0: retrans:0
[  252.825964] AAAAA-TCP_RECV: name:enp0s3: saddr:100932208: daddr:33561200: srtt_us:1974120: RTT:246765: ssthresh:2147483647: cwnd:10: delivered:1: lost:0: retrans:0
[  252.866169] AAAAA-TCP_RECV: name:enp0s3: saddr:100932208: daddr:33561200: srtt_us:1974120: RTT:246765: ssthresh:2147483647: cwnd:10: delivered:1: lost:0: retrans:0
[  252.866194] AAAAA-TCP_SEND: name:enp0s3: saddr:33561200: daddr:100932208: srtt_us:1974120: RTT:246765: ssthresh:2147483647: cwnd:10: delivered:1: lost:0: retrans:0
[  252.915309] AAAAA-TCP_RECV: name:enp0s3: saddr:100932208: daddr:33561200: srtt_us:1974120: RTT:246765: ssthresh:2147483647: cwnd:10: delivered:1: lost:0: retrans:0
[  252.915336] AAAAA-TCP_SEND: name:enp0s3: saddr:33561200: daddr:100932208: srtt_us:1974120: RTT:246765: ssthresh:2147483647: cwnd:10: delivered:1: lost:0: retrans:0
[  252.977436] AAAAA-TCP_RECV: name:enp0s3: saddr:100932208: daddr:33561200: srtt_us:1974120: RTT:246765: ssthresh:2147483647: cwnd:10: delivered:1: lost:0: retrans:0
[  252.977494] AAAAA-TCP_SEND: name:enp0s3: saddr:33561200: daddr:100932208: srtt_us:1974120: RTT:246765: ssthresh:2147483647: cwnd:10: delivered:1: lost:0: retrans:0
[  253.026991] AAAAA-TCP_RECV: name:enp0s3: saddr:100932208: daddr:33561200: srtt_us:1974120: RTT:246765: ssthresh:2147483647: cwnd:10: delivered:1: lost:0: retrans:0
[  253.027214] AAAAA-TCP_SEND: name:enp0s3: saddr:33561200: daddr:100932208: srtt_us:1974120: RTT:246765: ssthresh:2147483647: cwnd:10: delivered:1: lost:0: retrans:0
[  253.111780] AAAAA-TCP_RECV: name:enp0s3: saddr:100932208: daddr:33561200: srtt_us:1974120: RTT:246765: ssthresh:2147483647: cwnd:10: delivered:1: lost:0: retrans:0
[  253.111964] AAAAA-TCP_SEND: name:enp0s3: saddr:33561200: daddr:100932208: srtt_us:1974120: RTT:246765: ssthresh:2147483647: cwnd:10: delivered:1: lost:0: retrans:0
[  253.184523] AAAAA-TCP_RECV: name:enp0s3: saddr:100932208: daddr:33561200: srtt_us:1974120: RTT:246765: ssthresh:2147483647: cwnd:10: delivered:1: lost:0: retrans:0
[  253.184844] AAAAA-TCP_SEND: name:enp0s3: saddr:33561200: daddr:100932208: srtt_us:1974120: RTT:246765: ssthresh:2147483647: cwnd:10: delivered:1: lost:0: retrans:0
[  253.237918] AAAAA-TCP_RECV: name:enp0s3: saddr:100932208: daddr:33561200: srtt_us:1974120: RTT:246765: ssthresh:2147483647: cwnd:10: delivered:1: lost:0: retrans:0
[  253.238156] AAAAA-TCP_SEND: name:enp0s3: saddr:33561200: daddr:100932208: srtt_us:1974120: RTT:246765: ssthresh:2147483647: cwnd:10: delivered:1: lost:0: retrans:0
[  253.312617] AAAAA-TCP_RECV: name:enp0s3: saddr:100932208: daddr:33561200: srtt_us:1974120: RTT:246765: ssthresh:2147483647: cwnd:10: delivered:1: lost:0: retrans:0
[  253.312871] AAAAA-TCP_SEND: name:enp0s3: saddr:33561200: daddr:100932208: srtt_us:1974120: RTT:246765: ssthresh:2147483647: cwnd:10: delivered:1: lost:0: retrans:0
[  253.414769] AAAAA-TCP_RECV: name:enp0s3: saddr:100932208: daddr:33561200: srtt_us:1974120: RTT:246765: ssthresh:2147483647: cwnd:10: delivered:1: lost:0: retrans:0
[  253.416610] AAAAA-TCP_SEND: name:enp0s3: saddr:33561200: daddr:100932208: srtt_us:1974120: RTT:246765: ssthresh:2147483647: cwnd:10: delivered:1: lost:0: retrans:0
[  253.473434] AAAAA-TCP_RECV: name:enp0s3: saddr:100932208: daddr:33561200: srtt_us:1974120: RTT:246765: ssthresh:2147483647: cwnd:10: delivered:1: lost:0: retrans:0
[  253.473605] AAAAA-TCP_SEND: name:enp0s3: saddr:33561200: daddr:100932208: srtt_us:1974120: RTT:246765: ssthresh:2147483647: cwnd:10: delivered:1: lost:0: retrans:0
[  253.543704] AAAAA-TCP_RECV: name:enp0s3: saddr:100932208: daddr:16783984: srtt_us:1655192: RTT:206899: ssthresh:2147483647: cwnd:10: delivered:1: lost:0: retrans:0
[  253.543775] AAAAA-TCP_SEND: name:enp0s3: saddr:16783984: daddr:100932208: srtt_us:1655192: RTT:206899: ssthresh:2147483647: cwnd:10: delivered:1: lost:0: retrans:0
[  253.609916] AAAAA-TCP_RECV: name:enp0s3: saddr:100932208: daddr:16783984: srtt_us:1655192: RTT:206899: ssthresh:2147483647: cwnd:10: delivered:1: lost:0: retrans:0
[  253.610051] AAAAA-TCP_SEND: name:enp0s3: saddr:16783984: daddr:100932208: srtt_us:1655192: RTT:206899: ssthresh:2147483647: cwnd:10: delivered:1: lost:0: retrans:0
[  253.664197] AAAAA-TCP_RECV: name:enp0s3: saddr:100932208: daddr:16783984: srtt_us:1655192: RTT:206899: ssthresh:2147483647: cwnd:10: delivered:1: lost:0: retrans:0
[  253.664376] AAAAA-TCP_SEND: name:enp0s3: saddr:16783984: daddr:100932208: srtt_us:1655192: RTT:206899: ssthresh:2147483647: cwnd:10: delivered:1: lost:0: retrans:0
[  253.752512] AAAAA-TCP_RECV: name:enp0s3: saddr:100932208: daddr:16783984: srtt_us:1655192: RTT:206899: ssthresh:2147483647: cwnd:10: delivered:1: lost:0: retrans:0
[  253.752738] AAAAA-TCP_SEND: name:enp0s3: saddr:16783984: daddr:100932208: srtt_us:1655192: RTT:206899: ssthresh:2147483647: cwnd:10: delivered:1: lost:0: retrans:0
[  253.826320] AAAAA-TCP_RECV: name:enp0s3: saddr:100932208: daddr:16783984: srtt_us:1655192: RTT:206899: ssthresh:2147483647: cwnd:10: delivered:1: lost:0: retrans:0
[  253.826683] AAAAA-TCP_SEND: name:enp0s3: saddr:16783984: daddr:100932208: srtt_us:1655192: RTT:206899: ssthresh:2147483647: cwnd:10: delivered:1: lost:0: retrans:0
[  253.865374] AAAAA-TCP_RECV: name:enp0s3: saddr:100932208: daddr:16783984: srtt_us:1655192: RTT:206899: ssthresh:2147483647: cwnd:10: delivered:1: lost:0: retrans:0
[  253.865440] AAAAA-TCP_SEND: name:enp0s3: saddr:16783984: daddr:100932208: srtt_us:1655192: RTT:206899: ssthresh:2147483647: cwnd:10: delivered:1: lost:0: retrans:0
[  253.890152] AAAAA-TCP_RECV: name:enp0s3: saddr:100932208: daddr:16783984: srtt_us:1655192: RTT:206899: ssthresh:2147483647: cwnd:10: delivered:1: lost:0: retrans:0
[  253.890214] AAAAA-TCP_SEND: name:enp0s3: saddr:16783984: daddr:100932208: srtt_us:1655192: RTT:206899: ssthresh:2147483647: cwnd:10: delivered:1: lost:0: retrans:0
[  253.944399] AAAAA-TCP_RECV: name:enp0s3: saddr:100932208: daddr:16783984: srtt_us:1655192: RTT:206899: ssthresh:2147483647: cwnd:10: delivered:1: lost:0: retrans:0
[  253.944571] AAAAA-TCP_SEND: name:enp0s3: saddr:16783984: daddr:100932208: srtt_us:1655192: RTT:206899: ssthresh:2147483647: cwnd:10: delivered:1: lost:0: retrans:0
[  254.004695] AAAAA-TCP_RECV: name:enp0s3: saddr:100932208: daddr:16783984: srtt_us:1655192: RTT:206899: ssthresh:2147483647: cwnd:10: delivered:1: lost:0: retrans:0
[  254.004760] AAAAA-TCP_SEND: name:enp0s3: saddr:16783984: daddr:100932208: srtt_us:1655192: RTT:206899: ssthresh:2147483647: cwnd:10: delivered:1: lost:0: retrans:0
[  254.155865] AAAAA-TCP_RECV: name:enp0s3: saddr:100932208: daddr:16783984: srtt_us:1655192: RTT:206899: ssthresh:2147483647: cwnd:10: delivered:1: lost:0: retrans:0
[  254.155960] AAAAA-TCP_SEND: name:enp0s3: saddr:16783984: daddr:100932208: srtt_us:1655192: RTT:206899: ssthresh:2147483647: cwnd:10: delivered:1: lost:0: retrans:0
[  254.202092] AAAAA-TCP_RECV: name:enp0s3: saddr:100932208: daddr:16783984: srtt_us:1655192: RTT:206899: ssthresh:2147483647: cwnd:10: delivered:1: lost:0: retrans:0
[  254.203166] AAAAA-TCP_SEND: name:enp0s3: saddr:16783984: daddr:100932208: srtt_us:1655192: RTT:206899: ssthresh:2147483647: cwnd:10: delivered:1: lost:0: retrans:0
[  254.295887] AAAAA-TCP_RECV: name:enp0s3: saddr:100932208: daddr:16783984: srtt_us:1655192: RTT:206899: ssthresh:2147483647: cwnd:10: delivered:1: lost:0: retrans:0
[  254.297421] AAAAA-TCP_SEND: name:enp0s3: saddr:16783984: daddr:100932208: srtt_us:1655192: RTT:206899: ssthresh:2147483647: cwnd:10: delivered:1: lost:0: retrans:0
[  254.375831] AAAAA-TCP_RECV: name:enp0s3: saddr:100932208: daddr:16783984: srtt_us:1655192: RTT:206899: ssthresh:2147483647: cwnd:10: delivered:1: lost:0: retrans:0
[  254.376907] AAAAA-TCP_SEND: name:enp0s3: saddr:16783984: daddr:100932208: srtt_us:1655192: RTT:206899: ssthresh:2147483647: cwnd:10: delivered:1: lost:0: retrans:0
[  254.462989] AAAAA-TCP_RECV: name:enp0s3: saddr:100932208: daddr:16783984: srtt_us:1655192: RTT:206899: ssthresh:2147483647: cwnd:10: delivered:1: lost:0: retrans:0
[  254.464040] AAAAA-TCP_SEND: name:enp0s3: saddr:16783984: daddr:100932208: srtt_us:1655192: RTT:206899: ssthresh:2147483647: cwnd:10: delivered:1: lost:0: retrans:0
[  254.529142] AAAAA-TCP_RECV: name:enp0s3: saddr:100932208: daddr:16783984: srtt_us:1655192: RTT:206899: ssthresh:2147483647: cwnd:10: delivered:1: lost:0: retrans:0
[  254.530200] AAAAA-TCP_SEND: name:enp0s3: saddr:16783984: daddr:100932208: srtt_us:1655192: RTT:206899: ssthresh:2147483647: cwnd:10: delivered:1: lost:0: retrans:0
[  254.650323] AAAAA-TCP_RECV: name:enp0s3: saddr:100932208: daddr:16783984: srtt_us:1655192: RTT:206899: ssthresh:2147483647: cwnd:10: delivered:1: lost:0: retrans:0
[  254.651378] AAAAA-TCP_SEND: name:enp0s3: saddr:16783984: daddr:100932208: srtt_us:1655192: RTT:206899: ssthresh:2147483647: cwnd:10: delivered:1: lost:0: retrans:0
[  254.722767] AAAAA-TCP_RECV: name:enp0s3: saddr:100932208: daddr:16783984: srtt_us:1655192: RTT:206899: ssthresh:2147483647: cwnd:10: delivered:1: lost:0: retrans:0
[  254.723862] AAAAA-TCP_SEND: name:enp0s3: saddr:16783984: daddr:100932208: srtt_us:1655192: RTT:206899: ssthresh:2147483647: cwnd:10: delivered:1: lost:0: retrans:0
[  254.792366] AAAAA-TCP_RECV: name:enp0s3: saddr:100932208: daddr:16783984: srtt_us:1655192: RTT:206899: ssthresh:2147483647: cwnd:10: delivered:1: lost:0: retrans:0
[  254.793414] AAAAA-TCP_SEND: name:enp0s3: saddr:16783984: daddr:100932208: srtt_us:1655192: RTT:206899: ssthresh:2147483647: cwnd:10: delivered:1: lost:0: retrans:0
[  254.851176] AAAAA-TCP_RECV: name:enp0s3: saddr:100932208: daddr:16783984: srtt_us:1655192: RTT:206899: ssthresh:2147483647: cwnd:10: delivered:1: lost:0: retrans:0
[  254.852234] AAAAA-TCP_SEND: name:enp0s3: saddr:16783984: daddr:100932208: srtt_us:1655192: RTT:206899: ssthresh:2147483647: cwnd:10: delivered:1: lost:0: retrans:0
[  254.931107] AAAAA-TCP_RECV: name:enp0s3: saddr:100932208: daddr:16783984: srtt_us:1655192: RTT:206899: ssthresh:2147483647: cwnd:10: delivered:1: lost:0: retrans:0
[  254.932169] AAAAA-TCP_SEND: name:enp0s3: saddr:16783984: daddr:100932208: srtt_us:1655192: RTT:206899: ssthresh:2147483647: cwnd:10: delivered:1: lost:0: retrans:0
[  255.031270] AAAAA-TCP_RECV: name:enp0s3: saddr:100932208: daddr:16783984: srtt_us:1655192: RTT:206899: ssthresh:2147483647: cwnd:10: delivered:1: lost:0: retrans:0
[  255.033214] AAAAA-TCP_SEND: name:enp0s3: saddr:16783984: daddr:100932208: srtt_us:1655192: RTT:206899: ssthresh:2147483647: cwnd:10: delivered:1: lost:0: retrans:0
[  255.111125] AAAAA-TCP_RECV: name:enp0s3: saddr:100932208: daddr:16783984: srtt_us:1655192: RTT:206899: ssthresh:2147483647: cwnd:10: delivered:1: lost:0: retrans:0
[  255.112180] AAAAA-TCP_SEND: name:enp0s3: saddr:16783984: daddr:100932208: srtt_us:1655192: RTT:206899: ssthresh:2147483647: cwnd:10: delivered:1: lost:0: retrans:0
[  255.199440] AAAAA-TCP_RECV: name:enp0s3: saddr:100932208: daddr:16783984: srtt_us:1655192: RTT:206899: ssthresh:2147483647: cwnd:10: delivered:1: lost:0: retrans:0
[  255.200495] AAAAA-TCP_SEND: name:enp0s3: saddr:16783984: daddr:100932208: srtt_us:1655192: RTT:206899: ssthresh:2147483647: cwnd:10: delivered:1: lost:0: retrans:0
[  255.264886] AAAAA-TCP_RECV: name:enp0s3: saddr:100932208: daddr:16783984: srtt_us:1655192: RTT:206899: ssthresh:2147483647: cwnd:10: delivered:1: lost:0: retrans:0
[  255.265936] AAAAA-TCP_SEND: name:enp0s3: saddr:16783984: daddr:100932208: srtt_us:1655192: RTT:206899: ssthresh:2147483647: cwnd:10: delivered:1: lost:0: retrans:0
[  255.388162] AAAAA-TCP_RECV: name:enp0s3: saddr:100932208: daddr:16783984: srtt_us:1655192: RTT:206899: ssthresh:2147483647: cwnd:10: delivered:1: lost:0: retrans:0
