[    0.000000] Linux version 5.4.243-mptcp (root@ztg) (gcc version 12.2.0 (Debian 12.2.0-14+deb12u1)) #53 SMP Wed Dec 24 23:28:15 CST 2025
[    0.000000] Command line: BOOT_IMAGE=/boot/vmlinuz-5.4.243-mptcp root=UUID=98415a12-53b7-4144-8265-0f7ece09e445 ro quiet splash
[    0.000000] KERNEL supported cpus:
[    0.000000]   Intel GenuineIntel
[    0.000000]   AMD AuthenticAMD
[    0.000000]   Hygon HygonGenuine
[    0.000000]   Centaur CentaurHauls
[    0.000000]   zhaoxin   Shanghai  
[    0.000000] x86/fpu: Supporting XSAVE feature 0x001: 'x87 floating point registers'
[    0.000000] x86/fpu: Supporting XSAVE feature 0x002: 'SSE registers'
[    0.000000] x86/fpu: Supporting XSAVE feature 0x004: 'AVX registers'
[    0.000000] x86/fpu: xstate_offset[2]:  576, xstate_sizes[2]:  256
[    0.000000] x86/fpu: Enabled xstate features 0x7, context size is 832 bytes, using 'standard' format.
[    0.000000] BIOS-provided physical RAM map:
[    0.000000] BIOS-e820: [mem 0x0000000000000000-0x000000000009fbff] usable
[    0.000000] BIOS-e820: [mem 0x000000000009fc00-0x000000000009ffff] reserved
[    0.000000] BIOS-e820: [mem 0x00000000000f0000-0x00000000000fffff] reserved
[    0.000000] BIOS-e820: [mem 0x0000000000100000-0x000000007ffeffff] usable
[    0.000000] BIOS-e820: [mem 0x000000007fff0000-0x000000007fffffff] ACPI data
[    0.000000] BIOS-e820: [mem 0x00000000fec00000-0x00000000fec00fff] reserved
[    0.000000] BIOS-e820: [mem 0x00000000fee00000-0x00000000fee00fff] reserved
[    0.000000] BIOS-e820: [mem 0x00000000fffc0000-0x00000000ffffffff] reserved
[    0.000000] NX (Execute Disable) protection: active
[    0.000000] SMBIOS 2.5 present.
[    0.000000] DMI: innotek GmbH VirtualBox/VirtualBox, BIOS VirtualBox 12/01/2006
[    0.000000] Hypervisor detected: KVM
[    0.000000] kvm-clock: Using msrs 4b564d01 and 4b564d00
[    0.000000] kvm-clock: cpu 0, msr 1fc01001, primary cpu clock
[    0.000000] kvm-clock: using sched offset of 4457937873 cycles
[    0.000003] clocksource: kvm-clock: mask: 0xffffffffffffffff max_cycles: 0x1cd42e4dffb, max_idle_ns: 881590591483 ns
[    0.000006] tsc: Detected 2100.000 MHz processor
[    0.001865] e820: update [mem 0x00000000-0x00000fff] usable ==> reserved
[    0.001867] e820: remove [mem 0x000a0000-0x000fffff] usable
[    0.001871] last_pfn = 0x7fff0 max_arch_pfn = 0x400000000
[    0.001940] MTRR default type: uncachable
[    0.001940] MTRR fixed ranges enabled:
[    0.001942]   00000-9FFFF write-back
[    0.001943]   A0000-BFFFF uncachable
[    0.001943]   C0000-FFFFF write-protect
[    0.001944] MTRR variable ranges enabled:
[    0.001945]   0 base 000000000000 mask 3FFF80000000 write-back
[    0.001946]   1 disabled
[    0.001946]   2 disabled
[    0.001947]   3 disabled
[    0.001947]   4 disabled
[    0.001948]   5 disabled
[    0.001948]   6 disabled
[    0.001949]   7 disabled
[    0.001949]   8 disabled
[    0.001949]   9 disabled
[    0.001950]   10 disabled
[    0.001950]   11 disabled
[    0.001951]   12 disabled
[    0.001951]   13 disabled
[    0.001952]   14 disabled
[    0.001952]   15 disabled
[    0.001968] x86/PAT: Configuration [0-7]: WB  WC  UC- UC  WB  WP  UC- WT  
[    0.002103] found SMP MP-table at [mem 0x0009fff0-0x0009ffff]
[    0.092051] check: Scanning 1 areas for low memory corruption
[    0.092204] RAMDISK: [mem 0x32271000-0x3512ffff]
[    0.092213] ACPI: Early table checksum verification disabled
[    0.092218] ACPI: RSDP 0x00000000000E0000 000024 (v02 VBOX  )
[    0.092223] ACPI: XSDT 0x000000007FFF0030 00003C (v01 VBOX   VBOXXSDT 00000001 ASL  00000061)
[    0.092229] ACPI: FACP 0x000000007FFF00F0 0000F4 (v04 VBOX   VBOXFACP 00000001 ASL  00000061)
[    0.092236] ACPI: DSDT 0x000000007FFF02E0 002353 (v02 VBOX   VBOXBIOS 00000002 VBOX 00029BF3)
[    0.092240] ACPI: FACS 0x000000007FFF0200 000040
[    0.092243] ACPI: FACS 0x000000007FFF0200 000040
[    0.092247] ACPI: APIC 0x000000007FFF0240 000054 (v02 VBOX   VBOXAPIC 00000001 ASL  00000061)
[    0.092250] ACPI: SSDT 0x000000007FFF02A0 000038 (v01 VBOX   VBOXCPUT 00000002 VBOX 00029BF3)
[    0.092254] ACPI: Reserving FACP table memory at [mem 0x7fff00f0-0x7fff01e3]
[    0.092255] ACPI: Reserving DSDT table memory at [mem 0x7fff02e0-0x7fff2632]
[    0.092255] ACPI: Reserving FACS table memory at [mem 0x7fff0200-0x7fff023f]
[    0.092256] ACPI: Reserving FACS table memory at [mem 0x7fff0200-0x7fff023f]
[    0.092257] ACPI: Reserving APIC table memory at [mem 0x7fff0240-0x7fff0293]
[    0.092257] ACPI: Reserving SSDT table memory at [mem 0x7fff02a0-0x7fff02d7]
[    0.092272] ACPI: Local APIC address 0xfee00000
[    0.092462] No NUMA configuration found
[    0.092463] Faking a node at [mem 0x0000000000000000-0x000000007ffeffff]
[    0.092473] NODE_DATA(0) allocated [mem 0x7ffc5000-0x7ffeffff]
[    0.092756] Zone ranges:
[    0.092757]   DMA      [mem 0x0000000000001000-0x0000000000ffffff]
[    0.092758]   DMA32    [mem 0x0000000001000000-0x000000007ffeffff]
[    0.092759]   Normal   empty
[    0.092760]   Device   empty
[    0.092760] Movable zone start for each node
[    0.092762] Early memory node ranges
[    0.092763]   node   0: [mem 0x0000000000001000-0x000000000009efff]
[    0.092764]   node   0: [mem 0x0000000000100000-0x000000007ffeffff]
[    0.092767] Zeroed struct page in unavailable ranges: 114 pages
[    0.092768] Initmem setup node 0 [mem 0x0000000000001000-0x000000007ffeffff]
[    0.092769] On node 0 totalpages: 524174
[    0.092771]   DMA zone: 64 pages used for memmap
[    0.092771]   DMA zone: 21 pages reserved
[    0.092772]   DMA zone: 3998 pages, LIFO batch:0
[    0.092848]   DMA32 zone: 8128 pages used for memmap
[    0.092848]   DMA32 zone: 520176 pages, LIFO batch:63
[    0.102424] ACPI: PM-Timer IO Port: 0x4008
[    0.102427] ACPI: Local APIC address 0xfee00000
[    0.102493] IOAPIC[0]: apic_id 1, version 32, address 0xfec00000, GSI 0-23
[    0.102497] ACPI: INT_SRC_OVR (bus 0 bus_irq 0 global_irq 2 dfl dfl)
[    0.102498] ACPI: INT_SRC_OVR (bus 0 bus_irq 9 global_irq 9 low level)
[    0.102500] ACPI: IRQ0 used by override.
[    0.102501] ACPI: IRQ9 used by override.
[    0.102504] Using ACPI (MADT) for SMP configuration information
[    0.102510] smpboot: Allowing 1 CPUs, 0 hotplug CPUs
[    0.102532] PM: Registered nosave memory: [mem 0x00000000-0x00000fff]
[    0.102533] PM: Registered nosave memory: [mem 0x0009f000-0x0009ffff]
[    0.102534] PM: Registered nosave memory: [mem 0x000a0000-0x000effff]
[    0.102535] PM: Registered nosave memory: [mem 0x000f0000-0x000fffff]
[    0.102536] [mem 0x80000000-0xfebfffff] available for PCI devices
[    0.102537] Booting paravirtualized kernel on KVM
[    0.102540] clocksource: refined-jiffies: mask: 0xffffffff max_cycles: 0xffffffff, max_idle_ns: 7645519600211568 ns
[    0.102544] setup_percpu: NR_CPUS:8192 nr_cpumask_bits:1 nr_cpu_ids:1 nr_node_ids:1
[    0.103567] percpu: Embedded 60 pages/cpu s208896 r8192 d28672 u2097152
[    0.103572] pcpu-alloc: s208896 r8192 d28672 u2097152 alloc=1*2097152
[    0.103572] pcpu-alloc: [0] 0 
[    0.103599] Built 1 zonelists, mobility grouping on.  Total pages: 515961
[    0.103599] Policy zone: DMA32
[    0.103600] Kernel command line: BOOT_IMAGE=/boot/vmlinuz-5.4.243-mptcp root=UUID=98415a12-53b7-4144-8265-0f7ece09e445 ro quiet splash
[    0.104449] Dentry cache hash table entries: 262144 (order: 9, 2097152 bytes, linear)
[    0.104712] Inode-cache hash table entries: 131072 (order: 8, 1048576 bytes, linear)
[    0.104764] mem auto-init: stack:off, heap alloc:on, heap free:off
[    0.104767] Calgary: detecting Calgary via BIOS EBDA area
[    0.104768] Calgary: Unable to locate Rio Grande table in EBDA - bailing!
[    0.109930] Memory: 1967332K/2096696K available (14339K kernel code, 2398K rwdata, 4712K rodata, 2728K init, 17260K bss, 129364K reserved, 0K cma-reserved)
[    0.110870] SLUB: HWalign=64, Order=0-3, MinObjects=0, CPUs=1, Nodes=1
[    0.110886] ftrace: allocating 43186 entries in 169 pages
[    0.128980] rcu: Hierarchical RCU implementation.
[    0.128981] rcu: 	RCU restricting CPUs from NR_CPUS=8192 to nr_cpu_ids=1.
[    0.128982] 	Tasks RCU enabled.
[    0.128984] rcu: RCU calculated value of scheduler-enlistment delay is 25 jiffies.
[    0.128985] rcu: Adjusting geometry for rcu_fanout_leaf=16, nr_cpu_ids=1
[    0.131947] NR_IRQS: 524544, nr_irqs: 256, preallocated irqs: 16
[    0.132161] random: crng init done
[    0.141407] Console: colour VGA+ 80x25
[    0.141411] printk: console [tty0] enabled
[    0.141429] ACPI: Core revision 20190816
[    0.141525] APIC: Switch to symmetric I/O mode setup
[    0.141773] x2apic enabled
[    0.142008] Switched APIC routing to physical x2apic.
[    0.143123] ..TIMER: vector=0x30 apic1=0 pin1=2 apic2=-1 pin2=-1
[    0.143149] clocksource: tsc-early: mask: 0xffffffffffffffff max_cycles: 0x1e4530a99b6, max_idle_ns: 440795257976 ns
[    0.143153] Calibrating delay loop (skipped) preset value.. 4200.00 BogoMIPS (lpj=8400000)
[    0.143155] pid_max: default: 32768 minimum: 301
[    0.143183] LSM: Security Framework initializing
[    0.143192] Yama: becoming mindful.
[    0.143218] AppArmor: AppArmor initialized
[    0.143251] Mount-cache hash table entries: 4096 (order: 3, 32768 bytes, linear)
[    0.143256] Mountpoint-cache hash table entries: 4096 (order: 3, 32768 bytes, linear)
[    0.143266] *** VALIDATE tmpfs ***
[    0.143397] *** VALIDATE proc ***
[    0.143438] *** VALIDATE cgroup1 ***
[    0.143439] *** VALIDATE cgroup2 ***
[    0.143580] process: using mwait in idle threads
[    0.143585] Last level iTLB entries: 4KB 64, 2MB 8, 4MB 8
[    0.143586] Last level dTLB entries: 4KB 64, 2MB 0, 4MB 0, 1GB 4
[    0.143605] Spectre V1 : Mitigation: usercopy/swapgs barriers and __user pointer sanitization
[    0.143610] Spectre V2 : Mitigation: Retpolines
[    0.143611] Spectre V2 : Spectre v2 / SpectreRSB mitigation: Filling RSB on context switch
[    0.143611] Spectre V2 : Spectre v2 / SpectreRSB : Filling RSB on VMEXIT
[    0.143612] RETBleed: WARNING: Spectre v2 mitigation leaves CPU vulnerable to RETBleed attacks, data leaks possible!
[    0.143961] RETBleed: Vulnerable
[    0.143961] Speculative Store Bypass: Vulnerable
[    0.143966] TAA: Mitigation: TSX disabled
[    0.143967] MMIO Stale Data: Mitigation: Clear CPU buffers
[    0.148127] Freeing SMP alternatives memory: 40K
[    0.260478] smpboot: CPU0: Intel(R) Xeon(R) Silver 4216 CPU @ 2.10GHz (family: 0x6, model: 0x55, stepping: 0x7)
[    0.260601] Performance Events: unsupported p6 CPU model 85 no PMU driver, software events only.
[    0.260640] rcu: Hierarchical SRCU implementation.
[    0.261115] NMI watchdog: Perf NMI watchdog permanently disabled
[    0.261153] smp: Bringing up secondary CPUs ...
[    0.261154] smp: Brought up 1 node, 1 CPU
[    0.261155] smpboot: Max logical packages: 1
[    0.261156] smpboot: Total of 1 processors activated (4200.00 BogoMIPS)
[    0.262151] devtmpfs: initialized
[    0.262196] x86/mm: Memory block size: 128MB
[    0.262545] clocksource: jiffies: mask: 0xffffffff max_cycles: 0xffffffff, max_idle_ns: 7645041785100000 ns
[    0.262551] futex hash table entries: 256 (order: 2, 16384 bytes, linear)
[    0.262594] pinctrl core: initialized pinctrl subsystem
[    0.262697] PM: RTC time: 10:55:21, date: 2026-01-18
[    0.262802] NET: Registered protocol family 16
[    0.262875] audit: initializing netlink subsys (disabled)
[    0.263000] EISA bus registered
[    0.263001] cpuidle: using governor ladder
[    0.263002] cpuidle: using governor menu
[    0.263037] ACPI: bus type PCI registered
[    0.263039] acpiphp: ACPI Hot Plug PCI Controller Driver version: 0.5
[    0.263143] PCI: Using configuration type 1 for base access
[    0.263559] audit: type=2000 audit(1768704927.634:1): state=initialized audit_enabled=0 res=1
[    0.263640] HugeTLB registered 2.00 MiB page size, pre-allocated 0 pages
[    0.264549] ACPI: Added _OSI(Module Device)
[    0.264550] ACPI: Added _OSI(Processor Device)
[    0.264551] ACPI: Added _OSI(3.0 _SCP Extensions)
[    0.264551] ACPI: Added _OSI(Processor Aggregator Device)
[    0.264553] ACPI: Added _OSI(Linux-Dell-Video)
[    0.264554] ACPI: Added _OSI(Linux-Lenovo-NV-HDMI-Audio)
[    0.264554] ACPI: Added _OSI(Linux-HPI-Hybrid-Graphics)
[    0.266518] ACPI: 2 ACPI AML tables successfully acquired and loaded
[    0.268169] ACPI: Interpreter enabled
[    0.268181] ACPI: (supports S0 S5)
[    0.268183] ACPI: Using IOAPIC for interrupt routing
[    0.268439] PCI: Using host bridge windows from ACPI; if necessary, use "pci=nocrs" and report a bug
[    0.268555] ACPI: Enabled 2 GPEs in block 00 to 07
[    0.273584] ACPI: PCI Root Bridge [PCI0] (domain 0000 [bus 00-ff])
[    0.273589] acpi PNP0A03:00: _OSC: OS supports [ASPM ClockPM Segments MSI HPX-Type3]
[    0.274033] acpi PNP0A03:00: _OSC: not requesting OS control; OS requires [ExtendedConfig ASPM ClockPM MSI]
[    0.274041] acpi PNP0A03:00: fail to add MMCONFIG information, can't access extended PCI configuration space under this bridge.
[    0.274409] PCI host bridge to bus 0000:00
[    0.274411] pci_bus 0000:00: root bus resource [io  0x0000-0x0cf7 window]
[    0.274412] pci_bus 0000:00: root bus resource [io  0x0d00-0xffff window]
[    0.274413] pci_bus 0000:00: root bus resource [mem 0x000a0000-0x000bffff window]
[    0.274414] pci_bus 0000:00: root bus resource [mem 0x80000000-0xfdffffff window]
[    0.274416] pci_bus 0000:00: root bus resource [bus 00-ff]
[    0.274471] pci 0000:00:00.0: [8086:1237] type 00 class 0x060000
[    0.275233] pci 0000:00:01.0: [8086:7000] type 00 class 0x060100
[    0.275984] pci 0000:00:01.1: [8086:7111] type 00 class 0x01018a
[    0.276363] pci 0000:00:01.1: reg 0x20: [io  0xd000-0xd00f]
[    0.276521] pci 0000:00:01.1: legacy IDE quirk: reg 0x10: [io  0x01f0-0x01f7]
[    0.276522] pci 0000:00:01.1: legacy IDE quirk: reg 0x14: [io  0x03f6]
[    0.276523] pci 0000:00:01.1: legacy IDE quirk: reg 0x18: [io  0x0170-0x0177]
[    0.276524] pci 0000:00:01.1: legacy IDE quirk: reg 0x1c: [io  0x0376]
[    0.277060] pci 0000:00:02.0: [15ad:0405] type 00 class 0x030000
[    0.279233] pci 0000:00:02.0: reg 0x10: [io  0xd010-0xd01f]
[    0.283198] pci 0000:00:02.0: reg 0x14: [mem 0xe0000000-0xe7ffffff pref]
[    0.285995] pci 0000:00:02.0: reg 0x18: [mem 0xf0000000-0xf01fffff]
[    0.295919] pci 0000:00:03.0: [1022:2000] type 00 class 0x020000
[    0.296588] pci 0000:00:03.0: reg 0x10: [io  0xd020-0xd03f]
[    0.297201] pci 0000:00:03.0: reg 0x14: [mem 0xf0200000-0xf0200fff]
[    0.302344] pci 0000:00:04.0: [80ee:cafe] type 00 class 0x088000
[    0.303233] pci 0000:00:04.0: reg 0x10: [io  0xd040-0xd05f]
[    0.303892] pci 0000:00:04.0: reg 0x14: [mem 0xf0400000-0xf07fffff]
[    0.304542] pci 0000:00:04.0: reg 0x18: [mem 0xf0800000-0xf0803fff pref]
[    0.308076] pci 0000:00:07.0: [8086:7113] type 00 class 0x068000
[    0.308612] pci 0000:00:07.0: quirk: [io  0x4000-0x403f] claimed by PIIX4 ACPI
[    0.308622] pci 0000:00:07.0: quirk: [io  0x4100-0x410f] claimed by PIIX4 SMB
[    0.309231] pci 0000:00:08.0: [8086:100e] type 00 class 0x020000
[    0.309973] pci 0000:00:08.0: reg 0x10: [mem 0xf0820000-0xf083ffff]
[    0.311150] pci 0000:00:08.0: reg 0x18: [io  0xd060-0xd067]
[    0.314390] pci 0000:00:09.0: [8086:100e] type 00 class 0x020000
[    0.315105] pci 0000:00:09.0: reg 0x10: [mem 0xf0840000-0xf085ffff]
[    0.315836] pci 0000:00:09.0: reg 0x18: [io  0xd068-0xd06f]
[    0.327441] ACPI: PCI Interrupt Link [LNKA] (IRQs 5 9 10 *11)
[    0.327726] ACPI: PCI Interrupt Link [LNKB] (IRQs 5 9 *10 11)
[    0.327828] ACPI: PCI Interrupt Link [LNKC] (IRQs 5 *9 10 11)
[    0.327932] ACPI: PCI Interrupt Link [LNKD] (IRQs 5 9 10 *11)
[    0.328195] iommu: Default domain type: Translated 
[    0.328254] pci 0000:00:02.0: vgaarb: setting as boot VGA device
[    0.328256] pci 0000:00:02.0: vgaarb: VGA device added: decodes=io+mem,owns=io+mem,locks=none
[    0.328258] pci 0000:00:02.0: vgaarb: bridge control possible
[    0.328259] vgaarb: loaded
[    0.328464] SCSI subsystem initialized
[    0.328500] libata version 3.00 loaded.
[    0.328522] ACPI: bus type USB registered
[    0.328537] usbcore: registered new interface driver usbfs
[    0.328543] usbcore: registered new interface driver hub
[    0.328549] usbcore: registered new device driver usb
[    0.328574] pps_core: LinuxPPS API ver. 1 registered
[    0.328575] pps_core: Software ver. 5.3.6 - Copyright 2005-2007 Rodolfo Giometti <giometti@linux.it>
[    0.328577] PTP clock support registered
[    0.328610] EDAC MC: Ver: 3.0.0
[    0.328899] PCI: Using ACPI for IRQ routing
[    0.328901] PCI: pci_cache_line_size set to 64 bytes
[    0.329071] e820: reserve RAM buffer [mem 0x0009fc00-0x0009ffff]
[    0.329074] e820: reserve RAM buffer [mem 0x7fff0000-0x7fffffff]
[    0.329888] NetLabel: Initializing
[    0.329889] NetLabel:  domain hash size = 128
[    0.329889] NetLabel:  protocols = UNLABELED CIPSOv4 CALIPSO
[    0.329908] NetLabel:  unlabeled traffic allowed by default
[    0.330887] clocksource: Switched to clocksource kvm-clock
[    0.339632] *** VALIDATE bpf ***
[    0.339632] VFS: Disk quotas dquot_6.6.0
[    0.339632] VFS: Dquot-cache hash table entries: 512 (order 0, 4096 bytes)
[    0.339632] *** VALIDATE ramfs ***
[    0.339632] *** VALIDATE hugetlbfs ***
[    0.339632] AppArmor: AppArmor Filesystem Enabled
[    0.339632] pnp: PnP ACPI init
[    0.339632] pnp 00:00: Plug and Play ACPI device, IDs PNP0303 (active)
[    0.342366] pnp 00:01: Plug and Play ACPI device, IDs PNP0f03 (active)
[    0.343156] pnp: PnP ACPI: found 2 devices
[    0.344127] thermal_sys: Registered thermal governor 'fair_share'
[    0.344128] thermal_sys: Registered thermal governor 'bang_bang'
[    0.344129] thermal_sys: Registered thermal governor 'step_wise'
[    0.344129] thermal_sys: Registered thermal governor 'user_space'
[    0.344130] thermal_sys: Registered thermal governor 'power_allocator'
[    0.348642] clocksource: acpi_pm: mask: 0xffffff max_cycles: 0xffffff, max_idle_ns: 2085701024 ns
[    0.348683] pci_bus 0000:00: resource 4 [io  0x0000-0x0cf7 window]
[    0.348684] pci_bus 0000:00: resource 5 [io  0x0d00-0xffff window]
[    0.348685] pci_bus 0000:00: resource 6 [mem 0x000a0000-0x000bffff window]
[    0.348687] pci_bus 0000:00: resource 7 [mem 0x80000000-0xfdffffff window]
[    0.348746] NET: Registered protocol family 2
[    0.348823] IP idents hash table entries: 32768 (order: 6, 262144 bytes, linear)
[    0.349233] MPTCP tokens hash table entries: 8192 (order: 4, 65536 bytes, linear)
[    0.349253] MPTCP request tokens hash table entries: 8192 (order: 4, 65536 bytes, linear)
[    0.349278] default registered
[    0.349279] default registered
[    0.349279] MPTCP: Stable release v0.96
[    0.349284] tcp_listen_portaddr_hash hash table entries: 1024 (order: 2, 16384 bytes, linear)
[    0.349364] TCP established hash table entries: 16384 (order: 5, 131072 bytes, linear)
[    0.349430] TCP bind hash table entries: 16384 (order: 6, 262144 bytes, linear)
[    0.349456] TCP: Hash tables configured (established 16384 bind 16384)
[    0.350166] UDP hash table entries: 1024 (order: 3, 32768 bytes, linear)
[    0.350177] UDP-Lite hash table entries: 1024 (order: 3, 32768 bytes, linear)
[    0.350210] NET: Registered protocol family 1
[    0.350220] NET: Registered protocol family 44
[    0.350243] pci 0000:00:00.0: Limiting direct PCI/PCI transfers
[    0.350255] pci 0000:00:01.0: Activating ISA DMA hang workarounds
[    0.350310] pci 0000:00:02.0: Video device with shadowed ROM at [mem 0x000c0000-0x000dffff]
[    0.350375] PCI: CLS 0 bytes, default 64
[    0.350424] Trying to unpack rootfs image as initramfs...
[    0.537702] Freeing initrd memory: 47868K
[    0.537804] clocksource: tsc: mask: 0xffffffffffffffff max_cycles: 0x1e4530a99b6, max_idle_ns: 440795257976 ns
[    0.537813] clocksource: Switched to clocksource tsc
[    0.537852] platform rtc_cmos: registered platform RTC device (no PNP device found)
[    0.537884] check: Scanning for low memory corruption every 60 seconds
[    0.538200] Initialise system trusted keyrings
[    0.538208] Key type blacklist registered
[    0.538252] workingset: timestamp_bits=36 max_order=19 bucket_order=0
[    0.539609] zbud: loaded
[    0.539969] squashfs: version 4.0 (2009/01/31) Phillip Lougher
[    0.540102] fuse: init (API version 7.31)
[    0.540118] *** VALIDATE fuse ***
[    0.540120] *** VALIDATE fuse ***
[    0.540222] Platform Keyring initialized
[    0.541072] Key type asymmetric registered
[    0.541072] Asymmetric key parser 'x509' registered
[    0.541072] Block layer SCSI generic (bsg) driver version 0.4 loaded (major 244)
[    0.541072] io scheduler mq-deadline registered
[    0.541072] shpchp: Standard Hot Plug PCI Controller Driver version: 0.4
[    0.543516] ACPI: AC Adapter [AC] (on-line)
[    0.543562] input: Power Button as /devices/LNXSYSTM:00/LNXPWRBN:00/input/input0
[    0.543589] ACPI: Power Button [PWRF]
[    0.543668] input: Sleep Button as /devices/LNXSYSTM:00/LNXSLPBN:00/input/input1
[    0.543683] ACPI: Sleep Button [SLPF]
[    0.543905] Serial: 8250/16550 driver, 32 ports, IRQ sharing enabled
[    0.545071] Linux agpgart interface v0.103
[    0.635028] loop: module loaded
[    0.635171] ata_piix 0000:00:01.1: version 2.13
[    0.635584] scsi host0: ata_piix
[    0.635670] scsi host1: ata_piix
[    0.635696] ata1: PATA max UDMA/33 cmd 0x1f0 ctl 0x3f6 bmdma 0xd000 irq 14
[    0.635697] ata2: PATA max UDMA/33 cmd 0x170 ctl 0x376 bmdma 0xd008 irq 15
[    0.635776] tun: Universal TUN/TAP device driver, 1.6
[    0.636090] PPP generic driver version 2.4.2
[    0.636132] VFIO - User Level meta-driver version: 0.3
[    0.636367] ehci_hcd: USB 2.0 'Enhanced' Host Controller (EHCI) Driver
[    0.636372] ehci-pci: EHCI PCI platform driver
[    0.636388] ehci-platform: EHCI generic platform driver
[    0.636394] ohci_hcd: USB 1.1 'Open' Host Controller (OHCI) Driver
[    0.636395] ohci-pci: OHCI PCI platform driver
[    0.636402] ohci-platform: OHCI generic platform driver
[    0.636406] uhci_hcd: USB Universal Host Controller Interface driver
[    0.636471] i8042: PNP: PS/2 Controller [PNP0303:PS2K,PNP0f03:PS2M] at 0x60,0x64 irq 1,12
[    0.636905] serio: i8042 KBD port at 0x60,0x64 irq 1
[    0.636908] serio: i8042 AUX port at 0x60,0x64 irq 12
[    0.636993] mousedev: PS/2 mouse device common for all mice
[    0.637248] input: AT Translated Set 2 keyboard as /devices/platform/i8042/serio0/input/input2
[    0.637649] rtc_cmos rtc_cmos: registered as rtc0
[    0.637662] rtc_cmos rtc_cmos: alarms up to one day, 114 bytes nvram
[    0.637667] i2c /dev entries driver
[    0.637709] device-mapper: uevent: version 1.0.3
[    0.637750] device-mapper: ioctl: 4.41.0-ioctl (2019-09-16) initialised: dm-devel@redhat.com
[    0.637766] platform eisa.0: Probing EISA bus 0
[    0.637767] platform eisa.0: EISA: Cannot allocate resource for mainboard
[    0.637768] platform eisa.0: Cannot allocate resource for EISA slot 1
[    0.637770] platform eisa.0: Cannot allocate resource for EISA slot 2
[    0.637771] platform eisa.0: Cannot allocate resource for EISA slot 3
[    0.637772] platform eisa.0: Cannot allocate resource for EISA slot 4
[    0.637773] platform eisa.0: Cannot allocate resource for EISA slot 5
[    0.637774] platform eisa.0: Cannot allocate resource for EISA slot 6
[    0.637774] platform eisa.0: Cannot allocate resource for EISA slot 7
[    0.637775] platform eisa.0: Cannot allocate resource for EISA slot 8
[    0.637776] platform eisa.0: EISA: Detected 0 cards
[    0.637779] intel_pstate: CPU model not supported
[    0.637787] ledtrig-cpu: registered to indicate activity on CPUs
[    0.637843] drop_monitor: Initializing network drop monitor service
[    0.638001] NET: Registered protocol family 10
[    0.643002] Segment Routing with IPv6
[    0.643002] fullmesh registered
[    0.643002] ndiffports registered
[    0.643002] binder registered
[    0.643002] roundrobin registered
[    0.643002] redundant registered
[    0.643002] blest registered
[    0.643002] ecf registered
[    0.643002] NET: Registered protocol family 17
[    0.643002] Key type dns_resolver registered
[    0.643002] RAS: Correctable Errors collector initialized.
[    0.643002] IPI shorthand broadcast: enabled
[    0.643002] sched_clock: Marking stable (628004055, 10998750)->(642002455, -2999650)
[    0.643426] registered taskstats version 1
[    0.643434] Loading compiled-in X.509 certificates
[    0.644021] Loaded X.509 cert 'Build time autogenerated kernel key: 6909f3744cebb3d0de528d5887b96a727de79b1e'
[    0.644039] zswap: loaded using pool lzo/zbud
[    0.644092] Key type ._fscrypt registered
[    0.644092] Key type .fscrypt registered
[    0.648658] Key type big_key registered
[    0.650902] Key type encrypted registered
[    0.650905] AppArmor: AppArmor sha1 policy hashing enabled
[    0.650912] ima: No TPM chip found, activating TPM-bypass!
[    0.650916] ima: Allocated hash algorithm: sha1
[    0.650921] ima: No architecture policies found
[    0.650930] evm: Initialising EVM extended attributes:
[    0.650930] evm: security.selinux
[    0.650931] evm: security.SMACK64
[    0.650931] evm: security.SMACK64EXEC
[    0.650932] evm: security.SMACK64TRANSMUTE
[    0.650932] evm: security.SMACK64MMAP
[    0.650932] evm: security.apparmor
[    0.650933] evm: security.ima
[    0.650934] evm: security.capability
[    0.650934] evm: HMAC attrs: 0x1
[    0.651244] PM:   Magic number: 10:272:932
[    0.651364] rtc_cmos rtc_cmos: setting system clock to 2026-01-18T10:55:22 UTC (1768733722)
[    0.808063] ata1.00: ATA-6: VBOX HARDDISK, 1.0, max UDMA/133
[    0.808066] ata1.00: 209715200 sectors, multi 128: LBA 
[    0.808699] scsi 0:0:0:0: Direct-Access     ATA      VBOX HARDDISK    1.0  PQ: 0 ANSI: 5
[    0.808976] sd 0:0:0:0: [sda] 209715200 512-byte logical blocks: (107 GB/100 GiB)
[    0.808988] sd 0:0:0:0: [sda] Write Protect is off
[    0.808991] sd 0:0:0:0: [sda] Mode Sense: 00 3a 00 00
[    0.809010] sd 0:0:0:0: [sda] Write cache: enabled, read cache: enabled, doesn't support DPO or FUA
[    0.809310] sd 0:0:0:0: Attached scsi generic sg0 type 0
[    0.810198]  sda: sda1 sda2
[    0.819243] sd 0:0:0:0: [sda] Attached SCSI disk
[    0.822365] Freeing unused decrypted memory: 2040K
[    0.823322] Freeing unused kernel image memory: 2728K
[    0.823325] Write protecting the kernel read-only data: 22528k
[    0.824303] Freeing unused kernel image memory: 2036K
[    0.824840] Freeing unused kernel image memory: 1432K
[    0.849804] x86/mm: Checked W+X mappings: passed, no W+X pages found.
[    0.849809] Run /init as init process
[    0.952181] ACPI: Video Device [GFX0] (multi-head: yes  rom: no  post: no)
[    0.952252] input: Video Bus as /devices/LNXSYSTM:00/LNXSYBUS:00/PNP0A03:00/LNXVIDEO:00/input/input4
[    0.964189] pcnet32: pcnet32.c:v1.35 21.Apr.2008 tsbogend@alpha.franken.de
[    0.965747] piix4_smbus 0000:00:07.0: SMBus Host Controller at 0x4100, revision 0
[    0.968260] e1000: Intel(R) PRO/1000 Network Driver - version 7.3.21-k8-NAPI
[    0.968260] e1000: Copyright (c) 1999-2006 Intel Corporation.
[    0.973176] pcnet32: PCnet/FAST III 79C973 at 0xd020, 08:00:27:62:2e:a0 assigned IRQ 19
[    0.973221] pcnet32: Found PHY 0022:561b at address 0
[    0.973517] pcnet32: eth0: registered as PCnet/FAST III 79C973
[    1.080934] pcnet32: 1 cards_found
[    1.137978] pcnet32 0000:00:03.0 enp0s3: renamed from eth0
[    1.184874] input: ImExPS/2 Generic Explorer Mouse as /devices/platform/i8042/serio1/input/input5
[    1.475290] e1000 0000:00:08.0 eth0: (PCI:33MHz:32-bit) 08:00:27:07:38:db
[    1.475294] e1000 0000:00:08.0 eth0: Intel(R) PRO/1000 Network Connection
[    1.847327] e1000 0000:00:09.0 eth1: (PCI:33MHz:32-bit) 08:00:27:1d:e8:c5
[    1.847331] e1000 0000:00:09.0 eth1: Intel(R) PRO/1000 Network Connection
[    1.848488] e1000 0000:00:09.0 enp0s9: renamed from eth1
[    1.850281] e1000 0000:00:08.0 enp0s8: renamed from eth0
[    2.004176] EXT4-fs (sda2): mounted filesystem with ordered data mode. Opts: (null)
[    2.092990] systemd[1]: Inserted module 'autofs4'
[    2.102163] systemd[1]: systemd 245.4-4ubuntu3 running in system mode. (+PAM +AUDIT +SELINUX +IMA +APPARMOR +SMACK +SYSVINIT +UTMP +LIBCRYPTSETUP +GCRYPT +GNUTLS +ACL +XZ +LZ4 +SECCOMP +BLKID +ELFUTILS +KMOD +IDN2 -IDN +PCRE2 default-hierarchy=hybrid)
[    2.102196] systemd[1]: Detected virtualization oracle.
[    2.102200] systemd[1]: Detected architecture x86-64.
[    2.103557] systemd[1]: Set hostname to <ztg>.
[    2.229053] systemd[1]: /lib/systemd/system/dbus.socket:5: ListenStream= references a path below legacy directory /var/run/, updating /var/run/dbus/system_bus_socket â†’ /run/dbus/system_bus_socket; please update the unit file accordingly.
[    2.280197] systemd[1]: Created slice system-modprobe.slice.
[    2.280385] systemd[1]: Created slice User and Session Slice.
[    2.280430] systemd[1]: Started Forward Password Requests to Wall Directory Watch.
[    2.280605] systemd[1]: Set up automount Arbitrary Executable File Formats File System Automount Point.
[    2.280640] systemd[1]: Reached target User and Group Name Lookups.
[    2.280651] systemd[1]: Reached target Remote File Systems.
[    2.280659] systemd[1]: Reached target Slices.
[    2.281157] systemd[1]: Listening on Syslog Socket.
[    2.281226] systemd[1]: Listening on fsck to fsckd communication Socket.
[    2.281263] systemd[1]: Listening on initctl Compatibility Named Pipe.
[    2.281400] systemd[1]: Listening on Journal Audit Socket.
[    2.281452] systemd[1]: Listening on Journal Socket (/dev/log).
[    2.281520] systemd[1]: Listening on Journal Socket.
[    2.281585] systemd[1]: Listening on udev Control Socket.
[    2.281625] systemd[1]: Listening on udev Kernel Socket.
[    2.282399] systemd[1]: Mounting Huge Pages File System...
[    2.283433] systemd[1]: Mounting POSIX Message Queue File System...
[    2.284374] systemd[1]: Mounting Kernel Debug File System...
[    2.285276] systemd[1]: Mounting Kernel Trace File System...
[    2.287815] systemd[1]: Starting Journal Service...
[    2.313276] systemd[1]: Starting Set the console keyboard layout...
[    2.321192] systemd[1]: Starting Create list of static device nodes for the current kernel...
[    2.322994] systemd[1]: Starting Load Kernel Module drm...
[    2.324442] systemd[1]: Condition check resulted in Set Up Additional Binary Formats being skipped.
[    2.324489] systemd[1]: Condition check resulted in File System Check on Root Device being skipped.
[    2.337963] systemd[1]: Starting Load Kernel Modules...
[    2.346948] systemd[1]: Starting Remount Root and Kernel File Systems...
[    2.354631] systemd[1]: Starting udev Coldplug all Devices...
[    2.364688] systemd[1]: Starting Uncomplicated firewall...
[    2.366431] systemd[1]: Mounted Huge Pages File System.
[    2.366527] systemd[1]: Mounted POSIX Message Queue File System.
[    2.366603] systemd[1]: Mounted Kernel Debug File System.
[    2.366678] systemd[1]: Mounted Kernel Trace File System.
[    2.368274] EXT4-fs (sda2): re-mounted. Opts: errors=remount-ro
[    2.392277] systemd[1]: Finished Create list of static device nodes for the current kernel.
[    2.393228] systemd[1]: modprobe@drm.service: Succeeded.
[    2.416492] systemd[1]: Finished Load Kernel Module drm.
[    2.416934] systemd[1]: Finished Remount Root and Kernel File Systems.
[    2.419132] lp: driver loaded but no devices found
[    2.420600] systemd[1]: Finished Uncomplicated firewall.
[    2.433302] systemd[1]: Condition check resulted in Rebuild Hardware Database being skipped.
[    2.433345] systemd[1]: Condition check resulted in Platform Persistent Storage Archival being skipped.
[    2.434076] systemd[1]: Starting Load/Save Random Seed...
[    2.436236] ppdev: user-space parallel port driver
[    2.443463] systemd[1]: Starting Create System Users...
[    2.455907] systemd[1]: Finished Load/Save Random Seed.
[    2.461078] systemd[1]: Finished Create System Users.
[    2.461884] systemd[1]: Starting Create Static Device Nodes in /dev...
[    2.488781] systemd[1]: Finished Create Static Device Nodes in /dev.
[    2.489702] systemd[1]: Starting udev Kernel Device Manager...
[    2.537630] systemd[1]: Finished udev Coldplug all Devices.
[    2.539733] [drm] DMA map mode: Caching DMA mappings.
[    2.539797] [drm] Capabilities:
[    2.539798] [drm]   Rect copy.
[    2.539798] [drm]   Cursor.
[    2.539798] [drm]   Cursor bypass.
[    2.539799] [drm]   Cursor bypass 2.
[    2.539799] [drm]   Alpha cursor.
[    2.539800] [drm]   Extended Fifo.
[    2.539800] [drm]   Pitchlock.
[    2.539800] [drm]   Irq mask.
[    2.539801] [drm]   GMR.
[    2.539801] [drm]   Traces.
[    2.539801] [drm]   GMR2.
[    2.539802] [drm]   Screen Object 2.
[    2.539802] [drm]   Command Buffers.
[    2.539802] [drm]   Command Buffers 2.
[    2.539803] [drm]   Guest Backed Resources.
[    2.539804] [drm] Max GMR ids is 8192
[    2.539804] [drm] Max number of GMR pages is 1048576
[    2.539805] [drm] Max dedicated hypervisor surface memory is 393216 kiB
[    2.539805] [drm] Maximum display memory size is 131072 kiB
[    2.539806] [drm] VRAM at 0xe0000000 size is 131072 kiB
[    2.539807] [drm] MMIO at 0xf0000000 size is 2048 kiB
[    2.541456] [TTM] Zone  kernel: Available graphics memory: 1011738 KiB
[    2.541457] [TTM] Initializing pool allocator
[    2.541461] [TTM] Initializing DMA pool allocator
[    2.541518] [drm] Supports vblank timestamp caching Rev 2 (21.10.2013).
[    2.541518] [drm] No driver support for vblank timestamp query.
[    2.541782] [drm] Screen Target Display device initialized
[    2.542012] [drm] width 720
[    2.542021] [drm] height 400
[    2.542025] [drm] bpp 32
[    2.542601] [drm] Fifo max 0x00200000 min 0x00001000 cap 0x00000355
[    2.544067] [drm] Using command buffers with DMA pool.
[    2.544071] [drm] DX: no.
[    2.544072] [drm] Atomic: yes.
[    2.544072] [drm] SM4_1: no.
[    2.544092] [drm:vmw_host_log [vmwgfx]] *ERROR* Failed to send host log message.
[    2.545009] [drm:vmw_host_log [vmwgfx]] *ERROR* Failed to send host log message.
[    2.557161] fbcon: svgadrmfb (fb0) is primary device
[    2.559318] Console: switching to colour frame buffer device 100x37
[    2.565485] [drm] Initialized vmwgfx 2.15.0 20180704 for 0000:00:02.0 on minor 0
[    2.566893] systemd[1]: Finished Load Kernel Modules.
[    2.567908] systemd[1]: Mounting FUSE Control File System...
[    2.569369] systemd[1]: Mounting Kernel Configuration File System...
[    2.584534] systemd[1]: Starting Apply Kernel Variables...
[    2.610512] systemd[1]: Mounted FUSE Control File System.
[    2.610583] systemd[1]: Condition check resulted in VMware vmblock fuse mount being skipped.
[    2.613873] systemd[1]: Mounted Kernel Configuration File System.
[    2.622802] systemd[1]: Finished Apply Kernel Variables.
[    2.623776] systemd[1]: Finished Set the console keyboard layout.
[    2.623858] systemd[1]: Reached target Local File Systems (Pre).
[    2.628416] systemd[1]: Mounting Mount unit for bare, revision 5...
[    2.631446] systemd[1]: Mounting Mount unit for core18, revision 1705...
[    2.641531] systemd[1]: Mounting Mount unit for gnome-3-34-1804, revision 24...
[    2.649002] systemd[1]: Mounting Mount unit for gtk-common-themes, revision 1506...
[    2.675983] systemd[1]: Mounting Mount unit for gtk-common-themes, revision 1535...
[    2.681455] systemd[1]: Mounting Mount unit for snap-store, revision 433...
[    2.690038] systemd[1]: Mounting Mount unit for snapd, revision 7264...
[    2.721975] systemd[1]: Mounted Mount unit for bare, revision 5.
[    2.723831] systemd[1]: Mounted Mount unit for core18, revision 1705.
[    2.723925] systemd[1]: Mounted Mount unit for gnome-3-34-1804, revision 24.
[    2.733321] systemd[1]: Mounted Mount unit for gtk-common-themes, revision 1506.
[    2.735076] systemd[1]: Started udev Kernel Device Manager.
[    2.735903] systemd[1]: Starting Show Plymouth Boot Screen...
[    2.742210] systemd[1]: Received SIGRTMIN+20 from PID 278 (plymouthd).
[    2.773082] systemd[1]: Started Show Plymouth Boot Screen.
[    2.773359] systemd[1]: Condition check resulted in Dispatch Password Requests to Console Directory Watch being skipped.
[    2.773450] systemd[1]: Started Forward Password Requests to Plymouth Directory Watch.
[    2.773520] systemd[1]: Reached target Local Encrypted Volumes.
[    2.802027] systemd[1]: Mounted Mount unit for gtk-common-themes, revision 1535.
[    2.802258] systemd[1]: Mounted Mount unit for snap-store, revision 433.
[    2.802434] systemd[1]: Mounted Mount unit for snapd, revision 7264.
[    2.802580] systemd[1]: Reached target Local File Systems.
[    2.804957] systemd[1]: Starting Load AppArmor profiles...
[    2.805868] systemd[1]: Starting Set console font and keymap...
[    2.817574] systemd[1]: Starting Tell Plymouth To Write Out Runtime Data...
[    2.823460] systemd[1]: Condition check resulted in Store a System Token in an EFI Variable being skipped.
[    2.823494] systemd[1]: Condition check resulted in Commit a transient machine-id on disk being skipped.
[    2.824387] systemd[1]: Finished Set console font and keymap.
[    2.833596] systemd[1]: Received SIGRTMIN+20 from PID 278 (plymouthd).
[    2.834787] systemd[1]: plymouth-read-write.service: Succeeded.
[    2.835037] systemd[1]: Finished Tell Plymouth To Write Out Runtime Data.
[    2.866981] audit: type=1400 audit(1768733724.708:2): apparmor="STATUS" operation="profile_load" profile="unconfined" name="nvidia_modprobe" pid=300 comm="apparmor_parser"
[    2.866983] audit: type=1400 audit(1768733724.708:3): apparmor="STATUS" operation="profile_load" profile="unconfined" name="nvidia_modprobe//kmod" pid=300 comm="apparmor_parser"
[    2.872885] audit: type=1400 audit(1768733724.716:4): apparmor="STATUS" operation="profile_load" profile="unconfined" name="/usr/sbin/tcpdump" pid=301 comm="apparmor_parser"
[    2.919349] audit: type=1400 audit(1768733724.760:5): apparmor="STATUS" operation="profile_load" profile="unconfined" name="/usr/bin/evince" pid=303 comm="apparmor_parser"
[    2.919351] audit: type=1400 audit(1768733724.760:6): apparmor="STATUS" operation="profile_load" profile="unconfined" name="/usr/bin/evince//sanitized_helper" pid=303 comm="apparmor_parser"
[    2.919355] audit: type=1400 audit(1768733724.760:7): apparmor="STATUS" operation="profile_load" profile="unconfined" name="/usr/bin/evince-previewer" pid=303 comm="apparmor_parser"
[    2.919357] audit: type=1400 audit(1768733724.760:8): apparmor="STATUS" operation="profile_load" profile="unconfined" name="/usr/bin/evince-previewer//sanitized_helper" pid=303 comm="apparmor_parser"
[    2.919358] audit: type=1400 audit(1768733724.760:9): apparmor="STATUS" operation="profile_load" profile="unconfined" name="/usr/bin/evince-thumbnailer" pid=303 comm="apparmor_parser"
[    2.935345] audit: type=1400 audit(1768733724.780:10): apparmor="STATUS" operation="profile_load" profile="unconfined" name="/usr/lib/cups/backend/cups-pdf" pid=304 comm="apparmor_parser"
[    3.013106] systemd[1]: Finished Load AppArmor profiles.
[    3.014110] systemd[1]: Starting Load AppArmor profiles managed internally by snapd...
[    3.079270] systemd[1]: Finished Load AppArmor profiles managed internally by snapd.
[    3.259731] systemd[1]: Started Journal Service.
[    3.268236] systemd-journald[229]: Received client request to flush runtime journal.
[    3.272824] systemd-journald[229]: File /var/log/journal/c455b248004a419c87ce85eea238d727/system.journal corrupted or uncleanly shut down, renaming and replacing.
[    4.668870] RAPL PMU: API unit is 2^-32 Joules, 0 fixed counters, 10737418240 ms ovfl timer
[    4.737096] cryptd: max_cpu_qlen set to 1000
[    4.792095] AVX2 version of gcm_enc/dec engaged.
[    4.792096] AES CTR mode by8 optimization enabled
[    5.587953] Adding 1998844k swap on /dev/sda1.  Priority:-2 extents:1 across:1998844k FS
[    7.257583] kauditd_printk_skb: 30 callbacks suppressed
[    7.257585] audit: type=1400 audit(1768733729.100:41): apparmor="DENIED" operation="capable" profile="/usr/sbin/cups-browsed" pid=497 comm="cups-browsed" capability=23  capname="sys_nice"
[    7.824233] pcnet32 0000:00:03.0 enp0s3: link up, 100Mbps, full-duplex
[    7.859941] e1000: enp0s8 NIC Link is Up 1000 Mbps Full Duplex, Flow Control: RX
[    7.860214] IPv6: ADDRCONF(NETDEV_CHANGE): enp0s8: link becomes ready
[    7.871039] e1000: enp0s9 NIC Link is Up 1000 Mbps Full Duplex, Flow Control: RX
[    7.871366] IPv6: ADDRCONF(NETDEV_CHANGE): enp0s9: link becomes ready
[    8.442994] device enp0s3 entered promiscuous mode
[    8.470000] audit: type=1400 audit(1768733730.308:42): apparmor="DENIED" operation="open" profile="/usr/sbin/tcpdump" name="/proc/sys/kernel/random/boot_id" pid=705 comm="tcpdump" requested_mask="r" denied_mask="r" fsuid=0 ouid=0
[    8.472257] audit: type=1400 audit(1768733730.320:43): apparmor="DENIED" operation="open" profile="/usr/sbin/tcpdump" name="/proc/sys/kernel/random/boot_id" pid=705 comm="tcpdump" requested_mask="r" denied_mask="r" fsuid=0 ouid=0
[    8.472430] audit: type=1400 audit(1768733730.320:44): apparmor="DENIED" operation="open" profile="/usr/sbin/tcpdump" name="/proc/sys/kernel/random/boot_id" pid=705 comm="tcpdump" requested_mask="r" denied_mask="r" fsuid=0 ouid=0
[    8.472656] audit: type=1400 audit(1768733730.320:45): apparmor="DENIED" operation="open" profile="/usr/sbin/tcpdump" name="/proc/sys/kernel/random/boot_id" pid=705 comm="tcpdump" requested_mask="r" denied_mask="r" fsuid=0 ouid=0
[    8.487376] audit: type=1400 audit(1768733730.328:46): apparmor="DENIED" operation="open" profile="/usr/sbin/tcpdump" name="/proc/sys/kernel/random/boot_id" pid=706 comm="tcpdump" requested_mask="r" denied_mask="r" fsuid=0 ouid=0
[    8.487540] audit: type=1400 audit(1768733730.328:47): apparmor="DENIED" operation="open" profile="/usr/sbin/tcpdump" name="/proc/sys/kernel/random/boot_id" pid=706 comm="tcpdump" requested_mask="r" denied_mask="r" fsuid=0 ouid=0
[    8.487637] audit: type=1400 audit(1768733730.328:48): apparmor="DENIED" operation="open" profile="/usr/sbin/tcpdump" name="/proc/sys/kernel/random/boot_id" pid=706 comm="tcpdump" requested_mask="r" denied_mask="r" fsuid=0 ouid=0
[    8.487691] audit: type=1400 audit(1768733730.328:49): apparmor="DENIED" operation="open" profile="/usr/sbin/tcpdump" name="/proc/sys/kernel/random/boot_id" pid=706 comm="tcpdump" requested_mask="r" denied_mask="r" fsuid=0 ouid=0
[   13.048596] rfkill: input handler disabled
[  232.628524] AAAAA-TCP_FORW: name:enp0s3: saddr:100932208: daddr:16783984
[  232.980712] AAAAA-TCP_FORW: name:enp0s3: saddr:100932208: daddr:16783984
[  233.012342] AAAAA-TCP_FORW: name:enp0s3: saddr:100932208: daddr:16783984
[  233.424135] AAAAA-TCP_FORW: name:enp0s3: saddr:100932208: daddr:33561200
[  233.474844] AAAAA-TCP_FORW: name:enp0s3: saddr:100932208: daddr:16783984
[  233.726666] AAAAA-TCP_FORW: name:enp0s3: saddr:100932208: daddr:16783984
[  233.869959] AAAAA-TCP_FORW: name:enp0s3: saddr:100932208: daddr:33561200
[  234.024321] AAAAA-TCP_FORW: name:enp0s3: saddr:100932208: daddr:16783984
[  234.215612] AAAAA-TCP_FORW: name:enp0s3: saddr:100932208: daddr:16783984
[  234.341302] AAAAA-TCP_FORW: name:enp0s3: saddr:100932208: daddr:16783984
[  234.441015] AAAAA-TCP_FORW: name:enp0s3: saddr:100932208: daddr:16783984
[  234.549521] AAAAA-TCP_FORW: name:enp0s3: saddr:100932208: daddr:16783984
[  234.719921] AAAAA-TCP_FORW: name:enp0s3: saddr:100932208: daddr:33561200
[  234.806500] AAAAA-TCP_FORW: name:enp0s3: saddr:100932208: daddr:16783984
[  234.946479] AAAAA-TCP_FORW: name:enp0s3: saddr:100932208: daddr:33561200
[  235.101140] AAAAA-TCP_FORW: name:enp0s3: saddr:100932208: daddr:16783984
[  235.164164] AAAAA-TCP_FORW: name:enp0s3: saddr:100932208: daddr:16783984
[  235.313824] AAAAA-TCP_FORW: name:enp0s3: saddr:100932208: daddr:16783984
[  235.452424] AAAAA-TCP_FORW: name:enp0s3: saddr:100932208: daddr:16783984
[  235.525870] AAAAA-TCP_FORW: name:enp0s3: saddr:100932208: daddr:16783984
[  235.677212] AAAAA-TCP_FORW: name:enp0s3: saddr:100932208: daddr:16783984
[  235.751197] AAAAA-TCP_FORW: name:enp0s3: saddr:100932208: daddr:16783984
[  235.845304] AAAAA-TCP_FORW: name:enp0s3: saddr:100932208: daddr:16783984
[  235.958057] AAAAA-TCP_FORW: name:enp0s3: saddr:100932208: daddr:16783984
[  236.100086] AAAAA-TCP_FORW: name:enp0s3: saddr:100932208: daddr:16783984
[  236.146024] AAAAA-TCP_FORW: name:enp0s3: saddr:100932208: daddr:16783984
[  236.222157] AAAAA-TCP_FORW: name:enp0s3: saddr:100932208: daddr:33561200
[  236.303868] AAAAA-TCP_FORW: name:enp0s3: saddr:100932208: daddr:33561200
[  236.458084] AAAAA-TCP_FORW: name:enp0s3: saddr:100932208: daddr:33561200
[  236.561514] AAAAA-TCP_FORW: name:enp0s3: saddr:100932208: daddr:33561200
[  236.777176] AAAAA-TCP_FORW: name:enp0s3: saddr:100932208: daddr:33561200
[  236.872984] AAAAA-TCP_FORW: name:enp0s3: saddr:100932208: daddr:33561200
[  236.979800] AAAAA-TCP_FORW: name:enp0s3: saddr:100932208: daddr:33561200
[  237.097173] AAAAA-TCP_FORW: name:enp0s3: saddr:100932208: daddr:33561200
[  237.310534] AAAAA-TCP_FORW: name:enp0s3: saddr:100932208: daddr:33561200
[  237.476064] AAAAA-TCP_FORW: name:enp0s3: saddr:100932208: daddr:33561200
[  237.577108] AAAAA-TCP_FORW: name:enp0s3: saddr:100932208: daddr:16783984
[  237.660735] AAAAA-TCP_FORW: name:enp0s3: saddr:100932208: daddr:16783984
[  237.712207] AAAAA-TCP_FORW: name:enp0s3: saddr:100932208: daddr:16783984
[  237.728635] AAAAA-TCP_FORW: name:enp0s3: saddr:16783984: daddr:100932208
[  237.759032] AAAAA-TCP_FORW: name:enp0s3: saddr:100932208: daddr:16783984
[  237.810244] AAAAA-TCP_FORW: name:enp0s3: saddr:100932208: daddr:16783984
[  237.851258] AAAAA-TCP_FORW: name:enp0s3: saddr:100932208: daddr:16783984
[  237.867529] AAAAA-TCP_FORW: name:enp0s3: saddr:16783984: daddr:100932208
[  237.902258] AAAAA-TCP_FORW: name:enp0s3: saddr:100932208: daddr:16783984
[  237.918577] AAAAA-TCP_FORW: name:enp0s3: saddr:16783984: daddr:100932208
[  238.009254] AAAAA-TCP_FORW: name:enp0s3: saddr:100932208: daddr:16783984
[  238.091747] AAAAA-TCP_FORW: name:enp0s3: saddr:16783984: daddr:100932208
[  238.166233] AAAAA-TCP_FORW: name:enp0s3: saddr:100932208: daddr:16783984
[  238.211187] AAAAA-TCP_FORW: name:enp0s3: saddr:100932208: daddr:33561200
[  238.236384] AAAAA-TCP_FORW: name:enp0s3: saddr:16783984: daddr:100932208
[  238.295758] AAAAA-TCP_FORW: name:enp0s3: saddr:16783984: daddr:100932208
[  238.307659] AAAAA-TCP_FORW: name:enp0s3: saddr:100932208: daddr:16783984
[  238.364256] AAAAA-TCP_FORW: name:enp0s3: saddr:100932208: daddr:16783984
[  238.402517] AAAAA-TCP_FORW: name:enp0s3: saddr:16783984: daddr:100932208
[  238.423826] AAAAA-TCP_FORW: name:enp0s3: saddr:100932208: daddr:16783984
[  238.447394] AAAAA-TCP_FORW: name:enp0s3: saddr:33561200: daddr:100932208
[  238.514441] AAAAA-TCP_FORW: name:enp0s3: saddr:100932208: daddr:16783984
[  238.570428] AAAAA-TCP_FORW: name:enp0s3: saddr:100932208: daddr:16783984
[  238.637202] AAAAA-TCP_FORW: name:enp0s3: saddr:100932208: daddr:16783984
[  238.661760] AAAAA-TCP_FORW: name:enp0s3: saddr:16783984: daddr:100932208
[  238.670273] AAAAA-TCP_FORW: name:enp0s3: saddr:100932208: daddr:16783984
[  238.704730] AAAAA-TCP_FORW: name:enp0s3: saddr:100932208: daddr:16783984
[  238.722414] AAAAA-TCP_FORW: name:enp0s3: saddr:16783984: daddr:100932208
[  238.769988] AAAAA-TCP_FORW: name:enp0s3: saddr:100932208: daddr:16783984
[  238.802493] AAAAA-TCP_FORW: name:enp0s3: saddr:16783984: daddr:100932208
[  238.928773] AAAAA-TCP_FORW: name:enp0s3: saddr:100932208: daddr:16783984
[  238.964728] AAAAA-TCP_FORW: name:enp0s3: saddr:16783984: daddr:100932208
[  239.013921] AAAAA-TCP_FORW: name:enp0s3: saddr:16783984: daddr:100932208
[  239.024704] AAAAA-TCP_FORW: name:enp0s3: saddr:100932208: daddr:16783984
[  239.101690] AAAAA-TCP_FORW: name:enp0s3: saddr:100932208: daddr:16783984
[  239.120939] AAAAA-TCP_FORW: name:enp0s3: saddr:16783984: daddr:100932208
[  239.260380] AAAAA-TCP_FORW: name:enp0s3: saddr:16783984: daddr:100932208
[  239.267210] AAAAA-TCP_FORW: name:enp0s3: saddr:100932208: daddr:33561200
[  239.299382] AAAAA-TCP_FORW: name:enp0s3: saddr:100932208: daddr:33561200
[  239.317016] AAAAA-TCP_FORW: name:enp0s3: saddr:16783984: daddr:100932208
[  239.387961] AAAAA-TCP_FORW: name:enp0s3: saddr:100932208: daddr:33561200
[  239.422474] AAAAA-TCP_FORW: name:enp0s3: saddr:16783984: daddr:100932208
[  239.534682] AAAAA-TCP_FORW: name:enp0s3: saddr:100932208: daddr:33561200
[  239.621400] AAAAA-TCP_FORW: name:enp0s3: saddr:100932208: daddr:33561200
[  239.732131] AAAAA-TCP_FORW: name:enp0s3: saddr:16783984: daddr:100932208
[  239.858225] AAAAA-TCP_FORW: name:enp0s3: saddr:100932208: daddr:33561200
[  239.873285] AAAAA-TCP_FORW: name:enp0s3: saddr:16783984: daddr:100932208
[  239.964396] AAAAA-TCP_FORW: name:enp0s3: saddr:100932208: daddr:33561200
[  240.001864] AAAAA-TCP_FORW: name:enp0s3: saddr:100932208: daddr:33561200
[  240.080902] AAAAA-TCP_FORW: name:enp0s3: saddr:33561200: daddr:100932208
[  240.127190] AAAAA-TCP_FORW: name:enp0s3: saddr:33561200: daddr:100932208
[  240.155442] AAAAA-TCP_FORW: name:enp0s3: saddr:100932208: daddr:33561200
[  240.267518] AAAAA-TCP_FORW: name:enp0s3: saddr:100932208: daddr:33561200
[  240.391647] AAAAA-TCP_FORW: name:enp0s3: saddr:33561200: daddr:100932208
[  240.459936] AAAAA-TCP_FORW: name:enp0s3: saddr:100932208: daddr:33561200
[  240.513858] AAAAA-TCP_FORW: name:enp0s3: saddr:33561200: daddr:100932208
[  240.543545] AAAAA-TCP_FORW: name:enp0s3: saddr:100932208: daddr:33561200
[  240.564288] AAAAA-TCP_FORW: name:enp0s3: saddr:33561200: daddr:100932208
[  240.612534] AAAAA-TCP_FORW: name:enp0s3: saddr:100932208: daddr:33561200
[  240.694482] AAAAA-TCP_FORW: name:enp0s3: saddr:100932208: daddr:33561200
[  240.711609] AAAAA-TCP_FORW: name:enp0s3: saddr:33561200: daddr:100932208
[  240.784663] AAAAA-TCP_FORW: name:enp0s3: saddr:100932208: daddr:33561200
[  240.832229] AAAAA-TCP_FORW: name:enp0s3: saddr:33561200: daddr:100932208
[  240.866830] AAAAA-TCP_FORW: name:enp0s3: saddr:100932208: daddr:33561200
[  240.896550] AAAAA-TCP_FORW: name:enp0s3: saddr:33561200: daddr:100932208
[  240.951036] AAAAA-TCP_FORW: name:enp0s3: saddr:100932208: daddr:33561200
[  240.953926] AAAAA-TCP_FORW: name:enp0s3: saddr:100932208: daddr:33561200
[  240.958767] AAAAA-TCP_FORW: name:enp0s3: saddr:100932208: daddr:33561200
[  240.983303] AAAAA-TCP_FORW: name:enp0s3: saddr:100932208: daddr:33561200
[  241.011585] AAAAA-TCP_FORW: name:enp0s3: saddr:100932208: daddr:16783984
[  241.107742] AAAAA-TCP_FORW: name:enp0s3: saddr:33561200: daddr:100932208
[  241.157680] AAAAA-TCP_FORW: name:enp0s3: saddr:100932208: daddr:16783984
[  241.171057] AAAAA-TCP_FORW: name:enp0s3: saddr:33561200: daddr:100932208
[  241.205905] AAAAA-TCP_FORW: name:enp0s3: saddr:100932208: daddr:16783984
[  241.319711] AAAAA-TCP_FORW: name:enp0s3: saddr:100932208: daddr:16783984
[  241.343807] AAAAA-TCP_FORW: name:enp0s3: saddr:33561200: daddr:100932208
[  241.400245] AAAAA-TCP_FORW: name:enp0s3: saddr:100932208: daddr:16783984
[  241.424636] AAAAA-TCP_FORW: name:enp0s3: saddr:33561200: daddr:100932208
[  241.464473] AAAAA-TCP_FORW: name:enp0s3: saddr:100932208: daddr:16783984
[  241.497681] AAAAA-TCP_FORW: name:enp0s3: saddr:100932208: daddr:16783984
[  241.555732] AAAAA-TCP_FORW: name:enp0s3: saddr:33561200: daddr:100932208
[  241.617890] AAAAA-TCP_FORW: name:enp0s3: saddr:33561200: daddr:100932208
[  241.721273] AAAAA-TCP_FORW: name:enp0s3: saddr:33561200: daddr:100932208
[  241.780084] AAAAA-TCP_FORW: name:enp0s3: saddr:100932208: daddr:16783984
[  241.805870] AAAAA-TCP_FORW: name:enp0s3: saddr:33561200: daddr:100932208
[  241.876788] AAAAA-TCP_FORW: name:enp0s3: saddr:100932208: daddr:16783984
[  241.906938] AAAAA-TCP_FORW: name:enp0s3: saddr:100932208: daddr:16783984
[  241.969747] AAAAA-TCP_FORW: name:enp0s3: saddr:33561200: daddr:100932208
[  242.024201] AAAAA-TCP_FORW: name:enp0s3: saddr:100932208: daddr:16783984
[  242.026833] AAAAA-TCP_FORW: name:enp0s3: saddr:100932208: daddr:16783984
[  242.111636] AAAAA-TCP_FORW: name:enp0s3: saddr:33561200: daddr:100932208
[  242.165069] AAAAA-TCP_FORW: name:enp0s3: saddr:33561200: daddr:100932208
[  242.177095] AAAAA-TCP_FORW: name:enp0s3: saddr:100932208: daddr:16783984
[  242.204184] AAAAA-TCP_FORW: name:enp0s3: saddr:16783984: daddr:100932208
[  242.218062] AAAAA-TCP_FORW: name:enp0s3: saddr:100932208: daddr:16783984
[  242.290709] AAAAA-TCP_FORW: name:enp0s3: saddr:100932208: daddr:33561200
[  242.317090] AAAAA-TCP_FORW: name:enp0s3: saddr:16783984: daddr:100932208
[  242.410164] AAAAA-TCP_FORW: name:enp0s3: saddr:100932208: daddr:16783984
[  242.424920] AAAAA-TCP_FORW: name:enp0s3: saddr:16783984: daddr:100932208
[  242.450669] AAAAA-TCP_FORW: name:enp0s3: saddr:100932208: daddr:16783984
[  242.472903] AAAAA-TCP_FORW: name:enp0s3: saddr:16783984: daddr:100932208
[  242.583097] AAAAA-TCP_FORW: name:enp0s3: saddr:100932208: daddr:33561200
[  242.605938] AAAAA-TCP_FORW: name:enp0s3: saddr:16783984: daddr:100932208
[  242.720980] AAAAA-TCP_FORW: name:enp0s3: saddr:100932208: daddr:16783984
[  242.732805] AAAAA-TCP_FORW: name:enp0s3: saddr:16783984: daddr:100932208
[  242.767719] AAAAA-TCP_FORW: name:enp0s3: saddr:16783984: daddr:100932208
[  242.845726] AAAAA-TCP_FORW: name:enp0s3: saddr:100932208: daddr:16783984
[  242.899152] AAAAA-TCP_FORW: name:enp0s3: saddr:16783984: daddr:100932208
[  242.938069] AAAAA-TCP_FORW: name:enp0s3: saddr:100932208: daddr:16783984
[  243.025429] AAAAA-TCP_FORW: name:enp0s3: saddr:16783984: daddr:100932208
[  243.048948] AAAAA-TCP_FORW: name:enp0s3: saddr:100932208: daddr:16783984
[  243.114409] AAAAA-TCP_FORW: name:enp0s3: saddr:16783984: daddr:100932208
[  243.141276] AAAAA-TCP_FORW: name:enp0s3: saddr:100932208: daddr:16783984
[  243.164443] AAAAA-TCP_FORW: name:enp0s3: saddr:16783984: daddr:100932208
[  243.230500] AAAAA-TCP_FORW: name:enp0s3: saddr:16783984: daddr:100932208
[  243.237919] AAAAA-TCP_FORW: name:enp0s3: saddr:100932208: daddr:16783984
[  243.273478] AAAAA-TCP_FORW: name:enp0s3: saddr:100932208: daddr:16783984
[  243.389889] AAAAA-TCP_FORW: name:enp0s3: saddr:16783984: daddr:100932208
[  243.459779] AAAAA-TCP_FORW: name:enp0s3: saddr:100932208: daddr:16783984
[  243.493219] AAAAA-TCP_FORW: name:enp0s3: saddr:100932208: daddr:16783984
[  243.514084] AAAAA-TCP_FORW: name:enp0s3: saddr:16783984: daddr:100932208
[  243.532075] AAAAA-TCP_FORW: name:enp0s3: saddr:100932208: daddr:16783984
[  243.555005] AAAAA-TCP_FORW: name:enp0s3: saddr:33561200: daddr:100932208
[  243.620464] AAAAA-TCP_FORW: name:enp0s3: saddr:100932208: daddr:16783984
[  243.623021] AAAAA-TCP_FORW: name:enp0s3: saddr:100932208: daddr:16783984
[  243.643653] AAAAA-TCP_FORW: name:enp0s3: saddr:16783984: daddr:100932208
[  243.664190] AAAAA-TCP_FORW: name:enp0s3: saddr:100932208: daddr:16783984
[  243.763983] AAAAA-TCP_FORW: name:enp0s3: saddr:16783984: daddr:100932208
[  243.790912] AAAAA-TCP_FORW: name:enp0s3: saddr:100932208: daddr:16783984
[  243.841415] AAAAA-TCP_FORW: name:enp0s3: saddr:33561200: daddr:100932208
[  243.860044] AAAAA-TCP_FORW: name:enp0s3: saddr:100932208: daddr:16783984
[  243.907850] AAAAA-TCP_FORW: name:enp0s3: saddr:100932208: daddr:16783984
[  243.977212] AAAAA-TCP_FORW: name:enp0s3: saddr:100932208: daddr:16783984
[  243.991772] AAAAA-TCP_FORW: name:enp0s3: saddr:16783984: daddr:100932208
[  244.059787] AAAAA-TCP_FORW: name:enp0s3: saddr:100932208: daddr:16783984
[  244.114360] AAAAA-TCP_FORW: name:enp0s3: saddr:16783984: daddr:100932208
[  244.170367] AAAAA-TCP_FORW: name:enp0s3: saddr:100932208: daddr:33561200
[  244.210063] AAAAA-TCP_FORW: name:enp0s3: saddr:16783984: daddr:100932208
[  244.348438] AAAAA-TCP_FORW: name:enp0s3: saddr:16783984: daddr:100932208
[  244.420703] AAAAA-TCP_FORW: name:enp0s3: saddr:16783984: daddr:100932208
[  244.594707] AAAAA-TCP_FORW: name:enp0s3: saddr:16783984: daddr:100932208
[  244.647049] AAAAA-TCP_FORW: name:enp0s3: saddr:16783984: daddr:100932208
[  244.745773] AAAAA-TCP_FORW: name:enp0s3: saddr:16783984: daddr:100932208
[  244.836600] AAAAA-TCP_FORW: name:enp0s3: saddr:16783984: daddr:100932208
[  244.911874] AAAAA-TCP_FORW: name:enp0s3: saddr:16783984: daddr:100932208
[  245.090767] AAAAA-TCP_FORW: name:enp0s3: saddr:16783984: daddr:100932208
[  245.139434] AAAAA-TCP_FORW: name:enp0s3: saddr:16783984: daddr:100932208
[  245.205706] AAAAA-TCP_FORW: name:enp0s3: saddr:16783984: daddr:100932208
[  245.216952] AAAAA-TCP_FORW: name:enp0s3: saddr:100932208: daddr:16783984
[  245.306438] AAAAA-TCP_FORW: name:enp0s3: saddr:16783984: daddr:100932208
[  245.391912] AAAAA-TCP_FORW: name:enp0s3: saddr:16783984: daddr:100932208
[  245.434932] AAAAA-TCP_FORW: name:enp0s3: saddr:16783984: daddr:100932208
[  245.467978] AAAAA-TCP_FORW: name:enp0s3: saddr:16783984: daddr:100932208
[  245.548389] AAAAA-TCP_FORW: name:enp0s3: saddr:16783984: daddr:100932208
[  245.629893] AAAAA-TCP_FORW: name:enp0s3: saddr:33561200: daddr:100932208
[  246.042639] AAAAA-TCP_FORW: name:enp0s3: saddr:16783984: daddr:100932208
[  258.072645] AAAAA-TCP_FORW: name:enp0s3: saddr:100932208: daddr:16783984
[  258.083262] AAAAA-TCP_FORW: name:enp0s3: saddr:16783984: daddr:100932208
[  258.190280] AAAAA-TCP_FORW: name:enp0s3: saddr:100932208: daddr:33561200
[  258.274313] AAAAA-TCP_FORW: name:enp0s3: saddr:100932208: daddr:16783984
[  258.366348] AAAAA-TCP_FORW: name:enp0s3: saddr:33561200: daddr:100932208
[  258.487835] AAAAA-TCP_FORW: name:enp0s3: saddr:16783984: daddr:100932208
[  258.536805] AAAAA-TCP_FORW: name:enp0s3: saddr:100932208: daddr:33561200
[  258.584603] AAAAA-TCP_FORW: name:enp0s3: saddr:100932208: daddr:16783984
[  258.757799] AAAAA-TCP_FORW: name:enp0s3: saddr:33561200: daddr:100932208
[  258.798185] AAAAA-TCP_FORW: name:enp0s3: saddr:100932208: daddr:33561200
[  258.826163] AAAAA-TCP_FORW: name:enp0s3: saddr:16783984: daddr:100932208
[  258.907422] AAAAA-TCP_FORW: name:enp0s3: saddr:100932208: daddr:16783984
[  258.946588] AAAAA-TCP_FORW: name:enp0s3: saddr:33561200: daddr:100932208
[  258.976372] AAAAA-TCP_FORW: name:enp0s3: saddr:100932208: daddr:33561200
[  259.050406] AAAAA-TCP_FORW: name:enp0s3: saddr:16783984: daddr:100932208
[  259.157755] AAAAA-TCP_FORW: name:enp0s3: saddr:33561200: daddr:100932208
[  259.226005] AAAAA-TCP_FORW: name:enp0s3: saddr:100932208: daddr:16783984
[  259.395387] AAAAA-TCP_FORW: name:enp0s3: saddr:100932208: daddr:33561200
[  259.439228] AAAAA-TCP_FORW: name:enp0s3: saddr:16783984: daddr:100932208
[  259.467555] AAAAA-TCP_FORW: name:enp0s3: saddr:100932208: daddr:16783984
[  259.528547] AAAAA-TCP_FORW: name:enp0s3: saddr:33561200: daddr:100932208
[  259.568456] AAAAA-TCP_FORW: name:enp0s3: saddr:100932208: daddr:33561200
[  259.641637] AAAAA-TCP_FORW: name:enp0s3: saddr:16783984: daddr:100932208
[  259.665701] AAAAA-TCP_FORW: name:enp0s3: saddr:100932208: daddr:16783984
[  259.719900] AAAAA-TCP_FORW: name:enp0s3: saddr:100932208: daddr:33561200
[  259.771734] AAAAA-TCP_FORW: name:enp0s3: saddr:33561200: daddr:100932208
[  259.863953] AAAAA-TCP_FORW: name:enp0s3: saddr:100932208: daddr:16783984
[  259.888518] AAAAA-TCP_FORW: name:enp0s3: saddr:16783984: daddr:100932208
[  259.964473] AAAAA-TCP_FORW: name:enp0s3: saddr:33561200: daddr:100932208
[  260.011653] AAAAA-TCP_FORW: name:enp0s3: saddr:100932208: daddr:33561200
[  260.048911] AAAAA-TCP_FORW: name:enp0s3: saddr:16783984: daddr:100932208
[  260.077129] AAAAA-TCP_FORW: name:enp0s3: saddr:100932208: daddr:16783984
[  260.208274] AAAAA-TCP_FORW: name:enp0s3: saddr:33561200: daddr:100932208
[  260.247502] AAAAA-TCP_FORW: name:enp0s3: saddr:100932208: daddr:33561200
[  260.296456] AAAAA-TCP_FORW: name:enp0s3: saddr:100932208: daddr:16783984
[  260.315717] AAAAA-TCP_FORW: name:enp0s3: saddr:16783984: daddr:100932208
[  260.429830] AAAAA-TCP_FORW: name:enp0s3: saddr:33561200: daddr:100932208
[  260.452849] AAAAA-TCP_FORW: name:enp0s3: saddr:100932208: daddr:33561200
[  260.479487] AAAAA-TCP_FORW: name:enp0s3: saddr:16783984: daddr:100932208
[  260.535626] AAAAA-TCP_FORW: name:enp0s3: saddr:100932208: daddr:16783984
[  260.580180] AAAAA-TCP_FORW: name:enp0s3: saddr:100932208: daddr:33561200
[  260.637538] AAAAA-TCP_FORW: name:enp0s3: saddr:33561200: daddr:100932208
[  260.688810] AAAAA-TCP_FORW: name:enp0s3: saddr:100932208: daddr:16783984
[  260.759862] AAAAA-TCP_FORW: name:enp0s3: saddr:16783984: daddr:100932208
[  260.810979] AAAAA-TCP_FORW: name:enp0s3: saddr:100932208: daddr:33561200
[  260.839113] AAAAA-TCP_FORW: name:enp0s3: saddr:33561200: daddr:100932208
[  260.922916] AAAAA-TCP_FORW: name:enp0s3: saddr:100932208: daddr:16783984
[  260.969225] AAAAA-TCP_FORW: name:enp0s3: saddr:16783984: daddr:100932208
[  260.995269] AAAAA-TCP_FORW: name:enp0s3: saddr:100932208: daddr:33561200
[  261.080044] AAAAA-TCP_FORW: name:enp0s3: saddr:33561200: daddr:100932208
[  261.104344] AAAAA-TCP_FORW: name:enp0s3: saddr:100932208: daddr:16783984
[  261.146702] AAAAA-TCP_FORW: name:enp0s3: saddr:100932208: daddr:33561200
[  261.172232] AAAAA-TCP_FORW: name:enp0s3: saddr:16783984: daddr:100932208
[  261.284227] AAAAA-TCP_FORW: name:enp0s3: saddr:100932208: daddr:16783984
[  261.317372] AAAAA-TCP_FORW: name:enp0s3: saddr:33561200: daddr:100932208
[  261.449413] AAAAA-TCP_FORW: name:enp0s3: saddr:100932208: daddr:33561200
[  261.522370] AAAAA-TCP_FORW: name:enp0s3: saddr:16783984: daddr:100932208
[  261.559561] AAAAA-TCP_FORW: name:enp0s3: saddr:100932208: daddr:16783984
[  261.622704] AAAAA-TCP_FORW: name:enp0s3: saddr:33561200: daddr:100932208
[  261.752729] AAAAA-TCP_FORW: name:enp0s3: saddr:100932208: daddr:33561200
[  261.777362] AAAAA-TCP_FORW: name:enp0s3: saddr:16783984: daddr:100932208
[  261.864766] AAAAA-TCP_FORW: name:enp0s3: saddr:100932208: daddr:16783984
[  261.950686] AAAAA-TCP_FORW: name:enp0s3: saddr:100932208: daddr:33561200
[  262.038427] AAAAA-TCP_FORW: name:enp0s3: saddr:33561200: daddr:100932208
[  262.187838] AAAAA-TCP_FORW: name:enp0s3: saddr:100932208: daddr:16783984
[  262.311225] AAAAA-TCP_FORW: name:enp0s3: saddr:16783984: daddr:100932208
[  262.478409] AAAAA-TCP_FORW: name:enp0s3: saddr:100932208: daddr:33561200
[  262.529508] AAAAA-TCP_FORW: name:enp0s3: saddr:33561200: daddr:100932208
[  262.597509] AAAAA-TCP_FORW: name:enp0s3: saddr:100932208: daddr:16783984
[  262.733421] AAAAA-TCP_FORW: name:enp0s3: saddr:16783984: daddr:100932208
[  262.835285] AAAAA-TCP_FORW: name:enp0s3: saddr:100932208: daddr:16783984
[  262.854737] AAAAA-TCP_FORW: name:enp0s3: saddr:33561200: daddr:100932208
[  262.944194] AAAAA-TCP_FORW: name:enp0s3: saddr:100932208: daddr:16783984
[  263.070768] AAAAA-TCP_FORW: name:enp0s3: saddr:16783984: daddr:100932208
[  263.304743] AAAAA-TCP_FORW: name:enp0s3: saddr:33561200: daddr:100932208
[  263.368317] AAAAA-TCP_FORW: name:enp0s3: saddr:16783984: daddr:100932208
[  263.429162] AAAAA-TCP_FORW: name:enp0s3: saddr:100932208: daddr:33561200
[  263.469970] AAAAA-TCP_FORW: name:enp0s3: saddr:16783984: daddr:100932208
[  263.608983] AAAAA-TCP_FORW: name:enp0s3: saddr:16783984: daddr:100932208
[  263.756330] AAAAA-TCP_FORW: name:enp0s3: saddr:100932208: daddr:16783984
[  264.030623] AAAAA-TCP_FORW: name:enp0s3: saddr:33561200: daddr:100932208
[  264.113697] AAAAA-TCP_FORW: name:enp0s3: saddr:100932208: daddr:33561200
[  264.248131] AAAAA-TCP_FORW: name:enp0s3: saddr:16783984: daddr:100932208
[  264.282853] AAAAA-TCP_FORW: name:enp0s3: saddr:100932208: daddr:16783984
[  264.402626] AAAAA-TCP_FORW: name:enp0s3: saddr:33561200: daddr:100932208
[  264.489367] AAAAA-TCP_FORW: name:enp0s3: saddr:100932208: daddr:16783984
[  264.603828] AAAAA-TCP_FORW: name:enp0s3: saddr:16783984: daddr:100932208
[  264.807879] AAAAA-TCP_FORW: name:enp0s3: saddr:100932208: daddr:33561200
[  264.909257] AAAAA-TCP_FORW: name:enp0s3: saddr:16783984: daddr:100932208
[  265.017498] AAAAA-TCP_FORW: name:enp0s3: saddr:100932208: daddr:16783984
[  265.093423] AAAAA-TCP_FORW: name:enp0s3: saddr:33561200: daddr:100932208
[  265.250690] AAAAA-TCP_FORW: name:enp0s3: saddr:16783984: daddr:100932208
[  265.299281] AAAAA-TCP_FORW: name:enp0s3: saddr:100932208: daddr:33561200
[  265.406504] AAAAA-TCP_FORW: name:enp0s3: saddr:100932208: daddr:33561200
[  265.459446] AAAAA-TCP_FORW: name:enp0s3: saddr:33561200: daddr:100932208
[  265.569677] AAAAA-TCP_FORW: name:enp0s3: saddr:100932208: daddr:16783984
[  265.617701] AAAAA-TCP_FORW: name:enp0s3: saddr:33561200: daddr:100932208
[  265.720454] AAAAA-TCP_FORW: name:enp0s3: saddr:100932208: daddr:16783984
[  265.734326] AAAAA-TCP_FORW: name:enp0s3: saddr:16783984: daddr:100932208
[  265.937227] AAAAA-TCP_FORW: name:enp0s3: saddr:16783984: daddr:100932208
[  266.011721] AAAAA-TCP_FORW: name:enp0s3: saddr:100932208: daddr:33561200
[  266.108443] AAAAA-TCP_FORW: name:enp0s3: saddr:33561200: daddr:100932208
[  266.246148] AAAAA-TCP_FORW: name:enp0s3: saddr:100932208: daddr:16783984
[  266.398116] AAAAA-TCP_FORW: name:enp0s3: saddr:100932208: daddr:33561200
[  266.457008] AAAAA-TCP_FORW: name:enp0s3: saddr:100932208: daddr:33561200
[  266.565901] AAAAA-TCP_FORW: name:enp0s3: saddr:100932208: daddr:16783984
[  266.946548] AAAAA-TCP_FORW: name:enp0s3: saddr:100932208: daddr:33561200
[  267.236170] AAAAA-TCP_FORW: name:enp0s3: saddr:100932208: daddr:16783984
[  267.644272] AAAAA-TCP_FORW: name:enp0s3: saddr:100932208: daddr:33561200
[  267.783993] AAAAA-TCP_FORW: name:enp0s3: saddr:100932208: daddr:16783984
[  267.968655] AAAAA-TCP_FORW: name:enp0s3: saddr:100932208: daddr:16783984
[  268.111989] AAAAA-TCP_FORW: name:enp0s3: saddr:100932208: daddr:33561200
[  268.264091] AAAAA-TCP_FORW: name:enp0s3: saddr:100932208: daddr:33561200
[  268.463662] AAAAA-TCP_FORW: name:enp0s3: saddr:100932208: daddr:33561200
[  270.217636] AAAAA-TCP_FORW: name:enp0s3: saddr:100932208: daddr:16783984
[  270.483315] AAAAA-TCP_FORW: name:enp0s3: saddr:100932208: daddr:33561200
[  270.573686] AAAAA-TCP_FORW: name:enp0s3: saddr:100932208: daddr:33561200
[  270.673484] AAAAA-TCP_FORW: name:enp0s3: saddr:100932208: daddr:33561200
[  270.791216] AAAAA-TCP_FORW: name:enp0s3: saddr:100932208: daddr:33561200
[  270.794633] AAAAA-TCP_FORW: name:enp0s3: saddr:100932208: daddr:33561200
[  270.965146] AAAAA-TCP_FORW: name:enp0s3: saddr:100932208: daddr:33561200
[  271.113710] AAAAA-TCP_FORW: name:enp0s3: saddr:100932208: daddr:33561200
[  271.329193] AAAAA-TCP_FORW: name:enp0s3: saddr:100932208: daddr:33561200
[  271.497153] AAAAA-TCP_FORW: name:enp0s3: saddr:100932208: daddr:16783984
[  271.708446] AAAAA-TCP_FORW: name:enp0s3: saddr:100932208: daddr:33561200
[  271.818091] AAAAA-TCP_FORW: name:enp0s3: saddr:100932208: daddr:16783984
[  271.950832] AAAAA-TCP_FORW: name:enp0s3: saddr:100932208: daddr:16783984
[  272.195076] AAAAA-TCP_FORW: name:enp0s3: saddr:100932208: daddr:33561200
[  272.268241] AAAAA-TCP_FORW: name:enp0s3: saddr:100932208: daddr:33561200
[  272.353408] AAAAA-TCP_FORW: name:enp0s3: saddr:100932208: daddr:33561200
[  272.755299] AAAAA-TCP_FORW: name:enp0s3: saddr:100932208: daddr:16783984
[  272.851914] AAAAA-TCP_FORW: name:enp0s3: saddr:100932208: daddr:16783984
[  272.941723] AAAAA-TCP_FORW: name:enp0s3: saddr:100932208: daddr:33561200
[  273.024220] AAAAA-TCP_FORW: name:enp0s3: saddr:100932208: daddr:33561200
[  273.337826] AAAAA-TCP_FORW: name:enp0s3: saddr:100932208: daddr:16783984
[  273.399188] AAAAA-TCP_FORW: name:enp0s3: saddr:100932208: daddr:16783984
[  273.482025] AAAAA-TCP_FORW: name:enp0s3: saddr:100932208: daddr:33561200
[  273.655217] AAAAA-TCP_FORW: name:enp0s3: saddr:100932208: daddr:16783984
[  289.892656] AAAAA-TCP_FORW: name:enp0s3: saddr:100932208: daddr:16783984
[  290.044010] AAAAA-TCP_FORW: name:enp0s3: saddr:100932208: daddr:33561200
[  290.427344] AAAAA-TCP_FORW: name:enp0s3: saddr:100932208: daddr:16783984
[  290.621745] AAAAA-TCP_FORW: name:enp0s3: saddr:100932208: daddr:33561200
[  290.709146] AAAAA-TCP_FORW: name:enp0s3: saddr:100932208: daddr:16783984
[  290.958519] AAAAA-TCP_FORW: name:enp0s3: saddr:100932208: daddr:33561200
[  291.088523] AAAAA-TCP_FORW: name:enp0s3: saddr:100932208: daddr:16783984
[  291.252493] AAAAA-TCP_FORW: name:enp0s3: saddr:100932208: daddr:33561200
[  291.663984] AAAAA-TCP_FORW: name:enp0s3: saddr:100932208: daddr:16783984
[  291.731667] AAAAA-TCP_FORW: name:enp0s3: saddr:100932208: daddr:33561200
[  292.038489] AAAAA-TCP_FORW: name:enp0s3: saddr:100932208: daddr:16783984
[  292.123163] AAAAA-TCP_FORW: name:enp0s3: saddr:100932208: daddr:33561200
[  292.452921] AAAAA-TCP_FORW: name:enp0s3: saddr:100932208: daddr:16783984
[  292.580733] AAAAA-TCP_FORW: name:enp0s3: saddr:100932208: daddr:33561200
[  292.752971] AAAAA-TCP_FORW: name:enp0s3: saddr:100932208: daddr:16783984
[  292.995856] AAAAA-TCP_FORW: name:enp0s3: saddr:100932208: daddr:33561200
[  293.099299] AAAAA-TCP_FORW: name:enp0s3: saddr:100932208: daddr:16783984
[  293.201485] AAAAA-TCP_FORW: name:enp0s3: saddr:100932208: daddr:33561200
[  293.368994] AAAAA-TCP_FORW: name:enp0s3: saddr:100932208: daddr:16783984
[  293.527649] AAAAA-TCP_FORW: name:enp0s3: saddr:100932208: daddr:33561200
[  293.633736] AAAAA-TCP_FORW: name:enp0s3: saddr:100932208: daddr:16783984
[  293.923112] AAAAA-TCP_FORW: name:enp0s3: saddr:100932208: daddr:33561200
[  294.119589] AAAAA-TCP_FORW: name:enp0s3: saddr:100932208: daddr:16783984
[  294.607622] AAAAA-TCP_FORW: name:enp0s3: saddr:100932208: daddr:33561200
[  294.770486] AAAAA-TCP_FORW: name:enp0s3: saddr:100932208: daddr:16783984
[  294.900811] AAAAA-TCP_FORW: name:enp0s3: saddr:100932208: daddr:33561200
[  295.122966] AAAAA-TCP_FORW: name:enp0s3: saddr:100932208: daddr:16783984
[  295.210657] AAAAA-TCP_FORW: name:enp0s3: saddr:100932208: daddr:33561200
[  295.530436] AAAAA-TCP_FORW: name:enp0s3: saddr:100932208: daddr:16783984
[  295.638642] AAAAA-TCP_FORW: name:enp0s3: saddr:100932208: daddr:33561200
[  295.734240] AAAAA-TCP_FORW: name:enp0s3: saddr:100932208: daddr:16783984
[  295.857721] AAAAA-TCP_FORW: name:enp0s3: saddr:100932208: daddr:33561200
[  295.953631] AAAAA-TCP_FORW: name:enp0s3: saddr:100932208: daddr:16783984
[  296.121566] AAAAA-TCP_FORW: name:enp0s3: saddr:100932208: daddr:33561200
[  296.223575] AAAAA-TCP_FORW: name:enp0s3: saddr:100932208: daddr:16783984
[  296.254880] AAAAA-TCP_FORW: name:enp0s3: saddr:100932208: daddr:33561200
[  296.318420] AAAAA-TCP_FORW: name:enp0s3: saddr:100932208: daddr:16783984
[  296.378768] AAAAA-TCP_FORW: name:enp0s3: saddr:100932208: daddr:33561200
[  296.559895] AAAAA-TCP_FORW: name:enp0s3: saddr:100932208: daddr:16783984
[  296.686681] AAAAA-TCP_FORW: name:enp0s3: saddr:100932208: daddr:16783984
[  296.856296] AAAAA-TCP_FORW: name:enp0s3: saddr:100932208: daddr:33561200
[  296.902940] AAAAA-TCP_FORW: name:enp0s3: saddr:100932208: daddr:33561200
[  297.167425] AAAAA-TCP_FORW: name:enp0s3: saddr:100932208: daddr:16783984
[  297.199848] AAAAA-TCP_FORW: name:enp0s3: saddr:100932208: daddr:16783984
[  297.354549] AAAAA-TCP_FORW: name:enp0s3: saddr:100932208: daddr:33561200
[  297.490218] AAAAA-TCP_FORW: name:enp0s3: saddr:100932208: daddr:33561200
[  297.520756] AAAAA-TCP_FORW: name:enp0s3: saddr:100932208: daddr:16783984
[  297.664806] AAAAA-TCP_FORW: name:enp0s3: saddr:100932208: daddr:33561200
[  297.741577] AAAAA-TCP_FORW: name:enp0s3: saddr:100932208: daddr:33561200
[  297.813995] AAAAA-TCP_FORW: name:enp0s3: saddr:100932208: daddr:16783984
[  297.893166] AAAAA-TCP_FORW: name:enp0s3: saddr:100932208: daddr:16783984
[  297.896241] AAAAA-TCP_FORW: name:enp0s3: saddr:100932208: daddr:33561200
[  298.049802] AAAAA-TCP_FORW: name:enp0s3: saddr:100932208: daddr:33561200
[  298.053538] AAAAA-TCP_FORW: name:enp0s3: saddr:100932208: daddr:16783984
[  298.138070] AAAAA-TCP_FORW: name:enp0s3: saddr:100932208: daddr:16783984
[  298.191429] AAAAA-TCP_FORW: name:enp0s3: saddr:100932208: daddr:33561200
[  298.277560] AAAAA-TCP_FORW: name:enp0s3: saddr:100932208: daddr:33561200
[  298.409201] AAAAA-TCP_FORW: name:enp0s3: saddr:100932208: daddr:16783984
[  298.585151] AAAAA-TCP_FORW: name:enp0s3: saddr:100932208: daddr:16783984
[  298.670955] AAAAA-TCP_FORW: name:enp0s3: saddr:100932208: daddr:33561200
[  298.745942] AAAAA-TCP_FORW: name:enp0s3: saddr:100932208: daddr:33561200
[  298.902447] AAAAA-TCP_FORW: name:enp0s3: saddr:100932208: daddr:16783984
[  299.030207] AAAAA-TCP_FORW: name:enp0s3: saddr:100932208: daddr:16783984
[  299.097892] AAAAA-TCP_FORW: name:enp0s3: saddr:100932208: daddr:33561200
[  299.139510] AAAAA-TCP_FORW: name:enp0s3: saddr:100932208: daddr:33561200
[  299.182545] AAAAA-TCP_FORW: name:enp0s3: saddr:100932208: daddr:16783984
[  299.268722] AAAAA-TCP_FORW: name:enp0s3: saddr:100932208: daddr:16783984
[  299.372239] AAAAA-TCP_FORW: name:enp0s3: saddr:100932208: daddr:33561200
[  299.478991] AAAAA-TCP_FORW: name:enp0s3: saddr:100932208: daddr:33561200
[  299.661734] AAAAA-TCP_FORW: name:enp0s3: saddr:100932208: daddr:16783984
[  299.752113] AAAAA-TCP_FORW: name:enp0s3: saddr:100932208: daddr:33561200
[  299.930733] AAAAA-TCP_FORW: name:enp0s3: saddr:100932208: daddr:33561200
[  300.063000] AAAAA-TCP_FORW: name:enp0s3: saddr:100932208: daddr:16783984
[  300.122977] AAAAA-TCP_FORW: name:enp0s3: saddr:100932208: daddr:16783984
[  300.127578] AAAAA-TCP_FORW: name:enp0s3: saddr:100932208: daddr:33561200
[  300.196090] AAAAA-TCP_FORW: name:enp0s3: saddr:100932208: daddr:33561200
[  300.289550] AAAAA-TCP_FORW: name:enp0s3: saddr:100932208: daddr:16783984
[  300.505161] AAAAA-TCP_FORW: name:enp0s3: saddr:100932208: daddr:33561200
[  300.575513] AAAAA-TCP_FORW: name:enp0s3: saddr:100932208: daddr:16783984
[  304.727332] AAAAA-TCP_FORW: name:enp0s3: saddr:100932208: daddr:16783984
[  305.019504] AAAAA-TCP_FORW: name:enp0s3: saddr:100932208: daddr:16783984
[  305.097954] AAAAA-TCP_FORW: name:enp0s3: saddr:100932208: daddr:16783984
[  305.174563] AAAAA-TCP_FORW: name:enp0s3: saddr:100932208: daddr:16783984
[  305.239565] AAAAA-TCP_FORW: name:enp0s3: saddr:100932208: daddr:16783984
[  305.331801] AAAAA-TCP_FORW: name:enp0s3: saddr:100932208: daddr:16783984
[  305.424393] AAAAA-TCP_FORW: name:enp0s3: saddr:100932208: daddr:16783984
[  305.559846] AAAAA-TCP_FORW: name:enp0s3: saddr:100932208: daddr:16783984
[  305.585632] AAAAA-TCP_FORW: name:enp0s3: saddr:100932208: daddr:16783984
[  305.726906] AAAAA-TCP_FORW: name:enp0s3: saddr:100932208: daddr:16783984
[  305.832154] AAAAA-TCP_FORW: name:enp0s3: saddr:100932208: daddr:16783984
[  305.923877] AAAAA-TCP_FORW: name:enp0s3: saddr:100932208: daddr:16783984
[  305.994567] AAAAA-TCP_FORW: name:enp0s3: saddr:100932208: daddr:16783984
[  306.124285] AAAAA-TCP_FORW: name:enp0s3: saddr:100932208: daddr:16783984
[  306.177408] AAAAA-TCP_FORW: name:enp0s3: saddr:100932208: daddr:16783984
[  306.291422] AAAAA-TCP_FORW: name:enp0s3: saddr:100932208: daddr:16783984
[  306.389414] AAAAA-TCP_FORW: name:enp0s3: saddr:100932208: daddr:16783984
[  306.582496] AAAAA-TCP_FORW: name:enp0s3: saddr:100932208: daddr:16783984
[  306.622418] AAAAA-TCP_FORW: name:enp0s3: saddr:100932208: daddr:16783984
[  306.765704] AAAAA-TCP_FORW: name:enp0s3: saddr:100932208: daddr:16783984
[  306.871440] AAAAA-TCP_FORW: name:enp0s3: saddr:100932208: daddr:16783984
[  306.985917] AAAAA-TCP_FORW: name:enp0s3: saddr:100932208: daddr:33561200
[  307.088471] AAAAA-TCP_FORW: name:enp0s3: saddr:100932208: daddr:16783984
[  307.145387] AAAAA-TCP_FORW: name:enp0s3: saddr:100932208: daddr:16783984
[  307.225519] AAAAA-TCP_FORW: name:enp0s3: saddr:100932208: daddr:16783984
[  307.321665] AAAAA-TCP_FORW: name:enp0s3: saddr:100932208: daddr:16783984
[  307.409404] AAAAA-TCP_FORW: name:enp0s3: saddr:100932208: daddr:16783984
[  307.443615] AAAAA-TCP_FORW: name:enp0s3: saddr:100932208: daddr:16783984
[  307.504983] AAAAA-TCP_FORW: name:enp0s3: saddr:100932208: daddr:16783984
[  307.601780] AAAAA-TCP_FORW: name:enp0s3: saddr:100932208: daddr:16783984
[  307.715636] AAAAA-TCP_FORW: name:enp0s3: saddr:100932208: daddr:16783984
[  308.104769] AAAAA-TCP_FORW: name:enp0s3: saddr:100932208: daddr:16783984
[  308.236946] AAAAA-TCP_FORW: name:enp0s3: saddr:100932208: daddr:16783984
[  309.716758] AAAAA-TCP_FORW: name:enp0s3: saddr:100932208: daddr:16783984
[  309.919611] AAAAA-TCP_FORW: name:enp0s3: saddr:100932208: daddr:16783984
[  310.080338] AAAAA-TCP_FORW: name:enp0s3: saddr:100932208: daddr:16783984
[  310.226912] AAAAA-TCP_FORW: name:enp0s3: saddr:100932208: daddr:16783984
[  310.386706] AAAAA-TCP_FORW: name:enp0s3: saddr:100932208: daddr:16783984
[  310.519274] AAAAA-TCP_FORW: name:enp0s3: saddr:100932208: daddr:16783984
[  310.633727] AAAAA-TCP_FORW: name:enp0s3: saddr:100932208: daddr:16783984
[  310.769730] AAAAA-TCP_FORW: name:enp0s3: saddr:100932208: daddr:16783984
[  310.905076] AAAAA-TCP_FORW: name:enp0s3: saddr:100932208: daddr:16783984
[  310.994262] AAAAA-TCP_FORW: name:enp0s3: saddr:100932208: daddr:16783984
[  311.089020] AAAAA-TCP_FORW: name:enp0s3: saddr:100932208: daddr:16783984
[  311.148609] AAAAA-TCP_FORW: name:enp0s3: saddr:100932208: daddr:16783984
[  311.268416] AAAAA-TCP_FORW: name:enp0s3: saddr:100932208: daddr:16783984
[  311.382088] AAAAA-TCP_FORW: name:enp0s3: saddr:100932208: daddr:16783984
[  311.485668] AAAAA-TCP_FORW: name:enp0s3: saddr:100932208: daddr:16783984
[  311.582104] AAAAA-TCP_FORW: name:enp0s3: saddr:100932208: daddr:16783984
[  311.772562] AAAAA-TCP_FORW: name:enp0s3: saddr:100932208: daddr:16783984
[  311.869953] AAAAA-TCP_FORW: name:enp0s3: saddr:100932208: daddr:16783984
[  311.977345] AAAAA-TCP_FORW: name:enp0s3: saddr:100932208: daddr:16783984
[  312.274786] AAAAA-TCP_FORW: name:enp0s3: saddr:100932208: daddr:16783984
[  312.436261] AAAAA-TCP_FORW: name:enp0s3: saddr:100932208: daddr:16783984
[  312.598950] AAAAA-TCP_FORW: name:enp0s3: saddr:100932208: daddr:16783984
[  313.051565] AAAAA-TCP_FORW: name:enp0s3: saddr:100932208: daddr:16783984
[  313.355365] AAAAA-TCP_FORW: name:enp0s3: saddr:100932208: daddr:16783984
[  313.698996] AAAAA-TCP_FORW: name:enp0s3: saddr:100932208: daddr:16783984
[  313.894825] AAAAA-TCP_FORW: name:enp0s3: saddr:100932208: daddr:16783984
[  314.442510] AAAAA-TCP_FORW: name:enp0s3: saddr:100932208: daddr:16783984
[  314.527911] AAAAA-TCP_FORW: name:enp0s3: saddr:100932208: daddr:16783984
[  314.822054] AAAAA-TCP_FORW: name:enp0s3: saddr:100932208: daddr:16783984
[  314.946019] AAAAA-TCP_FORW: name:enp0s3: saddr:100932208: daddr:16783984
[  315.246776] AAAAA-TCP_FORW: name:enp0s3: saddr:100932208: daddr:16783984
[  315.605134] AAAAA-TCP_FORW: name:enp0s3: saddr:100932208: daddr:16783984
[  316.066861] AAAAA-TCP_FORW: name:enp0s3: saddr:100932208: daddr:16783984
[  316.608145] AAAAA-TCP_FORW: name:enp0s3: saddr:100932208: daddr:16783984
[  316.882978] AAAAA-TCP_FORW: name:enp0s3: saddr:100932208: daddr:16783984
[  317.134361] AAAAA-TCP_FORW: name:enp0s3: saddr:100932208: daddr:16783984
[  317.437056] AAAAA-TCP_FORW: name:enp0s3: saddr:100932208: daddr:16783984
[  317.562923] AAAAA-TCP_FORW: name:enp0s3: saddr:100932208: daddr:16783984
[  317.781367] AAAAA-TCP_FORW: name:enp0s3: saddr:100932208: daddr:16783984
[  317.977439] AAAAA-TCP_FORW: name:enp0s3: saddr:100932208: daddr:16783984
[  318.157274] AAAAA-TCP_FORW: name:enp0s3: saddr:100932208: daddr:16783984
[  318.434358] AAAAA-TCP_FORW: name:enp0s3: saddr:100932208: daddr:16783984
[  319.786083] AAAAA-TCP_FORW: name:enp0s3: saddr:100932208: daddr:16783984
[  319.900270] AAAAA-TCP_FORW: name:enp0s3: saddr:100932208: daddr:16783984
[  320.159332] AAAAA-TCP_FORW: name:enp0s3: saddr:100932208: daddr:16783984
[  320.347944] AAAAA-TCP_FORW: name:enp0s3: saddr:100932208: daddr:16783984
[  320.887949] AAAAA-TCP_FORW: name:enp0s3: saddr:100932208: daddr:16783984
[  321.017054] AAAAA-TCP_FORW: name:enp0s3: saddr:100932208: daddr:16783984
[  321.149261] AAAAA-TCP_FORW: name:enp0s3: saddr:100932208: daddr:16783984
[  321.421863] AAAAA-TCP_FORW: name:enp0s3: saddr:100932208: daddr:16783984
[  321.827096] AAAAA-TCP_FORW: name:enp0s3: saddr:100932208: daddr:16783984
[  321.986083] AAAAA-TCP_FORW: name:enp0s3: saddr:100932208: daddr:16783984
[  322.116004] AAAAA-TCP_FORW: name:enp0s3: saddr:100932208: daddr:16783984
[  322.321532] AAAAA-TCP_FORW: name:enp0s3: saddr:100932208: daddr:16783984
[  322.656529] AAAAA-TCP_FORW: name:enp0s3: saddr:100932208: daddr:16783984
[  322.735465] AAAAA-TCP_FORW: name:enp0s3: saddr:100932208: daddr:16783984
[  322.826519] AAAAA-TCP_FORW: name:enp0s3: saddr:100932208: daddr:33561200
[  322.948297] AAAAA-TCP_FORW: name:enp0s3: saddr:100932208: daddr:16783984
[  323.184812] AAAAA-TCP_FORW: name:enp0s3: saddr:100932208: daddr:16783984
[  323.265823] AAAAA-TCP_FORW: name:enp0s3: saddr:100932208: daddr:16783984
[  323.345410] AAAAA-TCP_FORW: name:enp0s3: saddr:100932208: daddr:16783984
[  323.636154] AAAAA-TCP_FORW: name:enp0s3: saddr:100932208: daddr:16783984
[  323.749306] AAAAA-TCP_FORW: name:enp0s3: saddr:100932208: daddr:16783984
[  323.866051] AAAAA-TCP_FORW: name:enp0s3: saddr:100932208: daddr:16783984
[  324.351760] AAAAA-TCP_FORW: name:enp0s3: saddr:100932208: daddr:16783984
[  324.686232] AAAAA-TCP_FORW: name:enp0s3: saddr:100932208: daddr:16783984
[  325.101299] AAAAA-TCP_FORW: name:enp0s3: saddr:100932208: daddr:16783984
[  325.282455] AAAAA-TCP_FORW: name:enp0s3: saddr:100932208: daddr:16783984
[  325.616141] AAAAA-TCP_FORW: name:enp0s3: saddr:100932208: daddr:16783984
[  326.086874] AAAAA-TCP_FORW: name:enp0s3: saddr:100932208: daddr:16783984
[  326.256484] AAAAA-TCP_FORW: name:enp0s3: saddr:100932208: daddr:16783984
[  326.478030] AAAAA-TCP_FORW: name:enp0s3: saddr:100932208: daddr:16783984
[  326.504494] AAAAA-TCP_FORW: name:enp0s3: saddr:100932208: daddr:16783984
[  327.254675] AAAAA-TCP_FORW: name:enp0s3: saddr:100932208: daddr:16783984
[  328.483604] AAAAA-TCP_FORW: name:enp0s3: saddr:100932208: daddr:33561200
[  328.584850] AAAAA-TCP_FORW: name:enp0s3: saddr:100932208: daddr:33561200
[  328.777479] AAAAA-TCP_FORW: name:enp0s3: saddr:100932208: daddr:33561200
[  328.919258] AAAAA-TCP_FORW: name:enp0s3: saddr:100932208: daddr:33561200
[  329.097761] AAAAA-TCP_FORW: name:enp0s3: saddr:100932208: daddr:33561200
[  329.156697] AAAAA-TCP_FORW: name:enp0s3: saddr:100932208: daddr:33561200
[  329.178319] AAAAA-TCP_FORW: name:enp0s3: saddr:100932208: daddr:33561200
[  329.247803] AAAAA-TCP_FORW: name:enp0s3: saddr:100932208: daddr:33561200
[  329.290055] AAAAA-TCP_FORW: name:enp0s3: saddr:100932208: daddr:33561200
[  329.398705] AAAAA-TCP_FORW: name:enp0s3: saddr:100932208: daddr:33561200
[  329.595469] AAAAA-TCP_FORW: name:enp0s3: saddr:100932208: daddr:33561200
[  329.671438] AAAAA-TCP_FORW: name:enp0s3: saddr:100932208: daddr:33561200
[  329.832574] AAAAA-TCP_FORW: name:enp0s3: saddr:100932208: daddr:33561200
[  330.019198] AAAAA-TCP_FORW: name:enp0s3: saddr:100932208: daddr:33561200
[  330.087940] AAAAA-TCP_FORW: name:enp0s3: saddr:100932208: daddr:33561200
[  330.302451] AAAAA-TCP_FORW: name:enp0s3: saddr:100932208: daddr:33561200
[  330.475225] AAAAA-TCP_FORW: name:enp0s3: saddr:100932208: daddr:33561200
[  330.572796] AAAAA-TCP_FORW: name:enp0s3: saddr:100932208: daddr:33561200
[  330.697651] AAAAA-TCP_FORW: name:enp0s3: saddr:100932208: daddr:33561200
[  330.855218] AAAAA-TCP_FORW: name:enp0s3: saddr:100932208: daddr:33561200
[  330.953055] AAAAA-TCP_FORW: name:enp0s3: saddr:100932208: daddr:33561200
[  331.057695] AAAAA-TCP_FORW: name:enp0s3: saddr:100932208: daddr:33561200
[  331.143598] AAAAA-TCP_FORW: name:enp0s3: saddr:100932208: daddr:33561200
[  331.273244] AAAAA-TCP_FORW: name:enp0s3: saddr:100932208: daddr:33561200
[  331.350904] AAAAA-TCP_FORW: name:enp0s3: saddr:100932208: daddr:33561200
[  331.503921] AAAAA-TCP_FORW: name:enp0s3: saddr:100932208: daddr:33561200
[  331.523782] AAAAA-TCP_FORW: name:enp0s3: saddr:100932208: daddr:33561200
[  331.633591] AAAAA-TCP_FORW: name:enp0s3: saddr:100932208: daddr:33561200
[  331.709809] AAAAA-TCP_FORW: name:enp0s3: saddr:100932208: daddr:33561200
[  331.819406] AAAAA-TCP_FORW: name:enp0s3: saddr:100932208: daddr:33561200
[  332.030372] AAAAA-TCP_FORW: name:enp0s3: saddr:100932208: daddr:33561200
[  332.179956] AAAAA-TCP_FORW: name:enp0s3: saddr:100932208: daddr:33561200
[  332.311925] AAAAA-TCP_FORW: name:enp0s3: saddr:100932208: daddr:33561200
[  332.363238] AAAAA-TCP_FORW: name:enp0s3: saddr:100932208: daddr:33561200
[  332.469923] AAAAA-TCP_FORW: name:enp0s3: saddr:100932208: daddr:33561200
[  332.677852] AAAAA-TCP_FORW: name:enp0s3: saddr:100932208: daddr:33561200
[  332.933720] AAAAA-TCP_FORW: name:enp0s3: saddr:100932208: daddr:33561200
[  333.074965] AAAAA-TCP_FORW: name:enp0s3: saddr:100932208: daddr:33561200
[  333.271165] AAAAA-TCP_FORW: name:enp0s3: saddr:100932208: daddr:33561200
[  333.327648] AAAAA-TCP_FORW: name:enp0s3: saddr:100932208: daddr:33561200
[  333.491726] AAAAA-TCP_FORW: name:enp0s3: saddr:100932208: daddr:33561200
[  333.719554] AAAAA-TCP_FORW: name:enp0s3: saddr:100932208: daddr:33561200
[  333.880998] AAAAA-TCP_FORW: name:enp0s3: saddr:100932208: daddr:33561200
[  333.949605] AAAAA-TCP_FORW: name:enp0s3: saddr:100932208: daddr:33561200
[  334.100583] AAAAA-TCP_FORW: name:enp0s3: saddr:100932208: daddr:33561200
[  334.401465] AAAAA-TCP_FORW: name:enp0s3: saddr:100932208: daddr:16783984
[  334.569685] AAAAA-TCP_FORW: name:enp0s3: saddr:100932208: daddr:16783984
[  334.738068] AAAAA-TCP_FORW: name:enp0s3: saddr:100932208: daddr:16783984
[  335.172649] AAAAA-TCP_FORW: name:enp0s3: saddr:100932208: daddr:16783984
[  335.446738] AAAAA-TCP_FORW: name:enp0s3: saddr:100932208: daddr:16783984
[  335.737715] AAAAA-TCP_FORW: name:enp0s3: saddr:100932208: daddr:16783984
[  335.865343] AAAAA-TCP_FORW: name:enp0s3: saddr:100932208: daddr:16783984
[  336.138446] AAAAA-TCP_FORW: name:enp0s3: saddr:100932208: daddr:16783984
[  336.304775] AAAAA-TCP_FORW: name:enp0s3: saddr:100932208: daddr:16783984
[  336.417146] AAAAA-TCP_FORW: name:enp0s3: saddr:100932208: daddr:16783984
[  336.595117] AAAAA-TCP_FORW: name:enp0s3: saddr:100932208: daddr:16783984
[  336.681161] AAAAA-TCP_FORW: name:enp0s3: saddr:100932208: daddr:16783984
[  336.683764] AAAAA-TCP_FORW: name:enp0s3: saddr:100932208: daddr:16783984
[  336.950805] AAAAA-TCP_FORW: name:enp0s3: saddr:100932208: daddr:16783984
[  337.085284] AAAAA-TCP_FORW: name:enp0s3: saddr:100932208: daddr:33561200
[  337.344356] AAAAA-TCP_FORW: name:enp0s3: saddr:100932208: daddr:33561200
[  337.413898] AAAAA-TCP_FORW: name:enp0s3: saddr:100932208: daddr:33561200
[  337.526985] AAAAA-TCP_FORW: name:enp0s3: saddr:100932208: daddr:33561200
[  337.567532] AAAAA-TCP_FORW: name:enp0s3: saddr:100932208: daddr:33561200
[  337.898625] AAAAA-TCP_FORW: name:enp0s3: saddr:100932208: daddr:33561200
[  337.999344] AAAAA-TCP_FORW: name:enp0s3: saddr:100932208: daddr:33561200
[  338.213599] AAAAA-TCP_FORW: name:enp0s3: saddr:100932208: daddr:33561200
[  338.389396] AAAAA-TCP_FORW: name:enp0s3: saddr:100932208: daddr:33561200
[  338.499892] AAAAA-TCP_FORW: name:enp0s3: saddr:100932208: daddr:33561200
[  338.645158] AAAAA-TCP_FORW: name:enp0s3: saddr:100932208: daddr:33561200
[  338.846491] AAAAA-TCP_FORW: name:enp0s3: saddr:100932208: daddr:33561200
[  338.915063] AAAAA-TCP_FORW: name:enp0s3: saddr:100932208: daddr:33561200
[  338.992840] AAAAA-TCP_FORW: name:enp0s3: saddr:100932208: daddr:33561200
[  339.031393] AAAAA-TCP_FORW: name:enp0s3: saddr:100932208: daddr:33561200
[  339.153945] AAAAA-TCP_FORW: name:enp0s3: saddr:100932208: daddr:33561200
[  339.205253] AAAAA-TCP_FORW: name:enp0s3: saddr:100932208: daddr:33561200
[  339.280397] AAAAA-TCP_FORW: name:enp0s3: saddr:100932208: daddr:33561200
[  339.308880] AAAAA-TCP_FORW: name:enp0s3: saddr:100932208: daddr:33561200
[  339.445985] AAAAA-TCP_FORW: name:enp0s3: saddr:100932208: daddr:33561200
[  339.600312] AAAAA-TCP_FORW: name:enp0s3: saddr:100932208: daddr:33561200
[  339.682863] AAAAA-TCP_FORW: name:enp0s3: saddr:100932208: daddr:33561200
[  339.793654] AAAAA-TCP_FORW: name:enp0s3: saddr:100932208: daddr:33561200
[  339.855078] AAAAA-TCP_FORW: name:enp0s3: saddr:100932208: daddr:33561200
[  339.941640] AAAAA-TCP_FORW: name:enp0s3: saddr:100932208: daddr:33561200
[  340.134688] AAAAA-TCP_FORW: name:enp0s3: saddr:100932208: daddr:33561200
[  340.341278] AAAAA-TCP_FORW: name:enp0s3: saddr:100932208: daddr:33561200
[  340.459082] AAAAA-TCP_FORW: name:enp0s3: saddr:100932208: daddr:33561200
[  340.781517] AAAAA-TCP_FORW: name:enp0s3: saddr:100932208: daddr:33561200
[  340.890648] AAAAA-TCP_FORW: name:enp0s3: saddr:100932208: daddr:33561200
[  341.083914] AAAAA-TCP_FORW: name:enp0s3: saddr:100932208: daddr:33561200
[  341.157453] AAAAA-TCP_FORW: name:enp0s3: saddr:100932208: daddr:33561200
[  341.306658] AAAAA-TCP_FORW: name:enp0s3: saddr:100932208: daddr:33561200
[  341.570530] AAAAA-TCP_FORW: name:enp0s3: saddr:100932208: daddr:33561200
[  341.628662] AAAAA-TCP_FORW: name:enp0s3: saddr:100932208: daddr:33561200
[  341.736830] AAAAA-TCP_FORW: name:enp0s3: saddr:100932208: daddr:33561200
[  341.841452] AAAAA-TCP_FORW: name:enp0s3: saddr:100932208: daddr:33561200
[  341.902706] AAAAA-TCP_FORW: name:enp0s3: saddr:100932208: daddr:33561200
[  341.992063] AAAAA-TCP_FORW: name:enp0s3: saddr:100932208: daddr:33561200
[  342.191330] AAAAA-TCP_FORW: name:enp0s3: saddr:100932208: daddr:16783984
[  342.275583] AAAAA-TCP_FORW: name:enp0s3: saddr:100932208: daddr:16783984
[  342.751470] AAAAA-TCP_FORW: name:enp0s3: saddr:100932208: daddr:16783984
[  342.909130] AAAAA-TCP_FORW: name:enp0s3: saddr:100932208: daddr:16783984
[  343.329029] AAAAA-TCP_FORW: name:enp0s3: saddr:100932208: daddr:16783984
[  343.633880] AAAAA-TCP_FORW: name:enp0s3: saddr:100932208: daddr:16783984
[  343.699749] AAAAA-TCP_FORW: name:enp0s3: saddr:100932208: daddr:16783984
[  343.795538] AAAAA-TCP_FORW: name:enp0s3: saddr:100932208: daddr:16783984
[  343.980623] AAAAA-TCP_FORW: name:enp0s3: saddr:100932208: daddr:16783984
[  344.025816] AAAAA-TCP_FORW: name:enp0s3: saddr:100932208: daddr:16783984
[  344.299228] AAAAA-TCP_FORW: name:enp0s3: saddr:100932208: daddr:16783984
[  384.185231] AAAAA-TCP_FORW: name:enp0s3: saddr:100932208: daddr:33561200
[  384.388349] AAAAA-TCP_FORW: name:enp0s3: saddr:100932208: daddr:33561200
[  384.865153] AAAAA-TCP_FORW: name:enp0s3: saddr:100932208: daddr:33561200
[  384.934226] AAAAA-TCP_FORW: name:enp0s3: saddr:100932208: daddr:33561200
[  385.221366] AAAAA-TCP_FORW: name:enp0s3: saddr:100932208: daddr:33561200
[  385.311953] AAAAA-TCP_FORW: name:enp0s3: saddr:100932208: daddr:33561200
[  385.434339] AAAAA-TCP_FORW: name:enp0s3: saddr:100932208: daddr:33561200
[  385.568562] AAAAA-TCP_FORW: name:enp0s3: saddr:100932208: daddr:33561200
[  385.749450] AAAAA-TCP_FORW: name:enp0s3: saddr:100932208: daddr:33561200
[  385.878608] AAAAA-TCP_FORW: name:enp0s3: saddr:100932208: daddr:33561200
[  385.969593] AAAAA-TCP_FORW: name:enp0s3: saddr:100932208: daddr:33561200
[  386.189829] AAAAA-TCP_FORW: name:enp0s3: saddr:100932208: daddr:33561200
[  386.607436] AAAAA-TCP_FORW: name:enp0s3: saddr:100932208: daddr:33561200
[  386.719870] AAAAA-TCP_FORW: name:enp0s3: saddr:100932208: daddr:33561200
[  520.110327] rfkill: input handler enabled
[  528.657389] rfkill: input handler disabled
[  700.199661] device enp0s3 left promiscuous mode
