[    0.000000] Linux version 5.4.243-mptcp (root@ztg) (gcc version 12.2.0 (Debian 12.2.0-14+deb12u1)) #53 SMP Wed Dec 24 23:28:15 CST 2025
[    0.000000] Command line: BOOT_IMAGE=/boot/vmlinuz-5.4.243-mptcp root=UUID=98415a12-53b7-4144-8265-0f7ece09e445 ro quiet splash
[    0.000000] KERNEL supported cpus:
[    0.000000]   Intel GenuineIntel
[    0.000000]   AMD AuthenticAMD
[    0.000000]   Hygon HygonGenuine
[    0.000000]   Centaur CentaurHauls
[    0.000000]   zhaoxin   Shanghai  
[    0.000000] x86/fpu: Supporting XSAVE feature 0x001: 'x87 floating point registers'
[    0.000000] x86/fpu: Supporting XSAVE feature 0x002: 'SSE registers'
[    0.000000] x86/fpu: Supporting XSAVE feature 0x004: 'AVX registers'
[    0.000000] x86/fpu: xstate_offset[2]:  576, xstate_sizes[2]:  256
[    0.000000] x86/fpu: Enabled xstate features 0x7, context size is 832 bytes, using 'standard' format.
[    0.000000] BIOS-provided physical RAM map:
[    0.000000] BIOS-e820: [mem 0x0000000000000000-0x000000000009fbff] usable
[    0.000000] BIOS-e820: [mem 0x000000000009fc00-0x000000000009ffff] reserved
[    0.000000] BIOS-e820: [mem 0x00000000000f0000-0x00000000000fffff] reserved
[    0.000000] BIOS-e820: [mem 0x0000000000100000-0x000000007ffeffff] usable
[    0.000000] BIOS-e820: [mem 0x000000007fff0000-0x000000007fffffff] ACPI data
[    0.000000] BIOS-e820: [mem 0x00000000fec00000-0x00000000fec00fff] reserved
[    0.000000] BIOS-e820: [mem 0x00000000fee00000-0x00000000fee00fff] reserved
[    0.000000] BIOS-e820: [mem 0x00000000fffc0000-0x00000000ffffffff] reserved
[    0.000000] NX (Execute Disable) protection: active
[    0.000000] SMBIOS 2.5 present.
[    0.000000] DMI: innotek GmbH VirtualBox/VirtualBox, BIOS VirtualBox 12/01/2006
[    0.000000] Hypervisor detected: KVM
[    0.000000] kvm-clock: Using msrs 4b564d01 and 4b564d00
[    0.000000] kvm-clock: cpu 0, msr 18e01001, primary cpu clock
[    0.000000] kvm-clock: using sched offset of 4434563384 cycles
[    0.000003] clocksource: kvm-clock: mask: 0xffffffffffffffff max_cycles: 0x1cd42e4dffb, max_idle_ns: 881590591483 ns
[    0.000005] tsc: Detected 2100.000 MHz processor
[    0.001867] e820: update [mem 0x00000000-0x00000fff] usable ==> reserved
[    0.001869] e820: remove [mem 0x000a0000-0x000fffff] usable
[    0.001873] last_pfn = 0x7fff0 max_arch_pfn = 0x400000000
[    0.001940] MTRR default type: uncachable
[    0.001940] MTRR fixed ranges enabled:
[    0.001942]   00000-9FFFF write-back
[    0.001942]   A0000-BFFFF uncachable
[    0.001943]   C0000-FFFFF write-protect
[    0.001944] MTRR variable ranges enabled:
[    0.001945]   0 base 000000000000 mask 3FFF80000000 write-back
[    0.001946]   1 disabled
[    0.001946]   2 disabled
[    0.001947]   3 disabled
[    0.001947]   4 disabled
[    0.001948]   5 disabled
[    0.001948]   6 disabled
[    0.001948]   7 disabled
[    0.001949]   8 disabled
[    0.001949]   9 disabled
[    0.001950]   10 disabled
[    0.001950]   11 disabled
[    0.001951]   12 disabled
[    0.001951]   13 disabled
[    0.001951]   14 disabled
[    0.001952]   15 disabled
[    0.001968] x86/PAT: Configuration [0-7]: WB  WC  UC- UC  WB  WP  UC- WT  
[    0.002101] found SMP MP-table at [mem 0x0009fff0-0x0009ffff]
[    0.090823] check: Scanning 1 areas for low memory corruption
[    0.090969] RAMDISK: [mem 0x32271000-0x3512ffff]
[    0.090977] ACPI: Early table checksum verification disabled
[    0.090983] ACPI: RSDP 0x00000000000E0000 000024 (v02 VBOX  )
[    0.090987] ACPI: XSDT 0x000000007FFF0030 00003C (v01 VBOX   VBOXXSDT 00000001 ASL  00000061)
[    0.090994] ACPI: FACP 0x000000007FFF00F0 0000F4 (v04 VBOX   VBOXFACP 00000001 ASL  00000061)
[    0.091001] ACPI: DSDT 0x000000007FFF02E0 002353 (v02 VBOX   VBOXBIOS 00000002 VBOX 00029BF3)
[    0.091005] ACPI: FACS 0x000000007FFF0200 000040
[    0.091008] ACPI: FACS 0x000000007FFF0200 000040
[    0.091011] ACPI: APIC 0x000000007FFF0240 000054 (v02 VBOX   VBOXAPIC 00000001 ASL  00000061)
[    0.091015] ACPI: SSDT 0x000000007FFF02A0 000038 (v01 VBOX   VBOXCPUT 00000002 VBOX 00029BF3)
[    0.091018] ACPI: Reserving FACP table memory at [mem 0x7fff00f0-0x7fff01e3]
[    0.091019] ACPI: Reserving DSDT table memory at [mem 0x7fff02e0-0x7fff2632]
[    0.091020] ACPI: Reserving FACS table memory at [mem 0x7fff0200-0x7fff023f]
[    0.091021] ACPI: Reserving FACS table memory at [mem 0x7fff0200-0x7fff023f]
[    0.091021] ACPI: Reserving APIC table memory at [mem 0x7fff0240-0x7fff0293]
[    0.091022] ACPI: Reserving SSDT table memory at [mem 0x7fff02a0-0x7fff02d7]
[    0.091036] ACPI: Local APIC address 0xfee00000
[    0.091222] No NUMA configuration found
[    0.091223] Faking a node at [mem 0x0000000000000000-0x000000007ffeffff]
[    0.091233] NODE_DATA(0) allocated [mem 0x7ffc5000-0x7ffeffff]
[    0.091494] Zone ranges:
[    0.091496]   DMA      [mem 0x0000000000001000-0x0000000000ffffff]
[    0.091497]   DMA32    [mem 0x0000000001000000-0x000000007ffeffff]
[    0.091497]   Normal   empty
[    0.091498]   Device   empty
[    0.091499] Movable zone start for each node
[    0.091501] Early memory node ranges
[    0.091502]   node   0: [mem 0x0000000000001000-0x000000000009efff]
[    0.091502]   node   0: [mem 0x0000000000100000-0x000000007ffeffff]
[    0.091505] Zeroed struct page in unavailable ranges: 114 pages
[    0.091506] Initmem setup node 0 [mem 0x0000000000001000-0x000000007ffeffff]
[    0.091507] On node 0 totalpages: 524174
[    0.091509]   DMA zone: 64 pages used for memmap
[    0.091509]   DMA zone: 21 pages reserved
[    0.091510]   DMA zone: 3998 pages, LIFO batch:0
[    0.091581]   DMA32 zone: 8128 pages used for memmap
[    0.091581]   DMA32 zone: 520176 pages, LIFO batch:63
[    0.100578] ACPI: PM-Timer IO Port: 0x4008
[    0.100582] ACPI: Local APIC address 0xfee00000
[    0.100651] IOAPIC[0]: apic_id 1, version 32, address 0xfec00000, GSI 0-23
[    0.100655] ACPI: INT_SRC_OVR (bus 0 bus_irq 0 global_irq 2 dfl dfl)
[    0.100657] ACPI: INT_SRC_OVR (bus 0 bus_irq 9 global_irq 9 low level)
[    0.100658] ACPI: IRQ0 used by override.
[    0.100659] ACPI: IRQ9 used by override.
[    0.100662] Using ACPI (MADT) for SMP configuration information
[    0.100669] smpboot: Allowing 1 CPUs, 0 hotplug CPUs
[    0.100690] PM: Registered nosave memory: [mem 0x00000000-0x00000fff]
[    0.100692] PM: Registered nosave memory: [mem 0x0009f000-0x0009ffff]
[    0.100692] PM: Registered nosave memory: [mem 0x000a0000-0x000effff]
[    0.100693] PM: Registered nosave memory: [mem 0x000f0000-0x000fffff]
[    0.100694] [mem 0x80000000-0xfebfffff] available for PCI devices
[    0.100695] Booting paravirtualized kernel on KVM
[    0.100698] clocksource: refined-jiffies: mask: 0xffffffff max_cycles: 0xffffffff, max_idle_ns: 7645519600211568 ns
[    0.100703] setup_percpu: NR_CPUS:8192 nr_cpumask_bits:1 nr_cpu_ids:1 nr_node_ids:1
[    0.101703] percpu: Embedded 60 pages/cpu s208896 r8192 d28672 u2097152
[    0.101708] pcpu-alloc: s208896 r8192 d28672 u2097152 alloc=1*2097152
[    0.101709] pcpu-alloc: [0] 0 
[    0.101735] Built 1 zonelists, mobility grouping on.  Total pages: 515961
[    0.101736] Policy zone: DMA32
[    0.101737] Kernel command line: BOOT_IMAGE=/boot/vmlinuz-5.4.243-mptcp root=UUID=98415a12-53b7-4144-8265-0f7ece09e445 ro quiet splash
[    0.102578] Dentry cache hash table entries: 262144 (order: 9, 2097152 bytes, linear)
[    0.102725] Inode-cache hash table entries: 131072 (order: 8, 1048576 bytes, linear)
[    0.102774] mem auto-init: stack:off, heap alloc:on, heap free:off
[    0.102777] Calgary: detecting Calgary via BIOS EBDA area
[    0.102778] Calgary: Unable to locate Rio Grande table in EBDA - bailing!
[    0.106830] Memory: 1967332K/2096696K available (14339K kernel code, 2398K rwdata, 4712K rodata, 2728K init, 17260K bss, 129364K reserved, 0K cma-reserved)
[    0.107746] SLUB: HWalign=64, Order=0-3, MinObjects=0, CPUs=1, Nodes=1
[    0.107763] ftrace: allocating 43186 entries in 169 pages
[    0.125872] rcu: Hierarchical RCU implementation.
[    0.125874] rcu: 	RCU restricting CPUs from NR_CPUS=8192 to nr_cpu_ids=1.
[    0.125875] 	Tasks RCU enabled.
[    0.125876] rcu: RCU calculated value of scheduler-enlistment delay is 25 jiffies.
[    0.125877] rcu: Adjusting geometry for rcu_fanout_leaf=16, nr_cpu_ids=1
[    0.128849] NR_IRQS: 524544, nr_irqs: 256, preallocated irqs: 16
[    0.129063] random: crng init done
[    0.138306] Console: colour VGA+ 80x25
[    0.138311] printk: console [tty0] enabled
[    0.138331] ACPI: Core revision 20190816
[    0.138435] APIC: Switch to symmetric I/O mode setup
[    0.138687] x2apic enabled
[    0.138925] Switched APIC routing to physical x2apic.
[    0.140062] ..TIMER: vector=0x30 apic1=0 pin1=2 apic2=-1 pin2=-1
[    0.140087] clocksource: tsc-early: mask: 0xffffffffffffffff max_cycles: 0x1e4530a99b6, max_idle_ns: 440795257976 ns
[    0.140093] Calibrating delay loop (skipped) preset value.. 4200.00 BogoMIPS (lpj=8400000)
[    0.140095] pid_max: default: 32768 minimum: 301
[    0.140123] LSM: Security Framework initializing
[    0.140132] Yama: becoming mindful.
[    0.140159] AppArmor: AppArmor initialized
[    0.140193] Mount-cache hash table entries: 4096 (order: 3, 32768 bytes, linear)
[    0.140198] Mountpoint-cache hash table entries: 4096 (order: 3, 32768 bytes, linear)
[    0.140208] *** VALIDATE tmpfs ***
[    0.140340] *** VALIDATE proc ***
[    0.140381] *** VALIDATE cgroup1 ***
[    0.140382] *** VALIDATE cgroup2 ***
[    0.140523] process: using mwait in idle threads
[    0.140527] Last level iTLB entries: 4KB 64, 2MB 8, 4MB 8
[    0.140528] Last level dTLB entries: 4KB 64, 2MB 0, 4MB 0, 1GB 4
[    0.140548] Spectre V1 : Mitigation: usercopy/swapgs barriers and __user pointer sanitization
[    0.140553] Spectre V2 : Mitigation: Retpolines
[    0.140554] Spectre V2 : Spectre v2 / SpectreRSB mitigation: Filling RSB on context switch
[    0.140554] Spectre V2 : Spectre v2 / SpectreRSB : Filling RSB on VMEXIT
[    0.140555] RETBleed: WARNING: Spectre v2 mitigation leaves CPU vulnerable to RETBleed attacks, data leaks possible!
[    0.140907] RETBleed: Vulnerable
[    0.140908] Speculative Store Bypass: Vulnerable
[    0.140912] TAA: Mitigation: TSX disabled
[    0.140913] MMIO Stale Data: Mitigation: Clear CPU buffers
[    0.145165] Freeing SMP alternatives memory: 40K
[    0.256865] smpboot: CPU0: Intel(R) Xeon(R) Silver 4216 CPU @ 2.10GHz (family: 0x6, model: 0x55, stepping: 0x7)
[    0.256987] Performance Events: unsupported p6 CPU model 85 no PMU driver, software events only.
[    0.257024] rcu: Hierarchical SRCU implementation.
[    0.257502] NMI watchdog: Perf NMI watchdog permanently disabled
[    0.257540] smp: Bringing up secondary CPUs ...
[    0.257541] smp: Brought up 1 node, 1 CPU
[    0.257542] smpboot: Max logical packages: 1
[    0.257543] smpboot: Total of 1 processors activated (4200.00 BogoMIPS)
[    0.258485] devtmpfs: initialized
[    0.258532] x86/mm: Memory block size: 128MB
[    0.258880] clocksource: jiffies: mask: 0xffffffff max_cycles: 0xffffffff, max_idle_ns: 7645041785100000 ns
[    0.258886] futex hash table entries: 256 (order: 2, 16384 bytes, linear)
[    0.258930] pinctrl core: initialized pinctrl subsystem
[    0.259032] PM: RTC time: 17:41:49, date: 2026-01-17
[    0.259139] NET: Registered protocol family 16
[    0.259212] audit: initializing netlink subsys (disabled)
[    0.259349] EISA bus registered
[    0.259351] cpuidle: using governor ladder
[    0.259352] cpuidle: using governor menu
[    0.259389] ACPI: bus type PCI registered
[    0.259391] acpiphp: ACPI Hot Plug PCI Controller Driver version: 0.5
[    0.259493] PCI: Using configuration type 1 for base access
[    0.260358] audit: type=2000 audit(1768642915.594:1): state=initialized audit_enabled=0 res=1
[    0.260437] HugeTLB registered 2.00 MiB page size, pre-allocated 0 pages
[    0.261250] ACPI: Added _OSI(Module Device)
[    0.261251] ACPI: Added _OSI(Processor Device)
[    0.261252] ACPI: Added _OSI(3.0 _SCP Extensions)
[    0.261252] ACPI: Added _OSI(Processor Aggregator Device)
[    0.261253] ACPI: Added _OSI(Linux-Dell-Video)
[    0.261254] ACPI: Added _OSI(Linux-Lenovo-NV-HDMI-Audio)
[    0.261255] ACPI: Added _OSI(Linux-HPI-Hybrid-Graphics)
[    0.263207] ACPI: 2 ACPI AML tables successfully acquired and loaded
[    0.264876] ACPI: Interpreter enabled
[    0.264886] ACPI: (supports S0 S5)
[    0.264888] ACPI: Using IOAPIC for interrupt routing
[    0.265093] PCI: Using host bridge windows from ACPI; if necessary, use "pci=nocrs" and report a bug
[    0.265199] ACPI: Enabled 2 GPEs in block 00 to 07
[    0.270091] ACPI: PCI Root Bridge [PCI0] (domain 0000 [bus 00-ff])
[    0.270096] acpi PNP0A03:00: _OSC: OS supports [ASPM ClockPM Segments MSI HPX-Type3]
[    0.270568] acpi PNP0A03:00: _OSC: not requesting OS control; OS requires [ExtendedConfig ASPM ClockPM MSI]
[    0.270577] acpi PNP0A03:00: fail to add MMCONFIG information, can't access extended PCI configuration space under this bridge.
[    0.270967] PCI host bridge to bus 0000:00
[    0.270969] pci_bus 0000:00: root bus resource [io  0x0000-0x0cf7 window]
[    0.270970] pci_bus 0000:00: root bus resource [io  0x0d00-0xffff window]
[    0.270971] pci_bus 0000:00: root bus resource [mem 0x000a0000-0x000bffff window]
[    0.270972] pci_bus 0000:00: root bus resource [mem 0x80000000-0xfdffffff window]
[    0.270974] pci_bus 0000:00: root bus resource [bus 00-ff]
[    0.271015] pci 0000:00:00.0: [8086:1237] type 00 class 0x060000
[    0.272819] pci 0000:00:01.0: [8086:7000] type 00 class 0x060100
[    0.273593] pci 0000:00:01.1: [8086:7111] type 00 class 0x01018a
[    0.273990] pci 0000:00:01.1: reg 0x20: [io  0xd000-0xd00f]
[    0.274147] pci 0000:00:01.1: legacy IDE quirk: reg 0x10: [io  0x01f0-0x01f7]
[    0.274148] pci 0000:00:01.1: legacy IDE quirk: reg 0x14: [io  0x03f6]
[    0.274149] pci 0000:00:01.1: legacy IDE quirk: reg 0x18: [io  0x0170-0x0177]
[    0.274149] pci 0000:00:01.1: legacy IDE quirk: reg 0x1c: [io  0x0376]
[    0.274688] pci 0000:00:02.0: [15ad:0405] type 00 class 0x030000
[    0.276164] pci 0000:00:02.0: reg 0x10: [io  0xd010-0xd01f]
[    0.280133] pci 0000:00:02.0: reg 0x14: [mem 0xe0000000-0xe7ffffff pref]
[    0.282792] pci 0000:00:02.0: reg 0x18: [mem 0xf0000000-0xf01fffff]
[    0.292943] pci 0000:00:03.0: [1022:2000] type 00 class 0x020000
[    0.293790] pci 0000:00:03.0: reg 0x10: [io  0xd020-0xd03f]
[    0.296241] pci 0000:00:03.0: reg 0x14: [mem 0xf0200000-0xf0200fff]
[    0.300138] pci 0000:00:04.0: [80ee:cafe] type 00 class 0x088000
[    0.300853] pci 0000:00:04.0: reg 0x10: [io  0xd040-0xd05f]
[    0.301494] pci 0000:00:04.0: reg 0x14: [mem 0xf0400000-0xf07fffff]
[    0.302125] pci 0000:00:04.0: reg 0x18: [mem 0xf0800000-0xf0803fff pref]
[    0.305524] pci 0000:00:07.0: [8086:7113] type 00 class 0x068000
[    0.306102] pci 0000:00:07.0: quirk: [io  0x4000-0x403f] claimed by PIIX4 ACPI
[    0.306112] pci 0000:00:07.0: quirk: [io  0x4100-0x410f] claimed by PIIX4 SMB
[    0.306751] pci 0000:00:08.0: [8086:100e] type 00 class 0x020000
[    0.307550] pci 0000:00:08.0: reg 0x10: [mem 0xf0820000-0xf083ffff]
[    0.308787] pci 0000:00:08.0: reg 0x18: [io  0xd060-0xd067]
[    0.312089] pci 0000:00:09.0: [8086:100e] type 00 class 0x020000
[    0.312219] pci 0000:00:09.0: reg 0x10: [mem 0xf0840000-0xf085ffff]
[    0.316209] pci 0000:00:09.0: reg 0x18: [io  0xd068-0xd06f]
[    0.325240] ACPI: PCI Interrupt Link [LNKA] (IRQs 5 9 10 *11)
[    0.328205] ACPI: PCI Interrupt Link [LNKB] (IRQs 5 9 *10 11)
[    0.328308] ACPI: PCI Interrupt Link [LNKC] (IRQs 5 *9 10 11)
[    0.328413] ACPI: PCI Interrupt Link [LNKD] (IRQs 5 9 10 *11)
[    0.328673] iommu: Default domain type: Translated 
[    0.328734] pci 0000:00:02.0: vgaarb: setting as boot VGA device
[    0.328736] pci 0000:00:02.0: vgaarb: VGA device added: decodes=io+mem,owns=io+mem,locks=none
[    0.328738] pci 0000:00:02.0: vgaarb: bridge control possible
[    0.328739] vgaarb: loaded
[    0.328948] SCSI subsystem initialized
[    0.328978] libata version 3.00 loaded.
[    0.329001] ACPI: bus type USB registered
[    0.329017] usbcore: registered new interface driver usbfs
[    0.329023] usbcore: registered new interface driver hub
[    0.329028] usbcore: registered new device driver usb
[    0.329059] pps_core: LinuxPPS API ver. 1 registered
[    0.329060] pps_core: Software ver. 5.3.6 - Copyright 2005-2007 Rodolfo Giometti <giometti@linux.it>
[    0.329062] PTP clock support registered
[    0.329097] EDAC MC: Ver: 3.0.0
[    0.329382] PCI: Using ACPI for IRQ routing
[    0.329384] PCI: pci_cache_line_size set to 64 bytes
[    0.329556] e820: reserve RAM buffer [mem 0x0009fc00-0x0009ffff]
[    0.329560] e820: reserve RAM buffer [mem 0x7fff0000-0x7fffffff]
[    0.330345] NetLabel: Initializing
[    0.330345] NetLabel:  domain hash size = 128
[    0.330346] NetLabel:  protocols = UNLABELED CIPSOv4 CALIPSO
[    0.330365] NetLabel:  unlabeled traffic allowed by default
[    0.331263] clocksource: Switched to clocksource kvm-clock
[    0.342328] *** VALIDATE bpf ***
[    0.342387] VFS: Disk quotas dquot_6.6.0
[    0.342399] VFS: Dquot-cache hash table entries: 512 (order 0, 4096 bytes)
[    0.342420] *** VALIDATE ramfs ***
[    0.342423] *** VALIDATE hugetlbfs ***
[    0.342502] AppArmor: AppArmor Filesystem Enabled
[    0.342526] pnp: PnP ACPI init
[    0.342590] pnp 00:00: Plug and Play ACPI device, IDs PNP0303 (active)
[    0.342656] pnp 00:01: Plug and Play ACPI device, IDs PNP0f03 (active)
[    0.343420] pnp: PnP ACPI: found 2 devices
[    0.344372] thermal_sys: Registered thermal governor 'fair_share'
[    0.344373] thermal_sys: Registered thermal governor 'bang_bang'
[    0.344373] thermal_sys: Registered thermal governor 'step_wise'
[    0.344374] thermal_sys: Registered thermal governor 'user_space'
[    0.344375] thermal_sys: Registered thermal governor 'power_allocator'
[    0.348885] clocksource: acpi_pm: mask: 0xffffff max_cycles: 0xffffff, max_idle_ns: 2085701024 ns
[    0.348925] pci_bus 0000:00: resource 4 [io  0x0000-0x0cf7 window]
[    0.348927] pci_bus 0000:00: resource 5 [io  0x0d00-0xffff window]
[    0.348928] pci_bus 0000:00: resource 6 [mem 0x000a0000-0x000bffff window]
[    0.348929] pci_bus 0000:00: resource 7 [mem 0x80000000-0xfdffffff window]
[    0.348989] NET: Registered protocol family 2
[    0.349062] IP idents hash table entries: 32768 (order: 6, 262144 bytes, linear)
[    0.349470] MPTCP tokens hash table entries: 8192 (order: 4, 65536 bytes, linear)
[    0.349490] MPTCP request tokens hash table entries: 8192 (order: 4, 65536 bytes, linear)
[    0.349514] default registered
[    0.349515] default registered
[    0.349515] MPTCP: Stable release v0.96
[    0.349520] tcp_listen_portaddr_hash hash table entries: 1024 (order: 2, 16384 bytes, linear)
[    0.349599] TCP established hash table entries: 16384 (order: 5, 131072 bytes, linear)
[    0.349664] TCP bind hash table entries: 16384 (order: 6, 262144 bytes, linear)
[    0.349690] TCP: Hash tables configured (established 16384 bind 16384)
[    0.350390] UDP hash table entries: 1024 (order: 3, 32768 bytes, linear)
[    0.350401] UDP-Lite hash table entries: 1024 (order: 3, 32768 bytes, linear)
[    0.350435] NET: Registered protocol family 1
[    0.350444] NET: Registered protocol family 44
[    0.350465] pci 0000:00:00.0: Limiting direct PCI/PCI transfers
[    0.350479] pci 0000:00:01.0: Activating ISA DMA hang workarounds
[    0.350530] pci 0000:00:02.0: Video device with shadowed ROM at [mem 0x000c0000-0x000dffff]
[    0.350594] PCI: CLS 0 bytes, default 64
[    0.350642] Trying to unpack rootfs image as initramfs...
[    0.519243] Freeing initrd memory: 47868K
[    0.519243] clocksource: tsc: mask: 0xffffffffffffffff max_cycles: 0x1e4530a99b6, max_idle_ns: 440795257976 ns
[    0.519243] clocksource: Switched to clocksource tsc
[    0.519243] platform rtc_cmos: registered platform RTC device (no PNP device found)
[    0.519243] check: Scanning for low memory corruption every 60 seconds
[    0.519243] Initialise system trusted keyrings
[    0.519243] Key type blacklist registered
[    0.519243] workingset: timestamp_bits=36 max_order=19 bucket_order=0
[    0.519243] zbud: loaded
[    0.519243] squashfs: version 4.0 (2009/01/31) Phillip Lougher
[    0.519243] fuse: init (API version 7.31)
[    0.519243] *** VALIDATE fuse ***
[    0.519243] *** VALIDATE fuse ***
[    0.519243] Platform Keyring initialized
[    0.535232] Key type asymmetric registered
[    0.535233] Asymmetric key parser 'x509' registered
[    0.535243] Block layer SCSI generic (bsg) driver version 0.4 loaded (major 244)
[    0.535279] io scheduler mq-deadline registered
[    0.535399] shpchp: Standard Hot Plug PCI Controller Driver version: 0.4
[    0.535628] ACPI: AC Adapter [AC] (on-line)
[    0.535673] input: Power Button as /devices/LNXSYSTM:00/LNXPWRBN:00/input/input0
[    0.535702] ACPI: Power Button [PWRF]
[    0.535776] input: Sleep Button as /devices/LNXSYSTM:00/LNXSLPBN:00/input/input1
[    0.535792] ACPI: Sleep Button [SLPF]
[    0.536025] Serial: 8250/16550 driver, 32 ports, IRQ sharing enabled
[    0.537188] Linux agpgart interface v0.103
[    0.631080] loop: module loaded
[    0.631233] ata_piix 0000:00:01.1: version 2.13
[    0.631633] scsi host0: ata_piix
[    0.631723] scsi host1: ata_piix
[    0.631750] ata1: PATA max UDMA/33 cmd 0x1f0 ctl 0x3f6 bmdma 0xd000 irq 14
[    0.631751] ata2: PATA max UDMA/33 cmd 0x170 ctl 0x376 bmdma 0xd008 irq 15
[    0.631831] tun: Universal TUN/TAP device driver, 1.6
[    0.632143] PPP generic driver version 2.4.2
[    0.632185] VFIO - User Level meta-driver version: 0.3
[    0.632423] ehci_hcd: USB 2.0 'Enhanced' Host Controller (EHCI) Driver
[    0.632428] ehci-pci: EHCI PCI platform driver
[    0.632443] ehci-platform: EHCI generic platform driver
[    0.632449] ohci_hcd: USB 1.1 'Open' Host Controller (OHCI) Driver
[    0.632451] ohci-pci: OHCI PCI platform driver
[    0.632458] ohci-platform: OHCI generic platform driver
[    0.632462] uhci_hcd: USB Universal Host Controller Interface driver
[    0.632540] i8042: PNP: PS/2 Controller [PNP0303:PS2K,PNP0f03:PS2M] at 0x60,0x64 irq 1,12
[    0.632981] serio: i8042 KBD port at 0x60,0x64 irq 1
[    0.632985] serio: i8042 AUX port at 0x60,0x64 irq 12
[    0.633072] mousedev: PS/2 mouse device common for all mice
[    0.633325] input: AT Translated Set 2 keyboard as /devices/platform/i8042/serio0/input/input2
[    0.633721] rtc_cmos rtc_cmos: registered as rtc0
[    0.633734] rtc_cmos rtc_cmos: alarms up to one day, 114 bytes nvram
[    0.633739] i2c /dev entries driver
[    0.633784] device-mapper: uevent: version 1.0.3
[    0.633827] device-mapper: ioctl: 4.41.0-ioctl (2019-09-16) initialised: dm-devel@redhat.com
[    0.633843] platform eisa.0: Probing EISA bus 0
[    0.633845] platform eisa.0: EISA: Cannot allocate resource for mainboard
[    0.633846] platform eisa.0: Cannot allocate resource for EISA slot 1
[    0.633847] platform eisa.0: Cannot allocate resource for EISA slot 2
[    0.633848] platform eisa.0: Cannot allocate resource for EISA slot 3
[    0.633849] platform eisa.0: Cannot allocate resource for EISA slot 4
[    0.633850] platform eisa.0: Cannot allocate resource for EISA slot 5
[    0.633851] platform eisa.0: Cannot allocate resource for EISA slot 6
[    0.633852] platform eisa.0: Cannot allocate resource for EISA slot 7
[    0.633853] platform eisa.0: Cannot allocate resource for EISA slot 8
[    0.633854] platform eisa.0: EISA: Detected 0 cards
[    0.633856] intel_pstate: CPU model not supported
[    0.633866] ledtrig-cpu: registered to indicate activity on CPUs
[    0.633918] drop_monitor: Initializing network drop monitor service
[    0.634078] NET: Registered protocol family 10
[    0.639209] Segment Routing with IPv6
[    0.639209] fullmesh registered
[    0.639209] ndiffports registered
[    0.639209] binder registered
[    0.639209] roundrobin registered
[    0.639209] redundant registered
[    0.639209] blest registered
[    0.639209] ecf registered
[    0.639209] NET: Registered protocol family 17
[    0.639209] Key type dns_resolver registered
[    0.639209] RAS: Correctable Errors collector initialized.
[    0.639209] IPI shorthand broadcast: enabled
[    0.639209] sched_clock: Marking stable (624174023, 11035311)->(637093197, -1883863)
[    0.639488] registered taskstats version 1
[    0.639497] Loading compiled-in X.509 certificates
[    0.640086] Loaded X.509 cert 'Build time autogenerated kernel key: 6909f3744cebb3d0de528d5887b96a727de79b1e'
[    0.640104] zswap: loaded using pool lzo/zbud
[    0.640158] Key type ._fscrypt registered
[    0.640159] Key type .fscrypt registered
[    0.644614] Key type big_key registered
[    0.646813] Key type encrypted registered
[    0.646815] AppArmor: AppArmor sha1 policy hashing enabled
[    0.646823] ima: No TPM chip found, activating TPM-bypass!
[    0.646827] ima: Allocated hash algorithm: sha1
[    0.646832] ima: No architecture policies found
[    0.646841] evm: Initialising EVM extended attributes:
[    0.646841] evm: security.selinux
[    0.646842] evm: security.SMACK64
[    0.646842] evm: security.SMACK64EXEC
[    0.646842] evm: security.SMACK64TRANSMUTE
[    0.646843] evm: security.SMACK64MMAP
[    0.646843] evm: security.apparmor
[    0.646844] evm: security.ima
[    0.646844] evm: security.capability
[    0.646845] evm: HMAC attrs: 0x1
[    0.647140] PM:   Magic number: 10:183:694
[    0.647247] rtc_cmos rtc_cmos: setting system clock to 2026-01-17T17:41:50 UTC (1768671710)
[    0.802985] ata1.00: ATA-6: VBOX HARDDISK, 1.0, max UDMA/133
[    0.802987] ata1.00: 209715200 sectors, multi 128: LBA 
[    0.803487] scsi 0:0:0:0: Direct-Access     ATA      VBOX HARDDISK    1.0  PQ: 0 ANSI: 5
[    0.803708] sd 0:0:0:0: [sda] 209715200 512-byte logical blocks: (107 GB/100 GiB)
[    0.803718] sd 0:0:0:0: [sda] Write Protect is off
[    0.803721] sd 0:0:0:0: [sda] Mode Sense: 00 3a 00 00
[    0.803735] sd 0:0:0:0: [sda] Write cache: enabled, read cache: enabled, doesn't support DPO or FUA
[    0.803977] sd 0:0:0:0: Attached scsi generic sg0 type 0
[    0.804646]  sda: sda1 sda2
[    0.815186] sd 0:0:0:0: [sda] Attached SCSI disk
[    0.817593] Freeing unused decrypted memory: 2040K
[    0.818357] Freeing unused kernel image memory: 2728K
[    0.818359] Write protecting the kernel read-only data: 22528k
[    0.819145] Freeing unused kernel image memory: 2036K
[    0.819577] Freeing unused kernel image memory: 1432K
[    0.838188] x86/mm: Checked W+X mappings: passed, no W+X pages found.
[    0.838191] Run /init as init process
[    0.938153] ACPI: Video Device [GFX0] (multi-head: yes  rom: no  post: no)
[    0.938225] input: Video Bus as /devices/LNXSYSTM:00/LNXSYBUS:00/PNP0A03:00/LNXVIDEO:00/input/input4
[    0.951221] pcnet32: pcnet32.c:v1.35 21.Apr.2008 tsbogend@alpha.franken.de
[    0.952794] piix4_smbus 0000:00:07.0: SMBus Host Controller at 0x4100, revision 0
[    0.953525] pcnet32: PCnet/FAST III 79C973 at 0xd020, 08:00:27:e6:11:48 assigned IRQ 19
[    0.953567] pcnet32: Found PHY 0022:561b at address 0
[    0.953859] pcnet32: eth0: registered as PCnet/FAST III 79C973
[    0.956217] e1000: Intel(R) PRO/1000 Network Driver - version 7.3.21-k8-NAPI
[    0.956218] e1000: Copyright (c) 1999-2006 Intel Corporation.
[    0.966811] pcnet32: 1 cards_found
[    1.024027] pcnet32 0000:00:03.0 enp0s3: renamed from eth0
[    1.172538] input: ImExPS/2 Generic Explorer Mouse as /devices/platform/i8042/serio1/input/input5
[    1.359290] e1000 0000:00:08.0 eth0: (PCI:33MHz:32-bit) 08:00:27:66:ab:5b
[    1.359294] e1000 0000:00:08.0 eth0: Intel(R) PRO/1000 Network Connection
[    1.733710] e1000 0000:00:09.0 eth1: (PCI:33MHz:32-bit) 08:00:27:30:d4:4c
[    1.733713] e1000 0000:00:09.0 eth1: Intel(R) PRO/1000 Network Connection
[    1.734831] e1000 0000:00:09.0 enp0s9: renamed from eth1
[    1.736662] e1000 0000:00:08.0 enp0s8: renamed from eth0
[    1.888061] EXT4-fs (sda2): mounted filesystem with ordered data mode. Opts: (null)
[    1.977874] systemd[1]: Inserted module 'autofs4'
[    1.990715] systemd[1]: systemd 245.4-4ubuntu3 running in system mode. (+PAM +AUDIT +SELINUX +IMA +APPARMOR +SMACK +SYSVINIT +UTMP +LIBCRYPTSETUP +GCRYPT +GNUTLS +ACL +XZ +LZ4 +SECCOMP +BLKID +ELFUTILS +KMOD +IDN2 -IDN +PCRE2 default-hierarchy=hybrid)
[    1.990747] systemd[1]: Detected virtualization oracle.
[    1.990750] systemd[1]: Detected architecture x86-64.
[    1.992095] systemd[1]: Set hostname to <ztg>.
[    2.114222] systemd[1]: /lib/systemd/system/dbus.socket:5: ListenStream= references a path below legacy directory /var/run/, updating /var/run/dbus/system_bus_socket â†’ /run/dbus/system_bus_socket; please update the unit file accordingly.
[    2.164458] systemd[1]: Created slice system-modprobe.slice.
[    2.164654] systemd[1]: Created slice User and Session Slice.
[    2.164698] systemd[1]: Started Forward Password Requests to Wall Directory Watch.
[    2.164862] systemd[1]: Set up automount Arbitrary Executable File Formats File System Automount Point.
[    2.164896] systemd[1]: Reached target User and Group Name Lookups.
[    2.164905] systemd[1]: Reached target Remote File Systems.
[    2.164913] systemd[1]: Reached target Slices.
[    2.165762] systemd[1]: Listening on Syslog Socket.
[    2.165828] systemd[1]: Listening on fsck to fsckd communication Socket.
[    2.165866] systemd[1]: Listening on initctl Compatibility Named Pipe.
[    2.166019] systemd[1]: Listening on Journal Audit Socket.
[    2.166071] systemd[1]: Listening on Journal Socket (/dev/log).
[    2.166138] systemd[1]: Listening on Journal Socket.
[    2.166203] systemd[1]: Listening on udev Control Socket.
[    2.166242] systemd[1]: Listening on udev Kernel Socket.
[    2.166983] systemd[1]: Mounting Huge Pages File System...
[    2.167894] systemd[1]: Mounting POSIX Message Queue File System...
[    2.168911] systemd[1]: Mounting Kernel Debug File System...
[    2.169734] systemd[1]: Mounting Kernel Trace File System...
[    2.171627] systemd[1]: Starting Journal Service...
[    2.195626] systemd[1]: Starting Set the console keyboard layout...
[    2.203559] systemd[1]: Starting Create list of static device nodes for the current kernel...
[    2.205353] systemd[1]: Starting Load Kernel Module drm...
[    2.206339] systemd[1]: Condition check resulted in Set Up Additional Binary Formats being skipped.
[    2.206392] systemd[1]: Condition check resulted in File System Check on Root Device being skipped.
[    2.217086] systemd[1]: Starting Load Kernel Modules...
[    2.222411] systemd[1]: Starting Remount Root and Kernel File Systems...
[    2.238846] systemd[1]: Starting udev Coldplug all Devices...
[    2.245865] systemd[1]: Starting Uncomplicated firewall...
[    2.247418] systemd[1]: Mounted Huge Pages File System.
[    2.247509] systemd[1]: Mounted POSIX Message Queue File System.
[    2.247587] systemd[1]: Mounted Kernel Debug File System.
[    2.247657] systemd[1]: Mounted Kernel Trace File System.
[    2.258228] EXT4-fs (sda2): re-mounted. Opts: errors=remount-ro
[    2.279886] systemd[1]: Finished Create list of static device nodes for the current kernel.
[    2.286855] systemd[1]: modprobe@drm.service: Succeeded.
[    2.287451] systemd[1]: Finished Load Kernel Module drm.
[    2.288055] systemd[1]: Finished Remount Root and Kernel File Systems.
[    2.288933] systemd[1]: Finished Uncomplicated firewall.
[    2.299824] lp: driver loaded but no devices found
[    2.303117] systemd[1]: Condition check resulted in Rebuild Hardware Database being skipped.
[    2.303158] systemd[1]: Condition check resulted in Platform Persistent Storage Archival being skipped.
[    2.303851] systemd[1]: Starting Load/Save Random Seed...
[    2.322788] systemd[1]: Starting Create System Users...
[    2.328019] ppdev: user-space parallel port driver
[    2.336188] systemd[1]: Finished Load/Save Random Seed.
[    2.340934] systemd[1]: Finished Create System Users.
[    2.341709] systemd[1]: Starting Create Static Device Nodes in /dev...
[    2.364609] systemd[1]: Finished Create Static Device Nodes in /dev.
[    2.365402] systemd[1]: Starting udev Kernel Device Manager...
[    2.414671] systemd[1]: Finished udev Coldplug all Devices.
[    2.417715] [drm] DMA map mode: Caching DMA mappings.
[    2.417777] [drm] Capabilities:
[    2.417777] [drm]   Rect copy.
[    2.417778] [drm]   Cursor.
[    2.417778] [drm]   Cursor bypass.
[    2.417778] [drm]   Cursor bypass 2.
[    2.417779] [drm]   Alpha cursor.
[    2.417779] [drm]   Extended Fifo.
[    2.417779] [drm]   Pitchlock.
[    2.417780] [drm]   Irq mask.
[    2.417780] [drm]   GMR.
[    2.417780] [drm]   Traces.
[    2.417781] [drm]   GMR2.
[    2.417781] [drm]   Screen Object 2.
[    2.417781] [drm]   Command Buffers.
[    2.417782] [drm]   Command Buffers 2.
[    2.417782] [drm]   Guest Backed Resources.
[    2.417783] [drm] Max GMR ids is 8192
[    2.417784] [drm] Max number of GMR pages is 1048576
[    2.417784] [drm] Max dedicated hypervisor surface memory is 393216 kiB
[    2.417785] [drm] Maximum display memory size is 131072 kiB
[    2.417785] [drm] VRAM at 0xe0000000 size is 131072 kiB
[    2.417786] [drm] MMIO at 0xf0000000 size is 2048 kiB
[    2.418934] [TTM] Zone  kernel: Available graphics memory: 1011738 KiB
[    2.418935] [TTM] Initializing pool allocator
[    2.418939] [TTM] Initializing DMA pool allocator
[    2.418994] [drm] Supports vblank timestamp caching Rev 2 (21.10.2013).
[    2.418995] [drm] No driver support for vblank timestamp query.
[    2.419385] [drm] Screen Target Display device initialized
[    2.419591] [drm] width 720
[    2.419600] [drm] height 400
[    2.419603] [drm] bpp 32
[    2.420123] [drm] Fifo max 0x00200000 min 0x00001000 cap 0x00000355
[    2.421188] [drm] Using command buffers with DMA pool.
[    2.421192] [drm] DX: no.
[    2.421192] [drm] Atomic: yes.
[    2.421193] [drm] SM4_1: no.
[    2.421212] [drm:vmw_host_log [vmwgfx]] *ERROR* Failed to send host log message.
[    2.422096] [drm:vmw_host_log [vmwgfx]] *ERROR* Failed to send host log message.
[    2.434428] fbcon: svgadrmfb (fb0) is primary device
[    2.437938] Console: switching to colour frame buffer device 100x37
[    2.444537] [drm] Initialized vmwgfx 2.15.0 20180704 for 0000:00:02.0 on minor 0
[    2.445917] systemd[1]: Finished Load Kernel Modules.
[    2.446821] systemd[1]: Mounting FUSE Control File System...
[    2.447698] systemd[1]: Mounting Kernel Configuration File System...
[    2.448546] systemd[1]: Starting Apply Kernel Variables...
[    2.492033] systemd[1]: Mounted FUSE Control File System.
[    2.492101] systemd[1]: Condition check resulted in VMware vmblock fuse mount being skipped.
[    2.493427] systemd[1]: Mounted Kernel Configuration File System.
[    2.502376] systemd[1]: Finished Apply Kernel Variables.
[    2.503797] systemd[1]: Finished Set the console keyboard layout.
[    2.503874] systemd[1]: Reached target Local File Systems (Pre).
[    2.505779] systemd[1]: Mounting Mount unit for bare, revision 5...
[    2.507656] systemd[1]: Mounting Mount unit for core18, revision 1705...
[    2.516029] systemd[1]: Mounting Mount unit for gnome-3-34-1804, revision 24...
[    2.520742] systemd[1]: Mounting Mount unit for gtk-common-themes, revision 1506...
[    2.524063] systemd[1]: Mounting Mount unit for gtk-common-themes, revision 1535...
[    2.551631] systemd[1]: Mounting Mount unit for snap-store, revision 433...
[    2.560420] systemd[1]: Mounting Mount unit for snapd, revision 7264...
[    2.564707] systemd[1]: Mounted Mount unit for bare, revision 5.
[    2.581005] systemd[1]: Mounted Mount unit for gnome-3-34-1804, revision 24.
[    2.581944] systemd[1]: Started udev Kernel Device Manager.
[    2.582639] systemd[1]: Starting Show Plymouth Boot Screen...
[    2.586675] systemd[1]: Received SIGRTMIN+20 from PID 271 (plymouthd).
[    2.607036] systemd[1]: Started Show Plymouth Boot Screen.
[    2.607191] systemd[1]: Condition check resulted in Dispatch Password Requests to Console Directory Watch being skipped.
[    2.607276] systemd[1]: Started Forward Password Requests to Plymouth Directory Watch.
[    2.607321] systemd[1]: Reached target Local Encrypted Volumes.
[    2.694777] systemd[1]: Mounted Mount unit for core18, revision 1705.
[    2.695072] systemd[1]: Mounted Mount unit for gtk-common-themes, revision 1506.
[    2.726194] systemd[1]: Mounted Mount unit for snap-store, revision 433.
[    2.747005] systemd[1]: Mounted Mount unit for gtk-common-themes, revision 1535.
[    2.747250] systemd[1]: Mounted Mount unit for snapd, revision 7264.
[    2.747405] systemd[1]: Reached target Local File Systems.
[    2.748261] systemd[1]: Starting Load AppArmor profiles...
[    2.750585] systemd[1]: Starting Set console font and keymap...
[    2.763614] systemd[1]: Starting Tell Plymouth To Write Out Runtime Data...
[    2.765002] systemd[1]: Condition check resulted in Store a System Token in an EFI Variable being skipped.
[    2.765044] systemd[1]: Condition check resulted in Commit a transient machine-id on disk being skipped.
[    2.768907] systemd[1]: Finished Set console font and keymap.
[    2.776931] systemd[1]: Received SIGRTMIN+20 from PID 271 (plymouthd).
[    2.778372] systemd[1]: plymouth-read-write.service: Succeeded.
[    2.778598] systemd[1]: Finished Tell Plymouth To Write Out Runtime Data.
[    2.814344] audit: type=1400 audit(1768671712.660:2): apparmor="STATUS" operation="profile_load" profile="unconfined" name="nvidia_modprobe" pid=301 comm="apparmor_parser"
[    2.814346] audit: type=1400 audit(1768671712.660:3): apparmor="STATUS" operation="profile_load" profile="unconfined" name="nvidia_modprobe//kmod" pid=301 comm="apparmor_parser"
[    2.820659] audit: type=1400 audit(1768671712.668:4): apparmor="STATUS" operation="profile_load" profile="unconfined" name="/usr/sbin/tcpdump" pid=302 comm="apparmor_parser"
[    2.859218] audit: type=1400 audit(1768671712.704:5): apparmor="STATUS" operation="profile_load" profile="unconfined" name="/usr/bin/evince" pid=304 comm="apparmor_parser"
[    2.859220] audit: type=1400 audit(1768671712.704:6): apparmor="STATUS" operation="profile_load" profile="unconfined" name="/usr/bin/evince//sanitized_helper" pid=304 comm="apparmor_parser"
[    2.859221] audit: type=1400 audit(1768671712.704:7): apparmor="STATUS" operation="profile_load" profile="unconfined" name="/usr/bin/evince-previewer" pid=304 comm="apparmor_parser"
[    2.859223] audit: type=1400 audit(1768671712.704:8): apparmor="STATUS" operation="profile_load" profile="unconfined" name="/usr/bin/evince-previewer//sanitized_helper" pid=304 comm="apparmor_parser"
[    2.859225] audit: type=1400 audit(1768671712.704:9): apparmor="STATUS" operation="profile_load" profile="unconfined" name="/usr/bin/evince-thumbnailer" pid=304 comm="apparmor_parser"
[    2.876734] audit: type=1400 audit(1768671712.724:10): apparmor="STATUS" operation="profile_load" profile="unconfined" name="/usr/lib/cups/backend/cups-pdf" pid=305 comm="apparmor_parser"
[    2.956256] systemd[1]: Finished Load AppArmor profiles.
[    2.957189] systemd[1]: Starting Load AppArmor profiles managed internally by snapd...
[    3.024395] systemd[1]: Finished Load AppArmor profiles managed internally by snapd.
[    3.159347] systemd[1]: Started Journal Service.
[    3.166363] systemd-journald[229]: Received client request to flush runtime journal.
[    3.172039] systemd-journald[229]: File /var/log/journal/c455b248004a419c87ce85eea238d727/system.journal corrupted or uncleanly shut down, renaming and replacing.
[    4.473472] RAPL PMU: API unit is 2^-32 Joules, 0 fixed counters, 10737418240 ms ovfl timer
[    4.513365] cryptd: max_cpu_qlen set to 1000
[    4.584329] AVX2 version of gcm_enc/dec engaged.
[    4.584330] AES CTR mode by8 optimization enabled
[    5.357073] Adding 1998844k swap on /dev/sda1.  Priority:-2 extents:1 across:1998844k FS
[    7.169412] kauditd_printk_skb: 30 callbacks suppressed
[    7.169414] audit: type=1400 audit(1768671717.016:41): apparmor="DENIED" operation="capable" profile="/usr/sbin/cups-browsed" pid=497 comm="cups-browsed" capability=23  capname="sys_nice"
[    7.638592] pcnet32 0000:00:03.0 enp0s3: link up, 100Mbps, full-duplex
[    7.674900] e1000: enp0s8 NIC Link is Up 1000 Mbps Full Duplex, Flow Control: RX
[    7.675174] IPv6: ADDRCONF(NETDEV_CHANGE): enp0s8: link becomes ready
[    7.685630] e1000: enp0s9 NIC Link is Up 1000 Mbps Full Duplex, Flow Control: RX
[    7.685916] IPv6: ADDRCONF(NETDEV_CHANGE): enp0s9: link becomes ready
[    8.212936] device enp0s3 entered promiscuous mode
[    8.247093] audit: type=1400 audit(1768671718.088:42): apparmor="DENIED" operation="open" profile="/usr/sbin/tcpdump" name="/proc/sys/kernel/random/boot_id" pid=709 comm="tcpdump" requested_mask="r" denied_mask="r" fsuid=0 ouid=0
[    8.247734] audit: type=1400 audit(1768671718.088:43): apparmor="DENIED" operation="open" profile="/usr/sbin/tcpdump" name="/proc/sys/kernel/random/boot_id" pid=709 comm="tcpdump" requested_mask="r" denied_mask="r" fsuid=0 ouid=0
[    8.247894] audit: type=1400 audit(1768671718.088:44): apparmor="DENIED" operation="open" profile="/usr/sbin/tcpdump" name="/proc/sys/kernel/random/boot_id" pid=709 comm="tcpdump" requested_mask="r" denied_mask="r" fsuid=0 ouid=0
[    8.248097] audit: type=1400 audit(1768671718.088:45): apparmor="DENIED" operation="open" profile="/usr/sbin/tcpdump" name="/proc/sys/kernel/random/boot_id" pid=709 comm="tcpdump" requested_mask="r" denied_mask="r" fsuid=0 ouid=0
[    8.258697] audit: type=1400 audit(1768671718.104:46): apparmor="DENIED" operation="open" profile="/usr/sbin/tcpdump" name="/proc/sys/kernel/random/boot_id" pid=710 comm="tcpdump" requested_mask="r" denied_mask="r" fsuid=0 ouid=0
[    8.261300] audit: type=1400 audit(1768671718.104:47): apparmor="DENIED" operation="open" profile="/usr/sbin/tcpdump" name="/proc/sys/kernel/random/boot_id" pid=710 comm="tcpdump" requested_mask="r" denied_mask="r" fsuid=0 ouid=0
[    8.261455] audit: type=1400 audit(1768671718.104:48): apparmor="DENIED" operation="open" profile="/usr/sbin/tcpdump" name="/proc/sys/kernel/random/boot_id" pid=710 comm="tcpdump" requested_mask="r" denied_mask="r" fsuid=0 ouid=0
[    8.261863] audit: type=1400 audit(1768671718.104:49): apparmor="DENIED" operation="open" profile="/usr/sbin/tcpdump" name="/proc/sys/kernel/random/boot_id" pid=710 comm="tcpdump" requested_mask="r" denied_mask="r" fsuid=0 ouid=0
[   12.766623] rfkill: input handler disabled
[  203.085301] AAAAA-TCP_FORW: name:enp0s3: saddr:100932208: daddr:16783984
[  205.367998] AAAAA-TCP_FORW: name:enp0s3: saddr:100932208: daddr:33561200
[  205.518795] AAAAA-TCP_FORW: name:enp0s3: saddr:100932208: daddr:33561200
[  205.753620] AAAAA-TCP_FORW: name:enp0s3: saddr:100932208: daddr:33561200
[  205.839948] AAAAA-TCP_FORW: name:enp0s3: saddr:100932208: daddr:16783984
[  205.878890] AAAAA-TCP_FORW: name:enp0s3: saddr:100932208: daddr:16783984
[  205.966625] AAAAA-TCP_FORW: name:enp0s3: saddr:100932208: daddr:16783984
[  206.067160] AAAAA-TCP_FORW: name:enp0s3: saddr:100932208: daddr:16783984
[  206.135107] AAAAA-TCP_FORW: name:enp0s3: saddr:100932208: daddr:16783984
[  206.302635] AAAAA-TCP_FORW: name:enp0s3: saddr:100932208: daddr:16783984
[  206.372597] AAAAA-TCP_FORW: name:enp0s3: saddr:100932208: daddr:16783984
[  206.445249] AAAAA-TCP_FORW: name:enp0s3: saddr:100932208: daddr:16783984
[  206.592203] AAAAA-TCP_FORW: name:enp0s3: saddr:100932208: daddr:16783984
[  206.737660] AAAAA-TCP_FORW: name:enp0s3: saddr:100932208: daddr:16783984
[  206.843244] AAAAA-TCP_FORW: name:enp0s3: saddr:100932208: daddr:33561200
[  206.881929] AAAAA-TCP_FORW: name:enp0s3: saddr:100932208: daddr:33561200
[  206.900650] AAAAA-TCP_FORW: name:enp0s3: saddr:33561200: daddr:100932208
[  206.980282] AAAAA-TCP_FORW: name:enp0s3: saddr:33561200: daddr:100932208
[  207.027705] AAAAA-TCP_FORW: name:enp0s3: saddr:100932208: daddr:33561200
[  207.118827] AAAAA-TCP_FORW: name:enp0s3: saddr:100932208: daddr:33561200
[  207.189027] AAAAA-TCP_FORW: name:enp0s3: saddr:33561200: daddr:100932208
[  207.205582] AAAAA-TCP_FORW: name:enp0s3: saddr:100932208: daddr:33561200
[  207.250188] AAAAA-TCP_FORW: name:enp0s3: saddr:100932208: daddr:33561200
[  207.270985] AAAAA-TCP_FORW: name:enp0s3: saddr:33561200: daddr:100932208
[  207.426493] AAAAA-TCP_FORW: name:enp0s3: saddr:33561200: daddr:100932208
[  207.451720] AAAAA-TCP_FORW: name:enp0s3: saddr:100932208: daddr:33561200
[  207.466095] AAAAA-TCP_FORW: name:enp0s3: saddr:33561200: daddr:100932208
[  207.598612] AAAAA-TCP_FORW: name:enp0s3: saddr:100932208: daddr:33561200
[  207.633652] AAAAA-TCP_FORW: name:enp0s3: saddr:100932208: daddr:33561200
[  207.665475] AAAAA-TCP_FORW: name:enp0s3: saddr:100932208: daddr:33561200
[  207.736320] AAAAA-TCP_FORW: name:enp0s3: saddr:33561200: daddr:100932208
[  207.765537] AAAAA-TCP_FORW: name:enp0s3: saddr:100932208: daddr:16783984
[  207.806129] AAAAA-TCP_FORW: name:enp0s3: saddr:100932208: daddr:33561200
[  207.832279] AAAAA-TCP_FORW: name:enp0s3: saddr:33561200: daddr:100932208
[  207.951733] AAAAA-TCP_FORW: name:enp0s3: saddr:33561200: daddr:100932208
[  207.989881] AAAAA-TCP_FORW: name:enp0s3: saddr:100932208: daddr:16783984
[  208.026015] AAAAA-TCP_FORW: name:enp0s3: saddr:33561200: daddr:100932208
[  208.037266] AAAAA-TCP_FORW: name:enp0s3: saddr:100932208: daddr:16783984
[  208.062913] AAAAA-TCP_FORW: name:enp0s3: saddr:16783984: daddr:100932208
[  208.117349] AAAAA-TCP_FORW: name:enp0s3: saddr:100932208: daddr:16783984
[  208.143658] AAAAA-TCP_FORW: name:enp0s3: saddr:33561200: daddr:100932208
[  208.167710] AAAAA-TCP_FORW: name:enp0s3: saddr:100932208: daddr:16783984
[  208.237629] AAAAA-TCP_FORW: name:enp0s3: saddr:100932208: daddr:16783984
[  208.277020] AAAAA-TCP_FORW: name:enp0s3: saddr:100932208: daddr:16783984
[  208.347403] AAAAA-TCP_FORW: name:enp0s3: saddr:16783984: daddr:100932208
[  208.446291] AAAAA-TCP_FORW: name:enp0s3: saddr:100932208: daddr:33561200
[  208.502812] AAAAA-TCP_FORW: name:enp0s3: saddr:16783984: daddr:100932208
[  208.630722] AAAAA-TCP_FORW: name:enp0s3: saddr:100932208: daddr:16783984
[  208.649799] AAAAA-TCP_FORW: name:enp0s3: saddr:16783984: daddr:100932208
[  208.669572] AAAAA-TCP_FORW: name:enp0s3: saddr:100932208: daddr:16783984
[  208.750115] AAAAA-TCP_FORW: name:enp0s3: saddr:100932208: daddr:16783984
[  208.790417] AAAAA-TCP_FORW: name:enp0s3: saddr:16783984: daddr:100932208
[  208.799449] AAAAA-TCP_FORW: name:enp0s3: saddr:100932208: daddr:16783984
[  208.826382] AAAAA-TCP_FORW: name:enp0s3: saddr:100932208: daddr:16783984
[  208.842575] AAAAA-TCP_FORW: name:enp0s3: saddr:16783984: daddr:100932208
[  208.924652] AAAAA-TCP_FORW: name:enp0s3: saddr:100932208: daddr:16783984
[  208.979808] AAAAA-TCP_FORW: name:enp0s3: saddr:100932208: daddr:16783984
[  209.002394] AAAAA-TCP_FORW: name:enp0s3: saddr:16783984: daddr:100932208
[  209.043099] AAAAA-TCP_FORW: name:enp0s3: saddr:100932208: daddr:16783984
[  209.178842] AAAAA-TCP_FORW: name:enp0s3: saddr:100932208: daddr:16783984
[  209.217263] AAAAA-TCP_FORW: name:enp0s3: saddr:100932208: daddr:16783984
[  209.234661] AAAAA-TCP_FORW: name:enp0s3: saddr:33561200: daddr:100932208
[  209.359975] AAAAA-TCP_FORW: name:enp0s3: saddr:16783984: daddr:100932208
[  209.434187] AAAAA-TCP_FORW: name:enp0s3: saddr:100932208: daddr:16783984
[  209.467880] AAAAA-TCP_FORW: name:enp0s3: saddr:16783984: daddr:100932208
[  209.496597] AAAAA-TCP_FORW: name:enp0s3: saddr:100932208: daddr:16783984
[  209.520840] AAAAA-TCP_FORW: name:enp0s3: saddr:16783984: daddr:100932208
[  209.646663] AAAAA-TCP_FORW: name:enp0s3: saddr:100932208: daddr:16783984
[  209.663242] AAAAA-TCP_FORW: name:enp0s3: saddr:16783984: daddr:100932208
[  209.691936] AAAAA-TCP_FORW: name:enp0s3: saddr:16783984: daddr:100932208
[  209.715234] AAAAA-TCP_FORW: name:enp0s3: saddr:100932208: daddr:16783984
[  209.782549] AAAAA-TCP_FORW: name:enp0s3: saddr:16783984: daddr:100932208
[  209.821892] AAAAA-TCP_FORW: name:enp0s3: saddr:16783984: daddr:100932208
[  209.853069] AAAAA-TCP_FORW: name:enp0s3: saddr:100932208: daddr:33561200
[  209.898919] AAAAA-TCP_FORW: name:enp0s3: saddr:16783984: daddr:100932208
[  209.947001] AAAAA-TCP_FORW: name:enp0s3: saddr:100932208: daddr:33561200
[  209.961838] AAAAA-TCP_FORW: name:enp0s3: saddr:16783984: daddr:100932208
[  209.998946] AAAAA-TCP_FORW: name:enp0s3: saddr:100932208: daddr:33561200
[  210.023163] AAAAA-TCP_FORW: name:enp0s3: saddr:16783984: daddr:100932208
[  210.039703] AAAAA-TCP_FORW: name:enp0s3: saddr:100932208: daddr:33561200
[  210.143424] AAAAA-TCP_FORW: name:enp0s3: saddr:100932208: daddr:33561200
[  210.209042] AAAAA-TCP_FORW: name:enp0s3: saddr:100932208: daddr:33561200
[  210.240360] AAAAA-TCP_FORW: name:enp0s3: saddr:100932208: daddr:33561200
[  210.297305] AAAAA-TCP_FORW: name:enp0s3: saddr:100932208: daddr:33561200
[  210.363236] AAAAA-TCP_FORW: name:enp0s3: saddr:100932208: daddr:33561200
[  210.395859] AAAAA-TCP_FORW: name:enp0s3: saddr:100932208: daddr:33561200
[  210.419640] AAAAA-TCP_FORW: name:enp0s3: saddr:16783984: daddr:100932208
[  210.562160] AAAAA-TCP_FORW: name:enp0s3: saddr:16783984: daddr:100932208
[  210.629802] AAAAA-TCP_FORW: name:enp0s3: saddr:33561200: daddr:100932208
[  210.693539] AAAAA-TCP_FORW: name:enp0s3: saddr:33561200: daddr:100932208
[  210.753492] AAAAA-TCP_FORW: name:enp0s3: saddr:16783984: daddr:100932208
[  211.107092] AAAAA-TCP_FORW: name:enp0s3: saddr:100932208: daddr:33561200
[  211.170161] AAAAA-TCP_FORW: name:enp0s3: saddr:100932208: daddr:33561200
[  211.294919] AAAAA-TCP_FORW: name:enp0s3: saddr:100932208: daddr:33561200
[  211.380861] AAAAA-TCP_FORW: name:enp0s3: saddr:100932208: daddr:33561200
[  211.467101] AAAAA-TCP_FORW: name:enp0s3: saddr:100932208: daddr:33561200
[  211.560873] AAAAA-TCP_FORW: name:enp0s3: saddr:100932208: daddr:33561200
[  211.967590] AAAAA-TCP_FORW: name:enp0s3: saddr:100932208: daddr:16783984
[  212.004644] AAAAA-TCP_FORW: name:enp0s3: saddr:100932208: daddr:16783984
[  212.146066] AAAAA-TCP_FORW: name:enp0s3: saddr:100932208: daddr:16783984
[  212.545783] AAAAA-TCP_FORW: name:enp0s3: saddr:100932208: daddr:16783984
[  212.651582] AAAAA-TCP_FORW: name:enp0s3: saddr:100932208: daddr:16783984
[  212.886310] AAAAA-TCP_FORW: name:enp0s3: saddr:100932208: daddr:16783984
[  213.294571] AAAAA-TCP_FORW: name:enp0s3: saddr:100932208: daddr:16783984
[  213.455704] AAAAA-TCP_FORW: name:enp0s3: saddr:100932208: daddr:16783984
[  213.676946] AAAAA-TCP_FORW: name:enp0s3: saddr:100932208: daddr:16783984
[  213.834419] AAAAA-TCP_FORW: name:enp0s3: saddr:100932208: daddr:16783984
[  214.117519] AAAAA-TCP_FORW: name:enp0s3: saddr:100932208: daddr:16783984
[  214.235539] AAAAA-TCP_FORW: name:enp0s3: saddr:100932208: daddr:16783984
[  214.762539] AAAAA-TCP_FORW: name:enp0s3: saddr:100932208: daddr:16783984
[  214.861505] AAAAA-TCP_FORW: name:enp0s3: saddr:100932208: daddr:16783984
[  214.946269] AAAAA-TCP_FORW: name:enp0s3: saddr:100932208: daddr:16783984
[  215.041926] AAAAA-TCP_FORW: name:enp0s3: saddr:100932208: daddr:16783984
[  215.118500] AAAAA-TCP_FORW: name:enp0s3: saddr:100932208: daddr:16783984
[  215.199200] AAAAA-TCP_FORW: name:enp0s3: saddr:100932208: daddr:16783984
[  215.357230] AAAAA-TCP_FORW: name:enp0s3: saddr:100932208: daddr:16783984
[  215.485684] AAAAA-TCP_FORW: name:enp0s3: saddr:100932208: daddr:16783984
[  215.580561] AAAAA-TCP_FORW: name:enp0s3: saddr:100932208: daddr:16783984
[  215.632066] AAAAA-TCP_FORW: name:enp0s3: saddr:100932208: daddr:16783984
[  215.639896] AAAAA-TCP_FORW: name:enp0s3: saddr:100932208: daddr:16783984
[  215.798152] AAAAA-TCP_FORW: name:enp0s3: saddr:100932208: daddr:16783984
[  215.800735] AAAAA-TCP_FORW: name:enp0s3: saddr:100932208: daddr:33561200
[  215.864464] AAAAA-TCP_FORW: name:enp0s3: saddr:100932208: daddr:33561200
[  215.928882] AAAAA-TCP_FORW: name:enp0s3: saddr:100932208: daddr:33561200
[  215.963541] AAAAA-TCP_FORW: name:enp0s3: saddr:100932208: daddr:16783984
[  216.027211] AAAAA-TCP_FORW: name:enp0s3: saddr:100932208: daddr:16783984
[  216.154435] AAAAA-TCP_FORW: name:enp0s3: saddr:100932208: daddr:16783984
[  216.330852] AAAAA-TCP_FORW: name:enp0s3: saddr:100932208: daddr:16783984
[  216.341131] AAAAA-TCP_FORW: name:enp0s3: saddr:100932208: daddr:16783984
[  216.521496] AAAAA-TCP_FORW: name:enp0s3: saddr:100932208: daddr:16783984
[  216.615377] AAAAA-TCP_FORW: name:enp0s3: saddr:100932208: daddr:16783984
[  216.619505] AAAAA-TCP_FORW: name:enp0s3: saddr:100932208: daddr:16783984
[  216.690900] AAAAA-TCP_FORW: name:enp0s3: saddr:100932208: daddr:16783984
[  216.783899] AAAAA-TCP_FORW: name:enp0s3: saddr:100932208: daddr:16783984
[  216.811552] AAAAA-TCP_FORW: name:enp0s3: saddr:100932208: daddr:16783984
[  216.913368] AAAAA-TCP_FORW: name:enp0s3: saddr:100932208: daddr:16783984
[  216.985747] AAAAA-TCP_FORW: name:enp0s3: saddr:100932208: daddr:16783984
[  216.989895] AAAAA-TCP_FORW: name:enp0s3: saddr:100932208: daddr:16783984
[  217.103274] AAAAA-TCP_FORW: name:enp0s3: saddr:100932208: daddr:33561200
[  217.105925] AAAAA-TCP_FORW: name:enp0s3: saddr:100932208: daddr:33561200
[  217.163723] AAAAA-TCP_FORW: name:enp0s3: saddr:100932208: daddr:33561200
[  217.229723] AAAAA-TCP_FORW: name:enp0s3: saddr:100932208: daddr:33561200
[  217.290741] AAAAA-TCP_FORW: name:enp0s3: saddr:100932208: daddr:33561200
[  217.293373] AAAAA-TCP_FORW: name:enp0s3: saddr:100932208: daddr:33561200
[  217.430061] AAAAA-TCP_FORW: name:enp0s3: saddr:100932208: daddr:33561200
[  217.485538] AAAAA-TCP_FORW: name:enp0s3: saddr:100932208: daddr:33561200
[  217.574286] AAAAA-TCP_FORW: name:enp0s3: saddr:100932208: daddr:33561200
[  217.702509] AAAAA-TCP_FORW: name:enp0s3: saddr:100932208: daddr:33561200
[  217.791281] AAAAA-TCP_FORW: name:enp0s3: saddr:100932208: daddr:33561200
[  217.888872] AAAAA-TCP_FORW: name:enp0s3: saddr:100932208: daddr:33561200
[  217.893369] AAAAA-TCP_FORW: name:enp0s3: saddr:100932208: daddr:33561200
[  217.973781] AAAAA-TCP_FORW: name:enp0s3: saddr:100932208: daddr:33561200
[  218.043515] AAAAA-TCP_FORW: name:enp0s3: saddr:100932208: daddr:33561200
[  218.179166] AAAAA-TCP_FORW: name:enp0s3: saddr:100932208: daddr:33561200
[  218.223301] AAAAA-TCP_FORW: name:enp0s3: saddr:100932208: daddr:33561200
[  218.283524] AAAAA-TCP_FORW: name:enp0s3: saddr:100932208: daddr:16783984
[  218.308560] AAAAA-TCP_FORW: name:enp0s3: saddr:100932208: daddr:33561200
[  218.398972] AAAAA-TCP_FORW: name:enp0s3: saddr:100932208: daddr:33561200
[  218.423221] AAAAA-TCP_FORW: name:enp0s3: saddr:100932208: daddr:33561200
[  218.462178] AAAAA-TCP_FORW: name:enp0s3: saddr:100932208: daddr:33561200
[  218.485873] AAAAA-TCP_FORW: name:enp0s3: saddr:100932208: daddr:33561200
[  218.619276] AAAAA-TCP_FORW: name:enp0s3: saddr:100932208: daddr:33561200
[  218.621850] AAAAA-TCP_FORW: name:enp0s3: saddr:100932208: daddr:33561200
[  218.720144] AAAAA-TCP_FORW: name:enp0s3: saddr:100932208: daddr:33561200
[  218.722691] AAAAA-TCP_FORW: name:enp0s3: saddr:100932208: daddr:33561200
[  218.834253] AAAAA-TCP_FORW: name:enp0s3: saddr:100932208: daddr:33561200
[  218.923675] AAAAA-TCP_FORW: name:enp0s3: saddr:100932208: daddr:33561200
[  219.007123] AAAAA-TCP_FORW: name:enp0s3: saddr:100932208: daddr:16783984
[  219.066638] AAAAA-TCP_FORW: name:enp0s3: saddr:100932208: daddr:16783984
[  219.116148] AAAAA-TCP_FORW: name:enp0s3: saddr:100932208: daddr:16783984
[  219.310513] AAAAA-TCP_FORW: name:enp0s3: saddr:100932208: daddr:16783984
[  219.370287] AAAAA-TCP_FORW: name:enp0s3: saddr:100932208: daddr:16783984
[  219.471791] AAAAA-TCP_FORW: name:enp0s3: saddr:100932208: daddr:16783984
[  219.474370] AAAAA-TCP_FORW: name:enp0s3: saddr:100932208: daddr:16783984
[  219.558401] AAAAA-TCP_FORW: name:enp0s3: saddr:100932208: daddr:16783984
[  219.612535] AAAAA-TCP_FORW: name:enp0s3: saddr:100932208: daddr:16783984
[  219.668527] AAAAA-TCP_FORW: name:enp0s3: saddr:100932208: daddr:16783984
[  219.826291] AAAAA-TCP_FORW: name:enp0s3: saddr:100932208: daddr:16783984
[  219.958104] AAAAA-TCP_FORW: name:enp0s3: saddr:100932208: daddr:16783984
[  220.040743] AAAAA-TCP_FORW: name:enp0s3: saddr:100932208: daddr:16783984
[  220.136210] AAAAA-TCP_FORW: name:enp0s3: saddr:100932208: daddr:16783984
[  220.201897] AAAAA-TCP_FORW: name:enp0s3: saddr:100932208: daddr:16783984
[  220.323606] AAAAA-TCP_FORW: name:enp0s3: saddr:100932208: daddr:16783984
[  220.396853] AAAAA-TCP_FORW: name:enp0s3: saddr:100932208: daddr:16783984
[  220.467900] AAAAA-TCP_FORW: name:enp0s3: saddr:100932208: daddr:16783984
[  220.500599] AAAAA-TCP_FORW: name:enp0s3: saddr:100932208: daddr:16783984
[  220.596405] AAAAA-TCP_FORW: name:enp0s3: saddr:100932208: daddr:16783984
[  220.702279] AAAAA-TCP_FORW: name:enp0s3: saddr:100932208: daddr:16783984
[  220.784948] AAAAA-TCP_FORW: name:enp0s3: saddr:100932208: daddr:16783984
[  220.833116] AAAAA-TCP_FORW: name:enp0s3: saddr:100932208: daddr:16783984
[  220.935859] AAAAA-TCP_FORW: name:enp0s3: saddr:100932208: daddr:16783984
[  221.058358] AAAAA-TCP_FORW: name:enp0s3: saddr:100932208: daddr:16783984
[  221.308736] AAAAA-TCP_FORW: name:enp0s3: saddr:100932208: daddr:16783984
[  221.366717] AAAAA-TCP_FORW: name:enp0s3: saddr:100932208: daddr:16783984
[  221.440501] AAAAA-TCP_FORW: name:enp0s3: saddr:100932208: daddr:16783984
[  221.454339] AAAAA-TCP_FORW: name:enp0s3: saddr:100932208: daddr:16783984
[  221.479653] AAAAA-TCP_FORW: name:enp0s3: saddr:100932208: daddr:16783984
[  221.568651] AAAAA-TCP_FORW: name:enp0s3: saddr:100932208: daddr:16783984
[  221.609186] AAAAA-TCP_FORW: name:enp0s3: saddr:100932208: daddr:16783984
[  221.725782] AAAAA-TCP_FORW: name:enp0s3: saddr:100932208: daddr:33561200
[  221.731455] AAAAA-TCP_FORW: name:enp0s3: saddr:100932208: daddr:33561200
[  221.814654] AAAAA-TCP_FORW: name:enp0s3: saddr:100932208: daddr:16783984
[  221.859226] AAAAA-TCP_FORW: name:enp0s3: saddr:100932208: daddr:16783984
[  221.948004] AAAAA-TCP_FORW: name:enp0s3: saddr:100932208: daddr:16783984
[  222.018152] AAAAA-TCP_FORW: name:enp0s3: saddr:100932208: daddr:16783984
[  222.088683] AAAAA-TCP_FORW: name:enp0s3: saddr:100932208: daddr:16783984
[  222.193084] AAAAA-TCP_FORW: name:enp0s3: saddr:100932208: daddr:16783984
[  222.244046] AAAAA-TCP_FORW: name:enp0s3: saddr:100932208: daddr:16783984
[  222.300630] AAAAA-TCP_FORW: name:enp0s3: saddr:100932208: daddr:16783984
[  222.411043] AAAAA-TCP_FORW: name:enp0s3: saddr:100932208: daddr:16783984
[  222.519181] AAAAA-TCP_FORW: name:enp0s3: saddr:100932208: daddr:16783984
[  222.708156] AAAAA-TCP_FORW: name:enp0s3: saddr:100932208: daddr:16783984
[  222.816237] AAAAA-TCP_FORW: name:enp0s3: saddr:100932208: daddr:16783984
[  222.877427] AAAAA-TCP_FORW: name:enp0s3: saddr:100932208: daddr:33561200
[  222.882674] AAAAA-TCP_FORW: name:enp0s3: saddr:100932208: daddr:33561200
[  222.937921] AAAAA-TCP_FORW: name:enp0s3: saddr:100932208: daddr:33561200
[  223.081176] AAAAA-TCP_FORW: name:enp0s3: saddr:100932208: daddr:33561200
[  223.125666] AAAAA-TCP_FORW: name:enp0s3: saddr:100932208: daddr:33561200
[  223.205716] AAAAA-TCP_FORW: name:enp0s3: saddr:100932208: daddr:33561200
[  223.208736] AAAAA-TCP_FORW: name:enp0s3: saddr:100932208: daddr:33561200
[  223.413595] AAAAA-TCP_FORW: name:enp0s3: saddr:100932208: daddr:33561200
[  223.546988] AAAAA-TCP_FORW: name:enp0s3: saddr:100932208: daddr:33561200
[  223.657090] AAAAA-TCP_FORW: name:enp0s3: saddr:100932208: daddr:33561200
[  223.731134] AAAAA-TCP_FORW: name:enp0s3: saddr:100932208: daddr:33561200
[  223.793750] AAAAA-TCP_FORW: name:enp0s3: saddr:100932208: daddr:33561200
[  223.871081] AAAAA-TCP_FORW: name:enp0s3: saddr:100932208: daddr:33561200
[  223.981351] AAAAA-TCP_FORW: name:enp0s3: saddr:100932208: daddr:33561200
[  224.075127] AAAAA-TCP_FORW: name:enp0s3: saddr:100932208: daddr:33561200
[  224.128683] AAAAA-TCP_FORW: name:enp0s3: saddr:100932208: daddr:33561200
[  224.212936] AAAAA-TCP_FORW: name:enp0s3: saddr:100932208: daddr:33561200
[  224.257157] AAAAA-TCP_FORW: name:enp0s3: saddr:100932208: daddr:33561200
[  224.259730] AAAAA-TCP_FORW: name:enp0s3: saddr:100932208: daddr:33561200
[  224.472680] AAAAA-TCP_FORW: name:enp0s3: saddr:100932208: daddr:33561200
[  224.476415] AAAAA-TCP_FORW: name:enp0s3: saddr:100932208: daddr:16783984
[  224.665423] AAAAA-TCP_FORW: name:enp0s3: saddr:100932208: daddr:16783984
[  224.740800] AAAAA-TCP_FORW: name:enp0s3: saddr:100932208: daddr:16783984
[  224.809149] AAAAA-TCP_FORW: name:enp0s3: saddr:100932208: daddr:16783984
[  225.053839] AAAAA-TCP_FORW: name:enp0s3: saddr:100932208: daddr:16783984
[  225.274942] AAAAA-TCP_FORW: name:enp0s3: saddr:100932208: daddr:16783984
[  225.348667] AAAAA-TCP_FORW: name:enp0s3: saddr:100932208: daddr:16783984
[  225.500955] AAAAA-TCP_FORW: name:enp0s3: saddr:100932208: daddr:16783984
[  225.624509] AAAAA-TCP_FORW: name:enp0s3: saddr:100932208: daddr:16783984
[  225.774413] AAAAA-TCP_FORW: name:enp0s3: saddr:100932208: daddr:16783984
[  225.886309] AAAAA-TCP_FORW: name:enp0s3: saddr:100932208: daddr:16783984
[  225.945952] AAAAA-TCP_FORW: name:enp0s3: saddr:100932208: daddr:16783984
[  226.095551] AAAAA-TCP_FORW: name:enp0s3: saddr:100932208: daddr:16783984
[  226.190356] AAAAA-TCP_FORW: name:enp0s3: saddr:100932208: daddr:16783984
[  226.464561] AAAAA-TCP_FORW: name:enp0s3: saddr:100932208: daddr:16783984
[  226.689188] AAAAA-TCP_FORW: name:enp0s3: saddr:100932208: daddr:16783984
[  226.951884] AAAAA-TCP_FORW: name:enp0s3: saddr:100932208: daddr:16783984
[  227.113521] AAAAA-TCP_FORW: name:enp0s3: saddr:100932208: daddr:16783984
[  227.240681] AAAAA-TCP_FORW: name:enp0s3: saddr:100932208: daddr:16783984
[  227.244112] AAAAA-TCP_FORW: name:enp0s3: saddr:100932208: daddr:16783984
[  227.389435] AAAAA-TCP_FORW: name:enp0s3: saddr:100932208: daddr:16783984
[  227.464900] AAAAA-TCP_FORW: name:enp0s3: saddr:100932208: daddr:16783984
[  227.520175] AAAAA-TCP_FORW: name:enp0s3: saddr:100932208: daddr:16783984
[  227.771887] AAAAA-TCP_FORW: name:enp0s3: saddr:100932208: daddr:16783984
[  227.830155] AAAAA-TCP_FORW: name:enp0s3: saddr:100932208: daddr:16783984
[  228.020715] AAAAA-TCP_FORW: name:enp0s3: saddr:100932208: daddr:16783984
[  228.068579] AAAAA-TCP_FORW: name:enp0s3: saddr:100932208: daddr:16783984
[  228.121785] AAAAA-TCP_FORW: name:enp0s3: saddr:100932208: daddr:16783984
[  228.182466] AAAAA-TCP_FORW: name:enp0s3: saddr:100932208: daddr:16783984
[  228.277338] AAAAA-TCP_FORW: name:enp0s3: saddr:100932208: daddr:16783984
[  228.335636] AAAAA-TCP_FORW: name:enp0s3: saddr:100932208: daddr:16783984
[  228.455548] AAAAA-TCP_FORW: name:enp0s3: saddr:100932208: daddr:33561200
[  228.553983] AAAAA-TCP_FORW: name:enp0s3: saddr:100932208: daddr:33561200
[  228.593925] AAAAA-TCP_FORW: name:enp0s3: saddr:100932208: daddr:33561200
[  228.687963] AAAAA-TCP_FORW: name:enp0s3: saddr:100932208: daddr:33561200
[  228.722878] AAAAA-TCP_FORW: name:enp0s3: saddr:100932208: daddr:33561200
[  228.907139] AAAAA-TCP_FORW: name:enp0s3: saddr:100932208: daddr:33561200
[  229.006278] AAAAA-TCP_FORW: name:enp0s3: saddr:100932208: daddr:33561200
[  229.014353] AAAAA-TCP_FORW: name:enp0s3: saddr:100932208: daddr:33561200
[  229.141458] AAAAA-TCP_FORW: name:enp0s3: saddr:100932208: daddr:33561200
[  229.240142] AAAAA-TCP_FORW: name:enp0s3: saddr:100932208: daddr:33561200
[  229.320916] AAAAA-TCP_FORW: name:enp0s3: saddr:100932208: daddr:33561200
[  229.395745] AAAAA-TCP_FORW: name:enp0s3: saddr:100932208: daddr:33561200
[  231.925920] AAAAA-TCP_FORW: name:enp0s3: saddr:100932208: daddr:16783984
[  232.063493] AAAAA-TCP_FORW: name:enp0s3: saddr:100932208: daddr:16783984
[  232.145372] AAAAA-TCP_FORW: name:enp0s3: saddr:100932208: daddr:16783984
[  232.386159] AAAAA-TCP_FORW: name:enp0s3: saddr:100932208: daddr:16783984
[  232.536797] AAAAA-TCP_FORW: name:enp0s3: saddr:100932208: daddr:16783984
[  232.632914] AAAAA-TCP_FORW: name:enp0s3: saddr:100932208: daddr:16783984
[  232.779845] AAAAA-TCP_FORW: name:enp0s3: saddr:100932208: daddr:16783984
[  232.943806] AAAAA-TCP_FORW: name:enp0s3: saddr:100932208: daddr:16783984
[  233.232117] AAAAA-TCP_FORW: name:enp0s3: saddr:100932208: daddr:33561200
[  233.336721] AAAAA-TCP_FORW: name:enp0s3: saddr:100932208: daddr:33561200
[  233.446861] AAAAA-TCP_FORW: name:enp0s3: saddr:100932208: daddr:16783984
[  233.604597] AAAAA-TCP_FORW: name:enp0s3: saddr:100932208: daddr:16783984
[  233.671601] AAAAA-TCP_FORW: name:enp0s3: saddr:100932208: daddr:16783984
[  233.750804] AAAAA-TCP_FORW: name:enp0s3: saddr:100932208: daddr:16783984
[  233.913466] AAAAA-TCP_FORW: name:enp0s3: saddr:100932208: daddr:16783984
[  234.004182] AAAAA-TCP_FORW: name:enp0s3: saddr:100932208: daddr:16783984
[  234.102567] AAAAA-TCP_FORW: name:enp0s3: saddr:100932208: daddr:16783984
[  234.258885] AAAAA-TCP_FORW: name:enp0s3: saddr:100932208: daddr:16783984
[  234.319381] AAAAA-TCP_FORW: name:enp0s3: saddr:100932208: daddr:16783984
[  234.428687] AAAAA-TCP_FORW: name:enp0s3: saddr:100932208: daddr:16783984
[  234.491085] AAAAA-TCP_FORW: name:enp0s3: saddr:100932208: daddr:16783984
[  234.566309] AAAAA-TCP_FORW: name:enp0s3: saddr:100932208: daddr:16783984
[  234.650830] AAAAA-TCP_FORW: name:enp0s3: saddr:100932208: daddr:16783984
[  234.778903] AAAAA-TCP_FORW: name:enp0s3: saddr:100932208: daddr:16783984
[  234.919609] AAAAA-TCP_FORW: name:enp0s3: saddr:100932208: daddr:16783984
[  235.019186] AAAAA-TCP_FORW: name:enp0s3: saddr:100932208: daddr:16783984
[  235.091585] AAAAA-TCP_FORW: name:enp0s3: saddr:100932208: daddr:16783984
[  235.199067] AAAAA-TCP_FORW: name:enp0s3: saddr:100932208: daddr:16783984
[  235.274654] AAAAA-TCP_FORW: name:enp0s3: saddr:100932208: daddr:16783984
[  235.422001] AAAAA-TCP_FORW: name:enp0s3: saddr:100932208: daddr:16783984
[  235.495789] AAAAA-TCP_FORW: name:enp0s3: saddr:100932208: daddr:33561200
[  236.026953] AAAAA-TCP_FORW: name:enp0s3: saddr:100932208: daddr:16783984
[  236.207337] AAAAA-TCP_FORW: name:enp0s3: saddr:100932208: daddr:16783984
[  236.424843] AAAAA-TCP_FORW: name:enp0s3: saddr:100932208: daddr:16783984
[  236.642150] AAAAA-TCP_FORW: name:enp0s3: saddr:100932208: daddr:16783984
[  236.715378] AAAAA-TCP_FORW: name:enp0s3: saddr:100932208: daddr:16783984
[  236.910730] AAAAA-TCP_FORW: name:enp0s3: saddr:100932208: daddr:16783984
[  237.008687] AAAAA-TCP_FORW: name:enp0s3: saddr:100932208: daddr:16783984
[  237.202856] AAAAA-TCP_FORW: name:enp0s3: saddr:100932208: daddr:16783984
[  237.669024] AAAAA-TCP_FORW: name:enp0s3: saddr:100932208: daddr:16783984
[  237.806069] AAAAA-TCP_FORW: name:enp0s3: saddr:100932208: daddr:16783984
[  237.870940] AAAAA-TCP_FORW: name:enp0s3: saddr:100932208: daddr:16783984
[  238.009949] AAAAA-TCP_FORW: name:enp0s3: saddr:100932208: daddr:16783984
[  238.057640] AAAAA-TCP_FORW: name:enp0s3: saddr:100932208: daddr:16783984
[  238.161791] AAAAA-TCP_FORW: name:enp0s3: saddr:100932208: daddr:16783984
[  238.271382] AAAAA-TCP_FORW: name:enp0s3: saddr:100932208: daddr:16783984
[  238.326192] AAAAA-TCP_FORW: name:enp0s3: saddr:100932208: daddr:16783984
[  238.470798] AAAAA-TCP_FORW: name:enp0s3: saddr:100932208: daddr:16783984
[  238.570789] AAAAA-TCP_FORW: name:enp0s3: saddr:100932208: daddr:16783984
[  238.715882] AAAAA-TCP_FORW: name:enp0s3: saddr:100932208: daddr:16783984
[  238.859465] AAAAA-TCP_FORW: name:enp0s3: saddr:100932208: daddr:16783984
[  239.024156] AAAAA-TCP_FORW: name:enp0s3: saddr:100932208: daddr:16783984
[  239.097413] AAAAA-TCP_FORW: name:enp0s3: saddr:100932208: daddr:16783984
[  239.333141] AAAAA-TCP_FORW: name:enp0s3: saddr:100932208: daddr:16783984
[  239.564758] AAAAA-TCP_FORW: name:enp0s3: saddr:100932208: daddr:16783984
[  239.634226] AAAAA-TCP_FORW: name:enp0s3: saddr:100932208: daddr:16783984
[  239.720611] AAAAA-TCP_FORW: name:enp0s3: saddr:100932208: daddr:16783984
[  239.849148] AAAAA-TCP_FORW: name:enp0s3: saddr:100932208: daddr:16783984
[  239.948184] AAAAA-TCP_FORW: name:enp0s3: saddr:100932208: daddr:16783984
[  240.097049] AAAAA-TCP_FORW: name:enp0s3: saddr:100932208: daddr:16783984
[  240.168137] AAAAA-TCP_FORW: name:enp0s3: saddr:100932208: daddr:16783984
[  240.296578] AAAAA-TCP_FORW: name:enp0s3: saddr:100932208: daddr:16783984
[  246.675799] AAAAA-TCP_FORW: name:enp0s3: saddr:100932208: daddr:33561200
[  250.816219] AAAAA-TCP_FORW: name:enp0s3: saddr:100932208: daddr:16783984
[  250.909790] AAAAA-TCP_FORW: name:enp0s3: saddr:100932208: daddr:16783984
[  251.034260] AAAAA-TCP_FORW: name:enp0s3: saddr:100932208: daddr:16783984
[  251.170386] AAAAA-TCP_FORW: name:enp0s3: saddr:100932208: daddr:16783984
[  251.255102] AAAAA-TCP_FORW: name:enp0s3: saddr:100932208: daddr:16783984
[  251.368282] AAAAA-TCP_FORW: name:enp0s3: saddr:100932208: daddr:16783984
[  251.485425] AAAAA-TCP_FORW: name:enp0s3: saddr:100932208: daddr:16783984
[  251.760084] AAAAA-TCP_FORW: name:enp0s3: saddr:100932208: daddr:16783984
[  251.923775] AAAAA-TCP_FORW: name:enp0s3: saddr:100932208: daddr:16783984
[  252.139794] AAAAA-TCP_FORW: name:enp0s3: saddr:100932208: daddr:16783984
[  252.309970] AAAAA-TCP_FORW: name:enp0s3: saddr:100932208: daddr:16783984
[  252.453046] AAAAA-TCP_FORW: name:enp0s3: saddr:100932208: daddr:16783984
[  252.599574] AAAAA-TCP_FORW: name:enp0s3: saddr:100932208: daddr:16783984
[  252.821693] AAAAA-TCP_FORW: name:enp0s3: saddr:100932208: daddr:33561200
[  253.157107] AAAAA-TCP_FORW: name:enp0s3: saddr:100932208: daddr:33561200
[  253.269024] AAAAA-TCP_FORW: name:enp0s3: saddr:100932208: daddr:33561200
[  253.404219] AAAAA-TCP_FORW: name:enp0s3: saddr:100932208: daddr:33561200
[  253.485395] AAAAA-TCP_FORW: name:enp0s3: saddr:100932208: daddr:33561200
[  253.674291] AAAAA-TCP_FORW: name:enp0s3: saddr:100932208: daddr:33561200
[  253.889633] AAAAA-TCP_FORW: name:enp0s3: saddr:100932208: daddr:33561200
[  253.996363] AAAAA-TCP_FORW: name:enp0s3: saddr:100932208: daddr:16783984
[  254.123804] AAAAA-TCP_FORW: name:enp0s3: saddr:100932208: daddr:16783984
[  254.277102] AAAAA-TCP_FORW: name:enp0s3: saddr:100932208: daddr:16783984
[  254.409742] AAAAA-TCP_FORW: name:enp0s3: saddr:100932208: daddr:16783984
[  254.604458] AAAAA-TCP_FORW: name:enp0s3: saddr:100932208: daddr:16783984
[  254.694038] AAAAA-TCP_FORW: name:enp0s3: saddr:100932208: daddr:16783984
[  254.864518] AAAAA-TCP_FORW: name:enp0s3: saddr:100932208: daddr:16783984
[  255.019542] AAAAA-TCP_FORW: name:enp0s3: saddr:100932208: daddr:16783984
[  255.147915] AAAAA-TCP_FORW: name:enp0s3: saddr:100932208: daddr:16783984
[  255.278260] AAAAA-TCP_FORW: name:enp0s3: saddr:100932208: daddr:16783984
[  255.923008] AAAAA-TCP_FORW: name:enp0s3: saddr:100932208: daddr:16783984
[  256.066953] AAAAA-TCP_FORW: name:enp0s3: saddr:100932208: daddr:16783984
[  257.851594] AAAAA-TCP_FORW: name:enp0s3: saddr:100932208: daddr:33561200
[  258.398369] AAAAA-TCP_FORW: name:enp0s3: saddr:100932208: daddr:16783984
[  258.759571] AAAAA-TCP_FORW: name:enp0s3: saddr:100932208: daddr:16783984
[  259.179368] AAAAA-TCP_FORW: name:enp0s3: saddr:100932208: daddr:16783984
[  259.417788] AAAAA-TCP_FORW: name:enp0s3: saddr:100932208: daddr:16783984
[  259.572375] AAAAA-TCP_FORW: name:enp0s3: saddr:100932208: daddr:16783984
[  260.177363] AAAAA-TCP_FORW: name:enp0s3: saddr:100932208: daddr:16783984
[  260.535897] AAAAA-TCP_FORW: name:enp0s3: saddr:100932208: daddr:16783984
[  263.281999] AAAAA-TCP_FORW: name:enp0s3: saddr:100932208: daddr:16783984
[  263.285189] AAAAA-TCP_FORW: name:enp0s3: saddr:100932208: daddr:16783984
[  263.412981] AAAAA-TCP_FORW: name:enp0s3: saddr:100932208: daddr:33561200
[  264.273436] AAAAA-TCP_FORW: name:enp0s3: saddr:100932208: daddr:16783984
[  264.522590] AAAAA-TCP_FORW: name:enp0s3: saddr:100932208: daddr:16783984
[  265.214606] AAAAA-TCP_FORW: name:enp0s3: saddr:100932208: daddr:33561200
[  265.798272] AAAAA-TCP_FORW: name:enp0s3: saddr:100932208: daddr:16783984
[  265.825570] AAAAA-TCP_FORW: name:enp0s3: saddr:100932208: daddr:16783984
[  266.324904] AAAAA-TCP_FORW: name:enp0s3: saddr:100932208: daddr:16783984
[  266.328194] AAAAA-TCP_FORW: name:enp0s3: saddr:100932208: daddr:16783984
[  266.523967] AAAAA-TCP_FORW: name:enp0s3: saddr:100932208: daddr:16783984
[  266.799348] AAAAA-TCP_FORW: name:enp0s3: saddr:100932208: daddr:16783984
[  267.257881] AAAAA-TCP_FORW: name:enp0s3: saddr:100932208: daddr:16783984
[  289.692586] AAAAA-TCP_FORW: name:enp0s3: saddr:100932208: daddr:33561200
[  293.919752] AAAAA-TCP_FORW: name:enp0s3: saddr:100932208: daddr:16783984
[  294.304856] AAAAA-TCP_FORW: name:enp0s3: saddr:100932208: daddr:33561200
[  295.201398] AAAAA-TCP_FORW: name:enp0s3: saddr:100932208: daddr:33561200
[  300.456251] AAAAA-TCP_FORW: name:enp0s3: saddr:100932208: daddr:16783984
[  300.622340] AAAAA-TCP_FORW: name:enp0s3: saddr:100932208: daddr:16783984
[  300.717307] AAAAA-TCP_FORW: name:enp0s3: saddr:100932208: daddr:16783984
[  301.178959] AAAAA-TCP_FORW: name:enp0s3: saddr:100932208: daddr:16783984
[  301.281886] AAAAA-TCP_FORW: name:enp0s3: saddr:100932208: daddr:16783984
[  301.767632] AAAAA-TCP_FORW: name:enp0s3: saddr:100932208: daddr:16783984
[  302.015881] AAAAA-TCP_FORW: name:enp0s3: saddr:100932208: daddr:16783984
[  302.180598] AAAAA-TCP_FORW: name:enp0s3: saddr:100932208: daddr:16783984
[  302.357607] AAAAA-TCP_FORW: name:enp0s3: saddr:100932208: daddr:16783984
[  302.425805] AAAAA-TCP_FORW: name:enp0s3: saddr:100932208: daddr:16783984
[  302.594365] AAAAA-TCP_FORW: name:enp0s3: saddr:100932208: daddr:16783984
[  302.712423] AAAAA-TCP_FORW: name:enp0s3: saddr:100932208: daddr:16783984
[  303.165364] AAAAA-TCP_FORW: name:enp0s3: saddr:100932208: daddr:33561200
[  303.540397] AAAAA-TCP_FORW: name:enp0s3: saddr:100932208: daddr:33561200
[  306.708660] AAAAA-TCP_FORW: name:enp0s3: saddr:100932208: daddr:16783984
[  307.225363] AAAAA-TCP_FORW: name:enp0s3: saddr:100932208: daddr:16783984
[  307.675227] AAAAA-TCP_FORW: name:enp0s3: saddr:100932208: daddr:16783984
[  307.847596] AAAAA-TCP_FORW: name:enp0s3: saddr:100932208: daddr:16783984
[  308.091492] AAAAA-TCP_FORW: name:enp0s3: saddr:100932208: daddr:16783984
[  308.227790] AAAAA-TCP_FORW: name:enp0s3: saddr:100932208: daddr:16783984
[  308.283596] AAAAA-TCP_FORW: name:enp0s3: saddr:100932208: daddr:16783984
[  308.453598] AAAAA-TCP_FORW: name:enp0s3: saddr:100932208: daddr:16783984
[  308.544131] AAAAA-TCP_FORW: name:enp0s3: saddr:100932208: daddr:16783984
[  308.648220] AAAAA-TCP_FORW: name:enp0s3: saddr:100932208: daddr:16783984
[  308.714971] AAAAA-TCP_FORW: name:enp0s3: saddr:100932208: daddr:16783984
[  308.976695] AAAAA-TCP_FORW: name:enp0s3: saddr:100932208: daddr:16783984
[  309.096013] AAAAA-TCP_FORW: name:enp0s3: saddr:100932208: daddr:33561200
[  309.148083] AAAAA-TCP_FORW: name:enp0s3: saddr:100932208: daddr:33561200
[  309.258251] AAAAA-TCP_FORW: name:enp0s3: saddr:100932208: daddr:33561200
[  353.083033] AAAAA-TCP_FORW: name:enp0s3: saddr:100932208: daddr:33561200
[  354.666437] AAAAA-TCP_FORW: name:enp0s3: saddr:100932208: daddr:16783984
[  513.605662] rfkill: input handler enabled
[  522.533750] rfkill: input handler disabled
[  689.386248] device enp0s3 left promiscuous mode
