[    0.000000] Linux version 5.4.243-mptcp (root@ztg) (gcc version 12.2.0 (Debian 12.2.0-14+deb12u1)) #53 SMP Wed Dec 24 23:28:15 CST 2025
[    0.000000] Command line: BOOT_IMAGE=/boot/vmlinuz-5.4.243-mptcp root=UUID=98415a12-53b7-4144-8265-0f7ece09e445 ro quiet splash
[    0.000000] KERNEL supported cpus:
[    0.000000]   Intel GenuineIntel
[    0.000000]   AMD AuthenticAMD
[    0.000000]   Hygon HygonGenuine
[    0.000000]   Centaur CentaurHauls
[    0.000000]   zhaoxin   Shanghai  
[    0.000000] x86/fpu: Supporting XSAVE feature 0x001: 'x87 floating point registers'
[    0.000000] x86/fpu: Supporting XSAVE feature 0x002: 'SSE registers'
[    0.000000] x86/fpu: Supporting XSAVE feature 0x004: 'AVX registers'
[    0.000000] x86/fpu: xstate_offset[2]:  576, xstate_sizes[2]:  256
[    0.000000] x86/fpu: Enabled xstate features 0x7, context size is 832 bytes, using 'standard' format.
[    0.000000] BIOS-provided physical RAM map:
[    0.000000] BIOS-e820: [mem 0x0000000000000000-0x000000000009fbff] usable
[    0.000000] BIOS-e820: [mem 0x000000000009fc00-0x000000000009ffff] reserved
[    0.000000] BIOS-e820: [mem 0x00000000000f0000-0x00000000000fffff] reserved
[    0.000000] BIOS-e820: [mem 0x0000000000100000-0x000000007ffeffff] usable
[    0.000000] BIOS-e820: [mem 0x000000007fff0000-0x000000007fffffff] ACPI data
[    0.000000] BIOS-e820: [mem 0x00000000fec00000-0x00000000fec00fff] reserved
[    0.000000] BIOS-e820: [mem 0x00000000fee00000-0x00000000fee00fff] reserved
[    0.000000] BIOS-e820: [mem 0x00000000fffc0000-0x00000000ffffffff] reserved
[    0.000000] NX (Execute Disable) protection: active
[    0.000000] SMBIOS 2.5 present.
[    0.000000] DMI: innotek GmbH VirtualBox/VirtualBox, BIOS VirtualBox 12/01/2006
[    0.000000] Hypervisor detected: KVM
[    0.000000] kvm-clock: Using msrs 4b564d01 and 4b564d00
[    0.000000] kvm-clock: cpu 0, msr 17c01001, primary cpu clock
[    0.000000] kvm-clock: using sched offset of 4475772534 cycles
[    0.000003] clocksource: kvm-clock: mask: 0xffffffffffffffff max_cycles: 0x1cd42e4dffb, max_idle_ns: 881590591483 ns
[    0.000006] tsc: Detected 2100.000 MHz processor
[    0.001868] e820: update [mem 0x00000000-0x00000fff] usable ==> reserved
[    0.001871] e820: remove [mem 0x000a0000-0x000fffff] usable
[    0.001875] last_pfn = 0x7fff0 max_arch_pfn = 0x400000000
[    0.001943] MTRR default type: uncachable
[    0.001944] MTRR fixed ranges enabled:
[    0.001945]   00000-9FFFF write-back
[    0.001946]   A0000-BFFFF uncachable
[    0.001947]   C0000-FFFFF write-protect
[    0.001948] MTRR variable ranges enabled:
[    0.001949]   0 base 000000000000 mask 3FFF80000000 write-back
[    0.001950]   1 disabled
[    0.001950]   2 disabled
[    0.001950]   3 disabled
[    0.001951]   4 disabled
[    0.001951]   5 disabled
[    0.001952]   6 disabled
[    0.001952]   7 disabled
[    0.001952]   8 disabled
[    0.001953]   9 disabled
[    0.001953]   10 disabled
[    0.001954]   11 disabled
[    0.001954]   12 disabled
[    0.001955]   13 disabled
[    0.001955]   14 disabled
[    0.001956]   15 disabled
[    0.001972] x86/PAT: Configuration [0-7]: WB  WC  UC- UC  WB  WP  UC- WT  
[    0.002105] found SMP MP-table at [mem 0x0009fff0-0x0009ffff]
[    0.091922] check: Scanning 1 areas for low memory corruption
[    0.092154] RAMDISK: [mem 0x32271000-0x3512ffff]
[    0.092162] ACPI: Early table checksum verification disabled
[    0.092167] ACPI: RSDP 0x00000000000E0000 000024 (v02 VBOX  )
[    0.092171] ACPI: XSDT 0x000000007FFF0030 00003C (v01 VBOX   VBOXXSDT 00000001 ASL  00000061)
[    0.092178] ACPI: FACP 0x000000007FFF00F0 0000F4 (v04 VBOX   VBOXFACP 00000001 ASL  00000061)
[    0.092184] ACPI: DSDT 0x000000007FFF02E0 002353 (v02 VBOX   VBOXBIOS 00000002 VBOX 00029BF3)
[    0.092189] ACPI: FACS 0x000000007FFF0200 000040
[    0.092192] ACPI: FACS 0x000000007FFF0200 000040
[    0.092195] ACPI: APIC 0x000000007FFF0240 000054 (v02 VBOX   VBOXAPIC 00000001 ASL  00000061)
[    0.092199] ACPI: SSDT 0x000000007FFF02A0 000038 (v01 VBOX   VBOXCPUT 00000002 VBOX 00029BF3)
[    0.092202] ACPI: Reserving FACP table memory at [mem 0x7fff00f0-0x7fff01e3]
[    0.092203] ACPI: Reserving DSDT table memory at [mem 0x7fff02e0-0x7fff2632]
[    0.092203] ACPI: Reserving FACS table memory at [mem 0x7fff0200-0x7fff023f]
[    0.092204] ACPI: Reserving FACS table memory at [mem 0x7fff0200-0x7fff023f]
[    0.092205] ACPI: Reserving APIC table memory at [mem 0x7fff0240-0x7fff0293]
[    0.092205] ACPI: Reserving SSDT table memory at [mem 0x7fff02a0-0x7fff02d7]
[    0.092219] ACPI: Local APIC address 0xfee00000
[    0.092399] No NUMA configuration found
[    0.092400] Faking a node at [mem 0x0000000000000000-0x000000007ffeffff]
[    0.092410] NODE_DATA(0) allocated [mem 0x7ffc5000-0x7ffeffff]
[    0.092672] Zone ranges:
[    0.092673]   DMA      [mem 0x0000000000001000-0x0000000000ffffff]
[    0.092674]   DMA32    [mem 0x0000000001000000-0x000000007ffeffff]
[    0.092675]   Normal   empty
[    0.092676]   Device   empty
[    0.092676] Movable zone start for each node
[    0.092678] Early memory node ranges
[    0.092679]   node   0: [mem 0x0000000000001000-0x000000000009efff]
[    0.092680]   node   0: [mem 0x0000000000100000-0x000000007ffeffff]
[    0.092683] Zeroed struct page in unavailable ranges: 114 pages
[    0.092684] Initmem setup node 0 [mem 0x0000000000001000-0x000000007ffeffff]
[    0.092685] On node 0 totalpages: 524174
[    0.092686]   DMA zone: 64 pages used for memmap
[    0.092687]   DMA zone: 21 pages reserved
[    0.092688]   DMA zone: 3998 pages, LIFO batch:0
[    0.092759]   DMA32 zone: 8128 pages used for memmap
[    0.092760]   DMA32 zone: 520176 pages, LIFO batch:63
[    0.101880] ACPI: PM-Timer IO Port: 0x4008
[    0.101883] ACPI: Local APIC address 0xfee00000
[    0.101950] IOAPIC[0]: apic_id 1, version 32, address 0xfec00000, GSI 0-23
[    0.101953] ACPI: INT_SRC_OVR (bus 0 bus_irq 0 global_irq 2 dfl dfl)
[    0.101955] ACPI: INT_SRC_OVR (bus 0 bus_irq 9 global_irq 9 low level)
[    0.101957] ACPI: IRQ0 used by override.
[    0.101958] ACPI: IRQ9 used by override.
[    0.101961] Using ACPI (MADT) for SMP configuration information
[    0.101967] smpboot: Allowing 1 CPUs, 0 hotplug CPUs
[    0.101989] PM: Registered nosave memory: [mem 0x00000000-0x00000fff]
[    0.101990] PM: Registered nosave memory: [mem 0x0009f000-0x0009ffff]
[    0.101991] PM: Registered nosave memory: [mem 0x000a0000-0x000effff]
[    0.101991] PM: Registered nosave memory: [mem 0x000f0000-0x000fffff]
[    0.101993] [mem 0x80000000-0xfebfffff] available for PCI devices
[    0.101994] Booting paravirtualized kernel on KVM
[    0.101997] clocksource: refined-jiffies: mask: 0xffffffff max_cycles: 0xffffffff, max_idle_ns: 7645519600211568 ns
[    0.102001] setup_percpu: NR_CPUS:8192 nr_cpumask_bits:1 nr_cpu_ids:1 nr_node_ids:1
[    0.102856] percpu: Embedded 60 pages/cpu s208896 r8192 d28672 u2097152
[    0.102861] pcpu-alloc: s208896 r8192 d28672 u2097152 alloc=1*2097152
[    0.102862] pcpu-alloc: [0] 0 
[    0.102887] Built 1 zonelists, mobility grouping on.  Total pages: 515961
[    0.102888] Policy zone: DMA32
[    0.102889] Kernel command line: BOOT_IMAGE=/boot/vmlinuz-5.4.243-mptcp root=UUID=98415a12-53b7-4144-8265-0f7ece09e445 ro quiet splash
[    0.103727] Dentry cache hash table entries: 262144 (order: 9, 2097152 bytes, linear)
[    0.103888] Inode-cache hash table entries: 131072 (order: 8, 1048576 bytes, linear)
[    0.103936] mem auto-init: stack:off, heap alloc:on, heap free:off
[    0.103939] Calgary: detecting Calgary via BIOS EBDA area
[    0.103940] Calgary: Unable to locate Rio Grande table in EBDA - bailing!
[    0.108068] Memory: 1967332K/2096696K available (14339K kernel code, 2398K rwdata, 4712K rodata, 2728K init, 17260K bss, 129364K reserved, 0K cma-reserved)
[    0.109000] SLUB: HWalign=64, Order=0-3, MinObjects=0, CPUs=1, Nodes=1
[    0.109016] ftrace: allocating 43186 entries in 169 pages
[    0.127176] rcu: Hierarchical RCU implementation.
[    0.127178] rcu: 	RCU restricting CPUs from NR_CPUS=8192 to nr_cpu_ids=1.
[    0.127179] 	Tasks RCU enabled.
[    0.127180] rcu: RCU calculated value of scheduler-enlistment delay is 25 jiffies.
[    0.127181] rcu: Adjusting geometry for rcu_fanout_leaf=16, nr_cpu_ids=1
[    0.130195] NR_IRQS: 524544, nr_irqs: 256, preallocated irqs: 16
[    0.130408] random: crng init done
[    0.139754] Console: colour VGA+ 80x25
[    0.139757] printk: console [tty0] enabled
[    0.139778] ACPI: Core revision 20190816
[    0.139879] APIC: Switch to symmetric I/O mode setup
[    0.140128] x2apic enabled
[    0.140366] Switched APIC routing to physical x2apic.
[    0.141499] ..TIMER: vector=0x30 apic1=0 pin1=2 apic2=-1 pin2=-1
[    0.141523] clocksource: tsc-early: mask: 0xffffffffffffffff max_cycles: 0x1e4530a99b6, max_idle_ns: 440795257976 ns
[    0.141528] Calibrating delay loop (skipped) preset value.. 4200.00 BogoMIPS (lpj=8400000)
[    0.141531] pid_max: default: 32768 minimum: 301
[    0.141558] LSM: Security Framework initializing
[    0.141567] Yama: becoming mindful.
[    0.141592] AppArmor: AppArmor initialized
[    0.141626] Mount-cache hash table entries: 4096 (order: 3, 32768 bytes, linear)
[    0.141630] Mountpoint-cache hash table entries: 4096 (order: 3, 32768 bytes, linear)
[    0.141640] *** VALIDATE tmpfs ***
[    0.141770] *** VALIDATE proc ***
[    0.141811] *** VALIDATE cgroup1 ***
[    0.141812] *** VALIDATE cgroup2 ***
[    0.141950] process: using mwait in idle threads
[    0.141955] Last level iTLB entries: 4KB 64, 2MB 8, 4MB 8
[    0.141956] Last level dTLB entries: 4KB 64, 2MB 0, 4MB 0, 1GB 4
[    0.141976] Spectre V1 : Mitigation: usercopy/swapgs barriers and __user pointer sanitization
[    0.141981] Spectre V2 : Mitigation: Retpolines
[    0.141982] Spectre V2 : Spectre v2 / SpectreRSB mitigation: Filling RSB on context switch
[    0.141983] Spectre V2 : Spectre v2 / SpectreRSB : Filling RSB on VMEXIT
[    0.141983] RETBleed: WARNING: Spectre v2 mitigation leaves CPU vulnerable to RETBleed attacks, data leaks possible!
[    0.142334] RETBleed: Vulnerable
[    0.142335] Speculative Store Bypass: Vulnerable
[    0.142340] TAA: Mitigation: TSX disabled
[    0.142340] MMIO Stale Data: Mitigation: Clear CPU buffers
[    0.146552] Freeing SMP alternatives memory: 40K
[    0.258709] smpboot: CPU0: Intel(R) Xeon(R) Silver 4216 CPU @ 2.10GHz (family: 0x6, model: 0x55, stepping: 0x7)
[    0.258825] Performance Events: unsupported p6 CPU model 85 no PMU driver, software events only.
[    0.258859] rcu: Hierarchical SRCU implementation.
[    0.259333] NMI watchdog: Perf NMI watchdog permanently disabled
[    0.259370] smp: Bringing up secondary CPUs ...
[    0.259371] smp: Brought up 1 node, 1 CPU
[    0.259372] smpboot: Max logical packages: 1
[    0.259373] smpboot: Total of 1 processors activated (4200.00 BogoMIPS)
[    0.260329] devtmpfs: initialized
[    0.260375] x86/mm: Memory block size: 128MB
[    0.260715] clocksource: jiffies: mask: 0xffffffff max_cycles: 0xffffffff, max_idle_ns: 7645041785100000 ns
[    0.260721] futex hash table entries: 256 (order: 2, 16384 bytes, linear)
[    0.260762] pinctrl core: initialized pinctrl subsystem
[    0.260860] PM: RTC time: 10:56:32, date: 2026-01-18
[    0.260960] NET: Registered protocol family 16
[    0.261032] audit: initializing netlink subsys (disabled)
[    0.261156] EISA bus registered
[    0.261158] cpuidle: using governor ladder
[    0.261158] cpuidle: using governor menu
[    0.261194] ACPI: bus type PCI registered
[    0.261195] acpiphp: ACPI Hot Plug PCI Controller Driver version: 0.5
[    0.261300] PCI: Using configuration type 1 for base access
[    0.261525] audit: type=2000 audit(1768704997.963:1): state=initialized audit_enabled=0 res=1
[    0.261525] HugeTLB registered 2.00 MiB page size, pre-allocated 0 pages
[    0.261525] ACPI: Added _OSI(Module Device)
[    0.261525] ACPI: Added _OSI(Processor Device)
[    0.261525] ACPI: Added _OSI(3.0 _SCP Extensions)
[    0.261525] ACPI: Added _OSI(Processor Aggregator Device)
[    0.261525] ACPI: Added _OSI(Linux-Dell-Video)
[    0.261525] ACPI: Added _OSI(Linux-Lenovo-NV-HDMI-Audio)
[    0.261525] ACPI: Added _OSI(Linux-HPI-Hybrid-Graphics)
[    0.262222] ACPI: 2 ACPI AML tables successfully acquired and loaded
[    0.266815] ACPI: Interpreter enabled
[    0.266824] ACPI: (supports S0 S5)
[    0.266825] ACPI: Using IOAPIC for interrupt routing
[    0.267042] PCI: Using host bridge windows from ACPI; if necessary, use "pci=nocrs" and report a bug
[    0.267160] ACPI: Enabled 2 GPEs in block 00 to 07
[    0.272400] ACPI: PCI Root Bridge [PCI0] (domain 0000 [bus 00-ff])
[    0.272406] acpi PNP0A03:00: _OSC: OS supports [ASPM ClockPM Segments MSI HPX-Type3]
[    0.272898] acpi PNP0A03:00: _OSC: not requesting OS control; OS requires [ExtendedConfig ASPM ClockPM MSI]
[    0.272907] acpi PNP0A03:00: fail to add MMCONFIG information, can't access extended PCI configuration space under this bridge.
[    0.273320] PCI host bridge to bus 0000:00
[    0.273323] pci_bus 0000:00: root bus resource [io  0x0000-0x0cf7 window]
[    0.273324] pci_bus 0000:00: root bus resource [io  0x0d00-0xffff window]
[    0.273326] pci_bus 0000:00: root bus resource [mem 0x000a0000-0x000bffff window]
[    0.273328] pci_bus 0000:00: root bus resource [mem 0x80000000-0xfdffffff window]
[    0.273330] pci_bus 0000:00: root bus resource [bus 00-ff]
[    0.273375] pci 0000:00:00.0: [8086:1237] type 00 class 0x060000
[    0.274473] pci 0000:00:01.0: [8086:7000] type 00 class 0x060100
[    0.275316] pci 0000:00:01.1: [8086:7111] type 00 class 0x01018a
[    0.275750] pci 0000:00:01.1: reg 0x20: [io  0xd000-0xd00f]
[    0.275912] pci 0000:00:01.1: legacy IDE quirk: reg 0x10: [io  0x01f0-0x01f7]
[    0.275913] pci 0000:00:01.1: legacy IDE quirk: reg 0x14: [io  0x03f6]
[    0.275914] pci 0000:00:01.1: legacy IDE quirk: reg 0x18: [io  0x0170-0x0177]
[    0.275915] pci 0000:00:01.1: legacy IDE quirk: reg 0x1c: [io  0x0376]
[    0.276518] pci 0000:00:02.0: [15ad:0405] type 00 class 0x030000
[    0.279460] pci 0000:00:02.0: reg 0x10: [io  0xd010-0xd01f]
[    0.281574] pci 0000:00:02.0: reg 0x14: [mem 0xe0000000-0xe7ffffff pref]
[    0.284345] pci 0000:00:02.0: reg 0x18: [mem 0xf0000000-0xf01fffff]
[    0.293939] pci 0000:00:03.0: [1022:2000] type 00 class 0x020000
[    0.294615] pci 0000:00:03.0: reg 0x10: [io  0xd020-0xd03f]
[    0.297641] pci 0000:00:03.0: reg 0x14: [mem 0xf0200000-0xf0200fff]
[    0.301962] pci 0000:00:04.0: [80ee:cafe] type 00 class 0x088000
[    0.302635] pci 0000:00:04.0: reg 0x10: [io  0xd040-0xd05f]
[    0.303246] pci 0000:00:04.0: reg 0x14: [mem 0xf0400000-0xf07fffff]
[    0.303854] pci 0000:00:04.0: reg 0x18: [mem 0xf0800000-0xf0803fff pref]
[    0.307418] pci 0000:00:07.0: [8086:7113] type 00 class 0x068000
[    0.307834] pci 0000:00:07.0: quirk: [io  0x4000-0x403f] claimed by PIIX4 ACPI
[    0.307843] pci 0000:00:07.0: quirk: [io  0x4100-0x410f] claimed by PIIX4 SMB
[    0.308446] pci 0000:00:08.0: [8086:100e] type 00 class 0x020000
[    0.309155] pci 0000:00:08.0: reg 0x10: [mem 0xf0820000-0xf083ffff]
[    0.310202] pci 0000:00:08.0: reg 0x18: [io  0xd060-0xd067]
[    0.313592] pci 0000:00:09.0: [8086:100e] type 00 class 0x020000
[    0.314294] pci 0000:00:09.0: reg 0x10: [mem 0xf0840000-0xf085ffff]
[    0.315445] pci 0000:00:09.0: reg 0x18: [io  0xd068-0xd06f]
[    0.326218] ACPI: PCI Interrupt Link [LNKA] (IRQs 5 9 10 *11)
[    0.326500] ACPI: PCI Interrupt Link [LNKB] (IRQs 5 9 *10 11)
[    0.326604] ACPI: PCI Interrupt Link [LNKC] (IRQs 5 *9 10 11)
[    0.326705] ACPI: PCI Interrupt Link [LNKD] (IRQs 5 9 10 *11)
[    0.326946] iommu: Default domain type: Translated 
[    0.327004] pci 0000:00:02.0: vgaarb: setting as boot VGA device
[    0.327006] pci 0000:00:02.0: vgaarb: VGA device added: decodes=io+mem,owns=io+mem,locks=none
[    0.327008] pci 0000:00:02.0: vgaarb: bridge control possible
[    0.327008] vgaarb: loaded
[    0.327210] SCSI subsystem initialized
[    0.327240] libata version 3.00 loaded.
[    0.327265] ACPI: bus type USB registered
[    0.327279] usbcore: registered new interface driver usbfs
[    0.327285] usbcore: registered new interface driver hub
[    0.327290] usbcore: registered new device driver usb
[    0.327319] pps_core: LinuxPPS API ver. 1 registered
[    0.327319] pps_core: Software ver. 5.3.6 - Copyright 2005-2007 Rodolfo Giometti <giometti@linux.it>
[    0.327322] PTP clock support registered
[    0.327357] EDAC MC: Ver: 3.0.0
[    0.327638] PCI: Using ACPI for IRQ routing
[    0.327639] PCI: pci_cache_line_size set to 64 bytes
[    0.327808] e820: reserve RAM buffer [mem 0x0009fc00-0x0009ffff]
[    0.327812] e820: reserve RAM buffer [mem 0x7fff0000-0x7fffffff]
[    0.328617] NetLabel: Initializing
[    0.328618] NetLabel:  domain hash size = 128
[    0.328618] NetLabel:  protocols = UNLABELED CIPSOv4 CALIPSO
[    0.328637] NetLabel:  unlabeled traffic allowed by default
[    0.329525] clocksource: Switched to clocksource kvm-clock
[    0.339842] *** VALIDATE bpf ***
[    0.339898] VFS: Disk quotas dquot_6.6.0
[    0.339910] VFS: Dquot-cache hash table entries: 512 (order 0, 4096 bytes)
[    0.339931] *** VALIDATE ramfs ***
[    0.339935] *** VALIDATE hugetlbfs ***
[    0.340011] AppArmor: AppArmor Filesystem Enabled
[    0.340033] pnp: PnP ACPI init
[    0.340091] pnp 00:00: Plug and Play ACPI device, IDs PNP0303 (active)
[    0.340156] pnp 00:01: Plug and Play ACPI device, IDs PNP0f03 (active)
[    0.340899] pnp: PnP ACPI: found 2 devices
[    0.341853] thermal_sys: Registered thermal governor 'fair_share'
[    0.341854] thermal_sys: Registered thermal governor 'bang_bang'
[    0.341854] thermal_sys: Registered thermal governor 'step_wise'
[    0.341855] thermal_sys: Registered thermal governor 'user_space'
[    0.341856] thermal_sys: Registered thermal governor 'power_allocator'
[    0.346386] clocksource: acpi_pm: mask: 0xffffff max_cycles: 0xffffff, max_idle_ns: 2085701024 ns
[    0.346426] pci_bus 0000:00: resource 4 [io  0x0000-0x0cf7 window]
[    0.346427] pci_bus 0000:00: resource 5 [io  0x0d00-0xffff window]
[    0.346429] pci_bus 0000:00: resource 6 [mem 0x000a0000-0x000bffff window]
[    0.346430] pci_bus 0000:00: resource 7 [mem 0x80000000-0xfdffffff window]
[    0.346486] NET: Registered protocol family 2
[    0.346559] IP idents hash table entries: 32768 (order: 6, 262144 bytes, linear)
[    0.346958] MPTCP tokens hash table entries: 8192 (order: 4, 65536 bytes, linear)
[    0.346977] MPTCP request tokens hash table entries: 8192 (order: 4, 65536 bytes, linear)
[    0.347003] default registered
[    0.347003] default registered
[    0.347004] MPTCP: Stable release v0.96
[    0.347009] tcp_listen_portaddr_hash hash table entries: 1024 (order: 2, 16384 bytes, linear)
[    0.347085] TCP established hash table entries: 16384 (order: 5, 131072 bytes, linear)
[    0.347149] TCP bind hash table entries: 16384 (order: 6, 262144 bytes, linear)
[    0.347175] TCP: Hash tables configured (established 16384 bind 16384)
[    0.347892] UDP hash table entries: 1024 (order: 3, 32768 bytes, linear)
[    0.347904] UDP-Lite hash table entries: 1024 (order: 3, 32768 bytes, linear)
[    0.347938] NET: Registered protocol family 1
[    0.347947] NET: Registered protocol family 44
[    0.347966] pci 0000:00:00.0: Limiting direct PCI/PCI transfers
[    0.347978] pci 0000:00:01.0: Activating ISA DMA hang workarounds
[    0.348036] pci 0000:00:02.0: Video device with shadowed ROM at [mem 0x000c0000-0x000dffff]
[    0.348100] PCI: CLS 0 bytes, default 64
[    0.348147] Trying to unpack rootfs image as initramfs...
[    0.520691] Freeing initrd memory: 47868K
[    0.520691] clocksource: tsc: mask: 0xffffffffffffffff max_cycles: 0x1e4530a99b6, max_idle_ns: 440795257976 ns
[    0.520691] clocksource: Switched to clocksource tsc
[    0.520691] platform rtc_cmos: registered platform RTC device (no PNP device found)
[    0.520691] check: Scanning for low memory corruption every 60 seconds
[    0.520691] Initialise system trusted keyrings
[    0.520691] Key type blacklist registered
[    0.520691] workingset: timestamp_bits=36 max_order=19 bucket_order=0
[    0.520691] zbud: loaded
[    0.520691] squashfs: version 4.0 (2009/01/31) Phillip Lougher
[    0.520691] fuse: init (API version 7.31)
[    0.520691] *** VALIDATE fuse ***
[    0.520691] *** VALIDATE fuse ***
[    0.520691] Platform Keyring initialized
[    0.520691] Key type asymmetric registered
[    0.520691] Asymmetric key parser 'x509' registered
[    0.520691] Block layer SCSI generic (bsg) driver version 0.4 loaded (major 244)
[    0.520691] io scheduler mq-deadline registered
[    0.520691] shpchp: Standard Hot Plug PCI Controller Driver version: 0.4
[    0.527195] ACPI: AC Adapter [AC] (on-line)
[    0.527240] input: Power Button as /devices/LNXSYSTM:00/LNXPWRBN:00/input/input0
[    0.527267] ACPI: Power Button [PWRF]
[    0.527374] input: Sleep Button as /devices/LNXSYSTM:00/LNXSLPBN:00/input/input1
[    0.527389] ACPI: Sleep Button [SLPF]
[    0.527619] Serial: 8250/16550 driver, 32 ports, IRQ sharing enabled
[    0.528761] Linux agpgart interface v0.103
[    0.623158] loop: module loaded
[    0.623286] ata_piix 0000:00:01.1: version 2.13
[    0.623671] scsi host0: ata_piix
[    0.623757] scsi host1: ata_piix
[    0.623784] ata1: PATA max UDMA/33 cmd 0x1f0 ctl 0x3f6 bmdma 0xd000 irq 14
[    0.623785] ata2: PATA max UDMA/33 cmd 0x170 ctl 0x376 bmdma 0xd008 irq 15
[    0.623866] tun: Universal TUN/TAP device driver, 1.6
[    0.624165] PPP generic driver version 2.4.2
[    0.624206] VFIO - User Level meta-driver version: 0.3
[    0.624433] ehci_hcd: USB 2.0 'Enhanced' Host Controller (EHCI) Driver
[    0.624438] ehci-pci: EHCI PCI platform driver
[    0.624450] ehci-platform: EHCI generic platform driver
[    0.624455] ohci_hcd: USB 1.1 'Open' Host Controller (OHCI) Driver
[    0.624457] ohci-pci: OHCI PCI platform driver
[    0.624464] ohci-platform: OHCI generic platform driver
[    0.624468] uhci_hcd: USB Universal Host Controller Interface driver
[    0.624528] i8042: PNP: PS/2 Controller [PNP0303:PS2K,PNP0f03:PS2M] at 0x60,0x64 irq 1,12
[    0.624973] serio: i8042 KBD port at 0x60,0x64 irq 1
[    0.624977] serio: i8042 AUX port at 0x60,0x64 irq 12
[    0.625060] mousedev: PS/2 mouse device common for all mice
[    0.625301] input: AT Translated Set 2 keyboard as /devices/platform/i8042/serio0/input/input2
[    0.625690] rtc_cmos rtc_cmos: registered as rtc0
[    0.625703] rtc_cmos rtc_cmos: alarms up to one day, 114 bytes nvram
[    0.625708] i2c /dev entries driver
[    0.625748] device-mapper: uevent: version 1.0.3
[    0.625789] device-mapper: ioctl: 4.41.0-ioctl (2019-09-16) initialised: dm-devel@redhat.com
[    0.625804] platform eisa.0: Probing EISA bus 0
[    0.625805] platform eisa.0: EISA: Cannot allocate resource for mainboard
[    0.625807] platform eisa.0: Cannot allocate resource for EISA slot 1
[    0.625808] platform eisa.0: Cannot allocate resource for EISA slot 2
[    0.625809] platform eisa.0: Cannot allocate resource for EISA slot 3
[    0.625810] platform eisa.0: Cannot allocate resource for EISA slot 4
[    0.625811] platform eisa.0: Cannot allocate resource for EISA slot 5
[    0.625812] platform eisa.0: Cannot allocate resource for EISA slot 6
[    0.625813] platform eisa.0: Cannot allocate resource for EISA slot 7
[    0.625814] platform eisa.0: Cannot allocate resource for EISA slot 8
[    0.625816] platform eisa.0: EISA: Detected 0 cards
[    0.625819] intel_pstate: CPU model not supported
[    0.625828] ledtrig-cpu: registered to indicate activity on CPUs
[    0.625879] drop_monitor: Initializing network drop monitor service
[    0.626039] NET: Registered protocol family 10
[    0.631156] Segment Routing with IPv6
[    0.631186] fullmesh registered
[    0.631187] ndiffports registered
[    0.631189] binder registered
[    0.631190] roundrobin registered
[    0.631191] redundant registered
[    0.631191] blest registered
[    0.631192] ecf registered
[    0.631193] NET: Registered protocol family 17
[    0.631223] Key type dns_resolver registered
[    0.631268] RAS: Correctable Errors collector initialized.
[    0.631268] IPI shorthand broadcast: enabled
[    0.631268] sched_clock: Marking stable (616141253, 11127179)->(630389112, -3120680)
[    0.631391] registered taskstats version 1
[    0.631399] Loading compiled-in X.509 certificates
[    0.631998] Loaded X.509 cert 'Build time autogenerated kernel key: 6909f3744cebb3d0de528d5887b96a727de79b1e'
[    0.632015] zswap: loaded using pool lzo/zbud
[    0.632068] Key type ._fscrypt registered
[    0.632069] Key type .fscrypt registered
[    0.636573] Key type big_key registered
[    0.638797] Key type encrypted registered
[    0.638800] AppArmor: AppArmor sha1 policy hashing enabled
[    0.638807] ima: No TPM chip found, activating TPM-bypass!
[    0.638812] ima: Allocated hash algorithm: sha1
[    0.638817] ima: No architecture policies found
[    0.638826] evm: Initialising EVM extended attributes:
[    0.638827] evm: security.selinux
[    0.638827] evm: security.SMACK64
[    0.638828] evm: security.SMACK64EXEC
[    0.638828] evm: security.SMACK64TRANSMUTE
[    0.638829] evm: security.SMACK64MMAP
[    0.638829] evm: security.apparmor
[    0.638830] evm: security.ima
[    0.638830] evm: security.capability
[    0.638831] evm: HMAC attrs: 0x1
[    0.639115] PM:   Magic number: 10:272:932
[    0.639222] rtc_cmos rtc_cmos: setting system clock to 2026-01-18T10:56:32 UTC (1768733792)
[    0.796357] ata1.00: ATA-6: VBOX HARDDISK, 1.0, max UDMA/133
[    0.796360] ata1.00: 209715200 sectors, multi 128: LBA 
[    0.797038] scsi 0:0:0:0: Direct-Access     ATA      VBOX HARDDISK    1.0  PQ: 0 ANSI: 5
[    0.797316] sd 0:0:0:0: [sda] 209715200 512-byte logical blocks: (107 GB/100 GiB)
[    0.797329] sd 0:0:0:0: [sda] Write Protect is off
[    0.797332] sd 0:0:0:0: [sda] Mode Sense: 00 3a 00 00
[    0.797353] sd 0:0:0:0: [sda] Write cache: enabled, read cache: enabled, doesn't support DPO or FUA
[    0.797579] sd 0:0:0:0: Attached scsi generic sg0 type 0
[    0.798561]  sda: sda1 sda2
[    0.807447] sd 0:0:0:0: [sda] Attached SCSI disk
[    0.812830] Freeing unused decrypted memory: 2040K
[    0.814189] Freeing unused kernel image memory: 2728K
[    0.814194] Write protecting the kernel read-only data: 22528k
[    0.815691] Freeing unused kernel image memory: 2036K
[    0.816488] Freeing unused kernel image memory: 1432K
[    0.852456] x86/mm: Checked W+X mappings: passed, no W+X pages found.
[    0.852460] Run /init as init process
[    0.958934] ACPI: Video Device [GFX0] (multi-head: yes  rom: no  post: no)
[    0.959003] input: Video Bus as /devices/LNXSYSTM:00/LNXSYBUS:00/PNP0A03:00/LNXVIDEO:00/input/input4
[    0.973807] piix4_smbus 0000:00:07.0: SMBus Host Controller at 0x4100, revision 0
[    0.976464] e1000: Intel(R) PRO/1000 Network Driver - version 7.3.21-k8-NAPI
[    0.976464] e1000: Copyright (c) 1999-2006 Intel Corporation.
[    0.978160] pcnet32: pcnet32.c:v1.35 21.Apr.2008 tsbogend@alpha.franken.de
[    0.978820] pcnet32: PCnet/FAST III 79C973 at 0xd020, 08:00:27:14:8b:51 assigned IRQ 19
[    0.978864] pcnet32: Found PHY 0022:561b at address 0
[    0.979159] pcnet32: eth0: registered as PCnet/FAST III 79C973
[    0.997871] pcnet32: 1 cards_found
[    1.047482] pcnet32 0000:00:03.0 enp0s3: renamed from eth0
[    1.196477] input: ImExPS/2 Generic Explorer Mouse as /devices/platform/i8042/serio1/input/input5
[    1.383666] e1000 0000:00:08.0 eth0: (PCI:33MHz:32-bit) 08:00:27:f8:ef:b9
[    1.383670] e1000 0000:00:08.0 eth0: Intel(R) PRO/1000 Network Connection
[    1.755546] e1000 0000:00:09.0 eth1: (PCI:33MHz:32-bit) 08:00:27:85:20:05
[    1.755548] e1000 0000:00:09.0 eth1: Intel(R) PRO/1000 Network Connection
[    1.756713] e1000 0000:00:08.0 enp0s8: renamed from eth0
[    1.758509] e1000 0000:00:09.0 enp0s9: renamed from eth1
[    1.900019] EXT4-fs (sda2): mounted filesystem with ordered data mode. Opts: (null)
[    1.982200] systemd[1]: Inserted module 'autofs4'
[    1.991805] systemd[1]: systemd 245.4-4ubuntu3 running in system mode. (+PAM +AUDIT +SELINUX +IMA +APPARMOR +SMACK +SYSVINIT +UTMP +LIBCRYPTSETUP +GCRYPT +GNUTLS +ACL +XZ +LZ4 +SECCOMP +BLKID +ELFUTILS +KMOD +IDN2 -IDN +PCRE2 default-hierarchy=hybrid)
[    1.991835] systemd[1]: Detected virtualization oracle.
[    1.991838] systemd[1]: Detected architecture x86-64.
[    1.993132] systemd[1]: Set hostname to <ztg>.
[    2.116230] systemd[1]: /lib/systemd/system/dbus.socket:5: ListenStream= references a path below legacy directory /var/run/, updating /var/run/dbus/system_bus_socket â†’ /run/dbus/system_bus_socket; please update the unit file accordingly.
[    2.166643] systemd[1]: Created slice system-modprobe.slice.
[    2.166823] systemd[1]: Created slice User and Session Slice.
[    2.166868] systemd[1]: Started Forward Password Requests to Wall Directory Watch.
[    2.167026] systemd[1]: Set up automount Arbitrary Executable File Formats File System Automount Point.
[    2.167060] systemd[1]: Reached target User and Group Name Lookups.
[    2.167068] systemd[1]: Reached target Remote File Systems.
[    2.167076] systemd[1]: Reached target Slices.
[    2.167765] systemd[1]: Listening on Syslog Socket.
[    2.167834] systemd[1]: Listening on fsck to fsckd communication Socket.
[    2.167871] systemd[1]: Listening on initctl Compatibility Named Pipe.
[    2.167999] systemd[1]: Listening on Journal Audit Socket.
[    2.168053] systemd[1]: Listening on Journal Socket (/dev/log).
[    2.168119] systemd[1]: Listening on Journal Socket.
[    2.168181] systemd[1]: Listening on udev Control Socket.
[    2.168221] systemd[1]: Listening on udev Kernel Socket.
[    2.168941] systemd[1]: Mounting Huge Pages File System...
[    2.169836] systemd[1]: Mounting POSIX Message Queue File System...
[    2.170681] systemd[1]: Mounting Kernel Debug File System...
[    2.171594] systemd[1]: Mounting Kernel Trace File System...
[    2.173524] systemd[1]: Starting Journal Service...
[    2.199135] systemd[1]: Starting Set the console keyboard layout...
[    2.206860] systemd[1]: Starting Create list of static device nodes for the current kernel...
[    2.208683] systemd[1]: Starting Load Kernel Module drm...
[    2.209649] systemd[1]: Condition check resulted in Set Up Additional Binary Formats being skipped.
[    2.209724] systemd[1]: Condition check resulted in File System Check on Root Device being skipped.
[    2.220483] systemd[1]: Starting Load Kernel Modules...
[    2.229858] systemd[1]: Starting Remount Root and Kernel File Systems...
[    2.240288] systemd[1]: Starting udev Coldplug all Devices...
[    2.249563] systemd[1]: Starting Uncomplicated firewall...
[    2.251120] systemd[1]: Mounted Huge Pages File System.
[    2.251206] systemd[1]: Mounted POSIX Message Queue File System.
[    2.251280] systemd[1]: Mounted Kernel Debug File System.
[    2.251346] systemd[1]: Mounted Kernel Trace File System.
[    2.252184] EXT4-fs (sda2): re-mounted. Opts: errors=remount-ro
[    2.276209] systemd[1]: Finished Create list of static device nodes for the current kernel.
[    2.277269] systemd[1]: modprobe@drm.service: Succeeded.
[    2.283075] systemd[1]: Finished Load Kernel Module drm.
[    2.283861] systemd[1]: Finished Remount Root and Kernel File Systems.
[    2.302355] systemd[1]: Finished Uncomplicated firewall.
[    2.317735] systemd[1]: Condition check resulted in Rebuild Hardware Database being skipped.
[    2.317774] systemd[1]: Condition check resulted in Platform Persistent Storage Archival being skipped.
[    2.319534] lp: driver loaded but no devices found
[    2.321861] systemd[1]: Starting Load/Save Random Seed...
[    2.328597] systemd[1]: Starting Create System Users...
[    2.334198] ppdev: user-space parallel port driver
[    2.341652] systemd[1]: Finished Load/Save Random Seed.
[    2.346509] systemd[1]: Finished Create System Users.
[    2.347432] systemd[1]: Starting Create Static Device Nodes in /dev...
[    2.362490] systemd[1]: Finished Create Static Device Nodes in /dev.
[    2.363305] systemd[1]: Starting udev Kernel Device Manager...
[    2.394194] systemd[1]: Finished udev Coldplug all Devices.
[    2.414437] [drm] DMA map mode: Caching DMA mappings.
[    2.414499] [drm] Capabilities:
[    2.414500] [drm]   Rect copy.
[    2.414500] [drm]   Cursor.
[    2.414500] [drm]   Cursor bypass.
[    2.414501] [drm]   Cursor bypass 2.
[    2.414501] [drm]   Alpha cursor.
[    2.414501] [drm]   Extended Fifo.
[    2.414502] [drm]   Pitchlock.
[    2.414502] [drm]   Irq mask.
[    2.414502] [drm]   GMR.
[    2.414503] [drm]   Traces.
[    2.414503] [drm]   GMR2.
[    2.414503] [drm]   Screen Object 2.
[    2.414504] [drm]   Command Buffers.
[    2.414504] [drm]   Command Buffers 2.
[    2.414505] [drm]   Guest Backed Resources.
[    2.414506] [drm] Max GMR ids is 8192
[    2.414506] [drm] Max number of GMR pages is 1048576
[    2.414507] [drm] Max dedicated hypervisor surface memory is 393216 kiB
[    2.414507] [drm] Maximum display memory size is 131072 kiB
[    2.414508] [drm] VRAM at 0xe0000000 size is 131072 kiB
[    2.414509] [drm] MMIO at 0xf0000000 size is 2048 kiB
[    2.415100] [TTM] Zone  kernel: Available graphics memory: 1011738 KiB
[    2.415101] [TTM] Initializing pool allocator
[    2.415104] [TTM] Initializing DMA pool allocator
[    2.415134] [drm] Supports vblank timestamp caching Rev 2 (21.10.2013).
[    2.415134] [drm] No driver support for vblank timestamp query.
[    2.416544] [drm] Screen Target Display device initialized
[    2.416778] [drm] width 720
[    2.416790] [drm] height 400
[    2.416794] [drm] bpp 32
[    2.417081] [drm] Fifo max 0x00200000 min 0x00001000 cap 0x00000355
[    2.418160] [drm] Using command buffers with DMA pool.
[    2.418164] [drm] DX: no.
[    2.418165] [drm] Atomic: yes.
[    2.418165] [drm] SM4_1: no.
[    2.418188] [drm:vmw_host_log [vmwgfx]] *ERROR* Failed to send host log message.
[    2.419110] [drm:vmw_host_log [vmwgfx]] *ERROR* Failed to send host log message.
[    2.435818] fbcon: svgadrmfb (fb0) is primary device
[    2.437853] Console: switching to colour frame buffer device 100x37
[    2.445239] [drm] Initialized vmwgfx 2.15.0 20180704 for 0000:00:02.0 on minor 0
[    2.446189] systemd[1]: Finished Load Kernel Modules.
[    2.447204] systemd[1]: Mounting FUSE Control File System...
[    2.448391] systemd[1]: Mounting Kernel Configuration File System...
[    2.467624] systemd[1]: Starting Apply Kernel Variables...
[    2.490542] systemd[1]: Mounted FUSE Control File System.
[    2.490615] systemd[1]: Condition check resulted in VMware vmblock fuse mount being skipped.
[    2.495690] systemd[1]: Mounted Kernel Configuration File System.
[    2.506223] systemd[1]: Finished Set the console keyboard layout.
[    2.506316] systemd[1]: Reached target Local File Systems (Pre).
[    2.509705] systemd[1]: Mounting Mount unit for bare, revision 5...
[    2.517678] systemd[1]: Mounting Mount unit for core18, revision 1705...
[    2.518828] systemd[1]: Mounting Mount unit for gnome-3-34-1804, revision 24...
[    2.519915] systemd[1]: Mounting Mount unit for gtk-common-themes, revision 1506...
[    2.523197] systemd[1]: Mounting Mount unit for gtk-common-themes, revision 1535...
[    2.561247] systemd[1]: Mounting Mount unit for snap-store, revision 433...
[    2.568489] systemd[1]: Mounting Mount unit for snapd, revision 7264...
[    2.580386] systemd[1]: Finished Apply Kernel Variables.
[    2.580526] systemd[1]: Mounted Mount unit for bare, revision 5.
[    2.584476] systemd[1]: Started udev Kernel Device Manager.
[    2.585154] systemd[1]: Starting Show Plymouth Boot Screen...
[    2.590164] systemd[1]: Received SIGRTMIN+20 from PID 275 (plymouthd).
[    2.614974] systemd[1]: Started Show Plymouth Boot Screen.
[    2.615118] systemd[1]: Condition check resulted in Dispatch Password Requests to Console Directory Watch being skipped.
[    2.615203] systemd[1]: Started Forward Password Requests to Plymouth Directory Watch.
[    2.615234] systemd[1]: Reached target Local Encrypted Volumes.
[    2.683268] systemd[1]: Mounted Mount unit for core18, revision 1705.
[    2.683549] systemd[1]: Mounted Mount unit for gtk-common-themes, revision 1506.
[    2.714045] systemd[1]: Mounted Mount unit for gnome-3-34-1804, revision 24.
[    2.718667] systemd[1]: Mounted Mount unit for gtk-common-themes, revision 1535.
[    2.751594] systemd[1]: Mounted Mount unit for snap-store, revision 433.
[    2.751854] systemd[1]: Mounted Mount unit for snapd, revision 7264.
[    2.752007] systemd[1]: Reached target Local File Systems.
[    2.754423] systemd[1]: Starting Load AppArmor profiles...
[    2.760058] systemd[1]: Starting Set console font and keymap...
[    2.769891] systemd[1]: Starting Tell Plymouth To Write Out Runtime Data...
[    2.775028] systemd[1]: Condition check resulted in Store a System Token in an EFI Variable being skipped.
[    2.775058] systemd[1]: Condition check resulted in Commit a transient machine-id on disk being skipped.
[    2.775992] systemd[1]: Finished Set console font and keymap.
[    2.781631] systemd[1]: Received SIGRTMIN+20 from PID 275 (plymouthd).
[    2.783009] systemd[1]: plymouth-read-write.service: Succeeded.
[    2.783306] systemd[1]: Finished Tell Plymouth To Write Out Runtime Data.
[    2.806034] audit: type=1400 audit(1768733794.660:2): apparmor="STATUS" operation="profile_load" profile="unconfined" name="nvidia_modprobe" pid=301 comm="apparmor_parser"
[    2.806036] audit: type=1400 audit(1768733794.660:3): apparmor="STATUS" operation="profile_load" profile="unconfined" name="nvidia_modprobe//kmod" pid=301 comm="apparmor_parser"
[    2.813838] audit: type=1400 audit(1768733794.668:4): apparmor="STATUS" operation="profile_load" profile="unconfined" name="/usr/sbin/tcpdump" pid=302 comm="apparmor_parser"
[    2.864987] audit: type=1400 audit(1768733794.712:5): apparmor="STATUS" operation="profile_load" profile="unconfined" name="/usr/bin/evince" pid=304 comm="apparmor_parser"
[    2.864990] audit: type=1400 audit(1768733794.712:6): apparmor="STATUS" operation="profile_load" profile="unconfined" name="/usr/bin/evince//sanitized_helper" pid=304 comm="apparmor_parser"
[    2.864991] audit: type=1400 audit(1768733794.712:7): apparmor="STATUS" operation="profile_load" profile="unconfined" name="/usr/bin/evince-previewer" pid=304 comm="apparmor_parser"
[    2.864993] audit: type=1400 audit(1768733794.712:8): apparmor="STATUS" operation="profile_load" profile="unconfined" name="/usr/bin/evince-previewer//sanitized_helper" pid=304 comm="apparmor_parser"
[    2.864994] audit: type=1400 audit(1768733794.712:9): apparmor="STATUS" operation="profile_load" profile="unconfined" name="/usr/bin/evince-thumbnailer" pid=304 comm="apparmor_parser"
[    2.879508] audit: type=1400 audit(1768733794.736:10): apparmor="STATUS" operation="profile_load" profile="unconfined" name="/usr/lib/cups/backend/cups-pdf" pid=305 comm="apparmor_parser"
[    2.960860] systemd[1]: Finished Load AppArmor profiles.
[    2.961777] systemd[1]: Starting Load AppArmor profiles managed internally by snapd...
[    3.024996] systemd[1]: Finished Load AppArmor profiles managed internally by snapd.
[    3.165241] systemd[1]: Started Journal Service.
[    3.172040] systemd-journald[229]: Received client request to flush runtime journal.
[    3.176633] systemd-journald[229]: File /var/log/journal/c455b248004a419c87ce85eea238d727/system.journal corrupted or uncleanly shut down, renaming and replacing.
[    4.522406] RAPL PMU: API unit is 2^-32 Joules, 0 fixed counters, 10737418240 ms ovfl timer
[    4.594720] cryptd: max_cpu_qlen set to 1000
[    4.645976] AVX2 version of gcm_enc/dec engaged.
[    4.645977] AES CTR mode by8 optimization enabled
[    5.411643] Adding 1998844k swap on /dev/sda1.  Priority:-2 extents:1 across:1998844k FS
[    7.025468] kauditd_printk_skb: 30 callbacks suppressed
[    7.025470] audit: type=1400 audit(1768733798.880:41): apparmor="DENIED" operation="capable" profile="/usr/sbin/cups-browsed" pid=498 comm="cups-browsed" capability=23  capname="sys_nice"
[    7.648275] pcnet32 0000:00:03.0 enp0s3: link up, 100Mbps, full-duplex
[    7.683434] e1000: enp0s8 NIC Link is Up 1000 Mbps Full Duplex, Flow Control: RX
[    7.683730] IPv6: ADDRCONF(NETDEV_CHANGE): enp0s8: link becomes ready
[    7.696215] e1000: enp0s9 NIC Link is Up 1000 Mbps Full Duplex, Flow Control: RX
[    7.696507] IPv6: ADDRCONF(NETDEV_CHANGE): enp0s9: link becomes ready
[    8.301783] device enp0s3 entered promiscuous mode
[    8.326440] audit: type=1400 audit(1768733800.184:42): apparmor="DENIED" operation="open" profile="/usr/sbin/tcpdump" name="/proc/sys/kernel/random/boot_id" pid=707 comm="tcpdump" requested_mask="r" denied_mask="r" fsuid=0 ouid=0
[    8.326654] audit: type=1400 audit(1768733800.184:43): apparmor="DENIED" operation="open" profile="/usr/sbin/tcpdump" name="/proc/sys/kernel/random/boot_id" pid=707 comm="tcpdump" requested_mask="r" denied_mask="r" fsuid=0 ouid=0
[    8.326706] audit: type=1400 audit(1768733800.184:44): apparmor="DENIED" operation="open" profile="/usr/sbin/tcpdump" name="/proc/sys/kernel/random/boot_id" pid=707 comm="tcpdump" requested_mask="r" denied_mask="r" fsuid=0 ouid=0
[    8.327935] audit: type=1400 audit(1768733800.184:45): apparmor="DENIED" operation="open" profile="/usr/sbin/tcpdump" name="/proc/sys/kernel/random/boot_id" pid=707 comm="tcpdump" requested_mask="r" denied_mask="r" fsuid=0 ouid=0
[    8.331658] audit: type=1400 audit(1768733800.188:46): apparmor="DENIED" operation="open" profile="/usr/sbin/tcpdump" name="/proc/sys/kernel/random/boot_id" pid=708 comm="tcpdump" requested_mask="r" denied_mask="r" fsuid=0 ouid=0
[    8.331875] audit: type=1400 audit(1768733800.188:47): apparmor="DENIED" operation="open" profile="/usr/sbin/tcpdump" name="/proc/sys/kernel/random/boot_id" pid=708 comm="tcpdump" requested_mask="r" denied_mask="r" fsuid=0 ouid=0
[    8.331914] audit: type=1400 audit(1768733800.188:48): apparmor="DENIED" operation="open" profile="/usr/sbin/tcpdump" name="/proc/sys/kernel/random/boot_id" pid=708 comm="tcpdump" requested_mask="r" denied_mask="r" fsuid=0 ouid=0
[    8.331968] audit: type=1400 audit(1768733800.188:49): apparmor="DENIED" operation="open" profile="/usr/sbin/tcpdump" name="/proc/sys/kernel/random/boot_id" pid=708 comm="tcpdump" requested_mask="r" denied_mask="r" fsuid=0 ouid=0
[   12.917361] rfkill: input handler disabled
[  161.702594] AAAAA-TCP_FORW: name:enp0s3: saddr:100932208: daddr:16783984
[  230.362317] AAAAA-TCP_FORW: name:enp0s3: saddr:100932208: daddr:16783984
[  230.555040] AAAAA-TCP_FORW: name:enp0s3: saddr:100932208: daddr:33561200
[  230.649832] AAAAA-TCP_FORW: name:enp0s3: saddr:100932208: daddr:33561200
[  230.654431] AAAAA-TCP_FORW: name:enp0s3: saddr:100932208: daddr:16783984
[  230.774139] AAAAA-TCP_FORW: name:enp0s3: saddr:100932208: daddr:33561200
[  237.869138] AAAAA-TCP_FORW: name:enp0s3: saddr:100932208: daddr:16783984
[  238.104414] AAAAA-TCP_FORW: name:enp0s3: saddr:100932208: daddr:16783984
[  238.193903] AAAAA-TCP_FORW: name:enp0s3: saddr:100932208: daddr:16783984
[  238.405850] AAAAA-TCP_FORW: name:enp0s3: saddr:100932208: daddr:16783984
[  238.644853] AAAAA-TCP_FORW: name:enp0s3: saddr:100932208: daddr:16783984
[  483.986402] rfkill: input handler enabled
[  492.484710] rfkill: input handler disabled
[  668.711800] device enp0s3 left promiscuous mode
