[    0.000000] Linux version 5.4.243-mptcp (root@ztg) (gcc version 12.2.0 (Debian 12.2.0-14+deb12u1)) #53 SMP Wed Dec 24 23:28:15 CST 2025
[    0.000000] Command line: BOOT_IMAGE=/boot/vmlinuz-5.4.243-mptcp root=UUID=98415a12-53b7-4144-8265-0f7ece09e445 ro quiet splash
[    0.000000] KERNEL supported cpus:
[    0.000000]   Intel GenuineIntel
[    0.000000]   AMD AuthenticAMD
[    0.000000]   Hygon HygonGenuine
[    0.000000]   Centaur CentaurHauls
[    0.000000]   zhaoxin   Shanghai  
[    0.000000] x86/fpu: Supporting XSAVE feature 0x001: 'x87 floating point registers'
[    0.000000] x86/fpu: Supporting XSAVE feature 0x002: 'SSE registers'
[    0.000000] x86/fpu: Supporting XSAVE feature 0x004: 'AVX registers'
[    0.000000] x86/fpu: xstate_offset[2]:  576, xstate_sizes[2]:  256
[    0.000000] x86/fpu: Enabled xstate features 0x7, context size is 832 bytes, using 'standard' format.
[    0.000000] BIOS-provided physical RAM map:
[    0.000000] BIOS-e820: [mem 0x0000000000000000-0x000000000009fbff] usable
[    0.000000] BIOS-e820: [mem 0x000000000009fc00-0x000000000009ffff] reserved
[    0.000000] BIOS-e820: [mem 0x00000000000f0000-0x00000000000fffff] reserved
[    0.000000] BIOS-e820: [mem 0x0000000000100000-0x000000007ffeffff] usable
[    0.000000] BIOS-e820: [mem 0x000000007fff0000-0x000000007fffffff] ACPI data
[    0.000000] BIOS-e820: [mem 0x00000000fec00000-0x00000000fec00fff] reserved
[    0.000000] BIOS-e820: [mem 0x00000000fee00000-0x00000000fee00fff] reserved
[    0.000000] BIOS-e820: [mem 0x00000000fffc0000-0x00000000ffffffff] reserved
[    0.000000] NX (Execute Disable) protection: active
[    0.000000] SMBIOS 2.5 present.
[    0.000000] DMI: innotek GmbH VirtualBox/VirtualBox, BIOS VirtualBox 12/01/2006
[    0.000000] Hypervisor detected: KVM
[    0.000000] kvm-clock: Using msrs 4b564d01 and 4b564d00
[    0.000000] kvm-clock: cpu 0, msr 3de01001, primary cpu clock
[    0.000000] kvm-clock: using sched offset of 4443053208 cycles
[    0.000003] clocksource: kvm-clock: mask: 0xffffffffffffffff max_cycles: 0x1cd42e4dffb, max_idle_ns: 881590591483 ns
[    0.000006] tsc: Detected 2100.000 MHz processor
[    0.001890] e820: update [mem 0x00000000-0x00000fff] usable ==> reserved
[    0.001892] e820: remove [mem 0x000a0000-0x000fffff] usable
[    0.001896] last_pfn = 0x7fff0 max_arch_pfn = 0x400000000
[    0.001965] MTRR default type: uncachable
[    0.001966] MTRR fixed ranges enabled:
[    0.001967]   00000-9FFFF write-back
[    0.001968]   A0000-BFFFF uncachable
[    0.001968]   C0000-FFFFF write-protect
[    0.001969] MTRR variable ranges enabled:
[    0.001970]   0 base 000000000000 mask 3FFF80000000 write-back
[    0.001971]   1 disabled
[    0.001971]   2 disabled
[    0.001972]   3 disabled
[    0.001972]   4 disabled
[    0.001973]   5 disabled
[    0.001973]   6 disabled
[    0.001973]   7 disabled
[    0.001974]   8 disabled
[    0.001974]   9 disabled
[    0.001975]   10 disabled
[    0.001975]   11 disabled
[    0.001976]   12 disabled
[    0.001976]   13 disabled
[    0.001976]   14 disabled
[    0.001977]   15 disabled
[    0.001993] x86/PAT: Configuration [0-7]: WB  WC  UC- UC  WB  WP  UC- WT  
[    0.002127] found SMP MP-table at [mem 0x0009fff0-0x0009ffff]
[    0.092175] check: Scanning 1 areas for low memory corruption
[    0.092419] RAMDISK: [mem 0x32271000-0x3512ffff]
[    0.092428] ACPI: Early table checksum verification disabled
[    0.092433] ACPI: RSDP 0x00000000000E0000 000024 (v02 VBOX  )
[    0.092438] ACPI: XSDT 0x000000007FFF0030 00003C (v01 VBOX   VBOXXSDT 00000001 ASL  00000061)
[    0.092445] ACPI: FACP 0x000000007FFF00F0 0000F4 (v04 VBOX   VBOXFACP 00000001 ASL  00000061)
[    0.092451] ACPI: DSDT 0x000000007FFF02E0 002353 (v02 VBOX   VBOXBIOS 00000002 VBOX 00029BF3)
[    0.092455] ACPI: FACS 0x000000007FFF0200 000040
[    0.092459] ACPI: FACS 0x000000007FFF0200 000040
[    0.092462] ACPI: APIC 0x000000007FFF0240 000054 (v02 VBOX   VBOXAPIC 00000001 ASL  00000061)
[    0.092466] ACPI: SSDT 0x000000007FFF02A0 000038 (v01 VBOX   VBOXCPUT 00000002 VBOX 00029BF3)
[    0.092469] ACPI: Reserving FACP table memory at [mem 0x7fff00f0-0x7fff01e3]
[    0.092470] ACPI: Reserving DSDT table memory at [mem 0x7fff02e0-0x7fff2632]
[    0.092470] ACPI: Reserving FACS table memory at [mem 0x7fff0200-0x7fff023f]
[    0.092471] ACPI: Reserving FACS table memory at [mem 0x7fff0200-0x7fff023f]
[    0.092472] ACPI: Reserving APIC table memory at [mem 0x7fff0240-0x7fff0293]
[    0.092473] ACPI: Reserving SSDT table memory at [mem 0x7fff02a0-0x7fff02d7]
[    0.092487] ACPI: Local APIC address 0xfee00000
[    0.092678] No NUMA configuration found
[    0.092680] Faking a node at [mem 0x0000000000000000-0x000000007ffeffff]
[    0.092690] NODE_DATA(0) allocated [mem 0x7ffc5000-0x7ffeffff]
[    0.092953] Zone ranges:
[    0.092954]   DMA      [mem 0x0000000000001000-0x0000000000ffffff]
[    0.092955]   DMA32    [mem 0x0000000001000000-0x000000007ffeffff]
[    0.092956]   Normal   empty
[    0.092957]   Device   empty
[    0.092957] Movable zone start for each node
[    0.092959] Early memory node ranges
[    0.092960]   node   0: [mem 0x0000000000001000-0x000000000009efff]
[    0.092961]   node   0: [mem 0x0000000000100000-0x000000007ffeffff]
[    0.092965] Zeroed struct page in unavailable ranges: 114 pages
[    0.092966] Initmem setup node 0 [mem 0x0000000000001000-0x000000007ffeffff]
[    0.092967] On node 0 totalpages: 524174
[    0.092968]   DMA zone: 64 pages used for memmap
[    0.092968]   DMA zone: 21 pages reserved
[    0.092969]   DMA zone: 3998 pages, LIFO batch:0
[    0.093041]   DMA32 zone: 8128 pages used for memmap
[    0.093042]   DMA32 zone: 520176 pages, LIFO batch:63
[    0.101999] ACPI: PM-Timer IO Port: 0x4008
[    0.102002] ACPI: Local APIC address 0xfee00000
[    0.102071] IOAPIC[0]: apic_id 1, version 32, address 0xfec00000, GSI 0-23
[    0.102075] ACPI: INT_SRC_OVR (bus 0 bus_irq 0 global_irq 2 dfl dfl)
[    0.102077] ACPI: INT_SRC_OVR (bus 0 bus_irq 9 global_irq 9 low level)
[    0.102079] ACPI: IRQ0 used by override.
[    0.102080] ACPI: IRQ9 used by override.
[    0.102082] Using ACPI (MADT) for SMP configuration information
[    0.102089] smpboot: Allowing 1 CPUs, 0 hotplug CPUs
[    0.102113] PM: Registered nosave memory: [mem 0x00000000-0x00000fff]
[    0.102114] PM: Registered nosave memory: [mem 0x0009f000-0x0009ffff]
[    0.102115] PM: Registered nosave memory: [mem 0x000a0000-0x000effff]
[    0.102115] PM: Registered nosave memory: [mem 0x000f0000-0x000fffff]
[    0.102117] [mem 0x80000000-0xfebfffff] available for PCI devices
[    0.102118] Booting paravirtualized kernel on KVM
[    0.102121] clocksource: refined-jiffies: mask: 0xffffffff max_cycles: 0xffffffff, max_idle_ns: 7645519600211568 ns
[    0.102126] setup_percpu: NR_CPUS:8192 nr_cpumask_bits:1 nr_cpu_ids:1 nr_node_ids:1
[    0.103135] percpu: Embedded 60 pages/cpu s208896 r8192 d28672 u2097152
[    0.103140] pcpu-alloc: s208896 r8192 d28672 u2097152 alloc=1*2097152
[    0.103141] pcpu-alloc: [0] 0 
[    0.103169] Built 1 zonelists, mobility grouping on.  Total pages: 515961
[    0.103169] Policy zone: DMA32
[    0.103170] Kernel command line: BOOT_IMAGE=/boot/vmlinuz-5.4.243-mptcp root=UUID=98415a12-53b7-4144-8265-0f7ece09e445 ro quiet splash
[    0.104019] Dentry cache hash table entries: 262144 (order: 9, 2097152 bytes, linear)
[    0.104166] Inode-cache hash table entries: 131072 (order: 8, 1048576 bytes, linear)
[    0.104217] mem auto-init: stack:off, heap alloc:on, heap free:off
[    0.104220] Calgary: detecting Calgary via BIOS EBDA area
[    0.104221] Calgary: Unable to locate Rio Grande table in EBDA - bailing!
[    0.108383] Memory: 1967332K/2096696K available (14339K kernel code, 2398K rwdata, 4712K rodata, 2728K init, 17260K bss, 129364K reserved, 0K cma-reserved)
[    0.109310] SLUB: HWalign=64, Order=0-3, MinObjects=0, CPUs=1, Nodes=1
[    0.109327] ftrace: allocating 43186 entries in 169 pages
[    0.127482] rcu: Hierarchical RCU implementation.
[    0.127484] rcu: 	RCU restricting CPUs from NR_CPUS=8192 to nr_cpu_ids=1.
[    0.127485] 	Tasks RCU enabled.
[    0.127486] rcu: RCU calculated value of scheduler-enlistment delay is 25 jiffies.
[    0.127486] rcu: Adjusting geometry for rcu_fanout_leaf=16, nr_cpu_ids=1
[    0.130455] NR_IRQS: 524544, nr_irqs: 256, preallocated irqs: 16
[    0.130668] random: crng init done
[    0.139893] Console: colour VGA+ 80x25
[    0.139898] printk: console [tty0] enabled
[    0.139917] ACPI: Core revision 20190816
[    0.140013] APIC: Switch to symmetric I/O mode setup
[    0.140264] x2apic enabled
[    0.140501] Switched APIC routing to physical x2apic.
[    0.141644] ..TIMER: vector=0x30 apic1=0 pin1=2 apic2=-1 pin2=-1
[    0.141671] clocksource: tsc-early: mask: 0xffffffffffffffff max_cycles: 0x1e4530a99b6, max_idle_ns: 440795257976 ns
[    0.141676] Calibrating delay loop (skipped) preset value.. 4200.00 BogoMIPS (lpj=8400000)
[    0.141678] pid_max: default: 32768 minimum: 301
[    0.141706] LSM: Security Framework initializing
[    0.141722] Yama: becoming mindful.
[    0.141749] AppArmor: AppArmor initialized
[    0.141782] Mount-cache hash table entries: 4096 (order: 3, 32768 bytes, linear)
[    0.141787] Mountpoint-cache hash table entries: 4096 (order: 3, 32768 bytes, linear)
[    0.141796] *** VALIDATE tmpfs ***
[    0.141925] *** VALIDATE proc ***
[    0.141966] *** VALIDATE cgroup1 ***
[    0.141968] *** VALIDATE cgroup2 ***
[    0.142109] process: using mwait in idle threads
[    0.142114] Last level iTLB entries: 4KB 64, 2MB 8, 4MB 8
[    0.142114] Last level dTLB entries: 4KB 64, 2MB 0, 4MB 0, 1GB 4
[    0.142135] Spectre V1 : Mitigation: usercopy/swapgs barriers and __user pointer sanitization
[    0.142141] Spectre V2 : Mitigation: Retpolines
[    0.142142] Spectre V2 : Spectre v2 / SpectreRSB mitigation: Filling RSB on context switch
[    0.142143] Spectre V2 : Spectre v2 / SpectreRSB : Filling RSB on VMEXIT
[    0.142143] RETBleed: WARNING: Spectre v2 mitigation leaves CPU vulnerable to RETBleed attacks, data leaks possible!
[    0.142495] RETBleed: Vulnerable
[    0.142495] Speculative Store Bypass: Vulnerable
[    0.142500] TAA: Mitigation: TSX disabled
[    0.142500] MMIO Stale Data: Mitigation: Clear CPU buffers
[    0.146753] Freeing SMP alternatives memory: 40K
[    0.259136] smpboot: CPU0: Intel(R) Xeon(R) Silver 4216 CPU @ 2.10GHz (family: 0x6, model: 0x55, stepping: 0x7)
[    0.259278] Performance Events: unsupported p6 CPU model 85 no PMU driver, software events only.
[    0.259315] rcu: Hierarchical SRCU implementation.
[    0.259817] NMI watchdog: Perf NMI watchdog permanently disabled
[    0.259855] smp: Bringing up secondary CPUs ...
[    0.259856] smp: Brought up 1 node, 1 CPU
[    0.259857] smpboot: Max logical packages: 1
[    0.259858] smpboot: Total of 1 processors activated (4200.00 BogoMIPS)
[    0.260824] devtmpfs: initialized
[    0.260871] x86/mm: Memory block size: 128MB
[    0.261224] clocksource: jiffies: mask: 0xffffffff max_cycles: 0xffffffff, max_idle_ns: 7645041785100000 ns
[    0.261230] futex hash table entries: 256 (order: 2, 16384 bytes, linear)
[    0.261274] pinctrl core: initialized pinctrl subsystem
[    0.261378] PM: RTC time: 14:31:41, date: 2026-01-17
[    0.261485] NET: Registered protocol family 16
[    0.261559] audit: initializing netlink subsys (disabled)
[    0.261672] EISA bus registered
[    0.261672] cpuidle: using governor ladder
[    0.261672] cpuidle: using governor menu
[    0.261672] ACPI: bus type PCI registered
[    0.261672] acpiphp: ACPI Hot Plug PCI Controller Driver version: 0.5
[    0.261672] PCI: Using configuration type 1 for base access
[    0.262010] audit: type=2000 audit(1768631507.298:1): state=initialized audit_enabled=0 res=1
[    0.262089] HugeTLB registered 2.00 MiB page size, pre-allocated 0 pages
[    0.262904] ACPI: Added _OSI(Module Device)
[    0.262905] ACPI: Added _OSI(Processor Device)
[    0.262906] ACPI: Added _OSI(3.0 _SCP Extensions)
[    0.262906] ACPI: Added _OSI(Processor Aggregator Device)
[    0.262907] ACPI: Added _OSI(Linux-Dell-Video)
[    0.262908] ACPI: Added _OSI(Linux-Lenovo-NV-HDMI-Audio)
[    0.262909] ACPI: Added _OSI(Linux-HPI-Hybrid-Graphics)
[    0.264853] ACPI: 2 ACPI AML tables successfully acquired and loaded
[    0.266375] ACPI: Interpreter enabled
[    0.266385] ACPI: (supports S0 S5)
[    0.266386] ACPI: Using IOAPIC for interrupt routing
[    0.266590] PCI: Using host bridge windows from ACPI; if necessary, use "pci=nocrs" and report a bug
[    0.266695] ACPI: Enabled 2 GPEs in block 00 to 07
[    0.271489] ACPI: PCI Root Bridge [PCI0] (domain 0000 [bus 00-ff])
[    0.271494] acpi PNP0A03:00: _OSC: OS supports [ASPM ClockPM Segments MSI HPX-Type3]
[    0.271936] acpi PNP0A03:00: _OSC: not requesting OS control; OS requires [ExtendedConfig ASPM ClockPM MSI]
[    0.271944] acpi PNP0A03:00: fail to add MMCONFIG information, can't access extended PCI configuration space under this bridge.
[    0.272314] PCI host bridge to bus 0000:00
[    0.272316] pci_bus 0000:00: root bus resource [io  0x0000-0x0cf7 window]
[    0.272317] pci_bus 0000:00: root bus resource [io  0x0d00-0xffff window]
[    0.272319] pci_bus 0000:00: root bus resource [mem 0x000a0000-0x000bffff window]
[    0.272320] pci_bus 0000:00: root bus resource [mem 0x80000000-0xfdffffff window]
[    0.272321] pci_bus 0000:00: root bus resource [bus 00-ff]
[    0.272366] pci 0000:00:00.0: [8086:1237] type 00 class 0x060000
[    0.273297] pci 0000:00:01.0: [8086:7000] type 00 class 0x060100
[    0.274223] pci 0000:00:01.1: [8086:7111] type 00 class 0x01018a
[    0.274606] pci 0000:00:01.1: reg 0x20: [io  0xd000-0xd00f]
[    0.274765] pci 0000:00:01.1: legacy IDE quirk: reg 0x10: [io  0x01f0-0x01f7]
[    0.274766] pci 0000:00:01.1: legacy IDE quirk: reg 0x14: [io  0x03f6]
[    0.274767] pci 0000:00:01.1: legacy IDE quirk: reg 0x18: [io  0x0170-0x0177]
[    0.274768] pci 0000:00:01.1: legacy IDE quirk: reg 0x1c: [io  0x0376]
[    0.275306] pci 0000:00:02.0: [15ad:0405] type 00 class 0x030000
[    0.277750] pci 0000:00:02.0: reg 0x10: [io  0xd010-0xd01f]
[    0.280542] pci 0000:00:02.0: reg 0x14: [mem 0xe0000000-0xe7ffffff pref]
[    0.284286] pci 0000:00:02.0: reg 0x18: [mem 0xf0000000-0xf01fffff]
[    0.294373] pci 0000:00:03.0: [1022:2000] type 00 class 0x020000
[    0.295064] pci 0000:00:03.0: reg 0x10: [io  0xd020-0xd03f]
[    0.295680] pci 0000:00:03.0: reg 0x14: [mem 0xf0200000-0xf0200fff]
[    0.301588] pci 0000:00:04.0: [80ee:cafe] type 00 class 0x088000
[    0.301786] pci 0000:00:04.0: reg 0x10: [io  0xd040-0xd05f]
[    0.302393] pci 0000:00:04.0: reg 0x14: [mem 0xf0400000-0xf07fffff]
[    0.303009] pci 0000:00:04.0: reg 0x18: [mem 0xf0800000-0xf0803fff pref]
[    0.307032] pci 0000:00:07.0: [8086:7113] type 00 class 0x068000
[    0.307570] pci 0000:00:07.0: quirk: [io  0x4000-0x403f] claimed by PIIX4 ACPI
[    0.307580] pci 0000:00:07.0: quirk: [io  0x4100-0x410f] claimed by PIIX4 SMB
[    0.308187] pci 0000:00:08.0: [8086:100e] type 00 class 0x020000
[    0.308886] pci 0000:00:08.0: reg 0x10: [mem 0xf0820000-0xf083ffff]
[    0.309786] pci 0000:00:08.0: reg 0x18: [io  0xd060-0xd067]
[    0.313030] pci 0000:00:09.0: [8086:100e] type 00 class 0x020000
[    0.314314] pci 0000:00:09.0: reg 0x10: [mem 0xf0840000-0xf085ffff]
[    0.315475] pci 0000:00:09.0: reg 0x18: [io  0xd068-0xd06f]
[    0.326346] ACPI: PCI Interrupt Link [LNKA] (IRQs 5 9 10 *11)
[    0.326626] ACPI: PCI Interrupt Link [LNKB] (IRQs 5 9 *10 11)
[    0.326725] ACPI: PCI Interrupt Link [LNKC] (IRQs 5 *9 10 11)
[    0.326831] ACPI: PCI Interrupt Link [LNKD] (IRQs 5 9 10 *11)
[    0.327100] iommu: Default domain type: Translated 
[    0.327164] pci 0000:00:02.0: vgaarb: setting as boot VGA device
[    0.327166] pci 0000:00:02.0: vgaarb: VGA device added: decodes=io+mem,owns=io+mem,locks=none
[    0.327168] pci 0000:00:02.0: vgaarb: bridge control possible
[    0.327169] vgaarb: loaded
[    0.327386] SCSI subsystem initialized
[    0.327420] libata version 3.00 loaded.
[    0.327442] ACPI: bus type USB registered
[    0.327458] usbcore: registered new interface driver usbfs
[    0.327463] usbcore: registered new interface driver hub
[    0.327469] usbcore: registered new device driver usb
[    0.327496] pps_core: LinuxPPS API ver. 1 registered
[    0.327497] pps_core: Software ver. 5.3.6 - Copyright 2005-2007 Rodolfo Giometti <giometti@linux.it>
[    0.327499] PTP clock support registered
[    0.327532] EDAC MC: Ver: 3.0.0
[    0.327820] PCI: Using ACPI for IRQ routing
[    0.327821] PCI: pci_cache_line_size set to 64 bytes
[    0.327995] e820: reserve RAM buffer [mem 0x0009fc00-0x0009ffff]
[    0.327999] e820: reserve RAM buffer [mem 0x7fff0000-0x7fffffff]
[    0.328812] NetLabel: Initializing
[    0.328812] NetLabel:  domain hash size = 128
[    0.328813] NetLabel:  protocols = UNLABELED CIPSOv4 CALIPSO
[    0.328833] NetLabel:  unlabeled traffic allowed by default
[    0.329672] clocksource: Switched to clocksource kvm-clock
[    0.340332] *** VALIDATE bpf ***
[    0.340400] VFS: Disk quotas dquot_6.6.0
[    0.340413] VFS: Dquot-cache hash table entries: 512 (order 0, 4096 bytes)
[    0.340436] *** VALIDATE ramfs ***
[    0.340439] *** VALIDATE hugetlbfs ***
[    0.340524] AppArmor: AppArmor Filesystem Enabled
[    0.340552] pnp: PnP ACPI init
[    0.340627] pnp 00:00: Plug and Play ACPI device, IDs PNP0303 (active)
[    0.340693] pnp 00:01: Plug and Play ACPI device, IDs PNP0f03 (active)
[    0.341425] pnp: PnP ACPI: found 2 devices
[    0.342395] thermal_sys: Registered thermal governor 'fair_share'
[    0.342396] thermal_sys: Registered thermal governor 'bang_bang'
[    0.342397] thermal_sys: Registered thermal governor 'step_wise'
[    0.342397] thermal_sys: Registered thermal governor 'user_space'
[    0.342398] thermal_sys: Registered thermal governor 'power_allocator'
[    0.346933] clocksource: acpi_pm: mask: 0xffffff max_cycles: 0xffffff, max_idle_ns: 2085701024 ns
[    0.346976] pci_bus 0000:00: resource 4 [io  0x0000-0x0cf7 window]
[    0.346977] pci_bus 0000:00: resource 5 [io  0x0d00-0xffff window]
[    0.346978] pci_bus 0000:00: resource 6 [mem 0x000a0000-0x000bffff window]
[    0.346980] pci_bus 0000:00: resource 7 [mem 0x80000000-0xfdffffff window]
[    0.347036] NET: Registered protocol family 2
[    0.347036] IP idents hash table entries: 32768 (order: 6, 262144 bytes, linear)
[    0.347036] MPTCP tokens hash table entries: 8192 (order: 4, 65536 bytes, linear)
[    0.347036] MPTCP request tokens hash table entries: 8192 (order: 4, 65536 bytes, linear)
[    0.347036] default registered
[    0.347036] default registered
[    0.347036] MPTCP: Stable release v0.96
[    0.347036] tcp_listen_portaddr_hash hash table entries: 1024 (order: 2, 16384 bytes, linear)
[    0.347036] TCP established hash table entries: 16384 (order: 5, 131072 bytes, linear)
[    0.347036] TCP bind hash table entries: 16384 (order: 6, 262144 bytes, linear)
[    0.347036] TCP: Hash tables configured (established 16384 bind 16384)
[    0.348481] UDP hash table entries: 1024 (order: 3, 32768 bytes, linear)
[    0.348493] UDP-Lite hash table entries: 1024 (order: 3, 32768 bytes, linear)
[    0.348528] NET: Registered protocol family 1
[    0.348536] NET: Registered protocol family 44
[    0.348560] pci 0000:00:00.0: Limiting direct PCI/PCI transfers
[    0.348573] pci 0000:00:01.0: Activating ISA DMA hang workarounds
[    0.348626] pci 0000:00:02.0: Video device with shadowed ROM at [mem 0x000c0000-0x000dffff]
[    0.348689] PCI: CLS 0 bytes, default 64
[    0.348738] Trying to unpack rootfs image as initramfs...
[    0.519708] Freeing initrd memory: 47868K
[    0.519708] clocksource: tsc: mask: 0xffffffffffffffff max_cycles: 0x1e4530a99b6, max_idle_ns: 440795257976 ns
[    0.519708] clocksource: Switched to clocksource tsc
[    0.519708] platform rtc_cmos: registered platform RTC device (no PNP device found)
[    0.519708] check: Scanning for low memory corruption every 60 seconds
[    0.519708] Initialise system trusted keyrings
[    0.519708] Key type blacklist registered
[    0.519708] workingset: timestamp_bits=36 max_order=19 bucket_order=0
[    0.519708] zbud: loaded
[    0.519708] squashfs: version 4.0 (2009/01/31) Phillip Lougher
[    0.519708] fuse: init (API version 7.31)
[    0.519708] *** VALIDATE fuse ***
[    0.519708] *** VALIDATE fuse ***
[    0.519708] Platform Keyring initialized
[    0.535046] Key type asymmetric registered
[    0.535047] Asymmetric key parser 'x509' registered
[    0.535057] Block layer SCSI generic (bsg) driver version 0.4 loaded (major 244)
[    0.535092] io scheduler mq-deadline registered
[    0.535219] shpchp: Standard Hot Plug PCI Controller Driver version: 0.4
[    0.535428] ACPI: AC Adapter [AC] (on-line)
[    0.535475] input: Power Button as /devices/LNXSYSTM:00/LNXPWRBN:00/input/input0
[    0.535506] ACPI: Power Button [PWRF]
[    0.535581] input: Sleep Button as /devices/LNXSYSTM:00/LNXSLPBN:00/input/input1
[    0.535596] ACPI: Sleep Button [SLPF]
[    0.535831] Serial: 8250/16550 driver, 32 ports, IRQ sharing enabled
[    0.536981] Linux agpgart interface v0.103
[    0.627049] loop: module loaded
[    0.627202] ata_piix 0000:00:01.1: version 2.13
[    0.627607] scsi host0: ata_piix
[    0.627698] scsi host1: ata_piix
[    0.627724] ata1: PATA max UDMA/33 cmd 0x1f0 ctl 0x3f6 bmdma 0xd000 irq 14
[    0.627725] ata2: PATA max UDMA/33 cmd 0x170 ctl 0x376 bmdma 0xd008 irq 15
[    0.627807] tun: Universal TUN/TAP device driver, 1.6
[    0.628126] PPP generic driver version 2.4.2
[    0.628170] VFIO - User Level meta-driver version: 0.3
[    0.628413] ehci_hcd: USB 2.0 'Enhanced' Host Controller (EHCI) Driver
[    0.628418] ehci-pci: EHCI PCI platform driver
[    0.628432] ehci-platform: EHCI generic platform driver
[    0.628438] ohci_hcd: USB 1.1 'Open' Host Controller (OHCI) Driver
[    0.628440] ohci-pci: OHCI PCI platform driver
[    0.628447] ohci-platform: OHCI generic platform driver
[    0.628451] uhci_hcd: USB Universal Host Controller Interface driver
[    0.628516] i8042: PNP: PS/2 Controller [PNP0303:PS2K,PNP0f03:PS2M] at 0x60,0x64 irq 1,12
[    0.628954] serio: i8042 KBD port at 0x60,0x64 irq 1
[    0.628958] serio: i8042 AUX port at 0x60,0x64 irq 12
[    0.629044] mousedev: PS/2 mouse device common for all mice
[    0.629294] input: AT Translated Set 2 keyboard as /devices/platform/i8042/serio0/input/input2
[    0.629693] rtc_cmos rtc_cmos: registered as rtc0
[    0.629706] rtc_cmos rtc_cmos: alarms up to one day, 114 bytes nvram
[    0.629711] i2c /dev entries driver
[    0.629757] device-mapper: uevent: version 1.0.3
[    0.629801] device-mapper: ioctl: 4.41.0-ioctl (2019-09-16) initialised: dm-devel@redhat.com
[    0.629818] platform eisa.0: Probing EISA bus 0
[    0.629820] platform eisa.0: EISA: Cannot allocate resource for mainboard
[    0.629821] platform eisa.0: Cannot allocate resource for EISA slot 1
[    0.629822] platform eisa.0: Cannot allocate resource for EISA slot 2
[    0.629823] platform eisa.0: Cannot allocate resource for EISA slot 3
[    0.629824] platform eisa.0: Cannot allocate resource for EISA slot 4
[    0.629825] platform eisa.0: Cannot allocate resource for EISA slot 5
[    0.629826] platform eisa.0: Cannot allocate resource for EISA slot 6
[    0.629827] platform eisa.0: Cannot allocate resource for EISA slot 7
[    0.629828] platform eisa.0: Cannot allocate resource for EISA slot 8
[    0.629829] platform eisa.0: EISA: Detected 0 cards
[    0.629832] intel_pstate: CPU model not supported
[    0.629841] ledtrig-cpu: registered to indicate activity on CPUs
[    0.629895] drop_monitor: Initializing network drop monitor service
[    0.630054] NET: Registered protocol family 10
[    0.635157] Segment Routing with IPv6
[    0.635157] fullmesh registered
[    0.635157] ndiffports registered
[    0.635157] binder registered
[    0.635157] roundrobin registered
[    0.635157] redundant registered
[    0.635157] blest registered
[    0.635157] ecf registered
[    0.635157] NET: Registered protocol family 17
[    0.635157] Key type dns_resolver registered
[    0.635157] RAS: Correctable Errors collector initialized.
[    0.635157] IPI shorthand broadcast: enabled
[    0.635157] sched_clock: Marking stable (620142894, 11014858)->(634643493, -3485741)
[    0.635454] registered taskstats version 1
[    0.635463] Loading compiled-in X.509 certificates
[    0.636052] Loaded X.509 cert 'Build time autogenerated kernel key: 6909f3744cebb3d0de528d5887b96a727de79b1e'
[    0.636070] zswap: loaded using pool lzo/zbud
[    0.636124] Key type ._fscrypt registered
[    0.636124] Key type .fscrypt registered
[    0.640561] Key type big_key registered
[    0.642792] Key type encrypted registered
[    0.642795] AppArmor: AppArmor sha1 policy hashing enabled
[    0.642802] ima: No TPM chip found, activating TPM-bypass!
[    0.642807] ima: Allocated hash algorithm: sha1
[    0.642812] ima: No architecture policies found
[    0.642822] evm: Initialising EVM extended attributes:
[    0.642822] evm: security.selinux
[    0.642823] evm: security.SMACK64
[    0.642823] evm: security.SMACK64EXEC
[    0.642823] evm: security.SMACK64TRANSMUTE
[    0.642824] evm: security.SMACK64MMAP
[    0.642824] evm: security.apparmor
[    0.642825] evm: security.ima
[    0.642825] evm: security.capability
[    0.642826] evm: HMAC attrs: 0x1
[    0.643121] PM:   Magic number: 10:209:536
[    0.643131] tty ttyS16: hash matches
[    0.643241] rtc_cmos rtc_cmos: setting system clock to 2026-01-17T14:31:42 UTC (1768660302)
[    0.800104] ata1.00: ATA-6: VBOX HARDDISK, 1.0, max UDMA/133
[    0.800107] ata1.00: 209715200 sectors, multi 128: LBA 
[    0.800794] scsi 0:0:0:0: Direct-Access     ATA      VBOX HARDDISK    1.0  PQ: 0 ANSI: 5
[    0.801136] sd 0:0:0:0: [sda] 209715200 512-byte logical blocks: (107 GB/100 GiB)
[    0.801156] sd 0:0:0:0: [sda] Write Protect is off
[    0.801160] sd 0:0:0:0: [sda] Mode Sense: 00 3a 00 00
[    0.801182] sd 0:0:0:0: [sda] Write cache: enabled, read cache: enabled, doesn't support DPO or FUA
[    0.801399] sd 0:0:0:0: Attached scsi generic sg0 type 0
[    0.802393]  sda: sda1 sda2
[    0.811197] sd 0:0:0:0: [sda] Attached SCSI disk
[    0.813543] Freeing unused decrypted memory: 2040K
[    0.814467] Freeing unused kernel image memory: 2728K
[    0.814470] Write protecting the kernel read-only data: 22528k
[    0.815246] Freeing unused kernel image memory: 2036K
[    0.815683] Freeing unused kernel image memory: 1432K
[    0.837778] x86/mm: Checked W+X mappings: passed, no W+X pages found.
[    0.837785] Run /init as init process
[    0.959282] ACPI: Video Device [GFX0] (multi-head: yes  rom: no  post: no)
[    0.959359] input: Video Bus as /devices/LNXSYSTM:00/LNXSYBUS:00/PNP0A03:00/LNXVIDEO:00/input/input4
[    0.973823] pcnet32: pcnet32.c:v1.35 21.Apr.2008 tsbogend@alpha.franken.de
[    0.974966] pcnet32: PCnet/FAST III 79C973 at 0xd020, 08:00:27:c1:bd:30 assigned IRQ 19
[    0.975009] pcnet32: Found PHY 0022:561b at address 0
[    0.975311] pcnet32: eth0: registered as PCnet/FAST III 79C973
[    0.976814] piix4_smbus 0000:00:07.0: SMBus Host Controller at 0x4100, revision 0
[    0.979517] e1000: Intel(R) PRO/1000 Network Driver - version 7.3.21-k8-NAPI
[    0.979517] e1000: Copyright (c) 1999-2006 Intel Corporation.
[    0.982541] pcnet32: 1 cards_found
[    1.052506] pcnet32 0000:00:03.0 enp0s3: renamed from eth0
[    1.189862] input: ImExPS/2 Generic Explorer Mouse as /devices/platform/i8042/serio1/input/input5
[    1.391506] e1000 0000:00:08.0 eth0: (PCI:33MHz:32-bit) 08:00:27:4c:be:33
[    1.391510] e1000 0000:00:08.0 eth0: Intel(R) PRO/1000 Network Connection
[    1.767423] e1000 0000:00:09.0 eth1: (PCI:33MHz:32-bit) 08:00:27:5b:db:02
[    1.767426] e1000 0000:00:09.0 eth1: Intel(R) PRO/1000 Network Connection
[    1.768574] e1000 0000:00:08.0 enp0s8: renamed from eth0
[    1.770374] e1000 0000:00:09.0 enp0s9: renamed from eth1
[    1.922146] EXT4-fs (sda2): mounted filesystem with ordered data mode. Opts: (null)
[    2.013164] systemd[1]: Inserted module 'autofs4'
[    2.022795] systemd[1]: systemd 245.4-4ubuntu3 running in system mode. (+PAM +AUDIT +SELINUX +IMA +APPARMOR +SMACK +SYSVINIT +UTMP +LIBCRYPTSETUP +GCRYPT +GNUTLS +ACL +XZ +LZ4 +SECCOMP +BLKID +ELFUTILS +KMOD +IDN2 -IDN +PCRE2 default-hierarchy=hybrid)
[    2.022826] systemd[1]: Detected virtualization oracle.
[    2.022830] systemd[1]: Detected architecture x86-64.
[    2.024180] systemd[1]: Set hostname to <ztg>.
[    2.151350] systemd[1]: /lib/systemd/system/dbus.socket:5: ListenStream= references a path below legacy directory /var/run/, updating /var/run/dbus/system_bus_socket â†’ /run/dbus/system_bus_socket; please update the unit file accordingly.
[    2.204373] systemd[1]: Created slice system-modprobe.slice.
[    2.204559] systemd[1]: Created slice User and Session Slice.
[    2.204603] systemd[1]: Started Forward Password Requests to Wall Directory Watch.
[    2.204770] systemd[1]: Set up automount Arbitrary Executable File Formats File System Automount Point.
[    2.204804] systemd[1]: Reached target User and Group Name Lookups.
[    2.204813] systemd[1]: Reached target Remote File Systems.
[    2.204822] systemd[1]: Reached target Slices.
[    2.205465] systemd[1]: Listening on Syslog Socket.
[    2.205538] systemd[1]: Listening on fsck to fsckd communication Socket.
[    2.205579] systemd[1]: Listening on initctl Compatibility Named Pipe.
[    2.205718] systemd[1]: Listening on Journal Audit Socket.
[    2.205772] systemd[1]: Listening on Journal Socket (/dev/log).
[    2.205840] systemd[1]: Listening on Journal Socket.
[    2.205905] systemd[1]: Listening on udev Control Socket.
[    2.205948] systemd[1]: Listening on udev Kernel Socket.
[    2.206734] systemd[1]: Mounting Huge Pages File System...
[    2.207692] systemd[1]: Mounting POSIX Message Queue File System...
[    2.208585] systemd[1]: Mounting Kernel Debug File System...
[    2.209414] systemd[1]: Mounting Kernel Trace File System...
[    2.211613] systemd[1]: Starting Journal Service...
[    2.234043] systemd[1]: Starting Set the console keyboard layout...
[    2.242062] systemd[1]: Starting Create list of static device nodes for the current kernel...
[    2.244133] systemd[1]: Starting Load Kernel Module drm...
[    2.245165] systemd[1]: Condition check resulted in Set Up Additional Binary Formats being skipped.
[    2.245247] systemd[1]: Condition check resulted in File System Check on Root Device being skipped.
[    2.254570] systemd[1]: Starting Load Kernel Modules...
[    2.272797] systemd[1]: Starting Remount Root and Kernel File Systems...
[    2.276079] systemd[1]: Starting udev Coldplug all Devices...
[    2.285294] systemd[1]: Starting Uncomplicated firewall...
[    2.286569] EXT4-fs (sda2): re-mounted. Opts: errors=remount-ro
[    2.305111] systemd[1]: Mounted Huge Pages File System.
[    2.305200] systemd[1]: Mounted POSIX Message Queue File System.
[    2.305273] systemd[1]: Mounted Kernel Debug File System.
[    2.305342] systemd[1]: Mounted Kernel Trace File System.
[    2.322150] systemd[1]: Finished Create list of static device nodes for the current kernel.
[    2.322474] systemd[1]: modprobe@drm.service: Succeeded.
[    2.324137] systemd[1]: Finished Load Kernel Module drm.
[    2.324534] systemd[1]: Finished Remount Root and Kernel File Systems.
[    2.330633] systemd[1]: Finished Uncomplicated firewall.
[    2.332515] systemd[1]: Condition check resulted in Rebuild Hardware Database being skipped.
[    2.332568] systemd[1]: Condition check resulted in Platform Persistent Storage Archival being skipped.
[    2.348724] systemd[1]: Starting Load/Save Random Seed...
[    2.356184] lp: driver loaded but no devices found
[    2.357627] systemd[1]: Starting Create System Users...
[    2.368270] systemd[1]: Finished Load/Save Random Seed.
[    2.369504] ppdev: user-space parallel port driver
[    2.377837] systemd[1]: Finished Create System Users.
[    2.378682] systemd[1]: Starting Create Static Device Nodes in /dev...
[    2.400180] systemd[1]: Finished Create Static Device Nodes in /dev.
[    2.401013] systemd[1]: Starting udev Kernel Device Manager...
[    2.455356] systemd[1]: Finished udev Coldplug all Devices.
[    2.458426] [drm] DMA map mode: Caching DMA mappings.
[    2.458487] [drm] Capabilities:
[    2.458488] [drm]   Rect copy.
[    2.458488] [drm]   Cursor.
[    2.458488] [drm]   Cursor bypass.
[    2.458489] [drm]   Cursor bypass 2.
[    2.458489] [drm]   Alpha cursor.
[    2.458489] [drm]   Extended Fifo.
[    2.458490] [drm]   Pitchlock.
[    2.458490] [drm]   Irq mask.
[    2.458490] [drm]   GMR.
[    2.458491] [drm]   Traces.
[    2.458491] [drm]   GMR2.
[    2.458491] [drm]   Screen Object 2.
[    2.458492] [drm]   Command Buffers.
[    2.458492] [drm]   Command Buffers 2.
[    2.458493] [drm]   Guest Backed Resources.
[    2.458493] [drm] Max GMR ids is 8192
[    2.458494] [drm] Max number of GMR pages is 1048576
[    2.458494] [drm] Max dedicated hypervisor surface memory is 393216 kiB
[    2.458495] [drm] Maximum display memory size is 131072 kiB
[    2.458496] [drm] VRAM at 0xe0000000 size is 131072 kiB
[    2.458496] [drm] MMIO at 0xf0000000 size is 2048 kiB
[    2.460390] [TTM] Zone  kernel: Available graphics memory: 1011738 KiB
[    2.460391] [TTM] Initializing pool allocator
[    2.460395] [TTM] Initializing DMA pool allocator
[    2.460425] [drm] Supports vblank timestamp caching Rev 2 (21.10.2013).
[    2.460425] [drm] No driver support for vblank timestamp query.
[    2.460646] [drm] Screen Target Display device initialized
[    2.460865] [drm] width 720
[    2.460874] [drm] height 400
[    2.460877] [drm] bpp 32
[    2.461403] [drm] Fifo max 0x00200000 min 0x00001000 cap 0x00000355
[    2.462497] [drm] Using command buffers with DMA pool.
[    2.462501] [drm] DX: no.
[    2.462502] [drm] Atomic: yes.
[    2.462502] [drm] SM4_1: no.
[    2.462523] [drm:vmw_host_log [vmwgfx]] *ERROR* Failed to send host log message.
[    2.463724] [drm:vmw_host_log [vmwgfx]] *ERROR* Failed to send host log message.
[    2.474940] fbcon: svgadrmfb (fb0) is primary device
[    2.480895] Console: switching to colour frame buffer device 100x37
[    2.486244] [drm] Initialized vmwgfx 2.15.0 20180704 for 0000:00:02.0 on minor 0
[    2.487361] systemd[1]: Finished Load Kernel Modules.
[    2.488320] systemd[1]: Mounting FUSE Control File System...
[    2.489267] systemd[1]: Mounting Kernel Configuration File System...
[    2.490103] systemd[1]: Starting Apply Kernel Variables...
[    2.532145] systemd[1]: Mounted FUSE Control File System.
[    2.532219] systemd[1]: Condition check resulted in VMware vmblock fuse mount being skipped.
[    2.535877] systemd[1]: Mounted Kernel Configuration File System.
[    2.543824] systemd[1]: Finished Set the console keyboard layout.
[    2.543955] systemd[1]: Reached target Local File Systems (Pre).
[    2.546080] systemd[1]: Mounting Mount unit for bare, revision 5...
[    2.548147] systemd[1]: Mounting Mount unit for core18, revision 1705...
[    2.559994] systemd[1]: Mounting Mount unit for gnome-3-34-1804, revision 24...
[    2.580053] systemd[1]: Mounting Mount unit for gtk-common-themes, revision 1506...
[    2.584993] systemd[1]: Mounting Mount unit for gtk-common-themes, revision 1535...
[    2.591604] systemd[1]: Mounting Mount unit for snap-store, revision 433...
[    2.602035] systemd[1]: Mounting Mount unit for snapd, revision 7264...
[    2.607852] systemd[1]: Finished Apply Kernel Variables.
[    2.624078] systemd[1]: Mounted Mount unit for core18, revision 1705.
[    2.624178] systemd[1]: Mounted Mount unit for gnome-3-34-1804, revision 24.
[    2.633297] systemd[1]: Mounted Mount unit for bare, revision 5.
[    2.635495] systemd[1]: Started udev Kernel Device Manager.
[    2.636242] systemd[1]: Starting Show Plymouth Boot Screen...
[    2.641078] systemd[1]: Received SIGRTMIN+20 from PID 271 (plymouthd).
[    2.643752] systemd[1]: Mounted Mount unit for gtk-common-themes, revision 1506.
[    2.669806] systemd[1]: Mounted Mount unit for gtk-common-themes, revision 1535.
[    2.670044] systemd[1]: Started Show Plymouth Boot Screen.
[    2.670227] systemd[1]: Condition check resulted in Dispatch Password Requests to Console Directory Watch being skipped.
[    2.670340] systemd[1]: Started Forward Password Requests to Plymouth Directory Watch.
[    2.672042] systemd[1]: Reached target Local Encrypted Volumes.
[    2.703702] systemd[1]: Mounted Mount unit for snap-store, revision 433.
[    2.703957] systemd[1]: Mounted Mount unit for snapd, revision 7264.
[    2.704114] systemd[1]: Reached target Local File Systems.
[    2.706396] systemd[1]: Starting Load AppArmor profiles...
[    2.707306] systemd[1]: Starting Set console font and keymap...
[    2.718003] systemd[1]: Starting Tell Plymouth To Write Out Runtime Data...
[    2.722264] systemd[1]: Condition check resulted in Store a System Token in an EFI Variable being skipped.
[    2.722341] systemd[1]: Condition check resulted in Commit a transient machine-id on disk being skipped.
[    2.726209] systemd[1]: Finished Set console font and keymap.
[    2.733745] systemd[1]: Received SIGRTMIN+20 from PID 271 (plymouthd).
[    2.734983] systemd[1]: plymouth-read-write.service: Succeeded.
[    2.735308] systemd[1]: Finished Tell Plymouth To Write Out Runtime Data.
[    2.755722] audit: type=1400 audit(1768660304.608:2): apparmor="STATUS" operation="profile_load" profile="unconfined" name="nvidia_modprobe" pid=300 comm="apparmor_parser"
[    2.755724] audit: type=1400 audit(1768660304.608:3): apparmor="STATUS" operation="profile_load" profile="unconfined" name="nvidia_modprobe//kmod" pid=300 comm="apparmor_parser"
[    2.765667] audit: type=1400 audit(1768660304.616:4): apparmor="STATUS" operation="profile_load" profile="unconfined" name="/usr/sbin/tcpdump" pid=301 comm="apparmor_parser"
[    2.815508] audit: type=1400 audit(1768660304.660:5): apparmor="STATUS" operation="profile_load" profile="unconfined" name="/usr/bin/evince" pid=303 comm="apparmor_parser"
[    2.815511] audit: type=1400 audit(1768660304.660:6): apparmor="STATUS" operation="profile_load" profile="unconfined" name="/usr/bin/evince//sanitized_helper" pid=303 comm="apparmor_parser"
[    2.815512] audit: type=1400 audit(1768660304.660:7): apparmor="STATUS" operation="profile_load" profile="unconfined" name="/usr/bin/evince-previewer" pid=303 comm="apparmor_parser"
[    2.815514] audit: type=1400 audit(1768660304.660:8): apparmor="STATUS" operation="profile_load" profile="unconfined" name="/usr/bin/evince-previewer//sanitized_helper" pid=303 comm="apparmor_parser"
[    2.815517] audit: type=1400 audit(1768660304.660:9): apparmor="STATUS" operation="profile_load" profile="unconfined" name="/usr/bin/evince-thumbnailer" pid=303 comm="apparmor_parser"
[    2.833181] audit: type=1400 audit(1768660304.684:10): apparmor="STATUS" operation="profile_load" profile="unconfined" name="/usr/lib/cups/backend/cups-pdf" pid=304 comm="apparmor_parser"
[    2.901716] systemd[1]: Finished Load AppArmor profiles.
[    2.902676] systemd[1]: Starting Load AppArmor profiles managed internally by snapd...
[    2.985946] systemd[1]: Finished Load AppArmor profiles managed internally by snapd.
[    3.214470] systemd[1]: Started Journal Service.
[    3.221576] systemd-journald[229]: Received client request to flush runtime journal.
[    3.227191] systemd-journald[229]: File /var/log/journal/c455b248004a419c87ce85eea238d727/system.journal corrupted or uncleanly shut down, renaming and replacing.
[    4.583665] RAPL PMU: API unit is 2^-32 Joules, 0 fixed counters, 10737418240 ms ovfl timer
[    4.631694] cryptd: max_cpu_qlen set to 1000
[    4.689382] AVX2 version of gcm_enc/dec engaged.
[    4.689384] AES CTR mode by8 optimization enabled
[    5.523532] Adding 1998844k swap on /dev/sda1.  Priority:-2 extents:1 across:1998844k FS
[    7.407418] kauditd_printk_skb: 30 callbacks suppressed
[    7.407419] audit: type=1400 audit(1768660309.256:41): apparmor="DENIED" operation="capable" profile="/usr/sbin/cups-browsed" pid=497 comm="cups-browsed" capability=23  capname="sys_nice"
[    7.866249] pcnet32 0000:00:03.0 enp0s3: link up, 100Mbps, full-duplex
[    7.901630] e1000: enp0s8 NIC Link is Up 1000 Mbps Full Duplex, Flow Control: RX
[    7.901908] IPv6: ADDRCONF(NETDEV_CHANGE): enp0s8: link becomes ready
[    7.914446] e1000: enp0s9 NIC Link is Up 1000 Mbps Full Duplex, Flow Control: RX
[    7.914741] IPv6: ADDRCONF(NETDEV_CHANGE): enp0s9: link becomes ready
[    8.466180] device enp0s3 entered promiscuous mode
[    8.489263] audit: type=1400 audit(1768660310.344:42): apparmor="DENIED" operation="open" profile="/usr/sbin/tcpdump" name="/proc/sys/kernel/random/boot_id" pid=705 comm="tcpdump" requested_mask="r" denied_mask="r" fsuid=0 ouid=0
[    8.490070] audit: type=1400 audit(1768660310.344:43): apparmor="DENIED" operation="open" profile="/usr/sbin/tcpdump" name="/proc/sys/kernel/random/boot_id" pid=705 comm="tcpdump" requested_mask="r" denied_mask="r" fsuid=0 ouid=0
[    8.490504] audit: type=1400 audit(1768660310.344:44): apparmor="DENIED" operation="open" profile="/usr/sbin/tcpdump" name="/proc/sys/kernel/random/boot_id" pid=705 comm="tcpdump" requested_mask="r" denied_mask="r" fsuid=0 ouid=0
[    8.490559] audit: type=1400 audit(1768660310.344:45): apparmor="DENIED" operation="open" profile="/usr/sbin/tcpdump" name="/proc/sys/kernel/random/boot_id" pid=705 comm="tcpdump" requested_mask="r" denied_mask="r" fsuid=0 ouid=0
[    8.494394] audit: type=1400 audit(1768660310.344:46): apparmor="DENIED" operation="open" profile="/usr/sbin/tcpdump" name="/proc/sys/kernel/random/boot_id" pid=706 comm="tcpdump" requested_mask="r" denied_mask="r" fsuid=0 ouid=0
[    8.494622] audit: type=1400 audit(1768660310.344:47): apparmor="DENIED" operation="open" profile="/usr/sbin/tcpdump" name="/proc/sys/kernel/random/boot_id" pid=706 comm="tcpdump" requested_mask="r" denied_mask="r" fsuid=0 ouid=0
[    8.494663] audit: type=1400 audit(1768660310.344:48): apparmor="DENIED" operation="open" profile="/usr/sbin/tcpdump" name="/proc/sys/kernel/random/boot_id" pid=706 comm="tcpdump" requested_mask="r" denied_mask="r" fsuid=0 ouid=0
[    8.494718] audit: type=1400 audit(1768660310.344:49): apparmor="DENIED" operation="open" profile="/usr/sbin/tcpdump" name="/proc/sys/kernel/random/boot_id" pid=706 comm="tcpdump" requested_mask="r" denied_mask="r" fsuid=0 ouid=0
[   13.099855] rfkill: input handler disabled
[  494.634209] rfkill: input handler enabled
[  503.255597] rfkill: input handler disabled
[  806.679951] device enp0s3 left promiscuous mode
