[    0.000000] Linux version 5.4.243-mptcp (root@ztg) (gcc version 12.2.0 (Debian 12.2.0-14+deb12u1)) #53 SMP Wed Dec 24 23:28:15 CST 2025
[    0.000000] Command line: BOOT_IMAGE=/boot/vmlinuz-5.4.243-mptcp root=UUID=98415a12-53b7-4144-8265-0f7ece09e445 ro quiet splash
[    0.000000] KERNEL supported cpus:
[    0.000000]   Intel GenuineIntel
[    0.000000]   AMD AuthenticAMD
[    0.000000]   Hygon HygonGenuine
[    0.000000]   Centaur CentaurHauls
[    0.000000]   zhaoxin   Shanghai  
[    0.000000] x86/fpu: Supporting XSAVE feature 0x001: 'x87 floating point registers'
[    0.000000] x86/fpu: Supporting XSAVE feature 0x002: 'SSE registers'
[    0.000000] x86/fpu: Supporting XSAVE feature 0x004: 'AVX registers'
[    0.000000] x86/fpu: xstate_offset[2]:  576, xstate_sizes[2]:  256
[    0.000000] x86/fpu: Enabled xstate features 0x7, context size is 832 bytes, using 'standard' format.
[    0.000000] BIOS-provided physical RAM map:
[    0.000000] BIOS-e820: [mem 0x0000000000000000-0x000000000009fbff] usable
[    0.000000] BIOS-e820: [mem 0x000000000009fc00-0x000000000009ffff] reserved
[    0.000000] BIOS-e820: [mem 0x00000000000f0000-0x00000000000fffff] reserved
[    0.000000] BIOS-e820: [mem 0x0000000000100000-0x000000007ffeffff] usable
[    0.000000] BIOS-e820: [mem 0x000000007fff0000-0x000000007fffffff] ACPI data
[    0.000000] BIOS-e820: [mem 0x00000000fec00000-0x00000000fec00fff] reserved
[    0.000000] BIOS-e820: [mem 0x00000000fee00000-0x00000000fee00fff] reserved
[    0.000000] BIOS-e820: [mem 0x00000000fffc0000-0x00000000ffffffff] reserved
[    0.000000] NX (Execute Disable) protection: active
[    0.000000] SMBIOS 2.5 present.
[    0.000000] DMI: innotek GmbH VirtualBox/VirtualBox, BIOS VirtualBox 12/01/2006
[    0.000000] Hypervisor detected: KVM
[    0.000000] kvm-clock: Using msrs 4b564d01 and 4b564d00
[    0.000000] kvm-clock: cpu 0, msr 12201001, primary cpu clock
[    0.000000] kvm-clock: using sched offset of 4454595517 cycles
[    0.000003] clocksource: kvm-clock: mask: 0xffffffffffffffff max_cycles: 0x1cd42e4dffb, max_idle_ns: 881590591483 ns
[    0.000006] tsc: Detected 2100.000 MHz processor
[    0.001882] e820: update [mem 0x00000000-0x00000fff] usable ==> reserved
[    0.001884] e820: remove [mem 0x000a0000-0x000fffff] usable
[    0.001888] last_pfn = 0x7fff0 max_arch_pfn = 0x400000000
[    0.001955] MTRR default type: uncachable
[    0.001956] MTRR fixed ranges enabled:
[    0.001958]   00000-9FFFF write-back
[    0.001958]   A0000-BFFFF uncachable
[    0.001959]   C0000-FFFFF write-protect
[    0.001960] MTRR variable ranges enabled:
[    0.001961]   0 base 000000000000 mask 3FFF80000000 write-back
[    0.001962]   1 disabled
[    0.001962]   2 disabled
[    0.001963]   3 disabled
[    0.001963]   4 disabled
[    0.001964]   5 disabled
[    0.001964]   6 disabled
[    0.001964]   7 disabled
[    0.001965]   8 disabled
[    0.001965]   9 disabled
[    0.001966]   10 disabled
[    0.001966]   11 disabled
[    0.001967]   12 disabled
[    0.001967]   13 disabled
[    0.001967]   14 disabled
[    0.001968]   15 disabled
[    0.001984] x86/PAT: Configuration [0-7]: WB  WC  UC- UC  WB  WP  UC- WT  
[    0.002127] found SMP MP-table at [mem 0x0009fff0-0x0009ffff]
[    0.092513] check: Scanning 1 areas for low memory corruption
[    0.092767] RAMDISK: [mem 0x32271000-0x3512ffff]
[    0.092775] ACPI: Early table checksum verification disabled
[    0.092780] ACPI: RSDP 0x00000000000E0000 000024 (v02 VBOX  )
[    0.092785] ACPI: XSDT 0x000000007FFF0030 00003C (v01 VBOX   VBOXXSDT 00000001 ASL  00000061)
[    0.092791] ACPI: FACP 0x000000007FFF00F0 0000F4 (v04 VBOX   VBOXFACP 00000001 ASL  00000061)
[    0.092797] ACPI: DSDT 0x000000007FFF02E0 002353 (v02 VBOX   VBOXBIOS 00000002 VBOX 00029BF3)
[    0.092801] ACPI: FACS 0x000000007FFF0200 000040
[    0.092804] ACPI: FACS 0x000000007FFF0200 000040
[    0.092808] ACPI: APIC 0x000000007FFF0240 000054 (v02 VBOX   VBOXAPIC 00000001 ASL  00000061)
[    0.092811] ACPI: SSDT 0x000000007FFF02A0 000038 (v01 VBOX   VBOXCPUT 00000002 VBOX 00029BF3)
[    0.092814] ACPI: Reserving FACP table memory at [mem 0x7fff00f0-0x7fff01e3]
[    0.092815] ACPI: Reserving DSDT table memory at [mem 0x7fff02e0-0x7fff2632]
[    0.092816] ACPI: Reserving FACS table memory at [mem 0x7fff0200-0x7fff023f]
[    0.092817] ACPI: Reserving FACS table memory at [mem 0x7fff0200-0x7fff023f]
[    0.092817] ACPI: Reserving APIC table memory at [mem 0x7fff0240-0x7fff0293]
[    0.092818] ACPI: Reserving SSDT table memory at [mem 0x7fff02a0-0x7fff02d7]
[    0.092832] ACPI: Local APIC address 0xfee00000
[    0.093017] No NUMA configuration found
[    0.093018] Faking a node at [mem 0x0000000000000000-0x000000007ffeffff]
[    0.093028] NODE_DATA(0) allocated [mem 0x7ffc5000-0x7ffeffff]
[    0.093288] Zone ranges:
[    0.093290]   DMA      [mem 0x0000000000001000-0x0000000000ffffff]
[    0.093291]   DMA32    [mem 0x0000000001000000-0x000000007ffeffff]
[    0.093292]   Normal   empty
[    0.093292]   Device   empty
[    0.093293] Movable zone start for each node
[    0.093295] Early memory node ranges
[    0.093296]   node   0: [mem 0x0000000000001000-0x000000000009efff]
[    0.093296]   node   0: [mem 0x0000000000100000-0x000000007ffeffff]
[    0.093300] Zeroed struct page in unavailable ranges: 114 pages
[    0.093301] Initmem setup node 0 [mem 0x0000000000001000-0x000000007ffeffff]
[    0.093302] On node 0 totalpages: 524174
[    0.093303]   DMA zone: 64 pages used for memmap
[    0.093303]   DMA zone: 21 pages reserved
[    0.093304]   DMA zone: 3998 pages, LIFO batch:0
[    0.093375]   DMA32 zone: 8128 pages used for memmap
[    0.093376]   DMA32 zone: 520176 pages, LIFO batch:63
[    0.102262] ACPI: PM-Timer IO Port: 0x4008
[    0.102265] ACPI: Local APIC address 0xfee00000
[    0.102325] IOAPIC[0]: apic_id 1, version 32, address 0xfec00000, GSI 0-23
[    0.102328] ACPI: INT_SRC_OVR (bus 0 bus_irq 0 global_irq 2 dfl dfl)
[    0.102330] ACPI: INT_SRC_OVR (bus 0 bus_irq 9 global_irq 9 low level)
[    0.102332] ACPI: IRQ0 used by override.
[    0.102333] ACPI: IRQ9 used by override.
[    0.102335] Using ACPI (MADT) for SMP configuration information
[    0.102341] smpboot: Allowing 1 CPUs, 0 hotplug CPUs
[    0.102362] PM: Registered nosave memory: [mem 0x00000000-0x00000fff]
[    0.102363] PM: Registered nosave memory: [mem 0x0009f000-0x0009ffff]
[    0.102364] PM: Registered nosave memory: [mem 0x000a0000-0x000effff]
[    0.102364] PM: Registered nosave memory: [mem 0x000f0000-0x000fffff]
[    0.102366] [mem 0x80000000-0xfebfffff] available for PCI devices
[    0.102367] Booting paravirtualized kernel on KVM
[    0.102369] clocksource: refined-jiffies: mask: 0xffffffff max_cycles: 0xffffffff, max_idle_ns: 7645519600211568 ns
[    0.102374] setup_percpu: NR_CPUS:8192 nr_cpumask_bits:1 nr_cpu_ids:1 nr_node_ids:1
[    0.103377] percpu: Embedded 60 pages/cpu s208896 r8192 d28672 u2097152
[    0.103382] pcpu-alloc: s208896 r8192 d28672 u2097152 alloc=1*2097152
[    0.103383] pcpu-alloc: [0] 0 
[    0.103408] Built 1 zonelists, mobility grouping on.  Total pages: 515961
[    0.103409] Policy zone: DMA32
[    0.103410] Kernel command line: BOOT_IMAGE=/boot/vmlinuz-5.4.243-mptcp root=UUID=98415a12-53b7-4144-8265-0f7ece09e445 ro quiet splash
[    0.104280] Dentry cache hash table entries: 262144 (order: 9, 2097152 bytes, linear)
[    0.104426] Inode-cache hash table entries: 131072 (order: 8, 1048576 bytes, linear)
[    0.104476] mem auto-init: stack:off, heap alloc:on, heap free:off
[    0.104479] Calgary: detecting Calgary via BIOS EBDA area
[    0.104480] Calgary: Unable to locate Rio Grande table in EBDA - bailing!
[    0.108444] Memory: 1967332K/2096696K available (14339K kernel code, 2398K rwdata, 4712K rodata, 2728K init, 17260K bss, 129364K reserved, 0K cma-reserved)
[    0.109347] SLUB: HWalign=64, Order=0-3, MinObjects=0, CPUs=1, Nodes=1
[    0.109363] ftrace: allocating 43186 entries in 169 pages
[    0.127413] rcu: Hierarchical RCU implementation.
[    0.127415] rcu: 	RCU restricting CPUs from NR_CPUS=8192 to nr_cpu_ids=1.
[    0.127416] 	Tasks RCU enabled.
[    0.127417] rcu: RCU calculated value of scheduler-enlistment delay is 25 jiffies.
[    0.127418] rcu: Adjusting geometry for rcu_fanout_leaf=16, nr_cpu_ids=1
[    0.130376] NR_IRQS: 524544, nr_irqs: 256, preallocated irqs: 16
[    0.130585] random: crng init done
[    0.139881] Console: colour VGA+ 80x25
[    0.139885] printk: console [tty0] enabled
[    0.139903] ACPI: Core revision 20190816
[    0.139998] APIC: Switch to symmetric I/O mode setup
[    0.140247] x2apic enabled
[    0.140485] Switched APIC routing to physical x2apic.
[    0.141618] ..TIMER: vector=0x30 apic1=0 pin1=2 apic2=-1 pin2=-1
[    0.141645] clocksource: tsc-early: mask: 0xffffffffffffffff max_cycles: 0x1e4530a99b6, max_idle_ns: 440795257976 ns
[    0.141650] Calibrating delay loop (skipped) preset value.. 4200.00 BogoMIPS (lpj=8400000)
[    0.141652] pid_max: default: 32768 minimum: 301
[    0.141681] LSM: Security Framework initializing
[    0.141691] Yama: becoming mindful.
[    0.141717] AppArmor: AppArmor initialized
[    0.141750] Mount-cache hash table entries: 4096 (order: 3, 32768 bytes, linear)
[    0.141755] Mountpoint-cache hash table entries: 4096 (order: 3, 32768 bytes, linear)
[    0.141765] *** VALIDATE tmpfs ***
[    0.141898] *** VALIDATE proc ***
[    0.141940] *** VALIDATE cgroup1 ***
[    0.141941] *** VALIDATE cgroup2 ***
[    0.142089] process: using mwait in idle threads
[    0.142094] Last level iTLB entries: 4KB 64, 2MB 8, 4MB 8
[    0.142095] Last level dTLB entries: 4KB 64, 2MB 0, 4MB 0, 1GB 4
[    0.142115] Spectre V1 : Mitigation: usercopy/swapgs barriers and __user pointer sanitization
[    0.142121] Spectre V2 : Mitigation: Retpolines
[    0.142122] Spectre V2 : Spectre v2 / SpectreRSB mitigation: Filling RSB on context switch
[    0.142122] Spectre V2 : Spectre v2 / SpectreRSB : Filling RSB on VMEXIT
[    0.142123] RETBleed: WARNING: Spectre v2 mitigation leaves CPU vulnerable to RETBleed attacks, data leaks possible!
[    0.142483] RETBleed: Vulnerable
[    0.142483] Speculative Store Bypass: Vulnerable
[    0.142488] TAA: Mitigation: TSX disabled
[    0.142489] MMIO Stale Data: Mitigation: Clear CPU buffers
[    0.146678] Freeing SMP alternatives memory: 40K
[    0.258693] smpboot: CPU0: Intel(R) Xeon(R) Silver 4216 CPU @ 2.10GHz (family: 0x6, model: 0x55, stepping: 0x7)
[    0.258799] Performance Events: unsupported p6 CPU model 85 no PMU driver, software events only.
[    0.258832] rcu: Hierarchical SRCU implementation.
[    0.259319] NMI watchdog: Perf NMI watchdog permanently disabled
[    0.259356] smp: Bringing up secondary CPUs ...
[    0.259357] smp: Brought up 1 node, 1 CPU
[    0.259358] smpboot: Max logical packages: 1
[    0.259359] smpboot: Total of 1 processors activated (4200.00 BogoMIPS)
[    0.260299] devtmpfs: initialized
[    0.260345] x86/mm: Memory block size: 128MB
[    0.260684] clocksource: jiffies: mask: 0xffffffff max_cycles: 0xffffffff, max_idle_ns: 7645041785100000 ns
[    0.260689] futex hash table entries: 256 (order: 2, 16384 bytes, linear)
[    0.260730] pinctrl core: initialized pinctrl subsystem
[    0.260830] PM: RTC time: 11:00:04, date: 2026-01-17
[    0.260934] NET: Registered protocol family 16
[    0.261005] audit: initializing netlink subsys (disabled)
[    0.261129] EISA bus registered
[    0.261130] cpuidle: using governor ladder
[    0.261131] cpuidle: using governor menu
[    0.261166] ACPI: bus type PCI registered
[    0.261168] acpiphp: ACPI Hot Plug PCI Controller Driver version: 0.5
[    0.261266] PCI: Using configuration type 1 for base access
[    0.261970] audit: type=2000 audit(1768618810.765:1): state=initialized audit_enabled=0 res=1
[    0.262046] HugeTLB registered 2.00 MiB page size, pre-allocated 0 pages
[    0.262909] ACPI: Added _OSI(Module Device)
[    0.262909] ACPI: Added _OSI(Processor Device)
[    0.262910] ACPI: Added _OSI(3.0 _SCP Extensions)
[    0.262911] ACPI: Added _OSI(Processor Aggregator Device)
[    0.262912] ACPI: Added _OSI(Linux-Dell-Video)
[    0.262912] ACPI: Added _OSI(Linux-Lenovo-NV-HDMI-Audio)
[    0.262913] ACPI: Added _OSI(Linux-HPI-Hybrid-Graphics)
[    0.264865] ACPI: 2 ACPI AML tables successfully acquired and loaded
[    0.266396] ACPI: Interpreter enabled
[    0.266406] ACPI: (supports S0 S5)
[    0.266407] ACPI: Using IOAPIC for interrupt routing
[    0.266614] PCI: Using host bridge windows from ACPI; if necessary, use "pci=nocrs" and report a bug
[    0.266720] ACPI: Enabled 2 GPEs in block 00 to 07
[    0.271592] ACPI: PCI Root Bridge [PCI0] (domain 0000 [bus 00-ff])
[    0.271597] acpi PNP0A03:00: _OSC: OS supports [ASPM ClockPM Segments MSI HPX-Type3]
[    0.272043] acpi PNP0A03:00: _OSC: not requesting OS control; OS requires [ExtendedConfig ASPM ClockPM MSI]
[    0.272051] acpi PNP0A03:00: fail to add MMCONFIG information, can't access extended PCI configuration space under this bridge.
[    0.272429] PCI host bridge to bus 0000:00
[    0.272431] pci_bus 0000:00: root bus resource [io  0x0000-0x0cf7 window]
[    0.272432] pci_bus 0000:00: root bus resource [io  0x0d00-0xffff window]
[    0.272434] pci_bus 0000:00: root bus resource [mem 0x000a0000-0x000bffff window]
[    0.272435] pci_bus 0000:00: root bus resource [mem 0x80000000-0xfdffffff window]
[    0.272436] pci_bus 0000:00: root bus resource [bus 00-ff]
[    0.272482] pci 0000:00:00.0: [8086:1237] type 00 class 0x060000
[    0.273416] pci 0000:00:01.0: [8086:7000] type 00 class 0x060100
[    0.274213] pci 0000:00:01.1: [8086:7111] type 00 class 0x01018a
[    0.274588] pci 0000:00:01.1: reg 0x20: [io  0xd000-0xd00f]
[    0.274743] pci 0000:00:01.1: legacy IDE quirk: reg 0x10: [io  0x01f0-0x01f7]
[    0.274743] pci 0000:00:01.1: legacy IDE quirk: reg 0x14: [io  0x03f6]
[    0.274744] pci 0000:00:01.1: legacy IDE quirk: reg 0x18: [io  0x0170-0x0177]
[    0.274745] pci 0000:00:01.1: legacy IDE quirk: reg 0x1c: [io  0x0376]
[    0.275285] pci 0000:00:02.0: [15ad:0405] type 00 class 0x030000
[    0.277726] pci 0000:00:02.0: reg 0x10: [io  0xd010-0xd01f]
[    0.281692] pci 0000:00:02.0: reg 0x14: [mem 0xe0000000-0xe7ffffff pref]
[    0.284302] pci 0000:00:02.0: reg 0x18: [mem 0xf0000000-0xf01fffff]
[    0.294488] pci 0000:00:03.0: [1022:2000] type 00 class 0x020000
[    0.295193] pci 0000:00:03.0: reg 0x10: [io  0xd020-0xd03f]
[    0.295832] pci 0000:00:03.0: reg 0x14: [mem 0xf0200000-0xf0200fff]
[    0.300332] pci 0000:00:04.0: [80ee:cafe] type 00 class 0x088000
[    0.301037] pci 0000:00:04.0: reg 0x10: [io  0xd040-0xd05f]
[    0.301691] pci 0000:00:04.0: reg 0x14: [mem 0xf0400000-0xf07fffff]
[    0.302294] pci 0000:00:04.0: reg 0x18: [mem 0xf0800000-0xf0803fff pref]
[    0.305692] pci 0000:00:07.0: [8086:7113] type 00 class 0x068000
[    0.306230] pci 0000:00:07.0: quirk: [io  0x4000-0x403f] claimed by PIIX4 ACPI
[    0.306240] pci 0000:00:07.0: quirk: [io  0x4100-0x410f] claimed by PIIX4 SMB
[    0.306840] pci 0000:00:08.0: [1022:2000] type 00 class 0x020000
[    0.307507] pci 0000:00:08.0: reg 0x10: [io  0xd060-0xd07f]
[    0.308109] pci 0000:00:08.0: reg 0x14: [mem 0xf0804000-0xf0804fff]
[    0.311600] pci 0000:00:09.0: [8086:100e] type 00 class 0x020000
[    0.312307] pci 0000:00:09.0: reg 0x10: [mem 0xf0820000-0xf083ffff]
[    0.313520] pci 0000:00:09.0: reg 0x18: [io  0xd080-0xd087]
[    0.322731] ACPI: PCI Interrupt Link [LNKA] (IRQs 5 9 10 *11)
[    0.323017] ACPI: PCI Interrupt Link [LNKB] (IRQs 5 9 *10 11)
[    0.323122] ACPI: PCI Interrupt Link [LNKC] (IRQs 5 *9 10 11)
[    0.323226] ACPI: PCI Interrupt Link [LNKD] (IRQs 5 9 10 *11)
[    0.323489] iommu: Default domain type: Translated 
[    0.325667] pci 0000:00:02.0: vgaarb: setting as boot VGA device
[    0.325669] pci 0000:00:02.0: vgaarb: VGA device added: decodes=io+mem,owns=io+mem,locks=none
[    0.325671] pci 0000:00:02.0: vgaarb: bridge control possible
[    0.325672] vgaarb: loaded
[    0.325888] SCSI subsystem initialized
[    0.325920] libata version 3.00 loaded.
[    0.325944] ACPI: bus type USB registered
[    0.325960] usbcore: registered new interface driver usbfs
[    0.325966] usbcore: registered new interface driver hub
[    0.325971] usbcore: registered new device driver usb
[    0.325999] pps_core: LinuxPPS API ver. 1 registered
[    0.326000] pps_core: Software ver. 5.3.6 - Copyright 2005-2007 Rodolfo Giometti <giometti@linux.it>
[    0.326002] PTP clock support registered
[    0.326037] EDAC MC: Ver: 3.0.0
[    0.326324] PCI: Using ACPI for IRQ routing
[    0.326325] PCI: pci_cache_line_size set to 64 bytes
[    0.326497] e820: reserve RAM buffer [mem 0x0009fc00-0x0009ffff]
[    0.326500] e820: reserve RAM buffer [mem 0x7fff0000-0x7fffffff]
[    0.327309] NetLabel: Initializing
[    0.327309] NetLabel:  domain hash size = 128
[    0.327310] NetLabel:  protocols = UNLABELED CIPSOv4 CALIPSO
[    0.327330] NetLabel:  unlabeled traffic allowed by default
[    0.328239] clocksource: Switched to clocksource kvm-clock
[    0.339149] *** VALIDATE bpf ***
[    0.339149] VFS: Disk quotas dquot_6.6.0
[    0.339149] VFS: Dquot-cache hash table entries: 512 (order 0, 4096 bytes)
[    0.339149] *** VALIDATE ramfs ***
[    0.339149] *** VALIDATE hugetlbfs ***
[    0.339149] AppArmor: AppArmor Filesystem Enabled
[    0.339149] pnp: PnP ACPI init
[    0.339149] pnp 00:00: Plug and Play ACPI device, IDs PNP0303 (active)
[    0.340341] pnp 00:01: Plug and Play ACPI device, IDs PNP0f03 (active)
[    0.341091] pnp: PnP ACPI: found 2 devices
[    0.342048] thermal_sys: Registered thermal governor 'fair_share'
[    0.342049] thermal_sys: Registered thermal governor 'bang_bang'
[    0.342050] thermal_sys: Registered thermal governor 'step_wise'
[    0.342050] thermal_sys: Registered thermal governor 'user_space'
[    0.342051] thermal_sys: Registered thermal governor 'power_allocator'
[    0.346559] clocksource: acpi_pm: mask: 0xffffff max_cycles: 0xffffff, max_idle_ns: 2085701024 ns
[    0.346598] pci_bus 0000:00: resource 4 [io  0x0000-0x0cf7 window]
[    0.346600] pci_bus 0000:00: resource 5 [io  0x0d00-0xffff window]
[    0.346601] pci_bus 0000:00: resource 6 [mem 0x000a0000-0x000bffff window]
[    0.346602] pci_bus 0000:00: resource 7 [mem 0x80000000-0xfdffffff window]
[    0.346658] NET: Registered protocol family 2
[    0.346730] IP idents hash table entries: 32768 (order: 6, 262144 bytes, linear)
[    0.347107] MPTCP tokens hash table entries: 8192 (order: 4, 65536 bytes, linear)
[    0.347107] MPTCP request tokens hash table entries: 8192 (order: 4, 65536 bytes, linear)
[    0.347107] default registered
[    0.347107] default registered
[    0.347107] MPTCP: Stable release v0.96
[    0.347107] tcp_listen_portaddr_hash hash table entries: 1024 (order: 2, 16384 bytes, linear)
[    0.347107] TCP established hash table entries: 16384 (order: 5, 131072 bytes, linear)
[    0.347107] TCP bind hash table entries: 16384 (order: 6, 262144 bytes, linear)
[    0.347107] TCP: Hash tables configured (established 16384 bind 16384)
[    0.348052] UDP hash table entries: 1024 (order: 3, 32768 bytes, linear)
[    0.348064] UDP-Lite hash table entries: 1024 (order: 3, 32768 bytes, linear)
[    0.348098] NET: Registered protocol family 1
[    0.348107] NET: Registered protocol family 44
[    0.348127] pci 0000:00:00.0: Limiting direct PCI/PCI transfers
[    0.348139] pci 0000:00:01.0: Activating ISA DMA hang workarounds
[    0.348195] pci 0000:00:02.0: Video device with shadowed ROM at [mem 0x000c0000-0x000dffff]
[    0.348267] PCI: CLS 0 bytes, default 64
[    0.348311] Trying to unpack rootfs image as initramfs...
[    0.516138] Freeing initrd memory: 47868K
[    0.516138] clocksource: tsc: mask: 0xffffffffffffffff max_cycles: 0x1e4530a99b6, max_idle_ns: 440795257976 ns
[    0.516138] clocksource: Switched to clocksource tsc
[    0.516138] platform rtc_cmos: registered platform RTC device (no PNP device found)
[    0.516138] check: Scanning for low memory corruption every 60 seconds
[    0.516138] Initialise system trusted keyrings
[    0.516138] Key type blacklist registered
[    0.516138] workingset: timestamp_bits=36 max_order=19 bucket_order=0
[    0.516138] zbud: loaded
[    0.516138] squashfs: version 4.0 (2009/01/31) Phillip Lougher
[    0.516138] fuse: init (API version 7.31)
[    0.516138] *** VALIDATE fuse ***
[    0.516138] *** VALIDATE fuse ***
[    0.516138] Platform Keyring initialized
[    0.530871] Key type asymmetric registered
[    0.530872] Asymmetric key parser 'x509' registered
[    0.530882] Block layer SCSI generic (bsg) driver version 0.4 loaded (major 244)
[    0.530919] io scheduler mq-deadline registered
[    0.531044] shpchp: Standard Hot Plug PCI Controller Driver version: 0.4
[    0.531252] ACPI: AC Adapter [AC] (on-line)
[    0.531296] input: Power Button as /devices/LNXSYSTM:00/LNXPWRBN:00/input/input0
[    0.531326] ACPI: Power Button [PWRF]
[    0.531400] input: Sleep Button as /devices/LNXSYSTM:00/LNXSLPBN:00/input/input1
[    0.531415] ACPI: Sleep Button [SLPF]
[    0.531655] Serial: 8250/16550 driver, 32 ports, IRQ sharing enabled
[    0.532820] Linux agpgart interface v0.103
[    0.623098] loop: module loaded
[    0.623233] ata_piix 0000:00:01.1: version 2.13
[    0.623632] scsi host0: ata_piix
[    0.623722] scsi host1: ata_piix
[    0.623748] ata1: PATA max UDMA/33 cmd 0x1f0 ctl 0x3f6 bmdma 0xd000 irq 14
[    0.623749] ata2: PATA max UDMA/33 cmd 0x170 ctl 0x376 bmdma 0xd008 irq 15
[    0.623826] tun: Universal TUN/TAP device driver, 1.6
[    0.624129] PPP generic driver version 2.4.2
[    0.624171] VFIO - User Level meta-driver version: 0.3
[    0.624418] ehci_hcd: USB 2.0 'Enhanced' Host Controller (EHCI) Driver
[    0.624422] ehci-pci: EHCI PCI platform driver
[    0.624436] ehci-platform: EHCI generic platform driver
[    0.624442] ohci_hcd: USB 1.1 'Open' Host Controller (OHCI) Driver
[    0.624444] ohci-pci: OHCI PCI platform driver
[    0.624450] ohci-platform: OHCI generic platform driver
[    0.624455] uhci_hcd: USB Universal Host Controller Interface driver
[    0.624517] i8042: PNP: PS/2 Controller [PNP0303:PS2K,PNP0f03:PS2M] at 0x60,0x64 irq 1,12
[    0.624950] serio: i8042 KBD port at 0x60,0x64 irq 1
[    0.624954] serio: i8042 AUX port at 0x60,0x64 irq 12
[    0.625039] mousedev: PS/2 mouse device common for all mice
[    0.625289] input: AT Translated Set 2 keyboard as /devices/platform/i8042/serio0/input/input2
[    0.625685] rtc_cmos rtc_cmos: registered as rtc0
[    0.625699] rtc_cmos rtc_cmos: alarms up to one day, 114 bytes nvram
[    0.625704] i2c /dev entries driver
[    0.625746] device-mapper: uevent: version 1.0.3
[    0.625788] device-mapper: ioctl: 4.41.0-ioctl (2019-09-16) initialised: dm-devel@redhat.com
[    0.625803] platform eisa.0: Probing EISA bus 0
[    0.625805] platform eisa.0: EISA: Cannot allocate resource for mainboard
[    0.625806] platform eisa.0: Cannot allocate resource for EISA slot 1
[    0.625807] platform eisa.0: Cannot allocate resource for EISA slot 2
[    0.625808] platform eisa.0: Cannot allocate resource for EISA slot 3
[    0.625809] platform eisa.0: Cannot allocate resource for EISA slot 4
[    0.625810] platform eisa.0: Cannot allocate resource for EISA slot 5
[    0.625811] platform eisa.0: Cannot allocate resource for EISA slot 6
[    0.625812] platform eisa.0: Cannot allocate resource for EISA slot 7
[    0.625813] platform eisa.0: Cannot allocate resource for EISA slot 8
[    0.625814] platform eisa.0: EISA: Detected 0 cards
[    0.625817] intel_pstate: CPU model not supported
[    0.625825] ledtrig-cpu: registered to indicate activity on CPUs
[    0.625877] drop_monitor: Initializing network drop monitor service
[    0.626037] NET: Registered protocol family 10
[    0.631139] Segment Routing with IPv6
[    0.631169] fullmesh registered
[    0.631170] ndiffports registered
[    0.631173] binder registered
[    0.631173] roundrobin registered
[    0.631174] redundant registered
[    0.631174] blest registered
[    0.631175] ecf registered
[    0.631177] NET: Registered protocol family 17
[    0.631207] Key type dns_resolver registered
[    0.631220] RAS: Correctable Errors collector initialized.
[    0.631220] IPI shorthand broadcast: enabled
[    0.631220] sched_clock: Marking stable (616150124, 11070079)->(629039029, -1818826)
[    0.631382] registered taskstats version 1
[    0.631391] Loading compiled-in X.509 certificates
[    0.631980] Loaded X.509 cert 'Build time autogenerated kernel key: 6909f3744cebb3d0de528d5887b96a727de79b1e'
[    0.631997] zswap: loaded using pool lzo/zbud
[    0.632049] Key type ._fscrypt registered
[    0.632050] Key type .fscrypt registered
[    0.636475] Key type big_key registered
[    0.638637] Key type encrypted registered
[    0.638640] AppArmor: AppArmor sha1 policy hashing enabled
[    0.638647] ima: No TPM chip found, activating TPM-bypass!
[    0.638650] ima: Allocated hash algorithm: sha1
[    0.638655] ima: No architecture policies found
[    0.638663] evm: Initialising EVM extended attributes:
[    0.638664] evm: security.selinux
[    0.638664] evm: security.SMACK64
[    0.638665] evm: security.SMACK64EXEC
[    0.638665] evm: security.SMACK64TRANSMUTE
[    0.638666] evm: security.SMACK64MMAP
[    0.638666] evm: security.apparmor
[    0.638667] evm: security.ima
[    0.638667] evm: security.capability
[    0.638668] evm: HMAC attrs: 0x1
[    0.638961] PM:   Magic number: 10:373:24
[    0.638963] misc cpu_dma_latency: hash matches
[    0.639095] rtc_cmos rtc_cmos: setting system clock to 2026-01-17T11:00:05 UTC (1768647605)
[    0.796237] ata1.00: ATA-6: VBOX HARDDISK, 1.0, max UDMA/133
[    0.796241] ata1.00: 209715200 sectors, multi 128: LBA 
[    0.796921] scsi 0:0:0:0: Direct-Access     ATA      VBOX HARDDISK    1.0  PQ: 0 ANSI: 5
[    0.797261] sd 0:0:0:0: [sda] 209715200 512-byte logical blocks: (107 GB/100 GiB)
[    0.797275] sd 0:0:0:0: [sda] Write Protect is off
[    0.797278] sd 0:0:0:0: [sda] Mode Sense: 00 3a 00 00
[    0.797298] sd 0:0:0:0: [sda] Write cache: enabled, read cache: enabled, doesn't support DPO or FUA
[    0.797612] sd 0:0:0:0: Attached scsi generic sg0 type 0
[    0.798942]  sda: sda1 sda2
[    0.811265] sd 0:0:0:0: [sda] Attached SCSI disk
[    0.814612] Freeing unused decrypted memory: 2040K
[    0.815587] Freeing unused kernel image memory: 2728K
[    0.815590] Write protecting the kernel read-only data: 22528k
[    0.816623] Freeing unused kernel image memory: 2036K
[    0.817184] Freeing unused kernel image memory: 1432K
[    0.844016] x86/mm: Checked W+X mappings: passed, no W+X pages found.
[    0.844020] Run /init as init process
[    0.943097] ACPI: Video Device [GFX0] (multi-head: yes  rom: no  post: no)
[    0.943167] input: Video Bus as /devices/LNXSYSTM:00/LNXSYBUS:00/PNP0A03:00/LNXVIDEO:00/input/input4
[    0.954526] pcnet32: pcnet32.c:v1.35 21.Apr.2008 tsbogend@alpha.franken.de
[    0.956278] piix4_smbus 0000:00:07.0: SMBus Host Controller at 0x4100, revision 0
[    0.961974] e1000: Intel(R) PRO/1000 Network Driver - version 7.3.21-k8-NAPI
[    0.961975] e1000: Copyright (c) 1999-2006 Intel Corporation.
[    0.965419] pcnet32: PCnet/FAST III 79C973 at 0xd020, 08:00:27:64:79:d7 assigned IRQ 19
[    0.965465] pcnet32: Found PHY 0022:561b at address 0
[    0.965763] pcnet32: eth0: registered as PCnet/FAST III 79C973
[    0.974564] pcnet32: PCnet/FAST III 79C973 at 0xd060, 08:00:27:dc:12:7a assigned IRQ 16
[    0.974608] pcnet32: Found PHY 0022:561b at address 0
[    0.974925] pcnet32: eth1: registered as PCnet/FAST III 79C973
[    0.980024] pcnet32: 2 cards_found
[    1.028511] pcnet32 0000:00:03.0 enp0s3: renamed from eth0
[    1.030600] pcnet32 0000:00:08.0 enp0s8: renamed from eth1
[    1.173028] input: ImExPS/2 Generic Explorer Mouse as /devices/platform/i8042/serio1/input/input5
[    1.371373] e1000 0000:00:09.0 eth0: (PCI:33MHz:32-bit) 08:00:27:f8:94:ae
[    1.371377] e1000 0000:00:09.0 eth0: Intel(R) PRO/1000 Network Connection
[    1.372501] e1000 0000:00:09.0 enp0s9: renamed from eth0
[    1.532067] EXT4-fs (sda2): mounted filesystem with ordered data mode. Opts: (null)
[    1.641175] systemd[1]: Inserted module 'autofs4'
[    1.653371] systemd[1]: systemd 245.4-4ubuntu3 running in system mode. (+PAM +AUDIT +SELINUX +IMA +APPARMOR +SMACK +SYSVINIT +UTMP +LIBCRYPTSETUP +GCRYPT +GNUTLS +ACL +XZ +LZ4 +SECCOMP +BLKID +ELFUTILS +KMOD +IDN2 -IDN +PCRE2 default-hierarchy=hybrid)
[    1.653405] systemd[1]: Detected virtualization oracle.
[    1.653411] systemd[1]: Detected architecture x86-64.
[    1.654693] systemd[1]: Set hostname to <ztg>.
[    1.809933] systemd[1]: /lib/systemd/system/dbus.socket:5: ListenStream= references a path below legacy directory /var/run/, updating /var/run/dbus/system_bus_socket â†’ /run/dbus/system_bus_socket; please update the unit file accordingly.
[    1.875764] systemd[1]: Created slice system-modprobe.slice.
[    1.876022] systemd[1]: Created slice User and Session Slice.
[    1.876081] systemd[1]: Started Forward Password Requests to Wall Directory Watch.
[    1.876513] systemd[1]: Set up automount Arbitrary Executable File Formats File System Automount Point.
[    1.876672] systemd[1]: Reached target User and Group Name Lookups.
[    1.876705] systemd[1]: Reached target Remote File Systems.
[    1.876737] systemd[1]: Reached target Slices.
[    1.878138] systemd[1]: Listening on Syslog Socket.
[    1.878370] systemd[1]: Listening on fsck to fsckd communication Socket.
[    1.878501] systemd[1]: Listening on initctl Compatibility Named Pipe.
[    1.878953] systemd[1]: Listening on Journal Audit Socket.
[    1.879147] systemd[1]: Listening on Journal Socket (/dev/log).
[    1.879565] systemd[1]: Listening on Journal Socket.
[    1.879796] systemd[1]: Listening on udev Control Socket.
[    1.879940] systemd[1]: Listening on udev Kernel Socket.
[    1.881360] systemd[1]: Mounting Huge Pages File System...
[    1.882404] systemd[1]: Mounting POSIX Message Queue File System...
[    1.883365] systemd[1]: Mounting Kernel Debug File System...
[    1.884340] systemd[1]: Mounting Kernel Trace File System...
[    1.886966] systemd[1]: Starting Journal Service...
[    1.912690] systemd[1]: Starting Set the console keyboard layout...
[    1.918176] systemd[1]: Starting Create list of static device nodes for the current kernel...
[    1.923325] systemd[1]: Starting Load Kernel Module drm...
[    1.925776] systemd[1]: Condition check resulted in Set Up Additional Binary Formats being skipped.
[    1.925827] systemd[1]: Condition check resulted in File System Check on Root Device being skipped.
[    1.932473] systemd[1]: Starting Load Kernel Modules...
[    1.933276] systemd[1]: Starting Remount Root and Kernel File Systems...
[    1.934093] systemd[1]: Starting udev Coldplug all Devices...
[    1.934935] systemd[1]: Starting Uncomplicated firewall...
[    1.976899] systemd[1]: Mounted Huge Pages File System.
[    1.976995] systemd[1]: Mounted POSIX Message Queue File System.
[    1.977076] systemd[1]: Mounted Kernel Debug File System.
[    1.977153] systemd[1]: Mounted Kernel Trace File System.
[    1.986009] systemd[1]: Finished Create list of static device nodes for the current kernel.
[    1.986475] systemd[1]: modprobe@drm.service: Succeeded.
[    1.988192] EXT4-fs (sda2): re-mounted. Opts: errors=remount-ro
[    1.988920] systemd[1]: Finished Load Kernel Module drm.
[    2.013397] systemd[1]: Finished Remount Root and Kernel File Systems.
[    2.016089] systemd[1]: Finished Uncomplicated firewall.
[    2.033279] systemd[1]: Condition check resulted in Rebuild Hardware Database being skipped.
[    2.033323] systemd[1]: Condition check resulted in Platform Persistent Storage Archival being skipped.
[    2.034299] systemd[1]: Starting Load/Save Random Seed...
[    2.040041] systemd[1]: Starting Create System Users...
[    2.045859] lp: driver loaded but no devices found
[    2.052132] systemd[1]: Finished Load/Save Random Seed.
[    2.053753] ppdev: user-space parallel port driver
[    2.064204] systemd[1]: Finished Create System Users.
[    2.064975] systemd[1]: Starting Create Static Device Nodes in /dev...
[    2.088754] systemd[1]: Finished Create Static Device Nodes in /dev.
[    2.089657] systemd[1]: Starting udev Kernel Device Manager...
[    2.114125] systemd[1]: Finished udev Coldplug all Devices.
[    2.136507] [drm] DMA map mode: Caching DMA mappings.
[    2.136603] [drm] Capabilities:
[    2.136603] [drm]   Rect copy.
[    2.136603] [drm]   Cursor.
[    2.136604] [drm]   Cursor bypass.
[    2.136604] [drm]   Cursor bypass 2.
[    2.136604] [drm]   Alpha cursor.
[    2.136605] [drm]   Extended Fifo.
[    2.136605] [drm]   Pitchlock.
[    2.136606] [drm]   Irq mask.
[    2.136606] [drm]   GMR.
[    2.136606] [drm]   Traces.
[    2.136607] [drm]   GMR2.
[    2.136607] [drm]   Screen Object 2.
[    2.136608] [drm]   Command Buffers.
[    2.136608] [drm]   Command Buffers 2.
[    2.136608] [drm]   Guest Backed Resources.
[    2.136609] [drm] Max GMR ids is 8192
[    2.136610] [drm] Max number of GMR pages is 1048576
[    2.136610] [drm] Max dedicated hypervisor surface memory is 393216 kiB
[    2.136611] [drm] Maximum display memory size is 131072 kiB
[    2.136612] [drm] VRAM at 0xe0000000 size is 131072 kiB
[    2.136612] [drm] MMIO at 0xf0000000 size is 2048 kiB
[    2.137689] [TTM] Zone  kernel: Available graphics memory: 1011738 KiB
[    2.137690] [TTM] Initializing pool allocator
[    2.137693] [TTM] Initializing DMA pool allocator
[    2.137725] [drm] Supports vblank timestamp caching Rev 2 (21.10.2013).
[    2.137725] [drm] No driver support for vblank timestamp query.
[    2.137989] [drm] Screen Target Display device initialized
[    2.138179] [drm] width 720
[    2.138189] [drm] height 400
[    2.138193] [drm] bpp 32
[    2.138716] [drm] Fifo max 0x00200000 min 0x00001000 cap 0x00000355
[    2.140938] [drm] Using command buffers with DMA pool.
[    2.140945] [drm] DX: no.
[    2.140945] [drm] Atomic: yes.
[    2.140946] [drm] SM4_1: no.
[    2.140965] [drm:vmw_host_log [vmwgfx]] *ERROR* Failed to send host log message.
[    2.141995] [drm:vmw_host_log [vmwgfx]] *ERROR* Failed to send host log message.
[    2.157721] fbcon: svgadrmfb (fb0) is primary device
[    2.160048] Console: switching to colour frame buffer device 100x37
[    2.183467] [drm] Initialized vmwgfx 2.15.0 20180704 for 0000:00:02.0 on minor 0
[    2.185642] systemd[1]: Finished Load Kernel Modules.
[    2.186609] systemd[1]: Mounting FUSE Control File System...
[    2.187871] systemd[1]: Mounting Kernel Configuration File System...
[    2.207672] systemd[1]: Starting Apply Kernel Variables...
[    2.214083] systemd[1]: Mounted FUSE Control File System.
[    2.214154] systemd[1]: Condition check resulted in VMware vmblock fuse mount being skipped.
[    2.219903] systemd[1]: Mounted Kernel Configuration File System.
[    2.225877] systemd[1]: Finished Set the console keyboard layout.
[    2.225978] systemd[1]: Reached target Local File Systems (Pre).
[    2.229766] systemd[1]: Mounting Mount unit for bare, revision 5...
[    2.235257] systemd[1]: Mounting Mount unit for core18, revision 1705...
[    2.236497] systemd[1]: Mounting Mount unit for gnome-3-34-1804, revision 24...
[    2.243997] systemd[1]: Mounting Mount unit for gtk-common-themes, revision 1506...
[    2.264561] systemd[1]: Mounting Mount unit for gtk-common-themes, revision 1535...
[    2.277436] systemd[1]: Mounting Mount unit for snap-store, revision 433...
[    2.288207] systemd[1]: Mounting Mount unit for snapd, revision 7264...
[    2.322658] systemd[1]: Finished Apply Kernel Variables.
[    2.322832] systemd[1]: Mounted Mount unit for bare, revision 5.
[    2.329760] systemd[1]: Mounted Mount unit for core18, revision 1705.
[    2.329860] systemd[1]: Mounted Mount unit for gnome-3-34-1804, revision 24.
[    2.331770] systemd[1]: Started udev Kernel Device Manager.
[    2.332573] systemd[1]: Starting Show Plymouth Boot Screen...
[    2.337627] systemd[1]: Mounted Mount unit for gtk-common-themes, revision 1506.
[    2.337727] systemd[1]: Received SIGRTMIN+20 from PID 270 (plymouthd).
[    2.378591] systemd[1]: Started Show Plymouth Boot Screen.
[    2.378876] systemd[1]: Condition check resulted in Dispatch Password Requests to Console Directory Watch being skipped.
[    2.378977] systemd[1]: Started Forward Password Requests to Plymouth Directory Watch.
[    2.379054] systemd[1]: Reached target Local Encrypted Volumes.
[    2.395163] systemd[1]: Mounted Mount unit for gtk-common-themes, revision 1535.
[    2.425959] systemd[1]: Mounted Mount unit for snapd, revision 7264.
[    2.428131] systemd[1]: Mounted Mount unit for snap-store, revision 433.
[    2.428263] systemd[1]: Reached target Local File Systems.
[    2.429057] systemd[1]: Starting Load AppArmor profiles...
[    2.429928] systemd[1]: Starting Set console font and keymap...
[    2.430792] systemd[1]: Starting Tell Plymouth To Write Out Runtime Data...
[    2.430901] systemd[1]: Condition check resulted in Store a System Token in an EFI Variable being skipped.
[    2.430957] systemd[1]: Condition check resulted in Commit a transient machine-id on disk being skipped.
[    2.451125] systemd[1]: Finished Set console font and keymap.
[    2.454650] systemd[1]: Received SIGRTMIN+20 from PID 270 (plymouthd).
[    2.456109] systemd[1]: plymouth-read-write.service: Succeeded.
[    2.456374] systemd[1]: Finished Tell Plymouth To Write Out Runtime Data.
[    2.495287] audit: type=1400 audit(1768647607.352:2): apparmor="STATUS" operation="profile_load" profile="unconfined" name="nvidia_modprobe" pid=299 comm="apparmor_parser"
[    2.495289] audit: type=1400 audit(1768647607.352:3): apparmor="STATUS" operation="profile_load" profile="unconfined" name="nvidia_modprobe//kmod" pid=299 comm="apparmor_parser"
[    2.501922] audit: type=1400 audit(1768647607.360:4): apparmor="STATUS" operation="profile_load" profile="unconfined" name="/usr/sbin/tcpdump" pid=300 comm="apparmor_parser"
[    2.546144] audit: type=1400 audit(1768647607.400:5): apparmor="STATUS" operation="profile_load" profile="unconfined" name="/usr/bin/evince" pid=302 comm="apparmor_parser"
[    2.546146] audit: type=1400 audit(1768647607.400:6): apparmor="STATUS" operation="profile_load" profile="unconfined" name="/usr/bin/evince//sanitized_helper" pid=302 comm="apparmor_parser"
[    2.546148] audit: type=1400 audit(1768647607.400:7): apparmor="STATUS" operation="profile_load" profile="unconfined" name="/usr/bin/evince-previewer" pid=302 comm="apparmor_parser"
[    2.546149] audit: type=1400 audit(1768647607.400:8): apparmor="STATUS" operation="profile_load" profile="unconfined" name="/usr/bin/evince-previewer//sanitized_helper" pid=302 comm="apparmor_parser"
[    2.546151] audit: type=1400 audit(1768647607.400:9): apparmor="STATUS" operation="profile_load" profile="unconfined" name="/usr/bin/evince-thumbnailer" pid=302 comm="apparmor_parser"
[    2.560122] audit: type=1400 audit(1768647607.416:10): apparmor="STATUS" operation="profile_load" profile="unconfined" name="/usr/lib/cups/backend/cups-pdf" pid=303 comm="apparmor_parser"
[    2.642155] systemd[1]: Finished Load AppArmor profiles.
[    2.643171] systemd[1]: Starting Load AppArmor profiles managed internally by snapd...
[    2.713515] systemd[1]: Finished Load AppArmor profiles managed internally by snapd.
[    2.868525] systemd[1]: Started Journal Service.
[    2.877301] systemd-journald[229]: Received client request to flush runtime journal.
[    2.881720] systemd-journald[229]: File /var/log/journal/c455b248004a419c87ce85eea238d727/system.journal corrupted or uncleanly shut down, renaming and replacing.
[    4.139159] RAPL PMU: API unit is 2^-32 Joules, 0 fixed counters, 10737418240 ms ovfl timer
[    4.170398] cryptd: max_cpu_qlen set to 1000
[    4.215231] AVX2 version of gcm_enc/dec engaged.
[    4.215232] AES CTR mode by8 optimization enabled
[    5.250278] Adding 1998844k swap on /dev/sda1.  Priority:-2 extents:1 across:1998844k FS
[    7.081065] kauditd_printk_skb: 30 callbacks suppressed
[    7.081066] audit: type=1400 audit(1768647611.936:41): apparmor="DENIED" operation="capable" profile="/usr/sbin/cups-browsed" pid=496 comm="cups-browsed" capability=23  capname="sys_nice"
[    7.547146] pcnet32 0000:00:03.0 enp0s3: link up, 100Mbps, full-duplex
[    7.563114] pcnet32 0000:00:08.0 enp0s8: link up, 100Mbps, full-duplex
[    7.589874] e1000: enp0s9 NIC Link is Up 1000 Mbps Full Duplex, Flow Control: RX
[    7.590165] IPv6: ADDRCONF(NETDEV_CHANGE): enp0s9: link becomes ready
[    8.028816] device enp0s8 entered promiscuous mode
[    8.058058] device enp0s3 entered promiscuous mode
[    8.083371] audit: type=1400 audit(1768647612.940:42): apparmor="DENIED" operation="open" profile="/usr/sbin/tcpdump" name="/proc/sys/kernel/random/boot_id" pid=672 comm="tcpdump" requested_mask="r" denied_mask="r" fsuid=0 ouid=0
[    8.084047] audit: type=1400 audit(1768647612.944:43): apparmor="DENIED" operation="open" profile="/usr/sbin/tcpdump" name="/proc/sys/kernel/random/boot_id" pid=672 comm="tcpdump" requested_mask="r" denied_mask="r" fsuid=0 ouid=0
[    8.084192] audit: type=1400 audit(1768647612.944:44): apparmor="DENIED" operation="open" profile="/usr/sbin/tcpdump" name="/proc/sys/kernel/random/boot_id" pid=672 comm="tcpdump" requested_mask="r" denied_mask="r" fsuid=0 ouid=0
[    8.084212] audit: type=1400 audit(1768647612.944:45): apparmor="DENIED" operation="open" profile="/usr/sbin/tcpdump" name="/proc/sys/kernel/random/boot_id" pid=672 comm="tcpdump" requested_mask="r" denied_mask="r" fsuid=0 ouid=0
[    8.084685] audit: type=1400 audit(1768647612.944:46): apparmor="DENIED" operation="open" profile="/usr/sbin/tcpdump" name="/proc/sys/kernel/random/boot_id" pid=673 comm="tcpdump" requested_mask="r" denied_mask="r" fsuid=0 ouid=0
[    8.085312] audit: type=1400 audit(1768647612.944:47): apparmor="DENIED" operation="open" profile="/usr/sbin/tcpdump" name="/proc/sys/kernel/random/boot_id" pid=673 comm="tcpdump" requested_mask="r" denied_mask="r" fsuid=0 ouid=0
[    8.085821] audit: type=1400 audit(1768647612.944:48): apparmor="DENIED" operation="open" profile="/usr/sbin/tcpdump" name="/proc/sys/kernel/random/boot_id" pid=673 comm="tcpdump" requested_mask="r" denied_mask="r" fsuid=0 ouid=0
[    8.085840] audit: type=1400 audit(1768647612.944:49): apparmor="DENIED" operation="open" profile="/usr/sbin/tcpdump" name="/proc/sys/kernel/random/boot_id" pid=673 comm="tcpdump" requested_mask="r" denied_mask="r" fsuid=0 ouid=0
[    8.089751] audit: type=1400 audit(1768647612.948:50): apparmor="DENIED" operation="open" profile="/usr/sbin/tcpdump" name="/proc/sys/kernel/random/boot_id" pid=674 comm="tcpdump" requested_mask="r" denied_mask="r" fsuid=0 ouid=0
[   12.708080] rfkill: input handler disabled
[  291.523242] AAAAA-TCP_FORW: name:enp0s3: saddr:33561200: daddr:100932208
[  291.775706] AAAAA-TCP_FORW: name:enp0s3: saddr:33561200: daddr:100932208
[  291.908682] AAAAA-TCP_FORW: name:enp0s3: saddr:33561200: daddr:100932208
[  292.262984] AAAAA-TCP_FORW: name:enp0s3: saddr:33561200: daddr:100932208
[  292.495153] AAAAA-TCP_FORW: name:enp0s3: saddr:33561200: daddr:100932208
[  292.670408] AAAAA-TCP_FORW: name:enp0s3: saddr:33561200: daddr:100932208
[  292.754652] AAAAA-TCP_FORW: name:enp0s3: saddr:33561200: daddr:100932208
[  292.802262] AAAAA-TCP_FORW: name:enp0s3: saddr:33561200: daddr:100932208
[  292.961226] AAAAA-TCP_FORW: name:enp0s3: saddr:33561200: daddr:100932208
[  293.067636] AAAAA-TCP_FORW: name:enp0s3: saddr:33561200: daddr:100932208
[  293.225018] AAAAA-TCP_FORW: name:enp0s3: saddr:33561200: daddr:100932208
[  293.339923] AAAAA-TCP_FORW: name:enp0s3: saddr:33561200: daddr:100932208
[  293.590497] AAAAA-TCP_FORW: name:enp0s3: saddr:33561200: daddr:100932208
[  294.006782] AAAAA-TCP_FORW: name:enp0s3: saddr:33561200: daddr:100932208
[  294.197478] AAAAA-TCP_FORW: name:enp0s3: saddr:33561200: daddr:100932208
[  294.354125] AAAAA-TCP_FORW: name:enp0s3: saddr:33561200: daddr:100932208
[  294.668552] AAAAA-TCP_FORW: name:enp0s3: saddr:33561200: daddr:100932208
[  295.367436] AAAAA-TCP_FORW: name:enp0s3: saddr:33561200: daddr:100932208
[  341.135243] AAAAA-TCP_FORW: name:enp0s8: saddr:100932208: daddr:16783984
[  341.136159] AAAAA-TCP_FORW: name:enp0s3: saddr:16783984: daddr:100932208
[  341.333952] AAAAA-TCP_FORW: name:enp0s3: saddr:16783984: daddr:100932208
[  341.479126] AAAAA-TCP_FORW: name:enp0s8: saddr:100932208: daddr:16783984
[  341.479959] AAAAA-TCP_FORW: name:enp0s3: saddr:16783984: daddr:100932208
[  341.599471] AAAAA-TCP_FORW: name:enp0s8: saddr:100932208: daddr:16783984
[  341.600583] AAAAA-TCP_FORW: name:enp0s3: saddr:16783984: daddr:100932208
[  341.673979] AAAAA-TCP_FORW: name:enp0s8: saddr:100932208: daddr:16783984
[  341.675011] AAAAA-TCP_FORW: name:enp0s3: saddr:16783984: daddr:100932208
[  341.707581] AAAAA-TCP_FORW: name:enp0s8: saddr:100932208: daddr:33561200
[  341.708429] AAAAA-TCP_FORW: name:enp0s3: saddr:33561200: daddr:100932208
[  341.741117] AAAAA-TCP_FORW: name:enp0s8: saddr:100932208: daddr:16783984
[  341.742116] AAAAA-TCP_FORW: name:enp0s3: saddr:16783984: daddr:100932208
[  341.771719] AAAAA-TCP_FORW: name:enp0s8: saddr:100932208: daddr:16783984
[  341.772684] AAAAA-TCP_FORW: name:enp0s3: saddr:16783984: daddr:100932208
[  341.797757] AAAAA-TCP_FORW: name:enp0s8: saddr:100932208: daddr:16783984
[  341.798718] AAAAA-TCP_FORW: name:enp0s3: saddr:16783984: daddr:100932208
[  341.879741] AAAAA-TCP_FORW: name:enp0s8: saddr:100932208: daddr:16783984
[  341.880699] AAAAA-TCP_FORW: name:enp0s3: saddr:16783984: daddr:100932208
[  341.908791] AAAAA-TCP_FORW: name:enp0s8: saddr:100932208: daddr:16783984
[  341.909701] AAAAA-TCP_FORW: name:enp0s3: saddr:16783984: daddr:100932208
[  341.938151] AAAAA-TCP_FORW: name:enp0s8: saddr:100932208: daddr:16783984
[  341.939050] AAAAA-TCP_FORW: name:enp0s3: saddr:16783984: daddr:100932208
[  341.967380] AAAAA-TCP_FORW: name:enp0s8: saddr:100932208: daddr:16783984
[  341.968362] AAAAA-TCP_FORW: name:enp0s3: saddr:16783984: daddr:100932208
[  342.000349] AAAAA-TCP_FORW: name:enp0s8: saddr:100932208: daddr:16783984
[  342.001321] AAAAA-TCP_FORW: name:enp0s3: saddr:16783984: daddr:100932208
[  342.031706] AAAAA-TCP_FORW: name:enp0s8: saddr:100932208: daddr:16783984
[  342.032635] AAAAA-TCP_FORW: name:enp0s3: saddr:16783984: daddr:100932208
[  342.081621] AAAAA-TCP_FORW: name:enp0s8: saddr:100932208: daddr:16783984
[  342.082636] AAAAA-TCP_FORW: name:enp0s3: saddr:16783984: daddr:100932208
[  342.141761] AAAAA-TCP_FORW: name:enp0s8: saddr:100932208: daddr:16783984
[  342.142700] AAAAA-TCP_FORW: name:enp0s3: saddr:16783984: daddr:100932208
[  342.176900] AAAAA-TCP_FORW: name:enp0s3: saddr:16783984: daddr:100932208
[  342.367278] AAAAA-TCP_FORW: name:enp0s8: saddr:100932208: daddr:16783984
[  342.368107] AAAAA-TCP_FORW: name:enp0s3: saddr:16783984: daddr:100932208
[  342.485241] AAAAA-TCP_FORW: name:enp0s8: saddr:100932208: daddr:16783984
[  342.486386] AAAAA-TCP_FORW: name:enp0s3: saddr:16783984: daddr:100932208
[  342.560703] AAAAA-TCP_FORW: name:enp0s8: saddr:100932208: daddr:16783984
[  342.561858] AAAAA-TCP_FORW: name:enp0s3: saddr:16783984: daddr:100932208
[  342.788237] AAAAA-TCP_FORW: name:enp0s8: saddr:100932208: daddr:16783984
[  342.789658] AAAAA-TCP_FORW: name:enp0s3: saddr:16783984: daddr:100932208
[  342.879448] AAAAA-TCP_FORW: name:enp0s8: saddr:100932208: daddr:16783984
[  342.880270] AAAAA-TCP_FORW: name:enp0s3: saddr:16783984: daddr:100932208
[  342.974424] AAAAA-TCP_FORW: name:enp0s8: saddr:100932208: daddr:16783984
[  342.975304] AAAAA-TCP_FORW: name:enp0s3: saddr:16783984: daddr:100932208
[  343.121080] AAAAA-TCP_FORW: name:enp0s8: saddr:100932208: daddr:16783984
[  343.122189] AAAAA-TCP_FORW: name:enp0s3: saddr:16783984: daddr:100932208
[  343.234378] AAAAA-TCP_FORW: name:enp0s8: saddr:100932208: daddr:16783984
[  343.235776] AAAAA-TCP_FORW: name:enp0s3: saddr:16783984: daddr:100932208
[  343.411503] AAAAA-TCP_FORW: name:enp0s8: saddr:100932208: daddr:16783984
[  343.413030] AAAAA-TCP_FORW: name:enp0s3: saddr:16783984: daddr:100932208
[  343.641800] AAAAA-TCP_FORW: name:enp0s8: saddr:100932208: daddr:33561200
[  343.642836] AAAAA-TCP_FORW: name:enp0s3: saddr:33561200: daddr:100932208
[  343.777103] AAAAA-TCP_FORW: name:enp0s8: saddr:100932208: daddr:16783984
[  343.778146] AAAAA-TCP_FORW: name:enp0s3: saddr:16783984: daddr:100932208
[  343.930324] AAAAA-TCP_FORW: name:enp0s8: saddr:100932208: daddr:16783984
[  343.995375] AAAAA-TCP_FORW: name:enp0s8: saddr:100932208: daddr:16783984
[  344.096770] AAAAA-TCP_FORW: name:enp0s8: saddr:100932208: daddr:16783984
[  344.212474] AAAAA-TCP_FORW: name:enp0s8: saddr:100932208: daddr:16783984
[  344.307284] AAAAA-TCP_FORW: name:enp0s8: saddr:100932208: daddr:16783984
[  344.415603] AAAAA-TCP_FORW: name:enp0s8: saddr:100932208: daddr:16783984
[  344.524340] AAAAA-TCP_FORW: name:enp0s8: saddr:100932208: daddr:16783984
[  344.614848] AAAAA-TCP_FORW: name:enp0s8: saddr:100932208: daddr:16783984
[  344.710605] AAAAA-TCP_FORW: name:enp0s8: saddr:100932208: daddr:16783984
[  344.865501] AAAAA-TCP_FORW: name:enp0s8: saddr:100932208: daddr:16783984
[  344.929866] AAAAA-TCP_FORW: name:enp0s8: saddr:100932208: daddr:16783984
[  345.035336] AAAAA-TCP_FORW: name:enp0s8: saddr:100932208: daddr:16783984
[  345.166384] AAAAA-TCP_FORW: name:enp0s8: saddr:100932208: daddr:16783984
[  345.287042] AAAAA-TCP_FORW: name:enp0s8: saddr:100932208: daddr:16783984
[  345.420691] AAAAA-TCP_FORW: name:enp0s8: saddr:100932208: daddr:16783984
[  345.534065] AAAAA-TCP_FORW: name:enp0s8: saddr:100932208: daddr:16783984
[  345.786428] AAAAA-TCP_FORW: name:enp0s8: saddr:100932208: daddr:16783984
[  345.839484] AAAAA-TCP_FORW: name:enp0s8: saddr:100932208: daddr:16783984
[  345.929318] AAAAA-TCP_FORW: name:enp0s8: saddr:100932208: daddr:16783984
[  346.064471] AAAAA-TCP_FORW: name:enp0s8: saddr:100932208: daddr:16783984
[  346.237397] AAAAA-TCP_FORW: name:enp0s8: saddr:100932208: daddr:16783984
[  346.389650] AAAAA-TCP_FORW: name:enp0s8: saddr:100932208: daddr:16783984
[  346.518652] AAAAA-TCP_FORW: name:enp0s8: saddr:100932208: daddr:16783984
[  346.667832] AAAAA-TCP_FORW: name:enp0s8: saddr:100932208: daddr:16783984
[  346.835015] AAAAA-TCP_FORW: name:enp0s8: saddr:100932208: daddr:16783984
[  347.174323] AAAAA-TCP_FORW: name:enp0s8: saddr:100932208: daddr:16783984
[  347.396005] AAAAA-TCP_FORW: name:enp0s8: saddr:100932208: daddr:16783984
[  372.889483] AAAAA-TCP_FORW: name:enp0s8: saddr:100932208: daddr:16783984
[  373.340621] AAAAA-TCP_FORW: name:enp0s8: saddr:100932208: daddr:16783984
[  373.632055] AAAAA-TCP_FORW: name:enp0s8: saddr:100932208: daddr:33561200
[  373.835686] AAAAA-TCP_FORW: name:enp0s8: saddr:100932208: daddr:16783984
[  373.944782] AAAAA-TCP_FORW: name:enp0s8: saddr:100932208: daddr:33561200
[  374.265393] AAAAA-TCP_FORW: name:enp0s8: saddr:100932208: daddr:16783984
[  374.323139] AAAAA-TCP_FORW: name:enp0s8: saddr:100932208: daddr:16783984
[  374.403213] AAAAA-TCP_FORW: name:enp0s8: saddr:100932208: daddr:33561200
[  374.485546] AAAAA-TCP_FORW: name:enp0s8: saddr:100932208: daddr:33561200
[  374.567661] AAAAA-TCP_FORW: name:enp0s8: saddr:100932208: daddr:16783984
[  374.696124] AAAAA-TCP_FORW: name:enp0s8: saddr:100932208: daddr:16783984
[  374.790138] AAAAA-TCP_FORW: name:enp0s8: saddr:100932208: daddr:33561200
[  374.958652] AAAAA-TCP_FORW: name:enp0s8: saddr:100932208: daddr:33561200
[  375.067811] AAAAA-TCP_FORW: name:enp0s8: saddr:100932208: daddr:33561200
[  375.131585] AAAAA-TCP_FORW: name:enp0s8: saddr:100932208: daddr:16783984
[  375.181114] AAAAA-TCP_FORW: name:enp0s8: saddr:100932208: daddr:16783984
[  478.953155] rfkill: input handler enabled
[  487.526685] rfkill: input handler disabled
[  650.089201] device enp0s3 left promiscuous mode
[  650.090769] device enp0s8 left promiscuous mode
