[    0.000000] Linux version 5.4.243-mptcp (root@ztg) (gcc version 12.2.0 (Debian 12.2.0-14+deb12u1)) #53 SMP Wed Dec 24 23:28:15 CST 2025
[    0.000000] Command line: BOOT_IMAGE=/boot/vmlinuz-5.4.243-mptcp root=UUID=98415a12-53b7-4144-8265-0f7ece09e445 ro quiet splash
[    0.000000] KERNEL supported cpus:
[    0.000000]   Intel GenuineIntel
[    0.000000]   AMD AuthenticAMD
[    0.000000]   Hygon HygonGenuine
[    0.000000]   Centaur CentaurHauls
[    0.000000]   zhaoxin   Shanghai  
[    0.000000] x86/fpu: Supporting XSAVE feature 0x001: 'x87 floating point registers'
[    0.000000] x86/fpu: Supporting XSAVE feature 0x002: 'SSE registers'
[    0.000000] x86/fpu: Supporting XSAVE feature 0x004: 'AVX registers'
[    0.000000] x86/fpu: xstate_offset[2]:  576, xstate_sizes[2]:  256
[    0.000000] x86/fpu: Enabled xstate features 0x7, context size is 832 bytes, using 'standard' format.
[    0.000000] BIOS-provided physical RAM map:
[    0.000000] BIOS-e820: [mem 0x0000000000000000-0x000000000009fbff] usable
[    0.000000] BIOS-e820: [mem 0x000000000009fc00-0x000000000009ffff] reserved
[    0.000000] BIOS-e820: [mem 0x00000000000f0000-0x00000000000fffff] reserved
[    0.000000] BIOS-e820: [mem 0x0000000000100000-0x000000007ffeffff] usable
[    0.000000] BIOS-e820: [mem 0x000000007fff0000-0x000000007fffffff] ACPI data
[    0.000000] BIOS-e820: [mem 0x00000000fec00000-0x00000000fec00fff] reserved
[    0.000000] BIOS-e820: [mem 0x00000000fee00000-0x00000000fee00fff] reserved
[    0.000000] BIOS-e820: [mem 0x00000000fffc0000-0x00000000ffffffff] reserved
[    0.000000] NX (Execute Disable) protection: active
[    0.000000] SMBIOS 2.5 present.
[    0.000000] DMI: innotek GmbH VirtualBox/VirtualBox, BIOS VirtualBox 12/01/2006
[    0.000000] Hypervisor detected: KVM
[    0.000000] kvm-clock: Using msrs 4b564d01 and 4b564d00
[    0.000000] kvm-clock: cpu 0, msr 76001001, primary cpu clock
[    0.000000] kvm-clock: using sched offset of 4462799070 cycles
[    0.000003] clocksource: kvm-clock: mask: 0xffffffffffffffff max_cycles: 0x1cd42e4dffb, max_idle_ns: 881590591483 ns
[    0.000005] tsc: Detected 2100.000 MHz processor
[    0.001866] e820: update [mem 0x00000000-0x00000fff] usable ==> reserved
[    0.001868] e820: remove [mem 0x000a0000-0x000fffff] usable
[    0.001872] last_pfn = 0x7fff0 max_arch_pfn = 0x400000000
[    0.001940] MTRR default type: uncachable
[    0.001940] MTRR fixed ranges enabled:
[    0.001941]   00000-9FFFF write-back
[    0.001942]   A0000-BFFFF uncachable
[    0.001943]   C0000-FFFFF write-protect
[    0.001943] MTRR variable ranges enabled:
[    0.001945]   0 base 000000000000 mask 3FFF80000000 write-back
[    0.001946]   1 disabled
[    0.001946]   2 disabled
[    0.001946]   3 disabled
[    0.001947]   4 disabled
[    0.001947]   5 disabled
[    0.001948]   6 disabled
[    0.001948]   7 disabled
[    0.001949]   8 disabled
[    0.001949]   9 disabled
[    0.001949]   10 disabled
[    0.001950]   11 disabled
[    0.001950]   12 disabled
[    0.001951]   13 disabled
[    0.001951]   14 disabled
[    0.001951]   15 disabled
[    0.001968] x86/PAT: Configuration [0-7]: WB  WC  UC- UC  WB  WP  UC- WT  
[    0.002102] found SMP MP-table at [mem 0x0009fff0-0x0009ffff]
[    0.092935] check: Scanning 1 areas for low memory corruption
[    0.093173] RAMDISK: [mem 0x32271000-0x3512ffff]
[    0.093180] ACPI: Early table checksum verification disabled
[    0.093186] ACPI: RSDP 0x00000000000E0000 000024 (v02 VBOX  )
[    0.093190] ACPI: XSDT 0x000000007FFF0030 00003C (v01 VBOX   VBOXXSDT 00000001 ASL  00000061)
[    0.093196] ACPI: FACP 0x000000007FFF00F0 0000F4 (v04 VBOX   VBOXFACP 00000001 ASL  00000061)
[    0.093203] ACPI: DSDT 0x000000007FFF02E0 002353 (v02 VBOX   VBOXBIOS 00000002 VBOX 00029BF3)
[    0.093207] ACPI: FACS 0x000000007FFF0200 000040
[    0.093210] ACPI: FACS 0x000000007FFF0200 000040
[    0.093213] ACPI: APIC 0x000000007FFF0240 000054 (v02 VBOX   VBOXAPIC 00000001 ASL  00000061)
[    0.093217] ACPI: SSDT 0x000000007FFF02A0 000038 (v01 VBOX   VBOXCPUT 00000002 VBOX 00029BF3)
[    0.093220] ACPI: Reserving FACP table memory at [mem 0x7fff00f0-0x7fff01e3]
[    0.093221] ACPI: Reserving DSDT table memory at [mem 0x7fff02e0-0x7fff2632]
[    0.093222] ACPI: Reserving FACS table memory at [mem 0x7fff0200-0x7fff023f]
[    0.093222] ACPI: Reserving FACS table memory at [mem 0x7fff0200-0x7fff023f]
[    0.093223] ACPI: Reserving APIC table memory at [mem 0x7fff0240-0x7fff0293]
[    0.093224] ACPI: Reserving SSDT table memory at [mem 0x7fff02a0-0x7fff02d7]
[    0.093238] ACPI: Local APIC address 0xfee00000
[    0.093420] No NUMA configuration found
[    0.093421] Faking a node at [mem 0x0000000000000000-0x000000007ffeffff]
[    0.093431] NODE_DATA(0) allocated [mem 0x7ffc5000-0x7ffeffff]
[    0.093691] Zone ranges:
[    0.093692]   DMA      [mem 0x0000000000001000-0x0000000000ffffff]
[    0.093693]   DMA32    [mem 0x0000000001000000-0x000000007ffeffff]
[    0.093694]   Normal   empty
[    0.093694]   Device   empty
[    0.093695] Movable zone start for each node
[    0.093697] Early memory node ranges
[    0.093698]   node   0: [mem 0x0000000000001000-0x000000000009efff]
[    0.093699]   node   0: [mem 0x0000000000100000-0x000000007ffeffff]
[    0.093702] Zeroed struct page in unavailable ranges: 114 pages
[    0.093703] Initmem setup node 0 [mem 0x0000000000001000-0x000000007ffeffff]
[    0.093704] On node 0 totalpages: 524174
[    0.093705]   DMA zone: 64 pages used for memmap
[    0.093705]   DMA zone: 21 pages reserved
[    0.093706]   DMA zone: 3998 pages, LIFO batch:0
[    0.093779]   DMA32 zone: 8128 pages used for memmap
[    0.093779]   DMA32 zone: 520176 pages, LIFO batch:63
[    0.103228] ACPI: PM-Timer IO Port: 0x4008
[    0.103231] ACPI: Local APIC address 0xfee00000
[    0.103293] IOAPIC[0]: apic_id 1, version 32, address 0xfec00000, GSI 0-23
[    0.103297] ACPI: INT_SRC_OVR (bus 0 bus_irq 0 global_irq 2 dfl dfl)
[    0.103298] ACPI: INT_SRC_OVR (bus 0 bus_irq 9 global_irq 9 low level)
[    0.103300] ACPI: IRQ0 used by override.
[    0.103301] ACPI: IRQ9 used by override.
[    0.103304] Using ACPI (MADT) for SMP configuration information
[    0.103310] smpboot: Allowing 1 CPUs, 0 hotplug CPUs
[    0.103331] PM: Registered nosave memory: [mem 0x00000000-0x00000fff]
[    0.103332] PM: Registered nosave memory: [mem 0x0009f000-0x0009ffff]
[    0.103333] PM: Registered nosave memory: [mem 0x000a0000-0x000effff]
[    0.103333] PM: Registered nosave memory: [mem 0x000f0000-0x000fffff]
[    0.103335] [mem 0x80000000-0xfebfffff] available for PCI devices
[    0.103336] Booting paravirtualized kernel on KVM
[    0.103338] clocksource: refined-jiffies: mask: 0xffffffff max_cycles: 0xffffffff, max_idle_ns: 7645519600211568 ns
[    0.103342] setup_percpu: NR_CPUS:8192 nr_cpumask_bits:1 nr_cpu_ids:1 nr_node_ids:1
[    0.104343] percpu: Embedded 60 pages/cpu s208896 r8192 d28672 u2097152
[    0.104348] pcpu-alloc: s208896 r8192 d28672 u2097152 alloc=1*2097152
[    0.104349] pcpu-alloc: [0] 0 
[    0.104374] Built 1 zonelists, mobility grouping on.  Total pages: 515961
[    0.104375] Policy zone: DMA32
[    0.104376] Kernel command line: BOOT_IMAGE=/boot/vmlinuz-5.4.243-mptcp root=UUID=98415a12-53b7-4144-8265-0f7ece09e445 ro quiet splash
[    0.105210] Dentry cache hash table entries: 262144 (order: 9, 2097152 bytes, linear)
[    0.105357] Inode-cache hash table entries: 131072 (order: 8, 1048576 bytes, linear)
[    0.105406] mem auto-init: stack:off, heap alloc:on, heap free:off
[    0.105408] Calgary: detecting Calgary via BIOS EBDA area
[    0.105409] Calgary: Unable to locate Rio Grande table in EBDA - bailing!
[    0.110195] Memory: 1967332K/2096696K available (14339K kernel code, 2398K rwdata, 4712K rodata, 2728K init, 17260K bss, 129364K reserved, 0K cma-reserved)
[    0.111117] SLUB: HWalign=64, Order=0-3, MinObjects=0, CPUs=1, Nodes=1
[    0.111134] ftrace: allocating 43186 entries in 169 pages
[    0.129226] rcu: Hierarchical RCU implementation.
[    0.129228] rcu: 	RCU restricting CPUs from NR_CPUS=8192 to nr_cpu_ids=1.
[    0.129229] 	Tasks RCU enabled.
[    0.129230] rcu: RCU calculated value of scheduler-enlistment delay is 25 jiffies.
[    0.129231] rcu: Adjusting geometry for rcu_fanout_leaf=16, nr_cpu_ids=1
[    0.132198] NR_IRQS: 524544, nr_irqs: 256, preallocated irqs: 16
[    0.132406] random: crng init done
[    0.141752] Console: colour VGA+ 80x25
[    0.141756] printk: console [tty0] enabled
[    0.141775] ACPI: Core revision 20190816
[    0.141867] APIC: Switch to symmetric I/O mode setup
[    0.142114] x2apic enabled
[    0.142353] Switched APIC routing to physical x2apic.
[    0.143500] ..TIMER: vector=0x30 apic1=0 pin1=2 apic2=-1 pin2=-1
[    0.143524] clocksource: tsc-early: mask: 0xffffffffffffffff max_cycles: 0x1e4530a99b6, max_idle_ns: 440795257976 ns
[    0.143529] Calibrating delay loop (skipped) preset value.. 4200.00 BogoMIPS (lpj=8400000)
[    0.143531] pid_max: default: 32768 minimum: 301
[    0.143559] LSM: Security Framework initializing
[    0.143569] Yama: becoming mindful.
[    0.143593] AppArmor: AppArmor initialized
[    0.143626] Mount-cache hash table entries: 4096 (order: 3, 32768 bytes, linear)
[    0.143630] Mountpoint-cache hash table entries: 4096 (order: 3, 32768 bytes, linear)
[    0.143640] *** VALIDATE tmpfs ***
[    0.143768] *** VALIDATE proc ***
[    0.143809] *** VALIDATE cgroup1 ***
[    0.143810] *** VALIDATE cgroup2 ***
[    0.143949] process: using mwait in idle threads
[    0.143954] Last level iTLB entries: 4KB 64, 2MB 8, 4MB 8
[    0.143954] Last level dTLB entries: 4KB 64, 2MB 0, 4MB 0, 1GB 4
[    0.143974] Spectre V1 : Mitigation: usercopy/swapgs barriers and __user pointer sanitization
[    0.143980] Spectre V2 : Mitigation: Retpolines
[    0.143980] Spectre V2 : Spectre v2 / SpectreRSB mitigation: Filling RSB on context switch
[    0.143981] Spectre V2 : Spectre v2 / SpectreRSB : Filling RSB on VMEXIT
[    0.143981] RETBleed: WARNING: Spectre v2 mitigation leaves CPU vulnerable to RETBleed attacks, data leaks possible!
[    0.144333] RETBleed: Vulnerable
[    0.144333] Speculative Store Bypass: Vulnerable
[    0.144338] TAA: Mitigation: TSX disabled
[    0.144338] MMIO Stale Data: Mitigation: Clear CPU buffers
[    0.148562] Freeing SMP alternatives memory: 40K
[    0.260749] smpboot: CPU0: Intel(R) Xeon(R) Silver 4216 CPU @ 2.10GHz (family: 0x6, model: 0x55, stepping: 0x7)
[    0.260874] Performance Events: unsupported p6 CPU model 85 no PMU driver, software events only.
[    0.260909] rcu: Hierarchical SRCU implementation.
[    0.261409] NMI watchdog: Perf NMI watchdog permanently disabled
[    0.261448] smp: Bringing up secondary CPUs ...
[    0.261450] smp: Brought up 1 node, 1 CPU
[    0.261451] smpboot: Max logical packages: 1
[    0.261452] smpboot: Total of 1 processors activated (4200.00 BogoMIPS)
[    0.262449] devtmpfs: initialized
[    0.262495] x86/mm: Memory block size: 128MB
[    0.262865] clocksource: jiffies: mask: 0xffffffff max_cycles: 0xffffffff, max_idle_ns: 7645041785100000 ns
[    0.262870] futex hash table entries: 256 (order: 2, 16384 bytes, linear)
[    0.262916] pinctrl core: initialized pinctrl subsystem
[    0.263028] PM: RTC time: 14:31:58, date: 2026-01-17
[    0.263140] NET: Registered protocol family 16
[    0.263229] audit: initializing netlink subsys (disabled)
[    0.263385] EISA bus registered
[    0.263387] cpuidle: using governor ladder
[    0.263388] cpuidle: using governor menu
[    0.263426] ACPI: bus type PCI registered
[    0.263427] acpiphp: ACPI Hot Plug PCI Controller Driver version: 0.5
[    0.263526] PCI: Using configuration type 1 for base access
[    0.264117] audit: type=2000 audit(1768631524.905:1): state=initialized audit_enabled=0 res=1
[    0.264199] HugeTLB registered 2.00 MiB page size, pre-allocated 0 pages
[    0.265072] ACPI: Added _OSI(Module Device)
[    0.265073] ACPI: Added _OSI(Processor Device)
[    0.265074] ACPI: Added _OSI(3.0 _SCP Extensions)
[    0.265074] ACPI: Added _OSI(Processor Aggregator Device)
[    0.265075] ACPI: Added _OSI(Linux-Dell-Video)
[    0.265076] ACPI: Added _OSI(Linux-Lenovo-NV-HDMI-Audio)
[    0.265077] ACPI: Added _OSI(Linux-HPI-Hybrid-Graphics)
[    0.267113] ACPI: 2 ACPI AML tables successfully acquired and loaded
[    0.268710] ACPI: Interpreter enabled
[    0.268720] ACPI: (supports S0 S5)
[    0.268721] ACPI: Using IOAPIC for interrupt routing
[    0.268924] PCI: Using host bridge windows from ACPI; if necessary, use "pci=nocrs" and report a bug
[    0.269048] ACPI: Enabled 2 GPEs in block 00 to 07
[    0.274150] ACPI: PCI Root Bridge [PCI0] (domain 0000 [bus 00-ff])
[    0.274155] acpi PNP0A03:00: _OSC: OS supports [ASPM ClockPM Segments MSI HPX-Type3]
[    0.274608] acpi PNP0A03:00: _OSC: not requesting OS control; OS requires [ExtendedConfig ASPM ClockPM MSI]
[    0.274616] acpi PNP0A03:00: fail to add MMCONFIG information, can't access extended PCI configuration space under this bridge.
[    0.275008] PCI host bridge to bus 0000:00
[    0.275010] pci_bus 0000:00: root bus resource [io  0x0000-0x0cf7 window]
[    0.275012] pci_bus 0000:00: root bus resource [io  0x0d00-0xffff window]
[    0.275013] pci_bus 0000:00: root bus resource [mem 0x000a0000-0x000bffff window]
[    0.275014] pci_bus 0000:00: root bus resource [mem 0x80000000-0xfdffffff window]
[    0.275015] pci_bus 0000:00: root bus resource [bus 00-ff]
[    0.275059] pci 0000:00:00.0: [8086:1237] type 00 class 0x060000
[    0.276067] pci 0000:00:01.0: [8086:7000] type 00 class 0x060100
[    0.276831] pci 0000:00:01.1: [8086:7111] type 00 class 0x01018a
[    0.277215] pci 0000:00:01.1: reg 0x20: [io  0xd000-0xd00f]
[    0.277372] pci 0000:00:01.1: legacy IDE quirk: reg 0x10: [io  0x01f0-0x01f7]
[    0.277373] pci 0000:00:01.1: legacy IDE quirk: reg 0x14: [io  0x03f6]
[    0.277374] pci 0000:00:01.1: legacy IDE quirk: reg 0x18: [io  0x0170-0x0177]
[    0.277374] pci 0000:00:01.1: legacy IDE quirk: reg 0x1c: [io  0x0376]
[    0.277919] pci 0000:00:02.0: [15ad:0405] type 00 class 0x030000
[    0.279611] pci 0000:00:02.0: reg 0x10: [io  0xd010-0xd01f]
[    0.283572] pci 0000:00:02.0: reg 0x14: [mem 0xe0000000-0xe7ffffff pref]
[    0.286150] pci 0000:00:02.0: reg 0x18: [mem 0xf0000000-0xf01fffff]
[    0.296309] pci 0000:00:03.0: [1022:2000] type 00 class 0x020000
[    0.296989] pci 0000:00:03.0: reg 0x10: [io  0xd020-0xd03f]
[    0.297601] pci 0000:00:03.0: reg 0x14: [mem 0xf0200000-0xf0200fff]
[    0.302613] pci 0000:00:04.0: [80ee:cafe] type 00 class 0x088000
[    0.303281] pci 0000:00:04.0: reg 0x10: [io  0xd040-0xd05f]
[    0.303642] pci 0000:00:04.0: reg 0x14: [mem 0xf0400000-0xf07fffff]
[    0.304248] pci 0000:00:04.0: reg 0x18: [mem 0xf0800000-0xf0803fff pref]
[    0.307571] pci 0000:00:07.0: [8086:7113] type 00 class 0x068000
[    0.308124] pci 0000:00:07.0: quirk: [io  0x4000-0x403f] claimed by PIIX4 ACPI
[    0.308134] pci 0000:00:07.0: quirk: [io  0x4100-0x410f] claimed by PIIX4 SMB
[    0.308748] pci 0000:00:08.0: [8086:100e] type 00 class 0x020000
[    0.309461] pci 0000:00:08.0: reg 0x10: [mem 0xf0820000-0xf083ffff]
[    0.310648] pci 0000:00:08.0: reg 0x18: [io  0xd060-0xd067]
[    0.313746] pci 0000:00:09.0: [8086:100e] type 00 class 0x020000
[    0.314451] pci 0000:00:09.0: reg 0x10: [mem 0xf0840000-0xf085ffff]
[    0.316213] pci 0000:00:09.0: reg 0x18: [io  0xd068-0xd06f]
[    0.324653] ACPI: PCI Interrupt Link [LNKA] (IRQs 5 9 10 *11)
[    0.327621] ACPI: PCI Interrupt Link [LNKB] (IRQs 5 9 *10 11)
[    0.327722] ACPI: PCI Interrupt Link [LNKC] (IRQs 5 *9 10 11)
[    0.327825] ACPI: PCI Interrupt Link [LNKD] (IRQs 5 9 10 *11)
[    0.328081] iommu: Default domain type: Translated 
[    0.328138] pci 0000:00:02.0: vgaarb: setting as boot VGA device
[    0.328140] pci 0000:00:02.0: vgaarb: VGA device added: decodes=io+mem,owns=io+mem,locks=none
[    0.328142] pci 0000:00:02.0: vgaarb: bridge control possible
[    0.328142] vgaarb: loaded
[    0.328348] SCSI subsystem initialized
[    0.328380] libata version 3.00 loaded.
[    0.328405] ACPI: bus type USB registered
[    0.328421] usbcore: registered new interface driver usbfs
[    0.328427] usbcore: registered new interface driver hub
[    0.328432] usbcore: registered new device driver usb
[    0.328463] pps_core: LinuxPPS API ver. 1 registered
[    0.328463] pps_core: Software ver. 5.3.6 - Copyright 2005-2007 Rodolfo Giometti <giometti@linux.it>
[    0.328466] PTP clock support registered
[    0.328499] EDAC MC: Ver: 3.0.0
[    0.328781] PCI: Using ACPI for IRQ routing
[    0.328783] PCI: pci_cache_line_size set to 64 bytes
[    0.328955] e820: reserve RAM buffer [mem 0x0009fc00-0x0009ffff]
[    0.328959] e820: reserve RAM buffer [mem 0x7fff0000-0x7fffffff]
[    0.329768] NetLabel: Initializing
[    0.329769] NetLabel:  domain hash size = 128
[    0.329769] NetLabel:  protocols = UNLABELED CIPSOv4 CALIPSO
[    0.329788] NetLabel:  unlabeled traffic allowed by default
[    0.330690] clocksource: Switched to clocksource kvm-clock
[    0.341955] *** VALIDATE bpf ***
[    0.342015] VFS: Disk quotas dquot_6.6.0
[    0.342028] VFS: Dquot-cache hash table entries: 512 (order 0, 4096 bytes)
[    0.342050] *** VALIDATE ramfs ***
[    0.342053] *** VALIDATE hugetlbfs ***
[    0.342133] AppArmor: AppArmor Filesystem Enabled
[    0.342156] pnp: PnP ACPI init
[    0.342216] pnp 00:00: Plug and Play ACPI device, IDs PNP0303 (active)
[    0.342282] pnp 00:01: Plug and Play ACPI device, IDs PNP0f03 (active)
[    0.343044] pnp: PnP ACPI: found 2 devices
[    0.344047] thermal_sys: Registered thermal governor 'fair_share'
[    0.344048] thermal_sys: Registered thermal governor 'bang_bang'
[    0.344049] thermal_sys: Registered thermal governor 'step_wise'
[    0.344050] thermal_sys: Registered thermal governor 'user_space'
[    0.344050] thermal_sys: Registered thermal governor 'power_allocator'
[    0.348584] clocksource: acpi_pm: mask: 0xffffff max_cycles: 0xffffff, max_idle_ns: 2085701024 ns
[    0.348623] pci_bus 0000:00: resource 4 [io  0x0000-0x0cf7 window]
[    0.348625] pci_bus 0000:00: resource 5 [io  0x0d00-0xffff window]
[    0.348626] pci_bus 0000:00: resource 6 [mem 0x000a0000-0x000bffff window]
[    0.348627] pci_bus 0000:00: resource 7 [mem 0x80000000-0xfdffffff window]
[    0.348683] NET: Registered protocol family 2
[    0.348756] IP idents hash table entries: 32768 (order: 6, 262144 bytes, linear)
[    0.349159] MPTCP tokens hash table entries: 8192 (order: 4, 65536 bytes, linear)
[    0.349182] MPTCP request tokens hash table entries: 8192 (order: 4, 65536 bytes, linear)
[    0.349208] default registered
[    0.349208] default registered
[    0.349208] MPTCP: Stable release v0.96
[    0.349214] tcp_listen_portaddr_hash hash table entries: 1024 (order: 2, 16384 bytes, linear)
[    0.349292] TCP established hash table entries: 16384 (order: 5, 131072 bytes, linear)
[    0.349359] TCP bind hash table entries: 16384 (order: 6, 262144 bytes, linear)
[    0.349384] TCP: Hash tables configured (established 16384 bind 16384)
[    0.350069] UDP hash table entries: 1024 (order: 3, 32768 bytes, linear)
[    0.350081] UDP-Lite hash table entries: 1024 (order: 3, 32768 bytes, linear)
[    0.350115] NET: Registered protocol family 1
[    0.350124] NET: Registered protocol family 44
[    0.350142] pci 0000:00:00.0: Limiting direct PCI/PCI transfers
[    0.350155] pci 0000:00:01.0: Activating ISA DMA hang workarounds
[    0.350211] pci 0000:00:02.0: Video device with shadowed ROM at [mem 0x000c0000-0x000dffff]
[    0.350274] PCI: CLS 0 bytes, default 64
[    0.350320] Trying to unpack rootfs image as initramfs...
[    0.526118] Freeing initrd memory: 47868K
[    0.526212] clocksource: tsc: mask: 0xffffffffffffffff max_cycles: 0x1e4530a99b6, max_idle_ns: 440795257976 ns
[    0.526222] clocksource: Switched to clocksource tsc
[    0.526274] platform rtc_cmos: registered platform RTC device (no PNP device found)
[    0.526306] check: Scanning for low memory corruption every 60 seconds
[    0.526643] Initialise system trusted keyrings
[    0.526652] Key type blacklist registered
[    0.526697] workingset: timestamp_bits=36 max_order=19 bucket_order=0
[    0.527970] zbud: loaded
[    0.527970] squashfs: version 4.0 (2009/01/31) Phillip Lougher
[    0.527970] fuse: init (API version 7.31)
[    0.527970] *** VALIDATE fuse ***
[    0.527970] *** VALIDATE fuse ***
[    0.527970] Platform Keyring initialized
[    0.527970] Key type asymmetric registered
[    0.527970] Asymmetric key parser 'x509' registered
[    0.527970] Block layer SCSI generic (bsg) driver version 0.4 loaded (major 244)
[    0.527970] io scheduler mq-deadline registered
[    0.527970] shpchp: Standard Hot Plug PCI Controller Driver version: 0.4
[    0.531977] ACPI: AC Adapter [AC] (on-line)
[    0.532023] input: Power Button as /devices/LNXSYSTM:00/LNXPWRBN:00/input/input0
[    0.532051] ACPI: Power Button [PWRF]
[    0.532123] input: Sleep Button as /devices/LNXSYSTM:00/LNXSLPBN:00/input/input1
[    0.532138] ACPI: Sleep Button [SLPF]
[    0.532371] Serial: 8250/16550 driver, 32 ports, IRQ sharing enabled
[    0.533525] Linux agpgart interface v0.103
[    0.623217] loop: module loaded
[    0.623376] ata_piix 0000:00:01.1: version 2.13
[    0.623794] scsi host0: ata_piix
[    0.623884] scsi host1: ata_piix
[    0.623910] ata1: PATA max UDMA/33 cmd 0x1f0 ctl 0x3f6 bmdma 0xd000 irq 14
[    0.623911] ata2: PATA max UDMA/33 cmd 0x170 ctl 0x376 bmdma 0xd008 irq 15
[    0.623991] tun: Universal TUN/TAP device driver, 1.6
[    0.624306] PPP generic driver version 2.4.2
[    0.624351] VFIO - User Level meta-driver version: 0.3
[    0.624589] ehci_hcd: USB 2.0 'Enhanced' Host Controller (EHCI) Driver
[    0.624594] ehci-pci: EHCI PCI platform driver
[    0.624610] ehci-platform: EHCI generic platform driver
[    0.624616] ohci_hcd: USB 1.1 'Open' Host Controller (OHCI) Driver
[    0.624618] ohci-pci: OHCI PCI platform driver
[    0.624625] ohci-platform: OHCI generic platform driver
[    0.624629] uhci_hcd: USB Universal Host Controller Interface driver
[    0.624695] i8042: PNP: PS/2 Controller [PNP0303:PS2K,PNP0f03:PS2M] at 0x60,0x64 irq 1,12
[    0.625168] serio: i8042 KBD port at 0x60,0x64 irq 1
[    0.625173] serio: i8042 AUX port at 0x60,0x64 irq 12
[    0.625268] mousedev: PS/2 mouse device common for all mice
[    0.625521] input: AT Translated Set 2 keyboard as /devices/platform/i8042/serio0/input/input2
[    0.625921] rtc_cmos rtc_cmos: registered as rtc0
[    0.625935] rtc_cmos rtc_cmos: alarms up to one day, 114 bytes nvram
[    0.625940] i2c /dev entries driver
[    0.625985] device-mapper: uevent: version 1.0.3
[    0.626030] device-mapper: ioctl: 4.41.0-ioctl (2019-09-16) initialised: dm-devel@redhat.com
[    0.626046] platform eisa.0: Probing EISA bus 0
[    0.626048] platform eisa.0: EISA: Cannot allocate resource for mainboard
[    0.626049] platform eisa.0: Cannot allocate resource for EISA slot 1
[    0.626050] platform eisa.0: Cannot allocate resource for EISA slot 2
[    0.626051] platform eisa.0: Cannot allocate resource for EISA slot 3
[    0.626052] platform eisa.0: Cannot allocate resource for EISA slot 4
[    0.626053] platform eisa.0: Cannot allocate resource for EISA slot 5
[    0.626054] platform eisa.0: Cannot allocate resource for EISA slot 6
[    0.626055] platform eisa.0: Cannot allocate resource for EISA slot 7
[    0.626056] platform eisa.0: Cannot allocate resource for EISA slot 8
[    0.626057] platform eisa.0: EISA: Detected 0 cards
[    0.626059] intel_pstate: CPU model not supported
[    0.626069] ledtrig-cpu: registered to indicate activity on CPUs
[    0.626124] drop_monitor: Initializing network drop monitor service
[    0.626286] NET: Registered protocol family 10
[    0.631323] Segment Routing with IPv6
[    0.631323] fullmesh registered
[    0.631323] ndiffports registered
[    0.631323] binder registered
[    0.631323] roundrobin registered
[    0.631323] redundant registered
[    0.631323] blest registered
[    0.631323] ecf registered
[    0.631323] NET: Registered protocol family 17
[    0.631323] Key type dns_resolver registered
[    0.631323] RAS: Correctable Errors collector initialized.
[    0.631323] IPI shorthand broadcast: enabled
[    0.631323] sched_clock: Marking stable (616194152, 11129606)->(629650101, -2326343)
[    0.631627] registered taskstats version 1
[    0.631636] Loading compiled-in X.509 certificates
[    0.632225] Loaded X.509 cert 'Build time autogenerated kernel key: 6909f3744cebb3d0de528d5887b96a727de79b1e'
[    0.632244] zswap: loaded using pool lzo/zbud
[    0.632313] Key type ._fscrypt registered
[    0.632314] Key type .fscrypt registered
[    0.636783] Key type big_key registered
[    0.639296] Key type encrypted registered
[    0.639298] AppArmor: AppArmor sha1 policy hashing enabled
[    0.639305] ima: No TPM chip found, activating TPM-bypass!
[    0.639310] ima: Allocated hash algorithm: sha1
[    0.639315] ima: No architecture policies found
[    0.639327] evm: Initialising EVM extended attributes:
[    0.639327] evm: security.selinux
[    0.639328] evm: security.SMACK64
[    0.639328] evm: security.SMACK64EXEC
[    0.639329] evm: security.SMACK64TRANSMUTE
[    0.639329] evm: security.SMACK64MMAP
[    0.639329] evm: security.apparmor
[    0.639330] evm: security.ima
[    0.639330] evm: security.capability
[    0.639331] evm: HMAC attrs: 0x1
[    0.639646] PM:   Magic number: 10:209:536
[    0.639655] tty ttyS16: hash matches
[    0.639767] rtc_cmos rtc_cmos: setting system clock to 2026-01-17T14:31:59 UTC (1768660319)
[    0.794885] ata1.00: ATA-6: VBOX HARDDISK, 1.0, max UDMA/133
[    0.794887] ata1.00: 209715200 sectors, multi 128: LBA 
[    0.795349] scsi 0:0:0:0: Direct-Access     ATA      VBOX HARDDISK    1.0  PQ: 0 ANSI: 5
[    0.795535] sd 0:0:0:0: [sda] 209715200 512-byte logical blocks: (107 GB/100 GiB)
[    0.795542] sd 0:0:0:0: [sda] Write Protect is off
[    0.795544] sd 0:0:0:0: [sda] Mode Sense: 00 3a 00 00
[    0.795555] sd 0:0:0:0: [sda] Write cache: enabled, read cache: enabled, doesn't support DPO or FUA
[    0.795756] sd 0:0:0:0: Attached scsi generic sg0 type 0
[    0.796385]  sda: sda1 sda2
[    0.807297] sd 0:0:0:0: [sda] Attached SCSI disk
[    0.809277] Freeing unused decrypted memory: 2040K
[    0.810054] Freeing unused kernel image memory: 2728K
[    0.810056] Write protecting the kernel read-only data: 22528k
[    0.810747] Freeing unused kernel image memory: 2036K
[    0.811143] Freeing unused kernel image memory: 1432K
[    0.825834] x86/mm: Checked W+X mappings: passed, no W+X pages found.
[    0.825837] Run /init as init process
[    0.928506] ACPI: Video Device [GFX0] (multi-head: yes  rom: no  post: no)
[    0.928582] input: Video Bus as /devices/LNXSYSTM:00/LNXSYBUS:00/PNP0A03:00/LNXVIDEO:00/input/input4
[    0.940092] pcnet32: pcnet32.c:v1.35 21.Apr.2008 tsbogend@alpha.franken.de
[    0.941676] piix4_smbus 0000:00:07.0: SMBus Host Controller at 0x4100, revision 0
[    0.944514] e1000: Intel(R) PRO/1000 Network Driver - version 7.3.21-k8-NAPI
[    0.944515] e1000: Copyright (c) 1999-2006 Intel Corporation.
[    0.953183] pcnet32: PCnet/FAST III 79C973 at 0xd020, 08:00:27:04:83:e2 assigned IRQ 19
[    0.953249] pcnet32: Found PHY 0022:561b at address 0
[    0.953678] pcnet32: eth0: registered as PCnet/FAST III 79C973
[    0.965431] pcnet32: 1 cards_found
[    1.023615] pcnet32 0000:00:03.0 enp0s3: renamed from eth0
[    1.172162] input: ImExPS/2 Generic Explorer Mouse as /devices/platform/i8042/serio1/input/input5
[    1.359438] e1000 0000:00:08.0 eth0: (PCI:33MHz:32-bit) 08:00:27:2a:95:b0
[    1.359442] e1000 0000:00:08.0 eth0: Intel(R) PRO/1000 Network Connection
[    1.731502] e1000 0000:00:09.0 eth1: (PCI:33MHz:32-bit) 08:00:27:65:85:b2
[    1.731505] e1000 0000:00:09.0 eth1: Intel(R) PRO/1000 Network Connection
[    1.732694] e1000 0000:00:09.0 enp0s9: renamed from eth1
[    1.734458] e1000 0000:00:08.0 enp0s8: renamed from eth0
[    1.872258] EXT4-fs (sda2): mounted filesystem with ordered data mode. Opts: (null)
[    1.953212] systemd[1]: Inserted module 'autofs4'
[    1.962018] systemd[1]: systemd 245.4-4ubuntu3 running in system mode. (+PAM +AUDIT +SELINUX +IMA +APPARMOR +SMACK +SYSVINIT +UTMP +LIBCRYPTSETUP +GCRYPT +GNUTLS +ACL +XZ +LZ4 +SECCOMP +BLKID +ELFUTILS +KMOD +IDN2 -IDN +PCRE2 default-hierarchy=hybrid)
[    1.962049] systemd[1]: Detected virtualization oracle.
[    1.962052] systemd[1]: Detected architecture x86-64.
[    1.963374] systemd[1]: Set hostname to <ztg>.
[    2.082763] systemd[1]: /lib/systemd/system/dbus.socket:5: ListenStream= references a path below legacy directory /var/run/, updating /var/run/dbus/system_bus_socket â†’ /run/dbus/system_bus_socket; please update the unit file accordingly.
[    2.133143] systemd[1]: Created slice system-modprobe.slice.
[    2.133325] systemd[1]: Created slice User and Session Slice.
[    2.133367] systemd[1]: Started Forward Password Requests to Wall Directory Watch.
[    2.133526] systemd[1]: Set up automount Arbitrary Executable File Formats File System Automount Point.
[    2.133560] systemd[1]: Reached target User and Group Name Lookups.
[    2.133569] systemd[1]: Reached target Remote File Systems.
[    2.133577] systemd[1]: Reached target Slices.
[    2.134064] systemd[1]: Listening on Syslog Socket.
[    2.134127] systemd[1]: Listening on fsck to fsckd communication Socket.
[    2.134165] systemd[1]: Listening on initctl Compatibility Named Pipe.
[    2.134298] systemd[1]: Listening on Journal Audit Socket.
[    2.134349] systemd[1]: Listening on Journal Socket (/dev/log).
[    2.134415] systemd[1]: Listening on Journal Socket.
[    2.134477] systemd[1]: Listening on udev Control Socket.
[    2.134515] systemd[1]: Listening on udev Kernel Socket.
[    2.135276] systemd[1]: Mounting Huge Pages File System...
[    2.136155] systemd[1]: Mounting POSIX Message Queue File System...
[    2.137016] systemd[1]: Mounting Kernel Debug File System...
[    2.137840] systemd[1]: Mounting Kernel Trace File System...
[    2.139722] systemd[1]: Starting Journal Service...
[    2.161602] systemd[1]: Starting Set the console keyboard layout...
[    2.169440] systemd[1]: Starting Create list of static device nodes for the current kernel...
[    2.171514] systemd[1]: Starting Load Kernel Module drm...
[    2.172572] systemd[1]: Condition check resulted in Set Up Additional Binary Formats being skipped.
[    2.172617] systemd[1]: Condition check resulted in File System Check on Root Device being skipped.
[    2.185640] systemd[1]: Starting Load Kernel Modules...
[    2.190836] systemd[1]: Starting Remount Root and Kernel File Systems...
[    2.200041] systemd[1]: Starting udev Coldplug all Devices...
[    2.209442] systemd[1]: Starting Uncomplicated firewall...
[    2.216012] systemd[1]: Mounted Huge Pages File System.
[    2.216100] systemd[1]: Mounted POSIX Message Queue File System.
[    2.216175] systemd[1]: Mounted Kernel Debug File System.
[    2.216246] systemd[1]: Mounted Kernel Trace File System.
[    2.216595] EXT4-fs (sda2): re-mounted. Opts: errors=remount-ro
[    2.223358] systemd[1]: Finished Create list of static device nodes for the current kernel.
[    2.224409] systemd[1]: modprobe@drm.service: Succeeded.
[    2.227455] systemd[1]: Finished Load Kernel Module drm.
[    2.235524] systemd[1]: Finished Remount Root and Kernel File Systems.
[    2.236535] systemd[1]: Finished Uncomplicated firewall.
[    2.240886] lp: driver loaded but no devices found
[    2.242092] systemd[1]: Condition check resulted in Rebuild Hardware Database being skipped.
[    2.242124] systemd[1]: Condition check resulted in Platform Persistent Storage Archival being skipped.
[    2.242760] systemd[1]: Starting Load/Save Random Seed...
[    2.249190] systemd[1]: Starting Create System Users...
[    2.257649] ppdev: user-space parallel port driver
[    2.260222] systemd[1]: Finished Load/Save Random Seed.
[    2.287902] systemd[1]: Finished Create System Users.
[    2.305133] systemd[1]: Starting Create Static Device Nodes in /dev...
[    2.338380] systemd[1]: Finished Create Static Device Nodes in /dev.
[    2.339230] systemd[1]: Starting udev Kernel Device Manager...
[    2.355688] systemd[1]: Finished udev Coldplug all Devices.
[    2.358352] [drm] DMA map mode: Caching DMA mappings.
[    2.358413] [drm] Capabilities:
[    2.358414] [drm]   Rect copy.
[    2.358414] [drm]   Cursor.
[    2.358414] [drm]   Cursor bypass.
[    2.358415] [drm]   Cursor bypass 2.
[    2.358415] [drm]   Alpha cursor.
[    2.358415] [drm]   Extended Fifo.
[    2.358416] [drm]   Pitchlock.
[    2.358416] [drm]   Irq mask.
[    2.358416] [drm]   GMR.
[    2.358417] [drm]   Traces.
[    2.358417] [drm]   GMR2.
[    2.358417] [drm]   Screen Object 2.
[    2.358418] [drm]   Command Buffers.
[    2.358418] [drm]   Command Buffers 2.
[    2.358418] [drm]   Guest Backed Resources.
[    2.358419] [drm] Max GMR ids is 8192
[    2.358420] [drm] Max number of GMR pages is 1048576
[    2.358420] [drm] Max dedicated hypervisor surface memory is 393216 kiB
[    2.358421] [drm] Maximum display memory size is 131072 kiB
[    2.358422] [drm] VRAM at 0xe0000000 size is 131072 kiB
[    2.358422] [drm] MMIO at 0xf0000000 size is 2048 kiB
[    2.361847] [TTM] Zone  kernel: Available graphics memory: 1011738 KiB
[    2.361848] [TTM] Initializing pool allocator
[    2.361851] [TTM] Initializing DMA pool allocator
[    2.361879] [drm] Supports vblank timestamp caching Rev 2 (21.10.2013).
[    2.361879] [drm] No driver support for vblank timestamp query.
[    2.362101] [drm] Screen Target Display device initialized
[    2.362309] [drm] width 720
[    2.362318] [drm] height 400
[    2.362321] [drm] bpp 32
[    2.362863] [drm] Fifo max 0x00200000 min 0x00001000 cap 0x00000355
[    2.363949] [drm] Using command buffers with DMA pool.
[    2.363953] [drm] DX: no.
[    2.363953] [drm] Atomic: yes.
[    2.363954] [drm] SM4_1: no.
[    2.363973] [drm:vmw_host_log [vmwgfx]] *ERROR* Failed to send host log message.
[    2.371488] [drm:vmw_host_log [vmwgfx]] *ERROR* Failed to send host log message.
[    2.388140] fbcon: svgadrmfb (fb0) is primary device
[    2.390252] Console: switching to colour frame buffer device 100x37
[    2.399420] [drm] Initialized vmwgfx 2.15.0 20180704 for 0000:00:02.0 on minor 0
[    2.403881] systemd[1]: Finished Load Kernel Modules.
[    2.406683] systemd[1]: Mounting FUSE Control File System...
[    2.408619] systemd[1]: Mounting Kernel Configuration File System...
[    2.440796] systemd[1]: Starting Apply Kernel Variables...
[    2.453852] systemd[1]: Mounted FUSE Control File System.
[    2.453926] systemd[1]: Condition check resulted in VMware vmblock fuse mount being skipped.
[    2.456153] systemd[1]: Mounted Kernel Configuration File System.
[    2.464928] systemd[1]: Finished Set the console keyboard layout.
[    2.465019] systemd[1]: Reached target Local File Systems (Pre).
[    2.467441] systemd[1]: Mounting Mount unit for bare, revision 5...
[    2.469487] systemd[1]: Mounting Mount unit for core18, revision 1705...
[    2.478632] systemd[1]: Mounting Mount unit for gnome-3-34-1804, revision 24...
[    2.483550] systemd[1]: Mounting Mount unit for gtk-common-themes, revision 1506...
[    2.509075] systemd[1]: Mounting Mount unit for gtk-common-themes, revision 1535...
[    2.513389] systemd[1]: Mounting Mount unit for snap-store, revision 433...
[    2.520541] systemd[1]: Mounting Mount unit for snapd, revision 25935...
[    2.525269] systemd[1]: Finished Apply Kernel Variables.
[    2.557224] systemd[1]: Started udev Kernel Device Manager.
[    2.557911] systemd[1]: Starting Show Plymouth Boot Screen...
[    2.588664] systemd[1]: Mounted Mount unit for bare, revision 5.
[    2.590419] systemd[1]: Mounted Mount unit for gnome-3-34-1804, revision 24.
[    2.590549] systemd[1]: Mounted Mount unit for gtk-common-themes, revision 1506.
[    2.591124] systemd[1]: Received SIGRTMIN+20 from PID 280 (plymouthd).
[    2.611498] systemd[1]: Started Show Plymouth Boot Screen.
[    2.611775] systemd[1]: Condition check resulted in Dispatch Password Requests to Console Directory Watch being skipped.
[    2.611890] systemd[1]: Started Forward Password Requests to Plymouth Directory Watch.
[    2.611958] systemd[1]: Reached target Local Encrypted Volumes.
[    2.628402] systemd[1]: Mounted Mount unit for core18, revision 1705.
[    2.661004] systemd[1]: Mounted Mount unit for snap-store, revision 433.
[    2.678348] systemd[1]: Mounted Mount unit for gtk-common-themes, revision 1535.
[    2.678595] systemd[1]: Mounted Mount unit for snapd, revision 25935.
[    2.678765] systemd[1]: Reached target Local File Systems.
[    2.679651] systemd[1]: Starting Load AppArmor profiles...
[    2.681941] systemd[1]: Starting Set console font and keymap...
[    2.702992] systemd[1]: Starting Tell Plymouth To Write Out Runtime Data...
[    2.706990] systemd[1]: Condition check resulted in Store a System Token in an EFI Variable being skipped.
[    2.707042] systemd[1]: Condition check resulted in Commit a transient machine-id on disk being skipped.
[    2.711063] systemd[1]: Finished Set console font and keymap.
[    2.719845] systemd[1]: Received SIGRTMIN+20 from PID 280 (plymouthd).
[    2.721038] systemd[1]: plymouth-read-write.service: Succeeded.
[    2.721272] systemd[1]: Finished Tell Plymouth To Write Out Runtime Data.
[    2.755830] audit: type=1400 audit(1768660321.612:2): apparmor="STATUS" operation="profile_load" profile="unconfined" name="nvidia_modprobe" pid=300 comm="apparmor_parser"
[    2.755832] audit: type=1400 audit(1768660321.612:3): apparmor="STATUS" operation="profile_load" profile="unconfined" name="nvidia_modprobe//kmod" pid=300 comm="apparmor_parser"
[    2.761867] audit: type=1400 audit(1768660321.616:4): apparmor="STATUS" operation="profile_load" profile="unconfined" name="/usr/sbin/tcpdump" pid=301 comm="apparmor_parser"
[    2.787962] audit: type=1400 audit(1768660321.636:5): apparmor="STATUS" operation="profile_load" profile="unconfined" name="/usr/bin/evince" pid=303 comm="apparmor_parser"
[    2.787964] audit: type=1400 audit(1768660321.636:6): apparmor="STATUS" operation="profile_load" profile="unconfined" name="/usr/bin/evince//sanitized_helper" pid=303 comm="apparmor_parser"
[    2.787965] audit: type=1400 audit(1768660321.636:7): apparmor="STATUS" operation="profile_load" profile="unconfined" name="/usr/bin/evince-previewer" pid=303 comm="apparmor_parser"
[    2.787968] audit: type=1400 audit(1768660321.636:8): apparmor="STATUS" operation="profile_load" profile="unconfined" name="/usr/bin/evince-previewer//sanitized_helper" pid=303 comm="apparmor_parser"
[    2.787970] audit: type=1400 audit(1768660321.636:9): apparmor="STATUS" operation="profile_load" profile="unconfined" name="/usr/bin/evince-thumbnailer" pid=303 comm="apparmor_parser"
[    2.828801] audit: type=1400 audit(1768660321.684:10): apparmor="STATUS" operation="profile_load" profile="unconfined" name="/usr/lib/cups/backend/cups-pdf" pid=304 comm="apparmor_parser"
[    2.892777] systemd[1]: Finished Load AppArmor profiles.
[    2.893696] systemd[1]: Starting Load AppArmor profiles managed internally by snapd...
[    3.003443] systemd[1]: Finished Load AppArmor profiles managed internally by snapd.
[    3.132542] systemd[1]: Started Journal Service.
[    3.140568] systemd-journald[229]: Received client request to flush runtime journal.
[    3.144783] systemd-journald[229]: File /var/log/journal/c455b248004a419c87ce85eea238d727/system.journal corrupted or uncleanly shut down, renaming and replacing.
[    4.470041] RAPL PMU: API unit is 2^-32 Joules, 0 fixed counters, 10737418240 ms ovfl timer
[    4.513227] cryptd: max_cpu_qlen set to 1000
[    4.600321] AVX2 version of gcm_enc/dec engaged.
[    4.600322] AES CTR mode by8 optimization enabled
[    6.386710] Adding 1998844k swap on /dev/sda1.  Priority:-2 extents:1 across:1998844k FS
[    8.272309] kauditd_printk_skb: 30 callbacks suppressed
[    8.272311] audit: type=1400 audit(1768660327.124:41): apparmor="DENIED" operation="capable" profile="/usr/sbin/cups-browsed" pid=510 comm="cups-browsed" capability=23  capname="sys_nice"
[    8.934657] pcnet32 0000:00:03.0 enp0s3: link up, 100Mbps, full-duplex
[    8.978530] e1000: enp0s8 NIC Link is Up 1000 Mbps Full Duplex, Flow Control: RX
[    8.978819] IPv6: ADDRCONF(NETDEV_CHANGE): enp0s8: link becomes ready
[    8.998220] e1000: enp0s9 NIC Link is Up 1000 Mbps Full Duplex, Flow Control: RX
[    8.998548] IPv6: ADDRCONF(NETDEV_CHANGE): enp0s9: link becomes ready
[    9.622489] device enp0s3 entered promiscuous mode
[    9.653905] audit: type=1400 audit(1768660328.508:42): apparmor="DENIED" operation="open" profile="/usr/sbin/tcpdump" name="/proc/sys/kernel/random/boot_id" pid=668 comm="tcpdump" requested_mask="r" denied_mask="r" fsuid=0 ouid=0
[    9.654096] audit: type=1400 audit(1768660328.508:43): apparmor="DENIED" operation="open" profile="/usr/sbin/tcpdump" name="/proc/sys/kernel/random/boot_id" pid=668 comm="tcpdump" requested_mask="r" denied_mask="r" fsuid=0 ouid=0
[    9.654216] audit: type=1400 audit(1768660328.508:44): apparmor="DENIED" operation="open" profile="/usr/sbin/tcpdump" name="/proc/sys/kernel/random/boot_id" pid=668 comm="tcpdump" requested_mask="r" denied_mask="r" fsuid=0 ouid=0
[    9.654273] audit: type=1400 audit(1768660328.508:45): apparmor="DENIED" operation="open" profile="/usr/sbin/tcpdump" name="/proc/sys/kernel/random/boot_id" pid=668 comm="tcpdump" requested_mask="r" denied_mask="r" fsuid=0 ouid=0
[    9.656909] audit: type=1400 audit(1768660328.512:46): apparmor="DENIED" operation="open" profile="/usr/sbin/tcpdump" name="/proc/sys/kernel/random/boot_id" pid=669 comm="tcpdump" requested_mask="r" denied_mask="r" fsuid=0 ouid=0
[    9.659061] audit: type=1400 audit(1768660328.512:47): apparmor="DENIED" operation="open" profile="/usr/sbin/tcpdump" name="/proc/sys/kernel/random/boot_id" pid=669 comm="tcpdump" requested_mask="r" denied_mask="r" fsuid=0 ouid=0
[    9.659170] audit: type=1400 audit(1768660328.512:48): apparmor="DENIED" operation="open" profile="/usr/sbin/tcpdump" name="/proc/sys/kernel/random/boot_id" pid=669 comm="tcpdump" requested_mask="r" denied_mask="r" fsuid=0 ouid=0
[    9.661440] audit: type=1400 audit(1768660328.520:49): apparmor="DENIED" operation="open" profile="/usr/sbin/tcpdump" name="/proc/sys/kernel/random/boot_id" pid=669 comm="tcpdump" requested_mask="r" denied_mask="r" fsuid=0 ouid=0
[   15.672175] rfkill: input handler disabled
[  173.420331] AAAAA-TCP_FORW: name:enp0s3: saddr:100932208: daddr:16783984
[  173.624696] AAAAA-TCP_FORW: name:enp0s3: saddr:16783984: daddr:100932208
[  173.689973] AAAAA-TCP_FORW: name:enp0s3: saddr:100932208: daddr:16783984
[  173.720958] AAAAA-TCP_FORW: name:enp0s3: saddr:100932208: daddr:16783984
[  174.072200] AAAAA-TCP_FORW: name:enp0s3: saddr:16783984: daddr:100932208
[  174.282768] AAAAA-TCP_FORW: name:enp0s3: saddr:16783984: daddr:100932208
[  174.351347] AAAAA-TCP_FORW: name:enp0s3: saddr:16783984: daddr:100932208
[  174.682558] AAAAA-TCP_FORW: name:enp0s3: saddr:33561200: daddr:100932208
[  174.781360] AAAAA-TCP_FORW: name:enp0s3: saddr:16783984: daddr:100932208
[  208.844969] AAAAA-TCP_FORW: name:enp0s3: saddr:100932208: daddr:33561200
[  208.915843] AAAAA-TCP_FORW: name:enp0s3: saddr:100932208: daddr:16783984
[  208.968137] AAAAA-TCP_FORW: name:enp0s3: saddr:100932208: daddr:16783984
[  209.025949] AAAAA-TCP_FORW: name:enp0s3: saddr:100932208: daddr:33561200
[  209.048454] AAAAA-TCP_FORW: name:enp0s3: saddr:33561200: daddr:100932208
[  209.076091] AAAAA-TCP_FORW: name:enp0s3: saddr:100932208: daddr:16783984
[  209.110443] AAAAA-TCP_FORW: name:enp0s3: saddr:100932208: daddr:33561200
[  209.147887] AAAAA-TCP_FORW: name:enp0s3: saddr:100932208: daddr:16783984
[  209.174321] AAAAA-TCP_FORW: name:enp0s3: saddr:100932208: daddr:33561200
[  209.218091] AAAAA-TCP_FORW: name:enp0s3: saddr:16783984: daddr:100932208
[  209.224996] AAAAA-TCP_FORW: name:enp0s3: saddr:100932208: daddr:16783984
[  209.255954] AAAAA-TCP_FORW: name:enp0s3: saddr:100932208: daddr:33561200
[  209.299069] AAAAA-TCP_FORW: name:enp0s3: saddr:100932208: daddr:16783984
[  209.316728] AAAAA-TCP_FORW: name:enp0s3: saddr:16783984: daddr:100932208
[  209.328012] AAAAA-TCP_FORW: name:enp0s3: saddr:100932208: daddr:33561200
[  209.352234] AAAAA-TCP_FORW: name:enp0s3: saddr:100932208: daddr:16783984
[  209.417148] AAAAA-TCP_FORW: name:enp0s3: saddr:100932208: daddr:33561200
[  209.470592] AAAAA-TCP_FORW: name:enp0s3: saddr:100932208: daddr:16783984
[  209.495084] AAAAA-TCP_FORW: name:enp0s3: saddr:33561200: daddr:100932208
[  209.508089] AAAAA-TCP_FORW: name:enp0s3: saddr:100932208: daddr:33561200
[  209.567478] AAAAA-TCP_FORW: name:enp0s3: saddr:100932208: daddr:16783984
[  209.616818] AAAAA-TCP_FORW: name:enp0s3: saddr:100932208: daddr:16783984
[  209.653155] AAAAA-TCP_FORW: name:enp0s3: saddr:100932208: daddr:33561200
[  209.713685] AAAAA-TCP_FORW: name:enp0s3: saddr:100932208: daddr:16783984
[  209.748967] AAAAA-TCP_FORW: name:enp0s3: saddr:100932208: daddr:33561200
[  209.793962] AAAAA-TCP_FORW: name:enp0s3: saddr:100932208: daddr:16783984
[  209.811900] AAAAA-TCP_FORW: name:enp0s3: saddr:16783984: daddr:100932208
[  209.837402] AAAAA-TCP_FORW: name:enp0s3: saddr:100932208: daddr:33561200
[  209.870568] AAAAA-TCP_FORW: name:enp0s3: saddr:100932208: daddr:16783984
[  209.949753] AAAAA-TCP_FORW: name:enp0s3: saddr:100932208: daddr:33561200
[  210.000724] AAAAA-TCP_FORW: name:enp0s3: saddr:100932208: daddr:16783984
[  210.028199] AAAAA-TCP_FORW: name:enp0s3: saddr:33561200: daddr:100932208
[  210.044449] AAAAA-TCP_FORW: name:enp0s3: saddr:100932208: daddr:33561200
[  210.089471] AAAAA-TCP_FORW: name:enp0s3: saddr:100932208: daddr:16783984
[  210.129888] AAAAA-TCP_FORW: name:enp0s3: saddr:100932208: daddr:33561200
[  210.177562] AAAAA-TCP_FORW: name:enp0s3: saddr:100932208: daddr:16783984
[  210.234380] AAAAA-TCP_FORW: name:enp0s3: saddr:100932208: daddr:33561200
[  210.302519] AAAAA-TCP_FORW: name:enp0s3: saddr:100932208: daddr:16783984
[  210.322046] AAAAA-TCP_FORW: name:enp0s3: saddr:16783984: daddr:100932208
[  210.349315] AAAAA-TCP_FORW: name:enp0s3: saddr:100932208: daddr:16783984
[  210.377786] AAAAA-TCP_FORW: name:enp0s3: saddr:100932208: daddr:33561200
[  210.413770] AAAAA-TCP_FORW: name:enp0s3: saddr:100932208: daddr:33561200
[  210.439392] AAAAA-TCP_FORW: name:enp0s3: saddr:100932208: daddr:33561200
[  210.517301] AAAAA-TCP_FORW: name:enp0s3: saddr:100932208: daddr:33561200
[  210.548235] AAAAA-TCP_FORW: name:enp0s3: saddr:33561200: daddr:100932208
[  210.884794] AAAAA-TCP_FORW: name:enp0s3: saddr:16783984: daddr:100932208
[  211.019274] AAAAA-TCP_FORW: name:enp0s3: saddr:33561200: daddr:100932208
[  211.421341] AAAAA-TCP_FORW: name:enp0s3: saddr:16783984: daddr:100932208
[  211.680355] AAAAA-TCP_FORW: name:enp0s3: saddr:33561200: daddr:100932208
[  211.761298] AAAAA-TCP_FORW: name:enp0s3: saddr:16783984: daddr:100932208
[  211.831222] AAAAA-TCP_FORW: name:enp0s3: saddr:16783984: daddr:100932208
[  211.888058] AAAAA-TCP_FORW: name:enp0s3: saddr:33561200: daddr:100932208
[  212.092441] AAAAA-TCP_FORW: name:enp0s3: saddr:16783984: daddr:100932208
[  212.165644] AAAAA-TCP_FORW: name:enp0s3: saddr:16783984: daddr:100932208
[  212.248051] AAAAA-TCP_FORW: name:enp0s3: saddr:16783984: daddr:100932208
[  212.402653] AAAAA-TCP_FORW: name:enp0s3: saddr:33561200: daddr:100932208
[  212.489513] AAAAA-TCP_FORW: name:enp0s3: saddr:33561200: daddr:100932208
[  212.719470] AAAAA-TCP_FORW: name:enp0s3: saddr:33561200: daddr:100932208
[  212.779182] AAAAA-TCP_FORW: name:enp0s3: saddr:16783984: daddr:100932208
[  212.909150] AAAAA-TCP_FORW: name:enp0s3: saddr:16783984: daddr:100932208
[  212.992215] AAAAA-TCP_FORW: name:enp0s3: saddr:16783984: daddr:100932208
[  213.177499] AAAAA-TCP_FORW: name:enp0s3: saddr:33561200: daddr:100932208
[  213.350108] AAAAA-TCP_FORW: name:enp0s3: saddr:33561200: daddr:100932208
[  213.637241] AAAAA-TCP_FORW: name:enp0s3: saddr:16783984: daddr:100932208
[  213.893537] AAAAA-TCP_FORW: name:enp0s3: saddr:33561200: daddr:100932208
[  213.983412] AAAAA-TCP_FORW: name:enp0s3: saddr:16783984: daddr:100932208
[  214.214956] AAAAA-TCP_FORW: name:enp0s3: saddr:16783984: daddr:100932208
[  214.692700] AAAAA-TCP_FORW: name:enp0s3: saddr:33561200: daddr:100932208
[  214.779844] AAAAA-TCP_FORW: name:enp0s3: saddr:33561200: daddr:100932208
[  214.951125] AAAAA-TCP_FORW: name:enp0s3: saddr:33561200: daddr:100932208
[  215.062634] AAAAA-TCP_FORW: name:enp0s3: saddr:16783984: daddr:100932208
[  215.079045] AAAAA-TCP_FORW: name:enp0s3: saddr:33561200: daddr:100932208
[  215.216803] AAAAA-TCP_FORW: name:enp0s3: saddr:16783984: daddr:100932208
[  215.342122] AAAAA-TCP_FORW: name:enp0s3: saddr:16783984: daddr:100932208
[  215.584626] AAAAA-TCP_FORW: name:enp0s3: saddr:16783984: daddr:100932208
[  215.589754] AAAAA-TCP_FORW: name:enp0s3: saddr:33561200: daddr:100932208
[  215.668831] AAAAA-TCP_FORW: name:enp0s3: saddr:16783984: daddr:100932208
[  215.727728] AAAAA-TCP_FORW: name:enp0s3: saddr:16783984: daddr:100932208
[  215.817499] AAAAA-TCP_FORW: name:enp0s3: saddr:16783984: daddr:100932208
[  215.893388] AAAAA-TCP_FORW: name:enp0s3: saddr:33561200: daddr:100932208
[  216.001921] AAAAA-TCP_FORW: name:enp0s3: saddr:33561200: daddr:100932208
[  216.111010] AAAAA-TCP_FORW: name:enp0s3: saddr:16783984: daddr:100932208
[  216.171421] AAAAA-TCP_FORW: name:enp0s3: saddr:16783984: daddr:100932208
[  216.174105] AAAAA-TCP_FORW: name:enp0s3: saddr:33561200: daddr:100932208
[  216.217376] AAAAA-TCP_FORW: name:enp0s3: saddr:16783984: daddr:100932208
[  216.298465] AAAAA-TCP_FORW: name:enp0s3: saddr:16783984: daddr:100932208
[  216.301054] AAAAA-TCP_FORW: name:enp0s3: saddr:16783984: daddr:100932208
[  216.390519] AAAAA-TCP_FORW: name:enp0s3: saddr:33561200: daddr:100932208
[  216.463229] AAAAA-TCP_FORW: name:enp0s3: saddr:33561200: daddr:100932208
[  216.572422] AAAAA-TCP_FORW: name:enp0s3: saddr:33561200: daddr:100932208
[  216.575074] AAAAA-TCP_FORW: name:enp0s3: saddr:16783984: daddr:100932208
[  216.706054] AAAAA-TCP_FORW: name:enp0s3: saddr:16783984: daddr:100932208
[  216.780921] AAAAA-TCP_FORW: name:enp0s3: saddr:16783984: daddr:100932208
[  216.836710] AAAAA-TCP_FORW: name:enp0s3: saddr:16783984: daddr:100932208
[  216.937720] AAAAA-TCP_FORW: name:enp0s3: saddr:33561200: daddr:100932208
[  216.984207] AAAAA-TCP_FORW: name:enp0s3: saddr:33561200: daddr:100932208
[  217.143616] AAAAA-TCP_FORW: name:enp0s3: saddr:33561200: daddr:100932208
[  217.146231] AAAAA-TCP_FORW: name:enp0s3: saddr:33561200: daddr:100932208
[  217.189386] AAAAA-TCP_FORW: name:enp0s3: saddr:33561200: daddr:100932208
[  217.293372] AAAAA-TCP_FORW: name:enp0s3: saddr:33561200: daddr:100932208
[  217.337448] AAAAA-TCP_FORW: name:enp0s3: saddr:33561200: daddr:100932208
[  217.381867] AAAAA-TCP_FORW: name:enp0s3: saddr:33561200: daddr:100932208
[  217.384531] AAAAA-TCP_FORW: name:enp0s3: saddr:16783984: daddr:100932208
[  217.585243] AAAAA-TCP_FORW: name:enp0s3: saddr:16783984: daddr:100932208
[  217.660371] AAAAA-TCP_FORW: name:enp0s3: saddr:16783984: daddr:100932208
[  217.756826] AAAAA-TCP_FORW: name:enp0s3: saddr:33561200: daddr:100932208
[  217.837539] AAAAA-TCP_FORW: name:enp0s3: saddr:33561200: daddr:100932208
[  217.967916] AAAAA-TCP_FORW: name:enp0s3: saddr:16783984: daddr:100932208
[  217.971657] AAAAA-TCP_FORW: name:enp0s3: saddr:16783984: daddr:100932208
[  218.025487] AAAAA-TCP_FORW: name:enp0s3: saddr:16783984: daddr:100932208
[  218.097042] AAAAA-TCP_FORW: name:enp0s3: saddr:16783984: daddr:100932208
[  218.310174] AAAAA-TCP_FORW: name:enp0s3: saddr:33561200: daddr:100932208
[  218.541870] AAAAA-TCP_FORW: name:enp0s3: saddr:33561200: daddr:100932208
[  218.657956] AAAAA-TCP_FORW: name:enp0s3: saddr:16783984: daddr:100932208
[  218.863820] AAAAA-TCP_FORW: name:enp0s3: saddr:16783984: daddr:100932208
[  219.065217] AAAAA-TCP_FORW: name:enp0s3: saddr:33561200: daddr:100932208
[  219.170375] AAAAA-TCP_FORW: name:enp0s3: saddr:33561200: daddr:100932208
[  219.292431] AAAAA-TCP_FORW: name:enp0s3: saddr:16783984: daddr:100932208
[  219.393452] AAAAA-TCP_FORW: name:enp0s3: saddr:16783984: daddr:100932208
[  219.438662] AAAAA-TCP_FORW: name:enp0s3: saddr:33561200: daddr:100932208
[  219.610925] AAAAA-TCP_FORW: name:enp0s3: saddr:16783984: daddr:100932208
[  219.723869] AAAAA-TCP_FORW: name:enp0s3: saddr:33561200: daddr:100932208
[  219.779653] AAAAA-TCP_FORW: name:enp0s3: saddr:33561200: daddr:100932208
[  220.121874] AAAAA-TCP_FORW: name:enp0s3: saddr:16783984: daddr:100932208
[  220.197044] AAAAA-TCP_FORW: name:enp0s3: saddr:16783984: daddr:100932208
[  220.301038] AAAAA-TCP_FORW: name:enp0s3: saddr:33561200: daddr:100932208
[  220.372769] AAAAA-TCP_FORW: name:enp0s3: saddr:16783984: daddr:100932208
[  220.404237] AAAAA-TCP_FORW: name:enp0s3: saddr:33561200: daddr:100932208
[  220.464456] AAAAA-TCP_FORW: name:enp0s3: saddr:16783984: daddr:100932208
[  220.581200] AAAAA-TCP_FORW: name:enp0s3: saddr:16783984: daddr:100932208
[  220.668281] AAAAA-TCP_FORW: name:enp0s3: saddr:16783984: daddr:100932208
[  220.745679] AAAAA-TCP_FORW: name:enp0s3: saddr:16783984: daddr:100932208
[  220.849535] AAAAA-TCP_FORW: name:enp0s3: saddr:33561200: daddr:100932208
[  220.887542] AAAAA-TCP_FORW: name:enp0s3: saddr:33561200: daddr:100932208
[  220.916063] AAAAA-TCP_FORW: name:enp0s3: saddr:33561200: daddr:100932208
[  221.016573] AAAAA-TCP_FORW: name:enp0s3: saddr:33561200: daddr:100932208
[  221.056060] AAAAA-TCP_FORW: name:enp0s3: saddr:33561200: daddr:100932208
[  221.088295] AAAAA-TCP_FORW: name:enp0s3: saddr:16783984: daddr:100932208
[  221.128826] AAAAA-TCP_FORW: name:enp0s3: saddr:16783984: daddr:100932208
[  221.177125] AAAAA-TCP_FORW: name:enp0s3: saddr:16783984: daddr:100932208
[  221.219521] AAAAA-TCP_FORW: name:enp0s3: saddr:33561200: daddr:100932208
[  221.321006] AAAAA-TCP_FORW: name:enp0s3: saddr:16783984: daddr:100932208
[  221.440185] AAAAA-TCP_FORW: name:enp0s3: saddr:16783984: daddr:100932208
[  221.564643] AAAAA-TCP_FORW: name:enp0s3: saddr:16783984: daddr:100932208
[  221.605946] AAAAA-TCP_FORW: name:enp0s3: saddr:16783984: daddr:100932208
[  221.646272] AAAAA-TCP_FORW: name:enp0s3: saddr:16783984: daddr:100932208
[  241.697083] AAAAA-TCP_FORW: name:enp0s3: saddr:100932208: daddr:16783984
[  241.779019] AAAAA-TCP_FORW: name:enp0s3: saddr:100932208: daddr:16783984
[  241.901401] AAAAA-TCP_FORW: name:enp0s3: saddr:100932208: daddr:16783984
[  241.977717] AAAAA-TCP_FORW: name:enp0s3: saddr:100932208: daddr:33561200
[  242.066380] AAAAA-TCP_FORW: name:enp0s3: saddr:100932208: daddr:16783984
[  242.115866] AAAAA-TCP_FORW: name:enp0s3: saddr:100932208: daddr:16783984
[  242.200302] AAAAA-TCP_FORW: name:enp0s3: saddr:100932208: daddr:16783984
[  242.341916] AAAAA-TCP_FORW: name:enp0s3: saddr:100932208: daddr:16783984
[  242.413020] AAAAA-TCP_FORW: name:enp0s3: saddr:100932208: daddr:33561200
[  242.582731] AAAAA-TCP_FORW: name:enp0s3: saddr:100932208: daddr:16783984
[  242.692013] AAAAA-TCP_FORW: name:enp0s3: saddr:100932208: daddr:16783984
[  242.828584] AAAAA-TCP_FORW: name:enp0s3: saddr:100932208: daddr:16783984
[  242.879644] AAAAA-TCP_FORW: name:enp0s3: saddr:100932208: daddr:16783984
[  242.993587] AAAAA-TCP_FORW: name:enp0s3: saddr:100932208: daddr:16783984
[  243.063319] AAAAA-TCP_FORW: name:enp0s3: saddr:100932208: daddr:33561200
[  243.145492] AAAAA-TCP_FORW: name:enp0s3: saddr:100932208: daddr:16783984
[  243.235809] AAAAA-TCP_FORW: name:enp0s3: saddr:100932208: daddr:16783984
[  243.382366] AAAAA-TCP_FORW: name:enp0s3: saddr:100932208: daddr:16783984
[  243.476395] AAAAA-TCP_FORW: name:enp0s3: saddr:100932208: daddr:16783984
[  243.595928] AAAAA-TCP_FORW: name:enp0s3: saddr:100932208: daddr:16783984
[  243.711102] AAAAA-TCP_FORW: name:enp0s3: saddr:100932208: daddr:16783984
[  243.845347] AAAAA-TCP_FORW: name:enp0s3: saddr:100932208: daddr:16783984
[  243.950300] AAAAA-TCP_FORW: name:enp0s3: saddr:100932208: daddr:33561200
[  244.069862] AAAAA-TCP_FORW: name:enp0s3: saddr:16783984: daddr:100932208
[  244.105109] AAAAA-TCP_FORW: name:enp0s3: saddr:100932208: daddr:33561200
[  244.156434] AAAAA-TCP_FORW: name:enp0s3: saddr:16783984: daddr:100932208
[  244.177882] AAAAA-TCP_FORW: name:enp0s3: saddr:100932208: daddr:33561200
[  244.281190] AAAAA-TCP_FORW: name:enp0s3: saddr:100932208: daddr:33561200
[  244.376432] AAAAA-TCP_FORW: name:enp0s3: saddr:100932208: daddr:33561200
[  244.454146] AAAAA-TCP_FORW: name:enp0s3: saddr:100932208: daddr:33561200
[  244.501020] AAAAA-TCP_FORW: name:enp0s3: saddr:100932208: daddr:33561200
[  244.516839] AAAAA-TCP_FORW: name:enp0s3: saddr:16783984: daddr:100932208
[  244.522368] AAAAA-TCP_FORW: name:enp0s3: saddr:100932208: daddr:33561200
[  244.628085] AAAAA-TCP_FORW: name:enp0s3: saddr:100932208: daddr:33561200
[  244.629448] AAAAA-TCP_FORW: name:enp0s3: saddr:16783984: daddr:100932208
[  244.678587] AAAAA-TCP_FORW: name:enp0s3: saddr:16783984: daddr:100932208
[  244.686749] AAAAA-TCP_FORW: name:enp0s3: saddr:100932208: daddr:33561200
[  244.710208] AAAAA-TCP_FORW: name:enp0s3: saddr:100932208: daddr:33561200
[  244.739523] AAAAA-TCP_FORW: name:enp0s3: saddr:100932208: daddr:33561200
[  244.758273] AAAAA-TCP_FORW: name:enp0s3: saddr:33561200: daddr:100932208
[  244.774006] AAAAA-TCP_FORW: name:enp0s3: saddr:100932208: daddr:33561200
[  244.807757] AAAAA-TCP_FORW: name:enp0s3: saddr:100932208: daddr:33561200
[  244.819042] AAAAA-TCP_FORW: name:enp0s3: saddr:100932208: daddr:33561200
[  244.854936] AAAAA-TCP_FORW: name:enp0s3: saddr:16783984: daddr:100932208
[  244.868367] AAAAA-TCP_FORW: name:enp0s3: saddr:100932208: daddr:33561200
[  244.952841] AAAAA-TCP_FORW: name:enp0s3: saddr:16783984: daddr:100932208
[  245.121233] AAAAA-TCP_FORW: name:enp0s3: saddr:16783984: daddr:100932208
[  245.155366] AAAAA-TCP_FORW: name:enp0s3: saddr:16783984: daddr:100932208
[  245.245457] AAAAA-TCP_FORW: name:enp0s3: saddr:16783984: daddr:100932208
[  245.318168] AAAAA-TCP_FORW: name:enp0s3: saddr:16783984: daddr:100932208
[  245.370962] AAAAA-TCP_FORW: name:enp0s3: saddr:33561200: daddr:100932208
[  245.634506] AAAAA-TCP_FORW: name:enp0s3: saddr:33561200: daddr:100932208
[  245.754935] AAAAA-TCP_FORW: name:enp0s3: saddr:16783984: daddr:100932208
[  245.815422] AAAAA-TCP_FORW: name:enp0s3: saddr:33561200: daddr:100932208
[  245.904444] AAAAA-TCP_FORW: name:enp0s3: saddr:33561200: daddr:100932208
[  246.042365] AAAAA-TCP_FORW: name:enp0s3: saddr:16783984: daddr:100932208
[  246.125163] AAAAA-TCP_FORW: name:enp0s3: saddr:33561200: daddr:100932208
[  246.266970] AAAAA-TCP_FORW: name:enp0s3: saddr:16783984: daddr:100932208
[  246.341213] AAAAA-TCP_FORW: name:enp0s3: saddr:33561200: daddr:100932208
[  246.468803] AAAAA-TCP_FORW: name:enp0s3: saddr:33561200: daddr:100932208
[  246.522338] AAAAA-TCP_FORW: name:enp0s3: saddr:16783984: daddr:100932208
[  246.585124] AAAAA-TCP_FORW: name:enp0s3: saddr:33561200: daddr:100932208
[  246.626758] AAAAA-TCP_FORW: name:enp0s3: saddr:33561200: daddr:100932208
[  246.708382] AAAAA-TCP_FORW: name:enp0s3: saddr:33561200: daddr:100932208
[  246.786700] AAAAA-TCP_FORW: name:enp0s3: saddr:16783984: daddr:100932208
[  246.837559] AAAAA-TCP_FORW: name:enp0s3: saddr:33561200: daddr:100932208
[  246.858827] AAAAA-TCP_FORW: name:enp0s3: saddr:33561200: daddr:100932208
[  246.973252] AAAAA-TCP_FORW: name:enp0s3: saddr:33561200: daddr:100932208
[  247.055337] AAAAA-TCP_FORW: name:enp0s3: saddr:33561200: daddr:100932208
[  247.085918] AAAAA-TCP_FORW: name:enp0s3: saddr:16783984: daddr:100932208
[  247.160406] AAAAA-TCP_FORW: name:enp0s3: saddr:16783984: daddr:100932208
[  247.331317] AAAAA-TCP_FORW: name:enp0s3: saddr:16783984: daddr:100932208
[  247.545355] AAAAA-TCP_FORW: name:enp0s3: saddr:16783984: daddr:100932208
[  247.743594] AAAAA-TCP_FORW: name:enp0s3: saddr:16783984: daddr:100932208
[  248.011932] AAAAA-TCP_FORW: name:enp0s3: saddr:16783984: daddr:100932208
[  248.178311] AAAAA-TCP_FORW: name:enp0s3: saddr:16783984: daddr:100932208
[  248.395581] AAAAA-TCP_FORW: name:enp0s3: saddr:16783984: daddr:100932208
[  248.586670] AAAAA-TCP_FORW: name:enp0s3: saddr:16783984: daddr:100932208
[  248.768971] AAAAA-TCP_FORW: name:enp0s3: saddr:16783984: daddr:100932208
[  248.954423] AAAAA-TCP_FORW: name:enp0s3: saddr:33561200: daddr:100932208
[  249.107626] AAAAA-TCP_FORW: name:enp0s3: saddr:33561200: daddr:100932208
[  249.177956] AAAAA-TCP_FORW: name:enp0s3: saddr:33561200: daddr:100932208
[  249.310807] AAAAA-TCP_FORW: name:enp0s3: saddr:33561200: daddr:100932208
[  249.387250] AAAAA-TCP_FORW: name:enp0s3: saddr:33561200: daddr:100932208
[  249.539849] AAAAA-TCP_FORW: name:enp0s3: saddr:33561200: daddr:100932208
[  249.570412] AAAAA-TCP_FORW: name:enp0s3: saddr:33561200: daddr:100932208
[  249.622558] AAAAA-TCP_FORW: name:enp0s3: saddr:33561200: daddr:100932208
[  249.672225] AAAAA-TCP_FORW: name:enp0s3: saddr:33561200: daddr:100932208
[  249.742769] AAAAA-TCP_FORW: name:enp0s3: saddr:33561200: daddr:100932208
[  249.797780] AAAAA-TCP_FORW: name:enp0s3: saddr:16783984: daddr:100932208
[  249.887281] AAAAA-TCP_FORW: name:enp0s3: saddr:16783984: daddr:100932208
[  249.992894] AAAAA-TCP_FORW: name:enp0s3: saddr:16783984: daddr:100932208
[  250.076396] AAAAA-TCP_FORW: name:enp0s3: saddr:16783984: daddr:100932208
[  250.156828] AAAAA-TCP_FORW: name:enp0s3: saddr:33561200: daddr:100932208
[  250.196840] AAAAA-TCP_FORW: name:enp0s3: saddr:33561200: daddr:100932208
[  250.289719] AAAAA-TCP_FORW: name:enp0s3: saddr:33561200: daddr:100932208
[  250.393106] AAAAA-TCP_FORW: name:enp0s3: saddr:33561200: daddr:100932208
[  250.599735] AAAAA-TCP_FORW: name:enp0s3: saddr:16783984: daddr:100932208
[  250.689027] AAAAA-TCP_FORW: name:enp0s3: saddr:16783984: daddr:100932208
[  250.754289] AAAAA-TCP_FORW: name:enp0s3: saddr:16783984: daddr:100932208
[  250.794847] AAAAA-TCP_FORW: name:enp0s3: saddr:16783984: daddr:100932208
[  250.862133] AAAAA-TCP_FORW: name:enp0s3: saddr:33561200: daddr:100932208
[  250.988987] AAAAA-TCP_FORW: name:enp0s3: saddr:33561200: daddr:100932208
[  251.063352] AAAAA-TCP_FORW: name:enp0s3: saddr:16783984: daddr:100932208
[  261.367905] AAAAA-TCP_FORW: name:enp0s3: saddr:100932208: daddr:16783984
[  261.677993] AAAAA-TCP_FORW: name:enp0s3: saddr:16783984: daddr:100932208
[  262.182813] AAAAA-TCP_FORW: name:enp0s3: saddr:100932208: daddr:16783984
[  262.753743] AAAAA-TCP_FORW: name:enp0s3: saddr:16783984: daddr:100932208
[  263.181502] AAAAA-TCP_FORW: name:enp0s3: saddr:100932208: daddr:16783984
[  263.219599] AAAAA-TCP_FORW: name:enp0s3: saddr:100932208: daddr:16783984
[  263.306750] AAAAA-TCP_FORW: name:enp0s3: saddr:100932208: daddr:16783984
[  263.342561] AAAAA-TCP_FORW: name:enp0s3: saddr:100932208: daddr:16783984
[  263.430345] AAAAA-TCP_FORW: name:enp0s3: saddr:100932208: daddr:16783984
[  263.452190] AAAAA-TCP_FORW: name:enp0s3: saddr:100932208: daddr:16783984
[  263.526293] AAAAA-TCP_FORW: name:enp0s3: saddr:100932208: daddr:16783984
[  263.570179] AAAAA-TCP_FORW: name:enp0s3: saddr:100932208: daddr:16783984
[  263.672227] AAAAA-TCP_FORW: name:enp0s3: saddr:100932208: daddr:16783984
[  263.747272] AAAAA-TCP_FORW: name:enp0s3: saddr:100932208: daddr:16783984
[  263.748759] AAAAA-TCP_FORW: name:enp0s3: saddr:16783984: daddr:100932208
[  263.802103] AAAAA-TCP_FORW: name:enp0s3: saddr:100932208: daddr:16783984
[  263.887262] AAAAA-TCP_FORW: name:enp0s3: saddr:100932208: daddr:16783984
[  263.938628] AAAAA-TCP_FORW: name:enp0s3: saddr:100932208: daddr:16783984
[  263.960121] AAAAA-TCP_FORW: name:enp0s3: saddr:16783984: daddr:100932208
[  263.994086] AAAAA-TCP_FORW: name:enp0s3: saddr:100932208: daddr:16783984
[  264.055578] AAAAA-TCP_FORW: name:enp0s3: saddr:16783984: daddr:100932208
[  264.093176] AAAAA-TCP_FORW: name:enp0s3: saddr:16783984: daddr:100932208
[  264.098332] AAAAA-TCP_FORW: name:enp0s3: saddr:100932208: daddr:16783984
[  264.165753] AAAAA-TCP_FORW: name:enp0s3: saddr:100932208: daddr:16783984
[  264.200511] AAAAA-TCP_FORW: name:enp0s3: saddr:16783984: daddr:100932208
[  264.209066] AAAAA-TCP_FORW: name:enp0s3: saddr:100932208: daddr:16783984
[  264.274376] AAAAA-TCP_FORW: name:enp0s3: saddr:100932208: daddr:16783984
[  264.284006] AAAAA-TCP_FORW: name:enp0s3: saddr:16783984: daddr:100932208
[  264.403256] AAAAA-TCP_FORW: name:enp0s3: saddr:16783984: daddr:100932208
[  264.415417] AAAAA-TCP_FORW: name:enp0s3: saddr:100932208: daddr:16783984
[  264.529651] AAAAA-TCP_FORW: name:enp0s3: saddr:100932208: daddr:16783984
[  264.551212] AAAAA-TCP_FORW: name:enp0s3: saddr:16783984: daddr:100932208
[  264.634336] AAAAA-TCP_FORW: name:enp0s3: saddr:100932208: daddr:16783984
[  264.662651] AAAAA-TCP_FORW: name:enp0s3: saddr:100932208: daddr:16783984
[  264.748014] AAAAA-TCP_FORW: name:enp0s3: saddr:16783984: daddr:100932208
[  264.774807] AAAAA-TCP_FORW: name:enp0s3: saddr:100932208: daddr:16783984
[  264.836059] AAAAA-TCP_FORW: name:enp0s3: saddr:100932208: daddr:16783984
[  264.900256] AAAAA-TCP_FORW: name:enp0s3: saddr:16783984: daddr:100932208
[  264.938730] AAAAA-TCP_FORW: name:enp0s3: saddr:100932208: daddr:16783984
[  265.133791] AAAAA-TCP_FORW: name:enp0s3: saddr:16783984: daddr:100932208
[  265.270767] AAAAA-TCP_FORW: name:enp0s3: saddr:100932208: daddr:16783984
[  265.387497] AAAAA-TCP_FORW: name:enp0s3: saddr:16783984: daddr:100932208
[  265.449281] AAAAA-TCP_FORW: name:enp0s3: saddr:100932208: daddr:16783984
[  265.575723] AAAAA-TCP_FORW: name:enp0s3: saddr:100932208: daddr:16783984
[  265.656788] AAAAA-TCP_FORW: name:enp0s3: saddr:16783984: daddr:100932208
[  265.767260] AAAAA-TCP_FORW: name:enp0s3: saddr:16783984: daddr:100932208
[  265.854738] AAAAA-TCP_FORW: name:enp0s3: saddr:100932208: daddr:16783984
[  266.061162] AAAAA-TCP_FORW: name:enp0s3: saddr:16783984: daddr:100932208
[  266.099259] AAAAA-TCP_FORW: name:enp0s3: saddr:100932208: daddr:16783984
[  266.162784] AAAAA-TCP_FORW: name:enp0s3: saddr:16783984: daddr:100932208
[  266.210705] AAAAA-TCP_FORW: name:enp0s3: saddr:100932208: daddr:16783984
[  266.422186] AAAAA-TCP_FORW: name:enp0s3: saddr:16783984: daddr:100932208
[  266.546365] AAAAA-TCP_FORW: name:enp0s3: saddr:16783984: daddr:100932208
[  266.654263] AAAAA-TCP_FORW: name:enp0s3: saddr:100932208: daddr:16783984
[  266.850898] AAAAA-TCP_FORW: name:enp0s3: saddr:16783984: daddr:100932208
[  267.030188] AAAAA-TCP_FORW: name:enp0s3: saddr:100932208: daddr:16783984
[  267.055771] AAAAA-TCP_FORW: name:enp0s3: saddr:16783984: daddr:100932208
[  267.088179] AAAAA-TCP_FORW: name:enp0s3: saddr:100932208: daddr:16783984
[  267.231352] AAAAA-TCP_FORW: name:enp0s3: saddr:100932208: daddr:16783984
[  267.316850] AAAAA-TCP_FORW: name:enp0s3: saddr:100932208: daddr:16783984
[  267.329690] AAAAA-TCP_FORW: name:enp0s3: saddr:16783984: daddr:100932208
[  267.559610] AAAAA-TCP_FORW: name:enp0s3: saddr:100932208: daddr:16783984
[  267.607043] AAAAA-TCP_FORW: name:enp0s3: saddr:16783984: daddr:100932208
[  267.911238] AAAAA-TCP_FORW: name:enp0s3: saddr:16783984: daddr:100932208
[  267.929452] AAAAA-TCP_FORW: name:enp0s3: saddr:100932208: daddr:16783984
[  268.075402] AAAAA-TCP_FORW: name:enp0s3: saddr:16783984: daddr:100932208
[  268.423782] AAAAA-TCP_FORW: name:enp0s3: saddr:100932208: daddr:33561200
[  268.496663] AAAAA-TCP_FORW: name:enp0s3: saddr:16783984: daddr:100932208
[  269.084060] AAAAA-TCP_FORW: name:enp0s3: saddr:16783984: daddr:100932208
[  269.093812] AAAAA-TCP_FORW: name:enp0s3: saddr:100932208: daddr:16783984
[  269.130922] AAAAA-TCP_FORW: name:enp0s3: saddr:100932208: daddr:16783984
[  269.283715] AAAAA-TCP_FORW: name:enp0s3: saddr:16783984: daddr:100932208
[  269.304593] AAAAA-TCP_FORW: name:enp0s3: saddr:100932208: daddr:16783984
[  269.332215] AAAAA-TCP_FORW: name:enp0s3: saddr:16783984: daddr:100932208
[  269.403049] AAAAA-TCP_FORW: name:enp0s3: saddr:100932208: daddr:16783984
[  269.655968] AAAAA-TCP_FORW: name:enp0s3: saddr:100932208: daddr:16783984
[  269.701627] AAAAA-TCP_FORW: name:enp0s3: saddr:16783984: daddr:100932208
[  269.823707] AAAAA-TCP_FORW: name:enp0s3: saddr:100932208: daddr:16783984
[  270.030922] AAAAA-TCP_FORW: name:enp0s3: saddr:16783984: daddr:100932208
[  270.104070] AAAAA-TCP_FORW: name:enp0s3: saddr:100932208: daddr:16783984
[  270.119649] AAAAA-TCP_FORW: name:enp0s3: saddr:16783984: daddr:100932208
[  270.370314] AAAAA-TCP_FORW: name:enp0s3: saddr:100932208: daddr:16783984
[  270.534424] AAAAA-TCP_FORW: name:enp0s3: saddr:16783984: daddr:100932208
[  270.550375] AAAAA-TCP_FORW: name:enp0s3: saddr:100932208: daddr:16783984
[  270.719141] AAAAA-TCP_FORW: name:enp0s3: saddr:100932208: daddr:16783984
[  270.859502] AAAAA-TCP_FORW: name:enp0s3: saddr:16783984: daddr:100932208
[  270.933962] AAAAA-TCP_FORW: name:enp0s3: saddr:16783984: daddr:100932208
[  270.962724] AAAAA-TCP_FORW: name:enp0s3: saddr:16783984: daddr:100932208
[  271.076975] AAAAA-TCP_FORW: name:enp0s3: saddr:100932208: daddr:16783984
[  271.153416] AAAAA-TCP_FORW: name:enp0s3: saddr:16783984: daddr:100932208
[  271.374749] AAAAA-TCP_FORW: name:enp0s3: saddr:16783984: daddr:100932208
[  271.564875] AAAAA-TCP_FORW: name:enp0s3: saddr:100932208: daddr:16783984
[  271.813223] AAAAA-TCP_FORW: name:enp0s3: saddr:100932208: daddr:16783984
[  271.878690] AAAAA-TCP_FORW: name:enp0s3: saddr:33561200: daddr:100932208
[  271.918352] AAAAA-TCP_FORW: name:enp0s3: saddr:100932208: daddr:16783984
[  272.173077] AAAAA-TCP_FORW: name:enp0s3: saddr:100932208: daddr:16783984
[  272.310897] AAAAA-TCP_FORW: name:enp0s3: saddr:16783984: daddr:100932208
[  272.465955] AAAAA-TCP_FORW: name:enp0s3: saddr:100932208: daddr:16783984
[  272.484250] AAAAA-TCP_FORW: name:enp0s3: saddr:16783984: daddr:100932208
[  272.655858] AAAAA-TCP_FORW: name:enp0s3: saddr:100932208: daddr:16783984
[  272.674266] AAAAA-TCP_FORW: name:enp0s3: saddr:16783984: daddr:100932208
[  272.984282] AAAAA-TCP_FORW: name:enp0s3: saddr:16783984: daddr:100932208
[  273.036081] AAAAA-TCP_FORW: name:enp0s3: saddr:100932208: daddr:16783984
[  273.100272] AAAAA-TCP_FORW: name:enp0s3: saddr:100932208: daddr:16783984
[  273.105965] AAAAA-TCP_FORW: name:enp0s3: saddr:16783984: daddr:100932208
[  273.470306] AAAAA-TCP_FORW: name:enp0s3: saddr:16783984: daddr:100932208
[  273.984822] AAAAA-TCP_FORW: name:enp0s3: saddr:16783984: daddr:100932208
[  274.117530] AAAAA-TCP_FORW: name:enp0s3: saddr:16783984: daddr:100932208
[  274.367124] AAAAA-TCP_FORW: name:enp0s3: saddr:16783984: daddr:100932208
[  274.766895] AAAAA-TCP_FORW: name:enp0s3: saddr:16783984: daddr:100932208
[  274.836368] AAAAA-TCP_FORW: name:enp0s3: saddr:100932208: daddr:33561200
[  274.892695] AAAAA-TCP_FORW: name:enp0s3: saddr:100932208: daddr:33561200
[  275.035093] AAAAA-TCP_FORW: name:enp0s3: saddr:100932208: daddr:33561200
[  275.081536] AAAAA-TCP_FORW: name:enp0s3: saddr:100932208: daddr:33561200
[  275.440116] AAAAA-TCP_FORW: name:enp0s3: saddr:16783984: daddr:100932208
[  275.487350] AAAAA-TCP_FORW: name:enp0s3: saddr:16783984: daddr:100932208
[  275.809434] AAAAA-TCP_FORW: name:enp0s3: saddr:16783984: daddr:100932208
[  276.017193] AAAAA-TCP_FORW: name:enp0s3: saddr:16783984: daddr:100932208
[  276.345758] AAAAA-TCP_FORW: name:enp0s3: saddr:16783984: daddr:100932208
[  276.468087] AAAAA-TCP_FORW: name:enp0s3: saddr:16783984: daddr:100932208
[  276.786358] AAAAA-TCP_FORW: name:enp0s3: saddr:16783984: daddr:100932208
[  276.852518] AAAAA-TCP_FORW: name:enp0s3: saddr:16783984: daddr:100932208
[  277.361095] AAAAA-TCP_FORW: name:enp0s3: saddr:33561200: daddr:100932208
[  277.553271] AAAAA-TCP_FORW: name:enp0s3: saddr:33561200: daddr:100932208
[  278.828802] AAAAA-TCP_FORW: name:enp0s3: saddr:100932208: daddr:16783984
[  279.049082] AAAAA-TCP_FORW: name:enp0s3: saddr:100932208: daddr:16783984
[  279.250335] AAAAA-TCP_FORW: name:enp0s3: saddr:100932208: daddr:16783984
[  279.752983] AAAAA-TCP_FORW: name:enp0s3: saddr:100932208: daddr:16783984
[  279.872898] AAAAA-TCP_FORW: name:enp0s3: saddr:100932208: daddr:33561200
[  279.971851] AAAAA-TCP_FORW: name:enp0s3: saddr:100932208: daddr:33561200
[  280.015849] AAAAA-TCP_FORW: name:enp0s3: saddr:100932208: daddr:33561200
[  280.046183] AAAAA-TCP_FORW: name:enp0s3: saddr:100932208: daddr:33561200
[  280.119771] AAAAA-TCP_FORW: name:enp0s3: saddr:100932208: daddr:33561200
[  280.174362] AAAAA-TCP_FORW: name:enp0s3: saddr:100932208: daddr:33561200
[  280.219987] AAAAA-TCP_FORW: name:enp0s3: saddr:100932208: daddr:33561200
[  280.266692] AAAAA-TCP_FORW: name:enp0s3: saddr:100932208: daddr:33561200
[  280.339666] AAAAA-TCP_FORW: name:enp0s3: saddr:100932208: daddr:33561200
[  280.405074] AAAAA-TCP_FORW: name:enp0s3: saddr:100932208: daddr:33561200
[  280.490528] AAAAA-TCP_FORW: name:enp0s3: saddr:100932208: daddr:33561200
[  280.571633] AAAAA-TCP_FORW: name:enp0s3: saddr:100932208: daddr:33561200
[  280.606937] AAAAA-TCP_FORW: name:enp0s3: saddr:100932208: daddr:33561200
[  280.636287] AAAAA-TCP_FORW: name:enp0s3: saddr:16783984: daddr:100932208
[  280.664025] AAAAA-TCP_FORW: name:enp0s3: saddr:100932208: daddr:33561200
[  280.742069] AAAAA-TCP_FORW: name:enp0s3: saddr:100932208: daddr:33561200
[  280.795852] AAAAA-TCP_FORW: name:enp0s3: saddr:16783984: daddr:100932208
[  280.803798] AAAAA-TCP_FORW: name:enp0s3: saddr:100932208: daddr:33561200
[  280.869597] AAAAA-TCP_FORW: name:enp0s3: saddr:16783984: daddr:100932208
[  280.871154] AAAAA-TCP_FORW: name:enp0s3: saddr:100932208: daddr:33561200
[  280.955645] AAAAA-TCP_FORW: name:enp0s3: saddr:100932208: daddr:33561200
[  280.975897] AAAAA-TCP_FORW: name:enp0s3: saddr:100932208: daddr:33561200
[  281.034263] AAAAA-TCP_FORW: name:enp0s3: saddr:100932208: daddr:33561200
[  281.143150] AAAAA-TCP_FORW: name:enp0s3: saddr:100932208: daddr:33561200
[  281.183204] AAAAA-TCP_FORW: name:enp0s3: saddr:100932208: daddr:33561200
[  281.213176] AAAAA-TCP_FORW: name:enp0s3: saddr:100932208: daddr:33561200
[  281.284554] AAAAA-TCP_FORW: name:enp0s3: saddr:16783984: daddr:100932208
[  281.344582] AAAAA-TCP_FORW: name:enp0s3: saddr:33561200: daddr:100932208
[  281.417478] AAAAA-TCP_FORW: name:enp0s3: saddr:33561200: daddr:100932208
[  281.536514] AAAAA-TCP_FORW: name:enp0s3: saddr:33561200: daddr:100932208
[  281.787344] AAAAA-TCP_FORW: name:enp0s3: saddr:33561200: daddr:100932208
[  281.906373] AAAAA-TCP_FORW: name:enp0s3: saddr:33561200: daddr:100932208
[  281.946214] AAAAA-TCP_FORW: name:enp0s3: saddr:33561200: daddr:100932208
[  282.003764] AAAAA-TCP_FORW: name:enp0s3: saddr:33561200: daddr:100932208
[  282.091240] AAAAA-TCP_FORW: name:enp0s3: saddr:33561200: daddr:100932208
[  282.167220] AAAAA-TCP_FORW: name:enp0s3: saddr:33561200: daddr:100932208
[  282.194967] AAAAA-TCP_FORW: name:enp0s3: saddr:33561200: daddr:100932208
[  282.328338] AAAAA-TCP_FORW: name:enp0s3: saddr:33561200: daddr:100932208
[  282.480532] AAAAA-TCP_FORW: name:enp0s3: saddr:33561200: daddr:100932208
[  282.596979] AAAAA-TCP_FORW: name:enp0s3: saddr:33561200: daddr:100932208
[  282.643190] AAAAA-TCP_FORW: name:enp0s3: saddr:100932208: daddr:16783984
[  282.715522] AAAAA-TCP_FORW: name:enp0s3: saddr:100932208: daddr:16783984
[  282.771274] AAAAA-TCP_FORW: name:enp0s3: saddr:33561200: daddr:100932208
[  282.772892] AAAAA-TCP_FORW: name:enp0s3: saddr:100932208: daddr:16783984
[  282.866554] AAAAA-TCP_FORW: name:enp0s3: saddr:100932208: daddr:16783984
[  282.927079] AAAAA-TCP_FORW: name:enp0s3: saddr:100932208: daddr:16783984
[  283.011492] AAAAA-TCP_FORW: name:enp0s3: saddr:100932208: daddr:16783984
[  283.047826] AAAAA-TCP_FORW: name:enp0s3: saddr:33561200: daddr:100932208
[  283.099463] AAAAA-TCP_FORW: name:enp0s3: saddr:100932208: daddr:16783984
[  283.151219] AAAAA-TCP_FORW: name:enp0s3: saddr:33561200: daddr:100932208
[  283.206949] AAAAA-TCP_FORW: name:enp0s3: saddr:100932208: daddr:16783984
[  283.285255] AAAAA-TCP_FORW: name:enp0s3: saddr:33561200: daddr:100932208
[  283.290756] AAAAA-TCP_FORW: name:enp0s3: saddr:100932208: daddr:16783984
[  283.358392] AAAAA-TCP_FORW: name:enp0s3: saddr:100932208: daddr:16783984
[  283.366871] AAAAA-TCP_FORW: name:enp0s3: saddr:33561200: daddr:100932208
[  283.409188] AAAAA-TCP_FORW: name:enp0s3: saddr:100932208: daddr:16783984
[  283.482324] AAAAA-TCP_FORW: name:enp0s3: saddr:33561200: daddr:100932208
[  283.499582] AAAAA-TCP_FORW: name:enp0s3: saddr:100932208: daddr:16783984
[  283.556106] AAAAA-TCP_FORW: name:enp0s3: saddr:33561200: daddr:100932208
[  283.596419] AAAAA-TCP_FORW: name:enp0s3: saddr:100932208: daddr:16783984
[  283.670385] AAAAA-TCP_FORW: name:enp0s3: saddr:33561200: daddr:100932208
[  283.671990] AAAAA-TCP_FORW: name:enp0s3: saddr:100932208: daddr:16783984
[  283.741323] AAAAA-TCP_FORW: name:enp0s3: saddr:33561200: daddr:100932208
[  283.755778] AAAAA-TCP_FORW: name:enp0s3: saddr:100932208: daddr:16783984
[  283.769516] AAAAA-TCP_FORW: name:enp0s3: saddr:100932208: daddr:16783984
[  283.786722] AAAAA-TCP_FORW: name:enp0s3: saddr:33561200: daddr:100932208
[  283.809190] AAAAA-TCP_FORW: name:enp0s3: saddr:100932208: daddr:16783984
[  283.848030] AAAAA-TCP_FORW: name:enp0s3: saddr:100932208: daddr:16783984
[  283.875631] AAAAA-TCP_FORW: name:enp0s3: saddr:100932208: daddr:16783984
[  283.898244] AAAAA-TCP_FORW: name:enp0s3: saddr:100932208: daddr:16783984
[  283.915850] AAAAA-TCP_FORW: name:enp0s3: saddr:100932208: daddr:16783984
[  283.941848] AAAAA-TCP_FORW: name:enp0s3: saddr:100932208: daddr:16783984
[  284.026852] AAAAA-TCP_FORW: name:enp0s3: saddr:100932208: daddr:16783984
[  284.108046] AAAAA-TCP_FORW: name:enp0s3: saddr:100932208: daddr:16783984
[  284.224563] AAAAA-TCP_FORW: name:enp0s3: saddr:100932208: daddr:16783984
[  284.253504] AAAAA-TCP_FORW: name:enp0s3: saddr:100932208: daddr:16783984
[  284.300010] AAAAA-TCP_FORW: name:enp0s3: saddr:100932208: daddr:16783984
[  284.347237] AAAAA-TCP_FORW: name:enp0s3: saddr:100932208: daddr:16783984
[  284.462186] AAAAA-TCP_FORW: name:enp0s3: saddr:100932208: daddr:16783984
[  284.548963] AAAAA-TCP_FORW: name:enp0s3: saddr:100932208: daddr:16783984
[  284.596634] AAAAA-TCP_FORW: name:enp0s3: saddr:100932208: daddr:16783984
[  284.688173] AAAAA-TCP_FORW: name:enp0s3: saddr:100932208: daddr:16783984
[  284.779524] AAAAA-TCP_FORW: name:enp0s3: saddr:100932208: daddr:16783984
[  284.851739] AAAAA-TCP_FORW: name:enp0s3: saddr:100932208: daddr:16783984
[  284.916028] AAAAA-TCP_FORW: name:enp0s3: saddr:100932208: daddr:16783984
[  284.957869] AAAAA-TCP_FORW: name:enp0s3: saddr:100932208: daddr:16783984
[  284.988461] AAAAA-TCP_FORW: name:enp0s3: saddr:100932208: daddr:16783984
[  285.000706] AAAAA-TCP_FORW: name:enp0s3: saddr:100932208: daddr:16783984
[  285.056401] AAAAA-TCP_FORW: name:enp0s3: saddr:100932208: daddr:16783984
[  285.074107] AAAAA-TCP_FORW: name:enp0s3: saddr:100932208: daddr:16783984
[  285.089204] AAAAA-TCP_FORW: name:enp0s3: saddr:16783984: daddr:100932208
[  285.125341] AAAAA-TCP_FORW: name:enp0s3: saddr:100932208: daddr:16783984
[  285.140107] AAAAA-TCP_FORW: name:enp0s3: saddr:100932208: daddr:16783984
[  285.155092] AAAAA-TCP_FORW: name:enp0s3: saddr:16783984: daddr:100932208
[  285.183687] AAAAA-TCP_FORW: name:enp0s3: saddr:100932208: daddr:16783984
[  285.259291] AAAAA-TCP_FORW: name:enp0s3: saddr:100932208: daddr:16783984
[  285.316958] AAAAA-TCP_FORW: name:enp0s3: saddr:100932208: daddr:16783984
[  285.332700] AAAAA-TCP_FORW: name:enp0s3: saddr:16783984: daddr:100932208
[  285.355108] AAAAA-TCP_FORW: name:enp0s3: saddr:16783984: daddr:100932208
[  285.361302] AAAAA-TCP_FORW: name:enp0s3: saddr:100932208: daddr:16783984
[  285.386203] AAAAA-TCP_FORW: name:enp0s3: saddr:16783984: daddr:100932208
[  285.399727] AAAAA-TCP_FORW: name:enp0s3: saddr:100932208: daddr:16783984
[  285.417594] AAAAA-TCP_FORW: name:enp0s3: saddr:16783984: daddr:100932208
[  285.419255] AAAAA-TCP_FORW: name:enp0s3: saddr:100932208: daddr:16783984
[  285.449798] AAAAA-TCP_FORW: name:enp0s3: saddr:100932208: daddr:16783984
[  285.458228] AAAAA-TCP_FORW: name:enp0s3: saddr:100932208: daddr:16783984
[  285.469722] AAAAA-TCP_FORW: name:enp0s3: saddr:16783984: daddr:100932208
[  285.491208] AAAAA-TCP_FORW: name:enp0s3: saddr:100932208: daddr:33561200
[  285.509941] AAAAA-TCP_FORW: name:enp0s3: saddr:16783984: daddr:100932208
[  285.540812] AAAAA-TCP_FORW: name:enp0s3: saddr:100932208: daddr:33561200
[  285.558444] AAAAA-TCP_FORW: name:enp0s3: saddr:16783984: daddr:100932208
[  285.577730] AAAAA-TCP_FORW: name:enp0s3: saddr:100932208: daddr:33561200
[  285.590395] AAAAA-TCP_FORW: name:enp0s3: saddr:16783984: daddr:100932208
[  285.614106] AAAAA-TCP_FORW: name:enp0s3: saddr:100932208: daddr:33561200
[  285.638499] AAAAA-TCP_FORW: name:enp0s3: saddr:16783984: daddr:100932208
[  285.676048] AAAAA-TCP_FORW: name:enp0s3: saddr:100932208: daddr:33561200
[  285.690930] AAAAA-TCP_FORW: name:enp0s3: saddr:16783984: daddr:100932208
[  285.708743] AAAAA-TCP_FORW: name:enp0s3: saddr:100932208: daddr:33561200
[  285.728721] AAAAA-TCP_FORW: name:enp0s3: saddr:100932208: daddr:33561200
[  285.763048] AAAAA-TCP_FORW: name:enp0s3: saddr:100932208: daddr:33561200
[  285.800475] AAAAA-TCP_FORW: name:enp0s3: saddr:16783984: daddr:100932208
[  285.809764] AAAAA-TCP_FORW: name:enp0s3: saddr:16783984: daddr:100932208
[  285.841075] AAAAA-TCP_FORW: name:enp0s3: saddr:16783984: daddr:100932208
[  285.844975] AAAAA-TCP_FORW: name:enp0s3: saddr:100932208: daddr:33561200
[  285.873600] AAAAA-TCP_FORW: name:enp0s3: saddr:16783984: daddr:100932208
[  285.892187] AAAAA-TCP_FORW: name:enp0s3: saddr:100932208: daddr:33561200
[  285.900624] AAAAA-TCP_FORW: name:enp0s3: saddr:100932208: daddr:33561200
[  285.905382] AAAAA-TCP_FORW: name:enp0s3: saddr:16783984: daddr:100932208
[  285.941889] AAAAA-TCP_FORW: name:enp0s3: saddr:16783984: daddr:100932208
[  285.947869] AAAAA-TCP_FORW: name:enp0s3: saddr:100932208: daddr:33561200
[  285.954178] AAAAA-TCP_FORW: name:enp0s3: saddr:16783984: daddr:100932208
[  285.960503] AAAAA-TCP_FORW: name:enp0s3: saddr:100932208: daddr:33561200
[  285.984718] AAAAA-TCP_FORW: name:enp0s3: saddr:16783984: daddr:100932208
[  286.001442] AAAAA-TCP_FORW: name:enp0s3: saddr:16783984: daddr:100932208
[  286.029026] AAAAA-TCP_FORW: name:enp0s3: saddr:16783984: daddr:100932208
[  286.057117] AAAAA-TCP_FORW: name:enp0s3: saddr:16783984: daddr:100932208
[  286.115505] AAAAA-TCP_FORW: name:enp0s3: saddr:16783984: daddr:100932208
[  286.117026] AAAAA-TCP_FORW: name:enp0s3: saddr:100932208: daddr:33561200
[  286.149015] AAAAA-TCP_FORW: name:enp0s3: saddr:16783984: daddr:100932208
[  286.183573] AAAAA-TCP_FORW: name:enp0s3: saddr:16783984: daddr:100932208
[  286.207882] AAAAA-TCP_FORW: name:enp0s3: saddr:16783984: daddr:100932208
[  286.245098] AAAAA-TCP_FORW: name:enp0s3: saddr:16783984: daddr:100932208
[  286.264041] AAAAA-TCP_FORW: name:enp0s3: saddr:100932208: daddr:33561200
[  286.292906] AAAAA-TCP_FORW: name:enp0s3: saddr:16783984: daddr:100932208
[  286.322103] AAAAA-TCP_FORW: name:enp0s3: saddr:16783984: daddr:100932208
[  286.408490] AAAAA-TCP_FORW: name:enp0s3: saddr:16783984: daddr:100932208
[  286.440248] AAAAA-TCP_FORW: name:enp0s3: saddr:100932208: daddr:33561200
[  286.462722] AAAAA-TCP_FORW: name:enp0s3: saddr:16783984: daddr:100932208
[  286.497974] AAAAA-TCP_FORW: name:enp0s3: saddr:16783984: daddr:100932208
[  286.520099] AAAAA-TCP_FORW: name:enp0s3: saddr:16783984: daddr:100932208
[  286.537922] AAAAA-TCP_FORW: name:enp0s3: saddr:100932208: daddr:16783984
[  286.558161] AAAAA-TCP_FORW: name:enp0s3: saddr:16783984: daddr:100932208
[  286.569855] AAAAA-TCP_FORW: name:enp0s3: saddr:16783984: daddr:100932208
[  286.589121] AAAAA-TCP_FORW: name:enp0s3: saddr:100932208: daddr:16783984
[  286.600322] AAAAA-TCP_FORW: name:enp0s3: saddr:16783984: daddr:100932208
[  286.631361] AAAAA-TCP_FORW: name:enp0s3: saddr:16783984: daddr:100932208
[  286.632983] AAAAA-TCP_FORW: name:enp0s3: saddr:100932208: daddr:33561200
[  286.662798] AAAAA-TCP_FORW: name:enp0s3: saddr:16783984: daddr:100932208
[  286.690576] AAAAA-TCP_FORW: name:enp0s3: saddr:100932208: daddr:16783984
[  286.695361] AAAAA-TCP_FORW: name:enp0s3: saddr:16783984: daddr:100932208
[  286.745613] AAAAA-TCP_FORW: name:enp0s3: saddr:16783984: daddr:100932208
[  286.769066] AAAAA-TCP_FORW: name:enp0s3: saddr:100932208: daddr:33561200
[  286.792675] AAAAA-TCP_FORW: name:enp0s3: saddr:16783984: daddr:100932208
[  286.801137] AAAAA-TCP_FORW: name:enp0s3: saddr:100932208: daddr:16783984
[  286.819246] AAAAA-TCP_FORW: name:enp0s3: saddr:16783984: daddr:100932208
[  286.850596] AAAAA-TCP_FORW: name:enp0s3: saddr:16783984: daddr:100932208
[  286.859008] AAAAA-TCP_FORW: name:enp0s3: saddr:16783984: daddr:100932208
[  286.890898] AAAAA-TCP_FORW: name:enp0s3: saddr:100932208: daddr:16783984
[  286.905074] AAAAA-TCP_FORW: name:enp0s3: saddr:16783984: daddr:100932208
[  286.938305] AAAAA-TCP_FORW: name:enp0s3: saddr:33561200: daddr:100932208
[  286.961421] AAAAA-TCP_FORW: name:enp0s3: saddr:100932208: daddr:33561200
[  287.001044] AAAAA-TCP_FORW: name:enp0s3: saddr:33561200: daddr:100932208
[  287.008257] AAAAA-TCP_FORW: name:enp0s3: saddr:100932208: daddr:16783984
[  287.018966] AAAAA-TCP_FORW: name:enp0s3: saddr:33561200: daddr:100932208
[  287.028235] AAAAA-TCP_FORW: name:enp0s3: saddr:33561200: daddr:100932208
[  287.053993] AAAAA-TCP_FORW: name:enp0s3: saddr:33561200: daddr:100932208
[  287.086106] AAAAA-TCP_FORW: name:enp0s3: saddr:33561200: daddr:100932208
[  287.092620] AAAAA-TCP_FORW: name:enp0s3: saddr:100932208: daddr:16783984
[  287.111048] AAAAA-TCP_FORW: name:enp0s3: saddr:33561200: daddr:100932208
[  287.138007] AAAAA-TCP_FORW: name:enp0s3: saddr:100932208: daddr:33561200
[  287.194174] AAAAA-TCP_FORW: name:enp0s3: saddr:100932208: daddr:16783984
[  287.228798] AAAAA-TCP_FORW: name:enp0s3: saddr:33561200: daddr:100932208
[  287.259554] AAAAA-TCP_FORW: name:enp0s3: saddr:33561200: daddr:100932208
[  287.269619] AAAAA-TCP_FORW: name:enp0s3: saddr:100932208: daddr:33561200
[  287.298960] AAAAA-TCP_FORW: name:enp0s3: saddr:33561200: daddr:100932208
[  287.303962] AAAAA-TCP_FORW: name:enp0s3: saddr:100932208: daddr:16783984
[  287.397627] AAAAA-TCP_FORW: name:enp0s3: saddr:100932208: daddr:16783984
[  287.425500] AAAAA-TCP_FORW: name:enp0s3: saddr:33561200: daddr:100932208
[  287.438482] AAAAA-TCP_FORW: name:enp0s3: saddr:100932208: daddr:33561200
[  287.499934] AAAAA-TCP_FORW: name:enp0s3: saddr:100932208: daddr:16783984
[  287.547058] AAAAA-TCP_FORW: name:enp0s3: saddr:33561200: daddr:100932208
[  287.599429] AAAAA-TCP_FORW: name:enp0s3: saddr:100932208: daddr:16783984
[  287.618523] AAAAA-TCP_FORW: name:enp0s3: saddr:100932208: daddr:33561200
[  287.655564] AAAAA-TCP_FORW: name:enp0s3: saddr:33561200: daddr:100932208
[  287.698317] AAAAA-TCP_FORW: name:enp0s3: saddr:100932208: daddr:16783984
[  287.769680] AAAAA-TCP_FORW: name:enp0s3: saddr:16783984: daddr:100932208
[  287.799136] AAAAA-TCP_FORW: name:enp0s3: saddr:100932208: daddr:16783984
[  287.846374] AAAAA-TCP_FORW: name:enp0s3: saddr:16783984: daddr:100932208
[  287.893816] AAAAA-TCP_FORW: name:enp0s3: saddr:33561200: daddr:100932208
[  287.910334] AAAAA-TCP_FORW: name:enp0s3: saddr:100932208: daddr:16783984
[  287.964142] AAAAA-TCP_FORW: name:enp0s3: saddr:16783984: daddr:100932208
[  288.005633] AAAAA-TCP_FORW: name:enp0s3: saddr:100932208: daddr:16783984
[  288.019776] AAAAA-TCP_FORW: name:enp0s3: saddr:33561200: daddr:100932208
[  288.027569] AAAAA-TCP_FORW: name:enp0s3: saddr:100932208: daddr:16783984
[  288.049560] AAAAA-TCP_FORW: name:enp0s3: saddr:100932208: daddr:16783984
[  288.064927] AAAAA-TCP_FORW: name:enp0s3: saddr:16783984: daddr:100932208
[  288.099613] AAAAA-TCP_FORW: name:enp0s3: saddr:100932208: daddr:16783984
[  288.150667] AAAAA-TCP_FORW: name:enp0s3: saddr:100932208: daddr:16783984
[  288.188742] AAAAA-TCP_FORW: name:enp0s3: saddr:16783984: daddr:100932208
[  288.219594] AAAAA-TCP_FORW: name:enp0s3: saddr:100932208: daddr:16783984
[  288.246495] AAAAA-TCP_FORW: name:enp0s3: saddr:100932208: daddr:33561200
[  288.283625] AAAAA-TCP_FORW: name:enp0s3: saddr:33561200: daddr:100932208
[  288.309896] AAAAA-TCP_FORW: name:enp0s3: saddr:16783984: daddr:100932208
[  288.315220] AAAAA-TCP_FORW: name:enp0s3: saddr:100932208: daddr:16783984
[  288.352720] AAAAA-TCP_FORW: name:enp0s3: saddr:100932208: daddr:33561200
[  288.390008] AAAAA-TCP_FORW: name:enp0s3: saddr:16783984: daddr:100932208
[  288.409628] AAAAA-TCP_FORW: name:enp0s3: saddr:100932208: daddr:16783984
[  288.442411] AAAAA-TCP_FORW: name:enp0s3: saddr:33561200: daddr:100932208
[  288.505257] AAAAA-TCP_FORW: name:enp0s3: saddr:16783984: daddr:100932208
[  288.510227] AAAAA-TCP_FORW: name:enp0s3: saddr:100932208: daddr:33561200
[  288.598552] AAAAA-TCP_FORW: name:enp0s3: saddr:33561200: daddr:100932208
[  288.649634] AAAAA-TCP_FORW: name:enp0s3: saddr:16783984: daddr:100932208
[  288.672130] AAAAA-TCP_FORW: name:enp0s3: saddr:100932208: daddr:33561200
[  288.695282] AAAAA-TCP_FORW: name:enp0s3: saddr:16783984: daddr:100932208
[  288.739345] AAAAA-TCP_FORW: name:enp0s3: saddr:33561200: daddr:100932208
[  288.775066] AAAAA-TCP_FORW: name:enp0s3: saddr:16783984: daddr:100932208
[  288.835365] AAAAA-TCP_FORW: name:enp0s3: saddr:100932208: daddr:33561200
[  288.875606] AAAAA-TCP_FORW: name:enp0s3: saddr:16783984: daddr:100932208
[  288.909428] AAAAA-TCP_FORW: name:enp0s3: saddr:33561200: daddr:100932208
[  288.951061] AAAAA-TCP_FORW: name:enp0s3: saddr:16783984: daddr:100932208
[  288.974798] AAAAA-TCP_FORW: name:enp0s3: saddr:100932208: daddr:16783984
[  289.002420] AAAAA-TCP_FORW: name:enp0s3: saddr:16783984: daddr:100932208
[  289.061119] AAAAA-TCP_FORW: name:enp0s3: saddr:100932208: daddr:33561200
[  289.111444] AAAAA-TCP_FORW: name:enp0s3: saddr:100932208: daddr:16783984
[  289.178604] AAAAA-TCP_FORW: name:enp0s3: saddr:16783984: daddr:100932208
[  289.186846] AAAAA-TCP_FORW: name:enp0s3: saddr:100932208: daddr:33561200
[  289.210682] AAAAA-TCP_FORW: name:enp0s3: saddr:100932208: daddr:16783984
[  289.222280] AAAAA-TCP_FORW: name:enp0s3: saddr:16783984: daddr:100932208
[  289.289521] AAAAA-TCP_FORW: name:enp0s3: saddr:16783984: daddr:100932208
[  289.323651] AAAAA-TCP_FORW: name:enp0s3: saddr:16783984: daddr:100932208
[  289.338054] AAAAA-TCP_FORW: name:enp0s3: saddr:100932208: daddr:16783984
[  289.367476] AAAAA-TCP_FORW: name:enp0s3: saddr:100932208: daddr:33561200
[  289.383118] AAAAA-TCP_FORW: name:enp0s3: saddr:16783984: daddr:100932208
[  289.419142] AAAAA-TCP_FORW: name:enp0s3: saddr:16783984: daddr:100932208
[  289.434684] AAAAA-TCP_FORW: name:enp0s3: saddr:100932208: daddr:16783984
[  289.470370] AAAAA-TCP_FORW: name:enp0s3: saddr:16783984: daddr:100932208
[  289.498438] AAAAA-TCP_FORW: name:enp0s3: saddr:33561200: daddr:100932208
[  289.507030] AAAAA-TCP_FORW: name:enp0s3: saddr:100932208: daddr:33561200
[  289.572408] AAAAA-TCP_FORW: name:enp0s3: saddr:100932208: daddr:16783984
[  289.628541] AAAAA-TCP_FORW: name:enp0s3: saddr:16783984: daddr:100932208
[  289.659849] AAAAA-TCP_FORW: name:enp0s3: saddr:100932208: daddr:16783984
[  289.672201] AAAAA-TCP_FORW: name:enp0s3: saddr:33561200: daddr:100932208
[  289.704469] AAAAA-TCP_FORW: name:enp0s3: saddr:100932208: daddr:33561200
[  289.707065] AAAAA-TCP_FORW: name:enp0s3: saddr:16783984: daddr:100932208
[  289.746295] AAAAA-TCP_FORW: name:enp0s3: saddr:100932208: daddr:16783984
[  289.774593] AAAAA-TCP_FORW: name:enp0s3: saddr:33561200: daddr:100932208
[  289.841037] AAAAA-TCP_FORW: name:enp0s3: saddr:100932208: daddr:33561200
[  289.874636] AAAAA-TCP_FORW: name:enp0s3: saddr:100932208: daddr:16783984
[  289.902925] AAAAA-TCP_FORW: name:enp0s3: saddr:33561200: daddr:100932208
[  289.969938] AAAAA-TCP_FORW: name:enp0s3: saddr:100932208: daddr:16783984
[  290.019493] AAAAA-TCP_FORW: name:enp0s3: saddr:33561200: daddr:100932208
[  290.020987] AAAAA-TCP_FORW: name:enp0s3: saddr:100932208: daddr:33561200
[  290.048515] AAAAA-TCP_FORW: name:enp0s3: saddr:100932208: daddr:16783984
[  290.104730] AAAAA-TCP_FORW: name:enp0s3: saddr:100932208: daddr:16783984
[  290.153294] AAAAA-TCP_FORW: name:enp0s3: saddr:16783984: daddr:100932208
[  290.182965] AAAAA-TCP_FORW: name:enp0s3: saddr:100932208: daddr:33561200
[  290.214003] AAAAA-TCP_FORW: name:enp0s3: saddr:100932208: daddr:16783984
[  290.227723] AAAAA-TCP_FORW: name:enp0s3: saddr:33561200: daddr:100932208
[  290.266496] AAAAA-TCP_FORW: name:enp0s3: saddr:100932208: daddr:16783984
[  290.285498] AAAAA-TCP_FORW: name:enp0s3: saddr:16783984: daddr:100932208
[  290.374738] AAAAA-TCP_FORW: name:enp0s3: saddr:100932208: daddr:33561200
[  290.390141] AAAAA-TCP_FORW: name:enp0s3: saddr:33561200: daddr:100932208
[  290.433516] AAAAA-TCP_FORW: name:enp0s3: saddr:100932208: daddr:16783984
[  290.443706] AAAAA-TCP_FORW: name:enp0s3: saddr:16783984: daddr:100932208
[  290.493245] AAAAA-TCP_FORW: name:enp0s3: saddr:100932208: daddr:16783984
[  290.523206] AAAAA-TCP_FORW: name:enp0s3: saddr:100932208: daddr:33561200
[  290.538523] AAAAA-TCP_FORW: name:enp0s3: saddr:16783984: daddr:100932208
[  290.558051] AAAAA-TCP_FORW: name:enp0s3: saddr:100932208: daddr:16783984
[  290.576734] AAAAA-TCP_FORW: name:enp0s3: saddr:33561200: daddr:100932208
[  290.605637] AAAAA-TCP_FORW: name:enp0s3: saddr:100932208: daddr:16783984
[  290.645196] AAAAA-TCP_FORW: name:enp0s3: saddr:16783984: daddr:100932208
[  290.689021] AAAAA-TCP_FORW: name:enp0s3: saddr:100932208: daddr:33561200
[  290.718933] AAAAA-TCP_FORW: name:enp0s3: saddr:100932208: daddr:16783984
[  290.727946] AAAAA-TCP_FORW: name:enp0s3: saddr:33561200: daddr:100932208
[  290.772741] AAAAA-TCP_FORW: name:enp0s3: saddr:16783984: daddr:100932208
[  290.780010] AAAAA-TCP_FORW: name:enp0s3: saddr:100932208: daddr:16783984
[  290.841128] AAAAA-TCP_FORW: name:enp0s3: saddr:16783984: daddr:100932208
[  290.849082] AAAAA-TCP_FORW: name:enp0s3: saddr:100932208: daddr:33561200
[  290.893181] AAAAA-TCP_FORW: name:enp0s3: saddr:100932208: daddr:16783984
[  290.948183] AAAAA-TCP_FORW: name:enp0s3: saddr:100932208: daddr:16783984
[  291.020961] AAAAA-TCP_FORW: name:enp0s3: saddr:33561200: daddr:100932208
[  291.064290] AAAAA-TCP_FORW: name:enp0s3: saddr:100932208: daddr:33561200
[  291.097925] AAAAA-TCP_FORW: name:enp0s3: saddr:100932208: daddr:16783984
[  291.129759] AAAAA-TCP_FORW: name:enp0s3: saddr:100932208: daddr:16783984
[  291.183095] AAAAA-TCP_FORW: name:enp0s3: saddr:100932208: daddr:33561200
[  291.212823] AAAAA-TCP_FORW: name:enp0s3: saddr:16783984: daddr:100932208
[  291.231043] AAAAA-TCP_FORW: name:enp0s3: saddr:100932208: daddr:16783984
[  291.293988] AAAAA-TCP_FORW: name:enp0s3: saddr:100932208: daddr:16783984
[  291.378359] AAAAA-TCP_FORW: name:enp0s3: saddr:100932208: daddr:33561200
[  291.429501] AAAAA-TCP_FORW: name:enp0s3: saddr:100932208: daddr:16783984
[  291.447386] AAAAA-TCP_FORW: name:enp0s3: saddr:33561200: daddr:100932208
[  291.458967] AAAAA-TCP_FORW: name:enp0s3: saddr:100932208: daddr:16783984
[  291.520015] AAAAA-TCP_FORW: name:enp0s3: saddr:100932208: daddr:33561200
[  291.572142] AAAAA-TCP_FORW: name:enp0s3: saddr:100932208: daddr:16783984
[  291.629180] AAAAA-TCP_FORW: name:enp0s3: saddr:16783984: daddr:100932208
[  291.653005] AAAAA-TCP_FORW: name:enp0s3: saddr:100932208: daddr:16783984
[  291.714205] AAAAA-TCP_FORW: name:enp0s3: saddr:100932208: daddr:16783984
[  291.718379] AAAAA-TCP_FORW: name:enp0s3: saddr:100932208: daddr:33561200
[  291.754221] AAAAA-TCP_FORW: name:enp0s3: saddr:100932208: daddr:16783984
[  291.786601] AAAAA-TCP_FORW: name:enp0s3: saddr:16783984: daddr:100932208
[  291.814331] AAAAA-TCP_FORW: name:enp0s3: saddr:100932208: daddr:16783984
[  291.854981] AAAAA-TCP_FORW: name:enp0s3: saddr:100932208: daddr:33561200
[  291.862762] AAAAA-TCP_FORW: name:enp0s3: saddr:33561200: daddr:100932208
[  291.901744] AAAAA-TCP_FORW: name:enp0s3: saddr:100932208: daddr:16783984
[  291.957563] AAAAA-TCP_FORW: name:enp0s3: saddr:100932208: daddr:16783984
[  291.976732] AAAAA-TCP_FORW: name:enp0s3: saddr:16783984: daddr:100932208
[  292.018729] AAAAA-TCP_FORW: name:enp0s3: saddr:100932208: daddr:16783984
[  292.044522] AAAAA-TCP_FORW: name:enp0s3: saddr:100932208: daddr:33561200
[  292.049273] AAAAA-TCP_FORW: name:enp0s3: saddr:33561200: daddr:100932208
[  292.088681] AAAAA-TCP_FORW: name:enp0s3: saddr:100932208: daddr:16783984
[  292.159919] AAAAA-TCP_FORW: name:enp0s3: saddr:100932208: daddr:16783984
[  292.189692] AAAAA-TCP_FORW: name:enp0s3: saddr:100932208: daddr:33561200
[  292.231193] AAAAA-TCP_FORW: name:enp0s3: saddr:100932208: daddr:16783984
[  292.246160] AAAAA-TCP_FORW: name:enp0s3: saddr:16783984: daddr:100932208
[  292.293864] AAAAA-TCP_FORW: name:enp0s3: saddr:100932208: daddr:16783984
[  292.362168] AAAAA-TCP_FORW: name:enp0s3: saddr:100932208: daddr:33561200
[  292.417127] AAAAA-TCP_FORW: name:enp0s3: saddr:100932208: daddr:16783984
[  292.499303] AAAAA-TCP_FORW: name:enp0s3: saddr:100932208: daddr:16783984
[  292.524197] AAAAA-TCP_FORW: name:enp0s3: saddr:100932208: daddr:16783984
[  292.554649] AAAAA-TCP_FORW: name:enp0s3: saddr:100932208: daddr:33561200
[  292.574931] AAAAA-TCP_FORW: name:enp0s3: saddr:100932208: daddr:16783984
[  292.601821] AAAAA-TCP_FORW: name:enp0s3: saddr:33561200: daddr:100932208
[  292.637548] AAAAA-TCP_FORW: name:enp0s3: saddr:100932208: daddr:16783984
[  292.678975] AAAAA-TCP_FORW: name:enp0s3: saddr:16783984: daddr:100932208
[  292.687260] AAAAA-TCP_FORW: name:enp0s3: saddr:16783984: daddr:100932208
[  292.694946] AAAAA-TCP_FORW: name:enp0s3: saddr:100932208: daddr:33561200
[  292.720373] AAAAA-TCP_FORW: name:enp0s3: saddr:33561200: daddr:100932208
[  292.764434] AAAAA-TCP_FORW: name:enp0s3: saddr:100932208: daddr:16783984
[  292.777012] AAAAA-TCP_FORW: name:enp0s3: saddr:16783984: daddr:100932208
[  292.787227] AAAAA-TCP_FORW: name:enp0s3: saddr:100932208: daddr:16783984
[  292.809598] AAAAA-TCP_FORW: name:enp0s3: saddr:16783984: daddr:100932208
[  292.834591] AAAAA-TCP_FORW: name:enp0s3: saddr:33561200: daddr:100932208
[  292.838737] AAAAA-TCP_FORW: name:enp0s3: saddr:100932208: daddr:16783984
[  292.860658] AAAAA-TCP_FORW: name:enp0s3: saddr:100932208: daddr:33561200
[  292.865902] AAAAA-TCP_FORW: name:enp0s3: saddr:16783984: daddr:100932208
[  292.887957] AAAAA-TCP_FORW: name:enp0s3: saddr:16783984: daddr:100932208
[  292.905591] AAAAA-TCP_FORW: name:enp0s3: saddr:100932208: daddr:16783984
[  292.922316] AAAAA-TCP_FORW: name:enp0s3: saddr:33561200: daddr:100932208
[  292.938644] AAAAA-TCP_FORW: name:enp0s3: saddr:16783984: daddr:100932208
[  292.968721] AAAAA-TCP_FORW: name:enp0s3: saddr:16783984: daddr:100932208
[  292.974609] AAAAA-TCP_FORW: name:enp0s3: saddr:100932208: daddr:16783984
[  292.998589] AAAAA-TCP_FORW: name:enp0s3: saddr:33561200: daddr:100932208
[  293.029894] AAAAA-TCP_FORW: name:enp0s3: saddr:100932208: daddr:33561200
[  293.048093] AAAAA-TCP_FORW: name:enp0s3: saddr:16783984: daddr:100932208
[  293.057934] AAAAA-TCP_FORW: name:enp0s3: saddr:100932208: daddr:16783984
[  293.091176] AAAAA-TCP_FORW: name:enp0s3: saddr:33561200: daddr:100932208
[  293.117077] AAAAA-TCP_FORW: name:enp0s3: saddr:16783984: daddr:100932208
[  293.126694] AAAAA-TCP_FORW: name:enp0s3: saddr:100932208: daddr:16783984
[  293.149864] AAAAA-TCP_FORW: name:enp0s3: saddr:33561200: daddr:100932208
[  293.165931] AAAAA-TCP_FORW: name:enp0s3: saddr:16783984: daddr:100932208
[  293.182602] AAAAA-TCP_FORW: name:enp0s3: saddr:100932208: daddr:16783984
[  293.199090] AAAAA-TCP_FORW: name:enp0s3: saddr:16783984: daddr:100932208
[  293.209828] AAAAA-TCP_FORW: name:enp0s3: saddr:16783984: daddr:100932208
[  293.218187] AAAAA-TCP_FORW: name:enp0s3: saddr:100932208: daddr:33561200
[  293.236848] AAAAA-TCP_FORW: name:enp0s3: saddr:33561200: daddr:100932208
[  293.266133] AAAAA-TCP_FORW: name:enp0s3: saddr:100932208: daddr:16783984
[  293.269530] AAAAA-TCP_FORW: name:enp0s3: saddr:16783984: daddr:100932208
