[    0.000000] Linux version 5.4.243-mptcp (root@ztg) (gcc version 12.2.0 (Debian 12.2.0-14+deb12u1)) #53 SMP Wed Dec 24 23:28:15 CST 2025
[    0.000000] Command line: BOOT_IMAGE=/boot/vmlinuz-5.4.243-mptcp root=UUID=98415a12-53b7-4144-8265-0f7ece09e445 ro quiet splash
[    0.000000] KERNEL supported cpus:
[    0.000000]   Intel GenuineIntel
[    0.000000]   AMD AuthenticAMD
[    0.000000]   Hygon HygonGenuine
[    0.000000]   Centaur CentaurHauls
[    0.000000]   zhaoxin   Shanghai  
[    0.000000] x86/fpu: Supporting XSAVE feature 0x001: 'x87 floating point registers'
[    0.000000] x86/fpu: Supporting XSAVE feature 0x002: 'SSE registers'
[    0.000000] x86/fpu: Supporting XSAVE feature 0x004: 'AVX registers'
[    0.000000] x86/fpu: xstate_offset[2]:  576, xstate_sizes[2]:  256
[    0.000000] x86/fpu: Enabled xstate features 0x7, context size is 832 bytes, using 'standard' format.
[    0.000000] BIOS-provided physical RAM map:
[    0.000000] BIOS-e820: [mem 0x0000000000000000-0x000000000009fbff] usable
[    0.000000] BIOS-e820: [mem 0x000000000009fc00-0x000000000009ffff] reserved
[    0.000000] BIOS-e820: [mem 0x00000000000f0000-0x00000000000fffff] reserved
[    0.000000] BIOS-e820: [mem 0x0000000000100000-0x000000007ffeffff] usable
[    0.000000] BIOS-e820: [mem 0x000000007fff0000-0x000000007fffffff] ACPI data
[    0.000000] BIOS-e820: [mem 0x00000000fec00000-0x00000000fec00fff] reserved
[    0.000000] BIOS-e820: [mem 0x00000000fee00000-0x00000000fee00fff] reserved
[    0.000000] BIOS-e820: [mem 0x00000000fffc0000-0x00000000ffffffff] reserved
[    0.000000] NX (Execute Disable) protection: active
[    0.000000] SMBIOS 2.5 present.
[    0.000000] DMI: innotek GmbH VirtualBox/VirtualBox, BIOS VirtualBox 12/01/2006
[    0.000000] Hypervisor detected: KVM
[    0.000000] kvm-clock: Using msrs 4b564d01 and 4b564d00
[    0.000000] kvm-clock: cpu 0, msr 69201001, primary cpu clock
[    0.000000] kvm-clock: using sched offset of 4562573162 cycles
[    0.000003] clocksource: kvm-clock: mask: 0xffffffffffffffff max_cycles: 0x1cd42e4dffb, max_idle_ns: 881590591483 ns
[    0.000005] tsc: Detected 2100.000 MHz processor
[    0.002696] e820: update [mem 0x00000000-0x00000fff] usable ==> reserved
[    0.002699] e820: remove [mem 0x000a0000-0x000fffff] usable
[    0.002703] last_pfn = 0x7fff0 max_arch_pfn = 0x400000000
[    0.002785] MTRR default type: uncachable
[    0.002786] MTRR fixed ranges enabled:
[    0.002788]   00000-9FFFF write-back
[    0.002789]   A0000-BFFFF uncachable
[    0.002790]   C0000-FFFFF write-protect
[    0.002791] MTRR variable ranges enabled:
[    0.002792]   0 base 000000000000 mask 3FFF80000000 write-back
[    0.002793]   1 disabled
[    0.002794]   2 disabled
[    0.002794]   3 disabled
[    0.002795]   4 disabled
[    0.002795]   5 disabled
[    0.002796]   6 disabled
[    0.002796]   7 disabled
[    0.002797]   8 disabled
[    0.002798]   9 disabled
[    0.002798]   10 disabled
[    0.002799]   11 disabled
[    0.002800]   12 disabled
[    0.002800]   13 disabled
[    0.002801]   14 disabled
[    0.002801]   15 disabled
[    0.002821] x86/PAT: Configuration [0-7]: WB  WC  UC- UC  WB  WP  UC- WT  
[    0.002971] found SMP MP-table at [mem 0x0009fff0-0x0009ffff]
[    0.108988] check: Scanning 1 areas for low memory corruption
[    0.109206] RAMDISK: [mem 0x32271000-0x3512ffff]
[    0.109214] ACPI: Early table checksum verification disabled
[    0.109219] ACPI: RSDP 0x00000000000E0000 000024 (v02 VBOX  )
[    0.109224] ACPI: XSDT 0x000000007FFF0030 00003C (v01 VBOX   VBOXXSDT 00000001 ASL  00000061)
[    0.109231] ACPI: FACP 0x000000007FFF00F0 0000F4 (v04 VBOX   VBOXFACP 00000001 ASL  00000061)
[    0.109237] ACPI: DSDT 0x000000007FFF02E0 002353 (v02 VBOX   VBOXBIOS 00000002 VBOX 00029BF3)
[    0.109241] ACPI: FACS 0x000000007FFF0200 000040
[    0.109245] ACPI: FACS 0x000000007FFF0200 000040
[    0.109248] ACPI: APIC 0x000000007FFF0240 000054 (v02 VBOX   VBOXAPIC 00000001 ASL  00000061)
[    0.109251] ACPI: SSDT 0x000000007FFF02A0 000038 (v01 VBOX   VBOXCPUT 00000002 VBOX 00029BF3)
[    0.109255] ACPI: Reserving FACP table memory at [mem 0x7fff00f0-0x7fff01e3]
[    0.109256] ACPI: Reserving DSDT table memory at [mem 0x7fff02e0-0x7fff2632]
[    0.109256] ACPI: Reserving FACS table memory at [mem 0x7fff0200-0x7fff023f]
[    0.109257] ACPI: Reserving FACS table memory at [mem 0x7fff0200-0x7fff023f]
[    0.109258] ACPI: Reserving APIC table memory at [mem 0x7fff0240-0x7fff0293]
[    0.109258] ACPI: Reserving SSDT table memory at [mem 0x7fff02a0-0x7fff02d7]
[    0.109274] ACPI: Local APIC address 0xfee00000
[    0.109474] No NUMA configuration found
[    0.109476] Faking a node at [mem 0x0000000000000000-0x000000007ffeffff]
[    0.109494] NODE_DATA(0) allocated [mem 0x7ffc5000-0x7ffeffff]
[    0.109757] Zone ranges:
[    0.109758]   DMA      [mem 0x0000000000001000-0x0000000000ffffff]
[    0.109759]   DMA32    [mem 0x0000000001000000-0x000000007ffeffff]
[    0.109761]   Normal   empty
[    0.109761]   Device   empty
[    0.109762] Movable zone start for each node
[    0.109765] Early memory node ranges
[    0.109766]   node   0: [mem 0x0000000000001000-0x000000000009efff]
[    0.109767]   node   0: [mem 0x0000000000100000-0x000000007ffeffff]
[    0.109772] Zeroed struct page in unavailable ranges: 114 pages
[    0.109773] Initmem setup node 0 [mem 0x0000000000001000-0x000000007ffeffff]
[    0.109775] On node 0 totalpages: 524174
[    0.109776]   DMA zone: 64 pages used for memmap
[    0.109777]   DMA zone: 21 pages reserved
[    0.109778]   DMA zone: 3998 pages, LIFO batch:0
[    0.109853]   DMA32 zone: 8128 pages used for memmap
[    0.109854]   DMA32 zone: 520176 pages, LIFO batch:63
[    0.118813] ACPI: PM-Timer IO Port: 0x4008
[    0.118817] ACPI: Local APIC address 0xfee00000
[    0.118880] IOAPIC[0]: apic_id 1, version 32, address 0xfec00000, GSI 0-23
[    0.118884] ACPI: INT_SRC_OVR (bus 0 bus_irq 0 global_irq 2 dfl dfl)
[    0.118886] ACPI: INT_SRC_OVR (bus 0 bus_irq 9 global_irq 9 low level)
[    0.118887] ACPI: IRQ0 used by override.
[    0.118889] ACPI: IRQ9 used by override.
[    0.118891] Using ACPI (MADT) for SMP configuration information
[    0.118898] smpboot: Allowing 1 CPUs, 0 hotplug CPUs
[    0.118920] PM: Registered nosave memory: [mem 0x00000000-0x00000fff]
[    0.118921] PM: Registered nosave memory: [mem 0x0009f000-0x0009ffff]
[    0.118921] PM: Registered nosave memory: [mem 0x000a0000-0x000effff]
[    0.118922] PM: Registered nosave memory: [mem 0x000f0000-0x000fffff]
[    0.118924] [mem 0x80000000-0xfebfffff] available for PCI devices
[    0.118924] Booting paravirtualized kernel on KVM
[    0.118927] clocksource: refined-jiffies: mask: 0xffffffff max_cycles: 0xffffffff, max_idle_ns: 7645519600211568 ns
[    0.118931] setup_percpu: NR_CPUS:8192 nr_cpumask_bits:1 nr_cpu_ids:1 nr_node_ids:1
[    0.119926] percpu: Embedded 60 pages/cpu s208896 r8192 d28672 u2097152
[    0.119931] pcpu-alloc: s208896 r8192 d28672 u2097152 alloc=1*2097152
[    0.119931] pcpu-alloc: [0] 0 
[    0.119958] Built 1 zonelists, mobility grouping on.  Total pages: 515961
[    0.119958] Policy zone: DMA32
[    0.119960] Kernel command line: BOOT_IMAGE=/boot/vmlinuz-5.4.243-mptcp root=UUID=98415a12-53b7-4144-8265-0f7ece09e445 ro quiet splash
[    0.120770] Dentry cache hash table entries: 262144 (order: 9, 2097152 bytes, linear)
[    0.120917] Inode-cache hash table entries: 131072 (order: 8, 1048576 bytes, linear)
[    0.120965] mem auto-init: stack:off, heap alloc:on, heap free:off
[    0.120968] Calgary: detecting Calgary via BIOS EBDA area
[    0.120969] Calgary: Unable to locate Rio Grande table in EBDA - bailing!
[    0.124987] Memory: 1967332K/2096696K available (14339K kernel code, 2398K rwdata, 4712K rodata, 2728K init, 17260K bss, 129364K reserved, 0K cma-reserved)
[    0.125879] SLUB: HWalign=64, Order=0-3, MinObjects=0, CPUs=1, Nodes=1
[    0.125895] ftrace: allocating 43186 entries in 169 pages
[    0.143974] rcu: Hierarchical RCU implementation.
[    0.143976] rcu: 	RCU restricting CPUs from NR_CPUS=8192 to nr_cpu_ids=1.
[    0.143977] 	Tasks RCU enabled.
[    0.143978] rcu: RCU calculated value of scheduler-enlistment delay is 25 jiffies.
[    0.143979] rcu: Adjusting geometry for rcu_fanout_leaf=16, nr_cpu_ids=1
[    0.147015] NR_IRQS: 524544, nr_irqs: 256, preallocated irqs: 16
[    0.147230] random: crng init done
[    0.156487] Console: colour VGA+ 80x25
[    0.156490] printk: console [tty0] enabled
[    0.156509] ACPI: Core revision 20190816
[    0.156598] APIC: Switch to symmetric I/O mode setup
[    0.156849] x2apic enabled
[    0.157086] Switched APIC routing to physical x2apic.
[    0.158229] ..TIMER: vector=0x30 apic1=0 pin1=2 apic2=-1 pin2=-1
[    0.158254] clocksource: tsc-early: mask: 0xffffffffffffffff max_cycles: 0x1e4530a99b6, max_idle_ns: 440795257976 ns
[    0.158259] Calibrating delay loop (skipped) preset value.. 4200.00 BogoMIPS (lpj=8400000)
[    0.158261] pid_max: default: 32768 minimum: 301
[    0.158288] LSM: Security Framework initializing
[    0.158297] Yama: becoming mindful.
[    0.158321] AppArmor: AppArmor initialized
[    0.158353] Mount-cache hash table entries: 4096 (order: 3, 32768 bytes, linear)
[    0.158358] Mountpoint-cache hash table entries: 4096 (order: 3, 32768 bytes, linear)
[    0.158368] *** VALIDATE tmpfs ***
[    0.158494] *** VALIDATE proc ***
[    0.158533] *** VALIDATE cgroup1 ***
[    0.158534] *** VALIDATE cgroup2 ***
[    0.158672] process: using mwait in idle threads
[    0.158677] Last level iTLB entries: 4KB 64, 2MB 8, 4MB 8
[    0.158677] Last level dTLB entries: 4KB 64, 2MB 0, 4MB 0, 1GB 4
[    0.158697] Spectre V1 : Mitigation: usercopy/swapgs barriers and __user pointer sanitization
[    0.158702] Spectre V2 : Mitigation: Retpolines
[    0.158703] Spectre V2 : Spectre v2 / SpectreRSB mitigation: Filling RSB on context switch
[    0.158703] Spectre V2 : Spectre v2 / SpectreRSB : Filling RSB on VMEXIT
[    0.158704] RETBleed: WARNING: Spectre v2 mitigation leaves CPU vulnerable to RETBleed attacks, data leaks possible!
[    0.159055] RETBleed: Vulnerable
[    0.159056] Speculative Store Bypass: Vulnerable
[    0.159061] TAA: Mitigation: TSX disabled
[    0.159061] MMIO Stale Data: Mitigation: Clear CPU buffers
[    0.163248] Freeing SMP alternatives memory: 40K
[    0.275400] smpboot: CPU0: Intel(R) Xeon(R) Silver 4216 CPU @ 2.10GHz (family: 0x6, model: 0x55, stepping: 0x7)
[    0.275519] Performance Events: unsupported p6 CPU model 85 no PMU driver, software events only.
[    0.275557] rcu: Hierarchical SRCU implementation.
[    0.276036] NMI watchdog: Perf NMI watchdog permanently disabled
[    0.276074] smp: Bringing up secondary CPUs ...
[    0.276075] smp: Brought up 1 node, 1 CPU
[    0.276076] smpboot: Max logical packages: 1
[    0.276077] smpboot: Total of 1 processors activated (4200.00 BogoMIPS)
[    0.277012] devtmpfs: initialized
[    0.277055] x86/mm: Memory block size: 128MB
[    0.277395] clocksource: jiffies: mask: 0xffffffff max_cycles: 0xffffffff, max_idle_ns: 7645041785100000 ns
[    0.277400] futex hash table entries: 256 (order: 2, 16384 bytes, linear)
[    0.277442] pinctrl core: initialized pinctrl subsystem
[    0.277541] PM: RTC time: 19:40:32, date: 2026-01-18
[    0.277644] NET: Registered protocol family 16
[    0.277717] audit: initializing netlink subsys (disabled)
[    0.277840] EISA bus registered
[    0.277842] cpuidle: using governor ladder
[    0.277842] cpuidle: using governor menu
[    0.277878] ACPI: bus type PCI registered
[    0.277879] acpiphp: ACPI Hot Plug PCI Controller Driver version: 0.5
[    0.277981] PCI: Using configuration type 1 for base access
[    0.278483] audit: type=2000 audit(1768736439.045:1): state=initialized audit_enabled=0 res=1
[    0.278561] HugeTLB registered 2.00 MiB page size, pre-allocated 0 pages
[    0.279363] ACPI: Added _OSI(Module Device)
[    0.279363] ACPI: Added _OSI(Processor Device)
[    0.279364] ACPI: Added _OSI(3.0 _SCP Extensions)
[    0.279365] ACPI: Added _OSI(Processor Aggregator Device)
[    0.279366] ACPI: Added _OSI(Linux-Dell-Video)
[    0.279366] ACPI: Added _OSI(Linux-Lenovo-NV-HDMI-Audio)
[    0.279367] ACPI: Added _OSI(Linux-HPI-Hybrid-Graphics)
[    0.281307] ACPI: 2 ACPI AML tables successfully acquired and loaded
[    0.282823] ACPI: Interpreter enabled
[    0.282832] ACPI: (supports S0 S5)
[    0.282833] ACPI: Using IOAPIC for interrupt routing
[    0.283039] PCI: Using host bridge windows from ACPI; if necessary, use "pci=nocrs" and report a bug
[    0.283144] ACPI: Enabled 2 GPEs in block 00 to 07
[    0.288080] ACPI: PCI Root Bridge [PCI0] (domain 0000 [bus 00-ff])
[    0.288085] acpi PNP0A03:00: _OSC: OS supports [ASPM ClockPM Segments MSI HPX-Type3]
[    0.288532] acpi PNP0A03:00: _OSC: not requesting OS control; OS requires [ExtendedConfig ASPM ClockPM MSI]
[    0.288540] acpi PNP0A03:00: fail to add MMCONFIG information, can't access extended PCI configuration space under this bridge.
[    0.288906] PCI host bridge to bus 0000:00
[    0.288908] pci_bus 0000:00: root bus resource [io  0x0000-0x0cf7 window]
[    0.288909] pci_bus 0000:00: root bus resource [io  0x0d00-0xffff window]
[    0.288911] pci_bus 0000:00: root bus resource [mem 0x000a0000-0x000bffff window]
[    0.288912] pci_bus 0000:00: root bus resource [mem 0x80000000-0xfdffffff window]
[    0.288913] pci_bus 0000:00: root bus resource [bus 00-ff]
[    0.288956] pci 0000:00:00.0: [8086:1237] type 00 class 0x060000
[    0.289882] pci 0000:00:01.0: [8086:7000] type 00 class 0x060100
[    0.290681] pci 0000:00:01.1: [8086:7111] type 00 class 0x01018a
[    0.291049] pci 0000:00:01.1: reg 0x20: [io  0xd000-0xd00f]
[    0.291200] pci 0000:00:01.1: legacy IDE quirk: reg 0x10: [io  0x01f0-0x01f7]
[    0.291201] pci 0000:00:01.1: legacy IDE quirk: reg 0x14: [io  0x03f6]
[    0.291202] pci 0000:00:01.1: legacy IDE quirk: reg 0x18: [io  0x0170-0x0177]
[    0.291203] pci 0000:00:01.1: legacy IDE quirk: reg 0x1c: [io  0x0376]
[    0.291734] pci 0000:00:02.0: [15ad:0405] type 00 class 0x030000
[    0.294338] pci 0000:00:02.0: reg 0x10: [io  0xd010-0xd01f]
[    0.298312] pci 0000:00:02.0: reg 0x14: [mem 0xe0000000-0xe7ffffff pref]
[    0.301135] pci 0000:00:02.0: reg 0x18: [mem 0xf0000000-0xf01fffff]
[    0.311034] pci 0000:00:03.0: [1022:2000] type 00 class 0x020000
[    0.311711] pci 0000:00:03.0: reg 0x10: [io  0xd020-0xd03f]
[    0.312319] pci 0000:00:03.0: reg 0x14: [mem 0xf0200000-0xf0200fff]
[    0.317295] pci 0000:00:04.0: [80ee:cafe] type 00 class 0x088000
[    0.317961] pci 0000:00:04.0: reg 0x10: [io  0xd040-0xd05f]
[    0.318371] pci 0000:00:04.0: reg 0x14: [mem 0xf0400000-0xf07fffff]
[    0.318983] pci 0000:00:04.0: reg 0x18: [mem 0xf0800000-0xf0803fff pref]
[    0.322299] pci 0000:00:07.0: [8086:7113] type 00 class 0x068000
[    0.322844] pci 0000:00:07.0: quirk: [io  0x4000-0x403f] claimed by PIIX4 ACPI
[    0.322857] pci 0000:00:07.0: quirk: [io  0x4100-0x410f] claimed by PIIX4 SMB
[    0.323457] pci 0000:00:08.0: [8086:100e] type 00 class 0x020000
[    0.324162] pci 0000:00:08.0: reg 0x10: [mem 0xf0820000-0xf083ffff]
[    0.325314] pci 0000:00:08.0: reg 0x18: [io  0xd060-0xd067]
[    0.330351] pci 0000:00:09.0: [8086:100e] type 00 class 0x020000
[    0.331055] pci 0000:00:09.0: reg 0x10: [mem 0xf0840000-0xf085ffff]
[    0.332200] pci 0000:00:09.0: reg 0x18: [io  0xd068-0xd06f]
[    0.343160] ACPI: PCI Interrupt Link [LNKA] (IRQs 5 9 10 *11)
[    0.343443] ACPI: PCI Interrupt Link [LNKB] (IRQs 5 9 *10 11)
[    0.343541] ACPI: PCI Interrupt Link [LNKC] (IRQs 5 *9 10 11)
[    0.343647] ACPI: PCI Interrupt Link [LNKD] (IRQs 5 9 10 *11)
[    0.343892] iommu: Default domain type: Translated 
[    0.343952] pci 0000:00:02.0: vgaarb: setting as boot VGA device
[    0.343954] pci 0000:00:02.0: vgaarb: VGA device added: decodes=io+mem,owns=io+mem,locks=none
[    0.343956] pci 0000:00:02.0: vgaarb: bridge control possible
[    0.343957] vgaarb: loaded
[    0.344166] SCSI subsystem initialized
[    0.344196] libata version 3.00 loaded.
[    0.344220] ACPI: bus type USB registered
[    0.344236] usbcore: registered new interface driver usbfs
[    0.344242] usbcore: registered new interface driver hub
[    0.344247] usbcore: registered new device driver usb
[    0.344274] pps_core: LinuxPPS API ver. 1 registered
[    0.344275] pps_core: Software ver. 5.3.6 - Copyright 2005-2007 Rodolfo Giometti <giometti@linux.it>
[    0.344277] PTP clock support registered
[    0.344309] EDAC MC: Ver: 3.0.0
[    0.344597] PCI: Using ACPI for IRQ routing
[    0.344598] PCI: pci_cache_line_size set to 64 bytes
[    0.344765] e820: reserve RAM buffer [mem 0x0009fc00-0x0009ffff]
[    0.344770] e820: reserve RAM buffer [mem 0x7fff0000-0x7fffffff]
[    0.345548] NetLabel: Initializing
[    0.345548] NetLabel:  domain hash size = 128
[    0.345549] NetLabel:  protocols = UNLABELED CIPSOv4 CALIPSO
[    0.345568] NetLabel:  unlabeled traffic allowed by default
[    0.346972] clocksource: Switched to clocksource kvm-clock
[    0.360528] *** VALIDATE bpf ***
[    0.360584] VFS: Disk quotas dquot_6.6.0
[    0.360596] VFS: Dquot-cache hash table entries: 512 (order 0, 4096 bytes)
[    0.360616] *** VALIDATE ramfs ***
[    0.360620] *** VALIDATE hugetlbfs ***
[    0.360698] AppArmor: AppArmor Filesystem Enabled
[    0.360723] pnp: PnP ACPI init
[    0.360781] pnp 00:00: Plug and Play ACPI device, IDs PNP0303 (active)
[    0.360845] pnp 00:01: Plug and Play ACPI device, IDs PNP0f03 (active)
[    0.361576] pnp: PnP ACPI: found 2 devices
[    0.362542] thermal_sys: Registered thermal governor 'fair_share'
[    0.362543] thermal_sys: Registered thermal governor 'bang_bang'
[    0.362544] thermal_sys: Registered thermal governor 'step_wise'
[    0.362544] thermal_sys: Registered thermal governor 'user_space'
[    0.362545] thermal_sys: Registered thermal governor 'power_allocator'
[    0.367057] clocksource: acpi_pm: mask: 0xffffff max_cycles: 0xffffff, max_idle_ns: 2085701024 ns
[    0.367094] pci_bus 0000:00: resource 4 [io  0x0000-0x0cf7 window]
[    0.367094] pci_bus 0000:00: resource 5 [io  0x0d00-0xffff window]
[    0.367094] pci_bus 0000:00: resource 6 [mem 0x000a0000-0x000bffff window]
[    0.367094] pci_bus 0000:00: resource 7 [mem 0x80000000-0xfdffffff window]
[    0.367094] NET: Registered protocol family 2
[    0.367094] IP idents hash table entries: 32768 (order: 6, 262144 bytes, linear)
[    0.367094] MPTCP tokens hash table entries: 8192 (order: 4, 65536 bytes, linear)
[    0.367094] MPTCP request tokens hash table entries: 8192 (order: 4, 65536 bytes, linear)
[    0.367094] default registered
[    0.367094] default registered
[    0.367094] MPTCP: Stable release v0.96
[    0.367094] tcp_listen_portaddr_hash hash table entries: 1024 (order: 2, 16384 bytes, linear)
[    0.367094] TCP established hash table entries: 16384 (order: 5, 131072 bytes, linear)
[    0.367094] TCP bind hash table entries: 16384 (order: 6, 262144 bytes, linear)
[    0.367094] TCP: Hash tables configured (established 16384 bind 16384)
[    0.368569] UDP hash table entries: 1024 (order: 3, 32768 bytes, linear)
[    0.368580] UDP-Lite hash table entries: 1024 (order: 3, 32768 bytes, linear)
[    0.368614] NET: Registered protocol family 1
[    0.368623] NET: Registered protocol family 44
[    0.368644] pci 0000:00:00.0: Limiting direct PCI/PCI transfers
[    0.368656] pci 0000:00:01.0: Activating ISA DMA hang workarounds
[    0.368709] pci 0000:00:02.0: Video device with shadowed ROM at [mem 0x000c0000-0x000dffff]
[    0.368770] PCI: CLS 0 bytes, default 64
[    0.368815] Trying to unpack rootfs image as initramfs...
[    0.531901] Freeing initrd memory: 47868K
[    0.531901] clocksource: tsc: mask: 0xffffffffffffffff max_cycles: 0x1e4530a99b6, max_idle_ns: 440795257976 ns
[    0.531901] clocksource: Switched to clocksource tsc
[    0.531901] platform rtc_cmos: registered platform RTC device (no PNP device found)
[    0.531901] check: Scanning for low memory corruption every 60 seconds
[    0.531901] Initialise system trusted keyrings
[    0.531901] Key type blacklist registered
[    0.531901] workingset: timestamp_bits=36 max_order=19 bucket_order=0
[    0.531901] zbud: loaded
[    0.531901] squashfs: version 4.0 (2009/01/31) Phillip Lougher
[    0.531901] fuse: init (API version 7.31)
[    0.531901] *** VALIDATE fuse ***
[    0.531901] *** VALIDATE fuse ***
[    0.531901] Platform Keyring initialized
[    0.531901] Key type asymmetric registered
[    0.531901] Asymmetric key parser 'x509' registered
[    0.531901] Block layer SCSI generic (bsg) driver version 0.4 loaded (major 244)
[    0.531901] io scheduler mq-deadline registered
[    0.531901] shpchp: Standard Hot Plug PCI Controller Driver version: 0.4
[    0.545590] ACPI: AC Adapter [AC] (on-line)
[    0.545637] input: Power Button as /devices/LNXSYSTM:00/LNXPWRBN:00/input/input0
[    0.545663] ACPI: Power Button [PWRF]
[    0.545747] input: Sleep Button as /devices/LNXSYSTM:00/LNXSLPBN:00/input/input1
[    0.545762] ACPI: Sleep Button [SLPF]
[    0.545989] Serial: 8250/16550 driver, 32 ports, IRQ sharing enabled
[    0.547178] Linux agpgart interface v0.103
[    0.643068] loop: module loaded
[    0.643199] ata_piix 0000:00:01.1: version 2.13
[    0.643585] scsi host0: ata_piix
[    0.643672] scsi host1: ata_piix
[    0.643698] ata1: PATA max UDMA/33 cmd 0x1f0 ctl 0x3f6 bmdma 0xd000 irq 14
[    0.643698] ata2: PATA max UDMA/33 cmd 0x170 ctl 0x376 bmdma 0xd008 irq 15
[    0.643774] tun: Universal TUN/TAP device driver, 1.6
[    0.644080] PPP generic driver version 2.4.2
[    0.644121] VFIO - User Level meta-driver version: 0.3
[    0.644352] ehci_hcd: USB 2.0 'Enhanced' Host Controller (EHCI) Driver
[    0.644356] ehci-pci: EHCI PCI platform driver
[    0.644369] ehci-platform: EHCI generic platform driver
[    0.644374] ohci_hcd: USB 1.1 'Open' Host Controller (OHCI) Driver
[    0.644376] ohci-pci: OHCI PCI platform driver
[    0.644383] ohci-platform: OHCI generic platform driver
[    0.644387] uhci_hcd: USB Universal Host Controller Interface driver
[    0.644449] i8042: PNP: PS/2 Controller [PNP0303:PS2K,PNP0f03:PS2M] at 0x60,0x64 irq 1,12
[    0.644888] serio: i8042 KBD port at 0x60,0x64 irq 1
[    0.644892] serio: i8042 AUX port at 0x60,0x64 irq 12
[    0.644975] mousedev: PS/2 mouse device common for all mice
[    0.645231] input: AT Translated Set 2 keyboard as /devices/platform/i8042/serio0/input/input2
[    0.645625] rtc_cmos rtc_cmos: registered as rtc0
[    0.645638] rtc_cmos rtc_cmos: alarms up to one day, 114 bytes nvram
[    0.645644] i2c /dev entries driver
[    0.645684] device-mapper: uevent: version 1.0.3
[    0.645725] device-mapper: ioctl: 4.41.0-ioctl (2019-09-16) initialised: dm-devel@redhat.com
[    0.645741] platform eisa.0: Probing EISA bus 0
[    0.645742] platform eisa.0: EISA: Cannot allocate resource for mainboard
[    0.645743] platform eisa.0: Cannot allocate resource for EISA slot 1
[    0.645744] platform eisa.0: Cannot allocate resource for EISA slot 2
[    0.645745] platform eisa.0: Cannot allocate resource for EISA slot 3
[    0.645746] platform eisa.0: Cannot allocate resource for EISA slot 4
[    0.645747] platform eisa.0: Cannot allocate resource for EISA slot 5
[    0.645748] platform eisa.0: Cannot allocate resource for EISA slot 6
[    0.645749] platform eisa.0: Cannot allocate resource for EISA slot 7
[    0.645750] platform eisa.0: Cannot allocate resource for EISA slot 8
[    0.645751] platform eisa.0: EISA: Detected 0 cards
[    0.645753] intel_pstate: CPU model not supported
[    0.645762] ledtrig-cpu: registered to indicate activity on CPUs
[    0.645812] drop_monitor: Initializing network drop monitor service
[    0.645972] NET: Registered protocol family 10
[    0.651091] Segment Routing with IPv6
[    0.651121] fullmesh registered
[    0.651122] ndiffports registered
[    0.651124] binder registered
[    0.651125] roundrobin registered
[    0.651125] redundant registered
[    0.651126] blest registered
[    0.651126] ecf registered
[    0.651128] NET: Registered protocol family 17
[    0.651157] Key type dns_resolver registered
[    0.651234] RAS: Correctable Errors collector initialized.
[    0.651234] IPI shorthand broadcast: enabled
[    0.651234] sched_clock: Marking stable (636198869, 11035734)->(647229442, 5161)
[    0.651326] registered taskstats version 1
[    0.651334] Loading compiled-in X.509 certificates
[    0.651922] Loaded X.509 cert 'Build time autogenerated kernel key: 6909f3744cebb3d0de528d5887b96a727de79b1e'
[    0.651939] zswap: loaded using pool lzo/zbud
[    0.651988] Key type ._fscrypt registered
[    0.651989] Key type .fscrypt registered
[    0.656403] Key type big_key registered
[    0.658597] Key type encrypted registered
[    0.658600] AppArmor: AppArmor sha1 policy hashing enabled
[    0.658607] ima: No TPM chip found, activating TPM-bypass!
[    0.658610] ima: Allocated hash algorithm: sha1
[    0.658615] ima: No architecture policies found
[    0.658625] evm: Initialising EVM extended attributes:
[    0.658626] evm: security.selinux
[    0.658626] evm: security.SMACK64
[    0.658627] evm: security.SMACK64EXEC
[    0.658627] evm: security.SMACK64TRANSMUTE
[    0.658628] evm: security.SMACK64MMAP
[    0.658628] evm: security.apparmor
[    0.658629] evm: security.ima
[    0.658629] evm: security.capability
[    0.658630] evm: HMAC attrs: 0x1
[    0.658917] PM:   Magic number: 10:470:698
[    0.659010] rtc_cmos rtc_cmos: setting system clock to 2026-01-18T19:40:33 UTC (1768765233)
[    0.816803] ata1.00: ATA-6: VBOX HARDDISK, 1.0, max UDMA/133
[    0.816806] ata1.00: 209715200 sectors, multi 128: LBA 
[    0.817543] scsi 0:0:0:0: Direct-Access     ATA      VBOX HARDDISK    1.0  PQ: 0 ANSI: 5
[    0.817853] sd 0:0:0:0: [sda] 209715200 512-byte logical blocks: (107 GB/100 GiB)
[    0.817868] sd 0:0:0:0: [sda] Write Protect is off
[    0.817871] sd 0:0:0:0: [sda] Mode Sense: 00 3a 00 00
[    0.817896] sd 0:0:0:0: [sda] Write cache: enabled, read cache: enabled, doesn't support DPO or FUA
[    0.818134] sd 0:0:0:0: Attached scsi generic sg0 type 0
[    0.819387]  sda: sda1 sda2
[    0.831352] sd 0:0:0:0: [sda] Attached SCSI disk
[    0.836579] Freeing unused decrypted memory: 2040K
[    0.837931] Freeing unused kernel image memory: 2728K
[    0.837935] Write protecting the kernel read-only data: 22528k
[    0.839440] Freeing unused kernel image memory: 2036K
[    0.840228] Freeing unused kernel image memory: 1432K
[    0.877106] x86/mm: Checked W+X mappings: passed, no W+X pages found.
[    0.877111] Run /init as init process
[    0.982927] ACPI: Video Device [GFX0] (multi-head: yes  rom: no  post: no)
[    0.982996] input: Video Bus as /devices/LNXSYSTM:00/LNXSYBUS:00/PNP0A03:00/LNXVIDEO:00/input/input4
[    0.994080] pcnet32: pcnet32.c:v1.35 21.Apr.2008 tsbogend@alpha.franken.de
[    0.995670] piix4_smbus 0000:00:07.0: SMBus Host Controller at 0x4100, revision 0
[    0.996874] pcnet32: PCnet/FAST III 79C973 at 0xd020, 08:00:27:f8:00:90 assigned IRQ 19
[    0.996916] pcnet32: Found PHY 0022:561b at address 0
[    0.997207] pcnet32: eth0: registered as PCnet/FAST III 79C973
[    1.000647] e1000: Intel(R) PRO/1000 Network Driver - version 7.3.21-k8-NAPI
[    1.000647] e1000: Copyright (c) 1999-2006 Intel Corporation.
[    1.011886] pcnet32: 1 cards_found
[    1.079594] pcnet32 0000:00:03.0 enp0s3: renamed from eth0
[    1.220709] input: ImExPS/2 Generic Explorer Mouse as /devices/platform/i8042/serio1/input/input5
[    1.415267] e1000 0000:00:08.0 eth0: (PCI:33MHz:32-bit) 08:00:27:be:59:75
[    1.415270] e1000 0000:00:08.0 eth0: Intel(R) PRO/1000 Network Connection
[    1.787334] e1000 0000:00:09.0 eth1: (PCI:33MHz:32-bit) 08:00:27:15:d6:ed
[    1.787337] e1000 0000:00:09.0 eth1: Intel(R) PRO/1000 Network Connection
[    1.788503] e1000 0000:00:09.0 enp0s9: renamed from eth1
[    1.790260] e1000 0000:00:08.0 enp0s8: renamed from eth0
[    1.941465] EXT4-fs (sda2): mounted filesystem with ordered data mode. Opts: (null)
[    2.026754] systemd[1]: Inserted module 'autofs4'
[    2.036750] systemd[1]: systemd 245.4-4ubuntu3 running in system mode. (+PAM +AUDIT +SELINUX +IMA +APPARMOR +SMACK +SYSVINIT +UTMP +LIBCRYPTSETUP +GCRYPT +GNUTLS +ACL +XZ +LZ4 +SECCOMP +BLKID +ELFUTILS +KMOD +IDN2 -IDN +PCRE2 default-hierarchy=hybrid)
[    2.036781] systemd[1]: Detected virtualization oracle.
[    2.036784] systemd[1]: Detected architecture x86-64.
[    2.038065] systemd[1]: Set hostname to <ztg>.
[    2.161403] systemd[1]: /lib/systemd/system/dbus.socket:5: ListenStream= references a path below legacy directory /var/run/, updating /var/run/dbus/system_bus_socket â†’ /run/dbus/system_bus_socket; please update the unit file accordingly.
[    2.213654] systemd[1]: Created slice system-modprobe.slice.
[    2.213835] systemd[1]: Created slice User and Session Slice.
[    2.213874] systemd[1]: Started Forward Password Requests to Wall Directory Watch.
[    2.214023] systemd[1]: Set up automount Arbitrary Executable File Formats File System Automount Point.
[    2.214055] systemd[1]: Reached target User and Group Name Lookups.
[    2.214063] systemd[1]: Reached target Remote File Systems.
[    2.214070] systemd[1]: Reached target Slices.
[    2.214729] systemd[1]: Listening on Syslog Socket.
[    2.214793] systemd[1]: Listening on fsck to fsckd communication Socket.
[    2.214830] systemd[1]: Listening on initctl Compatibility Named Pipe.
[    2.214963] systemd[1]: Listening on Journal Audit Socket.
[    2.215012] systemd[1]: Listening on Journal Socket (/dev/log).
[    2.215080] systemd[1]: Listening on Journal Socket.
[    2.215201] systemd[1]: Listening on udev Control Socket.
[    2.215241] systemd[1]: Listening on udev Kernel Socket.
[    2.215932] systemd[1]: Mounting Huge Pages File System...
[    2.216857] systemd[1]: Mounting POSIX Message Queue File System...
[    2.217697] systemd[1]: Mounting Kernel Debug File System...
[    2.218520] systemd[1]: Mounting Kernel Trace File System...
[    2.220431] systemd[1]: Starting Journal Service...
[    2.241814] systemd[1]: Starting Set the console keyboard layout...
[    2.250147] systemd[1]: Starting Create list of static device nodes for the current kernel...
[    2.252099] systemd[1]: Starting Load Kernel Module drm...
[    2.255916] systemd[1]: Condition check resulted in Set Up Additional Binary Formats being skipped.
[    2.263295] systemd[1]: Condition check resulted in File System Check on Root Device being skipped.
[    2.266710] systemd[1]: Starting Load Kernel Modules...
[    2.271181] systemd[1]: Starting Remount Root and Kernel File Systems...
[    2.285870] systemd[1]: Starting udev Coldplug all Devices...
[    2.291291] systemd[1]: Starting Uncomplicated firewall...
[    2.292807] systemd[1]: Mounted Huge Pages File System.
[    2.292892] systemd[1]: Mounted POSIX Message Queue File System.
[    2.292964] systemd[1]: Mounted Kernel Debug File System.
[    2.293029] systemd[1]: Mounted Kernel Trace File System.
[    2.296123] EXT4-fs (sda2): re-mounted. Opts: errors=remount-ro
[    2.306086] systemd[1]: Finished Create list of static device nodes for the current kernel.
[    2.307074] systemd[1]: modprobe@drm.service: Succeeded.
[    2.329049] systemd[1]: Finished Load Kernel Module drm.
[    2.329645] systemd[1]: Finished Remount Root and Kernel File Systems.
[    2.330755] systemd[1]: Finished Uncomplicated firewall.
[    2.362805] lp: driver loaded but no devices found
[    2.365465] systemd[1]: Condition check resulted in Rebuild Hardware Database being skipped.
[    2.365500] systemd[1]: Condition check resulted in Platform Persistent Storage Archival being skipped.
[    2.366117] systemd[1]: Starting Load/Save Random Seed...
[    2.371359] systemd[1]: Starting Create System Users...
[    2.376738] ppdev: user-space parallel port driver
[    2.385726] systemd[1]: Finished Load/Save Random Seed.
[    2.390583] systemd[1]: Finished Create System Users.
[    2.391797] systemd[1]: Starting Create Static Device Nodes in /dev...
[    2.413520] systemd[1]: Finished udev Coldplug all Devices.
[    2.414614] systemd[1]: Finished Create Static Device Nodes in /dev.
[    2.415381] systemd[1]: Starting udev Kernel Device Manager...
[    2.451326] [drm] DMA map mode: Caching DMA mappings.
[    2.451388] [drm] Capabilities:
[    2.451388] [drm]   Rect copy.
[    2.451389] [drm]   Cursor.
[    2.451389] [drm]   Cursor bypass.
[    2.451389] [drm]   Cursor bypass 2.
[    2.451390] [drm]   Alpha cursor.
[    2.451390] [drm]   Extended Fifo.
[    2.451390] [drm]   Pitchlock.
[    2.451391] [drm]   Irq mask.
[    2.451391] [drm]   GMR.
[    2.451391] [drm]   Traces.
[    2.451392] [drm]   GMR2.
[    2.451392] [drm]   Screen Object 2.
[    2.451393] [drm]   Command Buffers.
[    2.451393] [drm]   Command Buffers 2.
[    2.451393] [drm]   Guest Backed Resources.
[    2.451394] [drm] Max GMR ids is 8192
[    2.451395] [drm] Max number of GMR pages is 1048576
[    2.451395] [drm] Max dedicated hypervisor surface memory is 393216 kiB
[    2.451396] [drm] Maximum display memory size is 131072 kiB
[    2.451396] [drm] VRAM at 0xe0000000 size is 131072 kiB
[    2.451397] [drm] MMIO at 0xf0000000 size is 2048 kiB
[    2.456086] [TTM] Zone  kernel: Available graphics memory: 1011738 KiB
[    2.456087] [TTM] Initializing pool allocator
[    2.456090] [TTM] Initializing DMA pool allocator
[    2.456117] [drm] Supports vblank timestamp caching Rev 2 (21.10.2013).
[    2.456117] [drm] No driver support for vblank timestamp query.
[    2.456347] [drm] Screen Target Display device initialized
[    2.456501] [drm] width 720
[    2.456510] [drm] height 400
[    2.456513] [drm] bpp 32
[    2.457102] [drm] Fifo max 0x00200000 min 0x00001000 cap 0x00000355
[    2.458153] [drm] Using command buffers with DMA pool.
[    2.458157] [drm] DX: no.
[    2.458157] [drm] Atomic: yes.
[    2.458158] [drm] SM4_1: no.
[    2.458177] [drm:vmw_host_log [vmwgfx]] *ERROR* Failed to send host log message.
[    2.459414] [drm:vmw_host_log [vmwgfx]] *ERROR* Failed to send host log message.
[    2.475264] fbcon: svgadrmfb (fb0) is primary device
[    2.477539] Console: switching to colour frame buffer device 100x37
[    2.483337] [drm] Initialized vmwgfx 2.15.0 20180704 for 0000:00:02.0 on minor 0
[    2.484823] systemd[1]: Finished Load Kernel Modules.
[    2.485761] systemd[1]: Mounting FUSE Control File System...
[    2.486917] systemd[1]: Mounting Kernel Configuration File System...
[    2.527022] systemd[1]: Starting Apply Kernel Variables...
[    2.529452] systemd[1]: Mounted FUSE Control File System.
[    2.529525] systemd[1]: Condition check resulted in VMware vmblock fuse mount being skipped.
[    2.532541] systemd[1]: Mounted Kernel Configuration File System.
[    2.545362] systemd[1]: Finished Apply Kernel Variables.
[    2.546075] systemd[1]: Finished Set the console keyboard layout.
[    2.546151] systemd[1]: Reached target Local File Systems (Pre).
[    2.547986] systemd[1]: Mounting Mount unit for bare, revision 5...
[    2.549882] systemd[1]: Mounting Mount unit for core18, revision 1705...
[    2.558856] systemd[1]: Mounting Mount unit for gnome-3-34-1804, revision 24...
[    2.579463] systemd[1]: Mounting Mount unit for gtk-common-themes, revision 1506...
[    2.586735] systemd[1]: Mounting Mount unit for gtk-common-themes, revision 1535...
[    2.592775] systemd[1]: Mounting Mount unit for snap-store, revision 433...
[    2.601200] systemd[1]: Mounting Mount unit for snapd, revision 25935...
[    2.623342] systemd[1]: Mounted Mount unit for bare, revision 5.
[    2.623435] systemd[1]: Mounted Mount unit for core18, revision 1705.
[    2.623508] systemd[1]: Mounted Mount unit for gnome-3-34-1804, revision 24.
[    2.633680] systemd[1]: Started udev Kernel Device Manager.
[    2.634353] systemd[1]: Starting Show Plymouth Boot Screen...
[    2.638812] systemd[1]: Received SIGRTMIN+20 from PID 274 (plymouthd).
[    2.642491] systemd[1]: Mounted Mount unit for gtk-common-themes, revision 1506.
[    2.667261] systemd[1]: Started Show Plymouth Boot Screen.
[    2.667392] systemd[1]: Condition check resulted in Dispatch Password Requests to Console Directory Watch being skipped.
[    2.667471] systemd[1]: Started Forward Password Requests to Plymouth Directory Watch.
[    2.667502] systemd[1]: Reached target Local Encrypted Volumes.
[    2.685369] systemd[1]: Mounted Mount unit for gtk-common-themes, revision 1535.
[    2.733391] systemd[1]: Mounted Mount unit for snap-store, revision 433.
[    2.733601] systemd[1]: Mounted Mount unit for snapd, revision 25935.
[    2.733747] systemd[1]: Reached target Local File Systems.
[    2.734527] systemd[1]: Starting Load AppArmor profiles...
[    2.737082] systemd[1]: Starting Set console font and keymap...
[    2.748401] systemd[1]: Starting Tell Plymouth To Write Out Runtime Data...
[    2.751177] systemd[1]: Condition check resulted in Store a System Token in an EFI Variable being skipped.
[    2.751240] systemd[1]: Condition check resulted in Commit a transient machine-id on disk being skipped.
[    2.753567] systemd[1]: Finished Set console font and keymap.
[    2.762543] systemd[1]: Received SIGRTMIN+20 from PID 274 (plymouthd).
[    2.763800] systemd[1]: plymouth-read-write.service: Succeeded.
[    2.764069] systemd[1]: Finished Tell Plymouth To Write Out Runtime Data.
[    2.799873] audit: type=1400 audit(1768765235.640:2): apparmor="STATUS" operation="profile_load" profile="unconfined" name="nvidia_modprobe" pid=300 comm="apparmor_parser"
[    2.799876] audit: type=1400 audit(1768765235.640:3): apparmor="STATUS" operation="profile_load" profile="unconfined" name="nvidia_modprobe//kmod" pid=300 comm="apparmor_parser"
[    2.806438] audit: type=1400 audit(1768765235.644:4): apparmor="STATUS" operation="profile_load" profile="unconfined" name="/usr/sbin/tcpdump" pid=301 comm="apparmor_parser"
[    2.834100] audit: type=1400 audit(1768765235.664:5): apparmor="STATUS" operation="profile_load" profile="unconfined" name="/usr/bin/evince" pid=303 comm="apparmor_parser"
[    2.834103] audit: type=1400 audit(1768765235.664:6): apparmor="STATUS" operation="profile_load" profile="unconfined" name="/usr/bin/evince//sanitized_helper" pid=303 comm="apparmor_parser"
[    2.834104] audit: type=1400 audit(1768765235.664:7): apparmor="STATUS" operation="profile_load" profile="unconfined" name="/usr/bin/evince-previewer" pid=303 comm="apparmor_parser"
[    2.834106] audit: type=1400 audit(1768765235.664:8): apparmor="STATUS" operation="profile_load" profile="unconfined" name="/usr/bin/evince-previewer//sanitized_helper" pid=303 comm="apparmor_parser"
[    2.834107] audit: type=1400 audit(1768765235.664:9): apparmor="STATUS" operation="profile_load" profile="unconfined" name="/usr/bin/evince-thumbnailer" pid=303 comm="apparmor_parser"
[    2.872046] audit: type=1400 audit(1768765235.708:10): apparmor="STATUS" operation="profile_load" profile="unconfined" name="/usr/lib/cups/backend/cups-pdf" pid=304 comm="apparmor_parser"
[    2.932100] systemd[1]: Finished Load AppArmor profiles.
[    2.933022] systemd[1]: Starting Load AppArmor profiles managed internally by snapd...
[    3.053092] systemd[1]: Finished Load AppArmor profiles managed internally by snapd.
[    3.209717] systemd[1]: Started Journal Service.
[    3.217460] systemd-journald[229]: Received client request to flush runtime journal.
[    3.221224] systemd-journald[229]: File /var/log/journal/c455b248004a419c87ce85eea238d727/system.journal corrupted or uncleanly shut down, renaming and replacing.
[    4.723010] RAPL PMU: API unit is 2^-32 Joules, 0 fixed counters, 10737418240 ms ovfl timer
[    4.809860] cryptd: max_cpu_qlen set to 1000
[    4.847144] AVX2 version of gcm_enc/dec engaged.
[    4.847146] AES CTR mode by8 optimization enabled
[    6.828930] Adding 1998844k swap on /dev/sda1.  Priority:-2 extents:1 across:1998844k FS
[    8.819210] kauditd_printk_skb: 30 callbacks suppressed
[    8.819212] audit: type=1400 audit(1768765241.656:41): apparmor="DENIED" operation="capable" profile="/usr/sbin/cups-browsed" pid=512 comm="cups-browsed" capability=23  capname="sys_nice"
[    9.522954] pcnet32 0000:00:03.0 enp0s3: link up, 100Mbps, full-duplex
[    9.564815] e1000: enp0s8 NIC Link is Up 1000 Mbps Full Duplex, Flow Control: RX
[    9.565183] IPv6: ADDRCONF(NETDEV_CHANGE): enp0s8: link becomes ready
[    9.593545] e1000: enp0s9 NIC Link is Up 1000 Mbps Full Duplex, Flow Control: RX
[    9.593854] IPv6: ADDRCONF(NETDEV_CHANGE): enp0s9: link becomes ready
[   10.273159] device enp0s3 entered promiscuous mode
[   10.307836] audit: type=1400 audit(1768765243.140:42): apparmor="DENIED" operation="open" profile="/usr/sbin/tcpdump" name="/proc/sys/kernel/random/boot_id" pid=668 comm="tcpdump" requested_mask="r" denied_mask="r" fsuid=0 ouid=0
[   10.309987] audit: type=1400 audit(1768765243.140:43): apparmor="DENIED" operation="open" profile="/usr/sbin/tcpdump" name="/proc/sys/kernel/random/boot_id" pid=668 comm="tcpdump" requested_mask="r" denied_mask="r" fsuid=0 ouid=0
[   10.310132] audit: type=1400 audit(1768765243.140:44): apparmor="DENIED" operation="open" profile="/usr/sbin/tcpdump" name="/proc/sys/kernel/random/boot_id" pid=668 comm="tcpdump" requested_mask="r" denied_mask="r" fsuid=0 ouid=0
[   10.310470] audit: type=1400 audit(1768765243.140:45): apparmor="DENIED" operation="open" profile="/usr/sbin/tcpdump" name="/proc/sys/kernel/random/boot_id" pid=668 comm="tcpdump" requested_mask="r" denied_mask="r" fsuid=0 ouid=0
[   10.337946] audit: type=1400 audit(1768765243.176:46): apparmor="DENIED" operation="open" profile="/usr/sbin/tcpdump" name="/proc/sys/kernel/random/boot_id" pid=669 comm="tcpdump" requested_mask="r" denied_mask="r" fsuid=0 ouid=0
[   10.338661] audit: type=1400 audit(1768765243.176:47): apparmor="DENIED" operation="open" profile="/usr/sbin/tcpdump" name="/proc/sys/kernel/random/boot_id" pid=669 comm="tcpdump" requested_mask="r" denied_mask="r" fsuid=0 ouid=0
[   10.338736] audit: type=1400 audit(1768765243.176:48): apparmor="DENIED" operation="open" profile="/usr/sbin/tcpdump" name="/proc/sys/kernel/random/boot_id" pid=669 comm="tcpdump" requested_mask="r" denied_mask="r" fsuid=0 ouid=0
[   10.338829] audit: type=1400 audit(1768765243.176:49): apparmor="DENIED" operation="open" profile="/usr/sbin/tcpdump" name="/proc/sys/kernel/random/boot_id" pid=669 comm="tcpdump" requested_mask="r" denied_mask="r" fsuid=0 ouid=0
[   16.358739] rfkill: input handler disabled
[  284.809435] AAAAA-TCP_FORW: name:enp0s3: saddr:100932208: daddr:16783984
[  286.746951] AAAAA-TCP_FORW: name:enp0s3: saddr:16783984: daddr:100932208
[  288.448383] AAAAA-TCP_FORW: name:enp0s3: saddr:100932208: daddr:16783984
[  288.529140] AAAAA-TCP_FORW: name:enp0s3: saddr:100932208: daddr:16783984
[  288.579526] AAAAA-TCP_FORW: name:enp0s3: saddr:100932208: daddr:16783984
[  288.679322] AAAAA-TCP_FORW: name:enp0s3: saddr:100932208: daddr:16783984
[  288.779060] AAAAA-TCP_FORW: name:enp0s3: saddr:100932208: daddr:16783984
[  288.849285] AAAAA-TCP_FORW: name:enp0s3: saddr:100932208: daddr:16783984
[  288.896808] AAAAA-TCP_FORW: name:enp0s3: saddr:100932208: daddr:16783984
[  288.964219] AAAAA-TCP_FORW: name:enp0s3: saddr:100932208: daddr:16783984
[  289.033414] AAAAA-TCP_FORW: name:enp0s3: saddr:100932208: daddr:16783984
[  289.173798] AAAAA-TCP_FORW: name:enp0s3: saddr:100932208: daddr:16783984
[  289.229224] AAAAA-TCP_FORW: name:enp0s3: saddr:100932208: daddr:16783984
[  289.337875] AAAAA-TCP_FORW: name:enp0s3: saddr:100932208: daddr:16783984
[  289.365285] AAAAA-TCP_FORW: name:enp0s3: saddr:100932208: daddr:16783984
[  289.451434] AAAAA-TCP_FORW: name:enp0s3: saddr:100932208: daddr:16783984
[  289.545726] AAAAA-TCP_FORW: name:enp0s3: saddr:100932208: daddr:16783984
[  289.656582] AAAAA-TCP_FORW: name:enp0s3: saddr:100932208: daddr:16783984
[  292.917694] AAAAA-TCP_FORW: name:enp0s3: saddr:16783984: daddr:100932208
[  293.179051] AAAAA-TCP_FORW: name:enp0s3: saddr:16783984: daddr:100932208
[  293.240411] AAAAA-TCP_FORW: name:enp0s3: saddr:16783984: daddr:100932208
[  293.316687] AAAAA-TCP_FORW: name:enp0s3: saddr:16783984: daddr:100932208
[  293.412684] AAAAA-TCP_FORW: name:enp0s3: saddr:16783984: daddr:100932208
[  293.526373] AAAAA-TCP_FORW: name:enp0s3: saddr:16783984: daddr:100932208
[  293.658477] AAAAA-TCP_FORW: name:enp0s3: saddr:16783984: daddr:100932208
[  293.748324] AAAAA-TCP_FORW: name:enp0s3: saddr:16783984: daddr:100932208
[  293.802654] AAAAA-TCP_FORW: name:enp0s3: saddr:16783984: daddr:100932208
[  293.924870] AAAAA-TCP_FORW: name:enp0s3: saddr:16783984: daddr:100932208
[  294.086001] AAAAA-TCP_FORW: name:enp0s3: saddr:16783984: daddr:100932208
[  294.189296] AAAAA-TCP_FORW: name:enp0s3: saddr:16783984: daddr:100932208
[  294.270585] AAAAA-TCP_FORW: name:enp0s3: saddr:16783984: daddr:100932208
[  294.302057] AAAAA-TCP_FORW: name:enp0s3: saddr:16783984: daddr:100932208
[  295.790570] AAAAA-TCP_FORW: name:enp0s3: saddr:100932208: daddr:16783984
[  295.898756] AAAAA-TCP_FORW: name:enp0s3: saddr:100932208: daddr:16783984
[  296.280417] AAAAA-TCP_FORW: name:enp0s3: saddr:100932208: daddr:16783984
[  296.522895] AAAAA-TCP_FORW: name:enp0s3: saddr:100932208: daddr:16783984
[  296.671169] AAAAA-TCP_FORW: name:enp0s3: saddr:100932208: daddr:16783984
[  296.757830] AAAAA-TCP_FORW: name:enp0s3: saddr:100932208: daddr:16783984
[  296.802887] AAAAA-TCP_FORW: name:enp0s3: saddr:100932208: daddr:16783984
[  296.956783] AAAAA-TCP_FORW: name:enp0s3: saddr:100932208: daddr:16783984
[  297.125193] AAAAA-TCP_FORW: name:enp0s3: saddr:100932208: daddr:16783984
[  297.209157] AAAAA-TCP_FORW: name:enp0s3: saddr:100932208: daddr:16783984
[  297.332656] AAAAA-TCP_FORW: name:enp0s3: saddr:100932208: daddr:16783984
[  297.399472] AAAAA-TCP_FORW: name:enp0s3: saddr:100932208: daddr:16783984
[  297.476208] AAAAA-TCP_FORW: name:enp0s3: saddr:100932208: daddr:16783984
[  297.578192] AAAAA-TCP_FORW: name:enp0s3: saddr:100932208: daddr:16783984
[  297.974284] AAAAA-TCP_FORW: name:enp0s3: saddr:16783984: daddr:100932208
[  298.189196] AAAAA-TCP_FORW: name:enp0s3: saddr:16783984: daddr:100932208
[  298.570980] AAAAA-TCP_FORW: name:enp0s3: saddr:16783984: daddr:100932208
[  298.667359] AAAAA-TCP_FORW: name:enp0s3: saddr:16783984: daddr:100932208
[  299.028764] AAAAA-TCP_FORW: name:enp0s3: saddr:16783984: daddr:100932208
[  299.081875] AAAAA-TCP_FORW: name:enp0s3: saddr:16783984: daddr:100932208
[  299.229493] AAAAA-TCP_FORW: name:enp0s3: saddr:16783984: daddr:100932208
[  299.589322] AAAAA-TCP_FORW: name:enp0s3: saddr:16783984: daddr:100932208
[  299.817572] AAAAA-TCP_FORW: name:enp0s3: saddr:100932208: daddr:33561200
[  299.844797] AAAAA-TCP_FORW: name:enp0s3: saddr:16783984: daddr:100932208
[  300.095355] AAAAA-TCP_FORW: name:enp0s3: saddr:16783984: daddr:100932208
[  300.242322] AAAAA-TCP_FORW: name:enp0s3: saddr:16783984: daddr:100932208
[  300.312448] AAAAA-TCP_FORW: name:enp0s3: saddr:16783984: daddr:100932208
[  300.518538] AAAAA-TCP_FORW: name:enp0s3: saddr:16783984: daddr:100932208
[  300.602430] AAAAA-TCP_FORW: name:enp0s3: saddr:16783984: daddr:100932208
[  300.974913] AAAAA-TCP_FORW: name:enp0s3: saddr:100932208: daddr:16783984
[  301.197226] AAAAA-TCP_FORW: name:enp0s3: saddr:100932208: daddr:16783984
[  301.909493] AAAAA-TCP_FORW: name:enp0s3: saddr:100932208: daddr:16783984
[  302.482447] AAAAA-TCP_FORW: name:enp0s3: saddr:100932208: daddr:16783984
[  302.599192] AAAAA-TCP_FORW: name:enp0s3: saddr:100932208: daddr:16783984
[  303.136839] AAAAA-TCP_FORW: name:enp0s3: saddr:100932208: daddr:16783984
[  303.410209] AAAAA-TCP_FORW: name:enp0s3: saddr:100932208: daddr:16783984
[  303.425492] AAAAA-TCP_FORW: name:enp0s3: saddr:33561200: daddr:100932208
[  303.463851] AAAAA-TCP_FORW: name:enp0s3: saddr:100932208: daddr:16783984
[  303.593483] AAAAA-TCP_FORW: name:enp0s3: saddr:100932208: daddr:16783984
[  303.807037] AAAAA-TCP_FORW: name:enp0s3: saddr:100932208: daddr:16783984
[  303.867986] AAAAA-TCP_FORW: name:enp0s3: saddr:100932208: daddr:16783984
[  304.107197] AAAAA-TCP_FORW: name:enp0s3: saddr:100932208: daddr:16783984
[  304.187263] AAAAA-TCP_FORW: name:enp0s3: saddr:100932208: daddr:16783984
[  304.301344] AAAAA-TCP_FORW: name:enp0s3: saddr:100932208: daddr:16783984
[  304.418142] AAAAA-TCP_FORW: name:enp0s3: saddr:16783984: daddr:100932208
[  304.638669] AAAAA-TCP_FORW: name:enp0s3: saddr:16783984: daddr:100932208
[  304.949705] AAAAA-TCP_FORW: name:enp0s3: saddr:16783984: daddr:100932208
[  305.310079] AAAAA-TCP_FORW: name:enp0s3: saddr:16783984: daddr:100932208
[  305.423082] AAAAA-TCP_FORW: name:enp0s3: saddr:16783984: daddr:100932208
[  305.844940] AAAAA-TCP_FORW: name:enp0s3: saddr:16783984: daddr:100932208
[  306.089824] AAAAA-TCP_FORW: name:enp0s3: saddr:16783984: daddr:100932208
[  306.374127] AAAAA-TCP_FORW: name:enp0s3: saddr:100932208: daddr:33561200
[  306.450323] AAAAA-TCP_FORW: name:enp0s3: saddr:100932208: daddr:33561200
[  306.520919] AAAAA-TCP_FORW: name:enp0s3: saddr:16783984: daddr:100932208
[  306.586713] AAAAA-TCP_FORW: name:enp0s3: saddr:100932208: daddr:33561200
[  306.693230] AAAAA-TCP_FORW: name:enp0s3: saddr:100932208: daddr:33561200
[  306.816516] AAAAA-TCP_FORW: name:enp0s3: saddr:100932208: daddr:33561200
[  306.859993] AAAAA-TCP_FORW: name:enp0s3: saddr:16783984: daddr:100932208
[  306.939575] AAAAA-TCP_FORW: name:enp0s3: saddr:100932208: daddr:33561200
[  307.058857] AAAAA-TCP_FORW: name:enp0s3: saddr:100932208: daddr:33561200
[  307.096662] AAAAA-TCP_FORW: name:enp0s3: saddr:16783984: daddr:100932208
[  307.141920] AAAAA-TCP_FORW: name:enp0s3: saddr:100932208: daddr:33561200
[  307.179846] AAAAA-TCP_FORW: name:enp0s3: saddr:16783984: daddr:100932208
[  307.264275] AAAAA-TCP_FORW: name:enp0s3: saddr:100932208: daddr:33561200
[  307.285815] AAAAA-TCP_FORW: name:enp0s3: saddr:16783984: daddr:100932208
[  307.331157] AAAAA-TCP_FORW: name:enp0s3: saddr:100932208: daddr:33561200
[  307.450198] AAAAA-TCP_FORW: name:enp0s3: saddr:100932208: daddr:33561200
[  307.464652] AAAAA-TCP_FORW: name:enp0s3: saddr:16783984: daddr:100932208
[  307.545017] AAAAA-TCP_FORW: name:enp0s3: saddr:100932208: daddr:33561200
[  307.839057] AAAAA-TCP_FORW: name:enp0s3: saddr:100932208: daddr:16783984
[  307.946215] AAAAA-TCP_FORW: name:enp0s3: saddr:100932208: daddr:16783984
[  308.015762] AAAAA-TCP_FORW: name:enp0s3: saddr:100932208: daddr:16783984
[  308.371283] AAAAA-TCP_FORW: name:enp0s3: saddr:100932208: daddr:16783984
[  308.473241] AAAAA-TCP_FORW: name:enp0s3: saddr:100932208: daddr:16783984
[  308.597223] AAAAA-TCP_FORW: name:enp0s3: saddr:100932208: daddr:16783984
[  308.767050] AAAAA-TCP_FORW: name:enp0s3: saddr:100932208: daddr:16783984
[  308.852261] AAAAA-TCP_FORW: name:enp0s3: saddr:100932208: daddr:16783984
[  309.009278] AAAAA-TCP_FORW: name:enp0s3: saddr:100932208: daddr:16783984
[  309.232371] AAAAA-TCP_FORW: name:enp0s3: saddr:100932208: daddr:16783984
[  309.272248] AAAAA-TCP_FORW: name:enp0s3: saddr:100932208: daddr:16783984
[  309.456606] AAAAA-TCP_FORW: name:enp0s3: saddr:100932208: daddr:16783984
[  309.516431] AAAAA-TCP_FORW: name:enp0s3: saddr:33561200: daddr:100932208
[  309.569538] AAAAA-TCP_FORW: name:enp0s3: saddr:33561200: daddr:100932208
[  309.639051] AAAAA-TCP_FORW: name:enp0s3: saddr:33561200: daddr:100932208
[  309.652558] AAAAA-TCP_FORW: name:enp0s3: saddr:100932208: daddr:16783984
[  309.744662] AAAAA-TCP_FORW: name:enp0s3: saddr:100932208: daddr:16783984
[  309.784106] AAAAA-TCP_FORW: name:enp0s3: saddr:33561200: daddr:100932208
[  309.817904] AAAAA-TCP_FORW: name:enp0s3: saddr:100932208: daddr:16783984
[  309.879562] AAAAA-TCP_FORW: name:enp0s3: saddr:100932208: daddr:16783984
[  309.895233] AAAAA-TCP_FORW: name:enp0s3: saddr:33561200: daddr:100932208
[  309.899355] AAAAA-TCP_FORW: name:enp0s3: saddr:100932208: daddr:16783984
[  309.937379] AAAAA-TCP_FORW: name:enp0s3: saddr:100932208: daddr:16783984
[  310.012093] AAAAA-TCP_FORW: name:enp0s3: saddr:100932208: daddr:16783984
[  310.034227] AAAAA-TCP_FORW: name:enp0s3: saddr:33561200: daddr:100932208
[  310.135041] AAAAA-TCP_FORW: name:enp0s3: saddr:33561200: daddr:100932208
[  310.409403] AAAAA-TCP_FORW: name:enp0s3: saddr:33561200: daddr:100932208
[  310.619217] AAAAA-TCP_FORW: name:enp0s3: saddr:33561200: daddr:100932208
[  310.859342] AAAAA-TCP_FORW: name:enp0s3: saddr:33561200: daddr:100932208
[  310.930017] AAAAA-TCP_FORW: name:enp0s3: saddr:33561200: daddr:100932208
[  311.611947] AAAAA-TCP_FORW: name:enp0s3: saddr:16783984: daddr:100932208
[  311.936786] AAAAA-TCP_FORW: name:enp0s3: saddr:16783984: daddr:100932208
[  312.152329] AAAAA-TCP_FORW: name:enp0s3: saddr:16783984: daddr:100932208
[  312.242835] AAAAA-TCP_FORW: name:enp0s3: saddr:100932208: daddr:16783984
[  312.284373] AAAAA-TCP_FORW: name:enp0s3: saddr:16783984: daddr:100932208
[  312.370440] AAAAA-TCP_FORW: name:enp0s3: saddr:100932208: daddr:33561200
[  312.455135] AAAAA-TCP_FORW: name:enp0s3: saddr:100932208: daddr:33561200
[  312.490244] AAAAA-TCP_FORW: name:enp0s3: saddr:16783984: daddr:100932208
[  312.563416] AAAAA-TCP_FORW: name:enp0s3: saddr:16783984: daddr:100932208
[  312.597048] AAAAA-TCP_FORW: name:enp0s3: saddr:100932208: daddr:33561200
[  312.684408] AAAAA-TCP_FORW: name:enp0s3: saddr:100932208: daddr:33561200
[  312.765134] AAAAA-TCP_FORW: name:enp0s3: saddr:100932208: daddr:33561200
[  312.837031] AAAAA-TCP_FORW: name:enp0s3: saddr:100932208: daddr:33561200
[  312.870058] AAAAA-TCP_FORW: name:enp0s3: saddr:16783984: daddr:100932208
[  312.882423] AAAAA-TCP_FORW: name:enp0s3: saddr:100932208: daddr:33561200
[  313.099731] AAAAA-TCP_FORW: name:enp0s3: saddr:100932208: daddr:33561200
[  313.115899] AAAAA-TCP_FORW: name:enp0s3: saddr:16783984: daddr:100932208
[  313.204146] AAAAA-TCP_FORW: name:enp0s3: saddr:100932208: daddr:33561200
[  313.292796] AAAAA-TCP_FORW: name:enp0s3: saddr:100932208: daddr:33561200
[  313.396986] AAAAA-TCP_FORW: name:enp0s3: saddr:100932208: daddr:33561200
[  313.423571] AAAAA-TCP_FORW: name:enp0s3: saddr:16783984: daddr:100932208
[  313.563339] AAAAA-TCP_FORW: name:enp0s3: saddr:16783984: daddr:100932208
[  313.577220] AAAAA-TCP_FORW: name:enp0s3: saddr:16783984: daddr:100932208
[  313.646981] AAAAA-TCP_FORW: name:enp0s3: saddr:16783984: daddr:100932208
[  313.668869] AAAAA-TCP_FORW: name:enp0s3: saddr:16783984: daddr:100932208
[  313.705985] AAAAA-TCP_FORW: name:enp0s3: saddr:100932208: daddr:33561200
[  313.746874] AAAAA-TCP_FORW: name:enp0s3: saddr:100932208: daddr:33561200
[  314.367752] AAAAA-TCP_FORW: name:enp0s3: saddr:100932208: daddr:33561200
[  314.440868] AAAAA-TCP_FORW: name:enp0s3: saddr:100932208: daddr:16783984
[  314.725922] AAAAA-TCP_FORW: name:enp0s3: saddr:100932208: daddr:16783984
[  319.068046] AAAAA-TCP_FORW: name:enp0s3: saddr:100932208: daddr:33561200
[  319.234247] AAAAA-TCP_FORW: name:enp0s3: saddr:100932208: daddr:33561200
[  322.198027] AAAAA-TCP_FORW: name:enp0s3: saddr:33561200: daddr:100932208
[  322.453898] AAAAA-TCP_FORW: name:enp0s3: saddr:33561200: daddr:100932208
[  567.391208] rfkill: input handler enabled
[  576.263644] rfkill: input handler disabled
[  790.145234] device enp0s3 left promiscuous mode
