[    0.000000] Linux version 5.4.243-mptcp (root@ztg) (gcc version 12.2.0 (Debian 12.2.0-14+deb12u1)) #53 SMP Wed Dec 24 23:28:15 CST 2025
[    0.000000] Command line: BOOT_IMAGE=/boot/vmlinuz-5.4.243-mptcp root=UUID=98415a12-53b7-4144-8265-0f7ece09e445 ro quiet splash
[    0.000000] KERNEL supported cpus:
[    0.000000]   Intel GenuineIntel
[    0.000000]   AMD AuthenticAMD
[    0.000000]   Hygon HygonGenuine
[    0.000000]   Centaur CentaurHauls
[    0.000000]   zhaoxin   Shanghai  
[    0.000000] x86/fpu: Supporting XSAVE feature 0x001: 'x87 floating point registers'
[    0.000000] x86/fpu: Supporting XSAVE feature 0x002: 'SSE registers'
[    0.000000] x86/fpu: Supporting XSAVE feature 0x004: 'AVX registers'
[    0.000000] x86/fpu: xstate_offset[2]:  576, xstate_sizes[2]:  256
[    0.000000] x86/fpu: Enabled xstate features 0x7, context size is 832 bytes, using 'standard' format.
[    0.000000] BIOS-provided physical RAM map:
[    0.000000] BIOS-e820: [mem 0x0000000000000000-0x000000000009fbff] usable
[    0.000000] BIOS-e820: [mem 0x000000000009fc00-0x000000000009ffff] reserved
[    0.000000] BIOS-e820: [mem 0x00000000000f0000-0x00000000000fffff] reserved
[    0.000000] BIOS-e820: [mem 0x0000000000100000-0x000000007ffeffff] usable
[    0.000000] BIOS-e820: [mem 0x000000007fff0000-0x000000007fffffff] ACPI data
[    0.000000] BIOS-e820: [mem 0x00000000fec00000-0x00000000fec00fff] reserved
[    0.000000] BIOS-e820: [mem 0x00000000fee00000-0x00000000fee00fff] reserved
[    0.000000] BIOS-e820: [mem 0x00000000fffc0000-0x00000000ffffffff] reserved
[    0.000000] NX (Execute Disable) protection: active
[    0.000000] SMBIOS 2.5 present.
[    0.000000] DMI: innotek GmbH VirtualBox/VirtualBox, BIOS VirtualBox 12/01/2006
[    0.000000] Hypervisor detected: KVM
[    0.000000] kvm-clock: Using msrs 4b564d01 and 4b564d00
[    0.000000] kvm-clock: cpu 0, msr 7e01001, primary cpu clock
[    0.000000] kvm-clock: using sched offset of 4438988690 cycles
[    0.000003] clocksource: kvm-clock: mask: 0xffffffffffffffff max_cycles: 0x1cd42e4dffb, max_idle_ns: 881590591483 ns
[    0.000006] tsc: Detected 2100.000 MHz processor
[    0.001868] e820: update [mem 0x00000000-0x00000fff] usable ==> reserved
[    0.001870] e820: remove [mem 0x000a0000-0x000fffff] usable
[    0.001874] last_pfn = 0x7fff0 max_arch_pfn = 0x400000000
[    0.001942] MTRR default type: uncachable
[    0.001943] MTRR fixed ranges enabled:
[    0.001944]   00000-9FFFF write-back
[    0.001945]   A0000-BFFFF uncachable
[    0.001945]   C0000-FFFFF write-protect
[    0.001946] MTRR variable ranges enabled:
[    0.001948]   0 base 000000000000 mask 3FFF80000000 write-back
[    0.001948]   1 disabled
[    0.001949]   2 disabled
[    0.001949]   3 disabled
[    0.001949]   4 disabled
[    0.001950]   5 disabled
[    0.001950]   6 disabled
[    0.001951]   7 disabled
[    0.001951]   8 disabled
[    0.001951]   9 disabled
[    0.001952]   10 disabled
[    0.001952]   11 disabled
[    0.001953]   12 disabled
[    0.001953]   13 disabled
[    0.001954]   14 disabled
[    0.001954]   15 disabled
[    0.001971] x86/PAT: Configuration [0-7]: WB  WC  UC- UC  WB  WP  UC- WT  
[    0.002103] found SMP MP-table at [mem 0x0009fff0-0x0009ffff]
[    0.091690] check: Scanning 1 areas for low memory corruption
[    0.091835] RAMDISK: [mem 0x32271000-0x3512ffff]
[    0.091843] ACPI: Early table checksum verification disabled
[    0.091849] ACPI: RSDP 0x00000000000E0000 000024 (v02 VBOX  )
[    0.091853] ACPI: XSDT 0x000000007FFF0030 00003C (v01 VBOX   VBOXXSDT 00000001 ASL  00000061)
[    0.091860] ACPI: FACP 0x000000007FFF00F0 0000F4 (v04 VBOX   VBOXFACP 00000001 ASL  00000061)
[    0.091866] ACPI: DSDT 0x000000007FFF02E0 002353 (v02 VBOX   VBOXBIOS 00000002 VBOX 00029BF3)
[    0.091870] ACPI: FACS 0x000000007FFF0200 000040
[    0.091873] ACPI: FACS 0x000000007FFF0200 000040
[    0.091877] ACPI: APIC 0x000000007FFF0240 000054 (v02 VBOX   VBOXAPIC 00000001 ASL  00000061)
[    0.091880] ACPI: SSDT 0x000000007FFF02A0 000038 (v01 VBOX   VBOXCPUT 00000002 VBOX 00029BF3)
[    0.091884] ACPI: Reserving FACP table memory at [mem 0x7fff00f0-0x7fff01e3]
[    0.091884] ACPI: Reserving DSDT table memory at [mem 0x7fff02e0-0x7fff2632]
[    0.091885] ACPI: Reserving FACS table memory at [mem 0x7fff0200-0x7fff023f]
[    0.091886] ACPI: Reserving FACS table memory at [mem 0x7fff0200-0x7fff023f]
[    0.091886] ACPI: Reserving APIC table memory at [mem 0x7fff0240-0x7fff0293]
[    0.091887] ACPI: Reserving SSDT table memory at [mem 0x7fff02a0-0x7fff02d7]
[    0.091901] ACPI: Local APIC address 0xfee00000
[    0.092089] No NUMA configuration found
[    0.092090] Faking a node at [mem 0x0000000000000000-0x000000007ffeffff]
[    0.092100] NODE_DATA(0) allocated [mem 0x7ffc5000-0x7ffeffff]
[    0.092361] Zone ranges:
[    0.092363]   DMA      [mem 0x0000000000001000-0x0000000000ffffff]
[    0.092364]   DMA32    [mem 0x0000000001000000-0x000000007ffeffff]
[    0.092365]   Normal   empty
[    0.092365]   Device   empty
[    0.092366] Movable zone start for each node
[    0.092368] Early memory node ranges
[    0.092369]   node   0: [mem 0x0000000000001000-0x000000000009efff]
[    0.092369]   node   0: [mem 0x0000000000100000-0x000000007ffeffff]
[    0.092372] Zeroed struct page in unavailable ranges: 114 pages
[    0.092373] Initmem setup node 0 [mem 0x0000000000001000-0x000000007ffeffff]
[    0.092374] On node 0 totalpages: 524174
[    0.092376]   DMA zone: 64 pages used for memmap
[    0.092376]   DMA zone: 21 pages reserved
[    0.092377]   DMA zone: 3998 pages, LIFO batch:0
[    0.092448]   DMA32 zone: 8128 pages used for memmap
[    0.092449]   DMA32 zone: 520176 pages, LIFO batch:63
[    0.101362] ACPI: PM-Timer IO Port: 0x4008
[    0.101366] ACPI: Local APIC address 0xfee00000
[    0.101436] IOAPIC[0]: apic_id 1, version 32, address 0xfec00000, GSI 0-23
[    0.101439] ACPI: INT_SRC_OVR (bus 0 bus_irq 0 global_irq 2 dfl dfl)
[    0.101441] ACPI: INT_SRC_OVR (bus 0 bus_irq 9 global_irq 9 low level)
[    0.101443] ACPI: IRQ0 used by override.
[    0.101444] ACPI: IRQ9 used by override.
[    0.101447] Using ACPI (MADT) for SMP configuration information
[    0.101454] smpboot: Allowing 1 CPUs, 0 hotplug CPUs
[    0.101476] PM: Registered nosave memory: [mem 0x00000000-0x00000fff]
[    0.101477] PM: Registered nosave memory: [mem 0x0009f000-0x0009ffff]
[    0.101478] PM: Registered nosave memory: [mem 0x000a0000-0x000effff]
[    0.101479] PM: Registered nosave memory: [mem 0x000f0000-0x000fffff]
[    0.101480] [mem 0x80000000-0xfebfffff] available for PCI devices
[    0.101481] Booting paravirtualized kernel on KVM
[    0.101484] clocksource: refined-jiffies: mask: 0xffffffff max_cycles: 0xffffffff, max_idle_ns: 7645519600211568 ns
[    0.101489] setup_percpu: NR_CPUS:8192 nr_cpumask_bits:1 nr_cpu_ids:1 nr_node_ids:1
[    0.102493] percpu: Embedded 60 pages/cpu s208896 r8192 d28672 u2097152
[    0.102499] pcpu-alloc: s208896 r8192 d28672 u2097152 alloc=1*2097152
[    0.102500] pcpu-alloc: [0] 0 
[    0.102527] Built 1 zonelists, mobility grouping on.  Total pages: 515961
[    0.102528] Policy zone: DMA32
[    0.102529] Kernel command line: BOOT_IMAGE=/boot/vmlinuz-5.4.243-mptcp root=UUID=98415a12-53b7-4144-8265-0f7ece09e445 ro quiet splash
[    0.103367] Dentry cache hash table entries: 262144 (order: 9, 2097152 bytes, linear)
[    0.103515] Inode-cache hash table entries: 131072 (order: 8, 1048576 bytes, linear)
[    0.103565] mem auto-init: stack:off, heap alloc:on, heap free:off
[    0.103568] Calgary: detecting Calgary via BIOS EBDA area
[    0.103570] Calgary: Unable to locate Rio Grande table in EBDA - bailing!
[    0.107652] Memory: 1967332K/2096696K available (14339K kernel code, 2398K rwdata, 4712K rodata, 2728K init, 17260K bss, 129364K reserved, 0K cma-reserved)
[    0.108553] SLUB: HWalign=64, Order=0-3, MinObjects=0, CPUs=1, Nodes=1
[    0.108569] ftrace: allocating 43186 entries in 169 pages
[    0.126686] rcu: Hierarchical RCU implementation.
[    0.126687] rcu: 	RCU restricting CPUs from NR_CPUS=8192 to nr_cpu_ids=1.
[    0.126688] 	Tasks RCU enabled.
[    0.126689] rcu: RCU calculated value of scheduler-enlistment delay is 25 jiffies.
[    0.126690] rcu: Adjusting geometry for rcu_fanout_leaf=16, nr_cpu_ids=1
[    0.129659] NR_IRQS: 524544, nr_irqs: 256, preallocated irqs: 16
[    0.129876] random: crng init done
[    0.139208] Console: colour VGA+ 80x25
[    0.139212] printk: console [tty0] enabled
[    0.139234] ACPI: Core revision 20190816
[    0.139335] APIC: Switch to symmetric I/O mode setup
[    0.139583] x2apic enabled
[    0.139821] Switched APIC routing to physical x2apic.
[    0.140950] ..TIMER: vector=0x30 apic1=0 pin1=2 apic2=-1 pin2=-1
[    0.140974] clocksource: tsc-early: mask: 0xffffffffffffffff max_cycles: 0x1e4530a99b6, max_idle_ns: 440795257976 ns
[    0.140980] Calibrating delay loop (skipped) preset value.. 4200.00 BogoMIPS (lpj=8400000)
[    0.140982] pid_max: default: 32768 minimum: 301
[    0.141010] LSM: Security Framework initializing
[    0.141020] Yama: becoming mindful.
[    0.141047] AppArmor: AppArmor initialized
[    0.141080] Mount-cache hash table entries: 4096 (order: 3, 32768 bytes, linear)
[    0.141085] Mountpoint-cache hash table entries: 4096 (order: 3, 32768 bytes, linear)
[    0.141095] *** VALIDATE tmpfs ***
[    0.141223] *** VALIDATE proc ***
[    0.141264] *** VALIDATE cgroup1 ***
[    0.141265] *** VALIDATE cgroup2 ***
[    0.141407] process: using mwait in idle threads
[    0.141412] Last level iTLB entries: 4KB 64, 2MB 8, 4MB 8
[    0.141413] Last level dTLB entries: 4KB 64, 2MB 0, 4MB 0, 1GB 4
[    0.141434] Spectre V1 : Mitigation: usercopy/swapgs barriers and __user pointer sanitization
[    0.141439] Spectre V2 : Mitigation: Retpolines
[    0.141440] Spectre V2 : Spectre v2 / SpectreRSB mitigation: Filling RSB on context switch
[    0.141440] Spectre V2 : Spectre v2 / SpectreRSB : Filling RSB on VMEXIT
[    0.141441] RETBleed: WARNING: Spectre v2 mitigation leaves CPU vulnerable to RETBleed attacks, data leaks possible!
[    0.141805] RETBleed: Vulnerable
[    0.141806] Speculative Store Bypass: Vulnerable
[    0.141810] TAA: Mitigation: TSX disabled
[    0.141811] MMIO Stale Data: Mitigation: Clear CPU buffers
[    0.146046] Freeing SMP alternatives memory: 40K
[    0.258097] smpboot: CPU0: Intel(R) Xeon(R) Silver 4216 CPU @ 2.10GHz (family: 0x6, model: 0x55, stepping: 0x7)
[    0.258231] Performance Events: unsupported p6 CPU model 85 no PMU driver, software events only.
[    0.258268] rcu: Hierarchical SRCU implementation.
[    0.258746] NMI watchdog: Perf NMI watchdog permanently disabled
[    0.258786] smp: Bringing up secondary CPUs ...
[    0.258787] smp: Brought up 1 node, 1 CPU
[    0.258788] smpboot: Max logical packages: 1
[    0.258789] smpboot: Total of 1 processors activated (4200.00 BogoMIPS)
[    0.259879] devtmpfs: initialized
[    0.259934] x86/mm: Memory block size: 128MB
[    0.260297] clocksource: jiffies: mask: 0xffffffff max_cycles: 0xffffffff, max_idle_ns: 7645041785100000 ns
[    0.260302] futex hash table entries: 256 (order: 2, 16384 bytes, linear)
[    0.260347] pinctrl core: initialized pinctrl subsystem
[    0.260450] PM: RTC time: 21:51:57, date: 2026-01-17
[    0.260558] NET: Registered protocol family 16
[    0.260632] audit: initializing netlink subsys (disabled)
[    0.260775] EISA bus registered
[    0.260777] cpuidle: using governor ladder
[    0.260777] cpuidle: using governor menu
[    0.260815] ACPI: bus type PCI registered
[    0.260817] acpiphp: ACPI Hot Plug PCI Controller Driver version: 0.5
[    0.260928] PCI: Using configuration type 1 for base access
[    0.261522] audit: type=2000 audit(1768657923.449:1): state=initialized audit_enabled=0 res=1
[    0.261612] HugeTLB registered 2.00 MiB page size, pre-allocated 0 pages
[    0.262502] ACPI: Added _OSI(Module Device)
[    0.262503] ACPI: Added _OSI(Processor Device)
[    0.262504] ACPI: Added _OSI(3.0 _SCP Extensions)
[    0.262504] ACPI: Added _OSI(Processor Aggregator Device)
[    0.262505] ACPI: Added _OSI(Linux-Dell-Video)
[    0.262506] ACPI: Added _OSI(Linux-Lenovo-NV-HDMI-Audio)
[    0.262507] ACPI: Added _OSI(Linux-HPI-Hybrid-Graphics)
[    0.264488] ACPI: 2 ACPI AML tables successfully acquired and loaded
[    0.266042] ACPI: Interpreter enabled
[    0.266051] ACPI: (supports S0 S5)
[    0.266052] ACPI: Using IOAPIC for interrupt routing
[    0.266270] PCI: Using host bridge windows from ACPI; if necessary, use "pci=nocrs" and report a bug
[    0.266376] ACPI: Enabled 2 GPEs in block 00 to 07
[    0.271685] ACPI: PCI Root Bridge [PCI0] (domain 0000 [bus 00-ff])
[    0.271691] acpi PNP0A03:00: _OSC: OS supports [ASPM ClockPM Segments MSI HPX-Type3]
[    0.272182] acpi PNP0A03:00: _OSC: not requesting OS control; OS requires [ExtendedConfig ASPM ClockPM MSI]
[    0.272190] acpi PNP0A03:00: fail to add MMCONFIG information, can't access extended PCI configuration space under this bridge.
[    0.272605] PCI host bridge to bus 0000:00
[    0.272607] pci_bus 0000:00: root bus resource [io  0x0000-0x0cf7 window]
[    0.272608] pci_bus 0000:00: root bus resource [io  0x0d00-0xffff window]
[    0.272610] pci_bus 0000:00: root bus resource [mem 0x000a0000-0x000bffff window]
[    0.272612] pci_bus 0000:00: root bus resource [mem 0x80000000-0xfdffffff window]
[    0.272614] pci_bus 0000:00: root bus resource [bus 00-ff]
[    0.272655] pci 0000:00:00.0: [8086:1237] type 00 class 0x060000
[    0.273698] pci 0000:00:01.0: [8086:7000] type 00 class 0x060100
[    0.274483] pci 0000:00:01.1: [8086:7111] type 00 class 0x01018a
[    0.274860] pci 0000:00:01.1: reg 0x20: [io  0xd000-0xd00f]
[    0.275012] pci 0000:00:01.1: legacy IDE quirk: reg 0x10: [io  0x01f0-0x01f7]
[    0.275013] pci 0000:00:01.1: legacy IDE quirk: reg 0x14: [io  0x03f6]
[    0.275014] pci 0000:00:01.1: legacy IDE quirk: reg 0x18: [io  0x0170-0x0177]
[    0.275015] pci 0000:00:01.1: legacy IDE quirk: reg 0x1c: [io  0x0376]
[    0.275569] pci 0000:00:02.0: [15ad:0405] type 00 class 0x030000
[    0.277054] pci 0000:00:02.0: reg 0x10: [io  0xd010-0xd01f]
[    0.281022] pci 0000:00:02.0: reg 0x14: [mem 0xe0000000-0xe7ffffff pref]
[    0.283554] pci 0000:00:02.0: reg 0x18: [mem 0xf0000000-0xf01fffff]
[    0.293765] pci 0000:00:03.0: [1022:2000] type 00 class 0x020000
[    0.294514] pci 0000:00:03.0: reg 0x10: [io  0xd020-0xd03f]
[    0.295160] pci 0000:00:03.0: reg 0x14: [mem 0xf0200000-0xf0200fff]
[    0.300047] pci 0000:00:04.0: [80ee:cafe] type 00 class 0x088000
[    0.300717] pci 0000:00:04.0: reg 0x10: [io  0xd040-0xd05f]
[    0.301092] pci 0000:00:04.0: reg 0x14: [mem 0xf0400000-0xf07fffff]
[    0.301698] pci 0000:00:04.0: reg 0x18: [mem 0xf0800000-0xf0803fff pref]
[    0.305018] pci 0000:00:07.0: [8086:7113] type 00 class 0x068000
[    0.305567] pci 0000:00:07.0: quirk: [io  0x4000-0x403f] claimed by PIIX4 ACPI
[    0.305578] pci 0000:00:07.0: quirk: [io  0x4100-0x410f] claimed by PIIX4 SMB
[    0.306186] pci 0000:00:08.0: [8086:100e] type 00 class 0x020000
[    0.306897] pci 0000:00:08.0: reg 0x10: [mem 0xf0820000-0xf083ffff]
[    0.308052] pci 0000:00:08.0: reg 0x18: [io  0xd060-0xd067]
[    0.311195] pci 0000:00:09.0: [8086:100e] type 00 class 0x020000
[    0.311899] pci 0000:00:09.0: reg 0x10: [mem 0xf0840000-0xf085ffff]
[    0.313649] pci 0000:00:09.0: reg 0x18: [io  0xd068-0xd06f]
[    0.322117] ACPI: PCI Interrupt Link [LNKA] (IRQs 5 9 10 *11)
[    0.322397] ACPI: PCI Interrupt Link [LNKB] (IRQs 5 9 *10 11)
[    0.325069] ACPI: PCI Interrupt Link [LNKC] (IRQs 5 *9 10 11)
[    0.325169] ACPI: PCI Interrupt Link [LNKD] (IRQs 5 9 10 *11)
[    0.325430] iommu: Default domain type: Translated 
[    0.325491] pci 0000:00:02.0: vgaarb: setting as boot VGA device
[    0.325493] pci 0000:00:02.0: vgaarb: VGA device added: decodes=io+mem,owns=io+mem,locks=none
[    0.325495] pci 0000:00:02.0: vgaarb: bridge control possible
[    0.325496] vgaarb: loaded
[    0.325709] SCSI subsystem initialized
[    0.325740] libata version 3.00 loaded.
[    0.325764] ACPI: bus type USB registered
[    0.325780] usbcore: registered new interface driver usbfs
[    0.325786] usbcore: registered new interface driver hub
[    0.325794] usbcore: registered new device driver usb
[    0.325819] pps_core: LinuxPPS API ver. 1 registered
[    0.325819] pps_core: Software ver. 5.3.6 - Copyright 2005-2007 Rodolfo Giometti <giometti@linux.it>
[    0.325821] PTP clock support registered
[    0.325857] EDAC MC: Ver: 3.0.0
[    0.326145] PCI: Using ACPI for IRQ routing
[    0.326146] PCI: pci_cache_line_size set to 64 bytes
[    0.326324] e820: reserve RAM buffer [mem 0x0009fc00-0x0009ffff]
[    0.326328] e820: reserve RAM buffer [mem 0x7fff0000-0x7fffffff]
[    0.327134] NetLabel: Initializing
[    0.327134] NetLabel:  domain hash size = 128
[    0.327135] NetLabel:  protocols = UNLABELED CIPSOv4 CALIPSO
[    0.327154] NetLabel:  unlabeled traffic allowed by default
[    0.328066] clocksource: Switched to clocksource kvm-clock
[    0.339490] *** VALIDATE bpf ***
[    0.339553] VFS: Disk quotas dquot_6.6.0
[    0.339565] VFS: Dquot-cache hash table entries: 512 (order 0, 4096 bytes)
[    0.339588] *** VALIDATE ramfs ***
[    0.339591] *** VALIDATE hugetlbfs ***
[    0.339673] AppArmor: AppArmor Filesystem Enabled
[    0.339700] pnp: PnP ACPI init
[    0.339770] pnp 00:00: Plug and Play ACPI device, IDs PNP0303 (active)
[    0.339876] pnp 00:01: Plug and Play ACPI device, IDs PNP0f03 (active)
[    0.340626] pnp: PnP ACPI: found 2 devices
[    0.341617] thermal_sys: Registered thermal governor 'fair_share'
[    0.341617] thermal_sys: Registered thermal governor 'bang_bang'
[    0.341618] thermal_sys: Registered thermal governor 'step_wise'
[    0.341618] thermal_sys: Registered thermal governor 'user_space'
[    0.341619] thermal_sys: Registered thermal governor 'power_allocator'
[    0.346149] clocksource: acpi_pm: mask: 0xffffff max_cycles: 0xffffff, max_idle_ns: 2085701024 ns
[    0.346189] pci_bus 0000:00: resource 4 [io  0x0000-0x0cf7 window]
[    0.346190] pci_bus 0000:00: resource 5 [io  0x0d00-0xffff window]
[    0.346192] pci_bus 0000:00: resource 6 [mem 0x000a0000-0x000bffff window]
[    0.346193] pci_bus 0000:00: resource 7 [mem 0x80000000-0xfdffffff window]
[    0.346250] NET: Registered protocol family 2
[    0.346325] IP idents hash table entries: 32768 (order: 6, 262144 bytes, linear)
[    0.346727] MPTCP tokens hash table entries: 8192 (order: 4, 65536 bytes, linear)
[    0.346747] MPTCP request tokens hash table entries: 8192 (order: 4, 65536 bytes, linear)
[    0.346772] default registered
[    0.346773] default registered
[    0.346773] MPTCP: Stable release v0.96
[    0.346778] tcp_listen_portaddr_hash hash table entries: 1024 (order: 2, 16384 bytes, linear)
[    0.346857] TCP established hash table entries: 16384 (order: 5, 131072 bytes, linear)
[    0.346922] TCP bind hash table entries: 16384 (order: 6, 262144 bytes, linear)
[    0.346947] TCP: Hash tables configured (established 16384 bind 16384)
[    0.347673] UDP hash table entries: 1024 (order: 3, 32768 bytes, linear)
[    0.347685] UDP-Lite hash table entries: 1024 (order: 3, 32768 bytes, linear)
[    0.347720] NET: Registered protocol family 1
[    0.347730] NET: Registered protocol family 44
[    0.347753] pci 0000:00:00.0: Limiting direct PCI/PCI transfers
[    0.347765] pci 0000:00:01.0: Activating ISA DMA hang workarounds
[    0.347817] pci 0000:00:02.0: Video device with shadowed ROM at [mem 0x000c0000-0x000dffff]
[    0.347881] PCI: CLS 0 bytes, default 64
[    0.347929] Trying to unpack rootfs image as initramfs...
[    0.519588] Freeing initrd memory: 47868K
[    0.519588] clocksource: tsc: mask: 0xffffffffffffffff max_cycles: 0x1e4530a99b6, max_idle_ns: 440795257976 ns
[    0.519588] clocksource: Switched to clocksource tsc
[    0.519588] platform rtc_cmos: registered platform RTC device (no PNP device found)
[    0.519588] check: Scanning for low memory corruption every 60 seconds
[    0.519588] Initialise system trusted keyrings
[    0.519588] Key type blacklist registered
[    0.519588] workingset: timestamp_bits=36 max_order=19 bucket_order=0
[    0.519588] zbud: loaded
[    0.519588] squashfs: version 4.0 (2009/01/31) Phillip Lougher
[    0.519588] fuse: init (API version 7.31)
[    0.519588] *** VALIDATE fuse ***
[    0.519588] *** VALIDATE fuse ***
[    0.519588] Platform Keyring initialized
[    0.534499] Key type asymmetric registered
[    0.534500] Asymmetric key parser 'x509' registered
[    0.534509] Block layer SCSI generic (bsg) driver version 0.4 loaded (major 244)
[    0.534547] io scheduler mq-deadline registered
[    0.534670] shpchp: Standard Hot Plug PCI Controller Driver version: 0.4
[    0.534879] ACPI: AC Adapter [AC] (on-line)
[    0.534924] input: Power Button as /devices/LNXSYSTM:00/LNXPWRBN:00/input/input0
[    0.534953] ACPI: Power Button [PWRF]
[    0.535042] input: Sleep Button as /devices/LNXSYSTM:00/LNXSLPBN:00/input/input1
[    0.535057] ACPI: Sleep Button [SLPF]
[    0.535312] Serial: 8250/16550 driver, 32 ports, IRQ sharing enabled
[    0.536467] Linux agpgart interface v0.103
[    0.631145] loop: module loaded
[    0.631304] ata_piix 0000:00:01.1: version 2.13
[    0.631717] scsi host0: ata_piix
[    0.631808] scsi host1: ata_piix
[    0.631834] ata1: PATA max UDMA/33 cmd 0x1f0 ctl 0x3f6 bmdma 0xd000 irq 14
[    0.631835] ata2: PATA max UDMA/33 cmd 0x170 ctl 0x376 bmdma 0xd008 irq 15
[    0.631921] tun: Universal TUN/TAP device driver, 1.6
[    0.632227] PPP generic driver version 2.4.2
[    0.632270] VFIO - User Level meta-driver version: 0.3
[    0.632505] ehci_hcd: USB 2.0 'Enhanced' Host Controller (EHCI) Driver
[    0.632510] ehci-pci: EHCI PCI platform driver
[    0.632525] ehci-platform: EHCI generic platform driver
[    0.632531] ohci_hcd: USB 1.1 'Open' Host Controller (OHCI) Driver
[    0.632533] ohci-pci: OHCI PCI platform driver
[    0.632540] ohci-platform: OHCI generic platform driver
[    0.632544] uhci_hcd: USB Universal Host Controller Interface driver
[    0.632610] i8042: PNP: PS/2 Controller [PNP0303:PS2K,PNP0f03:PS2M] at 0x60,0x64 irq 1,12
[    0.633044] serio: i8042 KBD port at 0x60,0x64 irq 1
[    0.633048] serio: i8042 AUX port at 0x60,0x64 irq 12
[    0.633134] mousedev: PS/2 mouse device common for all mice
[    0.633387] input: AT Translated Set 2 keyboard as /devices/platform/i8042/serio0/input/input2
[    0.633786] rtc_cmos rtc_cmos: registered as rtc0
[    0.633799] rtc_cmos rtc_cmos: alarms up to one day, 114 bytes nvram
[    0.633805] i2c /dev entries driver
[    0.633849] device-mapper: uevent: version 1.0.3
[    0.633892] device-mapper: ioctl: 4.41.0-ioctl (2019-09-16) initialised: dm-devel@redhat.com
[    0.633908] platform eisa.0: Probing EISA bus 0
[    0.633909] platform eisa.0: EISA: Cannot allocate resource for mainboard
[    0.633910] platform eisa.0: Cannot allocate resource for EISA slot 1
[    0.633911] platform eisa.0: Cannot allocate resource for EISA slot 2
[    0.633912] platform eisa.0: Cannot allocate resource for EISA slot 3
[    0.633913] platform eisa.0: Cannot allocate resource for EISA slot 4
[    0.633914] platform eisa.0: Cannot allocate resource for EISA slot 5
[    0.633915] platform eisa.0: Cannot allocate resource for EISA slot 6
[    0.633916] platform eisa.0: Cannot allocate resource for EISA slot 7
[    0.633917] platform eisa.0: Cannot allocate resource for EISA slot 8
[    0.633918] platform eisa.0: EISA: Detected 0 cards
[    0.633921] intel_pstate: CPU model not supported
[    0.633930] ledtrig-cpu: registered to indicate activity on CPUs
[    0.633985] drop_monitor: Initializing network drop monitor service
[    0.634144] NET: Registered protocol family 10
[    0.639125] Segment Routing with IPv6
[    0.639125] fullmesh registered
[    0.639125] ndiffports registered
[    0.639125] binder registered
[    0.639125] roundrobin registered
[    0.639125] redundant registered
[    0.639125] blest registered
[    0.639125] ecf registered
[    0.639125] NET: Registered protocol family 17
[    0.639125] Key type dns_resolver registered
[    0.639125] RAS: Correctable Errors collector initialized.
[    0.639125] IPI shorthand broadcast: enabled
[    0.639125] sched_clock: Marking stable (624014763, 11111083)->(637548227, -2422381)
[    0.639522] registered taskstats version 1
[    0.639531] Loading compiled-in X.509 certificates
[    0.640118] Loaded X.509 cert 'Build time autogenerated kernel key: 6909f3744cebb3d0de528d5887b96a727de79b1e'
[    0.640137] zswap: loaded using pool lzo/zbud
[    0.640190] Key type ._fscrypt registered
[    0.640190] Key type .fscrypt registered
[    0.644734] Key type big_key registered
[    0.646988] Key type encrypted registered
[    0.646990] AppArmor: AppArmor sha1 policy hashing enabled
[    0.646998] ima: No TPM chip found, activating TPM-bypass!
[    0.647002] ima: Allocated hash algorithm: sha1
[    0.647007] ima: No architecture policies found
[    0.647016] evm: Initialising EVM extended attributes:
[    0.647017] evm: security.selinux
[    0.647018] evm: security.SMACK64
[    0.647018] evm: security.SMACK64EXEC
[    0.647018] evm: security.SMACK64TRANSMUTE
[    0.647019] evm: security.SMACK64MMAP
[    0.647019] evm: security.apparmor
[    0.647020] evm: security.ima
[    0.647020] evm: security.capability
[    0.647021] evm: HMAC attrs: 0x1
[    0.647334] PM:   Magic number: 10:813:904
[    0.647442] rtc_cmos rtc_cmos: setting system clock to 2026-01-17T21:51:58 UTC (1768686718)
[    0.802930] ata1.00: ATA-6: VBOX HARDDISK, 1.0, max UDMA/133
[    0.802932] ata1.00: 209715200 sectors, multi 128: LBA 
[    0.803414] scsi 0:0:0:0: Direct-Access     ATA      VBOX HARDDISK    1.0  PQ: 0 ANSI: 5
[    0.803607] sd 0:0:0:0: [sda] 209715200 512-byte logical blocks: (107 GB/100 GiB)
[    0.803615] sd 0:0:0:0: [sda] Write Protect is off
[    0.803617] sd 0:0:0:0: [sda] Mode Sense: 00 3a 00 00
[    0.803629] sd 0:0:0:0: [sda] Write cache: enabled, read cache: enabled, doesn't support DPO or FUA
[    0.803840] sd 0:0:0:0: Attached scsi generic sg0 type 0
[    0.804501]  sda: sda1 sda2
[    0.815241] sd 0:0:0:0: [sda] Attached SCSI disk
[    0.817265] Freeing unused decrypted memory: 2040K
[    0.817982] Freeing unused kernel image memory: 2728K
[    0.817984] Write protecting the kernel read-only data: 22528k
[    0.818686] Freeing unused kernel image memory: 2036K
[    0.819092] Freeing unused kernel image memory: 1432K
[    0.834270] x86/mm: Checked W+X mappings: passed, no W+X pages found.
[    0.834273] Run /init as init process
[    0.925507] ACPI: Video Device [GFX0] (multi-head: yes  rom: no  post: no)
[    0.925577] input: Video Bus as /devices/LNXSYSTM:00/LNXSYBUS:00/PNP0A03:00/LNXVIDEO:00/input/input4
[    0.936658] pcnet32: pcnet32.c:v1.35 21.Apr.2008 tsbogend@alpha.franken.de
[    0.938235] piix4_smbus 0000:00:07.0: SMBus Host Controller at 0x4100, revision 0
[    0.942339] e1000: Intel(R) PRO/1000 Network Driver - version 7.3.21-k8-NAPI
[    0.942340] e1000: Copyright (c) 1999-2006 Intel Corporation.
[    0.952984] pcnet32: PCnet/FAST III 79C973 at 0xd020, 08:00:27:11:9f:0d assigned IRQ 19
[    0.953028] pcnet32: Found PHY 0022:561b at address 0
[    0.953323] pcnet32: eth0: registered as PCnet/FAST III 79C973
[    0.953343] pcnet32: 1 cards_found
[    1.018946] pcnet32 0000:00:03.0 enp0s3: renamed from eth0
[    1.157966] input: ImExPS/2 Generic Explorer Mouse as /devices/platform/i8042/serio1/input/input5
[    1.351839] e1000 0000:00:08.0 eth0: (PCI:33MHz:32-bit) 08:00:27:71:c4:6d
[    1.351844] e1000 0000:00:08.0 eth0: Intel(R) PRO/1000 Network Connection
[    1.735928] e1000 0000:00:09.0 eth1: (PCI:33MHz:32-bit) 08:00:27:54:a9:d1
[    1.735931] e1000 0000:00:09.0 eth1: Intel(R) PRO/1000 Network Connection
[    1.737210] e1000 0000:00:09.0 enp0s9: renamed from eth1
[    1.739156] e1000 0000:00:08.0 enp0s8: renamed from eth0
[    1.893921] EXT4-fs (sda2): mounted filesystem with ordered data mode. Opts: (null)
[    1.990755] systemd[1]: Inserted module 'autofs4'
[    2.003193] systemd[1]: systemd 245.4-4ubuntu3 running in system mode. (+PAM +AUDIT +SELINUX +IMA +APPARMOR +SMACK +SYSVINIT +UTMP +LIBCRYPTSETUP +GCRYPT +GNUTLS +ACL +XZ +LZ4 +SECCOMP +BLKID +ELFUTILS +KMOD +IDN2 -IDN +PCRE2 default-hierarchy=hybrid)
[    2.003233] systemd[1]: Detected virtualization oracle.
[    2.003236] systemd[1]: Detected architecture x86-64.
[    2.004571] systemd[1]: Set hostname to <ztg>.
[    2.139291] systemd[1]: /lib/systemd/system/dbus.socket:5: ListenStream= references a path below legacy directory /var/run/, updating /var/run/dbus/system_bus_socket â†’ /run/dbus/system_bus_socket; please update the unit file accordingly.
[    2.193727] systemd[1]: Created slice system-modprobe.slice.
[    2.193926] systemd[1]: Created slice User and Session Slice.
[    2.193976] systemd[1]: Started Forward Password Requests to Wall Directory Watch.
[    2.194151] systemd[1]: Set up automount Arbitrary Executable File Formats File System Automount Point.
[    2.194186] systemd[1]: Reached target User and Group Name Lookups.
[    2.194196] systemd[1]: Reached target Remote File Systems.
[    2.194205] systemd[1]: Reached target Slices.
[    2.194785] systemd[1]: Listening on Syslog Socket.
[    2.194861] systemd[1]: Listening on fsck to fsckd communication Socket.
[    2.194904] systemd[1]: Listening on initctl Compatibility Named Pipe.
[    2.195056] systemd[1]: Listening on Journal Audit Socket.
[    2.195116] systemd[1]: Listening on Journal Socket (/dev/log).
[    2.195268] systemd[1]: Listening on Journal Socket.
[    2.195347] systemd[1]: Listening on udev Control Socket.
[    2.195392] systemd[1]: Listening on udev Kernel Socket.
[    2.196226] systemd[1]: Mounting Huge Pages File System...
[    2.197238] systemd[1]: Mounting POSIX Message Queue File System...
[    2.198250] systemd[1]: Mounting Kernel Debug File System...
[    2.199526] systemd[1]: Mounting Kernel Trace File System...
[    2.226386] systemd[1]: Starting Journal Service...
[    2.228931] systemd[1]: Starting Set the console keyboard layout...
[    2.237496] systemd[1]: Starting Create list of static device nodes for the current kernel...
[    2.243062] systemd[1]: Starting Load Kernel Module drm...
[    2.246611] systemd[1]: Condition check resulted in Set Up Additional Binary Formats being skipped.
[    2.246778] systemd[1]: Condition check resulted in File System Check on Root Device being skipped.
[    2.253853] systemd[1]: Starting Load Kernel Modules...
[    2.254705] systemd[1]: Starting Remount Root and Kernel File Systems...
[    2.298777] systemd[1]: Starting udev Coldplug all Devices...
[    2.311905] systemd[1]: Starting Uncomplicated firewall...
[    2.320437] systemd[1]: Mounted Huge Pages File System.
[    2.320534] systemd[1]: Mounted POSIX Message Queue File System.
[    2.320614] systemd[1]: Mounted Kernel Debug File System.
[    2.320692] systemd[1]: Mounted Kernel Trace File System.
[    2.321051] EXT4-fs (sda2): re-mounted. Opts: errors=remount-ro
[    2.322060] systemd[1]: Finished Create list of static device nodes for the current kernel.
[    2.323956] systemd[1]: modprobe@drm.service: Succeeded.
[    2.333079] systemd[1]: Finished Load Kernel Module drm.
[    2.333504] systemd[1]: Finished Remount Root and Kernel File Systems.
[    2.336016] systemd[1]: Finished Uncomplicated firewall.
[    2.353899] lp: driver loaded but no devices found
[    2.355217] systemd[1]: Condition check resulted in Rebuild Hardware Database being skipped.
[    2.355258] systemd[1]: Condition check resulted in Platform Persistent Storage Archival being skipped.
[    2.356008] systemd[1]: Starting Load/Save Random Seed...
[    2.362612] systemd[1]: Starting Create System Users...
[    2.369378] ppdev: user-space parallel port driver
[    2.376773] systemd[1]: Finished Load/Save Random Seed.
[    2.381548] systemd[1]: Finished Create System Users.
[    2.382307] systemd[1]: Starting Create Static Device Nodes in /dev...
[    2.431782] systemd[1]: Finished Create Static Device Nodes in /dev.
[    2.432750] systemd[1]: Starting udev Kernel Device Manager...
[    2.460275] systemd[1]: Finished udev Coldplug all Devices.
[    2.463567] [drm] DMA map mode: Caching DMA mappings.
[    2.463631] [drm] Capabilities:
[    2.463631] [drm]   Rect copy.
[    2.463632] [drm]   Cursor.
[    2.463632] [drm]   Cursor bypass.
[    2.463633] [drm]   Cursor bypass 2.
[    2.463633] [drm]   Alpha cursor.
[    2.463633] [drm]   Extended Fifo.
[    2.463634] [drm]   Pitchlock.
[    2.463634] [drm]   Irq mask.
[    2.463634] [drm]   GMR.
[    2.463635] [drm]   Traces.
[    2.463635] [drm]   GMR2.
[    2.463635] [drm]   Screen Object 2.
[    2.463636] [drm]   Command Buffers.
[    2.463636] [drm]   Command Buffers 2.
[    2.463636] [drm]   Guest Backed Resources.
[    2.463637] [drm] Max GMR ids is 8192
[    2.463638] [drm] Max number of GMR pages is 1048576
[    2.463639] [drm] Max dedicated hypervisor surface memory is 393216 kiB
[    2.463639] [drm] Maximum display memory size is 131072 kiB
[    2.463640] [drm] VRAM at 0xe0000000 size is 131072 kiB
[    2.463640] [drm] MMIO at 0xf0000000 size is 2048 kiB
[    2.464802] [TTM] Zone  kernel: Available graphics memory: 1011738 KiB
[    2.464803] [TTM] Initializing pool allocator
[    2.464806] [TTM] Initializing DMA pool allocator
[    2.464840] [drm] Supports vblank timestamp caching Rev 2 (21.10.2013).
[    2.464840] [drm] No driver support for vblank timestamp query.
[    2.465111] [drm] Screen Target Display device initialized
[    2.465329] [drm] width 720
[    2.465340] [drm] height 400
[    2.465343] [drm] bpp 32
[    2.465885] [drm] Fifo max 0x00200000 min 0x00001000 cap 0x00000355
[    2.466938] [drm] Using command buffers with DMA pool.
[    2.466942] [drm] DX: no.
[    2.466943] [drm] Atomic: yes.
[    2.466943] [drm] SM4_1: no.
[    2.466964] [drm:vmw_host_log [vmwgfx]] *ERROR* Failed to send host log message.
[    2.468223] [drm:vmw_host_log [vmwgfx]] *ERROR* Failed to send host log message.
[    2.480914] fbcon: svgadrmfb (fb0) is primary device
[    2.483047] Console: switching to colour frame buffer device 100x37
[    2.492992] [drm] Initialized vmwgfx 2.15.0 20180704 for 0000:00:02.0 on minor 0
[    2.496057] systemd[1]: Finished Load Kernel Modules.
[    2.497048] systemd[1]: Mounting FUSE Control File System...
[    2.498356] systemd[1]: Mounting Kernel Configuration File System...
[    2.516802] systemd[1]: Starting Apply Kernel Variables...
[    2.526743] systemd[1]: Mounted FUSE Control File System.
[    2.526815] systemd[1]: Condition check resulted in VMware vmblock fuse mount being skipped.
[    2.533248] systemd[1]: Finished Set the console keyboard layout.
[    2.533424] systemd[1]: Mounted Kernel Configuration File System.
[    2.533485] systemd[1]: Reached target Local File Systems (Pre).
[    2.540029] systemd[1]: Mounting Mount unit for bare, revision 5...
[    2.544993] systemd[1]: Mounting Mount unit for core18, revision 1705...
[    2.568088] systemd[1]: Mounting Mount unit for gnome-3-34-1804, revision 24...
[    2.578672] systemd[1]: Mounting Mount unit for gtk-common-themes, revision 1506...
[    2.583610] systemd[1]: Mounting Mount unit for gtk-common-themes, revision 1535...
[    2.593389] systemd[1]: Mounting Mount unit for snap-store, revision 433...
[    2.604653] systemd[1]: Mounting Mount unit for snapd, revision 7264...
[    2.627068] systemd[1]: Finished Apply Kernel Variables.
[    2.632150] systemd[1]: Mounted Mount unit for bare, revision 5.
[    2.632256] systemd[1]: Mounted Mount unit for core18, revision 1705.
[    2.632344] systemd[1]: Mounted Mount unit for gnome-3-34-1804, revision 24.
[    2.642831] systemd[1]: Mounted Mount unit for gtk-common-themes, revision 1506.
[    2.642929] systemd[1]: Mounted Mount unit for gtk-common-themes, revision 1535.
[    2.643674] systemd[1]: Started udev Kernel Device Manager.
[    2.645460] systemd[1]: Starting Show Plymouth Boot Screen...
[    2.649808] systemd[1]: Received SIGRTMIN+20 from PID 274 (plymouthd).
[    2.673788] systemd[1]: Started Show Plymouth Boot Screen.
[    2.674059] systemd[1]: Condition check resulted in Dispatch Password Requests to Console Directory Watch being skipped.
[    2.674159] systemd[1]: Started Forward Password Requests to Plymouth Directory Watch.
[    2.674239] systemd[1]: Reached target Local Encrypted Volumes.
[    2.709438] systemd[1]: Mounted Mount unit for snap-store, revision 433.
[    2.709711] systemd[1]: Mounted Mount unit for snapd, revision 7264.
[    2.709887] systemd[1]: Reached target Local File Systems.
[    2.712258] systemd[1]: Starting Load AppArmor profiles...
[    2.718828] systemd[1]: Starting Set console font and keymap...
[    2.726319] systemd[1]: Starting Tell Plymouth To Write Out Runtime Data...
[    2.729906] systemd[1]: Condition check resulted in Store a System Token in an EFI Variable being skipped.
[    2.729941] systemd[1]: Condition check resulted in Commit a transient machine-id on disk being skipped.
[    2.733896] systemd[1]: Finished Set console font and keymap.
[    2.739611] systemd[1]: Received SIGRTMIN+20 from PID 274 (plymouthd).
[    2.741250] systemd[1]: plymouth-read-write.service: Succeeded.
[    2.741512] systemd[1]: Finished Tell Plymouth To Write Out Runtime Data.
[    2.769473] audit: type=1400 audit(1768686720.616:2): apparmor="STATUS" operation="profile_load" profile="unconfined" name="nvidia_modprobe" pid=299 comm="apparmor_parser"
[    2.769476] audit: type=1400 audit(1768686720.616:3): apparmor="STATUS" operation="profile_load" profile="unconfined" name="nvidia_modprobe//kmod" pid=299 comm="apparmor_parser"
[    2.778533] audit: type=1400 audit(1768686720.624:4): apparmor="STATUS" operation="profile_load" profile="unconfined" name="/usr/sbin/tcpdump" pid=300 comm="apparmor_parser"
[    2.828480] audit: type=1400 audit(1768686720.672:5): apparmor="STATUS" operation="profile_load" profile="unconfined" name="/usr/bin/evince" pid=302 comm="apparmor_parser"
[    2.828482] audit: type=1400 audit(1768686720.672:6): apparmor="STATUS" operation="profile_load" profile="unconfined" name="/usr/bin/evince//sanitized_helper" pid=302 comm="apparmor_parser"
[    2.828484] audit: type=1400 audit(1768686720.672:7): apparmor="STATUS" operation="profile_load" profile="unconfined" name="/usr/bin/evince-previewer" pid=302 comm="apparmor_parser"
[    2.828485] audit: type=1400 audit(1768686720.672:8): apparmor="STATUS" operation="profile_load" profile="unconfined" name="/usr/bin/evince-previewer//sanitized_helper" pid=302 comm="apparmor_parser"
[    2.828487] audit: type=1400 audit(1768686720.672:9): apparmor="STATUS" operation="profile_load" profile="unconfined" name="/usr/bin/evince-thumbnailer" pid=302 comm="apparmor_parser"
[    2.844395] audit: type=1400 audit(1768686720.692:10): apparmor="STATUS" operation="profile_load" profile="unconfined" name="/usr/lib/cups/backend/cups-pdf" pid=303 comm="apparmor_parser"
[    2.923487] systemd[1]: Finished Load AppArmor profiles.
[    2.924499] systemd[1]: Starting Load AppArmor profiles managed internally by snapd...
[    2.995308] systemd[1]: Finished Load AppArmor profiles managed internally by snapd.
[    3.210310] systemd[1]: Started Journal Service.
[    3.220407] systemd-journald[229]: Received client request to flush runtime journal.
[    3.223427] systemd-journald[229]: File /var/log/journal/c455b248004a419c87ce85eea238d727/system.journal corrupted or uncleanly shut down, renaming and replacing.
[    4.587876] RAPL PMU: API unit is 2^-32 Joules, 0 fixed counters, 10737418240 ms ovfl timer
[    4.631997] cryptd: max_cpu_qlen set to 1000
[    4.716111] AVX2 version of gcm_enc/dec engaged.
[    4.716112] AES CTR mode by8 optimization enabled
[    5.524233] Adding 1998844k swap on /dev/sda1.  Priority:-2 extents:1 across:1998844k FS
[    7.304821] kauditd_printk_skb: 30 callbacks suppressed
[    7.304823] audit: type=1400 audit(1768686725.152:41): apparmor="DENIED" operation="capable" profile="/usr/sbin/cups-browsed" pid=497 comm="cups-browsed" capability=23  capname="sys_nice"
[    7.855197] pcnet32 0000:00:03.0 enp0s3: link up, 100Mbps, full-duplex
[    7.891882] e1000: enp0s8 NIC Link is Up 1000 Mbps Full Duplex, Flow Control: RX
[    7.892176] IPv6: ADDRCONF(NETDEV_CHANGE): enp0s8: link becomes ready
[    7.905450] e1000: enp0s9 NIC Link is Up 1000 Mbps Full Duplex, Flow Control: RX
[    7.905739] IPv6: ADDRCONF(NETDEV_CHANGE): enp0s9: link becomes ready
[    8.467461] device enp0s3 entered promiscuous mode
[    8.492178] audit: type=1400 audit(1768686726.336:42): apparmor="DENIED" operation="open" profile="/usr/sbin/tcpdump" name="/proc/sys/kernel/random/boot_id" pid=703 comm="tcpdump" requested_mask="r" denied_mask="r" fsuid=0 ouid=0
[    8.493869] audit: type=1400 audit(1768686726.336:43): apparmor="DENIED" operation="open" profile="/usr/sbin/tcpdump" name="/proc/sys/kernel/random/boot_id" pid=703 comm="tcpdump" requested_mask="r" denied_mask="r" fsuid=0 ouid=0
[    8.493921] audit: type=1400 audit(1768686726.336:44): apparmor="DENIED" operation="open" profile="/usr/sbin/tcpdump" name="/proc/sys/kernel/random/boot_id" pid=703 comm="tcpdump" requested_mask="r" denied_mask="r" fsuid=0 ouid=0
[    8.494527] audit: type=1400 audit(1768686726.344:45): apparmor="DENIED" operation="open" profile="/usr/sbin/tcpdump" name="/proc/sys/kernel/random/boot_id" pid=703 comm="tcpdump" requested_mask="r" denied_mask="r" fsuid=0 ouid=0
[    8.498910] audit: type=1400 audit(1768686726.348:46): apparmor="DENIED" operation="open" profile="/usr/sbin/tcpdump" name="/proc/sys/kernel/random/boot_id" pid=704 comm="tcpdump" requested_mask="r" denied_mask="r" fsuid=0 ouid=0
[    8.498981] audit: type=1400 audit(1768686726.348:47): apparmor="DENIED" operation="open" profile="/usr/sbin/tcpdump" name="/proc/sys/kernel/random/boot_id" pid=704 comm="tcpdump" requested_mask="r" denied_mask="r" fsuid=0 ouid=0
[    8.499019] audit: type=1400 audit(1768686726.348:48): apparmor="DENIED" operation="open" profile="/usr/sbin/tcpdump" name="/proc/sys/kernel/random/boot_id" pid=704 comm="tcpdump" requested_mask="r" denied_mask="r" fsuid=0 ouid=0
[    8.499037] audit: type=1400 audit(1768686726.348:49): apparmor="DENIED" operation="open" profile="/usr/sbin/tcpdump" name="/proc/sys/kernel/random/boot_id" pid=704 comm="tcpdump" requested_mask="r" denied_mask="r" fsuid=0 ouid=0
[   12.969826] rfkill: input handler disabled
[  181.611201] AAAAA-TCP_FORW: name:enp0s3: saddr:100932208: daddr:16783984
[  185.653972] AAAAA-TCP_FORW: name:enp0s3: saddr:100932208: daddr:16783984
[  185.816582] AAAAA-TCP_FORW: name:enp0s3: saddr:100932208: daddr:16783984
[  185.861950] AAAAA-TCP_FORW: name:enp0s3: saddr:100932208: daddr:16783984
[  186.136818] AAAAA-TCP_FORW: name:enp0s3: saddr:100932208: daddr:33561200
[  186.216069] AAAAA-TCP_FORW: name:enp0s3: saddr:100932208: daddr:16783984
[  186.339096] AAAAA-TCP_FORW: name:enp0s3: saddr:100932208: daddr:16783984
[  186.415256] AAAAA-TCP_FORW: name:enp0s3: saddr:100932208: daddr:33561200
[  186.546683] AAAAA-TCP_FORW: name:enp0s3: saddr:100932208: daddr:16783984
[  186.691174] AAAAA-TCP_FORW: name:enp0s3: saddr:100932208: daddr:16783984
[  186.824663] AAAAA-TCP_FORW: name:enp0s3: saddr:100932208: daddr:16783984
[  186.931684] AAAAA-TCP_FORW: name:enp0s3: saddr:100932208: daddr:16783984
[  187.108990] AAAAA-TCP_FORW: name:enp0s3: saddr:100932208: daddr:16783984
[  187.326385] AAAAA-TCP_FORW: name:enp0s3: saddr:100932208: daddr:33561200
[  187.356805] AAAAA-TCP_FORW: name:enp0s3: saddr:100932208: daddr:16783984
[  187.493367] AAAAA-TCP_FORW: name:enp0s3: saddr:100932208: daddr:33561200
[  187.596796] AAAAA-TCP_FORW: name:enp0s3: saddr:100932208: daddr:16783984
[  187.672197] AAAAA-TCP_FORW: name:enp0s3: saddr:100932208: daddr:16783984
[  187.801619] AAAAA-TCP_FORW: name:enp0s3: saddr:100932208: daddr:16783984
[  187.926091] AAAAA-TCP_FORW: name:enp0s3: saddr:100932208: daddr:16783984
[  188.126328] AAAAA-TCP_FORW: name:enp0s3: saddr:100932208: daddr:16783984
[  188.300490] AAAAA-TCP_FORW: name:enp0s3: saddr:100932208: daddr:16783984
[  188.488983] AAAAA-TCP_FORW: name:enp0s3: saddr:100932208: daddr:16783984
[  188.525345] AAAAA-TCP_FORW: name:enp0s3: saddr:100932208: daddr:16783984
[  188.632885] AAAAA-TCP_FORW: name:enp0s3: saddr:100932208: daddr:16783984
[  188.708307] AAAAA-TCP_FORW: name:enp0s3: saddr:100932208: daddr:16783984
[  188.791789] AAAAA-TCP_FORW: name:enp0s3: saddr:100932208: daddr:16783984
[  188.945769] AAAAA-TCP_FORW: name:enp0s3: saddr:100932208: daddr:33561200
[  189.095179] AAAAA-TCP_FORW: name:enp0s3: saddr:100932208: daddr:33561200
[  189.187843] AAAAA-TCP_FORW: name:enp0s3: saddr:100932208: daddr:33561200
[  189.298132] AAAAA-TCP_FORW: name:enp0s3: saddr:100932208: daddr:33561200
[  189.379877] AAAAA-TCP_FORW: name:enp0s3: saddr:100932208: daddr:33561200
[  189.536322] AAAAA-TCP_FORW: name:enp0s3: saddr:100932208: daddr:33561200
[  189.593310] AAAAA-TCP_FORW: name:enp0s3: saddr:100932208: daddr:33561200
[  189.663776] AAAAA-TCP_FORW: name:enp0s3: saddr:100932208: daddr:33561200
[  189.785727] AAAAA-TCP_FORW: name:enp0s3: saddr:100932208: daddr:33561200
[  189.913998] AAAAA-TCP_FORW: name:enp0s3: saddr:100932208: daddr:33561200
[  190.056805] AAAAA-TCP_FORW: name:enp0s3: saddr:100932208: daddr:16783984
[  190.159792] AAAAA-TCP_FORW: name:enp0s3: saddr:100932208: daddr:16783984
[  190.236336] AAAAA-TCP_FORW: name:enp0s3: saddr:100932208: daddr:16783984
[  190.509647] AAAAA-TCP_FORW: name:enp0s3: saddr:100932208: daddr:16783984
[  190.651921] AAAAA-TCP_FORW: name:enp0s3: saddr:100932208: daddr:16783984
[  190.801981] AAAAA-TCP_FORW: name:enp0s3: saddr:100932208: daddr:16783984
[  190.939168] AAAAA-TCP_FORW: name:enp0s3: saddr:100932208: daddr:16783984
[  191.084121] AAAAA-TCP_FORW: name:enp0s3: saddr:100932208: daddr:16783984
[  191.218510] AAAAA-TCP_FORW: name:enp0s3: saddr:100932208: daddr:16783984
[  191.408905] AAAAA-TCP_FORW: name:enp0s3: saddr:100932208: daddr:33561200
[  191.507475] AAAAA-TCP_FORW: name:enp0s3: saddr:100932208: daddr:16783984
[  191.606597] AAAAA-TCP_FORW: name:enp0s3: saddr:100932208: daddr:16783984
[  191.804181] AAAAA-TCP_FORW: name:enp0s3: saddr:100932208: daddr:16783984
[  191.910552] AAAAA-TCP_FORW: name:enp0s3: saddr:100932208: daddr:16783984
[  191.986495] AAAAA-TCP_FORW: name:enp0s3: saddr:100932208: daddr:16783984
[  192.107898] AAAAA-TCP_FORW: name:enp0s3: saddr:100932208: daddr:16783984
[  192.270580] AAAAA-TCP_FORW: name:enp0s3: saddr:100932208: daddr:16783984
[  192.374115] AAAAA-TCP_FORW: name:enp0s3: saddr:100932208: daddr:16783984
[  192.458777] AAAAA-TCP_FORW: name:enp0s3: saddr:100932208: daddr:16783984
[  192.532712] AAAAA-TCP_FORW: name:enp0s3: saddr:100932208: daddr:16783984
[  192.801002] AAAAA-TCP_FORW: name:enp0s3: saddr:100932208: daddr:16783984
[  192.975576] AAAAA-TCP_FORW: name:enp0s3: saddr:100932208: daddr:16783984
[  193.145944] AAAAA-TCP_FORW: name:enp0s3: saddr:100932208: daddr:33561200
[  193.277568] AAAAA-TCP_FORW: name:enp0s3: saddr:100932208: daddr:33561200
[  193.319845] AAAAA-TCP_FORW: name:enp0s3: saddr:100932208: daddr:33561200
[  193.374468] AAAAA-TCP_FORW: name:enp0s3: saddr:100932208: daddr:33561200
[  193.451206] AAAAA-TCP_FORW: name:enp0s3: saddr:100932208: daddr:33561200
[  193.508643] AAAAA-TCP_FORW: name:enp0s3: saddr:100932208: daddr:33561200
[  193.567515] AAAAA-TCP_FORW: name:enp0s3: saddr:100932208: daddr:33561200
[  193.626613] AAAAA-TCP_FORW: name:enp0s3: saddr:100932208: daddr:33561200
[  193.679286] AAAAA-TCP_FORW: name:enp0s3: saddr:100932208: daddr:33561200
[  193.882847] AAAAA-TCP_FORW: name:enp0s3: saddr:100932208: daddr:33561200
[  193.972773] AAAAA-TCP_FORW: name:enp0s3: saddr:100932208: daddr:33561200
[  194.049754] AAAAA-TCP_FORW: name:enp0s3: saddr:100932208: daddr:33561200
[  194.217051] AAAAA-TCP_FORW: name:enp0s3: saddr:100932208: daddr:33561200
[  194.358512] AAAAA-TCP_FORW: name:enp0s3: saddr:100932208: daddr:33561200
[  194.478541] AAAAA-TCP_FORW: name:enp0s3: saddr:100932208: daddr:33561200
[  194.613654] AAAAA-TCP_FORW: name:enp0s3: saddr:100932208: daddr:33561200
[  194.690011] AAAAA-TCP_FORW: name:enp0s3: saddr:100932208: daddr:33561200
[  194.751945] AAAAA-TCP_FORW: name:enp0s3: saddr:100932208: daddr:33561200
[  194.803997] AAAAA-TCP_FORW: name:enp0s3: saddr:100932208: daddr:33561200
[  194.983059] AAAAA-TCP_FORW: name:enp0s3: saddr:100932208: daddr:33561200
[  195.064216] AAAAA-TCP_FORW: name:enp0s3: saddr:100932208: daddr:16783984
[  195.115840] AAAAA-TCP_FORW: name:enp0s3: saddr:100932208: daddr:16783984
[  195.165291] AAAAA-TCP_FORW: name:enp0s3: saddr:100932208: daddr:16783984
[  195.224071] AAAAA-TCP_FORW: name:enp0s3: saddr:100932208: daddr:16783984
[  195.309737] AAAAA-TCP_FORW: name:enp0s3: saddr:100932208: daddr:16783984
[  195.372932] AAAAA-TCP_FORW: name:enp0s3: saddr:100932208: daddr:16783984
[  210.724443] AAAAA-TCP_FORW: name:enp0s3: saddr:16783984: daddr:100932208
[  210.918460] AAAAA-TCP_FORW: name:enp0s3: saddr:16783984: daddr:100932208
[  211.019165] AAAAA-TCP_FORW: name:enp0s3: saddr:16783984: daddr:100932208
[  211.093217] AAAAA-TCP_FORW: name:enp0s3: saddr:16783984: daddr:100932208
[  211.168849] AAAAA-TCP_FORW: name:enp0s3: saddr:16783984: daddr:100932208
[  211.335539] AAAAA-TCP_FORW: name:enp0s3: saddr:16783984: daddr:100932208
[  211.433240] AAAAA-TCP_FORW: name:enp0s3: saddr:16783984: daddr:100932208
[  211.630172] AAAAA-TCP_FORW: name:enp0s3: saddr:16783984: daddr:100932208
[  211.834449] AAAAA-TCP_FORW: name:enp0s3: saddr:16783984: daddr:100932208
[  211.870569] AAAAA-TCP_FORW: name:enp0s3: saddr:16783984: daddr:100932208
[  212.069954] AAAAA-TCP_FORW: name:enp0s3: saddr:16783984: daddr:100932208
[  212.164307] AAAAA-TCP_FORW: name:enp0s3: saddr:16783984: daddr:100932208
[  212.221156] AAAAA-TCP_FORW: name:enp0s3: saddr:16783984: daddr:100932208
[  212.361712] AAAAA-TCP_FORW: name:enp0s3: saddr:16783984: daddr:100932208
[  212.532130] AAAAA-TCP_FORW: name:enp0s3: saddr:16783984: daddr:100932208
[  212.625474] AAAAA-TCP_FORW: name:enp0s3: saddr:16783984: daddr:100932208
[  212.769430] AAAAA-TCP_FORW: name:enp0s3: saddr:16783984: daddr:100932208
[  212.943132] AAAAA-TCP_FORW: name:enp0s3: saddr:16783984: daddr:100932208
[  213.003875] AAAAA-TCP_FORW: name:enp0s3: saddr:33561200: daddr:100932208
[  213.041591] AAAAA-TCP_FORW: name:enp0s3: saddr:33561200: daddr:100932208
[  213.188418] AAAAA-TCP_FORW: name:enp0s3: saddr:33561200: daddr:100932208
[  213.255382] AAAAA-TCP_FORW: name:enp0s3: saddr:33561200: daddr:100932208
[  213.341693] AAAAA-TCP_FORW: name:enp0s3: saddr:33561200: daddr:100932208
[  213.438455] AAAAA-TCP_FORW: name:enp0s3: saddr:16783984: daddr:100932208
[  213.562642] AAAAA-TCP_FORW: name:enp0s3: saddr:16783984: daddr:100932208
[  213.702836] AAAAA-TCP_FORW: name:enp0s3: saddr:33561200: daddr:100932208
[  213.845828] AAAAA-TCP_FORW: name:enp0s3: saddr:16783984: daddr:100932208
[  213.974476] AAAAA-TCP_FORW: name:enp0s3: saddr:33561200: daddr:100932208
[  214.163685] AAAAA-TCP_FORW: name:enp0s3: saddr:16783984: daddr:100932208
[  214.473542] AAAAA-TCP_FORW: name:enp0s3: saddr:16783984: daddr:100932208
[  214.655870] AAAAA-TCP_FORW: name:enp0s3: saddr:16783984: daddr:100932208
[  218.604131] AAAAA-TCP_FORW: name:enp0s3: saddr:100932208: daddr:16783984
[  219.258326] AAAAA-TCP_FORW: name:enp0s3: saddr:100932208: daddr:16783984
[  219.593638] AAAAA-TCP_FORW: name:enp0s3: saddr:100932208: daddr:16783984
[  220.170466] AAAAA-TCP_FORW: name:enp0s3: saddr:100932208: daddr:16783984
[  220.592541] AAAAA-TCP_FORW: name:enp0s3: saddr:100932208: daddr:16783984
[  221.016676] AAAAA-TCP_FORW: name:enp0s3: saddr:100932208: daddr:16783984
[  221.044438] AAAAA-TCP_FORW: name:enp0s3: saddr:16783984: daddr:100932208
[  221.434217] AAAAA-TCP_FORW: name:enp0s3: saddr:100932208: daddr:16783984
[  221.451434] AAAAA-TCP_FORW: name:enp0s3: saddr:100932208: daddr:16783984
[  222.106753] AAAAA-TCP_FORW: name:enp0s3: saddr:100932208: daddr:16783984
[  222.468472] AAAAA-TCP_FORW: name:enp0s3: saddr:100932208: daddr:16783984
[  222.536955] AAAAA-TCP_FORW: name:enp0s3: saddr:16783984: daddr:100932208
[  223.015712] AAAAA-TCP_FORW: name:enp0s3: saddr:16783984: daddr:100932208
[  223.760099] AAAAA-TCP_FORW: name:enp0s3: saddr:16783984: daddr:100932208
[  223.906729] AAAAA-TCP_FORW: name:enp0s3: saddr:16783984: daddr:100932208
[  224.320293] AAAAA-TCP_FORW: name:enp0s3: saddr:16783984: daddr:100932208
[  224.874272] AAAAA-TCP_FORW: name:enp0s3: saddr:16783984: daddr:100932208
[  225.378367] AAAAA-TCP_FORW: name:enp0s3: saddr:16783984: daddr:100932208
[  225.623887] AAAAA-TCP_FORW: name:enp0s3: saddr:16783984: daddr:100932208
[  225.767811] AAAAA-TCP_FORW: name:enp0s3: saddr:16783984: daddr:100932208
[  226.074262] AAAAA-TCP_FORW: name:enp0s3: saddr:16783984: daddr:100932208
[  226.567404] AAAAA-TCP_FORW: name:enp0s3: saddr:100932208: daddr:16783984
[  226.952882] AAAAA-TCP_FORW: name:enp0s3: saddr:100932208: daddr:16783984
[  227.150787] AAAAA-TCP_FORW: name:enp0s3: saddr:100932208: daddr:16783984
[  227.153974] AAAAA-TCP_FORW: name:enp0s3: saddr:100932208: daddr:16783984
[  227.282335] AAAAA-TCP_FORW: name:enp0s3: saddr:100932208: daddr:16783984
[  227.309073] AAAAA-TCP_FORW: name:enp0s3: saddr:100932208: daddr:16783984
[  227.478629] AAAAA-TCP_FORW: name:enp0s3: saddr:100932208: daddr:16783984
[  227.485284] AAAAA-TCP_FORW: name:enp0s3: saddr:100932208: daddr:16783984
[  227.628718] AAAAA-TCP_FORW: name:enp0s3: saddr:100932208: daddr:16783984
[  227.995260] AAAAA-TCP_FORW: name:enp0s3: saddr:100932208: daddr:16783984
[  228.077699] AAAAA-TCP_FORW: name:enp0s3: saddr:100932208: daddr:16783984
[  228.233804] AAAAA-TCP_FORW: name:enp0s3: saddr:100932208: daddr:16783984
[  228.281304] AAAAA-TCP_FORW: name:enp0s3: saddr:100932208: daddr:16783984
[  228.442000] AAAAA-TCP_FORW: name:enp0s3: saddr:100932208: daddr:16783984
[  228.573953] AAAAA-TCP_FORW: name:enp0s3: saddr:100932208: daddr:16783984
[  229.950758] AAAAA-TCP_FORW: name:enp0s3: saddr:16783984: daddr:100932208
[  233.590773] AAAAA-TCP_FORW: name:enp0s3: saddr:100932208: daddr:16783984
[  233.900510] AAAAA-TCP_FORW: name:enp0s3: saddr:100932208: daddr:16783984
[  234.055926] AAAAA-TCP_FORW: name:enp0s3: saddr:100932208: daddr:16783984
[  234.290779] AAAAA-TCP_FORW: name:enp0s3: saddr:100932208: daddr:16783984
[  234.480720] AAAAA-TCP_FORW: name:enp0s3: saddr:100932208: daddr:16783984
[  234.637787] AAAAA-TCP_FORW: name:enp0s3: saddr:100932208: daddr:16783984
[  234.684118] AAAAA-TCP_FORW: name:enp0s3: saddr:100932208: daddr:16783984
[  234.807408] AAAAA-TCP_FORW: name:enp0s3: saddr:100932208: daddr:16783984
[  234.935696] AAAAA-TCP_FORW: name:enp0s3: saddr:100932208: daddr:33561200
[  235.126251] AAAAA-TCP_FORW: name:enp0s3: saddr:100932208: daddr:33561200
[  235.131690] AAAAA-TCP_FORW: name:enp0s3: saddr:100932208: daddr:33561200
[  235.272609] AAAAA-TCP_FORW: name:enp0s3: saddr:100932208: daddr:33561200
[  235.385707] AAAAA-TCP_FORW: name:enp0s3: saddr:100932208: daddr:33561200
[  235.467050] AAAAA-TCP_FORW: name:enp0s3: saddr:100932208: daddr:33561200
[  235.527317] AAAAA-TCP_FORW: name:enp0s3: saddr:100932208: daddr:33561200
[  235.567380] AAAAA-TCP_FORW: name:enp0s3: saddr:100932208: daddr:33561200
[  235.640016] AAAAA-TCP_FORW: name:enp0s3: saddr:100932208: daddr:33561200
[  235.763760] AAAAA-TCP_FORW: name:enp0s3: saddr:100932208: daddr:33561200
[  235.834386] AAAAA-TCP_FORW: name:enp0s3: saddr:100932208: daddr:33561200
[  235.893036] AAAAA-TCP_FORW: name:enp0s3: saddr:100932208: daddr:33561200
[  235.943785] AAAAA-TCP_FORW: name:enp0s3: saddr:100932208: daddr:33561200
[  236.160832] AAAAA-TCP_FORW: name:enp0s3: saddr:100932208: daddr:33561200
[  236.178096] AAAAA-TCP_FORW: name:enp0s3: saddr:100932208: daddr:33561200
[  236.298772] AAAAA-TCP_FORW: name:enp0s3: saddr:100932208: daddr:33561200
[  236.308133] AAAAA-TCP_FORW: name:enp0s3: saddr:100932208: daddr:33561200
[  236.342174] AAAAA-TCP_FORW: name:enp0s3: saddr:100932208: daddr:33561200
[  236.451439] AAAAA-TCP_FORW: name:enp0s3: saddr:100932208: daddr:33561200
[  236.571484] AAAAA-TCP_FORW: name:enp0s3: saddr:100932208: daddr:33561200
[  236.580744] AAAAA-TCP_FORW: name:enp0s3: saddr:100932208: daddr:33561200
[  236.947037] AAAAA-TCP_FORW: name:enp0s3: saddr:100932208: daddr:16783984
[  236.950127] AAAAA-TCP_FORW: name:enp0s3: saddr:100932208: daddr:16783984
[  237.031370] AAAAA-TCP_FORW: name:enp0s3: saddr:100932208: daddr:16783984
[  237.034546] AAAAA-TCP_FORW: name:enp0s3: saddr:100932208: daddr:16783984
[  237.100047] AAAAA-TCP_FORW: name:enp0s3: saddr:100932208: daddr:16783984
[  237.216632] AAAAA-TCP_FORW: name:enp0s3: saddr:100932208: daddr:16783984
[  237.306622] AAAAA-TCP_FORW: name:enp0s3: saddr:100932208: daddr:16783984
[  237.449450] AAAAA-TCP_FORW: name:enp0s3: saddr:100932208: daddr:16783984
[  237.532391] AAAAA-TCP_FORW: name:enp0s3: saddr:100932208: daddr:16783984
[  237.688151] AAAAA-TCP_FORW: name:enp0s3: saddr:100932208: daddr:16783984
[  237.825123] AAAAA-TCP_FORW: name:enp0s3: saddr:100932208: daddr:16783984
[  238.110560] AAAAA-TCP_FORW: name:enp0s3: saddr:100932208: daddr:16783984
[  238.131386] AAAAA-TCP_FORW: name:enp0s3: saddr:100932208: daddr:33561200
[  238.198097] AAAAA-TCP_FORW: name:enp0s3: saddr:100932208: daddr:33561200
[  238.239221] AAAAA-TCP_FORW: name:enp0s3: saddr:100932208: daddr:33561200
[  239.607492] AAAAA-TCP_FORW: name:enp0s3: saddr:100932208: daddr:16783984
[  239.943818] AAAAA-TCP_FORW: name:enp0s3: saddr:100932208: daddr:16783984
[  240.133979] AAAAA-TCP_FORW: name:enp0s3: saddr:100932208: daddr:16783984
[  240.237195] AAAAA-TCP_FORW: name:enp0s3: saddr:100932208: daddr:16783984
[  240.295518] AAAAA-TCP_FORW: name:enp0s3: saddr:100932208: daddr:16783984
[  240.448434] AAAAA-TCP_FORW: name:enp0s3: saddr:100932208: daddr:16783984
[  240.898033] AAAAA-TCP_FORW: name:enp0s3: saddr:100932208: daddr:33561200
[  241.107414] AAAAA-TCP_FORW: name:enp0s3: saddr:100932208: daddr:33561200
[  241.381287] AAAAA-TCP_FORW: name:enp0s3: saddr:100932208: daddr:33561200
[  241.505394] AAAAA-TCP_FORW: name:enp0s3: saddr:100932208: daddr:33561200
[  241.620895] AAAAA-TCP_FORW: name:enp0s3: saddr:100932208: daddr:33561200
[  241.915998] AAAAA-TCP_FORW: name:enp0s3: saddr:100932208: daddr:33561200
[  242.100293] AAAAA-TCP_FORW: name:enp0s3: saddr:100932208: daddr:33561200
[  242.425773] AAAAA-TCP_FORW: name:enp0s3: saddr:100932208: daddr:33561200
[  242.712618] AAAAA-TCP_FORW: name:enp0s3: saddr:16783984: daddr:100932208
[  242.743434] AAAAA-TCP_FORW: name:enp0s3: saddr:100932208: daddr:33561200
[  243.139163] AAAAA-TCP_FORW: name:enp0s3: saddr:16783984: daddr:100932208
[  243.191335] AAAAA-TCP_FORW: name:enp0s3: saddr:100932208: daddr:33561200
[  243.328176] AAAAA-TCP_FORW: name:enp0s3: saddr:16783984: daddr:100932208
[  243.524662] AAAAA-TCP_FORW: name:enp0s3: saddr:16783984: daddr:100932208
[  243.583967] AAAAA-TCP_FORW: name:enp0s3: saddr:100932208: daddr:33561200
[  243.610073] AAAAA-TCP_FORW: name:enp0s3: saddr:16783984: daddr:100932208
[  243.759626] AAAAA-TCP_FORW: name:enp0s3: saddr:16783984: daddr:100932208
[  244.003732] AAAAA-TCP_FORW: name:enp0s3: saddr:100932208: daddr:33561200
[  244.033773] AAAAA-TCP_FORW: name:enp0s3: saddr:33561200: daddr:100932208
[  244.255881] AAAAA-TCP_FORW: name:enp0s3: saddr:100932208: daddr:33561200
[  244.287703] AAAAA-TCP_FORW: name:enp0s3: saddr:33561200: daddr:100932208
[  244.531708] AAAAA-TCP_FORW: name:enp0s3: saddr:100932208: daddr:33561200
[  244.556441] AAAAA-TCP_FORW: name:enp0s3: saddr:33561200: daddr:100932208
[  244.686477] AAAAA-TCP_FORW: name:enp0s3: saddr:33561200: daddr:100932208
[  244.783242] AAAAA-TCP_FORW: name:enp0s3: saddr:33561200: daddr:100932208
[  244.803227] AAAAA-TCP_FORW: name:enp0s3: saddr:100932208: daddr:33561200
[  244.879605] AAAAA-TCP_FORW: name:enp0s3: saddr:100932208: daddr:16783984
[  244.990652] AAAAA-TCP_FORW: name:enp0s3: saddr:33561200: daddr:100932208
[  245.262899] AAAAA-TCP_FORW: name:enp0s3: saddr:100932208: daddr:16783984
[  245.465447] AAAAA-TCP_FORW: name:enp0s3: saddr:100932208: daddr:16783984
[  245.729625] AAAAA-TCP_FORW: name:enp0s3: saddr:100932208: daddr:16783984
[  245.949365] AAAAA-TCP_FORW: name:enp0s3: saddr:100932208: daddr:16783984
[  246.151019] AAAAA-TCP_FORW: name:enp0s3: saddr:100932208: daddr:16783984
[  246.396779] AAAAA-TCP_FORW: name:enp0s3: saddr:100932208: daddr:16783984
[  247.290441] AAAAA-TCP_FORW: name:enp0s3: saddr:100932208: daddr:33561200
[  247.505186] AAAAA-TCP_FORW: name:enp0s3: saddr:100932208: daddr:33561200
[  247.629654] AAAAA-TCP_FORW: name:enp0s3: saddr:100932208: daddr:33561200
[  247.781136] AAAAA-TCP_FORW: name:enp0s3: saddr:100932208: daddr:33561200
[  247.868168] AAAAA-TCP_FORW: name:enp0s3: saddr:100932208: daddr:33561200
[  248.046091] AAAAA-TCP_FORW: name:enp0s3: saddr:100932208: daddr:33561200
[  248.214054] AAAAA-TCP_FORW: name:enp0s3: saddr:100932208: daddr:33561200
[  248.370025] AAAAA-TCP_FORW: name:enp0s3: saddr:100932208: daddr:33561200
[  248.770342] AAAAA-TCP_FORW: name:enp0s3: saddr:100932208: daddr:33561200
[  248.914318] AAAAA-TCP_FORW: name:enp0s3: saddr:100932208: daddr:33561200
[  248.997973] AAAAA-TCP_FORW: name:enp0s3: saddr:100932208: daddr:33561200
[  251.060869] AAAAA-TCP_FORW: name:enp0s3: saddr:100932208: daddr:16783984
[  251.579819] AAAAA-TCP_FORW: name:enp0s3: saddr:100932208: daddr:16783984
[  251.889642] AAAAA-TCP_FORW: name:enp0s3: saddr:100932208: daddr:16783984
[  252.074100] AAAAA-TCP_FORW: name:enp0s3: saddr:100932208: daddr:33561200
[  252.389452] AAAAA-TCP_FORW: name:enp0s3: saddr:100932208: daddr:33561200
[  252.692250] AAAAA-TCP_FORW: name:enp0s3: saddr:100932208: daddr:33561200
[  252.812854] AAAAA-TCP_FORW: name:enp0s3: saddr:100932208: daddr:33561200
[  253.374798] AAAAA-TCP_FORW: name:enp0s3: saddr:100932208: daddr:16783984
[  254.615657] AAAAA-TCP_FORW: name:enp0s3: saddr:100932208: daddr:16783984
[  255.275043] AAAAA-TCP_FORW: name:enp0s3: saddr:100932208: daddr:16783984
[  255.534300] AAAAA-TCP_FORW: name:enp0s3: saddr:100932208: daddr:33561200
[  256.331264] AAAAA-TCP_FORW: name:enp0s3: saddr:100932208: daddr:33561200
[  256.616776] AAAAA-TCP_FORW: name:enp0s3: saddr:100932208: daddr:33561200
[  256.696260] AAAAA-TCP_FORW: name:enp0s3: saddr:100932208: daddr:33561200
[  258.093628] AAAAA-TCP_FORW: name:enp0s3: saddr:100932208: daddr:33561200
[  258.376198] AAAAA-TCP_FORW: name:enp0s3: saddr:100932208: daddr:33561200
[  258.588174] AAAAA-TCP_FORW: name:enp0s3: saddr:100932208: daddr:33561200
[  258.683536] AAAAA-TCP_FORW: name:enp0s3: saddr:100932208: daddr:33561200
[  259.204770] AAAAA-TCP_FORW: name:enp0s3: saddr:100932208: daddr:16783984
[  260.785771] AAAAA-TCP_FORW: name:enp0s3: saddr:100932208: daddr:16783984
[  260.924464] AAAAA-TCP_FORW: name:enp0s3: saddr:100932208: daddr:16783984
[  261.090429] AAAAA-TCP_FORW: name:enp0s3: saddr:100932208: daddr:16783984
[  261.299311] AAAAA-TCP_FORW: name:enp0s3: saddr:100932208: daddr:33561200
[  261.425862] AAAAA-TCP_FORW: name:enp0s3: saddr:100932208: daddr:33561200
[  261.456030] AAAAA-TCP_FORW: name:enp0s3: saddr:100932208: daddr:33561200
[  261.618644] AAAAA-TCP_FORW: name:enp0s3: saddr:100932208: daddr:33561200
[  261.895664] AAAAA-TCP_FORW: name:enp0s3: saddr:100932208: daddr:33561200
[  262.044851] AAAAA-TCP_FORW: name:enp0s3: saddr:100932208: daddr:33561200
[  262.490924] AAAAA-TCP_FORW: name:enp0s3: saddr:100932208: daddr:33561200
[  262.714906] AAAAA-TCP_FORW: name:enp0s3: saddr:100932208: daddr:33561200
[  262.767201] AAAAA-TCP_FORW: name:enp0s3: saddr:100932208: daddr:33561200
[  262.837586] AAAAA-TCP_FORW: name:enp0s3: saddr:100932208: daddr:33561200
[  262.946698] AAAAA-TCP_FORW: name:enp0s3: saddr:100932208: daddr:16783984
[  263.744553] AAAAA-TCP_FORW: name:enp0s3: saddr:100932208: daddr:33561200
[  263.963664] AAAAA-TCP_FORW: name:enp0s3: saddr:100932208: daddr:33561200
[  264.110151] AAAAA-TCP_FORW: name:enp0s3: saddr:100932208: daddr:33561200
[  264.517649] AAAAA-TCP_FORW: name:enp0s3: saddr:100932208: daddr:33561200
[  264.873135] AAAAA-TCP_FORW: name:enp0s3: saddr:100932208: daddr:33561200
[  265.005461] AAAAA-TCP_FORW: name:enp0s3: saddr:100932208: daddr:33561200
[  265.135385] AAAAA-TCP_FORW: name:enp0s3: saddr:100932208: daddr:33561200
[  265.251733] AAAAA-TCP_FORW: name:enp0s3: saddr:100932208: daddr:33561200
[  265.576701] AAAAA-TCP_FORW: name:enp0s3: saddr:100932208: daddr:33561200
[  265.683235] AAAAA-TCP_FORW: name:enp0s3: saddr:100932208: daddr:33561200
[  265.824145] AAAAA-TCP_FORW: name:enp0s3: saddr:100932208: daddr:16783984
[  266.143086] AAAAA-TCP_FORW: name:enp0s3: saddr:100932208: daddr:33561200
[  266.248854] AAAAA-TCP_FORW: name:enp0s3: saddr:100932208: daddr:33561200
[  266.485000] AAAAA-TCP_FORW: name:enp0s3: saddr:100932208: daddr:33561200
[  266.708163] AAAAA-TCP_FORW: name:enp0s3: saddr:100932208: daddr:33561200
[  266.780870] AAAAA-TCP_FORW: name:enp0s3: saddr:100932208: daddr:33561200
[  266.984793] AAAAA-TCP_FORW: name:enp0s3: saddr:100932208: daddr:33561200
[  267.191368] AAAAA-TCP_FORW: name:enp0s3: saddr:100932208: daddr:33561200
[  267.459801] AAAAA-TCP_FORW: name:enp0s3: saddr:100932208: daddr:33561200
[  267.582831] AAAAA-TCP_FORW: name:enp0s3: saddr:100932208: daddr:33561200
[  267.729701] AAAAA-TCP_FORW: name:enp0s3: saddr:100932208: daddr:33561200
[  267.934093] AAAAA-TCP_FORW: name:enp0s3: saddr:100932208: daddr:33561200
[  268.070422] AAAAA-TCP_FORW: name:enp0s3: saddr:100932208: daddr:16783984
[  268.559121] AAAAA-TCP_FORW: name:enp0s3: saddr:100932208: daddr:33561200
[  268.895024] AAAAA-TCP_FORW: name:enp0s3: saddr:100932208: daddr:33561200
[  269.125881] AAAAA-TCP_FORW: name:enp0s3: saddr:100932208: daddr:33561200
[  269.546865] AAAAA-TCP_FORW: name:enp0s3: saddr:100932208: daddr:33561200
[  269.872832] AAAAA-TCP_FORW: name:enp0s3: saddr:100932208: daddr:33561200
[  270.020594] AAAAA-TCP_FORW: name:enp0s3: saddr:100932208: daddr:33561200
[  270.051483] AAAAA-TCP_FORW: name:enp0s3: saddr:100932208: daddr:16783984
[  270.256024] AAAAA-TCP_FORW: name:enp0s3: saddr:100932208: daddr:33561200
[  270.503725] AAAAA-TCP_FORW: name:enp0s3: saddr:100932208: daddr:33561200
[  270.541514] AAAAA-TCP_FORW: name:enp0s3: saddr:100932208: daddr:33561200
[  270.594431] AAAAA-TCP_FORW: name:enp0s3: saddr:100932208: daddr:33561200
[  270.797324] AAAAA-TCP_FORW: name:enp0s3: saddr:100932208: daddr:33561200
[  270.911520] AAAAA-TCP_FORW: name:enp0s3: saddr:100932208: daddr:33561200
[  271.052012] AAAAA-TCP_FORW: name:enp0s3: saddr:100932208: daddr:16783984
[  271.160951] AAAAA-TCP_FORW: name:enp0s3: saddr:100932208: daddr:33561200
[  271.244793] AAAAA-TCP_FORW: name:enp0s3: saddr:100932208: daddr:33561200
[  271.398298] AAAAA-TCP_FORW: name:enp0s3: saddr:100932208: daddr:33561200
[  271.409596] AAAAA-TCP_FORW: name:enp0s3: saddr:100932208: daddr:33561200
[  271.570871] AAAAA-TCP_FORW: name:enp0s3: saddr:100932208: daddr:33561200
[  271.620160] AAAAA-TCP_FORW: name:enp0s3: saddr:100932208: daddr:33561200
[  271.697840] AAAAA-TCP_FORW: name:enp0s3: saddr:100932208: daddr:33561200
[  271.744151] AAAAA-TCP_FORW: name:enp0s3: saddr:100932208: daddr:16783984
[  271.818300] AAAAA-TCP_FORW: name:enp0s3: saddr:100932208: daddr:33561200
[  271.872163] AAAAA-TCP_FORW: name:enp0s3: saddr:100932208: daddr:33561200
[  271.990120] AAAAA-TCP_FORW: name:enp0s3: saddr:100932208: daddr:33561200
[  272.075490] AAAAA-TCP_FORW: name:enp0s3: saddr:100932208: daddr:33561200
[  272.205144] AAAAA-TCP_FORW: name:enp0s3: saddr:100932208: daddr:33561200
[  272.284931] AAAAA-TCP_FORW: name:enp0s3: saddr:100932208: daddr:33561200
[  272.343257] AAAAA-TCP_FORW: name:enp0s3: saddr:100932208: daddr:33561200
[  272.363123] AAAAA-TCP_FORW: name:enp0s3: saddr:100932208: daddr:33561200
[  272.417275] AAAAA-TCP_FORW: name:enp0s3: saddr:100932208: daddr:16783984
[  272.494792] AAAAA-TCP_FORW: name:enp0s3: saddr:100932208: daddr:33561200
[  272.603736] AAAAA-TCP_FORW: name:enp0s3: saddr:100932208: daddr:33561200
[  272.677741] AAAAA-TCP_FORW: name:enp0s3: saddr:100932208: daddr:33561200
[  272.696462] AAAAA-TCP_FORW: name:enp0s3: saddr:100932208: daddr:33561200
[  272.767764] AAAAA-TCP_FORW: name:enp0s3: saddr:100932208: daddr:33561200
[  272.821200] AAAAA-TCP_FORW: name:enp0s3: saddr:100932208: daddr:33561200
[  272.892053] AAAAA-TCP_FORW: name:enp0s3: saddr:100932208: daddr:33561200
[  272.966340] AAAAA-TCP_FORW: name:enp0s3: saddr:100932208: daddr:33561200
[  273.048326] AAAAA-TCP_FORW: name:enp0s3: saddr:100932208: daddr:16783984
[  273.098807] AAAAA-TCP_FORW: name:enp0s3: saddr:100932208: daddr:16783984
[  273.174135] AAAAA-TCP_FORW: name:enp0s3: saddr:100932208: daddr:33561200
[  273.208104] AAAAA-TCP_FORW: name:enp0s3: saddr:100932208: daddr:33561200
[  273.296601] AAAAA-TCP_FORW: name:enp0s3: saddr:100932208: daddr:33561200
[  273.389654] AAAAA-TCP_FORW: name:enp0s3: saddr:100932208: daddr:33561200
[  273.477223] AAAAA-TCP_FORW: name:enp0s3: saddr:100932208: daddr:33561200
[  273.651478] AAAAA-TCP_FORW: name:enp0s3: saddr:100932208: daddr:33561200
[  273.755815] AAAAA-TCP_FORW: name:enp0s3: saddr:100932208: daddr:33561200
[  273.823527] AAAAA-TCP_FORW: name:enp0s3: saddr:100932208: daddr:33561200
[  273.906012] AAAAA-TCP_FORW: name:enp0s3: saddr:100932208: daddr:33561200
[  273.961810] AAAAA-TCP_FORW: name:enp0s3: saddr:100932208: daddr:16783984
[  273.988277] AAAAA-TCP_FORW: name:enp0s3: saddr:100932208: daddr:16783984
[  274.118479] AAAAA-TCP_FORW: name:enp0s3: saddr:100932208: daddr:33561200
[  274.193628] AAAAA-TCP_FORW: name:enp0s3: saddr:100932208: daddr:33561200
[  274.299618] AAAAA-TCP_FORW: name:enp0s3: saddr:100932208: daddr:33561200
[  274.372755] AAAAA-TCP_FORW: name:enp0s3: saddr:100932208: daddr:33561200
[  274.534087] AAAAA-TCP_FORW: name:enp0s3: saddr:100932208: daddr:33561200
[  274.633340] AAAAA-TCP_FORW: name:enp0s3: saddr:100932208: daddr:33561200
[  274.667235] AAAAA-TCP_FORW: name:enp0s3: saddr:100932208: daddr:33561200
[  274.738150] AAAAA-TCP_FORW: name:enp0s3: saddr:100932208: daddr:33561200
[  274.802918] AAAAA-TCP_FORW: name:enp0s3: saddr:100932208: daddr:16783984
[  274.897459] AAAAA-TCP_FORW: name:enp0s3: saddr:100932208: daddr:33561200
[  274.982834] AAAAA-TCP_FORW: name:enp0s3: saddr:100932208: daddr:16783984
[  275.078851] AAAAA-TCP_FORW: name:enp0s3: saddr:100932208: daddr:33561200
[  275.161007] AAAAA-TCP_FORW: name:enp0s3: saddr:100932208: daddr:33561200
[  275.272741] AAAAA-TCP_FORW: name:enp0s3: saddr:100932208: daddr:33561200
[  275.362300] AAAAA-TCP_FORW: name:enp0s3: saddr:100932208: daddr:33561200
[  275.407018] AAAAA-TCP_FORW: name:enp0s3: saddr:100932208: daddr:33561200
[  275.469384] AAAAA-TCP_FORW: name:enp0s3: saddr:100932208: daddr:33561200
[  275.555329] AAAAA-TCP_FORW: name:enp0s3: saddr:100932208: daddr:33561200
[  275.648128] AAAAA-TCP_FORW: name:enp0s3: saddr:100932208: daddr:33561200
[  275.693705] AAAAA-TCP_FORW: name:enp0s3: saddr:100932208: daddr:33561200
[  275.775486] AAAAA-TCP_FORW: name:enp0s3: saddr:100932208: daddr:16783984
[  275.836566] AAAAA-TCP_FORW: name:enp0s3: saddr:100932208: daddr:16783984
[  275.987455] AAAAA-TCP_FORW: name:enp0s3: saddr:100932208: daddr:33561200
[  276.133502] AAAAA-TCP_FORW: name:enp0s3: saddr:100932208: daddr:33561200
[  276.201160] AAAAA-TCP_FORW: name:enp0s3: saddr:100932208: daddr:33561200
[  276.442870] AAAAA-TCP_FORW: name:enp0s3: saddr:100932208: daddr:33561200
[  276.560431] AAAAA-TCP_FORW: name:enp0s3: saddr:100932208: daddr:33561200
[  276.682768] AAAAA-TCP_FORW: name:enp0s3: saddr:100932208: daddr:33561200
[  276.796696] AAAAA-TCP_FORW: name:enp0s3: saddr:100932208: daddr:33561200
[  276.868189] AAAAA-TCP_FORW: name:enp0s3: saddr:100932208: daddr:33561200
[  276.948527] AAAAA-TCP_FORW: name:enp0s3: saddr:100932208: daddr:33561200
[  277.071590] AAAAA-TCP_FORW: name:enp0s3: saddr:100932208: daddr:33561200
[  277.108143] AAAAA-TCP_FORW: name:enp0s3: saddr:100932208: daddr:16783984
[  277.234133] AAAAA-TCP_FORW: name:enp0s3: saddr:100932208: daddr:16783984
[  277.414664] AAAAA-TCP_FORW: name:enp0s3: saddr:100932208: daddr:33561200
[  277.549666] AAAAA-TCP_FORW: name:enp0s3: saddr:100932208: daddr:33561200
[  277.586858] AAAAA-TCP_FORW: name:enp0s3: saddr:100932208: daddr:33561200
[  277.658342] AAAAA-TCP_FORW: name:enp0s3: saddr:100932208: daddr:33561200
[  277.738648] AAAAA-TCP_FORW: name:enp0s3: saddr:100932208: daddr:33561200
[  277.778949] AAAAA-TCP_FORW: name:enp0s3: saddr:100932208: daddr:33561200
[  277.854708] AAAAA-TCP_FORW: name:enp0s3: saddr:100932208: daddr:33561200
[  278.014388] AAAAA-TCP_FORW: name:enp0s3: saddr:100932208: daddr:33561200
[  278.152695] AAAAA-TCP_FORW: name:enp0s3: saddr:100932208: daddr:33561200
[  278.286362] AAAAA-TCP_FORW: name:enp0s3: saddr:100932208: daddr:33561200
[  278.350594] AAAAA-TCP_FORW: name:enp0s3: saddr:100932208: daddr:33561200
[  278.382632] AAAAA-TCP_FORW: name:enp0s3: saddr:100932208: daddr:16783984
[  278.464739] AAAAA-TCP_FORW: name:enp0s3: saddr:100932208: daddr:16783984
[  278.546253] AAAAA-TCP_FORW: name:enp0s3: saddr:100932208: daddr:33561200
[  278.653506] AAAAA-TCP_FORW: name:enp0s3: saddr:100932208: daddr:33561200
[  278.720463] AAAAA-TCP_FORW: name:enp0s3: saddr:100932208: daddr:33561200
[  278.797785] AAAAA-TCP_FORW: name:enp0s3: saddr:100932208: daddr:33561200
[  278.856442] AAAAA-TCP_FORW: name:enp0s3: saddr:100932208: daddr:33561200
[  278.977895] AAAAA-TCP_FORW: name:enp0s3: saddr:100932208: daddr:33561200
[  279.067502] AAAAA-TCP_FORW: name:enp0s3: saddr:100932208: daddr:33561200
[  279.165295] AAAAA-TCP_FORW: name:enp0s3: saddr:100932208: daddr:33561200
[  279.214151] AAAAA-TCP_FORW: name:enp0s3: saddr:100932208: daddr:33561200
[  279.364092] AAAAA-TCP_FORW: name:enp0s3: saddr:100932208: daddr:33561200
[  279.442462] AAAAA-TCP_FORW: name:enp0s3: saddr:100932208: daddr:33561200
[  279.490703] AAAAA-TCP_FORW: name:enp0s3: saddr:100932208: daddr:16783984
[  279.631425] AAAAA-TCP_FORW: name:enp0s3: saddr:100932208: daddr:33561200
[  279.711564] AAAAA-TCP_FORW: name:enp0s3: saddr:100932208: daddr:16783984
[  279.762291] AAAAA-TCP_FORW: name:enp0s3: saddr:100932208: daddr:33561200
[  279.838775] AAAAA-TCP_FORW: name:enp0s3: saddr:100932208: daddr:33561200
[  279.930674] AAAAA-TCP_FORW: name:enp0s3: saddr:100932208: daddr:33561200
[  280.014299] AAAAA-TCP_FORW: name:enp0s3: saddr:100932208: daddr:33561200
[  280.070958] AAAAA-TCP_FORW: name:enp0s3: saddr:100932208: daddr:33561200
[  280.135175] AAAAA-TCP_FORW: name:enp0s3: saddr:100932208: daddr:33561200
[  280.255925] AAAAA-TCP_FORW: name:enp0s3: saddr:100932208: daddr:33561200
[  280.467213] AAAAA-TCP_FORW: name:enp0s3: saddr:100932208: daddr:33561200
[  280.632303] AAAAA-TCP_FORW: name:enp0s3: saddr:100932208: daddr:33561200
[  280.723424] AAAAA-TCP_FORW: name:enp0s3: saddr:100932208: daddr:33561200
[  280.808257] AAAAA-TCP_FORW: name:enp0s3: saddr:100932208: daddr:16783984
[  280.873718] AAAAA-TCP_FORW: name:enp0s3: saddr:100932208: daddr:33561200
[  280.947678] AAAAA-TCP_FORW: name:enp0s3: saddr:100932208: daddr:16783984
[  281.025732] AAAAA-TCP_FORW: name:enp0s3: saddr:100932208: daddr:33561200
[  281.122635] AAAAA-TCP_FORW: name:enp0s3: saddr:100932208: daddr:33561200
[  281.187391] AAAAA-TCP_FORW: name:enp0s3: saddr:100932208: daddr:33561200
[  281.246821] AAAAA-TCP_FORW: name:enp0s3: saddr:100932208: daddr:33561200
[  281.275216] AAAAA-TCP_FORW: name:enp0s3: saddr:100932208: daddr:33561200
[  455.652466] rfkill: input handler enabled
[  464.340393] rfkill: input handler disabled
[  639.906717] device enp0s3 left promiscuous mode
