[    0.000000] Linux version 5.4.243-mptcp (root@ztg) (gcc version 12.2.0 (Debian 12.2.0-14+deb12u1)) #53 SMP Wed Dec 24 23:28:15 CST 2025
[    0.000000] Command line: BOOT_IMAGE=/boot/vmlinuz-5.4.243-mptcp root=UUID=98415a12-53b7-4144-8265-0f7ece09e445 ro quiet splash
[    0.000000] KERNEL supported cpus:
[    0.000000]   Intel GenuineIntel
[    0.000000]   AMD AuthenticAMD
[    0.000000]   Hygon HygonGenuine
[    0.000000]   Centaur CentaurHauls
[    0.000000]   zhaoxin   Shanghai  
[    0.000000] x86/fpu: Supporting XSAVE feature 0x001: 'x87 floating point registers'
[    0.000000] x86/fpu: Supporting XSAVE feature 0x002: 'SSE registers'
[    0.000000] x86/fpu: Supporting XSAVE feature 0x004: 'AVX registers'
[    0.000000] x86/fpu: xstate_offset[2]:  576, xstate_sizes[2]:  256
[    0.000000] x86/fpu: Enabled xstate features 0x7, context size is 832 bytes, using 'standard' format.
[    0.000000] BIOS-provided physical RAM map:
[    0.000000] BIOS-e820: [mem 0x0000000000000000-0x000000000009fbff] usable
[    0.000000] BIOS-e820: [mem 0x000000000009fc00-0x000000000009ffff] reserved
[    0.000000] BIOS-e820: [mem 0x00000000000f0000-0x00000000000fffff] reserved
[    0.000000] BIOS-e820: [mem 0x0000000000100000-0x000000007ffeffff] usable
[    0.000000] BIOS-e820: [mem 0x000000007fff0000-0x000000007fffffff] ACPI data
[    0.000000] BIOS-e820: [mem 0x00000000fec00000-0x00000000fec00fff] reserved
[    0.000000] BIOS-e820: [mem 0x00000000fee00000-0x00000000fee00fff] reserved
[    0.000000] BIOS-e820: [mem 0x00000000fffc0000-0x00000000ffffffff] reserved
[    0.000000] NX (Execute Disable) protection: active
[    0.000000] SMBIOS 2.5 present.
[    0.000000] DMI: innotek GmbH VirtualBox/VirtualBox, BIOS VirtualBox 12/01/2006
[    0.000000] Hypervisor detected: KVM
[    0.000000] kvm-clock: Using msrs 4b564d01 and 4b564d00
[    0.000000] kvm-clock: cpu 0, msr 45001001, primary cpu clock
[    0.000000] kvm-clock: using sched offset of 4492313591 cycles
[    0.000003] clocksource: kvm-clock: mask: 0xffffffffffffffff max_cycles: 0x1cd42e4dffb, max_idle_ns: 881590591483 ns
[    0.000005] tsc: Detected 2100.000 MHz processor
[    0.001872] e820: update [mem 0x00000000-0x00000fff] usable ==> reserved
[    0.001874] e820: remove [mem 0x000a0000-0x000fffff] usable
[    0.001878] last_pfn = 0x7fff0 max_arch_pfn = 0x400000000
[    0.001950] MTRR default type: uncachable
[    0.001952] MTRR fixed ranges enabled:
[    0.001953]   00000-9FFFF write-back
[    0.001954]   A0000-BFFFF uncachable
[    0.001955]   C0000-FFFFF write-protect
[    0.001956] MTRR variable ranges enabled:
[    0.001958]   0 base 000000000000 mask 3FFF80000000 write-back
[    0.001958]   1 disabled
[    0.001959]   2 disabled
[    0.001959]   3 disabled
[    0.001960]   4 disabled
[    0.001960]   5 disabled
[    0.001960]   6 disabled
[    0.001961]   7 disabled
[    0.001961]   8 disabled
[    0.001962]   9 disabled
[    0.001962]   10 disabled
[    0.001963]   11 disabled
[    0.001963]   12 disabled
[    0.001963]   13 disabled
[    0.001964]   14 disabled
[    0.001964]   15 disabled
[    0.001982] x86/PAT: Configuration [0-7]: WB  WC  UC- UC  WB  WP  UC- WT  
[    0.002118] found SMP MP-table at [mem 0x0009fff0-0x0009ffff]
[    0.093135] check: Scanning 1 areas for low memory corruption
[    0.093303] RAMDISK: [mem 0x32271000-0x3512ffff]
[    0.093312] ACPI: Early table checksum verification disabled
[    0.093317] ACPI: RSDP 0x00000000000E0000 000024 (v02 VBOX  )
[    0.093321] ACPI: XSDT 0x000000007FFF0030 00003C (v01 VBOX   VBOXXSDT 00000001 ASL  00000061)
[    0.093327] ACPI: FACP 0x000000007FFF00F0 0000F4 (v04 VBOX   VBOXFACP 00000001 ASL  00000061)
[    0.093334] ACPI: DSDT 0x000000007FFF02E0 002353 (v02 VBOX   VBOXBIOS 00000002 VBOX 00029BF3)
[    0.093338] ACPI: FACS 0x000000007FFF0200 000040
[    0.093342] ACPI: FACS 0x000000007FFF0200 000040
[    0.093345] ACPI: APIC 0x000000007FFF0240 000054 (v02 VBOX   VBOXAPIC 00000001 ASL  00000061)
[    0.093349] ACPI: SSDT 0x000000007FFF02A0 000038 (v01 VBOX   VBOXCPUT 00000002 VBOX 00029BF3)
[    0.093352] ACPI: Reserving FACP table memory at [mem 0x7fff00f0-0x7fff01e3]
[    0.093353] ACPI: Reserving DSDT table memory at [mem 0x7fff02e0-0x7fff2632]
[    0.093353] ACPI: Reserving FACS table memory at [mem 0x7fff0200-0x7fff023f]
[    0.093354] ACPI: Reserving FACS table memory at [mem 0x7fff0200-0x7fff023f]
[    0.093355] ACPI: Reserving APIC table memory at [mem 0x7fff0240-0x7fff0293]
[    0.093356] ACPI: Reserving SSDT table memory at [mem 0x7fff02a0-0x7fff02d7]
[    0.093369] ACPI: Local APIC address 0xfee00000
[    0.093557] No NUMA configuration found
[    0.093558] Faking a node at [mem 0x0000000000000000-0x000000007ffeffff]
[    0.093568] NODE_DATA(0) allocated [mem 0x7ffc5000-0x7ffeffff]
[    0.093830] Zone ranges:
[    0.093831]   DMA      [mem 0x0000000000001000-0x0000000000ffffff]
[    0.093832]   DMA32    [mem 0x0000000001000000-0x000000007ffeffff]
[    0.093833]   Normal   empty
[    0.093834]   Device   empty
[    0.093834] Movable zone start for each node
[    0.093836] Early memory node ranges
[    0.093837]   node   0: [mem 0x0000000000001000-0x000000000009efff]
[    0.093838]   node   0: [mem 0x0000000000100000-0x000000007ffeffff]
[    0.093841] Zeroed struct page in unavailable ranges: 114 pages
[    0.093842] Initmem setup node 0 [mem 0x0000000000001000-0x000000007ffeffff]
[    0.093843] On node 0 totalpages: 524174
[    0.093845]   DMA zone: 64 pages used for memmap
[    0.093845]   DMA zone: 21 pages reserved
[    0.093846]   DMA zone: 3998 pages, LIFO batch:0
[    0.093918]   DMA32 zone: 8128 pages used for memmap
[    0.093919]   DMA32 zone: 520176 pages, LIFO batch:63
[    0.102855] ACPI: PM-Timer IO Port: 0x4008
[    0.102858] ACPI: Local APIC address 0xfee00000
[    0.102927] IOAPIC[0]: apic_id 1, version 32, address 0xfec00000, GSI 0-23
[    0.102930] ACPI: INT_SRC_OVR (bus 0 bus_irq 0 global_irq 2 dfl dfl)
[    0.102932] ACPI: INT_SRC_OVR (bus 0 bus_irq 9 global_irq 9 low level)
[    0.102934] ACPI: IRQ0 used by override.
[    0.102935] ACPI: IRQ9 used by override.
[    0.102938] Using ACPI (MADT) for SMP configuration information
[    0.102945] smpboot: Allowing 1 CPUs, 0 hotplug CPUs
[    0.102973] PM: Registered nosave memory: [mem 0x00000000-0x00000fff]
[    0.102974] PM: Registered nosave memory: [mem 0x0009f000-0x0009ffff]
[    0.102975] PM: Registered nosave memory: [mem 0x000a0000-0x000effff]
[    0.102976] PM: Registered nosave memory: [mem 0x000f0000-0x000fffff]
[    0.102978] [mem 0x80000000-0xfebfffff] available for PCI devices
[    0.102980] Booting paravirtualized kernel on KVM
[    0.102983] clocksource: refined-jiffies: mask: 0xffffffff max_cycles: 0xffffffff, max_idle_ns: 7645519600211568 ns
[    0.102988] setup_percpu: NR_CPUS:8192 nr_cpumask_bits:1 nr_cpu_ids:1 nr_node_ids:1
[    0.103995] percpu: Embedded 60 pages/cpu s208896 r8192 d28672 u2097152
[    0.104000] pcpu-alloc: s208896 r8192 d28672 u2097152 alloc=1*2097152
[    0.104000] pcpu-alloc: [0] 0 
[    0.104026] Built 1 zonelists, mobility grouping on.  Total pages: 515961
[    0.104027] Policy zone: DMA32
[    0.104028] Kernel command line: BOOT_IMAGE=/boot/vmlinuz-5.4.243-mptcp root=UUID=98415a12-53b7-4144-8265-0f7ece09e445 ro quiet splash
[    0.104872] Dentry cache hash table entries: 262144 (order: 9, 2097152 bytes, linear)
[    0.105022] Inode-cache hash table entries: 131072 (order: 8, 1048576 bytes, linear)
[    0.105072] mem auto-init: stack:off, heap alloc:on, heap free:off
[    0.105075] Calgary: detecting Calgary via BIOS EBDA area
[    0.105076] Calgary: Unable to locate Rio Grande table in EBDA - bailing!
[    0.109139] Memory: 1967332K/2096696K available (14339K kernel code, 2398K rwdata, 4712K rodata, 2728K init, 17260K bss, 129364K reserved, 0K cma-reserved)
[    0.110052] SLUB: HWalign=64, Order=0-3, MinObjects=0, CPUs=1, Nodes=1
[    0.110069] ftrace: allocating 43186 entries in 169 pages
[    0.128287] rcu: Hierarchical RCU implementation.
[    0.128289] rcu: 	RCU restricting CPUs from NR_CPUS=8192 to nr_cpu_ids=1.
[    0.128291] 	Tasks RCU enabled.
[    0.128292] rcu: RCU calculated value of scheduler-enlistment delay is 25 jiffies.
[    0.128293] rcu: Adjusting geometry for rcu_fanout_leaf=16, nr_cpu_ids=1
[    0.131260] NR_IRQS: 524544, nr_irqs: 256, preallocated irqs: 16
[    0.131470] random: crng init done
[    0.140885] Console: colour VGA+ 80x25
[    0.140889] printk: console [tty0] enabled
[    0.140907] ACPI: Core revision 20190816
[    0.141002] APIC: Switch to symmetric I/O mode setup
[    0.141269] x2apic enabled
[    0.141507] Switched APIC routing to physical x2apic.
[    0.142638] ..TIMER: vector=0x30 apic1=0 pin1=2 apic2=-1 pin2=-1
[    0.142664] clocksource: tsc-early: mask: 0xffffffffffffffff max_cycles: 0x1e4530a99b6, max_idle_ns: 440795257976 ns
[    0.142670] Calibrating delay loop (skipped) preset value.. 4200.00 BogoMIPS (lpj=8400000)
[    0.142672] pid_max: default: 32768 minimum: 301
[    0.142700] LSM: Security Framework initializing
[    0.142709] Yama: becoming mindful.
[    0.142735] AppArmor: AppArmor initialized
[    0.142769] Mount-cache hash table entries: 4096 (order: 3, 32768 bytes, linear)
[    0.142773] Mountpoint-cache hash table entries: 4096 (order: 3, 32768 bytes, linear)
[    0.142783] *** VALIDATE tmpfs ***
[    0.142912] *** VALIDATE proc ***
[    0.142951] *** VALIDATE cgroup1 ***
[    0.142953] *** VALIDATE cgroup2 ***
[    0.143092] process: using mwait in idle threads
[    0.143096] Last level iTLB entries: 4KB 64, 2MB 8, 4MB 8
[    0.143097] Last level dTLB entries: 4KB 64, 2MB 0, 4MB 0, 1GB 4
[    0.143117] Spectre V1 : Mitigation: usercopy/swapgs barriers and __user pointer sanitization
[    0.143122] Spectre V2 : Mitigation: Retpolines
[    0.143123] Spectre V2 : Spectre v2 / SpectreRSB mitigation: Filling RSB on context switch
[    0.143123] Spectre V2 : Spectre v2 / SpectreRSB : Filling RSB on VMEXIT
[    0.143124] RETBleed: WARNING: Spectre v2 mitigation leaves CPU vulnerable to RETBleed attacks, data leaks possible!
[    0.143507] RETBleed: Vulnerable
[    0.143508] Speculative Store Bypass: Vulnerable
[    0.143512] TAA: Mitigation: TSX disabled
[    0.143513] MMIO Stale Data: Mitigation: Clear CPU buffers
[    0.147726] Freeing SMP alternatives memory: 40K
[    0.259636] smpboot: CPU0: Intel(R) Xeon(R) Silver 4216 CPU @ 2.10GHz (family: 0x6, model: 0x55, stepping: 0x7)
[    0.259784] Performance Events: unsupported p6 CPU model 85 no PMU driver, software events only.
[    0.259822] rcu: Hierarchical SRCU implementation.
[    0.260303] NMI watchdog: Perf NMI watchdog permanently disabled
[    0.260341] smp: Bringing up secondary CPUs ...
[    0.260342] smp: Brought up 1 node, 1 CPU
[    0.260343] smpboot: Max logical packages: 1
[    0.260344] smpboot: Total of 1 processors activated (4200.00 BogoMIPS)
[    0.261365] devtmpfs: initialized
[    0.261418] x86/mm: Memory block size: 128MB
[    0.261841] clocksource: jiffies: mask: 0xffffffff max_cycles: 0xffffffff, max_idle_ns: 7645041785100000 ns
[    0.261848] futex hash table entries: 256 (order: 2, 16384 bytes, linear)
[    0.261895] pinctrl core: initialized pinctrl subsystem
[    0.261999] PM: RTC time: 21:52:37, date: 2026-01-17
[    0.262108] NET: Registered protocol family 16
[    0.262184] audit: initializing netlink subsys (disabled)
[    0.262327] EISA bus registered
[    0.262329] cpuidle: using governor ladder
[    0.262330] cpuidle: using governor menu
[    0.262375] ACPI: bus type PCI registered
[    0.262376] acpiphp: ACPI Hot Plug PCI Controller Driver version: 0.5
[    0.262487] PCI: Using configuration type 1 for base access
[    0.263260] audit: type=2000 audit(1768657963.859:1): state=initialized audit_enabled=0 res=1
[    0.263348] HugeTLB registered 2.00 MiB page size, pre-allocated 0 pages
[    0.264294] ACPI: Added _OSI(Module Device)
[    0.264294] ACPI: Added _OSI(Processor Device)
[    0.264295] ACPI: Added _OSI(3.0 _SCP Extensions)
[    0.264296] ACPI: Added _OSI(Processor Aggregator Device)
[    0.264297] ACPI: Added _OSI(Linux-Dell-Video)
[    0.264297] ACPI: Added _OSI(Linux-Lenovo-NV-HDMI-Audio)
[    0.264298] ACPI: Added _OSI(Linux-HPI-Hybrid-Graphics)
[    0.266465] ACPI: 2 ACPI AML tables successfully acquired and loaded
[    0.268133] ACPI: Interpreter enabled
[    0.268143] ACPI: (supports S0 S5)
[    0.268144] ACPI: Using IOAPIC for interrupt routing
[    0.268348] PCI: Using host bridge windows from ACPI; if necessary, use "pci=nocrs" and report a bug
[    0.268455] ACPI: Enabled 2 GPEs in block 00 to 07
[    0.273501] ACPI: PCI Root Bridge [PCI0] (domain 0000 [bus 00-ff])
[    0.273506] acpi PNP0A03:00: _OSC: OS supports [ASPM ClockPM Segments MSI HPX-Type3]
[    0.273950] acpi PNP0A03:00: _OSC: not requesting OS control; OS requires [ExtendedConfig ASPM ClockPM MSI]
[    0.273958] acpi PNP0A03:00: fail to add MMCONFIG information, can't access extended PCI configuration space under this bridge.
[    0.274334] PCI host bridge to bus 0000:00
[    0.274336] pci_bus 0000:00: root bus resource [io  0x0000-0x0cf7 window]
[    0.274337] pci_bus 0000:00: root bus resource [io  0x0d00-0xffff window]
[    0.274338] pci_bus 0000:00: root bus resource [mem 0x000a0000-0x000bffff window]
[    0.274339] pci_bus 0000:00: root bus resource [mem 0x80000000-0xfdffffff window]
[    0.274341] pci_bus 0000:00: root bus resource [bus 00-ff]
[    0.274386] pci 0000:00:00.0: [8086:1237] type 00 class 0x060000
[    0.275388] pci 0000:00:01.0: [8086:7000] type 00 class 0x060100
[    0.276156] pci 0000:00:01.1: [8086:7111] type 00 class 0x01018a
[    0.276528] pci 0000:00:01.1: reg 0x20: [io  0xd000-0xd00f]
[    0.276681] pci 0000:00:01.1: legacy IDE quirk: reg 0x10: [io  0x01f0-0x01f7]
[    0.276682] pci 0000:00:01.1: legacy IDE quirk: reg 0x14: [io  0x03f6]
[    0.276683] pci 0000:00:01.1: legacy IDE quirk: reg 0x18: [io  0x0170-0x0177]
[    0.276683] pci 0000:00:01.1: legacy IDE quirk: reg 0x1c: [io  0x0376]
[    0.277218] pci 0000:00:02.0: [15ad:0405] type 00 class 0x030000
[    0.278744] pci 0000:00:02.0: reg 0x10: [io  0xd010-0xd01f]
[    0.282735] pci 0000:00:02.0: reg 0x14: [mem 0xe0000000-0xe7ffffff pref]
[    0.286713] pci 0000:00:02.0: reg 0x18: [mem 0xf0000000-0xf01fffff]
[    0.297907] pci 0000:00:03.0: [1022:2000] type 00 class 0x020000
[    0.298770] pci 0000:00:03.0: reg 0x10: [io  0xd020-0xd03f]
[    0.299369] pci 0000:00:03.0: reg 0x14: [mem 0xf0200000-0xf0200fff]
[    0.302710] pci 0000:00:04.0: [80ee:cafe] type 00 class 0x088000
[    0.303376] pci 0000:00:04.0: reg 0x10: [io  0xd040-0xd05f]
[    0.303994] pci 0000:00:04.0: reg 0x14: [mem 0xf0400000-0xf07fffff]
[    0.304599] pci 0000:00:04.0: reg 0x18: [mem 0xf0800000-0xf0803fff pref]
[    0.308026] pci 0000:00:07.0: [8086:7113] type 00 class 0x068000
[    0.308566] pci 0000:00:07.0: quirk: [io  0x4000-0x403f] claimed by PIIX4 ACPI
[    0.308575] pci 0000:00:07.0: quirk: [io  0x4100-0x410f] claimed by PIIX4 SMB
[    0.309187] pci 0000:00:08.0: [8086:100e] type 00 class 0x020000
[    0.310711] pci 0000:00:08.0: reg 0x10: [mem 0xf0820000-0xf083ffff]
[    0.311853] pci 0000:00:08.0: reg 0x18: [io  0xd060-0xd067]
[    0.314739] pci 0000:00:09.0: [8086:100e] type 00 class 0x020000
[    0.315436] pci 0000:00:09.0: reg 0x10: [mem 0xf0840000-0xf085ffff]
[    0.316596] pci 0000:00:09.0: reg 0x18: [io  0xd068-0xd06f]
[    0.327520] ACPI: PCI Interrupt Link [LNKA] (IRQs 5 9 10 *11)
[    0.327803] ACPI: PCI Interrupt Link [LNKB] (IRQs 5 9 *10 11)
[    0.327906] ACPI: PCI Interrupt Link [LNKC] (IRQs 5 *9 10 11)
[    0.328008] ACPI: PCI Interrupt Link [LNKD] (IRQs 5 9 10 *11)
[    0.328271] iommu: Default domain type: Translated 
[    0.328330] pci 0000:00:02.0: vgaarb: setting as boot VGA device
[    0.328332] pci 0000:00:02.0: vgaarb: VGA device added: decodes=io+mem,owns=io+mem,locks=none
[    0.328334] pci 0000:00:02.0: vgaarb: bridge control possible
[    0.328335] vgaarb: loaded
[    0.328558] SCSI subsystem initialized
[    0.328590] libata version 3.00 loaded.
[    0.328615] ACPI: bus type USB registered
[    0.328631] usbcore: registered new interface driver usbfs
[    0.328636] usbcore: registered new interface driver hub
[    0.328642] usbcore: registered new device driver usb
[    0.328667] pps_core: LinuxPPS API ver. 1 registered
[    0.328667] pps_core: Software ver. 5.3.6 - Copyright 2005-2007 Rodolfo Giometti <giometti@linux.it>
[    0.328670] PTP clock support registered
[    0.328708] EDAC MC: Ver: 3.0.0
[    0.328992] PCI: Using ACPI for IRQ routing
[    0.328994] PCI: pci_cache_line_size set to 64 bytes
[    0.329165] e820: reserve RAM buffer [mem 0x0009fc00-0x0009ffff]
[    0.329168] e820: reserve RAM buffer [mem 0x7fff0000-0x7fffffff]
[    0.329956] NetLabel: Initializing
[    0.329956] NetLabel:  domain hash size = 128
[    0.329957] NetLabel:  protocols = UNLABELED CIPSOv4 CALIPSO
[    0.329976] NetLabel:  unlabeled traffic allowed by default
[    0.330934] clocksource: Switched to clocksource kvm-clock
[    0.344970] *** VALIDATE bpf ***
[    0.345030] VFS: Disk quotas dquot_6.6.0
[    0.345043] VFS: Dquot-cache hash table entries: 512 (order 0, 4096 bytes)
[    0.345064] *** VALIDATE ramfs ***
[    0.345067] *** VALIDATE hugetlbfs ***
[    0.345147] AppArmor: AppArmor Filesystem Enabled
[    0.345169] pnp: PnP ACPI init
[    0.345228] pnp 00:00: Plug and Play ACPI device, IDs PNP0303 (active)
[    0.345293] pnp 00:01: Plug and Play ACPI device, IDs PNP0f03 (active)
[    0.346033] pnp: PnP ACPI: found 2 devices
[    0.346984] thermal_sys: Registered thermal governor 'fair_share'
[    0.346985] thermal_sys: Registered thermal governor 'bang_bang'
[    0.346986] thermal_sys: Registered thermal governor 'step_wise'
[    0.346986] thermal_sys: Registered thermal governor 'user_space'
[    0.346987] thermal_sys: Registered thermal governor 'power_allocator'
[    0.351537] clocksource: acpi_pm: mask: 0xffffff max_cycles: 0xffffff, max_idle_ns: 2085701024 ns
[    0.351576] pci_bus 0000:00: resource 4 [io  0x0000-0x0cf7 window]
[    0.351578] pci_bus 0000:00: resource 5 [io  0x0d00-0xffff window]
[    0.351579] pci_bus 0000:00: resource 6 [mem 0x000a0000-0x000bffff window]
[    0.351580] pci_bus 0000:00: resource 7 [mem 0x80000000-0xfdffffff window]
[    0.351636] NET: Registered protocol family 2
[    0.351710] IP idents hash table entries: 32768 (order: 6, 262144 bytes, linear)
[    0.352122] MPTCP tokens hash table entries: 8192 (order: 4, 65536 bytes, linear)
[    0.352143] MPTCP request tokens hash table entries: 8192 (order: 4, 65536 bytes, linear)
[    0.352168] default registered
[    0.352168] default registered
[    0.352169] MPTCP: Stable release v0.96
[    0.352174] tcp_listen_portaddr_hash hash table entries: 1024 (order: 2, 16384 bytes, linear)
[    0.352255] TCP established hash table entries: 16384 (order: 5, 131072 bytes, linear)
[    0.352319] TCP bind hash table entries: 16384 (order: 6, 262144 bytes, linear)
[    0.352344] TCP: Hash tables configured (established 16384 bind 16384)
[    0.353036] UDP hash table entries: 1024 (order: 3, 32768 bytes, linear)
[    0.353047] UDP-Lite hash table entries: 1024 (order: 3, 32768 bytes, linear)
[    0.353080] NET: Registered protocol family 1
[    0.353089] NET: Registered protocol family 44
[    0.353109] pci 0000:00:00.0: Limiting direct PCI/PCI transfers
[    0.353121] pci 0000:00:01.0: Activating ISA DMA hang workarounds
[    0.353174] pci 0000:00:02.0: Video device with shadowed ROM at [mem 0x000c0000-0x000dffff]
[    0.353236] PCI: CLS 0 bytes, default 64
[    0.353283] Trying to unpack rootfs image as initramfs...
[    0.527858] Freeing initrd memory: 47868K
[    0.527858] clocksource: tsc: mask: 0xffffffffffffffff max_cycles: 0x1e4530a99b6, max_idle_ns: 440795257976 ns
[    0.527858] clocksource: Switched to clocksource tsc
[    0.527858] platform rtc_cmos: registered platform RTC device (no PNP device found)
[    0.527858] check: Scanning for low memory corruption every 60 seconds
[    0.527858] Initialise system trusted keyrings
[    0.527858] Key type blacklist registered
[    0.527858] workingset: timestamp_bits=36 max_order=19 bucket_order=0
[    0.527858] zbud: loaded
[    0.527858] squashfs: version 4.0 (2009/01/31) Phillip Lougher
[    0.527858] fuse: init (API version 7.31)
[    0.527858] *** VALIDATE fuse ***
[    0.527858] *** VALIDATE fuse ***
[    0.527858] Platform Keyring initialized
[    0.540303] Key type asymmetric registered
[    0.540305] Asymmetric key parser 'x509' registered
[    0.540315] Block layer SCSI generic (bsg) driver version 0.4 loaded (major 244)
[    0.540354] io scheduler mq-deadline registered
[    0.540478] shpchp: Standard Hot Plug PCI Controller Driver version: 0.4
[    0.540680] ACPI: AC Adapter [AC] (on-line)
[    0.540723] input: Power Button as /devices/LNXSYSTM:00/LNXPWRBN:00/input/input0
[    0.540752] ACPI: Power Button [PWRF]
[    0.540826] input: Sleep Button as /devices/LNXSYSTM:00/LNXSLPBN:00/input/input1
[    0.540841] ACPI: Sleep Button [SLPF]
[    0.541076] Serial: 8250/16550 driver, 32 ports, IRQ sharing enabled
[    0.542228] Linux agpgart interface v0.103
[    0.631244] loop: module loaded
[    0.631407] ata_piix 0000:00:01.1: version 2.13
[    0.631829] scsi host0: ata_piix
[    0.631930] scsi host1: ata_piix
[    0.631957] ata1: PATA max UDMA/33 cmd 0x1f0 ctl 0x3f6 bmdma 0xd000 irq 14
[    0.631958] ata2: PATA max UDMA/33 cmd 0x170 ctl 0x376 bmdma 0xd008 irq 15
[    0.632045] tun: Universal TUN/TAP device driver, 1.6
[    0.632381] PPP generic driver version 2.4.2
[    0.632430] VFIO - User Level meta-driver version: 0.3
[    0.632682] ehci_hcd: USB 2.0 'Enhanced' Host Controller (EHCI) Driver
[    0.632687] ehci-pci: EHCI PCI platform driver
[    0.632703] ehci-platform: EHCI generic platform driver
[    0.632709] ohci_hcd: USB 1.1 'Open' Host Controller (OHCI) Driver
[    0.632710] ohci-pci: OHCI PCI platform driver
[    0.632717] ohci-platform: OHCI generic platform driver
[    0.632722] uhci_hcd: USB Universal Host Controller Interface driver
[    0.632790] i8042: PNP: PS/2 Controller [PNP0303:PS2K,PNP0f03:PS2M] at 0x60,0x64 irq 1,12
[    0.633236] serio: i8042 KBD port at 0x60,0x64 irq 1
[    0.633240] serio: i8042 AUX port at 0x60,0x64 irq 12
[    0.633327] mousedev: PS/2 mouse device common for all mice
[    0.633590] input: AT Translated Set 2 keyboard as /devices/platform/i8042/serio0/input/input2
[    0.633991] rtc_cmos rtc_cmos: registered as rtc0
[    0.634005] rtc_cmos rtc_cmos: alarms up to one day, 114 bytes nvram
[    0.634010] i2c /dev entries driver
[    0.634052] device-mapper: uevent: version 1.0.3
[    0.634095] device-mapper: ioctl: 4.41.0-ioctl (2019-09-16) initialised: dm-devel@redhat.com
[    0.634111] platform eisa.0: Probing EISA bus 0
[    0.634112] platform eisa.0: EISA: Cannot allocate resource for mainboard
[    0.634113] platform eisa.0: Cannot allocate resource for EISA slot 1
[    0.634114] platform eisa.0: Cannot allocate resource for EISA slot 2
[    0.634115] platform eisa.0: Cannot allocate resource for EISA slot 3
[    0.634116] platform eisa.0: Cannot allocate resource for EISA slot 4
[    0.634117] platform eisa.0: Cannot allocate resource for EISA slot 5
[    0.634118] platform eisa.0: Cannot allocate resource for EISA slot 6
[    0.634119] platform eisa.0: Cannot allocate resource for EISA slot 7
[    0.634120] platform eisa.0: Cannot allocate resource for EISA slot 8
[    0.634121] platform eisa.0: EISA: Detected 0 cards
[    0.634124] intel_pstate: CPU model not supported
[    0.634133] ledtrig-cpu: registered to indicate activity on CPUs
[    0.634185] drop_monitor: Initializing network drop monitor service
[    0.634344] NET: Registered protocol family 10
[    0.639227] Segment Routing with IPv6
[    0.639227] fullmesh registered
[    0.639227] ndiffports registered
[    0.639227] binder registered
[    0.639227] roundrobin registered
[    0.639227] redundant registered
[    0.639227] blest registered
[    0.639227] ecf registered
[    0.639227] NET: Registered protocol family 17
[    0.639227] Key type dns_resolver registered
[    0.639227] RAS: Correctable Errors collector initialized.
[    0.639227] IPI shorthand broadcast: enabled
[    0.639227] sched_clock: Marking stable (624021234, 11206417)->(634750238, 477413)
[    0.639812] registered taskstats version 1
[    0.639820] Loading compiled-in X.509 certificates
[    0.640433] Loaded X.509 cert 'Build time autogenerated kernel key: 6909f3744cebb3d0de528d5887b96a727de79b1e'
[    0.640451] zswap: loaded using pool lzo/zbud
[    0.640506] Key type ._fscrypt registered
[    0.640507] Key type .fscrypt registered
[    0.644982] Key type big_key registered
[    0.647176] Key type encrypted registered
[    0.647178] AppArmor: AppArmor sha1 policy hashing enabled
[    0.647185] ima: No TPM chip found, activating TPM-bypass!
[    0.647189] ima: Allocated hash algorithm: sha1
[    0.647193] ima: No architecture policies found
[    0.647202] evm: Initialising EVM extended attributes:
[    0.647203] evm: security.selinux
[    0.647203] evm: security.SMACK64
[    0.647204] evm: security.SMACK64EXEC
[    0.647204] evm: security.SMACK64TRANSMUTE
[    0.647205] evm: security.SMACK64MMAP
[    0.647205] evm: security.apparmor
[    0.647205] evm: security.ima
[    0.647206] evm: security.capability
[    0.647207] evm: HMAC attrs: 0x1
[    0.647495] PM:   Magic number: 10:813:904
[    0.647606] rtc_cmos rtc_cmos: setting system clock to 2026-01-17T21:52:38 UTC (1768686758)
[    0.802786] ata1.00: ATA-6: VBOX HARDDISK, 1.0, max UDMA/133
[    0.802788] ata1.00: 209715200 sectors, multi 128: LBA 
[    0.803203] scsi 0:0:0:0: Direct-Access     ATA      VBOX HARDDISK    1.0  PQ: 0 ANSI: 5
[    0.803401] sd 0:0:0:0: [sda] 209715200 512-byte logical blocks: (107 GB/100 GiB)
[    0.803408] sd 0:0:0:0: [sda] Write Protect is off
[    0.803410] sd 0:0:0:0: [sda] Mode Sense: 00 3a 00 00
[    0.803420] sd 0:0:0:0: [sda] Write cache: enabled, read cache: enabled, doesn't support DPO or FUA
[    0.803602] sd 0:0:0:0: Attached scsi generic sg0 type 0
[    0.804377]  sda: sda1 sda2
[    0.815311] sd 0:0:0:0: [sda] Attached SCSI disk
[    0.817098] Freeing unused decrypted memory: 2040K
[    0.817767] Freeing unused kernel image memory: 2728K
[    0.817769] Write protecting the kernel read-only data: 22528k
[    0.818414] Freeing unused kernel image memory: 2036K
[    0.818792] Freeing unused kernel image memory: 1432K
[    0.831970] x86/mm: Checked W+X mappings: passed, no W+X pages found.
[    0.831973] Run /init as init process
[    0.918292] ACPI: Video Device [GFX0] (multi-head: yes  rom: no  post: no)
[    0.918361] input: Video Bus as /devices/LNXSYSTM:00/LNXSYBUS:00/PNP0A03:00/LNXVIDEO:00/input/input4
[    0.928905] pcnet32: pcnet32.c:v1.35 21.Apr.2008 tsbogend@alpha.franken.de
[    0.929678] pcnet32: PCnet/FAST III 79C973 at 0xd020, 08:00:27:21:6e:fc assigned IRQ 19
[    0.929720] pcnet32: Found PHY 0022:561b at address 0
[    0.930016] pcnet32: eth0: registered as PCnet/FAST III 79C973
[    0.931195] pcnet32: 1 cards_found
[    0.933599] e1000: Intel(R) PRO/1000 Network Driver - version 7.3.21-k8-NAPI
[    0.933599] e1000: Copyright (c) 1999-2006 Intel Corporation.
[    0.936191] piix4_smbus 0000:00:07.0: SMBus Host Controller at 0x4100, revision 0
[    1.014288] pcnet32 0000:00:03.0 enp0s3: renamed from eth0
[    1.156513] input: ImExPS/2 Generic Explorer Mouse as /devices/platform/i8042/serio1/input/input5
[    1.347440] e1000 0000:00:08.0 eth0: (PCI:33MHz:32-bit) 08:00:27:e3:37:59
[    1.347444] e1000 0000:00:08.0 eth0: Intel(R) PRO/1000 Network Connection
[    1.719488] e1000 0000:00:09.0 eth1: (PCI:33MHz:32-bit) 08:00:27:fb:62:25
[    1.719490] e1000 0000:00:09.0 eth1: Intel(R) PRO/1000 Network Connection
[    1.720594] e1000 0000:00:09.0 enp0s9: renamed from eth1
[    1.722349] e1000 0000:00:08.0 enp0s8: renamed from eth0
[    1.867950] EXT4-fs (sda2): mounted filesystem with ordered data mode. Opts: (null)
[    1.950708] systemd[1]: Inserted module 'autofs4'
[    1.960274] systemd[1]: systemd 245.4-4ubuntu3 running in system mode. (+PAM +AUDIT +SELINUX +IMA +APPARMOR +SMACK +SYSVINIT +UTMP +LIBCRYPTSETUP +GCRYPT +GNUTLS +ACL +XZ +LZ4 +SECCOMP +BLKID +ELFUTILS +KMOD +IDN2 -IDN +PCRE2 default-hierarchy=hybrid)
[    1.960303] systemd[1]: Detected virtualization oracle.
[    1.960306] systemd[1]: Detected architecture x86-64.
[    1.961569] systemd[1]: Set hostname to <ztg>.
[    2.082338] systemd[1]: /lib/systemd/system/dbus.socket:5: ListenStream= references a path below legacy directory /var/run/, updating /var/run/dbus/system_bus_socket â†’ /run/dbus/system_bus_socket; please update the unit file accordingly.
[    2.132977] systemd[1]: Created slice system-modprobe.slice.
[    2.133158] systemd[1]: Created slice User and Session Slice.
[    2.133199] systemd[1]: Started Forward Password Requests to Wall Directory Watch.
[    2.133352] systemd[1]: Set up automount Arbitrary Executable File Formats File System Automount Point.
[    2.133385] systemd[1]: Reached target User and Group Name Lookups.
[    2.133393] systemd[1]: Reached target Remote File Systems.
[    2.133401] systemd[1]: Reached target Slices.
[    2.133881] systemd[1]: Listening on Syslog Socket.
[    2.133944] systemd[1]: Listening on fsck to fsckd communication Socket.
[    2.133979] systemd[1]: Listening on initctl Compatibility Named Pipe.
[    2.134110] systemd[1]: Listening on Journal Audit Socket.
[    2.134161] systemd[1]: Listening on Journal Socket (/dev/log).
[    2.134227] systemd[1]: Listening on Journal Socket.
[    2.134290] systemd[1]: Listening on udev Control Socket.
[    2.134327] systemd[1]: Listening on udev Kernel Socket.
[    2.135010] systemd[1]: Mounting Huge Pages File System...
[    2.135923] systemd[1]: Mounting POSIX Message Queue File System...
[    2.136796] systemd[1]: Mounting Kernel Debug File System...
[    2.137617] systemd[1]: Mounting Kernel Trace File System...
[    2.139470] systemd[1]: Starting Journal Service...
[    2.161835] systemd[1]: Starting Set the console keyboard layout...
[    2.169506] systemd[1]: Starting Create list of static device nodes for the current kernel...
[    2.171556] systemd[1]: Starting Load Kernel Module drm...
[    2.172592] systemd[1]: Condition check resulted in Set Up Additional Binary Formats being skipped.
[    2.172631] systemd[1]: Condition check resulted in File System Check on Root Device being skipped.
[    2.185782] systemd[1]: Starting Load Kernel Modules...
[    2.194627] systemd[1]: Starting Remount Root and Kernel File Systems...
[    2.201884] systemd[1]: Starting udev Coldplug all Devices...
[    2.207943] systemd[1]: Starting Uncomplicated firewall...
[    2.209514] systemd[1]: Mounted Huge Pages File System.
[    2.209600] systemd[1]: Mounted POSIX Message Queue File System.
[    2.209674] systemd[1]: Mounted Kernel Debug File System.
[    2.209740] systemd[1]: Mounted Kernel Trace File System.
[    2.211482] EXT4-fs (sda2): re-mounted. Opts: errors=remount-ro
[    2.240363] systemd[1]: Finished Create list of static device nodes for the current kernel.
[    2.241312] systemd[1]: modprobe@drm.service: Succeeded.
[    2.249494] systemd[1]: Finished Load Kernel Module drm.
[    2.250036] systemd[1]: Finished Remount Root and Kernel File Systems.
[    2.267216] systemd[1]: Finished Uncomplicated firewall.
[    2.282695] systemd[1]: Condition check resulted in Rebuild Hardware Database being skipped.
[    2.282730] systemd[1]: Condition check resulted in Platform Persistent Storage Archival being skipped.
[    2.283379] systemd[1]: Starting Load/Save Random Seed...
[    2.284784] lp: driver loaded but no devices found
[    2.291276] systemd[1]: Starting Create System Users...
[    2.301588] systemd[1]: Finished Load/Save Random Seed.
[    2.302199] ppdev: user-space parallel port driver
[    2.305562] systemd[1]: Finished Create System Users.
[    2.306274] systemd[1]: Starting Create Static Device Nodes in /dev...
[    2.330865] systemd[1]: Finished udev Coldplug all Devices.
[    2.337325] systemd[1]: Finished Create Static Device Nodes in /dev.
[    2.338055] systemd[1]: Starting udev Kernel Device Manager...
[    2.397962] [drm] DMA map mode: Caching DMA mappings.
[    2.398024] [drm] Capabilities:
[    2.398024] [drm]   Rect copy.
[    2.398024] [drm]   Cursor.
[    2.398025] [drm]   Cursor bypass.
[    2.398025] [drm]   Cursor bypass 2.
[    2.398025] [drm]   Alpha cursor.
[    2.398026] [drm]   Extended Fifo.
[    2.398026] [drm]   Pitchlock.
[    2.398026] [drm]   Irq mask.
[    2.398027] [drm]   GMR.
[    2.398027] [drm]   Traces.
[    2.398027] [drm]   GMR2.
[    2.398028] [drm]   Screen Object 2.
[    2.398028] [drm]   Command Buffers.
[    2.398028] [drm]   Command Buffers 2.
[    2.398029] [drm]   Guest Backed Resources.
[    2.398030] [drm] Max GMR ids is 8192
[    2.398030] [drm] Max number of GMR pages is 1048576
[    2.398031] [drm] Max dedicated hypervisor surface memory is 393216 kiB
[    2.398031] [drm] Maximum display memory size is 131072 kiB
[    2.398032] [drm] VRAM at 0xe0000000 size is 131072 kiB
[    2.398032] [drm] MMIO at 0xf0000000 size is 2048 kiB
[    2.398486] [TTM] Zone  kernel: Available graphics memory: 1011738 KiB
[    2.398486] [TTM] Initializing pool allocator
[    2.398489] [TTM] Initializing DMA pool allocator
[    2.398516] [drm] Supports vblank timestamp caching Rev 2 (21.10.2013).
[    2.398516] [drm] No driver support for vblank timestamp query.
[    2.398727] [drm] Screen Target Display device initialized
[    2.398936] [drm] width 720
[    2.398945] [drm] height 400
[    2.398949] [drm] bpp 32
[    2.399500] [drm] Fifo max 0x00200000 min 0x00001000 cap 0x00000355
[    2.400598] [drm] Using command buffers with DMA pool.
[    2.400601] [drm] DX: no.
[    2.400602] [drm] Atomic: yes.
[    2.400602] [drm] SM4_1: no.
[    2.400622] [drm:vmw_host_log [vmwgfx]] *ERROR* Failed to send host log message.
[    2.401511] [drm:vmw_host_log [vmwgfx]] *ERROR* Failed to send host log message.
[    2.415433] fbcon: svgadrmfb (fb0) is primary device
[    2.417538] Console: switching to colour frame buffer device 100x37
[    2.423168] [drm] Initialized vmwgfx 2.15.0 20180704 for 0000:00:02.0 on minor 0
[    2.424467] systemd[1]: Finished Load Kernel Modules.
[    2.425371] systemd[1]: Mounting FUSE Control File System...
[    2.426503] systemd[1]: Mounting Kernel Configuration File System...
[    2.448376] systemd[1]: Starting Apply Kernel Variables...
[    2.460026] systemd[1]: Finished Set the console keyboard layout.
[    2.460710] systemd[1]: Mounted FUSE Control File System.
[    2.460782] systemd[1]: Reached target Local File Systems (Pre).
[    2.460799] systemd[1]: Condition check resulted in VMware vmblock fuse mount being skipped.
[    2.464702] systemd[1]: Mounting Mount unit for bare, revision 5...
[    2.468409] systemd[1]: Mounting Mount unit for core18, revision 1705...
[    2.480586] systemd[1]: Mounting Mount unit for gnome-3-34-1804, revision 24...
[    2.486204] systemd[1]: Mounting Mount unit for gtk-common-themes, revision 1506...
[    2.500088] systemd[1]: Mounting Mount unit for gtk-common-themes, revision 1535...
[    2.508690] systemd[1]: Mounting Mount unit for snap-store, revision 433...
[    2.529157] systemd[1]: Mounting Mount unit for snapd, revision 25935...
[    2.530311] systemd[1]: Mounted Kernel Configuration File System.
[    2.545138] systemd[1]: Finished Apply Kernel Variables.
[    2.548439] systemd[1]: Mounted Mount unit for bare, revision 5.
[    2.548527] systemd[1]: Mounted Mount unit for core18, revision 1705.
[    2.548601] systemd[1]: Mounted Mount unit for gnome-3-34-1804, revision 24.
[    2.572253] systemd[1]: Started udev Kernel Device Manager.
[    2.575007] systemd[1]: Starting Show Plymouth Boot Screen...
[    2.576621] systemd[1]: Received SIGRTMIN+20 from PID 271 (plymouthd).
[    2.595775] systemd[1]: Mounted Mount unit for gtk-common-themes, revision 1506.
[    2.595933] systemd[1]: Started Show Plymouth Boot Screen.
[    2.596047] systemd[1]: Condition check resulted in Dispatch Password Requests to Console Directory Watch being skipped.
[    2.596171] systemd[1]: Started Forward Password Requests to Plymouth Directory Watch.
[    2.596203] systemd[1]: Reached target Local Encrypted Volumes.
[    2.646282] systemd[1]: Mounted Mount unit for snap-store, revision 433.
[    2.671354] systemd[1]: Mounted Mount unit for gtk-common-themes, revision 1535.
[    2.671658] systemd[1]: Mounted Mount unit for snapd, revision 25935.
[    2.671830] systemd[1]: Reached target Local File Systems.
[    2.674358] systemd[1]: Starting Load AppArmor profiles...
[    2.682099] systemd[1]: Starting Set console font and keymap...
[    2.688816] systemd[1]: Starting Tell Plymouth To Write Out Runtime Data...
[    2.694818] systemd[1]: Condition check resulted in Store a System Token in an EFI Variable being skipped.
[    2.694851] systemd[1]: Condition check resulted in Commit a transient machine-id on disk being skipped.
[    2.695807] systemd[1]: Finished Set console font and keymap.
[    2.717339] systemd[1]: Received SIGRTMIN+20 from PID 271 (plymouthd).
[    2.718994] systemd[1]: plymouth-read-write.service: Succeeded.
[    2.719245] systemd[1]: Finished Tell Plymouth To Write Out Runtime Data.
[    2.740942] audit: type=1400 audit(1768686760.588:2): apparmor="STATUS" operation="profile_load" profile="unconfined" name="nvidia_modprobe" pid=300 comm="apparmor_parser"
[    2.740943] audit: type=1400 audit(1768686760.588:3): apparmor="STATUS" operation="profile_load" profile="unconfined" name="nvidia_modprobe//kmod" pid=300 comm="apparmor_parser"
[    2.747245] audit: type=1400 audit(1768686760.592:4): apparmor="STATUS" operation="profile_load" profile="unconfined" name="/usr/sbin/tcpdump" pid=301 comm="apparmor_parser"
[    2.794235] audit: type=1400 audit(1768686760.632:5): apparmor="STATUS" operation="profile_load" profile="unconfined" name="/usr/bin/evince" pid=303 comm="apparmor_parser"
[    2.794237] audit: type=1400 audit(1768686760.632:6): apparmor="STATUS" operation="profile_load" profile="unconfined" name="/usr/bin/evince//sanitized_helper" pid=303 comm="apparmor_parser"
[    2.794239] audit: type=1400 audit(1768686760.632:7): apparmor="STATUS" operation="profile_load" profile="unconfined" name="/usr/bin/evince-previewer" pid=303 comm="apparmor_parser"
[    2.794240] audit: type=1400 audit(1768686760.632:8): apparmor="STATUS" operation="profile_load" profile="unconfined" name="/usr/bin/evince-previewer//sanitized_helper" pid=303 comm="apparmor_parser"
[    2.794241] audit: type=1400 audit(1768686760.632:9): apparmor="STATUS" operation="profile_load" profile="unconfined" name="/usr/bin/evince-thumbnailer" pid=303 comm="apparmor_parser"
[    2.828554] audit: type=1400 audit(1768686760.676:10): apparmor="STATUS" operation="profile_load" profile="unconfined" name="/usr/lib/cups/backend/cups-pdf" pid=304 comm="apparmor_parser"
[    2.893552] systemd[1]: Finished Load AppArmor profiles.
[    2.894994] systemd[1]: Starting Load AppArmor profiles managed internally by snapd...
[    3.009310] systemd[1]: Finished Load AppArmor profiles managed internally by snapd.
[    3.136724] systemd[1]: Started Journal Service.
[    3.147658] systemd-journald[229]: Received client request to flush runtime journal.
[    3.150431] systemd-journald[229]: File /var/log/journal/c455b248004a419c87ce85eea238d727/system.journal corrupted or uncleanly shut down, renaming and replacing.
[    4.498036] RAPL PMU: API unit is 2^-32 Joules, 0 fixed counters, 10737418240 ms ovfl timer
[    4.563552] cryptd: max_cpu_qlen set to 1000
[    4.613625] AVX2 version of gcm_enc/dec engaged.
[    4.613626] AES CTR mode by8 optimization enabled
[    6.406876] Adding 1998844k swap on /dev/sda1.  Priority:-2 extents:1 across:1998844k FS
[    8.031925] kauditd_printk_skb: 30 callbacks suppressed
[    8.031927] audit: type=1400 audit(1768686765.876:41): apparmor="DENIED" operation="capable" profile="/usr/sbin/cups-browsed" pid=507 comm="cups-browsed" capability=23  capname="sys_nice"
[    8.888336] pcnet32 0000:00:03.0 enp0s3: link up, 100Mbps, full-duplex
[    8.922998] e1000: enp0s8 NIC Link is Up 1000 Mbps Full Duplex, Flow Control: RX
[    8.923737] IPv6: ADDRCONF(NETDEV_CHANGE): enp0s8: link becomes ready
[    8.946935] e1000: enp0s9 NIC Link is Up 1000 Mbps Full Duplex, Flow Control: RX
[    8.947229] IPv6: ADDRCONF(NETDEV_CHANGE): enp0s9: link becomes ready
[    9.588761] device enp0s3 entered promiscuous mode
[    9.606497] audit: type=1400 audit(1768686767.456:42): apparmor="DENIED" operation="open" profile="/usr/sbin/tcpdump" name="/proc/sys/kernel/random/boot_id" pid=659 comm="tcpdump" requested_mask="r" denied_mask="r" fsuid=0 ouid=0
[    9.608651] audit: type=1400 audit(1768686767.460:43): apparmor="DENIED" operation="open" profile="/usr/sbin/tcpdump" name="/proc/sys/kernel/random/boot_id" pid=659 comm="tcpdump" requested_mask="r" denied_mask="r" fsuid=0 ouid=0
[    9.608983] audit: type=1400 audit(1768686767.460:44): apparmor="DENIED" operation="open" profile="/usr/sbin/tcpdump" name="/proc/sys/kernel/random/boot_id" pid=659 comm="tcpdump" requested_mask="r" denied_mask="r" fsuid=0 ouid=0
[    9.614862] audit: type=1400 audit(1768686767.464:45): apparmor="DENIED" operation="open" profile="/usr/sbin/tcpdump" name="/proc/sys/kernel/random/boot_id" pid=659 comm="tcpdump" requested_mask="r" denied_mask="r" fsuid=0 ouid=0
[    9.615942] audit: type=1400 audit(1768686767.464:46): apparmor="DENIED" operation="open" profile="/usr/sbin/tcpdump" name="/proc/sys/kernel/random/boot_id" pid=660 comm="tcpdump" requested_mask="r" denied_mask="r" fsuid=0 ouid=0
[    9.616321] audit: type=1400 audit(1768686767.464:47): apparmor="DENIED" operation="open" profile="/usr/sbin/tcpdump" name="/proc/sys/kernel/random/boot_id" pid=660 comm="tcpdump" requested_mask="r" denied_mask="r" fsuid=0 ouid=0
[    9.616446] audit: type=1400 audit(1768686767.464:48): apparmor="DENIED" operation="open" profile="/usr/sbin/tcpdump" name="/proc/sys/kernel/random/boot_id" pid=660 comm="tcpdump" requested_mask="r" denied_mask="r" fsuid=0 ouid=0
[    9.616464] audit: type=1400 audit(1768686767.464:49): apparmor="DENIED" operation="open" profile="/usr/sbin/tcpdump" name="/proc/sys/kernel/random/boot_id" pid=660 comm="tcpdump" requested_mask="r" denied_mask="r" fsuid=0 ouid=0
[   15.487116] rfkill: input handler disabled
[  140.229973] AAAAA-TCP_FORW: name:enp0s3: saddr:100932208: daddr:16783984
[  145.391041] AAAAA-TCP_FORW: name:enp0s3: saddr:16783984: daddr:100932208
[  145.594671] AAAAA-TCP_FORW: name:enp0s3: saddr:16783984: daddr:100932208
[  145.679323] AAAAA-TCP_FORW: name:enp0s3: saddr:16783984: daddr:100932208
[  145.708359] AAAAA-TCP_FORW: name:enp0s3: saddr:16783984: daddr:100932208
[  145.892198] AAAAA-TCP_FORW: name:enp0s3: saddr:33561200: daddr:100932208
[  146.039396] AAAAA-TCP_FORW: name:enp0s3: saddr:16783984: daddr:100932208
[  146.171649] AAAAA-TCP_FORW: name:enp0s3: saddr:33561200: daddr:100932208
[  146.264403] AAAAA-TCP_FORW: name:enp0s3: saddr:16783984: daddr:100932208
[  146.316716] AAAAA-TCP_FORW: name:enp0s3: saddr:16783984: daddr:100932208
[  146.546317] AAAAA-TCP_FORW: name:enp0s3: saddr:16783984: daddr:100932208
[  146.612661] AAAAA-TCP_FORW: name:enp0s3: saddr:16783984: daddr:100932208
[  146.814373] AAAAA-TCP_FORW: name:enp0s3: saddr:16783984: daddr:100932208
[  146.865169] AAAAA-TCP_FORW: name:enp0s3: saddr:16783984: daddr:100932208
[  147.093351] AAAAA-TCP_FORW: name:enp0s3: saddr:33561200: daddr:100932208
[  147.128277] AAAAA-TCP_FORW: name:enp0s3: saddr:16783984: daddr:100932208
[  147.363956] AAAAA-TCP_FORW: name:enp0s3: saddr:33561200: daddr:100932208
[  147.515984] AAAAA-TCP_FORW: name:enp0s3: saddr:16783984: daddr:100932208
[  147.685163] AAAAA-TCP_FORW: name:enp0s3: saddr:16783984: daddr:100932208
[  147.909263] AAAAA-TCP_FORW: name:enp0s3: saddr:16783984: daddr:100932208
[  147.973313] AAAAA-TCP_FORW: name:enp0s3: saddr:16783984: daddr:100932208
[  148.043388] AAAAA-TCP_FORW: name:enp0s3: saddr:16783984: daddr:100932208
[  148.260706] AAAAA-TCP_FORW: name:enp0s3: saddr:16783984: daddr:100932208
[  148.388891] AAAAA-TCP_FORW: name:enp0s3: saddr:16783984: daddr:100932208
[  148.495456] AAAAA-TCP_FORW: name:enp0s3: saddr:16783984: daddr:100932208
[  148.536827] AAAAA-TCP_FORW: name:enp0s3: saddr:16783984: daddr:100932208
[  148.617282] AAAAA-TCP_FORW: name:enp0s3: saddr:16783984: daddr:100932208
[  148.775184] AAAAA-TCP_FORW: name:enp0s3: saddr:33561200: daddr:100932208
[  148.860346] AAAAA-TCP_FORW: name:enp0s3: saddr:33561200: daddr:100932208
[  148.995053] AAAAA-TCP_FORW: name:enp0s3: saddr:33561200: daddr:100932208
[  149.097542] AAAAA-TCP_FORW: name:enp0s3: saddr:33561200: daddr:100932208
[  149.210852] AAAAA-TCP_FORW: name:enp0s3: saddr:33561200: daddr:100932208
[  149.329051] AAAAA-TCP_FORW: name:enp0s3: saddr:33561200: daddr:100932208
[  149.389470] AAAAA-TCP_FORW: name:enp0s3: saddr:33561200: daddr:100932208
[  149.496310] AAAAA-TCP_FORW: name:enp0s3: saddr:33561200: daddr:100932208
[  149.690399] AAAAA-TCP_FORW: name:enp0s3: saddr:33561200: daddr:100932208
[  149.962504] AAAAA-TCP_FORW: name:enp0s3: saddr:33561200: daddr:100932208
[  150.193407] AAAAA-TCP_FORW: name:enp0s3: saddr:16783984: daddr:100932208
[  150.337395] AAAAA-TCP_FORW: name:enp0s3: saddr:16783984: daddr:100932208
[  150.432007] AAAAA-TCP_FORW: name:enp0s3: saddr:16783984: daddr:100932208
[  150.518825] AAAAA-TCP_FORW: name:enp0s3: saddr:16783984: daddr:100932208
[  150.543015] AAAAA-TCP_FORW: name:enp0s3: saddr:16783984: daddr:100932208
[  150.811364] AAAAA-TCP_FORW: name:enp0s3: saddr:16783984: daddr:100932208
[  150.946095] AAAAA-TCP_FORW: name:enp0s3: saddr:16783984: daddr:100932208
[  151.042268] AAAAA-TCP_FORW: name:enp0s3: saddr:16783984: daddr:100932208
[  151.109893] AAAAA-TCP_FORW: name:enp0s3: saddr:16783984: daddr:100932208
[  151.280962] AAAAA-TCP_FORW: name:enp0s3: saddr:33561200: daddr:100932208
[  151.316769] AAAAA-TCP_FORW: name:enp0s3: saddr:16783984: daddr:100932208
[  151.414200] AAAAA-TCP_FORW: name:enp0s3: saddr:16783984: daddr:100932208
[  151.617782] AAAAA-TCP_FORW: name:enp0s3: saddr:16783984: daddr:100932208
[  151.816516] AAAAA-TCP_FORW: name:enp0s3: saddr:16783984: daddr:100932208
[  151.996217] AAAAA-TCP_FORW: name:enp0s3: saddr:16783984: daddr:100932208
[  152.114216] AAAAA-TCP_FORW: name:enp0s3: saddr:16783984: daddr:100932208
[  152.236750] AAAAA-TCP_FORW: name:enp0s3: saddr:16783984: daddr:100932208
[  152.536800] AAAAA-TCP_FORW: name:enp0s3: saddr:16783984: daddr:100932208
[  152.593560] AAAAA-TCP_FORW: name:enp0s3: saddr:16783984: daddr:100932208
[  152.732552] AAAAA-TCP_FORW: name:enp0s3: saddr:16783984: daddr:100932208
[  152.871317] AAAAA-TCP_FORW: name:enp0s3: saddr:16783984: daddr:100932208
[  152.914142] AAAAA-TCP_FORW: name:enp0s3: saddr:16783984: daddr:100932208
[  153.073275] AAAAA-TCP_FORW: name:enp0s3: saddr:33561200: daddr:100932208
[  153.233888] AAAAA-TCP_FORW: name:enp0s3: saddr:33561200: daddr:100932208
[  153.284282] AAAAA-TCP_FORW: name:enp0s3: saddr:33561200: daddr:100932208
[  153.381118] AAAAA-TCP_FORW: name:enp0s3: saddr:33561200: daddr:100932208
[  153.472336] AAAAA-TCP_FORW: name:enp0s3: saddr:33561200: daddr:100932208
[  153.563968] AAAAA-TCP_FORW: name:enp0s3: saddr:33561200: daddr:100932208
[  153.598161] AAAAA-TCP_FORW: name:enp0s3: saddr:33561200: daddr:100932208
[  153.673116] AAAAA-TCP_FORW: name:enp0s3: saddr:33561200: daddr:100932208
[  153.703926] AAAAA-TCP_FORW: name:enp0s3: saddr:33561200: daddr:100932208
[  153.766547] AAAAA-TCP_FORW: name:enp0s3: saddr:33561200: daddr:100932208
[  153.838893] AAAAA-TCP_FORW: name:enp0s3: saddr:33561200: daddr:100932208
[  153.911167] AAAAA-TCP_FORW: name:enp0s3: saddr:33561200: daddr:100932208
[  154.191299] AAAAA-TCP_FORW: name:enp0s3: saddr:33561200: daddr:100932208
[  154.260248] AAAAA-TCP_FORW: name:enp0s3: saddr:33561200: daddr:100932208
[  154.385451] AAAAA-TCP_FORW: name:enp0s3: saddr:33561200: daddr:100932208
[  154.471362] AAAAA-TCP_FORW: name:enp0s3: saddr:33561200: daddr:100932208
[  154.581250] AAAAA-TCP_FORW: name:enp0s3: saddr:33561200: daddr:100932208
[  154.673483] AAAAA-TCP_FORW: name:enp0s3: saddr:33561200: daddr:100932208
[  154.888576] AAAAA-TCP_FORW: name:enp0s3: saddr:16783984: daddr:100932208
[  154.996592] AAAAA-TCP_FORW: name:enp0s3: saddr:33561200: daddr:100932208
[  155.122150] AAAAA-TCP_FORW: name:enp0s3: saddr:16783984: daddr:100932208
[  155.181634] AAAAA-TCP_FORW: name:enp0s3: saddr:16783984: daddr:100932208
[  155.225506] AAAAA-TCP_FORW: name:enp0s3: saddr:16783984: daddr:100932208
[  155.315452] AAAAA-TCP_FORW: name:enp0s3: saddr:16783984: daddr:100932208
[  155.366291] AAAAA-TCP_FORW: name:enp0s3: saddr:16783984: daddr:100932208
[  170.134586] AAAAA-TCP_FORW: name:enp0s3: saddr:100932208: daddr:16783984
[  170.191737] AAAAA-TCP_FORW: name:enp0s3: saddr:100932208: daddr:16783984
[  170.279518] AAAAA-TCP_FORW: name:enp0s3: saddr:100932208: daddr:16783984
[  170.336727] AAAAA-TCP_FORW: name:enp0s3: saddr:100932208: daddr:16783984
[  170.400568] AAAAA-TCP_FORW: name:enp0s3: saddr:100932208: daddr:16783984
[  170.443793] AAAAA-TCP_FORW: name:enp0s3: saddr:100932208: daddr:16783984
[  170.487150] AAAAA-TCP_FORW: name:enp0s3: saddr:100932208: daddr:16783984
[  170.590906] AAAAA-TCP_FORW: name:enp0s3: saddr:100932208: daddr:16783984
[  170.606758] AAAAA-TCP_FORW: name:enp0s3: saddr:100932208: daddr:16783984
[  170.665157] AAAAA-TCP_FORW: name:enp0s3: saddr:100932208: daddr:16783984
[  170.699985] AAAAA-TCP_FORW: name:enp0s3: saddr:100932208: daddr:16783984
[  170.798999] AAAAA-TCP_FORW: name:enp0s3: saddr:100932208: daddr:16783984
[  170.865231] AAAAA-TCP_FORW: name:enp0s3: saddr:100932208: daddr:16783984
[  170.935497] AAAAA-TCP_FORW: name:enp0s3: saddr:100932208: daddr:16783984
[  171.011028] AAAAA-TCP_FORW: name:enp0s3: saddr:100932208: daddr:16783984
[  171.045904] AAAAA-TCP_FORW: name:enp0s3: saddr:100932208: daddr:16783984
[  171.103609] AAAAA-TCP_FORW: name:enp0s3: saddr:100932208: daddr:16783984
[  171.232177] AAAAA-TCP_FORW: name:enp0s3: saddr:100932208: daddr:16783984
[  171.317900] AAAAA-TCP_FORW: name:enp0s3: saddr:100932208: daddr:33561200
[  171.395222] AAAAA-TCP_FORW: name:enp0s3: saddr:100932208: daddr:33561200
[  171.474313] AAAAA-TCP_FORW: name:enp0s3: saddr:100932208: daddr:33561200
[  171.513678] AAAAA-TCP_FORW: name:enp0s3: saddr:100932208: daddr:33561200
[  171.638607] AAAAA-TCP_FORW: name:enp0s3: saddr:100932208: daddr:33561200
[  171.709629] AAAAA-TCP_FORW: name:enp0s3: saddr:100932208: daddr:16783984
[  171.831054] AAAAA-TCP_FORW: name:enp0s3: saddr:100932208: daddr:16783984
[  171.946907] AAAAA-TCP_FORW: name:enp0s3: saddr:100932208: daddr:33561200
[  172.035735] AAAAA-TCP_FORW: name:enp0s3: saddr:100932208: daddr:33561200
[  172.112795] AAAAA-TCP_FORW: name:enp0s3: saddr:100932208: daddr:16783984
[  172.212939] AAAAA-TCP_FORW: name:enp0s3: saddr:100932208: daddr:16783984
[  172.355230] AAAAA-TCP_FORW: name:enp0s3: saddr:100932208: daddr:33561200
[  172.439790] AAAAA-TCP_FORW: name:enp0s3: saddr:100932208: daddr:33561200
[  172.507987] AAAAA-TCP_FORW: name:enp0s3: saddr:100932208: daddr:16783984
[  172.548486] AAAAA-TCP_FORW: name:enp0s3: saddr:100932208: daddr:16783984
[  172.616097] AAAAA-TCP_FORW: name:enp0s3: saddr:100932208: daddr:16783984
[  172.718136] AAAAA-TCP_FORW: name:enp0s3: saddr:100932208: daddr:33561200
[  172.781273] AAAAA-TCP_FORW: name:enp0s3: saddr:100932208: daddr:33561200
[  172.881440] AAAAA-TCP_FORW: name:enp0s3: saddr:100932208: daddr:33561200
[  173.103414] AAAAA-TCP_FORW: name:enp0s3: saddr:100932208: daddr:16783984
[  175.855900] AAAAA-TCP_FORW: name:enp0s3: saddr:16783984: daddr:100932208
[  176.512560] AAAAA-TCP_FORW: name:enp0s3: saddr:33561200: daddr:100932208
[  177.120108] AAAAA-TCP_FORW: name:enp0s3: saddr:33561200: daddr:100932208
[  182.779629] AAAAA-TCP_FORW: name:enp0s3: saddr:100932208: daddr:16783984
[  182.857530] AAAAA-TCP_FORW: name:enp0s3: saddr:100932208: daddr:16783984
[  183.519185] AAAAA-TCP_FORW: name:enp0s3: saddr:100932208: daddr:16783984
[  183.541304] AAAAA-TCP_FORW: name:enp0s3: saddr:100932208: daddr:16783984
[  183.608635] AAAAA-TCP_FORW: name:enp0s3: saddr:100932208: daddr:16783984
[  183.782058] AAAAA-TCP_FORW: name:enp0s3: saddr:100932208: daddr:16783984
[  205.127073] AAAAA-TCP_FORW: name:enp0s3: saddr:33561200: daddr:100932208
[  205.838327] AAAAA-TCP_FORW: name:enp0s3: saddr:16783984: daddr:100932208
[  205.871511] AAAAA-TCP_FORW: name:enp0s3: saddr:33561200: daddr:100932208
[  206.057172] AAAAA-TCP_FORW: name:enp0s3: saddr:16783984: daddr:100932208
[  206.327696] AAAAA-TCP_FORW: name:enp0s3: saddr:33561200: daddr:100932208
[  206.382863] AAAAA-TCP_FORW: name:enp0s3: saddr:16783984: daddr:100932208
[  206.501231] AAAAA-TCP_FORW: name:enp0s3: saddr:16783984: daddr:100932208
[  206.684452] AAAAA-TCP_FORW: name:enp0s3: saddr:16783984: daddr:100932208
[  206.869377] AAAAA-TCP_FORW: name:enp0s3: saddr:33561200: daddr:100932208
[  206.956149] AAAAA-TCP_FORW: name:enp0s3: saddr:16783984: daddr:100932208
[  207.223245] AAAAA-TCP_FORW: name:enp0s3: saddr:33561200: daddr:100932208
[  207.244477] AAAAA-TCP_FORW: name:enp0s3: saddr:33561200: daddr:100932208
[  207.524868] AAAAA-TCP_FORW: name:enp0s3: saddr:33561200: daddr:100932208
[  207.957201] AAAAA-TCP_FORW: name:enp0s3: saddr:33561200: daddr:100932208
[  208.022457] AAAAA-TCP_FORW: name:enp0s3: saddr:33561200: daddr:100932208
[  208.343516] AAAAA-TCP_FORW: name:enp0s3: saddr:33561200: daddr:100932208
[  208.721392] AAAAA-TCP_FORW: name:enp0s3: saddr:33561200: daddr:100932208
[  209.075127] AAAAA-TCP_FORW: name:enp0s3: saddr:16783984: daddr:100932208
[  209.255862] AAAAA-TCP_FORW: name:enp0s3: saddr:16783984: daddr:100932208
[  210.374856] AAAAA-TCP_FORW: name:enp0s3: saddr:16783984: daddr:100932208
[  210.973433] AAAAA-TCP_FORW: name:enp0s3: saddr:16783984: daddr:100932208
[  211.491346] AAAAA-TCP_FORW: name:enp0s3: saddr:33561200: daddr:100932208
[  212.174096] AAAAA-TCP_FORW: name:enp0s3: saddr:33561200: daddr:100932208
[  212.859895] AAAAA-TCP_FORW: name:enp0s3: saddr:33561200: daddr:100932208
[  213.005817] AAAAA-TCP_FORW: name:enp0s3: saddr:33561200: daddr:100932208
[  213.283153] AAAAA-TCP_FORW: name:enp0s3: saddr:16783984: daddr:100932208
[  213.493282] AAAAA-TCP_FORW: name:enp0s3: saddr:33561200: daddr:100932208
[  213.862020] AAAAA-TCP_FORW: name:enp0s3: saddr:33561200: daddr:100932208
[  214.025958] AAAAA-TCP_FORW: name:enp0s3: saddr:16783984: daddr:100932208
[  214.193052] AAAAA-TCP_FORW: name:enp0s3: saddr:33561200: daddr:100932208
[  214.472107] AAAAA-TCP_FORW: name:enp0s3: saddr:33561200: daddr:100932208
[  214.624155] AAAAA-TCP_FORW: name:enp0s3: saddr:33561200: daddr:100932208
[  214.753452] AAAAA-TCP_FORW: name:enp0s3: saddr:33561200: daddr:100932208
[  214.892821] AAAAA-TCP_FORW: name:enp0s3: saddr:16783984: daddr:100932208
[  215.003973] AAAAA-TCP_FORW: name:enp0s3: saddr:33561200: daddr:100932208
[  215.252494] AAAAA-TCP_FORW: name:enp0s3: saddr:33561200: daddr:100932208
[  215.379207] AAAAA-TCP_FORW: name:enp0s3: saddr:16783984: daddr:100932208
[  216.183438] AAAAA-TCP_FORW: name:enp0s3: saddr:16783984: daddr:100932208
[  216.424040] AAAAA-TCP_FORW: name:enp0s3: saddr:16783984: daddr:100932208
[  216.819258] AAAAA-TCP_FORW: name:enp0s3: saddr:16783984: daddr:100932208
[  218.516472] AAAAA-TCP_FORW: name:enp0s3: saddr:16783984: daddr:100932208
[  218.621893] AAAAA-TCP_FORW: name:enp0s3: saddr:16783984: daddr:100932208
[  218.763724] AAAAA-TCP_FORW: name:enp0s3: saddr:33561200: daddr:100932208
[  219.548140] AAAAA-TCP_FORW: name:enp0s3: saddr:33561200: daddr:100932208
[  219.627111] AAAAA-TCP_FORW: name:enp0s3: saddr:33561200: daddr:100932208
[  219.779584] AAAAA-TCP_FORW: name:enp0s3: saddr:33561200: daddr:100932208
[  220.867258] AAAAA-TCP_FORW: name:enp0s3: saddr:33561200: daddr:100932208
[  221.488875] AAAAA-TCP_FORW: name:enp0s3: saddr:33561200: daddr:100932208
[  221.579651] AAAAA-TCP_FORW: name:enp0s3: saddr:33561200: daddr:100932208
[  222.005097] AAAAA-TCP_FORW: name:enp0s3: saddr:16783984: daddr:100932208
[  222.851119] AAAAA-TCP_FORW: name:enp0s3: saddr:16783984: daddr:100932208
[  222.981209] AAAAA-TCP_FORW: name:enp0s3: saddr:16783984: daddr:100932208
[  223.090948] AAAAA-TCP_FORW: name:enp0s3: saddr:16783984: daddr:100932208
[  223.373064] AAAAA-TCP_FORW: name:enp0s3: saddr:33561200: daddr:100932208
[  223.498010] AAAAA-TCP_FORW: name:enp0s3: saddr:33561200: daddr:100932208
[  223.686274] AAAAA-TCP_FORW: name:enp0s3: saddr:33561200: daddr:100932208
[  223.965920] AAAAA-TCP_FORW: name:enp0s3: saddr:33561200: daddr:100932208
[  224.283048] AAAAA-TCP_FORW: name:enp0s3: saddr:33561200: daddr:100932208
[  224.401451] AAAAA-TCP_FORW: name:enp0s3: saddr:33561200: daddr:100932208
[  224.750190] AAAAA-TCP_FORW: name:enp0s3: saddr:33561200: daddr:100932208
[  224.867069] AAAAA-TCP_FORW: name:enp0s3: saddr:33561200: daddr:100932208
[  225.185879] AAAAA-TCP_FORW: name:enp0s3: saddr:33561200: daddr:100932208
[  225.302885] AAAAA-TCP_FORW: name:enp0s3: saddr:33561200: daddr:100932208
[  225.444311] AAAAA-TCP_FORW: name:enp0s3: saddr:16783984: daddr:100932208
[  225.701727] AAAAA-TCP_FORW: name:enp0s3: saddr:33561200: daddr:100932208
[  225.845297] AAAAA-TCP_FORW: name:enp0s3: saddr:33561200: daddr:100932208
[  226.083529] AAAAA-TCP_FORW: name:enp0s3: saddr:33561200: daddr:100932208
[  226.297080] AAAAA-TCP_FORW: name:enp0s3: saddr:33561200: daddr:100932208
[  226.597800] AAAAA-TCP_FORW: name:enp0s3: saddr:33561200: daddr:100932208
[  226.784207] AAAAA-TCP_FORW: name:enp0s3: saddr:33561200: daddr:100932208
[  227.049103] AAAAA-TCP_FORW: name:enp0s3: saddr:33561200: daddr:100932208
[  227.156156] AAAAA-TCP_FORW: name:enp0s3: saddr:33561200: daddr:100932208
[  227.355041] AAAAA-TCP_FORW: name:enp0s3: saddr:33561200: daddr:100932208
[  227.534714] AAAAA-TCP_FORW: name:enp0s3: saddr:33561200: daddr:100932208
[  227.673555] AAAAA-TCP_FORW: name:enp0s3: saddr:16783984: daddr:100932208
[  228.084657] AAAAA-TCP_FORW: name:enp0s3: saddr:33561200: daddr:100932208
[  228.305839] AAAAA-TCP_FORW: name:enp0s3: saddr:33561200: daddr:100932208
[  228.516570] AAAAA-TCP_FORW: name:enp0s3: saddr:33561200: daddr:100932208
[  228.605402] AAAAA-TCP_FORW: name:enp0s3: saddr:33561200: daddr:100932208
[  228.744020] AAAAA-TCP_FORW: name:enp0s3: saddr:33561200: daddr:100932208
[  228.924180] AAAAA-TCP_FORW: name:enp0s3: saddr:33561200: daddr:100932208
[  229.157545] AAAAA-TCP_FORW: name:enp0s3: saddr:33561200: daddr:100932208
[  229.316785] AAAAA-TCP_FORW: name:enp0s3: saddr:33561200: daddr:100932208
[  229.384159] AAAAA-TCP_FORW: name:enp0s3: saddr:33561200: daddr:100932208
[  229.459135] AAAAA-TCP_FORW: name:enp0s3: saddr:33561200: daddr:100932208
[  229.597368] AAAAA-TCP_FORW: name:enp0s3: saddr:16783984: daddr:100932208
[  229.858280] AAAAA-TCP_FORW: name:enp0s3: saddr:33561200: daddr:100932208
[  229.948884] AAAAA-TCP_FORW: name:enp0s3: saddr:33561200: daddr:100932208
[  230.081606] AAAAA-TCP_FORW: name:enp0s3: saddr:33561200: daddr:100932208
[  230.229206] AAAAA-TCP_FORW: name:enp0s3: saddr:33561200: daddr:100932208
[  230.351780] AAAAA-TCP_FORW: name:enp0s3: saddr:33561200: daddr:100932208
[  230.443760] AAAAA-TCP_FORW: name:enp0s3: saddr:33561200: daddr:100932208
[  230.520004] AAAAA-TCP_FORW: name:enp0s3: saddr:16783984: daddr:100932208
[  230.602726] AAAAA-TCP_FORW: name:enp0s3: saddr:33561200: daddr:100932208
[  230.732074] AAAAA-TCP_FORW: name:enp0s3: saddr:33561200: daddr:100932208
[  230.848844] AAAAA-TCP_FORW: name:enp0s3: saddr:33561200: daddr:100932208
[  230.945683] AAAAA-TCP_FORW: name:enp0s3: saddr:33561200: daddr:100932208
[  231.021458] AAAAA-TCP_FORW: name:enp0s3: saddr:33561200: daddr:100932208
[  231.088601] AAAAA-TCP_FORW: name:enp0s3: saddr:33561200: daddr:100932208
[  231.203002] AAAAA-TCP_FORW: name:enp0s3: saddr:16783984: daddr:100932208
[  231.293945] AAAAA-TCP_FORW: name:enp0s3: saddr:33561200: daddr:100932208
[  231.367695] AAAAA-TCP_FORW: name:enp0s3: saddr:33561200: daddr:100932208
[  231.447356] AAAAA-TCP_FORW: name:enp0s3: saddr:33561200: daddr:100932208
[  231.532582] AAAAA-TCP_FORW: name:enp0s3: saddr:33561200: daddr:100932208
[  231.745028] AAAAA-TCP_FORW: name:enp0s3: saddr:33561200: daddr:100932208
[  231.831549] AAAAA-TCP_FORW: name:enp0s3: saddr:33561200: daddr:100932208
[  231.918847] AAAAA-TCP_FORW: name:enp0s3: saddr:16783984: daddr:100932208
[  232.090983] AAAAA-TCP_FORW: name:enp0s3: saddr:33561200: daddr:100932208
[  232.223683] AAAAA-TCP_FORW: name:enp0s3: saddr:33561200: daddr:100932208
[  232.367238] AAAAA-TCP_FORW: name:enp0s3: saddr:33561200: daddr:100932208
[  232.498169] AAAAA-TCP_FORW: name:enp0s3: saddr:33561200: daddr:100932208
[  232.584934] AAAAA-TCP_FORW: name:enp0s3: saddr:16783984: daddr:100932208
[  232.749475] AAAAA-TCP_FORW: name:enp0s3: saddr:33561200: daddr:100932208
[  232.877064] AAAAA-TCP_FORW: name:enp0s3: saddr:33561200: daddr:100932208
[  232.999125] AAAAA-TCP_FORW: name:enp0s3: saddr:33561200: daddr:100932208
[  233.159213] AAAAA-TCP_FORW: name:enp0s3: saddr:33561200: daddr:100932208
[  233.266677] AAAAA-TCP_FORW: name:enp0s3: saddr:16783984: daddr:100932208
[  233.335633] AAAAA-TCP_FORW: name:enp0s3: saddr:16783984: daddr:100932208
[  233.452125] AAAAA-TCP_FORW: name:enp0s3: saddr:33561200: daddr:100932208
[  233.661331] AAAAA-TCP_FORW: name:enp0s3: saddr:33561200: daddr:100932208
[  233.784599] AAAAA-TCP_FORW: name:enp0s3: saddr:33561200: daddr:100932208
[  233.901916] AAAAA-TCP_FORW: name:enp0s3: saddr:33561200: daddr:100932208
[  234.073358] AAAAA-TCP_FORW: name:enp0s3: saddr:16783984: daddr:100932208
[  234.202716] AAAAA-TCP_FORW: name:enp0s3: saddr:33561200: daddr:100932208
[  234.276610] AAAAA-TCP_FORW: name:enp0s3: saddr:16783984: daddr:100932208
[  234.428789] AAAAA-TCP_FORW: name:enp0s3: saddr:33561200: daddr:100932208
[  234.520627] AAAAA-TCP_FORW: name:enp0s3: saddr:33561200: daddr:100932208
[  234.660071] AAAAA-TCP_FORW: name:enp0s3: saddr:33561200: daddr:100932208
[  234.775838] AAAAA-TCP_FORW: name:enp0s3: saddr:33561200: daddr:100932208
[  234.885074] AAAAA-TCP_FORW: name:enp0s3: saddr:16783984: daddr:100932208
[  235.040118] AAAAA-TCP_FORW: name:enp0s3: saddr:16783984: daddr:100932208
[  235.130770] AAAAA-TCP_FORW: name:enp0s3: saddr:33561200: daddr:100932208
[  235.238339] AAAAA-TCP_FORW: name:enp0s3: saddr:33561200: daddr:100932208
[  235.367497] AAAAA-TCP_FORW: name:enp0s3: saddr:33561200: daddr:100932208
[  235.478756] AAAAA-TCP_FORW: name:enp0s3: saddr:33561200: daddr:100932208
[  235.676340] AAAAA-TCP_FORW: name:enp0s3: saddr:33561200: daddr:100932208
[  235.935209] AAAAA-TCP_FORW: name:enp0s3: saddr:33561200: daddr:100932208
[  236.029743] AAAAA-TCP_FORW: name:enp0s3: saddr:16783984: daddr:100932208
[  236.172439] AAAAA-TCP_FORW: name:enp0s3: saddr:16783984: daddr:100932208
[  236.318452] AAAAA-TCP_FORW: name:enp0s3: saddr:33561200: daddr:100932208
[  236.373917] AAAAA-TCP_FORW: name:enp0s3: saddr:33561200: daddr:100932208
[  236.550701] AAAAA-TCP_FORW: name:enp0s3: saddr:33561200: daddr:100932208
[  236.807987] AAAAA-TCP_FORW: name:enp0s3: saddr:33561200: daddr:100932208
[  236.920936] AAAAA-TCP_FORW: name:enp0s3: saddr:33561200: daddr:100932208
[  237.044299] AAAAA-TCP_FORW: name:enp0s3: saddr:33561200: daddr:100932208
[  237.155301] AAAAA-TCP_FORW: name:enp0s3: saddr:33561200: daddr:100932208
[  237.273174] AAAAA-TCP_FORW: name:enp0s3: saddr:33561200: daddr:100932208
[  237.341821] AAAAA-TCP_FORW: name:enp0s3: saddr:33561200: daddr:100932208
[  237.467420] AAAAA-TCP_FORW: name:enp0s3: saddr:33561200: daddr:100932208
[  237.597851] AAAAA-TCP_FORW: name:enp0s3: saddr:16783984: daddr:100932208
[  237.787045] AAAAA-TCP_FORW: name:enp0s3: saddr:16783984: daddr:100932208
[  237.870256] AAAAA-TCP_FORW: name:enp0s3: saddr:33561200: daddr:100932208
[  238.170875] AAAAA-TCP_FORW: name:enp0s3: saddr:33561200: daddr:100932208
[  238.237878] AAAAA-TCP_FORW: name:enp0s3: saddr:33561200: daddr:100932208
[  238.388594] AAAAA-TCP_FORW: name:enp0s3: saddr:33561200: daddr:100932208
[  238.466115] AAAAA-TCP_FORW: name:enp0s3: saddr:33561200: daddr:100932208
[  238.539436] AAAAA-TCP_FORW: name:enp0s3: saddr:33561200: daddr:100932208
[  238.624280] AAAAA-TCP_FORW: name:enp0s3: saddr:33561200: daddr:100932208
[  238.700488] AAAAA-TCP_FORW: name:enp0s3: saddr:33561200: daddr:100932208
[  238.795698] AAAAA-TCP_FORW: name:enp0s3: saddr:33561200: daddr:100932208
[  238.970308] AAAAA-TCP_FORW: name:enp0s3: saddr:16783984: daddr:100932208
[  239.060500] AAAAA-TCP_FORW: name:enp0s3: saddr:33561200: daddr:100932208
[  239.117409] AAAAA-TCP_FORW: name:enp0s3: saddr:16783984: daddr:100932208
[  239.321542] AAAAA-TCP_FORW: name:enp0s3: saddr:33561200: daddr:100932208
[  239.434091] AAAAA-TCP_FORW: name:enp0s3: saddr:33561200: daddr:100932208
[  239.576723] AAAAA-TCP_FORW: name:enp0s3: saddr:33561200: daddr:100932208
[  239.850281] AAAAA-TCP_FORW: name:enp0s3: saddr:33561200: daddr:100932208
[  240.076990] AAAAA-TCP_FORW: name:enp0s3: saddr:33561200: daddr:100932208
[  240.246763] AAAAA-TCP_FORW: name:enp0s3: saddr:16783984: daddr:100932208
[  240.335008] AAAAA-TCP_FORW: name:enp0s3: saddr:33561200: daddr:100932208
[  240.404523] AAAAA-TCP_FORW: name:enp0s3: saddr:16783984: daddr:100932208
[  240.469732] AAAAA-TCP_FORW: name:enp0s3: saddr:33561200: daddr:100932208
[  240.555859] AAAAA-TCP_FORW: name:enp0s3: saddr:33561200: daddr:100932208
[  240.695192] AAAAA-TCP_FORW: name:enp0s3: saddr:33561200: daddr:100932208
[  240.817501] AAAAA-TCP_FORW: name:enp0s3: saddr:33561200: daddr:100932208
[  241.052950] AAAAA-TCP_FORW: name:enp0s3: saddr:33561200: daddr:100932208
[  241.304735] AAAAA-TCP_FORW: name:enp0s3: saddr:33561200: daddr:100932208
[  241.370410] AAAAA-TCP_FORW: name:enp0s3: saddr:16783984: daddr:100932208
[  241.442318] AAAAA-TCP_FORW: name:enp0s3: saddr:16783984: daddr:100932208
[  241.528175] AAAAA-TCP_FORW: name:enp0s3: saddr:33561200: daddr:100932208
[  241.606523] AAAAA-TCP_FORW: name:enp0s3: saddr:33561200: daddr:100932208
[  241.699837] AAAAA-TCP_FORW: name:enp0s3: saddr:33561200: daddr:100932208
[  264.266150] AAAAA-TCP_FORW: name:enp0s3: saddr:100932208: daddr:33561200
[  264.363424] AAAAA-TCP_FORW: name:enp0s3: saddr:100932208: daddr:33561200
[  264.400920] AAAAA-TCP_FORW: name:enp0s3: saddr:100932208: daddr:33561200
[  264.449281] AAAAA-TCP_FORW: name:enp0s3: saddr:100932208: daddr:33561200
[  264.495021] AAAAA-TCP_FORW: name:enp0s3: saddr:100932208: daddr:33561200
[  264.526163] AAAAA-TCP_FORW: name:enp0s3: saddr:100932208: daddr:33561200
[  264.573214] AAAAA-TCP_FORW: name:enp0s3: saddr:100932208: daddr:33561200
[  264.588035] AAAAA-TCP_FORW: name:enp0s3: saddr:100932208: daddr:33561200
[  264.688562] AAAAA-TCP_FORW: name:enp0s3: saddr:100932208: daddr:33561200
[  264.749437] AAAAA-TCP_FORW: name:enp0s3: saddr:100932208: daddr:33561200
[  264.788700] AAAAA-TCP_FORW: name:enp0s3: saddr:100932208: daddr:33561200
[  264.860608] AAAAA-TCP_FORW: name:enp0s3: saddr:100932208: daddr:16783984
[  264.922776] AAAAA-TCP_FORW: name:enp0s3: saddr:100932208: daddr:16783984
[  266.391909] AAAAA-TCP_FORW: name:enp0s3: saddr:33561200: daddr:100932208
[  266.601164] AAAAA-TCP_FORW: name:enp0s3: saddr:33561200: daddr:100932208
[  266.697426] AAAAA-TCP_FORW: name:enp0s3: saddr:33561200: daddr:100932208
[  266.821629] AAAAA-TCP_FORW: name:enp0s3: saddr:33561200: daddr:100932208
[  266.843957] AAAAA-TCP_FORW: name:enp0s3: saddr:100932208: daddr:33561200
[  267.016173] AAAAA-TCP_FORW: name:enp0s3: saddr:33561200: daddr:100932208
[  267.191849] AAAAA-TCP_FORW: name:enp0s3: saddr:33561200: daddr:100932208
[  267.356185] AAAAA-TCP_FORW: name:enp0s3: saddr:100932208: daddr:16783984
[  267.448276] AAAAA-TCP_FORW: name:enp0s3: saddr:33561200: daddr:100932208
[  267.717502] AAAAA-TCP_FORW: name:enp0s3: saddr:33561200: daddr:100932208
[  267.944551] AAAAA-TCP_FORW: name:enp0s3: saddr:33561200: daddr:100932208
[  267.979895] AAAAA-TCP_FORW: name:enp0s3: saddr:33561200: daddr:100932208
[  268.174343] AAAAA-TCP_FORW: name:enp0s3: saddr:16783984: daddr:100932208
[  268.237888] AAAAA-TCP_FORW: name:enp0s3: saddr:16783984: daddr:100932208
[  268.584850] AAAAA-TCP_FORW: name:enp0s3: saddr:100932208: daddr:33561200
[  268.756296] AAAAA-TCP_FORW: name:enp0s3: saddr:100932208: daddr:33561200
[  268.899975] AAAAA-TCP_FORW: name:enp0s3: saddr:100932208: daddr:33561200
[  268.970593] AAAAA-TCP_FORW: name:enp0s3: saddr:100932208: daddr:33561200
[  269.097865] AAAAA-TCP_FORW: name:enp0s3: saddr:33561200: daddr:100932208
[  269.283140] AAAAA-TCP_FORW: name:enp0s3: saddr:100932208: daddr:33561200
[  269.302847] AAAAA-TCP_FORW: name:enp0s3: saddr:100932208: daddr:33561200
[  269.451932] AAAAA-TCP_FORW: name:enp0s3: saddr:16783984: daddr:100932208
[  269.493505] AAAAA-TCP_FORW: name:enp0s3: saddr:100932208: daddr:33561200
[  269.617629] AAAAA-TCP_FORW: name:enp0s3: saddr:100932208: daddr:33561200
[  269.775615] AAAAA-TCP_FORW: name:enp0s3: saddr:100932208: daddr:33561200
[  269.915593] AAAAA-TCP_FORW: name:enp0s3: saddr:100932208: daddr:33561200
[  270.303157] AAAAA-TCP_FORW: name:enp0s3: saddr:100932208: daddr:16783984
[  270.370255] AAAAA-TCP_FORW: name:enp0s3: saddr:100932208: daddr:16783984
[  270.699489] AAAAA-TCP_FORW: name:enp0s3: saddr:33561200: daddr:100932208
[  270.733473] AAAAA-TCP_FORW: name:enp0s3: saddr:33561200: daddr:100932208
[  270.961378] AAAAA-TCP_FORW: name:enp0s3: saddr:33561200: daddr:100932208
[  270.980049] AAAAA-TCP_FORW: name:enp0s3: saddr:33561200: daddr:100932208
[  271.195283] AAAAA-TCP_FORW: name:enp0s3: saddr:100932208: daddr:33561200
[  271.254699] AAAAA-TCP_FORW: name:enp0s3: saddr:33561200: daddr:100932208
[  271.392846] AAAAA-TCP_FORW: name:enp0s3: saddr:33561200: daddr:100932208
[  271.739533] AAAAA-TCP_FORW: name:enp0s3: saddr:100932208: daddr:16783984
[  271.788568] AAAAA-TCP_FORW: name:enp0s3: saddr:100932208: daddr:16783984
[  271.814516] AAAAA-TCP_FORW: name:enp0s3: saddr:33561200: daddr:100932208
[  272.001113] AAAAA-TCP_FORW: name:enp0s3: saddr:33561200: daddr:100932208
[  272.045726] AAAAA-TCP_FORW: name:enp0s3: saddr:33561200: daddr:100932208
[  272.403633] AAAAA-TCP_FORW: name:enp0s3: saddr:33561200: daddr:100932208
[  272.830924] AAAAA-TCP_FORW: name:enp0s3: saddr:16783984: daddr:100932208
[  273.577972] AAAAA-TCP_FORW: name:enp0s3: saddr:33561200: daddr:100932208
[  274.088009] AAAAA-TCP_FORW: name:enp0s3: saddr:16783984: daddr:100932208
[  274.226399] AAAAA-TCP_FORW: name:enp0s3: saddr:16783984: daddr:100932208
[  274.305406] AAAAA-TCP_FORW: name:enp0s3: saddr:100932208: daddr:33561200
[  274.516940] AAAAA-TCP_FORW: name:enp0s3: saddr:100932208: daddr:33561200
[  274.599335] AAAAA-TCP_FORW: name:enp0s3: saddr:100932208: daddr:33561200
[  274.828968] AAAAA-TCP_FORW: name:enp0s3: saddr:100932208: daddr:33561200
[  275.766105] AAAAA-TCP_FORW: name:enp0s3: saddr:100932208: daddr:16783984
[  275.809361] AAAAA-TCP_FORW: name:enp0s3: saddr:100932208: daddr:33561200
[  275.868400] AAAAA-TCP_FORW: name:enp0s3: saddr:100932208: daddr:16783984
[  276.564884] AAAAA-TCP_FORW: name:enp0s3: saddr:33561200: daddr:100932208
[  276.690981] AAAAA-TCP_FORW: name:enp0s3: saddr:33561200: daddr:100932208
[  277.028067] AAAAA-TCP_FORW: name:enp0s3: saddr:33561200: daddr:100932208
[  277.389963] AAAAA-TCP_FORW: name:enp0s3: saddr:16783984: daddr:100932208
[  277.454628] AAAAA-TCP_FORW: name:enp0s3: saddr:33561200: daddr:100932208
[  277.499605] AAAAA-TCP_FORW: name:enp0s3: saddr:16783984: daddr:100932208
[  277.795784] AAAAA-TCP_FORW: name:enp0s3: saddr:100932208: daddr:16783984
[  277.893582] AAAAA-TCP_FORW: name:enp0s3: saddr:100932208: daddr:33561200
[  277.935083] AAAAA-TCP_FORW: name:enp0s3: saddr:100932208: daddr:33561200
[  278.123332] AAAAA-TCP_FORW: name:enp0s3: saddr:100932208: daddr:33561200
[  278.491358] AAAAA-TCP_FORW: name:enp0s3: saddr:100932208: daddr:16783984
[  278.565788] AAAAA-TCP_FORW: name:enp0s3: saddr:100932208: daddr:16783984
[  278.925823] AAAAA-TCP_FORW: name:enp0s3: saddr:16783984: daddr:100932208
[  279.005412] AAAAA-TCP_FORW: name:enp0s3: saddr:33561200: daddr:100932208
[  279.072904] AAAAA-TCP_FORW: name:enp0s3: saddr:33561200: daddr:100932208
[  279.101768] AAAAA-TCP_FORW: name:enp0s3: saddr:33561200: daddr:100932208
[  279.595239] AAAAA-TCP_FORW: name:enp0s3: saddr:16783984: daddr:100932208
[  279.747623] AAAAA-TCP_FORW: name:enp0s3: saddr:16783984: daddr:100932208
[  280.091266] AAAAA-TCP_FORW: name:enp0s3: saddr:100932208: daddr:16783984
[  280.339807] AAAAA-TCP_FORW: name:enp0s3: saddr:100932208: daddr:33561200
[  280.417295] AAAAA-TCP_FORW: name:enp0s3: saddr:100932208: daddr:33561200
[  280.479116] AAAAA-TCP_FORW: name:enp0s3: saddr:100932208: daddr:33561200
[  281.059494] AAAAA-TCP_FORW: name:enp0s3: saddr:100932208: daddr:16783984
[  281.176171] AAAAA-TCP_FORW: name:enp0s3: saddr:100932208: daddr:16783984
[  281.643672] AAAAA-TCP_FORW: name:enp0s3: saddr:16783984: daddr:100932208
[  281.845545] AAAAA-TCP_FORW: name:enp0s3: saddr:33561200: daddr:100932208
[  281.983633] AAAAA-TCP_FORW: name:enp0s3: saddr:33561200: daddr:100932208
[  282.022578] AAAAA-TCP_FORW: name:enp0s3: saddr:33561200: daddr:100932208
[  282.442980] AAAAA-TCP_FORW: name:enp0s3: saddr:16783984: daddr:100932208
[  282.761473] AAAAA-TCP_FORW: name:enp0s3: saddr:16783984: daddr:100932208
[  283.339144] AAAAA-TCP_FORW: name:enp0s3: saddr:100932208: daddr:16783984
[  283.451702] AAAAA-TCP_FORW: name:enp0s3: saddr:100932208: daddr:33561200
[  283.524483] AAAAA-TCP_FORW: name:enp0s3: saddr:100932208: daddr:33561200
[  283.548973] AAAAA-TCP_FORW: name:enp0s3: saddr:100932208: daddr:33561200
[  283.664232] AAAAA-TCP_FORW: name:enp0s3: saddr:100932208: daddr:16783984
[  283.741318] AAAAA-TCP_FORW: name:enp0s3: saddr:100932208: daddr:16783984
[  283.906845] AAAAA-TCP_FORW: name:enp0s3: saddr:16783984: daddr:100932208
[  283.930066] AAAAA-TCP_FORW: name:enp0s3: saddr:33561200: daddr:100932208
[  283.966880] AAAAA-TCP_FORW: name:enp0s3: saddr:33561200: daddr:100932208
[  284.000710] AAAAA-TCP_FORW: name:enp0s3: saddr:33561200: daddr:100932208
[  284.036619] AAAAA-TCP_FORW: name:enp0s3: saddr:16783984: daddr:100932208
[  284.093322] AAAAA-TCP_FORW: name:enp0s3: saddr:16783984: daddr:100932208
[  284.110927] AAAAA-TCP_FORW: name:enp0s3: saddr:100932208: daddr:16783984
[  284.149490] AAAAA-TCP_FORW: name:enp0s3: saddr:100932208: daddr:33561200
[  284.194340] AAAAA-TCP_FORW: name:enp0s3: saddr:100932208: daddr:33561200
[  284.206003] AAAAA-TCP_FORW: name:enp0s3: saddr:100932208: daddr:33561200
[  284.245709] AAAAA-TCP_FORW: name:enp0s3: saddr:100932208: daddr:16783984
[  284.264105] AAAAA-TCP_FORW: name:enp0s3: saddr:16783984: daddr:100932208
[  284.275950] AAAAA-TCP_FORW: name:enp0s3: saddr:100932208: daddr:16783984
[  284.298689] AAAAA-TCP_FORW: name:enp0s3: saddr:33561200: daddr:100932208
[  284.308203] AAAAA-TCP_FORW: name:enp0s3: saddr:100932208: daddr:16783984
[  284.342653] AAAAA-TCP_FORW: name:enp0s3: saddr:33561200: daddr:100932208
[  284.357672] AAAAA-TCP_FORW: name:enp0s3: saddr:33561200: daddr:100932208
[  284.395316] AAAAA-TCP_FORW: name:enp0s3: saddr:16783984: daddr:100932208
[  284.416978] AAAAA-TCP_FORW: name:enp0s3: saddr:100932208: daddr:16783984
[  284.440066] AAAAA-TCP_FORW: name:enp0s3: saddr:16783984: daddr:100932208
[  284.463948] AAAAA-TCP_FORW: name:enp0s3: saddr:100932208: daddr:33561200
[  284.488381] AAAAA-TCP_FORW: name:enp0s3: saddr:16783984: daddr:100932208
[  284.510274] AAAAA-TCP_FORW: name:enp0s3: saddr:100932208: daddr:33561200
[  284.538954] AAAAA-TCP_FORW: name:enp0s3: saddr:100932208: daddr:33561200
[  284.562072] AAAAA-TCP_FORW: name:enp0s3: saddr:100932208: daddr:16783984
[  284.588641] AAAAA-TCP_FORW: name:enp0s3: saddr:16783984: daddr:100932208
[  284.634557] AAAAA-TCP_FORW: name:enp0s3: saddr:100932208: daddr:16783984
[  284.658948] AAAAA-TCP_FORW: name:enp0s3: saddr:33561200: daddr:100932208
[  284.682141] AAAAA-TCP_FORW: name:enp0s3: saddr:100932208: daddr:16783984
[  284.709655] AAAAA-TCP_FORW: name:enp0s3: saddr:33561200: daddr:100932208
[  284.742242] AAAAA-TCP_FORW: name:enp0s3: saddr:33561200: daddr:100932208
[  284.763885] AAAAA-TCP_FORW: name:enp0s3: saddr:16783984: daddr:100932208
[  284.779002] AAAAA-TCP_FORW: name:enp0s3: saddr:100932208: daddr:16783984
[  284.805611] AAAAA-TCP_FORW: name:enp0s3: saddr:16783984: daddr:100932208
[  284.830035] AAAAA-TCP_FORW: name:enp0s3: saddr:100932208: daddr:33561200
[  284.878110] AAAAA-TCP_FORW: name:enp0s3: saddr:16783984: daddr:100932208
[  284.898743] AAAAA-TCP_FORW: name:enp0s3: saddr:100932208: daddr:33561200
[  284.927466] AAAAA-TCP_FORW: name:enp0s3: saddr:100932208: daddr:33561200
[  284.961454] AAAAA-TCP_FORW: name:enp0s3: saddr:100932208: daddr:33561200
[  284.974122] AAAAA-TCP_FORW: name:enp0s3: saddr:16783984: daddr:100932208
[  285.013524] AAAAA-TCP_FORW: name:enp0s3: saddr:100932208: daddr:16783984
[  285.027470] AAAAA-TCP_FORW: name:enp0s3: saddr:33561200: daddr:100932208
[  285.039209] AAAAA-TCP_FORW: name:enp0s3: saddr:100932208: daddr:16783984
[  285.072197] AAAAA-TCP_FORW: name:enp0s3: saddr:100932208: daddr:16783984
[  285.083490] AAAAA-TCP_FORW: name:enp0s3: saddr:33561200: daddr:100932208
[  285.119230] AAAAA-TCP_FORW: name:enp0s3: saddr:33561200: daddr:100932208
[  285.164798] AAAAA-TCP_FORW: name:enp0s3: saddr:33561200: daddr:100932208
[  285.177051] AAAAA-TCP_FORW: name:enp0s3: saddr:100932208: daddr:16783984
[  285.207148] AAAAA-TCP_FORW: name:enp0s3: saddr:16783984: daddr:100932208
[  285.245930] AAAAA-TCP_FORW: name:enp0s3: saddr:100932208: daddr:33561200
[  285.273086] AAAAA-TCP_FORW: name:enp0s3: saddr:16783984: daddr:100932208
[  285.311854] AAAAA-TCP_FORW: name:enp0s3: saddr:100932208: daddr:33561200
[  285.321803] AAAAA-TCP_FORW: name:enp0s3: saddr:16783984: daddr:100932208
[  285.346932] AAAAA-TCP_FORW: name:enp0s3: saddr:100932208: daddr:33561200
[  285.382398] AAAAA-TCP_FORW: name:enp0s3: saddr:100932208: daddr:33561200
[  285.412419] AAAAA-TCP_FORW: name:enp0s3: saddr:16783984: daddr:100932208
[  285.438609] AAAAA-TCP_FORW: name:enp0s3: saddr:100932208: daddr:16783984
[  285.485393] AAAAA-TCP_FORW: name:enp0s3: saddr:33561200: daddr:100932208
[  285.508704] AAAAA-TCP_FORW: name:enp0s3: saddr:100932208: daddr:16783984
[  285.529798] AAAAA-TCP_FORW: name:enp0s3: saddr:100932208: daddr:16783984
[  285.544276] AAAAA-TCP_FORW: name:enp0s3: saddr:33561200: daddr:100932208
[  285.569623] AAAAA-TCP_FORW: name:enp0s3: saddr:100932208: daddr:16783984
[  285.597238] AAAAA-TCP_FORW: name:enp0s3: saddr:33561200: daddr:100932208
[  285.631927] AAAAA-TCP_FORW: name:enp0s3: saddr:33561200: daddr:100932208
[  285.650217] AAAAA-TCP_FORW: name:enp0s3: saddr:100932208: daddr:16783984
[  285.673265] AAAAA-TCP_FORW: name:enp0s3: saddr:16783984: daddr:100932208
[  285.717785] AAAAA-TCP_FORW: name:enp0s3: saddr:100932208: daddr:33561200
[  285.743289] AAAAA-TCP_FORW: name:enp0s3: saddr:16783984: daddr:100932208
[  285.778547] AAAAA-TCP_FORW: name:enp0s3: saddr:16783984: daddr:100932208
[  285.796306] AAAAA-TCP_FORW: name:enp0s3: saddr:100932208: daddr:33561200
[  285.825262] AAAAA-TCP_FORW: name:enp0s3: saddr:16783984: daddr:100932208
[  285.848525] AAAAA-TCP_FORW: name:enp0s3: saddr:100932208: daddr:33561200
[  285.888644] AAAAA-TCP_FORW: name:enp0s3: saddr:100932208: daddr:33561200
[  285.908905] AAAAA-TCP_FORW: name:enp0s3: saddr:16783984: daddr:100932208
[  285.942806] AAAAA-TCP_FORW: name:enp0s3: saddr:100932208: daddr:16783984
[  285.983189] AAAAA-TCP_FORW: name:enp0s3: saddr:33561200: daddr:100932208
[  286.006382] AAAAA-TCP_FORW: name:enp0s3: saddr:100932208: daddr:16783984
[  286.045009] AAAAA-TCP_FORW: name:enp0s3: saddr:100932208: daddr:16783984
[  286.064933] AAAAA-TCP_FORW: name:enp0s3: saddr:33561200: daddr:100932208
[  286.090765] AAAAA-TCP_FORW: name:enp0s3: saddr:100932208: daddr:16783984
[  286.118858] AAAAA-TCP_FORW: name:enp0s3: saddr:33561200: daddr:100932208
[  286.157514] AAAAA-TCP_FORW: name:enp0s3: saddr:33561200: daddr:100932208
[  286.173779] AAAAA-TCP_FORW: name:enp0s3: saddr:100932208: daddr:16783984
[  286.201735] AAAAA-TCP_FORW: name:enp0s3: saddr:16783984: daddr:100932208
[  286.232797] AAAAA-TCP_FORW: name:enp0s3: saddr:100932208: daddr:33561200
[  286.259205] AAAAA-TCP_FORW: name:enp0s3: saddr:16783984: daddr:100932208
[  286.290895] AAAAA-TCP_FORW: name:enp0s3: saddr:16783984: daddr:100932208
[  286.308164] AAAAA-TCP_FORW: name:enp0s3: saddr:100932208: daddr:33561200
[  286.333390] AAAAA-TCP_FORW: name:enp0s3: saddr:16783984: daddr:100932208
[  286.355806] AAAAA-TCP_FORW: name:enp0s3: saddr:100932208: daddr:33561200
[  286.388775] AAAAA-TCP_FORW: name:enp0s3: saddr:100932208: daddr:33561200
[  286.408400] AAAAA-TCP_FORW: name:enp0s3: saddr:16783984: daddr:100932208
[  286.427898] AAAAA-TCP_FORW: name:enp0s3: saddr:100932208: daddr:16783984
[  286.454493] AAAAA-TCP_FORW: name:enp0s3: saddr:33561200: daddr:100932208
[  286.500106] AAAAA-TCP_FORW: name:enp0s3: saddr:100932208: daddr:16783984
[  286.535517] AAAAA-TCP_FORW: name:enp0s3: saddr:100932208: daddr:16783984
[  286.551306] AAAAA-TCP_FORW: name:enp0s3: saddr:33561200: daddr:100932208
[  286.571646] AAAAA-TCP_FORW: name:enp0s3: saddr:100932208: daddr:16783984
[  286.605292] AAAAA-TCP_FORW: name:enp0s3: saddr:33561200: daddr:100932208
[  286.637833] AAAAA-TCP_FORW: name:enp0s3: saddr:33561200: daddr:100932208
[  286.649797] AAAAA-TCP_FORW: name:enp0s3: saddr:100932208: daddr:16783984
[  286.678458] AAAAA-TCP_FORW: name:enp0s3: saddr:16783984: daddr:100932208
[  286.704774] AAAAA-TCP_FORW: name:enp0s3: saddr:100932208: daddr:33561200
[  286.742125] AAAAA-TCP_FORW: name:enp0s3: saddr:16783984: daddr:100932208
[  286.773853] AAAAA-TCP_FORW: name:enp0s3: saddr:16783984: daddr:100932208
[  286.785499] AAAAA-TCP_FORW: name:enp0s3: saddr:100932208: daddr:33561200
[  286.818415] AAAAA-TCP_FORW: name:enp0s3: saddr:16783984: daddr:100932208
[  286.850042] AAAAA-TCP_FORW: name:enp0s3: saddr:100932208: daddr:33561200
[  286.874492] AAAAA-TCP_FORW: name:enp0s3: saddr:100932208: daddr:33561200
[  286.899870] AAAAA-TCP_FORW: name:enp0s3: saddr:16783984: daddr:100932208
[  286.925022] AAAAA-TCP_FORW: name:enp0s3: saddr:100932208: daddr:16783984
[  286.962433] AAAAA-TCP_FORW: name:enp0s3: saddr:33561200: daddr:100932208
[  286.991085] AAAAA-TCP_FORW: name:enp0s3: saddr:100932208: daddr:16783984
[  287.046059] AAAAA-TCP_FORW: name:enp0s3: saddr:100932208: daddr:16783984
[  287.090913] AAAAA-TCP_FORW: name:enp0s3: saddr:33561200: daddr:100932208
[  287.107922] AAAAA-TCP_FORW: name:enp0s3: saddr:100932208: daddr:16783984
[  287.186895] AAAAA-TCP_FORW: name:enp0s3: saddr:100932208: daddr:16783984
[  287.210821] AAAAA-TCP_FORW: name:enp0s3: saddr:33561200: daddr:100932208
[  287.284512] AAAAA-TCP_FORW: name:enp0s3: saddr:33561200: daddr:100932208
[  287.299664] AAAAA-TCP_FORW: name:enp0s3: saddr:100932208: daddr:16783984
[  287.350020] AAAAA-TCP_FORW: name:enp0s3: saddr:16783984: daddr:100932208
[  287.371142] AAAAA-TCP_FORW: name:enp0s3: saddr:100932208: daddr:33561200
[  287.397063] AAAAA-TCP_FORW: name:enp0s3: saddr:16783984: daddr:100932208
[  287.409938] AAAAA-TCP_FORW: name:enp0s3: saddr:100932208: daddr:33561200
[  287.441304] AAAAA-TCP_FORW: name:enp0s3: saddr:16783984: daddr:100932208
[  287.473455] AAAAA-TCP_FORW: name:enp0s3: saddr:100932208: daddr:33561200
[  287.501418] AAAAA-TCP_FORW: name:enp0s3: saddr:16783984: daddr:100932208
[  287.529341] AAAAA-TCP_FORW: name:enp0s3: saddr:16783984: daddr:100932208
[  287.548284] AAAAA-TCP_FORW: name:enp0s3: saddr:100932208: daddr:33561200
[  287.599376] AAAAA-TCP_FORW: name:enp0s3: saddr:100932208: daddr:33561200
[  287.615348] AAAAA-TCP_FORW: name:enp0s3: saddr:16783984: daddr:100932208
[  287.642414] AAAAA-TCP_FORW: name:enp0s3: saddr:100932208: daddr:16783984
[  287.671112] AAAAA-TCP_FORW: name:enp0s3: saddr:33561200: daddr:100932208
[  287.695736] AAAAA-TCP_FORW: name:enp0s3: saddr:100932208: daddr:16783984
[  287.723103] AAAAA-TCP_FORW: name:enp0s3: saddr:33561200: daddr:100932208
[  287.755408] AAAAA-TCP_FORW: name:enp0s3: saddr:100932208: daddr:16783984
[  287.777904] AAAAA-TCP_FORW: name:enp0s3: saddr:33561200: daddr:100932208
[  287.801443] AAAAA-TCP_FORW: name:enp0s3: saddr:100932208: daddr:16783984
[  287.829573] AAAAA-TCP_FORW: name:enp0s3: saddr:100932208: daddr:16783984
[  287.860205] AAAAA-TCP_FORW: name:enp0s3: saddr:33561200: daddr:100932208
[  287.889670] AAAAA-TCP_FORW: name:enp0s3: saddr:33561200: daddr:100932208
[  287.913594] AAAAA-TCP_FORW: name:enp0s3: saddr:100932208: daddr:16783984
[  287.943530] AAAAA-TCP_FORW: name:enp0s3: saddr:16783984: daddr:100932208
[  287.962595] AAAAA-TCP_FORW: name:enp0s3: saddr:100932208: daddr:33561200
[  288.000209] AAAAA-TCP_FORW: name:enp0s3: saddr:16783984: daddr:100932208
[  288.023409] AAAAA-TCP_FORW: name:enp0s3: saddr:100932208: daddr:33561200
[  288.049282] AAAAA-TCP_FORW: name:enp0s3: saddr:16783984: daddr:100932208
[  288.072705] AAAAA-TCP_FORW: name:enp0s3: saddr:100932208: daddr:33561200
[  288.112878] AAAAA-TCP_FORW: name:enp0s3: saddr:16783984: daddr:100932208
[  288.153092] AAAAA-TCP_FORW: name:enp0s3: saddr:16783984: daddr:100932208
[  288.172805] AAAAA-TCP_FORW: name:enp0s3: saddr:100932208: daddr:33561200
[  288.204866] AAAAA-TCP_FORW: name:enp0s3: saddr:100932208: daddr:33561200
[  288.236081] AAAAA-TCP_FORW: name:enp0s3: saddr:16783984: daddr:100932208
[  288.264010] AAAAA-TCP_FORW: name:enp0s3: saddr:100932208: daddr:16783984
[  288.298760] AAAAA-TCP_FORW: name:enp0s3: saddr:33561200: daddr:100932208
[  288.323356] AAAAA-TCP_FORW: name:enp0s3: saddr:100932208: daddr:16783984
[  288.378820] AAAAA-TCP_FORW: name:enp0s3: saddr:33561200: daddr:100932208
[  288.406151] AAAAA-TCP_FORW: name:enp0s3: saddr:100932208: daddr:16783984
[  288.468231] AAAAA-TCP_FORW: name:enp0s3: saddr:33561200: daddr:100932208
[  288.483868] AAAAA-TCP_FORW: name:enp0s3: saddr:100932208: daddr:16783984
[  288.523596] AAAAA-TCP_FORW: name:enp0s3: saddr:100932208: daddr:16783984
[  288.542665] AAAAA-TCP_FORW: name:enp0s3: saddr:33561200: daddr:100932208
[  288.587280] AAAAA-TCP_FORW: name:enp0s3: saddr:33561200: daddr:100932208
[  288.607861] AAAAA-TCP_FORW: name:enp0s3: saddr:100932208: daddr:16783984
[  288.634465] AAAAA-TCP_FORW: name:enp0s3: saddr:16783984: daddr:100932208
[  288.658928] AAAAA-TCP_FORW: name:enp0s3: saddr:100932208: daddr:33561200
[  288.699589] AAAAA-TCP_FORW: name:enp0s3: saddr:16783984: daddr:100932208
[  288.712462] AAAAA-TCP_FORW: name:enp0s3: saddr:100932208: daddr:16783984
[  288.742162] AAAAA-TCP_FORW: name:enp0s3: saddr:100932208: daddr:33561200
[  288.752856] AAAAA-TCP_FORW: name:enp0s3: saddr:16783984: daddr:100932208
[  288.854736] AAAAA-TCP_FORW: name:enp0s3: saddr:100932208: daddr:33561200
[  288.898041] AAAAA-TCP_FORW: name:enp0s3: saddr:16783984: daddr:100932208
[  288.928296] AAAAA-TCP_FORW: name:enp0s3: saddr:16783984: daddr:100932208
[  288.941501] AAAAA-TCP_FORW: name:enp0s3: saddr:100932208: daddr:33561200
[  288.985271] AAAAA-TCP_FORW: name:enp0s3: saddr:100932208: daddr:33561200
[  288.999361] AAAAA-TCP_FORW: name:enp0s3: saddr:16783984: daddr:100932208
[  289.033318] AAAAA-TCP_FORW: name:enp0s3: saddr:100932208: daddr:16783984
[  289.060411] AAAAA-TCP_FORW: name:enp0s3: saddr:33561200: daddr:100932208
[  289.083176] AAAAA-TCP_FORW: name:enp0s3: saddr:100932208: daddr:16783984
[  289.108150] AAAAA-TCP_FORW: name:enp0s3: saddr:16783984: daddr:100932208
[  289.124316] AAAAA-TCP_FORW: name:enp0s3: saddr:100932208: daddr:16783984
[  289.138687] AAAAA-TCP_FORW: name:enp0s3: saddr:16783984: daddr:100932208
[  289.160717] AAAAA-TCP_FORW: name:enp0s3: saddr:16783984: daddr:100932208
[  289.171931] AAAAA-TCP_FORW: name:enp0s3: saddr:100932208: daddr:16783984
[  289.204922] AAAAA-TCP_FORW: name:enp0s3: saddr:33561200: daddr:100932208
[  289.218356] AAAAA-TCP_FORW: name:enp0s3: saddr:16783984: daddr:100932208
[  289.229179] AAAAA-TCP_FORW: name:enp0s3: saddr:100932208: daddr:16783984
[  289.262879] AAAAA-TCP_FORW: name:enp0s3: saddr:33561200: daddr:100932208
[  289.287225] AAAAA-TCP_FORW: name:enp0s3: saddr:100932208: daddr:16783984
[  289.310146] AAAAA-TCP_FORW: name:enp0s3: saddr:33561200: daddr:100932208
[  289.314422] AAAAA-TCP_FORW: name:enp0s3: saddr:100932208: daddr:16783984
[  289.342250] AAAAA-TCP_FORW: name:enp0s3: saddr:33561200: daddr:100932208
[  289.364538] AAAAA-TCP_FORW: name:enp0s3: saddr:100932208: daddr:16783984
[  289.401927] AAAAA-TCP_FORW: name:enp0s3: saddr:100932208: daddr:33561200
[  289.470009] AAAAA-TCP_FORW: name:enp0s3: saddr:16783984: daddr:100932208
[  289.483140] AAAAA-TCP_FORW: name:enp0s3: saddr:100932208: daddr:16783984
[  289.512476] AAAAA-TCP_FORW: name:enp0s3: saddr:100932208: daddr:16783984
[  289.529908] AAAAA-TCP_FORW: name:enp0s3: saddr:100932208: daddr:33561200
[  289.575939] AAAAA-TCP_FORW: name:enp0s3: saddr:100932208: daddr:16783984
[  289.669676] AAAAA-TCP_FORW: name:enp0s3: saddr:16783984: daddr:100932208
[  289.694085] AAAAA-TCP_FORW: name:enp0s3: saddr:16783984: daddr:100932208
[  289.804200] AAAAA-TCP_FORW: name:enp0s3: saddr:33561200: daddr:100932208
[  289.841900] AAAAA-TCP_FORW: name:enp0s3: saddr:100932208: daddr:16783984
[  289.899014] AAAAA-TCP_FORW: name:enp0s3: saddr:33561200: daddr:100932208
[  289.937180] AAAAA-TCP_FORW: name:enp0s3: saddr:16783984: daddr:100932208
[  289.982497] AAAAA-TCP_FORW: name:enp0s3: saddr:100932208: daddr:16783984
[  290.049885] AAAAA-TCP_FORW: name:enp0s3: saddr:100932208: daddr:33561200
[  290.075827] AAAAA-TCP_FORW: name:enp0s3: saddr:100932208: daddr:16783984
[  290.121430] AAAAA-TCP_FORW: name:enp0s3: saddr:33561200: daddr:100932208
[  290.158810] AAAAA-TCP_FORW: name:enp0s3: saddr:33561200: daddr:100932208
[  290.194392] AAAAA-TCP_FORW: name:enp0s3: saddr:100932208: daddr:33561200
[  290.263136] AAAAA-TCP_FORW: name:enp0s3: saddr:33561200: daddr:100932208
[  290.293165] AAAAA-TCP_FORW: name:enp0s3: saddr:100932208: daddr:33561200
[  290.315112] AAAAA-TCP_FORW: name:enp0s3: saddr:100932208: daddr:33561200
[  290.335583] AAAAA-TCP_FORW: name:enp0s3: saddr:100932208: daddr:33561200
[  290.365152] AAAAA-TCP_FORW: name:enp0s3: saddr:33561200: daddr:100932208
[  290.401121] AAAAA-TCP_FORW: name:enp0s3: saddr:33561200: daddr:100932208
[  290.427934] AAAAA-TCP_FORW: name:enp0s3: saddr:33561200: daddr:100932208
[  290.436118] AAAAA-TCP_FORW: name:enp0s3: saddr:100932208: daddr:33561200
[  290.469525] AAAAA-TCP_FORW: name:enp0s3: saddr:100932208: daddr:33561200
[  290.515867] AAAAA-TCP_FORW: name:enp0s3: saddr:100932208: daddr:16783984
[  290.529668] AAAAA-TCP_FORW: name:enp0s3: saddr:16783984: daddr:100932208
[  290.568163] AAAAA-TCP_FORW: name:enp0s3: saddr:33561200: daddr:100932208
[  290.599344] AAAAA-TCP_FORW: name:enp0s3: saddr:16783984: daddr:100932208
[  290.632068] AAAAA-TCP_FORW: name:enp0s3: saddr:100932208: daddr:16783984
[  492.527404] rfkill: input handler enabled
[  500.893333] rfkill: input handler disabled
[  688.866216] device enp0s3 left promiscuous mode
