[    0.000000] Linux version 5.4.243-mptcp (root@ztg) (gcc version 12.2.0 (Debian 12.2.0-14+deb12u1)) #53 SMP Wed Dec 24 23:28:15 CST 2025
[    0.000000] Command line: BOOT_IMAGE=/boot/vmlinuz-5.4.243-mptcp root=UUID=98415a12-53b7-4144-8265-0f7ece09e445 ro quiet splash
[    0.000000] KERNEL supported cpus:
[    0.000000]   Intel GenuineIntel
[    0.000000]   AMD AuthenticAMD
[    0.000000]   Hygon HygonGenuine
[    0.000000]   Centaur CentaurHauls
[    0.000000]   zhaoxin   Shanghai  
[    0.000000] x86/fpu: Supporting XSAVE feature 0x001: 'x87 floating point registers'
[    0.000000] x86/fpu: Supporting XSAVE feature 0x002: 'SSE registers'
[    0.000000] x86/fpu: Supporting XSAVE feature 0x004: 'AVX registers'
[    0.000000] x86/fpu: xstate_offset[2]:  576, xstate_sizes[2]:  256
[    0.000000] x86/fpu: Enabled xstate features 0x7, context size is 832 bytes, using 'standard' format.
[    0.000000] BIOS-provided physical RAM map:
[    0.000000] BIOS-e820: [mem 0x0000000000000000-0x000000000009fbff] usable
[    0.000000] BIOS-e820: [mem 0x000000000009fc00-0x000000000009ffff] reserved
[    0.000000] BIOS-e820: [mem 0x00000000000f0000-0x00000000000fffff] reserved
[    0.000000] BIOS-e820: [mem 0x0000000000100000-0x000000007ffeffff] usable
[    0.000000] BIOS-e820: [mem 0x000000007fff0000-0x000000007fffffff] ACPI data
[    0.000000] BIOS-e820: [mem 0x00000000fec00000-0x00000000fec00fff] reserved
[    0.000000] BIOS-e820: [mem 0x00000000fee00000-0x00000000fee00fff] reserved
[    0.000000] BIOS-e820: [mem 0x00000000fffc0000-0x00000000ffffffff] reserved
[    0.000000] NX (Execute Disable) protection: active
[    0.000000] SMBIOS 2.5 present.
[    0.000000] DMI: innotek GmbH VirtualBox/VirtualBox, BIOS VirtualBox 12/01/2006
[    0.000000] Hypervisor detected: KVM
[    0.000000] kvm-clock: Using msrs 4b564d01 and 4b564d00
[    0.000000] kvm-clock: cpu 0, msr ae01001, primary cpu clock
[    0.000000] kvm-clock: using sched offset of 4449916568 cycles
[    0.000002] clocksource: kvm-clock: mask: 0xffffffffffffffff max_cycles: 0x1cd42e4dffb, max_idle_ns: 881590591483 ns
[    0.000005] tsc: Detected 2100.000 MHz processor
[    0.001924] e820: update [mem 0x00000000-0x00000fff] usable ==> reserved
[    0.001926] e820: remove [mem 0x000a0000-0x000fffff] usable
[    0.001931] last_pfn = 0x7fff0 max_arch_pfn = 0x400000000
[    0.001999] MTRR default type: uncachable
[    0.002000] MTRR fixed ranges enabled:
[    0.002001]   00000-9FFFF write-back
[    0.002002]   A0000-BFFFF uncachable
[    0.002003]   C0000-FFFFF write-protect
[    0.002004] MTRR variable ranges enabled:
[    0.002005]   0 base 000000000000 mask 3FFF80000000 write-back
[    0.002006]   1 disabled
[    0.002006]   2 disabled
[    0.002006]   3 disabled
[    0.002007]   4 disabled
[    0.002007]   5 disabled
[    0.002008]   6 disabled
[    0.002008]   7 disabled
[    0.002009]   8 disabled
[    0.002009]   9 disabled
[    0.002009]   10 disabled
[    0.002010]   11 disabled
[    0.002010]   12 disabled
[    0.002011]   13 disabled
[    0.002011]   14 disabled
[    0.002012]   15 disabled
[    0.002028] x86/PAT: Configuration [0-7]: WB  WC  UC- UC  WB  WP  UC- WT  
[    0.002160] found SMP MP-table at [mem 0x0009fff0-0x0009ffff]
[    0.090217] check: Scanning 1 areas for low memory corruption
[    0.090334] RAMDISK: [mem 0x32271000-0x3512ffff]
[    0.090342] ACPI: Early table checksum verification disabled
[    0.090348] ACPI: RSDP 0x00000000000E0000 000024 (v02 VBOX  )
[    0.090352] ACPI: XSDT 0x000000007FFF0030 00003C (v01 VBOX   VBOXXSDT 00000001 ASL  00000061)
[    0.090359] ACPI: FACP 0x000000007FFF00F0 0000F4 (v04 VBOX   VBOXFACP 00000001 ASL  00000061)
[    0.090365] ACPI: DSDT 0x000000007FFF02E0 002353 (v02 VBOX   VBOXBIOS 00000002 VBOX 00029BF3)
[    0.090369] ACPI: FACS 0x000000007FFF0200 000040
[    0.090373] ACPI: FACS 0x000000007FFF0200 000040
[    0.090376] ACPI: APIC 0x000000007FFF0240 000054 (v02 VBOX   VBOXAPIC 00000001 ASL  00000061)
[    0.090380] ACPI: SSDT 0x000000007FFF02A0 000038 (v01 VBOX   VBOXCPUT 00000002 VBOX 00029BF3)
[    0.090383] ACPI: Reserving FACP table memory at [mem 0x7fff00f0-0x7fff01e3]
[    0.090384] ACPI: Reserving DSDT table memory at [mem 0x7fff02e0-0x7fff2632]
[    0.090384] ACPI: Reserving FACS table memory at [mem 0x7fff0200-0x7fff023f]
[    0.090385] ACPI: Reserving FACS table memory at [mem 0x7fff0200-0x7fff023f]
[    0.090386] ACPI: Reserving APIC table memory at [mem 0x7fff0240-0x7fff0293]
[    0.090386] ACPI: Reserving SSDT table memory at [mem 0x7fff02a0-0x7fff02d7]
[    0.090402] ACPI: Local APIC address 0xfee00000
[    0.090586] No NUMA configuration found
[    0.090588] Faking a node at [mem 0x0000000000000000-0x000000007ffeffff]
[    0.090598] NODE_DATA(0) allocated [mem 0x7ffc5000-0x7ffeffff]
[    0.090858] Zone ranges:
[    0.090859]   DMA      [mem 0x0000000000001000-0x0000000000ffffff]
[    0.090860]   DMA32    [mem 0x0000000001000000-0x000000007ffeffff]
[    0.090861]   Normal   empty
[    0.090862]   Device   empty
[    0.090862] Movable zone start for each node
[    0.090864] Early memory node ranges
[    0.090865]   node   0: [mem 0x0000000000001000-0x000000000009efff]
[    0.090866]   node   0: [mem 0x0000000000100000-0x000000007ffeffff]
[    0.090869] Zeroed struct page in unavailable ranges: 114 pages
[    0.090870] Initmem setup node 0 [mem 0x0000000000001000-0x000000007ffeffff]
[    0.090871] On node 0 totalpages: 524174
[    0.090872]   DMA zone: 64 pages used for memmap
[    0.090873]   DMA zone: 21 pages reserved
[    0.090873]   DMA zone: 3998 pages, LIFO batch:0
[    0.090946]   DMA32 zone: 8128 pages used for memmap
[    0.090947]   DMA32 zone: 520176 pages, LIFO batch:63
[    0.099847] ACPI: PM-Timer IO Port: 0x4008
[    0.099850] ACPI: Local APIC address 0xfee00000
[    0.099915] IOAPIC[0]: apic_id 1, version 32, address 0xfec00000, GSI 0-23
[    0.099918] ACPI: INT_SRC_OVR (bus 0 bus_irq 0 global_irq 2 dfl dfl)
[    0.099920] ACPI: INT_SRC_OVR (bus 0 bus_irq 9 global_irq 9 low level)
[    0.099921] ACPI: IRQ0 used by override.
[    0.099923] ACPI: IRQ9 used by override.
[    0.099925] Using ACPI (MADT) for SMP configuration information
[    0.099931] smpboot: Allowing 1 CPUs, 0 hotplug CPUs
[    0.099955] PM: Registered nosave memory: [mem 0x00000000-0x00000fff]
[    0.099956] PM: Registered nosave memory: [mem 0x0009f000-0x0009ffff]
[    0.099957] PM: Registered nosave memory: [mem 0x000a0000-0x000effff]
[    0.099957] PM: Registered nosave memory: [mem 0x000f0000-0x000fffff]
[    0.099959] [mem 0x80000000-0xfebfffff] available for PCI devices
[    0.099960] Booting paravirtualized kernel on KVM
[    0.099963] clocksource: refined-jiffies: mask: 0xffffffff max_cycles: 0xffffffff, max_idle_ns: 7645519600211568 ns
[    0.099967] setup_percpu: NR_CPUS:8192 nr_cpumask_bits:1 nr_cpu_ids:1 nr_node_ids:1
[    0.100995] percpu: Embedded 60 pages/cpu s208896 r8192 d28672 u2097152
[    0.101000] pcpu-alloc: s208896 r8192 d28672 u2097152 alloc=1*2097152
[    0.101001] pcpu-alloc: [0] 0 
[    0.101027] Built 1 zonelists, mobility grouping on.  Total pages: 515961
[    0.101027] Policy zone: DMA32
[    0.101028] Kernel command line: BOOT_IMAGE=/boot/vmlinuz-5.4.243-mptcp root=UUID=98415a12-53b7-4144-8265-0f7ece09e445 ro quiet splash
[    0.101938] Dentry cache hash table entries: 262144 (order: 9, 2097152 bytes, linear)
[    0.102084] Inode-cache hash table entries: 131072 (order: 8, 1048576 bytes, linear)
[    0.102137] mem auto-init: stack:off, heap alloc:on, heap free:off
[    0.102140] Calgary: detecting Calgary via BIOS EBDA area
[    0.102141] Calgary: Unable to locate Rio Grande table in EBDA - bailing!
[    0.106267] Memory: 1967332K/2096696K available (14339K kernel code, 2398K rwdata, 4712K rodata, 2728K init, 17260K bss, 129364K reserved, 0K cma-reserved)
[    0.107202] SLUB: HWalign=64, Order=0-3, MinObjects=0, CPUs=1, Nodes=1
[    0.107219] ftrace: allocating 43186 entries in 169 pages
[    0.125312] rcu: Hierarchical RCU implementation.
[    0.125314] rcu: 	RCU restricting CPUs from NR_CPUS=8192 to nr_cpu_ids=1.
[    0.125315] 	Tasks RCU enabled.
[    0.125315] rcu: RCU calculated value of scheduler-enlistment delay is 25 jiffies.
[    0.125316] rcu: Adjusting geometry for rcu_fanout_leaf=16, nr_cpu_ids=1
[    0.128278] NR_IRQS: 524544, nr_irqs: 256, preallocated irqs: 16
[    0.128489] random: crng init done
[    0.137786] Console: colour VGA+ 80x25
[    0.137790] printk: console [tty0] enabled
[    0.137809] ACPI: Core revision 20190816
[    0.137905] APIC: Switch to symmetric I/O mode setup
[    0.138151] x2apic enabled
[    0.138386] Switched APIC routing to physical x2apic.
[    0.139503] ..TIMER: vector=0x30 apic1=0 pin1=2 apic2=-1 pin2=-1
[    0.139531] clocksource: tsc-early: mask: 0xffffffffffffffff max_cycles: 0x1e4530a99b6, max_idle_ns: 440795257976 ns
[    0.139536] Calibrating delay loop (skipped) preset value.. 4200.00 BogoMIPS (lpj=8400000)
[    0.139538] pid_max: default: 32768 minimum: 301
[    0.139567] LSM: Security Framework initializing
[    0.139576] Yama: becoming mindful.
[    0.139602] AppArmor: AppArmor initialized
[    0.139636] Mount-cache hash table entries: 4096 (order: 3, 32768 bytes, linear)
[    0.139640] Mountpoint-cache hash table entries: 4096 (order: 3, 32768 bytes, linear)
[    0.139650] *** VALIDATE tmpfs ***
[    0.139783] *** VALIDATE proc ***
[    0.139824] *** VALIDATE cgroup1 ***
[    0.139825] *** VALIDATE cgroup2 ***
[    0.139967] process: using mwait in idle threads
[    0.139972] Last level iTLB entries: 4KB 64, 2MB 8, 4MB 8
[    0.139972] Last level dTLB entries: 4KB 64, 2MB 0, 4MB 0, 1GB 4
[    0.139992] Spectre V1 : Mitigation: usercopy/swapgs barriers and __user pointer sanitization
[    0.139998] Spectre V2 : Mitigation: Retpolines
[    0.139999] Spectre V2 : Spectre v2 / SpectreRSB mitigation: Filling RSB on context switch
[    0.139999] Spectre V2 : Spectre v2 / SpectreRSB : Filling RSB on VMEXIT
[    0.140000] RETBleed: WARNING: Spectre v2 mitigation leaves CPU vulnerable to RETBleed attacks, data leaks possible!
[    0.140351] RETBleed: Vulnerable
[    0.140352] Speculative Store Bypass: Vulnerable
[    0.140356] TAA: Mitigation: TSX disabled
[    0.140357] MMIO Stale Data: Mitigation: Clear CPU buffers
[    0.144534] Freeing SMP alternatives memory: 40K
[    0.256801] smpboot: CPU0: Intel(R) Xeon(R) Silver 4216 CPU @ 2.10GHz (family: 0x6, model: 0x55, stepping: 0x7)
[    0.256920] Performance Events: unsupported p6 CPU model 85 no PMU driver, software events only.
[    0.256956] rcu: Hierarchical SRCU implementation.
[    0.257428] NMI watchdog: Perf NMI watchdog permanently disabled
[    0.257468] smp: Bringing up secondary CPUs ...
[    0.257469] smp: Brought up 1 node, 1 CPU
[    0.257470] smpboot: Max logical packages: 1
[    0.257472] smpboot: Total of 1 processors activated (4200.00 BogoMIPS)
[    0.258461] devtmpfs: initialized
[    0.258508] x86/mm: Memory block size: 128MB
[    0.258875] clocksource: jiffies: mask: 0xffffffff max_cycles: 0xffffffff, max_idle_ns: 7645041785100000 ns
[    0.258880] futex hash table entries: 256 (order: 2, 16384 bytes, linear)
[    0.258924] pinctrl core: initialized pinctrl subsystem
[    0.259027] PM: RTC time: 17:41:20, date: 2026-01-17
[    0.259135] NET: Registered protocol family 16
[    0.259210] audit: initializing netlink subsys (disabled)
[    0.259336] EISA bus registered
[    0.259337] cpuidle: using governor ladder
[    0.259338] cpuidle: using governor menu
[    0.259374] ACPI: bus type PCI registered
[    0.259376] acpiphp: ACPI Hot Plug PCI Controller Driver version: 0.5
[    0.259482] PCI: Using configuration type 1 for base access
[    0.259836] audit: type=2000 audit(1768642886.773:1): state=initialized audit_enabled=0 res=1
[    0.259915] HugeTLB registered 2.00 MiB page size, pre-allocated 0 pages
[    0.260729] ACPI: Added _OSI(Module Device)
[    0.260730] ACPI: Added _OSI(Processor Device)
[    0.260730] ACPI: Added _OSI(3.0 _SCP Extensions)
[    0.260731] ACPI: Added _OSI(Processor Aggregator Device)
[    0.260732] ACPI: Added _OSI(Linux-Dell-Video)
[    0.260733] ACPI: Added _OSI(Linux-Lenovo-NV-HDMI-Audio)
[    0.260734] ACPI: Added _OSI(Linux-HPI-Hybrid-Graphics)
[    0.262691] ACPI: 2 ACPI AML tables successfully acquired and loaded
[    0.264196] ACPI: Interpreter enabled
[    0.264205] ACPI: (supports S0 S5)
[    0.264206] ACPI: Using IOAPIC for interrupt routing
[    0.264410] PCI: Using host bridge windows from ACPI; if necessary, use "pci=nocrs" and report a bug
[    0.264517] ACPI: Enabled 2 GPEs in block 00 to 07
[    0.269459] ACPI: PCI Root Bridge [PCI0] (domain 0000 [bus 00-ff])
[    0.269464] acpi PNP0A03:00: _OSC: OS supports [ASPM ClockPM Segments MSI HPX-Type3]
[    0.269919] acpi PNP0A03:00: _OSC: not requesting OS control; OS requires [ExtendedConfig ASPM ClockPM MSI]
[    0.269928] acpi PNP0A03:00: fail to add MMCONFIG information, can't access extended PCI configuration space under this bridge.
[    0.270297] PCI host bridge to bus 0000:00
[    0.270299] pci_bus 0000:00: root bus resource [io  0x0000-0x0cf7 window]
[    0.270300] pci_bus 0000:00: root bus resource [io  0x0d00-0xffff window]
[    0.270301] pci_bus 0000:00: root bus resource [mem 0x000a0000-0x000bffff window]
[    0.270303] pci_bus 0000:00: root bus resource [mem 0x80000000-0xfdffffff window]
[    0.270304] pci_bus 0000:00: root bus resource [bus 00-ff]
[    0.270345] pci 0000:00:00.0: [8086:1237] type 00 class 0x060000
[    0.271267] pci 0000:00:01.0: [8086:7000] type 00 class 0x060100
[    0.272056] pci 0000:00:01.1: [8086:7111] type 00 class 0x01018a
[    0.272423] pci 0000:00:01.1: reg 0x20: [io  0xd000-0xd00f]
[    0.272574] pci 0000:00:01.1: legacy IDE quirk: reg 0x10: [io  0x01f0-0x01f7]
[    0.272575] pci 0000:00:01.1: legacy IDE quirk: reg 0x14: [io  0x03f6]
[    0.272576] pci 0000:00:01.1: legacy IDE quirk: reg 0x18: [io  0x0170-0x0177]
[    0.272577] pci 0000:00:01.1: legacy IDE quirk: reg 0x1c: [io  0x0376]
[    0.273109] pci 0000:00:02.0: [15ad:0405] type 00 class 0x030000
[    0.275611] pci 0000:00:02.0: reg 0x10: [io  0xd010-0xd01f]
[    0.278457] pci 0000:00:02.0: reg 0x14: [mem 0xe0000000-0xe7ffffff pref]
[    0.281400] pci 0000:00:02.0: reg 0x18: [mem 0xf0000000-0xf01fffff]
[    0.292314] pci 0000:00:03.0: [1022:2000] type 00 class 0x020000
[    0.292992] pci 0000:00:03.0: reg 0x10: [io  0xd020-0xd03f]
[    0.293612] pci 0000:00:03.0: reg 0x14: [mem 0xf0200000-0xf0200fff]
[    0.296977] pci 0000:00:04.0: [80ee:cafe] type 00 class 0x088000
[    0.297656] pci 0000:00:04.0: reg 0x10: [io  0xd040-0xd05f]
[    0.298266] pci 0000:00:04.0: reg 0x14: [mem 0xf0400000-0xf07fffff]
[    0.299648] pci 0000:00:04.0: reg 0x18: [mem 0xf0800000-0xf0803fff pref]
[    0.303156] pci 0000:00:07.0: [8086:7113] type 00 class 0x068000
[    0.303754] pci 0000:00:07.0: quirk: [io  0x4000-0x403f] claimed by PIIX4 ACPI
[    0.303765] pci 0000:00:07.0: quirk: [io  0x4100-0x410f] claimed by PIIX4 SMB
[    0.304340] pci 0000:00:08.0: [1022:2000] type 00 class 0x020000
[    0.305017] pci 0000:00:08.0: reg 0x10: [io  0xd060-0xd07f]
[    0.305629] pci 0000:00:08.0: reg 0x14: [mem 0xf0804000-0xf0804fff]
[    0.308916] pci 0000:00:09.0: [8086:100e] type 00 class 0x020000
[    0.309652] pci 0000:00:09.0: reg 0x10: [mem 0xf0820000-0xf083ffff]
[    0.310871] pci 0000:00:09.0: reg 0x18: [io  0xd080-0xd087]
[    0.320530] ACPI: PCI Interrupt Link [LNKA] (IRQs 5 9 10 *11)
[    0.320812] ACPI: PCI Interrupt Link [LNKB] (IRQs 5 9 *10 11)
[    0.320917] ACPI: PCI Interrupt Link [LNKC] (IRQs 5 *9 10 11)
[    0.321016] ACPI: PCI Interrupt Link [LNKD] (IRQs 5 9 10 *11)
[    0.321274] iommu: Default domain type: Translated 
[    0.321335] pci 0000:00:02.0: vgaarb: setting as boot VGA device
[    0.321337] pci 0000:00:02.0: vgaarb: VGA device added: decodes=io+mem,owns=io+mem,locks=none
[    0.321339] pci 0000:00:02.0: vgaarb: bridge control possible
[    0.321339] vgaarb: loaded
[    0.321552] SCSI subsystem initialized
[    0.321586] libata version 3.00 loaded.
[    0.321607] ACPI: bus type USB registered
[    0.321623] usbcore: registered new interface driver usbfs
[    0.321628] usbcore: registered new interface driver hub
[    0.321634] usbcore: registered new device driver usb
[    0.321661] pps_core: LinuxPPS API ver. 1 registered
[    0.321662] pps_core: Software ver. 5.3.6 - Copyright 2005-2007 Rodolfo Giometti <giometti@linux.it>
[    0.321664] PTP clock support registered
[    0.321697] EDAC MC: Ver: 3.0.0
[    0.323644] PCI: Using ACPI for IRQ routing
[    0.323645] PCI: pci_cache_line_size set to 64 bytes
[    0.323815] e820: reserve RAM buffer [mem 0x0009fc00-0x0009ffff]
[    0.323818] e820: reserve RAM buffer [mem 0x7fff0000-0x7fffffff]
[    0.324659] NetLabel: Initializing
[    0.324660] NetLabel:  domain hash size = 128
[    0.324660] NetLabel:  protocols = UNLABELED CIPSOv4 CALIPSO
[    0.324680] NetLabel:  unlabeled traffic allowed by default
[    0.325592] clocksource: Switched to clocksource kvm-clock
[    0.335740] *** VALIDATE bpf ***
[    0.335740] VFS: Disk quotas dquot_6.6.0
[    0.335740] VFS: Dquot-cache hash table entries: 512 (order 0, 4096 bytes)
[    0.335740] *** VALIDATE ramfs ***
[    0.335740] *** VALIDATE hugetlbfs ***
[    0.335740] AppArmor: AppArmor Filesystem Enabled
[    0.335740] pnp: PnP ACPI init
[    0.335740] pnp 00:00: Plug and Play ACPI device, IDs PNP0303 (active)
[    0.338408] pnp 00:01: Plug and Play ACPI device, IDs PNP0f03 (active)
[    0.339201] pnp: PnP ACPI: found 2 devices
[    0.340168] thermal_sys: Registered thermal governor 'fair_share'
[    0.340169] thermal_sys: Registered thermal governor 'bang_bang'
[    0.340170] thermal_sys: Registered thermal governor 'step_wise'
[    0.340170] thermal_sys: Registered thermal governor 'user_space'
[    0.340171] thermal_sys: Registered thermal governor 'power_allocator'
[    0.344683] clocksource: acpi_pm: mask: 0xffffff max_cycles: 0xffffff, max_idle_ns: 2085701024 ns
[    0.344723] pci_bus 0000:00: resource 4 [io  0x0000-0x0cf7 window]
[    0.344724] pci_bus 0000:00: resource 5 [io  0x0d00-0xffff window]
[    0.344726] pci_bus 0000:00: resource 6 [mem 0x000a0000-0x000bffff window]
[    0.344727] pci_bus 0000:00: resource 7 [mem 0x80000000-0xfdffffff window]
[    0.344787] NET: Registered protocol family 2
[    0.344861] IP idents hash table entries: 32768 (order: 6, 262144 bytes, linear)
[    0.345261] MPTCP tokens hash table entries: 8192 (order: 4, 65536 bytes, linear)
[    0.345281] MPTCP request tokens hash table entries: 8192 (order: 4, 65536 bytes, linear)
[    0.345306] default registered
[    0.345307] default registered
[    0.345307] MPTCP: Stable release v0.96
[    0.345313] tcp_listen_portaddr_hash hash table entries: 1024 (order: 2, 16384 bytes, linear)
[    0.345393] TCP established hash table entries: 16384 (order: 5, 131072 bytes, linear)
[    0.345458] TCP bind hash table entries: 16384 (order: 6, 262144 bytes, linear)
[    0.345483] TCP: Hash tables configured (established 16384 bind 16384)
[    0.346215] UDP hash table entries: 1024 (order: 3, 32768 bytes, linear)
[    0.346227] UDP-Lite hash table entries: 1024 (order: 3, 32768 bytes, linear)
[    0.346261] NET: Registered protocol family 1
[    0.346270] NET: Registered protocol family 44
[    0.346293] pci 0000:00:00.0: Limiting direct PCI/PCI transfers
[    0.346305] pci 0000:00:01.0: Activating ISA DMA hang workarounds
[    0.346358] pci 0000:00:02.0: Video device with shadowed ROM at [mem 0x000c0000-0x000dffff]
[    0.346419] PCI: CLS 0 bytes, default 64
[    0.346466] Trying to unpack rootfs image as initramfs...
[    0.523966] Freeing initrd memory: 47868K
[    0.523966] clocksource: tsc: mask: 0xffffffffffffffff max_cycles: 0x1e4530a99b6, max_idle_ns: 440795257976 ns
[    0.523966] clocksource: Switched to clocksource tsc
[    0.523966] platform rtc_cmos: registered platform RTC device (no PNP device found)
[    0.523966] check: Scanning for low memory corruption every 60 seconds
[    0.523966] Initialise system trusted keyrings
[    0.523966] Key type blacklist registered
[    0.523966] workingset: timestamp_bits=36 max_order=19 bucket_order=0
[    0.523966] zbud: loaded
[    0.523966] squashfs: version 4.0 (2009/01/31) Phillip Lougher
[    0.523966] fuse: init (API version 7.31)
[    0.523966] *** VALIDATE fuse ***
[    0.523966] *** VALIDATE fuse ***
[    0.523966] Platform Keyring initialized
[    0.523966] Key type asymmetric registered
[    0.523966] Asymmetric key parser 'x509' registered
[    0.523966] Block layer SCSI generic (bsg) driver version 0.4 loaded (major 244)
[    0.523966] io scheduler mq-deadline registered
[    0.523966] shpchp: Standard Hot Plug PCI Controller Driver version: 0.4
[    0.534349] ACPI: AC Adapter [AC] (on-line)
[    0.534395] input: Power Button as /devices/LNXSYSTM:00/LNXPWRBN:00/input/input0
[    0.534422] ACPI: Power Button [PWRF]
[    0.534505] input: Sleep Button as /devices/LNXSYSTM:00/LNXSLPBN:00/input/input1
[    0.534536] ACPI: Sleep Button [SLPF]
[    0.534764] Serial: 8250/16550 driver, 32 ports, IRQ sharing enabled
[    0.535942] Linux agpgart interface v0.103
[    0.631085] loop: module loaded
[    0.631228] ata_piix 0000:00:01.1: version 2.13
[    0.631634] scsi host0: ata_piix
[    0.631722] scsi host1: ata_piix
[    0.631749] ata1: PATA max UDMA/33 cmd 0x1f0 ctl 0x3f6 bmdma 0xd000 irq 14
[    0.631750] ata2: PATA max UDMA/33 cmd 0x170 ctl 0x376 bmdma 0xd008 irq 15
[    0.631828] tun: Universal TUN/TAP device driver, 1.6
[    0.632144] PPP generic driver version 2.4.2
[    0.632188] VFIO - User Level meta-driver version: 0.3
[    0.632427] ehci_hcd: USB 2.0 'Enhanced' Host Controller (EHCI) Driver
[    0.632432] ehci-pci: EHCI PCI platform driver
[    0.632448] ehci-platform: EHCI generic platform driver
[    0.632454] ohci_hcd: USB 1.1 'Open' Host Controller (OHCI) Driver
[    0.632456] ohci-pci: OHCI PCI platform driver
[    0.632463] ohci-platform: OHCI generic platform driver
[    0.632468] uhci_hcd: USB Universal Host Controller Interface driver
[    0.632532] i8042: PNP: PS/2 Controller [PNP0303:PS2K,PNP0f03:PS2M] at 0x60,0x64 irq 1,12
[    0.632968] serio: i8042 KBD port at 0x60,0x64 irq 1
[    0.632971] serio: i8042 AUX port at 0x60,0x64 irq 12
[    0.633058] mousedev: PS/2 mouse device common for all mice
[    0.633309] input: AT Translated Set 2 keyboard as /devices/platform/i8042/serio0/input/input2
[    0.633705] rtc_cmos rtc_cmos: registered as rtc0
[    0.633718] rtc_cmos rtc_cmos: alarms up to one day, 114 bytes nvram
[    0.633724] i2c /dev entries driver
[    0.633766] device-mapper: uevent: version 1.0.3
[    0.633809] device-mapper: ioctl: 4.41.0-ioctl (2019-09-16) initialised: dm-devel@redhat.com
[    0.633825] platform eisa.0: Probing EISA bus 0
[    0.633827] platform eisa.0: EISA: Cannot allocate resource for mainboard
[    0.633828] platform eisa.0: Cannot allocate resource for EISA slot 1
[    0.633829] platform eisa.0: Cannot allocate resource for EISA slot 2
[    0.633830] platform eisa.0: Cannot allocate resource for EISA slot 3
[    0.633831] platform eisa.0: Cannot allocate resource for EISA slot 4
[    0.633832] platform eisa.0: Cannot allocate resource for EISA slot 5
[    0.633833] platform eisa.0: Cannot allocate resource for EISA slot 6
[    0.633834] platform eisa.0: Cannot allocate resource for EISA slot 7
[    0.633835] platform eisa.0: Cannot allocate resource for EISA slot 8
[    0.633836] platform eisa.0: EISA: Detected 0 cards
[    0.633839] intel_pstate: CPU model not supported
[    0.633849] ledtrig-cpu: registered to indicate activity on CPUs
[    0.633902] drop_monitor: Initializing network drop monitor service
[    0.634059] NET: Registered protocol family 10
[    0.639070] Segment Routing with IPv6
[    0.639070] fullmesh registered
[    0.639070] ndiffports registered
[    0.639070] binder registered
[    0.639070] roundrobin registered
[    0.639070] redundant registered
[    0.639070] blest registered
[    0.639070] ecf registered
[    0.639070] NET: Registered protocol family 17
[    0.639070] Key type dns_resolver registered
[    0.639070] RAS: Correctable Errors collector initialized.
[    0.639070] IPI shorthand broadcast: enabled
[    0.639070] sched_clock: Marking stable (624016308, 11053832)->(636492439, -1422299)
[    0.639411] registered taskstats version 1
[    0.639420] Loading compiled-in X.509 certificates
[    0.640019] Loaded X.509 cert 'Build time autogenerated kernel key: 6909f3744cebb3d0de528d5887b96a727de79b1e'
[    0.640038] zswap: loaded using pool lzo/zbud
[    0.640091] Key type ._fscrypt registered
[    0.640092] Key type .fscrypt registered
[    0.644587] Key type big_key registered
[    0.646795] Key type encrypted registered
[    0.646797] AppArmor: AppArmor sha1 policy hashing enabled
[    0.646805] ima: No TPM chip found, activating TPM-bypass!
[    0.646808] ima: Allocated hash algorithm: sha1
[    0.646813] ima: No architecture policies found
[    0.646823] evm: Initialising EVM extended attributes:
[    0.646824] evm: security.selinux
[    0.646824] evm: security.SMACK64
[    0.646825] evm: security.SMACK64EXEC
[    0.646825] evm: security.SMACK64TRANSMUTE
[    0.646826] evm: security.SMACK64MMAP
[    0.646826] evm: security.apparmor
[    0.646827] evm: security.ima
[    0.646827] evm: security.capability
[    0.646828] evm: HMAC attrs: 0x1
[    0.647120] PM:   Magic number: 10:183:694
[    0.647229] rtc_cmos rtc_cmos: setting system clock to 2026-01-17T17:41:21 UTC (1768671681)
[    0.804725] ata1.00: ATA-6: VBOX HARDDISK, 1.0, max UDMA/133
[    0.804728] ata1.00: 209715200 sectors, multi 128: LBA 
[    0.805386] scsi 0:0:0:0: Direct-Access     ATA      VBOX HARDDISK    1.0  PQ: 0 ANSI: 5
[    0.805671] sd 0:0:0:0: [sda] 209715200 512-byte logical blocks: (107 GB/100 GiB)
[    0.805684] sd 0:0:0:0: [sda] Write Protect is off
[    0.805687] sd 0:0:0:0: [sda] Mode Sense: 00 3a 00 00
[    0.805707] sd 0:0:0:0: [sda] Write cache: enabled, read cache: enabled, doesn't support DPO or FUA
[    0.805941] sd 0:0:0:0: Attached scsi generic sg0 type 0
[    0.806836]  sda: sda1 sda2
[    0.815268] sd 0:0:0:0: [sda] Attached SCSI disk
[    0.818771] Freeing unused decrypted memory: 2040K
[    0.819733] Freeing unused kernel image memory: 2728K
[    0.819736] Write protecting the kernel read-only data: 22528k
[    0.820781] Freeing unused kernel image memory: 2036K
[    0.821346] Freeing unused kernel image memory: 1432K
[    0.848226] x86/mm: Checked W+X mappings: passed, no W+X pages found.
[    0.848230] Run /init as init process
[    0.954709] ACPI: Video Device [GFX0] (multi-head: yes  rom: no  post: no)
[    0.954781] input: Video Bus as /devices/LNXSYSTM:00/LNXSYBUS:00/PNP0A03:00/LNXVIDEO:00/input/input4
[    0.968046] pcnet32: pcnet32.c:v1.35 21.Apr.2008 tsbogend@alpha.franken.de
[    0.969574] piix4_smbus 0000:00:07.0: SMBus Host Controller at 0x4100, revision 0
[    0.973255] e1000: Intel(R) PRO/1000 Network Driver - version 7.3.21-k8-NAPI
[    0.973256] e1000: Copyright (c) 1999-2006 Intel Corporation.
[    0.981960] pcnet32: PCnet/FAST III 79C973 at 0xd020, 08:00:27:29:d7:bb assigned IRQ 19
[    0.982004] pcnet32: Found PHY 0022:561b at address 0
[    0.982304] pcnet32: eth0: registered as PCnet/FAST III 79C973
[    0.989063] pcnet32: PCnet/FAST III 79C973 at 0xd060, 08:00:27:ec:e4:ba assigned IRQ 16
[    0.989108] pcnet32: Found PHY 0022:561b at address 0
[    0.989414] pcnet32: eth1: registered as PCnet/FAST III 79C973
[    0.997038] pcnet32: 2 cards_found
[    1.058909] pcnet32 0000:00:03.0 enp0s3: renamed from eth0
[    1.060779] pcnet32 0000:00:08.0 enp0s8: renamed from eth1
[    1.191852] input: ImExPS/2 Generic Explorer Mouse as /devices/platform/i8042/serio1/input/input5
[    1.379287] e1000 0000:00:09.0 eth0: (PCI:33MHz:32-bit) 08:00:27:d8:1b:7b
[    1.379291] e1000 0000:00:09.0 eth0: Intel(R) PRO/1000 Network Connection
[    1.380356] e1000 0000:00:09.0 enp0s9: renamed from eth0
[    1.519605] EXT4-fs (sda2): mounted filesystem with ordered data mode. Opts: (null)
[    1.598991] systemd[1]: Inserted module 'autofs4'
[    1.607824] systemd[1]: systemd 245.4-4ubuntu3 running in system mode. (+PAM +AUDIT +SELINUX +IMA +APPARMOR +SMACK +SYSVINIT +UTMP +LIBCRYPTSETUP +GCRYPT +GNUTLS +ACL +XZ +LZ4 +SECCOMP +BLKID +ELFUTILS +KMOD +IDN2 -IDN +PCRE2 default-hierarchy=hybrid)
[    1.607856] systemd[1]: Detected virtualization oracle.
[    1.607859] systemd[1]: Detected architecture x86-64.
[    1.609145] systemd[1]: Set hostname to <ztg>.
[    1.728307] systemd[1]: /lib/systemd/system/dbus.socket:5: ListenStream= references a path below legacy directory /var/run/, updating /var/run/dbus/system_bus_socket â†’ /run/dbus/system_bus_socket; please update the unit file accordingly.
[    1.778465] systemd[1]: Created slice system-modprobe.slice.
[    1.778648] systemd[1]: Created slice User and Session Slice.
[    1.778690] systemd[1]: Started Forward Password Requests to Wall Directory Watch.
[    1.778850] systemd[1]: Set up automount Arbitrary Executable File Formats File System Automount Point.
[    1.778885] systemd[1]: Reached target User and Group Name Lookups.
[    1.778893] systemd[1]: Reached target Remote File Systems.
[    1.778901] systemd[1]: Reached target Slices.
[    1.779402] systemd[1]: Listening on Syslog Socket.
[    1.779468] systemd[1]: Listening on fsck to fsckd communication Socket.
[    1.779504] systemd[1]: Listening on initctl Compatibility Named Pipe.
[    1.779638] systemd[1]: Listening on Journal Audit Socket.
[    1.779691] systemd[1]: Listening on Journal Socket (/dev/log).
[    1.779760] systemd[1]: Listening on Journal Socket.
[    1.779824] systemd[1]: Listening on udev Control Socket.
[    1.779860] systemd[1]: Listening on udev Kernel Socket.
[    1.780617] systemd[1]: Mounting Huge Pages File System...
[    1.781527] systemd[1]: Mounting POSIX Message Queue File System...
[    1.782392] systemd[1]: Mounting Kernel Debug File System...
[    1.783316] systemd[1]: Mounting Kernel Trace File System...
[    1.785247] systemd[1]: Starting Journal Service...
[    1.809888] systemd[1]: Starting Set the console keyboard layout...
[    1.815233] systemd[1]: Starting Create list of static device nodes for the current kernel...
[    1.819927] systemd[1]: Starting Load Kernel Module drm...
[    1.821045] systemd[1]: Condition check resulted in Set Up Additional Binary Formats being skipped.
[    1.821089] systemd[1]: Condition check resulted in File System Check on Root Device being skipped.
[    1.831808] systemd[1]: Starting Load Kernel Modules...
[    1.840529] systemd[1]: Starting Remount Root and Kernel File Systems...
[    1.849177] systemd[1]: Starting udev Coldplug all Devices...
[    1.859614] systemd[1]: Starting Uncomplicated firewall...
[    1.860873] systemd[1]: Mounted Huge Pages File System.
[    1.860960] systemd[1]: Mounted POSIX Message Queue File System.
[    1.861034] systemd[1]: Mounted Kernel Debug File System.
[    1.861106] systemd[1]: Mounted Kernel Trace File System.
[    1.867949] EXT4-fs (sda2): re-mounted. Opts: errors=remount-ro
[    1.885060] systemd[1]: Finished Create list of static device nodes for the current kernel.
[    1.886155] systemd[1]: modprobe@drm.service: Succeeded.
[    1.900899] systemd[1]: Finished Load Kernel Module drm.
[    1.907353] systemd[1]: Finished Remount Root and Kernel File Systems.
[    1.908266] systemd[1]: Finished Uncomplicated firewall.
[    1.925104] lp: driver loaded but no devices found
[    1.926512] systemd[1]: Condition check resulted in Rebuild Hardware Database being skipped.
[    1.926552] systemd[1]: Condition check resulted in Platform Persistent Storage Archival being skipped.
[    1.927244] systemd[1]: Starting Load/Save Random Seed...
[    1.933903] systemd[1]: Starting Create System Users...
[    1.939280] ppdev: user-space parallel port driver
[    1.956996] systemd[1]: Finished Load/Save Random Seed.
[    1.957967] systemd[1]: Finished Create System Users.
[    1.958732] systemd[1]: Starting Create Static Device Nodes in /dev...
[    2.005680] systemd[1]: Finished udev Coldplug all Devices.
[    2.014700] systemd[1]: Finished Create Static Device Nodes in /dev.
[    2.015548] systemd[1]: Starting udev Kernel Device Manager...
[    2.038820] [drm] DMA map mode: Caching DMA mappings.
[    2.038881] [drm] Capabilities:
[    2.038881] [drm]   Rect copy.
[    2.038882] [drm]   Cursor.
[    2.038882] [drm]   Cursor bypass.
[    2.038882] [drm]   Cursor bypass 2.
[    2.038883] [drm]   Alpha cursor.
[    2.038883] [drm]   Extended Fifo.
[    2.038884] [drm]   Pitchlock.
[    2.038884] [drm]   Irq mask.
[    2.038884] [drm]   GMR.
[    2.038885] [drm]   Traces.
[    2.038885] [drm]   GMR2.
[    2.038885] [drm]   Screen Object 2.
[    2.038886] [drm]   Command Buffers.
[    2.038886] [drm]   Command Buffers 2.
[    2.038886] [drm]   Guest Backed Resources.
[    2.038887] [drm] Max GMR ids is 8192
[    2.038888] [drm] Max number of GMR pages is 1048576
[    2.038888] [drm] Max dedicated hypervisor surface memory is 393216 kiB
[    2.038889] [drm] Maximum display memory size is 131072 kiB
[    2.038890] [drm] VRAM at 0xe0000000 size is 131072 kiB
[    2.038890] [drm] MMIO at 0xf0000000 size is 2048 kiB
[    2.044543] [TTM] Zone  kernel: Available graphics memory: 1011738 KiB
[    2.044544] [TTM] Initializing pool allocator
[    2.044547] [TTM] Initializing DMA pool allocator
[    2.044580] [drm] Supports vblank timestamp caching Rev 2 (21.10.2013).
[    2.044581] [drm] No driver support for vblank timestamp query.
[    2.044830] [drm] Screen Target Display device initialized
[    2.045049] [drm] width 720
[    2.045057] [drm] height 400
[    2.045061] [drm] bpp 32
[    2.045594] [drm] Fifo max 0x00200000 min 0x00001000 cap 0x00000355
[    2.046768] [drm] Using command buffers with DMA pool.
[    2.046771] [drm] DX: no.
[    2.046772] [drm] Atomic: yes.
[    2.046772] [drm] SM4_1: no.
[    2.046793] [drm:vmw_host_log [vmwgfx]] *ERROR* Failed to send host log message.
[    2.047889] [drm:vmw_host_log [vmwgfx]] *ERROR* Failed to send host log message.
[    2.059948] fbcon: svgadrmfb (fb0) is primary device
[    2.065946] Console: switching to colour frame buffer device 100x37
[    2.069556] systemd[1]: Finished Set the console keyboard layout.
[    2.069721] systemd[1]: Reached target Local File Systems (Pre).
[    2.072246] systemd[1]: Mounting Mount unit for bare, revision 5...
[    2.078284] systemd[1]: Mounting Mount unit for core18, revision 1705...
[    2.081234] [drm] Initialized vmwgfx 2.15.0 20180704 for 0000:00:02.0 on minor 0
[    2.083781] systemd[1]: Mounting Mount unit for gnome-3-34-1804, revision 24...
[    2.108557] systemd[1]: Mounting Mount unit for gtk-common-themes, revision 1506...
[    2.116488] systemd[1]: Mounting Mount unit for gtk-common-themes, revision 1535...
[    2.125940] systemd[1]: Mounting Mount unit for snap-store, revision 433...
[    2.135982] systemd[1]: Mounting Mount unit for snapd, revision 25935...
[    2.140511] systemd[1]: Finished Load Kernel Modules.
[    2.154207] systemd[1]: Mounting FUSE Control File System...
[    2.156150] systemd[1]: Mounting Kernel Configuration File System...
[    2.168658] systemd[1]: Starting Apply Kernel Variables...
[    2.183048] systemd[1]: Mounted Mount unit for bare, revision 5.
[    2.184926] systemd[1]: Mounted FUSE Control File System.
[    2.185437] systemd[1]: Mounted Kernel Configuration File System.
[    2.185508] systemd[1]: Condition check resulted in VMware vmblock fuse mount being skipped.
[    2.187801] systemd[1]: Finished Apply Kernel Variables.
[    2.208939] systemd[1]: Mounted Mount unit for core18, revision 1705.
[    2.238615] systemd[1]: Mounted Mount unit for gnome-3-34-1804, revision 24.
[    2.238713] systemd[1]: Mounted Mount unit for gtk-common-themes, revision 1506.
[    2.238793] systemd[1]: Mounted Mount unit for gtk-common-themes, revision 1535.
[    2.242662] systemd[1]: Started udev Kernel Device Manager.
[    2.243483] systemd[1]: Starting Show Plymouth Boot Screen...
[    2.248345] systemd[1]: Received SIGRTMIN+20 from PID 275 (plymouthd).
[    2.251103] systemd[1]: Mounted Mount unit for snap-store, revision 433.
[    2.271725] systemd[1]: Mounted Mount unit for snapd, revision 25935.
[    2.273450] systemd[1]: Reached target Local File Systems.
[    2.279035] systemd[1]: Starting Load AppArmor profiles...
[    2.283961] systemd[1]: Starting Set console font and keymap...
[    2.292692] systemd[1]: Starting Tell Plymouth To Write Out Runtime Data...
[    2.294247] systemd[1]: Condition check resulted in Store a System Token in an EFI Variable being skipped.
[    2.294277] systemd[1]: Condition check resulted in Commit a transient machine-id on disk being skipped.
[    2.294396] systemd[1]: Started Show Plymouth Boot Screen.
[    2.296231] systemd[1]: Condition check resulted in Dispatch Password Requests to Console Directory Watch being skipped.
[    2.296315] systemd[1]: Started Forward Password Requests to Plymouth Directory Watch.
[    2.296638] systemd[1]: Reached target Local Encrypted Volumes.
[    2.297267] systemd[1]: Finished Set console font and keymap.
[    2.302154] systemd[1]: Received SIGRTMIN+20 from PID 275 (plymouthd).
[    2.304341] systemd[1]: plymouth-read-write.service: Succeeded.
[    2.304639] systemd[1]: Finished Tell Plymouth To Write Out Runtime Data.
[    2.323753] audit: type=1400 audit(1768671683.172:2): apparmor="STATUS" operation="profile_load" profile="unconfined" name="nvidia_modprobe" pid=293 comm="apparmor_parser"
[    2.323755] audit: type=1400 audit(1768671683.172:3): apparmor="STATUS" operation="profile_load" profile="unconfined" name="nvidia_modprobe//kmod" pid=293 comm="apparmor_parser"
[    2.331216] audit: type=1400 audit(1768671683.176:4): apparmor="STATUS" operation="profile_load" profile="unconfined" name="/usr/sbin/tcpdump" pid=297 comm="apparmor_parser"
[    2.386732] audit: type=1400 audit(1768671683.236:5): apparmor="STATUS" operation="profile_load" profile="unconfined" name="/usr/bin/evince" pid=299 comm="apparmor_parser"
[    2.386734] audit: type=1400 audit(1768671683.236:6): apparmor="STATUS" operation="profile_load" profile="unconfined" name="/usr/bin/evince//sanitized_helper" pid=299 comm="apparmor_parser"
[    2.386736] audit: type=1400 audit(1768671683.236:7): apparmor="STATUS" operation="profile_load" profile="unconfined" name="/usr/bin/evince-previewer" pid=299 comm="apparmor_parser"
[    2.386737] audit: type=1400 audit(1768671683.236:8): apparmor="STATUS" operation="profile_load" profile="unconfined" name="/usr/bin/evince-previewer//sanitized_helper" pid=299 comm="apparmor_parser"
[    2.386739] audit: type=1400 audit(1768671683.236:9): apparmor="STATUS" operation="profile_load" profile="unconfined" name="/usr/bin/evince-thumbnailer" pid=299 comm="apparmor_parser"
[    2.406883] audit: type=1400 audit(1768671683.252:10): apparmor="STATUS" operation="profile_load" profile="unconfined" name="/usr/lib/cups/backend/cups-pdf" pid=303 comm="apparmor_parser"
[    2.467077] systemd[1]: Finished Load AppArmor profiles.
[    2.468075] systemd[1]: Starting Load AppArmor profiles managed internally by snapd...
[    2.581377] systemd[1]: Finished Load AppArmor profiles managed internally by snapd.
[    2.740432] systemd[1]: Started Journal Service.
[    2.748560] systemd-journald[229]: Received client request to flush runtime journal.
[    2.753352] systemd-journald[229]: File /var/log/journal/c455b248004a419c87ce85eea238d727/system.journal corrupted or uncleanly shut down, renaming and replacing.
[    4.076608] RAPL PMU: API unit is 2^-32 Joules, 0 fixed counters, 10737418240 ms ovfl timer
[    4.163677] cryptd: max_cpu_qlen set to 1000
[    4.212157] AVX2 version of gcm_enc/dec engaged.
[    4.212158] AES CTR mode by8 optimization enabled
[    5.998466] Adding 1998844k swap on /dev/sda1.  Priority:-2 extents:1 across:1998844k FS
[    7.833295] kauditd_printk_skb: 30 callbacks suppressed
[    7.833296] audit: type=1400 audit(1768671688.680:41): apparmor="DENIED" operation="capable" profile="/usr/sbin/cups-browsed" pid=509 comm="cups-browsed" capability=23  capname="sys_nice"
[    8.549169] pcnet32 0000:00:03.0 enp0s3: link up, 100Mbps, full-duplex
[    8.571752] pcnet32 0000:00:08.0 enp0s8: link up, 100Mbps, full-duplex
[    8.608980] e1000: enp0s9 NIC Link is Up 1000 Mbps Full Duplex, Flow Control: RX
[    8.609270] IPv6: ADDRCONF(NETDEV_CHANGE): enp0s9: link becomes ready
[    9.148450] device enp0s3 entered promiscuous mode
[    9.154602] device enp0s8 entered promiscuous mode
[    9.199768] audit: type=1400 audit(1768671690.048:42): apparmor="DENIED" operation="open" profile="/usr/sbin/tcpdump" name="/proc/sys/kernel/random/boot_id" pid=658 comm="tcpdump" requested_mask="r" denied_mask="r" fsuid=0 ouid=0
[    9.199980] audit: type=1400 audit(1768671690.048:43): apparmor="DENIED" operation="open" profile="/usr/sbin/tcpdump" name="/proc/sys/kernel/random/boot_id" pid=658 comm="tcpdump" requested_mask="r" denied_mask="r" fsuid=0 ouid=0
[    9.200072] audit: type=1400 audit(1768671690.048:44): apparmor="DENIED" operation="open" profile="/usr/sbin/tcpdump" name="/proc/sys/kernel/random/boot_id" pid=658 comm="tcpdump" requested_mask="r" denied_mask="r" fsuid=0 ouid=0
[    9.200663] audit: type=1400 audit(1768671690.052:45): apparmor="DENIED" operation="open" profile="/usr/sbin/tcpdump" name="/proc/sys/kernel/random/boot_id" pid=658 comm="tcpdump" requested_mask="r" denied_mask="r" fsuid=0 ouid=0
[    9.200722] audit: type=1400 audit(1768671690.052:46): apparmor="DENIED" operation="open" profile="/usr/sbin/tcpdump" name="/proc/sys/kernel/random/boot_id" pid=659 comm="tcpdump" requested_mask="r" denied_mask="r" fsuid=0 ouid=0
[    9.201505] audit: type=1400 audit(1768671690.052:47): apparmor="DENIED" operation="open" profile="/usr/sbin/tcpdump" name="/proc/sys/kernel/random/boot_id" pid=659 comm="tcpdump" requested_mask="r" denied_mask="r" fsuid=0 ouid=0
[    9.201769] audit: type=1400 audit(1768671690.052:48): apparmor="DENIED" operation="open" profile="/usr/sbin/tcpdump" name="/proc/sys/kernel/random/boot_id" pid=659 comm="tcpdump" requested_mask="r" denied_mask="r" fsuid=0 ouid=0
[    9.201911] audit: type=1400 audit(1768671690.052:49): apparmor="DENIED" operation="open" profile="/usr/sbin/tcpdump" name="/proc/sys/kernel/random/boot_id" pid=659 comm="tcpdump" requested_mask="r" denied_mask="r" fsuid=0 ouid=0
[    9.209793] audit: type=1400 audit(1768671690.056:50): apparmor="DENIED" operation="open" profile="/usr/sbin/tcpdump" name="/proc/sys/kernel/random/boot_id" pid=660 comm="tcpdump" requested_mask="r" denied_mask="r" fsuid=0 ouid=0
[   15.109149] rfkill: input handler disabled
[  232.036207] AAAAA-TCP_FORW: name:enp0s8: saddr:100932208: daddr:16783984
[  232.037646] AAAAA-TCP_FORW: name:enp0s3: saddr:16783984: daddr:100932208
[  232.121446] AAAAA-TCP_FORW: name:enp0s8: saddr:100932208: daddr:16783984
[  232.122364] AAAAA-TCP_FORW: name:enp0s3: saddr:16783984: daddr:100932208
[  232.368068] AAAAA-TCP_FORW: name:enp0s8: saddr:100932208: daddr:16783984
[  232.369030] AAAAA-TCP_FORW: name:enp0s3: saddr:16783984: daddr:100932208
[  232.404631] AAAAA-TCP_FORW: name:enp0s8: saddr:100932208: daddr:16783984
[  232.405768] AAAAA-TCP_FORW: name:enp0s3: saddr:16783984: daddr:100932208
[  232.406004] AAAAA-TCP_FORW: name:enp0s3: saddr:16783984: daddr:100932208
[  232.697290] AAAAA-TCP_FORW: name:enp0s8: saddr:100932208: daddr:16783984
[  232.793998] AAAAA-TCP_FORW: name:enp0s8: saddr:100932208: daddr:33561200
[  232.795062] AAAAA-TCP_FORW: name:enp0s3: saddr:33561200: daddr:100932208
[  232.912155] AAAAA-TCP_FORW: name:enp0s8: saddr:100932208: daddr:16783984
[  232.954360] AAAAA-TCP_FORW: name:enp0s8: saddr:100932208: daddr:16783984
[  232.955208] AAAAA-TCP_FORW: name:enp0s3: saddr:16783984: daddr:100932208
[  233.078042] AAAAA-TCP_FORW: name:enp0s8: saddr:100932208: daddr:33561200
[  233.079104] AAAAA-TCP_FORW: name:enp0s3: saddr:33561200: daddr:100932208
[  233.233192] AAAAA-TCP_FORW: name:enp0s8: saddr:100932208: daddr:16783984
[  233.234177] AAAAA-TCP_FORW: name:enp0s3: saddr:16783984: daddr:100932208
[  233.234435] AAAAA-TCP_FORW: name:enp0s3: saddr:33561200: daddr:100932208
[  233.530025] AAAAA-TCP_FORW: name:enp0s8: saddr:100932208: daddr:33561200
[  233.585124] AAAAA-TCP_FORW: name:enp0s8: saddr:100932208: daddr:16783984
[  233.585945] AAAAA-TCP_FORW: name:enp0s3: saddr:16783984: daddr:100932208
[  233.792020] AAAAA-TCP_FORW: name:enp0s8: saddr:100932208: daddr:16783984
[  233.792850] AAAAA-TCP_FORW: name:enp0s3: saddr:16783984: daddr:100932208
[  233.949403] AAAAA-TCP_FORW: name:enp0s8: saddr:100932208: daddr:16783984
[  233.950279] AAAAA-TCP_FORW: name:enp0s3: saddr:16783984: daddr:100932208
[  233.951979] AAAAA-TCP_FORW: name:enp0s3: saddr:33561200: daddr:100932208
[  234.149597] AAAAA-TCP_FORW: name:enp0s8: saddr:100932208: daddr:33561200
[  234.150415] AAAAA-TCP_FORW: name:enp0s3: saddr:33561200: daddr:100932208
[  234.268466] AAAAA-TCP_FORW: name:enp0s8: saddr:100932208: daddr:33561200
[  234.269455] AAAAA-TCP_FORW: name:enp0s3: saddr:33561200: daddr:100932208
[  234.396528] AAAAA-TCP_FORW: name:enp0s8: saddr:100932208: daddr:33561200
[  234.397273] AAAAA-TCP_FORW: name:enp0s3: saddr:33561200: daddr:100932208
[  234.629519] AAAAA-TCP_FORW: name:enp0s8: saddr:100932208: daddr:33561200
[  234.693030] AAAAA-TCP_FORW: name:enp0s8: saddr:100932208: daddr:16783984
[  234.693956] AAAAA-TCP_FORW: name:enp0s3: saddr:16783984: daddr:100932208
[  234.744882] AAAAA-TCP_FORW: name:enp0s8: saddr:100932208: daddr:16783984
[  234.745661] AAAAA-TCP_FORW: name:enp0s3: saddr:16783984: daddr:100932208
[  234.807667] AAAAA-TCP_FORW: name:enp0s8: saddr:100932208: daddr:16783984
[  234.808429] AAAAA-TCP_FORW: name:enp0s3: saddr:16783984: daddr:100932208
[  234.904905] AAAAA-TCP_FORW: name:enp0s8: saddr:100932208: daddr:16783984
[  234.905833] AAAAA-TCP_FORW: name:enp0s3: saddr:16783984: daddr:100932208
[  235.009801] AAAAA-TCP_FORW: name:enp0s8: saddr:100932208: daddr:16783984
[  235.010580] AAAAA-TCP_FORW: name:enp0s3: saddr:16783984: daddr:100932208
[  235.145058] AAAAA-TCP_FORW: name:enp0s8: saddr:100932208: daddr:16783984
[  235.145776] AAAAA-TCP_FORW: name:enp0s3: saddr:16783984: daddr:100932208
[  235.210256] AAAAA-TCP_FORW: name:enp0s8: saddr:100932208: daddr:16783984
[  235.211167] AAAAA-TCP_FORW: name:enp0s3: saddr:16783984: daddr:100932208
[  235.299221] AAAAA-TCP_FORW: name:enp0s8: saddr:100932208: daddr:16783984
[  235.300200] AAAAA-TCP_FORW: name:enp0s3: saddr:16783984: daddr:100932208
[  235.446303] AAAAA-TCP_FORW: name:enp0s8: saddr:100932208: daddr:16783984
[  235.447219] AAAAA-TCP_FORW: name:enp0s3: saddr:16783984: daddr:100932208
[  235.575267] AAAAA-TCP_FORW: name:enp0s8: saddr:100932208: daddr:16783984
[  235.576201] AAAAA-TCP_FORW: name:enp0s3: saddr:16783984: daddr:100932208
[  235.732264] AAAAA-TCP_FORW: name:enp0s8: saddr:100932208: daddr:33561200
[  235.733154] AAAAA-TCP_FORW: name:enp0s3: saddr:33561200: daddr:100932208
[  235.811655] AAAAA-TCP_FORW: name:enp0s8: saddr:100932208: daddr:33561200
[  235.812609] AAAAA-TCP_FORW: name:enp0s3: saddr:33561200: daddr:100932208
[  236.018860] AAAAA-TCP_FORW: name:enp0s8: saddr:100932208: daddr:33561200
[  236.020443] AAAAA-TCP_FORW: name:enp0s3: saddr:33561200: daddr:100932208
[  236.102155] AAAAA-TCP_FORW: name:enp0s8: saddr:100932208: daddr:33561200
[  236.103071] AAAAA-TCP_FORW: name:enp0s3: saddr:33561200: daddr:100932208
[  236.255244] AAAAA-TCP_FORW: name:enp0s8: saddr:100932208: daddr:33561200
[  236.256179] AAAAA-TCP_FORW: name:enp0s3: saddr:33561200: daddr:100932208
[  236.297034] AAAAA-TCP_FORW: name:enp0s8: saddr:100932208: daddr:33561200
[  236.297915] AAAAA-TCP_FORW: name:enp0s3: saddr:33561200: daddr:100932208
[  236.567374] AAAAA-TCP_FORW: name:enp0s8: saddr:100932208: daddr:33561200
[  236.568594] AAAAA-TCP_FORW: name:enp0s3: saddr:33561200: daddr:100932208
[  236.663688] AAAAA-TCP_FORW: name:enp0s8: saddr:100932208: daddr:33561200
[  236.664816] AAAAA-TCP_FORW: name:enp0s3: saddr:33561200: daddr:100932208
[  236.783307] AAAAA-TCP_FORW: name:enp0s8: saddr:100932208: daddr:33561200
[  236.784205] AAAAA-TCP_FORW: name:enp0s3: saddr:33561200: daddr:100932208
[  236.809091] AAAAA-TCP_FORW: name:enp0s8: saddr:100932208: daddr:33561200
[  236.809827] AAAAA-TCP_FORW: name:enp0s3: saddr:33561200: daddr:100932208
[  236.889206] AAAAA-TCP_FORW: name:enp0s8: saddr:100932208: daddr:16783984
[  236.890123] AAAAA-TCP_FORW: name:enp0s3: saddr:16783984: daddr:100932208
[  236.972915] AAAAA-TCP_FORW: name:enp0s8: saddr:100932208: daddr:33561200
[  236.974107] AAAAA-TCP_FORW: name:enp0s3: saddr:33561200: daddr:100932208
[  237.178932] AAAAA-TCP_FORW: name:enp0s8: saddr:100932208: daddr:16783984
[  237.179827] AAAAA-TCP_FORW: name:enp0s3: saddr:16783984: daddr:100932208
[  237.334277] AAAAA-TCP_FORW: name:enp0s8: saddr:100932208: daddr:16783984
[  237.335063] AAAAA-TCP_FORW: name:enp0s3: saddr:16783984: daddr:100932208
[  237.481374] AAAAA-TCP_FORW: name:enp0s8: saddr:100932208: daddr:16783984
[  237.482343] AAAAA-TCP_FORW: name:enp0s3: saddr:16783984: daddr:100932208
[  237.621904] AAAAA-TCP_FORW: name:enp0s8: saddr:100932208: daddr:16783984
[  237.622896] AAAAA-TCP_FORW: name:enp0s3: saddr:16783984: daddr:100932208
[  237.673659] AAAAA-TCP_FORW: name:enp0s8: saddr:100932208: daddr:16783984
[  237.674558] AAAAA-TCP_FORW: name:enp0s3: saddr:16783984: daddr:100932208
[  237.831822] AAAAA-TCP_FORW: name:enp0s8: saddr:100932208: daddr:16783984
[  237.833396] AAAAA-TCP_FORW: name:enp0s3: saddr:16783984: daddr:100932208
[  238.066179] AAAAA-TCP_FORW: name:enp0s8: saddr:100932208: daddr:33561200
[  238.066925] AAAAA-TCP_FORW: name:enp0s3: saddr:33561200: daddr:100932208
[  238.187143] AAAAA-TCP_FORW: name:enp0s8: saddr:100932208: daddr:16783984
[  238.187984] AAAAA-TCP_FORW: name:enp0s3: saddr:16783984: daddr:100932208
[  238.298400] AAAAA-TCP_FORW: name:enp0s8: saddr:100932208: daddr:16783984
[  238.299150] AAAAA-TCP_FORW: name:enp0s3: saddr:16783984: daddr:100932208
[  238.349383] AAAAA-TCP_FORW: name:enp0s8: saddr:100932208: daddr:16783984
[  238.350141] AAAAA-TCP_FORW: name:enp0s3: saddr:16783984: daddr:100932208
[  238.494686] AAAAA-TCP_FORW: name:enp0s8: saddr:100932208: daddr:16783984
[  238.495450] AAAAA-TCP_FORW: name:enp0s3: saddr:16783984: daddr:100932208
[  238.523486] AAAAA-TCP_FORW: name:enp0s8: saddr:100932208: daddr:16783984
[  238.524493] AAAAA-TCP_FORW: name:enp0s3: saddr:16783984: daddr:100932208
[  238.614026] AAAAA-TCP_FORW: name:enp0s8: saddr:100932208: daddr:16783984
[  238.615076] AAAAA-TCP_FORW: name:enp0s3: saddr:16783984: daddr:100932208
[  238.653376] AAAAA-TCP_FORW: name:enp0s8: saddr:100932208: daddr:16783984
[  238.654132] AAAAA-TCP_FORW: name:enp0s3: saddr:16783984: daddr:100932208
[  238.729096] AAAAA-TCP_FORW: name:enp0s8: saddr:100932208: daddr:16783984
[  238.729859] AAAAA-TCP_FORW: name:enp0s3: saddr:16783984: daddr:100932208
[  238.793374] AAAAA-TCP_FORW: name:enp0s8: saddr:100932208: daddr:16783984
[  238.794127] AAAAA-TCP_FORW: name:enp0s3: saddr:16783984: daddr:100932208
[  238.854691] AAAAA-TCP_FORW: name:enp0s8: saddr:100932208: daddr:16783984
[  238.855426] AAAAA-TCP_FORW: name:enp0s3: saddr:16783984: daddr:100932208
[  239.251146] AAAAA-TCP_FORW: name:enp0s8: saddr:100932208: daddr:16783984
[  239.252099] AAAAA-TCP_FORW: name:enp0s3: saddr:16783984: daddr:100932208
[  239.391938] AAAAA-TCP_FORW: name:enp0s8: saddr:100932208: daddr:16783984
[  239.393016] AAAAA-TCP_FORW: name:enp0s3: saddr:16783984: daddr:100932208
[  239.417546] AAAAA-TCP_FORW: name:enp0s8: saddr:100932208: daddr:33561200
[  239.418850] AAAAA-TCP_FORW: name:enp0s3: saddr:33561200: daddr:100932208
[  239.488064] AAAAA-TCP_FORW: name:enp0s8: saddr:100932208: daddr:33561200
[  239.489084] AAAAA-TCP_FORW: name:enp0s3: saddr:33561200: daddr:100932208
[  239.518265] AAAAA-TCP_FORW: name:enp0s8: saddr:100932208: daddr:16783984
[  239.519221] AAAAA-TCP_FORW: name:enp0s3: saddr:16783984: daddr:100932208
[  239.614548] AAAAA-TCP_FORW: name:enp0s8: saddr:100932208: daddr:33561200
[  239.615524] AAAAA-TCP_FORW: name:enp0s3: saddr:33561200: daddr:100932208
[  239.660992] AAAAA-TCP_FORW: name:enp0s8: saddr:100932208: daddr:16783984
[  239.662021] AAAAA-TCP_FORW: name:enp0s3: saddr:16783984: daddr:100932208
[  239.841660] AAAAA-TCP_FORW: name:enp0s8: saddr:100932208: daddr:33561200
[  239.842388] AAAAA-TCP_FORW: name:enp0s3: saddr:33561200: daddr:100932208
[  239.929213] AAAAA-TCP_FORW: name:enp0s8: saddr:100932208: daddr:33561200
[  239.930256] AAAAA-TCP_FORW: name:enp0s3: saddr:33561200: daddr:100932208
[  239.956582] AAAAA-TCP_FORW: name:enp0s8: saddr:100932208: daddr:33561200
[  239.957311] AAAAA-TCP_FORW: name:enp0s3: saddr:33561200: daddr:100932208
[  240.043018] AAAAA-TCP_FORW: name:enp0s8: saddr:100932208: daddr:33561200
[  240.043729] AAAAA-TCP_FORW: name:enp0s3: saddr:33561200: daddr:100932208
[  240.203028] AAAAA-TCP_FORW: name:enp0s8: saddr:100932208: daddr:33561200
[  240.203741] AAAAA-TCP_FORW: name:enp0s3: saddr:33561200: daddr:100932208
[  240.328103] AAAAA-TCP_FORW: name:enp0s8: saddr:100932208: daddr:33561200
[  240.328837] AAAAA-TCP_FORW: name:enp0s3: saddr:33561200: daddr:100932208
[  240.401865] AAAAA-TCP_FORW: name:enp0s8: saddr:100932208: daddr:33561200
[  240.402658] AAAAA-TCP_FORW: name:enp0s3: saddr:33561200: daddr:100932208
[  240.465232] AAAAA-TCP_FORW: name:enp0s8: saddr:100932208: daddr:33561200
[  240.465959] AAAAA-TCP_FORW: name:enp0s3: saddr:33561200: daddr:100932208
[  240.534721] AAAAA-TCP_FORW: name:enp0s8: saddr:100932208: daddr:33561200
[  240.535443] AAAAA-TCP_FORW: name:enp0s3: saddr:33561200: daddr:100932208
[  240.580998] AAAAA-TCP_FORW: name:enp0s8: saddr:100932208: daddr:33561200
[  240.581706] AAAAA-TCP_FORW: name:enp0s3: saddr:33561200: daddr:100932208
[  240.680740] AAAAA-TCP_FORW: name:enp0s8: saddr:100932208: daddr:33561200
[  240.681554] AAAAA-TCP_FORW: name:enp0s3: saddr:33561200: daddr:100932208
[  241.013758] AAAAA-TCP_FORW: name:enp0s8: saddr:100932208: daddr:33561200
[  241.014956] AAAAA-TCP_FORW: name:enp0s3: saddr:33561200: daddr:100932208
[  241.084814] AAAAA-TCP_FORW: name:enp0s8: saddr:100932208: daddr:33561200
[  241.085791] AAAAA-TCP_FORW: name:enp0s3: saddr:33561200: daddr:100932208
[  241.184666] AAAAA-TCP_FORW: name:enp0s8: saddr:100932208: daddr:33561200
[  241.185878] AAAAA-TCP_FORW: name:enp0s3: saddr:33561200: daddr:100932208
[  241.254712] AAAAA-TCP_FORW: name:enp0s8: saddr:100932208: daddr:33561200
[  241.255834] AAAAA-TCP_FORW: name:enp0s3: saddr:33561200: daddr:100932208
[  241.407855] AAAAA-TCP_FORW: name:enp0s8: saddr:100932208: daddr:33561200
[  241.408802] AAAAA-TCP_FORW: name:enp0s3: saddr:33561200: daddr:100932208
[  241.519230] AAAAA-TCP_FORW: name:enp0s8: saddr:100932208: daddr:33561200
[  241.520480] AAAAA-TCP_FORW: name:enp0s3: saddr:33561200: daddr:100932208
[  241.971799] AAAAA-TCP_FORW: name:enp0s8: saddr:100932208: daddr:16783984
[  241.973254] AAAAA-TCP_FORW: name:enp0s3: saddr:16783984: daddr:100932208
[  242.068176] AAAAA-TCP_FORW: name:enp0s8: saddr:100932208: daddr:16783984
[  242.069047] AAAAA-TCP_FORW: name:enp0s3: saddr:16783984: daddr:100932208
[  242.165529] AAAAA-TCP_FORW: name:enp0s8: saddr:100932208: daddr:16783984
[  242.166445] AAAAA-TCP_FORW: name:enp0s3: saddr:16783984: daddr:100932208
[  242.241085] AAAAA-TCP_FORW: name:enp0s8: saddr:100932208: daddr:16783984
[  242.242025] AAAAA-TCP_FORW: name:enp0s3: saddr:16783984: daddr:100932208
[  242.342224] AAAAA-TCP_FORW: name:enp0s8: saddr:100932208: daddr:16783984
[  242.343048] AAAAA-TCP_FORW: name:enp0s3: saddr:16783984: daddr:100932208
[  242.420244] AAAAA-TCP_FORW: name:enp0s8: saddr:100932208: daddr:16783984
[  242.421061] AAAAA-TCP_FORW: name:enp0s3: saddr:16783984: daddr:100932208
[  242.496533] AAAAA-TCP_FORW: name:enp0s8: saddr:100932208: daddr:16783984
[  242.497333] AAAAA-TCP_FORW: name:enp0s3: saddr:16783984: daddr:100932208
[  242.577512] AAAAA-TCP_FORW: name:enp0s8: saddr:100932208: daddr:16783984
[  242.578323] AAAAA-TCP_FORW: name:enp0s3: saddr:16783984: daddr:100932208
[  242.630810] AAAAA-TCP_FORW: name:enp0s8: saddr:100932208: daddr:16783984
[  242.631961] AAAAA-TCP_FORW: name:enp0s3: saddr:16783984: daddr:100932208
[  242.705788] AAAAA-TCP_FORW: name:enp0s8: saddr:100932208: daddr:16783984
[  242.706887] AAAAA-TCP_FORW: name:enp0s3: saddr:16783984: daddr:100932208
[  242.957801] AAAAA-TCP_FORW: name:enp0s8: saddr:100932208: daddr:16783984
[  242.958987] AAAAA-TCP_FORW: name:enp0s3: saddr:16783984: daddr:100932208
[  243.073728] AAAAA-TCP_FORW: name:enp0s8: saddr:100932208: daddr:16783984
[  243.074576] AAAAA-TCP_FORW: name:enp0s3: saddr:16783984: daddr:100932208
[  243.600186] AAAAA-TCP_FORW: name:enp0s8: saddr:100932208: daddr:16783984
[  243.601270] AAAAA-TCP_FORW: name:enp0s3: saddr:16783984: daddr:100932208
[  243.699961] AAAAA-TCP_FORW: name:enp0s8: saddr:100932208: daddr:16783984
[  243.701000] AAAAA-TCP_FORW: name:enp0s3: saddr:16783984: daddr:100932208
[  243.783964] AAAAA-TCP_FORW: name:enp0s8: saddr:100932208: daddr:16783984
[  243.785160] AAAAA-TCP_FORW: name:enp0s3: saddr:16783984: daddr:100932208
[  243.881775] AAAAA-TCP_FORW: name:enp0s8: saddr:100932208: daddr:16783984
[  243.882675] AAAAA-TCP_FORW: name:enp0s3: saddr:16783984: daddr:100932208
[  243.956597] AAAAA-TCP_FORW: name:enp0s8: saddr:100932208: daddr:16783984
[  243.957715] AAAAA-TCP_FORW: name:enp0s3: saddr:16783984: daddr:100932208
[  244.043380] AAAAA-TCP_FORW: name:enp0s8: saddr:100932208: daddr:16783984
[  244.044249] AAAAA-TCP_FORW: name:enp0s3: saddr:16783984: daddr:100932208
[  244.196817] AAAAA-TCP_FORW: name:enp0s8: saddr:100932208: daddr:16783984
[  244.197735] AAAAA-TCP_FORW: name:enp0s3: saddr:16783984: daddr:100932208
[  244.346827] AAAAA-TCP_FORW: name:enp0s8: saddr:100932208: daddr:16783984
[  244.348002] AAAAA-TCP_FORW: name:enp0s3: saddr:16783984: daddr:100932208
[  244.449421] AAAAA-TCP_FORW: name:enp0s8: saddr:100932208: daddr:16783984
[  244.450123] AAAAA-TCP_FORW: name:enp0s3: saddr:16783984: daddr:100932208
[  244.534717] AAAAA-TCP_FORW: name:enp0s8: saddr:100932208: daddr:16783984
[  244.535615] AAAAA-TCP_FORW: name:enp0s3: saddr:16783984: daddr:100932208
[  244.597030] AAAAA-TCP_FORW: name:enp0s8: saddr:100932208: daddr:16783984
[  244.597938] AAAAA-TCP_FORW: name:enp0s3: saddr:16783984: daddr:100932208
[  244.740943] AAAAA-TCP_FORW: name:enp0s8: saddr:100932208: daddr:16783984
[  244.741818] AAAAA-TCP_FORW: name:enp0s3: saddr:16783984: daddr:100932208
[  244.826125] AAAAA-TCP_FORW: name:enp0s8: saddr:100932208: daddr:33561200
[  244.826964] AAAAA-TCP_FORW: name:enp0s3: saddr:33561200: daddr:100932208
[  244.911327] AAAAA-TCP_FORW: name:enp0s8: saddr:100932208: daddr:33561200
[  244.912291] AAAAA-TCP_FORW: name:enp0s3: saddr:33561200: daddr:100932208
[  244.974111] AAAAA-TCP_FORW: name:enp0s8: saddr:100932208: daddr:33561200
[  244.975227] AAAAA-TCP_FORW: name:enp0s3: saddr:33561200: daddr:100932208
[  245.042968] AAAAA-TCP_FORW: name:enp0s8: saddr:100932208: daddr:16783984
[  245.044098] AAAAA-TCP_FORW: name:enp0s3: saddr:16783984: daddr:100932208
[  245.097270] AAAAA-TCP_FORW: name:enp0s8: saddr:100932208: daddr:16783984
[  245.098384] AAAAA-TCP_FORW: name:enp0s3: saddr:16783984: daddr:100932208
[  245.208121] AAAAA-TCP_FORW: name:enp0s8: saddr:100932208: daddr:16783984
[  245.209287] AAAAA-TCP_FORW: name:enp0s3: saddr:16783984: daddr:100932208
[  245.366011] AAAAA-TCP_FORW: name:enp0s8: saddr:100932208: daddr:16783984
[  245.366881] AAAAA-TCP_FORW: name:enp0s3: saddr:16783984: daddr:100932208
[  245.422987] AAAAA-TCP_FORW: name:enp0s8: saddr:100932208: daddr:16783984
[  245.423773] AAAAA-TCP_FORW: name:enp0s3: saddr:16783984: daddr:100932208
[  245.500608] AAAAA-TCP_FORW: name:enp0s8: saddr:100932208: daddr:16783984
[  245.501327] AAAAA-TCP_FORW: name:enp0s3: saddr:16783984: daddr:100932208
[  245.551364] AAAAA-TCP_FORW: name:enp0s8: saddr:100932208: daddr:16783984
[  245.552514] AAAAA-TCP_FORW: name:enp0s3: saddr:16783984: daddr:100932208
[  245.580516] AAAAA-TCP_FORW: name:enp0s8: saddr:100932208: daddr:16783984
[  245.581594] AAAAA-TCP_FORW: name:enp0s3: saddr:16783984: daddr:100932208
[  245.680401] AAAAA-TCP_FORW: name:enp0s8: saddr:100932208: daddr:16783984
[  245.681546] AAAAA-TCP_FORW: name:enp0s3: saddr:16783984: daddr:100932208
[  245.777048] AAAAA-TCP_FORW: name:enp0s8: saddr:100932208: daddr:16783984
[  245.778213] AAAAA-TCP_FORW: name:enp0s3: saddr:16783984: daddr:100932208
[  245.844973] AAAAA-TCP_FORW: name:enp0s8: saddr:100932208: daddr:16783984
[  245.846136] AAAAA-TCP_FORW: name:enp0s3: saddr:16783984: daddr:100932208
[  245.893581] AAAAA-TCP_FORW: name:enp0s8: saddr:100932208: daddr:16783984
[  245.894732] AAAAA-TCP_FORW: name:enp0s3: saddr:16783984: daddr:100932208
[  245.954509] AAAAA-TCP_FORW: name:enp0s8: saddr:100932208: daddr:16783984
[  245.955664] AAAAA-TCP_FORW: name:enp0s3: saddr:16783984: daddr:100932208
[  246.030945] AAAAA-TCP_FORW: name:enp0s8: saddr:100932208: daddr:16783984
[  246.105716] AAAAA-TCP_FORW: name:enp0s8: saddr:100932208: daddr:33561200
[  246.106638] AAAAA-TCP_FORW: name:enp0s3: saddr:33561200: daddr:100932208
[  246.184839] AAAAA-TCP_FORW: name:enp0s8: saddr:100932208: daddr:33561200
[  246.185993] AAAAA-TCP_FORW: name:enp0s3: saddr:33561200: daddr:100932208
[  246.228824] AAAAA-TCP_FORW: name:enp0s8: saddr:100932208: daddr:33561200
[  246.230163] AAAAA-TCP_FORW: name:enp0s3: saddr:33561200: daddr:100932208
[  246.299901] AAAAA-TCP_FORW: name:enp0s8: saddr:100932208: daddr:33561200
[  246.301052] AAAAA-TCP_FORW: name:enp0s3: saddr:33561200: daddr:100932208
[  246.359745] AAAAA-TCP_FORW: name:enp0s8: saddr:100932208: daddr:33561200
[  246.360916] AAAAA-TCP_FORW: name:enp0s3: saddr:33561200: daddr:100932208
[  246.402658] AAAAA-TCP_FORW: name:enp0s8: saddr:100932208: daddr:33561200
[  246.403376] AAAAA-TCP_FORW: name:enp0s3: saddr:33561200: daddr:100932208
[  246.473362] AAAAA-TCP_FORW: name:enp0s8: saddr:100932208: daddr:33561200
[  246.474493] AAAAA-TCP_FORW: name:enp0s3: saddr:33561200: daddr:100932208
[  246.571299] AAAAA-TCP_FORW: name:enp0s8: saddr:100932208: daddr:33561200
[  246.572382] AAAAA-TCP_FORW: name:enp0s3: saddr:33561200: daddr:100932208
[  246.619284] AAAAA-TCP_FORW: name:enp0s8: saddr:100932208: daddr:33561200
[  246.620220] AAAAA-TCP_FORW: name:enp0s3: saddr:33561200: daddr:100932208
[  246.684439] AAAAA-TCP_FORW: name:enp0s8: saddr:100932208: daddr:33561200
[  246.685601] AAAAA-TCP_FORW: name:enp0s3: saddr:33561200: daddr:100932208
[  246.762765] AAAAA-TCP_FORW: name:enp0s8: saddr:100932208: daddr:33561200
[  246.763504] AAAAA-TCP_FORW: name:enp0s3: saddr:33561200: daddr:100932208
[  246.853978] AAAAA-TCP_FORW: name:enp0s8: saddr:100932208: daddr:33561200
[  246.855123] AAAAA-TCP_FORW: name:enp0s3: saddr:33561200: daddr:100932208
[  246.900080] AAAAA-TCP_FORW: name:enp0s8: saddr:100932208: daddr:33561200
[  246.900969] AAAAA-TCP_FORW: name:enp0s3: saddr:33561200: daddr:100932208
[  247.000383] AAAAA-TCP_FORW: name:enp0s8: saddr:100932208: daddr:33561200
[  247.001147] AAAAA-TCP_FORW: name:enp0s3: saddr:33561200: daddr:100932208
[  247.086487] AAAAA-TCP_FORW: name:enp0s8: saddr:100932208: daddr:33561200
[  247.087305] AAAAA-TCP_FORW: name:enp0s3: saddr:33561200: daddr:100932208
[  247.157641] AAAAA-TCP_FORW: name:enp0s8: saddr:100932208: daddr:33561200
[  247.158612] AAAAA-TCP_FORW: name:enp0s3: saddr:33561200: daddr:100932208
[  247.222147] AAAAA-TCP_FORW: name:enp0s8: saddr:100932208: daddr:33561200
[  247.222914] AAAAA-TCP_FORW: name:enp0s3: saddr:33561200: daddr:100932208
[  247.288730] AAAAA-TCP_FORW: name:enp0s8: saddr:100932208: daddr:16783984
[  247.338858] AAAAA-TCP_FORW: name:enp0s8: saddr:100932208: daddr:33561200
[  247.379406] AAAAA-TCP_FORW: name:enp0s8: saddr:100932208: daddr:33561200
[  247.380134] AAAAA-TCP_FORW: name:enp0s3: saddr:33561200: daddr:100932208
[  247.428533] AAAAA-TCP_FORW: name:enp0s8: saddr:100932208: daddr:33561200
[  247.429275] AAAAA-TCP_FORW: name:enp0s3: saddr:33561200: daddr:100932208
[  247.490543] AAAAA-TCP_FORW: name:enp0s8: saddr:100932208: daddr:33561200
[  247.491330] AAAAA-TCP_FORW: name:enp0s3: saddr:33561200: daddr:100932208
[  247.539909] AAAAA-TCP_FORW: name:enp0s8: saddr:100932208: daddr:33561200
[  247.541021] AAAAA-TCP_FORW: name:enp0s3: saddr:33561200: daddr:100932208
[  247.624979] AAAAA-TCP_FORW: name:enp0s8: saddr:100932208: daddr:33561200
[  247.625837] AAAAA-TCP_FORW: name:enp0s3: saddr:33561200: daddr:100932208
[  247.697702] AAAAA-TCP_FORW: name:enp0s8: saddr:100932208: daddr:33561200
[  247.698725] AAAAA-TCP_FORW: name:enp0s3: saddr:33561200: daddr:100932208
[  247.750806] AAAAA-TCP_FORW: name:enp0s8: saddr:100932208: daddr:33561200
[  247.752065] AAAAA-TCP_FORW: name:enp0s3: saddr:33561200: daddr:100932208
[  247.825812] AAAAA-TCP_FORW: name:enp0s8: saddr:100932208: daddr:33561200
[  247.826727] AAAAA-TCP_FORW: name:enp0s3: saddr:33561200: daddr:100932208
[  247.927508] AAAAA-TCP_FORW: name:enp0s8: saddr:100932208: daddr:33561200
[  247.930477] AAAAA-TCP_FORW: name:enp0s3: saddr:33561200: daddr:100932208
[  247.986623] AAAAA-TCP_FORW: name:enp0s8: saddr:100932208: daddr:33561200
[  247.987438] AAAAA-TCP_FORW: name:enp0s3: saddr:33561200: daddr:100932208
[  248.056591] AAAAA-TCP_FORW: name:enp0s8: saddr:100932208: daddr:16783984
[  248.057617] AAAAA-TCP_FORW: name:enp0s3: saddr:16783984: daddr:100932208
[  248.122789] AAAAA-TCP_FORW: name:enp0s8: saddr:100932208: daddr:16783984
[  248.123910] AAAAA-TCP_FORW: name:enp0s3: saddr:16783984: daddr:100932208
[  248.176776] AAAAA-TCP_FORW: name:enp0s8: saddr:100932208: daddr:16783984
[  248.178306] AAAAA-TCP_FORW: name:enp0s3: saddr:16783984: daddr:100932208
[  248.265744] AAAAA-TCP_FORW: name:enp0s8: saddr:100932208: daddr:16783984
[  248.266646] AAAAA-TCP_FORW: name:enp0s3: saddr:16783984: daddr:100932208
[  248.339002] AAAAA-TCP_FORW: name:enp0s8: saddr:100932208: daddr:16783984
[  248.340600] AAAAA-TCP_FORW: name:enp0s3: saddr:16783984: daddr:100932208
[  248.378306] AAAAA-TCP_FORW: name:enp0s8: saddr:100932208: daddr:16783984
[  248.379196] AAAAA-TCP_FORW: name:enp0s3: saddr:16783984: daddr:100932208
[  248.403073] AAAAA-TCP_FORW: name:enp0s8: saddr:100932208: daddr:16783984
[  248.403969] AAAAA-TCP_FORW: name:enp0s3: saddr:16783984: daddr:100932208
[  248.457260] AAAAA-TCP_FORW: name:enp0s8: saddr:100932208: daddr:16783984
[  248.458461] AAAAA-TCP_FORW: name:enp0s3: saddr:16783984: daddr:100932208
[  248.517924] AAAAA-TCP_FORW: name:enp0s8: saddr:100932208: daddr:16783984
[  248.518665] AAAAA-TCP_FORW: name:enp0s3: saddr:16783984: daddr:100932208
[  248.668525] AAAAA-TCP_FORW: name:enp0s8: saddr:100932208: daddr:16783984
[  248.669863] AAAAA-TCP_FORW: name:enp0s3: saddr:16783984: daddr:100932208
[  248.715205] AAAAA-TCP_FORW: name:enp0s8: saddr:100932208: daddr:16783984
[  248.717087] AAAAA-TCP_FORW: name:enp0s3: saddr:16783984: daddr:100932208
[  248.808742] AAAAA-TCP_FORW: name:enp0s8: saddr:100932208: daddr:16783984
[  248.811556] AAAAA-TCP_FORW: name:enp0s3: saddr:16783984: daddr:100932208
[  248.888993] AAAAA-TCP_FORW: name:enp0s8: saddr:100932208: daddr:16783984
[  248.890822] AAAAA-TCP_FORW: name:enp0s3: saddr:16783984: daddr:100932208
[  248.976162] AAAAA-TCP_FORW: name:enp0s8: saddr:100932208: daddr:16783984
[  248.978118] AAAAA-TCP_FORW: name:enp0s3: saddr:16783984: daddr:100932208
[  249.041834] AAAAA-TCP_FORW: name:enp0s8: saddr:100932208: daddr:16783984
[  249.044297] AAAAA-TCP_FORW: name:enp0s3: saddr:16783984: daddr:100932208
[  249.163530] AAAAA-TCP_FORW: name:enp0s8: saddr:100932208: daddr:16783984
[  249.165486] AAAAA-TCP_FORW: name:enp0s3: saddr:16783984: daddr:100932208
[  249.235989] AAAAA-TCP_FORW: name:enp0s8: saddr:100932208: daddr:16783984
[  249.237629] AAAAA-TCP_FORW: name:enp0s3: saddr:16783984: daddr:100932208
[  249.305599] AAAAA-TCP_FORW: name:enp0s8: saddr:100932208: daddr:16783984
[  249.307292] AAAAA-TCP_FORW: name:enp0s3: saddr:16783984: daddr:100932208
[  249.364398] AAAAA-TCP_FORW: name:enp0s8: saddr:100932208: daddr:16783984
[  249.366334] AAAAA-TCP_FORW: name:enp0s3: saddr:16783984: daddr:100932208
[  249.443764] AAAAA-TCP_FORW: name:enp0s8: saddr:100932208: daddr:16783984
[  249.446200] AAAAA-TCP_FORW: name:enp0s3: saddr:16783984: daddr:100932208
[  249.544049] AAAAA-TCP_FORW: name:enp0s8: saddr:100932208: daddr:16783984
[  249.547120] AAAAA-TCP_FORW: name:enp0s3: saddr:16783984: daddr:100932208
[  249.623850] AAAAA-TCP_FORW: name:enp0s8: saddr:100932208: daddr:16783984
[  249.626435] AAAAA-TCP_FORW: name:enp0s3: saddr:16783984: daddr:100932208
[  249.712120] AAAAA-TCP_FORW: name:enp0s8: saddr:100932208: daddr:16783984
[  249.714588] AAAAA-TCP_FORW: name:enp0s3: saddr:16783984: daddr:100932208
[  249.777564] AAAAA-TCP_FORW: name:enp0s8: saddr:100932208: daddr:16783984
[  249.780022] AAAAA-TCP_FORW: name:enp0s3: saddr:16783984: daddr:100932208
[  249.900856] AAAAA-TCP_FORW: name:enp0s8: saddr:100932208: daddr:16783984
[  249.903056] AAAAA-TCP_FORW: name:enp0s3: saddr:16783984: daddr:100932208
[  250.146460] AAAAA-TCP_FORW: name:enp0s8: saddr:100932208: daddr:16783984
[  250.148964] AAAAA-TCP_FORW: name:enp0s3: saddr:16783984: daddr:100932208
[  250.252546] AAAAA-TCP_FORW: name:enp0s8: saddr:100932208: daddr:16783984
[  250.255071] AAAAA-TCP_FORW: name:enp0s3: saddr:16783984: daddr:100932208
[  250.352613] AAAAA-TCP_FORW: name:enp0s8: saddr:100932208: daddr:16783984
[  250.355050] AAAAA-TCP_FORW: name:enp0s3: saddr:16783984: daddr:100932208
[  250.418492] AAAAA-TCP_FORW: name:enp0s8: saddr:100932208: daddr:16783984
[  250.420423] AAAAA-TCP_FORW: name:enp0s3: saddr:16783984: daddr:100932208
[  250.500179] AAAAA-TCP_FORW: name:enp0s8: saddr:100932208: daddr:16783984
[  250.502354] AAAAA-TCP_FORW: name:enp0s3: saddr:16783984: daddr:100932208
[  250.590535] AAAAA-TCP_FORW: name:enp0s8: saddr:100932208: daddr:16783984
[  250.593021] AAAAA-TCP_FORW: name:enp0s3: saddr:16783984: daddr:100932208
[  250.634172] AAAAA-TCP_FORW: name:enp0s8: saddr:100932208: daddr:16783984
[  250.636107] AAAAA-TCP_FORW: name:enp0s3: saddr:16783984: daddr:100932208
[  250.753519] AAAAA-TCP_FORW: name:enp0s8: saddr:100932208: daddr:33561200
[  250.756033] AAAAA-TCP_FORW: name:enp0s3: saddr:33561200: daddr:100932208
[  250.818050] AAAAA-TCP_FORW: name:enp0s8: saddr:100932208: daddr:33561200
[  250.819949] AAAAA-TCP_FORW: name:enp0s3: saddr:33561200: daddr:100932208
[  250.868182] AAAAA-TCP_FORW: name:enp0s8: saddr:100932208: daddr:16783984
[  250.869845] AAAAA-TCP_FORW: name:enp0s3: saddr:16783984: daddr:100932208
[  250.967021] AAAAA-TCP_FORW: name:enp0s8: saddr:100932208: daddr:16783984
[  250.970439] AAAAA-TCP_FORW: name:enp0s3: saddr:16783984: daddr:100932208
[  251.059884] AAAAA-TCP_FORW: name:enp0s8: saddr:100932208: daddr:16783984
[  251.061806] AAAAA-TCP_FORW: name:enp0s3: saddr:16783984: daddr:100932208
[  251.118673] AAAAA-TCP_FORW: name:enp0s8: saddr:100932208: daddr:16783984
[  251.120611] AAAAA-TCP_FORW: name:enp0s3: saddr:16783984: daddr:100932208
[  251.164153] AAAAA-TCP_FORW: name:enp0s8: saddr:100932208: daddr:16783984
[  251.166052] AAAAA-TCP_FORW: name:enp0s3: saddr:16783984: daddr:100932208
[  251.270250] AAAAA-TCP_FORW: name:enp0s8: saddr:100932208: daddr:16783984
[  251.272148] AAAAA-TCP_FORW: name:enp0s3: saddr:16783984: daddr:100932208
[  251.304675] AAAAA-TCP_FORW: name:enp0s8: saddr:100932208: daddr:16783984
[  251.306593] AAAAA-TCP_FORW: name:enp0s3: saddr:16783984: daddr:100932208
[  251.373493] AAAAA-TCP_FORW: name:enp0s8: saddr:100932208: daddr:16783984
[  251.375058] AAAAA-TCP_FORW: name:enp0s3: saddr:16783984: daddr:100932208
[  251.452026] AAAAA-TCP_FORW: name:enp0s8: saddr:100932208: daddr:16783984
[  251.453854] AAAAA-TCP_FORW: name:enp0s3: saddr:16783984: daddr:100932208
[  251.526241] AAAAA-TCP_FORW: name:enp0s8: saddr:100932208: daddr:16783984
[  251.526948] AAAAA-TCP_FORW: name:enp0s3: saddr:16783984: daddr:100932208
[  251.602432] AAAAA-TCP_FORW: name:enp0s8: saddr:100932208: daddr:16783984
[  251.603208] AAAAA-TCP_FORW: name:enp0s3: saddr:16783984: daddr:100932208
[  251.672311] AAAAA-TCP_FORW: name:enp0s8: saddr:100932208: daddr:16783984
[  251.673043] AAAAA-TCP_FORW: name:enp0s3: saddr:16783984: daddr:100932208
[  251.715123] AAAAA-TCP_FORW: name:enp0s8: saddr:100932208: daddr:33561200
[  251.717619] AAAAA-TCP_FORW: name:enp0s3: saddr:33561200: daddr:100932208
[  251.789930] AAAAA-TCP_FORW: name:enp0s8: saddr:100932208: daddr:33561200
[  251.791832] AAAAA-TCP_FORW: name:enp0s3: saddr:33561200: daddr:100932208
[  251.878014] AAAAA-TCP_FORW: name:enp0s8: saddr:100932208: daddr:33561200
[  251.880281] AAAAA-TCP_FORW: name:enp0s3: saddr:33561200: daddr:100932208
[  251.934746] AAAAA-TCP_FORW: name:enp0s8: saddr:100932208: daddr:33561200
[  251.936465] AAAAA-TCP_FORW: name:enp0s3: saddr:33561200: daddr:100932208
[  251.963349] AAAAA-TCP_FORW: name:enp0s8: saddr:100932208: daddr:33561200
[  251.965047] AAAAA-TCP_FORW: name:enp0s3: saddr:33561200: daddr:100932208
[  252.048790] AAAAA-TCP_FORW: name:enp0s8: saddr:100932208: daddr:33561200
[  252.050726] AAAAA-TCP_FORW: name:enp0s3: saddr:33561200: daddr:100932208
[  252.151804] AAAAA-TCP_FORW: name:enp0s8: saddr:100932208: daddr:33561200
[  252.155072] AAAAA-TCP_FORW: name:enp0s3: saddr:33561200: daddr:100932208
[  252.256150] AAAAA-TCP_FORW: name:enp0s8: saddr:100932208: daddr:33561200
[  252.258555] AAAAA-TCP_FORW: name:enp0s3: saddr:33561200: daddr:100932208
[  252.389549] AAAAA-TCP_FORW: name:enp0s8: saddr:100932208: daddr:33561200
[  252.391285] AAAAA-TCP_FORW: name:enp0s3: saddr:33561200: daddr:100932208
[  252.495943] AAAAA-TCP_FORW: name:enp0s8: saddr:100932208: daddr:33561200
[  252.497970] AAAAA-TCP_FORW: name:enp0s3: saddr:33561200: daddr:100932208
[  252.582847] AAAAA-TCP_FORW: name:enp0s8: saddr:100932208: daddr:33561200
[  252.586585] AAAAA-TCP_FORW: name:enp0s3: saddr:33561200: daddr:100932208
[  252.665965] AAAAA-TCP_FORW: name:enp0s8: saddr:100932208: daddr:33561200
[  252.668610] AAAAA-TCP_FORW: name:enp0s3: saddr:33561200: daddr:100932208
[  252.738259] AAAAA-TCP_FORW: name:enp0s8: saddr:100932208: daddr:33561200
[  252.739138] AAAAA-TCP_FORW: name:enp0s3: saddr:33561200: daddr:100932208
[  252.833555] AAAAA-TCP_FORW: name:enp0s8: saddr:100932208: daddr:33561200
[  252.834265] AAAAA-TCP_FORW: name:enp0s3: saddr:33561200: daddr:100932208
[  252.926745] AAAAA-TCP_FORW: name:enp0s8: saddr:100932208: daddr:33561200
[  252.927936] AAAAA-TCP_FORW: name:enp0s3: saddr:33561200: daddr:100932208
[  252.988172] AAAAA-TCP_FORW: name:enp0s8: saddr:100932208: daddr:33561200
[  252.988906] AAAAA-TCP_FORW: name:enp0s3: saddr:33561200: daddr:100932208
[  253.051832] AAAAA-TCP_FORW: name:enp0s8: saddr:100932208: daddr:33561200
[  253.052570] AAAAA-TCP_FORW: name:enp0s3: saddr:33561200: daddr:100932208
[  253.161880] AAAAA-TCP_FORW: name:enp0s8: saddr:100932208: daddr:33561200
[  253.162922] AAAAA-TCP_FORW: name:enp0s3: saddr:33561200: daddr:100932208
[  253.247036] AAAAA-TCP_FORW: name:enp0s8: saddr:100932208: daddr:33561200
[  253.248326] AAAAA-TCP_FORW: name:enp0s3: saddr:33561200: daddr:100932208
[  253.336116] AAAAA-TCP_FORW: name:enp0s8: saddr:100932208: daddr:33561200
[  253.336856] AAAAA-TCP_FORW: name:enp0s3: saddr:33561200: daddr:100932208
[  253.423100] AAAAA-TCP_FORW: name:enp0s8: saddr:100932208: daddr:16783984
[  253.423793] AAAAA-TCP_FORW: name:enp0s3: saddr:16783984: daddr:100932208
[  253.530224] AAAAA-TCP_FORW: name:enp0s8: saddr:100932208: daddr:16783984
[  253.531378] AAAAA-TCP_FORW: name:enp0s3: saddr:16783984: daddr:100932208
[  253.660714] AAAAA-TCP_FORW: name:enp0s8: saddr:100932208: daddr:16783984
[  253.661613] AAAAA-TCP_FORW: name:enp0s3: saddr:16783984: daddr:100932208
[  253.824953] AAAAA-TCP_FORW: name:enp0s8: saddr:100932208: daddr:16783984
[  253.825813] AAAAA-TCP_FORW: name:enp0s3: saddr:16783984: daddr:100932208
[  253.900650] AAAAA-TCP_FORW: name:enp0s8: saddr:100932208: daddr:16783984
[  253.901875] AAAAA-TCP_FORW: name:enp0s3: saddr:16783984: daddr:100932208
[  254.115275] AAAAA-TCP_FORW: name:enp0s8: saddr:100932208: daddr:16783984
[  254.115992] AAAAA-TCP_FORW: name:enp0s3: saddr:16783984: daddr:100932208
[  254.195068] AAAAA-TCP_FORW: name:enp0s8: saddr:100932208: daddr:16783984
[  254.196065] AAAAA-TCP_FORW: name:enp0s3: saddr:16783984: daddr:100932208
[  254.338614] AAAAA-TCP_FORW: name:enp0s8: saddr:100932208: daddr:16783984
[  254.339834] AAAAA-TCP_FORW: name:enp0s3: saddr:16783984: daddr:100932208
[  254.462170] AAAAA-TCP_FORW: name:enp0s8: saddr:100932208: daddr:16783984
[  254.462933] AAAAA-TCP_FORW: name:enp0s3: saddr:16783984: daddr:100932208
[  254.612080] AAAAA-TCP_FORW: name:enp0s8: saddr:100932208: daddr:16783984
[  254.612821] AAAAA-TCP_FORW: name:enp0s3: saddr:16783984: daddr:100932208
[  254.725272] AAAAA-TCP_FORW: name:enp0s8: saddr:100932208: daddr:16783984
[  254.726460] AAAAA-TCP_FORW: name:enp0s3: saddr:16783984: daddr:100932208
[  254.785855] AAAAA-TCP_FORW: name:enp0s8: saddr:100932208: daddr:16783984
[  254.786567] AAAAA-TCP_FORW: name:enp0s3: saddr:16783984: daddr:100932208
[  254.939952] AAAAA-TCP_FORW: name:enp0s8: saddr:100932208: daddr:16783984
[  254.940726] AAAAA-TCP_FORW: name:enp0s3: saddr:16783984: daddr:100932208
[  255.031377] AAAAA-TCP_FORW: name:enp0s8: saddr:100932208: daddr:16783984
[  255.032138] AAAAA-TCP_FORW: name:enp0s3: saddr:16783984: daddr:100932208
[  255.305397] AAAAA-TCP_FORW: name:enp0s8: saddr:100932208: daddr:16783984
[  255.306114] AAAAA-TCP_FORW: name:enp0s3: saddr:16783984: daddr:100932208
[  255.527984] AAAAA-TCP_FORW: name:enp0s8: saddr:100932208: daddr:16783984
[  255.529058] AAAAA-TCP_FORW: name:enp0s3: saddr:16783984: daddr:100932208
[  255.793216] AAAAA-TCP_FORW: name:enp0s8: saddr:100932208: daddr:16783984
[  255.795707] AAAAA-TCP_FORW: name:enp0s3: saddr:16783984: daddr:100932208
[  255.951776] AAAAA-TCP_FORW: name:enp0s8: saddr:100932208: daddr:16783984
[  255.953655] AAAAA-TCP_FORW: name:enp0s3: saddr:16783984: daddr:100932208
[  256.084074] AAAAA-TCP_FORW: name:enp0s8: saddr:100932208: daddr:16783984
[  256.085966] AAAAA-TCP_FORW: name:enp0s3: saddr:16783984: daddr:100932208
[  256.191193] AAAAA-TCP_FORW: name:enp0s8: saddr:100932208: daddr:16783984
[  256.193680] AAAAA-TCP_FORW: name:enp0s3: saddr:16783984: daddr:100932208
[  256.280798] AAAAA-TCP_FORW: name:enp0s8: saddr:100932208: daddr:16783984
[  256.282946] AAAAA-TCP_FORW: name:enp0s3: saddr:16783984: daddr:100932208
[  256.461303] AAAAA-TCP_FORW: name:enp0s8: saddr:100932208: daddr:16783984
[  256.463529] AAAAA-TCP_FORW: name:enp0s3: saddr:16783984: daddr:100932208
[  256.509464] AAAAA-TCP_FORW: name:enp0s8: saddr:100932208: daddr:16783984
[  256.511370] AAAAA-TCP_FORW: name:enp0s3: saddr:16783984: daddr:100932208
[  256.624194] AAAAA-TCP_FORW: name:enp0s8: saddr:100932208: daddr:16783984
[  256.626609] AAAAA-TCP_FORW: name:enp0s3: saddr:16783984: daddr:100932208
[  256.744296] AAAAA-TCP_FORW: name:enp0s8: saddr:100932208: daddr:16783984
[  256.746357] AAAAA-TCP_FORW: name:enp0s3: saddr:16783984: daddr:100932208
[  256.861740] AAAAA-TCP_FORW: name:enp0s8: saddr:100932208: daddr:16783984
[  256.864260] AAAAA-TCP_FORW: name:enp0s3: saddr:16783984: daddr:100932208
[  256.985070] AAAAA-TCP_FORW: name:enp0s8: saddr:100932208: daddr:16783984
[  256.986992] AAAAA-TCP_FORW: name:enp0s3: saddr:16783984: daddr:100932208
[  257.068053] AAAAA-TCP_FORW: name:enp0s8: saddr:100932208: daddr:16783984
[  257.069967] AAAAA-TCP_FORW: name:enp0s3: saddr:16783984: daddr:100932208
[  257.187538] AAAAA-TCP_FORW: name:enp0s8: saddr:100932208: daddr:16783984
[  257.189453] AAAAA-TCP_FORW: name:enp0s3: saddr:16783984: daddr:100932208
[  257.236610] AAAAA-TCP_FORW: name:enp0s8: saddr:100932208: daddr:16783984
[  257.239178] AAAAA-TCP_FORW: name:enp0s3: saddr:16783984: daddr:100932208
[  257.283972] AAAAA-TCP_FORW: name:enp0s8: saddr:100932208: daddr:16783984
[  257.284677] AAAAA-TCP_FORW: name:enp0s3: saddr:16783984: daddr:100932208
[  257.360774] AAAAA-TCP_FORW: name:enp0s8: saddr:100932208: daddr:33561200
[  257.362021] AAAAA-TCP_FORW: name:enp0s3: saddr:33561200: daddr:100932208
[  257.438027] AAAAA-TCP_FORW: name:enp0s8: saddr:100932208: daddr:33561200
[  257.438761] AAAAA-TCP_FORW: name:enp0s3: saddr:33561200: daddr:100932208
[  257.573074] AAAAA-TCP_FORW: name:enp0s8: saddr:100932208: daddr:33561200
[  257.573873] AAAAA-TCP_FORW: name:enp0s3: saddr:33561200: daddr:100932208
[  257.666347] AAAAA-TCP_FORW: name:enp0s8: saddr:100932208: daddr:33561200
[  257.667695] AAAAA-TCP_FORW: name:enp0s3: saddr:33561200: daddr:100932208
[  257.792215] AAAAA-TCP_FORW: name:enp0s8: saddr:100932208: daddr:33561200
[  257.792995] AAAAA-TCP_FORW: name:enp0s3: saddr:33561200: daddr:100932208
[  257.923972] AAAAA-TCP_FORW: name:enp0s8: saddr:100932208: daddr:33561200
[  257.924742] AAAAA-TCP_FORW: name:enp0s3: saddr:33561200: daddr:100932208
[  258.016138] AAAAA-TCP_FORW: name:enp0s8: saddr:100932208: daddr:33561200
[  258.016939] AAAAA-TCP_FORW: name:enp0s3: saddr:33561200: daddr:100932208
[  258.124984] AAAAA-TCP_FORW: name:enp0s8: saddr:100932208: daddr:33561200
[  258.125744] AAAAA-TCP_FORW: name:enp0s3: saddr:33561200: daddr:100932208
[  258.218975] AAAAA-TCP_FORW: name:enp0s8: saddr:100932208: daddr:33561200
[  258.219727] AAAAA-TCP_FORW: name:enp0s3: saddr:33561200: daddr:100932208
[  258.308761] AAAAA-TCP_FORW: name:enp0s8: saddr:100932208: daddr:33561200
[  258.309726] AAAAA-TCP_FORW: name:enp0s3: saddr:33561200: daddr:100932208
[  258.345203] AAAAA-TCP_FORW: name:enp0s8: saddr:100932208: daddr:33561200
[  258.345950] AAAAA-TCP_FORW: name:enp0s3: saddr:33561200: daddr:100932208
[  258.346078] AAAAA-TCP_FORW: name:enp0s3: saddr:33561200: daddr:100932208
[  258.346361] AAAAA-TCP_FORW: name:enp0s3: saddr:16783984: daddr:100932208
[  258.444577] AAAAA-TCP_FORW: name:enp0s8: saddr:100932208: daddr:33561200
[  258.445240] AAAAA-TCP_FORW: name:enp0s3: saddr:33561200: daddr:100932208
[  260.462462] AAAAA-TCP_FORW: name:enp0s8: saddr:100932208: daddr:16783984
[  260.463656] AAAAA-TCP_FORW: name:enp0s3: saddr:16783984: daddr:100932208
[  260.612051] AAAAA-TCP_FORW: name:enp0s8: saddr:100932208: daddr:16783984
[  260.613143] AAAAA-TCP_FORW: name:enp0s3: saddr:16783984: daddr:100932208
[  260.765517] AAAAA-TCP_FORW: name:enp0s8: saddr:100932208: daddr:16783984
[  260.766568] AAAAA-TCP_FORW: name:enp0s3: saddr:16783984: daddr:100932208
[  260.904618] AAAAA-TCP_FORW: name:enp0s8: saddr:100932208: daddr:16783984
[  260.905868] AAAAA-TCP_FORW: name:enp0s3: saddr:16783984: daddr:100932208
[  261.003024] AAAAA-TCP_FORW: name:enp0s8: saddr:100932208: daddr:16783984
[  261.003758] AAAAA-TCP_FORW: name:enp0s3: saddr:16783984: daddr:100932208
[  261.030522] AAAAA-TCP_FORW: name:enp0s8: saddr:100932208: daddr:16783984
[  261.031255] AAAAA-TCP_FORW: name:enp0s3: saddr:16783984: daddr:100932208
[  261.223856] AAAAA-TCP_FORW: name:enp0s8: saddr:100932208: daddr:16783984
[  261.225039] AAAAA-TCP_FORW: name:enp0s3: saddr:16783984: daddr:100932208
[  261.377161] AAAAA-TCP_FORW: name:enp0s8: saddr:100932208: daddr:16783984
[  261.378340] AAAAA-TCP_FORW: name:enp0s3: saddr:16783984: daddr:100932208
[  261.471484] AAAAA-TCP_FORW: name:enp0s8: saddr:100932208: daddr:16783984
[  261.472553] AAAAA-TCP_FORW: name:enp0s3: saddr:16783984: daddr:100932208
[  261.617501] AAAAA-TCP_FORW: name:enp0s8: saddr:100932208: daddr:16783984
[  261.618844] AAAAA-TCP_FORW: name:enp0s3: saddr:16783984: daddr:100932208
[  261.782174] AAAAA-TCP_FORW: name:enp0s8: saddr:100932208: daddr:16783984
[  261.783347] AAAAA-TCP_FORW: name:enp0s3: saddr:16783984: daddr:100932208
[  262.069797] AAAAA-TCP_FORW: name:enp0s8: saddr:100932208: daddr:33561200
[  262.071177] AAAAA-TCP_FORW: name:enp0s3: saddr:33561200: daddr:100932208
[  262.180691] AAAAA-TCP_FORW: name:enp0s8: saddr:100932208: daddr:33561200
[  262.181628] AAAAA-TCP_FORW: name:enp0s3: saddr:33561200: daddr:100932208
[  262.309910] AAAAA-TCP_FORW: name:enp0s8: saddr:100932208: daddr:16783984
[  262.311077] AAAAA-TCP_FORW: name:enp0s3: saddr:16783984: daddr:100932208
[  262.443201] AAAAA-TCP_FORW: name:enp0s8: saddr:100932208: daddr:16783984
[  262.444367] AAAAA-TCP_FORW: name:enp0s3: saddr:16783984: daddr:100932208
[  262.515656] AAAAA-TCP_FORW: name:enp0s8: saddr:100932208: daddr:16783984
[  262.516786] AAAAA-TCP_FORW: name:enp0s3: saddr:16783984: daddr:100932208
[  262.590980] AAAAA-TCP_FORW: name:enp0s8: saddr:100932208: daddr:16783984
[  262.592468] AAAAA-TCP_FORW: name:enp0s3: saddr:16783984: daddr:100932208
[  262.751215] AAAAA-TCP_FORW: name:enp0s8: saddr:100932208: daddr:16783984
[  262.752415] AAAAA-TCP_FORW: name:enp0s3: saddr:16783984: daddr:100932208
[  262.855059] AAAAA-TCP_FORW: name:enp0s8: saddr:100932208: daddr:16783984
[  262.855816] AAAAA-TCP_FORW: name:enp0s3: saddr:16783984: daddr:100932208
[  262.948476] AAAAA-TCP_FORW: name:enp0s8: saddr:100932208: daddr:16783984
[  262.949610] AAAAA-TCP_FORW: name:enp0s3: saddr:16783984: daddr:100932208
[  263.100357] AAAAA-TCP_FORW: name:enp0s8: saddr:100932208: daddr:16783984
[  263.101436] AAAAA-TCP_FORW: name:enp0s3: saddr:16783984: daddr:100932208
[  263.166949] AAAAA-TCP_FORW: name:enp0s8: saddr:100932208: daddr:16783984
[  263.168118] AAAAA-TCP_FORW: name:enp0s3: saddr:16783984: daddr:100932208
[  263.285383] AAAAA-TCP_FORW: name:enp0s8: saddr:100932208: daddr:16783984
[  263.288163] AAAAA-TCP_FORW: name:enp0s3: saddr:16783984: daddr:100932208
[  263.363012] AAAAA-TCP_FORW: name:enp0s8: saddr:100932208: daddr:16783984
[  263.365449] AAAAA-TCP_FORW: name:enp0s3: saddr:16783984: daddr:100932208
[  263.419337] AAAAA-TCP_FORW: name:enp0s8: saddr:100932208: daddr:16783984
[  263.421040] AAAAA-TCP_FORW: name:enp0s3: saddr:16783984: daddr:100932208
[  263.489556] AAAAA-TCP_FORW: name:enp0s8: saddr:100932208: daddr:16783984
[  263.491641] AAAAA-TCP_FORW: name:enp0s3: saddr:16783984: daddr:100932208
[  263.616598] AAAAA-TCP_FORW: name:enp0s8: saddr:100932208: daddr:16783984
[  263.618554] AAAAA-TCP_FORW: name:enp0s3: saddr:16783984: daddr:100932208
[  263.758525] AAAAA-TCP_FORW: name:enp0s8: saddr:100932208: daddr:16783984
[  263.760905] AAAAA-TCP_FORW: name:enp0s3: saddr:16783984: daddr:100932208
[  263.856964] AAAAA-TCP_FORW: name:enp0s8: saddr:100932208: daddr:16783984
[  263.859282] AAAAA-TCP_FORW: name:enp0s3: saddr:16783984: daddr:100932208
[  263.941336] AAAAA-TCP_FORW: name:enp0s8: saddr:100932208: daddr:16783984
[  263.943741] AAAAA-TCP_FORW: name:enp0s3: saddr:16783984: daddr:100932208
[  264.036841] AAAAA-TCP_FORW: name:enp0s8: saddr:100932208: daddr:16783984
[  264.039206] AAAAA-TCP_FORW: name:enp0s3: saddr:16783984: daddr:100932208
[  264.112209] AAAAA-TCP_FORW: name:enp0s8: saddr:100932208: daddr:16783984
[  264.114173] AAAAA-TCP_FORW: name:enp0s3: saddr:16783984: daddr:100932208
[  264.259723] AAAAA-TCP_FORW: name:enp0s8: saddr:100932208: daddr:16783984
[  264.261931] AAAAA-TCP_FORW: name:enp0s3: saddr:16783984: daddr:100932208
[  264.334428] AAAAA-TCP_FORW: name:enp0s8: saddr:100932208: daddr:33561200
[  264.335145] AAAAA-TCP_FORW: name:enp0s3: saddr:33561200: daddr:100932208
[  264.867823] AAAAA-TCP_FORW: name:enp0s8: saddr:100932208: daddr:16783984
[  264.868552] AAAAA-TCP_FORW: name:enp0s3: saddr:16783984: daddr:100932208
[  265.044911] AAAAA-TCP_FORW: name:enp0s8: saddr:100932208: daddr:16783984
[  265.045863] AAAAA-TCP_FORW: name:enp0s3: saddr:16783984: daddr:100932208
[  265.270748] AAAAA-TCP_FORW: name:enp0s8: saddr:100932208: daddr:16783984
[  265.271929] AAAAA-TCP_FORW: name:enp0s3: saddr:16783984: daddr:100932208
[  265.479887] AAAAA-TCP_FORW: name:enp0s8: saddr:100932208: daddr:16783984
[  265.481200] AAAAA-TCP_FORW: name:enp0s3: saddr:16783984: daddr:100932208
[  265.569110] AAAAA-TCP_FORW: name:enp0s8: saddr:100932208: daddr:16783984
[  265.570298] AAAAA-TCP_FORW: name:enp0s3: saddr:16783984: daddr:100932208
[  265.749224] AAAAA-TCP_FORW: name:enp0s8: saddr:100932208: daddr:16783984
[  265.750482] AAAAA-TCP_FORW: name:enp0s3: saddr:16783984: daddr:100932208
[  265.857260] AAAAA-TCP_FORW: name:enp0s8: saddr:100932208: daddr:16783984
[  265.858025] AAAAA-TCP_FORW: name:enp0s3: saddr:16783984: daddr:100932208
[  266.043550] AAAAA-TCP_FORW: name:enp0s8: saddr:100932208: daddr:16783984
[  266.044885] AAAAA-TCP_FORW: name:enp0s3: saddr:16783984: daddr:100932208
[  266.509040] AAAAA-TCP_FORW: name:enp0s8: saddr:100932208: daddr:16783984
[  266.510328] AAAAA-TCP_FORW: name:enp0s3: saddr:16783984: daddr:100932208
[  266.645964] AAAAA-TCP_FORW: name:enp0s8: saddr:100932208: daddr:16783984
[  266.647220] AAAAA-TCP_FORW: name:enp0s3: saddr:16783984: daddr:100932208
[  266.718484] AAAAA-TCP_FORW: name:enp0s8: saddr:100932208: daddr:16783984
[  266.719622] AAAAA-TCP_FORW: name:enp0s3: saddr:16783984: daddr:100932208
[  266.851750] AAAAA-TCP_FORW: name:enp0s8: saddr:100932208: daddr:16783984
[  266.853025] AAAAA-TCP_FORW: name:enp0s3: saddr:16783984: daddr:100932208
[  266.947139] AAAAA-TCP_FORW: name:enp0s8: saddr:100932208: daddr:16783984
[  266.947922] AAAAA-TCP_FORW: name:enp0s3: saddr:16783984: daddr:100932208
[  267.076995] AAAAA-TCP_FORW: name:enp0s8: saddr:100932208: daddr:16783984
[  267.078129] AAAAA-TCP_FORW: name:enp0s3: saddr:16783984: daddr:100932208
[  267.174892] AAAAA-TCP_FORW: name:enp0s8: saddr:100932208: daddr:16783984
[  267.176080] AAAAA-TCP_FORW: name:enp0s3: saddr:16783984: daddr:100932208
[  267.265469] AAAAA-TCP_FORW: name:enp0s8: saddr:100932208: daddr:16783984
[  267.266620] AAAAA-TCP_FORW: name:enp0s3: saddr:16783984: daddr:100932208
[  267.376383] AAAAA-TCP_FORW: name:enp0s8: saddr:100932208: daddr:16783984
[  267.377636] AAAAA-TCP_FORW: name:enp0s3: saddr:16783984: daddr:100932208
[  267.462699] AAAAA-TCP_FORW: name:enp0s8: saddr:100932208: daddr:16783984
[  267.463753] AAAAA-TCP_FORW: name:enp0s3: saddr:16783984: daddr:100932208
[  267.578531] AAAAA-TCP_FORW: name:enp0s8: saddr:100932208: daddr:16783984
[  267.579627] AAAAA-TCP_FORW: name:enp0s3: saddr:16783984: daddr:100932208
[  267.697974] AAAAA-TCP_FORW: name:enp0s8: saddr:100932208: daddr:16783984
[  267.699272] AAAAA-TCP_FORW: name:enp0s3: saddr:16783984: daddr:100932208
[  267.863996] AAAAA-TCP_FORW: name:enp0s8: saddr:100932208: daddr:16783984
[  267.865180] AAAAA-TCP_FORW: name:enp0s3: saddr:16783984: daddr:100932208
[  267.975155] AAAAA-TCP_FORW: name:enp0s8: saddr:100932208: daddr:16783984
[  267.976357] AAAAA-TCP_FORW: name:enp0s3: saddr:16783984: daddr:100932208
[  268.171660] AAAAA-TCP_FORW: name:enp0s8: saddr:100932208: daddr:16783984
[  268.172950] AAAAA-TCP_FORW: name:enp0s3: saddr:16783984: daddr:100932208
[  268.403160] AAAAA-TCP_FORW: name:enp0s8: saddr:100932208: daddr:16783984
[  268.403937] AAAAA-TCP_FORW: name:enp0s3: saddr:16783984: daddr:100932208
[  268.471915] AAAAA-TCP_FORW: name:enp0s8: saddr:100932208: daddr:16783984
[  268.473246] AAAAA-TCP_FORW: name:enp0s3: saddr:16783984: daddr:100932208
[  268.562843] AAAAA-TCP_FORW: name:enp0s8: saddr:100932208: daddr:16783984
[  268.564489] AAAAA-TCP_FORW: name:enp0s3: saddr:16783984: daddr:100932208
[  268.697690] AAAAA-TCP_FORW: name:enp0s8: saddr:100932208: daddr:16783984
[  268.698453] AAAAA-TCP_FORW: name:enp0s3: saddr:16783984: daddr:100932208
[  268.793518] AAAAA-TCP_FORW: name:enp0s8: saddr:100932208: daddr:16783984
[  268.794776] AAAAA-TCP_FORW: name:enp0s3: saddr:16783984: daddr:100932208
[  268.934725] AAAAA-TCP_FORW: name:enp0s8: saddr:100932208: daddr:16783984
[  268.936611] AAAAA-TCP_FORW: name:enp0s3: saddr:16783984: daddr:100932208
[  269.010478] AAAAA-TCP_FORW: name:enp0s8: saddr:100932208: daddr:16783984
[  269.011194] AAAAA-TCP_FORW: name:enp0s3: saddr:16783984: daddr:100932208
[  269.134209] AAAAA-TCP_FORW: name:enp0s8: saddr:100932208: daddr:16783984
[  269.135403] AAAAA-TCP_FORW: name:enp0s3: saddr:16783984: daddr:100932208
[  275.515645] AAAAA-TCP_FORW: name:enp0s8: saddr:100932208: daddr:33561200
[  275.517217] AAAAA-TCP_FORW: name:enp0s3: saddr:33561200: daddr:100932208
[  279.654370] AAAAA-TCP_FORW: name:enp0s8: saddr:100932208: daddr:16783984
[  279.655821] AAAAA-TCP_FORW: name:enp0s3: saddr:16783984: daddr:100932208
[  279.791760] AAAAA-TCP_FORW: name:enp0s8: saddr:100932208: daddr:16783984
[  279.792798] AAAAA-TCP_FORW: name:enp0s3: saddr:16783984: daddr:100932208
[  279.872347] AAAAA-TCP_FORW: name:enp0s8: saddr:100932208: daddr:16783984
[  279.873447] AAAAA-TCP_FORW: name:enp0s3: saddr:16783984: daddr:100932208
[  280.011214] AAAAA-TCP_FORW: name:enp0s8: saddr:100932208: daddr:16783984
[  280.011975] AAAAA-TCP_FORW: name:enp0s3: saddr:16783984: daddr:100932208
[  280.094249] AAAAA-TCP_FORW: name:enp0s8: saddr:100932208: daddr:16783984
[  280.095011] AAAAA-TCP_FORW: name:enp0s3: saddr:16783984: daddr:100932208
[  280.219245] AAAAA-TCP_FORW: name:enp0s8: saddr:100932208: daddr:16783984
[  280.220021] AAAAA-TCP_FORW: name:enp0s3: saddr:16783984: daddr:100932208
[  280.329143] AAAAA-TCP_FORW: name:enp0s8: saddr:100932208: daddr:16783984
[  280.329946] AAAAA-TCP_FORW: name:enp0s3: saddr:16783984: daddr:100932208
[  280.671119] AAAAA-TCP_FORW: name:enp0s8: saddr:100932208: daddr:16783984
[  280.672397] AAAAA-TCP_FORW: name:enp0s3: saddr:16783984: daddr:100932208
[  280.887700] AAAAA-TCP_FORW: name:enp0s8: saddr:100932208: daddr:16783984
[  280.888440] AAAAA-TCP_FORW: name:enp0s3: saddr:16783984: daddr:100932208
[  281.039106] AAAAA-TCP_FORW: name:enp0s8: saddr:100932208: daddr:16783984
[  281.040186] AAAAA-TCP_FORW: name:enp0s3: saddr:16783984: daddr:100932208
[  281.404809] AAAAA-TCP_FORW: name:enp0s8: saddr:100932208: daddr:16783984
[  281.405600] AAAAA-TCP_FORW: name:enp0s3: saddr:16783984: daddr:100932208
[  281.627657] AAAAA-TCP_FORW: name:enp0s8: saddr:100932208: daddr:16783984
[  281.628454] AAAAA-TCP_FORW: name:enp0s3: saddr:16783984: daddr:100932208
[  281.865658] AAAAA-TCP_FORW: name:enp0s8: saddr:100932208: daddr:16783984
[  282.043819] AAAAA-TCP_FORW: name:enp0s8: saddr:100932208: daddr:33561200
[  282.285171] AAAAA-TCP_FORW: name:enp0s8: saddr:100932208: daddr:33561200
[  282.370653] AAAAA-TCP_FORW: name:enp0s8: saddr:100932208: daddr:33561200
[  282.443393] AAAAA-TCP_FORW: name:enp0s8: saddr:100932208: daddr:33561200
[  282.755404] AAAAA-TCP_FORW: name:enp0s8: saddr:100932208: daddr:33561200
[  282.876601] AAAAA-TCP_FORW: name:enp0s8: saddr:100932208: daddr:33561200
[  283.372754] AAAAA-TCP_FORW: name:enp0s8: saddr:100932208: daddr:33561200
[  283.677238] AAAAA-TCP_FORW: name:enp0s8: saddr:100932208: daddr:16783984
[  283.831723] AAAAA-TCP_FORW: name:enp0s8: saddr:100932208: daddr:16783984
[  284.058411] AAAAA-TCP_FORW: name:enp0s8: saddr:100932208: daddr:16783984
[  284.178779] AAAAA-TCP_FORW: name:enp0s8: saddr:100932208: daddr:16783984
[  284.341301] AAAAA-TCP_FORW: name:enp0s8: saddr:100932208: daddr:16783984
[  284.624687] AAAAA-TCP_FORW: name:enp0s8: saddr:100932208: daddr:16783984
[  285.502428] AAAAA-TCP_FORW: name:enp0s8: saddr:100932208: daddr:16783984
[  285.525716] AAAAA-TCP_FORW: name:enp0s8: saddr:100932208: daddr:16783984
[  285.831861] AAAAA-TCP_FORW: name:enp0s8: saddr:100932208: daddr:33561200
[  286.267579] AAAAA-TCP_FORW: name:enp0s8: saddr:100932208: daddr:16783984
[  286.481986] AAAAA-TCP_FORW: name:enp0s8: saddr:100932208: daddr:16783984
[  286.698351] AAAAA-TCP_FORW: name:enp0s8: saddr:100932208: daddr:33561200
[  286.991680] AAAAA-TCP_FORW: name:enp0s8: saddr:100932208: daddr:16783984
[  287.342714] AAAAA-TCP_FORW: name:enp0s8: saddr:100932208: daddr:16783984
[  287.554006] AAAAA-TCP_FORW: name:enp0s8: saddr:100932208: daddr:16783984
[  287.639472] AAAAA-TCP_FORW: name:enp0s8: saddr:100932208: daddr:33561200
[  287.796815] AAAAA-TCP_FORW: name:enp0s8: saddr:100932208: daddr:16783984
[  288.118130] AAAAA-TCP_FORW: name:enp0s8: saddr:100932208: daddr:16783984
[  288.488331] AAAAA-TCP_FORW: name:enp0s8: saddr:100932208: daddr:16783984
[  288.579827] AAAAA-TCP_FORW: name:enp0s8: saddr:100932208: daddr:33561200
[  289.602558] AAAAA-TCP_FORW: name:enp0s8: saddr:100932208: daddr:33561200
[  289.939942] AAAAA-TCP_FORW: name:enp0s8: saddr:100932208: daddr:16783984
[  290.098706] AAAAA-TCP_FORW: name:enp0s8: saddr:100932208: daddr:16783984
[  290.739256] AAAAA-TCP_FORW: name:enp0s8: saddr:100932208: daddr:16783984
[  290.740766] AAAAA-TCP_FORW: name:enp0s3: saddr:16783984: daddr:100932208
[  290.936085] AAAAA-TCP_FORW: name:enp0s8: saddr:100932208: daddr:16783984
[  290.937236] AAAAA-TCP_FORW: name:enp0s3: saddr:16783984: daddr:100932208
[  291.048222] AAAAA-TCP_FORW: name:enp0s8: saddr:100932208: daddr:16783984
[  291.049026] AAAAA-TCP_FORW: name:enp0s3: saddr:16783984: daddr:100932208
[  291.572561] AAAAA-TCP_FORW: name:enp0s8: saddr:100932208: daddr:16783984
[  291.573424] AAAAA-TCP_FORW: name:enp0s3: saddr:16783984: daddr:100932208
[  292.220002] AAAAA-TCP_FORW: name:enp0s8: saddr:100932208: daddr:16783984
[  292.220820] AAAAA-TCP_FORW: name:enp0s3: saddr:16783984: daddr:100932208
[  294.579218] AAAAA-TCP_FORW: name:enp0s8: saddr:100932208: daddr:16783984
[  294.580069] AAAAA-TCP_FORW: name:enp0s3: saddr:16783984: daddr:100932208
[  294.673567] AAAAA-TCP_FORW: name:enp0s8: saddr:100932208: daddr:16783984
[  294.674339] AAAAA-TCP_FORW: name:enp0s3: saddr:16783984: daddr:100932208
[  294.784270] AAAAA-TCP_FORW: name:enp0s8: saddr:100932208: daddr:33561200
[  294.785123] AAAAA-TCP_FORW: name:enp0s3: saddr:33561200: daddr:100932208
[  295.565445] AAAAA-TCP_FORW: name:enp0s8: saddr:100932208: daddr:16783984
[  295.566707] AAAAA-TCP_FORW: name:enp0s3: saddr:16783984: daddr:100932208
[  296.010889] AAAAA-TCP_FORW: name:enp0s8: saddr:100932208: daddr:16783984
[  296.011895] AAAAA-TCP_FORW: name:enp0s3: saddr:16783984: daddr:100932208
[  296.122241] AAAAA-TCP_FORW: name:enp0s8: saddr:100932208: daddr:16783984
[  296.123051] AAAAA-TCP_FORW: name:enp0s3: saddr:16783984: daddr:100932208
[  296.282768] AAAAA-TCP_FORW: name:enp0s8: saddr:100932208: daddr:33561200
[  296.283723] AAAAA-TCP_FORW: name:enp0s3: saddr:33561200: daddr:100932208
[  296.731645] AAAAA-TCP_FORW: name:enp0s8: saddr:100932208: daddr:33561200
[  296.732434] AAAAA-TCP_FORW: name:enp0s3: saddr:33561200: daddr:100932208
[  296.855183] AAAAA-TCP_FORW: name:enp0s8: saddr:100932208: daddr:16783984
[  296.856050] AAAAA-TCP_FORW: name:enp0s3: saddr:16783984: daddr:100932208
[  296.970796] AAAAA-TCP_FORW: name:enp0s8: saddr:100932208: daddr:16783984
[  296.972114] AAAAA-TCP_FORW: name:enp0s3: saddr:16783984: daddr:100932208
[  297.370604] AAAAA-TCP_FORW: name:enp0s8: saddr:100932208: daddr:16783984
[  297.406792] AAAAA-TCP_FORW: name:enp0s8: saddr:100932208: daddr:16783984
[  297.407403] AAAAA-TCP_FORW: name:enp0s3: saddr:16783984: daddr:100932208
[  297.499324] AAAAA-TCP_FORW: name:enp0s8: saddr:100932208: daddr:16783984
[  297.500199] AAAAA-TCP_FORW: name:enp0s3: saddr:16783984: daddr:100932208
[  297.550897] AAAAA-TCP_FORW: name:enp0s8: saddr:100932208: daddr:16783984
[  297.551746] AAAAA-TCP_FORW: name:enp0s3: saddr:16783984: daddr:100932208
[  297.937732] AAAAA-TCP_FORW: name:enp0s8: saddr:100932208: daddr:16783984
[  297.938648] AAAAA-TCP_FORW: name:enp0s3: saddr:16783984: daddr:100932208
[  297.994715] AAAAA-TCP_FORW: name:enp0s8: saddr:100932208: daddr:33561200
[  297.995576] AAAAA-TCP_FORW: name:enp0s3: saddr:33561200: daddr:100932208
[  298.007124] AAAAA-TCP_FORW: name:enp0s8: saddr:100932208: daddr:16783984
[  298.008079] AAAAA-TCP_FORW: name:enp0s3: saddr:16783984: daddr:100932208
[  298.145448] AAAAA-TCP_FORW: name:enp0s8: saddr:100932208: daddr:16783984
[  298.146610] AAAAA-TCP_FORW: name:enp0s3: saddr:16783984: daddr:100932208
[  298.650629] AAAAA-TCP_FORW: name:enp0s8: saddr:100932208: daddr:16783984
