[    0.000000] Linux version 5.4.243-mptcp (root@ztg) (gcc version 12.2.0 (Debian 12.2.0-14+deb12u1)) #53 SMP Wed Dec 24 23:28:15 CST 2025
[    0.000000] Command line: BOOT_IMAGE=/boot/vmlinuz-5.4.243-mptcp root=UUID=98415a12-53b7-4144-8265-0f7ece09e445 ro quiet splash
[    0.000000] KERNEL supported cpus:
[    0.000000]   Intel GenuineIntel
[    0.000000]   AMD AuthenticAMD
[    0.000000]   Hygon HygonGenuine
[    0.000000]   Centaur CentaurHauls
[    0.000000]   zhaoxin   Shanghai  
[    0.000000] x86/fpu: Supporting XSAVE feature 0x001: 'x87 floating point registers'
[    0.000000] x86/fpu: Supporting XSAVE feature 0x002: 'SSE registers'
[    0.000000] x86/fpu: Supporting XSAVE feature 0x004: 'AVX registers'
[    0.000000] x86/fpu: xstate_offset[2]:  576, xstate_sizes[2]:  256
[    0.000000] x86/fpu: Enabled xstate features 0x7, context size is 832 bytes, using 'standard' format.
[    0.000000] BIOS-provided physical RAM map:
[    0.000000] BIOS-e820: [mem 0x0000000000000000-0x000000000009fbff] usable
[    0.000000] BIOS-e820: [mem 0x000000000009fc00-0x000000000009ffff] reserved
[    0.000000] BIOS-e820: [mem 0x00000000000f0000-0x00000000000fffff] reserved
[    0.000000] BIOS-e820: [mem 0x0000000000100000-0x000000007ffeffff] usable
[    0.000000] BIOS-e820: [mem 0x000000007fff0000-0x000000007fffffff] ACPI data
[    0.000000] BIOS-e820: [mem 0x00000000fec00000-0x00000000fec00fff] reserved
[    0.000000] BIOS-e820: [mem 0x00000000fee00000-0x00000000fee00fff] reserved
[    0.000000] BIOS-e820: [mem 0x00000000fffc0000-0x00000000ffffffff] reserved
[    0.000000] NX (Execute Disable) protection: active
[    0.000000] SMBIOS 2.5 present.
[    0.000000] DMI: innotek GmbH VirtualBox/VirtualBox, BIOS VirtualBox 12/01/2006
[    0.000000] Hypervisor detected: KVM
[    0.000000] kvm-clock: Using msrs 4b564d01 and 4b564d00
[    0.000000] kvm-clock: cpu 0, msr 41401001, primary cpu clock
[    0.000000] kvm-clock: using sched offset of 4434235011 cycles
[    0.000003] clocksource: kvm-clock: mask: 0xffffffffffffffff max_cycles: 0x1cd42e4dffb, max_idle_ns: 881590591483 ns
[    0.000005] tsc: Detected 2100.000 MHz processor
[    0.001868] e820: update [mem 0x00000000-0x00000fff] usable ==> reserved
[    0.001870] e820: remove [mem 0x000a0000-0x000fffff] usable
[    0.001874] last_pfn = 0x7fff0 max_arch_pfn = 0x400000000
[    0.001941] MTRR default type: uncachable
[    0.001942] MTRR fixed ranges enabled:
[    0.001943]   00000-9FFFF write-back
[    0.001944]   A0000-BFFFF uncachable
[    0.001945]   C0000-FFFFF write-protect
[    0.001945] MTRR variable ranges enabled:
[    0.001947]   0 base 000000000000 mask 3FFF80000000 write-back
[    0.001947]   1 disabled
[    0.001948]   2 disabled
[    0.001948]   3 disabled
[    0.001949]   4 disabled
[    0.001949]   5 disabled
[    0.001950]   6 disabled
[    0.001950]   7 disabled
[    0.001950]   8 disabled
[    0.001951]   9 disabled
[    0.001951]   10 disabled
[    0.001952]   11 disabled
[    0.001952]   12 disabled
[    0.001953]   13 disabled
[    0.001953]   14 disabled
[    0.001953]   15 disabled
[    0.001970] x86/PAT: Configuration [0-7]: WB  WC  UC- UC  WB  WP  UC- WT  
[    0.002102] found SMP MP-table at [mem 0x0009fff0-0x0009ffff]
[    0.091229] check: Scanning 1 areas for low memory corruption
[    0.091424] RAMDISK: [mem 0x32271000-0x3512ffff]
[    0.091432] ACPI: Early table checksum verification disabled
[    0.091437] ACPI: RSDP 0x00000000000E0000 000024 (v02 VBOX  )
[    0.091441] ACPI: XSDT 0x000000007FFF0030 00003C (v01 VBOX   VBOXXSDT 00000001 ASL  00000061)
[    0.091448] ACPI: FACP 0x000000007FFF00F0 0000F4 (v04 VBOX   VBOXFACP 00000001 ASL  00000061)
[    0.091454] ACPI: DSDT 0x000000007FFF02E0 002353 (v02 VBOX   VBOXBIOS 00000002 VBOX 00029BF3)
[    0.091458] ACPI: FACS 0x000000007FFF0200 000040
[    0.091461] ACPI: FACS 0x000000007FFF0200 000040
[    0.091465] ACPI: APIC 0x000000007FFF0240 000054 (v02 VBOX   VBOXAPIC 00000001 ASL  00000061)
[    0.091468] ACPI: SSDT 0x000000007FFF02A0 000038 (v01 VBOX   VBOXCPUT 00000002 VBOX 00029BF3)
[    0.091472] ACPI: Reserving FACP table memory at [mem 0x7fff00f0-0x7fff01e3]
[    0.091472] ACPI: Reserving DSDT table memory at [mem 0x7fff02e0-0x7fff2632]
[    0.091473] ACPI: Reserving FACS table memory at [mem 0x7fff0200-0x7fff023f]
[    0.091474] ACPI: Reserving FACS table memory at [mem 0x7fff0200-0x7fff023f]
[    0.091474] ACPI: Reserving APIC table memory at [mem 0x7fff0240-0x7fff0293]
[    0.091475] ACPI: Reserving SSDT table memory at [mem 0x7fff02a0-0x7fff02d7]
[    0.091489] ACPI: Local APIC address 0xfee00000
[    0.091676] No NUMA configuration found
[    0.091677] Faking a node at [mem 0x0000000000000000-0x000000007ffeffff]
[    0.091687] NODE_DATA(0) allocated [mem 0x7ffc5000-0x7ffeffff]
[    0.091947] Zone ranges:
[    0.091948]   DMA      [mem 0x0000000000001000-0x0000000000ffffff]
[    0.091949]   DMA32    [mem 0x0000000001000000-0x000000007ffeffff]
[    0.091950]   Normal   empty
[    0.091950]   Device   empty
[    0.091951] Movable zone start for each node
[    0.091953] Early memory node ranges
[    0.091954]   node   0: [mem 0x0000000000001000-0x000000000009efff]
[    0.091955]   node   0: [mem 0x0000000000100000-0x000000007ffeffff]
[    0.091957] Zeroed struct page in unavailable ranges: 114 pages
[    0.091958] Initmem setup node 0 [mem 0x0000000000001000-0x000000007ffeffff]
[    0.091959] On node 0 totalpages: 524174
[    0.091961]   DMA zone: 64 pages used for memmap
[    0.091961]   DMA zone: 21 pages reserved
[    0.091962]   DMA zone: 3998 pages, LIFO batch:0
[    0.092039]   DMA32 zone: 8128 pages used for memmap
[    0.092040]   DMA32 zone: 520176 pages, LIFO batch:63
[    0.100877] ACPI: PM-Timer IO Port: 0x4008
[    0.100880] ACPI: Local APIC address 0xfee00000
[    0.100945] IOAPIC[0]: apic_id 1, version 32, address 0xfec00000, GSI 0-23
[    0.100949] ACPI: INT_SRC_OVR (bus 0 bus_irq 0 global_irq 2 dfl dfl)
[    0.100950] ACPI: INT_SRC_OVR (bus 0 bus_irq 9 global_irq 9 low level)
[    0.100952] ACPI: IRQ0 used by override.
[    0.100953] ACPI: IRQ9 used by override.
[    0.100956] Using ACPI (MADT) for SMP configuration information
[    0.100962] smpboot: Allowing 1 CPUs, 0 hotplug CPUs
[    0.100984] PM: Registered nosave memory: [mem 0x00000000-0x00000fff]
[    0.100985] PM: Registered nosave memory: [mem 0x0009f000-0x0009ffff]
[    0.100986] PM: Registered nosave memory: [mem 0x000a0000-0x000effff]
[    0.100987] PM: Registered nosave memory: [mem 0x000f0000-0x000fffff]
[    0.100988] [mem 0x80000000-0xfebfffff] available for PCI devices
[    0.100989] Booting paravirtualized kernel on KVM
[    0.100992] clocksource: refined-jiffies: mask: 0xffffffff max_cycles: 0xffffffff, max_idle_ns: 7645519600211568 ns
[    0.100997] setup_percpu: NR_CPUS:8192 nr_cpumask_bits:1 nr_cpu_ids:1 nr_node_ids:1
[    0.102004] percpu: Embedded 60 pages/cpu s208896 r8192 d28672 u2097152
[    0.102009] pcpu-alloc: s208896 r8192 d28672 u2097152 alloc=1*2097152
[    0.102010] pcpu-alloc: [0] 0 
[    0.102035] Built 1 zonelists, mobility grouping on.  Total pages: 515961
[    0.102036] Policy zone: DMA32
[    0.102037] Kernel command line: BOOT_IMAGE=/boot/vmlinuz-5.4.243-mptcp root=UUID=98415a12-53b7-4144-8265-0f7ece09e445 ro quiet splash
[    0.102876] Dentry cache hash table entries: 262144 (order: 9, 2097152 bytes, linear)
[    0.103022] Inode-cache hash table entries: 131072 (order: 8, 1048576 bytes, linear)
[    0.103073] mem auto-init: stack:off, heap alloc:on, heap free:off
[    0.103076] Calgary: detecting Calgary via BIOS EBDA area
[    0.103077] Calgary: Unable to locate Rio Grande table in EBDA - bailing!
[    0.107153] Memory: 1967332K/2096696K available (14339K kernel code, 2398K rwdata, 4712K rodata, 2728K init, 17260K bss, 129364K reserved, 0K cma-reserved)
[    0.108079] SLUB: HWalign=64, Order=0-3, MinObjects=0, CPUs=1, Nodes=1
[    0.108095] ftrace: allocating 43186 entries in 169 pages
[    0.126159] rcu: Hierarchical RCU implementation.
[    0.126161] rcu: 	RCU restricting CPUs from NR_CPUS=8192 to nr_cpu_ids=1.
[    0.126162] 	Tasks RCU enabled.
[    0.126163] rcu: RCU calculated value of scheduler-enlistment delay is 25 jiffies.
[    0.126164] rcu: Adjusting geometry for rcu_fanout_leaf=16, nr_cpu_ids=1
[    0.129125] NR_IRQS: 524544, nr_irqs: 256, preallocated irqs: 16
[    0.129337] random: crng init done
[    0.138664] Console: colour VGA+ 80x25
[    0.138669] printk: console [tty0] enabled
[    0.138689] ACPI: Core revision 20190816
[    0.138790] APIC: Switch to symmetric I/O mode setup
[    0.139043] x2apic enabled
[    0.139285] Switched APIC routing to physical x2apic.
[    0.140436] ..TIMER: vector=0x30 apic1=0 pin1=2 apic2=-1 pin2=-1
[    0.140463] clocksource: tsc-early: mask: 0xffffffffffffffff max_cycles: 0x1e4530a99b6, max_idle_ns: 440795257976 ns
[    0.140469] Calibrating delay loop (skipped) preset value.. 4200.00 BogoMIPS (lpj=8400000)
[    0.140471] pid_max: default: 32768 minimum: 301
[    0.140499] LSM: Security Framework initializing
[    0.140509] Yama: becoming mindful.
[    0.140535] AppArmor: AppArmor initialized
[    0.140569] Mount-cache hash table entries: 4096 (order: 3, 32768 bytes, linear)
[    0.140574] Mountpoint-cache hash table entries: 4096 (order: 3, 32768 bytes, linear)
[    0.140584] *** VALIDATE tmpfs ***
[    0.140712] *** VALIDATE proc ***
[    0.140753] *** VALIDATE cgroup1 ***
[    0.140754] *** VALIDATE cgroup2 ***
[    0.140897] process: using mwait in idle threads
[    0.140902] Last level iTLB entries: 4KB 64, 2MB 8, 4MB 8
[    0.140902] Last level dTLB entries: 4KB 64, 2MB 0, 4MB 0, 1GB 4
[    0.140922] Spectre V1 : Mitigation: usercopy/swapgs barriers and __user pointer sanitization
[    0.140927] Spectre V2 : Mitigation: Retpolines
[    0.140928] Spectre V2 : Spectre v2 / SpectreRSB mitigation: Filling RSB on context switch
[    0.140929] Spectre V2 : Spectre v2 / SpectreRSB : Filling RSB on VMEXIT
[    0.140929] RETBleed: WARNING: Spectre v2 mitigation leaves CPU vulnerable to RETBleed attacks, data leaks possible!
[    0.141290] RETBleed: Vulnerable
[    0.141290] Speculative Store Bypass: Vulnerable
[    0.141295] TAA: Mitigation: TSX disabled
[    0.141296] MMIO Stale Data: Mitigation: Clear CPU buffers
[    0.145552] Freeing SMP alternatives memory: 40K
[    0.258080] smpboot: CPU0: Intel(R) Xeon(R) Silver 4216 CPU @ 2.10GHz (family: 0x6, model: 0x55, stepping: 0x7)
[    0.258199] Performance Events: unsupported p6 CPU model 85 no PMU driver, software events only.
[    0.258235] rcu: Hierarchical SRCU implementation.
[    0.258711] NMI watchdog: Perf NMI watchdog permanently disabled
[    0.258750] smp: Bringing up secondary CPUs ...
[    0.258751] smp: Brought up 1 node, 1 CPU
[    0.258752] smpboot: Max logical packages: 1
[    0.258753] smpboot: Total of 1 processors activated (4200.00 BogoMIPS)
[    0.259709] devtmpfs: initialized
[    0.259755] x86/mm: Memory block size: 128MB
[    0.260104] clocksource: jiffies: mask: 0xffffffff max_cycles: 0xffffffff, max_idle_ns: 7645041785100000 ns
[    0.260110] futex hash table entries: 256 (order: 2, 16384 bytes, linear)
[    0.260155] pinctrl core: initialized pinctrl subsystem
[    0.260258] PM: RTC time: 17:41:26, date: 2026-01-17
[    0.260365] NET: Registered protocol family 16
[    0.260438] audit: initializing netlink subsys (disabled)
[    0.260465] EISA bus registered
[    0.260465] cpuidle: using governor ladder
[    0.260465] cpuidle: using governor menu
[    0.260465] ACPI: bus type PCI registered
[    0.260465] acpiphp: ACPI Hot Plug PCI Controller Driver version: 0.5
[    0.260465] PCI: Using configuration type 1 for base access
[    0.260727] audit: type=2000 audit(1768642892.497:1): state=initialized audit_enabled=0 res=1
[    0.260808] HugeTLB registered 2.00 MiB page size, pre-allocated 0 pages
[    0.261618] ACPI: Added _OSI(Module Device)
[    0.261618] ACPI: Added _OSI(Processor Device)
[    0.261619] ACPI: Added _OSI(3.0 _SCP Extensions)
[    0.261620] ACPI: Added _OSI(Processor Aggregator Device)
[    0.261621] ACPI: Added _OSI(Linux-Dell-Video)
[    0.261622] ACPI: Added _OSI(Linux-Lenovo-NV-HDMI-Audio)
[    0.261623] ACPI: Added _OSI(Linux-HPI-Hybrid-Graphics)
[    0.263570] ACPI: 2 ACPI AML tables successfully acquired and loaded
[    0.265093] ACPI: Interpreter enabled
[    0.265103] ACPI: (supports S0 S5)
[    0.265104] ACPI: Using IOAPIC for interrupt routing
[    0.265308] PCI: Using host bridge windows from ACPI; if necessary, use "pci=nocrs" and report a bug
[    0.265417] ACPI: Enabled 2 GPEs in block 00 to 07
[    0.270205] ACPI: PCI Root Bridge [PCI0] (domain 0000 [bus 00-ff])
[    0.270210] acpi PNP0A03:00: _OSC: OS supports [ASPM ClockPM Segments MSI HPX-Type3]
[    0.270654] acpi PNP0A03:00: _OSC: not requesting OS control; OS requires [ExtendedConfig ASPM ClockPM MSI]
[    0.270662] acpi PNP0A03:00: fail to add MMCONFIG information, can't access extended PCI configuration space under this bridge.
[    0.271032] PCI host bridge to bus 0000:00
[    0.271034] pci_bus 0000:00: root bus resource [io  0x0000-0x0cf7 window]
[    0.271035] pci_bus 0000:00: root bus resource [io  0x0d00-0xffff window]
[    0.271036] pci_bus 0000:00: root bus resource [mem 0x000a0000-0x000bffff window]
[    0.271037] pci_bus 0000:00: root bus resource [mem 0x80000000-0xfdffffff window]
[    0.271039] pci_bus 0000:00: root bus resource [bus 00-ff]
[    0.271081] pci 0000:00:00.0: [8086:1237] type 00 class 0x060000
[    0.272023] pci 0000:00:01.0: [8086:7000] type 00 class 0x060100
[    0.272934] pci 0000:00:01.1: [8086:7111] type 00 class 0x01018a
[    0.273302] pci 0000:00:01.1: reg 0x20: [io  0xd000-0xd00f]
[    0.273455] pci 0000:00:01.1: legacy IDE quirk: reg 0x10: [io  0x01f0-0x01f7]
[    0.273456] pci 0000:00:01.1: legacy IDE quirk: reg 0x14: [io  0x03f6]
[    0.273456] pci 0000:00:01.1: legacy IDE quirk: reg 0x18: [io  0x0170-0x0177]
[    0.273457] pci 0000:00:01.1: legacy IDE quirk: reg 0x1c: [io  0x0376]
[    0.273992] pci 0000:00:02.0: [15ad:0405] type 00 class 0x030000
[    0.276543] pci 0000:00:02.0: reg 0x10: [io  0xd010-0xd01f]
[    0.279331] pci 0000:00:02.0: reg 0x14: [mem 0xe0000000-0xe7ffffff pref]
[    0.282322] pci 0000:00:02.0: reg 0x18: [mem 0xf0000000-0xf01fffff]
[    0.293260] pci 0000:00:03.0: [1022:2000] type 00 class 0x020000
[    0.293964] pci 0000:00:03.0: reg 0x10: [io  0xd020-0xd03f]
[    0.294597] pci 0000:00:03.0: reg 0x14: [mem 0xf0200000-0xf0200fff]
[    0.297920] pci 0000:00:04.0: [80ee:cafe] type 00 class 0x088000
[    0.298593] pci 0000:00:04.0: reg 0x10: [io  0xd040-0xd05f]
[    0.299203] pci 0000:00:04.0: reg 0x14: [mem 0xf0400000-0xf07fffff]
[    0.299821] pci 0000:00:04.0: reg 0x18: [mem 0xf0800000-0xf0803fff pref]
[    0.303003] pci 0000:00:07.0: [8086:7113] type 00 class 0x068000
[    0.304579] pci 0000:00:07.0: quirk: [io  0x4000-0x403f] claimed by PIIX4 ACPI
[    0.304593] pci 0000:00:07.0: quirk: [io  0x4100-0x410f] claimed by PIIX4 SMB
[    0.305174] pci 0000:00:08.0: [1022:2000] type 00 class 0x020000
[    0.305845] pci 0000:00:08.0: reg 0x10: [io  0xd060-0xd07f]
[    0.306452] pci 0000:00:08.0: reg 0x14: [mem 0xf0804000-0xf0804fff]
[    0.309870] pci 0000:00:09.0: [8086:100e] type 00 class 0x020000
[    0.310575] pci 0000:00:09.0: reg 0x10: [mem 0xf0820000-0xf083ffff]
[    0.311773] pci 0000:00:09.0: reg 0x18: [io  0xd080-0xd087]
[    0.321453] ACPI: PCI Interrupt Link [LNKA] (IRQs 5 9 10 *11)
[    0.321736] ACPI: PCI Interrupt Link [LNKB] (IRQs 5 9 *10 11)
[    0.321839] ACPI: PCI Interrupt Link [LNKC] (IRQs 5 *9 10 11)
[    0.321944] ACPI: PCI Interrupt Link [LNKD] (IRQs 5 9 10 *11)
[    0.322211] iommu: Default domain type: Translated 
[    0.322276] pci 0000:00:02.0: vgaarb: setting as boot VGA device
[    0.322278] pci 0000:00:02.0: vgaarb: VGA device added: decodes=io+mem,owns=io+mem,locks=none
[    0.322281] pci 0000:00:02.0: vgaarb: bridge control possible
[    0.322282] vgaarb: loaded
[    0.322493] SCSI subsystem initialized
[    0.322527] libata version 3.00 loaded.
[    0.322553] ACPI: bus type USB registered
[    0.322569] usbcore: registered new interface driver usbfs
[    0.322575] usbcore: registered new interface driver hub
[    0.322580] usbcore: registered new device driver usb
[    0.322608] pps_core: LinuxPPS API ver. 1 registered
[    0.322609] pps_core: Software ver. 5.3.6 - Copyright 2005-2007 Rodolfo Giometti <giometti@linux.it>
[    0.322611] PTP clock support registered
[    0.322644] EDAC MC: Ver: 3.0.0
[    0.322932] PCI: Using ACPI for IRQ routing
[    0.322934] PCI: pci_cache_line_size set to 64 bytes
[    0.323113] e820: reserve RAM buffer [mem 0x0009fc00-0x0009ffff]
[    0.323117] e820: reserve RAM buffer [mem 0x7fff0000-0x7fffffff]
[    0.325156] NetLabel: Initializing
[    0.325156] NetLabel:  domain hash size = 128
[    0.325157] NetLabel:  protocols = UNLABELED CIPSOv4 CALIPSO
[    0.325177] NetLabel:  unlabeled traffic allowed by default
[    0.326087] clocksource: Switched to clocksource kvm-clock
[    0.338850] *** VALIDATE bpf ***
[    0.338910] VFS: Disk quotas dquot_6.6.0
[    0.338922] VFS: Dquot-cache hash table entries: 512 (order 0, 4096 bytes)
[    0.338946] *** VALIDATE ramfs ***
[    0.338949] *** VALIDATE hugetlbfs ***
[    0.339031] AppArmor: AppArmor Filesystem Enabled
[    0.339057] pnp: PnP ACPI init
[    0.339125] pnp 00:00: Plug and Play ACPI device, IDs PNP0303 (active)
[    0.339220] pnp 00:01: Plug and Play ACPI device, IDs PNP0f03 (active)
[    0.339955] pnp: PnP ACPI: found 2 devices
[    0.340919] thermal_sys: Registered thermal governor 'fair_share'
[    0.340920] thermal_sys: Registered thermal governor 'bang_bang'
[    0.340921] thermal_sys: Registered thermal governor 'step_wise'
[    0.340921] thermal_sys: Registered thermal governor 'user_space'
[    0.340922] thermal_sys: Registered thermal governor 'power_allocator'
[    0.345432] clocksource: acpi_pm: mask: 0xffffff max_cycles: 0xffffff, max_idle_ns: 2085701024 ns
[    0.345472] pci_bus 0000:00: resource 4 [io  0x0000-0x0cf7 window]
[    0.345474] pci_bus 0000:00: resource 5 [io  0x0d00-0xffff window]
[    0.345475] pci_bus 0000:00: resource 6 [mem 0x000a0000-0x000bffff window]
[    0.345476] pci_bus 0000:00: resource 7 [mem 0x80000000-0xfdffffff window]
[    0.345534] NET: Registered protocol family 2
[    0.345608] IP idents hash table entries: 32768 (order: 6, 262144 bytes, linear)
[    0.346012] MPTCP tokens hash table entries: 8192 (order: 4, 65536 bytes, linear)
[    0.346032] MPTCP request tokens hash table entries: 8192 (order: 4, 65536 bytes, linear)
[    0.346058] default registered
[    0.346058] default registered
[    0.346059] MPTCP: Stable release v0.96
[    0.346064] tcp_listen_portaddr_hash hash table entries: 1024 (order: 2, 16384 bytes, linear)
[    0.346143] TCP established hash table entries: 16384 (order: 5, 131072 bytes, linear)
[    0.346208] TCP bind hash table entries: 16384 (order: 6, 262144 bytes, linear)
[    0.346233] TCP: Hash tables configured (established 16384 bind 16384)
[    0.346945] UDP hash table entries: 1024 (order: 3, 32768 bytes, linear)
[    0.346956] UDP-Lite hash table entries: 1024 (order: 3, 32768 bytes, linear)
[    0.346989] NET: Registered protocol family 1
[    0.346998] NET: Registered protocol family 44
[    0.347019] pci 0000:00:00.0: Limiting direct PCI/PCI transfers
[    0.347031] pci 0000:00:01.0: Activating ISA DMA hang workarounds
[    0.347089] pci 0000:00:02.0: Video device with shadowed ROM at [mem 0x000c0000-0x000dffff]
[    0.347150] PCI: CLS 0 bytes, default 64
[    0.347229] Trying to unpack rootfs image as initramfs...
[    0.520051] Freeing initrd memory: 47868K
[    0.520051] clocksource: tsc: mask: 0xffffffffffffffff max_cycles: 0x1e4530a99b6, max_idle_ns: 440795257976 ns
[    0.520051] clocksource: Switched to clocksource tsc
[    0.520051] platform rtc_cmos: registered platform RTC device (no PNP device found)
[    0.520051] check: Scanning for low memory corruption every 60 seconds
[    0.520051] Initialise system trusted keyrings
[    0.520051] Key type blacklist registered
[    0.520051] workingset: timestamp_bits=36 max_order=19 bucket_order=0
[    0.520051] zbud: loaded
[    0.520051] squashfs: version 4.0 (2009/01/31) Phillip Lougher
[    0.520051] fuse: init (API version 7.31)
[    0.520051] *** VALIDATE fuse ***
[    0.520051] *** VALIDATE fuse ***
[    0.520051] Platform Keyring initialized
[    0.534992] Key type asymmetric registered
[    0.534994] Asymmetric key parser 'x509' registered
[    0.535004] Block layer SCSI generic (bsg) driver version 0.4 loaded (major 244)
[    0.535045] io scheduler mq-deadline registered
[    0.535170] shpchp: Standard Hot Plug PCI Controller Driver version: 0.4
[    0.535377] ACPI: AC Adapter [AC] (on-line)
[    0.535420] input: Power Button as /devices/LNXSYSTM:00/LNXPWRBN:00/input/input0
[    0.535450] ACPI: Power Button [PWRF]
[    0.535534] input: Sleep Button as /devices/LNXSYSTM:00/LNXSLPBN:00/input/input1
[    0.535549] ACPI: Sleep Button [SLPF]
[    0.535770] Serial: 8250/16550 driver, 32 ports, IRQ sharing enabled
[    0.536921] Linux agpgart interface v0.103
[    0.627175] loop: module loaded
[    0.627321] ata_piix 0000:00:01.1: version 2.13
[    0.627722] scsi host0: ata_piix
[    0.627813] scsi host1: ata_piix
[    0.627839] ata1: PATA max UDMA/33 cmd 0x1f0 ctl 0x3f6 bmdma 0xd000 irq 14
[    0.627840] ata2: PATA max UDMA/33 cmd 0x170 ctl 0x376 bmdma 0xd008 irq 15
[    0.627922] tun: Universal TUN/TAP device driver, 1.6
[    0.628229] PPP generic driver version 2.4.2
[    0.628272] VFIO - User Level meta-driver version: 0.3
[    0.628506] ehci_hcd: USB 2.0 'Enhanced' Host Controller (EHCI) Driver
[    0.628510] ehci-pci: EHCI PCI platform driver
[    0.628525] ehci-platform: EHCI generic platform driver
[    0.628530] ohci_hcd: USB 1.1 'Open' Host Controller (OHCI) Driver
[    0.628531] ohci-pci: OHCI PCI platform driver
[    0.628538] ohci-platform: OHCI generic platform driver
[    0.628542] uhci_hcd: USB Universal Host Controller Interface driver
[    0.628608] i8042: PNP: PS/2 Controller [PNP0303:PS2K,PNP0f03:PS2M] at 0x60,0x64 irq 1,12
[    0.629040] serio: i8042 KBD port at 0x60,0x64 irq 1
[    0.629043] serio: i8042 AUX port at 0x60,0x64 irq 12
[    0.629128] mousedev: PS/2 mouse device common for all mice
[    0.629387] input: AT Translated Set 2 keyboard as /devices/platform/i8042/serio0/input/input2
[    0.629785] rtc_cmos rtc_cmos: registered as rtc0
[    0.629799] rtc_cmos rtc_cmos: alarms up to one day, 114 bytes nvram
[    0.629804] i2c /dev entries driver
[    0.629846] device-mapper: uevent: version 1.0.3
[    0.629889] device-mapper: ioctl: 4.41.0-ioctl (2019-09-16) initialised: dm-devel@redhat.com
[    0.629905] platform eisa.0: Probing EISA bus 0
[    0.629907] platform eisa.0: EISA: Cannot allocate resource for mainboard
[    0.629908] platform eisa.0: Cannot allocate resource for EISA slot 1
[    0.629909] platform eisa.0: Cannot allocate resource for EISA slot 2
[    0.629910] platform eisa.0: Cannot allocate resource for EISA slot 3
[    0.629911] platform eisa.0: Cannot allocate resource for EISA slot 4
[    0.629912] platform eisa.0: Cannot allocate resource for EISA slot 5
[    0.629913] platform eisa.0: Cannot allocate resource for EISA slot 6
[    0.629914] platform eisa.0: Cannot allocate resource for EISA slot 7
[    0.629915] platform eisa.0: Cannot allocate resource for EISA slot 8
[    0.629916] platform eisa.0: EISA: Detected 0 cards
[    0.629919] intel_pstate: CPU model not supported
[    0.629928] ledtrig-cpu: registered to indicate activity on CPUs
[    0.629980] drop_monitor: Initializing network drop monitor service
[    0.630141] NET: Registered protocol family 10
[    0.635212] Segment Routing with IPv6
[    0.635241] fullmesh registered
[    0.635242] ndiffports registered
[    0.635244] binder registered
[    0.635245] roundrobin registered
[    0.635246] redundant registered
[    0.635246] blest registered
[    0.635247] ecf registered
[    0.635248] NET: Registered protocol family 17
[    0.635280] Key type dns_resolver registered
[    0.635309] RAS: Correctable Errors collector initialized.
[    0.635309] IPI shorthand broadcast: enabled
[    0.635309] sched_clock: Marking stable (620171912, 11137657)->(632650963, -1341394)
[    0.635457] registered taskstats version 1
[    0.635466] Loading compiled-in X.509 certificates
[    0.636054] Loaded X.509 cert 'Build time autogenerated kernel key: 6909f3744cebb3d0de528d5887b96a727de79b1e'
[    0.636071] zswap: loaded using pool lzo/zbud
[    0.636123] Key type ._fscrypt registered
[    0.636124] Key type .fscrypt registered
[    0.640599] Key type big_key registered
[    0.642807] Key type encrypted registered
[    0.642810] AppArmor: AppArmor sha1 policy hashing enabled
[    0.642817] ima: No TPM chip found, activating TPM-bypass!
[    0.642821] ima: Allocated hash algorithm: sha1
[    0.642827] ima: No architecture policies found
[    0.642835] evm: Initialising EVM extended attributes:
[    0.642836] evm: security.selinux
[    0.642836] evm: security.SMACK64
[    0.642837] evm: security.SMACK64EXEC
[    0.642837] evm: security.SMACK64TRANSMUTE
[    0.642838] evm: security.SMACK64MMAP
[    0.642838] evm: security.apparmor
[    0.642839] evm: security.ima
[    0.642839] evm: security.capability
[    0.642840] evm: HMAC attrs: 0x1
[    0.643134] PM:   Magic number: 10:183:694
[    0.643257] rtc_cmos rtc_cmos: setting system clock to 2026-01-17T17:41:27 UTC (1768671687)
[    0.801086] ata1.00: ATA-6: VBOX HARDDISK, 1.0, max UDMA/133
[    0.801090] ata1.00: 209715200 sectors, multi 128: LBA 
[    0.801764] scsi 0:0:0:0: Direct-Access     ATA      VBOX HARDDISK    1.0  PQ: 0 ANSI: 5
[    0.802052] sd 0:0:0:0: [sda] 209715200 512-byte logical blocks: (107 GB/100 GiB)
[    0.802064] sd 0:0:0:0: [sda] Write Protect is off
[    0.802068] sd 0:0:0:0: [sda] Mode Sense: 00 3a 00 00
[    0.802088] sd 0:0:0:0: [sda] Write cache: enabled, read cache: enabled, doesn't support DPO or FUA
[    0.802407] sd 0:0:0:0: Attached scsi generic sg0 type 0
[    0.803763]  sda: sda1 sda2
[    0.815466] sd 0:0:0:0: [sda] Attached SCSI disk
[    0.820679] Freeing unused decrypted memory: 2040K
[    0.821987] Freeing unused kernel image memory: 2728K
[    0.821991] Write protecting the kernel read-only data: 22528k
[    0.823506] Freeing unused kernel image memory: 2036K
[    0.824296] Freeing unused kernel image memory: 1432K
[    0.861115] x86/mm: Checked W+X mappings: passed, no W+X pages found.
[    0.861120] Run /init as init process
[    0.968017] ACPI: Video Device [GFX0] (multi-head: yes  rom: no  post: no)
[    0.968089] input: Video Bus as /devices/LNXSYSTM:00/LNXSYBUS:00/PNP0A03:00/LNXVIDEO:00/input/input4
[    0.980924] pcnet32: pcnet32.c:v1.35 21.Apr.2008 tsbogend@alpha.franken.de
[    0.981709] pcnet32: PCnet/FAST III 79C973 at 0xd020, 08:00:27:55:8b:05 assigned IRQ 19
[    0.981752] pcnet32: Found PHY 0022:561b at address 0
[    0.982054] pcnet32: eth0: registered as PCnet/FAST III 79C973
[    0.983057] pcnet32: PCnet/FAST III 79C973 at 0xd060, 08:00:27:58:f4:f0 assigned IRQ 16
[    0.983100] pcnet32: Found PHY 0022:561b at address 0
[    0.985064] piix4_smbus 0000:00:07.0: SMBus Host Controller at 0x4100, revision 0
[    0.990180] e1000: Intel(R) PRO/1000 Network Driver - version 7.3.21-k8-NAPI
[    0.990180] e1000: Copyright (c) 1999-2006 Intel Corporation.
[    0.997847] pcnet32: eth1: registered as PCnet/FAST III 79C973
[    0.998267] pcnet32: 2 cards_found
[    1.052036] pcnet32 0000:00:03.0 enp0s3: renamed from eth0
[    1.053897] pcnet32 0000:00:08.0 enp0s8: renamed from eth1
[    1.201267] input: ImExPS/2 Generic Explorer Mouse as /devices/platform/i8042/serio1/input/input5
[    1.395381] e1000 0000:00:09.0 eth0: (PCI:33MHz:32-bit) 08:00:27:42:e0:e6
[    1.395385] e1000 0000:00:09.0 eth0: Intel(R) PRO/1000 Network Connection
[    1.396481] e1000 0000:00:09.0 enp0s9: renamed from eth0
[    1.540940] EXT4-fs (sda2): mounted filesystem with ordered data mode. Opts: (null)
[    1.631091] systemd[1]: Inserted module 'autofs4'
[    1.642596] systemd[1]: systemd 245.4-4ubuntu3 running in system mode. (+PAM +AUDIT +SELINUX +IMA +APPARMOR +SMACK +SYSVINIT +UTMP +LIBCRYPTSETUP +GCRYPT +GNUTLS +ACL +XZ +LZ4 +SECCOMP +BLKID +ELFUTILS +KMOD +IDN2 -IDN +PCRE2 default-hierarchy=hybrid)
[    1.642628] systemd[1]: Detected virtualization oracle.
[    1.642631] systemd[1]: Detected architecture x86-64.
[    1.643965] systemd[1]: Set hostname to <ztg>.
[    1.771384] systemd[1]: /lib/systemd/system/dbus.socket:5: ListenStream= references a path below legacy directory /var/run/, updating /var/run/dbus/system_bus_socket â†’ /run/dbus/system_bus_socket; please update the unit file accordingly.
[    1.823948] systemd[1]: Created slice system-modprobe.slice.
[    1.824129] systemd[1]: Created slice User and Session Slice.
[    1.824172] systemd[1]: Started Forward Password Requests to Wall Directory Watch.
[    1.824324] systemd[1]: Set up automount Arbitrary Executable File Formats File System Automount Point.
[    1.824359] systemd[1]: Reached target User and Group Name Lookups.
[    1.824367] systemd[1]: Reached target Remote File Systems.
[    1.824375] systemd[1]: Reached target Slices.
[    1.824916] systemd[1]: Listening on Syslog Socket.
[    1.824982] systemd[1]: Listening on fsck to fsckd communication Socket.
[    1.825020] systemd[1]: Listening on initctl Compatibility Named Pipe.
[    1.825154] systemd[1]: Listening on Journal Audit Socket.
[    1.825210] systemd[1]: Listening on Journal Socket (/dev/log).
[    1.825277] systemd[1]: Listening on Journal Socket.
[    1.825339] systemd[1]: Listening on udev Control Socket.
[    1.825379] systemd[1]: Listening on udev Kernel Socket.
[    1.826118] systemd[1]: Mounting Huge Pages File System...
[    1.827125] systemd[1]: Mounting POSIX Message Queue File System...
[    1.828148] systemd[1]: Mounting Kernel Debug File System...
[    1.829060] systemd[1]: Mounting Kernel Trace File System...
[    1.831547] systemd[1]: Starting Journal Service...
[    1.855750] systemd[1]: Starting Set the console keyboard layout...
[    1.861062] systemd[1]: Starting Create list of static device nodes for the current kernel...
[    1.866047] systemd[1]: Starting Load Kernel Module drm...
[    1.869994] systemd[1]: Condition check resulted in Set Up Additional Binary Formats being skipped.
[    1.870027] systemd[1]: Condition check resulted in File System Check on Root Device being skipped.
[    1.877543] systemd[1]: Starting Load Kernel Modules...
[    1.885725] systemd[1]: Starting Remount Root and Kernel File Systems...
[    1.896496] systemd[1]: Starting udev Coldplug all Devices...
[    1.906286] systemd[1]: Starting Uncomplicated firewall...
[    1.908579] EXT4-fs (sda2): re-mounted. Opts: errors=remount-ro
[    1.943820] systemd[1]: Mounted Huge Pages File System.
[    1.943909] systemd[1]: Mounted POSIX Message Queue File System.
[    1.943980] systemd[1]: Mounted Kernel Debug File System.
[    1.944049] systemd[1]: Mounted Kernel Trace File System.
[    1.946849] systemd[1]: Finished Create list of static device nodes for the current kernel.
[    1.954178] systemd[1]: modprobe@drm.service: Succeeded.
[    1.954406] systemd[1]: Finished Load Kernel Module drm.
[    1.954761] systemd[1]: Finished Remount Root and Kernel File Systems.
[    1.956821] lp: driver loaded but no devices found
[    1.958273] systemd[1]: Finished Uncomplicated firewall.
[    1.974755] systemd[1]: Condition check resulted in Rebuild Hardware Database being skipped.
[    1.974789] systemd[1]: Condition check resulted in Platform Persistent Storage Archival being skipped.
[    1.975464] systemd[1]: Starting Load/Save Random Seed...
[    1.977548] ppdev: user-space parallel port driver
[    1.984662] systemd[1]: Starting Create System Users...
[    1.995467] systemd[1]: Finished Load/Save Random Seed.
[    2.001468] systemd[1]: Finished Create System Users.
[    2.002205] systemd[1]: Starting Create Static Device Nodes in /dev...
[    2.017641] systemd[1]: Finished Create Static Device Nodes in /dev.
[    2.018422] systemd[1]: Starting udev Kernel Device Manager...
[    2.067347] systemd[1]: Finished udev Coldplug all Devices.
[    2.069366] [drm] DMA map mode: Caching DMA mappings.
[    2.069458] [drm] Capabilities:
[    2.069458] [drm]   Rect copy.
[    2.069458] [drm]   Cursor.
[    2.069459] [drm]   Cursor bypass.
[    2.069459] [drm]   Cursor bypass 2.
[    2.069459] [drm]   Alpha cursor.
[    2.069460] [drm]   Extended Fifo.
[    2.069460] [drm]   Pitchlock.
[    2.069460] [drm]   Irq mask.
[    2.069461] [drm]   GMR.
[    2.069461] [drm]   Traces.
[    2.069461] [drm]   GMR2.
[    2.069462] [drm]   Screen Object 2.
[    2.069462] [drm]   Command Buffers.
[    2.069463] [drm]   Command Buffers 2.
[    2.069463] [drm]   Guest Backed Resources.
[    2.069464] [drm] Max GMR ids is 8192
[    2.069464] [drm] Max number of GMR pages is 1048576
[    2.069465] [drm] Max dedicated hypervisor surface memory is 393216 kiB
[    2.069465] [drm] Maximum display memory size is 131072 kiB
[    2.069466] [drm] VRAM at 0xe0000000 size is 131072 kiB
[    2.069467] [drm] MMIO at 0xf0000000 size is 2048 kiB
[    2.070615] [TTM] Zone  kernel: Available graphics memory: 1011738 KiB
[    2.070615] [TTM] Initializing pool allocator
[    2.070619] [TTM] Initializing DMA pool allocator
[    2.070650] [drm] Supports vblank timestamp caching Rev 2 (21.10.2013).
[    2.070650] [drm] No driver support for vblank timestamp query.
[    2.070908] [drm] Screen Target Display device initialized
[    2.071116] [drm] width 720
[    2.071126] [drm] height 400
[    2.071129] [drm] bpp 32
[    2.071706] [drm] Fifo max 0x00200000 min 0x00001000 cap 0x00000355
[    2.072899] [drm] Using command buffers with DMA pool.
[    2.072903] [drm] DX: no.
[    2.072904] [drm] Atomic: yes.
[    2.072904] [drm] SM4_1: no.
[    2.072924] [drm:vmw_host_log [vmwgfx]] *ERROR* Failed to send host log message.
[    2.073816] [drm:vmw_host_log [vmwgfx]] *ERROR* Failed to send host log message.
[    2.085343] fbcon: svgadrmfb (fb0) is primary device
[    2.088053] Console: switching to colour frame buffer device 100x37
[    2.092747] [drm] Initialized vmwgfx 2.15.0 20180704 for 0000:00:02.0 on minor 0
[    2.093704] systemd[1]: Finished Load Kernel Modules.
[    2.094605] systemd[1]: Mounting FUSE Control File System...
[    2.096865] systemd[1]: Mounting Kernel Configuration File System...
[    2.135998] systemd[1]: Starting Apply Kernel Variables...
[    2.142064] systemd[1]: Mounted FUSE Control File System.
[    2.142139] systemd[1]: Condition check resulted in VMware vmblock fuse mount being skipped.
[    2.145290] systemd[1]: Mounted Kernel Configuration File System.
[    2.151853] systemd[1]: Finished Set the console keyboard layout.
[    2.151942] systemd[1]: Reached target Local File Systems (Pre).
[    2.160184] systemd[1]: Mounting Mount unit for bare, revision 5...
[    2.163484] systemd[1]: Mounting Mount unit for core18, revision 1705...
[    2.176530] systemd[1]: Mounting Mount unit for gnome-3-34-1804, revision 24...
[    2.195975] systemd[1]: Mounting Mount unit for gtk-common-themes, revision 1506...
[    2.207035] systemd[1]: Mounting Mount unit for gtk-common-themes, revision 1535...
[    2.209260] systemd[1]: Mounting Mount unit for snap-store, revision 433...
[    2.220170] systemd[1]: Mounting Mount unit for snapd, revision 7264...
[    2.225287] systemd[1]: Finished Apply Kernel Variables.
[    2.245904] systemd[1]: Mounted Mount unit for bare, revision 5.
[    2.245995] systemd[1]: Mounted Mount unit for core18, revision 1705.
[    2.246071] systemd[1]: Mounted Mount unit for gnome-3-34-1804, revision 24.
[    2.246141] systemd[1]: Mounted Mount unit for gtk-common-themes, revision 1506.
[    2.252080] systemd[1]: Started udev Kernel Device Manager.
[    2.252768] systemd[1]: Starting Show Plymouth Boot Screen...
[    2.261642] systemd[1]: Received SIGRTMIN+20 from PID 276 (plymouthd).
[    2.283189] systemd[1]: Started Show Plymouth Boot Screen.
[    2.283349] systemd[1]: Condition check resulted in Dispatch Password Requests to Console Directory Watch being skipped.
[    2.283428] systemd[1]: Started Forward Password Requests to Plymouth Directory Watch.
[    2.283472] systemd[1]: Reached target Local Encrypted Volumes.
[    2.301331] systemd[1]: Mounted Mount unit for gtk-common-themes, revision 1535.
[    2.349580] systemd[1]: Mounted Mount unit for snap-store, revision 433.
[    2.349817] systemd[1]: Mounted Mount unit for snapd, revision 7264.
[    2.349971] systemd[1]: Reached target Local File Systems.
[    2.350826] systemd[1]: Starting Load AppArmor profiles...
[    2.353425] systemd[1]: Starting Set console font and keymap...
[    2.366423] systemd[1]: Starting Tell Plymouth To Write Out Runtime Data...
[    2.369480] systemd[1]: Condition check resulted in Store a System Token in an EFI Variable being skipped.
[    2.369509] systemd[1]: Condition check resulted in Commit a transient machine-id on disk being skipped.
[    2.370392] systemd[1]: Finished Set console font and keymap.
[    2.379855] systemd[1]: Received SIGRTMIN+20 from PID 276 (plymouthd).
[    2.381121] systemd[1]: plymouth-read-write.service: Succeeded.
[    2.381353] systemd[1]: Finished Tell Plymouth To Write Out Runtime Data.
[    2.397351] audit: type=1400 audit(1768671689.248:2): apparmor="STATUS" operation="profile_load" profile="unconfined" name="nvidia_modprobe" pid=301 comm="apparmor_parser"
[    2.397353] audit: type=1400 audit(1768671689.248:3): apparmor="STATUS" operation="profile_load" profile="unconfined" name="nvidia_modprobe//kmod" pid=301 comm="apparmor_parser"
[    2.406644] audit: type=1400 audit(1768671689.256:4): apparmor="STATUS" operation="profile_load" profile="unconfined" name="/usr/sbin/tcpdump" pid=302 comm="apparmor_parser"
[    2.446453] audit: type=1400 audit(1768671689.292:5): apparmor="STATUS" operation="profile_load" profile="unconfined" name="/usr/bin/evince" pid=304 comm="apparmor_parser"
[    2.446455] audit: type=1400 audit(1768671689.292:6): apparmor="STATUS" operation="profile_load" profile="unconfined" name="/usr/bin/evince//sanitized_helper" pid=304 comm="apparmor_parser"
[    2.446457] audit: type=1400 audit(1768671689.292:7): apparmor="STATUS" operation="profile_load" profile="unconfined" name="/usr/bin/evince-previewer" pid=304 comm="apparmor_parser"
[    2.446458] audit: type=1400 audit(1768671689.292:8): apparmor="STATUS" operation="profile_load" profile="unconfined" name="/usr/bin/evince-previewer//sanitized_helper" pid=304 comm="apparmor_parser"
[    2.446460] audit: type=1400 audit(1768671689.292:9): apparmor="STATUS" operation="profile_load" profile="unconfined" name="/usr/bin/evince-thumbnailer" pid=304 comm="apparmor_parser"
[    2.467398] audit: type=1400 audit(1768671689.316:10): apparmor="STATUS" operation="profile_load" profile="unconfined" name="/usr/lib/cups/backend/cups-pdf" pid=305 comm="apparmor_parser"
[    2.542215] systemd[1]: Finished Load AppArmor profiles.
[    2.543170] systemd[1]: Starting Load AppArmor profiles managed internally by snapd...
[    2.617970] systemd[1]: Finished Load AppArmor profiles managed internally by snapd.
[    2.809856] systemd[1]: Started Journal Service.
[    2.816936] systemd-journald[229]: Received client request to flush runtime journal.
[    2.821753] systemd-journald[229]: File /var/log/journal/c455b248004a419c87ce85eea238d727/system.journal corrupted or uncleanly shut down, renaming and replacing.
[    4.132071] RAPL PMU: API unit is 2^-32 Joules, 0 fixed counters, 10737418240 ms ovfl timer
[    4.155133] cryptd: max_cpu_qlen set to 1000
[    4.246022] AVX2 version of gcm_enc/dec engaged.
[    4.246023] AES CTR mode by8 optimization enabled
[    5.037779] Adding 1998844k swap on /dev/sda1.  Priority:-2 extents:1 across:1998844k FS
[    6.814027] kauditd_printk_skb: 30 callbacks suppressed
[    6.814028] audit: type=1400 audit(1768671693.664:41): apparmor="DENIED" operation="capable" profile="/usr/sbin/cups-browsed" pid=498 comm="cups-browsed" capability=23  capname="sys_nice"
[    7.285779] pcnet32 0000:00:03.0 enp0s3: link up, 100Mbps, full-duplex
[    7.300006] pcnet32 0000:00:08.0 enp0s8: link up, 100Mbps, full-duplex
[    7.329312] e1000: enp0s9 NIC Link is Up 1000 Mbps Full Duplex, Flow Control: RX
[    7.329601] IPv6: ADDRCONF(NETDEV_CHANGE): enp0s9: link becomes ready
[    7.776739] device enp0s8 entered promiscuous mode
[    7.808751] device enp0s3 entered promiscuous mode
[    7.822719] audit: type=1400 audit(1768671694.676:42): apparmor="DENIED" operation="open" profile="/usr/sbin/tcpdump" name="/proc/sys/kernel/random/boot_id" pid=676 comm="tcpdump" requested_mask="r" denied_mask="r" fsuid=0 ouid=0
[    7.822950] audit: type=1400 audit(1768671694.676:43): apparmor="DENIED" operation="open" profile="/usr/sbin/tcpdump" name="/proc/sys/kernel/random/boot_id" pid=676 comm="tcpdump" requested_mask="r" denied_mask="r" fsuid=0 ouid=0
[    7.823000] audit: type=1400 audit(1768671694.676:44): apparmor="DENIED" operation="open" profile="/usr/sbin/tcpdump" name="/proc/sys/kernel/random/boot_id" pid=676 comm="tcpdump" requested_mask="r" denied_mask="r" fsuid=0 ouid=0
[    7.823099] audit: type=1400 audit(1768671694.676:45): apparmor="DENIED" operation="open" profile="/usr/sbin/tcpdump" name="/proc/sys/kernel/random/boot_id" pid=676 comm="tcpdump" requested_mask="r" denied_mask="r" fsuid=0 ouid=0
[    7.833928] audit: type=1400 audit(1768671694.688:46): apparmor="DENIED" operation="open" profile="/usr/sbin/tcpdump" name="/proc/sys/kernel/random/boot_id" pid=675 comm="tcpdump" requested_mask="r" denied_mask="r" fsuid=0 ouid=0
[    7.834153] audit: type=1400 audit(1768671694.688:47): apparmor="DENIED" operation="open" profile="/usr/sbin/tcpdump" name="/proc/sys/kernel/random/boot_id" pid=675 comm="tcpdump" requested_mask="r" denied_mask="r" fsuid=0 ouid=0
[    7.834227] audit: type=1400 audit(1768671694.688:48): apparmor="DENIED" operation="open" profile="/usr/sbin/tcpdump" name="/proc/sys/kernel/random/boot_id" pid=675 comm="tcpdump" requested_mask="r" denied_mask="r" fsuid=0 ouid=0
[    7.834315] audit: type=1400 audit(1768671694.688:49): apparmor="DENIED" operation="open" profile="/usr/sbin/tcpdump" name="/proc/sys/kernel/random/boot_id" pid=675 comm="tcpdump" requested_mask="r" denied_mask="r" fsuid=0 ouid=0
[    7.834486] audit: type=1400 audit(1768671694.688:50): apparmor="DENIED" operation="open" profile="/usr/sbin/tcpdump" name="/proc/sys/kernel/random/boot_id" pid=678 comm="tcpdump" requested_mask="r" denied_mask="r" fsuid=0 ouid=0
[   12.362886] rfkill: input handler disabled
[  276.129762] AAAAA-TCP_FORW: name:enp0s3: saddr:16783984: daddr:100932208
[  276.307906] AAAAA-TCP_FORW: name:enp0s3: saddr:33561200: daddr:100932208
[  276.548662] AAAAA-TCP_FORW: name:enp0s3: saddr:33561200: daddr:100932208
[  276.634224] AAAAA-TCP_FORW: name:enp0s3: saddr:33561200: daddr:100932208
[  276.707456] AAAAA-TCP_FORW: name:enp0s3: saddr:33561200: daddr:100932208
[  277.019351] AAAAA-TCP_FORW: name:enp0s3: saddr:33561200: daddr:100932208
[  277.140568] AAAAA-TCP_FORW: name:enp0s3: saddr:33561200: daddr:100932208
[  277.636324] AAAAA-TCP_FORW: name:enp0s3: saddr:33561200: daddr:100932208
[  277.941388] AAAAA-TCP_FORW: name:enp0s3: saddr:16783984: daddr:100932208
[  278.095729] AAAAA-TCP_FORW: name:enp0s3: saddr:16783984: daddr:100932208
[  278.322567] AAAAA-TCP_FORW: name:enp0s3: saddr:16783984: daddr:100932208
[  278.442591] AAAAA-TCP_FORW: name:enp0s3: saddr:16783984: daddr:100932208
[  278.605187] AAAAA-TCP_FORW: name:enp0s3: saddr:16783984: daddr:100932208
[  278.888315] AAAAA-TCP_FORW: name:enp0s3: saddr:16783984: daddr:100932208
[  279.766440] AAAAA-TCP_FORW: name:enp0s3: saddr:16783984: daddr:100932208
[  279.789374] AAAAA-TCP_FORW: name:enp0s3: saddr:16783984: daddr:100932208
[  280.095643] AAAAA-TCP_FORW: name:enp0s3: saddr:33561200: daddr:100932208
[  280.531332] AAAAA-TCP_FORW: name:enp0s3: saddr:16783984: daddr:100932208
[  280.746228] AAAAA-TCP_FORW: name:enp0s3: saddr:16783984: daddr:100932208
[  280.962405] AAAAA-TCP_FORW: name:enp0s3: saddr:33561200: daddr:100932208
[  281.255645] AAAAA-TCP_FORW: name:enp0s3: saddr:16783984: daddr:100932208
[  281.606601] AAAAA-TCP_FORW: name:enp0s3: saddr:16783984: daddr:100932208
[  281.817999] AAAAA-TCP_FORW: name:enp0s3: saddr:16783984: daddr:100932208
[  281.903685] AAAAA-TCP_FORW: name:enp0s3: saddr:33561200: daddr:100932208
[  282.061029] AAAAA-TCP_FORW: name:enp0s3: saddr:16783984: daddr:100932208
[  282.382285] AAAAA-TCP_FORW: name:enp0s3: saddr:16783984: daddr:100932208
[  282.752571] AAAAA-TCP_FORW: name:enp0s3: saddr:16783984: daddr:100932208
[  282.843527] AAAAA-TCP_FORW: name:enp0s3: saddr:33561200: daddr:100932208
[  283.866245] AAAAA-TCP_FORW: name:enp0s3: saddr:33561200: daddr:100932208
[  284.203707] AAAAA-TCP_FORW: name:enp0s3: saddr:16783984: daddr:100932208
[  284.362396] AAAAA-TCP_FORW: name:enp0s3: saddr:16783984: daddr:100932208
[  376.253972] AAAAA-TCP_FORW: name:enp0s8: saddr:100932208: daddr:33561200
[  377.993784] AAAAA-TCP_FORW: name:enp0s8: saddr:100932208: daddr:16783984
[  495.754659] rfkill: input handler enabled
[  504.190779] rfkill: input handler disabled
[  668.457511] device enp0s3 left promiscuous mode
[  668.460024] device enp0s8 left promiscuous mode
