[    0.000000] Linux version 5.4.243-mptcp (root@ztg) (gcc version 12.2.0 (Debian 12.2.0-14+deb12u1)) #53 SMP Wed Dec 24 23:28:15 CST 2025
[    0.000000] Command line: BOOT_IMAGE=/boot/vmlinuz-5.4.243-mptcp root=UUID=98415a12-53b7-4144-8265-0f7ece09e445 ro quiet splash
[    0.000000] KERNEL supported cpus:
[    0.000000]   Intel GenuineIntel
[    0.000000]   AMD AuthenticAMD
[    0.000000]   Hygon HygonGenuine
[    0.000000]   Centaur CentaurHauls
[    0.000000]   zhaoxin   Shanghai  
[    0.000000] x86/fpu: Supporting XSAVE feature 0x001: 'x87 floating point registers'
[    0.000000] x86/fpu: Supporting XSAVE feature 0x002: 'SSE registers'
[    0.000000] x86/fpu: Supporting XSAVE feature 0x004: 'AVX registers'
[    0.000000] x86/fpu: xstate_offset[2]:  576, xstate_sizes[2]:  256
[    0.000000] x86/fpu: Enabled xstate features 0x7, context size is 832 bytes, using 'standard' format.
[    0.000000] BIOS-provided physical RAM map:
[    0.000000] BIOS-e820: [mem 0x0000000000000000-0x000000000009fbff] usable
[    0.000000] BIOS-e820: [mem 0x000000000009fc00-0x000000000009ffff] reserved
[    0.000000] BIOS-e820: [mem 0x00000000000f0000-0x00000000000fffff] reserved
[    0.000000] BIOS-e820: [mem 0x0000000000100000-0x000000007ffeffff] usable
[    0.000000] BIOS-e820: [mem 0x000000007fff0000-0x000000007fffffff] ACPI data
[    0.000000] BIOS-e820: [mem 0x00000000fec00000-0x00000000fec00fff] reserved
[    0.000000] BIOS-e820: [mem 0x00000000fee00000-0x00000000fee00fff] reserved
[    0.000000] BIOS-e820: [mem 0x00000000fffc0000-0x00000000ffffffff] reserved
[    0.000000] NX (Execute Disable) protection: active
[    0.000000] SMBIOS 2.5 present.
[    0.000000] DMI: innotek GmbH VirtualBox/VirtualBox, BIOS VirtualBox 12/01/2006
[    0.000000] Hypervisor detected: KVM
[    0.000000] kvm-clock: Using msrs 4b564d01 and 4b564d00
[    0.000000] kvm-clock: cpu 0, msr 46c01001, primary cpu clock
[    0.000000] kvm-clock: using sched offset of 4459623402 cycles
[    0.000003] clocksource: kvm-clock: mask: 0xffffffffffffffff max_cycles: 0x1cd42e4dffb, max_idle_ns: 881590591483 ns
[    0.000005] tsc: Detected 2100.000 MHz processor
[    0.001905] e820: update [mem 0x00000000-0x00000fff] usable ==> reserved
[    0.001908] e820: remove [mem 0x000a0000-0x000fffff] usable
[    0.001912] last_pfn = 0x7fff0 max_arch_pfn = 0x400000000
[    0.001980] MTRR default type: uncachable
[    0.001981] MTRR fixed ranges enabled:
[    0.001982]   00000-9FFFF write-back
[    0.001983]   A0000-BFFFF uncachable
[    0.001983]   C0000-FFFFF write-protect
[    0.001984] MTRR variable ranges enabled:
[    0.001985]   0 base 000000000000 mask 3FFF80000000 write-back
[    0.001986]   1 disabled
[    0.001986]   2 disabled
[    0.001987]   3 disabled
[    0.001987]   4 disabled
[    0.001988]   5 disabled
[    0.001988]   6 disabled
[    0.001988]   7 disabled
[    0.001989]   8 disabled
[    0.001989]   9 disabled
[    0.001990]   10 disabled
[    0.001990]   11 disabled
[    0.001991]   12 disabled
[    0.001991]   13 disabled
[    0.001991]   14 disabled
[    0.001992]   15 disabled
[    0.002009] x86/PAT: Configuration [0-7]: WB  WC  UC- UC  WB  WP  UC- WT  
[    0.002151] found SMP MP-table at [mem 0x0009fff0-0x0009ffff]
[    0.095360] check: Scanning 1 areas for low memory corruption
[    0.095589] RAMDISK: [mem 0x32271000-0x3512ffff]
[    0.095597] ACPI: Early table checksum verification disabled
[    0.095603] ACPI: RSDP 0x00000000000E0000 000024 (v02 VBOX  )
[    0.095608] ACPI: XSDT 0x000000007FFF0030 00003C (v01 VBOX   VBOXXSDT 00000001 ASL  00000061)
[    0.095614] ACPI: FACP 0x000000007FFF00F0 0000F4 (v04 VBOX   VBOXFACP 00000001 ASL  00000061)
[    0.095620] ACPI: DSDT 0x000000007FFF02E0 002353 (v02 VBOX   VBOXBIOS 00000002 VBOX 00029BF3)
[    0.095624] ACPI: FACS 0x000000007FFF0200 000040
[    0.095628] ACPI: FACS 0x000000007FFF0200 000040
[    0.095631] ACPI: APIC 0x000000007FFF0240 000054 (v02 VBOX   VBOXAPIC 00000001 ASL  00000061)
[    0.095634] ACPI: SSDT 0x000000007FFF02A0 000038 (v01 VBOX   VBOXCPUT 00000002 VBOX 00029BF3)
[    0.095638] ACPI: Reserving FACP table memory at [mem 0x7fff00f0-0x7fff01e3]
[    0.095638] ACPI: Reserving DSDT table memory at [mem 0x7fff02e0-0x7fff2632]
[    0.095639] ACPI: Reserving FACS table memory at [mem 0x7fff0200-0x7fff023f]
[    0.095640] ACPI: Reserving FACS table memory at [mem 0x7fff0200-0x7fff023f]
[    0.095640] ACPI: Reserving APIC table memory at [mem 0x7fff0240-0x7fff0293]
[    0.095641] ACPI: Reserving SSDT table memory at [mem 0x7fff02a0-0x7fff02d7]
[    0.095656] ACPI: Local APIC address 0xfee00000
[    0.095843] No NUMA configuration found
[    0.095844] Faking a node at [mem 0x0000000000000000-0x000000007ffeffff]
[    0.095854] NODE_DATA(0) allocated [mem 0x7ffc5000-0x7ffeffff]
[    0.096138] Zone ranges:
[    0.096139]   DMA      [mem 0x0000000000001000-0x0000000000ffffff]
[    0.096140]   DMA32    [mem 0x0000000001000000-0x000000007ffeffff]
[    0.096141]   Normal   empty
[    0.096142]   Device   empty
[    0.096142] Movable zone start for each node
[    0.096144] Early memory node ranges
[    0.096145]   node   0: [mem 0x0000000000001000-0x000000000009efff]
[    0.096146]   node   0: [mem 0x0000000000100000-0x000000007ffeffff]
[    0.096149] Zeroed struct page in unavailable ranges: 114 pages
[    0.096150] Initmem setup node 0 [mem 0x0000000000001000-0x000000007ffeffff]
[    0.096151] On node 0 totalpages: 524174
[    0.096153]   DMA zone: 64 pages used for memmap
[    0.096153]   DMA zone: 21 pages reserved
[    0.096154]   DMA zone: 3998 pages, LIFO batch:0
[    0.096226]   DMA32 zone: 8128 pages used for memmap
[    0.096227]   DMA32 zone: 520176 pages, LIFO batch:63
[    0.105293] ACPI: PM-Timer IO Port: 0x4008
[    0.105297] ACPI: Local APIC address 0xfee00000
[    0.105368] IOAPIC[0]: apic_id 1, version 32, address 0xfec00000, GSI 0-23
[    0.105372] ACPI: INT_SRC_OVR (bus 0 bus_irq 0 global_irq 2 dfl dfl)
[    0.105373] ACPI: INT_SRC_OVR (bus 0 bus_irq 9 global_irq 9 low level)
[    0.105375] ACPI: IRQ0 used by override.
[    0.105376] ACPI: IRQ9 used by override.
[    0.105379] Using ACPI (MADT) for SMP configuration information
[    0.105386] smpboot: Allowing 1 CPUs, 0 hotplug CPUs
[    0.105409] PM: Registered nosave memory: [mem 0x00000000-0x00000fff]
[    0.105410] PM: Registered nosave memory: [mem 0x0009f000-0x0009ffff]
[    0.105411] PM: Registered nosave memory: [mem 0x000a0000-0x000effff]
[    0.105411] PM: Registered nosave memory: [mem 0x000f0000-0x000fffff]
[    0.105414] [mem 0x80000000-0xfebfffff] available for PCI devices
[    0.105415] Booting paravirtualized kernel on KVM
[    0.105418] clocksource: refined-jiffies: mask: 0xffffffff max_cycles: 0xffffffff, max_idle_ns: 7645519600211568 ns
[    0.105423] setup_percpu: NR_CPUS:8192 nr_cpumask_bits:1 nr_cpu_ids:1 nr_node_ids:1
[    0.106436] percpu: Embedded 60 pages/cpu s208896 r8192 d28672 u2097152
[    0.106441] pcpu-alloc: s208896 r8192 d28672 u2097152 alloc=1*2097152
[    0.106442] pcpu-alloc: [0] 0 
[    0.106469] Built 1 zonelists, mobility grouping on.  Total pages: 515961
[    0.106470] Policy zone: DMA32
[    0.106471] Kernel command line: BOOT_IMAGE=/boot/vmlinuz-5.4.243-mptcp root=UUID=98415a12-53b7-4144-8265-0f7ece09e445 ro quiet splash
[    0.107316] Dentry cache hash table entries: 262144 (order: 9, 2097152 bytes, linear)
[    0.107582] Inode-cache hash table entries: 131072 (order: 8, 1048576 bytes, linear)
[    0.107633] mem auto-init: stack:off, heap alloc:on, heap free:off
[    0.107636] Calgary: detecting Calgary via BIOS EBDA area
[    0.107638] Calgary: Unable to locate Rio Grande table in EBDA - bailing!
[    0.111912] Memory: 1967332K/2096696K available (14339K kernel code, 2398K rwdata, 4712K rodata, 2728K init, 17260K bss, 129364K reserved, 0K cma-reserved)
[    0.112828] SLUB: HWalign=64, Order=0-3, MinObjects=0, CPUs=1, Nodes=1
[    0.112845] ftrace: allocating 43186 entries in 169 pages
[    0.131072] rcu: Hierarchical RCU implementation.
[    0.131074] rcu: 	RCU restricting CPUs from NR_CPUS=8192 to nr_cpu_ids=1.
[    0.131075] 	Tasks RCU enabled.
[    0.131076] rcu: RCU calculated value of scheduler-enlistment delay is 25 jiffies.
[    0.131077] rcu: Adjusting geometry for rcu_fanout_leaf=16, nr_cpu_ids=1
[    0.134036] NR_IRQS: 524544, nr_irqs: 256, preallocated irqs: 16
[    0.134266] random: crng init done
[    0.143549] Console: colour VGA+ 80x25
[    0.143553] printk: console [tty0] enabled
[    0.143574] ACPI: Core revision 20190816
[    0.143674] APIC: Switch to symmetric I/O mode setup
[    0.143925] x2apic enabled
[    0.144164] Switched APIC routing to physical x2apic.
[    0.145295] ..TIMER: vector=0x30 apic1=0 pin1=2 apic2=-1 pin2=-1
[    0.145321] clocksource: tsc-early: mask: 0xffffffffffffffff max_cycles: 0x1e4530a99b6, max_idle_ns: 440795257976 ns
[    0.145326] Calibrating delay loop (skipped) preset value.. 4200.00 BogoMIPS (lpj=8400000)
[    0.145328] pid_max: default: 32768 minimum: 301
[    0.145356] LSM: Security Framework initializing
[    0.145366] Yama: becoming mindful.
[    0.145393] AppArmor: AppArmor initialized
[    0.145427] Mount-cache hash table entries: 4096 (order: 3, 32768 bytes, linear)
[    0.145431] Mountpoint-cache hash table entries: 4096 (order: 3, 32768 bytes, linear)
[    0.145441] *** VALIDATE tmpfs ***
[    0.145569] *** VALIDATE proc ***
[    0.145609] *** VALIDATE cgroup1 ***
[    0.145610] *** VALIDATE cgroup2 ***
[    0.145751] process: using mwait in idle threads
[    0.145755] Last level iTLB entries: 4KB 64, 2MB 8, 4MB 8
[    0.145756] Last level dTLB entries: 4KB 64, 2MB 0, 4MB 0, 1GB 4
[    0.145775] Spectre V1 : Mitigation: usercopy/swapgs barriers and __user pointer sanitization
[    0.145781] Spectre V2 : Mitigation: Retpolines
[    0.145781] Spectre V2 : Spectre v2 / SpectreRSB mitigation: Filling RSB on context switch
[    0.145782] Spectre V2 : Spectre v2 / SpectreRSB : Filling RSB on VMEXIT
[    0.145782] RETBleed: WARNING: Spectre v2 mitigation leaves CPU vulnerable to RETBleed attacks, data leaks possible!
[    0.146142] RETBleed: Vulnerable
[    0.146143] Speculative Store Bypass: Vulnerable
[    0.146147] TAA: Mitigation: TSX disabled
[    0.146148] MMIO Stale Data: Mitigation: Clear CPU buffers
[    0.150373] Freeing SMP alternatives memory: 40K
[    0.262240] smpboot: CPU0: Intel(R) Xeon(R) Silver 4216 CPU @ 2.10GHz (family: 0x6, model: 0x55, stepping: 0x7)
[    0.262380] Performance Events: unsupported p6 CPU model 85 no PMU driver, software events only.
[    0.262422] rcu: Hierarchical SRCU implementation.
[    0.262909] NMI watchdog: Perf NMI watchdog permanently disabled
[    0.262948] smp: Bringing up secondary CPUs ...
[    0.262949] smp: Brought up 1 node, 1 CPU
[    0.262950] smpboot: Max logical packages: 1
[    0.262952] smpboot: Total of 1 processors activated (4200.00 BogoMIPS)
[    0.263978] devtmpfs: initialized
[    0.264028] x86/mm: Memory block size: 128MB
[    0.264380] clocksource: jiffies: mask: 0xffffffff max_cycles: 0xffffffff, max_idle_ns: 7645041785100000 ns
[    0.264386] futex hash table entries: 256 (order: 2, 16384 bytes, linear)
[    0.264431] pinctrl core: initialized pinctrl subsystem
[    0.264534] PM: RTC time: 14:10:34, date: 2026-01-19
[    0.264641] NET: Registered protocol family 16
[    0.264715] audit: initializing netlink subsys (disabled)
[    0.264840] EISA bus registered
[    0.264842] cpuidle: using governor ladder
[    0.264843] cpuidle: using governor menu
[    0.264879] ACPI: bus type PCI registered
[    0.264881] acpiphp: ACPI Hot Plug PCI Controller Driver version: 0.5
[    0.264987] PCI: Using configuration type 1 for base access
[    0.265847] audit: type=2000 audit(1768803040.930:1): state=initialized audit_enabled=0 res=1
[    0.265925] HugeTLB registered 2.00 MiB page size, pre-allocated 0 pages
[    0.266761] ACPI: Added _OSI(Module Device)
[    0.266762] ACPI: Added _OSI(Processor Device)
[    0.266762] ACPI: Added _OSI(3.0 _SCP Extensions)
[    0.266763] ACPI: Added _OSI(Processor Aggregator Device)
[    0.266764] ACPI: Added _OSI(Linux-Dell-Video)
[    0.266765] ACPI: Added _OSI(Linux-Lenovo-NV-HDMI-Audio)
[    0.266766] ACPI: Added _OSI(Linux-HPI-Hybrid-Graphics)
[    0.269469] ACPI: 2 ACPI AML tables successfully acquired and loaded
[    0.271319] ACPI: Interpreter enabled
[    0.271329] ACPI: (supports S0 S5)
[    0.271330] ACPI: Using IOAPIC for interrupt routing
[    0.271547] PCI: Using host bridge windows from ACPI; if necessary, use "pci=nocrs" and report a bug
[    0.271658] ACPI: Enabled 2 GPEs in block 00 to 07
[    0.276521] ACPI: PCI Root Bridge [PCI0] (domain 0000 [bus 00-ff])
[    0.276526] acpi PNP0A03:00: _OSC: OS supports [ASPM ClockPM Segments MSI HPX-Type3]
[    0.276985] acpi PNP0A03:00: _OSC: not requesting OS control; OS requires [ExtendedConfig ASPM ClockPM MSI]
[    0.276996] acpi PNP0A03:00: fail to add MMCONFIG information, can't access extended PCI configuration space under this bridge.
[    0.277545] PCI host bridge to bus 0000:00
[    0.277549] pci_bus 0000:00: root bus resource [io  0x0000-0x0cf7 window]
[    0.277550] pci_bus 0000:00: root bus resource [io  0x0d00-0xffff window]
[    0.277552] pci_bus 0000:00: root bus resource [mem 0x000a0000-0x000bffff window]
[    0.277553] pci_bus 0000:00: root bus resource [mem 0x80000000-0xfdffffff window]
[    0.277555] pci_bus 0000:00: root bus resource [bus 00-ff]
[    0.277612] pci 0000:00:00.0: [8086:1237] type 00 class 0x060000
[    0.278598] pci 0000:00:01.0: [8086:7000] type 00 class 0x060100
[    0.279374] pci 0000:00:01.1: [8086:7111] type 00 class 0x01018a
[    0.279756] pci 0000:00:01.1: reg 0x20: [io  0xd000-0xd00f]
[    0.279915] pci 0000:00:01.1: legacy IDE quirk: reg 0x10: [io  0x01f0-0x01f7]
[    0.279916] pci 0000:00:01.1: legacy IDE quirk: reg 0x14: [io  0x03f6]
[    0.279917] pci 0000:00:01.1: legacy IDE quirk: reg 0x18: [io  0x0170-0x0177]
[    0.279917] pci 0000:00:01.1: legacy IDE quirk: reg 0x1c: [io  0x0376]
[    0.280461] pci 0000:00:02.0: [15ad:0405] type 00 class 0x030000
[    0.283587] pci 0000:00:02.0: reg 0x10: [io  0xd010-0xd01f]
[    0.287391] pci 0000:00:02.0: reg 0x14: [mem 0xe0000000-0xe7ffffff pref]
[    0.289367] pci 0000:00:02.0: reg 0x18: [mem 0xf0000000-0xf01fffff]
[    0.301830] pci 0000:00:03.0: [1022:2000] type 00 class 0x020000
[    0.302515] pci 0000:00:03.0: reg 0x10: [io  0xd020-0xd03f]
[    0.303134] pci 0000:00:03.0: reg 0x14: [mem 0xf0200000-0xf0200fff]
[    0.306725] pci 0000:00:04.0: [80ee:cafe] type 00 class 0x088000
[    0.307423] pci 0000:00:04.0: reg 0x10: [io  0xd040-0xd05f]
[    0.308035] pci 0000:00:04.0: reg 0x14: [mem 0xf0400000-0xf07fffff]
[    0.308651] pci 0000:00:04.0: reg 0x18: [mem 0xf0800000-0xf0803fff pref]
[    0.311857] pci 0000:00:07.0: [8086:7113] type 00 class 0x068000
[    0.312422] pci 0000:00:07.0: quirk: [io  0x4000-0x403f] claimed by PIIX4 ACPI
[    0.312432] pci 0000:00:07.0: quirk: [io  0x4100-0x410f] claimed by PIIX4 SMB
[    0.313045] pci 0000:00:08.0: [8086:100e] type 00 class 0x020000
[    0.313971] pci 0000:00:08.0: reg 0x10: [mem 0xf0820000-0xf083ffff]
[    0.315152] pci 0000:00:08.0: reg 0x18: [io  0xd060-0xd067]
[    0.318977] pci 0000:00:09.0: [8086:100e] type 00 class 0x020000
[    0.319701] pci 0000:00:09.0: reg 0x10: [mem 0xf0840000-0xf085ffff]
[    0.320860] pci 0000:00:09.0: reg 0x18: [io  0xd068-0xd06f]
[    0.330402] ACPI: PCI Interrupt Link [LNKA] (IRQs 5 9 10 *11)
[    0.330684] ACPI: PCI Interrupt Link [LNKB] (IRQs 5 9 *10 11)
[    0.330788] ACPI: PCI Interrupt Link [LNKC] (IRQs 5 *9 10 11)
[    0.330888] ACPI: PCI Interrupt Link [LNKD] (IRQs 5 9 10 *11)
[    0.331154] iommu: Default domain type: Translated 
[    0.331215] pci 0000:00:02.0: vgaarb: setting as boot VGA device
[    0.331217] pci 0000:00:02.0: vgaarb: VGA device added: decodes=io+mem,owns=io+mem,locks=none
[    0.331219] pci 0000:00:02.0: vgaarb: bridge control possible
[    0.331220] vgaarb: loaded
[    0.331430] SCSI subsystem initialized
[    0.331460] libata version 3.00 loaded.
[    0.331486] ACPI: bus type USB registered
[    0.331502] usbcore: registered new interface driver usbfs
[    0.331508] usbcore: registered new interface driver hub
[    0.331513] usbcore: registered new device driver usb
[    0.331542] pps_core: LinuxPPS API ver. 1 registered
[    0.331543] pps_core: Software ver. 5.3.6 - Copyright 2005-2007 Rodolfo Giometti <giometti@linux.it>
[    0.331545] PTP clock support registered
[    0.331578] EDAC MC: Ver: 3.0.0
[    0.333482] PCI: Using ACPI for IRQ routing
[    0.333483] PCI: pci_cache_line_size set to 64 bytes
[    0.333662] e820: reserve RAM buffer [mem 0x0009fc00-0x0009ffff]
[    0.333666] e820: reserve RAM buffer [mem 0x7fff0000-0x7fffffff]
[    0.334465] NetLabel: Initializing
[    0.334466] NetLabel:  domain hash size = 128
[    0.334466] NetLabel:  protocols = UNLABELED CIPSOv4 CALIPSO
[    0.334486] NetLabel:  unlabeled traffic allowed by default
[    0.335386] clocksource: Switched to clocksource kvm-clock
[    0.347670] *** VALIDATE bpf ***
[    0.347732] VFS: Disk quotas dquot_6.6.0
[    0.347744] VFS: Dquot-cache hash table entries: 512 (order 0, 4096 bytes)
[    0.347766] *** VALIDATE ramfs ***
[    0.347769] *** VALIDATE hugetlbfs ***
[    0.347851] AppArmor: AppArmor Filesystem Enabled
[    0.347876] pnp: PnP ACPI init
[    0.347938] pnp 00:00: Plug and Play ACPI device, IDs PNP0303 (active)
[    0.348019] pnp 00:01: Plug and Play ACPI device, IDs PNP0f03 (active)
[    0.348769] pnp: PnP ACPI: found 2 devices
[    0.349787] thermal_sys: Registered thermal governor 'fair_share'
[    0.349787] thermal_sys: Registered thermal governor 'bang_bang'
[    0.349788] thermal_sys: Registered thermal governor 'step_wise'
[    0.349789] thermal_sys: Registered thermal governor 'user_space'
[    0.349789] thermal_sys: Registered thermal governor 'power_allocator'
[    0.354319] clocksource: acpi_pm: mask: 0xffffff max_cycles: 0xffffff, max_idle_ns: 2085701024 ns
[    0.354359] pci_bus 0000:00: resource 4 [io  0x0000-0x0cf7 window]
[    0.354360] pci_bus 0000:00: resource 5 [io  0x0d00-0xffff window]
[    0.354361] pci_bus 0000:00: resource 6 [mem 0x000a0000-0x000bffff window]
[    0.354363] pci_bus 0000:00: resource 7 [mem 0x80000000-0xfdffffff window]
[    0.354420] NET: Registered protocol family 2
[    0.354494] IP idents hash table entries: 32768 (order: 6, 262144 bytes, linear)
[    0.354897] MPTCP tokens hash table entries: 8192 (order: 4, 65536 bytes, linear)
[    0.354916] MPTCP request tokens hash table entries: 8192 (order: 4, 65536 bytes, linear)
[    0.354942] default registered
[    0.354943] default registered
[    0.354943] MPTCP: Stable release v0.96
[    0.354949] tcp_listen_portaddr_hash hash table entries: 1024 (order: 2, 16384 bytes, linear)
[    0.355028] TCP established hash table entries: 16384 (order: 5, 131072 bytes, linear)
[    0.355092] TCP bind hash table entries: 16384 (order: 6, 262144 bytes, linear)
[    0.355118] TCP: Hash tables configured (established 16384 bind 16384)
[    0.355886] UDP hash table entries: 1024 (order: 3, 32768 bytes, linear)
[    0.355898] UDP-Lite hash table entries: 1024 (order: 3, 32768 bytes, linear)
[    0.355934] NET: Registered protocol family 1
[    0.355942] NET: Registered protocol family 44
[    0.355965] pci 0000:00:00.0: Limiting direct PCI/PCI transfers
[    0.355978] pci 0000:00:01.0: Activating ISA DMA hang workarounds
[    0.356032] pci 0000:00:02.0: Video device with shadowed ROM at [mem 0x000c0000-0x000dffff]
[    0.356098] PCI: CLS 0 bytes, default 64
[    0.356149] Trying to unpack rootfs image as initramfs...
[    0.533062] Freeing initrd memory: 47868K
[    0.533062] clocksource: tsc: mask: 0xffffffffffffffff max_cycles: 0x1e4530a99b6, max_idle_ns: 440795257976 ns
[    0.533062] clocksource: Switched to clocksource tsc
[    0.533062] platform rtc_cmos: registered platform RTC device (no PNP device found)
[    0.533062] check: Scanning for low memory corruption every 60 seconds
[    0.533062] Initialise system trusted keyrings
[    0.533062] Key type blacklist registered
[    0.533062] workingset: timestamp_bits=36 max_order=19 bucket_order=0
[    0.535483] zbud: loaded
[    0.535844] squashfs: version 4.0 (2009/01/31) Phillip Lougher
[    0.535979] fuse: init (API version 7.31)
[    0.535995] *** VALIDATE fuse ***
[    0.535997] *** VALIDATE fuse ***
[    0.536101] Platform Keyring initialized
[    0.539137] Key type asymmetric registered
[    0.539138] Asymmetric key parser 'x509' registered
[    0.539147] Block layer SCSI generic (bsg) driver version 0.4 loaded (major 244)
[    0.539185] io scheduler mq-deadline registered
[    0.539310] shpchp: Standard Hot Plug PCI Controller Driver version: 0.4
[    0.539512] ACPI: AC Adapter [AC] (on-line)
[    0.539558] input: Power Button as /devices/LNXSYSTM:00/LNXPWRBN:00/input/input0
[    0.539587] ACPI: Power Button [PWRF]
[    0.539666] input: Sleep Button as /devices/LNXSYSTM:00/LNXSLPBN:00/input/input1
[    0.539681] ACPI: Sleep Button [SLPF]
[    0.539903] Serial: 8250/16550 driver, 32 ports, IRQ sharing enabled
[    0.541053] Linux agpgart interface v0.103
[    0.635111] loop: module loaded
[    0.635250] ata_piix 0000:00:01.1: version 2.13
[    0.635652] scsi host0: ata_piix
[    0.635741] scsi host1: ata_piix
[    0.635768] ata1: PATA max UDMA/33 cmd 0x1f0 ctl 0x3f6 bmdma 0xd000 irq 14
[    0.635769] ata2: PATA max UDMA/33 cmd 0x170 ctl 0x376 bmdma 0xd008 irq 15
[    0.635845] tun: Universal TUN/TAP device driver, 1.6
[    0.636145] PPP generic driver version 2.4.2
[    0.636188] VFIO - User Level meta-driver version: 0.3
[    0.636420] ehci_hcd: USB 2.0 'Enhanced' Host Controller (EHCI) Driver
[    0.636425] ehci-pci: EHCI PCI platform driver
[    0.636438] ehci-platform: EHCI generic platform driver
[    0.636444] ohci_hcd: USB 1.1 'Open' Host Controller (OHCI) Driver
[    0.636445] ohci-pci: OHCI PCI platform driver
[    0.636452] ohci-platform: OHCI generic platform driver
[    0.636456] uhci_hcd: USB Universal Host Controller Interface driver
[    0.636523] i8042: PNP: PS/2 Controller [PNP0303:PS2K,PNP0f03:PS2M] at 0x60,0x64 irq 1,12
[    0.637030] serio: i8042 KBD port at 0x60,0x64 irq 1
[    0.637036] serio: i8042 AUX port at 0x60,0x64 irq 12
[    0.637156] mousedev: PS/2 mouse device common for all mice
[    0.637422] input: AT Translated Set 2 keyboard as /devices/platform/i8042/serio0/input/input2
[    0.637826] rtc_cmos rtc_cmos: registered as rtc0
[    0.637839] rtc_cmos rtc_cmos: alarms up to one day, 114 bytes nvram
[    0.637845] i2c /dev entries driver
[    0.637889] device-mapper: uevent: version 1.0.3
[    0.637931] device-mapper: ioctl: 4.41.0-ioctl (2019-09-16) initialised: dm-devel@redhat.com
[    0.637947] platform eisa.0: Probing EISA bus 0
[    0.637949] platform eisa.0: EISA: Cannot allocate resource for mainboard
[    0.637950] platform eisa.0: Cannot allocate resource for EISA slot 1
[    0.637951] platform eisa.0: Cannot allocate resource for EISA slot 2
[    0.637952] platform eisa.0: Cannot allocate resource for EISA slot 3
[    0.637953] platform eisa.0: Cannot allocate resource for EISA slot 4
[    0.637954] platform eisa.0: Cannot allocate resource for EISA slot 5
[    0.637955] platform eisa.0: Cannot allocate resource for EISA slot 6
[    0.637956] platform eisa.0: Cannot allocate resource for EISA slot 7
[    0.637957] platform eisa.0: Cannot allocate resource for EISA slot 8
[    0.637958] platform eisa.0: EISA: Detected 0 cards
[    0.637960] intel_pstate: CPU model not supported
[    0.637969] ledtrig-cpu: registered to indicate activity on CPUs
[    0.638022] drop_monitor: Initializing network drop monitor service
[    0.638182] NET: Registered protocol family 10
[    0.643284] Segment Routing with IPv6
[    0.643284] fullmesh registered
[    0.643284] ndiffports registered
[    0.643284] binder registered
[    0.643284] roundrobin registered
[    0.643284] redundant registered
[    0.643284] blest registered
[    0.643284] ecf registered
[    0.643284] NET: Registered protocol family 17
[    0.643284] Key type dns_resolver registered
[    0.643284] RAS: Correctable Errors collector initialized.
[    0.643284] IPI shorthand broadcast: enabled
[    0.643284] sched_clock: Marking stable (628217348, 11066777)->(639888614, -604489)
[    0.643528] registered taskstats version 1
[    0.643536] Loading compiled-in X.509 certificates
[    0.644123] Loaded X.509 cert 'Build time autogenerated kernel key: 6909f3744cebb3d0de528d5887b96a727de79b1e'
[    0.644140] zswap: loaded using pool lzo/zbud
[    0.644192] Key type ._fscrypt registered
[    0.644193] Key type .fscrypt registered
[    0.648642] Key type big_key registered
[    0.650910] Key type encrypted registered
[    0.650913] AppArmor: AppArmor sha1 policy hashing enabled
[    0.650920] ima: No TPM chip found, activating TPM-bypass!
[    0.650923] ima: Allocated hash algorithm: sha1
[    0.650929] ima: No architecture policies found
[    0.650938] evm: Initialising EVM extended attributes:
[    0.650939] evm: security.selinux
[    0.650939] evm: security.SMACK64
[    0.650940] evm: security.SMACK64EXEC
[    0.650940] evm: security.SMACK64TRANSMUTE
[    0.650941] evm: security.SMACK64MMAP
[    0.650941] evm: security.apparmor
[    0.650942] evm: security.ima
[    0.650942] evm: security.capability
[    0.650943] evm: HMAC attrs: 0x1
[    0.651236] PM:   Magic number: 10:497:182
[    0.651340] rtc_cmos rtc_cmos: setting system clock to 2026-01-19T14:10:35 UTC (1768831835)
[    0.808749] ata1.00: ATA-6: VBOX HARDDISK, 1.0, max UDMA/133
[    0.808753] ata1.00: 209715200 sectors, multi 128: LBA 
[    0.809482] scsi 0:0:0:0: Direct-Access     ATA      VBOX HARDDISK    1.0  PQ: 0 ANSI: 5
[    0.809822] sd 0:0:0:0: [sda] 209715200 512-byte logical blocks: (107 GB/100 GiB)
[    0.809836] sd 0:0:0:0: [sda] Write Protect is off
[    0.809840] sd 0:0:0:0: [sda] Mode Sense: 00 3a 00 00
[    0.809860] sd 0:0:0:0: [sda] Write cache: enabled, read cache: enabled, doesn't support DPO or FUA
[    0.810230] sd 0:0:0:0: Attached scsi generic sg0 type 0
[    0.811297]  sda: sda1 sda2
[    0.823316] sd 0:0:0:0: [sda] Attached SCSI disk
[    0.827167] Freeing unused decrypted memory: 2040K
[    0.828630] Freeing unused kernel image memory: 2728K
[    0.828635] Write protecting the kernel read-only data: 22528k
[    0.830251] Freeing unused kernel image memory: 2036K
[    0.831012] Freeing unused kernel image memory: 1432K
[    0.858138] x86/mm: Checked W+X mappings: passed, no W+X pages found.
[    0.858145] Run /init as init process
[    0.967991] ACPI: Video Device [GFX0] (multi-head: yes  rom: no  post: no)
[    0.968077] input: Video Bus as /devices/LNXSYSTM:00/LNXSYBUS:00/PNP0A03:00/LNXVIDEO:00/input/input4
[    0.980527] pcnet32: pcnet32.c:v1.35 21.Apr.2008 tsbogend@alpha.franken.de
[    0.982178] piix4_smbus 0000:00:07.0: SMBus Host Controller at 0x4100, revision 0
[    0.984791] e1000: Intel(R) PRO/1000 Network Driver - version 7.3.21-k8-NAPI
[    0.984792] e1000: Copyright (c) 1999-2006 Intel Corporation.
[    0.998216] pcnet32: PCnet/FAST III 79C973 at 0xd020, 08:00:27:9c:1d:e1 assigned IRQ 19
[    0.998261] pcnet32: Found PHY 0022:561b at address 0
[    0.998586] pcnet32: eth0: registered as PCnet/FAST III 79C973
[    1.003888] pcnet32: 1 cards_found
[    1.066115] pcnet32 0000:00:03.0 enp0s3: renamed from eth0
[    1.201277] input: ImExPS/2 Generic Explorer Mouse as /devices/platform/i8042/serio1/input/input5
[    1.404898] e1000 0000:00:08.0 eth0: (PCI:33MHz:32-bit) 08:00:27:43:63:6b
[    1.404903] e1000 0000:00:08.0 eth0: Intel(R) PRO/1000 Network Connection
[    1.789516] e1000 0000:00:09.0 eth1: (PCI:33MHz:32-bit) 08:00:27:53:60:f4
[    1.789520] e1000 0000:00:09.0 eth1: Intel(R) PRO/1000 Network Connection
[    1.791259] e1000 0000:00:09.0 enp0s9: renamed from eth1
[    1.793838] e1000 0000:00:08.0 enp0s8: renamed from eth0
[    1.949946] EXT4-fs (sda2): mounted filesystem with ordered data mode. Opts: (null)
[    2.042348] systemd[1]: Inserted module 'autofs4'
[    2.052075] systemd[1]: systemd 245.4-4ubuntu3 running in system mode. (+PAM +AUDIT +SELINUX +IMA +APPARMOR +SMACK +SYSVINIT +UTMP +LIBCRYPTSETUP +GCRYPT +GNUTLS +ACL +XZ +LZ4 +SECCOMP +BLKID +ELFUTILS +KMOD +IDN2 -IDN +PCRE2 default-hierarchy=hybrid)
[    2.052112] systemd[1]: Detected virtualization oracle.
[    2.052116] systemd[1]: Detected architecture x86-64.
[    2.053504] systemd[1]: Set hostname to <ztg>.
[    2.191896] systemd[1]: /lib/systemd/system/dbus.socket:5: ListenStream= references a path below legacy directory /var/run/, updating /var/run/dbus/system_bus_socket â†’ /run/dbus/system_bus_socket; please update the unit file accordingly.
[    2.249505] systemd[1]: Created slice system-modprobe.slice.
[    2.249782] systemd[1]: Created slice User and Session Slice.
[    2.249851] systemd[1]: Started Forward Password Requests to Wall Directory Watch.
[    2.250084] systemd[1]: Set up automount Arbitrary Executable File Formats File System Automount Point.
[    2.250133] systemd[1]: Reached target User and Group Name Lookups.
[    2.250146] systemd[1]: Reached target Remote File Systems.
[    2.250159] systemd[1]: Reached target Slices.
[    2.250824] systemd[1]: Listening on Syslog Socket.
[    2.250920] systemd[1]: Listening on fsck to fsckd communication Socket.
[    2.250977] systemd[1]: Listening on initctl Compatibility Named Pipe.
[    2.251256] systemd[1]: Listening on Journal Audit Socket.
[    2.251339] systemd[1]: Listening on Journal Socket (/dev/log).
[    2.251451] systemd[1]: Listening on Journal Socket.
[    2.251557] systemd[1]: Listening on udev Control Socket.
[    2.251618] systemd[1]: Listening on udev Kernel Socket.
[    2.252756] systemd[1]: Mounting Huge Pages File System...
[    2.253882] systemd[1]: Mounting POSIX Message Queue File System...
[    2.254836] systemd[1]: Mounting Kernel Debug File System...
[    2.256037] systemd[1]: Mounting Kernel Trace File System...
[    2.283075] systemd[1]: Starting Journal Service...
[    2.286162] systemd[1]: Starting Set the console keyboard layout...
[    2.297108] systemd[1]: Starting Create list of static device nodes for the current kernel...
[    2.298713] systemd[1]: Starting Load Kernel Module drm...
[    2.303797] systemd[1]: Condition check resulted in Set Up Additional Binary Formats being skipped.
[    2.303839] systemd[1]: Condition check resulted in File System Check on Root Device being skipped.
[    2.307466] systemd[1]: Starting Load Kernel Modules...
[    2.308307] systemd[1]: Starting Remount Root and Kernel File Systems...
[    2.309128] systemd[1]: Starting udev Coldplug all Devices...
[    2.309976] systemd[1]: Starting Uncomplicated firewall...
[    2.311712] systemd[1]: Mounted Huge Pages File System.
[    2.311811] systemd[1]: Mounted POSIX Message Queue File System.
[    2.311894] systemd[1]: Mounted Kernel Debug File System.
[    2.311970] systemd[1]: Mounted Kernel Trace File System.
[    2.367292] systemd[1]: Finished Create list of static device nodes for the current kernel.
[    2.371162] systemd[1]: Finished Uncomplicated firewall.
[    2.371430] systemd[1]: modprobe@drm.service: Succeeded.
[    2.375409] systemd[1]: Finished Load Kernel Module drm.
[    2.376861] EXT4-fs (sda2): re-mounted. Opts: errors=remount-ro
[    2.381455] systemd[1]: Finished Remount Root and Kernel File Systems.
[    2.383592] systemd[1]: Condition check resulted in Rebuild Hardware Database being skipped.
[    2.383630] systemd[1]: Condition check resulted in Platform Persistent Storage Archival being skipped.
[    2.384459] systemd[1]: Starting Load/Save Random Seed...
[    2.393617] systemd[1]: Starting Create System Users...
[    2.426425] systemd[1]: Finished Load/Save Random Seed.
[    2.429084] systemd[1]: Finished Create System Users.
[    2.430050] systemd[1]: Starting Create Static Device Nodes in /dev...
[    2.452643] lp: driver loaded but no devices found
[    2.459510] ppdev: user-space parallel port driver
[    2.475663] systemd[1]: Finished Create Static Device Nodes in /dev.
[    2.476718] systemd[1]: Starting udev Kernel Device Manager...
[    2.541903] systemd[1]: Finished udev Coldplug all Devices.
[    2.545558] [drm] DMA map mode: Caching DMA mappings.
[    2.545621] [drm] Capabilities:
[    2.545621] [drm]   Rect copy.
[    2.545622] [drm]   Cursor.
[    2.545622] [drm]   Cursor bypass.
[    2.545623] [drm]   Cursor bypass 2.
[    2.545623] [drm]   Alpha cursor.
[    2.545623] [drm]   Extended Fifo.
[    2.545624] [drm]   Pitchlock.
[    2.545624] [drm]   Irq mask.
[    2.545624] [drm]   GMR.
[    2.545625] [drm]   Traces.
[    2.545625] [drm]   GMR2.
[    2.545626] [drm]   Screen Object 2.
[    2.545626] [drm]   Command Buffers.
[    2.545626] [drm]   Command Buffers 2.
[    2.545627] [drm]   Guest Backed Resources.
[    2.545628] [drm] Max GMR ids is 8192
[    2.545629] [drm] Max number of GMR pages is 1048576
[    2.545629] [drm] Max dedicated hypervisor surface memory is 393216 kiB
[    2.545630] [drm] Maximum display memory size is 131072 kiB
[    2.545630] [drm] VRAM at 0xe0000000 size is 131072 kiB
[    2.545631] [drm] MMIO at 0xf0000000 size is 2048 kiB
[    2.561722] [TTM] Zone  kernel: Available graphics memory: 1011738 KiB
[    2.561724] [TTM] Initializing pool allocator
[    2.561729] [TTM] Initializing DMA pool allocator
[    2.561764] [drm] Supports vblank timestamp caching Rev 2 (21.10.2013).
[    2.561765] [drm] No driver support for vblank timestamp query.
[    2.562749] [drm] Screen Target Display device initialized
[    2.563179] [drm] width 720
[    2.563188] [drm] height 400
[    2.563192] [drm] bpp 32
[    2.563737] [drm] Fifo max 0x00200000 min 0x00001000 cap 0x00000355
[    2.565450] [drm] Using command buffers with DMA pool.
[    2.565455] [drm] DX: no.
[    2.565455] [drm] Atomic: yes.
[    2.565456] [drm] SM4_1: no.
[    2.565482] [drm:vmw_host_log [vmwgfx]] *ERROR* Failed to send host log message.
[    2.566416] [drm:vmw_host_log [vmwgfx]] *ERROR* Failed to send host log message.
[    2.587812] fbcon: svgadrmfb (fb0) is primary device
[    2.590412] Console: switching to colour frame buffer device 100x37
[    2.615062] [drm] Initialized vmwgfx 2.15.0 20180704 for 0000:00:02.0 on minor 0
[    2.616874] systemd[1]: Finished Load Kernel Modules.
[    2.618360] systemd[1]: Mounting FUSE Control File System...
[    2.620684] systemd[1]: Mounting Kernel Configuration File System...
[    2.638963] systemd[1]: Starting Apply Kernel Variables...
[    2.655229] systemd[1]: Finished Set the console keyboard layout.
[    2.655362] systemd[1]: Reached target Local File Systems (Pre).
[    2.658873] systemd[1]: Mounting Mount unit for bare, revision 5...
[    2.663204] systemd[1]: Mounting Mount unit for core18, revision 1705...
[    2.686915] systemd[1]: Mounting Mount unit for gnome-3-34-1804, revision 24...
[    2.693759] systemd[1]: Mounting Mount unit for gtk-common-themes, revision 1506...
[    2.701844] systemd[1]: Mounting Mount unit for gtk-common-themes, revision 1535...
[    2.706051] systemd[1]: Mounting Mount unit for snap-store, revision 433...
[    2.722320] systemd[1]: Mounting Mount unit for snapd, revision 25935...
[    2.746620] systemd[1]: Mounted FUSE Control File System.
[    2.746741] systemd[1]: Mounted Kernel Configuration File System.
[    2.749110] systemd[1]: Finished Apply Kernel Variables.
[    2.749239] systemd[1]: Condition check resulted in VMware vmblock fuse mount being skipped.
[    2.768063] systemd[1]: Mounted Mount unit for bare, revision 5.
[    2.768182] systemd[1]: Mounted Mount unit for core18, revision 1705.
[    2.768285] systemd[1]: Mounted Mount unit for gnome-3-34-1804, revision 24.
[    2.768381] systemd[1]: Mounted Mount unit for gtk-common-themes, revision 1506.
[    2.777022] systemd[1]: Started udev Kernel Device Manager.
[    2.777915] systemd[1]: Starting Show Plymouth Boot Screen...
[    2.783943] systemd[1]: Received SIGRTMIN+20 from PID 275 (plymouthd).
[    2.815124] systemd[1]: Started Show Plymouth Boot Screen.
[    2.815402] systemd[1]: Condition check resulted in Dispatch Password Requests to Console Directory Watch being skipped.
[    2.815574] systemd[1]: Started Forward Password Requests to Plymouth Directory Watch.
[    2.815618] systemd[1]: Reached target Local Encrypted Volumes.
[    2.833963] systemd[1]: Mounted Mount unit for snap-store, revision 433.
[    2.847109] systemd[1]: Mounted Mount unit for gtk-common-themes, revision 1535.
[    2.847393] systemd[1]: Mounted Mount unit for snapd, revision 25935.
[    2.847552] systemd[1]: Reached target Local File Systems.
[    2.861268] systemd[1]: Starting Load AppArmor profiles...
[    2.862161] systemd[1]: Starting Set console font and keymap...
[    2.870989] systemd[1]: Starting Tell Plymouth To Write Out Runtime Data...
[    2.875298] systemd[1]: Condition check resulted in Store a System Token in an EFI Variable being skipped.
[    2.875356] systemd[1]: Condition check resulted in Commit a transient machine-id on disk being skipped.
[    2.877724] systemd[1]: Finished Set console font and keymap.
[    2.886839] systemd[1]: Received SIGRTMIN+20 from PID 275 (plymouthd).
[    2.888655] systemd[1]: plymouth-read-write.service: Succeeded.
[    2.888881] systemd[1]: Finished Tell Plymouth To Write Out Runtime Data.
[    2.922295] audit: type=1400 audit(1768831837.764:2): apparmor="STATUS" operation="profile_load" profile="unconfined" name="nvidia_modprobe" pid=300 comm="apparmor_parser"
[    2.922298] audit: type=1400 audit(1768831837.764:3): apparmor="STATUS" operation="profile_load" profile="unconfined" name="nvidia_modprobe//kmod" pid=300 comm="apparmor_parser"
[    2.929032] audit: type=1400 audit(1768831837.772:4): apparmor="STATUS" operation="profile_load" profile="unconfined" name="/usr/sbin/tcpdump" pid=301 comm="apparmor_parser"
[    2.959488] audit: type=1400 audit(1768831837.796:5): apparmor="STATUS" operation="profile_load" profile="unconfined" name="/usr/bin/evince" pid=303 comm="apparmor_parser"
[    2.959490] audit: type=1400 audit(1768831837.796:6): apparmor="STATUS" operation="profile_load" profile="unconfined" name="/usr/bin/evince//sanitized_helper" pid=303 comm="apparmor_parser"
[    2.959492] audit: type=1400 audit(1768831837.796:7): apparmor="STATUS" operation="profile_load" profile="unconfined" name="/usr/bin/evince-previewer" pid=303 comm="apparmor_parser"
[    2.959495] audit: type=1400 audit(1768831837.796:8): apparmor="STATUS" operation="profile_load" profile="unconfined" name="/usr/bin/evince-previewer//sanitized_helper" pid=303 comm="apparmor_parser"
[    2.959497] audit: type=1400 audit(1768831837.796:9): apparmor="STATUS" operation="profile_load" profile="unconfined" name="/usr/bin/evince-thumbnailer" pid=303 comm="apparmor_parser"
[    2.989667] audit: type=1400 audit(1768831837.832:10): apparmor="STATUS" operation="profile_load" profile="unconfined" name="/usr/lib/cups/backend/cups-pdf" pid=304 comm="apparmor_parser"
[    3.072877] systemd[1]: Finished Load AppArmor profiles.
[    3.073832] systemd[1]: Starting Load AppArmor profiles managed internally by snapd...
[    3.184966] systemd[1]: Finished Load AppArmor profiles managed internally by snapd.
[    3.357760] systemd[1]: Started Journal Service.
[    3.366997] systemd-journald[229]: Received client request to flush runtime journal.
[    3.370049] systemd-journald[229]: File /var/log/journal/c455b248004a419c87ce85eea238d727/system.journal corrupted or uncleanly shut down, renaming and replacing.
[    4.676547] RAPL PMU: API unit is 2^-32 Joules, 0 fixed counters, 10737418240 ms ovfl timer
[    4.764926] cryptd: max_cpu_qlen set to 1000
[    4.827679] AVX2 version of gcm_enc/dec engaged.
[    4.827680] AES CTR mode by8 optimization enabled
[    6.663864] Adding 1998844k swap on /dev/sda1.  Priority:-2 extents:1 across:1998844k FS
[    8.316020] kauditd_printk_skb: 30 callbacks suppressed
[    8.316022] audit: type=1400 audit(1768831843.156:41): apparmor="DENIED" operation="capable" profile="/usr/sbin/cups-browsed" pid=507 comm="cups-browsed" capability=23  capname="sys_nice"
[    9.157065] pcnet32 0000:00:03.0 enp0s3: link up, 100Mbps, full-duplex
[    9.201310] e1000: enp0s8 NIC Link is Up 1000 Mbps Full Duplex, Flow Control: RX
[    9.201611] IPv6: ADDRCONF(NETDEV_CHANGE): enp0s8: link becomes ready
[    9.225732] e1000: enp0s9 NIC Link is Up 1000 Mbps Full Duplex, Flow Control: RX
[    9.226027] IPv6: ADDRCONF(NETDEV_CHANGE): enp0s9: link becomes ready
[    9.868279] device enp0s3 entered promiscuous mode
[    9.889294] audit: type=1400 audit(1768831844.732:42): apparmor="DENIED" operation="open" profile="/usr/sbin/tcpdump" name="/proc/sys/kernel/random/boot_id" pid=663 comm="tcpdump" requested_mask="r" denied_mask="r" fsuid=0 ouid=0
[    9.895830] audit: type=1400 audit(1768831844.736:43): apparmor="DENIED" operation="open" profile="/usr/sbin/tcpdump" name="/proc/sys/kernel/random/boot_id" pid=663 comm="tcpdump" requested_mask="r" denied_mask="r" fsuid=0 ouid=0
[    9.895887] audit: type=1400 audit(1768831844.736:44): apparmor="DENIED" operation="open" profile="/usr/sbin/tcpdump" name="/proc/sys/kernel/random/boot_id" pid=663 comm="tcpdump" requested_mask="r" denied_mask="r" fsuid=0 ouid=0
[    9.895998] audit: type=1400 audit(1768831844.736:45): apparmor="DENIED" operation="open" profile="/usr/sbin/tcpdump" name="/proc/sys/kernel/random/boot_id" pid=663 comm="tcpdump" requested_mask="r" denied_mask="r" fsuid=0 ouid=0
[    9.910871] audit: type=1400 audit(1768831844.756:46): apparmor="DENIED" operation="open" profile="/usr/sbin/tcpdump" name="/proc/sys/kernel/random/boot_id" pid=664 comm="tcpdump" requested_mask="r" denied_mask="r" fsuid=0 ouid=0
[    9.912148] audit: type=1400 audit(1768831844.756:47): apparmor="DENIED" operation="open" profile="/usr/sbin/tcpdump" name="/proc/sys/kernel/random/boot_id" pid=664 comm="tcpdump" requested_mask="r" denied_mask="r" fsuid=0 ouid=0
[    9.912192] audit: type=1400 audit(1768831844.756:48): apparmor="DENIED" operation="open" profile="/usr/sbin/tcpdump" name="/proc/sys/kernel/random/boot_id" pid=664 comm="tcpdump" requested_mask="r" denied_mask="r" fsuid=0 ouid=0
[    9.912256] audit: type=1400 audit(1768831844.756:49): apparmor="DENIED" operation="open" profile="/usr/sbin/tcpdump" name="/proc/sys/kernel/random/boot_id" pid=664 comm="tcpdump" requested_mask="r" denied_mask="r" fsuid=0 ouid=0
[   15.623244] rfkill: input handler disabled
[  200.636964] AAAAA-TCP_FORW: name:enp0s3: saddr:16783984: daddr:100932208
[  200.848901] AAAAA-TCP_FORW: name:enp0s3: saddr:16783984: daddr:100932208
[  201.008352] AAAAA-TCP_FORW: name:enp0s3: saddr:16783984: daddr:100932208
[  201.139810] AAAAA-TCP_FORW: name:enp0s3: saddr:16783984: daddr:100932208
[  201.447961] AAAAA-TCP_FORW: name:enp0s3: saddr:16783984: daddr:100932208
[  201.566220] AAAAA-TCP_FORW: name:enp0s3: saddr:16783984: daddr:100932208
[  201.784242] AAAAA-TCP_FORW: name:enp0s3: saddr:16783984: daddr:100932208
[  201.911298] AAAAA-TCP_FORW: name:enp0s3: saddr:16783984: daddr:100932208
[  202.106836] AAAAA-TCP_FORW: name:enp0s3: saddr:16783984: daddr:100932208
[  202.241138] AAAAA-TCP_FORW: name:enp0s3: saddr:16783984: daddr:100932208
[  202.442013] AAAAA-TCP_FORW: name:enp0s3: saddr:16783984: daddr:100932208
[  202.667953] AAAAA-TCP_FORW: name:enp0s3: saddr:16783984: daddr:100932208
[  202.949960] AAAAA-TCP_FORW: name:enp0s3: saddr:16783984: daddr:100932208
[  203.086404] AAAAA-TCP_FORW: name:enp0s3: saddr:16783984: daddr:100932208
[  203.154200] AAAAA-TCP_FORW: name:enp0s3: saddr:16783984: daddr:100932208
[  203.246917] AAAAA-TCP_FORW: name:enp0s3: saddr:16783984: daddr:100932208
[  203.319419] AAAAA-TCP_FORW: name:enp0s3: saddr:16783984: daddr:100932208
[  203.398889] AAAAA-TCP_FORW: name:enp0s3: saddr:16783984: daddr:100932208
[  203.635190] AAAAA-TCP_FORW: name:enp0s3: saddr:16783984: daddr:100932208
[  203.905246] AAAAA-TCP_FORW: name:enp0s3: saddr:16783984: daddr:100932208
[  204.179620] AAAAA-TCP_FORW: name:enp0s3: saddr:16783984: daddr:100932208
[  204.261477] AAAAA-TCP_FORW: name:enp0s3: saddr:16783984: daddr:100932208
[  204.395316] AAAAA-TCP_FORW: name:enp0s3: saddr:16783984: daddr:100932208
[  204.541968] AAAAA-TCP_FORW: name:enp0s3: saddr:16783984: daddr:100932208
[  264.280039] AAAAA-TCP_FORW: name:enp0s3: saddr:100932208: daddr:16783984
[  506.892386] rfkill: input handler enabled
[  516.158762] rfkill: input handler disabled
[  706.153140] device enp0s3 left promiscuous mode
