[    0.000000] Linux version 5.4.243-dmptcp (root@ztg) (gcc version 12.2.0 (Debian 12.2.0-14+deb12u1)) #119 SMP Wed Dec 24 23:52:51 CST 2025
[    0.000000] Command line: BOOT_IMAGE=/boot/vmlinuz-5.4.243-dmptcp root=UUID=98415a12-53b7-4144-8265-0f7ece09e445 ro quiet splash
[    0.000000] KERNEL supported cpus:
[    0.000000]   Intel GenuineIntel
[    0.000000]   AMD AuthenticAMD
[    0.000000]   Hygon HygonGenuine
[    0.000000]   Centaur CentaurHauls
[    0.000000]   zhaoxin   Shanghai  
[    0.000000] x86/fpu: Supporting XSAVE feature 0x001: 'x87 floating point registers'
[    0.000000] x86/fpu: Supporting XSAVE feature 0x002: 'SSE registers'
[    0.000000] x86/fpu: Supporting XSAVE feature 0x004: 'AVX registers'
[    0.000000] x86/fpu: xstate_offset[2]:  576, xstate_sizes[2]:  256
[    0.000000] x86/fpu: Enabled xstate features 0x7, context size is 832 bytes, using 'standard' format.
[    0.000000] BIOS-provided physical RAM map:
[    0.000000] BIOS-e820: [mem 0x0000000000000000-0x000000000009fbff] usable
[    0.000000] BIOS-e820: [mem 0x000000000009fc00-0x000000000009ffff] reserved
[    0.000000] BIOS-e820: [mem 0x00000000000f0000-0x00000000000fffff] reserved
[    0.000000] BIOS-e820: [mem 0x0000000000100000-0x000000007ffeffff] usable
[    0.000000] BIOS-e820: [mem 0x000000007fff0000-0x000000007fffffff] ACPI data
[    0.000000] BIOS-e820: [mem 0x00000000fec00000-0x00000000fec00fff] reserved
[    0.000000] BIOS-e820: [mem 0x00000000fee00000-0x00000000fee00fff] reserved
[    0.000000] BIOS-e820: [mem 0x00000000fffc0000-0x00000000ffffffff] reserved
[    0.000000] NX (Execute Disable) protection: active
[    0.000000] SMBIOS 2.5 present.
[    0.000000] DMI: innotek GmbH VirtualBox/VirtualBox, BIOS VirtualBox 12/01/2006
[    0.000000] Hypervisor detected: KVM
[    0.000000] kvm-clock: Using msrs 4b564d01 and 4b564d00
[    0.000000] kvm-clock: cpu 0, msr c801001, primary cpu clock
[    0.000000] kvm-clock: using sched offset of 4436046551 cycles
[    0.000002] clocksource: kvm-clock: mask: 0xffffffffffffffff max_cycles: 0x1cd42e4dffb, max_idle_ns: 881590591483 ns
[    0.000005] tsc: Detected 2100.000 MHz processor
[    0.001898] e820: update [mem 0x00000000-0x00000fff] usable ==> reserved
[    0.001900] e820: remove [mem 0x000a0000-0x000fffff] usable
[    0.001904] last_pfn = 0x7fff0 max_arch_pfn = 0x400000000
[    0.001972] MTRR default type: uncachable
[    0.001973] MTRR fixed ranges enabled:
[    0.001974]   00000-9FFFF write-back
[    0.001975]   A0000-BFFFF uncachable
[    0.001976]   C0000-FFFFF write-protect
[    0.001976] MTRR variable ranges enabled:
[    0.001978]   0 base 000000000000 mask 3FFF80000000 write-back
[    0.001979]   1 disabled
[    0.001979]   2 disabled
[    0.001979]   3 disabled
[    0.001980]   4 disabled
[    0.001980]   5 disabled
[    0.001981]   6 disabled
[    0.001981]   7 disabled
[    0.001981]   8 disabled
[    0.001982]   9 disabled
[    0.001982]   10 disabled
[    0.001983]   11 disabled
[    0.001983]   12 disabled
[    0.001984]   13 disabled
[    0.001984]   14 disabled
[    0.001984]   15 disabled
[    0.002000] x86/PAT: Configuration [0-7]: WB  WC  UC- UC  WB  WP  UC- WT  
[    0.002133] found SMP MP-table at [mem 0x0009fff0-0x0009ffff]
[    0.093348] check: Scanning 1 areas for low memory corruption
[    0.093496] RAMDISK: [mem 0x32271000-0x3512ffff]
[    0.093504] ACPI: Early table checksum verification disabled
[    0.093510] ACPI: RSDP 0x00000000000E0000 000024 (v02 VBOX  )
[    0.093515] ACPI: XSDT 0x000000007FFF0030 00003C (v01 VBOX   VBOXXSDT 00000001 ASL  00000061)
[    0.093521] ACPI: FACP 0x000000007FFF00F0 0000F4 (v04 VBOX   VBOXFACP 00000001 ASL  00000061)
[    0.093527] ACPI: DSDT 0x000000007FFF02E0 002353 (v02 VBOX   VBOXBIOS 00000002 VBOX 00029BF3)
[    0.093531] ACPI: FACS 0x000000007FFF0200 000040
[    0.093534] ACPI: FACS 0x000000007FFF0200 000040
[    0.093538] ACPI: APIC 0x000000007FFF0240 000054 (v02 VBOX   VBOXAPIC 00000001 ASL  00000061)
[    0.093541] ACPI: SSDT 0x000000007FFF02A0 000038 (v01 VBOX   VBOXCPUT 00000002 VBOX 00029BF3)
[    0.093544] ACPI: Reserving FACP table memory at [mem 0x7fff00f0-0x7fff01e3]
[    0.093545] ACPI: Reserving DSDT table memory at [mem 0x7fff02e0-0x7fff2632]
[    0.093546] ACPI: Reserving FACS table memory at [mem 0x7fff0200-0x7fff023f]
[    0.093547] ACPI: Reserving FACS table memory at [mem 0x7fff0200-0x7fff023f]
[    0.093547] ACPI: Reserving APIC table memory at [mem 0x7fff0240-0x7fff0293]
[    0.093548] ACPI: Reserving SSDT table memory at [mem 0x7fff02a0-0x7fff02d7]
[    0.093564] ACPI: Local APIC address 0xfee00000
[    0.093750] No NUMA configuration found
[    0.093752] Faking a node at [mem 0x0000000000000000-0x000000007ffeffff]
[    0.093762] NODE_DATA(0) allocated [mem 0x7ffc5000-0x7ffeffff]
[    0.094688] Zone ranges:
[    0.094690]   DMA      [mem 0x0000000000001000-0x0000000000ffffff]
[    0.094691]   DMA32    [mem 0x0000000001000000-0x000000007ffeffff]
[    0.094692]   Normal   empty
[    0.094693]   Device   empty
[    0.094693] Movable zone start for each node
[    0.094695] Early memory node ranges
[    0.094696]   node   0: [mem 0x0000000000001000-0x000000000009efff]
[    0.094697]   node   0: [mem 0x0000000000100000-0x000000007ffeffff]
[    0.095345] Zeroed struct page in unavailable ranges: 114 pages
[    0.095347] Initmem setup node 0 [mem 0x0000000000001000-0x000000007ffeffff]
[    0.095348] On node 0 totalpages: 524174
[    0.095350]   DMA zone: 64 pages used for memmap
[    0.095351]   DMA zone: 21 pages reserved
[    0.095352]   DMA zone: 3998 pages, LIFO batch:0
[    0.095426]   DMA32 zone: 8128 pages used for memmap
[    0.095427]   DMA32 zone: 520176 pages, LIFO batch:63
[    0.104325] ACPI: PM-Timer IO Port: 0x4008
[    0.104328] ACPI: Local APIC address 0xfee00000
[    0.104398] IOAPIC[0]: apic_id 1, version 32, address 0xfec00000, GSI 0-23
[    0.104402] ACPI: INT_SRC_OVR (bus 0 bus_irq 0 global_irq 2 dfl dfl)
[    0.104404] ACPI: INT_SRC_OVR (bus 0 bus_irq 9 global_irq 9 low level)
[    0.104406] ACPI: IRQ0 used by override.
[    0.104407] ACPI: IRQ9 used by override.
[    0.104409] Using ACPI (MADT) for SMP configuration information
[    0.104417] smpboot: Allowing 1 CPUs, 0 hotplug CPUs
[    0.104447] PM: Registered nosave memory: [mem 0x00000000-0x00000fff]
[    0.104449] PM: Registered nosave memory: [mem 0x0009f000-0x0009ffff]
[    0.104449] PM: Registered nosave memory: [mem 0x000a0000-0x000effff]
[    0.104450] PM: Registered nosave memory: [mem 0x000f0000-0x000fffff]
[    0.104452] [mem 0x80000000-0xfebfffff] available for PCI devices
[    0.104453] Booting paravirtualized kernel on KVM
[    0.104456] clocksource: refined-jiffies: mask: 0xffffffff max_cycles: 0xffffffff, max_idle_ns: 7645519600211568 ns
[    0.104461] setup_percpu: NR_CPUS:8192 nr_cpumask_bits:1 nr_cpu_ids:1 nr_node_ids:1
[    0.105412] percpu: Embedded 60 pages/cpu s208896 r8192 d28672 u2097152
[    0.105416] pcpu-alloc: s208896 r8192 d28672 u2097152 alloc=1*2097152
[    0.105417] pcpu-alloc: [0] 0 
[    0.105445] Built 1 zonelists, mobility grouping on.  Total pages: 515961
[    0.105446] Policy zone: DMA32
[    0.105447] Kernel command line: BOOT_IMAGE=/boot/vmlinuz-5.4.243-dmptcp root=UUID=98415a12-53b7-4144-8265-0f7ece09e445 ro quiet splash
[    0.106267] Dentry cache hash table entries: 262144 (order: 9, 2097152 bytes, linear)
[    0.106413] Inode-cache hash table entries: 131072 (order: 8, 1048576 bytes, linear)
[    0.106465] mem auto-init: stack:off, heap alloc:on, heap free:off
[    0.106468] Calgary: detecting Calgary via BIOS EBDA area
[    0.106469] Calgary: Unable to locate Rio Grande table in EBDA - bailing!
[    0.110512] Memory: 1967332K/2096696K available (14339K kernel code, 2399K rwdata, 4716K rodata, 2728K init, 17260K bss, 129364K reserved, 0K cma-reserved)
[    0.111433] SLUB: HWalign=64, Order=0-3, MinObjects=0, CPUs=1, Nodes=1
[    0.111450] ftrace: allocating 43203 entries in 169 pages
[    0.129560] rcu: Hierarchical RCU implementation.
[    0.129562] rcu: 	RCU restricting CPUs from NR_CPUS=8192 to nr_cpu_ids=1.
[    0.129563] 	Tasks RCU enabled.
[    0.129564] rcu: RCU calculated value of scheduler-enlistment delay is 25 jiffies.
[    0.129564] rcu: Adjusting geometry for rcu_fanout_leaf=16, nr_cpu_ids=1
[    0.132529] NR_IRQS: 524544, nr_irqs: 256, preallocated irqs: 16
[    0.132746] random: crng init done
[    0.142011] Console: colour VGA+ 80x25
[    0.142015] printk: console [tty0] enabled
[    0.142037] ACPI: Core revision 20190816
[    0.142131] APIC: Switch to symmetric I/O mode setup
[    0.142377] x2apic enabled
[    0.142614] Switched APIC routing to physical x2apic.
[    0.143741] ..TIMER: vector=0x30 apic1=0 pin1=2 apic2=-1 pin2=-1
[    0.143766] clocksource: tsc-early: mask: 0xffffffffffffffff max_cycles: 0x1e4530a99b6, max_idle_ns: 440795257976 ns
[    0.143771] Calibrating delay loop (skipped) preset value.. 4200.00 BogoMIPS (lpj=8400000)
[    0.143773] pid_max: default: 32768 minimum: 301
[    0.143800] LSM: Security Framework initializing
[    0.143809] Yama: becoming mindful.
[    0.143836] AppArmor: AppArmor initialized
[    0.143870] Mount-cache hash table entries: 4096 (order: 3, 32768 bytes, linear)
[    0.143875] Mountpoint-cache hash table entries: 4096 (order: 3, 32768 bytes, linear)
[    0.143885] *** VALIDATE tmpfs ***
[    0.144012] *** VALIDATE proc ***
[    0.144052] *** VALIDATE cgroup1 ***
[    0.144054] *** VALIDATE cgroup2 ***
[    0.144195] process: using mwait in idle threads
[    0.144199] Last level iTLB entries: 4KB 64, 2MB 8, 4MB 8
[    0.144200] Last level dTLB entries: 4KB 64, 2MB 0, 4MB 0, 1GB 4
[    0.144221] Spectre V1 : Mitigation: usercopy/swapgs barriers and __user pointer sanitization
[    0.144226] Spectre V2 : Mitigation: Retpolines
[    0.144227] Spectre V2 : Spectre v2 / SpectreRSB mitigation: Filling RSB on context switch
[    0.144227] Spectre V2 : Spectre v2 / SpectreRSB : Filling RSB on VMEXIT
[    0.144228] RETBleed: WARNING: Spectre v2 mitigation leaves CPU vulnerable to RETBleed attacks, data leaks possible!
[    0.144588] RETBleed: Vulnerable
[    0.144589] Speculative Store Bypass: Vulnerable
[    0.144593] TAA: Mitigation: TSX disabled
[    0.144594] MMIO Stale Data: Mitigation: Clear CPU buffers
[    0.148827] Freeing SMP alternatives memory: 40K
[    0.261603] smpboot: CPU0: Intel(R) Xeon(R) Silver 4216 CPU @ 2.10GHz (family: 0x6, model: 0x55, stepping: 0x7)
[    0.261748] Performance Events: unsupported p6 CPU model 85 no PMU driver, software events only.
[    0.261789] rcu: Hierarchical SRCU implementation.
[    0.262309] NMI watchdog: Perf NMI watchdog permanently disabled
[    0.262348] smp: Bringing up secondary CPUs ...
[    0.262349] smp: Brought up 1 node, 1 CPU
[    0.262350] smpboot: Max logical packages: 1
[    0.262351] smpboot: Total of 1 processors activated (4200.00 BogoMIPS)
[    0.263378] devtmpfs: initialized
[    0.263426] x86/mm: Memory block size: 128MB
[    0.263768] clocksource: jiffies: mask: 0xffffffff max_cycles: 0xffffffff, max_idle_ns: 7645041785100000 ns
[    0.263768] futex hash table entries: 256 (order: 2, 16384 bytes, linear)
[    0.263768] pinctrl core: initialized pinctrl subsystem
[    0.263768] PM: RTC time: 11:25:49, date: 2026-01-11
[    0.263768] NET: Registered protocol family 16
[    0.263768] audit: initializing netlink subsys (disabled)
[    0.263768] EISA bus registered
[    0.263768] cpuidle: using governor ladder
[    0.263768] cpuidle: using governor menu
[    0.263768] ACPI: bus type PCI registered
[    0.263768] acpiphp: ACPI Hot Plug PCI Controller Driver version: 0.5
[    0.263768] PCI: Using configuration type 1 for base access
[    0.264463] audit: type=2000 audit(1768101955.979:1): state=initialized audit_enabled=0 res=1
[    0.264561] HugeTLB registered 2.00 MiB page size, pre-allocated 0 pages
[    0.265497] ACPI: Added _OSI(Module Device)
[    0.265497] ACPI: Added _OSI(Processor Device)
[    0.265498] ACPI: Added _OSI(3.0 _SCP Extensions)
[    0.265499] ACPI: Added _OSI(Processor Aggregator Device)
[    0.265500] ACPI: Added _OSI(Linux-Dell-Video)
[    0.265501] ACPI: Added _OSI(Linux-Lenovo-NV-HDMI-Audio)
[    0.265501] ACPI: Added _OSI(Linux-HPI-Hybrid-Graphics)
[    0.267620] ACPI: 2 ACPI AML tables successfully acquired and loaded
[    0.269278] ACPI: Interpreter enabled
[    0.269288] ACPI: (supports S0 S5)
[    0.269289] ACPI: Using IOAPIC for interrupt routing
[    0.269519] PCI: Using host bridge windows from ACPI; if necessary, use "pci=nocrs" and report a bug
[    0.269636] ACPI: Enabled 2 GPEs in block 00 to 07
[    0.275037] ACPI: PCI Root Bridge [PCI0] (domain 0000 [bus 00-ff])
[    0.275044] acpi PNP0A03:00: _OSC: OS supports [ASPM ClockPM Segments MSI HPX-Type3]
[    0.275524] acpi PNP0A03:00: _OSC: not requesting OS control; OS requires [ExtendedConfig ASPM ClockPM MSI]
[    0.275533] acpi PNP0A03:00: fail to add MMCONFIG information, can't access extended PCI configuration space under this bridge.
[    0.275963] PCI host bridge to bus 0000:00
[    0.275965] pci_bus 0000:00: root bus resource [io  0x0000-0x0cf7 window]
[    0.275967] pci_bus 0000:00: root bus resource [io  0x0d00-0xffff window]
[    0.275968] pci_bus 0000:00: root bus resource [mem 0x000a0000-0x000bffff window]
[    0.275969] pci_bus 0000:00: root bus resource [mem 0x80000000-0xfdffffff window]
[    0.275970] pci_bus 0000:00: root bus resource [bus 00-ff]
[    0.276015] pci 0000:00:00.0: [8086:1237] type 00 class 0x060000
[    0.276968] pci 0000:00:01.0: [8086:7000] type 00 class 0x060100
[    0.277704] pci 0000:00:01.1: [8086:7111] type 00 class 0x01018a
[    0.278077] pci 0000:00:01.1: reg 0x20: [io  0xd000-0xd00f]
[    0.278231] pci 0000:00:01.1: legacy IDE quirk: reg 0x10: [io  0x01f0-0x01f7]
[    0.278232] pci 0000:00:01.1: legacy IDE quirk: reg 0x14: [io  0x03f6]
[    0.278233] pci 0000:00:01.1: legacy IDE quirk: reg 0x18: [io  0x0170-0x0177]
[    0.278234] pci 0000:00:01.1: legacy IDE quirk: reg 0x1c: [io  0x0376]
[    0.278771] pci 0000:00:02.0: [15ad:0405] type 00 class 0x030000
[    0.281676] pci 0000:00:02.0: reg 0x10: [io  0xd010-0xd01f]
[    0.283815] pci 0000:00:02.0: reg 0x14: [mem 0xe0000000-0xe7ffffff pref]
[    0.287814] pci 0000:00:02.0: reg 0x18: [mem 0xf0000000-0xf01fffff]
[    0.296579] pci 0000:00:03.0: [1022:2000] type 00 class 0x020000
[    0.297274] pci 0000:00:03.0: reg 0x10: [io  0xd020-0xd03f]
[    0.299914] pci 0000:00:03.0: reg 0x14: [mem 0xf0200000-0xf0200fff]
[    0.303442] pci 0000:00:04.0: [80ee:cafe] type 00 class 0x088000
[    0.303881] pci 0000:00:04.0: reg 0x10: [io  0xd040-0xd05f]
[    0.304499] pci 0000:00:04.0: reg 0x14: [mem 0xf0400000-0xf07fffff]
[    0.305108] pci 0000:00:04.0: reg 0x18: [mem 0xf0800000-0xf0803fff pref]
[    0.308448] pci 0000:00:07.0: [8086:7113] type 00 class 0x068000
[    0.308999] pci 0000:00:07.0: quirk: [io  0x4000-0x403f] claimed by PIIX4 ACPI
[    0.309010] pci 0000:00:07.0: quirk: [io  0x4100-0x410f] claimed by PIIX4 SMB
[    0.309621] pci 0000:00:08.0: [8086:100e] type 00 class 0x020000
[    0.310322] pci 0000:00:08.0: reg 0x10: [mem 0xf0820000-0xf083ffff]
[    0.311880] pci 0000:00:08.0: reg 0x18: [io  0xd060-0xd067]
[    0.315085] pci 0000:00:09.0: [8086:100e] type 00 class 0x020000
[    0.315768] pci 0000:00:09.0: reg 0x10: [mem 0xf0840000-0xf085ffff]
[    0.316458] pci 0000:00:09.0: reg 0x18: [io  0xd068-0xd06f]
[    0.328117] ACPI: PCI Interrupt Link [LNKA] (IRQs 5 9 10 *11)
[    0.328401] ACPI: PCI Interrupt Link [LNKB] (IRQs 5 9 *10 11)
[    0.328501] ACPI: PCI Interrupt Link [LNKC] (IRQs 5 *9 10 11)
[    0.328605] ACPI: PCI Interrupt Link [LNKD] (IRQs 5 9 10 *11)
[    0.328874] iommu: Default domain type: Translated 
[    0.328930] pci 0000:00:02.0: vgaarb: setting as boot VGA device
[    0.328932] pci 0000:00:02.0: vgaarb: VGA device added: decodes=io+mem,owns=io+mem,locks=none
[    0.328934] pci 0000:00:02.0: vgaarb: bridge control possible
[    0.328935] vgaarb: loaded
[    0.329162] SCSI subsystem initialized
[    0.329193] libata version 3.00 loaded.
[    0.329221] ACPI: bus type USB registered
[    0.329234] usbcore: registered new interface driver usbfs
[    0.329242] usbcore: registered new interface driver hub
[    0.329247] usbcore: registered new device driver usb
[    0.329275] pps_core: LinuxPPS API ver. 1 registered
[    0.329275] pps_core: Software ver. 5.3.6 - Copyright 2005-2007 Rodolfo Giometti <giometti@linux.it>
[    0.329281] PTP clock support registered
[    0.329317] EDAC MC: Ver: 3.0.0
[    0.329599] PCI: Using ACPI for IRQ routing
[    0.329600] PCI: pci_cache_line_size set to 64 bytes
[    0.329768] e820: reserve RAM buffer [mem 0x0009fc00-0x0009ffff]
[    0.329772] e820: reserve RAM buffer [mem 0x7fff0000-0x7fffffff]
[    0.330553] NetLabel: Initializing
[    0.330553] NetLabel:  domain hash size = 128
[    0.330554] NetLabel:  protocols = UNLABELED CIPSOv4 CALIPSO
[    0.330573] NetLabel:  unlabeled traffic allowed by default
[    0.331480] clocksource: Switched to clocksource kvm-clock
[    0.339816] *** VALIDATE bpf ***
[    0.339816] VFS: Disk quotas dquot_6.6.0
[    0.339816] VFS: Dquot-cache hash table entries: 512 (order 0, 4096 bytes)
[    0.339816] *** VALIDATE ramfs ***
[    0.339816] *** VALIDATE hugetlbfs ***
[    0.339816] AppArmor: AppArmor Filesystem Enabled
[    0.339816] pnp: PnP ACPI init
[    0.339816] pnp 00:00: Plug and Play ACPI device, IDs PNP0303 (active)
[    0.342494] pnp 00:01: Plug and Play ACPI device, IDs PNP0f03 (active)
[    0.343291] pnp: PnP ACPI: found 2 devices
[    0.344237] thermal_sys: Registered thermal governor 'fair_share'
[    0.344238] thermal_sys: Registered thermal governor 'bang_bang'
[    0.344238] thermal_sys: Registered thermal governor 'step_wise'
[    0.344239] thermal_sys: Registered thermal governor 'user_space'
[    0.344240] thermal_sys: Registered thermal governor 'power_allocator'
[    0.348773] clocksource: acpi_pm: mask: 0xffffff max_cycles: 0xffffff, max_idle_ns: 2085701024 ns
[    0.348813] pci_bus 0000:00: resource 4 [io  0x0000-0x0cf7 window]
[    0.348815] pci_bus 0000:00: resource 5 [io  0x0d00-0xffff window]
[    0.348816] pci_bus 0000:00: resource 6 [mem 0x000a0000-0x000bffff window]
[    0.348817] pci_bus 0000:00: resource 7 [mem 0x80000000-0xfdffffff window]
[    0.348875] NET: Registered protocol family 2
[    0.348951] IP idents hash table entries: 32768 (order: 6, 262144 bytes, linear)
[    0.349374] MPTCP tokens hash table entries: 8192 (order: 4, 65536 bytes, linear)
[    0.349397] MPTCP request tokens hash table entries: 8192 (order: 4, 65536 bytes, linear)
[    0.349422] default registered
[    0.349423] default registered
[    0.349423] MPTCP: Stable release v0.96
[    0.349428] tcp_listen_portaddr_hash hash table entries: 1024 (order: 2, 16384 bytes, linear)
[    0.349505] TCP established hash table entries: 16384 (order: 5, 131072 bytes, linear)
[    0.349570] TCP bind hash table entries: 16384 (order: 6, 262144 bytes, linear)
[    0.349595] TCP: Hash tables configured (established 16384 bind 16384)
[    0.350297] UDP hash table entries: 1024 (order: 3, 32768 bytes, linear)
[    0.350309] UDP-Lite hash table entries: 1024 (order: 3, 32768 bytes, linear)
[    0.350345] NET: Registered protocol family 1
[    0.350353] NET: Registered protocol family 44
[    0.350375] pci 0000:00:00.0: Limiting direct PCI/PCI transfers
[    0.350387] pci 0000:00:01.0: Activating ISA DMA hang workarounds
[    0.350443] pci 0000:00:02.0: Video device with shadowed ROM at [mem 0x000c0000-0x000dffff]
[    0.350506] PCI: CLS 0 bytes, default 64
[    0.350554] Trying to unpack rootfs image as initramfs...
[    0.519211] Freeing initrd memory: 47868K
[    0.519211] clocksource: tsc: mask: 0xffffffffffffffff max_cycles: 0x1e4530a99b6, max_idle_ns: 440795257976 ns
[    0.519211] clocksource: Switched to clocksource tsc
[    0.519211] platform rtc_cmos: registered platform RTC device (no PNP device found)
[    0.519211] check: Scanning for low memory corruption every 60 seconds
[    0.519211] Initialise system trusted keyrings
[    0.519211] Key type blacklist registered
[    0.519211] workingset: timestamp_bits=36 max_order=19 bucket_order=0
[    0.519211] zbud: loaded
[    0.519211] squashfs: version 4.0 (2009/01/31) Phillip Lougher
[    0.519211] fuse: init (API version 7.31)
[    0.519211] *** VALIDATE fuse ***
[    0.519211] *** VALIDATE fuse ***
[    0.519211] Platform Keyring initialized
[    0.519211] Key type asymmetric registered
[    0.519211] Asymmetric key parser 'x509' registered
[    0.519211] Block layer SCSI generic (bsg) driver version 0.4 loaded (major 244)
[    0.519211] io scheduler mq-deadline registered
[    0.519211] shpchp: Standard Hot Plug PCI Controller Driver version: 0.4
[    0.533100] ACPI: AC Adapter [AC] (on-line)
[    0.533147] input: Power Button as /devices/LNXSYSTM:00/LNXPWRBN:00/input/input0
[    0.533172] ACPI: Power Button [PWRF]
[    0.533248] input: Sleep Button as /devices/LNXSYSTM:00/LNXSLPBN:00/input/input1
[    0.533262] ACPI: Sleep Button [SLPF]
[    0.533494] Serial: 8250/16550 driver, 32 ports, IRQ sharing enabled
[    0.534637] Linux agpgart interface v0.103
[    0.623060] loop: module loaded
[    0.623209] ata_piix 0000:00:01.1: version 2.13
[    0.623614] scsi host0: ata_piix
[    0.623703] scsi host1: ata_piix
[    0.623729] ata1: PATA max UDMA/33 cmd 0x1f0 ctl 0x3f6 bmdma 0xd000 irq 14
[    0.623730] ata2: PATA max UDMA/33 cmd 0x170 ctl 0x376 bmdma 0xd008 irq 15
[    0.623810] tun: Universal TUN/TAP device driver, 1.6
[    0.624115] PPP generic driver version 2.4.2
[    0.624161] VFIO - User Level meta-driver version: 0.3
[    0.624398] ehci_hcd: USB 2.0 'Enhanced' Host Controller (EHCI) Driver
[    0.624401] ehci-pci: EHCI PCI platform driver
[    0.624415] ehci-platform: EHCI generic platform driver
[    0.624421] ohci_hcd: USB 1.1 'Open' Host Controller (OHCI) Driver
[    0.624423] ohci-pci: OHCI PCI platform driver
[    0.624428] ohci-platform: OHCI generic platform driver
[    0.624433] uhci_hcd: USB Universal Host Controller Interface driver
[    0.624498] i8042: PNP: PS/2 Controller [PNP0303:PS2K,PNP0f03:PS2M] at 0x60,0x64 irq 1,12
[    0.624931] serio: i8042 KBD port at 0x60,0x64 irq 1
[    0.624935] serio: i8042 AUX port at 0x60,0x64 irq 12
[    0.625020] mousedev: PS/2 mouse device common for all mice
[    0.625271] input: AT Translated Set 2 keyboard as /devices/platform/i8042/serio0/input/input2
[    0.625687] rtc_cmos rtc_cmos: registered as rtc0
[    0.625699] rtc_cmos rtc_cmos: alarms up to one day, 114 bytes nvram
[    0.625704] i2c /dev entries driver
[    0.625750] device-mapper: uevent: version 1.0.3
[    0.625793] device-mapper: ioctl: 4.41.0-ioctl (2019-09-16) initialised: dm-devel@redhat.com
[    0.625814] platform eisa.0: Probing EISA bus 0
[    0.625815] platform eisa.0: EISA: Cannot allocate resource for mainboard
[    0.625817] platform eisa.0: Cannot allocate resource for EISA slot 1
[    0.625818] platform eisa.0: Cannot allocate resource for EISA slot 2
[    0.625819] platform eisa.0: Cannot allocate resource for EISA slot 3
[    0.625819] platform eisa.0: Cannot allocate resource for EISA slot 4
[    0.625820] platform eisa.0: Cannot allocate resource for EISA slot 5
[    0.625821] platform eisa.0: Cannot allocate resource for EISA slot 6
[    0.625822] platform eisa.0: Cannot allocate resource for EISA slot 7
[    0.625823] platform eisa.0: Cannot allocate resource for EISA slot 8
[    0.625824] platform eisa.0: EISA: Detected 0 cards
[    0.625827] intel_pstate: CPU model not supported
[    0.625838] ledtrig-cpu: registered to indicate activity on CPUs
[    0.625890] drop_monitor: Initializing network drop monitor service
[    0.626048] NET: Registered protocol family 10
[    0.631139] Segment Routing with IPv6
[    0.631172] fullmesh registered
[    0.631172] ndiffports registered
[    0.631174] binder registered
[    0.631175] roundrobin registered
[    0.631176] mps registered
[    0.631176] redundant registered
[    0.631177] blest registered
[    0.631177] ecf registered
[    0.631179] NET: Registered protocol family 17
[    0.631208] Key type dns_resolver registered
[    0.631208] RAS: Correctable Errors collector initialized.
[    0.631208] IPI shorthand broadcast: enabled
[    0.631208] sched_clock: Marking stable (616176552, 11031470)->(630312755, -3104733)
[    0.631389] registered taskstats version 1
[    0.631398] Loading compiled-in X.509 certificates
[    0.631981] Loaded X.509 cert 'Build time autogenerated kernel key: 6909f3744cebb3d0de528d5887b96a727de79b1e'
[    0.631998] zswap: loaded using pool lzo/zbud
[    0.632050] Key type ._fscrypt registered
[    0.632051] Key type .fscrypt registered
[    0.636505] Key type big_key registered
[    0.638728] Key type encrypted registered
[    0.638730] AppArmor: AppArmor sha1 policy hashing enabled
[    0.638737] ima: No TPM chip found, activating TPM-bypass!
[    0.638741] ima: Allocated hash algorithm: sha1
[    0.638748] ima: No architecture policies found
[    0.638757] evm: Initialising EVM extended attributes:
[    0.638757] evm: security.selinux
[    0.638758] evm: security.SMACK64
[    0.638758] evm: security.SMACK64EXEC
[    0.638759] evm: security.SMACK64TRANSMUTE
[    0.638759] evm: security.SMACK64MMAP
[    0.638760] evm: security.apparmor
[    0.638760] evm: security.ima
[    0.638760] evm: security.capability
[    0.638761] evm: HMAC attrs: 0x1
[    0.639053] PM:   Magic number: 10:335:428
[    0.639163] rtc_cmos rtc_cmos: setting system clock to 2026-01-11T11:25:50 UTC (1768130750)
[    0.796220] ata1.00: ATA-6: VBOX HARDDISK, 1.0, max UDMA/133
[    0.796223] ata1.00: 209715200 sectors, multi 128: LBA 
[    0.796885] scsi 0:0:0:0: Direct-Access     ATA      VBOX HARDDISK    1.0  PQ: 0 ANSI: 5
[    0.797186] sd 0:0:0:0: [sda] 209715200 512-byte logical blocks: (107 GB/100 GiB)
[    0.797199] sd 0:0:0:0: [sda] Write Protect is off
[    0.797202] sd 0:0:0:0: [sda] Mode Sense: 00 3a 00 00
[    0.797222] sd 0:0:0:0: [sda] Write cache: enabled, read cache: enabled, doesn't support DPO or FUA
[    0.797473] sd 0:0:0:0: Attached scsi generic sg0 type 0
[    0.798322]  sda: sda1 sda2
[    0.807234] sd 0:0:0:0: [sda] Attached SCSI disk
[    0.810592] Freeing unused decrypted memory: 2040K
[    0.811556] Freeing unused kernel image memory: 2728K
[    0.811559] Write protecting the kernel read-only data: 22528k
[    0.812581] Freeing unused kernel image memory: 2036K
[    0.813141] Freeing unused kernel image memory: 1428K
[    0.840057] x86/mm: Checked W+X mappings: passed, no W+X pages found.
[    0.840061] Run /init as init process
[    0.970863] ACPI: Video Device [GFX0] (multi-head: yes  rom: no  post: no)
[    0.970953] input: Video Bus as /devices/LNXSYSTM:00/LNXSYBUS:00/PNP0A03:00/LNXVIDEO:00/input/input4
[    0.987613] pcnet32: pcnet32.c:v1.35 21.Apr.2008 tsbogend@alpha.franken.de
[    0.990850] e1000: Intel(R) PRO/1000 Network Driver - version 7.3.21-k8-NAPI
[    0.990851] e1000: Copyright (c) 1999-2006 Intel Corporation.
[    0.993389] piix4_smbus 0000:00:07.0: SMBus Host Controller at 0x4100, revision 0
[    1.002076] pcnet32: PCnet/FAST III 79C973 at 0xd020, 08:00:27:9d:74:17 assigned IRQ 19
[    1.002122] pcnet32: Found PHY 0022:561b at address 0
[    1.002422] pcnet32: eth0: registered as PCnet/FAST III 79C973
[    1.006248] pcnet32: 1 cards_found
[    1.072009] pcnet32 0000:00:03.0 enp0s3: renamed from eth0
[    1.209707] input: ImExPS/2 Generic Explorer Mouse as /devices/platform/i8042/serio1/input/input5
[    1.407303] e1000 0000:00:08.0 eth0: (PCI:33MHz:32-bit) 08:00:27:fa:1a:ec
[    1.407307] e1000 0000:00:08.0 eth0: Intel(R) PRO/1000 Network Connection
[    1.779334] e1000 0000:00:09.0 eth1: (PCI:33MHz:32-bit) 08:00:27:15:81:8e
[    1.779337] e1000 0000:00:09.0 eth1: Intel(R) PRO/1000 Network Connection
[    1.780505] e1000 0000:00:09.0 enp0s9: renamed from eth1
[    1.782320] e1000 0000:00:08.0 enp0s8: renamed from eth0
[    1.944910] EXT4-fs (sda2): mounted filesystem with ordered data mode. Opts: (null)
[    2.034160] systemd[1]: Inserted module 'autofs4'
[    2.046463] systemd[1]: systemd 245.4-4ubuntu3 running in system mode. (+PAM +AUDIT +SELINUX +IMA +APPARMOR +SMACK +SYSVINIT +UTMP +LIBCRYPTSETUP +GCRYPT +GNUTLS +ACL +XZ +LZ4 +SECCOMP +BLKID +ELFUTILS +KMOD +IDN2 -IDN +PCRE2 default-hierarchy=hybrid)
[    2.046492] systemd[1]: Detected virtualization oracle.
[    2.046495] systemd[1]: Detected architecture x86-64.
[    2.047825] systemd[1]: Set hostname to <ztg>.
[    2.171989] systemd[1]: /lib/systemd/system/dbus.socket:5: ListenStream= references a path below legacy directory /var/run/, updating /var/run/dbus/system_bus_socket â†’ /run/dbus/system_bus_socket; please update the unit file accordingly.
[    2.224908] systemd[1]: Created slice system-modprobe.slice.
[    2.225094] systemd[1]: Created slice User and Session Slice.
[    2.225135] systemd[1]: Started Forward Password Requests to Wall Directory Watch.
[    2.225312] systemd[1]: Set up automount Arbitrary Executable File Formats File System Automount Point.
[    2.225347] systemd[1]: Reached target User and Group Name Lookups.
[    2.225356] systemd[1]: Reached target Remote File Systems.
[    2.225364] systemd[1]: Reached target Slices.
[    2.225892] systemd[1]: Listening on Syslog Socket.
[    2.225959] systemd[1]: Listening on fsck to fsckd communication Socket.
[    2.225995] systemd[1]: Listening on initctl Compatibility Named Pipe.
[    2.226127] systemd[1]: Listening on Journal Audit Socket.
[    2.226176] systemd[1]: Listening on Journal Socket (/dev/log).
[    2.226242] systemd[1]: Listening on Journal Socket.
[    2.226303] systemd[1]: Listening on udev Control Socket.
[    2.226340] systemd[1]: Listening on udev Kernel Socket.
[    2.227028] systemd[1]: Mounting Huge Pages File System...
[    2.227964] systemd[1]: Mounting POSIX Message Queue File System...
[    2.228780] systemd[1]: Mounting Kernel Debug File System...
[    2.229622] systemd[1]: Mounting Kernel Trace File System...
[    2.231476] systemd[1]: Starting Journal Service...
[    2.253864] systemd[1]: Starting Set the console keyboard layout...
[    2.261651] systemd[1]: Starting Create list of static device nodes for the current kernel...
[    2.263445] systemd[1]: Starting Load Kernel Module drm...
[    2.264418] systemd[1]: Condition check resulted in Set Up Additional Binary Formats being skipped.
[    2.264463] systemd[1]: Condition check resulted in File System Check on Root Device being skipped.
[    2.275486] systemd[1]: Starting Load Kernel Modules...
[    2.276705] systemd[1]: Starting Remount Root and Kernel File Systems...
[    2.290900] systemd[1]: Starting udev Coldplug all Devices...
[    2.303624] systemd[1]: Starting Uncomplicated firewall...
[    2.305214] systemd[1]: Mounted Huge Pages File System.
[    2.305314] systemd[1]: Mounted POSIX Message Queue File System.
[    2.305383] systemd[1]: Mounted Kernel Debug File System.
[    2.305450] systemd[1]: Mounted Kernel Trace File System.
[    2.305906] EXT4-fs (sda2): re-mounted. Opts: errors=remount-ro
[    2.343728] systemd[1]: Finished Create list of static device nodes for the current kernel.
[    2.344597] systemd[1]: modprobe@drm.service: Succeeded.
[    2.344973] systemd[1]: Finished Load Kernel Module drm.
[    2.351295] systemd[1]: Finished Remount Root and Kernel File Systems.
[    2.352105] systemd[1]: Finished Uncomplicated firewall.
[    2.368082] lp: driver loaded but no devices found
[    2.371458] systemd[1]: Condition check resulted in Rebuild Hardware Database being skipped.
[    2.371491] systemd[1]: Condition check resulted in Platform Persistent Storage Archival being skipped.
[    2.372128] systemd[1]: Starting Load/Save Random Seed...
[    2.376822] systemd[1]: Starting Create System Users...
[    2.383446] ppdev: user-space parallel port driver
[    2.389827] systemd[1]: Finished Load/Save Random Seed.
[    2.391887] systemd[1]: Finished Create System Users.
[    2.392563] systemd[1]: Starting Create Static Device Nodes in /dev...
[    2.427293] systemd[1]: Finished udev Coldplug all Devices.
[    2.428371] systemd[1]: Finished Create Static Device Nodes in /dev.
[    2.429128] systemd[1]: Starting udev Kernel Device Manager...
[    2.484853] [drm] DMA map mode: Caching DMA mappings.
[    2.484915] [drm] Capabilities:
[    2.484915] [drm]   Rect copy.
[    2.484915] [drm]   Cursor.
[    2.484916] [drm]   Cursor bypass.
[    2.484916] [drm]   Cursor bypass 2.
[    2.484916] [drm]   Alpha cursor.
[    2.484917] [drm]   Extended Fifo.
[    2.484917] [drm]   Pitchlock.
[    2.484917] [drm]   Irq mask.
[    2.484918] [drm]   GMR.
[    2.484918] [drm]   Traces.
[    2.484918] [drm]   GMR2.
[    2.484919] [drm]   Screen Object 2.
[    2.484919] [drm]   Command Buffers.
[    2.484920] [drm]   Command Buffers 2.
[    2.484920] [drm]   Guest Backed Resources.
[    2.484921] [drm] Max GMR ids is 8192
[    2.484922] [drm] Max number of GMR pages is 1048576
[    2.484922] [drm] Max dedicated hypervisor surface memory is 393216 kiB
[    2.484923] [drm] Maximum display memory size is 131072 kiB
[    2.484924] [drm] VRAM at 0xe0000000 size is 131072 kiB
[    2.484924] [drm] MMIO at 0xf0000000 size is 2048 kiB
[    2.491140] [TTM] Zone  kernel: Available graphics memory: 1011736 KiB
[    2.491141] [TTM] Initializing pool allocator
[    2.491144] [TTM] Initializing DMA pool allocator
[    2.491171] [drm] Supports vblank timestamp caching Rev 2 (21.10.2013).
[    2.491172] [drm] No driver support for vblank timestamp query.
[    2.491396] [drm] Screen Target Display device initialized
[    2.491606] [drm] width 720
[    2.491615] [drm] height 400
[    2.491618] [drm] bpp 32
[    2.492140] [drm] Fifo max 0x00200000 min 0x00001000 cap 0x00000355
[    2.493203] [drm] Using command buffers with DMA pool.
[    2.493206] [drm] DX: no.
[    2.493207] [drm] Atomic: yes.
[    2.493207] [drm] SM4_1: no.
[    2.493226] [drm:vmw_host_log [vmwgfx]] *ERROR* Failed to send host log message.
[    2.494136] [drm:vmw_host_log [vmwgfx]] *ERROR* Failed to send host log message.
[    2.521037] systemd[1]: Finished Set the console keyboard layout.
[    2.521148] systemd[1]: Reached target Local File Systems (Pre).
[    2.521615] fbcon: svgadrmfb (fb0) is primary device
[    2.524269] systemd[1]: Mounting Mount unit for bare, revision 5...
[    2.531615] Console: switching to colour frame buffer device 100x37
[    2.532234] systemd[1]: Mounting Mount unit for core18, revision 1705...
[    2.536734] systemd[1]: Mounting Mount unit for core22, revision 2193...
[    2.537467] [drm] Initialized vmwgfx 2.15.0 20180704 for 0000:00:02.0 on minor 0
[    2.542491] systemd[1]: Mounting Mount unit for gnome-3-34-1804, revision 24...
[    2.551659] systemd[1]: Mounting Mount unit for gnome-42-2204, revision 226...
[    2.568028] systemd[1]: Mounting Mount unit for gtk-common-themes, revision 1506...
[    2.576718] systemd[1]: Mounting Mount unit for gtk-common-themes, revision 1535...
[    2.583433] systemd[1]: Mounting Mount unit for snap-store, revision 1216...
[    2.597845] systemd[1]: Mounting Mount unit for snap-store, revision 433...
[    2.611490] systemd[1]: Mounting Mount unit for snapd, revision 25577...
[    2.628805] systemd[1]: Finished Load Kernel Modules.
[    2.628957] systemd[1]: Mounted Mount unit for bare, revision 5.
[    2.629039] systemd[1]: Mounted Mount unit for core18, revision 1705.
[    2.629116] systemd[1]: Mounted Mount unit for core22, revision 2193.
[    2.629186] systemd[1]: Mounted Mount unit for gnome-3-34-1804, revision 24.
[    2.650175] systemd[1]: Mounting FUSE Control File System...
[    2.650996] systemd[1]: Mounting Kernel Configuration File System...
[    2.654912] systemd[1]: Starting Apply Kernel Variables...
[    2.675077] systemd[1]: Started udev Kernel Device Manager.
[    2.675190] systemd[1]: Mounted Mount unit for gnome-42-2204, revision 226.
[    2.684992] systemd[1]: Starting Show Plymouth Boot Screen...
[    2.690181] systemd[1]: Mounted FUSE Control File System.
[    2.690289] systemd[1]: Mounted Kernel Configuration File System.
[    2.691978] systemd[1]: Finished Apply Kernel Variables.
[    2.692544] systemd[1]: Received SIGRTMIN+20 from PID 287 (plymouthd).
[    2.692610] systemd[1]: Condition check resulted in VMware vmblock fuse mount being skipped.
[    2.711034] systemd[1]: Started Show Plymouth Boot Screen.
[    2.711171] systemd[1]: Condition check resulted in Dispatch Password Requests to Console Directory Watch being skipped.
[    2.711251] systemd[1]: Started Forward Password Requests to Plymouth Directory Watch.
[    2.711282] systemd[1]: Reached target Local Encrypted Volumes.
[    2.730441] systemd[1]: Mounted Mount unit for gtk-common-themes, revision 1506.
[    2.778581] systemd[1]: Mounted Mount unit for gtk-common-themes, revision 1535.
[    2.778833] systemd[1]: Mounted Mount unit for snap-store, revision 1216.
[    2.809183] systemd[1]: Mounted Mount unit for snap-store, revision 433.
[    2.835999] systemd[1]: Mounted Mount unit for snapd, revision 25577.
[    2.836191] systemd[1]: Reached target Local File Systems.
[    2.837047] systemd[1]: Starting Load AppArmor profiles...
[    2.839559] systemd[1]: Starting Set console font and keymap...
[    2.852465] systemd[1]: Starting Tell Plymouth To Write Out Runtime Data...
[    2.854080] systemd[1]: Condition check resulted in Store a System Token in an EFI Variable being skipped.
[    2.854152] systemd[1]: Condition check resulted in Commit a transient machine-id on disk being skipped.
[    2.871423] systemd[1]: Received SIGRTMIN+20 from PID 287 (plymouthd).
[    2.871570] systemd[1]: plymouth-read-write.service: Succeeded.
[    2.871962] systemd[1]: Finished Tell Plymouth To Write Out Runtime Data.
[    2.873887] systemd[1]: Finished Set console font and keymap.
[    2.897218] audit: type=1400 audit(1768130752.752:2): apparmor="STATUS" operation="profile_load" profile="unconfined" name="nvidia_modprobe" pid=307 comm="apparmor_parser"
[    2.897221] audit: type=1400 audit(1768130752.752:3): apparmor="STATUS" operation="profile_load" profile="unconfined" name="nvidia_modprobe//kmod" pid=307 comm="apparmor_parser"
[    2.905708] audit: type=1400 audit(1768130752.760:4): apparmor="STATUS" operation="profile_load" profile="unconfined" name="/usr/sbin/tcpdump" pid=308 comm="apparmor_parser"
[    2.954098] audit: type=1400 audit(1768130752.804:5): apparmor="STATUS" operation="profile_load" profile="unconfined" name="/usr/bin/evince" pid=310 comm="apparmor_parser"
[    2.954099] audit: type=1400 audit(1768130752.804:6): apparmor="STATUS" operation="profile_load" profile="unconfined" name="/usr/bin/evince//sanitized_helper" pid=310 comm="apparmor_parser"
[    2.954102] audit: type=1400 audit(1768130752.804:7): apparmor="STATUS" operation="profile_load" profile="unconfined" name="/usr/bin/evince-previewer" pid=310 comm="apparmor_parser"
[    2.954104] audit: type=1400 audit(1768130752.804:8): apparmor="STATUS" operation="profile_load" profile="unconfined" name="/usr/bin/evince-previewer//sanitized_helper" pid=310 comm="apparmor_parser"
[    2.954105] audit: type=1400 audit(1768130752.804:9): apparmor="STATUS" operation="profile_load" profile="unconfined" name="/usr/bin/evince-thumbnailer" pid=310 comm="apparmor_parser"
[    2.969789] audit: type=1400 audit(1768130752.828:10): apparmor="STATUS" operation="profile_load" profile="unconfined" name="/usr/lib/cups/backend/cups-pdf" pid=311 comm="apparmor_parser"
[    3.049636] systemd[1]: Finished Load AppArmor profiles.
[    3.050536] systemd[1]: Starting Load AppArmor profiles managed internally by snapd...
[    3.184130] systemd[1]: Finished Load AppArmor profiles managed internally by snapd.
[    3.253781] systemd[1]: Started Journal Service.
[    3.261062] systemd-journald[229]: Received client request to flush runtime journal.
[    3.264353] systemd-journald[229]: File /var/log/journal/c455b248004a419c87ce85eea238d727/system.journal corrupted or uncleanly shut down, renaming and replacing.
[    4.610377] RAPL PMU: API unit is 2^-32 Joules, 0 fixed counters, 10737418240 ms ovfl timer
[    4.636820] cryptd: max_cpu_qlen set to 1000
[    4.648342] AVX2 version of gcm_enc/dec engaged.
[    4.648343] AES CTR mode by8 optimization enabled
[    6.748347] Adding 1998844k swap on /dev/sda1.  Priority:-2 extents:1 across:1998844k FS
[    7.395262] AAAAA: Error looking up destination IP: 369098976 - net/ipv4/ip_output.c: 285: dac_mps_nexthops
[    7.450720] AAAAA: Error looking up destination IP: 4211081440 - net/ipv4/ip_output.c: 285: dac_mps_nexthops
[    7.700360] AAAAA: Error looking up destination IP: 4211081440 - net/ipv4/ip_output.c: 285: dac_mps_nexthops
[    7.961734] AAAAA: Error looking up destination IP: 4211081440 - net/ipv4/ip_output.c: 285: dac_mps_nexthops
[    8.161587] AAAAA: Error looking up destination IP: 4211081440 - net/ipv4/ip_output.c: 285: dac_mps_nexthops
[    8.186333] AAAAA: Error looking up destination IP: 369098976 - net/ipv4/ip_output.c: 285: dac_mps_nexthops
[    8.587788] kauditd_printk_skb: 31 callbacks suppressed
[    8.587798] audit: type=1400 audit(1768130758.444:42): apparmor="DENIED" operation="capable" profile="/usr/sbin/cups-browsed" pid=577 comm="cups-browsed" capability=23  capname="sys_nice"
[    8.701969] AAAAA: Error looking up destination IP: 4211081440 - net/ipv4/ip_output.c: 285: dac_mps_nexthops
[    9.191988] AAAAA: Error looking up destination IP: 4211081440 - net/ipv4/ip_output.c: 285: dac_mps_nexthops
[    9.304466] pcnet32 0000:00:03.0 enp0s3: link up, 100Mbps, full-duplex
[    9.347419] e1000: enp0s8 NIC Link is Up 1000 Mbps Full Duplex, Flow Control: RX
[    9.347693] IPv6: ADDRCONF(NETDEV_CHANGE): enp0s8: link becomes ready
[    9.356193] e1000: enp0s9 NIC Link is Up 1000 Mbps Full Duplex, Flow Control: RX
[    9.356487] IPv6: ADDRCONF(NETDEV_CHANGE): enp0s9: link becomes ready
[   10.046255] device enp0s3 entered promiscuous mode
[   10.078020] audit: type=1400 audit(1768130759.924:43): apparmor="DENIED" operation="open" profile="/usr/sbin/tcpdump" name="/proc/sys/kernel/random/boot_id" pid=737 comm="tcpdump" requested_mask="r" denied_mask="r" fsuid=0 ouid=0
[   10.078154] audit: type=1400 audit(1768130759.924:44): apparmor="DENIED" operation="open" profile="/usr/sbin/tcpdump" name="/proc/sys/kernel/random/boot_id" pid=737 comm="tcpdump" requested_mask="r" denied_mask="r" fsuid=0 ouid=0
[   10.078273] audit: type=1400 audit(1768130759.924:45): apparmor="DENIED" operation="open" profile="/usr/sbin/tcpdump" name="/proc/sys/kernel/random/boot_id" pid=737 comm="tcpdump" requested_mask="r" denied_mask="r" fsuid=0 ouid=0
[   10.078331] audit: type=1400 audit(1768130759.924:46): apparmor="DENIED" operation="open" profile="/usr/sbin/tcpdump" name="/proc/sys/kernel/random/boot_id" pid=737 comm="tcpdump" requested_mask="r" denied_mask="r" fsuid=0 ouid=0
[   10.084502] audit: type=1400 audit(1768130759.940:47): apparmor="DENIED" operation="open" profile="/usr/sbin/tcpdump" name="/proc/sys/kernel/random/boot_id" pid=738 comm="tcpdump" requested_mask="r" denied_mask="r" fsuid=0 ouid=0
[   10.086347] audit: type=1400 audit(1768130759.940:48): apparmor="DENIED" operation="open" profile="/usr/sbin/tcpdump" name="/proc/sys/kernel/random/boot_id" pid=738 comm="tcpdump" requested_mask="r" denied_mask="r" fsuid=0 ouid=0
[   10.086388] audit: type=1400 audit(1768130759.940:49): apparmor="DENIED" operation="open" profile="/usr/sbin/tcpdump" name="/proc/sys/kernel/random/boot_id" pid=738 comm="tcpdump" requested_mask="r" denied_mask="r" fsuid=0 ouid=0
[   10.086520] audit: type=1400 audit(1768130759.940:50): apparmor="DENIED" operation="open" profile="/usr/sbin/tcpdump" name="/proc/sys/kernel/random/boot_id" pid=738 comm="tcpdump" requested_mask="r" denied_mask="r" fsuid=0 ouid=0
[   16.057780] rfkill: input handler disabled
[   92.656903] rfkill: input handler enabled
[  101.151816] rfkill: input handler disabled
[  200.060236] AAAAA-TCP_SEND: name:enp0s3: saddr:100932208: daddr:16783984: srtt_us:0: RTT:0: ssthresh:7: cwnd:1: delivered:0: lost:1: retrans:0: loseo:0: stage:0: conn:0: RTT6:0: RTT7:0: delta:0
[  200.567574] AAAAA-TCP_RECV: name:enp0s3: saddr:16783984: daddr:100932208: srtt_us:0: RTT:0: ssthresh:7: cwnd:1: delivered:0: lost:1: retrans:0: loseo:0: stage:0: conn:0: RTT6:0: RTT7:0: delta:0
[  200.567647] AAAAA-TCP_SEND: name:enp0s3: saddr:100932208: daddr:16783984: srtt_us:20320728: RTT:2540091: ssthresh:2147483647: cwnd:10: delivered:1: lost:1: retrans:0: loseo:0: stage:0: conn:0: RTT6:0: RTT7:0: delta:0
[  200.568075] AAAAA-TCP_SEND: name:enp0s3: saddr:100932208: daddr:16783984: srtt_us:20320728: RTT:2540091: ssthresh:2147483647: cwnd:10: delivered:1: lost:1: retrans:0: loseo:0: stage:0: conn:0: RTT6:0: RTT7:0: delta:0
[  201.449607] AAAAA-TCP_RECV: name:enp0s3: saddr:16783984: daddr:100932208: srtt_us:20320728: RTT:2540091: ssthresh:2147483647: cwnd:10: delivered:1: lost:1: retrans:0: loseo:0: stage:0: conn:0: RTT6:0: RTT7:0: delta:0
[  201.606967] AAAAA-TCP_RECV: name:enp0s3: saddr:16783984: daddr:100932208: srtt_us:18662195: RTT:2332774: ssthresh:2147483647: cwnd:10: delivered:2: lost:1: retrans:0: loseo:0: stage:0: conn:0: RTT6:0: RTT7:0: delta:0
[  201.606997] AAAAA-TCP_SEND: name:enp0s3: saddr:100932208: daddr:16783984: srtt_us:18662195: RTT:2332774: ssthresh:2147483647: cwnd:10: delivered:2: lost:1: retrans:0: loseo:0: stage:0: conn:0: RTT6:0: RTT7:0: delta:0
[  201.652586] AAAAA-TCP_RECV: name:enp0s3: saddr:16783984: daddr:100932208: srtt_us:18662195: RTT:2332774: ssthresh:2147483647: cwnd:10: delivered:2: lost:1: retrans:0: loseo:0: stage:0: conn:0: RTT6:0: RTT7:0: delta:0
[  201.652618] AAAAA-TCP_SEND: name:enp0s3: saddr:100932208: daddr:16783984: srtt_us:18662195: RTT:2332774: ssthresh:2147483647: cwnd:10: delivered:2: lost:1: retrans:0: loseo:0: stage:0: conn:0: RTT6:0: RTT7:0: delta:0
[  201.652779] AAAAA-TCP_SEND: name:enp0s3: saddr:100932208: daddr:16783984: srtt_us:18662195: RTT:2332774: ssthresh:2147483647: cwnd:10: delivered:2: lost:1: retrans:0: loseo:0: stage:0: conn:0: RTT6:0: RTT7:0: delta:0
[  202.355478] AAAAA-TCP_RECV: name:enp0s3: saddr:16783984: daddr:100932208: srtt_us:18662195: RTT:2332774: ssthresh:2147483647: cwnd:10: delivered:2: lost:1: retrans:0: loseo:0: stage:0: conn:0: RTT6:0: RTT7:0: delta:0
[  202.355520] AAAAA-TCP_SEND: name:enp0s3: saddr:100932208: daddr:16783984: srtt_us:18662195: RTT:2332774: ssthresh:2147483647: cwnd:10: delivered:2: lost:1: retrans:0: loseo:0: stage:0: conn:0: RTT6:0: RTT7:0: delta:0
[  202.528394] AAAAA-TCP_RECV: name:enp0s3: saddr:16783984: daddr:100932208: srtt_us:17032158: RTT:2129019: ssthresh:2147483647: cwnd:10: delivered:3: lost:1: retrans:0: loseo:0: stage:0: conn:0: RTT6:0: RTT7:0: delta:0
[  202.565862] AAAAA-TCP_RECV: name:enp0s3: saddr:16783984: daddr:100932208: srtt_us:15076041: RTT:1884505: ssthresh:2147483647: cwnd:10: delivered:4: lost:1: retrans:0: loseo:0: stage:0: conn:0: RTT6:0: RTT7:0: delta:0
[  202.565898] AAAAA-TCP_SEND: name:enp0s3: saddr:100932208: daddr:16783984: srtt_us:15076041: RTT:1884505: ssthresh:2147483647: cwnd:10: delivered:4: lost:1: retrans:0: loseo:0: stage:0: conn:0: RTT6:0: RTT7:0: delta:0
[  202.566087] AAAAA-TCP_SEND: name:enp0s3: saddr:100932208: daddr:16783984: srtt_us:0: RTT:0: ssthresh:2147483647: cwnd:10: delivered:0: lost:0: retrans:0: loseo:0: stage:0: conn:0: RTT6:0: RTT7:0: delta:0
[  202.752871] AAAAA-TCP_RECV: name:enp0s3: saddr:16783984: daddr:100932208: srtt_us:0: RTT:0: ssthresh:2147483647: cwnd:10: delivered:0: lost:0: retrans:0: loseo:0: stage:0: conn:0: RTT6:0: RTT7:0: delta:0
[  202.752926] AAAAA-TCP_SEND: name:enp0s3: saddr:100932208: daddr:16783984: srtt_us:1494448: RTT:186806: ssthresh:2147483647: cwnd:10: delivered:1: lost:0: retrans:0: loseo:0: stage:0: conn:0: RTT6:0: RTT7:0: delta:0
[  202.753074] AAAAA-TCP_SEND: name:enp0s3: saddr:100932208: daddr:16783984: srtt_us:1494448: RTT:186806: ssthresh:2147483647: cwnd:10: delivered:1: lost:0: retrans:0: loseo:0: stage:0: conn:0: RTT6:0: RTT7:0: delta:0
[  202.847236] AAAAA-TCP_RECV: name:enp0s3: saddr:16783984: daddr:100932208: srtt_us:1494448: RTT:186806: ssthresh:2147483647: cwnd:10: delivered:1: lost:0: retrans:0: loseo:0: stage:0: conn:0: RTT6:0: RTT7:0: delta:0
[  202.940532] AAAAA-TCP_RECV: name:enp0s3: saddr:16783984: daddr:100932208: srtt_us:1494448: RTT:186806: ssthresh:2147483647: cwnd:10: delivered:1: lost:0: retrans:0: loseo:0: stage:0: conn:0: RTT6:0: RTT7:0: delta:0
[  202.940599] AAAAA-TCP_SEND: name:enp0s3: saddr:100932208: daddr:33561200: srtt_us:0: RTT:0: ssthresh:2147483647: cwnd:10: delivered:0: lost:0: retrans:0: loseo:0: stage:0: conn:0: RTT6:0: RTT7:0: delta:0
[  203.049960] AAAAA-TCP_RECV: name:enp0s3: saddr:16783984: daddr:100932208: srtt_us:15076041: RTT:1884505: ssthresh:2147483647: cwnd:10: delivered:4: lost:1: retrans:0: loseo:0: stage:0: conn:0: RTT6:0: RTT7:0: delta:0
[  203.049977] AAAAA-TCP_SEND: name:enp0s3: saddr:100932208: daddr:16783984: srtt_us:15076041: RTT:1884505: ssthresh:2147483647: cwnd:10: delivered:4: lost:1: retrans:0: loseo:0: stage:0: conn:0: RTT6:0: RTT7:0: delta:0
[  203.259032] AAAAA-TCP_RECV: name:enp0s3: saddr:33561200: daddr:100932208: srtt_us:0: RTT:0: ssthresh:2147483647: cwnd:10: delivered:0: lost:0: retrans:0: loseo:0: stage:0: conn:0: RTT6:0: RTT7:0: delta:0
[  203.259058] AAAAA-TCP_SEND: name:enp0s3: saddr:100932208: daddr:33561200: srtt_us:2547544: RTT:318443: ssthresh:2147483647: cwnd:10: delivered:1: lost:0: retrans:0: loseo:0: stage:0: conn:0: RTT6:0: RTT7:0: delta:0
[  203.427879] AAAAA-TCP_RECV: name:enp0s3: saddr:16783984: daddr:100932208: srtt_us:15076041: RTT:1884505: ssthresh:2147483647: cwnd:10: delivered:4: lost:1: retrans:0: loseo:0: stage:0: conn:0: RTT6:0: RTT7:0: delta:0
[  203.427896] AAAAA-TCP_SEND: name:enp0s3: saddr:100932208: daddr:16783984: srtt_us:15076041: RTT:1884505: ssthresh:2147483647: cwnd:10: delivered:4: lost:1: retrans:0: loseo:0: stage:0: conn:0: RTT6:0: RTT7:0: delta:0
[  203.428043] AAAAA-TCP_SEND: name:enp0s3: saddr:100932208: daddr:16783984: srtt_us:1495108: RTT:186888: ssthresh:2147483647: cwnd:10: delivered:2: lost:0: retrans:0: loseo:0: stage:0: conn:0: RTT6:0: RTT7:0: delta:0
[  203.428067] AAAAA-TCP_SEND: name:enp0s3: saddr:100932208: daddr:16783984: srtt_us:1495108: RTT:186888: ssthresh:2147483647: cwnd:10: delivered:2: lost:0: retrans:0: loseo:0: stage:0: conn:0: RTT6:0: RTT7:0: delta:0
[  203.428130] AAAAA-TCP_SEND: name:enp0s3: saddr:100932208: daddr:16783984: srtt_us:1495108: RTT:186888: ssthresh:2147483647: cwnd:10: delivered:2: lost:0: retrans:0: loseo:0: stage:0: conn:0: RTT6:0: RTT7:0: delta:0
[  203.428148] AAAAA-TCP_SEND: name:enp0s3: saddr:100932208: daddr:16783984: srtt_us:1495108: RTT:186888: ssthresh:2147483647: cwnd:10: delivered:2: lost:0: retrans:0: loseo:0: stage:0: conn:0: RTT6:0: RTT7:0: delta:0
[  203.428208] AAAAA-TCP_SEND: name:enp0s3: saddr:100932208: daddr:16783984: srtt_us:1495108: RTT:186888: ssthresh:2147483647: cwnd:10: delivered:2: lost:0: retrans:0: loseo:0: stage:0: conn:0: RTT6:0: RTT7:0: delta:0
[  203.428226] AAAAA-TCP_SEND: name:enp0s3: saddr:100932208: daddr:16783984: srtt_us:1495108: RTT:186888: ssthresh:2147483647: cwnd:10: delivered:2: lost:0: retrans:0: loseo:0: stage:0: conn:0: RTT6:0: RTT7:0: delta:0
[  203.428286] AAAAA-TCP_SEND: name:enp0s3: saddr:100932208: daddr:16783984: srtt_us:1495108: RTT:186888: ssthresh:2147483647: cwnd:10: delivered:2: lost:0: retrans:0: loseo:0: stage:0: conn:0: RTT6:0: RTT7:0: delta:0
[  203.428314] AAAAA-TCP_SEND: name:enp0s3: saddr:100932208: daddr:16783984: srtt_us:1495108: RTT:186888: ssthresh:2147483647: cwnd:10: delivered:2: lost:0: retrans:0: loseo:0: stage:0: conn:0: RTT6:0: RTT7:0: delta:0
[  203.428411] AAAAA-TCP_SEND: name:enp0s3: saddr:100932208: daddr:16783984: srtt_us:1495108: RTT:186888: ssthresh:2147483647: cwnd:10: delivered:2: lost:0: retrans:0: loseo:0: stage:0: conn:0: RTT6:0: RTT7:0: delta:0
[  203.428428] AAAAA-TCP_SEND: name:enp0s3: saddr:100932208: daddr:16783984: srtt_us:1495108: RTT:186888: ssthresh:2147483647: cwnd:10: delivered:2: lost:0: retrans:0: loseo:0: stage:0: conn:0: RTT6:0: RTT7:0: delta:0
[  203.738961] AAAAA-TCP_RECV: name:enp0s3: saddr:33561200: daddr:100932208: srtt_us:2547544: RTT:318443: ssthresh:2147483647: cwnd:10: delivered:1: lost:0: retrans:0: loseo:0: stage:0: conn:0: RTT6:0: RTT7:0: delta:0
[  203.739014] AAAAA-TCP_SEND: name:enp0s3: saddr:100932208: daddr:33561200: srtt_us:2547544: RTT:318443: ssthresh:2147483647: cwnd:10: delivered:1: lost:0: retrans:0: loseo:0: stage:0: conn:0: RTT6:0: RTT7:0: delta:0
[  203.739043] AAAAA-TCP_SEND: name:enp0s3: saddr:100932208: daddr:33561200: srtt_us:2547544: RTT:318443: ssthresh:2147483647: cwnd:10: delivered:1: lost:0: retrans:0: loseo:0: stage:0: conn:0: RTT6:0: RTT7:0: delta:0
[  203.740269] AAAAA-TCP_SEND: name:enp0s3: saddr:100932208: daddr:33561200: srtt_us:2547544: RTT:318443: ssthresh:2147483647: cwnd:10: delivered:1: lost:0: retrans:0: loseo:0: stage:0: conn:0: RTT6:0: RTT7:0: delta:0
[  203.740293] AAAAA-TCP_SEND: name:enp0s3: saddr:100932208: daddr:33561200: srtt_us:2547544: RTT:318443: ssthresh:2147483647: cwnd:10: delivered:1: lost:0: retrans:0: loseo:0: stage:0: conn:0: RTT6:0: RTT7:0: delta:0
[  203.740398] AAAAA-TCP_SEND: name:enp0s3: saddr:100932208: daddr:33561200: srtt_us:2547544: RTT:318443: ssthresh:2147483647: cwnd:10: delivered:1: lost:0: retrans:0: loseo:0: stage:0: conn:0: RTT6:0: RTT7:0: delta:0
[  203.740413] AAAAA-TCP_SEND: name:enp0s3: saddr:100932208: daddr:33561200: srtt_us:2547544: RTT:318443: ssthresh:2147483647: cwnd:10: delivered:1: lost:0: retrans:0: loseo:0: stage:0: conn:0: RTT6:0: RTT7:0: delta:0
[  203.740503] AAAAA-TCP_SEND: name:enp0s3: saddr:100932208: daddr:33561200: srtt_us:2547544: RTT:318443: ssthresh:2147483647: cwnd:10: delivered:1: lost:0: retrans:0: loseo:0: stage:0: conn:0: RTT6:0: RTT7:0: delta:0
[  203.740520] AAAAA-TCP_SEND: name:enp0s3: saddr:100932208: daddr:33561200: srtt_us:2547544: RTT:318443: ssthresh:2147483647: cwnd:10: delivered:1: lost:0: retrans:0: loseo:0: stage:0: conn:0: RTT6:0: RTT7:0: delta:0
[  203.740590] AAAAA-TCP_SEND: name:enp0s3: saddr:100932208: daddr:33561200: srtt_us:2547544: RTT:318443: ssthresh:2147483647: cwnd:10: delivered:1: lost:0: retrans:0: loseo:0: stage:0: conn:0: RTT6:0: RTT7:0: delta:0
[  203.740604] AAAAA-TCP_SEND: name:enp0s3: saddr:100932208: daddr:33561200: srtt_us:2547544: RTT:318443: ssthresh:2147483647: cwnd:10: delivered:1: lost:0: retrans:0: loseo:0: stage:0: conn:0: RTT6:0: RTT7:0: delta:0
[  203.827072] AAAAA-TCP_SEND: name:enp0s3: saddr:100932208: daddr:16783984: srtt_us:1495108: RTT:186888: ssthresh:2147483647: cwnd:10: delivered:2: lost:0: retrans:1: loseo:1: stage:0: conn:0: RTT6:0: RTT7:0: delta:0
[  203.897936] AAAAA-TCP_RECV: name:enp0s3: saddr:16783984: daddr:100932208: srtt_us:1495108: RTT:186888: ssthresh:2147483647: cwnd:10: delivered:2: lost:0: retrans:1: loseo:0: stage:0: conn:0: RTT6:0: RTT7:0: delta:0
[  203.897978] AAAAA-TCP_SEND: name:enp0s3: saddr:100932208: daddr:16783984: srtt_us:1778134: RTT:222266: ssthresh:2147483647: cwnd:11: delivered:3: lost:0: retrans:1: loseo:0: stage:0: conn:0: RTT6:0: RTT7:0: delta:0
[  203.898004] AAAAA-TCP_SEND: name:enp0s3: saddr:100932208: daddr:16783984: srtt_us:1778134: RTT:222266: ssthresh:2147483647: cwnd:11: delivered:3: lost:0: retrans:1: loseo:0: stage:0: conn:0: RTT6:0: RTT7:0: delta:0
[  204.022901] AAAAA-TCP_RECV: name:enp0s3: saddr:16783984: daddr:100932208: srtt_us:1778134: RTT:222266: ssthresh:2147483647: cwnd:11: delivered:3: lost:0: retrans:1: loseo:0: stage:0: conn:0: RTT6:0: RTT7:0: delta:0
[  204.022926] AAAAA-TCP_SEND: name:enp0s3: saddr:100932208: daddr:16783984: srtt_us:2150707: RTT:268838: ssthresh:2147483647: cwnd:12: delivered:4: lost:0: retrans:1: loseo:0: stage:0: conn:0: RTT6:0: RTT7:0: delta:0
[  204.022945] AAAAA-TCP_SEND: name:enp0s3: saddr:100932208: daddr:16783984: srtt_us:2150707: RTT:268838: ssthresh:2147483647: cwnd:12: delivered:4: lost:0: retrans:1: loseo:0: stage:0: conn:0: RTT6:0: RTT7:0: delta:0
[  204.138672] AAAAA-TCP_RECV: name:enp0s3: saddr:16783984: daddr:100932208: srtt_us:2150707: RTT:268838: ssthresh:2147483647: cwnd:12: delivered:4: lost:0: retrans:1: loseo:0: stage:0: conn:0: RTT6:0: RTT7:0: delta:0
[  204.138723] AAAAA-TCP_SEND: name:enp0s3: saddr:100932208: daddr:16783984: srtt_us:2592433: RTT:324054: ssthresh:2147483647: cwnd:13: delivered:5: lost:0: retrans:1: loseo:0: stage:0: conn:0: RTT6:0: RTT7:0: delta:0
[  204.138749] AAAAA-TCP_SEND: name:enp0s3: saddr:100932208: daddr:16783984: srtt_us:2592433: RTT:324054: ssthresh:2147483647: cwnd:13: delivered:5: lost:0: retrans:1: loseo:0: stage:0: conn:0: RTT6:0: RTT7:0: delta:0
[  204.253417] AAAAA-TCP_RECV: name:enp0s3: saddr:16783984: daddr:100932208: srtt_us:2592433: RTT:324054: ssthresh:2147483647: cwnd:13: delivered:5: lost:0: retrans:1: loseo:0: stage:0: conn:0: RTT6:0: RTT7:0: delta:0
[  204.253457] AAAAA-TCP_SEND: name:enp0s3: saddr:100932208: daddr:16783984: srtt_us:3093665: RTT:386708: ssthresh:2147483647: cwnd:14: delivered:6: lost:0: retrans:1: loseo:0: stage:0: conn:0: RTT6:0: RTT7:0: delta:0
[  204.253483] AAAAA-TCP_SEND: name:enp0s3: saddr:100932208: daddr:16783984: srtt_us:3093665: RTT:386708: ssthresh:2147483647: cwnd:14: delivered:6: lost:0: retrans:1: loseo:0: stage:0: conn:0: RTT6:0: RTT7:0: delta:0
[  204.283728] AAAAA-TCP_RECV: name:enp0s3: saddr:16783984: daddr:100932208: srtt_us:3093665: RTT:386708: ssthresh:2147483647: cwnd:14: delivered:6: lost:0: retrans:1: loseo:0: stage:0: conn:0: RTT6:0: RTT7:0: delta:0
[  204.283763] AAAAA-TCP_SEND: name:enp0s3: saddr:100932208: daddr:16783984: srtt_us:3562495: RTT:445311: ssthresh:2147483647: cwnd:15: delivered:7: lost:0: retrans:1: loseo:0: stage:0: conn:0: RTT6:0: RTT7:0: delta:0
[  204.283788] AAAAA-TCP_SEND: name:enp0s3: saddr:100932208: daddr:16783984: srtt_us:3562495: RTT:445311: ssthresh:2147483647: cwnd:15: delivered:7: lost:0: retrans:1: loseo:0: stage:0: conn:0: RTT6:0: RTT7:0: delta:0
[  204.363767] AAAAA-TCP_RECV: name:enp0s3: saddr:16783984: daddr:100932208: srtt_us:3562495: RTT:445311: ssthresh:2147483647: cwnd:15: delivered:7: lost:0: retrans:1: loseo:0: stage:0: conn:0: RTT6:0: RTT7:0: delta:0
[  204.363805] AAAAA-TCP_SEND: name:enp0s3: saddr:100932208: daddr:16783984: srtt_us:4052744: RTT:506593: ssthresh:2147483647: cwnd:16: delivered:8: lost:0: retrans:1: loseo:0: stage:0: conn:0: RTT6:187466: RTT7:0: delta:0
[  204.363831] AAAAA-TCP_SEND: name:enp0s3: saddr:100932208: daddr:16783984: srtt_us:4052744: RTT:506593: ssthresh:2147483647: cwnd:16: delivered:8: lost:0: retrans:1: loseo:0: stage:0: conn:0: RTT6:187466: RTT7:0: delta:0
[  204.403069] AAAAA-TCP_SEND: name:enp0s3: saddr:100932208: daddr:33561200: srtt_us:2547544: RTT:318443: ssthresh:2147483647: cwnd:10: delivered:1: lost:0: retrans:1: loseo:1: stage:0: conn:0: RTT6:0: RTT7:0: delta:0
[  204.441658] AAAAA-TCP_RECV: name:enp0s3: saddr:16783984: daddr:100932208: srtt_us:4052744: RTT:506593: ssthresh:2147483647: cwnd:16: delivered:8: lost:0: retrans:1: loseo:0: stage:0: conn:0: RTT6:187466: RTT7:0: delta:0
[  204.441696] AAAAA-TCP_SEND: name:enp0s3: saddr:100932208: daddr:16783984: srtt_us:4559540: RTT:569942: ssthresh:2147483647: cwnd:17: delivered:9: lost:0: retrans:1: loseo:0: stage:0: conn:0: RTT6:469914: RTT7:187466: delta:0
[  204.441721] AAAAA-TCP_SEND: name:enp0s3: saddr:100932208: daddr:16783984: srtt_us:4559540: RTT:569942: ssthresh:2147483647: cwnd:17: delivered:9: lost:0: retrans:1: loseo:0: stage:0: conn:0: RTT6:469914: RTT7:187466: delta:0
[  204.505158] AAAAA-TCP_RECV: name:enp0s3: saddr:16783984: daddr:100932208: srtt_us:4559540: RTT:569942: ssthresh:2147483647: cwnd:17: delivered:9: lost:0: retrans:1: loseo:0: stage:0: conn:0: RTT6:469914: RTT7:187466: delta:0
[  204.505193] AAAAA-TCP_SEND: name:enp0s3: saddr:100932208: daddr:16783984: srtt_us:5066463: RTT:633307: ssthresh:2147483647: cwnd:18: delivered:10: lost:0: retrans:1: loseo:0: stage:0: conn:0: RTT6:594839: RTT7:469914: delta:0
[  204.505217] AAAAA-TCP_SEND: name:enp0s3: saddr:100932208: daddr:16783984: srtt_us:5066463: RTT:633307: ssthresh:2147483647: cwnd:18: delivered:10: lost:0: retrans:1: loseo:0: stage:0: conn:0: RTT6:594839: RTT7:469914: delta:0
[  204.624389] AAAAA-TCP_RECV: name:enp0s3: saddr:16783984: daddr:100932208: srtt_us:5066463: RTT:633307: ssthresh:2147483647: cwnd:18: delivered:10: lost:0: retrans:1: loseo:0: stage:0: conn:0: RTT6:594839: RTT7:469914: delta:0
[  204.624412] AAAAA-TCP_SEND: name:enp0s3: saddr:100932208: daddr:16783984: srtt_us:5629139: RTT:703642: ssthresh:2147483647: cwnd:19: delivered:11: lost:0: retrans:1: loseo:0: stage:0: conn:0: RTT6:710564: RTT7:594839: delta:0
[  204.624431] AAAAA-TCP_SEND: name:enp0s3: saddr:100932208: daddr:16783984: srtt_us:5629139: RTT:703642: ssthresh:2147483647: cwnd:19: delivered:11: lost:0: retrans:1: loseo:0: stage:0: conn:0: RTT6:710564: RTT7:594839: delta:0
[  204.639674] AAAAA-TCP_RECV: name:enp0s3: saddr:16783984: daddr:100932208: srtt_us:5629139: RTT:703642: ssthresh:2147483647: cwnd:19: delivered:11: lost:0: retrans:1: loseo:0: stage:0: conn:0: RTT6:710564: RTT7:594839: delta:0
[  204.639707] AAAAA-TCP_SEND: name:enp0s3: saddr:100932208: daddr:16783984: srtt_us:6136497: RTT:767062: ssthresh:2147483647: cwnd:20: delivered:12: lost:0: retrans:1: loseo:0: stage:0: conn:0: RTT6:825286: RTT7:710564: delta:0
[  204.639731] AAAAA-TCP_SEND: name:enp0s3: saddr:100932208: daddr:16783984: srtt_us:6136497: RTT:767062: ssthresh:2147483647: cwnd:20: delivered:12: lost:0: retrans:1: loseo:0: stage:0: conn:0: RTT6:825286: RTT7:710564: delta:0
[  204.889644] AAAAA-TCP_RECV: name:enp0s3: saddr:33561200: daddr:100932208: srtt_us:2547544: RTT:318443: ssthresh:2147483647: cwnd:10: delivered:1: lost:0: retrans:1: loseo:0: stage:0: conn:0: RTT6:0: RTT7:0: delta:0
[  204.889698] AAAAA-TCP_SEND: name:enp0s3: saddr:100932208: daddr:33561200: srtt_us:3379763: RTT:422470: ssthresh:2147483647: cwnd:11: delivered:2: lost:0: retrans:1: loseo:0: stage:0: conn:0: RTT6:0: RTT7:0: delta:0
[  204.889728] AAAAA-TCP_SEND: name:enp0s3: saddr:100932208: daddr:33561200: srtt_us:3379763: RTT:422470: ssthresh:2147483647: cwnd:11: delivered:2: lost:0: retrans:1: loseo:0: stage:0: conn:0: RTT6:0: RTT7:0: delta:0
[  204.965580] AAAAA-TCP_RECV: name:enp0s3: saddr:33561200: daddr:100932208: srtt_us:3379763: RTT:422470: ssthresh:2147483647: cwnd:11: delivered:2: lost:0: retrans:1: loseo:0: stage:0: conn:0: RTT6:0: RTT7:0: delta:0
[  204.965619] AAAAA-TCP_SEND: name:enp0s3: saddr:100932208: daddr:33561200: srtt_us:4183886: RTT:522985: ssthresh:2147483647: cwnd:12: delivered:3: lost:0: retrans:1: loseo:0: stage:0: conn:0: RTT6:0: RTT7:0: delta:0
[  204.965645] AAAAA-TCP_SEND: name:enp0s3: saddr:100932208: daddr:33561200: srtt_us:4183886: RTT:522985: ssthresh:2147483647: cwnd:12: delivered:3: lost:0: retrans:1: loseo:0: stage:0: conn:0: RTT6:0: RTT7:0: delta:0
[  205.135335] AAAAA-TCP_RECV: name:enp0s3: saddr:33561200: daddr:100932208: srtt_us:4183886: RTT:522985: ssthresh:2147483647: cwnd:12: delivered:3: lost:0: retrans:1: loseo:0: stage:0: conn:0: RTT6:0: RTT7:0: delta:0
[  205.135382] AAAAA-TCP_SEND: name:enp0s3: saddr:100932208: daddr:33561200: srtt_us:5055990: RTT:631998: ssthresh:2147483647: cwnd:13: delivered:4: lost:0: retrans:1: loseo:0: stage:0: conn:0: RTT6:0: RTT7:0: delta:0
[  205.135410] AAAAA-TCP_SEND: name:enp0s3: saddr:100932208: daddr:33561200: srtt_us:5055990: RTT:631998: ssthresh:2147483647: cwnd:13: delivered:4: lost:0: retrans:1: loseo:0: stage:0: conn:0: RTT6:0: RTT7:0: delta:0
[  205.455169] AAAAA-TCP_RECV: name:enp0s3: saddr:33561200: daddr:100932208: srtt_us:5055990: RTT:631998: ssthresh:2147483647: cwnd:13: delivered:4: lost:0: retrans:1: loseo:0: stage:0: conn:0: RTT6:0: RTT7:0: delta:0
[  205.455229] AAAAA-TCP_SEND: name:enp0s3: saddr:100932208: daddr:33561200: srtt_us:6138929: RTT:767366: ssthresh:2147483647: cwnd:14: delivered:5: lost:0: retrans:1: loseo:0: stage:0: conn:0: RTT6:0: RTT7:0: delta:0
[  205.455289] AAAAA-TCP_SEND: name:enp0s3: saddr:100932208: daddr:33561200: srtt_us:6138929: RTT:767366: ssthresh:2147483647: cwnd:14: delivered:5: lost:0: retrans:1: loseo:0: stage:0: conn:0: RTT6:0: RTT7:0: delta:0
[  205.525761] AAAAA-TCP_RECV: name:enp0s3: saddr:33561200: daddr:100932208: srtt_us:6138929: RTT:767366: ssthresh:2147483647: cwnd:14: delivered:5: lost:0: retrans:1: loseo:0: stage:0: conn:0: RTT6:0: RTT7:0: delta:0
[  205.525800] AAAAA-TCP_SEND: name:enp0s3: saddr:100932208: daddr:33561200: srtt_us:7156945: RTT:894618: ssthresh:2147483647: cwnd:15: delivered:6: lost:0: retrans:1: loseo:0: stage:0: conn:0: RTT6:0: RTT7:0: delta:0
[  205.525831] AAAAA-TCP_SEND: name:enp0s3: saddr:100932208: daddr:33561200: srtt_us:7156945: RTT:894618: ssthresh:2147483647: cwnd:15: delivered:6: lost:0: retrans:1: loseo:0: stage:0: conn:0: RTT6:0: RTT7:0: delta:0
[  205.835515] AAAAA-TCP_RECV: name:enp0s3: saddr:33561200: daddr:100932208: srtt_us:7156945: RTT:894618: ssthresh:2147483647: cwnd:15: delivered:6: lost:0: retrans:1: loseo:0: stage:0: conn:0: RTT6:0: RTT7:0: delta:0
[  205.835569] AAAAA-TCP_SEND: name:enp0s3: saddr:100932208: daddr:33561200: srtt_us:8357467: RTT:1044683: ssthresh:2147483647: cwnd:16: delivered:7: lost:0: retrans:1: loseo:0: stage:0: conn:0: RTT6:0: RTT7:0: delta:0
[  205.835600] AAAAA-TCP_SEND: name:enp0s3: saddr:100932208: daddr:33561200: srtt_us:8357467: RTT:1044683: ssthresh:2147483647: cwnd:16: delivered:7: lost:0: retrans:1: loseo:0: stage:0: conn:0: RTT6:0: RTT7:0: delta:0
[  206.141368] AAAAA-TCP_RECV: name:enp0s3: saddr:33561200: daddr:100932208: srtt_us:8357467: RTT:1044683: ssthresh:2147483647: cwnd:16: delivered:7: lost:0: retrans:1: loseo:0: stage:0: conn:0: RTT6:0: RTT7:0: delta:0
[  206.141428] AAAAA-TCP_SEND: name:enp0s3: saddr:100932208: daddr:33561200: srtt_us:9713672: RTT:1214209: ssthresh:2147483647: cwnd:17: delivered:8: lost:0: retrans:1: loseo:0: stage:0: conn:0: RTT6:1150662: RTT7:0: delta:0
[  206.141459] AAAAA-TCP_SEND: name:enp0s3: saddr:100932208: daddr:33561200: srtt_us:9713672: RTT:1214209: ssthresh:2147483647: cwnd:17: delivered:8: lost:0: retrans:1: loseo:0: stage:0: conn:0: RTT6:1150662: RTT7:0: delta:0
[  206.280341] AAAAA-TCP_RECV: name:enp0s3: saddr:33561200: daddr:100932208: srtt_us:9713672: RTT:1214209: ssthresh:2147483647: cwnd:17: delivered:8: lost:0: retrans:1: loseo:0: stage:0: conn:0: RTT6:1150662: RTT7:0: delta:0
[  206.280391] AAAAA-TCP_SEND: name:enp0s3: saddr:100932208: daddr:33561200: srtt_us:11039322: RTT:1379915: ssthresh:2147483647: cwnd:18: delivered:9: lost:0: retrans:1: loseo:0: stage:0: conn:0: RTT6:1226593: RTT7:1150662: delta:0
[  206.280418] AAAAA-TCP_SEND: name:enp0s3: saddr:100932208: daddr:33561200: srtt_us:11039322: RTT:1379915: ssthresh:2147483647: cwnd:18: delivered:9: lost:0: retrans:1: loseo:0: stage:0: conn:0: RTT6:1226593: RTT7:1150662: delta:0
[  206.349071] AAAAA-TCP_RECV: name:enp0s3: saddr:33561200: daddr:100932208: srtt_us:11039322: RTT:1379915: ssthresh:2147483647: cwnd:18: delivered:9: lost:0: retrans:1: loseo:0: stage:0: conn:0: RTT6:1226593: RTT7:1150662: delta:0
[  206.349114] AAAAA-TCP_SEND: name:enp0s3: saddr:100932208: daddr:33561200: srtt_us:12267907: RTT:1533488: ssthresh:2147483647: cwnd:19: delivered:10: lost:0: retrans:1: loseo:0: stage:0: conn:0: RTT6:1395089: RTT7:1226593: delta:0
[  206.349142] AAAAA-TCP_SEND: name:enp0s3: saddr:100932208: daddr:33561200: srtt_us:12267907: RTT:1533488: ssthresh:2147483647: cwnd:19: delivered:10: lost:0: retrans:1: loseo:0: stage:0: conn:0: RTT6:1395089: RTT7:1226593: delta:0
[  206.541276] AAAAA-TCP_RECV: name:enp0s3: saddr:33561200: daddr:100932208: srtt_us:12267907: RTT:1533488: ssthresh:2147483647: cwnd:19: delivered:10: lost:0: retrans:1: loseo:0: stage:0: conn:0: RTT6:1395089: RTT7:1226593: delta:0
[  206.541309] AAAAA-TCP_SEND: name:enp0s3: saddr:100932208: daddr:33561200: srtt_us:13535419: RTT:1691927: ssthresh:2147483647: cwnd:20: delivered:11: lost:0: retrans:1: loseo:0: stage:0: conn:0: RTT6:1714937: RTT7:1395089: delta:319848
[  206.541331] AAAAA-TCP_SEND: name:enp0s3: saddr:100932208: daddr:33561200: srtt_us:13535419: RTT:1691927: ssthresh:2147483647: cwnd:20: delivered:11: lost:0: retrans:1: loseo:0: stage:0: conn:0: RTT6:1714937: RTT7:1395089: delta:319848
[  206.611081] AAAAA-TCP_SEND: name:enp0s3: saddr:100932208: daddr:16783984: srtt_us:6136497: RTT:767062: ssthresh:14: cwnd:1: delivered:12: lost:20: retrans:2: loseo:1: stage:0: conn:0: RTT6:0: RTT7:0: delta:0
[  206.738940] AAAAA-TCP_RECV: name:enp0s3: saddr:16783984: daddr:100932208: srtt_us:6136497: RTT:767062: ssthresh:14: cwnd:1: delivered:12: lost:20: retrans:2: loseo:0: stage:0: conn:0: RTT6:0: RTT7:0: delta:0
[  206.738980] AAAAA-TCP_SEND: name:enp0s3: saddr:100932208: daddr:16783984: srtt_us:8085435: RTT:1010679: ssthresh:2147483647: cwnd:23: delivered:15: lost:20: retrans:2: loseo:0: stage:0: conn:0: RTT6:0: RTT7:0: delta:0
[  206.739001] AAAAA-TCP_SEND: name:enp0s3: saddr:100932208: daddr:16783984: srtt_us:8085435: RTT:1010679: ssthresh:2147483647: cwnd:23: delivered:15: lost:20: retrans:2: loseo:0: stage:0: conn:0: RTT6:0: RTT7:0: delta:0
[  206.739843] AAAAA-TCP_SEND: name:enp0s3: saddr:100932208: daddr:16783984: srtt_us:8085435: RTT:1010679: ssthresh:2147483647: cwnd:23: delivered:15: lost:20: retrans:2: loseo:0: stage:0: conn:0: RTT6:0: RTT7:0: delta:0
[  206.739874] AAAAA-TCP_SEND: name:enp0s3: saddr:100932208: daddr:16783984: srtt_us:8085435: RTT:1010679: ssthresh:2147483647: cwnd:23: delivered:15: lost:20: retrans:2: loseo:0: stage:0: conn:0: RTT6:0: RTT7:0: delta:0
[  206.739970] AAAAA-TCP_SEND: name:enp0s3: saddr:100932208: daddr:16783984: srtt_us:8085435: RTT:1010679: ssthresh:2147483647: cwnd:23: delivered:15: lost:20: retrans:2: loseo:0: stage:0: conn:0: RTT6:0: RTT7:0: delta:0
[  206.739989] AAAAA-TCP_SEND: name:enp0s3: saddr:100932208: daddr:16783984: srtt_us:8085435: RTT:1010679: ssthresh:2147483647: cwnd:23: delivered:15: lost:20: retrans:2: loseo:0: stage:0: conn:0: RTT6:0: RTT7:0: delta:0
[  207.030631] AAAAA-TCP_RECV: name:enp0s3: saddr:16783984: daddr:100932208: srtt_us:8085435: RTT:1010679: ssthresh:2147483647: cwnd:23: delivered:15: lost:20: retrans:2: loseo:0: stage:0: conn:0: RTT6:0: RTT7:0: delta:0
[  207.030680] AAAAA-TCP_SEND: name:enp0s3: saddr:100932208: daddr:16783984: srtt_us:10082484: RTT:1260310: ssthresh:2147483647: cwnd:24: delivered:16: lost:20: retrans:2: loseo:0: stage:0: conn:0: RTT6:0: RTT7:0: delta:0
[  207.030707] AAAAA-TCP_SEND: name:enp0s3: saddr:100932208: daddr:16783984: srtt_us:10082484: RTT:1260310: ssthresh:2147483647: cwnd:24: delivered:16: lost:20: retrans:2: loseo:0: stage:0: conn:0: RTT6:0: RTT7:0: delta:0
[  207.183540] AAAAA-TCP_RECV: name:enp0s3: saddr:16783984: daddr:100932208: srtt_us:10082484: RTT:1260310: ssthresh:2147483647: cwnd:24: delivered:16: lost:20: retrans:2: loseo:0: stage:0: conn:0: RTT6:0: RTT7:0: delta:0
[  207.183573] AAAAA-TCP_SEND: name:enp0s3: saddr:100932208: daddr:16783984: srtt_us:11867002: RTT:1483375: ssthresh:2147483647: cwnd:25: delivered:17: lost:20: retrans:2: loseo:0: stage:0: conn:0: RTT6:0: RTT7:0: delta:0
[  207.183592] AAAAA-TCP_SEND: name:enp0s3: saddr:100932208: daddr:16783984: srtt_us:11867002: RTT:1483375: ssthresh:2147483647: cwnd:25: delivered:17: lost:20: retrans:2: loseo:0: stage:0: conn:0: RTT6:0: RTT7:0: delta:0
[  207.258252] AAAAA-TCP_RECV: name:enp0s3: saddr:16783984: daddr:100932208: srtt_us:11867002: RTT:1483375: ssthresh:2147483647: cwnd:25: delivered:17: lost:20: retrans:2: loseo:0: stage:0: conn:0: RTT6:0: RTT7:0: delta:0
[  207.258283] AAAAA-TCP_SEND: name:enp0s3: saddr:100932208: daddr:16783984: srtt_us:13503168: RTT:1687896: ssthresh:2147483647: cwnd:26: delivered:18: lost:20: retrans:2: loseo:0: stage:0: conn:0: RTT6:0: RTT7:0: delta:0
[  207.258303] AAAAA-TCP_SEND: name:enp0s3: saddr:100932208: daddr:16783984: srtt_us:13503168: RTT:1687896: ssthresh:2147483647: cwnd:26: delivered:18: lost:20: retrans:2: loseo:0: stage:0: conn:0: RTT6:0: RTT7:0: delta:0
[  207.341525] AAAAA-TCP_RECV: name:enp0s3: saddr:16783984: daddr:100932208: srtt_us:13503168: RTT:1687896: ssthresh:2147483647: cwnd:26: delivered:18: lost:20: retrans:2: loseo:0: stage:0: conn:0: RTT6:0: RTT7:0: delta:0
[  207.341566] AAAAA-TCP_SEND: name:enp0s3: saddr:100932208: daddr:16783984: srtt_us:14903363: RTT:1862920: ssthresh:2147483647: cwnd:27: delivered:19: lost:20: retrans:2: loseo:0: stage:0: conn:0: RTT6:0: RTT7:0: delta:0
[  207.341591] AAAAA-TCP_SEND: name:enp0s3: saddr:100932208: daddr:16783984: srtt_us:14903363: RTT:1862920: ssthresh:2147483647: cwnd:27: delivered:19: lost:20: retrans:2: loseo:0: stage:0: conn:0: RTT6:0: RTT7:0: delta:0
[  207.527732] AAAAA-TCP_RECV: name:enp0s3: saddr:16783984: daddr:100932208: srtt_us:14903363: RTT:1862920: ssthresh:2147483647: cwnd:27: delivered:19: lost:20: retrans:2: loseo:0: stage:0: conn:0: RTT6:0: RTT7:0: delta:0
[  207.527777] AAAAA-TCP_SEND: name:enp0s3: saddr:100932208: daddr:16783984: srtt_us:16314742: RTT:2039342: ssthresh:2147483647: cwnd:28: delivered:20: lost:20: retrans:2: loseo:0: stage:0: conn:0: RTT6:0: RTT7:0: delta:0
[  207.527805] AAAAA-TCP_SEND: name:enp0s3: saddr:100932208: daddr:16783984: srtt_us:16314742: RTT:2039342: ssthresh:2147483647: cwnd:28: delivered:20: lost:20: retrans:2: loseo:0: stage:0: conn:0: RTT6:0: RTT7:0: delta:0
[  207.587874] AAAAA-TCP_RECV: name:enp0s3: saddr:16783984: daddr:100932208: srtt_us:16314742: RTT:2039342: ssthresh:2147483647: cwnd:28: delivered:20: lost:20: retrans:2: loseo:0: stage:0: conn:0: RTT6:0: RTT7:0: delta:0
[  207.587897] AAAAA-TCP_SEND: name:enp0s3: saddr:100932208: daddr:16783984: srtt_us:16314742: RTT:2039342: ssthresh:2147483647: cwnd:28: delivered:20: lost:20: retrans:2: loseo:0: stage:0: conn:0: RTT6:0: RTT7:0: delta:0
[  207.663201] AAAAA-TCP_RECV: name:enp0s3: saddr:16783984: daddr:100932208: srtt_us:16314742: RTT:2039342: ssthresh:2147483647: cwnd:28: delivered:20: lost:20: retrans:2: loseo:0: stage:0: conn:0: RTT6:0: RTT7:0: delta:0
[  207.663231] AAAAA-TCP_SEND: name:enp0s3: saddr:100932208: daddr:16783984: srtt_us:17654845: RTT:2206855: ssthresh:2147483647: cwnd:29: delivered:21: lost:20: retrans:2: loseo:0: stage:0: conn:0: RTT6:2716000: RTT7:0: delta:0
[  207.663251] AAAAA-TCP_SEND: name:enp0s3: saddr:100932208: daddr:16783984: srtt_us:17654845: RTT:2206855: ssthresh:2147483647: cwnd:29: delivered:21: lost:20: retrans:2: loseo:0: stage:0: conn:0: RTT6:2716000: RTT7:0: delta:0
[  207.704317] AAAAA-TCP_RECV: name:enp0s3: saddr:16783984: daddr:100932208: srtt_us:17654845: RTT:2206855: ssthresh:2147483647: cwnd:29: delivered:21: lost:20: retrans:2: loseo:0: stage:0: conn:0: RTT6:2716000: RTT7:0: delta:0
[  207.732759] AAAAA-TCP_RECV: name:enp0s3: saddr:16783984: daddr:100932208: srtt_us:17654845: RTT:2206855: ssthresh:2147483647: cwnd:29: delivered:21: lost:20: retrans:2: loseo:0: stage:0: conn:0: RTT6:2716000: RTT7:0: delta:0
[  207.779624] AAAAA-TCP_RECV: name:enp0s3: saddr:16783984: daddr:100932208: srtt_us:17654845: RTT:2206855: ssthresh:2147483647: cwnd:29: delivered:21: lost:20: retrans:2: loseo:0: stage:0: conn:0: RTT6:2716000: RTT7:0: delta:0
[  207.779663] AAAAA-TCP_SEND: name:enp0s3: saddr:100932208: daddr:16783984: srtt_us:18943871: RTT:2367983: ssthresh:2147483647: cwnd:30: delivered:22: lost:20: retrans:2: loseo:0: stage:0: conn:0: RTT6:3007728: RTT7:2716000: delta:0
[  207.779688] AAAAA-TCP_SEND: name:enp0s3: saddr:100932208: daddr:16783984: srtt_us:18943871: RTT:2367983: ssthresh:2147483647: cwnd:30: delivered:22: lost:20: retrans:2: loseo:0: stage:0: conn:0: RTT6:3007728: RTT7:2716000: delta:0
[  207.900668] AAAAA-TCP_RECV: name:enp0s3: saddr:16783984: daddr:100932208: srtt_us:18943871: RTT:2367983: ssthresh:2147483647: cwnd:30: delivered:22: lost:20: retrans:2: loseo:0: stage:0: conn:0: RTT6:3007728: RTT7:2716000: delta:0
[  207.900707] AAAAA-TCP_SEND: name:enp0s3: saddr:100932208: daddr:16783984: srtt_us:20112772: RTT:2514096: ssthresh:2147483647: cwnd:31: delivered:23: lost:20: retrans:2: loseo:0: stage:0: conn:0: RTT6:3044828: RTT7:3007728: delta:0
[  207.900734] AAAAA-TCP_SEND: name:enp0s3: saddr:100932208: daddr:16783984: srtt_us:20112772: RTT:2514096: ssthresh:2147483647: cwnd:31: delivered:23: lost:20: retrans:2: loseo:0: stage:0: conn:0: RTT6:3044828: RTT7:3007728: delta:0
[  208.019637] AAAAA-TCP_RECV: name:enp0s3: saddr:16783984: daddr:100932208: srtt_us:20112772: RTT:2514096: ssthresh:2147483647: cwnd:31: delivered:23: lost:20: retrans:2: loseo:0: stage:0: conn:0: RTT6:3044828: RTT7:3007728: delta:0
[  208.228625] AAAAA-TCP_RECV: name:enp0s3: saddr:33561200: daddr:100932208: srtt_us:13535419: RTT:1691927: ssthresh:2147483647: cwnd:20: delivered:11: lost:0: retrans:1: loseo:0: stage:0: conn:0: RTT6:1714937: RTT7:1395089: delta:319848
[  208.418751] AAAAA-TCP_RECV: name:enp0s3: saddr:16783984: daddr:100932208: srtt_us:21254516: RTT:2656814: ssthresh:31: cwnd:31: delivered:24: lost:20: retrans:2: loseo:0: stage:0: conn:0: RTT6:3119541: RTT7:3044828: delta:74713
[  208.577379] AAAAA-TCP_RECV: name:enp0s3: saddr:16783984: daddr:100932208: srtt_us:22574782: RTT:2821847: ssthresh:31: cwnd:32: delivered:25: lost:20: retrans:2: loseo:0: stage:0: conn:0: RTT6:3119541: RTT7:3044828: delta:74713
[  208.792518] AAAAA-TCP_RECV: name:enp0s3: saddr:16783984: daddr:100932208: srtt_us:23888641: RTT:2986080: ssthresh:31: cwnd:32: delivered:26: lost:20: retrans:2: loseo:0: stage:0: conn:0: RTT6:3119541: RTT7:3044828: delta:74713
[  208.877582] AAAAA-TCP_RECV: name:enp0s3: saddr:16783984: daddr:100932208: srtt_us:25189906: RTT:3148738: ssthresh:31: cwnd:33: delivered:27: lost:20: retrans:2: loseo:0: stage:0: conn:0: RTT6:3119541: RTT7:3044828: delta:74713
[  208.980234] AAAAA-TCP_RECV: name:enp0s3: saddr:16783984: daddr:100932208: srtt_us:26413578: RTT:3301697: ssthresh:31: cwnd:33: delivered:28: lost:20: retrans:2: loseo:0: stage:0: conn:0: RTT6:3119541: RTT7:3044828: delta:74713
[  209.092489] AAAAA-TCP_RECV: name:enp0s3: saddr:16783984: daddr:100932208: srtt_us:27467724: RTT:3433465: ssthresh:31: cwnd:34: delivered:29: lost:20: retrans:2: loseo:0: stage:0: conn:0: RTT6:3119541: RTT7:3044828: delta:74713
[  209.148380] AAAAA-TCP_RECV: name:enp0s3: saddr:16783984: daddr:100932208: srtt_us:28502345: RTT:3562793: ssthresh:31: cwnd:34: delivered:30: lost:20: retrans:2: loseo:0: stage:0: conn:0: RTT6:3088091: RTT7:3119541: delta:74713
[  209.328924] AAAAA-TCP_RECV: name:enp0s3: saddr:33561200: daddr:100932208: srtt_us:13535419: RTT:1691927: ssthresh:2147483647: cwnd:20: delivered:12: lost:0: retrans:1: loseo:0: stage:0: conn:0: RTT6:1714937: RTT7:1395089: delta:319848
[  209.468297] AAAAA-TCP_RECV: name:enp0s3: saddr:33561200: daddr:100932208: srtt_us:16282743: RTT:2035342: ssthresh:2147483647: cwnd:21: delivered:13: lost:0: retrans:1: loseo:0: stage:0: conn:0: RTT6:1785382: RTT7:1714937: delta:319848
[  209.536465] AAAAA-TCP_RECV: name:enp0s3: saddr:33561200: daddr:100932208: srtt_us:18826024: RTT:2353253: ssthresh:2147483647: cwnd:22: delivered:14: lost:0: retrans:1: loseo:0: stage:0: conn:0: RTT6:2095140: RTT7:1785382: delta:319848
[  209.678613] AAAAA-TCP_RECV: name:enp0s3: saddr:33561200: daddr:100932208: srtt_us:21043640: RTT:2630455: ssthresh:2147483647: cwnd:23: delivered:15: lost:0: retrans:1: loseo:0: stage:0: conn:0: RTT6:2400888: RTT7:2095140: delta:319848
[  209.761005] AAAAA-TCP_RECV: name:enp0s3: saddr:33561200: daddr:100932208: srtt_us:23126189: RTT:2890773: ssthresh:2147483647: cwnd:24: delivered:16: lost:0: retrans:1: loseo:0: stage:0: conn:0: RTT6:2539859: RTT7:2400888: delta:319848
[  209.851173] AAAAA-TCP_RECV: name:enp0s3: saddr:33561200: daddr:100932208: srtt_us:24861062: RTT:3107632: ssthresh:24: cwnd:24: delivered:17: lost:0: retrans:1: loseo:0: stage:0: conn:4: RTT6:2608500: RTT7:2539859: delta:319848
[  210.194430] AAAAA-TCP_RECV: name:enp0s3: saddr:33561200: daddr:100932208: srtt_us:26469243: RTT:3308655: ssthresh:24: cwnd:24: delivered:18: lost:0: retrans:1: loseo:0: stage:0: conn:4: RTT6:2608500: RTT7:2539859: delta:319848
[  210.285352] AAAAA-TCP_RECV: name:enp0s3: saddr:33561200: daddr:100932208: srtt_us:27899800: RTT:3487475: ssthresh:24: cwnd:24: delivered:19: lost:0: retrans:1: loseo:0: stage:0: conn:4: RTT6:2608500: RTT7:2539859: delta:319848
[  210.351620] AAAAA-TCP_RECV: name:enp0s3: saddr:33561200: daddr:100932208: srtt_us:29242478: RTT:3655309: ssthresh:24: cwnd:24: delivered:20: lost:0: retrans:1: loseo:0: stage:0: conn:4: RTT6:2608500: RTT7:2539859: delta:319848
[  210.436536] AAAAA-TCP_RECV: name:enp0s3: saddr:33561200: daddr:100932208: srtt_us:30413012: RTT:3801626: ssthresh:24: cwnd:24: delivered:21: lost:0: retrans:1: loseo:0: stage:0: conn:4: RTT6:2608500: RTT7:2539859: delta:319848
[  210.498332] AAAAA-TCP_RECV: name:enp0s3: saddr:33561200: daddr:100932208: srtt_us:31522165: RTT:3940270: ssthresh:24: cwnd:24: delivered:22: lost:0: retrans:1: loseo:0: stage:0: conn:4: RTT6:2608500: RTT7:2539859: delta:319848
[  210.547325] AAAAA-TCP_RECV: name:enp0s3: saddr:33561200: daddr:100932208: srtt_us:32244701: RTT:4030587: ssthresh:24: cwnd:24: delivered:23: lost:0: retrans:1: loseo:0: stage:0: conn:4: RTT6:2608500: RTT7:2539859: delta:319848
[  210.626216] AAAAA-TCP_RECV: name:enp0s3: saddr:33561200: daddr:100932208: srtt_us:32925914: RTT:4115739: ssthresh:24: cwnd:24: delivered:24: lost:0: retrans:1: loseo:0: stage:0: conn:4: RTT6:2608500: RTT7:2539859: delta:319848
[  210.689165] AAAAA-TCP_RECV: name:enp0s3: saddr:33561200: daddr:100932208: srtt_us:33294990: RTT:4161873: ssthresh:24: cwnd:17: delivered:25: lost:0: retrans:1: loseo:0: stage:0: conn:4: RTT6:2608500: RTT7:2539859: delta:319848
[  210.762524] AAAAA-TCP_RECV: name:enp0s3: saddr:33561200: daddr:100932208: srtt_us:33680879: RTT:4210109: ssthresh:24: cwnd:18: delivered:26: lost:0: retrans:1: loseo:0: stage:0: conn:4: RTT6:2608500: RTT7:2539859: delta:319848
[  210.924325] AAAAA-TCP_RECV: name:enp0s3: saddr:33561200: daddr:100932208: srtt_us:33952927: RTT:4244115: ssthresh:24: cwnd:19: delivered:27: lost:0: retrans:1: loseo:0: stage:0: conn:4: RTT6:2801000: RTT7:2608500: delta:319848
[  211.063507] AAAAA-TCP_RECV: name:enp0s3: saddr:33561200: daddr:100932208: srtt_us:34352771: RTT:4294096: ssthresh:24: cwnd:20: delivered:28: lost:0: retrans:1: loseo:0: stage:0: conn:4: RTT6:4439251: RTT7:2801000: delta:319848
[  211.173094] AAAAA-TCP_RECV: name:enp0s3: saddr:33561200: daddr:100932208: srtt_us:34773091: RTT:4346636: ssthresh:24: cwnd:21: delivered:29: lost:0: retrans:1: loseo:0: stage:0: conn:4: RTT6:4578623: RTT7:4439251: delta:319848
[  211.219561] AAAAA-TCP_RECV: name:enp0s3: saddr:33561200: daddr:100932208: srtt_us:35250463: RTT:4406307: ssthresh:24: cwnd:23: delivered:31: lost:0: retrans:1: loseo:0: stage:0: conn:4: RTT6:4570869: RTT7:4578623: delta:319848
[  211.467523] AAAAA-TCP_RECV: name:enp0s3: saddr:16783984: daddr:100932208: srtt_us:29448247: RTT:3681030: ssthresh:31: cwnd:35: delivered:32: lost:20: retrans:2: loseo:0: stage:0: conn:4: RTT6:3274299: RTT7:3088091: delta:74713
[  211.529710] AAAAA-TCP_RECV: name:enp0s3: saddr:16783984: daddr:100932208: srtt_us:29448247: RTT:3681030: ssthresh:31: cwnd:35: delivered:33: lost:20: retrans:2: loseo:0: stage:0: conn:4: RTT6:3274299: RTT7:3088091: delta:74713
[  211.615147] AAAAA-TCP_RECV: name:enp0s3: saddr:16783984: daddr:100932208: srtt_us:30557969: RTT:3819746: ssthresh:31: cwnd:36: delivered:34: lost:20: retrans:2: loseo:0: stage:0: conn:2: RTT6:3379445: RTT7:3274299: delta:74713
[  211.697018] AAAAA-TCP_RECV: name:enp0s3: saddr:16783984: daddr:100932208: srtt_us:31613518: RTT:3951689: ssthresh:31: cwnd:36: delivered:35: lost:20: retrans:2: loseo:0: stage:0: conn:2: RTT6:3495881: RTT7:3379445: delta:74713
[  211.769057] AAAAA-TCP_RECV: name:enp0s3: saddr:16783984: daddr:100932208: srtt_us:32618897: RTT:4077362: ssthresh:31: cwnd:36: delivered:36: lost:20: retrans:2: loseo:0: stage:0: conn:2: RTT6:3536884: RTT7:3495881: delta:74713
[  211.769106] AAAAA-TCP_SEND: name:enp0s3: saddr:100932208: daddr:16783984: srtt_us:33570622: RTT:4196327: ssthresh:25: cwnd:17: delivered:37: lost:22: retrans:3: loseo:1: stage:0: conn:2: RTT6:3655840: RTT7:3536884: delta:74713
[  211.825552] AAAAA-TCP_RECV: name:enp0s3: saddr:16783984: daddr:100932208: srtt_us:33570622: RTT:4196327: ssthresh:25: cwnd:17: delivered:37: lost:22: retrans:3: loseo:0: stage:0: conn:2: RTT6:3655840: RTT7:3536884: delta:74713
[  211.825588] AAAAA-TCP_SEND: name:enp0s3: saddr:100932208: daddr:16783984: srtt_us:34169190: RTT:4271148: ssthresh:25: cwnd:17: delivered:38: lost:22: retrans:4: loseo:1: stage:0: conn:2: RTT6:4468086: RTT7:3655840: delta:74713
[  212.245958] AAAAA-TCP_RECV: name:enp0s3: saddr:16783984: daddr:100932208: srtt_us:34169190: RTT:4271148: ssthresh:25: cwnd:17: delivered:38: lost:22: retrans:4: loseo:0: stage:0: conn:2: RTT6:4468086: RTT7:3655840: delta:74713
[  212.319312] AAAAA-TCP_RECV: name:enp0s3: saddr:16783984: daddr:100932208: srtt_us:35113353: RTT:4389169: ssthresh:25: cwnd:17: delivered:39: lost:22: retrans:4: loseo:0: stage:0: conn:2: RTT6:4508695: RTT7:4468086: delta:74713
[  212.354005] AAAAA-TCP_RECV: name:enp0s3: saddr:16783984: daddr:100932208: srtt_us:35859946: RTT:4482493: ssthresh:25: cwnd:16: delivered:40: lost:22: retrans:4: loseo:0: stage:0: conn:2: RTT6:4790752: RTT7:4508695: delta:74713
[  212.409380] AAAAA-TCP_RECV: name:enp0s3: saddr:16783984: daddr:100932208: srtt_us:36547907: RTT:4568488: ssthresh:25: cwnd:15: delivered:41: lost:22: retrans:4: loseo:0: stage:0: conn:2: RTT6:4875295: RTT7:4790752: delta:84543
[  212.494166] AAAAA-TCP_RECV: name:enp0s3: saddr:16783984: daddr:100932208: srtt_us:37130536: RTT:4641317: ssthresh:25: cwnd:14: delivered:42: lost:22: retrans:4: loseo:0: stage:0: conn:2: RTT6:4957068: RTT7:4875295: delta:84543
[  212.632739] AAAAA-TCP_RECV: name:enp0s3: saddr:16783984: daddr:100932208: srtt_us:37725121: RTT:4715640: ssthresh:25: cwnd:13: delivered:43: lost:22: retrans:4: loseo:0: stage:0: conn:2: RTT6:5029087: RTT7:4957068: delta:84543
[  212.665222] AAAAA-TCP_RECV: name:enp0s3: saddr:16783984: daddr:100932208: srtt_us:38300674: RTT:4787584: ssthresh:25: cwnd:12: delivered:44: lost:22: retrans:4: loseo:0: stage:0: conn:2: RTT6:4794895: RTT7:5029087: delta:84543
[  212.696254] AAAAA-TCP_RECV: name:enp0s3: saddr:16783984: daddr:100932208: srtt_us:38836764: RTT:4854595: ssthresh:25: cwnd:11: delivered:45: lost:22: retrans:4: loseo:0: stage:0: conn:2: RTT6:5215311: RTT7:4794895: delta:84543
[  212.730764] AAAAA-TCP_RECV: name:enp0s3: saddr:16783984: daddr:100932208: srtt_us:39150667: RTT:4893833: ssthresh:25: cwnd:10: delivered:46: lost:22: retrans:4: loseo:0: stage:0: conn:2: RTT6:5135762: RTT7:5215311: delta:84543
[  212.816011] AAAAA-TCP_RECV: name:enp0s3: saddr:16783984: daddr:100932208: srtt_us:39459841: RTT:4932480: ssthresh:25: cwnd:9: delivered:47: lost:22: retrans:4: loseo:0: stage:0: conn:2: RTT6:5170454: RTT7:5135762: delta:84543
[  212.871749] AAAAA-TCP_RECV: name:enp0s3: saddr:16783984: daddr:100932208: srtt_us:39680149: RTT:4960018: ssthresh:25: cwnd:8: delivered:48: lost:22: retrans:4: loseo:0: stage:0: conn:2: RTT6:5151117: RTT7:5170454: delta:84543
[  213.002403] AAAAA-TCP_RECV: name:enp0s3: saddr:16783984: daddr:100932208: srtt_us:39928669: RTT:4991083: ssthresh:25: cwnd:7: delivered:49: lost:22: retrans:4: loseo:0: stage:0: conn:2: RTT6:5235902: RTT7:5151117: delta:84543
[  213.037356] AAAAA-TCP_RECV: name:enp0s3: saddr:16783984: daddr:100932208: srtt_us:40160345: RTT:5020043: ssthresh:25: cwnd:6: delivered:50: lost:22: retrans:4: loseo:0: stage:0: conn:2: RTT6:5291193: RTT7:5235902: delta:84543
[  213.072915] AAAAA-TCP_RECV: name:enp0s3: saddr:16783984: daddr:100932208: srtt_us:40398015: RTT:5049751: ssthresh:25: cwnd:5: delivered:51: lost:22: retrans:4: loseo:0: stage:0: conn:2: RTT6:5323674: RTT7:5291193: delta:32481
[  213.099918] AAAAA-TCP_RECV: name:enp0s3: saddr:16783984: daddr:100932208: srtt_us:40520480: RTT:5065060: ssthresh:25: cwnd:4: delivered:52: lost:22: retrans:4: loseo:0: stage:0: conn:2: RTT6:5168498: RTT7:5323674: delta:32481
[  213.151540] AAAAA-TCP_RECV: name:enp0s3: saddr:16783984: daddr:100932208: srtt_us:40654639: RTT:5081829: ssthresh:25: cwnd:3: delivered:53: lost:22: retrans:4: loseo:0: stage:0: conn:2: RTT6:5203007: RTT7:5168498: delta:32481
[  213.181815] AAAAA-TCP_RECV: name:enp0s3: saddr:16783984: daddr:100932208: srtt_us:36954810: RTT:4619351: ssthresh:25: cwnd:18: delivered:54: lost:22: retrans:4: loseo:0: stage:0: conn:2: RTT6:5152788: RTT7:5203007: delta:32481
[  226.255237] AAAAA-TCP_SEND: name:enp0s3: saddr:100932208: daddr:16783984: srtt_us:33691459: RTT:4211432: ssthresh:25: cwnd:25: delivered:55: lost:22: retrans:4: loseo:0: stage:0: conn:2: RTT6:5208538: RTT7:5152788: delta:32481
[  226.255274] AAAAA-TCP_SEND: name:enp0s3: saddr:100932208: daddr:16783984: srtt_us:33691459: RTT:4211432: ssthresh:25: cwnd:17: delivered:55: lost:22: retrans:4: loseo:0: stage:0: conn:2: RTT6:5208538: RTT7:5152788: delta:32481
[  226.255378] AAAAA-TCP_SEND: name:enp0s3: saddr:100932208: daddr:16783984: srtt_us:33691459: RTT:4211432: ssthresh:25: cwnd:17: delivered:55: lost:22: retrans:4: loseo:0: stage:0: conn:2: RTT6:5208538: RTT7:5152788: delta:32481
[  226.255400] AAAAA-TCP_SEND: name:enp0s3: saddr:100932208: daddr:16783984: srtt_us:33691459: RTT:4211432: ssthresh:25: cwnd:17: delivered:55: lost:22: retrans:4: loseo:0: stage:0: conn:2: RTT6:5208538: RTT7:5152788: delta:32481
[  226.255490] AAAAA-TCP_SEND: name:enp0s3: saddr:100932208: daddr:16783984: srtt_us:33691459: RTT:4211432: ssthresh:25: cwnd:17: delivered:55: lost:22: retrans:4: loseo:0: stage:0: conn:2: RTT6:5208538: RTT7:5152788: delta:32481
[  226.255511] AAAAA-TCP_SEND: name:enp0s3: saddr:100932208: daddr:16783984: srtt_us:33691459: RTT:4211432: ssthresh:25: cwnd:17: delivered:55: lost:22: retrans:4: loseo:0: stage:0: conn:2: RTT6:5208538: RTT7:5152788: delta:32481
[  226.255603] AAAAA-TCP_SEND: name:enp0s3: saddr:100932208: daddr:16783984: srtt_us:33691459: RTT:4211432: ssthresh:25: cwnd:17: delivered:55: lost:22: retrans:4: loseo:0: stage:0: conn:2: RTT6:5208538: RTT7:5152788: delta:32481
[  226.255624] AAAAA-TCP_SEND: name:enp0s3: saddr:100932208: daddr:16783984: srtt_us:33691459: RTT:4211432: ssthresh:25: cwnd:17: delivered:55: lost:22: retrans:4: loseo:0: stage:0: conn:2: RTT6:5208538: RTT7:5152788: delta:32481
[  226.255725] AAAAA-TCP_SEND: name:enp0s3: saddr:100932208: daddr:16783984: srtt_us:33691459: RTT:4211432: ssthresh:25: cwnd:17: delivered:55: lost:22: retrans:4: loseo:0: stage:0: conn:2: RTT6:5208538: RTT7:5152788: delta:32481
[  226.255745] AAAAA-TCP_SEND: name:enp0s3: saddr:100932208: daddr:16783984: srtt_us:33691459: RTT:4211432: ssthresh:25: cwnd:17: delivered:55: lost:22: retrans:4: loseo:0: stage:0: conn:2: RTT6:5208538: RTT7:5152788: delta:32481
[  226.255832] AAAAA-TCP_SEND: name:enp0s3: saddr:100932208: daddr:16783984: srtt_us:33691459: RTT:4211432: ssthresh:25: cwnd:17: delivered:55: lost:22: retrans:4: loseo:0: stage:0: conn:2: RTT6:5208538: RTT7:5152788: delta:32481
[  226.255853] AAAAA-TCP_SEND: name:enp0s3: saddr:100932208: daddr:16783984: srtt_us:33691459: RTT:4211432: ssthresh:25: cwnd:17: delivered:55: lost:22: retrans:4: loseo:0: stage:0: conn:2: RTT6:5208538: RTT7:5152788: delta:32481
[  226.255916] AAAAA-TCP_SEND: name:enp0s3: saddr:100932208: daddr:16783984: srtt_us:33691459: RTT:4211432: ssthresh:25: cwnd:17: delivered:55: lost:22: retrans:4: loseo:0: stage:0: conn:2: RTT6:5208538: RTT7:5152788: delta:32481
[  226.255936] AAAAA-TCP_SEND: name:enp0s3: saddr:100932208: daddr:16783984: srtt_us:33691459: RTT:4211432: ssthresh:25: cwnd:17: delivered:55: lost:22: retrans:4: loseo:0: stage:0: conn:2: RTT6:5208538: RTT7:5152788: delta:32481
[  226.256001] AAAAA-TCP_SEND: name:enp0s3: saddr:100932208: daddr:16783984: srtt_us:33691459: RTT:4211432: ssthresh:25: cwnd:17: delivered:55: lost:22: retrans:4: loseo:0: stage:0: conn:2: RTT6:5208538: RTT7:5152788: delta:32481
[  226.256020] AAAAA-TCP_SEND: name:enp0s3: saddr:100932208: daddr:16783984: srtt_us:33691459: RTT:4211432: ssthresh:25: cwnd:17: delivered:55: lost:22: retrans:4: loseo:0: stage:0: conn:2: RTT6:5208538: RTT7:5152788: delta:32481
[  226.256116] AAAAA-TCP_SEND: name:enp0s3: saddr:100932208: daddr:16783984: srtt_us:33691459: RTT:4211432: ssthresh:25: cwnd:17: delivered:55: lost:22: retrans:4: loseo:0: stage:0: conn:2: RTT6:5208538: RTT7:5152788: delta:32481
[  226.256140] AAAAA-TCP_SEND: name:enp0s3: saddr:100932208: daddr:33561200: srtt_us:35522432: RTT:4440304: ssthresh:24: cwnd:24: delivered:32: lost:0: retrans:1: loseo:0: stage:0: conn:2: RTT6:4713004: RTT7:4570869: delta:142135
[  226.256268] AAAAA-TCP_SEND: name:enp0s3: saddr:100932208: daddr:33561200: srtt_us:35522432: RTT:4440304: ssthresh:24: cwnd:17: delivered:32: lost:0: retrans:1: loseo:0: stage:0: conn:2: RTT6:4713004: RTT7:4570869: delta:142135
[  226.256290] AAAAA-TCP_SEND: name:enp0s3: saddr:100932208: daddr:33561200: srtt_us:35522432: RTT:4440304: ssthresh:24: cwnd:17: delivered:32: lost:0: retrans:1: loseo:0: stage:0: conn:2: RTT6:4713004: RTT7:4570869: delta:142135
[  226.256353] AAAAA-TCP_SEND: name:enp0s3: saddr:100932208: daddr:33561200: srtt_us:35522432: RTT:4440304: ssthresh:24: cwnd:17: delivered:32: lost:0: retrans:1: loseo:0: stage:0: conn:2: RTT6:4713004: RTT7:4570869: delta:142135
[  226.256373] AAAAA-TCP_SEND: name:enp0s3: saddr:100932208: daddr:33561200: srtt_us:35522432: RTT:4440304: ssthresh:24: cwnd:17: delivered:32: lost:0: retrans:1: loseo:0: stage:0: conn:2: RTT6:4713004: RTT7:4570869: delta:142135
[  226.256510] AAAAA-TCP_SEND: name:enp0s3: saddr:100932208: daddr:33561200: srtt_us:35522432: RTT:4440304: ssthresh:24: cwnd:17: delivered:32: lost:0: retrans:1: loseo:0: stage:0: conn:2: RTT6:4713004: RTT7:4570869: delta:142135
[  226.256531] AAAAA-TCP_SEND: name:enp0s3: saddr:100932208: daddr:33561200: srtt_us:35522432: RTT:4440304: ssthresh:24: cwnd:17: delivered:32: lost:0: retrans:1: loseo:0: stage:0: conn:2: RTT6:4713004: RTT7:4570869: delta:142135
[  226.256653] AAAAA-TCP_SEND: name:enp0s3: saddr:100932208: daddr:33561200: srtt_us:35522432: RTT:4440304: ssthresh:24: cwnd:17: delivered:32: lost:0: retrans:1: loseo:0: stage:0: conn:2: RTT6:4713004: RTT7:4570869: delta:142135
[  226.256674] AAAAA-TCP_SEND: name:enp0s3: saddr:100932208: daddr:33561200: srtt_us:35522432: RTT:4440304: ssthresh:24: cwnd:17: delivered:32: lost:0: retrans:1: loseo:0: stage:0: conn:2: RTT6:4713004: RTT7:4570869: delta:142135
[  226.256766] AAAAA-TCP_SEND: name:enp0s3: saddr:100932208: daddr:33561200: srtt_us:35522432: RTT:4440304: ssthresh:24: cwnd:17: delivered:32: lost:0: retrans:1: loseo:0: stage:0: conn:2: RTT6:4713004: RTT7:4570869: delta:142135
[  226.256786] AAAAA-TCP_SEND: name:enp0s3: saddr:100932208: daddr:33561200: srtt_us:35522432: RTT:4440304: ssthresh:24: cwnd:17: delivered:32: lost:0: retrans:1: loseo:0: stage:0: conn:2: RTT6:4713004: RTT7:4570869: delta:142135
[  226.256849] AAAAA-TCP_SEND: name:enp0s3: saddr:100932208: daddr:33561200: srtt_us:35522432: RTT:4440304: ssthresh:24: cwnd:17: delivered:32: lost:0: retrans:1: loseo:0: stage:0: conn:2: RTT6:4713004: RTT7:4570869: delta:142135
[  226.256869] AAAAA-TCP_SEND: name:enp0s3: saddr:100932208: daddr:33561200: srtt_us:35522432: RTT:4440304: ssthresh:24: cwnd:17: delivered:32: lost:0: retrans:1: loseo:0: stage:0: conn:2: RTT6:4713004: RTT7:4570869: delta:142135
[  226.256993] AAAAA-TCP_SEND: name:enp0s3: saddr:100932208: daddr:33561200: srtt_us:35522432: RTT:4440304: ssthresh:24: cwnd:17: delivered:32: lost:0: retrans:1: loseo:0: stage:0: conn:2: RTT6:4713004: RTT7:4570869: delta:142135
[  226.257013] AAAAA-TCP_SEND: name:enp0s3: saddr:100932208: daddr:33561200: srtt_us:35522432: RTT:4440304: ssthresh:24: cwnd:17: delivered:32: lost:0: retrans:1: loseo:0: stage:0: conn:2: RTT6:4713004: RTT7:4570869: delta:142135
[  226.257156] AAAAA-TCP_SEND: name:enp0s3: saddr:100932208: daddr:33561200: srtt_us:35522432: RTT:4440304: ssthresh:24: cwnd:17: delivered:32: lost:0: retrans:1: loseo:0: stage:0: conn:2: RTT6:4713004: RTT7:4570869: delta:142135
[  226.257175] AAAAA-TCP_SEND: name:enp0s3: saddr:100932208: daddr:33561200: srtt_us:35522432: RTT:4440304: ssthresh:24: cwnd:17: delivered:32: lost:0: retrans:1: loseo:0: stage:0: conn:2: RTT6:4713004: RTT7:4570869: delta:142135
[  233.806174] AAAAA-TCP_RECV: name:enp0s3: saddr:16783984: daddr:100932208: srtt_us:33691459: RTT:4211432: ssthresh:25: cwnd:17: delivered:55: lost:22: retrans:4: loseo:0: stage:0: conn:2: RTT6:5208538: RTT7:5152788: delta:32481
[  233.806271] AAAAA-TCP_SEND: name:enp0s3: saddr:100932208: daddr:16783984: srtt_us:37031009: RTT:4628876: ssthresh:25: cwnd:26: delivered:64: lost:22: retrans:4: loseo:0: stage:0: conn:4: RTT6:5222759: RTT7:5208538: delta:32481
[  233.806306] AAAAA-TCP_SEND: name:enp0s3: saddr:100932208: daddr:16783984: srtt_us:37031009: RTT:4628876: ssthresh:25: cwnd:26: delivered:64: lost:22: retrans:4: loseo:0: stage:0: conn:4: RTT6:5222759: RTT7:5208538: delta:32481
[  233.807611] AAAAA-TCP_SEND: name:enp0s3: saddr:100932208: daddr:16783984: srtt_us:37031009: RTT:4628876: ssthresh:25: cwnd:26: delivered:64: lost:22: retrans:4: loseo:0: stage:0: conn:4: RTT6:5222759: RTT7:5208538: delta:32481
[  233.807633] AAAAA-TCP_SEND: name:enp0s3: saddr:100932208: daddr:16783984: srtt_us:37031009: RTT:4628876: ssthresh:25: cwnd:26: delivered:64: lost:22: retrans:4: loseo:0: stage:0: conn:4: RTT6:5222759: RTT7:5208538: delta:32481
[  233.807674] AAAAA-TCP_SEND: name:enp0s3: saddr:100932208: daddr:16783984: srtt_us:37031009: RTT:4628876: ssthresh:25: cwnd:26: delivered:64: lost:22: retrans:4: loseo:0: stage:0: conn:4: RTT6:5222759: RTT7:5208538: delta:32481
[  233.807742] AAAAA-TCP_SEND: name:enp0s3: saddr:100932208: daddr:16783984: srtt_us:37031009: RTT:4628876: ssthresh:25: cwnd:26: delivered:64: lost:22: retrans:4: loseo:0: stage:0: conn:4: RTT6:5222759: RTT7:5208538: delta:32481
[  233.807755] AAAAA-TCP_SEND: name:enp0s3: saddr:100932208: daddr:16783984: srtt_us:37031009: RTT:4628876: ssthresh:25: cwnd:26: delivered:64: lost:22: retrans:4: loseo:0: stage:0: conn:4: RTT6:5222759: RTT7:5208538: delta:32481
[  233.807853] AAAAA-TCP_SEND: name:enp0s3: saddr:100932208: daddr:16783984: srtt_us:37031009: RTT:4628876: ssthresh:25: cwnd:26: delivered:64: lost:22: retrans:4: loseo:0: stage:0: conn:4: RTT6:5222759: RTT7:5208538: delta:32481
[  233.807867] AAAAA-TCP_SEND: name:enp0s3: saddr:100932208: daddr:16783984: srtt_us:37031009: RTT:4628876: ssthresh:25: cwnd:26: delivered:64: lost:22: retrans:4: loseo:0: stage:0: conn:4: RTT6:5222759: RTT7:5208538: delta:32481
[  233.807956] AAAAA-TCP_SEND: name:enp0s3: saddr:100932208: daddr:16783984: srtt_us:37031009: RTT:4628876: ssthresh:25: cwnd:26: delivered:64: lost:22: retrans:4: loseo:0: stage:0: conn:4: RTT6:5222759: RTT7:5208538: delta:32481
[  233.807970] AAAAA-TCP_SEND: name:enp0s3: saddr:100932208: daddr:16783984: srtt_us:37031009: RTT:4628876: ssthresh:25: cwnd:26: delivered:64: lost:22: retrans:4: loseo:0: stage:0: conn:4: RTT6:5222759: RTT7:5208538: delta:32481
[  233.808072] AAAAA-TCP_SEND: name:enp0s3: saddr:100932208: daddr:16783984: srtt_us:37031009: RTT:4628876: ssthresh:25: cwnd:26: delivered:64: lost:22: retrans:4: loseo:0: stage:0: conn:4: RTT6:5222759: RTT7:5208538: delta:32481
[  233.808086] AAAAA-TCP_SEND: name:enp0s3: saddr:100932208: daddr:16783984: srtt_us:37031009: RTT:4628876: ssthresh:25: cwnd:26: delivered:64: lost:22: retrans:4: loseo:0: stage:0: conn:4: RTT6:5222759: RTT7:5208538: delta:32481
