[    0.000000] Linux version 5.4.243-mptcp (root@ztg) (gcc version 12.2.0 (Debian 12.2.0-14+deb12u1)) #53 SMP Wed Dec 24 23:28:15 CST 2025
[    0.000000] Command line: BOOT_IMAGE=/boot/vmlinuz-5.4.243-mptcp root=UUID=98415a12-53b7-4144-8265-0f7ece09e445 ro quiet splash
[    0.000000] KERNEL supported cpus:
[    0.000000]   Intel GenuineIntel
[    0.000000]   AMD AuthenticAMD
[    0.000000]   Hygon HygonGenuine
[    0.000000]   Centaur CentaurHauls
[    0.000000]   zhaoxin   Shanghai  
[    0.000000] x86/fpu: Supporting XSAVE feature 0x001: 'x87 floating point registers'
[    0.000000] x86/fpu: Supporting XSAVE feature 0x002: 'SSE registers'
[    0.000000] x86/fpu: Supporting XSAVE feature 0x004: 'AVX registers'
[    0.000000] x86/fpu: xstate_offset[2]:  576, xstate_sizes[2]:  256
[    0.000000] x86/fpu: Enabled xstate features 0x7, context size is 832 bytes, using 'standard' format.
[    0.000000] BIOS-provided physical RAM map:
[    0.000000] BIOS-e820: [mem 0x0000000000000000-0x000000000009fbff] usable
[    0.000000] BIOS-e820: [mem 0x000000000009fc00-0x000000000009ffff] reserved
[    0.000000] BIOS-e820: [mem 0x00000000000f0000-0x00000000000fffff] reserved
[    0.000000] BIOS-e820: [mem 0x0000000000100000-0x000000007ffeffff] usable
[    0.000000] BIOS-e820: [mem 0x000000007fff0000-0x000000007fffffff] ACPI data
[    0.000000] BIOS-e820: [mem 0x00000000fec00000-0x00000000fec00fff] reserved
[    0.000000] BIOS-e820: [mem 0x00000000fee00000-0x00000000fee00fff] reserved
[    0.000000] BIOS-e820: [mem 0x00000000fffc0000-0x00000000ffffffff] reserved
[    0.000000] NX (Execute Disable) protection: active
[    0.000000] SMBIOS 2.5 present.
[    0.000000] DMI: innotek GmbH VirtualBox/VirtualBox, BIOS VirtualBox 12/01/2006
[    0.000000] Hypervisor detected: KVM
[    0.000000] kvm-clock: Using msrs 4b564d01 and 4b564d00
[    0.000000] kvm-clock: cpu 0, msr 24401001, primary cpu clock
[    0.000000] kvm-clock: using sched offset of 4454445139 cycles
[    0.000003] clocksource: kvm-clock: mask: 0xffffffffffffffff max_cycles: 0x1cd42e4dffb, max_idle_ns: 881590591483 ns
[    0.000005] tsc: Detected 2100.000 MHz processor
[    0.001869] e820: update [mem 0x00000000-0x00000fff] usable ==> reserved
[    0.001871] e820: remove [mem 0x000a0000-0x000fffff] usable
[    0.001875] last_pfn = 0x7fff0 max_arch_pfn = 0x400000000
[    0.001943] MTRR default type: uncachable
[    0.001944] MTRR fixed ranges enabled:
[    0.001945]   00000-9FFFF write-back
[    0.001946]   A0000-BFFFF uncachable
[    0.001947]   C0000-FFFFF write-protect
[    0.001947] MTRR variable ranges enabled:
[    0.001949]   0 base 000000000000 mask 3FFF80000000 write-back
[    0.001949]   1 disabled
[    0.001950]   2 disabled
[    0.001950]   3 disabled
[    0.001951]   4 disabled
[    0.001951]   5 disabled
[    0.001951]   6 disabled
[    0.001952]   7 disabled
[    0.001952]   8 disabled
[    0.001953]   9 disabled
[    0.001953]   10 disabled
[    0.001954]   11 disabled
[    0.001954]   12 disabled
[    0.001954]   13 disabled
[    0.001955]   14 disabled
[    0.001955]   15 disabled
[    0.001971] x86/PAT: Configuration [0-7]: WB  WC  UC- UC  WB  WP  UC- WT  
[    0.002105] found SMP MP-table at [mem 0x0009fff0-0x0009ffff]
[    0.090378] check: Scanning 1 areas for low memory corruption
[    0.090654] RAMDISK: [mem 0x32271000-0x3512ffff]
[    0.090662] ACPI: Early table checksum verification disabled
[    0.090667] ACPI: RSDP 0x00000000000E0000 000024 (v02 VBOX  )
[    0.090672] ACPI: XSDT 0x000000007FFF0030 00003C (v01 VBOX   VBOXXSDT 00000001 ASL  00000061)
[    0.090678] ACPI: FACP 0x000000007FFF00F0 0000F4 (v04 VBOX   VBOXFACP 00000001 ASL  00000061)
[    0.090684] ACPI: DSDT 0x000000007FFF02E0 002353 (v02 VBOX   VBOXBIOS 00000002 VBOX 00029BF3)
[    0.090688] ACPI: FACS 0x000000007FFF0200 000040
[    0.090692] ACPI: FACS 0x000000007FFF0200 000040
[    0.090695] ACPI: APIC 0x000000007FFF0240 000054 (v02 VBOX   VBOXAPIC 00000001 ASL  00000061)
[    0.090698] ACPI: SSDT 0x000000007FFF02A0 000038 (v01 VBOX   VBOXCPUT 00000002 VBOX 00029BF3)
[    0.090702] ACPI: Reserving FACP table memory at [mem 0x7fff00f0-0x7fff01e3]
[    0.090703] ACPI: Reserving DSDT table memory at [mem 0x7fff02e0-0x7fff2632]
[    0.090703] ACPI: Reserving FACS table memory at [mem 0x7fff0200-0x7fff023f]
[    0.090704] ACPI: Reserving FACS table memory at [mem 0x7fff0200-0x7fff023f]
[    0.090705] ACPI: Reserving APIC table memory at [mem 0x7fff0240-0x7fff0293]
[    0.090705] ACPI: Reserving SSDT table memory at [mem 0x7fff02a0-0x7fff02d7]
[    0.090719] ACPI: Local APIC address 0xfee00000
[    0.090907] No NUMA configuration found
[    0.090908] Faking a node at [mem 0x0000000000000000-0x000000007ffeffff]
[    0.090918] NODE_DATA(0) allocated [mem 0x7ffc5000-0x7ffeffff]
[    0.091179] Zone ranges:
[    0.091180]   DMA      [mem 0x0000000000001000-0x0000000000ffffff]
[    0.091181]   DMA32    [mem 0x0000000001000000-0x000000007ffeffff]
[    0.091182]   Normal   empty
[    0.091183]   Device   empty
[    0.091183] Movable zone start for each node
[    0.091185] Early memory node ranges
[    0.091186]   node   0: [mem 0x0000000000001000-0x000000000009efff]
[    0.091187]   node   0: [mem 0x0000000000100000-0x000000007ffeffff]
[    0.091190] Zeroed struct page in unavailable ranges: 114 pages
[    0.091191] Initmem setup node 0 [mem 0x0000000000001000-0x000000007ffeffff]
[    0.091192] On node 0 totalpages: 524174
[    0.091193]   DMA zone: 64 pages used for memmap
[    0.091194]   DMA zone: 21 pages reserved
[    0.091195]   DMA zone: 3998 pages, LIFO batch:0
[    0.091266]   DMA32 zone: 8128 pages used for memmap
[    0.091267]   DMA32 zone: 520176 pages, LIFO batch:63
[    0.100147] ACPI: PM-Timer IO Port: 0x4008
[    0.100150] ACPI: Local APIC address 0xfee00000
[    0.100221] IOAPIC[0]: apic_id 1, version 32, address 0xfec00000, GSI 0-23
[    0.100225] ACPI: INT_SRC_OVR (bus 0 bus_irq 0 global_irq 2 dfl dfl)
[    0.100227] ACPI: INT_SRC_OVR (bus 0 bus_irq 9 global_irq 9 low level)
[    0.100229] ACPI: IRQ0 used by override.
[    0.100230] ACPI: IRQ9 used by override.
[    0.100232] Using ACPI (MADT) for SMP configuration information
[    0.100239] smpboot: Allowing 1 CPUs, 0 hotplug CPUs
[    0.100262] PM: Registered nosave memory: [mem 0x00000000-0x00000fff]
[    0.100263] PM: Registered nosave memory: [mem 0x0009f000-0x0009ffff]
[    0.100263] PM: Registered nosave memory: [mem 0x000a0000-0x000effff]
[    0.100264] PM: Registered nosave memory: [mem 0x000f0000-0x000fffff]
[    0.100266] [mem 0x80000000-0xfebfffff] available for PCI devices
[    0.100266] Booting paravirtualized kernel on KVM
[    0.100270] clocksource: refined-jiffies: mask: 0xffffffff max_cycles: 0xffffffff, max_idle_ns: 7645519600211568 ns
[    0.100275] setup_percpu: NR_CPUS:8192 nr_cpumask_bits:1 nr_cpu_ids:1 nr_node_ids:1
[    0.101258] percpu: Embedded 60 pages/cpu s208896 r8192 d28672 u2097152
[    0.101263] pcpu-alloc: s208896 r8192 d28672 u2097152 alloc=1*2097152
[    0.101264] pcpu-alloc: [0] 0 
[    0.101290] Built 1 zonelists, mobility grouping on.  Total pages: 515961
[    0.101290] Policy zone: DMA32
[    0.101291] Kernel command line: BOOT_IMAGE=/boot/vmlinuz-5.4.243-mptcp root=UUID=98415a12-53b7-4144-8265-0f7ece09e445 ro quiet splash
[    0.102118] Dentry cache hash table entries: 262144 (order: 9, 2097152 bytes, linear)
[    0.102265] Inode-cache hash table entries: 131072 (order: 8, 1048576 bytes, linear)
[    0.102316] mem auto-init: stack:off, heap alloc:on, heap free:off
[    0.102319] Calgary: detecting Calgary via BIOS EBDA area
[    0.102320] Calgary: Unable to locate Rio Grande table in EBDA - bailing!
[    0.106524] Memory: 1967332K/2096696K available (14339K kernel code, 2398K rwdata, 4712K rodata, 2728K init, 17260K bss, 129364K reserved, 0K cma-reserved)
[    0.107433] SLUB: HWalign=64, Order=0-3, MinObjects=0, CPUs=1, Nodes=1
[    0.107451] ftrace: allocating 43186 entries in 169 pages
[    0.125517] rcu: Hierarchical RCU implementation.
[    0.125518] rcu: 	RCU restricting CPUs from NR_CPUS=8192 to nr_cpu_ids=1.
[    0.125520] 	Tasks RCU enabled.
[    0.125521] rcu: RCU calculated value of scheduler-enlistment delay is 25 jiffies.
[    0.125521] rcu: Adjusting geometry for rcu_fanout_leaf=16, nr_cpu_ids=1
[    0.128492] NR_IRQS: 524544, nr_irqs: 256, preallocated irqs: 16
[    0.128708] random: crng init done
[    0.138113] Console: colour VGA+ 80x25
[    0.138118] printk: console [tty0] enabled
[    0.138138] ACPI: Core revision 20190816
[    0.138235] APIC: Switch to symmetric I/O mode setup
[    0.138485] x2apic enabled
[    0.138726] Switched APIC routing to physical x2apic.
[    0.139862] ..TIMER: vector=0x30 apic1=0 pin1=2 apic2=-1 pin2=-1
[    0.139887] clocksource: tsc-early: mask: 0xffffffffffffffff max_cycles: 0x1e4530a99b6, max_idle_ns: 440795257976 ns
[    0.139893] Calibrating delay loop (skipped) preset value.. 4200.00 BogoMIPS (lpj=8400000)
[    0.139896] pid_max: default: 32768 minimum: 301
[    0.139931] LSM: Security Framework initializing
[    0.139941] Yama: becoming mindful.
[    0.139968] AppArmor: AppArmor initialized
[    0.140002] Mount-cache hash table entries: 4096 (order: 3, 32768 bytes, linear)
[    0.140007] Mountpoint-cache hash table entries: 4096 (order: 3, 32768 bytes, linear)
[    0.140018] *** VALIDATE tmpfs ***
[    0.140148] *** VALIDATE proc ***
[    0.140188] *** VALIDATE cgroup1 ***
[    0.140190] *** VALIDATE cgroup2 ***
[    0.140333] process: using mwait in idle threads
[    0.140338] Last level iTLB entries: 4KB 64, 2MB 8, 4MB 8
[    0.140339] Last level dTLB entries: 4KB 64, 2MB 0, 4MB 0, 1GB 4
[    0.140359] Spectre V1 : Mitigation: usercopy/swapgs barriers and __user pointer sanitization
[    0.140365] Spectre V2 : Mitigation: Retpolines
[    0.140365] Spectre V2 : Spectre v2 / SpectreRSB mitigation: Filling RSB on context switch
[    0.140366] Spectre V2 : Spectre v2 / SpectreRSB : Filling RSB on VMEXIT
[    0.140366] RETBleed: WARNING: Spectre v2 mitigation leaves CPU vulnerable to RETBleed attacks, data leaks possible!
[    0.140724] RETBleed: Vulnerable
[    0.140724] Speculative Store Bypass: Vulnerable
[    0.140730] TAA: Mitigation: TSX disabled
[    0.140730] MMIO Stale Data: Mitigation: Clear CPU buffers
[    0.144971] Freeing SMP alternatives memory: 40K
[    0.257523] smpboot: CPU0: Intel(R) Xeon(R) Silver 4216 CPU @ 2.10GHz (family: 0x6, model: 0x55, stepping: 0x7)
[    0.257648] Performance Events: unsupported p6 CPU model 85 no PMU driver, software events only.
[    0.257685] rcu: Hierarchical SRCU implementation.
[    0.258257] NMI watchdog: Perf NMI watchdog permanently disabled
[    0.258311] smp: Bringing up secondary CPUs ...
[    0.258312] smp: Brought up 1 node, 1 CPU
[    0.258313] smpboot: Max logical packages: 1
[    0.258315] smpboot: Total of 1 processors activated (4200.00 BogoMIPS)
[    0.259487] devtmpfs: initialized
[    0.259537] x86/mm: Memory block size: 128MB
[    0.259889] clocksource: jiffies: mask: 0xffffffff max_cycles: 0xffffffff, max_idle_ns: 7645041785100000 ns
[    0.259889] futex hash table entries: 256 (order: 2, 16384 bytes, linear)
[    0.259889] pinctrl core: initialized pinctrl subsystem
[    0.259889] PM: RTC time: 16:05:06, date: 2026-01-13
[    0.259889] NET: Registered protocol family 16
[    0.259889] audit: initializing netlink subsys (disabled)
[    0.259889] EISA bus registered
[    0.259889] cpuidle: using governor ladder
[    0.259889] cpuidle: using governor menu
[    0.259889] ACPI: bus type PCI registered
[    0.259889] acpiphp: ACPI Hot Plug PCI Controller Driver version: 0.5
[    0.259889] PCI: Using configuration type 1 for base access
[    0.260781] audit: type=2000 audit(1768291512.406:1): state=initialized audit_enabled=0 res=1
[    0.260859] HugeTLB registered 2.00 MiB page size, pre-allocated 0 pages
[    0.261667] ACPI: Added _OSI(Module Device)
[    0.261667] ACPI: Added _OSI(Processor Device)
[    0.261668] ACPI: Added _OSI(3.0 _SCP Extensions)
[    0.261669] ACPI: Added _OSI(Processor Aggregator Device)
[    0.261670] ACPI: Added _OSI(Linux-Dell-Video)
[    0.261671] ACPI: Added _OSI(Linux-Lenovo-NV-HDMI-Audio)
[    0.261671] ACPI: Added _OSI(Linux-HPI-Hybrid-Graphics)
[    0.263616] ACPI: 2 ACPI AML tables successfully acquired and loaded
[    0.265087] ACPI: Interpreter enabled
[    0.265097] ACPI: (supports S0 S5)
[    0.265099] ACPI: Using IOAPIC for interrupt routing
[    0.265304] PCI: Using host bridge windows from ACPI; if necessary, use "pci=nocrs" and report a bug
[    0.265409] ACPI: Enabled 2 GPEs in block 00 to 07
[    0.270296] ACPI: PCI Root Bridge [PCI0] (domain 0000 [bus 00-ff])
[    0.270302] acpi PNP0A03:00: _OSC: OS supports [ASPM ClockPM Segments MSI HPX-Type3]
[    0.270747] acpi PNP0A03:00: _OSC: not requesting OS control; OS requires [ExtendedConfig ASPM ClockPM MSI]
[    0.270755] acpi PNP0A03:00: fail to add MMCONFIG information, can't access extended PCI configuration space under this bridge.
[    0.271125] PCI host bridge to bus 0000:00
[    0.271127] pci_bus 0000:00: root bus resource [io  0x0000-0x0cf7 window]
[    0.271128] pci_bus 0000:00: root bus resource [io  0x0d00-0xffff window]
[    0.271129] pci_bus 0000:00: root bus resource [mem 0x000a0000-0x000bffff window]
[    0.271130] pci_bus 0000:00: root bus resource [mem 0x80000000-0xfdffffff window]
[    0.271132] pci_bus 0000:00: root bus resource [bus 00-ff]
[    0.271177] pci 0000:00:00.0: [8086:1237] type 00 class 0x060000
[    0.271973] pci 0000:00:01.0: [8086:7000] type 00 class 0x060100
[    0.272721] pci 0000:00:01.1: [8086:7111] type 00 class 0x01018a
[    0.273093] pci 0000:00:01.1: reg 0x20: [io  0xd000-0xd00f]
[    0.273245] pci 0000:00:01.1: legacy IDE quirk: reg 0x10: [io  0x01f0-0x01f7]
[    0.273246] pci 0000:00:01.1: legacy IDE quirk: reg 0x14: [io  0x03f6]
[    0.273247] pci 0000:00:01.1: legacy IDE quirk: reg 0x18: [io  0x0170-0x0177]
[    0.273248] pci 0000:00:01.1: legacy IDE quirk: reg 0x1c: [io  0x0376]
[    0.273785] pci 0000:00:02.0: [15ad:0405] type 00 class 0x030000
[    0.277792] pci 0000:00:02.0: reg 0x10: [io  0xd010-0xd01f]
[    0.279934] pci 0000:00:02.0: reg 0x14: [mem 0xe0000000-0xe7ffffff pref]
[    0.282525] pci 0000:00:02.0: reg 0x18: [mem 0xf0000000-0xf01fffff]
[    0.292693] pci 0000:00:03.0: [1022:2000] type 00 class 0x020000
[    0.293382] pci 0000:00:03.0: reg 0x10: [io  0xd020-0xd03f]
[    0.294001] pci 0000:00:03.0: reg 0x14: [mem 0xf0200000-0xf0200fff]
[    0.298974] pci 0000:00:04.0: [80ee:cafe] type 00 class 0x088000
[    0.299639] pci 0000:00:04.0: reg 0x10: [io  0xd040-0xd05f]
[    0.300007] pci 0000:00:04.0: reg 0x14: [mem 0xf0400000-0xf07fffff]
[    0.300620] pci 0000:00:04.0: reg 0x18: [mem 0xf0800000-0xf0803fff pref]
[    0.303936] pci 0000:00:07.0: [8086:7113] type 00 class 0x068000
[    0.304480] pci 0000:00:07.0: quirk: [io  0x4000-0x403f] claimed by PIIX4 ACPI
[    0.304490] pci 0000:00:07.0: quirk: [io  0x4100-0x410f] claimed by PIIX4 SMB
[    0.305104] pci 0000:00:08.0: [8086:100e] type 00 class 0x020000
[    0.305799] pci 0000:00:08.0: reg 0x10: [mem 0xf0820000-0xf083ffff]
[    0.306948] pci 0000:00:08.0: reg 0x18: [io  0xd060-0xd067]
[    0.310055] pci 0000:00:09.0: [8086:100e] type 00 class 0x020000
[    0.310778] pci 0000:00:09.0: reg 0x10: [mem 0xf0840000-0xf085ffff]
[    0.312566] pci 0000:00:09.0: reg 0x18: [io  0xd068-0xd06f]
[    0.324793] ACPI: PCI Interrupt Link [LNKA] (IRQs 5 9 10 *11)
[    0.325074] ACPI: PCI Interrupt Link [LNKB] (IRQs 5 9 *10 11)
[    0.325179] ACPI: PCI Interrupt Link [LNKC] (IRQs 5 *9 10 11)
[    0.325280] ACPI: PCI Interrupt Link [LNKD] (IRQs 5 9 10 *11)
[    0.325545] iommu: Default domain type: Translated 
[    0.325605] pci 0000:00:02.0: vgaarb: setting as boot VGA device
[    0.325607] pci 0000:00:02.0: vgaarb: VGA device added: decodes=io+mem,owns=io+mem,locks=none
[    0.325609] pci 0000:00:02.0: vgaarb: bridge control possible
[    0.325610] vgaarb: loaded
[    0.325824] SCSI subsystem initialized
[    0.325855] libata version 3.00 loaded.
[    0.325879] ACPI: bus type USB registered
[    0.325895] usbcore: registered new interface driver usbfs
[    0.325901] usbcore: registered new interface driver hub
[    0.325907] usbcore: registered new device driver usb
[    0.325932] pps_core: LinuxPPS API ver. 1 registered
[    0.325933] pps_core: Software ver. 5.3.6 - Copyright 2005-2007 Rodolfo Giometti <giometti@linux.it>
[    0.325935] PTP clock support registered
[    0.325970] EDAC MC: Ver: 3.0.0
[    0.326257] PCI: Using ACPI for IRQ routing
[    0.326258] PCI: pci_cache_line_size set to 64 bytes
[    0.326427] e820: reserve RAM buffer [mem 0x0009fc00-0x0009ffff]
[    0.326431] e820: reserve RAM buffer [mem 0x7fff0000-0x7fffffff]
[    0.327205] NetLabel: Initializing
[    0.327205] NetLabel:  domain hash size = 128
[    0.327206] NetLabel:  protocols = UNLABELED CIPSOv4 CALIPSO
[    0.327226] NetLabel:  unlabeled traffic allowed by default
[    0.328051] clocksource: Switched to clocksource kvm-clock
[    0.339240] *** VALIDATE bpf ***
[    0.339240] VFS: Disk quotas dquot_6.6.0
[    0.339240] VFS: Dquot-cache hash table entries: 512 (order 0, 4096 bytes)
[    0.339240] *** VALIDATE ramfs ***
[    0.339240] *** VALIDATE hugetlbfs ***
[    0.339240] AppArmor: AppArmor Filesystem Enabled
[    0.339240] pnp: PnP ACPI init
[    0.339240] pnp 00:00: Plug and Play ACPI device, IDs PNP0303 (active)
[    0.342525] pnp 00:01: Plug and Play ACPI device, IDs PNP0f03 (active)
[    0.343293] pnp: PnP ACPI: found 2 devices
[    0.344254] thermal_sys: Registered thermal governor 'fair_share'
[    0.344255] thermal_sys: Registered thermal governor 'bang_bang'
[    0.344256] thermal_sys: Registered thermal governor 'step_wise'
[    0.344256] thermal_sys: Registered thermal governor 'user_space'
[    0.344257] thermal_sys: Registered thermal governor 'power_allocator'
[    0.348768] clocksource: acpi_pm: mask: 0xffffff max_cycles: 0xffffff, max_idle_ns: 2085701024 ns
[    0.348808] pci_bus 0000:00: resource 4 [io  0x0000-0x0cf7 window]
[    0.348810] pci_bus 0000:00: resource 5 [io  0x0d00-0xffff window]
[    0.348811] pci_bus 0000:00: resource 6 [mem 0x000a0000-0x000bffff window]
[    0.348812] pci_bus 0000:00: resource 7 [mem 0x80000000-0xfdffffff window]
[    0.348868] NET: Registered protocol family 2
[    0.348942] IP idents hash table entries: 32768 (order: 6, 262144 bytes, linear)
[    0.349346] MPTCP tokens hash table entries: 8192 (order: 4, 65536 bytes, linear)
[    0.349366] MPTCP request tokens hash table entries: 8192 (order: 4, 65536 bytes, linear)
[    0.349390] default registered
[    0.349391] default registered
[    0.349391] MPTCP: Stable release v0.96
[    0.349396] tcp_listen_portaddr_hash hash table entries: 1024 (order: 2, 16384 bytes, linear)
[    0.349477] TCP established hash table entries: 16384 (order: 5, 131072 bytes, linear)
[    0.349542] TCP bind hash table entries: 16384 (order: 6, 262144 bytes, linear)
[    0.349567] TCP: Hash tables configured (established 16384 bind 16384)
[    0.350253] UDP hash table entries: 1024 (order: 3, 32768 bytes, linear)
[    0.350265] UDP-Lite hash table entries: 1024 (order: 3, 32768 bytes, linear)
[    0.350298] NET: Registered protocol family 1
[    0.350307] NET: Registered protocol family 44
[    0.350326] pci 0000:00:00.0: Limiting direct PCI/PCI transfers
[    0.350341] pci 0000:00:01.0: Activating ISA DMA hang workarounds
[    0.350394] pci 0000:00:02.0: Video device with shadowed ROM at [mem 0x000c0000-0x000dffff]
[    0.350457] PCI: CLS 0 bytes, default 64
[    0.350504] Trying to unpack rootfs image as initramfs...
[    0.520397] Freeing initrd memory: 47868K
[    0.520397] clocksource: tsc: mask: 0xffffffffffffffff max_cycles: 0x1e4530a99b6, max_idle_ns: 440795257976 ns
[    0.520397] clocksource: Switched to clocksource tsc
[    0.520397] platform rtc_cmos: registered platform RTC device (no PNP device found)
[    0.520397] check: Scanning for low memory corruption every 60 seconds
[    0.520397] Initialise system trusted keyrings
[    0.520397] Key type blacklist registered
[    0.520397] workingset: timestamp_bits=36 max_order=19 bucket_order=0
[    0.520397] zbud: loaded
[    0.520397] squashfs: version 4.0 (2009/01/31) Phillip Lougher
[    0.520397] fuse: init (API version 7.31)
[    0.520397] *** VALIDATE fuse ***
[    0.520397] *** VALIDATE fuse ***
[    0.520397] Platform Keyring initialized
[    0.533972] Key type asymmetric registered
[    0.533973] Asymmetric key parser 'x509' registered
[    0.533982] Block layer SCSI generic (bsg) driver version 0.4 loaded (major 244)
[    0.534019] io scheduler mq-deadline registered
[    0.534137] shpchp: Standard Hot Plug PCI Controller Driver version: 0.4
[    0.534360] ACPI: AC Adapter [AC] (on-line)
[    0.534404] input: Power Button as /devices/LNXSYSTM:00/LNXPWRBN:00/input/input0
[    0.534433] ACPI: Power Button [PWRF]
[    0.534516] input: Sleep Button as /devices/LNXSYSTM:00/LNXSLPBN:00/input/input1
[    0.534532] ACPI: Sleep Button [SLPF]
[    0.534762] Serial: 8250/16550 driver, 32 ports, IRQ sharing enabled
[    0.535994] Linux agpgart interface v0.103
[    0.631229] loop: module loaded
[    0.631373] ata_piix 0000:00:01.1: version 2.13
[    0.631772] scsi host0: ata_piix
[    0.631861] scsi host1: ata_piix
[    0.631887] ata1: PATA max UDMA/33 cmd 0x1f0 ctl 0x3f6 bmdma 0xd000 irq 14
[    0.631888] ata2: PATA max UDMA/33 cmd 0x170 ctl 0x376 bmdma 0xd008 irq 15
[    0.631968] tun: Universal TUN/TAP device driver, 1.6
[    0.632267] PPP generic driver version 2.4.2
[    0.632310] VFIO - User Level meta-driver version: 0.3
[    0.632560] ehci_hcd: USB 2.0 'Enhanced' Host Controller (EHCI) Driver
[    0.632564] ehci-pci: EHCI PCI platform driver
[    0.632579] ehci-platform: EHCI generic platform driver
[    0.632584] ohci_hcd: USB 1.1 'Open' Host Controller (OHCI) Driver
[    0.632586] ohci-pci: OHCI PCI platform driver
[    0.632593] ohci-platform: OHCI generic platform driver
[    0.632597] uhci_hcd: USB Universal Host Controller Interface driver
[    0.632662] i8042: PNP: PS/2 Controller [PNP0303:PS2K,PNP0f03:PS2M] at 0x60,0x64 irq 1,12
[    0.633102] serio: i8042 KBD port at 0x60,0x64 irq 1
[    0.633105] serio: i8042 AUX port at 0x60,0x64 irq 12
[    0.633190] mousedev: PS/2 mouse device common for all mice
[    0.633449] input: AT Translated Set 2 keyboard as /devices/platform/i8042/serio0/input/input2
[    0.633846] rtc_cmos rtc_cmos: registered as rtc0
[    0.633859] rtc_cmos rtc_cmos: alarms up to one day, 114 bytes nvram
[    0.633864] i2c /dev entries driver
[    0.633907] device-mapper: uevent: version 1.0.3
[    0.633950] device-mapper: ioctl: 4.41.0-ioctl (2019-09-16) initialised: dm-devel@redhat.com
[    0.633966] platform eisa.0: Probing EISA bus 0
[    0.633967] platform eisa.0: EISA: Cannot allocate resource for mainboard
[    0.633968] platform eisa.0: Cannot allocate resource for EISA slot 1
[    0.633970] platform eisa.0: Cannot allocate resource for EISA slot 2
[    0.633971] platform eisa.0: Cannot allocate resource for EISA slot 3
[    0.633972] platform eisa.0: Cannot allocate resource for EISA slot 4
[    0.633973] platform eisa.0: Cannot allocate resource for EISA slot 5
[    0.633973] platform eisa.0: Cannot allocate resource for EISA slot 6
[    0.633974] platform eisa.0: Cannot allocate resource for EISA slot 7
[    0.633975] platform eisa.0: Cannot allocate resource for EISA slot 8
[    0.633976] platform eisa.0: EISA: Detected 0 cards
[    0.633979] intel_pstate: CPU model not supported
[    0.633988] ledtrig-cpu: registered to indicate activity on CPUs
[    0.634042] drop_monitor: Initializing network drop monitor service
[    0.634201] NET: Registered protocol family 10
[    0.639369] Segment Routing with IPv6
[    0.639369] fullmesh registered
[    0.639369] ndiffports registered
[    0.639369] binder registered
[    0.639369] roundrobin registered
[    0.639369] redundant registered
[    0.639369] blest registered
[    0.639369] ecf registered
[    0.639369] NET: Registered protocol family 17
[    0.639369] Key type dns_resolver registered
[    0.639369] RAS: Correctable Errors collector initialized.
[    0.639369] IPI shorthand broadcast: enabled
[    0.639369] sched_clock: Marking stable (624177970, 11191523)->(634889211, 480282)
[    0.639621] registered taskstats version 1
[    0.639629] Loading compiled-in X.509 certificates
[    0.640217] Loaded X.509 cert 'Build time autogenerated kernel key: 6909f3744cebb3d0de528d5887b96a727de79b1e'
[    0.640235] zswap: loaded using pool lzo/zbud
[    0.640287] Key type ._fscrypt registered
[    0.640288] Key type .fscrypt registered
[    0.644717] Key type big_key registered
[    0.646894] Key type encrypted registered
[    0.646896] AppArmor: AppArmor sha1 policy hashing enabled
[    0.646903] ima: No TPM chip found, activating TPM-bypass!
[    0.646906] ima: Allocated hash algorithm: sha1
[    0.646911] ima: No architecture policies found
[    0.646920] evm: Initialising EVM extended attributes:
[    0.646920] evm: security.selinux
[    0.646921] evm: security.SMACK64
[    0.646921] evm: security.SMACK64EXEC
[    0.646922] evm: security.SMACK64TRANSMUTE
[    0.646922] evm: security.SMACK64MMAP
[    0.646922] evm: security.apparmor
[    0.646923] evm: security.ima
[    0.646923] evm: security.capability
[    0.646924] evm: HMAC attrs: 0x1
[    0.647218] PM:   Magic number: 10:156:85
[    0.647316] rtc_cmos rtc_cmos: setting system clock to 2026-01-13T16:05:07 UTC (1768320307)
[    0.805517] ata1.00: ATA-6: VBOX HARDDISK, 1.0, max UDMA/133
[    0.805521] ata1.00: 209715200 sectors, multi 128: LBA 
[    0.806328] scsi 0:0:0:0: Direct-Access     ATA      VBOX HARDDISK    1.0  PQ: 0 ANSI: 5
[    0.806697] sd 0:0:0:0: [sda] 209715200 512-byte logical blocks: (107 GB/100 GiB)
[    0.806713] sd 0:0:0:0: [sda] Write Protect is off
[    0.806718] sd 0:0:0:0: [sda] Mode Sense: 00 3a 00 00
[    0.806744] sd 0:0:0:0: [sda] Write cache: enabled, read cache: enabled, doesn't support DPO or FUA
[    0.807147] sd 0:0:0:0: Attached scsi generic sg0 type 0
[    0.808209]  sda: sda1 sda2
[    0.819307] sd 0:0:0:0: [sda] Attached SCSI disk
[    0.821348] Freeing unused decrypted memory: 2040K
[    0.822068] Freeing unused kernel image memory: 2728K
[    0.822070] Write protecting the kernel read-only data: 22528k
[    0.822779] Freeing unused kernel image memory: 2036K
[    0.823187] Freeing unused kernel image memory: 1432K
[    0.838424] x86/mm: Checked W+X mappings: passed, no W+X pages found.
[    0.838428] Run /init as init process
[    0.930668] ACPI: Video Device [GFX0] (multi-head: yes  rom: no  post: no)
[    0.930739] input: Video Bus as /devices/LNXSYSTM:00/LNXSYBUS:00/PNP0A03:00/LNXVIDEO:00/input/input4
[    0.942066] pcnet32: pcnet32.c:v1.35 21.Apr.2008 tsbogend@alpha.franken.de
[    0.945237] piix4_smbus 0000:00:07.0: SMBus Host Controller at 0x4100, revision 0
[    0.948170] e1000: Intel(R) PRO/1000 Network Driver - version 7.3.21-k8-NAPI
[    0.948171] e1000: Copyright (c) 1999-2006 Intel Corporation.
[    0.954989] pcnet32: PCnet/FAST III 79C973 at 0xd020, 08:00:27:b7:25:7b assigned IRQ 19
[    0.955035] pcnet32: Found PHY 0022:561b at address 0
[    0.962447] pcnet32: eth0: registered as PCnet/FAST III 79C973
[    0.962470] pcnet32: 1 cards_found
[    1.019496] pcnet32 0000:00:03.0 enp0s3: renamed from eth0
[    1.161708] input: ImExPS/2 Generic Explorer Mouse as /devices/platform/i8042/serio1/input/input5
[    1.355632] e1000 0000:00:08.0 eth0: (PCI:33MHz:32-bit) 08:00:27:c3:0b:0b
[    1.355637] e1000 0000:00:08.0 eth0: Intel(R) PRO/1000 Network Connection
[    1.727512] e1000 0000:00:09.0 eth1: (PCI:33MHz:32-bit) 08:00:27:2a:41:7b
[    1.727514] e1000 0000:00:09.0 eth1: Intel(R) PRO/1000 Network Connection
[    1.728689] e1000 0000:00:09.0 enp0s9: renamed from eth1
[    1.730471] e1000 0000:00:08.0 enp0s8: renamed from eth0
[    1.930657] EXT4-fs (sda2): mounted filesystem with ordered data mode. Opts: (null)
[    2.027295] systemd[1]: Inserted module 'autofs4'
[    2.039746] systemd[1]: systemd 245.4-4ubuntu3 running in system mode. (+PAM +AUDIT +SELINUX +IMA +APPARMOR +SMACK +SYSVINIT +UTMP +LIBCRYPTSETUP +GCRYPT +GNUTLS +ACL +XZ +LZ4 +SECCOMP +BLKID +ELFUTILS +KMOD +IDN2 -IDN +PCRE2 default-hierarchy=hybrid)
[    2.039777] systemd[1]: Detected virtualization oracle.
[    2.039780] systemd[1]: Detected architecture x86-64.
[    2.041091] systemd[1]: Set hostname to <ztg>.
[    2.172150] systemd[1]: /lib/systemd/system/dbus.socket:5: ListenStream= references a path below legacy directory /var/run/, updating /var/run/dbus/system_bus_socket â†’ /run/dbus/system_bus_socket; please update the unit file accordingly.
[    2.225105] systemd[1]: Created slice system-modprobe.slice.
[    2.225304] systemd[1]: Created slice User and Session Slice.
[    2.225352] systemd[1]: Started Forward Password Requests to Wall Directory Watch.
[    2.225516] systemd[1]: Set up automount Arbitrary Executable File Formats File System Automount Point.
[    2.225547] systemd[1]: Reached target User and Group Name Lookups.
[    2.225556] systemd[1]: Reached target Remote File Systems.
[    2.225564] systemd[1]: Reached target Slices.
[    2.226121] systemd[1]: Listening on Syslog Socket.
[    2.226188] systemd[1]: Listening on fsck to fsckd communication Socket.
[    2.226226] systemd[1]: Listening on initctl Compatibility Named Pipe.
[    2.226364] systemd[1]: Listening on Journal Audit Socket.
[    2.226415] systemd[1]: Listening on Journal Socket (/dev/log).
[    2.226484] systemd[1]: Listening on Journal Socket.
[    2.226548] systemd[1]: Listening on udev Control Socket.
[    2.226587] systemd[1]: Listening on udev Kernel Socket.
[    2.227369] systemd[1]: Mounting Huge Pages File System...
[    2.228270] systemd[1]: Mounting POSIX Message Queue File System...
[    2.229164] systemd[1]: Mounting Kernel Debug File System...
[    2.229976] systemd[1]: Mounting Kernel Trace File System...
[    2.231904] systemd[1]: Starting Journal Service...
[    2.257430] systemd[1]: Starting Set the console keyboard layout...
[    2.268171] systemd[1]: Starting Create list of static device nodes for the current kernel...
[    2.271540] systemd[1]: Starting Load Kernel Module drm...
[    2.276810] systemd[1]: Condition check resulted in Set Up Additional Binary Formats being skipped.
[    2.277023] systemd[1]: Condition check resulted in File System Check on Root Device being skipped.
[    2.299117] systemd[1]: Starting Load Kernel Modules...
[    2.303823] systemd[1]: Starting Remount Root and Kernel File Systems...
[    2.313711] systemd[1]: Starting udev Coldplug all Devices...
[    2.326332] systemd[1]: Starting Uncomplicated firewall...
[    2.327448] EXT4-fs (sda2): re-mounted. Opts: errors=remount-ro
[    2.333956] systemd[1]: Mounted Huge Pages File System.
[    2.334043] systemd[1]: Mounted POSIX Message Queue File System.
[    2.334116] systemd[1]: Mounted Kernel Debug File System.
[    2.334185] systemd[1]: Mounted Kernel Trace File System.
[    2.355004] systemd[1]: Finished Create list of static device nodes for the current kernel.
[    2.355258] systemd[1]: modprobe@drm.service: Succeeded.
[    2.355482] systemd[1]: Finished Load Kernel Module drm.
[    2.361536] systemd[1]: Finished Remount Root and Kernel File Systems.
[    2.363611] lp: driver loaded but no devices found
[    2.364957] systemd[1]: Finished Uncomplicated firewall.
[    2.381948] systemd[1]: Condition check resulted in Rebuild Hardware Database being skipped.
[    2.381986] systemd[1]: Condition check resulted in Platform Persistent Storage Archival being skipped.
[    2.382666] systemd[1]: Starting Load/Save Random Seed...
[    2.384725] ppdev: user-space parallel port driver
[    2.392209] systemd[1]: Starting Create System Users...
[    2.403896] systemd[1]: Finished Load/Save Random Seed.
[    2.413005] systemd[1]: Finished Create System Users.
[    2.413780] systemd[1]: Starting Create Static Device Nodes in /dev...
[    2.448767] systemd[1]: Finished Create Static Device Nodes in /dev.
[    2.449566] systemd[1]: Starting udev Kernel Device Manager...
[    2.457276] [drm] DMA map mode: Caching DMA mappings.
[    2.457338] [drm] Capabilities:
[    2.457339] [drm]   Rect copy.
[    2.457339] [drm]   Cursor.
[    2.457339] [drm]   Cursor bypass.
[    2.457340] [drm]   Cursor bypass 2.
[    2.457340] [drm]   Alpha cursor.
[    2.457340] [drm]   Extended Fifo.
[    2.457341] [drm]   Pitchlock.
[    2.457341] [drm]   Irq mask.
[    2.457341] [drm]   GMR.
[    2.457342] [drm]   Traces.
[    2.457342] [drm]   GMR2.
[    2.457342] [drm]   Screen Object 2.
[    2.457343] [drm]   Command Buffers.
[    2.457343] [drm]   Command Buffers 2.
[    2.457343] [drm]   Guest Backed Resources.
[    2.457344] [drm] Max GMR ids is 8192
[    2.457345] [drm] Max number of GMR pages is 1048576
[    2.457345] [drm] Max dedicated hypervisor surface memory is 393216 kiB
[    2.457346] [drm] Maximum display memory size is 131072 kiB
[    2.457347] [drm] VRAM at 0xe0000000 size is 131072 kiB
[    2.457347] [drm] MMIO at 0xf0000000 size is 2048 kiB
[    2.461348] systemd[1]: Finished udev Coldplug all Devices.
[    2.461485] [TTM] Zone  kernel: Available graphics memory: 1011738 KiB
[    2.461486] [TTM] Initializing pool allocator
[    2.461489] [TTM] Initializing DMA pool allocator
[    2.461519] [drm] Supports vblank timestamp caching Rev 2 (21.10.2013).
[    2.461520] [drm] No driver support for vblank timestamp query.
[    2.461741] [drm] Screen Target Display device initialized
[    2.461991] [drm] width 720
[    2.462003] [drm] height 400
[    2.462006] [drm] bpp 32
[    2.462532] [drm] Fifo max 0x00200000 min 0x00001000 cap 0x00000355
[    2.463580] [drm] Using command buffers with DMA pool.
[    2.463584] [drm] DX: no.
[    2.463584] [drm] Atomic: yes.
[    2.463585] [drm] SM4_1: no.
[    2.463603] [drm:vmw_host_log [vmwgfx]] *ERROR* Failed to send host log message.
[    2.467853] [drm:vmw_host_log [vmwgfx]] *ERROR* Failed to send host log message.
[    2.484104] fbcon: svgadrmfb (fb0) is primary device
[    2.508627] Console: switching to colour frame buffer device 100x37
[    2.518196] [drm] Initialized vmwgfx 2.15.0 20180704 for 0000:00:02.0 on minor 0
[    2.520430] systemd[1]: Finished Load Kernel Modules.
[    2.521316] systemd[1]: Mounting FUSE Control File System...
[    2.522451] systemd[1]: Mounting Kernel Configuration File System...
[    2.528179] systemd[1]: Starting Apply Kernel Variables...
[    2.537374] systemd[1]: Mounted FUSE Control File System.
[    2.537438] systemd[1]: Condition check resulted in VMware vmblock fuse mount being skipped.
[    2.549690] systemd[1]: Mounted Kernel Configuration File System.
[    2.562310] systemd[1]: Finished Apply Kernel Variables.
[    2.563058] systemd[1]: Finished Set the console keyboard layout.
[    2.563136] systemd[1]: Reached target Local File Systems (Pre).
[    2.565554] systemd[1]: Mounting Mount unit for bare, revision 5...
[    2.567552] systemd[1]: Mounting Mount unit for core18, revision 1705...
[    2.583265] systemd[1]: Mounting Mount unit for gnome-3-34-1804, revision 24...
[    2.600331] systemd[1]: Mounting Mount unit for gtk-common-themes, revision 1506...
[    2.607077] systemd[1]: Mounting Mount unit for gtk-common-themes, revision 1535...
[    2.615504] systemd[1]: Mounting Mount unit for snap-store, revision 433...
[    2.622782] systemd[1]: Mounting Mount unit for snapd, revision 25935...
[    2.625860] systemd[1]: Mounted Mount unit for bare, revision 5.
[    2.659439] systemd[1]: Mounted Mount unit for gnome-3-34-1804, revision 24.
[    2.688835] systemd[1]: Started udev Kernel Device Manager.
[    2.689653] systemd[1]: Starting Show Plymouth Boot Screen...
[    2.708669] systemd[1]: Mounted Mount unit for core18, revision 1705.
[    2.708775] systemd[1]: Mounted Mount unit for gtk-common-themes, revision 1506.
[    2.710405] systemd[1]: Received SIGRTMIN+20 from PID 289 (plymouthd).
[    2.737924] systemd[1]: Started Show Plymouth Boot Screen.
[    2.738281] systemd[1]: Condition check resulted in Dispatch Password Requests to Console Directory Watch being skipped.
[    2.738416] systemd[1]: Started Forward Password Requests to Plymouth Directory Watch.
[    2.738517] systemd[1]: Reached target Local Encrypted Volumes.
[    2.781544] systemd[1]: Mounted Mount unit for gtk-common-themes, revision 1535.
[    2.781808] systemd[1]: Mounted Mount unit for snap-store, revision 433.
[    2.781990] systemd[1]: Mounted Mount unit for snapd, revision 25935.
[    2.782139] systemd[1]: Reached target Local File Systems.
[    2.785030] systemd[1]: Starting Load AppArmor profiles...
[    2.792041] systemd[1]: Starting Set console font and keymap...
[    2.802554] systemd[1]: Starting Tell Plymouth To Write Out Runtime Data...
[    2.803727] systemd[1]: Condition check resulted in Store a System Token in an EFI Variable being skipped.
[    2.803770] systemd[1]: Condition check resulted in Commit a transient machine-id on disk being skipped.
[    2.811852] systemd[1]: Finished Set console font and keymap.
[    2.816368] systemd[1]: Received SIGRTMIN+20 from PID 289 (plymouthd).
[    2.817314] systemd[1]: plymouth-read-write.service: Succeeded.
[    2.817562] systemd[1]: Finished Tell Plymouth To Write Out Runtime Data.
[    2.860703] audit: type=1400 audit(1768320309.708:2): apparmor="STATUS" operation="profile_load" profile="unconfined" name="nvidia_modprobe" pid=302 comm="apparmor_parser"
[    2.860705] audit: type=1400 audit(1768320309.708:3): apparmor="STATUS" operation="profile_load" profile="unconfined" name="nvidia_modprobe//kmod" pid=302 comm="apparmor_parser"
[    2.867359] audit: type=1400 audit(1768320309.712:4): apparmor="STATUS" operation="profile_load" profile="unconfined" name="/usr/sbin/tcpdump" pid=303 comm="apparmor_parser"
[    2.894987] audit: type=1400 audit(1768320309.736:5): apparmor="STATUS" operation="profile_load" profile="unconfined" name="/usr/bin/evince" pid=305 comm="apparmor_parser"
[    2.894989] audit: type=1400 audit(1768320309.736:6): apparmor="STATUS" operation="profile_load" profile="unconfined" name="/usr/bin/evince//sanitized_helper" pid=305 comm="apparmor_parser"
[    2.894990] audit: type=1400 audit(1768320309.736:7): apparmor="STATUS" operation="profile_load" profile="unconfined" name="/usr/bin/evince-previewer" pid=305 comm="apparmor_parser"
[    2.894992] audit: type=1400 audit(1768320309.736:8): apparmor="STATUS" operation="profile_load" profile="unconfined" name="/usr/bin/evince-previewer//sanitized_helper" pid=305 comm="apparmor_parser"
[    2.894993] audit: type=1400 audit(1768320309.736:9): apparmor="STATUS" operation="profile_load" profile="unconfined" name="/usr/bin/evince-thumbnailer" pid=305 comm="apparmor_parser"
[    2.925396] audit: type=1400 audit(1768320309.776:10): apparmor="STATUS" operation="profile_load" profile="unconfined" name="/usr/lib/cups/backend/cups-pdf" pid=306 comm="apparmor_parser"
[    3.004263] systemd[1]: Finished Load AppArmor profiles.
[    3.005233] systemd[1]: Starting Load AppArmor profiles managed internally by snapd...
[    3.116217] systemd[1]: Finished Load AppArmor profiles managed internally by snapd.
[    3.253581] systemd[1]: Started Journal Service.
[    3.262306] systemd-journald[229]: Received client request to flush runtime journal.
[    3.265896] systemd-journald[229]: File /var/log/journal/c455b248004a419c87ce85eea238d727/system.journal corrupted or uncleanly shut down, renaming and replacing.
[    4.618074] RAPL PMU: API unit is 2^-32 Joules, 0 fixed counters, 10737418240 ms ovfl timer
[    4.668669] cryptd: max_cpu_qlen set to 1000
[    4.740458] AVX2 version of gcm_enc/dec engaged.
[    4.740459] AES CTR mode by8 optimization enabled
[    6.674283] Adding 1998844k swap on /dev/sda1.  Priority:-2 extents:1 across:1998844k FS
[    7.680278] kauditd_printk_skb: 30 callbacks suppressed
[    7.680280] audit: type=1400 audit(1768320314.524:41): apparmor="DENIED" operation="capable" profile="/usr/sbin/cups-browsed" pid=509 comm="cups-browsed" capability=23  capname="sys_nice"
[    9.122943] pcnet32 0000:00:03.0 enp0s3: link up, 100Mbps, full-duplex
[    9.166179] e1000: enp0s8 NIC Link is Up 1000 Mbps Full Duplex, Flow Control: RX
[    9.166474] IPv6: ADDRCONF(NETDEV_CHANGE): enp0s8: link becomes ready
[    9.187835] e1000: enp0s9 NIC Link is Up 1000 Mbps Full Duplex, Flow Control: RX
[    9.188150] IPv6: ADDRCONF(NETDEV_CHANGE): enp0s9: link becomes ready
[    9.866942] device enp0s3 entered promiscuous mode
[    9.893660] audit: type=1400 audit(1768320316.740:42): apparmor="DENIED" operation="open" profile="/usr/sbin/tcpdump" name="/proc/sys/kernel/random/boot_id" pid=661 comm="tcpdump" requested_mask="r" denied_mask="r" fsuid=0 ouid=0
[    9.894032] audit: type=1400 audit(1768320316.740:43): apparmor="DENIED" operation="open" profile="/usr/sbin/tcpdump" name="/proc/sys/kernel/random/boot_id" pid=661 comm="tcpdump" requested_mask="r" denied_mask="r" fsuid=0 ouid=0
[    9.894081] audit: type=1400 audit(1768320316.740:44): apparmor="DENIED" operation="open" profile="/usr/sbin/tcpdump" name="/proc/sys/kernel/random/boot_id" pid=661 comm="tcpdump" requested_mask="r" denied_mask="r" fsuid=0 ouid=0
[    9.894255] audit: type=1400 audit(1768320316.740:45): apparmor="DENIED" operation="open" profile="/usr/sbin/tcpdump" name="/proc/sys/kernel/random/boot_id" pid=661 comm="tcpdump" requested_mask="r" denied_mask="r" fsuid=0 ouid=0
[    9.901704] audit: type=1400 audit(1768320316.752:46): apparmor="DENIED" operation="open" profile="/usr/sbin/tcpdump" name="/proc/sys/kernel/random/boot_id" pid=662 comm="tcpdump" requested_mask="r" denied_mask="r" fsuid=0 ouid=0
[    9.901779] audit: type=1400 audit(1768320316.752:47): apparmor="DENIED" operation="open" profile="/usr/sbin/tcpdump" name="/proc/sys/kernel/random/boot_id" pid=662 comm="tcpdump" requested_mask="r" denied_mask="r" fsuid=0 ouid=0
[    9.901818] audit: type=1400 audit(1768320316.752:48): apparmor="DENIED" operation="open" profile="/usr/sbin/tcpdump" name="/proc/sys/kernel/random/boot_id" pid=662 comm="tcpdump" requested_mask="r" denied_mask="r" fsuid=0 ouid=0
[    9.901835] audit: type=1400 audit(1768320316.752:49): apparmor="DENIED" operation="open" profile="/usr/sbin/tcpdump" name="/proc/sys/kernel/random/boot_id" pid=662 comm="tcpdump" requested_mask="r" denied_mask="r" fsuid=0 ouid=0
[   15.900749] rfkill: input handler disabled
[   87.776804] rfkill: input handler enabled
[   96.034351] rfkill: input handler disabled
[  239.816614] AAAAA-TCP_SEND: name:enp0s3: saddr:100932208: daddr:16783984: srtt_us:0: RTT:0: ssthresh:7: cwnd:1: delivered:0: lost:1: retrans:0
[  240.103524] AAAAA-TCP_RECV: name:enp0s3: saddr:16783984: daddr:100932208: srtt_us:0: RTT:0: ssthresh:7: cwnd:1: delivered:0: lost:1: retrans:0
[  240.103613] AAAAA-TCP_SEND: name:enp0s3: saddr:100932208: daddr:16783984: srtt_us:11049152: RTT:1381144: ssthresh:2147483647: cwnd:10: delivered:1: lost:1: retrans:0
[  240.104517] AAAAA-TCP_SEND: name:enp0s3: saddr:100932208: daddr:16783984: srtt_us:11049152: RTT:1381144: ssthresh:2147483647: cwnd:10: delivered:1: lost:1: retrans:0
[  240.392174] AAAAA-TCP_RECV: name:enp0s3: saddr:16783984: daddr:100932208: srtt_us:11049152: RTT:1381144: ssthresh:2147483647: cwnd:10: delivered:1: lost:1: retrans:0
[  240.740422] AAAAA-TCP_RECV: name:enp0s3: saddr:16783984: daddr:100932208: srtt_us:11049152: RTT:1381144: ssthresh:2147483647: cwnd:10: delivered:1: lost:1: retrans:0
[  240.740848] AAAAA-TCP_SEND: name:enp0s3: saddr:100932208: daddr:33561200: srtt_us:0: RTT:0: ssthresh:2147483647: cwnd:10: delivered:0: lost:0: retrans:0
[  241.139045] AAAAA-TCP_RECV: name:enp0s3: saddr:16783984: daddr:100932208: srtt_us:10303962: RTT:1287995: ssthresh:2147483647: cwnd:10: delivered:2: lost:1: retrans:0
[  241.139084] AAAAA-TCP_SEND: name:enp0s3: saddr:100932208: daddr:16783984: srtt_us:10303962: RTT:1287995: ssthresh:2147483647: cwnd:10: delivered:2: lost:1: retrans:0
[  241.140021] AAAAA-TCP_SEND: name:enp0s3: saddr:100932208: daddr:16783984: srtt_us:10303962: RTT:1287995: ssthresh:2147483647: cwnd:10: delivered:2: lost:1: retrans:0
[  241.736495] AAAAA-TCP_RECV: name:enp0s3: saddr:16783984: daddr:100932208: srtt_us:10303962: RTT:1287995: ssthresh:2147483647: cwnd:10: delivered:2: lost:1: retrans:0
[  241.736547] AAAAA-TCP_SEND: name:enp0s3: saddr:100932208: daddr:16783984: srtt_us:10303962: RTT:1287995: ssthresh:2147483647: cwnd:10: delivered:2: lost:1: retrans:0
[  241.743255] AAAAA-TCP_SEND: name:enp0s3: saddr:100932208: daddr:33561200: srtt_us:0: RTT:0: ssthresh:7: cwnd:1: delivered:0: lost:1: retrans:1
[  242.512118] AAAAA-TCP_RECV: name:enp0s3: saddr:33561200: daddr:100932208: srtt_us:0: RTT:0: ssthresh:7: cwnd:1: delivered:0: lost:1: retrans:1
[  242.512183] AAAAA-TCP_SEND: name:enp0s3: saddr:100932208: daddr:33561200: srtt_us:14168000: RTT:1771000: ssthresh:2147483647: cwnd:10: delivered:1: lost:1: retrans:1
[  242.737924] AAAAA-TCP_RECV: name:enp0s3: saddr:16783984: daddr:100932208: srtt_us:10303962: RTT:1287995: ssthresh:2147483647: cwnd:10: delivered:2: lost:1: retrans:0
[  242.737974] AAAAA-TCP_SEND: name:enp0s3: saddr:100932208: daddr:16783984: srtt_us:10303962: RTT:1287995: ssthresh:2147483647: cwnd:10: delivered:2: lost:1: retrans:0
[  243.036172] AAAAA-TCP_RECV: name:enp0s3: saddr:16783984: daddr:100932208: srtt_us:10303962: RTT:1287995: ssthresh:2147483647: cwnd:10: delivered:2: lost:1: retrans:0
[  243.036224] AAAAA-TCP_SEND: name:enp0s3: saddr:100932208: daddr:16783984: srtt_us:10303962: RTT:1287995: ssthresh:2147483647: cwnd:10: delivered:2: lost:1: retrans:0
[  243.150157] AAAAA-TCP_RECV: name:enp0s3: saddr:33561200: daddr:100932208: srtt_us:14168000: RTT:1771000: ssthresh:2147483647: cwnd:10: delivered:1: lost:1: retrans:1
[  243.150200] AAAAA-TCP_SEND: name:enp0s3: saddr:100932208: daddr:33561200: srtt_us:14168000: RTT:1771000: ssthresh:2147483647: cwnd:10: delivered:1: lost:1: retrans:1
[  243.363495] AAAAA-TCP_RECV: name:enp0s3: saddr:33561200: daddr:100932208: srtt_us:14168000: RTT:1771000: ssthresh:2147483647: cwnd:10: delivered:1: lost:1: retrans:1
[  243.595712] AAAAA-TCP_RECV: name:enp0s3: saddr:33561200: daddr:100932208: srtt_us:14168000: RTT:1771000: ssthresh:2147483647: cwnd:10: delivered:1: lost:1: retrans:1
[  243.648279] AAAAA-TCP_RECV: name:enp0s3: saddr:16783984: daddr:100932208: srtt_us:10912167: RTT:1364020: ssthresh:2147483647: cwnd:10: delivered:3: lost:1: retrans:0
[  243.673194] AAAAA-TCP_RECV: name:enp0s3: saddr:16783984: daddr:100932208: srtt_us:10160236: RTT:1270029: ssthresh:2147483647: cwnd:10: delivered:4: lost:1: retrans:0
[  243.673236] AAAAA-TCP_SEND: name:enp0s3: saddr:100932208: daddr:16783984: srtt_us:10160236: RTT:1270029: ssthresh:2147483647: cwnd:10: delivered:4: lost:1: retrans:0
[  243.673432] AAAAA-TCP_SEND: name:enp0s3: saddr:100932208: daddr:16783984: srtt_us:0: RTT:0: ssthresh:2147483647: cwnd:10: delivered:0: lost:0: retrans:0
[  243.806522] AAAAA-TCP_RECV: name:enp0s3: saddr:33561200: daddr:100932208: srtt_us:14168000: RTT:1771000: ssthresh:2147483647: cwnd:10: delivered:1: lost:1: retrans:1
[  244.051861] AAAAA-TCP_RECV: name:enp0s3: saddr:16783984: daddr:100932208: srtt_us:0: RTT:0: ssthresh:2147483647: cwnd:10: delivered:0: lost:0: retrans:0
[  244.051935] AAAAA-TCP_SEND: name:enp0s3: saddr:100932208: daddr:16783984: srtt_us:3027632: RTT:378454: ssthresh:2147483647: cwnd:10: delivered:1: lost:0: retrans:0
[  244.052053] AAAAA-TCP_SEND: name:enp0s3: saddr:100932208: daddr:16783984: srtt_us:3027632: RTT:378454: ssthresh:2147483647: cwnd:10: delivered:1: lost:0: retrans:0
[  244.190566] AAAAA-TCP_RECV: name:enp0s3: saddr:16783984: daddr:100932208: srtt_us:3027632: RTT:378454: ssthresh:2147483647: cwnd:10: delivered:1: lost:0: retrans:0
[  244.233524] AAAAA-TCP_RECV: name:enp0s3: saddr:16783984: daddr:100932208: srtt_us:3027632: RTT:378454: ssthresh:2147483647: cwnd:10: delivered:1: lost:0: retrans:0
[  244.233651] AAAAA-TCP_SEND: name:enp0s3: saddr:100932208: daddr:33561200: srtt_us:0: RTT:0: ssthresh:2147483647: cwnd:10: delivered:0: lost:0: retrans:0
[  244.308801] AAAAA-TCP_RECV: name:enp0s3: saddr:16783984: daddr:100932208: srtt_us:10160236: RTT:1270029: ssthresh:2147483647: cwnd:10: delivered:4: lost:1: retrans:0
[  244.308828] AAAAA-TCP_SEND: name:enp0s3: saddr:100932208: daddr:16783984: srtt_us:10160236: RTT:1270029: ssthresh:2147483647: cwnd:10: delivered:4: lost:1: retrans:0
[  244.429875] AAAAA-TCP_RECV: name:enp0s3: saddr:33561200: daddr:100932208: srtt_us:0: RTT:0: ssthresh:2147483647: cwnd:10: delivered:0: lost:0: retrans:0
[  244.429906] AAAAA-TCP_SEND: name:enp0s3: saddr:100932208: daddr:33561200: srtt_us:1569896: RTT:196237: ssthresh:2147483647: cwnd:10: delivered:1: lost:0: retrans:0
[  244.505204] AAAAA-TCP_RECV: name:enp0s3: saddr:16783984: daddr:100932208: srtt_us:10160236: RTT:1270029: ssthresh:2147483647: cwnd:10: delivered:4: lost:1: retrans:0
[  244.505218] AAAAA-TCP_SEND: name:enp0s3: saddr:100932208: daddr:16783984: srtt_us:10160236: RTT:1270029: ssthresh:2147483647: cwnd:10: delivered:4: lost:1: retrans:0
[  244.505344] AAAAA-TCP_SEND: name:enp0s3: saddr:100932208: daddr:16783984: srtt_us:2830656: RTT:353832: ssthresh:2147483647: cwnd:10: delivered:2: lost:0: retrans:0
[  244.505364] AAAAA-TCP_SEND: name:enp0s3: saddr:100932208: daddr:16783984: srtt_us:2830656: RTT:353832: ssthresh:2147483647: cwnd:10: delivered:2: lost:0: retrans:0
[  244.505442] AAAAA-TCP_SEND: name:enp0s3: saddr:100932208: daddr:16783984: srtt_us:2830656: RTT:353832: ssthresh:2147483647: cwnd:10: delivered:2: lost:0: retrans:0
[  244.505458] AAAAA-TCP_SEND: name:enp0s3: saddr:100932208: daddr:16783984: srtt_us:2830656: RTT:353832: ssthresh:2147483647: cwnd:10: delivered:2: lost:0: retrans:0
[  244.505535] AAAAA-TCP_SEND: name:enp0s3: saddr:100932208: daddr:16783984: srtt_us:2830656: RTT:353832: ssthresh:2147483647: cwnd:10: delivered:2: lost:0: retrans:0
[  244.505550] AAAAA-TCP_SEND: name:enp0s3: saddr:100932208: daddr:16783984: srtt_us:2830656: RTT:353832: ssthresh:2147483647: cwnd:10: delivered:2: lost:0: retrans:0
[  244.505616] AAAAA-TCP_SEND: name:enp0s3: saddr:100932208: daddr:16783984: srtt_us:2830656: RTT:353832: ssthresh:2147483647: cwnd:10: delivered:2: lost:0: retrans:0
[  244.505641] AAAAA-TCP_SEND: name:enp0s3: saddr:100932208: daddr:16783984: srtt_us:2830656: RTT:353832: ssthresh:2147483647: cwnd:10: delivered:2: lost:0: retrans:0
[  244.505735] AAAAA-TCP_SEND: name:enp0s3: saddr:100932208: daddr:16783984: srtt_us:2830656: RTT:353832: ssthresh:2147483647: cwnd:10: delivered:2: lost:0: retrans:0
[  244.505751] AAAAA-TCP_SEND: name:enp0s3: saddr:100932208: daddr:16783984: srtt_us:2830656: RTT:353832: ssthresh:2147483647: cwnd:10: delivered:2: lost:0: retrans:0
[  244.655723] AAAAA-TCP_RECV: name:enp0s3: saddr:33561200: daddr:100932208: srtt_us:1569896: RTT:196237: ssthresh:2147483647: cwnd:10: delivered:1: lost:0: retrans:0
[  244.655789] AAAAA-TCP_SEND: name:enp0s3: saddr:100932208: daddr:33561200: srtt_us:1569896: RTT:196237: ssthresh:2147483647: cwnd:10: delivered:1: lost:0: retrans:0
[  244.655829] AAAAA-TCP_SEND: name:enp0s3: saddr:100932208: daddr:33561200: srtt_us:1569896: RTT:196237: ssthresh:2147483647: cwnd:10: delivered:1: lost:0: retrans:0
[  244.657394] AAAAA-TCP_SEND: name:enp0s3: saddr:100932208: daddr:33561200: srtt_us:1569896: RTT:196237: ssthresh:2147483647: cwnd:10: delivered:1: lost:0: retrans:0
[  244.657422] AAAAA-TCP_SEND: name:enp0s3: saddr:100932208: daddr:33561200: srtt_us:1569896: RTT:196237: ssthresh:2147483647: cwnd:10: delivered:1: lost:0: retrans:0
[  244.657509] AAAAA-TCP_SEND: name:enp0s3: saddr:100932208: daddr:33561200: srtt_us:1569896: RTT:196237: ssthresh:2147483647: cwnd:10: delivered:1: lost:0: retrans:0
[  244.657526] AAAAA-TCP_SEND: name:enp0s3: saddr:100932208: daddr:33561200: srtt_us:1569896: RTT:196237: ssthresh:2147483647: cwnd:10: delivered:1: lost:0: retrans:0
[  244.657603] AAAAA-TCP_SEND: name:enp0s3: saddr:100932208: daddr:33561200: srtt_us:1569896: RTT:196237: ssthresh:2147483647: cwnd:10: delivered:1: lost:0: retrans:0
[  244.657623] AAAAA-TCP_SEND: name:enp0s3: saddr:100932208: daddr:33561200: srtt_us:1569896: RTT:196237: ssthresh:2147483647: cwnd:10: delivered:1: lost:0: retrans:0
[  244.657732] AAAAA-TCP_SEND: name:enp0s3: saddr:100932208: daddr:33561200: srtt_us:1569896: RTT:196237: ssthresh:2147483647: cwnd:10: delivered:1: lost:0: retrans:0
[  244.657752] AAAAA-TCP_SEND: name:enp0s3: saddr:100932208: daddr:33561200: srtt_us:1569896: RTT:196237: ssthresh:2147483647: cwnd:10: delivered:1: lost:0: retrans:0
[  244.929943] AAAAA-TCP_RECV: name:enp0s3: saddr:16783984: daddr:100932208: srtt_us:2830656: RTT:353832: ssthresh:2147483647: cwnd:10: delivered:2: lost:0: retrans:0
[  244.930060] AAAAA-TCP_SEND: name:enp0s3: saddr:100932208: daddr:16783984: srtt_us:2901492: RTT:362686: ssthresh:2147483647: cwnd:11: delivered:3: lost:0: retrans:0
[  244.930160] AAAAA-TCP_SEND: name:enp0s3: saddr:100932208: daddr:16783984: srtt_us:2901492: RTT:362686: ssthresh:2147483647: cwnd:11: delivered:3: lost:0: retrans:0
[  245.054716] AAAAA-TCP_RECV: name:enp0s3: saddr:16783984: daddr:100932208: srtt_us:2901492: RTT:362686: ssthresh:2147483647: cwnd:11: delivered:3: lost:0: retrans:0
[  245.071228] AAAAA-TCP_SEND: name:enp0s3: saddr:100932208: daddr:33561200: srtt_us:1569896: RTT:196237: ssthresh:2147483647: cwnd:10: delivered:1: lost:0: retrans:1
[  245.175695] AAAAA-TCP_RECV: name:enp0s3: saddr:16783984: daddr:100932208: srtt_us:3088180: RTT:386022: ssthresh:2147483647: cwnd:12: delivered:4: lost:0: retrans:0
[  245.175747] AAAAA-TCP_SEND: name:enp0s3: saddr:100932208: daddr:16783984: srtt_us:3088180: RTT:386022: ssthresh:2147483647: cwnd:12: delivered:4: lost:0: retrans:0
[  245.175776] AAAAA-TCP_SEND: name:enp0s3: saddr:100932208: daddr:16783984: srtt_us:3088180: RTT:386022: ssthresh:2147483647: cwnd:12: delivered:4: lost:0: retrans:0
[  245.176564] AAAAA-TCP_SEND: name:enp0s3: saddr:100932208: daddr:16783984: srtt_us:3372457: RTT:421557: ssthresh:2147483647: cwnd:13: delivered:5: lost:0: retrans:0
[  245.176586] AAAAA-TCP_SEND: name:enp0s3: saddr:100932208: daddr:16783984: srtt_us:3372457: RTT:421557: ssthresh:2147483647: cwnd:13: delivered:5: lost:0: retrans:0
[  245.408714] AAAAA-TCP_RECV: name:enp0s3: saddr:16783984: daddr:100932208: srtt_us:3372457: RTT:421557: ssthresh:2147483647: cwnd:13: delivered:5: lost:0: retrans:0
[  245.408782] AAAAA-TCP_SEND: name:enp0s3: saddr:100932208: daddr:16783984: srtt_us:3854180: RTT:481772: ssthresh:2147483647: cwnd:14: delivered:6: lost:0: retrans:0
[  245.408814] AAAAA-TCP_SEND: name:enp0s3: saddr:100932208: daddr:16783984: srtt_us:3854180: RTT:481772: ssthresh:2147483647: cwnd:14: delivered:6: lost:0: retrans:0
[  245.534597] AAAAA-TCP_RECV: name:enp0s3: saddr:16783984: daddr:100932208: srtt_us:3854180: RTT:481772: ssthresh:2147483647: cwnd:14: delivered:6: lost:0: retrans:0
[  245.534705] AAAAA-TCP_SEND: name:enp0s3: saddr:100932208: daddr:16783984: srtt_us:4401513: RTT:550189: ssthresh:2147483647: cwnd:15: delivered:7: lost:0: retrans:0
[  245.534841] AAAAA-TCP_SEND: name:enp0s3: saddr:100932208: daddr:16783984: srtt_us:4401513: RTT:550189: ssthresh:2147483647: cwnd:15: delivered:7: lost:0: retrans:0
[  245.679300] AAAAA-TCP_SEND: name:enp0s3: saddr:100932208: daddr:33561200: srtt_us:1569896: RTT:196237: ssthresh:7: cwnd:1: delivered:1: lost:10: retrans:2
[  246.003112] AAAAA-TCP_RECV: name:enp0s3: saddr:16783984: daddr:100932208: srtt_us:4401513: RTT:550189: ssthresh:2147483647: cwnd:15: delivered:7: lost:0: retrans:0
[  246.003224] AAAAA-TCP_SEND: name:enp0s3: saddr:100932208: daddr:16783984: srtt_us:5348934: RTT:668616: ssthresh:2147483647: cwnd:16: delivered:8: lost:0: retrans:0
[  246.117801] AAAAA-TCP_RECV: name:enp0s3: saddr:16783984: daddr:100932208: srtt_us:5348934: RTT:668616: ssthresh:2147483647: cwnd:16: delivered:8: lost:0: retrans:0
[  246.348697] AAAAA-TCP_RECV: name:enp0s3: saddr:16783984: daddr:100932208: srtt_us:6292528: RTT:786566: ssthresh:2147483647: cwnd:17: delivered:9: lost:0: retrans:0
[  246.348772] AAAAA-TCP_SEND: name:enp0s3: saddr:100932208: daddr:16783984: srtt_us:7349048: RTT:918631: ssthresh:2147483647: cwnd:18: delivered:10: lost:0: retrans:0
[  246.348814] AAAAA-TCP_SEND: name:enp0s3: saddr:100932208: daddr:16783984: srtt_us:7349048: RTT:918631: ssthresh:2147483647: cwnd:18: delivered:10: lost:0: retrans:0
[  246.350134] AAAAA-TCP_SEND: name:enp0s3: saddr:100932208: daddr:16783984: srtt_us:7349048: RTT:918631: ssthresh:2147483647: cwnd:18: delivered:10: lost:0: retrans:0
[  246.350174] AAAAA-TCP_SEND: name:enp0s3: saddr:100932208: daddr:16783984: srtt_us:7349048: RTT:918631: ssthresh:2147483647: cwnd:18: delivered:10: lost:0: retrans:0
[  246.350297] AAAAA-TCP_SEND: name:enp0s3: saddr:100932208: daddr:16783984: srtt_us:7349048: RTT:918631: ssthresh:2147483647: cwnd:18: delivered:10: lost:0: retrans:0
[  246.693595] AAAAA-TCP_RECV: name:enp0s3: saddr:16783984: daddr:100932208: srtt_us:7349048: RTT:918631: ssthresh:2147483647: cwnd:18: delivered:10: lost:0: retrans:0
[  246.802177] AAAAA-TCP_RECV: name:enp0s3: saddr:16783984: daddr:100932208: srtt_us:8618320: RTT:1077290: ssthresh:2147483647: cwnd:19: delivered:11: lost:0: retrans:0
[  246.802241] AAAAA-TCP_SEND: name:enp0s3: saddr:100932208: daddr:16783984: srtt_us:9837476: RTT:1229684: ssthresh:2147483647: cwnd:20: delivered:12: lost:0: retrans:0
[  246.802294] AAAAA-TCP_SEND: name:enp0s3: saddr:100932208: daddr:16783984: srtt_us:9837476: RTT:1229684: ssthresh:2147483647: cwnd:20: delivered:12: lost:0: retrans:0
[  246.895250] AAAAA-TCP_SEND: name:enp0s3: saddr:100932208: daddr:33561200: srtt_us:1569896: RTT:196237: ssthresh:7: cwnd:1: delivered:1: lost:11: retrans:3
[  246.895295] AAAAA-TCP_SEND: name:enp0s3: saddr:100932208: daddr:16783984: srtt_us:9837476: RTT:1229684: ssthresh:2147483647: cwnd:20: delivered:12: lost:0: retrans:0
[  246.895367] AAAAA-TCP_SEND: name:enp0s3: saddr:100932208: daddr:16783984: srtt_us:9837476: RTT:1229684: ssthresh:2147483647: cwnd:20: delivered:12: lost:0: retrans:0
[  247.071317] AAAAA-TCP_RECV: name:enp0s3: saddr:33561200: daddr:100932208: srtt_us:1569896: RTT:196237: ssthresh:7: cwnd:1: delivered:1: lost:11: retrans:3
[  247.071388] AAAAA-TCP_SEND: name:enp0s3: saddr:100932208: daddr:33561200: srtt_us:3789659: RTT:473707: ssthresh:2147483647: cwnd:11: delivered:2: lost:11: retrans:3
[  247.071424] AAAAA-TCP_SEND: name:enp0s3: saddr:100932208: daddr:33561200: srtt_us:3789659: RTT:473707: ssthresh:2147483647: cwnd:11: delivered:2: lost:11: retrans:3
[  247.200137] AAAAA-TCP_RECV: name:enp0s3: saddr:33561200: daddr:100932208: srtt_us:3789659: RTT:473707: ssthresh:2147483647: cwnd:11: delivered:2: lost:11: retrans:3
[  247.200195] AAAAA-TCP_SEND: name:enp0s3: saddr:100932208: daddr:33561200: srtt_us:5860332: RTT:732541: ssthresh:2147483647: cwnd:12: delivered:3: lost:11: retrans:3
[  247.200224] AAAAA-TCP_SEND: name:enp0s3: saddr:100932208: daddr:33561200: srtt_us:5860332: RTT:732541: ssthresh:2147483647: cwnd:12: delivered:3: lost:11: retrans:3
[  247.302286] AAAAA-TCP_RECV: name:enp0s3: saddr:33561200: daddr:100932208: srtt_us:5860332: RTT:732541: ssthresh:2147483647: cwnd:12: delivered:3: lost:11: retrans:3
[  247.302347] AAAAA-TCP_SEND: name:enp0s3: saddr:100932208: daddr:33561200: srtt_us:7772715: RTT:971589: ssthresh:2147483647: cwnd:13: delivered:4: lost:11: retrans:3
[  247.302376] AAAAA-TCP_SEND: name:enp0s3: saddr:100932208: daddr:33561200: srtt_us:7772715: RTT:971589: ssthresh:2147483647: cwnd:13: delivered:4: lost:11: retrans:3
[  247.377621] AAAAA-TCP_RECV: name:enp0s3: saddr:33561200: daddr:100932208: srtt_us:7772715: RTT:971589: ssthresh:2147483647: cwnd:13: delivered:4: lost:11: retrans:3
[  247.377677] AAAAA-TCP_SEND: name:enp0s3: saddr:100932208: daddr:33561200: srtt_us:9521382: RTT:1190172: ssthresh:2147483647: cwnd:14: delivered:5: lost:11: retrans:3
[  247.377705] AAAAA-TCP_SEND: name:enp0s3: saddr:100932208: daddr:33561200: srtt_us:9521382: RTT:1190172: ssthresh:2147483647: cwnd:14: delivered:5: lost:11: retrans:3
[  247.585777] AAAAA-TCP_RECV: name:enp0s3: saddr:33561200: daddr:100932208: srtt_us:9521382: RTT:1190172: ssthresh:2147483647: cwnd:14: delivered:5: lost:11: retrans:3
[  247.585838] AAAAA-TCP_SEND: name:enp0s3: saddr:100932208: daddr:33561200: srtt_us:11259502: RTT:1407437: ssthresh:2147483647: cwnd:15: delivered:6: lost:11: retrans:3
[  247.585866] AAAAA-TCP_SEND: name:enp0s3: saddr:100932208: daddr:33561200: srtt_us:11259502: RTT:1407437: ssthresh:2147483647: cwnd:15: delivered:6: lost:11: retrans:3
[  247.718511] AAAAA-TCP_RECV: name:enp0s3: saddr:33561200: daddr:100932208: srtt_us:11259502: RTT:1407437: ssthresh:2147483647: cwnd:15: delivered:6: lost:11: retrans:3
[  247.743275] AAAAA-TCP_RECV: name:enp0s3: saddr:33561200: daddr:100932208: srtt_us:12913072: RTT:1614134: ssthresh:2147483647: cwnd:16: delivered:7: lost:11: retrans:3
[  247.743324] AAAAA-TCP_SEND: name:enp0s3: saddr:100932208: daddr:33561200: srtt_us:14384629: RTT:1798078: ssthresh:2147483647: cwnd:17: delivered:8: lost:11: retrans:3
[  247.743351] AAAAA-TCP_SEND: name:enp0s3: saddr:100932208: daddr:33561200: srtt_us:14384629: RTT:1798078: ssthresh:2147483647: cwnd:17: delivered:8: lost:11: retrans:3
[  247.912533] AAAAA-TCP_RECV: name:enp0s3: saddr:33561200: daddr:100932208: srtt_us:14384629: RTT:1798078: ssthresh:2147483647: cwnd:17: delivered:8: lost:11: retrans:3
[  247.912593] AAAAA-TCP_SEND: name:enp0s3: saddr:100932208: daddr:33561200: srtt_us:15841505: RTT:1980188: ssthresh:2147483647: cwnd:18: delivered:9: lost:11: retrans:3
[  247.912622] AAAAA-TCP_SEND: name:enp0s3: saddr:100932208: daddr:33561200: srtt_us:15841505: RTT:1980188: ssthresh:2147483647: cwnd:18: delivered:9: lost:11: retrans:3
[  248.061974] AAAAA-TCP_RECV: name:enp0s3: saddr:33561200: daddr:100932208: srtt_us:15841505: RTT:1980188: ssthresh:2147483647: cwnd:18: delivered:9: lost:11: retrans:3
[  248.062025] AAAAA-TCP_SEND: name:enp0s3: saddr:100932208: daddr:33561200: srtt_us:15841505: RTT:1980188: ssthresh:2147483647: cwnd:18: delivered:9: lost:11: retrans:3
[  248.062050] AAAAA-TCP_SEND: name:enp0s3: saddr:100932208: daddr:33561200: srtt_us:15841505: RTT:1980188: ssthresh:2147483647: cwnd:18: delivered:9: lost:11: retrans:3
[  248.062891] AAAAA-TCP_SEND: name:enp0s3: saddr:100932208: daddr:33561200: srtt_us:17265607: RTT:2158200: ssthresh:2147483647: cwnd:19: delivered:10: lost:11: retrans:3
[  248.062911] AAAAA-TCP_SEND: name:enp0s3: saddr:100932208: daddr:33561200: srtt_us:17265607: RTT:2158200: ssthresh:2147483647: cwnd:19: delivered:10: lost:11: retrans:3
[  248.193649] AAAAA-TCP_RECV: name:enp0s3: saddr:33561200: daddr:100932208: srtt_us:17265607: RTT:2158200: ssthresh:2147483647: cwnd:19: delivered:10: lost:11: retrans:3
[  248.193704] AAAAA-TCP_SEND: name:enp0s3: saddr:100932208: daddr:33561200: srtt_us:18643407: RTT:2330425: ssthresh:2147483647: cwnd:20: delivered:11: lost:11: retrans:3
[  248.443161] AAAAA-TCP_RECV: name:enp0s3: saddr:16783984: daddr:100932208: srtt_us:9837476: RTT:1229684: ssthresh:2147483647: cwnd:20: delivered:12: lost:0: retrans:0
[  248.443215] AAAAA-TCP_SEND: name:enp0s3: saddr:100932208: daddr:33561200: srtt_us:18643407: RTT:2330425: ssthresh:2147483647: cwnd:20: delivered:11: lost:11: retrans:3
[  248.443283] AAAAA-TCP_SEND: name:enp0s3: saddr:100932208: daddr:16783984: srtt_us:12120928: RTT:1515116: ssthresh:2147483647: cwnd:21: delivered:13: lost:0: retrans:0
[  248.443305] AAAAA-TCP_SEND: name:enp0s3: saddr:100932208: daddr:16783984: srtt_us:12120928: RTT:1515116: ssthresh:2147483647: cwnd:21: delivered:13: lost:0: retrans:0
[  248.554726] AAAAA-TCP_RECV: name:enp0s3: saddr:16783984: daddr:100932208: srtt_us:12120928: RTT:1515116: ssthresh:2147483647: cwnd:21: delivered:13: lost:0: retrans:0
[  248.554791] AAAAA-TCP_SEND: name:enp0s3: saddr:100932208: daddr:16783984: srtt_us:14230512: RTT:1778814: ssthresh:2147483647: cwnd:22: delivered:14: lost:0: retrans:0
[  248.554822] AAAAA-TCP_SEND: name:enp0s3: saddr:100932208: daddr:16783984: srtt_us:14230512: RTT:1778814: ssthresh:2147483647: cwnd:22: delivered:14: lost:0: retrans:0
[  248.780385] AAAAA-TCP_RECV: name:enp0s3: saddr:33561200: daddr:100932208: srtt_us:18643407: RTT:2330425: ssthresh:2147483647: cwnd:20: delivered:11: lost:11: retrans:3
[  248.810337] AAAAA-TCP_RECV: name:enp0s3: saddr:16783984: daddr:100932208: srtt_us:14230512: RTT:1778814: ssthresh:2147483647: cwnd:22: delivered:14: lost:0: retrans:0
[  248.810395] AAAAA-TCP_SEND: name:enp0s3: saddr:100932208: daddr:16783984: srtt_us:16086313: RTT:2010789: ssthresh:2147483647: cwnd:23: delivered:15: lost:0: retrans:0
[  248.957586] AAAAA-TCP_RECV: name:enp0s3: saddr:16783984: daddr:100932208: srtt_us:16086313: RTT:2010789: ssthresh:2147483647: cwnd:23: delivered:15: lost:0: retrans:0
[  248.957637] AAAAA-TCP_SEND: name:enp0s3: saddr:100932208: daddr:16783984: srtt_us:17857391: RTT:2232173: ssthresh:2147483647: cwnd:24: delivered:16: lost:0: retrans:0
[  248.957684] AAAAA-TCP_SEND: name:enp0s3: saddr:100932208: daddr:16783984: srtt_us:17857391: RTT:2232173: ssthresh:2147483647: cwnd:24: delivered:16: lost:0: retrans:0
[  249.117006] AAAAA-TCP_RECV: name:enp0s3: saddr:16783984: daddr:100932208: srtt_us:17857391: RTT:2232173: ssthresh:2147483647: cwnd:24: delivered:16: lost:0: retrans:0
[  249.117075] AAAAA-TCP_SEND: name:enp0s3: saddr:100932208: daddr:16783984: srtt_us:19565686: RTT:2445710: ssthresh:24: cwnd:24: delivered:17: lost:0: retrans:0
[  249.310010] AAAAA-TCP_RECV: name:enp0s3: saddr:16783984: daddr:100932208: srtt_us:19565686: RTT:2445710: ssthresh:24: cwnd:24: delivered:17: lost:0: retrans:0
[  249.310070] AAAAA-TCP_SEND: name:enp0s3: saddr:100932208: daddr:16783984: srtt_us:21253448: RTT:2656681: ssthresh:24: cwnd:24: delivered:18: lost:0: retrans:0
[  249.503392] AAAAA-TCP_RECV: name:enp0s3: saddr:16783984: daddr:100932208: srtt_us:21253448: RTT:2656681: ssthresh:24: cwnd:24: delivered:18: lost:0: retrans:0
[  249.503458] AAAAA-TCP_SEND: name:enp0s3: saddr:100932208: daddr:16783984: srtt_us:22691411: RTT:2836426: ssthresh:24: cwnd:24: delivered:19: lost:0: retrans:0
[  249.595601] AAAAA-TCP_RECV: name:enp0s3: saddr:16783984: daddr:100932208: srtt_us:22691411: RTT:2836426: ssthresh:24: cwnd:24: delivered:19: lost:0: retrans:0
[  249.595664] AAAAA-TCP_SEND: name:enp0s3: saddr:100932208: daddr:16783984: srtt_us:24041836: RTT:3005229: ssthresh:24: cwnd:24: delivered:20: lost:0: retrans:0
[  249.686274] AAAAA-TCP_RECV: name:enp0s3: saddr:16783984: daddr:100932208: srtt_us:24041836: RTT:3005229: ssthresh:24: cwnd:24: delivered:20: lost:0: retrans:0
[  250.057023] AAAAA-TCP_RECV: name:enp0s3: saddr:16783984: daddr:100932208: srtt_us:25188211: RTT:3148526: ssthresh:24: cwnd:24: delivered:21: lost:0: retrans:0
[  250.057095] AAAAA-TCP_SEND: name:enp0s3: saddr:100932208: daddr:16783984: srtt_us:26562041: RTT:3320255: ssthresh:24: cwnd:24: delivered:22: lost:0: retrans:0
[  250.057123] AAAAA-TCP_SEND: name:enp0s3: saddr:100932208: daddr:16783984: srtt_us:26562041: RTT:3320255: ssthresh:24: cwnd:24: delivered:22: lost:0: retrans:0
[  250.105946] AAAAA-TCP_RECV: name:enp0s3: saddr:33561200: daddr:100932208: srtt_us:18643407: RTT:2330425: ssthresh:2147483647: cwnd:20: delivered:12: lost:11: retrans:3
[  250.197622] AAAAA-TCP_RECV: name:enp0s3: saddr:16783984: daddr:100932208: srtt_us:26562041: RTT:3320255: ssthresh:24: cwnd:24: delivered:22: lost:0: retrans:0
[  250.197670] AAAAA-TCP_SEND: name:enp0s3: saddr:100932208: daddr:16783984: srtt_us:27436220: RTT:3429527: ssthresh:24: cwnd:24: delivered:23: lost:0: retrans:0
[  250.260885] AAAAA-TCP_RECV: name:enp0s3: saddr:16783984: daddr:100932208: srtt_us:27436220: RTT:3429527: ssthresh:24: cwnd:24: delivered:23: lost:0: retrans:0
[  250.260944] AAAAA-TCP_SEND: name:enp0s3: saddr:100932208: daddr:16783984: srtt_us:27918846: RTT:3489855: ssthresh:24: cwnd:24: delivered:24: lost:0: retrans:0
[  250.378308] AAAAA-TCP_RECV: name:enp0s3: saddr:16783984: daddr:100932208: srtt_us:27918846: RTT:3489855: ssthresh:24: cwnd:24: delivered:24: lost:0: retrans:0
[  250.378352] AAAAA-TCP_SEND: name:enp0s3: saddr:100932208: daddr:16783984: srtt_us:28458541: RTT:3557317: ssthresh:24: cwnd:24: delivered:25: lost:0: retrans:0
[  250.854791] AAAAA-TCP_RECV: name:enp0s3: saddr:16783984: daddr:100932208: srtt_us:28458541: RTT:3557317: ssthresh:24: cwnd:24: delivered:25: lost:0: retrans:0
[  250.854853] AAAAA-TCP_SEND: name:enp0s3: saddr:100932208: daddr:16783984: srtt_us:29405912: RTT:3675739: ssthresh:24: cwnd:24: delivered:26: lost:0: retrans:0
[  251.035375] AAAAA-TCP_RECV: name:enp0s3: saddr:16783984: daddr:100932208: srtt_us:29405912: RTT:3675739: ssthresh:24: cwnd:24: delivered:26: lost:0: retrans:0
[  251.035442] AAAAA-TCP_SEND: name:enp0s3: saddr:100932208: daddr:16783984: srtt_us:30415400: RTT:3801925: ssthresh:24: cwnd:25: delivered:27: lost:0: retrans:0
[  251.035469] AAAAA-TCP_SEND: name:enp0s3: saddr:100932208: daddr:16783984: srtt_us:30415400: RTT:3801925: ssthresh:24: cwnd:25: delivered:27: lost:0: retrans:0
[  251.106534] AAAAA-TCP_RECV: name:enp0s3: saddr:16783984: daddr:100932208: srtt_us:30415400: RTT:3801925: ssthresh:24: cwnd:25: delivered:27: lost:0: retrans:0
[  251.106587] AAAAA-TCP_SEND: name:enp0s3: saddr:100932208: daddr:16783984: srtt_us:31369735: RTT:3921216: ssthresh:24: cwnd:25: delivered:28: lost:0: retrans:0
[  251.266122] AAAAA-TCP_RECV: name:enp0s3: saddr:16783984: daddr:100932208: srtt_us:31369735: RTT:3921216: ssthresh:24: cwnd:25: delivered:28: lost:0: retrans:0
[  251.266182] AAAAA-TCP_SEND: name:enp0s3: saddr:100932208: daddr:16783984: srtt_us:31912438: RTT:3989054: ssthresh:24: cwnd:25: delivered:30: lost:0: retrans:0
[  251.355963] AAAAA-TCP_RECV: name:enp0s3: saddr:33561200: daddr:100932208: srtt_us:18643407: RTT:2330425: ssthresh:2147483647: cwnd:20: delivered:13: lost:11: retrans:3
[  251.489615] AAAAA-TCP_RECV: name:enp0s3: saddr:16783984: daddr:100932208: srtt_us:31912438: RTT:3989054: ssthresh:24: cwnd:25: delivered:30: lost:0: retrans:0
[  251.489697] AAAAA-TCP_SEND: name:enp0s3: saddr:100932208: daddr:16783984: srtt_us:32517740: RTT:4064717: ssthresh:24: cwnd:26: delivered:31: lost:0: retrans:0
[  251.489747] AAAAA-TCP_SEND: name:enp0s3: saddr:100932208: daddr:16783984: srtt_us:32517740: RTT:4064717: ssthresh:24: cwnd:26: delivered:31: lost:0: retrans:0
[  251.713820] AAAAA-TCP_RECV: name:enp0s3: saddr:33561200: daddr:100932208: srtt_us:18643407: RTT:2330425: ssthresh:2147483647: cwnd:20: delivered:14: lost:11: retrans:3
[  251.713856] AAAAA-TCP_SEND: name:enp0s3: saddr:100932208: daddr:16783984: srtt_us:32517740: RTT:4064717: ssthresh:24: cwnd:26: delivered:31: lost:0: retrans:0
[  251.713904] AAAAA-TCP_SEND: name:enp0s3: saddr:100932208: daddr:33561200: srtt_us:20955439: RTT:2619429: ssthresh:2147483647: cwnd:21: delivered:15: lost:11: retrans:3
[  251.858383] AAAAA-TCP_RECV: name:enp0s3: saddr:16783984: daddr:100932208: srtt_us:32517740: RTT:4064717: ssthresh:24: cwnd:26: delivered:31: lost:0: retrans:0
[  251.858418] AAAAA-TCP_SEND: name:enp0s3: saddr:100932208: daddr:16783984: srtt_us:33416127: RTT:4177015: ssthresh:24: cwnd:26: delivered:32: lost:0: retrans:0
[  251.975129] AAAAA-TCP_RECV: name:enp0s3: saddr:33561200: daddr:100932208: srtt_us:20955439: RTT:2619429: ssthresh:2147483647: cwnd:21: delivered:15: lost:11: retrans:3
[  251.975159] AAAAA-TCP_SEND: name:enp0s3: saddr:100932208: daddr:33561200: srtt_us:23239775: RTT:2904971: ssthresh:2147483647: cwnd:22: delivered:16: lost:11: retrans:3
[  251.975188] AAAAA-TCP_SEND: name:enp0s3: saddr:100932208: daddr:33561200: srtt_us:23239775: RTT:2904971: ssthresh:2147483647: cwnd:22: delivered:16: lost:11: retrans:3
[  252.040364] AAAAA-TCP_RECV: name:enp0s3: saddr:33561200: daddr:100932208: srtt_us:23239775: RTT:2904971: ssthresh:2147483647: cwnd:22: delivered:16: lost:11: retrans:3
[  252.040400] AAAAA-TCP_SEND: name:enp0s3: saddr:100932208: daddr:33561200: srtt_us:25174995: RTT:3146874: ssthresh:2147483647: cwnd:23: delivered:17: lost:11: retrans:3
[  252.040426] AAAAA-TCP_SEND: name:enp0s3: saddr:100932208: daddr:33561200: srtt_us:25174995: RTT:3146874: ssthresh:2147483647: cwnd:23: delivered:17: lost:11: retrans:3
[  252.106046] AAAAA-TCP_RECV: name:enp0s3: saddr:33561200: daddr:100932208: srtt_us:25174995: RTT:3146874: ssthresh:2147483647: cwnd:23: delivered:17: lost:11: retrans:3
[  252.106078] AAAAA-TCP_SEND: name:enp0s3: saddr:100932208: daddr:33561200: srtt_us:26933993: RTT:3366749: ssthresh:2147483647: cwnd:24: delivered:18: lost:11: retrans:3
[  252.106102] AAAAA-TCP_SEND: name:enp0s3: saddr:100932208: daddr:33561200: srtt_us:26933993: RTT:3366749: ssthresh:2147483647: cwnd:24: delivered:18: lost:11: retrans:3
[  252.256596] AAAAA-TCP_RECV: name:enp0s3: saddr:16783984: daddr:100932208: srtt_us:33416127: RTT:4177015: ssthresh:24: cwnd:26: delivered:32: lost:0: retrans:0
[  252.256627] AAAAA-TCP_SEND: name:enp0s3: saddr:100932208: daddr:16783984: srtt_us:32685336: RTT:4085667: ssthresh:18: cwnd:22: delivered:33: lost:4: retrans:1
[  252.334805] AAAAA-TCP_RECV: name:enp0s3: saddr:33561200: daddr:100932208: srtt_us:26933993: RTT:3366749: ssthresh:2147483647: cwnd:24: delivered:18: lost:11: retrans:3
[  252.334830] AAAAA-TCP_SEND: name:enp0s3: saddr:100932208: daddr:33561200: srtt_us:28599713: RTT:3574964: ssthresh:2147483647: cwnd:25: delivered:19: lost:11: retrans:3
[  252.334849] AAAAA-TCP_SEND: name:enp0s3: saddr:100932208: daddr:33561200: srtt_us:28599713: RTT:3574964: ssthresh:2147483647: cwnd:25: delivered:19: lost:11: retrans:3
[  252.438922] AAAAA-TCP_RECV: name:enp0s3: saddr:16783984: daddr:100932208: srtt_us:32685336: RTT:4085667: ssthresh:18: cwnd:22: delivered:33: lost:4: retrans:1
[  252.438964] AAAAA-TCP_SEND: name:enp0s3: saddr:100932208: daddr:16783984: srtt_us:32228225: RTT:4028528: ssthresh:18: cwnd:22: delivered:34: lost:4: retrans:2
[  252.515416] AAAAA-TCP_RECV: name:enp0s3: saddr:16783984: daddr:100932208: srtt_us:32228225: RTT:4028528: ssthresh:18: cwnd:22: delivered:34: lost:4: retrans:2
[  252.515447] AAAAA-TCP_SEND: name:enp0s3: saddr:100932208: daddr:16783984: srtt_us:31757500: RTT:3969687: ssthresh:18: cwnd:22: delivered:35: lost:4: retrans:3
[  252.616018] AAAAA-TCP_RECV: name:enp0s3: saddr:16783984: daddr:100932208: srtt_us:31757500: RTT:3969687: ssthresh:18: cwnd:22: delivered:35: lost:4: retrans:3
[  252.666970] AAAAA-TCP_RECV: name:enp0s3: saddr:16783984: daddr:100932208: srtt_us:31446163: RTT:3930770: ssthresh:18: cwnd:21: delivered:36: lost:4: retrans:3
[  252.666992] AAAAA-TCP_SEND: name:enp0s3: saddr:100932208: daddr:16783984: srtt_us:31065318: RTT:3883164: ssthresh:18: cwnd:21: delivered:37: lost:4: retrans:4
[  252.776737] AAAAA-TCP_RECV: name:enp0s3: saddr:16783984: daddr:100932208: srtt_us:31065318: RTT:3883164: ssthresh:18: cwnd:21: delivered:37: lost:4: retrans:4
[  252.852655] AAAAA-TCP_RECV: name:enp0s3: saddr:33561200: daddr:100932208: srtt_us:28599713: RTT:3574964: ssthresh:2147483647: cwnd:25: delivered:19: lost:11: retrans:3
[  252.852694] AAAAA-TCP_SEND: name:enp0s3: saddr:100932208: daddr:33561200: srtt_us:30575079: RTT:3821884: ssthresh:2147483647: cwnd:26: delivered:20: lost:11: retrans:3
[  252.852721] AAAAA-TCP_SEND: name:enp0s3: saddr:100932208: daddr:33561200: srtt_us:30575079: RTT:3821884: ssthresh:2147483647: cwnd:26: delivered:20: lost:11: retrans:3
[  252.852740] AAAAA-TCP_SEND: name:enp0s3: saddr:100932208: daddr:16783984: srtt_us:30648844: RTT:3831105: ssthresh:18: cwnd:21: delivered:38: lost:4: retrans:4
[  252.940521] AAAAA-TCP_RECV: name:enp0s3: saddr:16783984: daddr:100932208: srtt_us:30648844: RTT:3831105: ssthresh:18: cwnd:21: delivered:38: lost:4: retrans:4
[  253.012617] AAAAA-TCP_RECV: name:enp0s3: saddr:33561200: daddr:100932208: srtt_us:30575079: RTT:3821884: ssthresh:2147483647: cwnd:26: delivered:20: lost:11: retrans:3
[  253.068854] AAAAA-TCP_RECV: name:enp0s3: saddr:33561200: daddr:100932208: srtt_us:32388156: RTT:4048519: ssthresh:2147483647: cwnd:27: delivered:21: lost:11: retrans:3
[  253.068887] AAAAA-TCP_SEND: name:enp0s3: saddr:100932208: daddr:33561200: srtt_us:34030835: RTT:4253854: ssthresh:2147483647: cwnd:28: delivered:22: lost:11: retrans:3
[  253.068914] AAAAA-TCP_SEND: name:enp0s3: saddr:100932208: daddr:33561200: srtt_us:34030835: RTT:4253854: ssthresh:2147483647: cwnd:28: delivered:22: lost:11: retrans:3
[  253.208077] AAAAA-TCP_RECV: name:enp0s3: saddr:16783984: daddr:100932208: srtt_us:30254826: RTT:3781853: ssthresh:18: cwnd:20: delivered:39: lost:4: retrans:4
[  253.208104] AAAAA-TCP_SEND: name:enp0s3: saddr:100932208: daddr:33561200: srtt_us:34030835: RTT:4253854: ssthresh:2147483647: cwnd:28: delivered:22: lost:11: retrans:3
[  253.208131] AAAAA-TCP_SEND: name:enp0s3: saddr:100932208: daddr:33561200: srtt_us:34030835: RTT:4253854: ssthresh:2147483647: cwnd:28: delivered:22: lost:11: retrans:3
[  253.308644] AAAAA-TCP_RECV: name:enp0s3: saddr:16783984: daddr:100932208: srtt_us:30085409: RTT:3760676: ssthresh:18: cwnd:20: delivered:40: lost:4: retrans:4
[  253.308667] AAAAA-TCP_SEND: name:enp0s3: saddr:100932208: daddr:16783984: srtt_us:30085409: RTT:3760676: ssthresh:18: cwnd:20: delivered:40: lost:4: retrans:4
[  253.368558] AAAAA-TCP_RECV: name:enp0s3: saddr:16783984: daddr:100932208: srtt_us:29576310: RTT:3697038: ssthresh:18: cwnd:20: delivered:41: lost:4: retrans:4
[  253.368582] AAAAA-TCP_SEND: name:enp0s3: saddr:100932208: daddr:16783984: srtt_us:29576310: RTT:3697038: ssthresh:18: cwnd:20: delivered:41: lost:4: retrans:4
[  253.439998] AAAAA-TCP_RECV: name:enp0s3: saddr:16783984: daddr:100932208: srtt_us:29190760: RTT:3648845: ssthresh:18: cwnd:19: delivered:42: lost:4: retrans:4
[  253.564971] AAAAA-TCP_RECV: name:enp0s3: saddr:33561200: daddr:100932208: srtt_us:34030835: RTT:4253854: ssthresh:2147483647: cwnd:28: delivered:22: lost:11: retrans:3
[  253.599048] AAAAA-TCP_RECV: name:enp0s3: saddr:16783984: daddr:100932208: srtt_us:28784268: RTT:3598033: ssthresh:18: cwnd:18: delivered:43: lost:4: retrans:4
[  253.633466] AAAAA-TCP_RECV: name:enp0s3: saddr:16783984: daddr:100932208: srtt_us:28524360: RTT:3565545: ssthresh:18: cwnd:18: delivered:44: lost:4: retrans:4
[  253.633493] AAAAA-TCP_SEND: name:enp0s3: saddr:100932208: daddr:16783984: srtt_us:28524360: RTT:3565545: ssthresh:18: cwnd:18: delivered:44: lost:4: retrans:4
[  253.690450] AAAAA-TCP_RECV: name:enp0s3: saddr:33561200: daddr:100932208: srtt_us:35756136: RTT:4469517: ssthresh:28: cwnd:28: delivered:23: lost:11: retrans:3
[  253.744962] AAAAA-TCP_RECV: name:enp0s3: saddr:33561200: daddr:100932208: srtt_us:37391253: RTT:4673906: ssthresh:28: cwnd:28: delivered:24: lost:11: retrans:3
[  253.809117] AAAAA-TCP_RECV: name:enp0s3: saddr:16783984: daddr:100932208: srtt_us:28213959: RTT:3526744: ssthresh:18: cwnd:18: delivered:45: lost:4: retrans:4
[  253.854693] AAAAA-TCP_RECV: name:enp0s3: saddr:33561200: daddr:100932208: srtt_us:38718994: RTT:4839874: ssthresh:28: cwnd:28: delivered:25: lost:11: retrans:3
[  253.896992] AAAAA-TCP_RECV: name:enp0s3: saddr:16783984: daddr:100932208: srtt_us:27641508: RTT:3455188: ssthresh:18: cwnd:17: delivered:46: lost:4: retrans:4
[  253.918338] AAAAA-TCP_RECV: name:enp0s3: saddr:16783984: daddr:100932208: srtt_us:27047893: RTT:3380986: ssthresh:18: cwnd:16: delivered:47: lost:4: retrans:4
[  253.960444] AAAAA-TCP_RECV: name:enp0s3: saddr:33561200: daddr:100932208: srtt_us:39990509: RTT:4998813: ssthresh:28: cwnd:29: delivered:26: lost:11: retrans:3
[  254.025015] AAAAA-TCP_RECV: name:enp0s3: saddr:16783984: daddr:100932208: srtt_us:26549825: RTT:3318728: ssthresh:18: cwnd:15: delivered:48: lost:4: retrans:4
[  254.085215] AAAAA-TCP_RECV: name:enp0s3: saddr:33561200: daddr:100932208: srtt_us:41039569: RTT:5129946: ssthresh:28: cwnd:29: delivered:27: lost:11: retrans:3
[  254.126196] AAAAA-TCP_RECV: name:enp0s3: saddr:16783984: daddr:100932208: srtt_us:26149547: RTT:3268693: ssthresh:18: cwnd:14: delivered:49: lost:4: retrans:4
[  254.177437] AAAAA-TCP_RECV: name:enp0s3: saddr:33561200: daddr:100932208: srtt_us:42082265: RTT:5260283: ssthresh:28: cwnd:29: delivered:28: lost:11: retrans:3
[  254.238519] AAAAA-TCP_RECV: name:enp0s3: saddr:33561200: daddr:100932208: srtt_us:42937413: RTT:5367176: ssthresh:28: cwnd:30: delivered:29: lost:11: retrans:3
[  254.293231] AAAAA-TCP_RECV: name:enp0s3: saddr:33561200: daddr:100932208: srtt_us:43746750: RTT:5468343: ssthresh:28: cwnd:30: delivered:30: lost:11: retrans:3
[  254.350515] AAAAA-TCP_RECV: name:enp0s3: saddr:16783984: daddr:100932208: srtt_us:25740889: RTT:3217611: ssthresh:18: cwnd:13: delivered:50: lost:4: retrans:4
[  254.486657] AAAAA-TCP_RECV: name:enp0s3: saddr:16783984: daddr:100932208: srtt_us:25384110: RTT:3173013: ssthresh:18: cwnd:12: delivered:51: lost:4: retrans:4
[  254.535701] AAAAA-TCP_RECV: name:enp0s3: saddr:33561200: daddr:100932208: srtt_us:44508767: RTT:5563595: ssthresh:28: cwnd:31: delivered:31: lost:11: retrans:3
[  254.564450] AAAAA-TCP_RECV: name:enp0s3: saddr:16783984: daddr:100932208: srtt_us:25208085: RTT:3151010: ssthresh:18: cwnd:11: delivered:52: lost:4: retrans:4
[  254.585153] AAAAA-TCP_RECV: name:enp0s3: saddr:33561200: daddr:100932208: srtt_us:45417992: RTT:5677249: ssthresh:28: cwnd:31: delivered:32: lost:11: retrans:3
[  254.629653] AAAAA-TCP_RECV: name:enp0s3: saddr:33561200: daddr:100932208: srtt_us:46132210: RTT:5766526: ssthresh:28: cwnd:32: delivered:33: lost:11: retrans:3
[  254.629681] AAAAA-TCP_SEND: name:enp0s3: saddr:100932208: daddr:33561200: srtt_us:43281454: RTT:5410181: ssthresh:22: cwnd:16: delivered:34: lost:12: retrans:4
[  254.701637] AAAAA-TCP_RECV: name:enp0s3: saddr:33561200: daddr:100932208: srtt_us:43281454: RTT:5410181: ssthresh:22: cwnd:16: delivered:34: lost:12: retrans:4
[  254.730922] AAAAA-TCP_RECV: name:enp0s3: saddr:16783984: daddr:100932208: srtt_us:24907703: RTT:3113462: ssthresh:18: cwnd:10: delivered:53: lost:4: retrans:4
[  254.743536] AAAAA-TCP_RECV: name:enp0s3: saddr:33561200: daddr:100932208: srtt_us:40859027: RTT:5107378: ssthresh:22: cwnd:16: delivered:35: lost:12: retrans:4
[  254.768547] AAAAA-TCP_RECV: name:enp0s3: saddr:33561200: daddr:100932208: srtt_us:38520043: RTT:4815005: ssthresh:22: cwnd:15: delivered:36: lost:12: retrans:4
[  254.795494] AAAAA-TCP_RECV: name:enp0s3: saddr:33561200: daddr:100932208: srtt_us:36498411: RTT:4562301: ssthresh:22: cwnd:14: delivered:37: lost:12: retrans:4
[  254.840724] AAAAA-TCP_RECV: name:enp0s3: saddr:33561200: daddr:100932208: srtt_us:38288110: RTT:4786013: ssthresh:28: cwnd:32: delivered:38: lost:12: retrans:4
[  254.863839] AAAAA-TCP_RECV: name:enp0s3: saddr:16783984: daddr:100932208: srtt_us:24666762: RTT:3083345: ssthresh:18: cwnd:9: delivered:54: lost:4: retrans:4
[  254.889503] AAAAA-TCP_RECV: name:enp0s3: saddr:33561200: daddr:100932208: srtt_us:36302439: RTT:4537804: ssthresh:28: cwnd:32: delivered:39: lost:12: retrans:4
[  254.918947] AAAAA-TCP_RECV: name:enp0s3: saddr:16783984: daddr:100932208: srtt_us:28003417: RTT:3500427: ssthresh:18: cwnd:18: delivered:55: lost:4: retrans:4
[  254.959355] AAAAA-TCP_RECV: name:enp0s3: saddr:33561200: daddr:100932208: srtt_us:34613755: RTT:4326719: ssthresh:28: cwnd:32: delivered:40: lost:12: retrans:4
[  254.986800] AAAAA-TCP_RECV: name:enp0s3: saddr:16783984: daddr:100932208: srtt_us:30977990: RTT:3872248: ssthresh:18: cwnd:18: delivered:56: lost:4: retrans:4
[  255.014706] AAAAA-TCP_RECV: name:enp0s3: saddr:16783984: daddr:100932208: srtt_us:30977990: RTT:3872248: ssthresh:18: cwnd:7: delivered:57: lost:4: retrans:4
[  255.066121] AAAAA-TCP_RECV: name:enp0s3: saddr:33561200: daddr:100932208: srtt_us:33140330: RTT:4142541: ssthresh:28: cwnd:33: delivered:42: lost:12: retrans:4
[  255.097182] AAAAA-TCP_RECV: name:enp0s3: saddr:16783984: daddr:100932208: srtt_us:33565742: RTT:4195717: ssthresh:18: cwnd:18: delivered:58: lost:4: retrans:4
[  255.128439] AAAAA-TCP_RECV: name:enp0s3: saddr:16783984: daddr:100932208: srtt_us:35913025: RTT:4489128: ssthresh:24: cwnd:26: delivered:59: lost:4: retrans:4
[  255.498486] AAAAA-TCP_RECV: name:enp0s3: saddr:16783984: daddr:100932208: srtt_us:35913025: RTT:4489128: ssthresh:24: cwnd:26: delivered:60: lost:4: retrans:4
[  255.531918] AAAAA-TCP_RECV: name:enp0s3: saddr:16783984: daddr:100932208: srtt_us:35913025: RTT:4489128: ssthresh:24: cwnd:26: delivered:61: lost:4: retrans:4
[  255.608680] AAAAA-TCP_RECV: name:enp0s3: saddr:33561200: daddr:100932208: srtt_us:31729099: RTT:3966137: ssthresh:28: cwnd:33: delivered:44: lost:12: retrans:4
[  255.651202] AAAAA-TCP_RECV: name:enp0s3: saddr:33561200: daddr:100932208: srtt_us:30518968: RTT:3814871: ssthresh:28: cwnd:34: delivered:45: lost:12: retrans:4
[  255.751005] AAAAA-TCP_RECV: name:enp0s3: saddr:16783984: daddr:100932208: srtt_us:35913025: RTT:4489128: ssthresh:24: cwnd:26: delivered:62: lost:4: retrans:4
[  255.787593] AAAAA-TCP_RECV: name:enp0s3: saddr:33561200: daddr:100932208: srtt_us:29502624: RTT:3687828: ssthresh:28: cwnd:34: delivered:46: lost:12: retrans:4
[  255.814766] AAAAA-TCP_RECV: name:enp0s3: saddr:33561200: daddr:100932208: srtt_us:28533520: RTT:3566690: ssthresh:28: cwnd:35: delivered:47: lost:12: retrans:4
[  255.829452] AAAAA-TCP_RECV: name:enp0s3: saddr:33561200: daddr:100932208: srtt_us:27712726: RTT:3464090: ssthresh:28: cwnd:36: delivered:48: lost:12: retrans:4
[  255.856811] AAAAA-TCP_RECV: name:enp0s3: saddr:33561200: daddr:100932208: srtt_us:26870000: RTT:3358750: ssthresh:28: cwnd:36: delivered:49: lost:12: retrans:4
[  255.881024] AAAAA-TCP_RECV: name:enp0s3: saddr:16783984: daddr:100932208: srtt_us:34322177: RTT:4290272: ssthresh:24: cwnd:26: delivered:63: lost:4: retrans:4
[  255.903085] AAAAA-TCP_RECV: name:enp0s3: saddr:16783984: daddr:100932208: srtt_us:32604279: RTT:4075534: ssthresh:24: cwnd:26: delivered:64: lost:4: retrans:4
[  255.931282] AAAAA-TCP_RECV: name:enp0s3: saddr:16783984: daddr:100932208: srtt_us:31063258: RTT:3882907: ssthresh:24: cwnd:26: delivered:65: lost:4: retrans:4
[  255.960359] AAAAA-TCP_RECV: name:enp0s3: saddr:33561200: daddr:100932208: srtt_us:26159975: RTT:3269996: ssthresh:28: cwnd:36: delivered:50: lost:12: retrans:4
[  276.442088] AAAAA-TCP_SEND: name:enp0s3: saddr:100932208: daddr:33561200: srtt_us:26159975: RTT:3269996: ssthresh:28: cwnd:36: delivered:51: lost:12: retrans:4
[  276.442123] AAAAA-TCP_SEND: name:enp0s3: saddr:100932208: daddr:33561200: srtt_us:26159975: RTT:3269996: ssthresh:28: cwnd:23: delivered:51: lost:12: retrans:4
[  276.442216] AAAAA-TCP_SEND: name:enp0s3: saddr:100932208: daddr:33561200: srtt_us:26159975: RTT:3269996: ssthresh:28: cwnd:23: delivered:51: lost:12: retrans:4
[  276.442229] AAAAA-TCP_SEND: name:enp0s3: saddr:100932208: daddr:33561200: srtt_us:26159975: RTT:3269996: ssthresh:28: cwnd:23: delivered:51: lost:12: retrans:4
[  276.442282] AAAAA-TCP_SEND: name:enp0s3: saddr:100932208: daddr:33561200: srtt_us:26159975: RTT:3269996: ssthresh:28: cwnd:23: delivered:51: lost:12: retrans:4
[  276.442294] AAAAA-TCP_SEND: name:enp0s3: saddr:100932208: daddr:33561200: srtt_us:26159975: RTT:3269996: ssthresh:28: cwnd:23: delivered:51: lost:12: retrans:4
[  276.442353] AAAAA-TCP_SEND: name:enp0s3: saddr:100932208: daddr:33561200: srtt_us:26159975: RTT:3269996: ssthresh:28: cwnd:23: delivered:51: lost:12: retrans:4
[  276.442366] AAAAA-TCP_SEND: name:enp0s3: saddr:100932208: daddr:33561200: srtt_us:26159975: RTT:3269996: ssthresh:28: cwnd:23: delivered:51: lost:12: retrans:4
[  276.442453] AAAAA-TCP_SEND: name:enp0s3: saddr:100932208: daddr:33561200: srtt_us:26159975: RTT:3269996: ssthresh:28: cwnd:23: delivered:51: lost:12: retrans:4
[  276.442467] AAAAA-TCP_SEND: name:enp0s3: saddr:100932208: daddr:33561200: srtt_us:26159975: RTT:3269996: ssthresh:28: cwnd:23: delivered:51: lost:12: retrans:4
[  276.442543] AAAAA-TCP_SEND: name:enp0s3: saddr:100932208: daddr:33561200: srtt_us:26159975: RTT:3269996: ssthresh:28: cwnd:23: delivered:51: lost:12: retrans:4
[  276.442556] AAAAA-TCP_SEND: name:enp0s3: saddr:100932208: daddr:33561200: srtt_us:26159975: RTT:3269996: ssthresh:28: cwnd:23: delivered:51: lost:12: retrans:4
[  276.442635] AAAAA-TCP_SEND: name:enp0s3: saddr:100932208: daddr:33561200: srtt_us:26159975: RTT:3269996: ssthresh:28: cwnd:23: delivered:51: lost:12: retrans:4
[  276.442653] AAAAA-TCP_SEND: name:enp0s3: saddr:100932208: daddr:33561200: srtt_us:26159975: RTT:3269996: ssthresh:28: cwnd:23: delivered:51: lost:12: retrans:4
[  276.442708] AAAAA-TCP_SEND: name:enp0s3: saddr:100932208: daddr:33561200: srtt_us:26159975: RTT:3269996: ssthresh:28: cwnd:23: delivered:51: lost:12: retrans:4
[  276.442724] AAAAA-TCP_SEND: name:enp0s3: saddr:100932208: daddr:33561200: srtt_us:26159975: RTT:3269996: ssthresh:28: cwnd:23: delivered:51: lost:12: retrans:4
[  276.442779] AAAAA-TCP_SEND: name:enp0s3: saddr:100932208: daddr:33561200: srtt_us:26159975: RTT:3269996: ssthresh:28: cwnd:23: delivered:51: lost:12: retrans:4
[  276.442795] AAAAA-TCP_SEND: name:enp0s3: saddr:100932208: daddr:33561200: srtt_us:26159975: RTT:3269996: ssthresh:28: cwnd:23: delivered:51: lost:12: retrans:4
[  276.442852] AAAAA-TCP_SEND: name:enp0s3: saddr:100932208: daddr:33561200: srtt_us:26159975: RTT:3269996: ssthresh:28: cwnd:23: delivered:51: lost:12: retrans:4
[  276.442867] AAAAA-TCP_SEND: name:enp0s3: saddr:100932208: daddr:33561200: srtt_us:26159975: RTT:3269996: ssthresh:28: cwnd:23: delivered:51: lost:12: retrans:4
[  276.442923] AAAAA-TCP_SEND: name:enp0s3: saddr:100932208: daddr:33561200: srtt_us:26159975: RTT:3269996: ssthresh:28: cwnd:23: delivered:51: lost:12: retrans:4
[  276.442939] AAAAA-TCP_SEND: name:enp0s3: saddr:100932208: daddr:33561200: srtt_us:26159975: RTT:3269996: ssthresh:28: cwnd:23: delivered:51: lost:12: retrans:4
[  276.443004] AAAAA-TCP_SEND: name:enp0s3: saddr:100932208: daddr:33561200: srtt_us:26159975: RTT:3269996: ssthresh:28: cwnd:23: delivered:51: lost:12: retrans:4
[  276.809696] AAAAA-TCP_RECV: name:enp0s3: saddr:33561200: daddr:100932208: srtt_us:26159975: RTT:3269996: ssthresh:28: cwnd:23: delivered:51: lost:12: retrans:4
[  276.809757] AAAAA-TCP_SEND: name:enp0s3: saddr:100932208: daddr:33561200: srtt_us:23257622: RTT:2907202: ssthresh:28: cwnd:24: delivered:52: lost:12: retrans:4
[  276.809783] AAAAA-TCP_SEND: name:enp0s3: saddr:100932208: daddr:33561200: srtt_us:23257622: RTT:2907202: ssthresh:28: cwnd:24: delivered:52: lost:12: retrans:4
[  276.809836] AAAAA-TCP_SEND: name:enp0s3: saddr:100932208: daddr:16783984: srtt_us:29478149: RTT:3684768: ssthresh:24: cwnd:26: delivered:66: lost:4: retrans:4
[  276.809857] AAAAA-TCP_SEND: name:enp0s3: saddr:100932208: daddr:16783984: srtt_us:29478149: RTT:3684768: ssthresh:24: cwnd:26: delivered:66: lost:4: retrans:4
[  277.017720] AAAAA-TCP_RECV: name:enp0s3: saddr:33561200: daddr:100932208: srtt_us:23257622: RTT:2907202: ssthresh:28: cwnd:24: delivered:52: lost:12: retrans:4
[  277.017778] AAAAA-TCP_SEND: name:enp0s3: saddr:100932208: daddr:16783984: srtt_us:29478149: RTT:3684768: ssthresh:24: cwnd:18: delivered:66: lost:4: retrans:4
[  277.017804] AAAAA-TCP_SEND: name:enp0s3: saddr:100932208: daddr:16783984: srtt_us:29478149: RTT:3684768: ssthresh:24: cwnd:18: delivered:66: lost:4: retrans:4
[  277.017872] AAAAA-TCP_SEND: name:enp0s3: saddr:100932208: daddr:33561200: srtt_us:20926037: RTT:2615754: ssthresh:28: cwnd:25: delivered:53: lost:12: retrans:4
[  277.017894] AAAAA-TCP_SEND: name:enp0s3: saddr:100932208: daddr:33561200: srtt_us:20926037: RTT:2615754: ssthresh:28: cwnd:25: delivered:53: lost:12: retrans:4
[  277.018854] AAAAA-TCP_SEND: name:enp0s3: saddr:100932208: daddr:16783984: srtt_us:29478149: RTT:3684768: ssthresh:24: cwnd:18: delivered:66: lost:4: retrans:4
[  277.018875] AAAAA-TCP_SEND: name:enp0s3: saddr:100932208: daddr:16783984: srtt_us:29478149: RTT:3684768: ssthresh:24: cwnd:18: delivered:66: lost:4: retrans:4
[  277.018967] AAAAA-TCP_SEND: name:enp0s3: saddr:100932208: daddr:16783984: srtt_us:29478149: RTT:3684768: ssthresh:24: cwnd:18: delivered:66: lost:4: retrans:4
[  277.018981] AAAAA-TCP_SEND: name:enp0s3: saddr:100932208: daddr:16783984: srtt_us:29478149: RTT:3684768: ssthresh:24: cwnd:18: delivered:66: lost:4: retrans:4
[  277.019040] AAAAA-TCP_SEND: name:enp0s3: saddr:100932208: daddr:16783984: srtt_us:29478149: RTT:3684768: ssthresh:24: cwnd:18: delivered:66: lost:4: retrans:4
[  277.019053] AAAAA-TCP_SEND: name:enp0s3: saddr:100932208: daddr:16783984: srtt_us:29478149: RTT:3684768: ssthresh:24: cwnd:18: delivered:66: lost:4: retrans:4
[  277.019131] AAAAA-TCP_SEND: name:enp0s3: saddr:100932208: daddr:16783984: srtt_us:29478149: RTT:3684768: ssthresh:24: cwnd:18: delivered:66: lost:4: retrans:4
[  277.019154] AAAAA-TCP_SEND: name:enp0s3: saddr:100932208: daddr:16783984: srtt_us:29478149: RTT:3684768: ssthresh:24: cwnd:18: delivered:66: lost:4: retrans:4
[  277.130294] AAAAA-TCP_RECV: name:enp0s3: saddr:33561200: daddr:100932208: srtt_us:20926037: RTT:2615754: ssthresh:28: cwnd:25: delivered:53: lost:12: retrans:4
[  277.130323] AAAAA-TCP_SEND: name:enp0s3: saddr:100932208: daddr:33561200: srtt_us:18998365: RTT:2374795: ssthresh:28: cwnd:26: delivered:54: lost:12: retrans:4
[  277.130342] AAAAA-TCP_SEND: name:enp0s3: saddr:100932208: daddr:33561200: srtt_us:18998365: RTT:2374795: ssthresh:28: cwnd:26: delivered:54: lost:12: retrans:4
[  277.375006] AAAAA-TCP_RECV: name:enp0s3: saddr:33561200: daddr:100932208: srtt_us:18998365: RTT:2374795: ssthresh:28: cwnd:26: delivered:54: lost:12: retrans:4
[  277.375050] AAAAA-TCP_SEND: name:enp0s3: saddr:100932208: daddr:33561200: srtt_us:17556365: RTT:2194545: ssthresh:28: cwnd:27: delivered:55: lost:12: retrans:4
[  277.375077] AAAAA-TCP_SEND: name:enp0s3: saddr:100932208: daddr:33561200: srtt_us:17556365: RTT:2194545: ssthresh:28: cwnd:27: delivered:55: lost:12: retrans:4
[  277.375154] AAAAA-TCP_SEND: name:enp0s3: saddr:100932208: daddr:16783984: srtt_us:29478149: RTT:3684768: ssthresh:24: cwnd:18: delivered:66: lost:4: retrans:4
[  277.475449] AAAAA-TCP_RECV: name:enp0s3: saddr:33561200: daddr:100932208: srtt_us:17556365: RTT:2194545: ssthresh:28: cwnd:27: delivered:55: lost:12: retrans:4
[  277.475495] AAAAA-TCP_SEND: name:enp0s3: saddr:100932208: daddr:33561200: srtt_us:16395059: RTT:2049382: ssthresh:28: cwnd:28: delivered:56: lost:12: retrans:4
[  277.475517] AAAAA-TCP_SEND: name:enp0s3: saddr:100932208: daddr:33561200: srtt_us:16395059: RTT:2049382: ssthresh:28: cwnd:28: delivered:56: lost:12: retrans:4
[  277.475572] AAAAA-TCP_SEND: name:enp0s3: saddr:100932208: daddr:16783984: srtt_us:29478149: RTT:3684768: ssthresh:24: cwnd:18: delivered:66: lost:4: retrans:4
[  277.475588] AAAAA-TCP_SEND: name:enp0s3: saddr:100932208: daddr:16783984: srtt_us:29478149: RTT:3684768: ssthresh:24: cwnd:18: delivered:66: lost:4: retrans:4
[  277.475681] AAAAA-TCP_SEND: name:enp0s3: saddr:100932208: daddr:16783984: srtt_us:29478149: RTT:3684768: ssthresh:24: cwnd:18: delivered:66: lost:4: retrans:4
[  277.475704] AAAAA-TCP_SEND: name:enp0s3: saddr:100932208: daddr:16783984: srtt_us:29478149: RTT:3684768: ssthresh:24: cwnd:18: delivered:66: lost:4: retrans:4
[  277.475799] AAAAA-TCP_SEND: name:enp0s3: saddr:100932208: daddr:16783984: srtt_us:29478149: RTT:3684768: ssthresh:24: cwnd:18: delivered:66: lost:4: retrans:4
[  277.603602] AAAAA-TCP_RECV: name:enp0s3: saddr:33561200: daddr:100932208: srtt_us:16395059: RTT:2049382: ssthresh:28: cwnd:28: delivered:56: lost:12: retrans:4
[  277.603653] AAAAA-TCP_SEND: name:enp0s3: saddr:100932208: daddr:33561200: srtt_us:15507081: RTT:1938385: ssthresh:28: cwnd:29: delivered:57: lost:12: retrans:4
[  277.603680] AAAAA-TCP_SEND: name:enp0s3: saddr:100932208: daddr:33561200: srtt_us:15507081: RTT:1938385: ssthresh:28: cwnd:29: delivered:57: lost:12: retrans:4
[  277.706343] AAAAA-TCP_RECV: name:enp0s3: saddr:33561200: daddr:100932208: srtt_us:15507081: RTT:1938385: ssthresh:28: cwnd:29: delivered:57: lost:12: retrans:4
[  277.706379] AAAAA-TCP_SEND: name:enp0s3: saddr:100932208: daddr:33561200: srtt_us:14832839: RTT:1854104: ssthresh:28: cwnd:29: delivered:58: lost:12: retrans:4
[  277.938954] AAAAA-TCP_RECV: name:enp0s3: saddr:33561200: daddr:100932208: srtt_us:14832839: RTT:1854104: ssthresh:28: cwnd:29: delivered:58: lost:12: retrans:4
[  277.939006] AAAAA-TCP_SEND: name:enp0s3: saddr:100932208: daddr:33561200: srtt_us:14475505: RTT:1809438: ssthresh:28: cwnd:29: delivered:59: lost:12: retrans:4
[  278.088844] AAAAA-TCP_RECV: name:enp0s3: saddr:33561200: daddr:100932208: srtt_us:14475505: RTT:1809438: ssthresh:28: cwnd:29: delivered:59: lost:12: retrans:4
[  278.088886] AAAAA-TCP_SEND: name:enp0s3: saddr:100932208: daddr:33561200: srtt_us:14312713: RTT:1789089: ssthresh:28: cwnd:30: delivered:60: lost:12: retrans:4
[  278.088911] AAAAA-TCP_SEND: name:enp0s3: saddr:100932208: daddr:33561200: srtt_us:14312713: RTT:1789089: ssthresh:28: cwnd:30: delivered:60: lost:12: retrans:4
[  278.184985] AAAAA-TCP_RECV: name:enp0s3: saddr:33561200: daddr:100932208: srtt_us:14312713: RTT:1789089: ssthresh:28: cwnd:30: delivered:60: lost:12: retrans:4
[  278.185018] AAAAA-TCP_SEND: name:enp0s3: saddr:100932208: daddr:33561200: srtt_us:14266409: RTT:1783301: ssthresh:28: cwnd:30: delivered:61: lost:12: retrans:4
[  278.301692] AAAAA-TCP_RECV: name:enp0s3: saddr:33561200: daddr:100932208: srtt_us:14266409: RTT:1783301: ssthresh:28: cwnd:30: delivered:61: lost:12: retrans:4
[  278.301731] AAAAA-TCP_SEND: name:enp0s3: saddr:100932208: daddr:33561200: srtt_us:14342600: RTT:1792825: ssthresh:28: cwnd:31: delivered:62: lost:12: retrans:4
[  278.301758] AAAAA-TCP_SEND: name:enp0s3: saddr:100932208: daddr:33561200: srtt_us:14342600: RTT:1792825: ssthresh:28: cwnd:31: delivered:62: lost:12: retrans:4
[  278.381773] AAAAA-TCP_RECV: name:enp0s3: saddr:33561200: daddr:100932208: srtt_us:14342600: RTT:1792825: ssthresh:28: cwnd:31: delivered:62: lost:12: retrans:4
[  278.381808] AAAAA-TCP_SEND: name:enp0s3: saddr:100932208: daddr:33561200: srtt_us:14489337: RTT:1811167: ssthresh:28: cwnd:32: delivered:63: lost:12: retrans:4
[  278.381832] AAAAA-TCP_SEND: name:enp0s3: saddr:100932208: daddr:33561200: srtt_us:14489337: RTT:1811167: ssthresh:28: cwnd:32: delivered:63: lost:12: retrans:4
[  278.450077] AAAAA-TCP_RECV: name:enp0s3: saddr:33561200: daddr:100932208: srtt_us:14489337: RTT:1811167: ssthresh:28: cwnd:32: delivered:63: lost:12: retrans:4
[  278.450116] AAAAA-TCP_SEND: name:enp0s3: saddr:100932208: daddr:33561200: srtt_us:14686048: RTT:1835756: ssthresh:28: cwnd:32: delivered:64: lost:12: retrans:4
[  278.538855] AAAAA-TCP_RECV: name:enp0s3: saddr:33561200: daddr:100932208: srtt_us:14686048: RTT:1835756: ssthresh:28: cwnd:32: delivered:64: lost:12: retrans:4
[  278.538897] AAAAA-TCP_SEND: name:enp0s3: saddr:100932208: daddr:33561200: srtt_us:14946511: RTT:1868313: ssthresh:28: cwnd:33: delivered:65: lost:12: retrans:4
[  278.538923] AAAAA-TCP_SEND: name:enp0s3: saddr:100932208: daddr:33561200: srtt_us:14946511: RTT:1868313: ssthresh:28: cwnd:33: delivered:65: lost:12: retrans:4
[  278.713899] AAAAA-TCP_RECV: name:enp0s3: saddr:33561200: daddr:100932208: srtt_us:14946511: RTT:1868313: ssthresh:28: cwnd:33: delivered:65: lost:12: retrans:4
[  278.713937] AAAAA-TCP_SEND: name:enp0s3: saddr:100932208: daddr:33561200: srtt_us:15349405: RTT:1918675: ssthresh:28: cwnd:33: delivered:66: lost:12: retrans:4
[  278.798174] AAAAA-TCP_RECV: name:enp0s3: saddr:33561200: daddr:100932208: srtt_us:15349405: RTT:1918675: ssthresh:28: cwnd:33: delivered:66: lost:12: retrans:4
[  278.798200] AAAAA-TCP_SEND: name:enp0s3: saddr:100932208: daddr:33561200: srtt_us:15786183: RTT:1973272: ssthresh:28: cwnd:34: delivered:67: lost:12: retrans:4
