[    0.000000] Linux version 5.4.243-mptcp (root@ztg) (gcc version 12.2.0 (Debian 12.2.0-14+deb12u1)) #53 SMP Wed Dec 24 23:28:15 CST 2025
[    0.000000] Command line: BOOT_IMAGE=/boot/vmlinuz-5.4.243-mptcp root=UUID=98415a12-53b7-4144-8265-0f7ece09e445 ro quiet splash
[    0.000000] KERNEL supported cpus:
[    0.000000]   Intel GenuineIntel
[    0.000000]   AMD AuthenticAMD
[    0.000000]   Hygon HygonGenuine
[    0.000000]   Centaur CentaurHauls
[    0.000000]   zhaoxin   Shanghai  
[    0.000000] x86/fpu: Supporting XSAVE feature 0x001: 'x87 floating point registers'
[    0.000000] x86/fpu: Supporting XSAVE feature 0x002: 'SSE registers'
[    0.000000] x86/fpu: Supporting XSAVE feature 0x004: 'AVX registers'
[    0.000000] x86/fpu: xstate_offset[2]:  576, xstate_sizes[2]:  256
[    0.000000] x86/fpu: Enabled xstate features 0x7, context size is 832 bytes, using 'standard' format.
[    0.000000] BIOS-provided physical RAM map:
[    0.000000] BIOS-e820: [mem 0x0000000000000000-0x000000000009fbff] usable
[    0.000000] BIOS-e820: [mem 0x000000000009fc00-0x000000000009ffff] reserved
[    0.000000] BIOS-e820: [mem 0x00000000000f0000-0x00000000000fffff] reserved
[    0.000000] BIOS-e820: [mem 0x0000000000100000-0x000000007ffeffff] usable
[    0.000000] BIOS-e820: [mem 0x000000007fff0000-0x000000007fffffff] ACPI data
[    0.000000] BIOS-e820: [mem 0x00000000fec00000-0x00000000fec00fff] reserved
[    0.000000] BIOS-e820: [mem 0x00000000fee00000-0x00000000fee00fff] reserved
[    0.000000] BIOS-e820: [mem 0x00000000fffc0000-0x00000000ffffffff] reserved
[    0.000000] NX (Execute Disable) protection: active
[    0.000000] SMBIOS 2.5 present.
[    0.000000] DMI: innotek GmbH VirtualBox/VirtualBox, BIOS VirtualBox 12/01/2006
[    0.000000] Hypervisor detected: KVM
[    0.000000] kvm-clock: Using msrs 4b564d01 and 4b564d00
[    0.000000] kvm-clock: cpu 0, msr 5c401001, primary cpu clock
[    0.000000] kvm-clock: using sched offset of 4437072049 cycles
[    0.000002] clocksource: kvm-clock: mask: 0xffffffffffffffff max_cycles: 0x1cd42e4dffb, max_idle_ns: 881590591483 ns
[    0.000005] tsc: Detected 2100.000 MHz processor
[    0.001888] e820: update [mem 0x00000000-0x00000fff] usable ==> reserved
[    0.001891] e820: remove [mem 0x000a0000-0x000fffff] usable
[    0.001894] last_pfn = 0x7fff0 max_arch_pfn = 0x400000000
[    0.001963] MTRR default type: uncachable
[    0.001964] MTRR fixed ranges enabled:
[    0.001965]   00000-9FFFF write-back
[    0.001966]   A0000-BFFFF uncachable
[    0.001967]   C0000-FFFFF write-protect
[    0.001967] MTRR variable ranges enabled:
[    0.001969]   0 base 000000000000 mask 3FFF80000000 write-back
[    0.001969]   1 disabled
[    0.001970]   2 disabled
[    0.001970]   3 disabled
[    0.001971]   4 disabled
[    0.001971]   5 disabled
[    0.001971]   6 disabled
[    0.001972]   7 disabled
[    0.001972]   8 disabled
[    0.001973]   9 disabled
[    0.001973]   10 disabled
[    0.001974]   11 disabled
[    0.001974]   12 disabled
[    0.001975]   13 disabled
[    0.001975]   14 disabled
[    0.001975]   15 disabled
[    0.001991] x86/PAT: Configuration [0-7]: WB  WC  UC- UC  WB  WP  UC- WT  
[    0.002125] found SMP MP-table at [mem 0x0009fff0-0x0009ffff]
[    0.092728] check: Scanning 1 areas for low memory corruption
[    0.092890] RAMDISK: [mem 0x32271000-0x3512ffff]
[    0.092898] ACPI: Early table checksum verification disabled
[    0.092903] ACPI: RSDP 0x00000000000E0000 000024 (v02 VBOX  )
[    0.092908] ACPI: XSDT 0x000000007FFF0030 00003C (v01 VBOX   VBOXXSDT 00000001 ASL  00000061)
[    0.092915] ACPI: FACP 0x000000007FFF00F0 0000F4 (v04 VBOX   VBOXFACP 00000001 ASL  00000061)
[    0.092922] ACPI: DSDT 0x000000007FFF02E0 002353 (v02 VBOX   VBOXBIOS 00000002 VBOX 00029BF3)
[    0.092926] ACPI: FACS 0x000000007FFF0200 000040
[    0.092929] ACPI: FACS 0x000000007FFF0200 000040
[    0.092933] ACPI: APIC 0x000000007FFF0240 000054 (v02 VBOX   VBOXAPIC 00000001 ASL  00000061)
[    0.092936] ACPI: SSDT 0x000000007FFF02A0 000038 (v01 VBOX   VBOXCPUT 00000002 VBOX 00029BF3)
[    0.092940] ACPI: Reserving FACP table memory at [mem 0x7fff00f0-0x7fff01e3]
[    0.092940] ACPI: Reserving DSDT table memory at [mem 0x7fff02e0-0x7fff2632]
[    0.092941] ACPI: Reserving FACS table memory at [mem 0x7fff0200-0x7fff023f]
[    0.092942] ACPI: Reserving FACS table memory at [mem 0x7fff0200-0x7fff023f]
[    0.092942] ACPI: Reserving APIC table memory at [mem 0x7fff0240-0x7fff0293]
[    0.092943] ACPI: Reserving SSDT table memory at [mem 0x7fff02a0-0x7fff02d7]
[    0.092957] ACPI: Local APIC address 0xfee00000
[    0.093145] No NUMA configuration found
[    0.093146] Faking a node at [mem 0x0000000000000000-0x000000007ffeffff]
[    0.093156] NODE_DATA(0) allocated [mem 0x7ffc5000-0x7ffeffff]
[    0.093418] Zone ranges:
[    0.093419]   DMA      [mem 0x0000000000001000-0x0000000000ffffff]
[    0.093420]   DMA32    [mem 0x0000000001000000-0x000000007ffeffff]
[    0.093421]   Normal   empty
[    0.093421]   Device   empty
[    0.093422] Movable zone start for each node
[    0.093424] Early memory node ranges
[    0.093425]   node   0: [mem 0x0000000000001000-0x000000000009efff]
[    0.093426]   node   0: [mem 0x0000000000100000-0x000000007ffeffff]
[    0.093429] Zeroed struct page in unavailable ranges: 114 pages
[    0.093430] Initmem setup node 0 [mem 0x0000000000001000-0x000000007ffeffff]
[    0.093431] On node 0 totalpages: 524174
[    0.093432]   DMA zone: 64 pages used for memmap
[    0.093433]   DMA zone: 21 pages reserved
[    0.093434]   DMA zone: 3998 pages, LIFO batch:0
[    0.093519]   DMA32 zone: 8128 pages used for memmap
[    0.093520]   DMA32 zone: 520176 pages, LIFO batch:63
[    0.102420] ACPI: PM-Timer IO Port: 0x4008
[    0.102424] ACPI: Local APIC address 0xfee00000
[    0.102497] IOAPIC[0]: apic_id 1, version 32, address 0xfec00000, GSI 0-23
[    0.102500] ACPI: INT_SRC_OVR (bus 0 bus_irq 0 global_irq 2 dfl dfl)
[    0.102502] ACPI: INT_SRC_OVR (bus 0 bus_irq 9 global_irq 9 low level)
[    0.102504] ACPI: IRQ0 used by override.
[    0.102505] ACPI: IRQ9 used by override.
[    0.102507] Using ACPI (MADT) for SMP configuration information
[    0.102514] smpboot: Allowing 1 CPUs, 0 hotplug CPUs
[    0.102538] PM: Registered nosave memory: [mem 0x00000000-0x00000fff]
[    0.102539] PM: Registered nosave memory: [mem 0x0009f000-0x0009ffff]
[    0.102540] PM: Registered nosave memory: [mem 0x000a0000-0x000effff]
[    0.102540] PM: Registered nosave memory: [mem 0x000f0000-0x000fffff]
[    0.102542] [mem 0x80000000-0xfebfffff] available for PCI devices
[    0.102543] Booting paravirtualized kernel on KVM
[    0.102546] clocksource: refined-jiffies: mask: 0xffffffff max_cycles: 0xffffffff, max_idle_ns: 7645519600211568 ns
[    0.102551] setup_percpu: NR_CPUS:8192 nr_cpumask_bits:1 nr_cpu_ids:1 nr_node_ids:1
[    0.103542] percpu: Embedded 60 pages/cpu s208896 r8192 d28672 u2097152
[    0.103547] pcpu-alloc: s208896 r8192 d28672 u2097152 alloc=1*2097152
[    0.103548] pcpu-alloc: [0] 0 
[    0.103574] Built 1 zonelists, mobility grouping on.  Total pages: 515961
[    0.103575] Policy zone: DMA32
[    0.103576] Kernel command line: BOOT_IMAGE=/boot/vmlinuz-5.4.243-mptcp root=UUID=98415a12-53b7-4144-8265-0f7ece09e445 ro quiet splash
[    0.104413] Dentry cache hash table entries: 262144 (order: 9, 2097152 bytes, linear)
[    0.104559] Inode-cache hash table entries: 131072 (order: 8, 1048576 bytes, linear)
[    0.104610] mem auto-init: stack:off, heap alloc:on, heap free:off
[    0.104612] Calgary: detecting Calgary via BIOS EBDA area
[    0.104613] Calgary: Unable to locate Rio Grande table in EBDA - bailing!
[    0.108727] Memory: 1967332K/2096696K available (14339K kernel code, 2398K rwdata, 4712K rodata, 2728K init, 17260K bss, 129364K reserved, 0K cma-reserved)
[    0.109638] SLUB: HWalign=64, Order=0-3, MinObjects=0, CPUs=1, Nodes=1
[    0.109655] ftrace: allocating 43186 entries in 169 pages
[    0.127792] rcu: Hierarchical RCU implementation.
[    0.127794] rcu: 	RCU restricting CPUs from NR_CPUS=8192 to nr_cpu_ids=1.
[    0.127795] 	Tasks RCU enabled.
[    0.127796] rcu: RCU calculated value of scheduler-enlistment delay is 25 jiffies.
[    0.127797] rcu: Adjusting geometry for rcu_fanout_leaf=16, nr_cpu_ids=1
[    0.130768] NR_IRQS: 524544, nr_irqs: 256, preallocated irqs: 16
[    0.130983] random: crng init done
[    0.140339] Console: colour VGA+ 80x25
[    0.140343] printk: console [tty0] enabled
[    0.140363] ACPI: Core revision 20190816
[    0.140457] APIC: Switch to symmetric I/O mode setup
[    0.140708] x2apic enabled
[    0.140950] Switched APIC routing to physical x2apic.
[    0.142096] ..TIMER: vector=0x30 apic1=0 pin1=2 apic2=-1 pin2=-1
[    0.142121] clocksource: tsc-early: mask: 0xffffffffffffffff max_cycles: 0x1e4530a99b6, max_idle_ns: 440795257976 ns
[    0.142127] Calibrating delay loop (skipped) preset value.. 4200.00 BogoMIPS (lpj=8400000)
[    0.142129] pid_max: default: 32768 minimum: 301
[    0.142156] LSM: Security Framework initializing
[    0.142166] Yama: becoming mindful.
[    0.142191] AppArmor: AppArmor initialized
[    0.142225] Mount-cache hash table entries: 4096 (order: 3, 32768 bytes, linear)
[    0.142229] Mountpoint-cache hash table entries: 4096 (order: 3, 32768 bytes, linear)
[    0.142238] *** VALIDATE tmpfs ***
[    0.142367] *** VALIDATE proc ***
[    0.142408] *** VALIDATE cgroup1 ***
[    0.142409] *** VALIDATE cgroup2 ***
[    0.142549] process: using mwait in idle threads
[    0.142553] Last level iTLB entries: 4KB 64, 2MB 8, 4MB 8
[    0.142554] Last level dTLB entries: 4KB 64, 2MB 0, 4MB 0, 1GB 4
[    0.142575] Spectre V1 : Mitigation: usercopy/swapgs barriers and __user pointer sanitization
[    0.142580] Spectre V2 : Mitigation: Retpolines
[    0.142581] Spectre V2 : Spectre v2 / SpectreRSB mitigation: Filling RSB on context switch
[    0.142582] Spectre V2 : Spectre v2 / SpectreRSB : Filling RSB on VMEXIT
[    0.142582] RETBleed: WARNING: Spectre v2 mitigation leaves CPU vulnerable to RETBleed attacks, data leaks possible!
[    0.142938] RETBleed: Vulnerable
[    0.142939] Speculative Store Bypass: Vulnerable
[    0.142943] TAA: Mitigation: TSX disabled
[    0.142944] MMIO Stale Data: Mitigation: Clear CPU buffers
[    0.147164] Freeing SMP alternatives memory: 40K
[    0.259348] smpboot: CPU0: Intel(R) Xeon(R) Silver 4216 CPU @ 2.10GHz (family: 0x6, model: 0x55, stepping: 0x7)
[    0.259495] Performance Events: unsupported p6 CPU model 85 no PMU driver, software events only.
[    0.259533] rcu: Hierarchical SRCU implementation.
[    0.260014] NMI watchdog: Perf NMI watchdog permanently disabled
[    0.260053] smp: Bringing up secondary CPUs ...
[    0.260054] smp: Brought up 1 node, 1 CPU
[    0.260055] smpboot: Max logical packages: 1
[    0.260056] smpboot: Total of 1 processors activated (4200.00 BogoMIPS)
[    0.261016] devtmpfs: initialized
[    0.261066] x86/mm: Memory block size: 128MB
[    0.261415] clocksource: jiffies: mask: 0xffffffff max_cycles: 0xffffffff, max_idle_ns: 7645041785100000 ns
[    0.261421] futex hash table entries: 256 (order: 2, 16384 bytes, linear)
[    0.261463] pinctrl core: initialized pinctrl subsystem
[    0.261567] PM: RTC time: 21:26:43, date: 2026-01-11
[    0.261674] NET: Registered protocol family 16
[    0.261747] audit: initializing netlink subsys (disabled)
[    0.261877] EISA bus registered
[    0.261879] cpuidle: using governor ladder
[    0.261879] cpuidle: using governor menu
[    0.261915] ACPI: bus type PCI registered
[    0.261917] acpiphp: ACPI Hot Plug PCI Controller Driver version: 0.5
[    0.262020] PCI: Using configuration type 1 for base access
[    0.262434] audit: type=2000 audit(1768138010.226:1): state=initialized audit_enabled=0 res=1
[    0.262517] HugeTLB registered 2.00 MiB page size, pre-allocated 0 pages
[    0.263335] ACPI: Added _OSI(Module Device)
[    0.263336] ACPI: Added _OSI(Processor Device)
[    0.263336] ACPI: Added _OSI(3.0 _SCP Extensions)
[    0.263337] ACPI: Added _OSI(Processor Aggregator Device)
[    0.263338] ACPI: Added _OSI(Linux-Dell-Video)
[    0.263339] ACPI: Added _OSI(Linux-Lenovo-NV-HDMI-Audio)
[    0.263340] ACPI: Added _OSI(Linux-HPI-Hybrid-Graphics)
[    0.265285] ACPI: 2 ACPI AML tables successfully acquired and loaded
[    0.266817] ACPI: Interpreter enabled
[    0.266827] ACPI: (supports S0 S5)
[    0.266828] ACPI: Using IOAPIC for interrupt routing
[    0.267034] PCI: Using host bridge windows from ACPI; if necessary, use "pci=nocrs" and report a bug
[    0.267139] ACPI: Enabled 2 GPEs in block 00 to 07
[    0.271935] ACPI: PCI Root Bridge [PCI0] (domain 0000 [bus 00-ff])
[    0.271941] acpi PNP0A03:00: _OSC: OS supports [ASPM ClockPM Segments MSI HPX-Type3]
[    0.272383] acpi PNP0A03:00: _OSC: not requesting OS control; OS requires [ExtendedConfig ASPM ClockPM MSI]
[    0.272391] acpi PNP0A03:00: fail to add MMCONFIG information, can't access extended PCI configuration space under this bridge.
[    0.272761] PCI host bridge to bus 0000:00
[    0.272763] pci_bus 0000:00: root bus resource [io  0x0000-0x0cf7 window]
[    0.272764] pci_bus 0000:00: root bus resource [io  0x0d00-0xffff window]
[    0.272765] pci_bus 0000:00: root bus resource [mem 0x000a0000-0x000bffff window]
[    0.272767] pci_bus 0000:00: root bus resource [mem 0x80000000-0xfdffffff window]
[    0.272768] pci_bus 0000:00: root bus resource [bus 00-ff]
[    0.272813] pci 0000:00:00.0: [8086:1237] type 00 class 0x060000
[    0.273774] pci 0000:00:01.0: [8086:7000] type 00 class 0x060100
[    0.274123] pci 0000:00:01.1: [8086:7111] type 00 class 0x01018a
[    0.274123] pci 0000:00:01.1: reg 0x20: [io  0xd000-0xd00f]
[    0.274123] pci 0000:00:01.1: legacy IDE quirk: reg 0x10: [io  0x01f0-0x01f7]
[    0.274123] pci 0000:00:01.1: legacy IDE quirk: reg 0x14: [io  0x03f6]
[    0.274123] pci 0000:00:01.1: legacy IDE quirk: reg 0x18: [io  0x0170-0x0177]
[    0.274123] pci 0000:00:01.1: legacy IDE quirk: reg 0x1c: [io  0x0376]
[    0.278225] pci 0000:00:02.0: [15ad:0405] type 00 class 0x030000
[    0.281283] pci 0000:00:02.0: reg 0x10: [io  0xd010-0xd01f]
[    0.284015] pci 0000:00:02.0: reg 0x14: [mem 0xe0000000-0xe7ffffff pref]
[    0.286168] pci 0000:00:02.0: reg 0x18: [mem 0xf0000000-0xf01fffff]
[    0.297383] pci 0000:00:03.0: [1022:2000] type 00 class 0x020000
[    0.298204] pci 0000:00:03.0: reg 0x10: [io  0xd020-0xd03f]
[    0.298859] pci 0000:00:03.0: reg 0x14: [mem 0xf0200000-0xf0200fff]
[    0.302389] pci 0000:00:04.0: [80ee:cafe] type 00 class 0x088000
[    0.303062] pci 0000:00:04.0: reg 0x10: [io  0xd040-0xd05f]
[    0.303671] pci 0000:00:04.0: reg 0x14: [mem 0xf0400000-0xf07fffff]
[    0.304274] pci 0000:00:04.0: reg 0x18: [mem 0xf0800000-0xf0803fff pref]
[    0.307495] pci 0000:00:07.0: [8086:7113] type 00 class 0x068000
[    0.308029] pci 0000:00:07.0: quirk: [io  0x4000-0x403f] claimed by PIIX4 ACPI
[    0.308042] pci 0000:00:07.0: quirk: [io  0x4100-0x410f] claimed by PIIX4 SMB
[    0.308644] pci 0000:00:08.0: [8086:100e] type 00 class 0x020000
[    0.309355] pci 0000:00:08.0: reg 0x10: [mem 0xf0820000-0xf083ffff]
[    0.310237] pci 0000:00:08.0: reg 0x18: [io  0xd060-0xd067]
[    0.314194] pci 0000:00:09.0: [8086:100e] type 00 class 0x020000
[    0.314891] pci 0000:00:09.0: reg 0x10: [mem 0xf0840000-0xf085ffff]
[    0.316042] pci 0000:00:09.0: reg 0x18: [io  0xd068-0xd06f]
[    0.326845] ACPI: PCI Interrupt Link [LNKA] (IRQs 5 9 10 *11)
[    0.327129] ACPI: PCI Interrupt Link [LNKB] (IRQs 5 9 *10 11)
[    0.327231] ACPI: PCI Interrupt Link [LNKC] (IRQs 5 *9 10 11)
[    0.327334] ACPI: PCI Interrupt Link [LNKD] (IRQs 5 9 10 *11)
[    0.327606] iommu: Default domain type: Translated 
[    0.327670] pci 0000:00:02.0: vgaarb: setting as boot VGA device
[    0.327672] pci 0000:00:02.0: vgaarb: VGA device added: decodes=io+mem,owns=io+mem,locks=none
[    0.327673] pci 0000:00:02.0: vgaarb: bridge control possible
[    0.327674] vgaarb: loaded
[    0.327887] SCSI subsystem initialized
[    0.327921] libata version 3.00 loaded.
[    0.327946] ACPI: bus type USB registered
[    0.327961] usbcore: registered new interface driver usbfs
[    0.327966] usbcore: registered new interface driver hub
[    0.327972] usbcore: registered new device driver usb
[    0.328000] pps_core: LinuxPPS API ver. 1 registered
[    0.328000] pps_core: Software ver. 5.3.6 - Copyright 2005-2007 Rodolfo Giometti <giometti@linux.it>
[    0.328002] PTP clock support registered
[    0.328036] EDAC MC: Ver: 3.0.0
[    0.328327] PCI: Using ACPI for IRQ routing
[    0.328329] PCI: pci_cache_line_size set to 64 bytes
[    0.328503] e820: reserve RAM buffer [mem 0x0009fc00-0x0009ffff]
[    0.328507] e820: reserve RAM buffer [mem 0x7fff0000-0x7fffffff]
[    0.329298] NetLabel: Initializing
[    0.329299] NetLabel:  domain hash size = 128
[    0.329299] NetLabel:  protocols = UNLABELED CIPSOv4 CALIPSO
[    0.329319] NetLabel:  unlabeled traffic allowed by default
[    0.330123] clocksource: Switched to clocksource kvm-clock
[    0.340628] *** VALIDATE bpf ***
[    0.340693] VFS: Disk quotas dquot_6.6.0
[    0.340705] VFS: Dquot-cache hash table entries: 512 (order 0, 4096 bytes)
[    0.340729] *** VALIDATE ramfs ***
[    0.340732] *** VALIDATE hugetlbfs ***
[    0.340815] AppArmor: AppArmor Filesystem Enabled
[    0.340843] pnp: PnP ACPI init
[    0.340918] pnp 00:00: Plug and Play ACPI device, IDs PNP0303 (active)
[    0.341004] pnp 00:01: Plug and Play ACPI device, IDs PNP0f03 (active)
[    0.341780] pnp: PnP ACPI: found 2 devices
[    0.342749] thermal_sys: Registered thermal governor 'fair_share'
[    0.342750] thermal_sys: Registered thermal governor 'bang_bang'
[    0.342751] thermal_sys: Registered thermal governor 'step_wise'
[    0.342751] thermal_sys: Registered thermal governor 'user_space'
[    0.342752] thermal_sys: Registered thermal governor 'power_allocator'
[    0.347280] clocksource: acpi_pm: mask: 0xffffff max_cycles: 0xffffff, max_idle_ns: 2085701024 ns
[    0.347322] pci_bus 0000:00: resource 4 [io  0x0000-0x0cf7 window]
[    0.347323] pci_bus 0000:00: resource 5 [io  0x0d00-0xffff window]
[    0.347324] pci_bus 0000:00: resource 6 [mem 0x000a0000-0x000bffff window]
[    0.347326] pci_bus 0000:00: resource 7 [mem 0x80000000-0xfdffffff window]
[    0.347386] NET: Registered protocol family 2
[    0.347462] IP idents hash table entries: 32768 (order: 6, 262144 bytes, linear)
[    0.347877] MPTCP tokens hash table entries: 8192 (order: 4, 65536 bytes, linear)
[    0.347897] MPTCP request tokens hash table entries: 8192 (order: 4, 65536 bytes, linear)
[    0.347923] default registered
[    0.347923] default registered
[    0.347924] MPTCP: Stable release v0.96
[    0.347929] tcp_listen_portaddr_hash hash table entries: 1024 (order: 2, 16384 bytes, linear)
[    0.348009] TCP established hash table entries: 16384 (order: 5, 131072 bytes, linear)
[    0.348074] TCP bind hash table entries: 16384 (order: 6, 262144 bytes, linear)
[    0.348099] TCP: Hash tables configured (established 16384 bind 16384)
[    0.348801] UDP hash table entries: 1024 (order: 3, 32768 bytes, linear)
[    0.348812] UDP-Lite hash table entries: 1024 (order: 3, 32768 bytes, linear)
[    0.348848] NET: Registered protocol family 1
[    0.348858] NET: Registered protocol family 44
[    0.348879] pci 0000:00:00.0: Limiting direct PCI/PCI transfers
[    0.348891] pci 0000:00:01.0: Activating ISA DMA hang workarounds
[    0.348948] pci 0000:00:02.0: Video device with shadowed ROM at [mem 0x000c0000-0x000dffff]
[    0.349009] PCI: CLS 0 bytes, default 64
[    0.349059] Trying to unpack rootfs image as initramfs...
[    0.523906] Freeing initrd memory: 47868K
[    0.523906] clocksource: tsc: mask: 0xffffffffffffffff max_cycles: 0x1e4530a99b6, max_idle_ns: 440795257976 ns
[    0.523906] clocksource: Switched to clocksource tsc
[    0.523906] platform rtc_cmos: registered platform RTC device (no PNP device found)
[    0.523906] check: Scanning for low memory corruption every 60 seconds
[    0.523906] Initialise system trusted keyrings
[    0.523906] Key type blacklist registered
[    0.523906] workingset: timestamp_bits=36 max_order=19 bucket_order=0
[    0.523906] zbud: loaded
[    0.523906] squashfs: version 4.0 (2009/01/31) Phillip Lougher
[    0.523906] fuse: init (API version 7.31)
[    0.523906] *** VALIDATE fuse ***
[    0.523906] *** VALIDATE fuse ***
[    0.523906] Platform Keyring initialized
[    0.523906] Key type asymmetric registered
[    0.523906] Asymmetric key parser 'x509' registered
[    0.523906] Block layer SCSI generic (bsg) driver version 0.4 loaded (major 244)
[    0.523906] io scheduler mq-deadline registered
[    0.523906] shpchp: Standard Hot Plug PCI Controller Driver version: 0.4
[    0.538008] ACPI: AC Adapter [AC] (on-line)
[    0.538053] input: Power Button as /devices/LNXSYSTM:00/LNXPWRBN:00/input/input0
[    0.538080] ACPI: Power Button [PWRF]
[    0.538174] input: Sleep Button as /devices/LNXSYSTM:00/LNXSLPBN:00/input/input1
[    0.538189] ACPI: Sleep Button [SLPF]
[    0.538417] Serial: 8250/16550 driver, 32 ports, IRQ sharing enabled
[    0.539588] Linux agpgart interface v0.103
[    0.635202] loop: module loaded
[    0.635363] ata_piix 0000:00:01.1: version 2.13
[    0.635772] scsi host0: ata_piix
[    0.635867] scsi host1: ata_piix
[    0.635894] ata1: PATA max UDMA/33 cmd 0x1f0 ctl 0x3f6 bmdma 0xd000 irq 14
[    0.635895] ata2: PATA max UDMA/33 cmd 0x170 ctl 0x376 bmdma 0xd008 irq 15
[    0.635975] tun: Universal TUN/TAP device driver, 1.6
[    0.636285] PPP generic driver version 2.4.2
[    0.636329] VFIO - User Level meta-driver version: 0.3
[    0.636566] ehci_hcd: USB 2.0 'Enhanced' Host Controller (EHCI) Driver
[    0.636571] ehci-pci: EHCI PCI platform driver
[    0.636586] ehci-platform: EHCI generic platform driver
[    0.636592] ohci_hcd: USB 1.1 'Open' Host Controller (OHCI) Driver
[    0.636593] ohci-pci: OHCI PCI platform driver
[    0.636601] ohci-platform: OHCI generic platform driver
[    0.636605] uhci_hcd: USB Universal Host Controller Interface driver
[    0.636671] i8042: PNP: PS/2 Controller [PNP0303:PS2K,PNP0f03:PS2M] at 0x60,0x64 irq 1,12
[    0.637108] serio: i8042 KBD port at 0x60,0x64 irq 1
[    0.637112] serio: i8042 AUX port at 0x60,0x64 irq 12
[    0.637199] mousedev: PS/2 mouse device common for all mice
[    0.637454] input: AT Translated Set 2 keyboard as /devices/platform/i8042/serio0/input/input2
[    0.637855] rtc_cmos rtc_cmos: registered as rtc0
[    0.637868] rtc_cmos rtc_cmos: alarms up to one day, 114 bytes nvram
[    0.637873] i2c /dev entries driver
[    0.637918] device-mapper: uevent: version 1.0.3
[    0.637961] device-mapper: ioctl: 4.41.0-ioctl (2019-09-16) initialised: dm-devel@redhat.com
[    0.637976] platform eisa.0: Probing EISA bus 0
[    0.637978] platform eisa.0: EISA: Cannot allocate resource for mainboard
[    0.637979] platform eisa.0: Cannot allocate resource for EISA slot 1
[    0.637980] platform eisa.0: Cannot allocate resource for EISA slot 2
[    0.637981] platform eisa.0: Cannot allocate resource for EISA slot 3
[    0.637982] platform eisa.0: Cannot allocate resource for EISA slot 4
[    0.637983] platform eisa.0: Cannot allocate resource for EISA slot 5
[    0.637984] platform eisa.0: Cannot allocate resource for EISA slot 6
[    0.637985] platform eisa.0: Cannot allocate resource for EISA slot 7
[    0.637986] platform eisa.0: Cannot allocate resource for EISA slot 8
[    0.637987] platform eisa.0: EISA: Detected 0 cards
[    0.637990] intel_pstate: CPU model not supported
[    0.637999] ledtrig-cpu: registered to indicate activity on CPUs
[    0.638052] drop_monitor: Initializing network drop monitor service
[    0.638225] NET: Registered protocol family 10
[    0.643320] Segment Routing with IPv6
[    0.643320] fullmesh registered
[    0.643320] ndiffports registered
[    0.643320] binder registered
[    0.643320] roundrobin registered
[    0.643320] redundant registered
[    0.643320] blest registered
[    0.643320] ecf registered
[    0.643320] NET: Registered protocol family 17
[    0.643320] Key type dns_resolver registered
[    0.643320] RAS: Correctable Errors collector initialized.
[    0.643320] IPI shorthand broadcast: enabled
[    0.643320] sched_clock: Marking stable (628169094, 11151026)->(642919188, -3599068)
[    0.643572] registered taskstats version 1
[    0.643581] Loading compiled-in X.509 certificates
[    0.644164] Loaded X.509 cert 'Build time autogenerated kernel key: 6909f3744cebb3d0de528d5887b96a727de79b1e'
[    0.644182] zswap: loaded using pool lzo/zbud
[    0.644235] Key type ._fscrypt registered
[    0.644236] Key type .fscrypt registered
[    0.648712] Key type big_key registered
[    0.651158] Key type encrypted registered
[    0.651161] AppArmor: AppArmor sha1 policy hashing enabled
[    0.651168] ima: No TPM chip found, activating TPM-bypass!
[    0.651172] ima: Allocated hash algorithm: sha1
[    0.651177] ima: No architecture policies found
[    0.651187] evm: Initialising EVM extended attributes:
[    0.651188] evm: security.selinux
[    0.651189] evm: security.SMACK64
[    0.651189] evm: security.SMACK64EXEC
[    0.651189] evm: security.SMACK64TRANSMUTE
[    0.651190] evm: security.SMACK64MMAP
[    0.651190] evm: security.apparmor
[    0.651191] evm: security.ima
[    0.651191] evm: security.capability
[    0.651192] evm: HMAC attrs: 0x1
[    0.651488] PM:   Magic number: 10:398:449
[    0.651596] rtc_cmos rtc_cmos: setting system clock to 2026-01-11T21:26:44 UTC (1768166804)
[    0.809009] ata1.00: ATA-6: VBOX HARDDISK, 1.0, max UDMA/133
[    0.809013] ata1.00: 209715200 sectors, multi 128: LBA 
[    0.809776] scsi 0:0:0:0: Direct-Access     ATA      VBOX HARDDISK    1.0  PQ: 0 ANSI: 5
[    0.810120] sd 0:0:0:0: [sda] 209715200 512-byte logical blocks: (107 GB/100 GiB)
[    0.810135] sd 0:0:0:0: [sda] Write Protect is off
[    0.810139] sd 0:0:0:0: [sda] Mode Sense: 00 3a 00 00
[    0.810163] sd 0:0:0:0: [sda] Write cache: enabled, read cache: enabled, doesn't support DPO or FUA
[    0.810438] sd 0:0:0:0: Attached scsi generic sg0 type 0
[    0.811392]  sda: sda1 sda2
[    0.823385] sd 0:0:0:0: [sda] Attached SCSI disk
[    0.827421] Freeing unused decrypted memory: 2040K
[    0.828506] Freeing unused kernel image memory: 2728K
[    0.828509] Write protecting the kernel read-only data: 22528k
[    0.829663] Freeing unused kernel image memory: 2036K
[    0.830315] Freeing unused kernel image memory: 1432K
[    0.861346] x86/mm: Checked W+X mappings: passed, no W+X pages found.
[    0.861352] Run /init as init process
[    0.965981] ACPI: Video Device [GFX0] (multi-head: yes  rom: no  post: no)
[    0.966056] input: Video Bus as /devices/LNXSYSTM:00/LNXSYBUS:00/PNP0A03:00/LNXVIDEO:00/input/input4
[    0.978198] pcnet32: pcnet32.c:v1.35 21.Apr.2008 tsbogend@alpha.franken.de
[    0.979851] piix4_smbus 0000:00:07.0: SMBus Host Controller at 0x4100, revision 0
[    0.982402] e1000: Intel(R) PRO/1000 Network Driver - version 7.3.21-k8-NAPI
[    0.982403] e1000: Copyright (c) 1999-2006 Intel Corporation.
[    0.989419] pcnet32: PCnet/FAST III 79C973 at 0xd020, 08:00:27:c6:de:a2 assigned IRQ 19
[    0.989465] pcnet32: Found PHY 0022:561b at address 0
[    0.989771] pcnet32: eth0: registered as PCnet/FAST III 79C973
[    0.999105] pcnet32: 1 cards_found
[    1.051629] pcnet32 0000:00:03.0 enp0s3: renamed from eth0
[    1.204091] input: ImExPS/2 Generic Explorer Mouse as /devices/platform/i8042/serio1/input/input5
[    1.399791] e1000 0000:00:08.0 eth0: (PCI:33MHz:32-bit) 08:00:27:88:27:c6
[    1.399795] e1000 0000:00:08.0 eth0: Intel(R) PRO/1000 Network Connection
[    1.775559] e1000 0000:00:09.0 eth1: (PCI:33MHz:32-bit) 08:00:27:73:f5:98
[    1.775561] e1000 0000:00:09.0 eth1: Intel(R) PRO/1000 Network Connection
[    1.776699] e1000 0000:00:09.0 enp0s9: renamed from eth1
[    1.778474] e1000 0000:00:08.0 enp0s8: renamed from eth0
[    2.000071] EXT4-fs (sda2): mounted filesystem with ordered data mode. Opts: (null)
[    2.125280] systemd[1]: Inserted module 'autofs4'
[    2.135595] systemd[1]: systemd 245.4-4ubuntu3 running in system mode. (+PAM +AUDIT +SELINUX +IMA +APPARMOR +SMACK +SYSVINIT +UTMP +LIBCRYPTSETUP +GCRYPT +GNUTLS +ACL +XZ +LZ4 +SECCOMP +BLKID +ELFUTILS +KMOD +IDN2 -IDN +PCRE2 default-hierarchy=hybrid)
[    2.135627] systemd[1]: Detected virtualization oracle.
[    2.135630] systemd[1]: Detected architecture x86-64.
[    2.136939] systemd[1]: Set hostname to <ztg>.
[    2.290302] systemd[1]: /lib/systemd/system/dbus.socket:5: ListenStream= references a path below legacy directory /var/run/, updating /var/run/dbus/system_bus_socket â†’ /run/dbus/system_bus_socket; please update the unit file accordingly.
[    2.344702] systemd[1]: Created slice system-modprobe.slice.
[    2.344890] systemd[1]: Created slice User and Session Slice.
[    2.344935] systemd[1]: Started Forward Password Requests to Wall Directory Watch.
[    2.345102] systemd[1]: Set up automount Arbitrary Executable File Formats File System Automount Point.
[    2.345136] systemd[1]: Reached target User and Group Name Lookups.
[    2.345145] systemd[1]: Reached target Remote File Systems.
[    2.345152] systemd[1]: Reached target Slices.
[    2.345716] systemd[1]: Listening on Syslog Socket.
[    2.345787] systemd[1]: Listening on fsck to fsckd communication Socket.
[    2.345826] systemd[1]: Listening on initctl Compatibility Named Pipe.
[    2.345962] systemd[1]: Listening on Journal Audit Socket.
[    2.346016] systemd[1]: Listening on Journal Socket (/dev/log).
[    2.346085] systemd[1]: Listening on Journal Socket.
[    2.346147] systemd[1]: Listening on udev Control Socket.
[    2.346189] systemd[1]: Listening on udev Kernel Socket.
[    2.346922] systemd[1]: Mounting Huge Pages File System...
[    2.347907] systemd[1]: Mounting POSIX Message Queue File System...
[    2.348784] systemd[1]: Mounting Kernel Debug File System...
[    2.349628] systemd[1]: Mounting Kernel Trace File System...
[    2.351753] systemd[1]: Starting Journal Service...
[    2.374313] systemd[1]: Starting Set the console keyboard layout...
[    2.382542] systemd[1]: Starting Create list of static device nodes for the current kernel...
[    2.384432] systemd[1]: Starting Load Kernel Module drm...
[    2.385429] systemd[1]: Condition check resulted in Set Up Additional Binary Formats being skipped.
[    2.385481] systemd[1]: Condition check resulted in File System Check on Root Device being skipped.
[    2.390944] systemd[1]: Starting Load Kernel Modules...
[    2.391733] systemd[1]: Starting Remount Root and Kernel File Systems...
[    2.392472] systemd[1]: Starting udev Coldplug all Devices...
[    2.393214] systemd[1]: Starting Uncomplicated firewall...
[    2.394642] systemd[1]: Mounted Huge Pages File System.
[    2.394730] systemd[1]: Mounted POSIX Message Queue File System.
[    2.394810] systemd[1]: Mounted Kernel Debug File System.
[    2.394886] systemd[1]: Mounted Kernel Trace File System.
[    2.630485] systemd[1]: Finished Create list of static device nodes for the current kernel.
[    2.649093] systemd[1]: Finished Uncomplicated firewall.
[    2.650706] EXT4-fs (sda2): re-mounted. Opts: errors=remount-ro
[    2.654140] systemd[1]: Finished Remount Root and Kernel File Systems.
[    2.654888] systemd[1]: Condition check resulted in Rebuild Hardware Database being skipped.
[    2.654926] systemd[1]: Condition check resulted in Platform Persistent Storage Archival being skipped.
[    2.655862] systemd[1]: Starting Load/Save Random Seed...
[    2.664828] systemd[1]: Starting Create System Users...
[    2.665143] systemd[1]: modprobe@drm.service: Succeeded.
[    2.672066] systemd[1]: Finished Load Kernel Module drm.
[    2.674544] systemd[1]: Finished Load/Save Random Seed.
[    2.693538] lp: driver loaded but no devices found
[    2.699052] systemd[1]: Finished Create System Users.
[    2.699895] systemd[1]: Starting Create Static Device Nodes in /dev...
[    2.705895] ppdev: user-space parallel port driver
[    2.728422] systemd[1]: Finished Create Static Device Nodes in /dev.
[    2.729343] systemd[1]: Starting udev Kernel Device Manager...
[    2.742545] systemd[1]: Finished udev Coldplug all Devices.
[    2.780465] [drm] DMA map mode: Caching DMA mappings.
[    2.780561] [drm] Capabilities:
[    2.780561] [drm]   Rect copy.
[    2.780561] [drm]   Cursor.
[    2.780562] [drm]   Cursor bypass.
[    2.780562] [drm]   Cursor bypass 2.
[    2.780563] [drm]   Alpha cursor.
[    2.780563] [drm]   Extended Fifo.
[    2.780563] [drm]   Pitchlock.
[    2.780564] [drm]   Irq mask.
[    2.780564] [drm]   GMR.
[    2.780564] [drm]   Traces.
[    2.780565] [drm]   GMR2.
[    2.780565] [drm]   Screen Object 2.
[    2.780565] [drm]   Command Buffers.
[    2.780566] [drm]   Command Buffers 2.
[    2.780566] [drm]   Guest Backed Resources.
[    2.780567] [drm] Max GMR ids is 8192
[    2.780568] [drm] Max number of GMR pages is 1048576
[    2.780568] [drm] Max dedicated hypervisor surface memory is 393216 kiB
[    2.780569] [drm] Maximum display memory size is 131072 kiB
[    2.780570] [drm] VRAM at 0xe0000000 size is 131072 kiB
[    2.780570] [drm] MMIO at 0xf0000000 size is 2048 kiB
[    2.781888] [TTM] Zone  kernel: Available graphics memory: 1011738 KiB
[    2.781889] [TTM] Initializing pool allocator
[    2.781893] [TTM] Initializing DMA pool allocator
[    2.781921] [drm] Supports vblank timestamp caching Rev 2 (21.10.2013).
[    2.781921] [drm] No driver support for vblank timestamp query.
[    2.782152] [drm] Screen Target Display device initialized
[    2.782385] [drm] width 720
[    2.782394] [drm] height 400
[    2.782397] [drm] bpp 32
[    2.782909] [drm] Fifo max 0x00200000 min 0x00001000 cap 0x00000355
[    2.786880] [drm] Using command buffers with DMA pool.
[    2.786887] [drm] DX: no.
[    2.786887] [drm] Atomic: yes.
[    2.786888] [drm] SM4_1: no.
[    2.786909] [drm:vmw_host_log [vmwgfx]] *ERROR* Failed to send host log message.
[    2.788007] [drm:vmw_host_log [vmwgfx]] *ERROR* Failed to send host log message.
[    2.794839] systemd[1]: Finished Set the console keyboard layout.
[    2.794937] systemd[1]: Reached target Local File Systems (Pre).
[    2.798317] systemd[1]: Mounting Mount unit for bare, revision 5...
[    2.802273] systemd[1]: Mounting Mount unit for core18, revision 1705...
[    2.805804] fbcon: svgadrmfb (fb0) is primary device
[    2.807968] Console: switching to colour frame buffer device 100x37
[    2.810789] systemd[1]: Mounting Mount unit for gnome-3-34-1804, revision 24...
[    2.816012] [drm] Initialized vmwgfx 2.15.0 20180704 for 0000:00:02.0 on minor 0
[    2.826090] systemd[1]: Mounting Mount unit for gtk-common-themes, revision 1506...
[    2.838474] systemd[1]: Mounting Mount unit for gtk-common-themes, revision 1535...
[    2.842494] systemd[1]: Mounting Mount unit for snap-store, revision 433...
[    2.847229] systemd[1]: Mounting Mount unit for snapd, revision 7264...
[    2.853791] systemd[1]: Finished Load Kernel Modules.
[    2.858493] systemd[1]: Mounting FUSE Control File System...
[    2.863987] systemd[1]: Mounting Kernel Configuration File System...
[    2.874508] systemd[1]: Starting Apply Kernel Variables...
[    2.890415] systemd[1]: Mounted FUSE Control File System.
[    2.890519] systemd[1]: Mounted Kernel Configuration File System.
[    2.890571] systemd[1]: Condition check resulted in VMware vmblock fuse mount being skipped.
[    2.896968] systemd[1]: Mounted Mount unit for bare, revision 5.
[    2.897064] systemd[1]: Mounted Mount unit for core18, revision 1705.
[    2.898596] systemd[1]: Finished Apply Kernel Variables.
[    2.903567] systemd[1]: Mounted Mount unit for gnome-3-34-1804, revision 24.
[    2.907588] systemd[1]: Started udev Kernel Device Manager.
[    2.908830] systemd[1]: Mounted Mount unit for gtk-common-themes, revision 1506.
[    2.912758] systemd[1]: Starting Show Plymouth Boot Screen...
[    2.919617] systemd[1]: Received SIGRTMIN+20 from PID 282 (plymouthd).
[    2.939270] systemd[1]: Started Show Plymouth Boot Screen.
[    2.939454] systemd[1]: Condition check resulted in Dispatch Password Requests to Console Directory Watch being skipped.
[    2.939542] systemd[1]: Started Forward Password Requests to Plymouth Directory Watch.
[    2.939578] systemd[1]: Reached target Local Encrypted Volumes.
[    2.958303] systemd[1]: Mounted Mount unit for gtk-common-themes, revision 1535.
[    2.958541] systemd[1]: Mounted Mount unit for snap-store, revision 433.
[    2.958716] systemd[1]: Mounted Mount unit for snapd, revision 7264.
[    2.958861] systemd[1]: Reached target Local File Systems.
[    2.961406] systemd[1]: Starting Load AppArmor profiles...
[    2.962272] systemd[1]: Starting Set console font and keymap...
[    2.973148] systemd[1]: Starting Tell Plymouth To Write Out Runtime Data...
[    2.974438] systemd[1]: Condition check resulted in Store a System Token in an EFI Variable being skipped.
[    2.974481] systemd[1]: Condition check resulted in Commit a transient machine-id on disk being skipped.
[    2.982847] systemd[1]: Finished Set console font and keymap.
[    3.003645] systemd[1]: Received SIGRTMIN+20 from PID 282 (plymouthd).
[    3.004970] systemd[1]: plymouth-read-write.service: Succeeded.
[    3.005223] systemd[1]: Finished Tell Plymouth To Write Out Runtime Data.
[    3.012432] audit: type=1400 audit(1768166806.856:2): apparmor="STATUS" operation="profile_load" profile="unconfined" name="nvidia_modprobe" pid=300 comm="apparmor_parser"
[    3.012434] audit: type=1400 audit(1768166806.856:3): apparmor="STATUS" operation="profile_load" profile="unconfined" name="nvidia_modprobe//kmod" pid=300 comm="apparmor_parser"
[    3.018943] audit: type=1400 audit(1768166806.860:4): apparmor="STATUS" operation="profile_load" profile="unconfined" name="/usr/sbin/tcpdump" pid=301 comm="apparmor_parser"
[    3.048320] audit: type=1400 audit(1768166806.876:5): apparmor="STATUS" operation="profile_load" profile="unconfined" name="/usr/bin/evince" pid=303 comm="apparmor_parser"
[    3.048322] audit: type=1400 audit(1768166806.876:6): apparmor="STATUS" operation="profile_load" profile="unconfined" name="/usr/bin/evince//sanitized_helper" pid=303 comm="apparmor_parser"
[    3.048324] audit: type=1400 audit(1768166806.876:7): apparmor="STATUS" operation="profile_load" profile="unconfined" name="/usr/bin/evince-previewer" pid=303 comm="apparmor_parser"
[    3.048325] audit: type=1400 audit(1768166806.876:8): apparmor="STATUS" operation="profile_load" profile="unconfined" name="/usr/bin/evince-previewer//sanitized_helper" pid=303 comm="apparmor_parser"
[    3.048328] audit: type=1400 audit(1768166806.876:9): apparmor="STATUS" operation="profile_load" profile="unconfined" name="/usr/bin/evince-thumbnailer" pid=303 comm="apparmor_parser"
[    3.063990] audit: type=1400 audit(1768166806.876:10): apparmor="STATUS" operation="profile_load" profile="unconfined" name="/usr/lib/cups/backend/cups-pdf" pid=304 comm="apparmor_parser"
[    3.115606] systemd[1]: Finished Load AppArmor profiles.
[    3.116527] systemd[1]: Starting Load AppArmor profiles managed internally by snapd...
[    3.180199] systemd[1]: Finished Load AppArmor profiles managed internally by snapd.
[    3.333919] systemd[1]: Started Journal Service.
[    3.340770] systemd-journald[229]: Received client request to flush runtime journal.
[    3.344629] systemd-journald[229]: File /var/log/journal/c455b248004a419c87ce85eea238d727/system.journal corrupted or uncleanly shut down, renaming and replacing.
[    4.651563] RAPL PMU: API unit is 2^-32 Joules, 0 fixed counters, 10737418240 ms ovfl timer
[    4.716246] cryptd: max_cpu_qlen set to 1000
[    4.788321] AVX2 version of gcm_enc/dec engaged.
[    4.788323] AES CTR mode by8 optimization enabled
[    5.565401] Adding 1998844k swap on /dev/sda1.  Priority:-2 extents:1 across:1998844k FS
[    6.473162] kauditd_printk_skb: 30 callbacks suppressed
[    6.473163] audit: type=1400 audit(1768166810.316:41): apparmor="DENIED" operation="capable" profile="/usr/sbin/cups-browsed" pid=495 comm="cups-browsed" capability=23  capname="sys_nice"
[    7.659467] pcnet32 0000:00:03.0 enp0s3: link up, 100Mbps, full-duplex
[    7.695404] e1000: enp0s8 NIC Link is Up 1000 Mbps Full Duplex, Flow Control: RX
[    7.695721] IPv6: ADDRCONF(NETDEV_CHANGE): enp0s8: link becomes ready
[    7.706818] e1000: enp0s9 NIC Link is Up 1000 Mbps Full Duplex, Flow Control: RX
[    7.707106] IPv6: ADDRCONF(NETDEV_CHANGE): enp0s9: link becomes ready
[    8.222097] device enp0s3 entered promiscuous mode
[    8.243549] audit: type=1400 audit(1768166812.088:42): apparmor="DENIED" operation="open" profile="/usr/sbin/tcpdump" name="/proc/sys/kernel/random/boot_id" pid=671 comm="tcpdump" requested_mask="r" denied_mask="r" fsuid=0 ouid=0
[    8.244125] audit: type=1400 audit(1768166812.088:43): apparmor="DENIED" operation="open" profile="/usr/sbin/tcpdump" name="/proc/sys/kernel/random/boot_id" pid=671 comm="tcpdump" requested_mask="r" denied_mask="r" fsuid=0 ouid=0
[    8.244173] audit: type=1400 audit(1768166812.088:44): apparmor="DENIED" operation="open" profile="/usr/sbin/tcpdump" name="/proc/sys/kernel/random/boot_id" pid=671 comm="tcpdump" requested_mask="r" denied_mask="r" fsuid=0 ouid=0
[    8.244231] audit: type=1400 audit(1768166812.088:45): apparmor="DENIED" operation="open" profile="/usr/sbin/tcpdump" name="/proc/sys/kernel/random/boot_id" pid=671 comm="tcpdump" requested_mask="r" denied_mask="r" fsuid=0 ouid=0
[    8.249486] audit: type=1400 audit(1768166812.096:46): apparmor="DENIED" operation="open" profile="/usr/sbin/tcpdump" name="/proc/sys/kernel/random/boot_id" pid=672 comm="tcpdump" requested_mask="r" denied_mask="r" fsuid=0 ouid=0
[    8.249660] audit: type=1400 audit(1768166812.096:47): apparmor="DENIED" operation="open" profile="/usr/sbin/tcpdump" name="/proc/sys/kernel/random/boot_id" pid=672 comm="tcpdump" requested_mask="r" denied_mask="r" fsuid=0 ouid=0
[    8.249699] audit: type=1400 audit(1768166812.096:48): apparmor="DENIED" operation="open" profile="/usr/sbin/tcpdump" name="/proc/sys/kernel/random/boot_id" pid=672 comm="tcpdump" requested_mask="r" denied_mask="r" fsuid=0 ouid=0
[    8.249758] audit: type=1400 audit(1768166812.096:49): apparmor="DENIED" operation="open" profile="/usr/sbin/tcpdump" name="/proc/sys/kernel/random/boot_id" pid=672 comm="tcpdump" requested_mask="r" denied_mask="r" fsuid=0 ouid=0
[   12.581837] rfkill: input handler disabled
[  103.619601] rfkill: input handler enabled
[  112.696191] rfkill: input handler disabled
[  198.437752] AAAAA-TCP_SEND: name:enp0s3: saddr:100932208: daddr:16783984: srtt_us:0: RTT:0: ssthresh:2147483647: cwnd:1: delivered:0: lost:1: retrans:0
[  200.335223] AAAAA-TCP_SEND: name:enp0s3: saddr:100932208: daddr:16783984: srtt_us:0: RTT:0: ssthresh:2147483647: cwnd:1: delivered:0: lost:1: retrans:1
[  204.399247] AAAAA-TCP_SEND: name:enp0s3: saddr:100932208: daddr:16783984: srtt_us:0: RTT:0: ssthresh:2147483647: cwnd:1: delivered:0: lost:2: retrans:2
[  204.701091] AAAAA-TCP_RECV: name:enp0s3: saddr:16783984: daddr:100932208: srtt_us:0: RTT:0: ssthresh:2147483647: cwnd:1: delivered:0: lost:2: retrans:2
[  204.701165] AAAAA-TCP_SEND: name:enp0s3: saddr:100932208: daddr:16783984: srtt_us:2408000: RTT:301000: ssthresh:2147483647: cwnd:1: delivered:1: lost:2: retrans:2
[  204.701943] AAAAA-TCP_SEND: name:enp0s3: saddr:100932208: daddr:16783984: srtt_us:2408000: RTT:301000: ssthresh:2147483647: cwnd:1: delivered:1: lost:2: retrans:2
[  205.020057] AAAAA-TCP_RECV: name:enp0s3: saddr:16783984: daddr:100932208: srtt_us:2408000: RTT:301000: ssthresh:2147483647: cwnd:1: delivered:1: lost:2: retrans:2
[  205.075619] AAAAA-TCP_RECV: name:enp0s3: saddr:16783984: daddr:100932208: srtt_us:2408000: RTT:301000: ssthresh:2147483647: cwnd:1: delivered:1: lost:2: retrans:2
[  205.075827] AAAAA-TCP_SEND: name:enp0s3: saddr:100932208: daddr:33561200: srtt_us:0: RTT:0: ssthresh:2147483647: cwnd:10: delivered:0: lost:0: retrans:0
[  205.102663] AAAAA-TCP_RECV: name:enp0s3: saddr:16783984: daddr:100932208: srtt_us:2480724: RTT:310090: ssthresh:2147483647: cwnd:4: delivered:2: lost:2: retrans:2
[  205.102693] AAAAA-TCP_SEND: name:enp0s3: saddr:100932208: daddr:16783984: srtt_us:2480724: RTT:310090: ssthresh:2147483647: cwnd:4: delivered:2: lost:2: retrans:2
[  205.102875] AAAAA-TCP_SEND: name:enp0s3: saddr:100932208: daddr:16783984: srtt_us:2480724: RTT:310090: ssthresh:2147483647: cwnd:4: delivered:2: lost:2: retrans:2
[  205.450482] AAAAA-TCP_RECV: name:enp0s3: saddr:33561200: daddr:100932208: srtt_us:0: RTT:0: ssthresh:2147483647: cwnd:10: delivered:0: lost:0: retrans:0
[  205.450545] AAAAA-TCP_SEND: name:enp0s3: saddr:100932208: daddr:33561200: srtt_us:2997568: RTT:374696: ssthresh:2147483647: cwnd:10: delivered:1: lost:0: retrans:0
[  205.547286] AAAAA-TCP_RECV: name:enp0s3: saddr:16783984: daddr:100932208: srtt_us:2480724: RTT:310090: ssthresh:2147483647: cwnd:4: delivered:2: lost:2: retrans:2
[  205.547333] AAAAA-TCP_SEND: name:enp0s3: saddr:100932208: daddr:16783984: srtt_us:2480724: RTT:310090: ssthresh:2147483647: cwnd:4: delivered:2: lost:2: retrans:2
[  205.753495] AAAAA-TCP_RECV: name:enp0s3: saddr:33561200: daddr:100932208: srtt_us:2997568: RTT:374696: ssthresh:2147483647: cwnd:10: delivered:1: lost:0: retrans:0
[  205.850675] AAAAA-TCP_RECV: name:enp0s3: saddr:16783984: daddr:100932208: srtt_us:2615086: RTT:326885: ssthresh:2147483647: cwnd:5: delivered:3: lost:2: retrans:2
[  205.885729] AAAAA-TCP_RECV: name:enp0s3: saddr:16783984: daddr:100932208: srtt_us:2591569: RTT:323946: ssthresh:2147483647: cwnd:6: delivered:4: lost:2: retrans:2
[  205.885772] AAAAA-TCP_SEND: name:enp0s3: saddr:100932208: daddr:16783984: srtt_us:2591569: RTT:323946: ssthresh:2147483647: cwnd:6: delivered:4: lost:2: retrans:2
[  205.885928] AAAAA-TCP_SEND: name:enp0s3: saddr:100932208: daddr:16783984: srtt_us:0: RTT:0: ssthresh:2147483647: cwnd:10: delivered:0: lost:0: retrans:0
[  206.015566] AAAAA-TCP_RECV: name:enp0s3: saddr:16783984: daddr:100932208: srtt_us:0: RTT:0: ssthresh:2147483647: cwnd:10: delivered:0: lost:0: retrans:0
[  206.015609] AAAAA-TCP_SEND: name:enp0s3: saddr:100932208: daddr:16783984: srtt_us:1037144: RTT:129643: ssthresh:2147483647: cwnd:10: delivered:1: lost:0: retrans:0
[  206.015752] AAAAA-TCP_SEND: name:enp0s3: saddr:100932208: daddr:16783984: srtt_us:1037144: RTT:129643: ssthresh:2147483647: cwnd:10: delivered:1: lost:0: retrans:0
[  206.210067] AAAAA-TCP_RECV: name:enp0s3: saddr:16783984: daddr:100932208: srtt_us:1037144: RTT:129643: ssthresh:2147483647: cwnd:10: delivered:1: lost:0: retrans:0
[  206.285480] AAAAA-TCP_RECV: name:enp0s3: saddr:16783984: daddr:100932208: srtt_us:1037144: RTT:129643: ssthresh:2147483647: cwnd:10: delivered:1: lost:0: retrans:0
[  206.285549] AAAAA-TCP_SEND: name:enp0s3: saddr:100932208: daddr:33561200: srtt_us:0: RTT:0: ssthresh:2147483647: cwnd:10: delivered:0: lost:0: retrans:0
[  206.311580] AAAAA-TCP_RECV: name:enp0s3: saddr:16783984: daddr:100932208: srtt_us:2591569: RTT:323946: ssthresh:2147483647: cwnd:6: delivered:4: lost:2: retrans:2
[  206.311592] AAAAA-TCP_SEND: name:enp0s3: saddr:100932208: daddr:16783984: srtt_us:2591569: RTT:323946: ssthresh:2147483647: cwnd:6: delivered:4: lost:2: retrans:2
[  206.587773] AAAAA-TCP_RECV: name:enp0s3: saddr:33561200: daddr:100932208: srtt_us:0: RTT:0: ssthresh:2147483647: cwnd:10: delivered:0: lost:0: retrans:0
[  206.587800] AAAAA-TCP_SEND: name:enp0s3: saddr:100932208: daddr:33561200: srtt_us:2417864: RTT:302233: ssthresh:2147483647: cwnd:10: delivered:1: lost:0: retrans:0
[  206.731861] AAAAA-TCP_RECV: name:enp0s3: saddr:16783984: daddr:100932208: srtt_us:2591569: RTT:323946: ssthresh:2147483647: cwnd:6: delivered:4: lost:2: retrans:2
[  206.731881] AAAAA-TCP_SEND: name:enp0s3: saddr:100932208: daddr:16783984: srtt_us:2591569: RTT:323946: ssthresh:2147483647: cwnd:6: delivered:4: lost:2: retrans:2
[  206.732012] AAAAA-TCP_SEND: name:enp0s3: saddr:100932208: daddr:16783984: srtt_us:1177235: RTT:147154: ssthresh:2147483647: cwnd:11: delivered:2: lost:0: retrans:0
[  206.732031] AAAAA-TCP_SEND: name:enp0s3: saddr:100932208: daddr:16783984: srtt_us:1177235: RTT:147154: ssthresh:2147483647: cwnd:11: delivered:2: lost:0: retrans:0
[  206.732098] AAAAA-TCP_SEND: name:enp0s3: saddr:100932208: daddr:16783984: srtt_us:1177235: RTT:147154: ssthresh:2147483647: cwnd:11: delivered:2: lost:0: retrans:0
[  206.732113] AAAAA-TCP_SEND: name:enp0s3: saddr:100932208: daddr:16783984: srtt_us:1177235: RTT:147154: ssthresh:2147483647: cwnd:11: delivered:2: lost:0: retrans:0
[  206.732157] AAAAA-TCP_SEND: name:enp0s3: saddr:100932208: daddr:16783984: srtt_us:1177235: RTT:147154: ssthresh:2147483647: cwnd:11: delivered:2: lost:0: retrans:0
[  206.732170] AAAAA-TCP_SEND: name:enp0s3: saddr:100932208: daddr:16783984: srtt_us:1177235: RTT:147154: ssthresh:2147483647: cwnd:11: delivered:2: lost:0: retrans:0
[  206.732215] AAAAA-TCP_SEND: name:enp0s3: saddr:100932208: daddr:16783984: srtt_us:1177235: RTT:147154: ssthresh:2147483647: cwnd:11: delivered:2: lost:0: retrans:0
[  206.732237] AAAAA-TCP_SEND: name:enp0s3: saddr:100932208: daddr:16783984: srtt_us:1177235: RTT:147154: ssthresh:2147483647: cwnd:11: delivered:2: lost:0: retrans:0
[  206.732309] AAAAA-TCP_SEND: name:enp0s3: saddr:100932208: daddr:16783984: srtt_us:1177235: RTT:147154: ssthresh:2147483647: cwnd:11: delivered:2: lost:0: retrans:0
[  206.749356] AAAAA-TCP_SEND: name:enp0s3: saddr:100932208: daddr:16783984: srtt_us:1177235: RTT:147154: ssthresh:2147483647: cwnd:11: delivered:2: lost:0: retrans:0
[  206.751641] AAAAA-TCP_SEND: name:enp0s3: saddr:100932208: daddr:16783984: srtt_us:1177235: RTT:147154: ssthresh:2147483647: cwnd:11: delivered:2: lost:0: retrans:0
[  207.087195] AAAAA-TCP_SEND: name:enp0s3: saddr:100932208: daddr:16783984: srtt_us:1177235: RTT:147154: ssthresh:2147483647: cwnd:11: delivered:2: lost:0: retrans:1
[  207.365189] AAAAA-TCP_RECV: name:enp0s3: saddr:33561200: daddr:100932208: srtt_us:2417864: RTT:302233: ssthresh:2147483647: cwnd:10: delivered:1: lost:0: retrans:0
[  207.365245] AAAAA-TCP_SEND: name:enp0s3: saddr:100932208: daddr:33561200: srtt_us:2417864: RTT:302233: ssthresh:2147483647: cwnd:10: delivered:1: lost:0: retrans:0
[  207.365268] AAAAA-TCP_SEND: name:enp0s3: saddr:100932208: daddr:33561200: srtt_us:2417864: RTT:302233: ssthresh:2147483647: cwnd:10: delivered:1: lost:0: retrans:0
[  207.366001] AAAAA-TCP_SEND: name:enp0s3: saddr:100932208: daddr:33561200: srtt_us:2417864: RTT:302233: ssthresh:2147483647: cwnd:10: delivered:1: lost:0: retrans:0
[  207.366018] AAAAA-TCP_SEND: name:enp0s3: saddr:100932208: daddr:33561200: srtt_us:2417864: RTT:302233: ssthresh:2147483647: cwnd:10: delivered:1: lost:0: retrans:0
[  207.366099] AAAAA-TCP_SEND: name:enp0s3: saddr:100932208: daddr:33561200: srtt_us:2417864: RTT:302233: ssthresh:2147483647: cwnd:10: delivered:1: lost:0: retrans:0
[  207.366110] AAAAA-TCP_SEND: name:enp0s3: saddr:100932208: daddr:33561200: srtt_us:2417864: RTT:302233: ssthresh:2147483647: cwnd:10: delivered:1: lost:0: retrans:0
[  207.366185] AAAAA-TCP_SEND: name:enp0s3: saddr:100932208: daddr:33561200: srtt_us:2417864: RTT:302233: ssthresh:2147483647: cwnd:10: delivered:1: lost:0: retrans:0
[  207.366196] AAAAA-TCP_SEND: name:enp0s3: saddr:100932208: daddr:33561200: srtt_us:2417864: RTT:302233: ssthresh:2147483647: cwnd:10: delivered:1: lost:0: retrans:0
[  207.366266] AAAAA-TCP_SEND: name:enp0s3: saddr:100932208: daddr:33561200: srtt_us:2417864: RTT:302233: ssthresh:2147483647: cwnd:10: delivered:1: lost:0: retrans:0
[  207.366276] AAAAA-TCP_SEND: name:enp0s3: saddr:100932208: daddr:33561200: srtt_us:2417864: RTT:302233: ssthresh:2147483647: cwnd:10: delivered:1: lost:0: retrans:0
[  207.599195] AAAAA-TCP_SEND: name:enp0s3: saddr:100932208: daddr:16783984: srtt_us:1177235: RTT:147154: ssthresh:2147483647: cwnd:1: delivered:2: lost:11: retrans:2
[  207.770194] AAAAA-TCP_RECV: name:enp0s3: saddr:16783984: daddr:100932208: srtt_us:1177235: RTT:147154: ssthresh:2147483647: cwnd:1: delivered:2: lost:11: retrans:2
[  207.770241] AAAAA-TCP_SEND: name:enp0s3: saddr:100932208: daddr:16783984: srtt_us:2069081: RTT:258635: ssthresh:2147483647: cwnd:12: delivered:3: lost:11: retrans:2
[  207.772528] AAAAA-TCP_SEND: name:enp0s3: saddr:100932208: daddr:16783984: srtt_us:2069081: RTT:258635: ssthresh:2147483647: cwnd:12: delivered:3: lost:11: retrans:2
[  208.015211] AAAAA-TCP_SEND: name:enp0s3: saddr:100932208: daddr:33561200: srtt_us:2417864: RTT:302233: ssthresh:2147483647: cwnd:10: delivered:1: lost:0: retrans:1
[  208.049467] AAAAA-TCP_RECV: name:enp0s3: saddr:16783984: daddr:100932208: srtt_us:2069081: RTT:258635: ssthresh:2147483647: cwnd:12: delivered:3: lost:11: retrans:2
[  208.049509] AAAAA-TCP_SEND: name:enp0s3: saddr:100932208: daddr:16783984: srtt_us:3127896: RTT:390987: ssthresh:2147483647: cwnd:13: delivered:4: lost:11: retrans:2
[  208.051801] AAAAA-TCP_SEND: name:enp0s3: saddr:100932208: daddr:16783984: srtt_us:3127896: RTT:390987: ssthresh:2147483647: cwnd:13: delivered:4: lost:11: retrans:2
[  208.408201] AAAAA-TCP_RECV: name:enp0s3: saddr:16783984: daddr:100932208: srtt_us:3127896: RTT:390987: ssthresh:2147483647: cwnd:13: delivered:4: lost:11: retrans:2
[  208.408270] AAAAA-TCP_SEND: name:enp0s3: saddr:100932208: daddr:16783984: srtt_us:4413048: RTT:551631: ssthresh:2147483647: cwnd:14: delivered:5: lost:11: retrans:2
[  208.410567] AAAAA-TCP_SEND: name:enp0s3: saddr:100932208: daddr:16783984: srtt_us:4413048: RTT:551631: ssthresh:2147483647: cwnd:14: delivered:5: lost:11: retrans:2
[  208.598636] AAAAA-TCP_RECV: name:enp0s3: saddr:16783984: daddr:100932208: srtt_us:4413048: RTT:551631: ssthresh:2147483647: cwnd:14: delivered:5: lost:11: retrans:2
[  208.598683] AAAAA-TCP_SEND: name:enp0s3: saddr:100932208: daddr:16783984: srtt_us:5727959: RTT:715994: ssthresh:2147483647: cwnd:15: delivered:6: lost:11: retrans:2
[  208.600975] AAAAA-TCP_SEND: name:enp0s3: saddr:100932208: daddr:16783984: srtt_us:5727959: RTT:715994: ssthresh:2147483647: cwnd:15: delivered:6: lost:11: retrans:2
[  208.824068] AAAAA-TCP_RECV: name:enp0s3: saddr:16783984: daddr:100932208: srtt_us:5727959: RTT:715994: ssthresh:2147483647: cwnd:15: delivered:6: lost:11: retrans:2
[  208.824145] AAAAA-TCP_SEND: name:enp0s3: saddr:100932208: daddr:16783984: srtt_us:7103911: RTT:887988: ssthresh:2147483647: cwnd:16: delivered:7: lost:11: retrans:2
[  208.826538] AAAAA-TCP_SEND: name:enp0s3: saddr:100932208: daddr:16783984: srtt_us:7103911: RTT:887988: ssthresh:2147483647: cwnd:16: delivered:7: lost:11: retrans:2
[  208.943192] AAAAA-TCP_SEND: name:enp0s3: saddr:100932208: daddr:33561200: srtt_us:2417864: RTT:302233: ssthresh:2147483647: cwnd:1: delivered:1: lost:10: retrans:2
[  209.089515] AAAAA-TCP_RECV: name:enp0s3: saddr:16783984: daddr:100932208: srtt_us:7103911: RTT:887988: ssthresh:2147483647: cwnd:16: delivered:7: lost:11: retrans:2
[  209.089559] AAAAA-TCP_SEND: name:enp0s3: saddr:100932208: daddr:16783984: srtt_us:8573284: RTT:1071660: ssthresh:2147483647: cwnd:17: delivered:8: lost:11: retrans:2
[  209.091850] AAAAA-TCP_SEND: name:enp0s3: saddr:100932208: daddr:16783984: srtt_us:8573284: RTT:1071660: ssthresh:2147483647: cwnd:17: delivered:8: lost:11: retrans:2
[  209.337243] AAAAA-TCP_RECV: name:enp0s3: saddr:16783984: daddr:100932208: srtt_us:8573284: RTT:1071660: ssthresh:2147483647: cwnd:17: delivered:8: lost:11: retrans:2
[  209.337276] AAAAA-TCP_SEND: name:enp0s3: saddr:100932208: daddr:16783984: srtt_us:10106656: RTT:1263332: ssthresh:2147483647: cwnd:18: delivered:9: lost:11: retrans:2
[  209.339900] AAAAA-TCP_SEND: name:enp0s3: saddr:100932208: daddr:16783984: srtt_us:10106656: RTT:1263332: ssthresh:2147483647: cwnd:18: delivered:9: lost:11: retrans:2
[  209.480383] AAAAA-TCP_RECV: name:enp0s3: saddr:16783984: daddr:100932208: srtt_us:10106656: RTT:1263332: ssthresh:2147483647: cwnd:18: delivered:9: lost:11: retrans:2
[  209.480425] AAAAA-TCP_SEND: name:enp0s3: saddr:100932208: daddr:16783984: srtt_us:11591490: RTT:1448936: ssthresh:2147483647: cwnd:18: delivered:10: lost:11: retrans:2
[  209.642316] AAAAA-TCP_RECV: name:enp0s3: saddr:16783984: daddr:100932208: srtt_us:11591490: RTT:1448936: ssthresh:2147483647: cwnd:18: delivered:10: lost:11: retrans:2
[  209.642360] AAAAA-TCP_SEND: name:enp0s3: saddr:100932208: daddr:16783984: srtt_us:13052579: RTT:1631572: ssthresh:2147483647: cwnd:18: delivered:11: lost:11: retrans:2
[  209.773845] AAAAA-TCP_RECV: name:enp0s3: saddr:16783984: daddr:100932208: srtt_us:13052579: RTT:1631572: ssthresh:2147483647: cwnd:18: delivered:11: lost:11: retrans:2
[  209.773889] AAAAA-TCP_SEND: name:enp0s3: saddr:100932208: daddr:16783984: srtt_us:14445523: RTT:1805690: ssthresh:2147483647: cwnd:18: delivered:12: lost:11: retrans:2
[  209.894232] AAAAA-TCP_RECV: name:enp0s3: saddr:16783984: daddr:100932208: srtt_us:14445523: RTT:1805690: ssthresh:2147483647: cwnd:18: delivered:12: lost:11: retrans:2
[  209.894277] AAAAA-TCP_SEND: name:enp0s3: saddr:100932208: daddr:16783984: srtt_us:15782833: RTT:1972854: ssthresh:2147483647: cwnd:18: delivered:13: lost:11: retrans:2
[  210.052283] AAAAA-TCP_RECV: name:enp0s3: saddr:16783984: daddr:100932208: srtt_us:15782833: RTT:1972854: ssthresh:2147483647: cwnd:18: delivered:13: lost:11: retrans:2
[  210.277988] AAAAA-TCP_RECV: name:enp0s3: saddr:33561200: daddr:100932208: srtt_us:2417864: RTT:302233: ssthresh:2147483647: cwnd:1: delivered:1: lost:10: retrans:2
[  210.278045] AAAAA-TCP_SEND: name:enp0s3: saddr:100932208: daddr:33561200: srtt_us:5027631: RTT:628453: ssthresh:2147483647: cwnd:11: delivered:2: lost:10: retrans:2
[  210.283359] AAAAA-TCP_SEND: name:enp0s3: saddr:100932208: daddr:33561200: srtt_us:5027631: RTT:628453: ssthresh:2147483647: cwnd:11: delivered:2: lost:10: retrans:2
[  210.324432] AAAAA-TCP_RECV: name:enp0s3: saddr:33561200: daddr:100932208: srtt_us:5027631: RTT:628453: ssthresh:2147483647: cwnd:11: delivered:2: lost:10: retrans:2
[  210.324472] AAAAA-TCP_SEND: name:enp0s3: saddr:100932208: daddr:33561200: srtt_us:7358389: RTT:919798: ssthresh:2147483647: cwnd:12: delivered:3: lost:10: retrans:2
[  210.329789] AAAAA-TCP_SEND: name:enp0s3: saddr:100932208: daddr:33561200: srtt_us:7358389: RTT:919798: ssthresh:2147483647: cwnd:12: delivered:3: lost:10: retrans:2
[  210.386910] AAAAA-TCP_RECV: name:enp0s3: saddr:33561200: daddr:100932208: srtt_us:7358389: RTT:919798: ssthresh:2147483647: cwnd:12: delivered:3: lost:10: retrans:2
[  210.386950] AAAAA-TCP_SEND: name:enp0s3: saddr:100932208: daddr:33561200: srtt_us:9459520: RTT:1182440: ssthresh:2147483647: cwnd:13: delivered:4: lost:10: retrans:2
[  210.392265] AAAAA-TCP_SEND: name:enp0s3: saddr:100932208: daddr:33561200: srtt_us:9459520: RTT:1182440: ssthresh:2147483647: cwnd:13: delivered:4: lost:10: retrans:2
[  210.511852] AAAAA-TCP_RECV: name:enp0s3: saddr:33561200: daddr:100932208: srtt_us:9459520: RTT:1182440: ssthresh:2147483647: cwnd:13: delivered:4: lost:10: retrans:2
[  210.511901] AAAAA-TCP_SEND: name:enp0s3: saddr:100932208: daddr:33561200: srtt_us:11422953: RTT:1427869: ssthresh:2147483647: cwnd:14: delivered:5: lost:10: retrans:2
[  210.517222] AAAAA-TCP_SEND: name:enp0s3: saddr:100932208: daddr:33561200: srtt_us:11422953: RTT:1427869: ssthresh:2147483647: cwnd:14: delivered:5: lost:10: retrans:2
[  210.672193] AAAAA-TCP_RECV: name:enp0s3: saddr:33561200: daddr:100932208: srtt_us:11422953: RTT:1427869: ssthresh:2147483647: cwnd:14: delivered:5: lost:10: retrans:2
[  210.672241] AAAAA-TCP_SEND: name:enp0s3: saddr:100932208: daddr:33561200: srtt_us:13301200: RTT:1662650: ssthresh:2147483647: cwnd:15: delivered:6: lost:10: retrans:2
[  210.677558] AAAAA-TCP_SEND: name:enp0s3: saddr:100932208: daddr:33561200: srtt_us:13301200: RTT:1662650: ssthresh:2147483647: cwnd:15: delivered:6: lost:10: retrans:2
[  210.885336] AAAAA-TCP_RECV: name:enp0s3: saddr:33561200: daddr:100932208: srtt_us:13301200: RTT:1662650: ssthresh:2147483647: cwnd:15: delivered:6: lost:10: retrans:2
[  210.885382] AAAAA-TCP_SEND: name:enp0s3: saddr:100932208: daddr:33561200: srtt_us:15157806: RTT:1894725: ssthresh:2147483647: cwnd:16: delivered:7: lost:10: retrans:2
[  210.890700] AAAAA-TCP_SEND: name:enp0s3: saddr:100932208: daddr:33561200: srtt_us:15157806: RTT:1894725: ssthresh:2147483647: cwnd:16: delivered:7: lost:10: retrans:2
[  211.191645] AAAAA-TCP_RECV: name:enp0s3: saddr:33561200: daddr:100932208: srtt_us:15157806: RTT:1894725: ssthresh:2147483647: cwnd:16: delivered:7: lost:10: retrans:2
[  211.191692] AAAAA-TCP_SEND: name:enp0s3: saddr:100932208: daddr:33561200: srtt_us:17088560: RTT:2136070: ssthresh:2147483647: cwnd:17: delivered:8: lost:10: retrans:2
[  211.197005] AAAAA-TCP_SEND: name:enp0s3: saddr:100932208: daddr:33561200: srtt_us:17088560: RTT:2136070: ssthresh:2147483647: cwnd:17: delivered:8: lost:10: retrans:2
[  211.271869] AAAAA-TCP_RECV: name:enp0s3: saddr:33561200: daddr:100932208: srtt_us:17088560: RTT:2136070: ssthresh:2147483647: cwnd:17: delivered:8: lost:10: retrans:2
[  211.271910] AAAAA-TCP_SEND: name:enp0s3: saddr:100932208: daddr:33561200: srtt_us:18858191: RTT:2357273: ssthresh:2147483647: cwnd:18: delivered:9: lost:10: retrans:2
[  211.277225] AAAAA-TCP_SEND: name:enp0s3: saddr:100932208: daddr:33561200: srtt_us:18858191: RTT:2357273: ssthresh:2147483647: cwnd:18: delivered:9: lost:10: retrans:2
[  211.327472] AAAAA-TCP_RECV: name:enp0s3: saddr:33561200: daddr:100932208: srtt_us:18858191: RTT:2357273: ssthresh:2147483647: cwnd:18: delivered:9: lost:10: retrans:2
[  211.327497] AAAAA-TCP_SEND: name:enp0s3: saddr:100932208: daddr:33561200: srtt_us:20462128: RTT:2557766: ssthresh:2147483647: cwnd:18: delivered:10: lost:10: retrans:2
[  211.525640] AAAAA-TCP_RECV: name:enp0s3: saddr:33561200: daddr:100932208: srtt_us:20462128: RTT:2557766: ssthresh:2147483647: cwnd:18: delivered:10: lost:10: retrans:2
[  211.525686] AAAAA-TCP_SEND: name:enp0s3: saddr:100932208: daddr:33561200: srtt_us:22063362: RTT:2757920: ssthresh:2147483647: cwnd:18: delivered:11: lost:10: retrans:2
[  211.832988] AAAAA-TCP_RECV: name:enp0s3: saddr:16783984: daddr:100932208: srtt_us:15782833: RTT:1972854: ssthresh:2147483647: cwnd:18: delivered:14: lost:11: retrans:2
[  211.901251] AAAAA-TCP_RECV: name:enp0s3: saddr:16783984: daddr:100932208: srtt_us:15782833: RTT:1972854: ssthresh:2147483647: cwnd:18: delivered:15: lost:11: retrans:2
[  211.901293] AAAAA-TCP_SEND: name:enp0s3: saddr:100932208: daddr:16783984: srtt_us:17941010: RTT:2242626: ssthresh:2147483647: cwnd:18: delivered:16: lost:11: retrans:2
[  211.989654] AAAAA-TCP_RECV: name:enp0s3: saddr:16783984: daddr:100932208: srtt_us:17941010: RTT:2242626: ssthresh:2147483647: cwnd:18: delivered:16: lost:11: retrans:2
[  211.989692] AAAAA-TCP_SEND: name:enp0s3: saddr:100932208: daddr:16783984: srtt_us:19915530: RTT:2489441: ssthresh:2147483647: cwnd:18: delivered:17: lost:11: retrans:2
[  212.163286] AAAAA-TCP_RECV: name:enp0s3: saddr:33561200: daddr:100932208: srtt_us:22063362: RTT:2757920: ssthresh:2147483647: cwnd:18: delivered:11: lost:10: retrans:2
[  212.261917] AAAAA-TCP_RECV: name:enp0s3: saddr:16783984: daddr:100932208: srtt_us:19915530: RTT:2489441: ssthresh:2147483647: cwnd:18: delivered:17: lost:11: retrans:2
[  212.261954] AAAAA-TCP_SEND: name:enp0s3: saddr:100932208: daddr:16783984: srtt_us:21638517: RTT:2704814: ssthresh:2147483647: cwnd:18: delivered:18: lost:11: retrans:2
[  212.356061] AAAAA-TCP_RECV: name:enp0s3: saddr:16783984: daddr:100932208: srtt_us:21638517: RTT:2704814: ssthresh:2147483647: cwnd:18: delivered:18: lost:11: retrans:2
[  212.356102] AAAAA-TCP_SEND: name:enp0s3: saddr:100932208: daddr:16783984: srtt_us:23237985: RTT:2904748: ssthresh:2147483647: cwnd:18: delivered:19: lost:11: retrans:2
[  212.427752] AAAAA-TCP_RECV: name:enp0s3: saddr:16783984: daddr:100932208: srtt_us:23237985: RTT:2904748: ssthresh:2147483647: cwnd:18: delivered:19: lost:11: retrans:2
[  212.427791] AAAAA-TCP_SEND: name:enp0s3: saddr:100932208: daddr:16783984: srtt_us:24352743: RTT:3044092: ssthresh:2147483647: cwnd:18: delivered:20: lost:11: retrans:2
[  212.505649] AAAAA-TCP_RECV: name:enp0s3: saddr:16783984: daddr:100932208: srtt_us:24352743: RTT:3044092: ssthresh:2147483647: cwnd:18: delivered:20: lost:11: retrans:2
[  212.505684] AAAAA-TCP_SEND: name:enp0s3: saddr:100932208: daddr:16783984: srtt_us:25403755: RTT:3175469: ssthresh:2147483647: cwnd:18: delivered:21: lost:11: retrans:2
[  212.590575] AAAAA-TCP_RECV: name:enp0s3: saddr:16783984: daddr:100932208: srtt_us:25403755: RTT:3175469: ssthresh:2147483647: cwnd:18: delivered:21: lost:11: retrans:2
[  212.590612] AAAAA-TCP_SEND: name:enp0s3: saddr:100932208: daddr:16783984: srtt_us:26220199: RTT:3277524: ssthresh:2147483647: cwnd:18: delivered:22: lost:11: retrans:2
[  212.943742] AAAAA-TCP_RECV: name:enp0s3: saddr:16783984: daddr:100932208: srtt_us:26220199: RTT:3277524: ssthresh:2147483647: cwnd:18: delivered:22: lost:11: retrans:2
[  212.943783] AAAAA-TCP_SEND: name:enp0s3: saddr:100932208: daddr:16783984: srtt_us:27285465: RTT:3410683: ssthresh:2147483647: cwnd:18: delivered:23: lost:11: retrans:2
[  213.086699] AAAAA-TCP_RECV: name:enp0s3: saddr:16783984: daddr:100932208: srtt_us:27285465: RTT:3410683: ssthresh:2147483647: cwnd:18: delivered:23: lost:11: retrans:2
[  213.086769] AAAAA-TCP_SEND: name:enp0s3: saddr:100932208: daddr:16783984: srtt_us:28137360: RTT:3517170: ssthresh:2147483647: cwnd:18: delivered:24: lost:11: retrans:2
[  213.217102] AAAAA-TCP_RECV: name:enp0s3: saddr:16783984: daddr:100932208: srtt_us:28137360: RTT:3517170: ssthresh:2147483647: cwnd:18: delivered:24: lost:11: retrans:2
[  213.217142] AAAAA-TCP_SEND: name:enp0s3: saddr:100932208: daddr:16783984: srtt_us:29010778: RTT:3626347: ssthresh:2147483647: cwnd:18: delivered:25: lost:11: retrans:2
[  213.327130] AAAAA-TCP_RECV: name:enp0s3: saddr:33561200: daddr:100932208: srtt_us:22063362: RTT:2757920: ssthresh:2147483647: cwnd:18: delivered:12: lost:10: retrans:2
[  213.385620] AAAAA-TCP_RECV: name:enp0s3: saddr:16783984: daddr:100932208: srtt_us:29010778: RTT:3626347: ssthresh:2147483647: cwnd:18: delivered:25: lost:11: retrans:2
[  213.385678] AAAAA-TCP_SEND: name:enp0s3: saddr:100932208: daddr:16783984: srtt_us:29680530: RTT:3710066: ssthresh:2147483647: cwnd:18: delivered:26: lost:11: retrans:2
[  213.472678] AAAAA-TCP_RECV: name:enp0s3: saddr:16783984: daddr:100932208: srtt_us:29680530: RTT:3710066: ssthresh:2147483647: cwnd:18: delivered:26: lost:11: retrans:2
[  213.472731] AAAAA-TCP_SEND: name:enp0s3: saddr:100932208: daddr:16783984: srtt_us:30351314: RTT:3793914: ssthresh:2147483647: cwnd:18: delivered:27: lost:11: retrans:2
[  213.634507] AAAAA-TCP_RECV: name:enp0s3: saddr:16783984: daddr:100932208: srtt_us:30351314: RTT:3793914: ssthresh:2147483647: cwnd:18: delivered:27: lost:11: retrans:2
[  213.634549] AAAAA-TCP_SEND: name:enp0s3: saddr:100932208: daddr:16783984: srtt_us:30854656: RTT:3856832: ssthresh:2147483647: cwnd:18: delivered:28: lost:11: retrans:2
[  213.666888] AAAAA-TCP_RECV: name:enp0s3: saddr:16783984: daddr:100932208: srtt_us:30854656: RTT:3856832: ssthresh:2147483647: cwnd:18: delivered:28: lost:11: retrans:2
[  213.666922] AAAAA-TCP_SEND: name:enp0s3: saddr:100932208: daddr:16783984: srtt_us:31324836: RTT:3915604: ssthresh:2147483647: cwnd:18: delivered:29: lost:11: retrans:2
[  213.744223] AAAAA-TCP_RECV: name:enp0s3: saddr:16783984: daddr:100932208: srtt_us:31324836: RTT:3915604: ssthresh:2147483647: cwnd:18: delivered:29: lost:11: retrans:2
[  213.744247] AAAAA-TCP_SEND: name:enp0s3: saddr:100932208: daddr:16783984: srtt_us:31673038: RTT:3959129: ssthresh:2147483647: cwnd:18: delivered:30: lost:11: retrans:2
[  213.770516] AAAAA-TCP_RECV: name:enp0s3: saddr:16783984: daddr:100932208: srtt_us:31673038: RTT:3959129: ssthresh:2147483647: cwnd:18: delivered:30: lost:11: retrans:2
[  213.770547] AAAAA-TCP_SEND: name:enp0s3: saddr:100932208: daddr:16783984: srtt_us:31842085: RTT:3980260: ssthresh:2147483647: cwnd:18: delivered:31: lost:11: retrans:2
[  213.933044] AAAAA-TCP_RECV: name:enp0s3: saddr:16783984: daddr:100932208: srtt_us:31842085: RTT:3980260: ssthresh:2147483647: cwnd:18: delivered:31: lost:11: retrans:2
[  213.933069] AAAAA-TCP_SEND: name:enp0s3: saddr:100932208: daddr:16783984: srtt_us:32020989: RTT:4002623: ssthresh:2147483647: cwnd:18: delivered:32: lost:11: retrans:2
[  214.056701] AAAAA-TCP_RECV: name:enp0s3: saddr:16783984: daddr:100932208: srtt_us:32020989: RTT:4002623: ssthresh:2147483647: cwnd:18: delivered:32: lost:11: retrans:2
[  214.056736] AAAAA-TCP_SEND: name:enp0s3: saddr:100932208: daddr:16783984: srtt_us:32180812: RTT:4022601: ssthresh:2147483647: cwnd:18: delivered:33: lost:11: retrans:2
[  214.154838] AAAAA-TCP_RECV: name:enp0s3: saddr:33561200: daddr:100932208: srtt_us:22063362: RTT:2757920: ssthresh:2147483647: cwnd:18: delivered:13: lost:10: retrans:2
[  214.154872] AAAAA-TCP_SEND: name:enp0s3: saddr:100932208: daddr:33561200: srtt_us:23182257: RTT:2897782: ssthresh:2147483647: cwnd:18: delivered:14: lost:10: retrans:2
[  214.260909] AAAAA-TCP_RECV: name:enp0s3: saddr:33561200: daddr:100932208: srtt_us:23182257: RTT:2897782: ssthresh:2147483647: cwnd:18: delivered:14: lost:10: retrans:2
[  214.260942] AAAAA-TCP_SEND: name:enp0s3: saddr:100932208: daddr:33561200: srtt_us:24262046: RTT:3032755: ssthresh:2147483647: cwnd:18: delivered:15: lost:10: retrans:2
[  214.300215] AAAAA-TCP_RECV: name:enp0s3: saddr:33561200: daddr:100932208: srtt_us:24262046: RTT:3032755: ssthresh:2147483647: cwnd:18: delivered:15: lost:10: retrans:2
[  214.300247] AAAAA-TCP_SEND: name:enp0s3: saddr:100932208: daddr:33561200: srtt_us:25205052: RTT:3150631: ssthresh:2147483647: cwnd:18: delivered:16: lost:10: retrans:2
[  214.384300] AAAAA-TCP_RECV: name:enp0s3: saddr:33561200: daddr:100932208: srtt_us:25205052: RTT:3150631: ssthresh:2147483647: cwnd:18: delivered:16: lost:10: retrans:2
[  214.384337] AAAAA-TCP_SEND: name:enp0s3: saddr:100932208: daddr:33561200: srtt_us:26108952: RTT:3263619: ssthresh:2147483647: cwnd:18: delivered:17: lost:10: retrans:2
[  214.428637] AAAAA-TCP_RECV: name:enp0s3: saddr:33561200: daddr:100932208: srtt_us:26108952: RTT:3263619: ssthresh:2147483647: cwnd:18: delivered:17: lost:10: retrans:2
[  214.428668] AAAAA-TCP_SEND: name:enp0s3: saddr:100932208: daddr:33561200: srtt_us:26887037: RTT:3360879: ssthresh:2147483647: cwnd:18: delivered:18: lost:10: retrans:2
[  214.495402] AAAAA-TCP_RECV: name:enp0s3: saddr:33561200: daddr:100932208: srtt_us:26887037: RTT:3360879: ssthresh:2147483647: cwnd:18: delivered:18: lost:10: retrans:2
[  214.495435] AAAAA-TCP_SEND: name:enp0s3: saddr:100932208: daddr:33561200: srtt_us:27629316: RTT:3453664: ssthresh:2147483647: cwnd:18: delivered:19: lost:10: retrans:2
[  214.538595] AAAAA-TCP_RECV: name:enp0s3: saddr:33561200: daddr:100932208: srtt_us:27629316: RTT:3453664: ssthresh:2147483647: cwnd:18: delivered:19: lost:10: retrans:2
[  214.538626] AAAAA-TCP_SEND: name:enp0s3: saddr:100932208: daddr:33561200: srtt_us:28202368: RTT:3525296: ssthresh:2147483647: cwnd:18: delivered:20: lost:10: retrans:2
[  214.602564] AAAAA-TCP_RECV: name:enp0s3: saddr:33561200: daddr:100932208: srtt_us:28202368: RTT:3525296: ssthresh:2147483647: cwnd:18: delivered:20: lost:10: retrans:2
[  214.602594] AAAAA-TCP_SEND: name:enp0s3: saddr:100932208: daddr:33561200: srtt_us:28762433: RTT:3595304: ssthresh:2147483647: cwnd:18: delivered:21: lost:10: retrans:2
[  214.697387] AAAAA-TCP_RECV: name:enp0s3: saddr:33561200: daddr:100932208: srtt_us:28762433: RTT:3595304: ssthresh:2147483647: cwnd:18: delivered:21: lost:10: retrans:2
[  214.697418] AAAAA-TCP_SEND: name:enp0s3: saddr:100932208: daddr:33561200: srtt_us:29192294: RTT:3649036: ssthresh:2147483647: cwnd:18: delivered:22: lost:10: retrans:2
[  214.783451] AAAAA-TCP_RECV: name:enp0s3: saddr:33561200: daddr:100932208: srtt_us:29192294: RTT:3649036: ssthresh:2147483647: cwnd:18: delivered:22: lost:10: retrans:2
[  214.783481] AAAAA-TCP_SEND: name:enp0s3: saddr:100932208: daddr:33561200: srtt_us:29649171: RTT:3706146: ssthresh:2147483647: cwnd:18: delivered:23: lost:10: retrans:2
[  214.825097] AAAAA-TCP_RECV: name:enp0s3: saddr:33561200: daddr:100932208: srtt_us:29649171: RTT:3706146: ssthresh:2147483647: cwnd:18: delivered:23: lost:10: retrans:2
[  214.825124] AAAAA-TCP_SEND: name:enp0s3: saddr:100932208: daddr:33561200: srtt_us:29882759: RTT:3735344: ssthresh:2147483647: cwnd:18: delivered:24: lost:10: retrans:2
[  214.907732] AAAAA-TCP_RECV: name:enp0s3: saddr:33561200: daddr:100932208: srtt_us:29882759: RTT:3735344: ssthresh:2147483647: cwnd:18: delivered:24: lost:10: retrans:2
[  214.907760] AAAAA-TCP_SEND: name:enp0s3: saddr:100932208: daddr:33561200: srtt_us:30164468: RTT:3770558: ssthresh:2147483647: cwnd:18: delivered:25: lost:10: retrans:2
[  215.165329] AAAAA-TCP_RECV: name:enp0s3: saddr:33561200: daddr:100932208: srtt_us:30164468: RTT:3770558: ssthresh:2147483647: cwnd:18: delivered:25: lost:10: retrans:2
[  215.165369] AAAAA-TCP_SEND: name:enp0s3: saddr:100932208: daddr:33561200: srtt_us:30367569: RTT:3795946: ssthresh:2147483647: cwnd:18: delivered:26: lost:10: retrans:2
[  215.265073] AAAAA-TCP_RECV: name:enp0s3: saddr:33561200: daddr:100932208: srtt_us:30367569: RTT:3795946: ssthresh:2147483647: cwnd:18: delivered:26: lost:10: retrans:2
[  215.265111] AAAAA-TCP_SEND: name:enp0s3: saddr:100932208: daddr:33561200: srtt_us:30639714: RTT:3829964: ssthresh:2147483647: cwnd:18: delivered:27: lost:10: retrans:2
[  215.329438] AAAAA-TCP_RECV: name:enp0s3: saddr:33561200: daddr:100932208: srtt_us:30639714: RTT:3829964: ssthresh:2147483647: cwnd:18: delivered:27: lost:10: retrans:2
[  215.329473] AAAAA-TCP_SEND: name:enp0s3: saddr:100932208: daddr:33561200: srtt_us:30867298: RTT:3858412: ssthresh:2147483647: cwnd:18: delivered:28: lost:10: retrans:2
[  215.380090] AAAAA-TCP_RECV: name:enp0s3: saddr:33561200: daddr:100932208: srtt_us:30867298: RTT:3858412: ssthresh:2147483647: cwnd:18: delivered:28: lost:10: retrans:2
[  215.380124] AAAAA-TCP_SEND: name:enp0s3: saddr:100932208: daddr:33561200: srtt_us:31111771: RTT:3888971: ssthresh:2147483647: cwnd:18: delivered:29: lost:10: retrans:2
[  215.507018] AAAAA-TCP_RECV: name:enp0s3: saddr:33561200: daddr:100932208: srtt_us:31111771: RTT:3888971: ssthresh:2147483647: cwnd:18: delivered:29: lost:10: retrans:2
[  215.507057] AAAAA-TCP_SEND: name:enp0s3: saddr:100932208: daddr:33561200: srtt_us:31402341: RTT:3925292: ssthresh:2147483647: cwnd:18: delivered:30: lost:10: retrans:2
[  215.692739] AAAAA-TCP_RECV: name:enp0s3: saddr:33561200: daddr:100932208: srtt_us:31402341: RTT:3925292: ssthresh:2147483647: cwnd:18: delivered:30: lost:10: retrans:2
[  215.692780] AAAAA-TCP_SEND: name:enp0s3: saddr:100932208: daddr:33561200: srtt_us:31644124: RTT:3955515: ssthresh:2147483647: cwnd:18: delivered:31: lost:10: retrans:2
[  215.790367] AAAAA-TCP_RECV: name:enp0s3: saddr:16783984: daddr:100932208: srtt_us:32180812: RTT:4022601: ssthresh:2147483647: cwnd:18: delivered:33: lost:11: retrans:2
[  215.790403] AAAAA-TCP_SEND: name:enp0s3: saddr:100932208: daddr:16783984: srtt_us:32047309: RTT:4005913: ssthresh:2147483647: cwnd:18: delivered:34: lost:11: retrans:2
[  215.892802] AAAAA-TCP_RECV: name:enp0s3: saddr:16783984: daddr:100932208: srtt_us:32047309: RTT:4005913: ssthresh:2147483647: cwnd:18: delivered:34: lost:11: retrans:2
[  215.892838] AAAAA-TCP_SEND: name:enp0s3: saddr:100932208: daddr:16783984: srtt_us:31944527: RTT:3993065: ssthresh:2147483647: cwnd:18: delivered:35: lost:11: retrans:2
[  216.017872] AAAAA-TCP_RECV: name:enp0s3: saddr:16783984: daddr:100932208: srtt_us:31944527: RTT:3993065: ssthresh:2147483647: cwnd:18: delivered:35: lost:11: retrans:2
[  216.017906] AAAAA-TCP_SEND: name:enp0s3: saddr:100932208: daddr:16783984: srtt_us:31707399: RTT:3963424: ssthresh:2147483647: cwnd:18: delivered:36: lost:11: retrans:2
[  216.103265] AAAAA-TCP_RECV: name:enp0s3: saddr:16783984: daddr:100932208: srtt_us:31707399: RTT:3963424: ssthresh:2147483647: cwnd:18: delivered:36: lost:11: retrans:2
[  216.119319] AAAAA-TCP_RECV: name:enp0s3: saddr:16783984: daddr:100932208: srtt_us:31491175: RTT:3936396: ssthresh:2147483647: cwnd:4: delivered:37: lost:11: retrans:2
[  216.155860] AAAAA-TCP_RECV: name:enp0s3: saddr:16783984: daddr:100932208: srtt_us:31246326: RTT:3905790: ssthresh:2147483647: cwnd:4: delivered:38: lost:11: retrans:2
[  216.227684] AAAAA-TCP_RECV: name:enp0s3: saddr:16783984: daddr:100932208: srtt_us:30990730: RTT:3873841: ssthresh:2147483647: cwnd:4: delivered:39: lost:11: retrans:2
[  216.352781] AAAAA-TCP_RECV: name:enp0s3: saddr:16783984: daddr:100932208: srtt_us:30753979: RTT:3844247: ssthresh:2147483647: cwnd:4: delivered:40: lost:11: retrans:2
[  216.426814] AAAAA-TCP_RECV: name:enp0s3: saddr:16783984: daddr:100932208: srtt_us:30318753: RTT:3789844: ssthresh:2147483647: cwnd:4: delivered:41: lost:11: retrans:2
[  216.454766] AAAAA-TCP_RECV: name:enp0s3: saddr:16783984: daddr:100932208: srtt_us:29868989: RTT:3733623: ssthresh:2147483647: cwnd:4: delivered:42: lost:11: retrans:2
[  216.577134] AAAAA-TCP_RECV: name:enp0s3: saddr:16783984: daddr:100932208: srtt_us:29373010: RTT:3671626: ssthresh:2147483647: cwnd:4: delivered:43: lost:11: retrans:2
[  216.700532] AAAAA-TCP_RECV: name:enp0s3: saddr:16783984: daddr:100932208: srtt_us:28892860: RTT:3611607: ssthresh:2147483647: cwnd:4: delivered:44: lost:11: retrans:2
[  216.808859] AAAAA-TCP_RECV: name:enp0s3: saddr:16783984: daddr:100932208: srtt_us:28509089: RTT:3563636: ssthresh:2147483647: cwnd:4: delivered:45: lost:11: retrans:2
[  216.984568] AAAAA-TCP_RECV: name:enp0s3: saddr:16783984: daddr:100932208: srtt_us:28119797: RTT:3514974: ssthresh:2147483647: cwnd:4: delivered:46: lost:11: retrans:2
[  217.022151] AAAAA-TCP_RECV: name:enp0s3: saddr:16783984: daddr:100932208: srtt_us:27922514: RTT:3490314: ssthresh:2147483647: cwnd:4: delivered:47: lost:11: retrans:2
[  217.086071] AAAAA-TCP_RECV: name:enp0s3: saddr:16783984: daddr:100932208: srtt_us:27710122: RTT:3463765: ssthresh:2147483647: cwnd:4: delivered:48: lost:11: retrans:2
[  217.114801] AAAAA-TCP_RECV: name:enp0s3: saddr:16783984: daddr:100932208: srtt_us:27561918: RTT:3445239: ssthresh:2147483647: cwnd:4: delivered:49: lost:11: retrans:2
[  217.465330] AAAAA-TCP_RECV: name:enp0s3: saddr:16783984: daddr:100932208: srtt_us:27298443: RTT:3412305: ssthresh:2147483647: cwnd:4: delivered:50: lost:11: retrans:2
[  217.465379] AAAAA-TCP_SEND: name:enp0s3: saddr:100932208: daddr:16783984: srtt_us:27294756: RTT:3411844: ssthresh:2147483647: cwnd:4: delivered:51: lost:11: retrans:2
[  217.528846] AAAAA-TCP_RECV: name:enp0s3: saddr:33561200: daddr:100932208: srtt_us:31644124: RTT:3955515: ssthresh:2147483647: cwnd:18: delivered:31: lost:10: retrans:2
[  217.648176] AAAAA-TCP_RECV: name:enp0s3: saddr:33561200: daddr:100932208: srtt_us:31062605: RTT:3882825: ssthresh:2147483647: cwnd:4: delivered:32: lost:10: retrans:2
[  217.852632] AAAAA-TCP_RECV: name:enp0s3: saddr:33561200: daddr:100932208: srtt_us:30567036: RTT:3820879: ssthresh:2147483647: cwnd:4: delivered:33: lost:10: retrans:2
[  217.903944] AAAAA-TCP_RECV: name:enp0s3: saddr:33561200: daddr:100932208: srtt_us:30298566: RTT:3787320: ssthresh:2147483647: cwnd:4: delivered:34: lost:10: retrans:2
[  217.946265] AAAAA-TCP_RECV: name:enp0s3: saddr:33561200: daddr:100932208: srtt_us:30030873: RTT:3753859: ssthresh:2147483647: cwnd:4: delivered:35: lost:10: retrans:2
[  218.082073] AAAAA-TCP_RECV: name:enp0s3: saddr:33561200: daddr:100932208: srtt_us:29794617: RTT:3724327: ssthresh:2147483647: cwnd:4: delivered:36: lost:10: retrans:2
[  218.119877] AAAAA-TCP_RECV: name:enp0s3: saddr:33561200: daddr:100932208: srtt_us:29656949: RTT:3707118: ssthresh:2147483647: cwnd:4: delivered:37: lost:10: retrans:2
[  218.294636] AAAAA-TCP_RECV: name:enp0s3: saddr:33561200: daddr:100932208: srtt_us:29531100: RTT:3691387: ssthresh:2147483647: cwnd:4: delivered:38: lost:10: retrans:2
[  218.342039] AAAAA-TCP_RECV: name:enp0s3: saddr:33561200: daddr:100932208: srtt_us:29531777: RTT:3691472: ssthresh:2147483647: cwnd:4: delivered:39: lost:10: retrans:2
[  218.395720] AAAAA-TCP_RECV: name:enp0s3: saddr:33561200: daddr:100932208: srtt_us:29484945: RTT:3685618: ssthresh:2147483647: cwnd:4: delivered:40: lost:10: retrans:2
[  218.428468] AAAAA-TCP_RECV: name:enp0s3: saddr:33561200: daddr:100932208: srtt_us:29411585: RTT:3676448: ssthresh:2147483647: cwnd:4: delivered:41: lost:10: retrans:2
[  218.456974] AAAAA-TCP_RECV: name:enp0s3: saddr:33561200: daddr:100932208: srtt_us:29338486: RTT:3667310: ssthresh:2147483647: cwnd:4: delivered:42: lost:10: retrans:2
[  218.487883] AAAAA-TCP_RECV: name:enp0s3: saddr:33561200: daddr:100932208: srtt_us:29220407: RTT:3652550: ssthresh:2147483647: cwnd:4: delivered:43: lost:10: retrans:2
[  218.522950] AAAAA-TCP_RECV: name:enp0s3: saddr:33561200: daddr:100932208: srtt_us:28890388: RTT:3611298: ssthresh:2147483647: cwnd:4: delivered:44: lost:10: retrans:2
[  218.576124] AAAAA-TCP_RECV: name:enp0s3: saddr:33561200: daddr:100932208: srtt_us:28536948: RTT:3567118: ssthresh:2147483647: cwnd:4: delivered:45: lost:10: retrans:2
[  218.576158] AAAAA-TCP_SEND: name:enp0s3: saddr:100932208: daddr:33561200: srtt_us:28216498: RTT:3527062: ssthresh:2147483647: cwnd:4: delivered:46: lost:10: retrans:2
[  218.612222] AAAAA-TCP_RECV: name:enp0s3: saddr:33561200: daddr:100932208: srtt_us:28216498: RTT:3527062: ssthresh:2147483647: cwnd:4: delivered:46: lost:10: retrans:2
[  218.612257] AAAAA-TCP_SEND: name:enp0s3: saddr:100932208: daddr:33561200: srtt_us:27921552: RTT:3490194: ssthresh:2147483647: cwnd:4: delivered:47: lost:10: retrans:2
[  218.744385] AAAAA-TCP_RECV: name:enp0s3: saddr:33561200: daddr:100932208: srtt_us:27921552: RTT:3490194: ssthresh:2147483647: cwnd:4: delivered:47: lost:10: retrans:2
[  218.744415] AAAAA-TCP_SEND: name:enp0s3: saddr:100932208: daddr:33561200: srtt_us:27668695: RTT:3458586: ssthresh:2147483647: cwnd:4: delivered:48: lost:10: retrans:2
[  218.890434] AAAAA-TCP_RECV: name:enp0s3: saddr:16783984: daddr:100932208: srtt_us:27294756: RTT:3411844: ssthresh:2147483647: cwnd:4: delivered:51: lost:11: retrans:2
[  218.890481] AAAAA-TCP_SEND: name:enp0s3: saddr:100932208: daddr:16783984: srtt_us:26982965: RTT:3372870: ssthresh:2147483647: cwnd:4: delivered:52: lost:11: retrans:2
[  218.935752] AAAAA-TCP_RECV: name:enp0s3: saddr:33561200: daddr:100932208: srtt_us:27668695: RTT:3458586: ssthresh:2147483647: cwnd:4: delivered:48: lost:10: retrans:2
[  218.935773] AAAAA-TCP_SEND: name:enp0s3: saddr:100932208: daddr:33561200: srtt_us:27453089: RTT:3431636: ssthresh:2147483647: cwnd:4: delivered:49: lost:10: retrans:2
[  219.090674] AAAAA-TCP_RECV: name:enp0s3: saddr:16783984: daddr:100932208: srtt_us:26982965: RTT:3372870: ssthresh:2147483647: cwnd:4: delivered:52: lost:11: retrans:2
[  219.090722] AAAAA-TCP_SEND: name:enp0s3: saddr:100932208: daddr:16783984: srtt_us:26807955: RTT:3350994: ssthresh:2147483647: cwnd:4: delivered:53: lost:11: retrans:2
[  219.187379] AAAAA-TCP_RECV: name:enp0s3: saddr:16783984: daddr:100932208: srtt_us:26807955: RTT:3350994: ssthresh:2147483647: cwnd:4: delivered:53: lost:11: retrans:2
[  219.187421] AAAAA-TCP_SEND: name:enp0s3: saddr:100932208: daddr:16783984: srtt_us:26626455: RTT:3328306: ssthresh:2147483647: cwnd:4: delivered:54: lost:11: retrans:2
[  219.586697] AAAAA-TCP_RECV: name:enp0s3: saddr:16783984: daddr:100932208: srtt_us:26626455: RTT:3328306: ssthresh:2147483647: cwnd:4: delivered:54: lost:11: retrans:2
[  219.586790] AAAAA-TCP_SEND: name:enp0s3: saddr:100932208: daddr:16783984: srtt_us:25419497: RTT:3177437: ssthresh:2147483647: cwnd:19: delivered:55: lost:11: retrans:2
[  219.589084] AAAAA-TCP_SEND: name:enp0s3: saddr:100932208: daddr:16783984: srtt_us:25419497: RTT:3177437: ssthresh:2147483647: cwnd:19: delivered:55: lost:11: retrans:2
[  219.596414] AAAAA-TCP_SEND: name:enp0s3: saddr:100932208: daddr:16783984: srtt_us:25419497: RTT:3177437: ssthresh:2147483647: cwnd:19: delivered:55: lost:11: retrans:2
[  219.598711] AAAAA-TCP_SEND: name:enp0s3: saddr:100932208: daddr:16783984: srtt_us:25419497: RTT:3177437: ssthresh:2147483647: cwnd:19: delivered:55: lost:11: retrans:2
[  219.603245] AAAAA-TCP_SEND: name:enp0s3: saddr:100932208: daddr:16783984: srtt_us:25419497: RTT:3177437: ssthresh:2147483647: cwnd:19: delivered:55: lost:11: retrans:2
[  219.607778] AAAAA-TCP_SEND: name:enp0s3: saddr:100932208: daddr:16783984: srtt_us:25419497: RTT:3177437: ssthresh:2147483647: cwnd:19: delivered:55: lost:11: retrans:2
[  219.612319] AAAAA-TCP_SEND: name:enp0s3: saddr:100932208: daddr:16783984: srtt_us:25419497: RTT:3177437: ssthresh:2147483647: cwnd:19: delivered:55: lost:11: retrans:2
[  219.616855] AAAAA-TCP_SEND: name:enp0s3: saddr:100932208: daddr:16783984: srtt_us:25419497: RTT:3177437: ssthresh:2147483647: cwnd:19: delivered:55: lost:11: retrans:2
[  219.771229] AAAAA-TCP_RECV: name:enp0s3: saddr:33561200: daddr:100932208: srtt_us:27453089: RTT:3431636: ssthresh:2147483647: cwnd:4: delivered:49: lost:10: retrans:2
[  219.871607] AAAAA-TCP_RECV: name:enp0s3: saddr:33561200: daddr:100932208: srtt_us:25216549: RTT:3152068: ssthresh:2147483647: cwnd:19: delivered:50: lost:10: retrans:2
[  219.920032] AAAAA-TCP_RECV: name:enp0s3: saddr:33561200: daddr:100932208: srtt_us:23323852: RTT:2915481: ssthresh:2147483647: cwnd:20: delivered:51: lost:10: retrans:2
[  220.149182] AAAAA-TCP_RECV: name:enp0s3: saddr:16783984: daddr:100932208: srtt_us:25419497: RTT:3177437: ssthresh:2147483647: cwnd:19: delivered:55: lost:11: retrans:2
[  220.492920] AAAAA-TCP_RECV: name:enp0s3: saddr:33561200: daddr:100932208: srtt_us:21584010: RTT:2698001: ssthresh:2147483647: cwnd:20: delivered:52: lost:10: retrans:2
[  220.723234] AAAAA-TCP_RECV: name:enp0s3: saddr:16783984: daddr:100932208: srtt_us:23500787: RTT:2937598: ssthresh:2147483647: cwnd:20: delivered:56: lost:11: retrans:2
[  220.882951] AAAAA-TCP_RECV: name:enp0s3: saddr:16783984: daddr:100932208: srtt_us:22195730: RTT:2774466: ssthresh:2147483647: cwnd:21: delivered:57: lost:11: retrans:2
[  221.042059] AAAAA-TCP_RECV: name:enp0s3: saddr:16783984: daddr:100932208: srtt_us:21116819: RTT:2639602: ssthresh:2147483647: cwnd:22: delivered:58: lost:11: retrans:2
[  221.077614] AAAAA-TCP_RECV: name:enp0s3: saddr:16783984: daddr:100932208: srtt_us:19932512: RTT:2491564: ssthresh:2147483647: cwnd:23: delivered:59: lost:11: retrans:2
[  221.251829] AAAAA-TCP_RECV: name:enp0s3: saddr:16783984: daddr:100932208: srtt_us:18929499: RTT:2366187: ssthresh:2147483647: cwnd:24: delivered:60: lost:11: retrans:2
[  221.335124] AAAAA-TCP_RECV: name:enp0s3: saddr:16783984: daddr:100932208: srtt_us:18218749: RTT:2277343: ssthresh:2147483647: cwnd:24: delivered:61: lost:11: retrans:2
[  221.457943] AAAAA-TCP_RECV: name:enp0s3: saddr:16783984: daddr:100932208: srtt_us:17677840: RTT:2209730: ssthresh:2147483647: cwnd:24: delivered:62: lost:11: retrans:2
[  221.495106] AAAAA-TCP_RECV: name:enp0s3: saddr:16783984: daddr:100932208: srtt_us:17322833: RTT:2165354: ssthresh:2147483647: cwnd:24: delivered:63: lost:11: retrans:2
[  221.557608] AAAAA-TCP_RECV: name:enp0s3: saddr:16783984: daddr:100932208: srtt_us:17044832: RTT:2130604: ssthresh:2147483647: cwnd:24: delivered:64: lost:11: retrans:2
[  221.602568] AAAAA-TCP_RECV: name:enp0s3: saddr:16783984: daddr:100932208: srtt_us:16859539: RTT:2107442: ssthresh:2147483647: cwnd:24: delivered:65: lost:11: retrans:2
[  239.079766] AAAAA-TCP_SEND: name:enp0s3: saddr:100932208: daddr:16783984: srtt_us:16737830: RTT:2092228: ssthresh:2147483647: cwnd:25: delivered:66: lost:11: retrans:2
[  239.079894] AAAAA-TCP_SEND: name:enp0s3: saddr:100932208: daddr:33561200: srtt_us:20443180: RTT:2555397: ssthresh:2147483647: cwnd:20: delivered:53: lost:10: retrans:2
[  239.082044] AAAAA-TCP_SEND: name:enp0s3: saddr:100932208: daddr:16783984: srtt_us:16737830: RTT:2092228: ssthresh:2147483647: cwnd:25: delivered:66: lost:11: retrans:2
[  239.085211] AAAAA-TCP_SEND: name:enp0s3: saddr:100932208: daddr:33561200: srtt_us:20443180: RTT:2555397: ssthresh:2147483647: cwnd:20: delivered:53: lost:10: retrans:2
[  239.090456] AAAAA-TCP_SEND: name:enp0s3: saddr:100932208: daddr:16783984: srtt_us:16737830: RTT:2092228: ssthresh:2147483647: cwnd:25: delivered:66: lost:11: retrans:2
[  239.092754] AAAAA-TCP_SEND: name:enp0s3: saddr:100932208: daddr:16783984: srtt_us:16737830: RTT:2092228: ssthresh:2147483647: cwnd:25: delivered:66: lost:11: retrans:2
[  239.095783] AAAAA-TCP_SEND: name:enp0s3: saddr:100932208: daddr:33561200: srtt_us:20443180: RTT:2555397: ssthresh:2147483647: cwnd:20: delivered:53: lost:10: retrans:2
[  239.097285] AAAAA-TCP_SEND: name:enp0s3: saddr:100932208: daddr:16783984: srtt_us:16737830: RTT:2092228: ssthresh:2147483647: cwnd:25: delivered:66: lost:11: retrans:2
[  239.101824] AAAAA-TCP_SEND: name:enp0s3: saddr:100932208: daddr:16783984: srtt_us:16737830: RTT:2092228: ssthresh:2147483647: cwnd:25: delivered:66: lost:11: retrans:2
[  239.106359] AAAAA-TCP_SEND: name:enp0s3: saddr:100932208: daddr:16783984: srtt_us:16737830: RTT:2092228: ssthresh:2147483647: cwnd:25: delivered:66: lost:11: retrans:2
[  239.106384] AAAAA-TCP_SEND: name:enp0s3: saddr:100932208: daddr:33561200: srtt_us:20443180: RTT:2555397: ssthresh:2147483647: cwnd:20: delivered:53: lost:10: retrans:2
[  239.110900] AAAAA-TCP_SEND: name:enp0s3: saddr:100932208: daddr:16783984: srtt_us:16737830: RTT:2092228: ssthresh:2147483647: cwnd:25: delivered:66: lost:11: retrans:2
[  239.115436] AAAAA-TCP_SEND: name:enp0s3: saddr:100932208: daddr:16783984: srtt_us:16737830: RTT:2092228: ssthresh:2147483647: cwnd:25: delivered:66: lost:11: retrans:2
[  239.116936] AAAAA-TCP_SEND: name:enp0s3: saddr:100932208: daddr:33561200: srtt_us:20443180: RTT:2555397: ssthresh:2147483647: cwnd:20: delivered:53: lost:10: retrans:2
[  239.119975] AAAAA-TCP_SEND: name:enp0s3: saddr:100932208: daddr:16783984: srtt_us:16737830: RTT:2092228: ssthresh:2147483647: cwnd:25: delivered:66: lost:11: retrans:2
[  239.124510] AAAAA-TCP_SEND: name:enp0s3: saddr:100932208: daddr:16783984: srtt_us:16737830: RTT:2092228: ssthresh:2147483647: cwnd:25: delivered:66: lost:11: retrans:2
[  239.127590] AAAAA-TCP_SEND: name:enp0s3: saddr:100932208: daddr:33561200: srtt_us:20443180: RTT:2555397: ssthresh:2147483647: cwnd:20: delivered:53: lost:10: retrans:2
[  239.129045] AAAAA-TCP_SEND: name:enp0s3: saddr:100932208: daddr:16783984: srtt_us:16737830: RTT:2092228: ssthresh:2147483647: cwnd:25: delivered:66: lost:11: retrans:2
[  239.133583] AAAAA-TCP_SEND: name:enp0s3: saddr:100932208: daddr:16783984: srtt_us:16737830: RTT:2092228: ssthresh:2147483647: cwnd:25: delivered:66: lost:11: retrans:2
[  239.138480] AAAAA-TCP_SEND: name:enp0s3: saddr:100932208: daddr:33561200: srtt_us:20443180: RTT:2555397: ssthresh:2147483647: cwnd:20: delivered:53: lost:10: retrans:2
[  239.138502] AAAAA-TCP_SEND: name:enp0s3: saddr:100932208: daddr:16783984: srtt_us:16737830: RTT:2092228: ssthresh:2147483647: cwnd:25: delivered:66: lost:11: retrans:2
[  239.142661] AAAAA-TCP_SEND: name:enp0s3: saddr:100932208: daddr:16783984: srtt_us:16737830: RTT:2092228: ssthresh:2147483647: cwnd:25: delivered:66: lost:11: retrans:2
[  239.147183] AAAAA-TCP_SEND: name:enp0s3: saddr:100932208: daddr:16783984: srtt_us:16737830: RTT:2092228: ssthresh:2147483647: cwnd:25: delivered:66: lost:11: retrans:2
[  239.148673] AAAAA-TCP_SEND: name:enp0s3: saddr:100932208: daddr:33561200: srtt_us:20443180: RTT:2555397: ssthresh:2147483647: cwnd:20: delivered:53: lost:10: retrans:2
[  239.151737] AAAAA-TCP_SEND: name:enp0s3: saddr:100932208: daddr:16783984: srtt_us:16737830: RTT:2092228: ssthresh:2147483647: cwnd:25: delivered:66: lost:11: retrans:2
[  239.156266] AAAAA-TCP_SEND: name:enp0s3: saddr:100932208: daddr:16783984: srtt_us:16737830: RTT:2092228: ssthresh:2147483647: cwnd:25: delivered:66: lost:11: retrans:2
[  239.159493] AAAAA-TCP_SEND: name:enp0s3: saddr:100932208: daddr:33561200: srtt_us:20443180: RTT:2555397: ssthresh:2147483647: cwnd:20: delivered:53: lost:10: retrans:2
[  239.160781] AAAAA-TCP_SEND: name:enp0s3: saddr:100932208: daddr:16783984: srtt_us:16737830: RTT:2092228: ssthresh:2147483647: cwnd:25: delivered:66: lost:11: retrans:2
[  239.165338] AAAAA-TCP_SEND: name:enp0s3: saddr:100932208: daddr:16783984: srtt_us:16737830: RTT:2092228: ssthresh:2147483647: cwnd:25: delivered:66: lost:11: retrans:2
[  239.169831] AAAAA-TCP_SEND: name:enp0s3: saddr:100932208: daddr:33561200: srtt_us:20443180: RTT:2555397: ssthresh:2147483647: cwnd:20: delivered:53: lost:10: retrans:2
[  239.169923] AAAAA-TCP_SEND: name:enp0s3: saddr:100932208: daddr:16783984: srtt_us:16737830: RTT:2092228: ssthresh:2147483647: cwnd:25: delivered:66: lost:11: retrans:2
[  239.174411] AAAAA-TCP_SEND: name:enp0s3: saddr:100932208: daddr:16783984: srtt_us:16737830: RTT:2092228: ssthresh:2147483647: cwnd:25: delivered:66: lost:11: retrans:2
[  239.178951] AAAAA-TCP_SEND: name:enp0s3: saddr:100932208: daddr:16783984: srtt_us:16737830: RTT:2092228: ssthresh:2147483647: cwnd:25: delivered:66: lost:11: retrans:2
[  239.180407] AAAAA-TCP_SEND: name:enp0s3: saddr:100932208: daddr:33561200: srtt_us:20443180: RTT:2555397: ssthresh:2147483647: cwnd:20: delivered:53: lost:10: retrans:2
[  239.186594] AAAAA-TCP_SEND: name:enp0s3: saddr:100932208: daddr:16783984: srtt_us:16737830: RTT:2092228: ssthresh:2147483647: cwnd:25: delivered:66: lost:11: retrans:2
[  239.188889] AAAAA-TCP_SEND: name:enp0s3: saddr:100932208: daddr:16783984: srtt_us:16737830: RTT:2092228: ssthresh:2147483647: cwnd:25: delivered:66: lost:11: retrans:2
[  239.190987] AAAAA-TCP_SEND: name:enp0s3: saddr:100932208: daddr:33561200: srtt_us:20443180: RTT:2555397: ssthresh:2147483647: cwnd:20: delivered:53: lost:10: retrans:2
[  239.201565] AAAAA-TCP_SEND: name:enp0s3: saddr:100932208: daddr:33561200: srtt_us:20443180: RTT:2555397: ssthresh:2147483647: cwnd:20: delivered:53: lost:10: retrans:2
[  239.212142] AAAAA-TCP_SEND: name:enp0s3: saddr:100932208: daddr:33561200: srtt_us:20443180: RTT:2555397: ssthresh:2147483647: cwnd:20: delivered:53: lost:10: retrans:2
[  239.222721] AAAAA-TCP_SEND: name:enp0s3: saddr:100932208: daddr:33561200: srtt_us:20443180: RTT:2555397: ssthresh:2147483647: cwnd:20: delivered:53: lost:10: retrans:2
[  239.233294] AAAAA-TCP_SEND: name:enp0s3: saddr:100932208: daddr:33561200: srtt_us:20443180: RTT:2555397: ssthresh:2147483647: cwnd:20: delivered:53: lost:10: retrans:2
[  239.243876] AAAAA-TCP_SEND: name:enp0s3: saddr:100932208: daddr:33561200: srtt_us:20443180: RTT:2555397: ssthresh:2147483647: cwnd:20: delivered:53: lost:10: retrans:2
[  239.254460] AAAAA-TCP_SEND: name:enp0s3: saddr:100932208: daddr:33561200: srtt_us:20443180: RTT:2555397: ssthresh:2147483647: cwnd:20: delivered:53: lost:10: retrans:2
[  239.265028] AAAAA-TCP_SEND: name:enp0s3: saddr:100932208: daddr:33561200: srtt_us:20443180: RTT:2555397: ssthresh:2147483647: cwnd:20: delivered:53: lost:10: retrans:2
[  239.275606] AAAAA-TCP_SEND: name:enp0s3: saddr:100932208: daddr:33561200: srtt_us:20443180: RTT:2555397: ssthresh:2147483647: cwnd:20: delivered:53: lost:10: retrans:2
[  241.114415] AAAAA-TCP_RECV: name:enp0s3: saddr:16783984: daddr:100932208: srtt_us:16737830: RTT:2092228: ssthresh:2147483647: cwnd:25: delivered:66: lost:11: retrans:2
[  241.419452] AAAAA-TCP_RECV: name:enp0s3: saddr:33561200: daddr:100932208: srtt_us:20443180: RTT:2555397: ssthresh:2147483647: cwnd:20: delivered:53: lost:10: retrans:2
[  241.575193] AAAAA-TCP_SEND: name:enp0s3: saddr:100932208: daddr:33561200: srtt_us:20158588: RTT:2519823: ssthresh:2147483647: cwnd:21: delivered:54: lost:17: retrans:3
[  241.580495] AAAAA-TCP_SEND: name:enp0s3: saddr:100932208: daddr:33561200: srtt_us:20158588: RTT:2519823: ssthresh:2147483647: cwnd:21: delivered:54: lost:17: retrans:4
[  241.591074] AAAAA-TCP_SEND: name:enp0s3: saddr:100932208: daddr:33561200: srtt_us:20158588: RTT:2519823: ssthresh:2147483647: cwnd:21: delivered:54: lost:17: retrans:5
[  241.601653] AAAAA-TCP_SEND: name:enp0s3: saddr:100932208: daddr:33561200: srtt_us:20158588: RTT:2519823: ssthresh:2147483647: cwnd:21: delivered:54: lost:17: retrans:6
[  241.612227] AAAAA-TCP_SEND: name:enp0s3: saddr:100932208: daddr:33561200: srtt_us:20158588: RTT:2519823: ssthresh:2147483647: cwnd:21: delivered:54: lost:17: retrans:7
[  241.622805] AAAAA-TCP_SEND: name:enp0s3: saddr:100932208: daddr:33561200: srtt_us:20158588: RTT:2519823: ssthresh:2147483647: cwnd:21: delivered:54: lost:17: retrans:8
[  241.633382] AAAAA-TCP_SEND: name:enp0s3: saddr:100932208: daddr:33561200: srtt_us:20158588: RTT:2519823: ssthresh:2147483647: cwnd:21: delivered:54: lost:17: retrans:9
[  241.643960] AAAAA-TCP_SEND: name:enp0s3: saddr:100932208: daddr:33561200: srtt_us:20158588: RTT:2519823: ssthresh:2147483647: cwnd:21: delivered:54: lost:17: retrans:9
[  241.654538] AAAAA-TCP_SEND: name:enp0s3: saddr:100932208: daddr:33561200: srtt_us:20158588: RTT:2519823: ssthresh:2147483647: cwnd:21: delivered:54: lost:17: retrans:9
[  243.260310] AAAAA-TCP_RECV: name:enp0s3: saddr:16783984: daddr:100932208: srtt_us:16608311: RTT:2076038: ssthresh:2147483647: cwnd:4: delivered:67: lost:27: retrans:2
[  243.622481] AAAAA-TCP_RECV: name:enp0s3: saddr:33561200: daddr:100932208: srtt_us:20158588: RTT:2519823: ssthresh:2147483647: cwnd:21: delivered:54: lost:17: retrans:9
[  243.622528] AAAAA-TCP_SEND: name:enp0s3: saddr:100932208: daddr:33561200: srtt_us:22101780: RTT:2762722: ssthresh:2147483647: cwnd:21: delivered:55: lost:17: retrans:9
[  243.753595] AAAAA-TCP_RECV: name:enp0s3: saddr:16783984: daddr:100932208: srtt_us:18636348: RTT:2329543: ssthresh:2147483647: cwnd:4: delivered:68: lost:27: retrans:2
[  244.020273] AAAAA-TCP_RECV: name:enp0s3: saddr:16783984: daddr:100932208: srtt_us:20899641: RTT:2612455: ssthresh:2147483647: cwnd:4: delivered:69: lost:27: retrans:2
[  244.925618] AAAAA-TCP_RECV: name:enp0s3: saddr:33561200: daddr:100932208: srtt_us:22101780: RTT:2762722: ssthresh:2147483647: cwnd:21: delivered:55: lost:17: retrans:9
[  244.925664] AAAAA-TCP_SEND: name:enp0s3: saddr:100932208: daddr:33561200: srtt_us:25094871: RTT:3136858: ssthresh:2147483647: cwnd:21: delivered:56: lost:17: retrans:9
[  245.328433] AAAAA-TCP_RECV: name:enp0s3: saddr:16783984: daddr:100932208: srtt_us:23142178: RTT:2892772: ssthresh:2147483647: cwnd:4: delivered:70: lost:27: retrans:2
[  245.328479] AAAAA-TCP_SEND: name:enp0s3: saddr:100932208: daddr:16783984: srtt_us:26407938: RTT:3300992: ssthresh:2147483647: cwnd:4: delivered:72: lost:27: retrans:3
[  245.417374] AAAAA-TCP_RECV: name:enp0s3: saddr:16783984: daddr:100932208: srtt_us:26407938: RTT:3300992: ssthresh:2147483647: cwnd:4: delivered:72: lost:27: retrans:3
[  245.417417] AAAAA-TCP_SEND: name:enp0s3: saddr:100932208: daddr:16783984: srtt_us:29345394: RTT:3668174: ssthresh:2147483647: cwnd:4: delivered:73: lost:27: retrans:4
[  245.565206] AAAAA-TCP_RECV: name:enp0s3: saddr:33561200: daddr:100932208: srtt_us:25094871: RTT:3136858: ssthresh:2147483647: cwnd:21: delivered:56: lost:17: retrans:9
[  245.565252] AAAAA-TCP_SEND: name:enp0s3: saddr:100932208: daddr:33561200: srtt_us:28342835: RTT:3542854: ssthresh:2147483647: cwnd:21: delivered:59: lost:17: retrans:9
[  245.570566] AAAAA-TCP_SEND: name:enp0s3: saddr:100932208: daddr:33561200: srtt_us:28342835: RTT:3542854: ssthresh:2147483647: cwnd:21: delivered:59: lost:17: retrans:9
[  245.581139] AAAAA-TCP_SEND: name:enp0s3: saddr:100932208: daddr:33561200: srtt_us:28342835: RTT:3542854: ssthresh:2147483647: cwnd:21: delivered:59: lost:17: retrans:9
[  245.855081] AAAAA-TCP_RECV: name:enp0s3: saddr:16783984: daddr:100932208: srtt_us:29345394: RTT:3668174: ssthresh:2147483647: cwnd:4: delivered:73: lost:27: retrans:4
