[    0.000000] Linux version 5.4.243-mptcp (root@ztg) (gcc version 12.2.0 (Debian 12.2.0-14+deb12u1)) #53 SMP Wed Dec 24 23:28:15 CST 2025
[    0.000000] Command line: BOOT_IMAGE=/boot/vmlinuz-5.4.243-mptcp root=UUID=98415a12-53b7-4144-8265-0f7ece09e445 ro quiet splash
[    0.000000] KERNEL supported cpus:
[    0.000000]   Intel GenuineIntel
[    0.000000]   AMD AuthenticAMD
[    0.000000]   Hygon HygonGenuine
[    0.000000]   Centaur CentaurHauls
[    0.000000]   zhaoxin   Shanghai  
[    0.000000] x86/fpu: Supporting XSAVE feature 0x001: 'x87 floating point registers'
[    0.000000] x86/fpu: Supporting XSAVE feature 0x002: 'SSE registers'
[    0.000000] x86/fpu: Supporting XSAVE feature 0x004: 'AVX registers'
[    0.000000] x86/fpu: xstate_offset[2]:  576, xstate_sizes[2]:  256
[    0.000000] x86/fpu: Enabled xstate features 0x7, context size is 832 bytes, using 'standard' format.
[    0.000000] BIOS-provided physical RAM map:
[    0.000000] BIOS-e820: [mem 0x0000000000000000-0x000000000009fbff] usable
[    0.000000] BIOS-e820: [mem 0x000000000009fc00-0x000000000009ffff] reserved
[    0.000000] BIOS-e820: [mem 0x00000000000f0000-0x00000000000fffff] reserved
[    0.000000] BIOS-e820: [mem 0x0000000000100000-0x000000007ffeffff] usable
[    0.000000] BIOS-e820: [mem 0x000000007fff0000-0x000000007fffffff] ACPI data
[    0.000000] BIOS-e820: [mem 0x00000000fec00000-0x00000000fec00fff] reserved
[    0.000000] BIOS-e820: [mem 0x00000000fee00000-0x00000000fee00fff] reserved
[    0.000000] BIOS-e820: [mem 0x00000000fffc0000-0x00000000ffffffff] reserved
[    0.000000] NX (Execute Disable) protection: active
[    0.000000] SMBIOS 2.5 present.
[    0.000000] DMI: innotek GmbH VirtualBox/VirtualBox, BIOS VirtualBox 12/01/2006
[    0.000000] Hypervisor detected: KVM
[    0.000000] kvm-clock: Using msrs 4b564d01 and 4b564d00
[    0.000000] kvm-clock: cpu 0, msr 57001001, primary cpu clock
[    0.000000] kvm-clock: using sched offset of 4461864091 cycles
[    0.000002] clocksource: kvm-clock: mask: 0xffffffffffffffff max_cycles: 0x1cd42e4dffb, max_idle_ns: 881590591483 ns
[    0.000005] tsc: Detected 2100.000 MHz processor
[    0.001876] e820: update [mem 0x00000000-0x00000fff] usable ==> reserved
[    0.001878] e820: remove [mem 0x000a0000-0x000fffff] usable
[    0.001882] last_pfn = 0x7fff0 max_arch_pfn = 0x400000000
[    0.001951] MTRR default type: uncachable
[    0.001952] MTRR fixed ranges enabled:
[    0.001953]   00000-9FFFF write-back
[    0.001954]   A0000-BFFFF uncachable
[    0.001955]   C0000-FFFFF write-protect
[    0.001955] MTRR variable ranges enabled:
[    0.001957]   0 base 000000000000 mask 3FFF80000000 write-back
[    0.001957]   1 disabled
[    0.001958]   2 disabled
[    0.001958]   3 disabled
[    0.001959]   4 disabled
[    0.001959]   5 disabled
[    0.001959]   6 disabled
[    0.001960]   7 disabled
[    0.001960]   8 disabled
[    0.001961]   9 disabled
[    0.001961]   10 disabled
[    0.001962]   11 disabled
[    0.001962]   12 disabled
[    0.001963]   13 disabled
[    0.001963]   14 disabled
[    0.001963]   15 disabled
[    0.001980] x86/PAT: Configuration [0-7]: WB  WC  UC- UC  WB  WP  UC- WT  
[    0.002117] found SMP MP-table at [mem 0x0009fff0-0x0009ffff]
[    0.092342] check: Scanning 1 areas for low memory corruption
[    0.092536] RAMDISK: [mem 0x32271000-0x3512ffff]
[    0.092545] ACPI: Early table checksum verification disabled
[    0.092550] ACPI: RSDP 0x00000000000E0000 000024 (v02 VBOX  )
[    0.092555] ACPI: XSDT 0x000000007FFF0030 00003C (v01 VBOX   VBOXXSDT 00000001 ASL  00000061)
[    0.092561] ACPI: FACP 0x000000007FFF00F0 0000F4 (v04 VBOX   VBOXFACP 00000001 ASL  00000061)
[    0.092568] ACPI: DSDT 0x000000007FFF02E0 002353 (v02 VBOX   VBOXBIOS 00000002 VBOX 00029BF3)
[    0.092572] ACPI: FACS 0x000000007FFF0200 000040
[    0.092575] ACPI: FACS 0x000000007FFF0200 000040
[    0.092579] ACPI: APIC 0x000000007FFF0240 000054 (v02 VBOX   VBOXAPIC 00000001 ASL  00000061)
[    0.092583] ACPI: SSDT 0x000000007FFF02A0 000038 (v01 VBOX   VBOXCPUT 00000002 VBOX 00029BF3)
[    0.092586] ACPI: Reserving FACP table memory at [mem 0x7fff00f0-0x7fff01e3]
[    0.092587] ACPI: Reserving DSDT table memory at [mem 0x7fff02e0-0x7fff2632]
[    0.092587] ACPI: Reserving FACS table memory at [mem 0x7fff0200-0x7fff023f]
[    0.092588] ACPI: Reserving FACS table memory at [mem 0x7fff0200-0x7fff023f]
[    0.092589] ACPI: Reserving APIC table memory at [mem 0x7fff0240-0x7fff0293]
[    0.092589] ACPI: Reserving SSDT table memory at [mem 0x7fff02a0-0x7fff02d7]
[    0.092604] ACPI: Local APIC address 0xfee00000
[    0.092796] No NUMA configuration found
[    0.092797] Faking a node at [mem 0x0000000000000000-0x000000007ffeffff]
[    0.092807] NODE_DATA(0) allocated [mem 0x7ffc5000-0x7ffeffff]
[    0.093126] Zone ranges:
[    0.093127]   DMA      [mem 0x0000000000001000-0x0000000000ffffff]
[    0.093129]   DMA32    [mem 0x0000000001000000-0x000000007ffeffff]
[    0.093129]   Normal   empty
[    0.093130]   Device   empty
[    0.093131] Movable zone start for each node
[    0.093133] Early memory node ranges
[    0.093134]   node   0: [mem 0x0000000000001000-0x000000000009efff]
[    0.093135]   node   0: [mem 0x0000000000100000-0x000000007ffeffff]
[    0.093138] Zeroed struct page in unavailable ranges: 114 pages
[    0.093139] Initmem setup node 0 [mem 0x0000000000001000-0x000000007ffeffff]
[    0.093140] On node 0 totalpages: 524174
[    0.093141]   DMA zone: 64 pages used for memmap
[    0.093142]   DMA zone: 21 pages reserved
[    0.093143]   DMA zone: 3998 pages, LIFO batch:0
[    0.093216]   DMA32 zone: 8128 pages used for memmap
[    0.093216]   DMA32 zone: 520176 pages, LIFO batch:63
[    0.102296] ACPI: PM-Timer IO Port: 0x4008
[    0.102300] ACPI: Local APIC address 0xfee00000
[    0.102372] IOAPIC[0]: apic_id 1, version 32, address 0xfec00000, GSI 0-23
[    0.102376] ACPI: INT_SRC_OVR (bus 0 bus_irq 0 global_irq 2 dfl dfl)
[    0.102377] ACPI: INT_SRC_OVR (bus 0 bus_irq 9 global_irq 9 low level)
[    0.102379] ACPI: IRQ0 used by override.
[    0.102380] ACPI: IRQ9 used by override.
[    0.102383] Using ACPI (MADT) for SMP configuration information
[    0.102391] smpboot: Allowing 1 CPUs, 0 hotplug CPUs
[    0.102414] PM: Registered nosave memory: [mem 0x00000000-0x00000fff]
[    0.102416] PM: Registered nosave memory: [mem 0x0009f000-0x0009ffff]
[    0.102416] PM: Registered nosave memory: [mem 0x000a0000-0x000effff]
[    0.102417] PM: Registered nosave memory: [mem 0x000f0000-0x000fffff]
[    0.102419] [mem 0x80000000-0xfebfffff] available for PCI devices
[    0.102420] Booting paravirtualized kernel on KVM
[    0.102423] clocksource: refined-jiffies: mask: 0xffffffff max_cycles: 0xffffffff, max_idle_ns: 7645519600211568 ns
[    0.102428] setup_percpu: NR_CPUS:8192 nr_cpumask_bits:1 nr_cpu_ids:1 nr_node_ids:1
[    0.103447] percpu: Embedded 60 pages/cpu s208896 r8192 d28672 u2097152
[    0.103452] pcpu-alloc: s208896 r8192 d28672 u2097152 alloc=1*2097152
[    0.103453] pcpu-alloc: [0] 0 
[    0.103481] Built 1 zonelists, mobility grouping on.  Total pages: 515961
[    0.103482] Policy zone: DMA32
[    0.103483] Kernel command line: BOOT_IMAGE=/boot/vmlinuz-5.4.243-mptcp root=UUID=98415a12-53b7-4144-8265-0f7ece09e445 ro quiet splash
[    0.104327] Dentry cache hash table entries: 262144 (order: 9, 2097152 bytes, linear)
[    0.104602] Inode-cache hash table entries: 131072 (order: 8, 1048576 bytes, linear)
[    0.104654] mem auto-init: stack:off, heap alloc:on, heap free:off
[    0.104657] Calgary: detecting Calgary via BIOS EBDA area
[    0.104658] Calgary: Unable to locate Rio Grande table in EBDA - bailing!
[    0.108924] Memory: 1967332K/2096696K available (14339K kernel code, 2398K rwdata, 4712K rodata, 2728K init, 17260K bss, 129364K reserved, 0K cma-reserved)
[    0.109850] SLUB: HWalign=64, Order=0-3, MinObjects=0, CPUs=1, Nodes=1
[    0.109866] ftrace: allocating 43186 entries in 169 pages
[    0.127903] rcu: Hierarchical RCU implementation.
[    0.127904] rcu: 	RCU restricting CPUs from NR_CPUS=8192 to nr_cpu_ids=1.
[    0.127905] 	Tasks RCU enabled.
[    0.127906] rcu: RCU calculated value of scheduler-enlistment delay is 25 jiffies.
[    0.127907] rcu: Adjusting geometry for rcu_fanout_leaf=16, nr_cpu_ids=1
[    0.130854] NR_IRQS: 524544, nr_irqs: 256, preallocated irqs: 16
[    0.131071] random: crng init done
[    0.140370] Console: colour VGA+ 80x25
[    0.140374] printk: console [tty0] enabled
[    0.140392] ACPI: Core revision 20190816
[    0.140495] APIC: Switch to symmetric I/O mode setup
[    0.140746] x2apic enabled
[    0.140984] Switched APIC routing to physical x2apic.
[    0.142119] ..TIMER: vector=0x30 apic1=0 pin1=2 apic2=-1 pin2=-1
[    0.142146] clocksource: tsc-early: mask: 0xffffffffffffffff max_cycles: 0x1e4530a99b6, max_idle_ns: 440795257976 ns
[    0.142152] Calibrating delay loop (skipped) preset value.. 4200.00 BogoMIPS (lpj=8400000)
[    0.142154] pid_max: default: 32768 minimum: 301
[    0.142182] LSM: Security Framework initializing
[    0.142192] Yama: becoming mindful.
[    0.142218] AppArmor: AppArmor initialized
[    0.142252] Mount-cache hash table entries: 4096 (order: 3, 32768 bytes, linear)
[    0.142256] Mountpoint-cache hash table entries: 4096 (order: 3, 32768 bytes, linear)
[    0.142266] *** VALIDATE tmpfs ***
[    0.142395] *** VALIDATE proc ***
[    0.142436] *** VALIDATE cgroup1 ***
[    0.142437] *** VALIDATE cgroup2 ***
[    0.142579] process: using mwait in idle threads
[    0.142584] Last level iTLB entries: 4KB 64, 2MB 8, 4MB 8
[    0.142584] Last level dTLB entries: 4KB 64, 2MB 0, 4MB 0, 1GB 4
[    0.142612] Spectre V1 : Mitigation: usercopy/swapgs barriers and __user pointer sanitization
[    0.142624] Spectre V2 : Mitigation: Retpolines
[    0.142624] Spectre V2 : Spectre v2 / SpectreRSB mitigation: Filling RSB on context switch
[    0.142625] Spectre V2 : Spectre v2 / SpectreRSB : Filling RSB on VMEXIT
[    0.142625] RETBleed: WARNING: Spectre v2 mitigation leaves CPU vulnerable to RETBleed attacks, data leaks possible!
[    0.142982] RETBleed: Vulnerable
[    0.142982] Speculative Store Bypass: Vulnerable
[    0.142987] TAA: Mitigation: TSX disabled
[    0.142987] MMIO Stale Data: Mitigation: Clear CPU buffers
[    0.147236] Freeing SMP alternatives memory: 40K
[    0.259492] smpboot: CPU0: Intel(R) Xeon(R) Silver 4216 CPU @ 2.10GHz (family: 0x6, model: 0x55, stepping: 0x7)
[    0.259612] Performance Events: unsupported p6 CPU model 85 no PMU driver, software events only.
[    0.259652] rcu: Hierarchical SRCU implementation.
[    0.260131] NMI watchdog: Perf NMI watchdog permanently disabled
[    0.260170] smp: Bringing up secondary CPUs ...
[    0.260171] smp: Brought up 1 node, 1 CPU
[    0.260172] smpboot: Max logical packages: 1
[    0.260174] smpboot: Total of 1 processors activated (4200.00 BogoMIPS)
[    0.261151] devtmpfs: initialized
[    0.261198] x86/mm: Memory block size: 128MB
[    0.261561] clocksource: jiffies: mask: 0xffffffff max_cycles: 0xffffffff, max_idle_ns: 7645041785100000 ns
[    0.261568] futex hash table entries: 256 (order: 2, 16384 bytes, linear)
[    0.261611] pinctrl core: initialized pinctrl subsystem
[    0.261714] PM: RTC time: 18:47:56, date: 2026-01-14
[    0.261820] NET: Registered protocol family 16
[    0.261893] audit: initializing netlink subsys (disabled)
[    0.262020] EISA bus registered
[    0.262022] cpuidle: using governor ladder
[    0.262023] cpuidle: using governor menu
[    0.262058] ACPI: bus type PCI registered
[    0.262060] acpiphp: ACPI Hot Plug PCI Controller Driver version: 0.5
[    0.262148] PCI: Using configuration type 1 for base access
[    0.262454] audit: type=2000 audit(1768387683.264:1): state=initialized audit_enabled=0 res=1
[    0.262533] HugeTLB registered 2.00 MiB page size, pre-allocated 0 pages
[    0.263347] ACPI: Added _OSI(Module Device)
[    0.263348] ACPI: Added _OSI(Processor Device)
[    0.263348] ACPI: Added _OSI(3.0 _SCP Extensions)
[    0.263349] ACPI: Added _OSI(Processor Aggregator Device)
[    0.263350] ACPI: Added _OSI(Linux-Dell-Video)
[    0.263351] ACPI: Added _OSI(Linux-Lenovo-NV-HDMI-Audio)
[    0.263352] ACPI: Added _OSI(Linux-HPI-Hybrid-Graphics)
[    0.265309] ACPI: 2 ACPI AML tables successfully acquired and loaded
[    0.266814] ACPI: Interpreter enabled
[    0.266823] ACPI: (supports S0 S5)
[    0.266825] ACPI: Using IOAPIC for interrupt routing
[    0.267030] PCI: Using host bridge windows from ACPI; if necessary, use "pci=nocrs" and report a bug
[    0.267139] ACPI: Enabled 2 GPEs in block 00 to 07
[    0.272329] ACPI: PCI Root Bridge [PCI0] (domain 0000 [bus 00-ff])
[    0.272334] acpi PNP0A03:00: _OSC: OS supports [ASPM ClockPM Segments MSI HPX-Type3]
[    0.272779] acpi PNP0A03:00: _OSC: not requesting OS control; OS requires [ExtendedConfig ASPM ClockPM MSI]
[    0.272788] acpi PNP0A03:00: fail to add MMCONFIG information, can't access extended PCI configuration space under this bridge.
[    0.273155] PCI host bridge to bus 0000:00
[    0.273157] pci_bus 0000:00: root bus resource [io  0x0000-0x0cf7 window]
[    0.273159] pci_bus 0000:00: root bus resource [io  0x0d00-0xffff window]
[    0.273160] pci_bus 0000:00: root bus resource [mem 0x000a0000-0x000bffff window]
[    0.273161] pci_bus 0000:00: root bus resource [mem 0x80000000-0xfdffffff window]
[    0.273162] pci_bus 0000:00: root bus resource [bus 00-ff]
[    0.273206] pci 0000:00:00.0: [8086:1237] type 00 class 0x060000
[    0.274125] pci 0000:00:01.0: [8086:7000] type 00 class 0x060100
[    0.274893] pci 0000:00:01.1: [8086:7111] type 00 class 0x01018a
[    0.275264] pci 0000:00:01.1: reg 0x20: [io  0xd000-0xd00f]
[    0.275416] pci 0000:00:01.1: legacy IDE quirk: reg 0x10: [io  0x01f0-0x01f7]
[    0.275417] pci 0000:00:01.1: legacy IDE quirk: reg 0x14: [io  0x03f6]
[    0.275418] pci 0000:00:01.1: legacy IDE quirk: reg 0x18: [io  0x0170-0x0177]
[    0.275419] pci 0000:00:01.1: legacy IDE quirk: reg 0x1c: [io  0x0376]
[    0.275965] pci 0000:00:02.0: [15ad:0405] type 00 class 0x030000
[    0.278228] pci 0000:00:02.0: reg 0x10: [io  0xd010-0xd01f]
[    0.282196] pci 0000:00:02.0: reg 0x14: [mem 0xe0000000-0xe7ffffff pref]
[    0.285201] pci 0000:00:02.0: reg 0x18: [mem 0xf0000000-0xf01fffff]
[    0.296791] pci 0000:00:03.0: [1022:2000] type 00 class 0x020000
[    0.299096] pci 0000:00:03.0: reg 0x10: [io  0xd020-0xd03f]
[    0.299909] pci 0000:00:03.0: reg 0x14: [mem 0xf0200000-0xf0200fff]
[    0.303590] pci 0000:00:04.0: [80ee:cafe] type 00 class 0x088000
[    0.304290] pci 0000:00:04.0: reg 0x10: [io  0xd040-0xd05f]
[    0.304908] pci 0000:00:04.0: reg 0x14: [mem 0xf0400000-0xf07fffff]
[    0.305530] pci 0000:00:04.0: reg 0x18: [mem 0xf0800000-0xf0803fff pref]
[    0.309274] pci 0000:00:07.0: [8086:7113] type 00 class 0x068000
[    0.309820] pci 0000:00:07.0: quirk: [io  0x4000-0x403f] claimed by PIIX4 ACPI
[    0.309830] pci 0000:00:07.0: quirk: [io  0x4100-0x410f] claimed by PIIX4 SMB
[    0.310330] pci 0000:00:08.0: [8086:100e] type 00 class 0x020000
[    0.311110] pci 0000:00:08.0: reg 0x10: [mem 0xf0820000-0xf083ffff]
[    0.312330] pci 0000:00:08.0: reg 0x18: [io  0xd060-0xd067]
[    0.315194] pci 0000:00:09.0: [8086:100e] type 00 class 0x020000
[    0.315940] pci 0000:00:09.0: reg 0x10: [mem 0xf0840000-0xf085ffff]
[    0.317113] pci 0000:00:09.0: reg 0x18: [io  0xd068-0xd06f]
[    0.327181] ACPI: PCI Interrupt Link [LNKA] (IRQs 5 9 10 *11)
[    0.327468] ACPI: PCI Interrupt Link [LNKB] (IRQs 5 9 *10 11)
[    0.327571] ACPI: PCI Interrupt Link [LNKC] (IRQs 5 *9 10 11)
[    0.327676] ACPI: PCI Interrupt Link [LNKD] (IRQs 5 9 10 *11)
[    0.327953] iommu: Default domain type: Translated 
[    0.328017] pci 0000:00:02.0: vgaarb: setting as boot VGA device
[    0.328019] pci 0000:00:02.0: vgaarb: VGA device added: decodes=io+mem,owns=io+mem,locks=none
[    0.328021] pci 0000:00:02.0: vgaarb: bridge control possible
[    0.328021] vgaarb: loaded
[    0.328233] SCSI subsystem initialized
[    0.328264] libata version 3.00 loaded.
[    0.328288] ACPI: bus type USB registered
[    0.328304] usbcore: registered new interface driver usbfs
[    0.328310] usbcore: registered new interface driver hub
[    0.328315] usbcore: registered new device driver usb
[    0.328343] pps_core: LinuxPPS API ver. 1 registered
[    0.328343] pps_core: Software ver. 5.3.6 - Copyright 2005-2007 Rodolfo Giometti <giometti@linux.it>
[    0.328345] PTP clock support registered
[    0.330179] EDAC MC: Ver: 3.0.0
[    0.330467] PCI: Using ACPI for IRQ routing
[    0.330469] PCI: pci_cache_line_size set to 64 bytes
[    0.330653] e820: reserve RAM buffer [mem 0x0009fc00-0x0009ffff]
[    0.330658] e820: reserve RAM buffer [mem 0x7fff0000-0x7fffffff]
[    0.331593] NetLabel: Initializing
[    0.331595] NetLabel:  domain hash size = 128
[    0.331595] NetLabel:  protocols = UNLABELED CIPSOv4 CALIPSO
[    0.331622] NetLabel:  unlabeled traffic allowed by default
[    0.332610] clocksource: Switched to clocksource kvm-clock
[    0.344717] *** VALIDATE bpf ***
[    0.344783] VFS: Disk quotas dquot_6.6.0
[    0.344796] VFS: Dquot-cache hash table entries: 512 (order 0, 4096 bytes)
[    0.344818] *** VALIDATE ramfs ***
[    0.344821] *** VALIDATE hugetlbfs ***
[    0.344905] AppArmor: AppArmor Filesystem Enabled
[    0.344933] pnp: PnP ACPI init
[    0.345005] pnp 00:00: Plug and Play ACPI device, IDs PNP0303 (active)
[    0.345073] pnp 00:01: Plug and Play ACPI device, IDs PNP0f03 (active)
[    0.345829] pnp: PnP ACPI: found 2 devices
[    0.346794] thermal_sys: Registered thermal governor 'fair_share'
[    0.346795] thermal_sys: Registered thermal governor 'bang_bang'
[    0.346795] thermal_sys: Registered thermal governor 'step_wise'
[    0.346796] thermal_sys: Registered thermal governor 'user_space'
[    0.346797] thermal_sys: Registered thermal governor 'power_allocator'
[    0.351342] clocksource: acpi_pm: mask: 0xffffff max_cycles: 0xffffff, max_idle_ns: 2085701024 ns
[    0.351385] pci_bus 0000:00: resource 4 [io  0x0000-0x0cf7 window]
[    0.351386] pci_bus 0000:00: resource 5 [io  0x0d00-0xffff window]
[    0.351388] pci_bus 0000:00: resource 6 [mem 0x000a0000-0x000bffff window]
[    0.351389] pci_bus 0000:00: resource 7 [mem 0x80000000-0xfdffffff window]
[    0.351450] NET: Registered protocol family 2
[    0.351526] IP idents hash table entries: 32768 (order: 6, 262144 bytes, linear)
[    0.351938] MPTCP tokens hash table entries: 8192 (order: 4, 65536 bytes, linear)
[    0.351958] MPTCP request tokens hash table entries: 8192 (order: 4, 65536 bytes, linear)
[    0.351983] default registered
[    0.351984] default registered
[    0.351985] MPTCP: Stable release v0.96
[    0.351990] tcp_listen_portaddr_hash hash table entries: 1024 (order: 2, 16384 bytes, linear)
[    0.352073] TCP established hash table entries: 16384 (order: 5, 131072 bytes, linear)
[    0.352140] TCP bind hash table entries: 16384 (order: 6, 262144 bytes, linear)
[    0.352165] TCP: Hash tables configured (established 16384 bind 16384)
[    0.352935] UDP hash table entries: 1024 (order: 3, 32768 bytes, linear)
[    0.352949] UDP-Lite hash table entries: 1024 (order: 3, 32768 bytes, linear)
[    0.353000] NET: Registered protocol family 1
[    0.353013] NET: Registered protocol family 44
[    0.353055] pci 0000:00:00.0: Limiting direct PCI/PCI transfers
[    0.353073] pci 0000:00:01.0: Activating ISA DMA hang workarounds
[    0.353144] pci 0000:00:02.0: Video device with shadowed ROM at [mem 0x000c0000-0x000dffff]
[    0.353234] PCI: CLS 0 bytes, default 64
[    0.353306] Trying to unpack rootfs image as initramfs...
[    0.531209] Freeing initrd memory: 47868K
[    0.531209] clocksource: tsc: mask: 0xffffffffffffffff max_cycles: 0x1e4530a99b6, max_idle_ns: 440795257976 ns
[    0.531209] clocksource: Switched to clocksource tsc
[    0.531209] platform rtc_cmos: registered platform RTC device (no PNP device found)
[    0.531209] check: Scanning for low memory corruption every 60 seconds
[    0.531209] Initialise system trusted keyrings
[    0.531209] Key type blacklist registered
[    0.531209] workingset: timestamp_bits=36 max_order=19 bucket_order=0
[    0.531209] zbud: loaded
[    0.531209] squashfs: version 4.0 (2009/01/31) Phillip Lougher
[    0.531209] fuse: init (API version 7.31)
[    0.531209] *** VALIDATE fuse ***
[    0.531209] *** VALIDATE fuse ***
[    0.531209] Platform Keyring initialized
[    0.531209] Key type asymmetric registered
[    0.531209] Asymmetric key parser 'x509' registered
[    0.531209] Block layer SCSI generic (bsg) driver version 0.4 loaded (major 244)
[    0.531209] io scheduler mq-deadline registered
[    0.531209] shpchp: Standard Hot Plug PCI Controller Driver version: 0.4
[    0.540530] ACPI: AC Adapter [AC] (on-line)
[    0.540579] input: Power Button as /devices/LNXSYSTM:00/LNXPWRBN:00/input/input0
[    0.540606] ACPI: Power Button [PWRF]
[    0.540685] input: Sleep Button as /devices/LNXSYSTM:00/LNXSLPBN:00/input/input1
[    0.540701] ACPI: Sleep Button [SLPF]
[    0.540932] Serial: 8250/16550 driver, 32 ports, IRQ sharing enabled
[    0.542084] Linux agpgart interface v0.103
[    0.631132] loop: module loaded
[    0.631282] ata_piix 0000:00:01.1: version 2.13
[    0.631694] scsi host0: ata_piix
[    0.631787] scsi host1: ata_piix
[    0.631813] ata1: PATA max UDMA/33 cmd 0x1f0 ctl 0x3f6 bmdma 0xd000 irq 14
[    0.631814] ata2: PATA max UDMA/33 cmd 0x170 ctl 0x376 bmdma 0xd008 irq 15
[    0.631897] tun: Universal TUN/TAP device driver, 1.6
[    0.632207] PPP generic driver version 2.4.2
[    0.632251] VFIO - User Level meta-driver version: 0.3
[    0.632487] ehci_hcd: USB 2.0 'Enhanced' Host Controller (EHCI) Driver
[    0.632491] ehci-pci: EHCI PCI platform driver
[    0.632506] ehci-platform: EHCI generic platform driver
[    0.632512] ohci_hcd: USB 1.1 'Open' Host Controller (OHCI) Driver
[    0.632513] ohci-pci: OHCI PCI platform driver
[    0.632521] ohci-platform: OHCI generic platform driver
[    0.632525] uhci_hcd: USB Universal Host Controller Interface driver
[    0.632589] i8042: PNP: PS/2 Controller [PNP0303:PS2K,PNP0f03:PS2M] at 0x60,0x64 irq 1,12
[    0.633028] serio: i8042 KBD port at 0x60,0x64 irq 1
[    0.633032] serio: i8042 AUX port at 0x60,0x64 irq 12
[    0.633119] mousedev: PS/2 mouse device common for all mice
[    0.633382] input: AT Translated Set 2 keyboard as /devices/platform/i8042/serio0/input/input2
[    0.633784] rtc_cmos rtc_cmos: registered as rtc0
[    0.633797] rtc_cmos rtc_cmos: alarms up to one day, 114 bytes nvram
[    0.633802] i2c /dev entries driver
[    0.633846] device-mapper: uevent: version 1.0.3
[    0.633890] device-mapper: ioctl: 4.41.0-ioctl (2019-09-16) initialised: dm-devel@redhat.com
[    0.633905] platform eisa.0: Probing EISA bus 0
[    0.633907] platform eisa.0: EISA: Cannot allocate resource for mainboard
[    0.633908] platform eisa.0: Cannot allocate resource for EISA slot 1
[    0.633910] platform eisa.0: Cannot allocate resource for EISA slot 2
[    0.633911] platform eisa.0: Cannot allocate resource for EISA slot 3
[    0.633912] platform eisa.0: Cannot allocate resource for EISA slot 4
[    0.633913] platform eisa.0: Cannot allocate resource for EISA slot 5
[    0.633913] platform eisa.0: Cannot allocate resource for EISA slot 6
[    0.633914] platform eisa.0: Cannot allocate resource for EISA slot 7
[    0.633915] platform eisa.0: Cannot allocate resource for EISA slot 8
[    0.633916] platform eisa.0: EISA: Detected 0 cards
[    0.633919] intel_pstate: CPU model not supported
[    0.633928] ledtrig-cpu: registered to indicate activity on CPUs
[    0.633981] drop_monitor: Initializing network drop monitor service
[    0.634140] NET: Registered protocol family 10
[    0.639165] Segment Routing with IPv6
[    0.639165] fullmesh registered
[    0.639165] ndiffports registered
[    0.639165] binder registered
[    0.639165] roundrobin registered
[    0.639165] redundant registered
[    0.639165] blest registered
[    0.639165] ecf registered
[    0.639165] NET: Registered protocol family 17
[    0.639165] Key type dns_resolver registered
[    0.639165] RAS: Correctable Errors collector initialized.
[    0.639165] IPI shorthand broadcast: enabled
[    0.639165] sched_clock: Marking stable (624078538, 11086797)->(637353860, -2188525)
[    0.639478] registered taskstats version 1
[    0.639487] Loading compiled-in X.509 certificates
[    0.640071] Loaded X.509 cert 'Build time autogenerated kernel key: 6909f3744cebb3d0de528d5887b96a727de79b1e'
[    0.640089] zswap: loaded using pool lzo/zbud
[    0.640140] Key type ._fscrypt registered
[    0.640141] Key type .fscrypt registered
[    0.644547] Key type big_key registered
[    0.646750] Key type encrypted registered
[    0.646753] AppArmor: AppArmor sha1 policy hashing enabled
[    0.646759] ima: No TPM chip found, activating TPM-bypass!
[    0.646763] ima: Allocated hash algorithm: sha1
[    0.646768] ima: No architecture policies found
[    0.646777] evm: Initialising EVM extended attributes:
[    0.646778] evm: security.selinux
[    0.646778] evm: security.SMACK64
[    0.646779] evm: security.SMACK64EXEC
[    0.646779] evm: security.SMACK64TRANSMUTE
[    0.646779] evm: security.SMACK64MMAP
[    0.646780] evm: security.apparmor
[    0.646780] evm: security.ima
[    0.646781] evm: security.capability
[    0.646781] evm: HMAC attrs: 0x1
[    0.647070] PM:   Magic number: 10:167:797
[    0.647188] rtc_cmos rtc_cmos: setting system clock to 2026-01-14T18:47:57 UTC (1768416477)
[    0.804531] ata1.00: ATA-6: VBOX HARDDISK, 1.0, max UDMA/133
[    0.804535] ata1.00: 209715200 sectors, multi 128: LBA 
[    0.805169] scsi 0:0:0:0: Direct-Access     ATA      VBOX HARDDISK    1.0  PQ: 0 ANSI: 5
[    0.805449] sd 0:0:0:0: [sda] 209715200 512-byte logical blocks: (107 GB/100 GiB)
[    0.805461] sd 0:0:0:0: [sda] Write Protect is off
[    0.805464] sd 0:0:0:0: [sda] Mode Sense: 00 3a 00 00
[    0.805483] sd 0:0:0:0: [sda] Write cache: enabled, read cache: enabled, doesn't support DPO or FUA
[    0.805805] sd 0:0:0:0: Attached scsi generic sg0 type 0
[    0.806602]  sda: sda1 sda2
[    0.815313] sd 0:0:0:0: [sda] Attached SCSI disk
[    0.818917] Freeing unused decrypted memory: 2040K
[    0.819945] Freeing unused kernel image memory: 2728K
[    0.819948] Write protecting the kernel read-only data: 22528k
[    0.821030] Freeing unused kernel image memory: 2036K
[    0.821639] Freeing unused kernel image memory: 1432K
[    0.850357] x86/mm: Checked W+X mappings: passed, no W+X pages found.
[    0.850360] Run /init as init process
[    0.955232] ACPI: Video Device [GFX0] (multi-head: yes  rom: no  post: no)
[    0.955304] input: Video Bus as /devices/LNXSYSTM:00/LNXSYBUS:00/PNP0A03:00/LNXVIDEO:00/input/input4
[    0.968573] pcnet32: pcnet32.c:v1.35 21.Apr.2008 tsbogend@alpha.franken.de
[    0.970106] piix4_smbus 0000:00:07.0: SMBus Host Controller at 0x4100, revision 0
[    0.972601] e1000: Intel(R) PRO/1000 Network Driver - version 7.3.21-k8-NAPI
[    0.972602] e1000: Copyright (c) 1999-2006 Intel Corporation.
[    0.984334] pcnet32: PCnet/FAST III 79C973 at 0xd020, 08:00:27:d6:71:3f assigned IRQ 19
[    0.984379] pcnet32: Found PHY 0022:561b at address 0
[    0.984678] pcnet32: eth0: registered as PCnet/FAST III 79C973
[    0.989947] pcnet32: 1 cards_found
[    1.046832] pcnet32 0000:00:03.0 enp0s3: renamed from eth0
[    1.185869] input: ImExPS/2 Generic Explorer Mouse as /devices/platform/i8042/serio1/input/input5
[    1.379426] e1000 0000:00:08.0 eth0: (PCI:33MHz:32-bit) 08:00:27:f2:ad:eb
[    1.379430] e1000 0000:00:08.0 eth0: Intel(R) PRO/1000 Network Connection
[    1.751384] e1000 0000:00:09.0 eth1: (PCI:33MHz:32-bit) 08:00:27:79:35:fb
[    1.751386] e1000 0000:00:09.0 eth1: Intel(R) PRO/1000 Network Connection
[    1.752574] e1000 0000:00:09.0 enp0s9: renamed from eth1
[    1.754343] e1000 0000:00:08.0 enp0s8: renamed from eth0
[    1.921489] EXT4-fs (sda2): mounted filesystem with ordered data mode. Opts: (null)
[    2.009429] systemd[1]: Inserted module 'autofs4'
[    2.018782] systemd[1]: systemd 245.4-4ubuntu3 running in system mode. (+PAM +AUDIT +SELINUX +IMA +APPARMOR +SMACK +SYSVINIT +UTMP +LIBCRYPTSETUP +GCRYPT +GNUTLS +ACL +XZ +LZ4 +SECCOMP +BLKID +ELFUTILS +KMOD +IDN2 -IDN +PCRE2 default-hierarchy=hybrid)
[    2.018812] systemd[1]: Detected virtualization oracle.
[    2.018816] systemd[1]: Detected architecture x86-64.
[    2.020149] systemd[1]: Set hostname to <ztg>.
[    2.142824] systemd[1]: /lib/systemd/system/dbus.socket:5: ListenStream= references a path below legacy directory /var/run/, updating /var/run/dbus/system_bus_socket â†’ /run/dbus/system_bus_socket; please update the unit file accordingly.
[    2.194688] systemd[1]: Created slice system-modprobe.slice.
[    2.194875] systemd[1]: Created slice User and Session Slice.
[    2.194920] systemd[1]: Started Forward Password Requests to Wall Directory Watch.
[    2.195084] systemd[1]: Set up automount Arbitrary Executable File Formats File System Automount Point.
[    2.195117] systemd[1]: Reached target User and Group Name Lookups.
[    2.195184] systemd[1]: Reached target Remote File Systems.
[    2.195194] systemd[1]: Reached target Slices.
[    2.195732] systemd[1]: Listening on Syslog Socket.
[    2.195800] systemd[1]: Listening on fsck to fsckd communication Socket.
[    2.195838] systemd[1]: Listening on initctl Compatibility Named Pipe.
[    2.195977] systemd[1]: Listening on Journal Audit Socket.
[    2.196031] systemd[1]: Listening on Journal Socket (/dev/log).
[    2.196097] systemd[1]: Listening on Journal Socket.
[    2.196160] systemd[1]: Listening on udev Control Socket.
[    2.196200] systemd[1]: Listening on udev Kernel Socket.
[    2.196949] systemd[1]: Mounting Huge Pages File System...
[    2.197880] systemd[1]: Mounting POSIX Message Queue File System...
[    2.198742] systemd[1]: Mounting Kernel Debug File System...
[    2.199653] systemd[1]: Mounting Kernel Trace File System...
[    2.201564] systemd[1]: Starting Journal Service...
[    2.225902] systemd[1]: Starting Set the console keyboard layout...
[    2.233862] systemd[1]: Starting Create list of static device nodes for the current kernel...
[    2.235966] systemd[1]: Starting Load Kernel Module drm...
[    2.240139] systemd[1]: Condition check resulted in Set Up Additional Binary Formats being skipped.
[    2.240403] systemd[1]: Condition check resulted in File System Check on Root Device being skipped.
[    2.250326] systemd[1]: Starting Load Kernel Modules...
[    2.255689] systemd[1]: Starting Remount Root and Kernel File Systems...
[    2.265125] systemd[1]: Starting udev Coldplug all Devices...
[    2.276263] systemd[1]: Starting Uncomplicated firewall...
[    2.277529] systemd[1]: Mounted Huge Pages File System.
[    2.277618] systemd[1]: Mounted POSIX Message Queue File System.
[    2.277696] systemd[1]: Mounted Kernel Debug File System.
[    2.277768] systemd[1]: Mounted Kernel Trace File System.
[    2.284406] EXT4-fs (sda2): re-mounted. Opts: errors=remount-ro
[    2.288658] systemd[1]: Finished Create list of static device nodes for the current kernel.
[    2.289753] systemd[1]: modprobe@drm.service: Succeeded.
[    2.295363] systemd[1]: Finished Load Kernel Module drm.
[    2.295879] systemd[1]: Finished Remount Root and Kernel File Systems.
[    2.297094] systemd[1]: Finished Uncomplicated firewall.
[    2.303462] systemd[1]: Condition check resulted in Rebuild Hardware Database being skipped.
[    2.303495] systemd[1]: Condition check resulted in Platform Persistent Storage Archival being skipped.
[    2.305295] lp: driver loaded but no devices found
[    2.306662] systemd[1]: Starting Load/Save Random Seed...
[    2.327076] systemd[1]: Starting Create System Users...
[    2.336274] systemd[1]: Finished Load/Save Random Seed.
[    2.337516] ppdev: user-space parallel port driver
[    2.354438] systemd[1]: Finished Create System Users.
[    2.356279] systemd[1]: Starting Create Static Device Nodes in /dev...
[    2.406250] systemd[1]: Finished Create Static Device Nodes in /dev.
[    2.407143] systemd[1]: Starting udev Kernel Device Manager...
[    2.434904] [drm] DMA map mode: Caching DMA mappings.
[    2.434984] [drm] Capabilities:
[    2.434984] [drm]   Rect copy.
[    2.434985] [drm]   Cursor.
[    2.434985] [drm]   Cursor bypass.
[    2.434985] [drm]   Cursor bypass 2.
[    2.434986] [drm]   Alpha cursor.
[    2.434986] [drm]   Extended Fifo.
[    2.434986] [drm]   Pitchlock.
[    2.434987] [drm]   Irq mask.
[    2.434987] [drm]   GMR.
[    2.434987] [drm]   Traces.
[    2.434988] [drm]   GMR2.
[    2.434988] [drm]   Screen Object 2.
[    2.434988] [drm]   Command Buffers.
[    2.434989] [drm]   Command Buffers 2.
[    2.434989] [drm]   Guest Backed Resources.
[    2.434991] [drm] Max GMR ids is 8192
[    2.434991] [drm] Max number of GMR pages is 1048576
[    2.434992] [drm] Max dedicated hypervisor surface memory is 393216 kiB
[    2.434992] [drm] Maximum display memory size is 131072 kiB
[    2.434993] [drm] VRAM at 0xe0000000 size is 131072 kiB
[    2.434994] [drm] MMIO at 0xf0000000 size is 2048 kiB
[    2.438078] [TTM] Zone  kernel: Available graphics memory: 1011738 KiB
[    2.438079] [TTM] Initializing pool allocator
[    2.438085] [TTM] Initializing DMA pool allocator
[    2.438118] [drm] Supports vblank timestamp caching Rev 2 (21.10.2013).
[    2.438118] [drm] No driver support for vblank timestamp query.
[    2.439033] [drm] Screen Target Display device initialized
[    2.439287] [drm] width 720
[    2.439298] [drm] height 400
[    2.439301] [drm] bpp 32
[    2.439859] [drm] Fifo max 0x00200000 min 0x00001000 cap 0x00000355
[    2.440973] [drm] Using command buffers with DMA pool.
[    2.440977] [drm] DX: no.
[    2.440978] [drm] Atomic: yes.
[    2.440978] [drm] SM4_1: no.
[    2.440999] [drm:vmw_host_log [vmwgfx]] *ERROR* Failed to send host log message.
[    2.441908] [drm:vmw_host_log [vmwgfx]] *ERROR* Failed to send host log message.
[    2.447334] systemd[1]: Finished udev Coldplug all Devices.
[    2.460054] fbcon: svgadrmfb (fb0) is primary device
[    2.463236] Console: switching to colour frame buffer device 100x37
[    2.472018] [drm] Initialized vmwgfx 2.15.0 20180704 for 0000:00:02.0 on minor 0
[    2.472990] systemd[1]: Finished Load Kernel Modules.
[    2.473907] systemd[1]: Mounting FUSE Control File System...
[    2.475089] systemd[1]: Mounting Kernel Configuration File System...
[    2.494209] systemd[1]: Starting Apply Kernel Variables...
[    2.494867] systemd[1]: Mounted Kernel Configuration File System.
[    2.497238] systemd[1]: Mounted FUSE Control File System.
[    2.500070] systemd[1]: Condition check resulted in VMware vmblock fuse mount being skipped.
[    2.515558] systemd[1]: Finished Apply Kernel Variables.
[    2.529647] systemd[1]: Finished Set the console keyboard layout.
[    2.529729] systemd[1]: Reached target Local File Systems (Pre).
[    2.531707] systemd[1]: Mounting Mount unit for bare, revision 5...
[    2.533800] systemd[1]: Mounting Mount unit for core18, revision 1705...
[    2.546797] systemd[1]: Mounting Mount unit for gnome-3-34-1804, revision 24...
[    2.547987] systemd[1]: Mounting Mount unit for gtk-common-themes, revision 1506...
[    2.570331] systemd[1]: Mounting Mount unit for gtk-common-themes, revision 1535...
[    2.576635] systemd[1]: Mounting Mount unit for snap-store, revision 433...
[    2.583574] systemd[1]: Mounting Mount unit for snapd, revision 25935...
[    2.601257] systemd[1]: Mounted Mount unit for bare, revision 5.
[    2.604747] systemd[1]: Mounted Mount unit for gnome-3-34-1804, revision 24.
[    2.613665] systemd[1]: Mounted Mount unit for gtk-common-themes, revision 1506.
[    2.621737] systemd[1]: Mounted Mount unit for core18, revision 1705.
[    2.621823] systemd[1]: Mounted Mount unit for gtk-common-themes, revision 1535.
[    2.624955] systemd[1]: Started udev Kernel Device Manager.
[    2.625680] systemd[1]: Starting Show Plymouth Boot Screen...
[    2.634001] systemd[1]: Received SIGRTMIN+20 from PID 283 (plymouthd).
[    2.658386] systemd[1]: Mounted Mount unit for snap-store, revision 433.
[    2.658631] systemd[1]: Mounted Mount unit for snapd, revision 25935.
[    2.660417] systemd[1]: Reached target Local File Systems.
[    2.661202] systemd[1]: Starting Load AppArmor profiles...
[    2.662025] systemd[1]: Starting Set console font and keymap...
[    2.675064] systemd[1]: Starting Tell Plymouth To Write Out Runtime Data...
[    2.676709] systemd[1]: Condition check resulted in Store a System Token in an EFI Variable being skipped.
[    2.676763] systemd[1]: Condition check resulted in Commit a transient machine-id on disk being skipped.
[    2.676971] systemd[1]: Started Show Plymouth Boot Screen.
[    2.681376] systemd[1]: Finished Set console font and keymap.
[    2.681583] systemd[1]: Condition check resulted in Dispatch Password Requests to Console Directory Watch being skipped.
[    2.681664] systemd[1]: Started Forward Password Requests to Plymouth Directory Watch.
[    2.681733] systemd[1]: Reached target Local Encrypted Volumes.
[    2.688578] systemd[1]: Received SIGRTMIN+20 from PID 283 (plymouthd).
[    2.689979] systemd[1]: plymouth-read-write.service: Succeeded.
[    2.690230] systemd[1]: Finished Tell Plymouth To Write Out Runtime Data.
[    2.712555] audit: type=1400 audit(1768416479.560:2): apparmor="STATUS" operation="profile_load" profile="unconfined" name="nvidia_modprobe" pid=296 comm="apparmor_parser"
[    2.712557] audit: type=1400 audit(1768416479.560:3): apparmor="STATUS" operation="profile_load" profile="unconfined" name="nvidia_modprobe//kmod" pid=296 comm="apparmor_parser"
[    2.737459] audit: type=1400 audit(1768416479.584:4): apparmor="STATUS" operation="profile_load" profile="unconfined" name="/usr/sbin/tcpdump" pid=297 comm="apparmor_parser"
[    2.798935] audit: type=1400 audit(1768416479.640:5): apparmor="STATUS" operation="profile_load" profile="unconfined" name="/usr/bin/evince" pid=299 comm="apparmor_parser"
[    2.798937] audit: type=1400 audit(1768416479.640:6): apparmor="STATUS" operation="profile_load" profile="unconfined" name="/usr/bin/evince//sanitized_helper" pid=299 comm="apparmor_parser"
[    2.798938] audit: type=1400 audit(1768416479.640:7): apparmor="STATUS" operation="profile_load" profile="unconfined" name="/usr/bin/evince-previewer" pid=299 comm="apparmor_parser"
[    2.798940] audit: type=1400 audit(1768416479.640:8): apparmor="STATUS" operation="profile_load" profile="unconfined" name="/usr/bin/evince-previewer//sanitized_helper" pid=299 comm="apparmor_parser"
[    2.798942] audit: type=1400 audit(1768416479.640:9): apparmor="STATUS" operation="profile_load" profile="unconfined" name="/usr/bin/evince-thumbnailer" pid=299 comm="apparmor_parser"
[    2.811046] audit: type=1400 audit(1768416479.660:10): apparmor="STATUS" operation="profile_load" profile="unconfined" name="/usr/lib/cups/backend/cups-pdf" pid=305 comm="apparmor_parser"
[    2.878628] systemd[1]: Finished Load AppArmor profiles.
[    2.879607] systemd[1]: Starting Load AppArmor profiles managed internally by snapd...
[    3.004084] systemd[1]: Finished Load AppArmor profiles managed internally by snapd.
[    3.200351] systemd[1]: Started Journal Service.
[    3.209690] systemd-journald[229]: Received client request to flush runtime journal.
[    3.213235] systemd-journald[229]: File /var/log/journal/c455b248004a419c87ce85eea238d727/system.journal corrupted or uncleanly shut down, renaming and replacing.
[    4.547935] RAPL PMU: API unit is 2^-32 Joules, 0 fixed counters, 10737418240 ms ovfl timer
[    4.609890] cryptd: max_cpu_qlen set to 1000
[    4.668278] AVX2 version of gcm_enc/dec engaged.
[    4.668279] AES CTR mode by8 optimization enabled
[    6.398377] Adding 1998844k swap on /dev/sda1.  Priority:-2 extents:1 across:1998844k FS
[    7.561722] kauditd_printk_skb: 30 callbacks suppressed
[    7.561724] audit: type=1400 audit(1768416484.408:41): apparmor="DENIED" operation="capable" profile="/usr/sbin/cups-browsed" pid=509 comm="cups-browsed" capability=23  capname="sys_nice"
[    8.834944] pcnet32 0000:00:03.0 enp0s3: link up, 100Mbps, full-duplex
[    8.869347] e1000: enp0s8 NIC Link is Up 1000 Mbps Full Duplex, Flow Control: RX
[    8.869645] IPv6: ADDRCONF(NETDEV_CHANGE): enp0s8: link becomes ready
[    8.891479] e1000: enp0s9 NIC Link is Up 1000 Mbps Full Duplex, Flow Control: RX
[    8.891804] IPv6: ADDRCONF(NETDEV_CHANGE): enp0s9: link becomes ready
[    9.552134] device enp0s3 entered promiscuous mode
[    9.575401] audit: type=1400 audit(1768416486.420:42): apparmor="DENIED" operation="open" profile="/usr/sbin/tcpdump" name="/proc/sys/kernel/random/boot_id" pid=654 comm="tcpdump" requested_mask="r" denied_mask="r" fsuid=0 ouid=0
[    9.575724] audit: type=1400 audit(1768416486.420:43): apparmor="DENIED" operation="open" profile="/usr/sbin/tcpdump" name="/proc/sys/kernel/random/boot_id" pid=654 comm="tcpdump" requested_mask="r" denied_mask="r" fsuid=0 ouid=0
[    9.575776] audit: type=1400 audit(1768416486.420:44): apparmor="DENIED" operation="open" profile="/usr/sbin/tcpdump" name="/proc/sys/kernel/random/boot_id" pid=654 comm="tcpdump" requested_mask="r" denied_mask="r" fsuid=0 ouid=0
[    9.575796] audit: type=1400 audit(1768416486.420:45): apparmor="DENIED" operation="open" profile="/usr/sbin/tcpdump" name="/proc/sys/kernel/random/boot_id" pid=654 comm="tcpdump" requested_mask="r" denied_mask="r" fsuid=0 ouid=0
[    9.591631] audit: type=1400 audit(1768416486.440:46): apparmor="DENIED" operation="open" profile="/usr/sbin/tcpdump" name="/proc/sys/kernel/random/boot_id" pid=655 comm="tcpdump" requested_mask="r" denied_mask="r" fsuid=0 ouid=0
[    9.591793] audit: type=1400 audit(1768416486.440:47): apparmor="DENIED" operation="open" profile="/usr/sbin/tcpdump" name="/proc/sys/kernel/random/boot_id" pid=655 comm="tcpdump" requested_mask="r" denied_mask="r" fsuid=0 ouid=0
[    9.591864] audit: type=1400 audit(1768416486.440:48): apparmor="DENIED" operation="open" profile="/usr/sbin/tcpdump" name="/proc/sys/kernel/random/boot_id" pid=655 comm="tcpdump" requested_mask="r" denied_mask="r" fsuid=0 ouid=0
[    9.591954] audit: type=1400 audit(1768416486.440:49): apparmor="DENIED" operation="open" profile="/usr/sbin/tcpdump" name="/proc/sys/kernel/random/boot_id" pid=655 comm="tcpdump" requested_mask="r" denied_mask="r" fsuid=0 ouid=0
[   15.303890] rfkill: input handler disabled
[  114.889266] rfkill: input handler enabled
[  123.254918] rfkill: input handler disabled
[  220.886283] AAAAA-TCP_SEND: name:enp0s3: saddr:100932208: daddr:16783984: srtt_us:0: RTT:0: ssthresh:5: cwnd:1: delivered:0: lost:1: retrans:0
[  222.421568] AAAAA-TCP_RECV: name:enp0s3: saddr:16783984: daddr:100932208: srtt_us:0: RTT:0: ssthresh:5: cwnd:1: delivered:0: lost:1: retrans:0
[  222.421636] AAAAA-TCP_SEND: name:enp0s3: saddr:100932208: daddr:16783984: srtt_us:20404744: RTT:2550593: ssthresh:2147483647: cwnd:10: delivered:1: lost:1: retrans:0
[  222.421764] AAAAA-TCP_SEND: name:enp0s3: saddr:100932208: daddr:16783984: srtt_us:20404744: RTT:2550593: ssthresh:2147483647: cwnd:10: delivered:1: lost:1: retrans:0
[  222.586747] AAAAA-TCP_RECV: name:enp0s3: saddr:16783984: daddr:100932208: srtt_us:20404744: RTT:2550593: ssthresh:2147483647: cwnd:10: delivered:1: lost:1: retrans:0
[  222.586784] AAAAA-TCP_SEND: name:enp0s3: saddr:100932208: daddr:16783984: srtt_us:20404744: RTT:2550593: ssthresh:2147483647: cwnd:10: delivered:1: lost:1: retrans:0
[  223.411306] AAAAA-TCP_RECV: name:enp0s3: saddr:16783984: daddr:100932208: srtt_us:20404744: RTT:2550593: ssthresh:2147483647: cwnd:10: delivered:1: lost:1: retrans:0
[  223.879239] AAAAA-TCP_RECV: name:enp0s3: saddr:16783984: daddr:100932208: srtt_us:20404744: RTT:2550593: ssthresh:2147483647: cwnd:10: delivered:1: lost:1: retrans:0
[  223.879447] AAAAA-TCP_SEND: name:enp0s3: saddr:100932208: daddr:33561200: srtt_us:0: RTT:0: ssthresh:2147483647: cwnd:10: delivered:0: lost:0: retrans:0
[  224.110676] AAAAA-TCP_RECV: name:enp0s3: saddr:16783984: daddr:100932208: srtt_us:19311683: RTT:2413960: ssthresh:2147483647: cwnd:10: delivered:2: lost:1: retrans:0
[  224.110731] AAAAA-TCP_SEND: name:enp0s3: saddr:100932208: daddr:16783984: srtt_us:19311683: RTT:2413960: ssthresh:2147483647: cwnd:10: delivered:2: lost:1: retrans:0
[  224.111058] AAAAA-TCP_SEND: name:enp0s3: saddr:100932208: daddr:16783984: srtt_us:19311683: RTT:2413960: ssthresh:2147483647: cwnd:10: delivered:2: lost:1: retrans:0
[  224.873050] AAAAA-TCP_RECV: name:enp0s3: saddr:33561200: daddr:100932208: srtt_us:0: RTT:0: ssthresh:2147483647: cwnd:10: delivered:0: lost:0: retrans:0
[  224.873131] AAAAA-TCP_SEND: name:enp0s3: saddr:100932208: daddr:33561200: srtt_us:7949224: RTT:993653: ssthresh:2147483647: cwnd:10: delivered:1: lost:0: retrans:0
[  225.056748] AAAAA-TCP_RECV: name:enp0s3: saddr:16783984: daddr:100932208: srtt_us:19311683: RTT:2413960: ssthresh:2147483647: cwnd:10: delivered:2: lost:1: retrans:0
[  225.056796] AAAAA-TCP_SEND: name:enp0s3: saddr:100932208: daddr:16783984: srtt_us:19311683: RTT:2413960: ssthresh:2147483647: cwnd:10: delivered:2: lost:1: retrans:0
[  225.642244] AAAAA-TCP_RECV: name:enp0s3: saddr:16783984: daddr:100932208: srtt_us:19311683: RTT:2413960: ssthresh:2147483647: cwnd:10: delivered:2: lost:1: retrans:0
[  225.642332] AAAAA-TCP_SEND: name:enp0s3: saddr:100932208: daddr:16783984: srtt_us:19311683: RTT:2413960: ssthresh:2147483647: cwnd:10: delivered:2: lost:1: retrans:0
[  225.872970] AAAAA-TCP_RECV: name:enp0s3: saddr:33561200: daddr:100932208: srtt_us:7949224: RTT:993653: ssthresh:2147483647: cwnd:10: delivered:1: lost:0: retrans:0
[  226.164114] AAAAA-TCP_RECV: name:enp0s3: saddr:16783984: daddr:100932208: srtt_us:18428991: RTT:2303623: ssthresh:2147483647: cwnd:10: delivered:3: lost:1: retrans:0
[  226.185375] AAAAA-TCP_RECV: name:enp0s3: saddr:16783984: daddr:100932208: srtt_us:16647212: RTT:2080901: ssthresh:2147483647: cwnd:10: delivered:4: lost:1: retrans:0
[  226.227463] AAAAA-TCP_SEND: name:enp0s3: saddr:100932208: daddr:16783984: srtt_us:16647212: RTT:2080901: ssthresh:2147483647: cwnd:10: delivered:4: lost:1: retrans:0
[  226.227500] AAAAA-TCP_SEND: name:enp0s3: saddr:100932208: daddr:16783984: srtt_us:0: RTT:0: ssthresh:2147483647: cwnd:10: delivered:0: lost:0: retrans:0
[  226.467821] AAAAA-TCP_RECV: name:enp0s3: saddr:16783984: daddr:100932208: srtt_us:0: RTT:0: ssthresh:2147483647: cwnd:10: delivered:0: lost:0: retrans:0
[  226.467918] AAAAA-TCP_SEND: name:enp0s3: saddr:100932208: daddr:16783984: srtt_us:2257672: RTT:282209: ssthresh:2147483647: cwnd:10: delivered:1: lost:0: retrans:0
[  226.468338] AAAAA-TCP_SEND: name:enp0s3: saddr:100932208: daddr:16783984: srtt_us:2257672: RTT:282209: ssthresh:2147483647: cwnd:10: delivered:1: lost:0: retrans:0
[  226.612333] AAAAA-TCP_RECV: name:enp0s3: saddr:16783984: daddr:100932208: srtt_us:2257672: RTT:282209: ssthresh:2147483647: cwnd:10: delivered:1: lost:0: retrans:0
[  226.677240] AAAAA-TCP_RECV: name:enp0s3: saddr:16783984: daddr:100932208: srtt_us:2257672: RTT:282209: ssthresh:2147483647: cwnd:10: delivered:1: lost:0: retrans:0
[  226.677464] AAAAA-TCP_SEND: name:enp0s3: saddr:100932208: daddr:33561200: srtt_us:0: RTT:0: ssthresh:2147483647: cwnd:10: delivered:0: lost:0: retrans:0
[  226.911293] AAAAA-TCP_RECV: name:enp0s3: saddr:16783984: daddr:100932208: srtt_us:16647212: RTT:2080901: ssthresh:2147483647: cwnd:10: delivered:4: lost:1: retrans:0
[  226.911316] AAAAA-TCP_SEND: name:enp0s3: saddr:100932208: daddr:16783984: srtt_us:16647212: RTT:2080901: ssthresh:2147483647: cwnd:10: delivered:4: lost:1: retrans:0
[  227.040067] AAAAA-TCP_RECV: name:enp0s3: saddr:33561200: daddr:100932208: srtt_us:0: RTT:0: ssthresh:2147483647: cwnd:10: delivered:0: lost:0: retrans:0
[  227.040097] AAAAA-TCP_SEND: name:enp0s3: saddr:100932208: daddr:33561200: srtt_us:2900920: RTT:362615: ssthresh:2147483647: cwnd:10: delivered:1: lost:0: retrans:0
[  227.158950] AAAAA-TCP_RECV: name:enp0s3: saddr:16783984: daddr:100932208: srtt_us:16647212: RTT:2080901: ssthresh:2147483647: cwnd:10: delivered:4: lost:1: retrans:0
[  227.158970] AAAAA-TCP_SEND: name:enp0s3: saddr:100932208: daddr:16783984: srtt_us:16647212: RTT:2080901: ssthresh:2147483647: cwnd:10: delivered:4: lost:1: retrans:0
[  227.159018] AAAAA-TCP_SEND: name:enp0s3: saddr:100932208: daddr:16783984: srtt_us:2184372: RTT:273046: ssthresh:2147483647: cwnd:10: delivered:2: lost:0: retrans:0
[  227.159877] AAAAA-TCP_SEND: name:enp0s3: saddr:100932208: daddr:16783984: srtt_us:2184372: RTT:273046: ssthresh:2147483647: cwnd:10: delivered:2: lost:0: retrans:0
[  227.159917] AAAAA-TCP_SEND: name:enp0s3: saddr:100932208: daddr:16783984: srtt_us:2184372: RTT:273046: ssthresh:2147483647: cwnd:10: delivered:2: lost:0: retrans:0
[  227.160018] AAAAA-TCP_SEND: name:enp0s3: saddr:100932208: daddr:16783984: srtt_us:2184372: RTT:273046: ssthresh:2147483647: cwnd:10: delivered:2: lost:0: retrans:0
[  227.160034] AAAAA-TCP_SEND: name:enp0s3: saddr:100932208: daddr:16783984: srtt_us:2184372: RTT:273046: ssthresh:2147483647: cwnd:10: delivered:2: lost:0: retrans:0
[  227.160123] AAAAA-TCP_SEND: name:enp0s3: saddr:100932208: daddr:16783984: srtt_us:2184372: RTT:273046: ssthresh:2147483647: cwnd:10: delivered:2: lost:0: retrans:0
[  227.160137] AAAAA-TCP_SEND: name:enp0s3: saddr:100932208: daddr:16783984: srtt_us:2184372: RTT:273046: ssthresh:2147483647: cwnd:10: delivered:2: lost:0: retrans:0
[  227.160228] AAAAA-TCP_SEND: name:enp0s3: saddr:100932208: daddr:16783984: srtt_us:2184372: RTT:273046: ssthresh:2147483647: cwnd:10: delivered:2: lost:0: retrans:0
[  227.160243] AAAAA-TCP_SEND: name:enp0s3: saddr:100932208: daddr:16783984: srtt_us:2184372: RTT:273046: ssthresh:2147483647: cwnd:10: delivered:2: lost:0: retrans:0
[  227.160379] AAAAA-TCP_SEND: name:enp0s3: saddr:100932208: daddr:16783984: srtt_us:2184372: RTT:273046: ssthresh:2147483647: cwnd:10: delivered:2: lost:0: retrans:0
[  227.434974] AAAAA-TCP_RECV: name:enp0s3: saddr:33561200: daddr:100932208: srtt_us:2900920: RTT:362615: ssthresh:2147483647: cwnd:10: delivered:1: lost:0: retrans:0
[  227.435045] AAAAA-TCP_SEND: name:enp0s3: saddr:100932208: daddr:33561200: srtt_us:2900920: RTT:362615: ssthresh:2147483647: cwnd:10: delivered:1: lost:0: retrans:0
[  227.436385] AAAAA-TCP_SEND: name:enp0s3: saddr:100932208: daddr:33561200: srtt_us:2900920: RTT:362615: ssthresh:2147483647: cwnd:10: delivered:1: lost:0: retrans:0
[  227.436407] AAAAA-TCP_SEND: name:enp0s3: saddr:100932208: daddr:33561200: srtt_us:2900920: RTT:362615: ssthresh:2147483647: cwnd:10: delivered:1: lost:0: retrans:0
[  227.436417] AAAAA-TCP_SEND: name:enp0s3: saddr:100932208: daddr:33561200: srtt_us:2900920: RTT:362615: ssthresh:2147483647: cwnd:10: delivered:1: lost:0: retrans:0
[  227.436536] AAAAA-TCP_SEND: name:enp0s3: saddr:100932208: daddr:33561200: srtt_us:2900920: RTT:362615: ssthresh:2147483647: cwnd:10: delivered:1: lost:0: retrans:0
[  227.436550] AAAAA-TCP_SEND: name:enp0s3: saddr:100932208: daddr:33561200: srtt_us:2900920: RTT:362615: ssthresh:2147483647: cwnd:10: delivered:1: lost:0: retrans:0
[  227.436644] AAAAA-TCP_SEND: name:enp0s3: saddr:100932208: daddr:33561200: srtt_us:2900920: RTT:362615: ssthresh:2147483647: cwnd:10: delivered:1: lost:0: retrans:0
[  227.681042] AAAAA-TCP_RECV: name:enp0s3: saddr:16783984: daddr:100932208: srtt_us:2184372: RTT:273046: ssthresh:2147483647: cwnd:10: delivered:2: lost:0: retrans:0
[  227.681108] AAAAA-TCP_SEND: name:enp0s3: saddr:100932208: daddr:16783984: srtt_us:2433376: RTT:304172: ssthresh:2147483647: cwnd:11: delivered:3: lost:0: retrans:0
[  227.681140] AAAAA-TCP_SEND: name:enp0s3: saddr:100932208: daddr:16783984: srtt_us:2433376: RTT:304172: ssthresh:2147483647: cwnd:11: delivered:3: lost:0: retrans:0
[  227.743054] AAAAA-TCP_RECV: name:enp0s3: saddr:16783984: daddr:100932208: srtt_us:2433376: RTT:304172: ssthresh:2147483647: cwnd:11: delivered:3: lost:0: retrans:0
[  227.743115] AAAAA-TCP_SEND: name:enp0s3: saddr:100932208: daddr:16783984: srtt_us:2712407: RTT:339050: ssthresh:2147483647: cwnd:12: delivered:4: lost:0: retrans:0
[  227.743145] AAAAA-TCP_SEND: name:enp0s3: saddr:100932208: daddr:16783984: srtt_us:2712407: RTT:339050: ssthresh:2147483647: cwnd:12: delivered:4: lost:0: retrans:0
[  227.843656] AAAAA-TCP_RECV: name:enp0s3: saddr:16783984: daddr:100932208: srtt_us:2712407: RTT:339050: ssthresh:2147483647: cwnd:12: delivered:4: lost:0: retrans:0
[  227.843721] AAAAA-TCP_SEND: name:enp0s3: saddr:100932208: daddr:16783984: srtt_us:3057120: RTT:382140: ssthresh:2147483647: cwnd:13: delivered:5: lost:0: retrans:0
[  227.843759] AAAAA-TCP_SEND: name:enp0s3: saddr:100932208: daddr:16783984: srtt_us:3057120: RTT:382140: ssthresh:2147483647: cwnd:13: delivered:5: lost:0: retrans:0
[  228.072736] AAAAA-TCP_RECV: name:enp0s3: saddr:16783984: daddr:100932208: srtt_us:3057120: RTT:382140: ssthresh:2147483647: cwnd:13: delivered:5: lost:0: retrans:0
[  228.072796] AAAAA-TCP_SEND: name:enp0s3: saddr:100932208: daddr:16783984: srtt_us:3587720: RTT:448465: ssthresh:2147483647: cwnd:14: delivered:6: lost:0: retrans:0
[  228.072827] AAAAA-TCP_SEND: name:enp0s3: saddr:100932208: daddr:16783984: srtt_us:3587720: RTT:448465: ssthresh:2147483647: cwnd:14: delivered:6: lost:0: retrans:0
[  228.166071] AAAAA-TCP_RECV: name:enp0s3: saddr:16783984: daddr:100932208: srtt_us:3587720: RTT:448465: ssthresh:2147483647: cwnd:14: delivered:6: lost:0: retrans:0
[  228.166134] AAAAA-TCP_SEND: name:enp0s3: saddr:100932208: daddr:16783984: srtt_us:4145314: RTT:518164: ssthresh:2147483647: cwnd:15: delivered:7: lost:0: retrans:0
[  228.166165] AAAAA-TCP_SEND: name:enp0s3: saddr:100932208: daddr:16783984: srtt_us:4145314: RTT:518164: ssthresh:2147483647: cwnd:15: delivered:7: lost:0: retrans:0
[  228.175140] AAAAA-TCP_SEND: name:enp0s3: saddr:100932208: daddr:33561200: srtt_us:2900920: RTT:362615: ssthresh:2147483647: cwnd:10: delivered:1: lost:0: retrans:1
[  228.310140] AAAAA-TCP_RECV: name:enp0s3: saddr:16783984: daddr:100932208: srtt_us:4145314: RTT:518164: ssthresh:2147483647: cwnd:15: delivered:7: lost:0: retrans:0
[  228.310195] AAAAA-TCP_SEND: name:enp0s3: saddr:100932208: daddr:16783984: srtt_us:4777185: RTT:597148: ssthresh:2147483647: cwnd:16: delivered:8: lost:0: retrans:0
[  228.310219] AAAAA-TCP_SEND: name:enp0s3: saddr:100932208: daddr:16783984: srtt_us:4777185: RTT:597148: ssthresh:2147483647: cwnd:16: delivered:8: lost:0: retrans:0
[  228.406891] AAAAA-TCP_RECV: name:enp0s3: saddr:16783984: daddr:100932208: srtt_us:4777185: RTT:597148: ssthresh:2147483647: cwnd:16: delivered:8: lost:0: retrans:0
[  228.406945] AAAAA-TCP_SEND: name:enp0s3: saddr:100932208: daddr:16783984: srtt_us:5426809: RTT:678351: ssthresh:2147483647: cwnd:17: delivered:9: lost:0: retrans:0
[  228.406974] AAAAA-TCP_SEND: name:enp0s3: saddr:100932208: daddr:16783984: srtt_us:5426809: RTT:678351: ssthresh:2147483647: cwnd:17: delivered:9: lost:0: retrans:0
[  228.528797] AAAAA-TCP_RECV: name:enp0s3: saddr:16783984: daddr:100932208: srtt_us:5426809: RTT:678351: ssthresh:2147483647: cwnd:17: delivered:9: lost:0: retrans:0
[  228.528892] AAAAA-TCP_SEND: name:enp0s3: saddr:100932208: daddr:16783984: srtt_us:6117065: RTT:764633: ssthresh:2147483647: cwnd:18: delivered:10: lost:0: retrans:0
[  228.528953] AAAAA-TCP_SEND: name:enp0s3: saddr:100932208: daddr:16783984: srtt_us:6117065: RTT:764633: ssthresh:2147483647: cwnd:18: delivered:10: lost:0: retrans:0
[  228.638332] AAAAA-TCP_RECV: name:enp0s3: saddr:16783984: daddr:100932208: srtt_us:6117065: RTT:764633: ssthresh:2147483647: cwnd:18: delivered:10: lost:0: retrans:0
[  228.638391] AAAAA-TCP_SEND: name:enp0s3: saddr:100932208: daddr:16783984: srtt_us:6830541: RTT:853817: ssthresh:2147483647: cwnd:19: delivered:11: lost:0: retrans:0
[  228.638425] AAAAA-TCP_SEND: name:enp0s3: saddr:100932208: daddr:16783984: srtt_us:6830541: RTT:853817: ssthresh:2147483647: cwnd:19: delivered:11: lost:0: retrans:0
[  228.725908] AAAAA-TCP_RECV: name:enp0s3: saddr:16783984: daddr:100932208: srtt_us:6830541: RTT:853817: ssthresh:2147483647: cwnd:19: delivered:11: lost:0: retrans:0
[  228.725965] AAAAA-TCP_SEND: name:enp0s3: saddr:100932208: daddr:16783984: srtt_us:7542273: RTT:942784: ssthresh:2147483647: cwnd:20: delivered:12: lost:0: retrans:0
[  228.725995] AAAAA-TCP_SEND: name:enp0s3: saddr:100932208: daddr:16783984: srtt_us:7542273: RTT:942784: ssthresh:2147483647: cwnd:20: delivered:12: lost:0: retrans:0
[  228.952445] AAAAA-TCP_RECV: name:enp0s3: saddr:33561200: daddr:100932208: srtt_us:2900920: RTT:362615: ssthresh:2147483647: cwnd:10: delivered:1: lost:0: retrans:1
[  228.952487] AAAAA-TCP_SEND: name:enp0s3: saddr:100932208: daddr:33561200: srtt_us:4055724: RTT:506965: ssthresh:2147483647: cwnd:11: delivered:2: lost:0: retrans:1
[  228.952536] AAAAA-TCP_SEND: name:enp0s3: saddr:100932208: daddr:33561200: srtt_us:4055724: RTT:506965: ssthresh:2147483647: cwnd:11: delivered:2: lost:0: retrans:1
[  229.030633] AAAAA-TCP_RECV: name:enp0s3: saddr:33561200: daddr:100932208: srtt_us:4055724: RTT:506965: ssthresh:2147483647: cwnd:11: delivered:2: lost:0: retrans:1
[  229.030680] AAAAA-TCP_SEND: name:enp0s3: saddr:100932208: daddr:33561200: srtt_us:5144380: RTT:643047: ssthresh:2147483647: cwnd:12: delivered:3: lost:0: retrans:1
[  229.030704] AAAAA-TCP_SEND: name:enp0s3: saddr:100932208: daddr:33561200: srtt_us:5144380: RTT:643047: ssthresh:2147483647: cwnd:12: delivered:3: lost:0: retrans:1
[  229.145989] AAAAA-TCP_RECV: name:enp0s3: saddr:33561200: daddr:100932208: srtt_us:5144380: RTT:643047: ssthresh:2147483647: cwnd:12: delivered:3: lost:0: retrans:1
[  229.146037] AAAAA-TCP_SEND: name:enp0s3: saddr:100932208: daddr:33561200: srtt_us:6212309: RTT:776538: ssthresh:2147483647: cwnd:13: delivered:4: lost:0: retrans:1
[  229.146064] AAAAA-TCP_SEND: name:enp0s3: saddr:100932208: daddr:33561200: srtt_us:6212309: RTT:776538: ssthresh:2147483647: cwnd:13: delivered:4: lost:0: retrans:1
[  229.246759] AAAAA-TCP_RECV: name:enp0s3: saddr:33561200: daddr:100932208: srtt_us:6212309: RTT:776538: ssthresh:2147483647: cwnd:13: delivered:4: lost:0: retrans:1
[  229.246808] AAAAA-TCP_SEND: name:enp0s3: saddr:100932208: daddr:33561200: srtt_us:7247519: RTT:905939: ssthresh:2147483647: cwnd:14: delivered:5: lost:0: retrans:1
[  229.246832] AAAAA-TCP_SEND: name:enp0s3: saddr:100932208: daddr:33561200: srtt_us:7247519: RTT:905939: ssthresh:2147483647: cwnd:14: delivered:5: lost:0: retrans:1
[  229.369351] AAAAA-TCP_RECV: name:enp0s3: saddr:33561200: daddr:100932208: srtt_us:7247519: RTT:905939: ssthresh:2147483647: cwnd:14: delivered:5: lost:0: retrans:1
[  229.369405] AAAAA-TCP_SEND: name:enp0s3: saddr:100932208: daddr:33561200: srtt_us:8274573: RTT:1034321: ssthresh:2147483647: cwnd:15: delivered:6: lost:0: retrans:1
[  229.369434] AAAAA-TCP_SEND: name:enp0s3: saddr:100932208: daddr:33561200: srtt_us:8274573: RTT:1034321: ssthresh:2147483647: cwnd:15: delivered:6: lost:0: retrans:1
[  229.562953] AAAAA-TCP_RECV: name:enp0s3: saddr:33561200: daddr:100932208: srtt_us:8274573: RTT:1034321: ssthresh:2147483647: cwnd:15: delivered:6: lost:0: retrans:1
[  229.563033] AAAAA-TCP_SEND: name:enp0s3: saddr:100932208: daddr:33561200: srtt_us:9366854: RTT:1170856: ssthresh:2147483647: cwnd:16: delivered:7: lost:0: retrans:1
[  229.563088] AAAAA-TCP_SEND: name:enp0s3: saddr:100932208: daddr:33561200: srtt_us:9366854: RTT:1170856: ssthresh:2147483647: cwnd:16: delivered:7: lost:0: retrans:1
[  229.704835] AAAAA-TCP_RECV: name:enp0s3: saddr:33561200: daddr:100932208: srtt_us:9366854: RTT:1170856: ssthresh:2147483647: cwnd:16: delivered:7: lost:0: retrans:1
[  229.704899] AAAAA-TCP_SEND: name:enp0s3: saddr:100932208: daddr:33561200: srtt_us:10464477: RTT:1308059: ssthresh:2147483647: cwnd:17: delivered:8: lost:0: retrans:1
[  229.704930] AAAAA-TCP_SEND: name:enp0s3: saddr:100932208: daddr:33561200: srtt_us:10464477: RTT:1308059: ssthresh:2147483647: cwnd:17: delivered:8: lost:0: retrans:1
[  229.774712] AAAAA-TCP_RECV: name:enp0s3: saddr:33561200: daddr:100932208: srtt_us:10464477: RTT:1308059: ssthresh:2147483647: cwnd:17: delivered:8: lost:0: retrans:1
[  229.774757] AAAAA-TCP_SEND: name:enp0s3: saddr:100932208: daddr:33561200: srtt_us:11494600: RTT:1436825: ssthresh:2147483647: cwnd:18: delivered:9: lost:0: retrans:1
[  229.774781] AAAAA-TCP_SEND: name:enp0s3: saddr:100932208: daddr:33561200: srtt_us:11494600: RTT:1436825: ssthresh:2147483647: cwnd:18: delivered:9: lost:0: retrans:1
[  229.982429] AAAAA-TCP_RECV: name:enp0s3: saddr:33561200: daddr:100932208: srtt_us:11494600: RTT:1436825: ssthresh:2147483647: cwnd:18: delivered:9: lost:0: retrans:1
[  229.982493] AAAAA-TCP_SEND: name:enp0s3: saddr:100932208: daddr:33561200: srtt_us:12603694: RTT:1575461: ssthresh:2147483647: cwnd:19: delivered:10: lost:0: retrans:1
[  229.982551] AAAAA-TCP_SEND: name:enp0s3: saddr:100932208: daddr:33561200: srtt_us:12603694: RTT:1575461: ssthresh:2147483647: cwnd:19: delivered:10: lost:0: retrans:1
[  230.067631] AAAAA-TCP_RECV: name:enp0s3: saddr:33561200: daddr:100932208: srtt_us:12603694: RTT:1575461: ssthresh:2147483647: cwnd:19: delivered:10: lost:0: retrans:1
[  230.067687] AAAAA-TCP_SEND: name:enp0s3: saddr:100932208: daddr:33561200: srtt_us:13659233: RTT:1707404: ssthresh:2147483647: cwnd:20: delivered:11: lost:0: retrans:1
[  230.067715] AAAAA-TCP_SEND: name:enp0s3: saddr:100932208: daddr:33561200: srtt_us:13659233: RTT:1707404: ssthresh:2147483647: cwnd:20: delivered:11: lost:0: retrans:1
[  230.305559] AAAAA-TCP_RECV: name:enp0s3: saddr:16783984: daddr:100932208: srtt_us:7542273: RTT:942784: ssthresh:2147483647: cwnd:20: delivered:12: lost:0: retrans:0
[  230.305619] AAAAA-TCP_SEND: name:enp0s3: saddr:100932208: daddr:16783984: srtt_us:9223968: RTT:1152996: ssthresh:2147483647: cwnd:21: delivered:13: lost:0: retrans:0
[  230.305645] AAAAA-TCP_SEND: name:enp0s3: saddr:100932208: daddr:16783984: srtt_us:9223968: RTT:1152996: ssthresh:2147483647: cwnd:21: delivered:13: lost:0: retrans:0
[  230.379269] AAAAA-TCP_RECV: name:enp0s3: saddr:16783984: daddr:100932208: srtt_us:9223968: RTT:1152996: ssthresh:2147483647: cwnd:21: delivered:13: lost:0: retrans:0
[  230.379318] AAAAA-TCP_SEND: name:enp0s3: saddr:100932208: daddr:16783984: srtt_us:10769161: RTT:1346145: ssthresh:2147483647: cwnd:22: delivered:14: lost:0: retrans:0
[  230.379345] AAAAA-TCP_SEND: name:enp0s3: saddr:100932208: daddr:16783984: srtt_us:10769161: RTT:1346145: ssthresh:2147483647: cwnd:22: delivered:14: lost:0: retrans:0
[  230.527223] AAAAA-TCP_RECV: name:enp0s3: saddr:16783984: daddr:100932208: srtt_us:10769161: RTT:1346145: ssthresh:2147483647: cwnd:22: delivered:14: lost:0: retrans:0
[  230.527277] AAAAA-TCP_SEND: name:enp0s3: saddr:100932208: daddr:16783984: srtt_us:12207152: RTT:1525894: ssthresh:2147483647: cwnd:23: delivered:15: lost:0: retrans:0
[  230.527302] AAAAA-TCP_SEND: name:enp0s3: saddr:100932208: daddr:16783984: srtt_us:12207152: RTT:1525894: ssthresh:2147483647: cwnd:23: delivered:15: lost:0: retrans:0
[  230.580173] AAAAA-TCP_RECV: name:enp0s3: saddr:16783984: daddr:100932208: srtt_us:12207152: RTT:1525894: ssthresh:2147483647: cwnd:23: delivered:15: lost:0: retrans:0
[  230.580230] AAAAA-TCP_SEND: name:enp0s3: saddr:100932208: daddr:16783984: srtt_us:13518356: RTT:1689794: ssthresh:2147483647: cwnd:24: delivered:16: lost:0: retrans:0
[  230.580283] AAAAA-TCP_SEND: name:enp0s3: saddr:100932208: daddr:16783984: srtt_us:13518356: RTT:1689794: ssthresh:2147483647: cwnd:24: delivered:16: lost:0: retrans:0
[  230.849660] AAAAA-TCP_RECV: name:enp0s3: saddr:16783984: daddr:100932208: srtt_us:13518356: RTT:1689794: ssthresh:2147483647: cwnd:24: delivered:16: lost:0: retrans:0
[  230.849728] AAAAA-TCP_SEND: name:enp0s3: saddr:100932208: daddr:16783984: srtt_us:14834532: RTT:1854316: ssthresh:2147483647: cwnd:25: delivered:17: lost:0: retrans:0
[  230.849760] AAAAA-TCP_SEND: name:enp0s3: saddr:100932208: daddr:16783984: srtt_us:14834532: RTT:1854316: ssthresh:2147483647: cwnd:25: delivered:17: lost:0: retrans:0
[  230.933989] AAAAA-TCP_RECV: name:enp0s3: saddr:16783984: daddr:100932208: srtt_us:14834532: RTT:1854316: ssthresh:2147483647: cwnd:25: delivered:17: lost:0: retrans:0
[  230.934030] AAAAA-TCP_SEND: name:enp0s3: saddr:100932208: daddr:16783984: srtt_us:16070496: RTT:2008812: ssthresh:2147483647: cwnd:26: delivered:18: lost:0: retrans:0
[  230.934048] AAAAA-TCP_SEND: name:enp0s3: saddr:100932208: daddr:16783984: srtt_us:16070496: RTT:2008812: ssthresh:2147483647: cwnd:26: delivered:18: lost:0: retrans:0
[  231.113529] AAAAA-TCP_RECV: name:enp0s3: saddr:16783984: daddr:100932208: srtt_us:16070496: RTT:2008812: ssthresh:2147483647: cwnd:26: delivered:18: lost:0: retrans:0
[  231.113588] AAAAA-TCP_SEND: name:enp0s3: saddr:100932208: daddr:16783984: srtt_us:17102447: RTT:2137805: ssthresh:2147483647: cwnd:27: delivered:19: lost:0: retrans:0
[  231.217973] AAAAA-TCP_RECV: name:enp0s3: saddr:16783984: daddr:100932208: srtt_us:17102447: RTT:2137805: ssthresh:2147483647: cwnd:27: delivered:19: lost:0: retrans:0
[  231.272574] AAAAA-TCP_RECV: name:enp0s3: saddr:16783984: daddr:100932208: srtt_us:18109851: RTT:2263731: ssthresh:2147483647: cwnd:28: delivered:20: lost:0: retrans:0
[  231.473932] AAAAA-TCP_RECV: name:enp0s3: saddr:16783984: daddr:100932208: srtt_us:18952587: RTT:2369073: ssthresh:2147483647: cwnd:29: delivered:21: lost:0: retrans:0
[  231.773392] AAAAA-TCP_RECV: name:enp0s3: saddr:33561200: daddr:100932208: srtt_us:13659233: RTT:1707404: ssthresh:2147483647: cwnd:20: delivered:11: lost:0: retrans:1
[  231.832096] AAAAA-TCP_RECV: name:enp0s3: saddr:16783984: daddr:100932208: srtt_us:19891343: RTT:2486417: ssthresh:2147483647: cwnd:30: delivered:22: lost:0: retrans:0
[  231.882426] AAAAA-TCP_RECV: name:enp0s3: saddr:16783984: daddr:100932208: srtt_us:20926854: RTT:2615856: ssthresh:2147483647: cwnd:31: delivered:23: lost:0: retrans:0
[  231.960409] AAAAA-TCP_RECV: name:enp0s3: saddr:16783984: daddr:100932208: srtt_us:21883253: RTT:2735406: ssthresh:2147483647: cwnd:32: delivered:24: lost:0: retrans:0
[  232.096840] AAAAA-TCP_RECV: name:enp0s3: saddr:16783984: daddr:100932208: srtt_us:22701337: RTT:2837667: ssthresh:2147483647: cwnd:33: delivered:25: lost:0: retrans:0
[  232.202554] AAAAA-TCP_RECV: name:enp0s3: saddr:16783984: daddr:100932208: srtt_us:23553591: RTT:2944198: ssthresh:2147483647: cwnd:34: delivered:26: lost:0: retrans:0
[  232.242756] AAAAA-TCP_RECV: name:enp0s3: saddr:16783984: daddr:100932208: srtt_us:24283091: RTT:3035386: ssthresh:2147483647: cwnd:35: delivered:27: lost:0: retrans:0
[  232.310898] AAAAA-TCP_RECV: name:enp0s3: saddr:16783984: daddr:100932208: srtt_us:24961601: RTT:3120200: ssthresh:2147483647: cwnd:36: delivered:28: lost:0: retrans:0
[  232.419376] AAAAA-TCP_RECV: name:enp0s3: saddr:16783984: daddr:100932208: srtt_us:25513932: RTT:3189241: ssthresh:2147483647: cwnd:37: delivered:29: lost:0: retrans:0
[  232.497917] AAAAA-TCP_RECV: name:enp0s3: saddr:33561200: daddr:100932208: srtt_us:13659233: RTT:1707404: ssthresh:2147483647: cwnd:20: delivered:12: lost:0: retrans:1
[  232.575517] AAAAA-TCP_RECV: name:enp0s3: saddr:16783984: daddr:100932208: srtt_us:26105703: RTT:3263212: ssthresh:2147483647: cwnd:39: delivered:31: lost:0: retrans:0
[  232.685831] AAAAA-TCP_RECV: name:enp0s3: saddr:33561200: daddr:100932208: srtt_us:15497287: RTT:1937160: ssthresh:2147483647: cwnd:21: delivered:13: lost:0: retrans:1
[  232.733828] AAAAA-TCP_RECV: name:enp0s3: saddr:33561200: daddr:100932208: srtt_us:17293485: RTT:2161685: ssthresh:2147483647: cwnd:22: delivered:14: lost:0: retrans:1
[  232.856502] AAAAA-TCP_RECV: name:enp0s3: saddr:33561200: daddr:100932208: srtt_us:18834958: RTT:2354369: ssthresh:2147483647: cwnd:23: delivered:15: lost:0: retrans:1
[  232.993201] AAAAA-TCP_RECV: name:enp0s3: saddr:33561200: daddr:100932208: srtt_us:20306435: RTT:2538304: ssthresh:2147483647: cwnd:24: delivered:16: lost:0: retrans:1
[  233.078501] AAAAA-TCP_RECV: name:enp0s3: saddr:33561200: daddr:100932208: srtt_us:21615326: RTT:2701915: ssthresh:2147483647: cwnd:25: delivered:17: lost:0: retrans:1
[  233.134014] AAAAA-TCP_RECV: name:enp0s3: saddr:33561200: daddr:100932208: srtt_us:22845926: RTT:2855740: ssthresh:2147483647: cwnd:26: delivered:18: lost:0: retrans:1
[  233.218330] AAAAA-TCP_RECV: name:enp0s3: saddr:33561200: daddr:100932208: srtt_us:23877417: RTT:2984677: ssthresh:2147483647: cwnd:27: delivered:19: lost:0: retrans:1
[  233.334326] AAAAA-TCP_RECV: name:enp0s3: saddr:33561200: daddr:100932208: srtt_us:24864288: RTT:3108036: ssthresh:2147483647: cwnd:28: delivered:20: lost:0: retrans:1
[  233.451531] AAAAA-TCP_RECV: name:enp0s3: saddr:33561200: daddr:100932208: srtt_us:25721185: RTT:3215148: ssthresh:2147483647: cwnd:29: delivered:21: lost:0: retrans:1
[  233.640664] AAAAA-TCP_RECV: name:enp0s3: saddr:33561200: daddr:100932208: srtt_us:26588176: RTT:3323522: ssthresh:2147483647: cwnd:30: delivered:22: lost:0: retrans:1
[  233.717803] AAAAA-TCP_RECV: name:enp0s3: saddr:33561200: daddr:100932208: srtt_us:27342320: RTT:3417790: ssthresh:2147483647: cwnd:30: delivered:23: lost:0: retrans:1
[  233.767180] AAAAA-TCP_SEND: name:enp0s3: saddr:100932208: daddr:33561200: srtt_us:27937478: RTT:3492184: ssthresh:15: cwnd:8: delivered:24: lost:1: retrans:2
[  233.861989] AAAAA-TCP_RECV: name:enp0s3: saddr:33561200: daddr:100932208: srtt_us:27937478: RTT:3492184: ssthresh:15: cwnd:8: delivered:24: lost:1: retrans:2
[  233.935085] AAAAA-TCP_RECV: name:enp0s3: saddr:33561200: daddr:100932208: srtt_us:28602426: RTT:3575303: ssthresh:15: cwnd:8: delivered:25: lost:1: retrans:2
[  233.986386] AAAAA-TCP_RECV: name:enp0s3: saddr:33561200: daddr:100932208: srtt_us:29187465: RTT:3648433: ssthresh:15: cwnd:7: delivered:26: lost:1: retrans:2
[  234.174731] AAAAA-TCP_RECV: name:enp0s3: saddr:33561200: daddr:100932208: srtt_us:29750718: RTT:3718839: ssthresh:15: cwnd:6: delivered:27: lost:1: retrans:2
[  234.249191] AAAAA-TCP_RECV: name:enp0s3: saddr:33561200: daddr:100932208: srtt_us:30224167: RTT:3778020: ssthresh:15: cwnd:5: delivered:28: lost:1: retrans:2
[  234.395626] AAAAA-TCP_RECV: name:enp0s3: saddr:33561200: daddr:100932208: srtt_us:30712889: RTT:3839111: ssthresh:15: cwnd:4: delivered:29: lost:1: retrans:2
[  234.470185] AAAAA-TCP_RECV: name:enp0s3: saddr:33561200: daddr:100932208: srtt_us:31201764: RTT:3900220: ssthresh:15: cwnd:3: delivered:30: lost:1: retrans:2
[  234.545152] AAAAA-TCP_RECV: name:enp0s3: saddr:16783984: daddr:100932208: srtt_us:26692065: RTT:3336508: ssthresh:2147483647: cwnd:40: delivered:32: lost:0: retrans:0
[  234.761824] AAAAA-TCP_RECV: name:enp0s3: saddr:16783984: daddr:100932208: srtt_us:27595118: RTT:3449389: ssthresh:2147483647: cwnd:41: delivered:33: lost:0: retrans:0
[  235.054173] AAAAA-TCP_RECV: name:enp0s3: saddr:16783984: daddr:100932208: srtt_us:28601963: RTT:3575245: ssthresh:2147483647: cwnd:42: delivered:34: lost:0: retrans:0
[  235.118852] AAAAA-TCP_RECV: name:enp0s3: saddr:16783984: daddr:100932208: srtt_us:29701598: RTT:3712699: ssthresh:2147483647: cwnd:43: delivered:35: lost:0: retrans:0
[  235.232828] AAAAA-TCP_RECV: name:enp0s3: saddr:16783984: daddr:100932208: srtt_us:30728460: RTT:3841057: ssthresh:2147483647: cwnd:44: delivered:36: lost:0: retrans:0
[  235.448557] AAAAA-TCP_RECV: name:enp0s3: saddr:16783984: daddr:100932208: srtt_us:31592981: RTT:3949122: ssthresh:2147483647: cwnd:45: delivered:37: lost:0: retrans:0
[  235.490542] AAAAA-TCP_RECV: name:enp0s3: saddr:16783984: daddr:100932208: srtt_us:32565167: RTT:4070645: ssthresh:2147483647: cwnd:46: delivered:38: lost:0: retrans:0
[  235.576774] AAAAA-TCP_RECV: name:enp0s3: saddr:16783984: daddr:100932208: srtt_us:33404854: RTT:4175606: ssthresh:2147483647: cwnd:47: delivered:39: lost:0: retrans:0
[  235.611962] AAAAA-TCP_RECV: name:enp0s3: saddr:16783984: daddr:100932208: srtt_us:34225813: RTT:4278226: ssthresh:2147483647: cwnd:48: delivered:40: lost:0: retrans:0
[  235.649789] AAAAA-TCP_RECV: name:enp0s3: saddr:16783984: daddr:100932208: srtt_us:34709847: RTT:4338730: ssthresh:2147483647: cwnd:49: delivered:41: lost:0: retrans:0
[  235.669339] AAAAA-TCP_RECV: name:enp0s3: saddr:16783984: daddr:100932208: srtt_us:35171203: RTT:4396400: ssthresh:2147483647: cwnd:50: delivered:42: lost:0: retrans:0
[  235.697309] AAAAA-TCP_RECV: name:enp0s3: saddr:16783984: daddr:100932208: srtt_us:35510149: RTT:4438768: ssthresh:2147483647: cwnd:51: delivered:43: lost:0: retrans:0
[  235.764744] AAAAA-TCP_RECV: name:enp0s3: saddr:16783984: daddr:100932208: srtt_us:35834681: RTT:4479335: ssthresh:2147483647: cwnd:52: delivered:44: lost:0: retrans:0
[  244.335142] AAAAA-TCP_SEND: name:enp0s3: saddr:100932208: daddr:33561200: srtt_us:31704068: RTT:3963008: ssthresh:15: cwnd:1: delivered:31: lost:11: retrans:3
[  244.335237] AAAAA-TCP_SEND: name:enp0s3: saddr:100932208: daddr:16783984: srtt_us:36006526: RTT:4500815: ssthresh:2147483647: cwnd:53: delivered:45: lost:0: retrans:0
[  244.335252] AAAAA-TCP_SEND: name:enp0s3: saddr:100932208: daddr:16783984: srtt_us:36006526: RTT:4500815: ssthresh:2147483647: cwnd:53: delivered:45: lost:0: retrans:0
[  244.335327] AAAAA-TCP_SEND: name:enp0s3: saddr:100932208: daddr:16783984: srtt_us:36006526: RTT:4500815: ssthresh:2147483647: cwnd:53: delivered:45: lost:0: retrans:0
[  244.335341] AAAAA-TCP_SEND: name:enp0s3: saddr:100932208: daddr:16783984: srtt_us:36006526: RTT:4500815: ssthresh:2147483647: cwnd:53: delivered:45: lost:0: retrans:0
[  244.335396] AAAAA-TCP_SEND: name:enp0s3: saddr:100932208: daddr:16783984: srtt_us:36006526: RTT:4500815: ssthresh:2147483647: cwnd:53: delivered:45: lost:0: retrans:0
[  244.335409] AAAAA-TCP_SEND: name:enp0s3: saddr:100932208: daddr:16783984: srtt_us:36006526: RTT:4500815: ssthresh:2147483647: cwnd:53: delivered:45: lost:0: retrans:0
[  244.335475] AAAAA-TCP_SEND: name:enp0s3: saddr:100932208: daddr:16783984: srtt_us:36006526: RTT:4500815: ssthresh:2147483647: cwnd:53: delivered:45: lost:0: retrans:0
[  244.335488] AAAAA-TCP_SEND: name:enp0s3: saddr:100932208: daddr:16783984: srtt_us:36006526: RTT:4500815: ssthresh:2147483647: cwnd:53: delivered:45: lost:0: retrans:0
[  244.335568] AAAAA-TCP_SEND: name:enp0s3: saddr:100932208: daddr:16783984: srtt_us:36006526: RTT:4500815: ssthresh:2147483647: cwnd:53: delivered:45: lost:0: retrans:0
[  244.335582] AAAAA-TCP_SEND: name:enp0s3: saddr:100932208: daddr:16783984: srtt_us:36006526: RTT:4500815: ssthresh:2147483647: cwnd:53: delivered:45: lost:0: retrans:0
[  245.028142] AAAAA-TCP_RECV: name:enp0s3: saddr:33561200: daddr:100932208: srtt_us:31704068: RTT:3963008: ssthresh:15: cwnd:1: delivered:31: lost:11: retrans:3
[  245.235097] AAAAA-TCP_RECV: name:enp0s3: saddr:16783984: daddr:100932208: srtt_us:36006526: RTT:4500815: ssthresh:2147483647: cwnd:53: delivered:45: lost:0: retrans:0
[  245.443931] AAAAA-TCP_RECV: name:enp0s3: saddr:16783984: daddr:100932208: srtt_us:32405598: RTT:4050699: ssthresh:2147483647: cwnd:53: delivered:46: lost:0: retrans:0
[  245.803265] AAAAA-TCP_RECV: name:enp0s3: saddr:16783984: daddr:100932208: srtt_us:29463635: RTT:3682954: ssthresh:2147483647: cwnd:53: delivered:47: lost:0: retrans:0
[  245.976255] AAAAA-TCP_RECV: name:enp0s3: saddr:16783984: daddr:100932208: srtt_us:27248645: RTT:3406080: ssthresh:2147483647: cwnd:53: delivered:48: lost:0: retrans:0
[  246.116681] AAAAA-TCP_RECV: name:enp0s3: saddr:16783984: daddr:100932208: srtt_us:25483518: RTT:3185439: ssthresh:2147483647: cwnd:53: delivered:49: lost:0: retrans:0
[  246.195401] AAAAA-TCP_RECV: name:enp0s3: saddr:16783984: daddr:100932208: srtt_us:24079372: RTT:3009921: ssthresh:2147483647: cwnd:53: delivered:50: lost:0: retrans:0
[  246.262001] AAAAA-TCP_RECV: name:enp0s3: saddr:16783984: daddr:100932208: srtt_us:22929481: RTT:2866185: ssthresh:2147483647: cwnd:53: delivered:51: lost:0: retrans:0
[  246.646841] AAAAA-TCP_RECV: name:enp0s3: saddr:16783984: daddr:100932208: srtt_us:21989840: RTT:2748730: ssthresh:2147483647: cwnd:53: delivered:52: lost:0: retrans:0
[  246.771278] AAAAA-TCP_RECV: name:enp0s3: saddr:16783984: daddr:100932208: srtt_us:21552501: RTT:2694062: ssthresh:2147483647: cwnd:53: delivered:53: lost:0: retrans:0
[  246.998270] AAAAA-TCP_RECV: name:enp0s3: saddr:16783984: daddr:100932208: srtt_us:21294172: RTT:2661771: ssthresh:2147483647: cwnd:53: delivered:54: lost:0: retrans:0
[  250.116568] AAAAA-TCP_SEND: name:enp0s3: saddr:100932208: daddr:16783984: srtt_us:21295127: RTT:2661890: ssthresh:2147483647: cwnd:53: delivered:55: lost:0: retrans:0
[  250.116595] AAAAA-TCP_SEND: name:enp0s3: saddr:100932208: daddr:16783984: srtt_us:21295127: RTT:2661890: ssthresh:2147483647: cwnd:53: delivered:55: lost:0: retrans:0
[  250.116707] AAAAA-TCP_SEND: name:enp0s3: saddr:100932208: daddr:16783984: srtt_us:21295127: RTT:2661890: ssthresh:2147483647: cwnd:53: delivered:55: lost:0: retrans:0
[  250.116726] AAAAA-TCP_SEND: name:enp0s3: saddr:100932208: daddr:16783984: srtt_us:21295127: RTT:2661890: ssthresh:2147483647: cwnd:53: delivered:55: lost:0: retrans:0
[  250.116823] AAAAA-TCP_SEND: name:enp0s3: saddr:100932208: daddr:16783984: srtt_us:21295127: RTT:2661890: ssthresh:2147483647: cwnd:53: delivered:55: lost:0: retrans:0
[  250.116844] AAAAA-TCP_SEND: name:enp0s3: saddr:100932208: daddr:16783984: srtt_us:21295127: RTT:2661890: ssthresh:2147483647: cwnd:53: delivered:55: lost:0: retrans:0
[  250.116935] AAAAA-TCP_SEND: name:enp0s3: saddr:100932208: daddr:16783984: srtt_us:21295127: RTT:2661890: ssthresh:2147483647: cwnd:53: delivered:55: lost:0: retrans:0
[  250.116954] AAAAA-TCP_SEND: name:enp0s3: saddr:100932208: daddr:16783984: srtt_us:21295127: RTT:2661890: ssthresh:2147483647: cwnd:53: delivered:55: lost:0: retrans:0
[  250.117048] AAAAA-TCP_SEND: name:enp0s3: saddr:100932208: daddr:16783984: srtt_us:21295127: RTT:2661890: ssthresh:2147483647: cwnd:53: delivered:55: lost:0: retrans:0
[  250.117068] AAAAA-TCP_SEND: name:enp0s3: saddr:100932208: daddr:16783984: srtt_us:21295127: RTT:2661890: ssthresh:2147483647: cwnd:53: delivered:55: lost:0: retrans:0
[  250.117160] AAAAA-TCP_SEND: name:enp0s3: saddr:100932208: daddr:16783984: srtt_us:21295127: RTT:2661890: ssthresh:2147483647: cwnd:53: delivered:55: lost:0: retrans:0
[  250.117180] AAAAA-TCP_SEND: name:enp0s3: saddr:100932208: daddr:16783984: srtt_us:21295127: RTT:2661890: ssthresh:2147483647: cwnd:53: delivered:55: lost:0: retrans:0
[  250.117273] AAAAA-TCP_SEND: name:enp0s3: saddr:100932208: daddr:16783984: srtt_us:21295127: RTT:2661890: ssthresh:2147483647: cwnd:53: delivered:55: lost:0: retrans:0
[  250.117292] AAAAA-TCP_SEND: name:enp0s3: saddr:100932208: daddr:16783984: srtt_us:21295127: RTT:2661890: ssthresh:2147483647: cwnd:53: delivered:55: lost:0: retrans:0
[  250.117384] AAAAA-TCP_SEND: name:enp0s3: saddr:100932208: daddr:16783984: srtt_us:21295127: RTT:2661890: ssthresh:2147483647: cwnd:53: delivered:55: lost:0: retrans:0
[  250.117406] AAAAA-TCP_SEND: name:enp0s3: saddr:100932208: daddr:16783984: srtt_us:21295127: RTT:2661890: ssthresh:2147483647: cwnd:53: delivered:55: lost:0: retrans:0
[  250.117500] AAAAA-TCP_SEND: name:enp0s3: saddr:100932208: daddr:16783984: srtt_us:21295127: RTT:2661890: ssthresh:2147483647: cwnd:53: delivered:55: lost:0: retrans:0
[  250.117533] AAAAA-TCP_SEND: name:enp0s3: saddr:100932208: daddr:16783984: srtt_us:21295127: RTT:2661890: ssthresh:2147483647: cwnd:53: delivered:55: lost:0: retrans:0
[  250.117654] AAAAA-TCP_SEND: name:enp0s3: saddr:100932208: daddr:16783984: srtt_us:21295127: RTT:2661890: ssthresh:2147483647: cwnd:53: delivered:55: lost:0: retrans:0
[  250.117672] AAAAA-TCP_SEND: name:enp0s3: saddr:100932208: daddr:16783984: srtt_us:21295127: RTT:2661890: ssthresh:2147483647: cwnd:53: delivered:55: lost:0: retrans:0
[  250.117767] AAAAA-TCP_SEND: name:enp0s3: saddr:100932208: daddr:16783984: srtt_us:21295127: RTT:2661890: ssthresh:2147483647: cwnd:53: delivered:55: lost:0: retrans:0
[  250.117788] AAAAA-TCP_SEND: name:enp0s3: saddr:100932208: daddr:16783984: srtt_us:21295127: RTT:2661890: ssthresh:2147483647: cwnd:53: delivered:55: lost:0: retrans:0
[  250.117867] AAAAA-TCP_SEND: name:enp0s3: saddr:100932208: daddr:16783984: srtt_us:21295127: RTT:2661890: ssthresh:2147483647: cwnd:53: delivered:55: lost:0: retrans:0
[  250.117882] AAAAA-TCP_SEND: name:enp0s3: saddr:100932208: daddr:16783984: srtt_us:21295127: RTT:2661890: ssthresh:2147483647: cwnd:53: delivered:55: lost:0: retrans:0
[  250.117974] AAAAA-TCP_SEND: name:enp0s3: saddr:100932208: daddr:16783984: srtt_us:21295127: RTT:2661890: ssthresh:2147483647: cwnd:53: delivered:55: lost:0: retrans:0
[  250.117989] AAAAA-TCP_SEND: name:enp0s3: saddr:100932208: daddr:16783984: srtt_us:21295127: RTT:2661890: ssthresh:2147483647: cwnd:53: delivered:55: lost:0: retrans:0
[  250.118083] AAAAA-TCP_SEND: name:enp0s3: saddr:100932208: daddr:16783984: srtt_us:21295127: RTT:2661890: ssthresh:2147483647: cwnd:53: delivered:55: lost:0: retrans:0
[  250.118102] AAAAA-TCP_SEND: name:enp0s3: saddr:100932208: daddr:16783984: srtt_us:21295127: RTT:2661890: ssthresh:2147483647: cwnd:53: delivered:55: lost:0: retrans:0
[  250.118198] AAAAA-TCP_SEND: name:enp0s3: saddr:100932208: daddr:16783984: srtt_us:21295127: RTT:2661890: ssthresh:2147483647: cwnd:53: delivered:55: lost:0: retrans:0
[  250.118216] AAAAA-TCP_SEND: name:enp0s3: saddr:100932208: daddr:16783984: srtt_us:21295127: RTT:2661890: ssthresh:2147483647: cwnd:53: delivered:55: lost:0: retrans:0
[  250.118309] AAAAA-TCP_SEND: name:enp0s3: saddr:100932208: daddr:16783984: srtt_us:21295127: RTT:2661890: ssthresh:2147483647: cwnd:53: delivered:55: lost:0: retrans:0
[  250.118328] AAAAA-TCP_SEND: name:enp0s3: saddr:100932208: daddr:16783984: srtt_us:21295127: RTT:2661890: ssthresh:2147483647: cwnd:53: delivered:55: lost:0: retrans:0
[  250.118422] AAAAA-TCP_SEND: name:enp0s3: saddr:100932208: daddr:16783984: srtt_us:21295127: RTT:2661890: ssthresh:2147483647: cwnd:53: delivered:55: lost:0: retrans:0
[  250.118440] AAAAA-TCP_SEND: name:enp0s3: saddr:100932208: daddr:16783984: srtt_us:21295127: RTT:2661890: ssthresh:2147483647: cwnd:53: delivered:55: lost:0: retrans:0
[  250.118533] AAAAA-TCP_SEND: name:enp0s3: saddr:100932208: daddr:16783984: srtt_us:21295127: RTT:2661890: ssthresh:2147483647: cwnd:53: delivered:55: lost:0: retrans:0
[  250.118553] AAAAA-TCP_SEND: name:enp0s3: saddr:100932208: daddr:16783984: srtt_us:21295127: RTT:2661890: ssthresh:2147483647: cwnd:53: delivered:55: lost:0: retrans:0
[  250.118646] AAAAA-TCP_SEND: name:enp0s3: saddr:100932208: daddr:16783984: srtt_us:21295127: RTT:2661890: ssthresh:2147483647: cwnd:53: delivered:55: lost:0: retrans:0
[  250.118664] AAAAA-TCP_SEND: name:enp0s3: saddr:100932208: daddr:16783984: srtt_us:21295127: RTT:2661890: ssthresh:2147483647: cwnd:53: delivered:55: lost:0: retrans:0
[  250.118757] AAAAA-TCP_SEND: name:enp0s3: saddr:100932208: daddr:16783984: srtt_us:21295127: RTT:2661890: ssthresh:2147483647: cwnd:53: delivered:55: lost:0: retrans:0
[  250.118776] AAAAA-TCP_SEND: name:enp0s3: saddr:100932208: daddr:16783984: srtt_us:21295127: RTT:2661890: ssthresh:2147483647: cwnd:53: delivered:55: lost:0: retrans:0
[  250.118873] AAAAA-TCP_SEND: name:enp0s3: saddr:100932208: daddr:16783984: srtt_us:21295127: RTT:2661890: ssthresh:2147483647: cwnd:53: delivered:55: lost:0: retrans:0
[  250.118891] AAAAA-TCP_SEND: name:enp0s3: saddr:100932208: daddr:16783984: srtt_us:21295127: RTT:2661890: ssthresh:2147483647: cwnd:53: delivered:55: lost:0: retrans:0
[  250.118984] AAAAA-TCP_SEND: name:enp0s3: saddr:100932208: daddr:16783984: srtt_us:21295127: RTT:2661890: ssthresh:2147483647: cwnd:53: delivered:55: lost:0: retrans:0
[  250.119002] AAAAA-TCP_SEND: name:enp0s3: saddr:100932208: daddr:16783984: srtt_us:21295127: RTT:2661890: ssthresh:2147483647: cwnd:53: delivered:55: lost:0: retrans:0
[  250.119095] AAAAA-TCP_SEND: name:enp0s3: saddr:100932208: daddr:16783984: srtt_us:21295127: RTT:2661890: ssthresh:2147483647: cwnd:53: delivered:55: lost:0: retrans:0
[  250.119126] AAAAA-TCP_SEND: name:enp0s3: saddr:100932208: daddr:16783984: srtt_us:21295127: RTT:2661890: ssthresh:2147483647: cwnd:53: delivered:55: lost:0: retrans:0
[  250.123245] AAAAA-TCP_SEND: name:enp0s3: saddr:100932208: daddr:16783984: srtt_us:21295127: RTT:2661890: ssthresh:2147483647: cwnd:53: delivered:55: lost:0: retrans:0
[  250.123277] AAAAA-TCP_SEND: name:enp0s3: saddr:100932208: daddr:16783984: srtt_us:21295127: RTT:2661890: ssthresh:2147483647: cwnd:53: delivered:55: lost:0: retrans:0
[  250.123392] AAAAA-TCP_SEND: name:enp0s3: saddr:100932208: daddr:16783984: srtt_us:21295127: RTT:2661890: ssthresh:2147483647: cwnd:53: delivered:55: lost:0: retrans:0
[  250.123418] AAAAA-TCP_SEND: name:enp0s3: saddr:100932208: daddr:16783984: srtt_us:21295127: RTT:2661890: ssthresh:2147483647: cwnd:53: delivered:55: lost:0: retrans:0
[  250.125702] AAAAA-TCP_SEND: name:enp0s3: saddr:100932208: daddr:16783984: srtt_us:21295127: RTT:2661890: ssthresh:2147483647: cwnd:53: delivered:55: lost:0: retrans:0
[  250.125751] AAAAA-TCP_SEND: name:enp0s3: saddr:100932208: daddr:16783984: srtt_us:21295127: RTT:2661890: ssthresh:2147483647: cwnd:53: delivered:55: lost:0: retrans:0
[  250.125883] AAAAA-TCP_SEND: name:enp0s3: saddr:100932208: daddr:16783984: srtt_us:21295127: RTT:2661890: ssthresh:2147483647: cwnd:53: delivered:55: lost:0: retrans:0
[  250.125907] AAAAA-TCP_SEND: name:enp0s3: saddr:100932208: daddr:33561200: srtt_us:28434060: RTT:3554257: ssthresh:15: cwnd:2: delivered:32: lost:11: retrans:3
[  250.125997] AAAAA-TCP_SEND: name:enp0s3: saddr:100932208: daddr:33561200: srtt_us:28434060: RTT:3554257: ssthresh:15: cwnd:2: delivered:32: lost:11: retrans:3
[  251.051330] AAAAA-TCP_RECV: name:enp0s3: saddr:16783984: daddr:100932208: srtt_us:21295127: RTT:2661890: ssthresh:2147483647: cwnd:53: delivered:55: lost:0: retrans:0
[  251.051402] AAAAA-TCP_SEND: name:enp0s3: saddr:100932208: daddr:16783984: srtt_us:19568039: RTT:2446004: ssthresh:2147483647: cwnd:54: delivered:56: lost:0: retrans:0
[  251.051435] AAAAA-TCP_SEND: name:enp0s3: saddr:100932208: daddr:16783984: srtt_us:19568039: RTT:2446004: ssthresh:2147483647: cwnd:54: delivered:56: lost:0: retrans:0
[  251.531586] AAAAA-TCP_RECV: name:enp0s3: saddr:16783984: daddr:100932208: srtt_us:19568039: RTT:2446004: ssthresh:2147483647: cwnd:54: delivered:56: lost:0: retrans:0
[  251.531633] AAAAA-TCP_SEND: name:enp0s3: saddr:100932208: daddr:16783984: srtt_us:18537032: RTT:2317129: ssthresh:2147483647: cwnd:55: delivered:57: lost:0: retrans:0
[  251.531659] AAAAA-TCP_SEND: name:enp0s3: saddr:100932208: daddr:16783984: srtt_us:18537032: RTT:2317129: ssthresh:2147483647: cwnd:55: delivered:57: lost:0: retrans:0
[  251.550620] AAAAA-TCP_RECV: name:enp0s3: saddr:16783984: daddr:100932208: srtt_us:18537032: RTT:2317129: ssthresh:2147483647: cwnd:55: delivered:57: lost:0: retrans:0
[  251.550661] AAAAA-TCP_SEND: name:enp0s3: saddr:100932208: daddr:16783984: srtt_us:17653833: RTT:2206729: ssthresh:2147483647: cwnd:56: delivered:58: lost:0: retrans:0
[  251.550700] AAAAA-TCP_SEND: name:enp0s3: saddr:100932208: daddr:16783984: srtt_us:17653833: RTT:2206729: ssthresh:2147483647: cwnd:56: delivered:58: lost:0: retrans:0
[  252.018018] AAAAA-TCP_RECV: name:enp0s3: saddr:16783984: daddr:100932208: srtt_us:17653833: RTT:2206729: ssthresh:2147483647: cwnd:56: delivered:58: lost:0: retrans:0
[  252.018159] AAAAA-TCP_SEND: name:enp0s3: saddr:100932208: daddr:16783984: srtt_us:17348463: RTT:2168557: ssthresh:2147483647: cwnd:57: delivered:59: lost:0: retrans:0
[  252.018237] AAAAA-TCP_SEND: name:enp0s3: saddr:100932208: daddr:16783984: srtt_us:17348463: RTT:2168557: ssthresh:2147483647: cwnd:57: delivered:59: lost:0: retrans:0
[  252.262838] AAAAA-TCP_RECV: name:enp0s3: saddr:16783984: daddr:100932208: srtt_us:17348463: RTT:2168557: ssthresh:2147483647: cwnd:57: delivered:59: lost:0: retrans:0
[  252.262904] AAAAA-TCP_SEND: name:enp0s3: saddr:100932208: daddr:16783984: srtt_us:17325946: RTT:2165743: ssthresh:2147483647: cwnd:58: delivered:60: lost:0: retrans:0
[  252.262933] AAAAA-TCP_SEND: name:enp0s3: saddr:100932208: daddr:16783984: srtt_us:17325946: RTT:2165743: ssthresh:2147483647: cwnd:58: delivered:60: lost:0: retrans:0
[  252.857116] AAAAA-TCP_RECV: name:enp0s3: saddr:16783984: daddr:100932208: srtt_us:17325946: RTT:2165743: ssthresh:2147483647: cwnd:58: delivered:60: lost:0: retrans:0
[  252.857177] AAAAA-TCP_SEND: name:enp0s3: saddr:100932208: daddr:16783984: srtt_us:17900500: RTT:2237562: ssthresh:2147483647: cwnd:59: delivered:61: lost:0: retrans:0
[  252.857205] AAAAA-TCP_SEND: name:enp0s3: saddr:100932208: daddr:16783984: srtt_us:17900500: RTT:2237562: ssthresh:2147483647: cwnd:59: delivered:61: lost:0: retrans:0
[  252.980393] AAAAA-TCP_RECV: name:enp0s3: saddr:16783984: daddr:100932208: srtt_us:17900500: RTT:2237562: ssthresh:2147483647: cwnd:59: delivered:61: lost:0: retrans:0
[  252.980501] AAAAA-TCP_SEND: name:enp0s3: saddr:100932208: daddr:16783984: srtt_us:18526446: RTT:2315805: ssthresh:2147483647: cwnd:60: delivered:62: lost:0: retrans:0
[  252.980650] AAAAA-TCP_SEND: name:enp0s3: saddr:100932208: daddr:16783984: srtt_us:18526446: RTT:2315805: ssthresh:2147483647: cwnd:60: delivered:62: lost:0: retrans:0
[  253.134210] AAAAA-TCP_RECV: name:enp0s3: saddr:16783984: daddr:100932208: srtt_us:18526446: RTT:2315805: ssthresh:2147483647: cwnd:60: delivered:62: lost:0: retrans:0
[  253.134259] AAAAA-TCP_SEND: name:enp0s3: saddr:100932208: daddr:16783984: srtt_us:19227903: RTT:2403487: ssthresh:2147483647: cwnd:61: delivered:63: lost:0: retrans:0
[  253.134289] AAAAA-TCP_SEND: name:enp0s3: saddr:100932208: daddr:16783984: srtt_us:19227903: RTT:2403487: ssthresh:2147483647: cwnd:61: delivered:63: lost:0: retrans:0
[  253.251682] AAAAA-TCP_RECV: name:enp0s3: saddr:16783984: daddr:100932208: srtt_us:19227903: RTT:2403487: ssthresh:2147483647: cwnd:61: delivered:63: lost:0: retrans:0
[  253.251747] AAAAA-TCP_SEND: name:enp0s3: saddr:100932208: daddr:16783984: srtt_us:19959072: RTT:2494884: ssthresh:2147483647: cwnd:62: delivered:64: lost:0: retrans:0
[  253.251778] AAAAA-TCP_SEND: name:enp0s3: saddr:100932208: daddr:16783984: srtt_us:19959072: RTT:2494884: ssthresh:2147483647: cwnd:62: delivered:64: lost:0: retrans:0
[  253.345857] AAAAA-TCP_RECV: name:enp0s3: saddr:16783984: daddr:100932208: srtt_us:19959072: RTT:2494884: ssthresh:2147483647: cwnd:62: delivered:64: lost:0: retrans:0
[  253.345907] AAAAA-TCP_SEND: name:enp0s3: saddr:100932208: daddr:16783984: srtt_us:20692995: RTT:2586624: ssthresh:2147483647: cwnd:63: delivered:65: lost:0: retrans:0
[  253.345950] AAAAA-TCP_SEND: name:enp0s3: saddr:100932208: daddr:16783984: srtt_us:20692995: RTT:2586624: ssthresh:2147483647: cwnd:63: delivered:65: lost:0: retrans:0
[  253.429810] AAAAA-TCP_RECV: name:enp0s3: saddr:16783984: daddr:100932208: srtt_us:20692995: RTT:2586624: ssthresh:2147483647: cwnd:63: delivered:65: lost:0: retrans:0
[  253.429851] AAAAA-TCP_SEND: name:enp0s3: saddr:100932208: daddr:16783984: srtt_us:21419039: RTT:2677379: ssthresh:2147483647: cwnd:64: delivered:66: lost:0: retrans:0
[  253.429875] AAAAA-TCP_SEND: name:enp0s3: saddr:100932208: daddr:16783984: srtt_us:21419039: RTT:2677379: ssthresh:2147483647: cwnd:64: delivered:66: lost:0: retrans:0
[  253.632506] AAAAA-TCP_RECV: name:enp0s3: saddr:16783984: daddr:100932208: srtt_us:21419039: RTT:2677379: ssthresh:2147483647: cwnd:64: delivered:66: lost:0: retrans:0
[  253.632595] AAAAA-TCP_SEND: name:enp0s3: saddr:100932208: daddr:16783984: srtt_us:22257035: RTT:2782129: ssthresh:2147483647: cwnd:65: delivered:67: lost:0: retrans:0
[  253.632629] AAAAA-TCP_SEND: name:enp0s3: saddr:100932208: daddr:16783984: srtt_us:22257035: RTT:2782129: ssthresh:2147483647: cwnd:65: delivered:67: lost:0: retrans:0
[  253.763156] AAAAA-TCP_RECV: name:enp0s3: saddr:16783984: daddr:100932208: srtt_us:22257035: RTT:2782129: ssthresh:2147483647: cwnd:65: delivered:67: lost:0: retrans:0
[  253.763224] AAAAA-TCP_SEND: name:enp0s3: saddr:100932208: daddr:16783984: srtt_us:23120811: RTT:2890101: ssthresh:2147483647: cwnd:66: delivered:68: lost:0: retrans:0
[  253.763258] AAAAA-TCP_SEND: name:enp0s3: saddr:100932208: daddr:16783984: srtt_us:23120811: RTT:2890101: ssthresh:2147483647: cwnd:66: delivered:68: lost:0: retrans:0
[  254.020191] AAAAA-TCP_RECV: name:enp0s3: saddr:16783984: daddr:100932208: srtt_us:23120811: RTT:2890101: ssthresh:2147483647: cwnd:66: delivered:68: lost:0: retrans:0
[  254.020255] AAAAA-TCP_SEND: name:enp0s3: saddr:100932208: daddr:16783984: srtt_us:24133632: RTT:3016704: ssthresh:2147483647: cwnd:67: delivered:69: lost:0: retrans:0
[  254.020286] AAAAA-TCP_SEND: name:enp0s3: saddr:100932208: daddr:16783984: srtt_us:24133632: RTT:3016704: ssthresh:2147483647: cwnd:67: delivered:69: lost:0: retrans:0
[  254.187849] AAAAA-TCP_RECV: name:enp0s3: saddr:16783984: daddr:100932208: srtt_us:24133632: RTT:3016704: ssthresh:2147483647: cwnd:67: delivered:69: lost:0: retrans:0
[  254.187912] AAAAA-TCP_SEND: name:enp0s3: saddr:100932208: daddr:16783984: srtt_us:25187415: RTT:3148426: ssthresh:2147483647: cwnd:68: delivered:70: lost:0: retrans:0
[  254.187946] AAAAA-TCP_SEND: name:enp0s3: saddr:100932208: daddr:16783984: srtt_us:25187415: RTT:3148426: ssthresh:2147483647: cwnd:68: delivered:70: lost:0: retrans:0
[  254.434274] AAAAA-TCP_RECV: name:enp0s3: saddr:16783984: daddr:100932208: srtt_us:25187415: RTT:3148426: ssthresh:2147483647: cwnd:68: delivered:70: lost:0: retrans:0
[  254.434330] AAAAA-TCP_SEND: name:enp0s3: saddr:100932208: daddr:16783984: srtt_us:26355877: RTT:3294484: ssthresh:2147483647: cwnd:69: delivered:71: lost:0: retrans:0
[  254.434361] AAAAA-TCP_SEND: name:enp0s3: saddr:100932208: daddr:16783984: srtt_us:26355877: RTT:3294484: ssthresh:2147483647: cwnd:69: delivered:71: lost:0: retrans:0
[  254.697065] AAAAA-TCP_RECV: name:enp0s3: saddr:16783984: daddr:100932208: srtt_us:26355877: RTT:3294484: ssthresh:2147483647: cwnd:69: delivered:71: lost:0: retrans:0
[  254.697131] AAAAA-TCP_SEND: name:enp0s3: saddr:100932208: daddr:16783984: srtt_us:27640982: RTT:3455122: ssthresh:2147483647: cwnd:70: delivered:72: lost:0: retrans:0
[  254.697161] AAAAA-TCP_SEND: name:enp0s3: saddr:100932208: daddr:16783984: srtt_us:27640982: RTT:3455122: ssthresh:2147483647: cwnd:70: delivered:72: lost:0: retrans:0
[  254.871557] AAAAA-TCP_RECV: name:enp0s3: saddr:16783984: daddr:100932208: srtt_us:27640982: RTT:3455122: ssthresh:2147483647: cwnd:70: delivered:72: lost:0: retrans:0
[  254.871615] AAAAA-TCP_SEND: name:enp0s3: saddr:100932208: daddr:16783984: srtt_us:28939907: RTT:3617488: ssthresh:2147483647: cwnd:71: delivered:73: lost:0: retrans:0
[  254.945901] AAAAA-TCP_RECV: name:enp0s3: saddr:16783984: daddr:100932208: srtt_us:28939907: RTT:3617488: ssthresh:2147483647: cwnd:71: delivered:73: lost:0: retrans:0
[  255.080869] AAAAA-TCP_RECV: name:enp0s3: saddr:16783984: daddr:100932208: srtt_us:30150673: RTT:3768834: ssthresh:2147483647: cwnd:73: delivered:75: lost:0: retrans:0
[  255.143146] AAAAA-TCP_SEND: name:enp0s3: saddr:100932208: daddr:16783984: srtt_us:31339491: RTT:3917436: ssthresh:36: cwnd:42: delivered:76: lost:26: retrans:1
[  255.219200] AAAAA-TCP_RECV: name:enp0s3: saddr:16783984: daddr:100932208: srtt_us:31339491: RTT:3917436: ssthresh:36: cwnd:42: delivered:76: lost:26: retrans:1
[  255.219241] AAAAA-TCP_SEND: name:enp0s3: saddr:100932208: daddr:16783984: srtt_us:31589879: RTT:3948734: ssthresh:36: cwnd:36: delivered:77: lost:32: retrans:2
[  255.322415] AAAAA-TCP_RECV: name:enp0s3: saddr:16783984: daddr:100932208: srtt_us:31589879: RTT:3948734: ssthresh:36: cwnd:36: delivered:77: lost:32: retrans:2
[  255.322453] AAAAA-TCP_SEND: name:enp0s3: saddr:100932208: daddr:16783984: srtt_us:31912184: RTT:3989023: ssthresh:36: cwnd:36: delivered:78: lost:32: retrans:3
[  255.531712] AAAAA-TCP_RECV: name:enp0s3: saddr:16783984: daddr:100932208: srtt_us:31912184: RTT:3989023: ssthresh:36: cwnd:36: delivered:78: lost:32: retrans:3
[  255.531760] AAAAA-TCP_SEND: name:enp0s3: saddr:100932208: daddr:16783984: srtt_us:31923270: RTT:3990408: ssthresh:36: cwnd:36: delivered:79: lost:32: retrans:4
[  255.703377] AAAAA-TCP_RECV: name:enp0s3: saddr:16783984: daddr:100932208: srtt_us:31923270: RTT:3990408: ssthresh:36: cwnd:36: delivered:79: lost:32: retrans:4
[  255.703418] AAAAA-TCP_SEND: name:enp0s3: saddr:100932208: daddr:16783984: srtt_us:32104633: RTT:4013079: ssthresh:36: cwnd:36: delivered:80: lost:32: retrans:5
[  255.888691] AAAAA-TCP_RECV: name:enp0s3: saddr:16783984: daddr:100932208: srtt_us:32104633: RTT:4013079: ssthresh:36: cwnd:36: delivered:80: lost:32: retrans:5
[  255.888733] AAAAA-TCP_SEND: name:enp0s3: saddr:100932208: daddr:16783984: srtt_us:32429608: RTT:4053701: ssthresh:36: cwnd:36: delivered:81: lost:32: retrans:6
[  256.030768] AAAAA-TCP_RECV: name:enp0s3: saddr:16783984: daddr:100932208: srtt_us:32429608: RTT:4053701: ssthresh:36: cwnd:36: delivered:81: lost:32: retrans:6
[  256.030820] AAAAA-TCP_SEND: name:enp0s3: saddr:100932208: daddr:16783984: srtt_us:32856046: RTT:4107005: ssthresh:36: cwnd:36: delivered:82: lost:32: retrans:7
[  256.212022] AAAAA-TCP_RECV: name:enp0s3: saddr:16783984: daddr:100932208: srtt_us:32856046: RTT:4107005: ssthresh:36: cwnd:36: delivered:82: lost:32: retrans:7
[  256.212063] AAAAA-TCP_SEND: name:enp0s3: saddr:100932208: daddr:16783984: srtt_us:32942942: RTT:4117867: ssthresh:36: cwnd:36: delivered:83: lost:32: retrans:8
[  256.308883] AAAAA-TCP_RECV: name:enp0s3: saddr:16783984: daddr:100932208: srtt_us:32942942: RTT:4117867: ssthresh:36: cwnd:36: delivered:83: lost:32: retrans:8
[  256.308911] AAAAA-TCP_SEND: name:enp0s3: saddr:100932208: daddr:16783984: srtt_us:33115832: RTT:4139479: ssthresh:36: cwnd:36: delivered:84: lost:32: retrans:9
[  256.499531] AAAAA-TCP_RECV: name:enp0s3: saddr:16783984: daddr:100932208: srtt_us:33115832: RTT:4139479: ssthresh:36: cwnd:36: delivered:84: lost:32: retrans:9
[  256.499560] AAAAA-TCP_SEND: name:enp0s3: saddr:100932208: daddr:16783984: srtt_us:33213005: RTT:4151625: ssthresh:36: cwnd:36: delivered:85: lost:32: retrans:10
[  256.560901] AAAAA-TCP_RECV: name:enp0s3: saddr:16783984: daddr:100932208: srtt_us:33213005: RTT:4151625: ssthresh:36: cwnd:36: delivered:85: lost:32: retrans:10
[  256.560927] AAAAA-TCP_SEND: name:enp0s3: saddr:100932208: daddr:16783984: srtt_us:33359400: RTT:4169925: ssthresh:36: cwnd:36: delivered:86: lost:32: retrans:11
[  256.684783] AAAAA-TCP_RECV: name:enp0s3: saddr:16783984: daddr:100932208: srtt_us:33359400: RTT:4169925: ssthresh:36: cwnd:36: delivered:86: lost:32: retrans:11
[  256.684799] AAAAA-TCP_SEND: name:enp0s3: saddr:100932208: daddr:16783984: srtt_us:33017092: RTT:4127136: ssthresh:36: cwnd:36: delivered:87: lost:32: retrans:12
[  256.743593] AAAAA-TCP_RECV: name:enp0s3: saddr:16783984: daddr:100932208: srtt_us:33017092: RTT:4127136: ssthresh:36: cwnd:36: delivered:87: lost:32: retrans:12
[  256.743605] AAAAA-TCP_SEND: name:enp0s3: saddr:100932208: daddr:16783984: srtt_us:32776382: RTT:4097047: ssthresh:36: cwnd:36: delivered:88: lost:32: retrans:13
[  256.827248] AAAAA-TCP_RECV: name:enp0s3: saddr:16783984: daddr:100932208: srtt_us:32776382: RTT:4097047: ssthresh:36: cwnd:36: delivered:88: lost:32: retrans:13
[  256.827272] AAAAA-TCP_SEND: name:enp0s3: saddr:100932208: daddr:16783984: srtt_us:32526111: RTT:4065763: ssthresh:36: cwnd:36: delivered:89: lost:32: retrans:14
[  256.924217] AAAAA-TCP_RECV: name:enp0s3: saddr:16783984: daddr:100932208: srtt_us:32526111: RTT:4065763: ssthresh:36: cwnd:36: delivered:89: lost:32: retrans:14
