[    0.000000] Linux version 5.4.243-mptcp (root@ztg) (gcc version 12.2.0 (Debian 12.2.0-14+deb12u1)) #53 SMP Wed Dec 24 23:28:15 CST 2025
[    0.000000] Command line: BOOT_IMAGE=/boot/vmlinuz-5.4.243-mptcp root=UUID=98415a12-53b7-4144-8265-0f7ece09e445 ro quiet splash
[    0.000000] KERNEL supported cpus:
[    0.000000]   Intel GenuineIntel
[    0.000000]   AMD AuthenticAMD
[    0.000000]   Hygon HygonGenuine
[    0.000000]   Centaur CentaurHauls
[    0.000000]   zhaoxin   Shanghai  
[    0.000000] x86/fpu: Supporting XSAVE feature 0x001: 'x87 floating point registers'
[    0.000000] x86/fpu: Supporting XSAVE feature 0x002: 'SSE registers'
[    0.000000] x86/fpu: Supporting XSAVE feature 0x004: 'AVX registers'
[    0.000000] x86/fpu: xstate_offset[2]:  576, xstate_sizes[2]:  256
[    0.000000] x86/fpu: Enabled xstate features 0x7, context size is 832 bytes, using 'standard' format.
[    0.000000] BIOS-provided physical RAM map:
[    0.000000] BIOS-e820: [mem 0x0000000000000000-0x000000000009fbff] usable
[    0.000000] BIOS-e820: [mem 0x000000000009fc00-0x000000000009ffff] reserved
[    0.000000] BIOS-e820: [mem 0x00000000000f0000-0x00000000000fffff] reserved
[    0.000000] BIOS-e820: [mem 0x0000000000100000-0x000000007ffeffff] usable
[    0.000000] BIOS-e820: [mem 0x000000007fff0000-0x000000007fffffff] ACPI data
[    0.000000] BIOS-e820: [mem 0x00000000fec00000-0x00000000fec00fff] reserved
[    0.000000] BIOS-e820: [mem 0x00000000fee00000-0x00000000fee00fff] reserved
[    0.000000] BIOS-e820: [mem 0x00000000fffc0000-0x00000000ffffffff] reserved
[    0.000000] NX (Execute Disable) protection: active
[    0.000000] SMBIOS 2.5 present.
[    0.000000] DMI: innotek GmbH VirtualBox/VirtualBox, BIOS VirtualBox 12/01/2006
[    0.000000] Hypervisor detected: KVM
[    0.000000] kvm-clock: Using msrs 4b564d01 and 4b564d00
[    0.000000] kvm-clock: cpu 0, msr 11201001, primary cpu clock
[    0.000000] kvm-clock: using sched offset of 4439639242 cycles
[    0.000003] clocksource: kvm-clock: mask: 0xffffffffffffffff max_cycles: 0x1cd42e4dffb, max_idle_ns: 881590591483 ns
[    0.000006] tsc: Detected 2100.000 MHz processor
[    0.002061] e820: update [mem 0x00000000-0x00000fff] usable ==> reserved
[    0.002063] e820: remove [mem 0x000a0000-0x000fffff] usable
[    0.002067] last_pfn = 0x7fff0 max_arch_pfn = 0x400000000
[    0.002137] MTRR default type: uncachable
[    0.002138] MTRR fixed ranges enabled:
[    0.002139]   00000-9FFFF write-back
[    0.002140]   A0000-BFFFF uncachable
[    0.002141]   C0000-FFFFF write-protect
[    0.002141] MTRR variable ranges enabled:
[    0.002143]   0 base 000000000000 mask 3FFF80000000 write-back
[    0.002143]   1 disabled
[    0.002144]   2 disabled
[    0.002144]   3 disabled
[    0.002145]   4 disabled
[    0.002145]   5 disabled
[    0.002145]   6 disabled
[    0.002146]   7 disabled
[    0.002146]   8 disabled
[    0.002147]   9 disabled
[    0.002147]   10 disabled
[    0.002148]   11 disabled
[    0.002148]   12 disabled
[    0.002149]   13 disabled
[    0.002149]   14 disabled
[    0.002149]   15 disabled
[    0.002167] x86/PAT: Configuration [0-7]: WB  WC  UC- UC  WB  WP  UC- WT  
[    0.002303] found SMP MP-table at [mem 0x0009fff0-0x0009ffff]
[    0.095362] check: Scanning 1 areas for low memory corruption
[    0.095601] RAMDISK: [mem 0x32271000-0x3512ffff]
[    0.095610] ACPI: Early table checksum verification disabled
[    0.095616] ACPI: RSDP 0x00000000000E0000 000024 (v02 VBOX  )
[    0.095620] ACPI: XSDT 0x000000007FFF0030 00003C (v01 VBOX   VBOXXSDT 00000001 ASL  00000061)
[    0.095627] ACPI: FACP 0x000000007FFF00F0 0000F4 (v04 VBOX   VBOXFACP 00000001 ASL  00000061)
[    0.095634] ACPI: DSDT 0x000000007FFF02E0 002353 (v02 VBOX   VBOXBIOS 00000002 VBOX 00029BF3)
[    0.095638] ACPI: FACS 0x000000007FFF0200 000040
[    0.095641] ACPI: FACS 0x000000007FFF0200 000040
[    0.095644] ACPI: APIC 0x000000007FFF0240 000054 (v02 VBOX   VBOXAPIC 00000001 ASL  00000061)
[    0.095648] ACPI: SSDT 0x000000007FFF02A0 000038 (v01 VBOX   VBOXCPUT 00000002 VBOX 00029BF3)
[    0.095651] ACPI: Reserving FACP table memory at [mem 0x7fff00f0-0x7fff01e3]
[    0.095652] ACPI: Reserving DSDT table memory at [mem 0x7fff02e0-0x7fff2632]
[    0.095653] ACPI: Reserving FACS table memory at [mem 0x7fff0200-0x7fff023f]
[    0.095653] ACPI: Reserving FACS table memory at [mem 0x7fff0200-0x7fff023f]
[    0.095655] ACPI: Reserving APIC table memory at [mem 0x7fff0240-0x7fff0293]
[    0.095655] ACPI: Reserving SSDT table memory at [mem 0x7fff02a0-0x7fff02d7]
[    0.095670] ACPI: Local APIC address 0xfee00000
[    0.095860] No NUMA configuration found
[    0.095862] Faking a node at [mem 0x0000000000000000-0x000000007ffeffff]
[    0.095871] NODE_DATA(0) allocated [mem 0x7ffc5000-0x7ffeffff]
[    0.096154] Zone ranges:
[    0.096155]   DMA      [mem 0x0000000000001000-0x0000000000ffffff]
[    0.096156]   DMA32    [mem 0x0000000001000000-0x000000007ffeffff]
[    0.096157]   Normal   empty
[    0.096158]   Device   empty
[    0.096158] Movable zone start for each node
[    0.096160] Early memory node ranges
[    0.096161]   node   0: [mem 0x0000000000001000-0x000000000009efff]
[    0.096162]   node   0: [mem 0x0000000000100000-0x000000007ffeffff]
[    0.096165] Zeroed struct page in unavailable ranges: 114 pages
[    0.096166] Initmem setup node 0 [mem 0x0000000000001000-0x000000007ffeffff]
[    0.096167] On node 0 totalpages: 524174
[    0.096168]   DMA zone: 64 pages used for memmap
[    0.096169]   DMA zone: 21 pages reserved
[    0.096170]   DMA zone: 3998 pages, LIFO batch:0
[    0.096240]   DMA32 zone: 8128 pages used for memmap
[    0.096241]   DMA32 zone: 520176 pages, LIFO batch:63
[    0.105370] ACPI: PM-Timer IO Port: 0x4008
[    0.105373] ACPI: Local APIC address 0xfee00000
[    0.105441] IOAPIC[0]: apic_id 1, version 32, address 0xfec00000, GSI 0-23
[    0.105445] ACPI: INT_SRC_OVR (bus 0 bus_irq 0 global_irq 2 dfl dfl)
[    0.105446] ACPI: INT_SRC_OVR (bus 0 bus_irq 9 global_irq 9 low level)
[    0.105448] ACPI: IRQ0 used by override.
[    0.105449] ACPI: IRQ9 used by override.
[    0.105452] Using ACPI (MADT) for SMP configuration information
[    0.105459] smpboot: Allowing 1 CPUs, 0 hotplug CPUs
[    0.105483] PM: Registered nosave memory: [mem 0x00000000-0x00000fff]
[    0.105484] PM: Registered nosave memory: [mem 0x0009f000-0x0009ffff]
[    0.105484] PM: Registered nosave memory: [mem 0x000a0000-0x000effff]
[    0.105485] PM: Registered nosave memory: [mem 0x000f0000-0x000fffff]
[    0.105487] [mem 0x80000000-0xfebfffff] available for PCI devices
[    0.105487] Booting paravirtualized kernel on KVM
[    0.105491] clocksource: refined-jiffies: mask: 0xffffffff max_cycles: 0xffffffff, max_idle_ns: 7645519600211568 ns
[    0.105497] setup_percpu: NR_CPUS:8192 nr_cpumask_bits:1 nr_cpu_ids:1 nr_node_ids:1
[    0.106505] percpu: Embedded 60 pages/cpu s208896 r8192 d28672 u2097152
[    0.106510] pcpu-alloc: s208896 r8192 d28672 u2097152 alloc=1*2097152
[    0.106511] pcpu-alloc: [0] 0 
[    0.106539] Built 1 zonelists, mobility grouping on.  Total pages: 515961
[    0.106539] Policy zone: DMA32
[    0.106541] Kernel command line: BOOT_IMAGE=/boot/vmlinuz-5.4.243-mptcp root=UUID=98415a12-53b7-4144-8265-0f7ece09e445 ro quiet splash
[    0.107407] Dentry cache hash table entries: 262144 (order: 9, 2097152 bytes, linear)
[    0.107673] Inode-cache hash table entries: 131072 (order: 8, 1048576 bytes, linear)
[    0.107724] mem auto-init: stack:off, heap alloc:on, heap free:off
[    0.107727] Calgary: detecting Calgary via BIOS EBDA area
[    0.107728] Calgary: Unable to locate Rio Grande table in EBDA - bailing!
[    0.112070] Memory: 1967332K/2096696K available (14339K kernel code, 2398K rwdata, 4712K rodata, 2728K init, 17260K bss, 129364K reserved, 0K cma-reserved)
[    0.112981] SLUB: HWalign=64, Order=0-3, MinObjects=0, CPUs=1, Nodes=1
[    0.112997] ftrace: allocating 43186 entries in 169 pages
[    0.131342] rcu: Hierarchical RCU implementation.
[    0.131344] rcu: 	RCU restricting CPUs from NR_CPUS=8192 to nr_cpu_ids=1.
[    0.131345] 	Tasks RCU enabled.
[    0.131346] rcu: RCU calculated value of scheduler-enlistment delay is 25 jiffies.
[    0.131347] rcu: Adjusting geometry for rcu_fanout_leaf=16, nr_cpu_ids=1
[    0.134302] NR_IRQS: 524544, nr_irqs: 256, preallocated irqs: 16
[    0.134515] random: crng init done
[    0.143795] Console: colour VGA+ 80x25
[    0.143799] printk: console [tty0] enabled
[    0.143819] ACPI: Core revision 20190816
[    0.143916] APIC: Switch to symmetric I/O mode setup
[    0.144167] x2apic enabled
[    0.144403] Switched APIC routing to physical x2apic.
[    0.145573] ..TIMER: vector=0x30 apic1=0 pin1=2 apic2=-1 pin2=-1
[    0.145602] clocksource: tsc-early: mask: 0xffffffffffffffff max_cycles: 0x1e4530a99b6, max_idle_ns: 440795257976 ns
[    0.145608] Calibrating delay loop (skipped) preset value.. 4200.00 BogoMIPS (lpj=8400000)
[    0.145610] pid_max: default: 32768 minimum: 301
[    0.145640] LSM: Security Framework initializing
[    0.145650] Yama: becoming mindful.
[    0.145676] AppArmor: AppArmor initialized
[    0.145712] Mount-cache hash table entries: 4096 (order: 3, 32768 bytes, linear)
[    0.145717] Mountpoint-cache hash table entries: 4096 (order: 3, 32768 bytes, linear)
[    0.145726] *** VALIDATE tmpfs ***
[    0.145854] *** VALIDATE proc ***
[    0.145894] *** VALIDATE cgroup1 ***
[    0.145895] *** VALIDATE cgroup2 ***
[    0.146038] process: using mwait in idle threads
[    0.146042] Last level iTLB entries: 4KB 64, 2MB 8, 4MB 8
[    0.146043] Last level dTLB entries: 4KB 64, 2MB 0, 4MB 0, 1GB 4
[    0.146064] Spectre V1 : Mitigation: usercopy/swapgs barriers and __user pointer sanitization
[    0.146070] Spectre V2 : Mitigation: Retpolines
[    0.146070] Spectre V2 : Spectre v2 / SpectreRSB mitigation: Filling RSB on context switch
[    0.146071] Spectre V2 : Spectre v2 / SpectreRSB : Filling RSB on VMEXIT
[    0.146071] RETBleed: WARNING: Spectre v2 mitigation leaves CPU vulnerable to RETBleed attacks, data leaks possible!
[    0.146425] RETBleed: Vulnerable
[    0.146426] Speculative Store Bypass: Vulnerable
[    0.146430] TAA: Mitigation: TSX disabled
[    0.146431] MMIO Stale Data: Mitigation: Clear CPU buffers
[    0.150663] Freeing SMP alternatives memory: 40K
[    0.262788] smpboot: CPU0: Intel(R) Xeon(R) Silver 4216 CPU @ 2.10GHz (family: 0x6, model: 0x55, stepping: 0x7)
[    0.262935] Performance Events: unsupported p6 CPU model 85 no PMU driver, software events only.
[    0.262975] rcu: Hierarchical SRCU implementation.
[    0.263454] NMI watchdog: Perf NMI watchdog permanently disabled
[    0.263491] smp: Bringing up secondary CPUs ...
[    0.263492] smp: Brought up 1 node, 1 CPU
[    0.263493] smpboot: Max logical packages: 1
[    0.263494] smpboot: Total of 1 processors activated (4200.00 BogoMIPS)
[    0.264468] devtmpfs: initialized
[    0.264531] x86/mm: Memory block size: 128MB
[    0.264882] clocksource: jiffies: mask: 0xffffffff max_cycles: 0xffffffff, max_idle_ns: 7645041785100000 ns
[    0.264889] futex hash table entries: 256 (order: 2, 16384 bytes, linear)
[    0.264933] pinctrl core: initialized pinctrl subsystem
[    0.265036] PM: RTC time: 14:31:29, date: 2026-01-17
[    0.265144] NET: Registered protocol family 16
[    0.265218] audit: initializing netlink subsys (disabled)
[    0.265343] EISA bus registered
[    0.265344] cpuidle: using governor ladder
[    0.265345] cpuidle: using governor menu
[    0.265382] ACPI: bus type PCI registered
[    0.265383] acpiphp: ACPI Hot Plug PCI Controller Driver version: 0.5
[    0.265490] PCI: Using configuration type 1 for base access
[    0.266061] audit: type=2000 audit(1768631495.565:1): state=initialized audit_enabled=0 res=1
[    0.266139] HugeTLB registered 2.00 MiB page size, pre-allocated 0 pages
[    0.266951] ACPI: Added _OSI(Module Device)
[    0.266952] ACPI: Added _OSI(Processor Device)
[    0.266953] ACPI: Added _OSI(3.0 _SCP Extensions)
[    0.266953] ACPI: Added _OSI(Processor Aggregator Device)
[    0.266954] ACPI: Added _OSI(Linux-Dell-Video)
[    0.266955] ACPI: Added _OSI(Linux-Lenovo-NV-HDMI-Audio)
[    0.266956] ACPI: Added _OSI(Linux-HPI-Hybrid-Graphics)
[    0.268924] ACPI: 2 ACPI AML tables successfully acquired and loaded
[    0.270452] ACPI: Interpreter enabled
[    0.270461] ACPI: (supports S0 S5)
[    0.270462] ACPI: Using IOAPIC for interrupt routing
[    0.270667] PCI: Using host bridge windows from ACPI; if necessary, use "pci=nocrs" and report a bug
[    0.270777] ACPI: Enabled 2 GPEs in block 00 to 07
[    0.275687] ACPI: PCI Root Bridge [PCI0] (domain 0000 [bus 00-ff])
[    0.275692] acpi PNP0A03:00: _OSC: OS supports [ASPM ClockPM Segments MSI HPX-Type3]
[    0.276139] acpi PNP0A03:00: _OSC: not requesting OS control; OS requires [ExtendedConfig ASPM ClockPM MSI]
[    0.276147] acpi PNP0A03:00: fail to add MMCONFIG information, can't access extended PCI configuration space under this bridge.
[    0.276538] PCI host bridge to bus 0000:00
[    0.276541] pci_bus 0000:00: root bus resource [io  0x0000-0x0cf7 window]
[    0.276543] pci_bus 0000:00: root bus resource [io  0x0d00-0xffff window]
[    0.276545] pci_bus 0000:00: root bus resource [mem 0x000a0000-0x000bffff window]
[    0.276547] pci_bus 0000:00: root bus resource [mem 0x80000000-0xfdffffff window]
[    0.276549] pci_bus 0000:00: root bus resource [bus 00-ff]
[    0.276604] pci 0000:00:00.0: [8086:1237] type 00 class 0x060000
[    0.277604] pci 0000:00:01.0: [8086:7000] type 00 class 0x060100
[    0.278658] pci 0000:00:01.1: [8086:7111] type 00 class 0x01018a
[    0.279120] pci 0000:00:01.1: reg 0x20: [io  0xd000-0xd00f]
[    0.279319] pci 0000:00:01.1: legacy IDE quirk: reg 0x10: [io  0x01f0-0x01f7]
[    0.279320] pci 0000:00:01.1: legacy IDE quirk: reg 0x14: [io  0x03f6]
[    0.279321] pci 0000:00:01.1: legacy IDE quirk: reg 0x18: [io  0x0170-0x0177]
[    0.279322] pci 0000:00:01.1: legacy IDE quirk: reg 0x1c: [io  0x0376]
[    0.279983] pci 0000:00:02.0: [15ad:0405] type 00 class 0x030000
[    0.284040] pci 0000:00:02.0: reg 0x10: [io  0xd010-0xd01f]
[    0.285665] pci 0000:00:02.0: reg 0x14: [mem 0xe0000000-0xe7ffffff pref]
[    0.291813] pci 0000:00:02.0: reg 0x18: [mem 0xf0000000-0xf01fffff]
[    0.304759] pci 0000:00:03.0: [1022:2000] type 00 class 0x020000
[    0.305788] pci 0000:00:03.0: reg 0x10: [io  0xd020-0xd03f]
[    0.306532] pci 0000:00:03.0: reg 0x14: [mem 0xf0200000-0xf0200fff]
[    0.310622] pci 0000:00:04.0: [80ee:cafe] type 00 class 0x088000
[    0.311442] pci 0000:00:04.0: reg 0x10: [io  0xd040-0xd05f]
[    0.312209] pci 0000:00:04.0: reg 0x14: [mem 0xf0400000-0xf07fffff]
[    0.312946] pci 0000:00:04.0: reg 0x18: [mem 0xf0800000-0xf0803fff pref]
[    0.317661] pci 0000:00:07.0: [8086:7113] type 00 class 0x068000
[    0.318332] pci 0000:00:07.0: quirk: [io  0x4000-0x403f] claimed by PIIX4 ACPI
[    0.318346] pci 0000:00:07.0: quirk: [io  0x4100-0x410f] claimed by PIIX4 SMB
[    0.319119] pci 0000:00:08.0: [8086:100e] type 00 class 0x020000
[    0.320098] pci 0000:00:08.0: reg 0x10: [mem 0xf0820000-0xf083ffff]
[    0.321659] pci 0000:00:08.0: reg 0x18: [io  0xd060-0xd067]
[    0.324940] pci 0000:00:09.0: [8086:100e] type 00 class 0x020000
[    0.325697] pci 0000:00:09.0: reg 0x10: [mem 0xf0840000-0xf085ffff]
[    0.326895] pci 0000:00:09.0: reg 0x18: [io  0xd068-0xd06f]
[    0.338339] ACPI: PCI Interrupt Link [LNKA] (IRQs 5 9 10 *11)
[    0.338620] ACPI: PCI Interrupt Link [LNKB] (IRQs 5 9 *10 11)
[    0.338723] ACPI: PCI Interrupt Link [LNKC] (IRQs 5 *9 10 11)
[    0.338828] ACPI: PCI Interrupt Link [LNKD] (IRQs 5 9 10 *11)
[    0.339099] iommu: Default domain type: Translated 
[    0.339162] pci 0000:00:02.0: vgaarb: setting as boot VGA device
[    0.339164] pci 0000:00:02.0: vgaarb: VGA device added: decodes=io+mem,owns=io+mem,locks=none
[    0.339166] pci 0000:00:02.0: vgaarb: bridge control possible
[    0.339167] vgaarb: loaded
[    0.339382] SCSI subsystem initialized
[    0.339418] libata version 3.00 loaded.
[    0.339440] ACPI: bus type USB registered
[    0.339456] usbcore: registered new interface driver usbfs
[    0.339462] usbcore: registered new interface driver hub
[    0.339468] usbcore: registered new device driver usb
[    0.339495] pps_core: LinuxPPS API ver. 1 registered
[    0.339496] pps_core: Software ver. 5.3.6 - Copyright 2005-2007 Rodolfo Giometti <giometti@linux.it>
[    0.339498] PTP clock support registered
[    0.339532] EDAC MC: Ver: 3.0.0
[    0.339823] PCI: Using ACPI for IRQ routing
[    0.339824] PCI: pci_cache_line_size set to 64 bytes
[    0.340012] e820: reserve RAM buffer [mem 0x0009fc00-0x0009ffff]
[    0.340016] e820: reserve RAM buffer [mem 0x7fff0000-0x7fffffff]
[    0.340814] NetLabel: Initializing
[    0.340814] NetLabel:  domain hash size = 128
[    0.340815] NetLabel:  protocols = UNLABELED CIPSOv4 CALIPSO
[    0.340834] NetLabel:  unlabeled traffic allowed by default
[    0.341639] clocksource: Switched to clocksource kvm-clock
[    0.356016] *** VALIDATE bpf ***
[    0.356077] VFS: Disk quotas dquot_6.6.0
[    0.356090] VFS: Dquot-cache hash table entries: 512 (order 0, 4096 bytes)
[    0.356113] *** VALIDATE ramfs ***
[    0.356116] *** VALIDATE hugetlbfs ***
[    0.356195] AppArmor: AppArmor Filesystem Enabled
[    0.356222] pnp: PnP ACPI init
[    0.356285] pnp 00:00: Plug and Play ACPI device, IDs PNP0303 (active)
[    0.356351] pnp 00:01: Plug and Play ACPI device, IDs PNP0f03 (active)
[    0.357101] pnp: PnP ACPI: found 2 devices
[    0.358047] thermal_sys: Registered thermal governor 'fair_share'
[    0.358048] thermal_sys: Registered thermal governor 'bang_bang'
[    0.358048] thermal_sys: Registered thermal governor 'step_wise'
[    0.358049] thermal_sys: Registered thermal governor 'user_space'
[    0.358050] thermal_sys: Registered thermal governor 'power_allocator'
[    0.362560] clocksource: acpi_pm: mask: 0xffffff max_cycles: 0xffffff, max_idle_ns: 2085701024 ns
[    0.362601] pci_bus 0000:00: resource 4 [io  0x0000-0x0cf7 window]
[    0.362602] pci_bus 0000:00: resource 5 [io  0x0d00-0xffff window]
[    0.362604] pci_bus 0000:00: resource 6 [mem 0x000a0000-0x000bffff window]
[    0.362605] pci_bus 0000:00: resource 7 [mem 0x80000000-0xfdffffff window]
[    0.362662] NET: Registered protocol family 2
[    0.362736] IP idents hash table entries: 32768 (order: 6, 262144 bytes, linear)
[    0.363149] MPTCP tokens hash table entries: 8192 (order: 4, 65536 bytes, linear)
[    0.363169] MPTCP request tokens hash table entries: 8192 (order: 4, 65536 bytes, linear)
[    0.363171] default registered
[    0.363171] default registered
[    0.363171] MPTCP: Stable release v0.96
[    0.363171] tcp_listen_portaddr_hash hash table entries: 1024 (order: 2, 16384 bytes, linear)
[    0.363171] TCP established hash table entries: 16384 (order: 5, 131072 bytes, linear)
[    0.363171] TCP bind hash table entries: 16384 (order: 6, 262144 bytes, linear)
[    0.363171] TCP: Hash tables configured (established 16384 bind 16384)
[    0.364135] UDP hash table entries: 1024 (order: 3, 32768 bytes, linear)
[    0.364146] UDP-Lite hash table entries: 1024 (order: 3, 32768 bytes, linear)
[    0.364185] NET: Registered protocol family 1
[    0.364195] NET: Registered protocol family 44
[    0.364216] pci 0000:00:00.0: Limiting direct PCI/PCI transfers
[    0.364230] pci 0000:00:01.0: Activating ISA DMA hang workarounds
[    0.364289] pci 0000:00:02.0: Video device with shadowed ROM at [mem 0x000c0000-0x000dffff]
[    0.364358] PCI: CLS 0 bytes, default 64
[    0.364406] Trying to unpack rootfs image as initramfs...
[    0.535726] Freeing initrd memory: 47868K
[    0.535726] clocksource: tsc: mask: 0xffffffffffffffff max_cycles: 0x1e4530a99b6, max_idle_ns: 440795257976 ns
[    0.535726] clocksource: Switched to clocksource tsc
[    0.535726] platform rtc_cmos: registered platform RTC device (no PNP device found)
[    0.535726] check: Scanning for low memory corruption every 60 seconds
[    0.535726] Initialise system trusted keyrings
[    0.535726] Key type blacklist registered
[    0.535726] workingset: timestamp_bits=36 max_order=19 bucket_order=0
[    0.535726] zbud: loaded
[    0.535726] squashfs: version 4.0 (2009/01/31) Phillip Lougher
[    0.535726] fuse: init (API version 7.31)
[    0.535726] *** VALIDATE fuse ***
[    0.535726] *** VALIDATE fuse ***
[    0.535726] Platform Keyring initialized
[    0.535726] Key type asymmetric registered
[    0.535726] Asymmetric key parser 'x509' registered
[    0.535726] Block layer SCSI generic (bsg) driver version 0.4 loaded (major 244)
[    0.535726] io scheduler mq-deadline registered
[    0.535726] shpchp: Standard Hot Plug PCI Controller Driver version: 0.4
[    0.549638] ACPI: AC Adapter [AC] (on-line)
[    0.549685] input: Power Button as /devices/LNXSYSTM:00/LNXPWRBN:00/input/input0
[    0.549711] ACPI: Power Button [PWRF]
[    0.549793] input: Sleep Button as /devices/LNXSYSTM:00/LNXSLPBN:00/input/input1
[    0.549807] ACPI: Sleep Button [SLPF]
[    0.550042] Serial: 8250/16550 driver, 32 ports, IRQ sharing enabled
[    0.551216] Linux agpgart interface v0.103
[    0.647139] loop: module loaded
[    0.647295] ata_piix 0000:00:01.1: version 2.13
[    0.647717] scsi host0: ata_piix
[    0.647808] scsi host1: ata_piix
[    0.647834] ata1: PATA max UDMA/33 cmd 0x1f0 ctl 0x3f6 bmdma 0xd000 irq 14
[    0.647835] ata2: PATA max UDMA/33 cmd 0x170 ctl 0x376 bmdma 0xd008 irq 15
[    0.647916] tun: Universal TUN/TAP device driver, 1.6
[    0.648219] PPP generic driver version 2.4.2
[    0.648261] VFIO - User Level meta-driver version: 0.3
[    0.648499] ehci_hcd: USB 2.0 'Enhanced' Host Controller (EHCI) Driver
[    0.648504] ehci-pci: EHCI PCI platform driver
[    0.648519] ehci-platform: EHCI generic platform driver
[    0.648525] ohci_hcd: USB 1.1 'Open' Host Controller (OHCI) Driver
[    0.648527] ohci-pci: OHCI PCI platform driver
[    0.648534] ohci-platform: OHCI generic platform driver
[    0.648538] uhci_hcd: USB Universal Host Controller Interface driver
[    0.648602] i8042: PNP: PS/2 Controller [PNP0303:PS2K,PNP0f03:PS2M] at 0x60,0x64 irq 1,12
[    0.649037] serio: i8042 KBD port at 0x60,0x64 irq 1
[    0.649041] serio: i8042 AUX port at 0x60,0x64 irq 12
[    0.649126] mousedev: PS/2 mouse device common for all mice
[    0.649386] input: AT Translated Set 2 keyboard as /devices/platform/i8042/serio0/input/input2
[    0.649790] rtc_cmos rtc_cmos: registered as rtc0
[    0.649803] rtc_cmos rtc_cmos: alarms up to one day, 114 bytes nvram
[    0.649808] i2c /dev entries driver
[    0.649852] device-mapper: uevent: version 1.0.3
[    0.649895] device-mapper: ioctl: 4.41.0-ioctl (2019-09-16) initialised: dm-devel@redhat.com
[    0.649911] platform eisa.0: Probing EISA bus 0
[    0.649912] platform eisa.0: EISA: Cannot allocate resource for mainboard
[    0.649914] platform eisa.0: Cannot allocate resource for EISA slot 1
[    0.649915] platform eisa.0: Cannot allocate resource for EISA slot 2
[    0.649916] platform eisa.0: Cannot allocate resource for EISA slot 3
[    0.649917] platform eisa.0: Cannot allocate resource for EISA slot 4
[    0.649918] platform eisa.0: Cannot allocate resource for EISA slot 5
[    0.649919] platform eisa.0: Cannot allocate resource for EISA slot 6
[    0.649919] platform eisa.0: Cannot allocate resource for EISA slot 7
[    0.649920] platform eisa.0: Cannot allocate resource for EISA slot 8
[    0.649921] platform eisa.0: EISA: Detected 0 cards
[    0.649924] intel_pstate: CPU model not supported
[    0.649933] ledtrig-cpu: registered to indicate activity on CPUs
[    0.649989] drop_monitor: Initializing network drop monitor service
[    0.650148] NET: Registered protocol family 10
[    0.655137] Segment Routing with IPv6
[    0.655137] fullmesh registered
[    0.655137] ndiffports registered
[    0.655137] binder registered
[    0.655137] roundrobin registered
[    0.655137] redundant registered
[    0.655137] blest registered
[    0.655137] ecf registered
[    0.655137] NET: Registered protocol family 17
[    0.655137] Key type dns_resolver registered
[    0.655137] RAS: Correctable Errors collector initialized.
[    0.655137] IPI shorthand broadcast: enabled
[    0.655137] sched_clock: Marking stable (640038617, 11099286)->(650662947, 474956)
[    0.655553] registered taskstats version 1
[    0.655562] Loading compiled-in X.509 certificates
[    0.656167] Loaded X.509 cert 'Build time autogenerated kernel key: 6909f3744cebb3d0de528d5887b96a727de79b1e'
[    0.656187] zswap: loaded using pool lzo/zbud
[    0.656242] Key type ._fscrypt registered
[    0.656242] Key type .fscrypt registered
[    0.660699] Key type big_key registered
[    0.662882] Key type encrypted registered
[    0.662885] AppArmor: AppArmor sha1 policy hashing enabled
[    0.662893] ima: No TPM chip found, activating TPM-bypass!
[    0.662897] ima: Allocated hash algorithm: sha1
[    0.662902] ima: No architecture policies found
[    0.662911] evm: Initialising EVM extended attributes:
[    0.662912] evm: security.selinux
[    0.662912] evm: security.SMACK64
[    0.662913] evm: security.SMACK64EXEC
[    0.662913] evm: security.SMACK64TRANSMUTE
[    0.662914] evm: security.SMACK64MMAP
[    0.662914] evm: security.apparmor
[    0.662914] evm: security.ima
[    0.662915] evm: security.capability
[    0.662916] evm: HMAC attrs: 0x1
[    0.663217] PM:   Magic number: 10:209:536
[    0.663228] tty ttyS16: hash matches
[    0.663329] rtc_cmos rtc_cmos: setting system clock to 2026-01-17T14:31:30 UTC (1768660290)
[    0.819715] ata1.00: ATA-6: VBOX HARDDISK, 1.0, max UDMA/133
[    0.819718] ata1.00: 209715200 sectors, multi 128: LBA 
[    0.820310] scsi 0:0:0:0: Direct-Access     ATA      VBOX HARDDISK    1.0  PQ: 0 ANSI: 5
[    0.820598] sd 0:0:0:0: [sda] 209715200 512-byte logical blocks: (107 GB/100 GiB)
[    0.820610] sd 0:0:0:0: [sda] Write Protect is off
[    0.820613] sd 0:0:0:0: [sda] Mode Sense: 00 3a 00 00
[    0.820633] sd 0:0:0:0: [sda] Write cache: enabled, read cache: enabled, doesn't support DPO or FUA
[    0.820957] sd 0:0:0:0: Attached scsi generic sg0 type 0
[    0.821753]  sda: sda1 sda2
[    0.831328] sd 0:0:0:0: [sda] Attached SCSI disk
[    0.834471] Freeing unused decrypted memory: 2040K
[    0.835330] Freeing unused kernel image memory: 2728K
[    0.835333] Write protecting the kernel read-only data: 22528k
[    0.836287] Freeing unused kernel image memory: 2036K
[    0.836787] Freeing unused kernel image memory: 1432K
[    0.856540] x86/mm: Checked W+X mappings: passed, no W+X pages found.
[    0.856546] Run /init as init process
[    0.969291] ACPI: Video Device [GFX0] (multi-head: yes  rom: no  post: no)
[    0.969367] input: Video Bus as /devices/LNXSYSTM:00/LNXSYBUS:00/PNP0A03:00/LNXVIDEO:00/input/input4
[    0.988148] pcnet32: pcnet32.c:v1.35 21.Apr.2008 tsbogend@alpha.franken.de
[    0.989753] piix4_smbus 0000:00:07.0: SMBus Host Controller at 0x4100, revision 0
[    0.992452] e1000: Intel(R) PRO/1000 Network Driver - version 7.3.21-k8-NAPI
[    0.992453] e1000: Copyright (c) 1999-2006 Intel Corporation.
[    1.004378] pcnet32: PCnet/FAST III 79C973 at 0xd020, 08:00:27:21:4b:3d assigned IRQ 19
[    1.004423] pcnet32: Found PHY 0022:561b at address 0
[    1.004724] pcnet32: eth0: registered as PCnet/FAST III 79C973
[    1.010608] pcnet32: 1 cards_found
[    1.061367] pcnet32 0000:00:03.0 enp0s3: renamed from eth0
[    1.212025] input: ImExPS/2 Generic Explorer Mouse as /devices/platform/i8042/serio1/input/input5
[    1.403792] e1000 0000:00:08.0 eth0: (PCI:33MHz:32-bit) 08:00:27:5c:18:fb
[    1.403796] e1000 0000:00:08.0 eth0: Intel(R) PRO/1000 Network Connection
[    1.779491] e1000 0000:00:09.0 eth1: (PCI:33MHz:32-bit) 08:00:27:a5:9a:e4
[    1.779494] e1000 0000:00:09.0 eth1: Intel(R) PRO/1000 Network Connection
[    1.780664] e1000 0000:00:08.0 enp0s8: renamed from eth0
[    1.782446] e1000 0000:00:09.0 enp0s9: renamed from eth1
[    1.948376] EXT4-fs (sda2): mounted filesystem with ordered data mode. Opts: (null)
[    2.038051] systemd[1]: Inserted module 'autofs4'
[    2.049592] systemd[1]: systemd 245.4-4ubuntu3 running in system mode. (+PAM +AUDIT +SELINUX +IMA +APPARMOR +SMACK +SYSVINIT +UTMP +LIBCRYPTSETUP +GCRYPT +GNUTLS +ACL +XZ +LZ4 +SECCOMP +BLKID +ELFUTILS +KMOD +IDN2 -IDN +PCRE2 default-hierarchy=hybrid)
[    2.049621] systemd[1]: Detected virtualization oracle.
[    2.049625] systemd[1]: Detected architecture x86-64.
[    2.050901] systemd[1]: Set hostname to <ztg>.
[    2.175381] systemd[1]: /lib/systemd/system/dbus.socket:5: ListenStream= references a path below legacy directory /var/run/, updating /var/run/dbus/system_bus_socket â†’ /run/dbus/system_bus_socket; please update the unit file accordingly.
[    2.229117] systemd[1]: Created slice system-modprobe.slice.
[    2.229314] systemd[1]: Created slice User and Session Slice.
[    2.229358] systemd[1]: Started Forward Password Requests to Wall Directory Watch.
[    2.229522] systemd[1]: Set up automount Arbitrary Executable File Formats File System Automount Point.
[    2.229556] systemd[1]: Reached target User and Group Name Lookups.
[    2.229566] systemd[1]: Reached target Remote File Systems.
[    2.229575] systemd[1]: Reached target Slices.
[    2.230140] systemd[1]: Listening on Syslog Socket.
[    2.230209] systemd[1]: Listening on fsck to fsckd communication Socket.
[    2.230248] systemd[1]: Listening on initctl Compatibility Named Pipe.
[    2.230385] systemd[1]: Listening on Journal Audit Socket.
[    2.230436] systemd[1]: Listening on Journal Socket (/dev/log).
[    2.230506] systemd[1]: Listening on Journal Socket.
[    2.230571] systemd[1]: Listening on udev Control Socket.
[    2.230611] systemd[1]: Listening on udev Kernel Socket.
[    2.231417] systemd[1]: Mounting Huge Pages File System...
[    2.232341] systemd[1]: Mounting POSIX Message Queue File System...
[    2.233217] systemd[1]: Mounting Kernel Debug File System...
[    2.234219] systemd[1]: Mounting Kernel Trace File System...
[    2.236403] systemd[1]: Starting Journal Service...
[    2.260583] systemd[1]: Starting Set the console keyboard layout...
[    2.265849] systemd[1]: Starting Create list of static device nodes for the current kernel...
[    2.270850] systemd[1]: Starting Load Kernel Module drm...
[    2.275398] systemd[1]: Condition check resulted in Set Up Additional Binary Formats being skipped.
[    2.275431] systemd[1]: Condition check resulted in File System Check on Root Device being skipped.
[    2.291961] systemd[1]: Starting Load Kernel Modules...
[    2.311411] systemd[1]: Starting Remount Root and Kernel File Systems...
[    2.317612] systemd[1]: Starting udev Coldplug all Devices...
[    2.343047] systemd[1]: Starting Uncomplicated firewall...
[    2.347286] EXT4-fs (sda2): re-mounted. Opts: errors=remount-ro
[    2.348984] systemd[1]: Mounted Huge Pages File System.
[    2.349079] systemd[1]: Mounted POSIX Message Queue File System.
[    2.349155] systemd[1]: Mounted Kernel Debug File System.
[    2.349224] systemd[1]: Mounted Kernel Trace File System.
[    2.355365] systemd[1]: Finished Create list of static device nodes for the current kernel.
[    2.355625] systemd[1]: modprobe@drm.service: Succeeded.
[    2.356001] systemd[1]: Finished Load Kernel Module drm.
[    2.356527] systemd[1]: Finished Remount Root and Kernel File Systems.
[    2.357072] systemd[1]: Finished Uncomplicated firewall.
[    2.360618] lp: driver loaded but no devices found
[    2.360652] systemd[1]: Condition check resulted in Rebuild Hardware Database being skipped.
[    2.360682] systemd[1]: Condition check resulted in Platform Persistent Storage Archival being skipped.
[    2.361308] systemd[1]: Starting Load/Save Random Seed...
[    2.361998] systemd[1]: Starting Create System Users...
[    2.376004] systemd[1]: Finished Load/Save Random Seed.
[    2.395463] ppdev: user-space parallel port driver
[    2.401957] systemd[1]: Finished Create System Users.
[    2.402691] systemd[1]: Starting Create Static Device Nodes in /dev...
[    2.457792] systemd[1]: Finished udev Coldplug all Devices.
[    2.461265] systemd[1]: Finished Create Static Device Nodes in /dev.
[    2.462115] systemd[1]: Starting udev Kernel Device Manager...
[    2.478043] [drm] DMA map mode: Caching DMA mappings.
[    2.478106] [drm] Capabilities:
[    2.478107] [drm]   Rect copy.
[    2.478107] [drm]   Cursor.
[    2.478107] [drm]   Cursor bypass.
[    2.478108] [drm]   Cursor bypass 2.
[    2.478108] [drm]   Alpha cursor.
[    2.478108] [drm]   Extended Fifo.
[    2.478109] [drm]   Pitchlock.
[    2.478109] [drm]   Irq mask.
[    2.478109] [drm]   GMR.
[    2.478110] [drm]   Traces.
[    2.478110] [drm]   GMR2.
[    2.478110] [drm]   Screen Object 2.
[    2.478111] [drm]   Command Buffers.
[    2.478111] [drm]   Command Buffers 2.
[    2.478112] [drm]   Guest Backed Resources.
[    2.478112] [drm] Max GMR ids is 8192
[    2.478113] [drm] Max number of GMR pages is 1048576
[    2.478113] [drm] Max dedicated hypervisor surface memory is 393216 kiB
[    2.478114] [drm] Maximum display memory size is 131072 kiB
[    2.478115] [drm] VRAM at 0xe0000000 size is 131072 kiB
[    2.478115] [drm] MMIO at 0xf0000000 size is 2048 kiB
[    2.479943] [TTM] Zone  kernel: Available graphics memory: 1011738 KiB
[    2.479944] [TTM] Initializing pool allocator
[    2.479947] [TTM] Initializing DMA pool allocator
[    2.479978] [drm] Supports vblank timestamp caching Rev 2 (21.10.2013).
[    2.479979] [drm] No driver support for vblank timestamp query.
[    2.480222] [drm] Screen Target Display device initialized
[    2.480390] [drm] width 720
[    2.480399] [drm] height 400
[    2.480402] [drm] bpp 32
[    2.480969] [drm] Fifo max 0x00200000 min 0x00001000 cap 0x00000355
[    2.482129] [drm] Using command buffers with DMA pool.
[    2.482133] [drm] DX: no.
[    2.482133] [drm] Atomic: yes.
[    2.482133] [drm] SM4_1: no.
[    2.482152] [drm:vmw_host_log [vmwgfx]] *ERROR* Failed to send host log message.
[    2.483059] [drm:vmw_host_log [vmwgfx]] *ERROR* Failed to send host log message.
[    2.523475] fbcon: svgadrmfb (fb0) is primary device
[    2.525658] Console: switching to colour frame buffer device 100x37
[    2.533729] systemd[1]: Finished Set the console keyboard layout.
[    2.533875] systemd[1]: Reached target Local File Systems (Pre).
[    2.535794] [drm] Initialized vmwgfx 2.15.0 20180704 for 0000:00:02.0 on minor 0
[    2.537048] systemd[1]: Mounting Mount unit for bare, revision 5...
[    2.539038] systemd[1]: Mounting Mount unit for core18, revision 1705...
[    2.540393] systemd[1]: Mounting Mount unit for gnome-3-34-1804, revision 24...
[    2.547962] systemd[1]: Mounting Mount unit for gtk-common-themes, revision 1506...
[    2.578311] systemd[1]: Mounting Mount unit for gtk-common-themes, revision 1535...
[    2.590875] systemd[1]: Mounting Mount unit for snap-store, revision 433...
[    2.595712] systemd[1]: Mounting Mount unit for snapd, revision 25935...
[    2.602357] systemd[1]: Finished Load Kernel Modules.
[    2.603683] systemd[1]: Mounting FUSE Control File System...
[    2.624061] systemd[1]: Mounting Kernel Configuration File System...
[    2.626593] systemd[1]: Starting Apply Kernel Variables...
[    2.635196] systemd[1]: Mounted FUSE Control File System.
[    2.635268] systemd[1]: Condition check resulted in VMware vmblock fuse mount being skipped.
[    2.642151] systemd[1]: Mounted Kernel Configuration File System.
[    2.660011] systemd[1]: Finished Apply Kernel Variables.
[    2.669690] systemd[1]: Started udev Kernel Device Manager.
[    2.670407] systemd[1]: Starting Show Plymouth Boot Screen...
[    2.677252] systemd[1]: Mounted Mount unit for bare, revision 5.
[    2.677344] systemd[1]: Mounted Mount unit for core18, revision 1705.
[    2.677421] systemd[1]: Mounted Mount unit for gnome-3-34-1804, revision 24.
[    2.677493] systemd[1]: Mounted Mount unit for gtk-common-themes, revision 1506.
[    2.686729] systemd[1]: Received SIGRTMIN+20 from PID 275 (plymouthd).
[    2.692150] systemd[1]: Mounted Mount unit for gtk-common-themes, revision 1535.
[    2.709423] systemd[1]: Mounted Mount unit for snap-store, revision 433.
[    2.711404] systemd[1]: Mounted Mount unit for snapd, revision 25935.
[    2.711583] systemd[1]: Started Show Plymouth Boot Screen.
[    2.711765] systemd[1]: Condition check resulted in Dispatch Password Requests to Console Directory Watch being skipped.
[    2.711856] systemd[1]: Started Forward Password Requests to Plymouth Directory Watch.
[    2.711921] systemd[1]: Reached target Local Encrypted Volumes.
[    2.711977] systemd[1]: Reached target Local File Systems.
[    2.712728] systemd[1]: Starting Load AppArmor profiles...
[    2.715150] systemd[1]: Starting Set console font and keymap...
[    2.729330] systemd[1]: Starting Tell Plymouth To Write Out Runtime Data...
[    2.730735] systemd[1]: Condition check resulted in Store a System Token in an EFI Variable being skipped.
[    2.730829] systemd[1]: Condition check resulted in Commit a transient machine-id on disk being skipped.
[    2.733258] systemd[1]: Finished Set console font and keymap.
[    2.742660] systemd[1]: Received SIGRTMIN+20 from PID 275 (plymouthd).
[    2.744203] systemd[1]: plymouth-read-write.service: Succeeded.
[    2.744439] systemd[1]: Finished Tell Plymouth To Write Out Runtime Data.
[    2.790764] audit: type=1400 audit(1768660292.620:2): apparmor="STATUS" operation="profile_load" profile="unconfined" name="nvidia_modprobe" pid=302 comm="apparmor_parser"
[    2.790766] audit: type=1400 audit(1768660292.620:3): apparmor="STATUS" operation="profile_load" profile="unconfined" name="nvidia_modprobe//kmod" pid=302 comm="apparmor_parser"
[    2.814991] audit: type=1400 audit(1768660292.648:4): apparmor="STATUS" operation="profile_load" profile="unconfined" name="/usr/sbin/tcpdump" pid=303 comm="apparmor_parser"
[    2.840599] audit: type=1400 audit(1768660292.664:5): apparmor="STATUS" operation="profile_load" profile="unconfined" name="/usr/bin/evince" pid=305 comm="apparmor_parser"
[    2.840602] audit: type=1400 audit(1768660292.664:6): apparmor="STATUS" operation="profile_load" profile="unconfined" name="/usr/bin/evince//sanitized_helper" pid=305 comm="apparmor_parser"
[    2.840603] audit: type=1400 audit(1768660292.664:7): apparmor="STATUS" operation="profile_load" profile="unconfined" name="/usr/bin/evince-previewer" pid=305 comm="apparmor_parser"
[    2.840605] audit: type=1400 audit(1768660292.664:8): apparmor="STATUS" operation="profile_load" profile="unconfined" name="/usr/bin/evince-previewer//sanitized_helper" pid=305 comm="apparmor_parser"
[    2.840607] audit: type=1400 audit(1768660292.664:9): apparmor="STATUS" operation="profile_load" profile="unconfined" name="/usr/bin/evince-thumbnailer" pid=305 comm="apparmor_parser"
[    2.865884] audit: type=1400 audit(1768660292.700:10): apparmor="STATUS" operation="profile_load" profile="unconfined" name="/usr/lib/cups/backend/cups-pdf" pid=306 comm="apparmor_parser"
[    2.930772] systemd[1]: Finished Load AppArmor profiles.
[    2.931776] systemd[1]: Starting Load AppArmor profiles managed internally by snapd...
[    3.057520] systemd[1]: Finished Load AppArmor profiles managed internally by snapd.
[    3.215644] systemd[1]: Started Journal Service.
[    3.223794] systemd-journald[229]: Received client request to flush runtime journal.
[    3.227845] systemd-journald[229]: File /var/log/journal/c455b248004a419c87ce85eea238d727/system.journal corrupted or uncleanly shut down, renaming and replacing.
[    4.526869] RAPL PMU: API unit is 2^-32 Joules, 0 fixed counters, 10737418240 ms ovfl timer
[    4.594033] cryptd: max_cpu_qlen set to 1000
[    4.654084] AVX2 version of gcm_enc/dec engaged.
[    4.654085] AES CTR mode by8 optimization enabled
[    6.475530] Adding 1998844k swap on /dev/sda1.  Priority:-2 extents:1 across:1998844k FS
[    8.411645] kauditd_printk_skb: 30 callbacks suppressed
[    8.411646] audit: type=1400 audit(1768660298.244:41): apparmor="DENIED" operation="capable" profile="/usr/sbin/cups-browsed" pid=511 comm="cups-browsed" capability=23  capname="sys_nice"
[    9.094498] pcnet32 0000:00:03.0 enp0s3: link up, 100Mbps, full-duplex
[    9.129969] e1000: enp0s8 NIC Link is Up 1000 Mbps Full Duplex, Flow Control: RX
[    9.130939] IPv6: ADDRCONF(NETDEV_CHANGE): enp0s8: link becomes ready
[    9.158205] e1000: enp0s9 NIC Link is Up 1000 Mbps Full Duplex, Flow Control: RX
[    9.158640] IPv6: ADDRCONF(NETDEV_CHANGE): enp0s9: link becomes ready
[    9.797965] device enp0s3 entered promiscuous mode
[    9.840657] audit: type=1400 audit(1768660299.664:42): apparmor="DENIED" operation="open" profile="/usr/sbin/tcpdump" name="/proc/sys/kernel/random/boot_id" pid=673 comm="tcpdump" requested_mask="r" denied_mask="r" fsuid=0 ouid=0
[    9.842650] audit: type=1400 audit(1768660299.664:43): apparmor="DENIED" operation="open" profile="/usr/sbin/tcpdump" name="/proc/sys/kernel/random/boot_id" pid=673 comm="tcpdump" requested_mask="r" denied_mask="r" fsuid=0 ouid=0
[    9.842853] audit: type=1400 audit(1768660299.664:44): apparmor="DENIED" operation="open" profile="/usr/sbin/tcpdump" name="/proc/sys/kernel/random/boot_id" pid=673 comm="tcpdump" requested_mask="r" denied_mask="r" fsuid=0 ouid=0
[    9.843047] audit: type=1400 audit(1768660299.664:45): apparmor="DENIED" operation="open" profile="/usr/sbin/tcpdump" name="/proc/sys/kernel/random/boot_id" pid=673 comm="tcpdump" requested_mask="r" denied_mask="r" fsuid=0 ouid=0
[    9.852482] audit: type=1400 audit(1768660299.680:46): apparmor="DENIED" operation="open" profile="/usr/sbin/tcpdump" name="/proc/sys/kernel/random/boot_id" pid=674 comm="tcpdump" requested_mask="r" denied_mask="r" fsuid=0 ouid=0
[    9.855971] audit: type=1400 audit(1768660299.680:47): apparmor="DENIED" operation="open" profile="/usr/sbin/tcpdump" name="/proc/sys/kernel/random/boot_id" pid=674 comm="tcpdump" requested_mask="r" denied_mask="r" fsuid=0 ouid=0
[    9.856303] audit: type=1400 audit(1768660299.680:48): apparmor="DENIED" operation="open" profile="/usr/sbin/tcpdump" name="/proc/sys/kernel/random/boot_id" pid=674 comm="tcpdump" requested_mask="r" denied_mask="r" fsuid=0 ouid=0
[    9.856508] audit: type=1400 audit(1768660299.680:49): apparmor="DENIED" operation="open" profile="/usr/sbin/tcpdump" name="/proc/sys/kernel/random/boot_id" pid=674 comm="tcpdump" requested_mask="r" denied_mask="r" fsuid=0 ouid=0
[   15.772203] rfkill: input handler disabled
[  110.520161] rfkill: input handler enabled
[  118.861865] rfkill: input handler disabled
[  202.739980] AAAAA-TCP_SEND: name:enp0s3: saddr:100932208: daddr:16783984: srtt_us:0: RTT:0: ssthresh:2147483647: cwnd:10: delivered:0: lost:0: retrans:0
[  202.989711] AAAAA-TCP_RECV: name:enp0s3: saddr:16783984: daddr:100932208: srtt_us:0: RTT:0: ssthresh:2147483647: cwnd:10: delivered:0: lost:0: retrans:0
[  202.989774] AAAAA-TCP_SEND: name:enp0s3: saddr:100932208: daddr:16783984: srtt_us:2299560: RTT:287445: ssthresh:2147483647: cwnd:10: delivered:1: lost:0: retrans:0
[  202.990006] AAAAA-TCP_SEND: name:enp0s3: saddr:100932208: daddr:16783984: srtt_us:2299560: RTT:287445: ssthresh:2147483647: cwnd:10: delivered:1: lost:0: retrans:0
[  203.474623] AAAAA-TCP_RECV: name:enp0s3: saddr:16783984: daddr:100932208: srtt_us:2299560: RTT:287445: ssthresh:2147483647: cwnd:10: delivered:1: lost:0: retrans:0
[  203.631963] AAAAA-TCP_RECV: name:enp0s3: saddr:16783984: daddr:100932208: srtt_us:2299560: RTT:287445: ssthresh:2147483647: cwnd:10: delivered:1: lost:0: retrans:0
[  203.638619] AAAAA-TCP_SEND: name:enp0s3: saddr:100932208: daddr:33561200: srtt_us:0: RTT:0: ssthresh:2147483647: cwnd:10: delivered:0: lost:0: retrans:0
[  203.690595] AAAAA-TCP_RECV: name:enp0s3: saddr:16783984: daddr:100932208: srtt_us:2654093: RTT:331761: ssthresh:2147483647: cwnd:11: delivered:2: lost:0: retrans:0
[  203.690622] AAAAA-TCP_SEND: name:enp0s3: saddr:100932208: daddr:16783984: srtt_us:2654093: RTT:331761: ssthresh:2147483647: cwnd:11: delivered:2: lost:0: retrans:0
[  203.690779] AAAAA-TCP_SEND: name:enp0s3: saddr:100932208: daddr:16783984: srtt_us:2654093: RTT:331761: ssthresh:2147483647: cwnd:11: delivered:2: lost:0: retrans:0
[  204.032163] AAAAA-TCP_RECV: name:enp0s3: saddr:33561200: daddr:100932208: srtt_us:0: RTT:0: ssthresh:2147483647: cwnd:10: delivered:0: lost:0: retrans:0
[  204.032194] AAAAA-TCP_SEND: name:enp0s3: saddr:100932208: daddr:33561200: srtt_us:3201000: RTT:400125: ssthresh:2147483647: cwnd:10: delivered:1: lost:0: retrans:0
[  204.143813] AAAAA-TCP_RECV: name:enp0s3: saddr:16783984: daddr:100932208: srtt_us:2654093: RTT:331761: ssthresh:2147483647: cwnd:11: delivered:2: lost:0: retrans:0
[  204.143846] AAAAA-TCP_SEND: name:enp0s3: saddr:100932208: daddr:16783984: srtt_us:2654093: RTT:331761: ssthresh:2147483647: cwnd:11: delivered:2: lost:0: retrans:0
[  204.357390] AAAAA-TCP_RECV: name:enp0s3: saddr:33561200: daddr:100932208: srtt_us:3201000: RTT:400125: ssthresh:2147483647: cwnd:10: delivered:1: lost:0: retrans:0
[  204.460427] AAAAA-TCP_RECV: name:enp0s3: saddr:16783984: daddr:100932208: srtt_us:2775397: RTT:346924: ssthresh:2147483647: cwnd:12: delivered:3: lost:0: retrans:0
[  204.515733] AAAAA-TCP_RECV: name:enp0s3: saddr:33561200: daddr:100932208: srtt_us:3201000: RTT:400125: ssthresh:2147483647: cwnd:10: delivered:1: lost:0: retrans:0
[  204.515753] AAAAA-TCP_SEND: name:enp0s3: saddr:100932208: daddr:33561200: srtt_us:3201000: RTT:400125: ssthresh:2147483647: cwnd:10: delivered:1: lost:0: retrans:0
[  204.515890] AAAAA-TCP_SEND: name:enp0s3: saddr:100932208: daddr:16783984: srtt_us:0: RTT:0: ssthresh:2147483647: cwnd:10: delivered:0: lost:0: retrans:0
[  204.808980] AAAAA-TCP_RECV: name:enp0s3: saddr:16783984: daddr:100932208: srtt_us:0: RTT:0: ssthresh:2147483647: cwnd:10: delivered:0: lost:0: retrans:0
[  204.809034] AAAAA-TCP_SEND: name:enp0s3: saddr:100932208: daddr:16783984: srtt_us:2344880: RTT:293110: ssthresh:2147483647: cwnd:10: delivered:1: lost:0: retrans:0
[  204.809168] AAAAA-TCP_SEND: name:enp0s3: saddr:100932208: daddr:16783984: srtt_us:2344880: RTT:293110: ssthresh:2147483647: cwnd:10: delivered:1: lost:0: retrans:0
[  205.110979] AAAAA-TCP_RECV: name:enp0s3: saddr:16783984: daddr:100932208: srtt_us:2344880: RTT:293110: ssthresh:2147483647: cwnd:10: delivered:1: lost:0: retrans:0
[  205.224275] AAAAA-TCP_RECV: name:enp0s3: saddr:16783984: daddr:100932208: srtt_us:2344880: RTT:293110: ssthresh:2147483647: cwnd:10: delivered:1: lost:0: retrans:0
[  205.224339] AAAAA-TCP_SEND: name:enp0s3: saddr:100932208: daddr:33561200: srtt_us:0: RTT:0: ssthresh:2147483647: cwnd:10: delivered:0: lost:0: retrans:0
[  205.394024] AAAAA-TCP_RECV: name:enp0s3: saddr:33561200: daddr:100932208: srtt_us:3201000: RTT:400125: ssthresh:2147483647: cwnd:10: delivered:1: lost:0: retrans:0
[  205.394038] AAAAA-TCP_SEND: name:enp0s3: saddr:100932208: daddr:33561200: srtt_us:3201000: RTT:400125: ssthresh:2147483647: cwnd:10: delivered:1: lost:0: retrans:0
[  205.558091] AAAAA-TCP_RECV: name:enp0s3: saddr:33561200: daddr:100932208: srtt_us:0: RTT:0: ssthresh:2147483647: cwnd:10: delivered:0: lost:0: retrans:0
[  205.558115] AAAAA-TCP_SEND: name:enp0s3: saddr:100932208: daddr:33561200: srtt_us:2670080: RTT:333760: ssthresh:2147483647: cwnd:10: delivered:1: lost:0: retrans:0
[  205.723394] AAAAA-TCP_RECV: name:enp0s3: saddr:33561200: daddr:100932208: srtt_us:3201000: RTT:400125: ssthresh:2147483647: cwnd:10: delivered:1: lost:0: retrans:0
[  205.723407] AAAAA-TCP_SEND: name:enp0s3: saddr:100932208: daddr:33561200: srtt_us:3201000: RTT:400125: ssthresh:2147483647: cwnd:10: delivered:1: lost:0: retrans:0
[  205.723560] AAAAA-TCP_SEND: name:enp0s3: saddr:100932208: daddr:16783984: srtt_us:2466883: RTT:308360: ssthresh:2147483647: cwnd:11: delivered:2: lost:0: retrans:0
[  205.723582] AAAAA-TCP_SEND: name:enp0s3: saddr:100932208: daddr:16783984: srtt_us:2466883: RTT:308360: ssthresh:2147483647: cwnd:11: delivered:2: lost:0: retrans:0
[  205.723665] AAAAA-TCP_SEND: name:enp0s3: saddr:100932208: daddr:16783984: srtt_us:2466883: RTT:308360: ssthresh:2147483647: cwnd:11: delivered:2: lost:0: retrans:0
[  205.723684] AAAAA-TCP_SEND: name:enp0s3: saddr:100932208: daddr:16783984: srtt_us:2466883: RTT:308360: ssthresh:2147483647: cwnd:11: delivered:2: lost:0: retrans:0
[  205.723742] AAAAA-TCP_SEND: name:enp0s3: saddr:100932208: daddr:16783984: srtt_us:2466883: RTT:308360: ssthresh:2147483647: cwnd:11: delivered:2: lost:0: retrans:0
[  205.723758] AAAAA-TCP_SEND: name:enp0s3: saddr:100932208: daddr:16783984: srtt_us:2466883: RTT:308360: ssthresh:2147483647: cwnd:11: delivered:2: lost:0: retrans:0
[  205.723844] AAAAA-TCP_SEND: name:enp0s3: saddr:100932208: daddr:16783984: srtt_us:2466883: RTT:308360: ssthresh:2147483647: cwnd:11: delivered:2: lost:0: retrans:0
[  205.723905] AAAAA-TCP_SEND: name:enp0s3: saddr:100932208: daddr:16783984: srtt_us:2466883: RTT:308360: ssthresh:2147483647: cwnd:11: delivered:2: lost:0: retrans:0
[  205.723921] AAAAA-TCP_SEND: name:enp0s3: saddr:100932208: daddr:16783984: srtt_us:2466883: RTT:308360: ssthresh:2147483647: cwnd:11: delivered:2: lost:0: retrans:0
[  205.734199] AAAAA-TCP_SEND: name:enp0s3: saddr:100932208: daddr:16783984: srtt_us:2466883: RTT:308360: ssthresh:2147483647: cwnd:11: delivered:2: lost:0: retrans:0
[  205.744462] AAAAA-TCP_SEND: name:enp0s3: saddr:100932208: daddr:16783984: srtt_us:2466883: RTT:308360: ssthresh:2147483647: cwnd:11: delivered:2: lost:0: retrans:0
[  205.906402] AAAAA-TCP_RECV: name:enp0s3: saddr:33561200: daddr:100932208: srtt_us:2670080: RTT:333760: ssthresh:2147483647: cwnd:10: delivered:1: lost:0: retrans:0
[  205.906455] AAAAA-TCP_SEND: name:enp0s3: saddr:100932208: daddr:33561200: srtt_us:2670080: RTT:333760: ssthresh:2147483647: cwnd:10: delivered:1: lost:0: retrans:0
[  205.906478] AAAAA-TCP_SEND: name:enp0s3: saddr:100932208: daddr:33561200: srtt_us:2670080: RTT:333760: ssthresh:2147483647: cwnd:10: delivered:1: lost:0: retrans:0
[  205.907137] AAAAA-TCP_SEND: name:enp0s3: saddr:100932208: daddr:33561200: srtt_us:2670080: RTT:333760: ssthresh:2147483647: cwnd:10: delivered:1: lost:0: retrans:0
[  205.907157] AAAAA-TCP_SEND: name:enp0s3: saddr:100932208: daddr:33561200: srtt_us:2670080: RTT:333760: ssthresh:2147483647: cwnd:10: delivered:1: lost:0: retrans:0
[  205.907267] AAAAA-TCP_SEND: name:enp0s3: saddr:100932208: daddr:33561200: srtt_us:2670080: RTT:333760: ssthresh:2147483647: cwnd:10: delivered:1: lost:0: retrans:0
[  205.907282] AAAAA-TCP_SEND: name:enp0s3: saddr:100932208: daddr:33561200: srtt_us:2670080: RTT:333760: ssthresh:2147483647: cwnd:10: delivered:1: lost:0: retrans:0
[  205.907375] AAAAA-TCP_SEND: name:enp0s3: saddr:100932208: daddr:33561200: srtt_us:2670080: RTT:333760: ssthresh:2147483647: cwnd:10: delivered:1: lost:0: retrans:0
[  205.907390] AAAAA-TCP_SEND: name:enp0s3: saddr:100932208: daddr:33561200: srtt_us:2670080: RTT:333760: ssthresh:2147483647: cwnd:10: delivered:1: lost:0: retrans:0
[  205.907470] AAAAA-TCP_SEND: name:enp0s3: saddr:100932208: daddr:33561200: srtt_us:2670080: RTT:333760: ssthresh:2147483647: cwnd:10: delivered:1: lost:0: retrans:0
[  205.907484] AAAAA-TCP_SEND: name:enp0s3: saddr:100932208: daddr:33561200: srtt_us:2670080: RTT:333760: ssthresh:2147483647: cwnd:10: delivered:1: lost:0: retrans:0
[  206.212659] AAAAA-TCP_RECV: name:enp0s3: saddr:16783984: daddr:100932208: srtt_us:2466883: RTT:308360: ssthresh:2147483647: cwnd:11: delivered:2: lost:0: retrans:0
[  206.212706] AAAAA-TCP_SEND: name:enp0s3: saddr:100932208: daddr:16783984: srtt_us:2647642: RTT:330955: ssthresh:2147483647: cwnd:12: delivered:3: lost:0: retrans:0
[  206.217858] AAAAA-TCP_SEND: name:enp0s3: saddr:100932208: daddr:16783984: srtt_us:2647642: RTT:330955: ssthresh:2147483647: cwnd:12: delivered:3: lost:0: retrans:0
[  206.508369] AAAAA-TCP_RECV: name:enp0s3: saddr:16783984: daddr:100932208: srtt_us:2647642: RTT:330955: ssthresh:2147483647: cwnd:12: delivered:3: lost:0: retrans:0
[  206.508420] AAAAA-TCP_SEND: name:enp0s3: saddr:100932208: daddr:16783984: srtt_us:3101495: RTT:387686: ssthresh:2147483647: cwnd:13: delivered:4: lost:0: retrans:0
[  206.513573] AAAAA-TCP_SEND: name:enp0s3: saddr:100932208: daddr:16783984: srtt_us:3101495: RTT:387686: ssthresh:2147483647: cwnd:13: delivered:4: lost:0: retrans:0
[  206.587128] AAAAA-TCP_RECV: name:enp0s3: saddr:16783984: daddr:100932208: srtt_us:3101495: RTT:387686: ssthresh:2147483647: cwnd:13: delivered:4: lost:0: retrans:0
[  206.587188] AAAAA-TCP_SEND: name:enp0s3: saddr:100932208: daddr:16783984: srtt_us:3577276: RTT:447159: ssthresh:2147483647: cwnd:14: delivered:5: lost:0: retrans:0
[  206.592345] AAAAA-TCP_SEND: name:enp0s3: saddr:100932208: daddr:16783984: srtt_us:3577276: RTT:447159: ssthresh:2147483647: cwnd:14: delivered:5: lost:0: retrans:0
[  206.611136] AAAAA-TCP_SEND: name:enp0s3: saddr:100932208: daddr:33561200: srtt_us:2670080: RTT:333760: ssthresh:2147483647: cwnd:10: delivered:1: lost:0: retrans:1
[  206.659845] AAAAA-TCP_RECV: name:enp0s3: saddr:16783984: daddr:100932208: srtt_us:3577276: RTT:447159: ssthresh:2147483647: cwnd:14: delivered:5: lost:0: retrans:0
[  206.659882] AAAAA-TCP_SEND: name:enp0s3: saddr:100932208: daddr:16783984: srtt_us:4066295: RTT:508286: ssthresh:2147483647: cwnd:15: delivered:6: lost:0: retrans:0
[  206.665039] AAAAA-TCP_SEND: name:enp0s3: saddr:100932208: daddr:16783984: srtt_us:4066295: RTT:508286: ssthresh:2147483647: cwnd:15: delivered:6: lost:0: retrans:0
[  206.786425] AAAAA-TCP_RECV: name:enp0s3: saddr:16783984: daddr:100932208: srtt_us:4066295: RTT:508286: ssthresh:2147483647: cwnd:15: delivered:6: lost:0: retrans:0
[  206.786461] AAAAA-TCP_SEND: name:enp0s3: saddr:100932208: daddr:16783984: srtt_us:4620708: RTT:577588: ssthresh:2147483647: cwnd:16: delivered:7: lost:0: retrans:0
[  206.791616] AAAAA-TCP_SEND: name:enp0s3: saddr:100932208: daddr:16783984: srtt_us:4620708: RTT:577588: ssthresh:2147483647: cwnd:16: delivered:7: lost:0: retrans:0
[  206.857268] AAAAA-TCP_RECV: name:enp0s3: saddr:16783984: daddr:100932208: srtt_us:4620708: RTT:577588: ssthresh:2147483647: cwnd:16: delivered:7: lost:0: retrans:0
[  206.857300] AAAAA-TCP_SEND: name:enp0s3: saddr:100932208: daddr:16783984: srtt_us:5176645: RTT:647080: ssthresh:2147483647: cwnd:17: delivered:8: lost:0: retrans:0
[  206.862458] AAAAA-TCP_SEND: name:enp0s3: saddr:100932208: daddr:16783984: srtt_us:5176645: RTT:647080: ssthresh:2147483647: cwnd:17: delivered:8: lost:0: retrans:0
[  206.905835] AAAAA-TCP_RECV: name:enp0s3: saddr:16783984: daddr:100932208: srtt_us:5176645: RTT:647080: ssthresh:2147483647: cwnd:17: delivered:8: lost:0: retrans:0
[  206.905865] AAAAA-TCP_SEND: name:enp0s3: saddr:100932208: daddr:16783984: srtt_us:5711570: RTT:713946: ssthresh:2147483647: cwnd:18: delivered:9: lost:0: retrans:0
[  206.911021] AAAAA-TCP_SEND: name:enp0s3: saddr:100932208: daddr:16783984: srtt_us:5711570: RTT:713946: ssthresh:2147483647: cwnd:18: delivered:9: lost:0: retrans:0
[  207.635170] AAAAA-TCP_SEND: name:enp0s3: saddr:100932208: daddr:33561200: srtt_us:2670080: RTT:333760: ssthresh:2147483647: cwnd:1: delivered:1: lost:10: retrans:2
[  207.944534] AAAAA-TCP_RECV: name:enp0s3: saddr:16783984: daddr:100932208: srtt_us:5711570: RTT:713946: ssthresh:2147483647: cwnd:18: delivered:9: lost:0: retrans:0
[  207.944635] AAAAA-TCP_SEND: name:enp0s3: saddr:100932208: daddr:16783984: srtt_us:7218298: RTT:902287: ssthresh:2147483647: cwnd:18: delivered:10: lost:0: retrans:0
[  208.213369] AAAAA-TCP_RECV: name:enp0s3: saddr:16783984: daddr:100932208: srtt_us:7218298: RTT:902287: ssthresh:2147483647: cwnd:18: delivered:10: lost:0: retrans:0
[  208.213437] AAAAA-TCP_SEND: name:enp0s3: saddr:100932208: daddr:16783984: srtt_us:8805486: RTT:1100685: ssthresh:2147483647: cwnd:18: delivered:11: lost:0: retrans:0
[  208.615672] AAAAA-TCP_RECV: name:enp0s3: saddr:16783984: daddr:100932208: srtt_us:8805486: RTT:1100685: ssthresh:2147483647: cwnd:18: delivered:11: lost:0: retrans:0
[  208.615742] AAAAA-TCP_SEND: name:enp0s3: saddr:100932208: daddr:16783984: srtt_us:10586306: RTT:1323288: ssthresh:2147483647: cwnd:18: delivered:12: lost:0: retrans:0
[  208.716129] AAAAA-TCP_RECV: name:enp0s3: saddr:16783984: daddr:100932208: srtt_us:10586306: RTT:1323288: ssthresh:2147483647: cwnd:18: delivered:12: lost:0: retrans:0
[  208.716183] AAAAA-TCP_SEND: name:enp0s3: saddr:100932208: daddr:16783984: srtt_us:12234712: RTT:1529339: ssthresh:2147483647: cwnd:18: delivered:13: lost:0: retrans:0
[  209.048147] AAAAA-TCP_RECV: name:enp0s3: saddr:33561200: daddr:100932208: srtt_us:2670080: RTT:333760: ssthresh:2147483647: cwnd:1: delivered:1: lost:10: retrans:2
[  209.048217] AAAAA-TCP_SEND: name:enp0s3: saddr:100932208: daddr:33561200: srtt_us:5478320: RTT:684790: ssthresh:2147483647: cwnd:11: delivered:2: lost:10: retrans:2
[  209.054161] AAAAA-TCP_SEND: name:enp0s3: saddr:100932208: daddr:33561200: srtt_us:5478320: RTT:684790: ssthresh:2147483647: cwnd:11: delivered:2: lost:10: retrans:2
[  209.238359] AAAAA-TCP_RECV: name:enp0s3: saddr:33561200: daddr:100932208: srtt_us:5478320: RTT:684790: ssthresh:2147483647: cwnd:11: delivered:2: lost:10: retrans:2
[  209.238427] AAAAA-TCP_SEND: name:enp0s3: saddr:100932208: daddr:33561200: srtt_us:8125462: RTT:1015682: ssthresh:2147483647: cwnd:12: delivered:3: lost:10: retrans:2
[  209.244299] AAAAA-TCP_SEND: name:enp0s3: saddr:100932208: daddr:33561200: srtt_us:8125462: RTT:1015682: ssthresh:2147483647: cwnd:12: delivered:3: lost:10: retrans:2
[  209.417629] AAAAA-TCP_RECV: name:enp0s3: saddr:33561200: daddr:100932208: srtt_us:8125462: RTT:1015682: ssthresh:2147483647: cwnd:12: delivered:3: lost:10: retrans:2
[  209.417678] AAAAA-TCP_SEND: name:enp0s3: saddr:100932208: daddr:33561200: srtt_us:10620280: RTT:1327535: ssthresh:2147483647: cwnd:13: delivered:4: lost:10: retrans:2
[  209.423550] AAAAA-TCP_SEND: name:enp0s3: saddr:100932208: daddr:33561200: srtt_us:10620280: RTT:1327535: ssthresh:2147483647: cwnd:13: delivered:4: lost:10: retrans:2
[  209.588357] AAAAA-TCP_RECV: name:enp0s3: saddr:33561200: daddr:100932208: srtt_us:10620280: RTT:1327535: ssthresh:2147483647: cwnd:13: delivered:4: lost:10: retrans:2
[  209.588420] AAAAA-TCP_SEND: name:enp0s3: saddr:100932208: daddr:33561200: srtt_us:12973990: RTT:1621748: ssthresh:2147483647: cwnd:14: delivered:5: lost:10: retrans:2
[  209.594290] AAAAA-TCP_SEND: name:enp0s3: saddr:100932208: daddr:33561200: srtt_us:12973990: RTT:1621748: ssthresh:2147483647: cwnd:14: delivered:5: lost:10: retrans:2
[  209.722488] AAAAA-TCP_RECV: name:enp0s3: saddr:33561200: daddr:100932208: srtt_us:12973990: RTT:1621748: ssthresh:2147483647: cwnd:14: delivered:5: lost:10: retrans:2
[  209.722548] AAAAA-TCP_SEND: name:enp0s3: saddr:100932208: daddr:33561200: srtt_us:15167484: RTT:1895935: ssthresh:2147483647: cwnd:15: delivered:6: lost:10: retrans:2
[  209.728425] AAAAA-TCP_SEND: name:enp0s3: saddr:100932208: daddr:33561200: srtt_us:15167484: RTT:1895935: ssthresh:2147483647: cwnd:15: delivered:6: lost:10: retrans:2
[  209.793478] AAAAA-TCP_RECV: name:enp0s3: saddr:33561200: daddr:100932208: srtt_us:15167484: RTT:1895935: ssthresh:2147483647: cwnd:15: delivered:6: lost:10: retrans:2
[  209.793518] AAAAA-TCP_SEND: name:enp0s3: saddr:100932208: daddr:33561200: srtt_us:17157776: RTT:2144722: ssthresh:2147483647: cwnd:16: delivered:7: lost:10: retrans:2
[  209.799393] AAAAA-TCP_SEND: name:enp0s3: saddr:100932208: daddr:33561200: srtt_us:17157776: RTT:2144722: ssthresh:2147483647: cwnd:16: delivered:7: lost:10: retrans:2
[  209.823261] AAAAA-TCP_RECV: name:enp0s3: saddr:33561200: daddr:100932208: srtt_us:17157776: RTT:2144722: ssthresh:2147483647: cwnd:16: delivered:7: lost:10: retrans:2
[  209.823290] AAAAA-TCP_SEND: name:enp0s3: saddr:100932208: daddr:33561200: srtt_us:18928953: RTT:2366119: ssthresh:2147483647: cwnd:17: delivered:8: lost:10: retrans:2
[  209.831422] AAAAA-TCP_SEND: name:enp0s3: saddr:100932208: daddr:33561200: srtt_us:18928953: RTT:2366119: ssthresh:2147483647: cwnd:17: delivered:8: lost:10: retrans:2
[  209.961590] AAAAA-TCP_RECV: name:enp0s3: saddr:33561200: daddr:100932208: srtt_us:18928953: RTT:2366119: ssthresh:2147483647: cwnd:17: delivered:8: lost:10: retrans:2
[  209.961650] AAAAA-TCP_SEND: name:enp0s3: saddr:100932208: daddr:33561200: srtt_us:20617072: RTT:2577134: ssthresh:2147483647: cwnd:18: delivered:9: lost:10: retrans:2
[  209.967521] AAAAA-TCP_SEND: name:enp0s3: saddr:100932208: daddr:33561200: srtt_us:20617072: RTT:2577134: ssthresh:2147483647: cwnd:18: delivered:9: lost:10: retrans:2
[  210.007854] AAAAA-TCP_RECV: name:enp0s3: saddr:33561200: daddr:100932208: srtt_us:20617072: RTT:2577134: ssthresh:2147483647: cwnd:18: delivered:9: lost:10: retrans:2
[  210.007885] AAAAA-TCP_SEND: name:enp0s3: saddr:100932208: daddr:33561200: srtt_us:22140336: RTT:2767542: ssthresh:2147483647: cwnd:18: delivered:10: lost:10: retrans:2
[  210.173603] AAAAA-TCP_RECV: name:enp0s3: saddr:33561200: daddr:100932208: srtt_us:22140336: RTT:2767542: ssthresh:2147483647: cwnd:18: delivered:10: lost:10: retrans:2
[  210.173649] AAAAA-TCP_SEND: name:enp0s3: saddr:100932208: daddr:33561200: srtt_us:23638794: RTT:2954849: ssthresh:2147483647: cwnd:18: delivered:11: lost:10: retrans:2
[  210.262167] AAAAA-TCP_RECV: name:enp0s3: saddr:16783984: daddr:100932208: srtt_us:12234712: RTT:1529339: ssthresh:2147483647: cwnd:18: delivered:13: lost:0: retrans:0
[  210.262232] AAAAA-TCP_SEND: name:enp0s3: saddr:100932208: daddr:16783984: srtt_us:14754861: RTT:1844357: ssthresh:2147483647: cwnd:18: delivered:14: lost:0: retrans:0
[  210.296301] AAAAA-TCP_RECV: name:enp0s3: saddr:16783984: daddr:100932208: srtt_us:14754861: RTT:1844357: ssthresh:2147483647: cwnd:18: delivered:14: lost:0: retrans:0
[  210.296347] AAAAA-TCP_SEND: name:enp0s3: saddr:100932208: daddr:16783984: srtt_us:16988970: RTT:2123621: ssthresh:2147483647: cwnd:18: delivered:15: lost:0: retrans:0
[  210.299016] AAAAA-TCP_RECV: name:enp0s3: saddr:16783984: daddr:100932208: srtt_us:16988970: RTT:2123621: ssthresh:2147483647: cwnd:18: delivered:15: lost:0: retrans:0
[  210.301501] AAAAA-TCP_SEND: name:enp0s3: saddr:100932208: daddr:16783984: srtt_us:18655955: RTT:2331994: ssthresh:2147483647: cwnd:18: delivered:16: lost:0: retrans:0
[  210.352333] AAAAA-TCP_RECV: name:enp0s3: saddr:16783984: daddr:100932208: srtt_us:18655955: RTT:2331994: ssthresh:2147483647: cwnd:18: delivered:16: lost:0: retrans:0
[  210.352386] AAAAA-TCP_SEND: name:enp0s3: saddr:100932208: daddr:16783984: srtt_us:20162747: RTT:2520343: ssthresh:2147483647: cwnd:18: delivered:17: lost:0: retrans:0
[  210.509631] AAAAA-TCP_RECV: name:enp0s3: saddr:16783984: daddr:100932208: srtt_us:20162747: RTT:2520343: ssthresh:2147483647: cwnd:18: delivered:17: lost:0: retrans:0
[  210.509694] AAAAA-TCP_SEND: name:enp0s3: saddr:100932208: daddr:16783984: srtt_us:21564872: RTT:2695609: ssthresh:2147483647: cwnd:18: delivered:18: lost:0: retrans:0
[  210.664145] AAAAA-TCP_RECV: name:enp0s3: saddr:16783984: daddr:100932208: srtt_us:21564872: RTT:2695609: ssthresh:2147483647: cwnd:18: delivered:18: lost:0: retrans:0
[  210.664203] AAAAA-TCP_SEND: name:enp0s3: saddr:100932208: daddr:16783984: srtt_us:22941088: RTT:2867636: ssthresh:2147483647: cwnd:18: delivered:19: lost:0: retrans:0
[  210.864742] AAAAA-TCP_RECV: name:enp0s3: saddr:33561200: daddr:100932208: srtt_us:23638794: RTT:2954849: ssthresh:2147483647: cwnd:18: delivered:11: lost:10: retrans:2
[  210.962099] AAAAA-TCP_RECV: name:enp0s3: saddr:16783984: daddr:100932208: srtt_us:22941088: RTT:2867636: ssthresh:2147483647: cwnd:18: delivered:19: lost:0: retrans:0
[  210.962161] AAAAA-TCP_SEND: name:enp0s3: saddr:100932208: daddr:16783984: srtt_us:24375693: RTT:3046961: ssthresh:2147483647: cwnd:18: delivered:20: lost:0: retrans:0
[  211.051517] AAAAA-TCP_RECV: name:enp0s3: saddr:16783984: daddr:100932208: srtt_us:24375693: RTT:3046961: ssthresh:2147483647: cwnd:18: delivered:20: lost:0: retrans:0
[  211.051576] AAAAA-TCP_SEND: name:enp0s3: saddr:100932208: daddr:16783984: srtt_us:25715237: RTT:3214404: ssthresh:2147483647: cwnd:18: delivered:21: lost:0: retrans:0
[  211.218199] AAAAA-TCP_RECV: name:enp0s3: saddr:16783984: daddr:100932208: srtt_us:25715237: RTT:3214404: ssthresh:2147483647: cwnd:18: delivered:21: lost:0: retrans:0
[  211.218251] AAAAA-TCP_SEND: name:enp0s3: saddr:100932208: daddr:16783984: srtt_us:26932595: RTT:3366574: ssthresh:2147483647: cwnd:18: delivered:22: lost:0: retrans:0
[  211.227168] AAAAA-TCP_RECV: name:enp0s3: saddr:16783984: daddr:100932208: srtt_us:26932595: RTT:3366574: ssthresh:2147483647: cwnd:18: delivered:22: lost:0: retrans:0
[  211.227188] AAAAA-TCP_SEND: name:enp0s3: saddr:100932208: daddr:16783984: srtt_us:28001581: RTT:3500197: ssthresh:2147483647: cwnd:18: delivered:23: lost:0: retrans:0
[  211.345754] AAAAA-TCP_RECV: name:enp0s3: saddr:16783984: daddr:100932208: srtt_us:28001581: RTT:3500197: ssthresh:2147483647: cwnd:18: delivered:23: lost:0: retrans:0
[  211.345800] AAAAA-TCP_SEND: name:enp0s3: saddr:100932208: daddr:16783984: srtt_us:28989859: RTT:3623732: ssthresh:2147483647: cwnd:18: delivered:24: lost:0: retrans:0
[  211.398971] AAAAA-TCP_RECV: name:enp0s3: saddr:16783984: daddr:100932208: srtt_us:28989859: RTT:3623732: ssthresh:2147483647: cwnd:18: delivered:24: lost:0: retrans:0
[  211.399006] AAAAA-TCP_SEND: name:enp0s3: saddr:100932208: daddr:16783984: srtt_us:29902658: RTT:3737832: ssthresh:2147483647: cwnd:18: delivered:25: lost:0: retrans:0
[  211.519204] AAAAA-TCP_RECV: name:enp0s3: saddr:16783984: daddr:100932208: srtt_us:29902658: RTT:3737832: ssthresh:2147483647: cwnd:18: delivered:25: lost:0: retrans:0
[  211.519265] AAAAA-TCP_SEND: name:enp0s3: saddr:100932208: daddr:16783984: srtt_us:30778197: RTT:3847274: ssthresh:2147483647: cwnd:18: delivered:26: lost:0: retrans:0
[  211.710044] AAAAA-TCP_RECV: name:enp0s3: saddr:33561200: daddr:100932208: srtt_us:23638794: RTT:2954849: ssthresh:2147483647: cwnd:18: delivered:12: lost:10: retrans:2
[  211.823765] AAAAA-TCP_RECV: name:enp0s3: saddr:16783984: daddr:100932208: srtt_us:30778197: RTT:3847274: ssthresh:2147483647: cwnd:18: delivered:26: lost:0: retrans:0
[  211.823802] AAAAA-TCP_SEND: name:enp0s3: saddr:100932208: daddr:16783984: srtt_us:30810073: RTT:3851259: ssthresh:2147483647: cwnd:17: delivered:27: lost:1: retrans:1
[  212.327749] AAAAA-TCP_RECV: name:enp0s3: saddr:16783984: daddr:100932208: srtt_us:30810073: RTT:3851259: ssthresh:2147483647: cwnd:17: delivered:27: lost:1: retrans:1
[  212.515624] AAAAA-TCP_RECV: name:enp0s3: saddr:16783984: daddr:100932208: srtt_us:31073159: RTT:3884144: ssthresh:2147483647: cwnd:17: delivered:29: lost:1: retrans:1
[  212.515678] AAAAA-TCP_SEND: name:enp0s3: saddr:100932208: daddr:16783984: srtt_us:31073159: RTT:3884144: ssthresh:2147483647: cwnd:17: delivered:29: lost:1: retrans:1
[  212.520831] AAAAA-TCP_SEND: name:enp0s3: saddr:100932208: daddr:16783984: srtt_us:30988508: RTT:3873563: ssthresh:2147483647: cwnd:17: delivered:30: lost:1: retrans:1
[  212.531092] AAAAA-TCP_SEND: name:enp0s3: saddr:100932208: daddr:16783984: srtt_us:30988508: RTT:3873563: ssthresh:2147483647: cwnd:17: delivered:30: lost:1: retrans:1
[  212.566587] AAAAA-TCP_RECV: name:enp0s3: saddr:33561200: daddr:100932208: srtt_us:23638794: RTT:2954849: ssthresh:2147483647: cwnd:18: delivered:13: lost:10: retrans:2
[  212.566628] AAAAA-TCP_SEND: name:enp0s3: saddr:100932208: daddr:33561200: srtt_us:24202339: RTT:3025292: ssthresh:2147483647: cwnd:18: delivered:14: lost:10: retrans:2
[  212.678463] AAAAA-TCP_RECV: name:enp0s3: saddr:33561200: daddr:100932208: srtt_us:24202339: RTT:3025292: ssthresh:2147483647: cwnd:18: delivered:14: lost:10: retrans:2
[  212.678563] AAAAA-TCP_SEND: name:enp0s3: saddr:100932208: daddr:33561200: srtt_us:24801413: RTT:3100176: ssthresh:2147483647: cwnd:18: delivered:15: lost:10: retrans:2
[  212.817659] AAAAA-TCP_RECV: name:enp0s3: saddr:33561200: daddr:100932208: srtt_us:24801413: RTT:3100176: ssthresh:2147483647: cwnd:18: delivered:15: lost:10: retrans:2
[  212.817758] AAAAA-TCP_SEND: name:enp0s3: saddr:100932208: daddr:33561200: srtt_us:25280520: RTT:3160065: ssthresh:2147483647: cwnd:18: delivered:16: lost:10: retrans:2
[  212.871648] AAAAA-TCP_RECV: name:enp0s3: saddr:33561200: daddr:100932208: srtt_us:25280520: RTT:3160065: ssthresh:2147483647: cwnd:18: delivered:16: lost:10: retrans:2
[  212.871735] AAAAA-TCP_SEND: name:enp0s3: saddr:100932208: daddr:33561200: srtt_us:25747853: RTT:3218481: ssthresh:2147483647: cwnd:18: delivered:17: lost:10: retrans:2
[  213.063707] AAAAA-TCP_RECV: name:enp0s3: saddr:33561200: daddr:100932208: srtt_us:25747853: RTT:3218481: ssthresh:2147483647: cwnd:18: delivered:17: lost:10: retrans:2
[  213.199001] AAAAA-TCP_RECV: name:enp0s3: saddr:33561200: daddr:100932208: srtt_us:26169558: RTT:3271194: ssthresh:2147483647: cwnd:18: delivered:18: lost:10: retrans:2
[  213.199049] AAAAA-TCP_SEND: name:enp0s3: saddr:100932208: daddr:33561200: srtt_us:26169558: RTT:3271194: ssthresh:2147483647: cwnd:18: delivered:18: lost:10: retrans:2
[  213.204919] AAAAA-TCP_SEND: name:enp0s3: saddr:100932208: daddr:33561200: srtt_us:26508991: RTT:3313623: ssthresh:2147483647: cwnd:17: delivered:19: lost:11: retrans:3
[  213.257398] AAAAA-TCP_RECV: name:enp0s3: saddr:33561200: daddr:100932208: srtt_us:26508991: RTT:3313623: ssthresh:2147483647: cwnd:17: delivered:19: lost:11: retrans:3
[  213.339844] AAAAA-TCP_RECV: name:enp0s3: saddr:33561200: daddr:100932208: srtt_us:26858498: RTT:3357312: ssthresh:2147483647: cwnd:17: delivered:20: lost:11: retrans:3
[  213.339882] AAAAA-TCP_SEND: name:enp0s3: saddr:100932208: daddr:33561200: srtt_us:26858498: RTT:3357312: ssthresh:2147483647: cwnd:17: delivered:20: lost:11: retrans:3
[  213.345764] AAAAA-TCP_SEND: name:enp0s3: saddr:100932208: daddr:33561200: srtt_us:27118521: RTT:3389815: ssthresh:2147483647: cwnd:17: delivered:21: lost:11: retrans:3
[  213.369408] AAAAA-TCP_RECV: name:enp0s3: saddr:33561200: daddr:100932208: srtt_us:27118521: RTT:3389815: ssthresh:2147483647: cwnd:17: delivered:21: lost:11: retrans:3
[  213.396188] AAAAA-TCP_RECV: name:enp0s3: saddr:33561200: daddr:100932208: srtt_us:27369710: RTT:3421213: ssthresh:2147483647: cwnd:17: delivered:22: lost:11: retrans:3
[  213.396211] AAAAA-TCP_SEND: name:enp0s3: saddr:100932208: daddr:33561200: srtt_us:27369710: RTT:3421213: ssthresh:2147483647: cwnd:17: delivered:22: lost:11: retrans:3
[  213.402089] AAAAA-TCP_SEND: name:enp0s3: saddr:100932208: daddr:33561200: srtt_us:27551190: RTT:3443898: ssthresh:2147483647: cwnd:17: delivered:23: lost:11: retrans:3
[  213.429705] AAAAA-TCP_RECV: name:enp0s3: saddr:33561200: daddr:100932208: srtt_us:27551190: RTT:3443898: ssthresh:2147483647: cwnd:17: delivered:23: lost:11: retrans:3
[  213.558284] AAAAA-TCP_RECV: name:enp0s3: saddr:33561200: daddr:100932208: srtt_us:27737612: RTT:3467201: ssthresh:2147483647: cwnd:17: delivered:24: lost:11: retrans:3
[  213.558313] AAAAA-TCP_SEND: name:enp0s3: saddr:100932208: daddr:33561200: srtt_us:27737612: RTT:3467201: ssthresh:2147483647: cwnd:17: delivered:24: lost:11: retrans:3
[  213.564192] AAAAA-TCP_SEND: name:enp0s3: saddr:100932208: daddr:33561200: srtt_us:28005428: RTT:3500678: ssthresh:2147483647: cwnd:17: delivered:25: lost:11: retrans:3
[  213.584011] AAAAA-TCP_RECV: name:enp0s3: saddr:33561200: daddr:100932208: srtt_us:28005428: RTT:3500678: ssthresh:2147483647: cwnd:17: delivered:25: lost:11: retrans:3
[  213.612391] AAAAA-TCP_RECV: name:enp0s3: saddr:33561200: daddr:100932208: srtt_us:28257347: RTT:3532168: ssthresh:2147483647: cwnd:17: delivered:26: lost:11: retrans:3
[  213.612416] AAAAA-TCP_SEND: name:enp0s3: saddr:100932208: daddr:33561200: srtt_us:28257347: RTT:3532168: ssthresh:2147483647: cwnd:17: delivered:26: lost:11: retrans:3
[  213.618293] AAAAA-TCP_SEND: name:enp0s3: saddr:100932208: daddr:33561200: srtt_us:28375950: RTT:3546993: ssthresh:2147483647: cwnd:17: delivered:27: lost:11: retrans:3
[  213.630443] AAAAA-TCP_RECV: name:enp0s3: saddr:33561200: daddr:100932208: srtt_us:28375950: RTT:3546993: ssthresh:2147483647: cwnd:17: delivered:27: lost:11: retrans:3
[  213.658267] AAAAA-TCP_RECV: name:enp0s3: saddr:33561200: daddr:100932208: srtt_us:28491888: RTT:3561486: ssthresh:2147483647: cwnd:17: delivered:28: lost:11: retrans:3
[  213.658294] AAAAA-TCP_SEND: name:enp0s3: saddr:100932208: daddr:33561200: srtt_us:28491888: RTT:3561486: ssthresh:2147483647: cwnd:17: delivered:28: lost:11: retrans:3
[  213.664177] AAAAA-TCP_SEND: name:enp0s3: saddr:100932208: daddr:33561200: srtt_us:28415053: RTT:3551881: ssthresh:2147483647: cwnd:16: delivered:29: lost:12: retrans:4
[  213.757262] AAAAA-TCP_RECV: name:enp0s3: saddr:16783984: daddr:100932208: srtt_us:30988508: RTT:3873563: ssthresh:2147483647: cwnd:17: delivered:30: lost:1: retrans:1
[  213.788056] AAAAA-TCP_RECV: name:enp0s3: saddr:16783984: daddr:100932208: srtt_us:30610088: RTT:3826261: ssthresh:2147483647: cwnd:17: delivered:31: lost:1: retrans:1
[  213.788087] AAAAA-TCP_SEND: name:enp0s3: saddr:100932208: daddr:16783984: srtt_us:30610088: RTT:3826261: ssthresh:2147483647: cwnd:17: delivered:31: lost:1: retrans:1
[  213.793335] AAAAA-TCP_SEND: name:enp0s3: saddr:100932208: daddr:16783984: srtt_us:30275567: RTT:3784445: ssthresh:2147483647: cwnd:17: delivered:32: lost:1: retrans:1
[  213.827820] AAAAA-TCP_RECV: name:enp0s3: saddr:16783984: daddr:100932208: srtt_us:30275567: RTT:3784445: ssthresh:2147483647: cwnd:17: delivered:32: lost:1: retrans:1
[  213.846996] AAAAA-TCP_RECV: name:enp0s3: saddr:16783984: daddr:100932208: srtt_us:30017461: RTT:3752182: ssthresh:2147483647: cwnd:17: delivered:33: lost:1: retrans:1
[  213.847023] AAAAA-TCP_SEND: name:enp0s3: saddr:100932208: daddr:16783984: srtt_us:30017461: RTT:3752182: ssthresh:2147483647: cwnd:17: delivered:33: lost:1: retrans:1
[  213.852189] AAAAA-TCP_SEND: name:enp0s3: saddr:100932208: daddr:16783984: srtt_us:29759919: RTT:3719989: ssthresh:2147483647: cwnd:17: delivered:34: lost:1: retrans:1
[  213.872894] AAAAA-TCP_RECV: name:enp0s3: saddr:16783984: daddr:100932208: srtt_us:29759919: RTT:3719989: ssthresh:2147483647: cwnd:17: delivered:34: lost:1: retrans:1
[  213.951850] AAAAA-TCP_RECV: name:enp0s3: saddr:16783984: daddr:100932208: srtt_us:29403141: RTT:3675392: ssthresh:2147483647: cwnd:17: delivered:35: lost:1: retrans:1
[  213.951878] AAAAA-TCP_SEND: name:enp0s3: saddr:100932208: daddr:16783984: srtt_us:29403141: RTT:3675392: ssthresh:2147483647: cwnd:17: delivered:35: lost:1: retrans:1
[  213.957043] AAAAA-TCP_SEND: name:enp0s3: saddr:100932208: daddr:16783984: srtt_us:29015428: RTT:3626928: ssthresh:2147483647: cwnd:17: delivered:36: lost:1: retrans:1
[  214.141461] AAAAA-TCP_RECV: name:enp0s3: saddr:16783984: daddr:100932208: srtt_us:29015428: RTT:3626928: ssthresh:2147483647: cwnd:17: delivered:36: lost:1: retrans:1
[  214.263680] AAAAA-TCP_RECV: name:enp0s3: saddr:16783984: daddr:100932208: srtt_us:28567830: RTT:3570978: ssthresh:2147483647: cwnd:17: delivered:37: lost:1: retrans:1
[  214.263720] AAAAA-TCP_SEND: name:enp0s3: saddr:100932208: daddr:16783984: srtt_us:28567830: RTT:3570978: ssthresh:2147483647: cwnd:17: delivered:37: lost:1: retrans:1
[  214.268883] AAAAA-TCP_SEND: name:enp0s3: saddr:100932208: daddr:16783984: srtt_us:28208997: RTT:3526124: ssthresh:2147483647: cwnd:17: delivered:38: lost:1: retrans:1
[  214.415858] AAAAA-TCP_RECV: name:enp0s3: saddr:16783984: daddr:100932208: srtt_us:28208997: RTT:3526124: ssthresh:2147483647: cwnd:17: delivered:38: lost:1: retrans:1
[  214.444565] AAAAA-TCP_RECV: name:enp0s3: saddr:16783984: daddr:100932208: srtt_us:27880491: RTT:3485061: ssthresh:2147483647: cwnd:17: delivered:39: lost:1: retrans:1
[  214.444594] AAAAA-TCP_SEND: name:enp0s3: saddr:100932208: daddr:16783984: srtt_us:27880491: RTT:3485061: ssthresh:2147483647: cwnd:17: delivered:39: lost:1: retrans:1
[  214.449757] AAAAA-TCP_SEND: name:enp0s3: saddr:100932208: daddr:16783984: srtt_us:27612829: RTT:3451603: ssthresh:2147483647: cwnd:17: delivered:40: lost:1: retrans:1
[  214.485194] AAAAA-TCP_RECV: name:enp0s3: saddr:16783984: daddr:100932208: srtt_us:27612829: RTT:3451603: ssthresh:2147483647: cwnd:17: delivered:40: lost:1: retrans:1
[  214.521261] AAAAA-TCP_RECV: name:enp0s3: saddr:16783984: daddr:100932208: srtt_us:27300640: RTT:3412580: ssthresh:2147483647: cwnd:17: delivered:41: lost:1: retrans:1
[  214.521286] AAAAA-TCP_SEND: name:enp0s3: saddr:100932208: daddr:16783984: srtt_us:27300640: RTT:3412580: ssthresh:2147483647: cwnd:17: delivered:41: lost:1: retrans:1
[  214.526443] AAAAA-TCP_SEND: name:enp0s3: saddr:100932208: daddr:16783984: srtt_us:27010340: RTT:3376292: ssthresh:2147483647: cwnd:17: delivered:42: lost:1: retrans:1
[  214.668593] AAAAA-TCP_RECV: name:enp0s3: saddr:16783984: daddr:100932208: srtt_us:27010340: RTT:3376292: ssthresh:2147483647: cwnd:17: delivered:42: lost:1: retrans:1
[  214.932673] AAAAA-TCP_RECV: name:enp0s3: saddr:16783984: daddr:100932208: srtt_us:26783402: RTT:3347925: ssthresh:2147483647: cwnd:17: delivered:43: lost:1: retrans:1
[  214.932725] AAAAA-TCP_SEND: name:enp0s3: saddr:100932208: daddr:16783984: srtt_us:26783402: RTT:3347925: ssthresh:2147483647: cwnd:17: delivered:43: lost:1: retrans:1
[  215.530666] AAAAA-TCP_RECV: name:enp0s3: saddr:16783984: daddr:100932208: srtt_us:26544477: RTT:3318059: ssthresh:2147483647: cwnd:4: delivered:44: lost:1: retrans:1
[  215.660604] AAAAA-TCP_RECV: name:enp0s3: saddr:16783984: daddr:100932208: srtt_us:26241440: RTT:3280180: ssthresh:2147483647: cwnd:4: delivered:45: lost:1: retrans:1
[  215.738522] AAAAA-TCP_RECV: name:enp0s3: saddr:16783984: daddr:100932208: srtt_us:26101065: RTT:3262633: ssthresh:2147483647: cwnd:4: delivered:46: lost:1: retrans:1
[  215.841636] AAAAA-TCP_RECV: name:enp0s3: saddr:33561200: daddr:100932208: srtt_us:28415053: RTT:3551881: ssthresh:2147483647: cwnd:16: delivered:29: lost:12: retrans:4
[  215.920547] AAAAA-TCP_RECV: name:enp0s3: saddr:33561200: daddr:100932208: srtt_us:28138207: RTT:3517275: ssthresh:2147483647: cwnd:4: delivered:30: lost:12: retrans:4
[  216.103274] AAAAA-TCP_RECV: name:enp0s3: saddr:33561200: daddr:100932208: srtt_us:27862955: RTT:3482869: ssthresh:2147483647: cwnd:4: delivered:31: lost:12: retrans:4
[  216.162368] AAAAA-TCP_RECV: name:enp0s3: saddr:33561200: daddr:100932208: srtt_us:27665637: RTT:3458204: ssthresh:2147483647: cwnd:4: delivered:32: lost:12: retrans:4
[  216.369505] AAAAA-TCP_RECV: name:enp0s3: saddr:33561200: daddr:100932208: srtt_us:27498096: RTT:3437262: ssthresh:2147483647: cwnd:4: delivered:33: lost:12: retrans:4
[  216.458671] AAAAA-TCP_RECV: name:enp0s3: saddr:33561200: daddr:100932208: srtt_us:27231325: RTT:3403915: ssthresh:2147483647: cwnd:4: delivered:34: lost:12: retrans:4
[  216.483055] AAAAA-TCP_RECV: name:enp0s3: saddr:33561200: daddr:100932208: srtt_us:27081410: RTT:3385176: ssthresh:2147483647: cwnd:4: delivered:35: lost:12: retrans:4
[  216.503045] AAAAA-TCP_RECV: name:enp0s3: saddr:33561200: daddr:100932208: srtt_us:26839429: RTT:3354928: ssthresh:2147483647: cwnd:4: delivered:36: lost:12: retrans:4
[  216.521055] AAAAA-TCP_RECV: name:enp0s3: saddr:33561200: daddr:100932208: srtt_us:26641800: RTT:3330225: ssthresh:2147483647: cwnd:4: delivered:37: lost:12: retrans:4
[  216.590390] AAAAA-TCP_RECV: name:enp0s3: saddr:33561200: daddr:100932208: srtt_us:26436435: RTT:3304554: ssthresh:2147483647: cwnd:4: delivered:38: lost:12: retrans:4
[  216.609775] AAAAA-TCP_RECV: name:enp0s3: saddr:33561200: daddr:100932208: srtt_us:26320198: RTT:3290024: ssthresh:2147483647: cwnd:4: delivered:39: lost:12: retrans:4
[  216.627813] AAAAA-TCP_RECV: name:enp0s3: saddr:33561200: daddr:100932208: srtt_us:26081656: RTT:3260207: ssthresh:2147483647: cwnd:4: delivered:40: lost:12: retrans:4
[  216.643930] AAAAA-TCP_RECV: name:enp0s3: saddr:33561200: daddr:100932208: srtt_us:25885089: RTT:3235636: ssthresh:2147483647: cwnd:4: delivered:41: lost:12: retrans:4
[  216.674213] AAAAA-TCP_RECV: name:enp0s3: saddr:33561200: daddr:100932208: srtt_us:25680996: RTT:3210124: ssthresh:2147483647: cwnd:4: delivered:42: lost:12: retrans:4
[  216.674247] AAAAA-TCP_SEND: name:enp0s3: saddr:100932208: daddr:33561200: srtt_us:25680996: RTT:3210124: ssthresh:2147483647: cwnd:4: delivered:42: lost:12: retrans:4
[  216.680113] AAAAA-TCP_SEND: name:enp0s3: saddr:100932208: daddr:33561200: srtt_us:25526817: RTT:3190852: ssthresh:2147483647: cwnd:4: delivered:43: lost:12: retrans:4
[  216.734077] AAAAA-TCP_RECV: name:enp0s3: saddr:33561200: daddr:100932208: srtt_us:25526817: RTT:3190852: ssthresh:2147483647: cwnd:4: delivered:43: lost:12: retrans:4
[  216.751805] AAAAA-TCP_RECV: name:enp0s3: saddr:33561200: daddr:100932208: srtt_us:25411787: RTT:3176473: ssthresh:2147483647: cwnd:4: delivered:44: lost:12: retrans:4
[  216.770529] AAAAA-TCP_RECV: name:enp0s3: saddr:16783984: daddr:100932208: srtt_us:26045871: RTT:3255733: ssthresh:2147483647: cwnd:4: delivered:47: lost:1: retrans:1
[  216.791021] AAAAA-TCP_RECV: name:enp0s3: saddr:16783984: daddr:100932208: srtt_us:25772618: RTT:3221577: ssthresh:2147483647: cwnd:4: delivered:48: lost:1: retrans:1
[  216.807279] AAAAA-TCP_RECV: name:enp0s3: saddr:16783984: daddr:100932208: srtt_us:25548774: RTT:3193596: ssthresh:2147483647: cwnd:4: delivered:49: lost:1: retrans:1
[  216.824468] AAAAA-TCP_RECV: name:enp0s3: saddr:16783984: daddr:100932208: srtt_us:25315469: RTT:3164433: ssthresh:2147483647: cwnd:4: delivered:50: lost:1: retrans:1
[  216.887493] AAAAA-TCP_RECV: name:enp0s3: saddr:16783984: daddr:100932208: srtt_us:25123325: RTT:3140415: ssthresh:2147483647: cwnd:4: delivered:51: lost:1: retrans:1
[  216.903639] AAAAA-TCP_RECV: name:enp0s3: saddr:16783984: daddr:100932208: srtt_us:24918577: RTT:3114822: ssthresh:2147483647: cwnd:4: delivered:52: lost:1: retrans:1
[  216.919763] AAAAA-TCP_RECV: name:enp0s3: saddr:16783984: daddr:100932208: srtt_us:24750394: RTT:3093799: ssthresh:2147483647: cwnd:4: delivered:53: lost:1: retrans:1
[  216.935897] AAAAA-TCP_RECV: name:enp0s3: saddr:16783984: daddr:100932208: srtt_us:24312685: RTT:3039085: ssthresh:2147483647: cwnd:4: delivered:54: lost:1: retrans:1
[  216.968309] AAAAA-TCP_RECV: name:enp0s3: saddr:16783984: daddr:100932208: srtt_us:23940645: RTT:2992580: ssthresh:2147483647: cwnd:4: delivered:55: lost:1: retrans:1
[  216.986732] AAAAA-TCP_RECV: name:enp0s3: saddr:16783984: daddr:100932208: srtt_us:23471811: RTT:2933976: ssthresh:2147483647: cwnd:4: delivered:56: lost:1: retrans:1
[  217.006022] AAAAA-TCP_RECV: name:enp0s3: saddr:16783984: daddr:100932208: srtt_us:23074839: RTT:2884354: ssthresh:2147483647: cwnd:4: delivered:57: lost:1: retrans:1
[  217.080536] AAAAA-TCP_RECV: name:enp0s3: saddr:16783984: daddr:100932208: srtt_us:22675250: RTT:2834406: ssthresh:2147483647: cwnd:4: delivered:58: lost:1: retrans:1
[  217.096620] AAAAA-TCP_RECV: name:enp0s3: saddr:16783984: daddr:100932208: srtt_us:22394981: RTT:2799372: ssthresh:2147483647: cwnd:4: delivered:59: lost:1: retrans:1
[  217.211002] AAAAA-TCP_RECV: name:enp0s3: saddr:33561200: daddr:100932208: srtt_us:25322314: RTT:3165289: ssthresh:2147483647: cwnd:4: delivered:45: lost:12: retrans:4
[  217.247767] AAAAA-TCP_RECV: name:enp0s3: saddr:33561200: daddr:100932208: srtt_us:22693819: RTT:2836727: ssthresh:2147483647: cwnd:18: delivered:46: lost:12: retrans:4
[  238.162287] AAAAA-TCP_SEND: name:enp0s3: saddr:100932208: daddr:33561200: srtt_us:20424790: RTT:2553098: ssthresh:2147483647: cwnd:18: delivered:47: lost:12: retrans:4
[  238.162407] AAAAA-TCP_SEND: name:enp0s3: saddr:100932208: daddr:16783984: srtt_us:21759546: RTT:2719943: ssthresh:2147483647: cwnd:18: delivered:60: lost:1: retrans:1
[  238.167555] AAAAA-TCP_SEND: name:enp0s3: saddr:100932208: daddr:16783984: srtt_us:21759546: RTT:2719943: ssthresh:2147483647: cwnd:18: delivered:60: lost:1: retrans:1
[  238.168141] AAAAA-TCP_SEND: name:enp0s3: saddr:100932208: daddr:33561200: srtt_us:20424790: RTT:2553098: ssthresh:2147483647: cwnd:18: delivered:47: lost:12: retrans:4
[  238.177815] AAAAA-TCP_SEND: name:enp0s3: saddr:100932208: daddr:16783984: srtt_us:21759546: RTT:2719943: ssthresh:2147483647: cwnd:18: delivered:60: lost:1: retrans:1
[  238.179817] AAAAA-TCP_SEND: name:enp0s3: saddr:100932208: daddr:33561200: srtt_us:20424790: RTT:2553098: ssthresh:2147483647: cwnd:18: delivered:47: lost:12: retrans:4
[  238.188079] AAAAA-TCP_SEND: name:enp0s3: saddr:100932208: daddr:16783984: srtt_us:21759546: RTT:2719943: ssthresh:2147483647: cwnd:18: delivered:60: lost:1: retrans:1
[  238.191534] AAAAA-TCP_SEND: name:enp0s3: saddr:100932208: daddr:33561200: srtt_us:20424790: RTT:2553098: ssthresh:2147483647: cwnd:18: delivered:47: lost:12: retrans:4
[  238.198642] AAAAA-TCP_SEND: name:enp0s3: saddr:100932208: daddr:16783984: srtt_us:21759546: RTT:2719943: ssthresh:2147483647: cwnd:18: delivered:60: lost:1: retrans:1
[  238.203225] AAAAA-TCP_SEND: name:enp0s3: saddr:100932208: daddr:33561200: srtt_us:20424790: RTT:2553098: ssthresh:2147483647: cwnd:18: delivered:47: lost:12: retrans:4
[  238.212536] AAAAA-TCP_SEND: name:enp0s3: saddr:100932208: daddr:16783984: srtt_us:21759546: RTT:2719943: ssthresh:2147483647: cwnd:18: delivered:60: lost:1: retrans:1
[  238.214920] AAAAA-TCP_SEND: name:enp0s3: saddr:100932208: daddr:33561200: srtt_us:20424790: RTT:2553098: ssthresh:2147483647: cwnd:18: delivered:47: lost:12: retrans:4
[  238.218870] AAAAA-TCP_SEND: name:enp0s3: saddr:100932208: daddr:16783984: srtt_us:21759546: RTT:2719943: ssthresh:2147483647: cwnd:18: delivered:60: lost:1: retrans:1
[  238.226611] AAAAA-TCP_SEND: name:enp0s3: saddr:100932208: daddr:33561200: srtt_us:20424790: RTT:2553098: ssthresh:2147483647: cwnd:18: delivered:47: lost:12: retrans:4
[  238.229134] AAAAA-TCP_SEND: name:enp0s3: saddr:100932208: daddr:16783984: srtt_us:21759546: RTT:2719943: ssthresh:2147483647: cwnd:18: delivered:60: lost:1: retrans:1
[  238.238307] AAAAA-TCP_SEND: name:enp0s3: saddr:100932208: daddr:33561200: srtt_us:20424790: RTT:2553098: ssthresh:2147483647: cwnd:18: delivered:47: lost:12: retrans:4
[  238.239486] AAAAA-TCP_SEND: name:enp0s3: saddr:100932208: daddr:16783984: srtt_us:21759546: RTT:2719943: ssthresh:2147483647: cwnd:18: delivered:60: lost:1: retrans:1
[  238.249658] AAAAA-TCP_SEND: name:enp0s3: saddr:100932208: daddr:16783984: srtt_us:21759546: RTT:2719943: ssthresh:2147483647: cwnd:18: delivered:60: lost:1: retrans:1
[  238.249999] AAAAA-TCP_SEND: name:enp0s3: saddr:100932208: daddr:33561200: srtt_us:20424790: RTT:2553098: ssthresh:2147483647: cwnd:18: delivered:47: lost:12: retrans:4
[  238.259922] AAAAA-TCP_SEND: name:enp0s3: saddr:100932208: daddr:16783984: srtt_us:21759546: RTT:2719943: ssthresh:2147483647: cwnd:18: delivered:60: lost:1: retrans:1
[  238.261689] AAAAA-TCP_SEND: name:enp0s3: saddr:100932208: daddr:33561200: srtt_us:20424790: RTT:2553098: ssthresh:2147483647: cwnd:18: delivered:47: lost:12: retrans:4
[  238.270186] AAAAA-TCP_SEND: name:enp0s3: saddr:100932208: daddr:16783984: srtt_us:21759546: RTT:2719943: ssthresh:2147483647: cwnd:18: delivered:60: lost:1: retrans:1
[  238.273387] AAAAA-TCP_SEND: name:enp0s3: saddr:100932208: daddr:33561200: srtt_us:20424790: RTT:2553098: ssthresh:2147483647: cwnd:18: delivered:47: lost:12: retrans:4
[  238.280448] AAAAA-TCP_SEND: name:enp0s3: saddr:100932208: daddr:16783984: srtt_us:21759546: RTT:2719943: ssthresh:2147483647: cwnd:18: delivered:60: lost:1: retrans:1
[  238.285078] AAAAA-TCP_SEND: name:enp0s3: saddr:100932208: daddr:33561200: srtt_us:20424790: RTT:2553098: ssthresh:2147483647: cwnd:18: delivered:47: lost:12: retrans:4
[  238.290711] AAAAA-TCP_SEND: name:enp0s3: saddr:100932208: daddr:16783984: srtt_us:21759546: RTT:2719943: ssthresh:2147483647: cwnd:18: delivered:60: lost:1: retrans:1
[  238.296775] AAAAA-TCP_SEND: name:enp0s3: saddr:100932208: daddr:33561200: srtt_us:20424790: RTT:2553098: ssthresh:2147483647: cwnd:18: delivered:47: lost:12: retrans:4
[  238.300974] AAAAA-TCP_SEND: name:enp0s3: saddr:100932208: daddr:16783984: srtt_us:21759546: RTT:2719943: ssthresh:2147483647: cwnd:18: delivered:60: lost:1: retrans:1
[  238.308474] AAAAA-TCP_SEND: name:enp0s3: saddr:100932208: daddr:33561200: srtt_us:20424790: RTT:2553098: ssthresh:2147483647: cwnd:18: delivered:47: lost:12: retrans:4
[  238.311462] AAAAA-TCP_SEND: name:enp0s3: saddr:100932208: daddr:16783984: srtt_us:21759546: RTT:2719943: ssthresh:2147483647: cwnd:18: delivered:60: lost:1: retrans:1
[  238.320164] AAAAA-TCP_SEND: name:enp0s3: saddr:100932208: daddr:33561200: srtt_us:20424790: RTT:2553098: ssthresh:2147483647: cwnd:18: delivered:47: lost:12: retrans:4
[  238.321498] AAAAA-TCP_SEND: name:enp0s3: saddr:100932208: daddr:16783984: srtt_us:21759546: RTT:2719943: ssthresh:2147483647: cwnd:18: delivered:60: lost:1: retrans:1
[  238.331761] AAAAA-TCP_SEND: name:enp0s3: saddr:100932208: daddr:16783984: srtt_us:21759546: RTT:2719943: ssthresh:2147483647: cwnd:18: delivered:60: lost:1: retrans:1
[  238.331868] AAAAA-TCP_SEND: name:enp0s3: saddr:100932208: daddr:33561200: srtt_us:20424790: RTT:2553098: ssthresh:2147483647: cwnd:18: delivered:47: lost:12: retrans:4
[  238.343552] AAAAA-TCP_SEND: name:enp0s3: saddr:100932208: daddr:33561200: srtt_us:20424790: RTT:2553098: ssthresh:2147483647: cwnd:18: delivered:47: lost:12: retrans:4
[  238.358677] AAAAA-TCP_SEND: name:enp0s3: saddr:100932208: daddr:33561200: srtt_us:20424790: RTT:2553098: ssthresh:2147483647: cwnd:18: delivered:47: lost:12: retrans:4
[  238.690315] AAAAA-TCP_RECV: name:enp0s3: saddr:33561200: daddr:100932208: srtt_us:20424790: RTT:2553098: ssthresh:2147483647: cwnd:18: delivered:47: lost:12: retrans:4
[  238.690388] AAAAA-TCP_SEND: name:enp0s3: saddr:100932208: daddr:33561200: srtt_us:18399768: RTT:2299971: ssthresh:2147483647: cwnd:18: delivered:48: lost:12: retrans:4
[  238.989779] AAAAA-TCP_RECV: name:enp0s3: saddr:16783984: daddr:100932208: srtt_us:21759546: RTT:2719943: ssthresh:2147483647: cwnd:18: delivered:60: lost:1: retrans:1
[  238.989848] AAAAA-TCP_SEND: name:enp0s3: saddr:100932208: daddr:16783984: srtt_us:19867012: RTT:2483376: ssthresh:2147483647: cwnd:19: delivered:61: lost:1: retrans:1
[  239.302988] AAAAA-TCP_RECV: name:enp0s3: saddr:16783984: daddr:100932208: srtt_us:19867012: RTT:2483376: ssthresh:2147483647: cwnd:19: delivered:61: lost:1: retrans:1
[  239.303036] AAAAA-TCP_SEND: name:enp0s3: saddr:100932208: daddr:16783984: srtt_us:18519096: RTT:2314887: ssthresh:2147483647: cwnd:19: delivered:62: lost:1: retrans:1
[  239.662790] AAAAA-TCP_RECV: name:enp0s3: saddr:33561200: daddr:100932208: srtt_us:18399768: RTT:2299971: ssthresh:2147483647: cwnd:18: delivered:48: lost:12: retrans:4
[  239.662864] AAAAA-TCP_SEND: name:enp0s3: saddr:100932208: daddr:33561200: srtt_us:17594473: RTT:2199309: ssthresh:2147483647: cwnd:19: delivered:49: lost:12: retrans:4
[  240.509483] AAAAA-TCP_RECV: name:enp0s3: saddr:16783984: daddr:100932208: srtt_us:18519096: RTT:2314887: ssthresh:2147483647: cwnd:19: delivered:62: lost:1: retrans:1
[  240.509535] AAAAA-TCP_SEND: name:enp0s3: saddr:100932208: daddr:16783984: srtt_us:18535904: RTT:2316988: ssthresh:2147483647: cwnd:19: delivered:63: lost:1: retrans:1
[  240.883279] AAAAA-TCP_RECV: name:enp0s3: saddr:33561200: daddr:100932208: srtt_us:17594473: RTT:2199309: ssthresh:2147483647: cwnd:19: delivered:49: lost:12: retrans:4
[  240.883331] AAAAA-TCP_SEND: name:enp0s3: saddr:100932208: daddr:33561200: srtt_us:18098651: RTT:2262331: ssthresh:2147483647: cwnd:19: delivered:50: lost:12: retrans:4
[  241.217916] AAAAA-TCP_RECV: name:enp0s3: saddr:16783984: daddr:100932208: srtt_us:18535904: RTT:2316988: ssthresh:2147483647: cwnd:19: delivered:63: lost:1: retrans:1
[  241.217959] AAAAA-TCP_SEND: name:enp0s3: saddr:100932208: daddr:16783984: srtt_us:19248762: RTT:2406095: ssthresh:2147483647: cwnd:19: delivered:64: lost:1: retrans:1
[  241.516499] AAAAA-TCP_RECV: name:enp0s3: saddr:33561200: daddr:100932208: srtt_us:18098651: RTT:2262331: ssthresh:2147483647: cwnd:19: delivered:50: lost:12: retrans:4
[  241.516554] AAAAA-TCP_SEND: name:enp0s3: saddr:100932208: daddr:33561200: srtt_us:19161312: RTT:2395164: ssthresh:2147483647: cwnd:19: delivered:51: lost:12: retrans:4
[  241.651067] AAAAA-TCP_RECV: name:enp0s3: saddr:16783984: daddr:100932208: srtt_us:19248762: RTT:2406095: ssthresh:2147483647: cwnd:19: delivered:64: lost:1: retrans:1
[  241.651115] AAAAA-TCP_SEND: name:enp0s3: saddr:100932208: daddr:16783984: srtt_us:20295101: RTT:2536887: ssthresh:2147483647: cwnd:19: delivered:65: lost:1: retrans:1
[  241.765913] AAAAA-TCP_RECV: name:enp0s3: saddr:33561200: daddr:100932208: srtt_us:19161312: RTT:2395164: ssthresh:2147483647: cwnd:19: delivered:51: lost:12: retrans:4
[  241.765959] AAAAA-TCP_SEND: name:enp0s3: saddr:100932208: daddr:33561200: srtt_us:20328844: RTT:2541105: ssthresh:2147483647: cwnd:19: delivered:52: lost:12: retrans:4
[  241.888175] AAAAA-TCP_RECV: name:enp0s3: saddr:16783984: daddr:100932208: srtt_us:20295101: RTT:2536887: ssthresh:2147483647: cwnd:19: delivered:65: lost:1: retrans:1
[  241.888232] AAAAA-TCP_SEND: name:enp0s3: saddr:100932208: daddr:16783984: srtt_us:21433880: RTT:2679235: ssthresh:2147483647: cwnd:19: delivered:66: lost:1: retrans:1
[  242.147228] AAAAA-TCP_RECV: name:enp0s3: saddr:33561200: daddr:100932208: srtt_us:20328844: RTT:2541105: ssthresh:2147483647: cwnd:19: delivered:52: lost:12: retrans:4
[  242.147311] AAAAA-TCP_SEND: name:enp0s3: saddr:100932208: daddr:33561200: srtt_us:21720094: RTT:2715011: ssthresh:2147483647: cwnd:19: delivered:53: lost:12: retrans:4
[  242.279899] AAAAA-TCP_RECV: name:enp0s3: saddr:16783984: daddr:100932208: srtt_us:21433880: RTT:2679235: ssthresh:2147483647: cwnd:19: delivered:66: lost:1: retrans:1
[  242.279956] AAAAA-TCP_SEND: name:enp0s3: saddr:100932208: daddr:16783984: srtt_us:22044727: RTT:2755590: ssthresh:2147483647: cwnd:7: delivered:67: lost:13: retrans:2
[  242.358474] AAAAA-TCP_RECV: name:enp0s3: saddr:16783984: daddr:100932208: srtt_us:22044727: RTT:2755590: ssthresh:2147483647: cwnd:7: delivered:67: lost:13: retrans:2
[  242.358558] AAAAA-TCP_SEND: name:enp0s3: saddr:100932208: daddr:16783984: srtt_us:23429137: RTT:2928642: ssthresh:2147483647: cwnd:19: delivered:68: lost:13: retrans:2
[  242.363692] AAAAA-TCP_SEND: name:enp0s3: saddr:100932208: daddr:16783984: srtt_us:23429137: RTT:2928642: ssthresh:2147483647: cwnd:19: delivered:68: lost:13: retrans:2
[  242.397474] AAAAA-TCP_RECV: name:enp0s3: saddr:33561200: daddr:100932208: srtt_us:21720094: RTT:2715011: ssthresh:2147483647: cwnd:19: delivered:53: lost:12: retrans:4
[  242.397507] AAAAA-TCP_SEND: name:enp0s3: saddr:100932208: daddr:33561200: srtt_us:23175965: RTT:2896995: ssthresh:2147483647: cwnd:19: delivered:54: lost:12: retrans:4
[  242.558200] AAAAA-TCP_RECV: name:enp0s3: saddr:16783984: daddr:100932208: srtt_us:23429137: RTT:2928642: ssthresh:2147483647: cwnd:19: delivered:68: lost:13: retrans:2
[  242.636791] AAAAA-TCP_RECV: name:enp0s3: saddr:16783984: daddr:100932208: srtt_us:24068881: RTT:3008610: ssthresh:2147483647: cwnd:19: delivered:69: lost:13: retrans:2
[  242.636840] AAAAA-TCP_SEND: name:enp0s3: saddr:100932208: daddr:16783984: srtt_us:24068881: RTT:3008610: ssthresh:2147483647: cwnd:19: delivered:69: lost:13: retrans:2
[  242.749324] AAAAA-TCP_RECV: name:enp0s3: saddr:16783984: daddr:100932208: srtt_us:24394074: RTT:3049259: ssthresh:2147483647: cwnd:19: delivered:70: lost:13: retrans:2
[  242.749369] AAAAA-TCP_SEND: name:enp0s3: saddr:100932208: daddr:16783984: srtt_us:24394074: RTT:3049259: ssthresh:2147483647: cwnd:19: delivered:70: lost:13: retrans:2
[  242.754597] AAAAA-TCP_SEND: name:enp0s3: saddr:100932208: daddr:16783984: srtt_us:25865046: RTT:3233130: ssthresh:2147483647: cwnd:19: delivered:71: lost:13: retrans:2
[  242.839121] AAAAA-TCP_RECV: name:enp0s3: saddr:33561200: daddr:100932208: srtt_us:23175965: RTT:2896995: ssthresh:2147483647: cwnd:19: delivered:54: lost:12: retrans:4
[  242.839165] AAAAA-TCP_SEND: name:enp0s3: saddr:100932208: daddr:33561200: srtt_us:23455258: RTT:2931907: ssthresh:2147483647: cwnd:7: delivered:55: lost:24: retrans:5
[  242.914363] AAAAA-TCP_RECV: name:enp0s3: saddr:33561200: daddr:100932208: srtt_us:23455258: RTT:2931907: ssthresh:2147483647: cwnd:7: delivered:55: lost:24: retrans:5
[  242.914397] AAAAA-TCP_SEND: name:enp0s3: saddr:100932208: daddr:33561200: srtt_us:23774879: RTT:2971859: ssthresh:2147483647: cwnd:7: delivered:56: lost:24: retrans:6
[  243.011514] AAAAA-TCP_RECV: name:enp0s3: saddr:33561200: daddr:100932208: srtt_us:23774879: RTT:2971859: ssthresh:2147483647: cwnd:7: delivered:56: lost:24: retrans:6
[  243.011610] AAAAA-TCP_SEND: name:enp0s3: saddr:100932208: daddr:33561200: srtt_us:25576020: RTT:3197002: ssthresh:2147483647: cwnd:8: delivered:57: lost:24: retrans:6
[  243.019001] AAAAA-TCP_SEND: name:enp0s3: saddr:100932208: daddr:33561200: srtt_us:25576020: RTT:3197002: ssthresh:2147483647: cwnd:8: delivered:57: lost:24: retrans:7
[  243.075002] AAAAA-TCP_RECV: name:enp0s3: saddr:16783984: daddr:100932208: srtt_us:25865046: RTT:3233130: ssthresh:2147483647: cwnd:19: delivered:71: lost:13: retrans:2
[  243.141554] AAAAA-TCP_RECV: name:enp0s3: saddr:16783984: daddr:100932208: srtt_us:25197428: RTT:3149678: ssthresh:2147483647: cwnd:19: delivered:72: lost:13: retrans:2
[  243.141622] AAAAA-TCP_SEND: name:enp0s3: saddr:100932208: daddr:16783984: srtt_us:25197428: RTT:3149678: ssthresh:2147483647: cwnd:19: delivered:72: lost:13: retrans:2
[  243.146820] AAAAA-TCP_SEND: name:enp0s3: saddr:100932208: daddr:16783984: srtt_us:26949878: RTT:3368734: ssthresh:2147483647: cwnd:19: delivered:73: lost:13: retrans:2
[  243.241877] AAAAA-TCP_RECV: name:enp0s3: saddr:16783984: daddr:100932208: srtt_us:26949878: RTT:3368734: ssthresh:2147483647: cwnd:19: delivered:73: lost:13: retrans:2
[  243.241921] AAAAA-TCP_SEND: name:enp0s3: saddr:100932208: daddr:16783984: srtt_us:28573383: RTT:3571672: ssthresh:2147483647: cwnd:19: delivered:74: lost:13: retrans:2
[  243.449903] AAAAA-TCP_RECV: name:enp0s3: saddr:33561200: daddr:100932208: srtt_us:25576020: RTT:3197002: ssthresh:2147483647: cwnd:8: delivered:57: lost:24: retrans:7
[  243.449950] AAAAA-TCP_SEND: name:enp0s3: saddr:100932208: daddr:33561200: srtt_us:24945605: RTT:3118200: ssthresh:2147483647: cwnd:9: delivered:58: lost:24: retrans:8
[  243.465776] AAAAA-TCP_SEND: name:enp0s3: saddr:100932208: daddr:33561200: srtt_us:24945605: RTT:3118200: ssthresh:2147483647: cwnd:9: delivered:58: lost:24: retrans:9
[  243.521010] AAAAA-TCP_RECV: name:enp0s3: saddr:33561200: daddr:100932208: srtt_us:24945605: RTT:3118200: ssthresh:2147483647: cwnd:9: delivered:58: lost:24: retrans:9
[  243.521042] AAAAA-TCP_SEND: name:enp0s3: saddr:100932208: daddr:33561200: srtt_us:27098405: RTT:3387300: ssthresh:2147483647: cwnd:10: delivered:59: lost:24: retrans:9
[  243.527440] AAAAA-TCP_SEND: name:enp0s3: saddr:100932208: daddr:33561200: srtt_us:27098405: RTT:3387300: ssthresh:2147483647: cwnd:10: delivered:59: lost:24: retrans:10
[  243.717539] AAAAA-TCP_RECV: name:enp0s3: saddr:16783984: daddr:100932208: srtt_us:28573383: RTT:3571672: ssthresh:2147483647: cwnd:19: delivered:74: lost:13: retrans:2
[  243.717591] AAAAA-TCP_SEND: name:enp0s3: saddr:100932208: daddr:16783984: srtt_us:30459351: RTT:3807418: ssthresh:2147483647: cwnd:19: delivered:75: lost:13: retrans:2
[  243.858863] AAAAA-TCP_RECV: name:enp0s3: saddr:33561200: daddr:100932208: srtt_us:27098405: RTT:3387300: ssthresh:2147483647: cwnd:10: delivered:59: lost:24: retrans:10
[  243.858918] AAAAA-TCP_SEND: name:enp0s3: saddr:100932208: daddr:33561200: srtt_us:29308105: RTT:3663513: ssthresh:6: cwnd:11: delivered:60: lost:24: retrans:10
