[    0.000000] Linux version 5.4.243-mptcp (root@ztg) (gcc version 12.2.0 (Debian 12.2.0-14+deb12u1)) #53 SMP Wed Dec 24 23:28:15 CST 2025
[    0.000000] Command line: BOOT_IMAGE=/boot/vmlinuz-5.4.243-mptcp root=UUID=98415a12-53b7-4144-8265-0f7ece09e445 ro quiet splash
[    0.000000] KERNEL supported cpus:
[    0.000000]   Intel GenuineIntel
[    0.000000]   AMD AuthenticAMD
[    0.000000]   Hygon HygonGenuine
[    0.000000]   Centaur CentaurHauls
[    0.000000]   zhaoxin   Shanghai  
[    0.000000] x86/fpu: Supporting XSAVE feature 0x001: 'x87 floating point registers'
[    0.000000] x86/fpu: Supporting XSAVE feature 0x002: 'SSE registers'
[    0.000000] x86/fpu: Supporting XSAVE feature 0x004: 'AVX registers'
[    0.000000] x86/fpu: xstate_offset[2]:  576, xstate_sizes[2]:  256
[    0.000000] x86/fpu: Enabled xstate features 0x7, context size is 832 bytes, using 'standard' format.
[    0.000000] BIOS-provided physical RAM map:
[    0.000000] BIOS-e820: [mem 0x0000000000000000-0x000000000009fbff] usable
[    0.000000] BIOS-e820: [mem 0x000000000009fc00-0x000000000009ffff] reserved
[    0.000000] BIOS-e820: [mem 0x00000000000f0000-0x00000000000fffff] reserved
[    0.000000] BIOS-e820: [mem 0x0000000000100000-0x000000007ffeffff] usable
[    0.000000] BIOS-e820: [mem 0x000000007fff0000-0x000000007fffffff] ACPI data
[    0.000000] BIOS-e820: [mem 0x00000000fec00000-0x00000000fec00fff] reserved
[    0.000000] BIOS-e820: [mem 0x00000000fee00000-0x00000000fee00fff] reserved
[    0.000000] BIOS-e820: [mem 0x00000000fffc0000-0x00000000ffffffff] reserved
[    0.000000] NX (Execute Disable) protection: active
[    0.000000] SMBIOS 2.5 present.
[    0.000000] DMI: innotek GmbH VirtualBox/VirtualBox, BIOS VirtualBox 12/01/2006
[    0.000000] Hypervisor detected: KVM
[    0.000000] kvm-clock: Using msrs 4b564d01 and 4b564d00
[    0.000000] kvm-clock: cpu 0, msr d001001, primary cpu clock
[    0.000000] kvm-clock: using sched offset of 4451530876 cycles
[    0.000003] clocksource: kvm-clock: mask: 0xffffffffffffffff max_cycles: 0x1cd42e4dffb, max_idle_ns: 881590591483 ns
[    0.000005] tsc: Detected 2100.000 MHz processor
[    0.001881] e820: update [mem 0x00000000-0x00000fff] usable ==> reserved
[    0.001883] e820: remove [mem 0x000a0000-0x000fffff] usable
[    0.001887] last_pfn = 0x7fff0 max_arch_pfn = 0x400000000
[    0.001956] MTRR default type: uncachable
[    0.001956] MTRR fixed ranges enabled:
[    0.001958]   00000-9FFFF write-back
[    0.001958]   A0000-BFFFF uncachable
[    0.001959]   C0000-FFFFF write-protect
[    0.001960] MTRR variable ranges enabled:
[    0.001961]   0 base 000000000000 mask 3FFF80000000 write-back
[    0.001962]   1 disabled
[    0.001962]   2 disabled
[    0.001963]   3 disabled
[    0.001963]   4 disabled
[    0.001964]   5 disabled
[    0.001964]   6 disabled
[    0.001964]   7 disabled
[    0.001965]   8 disabled
[    0.001965]   9 disabled
[    0.001966]   10 disabled
[    0.001966]   11 disabled
[    0.001967]   12 disabled
[    0.001967]   13 disabled
[    0.001967]   14 disabled
[    0.001968]   15 disabled
[    0.001984] x86/PAT: Configuration [0-7]: WB  WC  UC- UC  WB  WP  UC- WT  
[    0.002120] found SMP MP-table at [mem 0x0009fff0-0x0009ffff]
[    0.093929] check: Scanning 1 areas for low memory corruption
[    0.094161] RAMDISK: [mem 0x32271000-0x3512ffff]
[    0.094169] ACPI: Early table checksum verification disabled
[    0.094175] ACPI: RSDP 0x00000000000E0000 000024 (v02 VBOX  )
[    0.094179] ACPI: XSDT 0x000000007FFF0030 00003C (v01 VBOX   VBOXXSDT 00000001 ASL  00000061)
[    0.094187] ACPI: FACP 0x000000007FFF00F0 0000F4 (v04 VBOX   VBOXFACP 00000001 ASL  00000061)
[    0.094193] ACPI: DSDT 0x000000007FFF02E0 002353 (v02 VBOX   VBOXBIOS 00000002 VBOX 00029BF3)
[    0.094197] ACPI: FACS 0x000000007FFF0200 000040
[    0.094201] ACPI: FACS 0x000000007FFF0200 000040
[    0.094204] ACPI: APIC 0x000000007FFF0240 000054 (v02 VBOX   VBOXAPIC 00000001 ASL  00000061)
[    0.094208] ACPI: SSDT 0x000000007FFF02A0 000038 (v01 VBOX   VBOXCPUT 00000002 VBOX 00029BF3)
[    0.094211] ACPI: Reserving FACP table memory at [mem 0x7fff00f0-0x7fff01e3]
[    0.094212] ACPI: Reserving DSDT table memory at [mem 0x7fff02e0-0x7fff2632]
[    0.094212] ACPI: Reserving FACS table memory at [mem 0x7fff0200-0x7fff023f]
[    0.094213] ACPI: Reserving FACS table memory at [mem 0x7fff0200-0x7fff023f]
[    0.094214] ACPI: Reserving APIC table memory at [mem 0x7fff0240-0x7fff0293]
[    0.094214] ACPI: Reserving SSDT table memory at [mem 0x7fff02a0-0x7fff02d7]
[    0.094228] ACPI: Local APIC address 0xfee00000
[    0.094428] No NUMA configuration found
[    0.094429] Faking a node at [mem 0x0000000000000000-0x000000007ffeffff]
[    0.094439] NODE_DATA(0) allocated [mem 0x7ffc5000-0x7ffeffff]
[    0.094699] Zone ranges:
[    0.094701]   DMA      [mem 0x0000000000001000-0x0000000000ffffff]
[    0.094702]   DMA32    [mem 0x0000000001000000-0x000000007ffeffff]
[    0.094703]   Normal   empty
[    0.094703]   Device   empty
[    0.094704] Movable zone start for each node
[    0.094706] Early memory node ranges
[    0.094707]   node   0: [mem 0x0000000000001000-0x000000000009efff]
[    0.094708]   node   0: [mem 0x0000000000100000-0x000000007ffeffff]
[    0.094710] Zeroed struct page in unavailable ranges: 114 pages
[    0.094711] Initmem setup node 0 [mem 0x0000000000001000-0x000000007ffeffff]
[    0.094712] On node 0 totalpages: 524174
[    0.094714]   DMA zone: 64 pages used for memmap
[    0.094714]   DMA zone: 21 pages reserved
[    0.094715]   DMA zone: 3998 pages, LIFO batch:0
[    0.094786]   DMA32 zone: 8128 pages used for memmap
[    0.094787]   DMA32 zone: 520176 pages, LIFO batch:63
[    0.103736] ACPI: PM-Timer IO Port: 0x4008
[    0.103740] ACPI: Local APIC address 0xfee00000
[    0.103810] IOAPIC[0]: apic_id 1, version 32, address 0xfec00000, GSI 0-23
[    0.103814] ACPI: INT_SRC_OVR (bus 0 bus_irq 0 global_irq 2 dfl dfl)
[    0.103815] ACPI: INT_SRC_OVR (bus 0 bus_irq 9 global_irq 9 low level)
[    0.103817] ACPI: IRQ0 used by override.
[    0.103819] ACPI: IRQ9 used by override.
[    0.103821] Using ACPI (MADT) for SMP configuration information
[    0.103828] smpboot: Allowing 1 CPUs, 0 hotplug CPUs
[    0.103850] PM: Registered nosave memory: [mem 0x00000000-0x00000fff]
[    0.103852] PM: Registered nosave memory: [mem 0x0009f000-0x0009ffff]
[    0.103852] PM: Registered nosave memory: [mem 0x000a0000-0x000effff]
[    0.103853] PM: Registered nosave memory: [mem 0x000f0000-0x000fffff]
[    0.103854] [mem 0x80000000-0xfebfffff] available for PCI devices
[    0.103855] Booting paravirtualized kernel on KVM
[    0.103859] clocksource: refined-jiffies: mask: 0xffffffff max_cycles: 0xffffffff, max_idle_ns: 7645519600211568 ns
[    0.103863] setup_percpu: NR_CPUS:8192 nr_cpumask_bits:1 nr_cpu_ids:1 nr_node_ids:1
[    0.104860] percpu: Embedded 60 pages/cpu s208896 r8192 d28672 u2097152
[    0.104865] pcpu-alloc: s208896 r8192 d28672 u2097152 alloc=1*2097152
[    0.104865] pcpu-alloc: [0] 0 
[    0.104892] Built 1 zonelists, mobility grouping on.  Total pages: 515961
[    0.104893] Policy zone: DMA32
[    0.104894] Kernel command line: BOOT_IMAGE=/boot/vmlinuz-5.4.243-mptcp root=UUID=98415a12-53b7-4144-8265-0f7ece09e445 ro quiet splash
[    0.105758] Dentry cache hash table entries: 262144 (order: 9, 2097152 bytes, linear)
[    0.105904] Inode-cache hash table entries: 131072 (order: 8, 1048576 bytes, linear)
[    0.105955] mem auto-init: stack:off, heap alloc:on, heap free:off
[    0.105958] Calgary: detecting Calgary via BIOS EBDA area
[    0.105959] Calgary: Unable to locate Rio Grande table in EBDA - bailing!
[    0.110074] Memory: 1967332K/2096696K available (14339K kernel code, 2398K rwdata, 4712K rodata, 2728K init, 17260K bss, 129364K reserved, 0K cma-reserved)
[    0.110989] SLUB: HWalign=64, Order=0-3, MinObjects=0, CPUs=1, Nodes=1
[    0.111006] ftrace: allocating 43186 entries in 169 pages
[    0.129049] rcu: Hierarchical RCU implementation.
[    0.129051] rcu: 	RCU restricting CPUs from NR_CPUS=8192 to nr_cpu_ids=1.
[    0.129052] 	Tasks RCU enabled.
[    0.129053] rcu: RCU calculated value of scheduler-enlistment delay is 25 jiffies.
[    0.129054] rcu: Adjusting geometry for rcu_fanout_leaf=16, nr_cpu_ids=1
[    0.132296] NR_IRQS: 524544, nr_irqs: 256, preallocated irqs: 16
[    0.132633] random: crng init done
[    0.143214] Console: colour VGA+ 80x25
[    0.143219] printk: console [tty0] enabled
[    0.143240] ACPI: Core revision 20190816
[    0.143337] APIC: Switch to symmetric I/O mode setup
[    0.143587] x2apic enabled
[    0.143832] Switched APIC routing to physical x2apic.
[    0.144973] ..TIMER: vector=0x30 apic1=0 pin1=2 apic2=-1 pin2=-1
[    0.144999] clocksource: tsc-early: mask: 0xffffffffffffffff max_cycles: 0x1e4530a99b6, max_idle_ns: 440795257976 ns
[    0.145004] Calibrating delay loop (skipped) preset value.. 4200.00 BogoMIPS (lpj=8400000)
[    0.145006] pid_max: default: 32768 minimum: 301
[    0.145033] LSM: Security Framework initializing
[    0.145043] Yama: becoming mindful.
[    0.145069] AppArmor: AppArmor initialized
[    0.145102] Mount-cache hash table entries: 4096 (order: 3, 32768 bytes, linear)
[    0.145106] Mountpoint-cache hash table entries: 4096 (order: 3, 32768 bytes, linear)
[    0.145117] *** VALIDATE tmpfs ***
[    0.145247] *** VALIDATE proc ***
[    0.145286] *** VALIDATE cgroup1 ***
[    0.145288] *** VALIDATE cgroup2 ***
[    0.145428] process: using mwait in idle threads
[    0.145432] Last level iTLB entries: 4KB 64, 2MB 8, 4MB 8
[    0.145433] Last level dTLB entries: 4KB 64, 2MB 0, 4MB 0, 1GB 4
[    0.145454] Spectre V1 : Mitigation: usercopy/swapgs barriers and __user pointer sanitization
[    0.145460] Spectre V2 : Mitigation: Retpolines
[    0.145460] Spectre V2 : Spectre v2 / SpectreRSB mitigation: Filling RSB on context switch
[    0.145461] Spectre V2 : Spectre v2 / SpectreRSB : Filling RSB on VMEXIT
[    0.145462] RETBleed: WARNING: Spectre v2 mitigation leaves CPU vulnerable to RETBleed attacks, data leaks possible!
[    0.145812] RETBleed: Vulnerable
[    0.145813] Speculative Store Bypass: Vulnerable
[    0.145817] TAA: Mitigation: TSX disabled
[    0.145818] MMIO Stale Data: Mitigation: Clear CPU buffers
[    0.150018] Freeing SMP alternatives memory: 40K
[    0.261001] APIC calibration not consistent with PM-Timer: 97ms instead of 100ms
[    0.261001] APIC delta adjusted to PM-Timer: 6250188 (6084031)
[    0.261001] smpboot: CPU0: Intel(R) Xeon(R) Silver 4216 CPU @ 2.10GHz (family: 0x6, model: 0x55, stepping: 0x7)
[    0.261001] Performance Events: unsupported p6 CPU model 85 no PMU driver, software events only.
[    0.261001] rcu: Hierarchical SRCU implementation.
[    0.261001] NMI watchdog: Perf NMI watchdog permanently disabled
[    0.261001] smp: Bringing up secondary CPUs ...
[    0.261001] smp: Brought up 1 node, 1 CPU
[    0.261001] smpboot: Max logical packages: 1
[    0.261001] smpboot: Total of 1 processors activated (4200.00 BogoMIPS)
[    0.261055] devtmpfs: initialized
[    0.261102] x86/mm: Memory block size: 128MB
[    0.261458] clocksource: jiffies: mask: 0xffffffff max_cycles: 0xffffffff, max_idle_ns: 7645041785100000 ns
[    0.261464] futex hash table entries: 256 (order: 2, 16384 bytes, linear)
[    0.261509] pinctrl core: initialized pinctrl subsystem
[    0.261610] PM: RTC time: 16:25:48, date: 2026-01-11
[    0.261716] NET: Registered protocol family 16
[    0.261789] audit: initializing netlink subsys (disabled)
[    0.261915] EISA bus registered
[    0.261917] cpuidle: using governor ladder
[    0.261917] cpuidle: using governor menu
[    0.261954] ACPI: bus type PCI registered
[    0.261955] acpiphp: ACPI Hot Plug PCI Controller Driver version: 0.5
[    0.262059] PCI: Using configuration type 1 for base access
[    0.263727] audit: type=2000 audit(1768119954.534:1): state=initialized audit_enabled=0 res=1
[    0.263804] HugeTLB registered 2.00 MiB page size, pre-allocated 0 pages
[    0.265601] ACPI: Added _OSI(Module Device)
[    0.265602] ACPI: Added _OSI(Processor Device)
[    0.265603] ACPI: Added _OSI(3.0 _SCP Extensions)
[    0.265604] ACPI: Added _OSI(Processor Aggregator Device)
[    0.265605] ACPI: Added _OSI(Linux-Dell-Video)
[    0.265605] ACPI: Added _OSI(Linux-Lenovo-NV-HDMI-Audio)
[    0.265606] ACPI: Added _OSI(Linux-HPI-Hybrid-Graphics)
[    0.267551] ACPI: 2 ACPI AML tables successfully acquired and loaded
[    0.269029] ACPI: Interpreter enabled
[    0.269040] ACPI: (supports S0 S5)
[    0.269041] ACPI: Using IOAPIC for interrupt routing
[    0.269251] PCI: Using host bridge windows from ACPI; if necessary, use "pci=nocrs" and report a bug
[    0.269357] ACPI: Enabled 2 GPEs in block 00 to 07
[    0.274213] ACPI: PCI Root Bridge [PCI0] (domain 0000 [bus 00-ff])
[    0.274219] acpi PNP0A03:00: _OSC: OS supports [ASPM ClockPM Segments MSI HPX-Type3]
[    0.274661] acpi PNP0A03:00: _OSC: not requesting OS control; OS requires [ExtendedConfig ASPM ClockPM MSI]
[    0.274668] acpi PNP0A03:00: fail to add MMCONFIG information, can't access extended PCI configuration space under this bridge.
[    0.275042] PCI host bridge to bus 0000:00
[    0.275045] pci_bus 0000:00: root bus resource [io  0x0000-0x0cf7 window]
[    0.275046] pci_bus 0000:00: root bus resource [io  0x0d00-0xffff window]
[    0.275047] pci_bus 0000:00: root bus resource [mem 0x000a0000-0x000bffff window]
[    0.275048] pci_bus 0000:00: root bus resource [mem 0x80000000-0xfdffffff window]
[    0.275049] pci_bus 0000:00: root bus resource [bus 00-ff]
[    0.275090] pci 0000:00:00.0: [8086:1237] type 00 class 0x060000
[    0.276036] pci 0000:00:01.0: [8086:7000] type 00 class 0x060100
[    0.276797] pci 0000:00:01.1: [8086:7111] type 00 class 0x01018a
[    0.277256] pci 0000:00:01.1: reg 0x20: [io  0xd000-0xd00f]
[    0.277430] pci 0000:00:01.1: legacy IDE quirk: reg 0x10: [io  0x01f0-0x01f7]
[    0.277431] pci 0000:00:01.1: legacy IDE quirk: reg 0x14: [io  0x03f6]
[    0.277432] pci 0000:00:01.1: legacy IDE quirk: reg 0x18: [io  0x0170-0x0177]
[    0.277433] pci 0000:00:01.1: legacy IDE quirk: reg 0x1c: [io  0x0376]
[    0.277981] pci 0000:00:02.0: [15ad:0405] type 00 class 0x030000
[    0.280999] pci 0000:00:02.0: reg 0x10: [io  0xd010-0xd01f]
[    0.284028] pci 0000:00:02.0: reg 0x14: [mem 0xe0000000-0xe7ffffff pref]
[    0.285056] pci 0000:00:02.0: reg 0x18: [mem 0xf0000000-0xf01fffff]
[    0.297840] pci 0000:00:03.0: [1022:2000] type 00 class 0x020000
[    0.298564] pci 0000:00:03.0: reg 0x10: [io  0xd020-0xd03f]
[    0.299200] pci 0000:00:03.0: reg 0x14: [mem 0xf0200000-0xf0200fff]
[    0.303509] pci 0000:00:04.0: [80ee:cafe] type 00 class 0x088000
[    0.304185] pci 0000:00:04.0: reg 0x10: [io  0xd040-0xd05f]
[    0.304806] pci 0000:00:04.0: reg 0x14: [mem 0xf0400000-0xf07fffff]
[    0.305124] pci 0000:00:04.0: reg 0x18: [mem 0xf0800000-0xf0803fff pref]
[    0.308685] pci 0000:00:07.0: [8086:7113] type 00 class 0x068000
[    0.309436] pci 0000:00:07.0: quirk: [io  0x4000-0x403f] claimed by PIIX4 ACPI
[    0.309450] pci 0000:00:07.0: quirk: [io  0x4100-0x410f] claimed by PIIX4 SMB
[    0.310061] pci 0000:00:08.0: [8086:100e] type 00 class 0x020000
[    0.310771] pci 0000:00:08.0: reg 0x10: [mem 0xf0820000-0xf083ffff]
[    0.311921] pci 0000:00:08.0: reg 0x18: [io  0xd060-0xd067]
[    0.315156] pci 0000:00:09.0: [8086:100e] type 00 class 0x020000
[    0.315868] pci 0000:00:09.0: reg 0x10: [mem 0xf0840000-0xf085ffff]
[    0.317044] pci 0000:00:09.0: reg 0x18: [io  0xd068-0xd06f]
[    0.326078] ACPI: PCI Interrupt Link [LNKA] (IRQs 5 9 10 *11)
[    0.326361] ACPI: PCI Interrupt Link [LNKB] (IRQs 5 9 *10 11)
[    0.326466] ACPI: PCI Interrupt Link [LNKC] (IRQs 5 *9 10 11)
[    0.326569] ACPI: PCI Interrupt Link [LNKD] (IRQs 5 9 10 *11)
[    0.329231] iommu: Default domain type: Translated 
[    0.329291] pci 0000:00:02.0: vgaarb: setting as boot VGA device
[    0.329293] pci 0000:00:02.0: vgaarb: VGA device added: decodes=io+mem,owns=io+mem,locks=none
[    0.329295] pci 0000:00:02.0: vgaarb: bridge control possible
[    0.329296] vgaarb: loaded
[    0.329518] SCSI subsystem initialized
[    0.329550] libata version 3.00 loaded.
[    0.329573] ACPI: bus type USB registered
[    0.329589] usbcore: registered new interface driver usbfs
[    0.329595] usbcore: registered new interface driver hub
[    0.329600] usbcore: registered new device driver usb
[    0.329628] pps_core: LinuxPPS API ver. 1 registered
[    0.329629] pps_core: Software ver. 5.3.6 - Copyright 2005-2007 Rodolfo Giometti <giometti@linux.it>
[    0.329631] PTP clock support registered
[    0.329668] EDAC MC: Ver: 3.0.0
[    0.329963] PCI: Using ACPI for IRQ routing
[    0.329964] PCI: pci_cache_line_size set to 64 bytes
[    0.330138] e820: reserve RAM buffer [mem 0x0009fc00-0x0009ffff]
[    0.330141] e820: reserve RAM buffer [mem 0x7fff0000-0x7fffffff]
[    0.330940] NetLabel: Initializing
[    0.330941] NetLabel:  domain hash size = 128
[    0.330941] NetLabel:  protocols = UNLABELED CIPSOv4 CALIPSO
[    0.330961] NetLabel:  unlabeled traffic allowed by default
[    0.331879] clocksource: Switched to clocksource kvm-clock
[    0.341010] *** VALIDATE bpf ***
[    0.341010] VFS: Disk quotas dquot_6.6.0
[    0.341010] VFS: Dquot-cache hash table entries: 512 (order 0, 4096 bytes)
[    0.341010] *** VALIDATE ramfs ***
[    0.341010] *** VALIDATE hugetlbfs ***
[    0.341010] AppArmor: AppArmor Filesystem Enabled
[    0.341010] pnp: PnP ACPI init
[    0.341010] pnp 00:00: Plug and Play ACPI device, IDs PNP0303 (active)
[    0.343629] pnp 00:01: Plug and Play ACPI device, IDs PNP0f03 (active)
[    0.344391] pnp: PnP ACPI: found 2 devices
[    0.345376] thermal_sys: Registered thermal governor 'fair_share'
[    0.345376] thermal_sys: Registered thermal governor 'bang_bang'
[    0.345377] thermal_sys: Registered thermal governor 'step_wise'
[    0.345378] thermal_sys: Registered thermal governor 'user_space'
[    0.345378] thermal_sys: Registered thermal governor 'power_allocator'
[    0.349911] clocksource: acpi_pm: mask: 0xffffff max_cycles: 0xffffff, max_idle_ns: 2085701024 ns
[    0.349950] pci_bus 0000:00: resource 4 [io  0x0000-0x0cf7 window]
[    0.349952] pci_bus 0000:00: resource 5 [io  0x0d00-0xffff window]
[    0.349953] pci_bus 0000:00: resource 6 [mem 0x000a0000-0x000bffff window]
[    0.349955] pci_bus 0000:00: resource 7 [mem 0x80000000-0xfdffffff window]
[    0.350012] NET: Registered protocol family 2
[    0.350086] IP idents hash table entries: 32768 (order: 6, 262144 bytes, linear)
[    0.350489] MPTCP tokens hash table entries: 8192 (order: 4, 65536 bytes, linear)
[    0.350509] MPTCP request tokens hash table entries: 8192 (order: 4, 65536 bytes, linear)
[    0.350535] default registered
[    0.350535] default registered
[    0.350535] MPTCP: Stable release v0.96
[    0.350541] tcp_listen_portaddr_hash hash table entries: 1024 (order: 2, 16384 bytes, linear)
[    0.350630] TCP established hash table entries: 16384 (order: 5, 131072 bytes, linear)
[    0.350697] TCP bind hash table entries: 16384 (order: 6, 262144 bytes, linear)
[    0.350722] TCP: Hash tables configured (established 16384 bind 16384)
[    0.351409] UDP hash table entries: 1024 (order: 3, 32768 bytes, linear)
[    0.351420] UDP-Lite hash table entries: 1024 (order: 3, 32768 bytes, linear)
[    0.351454] NET: Registered protocol family 1
[    0.351463] NET: Registered protocol family 44
[    0.351484] pci 0000:00:00.0: Limiting direct PCI/PCI transfers
[    0.351496] pci 0000:00:01.0: Activating ISA DMA hang workarounds
[    0.351556] pci 0000:00:02.0: Video device with shadowed ROM at [mem 0x000c0000-0x000dffff]
[    0.351623] PCI: CLS 0 bytes, default 64
[    0.351671] Trying to unpack rootfs image as initramfs...
[    0.524900] Freeing initrd memory: 47868K
[    0.524900] clocksource: tsc: mask: 0xffffffffffffffff max_cycles: 0x1e4530a99b6, max_idle_ns: 440795257976 ns
[    0.524900] clocksource: Switched to clocksource tsc
[    0.524900] platform rtc_cmos: registered platform RTC device (no PNP device found)
[    0.524900] check: Scanning for low memory corruption every 60 seconds
[    0.524900] Initialise system trusted keyrings
[    0.524900] Key type blacklist registered
[    0.524900] workingset: timestamp_bits=36 max_order=19 bucket_order=0
[    0.524900] zbud: loaded
[    0.533978] squashfs: version 4.0 (2009/01/31) Phillip Lougher
[    0.534113] fuse: init (API version 7.31)
[    0.534130] *** VALIDATE fuse ***
[    0.534131] *** VALIDATE fuse ***
[    0.534236] Platform Keyring initialized
[    0.537155] Key type asymmetric registered
[    0.537157] Asymmetric key parser 'x509' registered
[    0.537164] Block layer SCSI generic (bsg) driver version 0.4 loaded (major 244)
[    0.537192] io scheduler mq-deadline registered
[    0.537309] shpchp: Standard Hot Plug PCI Controller Driver version: 0.4
[    0.537534] ACPI: AC Adapter [AC] (on-line)
[    0.537579] input: Power Button as /devices/LNXSYSTM:00/LNXPWRBN:00/input/input0
[    0.537610] ACPI: Power Button [PWRF]
[    0.537696] input: Sleep Button as /devices/LNXSYSTM:00/LNXSLPBN:00/input/input1
[    0.537711] ACPI: Sleep Button [SLPF]
[    0.537950] Serial: 8250/16550 driver, 32 ports, IRQ sharing enabled
[    0.539113] Linux agpgart interface v0.103
[    0.632422] loop: module loaded
[    0.632573] ata_piix 0000:00:01.1: version 2.13
[    0.632982] scsi host0: ata_piix
[    0.633075] scsi host1: ata_piix
[    0.633101] ata1: PATA max UDMA/33 cmd 0x1f0 ctl 0x3f6 bmdma 0xd000 irq 14
[    0.633102] ata2: PATA max UDMA/33 cmd 0x170 ctl 0x376 bmdma 0xd008 irq 15
[    0.633188] tun: Universal TUN/TAP device driver, 1.6
[    0.633502] PPP generic driver version 2.4.2
[    0.633546] VFIO - User Level meta-driver version: 0.3
[    0.633781] ehci_hcd: USB 2.0 'Enhanced' Host Controller (EHCI) Driver
[    0.633787] ehci-pci: EHCI PCI platform driver
[    0.633802] ehci-platform: EHCI generic platform driver
[    0.633807] ohci_hcd: USB 1.1 'Open' Host Controller (OHCI) Driver
[    0.633809] ohci-pci: OHCI PCI platform driver
[    0.633816] ohci-platform: OHCI generic platform driver
[    0.633821] uhci_hcd: USB Universal Host Controller Interface driver
[    0.633887] i8042: PNP: PS/2 Controller [PNP0303:PS2K,PNP0f03:PS2M] at 0x60,0x64 irq 1,12
[    0.634327] serio: i8042 KBD port at 0x60,0x64 irq 1
[    0.634331] serio: i8042 AUX port at 0x60,0x64 irq 12
[    0.634419] mousedev: PS/2 mouse device common for all mice
[    0.634703] input: AT Translated Set 2 keyboard as /devices/platform/i8042/serio0/input/input2
[    0.635114] rtc_cmos rtc_cmos: registered as rtc0
[    0.635128] rtc_cmos rtc_cmos: alarms up to one day, 114 bytes nvram
[    0.635133] i2c /dev entries driver
[    0.635178] device-mapper: uevent: version 1.0.3
[    0.635222] device-mapper: ioctl: 4.41.0-ioctl (2019-09-16) initialised: dm-devel@redhat.com
[    0.635238] platform eisa.0: Probing EISA bus 0
[    0.635240] platform eisa.0: EISA: Cannot allocate resource for mainboard
[    0.635241] platform eisa.0: Cannot allocate resource for EISA slot 1
[    0.635242] platform eisa.0: Cannot allocate resource for EISA slot 2
[    0.635243] platform eisa.0: Cannot allocate resource for EISA slot 3
[    0.635244] platform eisa.0: Cannot allocate resource for EISA slot 4
[    0.635245] platform eisa.0: Cannot allocate resource for EISA slot 5
[    0.635246] platform eisa.0: Cannot allocate resource for EISA slot 6
[    0.635246] platform eisa.0: Cannot allocate resource for EISA slot 7
[    0.635247] platform eisa.0: Cannot allocate resource for EISA slot 8
[    0.635248] platform eisa.0: EISA: Detected 0 cards
[    0.635251] intel_pstate: CPU model not supported
[    0.635260] ledtrig-cpu: registered to indicate activity on CPUs
[    0.635315] drop_monitor: Initializing network drop monitor service
[    0.635476] NET: Registered protocol family 10
[    0.640539] Segment Routing with IPv6
[    0.640570] fullmesh registered
[    0.640571] ndiffports registered
[    0.640573] binder registered
[    0.640574] roundrobin registered
[    0.640575] redundant registered
[    0.640575] blest registered
[    0.640576] ecf registered
[    0.640577] NET: Registered protocol family 17
[    0.640608] Key type dns_resolver registered
[    0.640612] RAS: Correctable Errors collector initialized.
[    0.640612] IPI shorthand broadcast: enabled
[    0.640612] sched_clock: Marking stable (624234161, 12378667)->(640258285, -3645457)
[    0.640790] registered taskstats version 1
[    0.640798] Loading compiled-in X.509 certificates
[    0.641385] Loaded X.509 cert 'Build time autogenerated kernel key: 6909f3744cebb3d0de528d5887b96a727de79b1e'
[    0.641403] zswap: loaded using pool lzo/zbud
[    0.641457] Key type ._fscrypt registered
[    0.641457] Key type .fscrypt registered
[    0.645897] Key type big_key registered
[    0.648093] Key type encrypted registered
[    0.648095] AppArmor: AppArmor sha1 policy hashing enabled
[    0.648103] ima: No TPM chip found, activating TPM-bypass!
[    0.648106] ima: Allocated hash algorithm: sha1
[    0.648111] ima: No architecture policies found
[    0.648120] evm: Initialising EVM extended attributes:
[    0.648120] evm: security.selinux
[    0.648121] evm: security.SMACK64
[    0.648121] evm: security.SMACK64EXEC
[    0.648122] evm: security.SMACK64TRANSMUTE
[    0.648122] evm: security.SMACK64MMAP
[    0.648123] evm: security.apparmor
[    0.648123] evm: security.ima
[    0.648124] evm: security.capability
[    0.648124] evm: HMAC attrs: 0x1
[    0.648417] PM:   Magic number: 10:865:438
[    0.648520] rtc_cmos rtc_cmos: setting system clock to 2026-01-11T16:25:49 UTC (1768148749)
[    0.805772] ata1.00: ATA-6: VBOX HARDDISK, 1.0, max UDMA/133
[    0.805776] ata1.00: 209715200 sectors, multi 128: LBA 
[    0.806453] scsi 0:0:0:0: Direct-Access     ATA      VBOX HARDDISK    1.0  PQ: 0 ANSI: 5
[    0.806765] sd 0:0:0:0: [sda] 209715200 512-byte logical blocks: (107 GB/100 GiB)
[    0.806778] sd 0:0:0:0: [sda] Write Protect is off
[    0.806781] sd 0:0:0:0: [sda] Mode Sense: 00 3a 00 00
[    0.806801] sd 0:0:0:0: [sda] Write cache: enabled, read cache: enabled, doesn't support DPO or FUA
[    0.807125] sd 0:0:0:0: Attached scsi generic sg0 type 0
[    0.807899]  sda: sda1 sda2
[    0.816593] sd 0:0:0:0: [sda] Attached SCSI disk
[    0.819937] Freeing unused decrypted memory: 2040K
[    0.820896] Freeing unused kernel image memory: 2728K
[    0.820898] Write protecting the kernel read-only data: 22528k
[    0.821917] Freeing unused kernel image memory: 2036K
[    0.822475] Freeing unused kernel image memory: 1432K
[    0.849583] x86/mm: Checked W+X mappings: passed, no W+X pages found.
[    0.849588] Run /init as init process
[    0.955802] ACPI: Video Device [GFX0] (multi-head: yes  rom: no  post: no)
[    0.955873] input: Video Bus as /devices/LNXSYSTM:00/LNXSYBUS:00/PNP0A03:00/LNXVIDEO:00/input/input4
[    0.967070] pcnet32: pcnet32.c:v1.35 21.Apr.2008 tsbogend@alpha.franken.de
[    0.970699] piix4_smbus 0000:00:07.0: SMBus Host Controller at 0x4100, revision 0
[    0.973201] e1000: Intel(R) PRO/1000 Network Driver - version 7.3.21-k8-NAPI
[    0.973201] e1000: Copyright (c) 1999-2006 Intel Corporation.
[    0.976322] pcnet32: PCnet/FAST III 79C973 at 0xd020, 08:00:27:eb:29:09 assigned IRQ 19
[    0.976368] pcnet32: Found PHY 0022:561b at address 0
[    0.985882] pcnet32: eth0: registered as PCnet/FAST III 79C973
[    0.986093] pcnet32: 1 cards_found
[    1.053729] pcnet32 0000:00:03.0 enp0s3: renamed from eth0
[    1.186241] input: ImExPS/2 Generic Explorer Mouse as /devices/platform/i8042/serio1/input/input5
[    1.386427] e1000 0000:00:08.0 eth0: (PCI:33MHz:32-bit) 08:00:27:38:bb:b8
[    1.386432] e1000 0000:00:08.0 eth0: Intel(R) PRO/1000 Network Connection
[    1.760868] e1000 0000:00:09.0 eth1: (PCI:33MHz:32-bit) 08:00:27:12:f5:47
[    1.760871] e1000 0000:00:09.0 eth1: Intel(R) PRO/1000 Network Connection
[    1.762031] e1000 0000:00:09.0 enp0s9: renamed from eth1
[    1.763847] e1000 0000:00:08.0 enp0s8: renamed from eth0
[    1.931734] EXT4-fs (sda2): mounted filesystem with ordered data mode. Opts: (null)
[    2.024533] systemd[1]: Inserted module 'autofs4'
[    2.036331] systemd[1]: systemd 245.4-4ubuntu3 running in system mode. (+PAM +AUDIT +SELINUX +IMA +APPARMOR +SMACK +SYSVINIT +UTMP +LIBCRYPTSETUP +GCRYPT +GNUTLS +ACL +XZ +LZ4 +SECCOMP +BLKID +ELFUTILS +KMOD +IDN2 -IDN +PCRE2 default-hierarchy=hybrid)
[    2.036362] systemd[1]: Detected virtualization oracle.
[    2.036366] systemd[1]: Detected architecture x86-64.
[    2.037677] systemd[1]: Set hostname to <ztg>.
[    2.164712] systemd[1]: /lib/systemd/system/dbus.socket:5: ListenStream= references a path below legacy directory /var/run/, updating /var/run/dbus/system_bus_socket â†’ /run/dbus/system_bus_socket; please update the unit file accordingly.
[    2.217004] systemd[1]: Created slice system-modprobe.slice.
[    2.217188] systemd[1]: Created slice User and Session Slice.
[    2.217233] systemd[1]: Started Forward Password Requests to Wall Directory Watch.
[    2.217391] systemd[1]: Set up automount Arbitrary Executable File Formats File System Automount Point.
[    2.217426] systemd[1]: Reached target User and Group Name Lookups.
[    2.217435] systemd[1]: Reached target Remote File Systems.
[    2.217444] systemd[1]: Reached target Slices.
[    2.217995] systemd[1]: Listening on Syslog Socket.
[    2.218064] systemd[1]: Listening on fsck to fsckd communication Socket.
[    2.218102] systemd[1]: Listening on initctl Compatibility Named Pipe.
[    2.218238] systemd[1]: Listening on Journal Audit Socket.
[    2.218292] systemd[1]: Listening on Journal Socket (/dev/log).
[    2.218359] systemd[1]: Listening on Journal Socket.
[    2.218422] systemd[1]: Listening on udev Control Socket.
[    2.218463] systemd[1]: Listening on udev Kernel Socket.
[    2.219216] systemd[1]: Mounting Huge Pages File System...
[    2.220131] systemd[1]: Mounting POSIX Message Queue File System...
[    2.221044] systemd[1]: Mounting Kernel Debug File System...
[    2.221854] systemd[1]: Mounting Kernel Trace File System...
[    2.223743] systemd[1]: Starting Journal Service...
[    2.246561] systemd[1]: Starting Set the console keyboard layout...
[    2.254737] systemd[1]: Starting Create list of static device nodes for the current kernel...
[    2.256802] systemd[1]: Starting Load Kernel Module drm...
[    2.257918] systemd[1]: Condition check resulted in Set Up Additional Binary Formats being skipped.
[    2.257972] systemd[1]: Condition check resulted in File System Check on Root Device being skipped.
[    2.269132] systemd[1]: Starting Load Kernel Modules...
[    2.277877] systemd[1]: Starting Remount Root and Kernel File Systems...
[    2.290022] systemd[1]: Starting udev Coldplug all Devices...
[    2.297661] systemd[1]: Starting Uncomplicated firewall...
[    2.299149] systemd[1]: Mounted Huge Pages File System.
[    2.299252] systemd[1]: Mounted POSIX Message Queue File System.
[    2.299331] systemd[1]: Mounted Kernel Debug File System.
[    2.299400] systemd[1]: Mounted Kernel Trace File System.
[    2.320943] EXT4-fs (sda2): re-mounted. Opts: errors=remount-ro
[    2.339528] systemd[1]: Finished Create list of static device nodes for the current kernel.
[    2.340632] systemd[1]: modprobe@drm.service: Succeeded.
[    2.346808] systemd[1]: Finished Load Kernel Module drm.
[    2.347388] systemd[1]: Finished Remount Root and Kernel File Systems.
[    2.348440] systemd[1]: Finished Uncomplicated firewall.
[    2.365611] lp: driver loaded but no devices found
[    2.367838] systemd[1]: Condition check resulted in Rebuild Hardware Database being skipped.
[    2.367877] systemd[1]: Condition check resulted in Platform Persistent Storage Archival being skipped.
[    2.368571] systemd[1]: Starting Load/Save Random Seed...
[    2.374680] systemd[1]: Starting Create System Users...
[    2.383088] systemd[1]: Finished Load/Save Random Seed.
[    2.384873] ppdev: user-space parallel port driver
[    2.388792] systemd[1]: Finished Create System Users.
[    2.389514] systemd[1]: Starting Create Static Device Nodes in /dev...
[    2.431933] systemd[1]: Finished udev Coldplug all Devices.
[    2.434621] systemd[1]: Finished Create Static Device Nodes in /dev.
[    2.435435] systemd[1]: Starting udev Kernel Device Manager...
[    2.485205] [drm] DMA map mode: Caching DMA mappings.
[    2.485268] [drm] Capabilities:
[    2.485268] [drm]   Rect copy.
[    2.485268] [drm]   Cursor.
[    2.485269] [drm]   Cursor bypass.
[    2.485269] [drm]   Cursor bypass 2.
[    2.485269] [drm]   Alpha cursor.
[    2.485270] [drm]   Extended Fifo.
[    2.485270] [drm]   Pitchlock.
[    2.485270] [drm]   Irq mask.
[    2.485271] [drm]   GMR.
[    2.485271] [drm]   Traces.
[    2.485271] [drm]   GMR2.
[    2.485272] [drm]   Screen Object 2.
[    2.485272] [drm]   Command Buffers.
[    2.485272] [drm]   Command Buffers 2.
[    2.485273] [drm]   Guest Backed Resources.
[    2.485274] [drm] Max GMR ids is 8192
[    2.485274] [drm] Max number of GMR pages is 1048576
[    2.485275] [drm] Max dedicated hypervisor surface memory is 393216 kiB
[    2.485275] [drm] Maximum display memory size is 131072 kiB
[    2.485276] [drm] VRAM at 0xe0000000 size is 131072 kiB
[    2.485277] [drm] MMIO at 0xf0000000 size is 2048 kiB
[    2.485911] [TTM] Zone  kernel: Available graphics memory: 1011738 KiB
[    2.485912] [TTM] Initializing pool allocator
[    2.485915] [TTM] Initializing DMA pool allocator
[    2.486310] [drm] Supports vblank timestamp caching Rev 2 (21.10.2013).
[    2.486310] [drm] No driver support for vblank timestamp query.
[    2.487141] [drm] Screen Target Display device initialized
[    2.487340] [drm] width 720
[    2.487348] [drm] height 400
[    2.487351] [drm] bpp 32
[    2.487883] [drm] Fifo max 0x00200000 min 0x00001000 cap 0x00000355
[    2.492079] [drm] Using command buffers with DMA pool.
[    2.492083] [drm] DX: no.
[    2.492083] [drm] Atomic: yes.
[    2.492084] [drm] SM4_1: no.
[    2.492103] [drm:vmw_host_log [vmwgfx]] *ERROR* Failed to send host log message.
[    2.501257] [drm:vmw_host_log [vmwgfx]] *ERROR* Failed to send host log message.
[    2.511285] fbcon: svgadrmfb (fb0) is primary device
[    2.513427] Console: switching to colour frame buffer device 100x37
[    2.516554] systemd[1]: Finished Set the console keyboard layout.
[    2.516728] systemd[1]: Reached target Local File Systems (Pre).
[    2.518943] [drm] Initialized vmwgfx 2.15.0 20180704 for 0000:00:02.0 on minor 0
[    2.520842] systemd[1]: Mounting Mount unit for bare, revision 5...
[    2.524716] systemd[1]: Mounting Mount unit for core18, revision 1705...
[    2.537495] systemd[1]: Mounting Mount unit for gnome-3-34-1804, revision 24...
[    2.553212] systemd[1]: Mounting Mount unit for gtk-common-themes, revision 1506...
[    2.574498] systemd[1]: Mounting Mount unit for gtk-common-themes, revision 1535...
[    2.579331] systemd[1]: Mounting Mount unit for snap-store, revision 433...
[    2.587956] systemd[1]: Mounting Mount unit for snapd, revision 7264...
[    2.592006] systemd[1]: Finished Load Kernel Modules.
[    2.595394] systemd[1]: Mounting FUSE Control File System...
[    2.600956] systemd[1]: Mounting Kernel Configuration File System...
[    2.636764] systemd[1]: Starting Apply Kernel Variables...
[    2.638656] systemd[1]: Mounted Mount unit for bare, revision 5.
[    2.638750] systemd[1]: Mounted Mount unit for core18, revision 1705.
[    2.638832] systemd[1]: Mounted Mount unit for gnome-3-34-1804, revision 24.
[    2.638903] systemd[1]: Mounted FUSE Control File System.
[    2.638954] systemd[1]: Condition check resulted in VMware vmblock fuse mount being skipped.
[    2.645081] systemd[1]: Mounted Kernel Configuration File System.
[    2.656010] systemd[1]: Started udev Kernel Device Manager.
[    2.656116] systemd[1]: Mounted Mount unit for gtk-common-themes, revision 1506.
[    2.673580] systemd[1]: Finished Apply Kernel Variables.
[    2.674372] systemd[1]: Starting Show Plymouth Boot Screen...
[    2.678520] systemd[1]: Received SIGRTMIN+20 from PID 282 (plymouthd).
[    2.688266] systemd[1]: Mounted Mount unit for gtk-common-themes, revision 1535.
[    2.691931] systemd[1]: Mounted Mount unit for snap-store, revision 433.
[    2.692116] systemd[1]: Mounted Mount unit for snapd, revision 7264.
[    2.692263] systemd[1]: Reached target Local File Systems.
[    2.693024] systemd[1]: Starting Load AppArmor profiles...
[    2.693812] systemd[1]: Starting Set console font and keymap...
[    2.706823] systemd[1]: Starting Tell Plymouth To Write Out Runtime Data...
[    2.708203] systemd[1]: Condition check resulted in Store a System Token in an EFI Variable being skipped.
[    2.708231] systemd[1]: Condition check resulted in Commit a transient machine-id on disk being skipped.
[    2.708353] systemd[1]: Started Show Plymouth Boot Screen.
[    2.709023] systemd[1]: Condition check resulted in Dispatch Password Requests to Console Directory Watch being skipped.
[    2.709106] systemd[1]: Started Forward Password Requests to Plymouth Directory Watch.
[    2.709662] systemd[1]: Reached target Local Encrypted Volumes.
[    2.712770] systemd[1]: Finished Set console font and keymap.
[    2.717108] systemd[1]: Received SIGRTMIN+20 from PID 282 (plymouthd).
[    2.718095] systemd[1]: plymouth-read-write.service: Succeeded.
[    2.718339] systemd[1]: Finished Tell Plymouth To Write Out Runtime Data.
[    2.774165] audit: type=1400 audit(1768148751.620:2): apparmor="STATUS" operation="profile_load" profile="unconfined" name="nvidia_modprobe" pid=300 comm="apparmor_parser"
[    2.774168] audit: type=1400 audit(1768148751.620:3): apparmor="STATUS" operation="profile_load" profile="unconfined" name="nvidia_modprobe//kmod" pid=300 comm="apparmor_parser"
[    2.782136] audit: type=1400 audit(1768148751.628:4): apparmor="STATUS" operation="profile_load" profile="unconfined" name="/usr/sbin/tcpdump" pid=301 comm="apparmor_parser"
[    2.827762] audit: type=1400 audit(1768148751.664:5): apparmor="STATUS" operation="profile_load" profile="unconfined" name="/usr/bin/evince" pid=303 comm="apparmor_parser"
[    2.827764] audit: type=1400 audit(1768148751.664:6): apparmor="STATUS" operation="profile_load" profile="unconfined" name="/usr/bin/evince//sanitized_helper" pid=303 comm="apparmor_parser"
[    2.827766] audit: type=1400 audit(1768148751.664:7): apparmor="STATUS" operation="profile_load" profile="unconfined" name="/usr/bin/evince-previewer" pid=303 comm="apparmor_parser"
[    2.827768] audit: type=1400 audit(1768148751.664:8): apparmor="STATUS" operation="profile_load" profile="unconfined" name="/usr/bin/evince-previewer//sanitized_helper" pid=303 comm="apparmor_parser"
[    2.827769] audit: type=1400 audit(1768148751.664:9): apparmor="STATUS" operation="profile_load" profile="unconfined" name="/usr/bin/evince-thumbnailer" pid=303 comm="apparmor_parser"
[    2.857220] audit: type=1400 audit(1768148751.700:10): apparmor="STATUS" operation="profile_load" profile="unconfined" name="/usr/lib/cups/backend/cups-pdf" pid=304 comm="apparmor_parser"
[    2.924130] systemd[1]: Finished Load AppArmor profiles.
[    2.925140] systemd[1]: Starting Load AppArmor profiles managed internally by snapd...
[    2.992668] systemd[1]: Finished Load AppArmor profiles managed internally by snapd.
[    3.192198] systemd[1]: Started Journal Service.
[    3.200319] systemd-journald[229]: Received client request to flush runtime journal.
[    3.204094] systemd-journald[229]: File /var/log/journal/c455b248004a419c87ce85eea238d727/system.journal corrupted or uncleanly shut down, renaming and replacing.
[    4.431454] RAPL PMU: API unit is 2^-32 Joules, 0 fixed counters, 10737418240 ms ovfl timer
[    4.478111] cryptd: max_cpu_qlen set to 1000
[    4.550228] AVX2 version of gcm_enc/dec engaged.
[    4.550229] AES CTR mode by8 optimization enabled
[    5.317276] Adding 1998844k swap on /dev/sda1.  Priority:-2 extents:1 across:1998844k FS
[    6.086368] kauditd_printk_skb: 30 callbacks suppressed
[    6.086370] audit: type=1400 audit(1768148754.932:41): apparmor="DENIED" operation="capable" profile="/usr/sbin/cups-browsed" pid=497 comm="cups-browsed" capability=23  capname="sys_nice"
[    7.336036] pcnet32 0000:00:03.0 enp0s3: link up, 100Mbps, full-duplex
[    7.365477] e1000: enp0s8 NIC Link is Up 1000 Mbps Full Duplex, Flow Control: RX
[    7.365768] IPv6: ADDRCONF(NETDEV_CHANGE): enp0s8: link becomes ready
[    7.385444] e1000: enp0s9 NIC Link is Up 1000 Mbps Full Duplex, Flow Control: RX
[    7.385734] IPv6: ADDRCONF(NETDEV_CHANGE): enp0s9: link becomes ready
[    7.957879] device enp0s3 entered promiscuous mode
[    7.984152] audit: type=1400 audit(1768148756.828:42): apparmor="DENIED" operation="open" profile="/usr/sbin/tcpdump" name="/proc/sys/kernel/random/boot_id" pid=666 comm="tcpdump" requested_mask="r" denied_mask="r" fsuid=0 ouid=0
[    7.984415] audit: type=1400 audit(1768148756.828:43): apparmor="DENIED" operation="open" profile="/usr/sbin/tcpdump" name="/proc/sys/kernel/random/boot_id" pid=666 comm="tcpdump" requested_mask="r" denied_mask="r" fsuid=0 ouid=0
[    7.984469] audit: type=1400 audit(1768148756.828:44): apparmor="DENIED" operation="open" profile="/usr/sbin/tcpdump" name="/proc/sys/kernel/random/boot_id" pid=666 comm="tcpdump" requested_mask="r" denied_mask="r" fsuid=0 ouid=0
[    7.984571] audit: type=1400 audit(1768148756.828:45): apparmor="DENIED" operation="open" profile="/usr/sbin/tcpdump" name="/proc/sys/kernel/random/boot_id" pid=666 comm="tcpdump" requested_mask="r" denied_mask="r" fsuid=0 ouid=0
[    7.992552] audit: type=1400 audit(1768148756.836:46): apparmor="DENIED" operation="open" profile="/usr/sbin/tcpdump" name="/proc/sys/kernel/random/boot_id" pid=667 comm="tcpdump" requested_mask="r" denied_mask="r" fsuid=0 ouid=0
[    7.992640] audit: type=1400 audit(1768148756.836:47): apparmor="DENIED" operation="open" profile="/usr/sbin/tcpdump" name="/proc/sys/kernel/random/boot_id" pid=667 comm="tcpdump" requested_mask="r" denied_mask="r" fsuid=0 ouid=0
[    7.992680] audit: type=1400 audit(1768148756.836:48): apparmor="DENIED" operation="open" profile="/usr/sbin/tcpdump" name="/proc/sys/kernel/random/boot_id" pid=667 comm="tcpdump" requested_mask="r" denied_mask="r" fsuid=0 ouid=0
[    7.992698] audit: type=1400 audit(1768148756.836:49): apparmor="DENIED" operation="open" profile="/usr/sbin/tcpdump" name="/proc/sys/kernel/random/boot_id" pid=667 comm="tcpdump" requested_mask="r" denied_mask="r" fsuid=0 ouid=0
[   12.462513] rfkill: input handler disabled
[  122.613877] rfkill: input handler enabled
[  130.858481] rfkill: input handler disabled
[  232.826575] AAAAA-TCP_SEND: name:enp0s3: saddr:100932208: daddr:16783984: srtt_us:0: RTT:0: ssthresh:2147483647: cwnd:10: delivered:0: lost:0: retrans:0
[  233.367141] AAAAA-TCP_RECV: name:enp0s3: saddr:16783984: daddr:100932208: srtt_us:0: RTT:0: ssthresh:2147483647: cwnd:10: delivered:0: lost:0: retrans:0
[  233.367227] AAAAA-TCP_SEND: name:enp0s3: saddr:100932208: daddr:16783984: srtt_us:5756736: RTT:719592: ssthresh:2147483647: cwnd:10: delivered:1: lost:0: retrans:0
[  233.368091] AAAAA-TCP_SEND: name:enp0s3: saddr:100932208: daddr:16783984: srtt_us:5756736: RTT:719592: ssthresh:2147483647: cwnd:10: delivered:1: lost:0: retrans:0
[  233.672403] AAAAA-TCP_RECV: name:enp0s3: saddr:16783984: daddr:100932208: srtt_us:5756736: RTT:719592: ssthresh:2147483647: cwnd:10: delivered:1: lost:0: retrans:0
[  233.701852] AAAAA-TCP_RECV: name:enp0s3: saddr:16783984: daddr:100932208: srtt_us:5756736: RTT:719592: ssthresh:2147483647: cwnd:10: delivered:1: lost:0: retrans:0
[  233.701959] AAAAA-TCP_SEND: name:enp0s3: saddr:100932208: daddr:33561200: srtt_us:0: RTT:0: ssthresh:2147483647: cwnd:10: delivered:0: lost:0: retrans:0
[  233.757383] AAAAA-TCP_RECV: name:enp0s3: saddr:16783984: daddr:100932208: srtt_us:5370929: RTT:671366: ssthresh:2147483647: cwnd:10: delivered:2: lost:0: retrans:0
[  233.757424] AAAAA-TCP_SEND: name:enp0s3: saddr:100932208: daddr:16783984: srtt_us:5370929: RTT:671366: ssthresh:2147483647: cwnd:10: delivered:2: lost:0: retrans:0
[  233.757631] AAAAA-TCP_SEND: name:enp0s3: saddr:100932208: daddr:16783984: srtt_us:5370929: RTT:671366: ssthresh:2147483647: cwnd:10: delivered:2: lost:0: retrans:0
[  234.022026] AAAAA-TCP_RECV: name:enp0s3: saddr:33561200: daddr:100932208: srtt_us:0: RTT:0: ssthresh:2147483647: cwnd:10: delivered:0: lost:0: retrans:0
[  234.022062] AAAAA-TCP_SEND: name:enp0s3: saddr:100932208: daddr:33561200: srtt_us:2560640: RTT:320080: ssthresh:2147483647: cwnd:10: delivered:1: lost:0: retrans:0
[  234.153706] AAAAA-TCP_RECV: name:enp0s3: saddr:16783984: daddr:100932208: srtt_us:5370929: RTT:671366: ssthresh:2147483647: cwnd:10: delivered:2: lost:0: retrans:0
[  234.153747] AAAAA-TCP_SEND: name:enp0s3: saddr:100932208: daddr:16783984: srtt_us:5370929: RTT:671366: ssthresh:2147483647: cwnd:10: delivered:2: lost:0: retrans:0
[  234.531591] AAAAA-TCP_RECV: name:enp0s3: saddr:33561200: daddr:100932208: srtt_us:2560640: RTT:320080: ssthresh:2147483647: cwnd:10: delivered:1: lost:0: retrans:0
[  234.602014] AAAAA-TCP_RECV: name:enp0s3: saddr:16783984: daddr:100932208: srtt_us:5095678: RTT:636959: ssthresh:2147483647: cwnd:10: delivered:3: lost:0: retrans:0
[  234.701792] AAAAA-TCP_RECV: name:enp0s3: saddr:33561200: daddr:100932208: srtt_us:2560640: RTT:320080: ssthresh:2147483647: cwnd:10: delivered:1: lost:0: retrans:0
[  234.701843] AAAAA-TCP_SEND: name:enp0s3: saddr:100932208: daddr:33561200: srtt_us:2560640: RTT:320080: ssthresh:2147483647: cwnd:10: delivered:1: lost:0: retrans:0
[  234.702052] AAAAA-TCP_SEND: name:enp0s3: saddr:100932208: daddr:16783984: srtt_us:0: RTT:0: ssthresh:2147483647: cwnd:10: delivered:0: lost:0: retrans:0
[  234.897023] AAAAA-TCP_RECV: name:enp0s3: saddr:16783984: daddr:100932208: srtt_us:0: RTT:0: ssthresh:2147483647: cwnd:10: delivered:0: lost:0: retrans:0
[  234.897097] AAAAA-TCP_SEND: name:enp0s3: saddr:100932208: daddr:16783984: srtt_us:1559976: RTT:194997: ssthresh:2147483647: cwnd:10: delivered:1: lost:0: retrans:0
[  234.897276] AAAAA-TCP_SEND: name:enp0s3: saddr:100932208: daddr:16783984: srtt_us:1559976: RTT:194997: ssthresh:2147483647: cwnd:10: delivered:1: lost:0: retrans:0
[  235.067578] AAAAA-TCP_RECV: name:enp0s3: saddr:16783984: daddr:100932208: srtt_us:1559976: RTT:194997: ssthresh:2147483647: cwnd:10: delivered:1: lost:0: retrans:0
[  235.095271] AAAAA-TCP_RECV: name:enp0s3: saddr:16783984: daddr:100932208: srtt_us:1559976: RTT:194997: ssthresh:2147483647: cwnd:10: delivered:1: lost:0: retrans:0
[  235.095356] AAAAA-TCP_SEND: name:enp0s3: saddr:100932208: daddr:33561200: srtt_us:0: RTT:0: ssthresh:2147483647: cwnd:10: delivered:0: lost:0: retrans:0
[  235.147159] AAAAA-TCP_RECV: name:enp0s3: saddr:16783984: daddr:100932208: srtt_us:4907012: RTT:613376: ssthresh:2147483647: cwnd:10: delivered:4: lost:0: retrans:0
[  235.147178] AAAAA-TCP_SEND: name:enp0s3: saddr:100932208: daddr:16783984: srtt_us:4907012: RTT:613376: ssthresh:2147483647: cwnd:10: delivered:4: lost:0: retrans:0
[  235.316784] AAAAA-TCP_RECV: name:enp0s3: saddr:33561200: daddr:100932208: srtt_us:0: RTT:0: ssthresh:2147483647: cwnd:10: delivered:0: lost:0: retrans:0
[  235.316813] AAAAA-TCP_SEND: name:enp0s3: saddr:100932208: daddr:33561200: srtt_us:1771520: RTT:221440: ssthresh:2147483647: cwnd:10: delivered:1: lost:0: retrans:0
[  235.377158] AAAAA-TCP_RECV: name:enp0s3: saddr:16783984: daddr:100932208: srtt_us:4907012: RTT:613376: ssthresh:2147483647: cwnd:10: delivered:4: lost:0: retrans:0
[  235.377175] AAAAA-TCP_SEND: name:enp0s3: saddr:100932208: daddr:16783984: srtt_us:4907012: RTT:613376: ssthresh:2147483647: cwnd:10: delivered:4: lost:0: retrans:0
[  235.377265] AAAAA-TCP_SEND: name:enp0s3: saddr:100932208: daddr:16783984: srtt_us:1562984: RTT:195373: ssthresh:2147483647: cwnd:10: delivered:2: lost:0: retrans:0
[  235.377283] AAAAA-TCP_SEND: name:enp0s3: saddr:100932208: daddr:16783984: srtt_us:1562984: RTT:195373: ssthresh:2147483647: cwnd:10: delivered:2: lost:0: retrans:0
[  235.377358] AAAAA-TCP_SEND: name:enp0s3: saddr:100932208: daddr:16783984: srtt_us:1562984: RTT:195373: ssthresh:2147483647: cwnd:10: delivered:2: lost:0: retrans:0
[  235.377373] AAAAA-TCP_SEND: name:enp0s3: saddr:100932208: daddr:16783984: srtt_us:1562984: RTT:195373: ssthresh:2147483647: cwnd:10: delivered:2: lost:0: retrans:0
[  235.377452] AAAAA-TCP_SEND: name:enp0s3: saddr:100932208: daddr:16783984: srtt_us:1562984: RTT:195373: ssthresh:2147483647: cwnd:10: delivered:2: lost:0: retrans:0
[  235.377468] AAAAA-TCP_SEND: name:enp0s3: saddr:100932208: daddr:16783984: srtt_us:1562984: RTT:195373: ssthresh:2147483647: cwnd:10: delivered:2: lost:0: retrans:0
[  235.377537] AAAAA-TCP_SEND: name:enp0s3: saddr:100932208: daddr:16783984: srtt_us:1562984: RTT:195373: ssthresh:2147483647: cwnd:10: delivered:2: lost:0: retrans:0
[  235.377562] AAAAA-TCP_SEND: name:enp0s3: saddr:100932208: daddr:16783984: srtt_us:1562984: RTT:195373: ssthresh:2147483647: cwnd:10: delivered:2: lost:0: retrans:0
[  235.377657] AAAAA-TCP_SEND: name:enp0s3: saddr:100932208: daddr:16783984: srtt_us:1562984: RTT:195373: ssthresh:2147483647: cwnd:10: delivered:2: lost:0: retrans:0
[  235.377671] AAAAA-TCP_SEND: name:enp0s3: saddr:100932208: daddr:16783984: srtt_us:1562984: RTT:195373: ssthresh:2147483647: cwnd:10: delivered:2: lost:0: retrans:0
[  235.496817] AAAAA-TCP_RECV: name:enp0s3: saddr:33561200: daddr:100932208: srtt_us:1771520: RTT:221440: ssthresh:2147483647: cwnd:10: delivered:1: lost:0: retrans:0
[  235.496885] AAAAA-TCP_SEND: name:enp0s3: saddr:100932208: daddr:33561200: srtt_us:1771520: RTT:221440: ssthresh:2147483647: cwnd:10: delivered:1: lost:0: retrans:0
[  235.496921] AAAAA-TCP_SEND: name:enp0s3: saddr:100932208: daddr:33561200: srtt_us:1771520: RTT:221440: ssthresh:2147483647: cwnd:10: delivered:1: lost:0: retrans:0
[  235.497992] AAAAA-TCP_SEND: name:enp0s3: saddr:100932208: daddr:33561200: srtt_us:1771520: RTT:221440: ssthresh:2147483647: cwnd:10: delivered:1: lost:0: retrans:0
[  235.498016] AAAAA-TCP_SEND: name:enp0s3: saddr:100932208: daddr:33561200: srtt_us:1771520: RTT:221440: ssthresh:2147483647: cwnd:10: delivered:1: lost:0: retrans:0
[  235.498101] AAAAA-TCP_SEND: name:enp0s3: saddr:100932208: daddr:33561200: srtt_us:1771520: RTT:221440: ssthresh:2147483647: cwnd:10: delivered:1: lost:0: retrans:0
[  235.498118] AAAAA-TCP_SEND: name:enp0s3: saddr:100932208: daddr:33561200: srtt_us:1771520: RTT:221440: ssthresh:2147483647: cwnd:10: delivered:1: lost:0: retrans:0
[  235.498187] AAAAA-TCP_SEND: name:enp0s3: saddr:100932208: daddr:33561200: srtt_us:1771520: RTT:221440: ssthresh:2147483647: cwnd:10: delivered:1: lost:0: retrans:0
[  235.498203] AAAAA-TCP_SEND: name:enp0s3: saddr:100932208: daddr:33561200: srtt_us:1771520: RTT:221440: ssthresh:2147483647: cwnd:10: delivered:1: lost:0: retrans:0
[  235.498323] AAAAA-TCP_SEND: name:enp0s3: saddr:100932208: daddr:33561200: srtt_us:1771520: RTT:221440: ssthresh:2147483647: cwnd:10: delivered:1: lost:0: retrans:0
[  235.498341] AAAAA-TCP_SEND: name:enp0s3: saddr:100932208: daddr:33561200: srtt_us:1771520: RTT:221440: ssthresh:2147483647: cwnd:10: delivered:1: lost:0: retrans:0
[  235.798948] AAAAA-TCP_SEND: name:enp0s3: saddr:100932208: daddr:16783984: srtt_us:1562984: RTT:195373: ssthresh:2147483647: cwnd:10: delivered:2: lost:0: retrans:1
[  235.847965] AAAAA-TCP_RECV: name:enp0s3: saddr:16783984: daddr:100932208: srtt_us:1562984: RTT:195373: ssthresh:2147483647: cwnd:10: delivered:2: lost:0: retrans:1
[  235.848025] AAAAA-TCP_SEND: name:enp0s3: saddr:100932208: daddr:16783984: srtt_us:1838333: RTT:229791: ssthresh:2147483647: cwnd:11: delivered:3: lost:0: retrans:1
[  235.848054] AAAAA-TCP_SEND: name:enp0s3: saddr:100932208: daddr:16783984: srtt_us:1838333: RTT:229791: ssthresh:2147483647: cwnd:11: delivered:3: lost:0: retrans:1
[  235.907238] AAAAA-TCP_RECV: name:enp0s3: saddr:16783984: daddr:100932208: srtt_us:1838333: RTT:229791: ssthresh:2147483647: cwnd:11: delivered:3: lost:0: retrans:1
[  235.907274] AAAAA-TCP_SEND: name:enp0s3: saddr:100932208: daddr:16783984: srtt_us:2138500: RTT:267312: ssthresh:2147483647: cwnd:12: delivered:4: lost:0: retrans:1
[  235.907327] AAAAA-TCP_SEND: name:enp0s3: saddr:100932208: daddr:16783984: srtt_us:2138500: RTT:267312: ssthresh:2147483647: cwnd:12: delivered:4: lost:0: retrans:1
[  235.956424] AAAAA-TCP_SEND: name:enp0s3: saddr:100932208: daddr:33561200: srtt_us:1771520: RTT:221440: ssthresh:2147483647: cwnd:10: delivered:1: lost:0: retrans:1
[  236.062782] AAAAA-TCP_RECV: name:enp0s3: saddr:16783984: daddr:100932208: srtt_us:2138500: RTT:267312: ssthresh:2147483647: cwnd:12: delivered:4: lost:0: retrans:1
[  236.062871] AAAAA-TCP_SEND: name:enp0s3: saddr:100932208: daddr:16783984: srtt_us:2556648: RTT:319581: ssthresh:2147483647: cwnd:13: delivered:5: lost:0: retrans:1
[  236.062925] AAAAA-TCP_SEND: name:enp0s3: saddr:100932208: daddr:16783984: srtt_us:2556648: RTT:319581: ssthresh:2147483647: cwnd:13: delivered:5: lost:0: retrans:1
[  236.156043] AAAAA-TCP_RECV: name:enp0s3: saddr:16783984: daddr:100932208: srtt_us:2556648: RTT:319581: ssthresh:2147483647: cwnd:13: delivered:5: lost:0: retrans:1
[  236.156099] AAAAA-TCP_SEND: name:enp0s3: saddr:100932208: daddr:16783984: srtt_us:3015757: RTT:376969: ssthresh:2147483647: cwnd:14: delivered:6: lost:0: retrans:1
[  236.156127] AAAAA-TCP_SEND: name:enp0s3: saddr:100932208: daddr:16783984: srtt_us:3015757: RTT:376969: ssthresh:2147483647: cwnd:14: delivered:6: lost:0: retrans:1
[  236.287447] AAAAA-TCP_RECV: name:enp0s3: saddr:16783984: daddr:100932208: srtt_us:3015757: RTT:376969: ssthresh:2147483647: cwnd:14: delivered:6: lost:0: retrans:1
[  236.287507] AAAAA-TCP_SEND: name:enp0s3: saddr:100932208: daddr:16783984: srtt_us:3548806: RTT:443600: ssthresh:2147483647: cwnd:15: delivered:7: lost:0: retrans:1
[  236.287533] AAAAA-TCP_SEND: name:enp0s3: saddr:100932208: daddr:16783984: srtt_us:3548806: RTT:443600: ssthresh:2147483647: cwnd:15: delivered:7: lost:0: retrans:1
[  236.420688] AAAAA-TCP_RECV: name:enp0s3: saddr:16783984: daddr:100932208: srtt_us:3548806: RTT:443600: ssthresh:2147483647: cwnd:15: delivered:7: lost:0: retrans:1
[  236.420803] AAAAA-TCP_SEND: name:enp0s3: saddr:100932208: daddr:16783984: srtt_us:4148472: RTT:518559: ssthresh:2147483647: cwnd:16: delivered:8: lost:0: retrans:1
[  236.420879] AAAAA-TCP_SEND: name:enp0s3: saddr:100932208: daddr:16783984: srtt_us:4148472: RTT:518559: ssthresh:2147483647: cwnd:16: delivered:8: lost:0: retrans:1
[  236.631027] AAAAA-TCP_SEND: name:enp0s3: saddr:100932208: daddr:33561200: srtt_us:1771520: RTT:221440: ssthresh:7: cwnd:1: delivered:1: lost:10: retrans:2
[  236.973713] AAAAA-TCP_RECV: name:enp0s3: saddr:16783984: daddr:100932208: srtt_us:4148472: RTT:518559: ssthresh:2147483647: cwnd:16: delivered:8: lost:0: retrans:1
[  236.973780] AAAAA-TCP_SEND: name:enp0s3: saddr:100932208: daddr:16783984: srtt_us:5226112: RTT:653264: ssthresh:2147483647: cwnd:17: delivered:9: lost:0: retrans:1
[  236.973812] AAAAA-TCP_SEND: name:enp0s3: saddr:100932208: daddr:16783984: srtt_us:5226112: RTT:653264: ssthresh:2147483647: cwnd:17: delivered:9: lost:0: retrans:1
[  237.097521] AAAAA-TCP_RECV: name:enp0s3: saddr:16783984: daddr:100932208: srtt_us:5226112: RTT:653264: ssthresh:2147483647: cwnd:17: delivered:9: lost:0: retrans:1
[  237.097587] AAAAA-TCP_SEND: name:enp0s3: saddr:100932208: daddr:16783984: srtt_us:6292832: RTT:786604: ssthresh:2147483647: cwnd:18: delivered:10: lost:0: retrans:1
[  237.097618] AAAAA-TCP_SEND: name:enp0s3: saddr:100932208: daddr:16783984: srtt_us:6292832: RTT:786604: ssthresh:2147483647: cwnd:18: delivered:10: lost:0: retrans:1
[  237.278839] AAAAA-TCP_RECV: name:enp0s3: saddr:16783984: daddr:100932208: srtt_us:6292832: RTT:786604: ssthresh:2147483647: cwnd:18: delivered:10: lost:0: retrans:1
[  237.278906] AAAAA-TCP_SEND: name:enp0s3: saddr:100932208: daddr:16783984: srtt_us:7407437: RTT:925929: ssthresh:2147483647: cwnd:19: delivered:11: lost:0: retrans:1
[  237.278940] AAAAA-TCP_SEND: name:enp0s3: saddr:100932208: daddr:16783984: srtt_us:7407437: RTT:925929: ssthresh:2147483647: cwnd:19: delivered:11: lost:0: retrans:1
[  237.441082] AAAAA-TCP_RECV: name:enp0s3: saddr:16783984: daddr:100932208: srtt_us:7407437: RTT:925929: ssthresh:2147483647: cwnd:19: delivered:11: lost:0: retrans:1
[  237.441144] AAAAA-TCP_SEND: name:enp0s3: saddr:100932208: daddr:16783984: srtt_us:8544508: RTT:1068063: ssthresh:2147483647: cwnd:20: delivered:12: lost:0: retrans:1
[  237.441174] AAAAA-TCP_SEND: name:enp0s3: saddr:100932208: daddr:16783984: srtt_us:8544508: RTT:1068063: ssthresh:2147483647: cwnd:20: delivered:12: lost:0: retrans:1
[  237.830246] AAAAA-TCP_RECV: name:enp0s3: saddr:33561200: daddr:100932208: srtt_us:1771520: RTT:221440: ssthresh:7: cwnd:1: delivered:1: lost:10: retrans:2
[  237.830318] AAAAA-TCP_SEND: name:enp0s3: saddr:100932208: daddr:33561200: srtt_us:3883080: RTT:485385: ssthresh:2147483647: cwnd:11: delivered:2: lost:10: retrans:2
[  237.830344] AAAAA-TCP_SEND: name:enp0s3: saddr:100932208: daddr:33561200: srtt_us:3883080: RTT:485385: ssthresh:2147483647: cwnd:11: delivered:2: lost:10: retrans:2
[  238.026696] AAAAA-TCP_RECV: name:enp0s3: saddr:33561200: daddr:100932208: srtt_us:3883080: RTT:485385: ssthresh:2147483647: cwnd:11: delivered:2: lost:10: retrans:2
[  238.026753] AAAAA-TCP_SEND: name:enp0s3: saddr:100932208: daddr:33561200: srtt_us:5927536: RTT:740942: ssthresh:2147483647: cwnd:12: delivered:3: lost:10: retrans:2
[  238.026783] AAAAA-TCP_SEND: name:enp0s3: saddr:100932208: daddr:33561200: srtt_us:5927536: RTT:740942: ssthresh:2147483647: cwnd:12: delivered:3: lost:10: retrans:2
[  238.518130] AAAAA-TCP_RECV: name:enp0s3: saddr:33561200: daddr:100932208: srtt_us:5927536: RTT:740942: ssthresh:2147483647: cwnd:12: delivered:3: lost:10: retrans:2
[  238.518191] AAAAA-TCP_SEND: name:enp0s3: saddr:100932208: daddr:33561200: srtt_us:8206757: RTT:1025844: ssthresh:2147483647: cwnd:13: delivered:4: lost:10: retrans:2
[  238.518219] AAAAA-TCP_SEND: name:enp0s3: saddr:100932208: daddr:33561200: srtt_us:8206757: RTT:1025844: ssthresh:2147483647: cwnd:13: delivered:4: lost:10: retrans:2
[  238.714943] AAAAA-TCP_RECV: name:enp0s3: saddr:33561200: daddr:100932208: srtt_us:8206757: RTT:1025844: ssthresh:2147483647: cwnd:13: delivered:4: lost:10: retrans:2
[  238.715004] AAAAA-TCP_SEND: name:enp0s3: saddr:100932208: daddr:33561200: srtt_us:10397892: RTT:1299736: ssthresh:2147483647: cwnd:14: delivered:5: lost:10: retrans:2
[  238.715035] AAAAA-TCP_SEND: name:enp0s3: saddr:100932208: daddr:33561200: srtt_us:10397892: RTT:1299736: ssthresh:2147483647: cwnd:14: delivered:5: lost:10: retrans:2
[  238.809111] AAAAA-TCP_RECV: name:enp0s3: saddr:33561200: daddr:100932208: srtt_us:10397892: RTT:1299736: ssthresh:2147483647: cwnd:14: delivered:5: lost:10: retrans:2
[  238.809159] AAAAA-TCP_SEND: name:enp0s3: saddr:100932208: daddr:33561200: srtt_us:10397892: RTT:1299736: ssthresh:9: cwnd:9: delivered:6: lost:15: retrans:3
[  239.004967] AAAAA-TCP_RECV: name:enp0s3: saddr:16783984: daddr:100932208: srtt_us:8544508: RTT:1068063: ssthresh:2147483647: cwnd:20: delivered:12: lost:0: retrans:1
[  239.066262] AAAAA-TCP_RECV: name:enp0s3: saddr:16783984: daddr:100932208: srtt_us:8544508: RTT:1068063: ssthresh:2147483647: cwnd:20: delivered:13: lost:0: retrans:1
[  239.066325] AAAAA-TCP_SEND: name:enp0s3: saddr:100932208: daddr:16783984: srtt_us:10694710: RTT:1336838: ssthresh:2147483647: cwnd:21: delivered:14: lost:0: retrans:1
[  239.066356] AAAAA-TCP_SEND: name:enp0s3: saddr:100932208: daddr:16783984: srtt_us:10694710: RTT:1336838: ssthresh:2147483647: cwnd:21: delivered:14: lost:0: retrans:1
[  239.129440] AAAAA-TCP_RECV: name:enp0s3: saddr:33561200: daddr:100932208: srtt_us:10397892: RTT:1299736: ssthresh:9: cwnd:9: delivered:6: lost:15: retrans:3
[  239.129482] AAAAA-TCP_SEND: name:enp0s3: saddr:100932208: daddr:33561200: srtt_us:12730156: RTT:1591269: ssthresh:2147483647: cwnd:15: delivered:7: lost:15: retrans:3
[  239.129504] AAAAA-TCP_SEND: name:enp0s3: saddr:100932208: daddr:33561200: srtt_us:12730156: RTT:1591269: ssthresh:2147483647: cwnd:15: delivered:7: lost:15: retrans:3
[  239.315590] AAAAA-TCP_RECV: name:enp0s3: saddr:16783984: daddr:100932208: srtt_us:10694710: RTT:1336838: ssthresh:2147483647: cwnd:21: delivered:14: lost:0: retrans:1
[  239.315636] AAAAA-TCP_SEND: name:enp0s3: saddr:100932208: daddr:33561200: srtt_us:12730156: RTT:1591269: ssthresh:2147483647: cwnd:15: delivered:7: lost:15: retrans:3
[  239.315681] AAAAA-TCP_SEND: name:enp0s3: saddr:100932208: daddr:16783984: srtt_us:12825467: RTT:1603183: ssthresh:2147483647: cwnd:22: delivered:15: lost:0: retrans:1
[  239.315700] AAAAA-TCP_SEND: name:enp0s3: saddr:100932208: daddr:16783984: srtt_us:12825467: RTT:1603183: ssthresh:2147483647: cwnd:22: delivered:15: lost:0: retrans:1
[  239.461382] AAAAA-TCP_RECV: name:enp0s3: saddr:16783984: daddr:100932208: srtt_us:12825467: RTT:1603183: ssthresh:2147483647: cwnd:22: delivered:15: lost:0: retrans:1
[  239.461438] AAAAA-TCP_SEND: name:enp0s3: saddr:100932208: daddr:16783984: srtt_us:14776418: RTT:1847052: ssthresh:2147483647: cwnd:23: delivered:16: lost:0: retrans:1
[  239.461468] AAAAA-TCP_SEND: name:enp0s3: saddr:100932208: daddr:16783984: srtt_us:14776418: RTT:1847052: ssthresh:2147483647: cwnd:23: delivered:16: lost:0: retrans:1
[  239.754511] AAAAA-TCP_RECV: name:enp0s3: saddr:33561200: daddr:100932208: srtt_us:12730156: RTT:1591269: ssthresh:2147483647: cwnd:15: delivered:7: lost:15: retrans:3
[  239.754575] AAAAA-TCP_SEND: name:enp0s3: saddr:100932208: daddr:33561200: srtt_us:15395321: RTT:1924415: ssthresh:2147483647: cwnd:16: delivered:8: lost:15: retrans:3
[  239.754608] AAAAA-TCP_SEND: name:enp0s3: saddr:100932208: daddr:33561200: srtt_us:15395321: RTT:1924415: ssthresh:2147483647: cwnd:16: delivered:8: lost:15: retrans:3
[  239.872837] AAAAA-TCP_RECV: name:enp0s3: saddr:16783984: daddr:100932208: srtt_us:14776418: RTT:1847052: ssthresh:2147483647: cwnd:23: delivered:16: lost:0: retrans:1
[  239.872896] AAAAA-TCP_SEND: name:enp0s3: saddr:100932208: daddr:16783984: srtt_us:16894957: RTT:2111869: ssthresh:2147483647: cwnd:24: delivered:17: lost:0: retrans:1
[  239.872926] AAAAA-TCP_SEND: name:enp0s3: saddr:100932208: daddr:16783984: srtt_us:16894957: RTT:2111869: ssthresh:2147483647: cwnd:24: delivered:17: lost:0: retrans:1
[  240.034309] AAAAA-TCP_RECV: name:enp0s3: saddr:33561200: daddr:100932208: srtt_us:15395321: RTT:1924415: ssthresh:2147483647: cwnd:16: delivered:8: lost:15: retrans:3
[  240.034403] AAAAA-TCP_SEND: name:enp0s3: saddr:100932208: daddr:33561200: srtt_us:18007053: RTT:2250881: ssthresh:2147483647: cwnd:17: delivered:9: lost:15: retrans:3
[  240.034437] AAAAA-TCP_SEND: name:enp0s3: saddr:100932208: daddr:33561200: srtt_us:18007053: RTT:2250881: ssthresh:2147483647: cwnd:17: delivered:9: lost:15: retrans:3
[  240.114327] AAAAA-TCP_RECV: name:enp0s3: saddr:33561200: daddr:100932208: srtt_us:18007053: RTT:2250881: ssthresh:2147483647: cwnd:17: delivered:9: lost:15: retrans:3
[  240.193825] AAAAA-TCP_RECV: name:enp0s3: saddr:33561200: daddr:100932208: srtt_us:18007053: RTT:2250881: ssthresh:2147483647: cwnd:17: delivered:10: lost:15: retrans:3
[  240.193868] AAAAA-TCP_SEND: name:enp0s3: saddr:100932208: daddr:33561200: srtt_us:20451815: RTT:2556476: ssthresh:2147483647: cwnd:18: delivered:11: lost:15: retrans:3
[  240.193895] AAAAA-TCP_SEND: name:enp0s3: saddr:100932208: daddr:33561200: srtt_us:20451815: RTT:2556476: ssthresh:2147483647: cwnd:18: delivered:11: lost:15: retrans:3
[  240.384677] AAAAA-TCP_RECV: name:enp0s3: saddr:16783984: daddr:100932208: srtt_us:16894957: RTT:2111869: ssthresh:2147483647: cwnd:24: delivered:17: lost:0: retrans:1
[  240.384737] AAAAA-TCP_SEND: name:enp0s3: saddr:100932208: daddr:16783984: srtt_us:19104932: RTT:2388116: ssthresh:24: cwnd:24: delivered:18: lost:0: retrans:1
[  240.503966] AAAAA-TCP_RECV: name:enp0s3: saddr:33561200: daddr:100932208: srtt_us:20451815: RTT:2556476: ssthresh:2147483647: cwnd:18: delivered:11: lost:15: retrans:3
[  240.504054] AAAAA-TCP_SEND: name:enp0s3: saddr:100932208: daddr:33561200: srtt_us:22901339: RTT:2862667: ssthresh:2147483647: cwnd:19: delivered:12: lost:15: retrans:3
[  240.504116] AAAAA-TCP_SEND: name:enp0s3: saddr:100932208: daddr:33561200: srtt_us:22901339: RTT:2862667: ssthresh:2147483647: cwnd:19: delivered:12: lost:15: retrans:3
[  240.584634] AAAAA-TCP_RECV: name:enp0s3: saddr:16783984: daddr:100932208: srtt_us:19104932: RTT:2388116: ssthresh:24: cwnd:24: delivered:18: lost:0: retrans:1
[  240.584672] AAAAA-TCP_SEND: name:enp0s3: saddr:100932208: daddr:16783984: srtt_us:21238610: RTT:2654826: ssthresh:24: cwnd:24: delivered:19: lost:0: retrans:1
[  240.663739] AAAAA-TCP_RECV: name:enp0s3: saddr:16783984: daddr:100932208: srtt_us:21238610: RTT:2654826: ssthresh:24: cwnd:24: delivered:19: lost:0: retrans:1
[  240.663772] AAAAA-TCP_SEND: name:enp0s3: saddr:100932208: daddr:16783984: srtt_us:23091446: RTT:2886430: ssthresh:24: cwnd:24: delivered:20: lost:0: retrans:1
[  240.832372] AAAAA-TCP_RECV: name:enp0s3: saddr:16783984: daddr:100932208: srtt_us:23091446: RTT:2886430: ssthresh:24: cwnd:24: delivered:20: lost:0: retrans:1
[  240.832429] AAAAA-TCP_SEND: name:enp0s3: saddr:100932208: daddr:16783984: srtt_us:24881311: RTT:3110163: ssthresh:24: cwnd:24: delivered:21: lost:0: retrans:1
[  240.881499] AAAAA-TCP_RECV: name:enp0s3: saddr:16783984: daddr:100932208: srtt_us:24881311: RTT:3110163: ssthresh:24: cwnd:24: delivered:21: lost:0: retrans:1
[  240.881530] AAAAA-TCP_SEND: name:enp0s3: saddr:100932208: daddr:16783984: srtt_us:26365163: RTT:3295645: ssthresh:24: cwnd:24: delivered:22: lost:0: retrans:1
[  240.999797] AAAAA-TCP_RECV: name:enp0s3: saddr:16783984: daddr:100932208: srtt_us:26365163: RTT:3295645: ssthresh:24: cwnd:24: delivered:22: lost:0: retrans:1
[  240.999830] AAAAA-TCP_SEND: name:enp0s3: saddr:100932208: daddr:16783984: srtt_us:27781832: RTT:3472729: ssthresh:24: cwnd:24: delivered:23: lost:0: retrans:1
[  241.038430] AAAAA-TCP_RECV: name:enp0s3: saddr:16783984: daddr:100932208: srtt_us:27781832: RTT:3472729: ssthresh:24: cwnd:24: delivered:23: lost:0: retrans:1
[  241.038460] AAAAA-TCP_SEND: name:enp0s3: saddr:100932208: daddr:16783984: srtt_us:28926761: RTT:3615845: ssthresh:24: cwnd:24: delivered:24: lost:0: retrans:1
[  241.110133] AAAAA-TCP_RECV: name:enp0s3: saddr:16783984: daddr:100932208: srtt_us:28926761: RTT:3615845: ssthresh:24: cwnd:24: delivered:24: lost:0: retrans:1
[  241.110162] AAAAA-TCP_SEND: name:enp0s3: saddr:100932208: daddr:16783984: srtt_us:30000277: RTT:3750034: ssthresh:24: cwnd:24: delivered:25: lost:0: retrans:1
[  241.157918] AAAAA-TCP_RECV: name:enp0s3: saddr:33561200: daddr:100932208: srtt_us:22901339: RTT:2862667: ssthresh:2147483647: cwnd:19: delivered:12: lost:15: retrans:3
[  241.259085] AAAAA-TCP_RECV: name:enp0s3: saddr:16783984: daddr:100932208: srtt_us:30000277: RTT:3750034: ssthresh:24: cwnd:24: delivered:25: lost:0: retrans:1
[  241.315986] AAAAA-TCP_RECV: name:enp0s3: saddr:16783984: daddr:100932208: srtt_us:30535579: RTT:3816947: ssthresh:24: cwnd:24: delivered:26: lost:0: retrans:1
[  241.495580] AAAAA-TCP_RECV: name:enp0s3: saddr:16783984: daddr:100932208: srtt_us:31060865: RTT:3882608: ssthresh:24: cwnd:24: delivered:27: lost:0: retrans:1
[  241.626814] AAAAA-TCP_RECV: name:enp0s3: saddr:16783984: daddr:100932208: srtt_us:31576278: RTT:3947034: ssthresh:24: cwnd:24: delivered:28: lost:0: retrans:1
[  241.741945] AAAAA-TCP_RECV: name:enp0s3: saddr:16783984: daddr:100932208: srtt_us:32158499: RTT:4019812: ssthresh:24: cwnd:24: delivered:29: lost:0: retrans:1
[  241.807675] AAAAA-TCP_RECV: name:enp0s3: saddr:16783984: daddr:100932208: srtt_us:32601751: RTT:4075218: ssthresh:24: cwnd:24: delivered:30: lost:0: retrans:1
[  241.945009] AAAAA-TCP_RECV: name:enp0s3: saddr:33561200: daddr:100932208: srtt_us:22901339: RTT:2862667: ssthresh:2147483647: cwnd:19: delivered:13: lost:15: retrans:3
[  242.021616] AAAAA-TCP_RECV: name:enp0s3: saddr:16783984: daddr:100932208: srtt_us:33055327: RTT:4131915: ssthresh:24: cwnd:24: delivered:32: lost:0: retrans:1
[  242.099312] AAAAA-TCP_RECV: name:enp0s3: saddr:33561200: daddr:100932208: srtt_us:24153390: RTT:3019173: ssthresh:2147483647: cwnd:20: delivered:14: lost:15: retrans:3
[  242.182022] AAAAA-TCP_RECV: name:enp0s3: saddr:33561200: daddr:100932208: srtt_us:25403226: RTT:3175403: ssthresh:2147483647: cwnd:21: delivered:15: lost:15: retrans:3
[  242.475087] AAAAA-TCP_RECV: name:enp0s3: saddr:33561200: daddr:100932208: srtt_us:26383116: RTT:3297889: ssthresh:2147483647: cwnd:22: delivered:16: lost:15: retrans:3
[  242.534256] AAAAA-TCP_RECV: name:enp0s3: saddr:33561200: daddr:100932208: srtt_us:27533588: RTT:3441698: ssthresh:2147483647: cwnd:23: delivered:17: lost:15: retrans:3
[  243.257698] AAAAA-TCP_RECV: name:enp0s3: saddr:33561200: daddr:100932208: srtt_us:28107980: RTT:3513497: ssthresh:2147483647: cwnd:24: delivered:18: lost:15: retrans:3
[  243.323145] AAAAA-TCP_RECV: name:enp0s3: saddr:33561200: daddr:100932208: srtt_us:29334022: RTT:3666752: ssthresh:2147483647: cwnd:25: delivered:19: lost:15: retrans:3
[  243.502623] AAAAA-TCP_RECV: name:enp0s3: saddr:33561200: daddr:100932208: srtt_us:30275423: RTT:3784427: ssthresh:2147483647: cwnd:26: delivered:20: lost:15: retrans:3
[  243.535599] AAAAA-TCP_RECV: name:enp0s3: saddr:33561200: daddr:100932208: srtt_us:31278626: RTT:3909828: ssthresh:2147483647: cwnd:27: delivered:21: lost:15: retrans:3
[  243.566676] AAAAA-TCP_RECV: name:enp0s3: saddr:16783984: daddr:100932208: srtt_us:33503896: RTT:4187987: ssthresh:24: cwnd:25: delivered:33: lost:0: retrans:1
[  243.688250] AAAAA-TCP_RECV: name:enp0s3: saddr:16783984: daddr:100932208: srtt_us:33816290: RTT:4227036: ssthresh:24: cwnd:26: delivered:34: lost:0: retrans:1
[  243.781053] AAAAA-TCP_RECV: name:enp0s3: saddr:33561200: daddr:100932208: srtt_us:31278626: RTT:3909828: ssthresh:2147483647: cwnd:27: delivered:22: lost:15: retrans:3
[  243.869662] AAAAA-TCP_RECV: name:enp0s3: saddr:33561200: daddr:100932208: srtt_us:32020392: RTT:4002549: ssthresh:27: cwnd:27: delivered:23: lost:15: retrans:3
[  243.893201] AAAAA-TCP_RECV: name:enp0s3: saddr:33561200: daddr:100932208: srtt_us:32758045: RTT:4094755: ssthresh:27: cwnd:27: delivered:24: lost:15: retrans:3
[  243.980413] AAAAA-TCP_RECV: name:enp0s3: saddr:16783984: daddr:100932208: srtt_us:34211224: RTT:4276403: ssthresh:24: cwnd:26: delivered:35: lost:0: retrans:1
[  244.008671] AAAAA-TCP_RECV: name:enp0s3: saddr:16783984: daddr:100932208: srtt_us:34599568: RTT:4324946: ssthresh:24: cwnd:27: delivered:36: lost:0: retrans:1
[  244.040918] AAAAA-TCP_RECV: name:enp0s3: saddr:16783984: daddr:100932208: srtt_us:34967627: RTT:4370953: ssthresh:24: cwnd:27: delivered:37: lost:0: retrans:1
[  244.094137] AAAAA-TCP_RECV: name:enp0s3: saddr:16783984: daddr:100932208: srtt_us:35176166: RTT:4397020: ssthresh:24: cwnd:28: delivered:38: lost:0: retrans:1
[  244.181291] AAAAA-TCP_RECV: name:enp0s3: saddr:33561200: daddr:100932208: srtt_us:33240878: RTT:4155109: ssthresh:27: cwnd:27: delivered:25: lost:15: retrans:3
[  244.233925] AAAAA-TCP_RECV: name:enp0s3: saddr:33561200: daddr:100932208: srtt_us:33512498: RTT:4189062: ssthresh:27: cwnd:28: delivered:26: lost:15: retrans:3
[  244.334168] AAAAA-TCP_RECV: name:enp0s3: saddr:16783984: daddr:100932208: srtt_us:35411869: RTT:4426483: ssthresh:24: cwnd:28: delivered:39: lost:0: retrans:1
[  244.382085] AAAAA-TCP_RECV: name:enp0s3: saddr:16783984: daddr:100932208: srtt_us:35446685: RTT:4430835: ssthresh:24: cwnd:29: delivered:40: lost:0: retrans:1
[  244.401719] AAAAA-TCP_RECV: name:enp0s3: saddr:33561200: daddr:100932208: srtt_us:33802813: RTT:4225351: ssthresh:27: cwnd:28: delivered:27: lost:15: retrans:3
[  244.498309] AAAAA-TCP_RECV: name:enp0s3: saddr:33561200: daddr:100932208: srtt_us:33944828: RTT:4243103: ssthresh:27: cwnd:29: delivered:28: lost:15: retrans:3
[  244.559263] AAAAA-TCP_RECV: name:enp0s3: saddr:33561200: daddr:100932208: srtt_us:34165670: RTT:4270708: ssthresh:27: cwnd:29: delivered:29: lost:15: retrans:3
[  244.593109] AAAAA-TCP_RECV: name:enp0s3: saddr:33561200: daddr:100932208: srtt_us:34260380: RTT:4282547: ssthresh:27: cwnd:30: delivered:30: lost:15: retrans:3
[  244.644278] AAAAA-TCP_RECV: name:enp0s3: saddr:16783984: daddr:100932208: srtt_us:35525065: RTT:4440633: ssthresh:24: cwnd:29: delivered:41: lost:0: retrans:1
[  244.731169] AAAAA-TCP_RECV: name:enp0s3: saddr:33561200: daddr:100932208: srtt_us:34377095: RTT:4297136: ssthresh:27: cwnd:30: delivered:31: lost:15: retrans:3
[  244.754070] AAAAA-TCP_RECV: name:enp0s3: saddr:33561200: daddr:100932208: srtt_us:34307095: RTT:4288386: ssthresh:27: cwnd:31: delivered:32: lost:15: retrans:3
[  244.958873] AAAAA-TCP_RECV: name:enp0s3: saddr:16783984: daddr:100932208: srtt_us:35343996: RTT:4417999: ssthresh:24: cwnd:30: delivered:42: lost:0: retrans:1
[  245.011509] AAAAA-TCP_RECV: name:enp0s3: saddr:16783984: daddr:100932208: srtt_us:35300218: RTT:4412527: ssthresh:24: cwnd:30: delivered:43: lost:0: retrans:1
[  245.037752] AAAAA-TCP_RECV: name:enp0s3: saddr:16783984: daddr:100932208: srtt_us:35235446: RTT:4404430: ssthresh:24: cwnd:31: delivered:44: lost:0: retrans:1
[  245.061623] AAAAA-TCP_RECV: name:enp0s3: saddr:16783984: daddr:100932208: srtt_us:35036357: RTT:4379544: ssthresh:24: cwnd:31: delivered:45: lost:0: retrans:1
[  245.079746] AAAAA-TCP_RECV: name:enp0s3: saddr:16783984: daddr:100932208: srtt_us:34836923: RTT:4354615: ssthresh:24: cwnd:32: delivered:46: lost:0: retrans:1
[  245.095778] AAAAA-TCP_RECV: name:enp0s3: saddr:16783984: daddr:100932208: srtt_us:34562240: RTT:4320280: ssthresh:24: cwnd:32: delivered:47: lost:0: retrans:1
[  245.111542] AAAAA-TCP_RECV: name:enp0s3: saddr:16783984: daddr:100932208: srtt_us:34299295: RTT:4287411: ssthresh:24: cwnd:33: delivered:48: lost:0: retrans:1
[  258.352421] AAAAA-TCP_SEND: name:enp0s3: saddr:100932208: daddr:16783984: srtt_us:34013280: RTT:4251660: ssthresh:24: cwnd:33: delivered:49: lost:0: retrans:1
[  258.353735] AAAAA-TCP_SEND: name:enp0s3: saddr:100932208: daddr:16783984: srtt_us:34013280: RTT:4251660: ssthresh:24: cwnd:21: delivered:49: lost:0: retrans:1
[  258.353859] AAAAA-TCP_SEND: name:enp0s3: saddr:100932208: daddr:16783984: srtt_us:34013280: RTT:4251660: ssthresh:24: cwnd:21: delivered:49: lost:0: retrans:1
[  258.353880] AAAAA-TCP_SEND: name:enp0s3: saddr:100932208: daddr:16783984: srtt_us:34013280: RTT:4251660: ssthresh:24: cwnd:21: delivered:49: lost:0: retrans:1
[  258.353969] AAAAA-TCP_SEND: name:enp0s3: saddr:100932208: daddr:16783984: srtt_us:34013280: RTT:4251660: ssthresh:24: cwnd:21: delivered:49: lost:0: retrans:1
[  258.353989] AAAAA-TCP_SEND: name:enp0s3: saddr:100932208: daddr:16783984: srtt_us:34013280: RTT:4251660: ssthresh:24: cwnd:21: delivered:49: lost:0: retrans:1
[  258.354051] AAAAA-TCP_SEND: name:enp0s3: saddr:100932208: daddr:16783984: srtt_us:34013280: RTT:4251660: ssthresh:24: cwnd:21: delivered:49: lost:0: retrans:1
[  258.354072] AAAAA-TCP_SEND: name:enp0s3: saddr:100932208: daddr:16783984: srtt_us:34013280: RTT:4251660: ssthresh:24: cwnd:21: delivered:49: lost:0: retrans:1
[  258.354133] AAAAA-TCP_SEND: name:enp0s3: saddr:100932208: daddr:16783984: srtt_us:34013280: RTT:4251660: ssthresh:24: cwnd:21: delivered:49: lost:0: retrans:1
[  258.354153] AAAAA-TCP_SEND: name:enp0s3: saddr:100932208: daddr:16783984: srtt_us:34013280: RTT:4251660: ssthresh:24: cwnd:21: delivered:49: lost:0: retrans:1
[  258.354218] AAAAA-TCP_SEND: name:enp0s3: saddr:100932208: daddr:16783984: srtt_us:34013280: RTT:4251660: ssthresh:24: cwnd:21: delivered:49: lost:0: retrans:1
[  258.354236] AAAAA-TCP_SEND: name:enp0s3: saddr:100932208: daddr:16783984: srtt_us:34013280: RTT:4251660: ssthresh:24: cwnd:21: delivered:49: lost:0: retrans:1
[  258.354298] AAAAA-TCP_SEND: name:enp0s3: saddr:100932208: daddr:16783984: srtt_us:34013280: RTT:4251660: ssthresh:24: cwnd:21: delivered:49: lost:0: retrans:1
[  258.354315] AAAAA-TCP_SEND: name:enp0s3: saddr:100932208: daddr:16783984: srtt_us:34013280: RTT:4251660: ssthresh:24: cwnd:21: delivered:49: lost:0: retrans:1
[  258.354380] AAAAA-TCP_SEND: name:enp0s3: saddr:100932208: daddr:16783984: srtt_us:34013280: RTT:4251660: ssthresh:24: cwnd:21: delivered:49: lost:0: retrans:1
[  258.354400] AAAAA-TCP_SEND: name:enp0s3: saddr:100932208: daddr:16783984: srtt_us:34013280: RTT:4251660: ssthresh:24: cwnd:21: delivered:49: lost:0: retrans:1
[  258.354461] AAAAA-TCP_SEND: name:enp0s3: saddr:100932208: daddr:16783984: srtt_us:34013280: RTT:4251660: ssthresh:24: cwnd:21: delivered:49: lost:0: retrans:1
[  258.354479] AAAAA-TCP_SEND: name:enp0s3: saddr:100932208: daddr:16783984: srtt_us:34013280: RTT:4251660: ssthresh:24: cwnd:21: delivered:49: lost:0: retrans:1
[  258.354539] AAAAA-TCP_SEND: name:enp0s3: saddr:100932208: daddr:16783984: srtt_us:34013280: RTT:4251660: ssthresh:24: cwnd:21: delivered:49: lost:0: retrans:1
[  258.354557] AAAAA-TCP_SEND: name:enp0s3: saddr:100932208: daddr:16783984: srtt_us:34013280: RTT:4251660: ssthresh:24: cwnd:21: delivered:49: lost:0: retrans:1
[  258.354646] AAAAA-TCP_SEND: name:enp0s3: saddr:100932208: daddr:16783984: srtt_us:34013280: RTT:4251660: ssthresh:24: cwnd:21: delivered:49: lost:0: retrans:1
[  258.354671] AAAAA-TCP_SEND: name:enp0s3: saddr:100932208: daddr:33561200: srtt_us:34268735: RTT:4283591: ssthresh:27: cwnd:31: delivered:33: lost:15: retrans:3
[  258.354782] AAAAA-TCP_SEND: name:enp0s3: saddr:100932208: daddr:33561200: srtt_us:34268735: RTT:4283591: ssthresh:27: cwnd:20: delivered:33: lost:15: retrans:3
[  258.354799] AAAAA-TCP_SEND: name:enp0s3: saddr:100932208: daddr:33561200: srtt_us:34268735: RTT:4283591: ssthresh:27: cwnd:20: delivered:33: lost:15: retrans:3
[  258.354887] AAAAA-TCP_SEND: name:enp0s3: saddr:100932208: daddr:33561200: srtt_us:34268735: RTT:4283591: ssthresh:27: cwnd:20: delivered:33: lost:15: retrans:3
[  258.354906] AAAAA-TCP_SEND: name:enp0s3: saddr:100932208: daddr:33561200: srtt_us:34268735: RTT:4283591: ssthresh:27: cwnd:20: delivered:33: lost:15: retrans:3
[  258.355003] AAAAA-TCP_SEND: name:enp0s3: saddr:100932208: daddr:33561200: srtt_us:34268735: RTT:4283591: ssthresh:27: cwnd:20: delivered:33: lost:15: retrans:3
[  258.355022] AAAAA-TCP_SEND: name:enp0s3: saddr:100932208: daddr:33561200: srtt_us:34268735: RTT:4283591: ssthresh:27: cwnd:20: delivered:33: lost:15: retrans:3
[  258.355110] AAAAA-TCP_SEND: name:enp0s3: saddr:100932208: daddr:33561200: srtt_us:34268735: RTT:4283591: ssthresh:27: cwnd:20: delivered:33: lost:15: retrans:3
[  258.355129] AAAAA-TCP_SEND: name:enp0s3: saddr:100932208: daddr:33561200: srtt_us:34268735: RTT:4283591: ssthresh:27: cwnd:20: delivered:33: lost:15: retrans:3
[  258.355189] AAAAA-TCP_SEND: name:enp0s3: saddr:100932208: daddr:33561200: srtt_us:34268735: RTT:4283591: ssthresh:27: cwnd:20: delivered:33: lost:15: retrans:3
[  258.355207] AAAAA-TCP_SEND: name:enp0s3: saddr:100932208: daddr:33561200: srtt_us:34268735: RTT:4283591: ssthresh:27: cwnd:20: delivered:33: lost:15: retrans:3
[  258.355269] AAAAA-TCP_SEND: name:enp0s3: saddr:100932208: daddr:33561200: srtt_us:34268735: RTT:4283591: ssthresh:27: cwnd:20: delivered:33: lost:15: retrans:3
[  258.355287] AAAAA-TCP_SEND: name:enp0s3: saddr:100932208: daddr:33561200: srtt_us:34268735: RTT:4283591: ssthresh:27: cwnd:20: delivered:33: lost:15: retrans:3
[  258.355347] AAAAA-TCP_SEND: name:enp0s3: saddr:100932208: daddr:33561200: srtt_us:34268735: RTT:4283591: ssthresh:27: cwnd:20: delivered:33: lost:15: retrans:3
[  258.355365] AAAAA-TCP_SEND: name:enp0s3: saddr:100932208: daddr:33561200: srtt_us:34268735: RTT:4283591: ssthresh:27: cwnd:20: delivered:33: lost:15: retrans:3
[  258.355426] AAAAA-TCP_SEND: name:enp0s3: saddr:100932208: daddr:33561200: srtt_us:34268735: RTT:4283591: ssthresh:27: cwnd:20: delivered:33: lost:15: retrans:3
[  258.355444] AAAAA-TCP_SEND: name:enp0s3: saddr:100932208: daddr:33561200: srtt_us:34268735: RTT:4283591: ssthresh:27: cwnd:20: delivered:33: lost:15: retrans:3
[  258.355504] AAAAA-TCP_SEND: name:enp0s3: saddr:100932208: daddr:33561200: srtt_us:34268735: RTT:4283591: ssthresh:27: cwnd:20: delivered:33: lost:15: retrans:3
[  258.355521] AAAAA-TCP_SEND: name:enp0s3: saddr:100932208: daddr:33561200: srtt_us:34268735: RTT:4283591: ssthresh:27: cwnd:20: delivered:33: lost:15: retrans:3
[  258.355607] AAAAA-TCP_SEND: name:enp0s3: saddr:100932208: daddr:33561200: srtt_us:34268735: RTT:4283591: ssthresh:27: cwnd:20: delivered:33: lost:15: retrans:3
[  260.583590] AAAAA-TCP_RECV: name:enp0s3: saddr:16783984: daddr:100932208: srtt_us:34013280: RTT:4251660: ssthresh:24: cwnd:21: delivered:49: lost:0: retrans:1
[  260.583666] AAAAA-TCP_SEND: name:enp0s3: saddr:100932208: daddr:16783984: srtt_us:31992832: RTT:3999104: ssthresh:24: cwnd:22: delivered:50: lost:0: retrans:1
[  260.583698] AAAAA-TCP_SEND: name:enp0s3: saddr:100932208: daddr:16783984: srtt_us:31992832: RTT:3999104: ssthresh:24: cwnd:22: delivered:50: lost:0: retrans:1
[  260.801020] AAAAA-TCP_RECV: name:enp0s3: saddr:16783984: daddr:100932208: srtt_us:31992832: RTT:3999104: ssthresh:24: cwnd:22: delivered:50: lost:0: retrans:1
[  260.801081] AAAAA-TCP_SEND: name:enp0s3: saddr:100932208: daddr:16783984: srtt_us:30441039: RTT:3805129: ssthresh:24: cwnd:23: delivered:51: lost:0: retrans:1
[  260.801108] AAAAA-TCP_SEND: name:enp0s3: saddr:100932208: daddr:16783984: srtt_us:30441039: RTT:3805129: ssthresh:24: cwnd:23: delivered:51: lost:0: retrans:1
[  261.053937] AAAAA-TCP_RECV: name:enp0s3: saddr:16783984: daddr:100932208: srtt_us:30441039: RTT:3805129: ssthresh:24: cwnd:23: delivered:51: lost:0: retrans:1
[  261.053999] AAAAA-TCP_SEND: name:enp0s3: saddr:100932208: daddr:16783984: srtt_us:29336012: RTT:3667001: ssthresh:24: cwnd:24: delivered:52: lost:0: retrans:1
[  261.054030] AAAAA-TCP_SEND: name:enp0s3: saddr:100932208: daddr:16783984: srtt_us:29336012: RTT:3667001: ssthresh:24: cwnd:24: delivered:52: lost:0: retrans:1
[  261.171292] AAAAA-TCP_RECV: name:enp0s3: saddr:16783984: daddr:100932208: srtt_us:29336012: RTT:3667001: ssthresh:24: cwnd:24: delivered:52: lost:0: retrans:1
[  261.171335] AAAAA-TCP_SEND: name:enp0s3: saddr:100932208: daddr:16783984: srtt_us:28486428: RTT:3560803: ssthresh:24: cwnd:25: delivered:53: lost:0: retrans:1
[  261.171362] AAAAA-TCP_SEND: name:enp0s3: saddr:100932208: daddr:16783984: srtt_us:28486428: RTT:3560803: ssthresh:24: cwnd:25: delivered:53: lost:0: retrans:1
[  261.308964] AAAAA-TCP_RECV: name:enp0s3: saddr:16783984: daddr:100932208: srtt_us:28486428: RTT:3560803: ssthresh:24: cwnd:25: delivered:53: lost:0: retrans:1
[  261.309027] AAAAA-TCP_SEND: name:enp0s3: saddr:100932208: daddr:16783984: srtt_us:27880646: RTT:3485080: ssthresh:24: cwnd:25: delivered:54: lost:0: retrans:1
[  261.574223] AAAAA-TCP_RECV: name:enp0s3: saddr:16783984: daddr:100932208: srtt_us:27880646: RTT:3485080: ssthresh:24: cwnd:25: delivered:54: lost:0: retrans:1
[  261.574285] AAAAA-TCP_SEND: name:enp0s3: saddr:100932208: daddr:16783984: srtt_us:27615824: RTT:3451978: ssthresh:24: cwnd:26: delivered:55: lost:0: retrans:1
[  261.574318] AAAAA-TCP_SEND: name:enp0s3: saddr:100932208: daddr:16783984: srtt_us:27615824: RTT:3451978: ssthresh:24: cwnd:26: delivered:55: lost:0: retrans:1
[  262.278862] AAAAA-TCP_RECV: name:enp0s3: saddr:16783984: daddr:100932208: srtt_us:27615824: RTT:3451978: ssthresh:24: cwnd:26: delivered:55: lost:0: retrans:1
[  262.278930] AAAAA-TCP_SEND: name:enp0s3: saddr:100932208: daddr:16783984: srtt_us:28088685: RTT:3511085: ssthresh:24: cwnd:26: delivered:56: lost:0: retrans:1
[  262.649500] AAAAA-TCP_RECV: name:enp0s3: saddr:33561200: daddr:100932208: srtt_us:34268735: RTT:4283591: ssthresh:27: cwnd:20: delivered:33: lost:15: retrans:3
[  262.649670] AAAAA-TCP_SEND: name:enp0s3: saddr:100932208: daddr:33561200: srtt_us:34280026: RTT:4285003: ssthresh:27: cwnd:25: delivered:38: lost:15: retrans:3
[  262.649746] AAAAA-TCP_SEND: name:enp0s3: saddr:100932208: daddr:33561200: srtt_us:34280026: RTT:4285003: ssthresh:27: cwnd:25: delivered:38: lost:15: retrans:3
[  262.652017] AAAAA-TCP_SEND: name:enp0s3: saddr:100932208: daddr:33561200: srtt_us:34280026: RTT:4285003: ssthresh:27: cwnd:25: delivered:38: lost:15: retrans:3
[  262.652075] AAAAA-TCP_SEND: name:enp0s3: saddr:100932208: daddr:33561200: srtt_us:34280026: RTT:4285003: ssthresh:27: cwnd:25: delivered:38: lost:15: retrans:3
[  262.652524] AAAAA-TCP_SEND: name:enp0s3: saddr:100932208: daddr:33561200: srtt_us:34280026: RTT:4285003: ssthresh:27: cwnd:25: delivered:38: lost:15: retrans:3
[  262.652571] AAAAA-TCP_SEND: name:enp0s3: saddr:100932208: daddr:33561200: srtt_us:34280026: RTT:4285003: ssthresh:27: cwnd:25: delivered:38: lost:15: retrans:3
[  262.652862] AAAAA-TCP_SEND: name:enp0s3: saddr:100932208: daddr:33561200: srtt_us:34280026: RTT:4285003: ssthresh:27: cwnd:25: delivered:38: lost:15: retrans:3
[  262.652900] AAAAA-TCP_SEND: name:enp0s3: saddr:100932208: daddr:33561200: srtt_us:34280026: RTT:4285003: ssthresh:27: cwnd:25: delivered:38: lost:15: retrans:3
[  262.653183] AAAAA-TCP_SEND: name:enp0s3: saddr:100932208: daddr:33561200: srtt_us:34280026: RTT:4285003: ssthresh:27: cwnd:25: delivered:38: lost:15: retrans:3
[  262.653224] AAAAA-TCP_SEND: name:enp0s3: saddr:100932208: daddr:33561200: srtt_us:34280026: RTT:4285003: ssthresh:27: cwnd:25: delivered:38: lost:15: retrans:3
[  262.668239] AAAAA-TCP_RECV: name:enp0s3: saddr:16783984: daddr:100932208: srtt_us:28088685: RTT:3511085: ssthresh:24: cwnd:26: delivered:56: lost:0: retrans:1
[  262.668312] AAAAA-TCP_SEND: name:enp0s3: saddr:100932208: daddr:16783984: srtt_us:28891800: RTT:3611475: ssthresh:24: cwnd:27: delivered:57: lost:0: retrans:1
[  262.668448] AAAAA-TCP_SEND: name:enp0s3: saddr:100932208: daddr:16783984: srtt_us:28891800: RTT:3611475: ssthresh:24: cwnd:27: delivered:57: lost:0: retrans:1
[  262.772453] AAAAA-TCP_RECV: name:enp0s3: saddr:33561200: daddr:100932208: srtt_us:34280026: RTT:4285003: ssthresh:27: cwnd:25: delivered:38: lost:15: retrans:3
[  262.772475] AAAAA-TCP_SEND: name:enp0s3: saddr:100932208: daddr:33561200: srtt_us:34412477: RTT:4301559: ssthresh:27: cwnd:26: delivered:39: lost:15: retrans:3
[  262.772493] AAAAA-TCP_SEND: name:enp0s3: saddr:100932208: daddr:33561200: srtt_us:34412477: RTT:4301559: ssthresh:27: cwnd:26: delivered:39: lost:15: retrans:3
[  262.834639] AAAAA-TCP_RECV: name:enp0s3: saddr:33561200: daddr:100932208: srtt_us:34412477: RTT:4301559: ssthresh:27: cwnd:26: delivered:39: lost:15: retrans:3
[  262.834677] AAAAA-TCP_SEND: name:enp0s3: saddr:100932208: daddr:33561200: srtt_us:34590551: RTT:4323818: ssthresh:27: cwnd:27: delivered:40: lost:15: retrans:3
[  262.834701] AAAAA-TCP_SEND: name:enp0s3: saddr:100932208: daddr:33561200: srtt_us:34590551: RTT:4323818: ssthresh:27: cwnd:27: delivered:40: lost:15: retrans:3
[  262.912842] AAAAA-TCP_RECV: name:enp0s3: saddr:33561200: daddr:100932208: srtt_us:34590551: RTT:4323818: ssthresh:27: cwnd:27: delivered:40: lost:15: retrans:3
[  262.912878] AAAAA-TCP_SEND: name:enp0s3: saddr:100932208: daddr:33561200: srtt_us:34824481: RTT:4353060: ssthresh:27: cwnd:28: delivered:41: lost:15: retrans:3
[  262.912901] AAAAA-TCP_SEND: name:enp0s3: saddr:100932208: daddr:33561200: srtt_us:34824481: RTT:4353060: ssthresh:27: cwnd:28: delivered:41: lost:15: retrans:3
[  263.016113] AAAAA-TCP_RECV: name:enp0s3: saddr:16783984: daddr:100932208: srtt_us:28891800: RTT:3611475: ssthresh:24: cwnd:27: delivered:57: lost:0: retrans:1
[  263.016199] AAAAA-TCP_SEND: name:enp0s3: saddr:100932208: daddr:16783984: srtt_us:29942346: RTT:3742793: ssthresh:24: cwnd:27: delivered:58: lost:0: retrans:1
[  263.114182] AAAAA-TCP_RECV: name:enp0s3: saddr:33561200: daddr:100932208: srtt_us:34824481: RTT:4353060: ssthresh:27: cwnd:28: delivered:41: lost:15: retrans:3
[  263.114232] AAAAA-TCP_SEND: name:enp0s3: saddr:100932208: daddr:33561200: srtt_us:35230494: RTT:4403811: ssthresh:27: cwnd:28: delivered:42: lost:15: retrans:3
[  263.284091] AAAAA-TCP_RECV: name:enp0s3: saddr:16783984: daddr:100932208: srtt_us:29942346: RTT:3742793: ssthresh:24: cwnd:27: delivered:58: lost:0: retrans:1
[  263.284136] AAAAA-TCP_SEND: name:enp0s3: saddr:100932208: daddr:16783984: srtt_us:31129496: RTT:3891187: ssthresh:24: cwnd:28: delivered:59: lost:0: retrans:1
[  263.284164] AAAAA-TCP_SEND: name:enp0s3: saddr:100932208: daddr:16783984: srtt_us:31129496: RTT:3891187: ssthresh:24: cwnd:28: delivered:59: lost:0: retrans:1
[  263.337510] AAAAA-TCP_RECV: name:enp0s3: saddr:33561200: daddr:100932208: srtt_us:35230494: RTT:4403811: ssthresh:27: cwnd:28: delivered:42: lost:15: retrans:3
[  263.337555] AAAAA-TCP_SEND: name:enp0s3: saddr:100932208: daddr:33561200: srtt_us:35809021: RTT:4476127: ssthresh:27: cwnd:29: delivered:43: lost:15: retrans:3
[  263.337582] AAAAA-TCP_SEND: name:enp0s3: saddr:100932208: daddr:33561200: srtt_us:35809021: RTT:4476127: ssthresh:27: cwnd:29: delivered:43: lost:15: retrans:3
[  263.432456] AAAAA-TCP_RECV: name:enp0s3: saddr:33561200: daddr:100932208: srtt_us:35809021: RTT:4476127: ssthresh:27: cwnd:29: delivered:43: lost:15: retrans:3
[  263.432501] AAAAA-TCP_SEND: name:enp0s3: saddr:100932208: daddr:33561200: srtt_us:36410161: RTT:4551270: ssthresh:27: cwnd:29: delivered:44: lost:15: retrans:3
[  263.560681] AAAAA-TCP_RECV: name:enp0s3: saddr:16783984: daddr:100932208: srtt_us:31129496: RTT:3891187: ssthresh:24: cwnd:28: delivered:59: lost:0: retrans:1
[  263.560739] AAAAA-TCP_SEND: name:enp0s3: saddr:100932208: daddr:16783984: srtt_us:32444797: RTT:4055599: ssthresh:24: cwnd:28: delivered:60: lost:0: retrans:1
[  263.696039] AAAAA-TCP_RECV: name:enp0s3: saddr:16783984: daddr:100932208: srtt_us:32444797: RTT:4055599: ssthresh:24: cwnd:28: delivered:60: lost:0: retrans:1
[  263.696094] AAAAA-TCP_SEND: name:enp0s3: saddr:100932208: daddr:16783984: srtt_us:33731025: RTT:4216378: ssthresh:24: cwnd:29: delivered:61: lost:0: retrans:1
[  263.696140] AAAAA-TCP_SEND: name:enp0s3: saddr:100932208: daddr:16783984: srtt_us:33731025: RTT:4216378: ssthresh:24: cwnd:29: delivered:61: lost:0: retrans:1
[  263.776077] AAAAA-TCP_RECV: name:enp0s3: saddr:16783984: daddr:100932208: srtt_us:33731025: RTT:4216378: ssthresh:24: cwnd:29: delivered:61: lost:0: retrans:1
[  263.776119] AAAAA-TCP_SEND: name:enp0s3: saddr:100932208: daddr:16783984: srtt_us:34936445: RTT:4367055: ssthresh:24: cwnd:29: delivered:62: lost:0: retrans:1
[  263.790681] AAAAA-TCP_RECV: name:enp0s3: saddr:33561200: daddr:100932208: srtt_us:36410161: RTT:4551270: ssthresh:27: cwnd:29: delivered:44: lost:15: retrans:3
[  263.790716] AAAAA-TCP_SEND: name:enp0s3: saddr:100932208: daddr:33561200: srtt_us:37294318: RTT:4661789: ssthresh:27: cwnd:30: delivered:45: lost:15: retrans:3
[  263.790741] AAAAA-TCP_SEND: name:enp0s3: saddr:100932208: daddr:33561200: srtt_us:37294318: RTT:4661789: ssthresh:27: cwnd:30: delivered:45: lost:15: retrans:3
[  263.988581] AAAAA-TCP_RECV: name:enp0s3: saddr:16783984: daddr:100932208: srtt_us:34936445: RTT:4367055: ssthresh:24: cwnd:29: delivered:62: lost:0: retrans:1
[  263.988625] AAAAA-TCP_SEND: name:enp0s3: saddr:100932208: daddr:16783984: srtt_us:36203676: RTT:4525459: ssthresh:24: cwnd:30: delivered:63: lost:0: retrans:1
[  263.988655] AAAAA-TCP_SEND: name:enp0s3: saddr:100932208: daddr:16783984: srtt_us:36203676: RTT:4525459: ssthresh:24: cwnd:30: delivered:63: lost:0: retrans:1
[  263.994953] AAAAA-TCP_RECV: name:enp0s3: saddr:33561200: daddr:100932208: srtt_us:37294318: RTT:4661789: ssthresh:27: cwnd:30: delivered:45: lost:15: retrans:3
[  263.994975] AAAAA-TCP_SEND: name:enp0s3: saddr:100932208: daddr:33561200: srtt_us:38272199: RTT:4784024: ssthresh:27: cwnd:30: delivered:46: lost:15: retrans:3
[  264.079428] AAAAA-TCP_RECV: name:enp0s3: saddr:16783984: daddr:100932208: srtt_us:36203676: RTT:4525459: ssthresh:24: cwnd:30: delivered:63: lost:0: retrans:1
[  264.252280] AAAAA-TCP_RECV: name:enp0s3: saddr:16783984: daddr:100932208: srtt_us:37403268: RTT:4675408: ssthresh:24: cwnd:30: delivered:64: lost:0: retrans:1
[  264.355408] AAAAA-TCP_RECV: name:enp0s3: saddr:16783984: daddr:100932208: srtt_us:38625765: RTT:4828220: ssthresh:24: cwnd:31: delivered:65: lost:0: retrans:1
[  264.630086] AAAAA-TCP_RECV: name:enp0s3: saddr:16783984: daddr:100932208: srtt_us:39798513: RTT:4974814: ssthresh:24: cwnd:31: delivered:66: lost:0: retrans:1
[  264.668686] AAAAA-TCP_RECV: name:enp0s3: saddr:16783984: daddr:100932208: srtt_us:41099328: RTT:5137416: ssthresh:24: cwnd:32: delivered:67: lost:0: retrans:1
[  264.772347] AAAAA-TCP_RECV: name:enp0s3: saddr:16783984: daddr:100932208: srtt_us:42276062: RTT:5284507: ssthresh:24: cwnd:32: delivered:68: lost:0: retrans:1
[  264.901108] AAAAA-TCP_RECV: name:enp0s3: saddr:16783984: daddr:100932208: srtt_us:43409363: RTT:5426170: ssthresh:24: cwnd:33: delivered:69: lost:0: retrans:1
[  265.278787] AAAAA-TCP_RECV: name:enp0s3: saddr:33561200: daddr:100932208: srtt_us:38272199: RTT:4784024: ssthresh:27: cwnd:30: delivered:46: lost:15: retrans:3
[  265.278844] AAAAA-TCP_SEND: name:enp0s3: saddr:100932208: daddr:33561200: srtt_us:38272199: RTT:4784024: ssthresh:27: cwnd:30: delivered:46: lost:15: retrans:3
[  265.563177] AAAAA-TCP_RECV: name:enp0s3: saddr:16783984: daddr:100932208: srtt_us:44529698: RTT:5566212: ssthresh:24: cwnd:33: delivered:70: lost:0: retrans:1
[  265.828034] AAAAA-TCP_RECV: name:enp0s3: saddr:33561200: daddr:100932208: srtt_us:38272199: RTT:4784024: ssthresh:27: cwnd:30: delivered:46: lost:15: retrans:3
[  265.828065] AAAAA-TCP_SEND: name:enp0s3: saddr:100932208: daddr:33561200: srtt_us:38272199: RTT:4784024: ssthresh:27: cwnd:30: delivered:46: lost:15: retrans:3
[  265.992576] AAAAA-TCP_RECV: name:enp0s3: saddr:33561200: daddr:100932208: srtt_us:38272199: RTT:4784024: ssthresh:27: cwnd:30: delivered:46: lost:15: retrans:3
[  266.125404] AAAAA-TCP_RECV: name:enp0s3: saddr:16783984: daddr:100932208: srtt_us:43943033: RTT:5492879: ssthresh:24: cwnd:34: delivered:71: lost:0: retrans:1
[  266.191958] AAAAA-TCP_RECV: name:enp0s3: saddr:16783984: daddr:100932208: srtt_us:43991935: RTT:5498991: ssthresh:24: cwnd:34: delivered:72: lost:0: retrans:1
[  266.230326] AAAAA-TCP_RECV: name:enp0s3: saddr:33561200: daddr:100932208: srtt_us:38272199: RTT:4784024: ssthresh:27: cwnd:30: delivered:46: lost:15: retrans:3
[  266.422979] AAAAA-TCP_RECV: name:enp0s3: saddr:16783984: daddr:100932208: srtt_us:43883836: RTT:5485479: ssthresh:24: cwnd:35: delivered:73: lost:0: retrans:1
[  266.728115] AAAAA-TCP_RECV: name:enp0s3: saddr:16783984: daddr:100932208: srtt_us:44020281: RTT:5502535: ssthresh:24: cwnd:35: delivered:74: lost:0: retrans:1
[  266.897020] AAAAA-TCP_RECV: name:enp0s3: saddr:16783984: daddr:100932208: srtt_us:44191896: RTT:5523987: ssthresh:24: cwnd:36: delivered:75: lost:0: retrans:1
[  267.248070] AAAAA-TCP_RECV: name:enp0s3: saddr:16783984: daddr:100932208: srtt_us:44510960: RTT:5563870: ssthresh:24: cwnd:36: delivered:76: lost:0: retrans:1
[  268.115852] AAAAA-TCP_RECV: name:enp0s3: saddr:16783984: daddr:100932208: srtt_us:45023858: RTT:5627982: ssthresh:24: cwnd:37: delivered:77: lost:0: retrans:1
[  268.560642] AAAAA-TCP_RECV: name:enp0s3: saddr:16783984: daddr:100932208: srtt_us:46340425: RTT:5792553: ssthresh:24: cwnd:37: delivered:78: lost:0: retrans:1
[  269.438468] AAAAA-TCP_RECV: name:enp0s3: saddr:16783984: daddr:100932208: srtt_us:47799519: RTT:5974939: ssthresh:24: cwnd:38: delivered:79: lost:0: retrans:1
[  270.178315] AAAAA-TCP_RECV: name:enp0s3: saddr:33561200: daddr:100932208: srtt_us:38272199: RTT:4784024: ssthresh:27: cwnd:30: delivered:46: lost:15: retrans:3
[  270.178354] AAAAA-TCP_SEND: name:enp0s3: saddr:100932208: daddr:33561200: srtt_us:41016847: RTT:5127105: ssthresh:21: cwnd:23: delivered:47: lost:22: retrans:4
[  270.460821] AAAAA-TCP_RECV: name:enp0s3: saddr:33561200: daddr:100932208: srtt_us:41016847: RTT:5127105: ssthresh:21: cwnd:23: delivered:47: lost:22: retrans:4
[  270.460852] AAAAA-TCP_SEND: name:enp0s3: saddr:100932208: daddr:33561200: srtt_us:43700918: RTT:5462614: ssthresh:21: cwnd:23: delivered:48: lost:22: retrans:5
[  270.547637] AAAAA-TCP_RECV: name:enp0s3: saddr:33561200: daddr:100932208: srtt_us:43700918: RTT:5462614: ssthresh:21: cwnd:23: delivered:48: lost:22: retrans:5
[  270.547661] AAAAA-TCP_SEND: name:enp0s3: saddr:100932208: daddr:33561200: srtt_us:46133945: RTT:5766743: ssthresh:21: cwnd:23: delivered:49: lost:22: retrans:6
[  270.550203] AAAAA-TCP_RECV: name:enp0s3: saddr:33561200: daddr:100932208: srtt_us:46133945: RTT:5766743: ssthresh:21: cwnd:23: delivered:49: lost:22: retrans:6
[  270.735426] AAAAA-TCP_RECV: name:enp0s3: saddr:33561200: daddr:100932208: srtt_us:48265408: RTT:6033176: ssthresh:21: cwnd:22: delivered:50: lost:22: retrans:6
[  270.800596] AAAAA-TCP_RECV: name:enp0s3: saddr:33561200: daddr:100932208: srtt_us:50315171: RTT:6289396: ssthresh:21: cwnd:21: delivered:51: lost:22: retrans:6
[  270.800636] AAAAA-TCP_SEND: name:enp0s3: saddr:100932208: daddr:33561200: srtt_us:52173863: RTT:6521732: ssthresh:21: cwnd:21: delivered:52: lost:22: retrans:7
[  270.973359] AAAAA-TCP_RECV: name:enp0s3: saddr:33561200: daddr:100932208: srtt_us:52173863: RTT:6521732: ssthresh:21: cwnd:21: delivered:52: lost:22: retrans:7
[  270.973411] AAAAA-TCP_SEND: name:enp0s3: saddr:100932208: daddr:33561200: srtt_us:53972639: RTT:6746579: ssthresh:21: cwnd:21: delivered:53: lost:22: retrans:8
[  271.091106] AAAAA-TCP_RECV: name:enp0s3: saddr:33561200: daddr:100932208: srtt_us:53972639: RTT:6746579: ssthresh:21: cwnd:21: delivered:53: lost:22: retrans:8
[  271.091147] AAAAA-TCP_SEND: name:enp0s3: saddr:100932208: daddr:33561200: srtt_us:55664332: RTT:6958041: ssthresh:21: cwnd:21: delivered:54: lost:22: retrans:9
[  271.204183] AAAAA-TCP_RECV: name:enp0s3: saddr:33561200: daddr:100932208: srtt_us:55664332: RTT:6958041: ssthresh:21: cwnd:21: delivered:54: lost:22: retrans:9
[  271.204209] AAAAA-TCP_SEND: name:enp0s3: saddr:100932208: daddr:33561200: srtt_us:57257302: RTT:7157162: ssthresh:21: cwnd:21: delivered:55: lost:22: retrans:10
[  271.244898] AAAAA-TCP_RECV: name:enp0s3: saddr:33561200: daddr:100932208: srtt_us:57257302: RTT:7157162: ssthresh:21: cwnd:21: delivered:55: lost:22: retrans:10
[  271.389810] AAAAA-TCP_RECV: name:enp0s3: saddr:16783984: daddr:100932208: srtt_us:49688777: RTT:6211097: ssthresh:24: cwnd:38: delivered:80: lost:0: retrans:1
[  271.478472] AAAAA-TCP_RECV: name:enp0s3: saddr:33561200: daddr:100932208: srtt_us:58691886: RTT:7336485: ssthresh:21: cwnd:21: delivered:56: lost:22: retrans:10
[  271.608295] AAAAA-TCP_RECV: name:enp0s3: saddr:33561200: daddr:100932208: srtt_us:60061404: RTT:7507675: ssthresh:21: cwnd:20: delivered:57: lost:22: retrans:10
[  271.608334] AAAAA-TCP_SEND: name:enp0s3: saddr:100932208: daddr:33561200: srtt_us:61249169: RTT:7656146: ssthresh:21: cwnd:18: delivered:58: lost:23: retrans:11
[  271.695863] AAAAA-TCP_RECV: name:enp0s3: saddr:33561200: daddr:100932208: srtt_us:61249169: RTT:7656146: ssthresh:21: cwnd:18: delivered:58: lost:23: retrans:11
[  271.695900] AAAAA-TCP_SEND: name:enp0s3: saddr:100932208: daddr:33561200: srtt_us:62174677: RTT:7771834: ssthresh:21: cwnd:15: delivered:59: lost:26: retrans:12
[  271.892424] AAAAA-TCP_SEND: name:enp0s3: saddr:100932208: daddr:16783984: srtt_us:53293231: RTT:6661653: ssthresh:28: cwnd:10: delivered:83: lost:1: retrans:2
[  271.941219] AAAAA-TCP_RECV: name:enp0s3: saddr:33561200: daddr:100932208: srtt_us:62174677: RTT:7771834: ssthresh:21: cwnd:15: delivered:59: lost:26: retrans:12
