[    0.000000] Linux version 5.4.243-mptcp (root@ztg) (gcc version 12.2.0 (Debian 12.2.0-14+deb12u1)) #53 SMP Wed Dec 24 23:28:15 CST 2025
[    0.000000] Command line: BOOT_IMAGE=/boot/vmlinuz-5.4.243-mptcp root=UUID=98415a12-53b7-4144-8265-0f7ece09e445 ro quiet splash
[    0.000000] KERNEL supported cpus:
[    0.000000]   Intel GenuineIntel
[    0.000000]   AMD AuthenticAMD
[    0.000000]   Hygon HygonGenuine
[    0.000000]   Centaur CentaurHauls
[    0.000000]   zhaoxin   Shanghai  
[    0.000000] x86/fpu: Supporting XSAVE feature 0x001: 'x87 floating point registers'
[    0.000000] x86/fpu: Supporting XSAVE feature 0x002: 'SSE registers'
[    0.000000] x86/fpu: Supporting XSAVE feature 0x004: 'AVX registers'
[    0.000000] x86/fpu: xstate_offset[2]:  576, xstate_sizes[2]:  256
[    0.000000] x86/fpu: Enabled xstate features 0x7, context size is 832 bytes, using 'standard' format.
[    0.000000] BIOS-provided physical RAM map:
[    0.000000] BIOS-e820: [mem 0x0000000000000000-0x000000000009fbff] usable
[    0.000000] BIOS-e820: [mem 0x000000000009fc00-0x000000000009ffff] reserved
[    0.000000] BIOS-e820: [mem 0x00000000000f0000-0x00000000000fffff] reserved
[    0.000000] BIOS-e820: [mem 0x0000000000100000-0x000000007ffeffff] usable
[    0.000000] BIOS-e820: [mem 0x000000007fff0000-0x000000007fffffff] ACPI data
[    0.000000] BIOS-e820: [mem 0x00000000fec00000-0x00000000fec00fff] reserved
[    0.000000] BIOS-e820: [mem 0x00000000fee00000-0x00000000fee00fff] reserved
[    0.000000] BIOS-e820: [mem 0x00000000fffc0000-0x00000000ffffffff] reserved
[    0.000000] NX (Execute Disable) protection: active
[    0.000000] SMBIOS 2.5 present.
[    0.000000] DMI: innotek GmbH VirtualBox/VirtualBox, BIOS VirtualBox 12/01/2006
[    0.000000] Hypervisor detected: KVM
[    0.000000] kvm-clock: Using msrs 4b564d01 and 4b564d00
[    0.000000] kvm-clock: cpu 0, msr 1de01001, primary cpu clock
[    0.000000] kvm-clock: using sched offset of 4448412603 cycles
[    0.000003] clocksource: kvm-clock: mask: 0xffffffffffffffff max_cycles: 0x1cd42e4dffb, max_idle_ns: 881590591483 ns
[    0.000005] tsc: Detected 2100.000 MHz processor
[    0.001901] e820: update [mem 0x00000000-0x00000fff] usable ==> reserved
[    0.001903] e820: remove [mem 0x000a0000-0x000fffff] usable
[    0.001907] last_pfn = 0x7fff0 max_arch_pfn = 0x400000000
[    0.001975] MTRR default type: uncachable
[    0.001976] MTRR fixed ranges enabled:
[    0.001978]   00000-9FFFF write-back
[    0.001978]   A0000-BFFFF uncachable
[    0.001979]   C0000-FFFFF write-protect
[    0.001980] MTRR variable ranges enabled:
[    0.001981]   0 base 000000000000 mask 3FFF80000000 write-back
[    0.001982]   1 disabled
[    0.001982]   2 disabled
[    0.001983]   3 disabled
[    0.001983]   4 disabled
[    0.001984]   5 disabled
[    0.001984]   6 disabled
[    0.001984]   7 disabled
[    0.001985]   8 disabled
[    0.001985]   9 disabled
[    0.001986]   10 disabled
[    0.001986]   11 disabled
[    0.001986]   12 disabled
[    0.001987]   13 disabled
[    0.001987]   14 disabled
[    0.001988]   15 disabled
[    0.002004] x86/PAT: Configuration [0-7]: WB  WC  UC- UC  WB  WP  UC- WT  
[    0.002138] found SMP MP-table at [mem 0x0009fff0-0x0009ffff]
[    0.091013] check: Scanning 1 areas for low memory corruption
[    0.091143] RAMDISK: [mem 0x32271000-0x3512ffff]
[    0.091151] ACPI: Early table checksum verification disabled
[    0.091157] ACPI: RSDP 0x00000000000E0000 000024 (v02 VBOX  )
[    0.091162] ACPI: XSDT 0x000000007FFF0030 00003C (v01 VBOX   VBOXXSDT 00000001 ASL  00000061)
[    0.091168] ACPI: FACP 0x000000007FFF00F0 0000F4 (v04 VBOX   VBOXFACP 00000001 ASL  00000061)
[    0.091175] ACPI: DSDT 0x000000007FFF02E0 002353 (v02 VBOX   VBOXBIOS 00000002 VBOX 00029BF3)
[    0.091179] ACPI: FACS 0x000000007FFF0200 000040
[    0.091182] ACPI: FACS 0x000000007FFF0200 000040
[    0.091186] ACPI: APIC 0x000000007FFF0240 000054 (v02 VBOX   VBOXAPIC 00000001 ASL  00000061)
[    0.091189] ACPI: SSDT 0x000000007FFF02A0 000038 (v01 VBOX   VBOXCPUT 00000002 VBOX 00029BF3)
[    0.091193] ACPI: Reserving FACP table memory at [mem 0x7fff00f0-0x7fff01e3]
[    0.091194] ACPI: Reserving DSDT table memory at [mem 0x7fff02e0-0x7fff2632]
[    0.091194] ACPI: Reserving FACS table memory at [mem 0x7fff0200-0x7fff023f]
[    0.091195] ACPI: Reserving FACS table memory at [mem 0x7fff0200-0x7fff023f]
[    0.091196] ACPI: Reserving APIC table memory at [mem 0x7fff0240-0x7fff0293]
[    0.091196] ACPI: Reserving SSDT table memory at [mem 0x7fff02a0-0x7fff02d7]
[    0.091212] ACPI: Local APIC address 0xfee00000
[    0.091400] No NUMA configuration found
[    0.091401] Faking a node at [mem 0x0000000000000000-0x000000007ffeffff]
[    0.091411] NODE_DATA(0) allocated [mem 0x7ffc5000-0x7ffeffff]
[    0.091672] Zone ranges:
[    0.091673]   DMA      [mem 0x0000000000001000-0x0000000000ffffff]
[    0.091674]   DMA32    [mem 0x0000000001000000-0x000000007ffeffff]
[    0.091675]   Normal   empty
[    0.091675]   Device   empty
[    0.091676] Movable zone start for each node
[    0.091678] Early memory node ranges
[    0.091679]   node   0: [mem 0x0000000000001000-0x000000000009efff]
[    0.091680]   node   0: [mem 0x0000000000100000-0x000000007ffeffff]
[    0.091682] Zeroed struct page in unavailable ranges: 114 pages
[    0.091683] Initmem setup node 0 [mem 0x0000000000001000-0x000000007ffeffff]
[    0.091684] On node 0 totalpages: 524174
[    0.091686]   DMA zone: 64 pages used for memmap
[    0.091686]   DMA zone: 21 pages reserved
[    0.091687]   DMA zone: 3998 pages, LIFO batch:0
[    0.091756]   DMA32 zone: 8128 pages used for memmap
[    0.091757]   DMA32 zone: 520176 pages, LIFO batch:63
[    0.100834] ACPI: PM-Timer IO Port: 0x4008
[    0.100838] ACPI: Local APIC address 0xfee00000
[    0.100905] IOAPIC[0]: apic_id 1, version 32, address 0xfec00000, GSI 0-23
[    0.100909] ACPI: INT_SRC_OVR (bus 0 bus_irq 0 global_irq 2 dfl dfl)
[    0.100910] ACPI: INT_SRC_OVR (bus 0 bus_irq 9 global_irq 9 low level)
[    0.100912] ACPI: IRQ0 used by override.
[    0.100913] ACPI: IRQ9 used by override.
[    0.100916] Using ACPI (MADT) for SMP configuration information
[    0.100923] smpboot: Allowing 1 CPUs, 0 hotplug CPUs
[    0.100946] PM: Registered nosave memory: [mem 0x00000000-0x00000fff]
[    0.100947] PM: Registered nosave memory: [mem 0x0009f000-0x0009ffff]
[    0.100948] PM: Registered nosave memory: [mem 0x000a0000-0x000effff]
[    0.100948] PM: Registered nosave memory: [mem 0x000f0000-0x000fffff]
[    0.100950] [mem 0x80000000-0xfebfffff] available for PCI devices
[    0.100951] Booting paravirtualized kernel on KVM
[    0.100955] clocksource: refined-jiffies: mask: 0xffffffff max_cycles: 0xffffffff, max_idle_ns: 7645519600211568 ns
[    0.100959] setup_percpu: NR_CPUS:8192 nr_cpumask_bits:1 nr_cpu_ids:1 nr_node_ids:1
[    0.101977] percpu: Embedded 60 pages/cpu s208896 r8192 d28672 u2097152
[    0.101981] pcpu-alloc: s208896 r8192 d28672 u2097152 alloc=1*2097152
[    0.101982] pcpu-alloc: [0] 0 
[    0.102008] Built 1 zonelists, mobility grouping on.  Total pages: 515961
[    0.102009] Policy zone: DMA32
[    0.102010] Kernel command line: BOOT_IMAGE=/boot/vmlinuz-5.4.243-mptcp root=UUID=98415a12-53b7-4144-8265-0f7ece09e445 ro quiet splash
[    0.102897] Dentry cache hash table entries: 262144 (order: 9, 2097152 bytes, linear)
[    0.103046] Inode-cache hash table entries: 131072 (order: 8, 1048576 bytes, linear)
[    0.103097] mem auto-init: stack:off, heap alloc:on, heap free:off
[    0.103100] Calgary: detecting Calgary via BIOS EBDA area
[    0.103101] Calgary: Unable to locate Rio Grande table in EBDA - bailing!
[    0.107343] Memory: 1967332K/2096696K available (14339K kernel code, 2398K rwdata, 4712K rodata, 2728K init, 17260K bss, 129364K reserved, 0K cma-reserved)
[    0.108314] SLUB: HWalign=64, Order=0-3, MinObjects=0, CPUs=1, Nodes=1
[    0.108331] ftrace: allocating 43186 entries in 169 pages
[    0.126665] rcu: Hierarchical RCU implementation.
[    0.126666] rcu: 	RCU restricting CPUs from NR_CPUS=8192 to nr_cpu_ids=1.
[    0.126667] 	Tasks RCU enabled.
[    0.126668] rcu: RCU calculated value of scheduler-enlistment delay is 25 jiffies.
[    0.126669] rcu: Adjusting geometry for rcu_fanout_leaf=16, nr_cpu_ids=1
[    0.129622] NR_IRQS: 524544, nr_irqs: 256, preallocated irqs: 16
[    0.129835] random: crng init done
[    0.139260] Console: colour VGA+ 80x25
[    0.139264] printk: console [tty0] enabled
[    0.139285] ACPI: Core revision 20190816
[    0.139391] APIC: Switch to symmetric I/O mode setup
[    0.139643] x2apic enabled
[    0.139882] Switched APIC routing to physical x2apic.
[    0.141010] ..TIMER: vector=0x30 apic1=0 pin1=2 apic2=-1 pin2=-1
[    0.141035] clocksource: tsc-early: mask: 0xffffffffffffffff max_cycles: 0x1e4530a99b6, max_idle_ns: 440795257976 ns
[    0.141041] Calibrating delay loop (skipped) preset value.. 4200.00 BogoMIPS (lpj=8400000)
[    0.141043] pid_max: default: 32768 minimum: 301
[    0.141071] LSM: Security Framework initializing
[    0.141080] Yama: becoming mindful.
[    0.141106] AppArmor: AppArmor initialized
[    0.141141] Mount-cache hash table entries: 4096 (order: 3, 32768 bytes, linear)
[    0.141145] Mountpoint-cache hash table entries: 4096 (order: 3, 32768 bytes, linear)
[    0.141156] *** VALIDATE tmpfs ***
[    0.141284] *** VALIDATE proc ***
[    0.141326] *** VALIDATE cgroup1 ***
[    0.141327] *** VALIDATE cgroup2 ***
[    0.141469] process: using mwait in idle threads
[    0.141473] Last level iTLB entries: 4KB 64, 2MB 8, 4MB 8
[    0.141474] Last level dTLB entries: 4KB 64, 2MB 0, 4MB 0, 1GB 4
[    0.141494] Spectre V1 : Mitigation: usercopy/swapgs barriers and __user pointer sanitization
[    0.141500] Spectre V2 : Mitigation: Retpolines
[    0.141500] Spectre V2 : Spectre v2 / SpectreRSB mitigation: Filling RSB on context switch
[    0.141501] Spectre V2 : Spectre v2 / SpectreRSB : Filling RSB on VMEXIT
[    0.141501] RETBleed: WARNING: Spectre v2 mitigation leaves CPU vulnerable to RETBleed attacks, data leaks possible!
[    0.141853] RETBleed: Vulnerable
[    0.141854] Speculative Store Bypass: Vulnerable
[    0.141859] TAA: Mitigation: TSX disabled
[    0.141859] MMIO Stale Data: Mitigation: Clear CPU buffers
[    0.148169] Freeing SMP alternatives memory: 40K
[    0.258378] smpboot: CPU0: Intel(R) Xeon(R) Silver 4216 CPU @ 2.10GHz (family: 0x6, model: 0x55, stepping: 0x7)
[    0.258521] Performance Events: unsupported p6 CPU model 85 no PMU driver, software events only.
[    0.258558] rcu: Hierarchical SRCU implementation.
[    0.259039] NMI watchdog: Perf NMI watchdog permanently disabled
[    0.259077] smp: Bringing up secondary CPUs ...
[    0.259078] smp: Brought up 1 node, 1 CPU
[    0.259079] smpboot: Max logical packages: 1
[    0.259080] smpboot: Total of 1 processors activated (4200.00 BogoMIPS)
[    0.260067] devtmpfs: initialized
[    0.260118] x86/mm: Memory block size: 128MB
[    0.260471] clocksource: jiffies: mask: 0xffffffff max_cycles: 0xffffffff, max_idle_ns: 7645041785100000 ns
[    0.260477] futex hash table entries: 256 (order: 2, 16384 bytes, linear)
[    0.260521] pinctrl core: initialized pinctrl subsystem
[    0.260624] PM: RTC time: 22:01:00, date: 2026-01-13
[    0.260732] NET: Registered protocol family 16
[    0.260807] audit: initializing netlink subsys (disabled)
[    0.260934] EISA bus registered
[    0.260936] cpuidle: using governor ladder
[    0.260936] cpuidle: using governor menu
[    0.260973] ACPI: bus type PCI registered
[    0.260974] acpiphp: ACPI Hot Plug PCI Controller Driver version: 0.5
[    0.261037] PCI: Using configuration type 1 for base access
[    0.261368] audit: type=2000 audit(1768312867.260:1): state=initialized audit_enabled=0 res=1
[    0.261447] HugeTLB registered 2.00 MiB page size, pre-allocated 0 pages
[    0.262284] ACPI: Added _OSI(Module Device)
[    0.262285] ACPI: Added _OSI(Processor Device)
[    0.262286] ACPI: Added _OSI(3.0 _SCP Extensions)
[    0.262287] ACPI: Added _OSI(Processor Aggregator Device)
[    0.262288] ACPI: Added _OSI(Linux-Dell-Video)
[    0.262289] ACPI: Added _OSI(Linux-Lenovo-NV-HDMI-Audio)
[    0.262290] ACPI: Added _OSI(Linux-HPI-Hybrid-Graphics)
[    0.264245] ACPI: 2 ACPI AML tables successfully acquired and loaded
[    0.265757] ACPI: Interpreter enabled
[    0.265767] ACPI: (supports S0 S5)
[    0.265768] ACPI: Using IOAPIC for interrupt routing
[    0.265972] PCI: Using host bridge windows from ACPI; if necessary, use "pci=nocrs" and report a bug
[    0.266076] ACPI: Enabled 2 GPEs in block 00 to 07
[    0.271018] ACPI: PCI Root Bridge [PCI0] (domain 0000 [bus 00-ff])
[    0.271023] acpi PNP0A03:00: _OSC: OS supports [ASPM ClockPM Segments MSI HPX-Type3]
[    0.271464] acpi PNP0A03:00: _OSC: not requesting OS control; OS requires [ExtendedConfig ASPM ClockPM MSI]
[    0.271472] acpi PNP0A03:00: fail to add MMCONFIG information, can't access extended PCI configuration space under this bridge.
[    0.271845] PCI host bridge to bus 0000:00
[    0.271847] pci_bus 0000:00: root bus resource [io  0x0000-0x0cf7 window]
[    0.271848] pci_bus 0000:00: root bus resource [io  0x0d00-0xffff window]
[    0.271849] pci_bus 0000:00: root bus resource [mem 0x000a0000-0x000bffff window]
[    0.271850] pci_bus 0000:00: root bus resource [mem 0x80000000-0xfdffffff window]
[    0.271852] pci_bus 0000:00: root bus resource [bus 00-ff]
[    0.271897] pci 0000:00:00.0: [8086:1237] type 00 class 0x060000
[    0.272826] pci 0000:00:01.0: [8086:7000] type 00 class 0x060100
[    0.273744] pci 0000:00:01.1: [8086:7111] type 00 class 0x01018a
[    0.274116] pci 0000:00:01.1: reg 0x20: [io  0xd000-0xd00f]
[    0.274287] pci 0000:00:01.1: legacy IDE quirk: reg 0x10: [io  0x01f0-0x01f7]
[    0.274288] pci 0000:00:01.1: legacy IDE quirk: reg 0x14: [io  0x03f6]
[    0.274289] pci 0000:00:01.1: legacy IDE quirk: reg 0x18: [io  0x0170-0x0177]
[    0.274291] pci 0000:00:01.1: legacy IDE quirk: reg 0x1c: [io  0x0376]
[    0.274843] pci 0000:00:02.0: [15ad:0405] type 00 class 0x030000
[    0.277117] pci 0000:00:02.0: reg 0x10: [io  0xd010-0xd01f]
[    0.281085] pci 0000:00:02.0: reg 0x14: [mem 0xe0000000-0xe7ffffff pref]
[    0.283675] pci 0000:00:02.0: reg 0x18: [mem 0xf0000000-0xf01fffff]
[    0.293830] pci 0000:00:03.0: [1022:2000] type 00 class 0x020000
[    0.294534] pci 0000:00:03.0: reg 0x10: [io  0xd020-0xd03f]
[    0.295144] pci 0000:00:03.0: reg 0x14: [mem 0xf0200000-0xf0200fff]
[    0.299605] pci 0000:00:04.0: [80ee:cafe] type 00 class 0x088000
[    0.300276] pci 0000:00:04.0: reg 0x10: [io  0xd040-0xd05f]
[    0.300917] pci 0000:00:04.0: reg 0x14: [mem 0xf0400000-0xf07fffff]
[    0.301152] pci 0000:00:04.0: reg 0x18: [mem 0xf0800000-0xf0803fff pref]
[    0.304685] pci 0000:00:07.0: [8086:7113] type 00 class 0x068000
[    0.305407] pci 0000:00:07.0: quirk: [io  0x4000-0x403f] claimed by PIIX4 ACPI
[    0.305417] pci 0000:00:07.0: quirk: [io  0x4100-0x410f] claimed by PIIX4 SMB
[    0.306027] pci 0000:00:08.0: [8086:100e] type 00 class 0x020000
[    0.306761] pci 0000:00:08.0: reg 0x10: [mem 0xf0820000-0xf083ffff]
[    0.307912] pci 0000:00:08.0: reg 0x18: [io  0xd060-0xd067]
[    0.310678] pci 0000:00:09.0: [8086:100e] type 00 class 0x020000
[    0.311386] pci 0000:00:09.0: reg 0x10: [mem 0xf0840000-0xf085ffff]
[    0.313150] pci 0000:00:09.0: reg 0x18: [io  0xd068-0xd06f]
[    0.322056] ACPI: PCI Interrupt Link [LNKA] (IRQs 5 9 10 *11)
[    0.322336] ACPI: PCI Interrupt Link [LNKB] (IRQs 5 9 *10 11)
[    0.322442] ACPI: PCI Interrupt Link [LNKC] (IRQs 5 *9 10 11)
[    0.322543] ACPI: PCI Interrupt Link [LNKD] (IRQs 5 9 10 *11)
[    0.325133] iommu: Default domain type: Translated 
[    0.325195] pci 0000:00:02.0: vgaarb: setting as boot VGA device
[    0.325197] pci 0000:00:02.0: vgaarb: VGA device added: decodes=io+mem,owns=io+mem,locks=none
[    0.325200] pci 0000:00:02.0: vgaarb: bridge control possible
[    0.325200] vgaarb: loaded
[    0.325411] SCSI subsystem initialized
[    0.325446] libata version 3.00 loaded.
[    0.325469] ACPI: bus type USB registered
[    0.325484] usbcore: registered new interface driver usbfs
[    0.325490] usbcore: registered new interface driver hub
[    0.325495] usbcore: registered new device driver usb
[    0.325524] pps_core: LinuxPPS API ver. 1 registered
[    0.325525] pps_core: Software ver. 5.3.6 - Copyright 2005-2007 Rodolfo Giometti <giometti@linux.it>
[    0.325527] PTP clock support registered
[    0.325561] EDAC MC: Ver: 3.0.0
[    0.325847] PCI: Using ACPI for IRQ routing
[    0.325848] PCI: pci_cache_line_size set to 64 bytes
[    0.326022] e820: reserve RAM buffer [mem 0x0009fc00-0x0009ffff]
[    0.326025] e820: reserve RAM buffer [mem 0x7fff0000-0x7fffffff]
[    0.326828] NetLabel: Initializing
[    0.326829] NetLabel:  domain hash size = 128
[    0.326829] NetLabel:  protocols = UNLABELED CIPSOv4 CALIPSO
[    0.326848] NetLabel:  unlabeled traffic allowed by default
[    0.327788] clocksource: Switched to clocksource kvm-clock
[    0.339776] *** VALIDATE bpf ***
[    0.339839] VFS: Disk quotas dquot_6.6.0
[    0.339852] VFS: Dquot-cache hash table entries: 512 (order 0, 4096 bytes)
[    0.339874] *** VALIDATE ramfs ***
[    0.339877] *** VALIDATE hugetlbfs ***
[    0.339958] AppArmor: AppArmor Filesystem Enabled
[    0.339984] pnp: PnP ACPI init
[    0.340052] pnp 00:00: Plug and Play ACPI device, IDs PNP0303 (active)
[    0.340141] pnp 00:01: Plug and Play ACPI device, IDs PNP0f03 (active)
[    0.340921] pnp: PnP ACPI: found 2 devices
[    0.341890] thermal_sys: Registered thermal governor 'fair_share'
[    0.341890] thermal_sys: Registered thermal governor 'bang_bang'
[    0.341891] thermal_sys: Registered thermal governor 'step_wise'
[    0.341892] thermal_sys: Registered thermal governor 'user_space'
[    0.341892] thermal_sys: Registered thermal governor 'power_allocator'
[    0.346423] clocksource: acpi_pm: mask: 0xffffff max_cycles: 0xffffff, max_idle_ns: 2085701024 ns
[    0.346463] pci_bus 0000:00: resource 4 [io  0x0000-0x0cf7 window]
[    0.346464] pci_bus 0000:00: resource 5 [io  0x0d00-0xffff window]
[    0.346466] pci_bus 0000:00: resource 6 [mem 0x000a0000-0x000bffff window]
[    0.346467] pci_bus 0000:00: resource 7 [mem 0x80000000-0xfdffffff window]
[    0.346528] NET: Registered protocol family 2
[    0.346605] IP idents hash table entries: 32768 (order: 6, 262144 bytes, linear)
[    0.347009] MPTCP tokens hash table entries: 8192 (order: 4, 65536 bytes, linear)
[    0.347029] MPTCP request tokens hash table entries: 8192 (order: 4, 65536 bytes, linear)
[    0.347055] default registered
[    0.347055] default registered
[    0.347056] MPTCP: Stable release v0.96
[    0.347061] tcp_listen_portaddr_hash hash table entries: 1024 (order: 2, 16384 bytes, linear)
[    0.347142] TCP established hash table entries: 16384 (order: 5, 131072 bytes, linear)
[    0.347208] TCP bind hash table entries: 16384 (order: 6, 262144 bytes, linear)
[    0.347234] TCP: Hash tables configured (established 16384 bind 16384)
[    0.347992] UDP hash table entries: 1024 (order: 3, 32768 bytes, linear)
[    0.348004] UDP-Lite hash table entries: 1024 (order: 3, 32768 bytes, linear)
[    0.348041] NET: Registered protocol family 1
[    0.348051] NET: Registered protocol family 44
[    0.348074] pci 0000:00:00.0: Limiting direct PCI/PCI transfers
[    0.348086] pci 0000:00:01.0: Activating ISA DMA hang workarounds
[    0.348143] pci 0000:00:02.0: Video device with shadowed ROM at [mem 0x000c0000-0x000dffff]
[    0.348266] PCI: CLS 0 bytes, default 64
[    0.348315] Trying to unpack rootfs image as initramfs...
[    0.523676] Freeing initrd memory: 47868K
[    0.523676] clocksource: tsc: mask: 0xffffffffffffffff max_cycles: 0x1e4530a99b6, max_idle_ns: 440795257976 ns
[    0.523676] clocksource: Switched to clocksource tsc
[    0.523676] platform rtc_cmos: registered platform RTC device (no PNP device found)
[    0.523676] check: Scanning for low memory corruption every 60 seconds
[    0.523676] Initialise system trusted keyrings
[    0.523676] Key type blacklist registered
[    0.523676] workingset: timestamp_bits=36 max_order=19 bucket_order=0
[    0.523676] zbud: loaded
[    0.523676] squashfs: version 4.0 (2009/01/31) Phillip Lougher
[    0.523676] fuse: init (API version 7.31)
[    0.523676] *** VALIDATE fuse ***
[    0.523676] *** VALIDATE fuse ***
[    0.523676] Platform Keyring initialized
[    0.538780] Key type asymmetric registered
[    0.538782] Asymmetric key parser 'x509' registered
[    0.538793] Block layer SCSI generic (bsg) driver version 0.4 loaded (major 244)
[    0.538836] io scheduler mq-deadline registered
[    0.538961] shpchp: Standard Hot Plug PCI Controller Driver version: 0.4
[    0.539191] ACPI: AC Adapter [AC] (on-line)
[    0.539235] input: Power Button as /devices/LNXSYSTM:00/LNXPWRBN:00/input/input0
[    0.539265] ACPI: Power Button [PWRF]
[    0.539343] input: Sleep Button as /devices/LNXSYSTM:00/LNXSLPBN:00/input/input1
[    0.539358] ACPI: Sleep Button [SLPF]
[    0.539590] Serial: 8250/16550 driver, 32 ports, IRQ sharing enabled
[    0.540826] Linux agpgart interface v0.103
[    0.631268] loop: module loaded
[    0.631428] ata_piix 0000:00:01.1: version 2.13
[    0.631883] scsi host0: ata_piix
[    0.631976] scsi host1: ata_piix
[    0.632002] ata1: PATA max UDMA/33 cmd 0x1f0 ctl 0x3f6 bmdma 0xd000 irq 14
[    0.632003] ata2: PATA max UDMA/33 cmd 0x170 ctl 0x376 bmdma 0xd008 irq 15
[    0.632087] tun: Universal TUN/TAP device driver, 1.6
[    0.632408] PPP generic driver version 2.4.2
[    0.632453] VFIO - User Level meta-driver version: 0.3
[    0.632693] ehci_hcd: USB 2.0 'Enhanced' Host Controller (EHCI) Driver
[    0.632699] ehci-pci: EHCI PCI platform driver
[    0.632715] ehci-platform: EHCI generic platform driver
[    0.632722] ohci_hcd: USB 1.1 'Open' Host Controller (OHCI) Driver
[    0.632723] ohci-pci: OHCI PCI platform driver
[    0.632730] ohci-platform: OHCI generic platform driver
[    0.632735] uhci_hcd: USB Universal Host Controller Interface driver
[    0.632802] i8042: PNP: PS/2 Controller [PNP0303:PS2K,PNP0f03:PS2M] at 0x60,0x64 irq 1,12
[    0.633244] serio: i8042 KBD port at 0x60,0x64 irq 1
[    0.633247] serio: i8042 AUX port at 0x60,0x64 irq 12
[    0.633334] mousedev: PS/2 mouse device common for all mice
[    0.633597] input: AT Translated Set 2 keyboard as /devices/platform/i8042/serio0/input/input2
[    0.634014] rtc_cmos rtc_cmos: registered as rtc0
[    0.634028] rtc_cmos rtc_cmos: alarms up to one day, 114 bytes nvram
[    0.634033] i2c /dev entries driver
[    0.634078] device-mapper: uevent: version 1.0.3
[    0.634123] device-mapper: ioctl: 4.41.0-ioctl (2019-09-16) initialised: dm-devel@redhat.com
[    0.634140] platform eisa.0: Probing EISA bus 0
[    0.634141] platform eisa.0: EISA: Cannot allocate resource for mainboard
[    0.634142] platform eisa.0: Cannot allocate resource for EISA slot 1
[    0.634144] platform eisa.0: Cannot allocate resource for EISA slot 2
[    0.634145] platform eisa.0: Cannot allocate resource for EISA slot 3
[    0.634145] platform eisa.0: Cannot allocate resource for EISA slot 4
[    0.634146] platform eisa.0: Cannot allocate resource for EISA slot 5
[    0.634147] platform eisa.0: Cannot allocate resource for EISA slot 6
[    0.634148] platform eisa.0: Cannot allocate resource for EISA slot 7
[    0.634149] platform eisa.0: Cannot allocate resource for EISA slot 8
[    0.634150] platform eisa.0: EISA: Detected 0 cards
[    0.634154] intel_pstate: CPU model not supported
[    0.634163] ledtrig-cpu: registered to indicate activity on CPUs
[    0.634222] drop_monitor: Initializing network drop monitor service
[    0.634381] NET: Registered protocol family 10
[    0.639395] Segment Routing with IPv6
[    0.639395] fullmesh registered
[    0.639395] ndiffports registered
[    0.639395] binder registered
[    0.639395] roundrobin registered
[    0.639395] redundant registered
[    0.639395] blest registered
[    0.639395] ecf registered
[    0.639395] NET: Registered protocol family 17
[    0.639395] Key type dns_resolver registered
[    0.639395] RAS: Correctable Errors collector initialized.
[    0.639395] IPI shorthand broadcast: enabled
[    0.639395] sched_clock: Marking stable (624183539, 11212016)->(637533267, -2137712)
[    0.640987] registered taskstats version 1
[    0.640996] Loading compiled-in X.509 certificates
[    0.641589] Loaded X.509 cert 'Build time autogenerated kernel key: 6909f3744cebb3d0de528d5887b96a727de79b1e'
[    0.641607] zswap: loaded using pool lzo/zbud
[    0.641661] Key type ._fscrypt registered
[    0.641661] Key type .fscrypt registered
[    0.646339] Key type big_key registered
[    0.648636] Key type encrypted registered
[    0.648639] AppArmor: AppArmor sha1 policy hashing enabled
[    0.648647] ima: No TPM chip found, activating TPM-bypass!
[    0.648650] ima: Allocated hash algorithm: sha1
[    0.648656] ima: No architecture policies found
[    0.648665] evm: Initialising EVM extended attributes:
[    0.648665] evm: security.selinux
[    0.648666] evm: security.SMACK64
[    0.648666] evm: security.SMACK64EXEC
[    0.648667] evm: security.SMACK64TRANSMUTE
[    0.648667] evm: security.SMACK64MMAP
[    0.648668] evm: security.apparmor
[    0.648668] evm: security.ima
[    0.648669] evm: security.capability
[    0.648670] evm: HMAC attrs: 0x1
[    0.648971] PM:   Magic number: 10:242:47
[    0.649103] rtc_cmos rtc_cmos: setting system clock to 2026-01-13T22:01:01 UTC (1768341661)
[    0.804328] ata1.00: ATA-6: VBOX HARDDISK, 1.0, max UDMA/133
[    0.804332] ata1.00: 209715200 sectors, multi 128: LBA 
[    0.805004] scsi 0:0:0:0: Direct-Access     ATA      VBOX HARDDISK    1.0  PQ: 0 ANSI: 5
[    0.805292] sd 0:0:0:0: [sda] 209715200 512-byte logical blocks: (107 GB/100 GiB)
[    0.805308] sd 0:0:0:0: [sda] Write Protect is off
[    0.805312] sd 0:0:0:0: [sda] Mode Sense: 00 3a 00 00
[    0.805339] sd 0:0:0:0: [sda] Write cache: enabled, read cache: enabled, doesn't support DPO or FUA
[    0.805532] sd 0:0:0:0: Attached scsi generic sg0 type 0
[    0.806837]  sda: sda1 sda2
[    0.815482] sd 0:0:0:0: [sda] Attached SCSI disk
[    0.819365] Freeing unused decrypted memory: 2040K
[    0.820435] Freeing unused kernel image memory: 2728K
[    0.820439] Write protecting the kernel read-only data: 22528k
[    0.821535] Freeing unused kernel image memory: 2036K
[    0.822132] Freeing unused kernel image memory: 1432K
[    0.853298] x86/mm: Checked W+X mappings: passed, no W+X pages found.
[    0.853306] Run /init as init process
[    0.959369] ACPI: Video Device [GFX0] (multi-head: yes  rom: no  post: no)
[    0.959444] input: Video Bus as /devices/LNXSYSTM:00/LNXSYBUS:00/PNP0A03:00/LNXVIDEO:00/input/input4
[    0.973376] pcnet32: pcnet32.c:v1.35 21.Apr.2008 tsbogend@alpha.franken.de
[    0.975030] piix4_smbus 0000:00:07.0: SMBus Host Controller at 0x4100, revision 0
[    0.977680] e1000: Intel(R) PRO/1000 Network Driver - version 7.3.21-k8-NAPI
[    0.977681] e1000: Copyright (c) 1999-2006 Intel Corporation.
[    0.989881] pcnet32: PCnet/FAST III 79C973 at 0xd020, 08:00:27:e3:73:6c assigned IRQ 19
[    0.989926] pcnet32: Found PHY 0022:561b at address 0
[    0.990228] pcnet32: eth0: registered as PCnet/FAST III 79C973
[    0.995946] pcnet32: 1 cards_found
[    1.050839] pcnet32 0000:00:03.0 enp0s3: renamed from eth0
[    1.191222] input: ImExPS/2 Generic Explorer Mouse as /devices/platform/i8042/serio1/input/input5
[    1.391619] e1000 0000:00:08.0 eth0: (PCI:33MHz:32-bit) 08:00:27:fe:e1:90
[    1.391623] e1000 0000:00:08.0 eth0: Intel(R) PRO/1000 Network Connection
[    1.763887] e1000 0000:00:09.0 eth1: (PCI:33MHz:32-bit) 08:00:27:8b:3b:9d
[    1.763891] e1000 0000:00:09.0 eth1: Intel(R) PRO/1000 Network Connection
[    1.764996] e1000 0000:00:09.0 enp0s9: renamed from eth1
[    1.766856] e1000 0000:00:08.0 enp0s8: renamed from eth0
[    1.914676] EXT4-fs (sda2): mounted filesystem with ordered data mode. Opts: (null)
[    1.997546] systemd[1]: Inserted module 'autofs4'
[    2.009824] systemd[1]: systemd 245.4-4ubuntu3 running in system mode. (+PAM +AUDIT +SELINUX +IMA +APPARMOR +SMACK +SYSVINIT +UTMP +LIBCRYPTSETUP +GCRYPT +GNUTLS +ACL +XZ +LZ4 +SECCOMP +BLKID +ELFUTILS +KMOD +IDN2 -IDN +PCRE2 default-hierarchy=hybrid)
[    2.009854] systemd[1]: Detected virtualization oracle.
[    2.009858] systemd[1]: Detected architecture x86-64.
[    2.011132] systemd[1]: Set hostname to <ztg>.
[    2.137385] systemd[1]: /lib/systemd/system/dbus.socket:5: ListenStream= references a path below legacy directory /var/run/, updating /var/run/dbus/system_bus_socket â†’ /run/dbus/system_bus_socket; please update the unit file accordingly.
[    2.192044] systemd[1]: Created slice system-modprobe.slice.
[    2.192248] systemd[1]: Created slice User and Session Slice.
[    2.192293] systemd[1]: Started Forward Password Requests to Wall Directory Watch.
[    2.192457] systemd[1]: Set up automount Arbitrary Executable File Formats File System Automount Point.
[    2.192491] systemd[1]: Reached target User and Group Name Lookups.
[    2.192501] systemd[1]: Reached target Remote File Systems.
[    2.192509] systemd[1]: Reached target Slices.
[    2.193327] systemd[1]: Listening on Syslog Socket.
[    2.193397] systemd[1]: Listening on fsck to fsckd communication Socket.
[    2.193435] systemd[1]: Listening on initctl Compatibility Named Pipe.
[    2.193570] systemd[1]: Listening on Journal Audit Socket.
[    2.193621] systemd[1]: Listening on Journal Socket (/dev/log).
[    2.193689] systemd[1]: Listening on Journal Socket.
[    2.193751] systemd[1]: Listening on udev Control Socket.
[    2.193790] systemd[1]: Listening on udev Kernel Socket.
[    2.194545] systemd[1]: Mounting Huge Pages File System...
[    2.195522] systemd[1]: Mounting POSIX Message Queue File System...
[    2.196405] systemd[1]: Mounting Kernel Debug File System...
[    2.197274] systemd[1]: Mounting Kernel Trace File System...
[    2.199484] systemd[1]: Starting Journal Service...
[    2.221709] systemd[1]: Starting Set the console keyboard layout...
[    2.226993] systemd[1]: Starting Create list of static device nodes for the current kernel...
[    2.231652] systemd[1]: Starting Load Kernel Module drm...
[    2.233982] systemd[1]: Condition check resulted in Set Up Additional Binary Formats being skipped.
[    2.234029] systemd[1]: Condition check resulted in File System Check on Root Device being skipped.
[    2.239493] systemd[1]: Starting Load Kernel Modules...
[    2.240329] systemd[1]: Starting Remount Root and Kernel File Systems...
[    2.241113] systemd[1]: Starting udev Coldplug all Devices...
[    2.241858] systemd[1]: Starting Uncomplicated firewall...
[    2.243317] systemd[1]: Mounted Huge Pages File System.
[    2.243411] systemd[1]: Mounted POSIX Message Queue File System.
[    2.243480] systemd[1]: Mounted Kernel Debug File System.
[    2.243547] systemd[1]: Mounted Kernel Trace File System.
[    2.294326] systemd[1]: Finished Create list of static device nodes for the current kernel.
[    2.299467] systemd[1]: Finished Uncomplicated firewall.
[    2.299714] systemd[1]: modprobe@drm.service: Succeeded.
[    2.300172] systemd[1]: Finished Load Kernel Module drm.
[    2.301531] EXT4-fs (sda2): re-mounted. Opts: errors=remount-ro
[    2.304955] systemd[1]: Finished Remount Root and Kernel File Systems.
[    2.306484] systemd[1]: Condition check resulted in Rebuild Hardware Database being skipped.
[    2.306514] systemd[1]: Condition check resulted in Platform Persistent Storage Archival being skipped.
[    2.307950] systemd[1]: Starting Load/Save Random Seed...
[    2.332790] systemd[1]: Starting Create System Users...
[    2.346059] systemd[1]: Finished Load/Save Random Seed.
[    2.350003] systemd[1]: Finished Create System Users.
[    2.350784] systemd[1]: Starting Create Static Device Nodes in /dev...
[    2.373290] lp: driver loaded but no devices found
[    2.399221] ppdev: user-space parallel port driver
[    2.402993] systemd[1]: Finished Create Static Device Nodes in /dev.
[    2.403870] systemd[1]: Starting udev Kernel Device Manager...
[    2.458183] systemd[1]: Finished udev Coldplug all Devices.
[    2.471397] [drm] DMA map mode: Caching DMA mappings.
[    2.471458] [drm] Capabilities:
[    2.471458] [drm]   Rect copy.
[    2.471459] [drm]   Cursor.
[    2.471459] [drm]   Cursor bypass.
[    2.471460] [drm]   Cursor bypass 2.
[    2.471460] [drm]   Alpha cursor.
[    2.471460] [drm]   Extended Fifo.
[    2.471461] [drm]   Pitchlock.
[    2.471461] [drm]   Irq mask.
[    2.471461] [drm]   GMR.
[    2.471462] [drm]   Traces.
[    2.471462] [drm]   GMR2.
[    2.471462] [drm]   Screen Object 2.
[    2.471463] [drm]   Command Buffers.
[    2.471463] [drm]   Command Buffers 2.
[    2.471463] [drm]   Guest Backed Resources.
[    2.471464] [drm] Max GMR ids is 8192
[    2.471465] [drm] Max number of GMR pages is 1048576
[    2.471465] [drm] Max dedicated hypervisor surface memory is 393216 kiB
[    2.471466] [drm] Maximum display memory size is 131072 kiB
[    2.471466] [drm] VRAM at 0xe0000000 size is 131072 kiB
[    2.471467] [drm] MMIO at 0xf0000000 size is 2048 kiB
[    2.476126] [TTM] Zone  kernel: Available graphics memory: 1011738 KiB
[    2.476127] [TTM] Initializing pool allocator
[    2.476131] [TTM] Initializing DMA pool allocator
[    2.476168] [drm] Supports vblank timestamp caching Rev 2 (21.10.2013).
[    2.476169] [drm] No driver support for vblank timestamp query.
[    2.476395] [drm] Screen Target Display device initialized
[    2.476583] [drm] width 720
[    2.476592] [drm] height 400
[    2.476595] [drm] bpp 32
[    2.477113] [drm] Fifo max 0x00200000 min 0x00001000 cap 0x00000355
[    2.478195] [drm] Using command buffers with DMA pool.
[    2.478199] [drm] DX: no.
[    2.478200] [drm] Atomic: yes.
[    2.478200] [drm] SM4_1: no.
[    2.478220] [drm:vmw_host_log [vmwgfx]] *ERROR* Failed to send host log message.
[    2.479128] [drm:vmw_host_log [vmwgfx]] *ERROR* Failed to send host log message.
[    2.511866] systemd[1]: Finished Set the console keyboard layout.
[    2.511968] systemd[1]: Reached target Local File Systems (Pre).
[    2.512212] fbcon: svgadrmfb (fb0) is primary device
[    2.515089] systemd[1]: Mounting Mount unit for bare, revision 5...
[    2.517149] systemd[1]: Mounting Mount unit for core18, revision 1705...
[    2.519784] Console: switching to colour frame buffer device 100x37
[    2.531143] systemd[1]: Mounting Mount unit for gnome-3-34-1804, revision 24...
[    2.533268] [drm] Initialized vmwgfx 2.15.0 20180704 for 0000:00:02.0 on minor 0
[    2.536825] systemd[1]: Mounting Mount unit for gtk-common-themes, revision 1506...
[    2.540497] systemd[1]: Mounting Mount unit for gtk-common-themes, revision 1535...
[    2.547669] systemd[1]: Mounting Mount unit for snap-store, revision 433...
[    2.579246] systemd[1]: Mounting Mount unit for snapd, revision 25935...
[    2.592521] systemd[1]: Finished Load Kernel Modules.
[    2.593808] systemd[1]: Mounted Mount unit for bare, revision 5.
[    2.593902] systemd[1]: Mounted Mount unit for core18, revision 1705.
[    2.593981] systemd[1]: Mounted Mount unit for gnome-3-34-1804, revision 24.
[    2.596868] systemd[1]: Mounting FUSE Control File System...
[    2.600947] systemd[1]: Mounting Kernel Configuration File System...
[    2.631693] systemd[1]: Starting Apply Kernel Variables...
[    2.632882] systemd[1]: Started udev Kernel Device Manager.
[    2.645511] systemd[1]: Starting Show Plymouth Boot Screen...
[    2.649736] systemd[1]: Mounted FUSE Control File System.
[    2.649852] systemd[1]: Mounted Kernel Configuration File System.
[    2.650381] systemd[1]: Received SIGRTMIN+20 from PID 284 (plymouthd).
[    2.650448] systemd[1]: Condition check resulted in VMware vmblock fuse mount being skipped.
[    2.658548] systemd[1]: Finished Apply Kernel Variables.
[    2.679220] systemd[1]: Mounted Mount unit for gtk-common-themes, revision 1506.
[    2.694274] systemd[1]: Mounted Mount unit for gtk-common-themes, revision 1535.
[    2.694484] systemd[1]: Mounted Mount unit for snap-store, revision 433.
[    2.694661] systemd[1]: Mounted Mount unit for snapd, revision 25935.
[    2.694831] systemd[1]: Started Show Plymouth Boot Screen.
[    2.695001] systemd[1]: Condition check resulted in Dispatch Password Requests to Console Directory Watch being skipped.
[    2.695083] systemd[1]: Started Forward Password Requests to Plymouth Directory Watch.
[    2.695149] systemd[1]: Reached target Local Encrypted Volumes.
[    2.695205] systemd[1]: Reached target Local File Systems.
[    2.696009] systemd[1]: Starting Load AppArmor profiles...
[    2.696875] systemd[1]: Starting Set console font and keymap...
[    2.709886] systemd[1]: Starting Tell Plymouth To Write Out Runtime Data...
[    2.710013] systemd[1]: Condition check resulted in Store a System Token in an EFI Variable being skipped.
[    2.710070] systemd[1]: Condition check resulted in Commit a transient machine-id on disk being skipped.
[    2.712432] systemd[1]: Finished Set console font and keymap.
[    2.721411] systemd[1]: Received SIGRTMIN+20 from PID 284 (plymouthd).
[    2.722765] systemd[1]: plymouth-read-write.service: Succeeded.
[    2.722992] systemd[1]: Finished Tell Plymouth To Write Out Runtime Data.
[    2.742406] audit: type=1400 audit(1768341663.588:2): apparmor="STATUS" operation="profile_load" profile="unconfined" name="nvidia_modprobe" pid=302 comm="apparmor_parser"
[    2.742408] audit: type=1400 audit(1768341663.588:3): apparmor="STATUS" operation="profile_load" profile="unconfined" name="nvidia_modprobe//kmod" pid=302 comm="apparmor_parser"
[    2.747937] audit: type=1400 audit(1768341663.596:4): apparmor="STATUS" operation="profile_load" profile="unconfined" name="/usr/sbin/tcpdump" pid=303 comm="apparmor_parser"
[    2.793681] audit: type=1400 audit(1768341663.632:5): apparmor="STATUS" operation="profile_load" profile="unconfined" name="/usr/bin/evince" pid=305 comm="apparmor_parser"
[    2.793683] audit: type=1400 audit(1768341663.632:6): apparmor="STATUS" operation="profile_load" profile="unconfined" name="/usr/bin/evince//sanitized_helper" pid=305 comm="apparmor_parser"
[    2.793684] audit: type=1400 audit(1768341663.632:7): apparmor="STATUS" operation="profile_load" profile="unconfined" name="/usr/bin/evince-previewer" pid=305 comm="apparmor_parser"
[    2.793686] audit: type=1400 audit(1768341663.632:8): apparmor="STATUS" operation="profile_load" profile="unconfined" name="/usr/bin/evince-previewer//sanitized_helper" pid=305 comm="apparmor_parser"
[    2.793687] audit: type=1400 audit(1768341663.632:9): apparmor="STATUS" operation="profile_load" profile="unconfined" name="/usr/bin/evince-thumbnailer" pid=305 comm="apparmor_parser"
[    2.823730] audit: type=1400 audit(1768341663.668:10): apparmor="STATUS" operation="profile_load" profile="unconfined" name="/usr/lib/cups/backend/cups-pdf" pid=306 comm="apparmor_parser"
[    2.886537] systemd[1]: Finished Load AppArmor profiles.
[    2.887684] systemd[1]: Starting Load AppArmor profiles managed internally by snapd...
[    3.011527] systemd[1]: Finished Load AppArmor profiles managed internally by snapd.
[    3.196430] systemd[1]: Started Journal Service.
[    3.206790] systemd-journald[229]: Received client request to flush runtime journal.
[    3.210992] systemd-journald[229]: File /var/log/journal/c455b248004a419c87ce85eea238d727/system.journal corrupted or uncleanly shut down, renaming and replacing.
[    4.503519] RAPL PMU: API unit is 2^-32 Joules, 0 fixed counters, 10737418240 ms ovfl timer
[    4.590152] cryptd: max_cpu_qlen set to 1000
[    4.647459] AVX2 version of gcm_enc/dec engaged.
[    4.647460] AES CTR mode by8 optimization enabled
[    6.401098] Adding 1998844k swap on /dev/sda1.  Priority:-2 extents:1 across:1998844k FS
[    7.684765] kauditd_printk_skb: 30 callbacks suppressed
[    7.684767] audit: type=1400 audit(1768341668.528:41): apparmor="DENIED" operation="capable" profile="/usr/sbin/cups-browsed" pid=510 comm="cups-browsed" capability=23  capname="sys_nice"
[    8.874560] pcnet32 0000:00:03.0 enp0s3: link up, 100Mbps, full-duplex
[    8.921501] e1000: enp0s8 NIC Link is Up 1000 Mbps Full Duplex, Flow Control: RX
[    8.921817] IPv6: ADDRCONF(NETDEV_CHANGE): enp0s8: link becomes ready
[    8.950580] e1000: enp0s9 NIC Link is Up 1000 Mbps Full Duplex, Flow Control: RX
[    8.950879] IPv6: ADDRCONF(NETDEV_CHANGE): enp0s9: link becomes ready
[    9.651167] device enp0s3 entered promiscuous mode
[    9.683630] audit: type=1400 audit(1768341670.528:42): apparmor="DENIED" operation="open" profile="/usr/sbin/tcpdump" name="/proc/sys/kernel/random/boot_id" pid=642 comm="tcpdump" requested_mask="r" denied_mask="r" fsuid=0 ouid=0
[    9.683980] audit: type=1400 audit(1768341670.528:43): apparmor="DENIED" operation="open" profile="/usr/sbin/tcpdump" name="/proc/sys/kernel/random/boot_id" pid=642 comm="tcpdump" requested_mask="r" denied_mask="r" fsuid=0 ouid=0
[    9.684033] audit: type=1400 audit(1768341670.528:44): apparmor="DENIED" operation="open" profile="/usr/sbin/tcpdump" name="/proc/sys/kernel/random/boot_id" pid=642 comm="tcpdump" requested_mask="r" denied_mask="r" fsuid=0 ouid=0
[    9.684207] audit: type=1400 audit(1768341670.528:45): apparmor="DENIED" operation="open" profile="/usr/sbin/tcpdump" name="/proc/sys/kernel/random/boot_id" pid=642 comm="tcpdump" requested_mask="r" denied_mask="r" fsuid=0 ouid=0
[    9.697480] audit: type=1400 audit(1768341670.544:46): apparmor="DENIED" operation="open" profile="/usr/sbin/tcpdump" name="/proc/sys/kernel/random/boot_id" pid=643 comm="tcpdump" requested_mask="r" denied_mask="r" fsuid=0 ouid=0
[    9.697659] audit: type=1400 audit(1768341670.544:47): apparmor="DENIED" operation="open" profile="/usr/sbin/tcpdump" name="/proc/sys/kernel/random/boot_id" pid=643 comm="tcpdump" requested_mask="r" denied_mask="r" fsuid=0 ouid=0
[    9.697698] audit: type=1400 audit(1768341670.544:48): apparmor="DENIED" operation="open" profile="/usr/sbin/tcpdump" name="/proc/sys/kernel/random/boot_id" pid=643 comm="tcpdump" requested_mask="r" denied_mask="r" fsuid=0 ouid=0
[    9.699328] audit: type=1400 audit(1768341670.544:49): apparmor="DENIED" operation="open" profile="/usr/sbin/tcpdump" name="/proc/sys/kernel/random/boot_id" pid=643 comm="tcpdump" requested_mask="r" denied_mask="r" fsuid=0 ouid=0
[   15.655589] rfkill: input handler disabled
[   87.052878] rfkill: input handler enabled
[   95.382248] rfkill: input handler disabled
[  188.692118] AAAAA-TCP_SEND: name:enp0s3: saddr:100932208: daddr:16783984: srtt_us:0: RTT:0: ssthresh:2147483647: cwnd:10: delivered:0: lost:0: retrans:0
[  188.883743] AAAAA-TCP_RECV: name:enp0s3: saddr:16783984: daddr:100932208: srtt_us:0: RTT:0: ssthresh:2147483647: cwnd:10: delivered:0: lost:0: retrans:0
[  188.883861] AAAAA-TCP_SEND: name:enp0s3: saddr:100932208: daddr:16783984: srtt_us:1609128: RTT:201141: ssthresh:2147483647: cwnd:10: delivered:1: lost:0: retrans:0
[  188.884667] AAAAA-TCP_SEND: name:enp0s3: saddr:100932208: daddr:16783984: srtt_us:1609128: RTT:201141: ssthresh:2147483647: cwnd:10: delivered:1: lost:0: retrans:0
[  189.129814] AAAAA-TCP_RECV: name:enp0s3: saddr:16783984: daddr:100932208: srtt_us:1609128: RTT:201141: ssthresh:2147483647: cwnd:10: delivered:1: lost:0: retrans:0
[  189.166166] AAAAA-TCP_RECV: name:enp0s3: saddr:16783984: daddr:100932208: srtt_us:1609128: RTT:201141: ssthresh:2147483647: cwnd:10: delivered:1: lost:0: retrans:0
[  189.166229] AAAAA-TCP_SEND: name:enp0s3: saddr:100932208: daddr:33561200: srtt_us:0: RTT:0: ssthresh:2147483647: cwnd:10: delivered:0: lost:0: retrans:0
[  189.221885] AAAAA-TCP_RECV: name:enp0s3: saddr:16783984: daddr:100932208: srtt_us:1689502: RTT:211187: ssthresh:2147483647: cwnd:11: delivered:2: lost:0: retrans:0
[  189.221923] AAAAA-TCP_SEND: name:enp0s3: saddr:100932208: daddr:16783984: srtt_us:1689502: RTT:211187: ssthresh:2147483647: cwnd:11: delivered:2: lost:0: retrans:0
[  189.222074] AAAAA-TCP_SEND: name:enp0s3: saddr:100932208: daddr:16783984: srtt_us:1689502: RTT:211187: ssthresh:2147483647: cwnd:11: delivered:2: lost:0: retrans:0
[  189.586098] AAAAA-TCP_RECV: name:enp0s3: saddr:33561200: daddr:100932208: srtt_us:0: RTT:0: ssthresh:2147483647: cwnd:10: delivered:0: lost:0: retrans:0
[  189.586144] AAAAA-TCP_SEND: name:enp0s3: saddr:100932208: daddr:33561200: srtt_us:3359160: RTT:419895: ssthresh:2147483647: cwnd:10: delivered:1: lost:0: retrans:0
[  189.664462] AAAAA-TCP_RECV: name:enp0s3: saddr:16783984: daddr:100932208: srtt_us:1689502: RTT:211187: ssthresh:2147483647: cwnd:11: delivered:2: lost:0: retrans:0
[  189.664561] AAAAA-TCP_SEND: name:enp0s3: saddr:100932208: daddr:16783984: srtt_us:1689502: RTT:211187: ssthresh:2147483647: cwnd:11: delivered:2: lost:0: retrans:0
[  189.942310] AAAAA-TCP_RECV: name:enp0s3: saddr:33561200: daddr:100932208: srtt_us:3359160: RTT:419895: ssthresh:2147483647: cwnd:10: delivered:1: lost:0: retrans:0
[  190.009877] AAAAA-TCP_RECV: name:enp0s3: saddr:16783984: daddr:100932208: srtt_us:1920786: RTT:240098: ssthresh:2147483647: cwnd:12: delivered:3: lost:0: retrans:0
[  190.040393] AAAAA-TCP_RECV: name:enp0s3: saddr:16783984: daddr:100932208: srtt_us:2026041: RTT:253255: ssthresh:2147483647: cwnd:13: delivered:4: lost:0: retrans:0
[  190.040430] AAAAA-TCP_SEND: name:enp0s3: saddr:100932208: daddr:16783984: srtt_us:2026041: RTT:253255: ssthresh:2147483647: cwnd:13: delivered:4: lost:0: retrans:0
[  190.040598] AAAAA-TCP_SEND: name:enp0s3: saddr:100932208: daddr:16783984: srtt_us:0: RTT:0: ssthresh:2147483647: cwnd:10: delivered:0: lost:0: retrans:0
[  190.282882] AAAAA-TCP_RECV: name:enp0s3: saddr:16783984: daddr:100932208: srtt_us:0: RTT:0: ssthresh:2147483647: cwnd:10: delivered:0: lost:0: retrans:0
[  190.282985] AAAAA-TCP_SEND: name:enp0s3: saddr:100932208: daddr:16783984: srtt_us:1938608: RTT:242326: ssthresh:2147483647: cwnd:10: delivered:1: lost:0: retrans:0
[  190.283340] AAAAA-TCP_SEND: name:enp0s3: saddr:100932208: daddr:16783984: srtt_us:1938608: RTT:242326: ssthresh:2147483647: cwnd:10: delivered:1: lost:0: retrans:0
[  190.465136] AAAAA-TCP_RECV: name:enp0s3: saddr:16783984: daddr:100932208: srtt_us:1938608: RTT:242326: ssthresh:2147483647: cwnd:10: delivered:1: lost:0: retrans:0
[  190.565230] AAAAA-TCP_RECV: name:enp0s3: saddr:16783984: daddr:100932208: srtt_us:1938608: RTT:242326: ssthresh:2147483647: cwnd:10: delivered:1: lost:0: retrans:0
[  190.565282] AAAAA-TCP_SEND: name:enp0s3: saddr:100932208: daddr:33561200: srtt_us:0: RTT:0: ssthresh:2147483647: cwnd:10: delivered:0: lost:0: retrans:0
[  190.645213] AAAAA-TCP_RECV: name:enp0s3: saddr:16783984: daddr:100932208: srtt_us:2026041: RTT:253255: ssthresh:2147483647: cwnd:13: delivered:4: lost:0: retrans:0
[  190.645225] AAAAA-TCP_SEND: name:enp0s3: saddr:100932208: daddr:16783984: srtt_us:2026041: RTT:253255: ssthresh:2147483647: cwnd:13: delivered:4: lost:0: retrans:0
[  190.748742] AAAAA-TCP_RECV: name:enp0s3: saddr:33561200: daddr:100932208: srtt_us:0: RTT:0: ssthresh:2147483647: cwnd:10: delivered:0: lost:0: retrans:0
[  190.748765] AAAAA-TCP_SEND: name:enp0s3: saddr:100932208: daddr:33561200: srtt_us:1467736: RTT:183467: ssthresh:2147483647: cwnd:10: delivered:1: lost:0: retrans:0
[  190.882739] AAAAA-TCP_RECV: name:enp0s3: saddr:16783984: daddr:100932208: srtt_us:2026041: RTT:253255: ssthresh:2147483647: cwnd:13: delivered:4: lost:0: retrans:0
[  190.882752] AAAAA-TCP_SEND: name:enp0s3: saddr:100932208: daddr:16783984: srtt_us:2026041: RTT:253255: ssthresh:2147483647: cwnd:13: delivered:4: lost:0: retrans:0
[  190.882870] AAAAA-TCP_SEND: name:enp0s3: saddr:100932208: daddr:16783984: srtt_us:1978185: RTT:247273: ssthresh:2147483647: cwnd:11: delivered:2: lost:0: retrans:0
[  190.882888] AAAAA-TCP_SEND: name:enp0s3: saddr:100932208: daddr:16783984: srtt_us:1978185: RTT:247273: ssthresh:2147483647: cwnd:11: delivered:2: lost:0: retrans:0
[  190.882968] AAAAA-TCP_SEND: name:enp0s3: saddr:100932208: daddr:16783984: srtt_us:1978185: RTT:247273: ssthresh:2147483647: cwnd:11: delivered:2: lost:0: retrans:0
[  190.882982] AAAAA-TCP_SEND: name:enp0s3: saddr:100932208: daddr:16783984: srtt_us:1978185: RTT:247273: ssthresh:2147483647: cwnd:11: delivered:2: lost:0: retrans:0
[  190.883056] AAAAA-TCP_SEND: name:enp0s3: saddr:100932208: daddr:16783984: srtt_us:1978185: RTT:247273: ssthresh:2147483647: cwnd:11: delivered:2: lost:0: retrans:0
[  190.883069] AAAAA-TCP_SEND: name:enp0s3: saddr:100932208: daddr:16783984: srtt_us:1978185: RTT:247273: ssthresh:2147483647: cwnd:11: delivered:2: lost:0: retrans:0
[  190.883146] AAAAA-TCP_SEND: name:enp0s3: saddr:100932208: daddr:16783984: srtt_us:1978185: RTT:247273: ssthresh:2147483647: cwnd:11: delivered:2: lost:0: retrans:0
[  190.883166] AAAAA-TCP_SEND: name:enp0s3: saddr:100932208: daddr:16783984: srtt_us:1978185: RTT:247273: ssthresh:2147483647: cwnd:11: delivered:2: lost:0: retrans:0
[  190.884931] AAAAA-TCP_SEND: name:enp0s3: saddr:100932208: daddr:16783984: srtt_us:1978185: RTT:247273: ssthresh:2147483647: cwnd:11: delivered:2: lost:0: retrans:0
[  190.891675] AAAAA-TCP_SEND: name:enp0s3: saddr:100932208: daddr:16783984: srtt_us:1978185: RTT:247273: ssthresh:2147483647: cwnd:11: delivered:2: lost:0: retrans:0
[  190.900158] AAAAA-TCP_SEND: name:enp0s3: saddr:100932208: daddr:16783984: srtt_us:1978185: RTT:247273: ssthresh:2147483647: cwnd:11: delivered:2: lost:0: retrans:0
[  191.287326] AAAAA-TCP_RECV: name:enp0s3: saddr:33561200: daddr:100932208: srtt_us:1467736: RTT:183467: ssthresh:2147483647: cwnd:10: delivered:1: lost:0: retrans:0
[  191.287377] AAAAA-TCP_SEND: name:enp0s3: saddr:100932208: daddr:33561200: srtt_us:1467736: RTT:183467: ssthresh:2147483647: cwnd:10: delivered:1: lost:0: retrans:0
[  191.287427] AAAAA-TCP_SEND: name:enp0s3: saddr:100932208: daddr:33561200: srtt_us:1467736: RTT:183467: ssthresh:2147483647: cwnd:10: delivered:1: lost:0: retrans:0
[  191.288569] AAAAA-TCP_SEND: name:enp0s3: saddr:100932208: daddr:33561200: srtt_us:1467736: RTT:183467: ssthresh:2147483647: cwnd:10: delivered:1: lost:0: retrans:0
[  191.288590] AAAAA-TCP_SEND: name:enp0s3: saddr:100932208: daddr:33561200: srtt_us:1467736: RTT:183467: ssthresh:2147483647: cwnd:10: delivered:1: lost:0: retrans:0
[  191.288694] AAAAA-TCP_SEND: name:enp0s3: saddr:100932208: daddr:33561200: srtt_us:1467736: RTT:183467: ssthresh:2147483647: cwnd:10: delivered:1: lost:0: retrans:0
[  191.288710] AAAAA-TCP_SEND: name:enp0s3: saddr:100932208: daddr:33561200: srtt_us:1467736: RTT:183467: ssthresh:2147483647: cwnd:10: delivered:1: lost:0: retrans:0
[  191.288799] AAAAA-TCP_SEND: name:enp0s3: saddr:100932208: daddr:33561200: srtt_us:1467736: RTT:183467: ssthresh:2147483647: cwnd:10: delivered:1: lost:0: retrans:0
[  191.288811] AAAAA-TCP_SEND: name:enp0s3: saddr:100932208: daddr:33561200: srtt_us:1467736: RTT:183467: ssthresh:2147483647: cwnd:10: delivered:1: lost:0: retrans:0
[  191.288903] AAAAA-TCP_SEND: name:enp0s3: saddr:100932208: daddr:33561200: srtt_us:1467736: RTT:183467: ssthresh:2147483647: cwnd:10: delivered:1: lost:0: retrans:0
[  191.288919] AAAAA-TCP_SEND: name:enp0s3: saddr:100932208: daddr:33561200: srtt_us:1467736: RTT:183467: ssthresh:2147483647: cwnd:10: delivered:1: lost:0: retrans:0
[  191.439254] AAAAA-TCP_SEND: name:enp0s3: saddr:100932208: daddr:16783984: srtt_us:1978185: RTT:247273: ssthresh:2147483647: cwnd:11: delivered:2: lost:0: retrans:1
[  191.550051] AAAAA-TCP_RECV: name:enp0s3: saddr:16783984: daddr:100932208: srtt_us:1978185: RTT:247273: ssthresh:2147483647: cwnd:11: delivered:2: lost:0: retrans:1
[  191.550097] AAAAA-TCP_SEND: name:enp0s3: saddr:100932208: daddr:16783984: srtt_us:2398112: RTT:299764: ssthresh:2147483647: cwnd:12: delivered:3: lost:0: retrans:1
[  191.554364] AAAAA-TCP_SEND: name:enp0s3: saddr:100932208: daddr:16783984: srtt_us:2398112: RTT:299764: ssthresh:2147483647: cwnd:12: delivered:3: lost:0: retrans:1
[  191.695254] AAAAA-TCP_SEND: name:enp0s3: saddr:100932208: daddr:33561200: srtt_us:1467736: RTT:183467: ssthresh:2147483647: cwnd:10: delivered:1: lost:0: retrans:1
[  191.898964] AAAAA-TCP_RECV: name:enp0s3: saddr:16783984: daddr:100932208: srtt_us:2398112: RTT:299764: ssthresh:2147483647: cwnd:12: delivered:3: lost:0: retrans:1
[  191.899009] AAAAA-TCP_SEND: name:enp0s3: saddr:100932208: daddr:16783984: srtt_us:3114443: RTT:389305: ssthresh:2147483647: cwnd:13: delivered:4: lost:0: retrans:1
[  191.903288] AAAAA-TCP_SEND: name:enp0s3: saddr:100932208: daddr:16783984: srtt_us:3114443: RTT:389305: ssthresh:2147483647: cwnd:13: delivered:4: lost:0: retrans:1
[  192.028963] AAAAA-TCP_RECV: name:enp0s3: saddr:16783984: daddr:100932208: srtt_us:3114443: RTT:389305: ssthresh:2147483647: cwnd:13: delivered:4: lost:0: retrans:1
[  192.029024] AAAAA-TCP_SEND: name:enp0s3: saddr:100932208: daddr:16783984: srtt_us:3871165: RTT:483895: ssthresh:2147483647: cwnd:14: delivered:5: lost:0: retrans:1
[  192.033286] AAAAA-TCP_SEND: name:enp0s3: saddr:100932208: daddr:16783984: srtt_us:3871165: RTT:483895: ssthresh:2147483647: cwnd:14: delivered:5: lost:0: retrans:1
[  192.271256] AAAAA-TCP_SEND: name:enp0s3: saddr:100932208: daddr:33561200: srtt_us:1467736: RTT:183467: ssthresh:2147483647: cwnd:1: delivered:1: lost:10: retrans:2
[  192.492233] AAAAA-TCP_RECV: name:enp0s3: saddr:16783984: daddr:100932208: srtt_us:3871165: RTT:483895: ssthresh:2147483647: cwnd:14: delivered:5: lost:0: retrans:1
[  192.492293] AAAAA-TCP_SEND: name:enp0s3: saddr:100932208: daddr:16783984: srtt_us:4996526: RTT:624565: ssthresh:2147483647: cwnd:15: delivered:6: lost:0: retrans:1
[  192.501088] AAAAA-TCP_SEND: name:enp0s3: saddr:100932208: daddr:16783984: srtt_us:4996526: RTT:624565: ssthresh:2147483647: cwnd:15: delivered:6: lost:0: retrans:1
[  192.647651] AAAAA-TCP_RECV: name:enp0s3: saddr:16783984: daddr:100932208: srtt_us:4996526: RTT:624565: ssthresh:2147483647: cwnd:15: delivered:6: lost:0: retrans:1
[  192.647742] AAAAA-TCP_SEND: name:enp0s3: saddr:100932208: daddr:16783984: srtt_us:6136595: RTT:767074: ssthresh:2147483647: cwnd:16: delivered:7: lost:0: retrans:1
[  192.652052] AAAAA-TCP_SEND: name:enp0s3: saddr:100932208: daddr:16783984: srtt_us:6136595: RTT:767074: ssthresh:2147483647: cwnd:16: delivered:7: lost:0: retrans:1
[  192.866465] AAAAA-TCP_RECV: name:enp0s3: saddr:16783984: daddr:100932208: srtt_us:6136595: RTT:767074: ssthresh:2147483647: cwnd:16: delivered:7: lost:0: retrans:1
[  192.866513] AAAAA-TCP_SEND: name:enp0s3: saddr:100932208: daddr:16783984: srtt_us:7352937: RTT:919117: ssthresh:2147483647: cwnd:17: delivered:8: lost:0: retrans:1
[  192.870779] AAAAA-TCP_SEND: name:enp0s3: saddr:100932208: daddr:16783984: srtt_us:7352937: RTT:919117: ssthresh:2147483647: cwnd:17: delivered:8: lost:0: retrans:1
[  193.197088] AAAAA-TCP_RECV: name:enp0s3: saddr:16783984: daddr:100932208: srtt_us:7352937: RTT:919117: ssthresh:2147483647: cwnd:17: delivered:8: lost:0: retrans:1
[  193.197152] AAAAA-TCP_SEND: name:enp0s3: saddr:100932208: daddr:16783984: srtt_us:8747794: RTT:1093474: ssthresh:2147483647: cwnd:18: delivered:9: lost:0: retrans:1
[  193.201415] AAAAA-TCP_SEND: name:enp0s3: saddr:100932208: daddr:16783984: srtt_us:8747794: RTT:1093474: ssthresh:2147483647: cwnd:18: delivered:9: lost:0: retrans:1
[  193.389195] AAAAA-TCP_RECV: name:enp0s3: saddr:16783984: daddr:100932208: srtt_us:8747794: RTT:1093474: ssthresh:2147483647: cwnd:18: delivered:9: lost:0: retrans:1
[  193.389223] AAAAA-TCP_SEND: name:enp0s3: saddr:100932208: daddr:16783984: srtt_us:10160353: RTT:1270044: ssthresh:2147483647: cwnd:18: delivered:10: lost:0: retrans:1
[  193.391257] AAAAA-TCP_SEND: name:enp0s3: saddr:100932208: daddr:33561200: srtt_us:1467736: RTT:183467: ssthresh:2147483647: cwnd:1: delivered:1: lost:11: retrans:3
[  193.607018] AAAAA-TCP_RECV: name:enp0s3: saddr:16783984: daddr:100932208: srtt_us:10160353: RTT:1270044: ssthresh:2147483647: cwnd:18: delivered:10: lost:0: retrans:1
[  193.607068] AAAAA-TCP_SEND: name:enp0s3: saddr:100932208: daddr:16783984: srtt_us:11612421: RTT:1451552: ssthresh:2147483647: cwnd:18: delivered:11: lost:0: retrans:1
[  193.733669] AAAAA-TCP_RECV: name:enp0s3: saddr:16783984: daddr:100932208: srtt_us:11612421: RTT:1451552: ssthresh:2147483647: cwnd:18: delivered:11: lost:0: retrans:1
[  193.733716] AAAAA-TCP_SEND: name:enp0s3: saddr:100932208: daddr:16783984: srtt_us:13002887: RTT:1625360: ssthresh:2147483647: cwnd:18: delivered:12: lost:0: retrans:1
[  193.784913] AAAAA-TCP_RECV: name:enp0s3: saddr:16783984: daddr:100932208: srtt_us:13002887: RTT:1625360: ssthresh:2147483647: cwnd:18: delivered:12: lost:0: retrans:1
[  193.784957] AAAAA-TCP_SEND: name:enp0s3: saddr:100932208: daddr:16783984: srtt_us:14262527: RTT:1782815: ssthresh:2147483647: cwnd:18: delivered:13: lost:0: retrans:1
[  194.039806] AAAAA-TCP_RECV: name:enp0s3: saddr:33561200: daddr:100932208: srtt_us:1467736: RTT:183467: ssthresh:2147483647: cwnd:1: delivered:1: lost:11: retrans:3
[  194.039858] AAAAA-TCP_SEND: name:enp0s3: saddr:100932208: daddr:33561200: srtt_us:4036269: RTT:504533: ssthresh:2147483647: cwnd:11: delivered:2: lost:11: retrans:3
[  194.043096] AAAAA-TCP_SEND: name:enp0s3: saddr:100932208: daddr:33561200: srtt_us:4036269: RTT:504533: ssthresh:2147483647: cwnd:11: delivered:2: lost:11: retrans:3
[  194.228031] AAAAA-TCP_RECV: name:enp0s3: saddr:33561200: daddr:100932208: srtt_us:4036269: RTT:504533: ssthresh:2147483647: cwnd:11: delivered:2: lost:11: retrans:3
[  194.228082] AAAAA-TCP_SEND: name:enp0s3: saddr:100932208: daddr:33561200: srtt_us:6472417: RTT:809052: ssthresh:2147483647: cwnd:12: delivered:3: lost:11: retrans:3
[  194.231321] AAAAA-TCP_SEND: name:enp0s3: saddr:100932208: daddr:33561200: srtt_us:6472417: RTT:809052: ssthresh:2147483647: cwnd:12: delivered:3: lost:11: retrans:3
[  194.316514] AAAAA-TCP_RECV: name:enp0s3: saddr:33561200: daddr:100932208: srtt_us:6472417: RTT:809052: ssthresh:2147483647: cwnd:12: delivered:3: lost:11: retrans:3
[  194.316554] AAAAA-TCP_SEND: name:enp0s3: saddr:100932208: daddr:33561200: srtt_us:8691331: RTT:1086416: ssthresh:2147483647: cwnd:13: delivered:4: lost:11: retrans:3
[  194.319794] AAAAA-TCP_SEND: name:enp0s3: saddr:100932208: daddr:33561200: srtt_us:8691331: RTT:1086416: ssthresh:2147483647: cwnd:13: delivered:4: lost:11: retrans:3
[  194.387863] AAAAA-TCP_RECV: name:enp0s3: saddr:33561200: daddr:100932208: srtt_us:8691331: RTT:1086416: ssthresh:2147483647: cwnd:13: delivered:4: lost:11: retrans:3
[  194.387900] AAAAA-TCP_SEND: name:enp0s3: saddr:100932208: daddr:33561200: srtt_us:10704229: RTT:1338028: ssthresh:2147483647: cwnd:14: delivered:5: lost:11: retrans:3
[  194.391138] AAAAA-TCP_SEND: name:enp0s3: saddr:100932208: daddr:33561200: srtt_us:10704229: RTT:1338028: ssthresh:2147483647: cwnd:14: delivered:5: lost:11: retrans:3
[  194.694351] AAAAA-TCP_RECV: name:enp0s3: saddr:33561200: daddr:100932208: srtt_us:10704229: RTT:1338028: ssthresh:2147483647: cwnd:14: delivered:5: lost:11: retrans:3
[  194.694410] AAAAA-TCP_SEND: name:enp0s3: saddr:100932208: daddr:33561200: srtt_us:12771863: RTT:1596482: ssthresh:2147483647: cwnd:15: delivered:6: lost:11: retrans:3
[  194.697625] AAAAA-TCP_SEND: name:enp0s3: saddr:100932208: daddr:33561200: srtt_us:12771863: RTT:1596482: ssthresh:2147483647: cwnd:15: delivered:6: lost:11: retrans:3
[  194.857599] AAAAA-TCP_RECV: name:enp0s3: saddr:33561200: daddr:100932208: srtt_us:12771863: RTT:1596482: ssthresh:2147483647: cwnd:15: delivered:6: lost:11: retrans:3
[  194.857649] AAAAA-TCP_SEND: name:enp0s3: saddr:100932208: daddr:33561200: srtt_us:14744308: RTT:1843038: ssthresh:2147483647: cwnd:16: delivered:7: lost:11: retrans:3
[  194.860886] AAAAA-TCP_SEND: name:enp0s3: saddr:100932208: daddr:33561200: srtt_us:14744308: RTT:1843038: ssthresh:2147483647: cwnd:16: delivered:7: lost:11: retrans:3
[  194.962107] AAAAA-TCP_RECV: name:enp0s3: saddr:33561200: daddr:100932208: srtt_us:14744308: RTT:1843038: ssthresh:2147483647: cwnd:16: delivered:7: lost:11: retrans:3
[  194.962145] AAAAA-TCP_SEND: name:enp0s3: saddr:100932208: daddr:33561200: srtt_us:16574595: RTT:2071824: ssthresh:2147483647: cwnd:17: delivered:8: lost:11: retrans:3
[  194.965384] AAAAA-TCP_SEND: name:enp0s3: saddr:100932208: daddr:33561200: srtt_us:16574595: RTT:2071824: ssthresh:2147483647: cwnd:17: delivered:8: lost:11: retrans:3
[  195.178695] AAAAA-TCP_RECV: name:enp0s3: saddr:33561200: daddr:100932208: srtt_us:16574595: RTT:2071824: ssthresh:2147483647: cwnd:17: delivered:8: lost:11: retrans:3
[  195.178740] AAAAA-TCP_SEND: name:enp0s3: saddr:100932208: daddr:33561200: srtt_us:18392686: RTT:2299085: ssthresh:2147483647: cwnd:18: delivered:9: lost:11: retrans:3
[  195.181978] AAAAA-TCP_SEND: name:enp0s3: saddr:100932208: daddr:33561200: srtt_us:18392686: RTT:2299085: ssthresh:2147483647: cwnd:18: delivered:9: lost:11: retrans:3
[  195.349308] AAAAA-TCP_RECV: name:enp0s3: saddr:33561200: daddr:100932208: srtt_us:18392686: RTT:2299085: ssthresh:2147483647: cwnd:18: delivered:9: lost:11: retrans:3
[  195.349402] AAAAA-TCP_SEND: name:enp0s3: saddr:100932208: daddr:33561200: srtt_us:20154049: RTT:2519256: ssthresh:2147483647: cwnd:18: delivered:10: lost:11: retrans:3
[  195.517144] AAAAA-TCP_RECV: name:enp0s3: saddr:33561200: daddr:100932208: srtt_us:20154049: RTT:2519256: ssthresh:2147483647: cwnd:18: delivered:10: lost:11: retrans:3
[  195.517192] AAAAA-TCP_SEND: name:enp0s3: saddr:100932208: daddr:33561200: srtt_us:21862793: RTT:2732849: ssthresh:2147483647: cwnd:18: delivered:11: lost:11: retrans:3
[  195.731304] AAAAA-TCP_RECV: name:enp0s3: saddr:16783984: daddr:100932208: srtt_us:14262527: RTT:1782815: ssthresh:2147483647: cwnd:18: delivered:13: lost:0: retrans:1
[  195.885564] AAAAA-TCP_RECV: name:enp0s3: saddr:16783984: daddr:100932208: srtt_us:14262527: RTT:1782815: ssthresh:2147483647: cwnd:18: delivered:14: lost:0: retrans:1
[  195.885623] AAAAA-TCP_SEND: name:enp0s3: saddr:100932208: daddr:16783984: srtt_us:16815208: RTT:2101901: ssthresh:2147483647: cwnd:18: delivered:15: lost:0: retrans:1
[  196.158008] AAAAA-TCP_RECV: name:enp0s3: saddr:16783984: daddr:100932208: srtt_us:16815208: RTT:2101901: ssthresh:2147483647: cwnd:18: delivered:15: lost:0: retrans:1
[  196.158104] AAAAA-TCP_SEND: name:enp0s3: saddr:100932208: daddr:16783984: srtt_us:19317002: RTT:2414625: ssthresh:2147483647: cwnd:18: delivered:16: lost:0: retrans:1
[  196.422896] AAAAA-TCP_RECV: name:enp0s3: saddr:33561200: daddr:100932208: srtt_us:21862793: RTT:2732849: ssthresh:2147483647: cwnd:18: delivered:11: lost:11: retrans:3
[  196.532039] AAAAA-TCP_RECV: name:enp0s3: saddr:16783984: daddr:100932208: srtt_us:19317002: RTT:2414625: ssthresh:2147483647: cwnd:18: delivered:16: lost:0: retrans:1
[  196.532070] AAAAA-TCP_SEND: name:enp0s3: saddr:100932208: daddr:16783984: srtt_us:21535416: RTT:2691927: ssthresh:2147483647: cwnd:18: delivered:17: lost:0: retrans:1
[  196.674180] AAAAA-TCP_RECV: name:enp0s3: saddr:16783984: daddr:100932208: srtt_us:21535416: RTT:2691927: ssthresh:2147483647: cwnd:18: delivered:17: lost:0: retrans:1
[  196.674269] AAAAA-TCP_SEND: name:enp0s3: saddr:100932208: daddr:16783984: srtt_us:23614428: RTT:2951803: ssthresh:2147483647: cwnd:18: delivered:18: lost:0: retrans:1
[  196.832584] AAAAA-TCP_RECV: name:enp0s3: saddr:16783984: daddr:100932208: srtt_us:23614428: RTT:2951803: ssthresh:2147483647: cwnd:18: delivered:18: lost:0: retrans:1
[  196.832634] AAAAA-TCP_SEND: name:enp0s3: saddr:100932208: daddr:16783984: srtt_us:25466210: RTT:3183276: ssthresh:2147483647: cwnd:18: delivered:19: lost:0: retrans:1
[  196.911841] AAAAA-TCP_RECV: name:enp0s3: saddr:16783984: daddr:100932208: srtt_us:25466210: RTT:3183276: ssthresh:2147483647: cwnd:18: delivered:19: lost:0: retrans:1
[  196.911879] AAAAA-TCP_SEND: name:enp0s3: saddr:100932208: daddr:16783984: srtt_us:27161511: RTT:3395188: ssthresh:2147483647: cwnd:18: delivered:20: lost:0: retrans:1
[  196.982680] AAAAA-TCP_RECV: name:enp0s3: saddr:33561200: daddr:100932208: srtt_us:21862793: RTT:2732849: ssthresh:2147483647: cwnd:18: delivered:12: lost:11: retrans:3
[  197.210221] AAAAA-TCP_RECV: name:enp0s3: saddr:16783984: daddr:100932208: srtt_us:27161511: RTT:3395188: ssthresh:2147483647: cwnd:18: delivered:20: lost:0: retrans:1
[  197.210270] AAAAA-TCP_SEND: name:enp0s3: saddr:100932208: daddr:16783984: srtt_us:28484285: RTT:3560535: ssthresh:2147483647: cwnd:18: delivered:21: lost:0: retrans:1
[  197.267583] AAAAA-TCP_RECV: name:enp0s3: saddr:16783984: daddr:100932208: srtt_us:28484285: RTT:3560535: ssthresh:2147483647: cwnd:18: delivered:21: lost:0: retrans:1
[  197.267630] AAAAA-TCP_SEND: name:enp0s3: saddr:100932208: daddr:16783984: srtt_us:29690282: RTT:3711285: ssthresh:2147483647: cwnd:18: delivered:22: lost:0: retrans:1
[  197.519993] AAAAA-TCP_RECV: name:enp0s3: saddr:16783984: daddr:100932208: srtt_us:29690282: RTT:3711285: ssthresh:2147483647: cwnd:18: delivered:22: lost:0: retrans:1
[  197.520041] AAAAA-TCP_SEND: name:enp0s3: saddr:100932208: daddr:16783984: srtt_us:30851281: RTT:3856410: ssthresh:2147483647: cwnd:18: delivered:23: lost:0: retrans:1
[  197.566005] AAAAA-TCP_RECV: name:enp0s3: saddr:16783984: daddr:100932208: srtt_us:30851281: RTT:3856410: ssthresh:2147483647: cwnd:18: delivered:23: lost:0: retrans:1
[  197.566040] AAAAA-TCP_SEND: name:enp0s3: saddr:100932208: daddr:16783984: srtt_us:31908856: RTT:3988607: ssthresh:2147483647: cwnd:18: delivered:24: lost:0: retrans:1
[  197.596826] AAAAA-TCP_RECV: name:enp0s3: saddr:16783984: daddr:100932208: srtt_us:31908856: RTT:3988607: ssthresh:2147483647: cwnd:18: delivered:24: lost:0: retrans:1
[  197.596856] AAAAA-TCP_SEND: name:enp0s3: saddr:100932208: daddr:16783984: srtt_us:32650583: RTT:4081322: ssthresh:2147483647: cwnd:18: delivered:25: lost:0: retrans:1
[  197.650692] AAAAA-TCP_RECV: name:enp0s3: saddr:16783984: daddr:100932208: srtt_us:32650583: RTT:4081322: ssthresh:2147483647: cwnd:18: delivered:25: lost:0: retrans:1
[  197.650732] AAAAA-TCP_SEND: name:enp0s3: saddr:100932208: daddr:16783984: srtt_us:33349198: RTT:4168649: ssthresh:2147483647: cwnd:18: delivered:26: lost:0: retrans:1
[  197.777902] AAAAA-TCP_RECV: name:enp0s3: saddr:16783984: daddr:100932208: srtt_us:33349198: RTT:4168649: ssthresh:2147483647: cwnd:18: delivered:26: lost:0: retrans:1
[  197.777947] AAAAA-TCP_SEND: name:enp0s3: saddr:100932208: daddr:16783984: srtt_us:33761327: RTT:4220165: ssthresh:2147483647: cwnd:18: delivered:27: lost:0: retrans:1
[  197.831936] AAAAA-TCP_RECV: name:enp0s3: saddr:16783984: daddr:100932208: srtt_us:33761327: RTT:4220165: ssthresh:2147483647: cwnd:18: delivered:27: lost:0: retrans:1
[  197.831977] AAAAA-TCP_SEND: name:enp0s3: saddr:100932208: daddr:16783984: srtt_us:34171706: RTT:4271463: ssthresh:2147483647: cwnd:18: delivered:28: lost:0: retrans:1
[  197.962140] AAAAA-TCP_RECV: name:enp0s3: saddr:16783984: daddr:100932208: srtt_us:34171706: RTT:4271463: ssthresh:2147483647: cwnd:18: delivered:28: lost:0: retrans:1
[  197.962181] AAAAA-TCP_SEND: name:enp0s3: saddr:100932208: daddr:16783984: srtt_us:34473182: RTT:4309147: ssthresh:2147483647: cwnd:18: delivered:29: lost:0: retrans:1
[  198.082616] AAAAA-TCP_RECV: name:enp0s3: saddr:33561200: daddr:100932208: srtt_us:21862793: RTT:2732849: ssthresh:2147483647: cwnd:18: delivered:13: lost:11: retrans:3
[  198.152780] AAAAA-TCP_RECV: name:enp0s3: saddr:16783984: daddr:100932208: srtt_us:34473182: RTT:4309147: ssthresh:2147483647: cwnd:18: delivered:29: lost:0: retrans:1
[  198.152821] AAAAA-TCP_SEND: name:enp0s3: saddr:100932208: daddr:16783984: srtt_us:34709770: RTT:4338721: ssthresh:2147483647: cwnd:18: delivered:30: lost:0: retrans:1
[  198.332875] AAAAA-TCP_RECV: name:enp0s3: saddr:16783984: daddr:100932208: srtt_us:34709770: RTT:4338721: ssthresh:2147483647: cwnd:18: delivered:30: lost:0: retrans:1
[  198.332914] AAAAA-TCP_SEND: name:enp0s3: saddr:100932208: daddr:16783984: srtt_us:34970218: RTT:4371277: ssthresh:2147483647: cwnd:18: delivered:31: lost:0: retrans:1
[  198.380745] AAAAA-TCP_RECV: name:enp0s3: saddr:16783984: daddr:100932208: srtt_us:34970218: RTT:4371277: ssthresh:2147483647: cwnd:18: delivered:31: lost:0: retrans:1
[  198.380787] AAAAA-TCP_SEND: name:enp0s3: saddr:100932208: daddr:16783984: srtt_us:35194754: RTT:4399344: ssthresh:2147483647: cwnd:18: delivered:32: lost:0: retrans:1
[  198.458020] AAAAA-TCP_RECV: name:enp0s3: saddr:33561200: daddr:100932208: srtt_us:21862793: RTT:2732849: ssthresh:2147483647: cwnd:18: delivered:14: lost:11: retrans:3
[  198.458060] AAAAA-TCP_SEND: name:enp0s3: saddr:100932208: daddr:33561200: srtt_us:23548127: RTT:2943515: ssthresh:2147483647: cwnd:18: delivered:15: lost:11: retrans:3
[  198.584540] AAAAA-TCP_RECV: name:enp0s3: saddr:33561200: daddr:100932208: srtt_us:23548127: RTT:2943515: ssthresh:2147483647: cwnd:18: delivered:15: lost:11: retrans:3
[  198.584582] AAAAA-TCP_SEND: name:enp0s3: saddr:100932208: daddr:33561200: srtt_us:25146079: RTT:3143259: ssthresh:2147483647: cwnd:18: delivered:16: lost:11: retrans:3
[  198.669752] AAAAA-TCP_RECV: name:enp0s3: saddr:33561200: daddr:100932208: srtt_us:25146079: RTT:3143259: ssthresh:2147483647: cwnd:18: delivered:16: lost:11: retrans:3
[  198.669775] AAAAA-TCP_SEND: name:enp0s3: saddr:100932208: daddr:33561200: srtt_us:26444499: RTT:3305562: ssthresh:2147483647: cwnd:18: delivered:17: lost:11: retrans:3
[  198.693639] AAAAA-TCP_RECV: name:enp0s3: saddr:16783984: daddr:100932208: srtt_us:35194754: RTT:4399344: ssthresh:2147483647: cwnd:18: delivered:32: lost:0: retrans:1
[  198.786114] AAAAA-TCP_RECV: name:enp0s3: saddr:16783984: daddr:100932208: srtt_us:33603437: RTT:4200429: ssthresh:8: cwnd:6: delivered:33: lost:0: retrans:1
[  198.897888] AAAAA-TCP_RECV: name:enp0s3: saddr:33561200: daddr:100932208: srtt_us:26444499: RTT:3305562: ssthresh:2147483647: cwnd:18: delivered:17: lost:11: retrans:3
[  198.897928] AAAAA-TCP_SEND: name:enp0s3: saddr:100932208: daddr:33561200: srtt_us:27805514: RTT:3475689: ssthresh:2147483647: cwnd:18: delivered:18: lost:11: retrans:3
[  199.014571] AAAAA-TCP_RECV: name:enp0s3: saddr:16783984: daddr:100932208: srtt_us:32031047: RTT:4003880: ssthresh:8: cwnd:6: delivered:34: lost:0: retrans:1
[  199.033778] AAAAA-TCP_RECV: name:enp0s3: saddr:33561200: daddr:100932208: srtt_us:27805514: RTT:3475689: ssthresh:2147483647: cwnd:18: delivered:18: lost:11: retrans:3
[  199.033837] AAAAA-TCP_SEND: name:enp0s3: saddr:100932208: daddr:33561200: srtt_us:29047078: RTT:3630884: ssthresh:2147483647: cwnd:18: delivered:19: lost:11: retrans:3
[  199.132937] AAAAA-TCP_RECV: name:enp0s3: saddr:16783984: daddr:100932208: srtt_us:30509678: RTT:3813709: ssthresh:8: cwnd:6: delivered:35: lost:0: retrans:1
[  199.326775] AAAAA-TCP_RECV: name:enp0s3: saddr:16783984: daddr:100932208: srtt_us:29154676: RTT:3644334: ssthresh:8: cwnd:6: delivered:36: lost:0: retrans:1
[  199.342668] AAAAA-TCP_RECV: name:enp0s3: saddr:33561200: daddr:100932208: srtt_us:29047078: RTT:3630884: ssthresh:2147483647: cwnd:18: delivered:19: lost:11: retrans:3
[  199.342709] AAAAA-TCP_SEND: name:enp0s3: saddr:100932208: daddr:33561200: srtt_us:30439091: RTT:3804886: ssthresh:2147483647: cwnd:18: delivered:20: lost:11: retrans:3
[  199.375597] AAAAA-TCP_RECV: name:enp0s3: saddr:16783984: daddr:100932208: srtt_us:28004511: RTT:3500563: ssthresh:8: cwnd:6: delivered:37: lost:0: retrans:1
[  199.396721] AAAAA-TCP_RECV: name:enp0s3: saddr:33561200: daddr:100932208: srtt_us:30439091: RTT:3804886: ssthresh:2147483647: cwnd:18: delivered:20: lost:11: retrans:3
[  199.396779] AAAAA-TCP_SEND: name:enp0s3: saddr:100932208: daddr:33561200: srtt_us:31643056: RTT:3955382: ssthresh:2147483647: cwnd:18: delivered:21: lost:11: retrans:3
[  199.429293] AAAAA-TCP_RECV: name:enp0s3: saddr:16783984: daddr:100932208: srtt_us:26967675: RTT:3370959: ssthresh:8: cwnd:6: delivered:38: lost:0: retrans:1
[  199.497050] AAAAA-TCP_RECV: name:enp0s3: saddr:16783984: daddr:100932208: srtt_us:25815761: RTT:3226970: ssthresh:8: cwnd:6: delivered:39: lost:0: retrans:1
[  199.624031] AAAAA-TCP_RECV: name:enp0s3: saddr:33561200: daddr:100932208: srtt_us:31643056: RTT:3955382: ssthresh:2147483647: cwnd:18: delivered:21: lost:11: retrans:3
[  199.624117] AAAAA-TCP_SEND: name:enp0s3: saddr:100932208: daddr:33561200: srtt_us:32920610: RTT:4115076: ssthresh:2147483647: cwnd:18: delivered:22: lost:11: retrans:3
[  199.671973] AAAAA-TCP_RECV: name:enp0s3: saddr:16783984: daddr:100932208: srtt_us:24818234: RTT:3102279: ssthresh:8: cwnd:6: delivered:40: lost:0: retrans:1
[  199.725391] AAAAA-TCP_RECV: name:enp0s3: saddr:16783984: daddr:100932208: srtt_us:23867899: RTT:2983487: ssthresh:8: cwnd:6: delivered:41: lost:0: retrans:1
[  199.757697] AAAAA-TCP_RECV: name:enp0s3: saddr:33561200: daddr:100932208: srtt_us:32920610: RTT:4115076: ssthresh:2147483647: cwnd:18: delivered:22: lost:11: retrans:3
[  199.757755] AAAAA-TCP_SEND: name:enp0s3: saddr:100932208: daddr:33561200: srtt_us:33868854: RTT:4233606: ssthresh:2147483647: cwnd:18: delivered:23: lost:11: retrans:3
[  199.811232] AAAAA-TCP_RECV: name:enp0s3: saddr:16783984: daddr:100932208: srtt_us:23043771: RTT:2880471: ssthresh:8: cwnd:6: delivered:42: lost:0: retrans:1
[  199.912533] AAAAA-TCP_RECV: name:enp0s3: saddr:16783984: daddr:100932208: srtt_us:22377695: RTT:2797211: ssthresh:8: cwnd:6: delivered:43: lost:0: retrans:1
[  200.035336] AAAAA-TCP_RECV: name:enp0s3: saddr:16783984: daddr:100932208: srtt_us:21842295: RTT:2730286: ssthresh:8: cwnd:6: delivered:44: lost:0: retrans:1
[  200.035421] AAAAA-TCP_SEND: name:enp0s3: saddr:100932208: daddr:16783984: srtt_us:21369442: RTT:2671180: ssthresh:8: cwnd:6: delivered:45: lost:0: retrans:1
[  200.103401] AAAAA-TCP_RECV: name:enp0s3: saddr:33561200: daddr:100932208: srtt_us:33868854: RTT:4233606: ssthresh:2147483647: cwnd:18: delivered:23: lost:11: retrans:3
[  200.103449] AAAAA-TCP_SEND: name:enp0s3: saddr:100932208: daddr:33561200: srtt_us:35041047: RTT:4380130: ssthresh:2147483647: cwnd:18: delivered:24: lost:11: retrans:3
[  200.140954] AAAAA-TCP_RECV: name:enp0s3: saddr:16783984: daddr:100932208: srtt_us:21369442: RTT:2671180: ssthresh:8: cwnd:6: delivered:45: lost:0: retrans:1
[  200.156499] AAAAA-TCP_SEND: name:enp0s3: saddr:100932208: daddr:16783984: srtt_us:21007263: RTT:2625907: ssthresh:8: cwnd:6: delivered:46: lost:0: retrans:1
[  200.185654] AAAAA-TCP_RECV: name:enp0s3: saddr:33561200: daddr:100932208: srtt_us:35041047: RTT:4380130: ssthresh:2147483647: cwnd:18: delivered:24: lost:11: retrans:3
[  200.185683] AAAAA-TCP_SEND: name:enp0s3: saddr:100932208: daddr:33561200: srtt_us:35988940: RTT:4498617: ssthresh:2147483647: cwnd:18: delivered:25: lost:11: retrans:3
[  200.318439] AAAAA-TCP_RECV: name:enp0s3: saddr:33561200: daddr:100932208: srtt_us:35988940: RTT:4498617: ssthresh:2147483647: cwnd:18: delivered:25: lost:11: retrans:3
[  200.318470] AAAAA-TCP_SEND: name:enp0s3: saddr:100932208: daddr:33561200: srtt_us:36947886: RTT:4618485: ssthresh:2147483647: cwnd:18: delivered:26: lost:11: retrans:3
[  200.386831] AAAAA-TCP_RECV: name:enp0s3: saddr:16783984: daddr:100932208: srtt_us:21007263: RTT:2625907: ssthresh:8: cwnd:6: delivered:46: lost:0: retrans:1
[  200.452884] AAAAA-TCP_RECV: name:enp0s3: saddr:33561200: daddr:100932208: srtt_us:36947886: RTT:4618485: ssthresh:2147483647: cwnd:18: delivered:26: lost:11: retrans:3
[  200.452925] AAAAA-TCP_SEND: name:enp0s3: saddr:100932208: daddr:33561200: srtt_us:37820160: RTT:4727520: ssthresh:2147483647: cwnd:18: delivered:27: lost:11: retrans:3
[  200.491309] AAAAA-TCP_RECV: name:enp0s3: saddr:16783984: daddr:100932208: srtt_us:20806029: RTT:2600753: ssthresh:8: cwnd:4: delivered:47: lost:0: retrans:1
[  200.518420] AAAAA-TCP_RECV: name:enp0s3: saddr:33561200: daddr:100932208: srtt_us:37820160: RTT:4727520: ssthresh:2147483647: cwnd:18: delivered:27: lost:11: retrans:3
[  200.518445] AAAAA-TCP_SEND: name:enp0s3: saddr:100932208: daddr:33561200: srtt_us:38645684: RTT:4830710: ssthresh:2147483647: cwnd:18: delivered:28: lost:11: retrans:3
[  200.560271] AAAAA-TCP_RECV: name:enp0s3: saddr:33561200: daddr:100932208: srtt_us:38645684: RTT:4830710: ssthresh:2147483647: cwnd:18: delivered:28: lost:11: retrans:3
[  200.560305] AAAAA-TCP_SEND: name:enp0s3: saddr:100932208: daddr:33561200: srtt_us:39196524: RTT:4899565: ssthresh:2147483647: cwnd:18: delivered:29: lost:11: retrans:3
[  200.674411] AAAAA-TCP_RECV: name:enp0s3: saddr:33561200: daddr:100932208: srtt_us:39196524: RTT:4899565: ssthresh:2147483647: cwnd:18: delivered:29: lost:11: retrans:3
[  200.674436] AAAAA-TCP_SEND: name:enp0s3: saddr:100932208: daddr:33561200: srtt_us:39789401: RTT:4973675: ssthresh:2147483647: cwnd:18: delivered:30: lost:11: retrans:3
[  200.694751] AAAAA-TCP_RECV: name:enp0s3: saddr:16783984: daddr:100932208: srtt_us:20543799: RTT:2567974: ssthresh:8: cwnd:4: delivered:48: lost:0: retrans:1
[  200.694796] AAAAA-TCP_SEND: name:enp0s3: saddr:100932208: daddr:16783984: srtt_us:20337690: RTT:2542211: ssthresh:8: cwnd:4: delivered:49: lost:0: retrans:1
[  200.918980] AAAAA-TCP_RECV: name:enp0s3: saddr:33561200: daddr:100932208: srtt_us:39789401: RTT:4973675: ssthresh:2147483647: cwnd:18: delivered:30: lost:11: retrans:3
[  200.948516] AAAAA-TCP_RECV: name:enp0s3: saddr:33561200: daddr:100932208: srtt_us:40385338: RTT:5048167: ssthresh:2147483647: cwnd:4: delivered:31: lost:11: retrans:3
[  200.965401] AAAAA-TCP_RECV: name:enp0s3: saddr:33561200: daddr:100932208: srtt_us:40768522: RTT:5096065: ssthresh:2147483647: cwnd:4: delivered:33: lost:11: retrans:3
[  200.965423] AAAAA-TCP_SEND: name:enp0s3: saddr:100932208: daddr:33561200: srtt_us:40768522: RTT:5096065: ssthresh:2147483647: cwnd:4: delivered:33: lost:11: retrans:3
[  201.027713] AAAAA-TCP_RECV: name:enp0s3: saddr:16783984: daddr:100932208: srtt_us:20337690: RTT:2542211: ssthresh:8: cwnd:4: delivered:49: lost:0: retrans:1
[  201.027792] AAAAA-TCP_SEND: name:enp0s3: saddr:100932208: daddr:16783984: srtt_us:20442445: RTT:2555305: ssthresh:8: cwnd:4: delivered:50: lost:0: retrans:1
[  201.264976] AAAAA-TCP_RECV: name:enp0s3: saddr:33561200: daddr:100932208: srtt_us:40768522: RTT:5096065: ssthresh:2147483647: cwnd:4: delivered:33: lost:11: retrans:3
[  201.389558] AAAAA-TCP_RECV: name:enp0s3: saddr:33561200: daddr:100932208: srtt_us:38267682: RTT:4783460: ssthresh:2147483647: cwnd:4: delivered:34: lost:12: retrans:3
[  201.450012] AAAAA-TCP_RECV: name:enp0s3: saddr:33561200: daddr:100932208: srtt_us:35975882: RTT:4496985: ssthresh:2147483647: cwnd:4: delivered:35: lost:12: retrans:3
[  201.644010] AAAAA-TCP_RECV: name:enp0s3: saddr:33561200: daddr:100932208: srtt_us:33895099: RTT:4236887: ssthresh:2147483647: cwnd:4: delivered:36: lost:12: retrans:3
[  201.719953] AAAAA-TCP_RECV: name:enp0s3: saddr:33561200: daddr:100932208: srtt_us:31959524: RTT:3994940: ssthresh:2147483647: cwnd:4: delivered:37: lost:12: retrans:3
[  202.045542] AAAAA-TCP_RECV: name:enp0s3: saddr:33561200: daddr:100932208: srtt_us:30287787: RTT:3785973: ssthresh:2147483647: cwnd:4: delivered:38: lost:12: retrans:3
[  202.086882] AAAAA-TCP_RECV: name:enp0s3: saddr:33561200: daddr:100932208: srtt_us:28923258: RTT:3615407: ssthresh:2147483647: cwnd:4: delivered:39: lost:12: retrans:3
[  202.310794] AAAAA-TCP_RECV: name:enp0s3: saddr:16783984: daddr:100932208: srtt_us:20442445: RTT:2555305: ssthresh:8: cwnd:4: delivered:50: lost:0: retrans:1
[  202.310890] AAAAA-TCP_SEND: name:enp0s3: saddr:100932208: daddr:16783984: srtt_us:20162567: RTT:2520320: ssthresh:8: cwnd:4: delivered:51: lost:0: retrans:1
[  202.412394] AAAAA-TCP_RECV: name:enp0s3: saddr:33561200: daddr:100932208: srtt_us:27637026: RTT:3454628: ssthresh:2147483647: cwnd:4: delivered:40: lost:12: retrans:3
[  202.485690] AAAAA-TCP_RECV: name:enp0s3: saddr:16783984: daddr:100932208: srtt_us:20162567: RTT:2520320: ssthresh:8: cwnd:4: delivered:51: lost:0: retrans:1
[  202.485769] AAAAA-TCP_SEND: name:enp0s3: saddr:100932208: daddr:16783984: srtt_us:19971481: RTT:2496435: ssthresh:8: cwnd:4: delivered:52: lost:0: retrans:1
[  202.684067] AAAAA-TCP_RECV: name:enp0s3: saddr:33561200: daddr:100932208: srtt_us:26491367: RTT:3311420: ssthresh:2147483647: cwnd:4: delivered:41: lost:12: retrans:3
[  202.912886] AAAAA-TCP_RECV: name:enp0s3: saddr:33561200: daddr:100932208: srtt_us:25678339: RTT:3209792: ssthresh:2147483647: cwnd:4: delivered:42: lost:12: retrans:3
[  202.986480] AAAAA-TCP_RECV: name:enp0s3: saddr:33561200: daddr:100932208: srtt_us:25062991: RTT:3132873: ssthresh:2147483647: cwnd:4: delivered:43: lost:12: retrans:3
[  202.986521] AAAAA-TCP_SEND: name:enp0s3: saddr:100932208: daddr:33561200: srtt_us:24463698: RTT:3057962: ssthresh:2147483647: cwnd:4: delivered:44: lost:12: retrans:4
[  203.183108] AAAAA-TCP_RECV: name:enp0s3: saddr:33561200: daddr:100932208: srtt_us:24463698: RTT:3057962: ssthresh:2147483647: cwnd:4: delivered:44: lost:12: retrans:4
[  203.302692] AAAAA-TCP_RECV: name:enp0s3: saddr:33561200: daddr:100932208: srtt_us:24070410: RTT:3008801: ssthresh:2147483647: cwnd:4: delivered:45: lost:12: retrans:4
[  203.302766] AAAAA-TCP_SEND: name:enp0s3: saddr:100932208: daddr:33561200: srtt_us:24070410: RTT:3008801: ssthresh:2147483647: cwnd:4: delivered:45: lost:12: retrans:4
[  203.306072] AAAAA-TCP_SEND: name:enp0s3: saddr:100932208: daddr:33561200: srtt_us:23804062: RTT:2975507: ssthresh:2147483647: cwnd:4: delivered:46: lost:12: retrans:4
[  203.520122] AAAAA-TCP_RECV: name:enp0s3: saddr:33561200: daddr:100932208: srtt_us:23804062: RTT:2975507: ssthresh:2147483647: cwnd:4: delivered:46: lost:12: retrans:4
[  203.670895] AAAAA-TCP_RECV: name:enp0s3: saddr:16783984: daddr:100932208: srtt_us:19971481: RTT:2496435: ssthresh:8: cwnd:4: delivered:52: lost:0: retrans:1
[  203.670928] AAAAA-TCP_SEND: name:enp0s3: saddr:100932208: daddr:33561200: srtt_us:23674270: RTT:2959283: ssthresh:2147483647: cwnd:4: delivered:47: lost:12: retrans:4
[  203.670972] AAAAA-TCP_SEND: name:enp0s3: saddr:100932208: daddr:16783984: srtt_us:20451154: RTT:2556394: ssthresh:8: cwnd:7: delivered:53: lost:0: retrans:1
[  203.792069] AAAAA-TCP_SEND: name:enp0s3: saddr:100932208: daddr:16783984: srtt_us:20451154: RTT:2556394: ssthresh:8: cwnd:7: delivered:53: lost:0: retrans:1
[  203.901203] AAAAA-TCP_RECV: name:enp0s3: saddr:16783984: daddr:100932208: srtt_us:20451154: RTT:2556394: ssthresh:8: cwnd:7: delivered:53: lost:0: retrans:1
[  203.955760] AAAAA-TCP_RECV: name:enp0s3: saddr:16783984: daddr:100932208: srtt_us:20768223: RTT:2596027: ssthresh:8: cwnd:8: delivered:54: lost:0: retrans:1
[  203.990894] AAAAA-TCP_RECV: name:enp0s3: saddr:16783984: daddr:100932208: srtt_us:19817124: RTT:2477140: ssthresh:8: cwnd:9: delivered:55: lost:0: retrans:1
[  204.154273] AAAAA-TCP_RECV: name:enp0s3: saddr:33561200: daddr:100932208: srtt_us:23674270: RTT:2959283: ssthresh:2147483647: cwnd:4: delivered:47: lost:12: retrans:4
[  204.302179] AAAAA-TCP_RECV: name:enp0s3: saddr:33561200: daddr:100932208: srtt_us:21882987: RTT:2735373: ssthresh:2147483647: cwnd:19: delivered:48: lost:12: retrans:4
[  204.327620] AAAAA-TCP_RECV: name:enp0s3: saddr:33561200: daddr:100932208: srtt_us:20147060: RTT:2518382: ssthresh:2147483647: cwnd:19: delivered:49: lost:12: retrans:4
[  204.371364] AAAAA-TCP_RECV: name:enp0s3: saddr:33561200: daddr:100932208: srtt_us:18650275: RTT:2331284: ssthresh:2147483647: cwnd:19: delivered:50: lost:12: retrans:4
[  204.400843] AAAAA-TCP_RECV: name:enp0s3: saddr:16783984: daddr:100932208: srtt_us:18845155: RTT:2355644: ssthresh:8: cwnd:10: delivered:56: lost:0: retrans:1
[  204.420060] AAAAA-TCP_RECV: name:enp0s3: saddr:16783984: daddr:100932208: srtt_us:17219421: RTT:2152427: ssthresh:8: cwnd:10: delivered:57: lost:0: retrans:1
[  223.413424] AAAAA-TCP_SEND: name:enp0s3: saddr:100932208: daddr:16783984: srtt_us:15695046: RTT:1961880: ssthresh:8: cwnd:10: delivered:58: lost:0: retrans:1
[  223.413536] AAAAA-TCP_SEND: name:enp0s3: saddr:100932208: daddr:33561200: srtt_us:17019476: RTT:2127434: ssthresh:2147483647: cwnd:19: delivered:51: lost:12: retrans:4
[  223.416781] AAAAA-TCP_SEND: name:enp0s3: saddr:100932208: daddr:33561200: srtt_us:17019476: RTT:2127434: ssthresh:2147483647: cwnd:19: delivered:51: lost:12: retrans:4
[  223.423193] AAAAA-TCP_SEND: name:enp0s3: saddr:100932208: daddr:33561200: srtt_us:17019476: RTT:2127434: ssthresh:2147483647: cwnd:19: delivered:51: lost:12: retrans:4
[  223.429622] AAAAA-TCP_SEND: name:enp0s3: saddr:100932208: daddr:33561200: srtt_us:17019476: RTT:2127434: ssthresh:2147483647: cwnd:19: delivered:51: lost:12: retrans:4
[  223.436043] AAAAA-TCP_SEND: name:enp0s3: saddr:100932208: daddr:33561200: srtt_us:17019476: RTT:2127434: ssthresh:2147483647: cwnd:19: delivered:51: lost:12: retrans:4
[  223.442466] AAAAA-TCP_SEND: name:enp0s3: saddr:100932208: daddr:33561200: srtt_us:17019476: RTT:2127434: ssthresh:2147483647: cwnd:19: delivered:51: lost:12: retrans:4
[  223.448887] AAAAA-TCP_SEND: name:enp0s3: saddr:100932208: daddr:33561200: srtt_us:17019476: RTT:2127434: ssthresh:2147483647: cwnd:19: delivered:51: lost:12: retrans:4
[  223.455326] AAAAA-TCP_SEND: name:enp0s3: saddr:100932208: daddr:33561200: srtt_us:17019476: RTT:2127434: ssthresh:2147483647: cwnd:19: delivered:51: lost:12: retrans:4
[  223.466519] AAAAA-TCP_SEND: name:enp0s3: saddr:100932208: daddr:33561200: srtt_us:17019476: RTT:2127434: ssthresh:2147483647: cwnd:19: delivered:51: lost:12: retrans:4
[  223.469786] AAAAA-TCP_SEND: name:enp0s3: saddr:100932208: daddr:33561200: srtt_us:17019476: RTT:2127434: ssthresh:2147483647: cwnd:19: delivered:51: lost:12: retrans:4
[  223.476210] AAAAA-TCP_SEND: name:enp0s3: saddr:100932208: daddr:33561200: srtt_us:17019476: RTT:2127434: ssthresh:2147483647: cwnd:19: delivered:51: lost:12: retrans:4
[  223.482604] AAAAA-TCP_SEND: name:enp0s3: saddr:100932208: daddr:33561200: srtt_us:17019476: RTT:2127434: ssthresh:2147483647: cwnd:19: delivered:51: lost:12: retrans:4
[  223.489022] AAAAA-TCP_SEND: name:enp0s3: saddr:100932208: daddr:33561200: srtt_us:17019476: RTT:2127434: ssthresh:2147483647: cwnd:19: delivered:51: lost:12: retrans:4
[  223.495506] AAAAA-TCP_SEND: name:enp0s3: saddr:100932208: daddr:33561200: srtt_us:17019476: RTT:2127434: ssthresh:2147483647: cwnd:19: delivered:51: lost:12: retrans:4
[  223.501887] AAAAA-TCP_SEND: name:enp0s3: saddr:100932208: daddr:33561200: srtt_us:17019476: RTT:2127434: ssthresh:2147483647: cwnd:19: delivered:51: lost:12: retrans:4
[  223.508309] AAAAA-TCP_SEND: name:enp0s3: saddr:100932208: daddr:33561200: srtt_us:17019476: RTT:2127434: ssthresh:2147483647: cwnd:19: delivered:51: lost:12: retrans:4
[  223.514737] AAAAA-TCP_SEND: name:enp0s3: saddr:100932208: daddr:33561200: srtt_us:17019476: RTT:2127434: ssthresh:2147483647: cwnd:19: delivered:51: lost:12: retrans:4
[  223.521157] AAAAA-TCP_SEND: name:enp0s3: saddr:100932208: daddr:33561200: srtt_us:17019476: RTT:2127434: ssthresh:2147483647: cwnd:19: delivered:51: lost:12: retrans:4
[  223.527595] AAAAA-TCP_SEND: name:enp0s3: saddr:100932208: daddr:33561200: srtt_us:17019476: RTT:2127434: ssthresh:2147483647: cwnd:19: delivered:51: lost:12: retrans:4
[  223.535627] AAAAA-TCP_SEND: name:enp0s3: saddr:100932208: daddr:16783984: srtt_us:15695046: RTT:1961880: ssthresh:8: cwnd:10: delivered:58: lost:0: retrans:1
[  223.750342] AAAAA-TCP_RECV: name:enp0s3: saddr:16783984: daddr:100932208: srtt_us:15695046: RTT:1961880: ssthresh:8: cwnd:10: delivered:58: lost:0: retrans:1
[  223.776642] AAAAA-TCP_SEND: name:enp0s3: saddr:100932208: daddr:16783984: srtt_us:14070127: RTT:1758765: ssthresh:8: cwnd:4: delivered:59: lost:0: retrans:1
[  224.018733] AAAAA-TCP_SEND: name:enp0s3: saddr:100932208: daddr:16783984: srtt_us:14070127: RTT:1758765: ssthresh:8: cwnd:4: delivered:59: lost:0: retrans:1
[  224.053444] AAAAA-TCP_RECV: name:enp0s3: saddr:33561200: daddr:100932208: srtt_us:17019476: RTT:2127434: ssthresh:2147483647: cwnd:19: delivered:51: lost:12: retrans:4
[  224.053480] AAAAA-TCP_SEND: name:enp0s3: saddr:100932208: daddr:33561200: srtt_us:15531968: RTT:1941496: ssthresh:2147483647: cwnd:19: delivered:52: lost:12: retrans:4
[  224.200743] AAAAA-TCP_RECV: name:enp0s3: saddr:33561200: daddr:100932208: srtt_us:15531968: RTT:1941496: ssthresh:2147483647: cwnd:19: delivered:52: lost:12: retrans:4
[  224.200791] AAAAA-TCP_SEND: name:enp0s3: saddr:100932208: daddr:33561200: srtt_us:14374461: RTT:1796807: ssthresh:2147483647: cwnd:19: delivered:53: lost:12: retrans:4
[  224.260843] AAAAA-TCP_SEND: name:enp0s3: saddr:100932208: daddr:16783984: srtt_us:14070127: RTT:1758765: ssthresh:8: cwnd:4: delivered:59: lost:0: retrans:1
[  224.370684] AAAAA-TCP_RECV: name:enp0s3: saddr:33561200: daddr:100932208: srtt_us:14374461: RTT:1796807: ssthresh:2147483647: cwnd:19: delivered:53: lost:12: retrans:4
[  224.370728] AAAAA-TCP_SEND: name:enp0s3: saddr:100932208: daddr:33561200: srtt_us:13525166: RTT:1690645: ssthresh:2147483647: cwnd:19: delivered:54: lost:12: retrans:4
[  224.466604] AAAAA-TCP_RECV: name:enp0s3: saddr:33561200: daddr:100932208: srtt_us:13525166: RTT:1690645: ssthresh:2147483647: cwnd:19: delivered:54: lost:12: retrans:4
[  224.466649] AAAAA-TCP_SEND: name:enp0s3: saddr:100932208: daddr:33561200: srtt_us:12871527: RTT:1608940: ssthresh:2147483647: cwnd:19: delivered:55: lost:12: retrans:4
[  224.713579] AAAAA-TCP_RECV: name:enp0s3: saddr:33561200: daddr:100932208: srtt_us:12871527: RTT:1608940: ssthresh:2147483647: cwnd:19: delivered:55: lost:12: retrans:4
[  224.713613] AAAAA-TCP_SEND: name:enp0s3: saddr:100932208: daddr:33561200: srtt_us:12540131: RTT:1567516: ssthresh:2147483647: cwnd:19: delivered:56: lost:12: retrans:4
[  224.855295] AAAAA-TCP_RECV: name:enp0s3: saddr:33561200: daddr:100932208: srtt_us:12540131: RTT:1567516: ssthresh:2147483647: cwnd:19: delivered:56: lost:12: retrans:4
[  224.855357] AAAAA-TCP_SEND: name:enp0s3: saddr:100932208: daddr:33561200: srtt_us:12385470: RTT:1548183: ssthresh:2147483647: cwnd:19: delivered:57: lost:12: retrans:4
[  225.170718] AAAAA-TCP_RECV: name:enp0s3: saddr:33561200: daddr:100932208: srtt_us:12385470: RTT:1548183: ssthresh:2147483647: cwnd:19: delivered:57: lost:12: retrans:4
[  225.170764] AAAAA-TCP_SEND: name:enp0s3: saddr:100932208: daddr:33561200: srtt_us:12559140: RTT:1569892: ssthresh:2147483647: cwnd:19: delivered:58: lost:12: retrans:4
[  225.391513] AAAAA-TCP_RECV: name:enp0s3: saddr:33561200: daddr:100932208: srtt_us:12559140: RTT:1569892: ssthresh:2147483647: cwnd:19: delivered:58: lost:12: retrans:4
[  225.391565] AAAAA-TCP_SEND: name:enp0s3: saddr:100932208: daddr:33561200: srtt_us:12925477: RTT:1615684: ssthresh:2147483647: cwnd:19: delivered:59: lost:12: retrans:4
[  225.510933] AAAAA-TCP_RECV: name:enp0s3: saddr:33561200: daddr:100932208: srtt_us:12925477: RTT:1615684: ssthresh:2147483647: cwnd:19: delivered:59: lost:12: retrans:4
[  225.510984] AAAAA-TCP_SEND: name:enp0s3: saddr:100932208: daddr:33561200: srtt_us:13354246: RTT:1669280: ssthresh:2147483647: cwnd:19: delivered:60: lost:12: retrans:4
[  225.844099] AAAAA-TCP_RECV: name:enp0s3: saddr:33561200: daddr:100932208: srtt_us:13354246: RTT:1669280: ssthresh:2147483647: cwnd:19: delivered:60: lost:12: retrans:4
[  225.844148] AAAAA-TCP_SEND: name:enp0s3: saddr:100932208: daddr:33561200: srtt_us:14059317: RTT:1757414: ssthresh:2147483647: cwnd:19: delivered:61: lost:12: retrans:4
[  225.907286] AAAAA-TCP_RECV: name:enp0s3: saddr:33561200: daddr:100932208: srtt_us:14059317: RTT:1757414: ssthresh:2147483647: cwnd:19: delivered:61: lost:12: retrans:4
[  225.907318] AAAAA-TCP_SEND: name:enp0s3: saddr:100932208: daddr:33561200: srtt_us:14732999: RTT:1841624: ssthresh:2147483647: cwnd:19: delivered:62: lost:12: retrans:4
[  225.995017] AAAAA-TCP_RECV: name:enp0s3: saddr:33561200: daddr:100932208: srtt_us:14732999: RTT:1841624: ssthresh:2147483647: cwnd:19: delivered:62: lost:12: retrans:4
[  225.995063] AAAAA-TCP_SEND: name:enp0s3: saddr:100932208: daddr:33561200: srtt_us:15403822: RTT:1925477: ssthresh:2147483647: cwnd:19: delivered:63: lost:12: retrans:4
[  226.081022] AAAAA-TCP_RECV: name:enp0s3: saddr:33561200: daddr:100932208: srtt_us:15403822: RTT:1925477: ssthresh:2147483647: cwnd:19: delivered:63: lost:12: retrans:4
[  226.081063] AAAAA-TCP_SEND: name:enp0s3: saddr:100932208: daddr:33561200: srtt_us:16070379: RTT:2008797: ssthresh:2147483647: cwnd:19: delivered:64: lost:12: retrans:4
[  226.146737] AAAAA-TCP_RECV: name:enp0s3: saddr:33561200: daddr:100932208: srtt_us:16070379: RTT:2008797: ssthresh:2147483647: cwnd:19: delivered:64: lost:12: retrans:4
[  226.146776] AAAAA-TCP_SEND: name:enp0s3: saddr:100932208: daddr:33561200: srtt_us:16712845: RTT:2089105: ssthresh:2147483647: cwnd:19: delivered:65: lost:12: retrans:4
[  226.305630] AAAAA-TCP_RECV: name:enp0s3: saddr:33561200: daddr:100932208: srtt_us:16712845: RTT:2089105: ssthresh:2147483647: cwnd:19: delivered:65: lost:12: retrans:4
[  226.305676] AAAAA-TCP_SEND: name:enp0s3: saddr:100932208: daddr:33561200: srtt_us:17427513: RTT:2178439: ssthresh:2147483647: cwnd:19: delivered:66: lost:12: retrans:4
[  226.482323] AAAAA-TCP_RECV: name:enp0s3: saddr:33561200: daddr:100932208: srtt_us:17427513: RTT:2178439: ssthresh:2147483647: cwnd:19: delivered:66: lost:12: retrans:4
[  226.482355] AAAAA-TCP_SEND: name:enp0s3: saddr:100932208: daddr:33561200: srtt_us:18223101: RTT:2277887: ssthresh:2147483647: cwnd:19: delivered:67: lost:12: retrans:4
[  226.560085] AAAAA-TCP_RECV: name:enp0s3: saddr:33561200: daddr:100932208: srtt_us:18223101: RTT:2277887: ssthresh:2147483647: cwnd:19: delivered:67: lost:12: retrans:4
[  226.560131] AAAAA-TCP_SEND: name:enp0s3: saddr:100932208: daddr:33561200: srtt_us:18990591: RTT:2373823: ssthresh:2147483647: cwnd:19: delivered:68: lost:12: retrans:4
[  226.678143] AAAAA-TCP_RECV: name:enp0s3: saddr:33561200: daddr:100932208: srtt_us:18990591: RTT:2373823: ssthresh:2147483647: cwnd:19: delivered:68: lost:12: retrans:4
[  226.678174] AAAAA-TCP_SEND: name:enp0s3: saddr:100932208: daddr:33561200: srtt_us:19773768: RTT:2471721: ssthresh:2147483647: cwnd:19: delivered:69: lost:12: retrans:4
[  226.801637] AAAAA-TCP_RECV: name:enp0s3: saddr:33561200: daddr:100932208: srtt_us:19773768: RTT:2471721: ssthresh:2147483647: cwnd:19: delivered:69: lost:12: retrans:4
[  226.801682] AAAAA-TCP_SEND: name:enp0s3: saddr:100932208: daddr:33561200: srtt_us:20576117: RTT:2572014: ssthresh:2147483647: cwnd:19: delivered:70: lost:12: retrans:4
[  227.089910] AAAAA-TCP_RECV: name:enp0s3: saddr:16783984: daddr:100932208: srtt_us:14070127: RTT:1758765: ssthresh:8: cwnd:4: delivered:59: lost:0: retrans:1
[  227.089957] AAAAA-TCP_SEND: name:enp0s3: saddr:100932208: daddr:16783984: srtt_us:15865678: RTT:1983209: ssthresh:8: cwnd:4: delivered:60: lost:0: retrans:1
[  227.406031] AAAAA-TCP_RECV: name:enp0s3: saddr:16783984: daddr:100932208: srtt_us:15865678: RTT:1983209: ssthresh:8: cwnd:4: delivered:60: lost:0: retrans:1
[  227.406081] AAAAA-TCP_SEND: name:enp0s3: saddr:100932208: daddr:16783984: srtt_us:17511894: RTT:2188986: ssthresh:8: cwnd:8: delivered:61: lost:0: retrans:1
[  227.479301] AAAAA-TCP_RECV: name:enp0s3: saddr:16783984: daddr:100932208: srtt_us:17511894: RTT:2188986: ssthresh:8: cwnd:8: delivered:61: lost:0: retrans:1
[  227.502950] AAAAA-TCP_SEND: name:enp0s3: saddr:100932208: daddr:16783984: srtt_us:18783517: RTT:2347939: ssthresh:8: cwnd:8: delivered:62: lost:0: retrans:1
[  227.511734] AAAAA-TCP_RECV: name:enp0s3: saddr:33561200: daddr:100932208: srtt_us:20576117: RTT:2572014: ssthresh:2147483647: cwnd:19: delivered:70: lost:12: retrans:4
[  227.511762] AAAAA-TCP_SEND: name:enp0s3: saddr:100932208: daddr:33561200: srtt_us:21462364: RTT:2682795: ssthresh:2147483647: cwnd:19: delivered:72: lost:12: retrans:4
[  227.514994] AAAAA-TCP_SEND: name:enp0s3: saddr:100932208: daddr:33561200: srtt_us:21462364: RTT:2682795: ssthresh:2147483647: cwnd:19: delivered:72: lost:12: retrans:4
[  227.666974] AAAAA-TCP_RECV: name:enp0s3: saddr:33561200: daddr:100932208: srtt_us:21462364: RTT:2682795: ssthresh:2147483647: cwnd:19: delivered:72: lost:12: retrans:4
[  227.666985] AAAAA-TCP_SEND: name:enp0s3: saddr:100932208: daddr:33561200: srtt_us:21462364: RTT:2682795: ssthresh:2147483647: cwnd:19: delivered:72: lost:12: retrans:4
[  227.701733] AAAAA-TCP_SEND: name:enp0s3: saddr:100932208: daddr:16783984: srtt_us:18783517: RTT:2347939: ssthresh:8: cwnd:8: delivered:62: lost:0: retrans:1
[  227.890374] AAAAA-TCP_SEND: name:enp0s3: saddr:100932208: daddr:16783984: srtt_us:18783517: RTT:2347939: ssthresh:8: cwnd:8: delivered:62: lost:0: retrans:1
[  228.084036] AAAAA-TCP_SEND: name:enp0s3: saddr:100932208: daddr:16783984: srtt_us:18783517: RTT:2347939: ssthresh:8: cwnd:8: delivered:62: lost:0: retrans:1
[  228.278124] AAAAA-TCP_SEND: name:enp0s3: saddr:100932208: daddr:16783984: srtt_us:18783517: RTT:2347939: ssthresh:8: cwnd:8: delivered:62: lost:0: retrans:1
[  228.586391] AAAAA-TCP_RECV: name:enp0s3: saddr:16783984: daddr:100932208: srtt_us:18783517: RTT:2347939: ssthresh:8: cwnd:8: delivered:62: lost:0: retrans:1
[  228.675619] AAAAA-TCP_RECV: name:enp0s3: saddr:33561200: daddr:100932208: srtt_us:21462364: RTT:2682795: ssthresh:2147483647: cwnd:19: delivered:72: lost:12: retrans:4
[  228.675656] AAAAA-TCP_SEND: name:enp0s3: saddr:100932208: daddr:33561200: srtt_us:23084470: RTT:2885558: ssthresh:2147483647: cwnd:19: delivered:73: lost:12: retrans:4
[  228.770784] AAAAA-TCP_RECV: name:enp0s3: saddr:33561200: daddr:100932208: srtt_us:23084470: RTT:2885558: ssthresh:2147483647: cwnd:19: delivered:73: lost:12: retrans:4
[  228.770835] AAAAA-TCP_SEND: name:enp0s3: saddr:100932208: daddr:33561200: srtt_us:24503075: RTT:3062884: ssthresh:2147483647: cwnd:19: delivered:74: lost:12: retrans:4
[  228.922355] AAAAA-TCP_RECV: name:enp0s3: saddr:33561200: daddr:100932208: srtt_us:24503075: RTT:3062884: ssthresh:2147483647: cwnd:19: delivered:74: lost:12: retrans:4
[  228.922397] AAAAA-TCP_SEND: name:enp0s3: saddr:100932208: daddr:33561200: srtt_us:25648959: RTT:3206119: ssthresh:2147483647: cwnd:19: delivered:75: lost:12: retrans:4
[  228.968237] AAAAA-TCP_RECV: name:enp0s3: saddr:33561200: daddr:100932208: srtt_us:25648959: RTT:3206119: ssthresh:2147483647: cwnd:19: delivered:75: lost:12: retrans:4
[  228.968324] AAAAA-TCP_SEND: name:enp0s3: saddr:100932208: daddr:33561200: srtt_us:26555765: RTT:3319470: ssthresh:2147483647: cwnd:19: delivered:76: lost:12: retrans:4
[  229.156522] AAAAA-TCP_RECV: name:enp0s3: saddr:33561200: daddr:100932208: srtt_us:26555765: RTT:3319470: ssthresh:2147483647: cwnd:19: delivered:76: lost:12: retrans:4
[  229.156628] AAAAA-TCP_SEND: name:enp0s3: saddr:100932208: daddr:33561200: srtt_us:27222098: RTT:3402762: ssthresh:2147483647: cwnd:19: delivered:83: lost:12: retrans:4
[  229.159909] AAAAA-TCP_SEND: name:enp0s3: saddr:100932208: daddr:33561200: srtt_us:27222098: RTT:3402762: ssthresh:2147483647: cwnd:19: delivered:83: lost:12: retrans:4
[  229.166341] AAAAA-TCP_SEND: name:enp0s3: saddr:100932208: daddr:33561200: srtt_us:27222098: RTT:3402762: ssthresh:2147483647: cwnd:19: delivered:83: lost:12: retrans:4
[  229.172760] AAAAA-TCP_SEND: name:enp0s3: saddr:100932208: daddr:33561200: srtt_us:27222098: RTT:3402762: ssthresh:2147483647: cwnd:19: delivered:83: lost:12: retrans:4
[  229.179154] AAAAA-TCP_SEND: name:enp0s3: saddr:100932208: daddr:33561200: srtt_us:27222098: RTT:3402762: ssthresh:2147483647: cwnd:19: delivered:83: lost:12: retrans:4
[  229.185583] AAAAA-TCP_SEND: name:enp0s3: saddr:100932208: daddr:33561200: srtt_us:27222098: RTT:3402762: ssthresh:2147483647: cwnd:19: delivered:83: lost:12: retrans:4
[  229.192002] AAAAA-TCP_SEND: name:enp0s3: saddr:100932208: daddr:33561200: srtt_us:27222098: RTT:3402762: ssthresh:2147483647: cwnd:19: delivered:83: lost:12: retrans:4
