[    0.000000] Linux version 5.4.243-mptcp (root@ztg) (gcc version 12.2.0 (Debian 12.2.0-14+deb12u1)) #53 SMP Wed Dec 24 23:28:15 CST 2025
[    0.000000] Command line: BOOT_IMAGE=/boot/vmlinuz-5.4.243-mptcp root=UUID=98415a12-53b7-4144-8265-0f7ece09e445 ro quiet splash
[    0.000000] KERNEL supported cpus:
[    0.000000]   Intel GenuineIntel
[    0.000000]   AMD AuthenticAMD
[    0.000000]   Hygon HygonGenuine
[    0.000000]   Centaur CentaurHauls
[    0.000000]   zhaoxin   Shanghai  
[    0.000000] x86/fpu: Supporting XSAVE feature 0x001: 'x87 floating point registers'
[    0.000000] x86/fpu: Supporting XSAVE feature 0x002: 'SSE registers'
[    0.000000] x86/fpu: Supporting XSAVE feature 0x004: 'AVX registers'
[    0.000000] x86/fpu: xstate_offset[2]:  576, xstate_sizes[2]:  256
[    0.000000] x86/fpu: Enabled xstate features 0x7, context size is 832 bytes, using 'standard' format.
[    0.000000] BIOS-provided physical RAM map:
[    0.000000] BIOS-e820: [mem 0x0000000000000000-0x000000000009fbff] usable
[    0.000000] BIOS-e820: [mem 0x000000000009fc00-0x000000000009ffff] reserved
[    0.000000] BIOS-e820: [mem 0x00000000000f0000-0x00000000000fffff] reserved
[    0.000000] BIOS-e820: [mem 0x0000000000100000-0x000000007ffeffff] usable
[    0.000000] BIOS-e820: [mem 0x000000007fff0000-0x000000007fffffff] ACPI data
[    0.000000] BIOS-e820: [mem 0x00000000fec00000-0x00000000fec00fff] reserved
[    0.000000] BIOS-e820: [mem 0x00000000fee00000-0x00000000fee00fff] reserved
[    0.000000] BIOS-e820: [mem 0x00000000fffc0000-0x00000000ffffffff] reserved
[    0.000000] NX (Execute Disable) protection: active
[    0.000000] SMBIOS 2.5 present.
[    0.000000] DMI: innotek GmbH VirtualBox/VirtualBox, BIOS VirtualBox 12/01/2006
[    0.000000] Hypervisor detected: KVM
[    0.000000] kvm-clock: Using msrs 4b564d01 and 4b564d00
[    0.000000] kvm-clock: cpu 0, msr 3f001001, primary cpu clock
[    0.000000] kvm-clock: using sched offset of 4418439564 cycles
[    0.000003] clocksource: kvm-clock: mask: 0xffffffffffffffff max_cycles: 0x1cd42e4dffb, max_idle_ns: 881590591483 ns
[    0.000005] tsc: Detected 2100.000 MHz processor
[    0.001873] e820: update [mem 0x00000000-0x00000fff] usable ==> reserved
[    0.001875] e820: remove [mem 0x000a0000-0x000fffff] usable
[    0.001879] last_pfn = 0x7fff0 max_arch_pfn = 0x400000000
[    0.001946] MTRR default type: uncachable
[    0.001947] MTRR fixed ranges enabled:
[    0.001948]   00000-9FFFF write-back
[    0.001949]   A0000-BFFFF uncachable
[    0.001950]   C0000-FFFFF write-protect
[    0.001950] MTRR variable ranges enabled:
[    0.001952]   0 base 000000000000 mask 3FFF80000000 write-back
[    0.001952]   1 disabled
[    0.001953]   2 disabled
[    0.001953]   3 disabled
[    0.001953]   4 disabled
[    0.001954]   5 disabled
[    0.001954]   6 disabled
[    0.001955]   7 disabled
[    0.001955]   8 disabled
[    0.001955]   9 disabled
[    0.001956]   10 disabled
[    0.001956]   11 disabled
[    0.001957]   12 disabled
[    0.001957]   13 disabled
[    0.001958]   14 disabled
[    0.001958]   15 disabled
[    0.001974] x86/PAT: Configuration [0-7]: WB  WC  UC- UC  WB  WP  UC- WT  
[    0.002108] found SMP MP-table at [mem 0x0009fff0-0x0009ffff]
[    0.092150] check: Scanning 1 areas for low memory corruption
[    0.092412] RAMDISK: [mem 0x32271000-0x3512ffff]
[    0.092420] ACPI: Early table checksum verification disabled
[    0.092426] ACPI: RSDP 0x00000000000E0000 000024 (v02 VBOX  )
[    0.092430] ACPI: XSDT 0x000000007FFF0030 00003C (v01 VBOX   VBOXXSDT 00000001 ASL  00000061)
[    0.092437] ACPI: FACP 0x000000007FFF00F0 0000F4 (v04 VBOX   VBOXFACP 00000001 ASL  00000061)
[    0.092443] ACPI: DSDT 0x000000007FFF02E0 002353 (v02 VBOX   VBOXBIOS 00000002 VBOX 00029BF3)
[    0.092447] ACPI: FACS 0x000000007FFF0200 000040
[    0.092451] ACPI: FACS 0x000000007FFF0200 000040
[    0.092454] ACPI: APIC 0x000000007FFF0240 000054 (v02 VBOX   VBOXAPIC 00000001 ASL  00000061)
[    0.092457] ACPI: SSDT 0x000000007FFF02A0 000038 (v01 VBOX   VBOXCPUT 00000002 VBOX 00029BF3)
[    0.092461] ACPI: Reserving FACP table memory at [mem 0x7fff00f0-0x7fff01e3]
[    0.092462] ACPI: Reserving DSDT table memory at [mem 0x7fff02e0-0x7fff2632]
[    0.092462] ACPI: Reserving FACS table memory at [mem 0x7fff0200-0x7fff023f]
[    0.092463] ACPI: Reserving FACS table memory at [mem 0x7fff0200-0x7fff023f]
[    0.092464] ACPI: Reserving APIC table memory at [mem 0x7fff0240-0x7fff0293]
[    0.092464] ACPI: Reserving SSDT table memory at [mem 0x7fff02a0-0x7fff02d7]
[    0.092480] ACPI: Local APIC address 0xfee00000
[    0.092668] No NUMA configuration found
[    0.092669] Faking a node at [mem 0x0000000000000000-0x000000007ffeffff]
[    0.092679] NODE_DATA(0) allocated [mem 0x7ffc5000-0x7ffeffff]
[    0.092939] Zone ranges:
[    0.092940]   DMA      [mem 0x0000000000001000-0x0000000000ffffff]
[    0.092941]   DMA32    [mem 0x0000000001000000-0x000000007ffeffff]
[    0.092942]   Normal   empty
[    0.092943]   Device   empty
[    0.092944] Movable zone start for each node
[    0.092946] Early memory node ranges
[    0.092946]   node   0: [mem 0x0000000000001000-0x000000000009efff]
[    0.092947]   node   0: [mem 0x0000000000100000-0x000000007ffeffff]
[    0.092950] Zeroed struct page in unavailable ranges: 114 pages
[    0.092951] Initmem setup node 0 [mem 0x0000000000001000-0x000000007ffeffff]
[    0.092952] On node 0 totalpages: 524174
[    0.092954]   DMA zone: 64 pages used for memmap
[    0.092954]   DMA zone: 21 pages reserved
[    0.092955]   DMA zone: 3998 pages, LIFO batch:0
[    0.093027]   DMA32 zone: 8128 pages used for memmap
[    0.093028]   DMA32 zone: 520176 pages, LIFO batch:63
[    0.102019] ACPI: PM-Timer IO Port: 0x4008
[    0.102023] ACPI: Local APIC address 0xfee00000
[    0.102091] IOAPIC[0]: apic_id 1, version 32, address 0xfec00000, GSI 0-23
[    0.102095] ACPI: INT_SRC_OVR (bus 0 bus_irq 0 global_irq 2 dfl dfl)
[    0.102097] ACPI: INT_SRC_OVR (bus 0 bus_irq 9 global_irq 9 low level)
[    0.102099] ACPI: IRQ0 used by override.
[    0.102100] ACPI: IRQ9 used by override.
[    0.102102] Using ACPI (MADT) for SMP configuration information
[    0.102109] smpboot: Allowing 1 CPUs, 0 hotplug CPUs
[    0.102133] PM: Registered nosave memory: [mem 0x00000000-0x00000fff]
[    0.102134] PM: Registered nosave memory: [mem 0x0009f000-0x0009ffff]
[    0.102134] PM: Registered nosave memory: [mem 0x000a0000-0x000effff]
[    0.102135] PM: Registered nosave memory: [mem 0x000f0000-0x000fffff]
[    0.102137] [mem 0x80000000-0xfebfffff] available for PCI devices
[    0.102138] Booting paravirtualized kernel on KVM
[    0.102140] clocksource: refined-jiffies: mask: 0xffffffff max_cycles: 0xffffffff, max_idle_ns: 7645519600211568 ns
[    0.102145] setup_percpu: NR_CPUS:8192 nr_cpumask_bits:1 nr_cpu_ids:1 nr_node_ids:1
[    0.103164] percpu: Embedded 60 pages/cpu s208896 r8192 d28672 u2097152
[    0.103170] pcpu-alloc: s208896 r8192 d28672 u2097152 alloc=1*2097152
[    0.103171] pcpu-alloc: [0] 0 
[    0.103198] Built 1 zonelists, mobility grouping on.  Total pages: 515961
[    0.103199] Policy zone: DMA32
[    0.103200] Kernel command line: BOOT_IMAGE=/boot/vmlinuz-5.4.243-mptcp root=UUID=98415a12-53b7-4144-8265-0f7ece09e445 ro quiet splash
[    0.104043] Dentry cache hash table entries: 262144 (order: 9, 2097152 bytes, linear)
[    0.104189] Inode-cache hash table entries: 131072 (order: 8, 1048576 bytes, linear)
[    0.104240] mem auto-init: stack:off, heap alloc:on, heap free:off
[    0.104243] Calgary: detecting Calgary via BIOS EBDA area
[    0.104244] Calgary: Unable to locate Rio Grande table in EBDA - bailing!
[    0.108334] Memory: 1967332K/2096696K available (14339K kernel code, 2398K rwdata, 4712K rodata, 2728K init, 17260K bss, 129364K reserved, 0K cma-reserved)
[    0.109258] SLUB: HWalign=64, Order=0-3, MinObjects=0, CPUs=1, Nodes=1
[    0.109274] ftrace: allocating 43186 entries in 169 pages
[    0.127404] rcu: Hierarchical RCU implementation.
[    0.127406] rcu: 	RCU restricting CPUs from NR_CPUS=8192 to nr_cpu_ids=1.
[    0.127407] 	Tasks RCU enabled.
[    0.127408] rcu: RCU calculated value of scheduler-enlistment delay is 25 jiffies.
[    0.127409] rcu: Adjusting geometry for rcu_fanout_leaf=16, nr_cpu_ids=1
[    0.130380] NR_IRQS: 524544, nr_irqs: 256, preallocated irqs: 16
[    0.130593] random: crng init done
[    0.139825] Console: colour VGA+ 80x25
[    0.139829] printk: console [tty0] enabled
[    0.139851] ACPI: Core revision 20190816
[    0.139943] APIC: Switch to symmetric I/O mode setup
[    0.140195] x2apic enabled
[    0.140434] Switched APIC routing to physical x2apic.
[    0.141564] ..TIMER: vector=0x30 apic1=0 pin1=2 apic2=-1 pin2=-1
[    0.141589] clocksource: tsc-early: mask: 0xffffffffffffffff max_cycles: 0x1e4530a99b6, max_idle_ns: 440795257976 ns
[    0.141594] Calibrating delay loop (skipped) preset value.. 4200.00 BogoMIPS (lpj=8400000)
[    0.141597] pid_max: default: 32768 minimum: 301
[    0.141625] LSM: Security Framework initializing
[    0.141635] Yama: becoming mindful.
[    0.141661] AppArmor: AppArmor initialized
[    0.141696] Mount-cache hash table entries: 4096 (order: 3, 32768 bytes, linear)
[    0.141701] Mountpoint-cache hash table entries: 4096 (order: 3, 32768 bytes, linear)
[    0.141712] *** VALIDATE tmpfs ***
[    0.141840] *** VALIDATE proc ***
[    0.141880] *** VALIDATE cgroup1 ***
[    0.141881] *** VALIDATE cgroup2 ***
[    0.142023] process: using mwait in idle threads
[    0.142027] Last level iTLB entries: 4KB 64, 2MB 8, 4MB 8
[    0.142028] Last level dTLB entries: 4KB 64, 2MB 0, 4MB 0, 1GB 4
[    0.142048] Spectre V1 : Mitigation: usercopy/swapgs barriers and __user pointer sanitization
[    0.142054] Spectre V2 : Mitigation: Retpolines
[    0.142054] Spectre V2 : Spectre v2 / SpectreRSB mitigation: Filling RSB on context switch
[    0.142055] Spectre V2 : Spectre v2 / SpectreRSB : Filling RSB on VMEXIT
[    0.142055] RETBleed: WARNING: Spectre v2 mitigation leaves CPU vulnerable to RETBleed attacks, data leaks possible!
[    0.142423] RETBleed: Vulnerable
[    0.142424] Speculative Store Bypass: Vulnerable
[    0.142428] TAA: Mitigation: TSX disabled
[    0.142429] MMIO Stale Data: Mitigation: Clear CPU buffers
[    0.146663] Freeing SMP alternatives memory: 40K
[    0.259263] smpboot: CPU0: Intel(R) Xeon(R) Silver 4216 CPU @ 2.10GHz (family: 0x6, model: 0x55, stepping: 0x7)
[    0.259400] Performance Events: unsupported p6 CPU model 85 no PMU driver, software events only.
[    0.259438] rcu: Hierarchical SRCU implementation.
[    0.259922] NMI watchdog: Perf NMI watchdog permanently disabled
[    0.259961] smp: Bringing up secondary CPUs ...
[    0.259962] smp: Brought up 1 node, 1 CPU
[    0.259963] smpboot: Max logical packages: 1
[    0.259964] smpboot: Total of 1 processors activated (4200.00 BogoMIPS)
[    0.260954] devtmpfs: initialized
[    0.261002] x86/mm: Memory block size: 128MB
[    0.261357] clocksource: jiffies: mask: 0xffffffff max_cycles: 0xffffffff, max_idle_ns: 7645041785100000 ns
[    0.261363] futex hash table entries: 256 (order: 2, 16384 bytes, linear)
[    0.261408] pinctrl core: initialized pinctrl subsystem
[    0.261510] PM: RTC time: 20:52:57, date: 2026-01-19
[    0.261591] NET: Registered protocol family 16
[    0.261591] audit: initializing netlink subsys (disabled)
[    0.261591] EISA bus registered
[    0.261591] cpuidle: using governor ladder
[    0.261591] cpuidle: using governor menu
[    0.261591] ACPI: bus type PCI registered
[    0.261591] acpiphp: ACPI Hot Plug PCI Controller Driver version: 0.5
[    0.261591] PCI: Using configuration type 1 for base access
[    0.262068] audit: type=2000 audit(1768827183.409:1): state=initialized audit_enabled=0 res=1
[    0.262146] HugeTLB registered 2.00 MiB page size, pre-allocated 0 pages
[    0.262983] ACPI: Added _OSI(Module Device)
[    0.262984] ACPI: Added _OSI(Processor Device)
[    0.262984] ACPI: Added _OSI(3.0 _SCP Extensions)
[    0.262985] ACPI: Added _OSI(Processor Aggregator Device)
[    0.262986] ACPI: Added _OSI(Linux-Dell-Video)
[    0.262987] ACPI: Added _OSI(Linux-Lenovo-NV-HDMI-Audio)
[    0.262988] ACPI: Added _OSI(Linux-HPI-Hybrid-Graphics)
[    0.264943] ACPI: 2 ACPI AML tables successfully acquired and loaded
[    0.266463] ACPI: Interpreter enabled
[    0.266472] ACPI: (supports S0 S5)
[    0.266473] ACPI: Using IOAPIC for interrupt routing
[    0.266703] PCI: Using host bridge windows from ACPI; if necessary, use "pci=nocrs" and report a bug
[    0.266809] ACPI: Enabled 2 GPEs in block 00 to 07
[    0.271679] ACPI: PCI Root Bridge [PCI0] (domain 0000 [bus 00-ff])
[    0.271684] acpi PNP0A03:00: _OSC: OS supports [ASPM ClockPM Segments MSI HPX-Type3]
[    0.272128] acpi PNP0A03:00: _OSC: not requesting OS control; OS requires [ExtendedConfig ASPM ClockPM MSI]
[    0.272136] acpi PNP0A03:00: fail to add MMCONFIG information, can't access extended PCI configuration space under this bridge.
[    0.272507] PCI host bridge to bus 0000:00
[    0.272510] pci_bus 0000:00: root bus resource [io  0x0000-0x0cf7 window]
[    0.272511] pci_bus 0000:00: root bus resource [io  0x0d00-0xffff window]
[    0.272512] pci_bus 0000:00: root bus resource [mem 0x000a0000-0x000bffff window]
[    0.272513] pci_bus 0000:00: root bus resource [mem 0x80000000-0xfdffffff window]
[    0.272514] pci_bus 0000:00: root bus resource [bus 00-ff]
[    0.272560] pci 0000:00:00.0: [8086:1237] type 00 class 0x060000
[    0.273505] pci 0000:00:01.0: [8086:7000] type 00 class 0x060100
[    0.274323] pci 0000:00:01.1: [8086:7111] type 00 class 0x01018a
[    0.274705] pci 0000:00:01.1: reg 0x20: [io  0xd000-0xd00f]
[    0.274859] pci 0000:00:01.1: legacy IDE quirk: reg 0x10: [io  0x01f0-0x01f7]
[    0.274860] pci 0000:00:01.1: legacy IDE quirk: reg 0x14: [io  0x03f6]
[    0.274861] pci 0000:00:01.1: legacy IDE quirk: reg 0x18: [io  0x0170-0x0177]
[    0.274862] pci 0000:00:01.1: legacy IDE quirk: reg 0x1c: [io  0x0376]
[    0.275399] pci 0000:00:02.0: [15ad:0405] type 00 class 0x030000
[    0.277679] pci 0000:00:02.0: reg 0x10: [io  0xd010-0xd01f]
[    0.281638] pci 0000:00:02.0: reg 0x14: [mem 0xe0000000-0xe7ffffff pref]
[    0.284349] pci 0000:00:02.0: reg 0x18: [mem 0xf0000000-0xf01fffff]
[    0.294403] pci 0000:00:03.0: [1022:2000] type 00 class 0x020000
[    0.295117] pci 0000:00:03.0: reg 0x10: [io  0xd020-0xd03f]
[    0.295751] pci 0000:00:03.0: reg 0x14: [mem 0xf0200000-0xf0200fff]
[    0.300139] pci 0000:00:04.0: [80ee:cafe] type 00 class 0x088000
[    0.300807] pci 0000:00:04.0: reg 0x10: [io  0xd040-0xd05f]
[    0.301411] pci 0000:00:04.0: reg 0x14: [mem 0xf0400000-0xf07fffff]
[    0.301712] pci 0000:00:04.0: reg 0x18: [mem 0xf0800000-0xf0803fff pref]
[    0.305637] pci 0000:00:07.0: [8086:7113] type 00 class 0x068000
[    0.306183] pci 0000:00:07.0: quirk: [io  0x4000-0x403f] claimed by PIIX4 ACPI
[    0.306194] pci 0000:00:07.0: quirk: [io  0x4100-0x410f] claimed by PIIX4 SMB
[    0.306816] pci 0000:00:08.0: [8086:100e] type 00 class 0x020000
[    0.307526] pci 0000:00:08.0: reg 0x10: [mem 0xf0820000-0xf083ffff]
[    0.308678] pci 0000:00:08.0: reg 0x18: [io  0xd060-0xd067]
[    0.311772] pci 0000:00:09.0: [8086:100e] type 00 class 0x020000
[    0.312477] pci 0000:00:09.0: reg 0x10: [mem 0xf0840000-0xf085ffff]
[    0.313706] pci 0000:00:09.0: reg 0x18: [io  0xd068-0xd06f]
[    0.322727] ACPI: PCI Interrupt Link [LNKA] (IRQs 5 9 10 *11)
[    0.323012] ACPI: PCI Interrupt Link [LNKB] (IRQs 5 9 *10 11)
[    0.323112] ACPI: PCI Interrupt Link [LNKC] (IRQs 5 *9 10 11)
[    0.325665] ACPI: PCI Interrupt Link [LNKD] (IRQs 5 9 10 *11)
[    0.325936] iommu: Default domain type: Translated 
[    0.326000] pci 0000:00:02.0: vgaarb: setting as boot VGA device
[    0.326002] pci 0000:00:02.0: vgaarb: VGA device added: decodes=io+mem,owns=io+mem,locks=none
[    0.326003] pci 0000:00:02.0: vgaarb: bridge control possible
[    0.326004] vgaarb: loaded
[    0.326213] SCSI subsystem initialized
[    0.326247] libata version 3.00 loaded.
[    0.326274] ACPI: bus type USB registered
[    0.326289] usbcore: registered new interface driver usbfs
[    0.326295] usbcore: registered new interface driver hub
[    0.326300] usbcore: registered new device driver usb
[    0.326325] pps_core: LinuxPPS API ver. 1 registered
[    0.326326] pps_core: Software ver. 5.3.6 - Copyright 2005-2007 Rodolfo Giometti <giometti@linux.it>
[    0.326328] PTP clock support registered
[    0.326362] EDAC MC: Ver: 3.0.0
[    0.326654] PCI: Using ACPI for IRQ routing
[    0.326655] PCI: pci_cache_line_size set to 64 bytes
[    0.326832] e820: reserve RAM buffer [mem 0x0009fc00-0x0009ffff]
[    0.326836] e820: reserve RAM buffer [mem 0x7fff0000-0x7fffffff]
[    0.327635] NetLabel: Initializing
[    0.327635] NetLabel:  domain hash size = 128
[    0.327636] NetLabel:  protocols = UNLABELED CIPSOv4 CALIPSO
[    0.327656] NetLabel:  unlabeled traffic allowed by default
[    0.328564] clocksource: Switched to clocksource kvm-clock
[    0.339090] *** VALIDATE bpf ***
[    0.339090] VFS: Disk quotas dquot_6.6.0
[    0.339090] VFS: Dquot-cache hash table entries: 512 (order 0, 4096 bytes)
[    0.339090] *** VALIDATE ramfs ***
[    0.339090] *** VALIDATE hugetlbfs ***
[    0.339090] AppArmor: AppArmor Filesystem Enabled
[    0.339090] pnp: PnP ACPI init
[    0.339090] pnp 00:00: Plug and Play ACPI device, IDs PNP0303 (active)
[    0.340318] pnp 00:01: Plug and Play ACPI device, IDs PNP0f03 (active)
[    0.341051] pnp: PnP ACPI: found 2 devices
[    0.342012] thermal_sys: Registered thermal governor 'fair_share'
[    0.342012] thermal_sys: Registered thermal governor 'bang_bang'
[    0.342013] thermal_sys: Registered thermal governor 'step_wise'
[    0.342014] thermal_sys: Registered thermal governor 'user_space'
[    0.342014] thermal_sys: Registered thermal governor 'power_allocator'
[    0.346546] clocksource: acpi_pm: mask: 0xffffff max_cycles: 0xffffff, max_idle_ns: 2085701024 ns
[    0.346586] pci_bus 0000:00: resource 4 [io  0x0000-0x0cf7 window]
[    0.346587] pci_bus 0000:00: resource 5 [io  0x0d00-0xffff window]
[    0.346588] pci_bus 0000:00: resource 6 [mem 0x000a0000-0x000bffff window]
[    0.346590] pci_bus 0000:00: resource 7 [mem 0x80000000-0xfdffffff window]
[    0.346648] NET: Registered protocol family 2
[    0.346723] IP idents hash table entries: 32768 (order: 6, 262144 bytes, linear)
[    0.347046] MPTCP tokens hash table entries: 8192 (order: 4, 65536 bytes, linear)
[    0.347046] MPTCP request tokens hash table entries: 8192 (order: 4, 65536 bytes, linear)
[    0.347046] default registered
[    0.347046] default registered
[    0.347046] MPTCP: Stable release v0.96
[    0.347046] tcp_listen_portaddr_hash hash table entries: 1024 (order: 2, 16384 bytes, linear)
[    0.347046] TCP established hash table entries: 16384 (order: 5, 131072 bytes, linear)
[    0.347046] TCP bind hash table entries: 16384 (order: 6, 262144 bytes, linear)
[    0.347046] TCP: Hash tables configured (established 16384 bind 16384)
[    0.348065] UDP hash table entries: 1024 (order: 3, 32768 bytes, linear)
[    0.348077] UDP-Lite hash table entries: 1024 (order: 3, 32768 bytes, linear)
[    0.348113] NET: Registered protocol family 1
[    0.348122] NET: Registered protocol family 44
[    0.348143] pci 0000:00:00.0: Limiting direct PCI/PCI transfers
[    0.348159] pci 0000:00:01.0: Activating ISA DMA hang workarounds
[    0.348212] pci 0000:00:02.0: Video device with shadowed ROM at [mem 0x000c0000-0x000dffff]
[    0.348284] PCI: CLS 0 bytes, default 64
[    0.348331] Trying to unpack rootfs image as initramfs...
[    0.523227] Freeing initrd memory: 47868K
[    0.523227] clocksource: tsc: mask: 0xffffffffffffffff max_cycles: 0x1e4530a99b6, max_idle_ns: 440795257976 ns
[    0.523227] clocksource: Switched to clocksource tsc
[    0.523227] platform rtc_cmos: registered platform RTC device (no PNP device found)
[    0.523227] check: Scanning for low memory corruption every 60 seconds
[    0.523227] Initialise system trusted keyrings
[    0.523227] Key type blacklist registered
[    0.523227] workingset: timestamp_bits=36 max_order=19 bucket_order=0
[    0.523227] zbud: loaded
[    0.523227] squashfs: version 4.0 (2009/01/31) Phillip Lougher
[    0.523227] fuse: init (API version 7.31)
[    0.523227] *** VALIDATE fuse ***
[    0.523227] *** VALIDATE fuse ***
[    0.523227] Platform Keyring initialized
[    0.535778] Key type asymmetric registered
[    0.535779] Asymmetric key parser 'x509' registered
[    0.535788] Block layer SCSI generic (bsg) driver version 0.4 loaded (major 244)
[    0.535829] io scheduler mq-deadline registered
[    0.535952] shpchp: Standard Hot Plug PCI Controller Driver version: 0.4
[    0.536177] ACPI: AC Adapter [AC] (on-line)
[    0.536237] input: Power Button as /devices/LNXSYSTM:00/LNXPWRBN:00/input/input0
[    0.536268] ACPI: Power Button [PWRF]
[    0.536346] input: Sleep Button as /devices/LNXSYSTM:00/LNXSLPBN:00/input/input1
[    0.536361] ACPI: Sleep Button [SLPF]
[    0.536586] Serial: 8250/16550 driver, 32 ports, IRQ sharing enabled
[    0.537779] Linux agpgart interface v0.103
[    0.627041] loop: module loaded
[    0.627191] ata_piix 0000:00:01.1: version 2.13
[    0.627597] scsi host0: ata_piix
[    0.627688] scsi host1: ata_piix
[    0.627713] ata1: PATA max UDMA/33 cmd 0x1f0 ctl 0x3f6 bmdma 0xd000 irq 14
[    0.627714] ata2: PATA max UDMA/33 cmd 0x170 ctl 0x376 bmdma 0xd008 irq 15
[    0.627796] tun: Universal TUN/TAP device driver, 1.6
[    0.628112] PPP generic driver version 2.4.2
[    0.628153] VFIO - User Level meta-driver version: 0.3
[    0.628400] ehci_hcd: USB 2.0 'Enhanced' Host Controller (EHCI) Driver
[    0.628405] ehci-pci: EHCI PCI platform driver
[    0.628419] ehci-platform: EHCI generic platform driver
[    0.628425] ohci_hcd: USB 1.1 'Open' Host Controller (OHCI) Driver
[    0.628427] ohci-pci: OHCI PCI platform driver
[    0.628435] ohci-platform: OHCI generic platform driver
[    0.628439] uhci_hcd: USB Universal Host Controller Interface driver
[    0.628504] i8042: PNP: PS/2 Controller [PNP0303:PS2K,PNP0f03:PS2M] at 0x60,0x64 irq 1,12
[    0.628939] serio: i8042 KBD port at 0x60,0x64 irq 1
[    0.628942] serio: i8042 AUX port at 0x60,0x64 irq 12
[    0.629030] mousedev: PS/2 mouse device common for all mice
[    0.629278] input: AT Translated Set 2 keyboard as /devices/platform/i8042/serio0/input/input2
[    0.629677] rtc_cmos rtc_cmos: registered as rtc0
[    0.629690] rtc_cmos rtc_cmos: alarms up to one day, 114 bytes nvram
[    0.629695] i2c /dev entries driver
[    0.629739] device-mapper: uevent: version 1.0.3
[    0.629782] device-mapper: ioctl: 4.41.0-ioctl (2019-09-16) initialised: dm-devel@redhat.com
[    0.629798] platform eisa.0: Probing EISA bus 0
[    0.629799] platform eisa.0: EISA: Cannot allocate resource for mainboard
[    0.629800] platform eisa.0: Cannot allocate resource for EISA slot 1
[    0.629801] platform eisa.0: Cannot allocate resource for EISA slot 2
[    0.629802] platform eisa.0: Cannot allocate resource for EISA slot 3
[    0.629803] platform eisa.0: Cannot allocate resource for EISA slot 4
[    0.629804] platform eisa.0: Cannot allocate resource for EISA slot 5
[    0.629805] platform eisa.0: Cannot allocate resource for EISA slot 6
[    0.629806] platform eisa.0: Cannot allocate resource for EISA slot 7
[    0.629807] platform eisa.0: Cannot allocate resource for EISA slot 8
[    0.629808] platform eisa.0: EISA: Detected 0 cards
[    0.629811] intel_pstate: CPU model not supported
[    0.629820] ledtrig-cpu: registered to indicate activity on CPUs
[    0.629875] drop_monitor: Initializing network drop monitor service
[    0.630035] NET: Registered protocol family 10
[    0.635136] Segment Routing with IPv6
[    0.635136] fullmesh registered
[    0.635136] ndiffports registered
[    0.635136] binder registered
[    0.635136] roundrobin registered
[    0.635136] redundant registered
[    0.635136] blest registered
[    0.635136] ecf registered
[    0.635136] NET: Registered protocol family 17
[    0.635136] Key type dns_resolver registered
[    0.635136] RAS: Correctable Errors collector initialized.
[    0.635136] IPI shorthand broadcast: enabled
[    0.635136] sched_clock: Marking stable (620127896, 11008326)->(633233710, -2097488)
[    0.635392] registered taskstats version 1
[    0.635401] Loading compiled-in X.509 certificates
[    0.635996] Loaded X.509 cert 'Build time autogenerated kernel key: 6909f3744cebb3d0de528d5887b96a727de79b1e'
[    0.636014] zswap: loaded using pool lzo/zbud
[    0.636068] Key type ._fscrypt registered
[    0.636069] Key type .fscrypt registered
[    0.640509] Key type big_key registered
[    0.642727] Key type encrypted registered
[    0.642729] AppArmor: AppArmor sha1 policy hashing enabled
[    0.642736] ima: No TPM chip found, activating TPM-bypass!
[    0.642739] ima: Allocated hash algorithm: sha1
[    0.642745] ima: No architecture policies found
[    0.642754] evm: Initialising EVM extended attributes:
[    0.642754] evm: security.selinux
[    0.642755] evm: security.SMACK64
[    0.642755] evm: security.SMACK64EXEC
[    0.642755] evm: security.SMACK64TRANSMUTE
[    0.642756] evm: security.SMACK64MMAP
[    0.642756] evm: security.apparmor
[    0.642757] evm: security.ima
[    0.642757] evm: security.capability
[    0.642758] evm: HMAC attrs: 0x1
[    0.643052] PM:   Magic number: 10:857:902
[    0.643084] acpi PNP0501:02: hash matches
[    0.643170] rtc_cmos rtc_cmos: setting system clock to 2026-01-19T20:52:58 UTC (1768855978)
[    0.801975] ata1.00: ATA-6: VBOX HARDDISK, 1.0, max UDMA/133
[    0.801980] ata1.00: 209715200 sectors, multi 128: LBA 
[    0.802907] scsi 0:0:0:0: Direct-Access     ATA      VBOX HARDDISK    1.0  PQ: 0 ANSI: 5
[    0.803453] sd 0:0:0:0: [sda] 209715200 512-byte logical blocks: (107 GB/100 GiB)
[    0.803476] sd 0:0:0:0: [sda] Write Protect is off
[    0.803481] sd 0:0:0:0: [sda] Mode Sense: 00 3a 00 00
[    0.803517] sd 0:0:0:0: [sda] Write cache: enabled, read cache: enabled, doesn't support DPO or FUA
[    0.804036] sd 0:0:0:0: Attached scsi generic sg0 type 0
[    0.805617]  sda: sda1 sda2
[    0.815485] sd 0:0:0:0: [sda] Attached SCSI disk
[    0.822783] Freeing unused decrypted memory: 2040K
[    0.824463] Freeing unused kernel image memory: 2728K
[    0.824469] Write protecting the kernel read-only data: 22528k
[    0.826302] Freeing unused kernel image memory: 2036K
[    0.827268] Freeing unused kernel image memory: 1432K
[    0.871370] x86/mm: Checked W+X mappings: passed, no W+X pages found.
[    0.871376] Run /init as init process
[    0.979473] ACPI: Video Device [GFX0] (multi-head: yes  rom: no  post: no)
[    0.979561] input: Video Bus as /devices/LNXSYSTM:00/LNXSYBUS:00/PNP0A03:00/LNXVIDEO:00/input/input4
[    0.993985] pcnet32: pcnet32.c:v1.35 21.Apr.2008 tsbogend@alpha.franken.de
[    0.997894] e1000: Intel(R) PRO/1000 Network Driver - version 7.3.21-k8-NAPI
[    0.997894] e1000: Copyright (c) 1999-2006 Intel Corporation.
[    1.000455] piix4_smbus 0000:00:07.0: SMBus Host Controller at 0x4100, revision 0
[    1.004034] pcnet32: PCnet/FAST III 79C973 at 0xd020, 08:00:27:ce:dd:11 assigned IRQ 19
[    1.004080] pcnet32: Found PHY 0022:561b at address 0
[    1.004388] pcnet32: eth0: registered as PCnet/FAST III 79C973
[    1.015921] pcnet32: 1 cards_found
[    1.097910] pcnet32 0000:00:03.0 enp0s3: renamed from eth0
[    1.217321] input: ImExPS/2 Generic Explorer Mouse as /devices/platform/i8042/serio1/input/input5
[    1.427460] e1000 0000:00:08.0 eth0: (PCI:33MHz:32-bit) 08:00:27:8c:c2:f7
[    1.427464] e1000 0000:00:08.0 eth0: Intel(R) PRO/1000 Network Connection
[    1.803430] e1000 0000:00:09.0 eth1: (PCI:33MHz:32-bit) 08:00:27:2a:de:50
[    1.803433] e1000 0000:00:09.0 eth1: Intel(R) PRO/1000 Network Connection
[    1.804614] e1000 0000:00:09.0 enp0s9: renamed from eth1
[    1.806394] e1000 0000:00:08.0 enp0s8: renamed from eth0
[    1.980978] EXT4-fs (sda2): mounted filesystem with ordered data mode. Opts: (null)
[    2.061994] systemd[1]: Inserted module 'autofs4'
[    2.071200] systemd[1]: systemd 245.4-4ubuntu3 running in system mode. (+PAM +AUDIT +SELINUX +IMA +APPARMOR +SMACK +SYSVINIT +UTMP +LIBCRYPTSETUP +GCRYPT +GNUTLS +ACL +XZ +LZ4 +SECCOMP +BLKID +ELFUTILS +KMOD +IDN2 -IDN +PCRE2 default-hierarchy=hybrid)
[    2.071232] systemd[1]: Detected virtualization oracle.
[    2.071235] systemd[1]: Detected architecture x86-64.
[    2.072528] systemd[1]: Set hostname to <ztg>.
[    2.197295] systemd[1]: /lib/systemd/system/dbus.socket:5: ListenStream= references a path below legacy directory /var/run/, updating /var/run/dbus/system_bus_socket â†’ /run/dbus/system_bus_socket; please update the unit file accordingly.
[    2.250376] systemd[1]: Created slice system-modprobe.slice.
[    2.250559] systemd[1]: Created slice User and Session Slice.
[    2.250602] systemd[1]: Started Forward Password Requests to Wall Directory Watch.
[    2.250767] systemd[1]: Set up automount Arbitrary Executable File Formats File System Automount Point.
[    2.250801] systemd[1]: Reached target User and Group Name Lookups.
[    2.250809] systemd[1]: Reached target Remote File Systems.
[    2.250817] systemd[1]: Reached target Slices.
[    2.251418] systemd[1]: Listening on Syslog Socket.
[    2.251486] systemd[1]: Listening on fsck to fsckd communication Socket.
[    2.251525] systemd[1]: Listening on initctl Compatibility Named Pipe.
[    2.251664] systemd[1]: Listening on Journal Audit Socket.
[    2.251715] systemd[1]: Listening on Journal Socket (/dev/log).
[    2.251783] systemd[1]: Listening on Journal Socket.
[    2.251849] systemd[1]: Listening on udev Control Socket.
[    2.251888] systemd[1]: Listening on udev Kernel Socket.
[    2.252677] systemd[1]: Mounting Huge Pages File System...
[    2.253633] systemd[1]: Mounting POSIX Message Queue File System...
[    2.254512] systemd[1]: Mounting Kernel Debug File System...
[    2.255389] systemd[1]: Mounting Kernel Trace File System...
[    2.257333] systemd[1]: Starting Journal Service...
[    2.282007] systemd[1]: Starting Set the console keyboard layout...
[    2.289916] systemd[1]: Starting Create list of static device nodes for the current kernel...
[    2.291775] systemd[1]: Starting Load Kernel Module drm...
[    2.292785] systemd[1]: Condition check resulted in Set Up Additional Binary Formats being skipped.
[    2.292833] systemd[1]: Condition check resulted in File System Check on Root Device being skipped.
[    2.303941] systemd[1]: Starting Load Kernel Modules...
[    2.315451] systemd[1]: Starting Remount Root and Kernel File Systems...
[    2.321112] systemd[1]: Starting udev Coldplug all Devices...
[    2.331785] systemd[1]: Starting Uncomplicated firewall...
[    2.333118] systemd[1]: Mounted Huge Pages File System.
[    2.333206] systemd[1]: Mounted POSIX Message Queue File System.
[    2.333277] systemd[1]: Mounted Kernel Debug File System.
[    2.333346] systemd[1]: Mounted Kernel Trace File System.
[    2.343409] EXT4-fs (sda2): re-mounted. Opts: errors=remount-ro
[    2.345162] systemd[1]: Finished Create list of static device nodes for the current kernel.
[    2.346204] systemd[1]: modprobe@drm.service: Succeeded.
[    2.347228] systemd[1]: Finished Load Kernel Module drm.
[    2.357264] systemd[1]: Finished Remount Root and Kernel File Systems.
[    2.368060] lp: driver loaded but no devices found
[    2.369824] systemd[1]: Finished Uncomplicated firewall.
[    2.387113] systemd[1]: Condition check resulted in Rebuild Hardware Database being skipped.
[    2.387160] systemd[1]: Condition check resulted in Platform Persistent Storage Archival being skipped.
[    2.387873] systemd[1]: Starting Load/Save Random Seed...
[    2.389733] ppdev: user-space parallel port driver
[    2.413657] systemd[1]: Starting Create System Users...
[    2.424269] systemd[1]: Finished Load/Save Random Seed.
[    2.432366] systemd[1]: Finished Create System Users.
[    2.433142] systemd[1]: Starting Create Static Device Nodes in /dev...
[    2.466617] systemd[1]: Finished Create Static Device Nodes in /dev.
[    2.467530] systemd[1]: Starting udev Kernel Device Manager...
[    2.477270] [drm] DMA map mode: Caching DMA mappings.
[    2.477335] [drm] Capabilities:
[    2.477335] [drm]   Rect copy.
[    2.477336] [drm]   Cursor.
[    2.477336] [drm]   Cursor bypass.
[    2.477336] [drm]   Cursor bypass 2.
[    2.477337] [drm]   Alpha cursor.
[    2.477337] [drm]   Extended Fifo.
[    2.477338] [drm]   Pitchlock.
[    2.477338] [drm]   Irq mask.
[    2.477338] [drm]   GMR.
[    2.477339] [drm]   Traces.
[    2.477339] [drm]   GMR2.
[    2.477339] [drm]   Screen Object 2.
[    2.477340] [drm]   Command Buffers.
[    2.477340] [drm]   Command Buffers 2.
[    2.477340] [drm]   Guest Backed Resources.
[    2.477341] [drm] Max GMR ids is 8192
[    2.477342] [drm] Max number of GMR pages is 1048576
[    2.477343] [drm] Max dedicated hypervisor surface memory is 393216 kiB
[    2.477343] [drm] Maximum display memory size is 131072 kiB
[    2.477344] [drm] VRAM at 0xe0000000 size is 131072 kiB
[    2.477345] [drm] MMIO at 0xf0000000 size is 2048 kiB
[    2.480819] systemd[1]: Finished udev Coldplug all Devices.
[    2.481695] [TTM] Zone  kernel: Available graphics memory: 1011738 KiB
[    2.481696] [TTM] Initializing pool allocator
[    2.481699] [TTM] Initializing DMA pool allocator
[    2.481728] [drm] Supports vblank timestamp caching Rev 2 (21.10.2013).
[    2.481728] [drm] No driver support for vblank timestamp query.
[    2.481958] [drm] Screen Target Display device initialized
[    2.482183] [drm] width 720
[    2.482192] [drm] height 400
[    2.482196] [drm] bpp 32
[    2.482746] [drm] Fifo max 0x00200000 min 0x00001000 cap 0x00000355
[    2.483807] [drm] Using command buffers with DMA pool.
[    2.483811] [drm] DX: no.
[    2.483811] [drm] Atomic: yes.
[    2.483812] [drm] SM4_1: no.
[    2.483831] [drm:vmw_host_log [vmwgfx]] *ERROR* Failed to send host log message.
[    2.487088] [drm:vmw_host_log [vmwgfx]] *ERROR* Failed to send host log message.
[    2.527465] fbcon: svgadrmfb (fb0) is primary device
[    2.532613] Console: switching to colour frame buffer device 100x37
[    2.539566] [drm] Initialized vmwgfx 2.15.0 20180704 for 0000:00:02.0 on minor 0
[    2.540561] systemd[1]: Finished Load Kernel Modules.
[    2.541759] systemd[1]: Mounting FUSE Control File System...
[    2.543541] systemd[1]: Mounting Kernel Configuration File System...
[    2.579464] systemd[1]: Starting Apply Kernel Variables...
[    2.584053] systemd[1]: Finished Set the console keyboard layout.
[    2.584669] systemd[1]: Mounted FUSE Control File System.
[    2.584756] systemd[1]: Mounted Kernel Configuration File System.
[    2.584817] systemd[1]: Reached target Local File Systems (Pre).
[    2.584835] systemd[1]: Condition check resulted in VMware vmblock fuse mount being skipped.
[    2.590287] systemd[1]: Mounting Mount unit for bare, revision 5...
[    2.593171] systemd[1]: Mounting Mount unit for core18, revision 1705...
[    2.603963] systemd[1]: Mounting Mount unit for gnome-3-34-1804, revision 24...
[    2.615626] systemd[1]: Mounting Mount unit for gtk-common-themes, revision 1506...
[    2.618620] systemd[1]: Mounting Mount unit for gtk-common-themes, revision 1535...
[    2.642894] systemd[1]: Mounting Mount unit for snap-store, revision 433...
[    2.646809] systemd[1]: Mounting Mount unit for snapd, revision 25935...
[    2.655865] systemd[1]: Finished Apply Kernel Variables.
[    2.666149] systemd[1]: Mounted Mount unit for bare, revision 5.
[    2.669141] systemd[1]: Mounted Mount unit for gnome-3-34-1804, revision 24.
[    2.677370] systemd[1]: Mounted Mount unit for core18, revision 1705.
[    2.677458] systemd[1]: Mounted Mount unit for gtk-common-themes, revision 1506.
[    2.684565] systemd[1]: Started udev Kernel Device Manager.
[    2.685260] systemd[1]: Starting Show Plymouth Boot Screen...
[    2.692988] systemd[1]: Received SIGRTMIN+20 from PID 288 (plymouthd).
[    2.721327] systemd[1]: Mounted Mount unit for snap-store, revision 433.
[    2.721623] systemd[1]: Started Show Plymouth Boot Screen.
[    2.721811] systemd[1]: Condition check resulted in Dispatch Password Requests to Console Directory Watch being skipped.
[    2.721909] systemd[1]: Started Forward Password Requests to Plymouth Directory Watch.
[    2.721976] systemd[1]: Reached target Local Encrypted Volumes.
[    2.755314] systemd[1]: Mounted Mount unit for gtk-common-themes, revision 1535.
[    2.757613] systemd[1]: Mounted Mount unit for snapd, revision 25935.
[    2.757737] systemd[1]: Reached target Local File Systems.
[    2.758574] systemd[1]: Starting Load AppArmor profiles...
[    2.759422] systemd[1]: Starting Set console font and keymap...
[    2.760222] systemd[1]: Starting Tell Plymouth To Write Out Runtime Data...
[    2.760305] systemd[1]: Condition check resulted in Store a System Token in an EFI Variable being skipped.
[    2.760350] systemd[1]: Condition check resulted in Commit a transient machine-id on disk being skipped.
[    2.780344] systemd[1]: Finished Set console font and keymap.
[    2.791207] systemd[1]: Received SIGRTMIN+20 from PID 288 (plymouthd).
[    2.792407] systemd[1]: plymouth-read-write.service: Succeeded.
[    2.792653] systemd[1]: Finished Tell Plymouth To Write Out Runtime Data.
[    2.829869] audit: type=1400 audit(1768855980.680:2): apparmor="STATUS" operation="profile_load" profile="unconfined" name="nvidia_modprobe" pid=301 comm="apparmor_parser"
[    2.829871] audit: type=1400 audit(1768855980.680:3): apparmor="STATUS" operation="profile_load" profile="unconfined" name="nvidia_modprobe//kmod" pid=301 comm="apparmor_parser"
[    2.835792] audit: type=1400 audit(1768855980.688:4): apparmor="STATUS" operation="profile_load" profile="unconfined" name="/usr/sbin/tcpdump" pid=302 comm="apparmor_parser"
[    2.866669] audit: type=1400 audit(1768855980.712:5): apparmor="STATUS" operation="profile_load" profile="unconfined" name="/usr/bin/evince" pid=304 comm="apparmor_parser"
[    2.866672] audit: type=1400 audit(1768855980.712:6): apparmor="STATUS" operation="profile_load" profile="unconfined" name="/usr/bin/evince//sanitized_helper" pid=304 comm="apparmor_parser"
[    2.866675] audit: type=1400 audit(1768855980.712:7): apparmor="STATUS" operation="profile_load" profile="unconfined" name="/usr/bin/evince-previewer" pid=304 comm="apparmor_parser"
[    2.866677] audit: type=1400 audit(1768855980.712:8): apparmor="STATUS" operation="profile_load" profile="unconfined" name="/usr/bin/evince-previewer//sanitized_helper" pid=304 comm="apparmor_parser"
[    2.866678] audit: type=1400 audit(1768855980.712:9): apparmor="STATUS" operation="profile_load" profile="unconfined" name="/usr/bin/evince-thumbnailer" pid=304 comm="apparmor_parser"
[    2.897187] audit: type=1400 audit(1768855980.752:10): apparmor="STATUS" operation="profile_load" profile="unconfined" name="/usr/lib/cups/backend/cups-pdf" pid=305 comm="apparmor_parser"
[    2.958677] systemd[1]: Finished Load AppArmor profiles.
[    2.959698] systemd[1]: Starting Load AppArmor profiles managed internally by snapd...
[    3.081563] systemd[1]: Finished Load AppArmor profiles managed internally by snapd.
[    3.249182] systemd[1]: Started Journal Service.
[    3.259245] systemd-journald[229]: Received client request to flush runtime journal.
[    3.261887] systemd-journald[229]: File /var/log/journal/c455b248004a419c87ce85eea238d727/system.journal corrupted or uncleanly shut down, renaming and replacing.
[    4.606115] RAPL PMU: API unit is 2^-32 Joules, 0 fixed counters, 10737418240 ms ovfl timer
[    4.654156] cryptd: max_cpu_qlen set to 1000
[    4.727459] AVX2 version of gcm_enc/dec engaged.
[    4.727460] AES CTR mode by8 optimization enabled
[    6.502799] Adding 1998844k swap on /dev/sda1.  Priority:-2 extents:1 across:1998844k FS
[    8.155425] kauditd_printk_skb: 30 callbacks suppressed
[    8.155426] audit: type=1400 audit(1768855986.004:41): apparmor="DENIED" operation="capable" profile="/usr/sbin/cups-browsed" pid=507 comm="cups-browsed" capability=23  capname="sys_nice"
[    9.048662] pcnet32 0000:00:03.0 enp0s3: link up, 100Mbps, full-duplex
[    9.093174] e1000: enp0s8 NIC Link is Up 1000 Mbps Full Duplex, Flow Control: RX
[    9.093502] IPv6: ADDRCONF(NETDEV_CHANGE): enp0s8: link becomes ready
[    9.116713] e1000: enp0s9 NIC Link is Up 1000 Mbps Full Duplex, Flow Control: RX
[    9.116986] IPv6: ADDRCONF(NETDEV_CHANGE): enp0s9: link becomes ready
[    9.766658] device enp0s3 entered promiscuous mode
[    9.797627] audit: type=1400 audit(1768855987.648:42): apparmor="DENIED" operation="open" profile="/usr/sbin/tcpdump" name="/proc/sys/kernel/random/boot_id" pid=656 comm="tcpdump" requested_mask="r" denied_mask="r" fsuid=0 ouid=0
[    9.797825] audit: type=1400 audit(1768855987.648:43): apparmor="DENIED" operation="open" profile="/usr/sbin/tcpdump" name="/proc/sys/kernel/random/boot_id" pid=656 comm="tcpdump" requested_mask="r" denied_mask="r" fsuid=0 ouid=0
[    9.797875] audit: type=1400 audit(1768855987.648:44): apparmor="DENIED" operation="open" profile="/usr/sbin/tcpdump" name="/proc/sys/kernel/random/boot_id" pid=656 comm="tcpdump" requested_mask="r" denied_mask="r" fsuid=0 ouid=0
[    9.797964] audit: type=1400 audit(1768855987.648:45): apparmor="DENIED" operation="open" profile="/usr/sbin/tcpdump" name="/proc/sys/kernel/random/boot_id" pid=656 comm="tcpdump" requested_mask="r" denied_mask="r" fsuid=0 ouid=0
[    9.803191] audit: type=1400 audit(1768855987.652:46): apparmor="DENIED" operation="open" profile="/usr/sbin/tcpdump" name="/proc/sys/kernel/random/boot_id" pid=657 comm="tcpdump" requested_mask="r" denied_mask="r" fsuid=0 ouid=0
[    9.803590] audit: type=1400 audit(1768855987.652:47): apparmor="DENIED" operation="open" profile="/usr/sbin/tcpdump" name="/proc/sys/kernel/random/boot_id" pid=657 comm="tcpdump" requested_mask="r" denied_mask="r" fsuid=0 ouid=0
[    9.803665] audit: type=1400 audit(1768855987.652:48): apparmor="DENIED" operation="open" profile="/usr/sbin/tcpdump" name="/proc/sys/kernel/random/boot_id" pid=657 comm="tcpdump" requested_mask="r" denied_mask="r" fsuid=0 ouid=0
[    9.803752] audit: type=1400 audit(1768855987.652:49): apparmor="DENIED" operation="open" profile="/usr/sbin/tcpdump" name="/proc/sys/kernel/random/boot_id" pid=657 comm="tcpdump" requested_mask="r" denied_mask="r" fsuid=0 ouid=0
[   15.830515] rfkill: input handler disabled
[   76.250190] rfkill: input handler enabled
[   84.641814] rfkill: input handler disabled
[  170.470510] AAAAA-TCP_SEND: name:enp0s3: saddr:100932208: daddr:16783984: srtt_us:0: RTT:0: ssthresh:7: cwnd:1: delivered:0: lost:1: retrans:0
[  170.752627] AAAAA-TCP_RECV: name:enp0s3: saddr:16783984: daddr:100932208: srtt_us:0: RTT:0: ssthresh:7: cwnd:1: delivered:0: lost:1: retrans:0
[  170.752709] AAAAA-TCP_SEND: name:enp0s3: saddr:100932208: daddr:16783984: srtt_us:18783592: RTT:2347949: ssthresh:2147483647: cwnd:10: delivered:1: lost:1: retrans:0
[  170.752854] AAAAA-TCP_SEND: name:enp0s3: saddr:100932208: daddr:16783984: srtt_us:18783592: RTT:2347949: ssthresh:2147483647: cwnd:10: delivered:1: lost:1: retrans:0
[  171.051412] AAAAA-TCP_RECV: name:enp0s3: saddr:16783984: daddr:100932208: srtt_us:18783592: RTT:2347949: ssthresh:2147483647: cwnd:10: delivered:1: lost:1: retrans:0
[  171.096272] AAAAA-TCP_RECV: name:enp0s3: saddr:16783984: daddr:100932208: srtt_us:18783592: RTT:2347949: ssthresh:2147483647: cwnd:10: delivered:1: lost:1: retrans:0
[  171.096445] AAAAA-TCP_SEND: name:enp0s3: saddr:100932208: daddr:33561200: srtt_us:0: RTT:0: ssthresh:2147483647: cwnd:10: delivered:0: lost:0: retrans:0
[  171.246100] AAAAA-TCP_RECV: name:enp0s3: saddr:16783984: daddr:100932208: srtt_us:16779082: RTT:2097385: ssthresh:2147483647: cwnd:10: delivered:2: lost:1: retrans:0
[  171.246135] AAAAA-TCP_SEND: name:enp0s3: saddr:100932208: daddr:16783984: srtt_us:16779082: RTT:2097385: ssthresh:2147483647: cwnd:10: delivered:2: lost:1: retrans:0
[  171.246320] AAAAA-TCP_SEND: name:enp0s3: saddr:100932208: daddr:16783984: srtt_us:16779082: RTT:2097385: ssthresh:2147483647: cwnd:10: delivered:2: lost:1: retrans:0
[  171.612658] AAAAA-TCP_RECV: name:enp0s3: saddr:33561200: daddr:100932208: srtt_us:0: RTT:0: ssthresh:2147483647: cwnd:10: delivered:0: lost:0: retrans:0
[  171.612715] AAAAA-TCP_SEND: name:enp0s3: saddr:100932208: daddr:33561200: srtt_us:4129944: RTT:516243: ssthresh:2147483647: cwnd:10: delivered:1: lost:0: retrans:0
[  171.923923] AAAAA-TCP_RECV: name:enp0s3: saddr:16783984: daddr:100932208: srtt_us:16779082: RTT:2097385: ssthresh:2147483647: cwnd:10: delivered:2: lost:1: retrans:0
[  171.923965] AAAAA-TCP_SEND: name:enp0s3: saddr:100932208: daddr:16783984: srtt_us:16779082: RTT:2097385: ssthresh:2147483647: cwnd:10: delivered:2: lost:1: retrans:0
[  172.320931] AAAAA-TCP_RECV: name:enp0s3: saddr:33561200: daddr:100932208: srtt_us:4129944: RTT:516243: ssthresh:2147483647: cwnd:10: delivered:1: lost:0: retrans:0
[  172.473899] AAAAA-TCP_RECV: name:enp0s3: saddr:16783984: daddr:100932208: srtt_us:15359339: RTT:1919917: ssthresh:2147483647: cwnd:10: delivered:3: lost:1: retrans:0
[  172.510063] AAAAA-TCP_RECV: name:enp0s3: saddr:16783984: daddr:100932208: srtt_us:13989382: RTT:1748672: ssthresh:2147483647: cwnd:10: delivered:4: lost:1: retrans:0
[  172.517983] AAAAA-TCP_SEND: name:enp0s3: saddr:100932208: daddr:16783984: srtt_us:13989382: RTT:1748672: ssthresh:2147483647: cwnd:10: delivered:4: lost:1: retrans:0
[  172.517999] AAAAA-TCP_SEND: name:enp0s3: saddr:100932208: daddr:16783984: srtt_us:0: RTT:0: ssthresh:2147483647: cwnd:10: delivered:0: lost:0: retrans:0
[  173.044798] AAAAA-TCP_RECV: name:enp0s3: saddr:16783984: daddr:100932208: srtt_us:0: RTT:0: ssthresh:2147483647: cwnd:10: delivered:0: lost:0: retrans:0
[  173.125884] AAAAA-TCP_SEND: name:enp0s3: saddr:100932208: daddr:16783984: srtt_us:4276032: RTT:534504: ssthresh:2147483647: cwnd:10: delivered:1: lost:0: retrans:0
[  173.125902] AAAAA-TCP_SEND: name:enp0s3: saddr:100932208: daddr:16783984: srtt_us:4276032: RTT:534504: ssthresh:2147483647: cwnd:10: delivered:1: lost:0: retrans:0
[  174.054699] AAAAA-TCP_RECV: name:enp0s3: saddr:16783984: daddr:100932208: srtt_us:4276032: RTT:534504: ssthresh:2147483647: cwnd:10: delivered:1: lost:0: retrans:0
[  174.248553] AAAAA-TCP_RECV: name:enp0s3: saddr:16783984: daddr:100932208: srtt_us:4276032: RTT:534504: ssthresh:2147483647: cwnd:10: delivered:1: lost:0: retrans:0
[  174.248626] AAAAA-TCP_SEND: name:enp0s3: saddr:100932208: daddr:33561200: srtt_us:0: RTT:0: ssthresh:2147483647: cwnd:10: delivered:0: lost:0: retrans:0
[  174.513997] AAAAA-TCP_RECV: name:enp0s3: saddr:16783984: daddr:100932208: srtt_us:13989382: RTT:1748672: ssthresh:2147483647: cwnd:10: delivered:4: lost:1: retrans:0
[  174.514021] AAAAA-TCP_SEND: name:enp0s3: saddr:100932208: daddr:16783984: srtt_us:13989382: RTT:1748672: ssthresh:2147483647: cwnd:10: delivered:4: lost:1: retrans:0
[  175.021695] AAAAA-TCP_RECV: name:enp0s3: saddr:33561200: daddr:100932208: srtt_us:0: RTT:0: ssthresh:2147483647: cwnd:10: delivered:0: lost:0: retrans:0
[  175.021731] AAAAA-TCP_SEND: name:enp0s3: saddr:100932208: daddr:33561200: srtt_us:6184656: RTT:773082: ssthresh:2147483647: cwnd:10: delivered:1: lost:0: retrans:0
[  175.140512] AAAAA-TCP_RECV: name:enp0s3: saddr:16783984: daddr:100932208: srtt_us:13989382: RTT:1748672: ssthresh:2147483647: cwnd:10: delivered:4: lost:1: retrans:0
[  175.140532] AAAAA-TCP_SEND: name:enp0s3: saddr:100932208: daddr:16783984: srtt_us:13989382: RTT:1748672: ssthresh:2147483647: cwnd:10: delivered:4: lost:1: retrans:0
[  175.292045] AAAAA-TCP_RECV: name:enp0s3: saddr:16783984: daddr:100932208: srtt_us:13989382: RTT:1748672: ssthresh:2147483647: cwnd:10: delivered:4: lost:1: retrans:0
[  175.292060] AAAAA-TCP_SEND: name:enp0s3: saddr:100932208: daddr:16783984: srtt_us:13989382: RTT:1748672: ssthresh:2147483647: cwnd:10: delivered:4: lost:1: retrans:0
[  175.292170] AAAAA-TCP_SEND: name:enp0s3: saddr:100932208: daddr:16783984: srtt_us:4944471: RTT:618058: ssthresh:2147483647: cwnd:10: delivered:2: lost:0: retrans:0
[  175.292191] AAAAA-TCP_SEND: name:enp0s3: saddr:100932208: daddr:16783984: srtt_us:4944471: RTT:618058: ssthresh:2147483647: cwnd:10: delivered:2: lost:0: retrans:0
[  175.292253] AAAAA-TCP_SEND: name:enp0s3: saddr:100932208: daddr:16783984: srtt_us:4944471: RTT:618058: ssthresh:2147483647: cwnd:10: delivered:2: lost:0: retrans:0
[  175.292270] AAAAA-TCP_SEND: name:enp0s3: saddr:100932208: daddr:16783984: srtt_us:4944471: RTT:618058: ssthresh:2147483647: cwnd:10: delivered:2: lost:0: retrans:0
[  175.292369] AAAAA-TCP_SEND: name:enp0s3: saddr:100932208: daddr:16783984: srtt_us:4944471: RTT:618058: ssthresh:2147483647: cwnd:10: delivered:2: lost:0: retrans:0
[  175.292437] AAAAA-TCP_SEND: name:enp0s3: saddr:100932208: daddr:16783984: srtt_us:4944471: RTT:618058: ssthresh:2147483647: cwnd:10: delivered:2: lost:0: retrans:0
[  175.292453] AAAAA-TCP_SEND: name:enp0s3: saddr:100932208: daddr:16783984: srtt_us:4944471: RTT:618058: ssthresh:2147483647: cwnd:10: delivered:2: lost:0: retrans:0
[  175.292518] AAAAA-TCP_SEND: name:enp0s3: saddr:100932208: daddr:16783984: srtt_us:4944471: RTT:618058: ssthresh:2147483647: cwnd:10: delivered:2: lost:0: retrans:0
[  175.292534] AAAAA-TCP_SEND: name:enp0s3: saddr:100932208: daddr:16783984: srtt_us:4944471: RTT:618058: ssthresh:2147483647: cwnd:10: delivered:2: lost:0: retrans:0
[  175.292591] AAAAA-TCP_SEND: name:enp0s3: saddr:100932208: daddr:16783984: srtt_us:4944471: RTT:618058: ssthresh:2147483647: cwnd:10: delivered:2: lost:0: retrans:0
[  175.851425] AAAAA-TCP_RECV: name:enp0s3: saddr:33561200: daddr:100932208: srtt_us:6184656: RTT:773082: ssthresh:2147483647: cwnd:10: delivered:1: lost:0: retrans:0
[  175.851457] AAAAA-TCP_SEND: name:enp0s3: saddr:100932208: daddr:33561200: srtt_us:6184656: RTT:773082: ssthresh:2147483647: cwnd:10: delivered:1: lost:0: retrans:0
[  176.302892] AAAAA-TCP_RECV: name:enp0s3: saddr:33561200: daddr:100932208: srtt_us:6184656: RTT:773082: ssthresh:2147483647: cwnd:10: delivered:1: lost:0: retrans:0
[  176.302946] AAAAA-TCP_SEND: name:enp0s3: saddr:100932208: daddr:33561200: srtt_us:6184656: RTT:773082: ssthresh:2147483647: cwnd:10: delivered:1: lost:0: retrans:0
[  176.302972] AAAAA-TCP_SEND: name:enp0s3: saddr:100932208: daddr:33561200: srtt_us:6184656: RTT:773082: ssthresh:2147483647: cwnd:10: delivered:1: lost:0: retrans:0
[  176.304252] AAAAA-TCP_SEND: name:enp0s3: saddr:100932208: daddr:33561200: srtt_us:6184656: RTT:773082: ssthresh:2147483647: cwnd:10: delivered:1: lost:0: retrans:0
[  176.304274] AAAAA-TCP_SEND: name:enp0s3: saddr:100932208: daddr:33561200: srtt_us:6184656: RTT:773082: ssthresh:2147483647: cwnd:10: delivered:1: lost:0: retrans:0
[  176.304371] AAAAA-TCP_SEND: name:enp0s3: saddr:100932208: daddr:33561200: srtt_us:6184656: RTT:773082: ssthresh:2147483647: cwnd:10: delivered:1: lost:0: retrans:0
[  176.304384] AAAAA-TCP_SEND: name:enp0s3: saddr:100932208: daddr:33561200: srtt_us:6184656: RTT:773082: ssthresh:2147483647: cwnd:10: delivered:1: lost:0: retrans:0
[  176.304466] AAAAA-TCP_SEND: name:enp0s3: saddr:100932208: daddr:33561200: srtt_us:6184656: RTT:773082: ssthresh:2147483647: cwnd:10: delivered:1: lost:0: retrans:0
[  176.304480] AAAAA-TCP_SEND: name:enp0s3: saddr:100932208: daddr:33561200: srtt_us:6184656: RTT:773082: ssthresh:2147483647: cwnd:10: delivered:1: lost:0: retrans:0
[  176.304572] AAAAA-TCP_SEND: name:enp0s3: saddr:100932208: daddr:33561200: srtt_us:6184656: RTT:773082: ssthresh:2147483647: cwnd:10: delivered:1: lost:0: retrans:0
[  176.304585] AAAAA-TCP_SEND: name:enp0s3: saddr:100932208: daddr:33561200: srtt_us:6184656: RTT:773082: ssthresh:2147483647: cwnd:10: delivered:1: lost:0: retrans:0
[  176.403628] AAAAA-TCP_RECV: name:enp0s3: saddr:16783984: daddr:100932208: srtt_us:13989382: RTT:1748672: ssthresh:2147483647: cwnd:10: delivered:4: lost:1: retrans:0
[  176.403650] AAAAA-TCP_SEND: name:enp0s3: saddr:100932208: daddr:16783984: srtt_us:13989382: RTT:1748672: ssthresh:2147483647: cwnd:10: delivered:4: lost:1: retrans:0
[  176.559051] AAAAA-TCP_SEND: name:enp0s3: saddr:100932208: daddr:16783984: srtt_us:4944471: RTT:618058: ssthresh:2147483647: cwnd:10: delivered:2: lost:0: retrans:1
[  176.611634] AAAAA-TCP_RECV: name:enp0s3: saddr:16783984: daddr:100932208: srtt_us:4944471: RTT:618058: ssthresh:2147483647: cwnd:10: delivered:2: lost:0: retrans:1
[  176.611683] AAAAA-TCP_SEND: name:enp0s3: saddr:100932208: daddr:16783984: srtt_us:5645898: RTT:705737: ssthresh:2147483647: cwnd:11: delivered:3: lost:0: retrans:1
[  176.611707] AAAAA-TCP_SEND: name:enp0s3: saddr:100932208: daddr:16783984: srtt_us:5645898: RTT:705737: ssthresh:2147483647: cwnd:11: delivered:3: lost:0: retrans:1
[  176.817678] AAAAA-TCP_RECV: name:enp0s3: saddr:16783984: daddr:100932208: srtt_us:5645898: RTT:705737: ssthresh:2147483647: cwnd:11: delivered:3: lost:0: retrans:1
[  176.897728] AAAAA-TCP_RECV: name:enp0s3: saddr:16783984: daddr:100932208: srtt_us:6465662: RTT:808207: ssthresh:2147483647: cwnd:12: delivered:4: lost:0: retrans:1
[  176.897762] AAAAA-TCP_SEND: name:enp0s3: saddr:100932208: daddr:16783984: srtt_us:6465662: RTT:808207: ssthresh:2147483647: cwnd:12: delivered:4: lost:0: retrans:1
[  176.897786] AAAAA-TCP_SEND: name:enp0s3: saddr:100932208: daddr:16783984: srtt_us:6465662: RTT:808207: ssthresh:2147483647: cwnd:12: delivered:4: lost:0: retrans:1
[  176.898489] AAAAA-TCP_SEND: name:enp0s3: saddr:100932208: daddr:16783984: srtt_us:7262959: RTT:907869: ssthresh:2147483647: cwnd:13: delivered:5: lost:0: retrans:1
[  176.898509] AAAAA-TCP_SEND: name:enp0s3: saddr:100932208: daddr:16783984: srtt_us:7262959: RTT:907869: ssthresh:2147483647: cwnd:13: delivered:5: lost:0: retrans:1
[  177.024091] AAAAA-TCP_RECV: name:enp0s3: saddr:16783984: daddr:100932208: srtt_us:7262959: RTT:907869: ssthresh:2147483647: cwnd:13: delivered:5: lost:0: retrans:1
[  177.144398] AAAAA-TCP_RECV: name:enp0s3: saddr:16783984: daddr:100932208: srtt_us:8086926: RTT:1010865: ssthresh:2147483647: cwnd:14: delivered:6: lost:0: retrans:1
[  177.144425] AAAAA-TCP_SEND: name:enp0s3: saddr:100932208: daddr:16783984: srtt_us:8086926: RTT:1010865: ssthresh:2147483647: cwnd:14: delivered:6: lost:0: retrans:1
[  177.144458] AAAAA-TCP_SEND: name:enp0s3: saddr:100932208: daddr:16783984: srtt_us:8928114: RTT:1116014: ssthresh:2147483647: cwnd:15: delivered:7: lost:0: retrans:1
[  177.145113] AAAAA-TCP_SEND: name:enp0s3: saddr:100932208: daddr:16783984: srtt_us:8928114: RTT:1116014: ssthresh:2147483647: cwnd:15: delivered:7: lost:0: retrans:1
[  177.145137] AAAAA-TCP_SEND: name:enp0s3: saddr:100932208: daddr:16783984: srtt_us:8928114: RTT:1116014: ssthresh:2147483647: cwnd:15: delivered:7: lost:0: retrans:1
[  177.259469] AAAAA-TCP_RECV: name:enp0s3: saddr:16783984: daddr:100932208: srtt_us:8928114: RTT:1116014: ssthresh:2147483647: cwnd:15: delivered:7: lost:0: retrans:1
[  177.259495] AAAAA-TCP_SEND: name:enp0s3: saddr:100932208: daddr:16783984: srtt_us:9779135: RTT:1222391: ssthresh:2147483647: cwnd:16: delivered:8: lost:0: retrans:1
[  177.259513] AAAAA-TCP_SEND: name:enp0s3: saddr:100932208: daddr:16783984: srtt_us:9779135: RTT:1222391: ssthresh:2147483647: cwnd:16: delivered:8: lost:0: retrans:1
[  177.414187] AAAAA-TCP_RECV: name:enp0s3: saddr:16783984: daddr:100932208: srtt_us:9779135: RTT:1222391: ssthresh:2147483647: cwnd:16: delivered:8: lost:0: retrans:1
[  177.414210] AAAAA-TCP_SEND: name:enp0s3: saddr:100932208: daddr:16783984: srtt_us:10678481: RTT:1334810: ssthresh:2147483647: cwnd:17: delivered:9: lost:0: retrans:1
[  177.414228] AAAAA-TCP_SEND: name:enp0s3: saddr:100932208: daddr:16783984: srtt_us:10678481: RTT:1334810: ssthresh:2147483647: cwnd:17: delivered:9: lost:0: retrans:1
[  177.543793] AAAAA-TCP_RECV: name:enp0s3: saddr:16783984: daddr:100932208: srtt_us:10678481: RTT:1334810: ssthresh:2147483647: cwnd:17: delivered:9: lost:0: retrans:1
[  177.543834] AAAAA-TCP_SEND: name:enp0s3: saddr:100932208: daddr:16783984: srtt_us:11594963: RTT:1449370: ssthresh:2147483647: cwnd:18: delivered:10: lost:0: retrans:1
[  177.543858] AAAAA-TCP_SEND: name:enp0s3: saddr:100932208: daddr:16783984: srtt_us:11594963: RTT:1449370: ssthresh:2147483647: cwnd:18: delivered:10: lost:0: retrans:1
[  177.642107] AAAAA-TCP_RECV: name:enp0s3: saddr:16783984: daddr:100932208: srtt_us:11594963: RTT:1449370: ssthresh:2147483647: cwnd:18: delivered:10: lost:0: retrans:1
[  177.642162] AAAAA-TCP_SEND: name:enp0s3: saddr:100932208: daddr:16783984: srtt_us:12495187: RTT:1561898: ssthresh:2147483647: cwnd:19: delivered:11: lost:0: retrans:1
[  177.642202] AAAAA-TCP_SEND: name:enp0s3: saddr:100932208: daddr:16783984: srtt_us:12495187: RTT:1561898: ssthresh:2147483647: cwnd:19: delivered:11: lost:0: retrans:1
[  177.871051] AAAAA-TCP_SEND: name:enp0s3: saddr:100932208: daddr:33561200: srtt_us:6184656: RTT:773082: ssthresh:2147483647: cwnd:10: delivered:1: lost:0: retrans:1
[  177.902249] AAAAA-TCP_RECV: name:enp0s3: saddr:16783984: daddr:100932208: srtt_us:12495187: RTT:1561898: ssthresh:2147483647: cwnd:19: delivered:11: lost:0: retrans:1
[  178.028146] AAAAA-TCP_RECV: name:enp0s3: saddr:33561200: daddr:100932208: srtt_us:6184656: RTT:773082: ssthresh:2147483647: cwnd:10: delivered:1: lost:0: retrans:1
[  178.250183] AAAAA-TCP_RECV: name:enp0s3: saddr:33561200: daddr:100932208: srtt_us:6184656: RTT:773082: ssthresh:2147483647: cwnd:10: delivered:1: lost:0: retrans:1
[  178.250287] AAAAA-TCP_SEND: name:enp0s3: saddr:100932208: daddr:33561200: srtt_us:7358861: RTT:919857: ssthresh:2147483647: cwnd:11: delivered:2: lost:0: retrans:1
[  178.250354] AAAAA-TCP_SEND: name:enp0s3: saddr:100932208: daddr:33561200: srtt_us:7358861: RTT:919857: ssthresh:2147483647: cwnd:11: delivered:2: lost:0: retrans:1
[  178.441358] AAAAA-TCP_RECV: name:enp0s3: saddr:33561200: daddr:100932208: srtt_us:7358861: RTT:919857: ssthresh:2147483647: cwnd:11: delivered:2: lost:0: retrans:1
[  178.441400] AAAAA-TCP_SEND: name:enp0s3: saddr:100932208: daddr:16783984: srtt_us:13543289: RTT:1692911: ssthresh:2147483647: cwnd:20: delivered:12: lost:0: retrans:1
[  178.441440] AAAAA-TCP_SEND: name:enp0s3: saddr:100932208: daddr:33561200: srtt_us:8577443: RTT:1072180: ssthresh:2147483647: cwnd:12: delivered:3: lost:0: retrans:1
[  178.441462] AAAAA-TCP_SEND: name:enp0s3: saddr:100932208: daddr:33561200: srtt_us:8577443: RTT:1072180: ssthresh:2147483647: cwnd:12: delivered:3: lost:0: retrans:1
[  178.602861] AAAAA-TCP_RECV: name:enp0s3: saddr:33561200: daddr:100932208: srtt_us:8577443: RTT:1072180: ssthresh:2147483647: cwnd:12: delivered:3: lost:0: retrans:1
[  178.602965] AAAAA-TCP_SEND: name:enp0s3: saddr:100932208: daddr:33561200: srtt_us:9803917: RTT:1225489: ssthresh:2147483647: cwnd:13: delivered:4: lost:0: retrans:1
[  178.603025] AAAAA-TCP_SEND: name:enp0s3: saddr:100932208: daddr:33561200: srtt_us:9803917: RTT:1225489: ssthresh:2147483647: cwnd:13: delivered:4: lost:0: retrans:1
[  178.603072] AAAAA-TCP_SEND: name:enp0s3: saddr:100932208: daddr:16783984: srtt_us:13543289: RTT:1692911: ssthresh:2147483647: cwnd:20: delivered:12: lost:0: retrans:1
[  178.738809] AAAAA-TCP_RECV: name:enp0s3: saddr:33561200: daddr:100932208: srtt_us:9803917: RTT:1225489: ssthresh:2147483647: cwnd:13: delivered:4: lost:0: retrans:1
[  178.738868] AAAAA-TCP_SEND: name:enp0s3: saddr:100932208: daddr:33561200: srtt_us:11012995: RTT:1376624: ssthresh:2147483647: cwnd:14: delivered:5: lost:0: retrans:1
[  178.738916] AAAAA-TCP_SEND: name:enp0s3: saddr:100932208: daddr:33561200: srtt_us:11012995: RTT:1376624: ssthresh:2147483647: cwnd:14: delivered:5: lost:0: retrans:1
[  178.824321] AAAAA-TCP_RECV: name:enp0s3: saddr:33561200: daddr:100932208: srtt_us:11012995: RTT:1376624: ssthresh:2147483647: cwnd:14: delivered:5: lost:0: retrans:1
[  178.824379] AAAAA-TCP_SEND: name:enp0s3: saddr:100932208: daddr:33561200: srtt_us:12156347: RTT:1519543: ssthresh:2147483647: cwnd:15: delivered:6: lost:0: retrans:1
[  178.824447] AAAAA-TCP_SEND: name:enp0s3: saddr:100932208: daddr:33561200: srtt_us:12156347: RTT:1519543: ssthresh:2147483647: cwnd:15: delivered:6: lost:0: retrans:1
[  178.979304] AAAAA-TCP_RECV: name:enp0s3: saddr:33561200: daddr:100932208: srtt_us:12156347: RTT:1519543: ssthresh:2147483647: cwnd:15: delivered:6: lost:0: retrans:1
[  178.979360] AAAAA-TCP_SEND: name:enp0s3: saddr:100932208: daddr:33561200: srtt_us:13311762: RTT:1663970: ssthresh:2147483647: cwnd:16: delivered:7: lost:0: retrans:1
[  178.979412] AAAAA-TCP_SEND: name:enp0s3: saddr:100932208: daddr:33561200: srtt_us:13311762: RTT:1663970: ssthresh:2147483647: cwnd:16: delivered:7: lost:0: retrans:1
[  179.225295] AAAAA-TCP_RECV: name:enp0s3: saddr:33561200: daddr:100932208: srtt_us:13311762: RTT:1663970: ssthresh:2147483647: cwnd:16: delivered:7: lost:0: retrans:1
[  179.225349] AAAAA-TCP_SEND: name:enp0s3: saddr:100932208: daddr:33561200: srtt_us:14568645: RTT:1821080: ssthresh:2147483647: cwnd:17: delivered:8: lost:0: retrans:1
[  179.387437] AAAAA-TCP_RECV: name:enp0s3: saddr:33561200: daddr:100932208: srtt_us:14568645: RTT:1821080: ssthresh:2147483647: cwnd:17: delivered:8: lost:0: retrans:1
[  179.387471] AAAAA-TCP_SEND: name:enp0s3: saddr:100932208: daddr:33561200: srtt_us:15830541: RTT:1978817: ssthresh:2147483647: cwnd:18: delivered:9: lost:0: retrans:1
[  179.387491] AAAAA-TCP_SEND: name:enp0s3: saddr:100932208: daddr:33561200: srtt_us:15830541: RTT:1978817: ssthresh:2147483647: cwnd:18: delivered:9: lost:0: retrans:1
[  179.458967] AAAAA-TCP_RECV: name:enp0s3: saddr:33561200: daddr:100932208: srtt_us:15830541: RTT:1978817: ssthresh:2147483647: cwnd:18: delivered:9: lost:0: retrans:1
[  179.459005] AAAAA-TCP_SEND: name:enp0s3: saddr:100932208: daddr:33561200: srtt_us:15830541: RTT:1978817: ssthresh:2147483647: cwnd:18: delivered:9: lost:0: retrans:1
[  179.459042] AAAAA-TCP_SEND: name:enp0s3: saddr:100932208: daddr:33561200: srtt_us:17006153: RTT:2125769: ssthresh:2147483647: cwnd:19: delivered:10: lost:0: retrans:1
[  179.460103] AAAAA-TCP_SEND: name:enp0s3: saddr:100932208: daddr:33561200: srtt_us:17006153: RTT:2125769: ssthresh:2147483647: cwnd:19: delivered:10: lost:0: retrans:1
[  179.813352] AAAAA-TCP_RECV: name:enp0s3: saddr:33561200: daddr:100932208: srtt_us:17006153: RTT:2125769: ssthresh:2147483647: cwnd:19: delivered:10: lost:0: retrans:1
[  179.813429] AAAAA-TCP_SEND: name:enp0s3: saddr:100932208: daddr:33561200: srtt_us:18389384: RTT:2298673: ssthresh:2147483647: cwnd:20: delivered:11: lost:0: retrans:1
[  179.942829] AAAAA-TCP_RECV: name:enp0s3: saddr:16783984: daddr:100932208: srtt_us:13543289: RTT:1692911: ssthresh:2147483647: cwnd:20: delivered:12: lost:0: retrans:1
[  179.942870] AAAAA-TCP_SEND: name:enp0s3: saddr:100932208: daddr:33561200: srtt_us:18389384: RTT:2298673: ssthresh:2147483647: cwnd:20: delivered:11: lost:0: retrans:1
[  180.062743] AAAAA-TCP_RECV: name:enp0s3: saddr:16783984: daddr:100932208: srtt_us:13543289: RTT:1692911: ssthresh:2147483647: cwnd:20: delivered:13: lost:0: retrans:1
[  180.062794] AAAAA-TCP_SEND: name:enp0s3: saddr:100932208: daddr:16783984: srtt_us:15301461: RTT:1912682: ssthresh:2147483647: cwnd:21: delivered:14: lost:0: retrans:1
[  180.062820] AAAAA-TCP_SEND: name:enp0s3: saddr:100932208: daddr:16783984: srtt_us:15301461: RTT:1912682: ssthresh:2147483647: cwnd:21: delivered:14: lost:0: retrans:1
[  180.202734] AAAAA-TCP_RECV: name:enp0s3: saddr:16783984: daddr:100932208: srtt_us:15301461: RTT:1912682: ssthresh:2147483647: cwnd:21: delivered:14: lost:0: retrans:1
[  180.202782] AAAAA-TCP_SEND: name:enp0s3: saddr:100932208: daddr:16783984: srtt_us:16979853: RTT:2122481: ssthresh:2147483647: cwnd:22: delivered:15: lost:0: retrans:1
[  180.202807] AAAAA-TCP_SEND: name:enp0s3: saddr:100932208: daddr:16783984: srtt_us:16979853: RTT:2122481: ssthresh:2147483647: cwnd:22: delivered:15: lost:0: retrans:1
[  180.288716] AAAAA-TCP_RECV: name:enp0s3: saddr:16783984: daddr:100932208: srtt_us:16979853: RTT:2122481: ssthresh:2147483647: cwnd:22: delivered:15: lost:0: retrans:1
[  180.288759] AAAAA-TCP_SEND: name:enp0s3: saddr:100932208: daddr:16783984: srtt_us:18248349: RTT:2281043: ssthresh:2147483647: cwnd:23: delivered:16: lost:0: retrans:1
[  180.288800] AAAAA-TCP_SEND: name:enp0s3: saddr:100932208: daddr:16783984: srtt_us:18248349: RTT:2281043: ssthresh:2147483647: cwnd:23: delivered:16: lost:0: retrans:1
[  180.361619] AAAAA-TCP_RECV: name:enp0s3: saddr:16783984: daddr:100932208: srtt_us:18248349: RTT:2281043: ssthresh:2147483647: cwnd:23: delivered:16: lost:0: retrans:1
[  180.514369] AAAAA-TCP_RECV: name:enp0s3: saddr:16783984: daddr:100932208: srtt_us:19431186: RTT:2428898: ssthresh:2147483647: cwnd:24: delivered:17: lost:0: retrans:1
[  180.514406] AAAAA-TCP_SEND: name:enp0s3: saddr:100932208: daddr:16783984: srtt_us:19431186: RTT:2428898: ssthresh:2147483647: cwnd:24: delivered:17: lost:0: retrans:1
[  180.514430] AAAAA-TCP_SEND: name:enp0s3: saddr:100932208: daddr:16783984: srtt_us:19431186: RTT:2428898: ssthresh:2147483647: cwnd:24: delivered:17: lost:0: retrans:1
[  180.515590] AAAAA-TCP_SEND: name:enp0s3: saddr:100932208: daddr:16783984: srtt_us:20618204: RTT:2577275: ssthresh:24: cwnd:24: delivered:18: lost:0: retrans:1
[  180.859426] AAAAA-TCP_RECV: name:enp0s3: saddr:16783984: daddr:100932208: srtt_us:20618204: RTT:2577275: ssthresh:24: cwnd:24: delivered:18: lost:0: retrans:1
[  180.859474] AAAAA-TCP_SEND: name:enp0s3: saddr:100932208: daddr:16783984: srtt_us:22001890: RTT:2750236: ssthresh:24: cwnd:24: delivered:19: lost:0: retrans:1
[  180.900184] AAAAA-TCP_RECV: name:enp0s3: saddr:16783984: daddr:100932208: srtt_us:22001890: RTT:2750236: ssthresh:24: cwnd:24: delivered:19: lost:0: retrans:1
[  180.900225] AAAAA-TCP_SEND: name:enp0s3: saddr:100932208: daddr:16783984: srtt_us:23007433: RTT:2875929: ssthresh:24: cwnd:24: delivered:20: lost:0: retrans:1
[  180.999185] AAAAA-TCP_RECV: name:enp0s3: saddr:16783984: daddr:100932208: srtt_us:23007433: RTT:2875929: ssthresh:24: cwnd:24: delivered:20: lost:0: retrans:1
[  180.999227] AAAAA-TCP_SEND: name:enp0s3: saddr:100932208: daddr:16783984: srtt_us:23986249: RTT:2998281: ssthresh:24: cwnd:24: delivered:21: lost:0: retrans:1
[  181.064913] AAAAA-TCP_RECV: name:enp0s3: saddr:16783984: daddr:100932208: srtt_us:23986249: RTT:2998281: ssthresh:24: cwnd:24: delivered:21: lost:0: retrans:1
[  181.064950] AAAAA-TCP_SEND: name:enp0s3: saddr:100932208: daddr:16783984: srtt_us:24907787: RTT:3113473: ssthresh:24: cwnd:24: delivered:22: lost:0: retrans:1
[  181.162580] AAAAA-TCP_RECV: name:enp0s3: saddr:16783984: daddr:100932208: srtt_us:24907787: RTT:3113473: ssthresh:24: cwnd:24: delivered:22: lost:0: retrans:1
[  181.162618] AAAAA-TCP_SEND: name:enp0s3: saddr:100932208: daddr:16783984: srtt_us:25811774: RTT:3226471: ssthresh:24: cwnd:24: delivered:23: lost:0: retrans:1
[  181.237281] AAAAA-TCP_RECV: name:enp0s3: saddr:16783984: daddr:100932208: srtt_us:25811774: RTT:3226471: ssthresh:24: cwnd:24: delivered:23: lost:0: retrans:1
[  181.237322] AAAAA-TCP_SEND: name:enp0s3: saddr:100932208: daddr:16783984: srtt_us:26563111: RTT:3320388: ssthresh:24: cwnd:24: delivered:24: lost:0: retrans:1
[  181.414808] AAAAA-TCP_RECV: name:enp0s3: saddr:16783984: daddr:100932208: srtt_us:26563111: RTT:3320388: ssthresh:24: cwnd:24: delivered:24: lost:0: retrans:1
[  181.610857] AAAAA-TCP_RECV: name:enp0s3: saddr:16783984: daddr:100932208: srtt_us:27398062: RTT:3424757: ssthresh:24: cwnd:25: delivered:25: lost:0: retrans:1
[  181.610903] AAAAA-TCP_SEND: name:enp0s3: saddr:100932208: daddr:16783984: srtt_us:27398062: RTT:3424757: ssthresh:24: cwnd:25: delivered:25: lost:0: retrans:1
[  181.610944] AAAAA-TCP_SEND: name:enp0s3: saddr:100932208: daddr:16783984: srtt_us:28169995: RTT:3521249: ssthresh:24: cwnd:25: delivered:26: lost:0: retrans:1
[  181.612199] AAAAA-TCP_SEND: name:enp0s3: saddr:100932208: daddr:16783984: srtt_us:28169995: RTT:3521249: ssthresh:24: cwnd:25: delivered:26: lost:0: retrans:1
[  181.830317] AAAAA-TCP_RECV: name:enp0s3: saddr:16783984: daddr:100932208: srtt_us:28169995: RTT:3521249: ssthresh:24: cwnd:25: delivered:26: lost:0: retrans:1
[  181.938602] AAAAA-TCP_RECV: name:enp0s3: saddr:16783984: daddr:100932208: srtt_us:29064873: RTT:3633109: ssthresh:24: cwnd:25: delivered:27: lost:0: retrans:1
[  181.938629] AAAAA-TCP_SEND: name:enp0s3: saddr:100932208: daddr:16783984: srtt_us:29064873: RTT:3633109: ssthresh:24: cwnd:25: delivered:27: lost:0: retrans:1
[  181.981296] AAAAA-TCP_RECV: name:enp0s3: saddr:16783984: daddr:100932208: srtt_us:29826557: RTT:3728319: ssthresh:24: cwnd:25: delivered:28: lost:0: retrans:1
[  181.981333] AAAAA-TCP_SEND: name:enp0s3: saddr:100932208: daddr:16783984: srtt_us:30535722: RTT:3816965: ssthresh:24: cwnd:26: delivered:29: lost:0: retrans:1
[  181.981358] AAAAA-TCP_SEND: name:enp0s3: saddr:100932208: daddr:16783984: srtt_us:30535722: RTT:3816965: ssthresh:24: cwnd:26: delivered:29: lost:0: retrans:1
[  182.148948] AAAAA-TCP_RECV: name:enp0s3: saddr:16783984: daddr:100932208: srtt_us:30535722: RTT:3816965: ssthresh:24: cwnd:26: delivered:29: lost:0: retrans:1
[  182.148976] AAAAA-TCP_SEND: name:enp0s3: saddr:100932208: daddr:16783984: srtt_us:30535722: RTT:3816965: ssthresh:24: cwnd:26: delivered:29: lost:0: retrans:1
[  182.240444] AAAAA-TCP_RECV: name:enp0s3: saddr:16783984: daddr:100932208: srtt_us:31225571: RTT:3903196: ssthresh:24: cwnd:26: delivered:30: lost:0: retrans:1
[  182.240511] AAAAA-TCP_SEND: name:enp0s3: saddr:100932208: daddr:16783984: srtt_us:31920700: RTT:3990087: ssthresh:24: cwnd:26: delivered:31: lost:0: retrans:1
[  184.540139] AAAAA-TCP_RECV: name:enp0s3: saddr:33561200: daddr:100932208: srtt_us:18389384: RTT:2298673: ssthresh:2147483647: cwnd:20: delivered:11: lost:0: retrans:1
[  184.540169] AAAAA-TCP_SEND: name:enp0s3: saddr:100932208: daddr:16783984: srtt_us:31920700: RTT:3990087: ssthresh:24: cwnd:26: delivered:31: lost:0: retrans:1
[  184.858140] AAAAA-TCP_RECV: name:enp0s3: saddr:33561200: daddr:100932208: srtt_us:22380582: RTT:2797572: ssthresh:14: cwnd:15: delivered:14: lost:0: retrans:1
[  185.174342] AAAAA-TCP_RECV: name:enp0s3: saddr:33561200: daddr:100932208: srtt_us:25999732: RTT:3249966: ssthresh:14: cwnd:15: delivered:15: lost:0: retrans:1
[  185.174393] AAAAA-TCP_SEND: name:enp0s3: saddr:100932208: daddr:33561200: srtt_us:29321177: RTT:3665147: ssthresh:14: cwnd:16: delivered:16: lost:0: retrans:1
[  185.280597] AAAAA-TCP_RECV: name:enp0s3: saddr:16783984: daddr:100932208: srtt_us:31920700: RTT:3990087: ssthresh:24: cwnd:26: delivered:31: lost:0: retrans:1
[  185.362782] AAAAA-TCP_RECV: name:enp0s3: saddr:16783984: daddr:100932208: srtt_us:34769834: RTT:4346229: ssthresh:24: cwnd:31: delivered:39: lost:0: retrans:1
[  185.362821] AAAAA-TCP_SEND: name:enp0s3: saddr:100932208: daddr:16783984: srtt_us:34769834: RTT:4346229: ssthresh:24: cwnd:31: delivered:39: lost:0: retrans:1
[  185.362849] AAAAA-TCP_SEND: name:enp0s3: saddr:100932208: daddr:16783984: srtt_us:34769834: RTT:4346229: ssthresh:24: cwnd:31: delivered:39: lost:0: retrans:1
[  185.363759] AAAAA-TCP_SEND: name:enp0s3: saddr:100932208: daddr:16783984: srtt_us:35272017: RTT:4409002: ssthresh:24: cwnd:31: delivered:40: lost:0: retrans:1
[  185.560439] AAAAA-TCP_RECV: name:enp0s3: saddr:33561200: daddr:100932208: srtt_us:29321177: RTT:3665147: ssthresh:14: cwnd:16: delivered:16: lost:0: retrans:1
[  185.560485] AAAAA-TCP_SEND: name:enp0s3: saddr:100932208: daddr:33561200: srtt_us:32613522: RTT:4076690: ssthresh:14: cwnd:16: delivered:17: lost:0: retrans:1
[  185.560508] AAAAA-TCP_SEND: name:enp0s3: saddr:100932208: daddr:16783984: srtt_us:35272017: RTT:4409002: ssthresh:24: cwnd:31: delivered:40: lost:0: retrans:1
[  185.560524] AAAAA-TCP_SEND: name:enp0s3: saddr:100932208: daddr:16783984: srtt_us:35272017: RTT:4409002: ssthresh:24: cwnd:31: delivered:40: lost:0: retrans:1
[  185.560649] AAAAA-TCP_SEND: name:enp0s3: saddr:100932208: daddr:16783984: srtt_us:35272017: RTT:4409002: ssthresh:24: cwnd:31: delivered:40: lost:0: retrans:1
[  185.560665] AAAAA-TCP_SEND: name:enp0s3: saddr:100932208: daddr:16783984: srtt_us:35272017: RTT:4409002: ssthresh:24: cwnd:31: delivered:40: lost:0: retrans:1
[  185.560764] AAAAA-TCP_SEND: name:enp0s3: saddr:100932208: daddr:16783984: srtt_us:35272017: RTT:4409002: ssthresh:24: cwnd:31: delivered:40: lost:0: retrans:1
[  185.560779] AAAAA-TCP_SEND: name:enp0s3: saddr:100932208: daddr:16783984: srtt_us:35272017: RTT:4409002: ssthresh:24: cwnd:31: delivered:40: lost:0: retrans:1
[  185.560866] AAAAA-TCP_SEND: name:enp0s3: saddr:100932208: daddr:16783984: srtt_us:35272017: RTT:4409002: ssthresh:24: cwnd:31: delivered:40: lost:0: retrans:1
[  185.560880] AAAAA-TCP_SEND: name:enp0s3: saddr:100932208: daddr:16783984: srtt_us:35272017: RTT:4409002: ssthresh:24: cwnd:31: delivered:40: lost:0: retrans:1
[  185.560968] AAAAA-TCP_SEND: name:enp0s3: saddr:100932208: daddr:16783984: srtt_us:35272017: RTT:4409002: ssthresh:24: cwnd:31: delivered:40: lost:0: retrans:1
[  185.560983] AAAAA-TCP_SEND: name:enp0s3: saddr:100932208: daddr:16783984: srtt_us:35272017: RTT:4409002: ssthresh:24: cwnd:31: delivered:40: lost:0: retrans:1
[  185.561072] AAAAA-TCP_SEND: name:enp0s3: saddr:100932208: daddr:16783984: srtt_us:35272017: RTT:4409002: ssthresh:24: cwnd:31: delivered:40: lost:0: retrans:1
[  185.609578] AAAAA-TCP_RECV: name:enp0s3: saddr:16783984: daddr:100932208: srtt_us:35272017: RTT:4409002: ssthresh:24: cwnd:31: delivered:40: lost:0: retrans:1
[  185.609639] AAAAA-TCP_SEND: name:enp0s3: saddr:100932208: daddr:16783984: srtt_us:35958196: RTT:4494774: ssthresh:24: cwnd:32: delivered:41: lost:0: retrans:1
[  185.609687] AAAAA-TCP_SEND: name:enp0s3: saddr:100932208: daddr:16783984: srtt_us:35958196: RTT:4494774: ssthresh:24: cwnd:32: delivered:41: lost:0: retrans:1
[  185.844042] AAAAA-TCP_RECV: name:enp0s3: saddr:16783984: daddr:100932208: srtt_us:35958196: RTT:4494774: ssthresh:24: cwnd:32: delivered:41: lost:0: retrans:1
[  185.940990] AAAAA-TCP_RECV: name:enp0s3: saddr:16783984: daddr:100932208: srtt_us:36791898: RTT:4598987: ssthresh:24: cwnd:32: delivered:42: lost:0: retrans:1
[  185.941029] AAAAA-TCP_SEND: name:enp0s3: saddr:100932208: daddr:16783984: srtt_us:36791898: RTT:4598987: ssthresh:24: cwnd:32: delivered:42: lost:0: retrans:1
[  185.941066] AAAAA-TCP_SEND: name:enp0s3: saddr:100932208: daddr:16783984: srtt_us:37274464: RTT:4659308: ssthresh:24: cwnd:33: delivered:43: lost:0: retrans:1
[  185.941859] AAAAA-TCP_SEND: name:enp0s3: saddr:100932208: daddr:16783984: srtt_us:37274464: RTT:4659308: ssthresh:24: cwnd:33: delivered:43: lost:0: retrans:1
[  186.091450] AAAAA-TCP_RECV: name:enp0s3: saddr:16783984: daddr:100932208: srtt_us:37274464: RTT:4659308: ssthresh:24: cwnd:33: delivered:43: lost:0: retrans:1
[  186.091463] AAAAA-TCP_SEND: name:enp0s3: saddr:100932208: daddr:16783984: srtt_us:37274464: RTT:4659308: ssthresh:24: cwnd:33: delivered:43: lost:0: retrans:1
[  186.125952] AAAAA-TCP_RECV: name:enp0s3: saddr:16783984: daddr:100932208: srtt_us:37274464: RTT:4659308: ssthresh:24: cwnd:33: delivered:43: lost:0: retrans:1
[  186.125998] AAAAA-TCP_SEND: name:enp0s3: saddr:100932208: daddr:16783984: srtt_us:37840907: RTT:4730113: ssthresh:24: cwnd:33: delivered:44: lost:0: retrans:1
[  186.226852] AAAAA-TCP_RECV: name:enp0s3: saddr:16783984: daddr:100932208: srtt_us:37840907: RTT:4730113: ssthresh:24: cwnd:33: delivered:44: lost:0: retrans:1
[  186.304191] AAAAA-TCP_RECV: name:enp0s3: saddr:33561200: daddr:100932208: srtt_us:32613522: RTT:4076690: ssthresh:14: cwnd:16: delivered:17: lost:0: retrans:1
[  186.304234] AAAAA-TCP_SEND: name:enp0s3: saddr:100932208: daddr:33561200: srtt_us:36102187: RTT:4512773: ssthresh:14: cwnd:16: delivered:18: lost:0: retrans:1
[  186.577603] AAAAA-TCP_RECV: name:enp0s3: saddr:33561200: daddr:100932208: srtt_us:36102187: RTT:4512773: ssthresh:14: cwnd:16: delivered:18: lost:0: retrans:1
[  186.577656] AAAAA-TCP_SEND: name:enp0s3: saddr:100932208: daddr:33561200: srtt_us:39428181: RTT:4928522: ssthresh:14: cwnd:17: delivered:19: lost:0: retrans:1
[  186.577685] AAAAA-TCP_SEND: name:enp0s3: saddr:100932208: daddr:16783984: srtt_us:38338442: RTT:4792305: ssthresh:24: cwnd:34: delivered:45: lost:0: retrans:1
[  186.577744] AAAAA-TCP_SEND: name:enp0s3: saddr:100932208: daddr:16783984: srtt_us:38338442: RTT:4792305: ssthresh:24: cwnd:34: delivered:45: lost:0: retrans:1
[  186.732581] AAAAA-TCP_RECV: name:enp0s3: saddr:16783984: daddr:100932208: srtt_us:38338442: RTT:4792305: ssthresh:24: cwnd:34: delivered:45: lost:0: retrans:1
[  186.732623] AAAAA-TCP_SEND: name:enp0s3: saddr:100932208: daddr:33561200: srtt_us:39428181: RTT:4928522: ssthresh:14: cwnd:17: delivered:19: lost:0: retrans:1
[  186.732664] AAAAA-TCP_SEND: name:enp0s3: saddr:100932208: daddr:16783984: srtt_us:39213791: RTT:4901723: ssthresh:24: cwnd:34: delivered:46: lost:0: retrans:1
[  186.853419] AAAAA-TCP_RECV: name:enp0s3: saddr:16783984: daddr:100932208: srtt_us:39213791: RTT:4901723: ssthresh:24: cwnd:34: delivered:46: lost:0: retrans:1
[  186.853467] AAAAA-TCP_SEND: name:enp0s3: saddr:100932208: daddr:16783984: srtt_us:40002890: RTT:5000361: ssthresh:24: cwnd:35: delivered:47: lost:0: retrans:1
[  186.853493] AAAAA-TCP_SEND: name:enp0s3: saddr:100932208: daddr:16783984: srtt_us:40002890: RTT:5000361: ssthresh:24: cwnd:35: delivered:47: lost:0: retrans:1
[  186.888537] AAAAA-TCP_RECV: name:enp0s3: saddr:33561200: daddr:100932208: srtt_us:39428181: RTT:4928522: ssthresh:14: cwnd:17: delivered:19: lost:0: retrans:1
[  186.888569] AAAAA-TCP_SEND: name:enp0s3: saddr:100932208: daddr:33561200: srtt_us:42563839: RTT:5320479: ssthresh:14: cwnd:17: delivered:20: lost:0: retrans:1
[  186.919676] AAAAA-TCP_RECV: name:enp0s3: saddr:16783984: daddr:100932208: srtt_us:40002890: RTT:5000361: ssthresh:24: cwnd:35: delivered:47: lost:0: retrans:1
[  186.919711] AAAAA-TCP_SEND: name:enp0s3: saddr:100932208: daddr:16783984: srtt_us:40684905: RTT:5085613: ssthresh:24: cwnd:35: delivered:48: lost:0: retrans:1
[  186.973734] AAAAA-TCP_RECV: name:enp0s3: saddr:16783984: daddr:100932208: srtt_us:40684905: RTT:5085613: ssthresh:24: cwnd:35: delivered:48: lost:0: retrans:1
[  186.973770] AAAAA-TCP_SEND: name:enp0s3: saddr:100932208: daddr:16783984: srtt_us:40962146: RTT:5120268: ssthresh:24: cwnd:36: delivered:49: lost:0: retrans:1
[  186.973794] AAAAA-TCP_SEND: name:enp0s3: saddr:100932208: daddr:16783984: srtt_us:40962146: RTT:5120268: ssthresh:24: cwnd:36: delivered:49: lost:0: retrans:1
[  187.053955] AAAAA-TCP_RECV: name:enp0s3: saddr:33561200: daddr:100932208: srtt_us:42563839: RTT:5320479: ssthresh:14: cwnd:17: delivered:20: lost:0: retrans:1
[  187.053990] AAAAA-TCP_SEND: name:enp0s3: saddr:100932208: daddr:33561200: srtt_us:45472960: RTT:5684120: ssthresh:14: cwnd:18: delivered:21: lost:0: retrans:1
[  187.054014] AAAAA-TCP_SEND: name:enp0s3: saddr:100932208: daddr:33561200: srtt_us:45472960: RTT:5684120: ssthresh:14: cwnd:18: delivered:21: lost:0: retrans:1
[  187.126319] AAAAA-TCP_RECV: name:enp0s3: saddr:16783984: daddr:100932208: srtt_us:40962146: RTT:5120268: ssthresh:24: cwnd:36: delivered:49: lost:0: retrans:1
[  187.126358] AAAAA-TCP_SEND: name:enp0s3: saddr:100932208: daddr:16783984: srtt_us:41357271: RTT:5169658: ssthresh:24: cwnd:36: delivered:50: lost:0: retrans:1
[  187.198083] AAAAA-TCP_RECV: name:enp0s3: saddr:33561200: daddr:100932208: srtt_us:45472960: RTT:5684120: ssthresh:14: cwnd:18: delivered:21: lost:0: retrans:1
[  187.198117] AAAAA-TCP_SEND: name:enp0s3: saddr:100932208: daddr:33561200: srtt_us:48007586: RTT:6000948: ssthresh:14: cwnd:18: delivered:22: lost:0: retrans:1
[  187.259564] AAAAA-TCP_RECV: name:enp0s3: saddr:16783984: daddr:100932208: srtt_us:41357271: RTT:5169658: ssthresh:24: cwnd:36: delivered:50: lost:0: retrans:1
[  187.259598] AAAAA-TCP_SEND: name:enp0s3: saddr:100932208: daddr:16783984: srtt_us:41834997: RTT:5229374: ssthresh:24: cwnd:37: delivered:51: lost:0: retrans:1
[  187.259620] AAAAA-TCP_SEND: name:enp0s3: saddr:100932208: daddr:16783984: srtt_us:41834997: RTT:5229374: ssthresh:24: cwnd:37: delivered:51: lost:0: retrans:1
[  187.280651] AAAAA-TCP_RECV: name:enp0s3: saddr:33561200: daddr:100932208: srtt_us:48007586: RTT:6000948: ssthresh:14: cwnd:18: delivered:22: lost:0: retrans:1
[  187.280685] AAAAA-TCP_SEND: name:enp0s3: saddr:100932208: daddr:33561200: srtt_us:48007586: RTT:6000948: ssthresh:14: cwnd:18: delivered:22: lost:0: retrans:1
[  187.333629] AAAAA-TCP_RECV: name:enp0s3: saddr:16783984: daddr:100932208: srtt_us:41834997: RTT:5229374: ssthresh:24: cwnd:37: delivered:51: lost:0: retrans:1
[  187.333661] AAAAA-TCP_SEND: name:enp0s3: saddr:100932208: daddr:16783984: srtt_us:42000645: RTT:5250080: ssthresh:24: cwnd:37: delivered:52: lost:0: retrans:1
[  187.340557] AAAAA-TCP_RECV: name:enp0s3: saddr:33561200: daddr:100932208: srtt_us:48007586: RTT:6000948: ssthresh:14: cwnd:18: delivered:22: lost:0: retrans:1
[  187.404150] AAAAA-TCP_RECV: name:enp0s3: saddr:33561200: daddr:100932208: srtt_us:48007586: RTT:6000948: ssthresh:14: cwnd:18: delivered:22: lost:0: retrans:1
[  187.491883] AAAAA-TCP_RECV: name:enp0s3: saddr:16783984: daddr:100932208: srtt_us:42000645: RTT:5250080: ssthresh:24: cwnd:37: delivered:52: lost:0: retrans:1
[  187.491938] AAAAA-TCP_SEND: name:enp0s3: saddr:100932208: daddr:16783984: srtt_us:42261142: RTT:5282642: ssthresh:24: cwnd:38: delivered:53: lost:0: retrans:1
[  187.491968] AAAAA-TCP_SEND: name:enp0s3: saddr:100932208: daddr:16783984: srtt_us:42261142: RTT:5282642: ssthresh:24: cwnd:38: delivered:53: lost:0: retrans:1
[  187.541250] AAAAA-TCP_RECV: name:enp0s3: saddr:33561200: daddr:100932208: srtt_us:48007586: RTT:6000948: ssthresh:14: cwnd:18: delivered:22: lost:0: retrans:1
[  187.541295] AAAAA-TCP_SEND: name:enp0s3: saddr:100932208: daddr:33561200: srtt_us:50568553: RTT:6321069: ssthresh:14: cwnd:19: delivered:23: lost:0: retrans:1
[  187.541326] AAAAA-TCP_SEND: name:enp0s3: saddr:100932208: daddr:33561200: srtt_us:50568553: RTT:6321069: ssthresh:14: cwnd:19: delivered:23: lost:0: retrans:1
[  187.653480] AAAAA-TCP_RECV: name:enp0s3: saddr:16783984: daddr:100932208: srtt_us:42261142: RTT:5282642: ssthresh:24: cwnd:38: delivered:53: lost:0: retrans:1
[  187.653532] AAAAA-TCP_SEND: name:enp0s3: saddr:100932208: daddr:16783984: srtt_us:42650674: RTT:5331334: ssthresh:24: cwnd:38: delivered:54: lost:0: retrans:1
[  187.724252] AAAAA-TCP_RECV: name:enp0s3: saddr:33561200: daddr:100932208: srtt_us:50568553: RTT:6321069: ssthresh:14: cwnd:19: delivered:23: lost:0: retrans:1
[  187.727345] AAAAA-TCP_RECV: name:enp0s3: saddr:33561200: daddr:100932208: srtt_us:52746412: RTT:6593301: ssthresh:14: cwnd:19: delivered:24: lost:0: retrans:1
[  187.727368] AAAAA-TCP_SEND: name:enp0s3: saddr:100932208: daddr:33561200: srtt_us:54492994: RTT:6811624: ssthresh:14: cwnd:20: delivered:25: lost:0: retrans:1
[  187.774168] AAAAA-TCP_RECV: name:enp0s3: saddr:16783984: daddr:100932208: srtt_us:42650674: RTT:5331334: ssthresh:24: cwnd:38: delivered:54: lost:0: retrans:1
[  187.774198] AAAAA-TCP_SEND: name:enp0s3: saddr:100932208: daddr:33561200: srtt_us:54492994: RTT:6811624: ssthresh:14: cwnd:20: delivered:25: lost:0: retrans:1
[  187.774222] AAAAA-TCP_SEND: name:enp0s3: saddr:100932208: daddr:33561200: srtt_us:54492994: RTT:6811624: ssthresh:14: cwnd:20: delivered:25: lost:0: retrans:1
[  187.774282] AAAAA-TCP_SEND: name:enp0s3: saddr:100932208: daddr:16783984: srtt_us:42944554: RTT:5368069: ssthresh:24: cwnd:39: delivered:55: lost:0: retrans:1
[  187.774304] AAAAA-TCP_SEND: name:enp0s3: saddr:100932208: daddr:16783984: srtt_us:42944554: RTT:5368069: ssthresh:24: cwnd:39: delivered:55: lost:0: retrans:1
[  187.865977] AAAAA-TCP_RECV: name:enp0s3: saddr:33561200: daddr:100932208: srtt_us:54492994: RTT:6811624: ssthresh:14: cwnd:20: delivered:25: lost:0: retrans:1
[  187.866011] AAAAA-TCP_SEND: name:enp0s3: saddr:100932208: daddr:33561200: srtt_us:56159896: RTT:7019987: ssthresh:14: cwnd:20: delivered:26: lost:0: retrans:1
[  187.868405] AAAAA-TCP_RECV: name:enp0s3: saddr:16783984: daddr:100932208: srtt_us:42944554: RTT:5368069: ssthresh:24: cwnd:39: delivered:55: lost:0: retrans:1
[  187.868422] AAAAA-TCP_SEND: name:enp0s3: saddr:100932208: daddr:16783984: srtt_us:43204389: RTT:5400548: ssthresh:24: cwnd:39: delivered:56: lost:0: retrans:1
[  187.942089] AAAAA-TCP_RECV: name:enp0s3: saddr:33561200: daddr:100932208: srtt_us:56159896: RTT:7019987: ssthresh:14: cwnd:20: delivered:26: lost:0: retrans:1
[  187.977413] AAAAA-TCP_RECV: name:enp0s3: saddr:16783984: daddr:100932208: srtt_us:43204389: RTT:5400548: ssthresh:24: cwnd:39: delivered:56: lost:0: retrans:1
[  187.977457] AAAAA-TCP_SEND: name:enp0s3: saddr:100932208: daddr:33561200: srtt_us:57623012: RTT:7202876: ssthresh:14: cwnd:21: delivered:27: lost:0: retrans:1
[  187.977484] AAAAA-TCP_SEND: name:enp0s3: saddr:100932208: daddr:33561200: srtt_us:57623012: RTT:7202876: ssthresh:14: cwnd:21: delivered:27: lost:0: retrans:1
[  187.977537] AAAAA-TCP_SEND: name:enp0s3: saddr:100932208: daddr:16783984: srtt_us:41241107: RTT:5155138: ssthresh:24: cwnd:40: delivered:57: lost:0: retrans:1
[  187.977571] AAAAA-TCP_SEND: name:enp0s3: saddr:100932208: daddr:16783984: srtt_us:41241107: RTT:5155138: ssthresh:24: cwnd:40: delivered:57: lost:0: retrans:1
[  188.088069] AAAAA-TCP_RECV: name:enp0s3: saddr:33561200: daddr:100932208: srtt_us:57623012: RTT:7202876: ssthresh:14: cwnd:21: delivered:27: lost:0: retrans:1
[  188.088108] AAAAA-TCP_SEND: name:enp0s3: saddr:100932208: daddr:33561200: srtt_us:59049182: RTT:7381147: ssthresh:14: cwnd:21: delivered:28: lost:0: retrans:1
[  188.160192] AAAAA-TCP_RECV: name:enp0s3: saddr:33561200: daddr:100932208: srtt_us:59049182: RTT:7381147: ssthresh:14: cwnd:21: delivered:28: lost:0: retrans:1
[  188.160236] AAAAA-TCP_SEND: name:enp0s3: saddr:100932208: daddr:33561200: srtt_us:60368145: RTT:7546018: ssthresh:14: cwnd:22: delivered:29: lost:0: retrans:1
[  188.160263] AAAAA-TCP_SEND: name:enp0s3: saddr:100932208: daddr:33561200: srtt_us:60368145: RTT:7546018: ssthresh:14: cwnd:22: delivered:29: lost:0: retrans:1
[  188.196434] AAAAA-TCP_RECV: name:enp0s3: saddr:33561200: daddr:100932208: srtt_us:60368145: RTT:7546018: ssthresh:14: cwnd:22: delivered:29: lost:0: retrans:1
[  188.196476] AAAAA-TCP_SEND: name:enp0s3: saddr:100932208: daddr:33561200: srtt_us:61205154: RTT:7650644: ssthresh:14: cwnd:23: delivered:32: lost:0: retrans:1
[  188.196503] AAAAA-TCP_SEND: name:enp0s3: saddr:100932208: daddr:33561200: srtt_us:61205154: RTT:7650644: ssthresh:14: cwnd:23: delivered:32: lost:0: retrans:1
[  188.298636] AAAAA-TCP_RECV: name:enp0s3: saddr:16783984: daddr:100932208: srtt_us:41241107: RTT:5155138: ssthresh:24: cwnd:40: delivered:57: lost:0: retrans:1
[  188.298671] AAAAA-TCP_SEND: name:enp0s3: saddr:100932208: daddr:33561200: srtt_us:61205154: RTT:7650644: ssthresh:14: cwnd:23: delivered:32: lost:0: retrans:1
[  188.298700] AAAAA-TCP_SEND: name:enp0s3: saddr:100932208: daddr:33561200: srtt_us:61205154: RTT:7650644: ssthresh:14: cwnd:23: delivered:32: lost:0: retrans:1
[  188.298758] AAAAA-TCP_SEND: name:enp0s3: saddr:100932208: daddr:16783984: srtt_us:39021807: RTT:4877725: ssthresh:24: cwnd:40: delivered:58: lost:0: retrans:1
[  188.332895] AAAAA-TCP_RECV: name:enp0s3: saddr:33561200: daddr:100932208: srtt_us:61205154: RTT:7650644: ssthresh:14: cwnd:23: delivered:32: lost:0: retrans:1
[  188.332914] AAAAA-TCP_SEND: name:enp0s3: saddr:100932208: daddr:33561200: srtt_us:61205154: RTT:7650644: ssthresh:14: cwnd:23: delivered:32: lost:0: retrans:1
[  188.417670] AAAAA-TCP_RECV: name:enp0s3: saddr:16783984: daddr:100932208: srtt_us:39021807: RTT:4877725: ssthresh:24: cwnd:40: delivered:58: lost:0: retrans:1
[  188.417714] AAAAA-TCP_SEND: name:enp0s3: saddr:100932208: daddr:16783984: srtt_us:37198955: RTT:4649869: ssthresh:24: cwnd:41: delivered:59: lost:0: retrans:1
[  188.417740] AAAAA-TCP_SEND: name:enp0s3: saddr:100932208: daddr:16783984: srtt_us:37198955: RTT:4649869: ssthresh:24: cwnd:41: delivered:59: lost:0: retrans:1
[  188.652209] AAAAA-TCP_RECV: name:enp0s3: saddr:16783984: daddr:100932208: srtt_us:37198955: RTT:4649869: ssthresh:24: cwnd:41: delivered:59: lost:0: retrans:1
[  188.652241] AAAAA-TCP_SEND: name:enp0s3: saddr:100932208: daddr:16783984: srtt_us:35837544: RTT:4479693: ssthresh:24: cwnd:41: delivered:60: lost:0: retrans:1
[  188.672823] AAAAA-TCP_RECV: name:enp0s3: saddr:33561200: daddr:100932208: srtt_us:61205154: RTT:7650644: ssthresh:14: cwnd:23: delivered:32: lost:0: retrans:1
[  188.844028] AAAAA-TCP_RECV: name:enp0s3: saddr:33561200: daddr:100932208: srtt_us:61205154: RTT:7650644: ssthresh:14: cwnd:23: delivered:32: lost:0: retrans:1
[  188.844105] AAAAA-TCP_SEND: name:enp0s3: saddr:100932208: daddr:33561200: srtt_us:56838093: RTT:7104761: ssthresh:14: cwnd:24: delivered:33: lost:0: retrans:1
[  188.844150] AAAAA-TCP_SEND: name:enp0s3: saddr:100932208: daddr:33561200: srtt_us:56838093: RTT:7104761: ssthresh:14: cwnd:24: delivered:33: lost:0: retrans:1
[  188.980433] AAAAA-TCP_RECV: name:enp0s3: saddr:16783984: daddr:100932208: srtt_us:35837544: RTT:4479693: ssthresh:24: cwnd:41: delivered:60: lost:0: retrans:1
[  188.980480] AAAAA-TCP_SEND: name:enp0s3: saddr:100932208: daddr:16783984: srtt_us:34777796: RTT:4347224: ssthresh:24: cwnd:42: delivered:61: lost:0: retrans:1
[  188.980505] AAAAA-TCP_SEND: name:enp0s3: saddr:100932208: daddr:16783984: srtt_us:34777796: RTT:4347224: ssthresh:24: cwnd:42: delivered:61: lost:0: retrans:1
[  189.118084] AAAAA-TCP_RECV: name:enp0s3: saddr:16783984: daddr:100932208: srtt_us:34777796: RTT:4347224: ssthresh:24: cwnd:42: delivered:61: lost:0: retrans:1
[  189.118124] AAAAA-TCP_SEND: name:enp0s3: saddr:100932208: daddr:16783984: srtt_us:34777796: RTT:4347224: ssthresh:24: cwnd:42: delivered:61: lost:0: retrans:1
[  189.154301] AAAAA-TCP_RECV: name:enp0s3: saddr:16783984: daddr:100932208: srtt_us:34777796: RTT:4347224: ssthresh:24: cwnd:42: delivered:61: lost:0: retrans:1
[  189.154339] AAAAA-TCP_SEND: name:enp0s3: saddr:100932208: daddr:16783984: srtt_us:34024370: RTT:4253046: ssthresh:24: cwnd:42: delivered:62: lost:0: retrans:1
[  189.267692] AAAAA-TCP_RECV: name:enp0s3: saddr:16783984: daddr:100932208: srtt_us:34024370: RTT:4253046: ssthresh:24: cwnd:42: delivered:62: lost:0: retrans:1
[  189.267753] AAAAA-TCP_SEND: name:enp0s3: saddr:100932208: daddr:16783984: srtt_us:33478385: RTT:4184798: ssthresh:24: cwnd:43: delivered:63: lost:0: retrans:1
[  189.267782] AAAAA-TCP_SEND: name:enp0s3: saddr:100932208: daddr:16783984: srtt_us:33478385: RTT:4184798: ssthresh:24: cwnd:43: delivered:63: lost:0: retrans:1
[  189.299627] AAAAA-TCP_RECV: name:enp0s3: saddr:16783984: daddr:100932208: srtt_us:33478385: RTT:4184798: ssthresh:24: cwnd:43: delivered:63: lost:0: retrans:1
[  189.367594] AAAAA-TCP_RECV: name:enp0s3: saddr:16783984: daddr:100932208: srtt_us:33478385: RTT:4184798: ssthresh:24: cwnd:43: delivered:63: lost:0: retrans:1
[  189.367638] AAAAA-TCP_SEND: name:enp0s3: saddr:100932208: daddr:16783984: srtt_us:33100547: RTT:4137568: ssthresh:24: cwnd:43: delivered:64: lost:0: retrans:1
[  189.518168] AAAAA-TCP_RECV: name:enp0s3: saddr:16783984: daddr:100932208: srtt_us:33100547: RTT:4137568: ssthresh:24: cwnd:43: delivered:64: lost:0: retrans:1
[  189.518205] AAAAA-TCP_SEND: name:enp0s3: saddr:100932208: daddr:16783984: srtt_us:32920400: RTT:4115050: ssthresh:24: cwnd:44: delivered:65: lost:0: retrans:1
[  189.518230] AAAAA-TCP_SEND: name:enp0s3: saddr:100932208: daddr:16783984: srtt_us:32920400: RTT:4115050: ssthresh:24: cwnd:44: delivered:65: lost:0: retrans:1
[  189.678354] AAAAA-TCP_RECV: name:enp0s3: saddr:16783984: daddr:100932208: srtt_us:32920400: RTT:4115050: ssthresh:24: cwnd:44: delivered:65: lost:0: retrans:1
[  189.678365] AAAAA-TCP_SEND: name:enp0s3: saddr:100932208: daddr:16783984: srtt_us:32920400: RTT:4115050: ssthresh:24: cwnd:44: delivered:65: lost:0: retrans:1
[  189.681467] AAAAA-TCP_RECV: name:enp0s3: saddr:16783984: daddr:100932208: srtt_us:32920400: RTT:4115050: ssthresh:24: cwnd:44: delivered:65: lost:0: retrans:1
[  189.708830] AAAAA-TCP_RECV: name:enp0s3: saddr:16783984: daddr:100932208: srtt_us:32920400: RTT:4115050: ssthresh:24: cwnd:44: delivered:65: lost:0: retrans:1
[  189.708856] AAAAA-TCP_SEND: name:enp0s3: saddr:100932208: daddr:16783984: srtt_us:32953420: RTT:4119177: ssthresh:24: cwnd:44: delivered:66: lost:0: retrans:1
[  189.818419] AAAAA-TCP_RECV: name:enp0s3: saddr:16783984: daddr:100932208: srtt_us:32953420: RTT:4119177: ssthresh:24: cwnd:44: delivered:66: lost:0: retrans:1
[  189.818466] AAAAA-TCP_SEND: name:enp0s3: saddr:100932208: daddr:16783984: srtt_us:33091814: RTT:4136476: ssthresh:24: cwnd:45: delivered:67: lost:0: retrans:1
[  189.818495] AAAAA-TCP_SEND: name:enp0s3: saddr:100932208: daddr:16783984: srtt_us:33091814: RTT:4136476: ssthresh:24: cwnd:45: delivered:67: lost:0: retrans:1
[  189.882748] AAAAA-TCP_RECV: name:enp0s3: saddr:16783984: daddr:100932208: srtt_us:33091814: RTT:4136476: ssthresh:24: cwnd:45: delivered:67: lost:0: retrans:1
[  189.882783] AAAAA-TCP_SEND: name:enp0s3: saddr:100932208: daddr:16783984: srtt_us:33277237: RTT:4159654: ssthresh:24: cwnd:45: delivered:68: lost:0: retrans:1
[  190.042755] AAAAA-TCP_RECV: name:enp0s3: saddr:16783984: daddr:100932208: srtt_us:33277237: RTT:4159654: ssthresh:24: cwnd:45: delivered:68: lost:0: retrans:1
[  190.042789] AAAAA-TCP_SEND: name:enp0s3: saddr:100932208: daddr:16783984: srtt_us:33599385: RTT:4199923: ssthresh:24: cwnd:46: delivered:69: lost:0: retrans:1
[  190.042812] AAAAA-TCP_SEND: name:enp0s3: saddr:100932208: daddr:16783984: srtt_us:33599385: RTT:4199923: ssthresh:24: cwnd:46: delivered:69: lost:0: retrans:1
[  190.153417] AAAAA-TCP_RECV: name:enp0s3: saddr:16783984: daddr:100932208: srtt_us:33599385: RTT:4199923: ssthresh:24: cwnd:46: delivered:69: lost:0: retrans:1
[  190.204824] AAAAA-TCP_RECV: name:enp0s3: saddr:16783984: daddr:100932208: srtt_us:33991822: RTT:4248977: ssthresh:24: cwnd:46: delivered:70: lost:0: retrans:1
[  190.204848] AAAAA-TCP_SEND: name:enp0s3: saddr:100932208: daddr:16783984: srtt_us:33991822: RTT:4248977: ssthresh:24: cwnd:46: delivered:70: lost:0: retrans:1
[  190.306999] AAAAA-TCP_RECV: name:enp0s3: saddr:16783984: daddr:100932208: srtt_us:34338063: RTT:4292257: ssthresh:24: cwnd:46: delivered:71: lost:0: retrans:1
[  190.307014] AAAAA-TCP_SEND: name:enp0s3: saddr:100932208: daddr:16783984: srtt_us:34338063: RTT:4292257: ssthresh:24: cwnd:46: delivered:71: lost:0: retrans:1
[  190.307051] AAAAA-TCP_SEND: name:enp0s3: saddr:100932208: daddr:16783984: srtt_us:34743190: RTT:4342898: ssthresh:32: cwnd:45: delivered:72: lost:1: retrans:2
[  190.455183] AAAAA-TCP_RECV: name:enp0s3: saddr:16783984: daddr:100932208: srtt_us:34743190: RTT:4342898: ssthresh:32: cwnd:45: delivered:72: lost:1: retrans:2
[  190.547182] AAAAA-TCP_RECV: name:enp0s3: saddr:16783984: daddr:100932208: srtt_us:34914468: RTT:4364308: ssthresh:32: cwnd:45: delivered:73: lost:1: retrans:2
[  190.547213] AAAAA-TCP_SEND: name:enp0s3: saddr:100932208: daddr:16783984: srtt_us:34914468: RTT:4364308: ssthresh:32: cwnd:45: delivered:73: lost:1: retrans:2
[  190.660372] AAAAA-TCP_RECV: name:enp0s3: saddr:16783984: daddr:100932208: srtt_us:35156302: RTT:4394537: ssthresh:32: cwnd:45: delivered:74: lost:1: retrans:2
[  190.660402] AAAAA-TCP_SEND: name:enp0s3: saddr:100932208: daddr:16783984: srtt_us:35156302: RTT:4394537: ssthresh:32: cwnd:45: delivered:74: lost:1: retrans:2
[  190.802667] AAAAA-TCP_RECV: name:enp0s3: saddr:16783984: daddr:100932208: srtt_us:35480306: RTT:4435038: ssthresh:32: cwnd:44: delivered:75: lost:1: retrans:2
[  190.931455] AAAAA-TCP_RECV: name:enp0s3: saddr:33561200: daddr:100932208: srtt_us:56838093: RTT:7104761: ssthresh:14: cwnd:24: delivered:33: lost:0: retrans:1
[  190.931482] AAAAA-TCP_SEND: name:enp0s3: saddr:100932208: daddr:16783984: srtt_us:35721957: RTT:4465244: ssthresh:32: cwnd:44: delivered:76: lost:1: retrans:2
[  191.011379] AAAAA-TCP_RECV: name:enp0s3: saddr:33561200: daddr:100932208: srtt_us:54360574: RTT:6795071: ssthresh:14: cwnd:24: delivered:34: lost:0: retrans:1
[  191.205347] AAAAA-TCP_RECV: name:enp0s3: saddr:16783984: daddr:100932208: srtt_us:35721957: RTT:4465244: ssthresh:32: cwnd:44: delivered:76: lost:1: retrans:2
[  191.264983] AAAAA-TCP_RECV: name:enp0s3: saddr:16783984: daddr:100932208: srtt_us:35884391: RTT:4485548: ssthresh:32: cwnd:44: delivered:77: lost:1: retrans:2
[  191.265015] AAAAA-TCP_SEND: name:enp0s3: saddr:100932208: daddr:33561200: srtt_us:51999246: RTT:6499905: ssthresh:14: cwnd:25: delivered:35: lost:0: retrans:1
[  191.265045] AAAAA-TCP_SEND: name:enp0s3: saddr:100932208: daddr:16783984: srtt_us:35884391: RTT:4485548: ssthresh:32: cwnd:44: delivered:77: lost:1: retrans:2
[  191.311533] AAAAA-TCP_RECV: name:enp0s3: saddr:33561200: daddr:100932208: srtt_us:51999246: RTT:6499905: ssthresh:14: cwnd:25: delivered:35: lost:0: retrans:1
[  191.311561] AAAAA-TCP_SEND: name:enp0s3: saddr:100932208: daddr:33561200: srtt_us:51999246: RTT:6499905: ssthresh:14: cwnd:25: delivered:35: lost:0: retrans:1
[  191.311585] AAAAA-TCP_SEND: name:enp0s3: saddr:100932208: daddr:33561200: srtt_us:51999246: RTT:6499905: ssthresh:14: cwnd:25: delivered:35: lost:0: retrans:1
[  191.312225] AAAAA-TCP_SEND: name:enp0s3: saddr:100932208: daddr:33561200: srtt_us:50078283: RTT:6259785: ssthresh:14: cwnd:25: delivered:36: lost:0: retrans:1
[  191.386580] AAAAA-TCP_RECV: name:enp0s3: saddr:16783984: daddr:100932208: srtt_us:36086202: RTT:4510775: ssthresh:32: cwnd:43: delivered:78: lost:1: retrans:2
[  191.517810] AAAAA-TCP_RECV: name:enp0s3: saddr:16783984: daddr:100932208: srtt_us:36229359: RTT:4528669: ssthresh:32: cwnd:43: delivered:79: lost:1: retrans:2
[  191.517835] AAAAA-TCP_SEND: name:enp0s3: saddr:100932208: daddr:16783984: srtt_us:36229359: RTT:4528669: ssthresh:32: cwnd:43: delivered:79: lost:1: retrans:2
[  191.615513] AAAAA-TCP_RECV: name:enp0s3: saddr:16783984: daddr:100932208: srtt_us:36365061: RTT:4545632: ssthresh:32: cwnd:43: delivered:80: lost:1: retrans:2
[  191.615548] AAAAA-TCP_SEND: name:enp0s3: saddr:100932208: daddr:16783984: srtt_us:36365061: RTT:4545632: ssthresh:32: cwnd:43: delivered:80: lost:1: retrans:2
[  191.718819] AAAAA-TCP_RECV: name:enp0s3: saddr:33561200: daddr:100932208: srtt_us:50078283: RTT:6259785: ssthresh:14: cwnd:25: delivered:36: lost:0: retrans:1
[  191.718855] AAAAA-TCP_SEND: name:enp0s3: saddr:100932208: daddr:33561200: srtt_us:48648766: RTT:6081095: ssthresh:14: cwnd:26: delivered:37: lost:0: retrans:1
[  191.718881] AAAAA-TCP_SEND: name:enp0s3: saddr:100932208: daddr:33561200: srtt_us:48648766: RTT:6081095: ssthresh:14: cwnd:26: delivered:37: lost:0: retrans:1
[  191.907727] AAAAA-TCP_RECV: name:enp0s3: saddr:16783984: daddr:100932208: srtt_us:36581510: RTT:4572688: ssthresh:32: cwnd:42: delivered:81: lost:1: retrans:2
[  192.014520] AAAAA-TCP_RECV: name:enp0s3: saddr:16783984: daddr:100932208: srtt_us:36996857: RTT:4624607: ssthresh:32: cwnd:42: delivered:82: lost:1: retrans:2
[  192.014548] AAAAA-TCP_SEND: name:enp0s3: saddr:100932208: daddr:16783984: srtt_us:36996857: RTT:4624607: ssthresh:32: cwnd:42: delivered:82: lost:1: retrans:2
[  192.105233] AAAAA-TCP_RECV: name:enp0s3: saddr:16783984: daddr:100932208: srtt_us:37413028: RTT:4676628: ssthresh:32: cwnd:42: delivered:83: lost:1: retrans:2
[  192.105258] AAAAA-TCP_SEND: name:enp0s3: saddr:100932208: daddr:16783984: srtt_us:37413028: RTT:4676628: ssthresh:32: cwnd:42: delivered:83: lost:1: retrans:2
