[    0.000000] Linux version 5.4.243-mptcp (root@ztg) (gcc version 12.2.0 (Debian 12.2.0-14+deb12u1)) #53 SMP Wed Dec 24 23:28:15 CST 2025
[    0.000000] Command line: BOOT_IMAGE=/boot/vmlinuz-5.4.243-mptcp root=UUID=98415a12-53b7-4144-8265-0f7ece09e445 ro quiet splash
[    0.000000] KERNEL supported cpus:
[    0.000000]   Intel GenuineIntel
[    0.000000]   AMD AuthenticAMD
[    0.000000]   Hygon HygonGenuine
[    0.000000]   Centaur CentaurHauls
[    0.000000]   zhaoxin   Shanghai  
[    0.000000] x86/fpu: Supporting XSAVE feature 0x001: 'x87 floating point registers'
[    0.000000] x86/fpu: Supporting XSAVE feature 0x002: 'SSE registers'
[    0.000000] x86/fpu: Supporting XSAVE feature 0x004: 'AVX registers'
[    0.000000] x86/fpu: xstate_offset[2]:  576, xstate_sizes[2]:  256
[    0.000000] x86/fpu: Enabled xstate features 0x7, context size is 832 bytes, using 'standard' format.
[    0.000000] BIOS-provided physical RAM map:
[    0.000000] BIOS-e820: [mem 0x0000000000000000-0x000000000009fbff] usable
[    0.000000] BIOS-e820: [mem 0x000000000009fc00-0x000000000009ffff] reserved
[    0.000000] BIOS-e820: [mem 0x00000000000f0000-0x00000000000fffff] reserved
[    0.000000] BIOS-e820: [mem 0x0000000000100000-0x000000007ffeffff] usable
[    0.000000] BIOS-e820: [mem 0x000000007fff0000-0x000000007fffffff] ACPI data
[    0.000000] BIOS-e820: [mem 0x00000000fec00000-0x00000000fec00fff] reserved
[    0.000000] BIOS-e820: [mem 0x00000000fee00000-0x00000000fee00fff] reserved
[    0.000000] BIOS-e820: [mem 0x00000000fffc0000-0x00000000ffffffff] reserved
[    0.000000] NX (Execute Disable) protection: active
[    0.000000] SMBIOS 2.5 present.
[    0.000000] DMI: innotek GmbH VirtualBox/VirtualBox, BIOS VirtualBox 12/01/2006
[    0.000000] Hypervisor detected: KVM
[    0.000000] kvm-clock: Using msrs 4b564d01 and 4b564d00
[    0.000000] kvm-clock: cpu 0, msr 3d001001, primary cpu clock
[    0.000000] kvm-clock: using sched offset of 4428060588 cycles
[    0.000003] clocksource: kvm-clock: mask: 0xffffffffffffffff max_cycles: 0x1cd42e4dffb, max_idle_ns: 881590591483 ns
[    0.000005] tsc: Detected 2100.000 MHz processor
[    0.001852] e820: update [mem 0x00000000-0x00000fff] usable ==> reserved
[    0.001854] e820: remove [mem 0x000a0000-0x000fffff] usable
[    0.001859] last_pfn = 0x7fff0 max_arch_pfn = 0x400000000
[    0.001926] MTRR default type: uncachable
[    0.001927] MTRR fixed ranges enabled:
[    0.001928]   00000-9FFFF write-back
[    0.001929]   A0000-BFFFF uncachable
[    0.001930]   C0000-FFFFF write-protect
[    0.001930] MTRR variable ranges enabled:
[    0.001932]   0 base 000000000000 mask 3FFF80000000 write-back
[    0.001932]   1 disabled
[    0.001933]   2 disabled
[    0.001933]   3 disabled
[    0.001933]   4 disabled
[    0.001934]   5 disabled
[    0.001934]   6 disabled
[    0.001935]   7 disabled
[    0.001935]   8 disabled
[    0.001936]   9 disabled
[    0.001936]   10 disabled
[    0.001936]   11 disabled
[    0.001937]   12 disabled
[    0.001937]   13 disabled
[    0.001938]   14 disabled
[    0.001938]   15 disabled
[    0.001953] x86/PAT: Configuration [0-7]: WB  WC  UC- UC  WB  WP  UC- WT  
[    0.002086] found SMP MP-table at [mem 0x0009fff0-0x0009ffff]
[    0.091671] check: Scanning 1 areas for low memory corruption
[    0.091901] RAMDISK: [mem 0x32271000-0x3512ffff]
[    0.091909] ACPI: Early table checksum verification disabled
[    0.091914] ACPI: RSDP 0x00000000000E0000 000024 (v02 VBOX  )
[    0.091919] ACPI: XSDT 0x000000007FFF0030 00003C (v01 VBOX   VBOXXSDT 00000001 ASL  00000061)
[    0.091926] ACPI: FACP 0x000000007FFF00F0 0000F4 (v04 VBOX   VBOXFACP 00000001 ASL  00000061)
[    0.091932] ACPI: DSDT 0x000000007FFF02E0 002353 (v02 VBOX   VBOXBIOS 00000002 VBOX 00029BF3)
[    0.091937] ACPI: FACS 0x000000007FFF0200 000040
[    0.091940] ACPI: FACS 0x000000007FFF0200 000040
[    0.091944] ACPI: APIC 0x000000007FFF0240 000054 (v02 VBOX   VBOXAPIC 00000001 ASL  00000061)
[    0.091947] ACPI: SSDT 0x000000007FFF02A0 000038 (v01 VBOX   VBOXCPUT 00000002 VBOX 00029BF3)
[    0.091950] ACPI: Reserving FACP table memory at [mem 0x7fff00f0-0x7fff01e3]
[    0.091951] ACPI: Reserving DSDT table memory at [mem 0x7fff02e0-0x7fff2632]
[    0.091952] ACPI: Reserving FACS table memory at [mem 0x7fff0200-0x7fff023f]
[    0.091953] ACPI: Reserving FACS table memory at [mem 0x7fff0200-0x7fff023f]
[    0.091953] ACPI: Reserving APIC table memory at [mem 0x7fff0240-0x7fff0293]
[    0.091954] ACPI: Reserving SSDT table memory at [mem 0x7fff02a0-0x7fff02d7]
[    0.091968] ACPI: Local APIC address 0xfee00000
[    0.092154] No NUMA configuration found
[    0.092155] Faking a node at [mem 0x0000000000000000-0x000000007ffeffff]
[    0.092165] NODE_DATA(0) allocated [mem 0x7ffc5000-0x7ffeffff]
[    0.092426] Zone ranges:
[    0.092427]   DMA      [mem 0x0000000000001000-0x0000000000ffffff]
[    0.092428]   DMA32    [mem 0x0000000001000000-0x000000007ffeffff]
[    0.092429]   Normal   empty
[    0.092430]   Device   empty
[    0.092430] Movable zone start for each node
[    0.092432] Early memory node ranges
[    0.092433]   node   0: [mem 0x0000000000001000-0x000000000009efff]
[    0.092434]   node   0: [mem 0x0000000000100000-0x000000007ffeffff]
[    0.092437] Zeroed struct page in unavailable ranges: 114 pages
[    0.092438] Initmem setup node 0 [mem 0x0000000000001000-0x000000007ffeffff]
[    0.092439] On node 0 totalpages: 524174
[    0.092440]   DMA zone: 64 pages used for memmap
[    0.092441]   DMA zone: 21 pages reserved
[    0.092442]   DMA zone: 3998 pages, LIFO batch:0
[    0.092513]   DMA32 zone: 8128 pages used for memmap
[    0.092514]   DMA32 zone: 520176 pages, LIFO batch:63
[    0.101492] ACPI: PM-Timer IO Port: 0x4008
[    0.101496] ACPI: Local APIC address 0xfee00000
[    0.101563] IOAPIC[0]: apic_id 1, version 32, address 0xfec00000, GSI 0-23
[    0.101567] ACPI: INT_SRC_OVR (bus 0 bus_irq 0 global_irq 2 dfl dfl)
[    0.101569] ACPI: INT_SRC_OVR (bus 0 bus_irq 9 global_irq 9 low level)
[    0.101570] ACPI: IRQ0 used by override.
[    0.101571] ACPI: IRQ9 used by override.
[    0.101574] Using ACPI (MADT) for SMP configuration information
[    0.101581] smpboot: Allowing 1 CPUs, 0 hotplug CPUs
[    0.101604] PM: Registered nosave memory: [mem 0x00000000-0x00000fff]
[    0.101605] PM: Registered nosave memory: [mem 0x0009f000-0x0009ffff]
[    0.101606] PM: Registered nosave memory: [mem 0x000a0000-0x000effff]
[    0.101606] PM: Registered nosave memory: [mem 0x000f0000-0x000fffff]
[    0.101608] [mem 0x80000000-0xfebfffff] available for PCI devices
[    0.101609] Booting paravirtualized kernel on KVM
[    0.101612] clocksource: refined-jiffies: mask: 0xffffffff max_cycles: 0xffffffff, max_idle_ns: 7645519600211568 ns
[    0.101616] setup_percpu: NR_CPUS:8192 nr_cpumask_bits:1 nr_cpu_ids:1 nr_node_ids:1
[    0.102632] percpu: Embedded 60 pages/cpu s208896 r8192 d28672 u2097152
[    0.102637] pcpu-alloc: s208896 r8192 d28672 u2097152 alloc=1*2097152
[    0.102638] pcpu-alloc: [0] 0 
[    0.102678] Built 1 zonelists, mobility grouping on.  Total pages: 515961
[    0.102678] Policy zone: DMA32
[    0.102680] Kernel command line: BOOT_IMAGE=/boot/vmlinuz-5.4.243-mptcp root=UUID=98415a12-53b7-4144-8265-0f7ece09e445 ro quiet splash
[    0.103565] Dentry cache hash table entries: 262144 (order: 9, 2097152 bytes, linear)
[    0.103712] Inode-cache hash table entries: 131072 (order: 8, 1048576 bytes, linear)
[    0.103764] mem auto-init: stack:off, heap alloc:on, heap free:off
[    0.103767] Calgary: detecting Calgary via BIOS EBDA area
[    0.103768] Calgary: Unable to locate Rio Grande table in EBDA - bailing!
[    0.107906] Memory: 1967332K/2096696K available (14339K kernel code, 2398K rwdata, 4712K rodata, 2728K init, 17260K bss, 129364K reserved, 0K cma-reserved)
[    0.108824] SLUB: HWalign=64, Order=0-3, MinObjects=0, CPUs=1, Nodes=1
[    0.108841] ftrace: allocating 43186 entries in 169 pages
[    0.126971] rcu: Hierarchical RCU implementation.
[    0.126972] rcu: 	RCU restricting CPUs from NR_CPUS=8192 to nr_cpu_ids=1.
[    0.126974] 	Tasks RCU enabled.
[    0.126975] rcu: RCU calculated value of scheduler-enlistment delay is 25 jiffies.
[    0.126975] rcu: Adjusting geometry for rcu_fanout_leaf=16, nr_cpu_ids=1
[    0.129972] NR_IRQS: 524544, nr_irqs: 256, preallocated irqs: 16
[    0.130186] random: crng init done
[    0.139657] Console: colour VGA+ 80x25
[    0.139662] printk: console [tty0] enabled
[    0.139682] ACPI: Core revision 20190816
[    0.139783] APIC: Switch to symmetric I/O mode setup
[    0.140030] x2apic enabled
[    0.140266] Switched APIC routing to physical x2apic.
[    0.141388] ..TIMER: vector=0x30 apic1=0 pin1=2 apic2=-1 pin2=-1
[    0.141414] clocksource: tsc-early: mask: 0xffffffffffffffff max_cycles: 0x1e4530a99b6, max_idle_ns: 440795257976 ns
[    0.141420] Calibrating delay loop (skipped) preset value.. 4200.00 BogoMIPS (lpj=8400000)
[    0.141422] pid_max: default: 32768 minimum: 301
[    0.141451] LSM: Security Framework initializing
[    0.141461] Yama: becoming mindful.
[    0.141488] AppArmor: AppArmor initialized
[    0.141523] Mount-cache hash table entries: 4096 (order: 3, 32768 bytes, linear)
[    0.141528] Mountpoint-cache hash table entries: 4096 (order: 3, 32768 bytes, linear)
[    0.141538] *** VALIDATE tmpfs ***
[    0.141672] *** VALIDATE proc ***
[    0.141715] *** VALIDATE cgroup1 ***
[    0.141716] *** VALIDATE cgroup2 ***
[    0.141857] process: using mwait in idle threads
[    0.141862] Last level iTLB entries: 4KB 64, 2MB 8, 4MB 8
[    0.141862] Last level dTLB entries: 4KB 64, 2MB 0, 4MB 0, 1GB 4
[    0.141883] Spectre V1 : Mitigation: usercopy/swapgs barriers and __user pointer sanitization
[    0.141889] Spectre V2 : Mitigation: Retpolines
[    0.141889] Spectre V2 : Spectre v2 / SpectreRSB mitigation: Filling RSB on context switch
[    0.141890] Spectre V2 : Spectre v2 / SpectreRSB : Filling RSB on VMEXIT
[    0.141890] RETBleed: WARNING: Spectre v2 mitigation leaves CPU vulnerable to RETBleed attacks, data leaks possible!
[    0.142243] RETBleed: Vulnerable
[    0.142244] Speculative Store Bypass: Vulnerable
[    0.142248] TAA: Mitigation: TSX disabled
[    0.142249] MMIO Stale Data: Mitigation: Clear CPU buffers
[    0.146541] Freeing SMP alternatives memory: 40K
[    0.259288] smpboot: CPU0: Intel(R) Xeon(R) Silver 4216 CPU @ 2.10GHz (family: 0x6, model: 0x55, stepping: 0x7)
[    0.259435] Performance Events: unsupported p6 CPU model 85 no PMU driver, software events only.
[    0.259472] rcu: Hierarchical SRCU implementation.
[    0.259952] NMI watchdog: Perf NMI watchdog permanently disabled
[    0.259990] smp: Bringing up secondary CPUs ...
[    0.259991] smp: Brought up 1 node, 1 CPU
[    0.259992] smpboot: Max logical packages: 1
[    0.259993] smpboot: Total of 1 processors activated (4200.00 BogoMIPS)
[    0.261031] devtmpfs: initialized
[    0.261079] x86/mm: Memory block size: 128MB
[    0.261417] clocksource: jiffies: mask: 0xffffffff max_cycles: 0xffffffff, max_idle_ns: 7645041785100000 ns
[    0.261417] futex hash table entries: 256 (order: 2, 16384 bytes, linear)
[    0.261417] pinctrl core: initialized pinctrl subsystem
[    0.261417] PM: RTC time: 10:55:33, date: 2026-01-18
[    0.261417] NET: Registered protocol family 16
[    0.261417] audit: initializing netlink subsys (disabled)
[    0.261417] EISA bus registered
[    0.261417] cpuidle: using governor ladder
[    0.261417] cpuidle: using governor menu
[    0.261417] ACPI: bus type PCI registered
[    0.261417] acpiphp: ACPI Hot Plug PCI Controller Driver version: 0.5
[    0.261417] PCI: Using configuration type 1 for base access
[    0.261818] audit: type=2000 audit(1768704939.935:1): state=initialized audit_enabled=0 res=1
[    0.261898] HugeTLB registered 2.00 MiB page size, pre-allocated 0 pages
[    0.262734] ACPI: Added _OSI(Module Device)
[    0.262735] ACPI: Added _OSI(Processor Device)
[    0.262736] ACPI: Added _OSI(3.0 _SCP Extensions)
[    0.262736] ACPI: Added _OSI(Processor Aggregator Device)
[    0.262737] ACPI: Added _OSI(Linux-Dell-Video)
[    0.262738] ACPI: Added _OSI(Linux-Lenovo-NV-HDMI-Audio)
[    0.262739] ACPI: Added _OSI(Linux-HPI-Hybrid-Graphics)
[    0.264696] ACPI: 2 ACPI AML tables successfully acquired and loaded
[    0.266203] ACPI: Interpreter enabled
[    0.266212] ACPI: (supports S0 S5)
[    0.266214] ACPI: Using IOAPIC for interrupt routing
[    0.266421] PCI: Using host bridge windows from ACPI; if necessary, use "pci=nocrs" and report a bug
[    0.266526] ACPI: Enabled 2 GPEs in block 00 to 07
[    0.271406] ACPI: PCI Root Bridge [PCI0] (domain 0000 [bus 00-ff])
[    0.271412] acpi PNP0A03:00: _OSC: OS supports [ASPM ClockPM Segments MSI HPX-Type3]
[    0.271858] acpi PNP0A03:00: _OSC: not requesting OS control; OS requires [ExtendedConfig ASPM ClockPM MSI]
[    0.271865] acpi PNP0A03:00: fail to add MMCONFIG information, can't access extended PCI configuration space under this bridge.
[    0.272236] PCI host bridge to bus 0000:00
[    0.272238] pci_bus 0000:00: root bus resource [io  0x0000-0x0cf7 window]
[    0.272239] pci_bus 0000:00: root bus resource [io  0x0d00-0xffff window]
[    0.272241] pci_bus 0000:00: root bus resource [mem 0x000a0000-0x000bffff window]
[    0.272242] pci_bus 0000:00: root bus resource [mem 0x80000000-0xfdffffff window]
[    0.272243] pci_bus 0000:00: root bus resource [bus 00-ff]
[    0.272284] pci 0000:00:00.0: [8086:1237] type 00 class 0x060000
[    0.273221] pci 0000:00:01.0: [8086:7000] type 00 class 0x060100
[    0.274133] pci 0000:00:01.1: [8086:7111] type 00 class 0x01018a
[    0.274497] pci 0000:00:01.1: reg 0x20: [io  0xd000-0xd00f]
[    0.274644] pci 0000:00:01.1: legacy IDE quirk: reg 0x10: [io  0x01f0-0x01f7]
[    0.274645] pci 0000:00:01.1: legacy IDE quirk: reg 0x14: [io  0x03f6]
[    0.274646] pci 0000:00:01.1: legacy IDE quirk: reg 0x18: [io  0x0170-0x0177]
[    0.274647] pci 0000:00:01.1: legacy IDE quirk: reg 0x1c: [io  0x0376]
[    0.275198] pci 0000:00:02.0: [15ad:0405] type 00 class 0x030000
[    0.277495] pci 0000:00:02.0: reg 0x10: [io  0xd010-0xd01f]
[    0.281462] pci 0000:00:02.0: reg 0x14: [mem 0xe0000000-0xe7ffffff pref]
[    0.284083] pci 0000:00:02.0: reg 0x18: [mem 0xf0000000-0xf01fffff]
[    0.294200] pci 0000:00:03.0: [1022:2000] type 00 class 0x020000
[    0.294885] pci 0000:00:03.0: reg 0x10: [io  0xd020-0xd03f]
[    0.295502] pci 0000:00:03.0: reg 0x14: [mem 0xf0200000-0xf0200fff]
[    0.298869] pci 0000:00:04.0: [80ee:cafe] type 00 class 0x088000
[    0.299536] pci 0000:00:04.0: reg 0x10: [io  0xd040-0xd05f]
[    0.300141] pci 0000:00:04.0: reg 0x14: [mem 0xf0400000-0xf07fffff]
[    0.301540] pci 0000:00:04.0: reg 0x18: [mem 0xf0800000-0xf0803fff pref]
[    0.305081] pci 0000:00:07.0: [8086:7113] type 00 class 0x068000
[    0.305806] pci 0000:00:07.0: quirk: [io  0x4000-0x403f] claimed by PIIX4 ACPI
[    0.305820] pci 0000:00:07.0: quirk: [io  0x4100-0x410f] claimed by PIIX4 SMB
[    0.306425] pci 0000:00:08.0: [8086:100e] type 00 class 0x020000
[    0.307140] pci 0000:00:08.0: reg 0x10: [mem 0xf0820000-0xf083ffff]
[    0.308297] pci 0000:00:08.0: reg 0x18: [io  0xd060-0xd067]
[    0.311043] pci 0000:00:09.0: [8086:100e] type 00 class 0x020000
[    0.311749] pci 0000:00:09.0: reg 0x10: [mem 0xf0840000-0xf085ffff]
[    0.312944] pci 0000:00:09.0: reg 0x18: [io  0xd068-0xd06f]
[    0.322433] ACPI: PCI Interrupt Link [LNKA] (IRQs 5 9 10 *11)
[    0.322716] ACPI: PCI Interrupt Link [LNKB] (IRQs 5 9 *10 11)
[    0.322815] ACPI: PCI Interrupt Link [LNKC] (IRQs 5 *9 10 11)
[    0.322921] ACPI: PCI Interrupt Link [LNKD] (IRQs 5 9 10 *11)
[    0.323182] iommu: Default domain type: Translated 
[    0.323244] pci 0000:00:02.0: vgaarb: setting as boot VGA device
[    0.323246] pci 0000:00:02.0: vgaarb: VGA device added: decodes=io+mem,owns=io+mem,locks=none
[    0.323248] pci 0000:00:02.0: vgaarb: bridge control possible
[    0.323249] vgaarb: loaded
[    0.325516] SCSI subsystem initialized
[    0.325548] libata version 3.00 loaded.
[    0.325572] ACPI: bus type USB registered
[    0.325588] usbcore: registered new interface driver usbfs
[    0.325594] usbcore: registered new interface driver hub
[    0.325599] usbcore: registered new device driver usb
[    0.325625] pps_core: LinuxPPS API ver. 1 registered
[    0.325626] pps_core: Software ver. 5.3.6 - Copyright 2005-2007 Rodolfo Giometti <giometti@linux.it>
[    0.325628] PTP clock support registered
[    0.325662] EDAC MC: Ver: 3.0.0
[    0.325946] PCI: Using ACPI for IRQ routing
[    0.325947] PCI: pci_cache_line_size set to 64 bytes
[    0.326125] e820: reserve RAM buffer [mem 0x0009fc00-0x0009ffff]
[    0.326128] e820: reserve RAM buffer [mem 0x7fff0000-0x7fffffff]
[    0.326924] NetLabel: Initializing
[    0.326924] NetLabel:  domain hash size = 128
[    0.326925] NetLabel:  protocols = UNLABELED CIPSOv4 CALIPSO
[    0.326944] NetLabel:  unlabeled traffic allowed by default
[    0.327863] clocksource: Switched to clocksource kvm-clock
[    0.339888] *** VALIDATE bpf ***
[    0.339950] VFS: Disk quotas dquot_6.6.0
[    0.339962] VFS: Dquot-cache hash table entries: 512 (order 0, 4096 bytes)
[    0.339984] *** VALIDATE ramfs ***
[    0.339987] *** VALIDATE hugetlbfs ***
[    0.340067] AppArmor: AppArmor Filesystem Enabled
[    0.340092] pnp: PnP ACPI init
[    0.340160] pnp 00:00: Plug and Play ACPI device, IDs PNP0303 (active)
[    0.340260] pnp 00:01: Plug and Play ACPI device, IDs PNP0f03 (active)
[    0.341014] pnp: PnP ACPI: found 2 devices
[    0.341983] thermal_sys: Registered thermal governor 'fair_share'
[    0.341984] thermal_sys: Registered thermal governor 'bang_bang'
[    0.341984] thermal_sys: Registered thermal governor 'step_wise'
[    0.341985] thermal_sys: Registered thermal governor 'user_space'
[    0.341986] thermal_sys: Registered thermal governor 'power_allocator'
[    0.346512] clocksource: acpi_pm: mask: 0xffffff max_cycles: 0xffffff, max_idle_ns: 2085701024 ns
[    0.346553] pci_bus 0000:00: resource 4 [io  0x0000-0x0cf7 window]
[    0.346554] pci_bus 0000:00: resource 5 [io  0x0d00-0xffff window]
[    0.346556] pci_bus 0000:00: resource 6 [mem 0x000a0000-0x000bffff window]
[    0.346557] pci_bus 0000:00: resource 7 [mem 0x80000000-0xfdffffff window]
[    0.346617] NET: Registered protocol family 2
[    0.346692] IP idents hash table entries: 32768 (order: 6, 262144 bytes, linear)
[    0.347095] MPTCP tokens hash table entries: 8192 (order: 4, 65536 bytes, linear)
[    0.347115] MPTCP request tokens hash table entries: 8192 (order: 4, 65536 bytes, linear)
[    0.347140] default registered
[    0.347141] default registered
[    0.347141] MPTCP: Stable release v0.96
[    0.347147] tcp_listen_portaddr_hash hash table entries: 1024 (order: 2, 16384 bytes, linear)
[    0.347225] TCP established hash table entries: 16384 (order: 5, 131072 bytes, linear)
[    0.347291] TCP bind hash table entries: 16384 (order: 6, 262144 bytes, linear)
[    0.347316] TCP: Hash tables configured (established 16384 bind 16384)
[    0.348041] UDP hash table entries: 1024 (order: 3, 32768 bytes, linear)
[    0.348053] UDP-Lite hash table entries: 1024 (order: 3, 32768 bytes, linear)
[    0.348089] NET: Registered protocol family 1
[    0.348098] NET: Registered protocol family 44
[    0.348117] pci 0000:00:00.0: Limiting direct PCI/PCI transfers
[    0.348129] pci 0000:00:01.0: Activating ISA DMA hang workarounds
[    0.348187] pci 0000:00:02.0: Video device with shadowed ROM at [mem 0x000c0000-0x000dffff]
[    0.348247] PCI: CLS 0 bytes, default 64
[    0.348294] Trying to unpack rootfs image as initramfs...
[    0.519920] Freeing initrd memory: 47868K
[    0.519920] clocksource: tsc: mask: 0xffffffffffffffff max_cycles: 0x1e4530a99b6, max_idle_ns: 440795257976 ns
[    0.519920] clocksource: Switched to clocksource tsc
[    0.519920] platform rtc_cmos: registered platform RTC device (no PNP device found)
[    0.519920] check: Scanning for low memory corruption every 60 seconds
[    0.519920] Initialise system trusted keyrings
[    0.519920] Key type blacklist registered
[    0.519920] workingset: timestamp_bits=36 max_order=19 bucket_order=0
[    0.519920] zbud: loaded
[    0.519920] squashfs: version 4.0 (2009/01/31) Phillip Lougher
[    0.519920] fuse: init (API version 7.31)
[    0.519920] *** VALIDATE fuse ***
[    0.519920] *** VALIDATE fuse ***
[    0.519920] Platform Keyring initialized
[    0.535075] Key type asymmetric registered
[    0.535076] Asymmetric key parser 'x509' registered
[    0.535089] Block layer SCSI generic (bsg) driver version 0.4 loaded (major 244)
[    0.535128] io scheduler mq-deadline registered
[    0.535256] shpchp: Standard Hot Plug PCI Controller Driver version: 0.4
[    0.535465] ACPI: AC Adapter [AC] (on-line)
[    0.535510] input: Power Button as /devices/LNXSYSTM:00/LNXPWRBN:00/input/input0
[    0.535540] ACPI: Power Button [PWRF]
[    0.535614] input: Sleep Button as /devices/LNXSYSTM:00/LNXSLPBN:00/input/input1
[    0.535629] ACPI: Sleep Button [SLPF]
[    0.535863] Serial: 8250/16550 driver, 32 ports, IRQ sharing enabled
[    0.537039] Linux agpgart interface v0.103
[    0.627283] loop: module loaded
[    0.627441] ata_piix 0000:00:01.1: version 2.13
[    0.627846] scsi host0: ata_piix
[    0.627939] scsi host1: ata_piix
[    0.627965] ata1: PATA max UDMA/33 cmd 0x1f0 ctl 0x3f6 bmdma 0xd000 irq 14
[    0.627966] ata2: PATA max UDMA/33 cmd 0x170 ctl 0x376 bmdma 0xd008 irq 15
[    0.628049] tun: Universal TUN/TAP device driver, 1.6
[    0.628373] PPP generic driver version 2.4.2
[    0.628418] VFIO - User Level meta-driver version: 0.3
[    0.628662] ehci_hcd: USB 2.0 'Enhanced' Host Controller (EHCI) Driver
[    0.628667] ehci-pci: EHCI PCI platform driver
[    0.628682] ehci-platform: EHCI generic platform driver
[    0.628688] ohci_hcd: USB 1.1 'Open' Host Controller (OHCI) Driver
[    0.628690] ohci-pci: OHCI PCI platform driver
[    0.628697] ohci-platform: OHCI generic platform driver
[    0.628702] uhci_hcd: USB Universal Host Controller Interface driver
[    0.628767] i8042: PNP: PS/2 Controller [PNP0303:PS2K,PNP0f03:PS2M] at 0x60,0x64 irq 1,12
[    0.629225] serio: i8042 KBD port at 0x60,0x64 irq 1
[    0.629229] serio: i8042 AUX port at 0x60,0x64 irq 12
[    0.629320] mousedev: PS/2 mouse device common for all mice
[    0.629576] input: AT Translated Set 2 keyboard as /devices/platform/i8042/serio0/input/input2
[    0.629973] rtc_cmos rtc_cmos: registered as rtc0
[    0.629986] rtc_cmos rtc_cmos: alarms up to one day, 114 bytes nvram
[    0.629991] i2c /dev entries driver
[    0.630035] device-mapper: uevent: version 1.0.3
[    0.630078] device-mapper: ioctl: 4.41.0-ioctl (2019-09-16) initialised: dm-devel@redhat.com
[    0.630094] platform eisa.0: Probing EISA bus 0
[    0.630096] platform eisa.0: EISA: Cannot allocate resource for mainboard
[    0.630097] platform eisa.0: Cannot allocate resource for EISA slot 1
[    0.630098] platform eisa.0: Cannot allocate resource for EISA slot 2
[    0.630099] platform eisa.0: Cannot allocate resource for EISA slot 3
[    0.630100] platform eisa.0: Cannot allocate resource for EISA slot 4
[    0.630101] platform eisa.0: Cannot allocate resource for EISA slot 5
[    0.630102] platform eisa.0: Cannot allocate resource for EISA slot 6
[    0.630103] platform eisa.0: Cannot allocate resource for EISA slot 7
[    0.630104] platform eisa.0: Cannot allocate resource for EISA slot 8
[    0.630105] platform eisa.0: EISA: Detected 0 cards
[    0.630108] intel_pstate: CPU model not supported
[    0.630117] ledtrig-cpu: registered to indicate activity on CPUs
[    0.630171] drop_monitor: Initializing network drop monitor service
[    0.630331] NET: Registered protocol family 10
[    0.635396] Segment Routing with IPv6
[    0.635396] fullmesh registered
[    0.635396] ndiffports registered
[    0.635396] binder registered
[    0.635396] roundrobin registered
[    0.635396] redundant registered
[    0.635396] blest registered
[    0.635396] ecf registered
[    0.635396] NET: Registered protocol family 17
[    0.635396] Key type dns_resolver registered
[    0.635396] RAS: Correctable Errors collector initialized.
[    0.635396] IPI shorthand broadcast: enabled
[    0.635396] sched_clock: Marking stable (620156467, 11240020)->(633263599, -1867112)
[    0.635842] registered taskstats version 1
[    0.635850] Loading compiled-in X.509 certificates
[    0.636468] Loaded X.509 cert 'Build time autogenerated kernel key: 6909f3744cebb3d0de528d5887b96a727de79b1e'
[    0.636489] zswap: loaded using pool lzo/zbud
[    0.636548] Key type ._fscrypt registered
[    0.636549] Key type .fscrypt registered
[    0.641189] Key type big_key registered
[    0.643353] Key type encrypted registered
[    0.643356] AppArmor: AppArmor sha1 policy hashing enabled
[    0.643363] ima: No TPM chip found, activating TPM-bypass!
[    0.643367] ima: Allocated hash algorithm: sha1
[    0.643372] ima: No architecture policies found
[    0.643382] evm: Initialising EVM extended attributes:
[    0.643383] evm: security.selinux
[    0.643383] evm: security.SMACK64
[    0.643384] evm: security.SMACK64EXEC
[    0.643384] evm: security.SMACK64TRANSMUTE
[    0.643385] evm: security.SMACK64MMAP
[    0.643385] evm: security.apparmor
[    0.643385] evm: security.ima
[    0.643386] evm: security.capability
[    0.643386] evm: HMAC attrs: 0x1
[    0.643680] PM:   Magic number: 10:272:932
[    0.643785] rtc_cmos rtc_cmos: setting system clock to 2026-01-18T10:55:34 UTC (1768733734)
[    0.800102] ata1.00: ATA-6: VBOX HARDDISK, 1.0, max UDMA/133
[    0.800104] ata1.00: 209715200 sectors, multi 128: LBA 
[    0.800710] scsi 0:0:0:0: Direct-Access     ATA      VBOX HARDDISK    1.0  PQ: 0 ANSI: 5
[    0.800994] sd 0:0:0:0: [sda] 209715200 512-byte logical blocks: (107 GB/100 GiB)
[    0.801005] sd 0:0:0:0: [sda] Write Protect is off
[    0.801008] sd 0:0:0:0: [sda] Mode Sense: 00 3a 00 00
[    0.801026] sd 0:0:0:0: [sda] Write cache: enabled, read cache: enabled, doesn't support DPO or FUA
[    0.801320] sd 0:0:0:0: Attached scsi generic sg0 type 0
[    0.801990]  sda: sda1 sda2
[    0.811569] sd 0:0:0:0: [sda] Attached SCSI disk
[    0.816284] Freeing unused decrypted memory: 2040K
[    0.817546] Freeing unused kernel image memory: 2728K
[    0.817550] Write protecting the kernel read-only data: 22528k
[    0.818911] Freeing unused kernel image memory: 2036K
[    0.819635] Freeing unused kernel image memory: 1432K
[    0.852689] x86/mm: Checked W+X mappings: passed, no W+X pages found.
[    0.852695] Run /init as init process
[    0.966749] ACPI: Video Device [GFX0] (multi-head: yes  rom: no  post: no)
[    0.966825] input: Video Bus as /devices/LNXSYSTM:00/LNXSYBUS:00/PNP0A03:00/LNXVIDEO:00/input/input4
[    0.979709] pcnet32: pcnet32.c:v1.35 21.Apr.2008 tsbogend@alpha.franken.de
[    0.980582] pcnet32: PCnet/FAST III 79C973 at 0xd020, 08:00:27:d1:ce:d5 assigned IRQ 19
[    0.980624] pcnet32: Found PHY 0022:561b at address 0
[    0.980939] pcnet32: eth0: registered as PCnet/FAST III 79C973
[    0.981336] pcnet32: 1 cards_found
[    0.982891] piix4_smbus 0000:00:07.0: SMBus Host Controller at 0x4100, revision 0
[    0.987105] e1000: Intel(R) PRO/1000 Network Driver - version 7.3.21-k8-NAPI
[    0.987106] e1000: Copyright (c) 1999-2006 Intel Corporation.
[    1.050160] pcnet32 0000:00:03.0 enp0s3: renamed from eth0
[    1.199168] input: ImExPS/2 Generic Explorer Mouse as /devices/platform/i8042/serio1/input/input5
[    1.391677] e1000 0000:00:08.0 eth0: (PCI:33MHz:32-bit) 08:00:27:0e:7a:f2
[    1.391681] e1000 0000:00:08.0 eth0: Intel(R) PRO/1000 Network Connection
[    1.763574] e1000 0000:00:09.0 eth1: (PCI:33MHz:32-bit) 08:00:27:5c:d7:83
[    1.763577] e1000 0000:00:09.0 eth1: Intel(R) PRO/1000 Network Connection
[    1.764736] e1000 0000:00:09.0 enp0s9: renamed from eth1
[    1.766525] e1000 0000:00:08.0 enp0s8: renamed from eth0
[    1.944015] EXT4-fs (sda2): mounted filesystem with ordered data mode. Opts: (null)
[    2.034898] systemd[1]: Inserted module 'autofs4'
[    2.046663] systemd[1]: systemd 245.4-4ubuntu3 running in system mode. (+PAM +AUDIT +SELINUX +IMA +APPARMOR +SMACK +SYSVINIT +UTMP +LIBCRYPTSETUP +GCRYPT +GNUTLS +ACL +XZ +LZ4 +SECCOMP +BLKID +ELFUTILS +KMOD +IDN2 -IDN +PCRE2 default-hierarchy=hybrid)
[    2.046698] systemd[1]: Detected virtualization oracle.
[    2.046705] systemd[1]: Detected architecture x86-64.
[    2.048061] systemd[1]: Set hostname to <ztg>.
[    2.171852] systemd[1]: /lib/systemd/system/dbus.socket:5: ListenStream= references a path below legacy directory /var/run/, updating /var/run/dbus/system_bus_socket â†’ /run/dbus/system_bus_socket; please update the unit file accordingly.
[    2.224654] systemd[1]: Created slice system-modprobe.slice.
[    2.224854] systemd[1]: Created slice User and Session Slice.
[    2.224901] systemd[1]: Started Forward Password Requests to Wall Directory Watch.
[    2.225063] systemd[1]: Set up automount Arbitrary Executable File Formats File System Automount Point.
[    2.225096] systemd[1]: Reached target User and Group Name Lookups.
[    2.225104] systemd[1]: Reached target Remote File Systems.
[    2.225112] systemd[1]: Reached target Slices.
[    2.225603] systemd[1]: Listening on Syslog Socket.
[    2.225670] systemd[1]: Listening on fsck to fsckd communication Socket.
[    2.225707] systemd[1]: Listening on initctl Compatibility Named Pipe.
[    2.225845] systemd[1]: Listening on Journal Audit Socket.
[    2.225896] systemd[1]: Listening on Journal Socket (/dev/log).
[    2.225966] systemd[1]: Listening on Journal Socket.
[    2.226032] systemd[1]: Listening on udev Control Socket.
[    2.226073] systemd[1]: Listening on udev Kernel Socket.
[    2.226829] systemd[1]: Mounting Huge Pages File System...
[    2.227812] systemd[1]: Mounting POSIX Message Queue File System...
[    2.228682] systemd[1]: Mounting Kernel Debug File System...
[    2.229548] systemd[1]: Mounting Kernel Trace File System...
[    2.231482] systemd[1]: Starting Journal Service...
[    2.258899] systemd[1]: Starting Set the console keyboard layout...
[    2.266876] systemd[1]: Starting Create list of static device nodes for the current kernel...
[    2.268898] systemd[1]: Starting Load Kernel Module drm...
[    2.269901] systemd[1]: Condition check resulted in Set Up Additional Binary Formats being skipped.
[    2.269948] systemd[1]: Condition check resulted in File System Check on Root Device being skipped.
[    2.281064] systemd[1]: Starting Load Kernel Modules...
[    2.290792] systemd[1]: Starting Remount Root and Kernel File Systems...
[    2.300885] systemd[1]: Starting udev Coldplug all Devices...
[    2.310652] systemd[1]: Starting Uncomplicated firewall...
[    2.312685] EXT4-fs (sda2): re-mounted. Opts: errors=remount-ro
[    2.318082] systemd[1]: Mounted Huge Pages File System.
[    2.318167] systemd[1]: Mounted POSIX Message Queue File System.
[    2.318239] systemd[1]: Mounted Kernel Debug File System.
[    2.318307] systemd[1]: Mounted Kernel Trace File System.
[    2.333863] systemd[1]: Finished Create list of static device nodes for the current kernel.
[    2.334156] systemd[1]: modprobe@drm.service: Succeeded.
[    2.334527] systemd[1]: Finished Load Kernel Module drm.
[    2.340839] systemd[1]: Finished Remount Root and Kernel File Systems.
[    2.342939] lp: driver loaded but no devices found
[    2.359636] systemd[1]: Finished Uncomplicated firewall.
[    2.376160] systemd[1]: Condition check resulted in Rebuild Hardware Database being skipped.
[    2.376201] systemd[1]: Condition check resulted in Platform Persistent Storage Archival being skipped.
[    2.376947] systemd[1]: Starting Load/Save Random Seed...
[    2.378785] ppdev: user-space parallel port driver
[    2.387010] systemd[1]: Starting Create System Users...
[    2.397596] systemd[1]: Finished Load/Save Random Seed.
[    2.404497] systemd[1]: Finished Create System Users.
[    2.405300] systemd[1]: Starting Create Static Device Nodes in /dev...
[    2.440527] systemd[1]: Finished Create Static Device Nodes in /dev.
[    2.441426] systemd[1]: Starting udev Kernel Device Manager...
[    2.451884] systemd[1]: Finished udev Coldplug all Devices.
[    2.464756] [drm] DMA map mode: Caching DMA mappings.
[    2.464827] [drm] Capabilities:
[    2.464827] [drm]   Rect copy.
[    2.464827] [drm]   Cursor.
[    2.464828] [drm]   Cursor bypass.
[    2.464828] [drm]   Cursor bypass 2.
[    2.464828] [drm]   Alpha cursor.
[    2.464829] [drm]   Extended Fifo.
[    2.464829] [drm]   Pitchlock.
[    2.464829] [drm]   Irq mask.
[    2.464830] [drm]   GMR.
[    2.464830] [drm]   Traces.
[    2.464830] [drm]   GMR2.
[    2.464831] [drm]   Screen Object 2.
[    2.464831] [drm]   Command Buffers.
[    2.464832] [drm]   Command Buffers 2.
[    2.464832] [drm]   Guest Backed Resources.
[    2.464833] [drm] Max GMR ids is 8192
[    2.464833] [drm] Max number of GMR pages is 1048576
[    2.464834] [drm] Max dedicated hypervisor surface memory is 393216 kiB
[    2.464834] [drm] Maximum display memory size is 131072 kiB
[    2.464835] [drm] VRAM at 0xe0000000 size is 131072 kiB
[    2.464836] [drm] MMIO at 0xf0000000 size is 2048 kiB
[    2.465424] [TTM] Zone  kernel: Available graphics memory: 1011738 KiB
[    2.465451] [TTM] Initializing pool allocator
[    2.465455] [TTM] Initializing DMA pool allocator
[    2.465485] [drm] Supports vblank timestamp caching Rev 2 (21.10.2013).
[    2.465485] [drm] No driver support for vblank timestamp query.
[    2.465715] [drm] Screen Target Display device initialized
[    2.465950] [drm] width 720
[    2.465961] [drm] height 400
[    2.465965] [drm] bpp 32
[    2.466473] [drm] Fifo max 0x00200000 min 0x00001000 cap 0x00000355
[    2.469172] [drm] Using command buffers with DMA pool.
[    2.469176] [drm] DX: no.
[    2.469177] [drm] Atomic: yes.
[    2.469177] [drm] SM4_1: no.
[    2.469197] [drm:vmw_host_log [vmwgfx]] *ERROR* Failed to send host log message.
[    2.470075] [drm:vmw_host_log [vmwgfx]] *ERROR* Failed to send host log message.
[    2.499263] fbcon: svgadrmfb (fb0) is primary device
[    2.501567] Console: switching to colour frame buffer device 100x37
[    2.508653] [drm] Initialized vmwgfx 2.15.0 20180704 for 0000:00:02.0 on minor 0
[    2.509996] systemd[1]: Finished Load Kernel Modules.
[    2.510908] systemd[1]: Mounting FUSE Control File System...
[    2.512043] systemd[1]: Mounting Kernel Configuration File System...
[    2.535509] systemd[1]: Starting Apply Kernel Variables...
[    2.544247] systemd[1]: Mounted FUSE Control File System.
[    2.544311] systemd[1]: Condition check resulted in VMware vmblock fuse mount being skipped.
[    2.547278] systemd[1]: Mounted Kernel Configuration File System.
[    2.558029] systemd[1]: Finished Apply Kernel Variables.
[    2.560597] systemd[1]: Finished Set the console keyboard layout.
[    2.560674] systemd[1]: Reached target Local File Systems (Pre).
[    2.564435] systemd[1]: Mounting Mount unit for bare, revision 5...
[    2.567641] systemd[1]: Mounting Mount unit for core18, revision 1705...
[    2.588351] systemd[1]: Mounting Mount unit for gnome-3-34-1804, revision 24...
[    2.594642] systemd[1]: Mounting Mount unit for gtk-common-themes, revision 1506...
[    2.603481] systemd[1]: Mounting Mount unit for gtk-common-themes, revision 1535...
[    2.608512] systemd[1]: Mounting Mount unit for snap-store, revision 433...
[    2.618798] systemd[1]: Mounting Mount unit for snapd, revision 25935...
[    2.658138] systemd[1]: Mounted Mount unit for gnome-3-34-1804, revision 24.
[    2.658916] systemd[1]: Mounted Mount unit for core18, revision 1705.
[    2.663369] systemd[1]: Started udev Kernel Device Manager.
[    2.664116] systemd[1]: Starting Show Plymouth Boot Screen...
[    2.670659] systemd[1]: Mounted Mount unit for gtk-common-themes, revision 1506.
[    2.675543] systemd[1]: Received SIGRTMIN+20 from PID 287 (plymouthd).
[    2.695232] systemd[1]: Started Show Plymouth Boot Screen.
[    2.695370] systemd[1]: Condition check resulted in Dispatch Password Requests to Console Directory Watch being skipped.
[    2.695466] systemd[1]: Started Forward Password Requests to Plymouth Directory Watch.
[    2.695497] systemd[1]: Reached target Local Encrypted Volumes.
[    2.711382] systemd[1]: Mounted Mount unit for bare, revision 5.
[    2.767589] systemd[1]: Mounted Mount unit for gtk-common-themes, revision 1535.
[    2.767830] systemd[1]: Mounted Mount unit for snap-store, revision 433.
[    2.768007] systemd[1]: Mounted Mount unit for snapd, revision 25935.
[    2.769605] systemd[1]: Reached target Local File Systems.
[    2.770453] systemd[1]: Starting Load AppArmor profiles...
[    2.772725] systemd[1]: Starting Set console font and keymap...
[    2.785878] systemd[1]: Starting Tell Plymouth To Write Out Runtime Data...
[    2.787287] systemd[1]: Condition check resulted in Store a System Token in an EFI Variable being skipped.
[    2.787339] systemd[1]: Condition check resulted in Commit a transient machine-id on disk being skipped.
[    2.789745] systemd[1]: Finished Set console font and keymap.
[    2.799070] systemd[1]: Received SIGRTMIN+20 from PID 287 (plymouthd).
[    2.800274] systemd[1]: plymouth-read-write.service: Succeeded.
[    2.800500] systemd[1]: Finished Tell Plymouth To Write Out Runtime Data.
[    2.834414] audit: type=1400 audit(1768733736.688:2): apparmor="STATUS" operation="profile_load" profile="unconfined" name="nvidia_modprobe" pid=301 comm="apparmor_parser"
[    2.834416] audit: type=1400 audit(1768733736.688:3): apparmor="STATUS" operation="profile_load" profile="unconfined" name="nvidia_modprobe//kmod" pid=301 comm="apparmor_parser"
[    2.840419] audit: type=1400 audit(1768733736.692:4): apparmor="STATUS" operation="profile_load" profile="unconfined" name="/usr/sbin/tcpdump" pid=302 comm="apparmor_parser"
[    2.866880] audit: type=1400 audit(1768733736.712:5): apparmor="STATUS" operation="profile_load" profile="unconfined" name="/usr/bin/evince" pid=304 comm="apparmor_parser"
[    2.866882] audit: type=1400 audit(1768733736.712:6): apparmor="STATUS" operation="profile_load" profile="unconfined" name="/usr/bin/evince//sanitized_helper" pid=304 comm="apparmor_parser"
[    2.866885] audit: type=1400 audit(1768733736.712:7): apparmor="STATUS" operation="profile_load" profile="unconfined" name="/usr/bin/evince-previewer" pid=304 comm="apparmor_parser"
[    2.866886] audit: type=1400 audit(1768733736.712:8): apparmor="STATUS" operation="profile_load" profile="unconfined" name="/usr/bin/evince-previewer//sanitized_helper" pid=304 comm="apparmor_parser"
[    2.866888] audit: type=1400 audit(1768733736.712:9): apparmor="STATUS" operation="profile_load" profile="unconfined" name="/usr/bin/evince-thumbnailer" pid=304 comm="apparmor_parser"
[    2.897457] audit: type=1400 audit(1768733736.752:10): apparmor="STATUS" operation="profile_load" profile="unconfined" name="/usr/lib/cups/backend/cups-pdf" pid=305 comm="apparmor_parser"
[    2.959649] systemd[1]: Finished Load AppArmor profiles.
[    2.960576] systemd[1]: Starting Load AppArmor profiles managed internally by snapd...
[    3.080575] systemd[1]: Finished Load AppArmor profiles managed internally by snapd.
[    3.211107] systemd[1]: Started Journal Service.
[    3.220788] systemd-journald[229]: Received client request to flush runtime journal.
[    3.223834] systemd-journald[229]: File /var/log/journal/c455b248004a419c87ce85eea238d727/system.journal corrupted or uncleanly shut down, renaming and replacing.
[    4.542431] RAPL PMU: API unit is 2^-32 Joules, 0 fixed counters, 10737418240 ms ovfl timer
[    4.629961] cryptd: max_cpu_qlen set to 1000
[    4.675068] AVX2 version of gcm_enc/dec engaged.
[    4.675069] AES CTR mode by8 optimization enabled
[    6.445667] Adding 1998844k swap on /dev/sda1.  Priority:-2 extents:1 across:1998844k FS
[    8.010048] kauditd_printk_skb: 30 callbacks suppressed
[    8.010049] audit: type=1400 audit(1768733741.860:41): apparmor="DENIED" operation="capable" profile="/usr/sbin/cups-browsed" pid=506 comm="cups-browsed" capability=23  capname="sys_nice"
[    8.956518] pcnet32 0000:00:03.0 enp0s3: link up, 100Mbps, full-duplex
[    8.997342] e1000: enp0s8 NIC Link is Up 1000 Mbps Full Duplex, Flow Control: RX
[    8.997639] IPv6: ADDRCONF(NETDEV_CHANGE): enp0s8: link becomes ready
[    9.013807] e1000: enp0s9 NIC Link is Up 1000 Mbps Full Duplex, Flow Control: RX
[    9.014104] IPv6: ADDRCONF(NETDEV_CHANGE): enp0s9: link becomes ready
[    9.673888] device enp0s3 entered promiscuous mode
[    9.678132] audit: type=1400 audit(1768733743.528:42): apparmor="DENIED" operation="open" profile="/usr/sbin/tcpdump" name="/proc/sys/kernel/random/boot_id" pid=650 comm="tcpdump" requested_mask="r" denied_mask="r" fsuid=0 ouid=0
[    9.680484] audit: type=1400 audit(1768733743.536:43): apparmor="DENIED" operation="open" profile="/usr/sbin/tcpdump" name="/proc/sys/kernel/random/boot_id" pid=650 comm="tcpdump" requested_mask="r" denied_mask="r" fsuid=0 ouid=0
[    9.680534] audit: type=1400 audit(1768733743.536:44): apparmor="DENIED" operation="open" profile="/usr/sbin/tcpdump" name="/proc/sys/kernel/random/boot_id" pid=650 comm="tcpdump" requested_mask="r" denied_mask="r" fsuid=0 ouid=0
[    9.680553] audit: type=1400 audit(1768733743.536:45): apparmor="DENIED" operation="open" profile="/usr/sbin/tcpdump" name="/proc/sys/kernel/random/boot_id" pid=650 comm="tcpdump" requested_mask="r" denied_mask="r" fsuid=0 ouid=0
[    9.701780] audit: type=1400 audit(1768733743.552:46): apparmor="DENIED" operation="open" profile="/usr/sbin/tcpdump" name="/proc/sys/kernel/random/boot_id" pid=651 comm="tcpdump" requested_mask="r" denied_mask="r" fsuid=0 ouid=0
[    9.703005] audit: type=1400 audit(1768733743.552:47): apparmor="DENIED" operation="open" profile="/usr/sbin/tcpdump" name="/proc/sys/kernel/random/boot_id" pid=651 comm="tcpdump" requested_mask="r" denied_mask="r" fsuid=0 ouid=0
[    9.703152] audit: type=1400 audit(1768733743.552:48): apparmor="DENIED" operation="open" profile="/usr/sbin/tcpdump" name="/proc/sys/kernel/random/boot_id" pid=651 comm="tcpdump" requested_mask="r" denied_mask="r" fsuid=0 ouid=0
[    9.703213] audit: type=1400 audit(1768733743.552:49): apparmor="DENIED" operation="open" profile="/usr/sbin/tcpdump" name="/proc/sys/kernel/random/boot_id" pid=651 comm="tcpdump" requested_mask="r" denied_mask="r" fsuid=0 ouid=0
[   15.776965] rfkill: input handler disabled
[   92.909098] rfkill: input handler enabled
[  101.561821] rfkill: input handler disabled
[  219.378663] AAAAA-TCP_SEND: name:enp0s3: saddr:100932208: daddr:16783984: srtt_us:0: RTT:0: ssthresh:2147483647: cwnd:10: delivered:0: lost:0: retrans:0
[  220.216038] AAAAA-TCP_SEND: name:enp0s3: saddr:100932208: daddr:16783984: srtt_us:0: RTT:0: ssthresh:7: cwnd:1: delivered:0: lost:1: retrans:1
[  220.546303] AAAAA-TCP_RECV: name:enp0s3: saddr:16783984: daddr:100932208: srtt_us:0: RTT:0: ssthresh:7: cwnd:1: delivered:0: lost:1: retrans:1
[  220.546384] AAAAA-TCP_SEND: name:enp0s3: saddr:100932208: daddr:16783984: srtt_us:11096000: RTT:1387000: ssthresh:2147483647: cwnd:10: delivered:1: lost:1: retrans:1
[  220.547599] AAAAA-TCP_SEND: name:enp0s3: saddr:100932208: daddr:16783984: srtt_us:11096000: RTT:1387000: ssthresh:2147483647: cwnd:10: delivered:1: lost:1: retrans:1
[  220.824047] AAAAA-TCP_RECV: name:enp0s3: saddr:16783984: daddr:100932208: srtt_us:11096000: RTT:1387000: ssthresh:2147483647: cwnd:10: delivered:1: lost:1: retrans:1
[  220.990100] AAAAA-TCP_RECV: name:enp0s3: saddr:16783984: daddr:100932208: srtt_us:11096000: RTT:1387000: ssthresh:2147483647: cwnd:10: delivered:1: lost:1: retrans:1
[  220.990783] AAAAA-TCP_SEND: name:enp0s3: saddr:100932208: daddr:33561200: srtt_us:0: RTT:0: ssthresh:2147483647: cwnd:10: delivered:0: lost:0: retrans:0
[  221.054112] AAAAA-TCP_RECV: name:enp0s3: saddr:16783984: daddr:100932208: srtt_us:10151551: RTT:1268943: ssthresh:2147483647: cwnd:10: delivered:2: lost:1: retrans:1
[  221.054149] AAAAA-TCP_SEND: name:enp0s3: saddr:100932208: daddr:16783984: srtt_us:10151551: RTT:1268943: ssthresh:2147483647: cwnd:10: delivered:2: lost:1: retrans:1
[  221.054334] AAAAA-TCP_SEND: name:enp0s3: saddr:100932208: daddr:16783984: srtt_us:10151551: RTT:1268943: ssthresh:2147483647: cwnd:10: delivered:2: lost:1: retrans:1
[  221.433783] AAAAA-TCP_RECV: name:enp0s3: saddr:33561200: daddr:100932208: srtt_us:0: RTT:0: ssthresh:2147483647: cwnd:10: delivered:0: lost:0: retrans:0
[  221.433840] AAAAA-TCP_SEND: name:enp0s3: saddr:100932208: daddr:33561200: srtt_us:3544264: RTT:443033: ssthresh:2147483647: cwnd:10: delivered:1: lost:0: retrans:0
[  221.634370] AAAAA-TCP_RECV: name:enp0s3: saddr:16783984: daddr:100932208: srtt_us:10151551: RTT:1268943: ssthresh:2147483647: cwnd:10: delivered:2: lost:1: retrans:1
[  221.634414] AAAAA-TCP_SEND: name:enp0s3: saddr:100932208: daddr:16783984: srtt_us:10151551: RTT:1268943: ssthresh:2147483647: cwnd:10: delivered:2: lost:1: retrans:1
[  221.785562] AAAAA-TCP_RECV: name:enp0s3: saddr:33561200: daddr:100932208: srtt_us:3544264: RTT:443033: ssthresh:2147483647: cwnd:10: delivered:1: lost:0: retrans:0
[  221.830909] AAAAA-TCP_RECV: name:enp0s3: saddr:16783984: daddr:100932208: srtt_us:9462686: RTT:1182835: ssthresh:2147483647: cwnd:10: delivered:3: lost:1: retrans:1
[  221.871815] AAAAA-TCP_RECV: name:enp0s3: saddr:16783984: daddr:100932208: srtt_us:8476373: RTT:1059546: ssthresh:2147483647: cwnd:10: delivered:4: lost:1: retrans:1
[  221.871868] AAAAA-TCP_SEND: name:enp0s3: saddr:100932208: daddr:16783984: srtt_us:8476373: RTT:1059546: ssthresh:2147483647: cwnd:10: delivered:4: lost:1: retrans:1
[  221.872190] AAAAA-TCP_SEND: name:enp0s3: saddr:100932208: daddr:16783984: srtt_us:0: RTT:0: ssthresh:2147483647: cwnd:10: delivered:0: lost:0: retrans:0
[  222.098166] AAAAA-TCP_RECV: name:enp0s3: saddr:16783984: daddr:100932208: srtt_us:0: RTT:0: ssthresh:2147483647: cwnd:10: delivered:0: lost:0: retrans:0
[  222.098227] AAAAA-TCP_SEND: name:enp0s3: saddr:100932208: daddr:16783984: srtt_us:1808016: RTT:226002: ssthresh:2147483647: cwnd:10: delivered:1: lost:0: retrans:0
[  222.098388] AAAAA-TCP_SEND: name:enp0s3: saddr:100932208: daddr:16783984: srtt_us:1808016: RTT:226002: ssthresh:2147483647: cwnd:10: delivered:1: lost:0: retrans:0
[  222.263711] AAAAA-TCP_RECV: name:enp0s3: saddr:16783984: daddr:100932208: srtt_us:1808016: RTT:226002: ssthresh:2147483647: cwnd:10: delivered:1: lost:0: retrans:0
[  222.338354] AAAAA-TCP_RECV: name:enp0s3: saddr:16783984: daddr:100932208: srtt_us:1808016: RTT:226002: ssthresh:2147483647: cwnd:10: delivered:1: lost:0: retrans:0
[  222.338403] AAAAA-TCP_SEND: name:enp0s3: saddr:100932208: daddr:33561200: srtt_us:0: RTT:0: ssthresh:2147483647: cwnd:10: delivered:0: lost:0: retrans:0
[  222.465037] AAAAA-TCP_RECV: name:enp0s3: saddr:16783984: daddr:100932208: srtt_us:8476373: RTT:1059546: ssthresh:2147483647: cwnd:10: delivered:4: lost:1: retrans:1
[  222.465054] AAAAA-TCP_SEND: name:enp0s3: saddr:100932208: daddr:16783984: srtt_us:8476373: RTT:1059546: ssthresh:2147483647: cwnd:10: delivered:4: lost:1: retrans:1
[  222.589617] AAAAA-TCP_RECV: name:enp0s3: saddr:33561200: daddr:100932208: srtt_us:0: RTT:0: ssthresh:2147483647: cwnd:10: delivered:0: lost:0: retrans:0
[  222.589644] AAAAA-TCP_SEND: name:enp0s3: saddr:100932208: daddr:33561200: srtt_us:2009776: RTT:251222: ssthresh:2147483647: cwnd:10: delivered:1: lost:0: retrans:0
[  222.729285] AAAAA-TCP_RECV: name:enp0s3: saddr:16783984: daddr:100932208: srtt_us:8476373: RTT:1059546: ssthresh:2147483647: cwnd:10: delivered:4: lost:1: retrans:1
[  222.729300] AAAAA-TCP_SEND: name:enp0s3: saddr:100932208: daddr:16783984: srtt_us:8476373: RTT:1059546: ssthresh:2147483647: cwnd:10: delivered:4: lost:1: retrans:1
[  222.729388] AAAAA-TCP_SEND: name:enp0s3: saddr:100932208: daddr:16783984: srtt_us:1821989: RTT:227748: ssthresh:2147483647: cwnd:10: delivered:2: lost:0: retrans:0
[  222.729405] AAAAA-TCP_SEND: name:enp0s3: saddr:100932208: daddr:16783984: srtt_us:1821989: RTT:227748: ssthresh:2147483647: cwnd:10: delivered:2: lost:0: retrans:0
[  222.729461] AAAAA-TCP_SEND: name:enp0s3: saddr:100932208: daddr:16783984: srtt_us:1821989: RTT:227748: ssthresh:2147483647: cwnd:10: delivered:2: lost:0: retrans:0
[  222.729474] AAAAA-TCP_SEND: name:enp0s3: saddr:100932208: daddr:16783984: srtt_us:1821989: RTT:227748: ssthresh:2147483647: cwnd:10: delivered:2: lost:0: retrans:0
[  222.729569] AAAAA-TCP_SEND: name:enp0s3: saddr:100932208: daddr:16783984: srtt_us:1821989: RTT:227748: ssthresh:2147483647: cwnd:10: delivered:2: lost:0: retrans:0
[  222.729585] AAAAA-TCP_SEND: name:enp0s3: saddr:100932208: daddr:16783984: srtt_us:1821989: RTT:227748: ssthresh:2147483647: cwnd:10: delivered:2: lost:0: retrans:0
[  222.729684] AAAAA-TCP_SEND: name:enp0s3: saddr:100932208: daddr:16783984: srtt_us:1821989: RTT:227748: ssthresh:2147483647: cwnd:10: delivered:2: lost:0: retrans:0
[  222.729704] AAAAA-TCP_SEND: name:enp0s3: saddr:100932208: daddr:16783984: srtt_us:1821989: RTT:227748: ssthresh:2147483647: cwnd:10: delivered:2: lost:0: retrans:0
[  222.729781] AAAAA-TCP_SEND: name:enp0s3: saddr:100932208: daddr:16783984: srtt_us:1821989: RTT:227748: ssthresh:2147483647: cwnd:10: delivered:2: lost:0: retrans:0
[  222.729794] AAAAA-TCP_SEND: name:enp0s3: saddr:100932208: daddr:16783984: srtt_us:1821989: RTT:227748: ssthresh:2147483647: cwnd:10: delivered:2: lost:0: retrans:0
[  223.041369] AAAAA-TCP_RECV: name:enp0s3: saddr:33561200: daddr:100932208: srtt_us:2009776: RTT:251222: ssthresh:2147483647: cwnd:10: delivered:1: lost:0: retrans:0
[  223.041426] AAAAA-TCP_SEND: name:enp0s3: saddr:100932208: daddr:33561200: srtt_us:2009776: RTT:251222: ssthresh:2147483647: cwnd:10: delivered:1: lost:0: retrans:0
[  223.041451] AAAAA-TCP_SEND: name:enp0s3: saddr:100932208: daddr:33561200: srtt_us:2009776: RTT:251222: ssthresh:2147483647: cwnd:10: delivered:1: lost:0: retrans:0
[  223.041589] AAAAA-TCP_SEND: name:enp0s3: saddr:100932208: daddr:33561200: srtt_us:2009776: RTT:251222: ssthresh:2147483647: cwnd:10: delivered:1: lost:0: retrans:0
[  223.041606] AAAAA-TCP_SEND: name:enp0s3: saddr:100932208: daddr:33561200: srtt_us:2009776: RTT:251222: ssthresh:2147483647: cwnd:10: delivered:1: lost:0: retrans:0
[  223.041673] AAAAA-TCP_SEND: name:enp0s3: saddr:100932208: daddr:33561200: srtt_us:2009776: RTT:251222: ssthresh:2147483647: cwnd:10: delivered:1: lost:0: retrans:0
[  223.041688] AAAAA-TCP_SEND: name:enp0s3: saddr:100932208: daddr:33561200: srtt_us:2009776: RTT:251222: ssthresh:2147483647: cwnd:10: delivered:1: lost:0: retrans:0
[  223.041755] AAAAA-TCP_SEND: name:enp0s3: saddr:100932208: daddr:33561200: srtt_us:2009776: RTT:251222: ssthresh:2147483647: cwnd:10: delivered:1: lost:0: retrans:0
[  223.041769] AAAAA-TCP_SEND: name:enp0s3: saddr:100932208: daddr:33561200: srtt_us:2009776: RTT:251222: ssthresh:2147483647: cwnd:10: delivered:1: lost:0: retrans:0
[  223.041835] AAAAA-TCP_SEND: name:enp0s3: saddr:100932208: daddr:33561200: srtt_us:2009776: RTT:251222: ssthresh:2147483647: cwnd:10: delivered:1: lost:0: retrans:0
[  223.041850] AAAAA-TCP_SEND: name:enp0s3: saddr:100932208: daddr:33561200: srtt_us:2009776: RTT:251222: ssthresh:2147483647: cwnd:10: delivered:1: lost:0: retrans:0
[  223.215286] AAAAA-TCP_SEND: name:enp0s3: saddr:100932208: daddr:16783984: srtt_us:1821989: RTT:227748: ssthresh:2147483647: cwnd:10: delivered:2: lost:0: retrans:1
[  223.244696] AAAAA-TCP_RECV: name:enp0s3: saddr:16783984: daddr:100932208: srtt_us:1821989: RTT:227748: ssthresh:2147483647: cwnd:10: delivered:2: lost:0: retrans:1
[  223.244741] AAAAA-TCP_SEND: name:enp0s3: saddr:100932208: daddr:16783984: srtt_us:2109599: RTT:263699: ssthresh:2147483647: cwnd:11: delivered:3: lost:0: retrans:1
[  223.244762] AAAAA-TCP_SEND: name:enp0s3: saddr:100932208: daddr:16783984: srtt_us:2109599: RTT:263699: ssthresh:2147483647: cwnd:11: delivered:3: lost:0: retrans:1
[  223.321088] AAAAA-TCP_RECV: name:enp0s3: saddr:16783984: daddr:100932208: srtt_us:2109599: RTT:263699: ssthresh:2147483647: cwnd:11: delivered:3: lost:0: retrans:1
[  223.321162] AAAAA-TCP_SEND: name:enp0s3: saddr:100932208: daddr:16783984: srtt_us:2437620: RTT:304702: ssthresh:2147483647: cwnd:12: delivered:4: lost:0: retrans:1
[  223.321249] AAAAA-TCP_SEND: name:enp0s3: saddr:100932208: daddr:16783984: srtt_us:2437620: RTT:304702: ssthresh:2147483647: cwnd:12: delivered:4: lost:0: retrans:1
[  223.403351] AAAAA-TCP_RECV: name:enp0s3: saddr:16783984: daddr:100932208: srtt_us:2437620: RTT:304702: ssthresh:2147483647: cwnd:12: delivered:4: lost:0: retrans:1
[  223.403378] AAAAA-TCP_SEND: name:enp0s3: saddr:100932208: daddr:16783984: srtt_us:2806812: RTT:350851: ssthresh:2147483647: cwnd:13: delivered:5: lost:0: retrans:1
[  223.403404] AAAAA-TCP_SEND: name:enp0s3: saddr:100932208: daddr:16783984: srtt_us:2806812: RTT:350851: ssthresh:2147483647: cwnd:13: delivered:5: lost:0: retrans:1
[  223.552461] AAAAA-TCP_RECV: name:enp0s3: saddr:16783984: daddr:100932208: srtt_us:2806812: RTT:350851: ssthresh:2147483647: cwnd:13: delivered:5: lost:0: retrans:1
[  223.552544] AAAAA-TCP_SEND: name:enp0s3: saddr:100932208: daddr:16783984: srtt_us:3278989: RTT:409873: ssthresh:2147483647: cwnd:14: delivered:6: lost:0: retrans:1
[  223.552629] AAAAA-TCP_SEND: name:enp0s3: saddr:100932208: daddr:16783984: srtt_us:3278989: RTT:409873: ssthresh:2147483647: cwnd:14: delivered:6: lost:0: retrans:1
[  223.567396] AAAAA-TCP_SEND: name:enp0s3: saddr:100932208: daddr:33561200: srtt_us:2009776: RTT:251222: ssthresh:2147483647: cwnd:10: delivered:1: lost:0: retrans:0
[  223.600863] AAAAA-TCP_RECV: name:enp0s3: saddr:16783984: daddr:100932208: srtt_us:3278989: RTT:409873: ssthresh:2147483647: cwnd:14: delivered:6: lost:0: retrans:1
[  223.600941] AAAAA-TCP_SEND: name:enp0s3: saddr:100932208: daddr:16783984: srtt_us:3740453: RTT:467556: ssthresh:2147483647: cwnd:15: delivered:7: lost:0: retrans:1
[  223.601076] AAAAA-TCP_SEND: name:enp0s3: saddr:100932208: daddr:16783984: srtt_us:3740453: RTT:467556: ssthresh:2147483647: cwnd:15: delivered:7: lost:0: retrans:1
[  223.676782] AAAAA-TCP_RECV: name:enp0s3: saddr:16783984: daddr:100932208: srtt_us:3740453: RTT:467556: ssthresh:2147483647: cwnd:15: delivered:7: lost:0: retrans:1
[  223.676848] AAAAA-TCP_SEND: name:enp0s3: saddr:100932208: daddr:16783984: srtt_us:4220128: RTT:527516: ssthresh:2147483647: cwnd:16: delivered:8: lost:0: retrans:1
[  223.676918] AAAAA-TCP_SEND: name:enp0s3: saddr:100932208: daddr:16783984: srtt_us:4220128: RTT:527516: ssthresh:2147483647: cwnd:16: delivered:8: lost:0: retrans:1
[  223.829819] AAAAA-TCP_RECV: name:enp0s3: saddr:16783984: daddr:100932208: srtt_us:4220128: RTT:527516: ssthresh:2147483647: cwnd:16: delivered:8: lost:0: retrans:1
[  223.829866] AAAAA-TCP_SEND: name:enp0s3: saddr:100932208: daddr:16783984: srtt_us:4792753: RTT:599094: ssthresh:2147483647: cwnd:17: delivered:9: lost:0: retrans:1
[  223.829931] AAAAA-TCP_SEND: name:enp0s3: saddr:100932208: daddr:16783984: srtt_us:4792753: RTT:599094: ssthresh:2147483647: cwnd:17: delivered:9: lost:0: retrans:1
[  223.923959] AAAAA-TCP_RECV: name:enp0s3: saddr:16783984: daddr:100932208: srtt_us:4792753: RTT:599094: ssthresh:2147483647: cwnd:17: delivered:9: lost:0: retrans:1
[  223.924066] AAAAA-TCP_SEND: name:enp0s3: saddr:100932208: daddr:16783984: srtt_us:5387979: RTT:673497: ssthresh:2147483647: cwnd:18: delivered:10: lost:0: retrans:1
[  223.924146] AAAAA-TCP_SEND: name:enp0s3: saddr:100932208: daddr:16783984: srtt_us:5387979: RTT:673497: ssthresh:2147483647: cwnd:18: delivered:10: lost:0: retrans:1
[  224.023597] AAAAA-TCP_RECV: name:enp0s3: saddr:16783984: daddr:100932208: srtt_us:5387979: RTT:673497: ssthresh:2147483647: cwnd:18: delivered:10: lost:0: retrans:1
[  224.023643] AAAAA-TCP_SEND: name:enp0s3: saddr:100932208: daddr:16783984: srtt_us:6008321: RTT:751040: ssthresh:2147483647: cwnd:19: delivered:11: lost:0: retrans:1
[  224.023681] AAAAA-TCP_SEND: name:enp0s3: saddr:100932208: daddr:16783984: srtt_us:6008321: RTT:751040: ssthresh:2147483647: cwnd:19: delivered:11: lost:0: retrans:1
[  224.108413] AAAAA-TCP_RECV: name:enp0s3: saddr:16783984: daddr:100932208: srtt_us:6008321: RTT:751040: ssthresh:2147483647: cwnd:19: delivered:11: lost:0: retrans:1
[  224.108455] AAAAA-TCP_SEND: name:enp0s3: saddr:100932208: daddr:16783984: srtt_us:6636281: RTT:829535: ssthresh:2147483647: cwnd:20: delivered:12: lost:0: retrans:1
[  224.108492] AAAAA-TCP_SEND: name:enp0s3: saddr:100932208: daddr:16783984: srtt_us:6636281: RTT:829535: ssthresh:2147483647: cwnd:20: delivered:12: lost:0: retrans:1
[  224.335285] AAAAA-TCP_SEND: name:enp0s3: saddr:100932208: daddr:33561200: srtt_us:2009776: RTT:251222: ssthresh:7: cwnd:1: delivered:1: lost:11: retrans:1
[  224.375410] AAAAA-TCP_RECV: name:enp0s3: saddr:33561200: daddr:100932208: srtt_us:2009776: RTT:251222: ssthresh:7: cwnd:1: delivered:1: lost:11: retrans:1
[  224.375458] AAAAA-TCP_SEND: name:enp0s3: saddr:100932208: daddr:33561200: srtt_us:3092554: RTT:386569: ssthresh:2147483647: cwnd:11: delivered:2: lost:11: retrans:1
[  224.437393] AAAAA-TCP_RECV: name:enp0s3: saddr:33561200: daddr:100932208: srtt_us:3092554: RTT:386569: ssthresh:2147483647: cwnd:11: delivered:2: lost:11: retrans:1
[  224.437426] AAAAA-TCP_SEND: name:enp0s3: saddr:100932208: daddr:33561200: srtt_us:4101977: RTT:512747: ssthresh:2147483647: cwnd:12: delivered:3: lost:11: retrans:1
[  224.437460] AAAAA-TCP_SEND: name:enp0s3: saddr:100932208: daddr:33561200: srtt_us:4101977: RTT:512747: ssthresh:2147483647: cwnd:12: delivered:3: lost:11: retrans:1
[  224.563342] AAAAA-TCP_RECV: name:enp0s3: saddr:33561200: daddr:100932208: srtt_us:4101977: RTT:512747: ssthresh:2147483647: cwnd:12: delivered:3: lost:11: retrans:1
[  224.563389] AAAAA-TCP_SEND: name:enp0s3: saddr:100932208: daddr:33561200: srtt_us:5111006: RTT:638875: ssthresh:2147483647: cwnd:13: delivered:4: lost:11: retrans:1
[  224.563428] AAAAA-TCP_SEND: name:enp0s3: saddr:100932208: daddr:33561200: srtt_us:5111006: RTT:638875: ssthresh:2147483647: cwnd:13: delivered:4: lost:11: retrans:1
[  224.698793] AAAAA-TCP_RECV: name:enp0s3: saddr:33561200: daddr:100932208: srtt_us:5111006: RTT:638875: ssthresh:2147483647: cwnd:13: delivered:4: lost:11: retrans:1
[  224.698836] AAAAA-TCP_SEND: name:enp0s3: saddr:100932208: daddr:33561200: srtt_us:6129357: RTT:766169: ssthresh:2147483647: cwnd:14: delivered:5: lost:11: retrans:1
[  224.698874] AAAAA-TCP_SEND: name:enp0s3: saddr:100932208: daddr:33561200: srtt_us:6129357: RTT:766169: ssthresh:2147483647: cwnd:14: delivered:5: lost:11: retrans:1
[  224.737346] AAAAA-TCP_RECV: name:enp0s3: saddr:33561200: daddr:100932208: srtt_us:6129357: RTT:766169: ssthresh:2147483647: cwnd:14: delivered:5: lost:11: retrans:1
[  224.737379] AAAAA-TCP_SEND: name:enp0s3: saddr:100932208: daddr:33561200: srtt_us:7058878: RTT:882359: ssthresh:2147483647: cwnd:15: delivered:6: lost:11: retrans:1
[  224.737410] AAAAA-TCP_SEND: name:enp0s3: saddr:100932208: daddr:33561200: srtt_us:7058878: RTT:882359: ssthresh:2147483647: cwnd:15: delivered:6: lost:11: retrans:1
[  224.874075] AAAAA-TCP_RECV: name:enp0s3: saddr:33561200: daddr:100932208: srtt_us:7058878: RTT:882359: ssthresh:2147483647: cwnd:15: delivered:6: lost:11: retrans:1
[  224.874116] AAAAA-TCP_SEND: name:enp0s3: saddr:100932208: daddr:33561200: srtt_us:8008940: RTT:1001117: ssthresh:2147483647: cwnd:16: delivered:7: lost:11: retrans:1
[  224.874151] AAAAA-TCP_SEND: name:enp0s3: saddr:100932208: daddr:33561200: srtt_us:8008940: RTT:1001117: ssthresh:2147483647: cwnd:16: delivered:7: lost:11: retrans:1
[  224.955626] AAAAA-TCP_RECV: name:enp0s3: saddr:33561200: daddr:100932208: srtt_us:8008940: RTT:1001117: ssthresh:2147483647: cwnd:16: delivered:7: lost:11: retrans:1
[  224.955666] AAAAA-TCP_SEND: name:enp0s3: saddr:100932208: daddr:33561200: srtt_us:8921712: RTT:1115214: ssthresh:2147483647: cwnd:17: delivered:8: lost:11: retrans:1
[  224.955701] AAAAA-TCP_SEND: name:enp0s3: saddr:100932208: daddr:33561200: srtt_us:8921712: RTT:1115214: ssthresh:2147483647: cwnd:17: delivered:8: lost:11: retrans:1
[  225.031407] AAAAA-TCP_RECV: name:enp0s3: saddr:33561200: daddr:100932208: srtt_us:8921712: RTT:1115214: ssthresh:2147483647: cwnd:17: delivered:8: lost:11: retrans:1
[  225.031445] AAAAA-TCP_SEND: name:enp0s3: saddr:100932208: daddr:33561200: srtt_us:9796168: RTT:1224521: ssthresh:2147483647: cwnd:18: delivered:9: lost:11: retrans:1
[  225.031479] AAAAA-TCP_SEND: name:enp0s3: saddr:100932208: daddr:33561200: srtt_us:9796168: RTT:1224521: ssthresh:2147483647: cwnd:18: delivered:9: lost:11: retrans:1
[  225.123201] AAAAA-TCP_RECV: name:enp0s3: saddr:33561200: daddr:100932208: srtt_us:9796168: RTT:1224521: ssthresh:2147483647: cwnd:18: delivered:9: lost:11: retrans:1
[  225.123238] AAAAA-TCP_SEND: name:enp0s3: saddr:100932208: daddr:33561200: srtt_us:10653031: RTT:1331628: ssthresh:2147483647: cwnd:19: delivered:10: lost:11: retrans:1
[  225.123268] AAAAA-TCP_SEND: name:enp0s3: saddr:100932208: daddr:33561200: srtt_us:10653031: RTT:1331628: ssthresh:2147483647: cwnd:19: delivered:10: lost:11: retrans:1
[  225.180213] AAAAA-TCP_RECV: name:enp0s3: saddr:33561200: daddr:100932208: srtt_us:10653031: RTT:1331628: ssthresh:2147483647: cwnd:19: delivered:10: lost:11: retrans:1
[  225.180258] AAAAA-TCP_SEND: name:enp0s3: saddr:100932208: daddr:33561200: srtt_us:11459787: RTT:1432473: ssthresh:2147483647: cwnd:20: delivered:11: lost:11: retrans:1
[  225.180316] AAAAA-TCP_SEND: name:enp0s3: saddr:100932208: daddr:33561200: srtt_us:11459787: RTT:1432473: ssthresh:2147483647: cwnd:20: delivered:11: lost:11: retrans:1
[  226.224077] AAAAA-TCP_SEND: name:enp0s3: saddr:100932208: daddr:16783984: srtt_us:6636281: RTT:829535: ssthresh:14: cwnd:1: delivered:12: lost:20: retrans:2
[  226.877069] AAAAA-TCP_RECV: name:enp0s3: saddr:16783984: daddr:100932208: srtt_us:6636281: RTT:829535: ssthresh:14: cwnd:1: delivered:12: lost:20: retrans:2
[  226.877122] AAAAA-TCP_SEND: name:enp0s3: saddr:100932208: daddr:16783984: srtt_us:9438746: RTT:1179843: ssthresh:2147483647: cwnd:22: delivered:14: lost:20: retrans:2
[  226.877153] AAAAA-TCP_SEND: name:enp0s3: saddr:100932208: daddr:16783984: srtt_us:9438746: RTT:1179843: ssthresh:2147483647: cwnd:22: delivered:14: lost:20: retrans:2
[  226.877993] AAAAA-TCP_SEND: name:enp0s3: saddr:100932208: daddr:16783984: srtt_us:9438746: RTT:1179843: ssthresh:2147483647: cwnd:22: delivered:14: lost:20: retrans:2
[  226.878013] AAAAA-TCP_SEND: name:enp0s3: saddr:100932208: daddr:16783984: srtt_us:9438746: RTT:1179843: ssthresh:2147483647: cwnd:22: delivered:14: lost:20: retrans:2
[  227.136555] AAAAA-TCP_RECV: name:enp0s3: saddr:16783984: daddr:100932208: srtt_us:9438746: RTT:1179843: ssthresh:2147483647: cwnd:22: delivered:14: lost:20: retrans:2
[  227.136601] AAAAA-TCP_SEND: name:enp0s3: saddr:100932208: daddr:16783984: srtt_us:12074330: RTT:1509291: ssthresh:2147483647: cwnd:23: delivered:15: lost:20: retrans:2
[  227.136629] AAAAA-TCP_SEND: name:enp0s3: saddr:100932208: daddr:16783984: srtt_us:12074330: RTT:1509291: ssthresh:2147483647: cwnd:23: delivered:15: lost:20: retrans:2
[  227.451291] AAAAA-TCP_RECV: name:enp0s3: saddr:16783984: daddr:100932208: srtt_us:12074330: RTT:1509291: ssthresh:2147483647: cwnd:23: delivered:15: lost:20: retrans:2
[  227.451363] AAAAA-TCP_SEND: name:enp0s3: saddr:100932208: daddr:16783984: srtt_us:14695138: RTT:1836892: ssthresh:2147483647: cwnd:24: delivered:16: lost:20: retrans:2
[  227.451398] AAAAA-TCP_SEND: name:enp0s3: saddr:100932208: daddr:16783984: srtt_us:14695138: RTT:1836892: ssthresh:2147483647: cwnd:24: delivered:16: lost:20: retrans:2
[  227.580679] AAAAA-TCP_RECV: name:enp0s3: saddr:16783984: daddr:100932208: srtt_us:14695138: RTT:1836892: ssthresh:2147483647: cwnd:24: delivered:16: lost:20: retrans:2
[  227.580743] AAAAA-TCP_SEND: name:enp0s3: saddr:100932208: daddr:16783984: srtt_us:17035595: RTT:2129449: ssthresh:2147483647: cwnd:25: delivered:17: lost:20: retrans:2
[  227.580810] AAAAA-TCP_SEND: name:enp0s3: saddr:100932208: daddr:16783984: srtt_us:17035595: RTT:2129449: ssthresh:2147483647: cwnd:25: delivered:17: lost:20: retrans:2
[  227.763022] AAAAA-TCP_RECV: name:enp0s3: saddr:16783984: daddr:100932208: srtt_us:17035595: RTT:2129449: ssthresh:2147483647: cwnd:25: delivered:17: lost:20: retrans:2
[  227.763066] AAAAA-TCP_SEND: name:enp0s3: saddr:100932208: daddr:16783984: srtt_us:19265784: RTT:2408223: ssthresh:2147483647: cwnd:26: delivered:18: lost:20: retrans:2
[  227.763097] AAAAA-TCP_SEND: name:enp0s3: saddr:100932208: daddr:16783984: srtt_us:19265784: RTT:2408223: ssthresh:2147483647: cwnd:26: delivered:18: lost:20: retrans:2
[  227.989947] AAAAA-TCP_RECV: name:enp0s3: saddr:16783984: daddr:100932208: srtt_us:19265784: RTT:2408223: ssthresh:2147483647: cwnd:26: delivered:18: lost:20: retrans:2
[  227.989988] AAAAA-TCP_SEND: name:enp0s3: saddr:100932208: daddr:16783984: srtt_us:21294997: RTT:2661874: ssthresh:2147483647: cwnd:27: delivered:19: lost:20: retrans:2
[  227.990018] AAAAA-TCP_SEND: name:enp0s3: saddr:100932208: daddr:16783984: srtt_us:21294997: RTT:2661874: ssthresh:2147483647: cwnd:27: delivered:19: lost:20: retrans:2
[  228.208125] AAAAA-TCP_SEND: name:enp0s3: saddr:100932208: daddr:33561200: srtt_us:11459787: RTT:1432473: ssthresh:2147483647: cwnd:20: delivered:11: lost:11: retrans:1
[  228.323969] AAAAA-TCP_RECV: name:enp0s3: saddr:16783984: daddr:100932208: srtt_us:21294997: RTT:2661874: ssthresh:2147483647: cwnd:27: delivered:19: lost:20: retrans:2
[  228.324013] AAAAA-TCP_SEND: name:enp0s3: saddr:100932208: daddr:16783984: srtt_us:23404489: RTT:2925561: ssthresh:2147483647: cwnd:28: delivered:20: lost:20: retrans:2
[  228.324043] AAAAA-TCP_SEND: name:enp0s3: saddr:100932208: daddr:16783984: srtt_us:23404489: RTT:2925561: ssthresh:2147483647: cwnd:28: delivered:20: lost:20: retrans:2
[  228.586119] AAAAA-TCP_RECV: name:enp0s3: saddr:33561200: daddr:100932208: srtt_us:11459787: RTT:1432473: ssthresh:2147483647: cwnd:20: delivered:11: lost:11: retrans:1
[  228.586229] AAAAA-TCP_SEND: name:enp0s3: saddr:100932208: daddr:33561200: srtt_us:15046110: RTT:1880763: ssthresh:2147483647: cwnd:21: delivered:12: lost:11: retrans:1
[  228.722599] AAAAA-TCP_RECV: name:enp0s3: saddr:16783984: daddr:100932208: srtt_us:23404489: RTT:2925561: ssthresh:2147483647: cwnd:28: delivered:20: lost:20: retrans:2
[  228.722643] AAAAA-TCP_SEND: name:enp0s3: saddr:100932208: daddr:16783984: srtt_us:25600617: RTT:3200077: ssthresh:2147483647: cwnd:29: delivered:21: lost:20: retrans:2
[  228.722673] AAAAA-TCP_SEND: name:enp0s3: saddr:100932208: daddr:16783984: srtt_us:25600617: RTT:3200077: ssthresh:2147483647: cwnd:29: delivered:21: lost:20: retrans:2
[  228.932944] AAAAA-TCP_RECV: name:enp0s3: saddr:16783984: daddr:100932208: srtt_us:25600617: RTT:3200077: ssthresh:2147483647: cwnd:29: delivered:21: lost:20: retrans:2
[  228.932991] AAAAA-TCP_SEND: name:enp0s3: saddr:100932208: daddr:16783984: srtt_us:27732438: RTT:3466554: ssthresh:2147483647: cwnd:30: delivered:22: lost:20: retrans:2
[  228.933024] AAAAA-TCP_SEND: name:enp0s3: saddr:100932208: daddr:16783984: srtt_us:27732438: RTT:3466554: ssthresh:2147483647: cwnd:30: delivered:22: lost:20: retrans:2
[  229.068456] AAAAA-TCP_RECV: name:enp0s3: saddr:16783984: daddr:100932208: srtt_us:27732438: RTT:3466554: ssthresh:2147483647: cwnd:30: delivered:22: lost:20: retrans:2
[  229.068487] AAAAA-TCP_SEND: name:enp0s3: saddr:100932208: daddr:16783984: srtt_us:29657506: RTT:3707188: ssthresh:30: cwnd:30: delivered:23: lost:20: retrans:2
[  229.249643] AAAAA-TCP_RECV: name:enp0s3: saddr:16783984: daddr:100932208: srtt_us:29657506: RTT:3707188: ssthresh:30: cwnd:30: delivered:23: lost:20: retrans:2
[  229.249689] AAAAA-TCP_SEND: name:enp0s3: saddr:100932208: daddr:16783984: srtt_us:31523067: RTT:3940383: ssthresh:30: cwnd:31: delivered:24: lost:20: retrans:2
[  229.249718] AAAAA-TCP_SEND: name:enp0s3: saddr:100932208: daddr:16783984: srtt_us:31523067: RTT:3940383: ssthresh:30: cwnd:31: delivered:24: lost:20: retrans:2
[  229.404845] AAAAA-TCP_RECV: name:enp0s3: saddr:16783984: daddr:100932208: srtt_us:31523067: RTT:3940383: ssthresh:30: cwnd:31: delivered:24: lost:20: retrans:2
[  229.404874] AAAAA-TCP_SEND: name:enp0s3: saddr:100932208: daddr:16783984: srtt_us:33157681: RTT:4144710: ssthresh:30: cwnd:31: delivered:25: lost:20: retrans:2
[  229.489956] AAAAA-TCP_RECV: name:enp0s3: saddr:16783984: daddr:100932208: srtt_us:33157681: RTT:4144710: ssthresh:30: cwnd:31: delivered:25: lost:20: retrans:2
[  229.489991] AAAAA-TCP_SEND: name:enp0s3: saddr:100932208: daddr:16783984: srtt_us:34673004: RTT:4334125: ssthresh:30: cwnd:32: delivered:26: lost:20: retrans:2
[  229.490031] AAAAA-TCP_SEND: name:enp0s3: saddr:100932208: daddr:16783984: srtt_us:34673004: RTT:4334125: ssthresh:30: cwnd:32: delivered:26: lost:20: retrans:2
[  229.593803] AAAAA-TCP_RECV: name:enp0s3: saddr:16783984: daddr:100932208: srtt_us:34673004: RTT:4334125: ssthresh:30: cwnd:32: delivered:26: lost:20: retrans:2
[  229.593886] AAAAA-TCP_SEND: name:enp0s3: saddr:100932208: daddr:16783984: srtt_us:36008672: RTT:4501084: ssthresh:30: cwnd:32: delivered:27: lost:20: retrans:2
[  229.749165] AAAAA-TCP_RECV: name:enp0s3: saddr:16783984: daddr:100932208: srtt_us:36008672: RTT:4501084: ssthresh:30: cwnd:32: delivered:27: lost:20: retrans:2
[  229.749198] AAAAA-TCP_SEND: name:enp0s3: saddr:100932208: daddr:16783984: srtt_us:37332617: RTT:4666577: ssthresh:30: cwnd:33: delivered:28: lost:20: retrans:2
[  229.749227] AAAAA-TCP_SEND: name:enp0s3: saddr:100932208: daddr:16783984: srtt_us:37332617: RTT:4666577: ssthresh:30: cwnd:33: delivered:28: lost:20: retrans:2
[  229.916730] AAAAA-TCP_RECV: name:enp0s3: saddr:16783984: daddr:100932208: srtt_us:37332617: RTT:4666577: ssthresh:30: cwnd:33: delivered:28: lost:20: retrans:2
[  229.916779] AAAAA-TCP_SEND: name:enp0s3: saddr:100932208: daddr:16783984: srtt_us:38559155: RTT:4819894: ssthresh:30: cwnd:33: delivered:29: lost:20: retrans:2
[  230.025036] AAAAA-TCP_RECV: name:enp0s3: saddr:16783984: daddr:100932208: srtt_us:38559155: RTT:4819894: ssthresh:30: cwnd:33: delivered:29: lost:20: retrans:2
[  230.025080] AAAAA-TCP_SEND: name:enp0s3: saddr:100932208: daddr:16783984: srtt_us:39740636: RTT:4967579: ssthresh:30: cwnd:34: delivered:30: lost:20: retrans:2
[  230.025126] AAAAA-TCP_SEND: name:enp0s3: saddr:100932208: daddr:16783984: srtt_us:39740636: RTT:4967579: ssthresh:30: cwnd:34: delivered:30: lost:20: retrans:2
[  230.199349] AAAAA-TCP_RECV: name:enp0s3: saddr:16783984: daddr:100932208: srtt_us:39740636: RTT:4967579: ssthresh:30: cwnd:34: delivered:30: lost:20: retrans:2
[  230.199377] AAAAA-TCP_SEND: name:enp0s3: saddr:100932208: daddr:16783984: srtt_us:40863962: RTT:5107995: ssthresh:30: cwnd:35: delivered:32: lost:20: retrans:2
[  230.199406] AAAAA-TCP_SEND: name:enp0s3: saddr:100932208: daddr:16783984: srtt_us:40863962: RTT:5107995: ssthresh:30: cwnd:35: delivered:32: lost:20: retrans:2
[  230.319844] AAAAA-TCP_RECV: name:enp0s3: saddr:33561200: daddr:100932208: srtt_us:15046110: RTT:1880763: ssthresh:2147483647: cwnd:21: delivered:12: lost:11: retrans:1
[  230.445523] AAAAA-TCP_RECV: name:enp0s3: saddr:33561200: daddr:100932208: srtt_us:15046110: RTT:1880763: ssthresh:2147483647: cwnd:21: delivered:13: lost:11: retrans:1
[  230.445571] AAAAA-TCP_SEND: name:enp0s3: saddr:100932208: daddr:33561200: srtt_us:19235433: RTT:2404429: ssthresh:2147483647: cwnd:22: delivered:14: lost:11: retrans:1
[  230.669662] AAAAA-TCP_RECV: name:enp0s3: saddr:33561200: daddr:100932208: srtt_us:19235433: RTT:2404429: ssthresh:2147483647: cwnd:22: delivered:14: lost:11: retrans:1
[  230.760110] AAAAA-TCP_RECV: name:enp0s3: saddr:33561200: daddr:100932208: srtt_us:23063249: RTT:2882906: ssthresh:2147483647: cwnd:23: delivered:15: lost:11: retrans:1
[  230.859358] AAAAA-TCP_RECV: name:enp0s3: saddr:33561200: daddr:100932208: srtt_us:26503011: RTT:3312876: ssthresh:2147483647: cwnd:24: delivered:16: lost:11: retrans:1
[  231.021151] AAAAA-TCP_RECV: name:enp0s3: saddr:33561200: daddr:100932208: srtt_us:29486115: RTT:3685764: ssthresh:2147483647: cwnd:25: delivered:17: lost:11: retrans:1
[  231.156494] AAAAA-TCP_RECV: name:enp0s3: saddr:33561200: daddr:100932208: srtt_us:32258079: RTT:4032259: ssthresh:2147483647: cwnd:26: delivered:18: lost:11: retrans:1
[  231.252794] AAAAA-TCP_RECV: name:enp0s3: saddr:33561200: daddr:100932208: srtt_us:34683505: RTT:4335438: ssthresh:2147483647: cwnd:27: delivered:19: lost:11: retrans:1
[  231.487566] AAAAA-TCP_RECV: name:enp0s3: saddr:33561200: daddr:100932208: srtt_us:36902009: RTT:4612751: ssthresh:2147483647: cwnd:28: delivered:20: lost:11: retrans:1
[  231.555114] AAAAA-TCP_RECV: name:enp0s3: saddr:33561200: daddr:100932208: srtt_us:39039471: RTT:4879933: ssthresh:2147483647: cwnd:29: delivered:21: lost:11: retrans:1
[  231.601729] AAAAA-TCP_RECV: name:enp0s3: saddr:33561200: daddr:100932208: srtt_us:40977263: RTT:5122157: ssthresh:29: cwnd:29: delivered:22: lost:11: retrans:1
[  231.790847] AAAAA-TCP_RECV: name:enp0s3: saddr:33561200: daddr:100932208: srtt_us:42582743: RTT:5322842: ssthresh:29: cwnd:29: delivered:23: lost:11: retrans:1
[  231.857587] AAAAA-TCP_RECV: name:enp0s3: saddr:33561200: daddr:100932208: srtt_us:44176619: RTT:5522077: ssthresh:29: cwnd:29: delivered:24: lost:11: retrans:1
[  231.893138] AAAAA-TCP_RECV: name:enp0s3: saddr:33561200: daddr:100932208: srtt_us:45556487: RTT:5694560: ssthresh:29: cwnd:29: delivered:25: lost:11: retrans:1
[  231.914365] AAAAA-TCP_RECV: name:enp0s3: saddr:33561200: daddr:100932208: srtt_us:46799381: RTT:5849922: ssthresh:29: cwnd:29: delivered:26: lost:11: retrans:1
[  231.947882] AAAAA-TCP_RECV: name:enp0s3: saddr:33561200: daddr:100932208: srtt_us:47832399: RTT:5979049: ssthresh:29: cwnd:29: delivered:27: lost:11: retrans:1
[  231.984022] AAAAA-TCP_RECV: name:enp0s3: saddr:33561200: daddr:100932208: srtt_us:48769767: RTT:6096220: ssthresh:29: cwnd:29: delivered:28: lost:11: retrans:1
[  232.029345] AAAAA-TCP_RECV: name:enp0s3: saddr:33561200: daddr:100932208: srtt_us:49534350: RTT:6191793: ssthresh:29: cwnd:29: delivered:29: lost:11: retrans:1
[  232.055831] AAAAA-TCP_RECV: name:enp0s3: saddr:33561200: daddr:100932208: srtt_us:50248653: RTT:6281081: ssthresh:29: cwnd:29: delivered:30: lost:11: retrans:1
[  232.143174] AAAAA-TCP_RECV: name:enp0s3: saddr:16783984: daddr:100932208: srtt_us:40863962: RTT:5107995: ssthresh:30: cwnd:35: delivered:32: lost:20: retrans:2
[  232.198056] AAAAA-TCP_RECV: name:enp0s3: saddr:16783984: daddr:100932208: srtt_us:40863962: RTT:5107995: ssthresh:30: cwnd:35: delivered:33: lost:20: retrans:2
[  232.268862] AAAAA-TCP_RECV: name:enp0s3: saddr:16783984: daddr:100932208: srtt_us:41076924: RTT:5134615: ssthresh:30: cwnd:35: delivered:34: lost:20: retrans:2
[  232.297317] AAAAA-TCP_RECV: name:enp0s3: saddr:16783984: daddr:100932208: srtt_us:41334060: RTT:5166757: ssthresh:30: cwnd:36: delivered:35: lost:20: retrans:2
[  232.350701] AAAAA-TCP_RECV: name:enp0s3: saddr:16783984: daddr:100932208: srtt_us:41586634: RTT:5198329: ssthresh:30: cwnd:36: delivered:36: lost:20: retrans:2
[  232.432366] AAAAA-TCP_RECV: name:enp0s3: saddr:16783984: daddr:100932208: srtt_us:41861032: RTT:5232629: ssthresh:30: cwnd:37: delivered:37: lost:20: retrans:2
[  232.477723] AAAAA-TCP_RECV: name:enp0s3: saddr:16783984: daddr:100932208: srtt_us:41924192: RTT:5240524: ssthresh:30: cwnd:37: delivered:38: lost:20: retrans:2
[  232.520385] AAAAA-TCP_RECV: name:enp0s3: saddr:16783984: daddr:100932208: srtt_us:42024800: RTT:5253100: ssthresh:30: cwnd:38: delivered:39: lost:20: retrans:2
[  232.598476] AAAAA-TCP_RECV: name:enp0s3: saddr:16783984: daddr:100932208: srtt_us:41840747: RTT:5230093: ssthresh:30: cwnd:38: delivered:40: lost:20: retrans:2
[  232.598512] AAAAA-TCP_SEND: name:enp0s3: saddr:100932208: daddr:16783984: srtt_us:41628412: RTT:5203551: ssthresh:26: cwnd:26: delivered:41: lost:21: retrans:3
[  232.633482] AAAAA-TCP_RECV: name:enp0s3: saddr:16783984: daddr:100932208: srtt_us:41628412: RTT:5203551: ssthresh:26: cwnd:26: delivered:41: lost:21: retrans:3
[  232.655968] AAAAA-TCP_RECV: name:enp0s3: saddr:16783984: daddr:100932208: srtt_us:41477624: RTT:5184703: ssthresh:26: cwnd:26: delivered:42: lost:21: retrans:3
[  232.691240] AAAAA-TCP_RECV: name:enp0s3: saddr:16783984: daddr:100932208: srtt_us:41185845: RTT:5148230: ssthresh:26: cwnd:25: delivered:43: lost:21: retrans:3
[  232.735392] AAAAA-TCP_RECV: name:enp0s3: saddr:16783984: daddr:100932208: srtt_us:40965809: RTT:5120726: ssthresh:26: cwnd:24: delivered:44: lost:21: retrans:3
[  232.818609] AAAAA-TCP_RECV: name:enp0s3: saddr:16783984: daddr:100932208: srtt_us:40590507: RTT:5073813: ssthresh:26: cwnd:23: delivered:45: lost:21: retrans:3
[  232.945334] AAAAA-TCP_RECV: name:enp0s3: saddr:33561200: daddr:100932208: srtt_us:50843173: RTT:6355396: ssthresh:29: cwnd:29: delivered:32: lost:11: retrans:1
[  232.966268] AAAAA-TCP_RECV: name:enp0s3: saddr:16783984: daddr:100932208: srtt_us:40345341: RTT:5043167: ssthresh:26: cwnd:22: delivered:46: lost:21: retrans:3
[  233.002092] AAAAA-TCP_RECV: name:enp0s3: saddr:16783984: daddr:100932208: srtt_us:39944453: RTT:4993056: ssthresh:26: cwnd:21: delivered:47: lost:21: retrans:3
[  233.032448] AAAAA-TCP_RECV: name:enp0s3: saddr:33561200: daddr:100932208: srtt_us:49225024: RTT:6153128: ssthresh:29: cwnd:30: delivered:33: lost:11: retrans:1
[  233.152414] AAAAA-TCP_RECV: name:enp0s3: saddr:16783984: daddr:100932208: srtt_us:39629526: RTT:4953690: ssthresh:26: cwnd:20: delivered:48: lost:21: retrans:3
[  233.254462] AAAAA-TCP_RECV: name:enp0s3: saddr:16783984: daddr:100932208: srtt_us:39105654: RTT:4888206: ssthresh:26: cwnd:19: delivered:49: lost:21: retrans:3
[  233.325925] AAAAA-TCP_RECV: name:enp0s3: saddr:16783984: daddr:100932208: srtt_us:38749311: RTT:4843663: ssthresh:26: cwnd:18: delivered:50: lost:21: retrans:3
[  233.365360] AAAAA-TCP_RECV: name:enp0s3: saddr:16783984: daddr:100932208: srtt_us:38298632: RTT:4787329: ssthresh:26: cwnd:17: delivered:51: lost:21: retrans:3
[  233.409297] AAAAA-TCP_RECV: name:enp0s3: saddr:16783984: daddr:100932208: srtt_us:37943700: RTT:4742962: ssthresh:26: cwnd:16: delivered:52: lost:21: retrans:3
[  233.441800] AAAAA-TCP_RECV: name:enp0s3: saddr:16783984: daddr:100932208: srtt_us:37541610: RTT:4692701: ssthresh:26: cwnd:15: delivered:53: lost:21: retrans:3
[  233.477776] AAAAA-TCP_RECV: name:enp0s3: saddr:16783984: daddr:100932208: srtt_us:37041048: RTT:4630131: ssthresh:26: cwnd:14: delivered:54: lost:21: retrans:3
[  233.502006] AAAAA-TCP_RECV: name:enp0s3: saddr:16783984: daddr:100932208: srtt_us:36639015: RTT:4579876: ssthresh:26: cwnd:13: delivered:55: lost:21: retrans:3
[  233.562214] AAAAA-TCP_RECV: name:enp0s3: saddr:16783984: daddr:100932208: srtt_us:36156283: RTT:4519535: ssthresh:26: cwnd:12: delivered:56: lost:21: retrans:3
[  233.593800] AAAAA-TCP_RECV: name:enp0s3: saddr:16783984: daddr:100932208: srtt_us:35708985: RTT:4463623: ssthresh:26: cwnd:11: delivered:57: lost:21: retrans:3
[  233.627400] AAAAA-TCP_RECV: name:enp0s3: saddr:16783984: daddr:100932208: srtt_us:35349205: RTT:4418650: ssthresh:26: cwnd:10: delivered:58: lost:21: retrans:3
[  233.661132] AAAAA-TCP_RECV: name:enp0s3: saddr:16783984: daddr:100932208: srtt_us:34964108: RTT:4370513: ssthresh:26: cwnd:9: delivered:59: lost:21: retrans:3
[  233.691333] AAAAA-TCP_RECV: name:enp0s3: saddr:16783984: daddr:100932208: srtt_us:34505563: RTT:4313195: ssthresh:26: cwnd:8: delivered:60: lost:21: retrans:3
[  233.777994] AAAAA-TCP_RECV: name:enp0s3: saddr:16783984: daddr:100932208: srtt_us:34134535: RTT:4266816: ssthresh:26: cwnd:7: delivered:61: lost:21: retrans:3
[  233.807814] AAAAA-TCP_RECV: name:enp0s3: saddr:16783984: daddr:100932208: srtt_us:33728968: RTT:4216121: ssthresh:26: cwnd:6: delivered:62: lost:21: retrans:3
[  233.835490] AAAAA-TCP_RECV: name:enp0s3: saddr:16783984: daddr:100932208: srtt_us:33295614: RTT:4161951: ssthresh:26: cwnd:5: delivered:63: lost:21: retrans:3
[  233.874350] AAAAA-TCP_RECV: name:enp0s3: saddr:16783984: daddr:100932208: srtt_us:32944084: RTT:4118010: ssthresh:26: cwnd:4: delivered:64: lost:21: retrans:3
[  233.898127] AAAAA-TCP_RECV: name:enp0s3: saddr:16783984: daddr:100932208: srtt_us:32501058: RTT:4062632: ssthresh:26: cwnd:3: delivered:65: lost:21: retrans:3
[  233.997830] AAAAA-TCP_RECV: name:enp0s3: saddr:33561200: daddr:100932208: srtt_us:47518163: RTT:5939770: ssthresh:29: cwnd:30: delivered:34: lost:11: retrans:1
[  234.027341] AAAAA-TCP_RECV: name:enp0s3: saddr:16783984: daddr:100932208: srtt_us:32137171: RTT:4017146: ssthresh:26: cwnd:2: delivered:66: lost:21: retrans:3
[  245.670432] AAAAA-TCP_SEND: name:enp0s3: saddr:100932208: daddr:16783984: srtt_us:29549025: RTT:3693628: ssthresh:26: cwnd:26: delivered:67: lost:21: retrans:3
[  245.670577] AAAAA-TCP_SEND: name:enp0s3: saddr:100932208: daddr:33561200: srtt_us:45130683: RTT:5641335: ssthresh:29: cwnd:31: delivered:35: lost:11: retrans:1
[  245.670749] AAAAA-TCP_SEND: name:enp0s3: saddr:100932208: daddr:16783984: srtt_us:29549025: RTT:3693628: ssthresh:26: cwnd:26: delivered:67: lost:21: retrans:3
[  245.670794] AAAAA-TCP_SEND: name:enp0s3: saddr:100932208: daddr:33561200: srtt_us:45130683: RTT:5641335: ssthresh:29: cwnd:31: delivered:35: lost:11: retrans:1
[  245.671010] AAAAA-TCP_SEND: name:enp0s3: saddr:100932208: daddr:16783984: srtt_us:29549025: RTT:3693628: ssthresh:26: cwnd:26: delivered:67: lost:21: retrans:3
[  245.671049] AAAAA-TCP_SEND: name:enp0s3: saddr:100932208: daddr:33561200: srtt_us:45130683: RTT:5641335: ssthresh:29: cwnd:31: delivered:35: lost:11: retrans:1
[  245.675402] AAAAA-TCP_SEND: name:enp0s3: saddr:100932208: daddr:16783984: srtt_us:29549025: RTT:3693628: ssthresh:26: cwnd:26: delivered:67: lost:21: retrans:3
[  245.676514] AAAAA-TCP_SEND: name:enp0s3: saddr:100932208: daddr:33561200: srtt_us:45130683: RTT:5641335: ssthresh:29: cwnd:31: delivered:35: lost:11: retrans:1
[  245.676580] AAAAA-TCP_SEND: name:enp0s3: saddr:100932208: daddr:16783984: srtt_us:29549025: RTT:3693628: ssthresh:26: cwnd:26: delivered:67: lost:21: retrans:3
[  245.676721] AAAAA-TCP_SEND: name:enp0s3: saddr:100932208: daddr:33561200: srtt_us:45130683: RTT:5641335: ssthresh:29: cwnd:31: delivered:35: lost:11: retrans:1
[  245.676762] AAAAA-TCP_SEND: name:enp0s3: saddr:100932208: daddr:16783984: srtt_us:29549025: RTT:3693628: ssthresh:26: cwnd:26: delivered:67: lost:21: retrans:3
[  245.676900] AAAAA-TCP_SEND: name:enp0s3: saddr:100932208: daddr:33561200: srtt_us:45130683: RTT:5641335: ssthresh:29: cwnd:31: delivered:35: lost:11: retrans:1
[  245.676935] AAAAA-TCP_SEND: name:enp0s3: saddr:100932208: daddr:16783984: srtt_us:29549025: RTT:3693628: ssthresh:26: cwnd:26: delivered:67: lost:21: retrans:3
[  245.677069] AAAAA-TCP_SEND: name:enp0s3: saddr:100932208: daddr:33561200: srtt_us:45130683: RTT:5641335: ssthresh:29: cwnd:31: delivered:35: lost:11: retrans:1
[  245.677107] AAAAA-TCP_SEND: name:enp0s3: saddr:100932208: daddr:16783984: srtt_us:29549025: RTT:3693628: ssthresh:26: cwnd:26: delivered:67: lost:21: retrans:3
[  245.677245] AAAAA-TCP_SEND: name:enp0s3: saddr:100932208: daddr:33561200: srtt_us:45130683: RTT:5641335: ssthresh:29: cwnd:31: delivered:35: lost:11: retrans:1
[  245.677293] AAAAA-TCP_SEND: name:enp0s3: saddr:100932208: daddr:16783984: srtt_us:29549025: RTT:3693628: ssthresh:26: cwnd:26: delivered:67: lost:21: retrans:3
[  245.677594] AAAAA-TCP_SEND: name:enp0s3: saddr:100932208: daddr:33561200: srtt_us:45130683: RTT:5641335: ssthresh:29: cwnd:31: delivered:35: lost:11: retrans:1
[  245.677634] AAAAA-TCP_SEND: name:enp0s3: saddr:100932208: daddr:16783984: srtt_us:29549025: RTT:3693628: ssthresh:26: cwnd:26: delivered:67: lost:21: retrans:3
[  245.677779] AAAAA-TCP_SEND: name:enp0s3: saddr:100932208: daddr:33561200: srtt_us:45130683: RTT:5641335: ssthresh:29: cwnd:31: delivered:35: lost:11: retrans:1
[  245.677813] AAAAA-TCP_SEND: name:enp0s3: saddr:100932208: daddr:16783984: srtt_us:29549025: RTT:3693628: ssthresh:26: cwnd:26: delivered:67: lost:21: retrans:3
[  245.677953] AAAAA-TCP_SEND: name:enp0s3: saddr:100932208: daddr:33561200: srtt_us:45130683: RTT:5641335: ssthresh:29: cwnd:31: delivered:35: lost:11: retrans:1
[  245.678102] AAAAA-TCP_SEND: name:enp0s3: saddr:100932208: daddr:16783984: srtt_us:29549025: RTT:3693628: ssthresh:26: cwnd:26: delivered:67: lost:21: retrans:3
[  245.678140] AAAAA-TCP_SEND: name:enp0s3: saddr:100932208: daddr:33561200: srtt_us:45130683: RTT:5641335: ssthresh:29: cwnd:31: delivered:35: lost:11: retrans:1
[  245.678278] AAAAA-TCP_SEND: name:enp0s3: saddr:100932208: daddr:16783984: srtt_us:29549025: RTT:3693628: ssthresh:26: cwnd:26: delivered:67: lost:21: retrans:3
[  245.678316] AAAAA-TCP_SEND: name:enp0s3: saddr:100932208: daddr:33561200: srtt_us:45130683: RTT:5641335: ssthresh:29: cwnd:31: delivered:35: lost:11: retrans:1
[  245.678452] AAAAA-TCP_SEND: name:enp0s3: saddr:100932208: daddr:16783984: srtt_us:29549025: RTT:3693628: ssthresh:26: cwnd:26: delivered:67: lost:21: retrans:3
[  245.678487] AAAAA-TCP_SEND: name:enp0s3: saddr:100932208: daddr:33561200: srtt_us:45130683: RTT:5641335: ssthresh:29: cwnd:31: delivered:35: lost:11: retrans:1
[  245.678627] AAAAA-TCP_SEND: name:enp0s3: saddr:100932208: daddr:16783984: srtt_us:29549025: RTT:3693628: ssthresh:26: cwnd:26: delivered:67: lost:21: retrans:3
[  245.678665] AAAAA-TCP_SEND: name:enp0s3: saddr:100932208: daddr:33561200: srtt_us:45130683: RTT:5641335: ssthresh:29: cwnd:31: delivered:35: lost:11: retrans:1
[  245.678802] AAAAA-TCP_SEND: name:enp0s3: saddr:100932208: daddr:16783984: srtt_us:29549025: RTT:3693628: ssthresh:26: cwnd:26: delivered:67: lost:21: retrans:3
[  245.678838] AAAAA-TCP_SEND: name:enp0s3: saddr:100932208: daddr:33561200: srtt_us:45130683: RTT:5641335: ssthresh:29: cwnd:31: delivered:35: lost:11: retrans:1
[  245.678975] AAAAA-TCP_SEND: name:enp0s3: saddr:100932208: daddr:16783984: srtt_us:29549025: RTT:3693628: ssthresh:26: cwnd:26: delivered:67: lost:21: retrans:3
[  245.679009] AAAAA-TCP_SEND: name:enp0s3: saddr:100932208: daddr:33561200: srtt_us:45130683: RTT:5641335: ssthresh:29: cwnd:31: delivered:35: lost:11: retrans:1
[  245.679144] AAAAA-TCP_SEND: name:enp0s3: saddr:100932208: daddr:16783984: srtt_us:29549025: RTT:3693628: ssthresh:26: cwnd:26: delivered:67: lost:21: retrans:3
[  245.679188] AAAAA-TCP_SEND: name:enp0s3: saddr:100932208: daddr:33561200: srtt_us:45130683: RTT:5641335: ssthresh:29: cwnd:31: delivered:35: lost:11: retrans:1
[  245.685720] AAAAA-TCP_SEND: name:enp0s3: saddr:100932208: daddr:16783984: srtt_us:29549025: RTT:3693628: ssthresh:26: cwnd:26: delivered:67: lost:21: retrans:3
[  245.687828] AAAAA-TCP_SEND: name:enp0s3: saddr:100932208: daddr:33561200: srtt_us:45130683: RTT:5641335: ssthresh:29: cwnd:31: delivered:35: lost:11: retrans:1
[  245.688730] AAAAA-TCP_SEND: name:enp0s3: saddr:100932208: daddr:16783984: srtt_us:29549025: RTT:3693628: ssthresh:26: cwnd:26: delivered:67: lost:21: retrans:3
[  245.688793] AAAAA-TCP_SEND: name:enp0s3: saddr:100932208: daddr:33561200: srtt_us:45130683: RTT:5641335: ssthresh:29: cwnd:31: delivered:35: lost:11: retrans:1
[  245.688938] AAAAA-TCP_SEND: name:enp0s3: saddr:100932208: daddr:16783984: srtt_us:29549025: RTT:3693628: ssthresh:26: cwnd:26: delivered:67: lost:21: retrans:3
[  245.688973] AAAAA-TCP_SEND: name:enp0s3: saddr:100932208: daddr:33561200: srtt_us:45130683: RTT:5641335: ssthresh:29: cwnd:31: delivered:35: lost:11: retrans:1
[  245.689111] AAAAA-TCP_SEND: name:enp0s3: saddr:100932208: daddr:16783984: srtt_us:29549025: RTT:3693628: ssthresh:26: cwnd:26: delivered:67: lost:21: retrans:3
[  245.689152] AAAAA-TCP_SEND: name:enp0s3: saddr:100932208: daddr:33561200: srtt_us:45130683: RTT:5641335: ssthresh:29: cwnd:31: delivered:35: lost:11: retrans:1
[  245.689294] AAAAA-TCP_SEND: name:enp0s3: saddr:100932208: daddr:16783984: srtt_us:29549025: RTT:3693628: ssthresh:26: cwnd:26: delivered:67: lost:21: retrans:3
[  245.689404] AAAAA-TCP_SEND: name:enp0s3: saddr:100932208: daddr:33561200: srtt_us:45130683: RTT:5641335: ssthresh:29: cwnd:31: delivered:35: lost:11: retrans:1
[  245.689595] AAAAA-TCP_SEND: name:enp0s3: saddr:100932208: daddr:16783984: srtt_us:29549025: RTT:3693628: ssthresh:26: cwnd:26: delivered:67: lost:21: retrans:3
[  245.689633] AAAAA-TCP_SEND: name:enp0s3: saddr:100932208: daddr:33561200: srtt_us:45130683: RTT:5641335: ssthresh:29: cwnd:31: delivered:35: lost:11: retrans:1
[  245.689772] AAAAA-TCP_SEND: name:enp0s3: saddr:100932208: daddr:16783984: srtt_us:29549025: RTT:3693628: ssthresh:26: cwnd:26: delivered:67: lost:21: retrans:3
[  245.689816] AAAAA-TCP_SEND: name:enp0s3: saddr:100932208: daddr:33561200: srtt_us:45130683: RTT:5641335: ssthresh:29: cwnd:31: delivered:35: lost:11: retrans:1
[  245.689957] AAAAA-TCP_SEND: name:enp0s3: saddr:100932208: daddr:16783984: srtt_us:29549025: RTT:3693628: ssthresh:26: cwnd:26: delivered:67: lost:21: retrans:3
[  245.689992] AAAAA-TCP_SEND: name:enp0s3: saddr:100932208: daddr:33561200: srtt_us:45130683: RTT:5641335: ssthresh:29: cwnd:31: delivered:35: lost:11: retrans:1
[  245.690186] AAAAA-TCP_SEND: name:enp0s3: saddr:100932208: daddr:33561200: srtt_us:45130683: RTT:5641335: ssthresh:29: cwnd:31: delivered:35: lost:11: retrans:1
[  245.690227] AAAAA-TCP_SEND: name:enp0s3: saddr:100932208: daddr:33561200: srtt_us:45130683: RTT:5641335: ssthresh:29: cwnd:31: delivered:35: lost:11: retrans:1
[  245.690363] AAAAA-TCP_SEND: name:enp0s3: saddr:100932208: daddr:33561200: srtt_us:45130683: RTT:5641335: ssthresh:29: cwnd:31: delivered:35: lost:11: retrans:1
[  245.690403] AAAAA-TCP_SEND: name:enp0s3: saddr:100932208: daddr:33561200: srtt_us:45130683: RTT:5641335: ssthresh:29: cwnd:31: delivered:35: lost:11: retrans:1
[  245.690545] AAAAA-TCP_SEND: name:enp0s3: saddr:100932208: daddr:33561200: srtt_us:45130683: RTT:5641335: ssthresh:29: cwnd:31: delivered:35: lost:11: retrans:1
[  246.118945] AAAAA-TCP_RECV: name:enp0s3: saddr:16783984: daddr:100932208: srtt_us:29549025: RTT:3693628: ssthresh:26: cwnd:26: delivered:67: lost:21: retrans:3
[  246.119054] AAAAA-TCP_SEND: name:enp0s3: saddr:100932208: daddr:16783984: srtt_us:26303991: RTT:3287998: ssthresh:26: cwnd:27: delivered:68: lost:21: retrans:3
[  246.119122] AAAAA-TCP_SEND: name:enp0s3: saddr:100932208: daddr:16783984: srtt_us:26303991: RTT:3287998: ssthresh:26: cwnd:27: delivered:68: lost:21: retrans:3
[  246.836804] AAAAA-TCP_RECV: name:enp0s3: saddr:33561200: daddr:100932208: srtt_us:45130683: RTT:5641335: ssthresh:29: cwnd:31: delivered:35: lost:11: retrans:1
[  246.836862] AAAAA-TCP_SEND: name:enp0s3: saddr:100932208: daddr:33561200: srtt_us:40655674: RTT:5081959: ssthresh:29: cwnd:31: delivered:36: lost:11: retrans:1
[  246.982281] AAAAA-TCP_RECV: name:enp0s3: saddr:16783984: daddr:100932208: srtt_us:26303991: RTT:3287998: ssthresh:26: cwnd:27: delivered:68: lost:21: retrans:3
[  246.982323] AAAAA-TCP_SEND: name:enp0s3: saddr:100932208: daddr:16783984: srtt_us:24327549: RTT:3040943: ssthresh:26: cwnd:27: delivered:69: lost:21: retrans:3
[  247.290390] AAAAA-TCP_RECV: name:enp0s3: saddr:33561200: daddr:100932208: srtt_us:40655674: RTT:5081959: ssthresh:29: cwnd:31: delivered:36: lost:11: retrans:1
[  247.290434] AAAAA-TCP_SEND: name:enp0s3: saddr:100932208: daddr:33561200: srtt_us:37193342: RTT:4649167: ssthresh:29: cwnd:31: delivered:37: lost:11: retrans:1
[  247.423164] AAAAA-TCP_RECV: name:enp0s3: saddr:16783984: daddr:100932208: srtt_us:24327549: RTT:3040943: ssthresh:26: cwnd:27: delivered:69: lost:21: retrans:3
[  247.423216] AAAAA-TCP_SEND: name:enp0s3: saddr:100932208: daddr:16783984: srtt_us:23038784: RTT:2879848: ssthresh:26: cwnd:28: delivered:70: lost:21: retrans:3
[  247.423242] AAAAA-TCP_SEND: name:enp0s3: saddr:100932208: daddr:16783984: srtt_us:23038784: RTT:2879848: ssthresh:26: cwnd:28: delivered:70: lost:21: retrans:3
[  247.609530] AAAAA-TCP_RECV: name:enp0s3: saddr:33561200: daddr:100932208: srtt_us:37193342: RTT:4649167: ssthresh:29: cwnd:31: delivered:37: lost:11: retrans:1
[  247.609586] AAAAA-TCP_SEND: name:enp0s3: saddr:100932208: daddr:33561200: srtt_us:34482681: RTT:4310335: ssthresh:29: cwnd:32: delivered:38: lost:11: retrans:1
[  247.609612] AAAAA-TCP_SEND: name:enp0s3: saddr:100932208: daddr:33561200: srtt_us:34482681: RTT:4310335: ssthresh:29: cwnd:32: delivered:38: lost:11: retrans:1
[  247.844112] AAAAA-TCP_RECV: name:enp0s3: saddr:16783984: daddr:100932208: srtt_us:23038784: RTT:2879848: ssthresh:26: cwnd:28: delivered:70: lost:21: retrans:3
[  247.844166] AAAAA-TCP_SEND: name:enp0s3: saddr:100932208: daddr:16783984: srtt_us:22327686: RTT:2790960: ssthresh:26: cwnd:28: delivered:71: lost:21: retrans:3
[  248.044321] AAAAA-TCP_RECV: name:enp0s3: saddr:33561200: daddr:100932208: srtt_us:34482681: RTT:4310335: ssthresh:29: cwnd:32: delivered:38: lost:11: retrans:1
[  248.044349] AAAAA-TCP_SEND: name:enp0s3: saddr:100932208: daddr:33561200: srtt_us:32540170: RTT:4067521: ssthresh:29: cwnd:33: delivered:39: lost:11: retrans:1
[  248.044379] AAAAA-TCP_SEND: name:enp0s3: saddr:100932208: daddr:33561200: srtt_us:32540170: RTT:4067521: ssthresh:29: cwnd:33: delivered:39: lost:11: retrans:1
[  248.289050] AAAAA-TCP_RECV: name:enp0s3: saddr:16783984: daddr:100932208: srtt_us:22327686: RTT:2790960: ssthresh:26: cwnd:28: delivered:71: lost:21: retrans:3
[  248.289150] AAAAA-TCP_SEND: name:enp0s3: saddr:100932208: daddr:16783984: srtt_us:22149241: RTT:2768655: ssthresh:26: cwnd:29: delivered:72: lost:21: retrans:3
[  248.289216] AAAAA-TCP_SEND: name:enp0s3: saddr:100932208: daddr:16783984: srtt_us:22149241: RTT:2768655: ssthresh:26: cwnd:29: delivered:72: lost:21: retrans:3
[  248.445731] AAAAA-TCP_RECV: name:enp0s3: saddr:33561200: daddr:100932208: srtt_us:32540170: RTT:4067521: ssthresh:29: cwnd:33: delivered:39: lost:11: retrans:1
[  248.445859] AAAAA-TCP_SEND: name:enp0s3: saddr:100932208: daddr:33561200: srtt_us:31241743: RTT:3905217: ssthresh:29: cwnd:33: delivered:40: lost:11: retrans:1
[  248.706299] AAAAA-TCP_RECV: name:enp0s3: saddr:16783984: daddr:100932208: srtt_us:22149241: RTT:2768655: ssthresh:26: cwnd:29: delivered:72: lost:21: retrans:3
[  248.706346] AAAAA-TCP_SEND: name:enp0s3: saddr:100932208: daddr:16783984: srtt_us:22410149: RTT:2801268: ssthresh:26: cwnd:29: delivered:73: lost:21: retrans:3
[  248.862682] AAAAA-TCP_RECV: name:enp0s3: saddr:33561200: daddr:100932208: srtt_us:31241743: RTT:3905217: ssthresh:29: cwnd:33: delivered:40: lost:11: retrans:1
[  248.862735] AAAAA-TCP_SEND: name:enp0s3: saddr:100932208: daddr:33561200: srtt_us:30522331: RTT:3815291: ssthresh:29: cwnd:34: delivered:41: lost:11: retrans:1
[  248.862760] AAAAA-TCP_SEND: name:enp0s3: saddr:100932208: daddr:33561200: srtt_us:30522331: RTT:3815291: ssthresh:29: cwnd:34: delivered:41: lost:11: retrans:1
[  248.991914] AAAAA-TCP_RECV: name:enp0s3: saddr:16783984: daddr:100932208: srtt_us:22410149: RTT:2801268: ssthresh:26: cwnd:29: delivered:73: lost:21: retrans:3
[  248.991963] AAAAA-TCP_SEND: name:enp0s3: saddr:100932208: daddr:16783984: srtt_us:22923880: RTT:2865485: ssthresh:26: cwnd:30: delivered:74: lost:21: retrans:3
[  248.991987] AAAAA-TCP_SEND: name:enp0s3: saddr:100932208: daddr:16783984: srtt_us:22923880: RTT:2865485: ssthresh:26: cwnd:30: delivered:74: lost:21: retrans:3
[  249.329167] AAAAA-TCP_RECV: name:enp0s3: saddr:33561200: daddr:100932208: srtt_us:30522331: RTT:3815291: ssthresh:29: cwnd:34: delivered:41: lost:11: retrans:1
[  249.329212] AAAAA-TCP_SEND: name:enp0s3: saddr:100932208: daddr:33561200: srtt_us:30359162: RTT:3794895: ssthresh:29: cwnd:34: delivered:42: lost:11: retrans:1
[  249.748157] AAAAA-TCP_RECV: name:enp0s3: saddr:16783984: daddr:100932208: srtt_us:22923880: RTT:2865485: ssthresh:26: cwnd:30: delivered:74: lost:21: retrans:3
[  249.748201] AAAAA-TCP_SEND: name:enp0s3: saddr:100932208: daddr:16783984: srtt_us:24129467: RTT:3016183: ssthresh:26: cwnd:30: delivered:75: lost:21: retrans:3
[  249.936913] AAAAA-TCP_RECV: name:enp0s3: saddr:33561200: daddr:100932208: srtt_us:30359162: RTT:3794895: ssthresh:29: cwnd:34: delivered:42: lost:11: retrans:1
[  249.936969] AAAAA-TCP_SEND: name:enp0s3: saddr:100932208: daddr:33561200: srtt_us:30823959: RTT:3852994: ssthresh:29: cwnd:35: delivered:43: lost:11: retrans:1
[  249.936996] AAAAA-TCP_SEND: name:enp0s3: saddr:100932208: daddr:33561200: srtt_us:30823959: RTT:3852994: ssthresh:29: cwnd:35: delivered:43: lost:11: retrans:1
[  250.352829] AAAAA-TCP_RECV: name:enp0s3: saddr:16783984: daddr:100932208: srtt_us:24129467: RTT:3016183: ssthresh:26: cwnd:30: delivered:75: lost:21: retrans:3
[  250.352881] AAAAA-TCP_SEND: name:enp0s3: saddr:100932208: daddr:16783984: srtt_us:25788844: RTT:3223605: ssthresh:26: cwnd:31: delivered:76: lost:21: retrans:3
[  250.352907] AAAAA-TCP_SEND: name:enp0s3: saddr:100932208: daddr:16783984: srtt_us:25788844: RTT:3223605: ssthresh:26: cwnd:31: delivered:76: lost:21: retrans:3
[  250.680395] AAAAA-TCP_RECV: name:enp0s3: saddr:33561200: daddr:100932208: srtt_us:30823959: RTT:3852994: ssthresh:29: cwnd:35: delivered:43: lost:11: retrans:1
[  250.680442] AAAAA-TCP_SEND: name:enp0s3: saddr:100932208: daddr:33561200: srtt_us:31973795: RTT:3996724: ssthresh:29: cwnd:35: delivered:44: lost:11: retrans:1
[  250.814499] AAAAA-TCP_RECV: name:enp0s3: saddr:16783984: daddr:100932208: srtt_us:25788844: RTT:3223605: ssthresh:26: cwnd:31: delivered:76: lost:21: retrans:3
[  250.814540] AAAAA-TCP_SEND: name:enp0s3: saddr:100932208: daddr:16783984: srtt_us:27702127: RTT:3462765: ssthresh:26: cwnd:31: delivered:77: lost:21: retrans:3
[  250.914444] AAAAA-TCP_RECV: name:enp0s3: saddr:33561200: daddr:100932208: srtt_us:31973795: RTT:3996724: ssthresh:29: cwnd:35: delivered:44: lost:11: retrans:1
[  250.914531] AAAAA-TCP_SEND: name:enp0s3: saddr:100932208: daddr:33561200: srtt_us:33213776: RTT:4151722: ssthresh:29: cwnd:36: delivered:45: lost:11: retrans:1
[  250.914592] AAAAA-TCP_SEND: name:enp0s3: saddr:100932208: daddr:33561200: srtt_us:33213776: RTT:4151722: ssthresh:29: cwnd:36: delivered:45: lost:11: retrans:1
[  250.945289] AAAAA-TCP_RECV: name:enp0s3: saddr:16783984: daddr:100932208: srtt_us:27702127: RTT:3462765: ssthresh:26: cwnd:31: delivered:77: lost:21: retrans:3
[  251.246576] AAAAA-TCP_RECV: name:enp0s3: saddr:33561200: daddr:100932208: srtt_us:33213776: RTT:4151722: ssthresh:29: cwnd:36: delivered:45: lost:11: retrans:1
[  251.353334] AAAAA-TCP_RECV: name:enp0s3: saddr:16783984: daddr:100932208: srtt_us:29506883: RTT:3688360: ssthresh:26: cwnd:32: delivered:78: lost:21: retrans:3
[  251.506686] AAAAA-TCP_RECV: name:enp0s3: saddr:33561200: daddr:100932208: srtt_us:34630699: RTT:4328837: ssthresh:29: cwnd:36: delivered:46: lost:11: retrans:1
[  251.660979] AAAAA-TCP_RECV: name:enp0s3: saddr:16783984: daddr:100932208: srtt_us:31493775: RTT:3936721: ssthresh:26: cwnd:32: delivered:79: lost:21: retrans:3
[  251.827579] AAAAA-TCP_RECV: name:enp0s3: saddr:33561200: daddr:100932208: srtt_us:36130416: RTT:4516302: ssthresh:29: cwnd:37: delivered:47: lost:11: retrans:1
[  252.207467] AAAAA-TCP_RECV: name:enp0s3: saddr:16783984: daddr:100932208: srtt_us:33539763: RTT:4192470: ssthresh:26: cwnd:33: delivered:80: lost:21: retrans:3
[  252.338166] AAAAA-TCP_RECV: name:enp0s3: saddr:33561200: daddr:100932208: srtt_us:37763404: RTT:4720425: ssthresh:29: cwnd:37: delivered:48: lost:11: retrans:1
[  252.598209] AAAAA-TCP_RECV: name:enp0s3: saddr:16783984: daddr:100932208: srtt_us:35876333: RTT:4484541: ssthresh:26: cwnd:33: delivered:81: lost:21: retrans:3
