[    0.000000] Linux version 5.4.243-mptcp (root@ztg) (gcc version 12.2.0 (Debian 12.2.0-14+deb12u1)) #53 SMP Wed Dec 24 23:28:15 CST 2025
[    0.000000] Command line: BOOT_IMAGE=/boot/vmlinuz-5.4.243-mptcp root=UUID=98415a12-53b7-4144-8265-0f7ece09e445 ro quiet splash
[    0.000000] KERNEL supported cpus:
[    0.000000]   Intel GenuineIntel
[    0.000000]   AMD AuthenticAMD
[    0.000000]   Hygon HygonGenuine
[    0.000000]   Centaur CentaurHauls
[    0.000000]   zhaoxin   Shanghai  
[    0.000000] x86/fpu: Supporting XSAVE feature 0x001: 'x87 floating point registers'
[    0.000000] x86/fpu: Supporting XSAVE feature 0x002: 'SSE registers'
[    0.000000] x86/fpu: Supporting XSAVE feature 0x004: 'AVX registers'
[    0.000000] x86/fpu: xstate_offset[2]:  576, xstate_sizes[2]:  256
[    0.000000] x86/fpu: Enabled xstate features 0x7, context size is 832 bytes, using 'standard' format.
[    0.000000] BIOS-provided physical RAM map:
[    0.000000] BIOS-e820: [mem 0x0000000000000000-0x000000000009fbff] usable
[    0.000000] BIOS-e820: [mem 0x000000000009fc00-0x000000000009ffff] reserved
[    0.000000] BIOS-e820: [mem 0x00000000000f0000-0x00000000000fffff] reserved
[    0.000000] BIOS-e820: [mem 0x0000000000100000-0x000000007ffeffff] usable
[    0.000000] BIOS-e820: [mem 0x000000007fff0000-0x000000007fffffff] ACPI data
[    0.000000] BIOS-e820: [mem 0x00000000fec00000-0x00000000fec00fff] reserved
[    0.000000] BIOS-e820: [mem 0x00000000fee00000-0x00000000fee00fff] reserved
[    0.000000] BIOS-e820: [mem 0x00000000fffc0000-0x00000000ffffffff] reserved
[    0.000000] NX (Execute Disable) protection: active
[    0.000000] SMBIOS 2.5 present.
[    0.000000] DMI: innotek GmbH VirtualBox/VirtualBox, BIOS VirtualBox 12/01/2006
[    0.000000] Hypervisor detected: KVM
[    0.000000] kvm-clock: Using msrs 4b564d01 and 4b564d00
[    0.000000] kvm-clock: cpu 0, msr 6f001001, primary cpu clock
[    0.000000] kvm-clock: using sched offset of 4455347635 cycles
[    0.000003] clocksource: kvm-clock: mask: 0xffffffffffffffff max_cycles: 0x1cd42e4dffb, max_idle_ns: 881590591483 ns
[    0.000006] tsc: Detected 2100.000 MHz processor
[    0.002068] e820: update [mem 0x00000000-0x00000fff] usable ==> reserved
[    0.002071] e820: remove [mem 0x000a0000-0x000fffff] usable
[    0.002075] last_pfn = 0x7fff0 max_arch_pfn = 0x400000000
[    0.002144] MTRR default type: uncachable
[    0.002145] MTRR fixed ranges enabled:
[    0.002146]   00000-9FFFF write-back
[    0.002147]   A0000-BFFFF uncachable
[    0.002148]   C0000-FFFFF write-protect
[    0.002148] MTRR variable ranges enabled:
[    0.002150]   0 base 000000000000 mask 3FFF80000000 write-back
[    0.002150]   1 disabled
[    0.002151]   2 disabled
[    0.002151]   3 disabled
[    0.002152]   4 disabled
[    0.002152]   5 disabled
[    0.002153]   6 disabled
[    0.002153]   7 disabled
[    0.002153]   8 disabled
[    0.002154]   9 disabled
[    0.002154]   10 disabled
[    0.002155]   11 disabled
[    0.002155]   12 disabled
[    0.002156]   13 disabled
[    0.002156]   14 disabled
[    0.002156]   15 disabled
[    0.002173] x86/PAT: Configuration [0-7]: WB  WC  UC- UC  WB  WP  UC- WT  
[    0.002306] found SMP MP-table at [mem 0x0009fff0-0x0009ffff]
[    0.092717] check: Scanning 1 areas for low memory corruption
[    0.092916] RAMDISK: [mem 0x32271000-0x3512ffff]
[    0.092924] ACPI: Early table checksum verification disabled
[    0.092930] ACPI: RSDP 0x00000000000E0000 000024 (v02 VBOX  )
[    0.092935] ACPI: XSDT 0x000000007FFF0030 00003C (v01 VBOX   VBOXXSDT 00000001 ASL  00000061)
[    0.092941] ACPI: FACP 0x000000007FFF00F0 0000F4 (v04 VBOX   VBOXFACP 00000001 ASL  00000061)
[    0.092948] ACPI: DSDT 0x000000007FFF02E0 002353 (v02 VBOX   VBOXBIOS 00000002 VBOX 00029BF3)
[    0.092952] ACPI: FACS 0x000000007FFF0200 000040
[    0.092956] ACPI: FACS 0x000000007FFF0200 000040
[    0.092959] ACPI: APIC 0x000000007FFF0240 000054 (v02 VBOX   VBOXAPIC 00000001 ASL  00000061)
[    0.092963] ACPI: SSDT 0x000000007FFF02A0 000038 (v01 VBOX   VBOXCPUT 00000002 VBOX 00029BF3)
[    0.092966] ACPI: Reserving FACP table memory at [mem 0x7fff00f0-0x7fff01e3]
[    0.092967] ACPI: Reserving DSDT table memory at [mem 0x7fff02e0-0x7fff2632]
[    0.092968] ACPI: Reserving FACS table memory at [mem 0x7fff0200-0x7fff023f]
[    0.092968] ACPI: Reserving FACS table memory at [mem 0x7fff0200-0x7fff023f]
[    0.092969] ACPI: Reserving APIC table memory at [mem 0x7fff0240-0x7fff0293]
[    0.092970] ACPI: Reserving SSDT table memory at [mem 0x7fff02a0-0x7fff02d7]
[    0.092984] ACPI: Local APIC address 0xfee00000
[    0.093172] No NUMA configuration found
[    0.093173] Faking a node at [mem 0x0000000000000000-0x000000007ffeffff]
[    0.093183] NODE_DATA(0) allocated [mem 0x7ffc5000-0x7ffeffff]
[    0.093445] Zone ranges:
[    0.093446]   DMA      [mem 0x0000000000001000-0x0000000000ffffff]
[    0.093447]   DMA32    [mem 0x0000000001000000-0x000000007ffeffff]
[    0.093448]   Normal   empty
[    0.093449]   Device   empty
[    0.093450] Movable zone start for each node
[    0.093452] Early memory node ranges
[    0.093452]   node   0: [mem 0x0000000000001000-0x000000000009efff]
[    0.093453]   node   0: [mem 0x0000000000100000-0x000000007ffeffff]
[    0.093456] Zeroed struct page in unavailable ranges: 114 pages
[    0.093457] Initmem setup node 0 [mem 0x0000000000001000-0x000000007ffeffff]
[    0.093458] On node 0 totalpages: 524174
[    0.093460]   DMA zone: 64 pages used for memmap
[    0.093460]   DMA zone: 21 pages reserved
[    0.093461]   DMA zone: 3998 pages, LIFO batch:0
[    0.093531]   DMA32 zone: 8128 pages used for memmap
[    0.093532]   DMA32 zone: 520176 pages, LIFO batch:63
[    0.102725] ACPI: PM-Timer IO Port: 0x4008
[    0.102731] ACPI: Local APIC address 0xfee00000
[    0.102817] IOAPIC[0]: apic_id 1, version 32, address 0xfec00000, GSI 0-23
[    0.102821] ACPI: INT_SRC_OVR (bus 0 bus_irq 0 global_irq 2 dfl dfl)
[    0.102823] ACPI: INT_SRC_OVR (bus 0 bus_irq 9 global_irq 9 low level)
[    0.102826] ACPI: IRQ0 used by override.
[    0.102827] ACPI: IRQ9 used by override.
[    0.102830] Using ACPI (MADT) for SMP configuration information
[    0.102839] smpboot: Allowing 1 CPUs, 0 hotplug CPUs
[    0.102868] PM: Registered nosave memory: [mem 0x00000000-0x00000fff]
[    0.102870] PM: Registered nosave memory: [mem 0x0009f000-0x0009ffff]
[    0.102871] PM: Registered nosave memory: [mem 0x000a0000-0x000effff]
[    0.102871] PM: Registered nosave memory: [mem 0x000f0000-0x000fffff]
[    0.102873] [mem 0x80000000-0xfebfffff] available for PCI devices
[    0.102875] Booting paravirtualized kernel on KVM
[    0.102878] clocksource: refined-jiffies: mask: 0xffffffff max_cycles: 0xffffffff, max_idle_ns: 7645519600211568 ns
[    0.102883] setup_percpu: NR_CPUS:8192 nr_cpumask_bits:1 nr_cpu_ids:1 nr_node_ids:1
[    0.103955] percpu: Embedded 60 pages/cpu s208896 r8192 d28672 u2097152
[    0.103962] pcpu-alloc: s208896 r8192 d28672 u2097152 alloc=1*2097152
[    0.103963] pcpu-alloc: [0] 0 
[    0.103990] Built 1 zonelists, mobility grouping on.  Total pages: 515961
[    0.103991] Policy zone: DMA32
[    0.103992] Kernel command line: BOOT_IMAGE=/boot/vmlinuz-5.4.243-mptcp root=UUID=98415a12-53b7-4144-8265-0f7ece09e445 ro quiet splash
[    0.104836] Dentry cache hash table entries: 262144 (order: 9, 2097152 bytes, linear)
[    0.104983] Inode-cache hash table entries: 131072 (order: 8, 1048576 bytes, linear)
[    0.105035] mem auto-init: stack:off, heap alloc:on, heap free:off
[    0.105038] Calgary: detecting Calgary via BIOS EBDA area
[    0.105039] Calgary: Unable to locate Rio Grande table in EBDA - bailing!
[    0.109132] Memory: 1967332K/2096696K available (14339K kernel code, 2398K rwdata, 4712K rodata, 2728K init, 17260K bss, 129364K reserved, 0K cma-reserved)
[    0.110036] SLUB: HWalign=64, Order=0-3, MinObjects=0, CPUs=1, Nodes=1
[    0.110052] ftrace: allocating 43186 entries in 169 pages
[    0.128168] rcu: Hierarchical RCU implementation.
[    0.128170] rcu: 	RCU restricting CPUs from NR_CPUS=8192 to nr_cpu_ids=1.
[    0.128171] 	Tasks RCU enabled.
[    0.128172] rcu: RCU calculated value of scheduler-enlistment delay is 25 jiffies.
[    0.128173] rcu: Adjusting geometry for rcu_fanout_leaf=16, nr_cpu_ids=1
[    0.131122] NR_IRQS: 524544, nr_irqs: 256, preallocated irqs: 16
[    0.131334] random: crng init done
[    0.141125] Console: colour VGA+ 80x25
[    0.141131] printk: console [tty0] enabled
[    0.141155] ACPI: Core revision 20190816
[    0.141266] APIC: Switch to symmetric I/O mode setup
[    0.141519] x2apic enabled
[    0.141759] Switched APIC routing to physical x2apic.
[    0.142899] ..TIMER: vector=0x30 apic1=0 pin1=2 apic2=-1 pin2=-1
[    0.142923] clocksource: tsc-early: mask: 0xffffffffffffffff max_cycles: 0x1e4530a99b6, max_idle_ns: 440795257976 ns
[    0.142929] Calibrating delay loop (skipped) preset value.. 4200.00 BogoMIPS (lpj=8400000)
[    0.142931] pid_max: default: 32768 minimum: 301
[    0.142960] LSM: Security Framework initializing
[    0.142970] Yama: becoming mindful.
[    0.142997] AppArmor: AppArmor initialized
[    0.143031] Mount-cache hash table entries: 4096 (order: 3, 32768 bytes, linear)
[    0.143035] Mountpoint-cache hash table entries: 4096 (order: 3, 32768 bytes, linear)
[    0.143046] *** VALIDATE tmpfs ***
[    0.143175] *** VALIDATE proc ***
[    0.143217] *** VALIDATE cgroup1 ***
[    0.143218] *** VALIDATE cgroup2 ***
[    0.143361] process: using mwait in idle threads
[    0.143366] Last level iTLB entries: 4KB 64, 2MB 8, 4MB 8
[    0.143367] Last level dTLB entries: 4KB 64, 2MB 0, 4MB 0, 1GB 4
[    0.143387] Spectre V1 : Mitigation: usercopy/swapgs barriers and __user pointer sanitization
[    0.143392] Spectre V2 : Mitigation: Retpolines
[    0.143393] Spectre V2 : Spectre v2 / SpectreRSB mitigation: Filling RSB on context switch
[    0.143394] Spectre V2 : Spectre v2 / SpectreRSB : Filling RSB on VMEXIT
[    0.143394] RETBleed: WARNING: Spectre v2 mitigation leaves CPU vulnerable to RETBleed attacks, data leaks possible!
[    0.143747] RETBleed: Vulnerable
[    0.143748] Speculative Store Bypass: Vulnerable
[    0.143753] TAA: Mitigation: TSX disabled
[    0.143753] MMIO Stale Data: Mitigation: Clear CPU buffers
[    0.148023] Freeing SMP alternatives memory: 40K
[    0.260210] smpboot: CPU0: Intel(R) Xeon(R) Silver 4216 CPU @ 2.10GHz (family: 0x6, model: 0x55, stepping: 0x7)
[    0.260357] Performance Events: unsupported p6 CPU model 85 no PMU driver, software events only.
[    0.260395] rcu: Hierarchical SRCU implementation.
[    0.260872] NMI watchdog: Perf NMI watchdog permanently disabled
[    0.260910] smp: Bringing up secondary CPUs ...
[    0.260911] smp: Brought up 1 node, 1 CPU
[    0.260912] smpboot: Max logical packages: 1
[    0.260913] smpboot: Total of 1 processors activated (4200.00 BogoMIPS)
[    0.261888] devtmpfs: initialized
[    0.261937] x86/mm: Memory block size: 128MB
[    0.262290] clocksource: jiffies: mask: 0xffffffff max_cycles: 0xffffffff, max_idle_ns: 7645041785100000 ns
[    0.262296] futex hash table entries: 256 (order: 2, 16384 bytes, linear)
[    0.262347] pinctrl core: initialized pinctrl subsystem
[    0.262461] PM: RTC time: 21:38:10, date: 2026-01-14
[    0.262576] NET: Registered protocol family 16
[    0.262655] audit: initializing netlink subsys (disabled)
[    0.262792] EISA bus registered
[    0.262793] cpuidle: using governor ladder
[    0.262794] cpuidle: using governor menu
[    0.262838] ACPI: bus type PCI registered
[    0.262840] acpiphp: ACPI Hot Plug PCI Controller Driver version: 0.5
[    0.262925] PCI: Using configuration type 1 for base access
[    0.263437] audit: type=2000 audit(1768397896.494:1): state=initialized audit_enabled=0 res=1
[    0.263521] HugeTLB registered 2.00 MiB page size, pre-allocated 0 pages
[    0.264395] ACPI: Added _OSI(Module Device)
[    0.264396] ACPI: Added _OSI(Processor Device)
[    0.264396] ACPI: Added _OSI(3.0 _SCP Extensions)
[    0.264397] ACPI: Added _OSI(Processor Aggregator Device)
[    0.264398] ACPI: Added _OSI(Linux-Dell-Video)
[    0.264399] ACPI: Added _OSI(Linux-Lenovo-NV-HDMI-Audio)
[    0.264400] ACPI: Added _OSI(Linux-HPI-Hybrid-Graphics)
[    0.266348] ACPI: 2 ACPI AML tables successfully acquired and loaded
[    0.267858] ACPI: Interpreter enabled
[    0.267867] ACPI: (supports S0 S5)
[    0.267869] ACPI: Using IOAPIC for interrupt routing
[    0.268087] PCI: Using host bridge windows from ACPI; if necessary, use "pci=nocrs" and report a bug
[    0.268192] ACPI: Enabled 2 GPEs in block 00 to 07
[    0.273171] ACPI: PCI Root Bridge [PCI0] (domain 0000 [bus 00-ff])
[    0.273176] acpi PNP0A03:00: _OSC: OS supports [ASPM ClockPM Segments MSI HPX-Type3]
[    0.273621] acpi PNP0A03:00: _OSC: not requesting OS control; OS requires [ExtendedConfig ASPM ClockPM MSI]
[    0.273629] acpi PNP0A03:00: fail to add MMCONFIG information, can't access extended PCI configuration space under this bridge.
[    0.274000] PCI host bridge to bus 0000:00
[    0.274002] pci_bus 0000:00: root bus resource [io  0x0000-0x0cf7 window]
[    0.274004] pci_bus 0000:00: root bus resource [io  0x0d00-0xffff window]
[    0.274005] pci_bus 0000:00: root bus resource [mem 0x000a0000-0x000bffff window]
[    0.274006] pci_bus 0000:00: root bus resource [mem 0x80000000-0xfdffffff window]
[    0.274007] pci_bus 0000:00: root bus resource [bus 00-ff]
[    0.274047] pci 0000:00:00.0: [8086:1237] type 00 class 0x060000
[    0.275003] pci 0000:00:01.0: [8086:7000] type 00 class 0x060100
[    0.275759] pci 0000:00:01.1: [8086:7111] type 00 class 0x01018a
[    0.276150] pci 0000:00:01.1: reg 0x20: [io  0xd000-0xd00f]
[    0.276305] pci 0000:00:01.1: legacy IDE quirk: reg 0x10: [io  0x01f0-0x01f7]
[    0.276306] pci 0000:00:01.1: legacy IDE quirk: reg 0x14: [io  0x03f6]
[    0.276307] pci 0000:00:01.1: legacy IDE quirk: reg 0x18: [io  0x0170-0x0177]
[    0.276308] pci 0000:00:01.1: legacy IDE quirk: reg 0x1c: [io  0x0376]
[    0.276843] pci 0000:00:02.0: [15ad:0405] type 00 class 0x030000
[    0.279021] pci 0000:00:02.0: reg 0x10: [io  0xd010-0xd01f]
[    0.282979] pci 0000:00:02.0: reg 0x14: [mem 0xe0000000-0xe7ffffff pref]
[    0.285818] pci 0000:00:02.0: reg 0x18: [mem 0xf0000000-0xf01fffff]
[    0.297792] pci 0000:00:03.0: [1022:2000] type 00 class 0x020000
[    0.298537] pci 0000:00:03.0: reg 0x10: [io  0xd020-0xd03f]
[    0.299080] pci 0000:00:03.0: reg 0x14: [mem 0xf0200000-0xf0200fff]
[    0.302644] pci 0000:00:04.0: [80ee:cafe] type 00 class 0x088000
[    0.303043] pci 0000:00:04.0: reg 0x10: [io  0xd040-0xd05f]
[    0.303653] pci 0000:00:04.0: reg 0x14: [mem 0xf0400000-0xf07fffff]
[    0.304290] pci 0000:00:04.0: reg 0x18: [mem 0xf0800000-0xf0803fff pref]
[    0.308309] pci 0000:00:07.0: [8086:7113] type 00 class 0x068000
[    0.308869] pci 0000:00:07.0: quirk: [io  0x4000-0x403f] claimed by PIIX4 ACPI
[    0.308879] pci 0000:00:07.0: quirk: [io  0x4100-0x410f] claimed by PIIX4 SMB
[    0.309497] pci 0000:00:08.0: [8086:100e] type 00 class 0x020000
[    0.310209] pci 0000:00:08.0: reg 0x10: [mem 0xf0820000-0xf083ffff]
[    0.311042] pci 0000:00:08.0: reg 0x18: [io  0xd060-0xd067]
[    0.315003] pci 0000:00:09.0: [8086:100e] type 00 class 0x020000
[    0.315708] pci 0000:00:09.0: reg 0x10: [mem 0xf0840000-0xf085ffff]
[    0.316877] pci 0000:00:09.0: reg 0x18: [io  0xd068-0xd06f]
[    0.327664] ACPI: PCI Interrupt Link [LNKA] (IRQs 5 9 10 *11)
[    0.327944] ACPI: PCI Interrupt Link [LNKB] (IRQs 5 9 *10 11)
[    0.328049] ACPI: PCI Interrupt Link [LNKC] (IRQs 5 *9 10 11)
[    0.328149] ACPI: PCI Interrupt Link [LNKD] (IRQs 5 9 10 *11)
[    0.328420] iommu: Default domain type: Translated 
[    0.328481] pci 0000:00:02.0: vgaarb: setting as boot VGA device
[    0.328483] pci 0000:00:02.0: vgaarb: VGA device added: decodes=io+mem,owns=io+mem,locks=none
[    0.328485] pci 0000:00:02.0: vgaarb: bridge control possible
[    0.328485] vgaarb: loaded
[    0.328697] SCSI subsystem initialized
[    0.328741] libata version 3.00 loaded.
[    0.328766] ACPI: bus type USB registered
[    0.328782] usbcore: registered new interface driver usbfs
[    0.328788] usbcore: registered new interface driver hub
[    0.328794] usbcore: registered new device driver usb
[    0.328819] pps_core: LinuxPPS API ver. 1 registered
[    0.328820] pps_core: Software ver. 5.3.6 - Copyright 2005-2007 Rodolfo Giometti <giometti@linux.it>
[    0.328822] PTP clock support registered
[    0.328857] EDAC MC: Ver: 3.0.0
[    0.329145] PCI: Using ACPI for IRQ routing
[    0.329147] PCI: pci_cache_line_size set to 64 bytes
[    0.329319] e820: reserve RAM buffer [mem 0x0009fc00-0x0009ffff]
[    0.329323] e820: reserve RAM buffer [mem 0x7fff0000-0x7fffffff]
[    0.330107] NetLabel: Initializing
[    0.330107] NetLabel:  domain hash size = 128
[    0.330108] NetLabel:  protocols = UNLABELED CIPSOv4 CALIPSO
[    0.330128] NetLabel:  unlabeled traffic allowed by default
[    0.330935] clocksource: Switched to clocksource kvm-clock
[    0.345277] *** VALIDATE bpf ***
[    0.345337] VFS: Disk quotas dquot_6.6.0
[    0.345350] VFS: Dquot-cache hash table entries: 512 (order 0, 4096 bytes)
[    0.345373] *** VALIDATE ramfs ***
[    0.345376] *** VALIDATE hugetlbfs ***
[    0.345457] AppArmor: AppArmor Filesystem Enabled
[    0.345483] pnp: PnP ACPI init
[    0.345547] pnp 00:00: Plug and Play ACPI device, IDs PNP0303 (active)
[    0.345613] pnp 00:01: Plug and Play ACPI device, IDs PNP0f03 (active)
[    0.346347] pnp: PnP ACPI: found 2 devices
[    0.347301] thermal_sys: Registered thermal governor 'fair_share'
[    0.347302] thermal_sys: Registered thermal governor 'bang_bang'
[    0.347303] thermal_sys: Registered thermal governor 'step_wise'
[    0.347303] thermal_sys: Registered thermal governor 'user_space'
[    0.347304] thermal_sys: Registered thermal governor 'power_allocator'
[    0.351852] clocksource: acpi_pm: mask: 0xffffff max_cycles: 0xffffff, max_idle_ns: 2085701024 ns
[    0.351892] pci_bus 0000:00: resource 4 [io  0x0000-0x0cf7 window]
[    0.351894] pci_bus 0000:00: resource 5 [io  0x0d00-0xffff window]
[    0.351895] pci_bus 0000:00: resource 6 [mem 0x000a0000-0x000bffff window]
[    0.351896] pci_bus 0000:00: resource 7 [mem 0x80000000-0xfdffffff window]
[    0.351954] NET: Registered protocol family 2
[    0.352029] IP idents hash table entries: 32768 (order: 6, 262144 bytes, linear)
[    0.352434] MPTCP tokens hash table entries: 8192 (order: 4, 65536 bytes, linear)
[    0.352454] MPTCP request tokens hash table entries: 8192 (order: 4, 65536 bytes, linear)
[    0.352479] default registered
[    0.352479] default registered
[    0.352479] MPTCP: Stable release v0.96
[    0.352485] tcp_listen_portaddr_hash hash table entries: 1024 (order: 2, 16384 bytes, linear)
[    0.352564] TCP established hash table entries: 16384 (order: 5, 131072 bytes, linear)
[    0.352642] TCP bind hash table entries: 16384 (order: 6, 262144 bytes, linear)
[    0.352667] TCP: Hash tables configured (established 16384 bind 16384)
[    0.353368] UDP hash table entries: 1024 (order: 3, 32768 bytes, linear)
[    0.353379] UDP-Lite hash table entries: 1024 (order: 3, 32768 bytes, linear)
[    0.353414] NET: Registered protocol family 1
[    0.353422] NET: Registered protocol family 44
[    0.353443] pci 0000:00:00.0: Limiting direct PCI/PCI transfers
[    0.353455] pci 0000:00:01.0: Activating ISA DMA hang workarounds
[    0.353514] pci 0000:00:02.0: Video device with shadowed ROM at [mem 0x000c0000-0x000dffff]
[    0.353578] PCI: CLS 0 bytes, default 64
[    0.353626] Trying to unpack rootfs image as initramfs...
[    0.524144] Freeing initrd memory: 47868K
[    0.524144] clocksource: tsc: mask: 0xffffffffffffffff max_cycles: 0x1e4530a99b6, max_idle_ns: 440795257976 ns
[    0.524144] clocksource: Switched to clocksource tsc
[    0.524144] platform rtc_cmos: registered platform RTC device (no PNP device found)
[    0.524144] check: Scanning for low memory corruption every 60 seconds
[    0.524144] Initialise system trusted keyrings
[    0.524144] Key type blacklist registered
[    0.524144] workingset: timestamp_bits=36 max_order=19 bucket_order=0
[    0.524144] zbud: loaded
[    0.524144] squashfs: version 4.0 (2009/01/31) Phillip Lougher
[    0.524144] fuse: init (API version 7.31)
[    0.524144] *** VALIDATE fuse ***
[    0.524144] *** VALIDATE fuse ***
[    0.524144] Platform Keyring initialized
[    0.537897] Key type asymmetric registered
[    0.537898] Asymmetric key parser 'x509' registered
[    0.537908] Block layer SCSI generic (bsg) driver version 0.4 loaded (major 244)
[    0.537946] io scheduler mq-deadline registered
[    0.538070] shpchp: Standard Hot Plug PCI Controller Driver version: 0.4
[    0.538274] ACPI: AC Adapter [AC] (on-line)
[    0.538318] input: Power Button as /devices/LNXSYSTM:00/LNXPWRBN:00/input/input0
[    0.538346] ACPI: Power Button [PWRF]
[    0.538427] input: Sleep Button as /devices/LNXSYSTM:00/LNXSLPBN:00/input/input1
[    0.538443] ACPI: Sleep Button [SLPF]
[    0.538690] Serial: 8250/16550 driver, 32 ports, IRQ sharing enabled
[    0.539878] Linux agpgart interface v0.103
[    0.635629] loop: module loaded
[    0.635780] ata_piix 0000:00:01.1: version 2.13
[    0.636180] scsi host0: ata_piix
[    0.636273] scsi host1: ata_piix
[    0.636299] ata1: PATA max UDMA/33 cmd 0x1f0 ctl 0x3f6 bmdma 0xd000 irq 14
[    0.636300] ata2: PATA max UDMA/33 cmd 0x170 ctl 0x376 bmdma 0xd008 irq 15
[    0.636383] tun: Universal TUN/TAP device driver, 1.6
[    0.636699] PPP generic driver version 2.4.2
[    0.636743] VFIO - User Level meta-driver version: 0.3
[    0.636981] ehci_hcd: USB 2.0 'Enhanced' Host Controller (EHCI) Driver
[    0.636986] ehci-pci: EHCI PCI platform driver
[    0.637002] ehci-platform: EHCI generic platform driver
[    0.637008] ohci_hcd: USB 1.1 'Open' Host Controller (OHCI) Driver
[    0.637009] ohci-pci: OHCI PCI platform driver
[    0.637016] ohci-platform: OHCI generic platform driver
[    0.637020] uhci_hcd: USB Universal Host Controller Interface driver
[    0.637085] i8042: PNP: PS/2 Controller [PNP0303:PS2K,PNP0f03:PS2M] at 0x60,0x64 irq 1,12
[    0.637524] serio: i8042 KBD port at 0x60,0x64 irq 1
[    0.637528] serio: i8042 AUX port at 0x60,0x64 irq 12
[    0.637614] mousedev: PS/2 mouse device common for all mice
[    0.637868] input: AT Translated Set 2 keyboard as /devices/platform/i8042/serio0/input/input2
[    0.638265] rtc_cmos rtc_cmos: registered as rtc0
[    0.638279] rtc_cmos rtc_cmos: alarms up to one day, 114 bytes nvram
[    0.638284] i2c /dev entries driver
[    0.638327] device-mapper: uevent: version 1.0.3
[    0.638369] device-mapper: ioctl: 4.41.0-ioctl (2019-09-16) initialised: dm-devel@redhat.com
[    0.638384] platform eisa.0: Probing EISA bus 0
[    0.638385] platform eisa.0: EISA: Cannot allocate resource for mainboard
[    0.638387] platform eisa.0: Cannot allocate resource for EISA slot 1
[    0.638388] platform eisa.0: Cannot allocate resource for EISA slot 2
[    0.638389] platform eisa.0: Cannot allocate resource for EISA slot 3
[    0.638389] platform eisa.0: Cannot allocate resource for EISA slot 4
[    0.638390] platform eisa.0: Cannot allocate resource for EISA slot 5
[    0.638391] platform eisa.0: Cannot allocate resource for EISA slot 6
[    0.638392] platform eisa.0: Cannot allocate resource for EISA slot 7
[    0.638393] platform eisa.0: Cannot allocate resource for EISA slot 8
[    0.638394] platform eisa.0: EISA: Detected 0 cards
[    0.638398] intel_pstate: CPU model not supported
[    0.638407] ledtrig-cpu: registered to indicate activity on CPUs
[    0.638460] drop_monitor: Initializing network drop monitor service
[    0.638621] NET: Registered protocol family 10
[    0.643623] Segment Routing with IPv6
[    0.643623] fullmesh registered
[    0.643623] ndiffports registered
[    0.643623] binder registered
[    0.643623] roundrobin registered
[    0.643623] redundant registered
[    0.643623] blest registered
[    0.643623] ecf registered
[    0.643623] NET: Registered protocol family 17
[    0.643623] Key type dns_resolver registered
[    0.643623] RAS: Correctable Errors collector initialized.
[    0.643623] IPI shorthand broadcast: enabled
[    0.643623] sched_clock: Marking stable (628021625, 11601556)->(638899641, 723540)
[    0.643983] registered taskstats version 1
[    0.643992] Loading compiled-in X.509 certificates
[    0.644588] Loaded X.509 cert 'Build time autogenerated kernel key: 6909f3744cebb3d0de528d5887b96a727de79b1e'
[    0.644607] zswap: loaded using pool lzo/zbud
[    0.644661] Key type ._fscrypt registered
[    0.644662] Key type .fscrypt registered
[    0.649125] Key type big_key registered
[    0.651311] Key type encrypted registered
[    0.651313] AppArmor: AppArmor sha1 policy hashing enabled
[    0.651321] ima: No TPM chip found, activating TPM-bypass!
[    0.651326] ima: Allocated hash algorithm: sha1
[    0.651331] ima: No architecture policies found
[    0.651340] evm: Initialising EVM extended attributes:
[    0.651341] evm: security.selinux
[    0.651342] evm: security.SMACK64
[    0.651342] evm: security.SMACK64EXEC
[    0.651342] evm: security.SMACK64TRANSMUTE
[    0.651343] evm: security.SMACK64MMAP
[    0.651343] evm: security.apparmor
[    0.651344] evm: security.ima
[    0.651344] evm: security.capability
[    0.651345] evm: HMAC attrs: 0x1
[    0.651643] PM:   Magic number: 10:829:651
[    0.651679] acpi PNP0A03:00: hash matches
[    0.651772] rtc_cmos rtc_cmos: setting system clock to 2026-01-14T21:38:11 UTC (1768426691)
[    0.808854] ata1.00: ATA-6: VBOX HARDDISK, 1.0, max UDMA/133
[    0.808858] ata1.00: 209715200 sectors, multi 128: LBA 
[    0.809548] scsi 0:0:0:0: Direct-Access     ATA      VBOX HARDDISK    1.0  PQ: 0 ANSI: 5
[    0.809849] sd 0:0:0:0: [sda] 209715200 512-byte logical blocks: (107 GB/100 GiB)
[    0.809861] sd 0:0:0:0: [sda] Write Protect is off
[    0.809865] sd 0:0:0:0: [sda] Mode Sense: 00 3a 00 00
[    0.809885] sd 0:0:0:0: [sda] Write cache: enabled, read cache: enabled, doesn't support DPO or FUA
[    0.810209] sd 0:0:0:0: Attached scsi generic sg0 type 0
[    0.811081]  sda: sda1 sda2
[    0.819964] sd 0:0:0:0: [sda] Attached SCSI disk
[    0.825402] Freeing unused decrypted memory: 2040K
[    0.826774] Freeing unused kernel image memory: 2728K
[    0.826779] Write protecting the kernel read-only data: 22528k
[    0.828274] Freeing unused kernel image memory: 2036K
[    0.829090] Freeing unused kernel image memory: 1432K
[    0.864902] x86/mm: Checked W+X mappings: passed, no W+X pages found.
[    0.864908] Run /init as init process
[    0.978784] ACPI: Video Device [GFX0] (multi-head: yes  rom: no  post: no)
[    0.978859] input: Video Bus as /devices/LNXSYSTM:00/LNXSYBUS:00/PNP0A03:00/LNXVIDEO:00/input/input4
[    0.994707] piix4_smbus 0000:00:07.0: SMBus Host Controller at 0x4100, revision 0
[    0.997124] e1000: Intel(R) PRO/1000 Network Driver - version 7.3.21-k8-NAPI
[    0.997125] e1000: Copyright (c) 1999-2006 Intel Corporation.
[    1.011473] pcnet32: pcnet32.c:v1.35 21.Apr.2008 tsbogend@alpha.franken.de
[    1.019465] pcnet32: PCnet/FAST III 79C973 at 0xd020, 08:00:27:ad:51:30 assigned IRQ 19
[    1.019511] pcnet32: Found PHY 0022:561b at address 0
[    1.019811] pcnet32: eth0: registered as PCnet/FAST III 79C973
[    1.025073] pcnet32: 1 cards_found
[    1.072651] pcnet32 0000:00:03.0 enp0s3: renamed from eth0
[    1.209159] input: ImExPS/2 Generic Explorer Mouse as /devices/platform/i8042/serio1/input/input5
[    1.408312] e1000 0000:00:08.0 eth0: (PCI:33MHz:32-bit) 08:00:27:e5:20:1f
[    1.408316] e1000 0000:00:08.0 eth0: Intel(R) PRO/1000 Network Connection
[    1.779933] e1000 0000:00:09.0 eth1: (PCI:33MHz:32-bit) 08:00:27:81:e2:ac
[    1.779959] e1000 0000:00:09.0 eth1: Intel(R) PRO/1000 Network Connection
[    1.781111] e1000 0000:00:09.0 enp0s9: renamed from eth1
[    1.782915] e1000 0000:00:08.0 enp0s8: renamed from eth0
[    1.953898] EXT4-fs (sda2): mounted filesystem with ordered data mode. Opts: (null)
[    2.045770] systemd[1]: Inserted module 'autofs4'
[    2.057847] systemd[1]: systemd 245.4-4ubuntu3 running in system mode. (+PAM +AUDIT +SELINUX +IMA +APPARMOR +SMACK +SYSVINIT +UTMP +LIBCRYPTSETUP +GCRYPT +GNUTLS +ACL +XZ +LZ4 +SECCOMP +BLKID +ELFUTILS +KMOD +IDN2 -IDN +PCRE2 default-hierarchy=hybrid)
[    2.057881] systemd[1]: Detected virtualization oracle.
[    2.057887] systemd[1]: Detected architecture x86-64.
[    2.059169] systemd[1]: Set hostname to <ztg>.
[    2.185337] systemd[1]: /lib/systemd/system/dbus.socket:5: ListenStream= references a path below legacy directory /var/run/, updating /var/run/dbus/system_bus_socket â†’ /run/dbus/system_bus_socket; please update the unit file accordingly.
[    2.238233] systemd[1]: Created slice system-modprobe.slice.
[    2.238417] systemd[1]: Created slice User and Session Slice.
[    2.238462] systemd[1]: Started Forward Password Requests to Wall Directory Watch.
[    2.238620] systemd[1]: Set up automount Arbitrary Executable File Formats File System Automount Point.
[    2.238653] systemd[1]: Reached target User and Group Name Lookups.
[    2.238661] systemd[1]: Reached target Remote File Systems.
[    2.238670] systemd[1]: Reached target Slices.
[    2.239227] systemd[1]: Listening on Syslog Socket.
[    2.239298] systemd[1]: Listening on fsck to fsckd communication Socket.
[    2.239336] systemd[1]: Listening on initctl Compatibility Named Pipe.
[    2.239473] systemd[1]: Listening on Journal Audit Socket.
[    2.239557] systemd[1]: Listening on Journal Socket (/dev/log).
[    2.239630] systemd[1]: Listening on Journal Socket.
[    2.239698] systemd[1]: Listening on udev Control Socket.
[    2.239737] systemd[1]: Listening on udev Kernel Socket.
[    2.240490] systemd[1]: Mounting Huge Pages File System...
[    2.241428] systemd[1]: Mounting POSIX Message Queue File System...
[    2.242290] systemd[1]: Mounting Kernel Debug File System...
[    2.243115] systemd[1]: Mounting Kernel Trace File System...
[    2.245005] systemd[1]: Starting Journal Service...
[    2.266516] systemd[1]: Starting Set the console keyboard layout...
[    2.274382] systemd[1]: Starting Create list of static device nodes for the current kernel...
[    2.276443] systemd[1]: Starting Load Kernel Module drm...
[    2.277567] systemd[1]: Condition check resulted in Set Up Additional Binary Formats being skipped.
[    2.277604] systemd[1]: Condition check resulted in File System Check on Root Device being skipped.
[    2.290671] systemd[1]: Starting Load Kernel Modules...
[    2.292259] systemd[1]: Starting Remount Root and Kernel File Systems...
[    2.305005] systemd[1]: Starting udev Coldplug all Devices...
[    2.316636] systemd[1]: Starting Uncomplicated firewall...
[    2.318191] systemd[1]: Mounted Huge Pages File System.
[    2.318282] systemd[1]: Mounted POSIX Message Queue File System.
[    2.318359] systemd[1]: Mounted Kernel Debug File System.
[    2.318428] systemd[1]: Mounted Kernel Trace File System.
[    2.335595] EXT4-fs (sda2): re-mounted. Opts: errors=remount-ro
[    2.359592] systemd[1]: Finished Create list of static device nodes for the current kernel.
[    2.360523] systemd[1]: modprobe@drm.service: Succeeded.
[    2.367395] systemd[1]: Finished Load Kernel Module drm.
[    2.367802] systemd[1]: Finished Remount Root and Kernel File Systems.
[    2.369925] lp: driver loaded but no devices found
[    2.371470] systemd[1]: Finished Uncomplicated firewall.
[    2.382052] systemd[1]: Condition check resulted in Rebuild Hardware Database being skipped.
[    2.382088] systemd[1]: Condition check resulted in Platform Persistent Storage Archival being skipped.
[    2.382774] systemd[1]: Starting Load/Save Random Seed...
[    2.384855] ppdev: user-space parallel port driver
[    2.391610] systemd[1]: Starting Create System Users...
[    2.402987] systemd[1]: Finished Load/Save Random Seed.
[    2.409018] systemd[1]: Finished Create System Users.
[    2.409757] systemd[1]: Starting Create Static Device Nodes in /dev...
[    2.439284] systemd[1]: Finished Create Static Device Nodes in /dev.
[    2.440202] systemd[1]: Starting udev Kernel Device Manager...
[    2.481517] systemd[1]: Finished udev Coldplug all Devices.
[    2.484011] [drm] DMA map mode: Caching DMA mappings.
[    2.484073] [drm] Capabilities:
[    2.484074] [drm]   Rect copy.
[    2.484074] [drm]   Cursor.
[    2.484074] [drm]   Cursor bypass.
[    2.484075] [drm]   Cursor bypass 2.
[    2.484075] [drm]   Alpha cursor.
[    2.484076] [drm]   Extended Fifo.
[    2.484076] [drm]   Pitchlock.
[    2.484076] [drm]   Irq mask.
[    2.484077] [drm]   GMR.
[    2.484077] [drm]   Traces.
[    2.484077] [drm]   GMR2.
[    2.484078] [drm]   Screen Object 2.
[    2.484078] [drm]   Command Buffers.
[    2.484078] [drm]   Command Buffers 2.
[    2.484079] [drm]   Guest Backed Resources.
[    2.484080] [drm] Max GMR ids is 8192
[    2.484080] [drm] Max number of GMR pages is 1048576
[    2.484081] [drm] Max dedicated hypervisor surface memory is 393216 kiB
[    2.484082] [drm] Maximum display memory size is 131072 kiB
[    2.484082] [drm] VRAM at 0xe0000000 size is 131072 kiB
[    2.484083] [drm] MMIO at 0xf0000000 size is 2048 kiB
[    2.484926] [TTM] Zone  kernel: Available graphics memory: 1011738 KiB
[    2.484927] [TTM] Initializing pool allocator
[    2.484931] [TTM] Initializing DMA pool allocator
[    2.484989] [drm] Supports vblank timestamp caching Rev 2 (21.10.2013).
[    2.484989] [drm] No driver support for vblank timestamp query.
[    2.485227] [drm] Screen Target Display device initialized
[    2.485470] [drm] width 720
[    2.485479] [drm] height 400
[    2.485483] [drm] bpp 32
[    2.485985] [drm] Fifo max 0x00200000 min 0x00001000 cap 0x00000355
[    2.487057] [drm] Using command buffers with DMA pool.
[    2.487061] [drm] DX: no.
[    2.487062] [drm] Atomic: yes.
[    2.487062] [drm] SM4_1: no.
[    2.487084] [drm:vmw_host_log [vmwgfx]] *ERROR* Failed to send host log message.
[    2.488203] [drm:vmw_host_log [vmwgfx]] *ERROR* Failed to send host log message.
[    2.500530] fbcon: svgadrmfb (fb0) is primary device
[    2.502646] Console: switching to colour frame buffer device 100x37
[    2.507487] [drm] Initialized vmwgfx 2.15.0 20180704 for 0000:00:02.0 on minor 0
[    2.512544] systemd[1]: Finished Load Kernel Modules.
[    2.513477] systemd[1]: Mounting FUSE Control File System...
[    2.514658] systemd[1]: Mounting Kernel Configuration File System...
[    2.538465] systemd[1]: Starting Apply Kernel Variables...
[    2.539160] systemd[1]: Mounted FUSE Control File System.
[    2.539231] systemd[1]: Condition check resulted in VMware vmblock fuse mount being skipped.
[    2.549261] systemd[1]: Mounted Kernel Configuration File System.
[    2.562158] systemd[1]: Finished Apply Kernel Variables.
[    2.568407] systemd[1]: Finished Set the console keyboard layout.
[    2.568488] systemd[1]: Reached target Local File Systems (Pre).
[    2.570861] systemd[1]: Mounting Mount unit for bare, revision 5...
[    2.573448] systemd[1]: Mounting Mount unit for core18, revision 1705...
[    2.592179] systemd[1]: Mounting Mount unit for gnome-3-34-1804, revision 24...
[    2.599952] systemd[1]: Mounting Mount unit for gtk-common-themes, revision 1506...
[    2.604639] systemd[1]: Mounting Mount unit for gtk-common-themes, revision 1535...
[    2.617262] systemd[1]: Mounting Mount unit for snap-store, revision 433...
[    2.625105] systemd[1]: Mounting Mount unit for snapd, revision 25935...
[    2.639582] systemd[1]: Mounted Mount unit for bare, revision 5.
[    2.648010] systemd[1]: Mounted Mount unit for core18, revision 1705.
[    2.674011] systemd[1]: Mounted Mount unit for gnome-3-34-1804, revision 24.
[    2.674103] systemd[1]: Mounted Mount unit for gtk-common-themes, revision 1506.
[    2.675725] systemd[1]: Started udev Kernel Device Manager.
[    2.676483] systemd[1]: Starting Show Plymouth Boot Screen...
[    2.683370] systemd[1]: Received SIGRTMIN+20 from PID 277 (plymouthd).
[    2.708718] systemd[1]: Mounted Mount unit for gtk-common-themes, revision 1535.
[    2.721555] systemd[1]: Started Show Plymouth Boot Screen.
[    2.721704] systemd[1]: Condition check resulted in Dispatch Password Requests to Console Directory Watch being skipped.
[    2.721792] systemd[1]: Started Forward Password Requests to Plymouth Directory Watch.
[    2.721824] systemd[1]: Reached target Local Encrypted Volumes.
[    2.772253] systemd[1]: Mounted Mount unit for snap-store, revision 433.
[    2.772500] systemd[1]: Mounted Mount unit for snapd, revision 25935.
[    2.772667] systemd[1]: Reached target Local File Systems.
[    2.773529] systemd[1]: Starting Load AppArmor profiles...
[    2.775853] systemd[1]: Starting Set console font and keymap...
[    2.788887] systemd[1]: Starting Tell Plymouth To Write Out Runtime Data...
[    2.790270] systemd[1]: Condition check resulted in Store a System Token in an EFI Variable being skipped.
[    2.790333] systemd[1]: Condition check resulted in Commit a transient machine-id on disk being skipped.
[    2.794128] systemd[1]: Finished Set console font and keymap.
[    2.802221] systemd[1]: Received SIGRTMIN+20 from PID 277 (plymouthd).
[    2.804284] systemd[1]: plymouth-read-write.service: Succeeded.
[    2.804515] systemd[1]: Finished Tell Plymouth To Write Out Runtime Data.
[    2.824993] audit: type=1400 audit(1768426693.668:2): apparmor="STATUS" operation="profile_load" profile="unconfined" name="nvidia_modprobe" pid=301 comm="apparmor_parser"
[    2.824996] audit: type=1400 audit(1768426693.668:3): apparmor="STATUS" operation="profile_load" profile="unconfined" name="nvidia_modprobe//kmod" pid=301 comm="apparmor_parser"
[    2.835388] audit: type=1400 audit(1768426693.676:4): apparmor="STATUS" operation="profile_load" profile="unconfined" name="/usr/sbin/tcpdump" pid=302 comm="apparmor_parser"
[    2.879508] audit: type=1400 audit(1768426693.720:5): apparmor="STATUS" operation="profile_load" profile="unconfined" name="/usr/bin/evince" pid=304 comm="apparmor_parser"
[    2.879510] audit: type=1400 audit(1768426693.720:6): apparmor="STATUS" operation="profile_load" profile="unconfined" name="/usr/bin/evince//sanitized_helper" pid=304 comm="apparmor_parser"
[    2.879512] audit: type=1400 audit(1768426693.720:7): apparmor="STATUS" operation="profile_load" profile="unconfined" name="/usr/bin/evince-previewer" pid=304 comm="apparmor_parser"
[    2.879513] audit: type=1400 audit(1768426693.720:8): apparmor="STATUS" operation="profile_load" profile="unconfined" name="/usr/bin/evince-previewer//sanitized_helper" pid=304 comm="apparmor_parser"
[    2.879515] audit: type=1400 audit(1768426693.720:9): apparmor="STATUS" operation="profile_load" profile="unconfined" name="/usr/bin/evince-thumbnailer" pid=304 comm="apparmor_parser"
[    2.909921] audit: type=1400 audit(1768426693.756:10): apparmor="STATUS" operation="profile_load" profile="unconfined" name="/usr/lib/cups/backend/cups-pdf" pid=305 comm="apparmor_parser"
[    2.974857] systemd[1]: Finished Load AppArmor profiles.
[    2.975862] systemd[1]: Starting Load AppArmor profiles managed internally by snapd...
[    3.083685] systemd[1]: Finished Load AppArmor profiles managed internally by snapd.
[    3.224708] systemd[1]: Started Journal Service.
[    3.234182] systemd-journald[229]: Received client request to flush runtime journal.
[    3.237258] systemd-journald[229]: File /var/log/journal/c455b248004a419c87ce85eea238d727/system.journal corrupted or uncleanly shut down, renaming and replacing.
[    4.591017] RAPL PMU: API unit is 2^-32 Joules, 0 fixed counters, 10737418240 ms ovfl timer
[    4.632562] cryptd: max_cpu_qlen set to 1000
[    4.640546] AVX2 version of gcm_enc/dec engaged.
[    4.640547] AES CTR mode by8 optimization enabled
[    6.430849] Adding 1998844k swap on /dev/sda1.  Priority:-2 extents:1 across:1998844k FS
[    7.713286] kauditd_printk_skb: 30 callbacks suppressed
[    7.713287] audit: type=1400 audit(1768426698.552:41): apparmor="DENIED" operation="capable" profile="/usr/sbin/cups-browsed" pid=506 comm="cups-browsed" capability=23  capname="sys_nice"
[    8.854279] pcnet32 0000:00:03.0 enp0s3: link up, 100Mbps, full-duplex
[    8.894008] e1000: enp0s8 NIC Link is Up 1000 Mbps Full Duplex, Flow Control: RX
[    8.894296] IPv6: ADDRCONF(NETDEV_CHANGE): enp0s8: link becomes ready
[    8.924940] e1000: enp0s9 NIC Link is Up 1000 Mbps Full Duplex, Flow Control: RX
[    8.925230] IPv6: ADDRCONF(NETDEV_CHANGE): enp0s9: link becomes ready
[    9.568991] device enp0s3 entered promiscuous mode
[    9.593530] audit: type=1400 audit(1768426700.428:42): apparmor="DENIED" operation="open" profile="/usr/sbin/tcpdump" name="/proc/sys/kernel/random/boot_id" pid=639 comm="tcpdump" requested_mask="r" denied_mask="r" fsuid=0 ouid=0
[    9.593781] audit: type=1400 audit(1768426700.428:43): apparmor="DENIED" operation="open" profile="/usr/sbin/tcpdump" name="/proc/sys/kernel/random/boot_id" pid=639 comm="tcpdump" requested_mask="r" denied_mask="r" fsuid=0 ouid=0
[    9.593924] audit: type=1400 audit(1768426700.428:44): apparmor="DENIED" operation="open" profile="/usr/sbin/tcpdump" name="/proc/sys/kernel/random/boot_id" pid=639 comm="tcpdump" requested_mask="r" denied_mask="r" fsuid=0 ouid=0
[    9.593984] audit: type=1400 audit(1768426700.428:45): apparmor="DENIED" operation="open" profile="/usr/sbin/tcpdump" name="/proc/sys/kernel/random/boot_id" pid=639 comm="tcpdump" requested_mask="r" denied_mask="r" fsuid=0 ouid=0
[    9.594380] audit: type=1400 audit(1768426700.428:46): apparmor="DENIED" operation="open" profile="/usr/sbin/tcpdump" name="/proc/sys/kernel/random/boot_id" pid=640 comm="tcpdump" requested_mask="r" denied_mask="r" fsuid=0 ouid=0
[    9.595353] audit: type=1400 audit(1768426700.428:47): apparmor="DENIED" operation="open" profile="/usr/sbin/tcpdump" name="/proc/sys/kernel/random/boot_id" pid=640 comm="tcpdump" requested_mask="r" denied_mask="r" fsuid=0 ouid=0
[    9.595398] audit: type=1400 audit(1768426700.428:48): apparmor="DENIED" operation="open" profile="/usr/sbin/tcpdump" name="/proc/sys/kernel/random/boot_id" pid=640 comm="tcpdump" requested_mask="r" denied_mask="r" fsuid=0 ouid=0
[    9.595916] audit: type=1400 audit(1768426700.428:49): apparmor="DENIED" operation="open" profile="/usr/sbin/tcpdump" name="/proc/sys/kernel/random/boot_id" pid=640 comm="tcpdump" requested_mask="r" denied_mask="r" fsuid=0 ouid=0
[   15.494468] rfkill: input handler disabled
[  100.896802] rfkill: input handler enabled
[  109.526760] rfkill: input handler disabled
[  211.108169] AAAAA-TCP_SEND: name:enp0s3: saddr:100932208: daddr:16783984: srtt_us:0: RTT:0: ssthresh:2147483647: cwnd:10: delivered:0: lost:0: retrans:0
[  212.111647] AAAAA-TCP_SEND: name:enp0s3: saddr:100932208: daddr:16783984: srtt_us:0: RTT:0: ssthresh:7: cwnd:1: delivered:0: lost:1: retrans:1
[  212.679753] AAAAA-TCP_RECV: name:enp0s3: saddr:16783984: daddr:100932208: srtt_us:0: RTT:0: ssthresh:7: cwnd:1: delivered:0: lost:1: retrans:1
[  212.679827] AAAAA-TCP_SEND: name:enp0s3: saddr:100932208: daddr:16783984: srtt_us:12640000: RTT:1580000: ssthresh:2147483647: cwnd:10: delivered:1: lost:1: retrans:1
[  212.680887] AAAAA-TCP_SEND: name:enp0s3: saddr:100932208: daddr:16783984: srtt_us:12640000: RTT:1580000: ssthresh:2147483647: cwnd:10: delivered:1: lost:1: retrans:1
[  212.737726] AAAAA-TCP_RECV: name:enp0s3: saddr:16783984: daddr:100932208: srtt_us:12640000: RTT:1580000: ssthresh:2147483647: cwnd:10: delivered:1: lost:1: retrans:1
[  212.737752] AAAAA-TCP_SEND: name:enp0s3: saddr:100932208: daddr:16783984: srtt_us:12640000: RTT:1580000: ssthresh:2147483647: cwnd:10: delivered:1: lost:1: retrans:1
[  213.094521] AAAAA-TCP_RECV: name:enp0s3: saddr:16783984: daddr:100932208: srtt_us:12640000: RTT:1580000: ssthresh:2147483647: cwnd:10: delivered:1: lost:1: retrans:1
[  213.370114] AAAAA-TCP_RECV: name:enp0s3: saddr:16783984: daddr:100932208: srtt_us:12640000: RTT:1580000: ssthresh:2147483647: cwnd:10: delivered:1: lost:1: retrans:1
[  213.370198] AAAAA-TCP_SEND: name:enp0s3: saddr:100932208: daddr:33561200: srtt_us:0: RTT:0: ssthresh:2147483647: cwnd:10: delivered:0: lost:0: retrans:0
[  213.413522] AAAAA-TCP_RECV: name:enp0s3: saddr:16783984: daddr:100932208: srtt_us:11749255: RTT:1468656: ssthresh:2147483647: cwnd:10: delivered:2: lost:1: retrans:1
[  213.413564] AAAAA-TCP_SEND: name:enp0s3: saddr:100932208: daddr:16783984: srtt_us:11749255: RTT:1468656: ssthresh:2147483647: cwnd:10: delivered:2: lost:1: retrans:1
[  213.413755] AAAAA-TCP_SEND: name:enp0s3: saddr:100932208: daddr:16783984: srtt_us:11749255: RTT:1468656: ssthresh:2147483647: cwnd:10: delivered:2: lost:1: retrans:1
[  213.748691] AAAAA-TCP_RECV: name:enp0s3: saddr:33561200: daddr:100932208: srtt_us:0: RTT:0: ssthresh:2147483647: cwnd:10: delivered:0: lost:0: retrans:0
[  213.748736] AAAAA-TCP_SEND: name:enp0s3: saddr:100932208: daddr:33561200: srtt_us:3028152: RTT:378519: ssthresh:2147483647: cwnd:10: delivered:1: lost:0: retrans:0
[  213.839300] AAAAA-TCP_RECV: name:enp0s3: saddr:16783984: daddr:100932208: srtt_us:11749255: RTT:1468656: ssthresh:2147483647: cwnd:10: delivered:2: lost:1: retrans:1
[  213.839334] AAAAA-TCP_SEND: name:enp0s3: saddr:100932208: daddr:16783984: srtt_us:11749255: RTT:1468656: ssthresh:2147483647: cwnd:10: delivered:2: lost:1: retrans:1
[  214.097516] AAAAA-TCP_RECV: name:enp0s3: saddr:33561200: daddr:100932208: srtt_us:3028152: RTT:378519: ssthresh:2147483647: cwnd:10: delivered:1: lost:0: retrans:0
[  214.189366] AAAAA-TCP_RECV: name:enp0s3: saddr:16783984: daddr:100932208: srtt_us:10706177: RTT:1338272: ssthresh:2147483647: cwnd:10: delivered:3: lost:1: retrans:1
[  214.260375] AAAAA-TCP_RECV: name:enp0s3: saddr:33561200: daddr:100932208: srtt_us:3028152: RTT:378519: ssthresh:2147483647: cwnd:10: delivered:1: lost:0: retrans:0
[  214.260411] AAAAA-TCP_SEND: name:enp0s3: saddr:100932208: daddr:33561200: srtt_us:3028152: RTT:378519: ssthresh:2147483647: cwnd:10: delivered:1: lost:0: retrans:0
[  214.260590] AAAAA-TCP_SEND: name:enp0s3: saddr:100932208: daddr:16783984: srtt_us:0: RTT:0: ssthresh:2147483647: cwnd:10: delivered:0: lost:0: retrans:0
[  214.486021] AAAAA-TCP_RECV: name:enp0s3: saddr:16783984: daddr:100932208: srtt_us:0: RTT:0: ssthresh:2147483647: cwnd:10: delivered:0: lost:0: retrans:0
[  214.486078] AAAAA-TCP_SEND: name:enp0s3: saddr:100932208: daddr:16783984: srtt_us:1803632: RTT:225454: ssthresh:2147483647: cwnd:10: delivered:1: lost:0: retrans:0
[  214.486222] AAAAA-TCP_SEND: name:enp0s3: saddr:100932208: daddr:16783984: srtt_us:1803632: RTT:225454: ssthresh:2147483647: cwnd:10: delivered:1: lost:0: retrans:0
[  214.628950] AAAAA-TCP_RECV: name:enp0s3: saddr:16783984: daddr:100932208: srtt_us:1803632: RTT:225454: ssthresh:2147483647: cwnd:10: delivered:1: lost:0: retrans:0
[  214.727216] AAAAA-TCP_RECV: name:enp0s3: saddr:16783984: daddr:100932208: srtt_us:1803632: RTT:225454: ssthresh:2147483647: cwnd:10: delivered:1: lost:0: retrans:0
[  214.727276] AAAAA-TCP_SEND: name:enp0s3: saddr:100932208: daddr:33561200: srtt_us:0: RTT:0: ssthresh:2147483647: cwnd:10: delivered:0: lost:0: retrans:0
[  214.890021] AAAAA-TCP_RECV: name:enp0s3: saddr:33561200: daddr:100932208: srtt_us:3028152: RTT:378519: ssthresh:2147483647: cwnd:10: delivered:1: lost:0: retrans:0
[  214.890039] AAAAA-TCP_SEND: name:enp0s3: saddr:100932208: daddr:33561200: srtt_us:3028152: RTT:378519: ssthresh:2147483647: cwnd:10: delivered:1: lost:0: retrans:0
[  215.004229] AAAAA-TCP_RECV: name:enp0s3: saddr:33561200: daddr:100932208: srtt_us:0: RTT:0: ssthresh:2147483647: cwnd:10: delivered:0: lost:0: retrans:0
[  215.004256] AAAAA-TCP_SEND: name:enp0s3: saddr:100932208: daddr:33561200: srtt_us:2215688: RTT:276961: ssthresh:2147483647: cwnd:10: delivered:1: lost:0: retrans:0
[  215.434158] AAAAA-TCP_RECV: name:enp0s3: saddr:33561200: daddr:100932208: srtt_us:3028152: RTT:378519: ssthresh:2147483647: cwnd:10: delivered:1: lost:0: retrans:0
[  215.434175] AAAAA-TCP_SEND: name:enp0s3: saddr:100932208: daddr:33561200: srtt_us:3028152: RTT:378519: ssthresh:2147483647: cwnd:10: delivered:1: lost:0: retrans:0
[  215.434316] AAAAA-TCP_SEND: name:enp0s3: saddr:100932208: daddr:16783984: srtt_us:1819177: RTT:227397: ssthresh:2147483647: cwnd:10: delivered:2: lost:0: retrans:0
[  215.434339] AAAAA-TCP_SEND: name:enp0s3: saddr:100932208: daddr:16783984: srtt_us:1819177: RTT:227397: ssthresh:2147483647: cwnd:10: delivered:2: lost:0: retrans:0
[  215.434397] AAAAA-TCP_SEND: name:enp0s3: saddr:100932208: daddr:16783984: srtt_us:1819177: RTT:227397: ssthresh:2147483647: cwnd:10: delivered:2: lost:0: retrans:0
[  215.434414] AAAAA-TCP_SEND: name:enp0s3: saddr:100932208: daddr:16783984: srtt_us:1819177: RTT:227397: ssthresh:2147483647: cwnd:10: delivered:2: lost:0: retrans:0
[  215.434470] AAAAA-TCP_SEND: name:enp0s3: saddr:100932208: daddr:16783984: srtt_us:1819177: RTT:227397: ssthresh:2147483647: cwnd:10: delivered:2: lost:0: retrans:0
[  215.434486] AAAAA-TCP_SEND: name:enp0s3: saddr:100932208: daddr:16783984: srtt_us:1819177: RTT:227397: ssthresh:2147483647: cwnd:10: delivered:2: lost:0: retrans:0
[  215.434577] AAAAA-TCP_SEND: name:enp0s3: saddr:100932208: daddr:16783984: srtt_us:1819177: RTT:227397: ssthresh:2147483647: cwnd:10: delivered:2: lost:0: retrans:0
[  215.434599] AAAAA-TCP_SEND: name:enp0s3: saddr:100932208: daddr:16783984: srtt_us:1819177: RTT:227397: ssthresh:2147483647: cwnd:10: delivered:2: lost:0: retrans:0
[  215.434688] AAAAA-TCP_SEND: name:enp0s3: saddr:100932208: daddr:16783984: srtt_us:1819177: RTT:227397: ssthresh:2147483647: cwnd:10: delivered:2: lost:0: retrans:0
[  215.434703] AAAAA-TCP_SEND: name:enp0s3: saddr:100932208: daddr:16783984: srtt_us:1819177: RTT:227397: ssthresh:2147483647: cwnd:10: delivered:2: lost:0: retrans:0
[  215.550781] AAAAA-TCP_RECV: name:enp0s3: saddr:33561200: daddr:100932208: srtt_us:2215688: RTT:276961: ssthresh:2147483647: cwnd:10: delivered:1: lost:0: retrans:0
[  215.550845] AAAAA-TCP_SEND: name:enp0s3: saddr:100932208: daddr:33561200: srtt_us:2215688: RTT:276961: ssthresh:2147483647: cwnd:10: delivered:1: lost:0: retrans:0
[  215.550873] AAAAA-TCP_SEND: name:enp0s3: saddr:100932208: daddr:33561200: srtt_us:2215688: RTT:276961: ssthresh:2147483647: cwnd:10: delivered:1: lost:0: retrans:0
[  215.551807] AAAAA-TCP_SEND: name:enp0s3: saddr:100932208: daddr:33561200: srtt_us:2215688: RTT:276961: ssthresh:2147483647: cwnd:10: delivered:1: lost:0: retrans:0
[  215.551830] AAAAA-TCP_SEND: name:enp0s3: saddr:100932208: daddr:33561200: srtt_us:2215688: RTT:276961: ssthresh:2147483647: cwnd:10: delivered:1: lost:0: retrans:0
[  215.551927] AAAAA-TCP_SEND: name:enp0s3: saddr:100932208: daddr:33561200: srtt_us:2215688: RTT:276961: ssthresh:2147483647: cwnd:10: delivered:1: lost:0: retrans:0
[  215.551943] AAAAA-TCP_SEND: name:enp0s3: saddr:100932208: daddr:33561200: srtt_us:2215688: RTT:276961: ssthresh:2147483647: cwnd:10: delivered:1: lost:0: retrans:0
[  215.552027] AAAAA-TCP_SEND: name:enp0s3: saddr:100932208: daddr:33561200: srtt_us:2215688: RTT:276961: ssthresh:2147483647: cwnd:10: delivered:1: lost:0: retrans:0
[  215.552043] AAAAA-TCP_SEND: name:enp0s3: saddr:100932208: daddr:33561200: srtt_us:2215688: RTT:276961: ssthresh:2147483647: cwnd:10: delivered:1: lost:0: retrans:0
[  215.552125] AAAAA-TCP_SEND: name:enp0s3: saddr:100932208: daddr:33561200: srtt_us:2215688: RTT:276961: ssthresh:2147483647: cwnd:10: delivered:1: lost:0: retrans:0
[  215.552142] AAAAA-TCP_SEND: name:enp0s3: saddr:100932208: daddr:33561200: srtt_us:2215688: RTT:276961: ssthresh:2147483647: cwnd:10: delivered:1: lost:0: retrans:0
[  215.923608] AAAAA-TCP_SEND: name:enp0s3: saddr:100932208: daddr:16783984: srtt_us:1819177: RTT:227397: ssthresh:2147483647: cwnd:10: delivered:2: lost:0: retrans:1
[  216.076240] AAAAA-TCP_RECV: name:enp0s3: saddr:16783984: daddr:100932208: srtt_us:1819177: RTT:227397: ssthresh:2147483647: cwnd:10: delivered:2: lost:0: retrans:1
[  216.076296] AAAAA-TCP_SEND: name:enp0s3: saddr:100932208: daddr:16783984: srtt_us:2233729: RTT:279216: ssthresh:2147483647: cwnd:11: delivered:3: lost:0: retrans:1
[  216.076323] AAAAA-TCP_SEND: name:enp0s3: saddr:100932208: daddr:16783984: srtt_us:2233729: RTT:279216: ssthresh:2147483647: cwnd:11: delivered:3: lost:0: retrans:1
[  216.143641] AAAAA-TCP_SEND: name:enp0s3: saddr:100932208: daddr:33561200: srtt_us:2215688: RTT:276961: ssthresh:2147483647: cwnd:10: delivered:1: lost:0: retrans:0
[  216.172284] AAAAA-TCP_RECV: name:enp0s3: saddr:16783984: daddr:100932208: srtt_us:2233729: RTT:279216: ssthresh:2147483647: cwnd:11: delivered:3: lost:0: retrans:1
[  216.172314] AAAAA-TCP_SEND: name:enp0s3: saddr:100932208: daddr:16783984: srtt_us:2692473: RTT:336559: ssthresh:2147483647: cwnd:12: delivered:4: lost:0: retrans:1
[  216.172342] AAAAA-TCP_SEND: name:enp0s3: saddr:100932208: daddr:16783984: srtt_us:2692473: RTT:336559: ssthresh:2147483647: cwnd:12: delivered:4: lost:0: retrans:1
[  216.321024] AAAAA-TCP_RECV: name:enp0s3: saddr:16783984: daddr:100932208: srtt_us:2692473: RTT:336559: ssthresh:2147483647: cwnd:12: delivered:4: lost:0: retrans:1
[  216.321059] AAAAA-TCP_SEND: name:enp0s3: saddr:100932208: daddr:16783984: srtt_us:3242559: RTT:405319: ssthresh:2147483647: cwnd:13: delivered:5: lost:0: retrans:1
[  216.321095] AAAAA-TCP_SEND: name:enp0s3: saddr:100932208: daddr:16783984: srtt_us:3242559: RTT:405319: ssthresh:2147483647: cwnd:13: delivered:5: lost:0: retrans:1
[  216.474970] AAAAA-TCP_RECV: name:enp0s3: saddr:16783984: daddr:100932208: srtt_us:3242559: RTT:405319: ssthresh:2147483647: cwnd:13: delivered:5: lost:0: retrans:1
[  216.475004] AAAAA-TCP_SEND: name:enp0s3: saddr:100932208: daddr:16783984: srtt_us:3877815: RTT:484726: ssthresh:2147483647: cwnd:14: delivered:6: lost:0: retrans:1
[  216.475035] AAAAA-TCP_SEND: name:enp0s3: saddr:100932208: daddr:16783984: srtt_us:3877815: RTT:484726: ssthresh:2147483647: cwnd:14: delivered:6: lost:0: retrans:1
[  216.619897] AAAAA-TCP_RECV: name:enp0s3: saddr:16783984: daddr:100932208: srtt_us:3877815: RTT:484726: ssthresh:2147483647: cwnd:14: delivered:6: lost:0: retrans:1
[  216.619938] AAAAA-TCP_SEND: name:enp0s3: saddr:100932208: daddr:16783984: srtt_us:4578535: RTT:572316: ssthresh:2147483647: cwnd:15: delivered:7: lost:0: retrans:1
[  216.619977] AAAAA-TCP_SEND: name:enp0s3: saddr:100932208: daddr:16783984: srtt_us:4578535: RTT:572316: ssthresh:2147483647: cwnd:15: delivered:7: lost:0: retrans:1
[  216.832947] AAAAA-TCP_RECV: name:enp0s3: saddr:16783984: daddr:100932208: srtt_us:4578535: RTT:572316: ssthresh:2147483647: cwnd:15: delivered:7: lost:0: retrans:1
[  216.832988] AAAAA-TCP_SEND: name:enp0s3: saddr:100932208: daddr:16783984: srtt_us:5404701: RTT:675587: ssthresh:2147483647: cwnd:16: delivered:8: lost:0: retrans:1
[  216.833026] AAAAA-TCP_SEND: name:enp0s3: saddr:100932208: daddr:16783984: srtt_us:5404701: RTT:675587: ssthresh:2147483647: cwnd:16: delivered:8: lost:0: retrans:1
[  217.007650] AAAAA-TCP_SEND: name:enp0s3: saddr:100932208: daddr:33561200: srtt_us:2215688: RTT:276961: ssthresh:7: cwnd:1: delivered:1: lost:11: retrans:1
[  217.142394] AAAAA-TCP_RECV: name:enp0s3: saddr:16783984: daddr:100932208: srtt_us:5404701: RTT:675587: ssthresh:2147483647: cwnd:16: delivered:8: lost:0: retrans:1
[  217.142440] AAAAA-TCP_SEND: name:enp0s3: saddr:100932208: daddr:16783984: srtt_us:6436952: RTT:804619: ssthresh:2147483647: cwnd:17: delivered:9: lost:0: retrans:1
[  217.142473] AAAAA-TCP_SEND: name:enp0s3: saddr:100932208: daddr:16783984: srtt_us:6436952: RTT:804619: ssthresh:2147483647: cwnd:17: delivered:9: lost:0: retrans:1
[  217.272021] AAAAA-TCP_RECV: name:enp0s3: saddr:16783984: daddr:100932208: srtt_us:6436952: RTT:804619: ssthresh:2147483647: cwnd:17: delivered:9: lost:0: retrans:1
[  217.272066] AAAAA-TCP_SEND: name:enp0s3: saddr:100932208: daddr:16783984: srtt_us:7469778: RTT:933722: ssthresh:2147483647: cwnd:18: delivered:10: lost:0: retrans:1
[  217.272096] AAAAA-TCP_SEND: name:enp0s3: saddr:100932208: daddr:16783984: srtt_us:7469778: RTT:933722: ssthresh:2147483647: cwnd:18: delivered:10: lost:0: retrans:1
[  217.641012] AAAAA-TCP_RECV: name:enp0s3: saddr:16783984: daddr:100932208: srtt_us:7469778: RTT:933722: ssthresh:2147483647: cwnd:18: delivered:10: lost:0: retrans:1
[  217.641051] AAAAA-TCP_SEND: name:enp0s3: saddr:100932208: daddr:16783984: srtt_us:8742398: RTT:1092799: ssthresh:2147483647: cwnd:19: delivered:11: lost:0: retrans:1
[  217.641080] AAAAA-TCP_SEND: name:enp0s3: saddr:100932208: daddr:16783984: srtt_us:8742398: RTT:1092799: ssthresh:2147483647: cwnd:19: delivered:11: lost:0: retrans:1
[  217.841129] AAAAA-TCP_RECV: name:enp0s3: saddr:16783984: daddr:100932208: srtt_us:8742398: RTT:1092799: ssthresh:2147483647: cwnd:19: delivered:11: lost:0: retrans:1
[  217.841179] AAAAA-TCP_SEND: name:enp0s3: saddr:100932208: daddr:16783984: srtt_us:10055599: RTT:1256949: ssthresh:2147483647: cwnd:20: delivered:12: lost:0: retrans:1
[  217.841212] AAAAA-TCP_SEND: name:enp0s3: saddr:100932208: daddr:16783984: srtt_us:10055599: RTT:1256949: ssthresh:2147483647: cwnd:20: delivered:12: lost:0: retrans:1
[  218.192503] AAAAA-TCP_RECV: name:enp0s3: saddr:33561200: daddr:100932208: srtt_us:2215688: RTT:276961: ssthresh:7: cwnd:1: delivered:1: lost:11: retrans:1
[  218.192570] AAAAA-TCP_SEND: name:enp0s3: saddr:100932208: daddr:33561200: srtt_us:4579727: RTT:572465: ssthresh:2147483647: cwnd:11: delivered:2: lost:11: retrans:1
[  218.574729] AAAAA-TCP_RECV: name:enp0s3: saddr:33561200: daddr:100932208: srtt_us:4579727: RTT:572465: ssthresh:2147483647: cwnd:11: delivered:2: lost:11: retrans:1
[  218.574762] AAAAA-TCP_SEND: name:enp0s3: saddr:100932208: daddr:33561200: srtt_us:7031157: RTT:878894: ssthresh:2147483647: cwnd:12: delivered:3: lost:11: retrans:1
[  218.574798] AAAAA-TCP_SEND: name:enp0s3: saddr:100932208: daddr:33561200: srtt_us:7031157: RTT:878894: ssthresh:2147483647: cwnd:12: delivered:3: lost:11: retrans:1
[  218.874827] AAAAA-TCP_RECV: name:enp0s3: saddr:33561200: daddr:100932208: srtt_us:7031157: RTT:878894: ssthresh:2147483647: cwnd:12: delivered:3: lost:11: retrans:1
[  218.874869] AAAAA-TCP_SEND: name:enp0s3: saddr:100932208: daddr:33561200: srtt_us:9475307: RTT:1184413: ssthresh:2147483647: cwnd:13: delivered:4: lost:11: retrans:1
[  218.874906] AAAAA-TCP_SEND: name:enp0s3: saddr:100932208: daddr:33561200: srtt_us:9475307: RTT:1184413: ssthresh:2147483647: cwnd:13: delivered:4: lost:11: retrans:1
[  218.987987] AAAAA-TCP_RECV: name:enp0s3: saddr:33561200: daddr:100932208: srtt_us:9475307: RTT:1184413: ssthresh:2147483647: cwnd:13: delivered:4: lost:11: retrans:1
[  218.988033] AAAAA-TCP_SEND: name:enp0s3: saddr:100932208: daddr:33561200: srtt_us:11727100: RTT:1465887: ssthresh:2147483647: cwnd:14: delivered:5: lost:11: retrans:1
[  218.988074] AAAAA-TCP_SEND: name:enp0s3: saddr:100932208: daddr:33561200: srtt_us:11727100: RTT:1465887: ssthresh:2147483647: cwnd:14: delivered:5: lost:11: retrans:1
[  219.021790] AAAAA-TCP_RECV: name:enp0s3: saddr:33561200: daddr:100932208: srtt_us:11727100: RTT:1465887: ssthresh:2147483647: cwnd:14: delivered:5: lost:11: retrans:1
[  219.021809] AAAAA-TCP_SEND: name:enp0s3: saddr:100932208: daddr:33561200: srtt_us:13731081: RTT:1716385: ssthresh:2147483647: cwnd:15: delivered:6: lost:11: retrans:1
[  219.021837] AAAAA-TCP_SEND: name:enp0s3: saddr:100932208: daddr:33561200: srtt_us:13731081: RTT:1716385: ssthresh:2147483647: cwnd:15: delivered:6: lost:11: retrans:1
[  219.194125] AAAAA-TCP_RECV: name:enp0s3: saddr:33561200: daddr:100932208: srtt_us:13731081: RTT:1716385: ssthresh:2147483647: cwnd:15: delivered:6: lost:11: retrans:1
[  219.194154] AAAAA-TCP_SEND: name:enp0s3: saddr:100932208: daddr:33561200: srtt_us:15656912: RTT:1957114: ssthresh:2147483647: cwnd:16: delivered:7: lost:11: retrans:1
[  219.194189] AAAAA-TCP_SEND: name:enp0s3: saddr:100932208: daddr:33561200: srtt_us:15656912: RTT:1957114: ssthresh:2147483647: cwnd:16: delivered:7: lost:11: retrans:1
[  219.448294] AAAAA-TCP_RECV: name:enp0s3: saddr:33561200: daddr:100932208: srtt_us:15656912: RTT:1957114: ssthresh:2147483647: cwnd:16: delivered:7: lost:11: retrans:1
[  219.448321] AAAAA-TCP_SEND: name:enp0s3: saddr:100932208: daddr:33561200: srtt_us:17596082: RTT:2199510: ssthresh:2147483647: cwnd:17: delivered:8: lost:11: retrans:1
[  219.448356] AAAAA-TCP_SEND: name:enp0s3: saddr:100932208: daddr:33561200: srtt_us:17596082: RTT:2199510: ssthresh:2147483647: cwnd:17: delivered:8: lost:11: retrans:1
[  219.451661] AAAAA-TCP_RECV: name:enp0s3: saddr:33561200: daddr:100932208: srtt_us:17596082: RTT:2199510: ssthresh:2147483647: cwnd:17: delivered:8: lost:11: retrans:1
[  219.451674] AAAAA-TCP_SEND: name:enp0s3: saddr:100932208: daddr:33561200: srtt_us:19296211: RTT:2412026: ssthresh:2147483647: cwnd:18: delivered:9: lost:11: retrans:1
[  219.451698] AAAAA-TCP_SEND: name:enp0s3: saddr:100932208: daddr:33561200: srtt_us:19296211: RTT:2412026: ssthresh:2147483647: cwnd:18: delivered:9: lost:11: retrans:1
[  219.525359] AAAAA-TCP_RECV: name:enp0s3: saddr:33561200: daddr:100932208: srtt_us:19296211: RTT:2412026: ssthresh:2147483647: cwnd:18: delivered:9: lost:11: retrans:1
[  219.525384] AAAAA-TCP_SEND: name:enp0s3: saddr:100932208: daddr:33561200: srtt_us:20857435: RTT:2607179: ssthresh:2147483647: cwnd:19: delivered:10: lost:11: retrans:1
[  219.525414] AAAAA-TCP_SEND: name:enp0s3: saddr:100932208: daddr:33561200: srtt_us:20857435: RTT:2607179: ssthresh:2147483647: cwnd:19: delivered:10: lost:11: retrans:1
[  219.633234] AAAAA-TCP_RECV: name:enp0s3: saddr:33561200: daddr:100932208: srtt_us:20857435: RTT:2607179: ssthresh:2147483647: cwnd:19: delivered:10: lost:11: retrans:1
[  219.633262] AAAAA-TCP_SEND: name:enp0s3: saddr:100932208: daddr:33561200: srtt_us:22331382: RTT:2791422: ssthresh:2147483647: cwnd:20: delivered:11: lost:11: retrans:1
[  219.633293] AAAAA-TCP_SEND: name:enp0s3: saddr:100932208: daddr:33561200: srtt_us:22331382: RTT:2791422: ssthresh:2147483647: cwnd:20: delivered:11: lost:11: retrans:1
[  219.940936] AAAAA-TCP_RECV: name:enp0s3: saddr:16783984: daddr:100932208: srtt_us:10055599: RTT:1256949: ssthresh:2147483647: cwnd:20: delivered:12: lost:0: retrans:1
[  219.943848] AAAAA-TCP_RECV: name:enp0s3: saddr:16783984: daddr:100932208: srtt_us:12663317: RTT:1582914: ssthresh:14: cwnd:14: delivered:13: lost:0: retrans:1
[  220.128997] AAAAA-TCP_RECV: name:enp0s3: saddr:33561200: daddr:100932208: srtt_us:22331382: RTT:2791422: ssthresh:2147483647: cwnd:20: delivered:11: lost:11: retrans:1
[  220.129045] AAAAA-TCP_SEND: name:enp0s3: saddr:100932208: daddr:33561200: srtt_us:23525345: RTT:2940668: ssthresh:2147483647: cwnd:21: delivered:12: lost:11: retrans:1
[  220.129087] AAAAA-TCP_SEND: name:enp0s3: saddr:100932208: daddr:33561200: srtt_us:23525345: RTT:2940668: ssthresh:2147483647: cwnd:21: delivered:12: lost:11: retrans:1
[  220.173375] AAAAA-TCP_RECV: name:enp0s3: saddr:16783984: daddr:100932208: srtt_us:14947966: RTT:1868495: ssthresh:14: cwnd:14: delivered:14: lost:0: retrans:1
[  220.179185] AAAAA-TCP_RECV: name:enp0s3: saddr:16783984: daddr:100932208: srtt_us:17080540: RTT:2135067: ssthresh:14: cwnd:14: delivered:15: lost:0: retrans:1
[  220.255583] AAAAA-TCP_RECV: name:enp0s3: saddr:16783984: daddr:100932208: srtt_us:18952321: RTT:2369040: ssthresh:14: cwnd:15: delivered:16: lost:0: retrans:1
[  220.271471] AAAAA-TCP_RECV: name:enp0s3: saddr:16783984: daddr:100932208: srtt_us:20517833: RTT:2564729: ssthresh:14: cwnd:15: delivered:17: lost:0: retrans:1
[  220.271500] AAAAA-TCP_SEND: name:enp0s3: saddr:100932208: daddr:16783984: srtt_us:21903494: RTT:2737936: ssthresh:14: cwnd:15: delivered:18: lost:0: retrans:1
[  220.402817] AAAAA-TCP_RECV: name:enp0s3: saddr:16783984: daddr:100932208: srtt_us:21903494: RTT:2737936: ssthresh:14: cwnd:15: delivered:18: lost:0: retrans:1
[  220.402841] AAAAA-TCP_SEND: name:enp0s3: saddr:100932208: daddr:16783984: srtt_us:23093390: RTT:2886673: ssthresh:14: cwnd:15: delivered:19: lost:0: retrans:1
[  220.456629] AAAAA-TCP_RECV: name:enp0s3: saddr:16783984: daddr:100932208: srtt_us:23093390: RTT:2886673: ssthresh:14: cwnd:15: delivered:19: lost:0: retrans:1
[  220.456657] AAAAA-TCP_SEND: name:enp0s3: saddr:100932208: daddr:16783984: srtt_us:24188326: RTT:3023540: ssthresh:14: cwnd:16: delivered:20: lost:0: retrans:1
[  220.456687] AAAAA-TCP_SEND: name:enp0s3: saddr:100932208: daddr:16783984: srtt_us:24188326: RTT:3023540: ssthresh:14: cwnd:16: delivered:20: lost:0: retrans:1
[  220.459282] AAAAA-TCP_RECV: name:enp0s3: saddr:16783984: daddr:100932208: srtt_us:24188326: RTT:3023540: ssthresh:14: cwnd:16: delivered:20: lost:0: retrans:1
[  220.459295] AAAAA-TCP_SEND: name:enp0s3: saddr:100932208: daddr:16783984: srtt_us:25004140: RTT:3125517: ssthresh:14: cwnd:16: delivered:21: lost:0: retrans:1
[  220.507225] AAAAA-TCP_RECV: name:enp0s3: saddr:16783984: daddr:100932208: srtt_us:25004140: RTT:3125517: ssthresh:14: cwnd:16: delivered:21: lost:0: retrans:1
[  220.507253] AAAAA-TCP_SEND: name:enp0s3: saddr:100932208: daddr:16783984: srtt_us:25765885: RTT:3220735: ssthresh:14: cwnd:16: delivered:22: lost:0: retrans:1
[  220.736727] AAAAA-TCP_RECV: name:enp0s3: saddr:16783984: daddr:100932208: srtt_us:25765885: RTT:3220735: ssthresh:14: cwnd:16: delivered:22: lost:0: retrans:1
[  220.736769] AAAAA-TCP_SEND: name:enp0s3: saddr:100932208: daddr:16783984: srtt_us:26448928: RTT:3306116: ssthresh:14: cwnd:16: delivered:23: lost:0: retrans:1
[  220.877947] AAAAA-TCP_RECV: name:enp0s3: saddr:16783984: daddr:100932208: srtt_us:26448928: RTT:3306116: ssthresh:14: cwnd:16: delivered:23: lost:0: retrans:1
[  220.877986] AAAAA-TCP_SEND: name:enp0s3: saddr:100932208: daddr:16783984: srtt_us:27187749: RTT:3398468: ssthresh:14: cwnd:17: delivered:24: lost:0: retrans:1
[  220.878010] AAAAA-TCP_SEND: name:enp0s3: saddr:100932208: daddr:16783984: srtt_us:27187749: RTT:3398468: ssthresh:14: cwnd:17: delivered:24: lost:0: retrans:1
[  221.073527] AAAAA-TCP_RECV: name:enp0s3: saddr:33561200: daddr:100932208: srtt_us:23525345: RTT:2940668: ssthresh:2147483647: cwnd:21: delivered:12: lost:11: retrans:1
[  221.108232] AAAAA-TCP_RECV: name:enp0s3: saddr:16783984: daddr:100932208: srtt_us:27187749: RTT:3398468: ssthresh:14: cwnd:17: delivered:24: lost:0: retrans:1
[  221.108284] AAAAA-TCP_SEND: name:enp0s3: saddr:100932208: daddr:16783984: srtt_us:27755095: RTT:3469386: ssthresh:14: cwnd:17: delivered:25: lost:0: retrans:1
[  221.182824] AAAAA-TCP_RECV: name:enp0s3: saddr:16783984: daddr:100932208: srtt_us:27755095: RTT:3469386: ssthresh:14: cwnd:17: delivered:25: lost:0: retrans:1
[  221.182854] AAAAA-TCP_SEND: name:enp0s3: saddr:100932208: daddr:16783984: srtt_us:28326115: RTT:3540764: ssthresh:14: cwnd:17: delivered:26: lost:0: retrans:1
[  221.301741] AAAAA-TCP_RECV: name:enp0s3: saddr:16783984: daddr:100932208: srtt_us:28326115: RTT:3540764: ssthresh:14: cwnd:17: delivered:26: lost:0: retrans:1
[  221.301763] AAAAA-TCP_SEND: name:enp0s3: saddr:100932208: daddr:16783984: srtt_us:28815045: RTT:3601880: ssthresh:14: cwnd:17: delivered:27: lost:0: retrans:1
[  221.403969] AAAAA-TCP_RECV: name:enp0s3: saddr:16783984: daddr:100932208: srtt_us:28815045: RTT:3601880: ssthresh:14: cwnd:17: delivered:27: lost:0: retrans:1
[  221.404000] AAAAA-TCP_SEND: name:enp0s3: saddr:100932208: daddr:16783984: srtt_us:29345089: RTT:3668136: ssthresh:14: cwnd:18: delivered:29: lost:0: retrans:1
[  221.580411] AAAAA-TCP_RECV: name:enp0s3: saddr:16783984: daddr:100932208: srtt_us:29345089: RTT:3668136: ssthresh:14: cwnd:18: delivered:29: lost:0: retrans:1
[  221.673387] AAAAA-TCP_RECV: name:enp0s3: saddr:16783984: daddr:100932208: srtt_us:29616334: RTT:3702041: ssthresh:14: cwnd:18: delivered:30: lost:0: retrans:1
[  221.765768] AAAAA-TCP_RECV: name:enp0s3: saddr:16783984: daddr:100932208: srtt_us:29746522: RTT:3718315: ssthresh:14: cwnd:18: delivered:31: lost:0: retrans:1
[  221.810814] AAAAA-TCP_RECV: name:enp0s3: saddr:33561200: daddr:100932208: srtt_us:23525345: RTT:2940668: ssthresh:2147483647: cwnd:21: delivered:13: lost:11: retrans:1
[  221.810843] AAAAA-TCP_SEND: name:enp0s3: saddr:100932208: daddr:33561200: srtt_us:24202942: RTT:3025367: ssthresh:2147483647: cwnd:22: delivered:14: lost:11: retrans:1
[  222.117510] AAAAA-TCP_RECV: name:enp0s3: saddr:33561200: daddr:100932208: srtt_us:24202942: RTT:3025367: ssthresh:2147483647: cwnd:22: delivered:14: lost:11: retrans:1
[  222.145785] AAAAA-TCP_RECV: name:enp0s3: saddr:33561200: daddr:100932208: srtt_us:24720354: RTT:3090044: ssthresh:2147483647: cwnd:23: delivered:15: lost:11: retrans:1
[  222.403614] AAAAA-TCP_RECV: name:enp0s3: saddr:33561200: daddr:100932208: srtt_us:25201314: RTT:3150164: ssthresh:2147483647: cwnd:24: delivered:16: lost:11: retrans:1
[  222.538615] AAAAA-TCP_RECV: name:enp0s3: saddr:33561200: daddr:100932208: srtt_us:25579924: RTT:3197490: ssthresh:2147483647: cwnd:25: delivered:17: lost:11: retrans:1
[  222.610807] AAAAA-TCP_RECV: name:enp0s3: saddr:33561200: daddr:100932208: srtt_us:26046160: RTT:3255770: ssthresh:2147483647: cwnd:26: delivered:18: lost:11: retrans:1
[  222.677976] AAAAA-TCP_RECV: name:enp0s3: saddr:33561200: daddr:100932208: srtt_us:26413187: RTT:3301648: ssthresh:2147483647: cwnd:27: delivered:19: lost:11: retrans:1
[  222.747605] AAAAA-TCP_RECV: name:enp0s3: saddr:33561200: daddr:100932208: srtt_us:26801457: RTT:3350182: ssthresh:2147483647: cwnd:28: delivered:20: lost:11: retrans:1
[  222.766575] AAAAA-TCP_RECV: name:enp0s3: saddr:33561200: daddr:100932208: srtt_us:27177090: RTT:3397136: ssthresh:2147483647: cwnd:29: delivered:21: lost:11: retrans:1
[  222.797725] AAAAA-TCP_RECV: name:enp0s3: saddr:33561200: daddr:100932208: srtt_us:27524706: RTT:3440588: ssthresh:29: cwnd:29: delivered:22: lost:11: retrans:1
[  222.867644] AAAAA-TCP_RECV: name:enp0s3: saddr:33561200: daddr:100932208: srtt_us:27687696: RTT:3460962: ssthresh:29: cwnd:29: delivered:23: lost:11: retrans:1
[  222.935521] AAAAA-TCP_RECV: name:enp0s3: saddr:33561200: daddr:100932208: srtt_us:27900205: RTT:3487525: ssthresh:29: cwnd:30: delivered:24: lost:11: retrans:1
[  223.004351] AAAAA-TCP_RECV: name:enp0s3: saddr:33561200: daddr:100932208: srtt_us:27899886: RTT:3487485: ssthresh:29: cwnd:30: delivered:25: lost:11: retrans:1
[  223.076204] AAAAA-TCP_RECV: name:enp0s3: saddr:33561200: daddr:100932208: srtt_us:27968411: RTT:3496051: ssthresh:29: cwnd:30: delivered:26: lost:11: retrans:1
[  223.143366] AAAAA-TCP_RECV: name:enp0s3: saddr:33561200: daddr:100932208: srtt_us:28096908: RTT:3512113: ssthresh:29: cwnd:31: delivered:27: lost:11: retrans:1
[  223.163556] AAAAA-TCP_RECV: name:enp0s3: saddr:33561200: daddr:100932208: srtt_us:28276478: RTT:3534559: ssthresh:29: cwnd:31: delivered:28: lost:11: retrans:1
[  223.179875] AAAAA-TCP_RECV: name:enp0s3: saddr:33561200: daddr:100932208: srtt_us:28380108: RTT:3547513: ssthresh:29: cwnd:31: delivered:29: lost:11: retrans:1
[  223.261860] AAAAA-TCP_RECV: name:enp0s3: saddr:33561200: daddr:100932208: srtt_us:28487070: RTT:3560883: ssthresh:29: cwnd:32: delivered:30: lost:11: retrans:1
[  223.282570] AAAAA-TCP_RECV: name:enp0s3: saddr:33561200: daddr:100932208: srtt_us:28554802: RTT:3569350: ssthresh:29: cwnd:32: delivered:32: lost:11: retrans:1
[  223.344550] AAAAA-TCP_RECV: name:enp0s3: saddr:16783984: daddr:100932208: srtt_us:29952817: RTT:3744102: ssthresh:14: cwnd:18: delivered:32: lost:0: retrans:1
[  223.388433] AAAAA-TCP_RECV: name:enp0s3: saddr:16783984: daddr:100932208: srtt_us:29281788: RTT:3660223: ssthresh:14: cwnd:18: delivered:33: lost:0: retrans:1
[  223.404548] AAAAA-TCP_RECV: name:enp0s3: saddr:16783984: daddr:100932208: srtt_us:28607173: RTT:3575896: ssthresh:14: cwnd:18: delivered:34: lost:0: retrans:1
[  223.420373] AAAAA-TCP_RECV: name:enp0s3: saddr:16783984: daddr:100932208: srtt_us:27979185: RTT:3497398: ssthresh:14: cwnd:18: delivered:35: lost:0: retrans:1
[  223.436219] AAAAA-TCP_RECV: name:enp0s3: saddr:16783984: daddr:100932208: srtt_us:27445488: RTT:3430686: ssthresh:14: cwnd:18: delivered:36: lost:0: retrans:1
[  223.451982] AAAAA-TCP_RECV: name:enp0s3: saddr:16783984: daddr:100932208: srtt_us:26991740: RTT:3373967: ssthresh:14: cwnd:19: delivered:37: lost:0: retrans:1
[  223.467960] AAAAA-TCP_RECV: name:enp0s3: saddr:16783984: daddr:100932208: srtt_us:26562517: RTT:3320314: ssthresh:14: cwnd:19: delivered:38: lost:0: retrans:1
[  223.483966] AAAAA-TCP_RECV: name:enp0s3: saddr:16783984: daddr:100932208: srtt_us:25973411: RTT:3246676: ssthresh:14: cwnd:19: delivered:39: lost:0: retrans:1
[  223.500099] AAAAA-TCP_RECV: name:enp0s3: saddr:16783984: daddr:100932208: srtt_us:25332732: RTT:3166591: ssthresh:14: cwnd:19: delivered:40: lost:0: retrans:1
[  223.532059] AAAAA-TCP_RECV: name:enp0s3: saddr:16783984: daddr:100932208: srtt_us:24788271: RTT:3098533: ssthresh:14: cwnd:19: delivered:41: lost:0: retrans:1
[  223.552000] AAAAA-TCP_RECV: name:enp0s3: saddr:16783984: daddr:100932208: srtt_us:24113533: RTT:3014191: ssthresh:14: cwnd:19: delivered:42: lost:0: retrans:1
[  223.574630] AAAAA-TCP_RECV: name:enp0s3: saddr:16783984: daddr:100932208: srtt_us:23468505: RTT:2933563: ssthresh:14: cwnd:19: delivered:43: lost:0: retrans:1
[  223.600072] AAAAA-TCP_RECV: name:enp0s3: saddr:16783984: daddr:100932208: srtt_us:22807826: RTT:2850978: ssthresh:14: cwnd:19: delivered:44: lost:0: retrans:1
[  223.621028] AAAAA-TCP_RECV: name:enp0s3: saddr:33561200: daddr:100932208: srtt_us:28138999: RTT:3517374: ssthresh:29: cwnd:33: delivered:34: lost:11: retrans:1
[  238.095295] AAAAA-TCP_SEND: name:enp0s3: saddr:100932208: daddr:16783984: srtt_us:22152937: RTT:2769117: ssthresh:14: cwnd:19: delivered:45: lost:0: retrans:1
[  238.095329] AAAAA-TCP_SEND: name:enp0s3: saddr:100932208: daddr:33561200: srtt_us:26431829: RTT:3303978: ssthresh:29: cwnd:34: delivered:35: lost:11: retrans:1
[  238.095393] AAAAA-TCP_SEND: name:enp0s3: saddr:100932208: daddr:16783984: srtt_us:22152937: RTT:2769117: ssthresh:14: cwnd:14: delivered:45: lost:0: retrans:1
[  238.095410] AAAAA-TCP_SEND: name:enp0s3: saddr:100932208: daddr:33561200: srtt_us:26431829: RTT:3303978: ssthresh:29: cwnd:22: delivered:35: lost:11: retrans:1
[  238.095467] AAAAA-TCP_SEND: name:enp0s3: saddr:100932208: daddr:16783984: srtt_us:22152937: RTT:2769117: ssthresh:14: cwnd:14: delivered:45: lost:0: retrans:1
[  238.095483] AAAAA-TCP_SEND: name:enp0s3: saddr:100932208: daddr:33561200: srtt_us:26431829: RTT:3303978: ssthresh:29: cwnd:22: delivered:35: lost:11: retrans:1
[  238.095541] AAAAA-TCP_SEND: name:enp0s3: saddr:100932208: daddr:16783984: srtt_us:22152937: RTT:2769117: ssthresh:14: cwnd:14: delivered:45: lost:0: retrans:1
[  238.095560] AAAAA-TCP_SEND: name:enp0s3: saddr:100932208: daddr:33561200: srtt_us:26431829: RTT:3303978: ssthresh:29: cwnd:22: delivered:35: lost:11: retrans:1
[  238.097635] AAAAA-TCP_SEND: name:enp0s3: saddr:100932208: daddr:16783984: srtt_us:22152937: RTT:2769117: ssthresh:14: cwnd:14: delivered:45: lost:0: retrans:1
[  238.097744] AAAAA-TCP_SEND: name:enp0s3: saddr:100932208: daddr:33561200: srtt_us:26431829: RTT:3303978: ssthresh:29: cwnd:22: delivered:35: lost:11: retrans:1
[  238.097763] AAAAA-TCP_SEND: name:enp0s3: saddr:100932208: daddr:16783984: srtt_us:22152937: RTT:2769117: ssthresh:14: cwnd:14: delivered:45: lost:0: retrans:1
[  238.097822] AAAAA-TCP_SEND: name:enp0s3: saddr:100932208: daddr:33561200: srtt_us:26431829: RTT:3303978: ssthresh:29: cwnd:22: delivered:35: lost:11: retrans:1
[  238.097840] AAAAA-TCP_SEND: name:enp0s3: saddr:100932208: daddr:16783984: srtt_us:22152937: RTT:2769117: ssthresh:14: cwnd:14: delivered:45: lost:0: retrans:1
[  238.097898] AAAAA-TCP_SEND: name:enp0s3: saddr:100932208: daddr:33561200: srtt_us:26431829: RTT:3303978: ssthresh:29: cwnd:22: delivered:35: lost:11: retrans:1
[  238.097917] AAAAA-TCP_SEND: name:enp0s3: saddr:100932208: daddr:16783984: srtt_us:22152937: RTT:2769117: ssthresh:14: cwnd:14: delivered:45: lost:0: retrans:1
[  238.098010] AAAAA-TCP_SEND: name:enp0s3: saddr:100932208: daddr:33561200: srtt_us:26431829: RTT:3303978: ssthresh:29: cwnd:22: delivered:35: lost:11: retrans:1
[  238.098027] AAAAA-TCP_SEND: name:enp0s3: saddr:100932208: daddr:16783984: srtt_us:22152937: RTT:2769117: ssthresh:14: cwnd:14: delivered:45: lost:0: retrans:1
[  238.098083] AAAAA-TCP_SEND: name:enp0s3: saddr:100932208: daddr:33561200: srtt_us:26431829: RTT:3303978: ssthresh:29: cwnd:22: delivered:35: lost:11: retrans:1
[  238.098103] AAAAA-TCP_SEND: name:enp0s3: saddr:100932208: daddr:16783984: srtt_us:22152937: RTT:2769117: ssthresh:14: cwnd:14: delivered:45: lost:0: retrans:1
[  238.098162] AAAAA-TCP_SEND: name:enp0s3: saddr:100932208: daddr:33561200: srtt_us:26431829: RTT:3303978: ssthresh:29: cwnd:22: delivered:35: lost:11: retrans:1
[  238.098180] AAAAA-TCP_SEND: name:enp0s3: saddr:100932208: daddr:16783984: srtt_us:22152937: RTT:2769117: ssthresh:14: cwnd:14: delivered:45: lost:0: retrans:1
[  238.098239] AAAAA-TCP_SEND: name:enp0s3: saddr:100932208: daddr:33561200: srtt_us:26431829: RTT:3303978: ssthresh:29: cwnd:22: delivered:35: lost:11: retrans:1
[  238.098300] AAAAA-TCP_SEND: name:enp0s3: saddr:100932208: daddr:16783984: srtt_us:22152937: RTT:2769117: ssthresh:14: cwnd:14: delivered:45: lost:0: retrans:1
[  238.098317] AAAAA-TCP_SEND: name:enp0s3: saddr:100932208: daddr:33561200: srtt_us:26431829: RTT:3303978: ssthresh:29: cwnd:22: delivered:35: lost:11: retrans:1
[  238.098375] AAAAA-TCP_SEND: name:enp0s3: saddr:100932208: daddr:16783984: srtt_us:22152937: RTT:2769117: ssthresh:14: cwnd:14: delivered:45: lost:0: retrans:1
[  238.098392] AAAAA-TCP_SEND: name:enp0s3: saddr:100932208: daddr:33561200: srtt_us:26431829: RTT:3303978: ssthresh:29: cwnd:22: delivered:35: lost:11: retrans:1
[  238.098450] AAAAA-TCP_SEND: name:enp0s3: saddr:100932208: daddr:16783984: srtt_us:22152937: RTT:2769117: ssthresh:14: cwnd:14: delivered:45: lost:0: retrans:1
[  238.098466] AAAAA-TCP_SEND: name:enp0s3: saddr:100932208: daddr:33561200: srtt_us:26431829: RTT:3303978: ssthresh:29: cwnd:22: delivered:35: lost:11: retrans:1
[  238.098524] AAAAA-TCP_SEND: name:enp0s3: saddr:100932208: daddr:33561200: srtt_us:26431829: RTT:3303978: ssthresh:29: cwnd:22: delivered:35: lost:11: retrans:1
[  238.098541] AAAAA-TCP_SEND: name:enp0s3: saddr:100932208: daddr:33561200: srtt_us:26431829: RTT:3303978: ssthresh:29: cwnd:22: delivered:35: lost:11: retrans:1
[  238.098599] AAAAA-TCP_SEND: name:enp0s3: saddr:100932208: daddr:33561200: srtt_us:26431829: RTT:3303978: ssthresh:29: cwnd:22: delivered:35: lost:11: retrans:1
[  238.098617] AAAAA-TCP_SEND: name:enp0s3: saddr:100932208: daddr:33561200: srtt_us:26431829: RTT:3303978: ssthresh:29: cwnd:22: delivered:35: lost:11: retrans:1
[  238.098675] AAAAA-TCP_SEND: name:enp0s3: saddr:100932208: daddr:33561200: srtt_us:26431829: RTT:3303978: ssthresh:29: cwnd:22: delivered:35: lost:11: retrans:1
[  238.098691] AAAAA-TCP_SEND: name:enp0s3: saddr:100932208: daddr:33561200: srtt_us:26431829: RTT:3303978: ssthresh:29: cwnd:22: delivered:35: lost:11: retrans:1
[  238.098748] AAAAA-TCP_SEND: name:enp0s3: saddr:100932208: daddr:33561200: srtt_us:26431829: RTT:3303978: ssthresh:29: cwnd:22: delivered:35: lost:11: retrans:1
[  238.098766] AAAAA-TCP_SEND: name:enp0s3: saddr:100932208: daddr:33561200: srtt_us:26431829: RTT:3303978: ssthresh:29: cwnd:22: delivered:35: lost:11: retrans:1
[  239.481995] AAAAA-TCP_RECV: name:enp0s3: saddr:16783984: daddr:100932208: srtt_us:22152937: RTT:2769117: ssthresh:14: cwnd:14: delivered:45: lost:0: retrans:1
[  239.482064] AAAAA-TCP_SEND: name:enp0s3: saddr:100932208: daddr:16783984: srtt_us:20770565: RTT:2596320: ssthresh:14: cwnd:15: delivered:46: lost:0: retrans:1
[  239.482091] AAAAA-TCP_SEND: name:enp0s3: saddr:100932208: daddr:16783984: srtt_us:20770565: RTT:2596320: ssthresh:14: cwnd:15: delivered:46: lost:0: retrans:1
[  239.583398] AAAAA-TCP_RECV: name:enp0s3: saddr:33561200: daddr:100932208: srtt_us:26431829: RTT:3303978: ssthresh:29: cwnd:22: delivered:35: lost:11: retrans:1
[  239.583463] AAAAA-TCP_SEND: name:enp0s3: saddr:100932208: daddr:33561200: srtt_us:24615946: RTT:3076993: ssthresh:29: cwnd:23: delivered:36: lost:11: retrans:1
[  239.583490] AAAAA-TCP_SEND: name:enp0s3: saddr:100932208: daddr:33561200: srtt_us:24615946: RTT:3076993: ssthresh:29: cwnd:23: delivered:36: lost:11: retrans:1
[  239.687099] AAAAA-TCP_RECV: name:enp0s3: saddr:16783984: daddr:100932208: srtt_us:20770565: RTT:2596320: ssthresh:14: cwnd:15: delivered:46: lost:0: retrans:1
[  239.687133] AAAAA-TCP_SEND: name:enp0s3: saddr:100932208: daddr:16783984: srtt_us:19765970: RTT:2470746: ssthresh:14: cwnd:15: delivered:47: lost:0: retrans:1
[  239.820014] AAAAA-TCP_RECV: name:enp0s3: saddr:33561200: daddr:100932208: srtt_us:24615946: RTT:3076993: ssthresh:29: cwnd:23: delivered:36: lost:11: retrans:1
[  239.820041] AAAAA-TCP_SEND: name:enp0s3: saddr:100932208: daddr:33561200: srtt_us:23263572: RTT:2907946: ssthresh:29: cwnd:24: delivered:37: lost:11: retrans:1
[  239.820073] AAAAA-TCP_SEND: name:enp0s3: saddr:100932208: daddr:33561200: srtt_us:23263572: RTT:2907946: ssthresh:29: cwnd:24: delivered:37: lost:11: retrans:1
[  239.831140] AAAAA-TCP_RECV: name:enp0s3: saddr:16783984: daddr:100932208: srtt_us:19765970: RTT:2470746: ssthresh:14: cwnd:15: delivered:47: lost:0: retrans:1
[  239.831167] AAAAA-TCP_SEND: name:enp0s3: saddr:100932208: daddr:16783984: srtt_us:19030900: RTT:2378862: ssthresh:14: cwnd:16: delivered:49: lost:0: retrans:1
[  239.831184] AAAAA-TCP_SEND: name:enp0s3: saddr:100932208: daddr:16783984: srtt_us:19030900: RTT:2378862: ssthresh:14: cwnd:16: delivered:49: lost:0: retrans:1
[  239.831303] AAAAA-TCP_SEND: name:enp0s3: saddr:100932208: daddr:16783984: srtt_us:19030900: RTT:2378862: ssthresh:14: cwnd:16: delivered:49: lost:0: retrans:1
[  240.000294] AAAAA-TCP_RECV: name:enp0s3: saddr:16783984: daddr:100932208: srtt_us:19030900: RTT:2378862: ssthresh:14: cwnd:16: delivered:49: lost:0: retrans:1
[  240.000319] AAAAA-TCP_SEND: name:enp0s3: saddr:100932208: daddr:16783984: srtt_us:19030900: RTT:2378862: ssthresh:14: cwnd:16: delivered:49: lost:0: retrans:1
[  240.131965] AAAAA-TCP_RECV: name:enp0s3: saddr:33561200: daddr:100932208: srtt_us:23263572: RTT:2907946: ssthresh:29: cwnd:24: delivered:37: lost:11: retrans:1
[  240.132000] AAAAA-TCP_SEND: name:enp0s3: saddr:100932208: daddr:33561200: srtt_us:22392124: RTT:2799015: ssthresh:29: cwnd:25: delivered:38: lost:11: retrans:1
[  240.132039] AAAAA-TCP_SEND: name:enp0s3: saddr:100932208: daddr:33561200: srtt_us:22392124: RTT:2799015: ssthresh:29: cwnd:25: delivered:38: lost:11: retrans:1
[  240.142578] AAAAA-TCP_RECV: name:enp0s3: saddr:33561200: daddr:100932208: srtt_us:22392124: RTT:2799015: ssthresh:29: cwnd:25: delivered:38: lost:11: retrans:1
[  240.142593] AAAAA-TCP_SEND: name:enp0s3: saddr:100932208: daddr:33561200: srtt_us:21640131: RTT:2705016: ssthresh:29: cwnd:26: delivered:39: lost:11: retrans:1
[  240.142617] AAAAA-TCP_SEND: name:enp0s3: saddr:100932208: daddr:33561200: srtt_us:21640131: RTT:2705016: ssthresh:29: cwnd:26: delivered:39: lost:11: retrans:1
[  240.427301] AAAAA-TCP_RECV: name:enp0s3: saddr:16783984: daddr:100932208: srtt_us:19030900: RTT:2378862: ssthresh:14: cwnd:16: delivered:49: lost:0: retrans:1
[  240.427328] AAAAA-TCP_SEND: name:enp0s3: saddr:100932208: daddr:16783984: srtt_us:18981723: RTT:2372715: ssthresh:14: cwnd:16: delivered:50: lost:0: retrans:1
[  240.900419] AAAAA-TCP_RECV: name:enp0s3: saddr:33561200: daddr:100932208: srtt_us:21640131: RTT:2705016: ssthresh:29: cwnd:26: delivered:39: lost:11: retrans:1
[  240.900466] AAAAA-TCP_SEND: name:enp0s3: saddr:100932208: daddr:33561200: srtt_us:21737812: RTT:2717226: ssthresh:29: cwnd:27: delivered:40: lost:11: retrans:1
[  240.900530] AAAAA-TCP_SEND: name:enp0s3: saddr:100932208: daddr:33561200: srtt_us:21737812: RTT:2717226: ssthresh:29: cwnd:27: delivered:40: lost:11: retrans:1
[  241.029844] AAAAA-TCP_RECV: name:enp0s3: saddr:16783984: daddr:100932208: srtt_us:18981723: RTT:2372715: ssthresh:14: cwnd:16: delivered:50: lost:0: retrans:1
[  241.029897] AAAAA-TCP_SEND: name:enp0s3: saddr:100932208: daddr:16783984: srtt_us:19541109: RTT:2442638: ssthresh:14: cwnd:17: delivered:51: lost:0: retrans:1
[  241.029922] AAAAA-TCP_SEND: name:enp0s3: saddr:100932208: daddr:16783984: srtt_us:19541109: RTT:2442638: ssthresh:14: cwnd:17: delivered:51: lost:0: retrans:1
[  241.168421] AAAAA-TCP_RECV: name:enp0s3: saddr:33561200: daddr:100932208: srtt_us:21737812: RTT:2717226: ssthresh:29: cwnd:27: delivered:40: lost:11: retrans:1
[  241.168469] AAAAA-TCP_SEND: name:enp0s3: saddr:100932208: daddr:33561200: srtt_us:22091216: RTT:2761402: ssthresh:29: cwnd:28: delivered:41: lost:11: retrans:1
[  241.168534] AAAAA-TCP_SEND: name:enp0s3: saddr:100932208: daddr:33561200: srtt_us:22091216: RTT:2761402: ssthresh:29: cwnd:28: delivered:41: lost:11: retrans:1
[  241.381994] AAAAA-TCP_RECV: name:enp0s3: saddr:16783984: daddr:100932208: srtt_us:19541109: RTT:2442638: ssthresh:14: cwnd:17: delivered:51: lost:0: retrans:1
[  241.382027] AAAAA-TCP_SEND: name:enp0s3: saddr:100932208: daddr:16783984: srtt_us:20382643: RTT:2547830: ssthresh:14: cwnd:18: delivered:52: lost:0: retrans:1
[  241.382057] AAAAA-TCP_SEND: name:enp0s3: saddr:100932208: daddr:16783984: srtt_us:20382643: RTT:2547830: ssthresh:14: cwnd:18: delivered:52: lost:0: retrans:1
[  241.876481] AAAAA-TCP_RECV: name:enp0s3: saddr:33561200: daddr:100932208: srtt_us:22091216: RTT:2761402: ssthresh:29: cwnd:28: delivered:41: lost:11: retrans:1
[  241.876532] AAAAA-TCP_SEND: name:enp0s3: saddr:100932208: daddr:33561200: srtt_us:23108419: RTT:2888552: ssthresh:29: cwnd:29: delivered:42: lost:11: retrans:1
[  241.876570] AAAAA-TCP_SEND: name:enp0s3: saddr:100932208: daddr:33561200: srtt_us:23108419: RTT:2888552: ssthresh:29: cwnd:29: delivered:42: lost:11: retrans:1
[  241.993868] AAAAA-TCP_RECV: name:enp0s3: saddr:16783984: daddr:100932208: srtt_us:20382643: RTT:2547830: ssthresh:14: cwnd:18: delivered:52: lost:0: retrans:1
[  241.993912] AAAAA-TCP_SEND: name:enp0s3: saddr:100932208: daddr:16783984: srtt_us:21730782: RTT:2716347: ssthresh:14: cwnd:18: delivered:53: lost:0: retrans:1
[  242.125744] AAAAA-TCP_RECV: name:enp0s3: saddr:33561200: daddr:100932208: srtt_us:23108419: RTT:2888552: ssthresh:29: cwnd:29: delivered:42: lost:11: retrans:1
[  242.125776] AAAAA-TCP_SEND: name:enp0s3: saddr:100932208: daddr:33561200: srtt_us:24247617: RTT:3030952: ssthresh:29: cwnd:29: delivered:43: lost:11: retrans:1
[  242.331097] AAAAA-TCP_RECV: name:enp0s3: saddr:16783984: daddr:100932208: srtt_us:21730782: RTT:2716347: ssthresh:14: cwnd:18: delivered:53: lost:0: retrans:1
[  242.331126] AAAAA-TCP_SEND: name:enp0s3: saddr:100932208: daddr:16783984: srtt_us:23247510: RTT:2905938: ssthresh:14: cwnd:19: delivered:54: lost:0: retrans:1
[  242.331145] AAAAA-TCP_SEND: name:enp0s3: saddr:100932208: daddr:16783984: srtt_us:23247510: RTT:2905938: ssthresh:14: cwnd:19: delivered:54: lost:0: retrans:1
[  242.389917] AAAAA-TCP_RECV: name:enp0s3: saddr:33561200: daddr:100932208: srtt_us:24247617: RTT:3030952: ssthresh:29: cwnd:29: delivered:43: lost:11: retrans:1
[  242.389954] AAAAA-TCP_SEND: name:enp0s3: saddr:100932208: daddr:33561200: srtt_us:25508514: RTT:3188564: ssthresh:29: cwnd:30: delivered:44: lost:11: retrans:1
[  242.389978] AAAAA-TCP_SEND: name:enp0s3: saddr:100932208: daddr:33561200: srtt_us:25508514: RTT:3188564: ssthresh:29: cwnd:30: delivered:44: lost:11: retrans:1
[  242.433765] AAAAA-TCP_RECV: name:enp0s3: saddr:16783984: daddr:100932208: srtt_us:23247510: RTT:2905938: ssthresh:14: cwnd:19: delivered:54: lost:0: retrans:1
[  242.433788] AAAAA-TCP_SEND: name:enp0s3: saddr:100932208: daddr:16783984: srtt_us:24677247: RTT:3084655: ssthresh:14: cwnd:19: delivered:55: lost:0: retrans:1
[  242.476171] AAAAA-TCP_RECV: name:enp0s3: saddr:33561200: daddr:100932208: srtt_us:25508514: RTT:3188564: ssthresh:29: cwnd:30: delivered:44: lost:11: retrans:1
[  242.476196] AAAAA-TCP_SEND: name:enp0s3: saddr:100932208: daddr:33561200: srtt_us:26697974: RTT:3337246: ssthresh:29: cwnd:30: delivered:45: lost:11: retrans:1
[  242.540209] AAAAA-TCP_RECV: name:enp0s3: saddr:16783984: daddr:100932208: srtt_us:24677247: RTT:3084655: ssthresh:14: cwnd:19: delivered:55: lost:0: retrans:1
[  242.540256] AAAAA-TCP_SEND: name:enp0s3: saddr:100932208: daddr:16783984: srtt_us:26034637: RTT:3254329: ssthresh:14: cwnd:20: delivered:56: lost:0: retrans:1
[  242.540293] AAAAA-TCP_SEND: name:enp0s3: saddr:100932208: daddr:16783984: srtt_us:26034637: RTT:3254329: ssthresh:14: cwnd:20: delivered:56: lost:0: retrans:1
[  242.636544] AAAAA-TCP_RECV: name:enp0s3: saddr:33561200: daddr:100932208: srtt_us:26697974: RTT:3337246: ssthresh:29: cwnd:30: delivered:45: lost:11: retrans:1
[  242.636566] AAAAA-TCP_SEND: name:enp0s3: saddr:100932208: daddr:33561200: srtt_us:27899037: RTT:3487379: ssthresh:29: cwnd:31: delivered:46: lost:11: retrans:1
[  242.636583] AAAAA-TCP_SEND: name:enp0s3: saddr:100932208: daddr:33561200: srtt_us:27899037: RTT:3487379: ssthresh:29: cwnd:31: delivered:46: lost:11: retrans:1
[  242.677644] AAAAA-TCP_RECV: name:enp0s3: saddr:16783984: daddr:100932208: srtt_us:26034637: RTT:3254329: ssthresh:14: cwnd:20: delivered:56: lost:0: retrans:1
[  242.677671] AAAAA-TCP_SEND: name:enp0s3: saddr:100932208: daddr:16783984: srtt_us:27359666: RTT:3419958: ssthresh:14: cwnd:20: delivered:57: lost:0: retrans:1
[  242.845487] AAAAA-TCP_RECV: name:enp0s3: saddr:33561200: daddr:100932208: srtt_us:27899037: RTT:3487379: ssthresh:29: cwnd:31: delivered:46: lost:11: retrans:1
[  242.845513] AAAAA-TCP_SEND: name:enp0s3: saddr:100932208: daddr:33561200: srtt_us:29158843: RTT:3644855: ssthresh:29: cwnd:31: delivered:47: lost:11: retrans:1
[  242.959133] AAAAA-TCP_RECV: name:enp0s3: saddr:16783984: daddr:100932208: srtt_us:27359666: RTT:3419958: ssthresh:14: cwnd:20: delivered:57: lost:0: retrans:1
[  242.959182] AAAAA-TCP_SEND: name:enp0s3: saddr:100932208: daddr:16783984: srtt_us:28800472: RTT:3600059: ssthresh:14: cwnd:21: delivered:58: lost:0: retrans:1
[  242.959211] AAAAA-TCP_SEND: name:enp0s3: saddr:100932208: daddr:16783984: srtt_us:28800472: RTT:3600059: ssthresh:14: cwnd:21: delivered:58: lost:0: retrans:1
[  243.098072] AAAAA-TCP_RECV: name:enp0s3: saddr:33561200: daddr:100932208: srtt_us:29158843: RTT:3644855: ssthresh:29: cwnd:31: delivered:47: lost:11: retrans:1
[  243.098129] AAAAA-TCP_SEND: name:enp0s3: saddr:100932208: daddr:33561200: srtt_us:30513688: RTT:3814211: ssthresh:29: cwnd:32: delivered:48: lost:11: retrans:1
[  243.098158] AAAAA-TCP_SEND: name:enp0s3: saddr:100932208: daddr:33561200: srtt_us:30513688: RTT:3814211: ssthresh:29: cwnd:32: delivered:48: lost:11: retrans:1
[  243.238919] AAAAA-TCP_RECV: name:enp0s3: saddr:16783984: daddr:100932208: srtt_us:28800472: RTT:3600059: ssthresh:14: cwnd:21: delivered:58: lost:0: retrans:1
[  243.238952] AAAAA-TCP_SEND: name:enp0s3: saddr:100932208: daddr:16783984: srtt_us:30340900: RTT:3792612: ssthresh:14: cwnd:21: delivered:59: lost:0: retrans:1
[  243.378528] AAAAA-TCP_RECV: name:enp0s3: saddr:33561200: daddr:100932208: srtt_us:30513688: RTT:3814211: ssthresh:29: cwnd:32: delivered:48: lost:11: retrans:1
[  243.378554] AAAAA-TCP_SEND: name:enp0s3: saddr:100932208: daddr:33561200: srtt_us:31979553: RTT:3997444: ssthresh:29: cwnd:32: delivered:49: lost:11: retrans:1
[  243.512363] AAAAA-TCP_RECV: name:enp0s3: saddr:33561200: daddr:100932208: srtt_us:31979553: RTT:3997444: ssthresh:29: cwnd:32: delivered:49: lost:11: retrans:1
[  243.512405] AAAAA-TCP_SEND: name:enp0s3: saddr:100932208: daddr:33561200: srtt_us:33395964: RTT:4174495: ssthresh:29: cwnd:33: delivered:50: lost:11: retrans:1
[  243.512429] AAAAA-TCP_SEND: name:enp0s3: saddr:100932208: daddr:33561200: srtt_us:33395964: RTT:4174495: ssthresh:29: cwnd:33: delivered:50: lost:11: retrans:1
[  243.703274] AAAAA-TCP_RECV: name:enp0s3: saddr:33561200: daddr:100932208: srtt_us:33395964: RTT:4174495: ssthresh:29: cwnd:33: delivered:50: lost:11: retrans:1
[  243.703301] AAAAA-TCP_SEND: name:enp0s3: saddr:100932208: daddr:33561200: srtt_us:34826217: RTT:4353277: ssthresh:29: cwnd:33: delivered:51: lost:11: retrans:1
[  243.910701] AAAAA-TCP_RECV: name:enp0s3: saddr:33561200: daddr:100932208: srtt_us:34826217: RTT:4353277: ssthresh:29: cwnd:33: delivered:51: lost:11: retrans:1
[  243.910732] AAAAA-TCP_SEND: name:enp0s3: saddr:100932208: daddr:33561200: srtt_us:36285045: RTT:4535630: ssthresh:29: cwnd:34: delivered:52: lost:11: retrans:1
[  243.910765] AAAAA-TCP_SEND: name:enp0s3: saddr:100932208: daddr:33561200: srtt_us:36285045: RTT:4535630: ssthresh:29: cwnd:34: delivered:52: lost:11: retrans:1
[  244.011656] AAAAA-TCP_RECV: name:enp0s3: saddr:33561200: daddr:100932208: srtt_us:36285045: RTT:4535630: ssthresh:29: cwnd:34: delivered:52: lost:11: retrans:1
[  244.011703] AAAAA-TCP_SEND: name:enp0s3: saddr:100932208: daddr:33561200: srtt_us:37662477: RTT:4707809: ssthresh:29: cwnd:34: delivered:53: lost:11: retrans:1
[  244.177147] AAAAA-TCP_RECV: name:enp0s3: saddr:33561200: daddr:100932208: srtt_us:37662477: RTT:4707809: ssthresh:29: cwnd:34: delivered:53: lost:11: retrans:1
[  244.461579] AAAAA-TCP_RECV: name:enp0s3: saddr:33561200: daddr:100932208: srtt_us:39033160: RTT:4879145: ssthresh:29: cwnd:35: delivered:55: lost:11: retrans:1
[  244.698239] AAAAA-TCP_RECV: name:enp0s3: saddr:16783984: daddr:100932208: srtt_us:30340900: RTT:3792612: ssthresh:14: cwnd:21: delivered:59: lost:0: retrans:1
[  244.802715] AAAAA-TCP_RECV: name:enp0s3: saddr:16783984: daddr:100932208: srtt_us:31764512: RTT:3970564: ssthresh:14: cwnd:22: delivered:60: lost:0: retrans:1
[  244.921916] AAAAA-TCP_RECV: name:enp0s3: saddr:33561200: daddr:100932208: srtt_us:40516849: RTT:5064606: ssthresh:29: cwnd:36: delivered:56: lost:11: retrans:1
[  244.921944] AAAAA-TCP_SEND: name:enp0s3: saddr:100932208: daddr:33561200: srtt_us:40790708: RTT:5098838: ssthresh:25: cwnd:30: delivered:57: lost:12: retrans:2
[  245.030376] AAAAA-TCP_RECV: name:enp0s3: saddr:33561200: daddr:100932208: srtt_us:40790708: RTT:5098838: ssthresh:25: cwnd:30: delivered:57: lost:12: retrans:2
[  245.295848] AAAAA-TCP_RECV: name:enp0s3: saddr:16783984: daddr:100932208: srtt_us:33114610: RTT:4139326: ssthresh:14: cwnd:22: delivered:61: lost:0: retrans:1
[  245.316799] AAAAA-TCP_RECV: name:enp0s3: saddr:33561200: daddr:100932208: srtt_us:41138812: RTT:5142351: ssthresh:25: cwnd:30: delivered:58: lost:12: retrans:2
[  245.502820] AAAAA-TCP_RECV: name:enp0s3: saddr:33561200: daddr:100932208: srtt_us:41493239: RTT:5186654: ssthresh:25: cwnd:30: delivered:59: lost:12: retrans:2
[  245.575652] AAAAA-TCP_RECV: name:enp0s3: saddr:16783984: daddr:100932208: srtt_us:34584024: RTT:4323003: ssthresh:14: cwnd:23: delivered:62: lost:0: retrans:1
[  245.742851] AAAAA-TCP_RECV: name:enp0s3: saddr:16783984: daddr:100932208: srtt_us:36005523: RTT:4500690: ssthresh:14: cwnd:23: delivered:63: lost:0: retrans:1
[  245.801354] AAAAA-TCP_RECV: name:enp0s3: saddr:16783984: daddr:100932208: srtt_us:37416533: RTT:4677066: ssthresh:14: cwnd:24: delivered:64: lost:0: retrans:1
[  245.961360] AAAAA-TCP_RECV: name:enp0s3: saddr:33561200: daddr:100932208: srtt_us:41989336: RTT:5248667: ssthresh:25: cwnd:29: delivered:60: lost:12: retrans:2
[  246.087265] AAAAA-TCP_RECV: name:enp0s3: saddr:33561200: daddr:100932208: srtt_us:42570039: RTT:5321254: ssthresh:25: cwnd:29: delivered:61: lost:12: retrans:2
[  246.125965] AAAAA-TCP_RECV: name:enp0s3: saddr:33561200: daddr:100932208: srtt_us:43204031: RTT:5400503: ssthresh:25: cwnd:25: delivered:62: lost:12: retrans:2
[  246.307637] AAAAA-TCP_RECV: name:enp0s3: saddr:33561200: daddr:100932208: srtt_us:43786905: RTT:5473363: ssthresh:25: cwnd:25: delivered:63: lost:12: retrans:2
[  246.372141] AAAAA-TCP_RECV: name:enp0s3: saddr:16783984: daddr:100932208: srtt_us:38709533: RTT:4838691: ssthresh:14: cwnd:24: delivered:65: lost:0: retrans:1
[  246.445570] AAAAA-TCP_RECV: name:enp0s3: saddr:33561200: daddr:100932208: srtt_us:44478577: RTT:5559822: ssthresh:25: cwnd:24: delivered:64: lost:12: retrans:2
[  246.497331] AAAAA-TCP_RECV: name:enp0s3: saddr:33561200: daddr:100932208: srtt_us:44463883: RTT:5557985: ssthresh:25: cwnd:23: delivered:65: lost:12: retrans:2
[  246.582971] AAAAA-TCP_RECV: name:enp0s3: saddr:16783984: daddr:100932208: srtt_us:39815675: RTT:4976959: ssthresh:14: cwnd:25: delivered:66: lost:0: retrans:1
[  246.696847] AAAAA-TCP_RECV: name:enp0s3: saddr:16783984: daddr:100932208: srtt_us:40391810: RTT:5048976: ssthresh:14: cwnd:25: delivered:67: lost:0: retrans:1
[  246.742367] AAAAA-TCP_RECV: name:enp0s3: saddr:33561200: daddr:100932208: srtt_us:44502714: RTT:5562839: ssthresh:25: cwnd:22: delivered:66: lost:12: retrans:2
[  246.812037] AAAAA-TCP_RECV: name:enp0s3: saddr:33561200: daddr:100932208: srtt_us:44513781: RTT:5564222: ssthresh:25: cwnd:21: delivered:67: lost:12: retrans:2
[  246.913116] AAAAA-TCP_RECV: name:enp0s3: saddr:16783984: daddr:100932208: srtt_us:41009805: RTT:5126225: ssthresh:14: cwnd:26: delivered:68: lost:0: retrans:1
[  247.021386] AAAAA-TCP_RECV: name:enp0s3: saddr:16783984: daddr:100932208: srtt_us:41414676: RTT:5176834: ssthresh:14: cwnd:26: delivered:69: lost:0: retrans:1
[  247.113509] AAAAA-TCP_RECV: name:enp0s3: saddr:33561200: daddr:100932208: srtt_us:44593077: RTT:5574134: ssthresh:25: cwnd:20: delivered:68: lost:12: retrans:2
[  247.169606] AAAAA-TCP_RECV: name:enp0s3: saddr:33561200: daddr:100932208: srtt_us:44255949: RTT:5531993: ssthresh:25: cwnd:19: delivered:69: lost:12: retrans:2
[  247.209999] AAAAA-TCP_RECV: name:enp0s3: saddr:16783984: daddr:100932208: srtt_us:41877177: RTT:5234647: ssthresh:14: cwnd:27: delivered:70: lost:0: retrans:1
[  247.225817] AAAAA-TCP_RECV: name:enp0s3: saddr:33561200: daddr:100932208: srtt_us:44017009: RTT:5502126: ssthresh:25: cwnd:18: delivered:70: lost:12: retrans:2
[  247.241615] AAAAA-TCP_RECV: name:enp0s3: saddr:16783984: daddr:100932208: srtt_us:41858639: RTT:5232329: ssthresh:14: cwnd:27: delivered:71: lost:0: retrans:1
[  247.257428] AAAAA-TCP_RECV: name:enp0s3: saddr:16783984: daddr:100932208: srtt_us:41536815: RTT:5192101: ssthresh:14: cwnd:28: delivered:72: lost:0: retrans:1
[  247.275534] AAAAA-TCP_RECV: name:enp0s3: saddr:33561200: daddr:100932208: srtt_us:43614941: RTT:5451867: ssthresh:25: cwnd:17: delivered:71: lost:12: retrans:2
[  247.295632] AAAAA-TCP_RECV: name:enp0s3: saddr:33561200: daddr:100932208: srtt_us:43048670: RTT:5381083: ssthresh:25: cwnd:16: delivered:72: lost:12: retrans:2
[  247.364854] AAAAA-TCP_RECV: name:enp0s3: saddr:16783984: daddr:100932208: srtt_us:41271034: RTT:5158879: ssthresh:14: cwnd:28: delivered:73: lost:0: retrans:1
[  247.383636] AAAAA-TCP_RECV: name:enp0s3: saddr:33561200: daddr:100932208: srtt_us:42573281: RTT:5321660: ssthresh:25: cwnd:15: delivered:73: lost:12: retrans:2
[  247.400563] AAAAA-TCP_RECV: name:enp0s3: saddr:16783984: daddr:100932208: srtt_us:41043237: RTT:5130404: ssthresh:14: cwnd:29: delivered:74: lost:0: retrans:1
[  247.418281] AAAAA-TCP_RECV: name:enp0s3: saddr:16783984: daddr:100932208: srtt_us:40773169: RTT:5096646: ssthresh:14: cwnd:29: delivered:75: lost:0: retrans:1
[  247.434240] AAAAA-TCP_RECV: name:enp0s3: saddr:33561200: daddr:100932208: srtt_us:42159079: RTT:5269884: ssthresh:25: cwnd:14: delivered:74: lost:12: retrans:2
[  247.450214] AAAAA-TCP_RECV: name:enp0s3: saddr:33561200: daddr:100932208: srtt_us:41686884: RTT:5210860: ssthresh:25: cwnd:13: delivered:75: lost:12: retrans:2
[  247.466810] AAAAA-TCP_RECV: name:enp0s3: saddr:16783984: daddr:100932208: srtt_us:40554577: RTT:5069322: ssthresh:14: cwnd:30: delivered:76: lost:0: retrans:1
