[    0.000000] Linux version 5.4.243-mptcp (root@ztg) (gcc version 12.2.0 (Debian 12.2.0-14+deb12u1)) #53 SMP Wed Dec 24 23:28:15 CST 2025
[    0.000000] Command line: BOOT_IMAGE=/boot/vmlinuz-5.4.243-mptcp root=UUID=98415a12-53b7-4144-8265-0f7ece09e445 ro quiet splash
[    0.000000] KERNEL supported cpus:
[    0.000000]   Intel GenuineIntel
[    0.000000]   AMD AuthenticAMD
[    0.000000]   Hygon HygonGenuine
[    0.000000]   Centaur CentaurHauls
[    0.000000]   zhaoxin   Shanghai  
[    0.000000] x86/fpu: Supporting XSAVE feature 0x001: 'x87 floating point registers'
[    0.000000] x86/fpu: Supporting XSAVE feature 0x002: 'SSE registers'
[    0.000000] x86/fpu: Supporting XSAVE feature 0x004: 'AVX registers'
[    0.000000] x86/fpu: xstate_offset[2]:  576, xstate_sizes[2]:  256
[    0.000000] x86/fpu: Enabled xstate features 0x7, context size is 832 bytes, using 'standard' format.
[    0.000000] BIOS-provided physical RAM map:
[    0.000000] BIOS-e820: [mem 0x0000000000000000-0x000000000009fbff] usable
[    0.000000] BIOS-e820: [mem 0x000000000009fc00-0x000000000009ffff] reserved
[    0.000000] BIOS-e820: [mem 0x00000000000f0000-0x00000000000fffff] reserved
[    0.000000] BIOS-e820: [mem 0x0000000000100000-0x000000007ffeffff] usable
[    0.000000] BIOS-e820: [mem 0x000000007fff0000-0x000000007fffffff] ACPI data
[    0.000000] BIOS-e820: [mem 0x00000000fec00000-0x00000000fec00fff] reserved
[    0.000000] BIOS-e820: [mem 0x00000000fee00000-0x00000000fee00fff] reserved
[    0.000000] BIOS-e820: [mem 0x00000000fffc0000-0x00000000ffffffff] reserved
[    0.000000] NX (Execute Disable) protection: active
[    0.000000] SMBIOS 2.5 present.
[    0.000000] DMI: innotek GmbH VirtualBox/VirtualBox, BIOS VirtualBox 12/01/2006
[    0.000000] Hypervisor detected: KVM
[    0.000000] kvm-clock: Using msrs 4b564d01 and 4b564d00
[    0.000000] kvm-clock: cpu 0, msr 2da01001, primary cpu clock
[    0.000000] kvm-clock: using sched offset of 4476882175 cycles
[    0.000003] clocksource: kvm-clock: mask: 0xffffffffffffffff max_cycles: 0x1cd42e4dffb, max_idle_ns: 881590591483 ns
[    0.000005] tsc: Detected 2100.000 MHz processor
[    0.001799] e820: update [mem 0x00000000-0x00000fff] usable ==> reserved
[    0.001801] e820: remove [mem 0x000a0000-0x000fffff] usable
[    0.001805] last_pfn = 0x7fff0 max_arch_pfn = 0x400000000
[    0.001873] MTRR default type: uncachable
[    0.001874] MTRR fixed ranges enabled:
[    0.001875]   00000-9FFFF write-back
[    0.001876]   A0000-BFFFF uncachable
[    0.001876]   C0000-FFFFF write-protect
[    0.001877] MTRR variable ranges enabled:
[    0.001878]   0 base 000000000000 mask 3FFF80000000 write-back
[    0.001879]   1 disabled
[    0.001880]   2 disabled
[    0.001880]   3 disabled
[    0.001880]   4 disabled
[    0.001881]   5 disabled
[    0.001881]   6 disabled
[    0.001882]   7 disabled
[    0.001882]   8 disabled
[    0.001882]   9 disabled
[    0.001883]   10 disabled
[    0.001883]   11 disabled
[    0.001884]   12 disabled
[    0.001884]   13 disabled
[    0.001885]   14 disabled
[    0.001885]   15 disabled
[    0.001901] x86/PAT: Configuration [0-7]: WB  WC  UC- UC  WB  WP  UC- WT  
[    0.002044] found SMP MP-table at [mem 0x0009fff0-0x0009ffff]
[    0.092385] check: Scanning 1 areas for low memory corruption
[    0.092503] RAMDISK: [mem 0x32271000-0x3512ffff]
[    0.092511] ACPI: Early table checksum verification disabled
[    0.092516] ACPI: RSDP 0x00000000000E0000 000024 (v02 VBOX  )
[    0.092520] ACPI: XSDT 0x000000007FFF0030 00003C (v01 VBOX   VBOXXSDT 00000001 ASL  00000061)
[    0.092527] ACPI: FACP 0x000000007FFF00F0 0000F4 (v04 VBOX   VBOXFACP 00000001 ASL  00000061)
[    0.092533] ACPI: DSDT 0x000000007FFF02E0 002353 (v02 VBOX   VBOXBIOS 00000002 VBOX 00029BF3)
[    0.092538] ACPI: FACS 0x000000007FFF0200 000040
[    0.092541] ACPI: FACS 0x000000007FFF0200 000040
[    0.092544] ACPI: APIC 0x000000007FFF0240 000054 (v02 VBOX   VBOXAPIC 00000001 ASL  00000061)
[    0.092548] ACPI: SSDT 0x000000007FFF02A0 000038 (v01 VBOX   VBOXCPUT 00000002 VBOX 00029BF3)
[    0.092551] ACPI: Reserving FACP table memory at [mem 0x7fff00f0-0x7fff01e3]
[    0.092552] ACPI: Reserving DSDT table memory at [mem 0x7fff02e0-0x7fff2632]
[    0.092553] ACPI: Reserving FACS table memory at [mem 0x7fff0200-0x7fff023f]
[    0.092553] ACPI: Reserving FACS table memory at [mem 0x7fff0200-0x7fff023f]
[    0.092554] ACPI: Reserving APIC table memory at [mem 0x7fff0240-0x7fff0293]
[    0.092555] ACPI: Reserving SSDT table memory at [mem 0x7fff02a0-0x7fff02d7]
[    0.092568] ACPI: Local APIC address 0xfee00000
[    0.092752] No NUMA configuration found
[    0.092753] Faking a node at [mem 0x0000000000000000-0x000000007ffeffff]
[    0.092764] NODE_DATA(0) allocated [mem 0x7ffc5000-0x7ffeffff]
[    0.093024] Zone ranges:
[    0.093025]   DMA      [mem 0x0000000000001000-0x0000000000ffffff]
[    0.093026]   DMA32    [mem 0x0000000001000000-0x000000007ffeffff]
[    0.093027]   Normal   empty
[    0.093028]   Device   empty
[    0.093029] Movable zone start for each node
[    0.093031] Early memory node ranges
[    0.093031]   node   0: [mem 0x0000000000001000-0x000000000009efff]
[    0.093032]   node   0: [mem 0x0000000000100000-0x000000007ffeffff]
[    0.093036] Zeroed struct page in unavailable ranges: 114 pages
[    0.093037] Initmem setup node 0 [mem 0x0000000000001000-0x000000007ffeffff]
[    0.093038] On node 0 totalpages: 524174
[    0.093039]   DMA zone: 64 pages used for memmap
[    0.093040]   DMA zone: 21 pages reserved
[    0.093041]   DMA zone: 3998 pages, LIFO batch:0
[    0.093110]   DMA32 zone: 8128 pages used for memmap
[    0.093111]   DMA32 zone: 520176 pages, LIFO batch:63
[    0.102181] ACPI: PM-Timer IO Port: 0x4008
[    0.102184] ACPI: Local APIC address 0xfee00000
[    0.102246] IOAPIC[0]: apic_id 1, version 32, address 0xfec00000, GSI 0-23
[    0.102249] ACPI: INT_SRC_OVR (bus 0 bus_irq 0 global_irq 2 dfl dfl)
[    0.102251] ACPI: INT_SRC_OVR (bus 0 bus_irq 9 global_irq 9 low level)
[    0.102253] ACPI: IRQ0 used by override.
[    0.102254] ACPI: IRQ9 used by override.
[    0.102256] Using ACPI (MADT) for SMP configuration information
[    0.102262] smpboot: Allowing 1 CPUs, 0 hotplug CPUs
[    0.102284] PM: Registered nosave memory: [mem 0x00000000-0x00000fff]
[    0.102285] PM: Registered nosave memory: [mem 0x0009f000-0x0009ffff]
[    0.102286] PM: Registered nosave memory: [mem 0x000a0000-0x000effff]
[    0.102286] PM: Registered nosave memory: [mem 0x000f0000-0x000fffff]
[    0.102288] [mem 0x80000000-0xfebfffff] available for PCI devices
[    0.102289] Booting paravirtualized kernel on KVM
[    0.102291] clocksource: refined-jiffies: mask: 0xffffffff max_cycles: 0xffffffff, max_idle_ns: 7645519600211568 ns
[    0.102296] setup_percpu: NR_CPUS:8192 nr_cpumask_bits:1 nr_cpu_ids:1 nr_node_ids:1
[    0.102925] percpu: Embedded 60 pages/cpu s208896 r8192 d28672 u2097152
[    0.102929] pcpu-alloc: s208896 r8192 d28672 u2097152 alloc=1*2097152
[    0.102930] pcpu-alloc: [0] 0 
[    0.102954] Built 1 zonelists, mobility grouping on.  Total pages: 515961
[    0.102955] Policy zone: DMA32
[    0.102956] Kernel command line: BOOT_IMAGE=/boot/vmlinuz-5.4.243-mptcp root=UUID=98415a12-53b7-4144-8265-0f7ece09e445 ro quiet splash
[    0.103557] Dentry cache hash table entries: 262144 (order: 9, 2097152 bytes, linear)
[    0.103704] Inode-cache hash table entries: 131072 (order: 8, 1048576 bytes, linear)
[    0.103752] mem auto-init: stack:off, heap alloc:on, heap free:off
[    0.103755] Calgary: detecting Calgary via BIOS EBDA area
[    0.103756] Calgary: Unable to locate Rio Grande table in EBDA - bailing!
[    0.108046] Memory: 1967332K/2096696K available (14339K kernel code, 2398K rwdata, 4712K rodata, 2728K init, 17260K bss, 129364K reserved, 0K cma-reserved)
[    0.108766] SLUB: HWalign=64, Order=0-3, MinObjects=0, CPUs=1, Nodes=1
[    0.108782] ftrace: allocating 43186 entries in 169 pages
[    0.126848] rcu: Hierarchical RCU implementation.
[    0.126850] rcu: 	RCU restricting CPUs from NR_CPUS=8192 to nr_cpu_ids=1.
[    0.126851] 	Tasks RCU enabled.
[    0.126852] rcu: RCU calculated value of scheduler-enlistment delay is 25 jiffies.
[    0.126852] rcu: Adjusting geometry for rcu_fanout_leaf=16, nr_cpu_ids=1
[    0.129837] NR_IRQS: 524544, nr_irqs: 256, preallocated irqs: 16
[    0.130048] random: crng init done
[    0.139402] Console: colour VGA+ 80x25
[    0.139405] printk: console [tty0] enabled
[    0.139424] ACPI: Core revision 20190816
[    0.139515] APIC: Switch to symmetric I/O mode setup
[    0.139764] x2apic enabled
[    0.140002] Switched APIC routing to physical x2apic.
[    0.141160] ..TIMER: vector=0x30 apic1=0 pin1=2 apic2=-1 pin2=-1
[    0.141186] clocksource: tsc-early: mask: 0xffffffffffffffff max_cycles: 0x1e4530a99b6, max_idle_ns: 440795257976 ns
[    0.141191] Calibrating delay loop (skipped) preset value.. 4200.00 BogoMIPS (lpj=8400000)
[    0.141193] pid_max: default: 32768 minimum: 301
[    0.141231] LSM: Security Framework initializing
[    0.141245] Yama: becoming mindful.
[    0.141270] AppArmor: AppArmor initialized
[    0.141304] Mount-cache hash table entries: 4096 (order: 3, 32768 bytes, linear)
[    0.141308] Mountpoint-cache hash table entries: 4096 (order: 3, 32768 bytes, linear)
[    0.141319] *** VALIDATE tmpfs ***
[    0.141445] *** VALIDATE proc ***
[    0.141485] *** VALIDATE cgroup1 ***
[    0.141486] *** VALIDATE cgroup2 ***
[    0.141625] process: using mwait in idle threads
[    0.141629] Last level iTLB entries: 4KB 64, 2MB 8, 4MB 8
[    0.141630] Last level dTLB entries: 4KB 64, 2MB 0, 4MB 0, 1GB 4
[    0.141650] Spectre V1 : Mitigation: usercopy/swapgs barriers and __user pointer sanitization
[    0.141656] Spectre V2 : Mitigation: Retpolines
[    0.141657] Spectre V2 : Spectre v2 / SpectreRSB mitigation: Filling RSB on context switch
[    0.141657] Spectre V2 : Spectre v2 / SpectreRSB : Filling RSB on VMEXIT
[    0.141658] RETBleed: WARNING: Spectre v2 mitigation leaves CPU vulnerable to RETBleed attacks, data leaks possible!
[    0.142020] RETBleed: Vulnerable
[    0.142021] Speculative Store Bypass: Vulnerable
[    0.142026] TAA: Mitigation: TSX disabled
[    0.142027] MMIO Stale Data: Mitigation: Clear CPU buffers
[    0.146244] Freeing SMP alternatives memory: 40K
[    0.258732] smpboot: CPU0: Intel(R) Xeon(R) Silver 4216 CPU @ 2.10GHz (family: 0x6, model: 0x55, stepping: 0x7)
[    0.258832] Performance Events: unsupported p6 CPU model 85 no PMU driver, software events only.
[    0.258864] rcu: Hierarchical SRCU implementation.
[    0.259347] NMI watchdog: Perf NMI watchdog permanently disabled
[    0.259381] smp: Bringing up secondary CPUs ...
[    0.259382] smp: Brought up 1 node, 1 CPU
[    0.259383] smpboot: Max logical packages: 1
[    0.259384] smpboot: Total of 1 processors activated (4200.00 BogoMIPS)
[    0.260105] devtmpfs: initialized
[    0.260146] x86/mm: Memory block size: 128MB
[    0.260466] clocksource: jiffies: mask: 0xffffffff max_cycles: 0xffffffff, max_idle_ns: 7645041785100000 ns
[    0.260470] futex hash table entries: 256 (order: 2, 16384 bytes, linear)
[    0.260508] pinctrl core: initialized pinctrl subsystem
[    0.260604] PM: RTC time: 20:14:08, date: 2026-01-12
[    0.260702] NET: Registered protocol family 16
[    0.260773] audit: initializing netlink subsys (disabled)
[    0.260894] EISA bus registered
[    0.260895] cpuidle: using governor ladder
[    0.260896] cpuidle: using governor menu
[    0.260930] ACPI: bus type PCI registered
[    0.260931] acpiphp: ACPI Hot Plug PCI Controller Driver version: 0.5
[    0.261024] PCI: Using configuration type 1 for base access
[    0.261238] audit: type=2000 audit(1768220054.585:1): state=initialized audit_enabled=0 res=1
[    0.261307] HugeTLB registered 2.00 MiB page size, pre-allocated 0 pages
[    0.262112] ACPI: Added _OSI(Module Device)
[    0.262113] ACPI: Added _OSI(Processor Device)
[    0.262113] ACPI: Added _OSI(3.0 _SCP Extensions)
[    0.262114] ACPI: Added _OSI(Processor Aggregator Device)
[    0.262115] ACPI: Added _OSI(Linux-Dell-Video)
[    0.262116] ACPI: Added _OSI(Linux-Lenovo-NV-HDMI-Audio)
[    0.262117] ACPI: Added _OSI(Linux-HPI-Hybrid-Graphics)
[    0.264091] ACPI: 2 ACPI AML tables successfully acquired and loaded
[    0.265599] ACPI: Interpreter enabled
[    0.265609] ACPI: (supports S0 S5)
[    0.265610] ACPI: Using IOAPIC for interrupt routing
[    0.265814] PCI: Using host bridge windows from ACPI; if necessary, use "pci=nocrs" and report a bug
[    0.265929] ACPI: Enabled 2 GPEs in block 00 to 07
[    0.270792] ACPI: PCI Root Bridge [PCI0] (domain 0000 [bus 00-ff])
[    0.270797] acpi PNP0A03:00: _OSC: OS supports [ASPM ClockPM Segments MSI HPX-Type3]
[    0.271237] acpi PNP0A03:00: _OSC: not requesting OS control; OS requires [ExtendedConfig ASPM ClockPM MSI]
[    0.271245] acpi PNP0A03:00: fail to add MMCONFIG information, can't access extended PCI configuration space under this bridge.
[    0.271617] PCI host bridge to bus 0000:00
[    0.271619] pci_bus 0000:00: root bus resource [io  0x0000-0x0cf7 window]
[    0.271620] pci_bus 0000:00: root bus resource [io  0x0d00-0xffff window]
[    0.271622] pci_bus 0000:00: root bus resource [mem 0x000a0000-0x000bffff window]
[    0.271623] pci_bus 0000:00: root bus resource [mem 0x80000000-0xfdffffff window]
[    0.271624] pci_bus 0000:00: root bus resource [bus 00-ff]
[    0.271668] pci 0000:00:00.0: [8086:1237] type 00 class 0x060000
[    0.272621] pci 0000:00:01.0: [8086:7000] type 00 class 0x060100
[    0.273390] pci 0000:00:01.1: [8086:7111] type 00 class 0x01018a
[    0.273778] pci 0000:00:01.1: reg 0x20: [io  0xd000-0xd00f]
[    0.273942] pci 0000:00:01.1: legacy IDE quirk: reg 0x10: [io  0x01f0-0x01f7]
[    0.273943] pci 0000:00:01.1: legacy IDE quirk: reg 0x14: [io  0x03f6]
[    0.273944] pci 0000:00:01.1: legacy IDE quirk: reg 0x18: [io  0x0170-0x0177]
[    0.273944] pci 0000:00:01.1: legacy IDE quirk: reg 0x1c: [io  0x0376]
[    0.274502] pci 0000:00:02.0: [15ad:0405] type 00 class 0x030000
[    0.277265] pci 0000:00:02.0: reg 0x10: [io  0xd010-0xd01f]
[    0.280125] pci 0000:00:02.0: reg 0x14: [mem 0xe0000000-0xe7ffffff pref]
[    0.283060] pci 0000:00:02.0: reg 0x18: [mem 0xf0000000-0xf01fffff]
[    0.293836] pci 0000:00:03.0: [1022:2000] type 00 class 0x020000
[    0.294528] pci 0000:00:03.0: reg 0x10: [io  0xd020-0xd03f]
[    0.295139] pci 0000:00:03.0: reg 0x14: [mem 0xf0200000-0xf0200fff]
[    0.299171] pci 0000:00:04.0: [80ee:cafe] type 00 class 0x088000
[    0.299845] pci 0000:00:04.0: reg 0x10: [io  0xd040-0xd05f]
[    0.300461] pci 0000:00:04.0: reg 0x14: [mem 0xf0400000-0xf07fffff]
[    0.301092] pci 0000:00:04.0: reg 0x18: [mem 0xf0800000-0xf0803fff pref]
[    0.304283] pci 0000:00:07.0: [8086:7113] type 00 class 0x068000
[    0.304714] pci 0000:00:07.0: quirk: [io  0x4000-0x403f] claimed by PIIX4 ACPI
[    0.304723] pci 0000:00:07.0: quirk: [io  0x4100-0x410f] claimed by PIIX4 SMB
[    0.305252] pci 0000:00:08.0: [8086:100e] type 00 class 0x020000
[    0.305951] pci 0000:00:08.0: reg 0x10: [mem 0xf0820000-0xf083ffff]
[    0.307142] pci 0000:00:08.0: reg 0x18: [io  0xd060-0xd067]
[    0.310261] pci 0000:00:09.0: [8086:100e] type 00 class 0x020000
[    0.310964] pci 0000:00:09.0: reg 0x10: [mem 0xf0840000-0xf085ffff]
[    0.312208] pci 0000:00:09.0: reg 0x18: [io  0xd068-0xd06f]
[    0.322199] ACPI: PCI Interrupt Link [LNKA] (IRQs 5 9 10 *11)
[    0.322483] ACPI: PCI Interrupt Link [LNKB] (IRQs 5 9 *10 11)
[    0.322587] ACPI: PCI Interrupt Link [LNKC] (IRQs 5 *9 10 11)
[    0.322692] ACPI: PCI Interrupt Link [LNKD] (IRQs 5 9 10 *11)
[    0.322925] iommu: Default domain type: Translated 
[    0.322980] pci 0000:00:02.0: vgaarb: setting as boot VGA device
[    0.322982] pci 0000:00:02.0: vgaarb: VGA device added: decodes=io+mem,owns=io+mem,locks=none
[    0.322984] pci 0000:00:02.0: vgaarb: bridge control possible
[    0.322985] vgaarb: loaded
[    0.323188] SCSI subsystem initialized
[    0.323220] libata version 3.00 loaded.
[    0.323245] ACPI: bus type USB registered
[    0.323260] usbcore: registered new interface driver usbfs
[    0.323265] usbcore: registered new interface driver hub
[    0.323270] usbcore: registered new device driver usb
[    0.325196] pps_core: LinuxPPS API ver. 1 registered
[    0.325196] pps_core: Software ver. 5.3.6 - Copyright 2005-2007 Rodolfo Giometti <giometti@linux.it>
[    0.325199] PTP clock support registered
[    0.325246] EDAC MC: Ver: 3.0.0
[    0.325529] PCI: Using ACPI for IRQ routing
[    0.325531] PCI: pci_cache_line_size set to 64 bytes
[    0.325703] e820: reserve RAM buffer [mem 0x0009fc00-0x0009ffff]
[    0.325707] e820: reserve RAM buffer [mem 0x7fff0000-0x7fffffff]
[    0.326270] NetLabel: Initializing
[    0.326271] NetLabel:  domain hash size = 128
[    0.326271] NetLabel:  protocols = UNLABELED CIPSOv4 CALIPSO
[    0.326290] NetLabel:  unlabeled traffic allowed by default
[    0.327211] clocksource: Switched to clocksource kvm-clock
[    0.338827] *** VALIDATE bpf ***
[    0.338883] VFS: Disk quotas dquot_6.6.0
[    0.338895] VFS: Dquot-cache hash table entries: 512 (order 0, 4096 bytes)
[    0.338916] *** VALIDATE ramfs ***
[    0.338919] *** VALIDATE hugetlbfs ***
[    0.338998] AppArmor: AppArmor Filesystem Enabled
[    0.339021] pnp: PnP ACPI init
[    0.339080] pnp 00:00: Plug and Play ACPI device, IDs PNP0303 (active)
[    0.339191] pnp 00:01: Plug and Play ACPI device, IDs PNP0f03 (active)
[    0.339942] pnp: PnP ACPI: found 2 devices
[    0.340914] thermal_sys: Registered thermal governor 'fair_share'
[    0.340915] thermal_sys: Registered thermal governor 'bang_bang'
[    0.340915] thermal_sys: Registered thermal governor 'step_wise'
[    0.340916] thermal_sys: Registered thermal governor 'user_space'
[    0.340917] thermal_sys: Registered thermal governor 'power_allocator'
[    0.345433] clocksource: acpi_pm: mask: 0xffffff max_cycles: 0xffffff, max_idle_ns: 2085701024 ns
[    0.345479] pci_bus 0000:00: resource 4 [io  0x0000-0x0cf7 window]
[    0.345481] pci_bus 0000:00: resource 5 [io  0x0d00-0xffff window]
[    0.345482] pci_bus 0000:00: resource 6 [mem 0x000a0000-0x000bffff window]
[    0.345483] pci_bus 0000:00: resource 7 [mem 0x80000000-0xfdffffff window]
[    0.345540] NET: Registered protocol family 2
[    0.345615] IP idents hash table entries: 32768 (order: 6, 262144 bytes, linear)
[    0.346015] MPTCP tokens hash table entries: 8192 (order: 4, 65536 bytes, linear)
[    0.346035] MPTCP request tokens hash table entries: 8192 (order: 4, 65536 bytes, linear)
[    0.346060] default registered
[    0.346061] default registered
[    0.346061] MPTCP: Stable release v0.96
[    0.346066] tcp_listen_portaddr_hash hash table entries: 1024 (order: 2, 16384 bytes, linear)
[    0.346145] TCP established hash table entries: 16384 (order: 5, 131072 bytes, linear)
[    0.346210] TCP bind hash table entries: 16384 (order: 6, 262144 bytes, linear)
[    0.346235] TCP: Hash tables configured (established 16384 bind 16384)
[    0.346837] UDP hash table entries: 1024 (order: 3, 32768 bytes, linear)
[    0.346848] UDP-Lite hash table entries: 1024 (order: 3, 32768 bytes, linear)
[    0.346880] NET: Registered protocol family 1
[    0.346888] NET: Registered protocol family 44
[    0.346908] pci 0000:00:00.0: Limiting direct PCI/PCI transfers
[    0.346920] pci 0000:00:01.0: Activating ISA DMA hang workarounds
[    0.346977] pci 0000:00:02.0: Video device with shadowed ROM at [mem 0x000c0000-0x000dffff]
[    0.347039] PCI: CLS 0 bytes, default 64
[    0.347083] Trying to unpack rootfs image as initramfs...
[    0.499854] Freeing initrd memory: 47868K
[    0.499854] clocksource: tsc: mask: 0xffffffffffffffff max_cycles: 0x1e4530a99b6, max_idle_ns: 440795257976 ns
[    0.499854] clocksource: Switched to clocksource tsc
[    0.499854] platform rtc_cmos: registered platform RTC device (no PNP device found)
[    0.499854] check: Scanning for low memory corruption every 60 seconds
[    0.499854] Initialise system trusted keyrings
[    0.499854] Key type blacklist registered
[    0.499854] workingset: timestamp_bits=36 max_order=19 bucket_order=0
[    0.499854] zbud: loaded
[    0.499854] squashfs: version 4.0 (2009/01/31) Phillip Lougher
[    0.499854] fuse: init (API version 7.31)
[    0.499854] *** VALIDATE fuse ***
[    0.499854] *** VALIDATE fuse ***
[    0.499854] Platform Keyring initialized
[    0.512273] Key type asymmetric registered
[    0.512274] Asymmetric key parser 'x509' registered
[    0.512285] Block layer SCSI generic (bsg) driver version 0.4 loaded (major 244)
[    0.512326] io scheduler mq-deadline registered
[    0.512454] shpchp: Standard Hot Plug PCI Controller Driver version: 0.4
[    0.512673] ACPI: AC Adapter [AC] (on-line)
[    0.512719] input: Power Button as /devices/LNXSYSTM:00/LNXPWRBN:00/input/input0
[    0.512747] ACPI: Power Button [PWRF]
[    0.512825] input: Sleep Button as /devices/LNXSYSTM:00/LNXSLPBN:00/input/input1
[    0.512851] ACPI: Sleep Button [SLPF]
[    0.513095] Serial: 8250/16550 driver, 32 ports, IRQ sharing enabled
[    0.514264] Linux agpgart interface v0.103
[    0.603187] loop: module loaded
[    0.603315] ata_piix 0000:00:01.1: version 2.13
[    0.603696] scsi host0: ata_piix
[    0.603780] scsi host1: ata_piix
[    0.603806] ata1: PATA max UDMA/33 cmd 0x1f0 ctl 0x3f6 bmdma 0xd000 irq 14
[    0.603807] ata2: PATA max UDMA/33 cmd 0x170 ctl 0x376 bmdma 0xd008 irq 15
[    0.603879] tun: Universal TUN/TAP device driver, 1.6
[    0.604190] PPP generic driver version 2.4.2
[    0.604232] VFIO - User Level meta-driver version: 0.3
[    0.604463] ehci_hcd: USB 2.0 'Enhanced' Host Controller (EHCI) Driver
[    0.604468] ehci-pci: EHCI PCI platform driver
[    0.604480] ehci-platform: EHCI generic platform driver
[    0.604485] ohci_hcd: USB 1.1 'Open' Host Controller (OHCI) Driver
[    0.604487] ohci-pci: OHCI PCI platform driver
[    0.604494] ohci-platform: OHCI generic platform driver
[    0.604498] uhci_hcd: USB Universal Host Controller Interface driver
[    0.604560] i8042: PNP: PS/2 Controller [PNP0303:PS2K,PNP0f03:PS2M] at 0x60,0x64 irq 1,12
[    0.605001] serio: i8042 KBD port at 0x60,0x64 irq 1
[    0.605004] serio: i8042 AUX port at 0x60,0x64 irq 12
[    0.605088] mousedev: PS/2 mouse device common for all mice
[    0.605328] input: AT Translated Set 2 keyboard as /devices/platform/i8042/serio0/input/input2
[    0.605721] rtc_cmos rtc_cmos: registered as rtc0
[    0.605734] rtc_cmos rtc_cmos: alarms up to one day, 114 bytes nvram
[    0.605739] i2c /dev entries driver
[    0.605777] device-mapper: uevent: version 1.0.3
[    0.605818] device-mapper: ioctl: 4.41.0-ioctl (2019-09-16) initialised: dm-devel@redhat.com
[    0.605833] platform eisa.0: Probing EISA bus 0
[    0.605834] platform eisa.0: EISA: Cannot allocate resource for mainboard
[    0.605835] platform eisa.0: Cannot allocate resource for EISA slot 1
[    0.605837] platform eisa.0: Cannot allocate resource for EISA slot 2
[    0.605838] platform eisa.0: Cannot allocate resource for EISA slot 3
[    0.605839] platform eisa.0: Cannot allocate resource for EISA slot 4
[    0.605840] platform eisa.0: Cannot allocate resource for EISA slot 5
[    0.605841] platform eisa.0: Cannot allocate resource for EISA slot 6
[    0.605841] platform eisa.0: Cannot allocate resource for EISA slot 7
[    0.605842] platform eisa.0: Cannot allocate resource for EISA slot 8
[    0.605843] platform eisa.0: EISA: Detected 0 cards
[    0.605846] intel_pstate: CPU model not supported
[    0.605854] ledtrig-cpu: registered to indicate activity on CPUs
[    0.605900] drop_monitor: Initializing network drop monitor service
[    0.606066] NET: Registered protocol family 10
[    0.611131] Segment Routing with IPv6
[    0.611159] fullmesh registered
[    0.611160] ndiffports registered
[    0.611162] binder registered
[    0.611163] roundrobin registered
[    0.611163] redundant registered
[    0.611164] blest registered
[    0.611164] ecf registered
[    0.611166] NET: Registered protocol family 17
[    0.611195] Key type dns_resolver registered
[    0.611290] RAS: Correctable Errors collector initialized.
[    0.611298] IPI shorthand broadcast: enabled
[    0.611298] sched_clock: Marking stable (596149606, 11149095)->(608411475, -1112774)
[    0.611360] registered taskstats version 1
[    0.611368] Loading compiled-in X.509 certificates
[    0.611954] Loaded X.509 cert 'Build time autogenerated kernel key: 6909f3744cebb3d0de528d5887b96a727de79b1e'
[    0.611969] zswap: loaded using pool lzo/zbud
[    0.612018] Key type ._fscrypt registered
[    0.612019] Key type .fscrypt registered
[    0.616466] Key type big_key registered
[    0.618664] Key type encrypted registered
[    0.618667] AppArmor: AppArmor sha1 policy hashing enabled
[    0.618674] ima: No TPM chip found, activating TPM-bypass!
[    0.618678] ima: Allocated hash algorithm: sha1
[    0.618683] ima: No architecture policies found
[    0.618692] evm: Initialising EVM extended attributes:
[    0.618693] evm: security.selinux
[    0.618693] evm: security.SMACK64
[    0.618694] evm: security.SMACK64EXEC
[    0.618694] evm: security.SMACK64TRANSMUTE
[    0.618694] evm: security.SMACK64MMAP
[    0.618695] evm: security.apparmor
[    0.618695] evm: security.ima
[    0.618696] evm: security.capability
[    0.618697] evm: HMAC attrs: 0x1
[    0.618980] PM:   Magic number: 10:161:245
[    0.619086] rtc_cmos rtc_cmos: setting system clock to 2026-01-12T20:14:08 UTC (1768248848)
[    0.777528] ata1.00: ATA-6: VBOX HARDDISK, 1.0, max UDMA/133
[    0.777533] ata1.00: 209715200 sectors, multi 128: LBA 
[    0.778376] scsi 0:0:0:0: Direct-Access     ATA      VBOX HARDDISK    1.0  PQ: 0 ANSI: 5
[    0.778793] sd 0:0:0:0: [sda] 209715200 512-byte logical blocks: (107 GB/100 GiB)
[    0.778813] sd 0:0:0:0: [sda] Write Protect is off
[    0.778818] sd 0:0:0:0: [sda] Mode Sense: 00 3a 00 00
[    0.778849] sd 0:0:0:0: [sda] Write cache: enabled, read cache: enabled, doesn't support DPO or FUA
[    0.779161] sd 0:0:0:0: Attached scsi generic sg0 type 0
[    0.780243]  sda: sda1 sda2
[    0.791502] sd 0:0:0:0: [sda] Attached SCSI disk
[    0.796673] Freeing unused decrypted memory: 2040K
[    0.797944] Freeing unused kernel image memory: 2728K
[    0.797947] Write protecting the kernel read-only data: 22528k
[    0.799309] Freeing unused kernel image memory: 2036K
[    0.800008] Freeing unused kernel image memory: 1432K
[    0.833617] x86/mm: Checked W+X mappings: passed, no W+X pages found.
[    0.833621] Run /init as init process
[    0.946122] ACPI: Video Device [GFX0] (multi-head: yes  rom: no  post: no)
[    0.946193] input: Video Bus as /devices/LNXSYSTM:00/LNXSYBUS:00/PNP0A03:00/LNXVIDEO:00/input/input4
[    0.958480] pcnet32: pcnet32.c:v1.35 21.Apr.2008 tsbogend@alpha.franken.de
[    0.959468] pcnet32: PCnet/FAST III 79C973 at 0xd020, 08:00:27:67:a0:84 assigned IRQ 19
[    0.959511] pcnet32: Found PHY 0022:561b at address 0
[    0.959807] pcnet32: eth0: registered as PCnet/FAST III 79C973
[    0.960195] pcnet32: 1 cards_found
[    0.961715] piix4_smbus 0000:00:07.0: SMBus Host Controller at 0x4100, revision 0
[    0.965633] e1000: Intel(R) PRO/1000 Network Driver - version 7.3.21-k8-NAPI
[    0.965634] e1000: Copyright (c) 1999-2006 Intel Corporation.
[    1.035107] pcnet32 0000:00:03.0 enp0s3: renamed from eth0
[    1.179045] input: ImExPS/2 Generic Explorer Mouse as /devices/platform/i8042/serio1/input/input5
[    1.393188] e1000 0000:00:08.0 eth0: (PCI:33MHz:32-bit) 08:00:27:8c:ce:e4
[    1.393193] e1000 0000:00:08.0 eth0: Intel(R) PRO/1000 Network Connection
[    1.775602] e1000 0000:00:09.0 eth1: (PCI:33MHz:32-bit) 08:00:27:36:b1:18
[    1.775605] e1000 0000:00:09.0 eth1: Intel(R) PRO/1000 Network Connection
[    1.776938] e1000 0000:00:09.0 enp0s9: renamed from eth1
[    1.779018] e1000 0000:00:08.0 enp0s8: renamed from eth0
[    1.822107] EXT4-fs (sda2): mounted filesystem with ordered data mode. Opts: (null)
[    1.906999] systemd[1]: Inserted module 'autofs4'
[    1.916495] systemd[1]: systemd 245.4-4ubuntu3 running in system mode. (+PAM +AUDIT +SELINUX +IMA +APPARMOR +SMACK +SYSVINIT +UTMP +LIBCRYPTSETUP +GCRYPT +GNUTLS +ACL +XZ +LZ4 +SECCOMP +BLKID +ELFUTILS +KMOD +IDN2 -IDN +PCRE2 default-hierarchy=hybrid)
[    1.916528] systemd[1]: Detected virtualization oracle.
[    1.916531] systemd[1]: Detected architecture x86-64.
[    1.917861] systemd[1]: Set hostname to <ztg>.
[    2.042662] systemd[1]: /lib/systemd/system/dbus.socket:5: ListenStream= references a path below legacy directory /var/run/, updating /var/run/dbus/system_bus_socket â†’ /run/dbus/system_bus_socket; please update the unit file accordingly.
[    2.094374] systemd[1]: Created slice system-modprobe.slice.
[    2.094563] systemd[1]: Created slice User and Session Slice.
[    2.094607] systemd[1]: Started Forward Password Requests to Wall Directory Watch.
[    2.094770] systemd[1]: Set up automount Arbitrary Executable File Formats File System Automount Point.
[    2.094801] systemd[1]: Reached target User and Group Name Lookups.
[    2.094810] systemd[1]: Reached target Remote File Systems.
[    2.094818] systemd[1]: Reached target Slices.
[    2.095327] systemd[1]: Listening on Syslog Socket.
[    2.095394] systemd[1]: Listening on fsck to fsckd communication Socket.
[    2.095432] systemd[1]: Listening on initctl Compatibility Named Pipe.
[    2.095568] systemd[1]: Listening on Journal Audit Socket.
[    2.095620] systemd[1]: Listening on Journal Socket (/dev/log).
[    2.095691] systemd[1]: Listening on Journal Socket.
[    2.095753] systemd[1]: Listening on udev Control Socket.
[    2.095792] systemd[1]: Listening on udev Kernel Socket.
[    2.096538] systemd[1]: Mounting Huge Pages File System...
[    2.097501] systemd[1]: Mounting POSIX Message Queue File System...
[    2.098419] systemd[1]: Mounting Kernel Debug File System...
[    2.099272] systemd[1]: Mounting Kernel Trace File System...
[    2.101814] systemd[1]: Starting Journal Service...
[    2.126076] systemd[1]: Starting Set the console keyboard layout...
[    2.131378] systemd[1]: Starting Create list of static device nodes for the current kernel...
[    2.136097] systemd[1]: Starting Load Kernel Module drm...
[    2.137164] systemd[1]: Condition check resulted in Set Up Additional Binary Formats being skipped.
[    2.137208] systemd[1]: Condition check resulted in File System Check on Root Device being skipped.
[    2.148247] systemd[1]: Starting Load Kernel Modules...
[    2.155020] systemd[1]: Starting Remount Root and Kernel File Systems...
[    2.166366] systemd[1]: Starting udev Coldplug all Devices...
[    2.177853] systemd[1]: Starting Uncomplicated firewall...
[    2.179511] systemd[1]: Mounted Huge Pages File System.
[    2.179598] systemd[1]: Mounted POSIX Message Queue File System.
[    2.179672] systemd[1]: Mounted Kernel Debug File System.
[    2.179743] systemd[1]: Mounted Kernel Trace File System.
[    2.202008] EXT4-fs (sda2): re-mounted. Opts: errors=remount-ro
[    2.204933] systemd[1]: Finished Create list of static device nodes for the current kernel.
[    2.205777] systemd[1]: modprobe@drm.service: Succeeded.
[    2.222299] systemd[1]: Finished Load Kernel Module drm.
[    2.225344] systemd[1]: Finished Remount Root and Kernel File Systems.
[    2.225704] systemd[1]: Finished Uncomplicated firewall.
[    2.226121] systemd[1]: Condition check resulted in Rebuild Hardware Database being skipped.
[    2.226149] systemd[1]: Condition check resulted in Platform Persistent Storage Archival being skipped.
[    2.227854] lp: driver loaded but no devices found
[    2.229443] systemd[1]: Starting Load/Save Random Seed...
[    2.235779] systemd[1]: Starting Create System Users...
[    2.256068] ppdev: user-space parallel port driver
[    2.261182] systemd[1]: Finished Load/Save Random Seed.
[    2.264352] systemd[1]: Finished Create System Users.
[    2.266165] systemd[1]: Starting Create Static Device Nodes in /dev...
[    2.292128] systemd[1]: Finished Create Static Device Nodes in /dev.
[    2.292922] systemd[1]: Starting udev Kernel Device Manager...
[    2.342238] systemd[1]: Finished udev Coldplug all Devices.
[    2.343250] [drm] DMA map mode: Caching DMA mappings.
[    2.343314] [drm] Capabilities:
[    2.343314] [drm]   Rect copy.
[    2.343314] [drm]   Cursor.
[    2.343315] [drm]   Cursor bypass.
[    2.343315] [drm]   Cursor bypass 2.
[    2.343315] [drm]   Alpha cursor.
[    2.343316] [drm]   Extended Fifo.
[    2.343316] [drm]   Pitchlock.
[    2.343316] [drm]   Irq mask.
[    2.343317] [drm]   GMR.
[    2.343317] [drm]   Traces.
[    2.343317] [drm]   GMR2.
[    2.343318] [drm]   Screen Object 2.
[    2.343318] [drm]   Command Buffers.
[    2.343318] [drm]   Command Buffers 2.
[    2.343319] [drm]   Guest Backed Resources.
[    2.343320] [drm] Max GMR ids is 8192
[    2.343321] [drm] Max number of GMR pages is 1048576
[    2.343321] [drm] Max dedicated hypervisor surface memory is 393216 kiB
[    2.343322] [drm] Maximum display memory size is 131072 kiB
[    2.343322] [drm] VRAM at 0xe0000000 size is 131072 kiB
[    2.343323] [drm] MMIO at 0xf0000000 size is 2048 kiB
[    2.344446] [TTM] Zone  kernel: Available graphics memory: 1011738 KiB
[    2.344447] [TTM] Initializing pool allocator
[    2.344450] [TTM] Initializing DMA pool allocator
[    2.344478] [drm] Supports vblank timestamp caching Rev 2 (21.10.2013).
[    2.344479] [drm] No driver support for vblank timestamp query.
[    2.344726] [drm] Screen Target Display device initialized
[    2.345043] [drm] width 720
[    2.345052] [drm] height 400
[    2.345056] [drm] bpp 32
[    2.345420] [drm] Fifo max 0x00200000 min 0x00001000 cap 0x00000355
[    2.347144] [drm] Using command buffers with DMA pool.
[    2.347149] [drm] DX: no.
[    2.347149] [drm] Atomic: yes.
[    2.347150] [drm] SM4_1: no.
[    2.347169] [drm:vmw_host_log [vmwgfx]] *ERROR* Failed to send host log message.
[    2.348161] [drm:vmw_host_log [vmwgfx]] *ERROR* Failed to send host log message.
[    2.381464] fbcon: svgadrmfb (fb0) is primary device
[    2.383885] Console: switching to colour frame buffer device 100x37
[    2.387323] [drm] Initialized vmwgfx 2.15.0 20180704 for 0000:00:02.0 on minor 0
[    2.388366] systemd[1]: Finished Load Kernel Modules.
[    2.389357] systemd[1]: Mounting FUSE Control File System...
[    2.390587] systemd[1]: Mounting Kernel Configuration File System...
[    2.405020] systemd[1]: Starting Apply Kernel Variables...
[    2.414362] systemd[1]: Mounted FUSE Control File System.
[    2.414423] systemd[1]: Condition check resulted in VMware vmblock fuse mount being skipped.
[    2.417891] systemd[1]: Mounted Kernel Configuration File System.
[    2.421956] systemd[1]: Finished Set the console keyboard layout.
[    2.422051] systemd[1]: Reached target Local File Systems (Pre).
[    2.424264] systemd[1]: Mounting Mount unit for bare, revision 5...
[    2.431548] systemd[1]: Mounting Mount unit for core18, revision 1705...
[    2.451565] systemd[1]: Mounting Mount unit for gnome-3-34-1804, revision 24...
[    2.462191] systemd[1]: Mounting Mount unit for gtk-common-themes, revision 1506...
[    2.466553] systemd[1]: Mounting Mount unit for gtk-common-themes, revision 1535...
[    2.476046] systemd[1]: Mounting Mount unit for snap-store, revision 433...
[    2.482260] systemd[1]: Mounting Mount unit for snapd, revision 25935...
[    2.493967] systemd[1]: Finished Apply Kernel Variables.
[    2.508469] systemd[1]: Mounted Mount unit for bare, revision 5.
[    2.508560] systemd[1]: Mounted Mount unit for core18, revision 1705.
[    2.508633] systemd[1]: Mounted Mount unit for gnome-3-34-1804, revision 24.
[    2.517434] systemd[1]: Mounted Mount unit for gtk-common-themes, revision 1506.
[    2.527285] systemd[1]: Started udev Kernel Device Manager.
[    2.528022] systemd[1]: Starting Show Plymouth Boot Screen...
[    2.532395] systemd[1]: Received SIGRTMIN+20 from PID 284 (plymouthd).
[    2.561189] systemd[1]: Mounted Mount unit for snap-store, revision 433.
[    2.561466] systemd[1]: Started Show Plymouth Boot Screen.
[    2.561643] systemd[1]: Condition check resulted in Dispatch Password Requests to Console Directory Watch being skipped.
[    2.561736] systemd[1]: Started Forward Password Requests to Plymouth Directory Watch.
[    2.561805] systemd[1]: Reached target Local Encrypted Volumes.
[    2.582197] systemd[1]: Mounted Mount unit for gtk-common-themes, revision 1535.
[    2.582425] systemd[1]: Mounted Mount unit for snapd, revision 25935.
[    2.582587] systemd[1]: Reached target Local File Systems.
[    2.583342] systemd[1]: Starting Load AppArmor profiles...
[    2.597480] systemd[1]: Starting Set console font and keymap...
[    2.624372] systemd[1]: Starting Tell Plymouth To Write Out Runtime Data...
[    2.627367] systemd[1]: Condition check resulted in Store a System Token in an EFI Variable being skipped.
[    2.627397] systemd[1]: Condition check resulted in Commit a transient machine-id on disk being skipped.
[    2.628300] systemd[1]: Finished Set console font and keymap.
[    2.637063] systemd[1]: Received SIGRTMIN+20 from PID 284 (plymouthd).
[    2.637991] systemd[1]: plymouth-read-write.service: Succeeded.
[    2.638231] systemd[1]: Finished Tell Plymouth To Write Out Runtime Data.
[    2.656636] audit: type=1400 audit(1768248850.536:2): apparmor="STATUS" operation="profile_load" profile="unconfined" name="nvidia_modprobe" pid=301 comm="apparmor_parser"
[    2.656638] audit: type=1400 audit(1768248850.536:3): apparmor="STATUS" operation="profile_load" profile="unconfined" name="nvidia_modprobe//kmod" pid=301 comm="apparmor_parser"
[    2.682175] audit: type=1400 audit(1768248850.560:4): apparmor="STATUS" operation="profile_load" profile="unconfined" name="/usr/sbin/tcpdump" pid=302 comm="apparmor_parser"
[    2.707911] audit: type=1400 audit(1768248850.580:5): apparmor="STATUS" operation="profile_load" profile="unconfined" name="/usr/bin/evince" pid=304 comm="apparmor_parser"
[    2.707913] audit: type=1400 audit(1768248850.580:6): apparmor="STATUS" operation="profile_load" profile="unconfined" name="/usr/bin/evince//sanitized_helper" pid=304 comm="apparmor_parser"
[    2.707916] audit: type=1400 audit(1768248850.580:7): apparmor="STATUS" operation="profile_load" profile="unconfined" name="/usr/bin/evince-previewer" pid=304 comm="apparmor_parser"
[    2.707919] audit: type=1400 audit(1768248850.580:8): apparmor="STATUS" operation="profile_load" profile="unconfined" name="/usr/bin/evince-previewer//sanitized_helper" pid=304 comm="apparmor_parser"
[    2.707920] audit: type=1400 audit(1768248850.580:9): apparmor="STATUS" operation="profile_load" profile="unconfined" name="/usr/bin/evince-thumbnailer" pid=304 comm="apparmor_parser"
[    2.727650] audit: type=1400 audit(1768248850.604:10): apparmor="STATUS" operation="profile_load" profile="unconfined" name="/usr/lib/cups/backend/cups-pdf" pid=305 comm="apparmor_parser"
[    2.808339] systemd[1]: Finished Load AppArmor profiles.
[    2.809509] systemd[1]: Starting Load AppArmor profiles managed internally by snapd...
[    2.922849] systemd[1]: Finished Load AppArmor profiles managed internally by snapd.
[    3.085879] systemd[1]: Started Journal Service.
[    3.096759] systemd-journald[229]: Received client request to flush runtime journal.
[    4.380558] RAPL PMU: API unit is 2^-32 Joules, 0 fixed counters, 10737418240 ms ovfl timer
[    4.446776] cryptd: max_cpu_qlen set to 1000
[    4.487809] AVX2 version of gcm_enc/dec engaged.
[    4.487810] AES CTR mode by8 optimization enabled
[    6.292964] Adding 1998844k swap on /dev/sda1.  Priority:-2 extents:1 across:1998844k FS
[    7.045505] kauditd_printk_skb: 30 callbacks suppressed
[    7.045507] audit: type=1400 audit(1768248854.924:41): apparmor="DENIED" operation="capable" profile="/usr/sbin/cups-browsed" pid=507 comm="cups-browsed" capability=23  capname="sys_nice"
[    8.641379] pcnet32 0000:00:03.0 enp0s3: link up, 100Mbps, full-duplex
[    8.685265] e1000: enp0s8 NIC Link is Up 1000 Mbps Full Duplex, Flow Control: RX
[    8.685565] IPv6: ADDRCONF(NETDEV_CHANGE): enp0s8: link becomes ready
[    8.706260] e1000: enp0s9 NIC Link is Up 1000 Mbps Full Duplex, Flow Control: RX
[    8.706547] IPv6: ADDRCONF(NETDEV_CHANGE): enp0s9: link becomes ready
[    9.342051] device enp0s3 entered promiscuous mode
[    9.367362] audit: type=1400 audit(1768248857.240:42): apparmor="DENIED" operation="open" profile="/usr/sbin/tcpdump" name="/proc/sys/kernel/random/boot_id" pid=623 comm="tcpdump" requested_mask="r" denied_mask="r" fsuid=0 ouid=0
[    9.367707] audit: type=1400 audit(1768248857.240:43): apparmor="DENIED" operation="open" profile="/usr/sbin/tcpdump" name="/proc/sys/kernel/random/boot_id" pid=623 comm="tcpdump" requested_mask="r" denied_mask="r" fsuid=0 ouid=0
[    9.367753] audit: type=1400 audit(1768248857.240:44): apparmor="DENIED" operation="open" profile="/usr/sbin/tcpdump" name="/proc/sys/kernel/random/boot_id" pid=623 comm="tcpdump" requested_mask="r" denied_mask="r" fsuid=0 ouid=0
[    9.367923] audit: type=1400 audit(1768248857.240:45): apparmor="DENIED" operation="open" profile="/usr/sbin/tcpdump" name="/proc/sys/kernel/random/boot_id" pid=623 comm="tcpdump" requested_mask="r" denied_mask="r" fsuid=0 ouid=0
[    9.379720] audit: type=1400 audit(1768248857.260:46): apparmor="DENIED" operation="open" profile="/usr/sbin/tcpdump" name="/proc/sys/kernel/random/boot_id" pid=624 comm="tcpdump" requested_mask="r" denied_mask="r" fsuid=0 ouid=0
[    9.379925] audit: type=1400 audit(1768248857.260:47): apparmor="DENIED" operation="open" profile="/usr/sbin/tcpdump" name="/proc/sys/kernel/random/boot_id" pid=624 comm="tcpdump" requested_mask="r" denied_mask="r" fsuid=0 ouid=0
[    9.379966] audit: type=1400 audit(1768248857.260:48): apparmor="DENIED" operation="open" profile="/usr/sbin/tcpdump" name="/proc/sys/kernel/random/boot_id" pid=624 comm="tcpdump" requested_mask="r" denied_mask="r" fsuid=0 ouid=0
[    9.380060] audit: type=1400 audit(1768248857.260:49): apparmor="DENIED" operation="open" profile="/usr/sbin/tcpdump" name="/proc/sys/kernel/random/boot_id" pid=624 comm="tcpdump" requested_mask="r" denied_mask="r" fsuid=0 ouid=0
[   15.842307] rfkill: input handler disabled
[   53.295291] rfkill: input handler enabled
[   61.579014] rfkill: input handler disabled
[  211.652862] AAAAA-TCP_SEND: name:enp0s3: saddr:100932208: daddr:16783984: srtt_us:0: RTT:0: ssthresh:5: cwnd:1: delivered:0: lost:1: retrans:0
[  212.317407] AAAAA-TCP_RECV: name:enp0s3: saddr:16783984: daddr:100932208: srtt_us:0: RTT:0: ssthresh:5: cwnd:1: delivered:0: lost:1: retrans:0
[  212.317474] AAAAA-TCP_SEND: name:enp0s3: saddr:100932208: daddr:16783984: srtt_us:14352960: RTT:1794120: ssthresh:2147483647: cwnd:10: delivered:1: lost:1: retrans:0
[  212.317607] AAAAA-TCP_SEND: name:enp0s3: saddr:100932208: daddr:16783984: srtt_us:14352960: RTT:1794120: ssthresh:2147483647: cwnd:10: delivered:1: lost:1: retrans:0
[  212.744110] AAAAA-TCP_RECV: name:enp0s3: saddr:16783984: daddr:100932208: srtt_us:14352960: RTT:1794120: ssthresh:2147483647: cwnd:10: delivered:1: lost:1: retrans:0
[  212.870982] AAAAA-TCP_RECV: name:enp0s3: saddr:16783984: daddr:100932208: srtt_us:14352960: RTT:1794120: ssthresh:2147483647: cwnd:10: delivered:1: lost:1: retrans:0
[  212.871061] AAAAA-TCP_SEND: name:enp0s3: saddr:100932208: daddr:33561200: srtt_us:0: RTT:0: ssthresh:2147483647: cwnd:10: delivered:0: lost:0: retrans:0
[  212.927484] AAAAA-TCP_RECV: name:enp0s3: saddr:16783984: daddr:100932208: srtt_us:13112235: RTT:1639029: ssthresh:2147483647: cwnd:10: delivered:2: lost:1: retrans:0
[  212.927516] AAAAA-TCP_SEND: name:enp0s3: saddr:100932208: daddr:16783984: srtt_us:13112235: RTT:1639029: ssthresh:2147483647: cwnd:10: delivered:2: lost:1: retrans:0
[  212.927703] AAAAA-TCP_SEND: name:enp0s3: saddr:100932208: daddr:16783984: srtt_us:13112235: RTT:1639029: ssthresh:2147483647: cwnd:10: delivered:2: lost:1: retrans:0
[  213.293384] AAAAA-TCP_RECV: name:enp0s3: saddr:33561200: daddr:100932208: srtt_us:0: RTT:0: ssthresh:2147483647: cwnd:10: delivered:0: lost:0: retrans:0
[  213.293433] AAAAA-TCP_SEND: name:enp0s3: saddr:100932208: daddr:33561200: srtt_us:3378784: RTT:422348: ssthresh:2147483647: cwnd:10: delivered:1: lost:0: retrans:0
[  213.499066] AAAAA-TCP_RECV: name:enp0s3: saddr:16783984: daddr:100932208: srtt_us:13112235: RTT:1639029: ssthresh:2147483647: cwnd:10: delivered:2: lost:1: retrans:0
[  213.499103] AAAAA-TCP_SEND: name:enp0s3: saddr:100932208: daddr:16783984: srtt_us:13112235: RTT:1639029: ssthresh:2147483647: cwnd:10: delivered:2: lost:1: retrans:0
[  213.633613] AAAAA-TCP_RECV: name:enp0s3: saddr:33561200: daddr:100932208: srtt_us:3378784: RTT:422348: ssthresh:2147483647: cwnd:10: delivered:1: lost:0: retrans:0
[  213.717535] AAAAA-TCP_RECV: name:enp0s3: saddr:16783984: daddr:100932208: srtt_us:12044602: RTT:1505575: ssthresh:2147483647: cwnd:10: delivered:3: lost:1: retrans:0
[  213.827584] AAAAA-TCP_RECV: name:enp0s3: saddr:33561200: daddr:100932208: srtt_us:3378784: RTT:422348: ssthresh:2147483647: cwnd:10: delivered:1: lost:0: retrans:0
[  213.827618] AAAAA-TCP_SEND: name:enp0s3: saddr:100932208: daddr:33561200: srtt_us:3378784: RTT:422348: ssthresh:2147483647: cwnd:10: delivered:1: lost:0: retrans:0
[  213.827770] AAAAA-TCP_SEND: name:enp0s3: saddr:100932208: daddr:16783984: srtt_us:0: RTT:0: ssthresh:2147483647: cwnd:10: delivered:0: lost:0: retrans:0
[  214.157084] AAAAA-TCP_RECV: name:enp0s3: saddr:16783984: daddr:100932208: srtt_us:0: RTT:0: ssthresh:2147483647: cwnd:10: delivered:0: lost:0: retrans:0
[  214.157120] AAAAA-TCP_SEND: name:enp0s3: saddr:100932208: daddr:16783984: srtt_us:2634552: RTT:329319: ssthresh:2147483647: cwnd:10: delivered:1: lost:0: retrans:0
[  214.157236] AAAAA-TCP_SEND: name:enp0s3: saddr:100932208: daddr:16783984: srtt_us:2634552: RTT:329319: ssthresh:2147483647: cwnd:10: delivered:1: lost:0: retrans:0
[  214.383191] AAAAA-TCP_RECV: name:enp0s3: saddr:16783984: daddr:100932208: srtt_us:2634552: RTT:329319: ssthresh:2147483647: cwnd:10: delivered:1: lost:0: retrans:0
[  214.529802] AAAAA-TCP_RECV: name:enp0s3: saddr:16783984: daddr:100932208: srtt_us:2634552: RTT:329319: ssthresh:2147483647: cwnd:10: delivered:1: lost:0: retrans:0
[  214.529859] AAAAA-TCP_SEND: name:enp0s3: saddr:100932208: daddr:33561200: srtt_us:0: RTT:0: ssthresh:2147483647: cwnd:10: delivered:0: lost:0: retrans:0
[  214.636385] AAAAA-TCP_RECV: name:enp0s3: saddr:33561200: daddr:100932208: srtt_us:3378784: RTT:422348: ssthresh:2147483647: cwnd:10: delivered:1: lost:0: retrans:0
[  214.636406] AAAAA-TCP_SEND: name:enp0s3: saddr:100932208: daddr:33561200: srtt_us:3378784: RTT:422348: ssthresh:2147483647: cwnd:10: delivered:1: lost:0: retrans:0
[  214.705110] AAAAA-TCP_RECV: name:enp0s3: saddr:33561200: daddr:100932208: srtt_us:0: RTT:0: ssthresh:2147483647: cwnd:10: delivered:0: lost:0: retrans:0
[  214.705131] AAAAA-TCP_SEND: name:enp0s3: saddr:100932208: daddr:33561200: srtt_us:1402056: RTT:175257: ssthresh:2147483647: cwnd:10: delivered:1: lost:0: retrans:0
[  214.762468] AAAAA-TCP_RECV: name:enp0s3: saddr:33561200: daddr:100932208: srtt_us:3378784: RTT:422348: ssthresh:2147483647: cwnd:10: delivered:1: lost:0: retrans:0
[  214.762479] AAAAA-TCP_SEND: name:enp0s3: saddr:100932208: daddr:33561200: srtt_us:3378784: RTT:422348: ssthresh:2147483647: cwnd:10: delivered:1: lost:0: retrans:0
[  214.762605] AAAAA-TCP_SEND: name:enp0s3: saddr:100932208: daddr:16783984: srtt_us:2677803: RTT:334725: ssthresh:2147483647: cwnd:10: delivered:2: lost:0: retrans:0
[  214.762624] AAAAA-TCP_SEND: name:enp0s3: saddr:100932208: daddr:16783984: srtt_us:2677803: RTT:334725: ssthresh:2147483647: cwnd:10: delivered:2: lost:0: retrans:0
[  214.762701] AAAAA-TCP_SEND: name:enp0s3: saddr:100932208: daddr:16783984: srtt_us:2677803: RTT:334725: ssthresh:2147483647: cwnd:10: delivered:2: lost:0: retrans:0
[  214.762715] AAAAA-TCP_SEND: name:enp0s3: saddr:100932208: daddr:16783984: srtt_us:2677803: RTT:334725: ssthresh:2147483647: cwnd:10: delivered:2: lost:0: retrans:0
[  214.762781] AAAAA-TCP_SEND: name:enp0s3: saddr:100932208: daddr:16783984: srtt_us:2677803: RTT:334725: ssthresh:2147483647: cwnd:10: delivered:2: lost:0: retrans:0
[  214.762795] AAAAA-TCP_SEND: name:enp0s3: saddr:100932208: daddr:16783984: srtt_us:2677803: RTT:334725: ssthresh:2147483647: cwnd:10: delivered:2: lost:0: retrans:0
[  214.762869] AAAAA-TCP_SEND: name:enp0s3: saddr:100932208: daddr:16783984: srtt_us:2677803: RTT:334725: ssthresh:2147483647: cwnd:10: delivered:2: lost:0: retrans:0
[  214.762888] AAAAA-TCP_SEND: name:enp0s3: saddr:100932208: daddr:16783984: srtt_us:2677803: RTT:334725: ssthresh:2147483647: cwnd:10: delivered:2: lost:0: retrans:0
[  214.762983] AAAAA-TCP_SEND: name:enp0s3: saddr:100932208: daddr:16783984: srtt_us:2677803: RTT:334725: ssthresh:2147483647: cwnd:10: delivered:2: lost:0: retrans:0
[  214.762996] AAAAA-TCP_SEND: name:enp0s3: saddr:100932208: daddr:16783984: srtt_us:2677803: RTT:334725: ssthresh:2147483647: cwnd:10: delivered:2: lost:0: retrans:0
[  214.844170] AAAAA-TCP_RECV: name:enp0s3: saddr:33561200: daddr:100932208: srtt_us:1402056: RTT:175257: ssthresh:2147483647: cwnd:10: delivered:1: lost:0: retrans:0
[  214.844217] AAAAA-TCP_SEND: name:enp0s3: saddr:100932208: daddr:33561200: srtt_us:1402056: RTT:175257: ssthresh:2147483647: cwnd:10: delivered:1: lost:0: retrans:0
[  214.844242] AAAAA-TCP_SEND: name:enp0s3: saddr:100932208: daddr:33561200: srtt_us:1402056: RTT:175257: ssthresh:2147483647: cwnd:10: delivered:1: lost:0: retrans:0
[  214.845366] AAAAA-TCP_SEND: name:enp0s3: saddr:100932208: daddr:33561200: srtt_us:1402056: RTT:175257: ssthresh:2147483647: cwnd:10: delivered:1: lost:0: retrans:0
[  214.845389] AAAAA-TCP_SEND: name:enp0s3: saddr:100932208: daddr:33561200: srtt_us:1402056: RTT:175257: ssthresh:2147483647: cwnd:10: delivered:1: lost:0: retrans:0
[  214.845482] AAAAA-TCP_SEND: name:enp0s3: saddr:100932208: daddr:33561200: srtt_us:1402056: RTT:175257: ssthresh:2147483647: cwnd:10: delivered:1: lost:0: retrans:0
[  214.845496] AAAAA-TCP_SEND: name:enp0s3: saddr:100932208: daddr:33561200: srtt_us:1402056: RTT:175257: ssthresh:2147483647: cwnd:10: delivered:1: lost:0: retrans:0
[  214.845577] AAAAA-TCP_SEND: name:enp0s3: saddr:100932208: daddr:33561200: srtt_us:1402056: RTT:175257: ssthresh:2147483647: cwnd:10: delivered:1: lost:0: retrans:0
[  214.845590] AAAAA-TCP_SEND: name:enp0s3: saddr:100932208: daddr:33561200: srtt_us:1402056: RTT:175257: ssthresh:2147483647: cwnd:10: delivered:1: lost:0: retrans:0
[  214.845674] AAAAA-TCP_SEND: name:enp0s3: saddr:100932208: daddr:33561200: srtt_us:1402056: RTT:175257: ssthresh:2147483647: cwnd:10: delivered:1: lost:0: retrans:0
[  214.845688] AAAAA-TCP_SEND: name:enp0s3: saddr:100932208: daddr:33561200: srtt_us:1402056: RTT:175257: ssthresh:2147483647: cwnd:10: delivered:1: lost:0: retrans:0
[  215.050548] AAAAA-TCP_RECV: name:enp0s3: saddr:16783984: daddr:100932208: srtt_us:2677803: RTT:334725: ssthresh:2147483647: cwnd:10: delivered:2: lost:0: retrans:0
[  215.050591] AAAAA-TCP_SEND: name:enp0s3: saddr:100932208: daddr:16783984: srtt_us:2631043: RTT:328880: ssthresh:2147483647: cwnd:11: delivered:3: lost:0: retrans:0
[  215.050637] AAAAA-TCP_SEND: name:enp0s3: saddr:100932208: daddr:16783984: srtt_us:2631043: RTT:328880: ssthresh:2147483647: cwnd:11: delivered:3: lost:0: retrans:0
[  215.145467] AAAAA-TCP_RECV: name:enp0s3: saddr:16783984: daddr:100932208: srtt_us:2631043: RTT:328880: ssthresh:2147483647: cwnd:11: delivered:3: lost:0: retrans:0
[  215.145511] AAAAA-TCP_SEND: name:enp0s3: saddr:100932208: daddr:16783984: srtt_us:2685023: RTT:335627: ssthresh:2147483647: cwnd:12: delivered:4: lost:0: retrans:0
[  215.145557] AAAAA-TCP_SEND: name:enp0s3: saddr:100932208: daddr:16783984: srtt_us:2685023: RTT:335627: ssthresh:2147483647: cwnd:12: delivered:4: lost:0: retrans:0
[  215.215186] AAAAA-TCP_SEND: name:enp0s3: saddr:100932208: daddr:33561200: srtt_us:1402056: RTT:175257: ssthresh:2147483647: cwnd:10: delivered:1: lost:0: retrans:1
[  215.284696] AAAAA-TCP_RECV: name:enp0s3: saddr:16783984: daddr:100932208: srtt_us:2685023: RTT:335627: ssthresh:2147483647: cwnd:12: delivered:4: lost:0: retrans:0
[  215.284737] AAAAA-TCP_SEND: name:enp0s3: saddr:100932208: daddr:16783984: srtt_us:2871407: RTT:358925: ssthresh:2147483647: cwnd:13: delivered:5: lost:0: retrans:0
[  215.284762] AAAAA-TCP_SEND: name:enp0s3: saddr:100932208: daddr:16783984: srtt_us:2871407: RTT:358925: ssthresh:2147483647: cwnd:13: delivered:5: lost:0: retrans:0
[  215.340154] AAAAA-TCP_RECV: name:enp0s3: saddr:16783984: daddr:100932208: srtt_us:2871407: RTT:358925: ssthresh:2147483647: cwnd:13: delivered:5: lost:0: retrans:0
[  215.340191] AAAAA-TCP_SEND: name:enp0s3: saddr:100932208: daddr:16783984: srtt_us:3089924: RTT:386240: ssthresh:2147483647: cwnd:14: delivered:6: lost:0: retrans:0
[  215.340212] AAAAA-TCP_SEND: name:enp0s3: saddr:100932208: daddr:16783984: srtt_us:3089924: RTT:386240: ssthresh:2147483647: cwnd:14: delivered:6: lost:0: retrans:0
[  215.512267] AAAAA-TCP_RECV: name:enp0s3: saddr:16783984: daddr:100932208: srtt_us:3089924: RTT:386240: ssthresh:2147483647: cwnd:14: delivered:6: lost:0: retrans:0
[  215.512313] AAAAA-TCP_SEND: name:enp0s3: saddr:100932208: daddr:16783984: srtt_us:3453188: RTT:431648: ssthresh:2147483647: cwnd:15: delivered:7: lost:0: retrans:0
[  215.512337] AAAAA-TCP_SEND: name:enp0s3: saddr:100932208: daddr:16783984: srtt_us:3453188: RTT:431648: ssthresh:2147483647: cwnd:15: delivered:7: lost:0: retrans:0
[  215.659129] AAAAA-TCP_RECV: name:enp0s3: saddr:16783984: daddr:100932208: srtt_us:3453188: RTT:431648: ssthresh:2147483647: cwnd:15: delivered:7: lost:0: retrans:0
[  215.659159] AAAAA-TCP_SEND: name:enp0s3: saddr:100932208: daddr:16783984: srtt_us:3917878: RTT:489734: ssthresh:2147483647: cwnd:16: delivered:8: lost:0: retrans:0
[  215.659210] AAAAA-TCP_SEND: name:enp0s3: saddr:100932208: daddr:16783984: srtt_us:3917878: RTT:489734: ssthresh:2147483647: cwnd:16: delivered:8: lost:0: retrans:0
[  215.759196] AAAAA-TCP_SEND: name:enp0s3: saddr:100932208: daddr:33561200: srtt_us:1402056: RTT:175257: ssthresh:5: cwnd:1: delivered:1: lost:10: retrans:2
[  216.335199] AAAAA-TCP_SEND: name:enp0s3: saddr:100932208: daddr:16783984: srtt_us:3917878: RTT:489734: ssthresh:2147483647: cwnd:16: delivered:8: lost:0: retrans:1
[  216.847227] AAAAA-TCP_SEND: name:enp0s3: saddr:100932208: daddr:33561200: srtt_us:1402056: RTT:175257: ssthresh:5: cwnd:1: delivered:1: lost:11: retrans:3
[  217.606914] AAAAA-TCP_RECV: name:enp0s3: saddr:16783984: daddr:100932208: srtt_us:3917878: RTT:489734: ssthresh:2147483647: cwnd:16: delivered:8: lost:0: retrans:1
[  217.607016] AAAAA-TCP_SEND: name:enp0s3: saddr:100932208: daddr:16783984: srtt_us:6272236: RTT:784029: ssthresh:2147483647: cwnd:17: delivered:9: lost:0: retrans:1
[  217.607077] AAAAA-TCP_SEND: name:enp0s3: saddr:100932208: daddr:16783984: srtt_us:6272236: RTT:784029: ssthresh:2147483647: cwnd:17: delivered:9: lost:0: retrans:1
[  217.778130] AAAAA-TCP_RECV: name:enp0s3: saddr:16783984: daddr:100932208: srtt_us:6272236: RTT:784029: ssthresh:2147483647: cwnd:17: delivered:9: lost:0: retrans:1
[  217.778220] AAAAA-TCP_SEND: name:enp0s3: saddr:100932208: daddr:16783984: srtt_us:8503490: RTT:1062936: ssthresh:2147483647: cwnd:18: delivered:10: lost:0: retrans:1
[  217.778285] AAAAA-TCP_SEND: name:enp0s3: saddr:100932208: daddr:16783984: srtt_us:8503490: RTT:1062936: ssthresh:2147483647: cwnd:18: delivered:10: lost:0: retrans:1
[  217.897493] AAAAA-TCP_RECV: name:enp0s3: saddr:16783984: daddr:100932208: srtt_us:8503490: RTT:1062936: ssthresh:2147483647: cwnd:18: delivered:10: lost:0: retrans:1
[  217.897551] AAAAA-TCP_SEND: name:enp0s3: saddr:100932208: daddr:16783984: srtt_us:10575070: RTT:1321883: ssthresh:2147483647: cwnd:19: delivered:11: lost:0: retrans:1
[  217.897601] AAAAA-TCP_SEND: name:enp0s3: saddr:100932208: daddr:16783984: srtt_us:10575070: RTT:1321883: ssthresh:2147483647: cwnd:19: delivered:11: lost:0: retrans:1
[  217.946472] AAAAA-TCP_RECV: name:enp0s3: saddr:16783984: daddr:100932208: srtt_us:10575070: RTT:1321883: ssthresh:2147483647: cwnd:19: delivered:11: lost:0: retrans:1
[  217.946536] AAAAA-TCP_SEND: name:enp0s3: saddr:100932208: daddr:16783984: srtt_us:12436690: RTT:1554586: ssthresh:2147483647: cwnd:20: delivered:12: lost:0: retrans:1
[  217.946584] AAAAA-TCP_SEND: name:enp0s3: saddr:100932208: daddr:16783984: srtt_us:12436690: RTT:1554586: ssthresh:2147483647: cwnd:20: delivered:12: lost:0: retrans:1
[  218.049196] AAAAA-TCP_RECV: name:enp0s3: saddr:33561200: daddr:100932208: srtt_us:1402056: RTT:175257: ssthresh:5: cwnd:1: delivered:1: lost:11: retrans:3
[  218.049276] AAAAA-TCP_SEND: name:enp0s3: saddr:100932208: daddr:33561200: srtt_us:4431799: RTT:553974: ssthresh:2147483647: cwnd:11: delivered:2: lost:11: retrans:3
[  218.049319] AAAAA-TCP_SEND: name:enp0s3: saddr:100932208: daddr:33561200: srtt_us:4431799: RTT:553974: ssthresh:2147483647: cwnd:11: delivered:2: lost:11: retrans:3
[  218.118726] AAAAA-TCP_RECV: name:enp0s3: saddr:33561200: daddr:100932208: srtt_us:4431799: RTT:553974: ssthresh:2147483647: cwnd:11: delivered:2: lost:11: retrans:3
[  218.118789] AAAAA-TCP_SEND: name:enp0s3: saddr:100932208: daddr:33561200: srtt_us:7152366: RTT:894045: ssthresh:2147483647: cwnd:12: delivered:3: lost:11: retrans:3
[  218.118889] AAAAA-TCP_SEND: name:enp0s3: saddr:100932208: daddr:33561200: srtt_us:7152366: RTT:894045: ssthresh:2147483647: cwnd:12: delivered:3: lost:11: retrans:3
[  218.265361] AAAAA-TCP_RECV: name:enp0s3: saddr:33561200: daddr:100932208: srtt_us:7152366: RTT:894045: ssthresh:2147483647: cwnd:12: delivered:3: lost:11: retrans:3
[  218.265445] AAAAA-TCP_SEND: name:enp0s3: saddr:100932208: daddr:33561200: srtt_us:9678356: RTT:1209794: ssthresh:2147483647: cwnd:13: delivered:4: lost:11: retrans:3
[  218.265505] AAAAA-TCP_SEND: name:enp0s3: saddr:100932208: daddr:33561200: srtt_us:9678356: RTT:1209794: ssthresh:2147483647: cwnd:13: delivered:4: lost:11: retrans:3
[  220.783198] AAAAA-TCP_SEND: name:enp0s3: saddr:100932208: daddr:33561200: srtt_us:9678356: RTT:1209794: ssthresh:2147483647: cwnd:13: delivered:4: lost:11: retrans:4
[  220.825468] AAAAA-TCP_RECV: name:enp0s3: saddr:33561200: daddr:100932208: srtt_us:9678356: RTT:1209794: ssthresh:2147483647: cwnd:13: delivered:4: lost:11: retrans:4
[  220.825509] AAAAA-TCP_SEND: name:enp0s3: saddr:100932208: daddr:33561200: srtt_us:14448685: RTT:1806085: ssthresh:2147483647: cwnd:14: delivered:5: lost:11: retrans:4
[  220.825529] AAAAA-TCP_SEND: name:enp0s3: saddr:100932208: daddr:33561200: srtt_us:14448685: RTT:1806085: ssthresh:2147483647: cwnd:14: delivered:5: lost:11: retrans:4
[  220.868079] AAAAA-TCP_RECV: name:enp0s3: saddr:33561200: daddr:100932208: srtt_us:14448685: RTT:1806085: ssthresh:2147483647: cwnd:14: delivered:5: lost:11: retrans:4
[  220.868110] AAAAA-TCP_SEND: name:enp0s3: saddr:100932208: daddr:33561200: srtt_us:18665211: RTT:2333151: ssthresh:2147483647: cwnd:15: delivered:6: lost:11: retrans:4
[  220.868129] AAAAA-TCP_SEND: name:enp0s3: saddr:100932208: daddr:33561200: srtt_us:18665211: RTT:2333151: ssthresh:2147483647: cwnd:15: delivered:6: lost:11: retrans:4
[  220.949476] AAAAA-TCP_RECV: name:enp0s3: saddr:33561200: daddr:100932208: srtt_us:18665211: RTT:2333151: ssthresh:2147483647: cwnd:15: delivered:6: lost:11: retrans:4
[  220.949508] AAAAA-TCP_SEND: name:enp0s3: saddr:100932208: daddr:33561200: srtt_us:22436070: RTT:2804508: ssthresh:2147483647: cwnd:16: delivered:7: lost:11: retrans:4
[  220.949531] AAAAA-TCP_SEND: name:enp0s3: saddr:100932208: daddr:33561200: srtt_us:22436070: RTT:2804508: ssthresh:2147483647: cwnd:16: delivered:7: lost:11: retrans:4
[  221.002478] AAAAA-TCP_RECV: name:enp0s3: saddr:33561200: daddr:100932208: srtt_us:22436070: RTT:2804508: ssthresh:2147483647: cwnd:16: delivered:7: lost:11: retrans:4
[  221.002509] AAAAA-TCP_SEND: name:enp0s3: saddr:100932208: daddr:33561200: srtt_us:25788478: RTT:3223559: ssthresh:2147483647: cwnd:17: delivered:8: lost:11: retrans:4
[  221.002530] AAAAA-TCP_SEND: name:enp0s3: saddr:100932208: daddr:33561200: srtt_us:25788478: RTT:3223559: ssthresh:2147483647: cwnd:17: delivered:8: lost:11: retrans:4
[  221.106967] AAAAA-TCP_RECV: name:enp0s3: saddr:33561200: daddr:100932208: srtt_us:25788478: RTT:3223559: ssthresh:2147483647: cwnd:17: delivered:8: lost:11: retrans:4
[  221.107017] AAAAA-TCP_SEND: name:enp0s3: saddr:100932208: daddr:33561200: srtt_us:28826337: RTT:3603292: ssthresh:2147483647: cwnd:18: delivered:9: lost:11: retrans:4
[  221.107068] AAAAA-TCP_SEND: name:enp0s3: saddr:100932208: daddr:33561200: srtt_us:28826337: RTT:3603292: ssthresh:2147483647: cwnd:18: delivered:9: lost:11: retrans:4
[  221.181455] AAAAA-TCP_RECV: name:enp0s3: saddr:33561200: daddr:100932208: srtt_us:28826337: RTT:3603292: ssthresh:2147483647: cwnd:18: delivered:9: lost:11: retrans:4
[  221.181498] AAAAA-TCP_SEND: name:enp0s3: saddr:100932208: daddr:33561200: srtt_us:31558844: RTT:3944855: ssthresh:2147483647: cwnd:19: delivered:10: lost:11: retrans:4
[  221.181526] AAAAA-TCP_SEND: name:enp0s3: saddr:100932208: daddr:33561200: srtt_us:31558844: RTT:3944855: ssthresh:2147483647: cwnd:19: delivered:10: lost:11: retrans:4
[  221.242149] AAAAA-TCP_RECV: name:enp0s3: saddr:33561200: daddr:100932208: srtt_us:31558844: RTT:3944855: ssthresh:2147483647: cwnd:19: delivered:10: lost:11: retrans:4
[  221.242187] AAAAA-TCP_SEND: name:enp0s3: saddr:100932208: daddr:33561200: srtt_us:34010989: RTT:4251373: ssthresh:2147483647: cwnd:20: delivered:11: lost:11: retrans:4
[  221.242213] AAAAA-TCP_SEND: name:enp0s3: saddr:100932208: daddr:33561200: srtt_us:34010989: RTT:4251373: ssthresh:2147483647: cwnd:20: delivered:11: lost:11: retrans:4
[  221.379237] AAAAA-TCP_RECV: name:enp0s3: saddr:16783984: daddr:100932208: srtt_us:12436690: RTT:1554586: ssthresh:2147483647: cwnd:20: delivered:12: lost:0: retrans:1
[  221.379305] AAAAA-TCP_SEND: name:enp0s3: saddr:100932208: daddr:16783984: srtt_us:17210760: RTT:2151345: ssthresh:2147483647: cwnd:21: delivered:13: lost:0: retrans:1
[  221.379366] AAAAA-TCP_SEND: name:enp0s3: saddr:100932208: daddr:16783984: srtt_us:17210760: RTT:2151345: ssthresh:2147483647: cwnd:21: delivered:13: lost:0: retrans:1
[  221.463078] AAAAA-TCP_RECV: name:enp0s3: saddr:16783984: daddr:100932208: srtt_us:17210760: RTT:2151345: ssthresh:2147483647: cwnd:21: delivered:13: lost:0: retrans:1
[  221.463140] AAAAA-TCP_SEND: name:enp0s3: saddr:100932208: daddr:16783984: srtt_us:21471932: RTT:2683991: ssthresh:2147483647: cwnd:22: delivered:14: lost:0: retrans:1
[  221.463184] AAAAA-TCP_SEND: name:enp0s3: saddr:100932208: daddr:16783984: srtt_us:21471932: RTT:2683991: ssthresh:2147483647: cwnd:22: delivered:14: lost:0: retrans:1
[  221.558227] AAAAA-TCP_RECV: name:enp0s3: saddr:16783984: daddr:100932208: srtt_us:21471932: RTT:2683991: ssthresh:2147483647: cwnd:22: delivered:14: lost:0: retrans:1
[  221.558267] AAAAA-TCP_SEND: name:enp0s3: saddr:100932208: daddr:16783984: srtt_us:25200679: RTT:3150084: ssthresh:2147483647: cwnd:23: delivered:15: lost:0: retrans:1
[  221.558291] AAAAA-TCP_SEND: name:enp0s3: saddr:100932208: daddr:16783984: srtt_us:25200679: RTT:3150084: ssthresh:2147483647: cwnd:23: delivered:15: lost:0: retrans:1
[  221.643157] AAAAA-TCP_RECV: name:enp0s3: saddr:16783984: daddr:100932208: srtt_us:25200679: RTT:3150084: ssthresh:2147483647: cwnd:23: delivered:15: lost:0: retrans:1
[  221.643183] AAAAA-TCP_SEND: name:enp0s3: saddr:100932208: daddr:16783984: srtt_us:28548249: RTT:3568531: ssthresh:2147483647: cwnd:24: delivered:16: lost:0: retrans:1
[  221.643233] AAAAA-TCP_SEND: name:enp0s3: saddr:100932208: daddr:16783984: srtt_us:28548249: RTT:3568531: ssthresh:2147483647: cwnd:24: delivered:16: lost:0: retrans:1
[  221.797041] AAAAA-TCP_RECV: name:enp0s3: saddr:33561200: daddr:100932208: srtt_us:34010989: RTT:4251373: ssthresh:2147483647: cwnd:20: delivered:11: lost:11: retrans:4
[  221.823087] AAAAA-TCP_RECV: name:enp0s3: saddr:16783984: daddr:100932208: srtt_us:28548249: RTT:3568531: ssthresh:2147483647: cwnd:24: delivered:16: lost:0: retrans:1
[  221.823130] AAAAA-TCP_SEND: name:enp0s3: saddr:100932208: daddr:16783984: srtt_us:31518090: RTT:3939761: ssthresh:2147483647: cwnd:25: delivered:17: lost:0: retrans:1
[  221.823154] AAAAA-TCP_SEND: name:enp0s3: saddr:100932208: daddr:16783984: srtt_us:31518090: RTT:3939761: ssthresh:2147483647: cwnd:25: delivered:17: lost:0: retrans:1
[  221.959953] AAAAA-TCP_RECV: name:enp0s3: saddr:16783984: daddr:100932208: srtt_us:31518090: RTT:3939761: ssthresh:2147483647: cwnd:25: delivered:17: lost:0: retrans:1
[  221.959992] AAAAA-TCP_SEND: name:enp0s3: saddr:100932208: daddr:16783984: srtt_us:34253566: RTT:4281695: ssthresh:2147483647: cwnd:26: delivered:18: lost:0: retrans:1
[  221.960019] AAAAA-TCP_SEND: name:enp0s3: saddr:100932208: daddr:16783984: srtt_us:34253566: RTT:4281695: ssthresh:2147483647: cwnd:26: delivered:18: lost:0: retrans:1
[  222.010007] AAAAA-TCP_RECV: name:enp0s3: saddr:16783984: daddr:100932208: srtt_us:34253566: RTT:4281695: ssthresh:2147483647: cwnd:26: delivered:18: lost:0: retrans:1
[  222.010041] AAAAA-TCP_SEND: name:enp0s3: saddr:100932208: daddr:16783984: srtt_us:36641716: RTT:4580214: ssthresh:2147483647: cwnd:27: delivered:19: lost:0: retrans:1
[  222.010063] AAAAA-TCP_SEND: name:enp0s3: saddr:100932208: daddr:16783984: srtt_us:36641716: RTT:4580214: ssthresh:2147483647: cwnd:27: delivered:19: lost:0: retrans:1
[  222.039799] AAAAA-TCP_RECV: name:enp0s3: saddr:16783984: daddr:100932208: srtt_us:36641716: RTT:4580214: ssthresh:2147483647: cwnd:27: delivered:19: lost:0: retrans:1
[  222.039831] AAAAA-TCP_SEND: name:enp0s3: saddr:100932208: daddr:16783984: srtt_us:38761137: RTT:4845142: ssthresh:2147483647: cwnd:28: delivered:20: lost:0: retrans:1
[  222.039855] AAAAA-TCP_SEND: name:enp0s3: saddr:100932208: daddr:16783984: srtt_us:38761137: RTT:4845142: ssthresh:2147483647: cwnd:28: delivered:20: lost:0: retrans:1
[  222.057098] AAAAA-TCP_RECV: name:enp0s3: saddr:16783984: daddr:100932208: srtt_us:38761137: RTT:4845142: ssthresh:2147483647: cwnd:28: delivered:20: lost:0: retrans:1
[  222.057131] AAAAA-TCP_SEND: name:enp0s3: saddr:100932208: daddr:16783984: srtt_us:40460801: RTT:5057600: ssthresh:2147483647: cwnd:29: delivered:21: lost:0: retrans:1
[  222.057154] AAAAA-TCP_SEND: name:enp0s3: saddr:100932208: daddr:16783984: srtt_us:40460801: RTT:5057600: ssthresh:2147483647: cwnd:29: delivered:21: lost:0: retrans:1
[  222.086175] AAAAA-TCP_RECV: name:enp0s3: saddr:16783984: daddr:100932208: srtt_us:40460801: RTT:5057600: ssthresh:2147483647: cwnd:29: delivered:21: lost:0: retrans:1
[  222.086210] AAAAA-TCP_SEND: name:enp0s3: saddr:100932208: daddr:16783984: srtt_us:41977084: RTT:5247135: ssthresh:2147483647: cwnd:30: delivered:22: lost:0: retrans:1
[  222.086234] AAAAA-TCP_SEND: name:enp0s3: saddr:100932208: daddr:16783984: srtt_us:41977084: RTT:5247135: ssthresh:2147483647: cwnd:30: delivered:22: lost:0: retrans:1
[  222.156786] AAAAA-TCP_RECV: name:enp0s3: saddr:16783984: daddr:100932208: srtt_us:41977084: RTT:5247135: ssthresh:2147483647: cwnd:30: delivered:22: lost:0: retrans:1
[  222.156810] AAAAA-TCP_SEND: name:enp0s3: saddr:100932208: daddr:16783984: srtt_us:43227584: RTT:5403448: ssthresh:2147483647: cwnd:31: delivered:23: lost:0: retrans:1
[  222.156827] AAAAA-TCP_SEND: name:enp0s3: saddr:100932208: daddr:16783984: srtt_us:43227584: RTT:5403448: ssthresh:2147483647: cwnd:31: delivered:23: lost:0: retrans:1
[  222.193709] AAAAA-TCP_RECV: name:enp0s3: saddr:16783984: daddr:100932208: srtt_us:43227584: RTT:5403448: ssthresh:2147483647: cwnd:31: delivered:23: lost:0: retrans:1
[  222.193743] AAAAA-TCP_SEND: name:enp0s3: saddr:100932208: daddr:16783984: srtt_us:44358136: RTT:5544767: ssthresh:2147483647: cwnd:32: delivered:24: lost:0: retrans:1
[  222.193767] AAAAA-TCP_SEND: name:enp0s3: saddr:100932208: daddr:16783984: srtt_us:44358136: RTT:5544767: ssthresh:2147483647: cwnd:32: delivered:24: lost:0: retrans:1
[  222.288393] AAAAA-TCP_RECV: name:enp0s3: saddr:16783984: daddr:100932208: srtt_us:44358136: RTT:5544767: ssthresh:2147483647: cwnd:32: delivered:24: lost:0: retrans:1
[  222.433570] AAAAA-TCP_RECV: name:enp0s3: saddr:16783984: daddr:100932208: srtt_us:44358136: RTT:5544767: ssthresh:2147483647: cwnd:32: delivered:25: lost:0: retrans:1
[  222.433631] AAAAA-TCP_SEND: name:enp0s3: saddr:100932208: daddr:16783984: srtt_us:43639966: RTT:5454995: ssthresh:2147483647: cwnd:33: delivered:26: lost:0: retrans:1
[  222.433718] AAAAA-TCP_SEND: name:enp0s3: saddr:100932208: daddr:16783984: srtt_us:43639966: RTT:5454995: ssthresh:2147483647: cwnd:33: delivered:26: lost:0: retrans:1
[  222.568171] AAAAA-TCP_RECV: name:enp0s3: saddr:16783984: daddr:100932208: srtt_us:43639966: RTT:5454995: ssthresh:2147483647: cwnd:33: delivered:26: lost:0: retrans:1
[  222.568216] AAAAA-TCP_SEND: name:enp0s3: saddr:100932208: daddr:16783984: srtt_us:43146159: RTT:5393269: ssthresh:2147483647: cwnd:34: delivered:27: lost:0: retrans:1
[  222.568255] AAAAA-TCP_SEND: name:enp0s3: saddr:100932208: daddr:16783984: srtt_us:43146159: RTT:5393269: ssthresh:2147483647: cwnd:34: delivered:27: lost:0: retrans:1
[  222.835432] AAAAA-TCP_RECV: name:enp0s3: saddr:33561200: daddr:100932208: srtt_us:34010989: RTT:4251373: ssthresh:2147483647: cwnd:20: delivered:12: lost:11: retrans:4
[  222.986144] AAAAA-TCP_RECV: name:enp0s3: saddr:16783984: daddr:100932208: srtt_us:43146159: RTT:5393269: ssthresh:2147483647: cwnd:34: delivered:27: lost:0: retrans:1
[  222.986192] AAAAA-TCP_SEND: name:enp0s3: saddr:100932208: daddr:16783984: srtt_us:42960846: RTT:5370105: ssthresh:2147483647: cwnd:35: delivered:28: lost:0: retrans:1
[  222.986221] AAAAA-TCP_SEND: name:enp0s3: saddr:100932208: daddr:16783984: srtt_us:42960846: RTT:5370105: ssthresh:2147483647: cwnd:35: delivered:28: lost:0: retrans:1
[  223.091781] AAAAA-TCP_RECV: name:enp0s3: saddr:16783984: daddr:100932208: srtt_us:42960846: RTT:5370105: ssthresh:2147483647: cwnd:35: delivered:28: lost:0: retrans:1
[  223.091827] AAAAA-TCP_SEND: name:enp0s3: saddr:100932208: daddr:16783984: srtt_us:42904333: RTT:5363041: ssthresh:2147483647: cwnd:36: delivered:29: lost:0: retrans:1
[  223.091854] AAAAA-TCP_SEND: name:enp0s3: saddr:100932208: daddr:16783984: srtt_us:42904333: RTT:5363041: ssthresh:2147483647: cwnd:36: delivered:29: lost:0: retrans:1
[  223.123104] AAAAA-TCP_RECV: name:enp0s3: saddr:16783984: daddr:100932208: srtt_us:42904333: RTT:5363041: ssthresh:2147483647: cwnd:36: delivered:29: lost:0: retrans:1
[  223.123139] AAAAA-TCP_SEND: name:enp0s3: saddr:100932208: daddr:16783984: srtt_us:42766875: RTT:5345859: ssthresh:2147483647: cwnd:37: delivered:30: lost:0: retrans:1
[  223.123163] AAAAA-TCP_SEND: name:enp0s3: saddr:100932208: daddr:16783984: srtt_us:42766875: RTT:5345859: ssthresh:2147483647: cwnd:37: delivered:30: lost:0: retrans:1
[  223.174495] AAAAA-TCP_RECV: name:enp0s3: saddr:16783984: daddr:100932208: srtt_us:42766875: RTT:5345859: ssthresh:2147483647: cwnd:37: delivered:30: lost:0: retrans:1
[  223.174525] AAAAA-TCP_SEND: name:enp0s3: saddr:100932208: daddr:16783984: srtt_us:42697990: RTT:5337248: ssthresh:2147483647: cwnd:38: delivered:31: lost:0: retrans:1
[  223.174546] AAAAA-TCP_SEND: name:enp0s3: saddr:100932208: daddr:16783984: srtt_us:42697990: RTT:5337248: ssthresh:2147483647: cwnd:38: delivered:31: lost:0: retrans:1
[  223.236944] AAAAA-TCP_RECV: name:enp0s3: saddr:16783984: daddr:100932208: srtt_us:42697990: RTT:5337248: ssthresh:2147483647: cwnd:38: delivered:31: lost:0: retrans:1
[  223.236995] AAAAA-TCP_SEND: name:enp0s3: saddr:100932208: daddr:16783984: srtt_us:42651183: RTT:5331397: ssthresh:2147483647: cwnd:39: delivered:32: lost:0: retrans:1
[  223.237033] AAAAA-TCP_SEND: name:enp0s3: saddr:100932208: daddr:16783984: srtt_us:42651183: RTT:5331397: ssthresh:2147483647: cwnd:39: delivered:32: lost:0: retrans:1
[  223.258953] AAAAA-TCP_RECV: name:enp0s3: saddr:16783984: daddr:100932208: srtt_us:42651183: RTT:5331397: ssthresh:2147483647: cwnd:39: delivered:32: lost:0: retrans:1
[  223.258981] AAAAA-TCP_SEND: name:enp0s3: saddr:100932208: daddr:16783984: srtt_us:42632216: RTT:5329027: ssthresh:2147483647: cwnd:40: delivered:33: lost:0: retrans:1
[  223.259005] AAAAA-TCP_SEND: name:enp0s3: saddr:100932208: daddr:16783984: srtt_us:42632216: RTT:5329027: ssthresh:2147483647: cwnd:40: delivered:33: lost:0: retrans:1
[  223.408671] AAAAA-TCP_RECV: name:enp0s3: saddr:33561200: daddr:100932208: srtt_us:34010989: RTT:4251373: ssthresh:2147483647: cwnd:20: delivered:13: lost:11: retrans:4
[  223.408716] AAAAA-TCP_SEND: name:enp0s3: saddr:100932208: daddr:33561200: srtt_us:35119044: RTT:4389880: ssthresh:2147483647: cwnd:21: delivered:14: lost:11: retrans:4
[  223.408742] AAAAA-TCP_SEND: name:enp0s3: saddr:100932208: daddr:33561200: srtt_us:35119044: RTT:4389880: ssthresh:2147483647: cwnd:21: delivered:14: lost:11: retrans:4
[  223.422983] AAAAA-TCP_RECV: name:enp0s3: saddr:33561200: daddr:100932208: srtt_us:35119044: RTT:4389880: ssthresh:2147483647: cwnd:21: delivered:14: lost:11: retrans:4
[  223.571582] AAAAA-TCP_RECV: name:enp0s3: saddr:33561200: daddr:100932208: srtt_us:36102912: RTT:4512864: ssthresh:2147483647: cwnd:22: delivered:15: lost:11: retrans:4
[  223.597350] AAAAA-TCP_RECV: name:enp0s3: saddr:33561200: daddr:100932208: srtt_us:37042891: RTT:4630361: ssthresh:2147483647: cwnd:24: delivered:17: lost:11: retrans:4
[  223.667847] AAAAA-TCP_RECV: name:enp0s3: saddr:33561200: daddr:100932208: srtt_us:37744463: RTT:4718057: ssthresh:2147483647: cwnd:25: delivered:18: lost:11: retrans:4
[  224.516669] AAAAA-TCP_RECV: name:enp0s3: saddr:33561200: daddr:100932208: srtt_us:38428406: RTT:4803550: ssthresh:2147483647: cwnd:26: delivered:19: lost:11: retrans:4
[  224.670368] AAAAA-TCP_RECV: name:enp0s3: saddr:33561200: daddr:100932208: srtt_us:38428406: RTT:4803550: ssthresh:2147483647: cwnd:26: delivered:20: lost:11: retrans:4
[  224.860539] AAAAA-TCP_RECV: name:enp0s3: saddr:33561200: daddr:100932208: srtt_us:37469724: RTT:4683715: ssthresh:2147483647: cwnd:27: delivered:21: lost:11: retrans:4
[  225.019277] AAAAA-TCP_RECV: name:enp0s3: saddr:33561200: daddr:100932208: srtt_us:36821064: RTT:4602633: ssthresh:2147483647: cwnd:28: delivered:22: lost:11: retrans:4
[  225.204082] AAAAA-TCP_RECV: name:enp0s3: saddr:33561200: daddr:100932208: srtt_us:36369623: RTT:4546202: ssthresh:2147483647: cwnd:29: delivered:23: lost:11: retrans:4
[  225.279799] AAAAA-TCP_RECV: name:enp0s3: saddr:33561200: daddr:100932208: srtt_us:36159436: RTT:4519929: ssthresh:2147483647: cwnd:30: delivered:24: lost:11: retrans:4
[  225.548354] AAAAA-TCP_RECV: name:enp0s3: saddr:33561200: daddr:100932208: srtt_us:35969832: RTT:4496229: ssthresh:2147483647: cwnd:31: delivered:25: lost:11: retrans:4
[  225.583571] AAAAA-TCP_RECV: name:enp0s3: saddr:33561200: daddr:100932208: srtt_us:36072489: RTT:4509061: ssthresh:2147483647: cwnd:33: delivered:27: lost:11: retrans:4
[  225.583639] AAAAA-TCP_SEND: name:enp0s3: saddr:100932208: daddr:33561200: srtt_us:36040023: RTT:4505002: ssthresh:16: cwnd:8: delivered:28: lost:12: retrans:5
[  225.642048] AAAAA-TCP_RECV: name:enp0s3: saddr:33561200: daddr:100932208: srtt_us:36040023: RTT:4505002: ssthresh:16: cwnd:8: delivered:28: lost:12: retrans:5
[  225.706758] AAAAA-TCP_RECV: name:enp0s3: saddr:33561200: daddr:100932208: srtt_us:36070092: RTT:4508761: ssthresh:16: cwnd:8: delivered:29: lost:12: retrans:5
[  225.758465] AAAAA-TCP_RECV: name:enp0s3: saddr:33561200: daddr:100932208: srtt_us:36086636: RTT:4510829: ssthresh:16: cwnd:7: delivered:30: lost:12: retrans:5
[  225.758536] AAAAA-TCP_SEND: name:enp0s3: saddr:100932208: daddr:33561200: srtt_us:36092131: RTT:4511516: ssthresh:16: cwnd:5: delivered:31: lost:13: retrans:6
[  225.799493] AAAAA-TCP_RECV: name:enp0s3: saddr:33561200: daddr:100932208: srtt_us:36092131: RTT:4511516: ssthresh:16: cwnd:5: delivered:31: lost:13: retrans:6
[  226.097293] AAAAA-TCP_RECV: name:enp0s3: saddr:16783984: daddr:100932208: srtt_us:42632216: RTT:5329027: ssthresh:2147483647: cwnd:40: delivered:33: lost:0: retrans:1
[  226.216897] AAAAA-TCP_RECV: name:enp0s3: saddr:16783984: daddr:100932208: srtt_us:42021229: RTT:5252653: ssthresh:2147483647: cwnd:42: delivered:35: lost:0: retrans:1
[  226.263514] AAAAA-TCP_RECV: name:enp0s3: saddr:16783984: daddr:100932208: srtt_us:41522378: RTT:5190297: ssthresh:2147483647: cwnd:43: delivered:36: lost:0: retrans:1
[  226.311103] AAAAA-TCP_RECV: name:enp0s3: saddr:16783984: daddr:100932208: srtt_us:41132498: RTT:5141562: ssthresh:2147483647: cwnd:44: delivered:37: lost:0: retrans:1
[  226.366726] AAAAA-TCP_RECV: name:enp0s3: saddr:16783984: daddr:100932208: srtt_us:40743799: RTT:5092974: ssthresh:2147483647: cwnd:45: delivered:38: lost:0: retrans:1
[  226.369228] AAAAA-TCP_RECV: name:enp0s3: saddr:16783984: daddr:100932208: srtt_us:40459292: RTT:5057411: ssthresh:2147483647: cwnd:46: delivered:39: lost:0: retrans:1
[  226.427784] AAAAA-TCP_RECV: name:enp0s3: saddr:16783984: daddr:100932208: srtt_us:40127933: RTT:5015991: ssthresh:2147483647: cwnd:47: delivered:40: lost:0: retrans:1
[  226.464332] AAAAA-TCP_RECV: name:enp0s3: saddr:16783984: daddr:100932208: srtt_us:39896568: RTT:4987071: ssthresh:2147483647: cwnd:48: delivered:41: lost:0: retrans:1
[  226.502413] AAAAA-TCP_RECV: name:enp0s3: saddr:16783984: daddr:100932208: srtt_us:39550708: RTT:4943838: ssthresh:2147483647: cwnd:49: delivered:42: lost:0: retrans:1
[  226.523920] AAAAA-TCP_RECV: name:enp0s3: saddr:16783984: daddr:100932208: srtt_us:39286173: RTT:4910771: ssthresh:2147483647: cwnd:50: delivered:43: lost:0: retrans:1
[  226.541520] AAAAA-TCP_RECV: name:enp0s3: saddr:16783984: daddr:100932208: srtt_us:38939347: RTT:4867418: ssthresh:2147483647: cwnd:51: delivered:44: lost:0: retrans:1
[  226.557386] AAAAA-TCP_RECV: name:enp0s3: saddr:16783984: daddr:100932208: srtt_us:38653474: RTT:4831684: ssthresh:2147483647: cwnd:52: delivered:45: lost:0: retrans:1
[  226.573016] AAAAA-TCP_RECV: name:enp0s3: saddr:16783984: daddr:100932208: srtt_us:38369151: RTT:4796143: ssthresh:2147483647: cwnd:53: delivered:46: lost:0: retrans:1
[  226.622933] AAAAA-TCP_RECV: name:enp0s3: saddr:16783984: daddr:100932208: srtt_us:38135988: RTT:4766998: ssthresh:2147483647: cwnd:54: delivered:47: lost:0: retrans:1
[  226.639150] AAAAA-TCP_RECV: name:enp0s3: saddr:16783984: daddr:100932208: srtt_us:37952111: RTT:4744013: ssthresh:2147483647: cwnd:55: delivered:48: lost:0: retrans:1
[  226.655006] AAAAA-TCP_RECV: name:enp0s3: saddr:16783984: daddr:100932208: srtt_us:37807434: RTT:4725929: ssthresh:2147483647: cwnd:56: delivered:49: lost:0: retrans:1
[  226.750855] AAAAA-TCP_RECV: name:enp0s3: saddr:16783984: daddr:100932208: srtt_us:37679387: RTT:4709923: ssthresh:2147483647: cwnd:57: delivered:50: lost:0: retrans:1
[  226.766830] AAAAA-TCP_RECV: name:enp0s3: saddr:16783984: daddr:100932208: srtt_us:37663207: RTT:4707900: ssthresh:2147483647: cwnd:59: delivered:52: lost:0: retrans:1
[  226.785015] AAAAA-TCP_RECV: name:enp0s3: saddr:16783984: daddr:100932208: srtt_us:37635943: RTT:4704492: ssthresh:2147483647: cwnd:61: delivered:54: lost:0: retrans:1
[  226.800641] AAAAA-TCP_RECV: name:enp0s3: saddr:16783984: daddr:100932208: srtt_us:37559673: RTT:4694959: ssthresh:2147483647: cwnd:63: delivered:56: lost:0: retrans:1
[  226.876113] AAAAA-TCP_RECV: name:enp0s3: saddr:16783984: daddr:100932208: srtt_us:37471627: RTT:4683953: ssthresh:2147483647: cwnd:65: delivered:58: lost:0: retrans:1
[  226.895538] AAAAA-TCP_RECV: name:enp0s3: saddr:16783984: daddr:100932208: srtt_us:37230177: RTT:4653772: ssthresh:2147483647: cwnd:67: delivered:60: lost:0: retrans:1
[  226.956923] AAAAA-TCP_RECV: name:enp0s3: saddr:16783984: daddr:100932208: srtt_us:36903746: RTT:4612968: ssthresh:2147483647: cwnd:69: delivered:62: lost:0: retrans:1
[  226.985253] AAAAA-TCP_RECV: name:enp0s3: saddr:16783984: daddr:100932208: srtt_us:36261517: RTT:4532689: ssthresh:2147483647: cwnd:71: delivered:64: lost:0: retrans:1
[  227.001494] AAAAA-TCP_RECV: name:enp0s3: saddr:16783984: daddr:100932208: srtt_us:35622274: RTT:4452784: ssthresh:2147483647: cwnd:73: delivered:66: lost:0: retrans:1
[  227.017733] AAAAA-TCP_RECV: name:enp0s3: saddr:16783984: daddr:100932208: srtt_us:34996476: RTT:4374559: ssthresh:2147483647: cwnd:73: delivered:67: lost:0: retrans:1
[  227.017748] AAAAA-TCP_SEND: name:enp0s3: saddr:100932208: daddr:16783984: srtt_us:34402663: RTT:4300332: ssthresh:36: cwnd:4: delivered:68: lost:2: retrans:2
[  227.044046] AAAAA-TCP_RECV: name:enp0s3: saddr:16783984: daddr:100932208: srtt_us:34402663: RTT:4300332: ssthresh:36: cwnd:4: delivered:68: lost:2: retrans:2
[  227.044067] AAAAA-TCP_SEND: name:enp0s3: saddr:100932208: daddr:16783984: srtt_us:33909400: RTT:4238675: ssthresh:36: cwnd:4: delivered:69: lost:2: retrans:3
[  227.084488] AAAAA-TCP_RECV: name:enp0s3: saddr:16783984: daddr:100932208: srtt_us:33909400: RTT:4238675: ssthresh:36: cwnd:4: delivered:69: lost:2: retrans:3
[  227.104424] AAAAA-TCP_RECV: name:enp0s3: saddr:16783984: daddr:100932208: srtt_us:33496252: RTT:4187031: ssthresh:36: cwnd:4: delivered:70: lost:2: retrans:3
[  227.150695] AAAAA-TCP_RECV: name:enp0s3: saddr:33561200: daddr:100932208: srtt_us:36137962: RTT:4517245: ssthresh:16: cwnd:5: delivered:32: lost:13: retrans:6
[  227.166772] AAAAA-TCP_RECV: name:enp0s3: saddr:33561200: daddr:100932208: srtt_us:35362704: RTT:4420338: ssthresh:16: cwnd:4: delivered:33: lost:13: retrans:6
[  227.195086] AAAAA-TCP_RECV: name:enp0s3: saddr:33561200: daddr:100932208: srtt_us:34700441: RTT:4337555: ssthresh:16: cwnd:3: delivered:34: lost:13: retrans:6
[  227.210857] AAAAA-TCP_RECV: name:enp0s3: saddr:33561200: daddr:100932208: srtt_us:31973886: RTT:3996735: ssthresh:16: cwnd:8: delivered:35: lost:13: retrans:6
[  227.315824] AAAAA-TCP_RECV: name:enp0s3: saddr:16783984: daddr:100932208: srtt_us:33154683: RTT:4144335: ssthresh:36: cwnd:3: delivered:71: lost:2: retrans:3
[  227.366388] AAAAA-TCP_RECV: name:enp0s3: saddr:16783984: daddr:100932208: srtt_us:29308348: RTT:3663543: ssthresh:36: cwnd:5: delivered:72: lost:2: retrans:3
[  247.404678] AAAAA-TCP_SEND: name:enp0s3: saddr:100932208: daddr:16783984: srtt_us:25967805: RTT:3245975: ssthresh:36: cwnd:36: delivered:73: lost:2: retrans:3
[  247.404709] AAAAA-TCP_SEND: name:enp0s3: saddr:100932208: daddr:16783984: srtt_us:25967805: RTT:3245975: ssthresh:36: cwnd:23: delivered:73: lost:2: retrans:3
[  247.404801] AAAAA-TCP_SEND: name:enp0s3: saddr:100932208: daddr:16783984: srtt_us:25967805: RTT:3245975: ssthresh:36: cwnd:23: delivered:73: lost:2: retrans:3
[  247.404821] AAAAA-TCP_SEND: name:enp0s3: saddr:100932208: daddr:16783984: srtt_us:25967805: RTT:3245975: ssthresh:36: cwnd:23: delivered:73: lost:2: retrans:3
[  247.404876] AAAAA-TCP_SEND: name:enp0s3: saddr:100932208: daddr:16783984: srtt_us:25967805: RTT:3245975: ssthresh:36: cwnd:23: delivered:73: lost:2: retrans:3
[  247.404893] AAAAA-TCP_SEND: name:enp0s3: saddr:100932208: daddr:16783984: srtt_us:25967805: RTT:3245975: ssthresh:36: cwnd:23: delivered:73: lost:2: retrans:3
[  247.404948] AAAAA-TCP_SEND: name:enp0s3: saddr:100932208: daddr:16783984: srtt_us:25967805: RTT:3245975: ssthresh:36: cwnd:23: delivered:73: lost:2: retrans:3
[  247.404966] AAAAA-TCP_SEND: name:enp0s3: saddr:100932208: daddr:16783984: srtt_us:25967805: RTT:3245975: ssthresh:36: cwnd:23: delivered:73: lost:2: retrans:3
[  247.405020] AAAAA-TCP_SEND: name:enp0s3: saddr:100932208: daddr:16783984: srtt_us:25967805: RTT:3245975: ssthresh:36: cwnd:23: delivered:73: lost:2: retrans:3
[  247.405038] AAAAA-TCP_SEND: name:enp0s3: saddr:100932208: daddr:16783984: srtt_us:25967805: RTT:3245975: ssthresh:36: cwnd:23: delivered:73: lost:2: retrans:3
[  247.405118] AAAAA-TCP_SEND: name:enp0s3: saddr:100932208: daddr:16783984: srtt_us:25967805: RTT:3245975: ssthresh:36: cwnd:23: delivered:73: lost:2: retrans:3
[  247.405134] AAAAA-TCP_SEND: name:enp0s3: saddr:100932208: daddr:16783984: srtt_us:25967805: RTT:3245975: ssthresh:36: cwnd:23: delivered:73: lost:2: retrans:3
[  247.405189] AAAAA-TCP_SEND: name:enp0s3: saddr:100932208: daddr:16783984: srtt_us:25967805: RTT:3245975: ssthresh:36: cwnd:23: delivered:73: lost:2: retrans:3
[  247.405205] AAAAA-TCP_SEND: name:enp0s3: saddr:100932208: daddr:16783984: srtt_us:25967805: RTT:3245975: ssthresh:36: cwnd:23: delivered:73: lost:2: retrans:3
[  247.405276] AAAAA-TCP_SEND: name:enp0s3: saddr:100932208: daddr:16783984: srtt_us:25967805: RTT:3245975: ssthresh:36: cwnd:23: delivered:73: lost:2: retrans:3
[  247.405294] AAAAA-TCP_SEND: name:enp0s3: saddr:100932208: daddr:16783984: srtt_us:25967805: RTT:3245975: ssthresh:36: cwnd:23: delivered:73: lost:2: retrans:3
[  247.405352] AAAAA-TCP_SEND: name:enp0s3: saddr:100932208: daddr:16783984: srtt_us:25967805: RTT:3245975: ssthresh:36: cwnd:23: delivered:73: lost:2: retrans:3
[  247.405367] AAAAA-TCP_SEND: name:enp0s3: saddr:100932208: daddr:16783984: srtt_us:25967805: RTT:3245975: ssthresh:36: cwnd:23: delivered:73: lost:2: retrans:3
[  247.405421] AAAAA-TCP_SEND: name:enp0s3: saddr:100932208: daddr:16783984: srtt_us:25967805: RTT:3245975: ssthresh:36: cwnd:23: delivered:73: lost:2: retrans:3
[  247.405437] AAAAA-TCP_SEND: name:enp0s3: saddr:100932208: daddr:16783984: srtt_us:25967805: RTT:3245975: ssthresh:36: cwnd:23: delivered:73: lost:2: retrans:3
[  247.405490] AAAAA-TCP_SEND: name:enp0s3: saddr:100932208: daddr:16783984: srtt_us:25967805: RTT:3245975: ssthresh:36: cwnd:23: delivered:73: lost:2: retrans:3
[  247.405507] AAAAA-TCP_SEND: name:enp0s3: saddr:100932208: daddr:16783984: srtt_us:25967805: RTT:3245975: ssthresh:36: cwnd:23: delivered:73: lost:2: retrans:3
[  247.405597] AAAAA-TCP_SEND: name:enp0s3: saddr:100932208: daddr:16783984: srtt_us:25967805: RTT:3245975: ssthresh:36: cwnd:23: delivered:73: lost:2: retrans:3
[  247.405618] AAAAA-TCP_SEND: name:enp0s3: saddr:100932208: daddr:33561200: srtt_us:29429151: RTT:3678643: ssthresh:16: cwnd:16: delivered:36: lost:13: retrans:6
[  247.405708] AAAAA-TCP_SEND: name:enp0s3: saddr:100932208: daddr:33561200: srtt_us:29429151: RTT:3678643: ssthresh:16: cwnd:13: delivered:36: lost:13: retrans:6
[  247.405723] AAAAA-TCP_SEND: name:enp0s3: saddr:100932208: daddr:33561200: srtt_us:29429151: RTT:3678643: ssthresh:16: cwnd:13: delivered:36: lost:13: retrans:6
[  247.405778] AAAAA-TCP_SEND: name:enp0s3: saddr:100932208: daddr:33561200: srtt_us:29429151: RTT:3678643: ssthresh:16: cwnd:13: delivered:36: lost:13: retrans:6
[  247.405793] AAAAA-TCP_SEND: name:enp0s3: saddr:100932208: daddr:33561200: srtt_us:29429151: RTT:3678643: ssthresh:16: cwnd:13: delivered:36: lost:13: retrans:6
[  247.405850] AAAAA-TCP_SEND: name:enp0s3: saddr:100932208: daddr:33561200: srtt_us:29429151: RTT:3678643: ssthresh:16: cwnd:13: delivered:36: lost:13: retrans:6
[  247.405866] AAAAA-TCP_SEND: name:enp0s3: saddr:100932208: daddr:33561200: srtt_us:29429151: RTT:3678643: ssthresh:16: cwnd:13: delivered:36: lost:13: retrans:6
[  247.405920] AAAAA-TCP_SEND: name:enp0s3: saddr:100932208: daddr:33561200: srtt_us:29429151: RTT:3678643: ssthresh:16: cwnd:13: delivered:36: lost:13: retrans:6
[  247.405936] AAAAA-TCP_SEND: name:enp0s3: saddr:100932208: daddr:33561200: srtt_us:29429151: RTT:3678643: ssthresh:16: cwnd:13: delivered:36: lost:13: retrans:6
[  247.405991] AAAAA-TCP_SEND: name:enp0s3: saddr:100932208: daddr:33561200: srtt_us:29429151: RTT:3678643: ssthresh:16: cwnd:13: delivered:36: lost:13: retrans:6
[  247.406007] AAAAA-TCP_SEND: name:enp0s3: saddr:100932208: daddr:33561200: srtt_us:29429151: RTT:3678643: ssthresh:16: cwnd:13: delivered:36: lost:13: retrans:6
[  247.406062] AAAAA-TCP_SEND: name:enp0s3: saddr:100932208: daddr:33561200: srtt_us:29429151: RTT:3678643: ssthresh:16: cwnd:13: delivered:36: lost:13: retrans:6
[  247.406079] AAAAA-TCP_SEND: name:enp0s3: saddr:100932208: daddr:33561200: srtt_us:29429151: RTT:3678643: ssthresh:16: cwnd:13: delivered:36: lost:13: retrans:6
[  249.553008] AAAAA-TCP_RECV: name:enp0s3: saddr:16783984: daddr:100932208: srtt_us:25967805: RTT:3245975: ssthresh:36: cwnd:23: delivered:73: lost:2: retrans:3
[  249.553080] AAAAA-TCP_SEND: name:enp0s3: saddr:100932208: daddr:16783984: srtt_us:24870208: RTT:3108776: ssthresh:36: cwnd:24: delivered:74: lost:2: retrans:3
[  249.553103] AAAAA-TCP_SEND: name:enp0s3: saddr:100932208: daddr:16783984: srtt_us:24870208: RTT:3108776: ssthresh:36: cwnd:24: delivered:74: lost:2: retrans:3
[  254.346401] AAAAA-TCP_RECV: name:enp0s3: saddr:16783984: daddr:100932208: srtt_us:24870208: RTT:3108776: ssthresh:36: cwnd:24: delivered:74: lost:2: retrans:3
[  254.346478] AAAAA-TCP_SEND: name:enp0s3: saddr:100932208: daddr:16783984: srtt_us:28703149: RTT:3587893: ssthresh:36: cwnd:27: delivered:77: lost:2: retrans:3
[  254.346502] AAAAA-TCP_SEND: name:enp0s3: saddr:100932208: daddr:16783984: srtt_us:28703149: RTT:3587893: ssthresh:36: cwnd:27: delivered:77: lost:2: retrans:3
[  254.347892] AAAAA-TCP_SEND: name:enp0s3: saddr:100932208: daddr:16783984: srtt_us:28703149: RTT:3587893: ssthresh:36: cwnd:27: delivered:77: lost:2: retrans:3
[  254.347924] AAAAA-TCP_SEND: name:enp0s3: saddr:100932208: daddr:16783984: srtt_us:28703149: RTT:3587893: ssthresh:36: cwnd:27: delivered:77: lost:2: retrans:3
[  254.348012] AAAAA-TCP_SEND: name:enp0s3: saddr:100932208: daddr:16783984: srtt_us:28703149: RTT:3587893: ssthresh:36: cwnd:27: delivered:77: lost:2: retrans:3
[  254.348029] AAAAA-TCP_SEND: name:enp0s3: saddr:100932208: daddr:16783984: srtt_us:28703149: RTT:3587893: ssthresh:36: cwnd:27: delivered:77: lost:2: retrans:3
[  254.831195] AAAAA-TCP_SEND: name:enp0s3: saddr:100932208: daddr:33561200: srtt_us:29429151: RTT:3678643: ssthresh:16: cwnd:13: delivered:36: lost:13: retrans:7
[  255.357108] AAAAA-TCP_RECV: name:enp0s3: saddr:16783984: daddr:100932208: srtt_us:28703149: RTT:3587893: ssthresh:36: cwnd:27: delivered:77: lost:2: retrans:3
[  255.357170] AAAAA-TCP_SEND: name:enp0s3: saddr:100932208: daddr:16783984: srtt_us:33067509: RTT:4133438: ssthresh:36: cwnd:28: delivered:78: lost:2: retrans:3
[  255.357192] AAAAA-TCP_SEND: name:enp0s3: saddr:100932208: daddr:16783984: srtt_us:33067509: RTT:4133438: ssthresh:36: cwnd:28: delivered:78: lost:2: retrans:3
[  255.373716] AAAAA-TCP_RECV: name:enp0s3: saddr:16783984: daddr:100932208: srtt_us:33067509: RTT:4133438: ssthresh:36: cwnd:28: delivered:78: lost:2: retrans:3
[  255.373740] AAAAA-TCP_SEND: name:enp0s3: saddr:100932208: daddr:16783984: srtt_us:36902897: RTT:4612862: ssthresh:36: cwnd:29: delivered:79: lost:2: retrans:3
[  255.373757] AAAAA-TCP_SEND: name:enp0s3: saddr:100932208: daddr:16783984: srtt_us:36902897: RTT:4612862: ssthresh:36: cwnd:29: delivered:79: lost:2: retrans:3
[  255.813330] AAAAA-TCP_RECV: name:enp0s3: saddr:16783984: daddr:100932208: srtt_us:36902897: RTT:4612862: ssthresh:36: cwnd:29: delivered:79: lost:2: retrans:3
[  255.813398] AAAAA-TCP_SEND: name:enp0s3: saddr:100932208: daddr:16783984: srtt_us:40698442: RTT:5087305: ssthresh:36: cwnd:30: delivered:80: lost:2: retrans:3
[  255.813424] AAAAA-TCP_SEND: name:enp0s3: saddr:100932208: daddr:16783984: srtt_us:40698442: RTT:5087305: ssthresh:36: cwnd:30: delivered:80: lost:2: retrans:3
[  256.765135] AAAAA-TCP_RECV: name:enp0s3: saddr:16783984: daddr:100932208: srtt_us:40698442: RTT:5087305: ssthresh:36: cwnd:30: delivered:80: lost:2: retrans:3
[  256.765207] AAAAA-TCP_SEND: name:enp0s3: saddr:100932208: daddr:16783984: srtt_us:44971329: RTT:5621416: ssthresh:36: cwnd:31: delivered:81: lost:2: retrans:3
[  256.765231] AAAAA-TCP_SEND: name:enp0s3: saddr:100932208: daddr:16783984: srtt_us:44971329: RTT:5621416: ssthresh:36: cwnd:31: delivered:81: lost:2: retrans:3
[  256.905745] AAAAA-TCP_RECV: name:enp0s3: saddr:16783984: daddr:100932208: srtt_us:44971329: RTT:5621416: ssthresh:36: cwnd:31: delivered:81: lost:2: retrans:3
[  256.905785] AAAAA-TCP_SEND: name:enp0s3: saddr:100932208: daddr:16783984: srtt_us:48850655: RTT:6106331: ssthresh:36: cwnd:32: delivered:82: lost:2: retrans:3
[  256.905809] AAAAA-TCP_SEND: name:enp0s3: saddr:100932208: daddr:16783984: srtt_us:48850655: RTT:6106331: ssthresh:36: cwnd:32: delivered:82: lost:2: retrans:3
[  257.036569] AAAAA-TCP_RECV: name:enp0s3: saddr:16783984: daddr:100932208: srtt_us:48850655: RTT:6106331: ssthresh:36: cwnd:32: delivered:82: lost:2: retrans:3
[  257.036591] AAAAA-TCP_SEND: name:enp0s3: saddr:100932208: daddr:16783984: srtt_us:52375858: RTT:6546982: ssthresh:36: cwnd:33: delivered:83: lost:2: retrans:3
[  257.036607] AAAAA-TCP_SEND: name:enp0s3: saddr:100932208: daddr:16783984: srtt_us:52375858: RTT:6546982: ssthresh:36: cwnd:33: delivered:83: lost:2: retrans:3
[  257.734570] AAAAA-TCP_RECV: name:enp0s3: saddr:16783984: daddr:100932208: srtt_us:52375858: RTT:6546982: ssthresh:36: cwnd:33: delivered:83: lost:2: retrans:3
[  257.734665] AAAAA-TCP_SEND: name:enp0s3: saddr:100932208: daddr:16783984: srtt_us:56158356: RTT:7019794: ssthresh:36: cwnd:35: delivered:85: lost:2: retrans:3
[  257.734697] AAAAA-TCP_SEND: name:enp0s3: saddr:100932208: daddr:16783984: srtt_us:56158356: RTT:7019794: ssthresh:36: cwnd:35: delivered:85: lost:2: retrans:3
[  258.599309] AAAAA-TCP_RECV: name:enp0s3: saddr:16783984: daddr:100932208: srtt_us:56158356: RTT:7019794: ssthresh:36: cwnd:35: delivered:85: lost:2: retrans:3
[  258.599365] AAAAA-TCP_SEND: name:enp0s3: saddr:100932208: daddr:16783984: srtt_us:56158356: RTT:7019794: ssthresh:36: cwnd:35: delivered:85: lost:2: retrans:3
[  258.599390] AAAAA-TCP_SEND: name:enp0s3: saddr:100932208: daddr:16783984: srtt_us:56158356: RTT:7019794: ssthresh:36: cwnd:35: delivered:85: lost:2: retrans:3
[  258.600698] AAAAA-TCP_SEND: name:enp0s3: saddr:100932208: daddr:16783984: srtt_us:60332731: RTT:7541591: ssthresh:36: cwnd:36: delivered:88: lost:2: retrans:3
[  258.600719] AAAAA-TCP_SEND: name:enp0s3: saddr:100932208: daddr:16783984: srtt_us:60332731: RTT:7541591: ssthresh:36: cwnd:36: delivered:88: lost:2: retrans:3
[  258.600832] AAAAA-TCP_SEND: name:enp0s3: saddr:100932208: daddr:16783984: srtt_us:60332731: RTT:7541591: ssthresh:36: cwnd:36: delivered:88: lost:2: retrans:3
[  258.600846] AAAAA-TCP_SEND: name:enp0s3: saddr:100932208: daddr:16783984: srtt_us:60332731: RTT:7541591: ssthresh:36: cwnd:36: delivered:88: lost:2: retrans:3
[  259.253359] AAAAA-TCP_RECV: name:enp0s3: saddr:16783984: daddr:100932208: srtt_us:60332731: RTT:7541591: ssthresh:36: cwnd:36: delivered:88: lost:2: retrans:3
[  259.253465] AAAAA-TCP_SEND: name:enp0s3: saddr:100932208: daddr:16783984: srtt_us:64639229: RTT:8079903: ssthresh:36: cwnd:36: delivered:105: lost:2: retrans:3
[  259.253487] AAAAA-TCP_SEND: name:enp0s3: saddr:100932208: daddr:16783984: srtt_us:64639229: RTT:8079903: ssthresh:36: cwnd:36: delivered:105: lost:2: retrans:3
[  259.254456] AAAAA-TCP_SEND: name:enp0s3: saddr:100932208: daddr:16783984: srtt_us:64639229: RTT:8079903: ssthresh:36: cwnd:36: delivered:105: lost:2: retrans:3
[  259.254480] AAAAA-TCP_SEND: name:enp0s3: saddr:100932208: daddr:16783984: srtt_us:64639229: RTT:8079903: ssthresh:36: cwnd:36: delivered:105: lost:2: retrans:3
[  259.254545] AAAAA-TCP_SEND: name:enp0s3: saddr:100932208: daddr:16783984: srtt_us:64639229: RTT:8079903: ssthresh:36: cwnd:36: delivered:105: lost:2: retrans:3
[  259.254558] AAAAA-TCP_SEND: name:enp0s3: saddr:100932208: daddr:16783984: srtt_us:64639229: RTT:8079903: ssthresh:36: cwnd:36: delivered:105: lost:2: retrans:3
[  259.254651] AAAAA-TCP_SEND: name:enp0s3: saddr:100932208: daddr:16783984: srtt_us:64639229: RTT:8079903: ssthresh:36: cwnd:36: delivered:105: lost:2: retrans:3
[  259.254664] AAAAA-TCP_SEND: name:enp0s3: saddr:100932208: daddr:16783984: srtt_us:64639229: RTT:8079903: ssthresh:36: cwnd:36: delivered:105: lost:2: retrans:3
[  259.254743] AAAAA-TCP_SEND: name:enp0s3: saddr:100932208: daddr:16783984: srtt_us:64639229: RTT:8079903: ssthresh:36: cwnd:36: delivered:105: lost:2: retrans:3
[  259.254756] AAAAA-TCP_SEND: name:enp0s3: saddr:100932208: daddr:16783984: srtt_us:64639229: RTT:8079903: ssthresh:36: cwnd:36: delivered:105: lost:2: retrans:3
[  259.254836] AAAAA-TCP_SEND: name:enp0s3: saddr:100932208: daddr:16783984: srtt_us:64639229: RTT:8079903: ssthresh:36: cwnd:36: delivered:105: lost:2: retrans:3
[  259.254850] AAAAA-TCP_SEND: name:enp0s3: saddr:100932208: daddr:16783984: srtt_us:64639229: RTT:8079903: ssthresh:36: cwnd:36: delivered:105: lost:2: retrans:3
[  259.254909] AAAAA-TCP_SEND: name:enp0s3: saddr:100932208: daddr:16783984: srtt_us:64639229: RTT:8079903: ssthresh:36: cwnd:36: delivered:105: lost:2: retrans:3
[  259.254921] AAAAA-TCP_SEND: name:enp0s3: saddr:100932208: daddr:16783984: srtt_us:64639229: RTT:8079903: ssthresh:36: cwnd:36: delivered:105: lost:2: retrans:3
[  259.255001] AAAAA-TCP_SEND: name:enp0s3: saddr:100932208: daddr:16783984: srtt_us:64639229: RTT:8079903: ssthresh:36: cwnd:36: delivered:105: lost:2: retrans:3
[  259.255012] AAAAA-TCP_SEND: name:enp0s3: saddr:100932208: daddr:16783984: srtt_us:64639229: RTT:8079903: ssthresh:36: cwnd:36: delivered:105: lost:2: retrans:3
[  259.255090] AAAAA-TCP_SEND: name:enp0s3: saddr:100932208: daddr:16783984: srtt_us:64639229: RTT:8079903: ssthresh:36: cwnd:36: delivered:105: lost:2: retrans:3
[  259.664845] AAAAA-TCP_RECV: name:enp0s3: saddr:16783984: daddr:100932208: srtt_us:64639229: RTT:8079903: ssthresh:36: cwnd:36: delivered:105: lost:2: retrans:3
[  259.664890] AAAAA-TCP_SEND: name:enp0s3: saddr:100932208: daddr:16783984: srtt_us:59458984: RTT:7432373: ssthresh:18: cwnd:30: delivered:106: lost:8: retrans:4
[  260.191190] AAAAA-TCP_RECV: name:enp0s3: saddr:16783984: daddr:100932208: srtt_us:59458984: RTT:7432373: ssthresh:18: cwnd:30: delivered:106: lost:8: retrans:4
[  260.191221] AAAAA-TCP_SEND: name:enp0s3: saddr:100932208: daddr:16783984: srtt_us:59458984: RTT:7432373: ssthresh:18: cwnd:30: delivered:106: lost:8: retrans:4
[  260.295263] AAAAA-TCP_RECV: name:enp0s3: saddr:16783984: daddr:100932208: srtt_us:59458984: RTT:7432373: ssthresh:18: cwnd:30: delivered:106: lost:8: retrans:4
[  260.352960] AAAAA-TCP_RECV: name:enp0s3: saddr:16783984: daddr:100932208: srtt_us:55416110: RTT:6927013: ssthresh:18: cwnd:29: delivered:107: lost:8: retrans:4
[  260.467457] AAAAA-TCP_RECV: name:enp0s3: saddr:16783984: daddr:100932208: srtt_us:55416110: RTT:6927013: ssthresh:18: cwnd:29: delivered:107: lost:8: retrans:4
[  260.637854] AAAAA-TCP_RECV: name:enp0s3: saddr:16783984: daddr:100932208: srtt_us:55416110: RTT:6927013: ssthresh:18: cwnd:29: delivered:107: lost:8: retrans:4
[  260.637892] AAAAA-TCP_SEND: name:enp0s3: saddr:100932208: daddr:16783984: srtt_us:52221189: RTT:6527648: ssthresh:18: cwnd:29: delivered:108: lost:8: retrans:5
[  261.009655] AAAAA-TCP_RECV: name:enp0s3: saddr:16783984: daddr:100932208: srtt_us:52221189: RTT:6527648: ssthresh:18: cwnd:29: delivered:108: lost:8: retrans:5
[  261.117367] AAAAA-TCP_RECV: name:enp0s3: saddr:16783984: daddr:100932208: srtt_us:49666627: RTT:6208328: ssthresh:18: cwnd:28: delivered:109: lost:8: retrans:5
[  261.117395] AAAAA-TCP_SEND: name:enp0s3: saddr:100932208: daddr:16783984: srtt_us:49666627: RTT:6208328: ssthresh:18: cwnd:28: delivered:109: lost:8: retrans:5
[  261.165658] AAAAA-TCP_RECV: name:enp0s3: saddr:16783984: daddr:100932208: srtt_us:49666627: RTT:6208328: ssthresh:18: cwnd:28: delivered:109: lost:8: retrans:5
[  261.165677] AAAAA-TCP_SEND: name:enp0s3: saddr:100932208: daddr:16783984: srtt_us:47587372: RTT:5948421: ssthresh:18: cwnd:28: delivered:110: lost:8: retrans:6
