[    0.000000] Linux version 5.4.243-mptcp (root@ztg) (gcc version 12.2.0 (Debian 12.2.0-14+deb12u1)) #53 SMP Wed Dec 24 23:28:15 CST 2025
[    0.000000] Command line: BOOT_IMAGE=/boot/vmlinuz-5.4.243-mptcp root=UUID=98415a12-53b7-4144-8265-0f7ece09e445 ro quiet splash
[    0.000000] KERNEL supported cpus:
[    0.000000]   Intel GenuineIntel
[    0.000000]   AMD AuthenticAMD
[    0.000000]   Hygon HygonGenuine
[    0.000000]   Centaur CentaurHauls
[    0.000000]   zhaoxin   Shanghai  
[    0.000000] x86/fpu: Supporting XSAVE feature 0x001: 'x87 floating point registers'
[    0.000000] x86/fpu: Supporting XSAVE feature 0x002: 'SSE registers'
[    0.000000] x86/fpu: Supporting XSAVE feature 0x004: 'AVX registers'
[    0.000000] x86/fpu: xstate_offset[2]:  576, xstate_sizes[2]:  256
[    0.000000] x86/fpu: Enabled xstate features 0x7, context size is 832 bytes, using 'standard' format.
[    0.000000] BIOS-provided physical RAM map:
[    0.000000] BIOS-e820: [mem 0x0000000000000000-0x000000000009fbff] usable
[    0.000000] BIOS-e820: [mem 0x000000000009fc00-0x000000000009ffff] reserved
[    0.000000] BIOS-e820: [mem 0x00000000000f0000-0x00000000000fffff] reserved
[    0.000000] BIOS-e820: [mem 0x0000000000100000-0x000000007ffeffff] usable
[    0.000000] BIOS-e820: [mem 0x000000007fff0000-0x000000007fffffff] ACPI data
[    0.000000] BIOS-e820: [mem 0x00000000fec00000-0x00000000fec00fff] reserved
[    0.000000] BIOS-e820: [mem 0x00000000fee00000-0x00000000fee00fff] reserved
[    0.000000] BIOS-e820: [mem 0x00000000fffc0000-0x00000000ffffffff] reserved
[    0.000000] NX (Execute Disable) protection: active
[    0.000000] SMBIOS 2.5 present.
[    0.000000] DMI: innotek GmbH VirtualBox/VirtualBox, BIOS VirtualBox 12/01/2006
[    0.000000] Hypervisor detected: KVM
[    0.000000] kvm-clock: Using msrs 4b564d01 and 4b564d00
[    0.000000] kvm-clock: cpu 0, msr 72801001, primary cpu clock
[    0.000000] kvm-clock: using sched offset of 4457041341 cycles
[    0.000003] clocksource: kvm-clock: mask: 0xffffffffffffffff max_cycles: 0x1cd42e4dffb, max_idle_ns: 881590591483 ns
[    0.000007] tsc: Detected 2100.000 MHz processor
[    0.001880] e820: update [mem 0x00000000-0x00000fff] usable ==> reserved
[    0.001882] e820: remove [mem 0x000a0000-0x000fffff] usable
[    0.001886] last_pfn = 0x7fff0 max_arch_pfn = 0x400000000
[    0.001955] MTRR default type: uncachable
[    0.001956] MTRR fixed ranges enabled:
[    0.001957]   00000-9FFFF write-back
[    0.001958]   A0000-BFFFF uncachable
[    0.001959]   C0000-FFFFF write-protect
[    0.001959] MTRR variable ranges enabled:
[    0.001961]   0 base 000000000000 mask 3FFF80000000 write-back
[    0.001961]   1 disabled
[    0.001962]   2 disabled
[    0.001962]   3 disabled
[    0.001962]   4 disabled
[    0.001963]   5 disabled
[    0.001963]   6 disabled
[    0.001964]   7 disabled
[    0.001964]   8 disabled
[    0.001964]   9 disabled
[    0.001965]   10 disabled
[    0.001965]   11 disabled
[    0.001966]   12 disabled
[    0.001966]   13 disabled
[    0.001967]   14 disabled
[    0.001967]   15 disabled
[    0.001984] x86/PAT: Configuration [0-7]: WB  WC  UC- UC  WB  WP  UC- WT  
[    0.002118] found SMP MP-table at [mem 0x0009fff0-0x0009ffff]
[    0.092705] check: Scanning 1 areas for low memory corruption
[    0.092922] RAMDISK: [mem 0x32271000-0x3512ffff]
[    0.092931] ACPI: Early table checksum verification disabled
[    0.092936] ACPI: RSDP 0x00000000000E0000 000024 (v02 VBOX  )
[    0.092941] ACPI: XSDT 0x000000007FFF0030 00003C (v01 VBOX   VBOXXSDT 00000001 ASL  00000061)
[    0.092947] ACPI: FACP 0x000000007FFF00F0 0000F4 (v04 VBOX   VBOXFACP 00000001 ASL  00000061)
[    0.092954] ACPI: DSDT 0x000000007FFF02E0 002353 (v02 VBOX   VBOXBIOS 00000002 VBOX 00029BF3)
[    0.092958] ACPI: FACS 0x000000007FFF0200 000040
[    0.092961] ACPI: FACS 0x000000007FFF0200 000040
[    0.092965] ACPI: APIC 0x000000007FFF0240 000054 (v02 VBOX   VBOXAPIC 00000001 ASL  00000061)
[    0.092968] ACPI: SSDT 0x000000007FFF02A0 000038 (v01 VBOX   VBOXCPUT 00000002 VBOX 00029BF3)
[    0.092972] ACPI: Reserving FACP table memory at [mem 0x7fff00f0-0x7fff01e3]
[    0.092973] ACPI: Reserving DSDT table memory at [mem 0x7fff02e0-0x7fff2632]
[    0.092973] ACPI: Reserving FACS table memory at [mem 0x7fff0200-0x7fff023f]
[    0.092974] ACPI: Reserving FACS table memory at [mem 0x7fff0200-0x7fff023f]
[    0.092975] ACPI: Reserving APIC table memory at [mem 0x7fff0240-0x7fff0293]
[    0.092975] ACPI: Reserving SSDT table memory at [mem 0x7fff02a0-0x7fff02d7]
[    0.092989] ACPI: Local APIC address 0xfee00000
[    0.093179] No NUMA configuration found
[    0.093180] Faking a node at [mem 0x0000000000000000-0x000000007ffeffff]
[    0.093191] NODE_DATA(0) allocated [mem 0x7ffc5000-0x7ffeffff]
[    0.093472] Zone ranges:
[    0.093474]   DMA      [mem 0x0000000000001000-0x0000000000ffffff]
[    0.093475]   DMA32    [mem 0x0000000001000000-0x000000007ffeffff]
[    0.093476]   Normal   empty
[    0.093476]   Device   empty
[    0.093477] Movable zone start for each node
[    0.093479] Early memory node ranges
[    0.093480]   node   0: [mem 0x0000000000001000-0x000000000009efff]
[    0.093481]   node   0: [mem 0x0000000000100000-0x000000007ffeffff]
[    0.093484] Zeroed struct page in unavailable ranges: 114 pages
[    0.093485] Initmem setup node 0 [mem 0x0000000000001000-0x000000007ffeffff]
[    0.093486] On node 0 totalpages: 524174
[    0.093487]   DMA zone: 64 pages used for memmap
[    0.093488]   DMA zone: 21 pages reserved
[    0.093488]   DMA zone: 3998 pages, LIFO batch:0
[    0.093558]   DMA32 zone: 8128 pages used for memmap
[    0.093559]   DMA32 zone: 520176 pages, LIFO batch:63
[    0.102521] ACPI: PM-Timer IO Port: 0x4008
[    0.102525] ACPI: Local APIC address 0xfee00000
[    0.102600] IOAPIC[0]: apic_id 1, version 32, address 0xfec00000, GSI 0-23
[    0.102603] ACPI: INT_SRC_OVR (bus 0 bus_irq 0 global_irq 2 dfl dfl)
[    0.102605] ACPI: INT_SRC_OVR (bus 0 bus_irq 9 global_irq 9 low level)
[    0.102607] ACPI: IRQ0 used by override.
[    0.102608] ACPI: IRQ9 used by override.
[    0.102610] Using ACPI (MADT) for SMP configuration information
[    0.102618] smpboot: Allowing 1 CPUs, 0 hotplug CPUs
[    0.102642] PM: Registered nosave memory: [mem 0x00000000-0x00000fff]
[    0.102644] PM: Registered nosave memory: [mem 0x0009f000-0x0009ffff]
[    0.102644] PM: Registered nosave memory: [mem 0x000a0000-0x000effff]
[    0.102645] PM: Registered nosave memory: [mem 0x000f0000-0x000fffff]
[    0.102647] [mem 0x80000000-0xfebfffff] available for PCI devices
[    0.102648] Booting paravirtualized kernel on KVM
[    0.102651] clocksource: refined-jiffies: mask: 0xffffffff max_cycles: 0xffffffff, max_idle_ns: 7645519600211568 ns
[    0.102657] setup_percpu: NR_CPUS:8192 nr_cpumask_bits:1 nr_cpu_ids:1 nr_node_ids:1
[    0.103657] percpu: Embedded 60 pages/cpu s208896 r8192 d28672 u2097152
[    0.103662] pcpu-alloc: s208896 r8192 d28672 u2097152 alloc=1*2097152
[    0.103663] pcpu-alloc: [0] 0 
[    0.103691] Built 1 zonelists, mobility grouping on.  Total pages: 515961
[    0.103692] Policy zone: DMA32
[    0.103693] Kernel command line: BOOT_IMAGE=/boot/vmlinuz-5.4.243-mptcp root=UUID=98415a12-53b7-4144-8265-0f7ece09e445 ro quiet splash
[    0.104544] Dentry cache hash table entries: 262144 (order: 9, 2097152 bytes, linear)
[    0.104809] Inode-cache hash table entries: 131072 (order: 8, 1048576 bytes, linear)
[    0.104861] mem auto-init: stack:off, heap alloc:on, heap free:off
[    0.104864] Calgary: detecting Calgary via BIOS EBDA area
[    0.104865] Calgary: Unable to locate Rio Grande table in EBDA - bailing!
[    0.108920] Memory: 1967332K/2096696K available (14339K kernel code, 2398K rwdata, 4712K rodata, 2728K init, 17260K bss, 129364K reserved, 0K cma-reserved)
[    0.109832] SLUB: HWalign=64, Order=0-3, MinObjects=0, CPUs=1, Nodes=1
[    0.109849] ftrace: allocating 43186 entries in 169 pages
[    0.127880] rcu: Hierarchical RCU implementation.
[    0.127882] rcu: 	RCU restricting CPUs from NR_CPUS=8192 to nr_cpu_ids=1.
[    0.127883] 	Tasks RCU enabled.
[    0.127884] rcu: RCU calculated value of scheduler-enlistment delay is 25 jiffies.
[    0.127885] rcu: Adjusting geometry for rcu_fanout_leaf=16, nr_cpu_ids=1
[    0.130846] NR_IRQS: 524544, nr_irqs: 256, preallocated irqs: 16
[    0.131067] random: crng init done
[    0.140347] Console: colour VGA+ 80x25
[    0.140352] printk: console [tty0] enabled
[    0.140373] ACPI: Core revision 20190816
[    0.140479] APIC: Switch to symmetric I/O mode setup
[    0.140733] x2apic enabled
[    0.140973] Switched APIC routing to physical x2apic.
[    0.142113] ..TIMER: vector=0x30 apic1=0 pin1=2 apic2=-1 pin2=-1
[    0.142138] clocksource: tsc-early: mask: 0xffffffffffffffff max_cycles: 0x1e4530a99b6, max_idle_ns: 440795257976 ns
[    0.142144] Calibrating delay loop (skipped) preset value.. 4200.00 BogoMIPS (lpj=8400000)
[    0.142146] pid_max: default: 32768 minimum: 301
[    0.142174] LSM: Security Framework initializing
[    0.142184] Yama: becoming mindful.
[    0.142211] AppArmor: AppArmor initialized
[    0.142244] Mount-cache hash table entries: 4096 (order: 3, 32768 bytes, linear)
[    0.142248] Mountpoint-cache hash table entries: 4096 (order: 3, 32768 bytes, linear)
[    0.142259] *** VALIDATE tmpfs ***
[    0.142400] *** VALIDATE proc ***
[    0.142442] *** VALIDATE cgroup1 ***
[    0.142443] *** VALIDATE cgroup2 ***
[    0.142585] process: using mwait in idle threads
[    0.142590] Last level iTLB entries: 4KB 64, 2MB 8, 4MB 8
[    0.142590] Last level dTLB entries: 4KB 64, 2MB 0, 4MB 0, 1GB 4
[    0.142611] Spectre V1 : Mitigation: usercopy/swapgs barriers and __user pointer sanitization
[    0.142616] Spectre V2 : Mitigation: Retpolines
[    0.142617] Spectre V2 : Spectre v2 / SpectreRSB mitigation: Filling RSB on context switch
[    0.142617] Spectre V2 : Spectre v2 / SpectreRSB : Filling RSB on VMEXIT
[    0.142618] RETBleed: WARNING: Spectre v2 mitigation leaves CPU vulnerable to RETBleed attacks, data leaks possible!
[    0.142979] RETBleed: Vulnerable
[    0.142979] Speculative Store Bypass: Vulnerable
[    0.142984] TAA: Mitigation: TSX disabled
[    0.142984] MMIO Stale Data: Mitigation: Clear CPU buffers
[    0.147194] Freeing SMP alternatives memory: 40K
[    0.259549] smpboot: CPU0: Intel(R) Xeon(R) Silver 4216 CPU @ 2.10GHz (family: 0x6, model: 0x55, stepping: 0x7)
[    0.259677] Performance Events: unsupported p6 CPU model 85 no PMU driver, software events only.
[    0.259716] rcu: Hierarchical SRCU implementation.
[    0.260206] NMI watchdog: Perf NMI watchdog permanently disabled
[    0.260245] smp: Bringing up secondary CPUs ...
[    0.260246] smp: Brought up 1 node, 1 CPU
[    0.260247] smpboot: Max logical packages: 1
[    0.260249] smpboot: Total of 1 processors activated (4200.00 BogoMIPS)
[    0.261208] devtmpfs: initialized
[    0.261255] x86/mm: Memory block size: 128MB
[    0.261605] clocksource: jiffies: mask: 0xffffffff max_cycles: 0xffffffff, max_idle_ns: 7645041785100000 ns
[    0.261611] futex hash table entries: 256 (order: 2, 16384 bytes, linear)
[    0.261654] pinctrl core: initialized pinctrl subsystem
[    0.261755] PM: RTC time: 08:22:17, date: 2026-01-13
[    0.261861] NET: Registered protocol family 16
[    0.261935] audit: initializing netlink subsys (disabled)
[    0.262062] EISA bus registered
[    0.262063] cpuidle: using governor ladder
[    0.262063] cpuidle: using governor menu
[    0.262100] ACPI: bus type PCI registered
[    0.262101] acpiphp: ACPI Hot Plug PCI Controller Driver version: 0.5
[    0.262140] PCI: Using configuration type 1 for base access
[    0.262430] audit: type=2000 audit(1768263743.579:1): state=initialized audit_enabled=0 res=1
[    0.262511] HugeTLB registered 2.00 MiB page size, pre-allocated 0 pages
[    0.263328] ACPI: Added _OSI(Module Device)
[    0.263329] ACPI: Added _OSI(Processor Device)
[    0.263330] ACPI: Added _OSI(3.0 _SCP Extensions)
[    0.263330] ACPI: Added _OSI(Processor Aggregator Device)
[    0.263331] ACPI: Added _OSI(Linux-Dell-Video)
[    0.263332] ACPI: Added _OSI(Linux-Lenovo-NV-HDMI-Audio)
[    0.263333] ACPI: Added _OSI(Linux-HPI-Hybrid-Graphics)
[    0.265278] ACPI: 2 ACPI AML tables successfully acquired and loaded
[    0.266938] ACPI: Interpreter enabled
[    0.266947] ACPI: (supports S0 S5)
[    0.266948] ACPI: Using IOAPIC for interrupt routing
[    0.267154] PCI: Using host bridge windows from ACPI; if necessary, use "pci=nocrs" and report a bug
[    0.267259] ACPI: Enabled 2 GPEs in block 00 to 07
[    0.272271] ACPI: PCI Root Bridge [PCI0] (domain 0000 [bus 00-ff])
[    0.272276] acpi PNP0A03:00: _OSC: OS supports [ASPM ClockPM Segments MSI HPX-Type3]
[    0.272720] acpi PNP0A03:00: _OSC: not requesting OS control; OS requires [ExtendedConfig ASPM ClockPM MSI]
[    0.272729] acpi PNP0A03:00: fail to add MMCONFIG information, can't access extended PCI configuration space under this bridge.
[    0.273101] PCI host bridge to bus 0000:00
[    0.273103] pci_bus 0000:00: root bus resource [io  0x0000-0x0cf7 window]
[    0.273104] pci_bus 0000:00: root bus resource [io  0x0d00-0xffff window]
[    0.273106] pci_bus 0000:00: root bus resource [mem 0x000a0000-0x000bffff window]
[    0.273107] pci_bus 0000:00: root bus resource [mem 0x80000000-0xfdffffff window]
[    0.273108] pci_bus 0000:00: root bus resource [bus 00-ff]
[    0.273147] pci 0000:00:00.0: [8086:1237] type 00 class 0x060000
[    0.274076] pci 0000:00:01.0: [8086:7000] type 00 class 0x060100
[    0.274897] pci 0000:00:01.1: [8086:7111] type 00 class 0x01018a
[    0.275296] pci 0000:00:01.1: reg 0x20: [io  0xd000-0xd00f]
[    0.275464] pci 0000:00:01.1: legacy IDE quirk: reg 0x10: [io  0x01f0-0x01f7]
[    0.275465] pci 0000:00:01.1: legacy IDE quirk: reg 0x14: [io  0x03f6]
[    0.275466] pci 0000:00:01.1: legacy IDE quirk: reg 0x18: [io  0x0170-0x0177]
[    0.275467] pci 0000:00:01.1: legacy IDE quirk: reg 0x1c: [io  0x0376]
[    0.276051] pci 0000:00:02.0: [15ad:0405] type 00 class 0x030000
[    0.278228] pci 0000:00:02.0: reg 0x10: [io  0xd010-0xd01f]
[    0.282188] pci 0000:00:02.0: reg 0x14: [mem 0xe0000000-0xe7ffffff pref]
[    0.285286] pci 0000:00:02.0: reg 0x18: [mem 0xf0000000-0xf01fffff]
[    0.298208] pci 0000:00:03.0: [1022:2000] type 00 class 0x020000
[    0.298980] pci 0000:00:03.0: reg 0x10: [io  0xd020-0xd03f]
[    0.299609] pci 0000:00:03.0: reg 0x14: [mem 0xf0200000-0xf0200fff]
[    0.302933] pci 0000:00:04.0: [80ee:cafe] type 00 class 0x088000
[    0.303601] pci 0000:00:04.0: reg 0x10: [io  0xd040-0xd05f]
[    0.304209] pci 0000:00:04.0: reg 0x14: [mem 0xf0400000-0xf07fffff]
[    0.304813] pci 0000:00:04.0: reg 0x18: [mem 0xf0800000-0xf0803fff pref]
[    0.308086] pci 0000:00:07.0: [8086:7113] type 00 class 0x068000
[    0.308635] pci 0000:00:07.0: quirk: [io  0x4000-0x403f] claimed by PIIX4 ACPI
[    0.308645] pci 0000:00:07.0: quirk: [io  0x4100-0x410f] claimed by PIIX4 SMB
[    0.310148] pci 0000:00:08.0: [8086:100e] type 00 class 0x020000
[    0.310869] pci 0000:00:08.0: reg 0x10: [mem 0xf0820000-0xf083ffff]
[    0.312020] pci 0000:00:08.0: reg 0x18: [io  0xd060-0xd067]
[    0.315206] pci 0000:00:09.0: [8086:100e] type 00 class 0x020000
[    0.315954] pci 0000:00:09.0: reg 0x10: [mem 0xf0840000-0xf085ffff]
[    0.317138] pci 0000:00:09.0: reg 0x18: [io  0xd068-0xd06f]
[    0.327135] ACPI: PCI Interrupt Link [LNKA] (IRQs 5 9 10 *11)
[    0.327416] ACPI: PCI Interrupt Link [LNKB] (IRQs 5 9 *10 11)
[    0.327520] ACPI: PCI Interrupt Link [LNKC] (IRQs 5 *9 10 11)
[    0.327618] ACPI: PCI Interrupt Link [LNKD] (IRQs 5 9 10 *11)
[    0.327886] iommu: Default domain type: Translated 
[    0.327946] pci 0000:00:02.0: vgaarb: setting as boot VGA device
[    0.327948] pci 0000:00:02.0: vgaarb: VGA device added: decodes=io+mem,owns=io+mem,locks=none
[    0.327950] pci 0000:00:02.0: vgaarb: bridge control possible
[    0.327951] vgaarb: loaded
[    0.328164] SCSI subsystem initialized
[    0.328194] libata version 3.00 loaded.
[    0.328219] ACPI: bus type USB registered
[    0.328235] usbcore: registered new interface driver usbfs
[    0.328241] usbcore: registered new interface driver hub
[    0.328246] usbcore: registered new device driver usb
[    0.328272] pps_core: LinuxPPS API ver. 1 registered
[    0.328273] pps_core: Software ver. 5.3.6 - Copyright 2005-2007 Rodolfo Giometti <giometti@linux.it>
[    0.328275] PTP clock support registered
[    0.328310] EDAC MC: Ver: 3.0.0
[    0.328597] PCI: Using ACPI for IRQ routing
[    0.328598] PCI: pci_cache_line_size set to 64 bytes
[    0.328766] e820: reserve RAM buffer [mem 0x0009fc00-0x0009ffff]
[    0.328770] e820: reserve RAM buffer [mem 0x7fff0000-0x7fffffff]
[    0.330157] NetLabel: Initializing
[    0.330157] NetLabel:  domain hash size = 128
[    0.330158] NetLabel:  protocols = UNLABELED CIPSOv4 CALIPSO
[    0.330177] NetLabel:  unlabeled traffic allowed by default
[    0.331094] clocksource: Switched to clocksource kvm-clock
[    0.344626] *** VALIDATE bpf ***
[    0.344692] VFS: Disk quotas dquot_6.6.0
[    0.344704] VFS: Dquot-cache hash table entries: 512 (order 0, 4096 bytes)
[    0.344727] *** VALIDATE ramfs ***
[    0.344730] *** VALIDATE hugetlbfs ***
[    0.344814] AppArmor: AppArmor Filesystem Enabled
[    0.344842] pnp: PnP ACPI init
[    0.344916] pnp 00:00: Plug and Play ACPI device, IDs PNP0303 (active)
[    0.345005] pnp 00:01: Plug and Play ACPI device, IDs PNP0f03 (active)
[    0.345773] pnp: PnP ACPI: found 2 devices
[    0.346762] thermal_sys: Registered thermal governor 'fair_share'
[    0.346762] thermal_sys: Registered thermal governor 'bang_bang'
[    0.346763] thermal_sys: Registered thermal governor 'step_wise'
[    0.346764] thermal_sys: Registered thermal governor 'user_space'
[    0.346764] thermal_sys: Registered thermal governor 'power_allocator'
[    0.351310] clocksource: acpi_pm: mask: 0xffffff max_cycles: 0xffffff, max_idle_ns: 2085701024 ns
[    0.351350] pci_bus 0000:00: resource 4 [io  0x0000-0x0cf7 window]
[    0.351352] pci_bus 0000:00: resource 5 [io  0x0d00-0xffff window]
[    0.351353] pci_bus 0000:00: resource 6 [mem 0x000a0000-0x000bffff window]
[    0.351354] pci_bus 0000:00: resource 7 [mem 0x80000000-0xfdffffff window]
[    0.351412] NET: Registered protocol family 2
[    0.351485] IP idents hash table entries: 32768 (order: 6, 262144 bytes, linear)
[    0.351894] MPTCP tokens hash table entries: 8192 (order: 4, 65536 bytes, linear)
[    0.351914] MPTCP request tokens hash table entries: 8192 (order: 4, 65536 bytes, linear)
[    0.351939] default registered
[    0.351939] default registered
[    0.351940] MPTCP: Stable release v0.96
[    0.351945] tcp_listen_portaddr_hash hash table entries: 1024 (order: 2, 16384 bytes, linear)
[    0.352024] TCP established hash table entries: 16384 (order: 5, 131072 bytes, linear)
[    0.352091] TCP bind hash table entries: 16384 (order: 6, 262144 bytes, linear)
[    0.352117] TCP: Hash tables configured (established 16384 bind 16384)
[    0.352823] UDP hash table entries: 1024 (order: 3, 32768 bytes, linear)
[    0.352834] UDP-Lite hash table entries: 1024 (order: 3, 32768 bytes, linear)
[    0.352866] NET: Registered protocol family 1
[    0.352875] NET: Registered protocol family 44
[    0.352897] pci 0000:00:00.0: Limiting direct PCI/PCI transfers
[    0.352909] pci 0000:00:01.0: Activating ISA DMA hang workarounds
[    0.352966] pci 0000:00:02.0: Video device with shadowed ROM at [mem 0x000c0000-0x000dffff]
[    0.353030] PCI: CLS 0 bytes, default 64
[    0.353078] Trying to unpack rootfs image as initramfs...
[    0.525400] Freeing initrd memory: 47868K
[    0.525400] clocksource: tsc: mask: 0xffffffffffffffff max_cycles: 0x1e4530a99b6, max_idle_ns: 440795257976 ns
[    0.525400] clocksource: Switched to clocksource tsc
[    0.525400] platform rtc_cmos: registered platform RTC device (no PNP device found)
[    0.525400] check: Scanning for low memory corruption every 60 seconds
[    0.525400] Initialise system trusted keyrings
[    0.525400] Key type blacklist registered
[    0.525400] workingset: timestamp_bits=36 max_order=19 bucket_order=0
[    0.536172] zbud: loaded
[    0.536539] squashfs: version 4.0 (2009/01/31) Phillip Lougher
[    0.536667] fuse: init (API version 7.31)
[    0.536684] *** VALIDATE fuse ***
[    0.536685] *** VALIDATE fuse ***
[    0.536785] Platform Keyring initialized
[    0.539761] Key type asymmetric registered
[    0.539762] Asymmetric key parser 'x509' registered
[    0.539769] Block layer SCSI generic (bsg) driver version 0.4 loaded (major 244)
[    0.539796] io scheduler mq-deadline registered
[    0.539913] shpchp: Standard Hot Plug PCI Controller Driver version: 0.4
[    0.540168] ACPI: AC Adapter [AC] (on-line)
[    0.540214] input: Power Button as /devices/LNXSYSTM:00/LNXPWRBN:00/input/input0
[    0.540244] ACPI: Power Button [PWRF]
[    0.540327] input: Sleep Button as /devices/LNXSYSTM:00/LNXSLPBN:00/input/input1
[    0.540343] ACPI: Sleep Button [SLPF]
[    0.540572] Serial: 8250/16550 driver, 32 ports, IRQ sharing enabled
[    0.541775] Linux agpgart interface v0.103
[    0.635116] loop: module loaded
[    0.635266] ata_piix 0000:00:01.1: version 2.13
[    0.635681] scsi host0: ata_piix
[    0.635771] scsi host1: ata_piix
[    0.635798] ata1: PATA max UDMA/33 cmd 0x1f0 ctl 0x3f6 bmdma 0xd000 irq 14
[    0.635798] ata2: PATA max UDMA/33 cmd 0x170 ctl 0x376 bmdma 0xd008 irq 15
[    0.635878] tun: Universal TUN/TAP device driver, 1.6
[    0.636187] PPP generic driver version 2.4.2
[    0.636230] VFIO - User Level meta-driver version: 0.3
[    0.636466] ehci_hcd: USB 2.0 'Enhanced' Host Controller (EHCI) Driver
[    0.636471] ehci-pci: EHCI PCI platform driver
[    0.636486] ehci-platform: EHCI generic platform driver
[    0.636492] ohci_hcd: USB 1.1 'Open' Host Controller (OHCI) Driver
[    0.636494] ohci-pci: OHCI PCI platform driver
[    0.636500] ohci-platform: OHCI generic platform driver
[    0.636505] uhci_hcd: USB Universal Host Controller Interface driver
[    0.636570] i8042: PNP: PS/2 Controller [PNP0303:PS2K,PNP0f03:PS2M] at 0x60,0x64 irq 1,12
[    0.637011] serio: i8042 KBD port at 0x60,0x64 irq 1
[    0.637015] serio: i8042 AUX port at 0x60,0x64 irq 12
[    0.637102] mousedev: PS/2 mouse device common for all mice
[    0.637365] input: AT Translated Set 2 keyboard as /devices/platform/i8042/serio0/input/input2
[    0.637770] rtc_cmos rtc_cmos: registered as rtc0
[    0.637784] rtc_cmos rtc_cmos: alarms up to one day, 114 bytes nvram
[    0.637789] i2c /dev entries driver
[    0.637836] device-mapper: uevent: version 1.0.3
[    0.637878] device-mapper: ioctl: 4.41.0-ioctl (2019-09-16) initialised: dm-devel@redhat.com
[    0.637894] platform eisa.0: Probing EISA bus 0
[    0.637896] platform eisa.0: EISA: Cannot allocate resource for mainboard
[    0.637897] platform eisa.0: Cannot allocate resource for EISA slot 1
[    0.637898] platform eisa.0: Cannot allocate resource for EISA slot 2
[    0.637899] platform eisa.0: Cannot allocate resource for EISA slot 3
[    0.637900] platform eisa.0: Cannot allocate resource for EISA slot 4
[    0.637901] platform eisa.0: Cannot allocate resource for EISA slot 5
[    0.637902] platform eisa.0: Cannot allocate resource for EISA slot 6
[    0.637903] platform eisa.0: Cannot allocate resource for EISA slot 7
[    0.637904] platform eisa.0: Cannot allocate resource for EISA slot 8
[    0.637905] platform eisa.0: EISA: Detected 0 cards
[    0.637907] intel_pstate: CPU model not supported
[    0.637916] ledtrig-cpu: registered to indicate activity on CPUs
[    0.637973] drop_monitor: Initializing network drop monitor service
[    0.638132] NET: Registered protocol family 10
[    0.643264] Segment Routing with IPv6
[    0.643282] fullmesh registered
[    0.643282] ndiffports registered
[    0.643282] binder registered
[    0.643282] roundrobin registered
[    0.643282] redundant registered
[    0.643282] blest registered
[    0.643282] ecf registered
[    0.643282] NET: Registered protocol family 17
[    0.643282] Key type dns_resolver registered
[    0.643282] RAS: Correctable Errors collector initialized.
[    0.643282] IPI shorthand broadcast: enabled
[    0.643282] sched_clock: Marking stable (628198028, 11084160)->(640026184, -743996)
[    0.643512] registered taskstats version 1
[    0.643520] Loading compiled-in X.509 certificates
[    0.644107] Loaded X.509 cert 'Build time autogenerated kernel key: 6909f3744cebb3d0de528d5887b96a727de79b1e'
[    0.644125] zswap: loaded using pool lzo/zbud
[    0.644184] Key type ._fscrypt registered
[    0.644185] Key type .fscrypt registered
[    0.648595] Key type big_key registered
[    0.650800] Key type encrypted registered
[    0.650803] AppArmor: AppArmor sha1 policy hashing enabled
[    0.650810] ima: No TPM chip found, activating TPM-bypass!
[    0.650814] ima: Allocated hash algorithm: sha1
[    0.650819] ima: No architecture policies found
[    0.650829] evm: Initialising EVM extended attributes:
[    0.650829] evm: security.selinux
[    0.650830] evm: security.SMACK64
[    0.650830] evm: security.SMACK64EXEC
[    0.650831] evm: security.SMACK64TRANSMUTE
[    0.650831] evm: security.SMACK64MMAP
[    0.650831] evm: security.apparmor
[    0.650832] evm: security.ima
[    0.650832] evm: security.capability
[    0.650833] evm: HMAC attrs: 0x1
[    0.651125] PM:   Magic number: 10:614:371
[    0.651236] rtc_cmos rtc_cmos: setting system clock to 2026-01-13T08:22:18 UTC (1768292538)
[    0.806833] ata1.00: ATA-6: VBOX HARDDISK, 1.0, max UDMA/133
[    0.806835] ata1.00: 209715200 sectors, multi 128: LBA 
[    0.807294] scsi 0:0:0:0: Direct-Access     ATA      VBOX HARDDISK    1.0  PQ: 0 ANSI: 5
[    0.807486] sd 0:0:0:0: [sda] 209715200 512-byte logical blocks: (107 GB/100 GiB)
[    0.807494] sd 0:0:0:0: [sda] Write Protect is off
[    0.807496] sd 0:0:0:0: [sda] Mode Sense: 00 3a 00 00
[    0.807507] sd 0:0:0:0: [sda] Write cache: enabled, read cache: enabled, doesn't support DPO or FUA
[    0.807716] sd 0:0:0:0: Attached scsi generic sg0 type 0
[    0.808491]  sda: sda1 sda2
[    0.819249] sd 0:0:0:0: [sda] Attached SCSI disk
[    0.821222] Freeing unused decrypted memory: 2040K
[    0.821950] Freeing unused kernel image memory: 2728K
[    0.821953] Write protecting the kernel read-only data: 22528k
[    0.822652] Freeing unused kernel image memory: 2036K
[    0.823053] Freeing unused kernel image memory: 1432K
[    0.837703] x86/mm: Checked W+X mappings: passed, no W+X pages found.
[    0.837707] Run /init as init process
[    0.933490] ACPI: Video Device [GFX0] (multi-head: yes  rom: no  post: no)
[    0.933563] input: Video Bus as /devices/LNXSYSTM:00/LNXSYBUS:00/PNP0A03:00/LNXVIDEO:00/input/input4
[    0.945349] pcnet32: pcnet32.c:v1.35 21.Apr.2008 tsbogend@alpha.franken.de
[    0.947195] piix4_smbus 0000:00:07.0: SMBus Host Controller at 0x4100, revision 0
[    0.954231] pcnet32: PCnet/FAST III 79C973 at 0xd020, 08:00:27:da:20:37 assigned IRQ 19
[    0.954274] pcnet32: Found PHY 0022:561b at address 0
[    0.954571] pcnet32: eth0: registered as PCnet/FAST III 79C973
[    0.955430] e1000: Intel(R) PRO/1000 Network Driver - version 7.3.21-k8-NAPI
[    0.955430] e1000: Copyright (c) 1999-2006 Intel Corporation.
[    0.965152] pcnet32: 1 cards_found
[    1.023654] pcnet32 0000:00:03.0 enp0s3: renamed from eth0
[    1.171872] input: ImExPS/2 Generic Explorer Mouse as /devices/platform/i8042/serio1/input/input5
[    1.359402] e1000 0000:00:08.0 eth0: (PCI:33MHz:32-bit) 08:00:27:90:c0:73
[    1.359406] e1000 0000:00:08.0 eth0: Intel(R) PRO/1000 Network Connection
[    1.731402] e1000 0000:00:09.0 eth1: (PCI:33MHz:32-bit) 08:00:27:ab:ac:05
[    1.731404] e1000 0000:00:09.0 eth1: Intel(R) PRO/1000 Network Connection
[    1.732598] e1000 0000:00:09.0 enp0s9: renamed from eth1
[    1.734384] e1000 0000:00:08.0 enp0s8: renamed from eth0
[    1.888924] EXT4-fs (sda2): mounted filesystem with ordered data mode. Opts: (null)
[    1.971245] systemd[1]: Inserted module 'autofs4'
[    1.981708] systemd[1]: systemd 245.4-4ubuntu3 running in system mode. (+PAM +AUDIT +SELINUX +IMA +APPARMOR +SMACK +SYSVINIT +UTMP +LIBCRYPTSETUP +GCRYPT +GNUTLS +ACL +XZ +LZ4 +SECCOMP +BLKID +ELFUTILS +KMOD +IDN2 -IDN +PCRE2 default-hierarchy=hybrid)
[    1.981741] systemd[1]: Detected virtualization oracle.
[    1.981745] systemd[1]: Detected architecture x86-64.
[    1.983023] systemd[1]: Set hostname to <ztg>.
[    2.105753] systemd[1]: /lib/systemd/system/dbus.socket:5: ListenStream= references a path below legacy directory /var/run/, updating /var/run/dbus/system_bus_socket â†’ /run/dbus/system_bus_socket; please update the unit file accordingly.
[    2.156998] systemd[1]: Created slice system-modprobe.slice.
[    2.157215] systemd[1]: Created slice User and Session Slice.
[    2.157263] systemd[1]: Started Forward Password Requests to Wall Directory Watch.
[    2.157429] systemd[1]: Set up automount Arbitrary Executable File Formats File System Automount Point.
[    2.157465] systemd[1]: Reached target User and Group Name Lookups.
[    2.157473] systemd[1]: Reached target Remote File Systems.
[    2.157481] systemd[1]: Reached target Slices.
[    2.157970] systemd[1]: Listening on Syslog Socket.
[    2.158037] systemd[1]: Listening on fsck to fsckd communication Socket.
[    2.158077] systemd[1]: Listening on initctl Compatibility Named Pipe.
[    2.158216] systemd[1]: Listening on Journal Audit Socket.
[    2.158265] systemd[1]: Listening on Journal Socket (/dev/log).
[    2.158332] systemd[1]: Listening on Journal Socket.
[    2.158395] systemd[1]: Listening on udev Control Socket.
[    2.158436] systemd[1]: Listening on udev Kernel Socket.
[    2.159254] systemd[1]: Mounting Huge Pages File System...
[    2.160172] systemd[1]: Mounting POSIX Message Queue File System...
[    2.161066] systemd[1]: Mounting Kernel Debug File System...
[    2.161939] systemd[1]: Mounting Kernel Trace File System...
[    2.163864] systemd[1]: Starting Journal Service...
[    2.186283] systemd[1]: Starting Set the console keyboard layout...
[    2.194350] systemd[1]: Starting Create list of static device nodes for the current kernel...
[    2.196425] systemd[1]: Starting Load Kernel Module drm...
[    2.197414] systemd[1]: Condition check resulted in Set Up Additional Binary Formats being skipped.
[    2.197489] systemd[1]: Condition check resulted in File System Check on Root Device being skipped.
[    2.211364] systemd[1]: Starting Load Kernel Modules...
[    2.216223] systemd[1]: Starting Remount Root and Kernel File Systems...
[    2.226698] systemd[1]: Starting udev Coldplug all Devices...
[    2.254518] systemd[1]: Starting Uncomplicated firewall...
[    2.255461] EXT4-fs (sda2): re-mounted. Opts: errors=remount-ro
[    2.260936] systemd[1]: Mounted Huge Pages File System.
[    2.261028] systemd[1]: Mounted POSIX Message Queue File System.
[    2.261133] systemd[1]: Mounted Kernel Debug File System.
[    2.261206] systemd[1]: Mounted Kernel Trace File System.
[    2.267054] systemd[1]: Finished Create list of static device nodes for the current kernel.
[    2.267545] systemd[1]: modprobe@drm.service: Succeeded.
[    2.268725] systemd[1]: Finished Load Kernel Module drm.
[    2.275538] systemd[1]: Finished Remount Root and Kernel File Systems.
[    2.293420] systemd[1]: Finished Uncomplicated firewall.
[    2.310548] lp: driver loaded but no devices found
[    2.311852] systemd[1]: Condition check resulted in Rebuild Hardware Database being skipped.
[    2.311907] systemd[1]: Condition check resulted in Platform Persistent Storage Archival being skipped.
[    2.312677] systemd[1]: Starting Load/Save Random Seed...
[    2.319607] systemd[1]: Starting Create System Users...
[    2.325299] ppdev: user-space parallel port driver
[    2.335270] systemd[1]: Finished Load/Save Random Seed.
[    2.343014] systemd[1]: Finished Create System Users.
[    2.343846] systemd[1]: Starting Create Static Device Nodes in /dev...
[    2.370158] systemd[1]: Finished udev Coldplug all Devices.
[    2.385223] systemd[1]: Finished Create Static Device Nodes in /dev.
[    2.386134] systemd[1]: Starting udev Kernel Device Manager...
[    2.409401] [drm] DMA map mode: Caching DMA mappings.
[    2.409465] [drm] Capabilities:
[    2.409465] [drm]   Rect copy.
[    2.409465] [drm]   Cursor.
[    2.409466] [drm]   Cursor bypass.
[    2.409466] [drm]   Cursor bypass 2.
[    2.409467] [drm]   Alpha cursor.
[    2.409467] [drm]   Extended Fifo.
[    2.409467] [drm]   Pitchlock.
[    2.409468] [drm]   Irq mask.
[    2.409468] [drm]   GMR.
[    2.409468] [drm]   Traces.
[    2.409469] [drm]   GMR2.
[    2.409469] [drm]   Screen Object 2.
[    2.409469] [drm]   Command Buffers.
[    2.409470] [drm]   Command Buffers 2.
[    2.409470] [drm]   Guest Backed Resources.
[    2.409471] [drm] Max GMR ids is 8192
[    2.409472] [drm] Max number of GMR pages is 1048576
[    2.409472] [drm] Max dedicated hypervisor surface memory is 393216 kiB
[    2.409473] [drm] Maximum display memory size is 131072 kiB
[    2.409474] [drm] VRAM at 0xe0000000 size is 131072 kiB
[    2.409474] [drm] MMIO at 0xf0000000 size is 2048 kiB
[    2.411553] [TTM] Zone  kernel: Available graphics memory: 1011738 KiB
[    2.411554] [TTM] Initializing pool allocator
[    2.411557] [TTM] Initializing DMA pool allocator
[    2.411614] [drm] Supports vblank timestamp caching Rev 2 (21.10.2013).
[    2.411614] [drm] No driver support for vblank timestamp query.
[    2.411845] [drm] Screen Target Display device initialized
[    2.412071] [drm] width 720
[    2.412080] [drm] height 400
[    2.412084] [drm] bpp 32
[    2.412635] [drm] Fifo max 0x00200000 min 0x00001000 cap 0x00000355
[    2.413723] [drm] Using command buffers with DMA pool.
[    2.413727] [drm] DX: no.
[    2.413728] [drm] Atomic: yes.
[    2.413728] [drm] SM4_1: no.
[    2.413748] [drm:vmw_host_log [vmwgfx]] *ERROR* Failed to send host log message.
[    2.414646] [drm:vmw_host_log [vmwgfx]] *ERROR* Failed to send host log message.
[    2.445538] fbcon: svgadrmfb (fb0) is primary device
[    2.447698] Console: switching to colour frame buffer device 100x37
[    2.453720] [drm] Initialized vmwgfx 2.15.0 20180704 for 0000:00:02.0 on minor 0
[    2.455520] systemd[1]: Finished Load Kernel Modules.
[    2.456431] systemd[1]: Mounting FUSE Control File System...
[    2.457328] systemd[1]: Mounting Kernel Configuration File System...
[    2.458135] systemd[1]: Starting Apply Kernel Variables...
[    2.478510] systemd[1]: Mounted FUSE Control File System.
[    2.478584] systemd[1]: Condition check resulted in VMware vmblock fuse mount being skipped.
[    2.483046] systemd[1]: Mounted Kernel Configuration File System.
[    2.490791] systemd[1]: Finished Set the console keyboard layout.
[    2.490894] systemd[1]: Reached target Local File Systems (Pre).
[    2.493587] systemd[1]: Mounting Mount unit for bare, revision 5...
[    2.497278] systemd[1]: Mounting Mount unit for core18, revision 1705...
[    2.530068] systemd[1]: Mounting Mount unit for gnome-3-34-1804, revision 24...
[    2.535726] systemd[1]: Mounting Mount unit for gtk-common-themes, revision 1506...
[    2.537588] systemd[1]: Mounting Mount unit for gtk-common-themes, revision 1535...
[    2.546704] systemd[1]: Mounting Mount unit for snap-store, revision 433...
[    2.553142] systemd[1]: Mounting Mount unit for snapd, revision 25935...
[    2.562028] systemd[1]: Finished Apply Kernel Variables.
[    2.564889] systemd[1]: Mounted Mount unit for bare, revision 5.
[    2.579791] systemd[1]: Mounted Mount unit for core18, revision 1705.
[    2.579891] systemd[1]: Mounted Mount unit for gnome-3-34-1804, revision 24.
[    2.589427] systemd[1]: Mounted Mount unit for gtk-common-themes, revision 1506.
[    2.592702] systemd[1]: Started udev Kernel Device Manager.
[    2.593491] systemd[1]: Starting Show Plymouth Boot Screen...
[    2.598215] systemd[1]: Received SIGRTMIN+20 from PID 270 (plymouthd).
[    2.629133] systemd[1]: Started Show Plymouth Boot Screen.
[    2.629422] systemd[1]: Condition check resulted in Dispatch Password Requests to Console Directory Watch being skipped.
[    2.629522] systemd[1]: Started Forward Password Requests to Plymouth Directory Watch.
[    2.629589] systemd[1]: Reached target Local Encrypted Volumes.
[    2.649639] systemd[1]: Mounted Mount unit for gtk-common-themes, revision 1535.
[    2.649882] systemd[1]: Mounted Mount unit for snap-store, revision 433.
[    2.650060] systemd[1]: Mounted Mount unit for snapd, revision 25935.
[    2.650206] systemd[1]: Reached target Local File Systems.
[    2.664958] systemd[1]: Starting Load AppArmor profiles...
[    2.670365] systemd[1]: Starting Set console font and keymap...
[    2.677658] systemd[1]: Starting Tell Plymouth To Write Out Runtime Data...
[    2.680811] systemd[1]: Condition check resulted in Store a System Token in an EFI Variable being skipped.
[    2.680845] systemd[1]: Condition check resulted in Commit a transient machine-id on disk being skipped.
[    2.681729] systemd[1]: Finished Set console font and keymap.
[    2.691112] systemd[1]: Received SIGRTMIN+20 from PID 270 (plymouthd).
[    2.692273] systemd[1]: plymouth-read-write.service: Succeeded.
[    2.692511] systemd[1]: Finished Tell Plymouth To Write Out Runtime Data.
[    2.710999] audit: type=1400 audit(1768292540.552:2): apparmor="STATUS" operation="profile_load" profile="unconfined" name="nvidia_modprobe" pid=299 comm="apparmor_parser"
[    2.711002] audit: type=1400 audit(1768292540.552:3): apparmor="STATUS" operation="profile_load" profile="unconfined" name="nvidia_modprobe//kmod" pid=299 comm="apparmor_parser"
[    2.718909] audit: type=1400 audit(1768292540.560:4): apparmor="STATUS" operation="profile_load" profile="unconfined" name="/usr/sbin/tcpdump" pid=300 comm="apparmor_parser"
[    2.774018] audit: type=1400 audit(1768292540.612:5): apparmor="STATUS" operation="profile_load" profile="unconfined" name="/usr/bin/evince" pid=302 comm="apparmor_parser"
[    2.774020] audit: type=1400 audit(1768292540.612:6): apparmor="STATUS" operation="profile_load" profile="unconfined" name="/usr/bin/evince//sanitized_helper" pid=302 comm="apparmor_parser"
[    2.774022] audit: type=1400 audit(1768292540.612:7): apparmor="STATUS" operation="profile_load" profile="unconfined" name="/usr/bin/evince-previewer" pid=302 comm="apparmor_parser"
[    2.774023] audit: type=1400 audit(1768292540.612:8): apparmor="STATUS" operation="profile_load" profile="unconfined" name="/usr/bin/evince-previewer//sanitized_helper" pid=302 comm="apparmor_parser"
[    2.774025] audit: type=1400 audit(1768292540.612:9): apparmor="STATUS" operation="profile_load" profile="unconfined" name="/usr/bin/evince-thumbnailer" pid=302 comm="apparmor_parser"
[    2.786179] audit: type=1400 audit(1768292540.632:10): apparmor="STATUS" operation="profile_load" profile="unconfined" name="/usr/lib/cups/backend/cups-pdf" pid=303 comm="apparmor_parser"
[    2.867936] systemd[1]: Finished Load AppArmor profiles.
[    2.868883] systemd[1]: Starting Load AppArmor profiles managed internally by snapd...
[    2.979119] systemd[1]: Finished Load AppArmor profiles managed internally by snapd.
[    3.160076] systemd[1]: Started Journal Service.
[    3.167224] systemd-journald[229]: Received client request to flush runtime journal.
[    3.170776] systemd-journald[229]: File /var/log/journal/c455b248004a419c87ce85eea238d727/system.journal corrupted or uncleanly shut down, renaming and replacing.
[    4.395203] RAPL PMU: API unit is 2^-32 Joules, 0 fixed counters, 10737418240 ms ovfl timer
[    4.443665] cryptd: max_cpu_qlen set to 1000
[    4.535619] AVX2 version of gcm_enc/dec engaged.
[    4.535620] AES CTR mode by8 optimization enabled
[    6.420371] Adding 1998844k swap on /dev/sda1.  Priority:-2 extents:1 across:1998844k FS
[    7.267076] kauditd_printk_skb: 30 callbacks suppressed
[    7.267078] audit: type=1400 audit(1768292545.112:41): apparmor="DENIED" operation="capable" profile="/usr/sbin/cups-browsed" pid=507 comm="cups-browsed" capability=23  capname="sys_nice"
[    8.889409] pcnet32 0000:00:03.0 enp0s3: link up, 100Mbps, full-duplex
[    8.920729] e1000: enp0s8 NIC Link is Up 1000 Mbps Full Duplex, Flow Control: RX
[    8.921684] IPv6: ADDRCONF(NETDEV_CHANGE): enp0s8: link becomes ready
[    8.957813] e1000: enp0s9 NIC Link is Up 1000 Mbps Full Duplex, Flow Control: RX
[    8.958254] IPv6: ADDRCONF(NETDEV_CHANGE): enp0s9: link becomes ready
[    9.657533] device enp0s3 entered promiscuous mode
[    9.695001] audit: type=1400 audit(1768292547.528:42): apparmor="DENIED" operation="open" profile="/usr/sbin/tcpdump" name="/proc/sys/kernel/random/boot_id" pid=624 comm="tcpdump" requested_mask="r" denied_mask="r" fsuid=0 ouid=0
[    9.695593] audit: type=1400 audit(1768292547.540:43): apparmor="DENIED" operation="open" profile="/usr/sbin/tcpdump" name="/proc/sys/kernel/random/boot_id" pid=624 comm="tcpdump" requested_mask="r" denied_mask="r" fsuid=0 ouid=0
[    9.695710] audit: type=1400 audit(1768292547.540:44): apparmor="DENIED" operation="open" profile="/usr/sbin/tcpdump" name="/proc/sys/kernel/random/boot_id" pid=624 comm="tcpdump" requested_mask="r" denied_mask="r" fsuid=0 ouid=0
[    9.695764] audit: type=1400 audit(1768292547.540:45): apparmor="DENIED" operation="open" profile="/usr/sbin/tcpdump" name="/proc/sys/kernel/random/boot_id" pid=624 comm="tcpdump" requested_mask="r" denied_mask="r" fsuid=0 ouid=0
[    9.697764] audit: type=1400 audit(1768292547.540:46): apparmor="DENIED" operation="open" profile="/usr/sbin/tcpdump" name="/proc/sys/kernel/random/boot_id" pid=625 comm="tcpdump" requested_mask="r" denied_mask="r" fsuid=0 ouid=0
[    9.697971] audit: type=1400 audit(1768292547.540:47): apparmor="DENIED" operation="open" profile="/usr/sbin/tcpdump" name="/proc/sys/kernel/random/boot_id" pid=625 comm="tcpdump" requested_mask="r" denied_mask="r" fsuid=0 ouid=0
[    9.698011] audit: type=1400 audit(1768292547.540:48): apparmor="DENIED" operation="open" profile="/usr/sbin/tcpdump" name="/proc/sys/kernel/random/boot_id" pid=625 comm="tcpdump" requested_mask="r" denied_mask="r" fsuid=0 ouid=0
[    9.701010] audit: type=1400 audit(1768292547.540:49): apparmor="DENIED" operation="open" profile="/usr/sbin/tcpdump" name="/proc/sys/kernel/random/boot_id" pid=625 comm="tcpdump" requested_mask="r" denied_mask="r" fsuid=0 ouid=0
[   15.836554] rfkill: input handler disabled
[   94.470366] rfkill: input handler enabled
[  102.664345] rfkill: input handler disabled
[  209.840138] AAAAA-TCP_SEND: name:enp0s3: saddr:100932208: daddr:16783984: srtt_us:0: RTT:0: ssthresh:2147483647: cwnd:10: delivered:0: lost:0: retrans:0
[  210.319392] AAAAA-TCP_RECV: name:enp0s3: saddr:16783984: daddr:100932208: srtt_us:0: RTT:0: ssthresh:2147483647: cwnd:10: delivered:0: lost:0: retrans:0
[  210.319474] AAAAA-TCP_SEND: name:enp0s3: saddr:100932208: daddr:16783984: srtt_us:4201880: RTT:525235: ssthresh:2147483647: cwnd:10: delivered:1: lost:0: retrans:0
[  210.320323] AAAAA-TCP_SEND: name:enp0s3: saddr:100932208: daddr:16783984: srtt_us:4201880: RTT:525235: ssthresh:2147483647: cwnd:10: delivered:1: lost:0: retrans:0
[  211.599131] AAAAA-TCP_SEND: name:enp0s3: saddr:100932208: daddr:16783984: srtt_us:4201880: RTT:525235: ssthresh:2147483647: cwnd:10: delivered:1: lost:0: retrans:1
[  211.890935] AAAAA-TCP_RECV: name:enp0s3: saddr:16783984: daddr:100932208: srtt_us:4201880: RTT:525235: ssthresh:2147483647: cwnd:10: delivered:1: lost:0: retrans:1
[  212.293457] AAAAA-TCP_RECV: name:enp0s3: saddr:16783984: daddr:100932208: srtt_us:3967645: RTT:495955: ssthresh:2147483647: cwnd:10: delivered:3: lost:0: retrans:1
[  212.293507] AAAAA-TCP_SEND: name:enp0s3: saddr:100932208: daddr:16783984: srtt_us:3967645: RTT:495955: ssthresh:2147483647: cwnd:10: delivered:3: lost:0: retrans:1
[  212.294378] AAAAA-TCP_SEND: name:enp0s3: saddr:100932208: daddr:16783984: srtt_us:3967645: RTT:495955: ssthresh:2147483647: cwnd:10: delivered:3: lost:0: retrans:1
[  212.689825] AAAAA-TCP_RECV: name:enp0s3: saddr:16783984: daddr:100932208: srtt_us:3967645: RTT:495955: ssthresh:2147483647: cwnd:10: delivered:3: lost:0: retrans:1
[  212.689875] AAAAA-TCP_SEND: name:enp0s3: saddr:100932208: daddr:16783984: srtt_us:3967645: RTT:495955: ssthresh:2147483647: cwnd:10: delivered:3: lost:0: retrans:1
[  212.870688] AAAAA-TCP_RECV: name:enp0s3: saddr:16783984: daddr:100932208: srtt_us:3867182: RTT:483397: ssthresh:2147483647: cwnd:10: delivered:4: lost:0: retrans:1
[  212.870719] AAAAA-TCP_SEND: name:enp0s3: saddr:100932208: daddr:16783984: srtt_us:3867182: RTT:483397: ssthresh:2147483647: cwnd:10: delivered:4: lost:0: retrans:1
[  212.983018] AAAAA-TCP_RECV: name:enp0s3: saddr:16783984: daddr:100932208: srtt_us:3867182: RTT:483397: ssthresh:2147483647: cwnd:10: delivered:4: lost:0: retrans:1
[  213.009351] AAAAA-TCP_RECV: name:enp0s3: saddr:16783984: daddr:100932208: srtt_us:3867182: RTT:483397: ssthresh:2147483647: cwnd:10: delivered:4: lost:0: retrans:1
[  213.009375] AAAAA-TCP_SEND: name:enp0s3: saddr:100932208: daddr:16783984: srtt_us:3867182: RTT:483397: ssthresh:2147483647: cwnd:10: delivered:4: lost:0: retrans:1
[  213.125537] AAAAA-TCP_RECV: name:enp0s3: saddr:16783984: daddr:100932208: srtt_us:3867182: RTT:483397: ssthresh:2147483647: cwnd:10: delivered:4: lost:0: retrans:1
[  213.141272] AAAAA-TCP_RECV: name:enp0s3: saddr:16783984: daddr:100932208: srtt_us:3819478: RTT:477434: ssthresh:2147483647: cwnd:10: delivered:5: lost:0: retrans:1
[  213.141308] AAAAA-TCP_SEND: name:enp0s3: saddr:100932208: daddr:16783984: srtt_us:3819478: RTT:477434: ssthresh:2147483647: cwnd:10: delivered:5: lost:0: retrans:1
[  213.141487] AAAAA-TCP_SEND: name:enp0s3: saddr:100932208: daddr:16783984: srtt_us:0: RTT:0: ssthresh:2147483647: cwnd:10: delivered:0: lost:0: retrans:0
[  213.595586] AAAAA-TCP_RECV: name:enp0s3: saddr:16783984: daddr:100932208: srtt_us:0: RTT:0: ssthresh:2147483647: cwnd:10: delivered:0: lost:0: retrans:0
[  213.595710] AAAAA-TCP_SEND: name:enp0s3: saddr:100932208: daddr:16783984: srtt_us:3633208: RTT:454151: ssthresh:2147483647: cwnd:10: delivered:1: lost:0: retrans:0
[  213.595989] AAAAA-TCP_SEND: name:enp0s3: saddr:100932208: daddr:16783984: srtt_us:3633208: RTT:454151: ssthresh:2147483647: cwnd:10: delivered:1: lost:0: retrans:0
[  214.047057] AAAAA-TCP_RECV: name:enp0s3: saddr:16783984: daddr:100932208: srtt_us:3633208: RTT:454151: ssthresh:2147483647: cwnd:10: delivered:1: lost:0: retrans:0
[  214.079385] AAAAA-TCP_RECV: name:enp0s3: saddr:16783984: daddr:100932208: srtt_us:3633208: RTT:454151: ssthresh:2147483647: cwnd:10: delivered:1: lost:0: retrans:0
[  214.079439] AAAAA-TCP_SEND: name:enp0s3: saddr:100932208: daddr:33561200: srtt_us:0: RTT:0: ssthresh:2147483647: cwnd:10: delivered:0: lost:0: retrans:0
[  214.183567] AAAAA-TCP_RECV: name:enp0s3: saddr:16783984: daddr:100932208: srtt_us:3819478: RTT:477434: ssthresh:2147483647: cwnd:10: delivered:5: lost:0: retrans:1
[  214.183582] AAAAA-TCP_SEND: name:enp0s3: saddr:100932208: daddr:16783984: srtt_us:3819478: RTT:477434: ssthresh:2147483647: cwnd:10: delivered:5: lost:0: retrans:1
[  214.345262] AAAAA-TCP_RECV: name:enp0s3: saddr:33561200: daddr:100932208: srtt_us:0: RTT:0: ssthresh:2147483647: cwnd:10: delivered:0: lost:0: retrans:0
[  214.345290] AAAAA-TCP_SEND: name:enp0s3: saddr:100932208: daddr:33561200: srtt_us:2126656: RTT:265832: ssthresh:2147483647: cwnd:10: delivered:1: lost:0: retrans:0
[  214.439238] AAAAA-TCP_RECV: name:enp0s3: saddr:16783984: daddr:100932208: srtt_us:3819478: RTT:477434: ssthresh:2147483647: cwnd:10: delivered:5: lost:0: retrans:1
[  214.439251] AAAAA-TCP_SEND: name:enp0s3: saddr:100932208: daddr:16783984: srtt_us:3819478: RTT:477434: ssthresh:2147483647: cwnd:10: delivered:5: lost:0: retrans:1
[  214.439494] AAAAA-TCP_SEND: name:enp0s3: saddr:100932208: daddr:16783984: srtt_us:3662464: RTT:457808: ssthresh:2147483647: cwnd:10: delivered:2: lost:0: retrans:0
[  214.439527] AAAAA-TCP_SEND: name:enp0s3: saddr:100932208: daddr:16783984: srtt_us:3662464: RTT:457808: ssthresh:2147483647: cwnd:10: delivered:2: lost:0: retrans:0
[  214.439809] AAAAA-TCP_SEND: name:enp0s3: saddr:100932208: daddr:16783984: srtt_us:3662464: RTT:457808: ssthresh:2147483647: cwnd:10: delivered:2: lost:0: retrans:0
[  214.439847] AAAAA-TCP_SEND: name:enp0s3: saddr:100932208: daddr:16783984: srtt_us:3662464: RTT:457808: ssthresh:2147483647: cwnd:10: delivered:2: lost:0: retrans:0
[  214.440113] AAAAA-TCP_SEND: name:enp0s3: saddr:100932208: daddr:16783984: srtt_us:3662464: RTT:457808: ssthresh:2147483647: cwnd:10: delivered:2: lost:0: retrans:0
[  214.440141] AAAAA-TCP_SEND: name:enp0s3: saddr:100932208: daddr:16783984: srtt_us:3662464: RTT:457808: ssthresh:2147483647: cwnd:10: delivered:2: lost:0: retrans:0
[  214.440305] AAAAA-TCP_SEND: name:enp0s3: saddr:100932208: daddr:16783984: srtt_us:3662464: RTT:457808: ssthresh:2147483647: cwnd:10: delivered:2: lost:0: retrans:0
[  214.440462] AAAAA-TCP_SEND: name:enp0s3: saddr:100932208: daddr:16783984: srtt_us:3662464: RTT:457808: ssthresh:2147483647: cwnd:10: delivered:2: lost:0: retrans:0
[  214.440491] AAAAA-TCP_SEND: name:enp0s3: saddr:100932208: daddr:16783984: srtt_us:3662464: RTT:457808: ssthresh:2147483647: cwnd:10: delivered:2: lost:0: retrans:0
[  214.440762] AAAAA-TCP_SEND: name:enp0s3: saddr:100932208: daddr:16783984: srtt_us:3662464: RTT:457808: ssthresh:2147483647: cwnd:10: delivered:2: lost:0: retrans:0
[  214.892832] AAAAA-TCP_RECV: name:enp0s3: saddr:33561200: daddr:100932208: srtt_us:2126656: RTT:265832: ssthresh:2147483647: cwnd:10: delivered:1: lost:0: retrans:0
[  214.892899] AAAAA-TCP_SEND: name:enp0s3: saddr:100932208: daddr:33561200: srtt_us:2126656: RTT:265832: ssthresh:2147483647: cwnd:10: delivered:1: lost:0: retrans:0
[  214.892928] AAAAA-TCP_SEND: name:enp0s3: saddr:100932208: daddr:33561200: srtt_us:2126656: RTT:265832: ssthresh:2147483647: cwnd:10: delivered:1: lost:0: retrans:0
[  214.893095] AAAAA-TCP_SEND: name:enp0s3: saddr:100932208: daddr:33561200: srtt_us:2126656: RTT:265832: ssthresh:2147483647: cwnd:10: delivered:1: lost:0: retrans:0
[  214.893118] AAAAA-TCP_SEND: name:enp0s3: saddr:100932208: daddr:33561200: srtt_us:2126656: RTT:265832: ssthresh:2147483647: cwnd:10: delivered:1: lost:0: retrans:0
[  214.893228] AAAAA-TCP_SEND: name:enp0s3: saddr:100932208: daddr:33561200: srtt_us:2126656: RTT:265832: ssthresh:2147483647: cwnd:10: delivered:1: lost:0: retrans:0
[  214.893243] AAAAA-TCP_SEND: name:enp0s3: saddr:100932208: daddr:33561200: srtt_us:2126656: RTT:265832: ssthresh:2147483647: cwnd:10: delivered:1: lost:0: retrans:0
[  214.893335] AAAAA-TCP_SEND: name:enp0s3: saddr:100932208: daddr:33561200: srtt_us:2126656: RTT:265832: ssthresh:2147483647: cwnd:10: delivered:1: lost:0: retrans:0
[  214.893350] AAAAA-TCP_SEND: name:enp0s3: saddr:100932208: daddr:33561200: srtt_us:2126656: RTT:265832: ssthresh:2147483647: cwnd:10: delivered:1: lost:0: retrans:0
[  214.893446] AAAAA-TCP_SEND: name:enp0s3: saddr:100932208: daddr:33561200: srtt_us:2126656: RTT:265832: ssthresh:2147483647: cwnd:10: delivered:1: lost:0: retrans:0
[  214.893462] AAAAA-TCP_SEND: name:enp0s3: saddr:100932208: daddr:33561200: srtt_us:2126656: RTT:265832: ssthresh:2147483647: cwnd:10: delivered:1: lost:0: retrans:0
[  215.375139] AAAAA-TCP_SEND: name:enp0s3: saddr:100932208: daddr:16783984: srtt_us:3662464: RTT:457808: ssthresh:2147483647: cwnd:10: delivered:2: lost:0: retrans:1
[  215.439124] AAAAA-TCP_SEND: name:enp0s3: saddr:100932208: daddr:33561200: srtt_us:2126656: RTT:265832: ssthresh:2147483647: cwnd:10: delivered:1: lost:0: retrans:0
[  215.535203] AAAAA-TCP_RECV: name:enp0s3: saddr:16783984: daddr:100932208: srtt_us:3662464: RTT:457808: ssthresh:2147483647: cwnd:10: delivered:2: lost:0: retrans:1
[  215.535269] AAAAA-TCP_SEND: name:enp0s3: saddr:100932208: daddr:16783984: srtt_us:4300394: RTT:537549: ssthresh:2147483647: cwnd:11: delivered:3: lost:0: retrans:1
[  215.535297] AAAAA-TCP_SEND: name:enp0s3: saddr:100932208: daddr:16783984: srtt_us:4300394: RTT:537549: ssthresh:2147483647: cwnd:11: delivered:3: lost:0: retrans:1
[  215.739331] AAAAA-TCP_RECV: name:enp0s3: saddr:16783984: daddr:100932208: srtt_us:4300394: RTT:537549: ssthresh:2147483647: cwnd:11: delivered:3: lost:0: retrans:1
[  215.739378] AAAAA-TCP_SEND: name:enp0s3: saddr:100932208: daddr:16783984: srtt_us:5062671: RTT:632833: ssthresh:2147483647: cwnd:12: delivered:4: lost:0: retrans:1
[  215.739417] AAAAA-TCP_SEND: name:enp0s3: saddr:100932208: daddr:16783984: srtt_us:5062671: RTT:632833: ssthresh:2147483647: cwnd:12: delivered:4: lost:0: retrans:1
[  216.203514] AAAAA-TCP_RECV: name:enp0s3: saddr:16783984: daddr:100932208: srtt_us:5062671: RTT:632833: ssthresh:2147483647: cwnd:12: delivered:4: lost:0: retrans:1
[  216.203548] AAAAA-TCP_SEND: name:enp0s3: saddr:100932208: daddr:16783984: srtt_us:6193548: RTT:774193: ssthresh:2147483647: cwnd:13: delivered:5: lost:0: retrans:1
[  216.203585] AAAAA-TCP_SEND: name:enp0s3: saddr:100932208: daddr:16783984: srtt_us:6193548: RTT:774193: ssthresh:2147483647: cwnd:13: delivered:5: lost:0: retrans:1
[  216.271132] AAAAA-TCP_SEND: name:enp0s3: saddr:100932208: daddr:33561200: srtt_us:2126656: RTT:265832: ssthresh:7: cwnd:1: delivered:1: lost:11: retrans:1
[  216.385176] AAAAA-TCP_RECV: name:enp0s3: saddr:16783984: daddr:100932208: srtt_us:6193548: RTT:774193: ssthresh:2147483647: cwnd:13: delivered:5: lost:0: retrans:1
[  216.385228] AAAAA-TCP_SEND: name:enp0s3: saddr:100932208: daddr:16783984: srtt_us:7364715: RTT:920589: ssthresh:2147483647: cwnd:14: delivered:6: lost:0: retrans:1
[  216.385264] AAAAA-TCP_SEND: name:enp0s3: saddr:100932208: daddr:16783984: srtt_us:7364715: RTT:920589: ssthresh:2147483647: cwnd:14: delivered:6: lost:0: retrans:1
[  216.993538] AAAAA-TCP_RECV: name:enp0s3: saddr:16783984: daddr:100932208: srtt_us:7364715: RTT:920589: ssthresh:2147483647: cwnd:14: delivered:6: lost:0: retrans:1
[  216.993591] AAAAA-TCP_SEND: name:enp0s3: saddr:100932208: daddr:16783984: srtt_us:8997574: RTT:1124696: ssthresh:2147483647: cwnd:15: delivered:7: lost:0: retrans:1
[  216.993620] AAAAA-TCP_SEND: name:enp0s3: saddr:100932208: daddr:16783984: srtt_us:8997574: RTT:1124696: ssthresh:2147483647: cwnd:15: delivered:7: lost:0: retrans:1
[  217.351020] AAAAA-TCP_RECV: name:enp0s3: saddr:16783984: daddr:100932208: srtt_us:8997574: RTT:1124696: ssthresh:2147483647: cwnd:15: delivered:7: lost:0: retrans:1
[  217.351073] AAAAA-TCP_SEND: name:enp0s3: saddr:100932208: daddr:16783984: srtt_us:10783780: RTT:1347972: ssthresh:2147483647: cwnd:16: delivered:8: lost:0: retrans:1
[  217.351111] AAAAA-TCP_SEND: name:enp0s3: saddr:100932208: daddr:16783984: srtt_us:10783780: RTT:1347972: ssthresh:2147483647: cwnd:16: delivered:8: lost:0: retrans:1
[  217.458958] AAAAA-TCP_RECV: name:enp0s3: saddr:16783984: daddr:100932208: srtt_us:10783780: RTT:1347972: ssthresh:2147483647: cwnd:16: delivered:8: lost:0: retrans:1
[  217.459017] AAAAA-TCP_SEND: name:enp0s3: saddr:100932208: daddr:16783984: srtt_us:12454489: RTT:1556811: ssthresh:2147483647: cwnd:17: delivered:9: lost:0: retrans:1
[  217.459070] AAAAA-TCP_SEND: name:enp0s3: saddr:100932208: daddr:16783984: srtt_us:12454489: RTT:1556811: ssthresh:2147483647: cwnd:17: delivered:9: lost:0: retrans:1
[  217.581960] AAAAA-TCP_RECV: name:enp0s3: saddr:16783984: daddr:100932208: srtt_us:12454489: RTT:1556811: ssthresh:2147483647: cwnd:17: delivered:9: lost:0: retrans:1
[  217.582006] AAAAA-TCP_SEND: name:enp0s3: saddr:100932208: daddr:16783984: srtt_us:14039196: RTT:1754899: ssthresh:2147483647: cwnd:18: delivered:10: lost:0: retrans:1
[  217.582038] AAAAA-TCP_SEND: name:enp0s3: saddr:100932208: daddr:16783984: srtt_us:14039196: RTT:1754899: ssthresh:2147483647: cwnd:18: delivered:10: lost:0: retrans:1
[  217.883417] AAAAA-TCP_RECV: name:enp0s3: saddr:16783984: daddr:100932208: srtt_us:14039196: RTT:1754899: ssthresh:2147483647: cwnd:18: delivered:10: lost:0: retrans:1
[  217.883469] AAAAA-TCP_SEND: name:enp0s3: saddr:100932208: daddr:16783984: srtt_us:15727247: RTT:1965905: ssthresh:2147483647: cwnd:19: delivered:11: lost:0: retrans:1
[  217.883505] AAAAA-TCP_SEND: name:enp0s3: saddr:100932208: daddr:16783984: srtt_us:15727247: RTT:1965905: ssthresh:2147483647: cwnd:19: delivered:11: lost:0: retrans:1
[  217.903133] AAAAA-TCP_SEND: name:enp0s3: saddr:100932208: daddr:33561200: srtt_us:2126656: RTT:265832: ssthresh:7: cwnd:1: delivered:1: lost:12: retrans:2
[  217.958046] AAAAA-TCP_RECV: name:enp0s3: saddr:16783984: daddr:100932208: srtt_us:15727247: RTT:1965905: ssthresh:2147483647: cwnd:19: delivered:11: lost:0: retrans:1
[  217.958088] AAAAA-TCP_SEND: name:enp0s3: saddr:100932208: daddr:16783984: srtt_us:17278342: RTT:2159792: ssthresh:2147483647: cwnd:20: delivered:12: lost:0: retrans:1
[  217.958122] AAAAA-TCP_SEND: name:enp0s3: saddr:100932208: daddr:16783984: srtt_us:17278342: RTT:2159792: ssthresh:2147483647: cwnd:20: delivered:12: lost:0: retrans:1
[  218.384676] AAAAA-TCP_RECV: name:enp0s3: saddr:33561200: daddr:100932208: srtt_us:2126656: RTT:265832: ssthresh:7: cwnd:1: delivered:1: lost:12: retrans:2
[  218.384737] AAAAA-TCP_SEND: name:enp0s3: saddr:100932208: daddr:33561200: srtt_us:5352824: RTT:669103: ssthresh:2147483647: cwnd:11: delivered:2: lost:12: retrans:2
[  218.458958] AAAAA-TCP_RECV: name:enp0s3: saddr:33561200: daddr:100932208: srtt_us:5352824: RTT:669103: ssthresh:2147483647: cwnd:11: delivered:2: lost:12: retrans:2
[  218.458998] AAAAA-TCP_SEND: name:enp0s3: saddr:100932208: daddr:33561200: srtt_us:8249812: RTT:1031226: ssthresh:2147483647: cwnd:12: delivered:3: lost:12: retrans:2
[  218.459031] AAAAA-TCP_SEND: name:enp0s3: saddr:100932208: daddr:33561200: srtt_us:8249812: RTT:1031226: ssthresh:2147483647: cwnd:12: delivered:3: lost:12: retrans:2
[  218.669489] AAAAA-TCP_RECV: name:enp0s3: saddr:33561200: daddr:100932208: srtt_us:8249812: RTT:1031226: ssthresh:2147483647: cwnd:12: delivered:3: lost:12: retrans:2
[  218.669518] AAAAA-TCP_SEND: name:enp0s3: saddr:100932208: daddr:33561200: srtt_us:10994991: RTT:1374373: ssthresh:2147483647: cwnd:13: delivered:4: lost:12: retrans:2
[  218.669546] AAAAA-TCP_SEND: name:enp0s3: saddr:100932208: daddr:33561200: srtt_us:10994991: RTT:1374373: ssthresh:2147483647: cwnd:13: delivered:4: lost:12: retrans:2
[  218.766641] AAAAA-TCP_RECV: name:enp0s3: saddr:33561200: daddr:100932208: srtt_us:10994991: RTT:1374373: ssthresh:2147483647: cwnd:13: delivered:4: lost:12: retrans:2
[  218.766681] AAAAA-TCP_SEND: name:enp0s3: saddr:100932208: daddr:33561200: srtt_us:13494190: RTT:1686773: ssthresh:2147483647: cwnd:14: delivered:5: lost:12: retrans:2
[  218.766714] AAAAA-TCP_SEND: name:enp0s3: saddr:100932208: daddr:33561200: srtt_us:13494190: RTT:1686773: ssthresh:2147483647: cwnd:14: delivered:5: lost:12: retrans:2
[  218.849977] AAAAA-TCP_RECV: name:enp0s3: saddr:33561200: daddr:100932208: srtt_us:13494190: RTT:1686773: ssthresh:2147483647: cwnd:14: delivered:5: lost:12: retrans:2
[  218.850016] AAAAA-TCP_SEND: name:enp0s3: saddr:100932208: daddr:33561200: srtt_us:15764185: RTT:1970523: ssthresh:2147483647: cwnd:15: delivered:6: lost:12: retrans:2
[  218.850048] AAAAA-TCP_SEND: name:enp0s3: saddr:100932208: daddr:33561200: srtt_us:15764185: RTT:1970523: ssthresh:2147483647: cwnd:15: delivered:6: lost:12: retrans:2
[  219.037058] AAAAA-TCP_RECV: name:enp0s3: saddr:33561200: daddr:100932208: srtt_us:15764185: RTT:1970523: ssthresh:2147483647: cwnd:15: delivered:6: lost:12: retrans:2
[  219.037101] AAAAA-TCP_SEND: name:enp0s3: saddr:100932208: daddr:33561200: srtt_us:17937513: RTT:2242189: ssthresh:2147483647: cwnd:16: delivered:7: lost:12: retrans:2
[  219.037136] AAAAA-TCP_SEND: name:enp0s3: saddr:100932208: daddr:33561200: srtt_us:17937513: RTT:2242189: ssthresh:2147483647: cwnd:16: delivered:7: lost:12: retrans:2
[  219.315729] AAAAA-TCP_RECV: name:enp0s3: saddr:33561200: daddr:100932208: srtt_us:17937513: RTT:2242189: ssthresh:2147483647: cwnd:16: delivered:7: lost:12: retrans:2
[  219.315807] AAAAA-TCP_SEND: name:enp0s3: saddr:100932208: daddr:33561200: srtt_us:20117742: RTT:2514717: ssthresh:2147483647: cwnd:17: delivered:8: lost:12: retrans:2
[  219.315849] AAAAA-TCP_SEND: name:enp0s3: saddr:100932208: daddr:33561200: srtt_us:20117742: RTT:2514717: ssthresh:2147483647: cwnd:17: delivered:8: lost:12: retrans:2
[  219.527518] AAAAA-TCP_RECV: name:enp0s3: saddr:33561200: daddr:100932208: srtt_us:20117742: RTT:2514717: ssthresh:2147483647: cwnd:17: delivered:8: lost:12: retrans:2
[  219.527574] AAAAA-TCP_SEND: name:enp0s3: saddr:100932208: daddr:33561200: srtt_us:22237234: RTT:2779654: ssthresh:2147483647: cwnd:18: delivered:9: lost:12: retrans:2
[  219.527617] AAAAA-TCP_SEND: name:enp0s3: saddr:100932208: daddr:33561200: srtt_us:22237234: RTT:2779654: ssthresh:2147483647: cwnd:18: delivered:9: lost:12: retrans:2
[  219.591346] AAAAA-TCP_RECV: name:enp0s3: saddr:33561200: daddr:100932208: srtt_us:22237234: RTT:2779654: ssthresh:2147483647: cwnd:18: delivered:9: lost:12: retrans:2
[  219.591395] AAAAA-TCP_SEND: name:enp0s3: saddr:100932208: daddr:33561200: srtt_us:24155502: RTT:3019437: ssthresh:2147483647: cwnd:19: delivered:10: lost:12: retrans:2
[  219.591450] AAAAA-TCP_SEND: name:enp0s3: saddr:100932208: daddr:33561200: srtt_us:24155502: RTT:3019437: ssthresh:2147483647: cwnd:19: delivered:10: lost:12: retrans:2
[  219.735861] AAAAA-TCP_RECV: name:enp0s3: saddr:33561200: daddr:100932208: srtt_us:24155502: RTT:3019437: ssthresh:2147483647: cwnd:19: delivered:10: lost:12: retrans:2
[  219.735902] AAAAA-TCP_SEND: name:enp0s3: saddr:100932208: daddr:33561200: srtt_us:25978487: RTT:3247310: ssthresh:2147483647: cwnd:20: delivered:11: lost:12: retrans:2
[  219.735939] AAAAA-TCP_SEND: name:enp0s3: saddr:100932208: daddr:33561200: srtt_us:25978487: RTT:3247310: ssthresh:2147483647: cwnd:20: delivered:11: lost:12: retrans:2
[  219.926529] AAAAA-TCP_RECV: name:enp0s3: saddr:16783984: daddr:100932208: srtt_us:17278342: RTT:2159792: ssthresh:2147483647: cwnd:20: delivered:12: lost:0: retrans:1
[  220.033192] AAAAA-TCP_RECV: name:enp0s3: saddr:33561200: daddr:100932208: srtt_us:25978487: RTT:3247310: ssthresh:2147483647: cwnd:20: delivered:11: lost:12: retrans:2
[  220.033226] AAAAA-TCP_SEND: name:enp0s3: saddr:100932208: daddr:33561200: srtt_us:27325260: RTT:3415657: ssthresh:2147483647: cwnd:21: delivered:12: lost:12: retrans:2
[  220.033265] AAAAA-TCP_SEND: name:enp0s3: saddr:100932208: daddr:33561200: srtt_us:27325260: RTT:3415657: ssthresh:2147483647: cwnd:21: delivered:12: lost:12: retrans:2
[  220.201939] AAAAA-TCP_RECV: name:enp0s3: saddr:16783984: daddr:100932208: srtt_us:17278342: RTT:2159792: ssthresh:2147483647: cwnd:20: delivered:13: lost:0: retrans:1
[  220.201982] AAAAA-TCP_SEND: name:enp0s3: saddr:100932208: daddr:16783984: srtt_us:19785232: RTT:2473154: ssthresh:2147483647: cwnd:21: delivered:14: lost:0: retrans:1
[  220.202022] AAAAA-TCP_SEND: name:enp0s3: saddr:100932208: daddr:16783984: srtt_us:19785232: RTT:2473154: ssthresh:2147483647: cwnd:21: delivered:14: lost:0: retrans:1
[  220.274477] AAAAA-TCP_RECV: name:enp0s3: saddr:16783984: daddr:100932208: srtt_us:19785232: RTT:2473154: ssthresh:2147483647: cwnd:21: delivered:14: lost:0: retrans:1
[  220.274530] AAAAA-TCP_SEND: name:enp0s3: saddr:100932208: daddr:16783984: srtt_us:22051316: RTT:2756414: ssthresh:2147483647: cwnd:22: delivered:15: lost:0: retrans:1
[  220.274571] AAAAA-TCP_SEND: name:enp0s3: saddr:100932208: daddr:16783984: srtt_us:22051316: RTT:2756414: ssthresh:2147483647: cwnd:22: delivered:15: lost:0: retrans:1
[  220.415451] AAAAA-TCP_RECV: name:enp0s3: saddr:16783984: daddr:100932208: srtt_us:22051316: RTT:2756414: ssthresh:2147483647: cwnd:22: delivered:15: lost:0: retrans:1
[  220.415500] AAAAA-TCP_SEND: name:enp0s3: saddr:100932208: daddr:16783984: srtt_us:23971002: RTT:2996375: ssthresh:2147483647: cwnd:23: delivered:16: lost:0: retrans:1
[  220.415552] AAAAA-TCP_SEND: name:enp0s3: saddr:100932208: daddr:16783984: srtt_us:23971002: RTT:2996375: ssthresh:2147483647: cwnd:23: delivered:16: lost:0: retrans:1
[  220.458114] AAAAA-TCP_RECV: name:enp0s3: saddr:16783984: daddr:100932208: srtt_us:23971002: RTT:2996375: ssthresh:2147483647: cwnd:23: delivered:16: lost:0: retrans:1
[  220.458159] AAAAA-TCP_SEND: name:enp0s3: saddr:100932208: daddr:16783984: srtt_us:25693353: RTT:3211669: ssthresh:2147483647: cwnd:24: delivered:17: lost:0: retrans:1
[  220.458221] AAAAA-TCP_SEND: name:enp0s3: saddr:100932208: daddr:16783984: srtt_us:25693353: RTT:3211669: ssthresh:2147483647: cwnd:24: delivered:17: lost:0: retrans:1
[  220.616500] AAAAA-TCP_RECV: name:enp0s3: saddr:16783984: daddr:100932208: srtt_us:25693353: RTT:3211669: ssthresh:2147483647: cwnd:24: delivered:17: lost:0: retrans:1
[  220.616549] AAAAA-TCP_SEND: name:enp0s3: saddr:100932208: daddr:16783984: srtt_us:26894665: RTT:3361833: ssthresh:24: cwnd:24: delivered:18: lost:0: retrans:1
[  220.725676] AAAAA-TCP_RECV: name:enp0s3: saddr:16783984: daddr:100932208: srtt_us:26894665: RTT:3361833: ssthresh:24: cwnd:24: delivered:18: lost:0: retrans:1
[  220.725732] AAAAA-TCP_SEND: name:enp0s3: saddr:100932208: daddr:16783984: srtt_us:28054944: RTT:3506868: ssthresh:24: cwnd:24: delivered:19: lost:0: retrans:1
[  220.932752] AAAAA-TCP_RECV: name:enp0s3: saddr:33561200: daddr:100932208: srtt_us:27325260: RTT:3415657: ssthresh:2147483647: cwnd:21: delivered:12: lost:12: retrans:2
[  220.980781] AAAAA-TCP_RECV: name:enp0s3: saddr:16783984: daddr:100932208: srtt_us:28054944: RTT:3506868: ssthresh:24: cwnd:24: delivered:19: lost:0: retrans:1
[  220.980821] AAAAA-TCP_SEND: name:enp0s3: saddr:100932208: daddr:16783984: srtt_us:29143655: RTT:3642956: ssthresh:24: cwnd:24: delivered:20: lost:0: retrans:1
[  221.054474] AAAAA-TCP_RECV: name:enp0s3: saddr:16783984: daddr:100932208: srtt_us:29143655: RTT:3642956: ssthresh:24: cwnd:24: delivered:20: lost:0: retrans:1
[  221.054531] AAAAA-TCP_SEND: name:enp0s3: saddr:100932208: daddr:16783984: srtt_us:30169975: RTT:3771246: ssthresh:24: cwnd:24: delivered:21: lost:0: retrans:1
[  221.291789] AAAAA-TCP_RECV: name:enp0s3: saddr:16783984: daddr:100932208: srtt_us:30169975: RTT:3771246: ssthresh:24: cwnd:24: delivered:21: lost:0: retrans:1
[  221.291841] AAAAA-TCP_SEND: name:enp0s3: saddr:100932208: daddr:16783984: srtt_us:30696961: RTT:3837120: ssthresh:24: cwnd:24: delivered:22: lost:0: retrans:1
[  221.385845] AAAAA-TCP_RECV: name:enp0s3: saddr:16783984: daddr:100932208: srtt_us:30696961: RTT:3837120: ssthresh:24: cwnd:24: delivered:22: lost:0: retrans:1
[  221.385922] AAAAA-TCP_SEND: name:enp0s3: saddr:100932208: daddr:16783984: srtt_us:31252146: RTT:3906518: ssthresh:24: cwnd:24: delivered:23: lost:0: retrans:1
[  221.467733] AAAAA-TCP_RECV: name:enp0s3: saddr:16783984: daddr:100932208: srtt_us:31252146: RTT:3906518: ssthresh:24: cwnd:24: delivered:23: lost:0: retrans:1
[  221.467788] AAAAA-TCP_SEND: name:enp0s3: saddr:100932208: daddr:16783984: srtt_us:31462325: RTT:3932790: ssthresh:24: cwnd:24: delivered:24: lost:0: retrans:1
[  221.484540] AAAAA-TCP_RECV: name:enp0s3: saddr:16783984: daddr:100932208: srtt_us:31462325: RTT:3932790: ssthresh:24: cwnd:24: delivered:24: lost:0: retrans:1
[  221.484596] AAAAA-TCP_SEND: name:enp0s3: saddr:100932208: daddr:16783984: srtt_us:31663037: RTT:3957879: ssthresh:24: cwnd:24: delivered:25: lost:0: retrans:1
[  221.535112] AAAAA-TCP_RECV: name:enp0s3: saddr:16783984: daddr:100932208: srtt_us:31663037: RTT:3957879: ssthresh:24: cwnd:24: delivered:25: lost:0: retrans:1
[  221.535145] AAAAA-TCP_SEND: name:enp0s3: saddr:100932208: daddr:16783984: srtt_us:31781280: RTT:3972660: ssthresh:24: cwnd:24: delivered:26: lost:0: retrans:1
[  221.761340] AAAAA-TCP_RECV: name:enp0s3: saddr:16783984: daddr:100932208: srtt_us:31781280: RTT:3972660: ssthresh:24: cwnd:24: delivered:26: lost:0: retrans:1
[  221.761398] AAAAA-TCP_SEND: name:enp0s3: saddr:100932208: daddr:16783984: srtt_us:32110974: RTT:4013871: ssthresh:24: cwnd:24: delivered:27: lost:0: retrans:1
[  221.833006] AAAAA-TCP_RECV: name:enp0s3: saddr:16783984: daddr:100932208: srtt_us:32110974: RTT:4013871: ssthresh:24: cwnd:24: delivered:27: lost:0: retrans:1
[  221.833051] AAAAA-TCP_SEND: name:enp0s3: saddr:100932208: daddr:16783984: srtt_us:32348132: RTT:4043516: ssthresh:24: cwnd:24: delivered:28: lost:0: retrans:1
[  221.950327] AAAAA-TCP_RECV: name:enp0s3: saddr:16783984: daddr:100932208: srtt_us:32348132: RTT:4043516: ssthresh:24: cwnd:24: delivered:28: lost:0: retrans:1
[  221.950396] AAAAA-TCP_SEND: name:enp0s3: saddr:100932208: daddr:16783984: srtt_us:32672971: RTT:4084121: ssthresh:24: cwnd:25: delivered:29: lost:0: retrans:1
[  221.950427] AAAAA-TCP_SEND: name:enp0s3: saddr:100932208: daddr:16783984: srtt_us:32672971: RTT:4084121: ssthresh:24: cwnd:25: delivered:29: lost:0: retrans:1
[  222.066566] AAAAA-TCP_RECV: name:enp0s3: saddr:16783984: daddr:100932208: srtt_us:32672971: RTT:4084121: ssthresh:24: cwnd:25: delivered:29: lost:0: retrans:1
[  222.066616] AAAAA-TCP_SEND: name:enp0s3: saddr:100932208: daddr:16783984: srtt_us:32771978: RTT:4096497: ssthresh:24: cwnd:25: delivered:30: lost:0: retrans:1
[  222.187295] AAAAA-TCP_RECV: name:enp0s3: saddr:33561200: daddr:100932208: srtt_us:27325260: RTT:3415657: ssthresh:2147483647: cwnd:21: delivered:13: lost:12: retrans:2
[  222.268841] AAAAA-TCP_RECV: name:enp0s3: saddr:16783984: daddr:100932208: srtt_us:32771978: RTT:4096497: ssthresh:24: cwnd:25: delivered:30: lost:0: retrans:1
[  222.268905] AAAAA-TCP_SEND: name:enp0s3: saddr:100932208: daddr:16783984: srtt_us:33060839: RTT:4132604: ssthresh:24: cwnd:25: delivered:32: lost:0: retrans:1
[  222.268933] AAAAA-TCP_SEND: name:enp0s3: saddr:100932208: daddr:16783984: srtt_us:33060839: RTT:4132604: ssthresh:24: cwnd:25: delivered:32: lost:0: retrans:1
[  222.386100] AAAAA-TCP_RECV: name:enp0s3: saddr:16783984: daddr:100932208: srtt_us:33060839: RTT:4132604: ssthresh:24: cwnd:25: delivered:32: lost:0: retrans:1
[  222.386156] AAAAA-TCP_SEND: name:enp0s3: saddr:100932208: daddr:16783984: srtt_us:33356238: RTT:4169529: ssthresh:24: cwnd:25: delivered:33: lost:0: retrans:1
[  222.444403] AAAAA-TCP_RECV: name:enp0s3: saddr:33561200: daddr:100932208: srtt_us:27325260: RTT:3415657: ssthresh:2147483647: cwnd:21: delivered:14: lost:12: retrans:2
[  222.444450] AAAAA-TCP_SEND: name:enp0s3: saddr:100932208: daddr:33561200: srtt_us:27969296: RTT:3496162: ssthresh:2147483647: cwnd:22: delivered:15: lost:12: retrans:2
[  222.444489] AAAAA-TCP_SEND: name:enp0s3: saddr:100932208: daddr:33561200: srtt_us:27969296: RTT:3496162: ssthresh:2147483647: cwnd:22: delivered:15: lost:12: retrans:2
[  222.608668] AAAAA-TCP_RECV: name:enp0s3: saddr:33561200: daddr:100932208: srtt_us:27969296: RTT:3496162: ssthresh:2147483647: cwnd:22: delivered:15: lost:12: retrans:2
[  222.608724] AAAAA-TCP_SEND: name:enp0s3: saddr:100932208: daddr:33561200: srtt_us:28622835: RTT:3577854: ssthresh:2147483647: cwnd:23: delivered:16: lost:12: retrans:2
[  222.608801] AAAAA-TCP_SEND: name:enp0s3: saddr:100932208: daddr:33561200: srtt_us:28622835: RTT:3577854: ssthresh:2147483647: cwnd:23: delivered:16: lost:12: retrans:2
[  222.682400] AAAAA-TCP_RECV: name:enp0s3: saddr:33561200: daddr:100932208: srtt_us:28622835: RTT:3577854: ssthresh:2147483647: cwnd:23: delivered:16: lost:12: retrans:2
[  222.682454] AAAAA-TCP_SEND: name:enp0s3: saddr:100932208: daddr:33561200: srtt_us:29268374: RTT:3658546: ssthresh:2147483647: cwnd:24: delivered:17: lost:12: retrans:2
[  222.682498] AAAAA-TCP_SEND: name:enp0s3: saddr:100932208: daddr:33561200: srtt_us:29268374: RTT:3658546: ssthresh:2147483647: cwnd:24: delivered:17: lost:12: retrans:2
[  222.762072] AAAAA-TCP_RECV: name:enp0s3: saddr:33561200: daddr:100932208: srtt_us:29268374: RTT:3658546: ssthresh:2147483647: cwnd:24: delivered:17: lost:12: retrans:2
[  222.762119] AAAAA-TCP_SEND: name:enp0s3: saddr:100932208: daddr:33561200: srtt_us:29702412: RTT:3712801: ssthresh:2147483647: cwnd:25: delivered:18: lost:12: retrans:2
[  222.762156] AAAAA-TCP_SEND: name:enp0s3: saddr:100932208: daddr:33561200: srtt_us:29702412: RTT:3712801: ssthresh:2147483647: cwnd:25: delivered:18: lost:12: retrans:2
[  222.953318] AAAAA-TCP_RECV: name:enp0s3: saddr:33561200: daddr:100932208: srtt_us:29702412: RTT:3712801: ssthresh:2147483647: cwnd:25: delivered:18: lost:12: retrans:2
[  222.953387] AAAAA-TCP_SEND: name:enp0s3: saddr:100932208: daddr:33561200: srtt_us:30273424: RTT:3784178: ssthresh:2147483647: cwnd:26: delivered:19: lost:12: retrans:2
[  222.953465] AAAAA-TCP_SEND: name:enp0s3: saddr:100932208: daddr:33561200: srtt_us:30273424: RTT:3784178: ssthresh:2147483647: cwnd:26: delivered:19: lost:12: retrans:2
[  223.057506] AAAAA-TCP_RECV: name:enp0s3: saddr:33561200: daddr:100932208: srtt_us:30273424: RTT:3784178: ssthresh:2147483647: cwnd:26: delivered:19: lost:12: retrans:2
[  223.057550] AAAAA-TCP_SEND: name:enp0s3: saddr:100932208: daddr:33561200: srtt_us:30780098: RTT:3847512: ssthresh:2147483647: cwnd:27: delivered:20: lost:12: retrans:2
[  223.186986] AAAAA-TCP_RECV: name:enp0s3: saddr:33561200: daddr:100932208: srtt_us:30780098: RTT:3847512: ssthresh:2147483647: cwnd:27: delivered:20: lost:12: retrans:2
[  223.283570] AAAAA-TCP_RECV: name:enp0s3: saddr:33561200: daddr:100932208: srtt_us:31352876: RTT:3919109: ssthresh:2147483647: cwnd:28: delivered:21: lost:12: retrans:2
[  223.473101] AAAAA-TCP_RECV: name:enp0s3: saddr:33561200: daddr:100932208: srtt_us:31867351: RTT:3983418: ssthresh:2147483647: cwnd:29: delivered:22: lost:12: retrans:2
[  223.662523] AAAAA-TCP_RECV: name:enp0s3: saddr:33561200: daddr:100932208: srtt_us:32507008: RTT:4063376: ssthresh:29: cwnd:29: delivered:23: lost:12: retrans:2
[  223.867719] AAAAA-TCP_RECV: name:enp0s3: saddr:33561200: daddr:100932208: srtt_us:33069066: RTT:4133633: ssthresh:29: cwnd:30: delivered:24: lost:12: retrans:2
[  224.045828] AAAAA-TCP_RECV: name:enp0s3: saddr:33561200: daddr:100932208: srtt_us:33766039: RTT:4220754: ssthresh:29: cwnd:30: delivered:25: lost:12: retrans:2
[  224.090219] AAAAA-TCP_RECV: name:enp0s3: saddr:33561200: daddr:100932208: srtt_us:34275339: RTT:4284417: ssthresh:29: cwnd:31: delivered:26: lost:12: retrans:2
[  224.197957] AAAAA-TCP_RECV: name:enp0s3: saddr:33561200: daddr:100932208: srtt_us:34765327: RTT:4345665: ssthresh:29: cwnd:31: delivered:27: lost:12: retrans:2
[  224.267628] AAAAA-TCP_RECV: name:enp0s3: saddr:33561200: daddr:100932208: srtt_us:35090060: RTT:4386257: ssthresh:29: cwnd:32: delivered:28: lost:12: retrans:2
[  224.377160] AAAAA-TCP_RECV: name:enp0s3: saddr:33561200: daddr:100932208: srtt_us:35443850: RTT:4430481: ssthresh:29: cwnd:32: delivered:29: lost:12: retrans:2
[  224.578938] AAAAA-TCP_RECV: name:enp0s3: saddr:33561200: daddr:100932208: srtt_us:35799164: RTT:4474895: ssthresh:29: cwnd:33: delivered:30: lost:12: retrans:2
[  224.752139] AAAAA-TCP_RECV: name:enp0s3: saddr:33561200: daddr:100932208: srtt_us:36311781: RTT:4538972: ssthresh:29: cwnd:33: delivered:31: lost:12: retrans:2
[  224.835734] AAAAA-TCP_RECV: name:enp0s3: saddr:16783984: daddr:100932208: srtt_us:33356238: RTT:4169529: ssthresh:24: cwnd:25: delivered:33: lost:0: retrans:1
[  225.040267] AAAAA-TCP_RECV: name:enp0s3: saddr:33561200: daddr:100932208: srtt_us:36789083: RTT:4598635: ssthresh:29: cwnd:35: delivered:34: lost:12: retrans:2
[  225.071596] AAAAA-TCP_RECV: name:enp0s3: saddr:16783984: daddr:100932208: srtt_us:33820500: RTT:4227562: ssthresh:24: cwnd:26: delivered:34: lost:0: retrans:1
[  225.130897] AAAAA-TCP_RECV: name:enp0s3: saddr:16783984: daddr:100932208: srtt_us:34462531: RTT:4307816: ssthresh:24: cwnd:27: delivered:35: lost:0: retrans:1
[  225.170271] AAAAA-TCP_RECV: name:enp0s3: saddr:16783984: daddr:100932208: srtt_us:35011109: RTT:4376388: ssthresh:24: cwnd:27: delivered:36: lost:0: retrans:1
[  225.249549] AAAAA-TCP_RECV: name:enp0s3: saddr:16783984: daddr:100932208: srtt_us:35530436: RTT:4441304: ssthresh:24: cwnd:28: delivered:37: lost:0: retrans:1
[  225.252706] AAAAA-TCP_RECV: name:enp0s3: saddr:16783984: daddr:100932208: srtt_us:35923195: RTT:4490399: ssthresh:24: cwnd:29: delivered:39: lost:0: retrans:1
[  225.300828] AAAAA-TCP_RECV: name:enp0s3: saddr:16783984: daddr:100932208: srtt_us:36227351: RTT:4528418: ssthresh:24: cwnd:29: delivered:40: lost:0: retrans:1
[  225.380101] AAAAA-TCP_RECV: name:enp0s3: saddr:16783984: daddr:100932208: srtt_us:36541558: RTT:4567694: ssthresh:24: cwnd:30: delivered:41: lost:0: retrans:1
[  225.413187] AAAAA-TCP_RECV: name:enp0s3: saddr:16783984: daddr:100932208: srtt_us:36737442: RTT:4592180: ssthresh:24: cwnd:30: delivered:42: lost:0: retrans:1
[  225.436694] AAAAA-TCP_RECV: name:enp0s3: saddr:16783984: daddr:100932208: srtt_us:36832729: RTT:4604091: ssthresh:24: cwnd:31: delivered:43: lost:0: retrans:1
[  225.477549] AAAAA-TCP_RECV: name:enp0s3: saddr:16783984: daddr:100932208: srtt_us:36684534: RTT:4585566: ssthresh:24: cwnd:31: delivered:44: lost:0: retrans:1
[  225.507657] AAAAA-TCP_RECV: name:enp0s3: saddr:16783984: daddr:100932208: srtt_us:36522011: RTT:4565251: ssthresh:24: cwnd:32: delivered:45: lost:0: retrans:1
[  225.563143] AAAAA-TCP_RECV: name:enp0s3: saddr:16783984: daddr:100932208: srtt_us:36172610: RTT:4521576: ssthresh:24: cwnd:32: delivered:46: lost:0: retrans:1
[  225.585367] AAAAA-TCP_RECV: name:enp0s3: saddr:16783984: daddr:100932208: srtt_us:35828295: RTT:4478536: ssthresh:24: cwnd:33: delivered:47: lost:0: retrans:1
[  225.616359] AAAAA-TCP_RECV: name:enp0s3: saddr:16783984: daddr:100932208: srtt_us:35467362: RTT:4433420: ssthresh:24: cwnd:33: delivered:48: lost:0: retrans:1
[  225.648805] AAAAA-TCP_RECV: name:enp0s3: saddr:16783984: daddr:100932208: srtt_us:35165726: RTT:4395715: ssthresh:24: cwnd:34: delivered:49: lost:0: retrans:1
[  225.686744] AAAAA-TCP_RECV: name:enp0s3: saddr:16783984: daddr:100932208: srtt_us:34883680: RTT:4360460: ssthresh:24: cwnd:34: delivered:50: lost:0: retrans:1
[  225.726736] AAAAA-TCP_RECV: name:enp0s3: saddr:16783984: daddr:100932208: srtt_us:34448589: RTT:4306073: ssthresh:24: cwnd:35: delivered:52: lost:0: retrans:1
[  226.040501] AAAAA-TCP_RECV: name:enp0s3: saddr:16783984: daddr:100932208: srtt_us:33918880: RTT:4239860: ssthresh:24: cwnd:36: delivered:54: lost:0: retrans:1
[  226.120812] AAAAA-TCP_RECV: name:enp0s3: saddr:16783984: daddr:100932208: srtt_us:33652935: RTT:4206616: ssthresh:24: cwnd:37: delivered:56: lost:0: retrans:1
[  226.174742] AAAAA-TCP_RECV: name:enp0s3: saddr:33561200: daddr:100932208: srtt_us:37197455: RTT:4649681: ssthresh:29: cwnd:35: delivered:35: lost:12: retrans:2
[  226.195963] AAAAA-TCP_RECV: name:enp0s3: saddr:33561200: daddr:100932208: srtt_us:36278093: RTT:4534761: ssthresh:29: cwnd:36: delivered:36: lost:12: retrans:2
[  226.212605] AAAAA-TCP_RECV: name:enp0s3: saddr:33561200: daddr:100932208: srtt_us:35494809: RTT:4436851: ssthresh:29: cwnd:36: delivered:37: lost:12: retrans:2
[  226.228863] AAAAA-TCP_RECV: name:enp0s3: saddr:33561200: daddr:100932208: srtt_us:34661853: RTT:4332731: ssthresh:29: cwnd:37: delivered:38: lost:12: retrans:2
[  226.244640] AAAAA-TCP_RECV: name:enp0s3: saddr:33561200: daddr:100932208: srtt_us:33949189: RTT:4243648: ssthresh:29: cwnd:37: delivered:39: lost:12: retrans:2
[  226.296917] AAAAA-TCP_RECV: name:enp0s3: saddr:33561200: daddr:100932208: srtt_us:33267753: RTT:4158469: ssthresh:29: cwnd:38: delivered:40: lost:12: retrans:2
[  226.327850] AAAAA-TCP_RECV: name:enp0s3: saddr:33561200: daddr:100932208: srtt_us:32723723: RTT:4090465: ssthresh:29: cwnd:38: delivered:41: lost:12: retrans:2
[  226.366219] AAAAA-TCP_RECV: name:enp0s3: saddr:33561200: daddr:100932208: srtt_us:32199012: RTT:4024876: ssthresh:29: cwnd:39: delivered:42: lost:12: retrans:2
[  226.403099] AAAAA-TCP_RECV: name:enp0s3: saddr:33561200: daddr:100932208: srtt_us:31778214: RTT:3972276: ssthresh:29: cwnd:39: delivered:43: lost:12: retrans:2
[  226.418799] AAAAA-TCP_RECV: name:enp0s3: saddr:33561200: daddr:100932208: srtt_us:31255675: RTT:3906959: ssthresh:29: cwnd:40: delivered:44: lost:12: retrans:2
[  226.434545] AAAAA-TCP_RECV: name:enp0s3: saddr:33561200: daddr:100932208: srtt_us:30814065: RTT:3851758: ssthresh:29: cwnd:40: delivered:45: lost:12: retrans:2
[  245.250104] AAAAA-TCP_SEND: name:enp0s3: saddr:100932208: daddr:16783984: srtt_us:33298254: RTT:4162281: ssthresh:24: cwnd:38: delivered:58: lost:0: retrans:1
[  245.250168] AAAAA-TCP_SEND: name:enp0s3: saddr:100932208: daddr:33561200: srtt_us:30339323: RTT:3792415: ssthresh:29: cwnd:41: delivered:46: lost:12: retrans:2
[  245.250286] AAAAA-TCP_SEND: name:enp0s3: saddr:100932208: daddr:16783984: srtt_us:33298254: RTT:4162281: ssthresh:28: cwnd:24: delivered:58: lost:0: retrans:1
[  245.250313] AAAAA-TCP_SEND: name:enp0s3: saddr:100932208: daddr:33561200: srtt_us:30339323: RTT:3792415: ssthresh:30: cwnd:25: delivered:46: lost:12: retrans:2
[  245.250467] AAAAA-TCP_SEND: name:enp0s3: saddr:100932208: daddr:16783984: srtt_us:33298254: RTT:4162281: ssthresh:28: cwnd:24: delivered:58: lost:0: retrans:1
[  245.250496] AAAAA-TCP_SEND: name:enp0s3: saddr:100932208: daddr:33561200: srtt_us:30339323: RTT:3792415: ssthresh:30: cwnd:25: delivered:46: lost:12: retrans:2
[  245.250646] AAAAA-TCP_SEND: name:enp0s3: saddr:100932208: daddr:16783984: srtt_us:33298254: RTT:4162281: ssthresh:28: cwnd:24: delivered:58: lost:0: retrans:1
[  245.250672] AAAAA-TCP_SEND: name:enp0s3: saddr:100932208: daddr:33561200: srtt_us:30339323: RTT:3792415: ssthresh:30: cwnd:25: delivered:46: lost:12: retrans:2
[  245.250827] AAAAA-TCP_SEND: name:enp0s3: saddr:100932208: daddr:16783984: srtt_us:33298254: RTT:4162281: ssthresh:28: cwnd:24: delivered:58: lost:0: retrans:1
[  245.250851] AAAAA-TCP_SEND: name:enp0s3: saddr:100932208: daddr:33561200: srtt_us:30339323: RTT:3792415: ssthresh:30: cwnd:25: delivered:46: lost:12: retrans:2
[  245.251004] AAAAA-TCP_SEND: name:enp0s3: saddr:100932208: daddr:16783984: srtt_us:33298254: RTT:4162281: ssthresh:28: cwnd:24: delivered:58: lost:0: retrans:1
[  245.251031] AAAAA-TCP_SEND: name:enp0s3: saddr:100932208: daddr:33561200: srtt_us:30339323: RTT:3792415: ssthresh:30: cwnd:25: delivered:46: lost:12: retrans:2
[  245.254784] AAAAA-TCP_SEND: name:enp0s3: saddr:100932208: daddr:16783984: srtt_us:33298254: RTT:4162281: ssthresh:28: cwnd:24: delivered:58: lost:0: retrans:1
[  245.254837] AAAAA-TCP_SEND: name:enp0s3: saddr:100932208: daddr:33561200: srtt_us:30339323: RTT:3792415: ssthresh:30: cwnd:25: delivered:46: lost:12: retrans:2
[  245.254986] AAAAA-TCP_SEND: name:enp0s3: saddr:100932208: daddr:16783984: srtt_us:33298254: RTT:4162281: ssthresh:28: cwnd:24: delivered:58: lost:0: retrans:1
[  245.255011] AAAAA-TCP_SEND: name:enp0s3: saddr:100932208: daddr:33561200: srtt_us:30339323: RTT:3792415: ssthresh:30: cwnd:25: delivered:46: lost:12: retrans:2
[  245.255503] AAAAA-TCP_SEND: name:enp0s3: saddr:100932208: daddr:16783984: srtt_us:33298254: RTT:4162281: ssthresh:28: cwnd:24: delivered:58: lost:0: retrans:1
[  245.255537] AAAAA-TCP_SEND: name:enp0s3: saddr:100932208: daddr:33561200: srtt_us:30339323: RTT:3792415: ssthresh:30: cwnd:25: delivered:46: lost:12: retrans:2
[  245.255679] AAAAA-TCP_SEND: name:enp0s3: saddr:100932208: daddr:16783984: srtt_us:33298254: RTT:4162281: ssthresh:28: cwnd:24: delivered:58: lost:0: retrans:1
[  245.255703] AAAAA-TCP_SEND: name:enp0s3: saddr:100932208: daddr:33561200: srtt_us:30339323: RTT:3792415: ssthresh:30: cwnd:25: delivered:46: lost:12: retrans:2
[  245.255841] AAAAA-TCP_SEND: name:enp0s3: saddr:100932208: daddr:16783984: srtt_us:33298254: RTT:4162281: ssthresh:28: cwnd:24: delivered:58: lost:0: retrans:1
[  245.255867] AAAAA-TCP_SEND: name:enp0s3: saddr:100932208: daddr:33561200: srtt_us:30339323: RTT:3792415: ssthresh:30: cwnd:25: delivered:46: lost:12: retrans:2
[  245.255980] AAAAA-TCP_SEND: name:enp0s3: saddr:100932208: daddr:16783984: srtt_us:33298254: RTT:4162281: ssthresh:28: cwnd:24: delivered:58: lost:0: retrans:1
[  245.256008] AAAAA-TCP_SEND: name:enp0s3: saddr:100932208: daddr:33561200: srtt_us:30339323: RTT:3792415: ssthresh:30: cwnd:25: delivered:46: lost:12: retrans:2
[  245.256150] AAAAA-TCP_SEND: name:enp0s3: saddr:100932208: daddr:16783984: srtt_us:33298254: RTT:4162281: ssthresh:28: cwnd:24: delivered:58: lost:0: retrans:1
[  245.256174] AAAAA-TCP_SEND: name:enp0s3: saddr:100932208: daddr:33561200: srtt_us:30339323: RTT:3792415: ssthresh:30: cwnd:25: delivered:46: lost:12: retrans:2
[  245.256313] AAAAA-TCP_SEND: name:enp0s3: saddr:100932208: daddr:16783984: srtt_us:33298254: RTT:4162281: ssthresh:28: cwnd:24: delivered:58: lost:0: retrans:1
[  245.256335] AAAAA-TCP_SEND: name:enp0s3: saddr:100932208: daddr:33561200: srtt_us:30339323: RTT:3792415: ssthresh:30: cwnd:25: delivered:46: lost:12: retrans:2
[  245.256526] AAAAA-TCP_SEND: name:enp0s3: saddr:100932208: daddr:16783984: srtt_us:33298254: RTT:4162281: ssthresh:28: cwnd:24: delivered:58: lost:0: retrans:1
[  245.256552] AAAAA-TCP_SEND: name:enp0s3: saddr:100932208: daddr:33561200: srtt_us:30339323: RTT:3792415: ssthresh:30: cwnd:25: delivered:46: lost:12: retrans:2
[  245.256693] AAAAA-TCP_SEND: name:enp0s3: saddr:100932208: daddr:16783984: srtt_us:33298254: RTT:4162281: ssthresh:28: cwnd:24: delivered:58: lost:0: retrans:1
[  245.256716] AAAAA-TCP_SEND: name:enp0s3: saddr:100932208: daddr:33561200: srtt_us:30339323: RTT:3792415: ssthresh:30: cwnd:25: delivered:46: lost:12: retrans:2
[  245.256853] AAAAA-TCP_SEND: name:enp0s3: saddr:100932208: daddr:16783984: srtt_us:33298254: RTT:4162281: ssthresh:28: cwnd:24: delivered:58: lost:0: retrans:1
[  245.256880] AAAAA-TCP_SEND: name:enp0s3: saddr:100932208: daddr:33561200: srtt_us:30339323: RTT:3792415: ssthresh:30: cwnd:25: delivered:46: lost:12: retrans:2
[  245.257017] AAAAA-TCP_SEND: name:enp0s3: saddr:100932208: daddr:16783984: srtt_us:33298254: RTT:4162281: ssthresh:28: cwnd:24: delivered:58: lost:0: retrans:1
[  245.257042] AAAAA-TCP_SEND: name:enp0s3: saddr:100932208: daddr:33561200: srtt_us:30339323: RTT:3792415: ssthresh:30: cwnd:25: delivered:46: lost:12: retrans:2
[  245.257179] AAAAA-TCP_SEND: name:enp0s3: saddr:100932208: daddr:16783984: srtt_us:33298254: RTT:4162281: ssthresh:28: cwnd:24: delivered:58: lost:0: retrans:1
[  245.257202] AAAAA-TCP_SEND: name:enp0s3: saddr:100932208: daddr:33561200: srtt_us:30339323: RTT:3792415: ssthresh:30: cwnd:25: delivered:46: lost:12: retrans:2
[  245.257357] AAAAA-TCP_SEND: name:enp0s3: saddr:100932208: daddr:16783984: srtt_us:33298254: RTT:4162281: ssthresh:28: cwnd:24: delivered:58: lost:0: retrans:1
[  245.257381] AAAAA-TCP_SEND: name:enp0s3: saddr:100932208: daddr:33561200: srtt_us:30339323: RTT:3792415: ssthresh:30: cwnd:25: delivered:46: lost:12: retrans:2
[  245.257468] AAAAA-TCP_SEND: name:enp0s3: saddr:100932208: daddr:16783984: srtt_us:33298254: RTT:4162281: ssthresh:28: cwnd:24: delivered:58: lost:0: retrans:1
[  245.257491] AAAAA-TCP_SEND: name:enp0s3: saddr:100932208: daddr:33561200: srtt_us:30339323: RTT:3792415: ssthresh:30: cwnd:25: delivered:46: lost:12: retrans:2
[  245.257622] AAAAA-TCP_SEND: name:enp0s3: saddr:100932208: daddr:16783984: srtt_us:33298254: RTT:4162281: ssthresh:28: cwnd:24: delivered:58: lost:0: retrans:1
[  245.257643] AAAAA-TCP_SEND: name:enp0s3: saddr:100932208: daddr:33561200: srtt_us:30339323: RTT:3792415: ssthresh:30: cwnd:25: delivered:46: lost:12: retrans:2
[  245.275093] AAAAA-TCP_SEND: name:enp0s3: saddr:100932208: daddr:16783984: srtt_us:33298254: RTT:4162281: ssthresh:28: cwnd:24: delivered:58: lost:0: retrans:1
[  245.275576] AAAAA-TCP_SEND: name:enp0s3: saddr:100932208: daddr:33561200: srtt_us:30339323: RTT:3792415: ssthresh:30: cwnd:25: delivered:46: lost:12: retrans:2
[  245.275684] AAAAA-TCP_SEND: name:enp0s3: saddr:100932208: daddr:16783984: srtt_us:33298254: RTT:4162281: ssthresh:28: cwnd:24: delivered:58: lost:0: retrans:1
[  245.275706] AAAAA-TCP_SEND: name:enp0s3: saddr:100932208: daddr:33561200: srtt_us:30339323: RTT:3792415: ssthresh:30: cwnd:25: delivered:46: lost:12: retrans:2
[  245.275773] AAAAA-TCP_SEND: name:enp0s3: saddr:100932208: daddr:33561200: srtt_us:30339323: RTT:3792415: ssthresh:30: cwnd:25: delivered:46: lost:12: retrans:2
[  245.764749] AAAAA-TCP_RECV: name:enp0s3: saddr:16783984: daddr:100932208: srtt_us:33298254: RTT:4162281: ssthresh:28: cwnd:24: delivered:58: lost:0: retrans:1
[  245.764936] AAAAA-TCP_SEND: name:enp0s3: saddr:100932208: daddr:16783984: srtt_us:29650696: RTT:3706337: ssthresh:28: cwnd:25: delivered:59: lost:0: retrans:1
[  245.765009] AAAAA-TCP_SEND: name:enp0s3: saddr:100932208: daddr:16783984: srtt_us:29650696: RTT:3706337: ssthresh:28: cwnd:25: delivered:59: lost:0: retrans:1
[  246.025346] AAAAA-TCP_RECV: name:enp0s3: saddr:33561200: daddr:100932208: srtt_us:30339323: RTT:3792415: ssthresh:30: cwnd:25: delivered:46: lost:12: retrans:2
[  246.025487] AAAAA-TCP_SEND: name:enp0s3: saddr:100932208: daddr:33561200: srtt_us:27322137: RTT:3415267: ssthresh:30: cwnd:26: delivered:47: lost:12: retrans:2
[  246.025559] AAAAA-TCP_SEND: name:enp0s3: saddr:100932208: daddr:33561200: srtt_us:27322137: RTT:3415267: ssthresh:30: cwnd:26: delivered:47: lost:12: retrans:2
[  246.764001] AAAAA-TCP_RECV: name:enp0s3: saddr:16783984: daddr:100932208: srtt_us:29650696: RTT:3706337: ssthresh:28: cwnd:25: delivered:59: lost:0: retrans:1
[  246.764038] AAAAA-TCP_SEND: name:enp0s3: saddr:100932208: daddr:16783984: srtt_us:27458083: RTT:3432260: ssthresh:28: cwnd:26: delivered:60: lost:0: retrans:1
[  246.764076] AAAAA-TCP_SEND: name:enp0s3: saddr:100932208: daddr:16783984: srtt_us:27458083: RTT:3432260: ssthresh:28: cwnd:26: delivered:60: lost:0: retrans:1
[  247.626928] AAAAA-TCP_RECV: name:enp0s3: saddr:33561200: daddr:100932208: srtt_us:27322137: RTT:3415267: ssthresh:30: cwnd:26: delivered:47: lost:12: retrans:2
[  247.626989] AAAAA-TCP_SEND: name:enp0s3: saddr:100932208: daddr:33561200: srtt_us:26283492: RTT:3285436: ssthresh:30: cwnd:27: delivered:48: lost:12: retrans:2
[  247.627064] AAAAA-TCP_SEND: name:enp0s3: saddr:100932208: daddr:33561200: srtt_us:26283492: RTT:3285436: ssthresh:30: cwnd:27: delivered:48: lost:12: retrans:2
[  248.321892] AAAAA-TCP_RECV: name:enp0s3: saddr:16783984: daddr:100932208: srtt_us:27458083: RTT:3432260: ssthresh:28: cwnd:26: delivered:60: lost:0: retrans:1
[  248.321954] AAAAA-TCP_SEND: name:enp0s3: saddr:100932208: daddr:16783984: srtt_us:27097276: RTT:3387159: ssthresh:28: cwnd:27: delivered:61: lost:0: retrans:1
[  248.322004] AAAAA-TCP_SEND: name:enp0s3: saddr:100932208: daddr:16783984: srtt_us:27097276: RTT:3387159: ssthresh:28: cwnd:27: delivered:61: lost:0: retrans:1
[  248.709639] AAAAA-TCP_RECV: name:enp0s3: saddr:33561200: daddr:100932208: srtt_us:26283492: RTT:3285436: ssthresh:30: cwnd:27: delivered:48: lost:12: retrans:2
[  248.709704] AAAAA-TCP_SEND: name:enp0s3: saddr:100932208: daddr:33561200: srtt_us:26457226: RTT:3307153: ssthresh:30: cwnd:28: delivered:49: lost:12: retrans:2
[  248.709751] AAAAA-TCP_SEND: name:enp0s3: saddr:100932208: daddr:33561200: srtt_us:26457226: RTT:3307153: ssthresh:30: cwnd:28: delivered:49: lost:12: retrans:2
[  248.854828] AAAAA-TCP_RECV: name:enp0s3: saddr:16783984: daddr:100932208: srtt_us:27097276: RTT:3387159: ssthresh:28: cwnd:27: delivered:61: lost:0: retrans:1
[  248.854886] AAAAA-TCP_SEND: name:enp0s3: saddr:100932208: daddr:16783984: srtt_us:27314323: RTT:3414290: ssthresh:28: cwnd:28: delivered:62: lost:0: retrans:1
[  248.854932] AAAAA-TCP_SEND: name:enp0s3: saddr:100932208: daddr:16783984: srtt_us:27314323: RTT:3414290: ssthresh:28: cwnd:28: delivered:62: lost:0: retrans:1
[  249.050148] AAAAA-TCP_RECV: name:enp0s3: saddr:33561200: daddr:100932208: srtt_us:26457226: RTT:3307153: ssthresh:30: cwnd:28: delivered:49: lost:12: retrans:2
[  249.050216] AAAAA-TCP_SEND: name:enp0s3: saddr:100932208: daddr:33561200: srtt_us:26949576: RTT:3368697: ssthresh:30: cwnd:29: delivered:50: lost:12: retrans:2
[  249.050271] AAAAA-TCP_SEND: name:enp0s3: saddr:100932208: daddr:33561200: srtt_us:26949576: RTT:3368697: ssthresh:30: cwnd:29: delivered:50: lost:12: retrans:2
[  249.319097] AAAAA-TCP_RECV: name:enp0s3: saddr:16783984: daddr:100932208: srtt_us:27314323: RTT:3414290: ssthresh:28: cwnd:28: delivered:62: lost:0: retrans:1
[  249.319156] AAAAA-TCP_SEND: name:enp0s3: saddr:100932208: daddr:16783984: srtt_us:27968328: RTT:3496041: ssthresh:28: cwnd:29: delivered:63: lost:0: retrans:1
[  249.319200] AAAAA-TCP_SEND: name:enp0s3: saddr:100932208: daddr:16783984: srtt_us:27968328: RTT:3496041: ssthresh:28: cwnd:29: delivered:63: lost:0: retrans:1
[  249.669494] AAAAA-TCP_RECV: name:enp0s3: saddr:16783984: daddr:100932208: srtt_us:27968328: RTT:3496041: ssthresh:28: cwnd:29: delivered:63: lost:0: retrans:1
[  249.669553] AAAAA-TCP_SEND: name:enp0s3: saddr:100932208: daddr:16783984: srtt_us:28890804: RTT:3611350: ssthresh:28: cwnd:29: delivered:64: lost:0: retrans:1
[  249.757854] AAAAA-TCP_RECV: name:enp0s3: saddr:33561200: daddr:100932208: srtt_us:26949576: RTT:3368697: ssthresh:30: cwnd:29: delivered:50: lost:12: retrans:2
[  249.757905] AAAAA-TCP_SEND: name:enp0s3: saddr:100932208: daddr:33561200: srtt_us:28087904: RTT:3510988: ssthresh:30: cwnd:30: delivered:52: lost:12: retrans:2
[  249.757949] AAAAA-TCP_SEND: name:enp0s3: saddr:100932208: daddr:33561200: srtt_us:28087904: RTT:3510988: ssthresh:30: cwnd:30: delivered:52: lost:12: retrans:2
[  249.758806] AAAAA-TCP_SEND: name:enp0s3: saddr:100932208: daddr:33561200: srtt_us:28087904: RTT:3510988: ssthresh:30: cwnd:30: delivered:52: lost:12: retrans:2
[  249.803746] AAAAA-TCP_RECV: name:enp0s3: saddr:16783984: daddr:100932208: srtt_us:28890804: RTT:3611350: ssthresh:28: cwnd:29: delivered:64: lost:0: retrans:1
[  249.803817] AAAAA-TCP_SEND: name:enp0s3: saddr:100932208: daddr:16783984: srtt_us:29828441: RTT:3728555: ssthresh:28: cwnd:30: delivered:65: lost:0: retrans:1
[  249.803843] AAAAA-TCP_SEND: name:enp0s3: saddr:100932208: daddr:16783984: srtt_us:29828441: RTT:3728555: ssthresh:28: cwnd:30: delivered:65: lost:0: retrans:1
[  250.087746] AAAAA-TCP_RECV: name:enp0s3: saddr:33561200: daddr:100932208: srtt_us:28087904: RTT:3510988: ssthresh:30: cwnd:30: delivered:52: lost:12: retrans:2
[  250.087798] AAAAA-TCP_SEND: name:enp0s3: saddr:100932208: daddr:33561200: srtt_us:29409854: RTT:3676231: ssthresh:30: cwnd:31: delivered:53: lost:12: retrans:2
[  250.087839] AAAAA-TCP_SEND: name:enp0s3: saddr:100932208: daddr:33561200: srtt_us:29409854: RTT:3676231: ssthresh:30: cwnd:31: delivered:53: lost:12: retrans:2
[  250.444384] AAAAA-TCP_RECV: name:enp0s3: saddr:16783984: daddr:100932208: srtt_us:29828441: RTT:3728555: ssthresh:28: cwnd:30: delivered:65: lost:0: retrans:1
[  250.444420] AAAAA-TCP_SEND: name:enp0s3: saddr:100932208: daddr:16783984: srtt_us:31289289: RTT:3911161: ssthresh:28: cwnd:30: delivered:66: lost:0: retrans:1
[  250.785198] AAAAA-TCP_RECV: name:enp0s3: saddr:33561200: daddr:100932208: srtt_us:29409854: RTT:3676231: ssthresh:30: cwnd:31: delivered:53: lost:12: retrans:2
[  250.785253] AAAAA-TCP_SEND: name:enp0s3: saddr:100932208: daddr:33561200: srtt_us:31263834: RTT:3907979: ssthresh:30: cwnd:31: delivered:54: lost:12: retrans:2
[  250.928316] AAAAA-TCP_RECV: name:enp0s3: saddr:16783984: daddr:100932208: srtt_us:31289289: RTT:3911161: ssthresh:28: cwnd:30: delivered:66: lost:0: retrans:1
[  250.928385] AAAAA-TCP_SEND: name:enp0s3: saddr:100932208: daddr:16783984: srtt_us:33050966: RTT:4131370: ssthresh:28: cwnd:31: delivered:67: lost:0: retrans:1
[  250.928414] AAAAA-TCP_SEND: name:enp0s3: saddr:100932208: daddr:16783984: srtt_us:33050966: RTT:4131370: ssthresh:28: cwnd:31: delivered:67: lost:0: retrans:1
[  251.282797] AAAAA-TCP_RECV: name:enp0s3: saddr:33561200: daddr:100932208: srtt_us:31263834: RTT:3907979: ssthresh:30: cwnd:31: delivered:54: lost:12: retrans:2
[  251.282846] AAAAA-TCP_SEND: name:enp0s3: saddr:100932208: daddr:33561200: srtt_us:33383122: RTT:4172890: ssthresh:30: cwnd:32: delivered:55: lost:12: retrans:2
[  251.282873] AAAAA-TCP_SEND: name:enp0s3: saddr:100932208: daddr:33561200: srtt_us:33383122: RTT:4172890: ssthresh:30: cwnd:32: delivered:55: lost:12: retrans:2
[  251.529888] AAAAA-TCP_RECV: name:enp0s3: saddr:16783984: daddr:100932208: srtt_us:33050966: RTT:4131370: ssthresh:28: cwnd:31: delivered:67: lost:0: retrans:1
[  251.529938] AAAAA-TCP_SEND: name:enp0s3: saddr:100932208: daddr:16783984: srtt_us:35193826: RTT:4399228: ssthresh:28: cwnd:31: delivered:68: lost:0: retrans:1
[  251.577027] AAAAA-TCP_RECV: name:enp0s3: saddr:33561200: daddr:100932208: srtt_us:33383122: RTT:4172890: ssthresh:30: cwnd:32: delivered:55: lost:12: retrans:2
[  251.577110] AAAAA-TCP_SEND: name:enp0s3: saddr:100932208: daddr:33561200: srtt_us:35531596: RTT:4441449: ssthresh:30: cwnd:32: delivered:56: lost:12: retrans:2
[  251.814600] AAAAA-TCP_RECV: name:enp0s3: saddr:16783984: daddr:100932208: srtt_us:35193826: RTT:4399228: ssthresh:28: cwnd:31: delivered:68: lost:0: retrans:1
[  251.814666] AAAAA-TCP_SEND: name:enp0s3: saddr:100932208: daddr:16783984: srtt_us:37353382: RTT:4669172: ssthresh:28: cwnd:32: delivered:69: lost:0: retrans:1
[  251.814697] AAAAA-TCP_SEND: name:enp0s3: saddr:100932208: daddr:16783984: srtt_us:37353382: RTT:4669172: ssthresh:28: cwnd:32: delivered:69: lost:0: retrans:1
[  252.084895] AAAAA-TCP_RECV: name:enp0s3: saddr:33561200: daddr:100932208: srtt_us:35531596: RTT:4441449: ssthresh:30: cwnd:32: delivered:56: lost:12: retrans:2
[  252.084967] AAAAA-TCP_SEND: name:enp0s3: saddr:100932208: daddr:33561200: srtt_us:37919202: RTT:4739900: ssthresh:30: cwnd:33: delivered:57: lost:12: retrans:2
[  252.084999] AAAAA-TCP_SEND: name:enp0s3: saddr:100932208: daddr:33561200: srtt_us:37919202: RTT:4739900: ssthresh:30: cwnd:33: delivered:57: lost:12: retrans:2
[  252.148827] AAAAA-TCP_RECV: name:enp0s3: saddr:16783984: daddr:100932208: srtt_us:37353382: RTT:4669172: ssthresh:28: cwnd:32: delivered:69: lost:0: retrans:1
[  252.148883] AAAAA-TCP_SEND: name:enp0s3: saddr:100932208: daddr:16783984: srtt_us:39577081: RTT:4947135: ssthresh:28: cwnd:32: delivered:70: lost:0: retrans:1
[  252.188677] AAAAA-TCP_RECV: name:enp0s3: saddr:33561200: daddr:100932208: srtt_us:37919202: RTT:4739900: ssthresh:30: cwnd:33: delivered:57: lost:12: retrans:2
[  252.188720] AAAAA-TCP_SEND: name:enp0s3: saddr:100932208: daddr:33561200: srtt_us:40111991: RTT:5013998: ssthresh:30: cwnd:33: delivered:58: lost:12: retrans:2
[  252.558588] AAAAA-TCP_RECV: name:enp0s3: saddr:16783984: daddr:100932208: srtt_us:39577081: RTT:4947135: ssthresh:28: cwnd:32: delivered:70: lost:0: retrans:1
[  252.558656] AAAAA-TCP_SEND: name:enp0s3: saddr:100932208: daddr:16783984: srtt_us:41932409: RTT:5241551: ssthresh:28: cwnd:33: delivered:71: lost:0: retrans:1
[  252.558683] AAAAA-TCP_SEND: name:enp0s3: saddr:100932208: daddr:16783984: srtt_us:41932409: RTT:5241551: ssthresh:28: cwnd:33: delivered:71: lost:0: retrans:1
[  252.920214] AAAAA-TCP_RECV: name:enp0s3: saddr:33561200: daddr:100932208: srtt_us:40111991: RTT:5013998: ssthresh:30: cwnd:33: delivered:58: lost:12: retrans:2
[  253.181711] AAAAA-TCP_RECV: name:enp0s3: saddr:16783984: daddr:100932208: srtt_us:41932409: RTT:5241551: ssthresh:28: cwnd:33: delivered:71: lost:0: retrans:1
[  253.181798] AAAAA-TCP_SEND: name:enp0s3: saddr:100932208: daddr:16783984: srtt_us:44616281: RTT:5577035: ssthresh:28: cwnd:33: delivered:72: lost:0: retrans:1
[  253.245980] AAAAA-TCP_RECV: name:enp0s3: saddr:33561200: daddr:100932208: srtt_us:42762059: RTT:5345257: ssthresh:30: cwnd:34: delivered:59: lost:12: retrans:2
[  253.377287] AAAAA-TCP_RECV: name:enp0s3: saddr:16783984: daddr:100932208: srtt_us:44616281: RTT:5577035: ssthresh:28: cwnd:33: delivered:72: lost:0: retrans:1
