[    0.000000] Linux version 5.4.243-mptcp (root@ztg) (gcc version 12.2.0 (Debian 12.2.0-14+deb12u1)) #53 SMP Wed Dec 24 23:28:15 CST 2025
[    0.000000] Command line: BOOT_IMAGE=/boot/vmlinuz-5.4.243-mptcp root=UUID=98415a12-53b7-4144-8265-0f7ece09e445 ro quiet splash
[    0.000000] KERNEL supported cpus:
[    0.000000]   Intel GenuineIntel
[    0.000000]   AMD AuthenticAMD
[    0.000000]   Hygon HygonGenuine
[    0.000000]   Centaur CentaurHauls
[    0.000000]   zhaoxin   Shanghai  
[    0.000000] x86/fpu: Supporting XSAVE feature 0x001: 'x87 floating point registers'
[    0.000000] x86/fpu: Supporting XSAVE feature 0x002: 'SSE registers'
[    0.000000] x86/fpu: Supporting XSAVE feature 0x004: 'AVX registers'
[    0.000000] x86/fpu: xstate_offset[2]:  576, xstate_sizes[2]:  256
[    0.000000] x86/fpu: Enabled xstate features 0x7, context size is 832 bytes, using 'standard' format.
[    0.000000] BIOS-provided physical RAM map:
[    0.000000] BIOS-e820: [mem 0x0000000000000000-0x000000000009fbff] usable
[    0.000000] BIOS-e820: [mem 0x000000000009fc00-0x000000000009ffff] reserved
[    0.000000] BIOS-e820: [mem 0x00000000000f0000-0x00000000000fffff] reserved
[    0.000000] BIOS-e820: [mem 0x0000000000100000-0x000000007ffeffff] usable
[    0.000000] BIOS-e820: [mem 0x000000007fff0000-0x000000007fffffff] ACPI data
[    0.000000] BIOS-e820: [mem 0x00000000fec00000-0x00000000fec00fff] reserved
[    0.000000] BIOS-e820: [mem 0x00000000fee00000-0x00000000fee00fff] reserved
[    0.000000] BIOS-e820: [mem 0x00000000fffc0000-0x00000000ffffffff] reserved
[    0.000000] NX (Execute Disable) protection: active
[    0.000000] SMBIOS 2.5 present.
[    0.000000] DMI: innotek GmbH VirtualBox/VirtualBox, BIOS VirtualBox 12/01/2006
[    0.000000] Hypervisor detected: KVM
[    0.000000] kvm-clock: Using msrs 4b564d01 and 4b564d00
[    0.000000] kvm-clock: cpu 0, msr 21e01001, primary cpu clock
[    0.000000] kvm-clock: using sched offset of 4401815078 cycles
[    0.000003] clocksource: kvm-clock: mask: 0xffffffffffffffff max_cycles: 0x1cd42e4dffb, max_idle_ns: 881590591483 ns
[    0.000005] tsc: Detected 2100.000 MHz processor
[    0.001874] e820: update [mem 0x00000000-0x00000fff] usable ==> reserved
[    0.001876] e820: remove [mem 0x000a0000-0x000fffff] usable
[    0.001879] last_pfn = 0x7fff0 max_arch_pfn = 0x400000000
[    0.001947] MTRR default type: uncachable
[    0.001948] MTRR fixed ranges enabled:
[    0.001949]   00000-9FFFF write-back
[    0.001949]   A0000-BFFFF uncachable
[    0.001950]   C0000-FFFFF write-protect
[    0.001951] MTRR variable ranges enabled:
[    0.001952]   0 base 000000000000 mask 3FFF80000000 write-back
[    0.001953]   1 disabled
[    0.001953]   2 disabled
[    0.001954]   3 disabled
[    0.001954]   4 disabled
[    0.001955]   5 disabled
[    0.001955]   6 disabled
[    0.001955]   7 disabled
[    0.001956]   8 disabled
[    0.001956]   9 disabled
[    0.001957]   10 disabled
[    0.001957]   11 disabled
[    0.001958]   12 disabled
[    0.001958]   13 disabled
[    0.001958]   14 disabled
[    0.001959]   15 disabled
[    0.001975] x86/PAT: Configuration [0-7]: WB  WC  UC- UC  WB  WP  UC- WT  
[    0.002108] found SMP MP-table at [mem 0x0009fff0-0x0009ffff]
[    0.092296] check: Scanning 1 areas for low memory corruption
[    0.092539] RAMDISK: [mem 0x32271000-0x3512ffff]
[    0.092547] ACPI: Early table checksum verification disabled
[    0.092552] ACPI: RSDP 0x00000000000E0000 000024 (v02 VBOX  )
[    0.092556] ACPI: XSDT 0x000000007FFF0030 00003C (v01 VBOX   VBOXXSDT 00000001 ASL  00000061)
[    0.092563] ACPI: FACP 0x000000007FFF00F0 0000F4 (v04 VBOX   VBOXFACP 00000001 ASL  00000061)
[    0.092569] ACPI: DSDT 0x000000007FFF02E0 002353 (v02 VBOX   VBOXBIOS 00000002 VBOX 00029BF3)
[    0.092573] ACPI: FACS 0x000000007FFF0200 000040
[    0.092577] ACPI: FACS 0x000000007FFF0200 000040
[    0.092580] ACPI: APIC 0x000000007FFF0240 000054 (v02 VBOX   VBOXAPIC 00000001 ASL  00000061)
[    0.092583] ACPI: SSDT 0x000000007FFF02A0 000038 (v01 VBOX   VBOXCPUT 00000002 VBOX 00029BF3)
[    0.092587] ACPI: Reserving FACP table memory at [mem 0x7fff00f0-0x7fff01e3]
[    0.092588] ACPI: Reserving DSDT table memory at [mem 0x7fff02e0-0x7fff2632]
[    0.092588] ACPI: Reserving FACS table memory at [mem 0x7fff0200-0x7fff023f]
[    0.092589] ACPI: Reserving FACS table memory at [mem 0x7fff0200-0x7fff023f]
[    0.092590] ACPI: Reserving APIC table memory at [mem 0x7fff0240-0x7fff0293]
[    0.092590] ACPI: Reserving SSDT table memory at [mem 0x7fff02a0-0x7fff02d7]
[    0.092604] ACPI: Local APIC address 0xfee00000
[    0.092792] No NUMA configuration found
[    0.092793] Faking a node at [mem 0x0000000000000000-0x000000007ffeffff]
[    0.092803] NODE_DATA(0) allocated [mem 0x7ffc5000-0x7ffeffff]
[    0.093063] Zone ranges:
[    0.093064]   DMA      [mem 0x0000000000001000-0x0000000000ffffff]
[    0.093065]   DMA32    [mem 0x0000000001000000-0x000000007ffeffff]
[    0.093066]   Normal   empty
[    0.093067]   Device   empty
[    0.093067] Movable zone start for each node
[    0.093069] Early memory node ranges
[    0.093070]   node   0: [mem 0x0000000000001000-0x000000000009efff]
[    0.093071]   node   0: [mem 0x0000000000100000-0x000000007ffeffff]
[    0.093074] Zeroed struct page in unavailable ranges: 114 pages
[    0.093075] Initmem setup node 0 [mem 0x0000000000001000-0x000000007ffeffff]
[    0.093076] On node 0 totalpages: 524174
[    0.093077]   DMA zone: 64 pages used for memmap
[    0.093077]   DMA zone: 21 pages reserved
[    0.093078]   DMA zone: 3998 pages, LIFO batch:0
[    0.093150]   DMA32 zone: 8128 pages used for memmap
[    0.093151]   DMA32 zone: 520176 pages, LIFO batch:63
[    0.102064] ACPI: PM-Timer IO Port: 0x4008
[    0.102067] ACPI: Local APIC address 0xfee00000
[    0.102136] IOAPIC[0]: apic_id 1, version 32, address 0xfec00000, GSI 0-23
[    0.102139] ACPI: INT_SRC_OVR (bus 0 bus_irq 0 global_irq 2 dfl dfl)
[    0.102141] ACPI: INT_SRC_OVR (bus 0 bus_irq 9 global_irq 9 low level)
[    0.102143] ACPI: IRQ0 used by override.
[    0.102144] ACPI: IRQ9 used by override.
[    0.102146] Using ACPI (MADT) for SMP configuration information
[    0.102153] smpboot: Allowing 1 CPUs, 0 hotplug CPUs
[    0.102174] PM: Registered nosave memory: [mem 0x00000000-0x00000fff]
[    0.102175] PM: Registered nosave memory: [mem 0x0009f000-0x0009ffff]
[    0.102176] PM: Registered nosave memory: [mem 0x000a0000-0x000effff]
[    0.102177] PM: Registered nosave memory: [mem 0x000f0000-0x000fffff]
[    0.102178] [mem 0x80000000-0xfebfffff] available for PCI devices
[    0.102179] Booting paravirtualized kernel on KVM
[    0.102182] clocksource: refined-jiffies: mask: 0xffffffff max_cycles: 0xffffffff, max_idle_ns: 7645519600211568 ns
[    0.102187] setup_percpu: NR_CPUS:8192 nr_cpumask_bits:1 nr_cpu_ids:1 nr_node_ids:1
[    0.103177] percpu: Embedded 60 pages/cpu s208896 r8192 d28672 u2097152
[    0.103182] pcpu-alloc: s208896 r8192 d28672 u2097152 alloc=1*2097152
[    0.103183] pcpu-alloc: [0] 0 
[    0.103211] Built 1 zonelists, mobility grouping on.  Total pages: 515961
[    0.103211] Policy zone: DMA32
[    0.103213] Kernel command line: BOOT_IMAGE=/boot/vmlinuz-5.4.243-mptcp root=UUID=98415a12-53b7-4144-8265-0f7ece09e445 ro quiet splash
[    0.104034] Dentry cache hash table entries: 262144 (order: 9, 2097152 bytes, linear)
[    0.104179] Inode-cache hash table entries: 131072 (order: 8, 1048576 bytes, linear)
[    0.104227] mem auto-init: stack:off, heap alloc:on, heap free:off
[    0.104230] Calgary: detecting Calgary via BIOS EBDA area
[    0.104231] Calgary: Unable to locate Rio Grande table in EBDA - bailing!
[    0.108260] Memory: 1967332K/2096696K available (14339K kernel code, 2398K rwdata, 4712K rodata, 2728K init, 17260K bss, 129364K reserved, 0K cma-reserved)
[    0.109177] SLUB: HWalign=64, Order=0-3, MinObjects=0, CPUs=1, Nodes=1
[    0.109193] ftrace: allocating 43186 entries in 169 pages
[    0.127262] rcu: Hierarchical RCU implementation.
[    0.127264] rcu: 	RCU restricting CPUs from NR_CPUS=8192 to nr_cpu_ids=1.
[    0.127265] 	Tasks RCU enabled.
[    0.127266] rcu: RCU calculated value of scheduler-enlistment delay is 25 jiffies.
[    0.127267] rcu: Adjusting geometry for rcu_fanout_leaf=16, nr_cpu_ids=1
[    0.130223] NR_IRQS: 524544, nr_irqs: 256, preallocated irqs: 16
[    0.130436] random: crng init done
[    0.139758] Console: colour VGA+ 80x25
[    0.139762] printk: console [tty0] enabled
[    0.139782] ACPI: Core revision 20190816
[    0.139895] APIC: Switch to symmetric I/O mode setup
[    0.140142] x2apic enabled
[    0.140382] Switched APIC routing to physical x2apic.
[    0.141519] ..TIMER: vector=0x30 apic1=0 pin1=2 apic2=-1 pin2=-1
[    0.141543] clocksource: tsc-early: mask: 0xffffffffffffffff max_cycles: 0x1e4530a99b6, max_idle_ns: 440795257976 ns
[    0.141549] Calibrating delay loop (skipped) preset value.. 4200.00 BogoMIPS (lpj=8400000)
[    0.141551] pid_max: default: 32768 minimum: 301
[    0.141579] LSM: Security Framework initializing
[    0.141589] Yama: becoming mindful.
[    0.141613] AppArmor: AppArmor initialized
[    0.141645] Mount-cache hash table entries: 4096 (order: 3, 32768 bytes, linear)
[    0.141650] Mountpoint-cache hash table entries: 4096 (order: 3, 32768 bytes, linear)
[    0.141660] *** VALIDATE tmpfs ***
[    0.141788] *** VALIDATE proc ***
[    0.141828] *** VALIDATE cgroup1 ***
[    0.141830] *** VALIDATE cgroup2 ***
[    0.141970] process: using mwait in idle threads
[    0.141975] Last level iTLB entries: 4KB 64, 2MB 8, 4MB 8
[    0.141975] Last level dTLB entries: 4KB 64, 2MB 0, 4MB 0, 1GB 4
[    0.141995] Spectre V1 : Mitigation: usercopy/swapgs barriers and __user pointer sanitization
[    0.142001] Spectre V2 : Mitigation: Retpolines
[    0.142001] Spectre V2 : Spectre v2 / SpectreRSB mitigation: Filling RSB on context switch
[    0.142002] Spectre V2 : Spectre v2 / SpectreRSB : Filling RSB on VMEXIT
[    0.142002] RETBleed: WARNING: Spectre v2 mitigation leaves CPU vulnerable to RETBleed attacks, data leaks possible!
[    0.142355] RETBleed: Vulnerable
[    0.142355] Speculative Store Bypass: Vulnerable
[    0.142360] TAA: Mitigation: TSX disabled
[    0.142361] MMIO Stale Data: Mitigation: Clear CPU buffers
[    0.146560] Freeing SMP alternatives memory: 40K
[    0.258425] smpboot: CPU0: Intel(R) Xeon(R) Silver 4216 CPU @ 2.10GHz (family: 0x6, model: 0x55, stepping: 0x7)
[    0.258560] Performance Events: unsupported p6 CPU model 85 no PMU driver, software events only.
[    0.258597] rcu: Hierarchical SRCU implementation.
[    0.259087] NMI watchdog: Perf NMI watchdog permanently disabled
[    0.259127] smp: Bringing up secondary CPUs ...
[    0.259128] smp: Brought up 1 node, 1 CPU
[    0.259129] smpboot: Max logical packages: 1
[    0.259130] smpboot: Total of 1 processors activated (4200.00 BogoMIPS)
[    0.260076] devtmpfs: initialized
[    0.260124] x86/mm: Memory block size: 128MB
[    0.260491] clocksource: jiffies: mask: 0xffffffff max_cycles: 0xffffffff, max_idle_ns: 7645041785100000 ns
[    0.260498] futex hash table entries: 256 (order: 2, 16384 bytes, linear)
[    0.260545] pinctrl core: initialized pinctrl subsystem
[    0.260649] PM: RTC time: 21:52:08, date: 2026-01-17
[    0.260773] NET: Registered protocol family 16
[    0.260858] audit: initializing netlink subsys (disabled)
[    0.260999] EISA bus registered
[    0.261000] cpuidle: using governor ladder
[    0.261001] cpuidle: using governor menu
[    0.261039] ACPI: bus type PCI registered
[    0.261040] acpiphp: ACPI Hot Plug PCI Controller Driver version: 0.5
[    0.261145] PCI: Using configuration type 1 for base access
[    0.262251] audit: type=2000 audit(1768657934.813:1): state=initialized audit_enabled=0 res=1
[    0.262331] HugeTLB registered 2.00 MiB page size, pre-allocated 0 pages
[    0.263197] ACPI: Added _OSI(Module Device)
[    0.263197] ACPI: Added _OSI(Processor Device)
[    0.263198] ACPI: Added _OSI(3.0 _SCP Extensions)
[    0.263199] ACPI: Added _OSI(Processor Aggregator Device)
[    0.263200] ACPI: Added _OSI(Linux-Dell-Video)
[    0.263201] ACPI: Added _OSI(Linux-Lenovo-NV-HDMI-Audio)
[    0.263202] ACPI: Added _OSI(Linux-HPI-Hybrid-Graphics)
[    0.265204] ACPI: 2 ACPI AML tables successfully acquired and loaded
[    0.266845] ACPI: Interpreter enabled
[    0.266857] ACPI: (supports S0 S5)
[    0.266858] ACPI: Using IOAPIC for interrupt routing
[    0.267096] PCI: Using host bridge windows from ACPI; if necessary, use "pci=nocrs" and report a bug
[    0.267222] ACPI: Enabled 2 GPEs in block 00 to 07
[    0.272268] ACPI: PCI Root Bridge [PCI0] (domain 0000 [bus 00-ff])
[    0.272273] acpi PNP0A03:00: _OSC: OS supports [ASPM ClockPM Segments MSI HPX-Type3]
[    0.272717] acpi PNP0A03:00: _OSC: not requesting OS control; OS requires [ExtendedConfig ASPM ClockPM MSI]
[    0.272725] acpi PNP0A03:00: fail to add MMCONFIG information, can't access extended PCI configuration space under this bridge.
[    0.273098] PCI host bridge to bus 0000:00
[    0.273100] pci_bus 0000:00: root bus resource [io  0x0000-0x0cf7 window]
[    0.273101] pci_bus 0000:00: root bus resource [io  0x0d00-0xffff window]
[    0.273102] pci_bus 0000:00: root bus resource [mem 0x000a0000-0x000bffff window]
[    0.273103] pci_bus 0000:00: root bus resource [mem 0x80000000-0xfdffffff window]
[    0.273104] pci_bus 0000:00: root bus resource [bus 00-ff]
[    0.273146] pci 0000:00:00.0: [8086:1237] type 00 class 0x060000
[    0.274115] pci 0000:00:01.0: [8086:7000] type 00 class 0x060100
[    0.274867] pci 0000:00:01.1: [8086:7111] type 00 class 0x01018a
[    0.275244] pci 0000:00:01.1: reg 0x20: [io  0xd000-0xd00f]
[    0.275400] pci 0000:00:01.1: legacy IDE quirk: reg 0x10: [io  0x01f0-0x01f7]
[    0.275401] pci 0000:00:01.1: legacy IDE quirk: reg 0x14: [io  0x03f6]
[    0.275402] pci 0000:00:01.1: legacy IDE quirk: reg 0x18: [io  0x0170-0x0177]
[    0.275403] pci 0000:00:01.1: legacy IDE quirk: reg 0x1c: [io  0x0376]
[    0.275937] pci 0000:00:02.0: [15ad:0405] type 00 class 0x030000
[    0.277627] pci 0000:00:02.0: reg 0x10: [io  0xd010-0xd01f]
[    0.281593] pci 0000:00:02.0: reg 0x14: [mem 0xe0000000-0xe7ffffff pref]
[    0.284349] pci 0000:00:02.0: reg 0x18: [mem 0xf0000000-0xf01fffff]
[    0.294351] pci 0000:00:03.0: [1022:2000] type 00 class 0x020000
[    0.295126] pci 0000:00:03.0: reg 0x10: [io  0xd020-0xd03f]
[    0.297690] pci 0000:00:03.0: reg 0x14: [mem 0xf0200000-0xf0200fff]
[    0.301355] pci 0000:00:04.0: [80ee:cafe] type 00 class 0x088000
[    0.301678] pci 0000:00:04.0: reg 0x10: [io  0xd040-0xd05f]
[    0.302309] pci 0000:00:04.0: reg 0x14: [mem 0xf0400000-0xf07fffff]
[    0.302936] pci 0000:00:04.0: reg 0x18: [mem 0xf0800000-0xf0803fff pref]
[    0.306545] pci 0000:00:07.0: [8086:7113] type 00 class 0x068000
[    0.307094] pci 0000:00:07.0: quirk: [io  0x4000-0x403f] claimed by PIIX4 ACPI
[    0.307105] pci 0000:00:07.0: quirk: [io  0x4100-0x410f] claimed by PIIX4 SMB
[    0.307718] pci 0000:00:08.0: [8086:100e] type 00 class 0x020000
[    0.308475] pci 0000:00:08.0: reg 0x10: [mem 0xf0820000-0xf083ffff]
[    0.309658] pci 0000:00:08.0: reg 0x18: [io  0xd060-0xd067]
[    0.313598] pci 0000:00:09.0: [8086:100e] type 00 class 0x020000
[    0.314330] pci 0000:00:09.0: reg 0x10: [mem 0xf0840000-0xf085ffff]
[    0.315495] pci 0000:00:09.0: reg 0x18: [io  0xd068-0xd06f]
[    0.326268] ACPI: PCI Interrupt Link [LNKA] (IRQs 5 9 10 *11)
[    0.326558] ACPI: PCI Interrupt Link [LNKB] (IRQs 5 9 *10 11)
[    0.326665] ACPI: PCI Interrupt Link [LNKC] (IRQs 5 *9 10 11)
[    0.326766] ACPI: PCI Interrupt Link [LNKD] (IRQs 5 9 10 *11)
[    0.327036] iommu: Default domain type: Translated 
[    0.327096] pci 0000:00:02.0: vgaarb: setting as boot VGA device
[    0.327098] pci 0000:00:02.0: vgaarb: VGA device added: decodes=io+mem,owns=io+mem,locks=none
[    0.327100] pci 0000:00:02.0: vgaarb: bridge control possible
[    0.327101] vgaarb: loaded
[    0.327314] SCSI subsystem initialized
[    0.327345] libata version 3.00 loaded.
[    0.327368] ACPI: bus type USB registered
[    0.327383] usbcore: registered new interface driver usbfs
[    0.327389] usbcore: registered new interface driver hub
[    0.327394] usbcore: registered new device driver usb
[    0.327422] pps_core: LinuxPPS API ver. 1 registered
[    0.327423] pps_core: Software ver. 5.3.6 - Copyright 2005-2007 Rodolfo Giometti <giometti@linux.it>
[    0.327425] PTP clock support registered
[    0.327458] EDAC MC: Ver: 3.0.0
[    0.327743] PCI: Using ACPI for IRQ routing
[    0.327745] PCI: pci_cache_line_size set to 64 bytes
[    0.327915] e820: reserve RAM buffer [mem 0x0009fc00-0x0009ffff]
[    0.327918] e820: reserve RAM buffer [mem 0x7fff0000-0x7fffffff]
[    0.328726] NetLabel: Initializing
[    0.328727] NetLabel:  domain hash size = 128
[    0.328727] NetLabel:  protocols = UNLABELED CIPSOv4 CALIPSO
[    0.328747] NetLabel:  unlabeled traffic allowed by default
[    0.329545] clocksource: Switched to clocksource kvm-clock
[    0.339821] *** VALIDATE bpf ***
[    0.339879] VFS: Disk quotas dquot_6.6.0
[    0.339891] VFS: Dquot-cache hash table entries: 512 (order 0, 4096 bytes)
[    0.339913] *** VALIDATE ramfs ***
[    0.339916] *** VALIDATE hugetlbfs ***
[    0.339994] AppArmor: AppArmor Filesystem Enabled
[    0.340020] pnp: PnP ACPI init
[    0.340086] pnp 00:00: Plug and Play ACPI device, IDs PNP0303 (active)
[    0.340153] pnp 00:01: Plug and Play ACPI device, IDs PNP0f03 (active)
[    0.340896] pnp: PnP ACPI: found 2 devices
[    0.341846] thermal_sys: Registered thermal governor 'fair_share'
[    0.341846] thermal_sys: Registered thermal governor 'bang_bang'
[    0.341847] thermal_sys: Registered thermal governor 'step_wise'
[    0.341848] thermal_sys: Registered thermal governor 'user_space'
[    0.341848] thermal_sys: Registered thermal governor 'power_allocator'
[    0.346361] clocksource: acpi_pm: mask: 0xffffff max_cycles: 0xffffff, max_idle_ns: 2085701024 ns
[    0.346400] pci_bus 0000:00: resource 4 [io  0x0000-0x0cf7 window]
[    0.346402] pci_bus 0000:00: resource 5 [io  0x0d00-0xffff window]
[    0.346403] pci_bus 0000:00: resource 6 [mem 0x000a0000-0x000bffff window]
[    0.346404] pci_bus 0000:00: resource 7 [mem 0x80000000-0xfdffffff window]
[    0.346462] NET: Registered protocol family 2
[    0.346536] IP idents hash table entries: 32768 (order: 6, 262144 bytes, linear)
[    0.346939] MPTCP tokens hash table entries: 8192 (order: 4, 65536 bytes, linear)
[    0.346959] MPTCP request tokens hash table entries: 8192 (order: 4, 65536 bytes, linear)
[    0.346984] default registered
[    0.346984] default registered
[    0.346984] MPTCP: Stable release v0.96
[    0.346989] tcp_listen_portaddr_hash hash table entries: 1024 (order: 2, 16384 bytes, linear)
[    0.347067] TCP established hash table entries: 16384 (order: 5, 131072 bytes, linear)
[    0.347129] TCP bind hash table entries: 16384 (order: 6, 262144 bytes, linear)
[    0.347154] TCP: Hash tables configured (established 16384 bind 16384)
[    0.347865] UDP hash table entries: 1024 (order: 3, 32768 bytes, linear)
[    0.347876] UDP-Lite hash table entries: 1024 (order: 3, 32768 bytes, linear)
[    0.347911] NET: Registered protocol family 1
[    0.347919] NET: Registered protocol family 44
[    0.347940] pci 0000:00:00.0: Limiting direct PCI/PCI transfers
[    0.347952] pci 0000:00:01.0: Activating ISA DMA hang workarounds
[    0.348009] pci 0000:00:02.0: Video device with shadowed ROM at [mem 0x000c0000-0x000dffff]
[    0.348071] PCI: CLS 0 bytes, default 64
[    0.348118] Trying to unpack rootfs image as initramfs...
[    0.515388] Freeing initrd memory: 47868K
[    0.515388] clocksource: tsc: mask: 0xffffffffffffffff max_cycles: 0x1e4530a99b6, max_idle_ns: 440795257976 ns
[    0.515388] clocksource: Switched to clocksource tsc
[    0.515388] platform rtc_cmos: registered platform RTC device (no PNP device found)
[    0.515388] check: Scanning for low memory corruption every 60 seconds
[    0.515388] Initialise system trusted keyrings
[    0.515388] Key type blacklist registered
[    0.515388] workingset: timestamp_bits=36 max_order=19 bucket_order=0
[    0.515388] zbud: loaded
[    0.515388] squashfs: version 4.0 (2009/01/31) Phillip Lougher
[    0.515388] fuse: init (API version 7.31)
[    0.515388] *** VALIDATE fuse ***
[    0.515388] *** VALIDATE fuse ***
[    0.515388] Platform Keyring initialized
[    0.529980] Key type asymmetric registered
[    0.529981] Asymmetric key parser 'x509' registered
[    0.529990] Block layer SCSI generic (bsg) driver version 0.4 loaded (major 244)
[    0.530024] io scheduler mq-deadline registered
[    0.530142] shpchp: Standard Hot Plug PCI Controller Driver version: 0.4
[    0.530359] ACPI: AC Adapter [AC] (on-line)
[    0.530403] input: Power Button as /devices/LNXSYSTM:00/LNXPWRBN:00/input/input0
[    0.530431] ACPI: Power Button [PWRF]
[    0.530512] input: Sleep Button as /devices/LNXSYSTM:00/LNXSLPBN:00/input/input1
[    0.530527] ACPI: Sleep Button [SLPF]
[    0.530781] Serial: 8250/16550 driver, 32 ports, IRQ sharing enabled
[    0.531934] Linux agpgart interface v0.103
[    0.627163] loop: module loaded
[    0.627305] ata_piix 0000:00:01.1: version 2.13
[    0.627704] scsi host0: ata_piix
[    0.627796] scsi host1: ata_piix
[    0.627822] ata1: PATA max UDMA/33 cmd 0x1f0 ctl 0x3f6 bmdma 0xd000 irq 14
[    0.627822] ata2: PATA max UDMA/33 cmd 0x170 ctl 0x376 bmdma 0xd008 irq 15
[    0.627900] tun: Universal TUN/TAP device driver, 1.6
[    0.628197] PPP generic driver version 2.4.2
[    0.628238] VFIO - User Level meta-driver version: 0.3
[    0.628471] ehci_hcd: USB 2.0 'Enhanced' Host Controller (EHCI) Driver
[    0.628476] ehci-pci: EHCI PCI platform driver
[    0.628490] ehci-platform: EHCI generic platform driver
[    0.628496] ohci_hcd: USB 1.1 'Open' Host Controller (OHCI) Driver
[    0.628497] ohci-pci: OHCI PCI platform driver
[    0.628505] ohci-platform: OHCI generic platform driver
[    0.628509] uhci_hcd: USB Universal Host Controller Interface driver
[    0.628575] i8042: PNP: PS/2 Controller [PNP0303:PS2K,PNP0f03:PS2M] at 0x60,0x64 irq 1,12
[    0.629005] serio: i8042 KBD port at 0x60,0x64 irq 1
[    0.629009] serio: i8042 AUX port at 0x60,0x64 irq 12
[    0.629093] mousedev: PS/2 mouse device common for all mice
[    0.629338] input: AT Translated Set 2 keyboard as /devices/platform/i8042/serio0/input/input2
[    0.629737] rtc_cmos rtc_cmos: registered as rtc0
[    0.629750] rtc_cmos rtc_cmos: alarms up to one day, 114 bytes nvram
[    0.629755] i2c /dev entries driver
[    0.629800] device-mapper: uevent: version 1.0.3
[    0.629842] device-mapper: ioctl: 4.41.0-ioctl (2019-09-16) initialised: dm-devel@redhat.com
[    0.629858] platform eisa.0: Probing EISA bus 0
[    0.629859] platform eisa.0: EISA: Cannot allocate resource for mainboard
[    0.629860] platform eisa.0: Cannot allocate resource for EISA slot 1
[    0.629862] platform eisa.0: Cannot allocate resource for EISA slot 2
[    0.629863] platform eisa.0: Cannot allocate resource for EISA slot 3
[    0.629863] platform eisa.0: Cannot allocate resource for EISA slot 4
[    0.629864] platform eisa.0: Cannot allocate resource for EISA slot 5
[    0.629865] platform eisa.0: Cannot allocate resource for EISA slot 6
[    0.629866] platform eisa.0: Cannot allocate resource for EISA slot 7
[    0.629867] platform eisa.0: Cannot allocate resource for EISA slot 8
[    0.629868] platform eisa.0: EISA: Detected 0 cards
[    0.629871] intel_pstate: CPU model not supported
[    0.629880] ledtrig-cpu: registered to indicate activity on CPUs
[    0.629934] drop_monitor: Initializing network drop monitor service
[    0.630092] NET: Registered protocol family 10
[    0.635177] Segment Routing with IPv6
[    0.635208] fullmesh registered
[    0.635209] ndiffports registered
[    0.635211] binder registered
[    0.635211] roundrobin registered
[    0.635212] redundant registered
[    0.635213] blest registered
[    0.635213] ecf registered
[    0.635215] NET: Registered protocol family 17
[    0.635246] Key type dns_resolver registered
[    0.635282] RAS: Correctable Errors collector initialized.
[    0.635282] IPI shorthand broadcast: enabled
[    0.635282] sched_clock: Marking stable (620163058, 11119447)->(634593042, -3310537)
[    0.635417] registered taskstats version 1
[    0.635426] Loading compiled-in X.509 certificates
[    0.636014] Loaded X.509 cert 'Build time autogenerated kernel key: 6909f3744cebb3d0de528d5887b96a727de79b1e'
[    0.636032] zswap: loaded using pool lzo/zbud
[    0.636085] Key type ._fscrypt registered
[    0.636086] Key type .fscrypt registered
[    0.640524] Key type big_key registered
[    0.642690] Key type encrypted registered
[    0.642693] AppArmor: AppArmor sha1 policy hashing enabled
[    0.642700] ima: No TPM chip found, activating TPM-bypass!
[    0.642703] ima: Allocated hash algorithm: sha1
[    0.642708] ima: No architecture policies found
[    0.642717] evm: Initialising EVM extended attributes:
[    0.642717] evm: security.selinux
[    0.642718] evm: security.SMACK64
[    0.642718] evm: security.SMACK64EXEC
[    0.642719] evm: security.SMACK64TRANSMUTE
[    0.642719] evm: security.SMACK64MMAP
[    0.642720] evm: security.apparmor
[    0.642720] evm: security.ima
[    0.642721] evm: security.capability
[    0.642721] evm: HMAC attrs: 0x1
[    0.643011] PM:   Magic number: 10:813:904
[    0.643123] rtc_cmos rtc_cmos: setting system clock to 2026-01-17T21:52:09 UTC (1768686729)
[    0.799078] ata1.00: ATA-6: VBOX HARDDISK, 1.0, max UDMA/133
[    0.799080] ata1.00: 209715200 sectors, multi 128: LBA 
[    0.799581] scsi 0:0:0:0: Direct-Access     ATA      VBOX HARDDISK    1.0  PQ: 0 ANSI: 5
[    0.799785] sd 0:0:0:0: [sda] 209715200 512-byte logical blocks: (107 GB/100 GiB)
[    0.799794] sd 0:0:0:0: [sda] Write Protect is off
[    0.799796] sd 0:0:0:0: [sda] Mode Sense: 00 3a 00 00
[    0.799809] sd 0:0:0:0: [sda] Write cache: enabled, read cache: enabled, doesn't support DPO or FUA
[    0.800034] sd 0:0:0:0: Attached scsi generic sg0 type 0
[    0.800652]  sda: sda1 sda2
[    0.811284] sd 0:0:0:0: [sda] Attached SCSI disk
[    0.813476] Freeing unused decrypted memory: 2040K
[    0.814252] Freeing unused kernel image memory: 2728K
[    0.814255] Write protecting the kernel read-only data: 22528k
[    0.815002] Freeing unused kernel image memory: 2036K
[    0.815428] Freeing unused kernel image memory: 1432K
[    0.832038] x86/mm: Checked W+X mappings: passed, no W+X pages found.
[    0.832041] Run /init as init process
[    0.932895] ACPI: Video Device [GFX0] (multi-head: yes  rom: no  post: no)
[    0.932967] input: Video Bus as /devices/LNXSYSTM:00/LNXSYBUS:00/PNP0A03:00/LNXVIDEO:00/input/input4
[    0.944059] pcnet32: pcnet32.c:v1.35 21.Apr.2008 tsbogend@alpha.franken.de
[    0.947427] piix4_smbus 0000:00:07.0: SMBus Host Controller at 0x4100, revision 0
[    0.948538] pcnet32: PCnet/FAST III 79C973 at 0xd020, 08:00:27:7d:59:0e assigned IRQ 19
[    0.948580] pcnet32: Found PHY 0022:561b at address 0
[    0.948877] pcnet32: eth0: registered as PCnet/FAST III 79C973
[    0.951451] e1000: Intel(R) PRO/1000 Network Driver - version 7.3.21-k8-NAPI
[    0.951452] e1000: Copyright (c) 1999-2006 Intel Corporation.
[    0.963028] pcnet32: 1 cards_found
[    1.021598] pcnet32 0000:00:03.0 enp0s3: renamed from eth0
[    1.165847] input: ImExPS/2 Generic Explorer Mouse as /devices/platform/i8042/serio1/input/input5
[    1.359441] e1000 0000:00:08.0 eth0: (PCI:33MHz:32-bit) 08:00:27:22:d3:aa
[    1.359445] e1000 0000:00:08.0 eth0: Intel(R) PRO/1000 Network Connection
[    1.731472] e1000 0000:00:09.0 eth1: (PCI:33MHz:32-bit) 08:00:27:c9:7a:85
[    1.731474] e1000 0000:00:09.0 eth1: Intel(R) PRO/1000 Network Connection
[    1.732629] e1000 0000:00:09.0 enp0s9: renamed from eth1
[    1.734405] e1000 0000:00:08.0 enp0s8: renamed from eth0
[    1.895115] EXT4-fs (sda2): mounted filesystem with ordered data mode. Opts: (null)
[    1.975342] systemd[1]: Inserted module 'autofs4'
[    1.984356] systemd[1]: systemd 245.4-4ubuntu3 running in system mode. (+PAM +AUDIT +SELINUX +IMA +APPARMOR +SMACK +SYSVINIT +UTMP +LIBCRYPTSETUP +GCRYPT +GNUTLS +ACL +XZ +LZ4 +SECCOMP +BLKID +ELFUTILS +KMOD +IDN2 -IDN +PCRE2 default-hierarchy=hybrid)
[    1.984388] systemd[1]: Detected virtualization oracle.
[    1.984390] systemd[1]: Detected architecture x86-64.
[    1.985657] systemd[1]: Set hostname to <ztg>.
[    2.107551] systemd[1]: /lib/systemd/system/dbus.socket:5: ListenStream= references a path below legacy directory /var/run/, updating /var/run/dbus/system_bus_socket â†’ /run/dbus/system_bus_socket; please update the unit file accordingly.
[    2.159829] systemd[1]: Created slice system-modprobe.slice.
[    2.160010] systemd[1]: Created slice User and Session Slice.
[    2.160051] systemd[1]: Started Forward Password Requests to Wall Directory Watch.
[    2.160210] systemd[1]: Set up automount Arbitrary Executable File Formats File System Automount Point.
[    2.160244] systemd[1]: Reached target User and Group Name Lookups.
[    2.160253] systemd[1]: Reached target Remote File Systems.
[    2.160262] systemd[1]: Reached target Slices.
[    2.161186] systemd[1]: Listening on Syslog Socket.
[    2.161254] systemd[1]: Listening on fsck to fsckd communication Socket.
[    2.161292] systemd[1]: Listening on initctl Compatibility Named Pipe.
[    2.161426] systemd[1]: Listening on Journal Audit Socket.
[    2.161480] systemd[1]: Listening on Journal Socket (/dev/log).
[    2.161545] systemd[1]: Listening on Journal Socket.
[    2.161607] systemd[1]: Listening on udev Control Socket.
[    2.161646] systemd[1]: Listening on udev Kernel Socket.
[    2.162364] systemd[1]: Mounting Huge Pages File System...
[    2.163318] systemd[1]: Mounting POSIX Message Queue File System...
[    2.164197] systemd[1]: Mounting Kernel Debug File System...
[    2.165024] systemd[1]: Mounting Kernel Trace File System...
[    2.166945] systemd[1]: Starting Journal Service...
[    2.188960] systemd[1]: Starting Set the console keyboard layout...
[    2.196772] systemd[1]: Starting Create list of static device nodes for the current kernel...
[    2.198511] systemd[1]: Starting Load Kernel Module drm...
[    2.199527] systemd[1]: Condition check resulted in Set Up Additional Binary Formats being skipped.
[    2.199572] systemd[1]: Condition check resulted in File System Check on Root Device being skipped.
[    2.213744] systemd[1]: Starting Load Kernel Modules...
[    2.218134] systemd[1]: Starting Remount Root and Kernel File Systems...
[    2.227220] systemd[1]: Starting udev Coldplug all Devices...
[    2.236549] systemd[1]: Starting Uncomplicated firewall...
[    2.239520] systemd[1]: Mounted Huge Pages File System.
[    2.239607] systemd[1]: Mounted POSIX Message Queue File System.
[    2.239677] systemd[1]: Mounted Kernel Debug File System.
[    2.239747] systemd[1]: Mounted Kernel Trace File System.
[    2.274804] EXT4-fs (sda2): re-mounted. Opts: errors=remount-ro
[    2.275890] systemd[1]: Finished Create list of static device nodes for the current kernel.
[    2.276971] systemd[1]: modprobe@drm.service: Succeeded.
[    2.285203] systemd[1]: Finished Load Kernel Module drm.
[    2.285594] systemd[1]: Finished Remount Root and Kernel File Systems.
[    2.286963] systemd[1]: Finished Uncomplicated firewall.
[    2.304145] lp: driver loaded but no devices found
[    2.306199] systemd[1]: Condition check resulted in Rebuild Hardware Database being skipped.
[    2.306242] systemd[1]: Condition check resulted in Platform Persistent Storage Archival being skipped.
[    2.306893] systemd[1]: Starting Load/Save Random Seed...
[    2.311468] systemd[1]: Starting Create System Users...
[    2.321281] systemd[1]: Finished Load/Save Random Seed.
[    2.322538] ppdev: user-space parallel port driver
[    2.326219] systemd[1]: Finished Create System Users.
[    2.327094] systemd[1]: Starting Create Static Device Nodes in /dev...
[    2.385578] systemd[1]: Finished Create Static Device Nodes in /dev.
[    2.386524] systemd[1]: Starting udev Kernel Device Manager...
[    2.394786] systemd[1]: Finished udev Coldplug all Devices.
[    2.404901] [drm] DMA map mode: Caching DMA mappings.
[    2.404964] [drm] Capabilities:
[    2.404964] [drm]   Rect copy.
[    2.404965] [drm]   Cursor.
[    2.404965] [drm]   Cursor bypass.
[    2.404965] [drm]   Cursor bypass 2.
[    2.404966] [drm]   Alpha cursor.
[    2.404966] [drm]   Extended Fifo.
[    2.404966] [drm]   Pitchlock.
[    2.404967] [drm]   Irq mask.
[    2.404967] [drm]   GMR.
[    2.404967] [drm]   Traces.
[    2.404968] [drm]   GMR2.
[    2.404968] [drm]   Screen Object 2.
[    2.404968] [drm]   Command Buffers.
[    2.404969] [drm]   Command Buffers 2.
[    2.404969] [drm]   Guest Backed Resources.
[    2.404971] [drm] Max GMR ids is 8192
[    2.404971] [drm] Max number of GMR pages is 1048576
[    2.404972] [drm] Max dedicated hypervisor surface memory is 393216 kiB
[    2.404972] [drm] Maximum display memory size is 131072 kiB
[    2.404973] [drm] VRAM at 0xe0000000 size is 131072 kiB
[    2.404973] [drm] MMIO at 0xf0000000 size is 2048 kiB
[    2.405760] [TTM] Zone  kernel: Available graphics memory: 1011738 KiB
[    2.405760] [TTM] Initializing pool allocator
[    2.405789] [TTM] Initializing DMA pool allocator
[    2.405816] [drm] Supports vblank timestamp caching Rev 2 (21.10.2013).
[    2.405816] [drm] No driver support for vblank timestamp query.
[    2.406048] [drm] Screen Target Display device initialized
[    2.406244] [drm] width 720
[    2.406254] [drm] height 400
[    2.406257] [drm] bpp 32
[    2.406762] [drm] Fifo max 0x00200000 min 0x00001000 cap 0x00000355
[    2.407831] [drm] Using command buffers with DMA pool.
[    2.407835] [drm] DX: no.
[    2.407835] [drm] Atomic: yes.
[    2.407836] [drm] SM4_1: no.
[    2.407855] [drm:vmw_host_log [vmwgfx]] *ERROR* Failed to send host log message.
[    2.410126] [drm:vmw_host_log [vmwgfx]] *ERROR* Failed to send host log message.
[    2.443668] fbcon: svgadrmfb (fb0) is primary device
[    2.445806] Console: switching to colour frame buffer device 100x37
[    2.451303] [drm] Initialized vmwgfx 2.15.0 20180704 for 0000:00:02.0 on minor 0
[    2.452265] systemd[1]: Finished Load Kernel Modules.
[    2.453212] systemd[1]: Mounting FUSE Control File System...
[    2.454387] systemd[1]: Mounting Kernel Configuration File System...
[    2.483440] systemd[1]: Starting Apply Kernel Variables...
[    2.487750] systemd[1]: Finished Set the console keyboard layout.
[    2.488452] systemd[1]: Mounted FUSE Control File System.
[    2.488525] systemd[1]: Reached target Local File Systems (Pre).
[    2.488545] systemd[1]: Condition check resulted in VMware vmblock fuse mount being skipped.
[    2.497406] systemd[1]: Mounting Mount unit for bare, revision 5...
[    2.523237] systemd[1]: Mounting Mount unit for core18, revision 1705...
[    2.531480] systemd[1]: Mounting Mount unit for gnome-3-34-1804, revision 24...
[    2.535265] systemd[1]: Mounting Mount unit for gtk-common-themes, revision 1506...
[    2.538494] systemd[1]: Mounting Mount unit for gtk-common-themes, revision 1535...
[    2.547789] systemd[1]: Mounting Mount unit for snap-store, revision 433...
[    2.556994] systemd[1]: Mounting Mount unit for snapd, revision 25935...
[    2.576564] systemd[1]: Mounted Kernel Configuration File System.
[    2.585614] systemd[1]: Finished Apply Kernel Variables.
[    2.586593] systemd[1]: Mounted Mount unit for bare, revision 5.
[    2.586676] systemd[1]: Mounted Mount unit for core18, revision 1705.
[    2.593526] systemd[1]: Mounted Mount unit for gnome-3-34-1804, revision 24.
[    2.593607] systemd[1]: Mounted Mount unit for gtk-common-themes, revision 1506.
[    2.614328] systemd[1]: Started udev Kernel Device Manager.
[    2.615032] systemd[1]: Starting Show Plymouth Boot Screen...
[    2.618934] systemd[1]: Received SIGRTMIN+20 from PID 287 (plymouthd).
[    2.621533] systemd[1]: Mounted Mount unit for snap-store, revision 433.
[    2.642694] systemd[1]: Started Show Plymouth Boot Screen.
[    2.642839] systemd[1]: Condition check resulted in Dispatch Password Requests to Console Directory Watch being skipped.
[    2.642922] systemd[1]: Started Forward Password Requests to Plymouth Directory Watch.
[    2.643018] systemd[1]: Reached target Local Encrypted Volumes.
[    2.676452] systemd[1]: Mounted Mount unit for gtk-common-themes, revision 1535.
[    2.676676] systemd[1]: Mounted Mount unit for snapd, revision 25935.
[    2.676827] systemd[1]: Reached target Local File Systems.
[    2.677617] systemd[1]: Starting Load AppArmor profiles...
[    2.680083] systemd[1]: Starting Set console font and keymap...
[    2.693176] systemd[1]: Starting Tell Plymouth To Write Out Runtime Data...
[    2.694577] systemd[1]: Condition check resulted in Store a System Token in an EFI Variable being skipped.
[    2.694673] systemd[1]: Condition check resulted in Commit a transient machine-id on disk being skipped.
[    2.697000] systemd[1]: Finished Set console font and keymap.
[    2.706334] systemd[1]: Received SIGRTMIN+20 from PID 287 (plymouthd).
[    2.707694] systemd[1]: plymouth-read-write.service: Succeeded.
[    2.707920] systemd[1]: Finished Tell Plymouth To Write Out Runtime Data.
[    2.738798] audit: type=1400 audit(1768686731.592:2): apparmor="STATUS" operation="profile_load" profile="unconfined" name="nvidia_modprobe" pid=300 comm="apparmor_parser"
[    2.738800] audit: type=1400 audit(1768686731.592:3): apparmor="STATUS" operation="profile_load" profile="unconfined" name="nvidia_modprobe//kmod" pid=300 comm="apparmor_parser"
[    2.745335] audit: type=1400 audit(1768686731.600:4): apparmor="STATUS" operation="profile_load" profile="unconfined" name="/usr/sbin/tcpdump" pid=301 comm="apparmor_parser"
[    2.789070] audit: type=1400 audit(1768686731.636:5): apparmor="STATUS" operation="profile_load" profile="unconfined" name="/usr/bin/evince" pid=303 comm="apparmor_parser"
[    2.789071] audit: type=1400 audit(1768686731.636:6): apparmor="STATUS" operation="profile_load" profile="unconfined" name="/usr/bin/evince//sanitized_helper" pid=303 comm="apparmor_parser"
[    2.789073] audit: type=1400 audit(1768686731.636:7): apparmor="STATUS" operation="profile_load" profile="unconfined" name="/usr/bin/evince-previewer" pid=303 comm="apparmor_parser"
[    2.789074] audit: type=1400 audit(1768686731.636:8): apparmor="STATUS" operation="profile_load" profile="unconfined" name="/usr/bin/evince-previewer//sanitized_helper" pid=303 comm="apparmor_parser"
[    2.789076] audit: type=1400 audit(1768686731.636:9): apparmor="STATUS" operation="profile_load" profile="unconfined" name="/usr/bin/evince-thumbnailer" pid=303 comm="apparmor_parser"
[    2.800818] audit: type=1400 audit(1768686731.656:10): apparmor="STATUS" operation="profile_load" profile="unconfined" name="/usr/lib/cups/backend/cups-pdf" pid=304 comm="apparmor_parser"
[    2.870517] systemd[1]: Finished Load AppArmor profiles.
[    2.871566] systemd[1]: Starting Load AppArmor profiles managed internally by snapd...
[    2.986525] systemd[1]: Finished Load AppArmor profiles managed internally by snapd.
[    3.138063] systemd[1]: Started Journal Service.
[    3.146730] systemd-journald[229]: Received client request to flush runtime journal.
[    3.150331] systemd-journald[229]: File /var/log/journal/c455b248004a419c87ce85eea238d727/system.journal corrupted or uncleanly shut down, renaming and replacing.
[    4.409942] RAPL PMU: API unit is 2^-32 Joules, 0 fixed counters, 10737418240 ms ovfl timer
[    4.436535] cryptd: max_cpu_qlen set to 1000
[    4.514446] AVX2 version of gcm_enc/dec engaged.
[    4.514447] AES CTR mode by8 optimization enabled
[    6.363036] Adding 1998844k swap on /dev/sda1.  Priority:-2 extents:1 across:1998844k FS
[    7.972062] kauditd_printk_skb: 30 callbacks suppressed
[    7.972063] audit: type=1400 audit(1768686736.824:41): apparmor="DENIED" operation="capable" profile="/usr/sbin/cups-browsed" pid=509 comm="cups-browsed" capability=23  capname="sys_nice"
[    8.868613] pcnet32 0000:00:03.0 enp0s3: link up, 100Mbps, full-duplex
[    8.911917] e1000: enp0s8 NIC Link is Up 1000 Mbps Full Duplex, Flow Control: RX
[    8.912271] IPv6: ADDRCONF(NETDEV_CHANGE): enp0s8: link becomes ready
[    8.938878] e1000: enp0s9 NIC Link is Up 1000 Mbps Full Duplex, Flow Control: RX
[    8.939199] IPv6: ADDRCONF(NETDEV_CHANGE): enp0s9: link becomes ready
[    9.566440] device enp0s3 entered promiscuous mode
[    9.594271] audit: type=1400 audit(1768686738.444:42): apparmor="DENIED" operation="open" profile="/usr/sbin/tcpdump" name="/proc/sys/kernel/random/boot_id" pid=656 comm="tcpdump" requested_mask="r" denied_mask="r" fsuid=0 ouid=0
[    9.594778] audit: type=1400 audit(1768686738.444:43): apparmor="DENIED" operation="open" profile="/usr/sbin/tcpdump" name="/proc/sys/kernel/random/boot_id" pid=656 comm="tcpdump" requested_mask="r" denied_mask="r" fsuid=0 ouid=0
[    9.599315] audit: type=1400 audit(1768686738.444:44): apparmor="DENIED" operation="open" profile="/usr/sbin/tcpdump" name="/proc/sys/kernel/random/boot_id" pid=656 comm="tcpdump" requested_mask="r" denied_mask="r" fsuid=0 ouid=0
[    9.599510] audit: type=1400 audit(1768686738.444:45): apparmor="DENIED" operation="open" profile="/usr/sbin/tcpdump" name="/proc/sys/kernel/random/boot_id" pid=656 comm="tcpdump" requested_mask="r" denied_mask="r" fsuid=0 ouid=0
[    9.614171] audit: type=1400 audit(1768686738.468:46): apparmor="DENIED" operation="open" profile="/usr/sbin/tcpdump" name="/proc/sys/kernel/random/boot_id" pid=657 comm="tcpdump" requested_mask="r" denied_mask="r" fsuid=0 ouid=0
[    9.617973] audit: type=1400 audit(1768686738.468:47): apparmor="DENIED" operation="open" profile="/usr/sbin/tcpdump" name="/proc/sys/kernel/random/boot_id" pid=657 comm="tcpdump" requested_mask="r" denied_mask="r" fsuid=0 ouid=0
[    9.618379] audit: type=1400 audit(1768686738.468:48): apparmor="DENIED" operation="open" profile="/usr/sbin/tcpdump" name="/proc/sys/kernel/random/boot_id" pid=657 comm="tcpdump" requested_mask="r" denied_mask="r" fsuid=0 ouid=0
[    9.618898] audit: type=1400 audit(1768686738.468:49): apparmor="DENIED" operation="open" profile="/usr/sbin/tcpdump" name="/proc/sys/kernel/random/boot_id" pid=657 comm="tcpdump" requested_mask="r" denied_mask="r" fsuid=0 ouid=0
[   15.568209] rfkill: input handler disabled
[   83.539462] rfkill: input handler enabled
[   92.167709] rfkill: input handler disabled
[  167.175760] AAAAA-TCP_SEND: name:enp0s3: saddr:100932208: daddr:16783984: srtt_us:0: RTT:0: ssthresh:2147483647: cwnd:10: delivered:0: lost:0: retrans:0
[  169.172804] AAAAA-TCP_SEND: name:enp0s3: saddr:100932208: daddr:16783984: srtt_us:0: RTT:0: ssthresh:5: cwnd:1: delivered:0: lost:1: retrans:1
[  170.159190] AAAAA-TCP_SEND: name:enp0s3: saddr:100932208: daddr:16783984: srtt_us:0: RTT:0: ssthresh:5: cwnd:1: delivered:0: lost:2: retrans:2
[  174.191173] AAAAA-TCP_SEND: name:enp0s3: saddr:100932208: daddr:16783984: srtt_us:0: RTT:0: ssthresh:5: cwnd:1: delivered:0: lost:3: retrans:3
[  174.349598] AAAAA-TCP_RECV: name:enp0s3: saddr:16783984: daddr:100932208: srtt_us:0: RTT:0: ssthresh:5: cwnd:1: delivered:0: lost:3: retrans:3
[  174.349673] AAAAA-TCP_SEND: name:enp0s3: saddr:100932208: daddr:16783984: srtt_us:1264000: RTT:158000: ssthresh:2147483647: cwnd:1: delivered:1: lost:3: retrans:3
[  174.349827] AAAAA-TCP_SEND: name:enp0s3: saddr:100932208: daddr:16783984: srtt_us:1264000: RTT:158000: ssthresh:2147483647: cwnd:1: delivered:1: lost:3: retrans:3
[  174.587544] AAAAA-TCP_RECV: name:enp0s3: saddr:16783984: daddr:100932208: srtt_us:1264000: RTT:158000: ssthresh:2147483647: cwnd:1: delivered:1: lost:3: retrans:3
[  174.671071] AAAAA-TCP_RECV: name:enp0s3: saddr:16783984: daddr:100932208: srtt_us:1264000: RTT:158000: ssthresh:2147483647: cwnd:1: delivered:1: lost:3: retrans:3
[  174.671171] AAAAA-TCP_SEND: name:enp0s3: saddr:100932208: daddr:33561200: srtt_us:0: RTT:0: ssthresh:2147483647: cwnd:10: delivered:0: lost:0: retrans:0
[  174.710522] AAAAA-TCP_RECV: name:enp0s3: saddr:16783984: daddr:100932208: srtt_us:1427269: RTT:178408: ssthresh:2147483647: cwnd:2: delivered:2: lost:3: retrans:3
[  174.710556] AAAAA-TCP_SEND: name:enp0s3: saddr:100932208: daddr:16783984: srtt_us:1427269: RTT:178408: ssthresh:2147483647: cwnd:2: delivered:2: lost:3: retrans:3
[  174.710728] AAAAA-TCP_SEND: name:enp0s3: saddr:100932208: daddr:16783984: srtt_us:1427269: RTT:178408: ssthresh:2147483647: cwnd:2: delivered:2: lost:3: retrans:3
[  174.888126] AAAAA-TCP_RECV: name:enp0s3: saddr:33561200: daddr:100932208: srtt_us:0: RTT:0: ssthresh:2147483647: cwnd:10: delivered:0: lost:0: retrans:0
[  174.888168] AAAAA-TCP_SEND: name:enp0s3: saddr:100932208: daddr:33561200: srtt_us:1735840: RTT:216980: ssthresh:2147483647: cwnd:10: delivered:1: lost:0: retrans:0
[  175.052261] AAAAA-TCP_RECV: name:enp0s3: saddr:16783984: daddr:100932208: srtt_us:1427269: RTT:178408: ssthresh:2147483647: cwnd:2: delivered:2: lost:3: retrans:3
[  175.052296] AAAAA-TCP_SEND: name:enp0s3: saddr:100932208: daddr:16783984: srtt_us:1427269: RTT:178408: ssthresh:2147483647: cwnd:2: delivered:2: lost:3: retrans:3
[  175.175456] AAAAA-TCP_RECV: name:enp0s3: saddr:33561200: daddr:100932208: srtt_us:1735840: RTT:216980: ssthresh:2147483647: cwnd:10: delivered:1: lost:0: retrans:0
[  175.242503] AAAAA-TCP_RECV: name:enp0s3: saddr:16783984: daddr:100932208: srtt_us:1590427: RTT:198803: ssthresh:2147483647: cwnd:3: delivered:3: lost:3: retrans:3
[  175.278550] AAAAA-TCP_RECV: name:enp0s3: saddr:16783984: daddr:100932208: srtt_us:1581850: RTT:197731: ssthresh:2147483647: cwnd:4: delivered:4: lost:3: retrans:3
[  175.278579] AAAAA-TCP_SEND: name:enp0s3: saddr:100932208: daddr:16783984: srtt_us:1581850: RTT:197731: ssthresh:2147483647: cwnd:4: delivered:4: lost:3: retrans:3
[  175.278769] AAAAA-TCP_SEND: name:enp0s3: saddr:100932208: daddr:16783984: srtt_us:0: RTT:0: ssthresh:2147483647: cwnd:10: delivered:0: lost:0: retrans:0
[  175.522774] AAAAA-TCP_RECV: name:enp0s3: saddr:16783984: daddr:100932208: srtt_us:0: RTT:0: ssthresh:2147483647: cwnd:10: delivered:0: lost:0: retrans:0
[  175.522827] AAAAA-TCP_SEND: name:enp0s3: saddr:100932208: daddr:16783984: srtt_us:1952192: RTT:244024: ssthresh:2147483647: cwnd:10: delivered:1: lost:0: retrans:0
[  175.523032] AAAAA-TCP_SEND: name:enp0s3: saddr:100932208: daddr:16783984: srtt_us:1952192: RTT:244024: ssthresh:2147483647: cwnd:10: delivered:1: lost:0: retrans:0
[  175.638376] AAAAA-TCP_RECV: name:enp0s3: saddr:16783984: daddr:100932208: srtt_us:1952192: RTT:244024: ssthresh:2147483647: cwnd:10: delivered:1: lost:0: retrans:0
[  175.766358] AAAAA-TCP_RECV: name:enp0s3: saddr:16783984: daddr:100932208: srtt_us:1952192: RTT:244024: ssthresh:2147483647: cwnd:10: delivered:1: lost:0: retrans:0
[  175.766436] AAAAA-TCP_SEND: name:enp0s3: saddr:100932208: daddr:33561200: srtt_us:0: RTT:0: ssthresh:2147483647: cwnd:10: delivered:0: lost:0: retrans:0
[  175.836116] AAAAA-TCP_RECV: name:enp0s3: saddr:16783984: daddr:100932208: srtt_us:1581850: RTT:197731: ssthresh:2147483647: cwnd:4: delivered:4: lost:3: retrans:3
[  175.836132] AAAAA-TCP_SEND: name:enp0s3: saddr:100932208: daddr:16783984: srtt_us:1581850: RTT:197731: ssthresh:2147483647: cwnd:4: delivered:4: lost:3: retrans:3
[  176.088044] AAAAA-TCP_RECV: name:enp0s3: saddr:33561200: daddr:100932208: srtt_us:0: RTT:0: ssthresh:2147483647: cwnd:10: delivered:0: lost:0: retrans:0
[  176.088078] AAAAA-TCP_SEND: name:enp0s3: saddr:100932208: daddr:33561200: srtt_us:2572968: RTT:321621: ssthresh:2147483647: cwnd:10: delivered:1: lost:0: retrans:0
[  176.146602] AAAAA-TCP_RECV: name:enp0s3: saddr:16783984: daddr:100932208: srtt_us:1581850: RTT:197731: ssthresh:2147483647: cwnd:4: delivered:4: lost:3: retrans:3
[  176.146618] AAAAA-TCP_SEND: name:enp0s3: saddr:100932208: daddr:16783984: srtt_us:1581850: RTT:197731: ssthresh:2147483647: cwnd:4: delivered:4: lost:3: retrans:3
[  176.146773] AAAAA-TCP_SEND: name:enp0s3: saddr:100932208: daddr:16783984: srtt_us:1951500: RTT:243937: ssthresh:2147483647: cwnd:10: delivered:2: lost:0: retrans:0
[  176.146799] AAAAA-TCP_SEND: name:enp0s3: saddr:100932208: daddr:16783984: srtt_us:1951500: RTT:243937: ssthresh:2147483647: cwnd:10: delivered:2: lost:0: retrans:0
[  176.146863] AAAAA-TCP_SEND: name:enp0s3: saddr:100932208: daddr:16783984: srtt_us:1951500: RTT:243937: ssthresh:2147483647: cwnd:10: delivered:2: lost:0: retrans:0
[  176.146880] AAAAA-TCP_SEND: name:enp0s3: saddr:100932208: daddr:16783984: srtt_us:1951500: RTT:243937: ssthresh:2147483647: cwnd:10: delivered:2: lost:0: retrans:0
[  176.146939] AAAAA-TCP_SEND: name:enp0s3: saddr:100932208: daddr:16783984: srtt_us:1951500: RTT:243937: ssthresh:2147483647: cwnd:10: delivered:2: lost:0: retrans:0
[  176.146956] AAAAA-TCP_SEND: name:enp0s3: saddr:100932208: daddr:16783984: srtt_us:1951500: RTT:243937: ssthresh:2147483647: cwnd:10: delivered:2: lost:0: retrans:0
[  176.147015] AAAAA-TCP_SEND: name:enp0s3: saddr:100932208: daddr:16783984: srtt_us:1951500: RTT:243937: ssthresh:2147483647: cwnd:10: delivered:2: lost:0: retrans:0
[  176.147042] AAAAA-TCP_SEND: name:enp0s3: saddr:100932208: daddr:16783984: srtt_us:1951500: RTT:243937: ssthresh:2147483647: cwnd:10: delivered:2: lost:0: retrans:0
[  176.148523] AAAAA-TCP_SEND: name:enp0s3: saddr:100932208: daddr:16783984: srtt_us:1951500: RTT:243937: ssthresh:2147483647: cwnd:10: delivered:2: lost:0: retrans:0
[  176.148550] AAAAA-TCP_SEND: name:enp0s3: saddr:100932208: daddr:16783984: srtt_us:1951500: RTT:243937: ssthresh:2147483647: cwnd:10: delivered:2: lost:0: retrans:0
[  176.455294] AAAAA-TCP_RECV: name:enp0s3: saddr:33561200: daddr:100932208: srtt_us:2572968: RTT:321621: ssthresh:2147483647: cwnd:10: delivered:1: lost:0: retrans:0
[  176.455343] AAAAA-TCP_SEND: name:enp0s3: saddr:100932208: daddr:33561200: srtt_us:2572968: RTT:321621: ssthresh:2147483647: cwnd:10: delivered:1: lost:0: retrans:0
[  176.455396] AAAAA-TCP_SEND: name:enp0s3: saddr:100932208: daddr:33561200: srtt_us:2572968: RTT:321621: ssthresh:2147483647: cwnd:10: delivered:1: lost:0: retrans:0
[  176.456523] AAAAA-TCP_SEND: name:enp0s3: saddr:100932208: daddr:33561200: srtt_us:2572968: RTT:321621: ssthresh:2147483647: cwnd:10: delivered:1: lost:0: retrans:0
[  176.456543] AAAAA-TCP_SEND: name:enp0s3: saddr:100932208: daddr:33561200: srtt_us:2572968: RTT:321621: ssthresh:2147483647: cwnd:10: delivered:1: lost:0: retrans:0
[  176.456645] AAAAA-TCP_SEND: name:enp0s3: saddr:100932208: daddr:33561200: srtt_us:2572968: RTT:321621: ssthresh:2147483647: cwnd:10: delivered:1: lost:0: retrans:0
[  176.456659] AAAAA-TCP_SEND: name:enp0s3: saddr:100932208: daddr:33561200: srtt_us:2572968: RTT:321621: ssthresh:2147483647: cwnd:10: delivered:1: lost:0: retrans:0
[  176.456741] AAAAA-TCP_SEND: name:enp0s3: saddr:100932208: daddr:33561200: srtt_us:2572968: RTT:321621: ssthresh:2147483647: cwnd:10: delivered:1: lost:0: retrans:0
[  176.456754] AAAAA-TCP_SEND: name:enp0s3: saddr:100932208: daddr:33561200: srtt_us:2572968: RTT:321621: ssthresh:2147483647: cwnd:10: delivered:1: lost:0: retrans:0
[  176.456858] AAAAA-TCP_SEND: name:enp0s3: saddr:100932208: daddr:33561200: srtt_us:2572968: RTT:321621: ssthresh:2147483647: cwnd:10: delivered:1: lost:0: retrans:0
[  176.456874] AAAAA-TCP_SEND: name:enp0s3: saddr:100932208: daddr:33561200: srtt_us:2572968: RTT:321621: ssthresh:2147483647: cwnd:10: delivered:1: lost:0: retrans:0
[  176.655170] AAAAA-TCP_SEND: name:enp0s3: saddr:100932208: daddr:16783984: srtt_us:1951500: RTT:243937: ssthresh:2147483647: cwnd:10: delivered:2: lost:0: retrans:1
[  176.657488] AAAAA-TCP_RECV: name:enp0s3: saddr:16783984: daddr:100932208: srtt_us:1951500: RTT:243937: ssthresh:2147483647: cwnd:10: delivered:2: lost:0: retrans:1
[  176.657521] AAAAA-TCP_SEND: name:enp0s3: saddr:100932208: daddr:16783984: srtt_us:2218287: RTT:277285: ssthresh:2147483647: cwnd:11: delivered:3: lost:0: retrans:1
[  176.657540] AAAAA-TCP_SEND: name:enp0s3: saddr:100932208: daddr:16783984: srtt_us:2218287: RTT:277285: ssthresh:2147483647: cwnd:11: delivered:3: lost:0: retrans:1
[  176.803697] AAAAA-TCP_RECV: name:enp0s3: saddr:16783984: daddr:100932208: srtt_us:2218287: RTT:277285: ssthresh:2147483647: cwnd:11: delivered:3: lost:0: retrans:1
[  176.803729] AAAAA-TCP_SEND: name:enp0s3: saddr:100932208: daddr:16783984: srtt_us:2597904: RTT:324738: ssthresh:2147483647: cwnd:12: delivered:4: lost:0: retrans:1
[  176.803749] AAAAA-TCP_SEND: name:enp0s3: saddr:100932208: daddr:16783984: srtt_us:2597904: RTT:324738: ssthresh:2147483647: cwnd:12: delivered:4: lost:0: retrans:1
[  176.891978] AAAAA-TCP_RECV: name:enp0s3: saddr:16783984: daddr:100932208: srtt_us:2597904: RTT:324738: ssthresh:2147483647: cwnd:12: delivered:4: lost:0: retrans:1
[  176.892029] AAAAA-TCP_SEND: name:enp0s3: saddr:100932208: daddr:16783984: srtt_us:3018300: RTT:377287: ssthresh:2147483647: cwnd:13: delivered:5: lost:0: retrans:1
[  176.892055] AAAAA-TCP_SEND: name:enp0s3: saddr:100932208: daddr:16783984: srtt_us:3018300: RTT:377287: ssthresh:2147483647: cwnd:13: delivered:5: lost:0: retrans:1
[  177.063716] AAAAA-TCP_RECV: name:enp0s3: saddr:16783984: daddr:100932208: srtt_us:3018300: RTT:377287: ssthresh:2147483647: cwnd:13: delivered:5: lost:0: retrans:1
[  177.063763] AAAAA-TCP_SEND: name:enp0s3: saddr:100932208: daddr:16783984: srtt_us:3557868: RTT:444733: ssthresh:2147483647: cwnd:14: delivered:6: lost:0: retrans:1
[  177.063790] AAAAA-TCP_SEND: name:enp0s3: saddr:100932208: daddr:16783984: srtt_us:3557868: RTT:444733: ssthresh:2147483647: cwnd:14: delivered:6: lost:0: retrans:1
[  177.135165] AAAAA-TCP_SEND: name:enp0s3: saddr:100932208: daddr:33561200: srtt_us:2572968: RTT:321621: ssthresh:2147483647: cwnd:10: delivered:1: lost:0: retrans:1
[  177.147190] AAAAA-TCP_RECV: name:enp0s3: saddr:16783984: daddr:100932208: srtt_us:3557868: RTT:444733: ssthresh:2147483647: cwnd:14: delivered:6: lost:0: retrans:1
[  177.147212] AAAAA-TCP_SEND: name:enp0s3: saddr:100932208: daddr:16783984: srtt_us:4113389: RTT:514173: ssthresh:2147483647: cwnd:15: delivered:7: lost:0: retrans:1
[  177.147231] AAAAA-TCP_SEND: name:enp0s3: saddr:100932208: daddr:16783984: srtt_us:4113389: RTT:514173: ssthresh:2147483647: cwnd:15: delivered:7: lost:0: retrans:1
[  177.261468] AAAAA-TCP_RECV: name:enp0s3: saddr:16783984: daddr:100932208: srtt_us:4113389: RTT:514173: ssthresh:2147483647: cwnd:15: delivered:7: lost:0: retrans:1
[  177.261505] AAAAA-TCP_SEND: name:enp0s3: saddr:100932208: daddr:16783984: srtt_us:4713741: RTT:589217: ssthresh:2147483647: cwnd:16: delivered:8: lost:0: retrans:1
[  177.261527] AAAAA-TCP_SEND: name:enp0s3: saddr:100932208: daddr:16783984: srtt_us:4713741: RTT:589217: ssthresh:2147483647: cwnd:16: delivered:8: lost:0: retrans:1
[  177.379215] AAAAA-TCP_RECV: name:enp0s3: saddr:16783984: daddr:100932208: srtt_us:4713741: RTT:589217: ssthresh:2147483647: cwnd:16: delivered:8: lost:0: retrans:1
[  177.379249] AAAAA-TCP_SEND: name:enp0s3: saddr:100932208: daddr:16783984: srtt_us:5356738: RTT:669592: ssthresh:2147483647: cwnd:17: delivered:9: lost:0: retrans:1
[  177.379273] AAAAA-TCP_SEND: name:enp0s3: saddr:100932208: daddr:16783984: srtt_us:5356738: RTT:669592: ssthresh:2147483647: cwnd:17: delivered:9: lost:0: retrans:1
[  177.449391] AAAAA-TCP_RECV: name:enp0s3: saddr:16783984: daddr:100932208: srtt_us:5356738: RTT:669592: ssthresh:2147483647: cwnd:17: delivered:9: lost:0: retrans:1
[  177.449415] AAAAA-TCP_SEND: name:enp0s3: saddr:100932208: daddr:16783984: srtt_us:5989501: RTT:748687: ssthresh:2147483647: cwnd:18: delivered:10: lost:0: retrans:1
[  177.449434] AAAAA-TCP_SEND: name:enp0s3: saddr:100932208: daddr:16783984: srtt_us:5989501: RTT:748687: ssthresh:2147483647: cwnd:18: delivered:10: lost:0: retrans:1
[  177.505549] AAAAA-TCP_RECV: name:enp0s3: saddr:16783984: daddr:100932208: srtt_us:5989501: RTT:748687: ssthresh:2147483647: cwnd:18: delivered:10: lost:0: retrans:1
[  177.505582] AAAAA-TCP_SEND: name:enp0s3: saddr:100932208: daddr:16783984: srtt_us:6597857: RTT:824732: ssthresh:2147483647: cwnd:19: delivered:11: lost:0: retrans:1
[  177.505605] AAAAA-TCP_SEND: name:enp0s3: saddr:100932208: daddr:16783984: srtt_us:6597857: RTT:824732: ssthresh:2147483647: cwnd:19: delivered:11: lost:0: retrans:1
[  177.607159] AAAAA-TCP_RECV: name:enp0s3: saddr:16783984: daddr:100932208: srtt_us:6597857: RTT:824732: ssthresh:2147483647: cwnd:19: delivered:11: lost:0: retrans:1
[  177.607191] AAAAA-TCP_SEND: name:enp0s3: saddr:100932208: daddr:16783984: srtt_us:7232125: RTT:904015: ssthresh:2147483647: cwnd:20: delivered:12: lost:0: retrans:1
[  177.607213] AAAAA-TCP_SEND: name:enp0s3: saddr:100932208: daddr:16783984: srtt_us:7232125: RTT:904015: ssthresh:2147483647: cwnd:20: delivered:12: lost:0: retrans:1
[  177.824363] AAAAA-TCP_RECV: name:enp0s3: saddr:33561200: daddr:100932208: srtt_us:2572968: RTT:321621: ssthresh:2147483647: cwnd:10: delivered:1: lost:0: retrans:1
[  177.824414] AAAAA-TCP_SEND: name:enp0s3: saddr:100932208: daddr:33561200: srtt_us:3620392: RTT:452549: ssthresh:2147483647: cwnd:11: delivered:2: lost:0: retrans:1
[  177.824443] AAAAA-TCP_SEND: name:enp0s3: saddr:100932208: daddr:33561200: srtt_us:3620392: RTT:452549: ssthresh:2147483647: cwnd:11: delivered:2: lost:0: retrans:1
[  177.885393] AAAAA-TCP_RECV: name:enp0s3: saddr:33561200: daddr:100932208: srtt_us:3620392: RTT:452549: ssthresh:2147483647: cwnd:11: delivered:2: lost:0: retrans:1
[  177.885441] AAAAA-TCP_SEND: name:enp0s3: saddr:100932208: daddr:33561200: srtt_us:4597917: RTT:574739: ssthresh:2147483647: cwnd:12: delivered:3: lost:0: retrans:1
[  177.885470] AAAAA-TCP_SEND: name:enp0s3: saddr:100932208: daddr:33561200: srtt_us:4597917: RTT:574739: ssthresh:2147483647: cwnd:12: delivered:3: lost:0: retrans:1
[  177.947009] AAAAA-TCP_RECV: name:enp0s3: saddr:33561200: daddr:100932208: srtt_us:4597917: RTT:574739: ssthresh:2147483647: cwnd:12: delivered:3: lost:0: retrans:1
[  177.947048] AAAAA-TCP_SEND: name:enp0s3: saddr:100932208: daddr:33561200: srtt_us:5513683: RTT:689210: ssthresh:2147483647: cwnd:13: delivered:4: lost:0: retrans:1
[  177.947073] AAAAA-TCP_SEND: name:enp0s3: saddr:100932208: daddr:33561200: srtt_us:5513683: RTT:689210: ssthresh:2147483647: cwnd:13: delivered:4: lost:0: retrans:1
[  178.078730] AAAAA-TCP_RECV: name:enp0s3: saddr:33561200: daddr:100932208: srtt_us:5513683: RTT:689210: ssthresh:2147483647: cwnd:13: delivered:4: lost:0: retrans:1
[  178.078770] AAAAA-TCP_SEND: name:enp0s3: saddr:100932208: daddr:33561200: srtt_us:6446699: RTT:805837: ssthresh:2147483647: cwnd:14: delivered:5: lost:0: retrans:1
[  178.078795] AAAAA-TCP_SEND: name:enp0s3: saddr:100932208: daddr:33561200: srtt_us:6446699: RTT:805837: ssthresh:2147483647: cwnd:14: delivered:5: lost:0: retrans:1
[  178.164424] AAAAA-TCP_RECV: name:enp0s3: saddr:33561200: daddr:100932208: srtt_us:6446699: RTT:805837: ssthresh:2147483647: cwnd:14: delivered:5: lost:0: retrans:1
[  178.164461] AAAAA-TCP_SEND: name:enp0s3: saddr:100932208: daddr:33561200: srtt_us:7348658: RTT:918582: ssthresh:2147483647: cwnd:15: delivered:6: lost:0: retrans:1
[  178.164484] AAAAA-TCP_SEND: name:enp0s3: saddr:100932208: daddr:33561200: srtt_us:7348658: RTT:918582: ssthresh:2147483647: cwnd:15: delivered:6: lost:0: retrans:1
[  178.281001] AAAAA-TCP_RECV: name:enp0s3: saddr:33561200: daddr:100932208: srtt_us:7348658: RTT:918582: ssthresh:2147483647: cwnd:15: delivered:6: lost:0: retrans:1
[  178.281036] AAAAA-TCP_SEND: name:enp0s3: saddr:100932208: daddr:33561200: srtt_us:8254448: RTT:1031806: ssthresh:2147483647: cwnd:16: delivered:7: lost:0: retrans:1
[  178.281069] AAAAA-TCP_SEND: name:enp0s3: saddr:100932208: daddr:33561200: srtt_us:8254448: RTT:1031806: ssthresh:2147483647: cwnd:16: delivered:7: lost:0: retrans:1
[  178.419131] AAAAA-TCP_RECV: name:enp0s3: saddr:33561200: daddr:100932208: srtt_us:8254448: RTT:1031806: ssthresh:2147483647: cwnd:16: delivered:7: lost:0: retrans:1
[  178.419166] AAAAA-TCP_SEND: name:enp0s3: saddr:100932208: daddr:33561200: srtt_us:9185048: RTT:1148131: ssthresh:2147483647: cwnd:17: delivered:8: lost:0: retrans:1
[  178.419189] AAAAA-TCP_SEND: name:enp0s3: saddr:100932208: daddr:33561200: srtt_us:9185048: RTT:1148131: ssthresh:2147483647: cwnd:17: delivered:8: lost:0: retrans:1
[  178.679992] AAAAA-TCP_RECV: name:enp0s3: saddr:33561200: daddr:100932208: srtt_us:9185048: RTT:1148131: ssthresh:2147483647: cwnd:17: delivered:8: lost:0: retrans:1
[  178.680034] AAAAA-TCP_SEND: name:enp0s3: saddr:100932208: daddr:33561200: srtt_us:10260186: RTT:1282523: ssthresh:2147483647: cwnd:18: delivered:9: lost:0: retrans:1
[  178.680057] AAAAA-TCP_SEND: name:enp0s3: saddr:100932208: daddr:33561200: srtt_us:10260186: RTT:1282523: ssthresh:2147483647: cwnd:18: delivered:9: lost:0: retrans:1
[  179.088072] AAAAA-TCP_RECV: name:enp0s3: saddr:33561200: daddr:100932208: srtt_us:10260186: RTT:1282523: ssthresh:2147483647: cwnd:18: delivered:9: lost:0: retrans:1
[  179.088124] AAAAA-TCP_SEND: name:enp0s3: saddr:100932208: daddr:33561200: srtt_us:11608896: RTT:1451112: ssthresh:2147483647: cwnd:19: delivered:10: lost:0: retrans:1
[  179.088151] AAAAA-TCP_SEND: name:enp0s3: saddr:100932208: daddr:33561200: srtt_us:11608896: RTT:1451112: ssthresh:2147483647: cwnd:19: delivered:10: lost:0: retrans:1
[  179.218195] AAAAA-TCP_RECV: name:enp0s3: saddr:33561200: daddr:100932208: srtt_us:11608896: RTT:1451112: ssthresh:2147483647: cwnd:19: delivered:10: lost:0: retrans:1
[  179.218242] AAAAA-TCP_SEND: name:enp0s3: saddr:100932208: daddr:33561200: srtt_us:12919784: RTT:1614973: ssthresh:2147483647: cwnd:20: delivered:11: lost:0: retrans:1
[  179.218266] AAAAA-TCP_SEND: name:enp0s3: saddr:100932208: daddr:33561200: srtt_us:12919784: RTT:1614973: ssthresh:2147483647: cwnd:20: delivered:11: lost:0: retrans:1
[  179.425329] AAAAA-TCP_RECV: name:enp0s3: saddr:16783984: daddr:100932208: srtt_us:7232125: RTT:904015: ssthresh:2147483647: cwnd:20: delivered:12: lost:0: retrans:1
[  179.439165] AAAAA-TCP_SEND: name:enp0s3: saddr:100932208: daddr:16783984: srtt_us:7232125: RTT:904015: ssthresh:2147483647: cwnd:20: delivered:13: lost:0: retrans:2
[  179.630359] AAAAA-TCP_RECV: name:enp0s3: saddr:16783984: daddr:100932208: srtt_us:7232125: RTT:904015: ssthresh:2147483647: cwnd:20: delivered:13: lost:0: retrans:2
[  179.630398] AAAAA-TCP_SEND: name:enp0s3: saddr:100932208: daddr:16783984: srtt_us:9300955: RTT:1162619: ssthresh:2147483647: cwnd:21: delivered:14: lost:0: retrans:2
[  179.630422] AAAAA-TCP_SEND: name:enp0s3: saddr:100932208: daddr:16783984: srtt_us:9300955: RTT:1162619: ssthresh:2147483647: cwnd:21: delivered:14: lost:0: retrans:2
[  179.735103] AAAAA-TCP_RECV: name:enp0s3: saddr:16783984: daddr:100932208: srtt_us:9300955: RTT:1162619: ssthresh:2147483647: cwnd:21: delivered:14: lost:0: retrans:2
[  179.735159] AAAAA-TCP_SEND: name:enp0s3: saddr:100932208: daddr:16783984: srtt_us:11215943: RTT:1401992: ssthresh:2147483647: cwnd:22: delivered:15: lost:0: retrans:2
[  179.735188] AAAAA-TCP_SEND: name:enp0s3: saddr:100932208: daddr:16783984: srtt_us:11215943: RTT:1401992: ssthresh:2147483647: cwnd:22: delivered:15: lost:0: retrans:2
[  179.812261] AAAAA-TCP_RECV: name:enp0s3: saddr:16783984: daddr:100932208: srtt_us:11215943: RTT:1401992: ssthresh:2147483647: cwnd:22: delivered:15: lost:0: retrans:2
[  179.812306] AAAAA-TCP_SEND: name:enp0s3: saddr:100932208: daddr:16783984: srtt_us:12822504: RTT:1602813: ssthresh:2147483647: cwnd:23: delivered:16: lost:0: retrans:2
[  179.942206] AAAAA-TCP_RECV: name:enp0s3: saddr:16783984: daddr:100932208: srtt_us:12822504: RTT:1602813: ssthresh:2147483647: cwnd:23: delivered:16: lost:0: retrans:2
[  179.984861] AAAAA-TCP_RECV: name:enp0s3: saddr:16783984: daddr:100932208: srtt_us:14358195: RTT:1794774: ssthresh:2147483647: cwnd:24: delivered:17: lost:0: retrans:2
[  180.159127] AAAAA-TCP_RECV: name:enp0s3: saddr:16783984: daddr:100932208: srtt_us:15656273: RTT:1957034: ssthresh:2147483647: cwnd:25: delivered:18: lost:0: retrans:2
[  180.189463] AAAAA-TCP_RECV: name:enp0s3: saddr:16783984: daddr:100932208: srtt_us:16966358: RTT:2120794: ssthresh:2147483647: cwnd:26: delivered:19: lost:0: retrans:2
[  180.321819] AAAAA-TCP_RECV: name:enp0s3: saddr:16783984: daddr:100932208: srtt_us:17971284: RTT:2246410: ssthresh:2147483647: cwnd:27: delivered:20: lost:0: retrans:2
[  180.495835] AAAAA-TCP_RECV: name:enp0s3: saddr:33561200: daddr:100932208: srtt_us:12919784: RTT:1614973: ssthresh:2147483647: cwnd:20: delivered:11: lost:0: retrans:1
[  180.551715] AAAAA-TCP_RECV: name:enp0s3: saddr:16783984: daddr:100932208: srtt_us:18982952: RTT:2372869: ssthresh:2147483647: cwnd:28: delivered:21: lost:0: retrans:2
[  180.630974] AAAAA-TCP_RECV: name:enp0s3: saddr:16783984: daddr:100932208: srtt_us:20014605: RTT:2501825: ssthresh:2147483647: cwnd:29: delivered:22: lost:0: retrans:2
[  180.675614] AAAAA-TCP_RECV: name:enp0s3: saddr:16783984: daddr:100932208: srtt_us:20996562: RTT:2624570: ssthresh:2147483647: cwnd:30: delivered:23: lost:0: retrans:2
[  180.772782] AAAAA-TCP_RECV: name:enp0s3: saddr:16783984: daddr:100932208: srtt_us:21786122: RTT:2723265: ssthresh:2147483647: cwnd:31: delivered:24: lost:0: retrans:2
[  180.950438] AAAAA-TCP_RECV: name:enp0s3: saddr:16783984: daddr:100932208: srtt_us:22574159: RTT:2821769: ssthresh:2147483647: cwnd:32: delivered:25: lost:0: retrans:2
[  181.068434] AAAAA-TCP_RECV: name:enp0s3: saddr:16783984: daddr:100932208: srtt_us:23323602: RTT:2915450: ssthresh:2147483647: cwnd:33: delivered:26: lost:0: retrans:2
[  181.197522] AAAAA-TCP_RECV: name:enp0s3: saddr:16783984: daddr:100932208: srtt_us:24097345: RTT:3012168: ssthresh:2147483647: cwnd:34: delivered:27: lost:0: retrans:2
[  181.492299] AAAAA-TCP_RECV: name:enp0s3: saddr:16783984: daddr:100932208: srtt_us:24833307: RTT:3104163: ssthresh:2147483647: cwnd:35: delivered:28: lost:0: retrans:2
[  181.556792] AAAAA-TCP_RECV: name:enp0s3: saddr:16783984: daddr:100932208: srtt_us:25772051: RTT:3221506: ssthresh:2147483647: cwnd:36: delivered:29: lost:0: retrans:2
[  181.684512] AAAAA-TCP_RECV: name:enp0s3: saddr:16783984: daddr:100932208: srtt_us:26601776: RTT:3325222: ssthresh:2147483647: cwnd:37: delivered:30: lost:0: retrans:2
[  181.845464] AAAAA-TCP_RECV: name:enp0s3: saddr:16783984: daddr:100932208: srtt_us:27455504: RTT:3431938: ssthresh:2147483647: cwnd:38: delivered:31: lost:0: retrans:2
[  181.934526] AAAAA-TCP_RECV: name:enp0s3: saddr:16783984: daddr:100932208: srtt_us:28261859: RTT:3532732: ssthresh:2147483647: cwnd:39: delivered:32: lost:0: retrans:2
[  182.027193] AAAAA-TCP_RECV: name:enp0s3: saddr:33561200: daddr:100932208: srtt_us:12919784: RTT:1614973: ssthresh:2147483647: cwnd:20: delivered:12: lost:0: retrans:1
[  182.185832] AAAAA-TCP_RECV: name:enp0s3: saddr:33561200: daddr:100932208: srtt_us:15507618: RTT:1938452: ssthresh:2147483647: cwnd:21: delivered:13: lost:0: retrans:1
[  182.263380] AAAAA-TCP_RECV: name:enp0s3: saddr:33561200: daddr:100932208: srtt_us:17930609: RTT:2241326: ssthresh:2147483647: cwnd:22: delivered:14: lost:0: retrans:1
[  182.361386] AAAAA-TCP_RECV: name:enp0s3: saddr:33561200: daddr:100932208: srtt_us:20067243: RTT:2508405: ssthresh:2147483647: cwnd:23: delivered:15: lost:0: retrans:1
[  182.471944] AAAAA-TCP_RECV: name:enp0s3: saddr:33561200: daddr:100932208: srtt_us:22034804: RTT:2754350: ssthresh:2147483647: cwnd:24: delivered:16: lost:0: retrans:1
[  182.525864] AAAAA-TCP_RECV: name:enp0s3: saddr:33561200: daddr:100932208: srtt_us:23805357: RTT:2975669: ssthresh:2147483647: cwnd:25: delivered:17: lost:0: retrans:1
[  182.601897] AAAAA-TCP_RECV: name:enp0s3: saddr:33561200: daddr:100932208: srtt_us:25408522: RTT:3176065: ssthresh:2147483647: cwnd:26: delivered:18: lost:0: retrans:1
[  182.634785] AAAAA-TCP_RECV: name:enp0s3: saddr:33561200: daddr:100932208: srtt_us:26755604: RTT:3344450: ssthresh:2147483647: cwnd:27: delivered:19: lost:0: retrans:1
[  182.702678] AAAAA-TCP_RECV: name:enp0s3: saddr:33561200: daddr:100932208: srtt_us:27967187: RTT:3495898: ssthresh:2147483647: cwnd:28: delivered:20: lost:0: retrans:1
[  182.729843] AAAAA-TCP_RECV: name:enp0s3: saddr:33561200: daddr:100932208: srtt_us:29009523: RTT:3626190: ssthresh:2147483647: cwnd:29: delivered:21: lost:0: retrans:1
[  182.796255] AAAAA-TCP_RECV: name:enp0s3: saddr:33561200: daddr:100932208: srtt_us:29948732: RTT:3743591: ssthresh:2147483647: cwnd:30: delivered:22: lost:0: retrans:1
[  182.985782] AAAAA-TCP_RECV: name:enp0s3: saddr:33561200: daddr:100932208: srtt_us:30720377: RTT:3840047: ssthresh:2147483647: cwnd:31: delivered:23: lost:0: retrans:1
[  183.143233] AAAAA-TCP_RECV: name:enp0s3: saddr:33561200: daddr:100932208: srtt_us:31585101: RTT:3948137: ssthresh:2147483647: cwnd:32: delivered:24: lost:0: retrans:1
[  183.227722] AAAAA-TCP_RECV: name:enp0s3: saddr:33561200: daddr:100932208: srtt_us:32361055: RTT:4045131: ssthresh:2147483647: cwnd:33: delivered:25: lost:0: retrans:1
[  183.337786] AAAAA-TCP_RECV: name:enp0s3: saddr:33561200: daddr:100932208: srtt_us:33124499: RTT:4140562: ssthresh:2147483647: cwnd:34: delivered:26: lost:0: retrans:1
[  183.429904] AAAAA-TCP_RECV: name:enp0s3: saddr:33561200: daddr:100932208: srtt_us:33641710: RTT:4205213: ssthresh:2147483647: cwnd:35: delivered:27: lost:0: retrans:1
[  183.533280] AAAAA-TCP_RECV: name:enp0s3: saddr:33561200: daddr:100932208: srtt_us:34186388: RTT:4273298: ssthresh:2147483647: cwnd:36: delivered:28: lost:0: retrans:1
[  183.626668] AAAAA-TCP_RECV: name:enp0s3: saddr:33561200: daddr:100932208: srtt_us:34358254: RTT:4294781: ssthresh:2147483647: cwnd:37: delivered:29: lost:0: retrans:1
[  183.842699] AAAAA-TCP_RECV: name:enp0s3: saddr:16783984: daddr:100932208: srtt_us:29056127: RTT:3632015: ssthresh:2147483647: cwnd:40: delivered:33: lost:0: retrans:2
[  183.951733] AAAAA-TCP_RECV: name:enp0s3: saddr:33561200: daddr:100932208: srtt_us:34602037: RTT:4325254: ssthresh:2147483647: cwnd:39: delivered:31: lost:0: retrans:1
[  184.101320] AAAAA-TCP_RECV: name:enp0s3: saddr:16783984: daddr:100932208: srtt_us:29056127: RTT:3632015: ssthresh:2147483647: cwnd:40: delivered:34: lost:0: retrans:2
[  184.146598] AAAAA-TCP_RECV: name:enp0s3: saddr:16783984: daddr:100932208: srtt_us:29895056: RTT:3736882: ssthresh:2147483647: cwnd:41: delivered:35: lost:0: retrans:2
[  184.226786] AAAAA-TCP_RECV: name:enp0s3: saddr:16783984: daddr:100932208: srtt_us:30674396: RTT:3834299: ssthresh:2147483647: cwnd:42: delivered:36: lost:0: retrans:2
[  184.324444] AAAAA-TCP_RECV: name:enp0s3: saddr:16783984: daddr:100932208: srtt_us:31331744: RTT:3916468: ssthresh:2147483647: cwnd:43: delivered:37: lost:0: retrans:2
[  184.345537] AAAAA-TCP_RECV: name:enp0s3: saddr:16783984: daddr:100932208: srtt_us:32004583: RTT:4000572: ssthresh:2147483647: cwnd:44: delivered:38: lost:0: retrans:2
[  199.041395] AAAAA-TCP_SEND: name:enp0s3: saddr:100932208: daddr:16783984: srtt_us:32537260: RTT:4067157: ssthresh:2147483647: cwnd:45: delivered:39: lost:0: retrans:2
[  199.041433] AAAAA-TCP_SEND: name:enp0s3: saddr:100932208: daddr:16783984: srtt_us:32537260: RTT:4067157: ssthresh:2147483647: cwnd:27: delivered:39: lost:0: retrans:2
[  199.041541] AAAAA-TCP_SEND: name:enp0s3: saddr:100932208: daddr:16783984: srtt_us:32537260: RTT:4067157: ssthresh:2147483647: cwnd:27: delivered:39: lost:0: retrans:2
[  199.041555] AAAAA-TCP_SEND: name:enp0s3: saddr:100932208: daddr:16783984: srtt_us:32537260: RTT:4067157: ssthresh:2147483647: cwnd:27: delivered:39: lost:0: retrans:2
[  199.041646] AAAAA-TCP_SEND: name:enp0s3: saddr:100932208: daddr:16783984: srtt_us:32537260: RTT:4067157: ssthresh:2147483647: cwnd:27: delivered:39: lost:0: retrans:2
[  199.041662] AAAAA-TCP_SEND: name:enp0s3: saddr:100932208: daddr:16783984: srtt_us:32537260: RTT:4067157: ssthresh:2147483647: cwnd:27: delivered:39: lost:0: retrans:2
[  199.041744] AAAAA-TCP_SEND: name:enp0s3: saddr:100932208: daddr:16783984: srtt_us:32537260: RTT:4067157: ssthresh:2147483647: cwnd:27: delivered:39: lost:0: retrans:2
[  199.041759] AAAAA-TCP_SEND: name:enp0s3: saddr:100932208: daddr:16783984: srtt_us:32537260: RTT:4067157: ssthresh:2147483647: cwnd:27: delivered:39: lost:0: retrans:2
[  199.041853] AAAAA-TCP_SEND: name:enp0s3: saddr:100932208: daddr:16783984: srtt_us:32537260: RTT:4067157: ssthresh:2147483647: cwnd:27: delivered:39: lost:0: retrans:2
[  199.041868] AAAAA-TCP_SEND: name:enp0s3: saddr:100932208: daddr:16783984: srtt_us:32537260: RTT:4067157: ssthresh:2147483647: cwnd:27: delivered:39: lost:0: retrans:2
[  199.041947] AAAAA-TCP_SEND: name:enp0s3: saddr:100932208: daddr:16783984: srtt_us:32537260: RTT:4067157: ssthresh:2147483647: cwnd:27: delivered:39: lost:0: retrans:2
[  199.041966] AAAAA-TCP_SEND: name:enp0s3: saddr:100932208: daddr:16783984: srtt_us:32537260: RTT:4067157: ssthresh:2147483647: cwnd:27: delivered:39: lost:0: retrans:2
[  199.042061] AAAAA-TCP_SEND: name:enp0s3: saddr:100932208: daddr:16783984: srtt_us:32537260: RTT:4067157: ssthresh:2147483647: cwnd:27: delivered:39: lost:0: retrans:2
[  199.042075] AAAAA-TCP_SEND: name:enp0s3: saddr:100932208: daddr:16783984: srtt_us:32537260: RTT:4067157: ssthresh:2147483647: cwnd:27: delivered:39: lost:0: retrans:2
[  199.042154] AAAAA-TCP_SEND: name:enp0s3: saddr:100932208: daddr:16783984: srtt_us:32537260: RTT:4067157: ssthresh:2147483647: cwnd:27: delivered:39: lost:0: retrans:2
[  199.042167] AAAAA-TCP_SEND: name:enp0s3: saddr:100932208: daddr:16783984: srtt_us:32537260: RTT:4067157: ssthresh:2147483647: cwnd:27: delivered:39: lost:0: retrans:2
[  199.042259] AAAAA-TCP_SEND: name:enp0s3: saddr:100932208: daddr:16783984: srtt_us:32537260: RTT:4067157: ssthresh:2147483647: cwnd:27: delivered:39: lost:0: retrans:2
[  199.042275] AAAAA-TCP_SEND: name:enp0s3: saddr:100932208: daddr:16783984: srtt_us:32537260: RTT:4067157: ssthresh:2147483647: cwnd:27: delivered:39: lost:0: retrans:2
[  199.042319] AAAAA-TCP_SEND: name:enp0s3: saddr:100932208: daddr:33561200: srtt_us:35010298: RTT:4376287: ssthresh:2147483647: cwnd:40: delivered:32: lost:0: retrans:1
[  199.042425] AAAAA-TCP_SEND: name:enp0s3: saddr:100932208: daddr:33561200: srtt_us:35010298: RTT:4376287: ssthresh:2147483647: cwnd:25: delivered:32: lost:0: retrans:1
[  199.042444] AAAAA-TCP_SEND: name:enp0s3: saddr:100932208: daddr:33561200: srtt_us:35010298: RTT:4376287: ssthresh:2147483647: cwnd:25: delivered:32: lost:0: retrans:1
[  199.042642] AAAAA-TCP_SEND: name:enp0s3: saddr:100932208: daddr:33561200: srtt_us:35010298: RTT:4376287: ssthresh:2147483647: cwnd:25: delivered:32: lost:0: retrans:1
[  199.042656] AAAAA-TCP_SEND: name:enp0s3: saddr:100932208: daddr:33561200: srtt_us:35010298: RTT:4376287: ssthresh:2147483647: cwnd:25: delivered:32: lost:0: retrans:1
[  199.042672] AAAAA-TCP_SEND: name:enp0s3: saddr:100932208: daddr:16783984: srtt_us:32537260: RTT:4067157: ssthresh:2147483647: cwnd:27: delivered:39: lost:0: retrans:2
[  199.042773] AAAAA-TCP_SEND: name:enp0s3: saddr:100932208: daddr:16783984: srtt_us:32537260: RTT:4067157: ssthresh:2147483647: cwnd:27: delivered:39: lost:0: retrans:2
[  199.042893] AAAAA-TCP_SEND: name:enp0s3: saddr:100932208: daddr:33561200: srtt_us:35010298: RTT:4376287: ssthresh:2147483647: cwnd:25: delivered:32: lost:0: retrans:1
[  199.042908] AAAAA-TCP_SEND: name:enp0s3: saddr:100932208: daddr:33561200: srtt_us:35010298: RTT:4376287: ssthresh:2147483647: cwnd:25: delivered:32: lost:0: retrans:1
[  199.042927] AAAAA-TCP_SEND: name:enp0s3: saddr:100932208: daddr:16783984: srtt_us:32537260: RTT:4067157: ssthresh:2147483647: cwnd:27: delivered:39: lost:0: retrans:2
[  199.043026] AAAAA-TCP_SEND: name:enp0s3: saddr:100932208: daddr:16783984: srtt_us:32537260: RTT:4067157: ssthresh:2147483647: cwnd:27: delivered:39: lost:0: retrans:2
[  199.043056] AAAAA-TCP_SEND: name:enp0s3: saddr:100932208: daddr:33561200: srtt_us:35010298: RTT:4376287: ssthresh:2147483647: cwnd:25: delivered:32: lost:0: retrans:1
[  199.043186] AAAAA-TCP_SEND: name:enp0s3: saddr:100932208: daddr:33561200: srtt_us:35010298: RTT:4376287: ssthresh:2147483647: cwnd:25: delivered:32: lost:0: retrans:1
[  199.043206] AAAAA-TCP_SEND: name:enp0s3: saddr:100932208: daddr:16783984: srtt_us:32537260: RTT:4067157: ssthresh:2147483647: cwnd:27: delivered:39: lost:0: retrans:2
[  199.045781] AAAAA-TCP_SEND: name:enp0s3: saddr:100932208: daddr:16783984: srtt_us:32537260: RTT:4067157: ssthresh:2147483647: cwnd:27: delivered:39: lost:0: retrans:2
[  199.045805] AAAAA-TCP_SEND: name:enp0s3: saddr:100932208: daddr:16783984: srtt_us:32537260: RTT:4067157: ssthresh:2147483647: cwnd:27: delivered:39: lost:0: retrans:2
[  199.045827] AAAAA-TCP_SEND: name:enp0s3: saddr:100932208: daddr:33561200: srtt_us:35010298: RTT:4376287: ssthresh:2147483647: cwnd:25: delivered:32: lost:0: retrans:1
[  199.045920] AAAAA-TCP_SEND: name:enp0s3: saddr:100932208: daddr:33561200: srtt_us:35010298: RTT:4376287: ssthresh:2147483647: cwnd:25: delivered:32: lost:0: retrans:1
[  199.046023] AAAAA-TCP_SEND: name:enp0s3: saddr:100932208: daddr:33561200: srtt_us:35010298: RTT:4376287: ssthresh:2147483647: cwnd:25: delivered:32: lost:0: retrans:1
[  199.046038] AAAAA-TCP_SEND: name:enp0s3: saddr:100932208: daddr:33561200: srtt_us:35010298: RTT:4376287: ssthresh:2147483647: cwnd:25: delivered:32: lost:0: retrans:1
[  199.046054] AAAAA-TCP_SEND: name:enp0s3: saddr:100932208: daddr:16783984: srtt_us:32537260: RTT:4067157: ssthresh:2147483647: cwnd:27: delivered:39: lost:0: retrans:2
[  199.046147] AAAAA-TCP_SEND: name:enp0s3: saddr:100932208: daddr:16783984: srtt_us:32537260: RTT:4067157: ssthresh:2147483647: cwnd:27: delivered:39: lost:0: retrans:2
[  199.046245] AAAAA-TCP_SEND: name:enp0s3: saddr:100932208: daddr:33561200: srtt_us:35010298: RTT:4376287: ssthresh:2147483647: cwnd:25: delivered:32: lost:0: retrans:1
[  199.046262] AAAAA-TCP_SEND: name:enp0s3: saddr:100932208: daddr:33561200: srtt_us:35010298: RTT:4376287: ssthresh:2147483647: cwnd:25: delivered:32: lost:0: retrans:1
[  199.046362] AAAAA-TCP_SEND: name:enp0s3: saddr:100932208: daddr:33561200: srtt_us:35010298: RTT:4376287: ssthresh:2147483647: cwnd:25: delivered:32: lost:0: retrans:1
[  199.046377] AAAAA-TCP_SEND: name:enp0s3: saddr:100932208: daddr:33561200: srtt_us:35010298: RTT:4376287: ssthresh:2147483647: cwnd:25: delivered:32: lost:0: retrans:1
[  199.046474] AAAAA-TCP_SEND: name:enp0s3: saddr:100932208: daddr:33561200: srtt_us:35010298: RTT:4376287: ssthresh:2147483647: cwnd:25: delivered:32: lost:0: retrans:1
[  199.046488] AAAAA-TCP_SEND: name:enp0s3: saddr:100932208: daddr:33561200: srtt_us:35010298: RTT:4376287: ssthresh:2147483647: cwnd:25: delivered:32: lost:0: retrans:1
[  199.046587] AAAAA-TCP_SEND: name:enp0s3: saddr:100932208: daddr:33561200: srtt_us:35010298: RTT:4376287: ssthresh:2147483647: cwnd:25: delivered:32: lost:0: retrans:1
[  199.046603] AAAAA-TCP_SEND: name:enp0s3: saddr:100932208: daddr:33561200: srtt_us:35010298: RTT:4376287: ssthresh:2147483647: cwnd:25: delivered:32: lost:0: retrans:1
[  199.046699] AAAAA-TCP_SEND: name:enp0s3: saddr:100932208: daddr:33561200: srtt_us:35010298: RTT:4376287: ssthresh:2147483647: cwnd:25: delivered:32: lost:0: retrans:1
[  199.046713] AAAAA-TCP_SEND: name:enp0s3: saddr:100932208: daddr:33561200: srtt_us:35010298: RTT:4376287: ssthresh:2147483647: cwnd:25: delivered:32: lost:0: retrans:1
[  199.046814] AAAAA-TCP_SEND: name:enp0s3: saddr:100932208: daddr:33561200: srtt_us:35010298: RTT:4376287: ssthresh:2147483647: cwnd:25: delivered:32: lost:0: retrans:1
[  199.046828] AAAAA-TCP_SEND: name:enp0s3: saddr:100932208: daddr:33561200: srtt_us:35010298: RTT:4376287: ssthresh:2147483647: cwnd:25: delivered:32: lost:0: retrans:1
[  199.457129] AAAAA-TCP_RECV: name:enp0s3: saddr:16783984: daddr:100932208: srtt_us:32537260: RTT:4067157: ssthresh:2147483647: cwnd:27: delivered:39: lost:0: retrans:2
[  199.457190] AAAAA-TCP_SEND: name:enp0s3: saddr:100932208: daddr:16783984: srtt_us:28885876: RTT:3610734: ssthresh:2147483647: cwnd:28: delivered:40: lost:0: retrans:2
[  199.457217] AAAAA-TCP_SEND: name:enp0s3: saddr:100932208: daddr:16783984: srtt_us:28885876: RTT:3610734: ssthresh:2147483647: cwnd:28: delivered:40: lost:0: retrans:2
[  199.802295] AAAAA-TCP_RECV: name:enp0s3: saddr:16783984: daddr:100932208: srtt_us:28885876: RTT:3610734: ssthresh:2147483647: cwnd:28: delivered:40: lost:0: retrans:2
[  199.802356] AAAAA-TCP_SEND: name:enp0s3: saddr:100932208: daddr:16783984: srtt_us:26036026: RTT:3254503: ssthresh:2147483647: cwnd:29: delivered:41: lost:0: retrans:2
[  199.940624] AAAAA-TCP_RECV: name:enp0s3: saddr:16783984: daddr:100932208: srtt_us:26036026: RTT:3254503: ssthresh:2147483647: cwnd:29: delivered:41: lost:0: retrans:2
[  199.940671] AAAAA-TCP_SEND: name:enp0s3: saddr:100932208: daddr:16783984: srtt_us:23680628: RTT:2960078: ssthresh:2147483647: cwnd:30: delivered:42: lost:0: retrans:2
[  199.940708] AAAAA-TCP_SEND: name:enp0s3: saddr:100932208: daddr:16783984: srtt_us:23680628: RTT:2960078: ssthresh:2147483647: cwnd:30: delivered:42: lost:0: retrans:2
[  200.088622] AAAAA-TCP_RECV: name:enp0s3: saddr:16783984: daddr:100932208: srtt_us:23680628: RTT:2960078: ssthresh:2147483647: cwnd:30: delivered:42: lost:0: retrans:2
[  200.088672] AAAAA-TCP_SEND: name:enp0s3: saddr:100932208: daddr:16783984: srtt_us:21767652: RTT:2720956: ssthresh:2147483647: cwnd:31: delivered:43: lost:0: retrans:2
[  200.088703] AAAAA-TCP_SEND: name:enp0s3: saddr:100932208: daddr:16783984: srtt_us:21767652: RTT:2720956: ssthresh:2147483647: cwnd:31: delivered:43: lost:0: retrans:2
[  200.383388] AAAAA-TCP_RECV: name:enp0s3: saddr:16783984: daddr:100932208: srtt_us:21767652: RTT:2720956: ssthresh:2147483647: cwnd:31: delivered:43: lost:0: retrans:2
[  200.383446] AAAAA-TCP_SEND: name:enp0s3: saddr:100932208: daddr:16783984: srtt_us:20388564: RTT:2548570: ssthresh:2147483647: cwnd:32: delivered:44: lost:0: retrans:2
[  200.383473] AAAAA-TCP_SEND: name:enp0s3: saddr:100932208: daddr:16783984: srtt_us:20388564: RTT:2548570: ssthresh:2147483647: cwnd:32: delivered:44: lost:0: retrans:2
[  200.627367] AAAAA-TCP_RECV: name:enp0s3: saddr:16783984: daddr:100932208: srtt_us:20388564: RTT:2548570: ssthresh:2147483647: cwnd:32: delivered:44: lost:0: retrans:2
[  200.627418] AAAAA-TCP_SEND: name:enp0s3: saddr:100932208: daddr:16783984: srtt_us:19425840: RTT:2428230: ssthresh:2147483647: cwnd:33: delivered:45: lost:0: retrans:2
[  200.627444] AAAAA-TCP_SEND: name:enp0s3: saddr:100932208: daddr:16783984: srtt_us:19425840: RTT:2428230: ssthresh:2147483647: cwnd:33: delivered:45: lost:0: retrans:2
[  200.863941] AAAAA-TCP_RECV: name:enp0s3: saddr:16783984: daddr:100932208: srtt_us:19425840: RTT:2428230: ssthresh:2147483647: cwnd:33: delivered:45: lost:0: retrans:2
[  200.863994] AAAAA-TCP_SEND: name:enp0s3: saddr:100932208: daddr:16783984: srtt_us:18820030: RTT:2352503: ssthresh:2147483647: cwnd:34: delivered:46: lost:0: retrans:2
[  200.864025] AAAAA-TCP_SEND: name:enp0s3: saddr:100932208: daddr:16783984: srtt_us:18820030: RTT:2352503: ssthresh:2147483647: cwnd:34: delivered:46: lost:0: retrans:2
[  200.920890] AAAAA-TCP_RECV: name:enp0s3: saddr:16783984: daddr:100932208: srtt_us:18820030: RTT:2352503: ssthresh:2147483647: cwnd:34: delivered:46: lost:0: retrans:2
[  200.920950] AAAAA-TCP_SEND: name:enp0s3: saddr:100932208: daddr:16783984: srtt_us:18346905: RTT:2293363: ssthresh:2147483647: cwnd:35: delivered:47: lost:0: retrans:2
[  200.920979] AAAAA-TCP_SEND: name:enp0s3: saddr:100932208: daddr:16783984: srtt_us:18346905: RTT:2293363: ssthresh:2147483647: cwnd:35: delivered:47: lost:0: retrans:2
[  201.033967] AAAAA-TCP_RECV: name:enp0s3: saddr:16783984: daddr:100932208: srtt_us:18346905: RTT:2293363: ssthresh:2147483647: cwnd:35: delivered:47: lost:0: retrans:2
[  201.034017] AAAAA-TCP_SEND: name:enp0s3: saddr:100932208: daddr:16783984: srtt_us:18045987: RTT:2255748: ssthresh:2147483647: cwnd:36: delivered:48: lost:0: retrans:2
[  201.034042] AAAAA-TCP_SEND: name:enp0s3: saddr:100932208: daddr:16783984: srtt_us:18045987: RTT:2255748: ssthresh:2147483647: cwnd:36: delivered:48: lost:0: retrans:2
[  201.962731] AAAAA-TCP_RECV: name:enp0s3: saddr:16783984: daddr:100932208: srtt_us:18045987: RTT:2255748: ssthresh:2147483647: cwnd:36: delivered:48: lost:0: retrans:2
[  201.962800] AAAAA-TCP_SEND: name:enp0s3: saddr:100932208: daddr:16783984: srtt_us:18711457: RTT:2338932: ssthresh:2147483647: cwnd:37: delivered:49: lost:0: retrans:2
[  206.447230] AAAAA-TCP_SEND: name:enp0s3: saddr:100932208: daddr:16783984: srtt_us:18711457: RTT:2338932: ssthresh:2147483647: cwnd:37: delivered:49: lost:0: retrans:2
[  206.907074] AAAAA-TCP_RECV: name:enp0s3: saddr:16783984: daddr:100932208: srtt_us:18711457: RTT:2338932: ssthresh:2147483647: cwnd:37: delivered:49: lost:0: retrans:2
[  206.907121] AAAAA-TCP_SEND: name:enp0s3: saddr:100932208: daddr:16783984: srtt_us:24238063: RTT:3029757: ssthresh:2147483647: cwnd:50: delivered:62: lost:0: retrans:2
[  206.907195] AAAAA-TCP_SEND: name:enp0s3: saddr:100932208: daddr:16783984: srtt_us:24238063: RTT:3029757: ssthresh:2147483647: cwnd:50: delivered:62: lost:0: retrans:2
[  206.907209] AAAAA-TCP_SEND: name:enp0s3: saddr:100932208: daddr:16783984: srtt_us:24238063: RTT:3029757: ssthresh:2147483647: cwnd:50: delivered:62: lost:0: retrans:2
[  206.907965] AAAAA-TCP_SEND: name:enp0s3: saddr:100932208: daddr:16783984: srtt_us:24238063: RTT:3029757: ssthresh:2147483647: cwnd:50: delivered:62: lost:0: retrans:2
[  206.907981] AAAAA-TCP_SEND: name:enp0s3: saddr:100932208: daddr:16783984: srtt_us:24238063: RTT:3029757: ssthresh:2147483647: cwnd:50: delivered:62: lost:0: retrans:2
[  206.908044] AAAAA-TCP_SEND: name:enp0s3: saddr:100932208: daddr:16783984: srtt_us:24238063: RTT:3029757: ssthresh:2147483647: cwnd:50: delivered:62: lost:0: retrans:2
[  206.908103] AAAAA-TCP_SEND: name:enp0s3: saddr:100932208: daddr:16783984: srtt_us:24238063: RTT:3029757: ssthresh:2147483647: cwnd:50: delivered:62: lost:0: retrans:2
[  206.908114] AAAAA-TCP_SEND: name:enp0s3: saddr:100932208: daddr:16783984: srtt_us:24238063: RTT:3029757: ssthresh:2147483647: cwnd:50: delivered:62: lost:0: retrans:2
[  206.908185] AAAAA-TCP_SEND: name:enp0s3: saddr:100932208: daddr:16783984: srtt_us:24238063: RTT:3029757: ssthresh:2147483647: cwnd:50: delivered:62: lost:0: retrans:2
[  206.908195] AAAAA-TCP_SEND: name:enp0s3: saddr:100932208: daddr:16783984: srtt_us:24238063: RTT:3029757: ssthresh:2147483647: cwnd:50: delivered:62: lost:0: retrans:2
[  206.908267] AAAAA-TCP_SEND: name:enp0s3: saddr:100932208: daddr:16783984: srtt_us:24238063: RTT:3029757: ssthresh:2147483647: cwnd:50: delivered:62: lost:0: retrans:2
[  206.908278] AAAAA-TCP_SEND: name:enp0s3: saddr:100932208: daddr:16783984: srtt_us:24238063: RTT:3029757: ssthresh:2147483647: cwnd:50: delivered:62: lost:0: retrans:2
[  206.908347] AAAAA-TCP_SEND: name:enp0s3: saddr:100932208: daddr:16783984: srtt_us:24238063: RTT:3029757: ssthresh:2147483647: cwnd:50: delivered:62: lost:0: retrans:2
[  206.908358] AAAAA-TCP_SEND: name:enp0s3: saddr:100932208: daddr:16783984: srtt_us:24238063: RTT:3029757: ssthresh:2147483647: cwnd:50: delivered:62: lost:0: retrans:2
[  206.908568] AAAAA-TCP_SEND: name:enp0s3: saddr:100932208: daddr:16783984: srtt_us:24238063: RTT:3029757: ssthresh:2147483647: cwnd:50: delivered:62: lost:0: retrans:2
[  206.908583] AAAAA-TCP_SEND: name:enp0s3: saddr:100932208: daddr:16783984: srtt_us:24238063: RTT:3029757: ssthresh:2147483647: cwnd:50: delivered:62: lost:0: retrans:2
[  206.908646] AAAAA-TCP_SEND: name:enp0s3: saddr:100932208: daddr:16783984: srtt_us:24238063: RTT:3029757: ssthresh:2147483647: cwnd:50: delivered:62: lost:0: retrans:2
[  206.908657] AAAAA-TCP_SEND: name:enp0s3: saddr:100932208: daddr:16783984: srtt_us:24238063: RTT:3029757: ssthresh:2147483647: cwnd:50: delivered:62: lost:0: retrans:2
[  206.908729] AAAAA-TCP_SEND: name:enp0s3: saddr:100932208: daddr:16783984: srtt_us:24238063: RTT:3029757: ssthresh:2147483647: cwnd:50: delivered:62: lost:0: retrans:2
[  206.908740] AAAAA-TCP_SEND: name:enp0s3: saddr:100932208: daddr:16783984: srtt_us:24238063: RTT:3029757: ssthresh:2147483647: cwnd:50: delivered:62: lost:0: retrans:2
[  206.908805] AAAAA-TCP_SEND: name:enp0s3: saddr:100932208: daddr:16783984: srtt_us:24238063: RTT:3029757: ssthresh:2147483647: cwnd:50: delivered:62: lost:0: retrans:2
[  206.908816] AAAAA-TCP_SEND: name:enp0s3: saddr:100932208: daddr:16783984: srtt_us:24238063: RTT:3029757: ssthresh:2147483647: cwnd:50: delivered:62: lost:0: retrans:2
[  207.073036] AAAAA-TCP_RECV: name:enp0s3: saddr:16783984: daddr:100932208: srtt_us:24238063: RTT:3029757: ssthresh:2147483647: cwnd:50: delivered:62: lost:0: retrans:2
[  207.073082] AAAAA-TCP_SEND: name:enp0s3: saddr:100932208: daddr:16783984: srtt_us:24238063: RTT:3029757: ssthresh:2147483647: cwnd:50: delivered:62: lost:0: retrans:2
[  207.239322] AAAAA-TCP_RECV: name:enp0s3: saddr:33561200: daddr:100932208: srtt_us:35010298: RTT:4376287: ssthresh:2147483647: cwnd:25: delivered:32: lost:0: retrans:1
[  207.314720] AAAAA-TCP_RECV: name:enp0s3: saddr:16783984: daddr:100932208: srtt_us:24238063: RTT:3029757: ssthresh:2147483647: cwnd:50: delivered:62: lost:0: retrans:2
[  207.476338] AAAAA-TCP_RECV: name:enp0s3: saddr:16783984: daddr:100932208: srtt_us:24238063: RTT:3029757: ssthresh:2147483647: cwnd:50: delivered:62: lost:0: retrans:2
[  207.476396] AAAAA-TCP_SEND: name:enp0s3: saddr:100932208: daddr:16783984: srtt_us:28882335: RTT:3610291: ssthresh:25: cwnd:40: delivered:63: lost:7: retrans:3
[  207.533511] AAAAA-TCP_RECV: name:enp0s3: saddr:33561200: daddr:100932208: srtt_us:38831052: RTT:4853881: ssthresh:2147483647: cwnd:35: delivered:42: lost:0: retrans:1
[  207.533526] AAAAA-TCP_SEND: name:enp0s3: saddr:100932208: daddr:33561200: srtt_us:38831052: RTT:4853881: ssthresh:2147483647: cwnd:35: delivered:42: lost:0: retrans:1
[  207.767146] AAAAA-TCP_RECV: name:enp0s3: saddr:33561200: daddr:100932208: srtt_us:38831052: RTT:4853881: ssthresh:2147483647: cwnd:35: delivered:42: lost:0: retrans:1
[  207.868248] AAAAA-TCP_RECV: name:enp0s3: saddr:33561200: daddr:100932208: srtt_us:42698532: RTT:5337316: ssthresh:2147483647: cwnd:36: delivered:43: lost:0: retrans:1
[  208.141706] AAAAA-TCP_RECV: name:enp0s3: saddr:16783984: daddr:100932208: srtt_us:28882335: RTT:3610291: ssthresh:25: cwnd:40: delivered:63: lost:7: retrans:3
[  208.409669] AAAAA-TCP_RECV: name:enp0s3: saddr:33561200: daddr:100932208: srtt_us:42698532: RTT:5337316: ssthresh:2147483647: cwnd:36: delivered:43: lost:0: retrans:1
[  208.409702] AAAAA-TCP_SEND: name:enp0s3: saddr:100932208: daddr:33561200: srtt_us:42698532: RTT:5337316: ssthresh:2147483647: cwnd:36: delivered:43: lost:0: retrans:1
[  208.611101] AAAAA-TCP_RECV: name:enp0s3: saddr:33561200: daddr:100932208: srtt_us:42698532: RTT:5337316: ssthresh:2147483647: cwnd:36: delivered:43: lost:0: retrans:1
[  208.754399] AAAAA-TCP_RECV: name:enp0s3: saddr:33561200: daddr:100932208: srtt_us:42698532: RTT:5337316: ssthresh:2147483647: cwnd:36: delivered:43: lost:0: retrans:1
[  208.911506] AAAAA-TCP_RECV: name:enp0s3: saddr:33561200: daddr:100932208: srtt_us:42698532: RTT:5337316: ssthresh:2147483647: cwnd:36: delivered:43: lost:0: retrans:1
[  208.911522] AAAAA-TCP_SEND: name:enp0s3: saddr:100932208: daddr:33561200: srtt_us:42698532: RTT:5337316: ssthresh:2147483647: cwnd:36: delivered:43: lost:0: retrans:1
[  209.085147] AAAAA-TCP_RECV: name:enp0s3: saddr:16783984: daddr:100932208: srtt_us:33473105: RTT:4184138: ssthresh:25: cwnd:39: delivered:64: lost:7: retrans:3
[  209.085198] AAAAA-TCP_SEND: name:enp0s3: saddr:100932208: daddr:16783984: srtt_us:33473105: RTT:4184138: ssthresh:25: cwnd:39: delivered:64: lost:7: retrans:3
[  209.471856] AAAAA-TCP_RECV: name:enp0s3: saddr:16783984: daddr:100932208: srtt_us:33473105: RTT:4184138: ssthresh:25: cwnd:39: delivered:64: lost:7: retrans:3
[  209.510829] AAAAA-TCP_RECV: name:enp0s3: saddr:16783984: daddr:100932208: srtt_us:39303660: RTT:4912957: ssthresh:2147483647: cwnd:60: delivered:74: lost:7: retrans:3
[  209.672821] AAAAA-TCP_RECV: name:enp0s3: saddr:33561200: daddr:100932208: srtt_us:42698532: RTT:5337316: ssthresh:2147483647: cwnd:36: delivered:43: lost:0: retrans:1
[  209.672833] AAAAA-TCP_SEND: name:enp0s3: saddr:100932208: daddr:33561200: srtt_us:42698532: RTT:5337316: ssthresh:2147483647: cwnd:36: delivered:43: lost:0: retrans:1
[  209.721835] AAAAA-TCP_RECV: name:enp0s3: saddr:16783984: daddr:100932208: srtt_us:39303660: RTT:4912957: ssthresh:2147483647: cwnd:60: delivered:74: lost:7: retrans:3
[  209.721859] AAAAA-TCP_SEND: name:enp0s3: saddr:100932208: daddr:16783984: srtt_us:39303660: RTT:4912957: ssthresh:2147483647: cwnd:60: delivered:74: lost:7: retrans:3
[  210.003528] AAAAA-TCP_RECV: name:enp0s3: saddr:16783984: daddr:100932208: srtt_us:39303660: RTT:4912957: ssthresh:2147483647: cwnd:60: delivered:74: lost:7: retrans:3
[  210.003583] AAAAA-TCP_SEND: name:enp0s3: saddr:100932208: daddr:16783984: srtt_us:42431470: RTT:5303933: ssthresh:30: cwnd:27: delivered:75: lost:15: retrans:4
[  210.005277] AAAAA-TCP_RECV: name:enp0s3: saddr:16783984: daddr:100932208: srtt_us:42431470: RTT:5303933: ssthresh:30: cwnd:27: delivered:75: lost:15: retrans:4
[  210.200090] AAAAA-TCP_SEND: name:enp0s3: saddr:100932208: daddr:16783984: srtt_us:42431470: RTT:5303933: ssthresh:30: cwnd:27: delivered:75: lost:16: retrans:5
[  210.273378] AAAAA-TCP_RECV: name:enp0s3: saddr:16783984: daddr:100932208: srtt_us:42431470: RTT:5303933: ssthresh:30: cwnd:27: delivered:75: lost:16: retrans:5
[  210.273403] AAAAA-TCP_SEND: name:enp0s3: saddr:100932208: daddr:16783984: srtt_us:42431470: RTT:5303933: ssthresh:30: cwnd:27: delivered:75: lost:16: retrans:5
[  210.276413] AAAAA-TCP_RECV: name:enp0s3: saddr:16783984: daddr:100932208: srtt_us:42431470: RTT:5303933: ssthresh:30: cwnd:27: delivered:75: lost:16: retrans:5
[  210.420803] AAAAA-TCP_RECV: name:enp0s3: saddr:16783984: daddr:100932208: srtt_us:42431470: RTT:5303933: ssthresh:30: cwnd:27: delivered:75: lost:16: retrans:5
[  210.606182] AAAAA-TCP_RECV: name:enp0s3: saddr:16783984: daddr:100932208: srtt_us:42431470: RTT:5303933: ssthresh:30: cwnd:27: delivered:75: lost:16: retrans:5
[  210.606227] AAAAA-TCP_SEND: name:enp0s3: saddr:100932208: daddr:16783984: srtt_us:45770937: RTT:5721367: ssthresh:30: cwnd:28: delivered:76: lost:16: retrans:6
[  210.676895] AAAAA-TCP_RECV: name:enp0s3: saddr:16783984: daddr:100932208: srtt_us:45770937: RTT:5721367: ssthresh:30: cwnd:28: delivered:76: lost:16: retrans:6
[  210.813481] AAAAA-TCP_RECV: name:enp0s3: saddr:16783984: daddr:100932208: srtt_us:45770937: RTT:5721367: ssthresh:30: cwnd:28: delivered:76: lost:16: retrans:6
[  210.813537] AAAAA-TCP_SEND: name:enp0s3: saddr:100932208: daddr:16783984: srtt_us:45770937: RTT:5721367: ssthresh:30: cwnd:28: delivered:76: lost:16: retrans:6
[  210.880316] AAAAA-TCP_RECV: name:enp0s3: saddr:16783984: daddr:100932208: srtt_us:45770937: RTT:5721367: ssthresh:30: cwnd:28: delivered:76: lost:16: retrans:6
[  210.880428] AAAAA-TCP_SEND: name:enp0s3: saddr:100932208: daddr:16783984: srtt_us:45770937: RTT:5721367: ssthresh:30: cwnd:6: delivered:77: lost:38: retrans:7
[  211.273648] AAAAA-TCP_RECV: name:enp0s3: saddr:16783984: daddr:100932208: srtt_us:45770937: RTT:5721367: ssthresh:30: cwnd:6: delivered:77: lost:38: retrans:7
[  211.273691] AAAAA-TCP_SEND: name:enp0s3: saddr:100932208: daddr:16783984: srtt_us:45770937: RTT:5721367: ssthresh:30: cwnd:6: delivered:78: lost:38: retrans:8
[  211.770324] AAAAA-TCP_RECV: name:enp0s3: saddr:16783984: daddr:100932208: srtt_us:45770937: RTT:5721367: ssthresh:30: cwnd:6: delivered:78: lost:38: retrans:8
[  212.152317] AAAAA-TCP_RECV: name:enp0s3: saddr:16783984: daddr:100932208: srtt_us:45770937: RTT:5721367: ssthresh:30: cwnd:6: delivered:78: lost:38: retrans:8
[  212.390457] AAAAA-TCP_RECV: name:enp0s3: saddr:16783984: daddr:100932208: srtt_us:45770937: RTT:5721367: ssthresh:30: cwnd:6: delivered:78: lost:38: retrans:8
[  212.577852] AAAAA-TCP_RECV: name:enp0s3: saddr:16783984: daddr:100932208: srtt_us:45770937: RTT:5721367: ssthresh:30: cwnd:6: delivered:78: lost:38: retrans:8
[  213.002725] AAAAA-TCP_RECV: name:enp0s3: saddr:16783984: daddr:100932208: srtt_us:45770937: RTT:5721367: ssthresh:30: cwnd:6: delivered:78: lost:38: retrans:8
[  213.002774] AAAAA-TCP_SEND: name:enp0s3: saddr:100932208: daddr:16783984: srtt_us:45770937: RTT:5721367: ssthresh:30: cwnd:6: delivered:79: lost:38: retrans:9
[  217.557593] AAAAA-TCP_RECV: name:enp0s3: saddr:16783984: daddr:100932208: srtt_us:45770937: RTT:5721367: ssthresh:30: cwnd:6: delivered:79: lost:38: retrans:9
[  217.557632] AAAAA-TCP_SEND: name:enp0s3: saddr:100932208: daddr:16783984: srtt_us:45770937: RTT:5721367: ssthresh:30: cwnd:6: delivered:80: lost:38: retrans:10
[  218.240937] AAAAA-TCP_RECV: name:enp0s3: saddr:16783984: daddr:100932208: srtt_us:45770937: RTT:5721367: ssthresh:30: cwnd:6: delivered:80: lost:38: retrans:10
[  218.240975] AAAAA-TCP_SEND: name:enp0s3: saddr:100932208: daddr:16783984: srtt_us:45770937: RTT:5721367: ssthresh:30: cwnd:7: delivered:81: lost:38: retrans:11
[  218.479171] AAAAA-TCP_SEND: name:enp0s3: saddr:100932208: daddr:33561200: srtt_us:42698532: RTT:5337316: ssthresh:2147483647: cwnd:36: delivered:43: lost:0: retrans:2
[  219.048667] AAAAA-TCP_RECV: name:enp0s3: saddr:16783984: daddr:100932208: srtt_us:45770937: RTT:5721367: ssthresh:30: cwnd:7: delivered:81: lost:38: retrans:11
[  219.048706] AAAAA-TCP_SEND: name:enp0s3: saddr:100932208: daddr:16783984: srtt_us:52191143: RTT:6523892: ssthresh:30: cwnd:9: delivered:87: lost:38: retrans:12
[  219.048731] AAAAA-TCP_SEND: name:enp0s3: saddr:100932208: daddr:16783984: srtt_us:52191143: RTT:6523892: ssthresh:30: cwnd:9: delivered:87: lost:38: retrans:13
[  219.048743] AAAAA-TCP_SEND: name:enp0s3: saddr:100932208: daddr:16783984: srtt_us:52191143: RTT:6523892: ssthresh:30: cwnd:9: delivered:87: lost:38: retrans:14
[  219.048801] AAAAA-TCP_SEND: name:enp0s3: saddr:100932208: daddr:16783984: srtt_us:52191143: RTT:6523892: ssthresh:30: cwnd:9: delivered:87: lost:38: retrans:15
[  219.048820] AAAAA-TCP_SEND: name:enp0s3: saddr:100932208: daddr:16783984: srtt_us:52191143: RTT:6523892: ssthresh:30: cwnd:9: delivered:87: lost:38: retrans:16
[  219.049258] AAAAA-TCP_SEND: name:enp0s3: saddr:100932208: daddr:16783984: srtt_us:52191143: RTT:6523892: ssthresh:30: cwnd:9: delivered:87: lost:38: retrans:17
[  219.069070] AAAAA-TCP_RECV: name:enp0s3: saddr:16783984: daddr:100932208: srtt_us:52191143: RTT:6523892: ssthresh:30: cwnd:9: delivered:87: lost:38: retrans:17
[  219.298186] AAAAA-TCP_RECV: name:enp0s3: saddr:16783984: daddr:100932208: srtt_us:52191143: RTT:6523892: ssthresh:30: cwnd:9: delivered:87: lost:38: retrans:17
[  219.390578] AAAAA-TCP_RECV: name:enp0s3: saddr:16783984: daddr:100932208: srtt_us:52191143: RTT:6523892: ssthresh:30: cwnd:9: delivered:87: lost:38: retrans:17
[  219.390616] AAAAA-TCP_SEND: name:enp0s3: saddr:100932208: daddr:16783984: srtt_us:52191143: RTT:6523892: ssthresh:30: cwnd:9: delivered:88: lost:38: retrans:18
[  219.503170] AAAAA-TCP_SEND: name:enp0s3: saddr:100932208: daddr:16783984: srtt_us:52191143: RTT:6523892: ssthresh:30: cwnd:2: delivered:88: lost:69: retrans:19
[  219.503304] AAAAA-TCP_SEND: name:enp0s3: saddr:100932208: daddr:33561200: srtt_us:42698532: RTT:5337316: ssthresh:2147483647: cwnd:36: delivered:43: lost:0: retrans:2
[  219.503315] AAAAA-TCP_SEND: name:enp0s3: saddr:100932208: daddr:33561200: srtt_us:42698532: RTT:5337316: ssthresh:2147483647: cwnd:36: delivered:43: lost:0: retrans:2
