[    0.000000] Linux version 5.4.243-mptcp (root@ztg) (gcc version 12.2.0 (Debian 12.2.0-14+deb12u1)) #53 SMP Wed Dec 24 23:28:15 CST 2025
[    0.000000] Command line: BOOT_IMAGE=/boot/vmlinuz-5.4.243-mptcp root=UUID=98415a12-53b7-4144-8265-0f7ece09e445 ro quiet splash
[    0.000000] KERNEL supported cpus:
[    0.000000]   Intel GenuineIntel
[    0.000000]   AMD AuthenticAMD
[    0.000000]   Hygon HygonGenuine
[    0.000000]   Centaur CentaurHauls
[    0.000000]   zhaoxin   Shanghai  
[    0.000000] x86/fpu: Supporting XSAVE feature 0x001: 'x87 floating point registers'
[    0.000000] x86/fpu: Supporting XSAVE feature 0x002: 'SSE registers'
[    0.000000] x86/fpu: Supporting XSAVE feature 0x004: 'AVX registers'
[    0.000000] x86/fpu: xstate_offset[2]:  576, xstate_sizes[2]:  256
[    0.000000] x86/fpu: Enabled xstate features 0x7, context size is 832 bytes, using 'standard' format.
[    0.000000] BIOS-provided physical RAM map:
[    0.000000] BIOS-e820: [mem 0x0000000000000000-0x000000000009fbff] usable
[    0.000000] BIOS-e820: [mem 0x000000000009fc00-0x000000000009ffff] reserved
[    0.000000] BIOS-e820: [mem 0x00000000000f0000-0x00000000000fffff] reserved
[    0.000000] BIOS-e820: [mem 0x0000000000100000-0x000000007ffeffff] usable
[    0.000000] BIOS-e820: [mem 0x000000007fff0000-0x000000007fffffff] ACPI data
[    0.000000] BIOS-e820: [mem 0x00000000fec00000-0x00000000fec00fff] reserved
[    0.000000] BIOS-e820: [mem 0x00000000fee00000-0x00000000fee00fff] reserved
[    0.000000] BIOS-e820: [mem 0x00000000fffc0000-0x00000000ffffffff] reserved
[    0.000000] NX (Execute Disable) protection: active
[    0.000000] SMBIOS 2.5 present.
[    0.000000] DMI: innotek GmbH VirtualBox/VirtualBox, BIOS VirtualBox 12/01/2006
[    0.000000] Hypervisor detected: KVM
[    0.000000] kvm-clock: Using msrs 4b564d01 and 4b564d00
[    0.000000] kvm-clock: cpu 0, msr 24001001, primary cpu clock
[    0.000000] kvm-clock: using sched offset of 4435689615 cycles
[    0.000002] clocksource: kvm-clock: mask: 0xffffffffffffffff max_cycles: 0x1cd42e4dffb, max_idle_ns: 881590591483 ns
[    0.000005] tsc: Detected 2100.000 MHz processor
[    0.001886] e820: update [mem 0x00000000-0x00000fff] usable ==> reserved
[    0.001888] e820: remove [mem 0x000a0000-0x000fffff] usable
[    0.001892] last_pfn = 0x7fff0 max_arch_pfn = 0x400000000
[    0.001959] MTRR default type: uncachable
[    0.001960] MTRR fixed ranges enabled:
[    0.001961]   00000-9FFFF write-back
[    0.001962]   A0000-BFFFF uncachable
[    0.001963]   C0000-FFFFF write-protect
[    0.001963] MTRR variable ranges enabled:
[    0.001965]   0 base 000000000000 mask 3FFF80000000 write-back
[    0.001965]   1 disabled
[    0.001966]   2 disabled
[    0.001966]   3 disabled
[    0.001967]   4 disabled
[    0.001967]   5 disabled
[    0.001967]   6 disabled
[    0.001968]   7 disabled
[    0.001968]   8 disabled
[    0.001969]   9 disabled
[    0.001969]   10 disabled
[    0.001970]   11 disabled
[    0.001970]   12 disabled
[    0.001970]   13 disabled
[    0.001971]   14 disabled
[    0.001971]   15 disabled
[    0.001987] x86/PAT: Configuration [0-7]: WB  WC  UC- UC  WB  WP  UC- WT  
[    0.002119] found SMP MP-table at [mem 0x0009fff0-0x0009ffff]
[    0.091360] check: Scanning 1 areas for low memory corruption
[    0.091527] RAMDISK: [mem 0x32271000-0x3512ffff]
[    0.091536] ACPI: Early table checksum verification disabled
[    0.091541] ACPI: RSDP 0x00000000000E0000 000024 (v02 VBOX  )
[    0.091546] ACPI: XSDT 0x000000007FFF0030 00003C (v01 VBOX   VBOXXSDT 00000001 ASL  00000061)
[    0.091552] ACPI: FACP 0x000000007FFF00F0 0000F4 (v04 VBOX   VBOXFACP 00000001 ASL  00000061)
[    0.091558] ACPI: DSDT 0x000000007FFF02E0 002353 (v02 VBOX   VBOXBIOS 00000002 VBOX 00029BF3)
[    0.091563] ACPI: FACS 0x000000007FFF0200 000040
[    0.091566] ACPI: FACS 0x000000007FFF0200 000040
[    0.091569] ACPI: APIC 0x000000007FFF0240 000054 (v02 VBOX   VBOXAPIC 00000001 ASL  00000061)
[    0.091573] ACPI: SSDT 0x000000007FFF02A0 000038 (v01 VBOX   VBOXCPUT 00000002 VBOX 00029BF3)
[    0.091576] ACPI: Reserving FACP table memory at [mem 0x7fff00f0-0x7fff01e3]
[    0.091577] ACPI: Reserving DSDT table memory at [mem 0x7fff02e0-0x7fff2632]
[    0.091578] ACPI: Reserving FACS table memory at [mem 0x7fff0200-0x7fff023f]
[    0.091579] ACPI: Reserving FACS table memory at [mem 0x7fff0200-0x7fff023f]
[    0.091579] ACPI: Reserving APIC table memory at [mem 0x7fff0240-0x7fff0293]
[    0.091580] ACPI: Reserving SSDT table memory at [mem 0x7fff02a0-0x7fff02d7]
[    0.091595] ACPI: Local APIC address 0xfee00000
[    0.091781] No NUMA configuration found
[    0.091782] Faking a node at [mem 0x0000000000000000-0x000000007ffeffff]
[    0.091792] NODE_DATA(0) allocated [mem 0x7ffc5000-0x7ffeffff]
[    0.092052] Zone ranges:
[    0.092053]   DMA      [mem 0x0000000000001000-0x0000000000ffffff]
[    0.092054]   DMA32    [mem 0x0000000001000000-0x000000007ffeffff]
[    0.092055]   Normal   empty
[    0.092056]   Device   empty
[    0.092057] Movable zone start for each node
[    0.092058] Early memory node ranges
[    0.092059]   node   0: [mem 0x0000000000001000-0x000000000009efff]
[    0.092060]   node   0: [mem 0x0000000000100000-0x000000007ffeffff]
[    0.092063] Zeroed struct page in unavailable ranges: 114 pages
[    0.092064] Initmem setup node 0 [mem 0x0000000000001000-0x000000007ffeffff]
[    0.092066] On node 0 totalpages: 524174
[    0.092067]   DMA zone: 64 pages used for memmap
[    0.092067]   DMA zone: 21 pages reserved
[    0.092068]   DMA zone: 3998 pages, LIFO batch:0
[    0.092140]   DMA32 zone: 8128 pages used for memmap
[    0.092140]   DMA32 zone: 520176 pages, LIFO batch:63
[    0.101067] ACPI: PM-Timer IO Port: 0x4008
[    0.101071] ACPI: Local APIC address 0xfee00000
[    0.101142] IOAPIC[0]: apic_id 1, version 32, address 0xfec00000, GSI 0-23
[    0.101146] ACPI: INT_SRC_OVR (bus 0 bus_irq 0 global_irq 2 dfl dfl)
[    0.101148] ACPI: INT_SRC_OVR (bus 0 bus_irq 9 global_irq 9 low level)
[    0.101149] ACPI: IRQ0 used by override.
[    0.101150] ACPI: IRQ9 used by override.
[    0.101153] Using ACPI (MADT) for SMP configuration information
[    0.101160] smpboot: Allowing 1 CPUs, 0 hotplug CPUs
[    0.101183] PM: Registered nosave memory: [mem 0x00000000-0x00000fff]
[    0.101184] PM: Registered nosave memory: [mem 0x0009f000-0x0009ffff]
[    0.101185] PM: Registered nosave memory: [mem 0x000a0000-0x000effff]
[    0.101185] PM: Registered nosave memory: [mem 0x000f0000-0x000fffff]
[    0.101187] [mem 0x80000000-0xfebfffff] available for PCI devices
[    0.101188] Booting paravirtualized kernel on KVM
[    0.101191] clocksource: refined-jiffies: mask: 0xffffffff max_cycles: 0xffffffff, max_idle_ns: 7645519600211568 ns
[    0.101197] setup_percpu: NR_CPUS:8192 nr_cpumask_bits:1 nr_cpu_ids:1 nr_node_ids:1
[    0.102216] percpu: Embedded 60 pages/cpu s208896 r8192 d28672 u2097152
[    0.102221] pcpu-alloc: s208896 r8192 d28672 u2097152 alloc=1*2097152
[    0.102222] pcpu-alloc: [0] 0 
[    0.102250] Built 1 zonelists, mobility grouping on.  Total pages: 515961
[    0.102250] Policy zone: DMA32
[    0.102251] Kernel command line: BOOT_IMAGE=/boot/vmlinuz-5.4.243-mptcp root=UUID=98415a12-53b7-4144-8265-0f7ece09e445 ro quiet splash
[    0.103115] Dentry cache hash table entries: 262144 (order: 9, 2097152 bytes, linear)
[    0.103263] Inode-cache hash table entries: 131072 (order: 8, 1048576 bytes, linear)
[    0.103312] mem auto-init: stack:off, heap alloc:on, heap free:off
[    0.103316] Calgary: detecting Calgary via BIOS EBDA area
[    0.103317] Calgary: Unable to locate Rio Grande table in EBDA - bailing!
[    0.107373] Memory: 1967332K/2096696K available (14339K kernel code, 2398K rwdata, 4712K rodata, 2728K init, 17260K bss, 129364K reserved, 0K cma-reserved)
[    0.108293] SLUB: HWalign=64, Order=0-3, MinObjects=0, CPUs=1, Nodes=1
[    0.108309] ftrace: allocating 43186 entries in 169 pages
[    0.126395] rcu: Hierarchical RCU implementation.
[    0.126396] rcu: 	RCU restricting CPUs from NR_CPUS=8192 to nr_cpu_ids=1.
[    0.126397] 	Tasks RCU enabled.
[    0.126398] rcu: RCU calculated value of scheduler-enlistment delay is 25 jiffies.
[    0.126399] rcu: Adjusting geometry for rcu_fanout_leaf=16, nr_cpu_ids=1
[    0.129346] NR_IRQS: 524544, nr_irqs: 256, preallocated irqs: 16
[    0.129559] random: crng init done
[    0.138912] Console: colour VGA+ 80x25
[    0.138917] printk: console [tty0] enabled
[    0.138937] ACPI: Core revision 20190816
[    0.139030] APIC: Switch to symmetric I/O mode setup
[    0.139282] x2apic enabled
[    0.139522] Switched APIC routing to physical x2apic.
[    0.140662] ..TIMER: vector=0x30 apic1=0 pin1=2 apic2=-1 pin2=-1
[    0.140687] clocksource: tsc-early: mask: 0xffffffffffffffff max_cycles: 0x1e4530a99b6, max_idle_ns: 440795257976 ns
[    0.140692] Calibrating delay loop (skipped) preset value.. 4200.00 BogoMIPS (lpj=8400000)
[    0.140695] pid_max: default: 32768 minimum: 301
[    0.140722] LSM: Security Framework initializing
[    0.140731] Yama: becoming mindful.
[    0.140758] AppArmor: AppArmor initialized
[    0.140791] Mount-cache hash table entries: 4096 (order: 3, 32768 bytes, linear)
[    0.140796] Mountpoint-cache hash table entries: 4096 (order: 3, 32768 bytes, linear)
[    0.140806] *** VALIDATE tmpfs ***
[    0.140934] *** VALIDATE proc ***
[    0.140974] *** VALIDATE cgroup1 ***
[    0.140976] *** VALIDATE cgroup2 ***
[    0.141116] process: using mwait in idle threads
[    0.141120] Last level iTLB entries: 4KB 64, 2MB 8, 4MB 8
[    0.141121] Last level dTLB entries: 4KB 64, 2MB 0, 4MB 0, 1GB 4
[    0.141141] Spectre V1 : Mitigation: usercopy/swapgs barriers and __user pointer sanitization
[    0.141147] Spectre V2 : Mitigation: Retpolines
[    0.141148] Spectre V2 : Spectre v2 / SpectreRSB mitigation: Filling RSB on context switch
[    0.141148] Spectre V2 : Spectre v2 / SpectreRSB : Filling RSB on VMEXIT
[    0.141149] RETBleed: WARNING: Spectre v2 mitigation leaves CPU vulnerable to RETBleed attacks, data leaks possible!
[    0.141508] RETBleed: Vulnerable
[    0.141509] Speculative Store Bypass: Vulnerable
[    0.141513] TAA: Mitigation: TSX disabled
[    0.141514] MMIO Stale Data: Mitigation: Clear CPU buffers
[    0.145734] Freeing SMP alternatives memory: 40K
[    0.257822] smpboot: CPU0: Intel(R) Xeon(R) Silver 4216 CPU @ 2.10GHz (family: 0x6, model: 0x55, stepping: 0x7)
[    0.257956] Performance Events: unsupported p6 CPU model 85 no PMU driver, software events only.
[    0.257993] rcu: Hierarchical SRCU implementation.
[    0.258484] NMI watchdog: Perf NMI watchdog permanently disabled
[    0.258523] smp: Bringing up secondary CPUs ...
[    0.258524] smp: Brought up 1 node, 1 CPU
[    0.258525] smpboot: Max logical packages: 1
[    0.258526] smpboot: Total of 1 processors activated (4200.00 BogoMIPS)
[    0.259502] devtmpfs: initialized
[    0.259551] x86/mm: Memory block size: 128MB
[    0.259901] clocksource: jiffies: mask: 0xffffffff max_cycles: 0xffffffff, max_idle_ns: 7645041785100000 ns
[    0.259907] futex hash table entries: 256 (order: 2, 16384 bytes, linear)
[    0.259950] pinctrl core: initialized pinctrl subsystem
[    0.260052] PM: RTC time: 11:00:38, date: 2026-01-17
[    0.260157] NET: Registered protocol family 16
[    0.260231] audit: initializing netlink subsys (disabled)
[    0.260357] EISA bus registered
[    0.260358] cpuidle: using governor ladder
[    0.260359] cpuidle: using governor menu
[    0.260395] ACPI: bus type PCI registered
[    0.260397] acpiphp: ACPI Hot Plug PCI Controller Driver version: 0.5
[    0.260499] PCI: Using configuration type 1 for base access
[    0.260992] audit: type=2000 audit(1768618844.956:1): state=initialized audit_enabled=0 res=1
[    0.261070] HugeTLB registered 2.00 MiB page size, pre-allocated 0 pages
[    0.261907] ACPI: Added _OSI(Module Device)
[    0.261908] ACPI: Added _OSI(Processor Device)
[    0.261908] ACPI: Added _OSI(3.0 _SCP Extensions)
[    0.261909] ACPI: Added _OSI(Processor Aggregator Device)
[    0.261910] ACPI: Added _OSI(Linux-Dell-Video)
[    0.261911] ACPI: Added _OSI(Linux-Lenovo-NV-HDMI-Audio)
[    0.261912] ACPI: Added _OSI(Linux-HPI-Hybrid-Graphics)
[    0.263854] ACPI: 2 ACPI AML tables successfully acquired and loaded
[    0.265363] ACPI: Interpreter enabled
[    0.265372] ACPI: (supports S0 S5)
[    0.265373] ACPI: Using IOAPIC for interrupt routing
[    0.265579] PCI: Using host bridge windows from ACPI; if necessary, use "pci=nocrs" and report a bug
[    0.265683] ACPI: Enabled 2 GPEs in block 00 to 07
[    0.270666] ACPI: PCI Root Bridge [PCI0] (domain 0000 [bus 00-ff])
[    0.270671] acpi PNP0A03:00: _OSC: OS supports [ASPM ClockPM Segments MSI HPX-Type3]
[    0.271114] acpi PNP0A03:00: _OSC: not requesting OS control; OS requires [ExtendedConfig ASPM ClockPM MSI]
[    0.271122] acpi PNP0A03:00: fail to add MMCONFIG information, can't access extended PCI configuration space under this bridge.
[    0.271493] PCI host bridge to bus 0000:00
[    0.271495] pci_bus 0000:00: root bus resource [io  0x0000-0x0cf7 window]
[    0.271496] pci_bus 0000:00: root bus resource [io  0x0d00-0xffff window]
[    0.271498] pci_bus 0000:00: root bus resource [mem 0x000a0000-0x000bffff window]
[    0.271499] pci_bus 0000:00: root bus resource [mem 0x80000000-0xfdffffff window]
[    0.271500] pci_bus 0000:00: root bus resource [bus 00-ff]
[    0.271540] pci 0000:00:00.0: [8086:1237] type 00 class 0x060000
[    0.272476] pci 0000:00:01.0: [8086:7000] type 00 class 0x060100
[    0.273289] pci 0000:00:01.1: [8086:7111] type 00 class 0x01018a
[    0.273663] pci 0000:00:01.1: reg 0x20: [io  0xd000-0xd00f]
[    0.273816] pci 0000:00:01.1: legacy IDE quirk: reg 0x10: [io  0x01f0-0x01f7]
[    0.273817] pci 0000:00:01.1: legacy IDE quirk: reg 0x14: [io  0x03f6]
[    0.273818] pci 0000:00:01.1: legacy IDE quirk: reg 0x18: [io  0x0170-0x0177]
[    0.273819] pci 0000:00:01.1: legacy IDE quirk: reg 0x1c: [io  0x0376]
[    0.274385] pci 0000:00:02.0: [15ad:0405] type 00 class 0x030000
[    0.276768] pci 0000:00:02.0: reg 0x10: [io  0xd010-0xd01f]
[    0.279608] pci 0000:00:02.0: reg 0x14: [mem 0xe0000000-0xe7ffffff pref]
[    0.283366] pci 0000:00:02.0: reg 0x18: [mem 0xf0000000-0xf01fffff]
[    0.293520] pci 0000:00:03.0: [1022:2000] type 00 class 0x020000
[    0.294230] pci 0000:00:03.0: reg 0x10: [io  0xd020-0xd03f]
[    0.294862] pci 0000:00:03.0: reg 0x14: [mem 0xf0200000-0xf0200fff]
[    0.299268] pci 0000:00:04.0: [80ee:cafe] type 00 class 0x088000
[    0.299938] pci 0000:00:04.0: reg 0x10: [io  0xd040-0xd05f]
[    0.300546] pci 0000:00:04.0: reg 0x14: [mem 0xf0400000-0xf07fffff]
[    0.301295] pci 0000:00:04.0: reg 0x18: [mem 0xf0800000-0xf0803fff pref]
[    0.304732] pci 0000:00:07.0: [8086:7113] type 00 class 0x068000
[    0.305268] pci 0000:00:07.0: quirk: [io  0x4000-0x403f] claimed by PIIX4 ACPI
[    0.305280] pci 0000:00:07.0: quirk: [io  0x4100-0x410f] claimed by PIIX4 SMB
[    0.305891] pci 0000:00:08.0: [8086:100e] type 00 class 0x020000
[    0.306633] pci 0000:00:08.0: reg 0x10: [mem 0xf0820000-0xf083ffff]
[    0.307789] pci 0000:00:08.0: reg 0x18: [io  0xd060-0xd067]
[    0.310905] pci 0000:00:09.0: [8086:100e] type 00 class 0x020000
[    0.311615] pci 0000:00:09.0: reg 0x10: [mem 0xf0840000-0xf085ffff]
[    0.312804] pci 0000:00:09.0: reg 0x18: [io  0xd068-0xd06f]
[    0.321780] ACPI: PCI Interrupt Link [LNKA] (IRQs 5 9 10 *11)
[    0.322061] ACPI: PCI Interrupt Link [LNKB] (IRQs 5 9 *10 11)
[    0.322167] ACPI: PCI Interrupt Link [LNKC] (IRQs 5 *9 10 11)
[    0.322266] ACPI: PCI Interrupt Link [LNKD] (IRQs 5 9 10 *11)
[    0.324891] iommu: Default domain type: Translated 
[    0.324952] pci 0000:00:02.0: vgaarb: setting as boot VGA device
[    0.324953] pci 0000:00:02.0: vgaarb: VGA device added: decodes=io+mem,owns=io+mem,locks=none
[    0.324955] pci 0000:00:02.0: vgaarb: bridge control possible
[    0.324956] vgaarb: loaded
[    0.325170] SCSI subsystem initialized
[    0.325201] libata version 3.00 loaded.
[    0.325223] ACPI: bus type USB registered
[    0.325239] usbcore: registered new interface driver usbfs
[    0.325245] usbcore: registered new interface driver hub
[    0.325250] usbcore: registered new device driver usb
[    0.325280] pps_core: LinuxPPS API ver. 1 registered
[    0.325280] pps_core: Software ver. 5.3.6 - Copyright 2005-2007 Rodolfo Giometti <giometti@linux.it>
[    0.325282] PTP clock support registered
[    0.325316] EDAC MC: Ver: 3.0.0
[    0.325602] PCI: Using ACPI for IRQ routing
[    0.325603] PCI: pci_cache_line_size set to 64 bytes
[    0.325776] e820: reserve RAM buffer [mem 0x0009fc00-0x0009ffff]
[    0.325779] e820: reserve RAM buffer [mem 0x7fff0000-0x7fffffff]
[    0.326600] NetLabel: Initializing
[    0.326601] NetLabel:  domain hash size = 128
[    0.326602] NetLabel:  protocols = UNLABELED CIPSOv4 CALIPSO
[    0.326622] NetLabel:  unlabeled traffic allowed by default
[    0.327525] clocksource: Switched to clocksource kvm-clock
[    0.339202] *** VALIDATE bpf ***
[    0.339262] VFS: Disk quotas dquot_6.6.0
[    0.339275] VFS: Dquot-cache hash table entries: 512 (order 0, 4096 bytes)
[    0.339297] *** VALIDATE ramfs ***
[    0.339300] *** VALIDATE hugetlbfs ***
[    0.339381] AppArmor: AppArmor Filesystem Enabled
[    0.339408] pnp: PnP ACPI init
[    0.339478] pnp 00:00: Plug and Play ACPI device, IDs PNP0303 (active)
[    0.339576] pnp 00:01: Plug and Play ACPI device, IDs PNP0f03 (active)
[    0.340326] pnp: PnP ACPI: found 2 devices
[    0.341283] thermal_sys: Registered thermal governor 'fair_share'
[    0.341283] thermal_sys: Registered thermal governor 'bang_bang'
[    0.341284] thermal_sys: Registered thermal governor 'step_wise'
[    0.341284] thermal_sys: Registered thermal governor 'user_space'
[    0.341285] thermal_sys: Registered thermal governor 'power_allocator'
[    0.345814] clocksource: acpi_pm: mask: 0xffffff max_cycles: 0xffffff, max_idle_ns: 2085701024 ns
[    0.345854] pci_bus 0000:00: resource 4 [io  0x0000-0x0cf7 window]
[    0.345855] pci_bus 0000:00: resource 5 [io  0x0d00-0xffff window]
[    0.345856] pci_bus 0000:00: resource 6 [mem 0x000a0000-0x000bffff window]
[    0.345857] pci_bus 0000:00: resource 7 [mem 0x80000000-0xfdffffff window]
[    0.345916] NET: Registered protocol family 2
[    0.345990] IP idents hash table entries: 32768 (order: 6, 262144 bytes, linear)
[    0.346399] MPTCP tokens hash table entries: 8192 (order: 4, 65536 bytes, linear)
[    0.346419] MPTCP request tokens hash table entries: 8192 (order: 4, 65536 bytes, linear)
[    0.346446] default registered
[    0.346446] default registered
[    0.346447] MPTCP: Stable release v0.96
[    0.346452] tcp_listen_portaddr_hash hash table entries: 1024 (order: 2, 16384 bytes, linear)
[    0.346530] TCP established hash table entries: 16384 (order: 5, 131072 bytes, linear)
[    0.346595] TCP bind hash table entries: 16384 (order: 6, 262144 bytes, linear)
[    0.346620] TCP: Hash tables configured (established 16384 bind 16384)
[    0.347352] UDP hash table entries: 1024 (order: 3, 32768 bytes, linear)
[    0.347363] UDP-Lite hash table entries: 1024 (order: 3, 32768 bytes, linear)
[    0.347399] NET: Registered protocol family 1
[    0.347407] NET: Registered protocol family 44
[    0.347429] pci 0000:00:00.0: Limiting direct PCI/PCI transfers
[    0.347442] pci 0000:00:01.0: Activating ISA DMA hang workarounds
[    0.347498] pci 0000:00:02.0: Video device with shadowed ROM at [mem 0x000c0000-0x000dffff]
[    0.347571] PCI: CLS 0 bytes, default 64
[    0.347619] Trying to unpack rootfs image as initramfs...
[    0.519687] Freeing initrd memory: 47868K
[    0.519687] clocksource: tsc: mask: 0xffffffffffffffff max_cycles: 0x1e4530a99b6, max_idle_ns: 440795257976 ns
[    0.519687] clocksource: Switched to clocksource tsc
[    0.519687] platform rtc_cmos: registered platform RTC device (no PNP device found)
[    0.519687] check: Scanning for low memory corruption every 60 seconds
[    0.519687] Initialise system trusted keyrings
[    0.519687] Key type blacklist registered
[    0.519687] workingset: timestamp_bits=36 max_order=19 bucket_order=0
[    0.519687] zbud: loaded
[    0.519687] squashfs: version 4.0 (2009/01/31) Phillip Lougher
[    0.519687] fuse: init (API version 7.31)
[    0.519687] *** VALIDATE fuse ***
[    0.519687] *** VALIDATE fuse ***
[    0.519687] Platform Keyring initialized
[    0.519687] Key type asymmetric registered
[    0.519687] Asymmetric key parser 'x509' registered
[    0.519687] Block layer SCSI generic (bsg) driver version 0.4 loaded (major 244)
[    0.519687] io scheduler mq-deadline registered
[    0.519687] shpchp: Standard Hot Plug PCI Controller Driver version: 0.4
[    0.533509] ACPI: AC Adapter [AC] (on-line)
[    0.533556] input: Power Button as /devices/LNXSYSTM:00/LNXPWRBN:00/input/input0
[    0.533583] ACPI: Power Button [PWRF]
[    0.533667] input: Sleep Button as /devices/LNXSYSTM:00/LNXSLPBN:00/input/input1
[    0.533682] ACPI: Sleep Button [SLPF]
[    0.533908] Serial: 8250/16550 driver, 32 ports, IRQ sharing enabled
[    0.535076] Linux agpgart interface v0.103
[    0.631171] loop: module loaded
[    0.631318] ata_piix 0000:00:01.1: version 2.13
[    0.631740] scsi host0: ata_piix
[    0.631832] scsi host1: ata_piix
[    0.631859] ata1: PATA max UDMA/33 cmd 0x1f0 ctl 0x3f6 bmdma 0xd000 irq 14
[    0.631860] ata2: PATA max UDMA/33 cmd 0x170 ctl 0x376 bmdma 0xd008 irq 15
[    0.631941] tun: Universal TUN/TAP device driver, 1.6
[    0.632250] PPP generic driver version 2.4.2
[    0.632292] VFIO - User Level meta-driver version: 0.3
[    0.632529] ehci_hcd: USB 2.0 'Enhanced' Host Controller (EHCI) Driver
[    0.632534] ehci-pci: EHCI PCI platform driver
[    0.632549] ehci-platform: EHCI generic platform driver
[    0.632554] ohci_hcd: USB 1.1 'Open' Host Controller (OHCI) Driver
[    0.632556] ohci-pci: OHCI PCI platform driver
[    0.632563] ohci-platform: OHCI generic platform driver
[    0.632567] uhci_hcd: USB Universal Host Controller Interface driver
[    0.632631] i8042: PNP: PS/2 Controller [PNP0303:PS2K,PNP0f03:PS2M] at 0x60,0x64 irq 1,12
[    0.633068] serio: i8042 KBD port at 0x60,0x64 irq 1
[    0.633072] serio: i8042 AUX port at 0x60,0x64 irq 12
[    0.633157] mousedev: PS/2 mouse device common for all mice
[    0.633414] input: AT Translated Set 2 keyboard as /devices/platform/i8042/serio0/input/input2
[    0.633811] rtc_cmos rtc_cmos: registered as rtc0
[    0.633823] rtc_cmos rtc_cmos: alarms up to one day, 114 bytes nvram
[    0.633829] i2c /dev entries driver
[    0.633874] device-mapper: uevent: version 1.0.3
[    0.633917] device-mapper: ioctl: 4.41.0-ioctl (2019-09-16) initialised: dm-devel@redhat.com
[    0.633931] platform eisa.0: Probing EISA bus 0
[    0.633933] platform eisa.0: EISA: Cannot allocate resource for mainboard
[    0.633934] platform eisa.0: Cannot allocate resource for EISA slot 1
[    0.633935] platform eisa.0: Cannot allocate resource for EISA slot 2
[    0.633936] platform eisa.0: Cannot allocate resource for EISA slot 3
[    0.633937] platform eisa.0: Cannot allocate resource for EISA slot 4
[    0.633938] platform eisa.0: Cannot allocate resource for EISA slot 5
[    0.633939] platform eisa.0: Cannot allocate resource for EISA slot 6
[    0.633940] platform eisa.0: Cannot allocate resource for EISA slot 7
[    0.633940] platform eisa.0: Cannot allocate resource for EISA slot 8
[    0.633941] platform eisa.0: EISA: Detected 0 cards
[    0.633944] intel_pstate: CPU model not supported
[    0.633953] ledtrig-cpu: registered to indicate activity on CPUs
[    0.634008] drop_monitor: Initializing network drop monitor service
[    0.634168] NET: Registered protocol family 10
[    0.639183] Segment Routing with IPv6
[    0.639183] fullmesh registered
[    0.639183] ndiffports registered
[    0.639183] binder registered
[    0.639183] roundrobin registered
[    0.639183] redundant registered
[    0.639183] blest registered
[    0.639183] ecf registered
[    0.639183] NET: Registered protocol family 17
[    0.639183] Key type dns_resolver registered
[    0.639183] RAS: Correctable Errors collector initialized.
[    0.639183] IPI shorthand broadcast: enabled
[    0.639183] sched_clock: Marking stable (624044083, 11139686)->(637313988, -2130219)
[    0.639573] registered taskstats version 1
[    0.639583] Loading compiled-in X.509 certificates
[    0.640170] Loaded X.509 cert 'Build time autogenerated kernel key: 6909f3744cebb3d0de528d5887b96a727de79b1e'
[    0.640188] zswap: loaded using pool lzo/zbud
[    0.640242] Key type ._fscrypt registered
[    0.640242] Key type .fscrypt registered
[    0.644702] Key type big_key registered
[    0.646889] Key type encrypted registered
[    0.646892] AppArmor: AppArmor sha1 policy hashing enabled
[    0.646900] ima: No TPM chip found, activating TPM-bypass!
[    0.646903] ima: Allocated hash algorithm: sha1
[    0.646909] ima: No architecture policies found
[    0.646917] evm: Initialising EVM extended attributes:
[    0.646918] evm: security.selinux
[    0.646919] evm: security.SMACK64
[    0.646919] evm: security.SMACK64EXEC
[    0.646919] evm: security.SMACK64TRANSMUTE
[    0.646920] evm: security.SMACK64MMAP
[    0.646920] evm: security.apparmor
[    0.646921] evm: security.ima
[    0.646921] evm: security.capability
[    0.646922] evm: HMAC attrs: 0x1
[    0.647215] PM:   Magic number: 10:373:24
[    0.647218] misc cpu_dma_latency: hash matches
[    0.647320] rtc_cmos rtc_cmos: setting system clock to 2026-01-17T11:00:39 UTC (1768647639)
[    0.804262] ata1.00: ATA-6: VBOX HARDDISK, 1.0, max UDMA/133
[    0.804265] ata1.00: 209715200 sectors, multi 128: LBA 
[    0.804938] scsi 0:0:0:0: Direct-Access     ATA      VBOX HARDDISK    1.0  PQ: 0 ANSI: 5
[    0.805238] sd 0:0:0:0: [sda] 209715200 512-byte logical blocks: (107 GB/100 GiB)
[    0.805252] sd 0:0:0:0: [sda] Write Protect is off
[    0.805255] sd 0:0:0:0: [sda] Mode Sense: 00 3a 00 00
[    0.805275] sd 0:0:0:0: [sda] Write cache: enabled, read cache: enabled, doesn't support DPO or FUA
[    0.805604] sd 0:0:0:0: Attached scsi generic sg0 type 0
[    0.806892]  sda: sda1 sda2
[    0.815479] sd 0:0:0:0: [sda] Attached SCSI disk
[    0.820824] Freeing unused decrypted memory: 2040K
[    0.822170] Freeing unused kernel image memory: 2728K
[    0.822174] Write protecting the kernel read-only data: 22528k
[    0.823705] Freeing unused kernel image memory: 2036K
[    0.824499] Freeing unused kernel image memory: 1432K
[    0.860299] x86/mm: Checked W+X mappings: passed, no W+X pages found.
[    0.860304] Run /init as init process
[    0.960171] ACPI: Video Device [GFX0] (multi-head: yes  rom: no  post: no)
[    0.960242] input: Video Bus as /devices/LNXSYSTM:00/LNXSYBUS:00/PNP0A03:00/LNXVIDEO:00/input/input4
[    0.973742] pcnet32: pcnet32.c:v1.35 21.Apr.2008 tsbogend@alpha.franken.de
[    0.975539] piix4_smbus 0000:00:07.0: SMBus Host Controller at 0x4100, revision 0
[    0.978034] e1000: Intel(R) PRO/1000 Network Driver - version 7.3.21-k8-NAPI
[    0.978035] e1000: Copyright (c) 1999-2006 Intel Corporation.
[    0.989334] pcnet32: PCnet/FAST III 79C973 at 0xd020, 08:00:27:40:04:d0 assigned IRQ 19
[    0.989378] pcnet32: Found PHY 0022:561b at address 0
[    0.989676] pcnet32: eth0: registered as PCnet/FAST III 79C973
[    0.993774] pcnet32: 1 cards_found
[    1.046258] pcnet32 0000:00:03.0 enp0s3: renamed from eth0
[    1.190878] input: ImExPS/2 Generic Explorer Mouse as /devices/platform/i8042/serio1/input/input5
[    1.383918] e1000 0000:00:08.0 eth0: (PCI:33MHz:32-bit) 08:00:27:c2:ce:55
[    1.383923] e1000 0000:00:08.0 eth0: Intel(R) PRO/1000 Network Connection
[    1.755498] e1000 0000:00:09.0 eth1: (PCI:33MHz:32-bit) 08:00:27:ff:ef:77
[    1.755500] e1000 0000:00:09.0 eth1: Intel(R) PRO/1000 Network Connection
[    1.756634] e1000 0000:00:09.0 enp0s9: renamed from eth1
[    1.758406] e1000 0000:00:08.0 enp0s8: renamed from eth0
[    1.914959] EXT4-fs (sda2): mounted filesystem with ordered data mode. Opts: (null)
[    1.997446] systemd[1]: Inserted module 'autofs4'
[    2.007521] systemd[1]: systemd 245.4-4ubuntu3 running in system mode. (+PAM +AUDIT +SELINUX +IMA +APPARMOR +SMACK +SYSVINIT +UTMP +LIBCRYPTSETUP +GCRYPT +GNUTLS +ACL +XZ +LZ4 +SECCOMP +BLKID +ELFUTILS +KMOD +IDN2 -IDN +PCRE2 default-hierarchy=hybrid)
[    2.007562] systemd[1]: Detected virtualization oracle.
[    2.007565] systemd[1]: Detected architecture x86-64.
[    2.008846] systemd[1]: Set hostname to <ztg>.
[    2.129944] systemd[1]: /lib/systemd/system/dbus.socket:5: ListenStream= references a path below legacy directory /var/run/, updating /var/run/dbus/system_bus_socket â†’ /run/dbus/system_bus_socket; please update the unit file accordingly.
[    2.180563] systemd[1]: Created slice system-modprobe.slice.
[    2.180744] systemd[1]: Created slice User and Session Slice.
[    2.180789] systemd[1]: Started Forward Password Requests to Wall Directory Watch.
[    2.180951] systemd[1]: Set up automount Arbitrary Executable File Formats File System Automount Point.
[    2.180980] systemd[1]: Reached target User and Group Name Lookups.
[    2.180989] systemd[1]: Reached target Remote File Systems.
[    2.180998] systemd[1]: Reached target Slices.
[    2.181485] systemd[1]: Listening on Syslog Socket.
[    2.181549] systemd[1]: Listening on fsck to fsckd communication Socket.
[    2.181586] systemd[1]: Listening on initctl Compatibility Named Pipe.
[    2.181725] systemd[1]: Listening on Journal Audit Socket.
[    2.181777] systemd[1]: Listening on Journal Socket (/dev/log).
[    2.181843] systemd[1]: Listening on Journal Socket.
[    2.181908] systemd[1]: Listening on udev Control Socket.
[    2.181948] systemd[1]: Listening on udev Kernel Socket.
[    2.182680] systemd[1]: Mounting Huge Pages File System...
[    2.183658] systemd[1]: Mounting POSIX Message Queue File System...
[    2.184533] systemd[1]: Mounting Kernel Debug File System...
[    2.185341] systemd[1]: Mounting Kernel Trace File System...
[    2.187245] systemd[1]: Starting Journal Service...
[    2.209739] systemd[1]: Starting Set the console keyboard layout...
[    2.217827] systemd[1]: Starting Create list of static device nodes for the current kernel...
[    2.219901] systemd[1]: Starting Load Kernel Module drm...
[    2.221037] systemd[1]: Condition check resulted in Set Up Additional Binary Formats being skipped.
[    2.221076] systemd[1]: Condition check resulted in File System Check on Root Device being skipped.
[    2.232635] systemd[1]: Starting Load Kernel Modules...
[    2.239371] systemd[1]: Starting Remount Root and Kernel File Systems...
[    2.250922] systemd[1]: Starting udev Coldplug all Devices...
[    2.258708] systemd[1]: Starting Uncomplicated firewall...
[    2.266050] systemd[1]: Mounted Huge Pages File System.
[    2.266137] systemd[1]: Mounted POSIX Message Queue File System.
[    2.266210] systemd[1]: Mounted Kernel Debug File System.
[    2.266278] systemd[1]: Mounted Kernel Trace File System.
[    2.267048] EXT4-fs (sda2): re-mounted. Opts: errors=remount-ro
[    2.300324] systemd[1]: Finished Create list of static device nodes for the current kernel.
[    2.301392] systemd[1]: modprobe@drm.service: Succeeded.
[    2.307838] systemd[1]: Finished Load Kernel Module drm.
[    2.308479] systemd[1]: Finished Remount Root and Kernel File Systems.
[    2.309297] systemd[1]: Finished Uncomplicated firewall.
[    2.319912] lp: driver loaded but no devices found
[    2.323106] systemd[1]: Condition check resulted in Rebuild Hardware Database being skipped.
[    2.323144] systemd[1]: Condition check resulted in Platform Persistent Storage Archival being skipped.
[    2.323827] systemd[1]: Starting Load/Save Random Seed...
[    2.328518] systemd[1]: Starting Create System Users...
[    2.333857] ppdev: user-space parallel port driver
[    2.343617] systemd[1]: Finished Load/Save Random Seed.
[    2.346329] systemd[1]: Finished Create System Users.
[    2.347019] systemd[1]: Starting Create Static Device Nodes in /dev...
[    2.373281] systemd[1]: Finished Create Static Device Nodes in /dev.
[    2.374073] systemd[1]: Starting udev Kernel Device Manager...
[    2.414288] systemd[1]: Finished udev Coldplug all Devices.
[    2.435108] [drm] DMA map mode: Caching DMA mappings.
[    2.435194] [drm] Capabilities:
[    2.435194] [drm]   Rect copy.
[    2.435194] [drm]   Cursor.
[    2.435195] [drm]   Cursor bypass.
[    2.435195] [drm]   Cursor bypass 2.
[    2.435195] [drm]   Alpha cursor.
[    2.435196] [drm]   Extended Fifo.
[    2.435196] [drm]   Pitchlock.
[    2.435196] [drm]   Irq mask.
[    2.435197] [drm]   GMR.
[    2.435197] [drm]   Traces.
[    2.435197] [drm]   GMR2.
[    2.435198] [drm]   Screen Object 2.
[    2.435198] [drm]   Command Buffers.
[    2.435198] [drm]   Command Buffers 2.
[    2.435199] [drm]   Guest Backed Resources.
[    2.435200] [drm] Max GMR ids is 8192
[    2.435200] [drm] Max number of GMR pages is 1048576
[    2.435201] [drm] Max dedicated hypervisor surface memory is 393216 kiB
[    2.435202] [drm] Maximum display memory size is 131072 kiB
[    2.435202] [drm] VRAM at 0xe0000000 size is 131072 kiB
[    2.435203] [drm] MMIO at 0xf0000000 size is 2048 kiB
[    2.435959] [TTM] Zone  kernel: Available graphics memory: 1011738 KiB
[    2.435960] [TTM] Initializing pool allocator
[    2.435964] [TTM] Initializing DMA pool allocator
[    2.435993] [drm] Supports vblank timestamp caching Rev 2 (21.10.2013).
[    2.435993] [drm] No driver support for vblank timestamp query.
[    2.436222] [drm] Screen Target Display device initialized
[    2.436434] [drm] width 720
[    2.436443] [drm] height 400
[    2.436446] [drm] bpp 32
[    2.436974] [drm] Fifo max 0x00200000 min 0x00001000 cap 0x00000355
[    2.438013] [drm] Using command buffers with DMA pool.
[    2.438016] [drm] DX: no.
[    2.438017] [drm] Atomic: yes.
[    2.438017] [drm] SM4_1: no.
[    2.438038] [drm:vmw_host_log [vmwgfx]] *ERROR* Failed to send host log message.
[    2.438967] [drm:vmw_host_log [vmwgfx]] *ERROR* Failed to send host log message.
[    2.451347] fbcon: svgadrmfb (fb0) is primary device
[    2.453493] Console: switching to colour frame buffer device 100x37
[    2.462669] [drm] Initialized vmwgfx 2.15.0 20180704 for 0000:00:02.0 on minor 0
[    2.464321] systemd[1]: Finished Load Kernel Modules.
[    2.465223] systemd[1]: Mounting FUSE Control File System...
[    2.466065] systemd[1]: Mounting Kernel Configuration File System...
[    2.466858] systemd[1]: Starting Apply Kernel Variables...
[    2.488792] systemd[1]: Mounted FUSE Control File System.
[    2.488873] systemd[1]: Condition check resulted in VMware vmblock fuse mount being skipped.
[    2.511980] systemd[1]: Mounted Kernel Configuration File System.
[    2.526522] systemd[1]: Finished Apply Kernel Variables.
[    2.527102] systemd[1]: Finished Set the console keyboard layout.
[    2.527177] systemd[1]: Reached target Local File Systems (Pre).
[    2.529504] systemd[1]: Mounting Mount unit for bare, revision 5...
[    2.552893] systemd[1]: Mounting Mount unit for core18, revision 1705...
[    2.554511] systemd[1]: Mounting Mount unit for gnome-3-34-1804, revision 24...
[    2.558647] systemd[1]: Mounting Mount unit for gtk-common-themes, revision 1506...
[    2.565048] systemd[1]: Mounting Mount unit for gtk-common-themes, revision 1535...
[    2.581570] systemd[1]: Mounting Mount unit for snap-store, revision 433...
[    2.590762] systemd[1]: Mounting Mount unit for snapd, revision 25935...
[    2.609590] systemd[1]: Started udev Kernel Device Manager.
[    2.609745] systemd[1]: Mounted Mount unit for bare, revision 5.
[    2.622909] systemd[1]: Starting Show Plymouth Boot Screen...
[    2.623408] systemd[1]: Received SIGRTMIN+20 from PID 278 (plymouthd).
[    2.645942] systemd[1]: Started Show Plymouth Boot Screen.
[    2.646211] systemd[1]: Condition check resulted in Dispatch Password Requests to Console Directory Watch being skipped.
[    2.646312] systemd[1]: Started Forward Password Requests to Plymouth Directory Watch.
[    2.646391] systemd[1]: Reached target Local Encrypted Volumes.
[    2.693875] systemd[1]: Mounted Mount unit for gtk-common-themes, revision 1506.
[    2.726985] systemd[1]: Mounted Mount unit for core18, revision 1705.
[    2.760055] systemd[1]: Mounted Mount unit for gnome-3-34-1804, revision 24.
[    2.760343] systemd[1]: Mounted Mount unit for gtk-common-themes, revision 1535.
[    2.792885] systemd[1]: Mounted Mount unit for snap-store, revision 433.
[    2.793129] systemd[1]: Mounted Mount unit for snapd, revision 25935.
[    2.793278] systemd[1]: Reached target Local File Systems.
[    2.794120] systemd[1]: Starting Load AppArmor profiles...
[    2.796553] systemd[1]: Starting Set console font and keymap...
[    2.811360] systemd[1]: Starting Tell Plymouth To Write Out Runtime Data...
[    2.811470] systemd[1]: Condition check resulted in Store a System Token in an EFI Variable being skipped.
[    2.811543] systemd[1]: Condition check resulted in Commit a transient machine-id on disk being skipped.
[    2.815714] systemd[1]: Finished Set console font and keymap.
[    2.822990] systemd[1]: Received SIGRTMIN+20 from PID 278 (plymouthd).
[    2.824159] systemd[1]: plymouth-read-write.service: Succeeded.
[    2.824397] systemd[1]: Finished Tell Plymouth To Write Out Runtime Data.
[    2.857271] audit: type=1400 audit(1768647641.704:2): apparmor="STATUS" operation="profile_load" profile="unconfined" name="nvidia_modprobe" pid=299 comm="apparmor_parser"
[    2.857273] audit: type=1400 audit(1768647641.704:3): apparmor="STATUS" operation="profile_load" profile="unconfined" name="nvidia_modprobe//kmod" pid=299 comm="apparmor_parser"
[    2.864083] audit: type=1400 audit(1768647641.716:4): apparmor="STATUS" operation="profile_load" profile="unconfined" name="/usr/sbin/tcpdump" pid=300 comm="apparmor_parser"
[    2.906647] audit: type=1400 audit(1768647641.748:5): apparmor="STATUS" operation="profile_load" profile="unconfined" name="/usr/bin/evince" pid=302 comm="apparmor_parser"
[    2.906649] audit: type=1400 audit(1768647641.748:6): apparmor="STATUS" operation="profile_load" profile="unconfined" name="/usr/bin/evince//sanitized_helper" pid=302 comm="apparmor_parser"
[    2.906651] audit: type=1400 audit(1768647641.748:7): apparmor="STATUS" operation="profile_load" profile="unconfined" name="/usr/bin/evince-previewer" pid=302 comm="apparmor_parser"
[    2.906654] audit: type=1400 audit(1768647641.748:8): apparmor="STATUS" operation="profile_load" profile="unconfined" name="/usr/bin/evince-previewer//sanitized_helper" pid=302 comm="apparmor_parser"
[    2.906655] audit: type=1400 audit(1768647641.748:9): apparmor="STATUS" operation="profile_load" profile="unconfined" name="/usr/bin/evince-thumbnailer" pid=302 comm="apparmor_parser"
[    2.921493] audit: type=1400 audit(1768647641.772:10): apparmor="STATUS" operation="profile_load" profile="unconfined" name="/usr/lib/cups/backend/cups-pdf" pid=303 comm="apparmor_parser"
[    2.998626] systemd[1]: Finished Load AppArmor profiles.
[    2.999556] systemd[1]: Starting Load AppArmor profiles managed internally by snapd...
[    3.110608] systemd[1]: Finished Load AppArmor profiles managed internally by snapd.
[    3.176347] systemd[1]: Started Journal Service.
[    3.183944] systemd-journald[229]: Received client request to flush runtime journal.
[    3.187444] systemd-journald[229]: File /var/log/journal/c455b248004a419c87ce85eea238d727/system.journal corrupted or uncleanly shut down, renaming and replacing.
[    4.489132] RAPL PMU: API unit is 2^-32 Joules, 0 fixed counters, 10737418240 ms ovfl timer
[    4.530125] cryptd: max_cpu_qlen set to 1000
[    4.590186] AVX2 version of gcm_enc/dec engaged.
[    4.590187] AES CTR mode by8 optimization enabled
[    6.382074] Adding 1998844k swap on /dev/sda1.  Priority:-2 extents:1 across:1998844k FS
[    8.304621] kauditd_printk_skb: 30 callbacks suppressed
[    8.304623] audit: type=1400 audit(1768647647.148:41): apparmor="DENIED" operation="capable" profile="/usr/sbin/cups-browsed" pid=507 comm="cups-browsed" capability=23  capname="sys_nice"
[    8.990229] pcnet32 0000:00:03.0 enp0s3: link up, 100Mbps, full-duplex
[    9.033236] e1000: enp0s8 NIC Link is Up 1000 Mbps Full Duplex, Flow Control: RX
[    9.033528] IPv6: ADDRCONF(NETDEV_CHANGE): enp0s8: link becomes ready
[    9.054386] e1000: enp0s9 NIC Link is Up 1000 Mbps Full Duplex, Flow Control: RX
[    9.054682] IPv6: ADDRCONF(NETDEV_CHANGE): enp0s9: link becomes ready
[    9.686725] device enp0s3 entered promiscuous mode
[    9.713024] audit: type=1400 audit(1768647648.560:42): apparmor="DENIED" operation="open" profile="/usr/sbin/tcpdump" name="/proc/sys/kernel/random/boot_id" pid=681 comm="tcpdump" requested_mask="r" denied_mask="r" fsuid=0 ouid=0
[    9.713601] audit: type=1400 audit(1768647648.560:43): apparmor="DENIED" operation="open" profile="/usr/sbin/tcpdump" name="/proc/sys/kernel/random/boot_id" pid=681 comm="tcpdump" requested_mask="r" denied_mask="r" fsuid=0 ouid=0
[    9.715407] audit: type=1400 audit(1768647648.560:44): apparmor="DENIED" operation="open" profile="/usr/sbin/tcpdump" name="/proc/sys/kernel/random/boot_id" pid=681 comm="tcpdump" requested_mask="r" denied_mask="r" fsuid=0 ouid=0
[    9.715428] audit: type=1400 audit(1768647648.560:45): apparmor="DENIED" operation="open" profile="/usr/sbin/tcpdump" name="/proc/sys/kernel/random/boot_id" pid=681 comm="tcpdump" requested_mask="r" denied_mask="r" fsuid=0 ouid=0
[    9.721521] audit: type=1400 audit(1768647648.568:46): apparmor="DENIED" operation="open" profile="/usr/sbin/tcpdump" name="/proc/sys/kernel/random/boot_id" pid=682 comm="tcpdump" requested_mask="r" denied_mask="r" fsuid=0 ouid=0
[    9.721704] audit: type=1400 audit(1768647648.568:47): apparmor="DENIED" operation="open" profile="/usr/sbin/tcpdump" name="/proc/sys/kernel/random/boot_id" pid=682 comm="tcpdump" requested_mask="r" denied_mask="r" fsuid=0 ouid=0
[    9.721778] audit: type=1400 audit(1768647648.568:48): apparmor="DENIED" operation="open" profile="/usr/sbin/tcpdump" name="/proc/sys/kernel/random/boot_id" pid=682 comm="tcpdump" requested_mask="r" denied_mask="r" fsuid=0 ouid=0
[    9.721872] audit: type=1400 audit(1768647648.568:49): apparmor="DENIED" operation="open" profile="/usr/sbin/tcpdump" name="/proc/sys/kernel/random/boot_id" pid=682 comm="tcpdump" requested_mask="r" denied_mask="r" fsuid=0 ouid=0
[   15.614127] rfkill: input handler disabled
[  109.767447] rfkill: input handler enabled
[  118.921140] rfkill: input handler disabled
[  197.431690] AAAAA-TCP_SEND: name:enp0s3: saddr:100932208: daddr:16783984: srtt_us:0: RTT:0: ssthresh:2147483647: cwnd:10: delivered:0: lost:0: retrans:0
[  197.455182] AAAAA-TCP_SEND: name:enp0s3: saddr:100932208: daddr:16783984: srtt_us:0: RTT:0: ssthresh:7: cwnd:1: delivered:0: lost:1: retrans:1
[  198.125262] AAAAA-TCP_RECV: name:enp0s3: saddr:16783984: daddr:100932208: srtt_us:0: RTT:0: ssthresh:7: cwnd:1: delivered:0: lost:1: retrans:1
[  198.125308] AAAAA-TCP_SEND: name:enp0s3: saddr:100932208: daddr:16783984: srtt_us:13592000: RTT:1699000: ssthresh:2147483647: cwnd:10: delivered:1: lost:1: retrans:1
[  198.125427] AAAAA-TCP_SEND: name:enp0s3: saddr:100932208: daddr:16783984: srtt_us:13592000: RTT:1699000: ssthresh:2147483647: cwnd:10: delivered:1: lost:1: retrans:1
[  198.196971] AAAAA-TCP_RECV: name:enp0s3: saddr:16783984: daddr:100932208: srtt_us:13592000: RTT:1699000: ssthresh:2147483647: cwnd:10: delivered:1: lost:1: retrans:1
[  198.196991] AAAAA-TCP_SEND: name:enp0s3: saddr:100932208: daddr:16783984: srtt_us:13592000: RTT:1699000: ssthresh:2147483647: cwnd:10: delivered:1: lost:1: retrans:1
[  198.636592] AAAAA-TCP_RECV: name:enp0s3: saddr:16783984: daddr:100932208: srtt_us:13592000: RTT:1699000: ssthresh:2147483647: cwnd:10: delivered:1: lost:1: retrans:1
[  198.750086] AAAAA-TCP_RECV: name:enp0s3: saddr:16783984: daddr:100932208: srtt_us:13592000: RTT:1699000: ssthresh:2147483647: cwnd:10: delivered:1: lost:1: retrans:1
[  198.750161] AAAAA-TCP_SEND: name:enp0s3: saddr:100932208: daddr:33561200: srtt_us:0: RTT:0: ssthresh:2147483647: cwnd:10: delivered:0: lost:0: retrans:0
[  198.965222] AAAAA-TCP_RECV: name:enp0s3: saddr:16783984: daddr:100932208: srtt_us:12517678: RTT:1564709: ssthresh:2147483647: cwnd:10: delivered:2: lost:1: retrans:1
[  198.965258] AAAAA-TCP_SEND: name:enp0s3: saddr:100932208: daddr:16783984: srtt_us:12517678: RTT:1564709: ssthresh:2147483647: cwnd:10: delivered:2: lost:1: retrans:1
[  198.965979] AAAAA-TCP_SEND: name:enp0s3: saddr:100932208: daddr:16783984: srtt_us:12517678: RTT:1564709: ssthresh:2147483647: cwnd:10: delivered:2: lost:1: retrans:1
[  199.565618] AAAAA-TCP_RECV: name:enp0s3: saddr:33561200: daddr:100932208: srtt_us:0: RTT:0: ssthresh:2147483647: cwnd:10: delivered:0: lost:0: retrans:0
[  199.565693] AAAAA-TCP_SEND: name:enp0s3: saddr:100932208: daddr:33561200: srtt_us:6523888: RTT:815486: ssthresh:2147483647: cwnd:10: delivered:1: lost:0: retrans:0
[  199.798491] AAAAA-TCP_RECV: name:enp0s3: saddr:16783984: daddr:100932208: srtt_us:12517678: RTT:1564709: ssthresh:2147483647: cwnd:10: delivered:2: lost:1: retrans:1
[  199.798548] AAAAA-TCP_SEND: name:enp0s3: saddr:100932208: daddr:16783984: srtt_us:12517678: RTT:1564709: ssthresh:2147483647: cwnd:10: delivered:2: lost:1: retrans:1
[  199.976087] AAAAA-TCP_RECV: name:enp0s3: saddr:33561200: daddr:100932208: srtt_us:6523888: RTT:815486: ssthresh:2147483647: cwnd:10: delivered:1: lost:0: retrans:0
[  200.069841] AAAAA-TCP_RECV: name:enp0s3: saddr:16783984: daddr:100932208: srtt_us:11785531: RTT:1473191: ssthresh:2147483647: cwnd:10: delivered:3: lost:1: retrans:1
[  200.179642] AAAAA-TCP_RECV: name:enp0s3: saddr:33561200: daddr:100932208: srtt_us:6523888: RTT:815486: ssthresh:2147483647: cwnd:10: delivered:1: lost:0: retrans:0
[  200.179684] AAAAA-TCP_SEND: name:enp0s3: saddr:100932208: daddr:33561200: srtt_us:6523888: RTT:815486: ssthresh:2147483647: cwnd:10: delivered:1: lost:0: retrans:0
[  200.179868] AAAAA-TCP_SEND: name:enp0s3: saddr:100932208: daddr:16783984: srtt_us:0: RTT:0: ssthresh:2147483647: cwnd:10: delivered:0: lost:0: retrans:0
[  200.399486] AAAAA-TCP_RECV: name:enp0s3: saddr:16783984: daddr:100932208: srtt_us:0: RTT:0: ssthresh:2147483647: cwnd:10: delivered:0: lost:0: retrans:0
[  200.399554] AAAAA-TCP_SEND: name:enp0s3: saddr:100932208: daddr:16783984: srtt_us:1757120: RTT:219640: ssthresh:2147483647: cwnd:10: delivered:1: lost:0: retrans:0
[  200.400318] AAAAA-TCP_SEND: name:enp0s3: saddr:100932208: daddr:16783984: srtt_us:1757120: RTT:219640: ssthresh:2147483647: cwnd:10: delivered:1: lost:0: retrans:0
[  200.500314] AAAAA-TCP_RECV: name:enp0s3: saddr:16783984: daddr:100932208: srtt_us:1757120: RTT:219640: ssthresh:2147483647: cwnd:10: delivered:1: lost:0: retrans:0
[  200.563150] AAAAA-TCP_RECV: name:enp0s3: saddr:16783984: daddr:100932208: srtt_us:1757120: RTT:219640: ssthresh:2147483647: cwnd:10: delivered:1: lost:0: retrans:0
[  200.563260] AAAAA-TCP_SEND: name:enp0s3: saddr:100932208: daddr:33561200: srtt_us:0: RTT:0: ssthresh:2147483647: cwnd:10: delivered:0: lost:0: retrans:0
[  200.757941] AAAAA-TCP_RECV: name:enp0s3: saddr:33561200: daddr:100932208: srtt_us:6523888: RTT:815486: ssthresh:2147483647: cwnd:10: delivered:1: lost:0: retrans:0
[  200.757961] AAAAA-TCP_SEND: name:enp0s3: saddr:100932208: daddr:33561200: srtt_us:6523888: RTT:815486: ssthresh:2147483647: cwnd:10: delivered:1: lost:0: retrans:0
[  200.864474] AAAAA-TCP_RECV: name:enp0s3: saddr:33561200: daddr:100932208: srtt_us:0: RTT:0: ssthresh:2147483647: cwnd:10: delivered:0: lost:0: retrans:0
[  200.864507] AAAAA-TCP_SEND: name:enp0s3: saddr:100932208: daddr:33561200: srtt_us:2409808: RTT:301226: ssthresh:2147483647: cwnd:10: delivered:1: lost:0: retrans:0
[  200.966373] AAAAA-TCP_RECV: name:enp0s3: saddr:33561200: daddr:100932208: srtt_us:6523888: RTT:815486: ssthresh:2147483647: cwnd:10: delivered:1: lost:0: retrans:0
[  200.966397] AAAAA-TCP_SEND: name:enp0s3: saddr:100932208: daddr:33561200: srtt_us:6523888: RTT:815486: ssthresh:2147483647: cwnd:10: delivered:1: lost:0: retrans:0
[  200.966573] AAAAA-TCP_SEND: name:enp0s3: saddr:100932208: daddr:16783984: srtt_us:1700322: RTT:212540: ssthresh:2147483647: cwnd:10: delivered:2: lost:0: retrans:0
[  200.966604] AAAAA-TCP_SEND: name:enp0s3: saddr:100932208: daddr:16783984: srtt_us:1700322: RTT:212540: ssthresh:2147483647: cwnd:10: delivered:2: lost:0: retrans:0
[  200.966720] AAAAA-TCP_SEND: name:enp0s3: saddr:100932208: daddr:16783984: srtt_us:1700322: RTT:212540: ssthresh:2147483647: cwnd:10: delivered:2: lost:0: retrans:0
[  200.966746] AAAAA-TCP_SEND: name:enp0s3: saddr:100932208: daddr:16783984: srtt_us:1700322: RTT:212540: ssthresh:2147483647: cwnd:10: delivered:2: lost:0: retrans:0
[  200.966898] AAAAA-TCP_SEND: name:enp0s3: saddr:100932208: daddr:16783984: srtt_us:1700322: RTT:212540: ssthresh:2147483647: cwnd:10: delivered:2: lost:0: retrans:0
[  200.966922] AAAAA-TCP_SEND: name:enp0s3: saddr:100932208: daddr:16783984: srtt_us:1700322: RTT:212540: ssthresh:2147483647: cwnd:10: delivered:2: lost:0: retrans:0
[  200.967023] AAAAA-TCP_SEND: name:enp0s3: saddr:100932208: daddr:16783984: srtt_us:1700322: RTT:212540: ssthresh:2147483647: cwnd:10: delivered:2: lost:0: retrans:0
[  200.967061] AAAAA-TCP_SEND: name:enp0s3: saddr:100932208: daddr:16783984: srtt_us:1700322: RTT:212540: ssthresh:2147483647: cwnd:10: delivered:2: lost:0: retrans:0
[  200.968798] AAAAA-TCP_SEND: name:enp0s3: saddr:100932208: daddr:16783984: srtt_us:1700322: RTT:212540: ssthresh:2147483647: cwnd:10: delivered:2: lost:0: retrans:0
[  200.968827] AAAAA-TCP_SEND: name:enp0s3: saddr:100932208: daddr:16783984: srtt_us:1700322: RTT:212540: ssthresh:2147483647: cwnd:10: delivered:2: lost:0: retrans:0
[  201.024869] AAAAA-TCP_RECV: name:enp0s3: saddr:33561200: daddr:100932208: srtt_us:2409808: RTT:301226: ssthresh:2147483647: cwnd:10: delivered:1: lost:0: retrans:0
[  201.024902] AAAAA-TCP_SEND: name:enp0s3: saddr:100932208: daddr:33561200: srtt_us:2409808: RTT:301226: ssthresh:2147483647: cwnd:10: delivered:1: lost:0: retrans:0
[  201.024926] AAAAA-TCP_SEND: name:enp0s3: saddr:100932208: daddr:33561200: srtt_us:2409808: RTT:301226: ssthresh:2147483647: cwnd:10: delivered:1: lost:0: retrans:0
[  201.025189] AAAAA-TCP_SEND: name:enp0s3: saddr:100932208: daddr:33561200: srtt_us:2409808: RTT:301226: ssthresh:2147483647: cwnd:10: delivered:1: lost:0: retrans:0
[  201.025206] AAAAA-TCP_SEND: name:enp0s3: saddr:100932208: daddr:33561200: srtt_us:2409808: RTT:301226: ssthresh:2147483647: cwnd:10: delivered:1: lost:0: retrans:0
[  201.025291] AAAAA-TCP_SEND: name:enp0s3: saddr:100932208: daddr:33561200: srtt_us:2409808: RTT:301226: ssthresh:2147483647: cwnd:10: delivered:1: lost:0: retrans:0
[  201.025305] AAAAA-TCP_SEND: name:enp0s3: saddr:100932208: daddr:33561200: srtt_us:2409808: RTT:301226: ssthresh:2147483647: cwnd:10: delivered:1: lost:0: retrans:0
[  201.025386] AAAAA-TCP_SEND: name:enp0s3: saddr:100932208: daddr:33561200: srtt_us:2409808: RTT:301226: ssthresh:2147483647: cwnd:10: delivered:1: lost:0: retrans:0
[  201.025400] AAAAA-TCP_SEND: name:enp0s3: saddr:100932208: daddr:33561200: srtt_us:2409808: RTT:301226: ssthresh:2147483647: cwnd:10: delivered:1: lost:0: retrans:0
[  201.025487] AAAAA-TCP_SEND: name:enp0s3: saddr:100932208: daddr:33561200: srtt_us:2409808: RTT:301226: ssthresh:2147483647: cwnd:10: delivered:1: lost:0: retrans:0
[  201.025502] AAAAA-TCP_SEND: name:enp0s3: saddr:100932208: daddr:33561200: srtt_us:2409808: RTT:301226: ssthresh:2147483647: cwnd:10: delivered:1: lost:0: retrans:0
[  201.128740] AAAAA-TCP_RECV: name:enp0s3: saddr:16783984: daddr:100932208: srtt_us:1700322: RTT:212540: ssthresh:2147483647: cwnd:10: delivered:2: lost:0: retrans:0
[  201.128788] AAAAA-TCP_SEND: name:enp0s3: saddr:100932208: daddr:16783984: srtt_us:1649974: RTT:206246: ssthresh:2147483647: cwnd:11: delivered:3: lost:0: retrans:0
[  201.128811] AAAAA-TCP_SEND: name:enp0s3: saddr:100932208: daddr:16783984: srtt_us:1649974: RTT:206246: ssthresh:2147483647: cwnd:11: delivered:3: lost:0: retrans:0
[  201.224125] AAAAA-TCP_RECV: name:enp0s3: saddr:16783984: daddr:100932208: srtt_us:1649974: RTT:206246: ssthresh:2147483647: cwnd:11: delivered:3: lost:0: retrans:0
[  201.224161] AAAAA-TCP_SEND: name:enp0s3: saddr:100932208: daddr:16783984: srtt_us:1701254: RTT:212656: ssthresh:2147483647: cwnd:12: delivered:4: lost:0: retrans:0
[  201.224185] AAAAA-TCP_SEND: name:enp0s3: saddr:100932208: daddr:16783984: srtt_us:1701254: RTT:212656: ssthresh:2147483647: cwnd:12: delivered:4: lost:0: retrans:0
[  201.352838] AAAAA-TCP_RECV: name:enp0s3: saddr:16783984: daddr:100932208: srtt_us:1701254: RTT:212656: ssthresh:2147483647: cwnd:12: delivered:4: lost:0: retrans:0
[  201.352901] AAAAA-TCP_SEND: name:enp0s3: saddr:100932208: daddr:16783984: srtt_us:1874740: RTT:234342: ssthresh:2147483647: cwnd:13: delivered:5: lost:0: retrans:0
[  201.352933] AAAAA-TCP_SEND: name:enp0s3: saddr:100932208: daddr:16783984: srtt_us:1874740: RTT:234342: ssthresh:2147483647: cwnd:13: delivered:5: lost:0: retrans:0
[  201.445753] AAAAA-TCP_RECV: name:enp0s3: saddr:16783984: daddr:100932208: srtt_us:1874740: RTT:234342: ssthresh:2147483647: cwnd:13: delivered:5: lost:0: retrans:0
[  201.445818] AAAAA-TCP_SEND: name:enp0s3: saddr:100932208: daddr:16783984: srtt_us:2119430: RTT:264928: ssthresh:2147483647: cwnd:14: delivered:6: lost:0: retrans:0
[  201.445849] AAAAA-TCP_SEND: name:enp0s3: saddr:100932208: daddr:16783984: srtt_us:2119430: RTT:264928: ssthresh:2147483647: cwnd:14: delivered:6: lost:0: retrans:0
[  201.538447] AAAAA-TCP_RECV: name:enp0s3: saddr:16783984: daddr:100932208: srtt_us:2119430: RTT:264928: ssthresh:2147483647: cwnd:14: delivered:6: lost:0: retrans:0
[  201.538503] AAAAA-TCP_SEND: name:enp0s3: saddr:100932208: daddr:16783984: srtt_us:2426075: RTT:303259: ssthresh:2147483647: cwnd:15: delivered:7: lost:0: retrans:0
[  201.538533] AAAAA-TCP_SEND: name:enp0s3: saddr:100932208: daddr:16783984: srtt_us:2426075: RTT:303259: ssthresh:2147483647: cwnd:15: delivered:7: lost:0: retrans:0
[  201.629656] AAAAA-TCP_RECV: name:enp0s3: saddr:16783984: daddr:100932208: srtt_us:2426075: RTT:303259: ssthresh:2147483647: cwnd:15: delivered:7: lost:0: retrans:0
[  201.629708] AAAAA-TCP_SEND: name:enp0s3: saddr:100932208: daddr:16783984: srtt_us:2785570: RTT:348196: ssthresh:2147483647: cwnd:16: delivered:8: lost:0: retrans:0
[  201.629734] AAAAA-TCP_SEND: name:enp0s3: saddr:100932208: daddr:16783984: srtt_us:2785570: RTT:348196: ssthresh:2147483647: cwnd:16: delivered:8: lost:0: retrans:0
[  201.647268] AAAAA-TCP_SEND: name:enp0s3: saddr:100932208: daddr:33561200: srtt_us:2409808: RTT:301226: ssthresh:2147483647: cwnd:10: delivered:1: lost:0: retrans:1
[  201.844720] AAAAA-TCP_RECV: name:enp0s3: saddr:16783984: daddr:100932208: srtt_us:2785570: RTT:348196: ssthresh:2147483647: cwnd:16: delivered:8: lost:0: retrans:0
[  201.989781] AAAAA-TCP_RECV: name:enp0s3: saddr:16783984: daddr:100932208: srtt_us:3315109: RTT:414388: ssthresh:2147483647: cwnd:17: delivered:9: lost:0: retrans:0
[  202.078914] AAAAA-TCP_RECV: name:enp0s3: saddr:16783984: daddr:100932208: srtt_us:3923468: RTT:490433: ssthresh:2147483647: cwnd:18: delivered:10: lost:0: retrans:0
[  202.167488] AAAAA-TCP_RECV: name:enp0s3: saddr:16783984: daddr:100932208: srtt_us:4543173: RTT:567896: ssthresh:2147483647: cwnd:19: delivered:11: lost:0: retrans:0
[  202.280448] AAAAA-TCP_RECV: name:enp0s3: saddr:33561200: daddr:100932208: srtt_us:2409808: RTT:301226: ssthresh:2147483647: cwnd:10: delivered:1: lost:0: retrans:1
[  202.388807] AAAAA-TCP_RECV: name:enp0s3: saddr:33561200: daddr:100932208: srtt_us:3364151: RTT:420518: ssthresh:2147483647: cwnd:11: delivered:2: lost:0: retrans:1
[  202.518808] AAAAA-TCP_RECV: name:enp0s3: saddr:33561200: daddr:100932208: srtt_us:4307560: RTT:538445: ssthresh:2147483647: cwnd:12: delivered:3: lost:0: retrans:1
[  202.558140] AAAAA-TCP_SEND: name:enp0s3: saddr:100932208: daddr:16783984: srtt_us:5173975: RTT:646746: ssthresh:2147483647: cwnd:20: delivered:12: lost:0: retrans:0
[  202.558190] AAAAA-TCP_SEND: name:enp0s3: saddr:100932208: daddr:16783984: srtt_us:5173975: RTT:646746: ssthresh:2147483647: cwnd:20: delivered:12: lost:0: retrans:0
[  202.558261] AAAAA-TCP_SEND: name:enp0s3: saddr:100932208: daddr:16783984: srtt_us:5173975: RTT:646746: ssthresh:2147483647: cwnd:20: delivered:12: lost:0: retrans:0
[  202.558285] AAAAA-TCP_SEND: name:enp0s3: saddr:100932208: daddr:16783984: srtt_us:5173975: RTT:646746: ssthresh:2147483647: cwnd:20: delivered:12: lost:0: retrans:0
[  202.558333] AAAAA-TCP_SEND: name:enp0s3: saddr:100932208: daddr:33561200: srtt_us:5262759: RTT:657844: ssthresh:2147483647: cwnd:13: delivered:4: lost:0: retrans:1
[  202.558366] AAAAA-TCP_SEND: name:enp0s3: saddr:100932208: daddr:33561200: srtt_us:5262759: RTT:657844: ssthresh:2147483647: cwnd:13: delivered:4: lost:0: retrans:1
[  202.558410] AAAAA-TCP_SEND: name:enp0s3: saddr:100932208: daddr:33561200: srtt_us:5262759: RTT:657844: ssthresh:2147483647: cwnd:13: delivered:4: lost:0: retrans:1
[  202.558432] AAAAA-TCP_SEND: name:enp0s3: saddr:100932208: daddr:33561200: srtt_us:5262759: RTT:657844: ssthresh:2147483647: cwnd:13: delivered:4: lost:0: retrans:1
[  202.559918] AAAAA-TCP_SEND: name:enp0s3: saddr:100932208: daddr:16783984: srtt_us:5173975: RTT:646746: ssthresh:2147483647: cwnd:20: delivered:12: lost:0: retrans:0
[  202.559944] AAAAA-TCP_SEND: name:enp0s3: saddr:100932208: daddr:16783984: srtt_us:5173975: RTT:646746: ssthresh:2147483647: cwnd:20: delivered:12: lost:0: retrans:0
[  202.560030] AAAAA-TCP_SEND: name:enp0s3: saddr:100932208: daddr:33561200: srtt_us:5262759: RTT:657844: ssthresh:2147483647: cwnd:13: delivered:4: lost:0: retrans:1
[  202.560132] AAAAA-TCP_SEND: name:enp0s3: saddr:100932208: daddr:16783984: srtt_us:5173975: RTT:646746: ssthresh:2147483647: cwnd:20: delivered:12: lost:0: retrans:0
[  202.686413] AAAAA-TCP_RECV: name:enp0s3: saddr:33561200: daddr:100932208: srtt_us:5262759: RTT:657844: ssthresh:2147483647: cwnd:13: delivered:4: lost:0: retrans:1
[  202.686458] AAAAA-TCP_SEND: name:enp0s3: saddr:100932208: daddr:33561200: srtt_us:6266157: RTT:783269: ssthresh:2147483647: cwnd:14: delivered:5: lost:0: retrans:1
[  202.686484] AAAAA-TCP_SEND: name:enp0s3: saddr:100932208: daddr:33561200: srtt_us:6266157: RTT:783269: ssthresh:2147483647: cwnd:14: delivered:5: lost:0: retrans:1
[  203.058577] AAAAA-TCP_RECV: name:enp0s3: saddr:33561200: daddr:100932208: srtt_us:6266157: RTT:783269: ssthresh:2147483647: cwnd:14: delivered:5: lost:0: retrans:1
[  203.058622] AAAAA-TCP_SEND: name:enp0s3: saddr:100932208: daddr:33561200: srtt_us:7516179: RTT:939522: ssthresh:2147483647: cwnd:15: delivered:6: lost:0: retrans:1
[  203.058641] AAAAA-TCP_SEND: name:enp0s3: saddr:100932208: daddr:33561200: srtt_us:7516179: RTT:939522: ssthresh:2147483647: cwnd:15: delivered:6: lost:0: retrans:1
[  203.223984] AAAAA-TCP_RECV: name:enp0s3: saddr:33561200: daddr:100932208: srtt_us:7516179: RTT:939522: ssthresh:2147483647: cwnd:15: delivered:6: lost:0: retrans:1
[  203.224055] AAAAA-TCP_SEND: name:enp0s3: saddr:100932208: daddr:33561200: srtt_us:8775384: RTT:1096923: ssthresh:2147483647: cwnd:16: delivered:7: lost:0: retrans:1
[  203.224110] AAAAA-TCP_SEND: name:enp0s3: saddr:100932208: daddr:33561200: srtt_us:8775384: RTT:1096923: ssthresh:2147483647: cwnd:16: delivered:7: lost:0: retrans:1
[  203.315715] AAAAA-TCP_RECV: name:enp0s3: saddr:33561200: daddr:100932208: srtt_us:8775384: RTT:1096923: ssthresh:2147483647: cwnd:16: delivered:7: lost:0: retrans:1
[  203.315762] AAAAA-TCP_SEND: name:enp0s3: saddr:100932208: daddr:33561200: srtt_us:9968808: RTT:1246101: ssthresh:2147483647: cwnd:17: delivered:8: lost:0: retrans:1
[  203.315788] AAAAA-TCP_SEND: name:enp0s3: saddr:100932208: daddr:33561200: srtt_us:9968808: RTT:1246101: ssthresh:2147483647: cwnd:17: delivered:8: lost:0: retrans:1
[  203.727192] AAAAA-TCP_SEND: name:enp0s3: saddr:100932208: daddr:16783984: srtt_us:5173975: RTT:646746: ssthresh:2147483647: cwnd:20: delivered:12: lost:0: retrans:1
[  203.733557] AAAAA-TCP_RECV: name:enp0s3: saddr:33561200: daddr:100932208: srtt_us:9968808: RTT:1246101: ssthresh:2147483647: cwnd:17: delivered:8: lost:0: retrans:1
[  203.733595] AAAAA-TCP_SEND: name:enp0s3: saddr:100932208: daddr:33561200: srtt_us:11430882: RTT:1428860: ssthresh:2147483647: cwnd:18: delivered:9: lost:0: retrans:1
[  203.733616] AAAAA-TCP_SEND: name:enp0s3: saddr:100932208: daddr:33561200: srtt_us:11430882: RTT:1428860: ssthresh:2147483647: cwnd:18: delivered:9: lost:0: retrans:1
[  204.385551] AAAAA-TCP_RECV: name:enp0s3: saddr:33561200: daddr:100932208: srtt_us:11430882: RTT:1428860: ssthresh:2147483647: cwnd:18: delivered:9: lost:0: retrans:1
[  204.385629] AAAAA-TCP_SEND: name:enp0s3: saddr:100932208: daddr:33561200: srtt_us:13362114: RTT:1670264: ssthresh:2147483647: cwnd:19: delivered:10: lost:0: retrans:1
[  204.385661] AAAAA-TCP_SEND: name:enp0s3: saddr:100932208: daddr:33561200: srtt_us:13362114: RTT:1670264: ssthresh:2147483647: cwnd:19: delivered:10: lost:0: retrans:1
[  204.836589] AAAAA-TCP_RECV: name:enp0s3: saddr:33561200: daddr:100932208: srtt_us:13362114: RTT:1670264: ssthresh:2147483647: cwnd:19: delivered:10: lost:0: retrans:1
[  204.836653] AAAAA-TCP_SEND: name:enp0s3: saddr:100932208: daddr:33561200: srtt_us:15502850: RTT:1937856: ssthresh:2147483647: cwnd:20: delivered:11: lost:0: retrans:1
[  204.836685] AAAAA-TCP_SEND: name:enp0s3: saddr:100932208: daddr:33561200: srtt_us:15502850: RTT:1937856: ssthresh:2147483647: cwnd:20: delivered:11: lost:0: retrans:1
[  205.455828] AAAAA-TCP_RECV: name:enp0s3: saddr:16783984: daddr:100932208: srtt_us:5173975: RTT:646746: ssthresh:2147483647: cwnd:20: delivered:12: lost:0: retrans:1
[  205.455878] AAAAA-TCP_SEND: name:enp0s3: saddr:100932208: daddr:16783984: srtt_us:8854278: RTT:1106784: ssthresh:2147483647: cwnd:21: delivered:13: lost:0: retrans:1
[  205.455907] AAAAA-TCP_SEND: name:enp0s3: saddr:100932208: daddr:16783984: srtt_us:8854278: RTT:1106784: ssthresh:2147483647: cwnd:21: delivered:13: lost:0: retrans:1
[  205.961466] AAAAA-TCP_RECV: name:enp0s3: saddr:16783984: daddr:100932208: srtt_us:8854278: RTT:1106784: ssthresh:2147483647: cwnd:21: delivered:13: lost:0: retrans:1
[  205.961530] AAAAA-TCP_SEND: name:enp0s3: saddr:100932208: daddr:16783984: srtt_us:12580200: RTT:1572525: ssthresh:2147483647: cwnd:22: delivered:14: lost:0: retrans:1
[  205.961561] AAAAA-TCP_SEND: name:enp0s3: saddr:100932208: daddr:16783984: srtt_us:12580200: RTT:1572525: ssthresh:2147483647: cwnd:22: delivered:14: lost:0: retrans:1
[  206.257128] AAAAA-TCP_RECV: name:enp0s3: saddr:16783984: daddr:100932208: srtt_us:12580200: RTT:1572525: ssthresh:2147483647: cwnd:22: delivered:14: lost:0: retrans:1
[  206.257197] AAAAA-TCP_SEND: name:enp0s3: saddr:100932208: daddr:16783984: srtt_us:16040674: RTT:2005084: ssthresh:2147483647: cwnd:23: delivered:15: lost:0: retrans:1
[  206.257228] AAAAA-TCP_SEND: name:enp0s3: saddr:100932208: daddr:16783984: srtt_us:16040674: RTT:2005084: ssthresh:2147483647: cwnd:23: delivered:15: lost:0: retrans:1
[  206.370916] AAAAA-TCP_RECV: name:enp0s3: saddr:16783984: daddr:100932208: srtt_us:16040674: RTT:2005084: ssthresh:2147483647: cwnd:23: delivered:15: lost:0: retrans:1
[  206.370974] AAAAA-TCP_SEND: name:enp0s3: saddr:100932208: daddr:16783984: srtt_us:19182373: RTT:2397796: ssthresh:2147483647: cwnd:24: delivered:16: lost:0: retrans:1
[  206.371006] AAAAA-TCP_SEND: name:enp0s3: saddr:100932208: daddr:16783984: srtt_us:19182373: RTT:2397796: ssthresh:2147483647: cwnd:24: delivered:16: lost:0: retrans:1
[  206.906233] AAAAA-TCP_RECV: name:enp0s3: saddr:16783984: daddr:100932208: srtt_us:19182373: RTT:2397796: ssthresh:2147483647: cwnd:24: delivered:16: lost:0: retrans:1
[  206.906295] AAAAA-TCP_SEND: name:enp0s3: saddr:100932208: daddr:16783984: srtt_us:22337943: RTT:2792242: ssthresh:24: cwnd:24: delivered:17: lost:0: retrans:1
[  207.384154] AAAAA-TCP_RECV: name:enp0s3: saddr:16783984: daddr:100932208: srtt_us:22337943: RTT:2792242: ssthresh:24: cwnd:24: delivered:17: lost:0: retrans:1
[  207.384224] AAAAA-TCP_SEND: name:enp0s3: saddr:100932208: daddr:16783984: srtt_us:25576990: RTT:3197123: ssthresh:24: cwnd:24: delivered:18: lost:0: retrans:1
[  207.393817] AAAAA-TCP_RECV: name:enp0s3: saddr:33561200: daddr:100932208: srtt_us:15502850: RTT:1937856: ssthresh:2147483647: cwnd:20: delivered:11: lost:0: retrans:1
[  207.393873] AAAAA-TCP_SEND: name:enp0s3: saddr:100932208: daddr:33561200: srtt_us:18678318: RTT:2334789: ssthresh:14: cwnd:19: delivered:22: lost:0: retrans:1
[  207.487322] AAAAA-TCP_RECV: name:enp0s3: saddr:33561200: daddr:100932208: srtt_us:18678318: RTT:2334789: ssthresh:14: cwnd:19: delivered:22: lost:0: retrans:1
[  207.527776] AAAAA-TCP_RECV: name:enp0s3: saddr:16783984: daddr:100932208: srtt_us:25576990: RTT:3197123: ssthresh:24: cwnd:24: delivered:18: lost:0: retrans:1
[  207.578627] AAAAA-TCP_RECV: name:enp0s3: saddr:33561200: daddr:100932208: srtt_us:20606824: RTT:2575853: ssthresh:14: cwnd:19: delivered:23: lost:0: retrans:1
[  207.659781] AAAAA-TCP_RECV: name:enp0s3: saddr:33561200: daddr:100932208: srtt_us:22293859: RTT:2786732: ssthresh:14: cwnd:19: delivered:24: lost:0: retrans:1
[  207.659820] AAAAA-TCP_SEND: name:enp0s3: saddr:100932208: daddr:33561200: srtt_us:23433335: RTT:2929166: ssthresh:13: cwnd:7: delivered:25: lost:1: retrans:2
[  207.681636] AAAAA-TCP_RECV: name:enp0s3: saddr:16783984: daddr:100932208: srtt_us:28461849: RTT:3557731: ssthresh:24: cwnd:24: delivered:19: lost:0: retrans:1
[  207.741270] AAAAA-TCP_RECV: name:enp0s3: saddr:16783984: daddr:100932208: srtt_us:31139959: RTT:3892494: ssthresh:24: cwnd:24: delivered:20: lost:0: retrans:1
[  207.772812] AAAAA-TCP_RECV: name:enp0s3: saddr:16783984: daddr:100932208: srtt_us:33450241: RTT:4181280: ssthresh:24: cwnd:24: delivered:21: lost:0: retrans:1
[  207.772849] AAAAA-TCP_SEND: name:enp0s3: saddr:100932208: daddr:16783984: srtt_us:35051950: RTT:4381493: ssthresh:16: cwnd:16: delivered:22: lost:5: retrans:2
[  207.786668] AAAAA-TCP_RECV: name:enp0s3: saddr:33561200: daddr:100932208: srtt_us:23433335: RTT:2929166: ssthresh:13: cwnd:7: delivered:25: lost:1: retrans:2
[  207.827176] AAAAA-TCP_SEND: name:enp0s3: saddr:100932208: daddr:16783984: srtt_us:35051950: RTT:4381493: ssthresh:16: cwnd:16: delivered:22: lost:6: retrans:3
[  207.846381] AAAAA-TCP_RECV: name:enp0s3: saddr:16783984: daddr:100932208: srtt_us:35051950: RTT:4381493: ssthresh:16: cwnd:16: delivered:22: lost:6: retrans:3
[  207.874913] AAAAA-TCP_RECV: name:enp0s3: saddr:33561200: daddr:100932208: srtt_us:24557250: RTT:3069656: ssthresh:13: cwnd:7: delivered:26: lost:1: retrans:2
[  207.921129] AAAAA-TCP_RECV: name:enp0s3: saddr:16783984: daddr:100932208: srtt_us:36978457: RTT:4622307: ssthresh:16: cwnd:16: delivered:23: lost:6: retrans:3
[  207.921142] AAAAA-TCP_SEND: name:enp0s3: saddr:100932208: daddr:16783984: srtt_us:38198325: RTT:4774790: ssthresh:16: cwnd:15: delivered:24: lost:6: retrans:4
[  207.981399] AAAAA-TCP_RECV: name:enp0s3: saddr:33561200: daddr:100932208: srtt_us:24976909: RTT:3122113: ssthresh:13: cwnd:6: delivered:27: lost:1: retrans:2
[  207.981434] AAAAA-TCP_SEND: name:enp0s3: saddr:100932208: daddr:33561200: srtt_us:24999566: RTT:3124945: ssthresh:13: cwnd:3: delivered:28: lost:3: retrans:3
[  208.153363] AAAAA-TCP_RECV: name:enp0s3: saddr:16783984: daddr:100932208: srtt_us:38198325: RTT:4774790: ssthresh:16: cwnd:15: delivered:24: lost:6: retrans:4
[  208.164617] AAAAA-TCP_RECV: name:enp0s3: saddr:33561200: daddr:100932208: srtt_us:24999566: RTT:3124945: ssthresh:13: cwnd:3: delivered:28: lost:3: retrans:3
[  208.164638] AAAAA-TCP_SEND: name:enp0s3: saddr:100932208: daddr:33561200: srtt_us:24999566: RTT:3124945: ssthresh:13: cwnd:3: delivered:28: lost:3: retrans:3
[  208.384178] AAAAA-TCP_RECV: name:enp0s3: saddr:16783984: daddr:100932208: srtt_us:36121047: RTT:4515130: ssthresh:24: cwnd:24: delivered:33: lost:6: retrans:4
[  208.384192] AAAAA-TCP_SEND: name:enp0s3: saddr:100932208: daddr:16783984: srtt_us:36121047: RTT:4515130: ssthresh:24: cwnd:24: delivered:33: lost:6: retrans:4
[  208.422061] AAAAA-TCP_RECV: name:enp0s3: saddr:16783984: daddr:100932208: srtt_us:36121047: RTT:4515130: ssthresh:24: cwnd:24: delivered:33: lost:6: retrans:4
[  208.425115] AAAAA-TCP_RECV: name:enp0s3: saddr:33561200: daddr:100932208: srtt_us:24999566: RTT:3124945: ssthresh:13: cwnd:3: delivered:28: lost:3: retrans:3
[  208.538233] AAAAA-TCP_RECV: name:enp0s3: saddr:16783984: daddr:100932208: srtt_us:36121047: RTT:4515130: ssthresh:24: cwnd:24: delivered:33: lost:6: retrans:4
[  208.538274] AAAAA-TCP_SEND: name:enp0s3: saddr:100932208: daddr:16783984: srtt_us:34182646: RTT:4272830: ssthresh:16: cwnd:8: delivered:34: lost:7: retrans:5
[  208.646736] AAAAA-TCP_RECV: name:enp0s3: saddr:16783984: daddr:100932208: srtt_us:34182646: RTT:4272830: ssthresh:16: cwnd:8: delivered:34: lost:7: retrans:5
[  208.708349] AAAAA-TCP_RECV: name:enp0s3: saddr:16783984: daddr:100932208: srtt_us:32595046: RTT:4074380: ssthresh:16: cwnd:8: delivered:35: lost:7: retrans:5
[  208.730435] AAAAA-TCP_RECV: name:enp0s3: saddr:33561200: daddr:100932208: srtt_us:24999566: RTT:3124945: ssthresh:13: cwnd:3: delivered:28: lost:3: retrans:3
[  208.730458] AAAAA-TCP_SEND: name:enp0s3: saddr:100932208: daddr:33561200: srtt_us:24999566: RTT:3124945: ssthresh:13: cwnd:3: delivered:28: lost:3: retrans:3
[  208.763256] AAAAA-TCP_RECV: name:enp0s3: saddr:33561200: daddr:100932208: srtt_us:24999566: RTT:3124945: ssthresh:13: cwnd:3: delivered:28: lost:3: retrans:3
[  208.811540] AAAAA-TCP_RECV: name:enp0s3: saddr:16783984: daddr:100932208: srtt_us:30971842: RTT:3871480: ssthresh:16: cwnd:7: delivered:36: lost:7: retrans:5
[  208.827395] AAAAA-TCP_RECV: name:enp0s3: saddr:16783984: daddr:100932208: srtt_us:29654731: RTT:3706841: ssthresh:16: cwnd:6: delivered:37: lost:7: retrans:5
[  208.862237] AAAAA-TCP_RECV: name:enp0s3: saddr:33561200: daddr:100932208: srtt_us:24999566: RTT:3124945: ssthresh:13: cwnd:3: delivered:28: lost:3: retrans:3
[  208.886679] AAAAA-TCP_RECV: name:enp0s3: saddr:16783984: daddr:100932208: srtt_us:29654731: RTT:3706841: ssthresh:16: cwnd:6: delivered:37: lost:7: retrans:5
[  208.921834] AAAAA-TCP_RECV: name:enp0s3: saddr:33561200: daddr:100932208: srtt_us:24999566: RTT:3124945: ssthresh:13: cwnd:3: delivered:28: lost:3: retrans:3
[  208.945547] AAAAA-TCP_RECV: name:enp0s3: saddr:16783984: daddr:100932208: srtt_us:28463643: RTT:3557955: ssthresh:16: cwnd:5: delivered:38: lost:7: retrans:5
[  208.945583] AAAAA-TCP_SEND: name:enp0s3: saddr:100932208: daddr:16783984: srtt_us:28463643: RTT:3557955: ssthresh:16: cwnd:5: delivered:38: lost:7: retrans:5
[  208.989458] AAAAA-TCP_RECV: name:enp0s3: saddr:16783984: daddr:100932208: srtt_us:28463643: RTT:3557955: ssthresh:16: cwnd:5: delivered:38: lost:7: retrans:5
[  209.016121] AAAAA-TCP_RECV: name:enp0s3: saddr:16783984: daddr:100932208: srtt_us:28463643: RTT:3557955: ssthresh:16: cwnd:5: delivered:38: lost:7: retrans:5
[  209.039073] AAAAA-TCP_RECV: name:enp0s3: saddr:33561200: daddr:100932208: srtt_us:24999566: RTT:3124945: ssthresh:13: cwnd:3: delivered:28: lost:3: retrans:3
[  209.100933] AAAAA-TCP_RECV: name:enp0s3: saddr:16783984: daddr:100932208: srtt_us:27550846: RTT:3443855: ssthresh:16: cwnd:4: delivered:39: lost:7: retrans:5
[  209.152989] AAAAA-TCP_RECV: name:enp0s3: saddr:16783984: daddr:100932208: srtt_us:27550846: RTT:3443855: ssthresh:16: cwnd:4: delivered:39: lost:7: retrans:5
[  209.250542] AAAAA-TCP_RECV: name:enp0s3: saddr:33561200: daddr:100932208: srtt_us:24999566: RTT:3124945: ssthresh:13: cwnd:3: delivered:28: lost:3: retrans:3
[  209.250567] AAAAA-TCP_SEND: name:enp0s3: saddr:100932208: daddr:33561200: srtt_us:24999566: RTT:3124945: ssthresh:13: cwnd:3: delivered:28: lost:3: retrans:3
[  209.294136] AAAAA-TCP_RECV: name:enp0s3: saddr:33561200: daddr:100932208: srtt_us:24999566: RTT:3124945: ssthresh:13: cwnd:3: delivered:28: lost:3: retrans:3
[  209.310324] AAAAA-TCP_RECV: name:enp0s3: saddr:33561200: daddr:100932208: srtt_us:24999566: RTT:3124945: ssthresh:13: cwnd:3: delivered:28: lost:3: retrans:3
[  209.329334] AAAAA-TCP_RECV: name:enp0s3: saddr:33561200: daddr:100932208: srtt_us:24999566: RTT:3124945: ssthresh:13: cwnd:3: delivered:28: lost:3: retrans:3
[  209.368675] AAAAA-TCP_RECV: name:enp0s3: saddr:16783984: daddr:100932208: srtt_us:26353711: RTT:3294213: ssthresh:16: cwnd:3: delivered:40: lost:7: retrans:5
[  209.509070] AAAAA-TCP_RECV: name:enp0s3: saddr:33561200: daddr:100932208: srtt_us:24999566: RTT:3124945: ssthresh:13: cwnd:3: delivered:28: lost:3: retrans:3
[  209.509134] AAAAA-TCP_SEND: name:enp0s3: saddr:100932208: daddr:33561200: srtt_us:23989866: RTT:2998733: ssthresh:13: cwnd:3: delivered:29: lost:3: retrans:4
[  209.598678] AAAAA-TCP_RECV: name:enp0s3: saddr:33561200: daddr:100932208: srtt_us:23989866: RTT:2998733: ssthresh:13: cwnd:3: delivered:29: lost:3: retrans:4
[  209.665939] AAAAA-TCP_RECV: name:enp0s3: saddr:16783984: daddr:100932208: srtt_us:25043978: RTT:3130497: ssthresh:16: cwnd:2: delivered:41: lost:7: retrans:5
[  209.743958] AAAAA-TCP_RECV: name:enp0s3: saddr:16783984: daddr:100932208: srtt_us:25043978: RTT:3130497: ssthresh:16: cwnd:2: delivered:42: lost:7: retrans:5
[  209.837329] AAAAA-TCP_RECV: name:enp0s3: saddr:16783984: daddr:100932208: srtt_us:25043978: RTT:3130497: ssthresh:16: cwnd:2: delivered:43: lost:7: retrans:5
[  209.957673] AAAAA-TCP_RECV: name:enp0s3: saddr:33561200: daddr:100932208: srtt_us:22930133: RTT:2866266: ssthresh:13: cwnd:6: delivered:30: lost:3: retrans:4
[  210.068297] AAAAA-TCP_RECV: name:enp0s3: saddr:16783984: daddr:100932208: srtt_us:25043978: RTT:3130497: ssthresh:16: cwnd:2: delivered:44: lost:7: retrans:5
[  210.378763] AAAAA-TCP_RECV: name:enp0s3: saddr:33561200: daddr:100932208: srtt_us:22039867: RTT:2754983: ssthresh:13: cwnd:6: delivered:31: lost:3: retrans:4
[  223.963135] AAAAA-TCP_SEND: name:enp0s3: saddr:100932208: daddr:33561200: srtt_us:20154884: RTT:2519360: ssthresh:13: cwnd:13: delivered:32: lost:3: retrans:4
[  223.964472] AAAAA-TCP_SEND: name:enp0s3: saddr:100932208: daddr:33561200: srtt_us:20154884: RTT:2519360: ssthresh:13: cwnd:11: delivered:32: lost:3: retrans:4
[  223.964578] AAAAA-TCP_SEND: name:enp0s3: saddr:100932208: daddr:33561200: srtt_us:20154884: RTT:2519360: ssthresh:13: cwnd:11: delivered:32: lost:3: retrans:4
[  223.964597] AAAAA-TCP_SEND: name:enp0s3: saddr:100932208: daddr:33561200: srtt_us:20154884: RTT:2519360: ssthresh:13: cwnd:11: delivered:32: lost:3: retrans:4
[  223.964653] AAAAA-TCP_SEND: name:enp0s3: saddr:100932208: daddr:33561200: srtt_us:20154884: RTT:2519360: ssthresh:13: cwnd:11: delivered:32: lost:3: retrans:4
[  223.964668] AAAAA-TCP_SEND: name:enp0s3: saddr:100932208: daddr:33561200: srtt_us:20154884: RTT:2519360: ssthresh:13: cwnd:11: delivered:32: lost:3: retrans:4
[  223.964724] AAAAA-TCP_SEND: name:enp0s3: saddr:100932208: daddr:33561200: srtt_us:20154884: RTT:2519360: ssthresh:13: cwnd:11: delivered:32: lost:3: retrans:4
[  223.964741] AAAAA-TCP_SEND: name:enp0s3: saddr:100932208: daddr:33561200: srtt_us:20154884: RTT:2519360: ssthresh:13: cwnd:11: delivered:32: lost:3: retrans:4
[  223.964829] AAAAA-TCP_SEND: name:enp0s3: saddr:100932208: daddr:33561200: srtt_us:20154884: RTT:2519360: ssthresh:13: cwnd:11: delivered:32: lost:3: retrans:4
[  223.964844] AAAAA-TCP_SEND: name:enp0s3: saddr:100932208: daddr:33561200: srtt_us:20154884: RTT:2519360: ssthresh:13: cwnd:11: delivered:32: lost:3: retrans:4
[  223.964901] AAAAA-TCP_SEND: name:enp0s3: saddr:100932208: daddr:33561200: srtt_us:20154884: RTT:2519360: ssthresh:13: cwnd:11: delivered:32: lost:3: retrans:4
[  223.964924] AAAAA-TCP_SEND: name:enp0s3: saddr:100932208: daddr:16783984: srtt_us:23443481: RTT:2930435: ssthresh:16: cwnd:16: delivered:45: lost:7: retrans:5
[  223.965041] AAAAA-TCP_SEND: name:enp0s3: saddr:100932208: daddr:16783984: srtt_us:23443481: RTT:2930435: ssthresh:16: cwnd:16: delivered:45: lost:7: retrans:5
[  223.965057] AAAAA-TCP_SEND: name:enp0s3: saddr:100932208: daddr:16783984: srtt_us:23443481: RTT:2930435: ssthresh:16: cwnd:16: delivered:45: lost:7: retrans:5
[  223.965138] AAAAA-TCP_SEND: name:enp0s3: saddr:100932208: daddr:16783984: srtt_us:23443481: RTT:2930435: ssthresh:16: cwnd:16: delivered:45: lost:7: retrans:5
[  223.965156] AAAAA-TCP_SEND: name:enp0s3: saddr:100932208: daddr:16783984: srtt_us:23443481: RTT:2930435: ssthresh:16: cwnd:16: delivered:45: lost:7: retrans:5
[  223.965211] AAAAA-TCP_SEND: name:enp0s3: saddr:100932208: daddr:16783984: srtt_us:23443481: RTT:2930435: ssthresh:16: cwnd:16: delivered:45: lost:7: retrans:5
[  223.965227] AAAAA-TCP_SEND: name:enp0s3: saddr:100932208: daddr:16783984: srtt_us:23443481: RTT:2930435: ssthresh:16: cwnd:16: delivered:45: lost:7: retrans:5
[  223.965283] AAAAA-TCP_SEND: name:enp0s3: saddr:100932208: daddr:16783984: srtt_us:23443481: RTT:2930435: ssthresh:16: cwnd:16: delivered:45: lost:7: retrans:5
[  223.965298] AAAAA-TCP_SEND: name:enp0s3: saddr:100932208: daddr:16783984: srtt_us:23443481: RTT:2930435: ssthresh:16: cwnd:16: delivered:45: lost:7: retrans:5
[  223.965354] AAAAA-TCP_SEND: name:enp0s3: saddr:100932208: daddr:16783984: srtt_us:23443481: RTT:2930435: ssthresh:16: cwnd:16: delivered:45: lost:7: retrans:5
[  223.965372] AAAAA-TCP_SEND: name:enp0s3: saddr:100932208: daddr:16783984: srtt_us:23443481: RTT:2930435: ssthresh:16: cwnd:16: delivered:45: lost:7: retrans:5
[  223.965438] AAAAA-TCP_SEND: name:enp0s3: saddr:100932208: daddr:16783984: srtt_us:23443481: RTT:2930435: ssthresh:16: cwnd:16: delivered:45: lost:7: retrans:5
[  223.965454] AAAAA-TCP_SEND: name:enp0s3: saddr:100932208: daddr:16783984: srtt_us:23443481: RTT:2930435: ssthresh:16: cwnd:16: delivered:45: lost:7: retrans:5
[  223.965533] AAAAA-TCP_SEND: name:enp0s3: saddr:100932208: daddr:16783984: srtt_us:23443481: RTT:2930435: ssthresh:16: cwnd:16: delivered:45: lost:7: retrans:5
[  223.965550] AAAAA-TCP_SEND: name:enp0s3: saddr:100932208: daddr:16783984: srtt_us:23443481: RTT:2930435: ssthresh:16: cwnd:16: delivered:45: lost:7: retrans:5
[  223.965605] AAAAA-TCP_SEND: name:enp0s3: saddr:100932208: daddr:16783984: srtt_us:23443481: RTT:2930435: ssthresh:16: cwnd:16: delivered:45: lost:7: retrans:5
[  224.798786] AAAAA-TCP_RECV: name:enp0s3: saddr:33561200: daddr:100932208: srtt_us:20154884: RTT:2519360: ssthresh:13: cwnd:11: delivered:32: lost:3: retrans:4
[  224.798835] AAAAA-TCP_SEND: name:enp0s3: saddr:100932208: daddr:33561200: srtt_us:18471197: RTT:2308899: ssthresh:13: cwnd:12: delivered:33: lost:3: retrans:4
[  224.798857] AAAAA-TCP_SEND: name:enp0s3: saddr:100932208: daddr:33561200: srtt_us:18471197: RTT:2308899: ssthresh:13: cwnd:12: delivered:33: lost:3: retrans:4
[  225.084068] AAAAA-TCP_RECV: name:enp0s3: saddr:33561200: daddr:100932208: srtt_us:18471197: RTT:2308899: ssthresh:13: cwnd:12: delivered:33: lost:3: retrans:4
[  225.084130] AAAAA-TCP_SEND: name:enp0s3: saddr:100932208: daddr:33561200: srtt_us:17281923: RTT:2160240: ssthresh:13: cwnd:13: delivered:34: lost:3: retrans:4
[  225.084155] AAAAA-TCP_SEND: name:enp0s3: saddr:100932208: daddr:33561200: srtt_us:17281923: RTT:2160240: ssthresh:13: cwnd:13: delivered:34: lost:3: retrans:4
[  225.372242] AAAAA-TCP_RECV: name:enp0s3: saddr:33561200: daddr:100932208: srtt_us:17281923: RTT:2160240: ssthresh:13: cwnd:13: delivered:34: lost:3: retrans:4
[  225.372303] AAAAA-TCP_SEND: name:enp0s3: saddr:100932208: daddr:33561200: srtt_us:16529372: RTT:2066171: ssthresh:13: cwnd:13: delivered:35: lost:3: retrans:4
[  225.538243] AAAAA-TCP_RECV: name:enp0s3: saddr:33561200: daddr:100932208: srtt_us:16529372: RTT:2066171: ssthresh:13: cwnd:13: delivered:35: lost:3: retrans:4
[  225.538305] AAAAA-TCP_SEND: name:enp0s3: saddr:100932208: daddr:33561200: srtt_us:16036873: RTT:2004609: ssthresh:13: cwnd:13: delivered:36: lost:3: retrans:4
[  225.574958] AAAAA-TCP_RECV: name:enp0s3: saddr:33561200: daddr:100932208: srtt_us:16036873: RTT:2004609: ssthresh:13: cwnd:13: delivered:36: lost:3: retrans:4
[  225.575000] AAAAA-TCP_SEND: name:enp0s3: saddr:100932208: daddr:33561200: srtt_us:15642587: RTT:1955323: ssthresh:13: cwnd:14: delivered:37: lost:3: retrans:4
[  225.575023] AAAAA-TCP_SEND: name:enp0s3: saddr:100932208: daddr:33561200: srtt_us:15642587: RTT:1955323: ssthresh:13: cwnd:14: delivered:37: lost:3: retrans:4
[  225.881386] AAAAA-TCP_RECV: name:enp0s3: saddr:33561200: daddr:100932208: srtt_us:15642587: RTT:1955323: ssthresh:13: cwnd:14: delivered:37: lost:3: retrans:4
[  225.881462] AAAAA-TCP_SEND: name:enp0s3: saddr:100932208: daddr:33561200: srtt_us:15604016: RTT:1950502: ssthresh:13: cwnd:14: delivered:38: lost:3: retrans:4
[  226.020526] AAAAA-TCP_RECV: name:enp0s3: saddr:33561200: daddr:100932208: srtt_us:15604016: RTT:1950502: ssthresh:13: cwnd:14: delivered:38: lost:3: retrans:4
[  226.020567] AAAAA-TCP_SEND: name:enp0s3: saddr:100932208: daddr:33561200: srtt_us:15709320: RTT:1963665: ssthresh:13: cwnd:14: delivered:39: lost:3: retrans:4
[  226.152699] AAAAA-TCP_RECV: name:enp0s3: saddr:33561200: daddr:100932208: srtt_us:15709320: RTT:1963665: ssthresh:13: cwnd:14: delivered:39: lost:3: retrans:4
[  226.152759] AAAAA-TCP_SEND: name:enp0s3: saddr:100932208: daddr:33561200: srtt_us:15933638: RTT:1991704: ssthresh:13: cwnd:14: delivered:40: lost:3: retrans:4
[  226.555509] AAAAA-TCP_RECV: name:enp0s3: saddr:33561200: daddr:100932208: srtt_us:15933638: RTT:1991704: ssthresh:13: cwnd:14: delivered:40: lost:3: retrans:4
[  226.555586] AAAAA-TCP_SEND: name:enp0s3: saddr:100932208: daddr:33561200: srtt_us:16532648: RTT:2066581: ssthresh:13: cwnd:15: delivered:41: lost:3: retrans:4
[  226.555630] AAAAA-TCP_SEND: name:enp0s3: saddr:100932208: daddr:33561200: srtt_us:16532648: RTT:2066581: ssthresh:13: cwnd:15: delivered:41: lost:3: retrans:4
[  226.890488] AAAAA-TCP_RECV: name:enp0s3: saddr:33561200: daddr:100932208: srtt_us:16532648: RTT:2066581: ssthresh:13: cwnd:15: delivered:41: lost:3: retrans:4
[  226.890582] AAAAA-TCP_SEND: name:enp0s3: saddr:100932208: daddr:33561200: srtt_us:17391752: RTT:2173969: ssthresh:13: cwnd:15: delivered:42: lost:3: retrans:4
[  227.088720] AAAAA-TCP_RECV: name:enp0s3: saddr:33561200: daddr:100932208: srtt_us:17391752: RTT:2173969: ssthresh:13: cwnd:15: delivered:42: lost:3: retrans:4
[  227.088796] AAAAA-TCP_SEND: name:enp0s3: saddr:100932208: daddr:33561200: srtt_us:18341636: RTT:2292704: ssthresh:13: cwnd:15: delivered:43: lost:3: retrans:4
[  227.514795] AAAAA-TCP_RECV: name:enp0s3: saddr:16783984: daddr:100932208: srtt_us:23443481: RTT:2930435: ssthresh:16: cwnd:16: delivered:45: lost:7: retrans:5
[  227.514867] AAAAA-TCP_SEND: name:enp0s3: saddr:100932208: daddr:16783984: srtt_us:24062955: RTT:3007869: ssthresh:16: cwnd:17: delivered:46: lost:7: retrans:5
[  227.514890] AAAAA-TCP_SEND: name:enp0s3: saddr:100932208: daddr:16783984: srtt_us:24062955: RTT:3007869: ssthresh:16: cwnd:17: delivered:46: lost:7: retrans:5
[  227.616856] AAAAA-TCP_RECV: name:enp0s3: saddr:16783984: daddr:100932208: srtt_us:24062955: RTT:3007869: ssthresh:16: cwnd:17: delivered:46: lost:7: retrans:5
[  227.616915] AAAAA-TCP_SEND: name:enp0s3: saddr:100932208: daddr:16783984: srtt_us:24706908: RTT:3088363: ssthresh:16: cwnd:17: delivered:47: lost:7: retrans:5
[  227.815542] AAAAA-TCP_RECV: name:enp0s3: saddr:16783984: daddr:100932208: srtt_us:24706908: RTT:3088363: ssthresh:16: cwnd:17: delivered:47: lost:7: retrans:5
[  227.815603] AAAAA-TCP_SEND: name:enp0s3: saddr:100932208: daddr:16783984: srtt_us:25469053: RTT:3183631: ssthresh:16: cwnd:18: delivered:48: lost:7: retrans:5
[  227.815626] AAAAA-TCP_SEND: name:enp0s3: saddr:100932208: daddr:16783984: srtt_us:25469053: RTT:3183631: ssthresh:16: cwnd:18: delivered:48: lost:7: retrans:5
[  227.856292] AAAAA-TCP_RECV: name:enp0s3: saddr:16783984: daddr:100932208: srtt_us:25469053: RTT:3183631: ssthresh:16: cwnd:18: delivered:48: lost:7: retrans:5
[  227.856332] AAAAA-TCP_SEND: name:enp0s3: saddr:100932208: daddr:16783984: srtt_us:26176594: RTT:3272074: ssthresh:16: cwnd:18: delivered:49: lost:7: retrans:5
[  227.892937] AAAAA-TCP_RECV: name:enp0s3: saddr:16783984: daddr:100932208: srtt_us:26176594: RTT:3272074: ssthresh:16: cwnd:18: delivered:49: lost:7: retrans:5
[  227.892979] AAAAA-TCP_SEND: name:enp0s3: saddr:100932208: daddr:16783984: srtt_us:26832317: RTT:3354039: ssthresh:16: cwnd:19: delivered:50: lost:7: retrans:5
[  227.893002] AAAAA-TCP_SEND: name:enp0s3: saddr:100932208: daddr:16783984: srtt_us:26832317: RTT:3354039: ssthresh:16: cwnd:19: delivered:50: lost:7: retrans:5
[  227.951123] AAAAA-TCP_RECV: name:enp0s3: saddr:16783984: daddr:100932208: srtt_us:26832317: RTT:3354039: ssthresh:16: cwnd:19: delivered:50: lost:7: retrans:5
[  227.951164] AAAAA-TCP_SEND: name:enp0s3: saddr:100932208: daddr:16783984: srtt_us:27464207: RTT:3433025: ssthresh:16: cwnd:19: delivered:51: lost:7: retrans:5
[  228.020432] AAAAA-TCP_RECV: name:enp0s3: saddr:16783984: daddr:100932208: srtt_us:27464207: RTT:3433025: ssthresh:16: cwnd:19: delivered:51: lost:7: retrans:5
[  228.020486] AAAAA-TCP_SEND: name:enp0s3: saddr:100932208: daddr:16783984: srtt_us:28086410: RTT:3510801: ssthresh:16: cwnd:19: delivered:52: lost:7: retrans:5
[  228.089216] AAAAA-TCP_RECV: name:enp0s3: saddr:16783984: daddr:100932208: srtt_us:28086410: RTT:3510801: ssthresh:16: cwnd:19: delivered:52: lost:7: retrans:5
[  228.089262] AAAAA-TCP_SEND: name:enp0s3: saddr:100932208: daddr:16783984: srtt_us:28699561: RTT:3587445: ssthresh:16: cwnd:20: delivered:53: lost:7: retrans:5
[  228.089283] AAAAA-TCP_SEND: name:enp0s3: saddr:100932208: daddr:16783984: srtt_us:28699561: RTT:3587445: ssthresh:16: cwnd:20: delivered:53: lost:7: retrans:5
[  228.261826] AAAAA-TCP_RECV: name:enp0s3: saddr:16783984: daddr:100932208: srtt_us:28699561: RTT:3587445: ssthresh:16: cwnd:20: delivered:53: lost:7: retrans:5
[  228.261869] AAAAA-TCP_SEND: name:enp0s3: saddr:100932208: daddr:16783984: srtt_us:29408663: RTT:3676082: ssthresh:16: cwnd:20: delivered:54: lost:7: retrans:5
[  228.405731] AAAAA-TCP_RECV: name:enp0s3: saddr:16783984: daddr:100932208: srtt_us:29408663: RTT:3676082: ssthresh:16: cwnd:20: delivered:54: lost:7: retrans:5
[  228.405763] AAAAA-TCP_SEND: name:enp0s3: saddr:100932208: daddr:16783984: srtt_us:30172963: RTT:3771620: ssthresh:16: cwnd:20: delivered:55: lost:7: retrans:5
[  228.536685] AAAAA-TCP_RECV: name:enp0s3: saddr:16783984: daddr:100932208: srtt_us:30172963: RTT:3771620: ssthresh:16: cwnd:20: delivered:55: lost:7: retrans:5
[  228.536741] AAAAA-TCP_SEND: name:enp0s3: saddr:100932208: daddr:16783984: srtt_us:30972679: RTT:3871584: ssthresh:16: cwnd:21: delivered:56: lost:7: retrans:5
[  228.536763] AAAAA-TCP_SEND: name:enp0s3: saddr:100932208: daddr:16783984: srtt_us:30972679: RTT:3871584: ssthresh:16: cwnd:21: delivered:56: lost:7: retrans:5
[  228.780571] AAAAA-TCP_RECV: name:enp0s3: saddr:16783984: daddr:100932208: srtt_us:30972679: RTT:3871584: ssthresh:16: cwnd:21: delivered:56: lost:7: retrans:5
[  228.780612] AAAAA-TCP_SEND: name:enp0s3: saddr:100932208: daddr:16783984: srtt_us:31916234: RTT:3989529: ssthresh:16: cwnd:21: delivered:57: lost:7: retrans:5
[  228.926126] AAAAA-TCP_RECV: name:enp0s3: saddr:16783984: daddr:100932208: srtt_us:31916234: RTT:3989529: ssthresh:16: cwnd:21: delivered:57: lost:7: retrans:5
[  228.926169] AAAAA-TCP_SEND: name:enp0s3: saddr:100932208: daddr:16783984: srtt_us:32887382: RTT:4110922: ssthresh:16: cwnd:22: delivered:58: lost:7: retrans:5
[  228.926185] AAAAA-TCP_SEND: name:enp0s3: saddr:100932208: daddr:16783984: srtt_us:32887382: RTT:4110922: ssthresh:16: cwnd:22: delivered:58: lost:7: retrans:5
[  229.125440] AAAAA-TCP_RECV: name:enp0s3: saddr:16783984: daddr:100932208: srtt_us:32887382: RTT:4110922: ssthresh:16: cwnd:22: delivered:58: lost:7: retrans:5
[  229.125502] AAAAA-TCP_SEND: name:enp0s3: saddr:100932208: daddr:16783984: srtt_us:33936389: RTT:4242048: ssthresh:16: cwnd:23: delivered:59: lost:7: retrans:5
[  229.125525] AAAAA-TCP_SEND: name:enp0s3: saddr:100932208: daddr:16783984: srtt_us:33936389: RTT:4242048: ssthresh:16: cwnd:23: delivered:59: lost:7: retrans:5
[  229.201255] AAAAA-TCP_RECV: name:enp0s3: saddr:16783984: daddr:100932208: srtt_us:33936389: RTT:4242048: ssthresh:16: cwnd:23: delivered:59: lost:7: retrans:5
[  229.201314] AAAAA-TCP_SEND: name:enp0s3: saddr:100932208: daddr:16783984: srtt_us:34930068: RTT:4366258: ssthresh:16: cwnd:23: delivered:60: lost:7: retrans:5
[  229.278519] AAAAA-TCP_RECV: name:enp0s3: saddr:16783984: daddr:100932208: srtt_us:34930068: RTT:4366258: ssthresh:16: cwnd:23: delivered:60: lost:7: retrans:5
[  229.278576] AAAAA-TCP_SEND: name:enp0s3: saddr:100932208: daddr:16783984: srtt_us:35876745: RTT:4484593: ssthresh:16: cwnd:24: delivered:61: lost:7: retrans:5
[  229.278600] AAAAA-TCP_SEND: name:enp0s3: saddr:100932208: daddr:16783984: srtt_us:35876745: RTT:4484593: ssthresh:16: cwnd:24: delivered:61: lost:7: retrans:5
[  229.812102] AAAAA-TCP_RECV: name:enp0s3: saddr:33561200: daddr:100932208: srtt_us:18341636: RTT:2292704: ssthresh:13: cwnd:15: delivered:43: lost:3: retrans:4
[  229.812157] AAAAA-TCP_SEND: name:enp0s3: saddr:100932208: daddr:33561200: srtt_us:21062215: RTT:2632776: ssthresh:13: cwnd:16: delivered:44: lost:3: retrans:4
[  229.812184] AAAAA-TCP_SEND: name:enp0s3: saddr:100932208: daddr:33561200: srtt_us:21062215: RTT:2632776: ssthresh:13: cwnd:16: delivered:44: lost:3: retrans:4
[  229.867167] AAAAA-TCP_RECV: name:enp0s3: saddr:33561200: daddr:100932208: srtt_us:21062215: RTT:2632776: ssthresh:13: cwnd:16: delivered:44: lost:3: retrans:4
[  229.867230] AAAAA-TCP_SEND: name:enp0s3: saddr:100932208: daddr:33561200: srtt_us:23497803: RTT:2937225: ssthresh:13: cwnd:17: delivered:45: lost:3: retrans:4
[  229.867259] AAAAA-TCP_SEND: name:enp0s3: saddr:100932208: daddr:33561200: srtt_us:23497803: RTT:2937225: ssthresh:13: cwnd:17: delivered:45: lost:3: retrans:4
[  230.108977] AAAAA-TCP_RECV: name:enp0s3: saddr:33561200: daddr:100932208: srtt_us:23497803: RTT:2937225: ssthresh:13: cwnd:17: delivered:45: lost:3: retrans:4
[  230.109040] AAAAA-TCP_SEND: name:enp0s3: saddr:100932208: daddr:33561200: srtt_us:25585458: RTT:3198182: ssthresh:13: cwnd:17: delivered:46: lost:3: retrans:4
[  230.185778] AAAAA-TCP_RECV: name:enp0s3: saddr:33561200: daddr:100932208: srtt_us:25585458: RTT:3198182: ssthresh:13: cwnd:17: delivered:46: lost:3: retrans:4
[  230.185827] AAAAA-TCP_SEND: name:enp0s3: saddr:100932208: daddr:33561200: srtt_us:27488951: RTT:3436118: ssthresh:13: cwnd:18: delivered:47: lost:3: retrans:4
[  230.185851] AAAAA-TCP_SEND: name:enp0s3: saddr:100932208: daddr:33561200: srtt_us:27488951: RTT:3436118: ssthresh:13: cwnd:18: delivered:47: lost:3: retrans:4
[  230.208166] AAAAA-TCP_RECV: name:enp0s3: saddr:33561200: daddr:100932208: srtt_us:27488951: RTT:3436118: ssthresh:13: cwnd:18: delivered:47: lost:3: retrans:4
[  230.208218] AAAAA-TCP_SEND: name:enp0s3: saddr:100932208: daddr:33561200: srtt_us:28888718: RTT:3611089: ssthresh:13: cwnd:21: delivered:54: lost:3: retrans:4
[  230.208239] AAAAA-TCP_SEND: name:enp0s3: saddr:100932208: daddr:33561200: srtt_us:28888718: RTT:3611089: ssthresh:13: cwnd:21: delivered:54: lost:3: retrans:4
[  230.208503] AAAAA-TCP_SEND: name:enp0s3: saddr:100932208: daddr:33561200: srtt_us:28888718: RTT:3611089: ssthresh:13: cwnd:21: delivered:54: lost:3: retrans:4
[  230.208517] AAAAA-TCP_SEND: name:enp0s3: saddr:100932208: daddr:33561200: srtt_us:28888718: RTT:3611089: ssthresh:13: cwnd:21: delivered:54: lost:3: retrans:4
[  230.208604] AAAAA-TCP_SEND: name:enp0s3: saddr:100932208: daddr:33561200: srtt_us:28888718: RTT:3611089: ssthresh:13: cwnd:21: delivered:54: lost:3: retrans:4
[  230.208618] AAAAA-TCP_SEND: name:enp0s3: saddr:100932208: daddr:33561200: srtt_us:28888718: RTT:3611089: ssthresh:13: cwnd:21: delivered:54: lost:3: retrans:4
[  230.208700] AAAAA-TCP_SEND: name:enp0s3: saddr:100932208: daddr:33561200: srtt_us:28888718: RTT:3611089: ssthresh:13: cwnd:21: delivered:54: lost:3: retrans:4
[  230.208713] AAAAA-TCP_SEND: name:enp0s3: saddr:100932208: daddr:33561200: srtt_us:28888718: RTT:3611089: ssthresh:13: cwnd:21: delivered:54: lost:3: retrans:4
[  230.208807] AAAAA-TCP_SEND: name:enp0s3: saddr:100932208: daddr:33561200: srtt_us:28888718: RTT:3611089: ssthresh:13: cwnd:21: delivered:54: lost:3: retrans:4
[  230.208821] AAAAA-TCP_SEND: name:enp0s3: saddr:100932208: daddr:33561200: srtt_us:28888718: RTT:3611089: ssthresh:13: cwnd:21: delivered:54: lost:3: retrans:4
[  230.255821] AAAAA-TCP_RECV: name:enp0s3: saddr:33561200: daddr:100932208: srtt_us:28888718: RTT:3611089: ssthresh:13: cwnd:21: delivered:54: lost:3: retrans:4
[  230.255870] AAAAA-TCP_SEND: name:enp0s3: saddr:100932208: daddr:33561200: srtt_us:28888718: RTT:3611089: ssthresh:13: cwnd:21: delivered:54: lost:3: retrans:4
[  230.481141] AAAAA-TCP_RECV: name:enp0s3: saddr:33561200: daddr:100932208: srtt_us:28888718: RTT:3611089: ssthresh:13: cwnd:21: delivered:54: lost:3: retrans:4
[  230.481206] AAAAA-TCP_SEND: name:enp0s3: saddr:100932208: daddr:33561200: srtt_us:29203216: RTT:3650402: ssthresh:13: cwnd:22: delivered:55: lost:3: retrans:4
[  230.481235] AAAAA-TCP_SEND: name:enp0s3: saddr:100932208: daddr:33561200: srtt_us:29203216: RTT:3650402: ssthresh:13: cwnd:22: delivered:55: lost:3: retrans:4
[  230.502118] AAAAA-TCP_RECV: name:enp0s3: saddr:33561200: daddr:100932208: srtt_us:29203216: RTT:3650402: ssthresh:13: cwnd:22: delivered:55: lost:3: retrans:4
[  230.741398] AAAAA-TCP_RECV: name:enp0s3: saddr:33561200: daddr:100932208: srtt_us:29203216: RTT:3650402: ssthresh:13: cwnd:22: delivered:55: lost:3: retrans:4
[  230.741456] AAAAA-TCP_SEND: name:enp0s3: saddr:100932208: daddr:33561200: srtt_us:29738659: RTT:3717332: ssthresh:13: cwnd:22: delivered:56: lost:3: retrans:4
[  230.757443] AAAAA-TCP_RECV: name:enp0s3: saddr:33561200: daddr:100932208: srtt_us:29738659: RTT:3717332: ssthresh:13: cwnd:22: delivered:56: lost:3: retrans:4
[  230.757465] AAAAA-TCP_SEND: name:enp0s3: saddr:100932208: daddr:33561200: srtt_us:29738659: RTT:3717332: ssthresh:13: cwnd:22: delivered:56: lost:3: retrans:4
[  230.813799] AAAAA-TCP_RECV: name:enp0s3: saddr:33561200: daddr:100932208: srtt_us:29738659: RTT:3717332: ssthresh:13: cwnd:22: delivered:56: lost:3: retrans:4
[  230.858766] AAAAA-TCP_RECV: name:enp0s3: saddr:33561200: daddr:100932208: srtt_us:29738659: RTT:3717332: ssthresh:13: cwnd:22: delivered:56: lost:3: retrans:4
[  230.882295] AAAAA-TCP_RECV: name:enp0s3: saddr:33561200: daddr:100932208: srtt_us:29738659: RTT:3717332: ssthresh:13: cwnd:22: delivered:56: lost:3: retrans:4
[  230.882346] AAAAA-TCP_SEND: name:enp0s3: saddr:100932208: daddr:33561200: srtt_us:30013068: RTT:3751633: ssthresh:13: cwnd:23: delivered:57: lost:3: retrans:4
[  230.882368] AAAAA-TCP_SEND: name:enp0s3: saddr:100932208: daddr:33561200: srtt_us:30013068: RTT:3751633: ssthresh:13: cwnd:23: delivered:57: lost:3: retrans:4
[  230.974895] AAAAA-TCP_RECV: name:enp0s3: saddr:33561200: daddr:100932208: srtt_us:30013068: RTT:3751633: ssthresh:13: cwnd:23: delivered:57: lost:3: retrans:4
[  231.619473] AAAAA-TCP_RECV: name:enp0s3: saddr:33561200: daddr:100932208: srtt_us:30013068: RTT:3751633: ssthresh:13: cwnd:23: delivered:57: lost:3: retrans:4
[  231.619530] AAAAA-TCP_SEND: name:enp0s3: saddr:100932208: daddr:33561200: srtt_us:30792147: RTT:3849018: ssthresh:13: cwnd:23: delivered:58: lost:3: retrans:4
[  231.849400] AAAAA-TCP_RECV: name:enp0s3: saddr:16783984: daddr:100932208: srtt_us:35876745: RTT:4484593: ssthresh:16: cwnd:24: delivered:61: lost:7: retrans:5
[  231.849469] AAAAA-TCP_SEND: name:enp0s3: saddr:100932208: daddr:16783984: srtt_us:35726720: RTT:4465840: ssthresh:16: cwnd:24: delivered:62: lost:7: retrans:5
[  232.113279] AAAAA-TCP_RECV: name:enp0s3: saddr:16783984: daddr:100932208: srtt_us:35726720: RTT:4465840: ssthresh:16: cwnd:24: delivered:62: lost:7: retrans:5
[  232.113336] AAAAA-TCP_SEND: name:enp0s3: saddr:100932208: daddr:16783984: srtt_us:35757284: RTT:4469660: ssthresh:16: cwnd:23: delivered:63: lost:8: retrans:6
[  232.311624] AAAAA-TCP_RECV: name:enp0s3: saddr:16783984: daddr:100932208: srtt_us:35757284: RTT:4469660: ssthresh:16: cwnd:23: delivered:63: lost:8: retrans:6
[  232.453070] AAAAA-TCP_RECV: name:enp0s3: saddr:16783984: daddr:100932208: srtt_us:35783657: RTT:4472957: ssthresh:16: cwnd:23: delivered:64: lost:8: retrans:6
[  232.453118] AAAAA-TCP_SEND: name:enp0s3: saddr:100932208: daddr:16783984: srtt_us:35783657: RTT:4472957: ssthresh:16: cwnd:23: delivered:64: lost:8: retrans:6
[  232.647243] AAAAA-TCP_RECV: name:enp0s3: saddr:16783984: daddr:100932208: srtt_us:35948214: RTT:4493526: ssthresh:16: cwnd:22: delivered:65: lost:8: retrans:6
[  232.761136] AAAAA-TCP_RECV: name:enp0s3: saddr:16783984: daddr:100932208: srtt_us:36245625: RTT:4530703: ssthresh:16: cwnd:22: delivered:66: lost:8: retrans:6
[  232.761163] AAAAA-TCP_SEND: name:enp0s3: saddr:100932208: daddr:16783984: srtt_us:36245625: RTT:4530703: ssthresh:16: cwnd:22: delivered:66: lost:8: retrans:6
[  232.873726] AAAAA-TCP_RECV: name:enp0s3: saddr:16783984: daddr:100932208: srtt_us:36583103: RTT:4572887: ssthresh:16: cwnd:22: delivered:67: lost:8: retrans:6
[  232.873776] AAAAA-TCP_SEND: name:enp0s3: saddr:100932208: daddr:16783984: srtt_us:36583103: RTT:4572887: ssthresh:16: cwnd:22: delivered:67: lost:8: retrans:6
[  233.167113] AAAAA-TCP_RECV: name:enp0s3: saddr:16783984: daddr:100932208: srtt_us:36991008: RTT:4623876: ssthresh:16: cwnd:21: delivered:68: lost:8: retrans:6
[  233.350998] AAAAA-TCP_RECV: name:enp0s3: saddr:16783984: daddr:100932208: srtt_us:37583093: RTT:4697886: ssthresh:16: cwnd:21: delivered:69: lost:8: retrans:6
[  233.351058] AAAAA-TCP_SEND: name:enp0s3: saddr:100932208: daddr:16783984: srtt_us:37583093: RTT:4697886: ssthresh:16: cwnd:21: delivered:69: lost:8: retrans:6
[  233.445787] AAAAA-TCP_RECV: name:enp0s3: saddr:16783984: daddr:100932208: srtt_us:38215770: RTT:4776971: ssthresh:16: cwnd:21: delivered:70: lost:8: retrans:6
[  233.445854] AAAAA-TCP_SEND: name:enp0s3: saddr:100932208: daddr:16783984: srtt_us:38215770: RTT:4776971: ssthresh:16: cwnd:21: delivered:70: lost:8: retrans:6
[  233.575521] AAAAA-TCP_RECV: name:enp0s3: saddr:16783984: daddr:100932208: srtt_us:38795385: RTT:4849423: ssthresh:16: cwnd:20: delivered:71: lost:8: retrans:6
[  233.575566] AAAAA-TCP_SEND: name:enp0s3: saddr:100932208: daddr:16783984: srtt_us:39259641: RTT:4907455: ssthresh:16: cwnd:19: delivered:72: lost:9: retrans:7
[  233.694715] AAAAA-TCP_RECV: name:enp0s3: saddr:16783984: daddr:100932208: srtt_us:39259641: RTT:4907455: ssthresh:16: cwnd:19: delivered:72: lost:9: retrans:7
[  234.075812] AAAAA-TCP_RECV: name:enp0s3: saddr:16783984: daddr:100932208: srtt_us:39641150: RTT:4955143: ssthresh:16: cwnd:19: delivered:73: lost:9: retrans:7
[  234.075894] AAAAA-TCP_SEND: name:enp0s3: saddr:100932208: daddr:16783984: srtt_us:39641150: RTT:4955143: ssthresh:16: cwnd:19: delivered:73: lost:9: retrans:7
[  234.159362] AAAAA-TCP_RECV: name:enp0s3: saddr:16783984: daddr:100932208: srtt_us:39981283: RTT:4997660: ssthresh:16: cwnd:16: delivered:74: lost:11: retrans:7
[  234.159401] AAAAA-TCP_SEND: name:enp0s3: saddr:100932208: daddr:16783984: srtt_us:40216828: RTT:5027103: ssthresh:16: cwnd:16: delivered:75: lost:11: retrans:8
[  234.336059] AAAAA-TCP_RECV: name:enp0s3: saddr:16783984: daddr:100932208: srtt_us:40216828: RTT:5027103: ssthresh:16: cwnd:16: delivered:75: lost:11: retrans:8
