[    0.000000] Linux version 5.4.243-mptcp (root@ztg) (gcc version 12.2.0 (Debian 12.2.0-14+deb12u1)) #53 SMP Wed Dec 24 23:28:15 CST 2025
[    0.000000] Command line: BOOT_IMAGE=/boot/vmlinuz-5.4.243-mptcp root=UUID=98415a12-53b7-4144-8265-0f7ece09e445 ro quiet splash
[    0.000000] KERNEL supported cpus:
[    0.000000]   Intel GenuineIntel
[    0.000000]   AMD AuthenticAMD
[    0.000000]   Hygon HygonGenuine
[    0.000000]   Centaur CentaurHauls
[    0.000000]   zhaoxin   Shanghai  
[    0.000000] x86/fpu: Supporting XSAVE feature 0x001: 'x87 floating point registers'
[    0.000000] x86/fpu: Supporting XSAVE feature 0x002: 'SSE registers'
[    0.000000] x86/fpu: Supporting XSAVE feature 0x004: 'AVX registers'
[    0.000000] x86/fpu: xstate_offset[2]:  576, xstate_sizes[2]:  256
[    0.000000] x86/fpu: Enabled xstate features 0x7, context size is 832 bytes, using 'standard' format.
[    0.000000] BIOS-provided physical RAM map:
[    0.000000] BIOS-e820: [mem 0x0000000000000000-0x000000000009fbff] usable
[    0.000000] BIOS-e820: [mem 0x000000000009fc00-0x000000000009ffff] reserved
[    0.000000] BIOS-e820: [mem 0x00000000000f0000-0x00000000000fffff] reserved
[    0.000000] BIOS-e820: [mem 0x0000000000100000-0x000000007ffeffff] usable
[    0.000000] BIOS-e820: [mem 0x000000007fff0000-0x000000007fffffff] ACPI data
[    0.000000] BIOS-e820: [mem 0x00000000fec00000-0x00000000fec00fff] reserved
[    0.000000] BIOS-e820: [mem 0x00000000fee00000-0x00000000fee00fff] reserved
[    0.000000] BIOS-e820: [mem 0x00000000fffc0000-0x00000000ffffffff] reserved
[    0.000000] NX (Execute Disable) protection: active
[    0.000000] SMBIOS 2.5 present.
[    0.000000] DMI: innotek GmbH VirtualBox/VirtualBox, BIOS VirtualBox 12/01/2006
[    0.000000] Hypervisor detected: KVM
[    0.000000] kvm-clock: Using msrs 4b564d01 and 4b564d00
[    0.000000] kvm-clock: cpu 0, msr 42601001, primary cpu clock
[    0.000000] kvm-clock: using sched offset of 4455548858 cycles
[    0.000003] clocksource: kvm-clock: mask: 0xffffffffffffffff max_cycles: 0x1cd42e4dffb, max_idle_ns: 881590591483 ns
[    0.000005] tsc: Detected 2100.000 MHz processor
[    0.001883] e820: update [mem 0x00000000-0x00000fff] usable ==> reserved
[    0.001885] e820: remove [mem 0x000a0000-0x000fffff] usable
[    0.001889] last_pfn = 0x7fff0 max_arch_pfn = 0x400000000
[    0.001957] MTRR default type: uncachable
[    0.001958] MTRR fixed ranges enabled:
[    0.001959]   00000-9FFFF write-back
[    0.001960]   A0000-BFFFF uncachable
[    0.001961]   C0000-FFFFF write-protect
[    0.001961] MTRR variable ranges enabled:
[    0.001963]   0 base 000000000000 mask 3FFF80000000 write-back
[    0.001963]   1 disabled
[    0.001964]   2 disabled
[    0.001964]   3 disabled
[    0.001965]   4 disabled
[    0.001965]   5 disabled
[    0.001966]   6 disabled
[    0.001966]   7 disabled
[    0.001966]   8 disabled
[    0.001967]   9 disabled
[    0.001967]   10 disabled
[    0.001968]   11 disabled
[    0.001968]   12 disabled
[    0.001969]   13 disabled
[    0.001969]   14 disabled
[    0.001970]   15 disabled
[    0.001986] x86/PAT: Configuration [0-7]: WB  WC  UC- UC  WB  WP  UC- WT  
[    0.002120] found SMP MP-table at [mem 0x0009fff0-0x0009ffff]
[    0.092244] check: Scanning 1 areas for low memory corruption
[    0.092445] RAMDISK: [mem 0x32271000-0x3512ffff]
[    0.092453] ACPI: Early table checksum verification disabled
[    0.092458] ACPI: RSDP 0x00000000000E0000 000024 (v02 VBOX  )
[    0.092463] ACPI: XSDT 0x000000007FFF0030 00003C (v01 VBOX   VBOXXSDT 00000001 ASL  00000061)
[    0.092469] ACPI: FACP 0x000000007FFF00F0 0000F4 (v04 VBOX   VBOXFACP 00000001 ASL  00000061)
[    0.092476] ACPI: DSDT 0x000000007FFF02E0 002353 (v02 VBOX   VBOXBIOS 00000002 VBOX 00029BF3)
[    0.092480] ACPI: FACS 0x000000007FFF0200 000040
[    0.092483] ACPI: FACS 0x000000007FFF0200 000040
[    0.092486] ACPI: APIC 0x000000007FFF0240 000054 (v02 VBOX   VBOXAPIC 00000001 ASL  00000061)
[    0.092490] ACPI: SSDT 0x000000007FFF02A0 000038 (v01 VBOX   VBOXCPUT 00000002 VBOX 00029BF3)
[    0.092493] ACPI: Reserving FACP table memory at [mem 0x7fff00f0-0x7fff01e3]
[    0.092494] ACPI: Reserving DSDT table memory at [mem 0x7fff02e0-0x7fff2632]
[    0.092495] ACPI: Reserving FACS table memory at [mem 0x7fff0200-0x7fff023f]
[    0.092496] ACPI: Reserving FACS table memory at [mem 0x7fff0200-0x7fff023f]
[    0.092496] ACPI: Reserving APIC table memory at [mem 0x7fff0240-0x7fff0293]
[    0.092497] ACPI: Reserving SSDT table memory at [mem 0x7fff02a0-0x7fff02d7]
[    0.092511] ACPI: Local APIC address 0xfee00000
[    0.092697] No NUMA configuration found
[    0.092698] Faking a node at [mem 0x0000000000000000-0x000000007ffeffff]
[    0.092708] NODE_DATA(0) allocated [mem 0x7ffc5000-0x7ffeffff]
[    0.092969] Zone ranges:
[    0.092970]   DMA      [mem 0x0000000000001000-0x0000000000ffffff]
[    0.092972]   DMA32    [mem 0x0000000001000000-0x000000007ffeffff]
[    0.092972]   Normal   empty
[    0.092973]   Device   empty
[    0.092974] Movable zone start for each node
[    0.092976] Early memory node ranges
[    0.092976]   node   0: [mem 0x0000000000001000-0x000000000009efff]
[    0.092977]   node   0: [mem 0x0000000000100000-0x000000007ffeffff]
[    0.092981] Zeroed struct page in unavailable ranges: 114 pages
[    0.092982] Initmem setup node 0 [mem 0x0000000000001000-0x000000007ffeffff]
[    0.092983] On node 0 totalpages: 524174
[    0.092984]   DMA zone: 64 pages used for memmap
[    0.092984]   DMA zone: 21 pages reserved
[    0.092985]   DMA zone: 3998 pages, LIFO batch:0
[    0.093062]   DMA32 zone: 8128 pages used for memmap
[    0.093063]   DMA32 zone: 520176 pages, LIFO batch:63
[    0.102076] ACPI: PM-Timer IO Port: 0x4008
[    0.102080] ACPI: Local APIC address 0xfee00000
[    0.102160] IOAPIC[0]: apic_id 1, version 32, address 0xfec00000, GSI 0-23
[    0.102164] ACPI: INT_SRC_OVR (bus 0 bus_irq 0 global_irq 2 dfl dfl)
[    0.102166] ACPI: INT_SRC_OVR (bus 0 bus_irq 9 global_irq 9 low level)
[    0.102168] ACPI: IRQ0 used by override.
[    0.102169] ACPI: IRQ9 used by override.
[    0.102171] Using ACPI (MADT) for SMP configuration information
[    0.102178] smpboot: Allowing 1 CPUs, 0 hotplug CPUs
[    0.102202] PM: Registered nosave memory: [mem 0x00000000-0x00000fff]
[    0.102204] PM: Registered nosave memory: [mem 0x0009f000-0x0009ffff]
[    0.102204] PM: Registered nosave memory: [mem 0x000a0000-0x000effff]
[    0.102205] PM: Registered nosave memory: [mem 0x000f0000-0x000fffff]
[    0.102207] [mem 0x80000000-0xfebfffff] available for PCI devices
[    0.102208] Booting paravirtualized kernel on KVM
[    0.102211] clocksource: refined-jiffies: mask: 0xffffffff max_cycles: 0xffffffff, max_idle_ns: 7645519600211568 ns
[    0.102216] setup_percpu: NR_CPUS:8192 nr_cpumask_bits:1 nr_cpu_ids:1 nr_node_ids:1
[    0.103227] percpu: Embedded 60 pages/cpu s208896 r8192 d28672 u2097152
[    0.103232] pcpu-alloc: s208896 r8192 d28672 u2097152 alloc=1*2097152
[    0.103233] pcpu-alloc: [0] 0 
[    0.103259] Built 1 zonelists, mobility grouping on.  Total pages: 515961
[    0.103260] Policy zone: DMA32
[    0.103261] Kernel command line: BOOT_IMAGE=/boot/vmlinuz-5.4.243-mptcp root=UUID=98415a12-53b7-4144-8265-0f7ece09e445 ro quiet splash
[    0.104099] Dentry cache hash table entries: 262144 (order: 9, 2097152 bytes, linear)
[    0.104246] Inode-cache hash table entries: 131072 (order: 8, 1048576 bytes, linear)
[    0.104296] mem auto-init: stack:off, heap alloc:on, heap free:off
[    0.104299] Calgary: detecting Calgary via BIOS EBDA area
[    0.104300] Calgary: Unable to locate Rio Grande table in EBDA - bailing!
[    0.108497] Memory: 1967332K/2096696K available (14339K kernel code, 2398K rwdata, 4712K rodata, 2728K init, 17260K bss, 129364K reserved, 0K cma-reserved)
[    0.109408] SLUB: HWalign=64, Order=0-3, MinObjects=0, CPUs=1, Nodes=1
[    0.109425] ftrace: allocating 43186 entries in 169 pages
[    0.127534] rcu: Hierarchical RCU implementation.
[    0.127536] rcu: 	RCU restricting CPUs from NR_CPUS=8192 to nr_cpu_ids=1.
[    0.127537] 	Tasks RCU enabled.
[    0.127538] rcu: RCU calculated value of scheduler-enlistment delay is 25 jiffies.
[    0.127539] rcu: Adjusting geometry for rcu_fanout_leaf=16, nr_cpu_ids=1
[    0.130494] NR_IRQS: 524544, nr_irqs: 256, preallocated irqs: 16
[    0.130715] random: crng init done
[    0.140165] Console: colour VGA+ 80x25
[    0.140170] printk: console [tty0] enabled
[    0.140195] ACPI: Core revision 20190816
[    0.140315] APIC: Switch to symmetric I/O mode setup
[    0.140567] x2apic enabled
[    0.140806] Switched APIC routing to physical x2apic.
[    0.141944] ..TIMER: vector=0x30 apic1=0 pin1=2 apic2=-1 pin2=-1
[    0.141971] clocksource: tsc-early: mask: 0xffffffffffffffff max_cycles: 0x1e4530a99b6, max_idle_ns: 440795257976 ns
[    0.141976] Calibrating delay loop (skipped) preset value.. 4200.00 BogoMIPS (lpj=8400000)
[    0.141979] pid_max: default: 32768 minimum: 301
[    0.142008] LSM: Security Framework initializing
[    0.142018] Yama: becoming mindful.
[    0.142045] AppArmor: AppArmor initialized
[    0.142079] Mount-cache hash table entries: 4096 (order: 3, 32768 bytes, linear)
[    0.142084] Mountpoint-cache hash table entries: 4096 (order: 3, 32768 bytes, linear)
[    0.142094] *** VALIDATE tmpfs ***
[    0.142223] *** VALIDATE proc ***
[    0.142263] *** VALIDATE cgroup1 ***
[    0.142264] *** VALIDATE cgroup2 ***
[    0.142407] process: using mwait in idle threads
[    0.142412] Last level iTLB entries: 4KB 64, 2MB 8, 4MB 8
[    0.142413] Last level dTLB entries: 4KB 64, 2MB 0, 4MB 0, 1GB 4
[    0.142434] Spectre V1 : Mitigation: usercopy/swapgs barriers and __user pointer sanitization
[    0.142440] Spectre V2 : Mitigation: Retpolines
[    0.142441] Spectre V2 : Spectre v2 / SpectreRSB mitigation: Filling RSB on context switch
[    0.142441] Spectre V2 : Spectre v2 / SpectreRSB : Filling RSB on VMEXIT
[    0.142442] RETBleed: WARNING: Spectre v2 mitigation leaves CPU vulnerable to RETBleed attacks, data leaks possible!
[    0.142796] RETBleed: Vulnerable
[    0.142796] Speculative Store Bypass: Vulnerable
[    0.142801] TAA: Mitigation: TSX disabled
[    0.142802] MMIO Stale Data: Mitigation: Clear CPU buffers
[    0.147057] Freeing SMP alternatives memory: 40K
[    0.259551] smpboot: CPU0: Intel(R) Xeon(R) Silver 4216 CPU @ 2.10GHz (family: 0x6, model: 0x55, stepping: 0x7)
[    0.259698] Performance Events: unsupported p6 CPU model 85 no PMU driver, software events only.
[    0.259736] rcu: Hierarchical SRCU implementation.
[    0.260217] NMI watchdog: Perf NMI watchdog permanently disabled
[    0.260256] smp: Bringing up secondary CPUs ...
[    0.260257] smp: Brought up 1 node, 1 CPU
[    0.260258] smpboot: Max logical packages: 1
[    0.260260] smpboot: Total of 1 processors activated (4200.00 BogoMIPS)
[    0.261236] devtmpfs: initialized
[    0.261285] x86/mm: Memory block size: 128MB
[    0.261635] clocksource: jiffies: mask: 0xffffffff max_cycles: 0xffffffff, max_idle_ns: 7645041785100000 ns
[    0.261641] futex hash table entries: 256 (order: 2, 16384 bytes, linear)
[    0.261687] pinctrl core: initialized pinctrl subsystem
[    0.261788] PM: RTC time: 17:18:08, date: 2026-01-16
[    0.261896] NET: Registered protocol family 16
[    0.261970] audit: initializing netlink subsys (disabled)
[    0.261973] EISA bus registered
[    0.261973] cpuidle: using governor ladder
[    0.261973] cpuidle: using governor menu
[    0.261973] ACPI: bus type PCI registered
[    0.261973] acpiphp: ACPI Hot Plug PCI Controller Driver version: 0.5
[    0.261973] PCI: Using configuration type 1 for base access
[    0.262300] audit: type=2000 audit(1768555094.718:1): state=initialized audit_enabled=0 res=1
[    0.262379] HugeTLB registered 2.00 MiB page size, pre-allocated 0 pages
[    0.263205] ACPI: Added _OSI(Module Device)
[    0.263205] ACPI: Added _OSI(Processor Device)
[    0.263206] ACPI: Added _OSI(3.0 _SCP Extensions)
[    0.263207] ACPI: Added _OSI(Processor Aggregator Device)
[    0.263208] ACPI: Added _OSI(Linux-Dell-Video)
[    0.263208] ACPI: Added _OSI(Linux-Lenovo-NV-HDMI-Audio)
[    0.263209] ACPI: Added _OSI(Linux-HPI-Hybrid-Graphics)
[    0.265150] ACPI: 2 ACPI AML tables successfully acquired and loaded
[    0.266663] ACPI: Interpreter enabled
[    0.266674] ACPI: (supports S0 S5)
[    0.266675] ACPI: Using IOAPIC for interrupt routing
[    0.266878] PCI: Using host bridge windows from ACPI; if necessary, use "pci=nocrs" and report a bug
[    0.266996] ACPI: Enabled 2 GPEs in block 00 to 07
[    0.272102] ACPI: PCI Root Bridge [PCI0] (domain 0000 [bus 00-ff])
[    0.272108] acpi PNP0A03:00: _OSC: OS supports [ASPM ClockPM Segments MSI HPX-Type3]
[    0.272552] acpi PNP0A03:00: _OSC: not requesting OS control; OS requires [ExtendedConfig ASPM ClockPM MSI]
[    0.272560] acpi PNP0A03:00: fail to add MMCONFIG information, can't access extended PCI configuration space under this bridge.
[    0.272930] PCI host bridge to bus 0000:00
[    0.272932] pci_bus 0000:00: root bus resource [io  0x0000-0x0cf7 window]
[    0.272933] pci_bus 0000:00: root bus resource [io  0x0d00-0xffff window]
[    0.272934] pci_bus 0000:00: root bus resource [mem 0x000a0000-0x000bffff window]
[    0.272936] pci_bus 0000:00: root bus resource [mem 0x80000000-0xfdffffff window]
[    0.272937] pci_bus 0000:00: root bus resource [bus 00-ff]
[    0.272979] pci 0000:00:00.0: [8086:1237] type 00 class 0x060000
[    0.273904] pci 0000:00:01.0: [8086:7000] type 00 class 0x060100
[    0.274694] pci 0000:00:01.1: [8086:7111] type 00 class 0x01018a
[    0.275076] pci 0000:00:01.1: reg 0x20: [io  0xd000-0xd00f]
[    0.275229] pci 0000:00:01.1: legacy IDE quirk: reg 0x10: [io  0x01f0-0x01f7]
[    0.275230] pci 0000:00:01.1: legacy IDE quirk: reg 0x14: [io  0x03f6]
[    0.275231] pci 0000:00:01.1: legacy IDE quirk: reg 0x18: [io  0x0170-0x0177]
[    0.275232] pci 0000:00:01.1: legacy IDE quirk: reg 0x1c: [io  0x0376]
[    0.275797] pci 0000:00:02.0: [15ad:0405] type 00 class 0x030000
[    0.278054] pci 0000:00:02.0: reg 0x10: [io  0xd010-0xd01f]
[    0.282022] pci 0000:00:02.0: reg 0x14: [mem 0xe0000000-0xe7ffffff pref]
[    0.284764] pci 0000:00:02.0: reg 0x18: [mem 0xf0000000-0xf01fffff]
[    0.294855] pci 0000:00:03.0: [1022:2000] type 00 class 0x020000
[    0.295644] pci 0000:00:03.0: reg 0x10: [io  0xd020-0xd03f]
[    0.298121] pci 0000:00:03.0: reg 0x14: [mem 0xf0200000-0xf0200fff]
[    0.302019] pci 0000:00:04.0: [80ee:cafe] type 00 class 0x088000
[    0.302717] pci 0000:00:04.0: reg 0x10: [io  0xd040-0xd05f]
[    0.303336] pci 0000:00:04.0: reg 0x14: [mem 0xf0400000-0xf07fffff]
[    0.303952] pci 0000:00:04.0: reg 0x18: [mem 0xf0800000-0xf0803fff pref]
[    0.307458] pci 0000:00:07.0: [8086:7113] type 00 class 0x068000
[    0.308002] pci 0000:00:07.0: quirk: [io  0x4000-0x403f] claimed by PIIX4 ACPI
[    0.308013] pci 0000:00:07.0: quirk: [io  0x4100-0x410f] claimed by PIIX4 SMB
[    0.308641] pci 0000:00:08.0: [8086:100e] type 00 class 0x020000
[    0.309419] pci 0000:00:08.0: reg 0x10: [mem 0xf0820000-0xf083ffff]
[    0.310692] pci 0000:00:08.0: reg 0x18: [io  0xd060-0xd067]
[    0.314034] pci 0000:00:09.0: [8086:100e] type 00 class 0x020000
[    0.314742] pci 0000:00:09.0: reg 0x10: [mem 0xf0840000-0xf085ffff]
[    0.315907] pci 0000:00:09.0: reg 0x18: [io  0xd068-0xd06f]
[    0.326865] ACPI: PCI Interrupt Link [LNKA] (IRQs 5 9 10 *11)
[    0.327143] ACPI: PCI Interrupt Link [LNKB] (IRQs 5 9 *10 11)
[    0.327247] ACPI: PCI Interrupt Link [LNKC] (IRQs 5 *9 10 11)
[    0.327346] ACPI: PCI Interrupt Link [LNKD] (IRQs 5 9 10 *11)
[    0.327624] iommu: Default domain type: Translated 
[    0.327685] pci 0000:00:02.0: vgaarb: setting as boot VGA device
[    0.327687] pci 0000:00:02.0: vgaarb: VGA device added: decodes=io+mem,owns=io+mem,locks=none
[    0.327689] pci 0000:00:02.0: vgaarb: bridge control possible
[    0.327690] vgaarb: loaded
[    0.327908] SCSI subsystem initialized
[    0.327940] libata version 3.00 loaded.
[    0.327965] ACPI: bus type USB registered
[    0.327981] usbcore: registered new interface driver usbfs
[    0.327987] usbcore: registered new interface driver hub
[    0.327992] usbcore: registered new device driver usb
[    0.328020] pps_core: LinuxPPS API ver. 1 registered
[    0.328020] pps_core: Software ver. 5.3.6 - Copyright 2005-2007 Rodolfo Giometti <giometti@linux.it>
[    0.328022] PTP clock support registered
[    0.328057] EDAC MC: Ver: 3.0.0
[    0.328340] PCI: Using ACPI for IRQ routing
[    0.328341] PCI: pci_cache_line_size set to 64 bytes
[    0.328510] e820: reserve RAM buffer [mem 0x0009fc00-0x0009ffff]
[    0.328514] e820: reserve RAM buffer [mem 0x7fff0000-0x7fffffff]
[    0.329300] NetLabel: Initializing
[    0.329301] NetLabel:  domain hash size = 128
[    0.329302] NetLabel:  protocols = UNLABELED CIPSOv4 CALIPSO
[    0.329321] NetLabel:  unlabeled traffic allowed by default
[    0.330130] clocksource: Switched to clocksource kvm-clock
[    0.344793] *** VALIDATE bpf ***
[    0.344859] VFS: Disk quotas dquot_6.6.0
[    0.344872] VFS: Dquot-cache hash table entries: 512 (order 0, 4096 bytes)
[    0.344896] *** VALIDATE ramfs ***
[    0.344899] *** VALIDATE hugetlbfs ***
[    0.344985] AppArmor: AppArmor Filesystem Enabled
[    0.345015] pnp: PnP ACPI init
[    0.345087] pnp 00:00: Plug and Play ACPI device, IDs PNP0303 (active)
[    0.345156] pnp 00:01: Plug and Play ACPI device, IDs PNP0f03 (active)
[    0.345889] pnp: PnP ACPI: found 2 devices
[    0.346838] thermal_sys: Registered thermal governor 'fair_share'
[    0.346838] thermal_sys: Registered thermal governor 'bang_bang'
[    0.346839] thermal_sys: Registered thermal governor 'step_wise'
[    0.346839] thermal_sys: Registered thermal governor 'user_space'
[    0.346840] thermal_sys: Registered thermal governor 'power_allocator'
[    0.351371] clocksource: acpi_pm: mask: 0xffffff max_cycles: 0xffffff, max_idle_ns: 2085701024 ns
[    0.351414] pci_bus 0000:00: resource 4 [io  0x0000-0x0cf7 window]
[    0.351415] pci_bus 0000:00: resource 5 [io  0x0d00-0xffff window]
[    0.351416] pci_bus 0000:00: resource 6 [mem 0x000a0000-0x000bffff window]
[    0.351417] pci_bus 0000:00: resource 7 [mem 0x80000000-0xfdffffff window]
[    0.351480] NET: Registered protocol family 2
[    0.351556] IP idents hash table entries: 32768 (order: 6, 262144 bytes, linear)
[    0.351967] MPTCP tokens hash table entries: 8192 (order: 4, 65536 bytes, linear)
[    0.351987] MPTCP request tokens hash table entries: 8192 (order: 4, 65536 bytes, linear)
[    0.352012] default registered
[    0.352013] default registered
[    0.352013] MPTCP: Stable release v0.96
[    0.352018] tcp_listen_portaddr_hash hash table entries: 1024 (order: 2, 16384 bytes, linear)
[    0.352099] TCP established hash table entries: 16384 (order: 5, 131072 bytes, linear)
[    0.352165] TCP bind hash table entries: 16384 (order: 6, 262144 bytes, linear)
[    0.352190] TCP: Hash tables configured (established 16384 bind 16384)
[    0.352894] UDP hash table entries: 1024 (order: 3, 32768 bytes, linear)
[    0.352906] UDP-Lite hash table entries: 1024 (order: 3, 32768 bytes, linear)
[    0.352943] NET: Registered protocol family 1
[    0.352953] NET: Registered protocol family 44
[    0.352975] pci 0000:00:00.0: Limiting direct PCI/PCI transfers
[    0.352988] pci 0000:00:01.0: Activating ISA DMA hang workarounds
[    0.353044] pci 0000:00:02.0: Video device with shadowed ROM at [mem 0x000c0000-0x000dffff]
[    0.353108] PCI: CLS 0 bytes, default 64
[    0.353157] Trying to unpack rootfs image as initramfs...
[    0.533994] Freeing initrd memory: 47868K
[    0.534085] clocksource: tsc: mask: 0xffffffffffffffff max_cycles: 0x1e4530a99b6, max_idle_ns: 440795257976 ns
[    0.534095] clocksource: Switched to clocksource tsc
[    0.534135] platform rtc_cmos: registered platform RTC device (no PNP device found)
[    0.534165] check: Scanning for low memory corruption every 60 seconds
[    0.534474] Initialise system trusted keyrings
[    0.534484] Key type blacklist registered
[    0.534527] workingset: timestamp_bits=36 max_order=19 bucket_order=0
[    0.535852] zbud: loaded
[    0.536208] squashfs: version 4.0 (2009/01/31) Phillip Lougher
[    0.536340] fuse: init (API version 7.31)
[    0.536357] *** VALIDATE fuse ***
[    0.536358] *** VALIDATE fuse ***
[    0.536462] Platform Keyring initialized
[    0.537328] Key type asymmetric registered
[    0.537328] Asymmetric key parser 'x509' registered
[    0.537328] Block layer SCSI generic (bsg) driver version 0.4 loaded (major 244)
[    0.537328] io scheduler mq-deadline registered
[    0.537328] shpchp: Standard Hot Plug PCI Controller Driver version: 0.4
[    0.539834] ACPI: AC Adapter [AC] (on-line)
[    0.539880] input: Power Button as /devices/LNXSYSTM:00/LNXPWRBN:00/input/input0
[    0.539907] ACPI: Power Button [PWRF]
[    0.539994] input: Sleep Button as /devices/LNXSYSTM:00/LNXSLPBN:00/input/input1
[    0.540010] ACPI: Sleep Button [SLPF]
[    0.540238] Serial: 8250/16550 driver, 32 ports, IRQ sharing enabled
[    0.541385] Linux agpgart interface v0.103
[    0.631336] loop: module loaded
[    0.631548] ata_piix 0000:00:01.1: version 2.13
[    0.632072] scsi host0: ata_piix
[    0.632191] scsi host1: ata_piix
[    0.632227] ata1: PATA max UDMA/33 cmd 0x1f0 ctl 0x3f6 bmdma 0xd000 irq 14
[    0.632228] ata2: PATA max UDMA/33 cmd 0x170 ctl 0x376 bmdma 0xd008 irq 15
[    0.632333] tun: Universal TUN/TAP device driver, 1.6
[    0.632692] PPP generic driver version 2.4.2
[    0.632746] VFIO - User Level meta-driver version: 0.3
[    0.633022] ehci_hcd: USB 2.0 'Enhanced' Host Controller (EHCI) Driver
[    0.633028] ehci-pci: EHCI PCI platform driver
[    0.633047] ehci-platform: EHCI generic platform driver
[    0.633054] ohci_hcd: USB 1.1 'Open' Host Controller (OHCI) Driver
[    0.633057] ohci-pci: OHCI PCI platform driver
[    0.633068] ohci-platform: OHCI generic platform driver
[    0.633074] uhci_hcd: USB Universal Host Controller Interface driver
[    0.633154] i8042: PNP: PS/2 Controller [PNP0303:PS2K,PNP0f03:PS2M] at 0x60,0x64 irq 1,12
[    0.633680] serio: i8042 KBD port at 0x60,0x64 irq 1
[    0.633685] serio: i8042 AUX port at 0x60,0x64 irq 12
[    0.633802] mousedev: PS/2 mouse device common for all mice
[    0.634127] input: AT Translated Set 2 keyboard as /devices/platform/i8042/serio0/input/input2
[    0.634605] rtc_cmos rtc_cmos: registered as rtc0
[    0.634622] rtc_cmos rtc_cmos: alarms up to one day, 114 bytes nvram
[    0.634628] i2c /dev entries driver
[    0.634681] device-mapper: uevent: version 1.0.3
[    0.634736] device-mapper: ioctl: 4.41.0-ioctl (2019-09-16) initialised: dm-devel@redhat.com
[    0.634756] platform eisa.0: Probing EISA bus 0
[    0.634758] platform eisa.0: EISA: Cannot allocate resource for mainboard
[    0.634759] platform eisa.0: Cannot allocate resource for EISA slot 1
[    0.634761] platform eisa.0: Cannot allocate resource for EISA slot 2
[    0.634762] platform eisa.0: Cannot allocate resource for EISA slot 3
[    0.634764] platform eisa.0: Cannot allocate resource for EISA slot 4
[    0.634765] platform eisa.0: Cannot allocate resource for EISA slot 5
[    0.634766] platform eisa.0: Cannot allocate resource for EISA slot 6
[    0.634768] platform eisa.0: Cannot allocate resource for EISA slot 7
[    0.634769] platform eisa.0: Cannot allocate resource for EISA slot 8
[    0.634770] platform eisa.0: EISA: Detected 0 cards
[    0.634774] intel_pstate: CPU model not supported
[    0.634786] ledtrig-cpu: registered to indicate activity on CPUs
[    0.634854] drop_monitor: Initializing network drop monitor service
[    0.635066] NET: Registered protocol family 10
[    0.639696] Segment Routing with IPv6
[    0.639696] fullmesh registered
[    0.639696] ndiffports registered
[    0.639696] binder registered
[    0.639696] roundrobin registered
[    0.639696] redundant registered
[    0.639696] blest registered
[    0.639696] ecf registered
[    0.639696] NET: Registered protocol family 17
[    0.639696] Key type dns_resolver registered
[    0.639696] RAS: Correctable Errors collector initialized.
[    0.639696] IPI shorthand broadcast: enabled
[    0.639696] sched_clock: Marking stable (624428361, 11267928)->(635517300, 178989)
[    0.642284] registered taskstats version 1
[    0.642297] Loading compiled-in X.509 certificates
[    0.643231] Loaded X.509 cert 'Build time autogenerated kernel key: 6909f3744cebb3d0de528d5887b96a727de79b1e'
[    0.643254] zswap: loaded using pool lzo/zbud
[    0.643324] Key type ._fscrypt registered
[    0.643325] Key type .fscrypt registered
[    0.649274] Key type big_key registered
[    0.652286] Key type encrypted registered
[    0.652289] AppArmor: AppArmor sha1 policy hashing enabled
[    0.652299] ima: No TPM chip found, activating TPM-bypass!
[    0.652305] ima: Allocated hash algorithm: sha1
[    0.652311] ima: No architecture policies found
[    0.652324] evm: Initialising EVM extended attributes:
[    0.652325] evm: security.selinux
[    0.652326] evm: security.SMACK64
[    0.652326] evm: security.SMACK64EXEC
[    0.652327] evm: security.SMACK64TRANSMUTE
[    0.652327] evm: security.SMACK64MMAP
[    0.652328] evm: security.apparmor
[    0.652329] evm: security.ima
[    0.652329] evm: security.capability
[    0.652330] evm: HMAC attrs: 0x1
[    0.652688] PM:   Magic number: 10:246:340
[    0.652797] rtc_cmos rtc_cmos: setting system clock to 2026-01-16T17:18:09 UTC (1768583889)
[    0.803273] ata1.00: ATA-6: VBOX HARDDISK, 1.0, max UDMA/133
[    0.803275] ata1.00: 209715200 sectors, multi 128: LBA 
[    0.803761] scsi 0:0:0:0: Direct-Access     ATA      VBOX HARDDISK    1.0  PQ: 0 ANSI: 5
[    0.803962] sd 0:0:0:0: [sda] 209715200 512-byte logical blocks: (107 GB/100 GiB)
[    0.803971] sd 0:0:0:0: [sda] Write Protect is off
[    0.803973] sd 0:0:0:0: [sda] Mode Sense: 00 3a 00 00
[    0.803985] sd 0:0:0:0: [sda] Write cache: enabled, read cache: enabled, doesn't support DPO or FUA
[    0.804202] sd 0:0:0:0: Attached scsi generic sg0 type 0
[    0.805131]  sda: sda1 sda2
[    0.815411] sd 0:0:0:0: [sda] Attached SCSI disk
[    0.817534] Freeing unused decrypted memory: 2040K
[    0.818266] Freeing unused kernel image memory: 2728K
[    0.818268] Write protecting the kernel read-only data: 22528k
[    0.818997] Freeing unused kernel image memory: 2036K
[    0.819428] Freeing unused kernel image memory: 1432K
[    0.835724] x86/mm: Checked W+X mappings: passed, no W+X pages found.
[    0.835729] Run /init as init process
[    0.938708] ACPI: Video Device [GFX0] (multi-head: yes  rom: no  post: no)
[    0.938782] input: Video Bus as /devices/LNXSYSTM:00/LNXSYBUS:00/PNP0A03:00/LNXVIDEO:00/input/input4
[    0.952738] pcnet32: pcnet32.c:v1.35 21.Apr.2008 tsbogend@alpha.franken.de
[    0.953556] pcnet32: PCnet/FAST III 79C973 at 0xd020, 08:00:27:30:87:56 assigned IRQ 19
[    0.953601] pcnet32: Found PHY 0022:561b at address 0
[    0.953907] pcnet32: eth0: registered as PCnet/FAST III 79C973
[    0.954721] pcnet32: 1 cards_found
[    0.956070] piix4_smbus 0000:00:07.0: SMBus Host Controller at 0x4100, revision 0
[    0.959717] e1000: Intel(R) PRO/1000 Network Driver - version 7.3.21-k8-NAPI
[    0.959718] e1000: Copyright (c) 1999-2006 Intel Corporation.
[    1.032937] pcnet32 0000:00:03.0 enp0s3: renamed from eth0
[    1.173593] input: ImExPS/2 Generic Explorer Mouse as /devices/platform/i8042/serio1/input/input5
[    1.367557] e1000 0000:00:08.0 eth0: (PCI:33MHz:32-bit) 08:00:27:96:7b:c7
[    1.367561] e1000 0000:00:08.0 eth0: Intel(R) PRO/1000 Network Connection
[    1.739681] e1000 0000:00:09.0 eth1: (PCI:33MHz:32-bit) 08:00:27:ab:a7:5e
[    1.739684] e1000 0000:00:09.0 eth1: Intel(R) PRO/1000 Network Connection
[    1.740822] e1000 0000:00:09.0 enp0s9: renamed from eth1
[    1.742593] e1000 0000:00:08.0 enp0s8: renamed from eth0
[    1.914542] EXT4-fs (sda2): mounted filesystem with ordered data mode. Opts: (null)
[    2.007896] systemd[1]: Inserted module 'autofs4'
[    2.020030] systemd[1]: systemd 245.4-4ubuntu3 running in system mode. (+PAM +AUDIT +SELINUX +IMA +APPARMOR +SMACK +SYSVINIT +UTMP +LIBCRYPTSETUP +GCRYPT +GNUTLS +ACL +XZ +LZ4 +SECCOMP +BLKID +ELFUTILS +KMOD +IDN2 -IDN +PCRE2 default-hierarchy=hybrid)
[    2.020061] systemd[1]: Detected virtualization oracle.
[    2.020067] systemd[1]: Detected architecture x86-64.
[    2.021366] systemd[1]: Set hostname to <ztg>.
[    2.148164] systemd[1]: /lib/systemd/system/dbus.socket:5: ListenStream= references a path below legacy directory /var/run/, updating /var/run/dbus/system_bus_socket â†’ /run/dbus/system_bus_socket; please update the unit file accordingly.
[    2.199944] systemd[1]: Created slice system-modprobe.slice.
[    2.200131] systemd[1]: Created slice User and Session Slice.
[    2.200179] systemd[1]: Started Forward Password Requests to Wall Directory Watch.
[    2.200359] systemd[1]: Set up automount Arbitrary Executable File Formats File System Automount Point.
[    2.200395] systemd[1]: Reached target User and Group Name Lookups.
[    2.200404] systemd[1]: Reached target Remote File Systems.
[    2.200414] systemd[1]: Reached target Slices.
[    2.200912] systemd[1]: Listening on Syslog Socket.
[    2.200979] systemd[1]: Listening on fsck to fsckd communication Socket.
[    2.201017] systemd[1]: Listening on initctl Compatibility Named Pipe.
[    2.201153] systemd[1]: Listening on Journal Audit Socket.
[    2.201205] systemd[1]: Listening on Journal Socket (/dev/log).
[    2.201273] systemd[1]: Listening on Journal Socket.
[    2.201338] systemd[1]: Listening on udev Control Socket.
[    2.201379] systemd[1]: Listening on udev Kernel Socket.
[    2.202144] systemd[1]: Mounting Huge Pages File System...
[    2.203070] systemd[1]: Mounting POSIX Message Queue File System...
[    2.204026] systemd[1]: Mounting Kernel Debug File System...
[    2.204859] systemd[1]: Mounting Kernel Trace File System...
[    2.206774] systemd[1]: Starting Journal Service...
[    2.229454] systemd[1]: Starting Set the console keyboard layout...
[    2.240702] systemd[1]: Starting Create list of static device nodes for the current kernel...
[    2.243068] systemd[1]: Starting Load Kernel Module drm...
[    2.246659] systemd[1]: Condition check resulted in Set Up Additional Binary Formats being skipped.
[    2.251458] systemd[1]: Condition check resulted in File System Check on Root Device being skipped.
[    2.255520] systemd[1]: Starting Load Kernel Modules...
[    2.259524] systemd[1]: Starting Remount Root and Kernel File Systems...
[    2.273694] systemd[1]: Starting udev Coldplug all Devices...
[    2.280290] systemd[1]: Starting Uncomplicated firewall...
[    2.281893] systemd[1]: Mounted Huge Pages File System.
[    2.281980] systemd[1]: Mounted POSIX Message Queue File System.
[    2.282056] systemd[1]: Mounted Kernel Debug File System.
[    2.282124] systemd[1]: Mounted Kernel Trace File System.
[    2.321798] EXT4-fs (sda2): re-mounted. Opts: errors=remount-ro
[    2.327026] systemd[1]: Finished Create list of static device nodes for the current kernel.
[    2.328192] systemd[1]: modprobe@drm.service: Succeeded.
[    2.335886] systemd[1]: Finished Load Kernel Module drm.
[    2.336312] systemd[1]: Finished Remount Root and Kernel File Systems.
[    2.337359] systemd[1]: Finished Uncomplicated firewall.
[    2.348599] systemd[1]: Condition check resulted in Rebuild Hardware Database being skipped.
[    2.348646] systemd[1]: Condition check resulted in Platform Persistent Storage Archival being skipped.
[    2.349407] systemd[1]: Starting Load/Save Random Seed...
[    2.350905] lp: driver loaded but no devices found
[    2.356854] systemd[1]: Starting Create System Users...
[    2.367118] systemd[1]: Finished Load/Save Random Seed.
[    2.368942] ppdev: user-space parallel port driver
[    2.375653] systemd[1]: Finished Create System Users.
[    2.376465] systemd[1]: Starting Create Static Device Nodes in /dev...
[    2.399425] systemd[1]: Finished Create Static Device Nodes in /dev.
[    2.400322] systemd[1]: Starting udev Kernel Device Manager...
[    2.430275] systemd[1]: Finished udev Coldplug all Devices.
[    2.456573] [drm] DMA map mode: Caching DMA mappings.
[    2.456635] [drm] Capabilities:
[    2.456635] [drm]   Rect copy.
[    2.456636] [drm]   Cursor.
[    2.456636] [drm]   Cursor bypass.
[    2.456637] [drm]   Cursor bypass 2.
[    2.456637] [drm]   Alpha cursor.
[    2.456637] [drm]   Extended Fifo.
[    2.456638] [drm]   Pitchlock.
[    2.456638] [drm]   Irq mask.
[    2.456638] [drm]   GMR.
[    2.456639] [drm]   Traces.
[    2.456639] [drm]   GMR2.
[    2.456639] [drm]   Screen Object 2.
[    2.456640] [drm]   Command Buffers.
[    2.456640] [drm]   Command Buffers 2.
[    2.456641] [drm]   Guest Backed Resources.
[    2.456642] [drm] Max GMR ids is 8192
[    2.456642] [drm] Max number of GMR pages is 1048576
[    2.456643] [drm] Max dedicated hypervisor surface memory is 393216 kiB
[    2.456643] [drm] Maximum display memory size is 131072 kiB
[    2.456644] [drm] VRAM at 0xe0000000 size is 131072 kiB
[    2.456645] [drm] MMIO at 0xf0000000 size is 2048 kiB
[    2.458187] [TTM] Zone  kernel: Available graphics memory: 1011738 KiB
[    2.458188] [TTM] Initializing pool allocator
[    2.458192] [TTM] Initializing DMA pool allocator
[    2.458223] [drm] Supports vblank timestamp caching Rev 2 (21.10.2013).
[    2.458224] [drm] No driver support for vblank timestamp query.
[    2.458581] [drm] Screen Target Display device initialized
[    2.458814] [drm] width 720
[    2.458822] [drm] height 400
[    2.458826] [drm] bpp 32
[    2.459407] [drm] Fifo max 0x00200000 min 0x00001000 cap 0x00000355
[    2.460580] [drm] Using command buffers with DMA pool.
[    2.460584] [drm] DX: no.
[    2.460584] [drm] Atomic: yes.
[    2.460585] [drm] SM4_1: no.
[    2.460605] [drm:vmw_host_log [vmwgfx]] *ERROR* Failed to send host log message.
[    2.461500] [drm:vmw_host_log [vmwgfx]] *ERROR* Failed to send host log message.
[    2.476640] fbcon: svgadrmfb (fb0) is primary device
[    2.478784] Console: switching to colour frame buffer device 100x37
[    2.493471] [drm] Initialized vmwgfx 2.15.0 20180704 for 0000:00:02.0 on minor 0
[    2.495675] systemd[1]: Finished Load Kernel Modules.
[    2.496625] systemd[1]: Mounting FUSE Control File System...
[    2.497827] systemd[1]: Mounting Kernel Configuration File System...
[    2.509867] systemd[1]: Starting Apply Kernel Variables...
[    2.520443] systemd[1]: Mounted FUSE Control File System.
[    2.520516] systemd[1]: Condition check resulted in VMware vmblock fuse mount being skipped.
[    2.524847] systemd[1]: Mounted Kernel Configuration File System.
[    2.528238] systemd[1]: Finished Set the console keyboard layout.
[    2.528329] systemd[1]: Reached target Local File Systems (Pre).
[    2.530914] systemd[1]: Mounting Mount unit for bare, revision 5...
[    2.541686] systemd[1]: Mounting Mount unit for core18, revision 1705...
[    2.569626] systemd[1]: Mounting Mount unit for gnome-3-34-1804, revision 24...
[    2.573711] systemd[1]: Mounting Mount unit for gtk-common-themes, revision 1506...
[    2.577876] systemd[1]: Mounting Mount unit for gtk-common-themes, revision 1535...
[    2.588609] systemd[1]: Mounting Mount unit for snap-store, revision 433...
[    2.592857] systemd[1]: Mounting Mount unit for snapd, revision 25935...
[    2.612178] systemd[1]: Finished Apply Kernel Variables.
[    2.613151] systemd[1]: Mounted Mount unit for bare, revision 5.
[    2.626566] systemd[1]: Mounted Mount unit for gnome-3-34-1804, revision 24.
[    2.632119] systemd[1]: Mounted Mount unit for core18, revision 1705.
[    2.632246] systemd[1]: Mounted Mount unit for gtk-common-themes, revision 1506.
[    2.634004] systemd[1]: Started udev Kernel Device Manager.
[    2.634790] systemd[1]: Starting Show Plymouth Boot Screen...
[    2.641611] systemd[1]: Received SIGRTMIN+20 from PID 284 (plymouthd).
[    2.667439] systemd[1]: Started Show Plymouth Boot Screen.
[    2.667651] systemd[1]: Condition check resulted in Dispatch Password Requests to Console Directory Watch being skipped.
[    2.667738] systemd[1]: Started Forward Password Requests to Plymouth Directory Watch.
[    2.667833] systemd[1]: Reached target Local Encrypted Volumes.
[    2.685855] systemd[1]: Mounted Mount unit for gtk-common-themes, revision 1535.
[    2.686111] systemd[1]: Mounted Mount unit for snap-store, revision 433.
[    2.686293] systemd[1]: Mounted Mount unit for snapd, revision 25935.
[    2.686438] systemd[1]: Reached target Local File Systems.
[    2.699898] systemd[1]: Starting Load AppArmor profiles...
[    2.700824] systemd[1]: Starting Set console font and keymap...
[    2.711816] systemd[1]: Starting Tell Plymouth To Write Out Runtime Data...
[    2.715891] systemd[1]: Condition check resulted in Store a System Token in an EFI Variable being skipped.
[    2.715945] systemd[1]: Condition check resulted in Commit a transient machine-id on disk being skipped.
[    2.718398] systemd[1]: Finished Set console font and keymap.
[    2.728154] systemd[1]: Received SIGRTMIN+20 from PID 284 (plymouthd).
[    2.729545] systemd[1]: plymouth-read-write.service: Succeeded.
[    2.729787] systemd[1]: Finished Tell Plymouth To Write Out Runtime Data.
[    2.762803] audit: type=1400 audit(1768583891.604:2): apparmor="STATUS" operation="profile_load" profile="unconfined" name="nvidia_modprobe" pid=298 comm="apparmor_parser"
[    2.762805] audit: type=1400 audit(1768583891.604:3): apparmor="STATUS" operation="profile_load" profile="unconfined" name="nvidia_modprobe//kmod" pid=298 comm="apparmor_parser"
[    2.768300] audit: type=1400 audit(1768583891.612:4): apparmor="STATUS" operation="profile_load" profile="unconfined" name="/usr/sbin/tcpdump" pid=299 comm="apparmor_parser"
[    2.809285] audit: type=1400 audit(1768583891.648:5): apparmor="STATUS" operation="profile_load" profile="unconfined" name="/usr/bin/evince" pid=301 comm="apparmor_parser"
[    2.809287] audit: type=1400 audit(1768583891.648:6): apparmor="STATUS" operation="profile_load" profile="unconfined" name="/usr/bin/evince//sanitized_helper" pid=301 comm="apparmor_parser"
[    2.809289] audit: type=1400 audit(1768583891.648:7): apparmor="STATUS" operation="profile_load" profile="unconfined" name="/usr/bin/evince-previewer" pid=301 comm="apparmor_parser"
[    2.809292] audit: type=1400 audit(1768583891.648:8): apparmor="STATUS" operation="profile_load" profile="unconfined" name="/usr/bin/evince-previewer//sanitized_helper" pid=301 comm="apparmor_parser"
[    2.809293] audit: type=1400 audit(1768583891.648:9): apparmor="STATUS" operation="profile_load" profile="unconfined" name="/usr/bin/evince-thumbnailer" pid=301 comm="apparmor_parser"
[    2.821872] audit: type=1400 audit(1768583891.664:10): apparmor="STATUS" operation="profile_load" profile="unconfined" name="/usr/lib/cups/backend/cups-pdf" pid=303 comm="apparmor_parser"
[    2.898843] systemd[1]: Finished Load AppArmor profiles.
[    2.899871] systemd[1]: Starting Load AppArmor profiles managed internally by snapd...
[    3.013047] systemd[1]: Finished Load AppArmor profiles managed internally by snapd.
[    3.210947] systemd[1]: Started Journal Service.
[    3.219315] systemd-journald[229]: Received client request to flush runtime journal.
[    3.223735] systemd-journald[229]: File /var/log/journal/c455b248004a419c87ce85eea238d727/system.journal corrupted or uncleanly shut down, renaming and replacing.
[    4.571722] RAPL PMU: API unit is 2^-32 Joules, 0 fixed counters, 10737418240 ms ovfl timer
[    4.647395] cryptd: max_cpu_qlen set to 1000
[    4.705656] AVX2 version of gcm_enc/dec engaged.
[    4.705657] AES CTR mode by8 optimization enabled
[    6.535414] Adding 1998844k swap on /dev/sda1.  Priority:-2 extents:1 across:1998844k FS
[    8.169249] kauditd_printk_skb: 30 callbacks suppressed
[    8.169250] audit: type=1400 audit(1768583897.012:41): apparmor="DENIED" operation="capable" profile="/usr/sbin/cups-browsed" pid=508 comm="cups-browsed" capability=23  capname="sys_nice"
[    9.064107] pcnet32 0000:00:03.0 enp0s3: link up, 100Mbps, full-duplex
[    9.089054] e1000: enp0s8 NIC Link is Up 1000 Mbps Full Duplex, Flow Control: RX
[    9.091413] IPv6: ADDRCONF(NETDEV_CHANGE): enp0s8: link becomes ready
[    9.120447] e1000: enp0s9 NIC Link is Up 1000 Mbps Full Duplex, Flow Control: RX
[    9.764613] device enp0s3 entered promiscuous mode
[    9.783445] audit: type=1400 audit(1768583898.616:42): apparmor="DENIED" operation="open" profile="/usr/sbin/tcpdump" name="/proc/sys/kernel/random/boot_id" pid=656 comm="tcpdump" requested_mask="r" denied_mask="r" fsuid=0 ouid=0
[    9.787654] audit: type=1400 audit(1768583898.632:43): apparmor="DENIED" operation="open" profile="/usr/sbin/tcpdump" name="/proc/sys/kernel/random/boot_id" pid=656 comm="tcpdump" requested_mask="r" denied_mask="r" fsuid=0 ouid=0
[    9.787720] audit: type=1400 audit(1768583898.632:44): apparmor="DENIED" operation="open" profile="/usr/sbin/tcpdump" name="/proc/sys/kernel/random/boot_id" pid=656 comm="tcpdump" requested_mask="r" denied_mask="r" fsuid=0 ouid=0
[    9.787814] audit: type=1400 audit(1768583898.632:45): apparmor="DENIED" operation="open" profile="/usr/sbin/tcpdump" name="/proc/sys/kernel/random/boot_id" pid=656 comm="tcpdump" requested_mask="r" denied_mask="r" fsuid=0 ouid=0
[    9.793037] audit: type=1400 audit(1768583898.636:46): apparmor="DENIED" operation="open" profile="/usr/sbin/tcpdump" name="/proc/sys/kernel/random/boot_id" pid=657 comm="tcpdump" requested_mask="r" denied_mask="r" fsuid=0 ouid=0
[    9.793266] audit: type=1400 audit(1768583898.636:47): apparmor="DENIED" operation="open" profile="/usr/sbin/tcpdump" name="/proc/sys/kernel/random/boot_id" pid=657 comm="tcpdump" requested_mask="r" denied_mask="r" fsuid=0 ouid=0
[    9.793308] audit: type=1400 audit(1768583898.636:48): apparmor="DENIED" operation="open" profile="/usr/sbin/tcpdump" name="/proc/sys/kernel/random/boot_id" pid=657 comm="tcpdump" requested_mask="r" denied_mask="r" fsuid=0 ouid=0
[    9.793486] audit: type=1400 audit(1768583898.636:49): apparmor="DENIED" operation="open" profile="/usr/sbin/tcpdump" name="/proc/sys/kernel/random/boot_id" pid=657 comm="tcpdump" requested_mask="r" denied_mask="r" fsuid=0 ouid=0
[   15.882346] rfkill: input handler disabled
[  102.212341] rfkill: input handler enabled
[  110.604843] rfkill: input handler disabled
[  207.955894] AAAAA-TCP_SEND: name:enp0s3: saddr:100932208: daddr:16783984: srtt_us:0: RTT:0: ssthresh:2147483647: cwnd:10: delivered:0: lost:1: retrans:0
[  209.423284] AAAAA-TCP_SEND: name:enp0s3: saddr:100932208: daddr:16783984: srtt_us:0: RTT:0: ssthresh:2147483647: cwnd:10: delivered:0: lost:0: retrans:0
[  209.530427] AAAAA-TCP_SEND: name:enp0s3: saddr:100932208: daddr:16783984: srtt_us:0: RTT:0: ssthresh:-1: cwnd:-1238422480: delivered:0: lost:0: retrans:0
[  209.828106] AAAAA-TCP_SEND: name:enp0s3: saddr:100932208: daddr:16783984: srtt_us:0: RTT:0: ssthresh:-1: cwnd:-1238422480: delivered:0: lost:0: retrans:0
[  209.882226] AAAAA-TCP_RECV: name:enp0s3: saddr:16783984: daddr:100932208: srtt_us:0: RTT:0: ssthresh:2147483647: cwnd:10: delivered:0: lost:0: retrans:0
[  209.882301] AAAAA-TCP_SEND: name:enp0s3: saddr:100932208: daddr:16783984: srtt_us:6128960: RTT:766120: ssthresh:2147483647: cwnd:10: delivered:1: lost:0: retrans:0
[  209.882441] AAAAA-TCP_SEND: name:enp0s3: saddr:100932208: daddr:16783984: srtt_us:6128960: RTT:766120: ssthresh:2147483647: cwnd:10: delivered:1: lost:0: retrans:0
[  210.198500] AAAAA-TCP_RECV: name:enp0s3: saddr:16783984: daddr:100932208: srtt_us:6128960: RTT:766120: ssthresh:2147483647: cwnd:10: delivered:1: lost:0: retrans:0
[  210.230035] AAAAA-TCP_RECV: name:enp0s3: saddr:16783984: daddr:100932208: srtt_us:6128960: RTT:766120: ssthresh:2147483647: cwnd:10: delivered:1: lost:0: retrans:0
[  210.230140] AAAAA-TCP_SEND: name:enp0s3: saddr:100932208: daddr:33561200: srtt_us:0: RTT:0: ssthresh:2147483647: cwnd:10: delivered:0: lost:0: retrans:0
[  210.285243] AAAAA-TCP_RECV: name:enp0s3: saddr:16783984: daddr:100932208: srtt_us:5710457: RTT:713807: ssthresh:2147483647: cwnd:10: delivered:2: lost:0: retrans:0
[  210.285284] AAAAA-TCP_SEND: name:enp0s3: saddr:100932208: daddr:16783984: srtt_us:5710457: RTT:713807: ssthresh:2147483647: cwnd:10: delivered:2: lost:0: retrans:0
[  210.285492] AAAAA-TCP_SEND: name:enp0s3: saddr:100932208: daddr:16783984: srtt_us:5710457: RTT:713807: ssthresh:2147483647: cwnd:10: delivered:2: lost:0: retrans:0
[  210.605123] AAAAA-TCP_RECV: name:enp0s3: saddr:33561200: daddr:100932208: srtt_us:0: RTT:0: ssthresh:2147483647: cwnd:10: delivered:0: lost:0: retrans:0
[  210.605181] AAAAA-TCP_SEND: name:enp0s3: saddr:100932208: daddr:33561200: srtt_us:3000112: RTT:375014: ssthresh:2147483647: cwnd:10: delivered:1: lost:0: retrans:0
[  210.917996] AAAAA-TCP_RECV: name:enp0s3: saddr:16783984: daddr:100932208: srtt_us:5710457: RTT:713807: ssthresh:2147483647: cwnd:10: delivered:2: lost:0: retrans:0
[  210.918045] AAAAA-TCP_SEND: name:enp0s3: saddr:100932208: daddr:16783984: srtt_us:5710457: RTT:713807: ssthresh:2147483647: cwnd:10: delivered:2: lost:0: retrans:0
[  211.022255] AAAAA-TCP_RECV: name:enp0s3: saddr:33561200: daddr:100932208: srtt_us:3000112: RTT:375014: ssthresh:2147483647: cwnd:10: delivered:1: lost:0: retrans:0
[  211.064172] AAAAA-TCP_RECV: name:enp0s3: saddr:16783984: daddr:100932208: srtt_us:5629198: RTT:703649: ssthresh:2147483647: cwnd:10: delivered:3: lost:0: retrans:0
[  211.120552] AAAAA-TCP_RECV: name:enp0s3: saddr:33561200: daddr:100932208: srtt_us:3000112: RTT:375014: ssthresh:2147483647: cwnd:10: delivered:1: lost:0: retrans:0
[  211.120590] AAAAA-TCP_SEND: name:enp0s3: saddr:100932208: daddr:33561200: srtt_us:3000112: RTT:375014: ssthresh:2147483647: cwnd:10: delivered:1: lost:0: retrans:0
[  211.120748] AAAAA-TCP_SEND: name:enp0s3: saddr:100932208: daddr:16783984: srtt_us:0: RTT:0: ssthresh:2147483647: cwnd:10: delivered:0: lost:0: retrans:0
[  211.453306] AAAAA-TCP_RECV: name:enp0s3: saddr:16783984: daddr:100932208: srtt_us:0: RTT:0: ssthresh:2147483647: cwnd:10: delivered:0: lost:0: retrans:0
[  211.453384] AAAAA-TCP_SEND: name:enp0s3: saddr:100932208: daddr:16783984: srtt_us:2660680: RTT:332585: ssthresh:2147483647: cwnd:10: delivered:1: lost:0: retrans:0
[  211.453508] AAAAA-TCP_SEND: name:enp0s3: saddr:100932208: daddr:16783984: srtt_us:2660680: RTT:332585: ssthresh:2147483647: cwnd:10: delivered:1: lost:0: retrans:0
[  211.557561] AAAAA-TCP_RECV: name:enp0s3: saddr:16783984: daddr:100932208: srtt_us:2660680: RTT:332585: ssthresh:2147483647: cwnd:10: delivered:1: lost:0: retrans:0
[  211.650240] AAAAA-TCP_RECV: name:enp0s3: saddr:16783984: daddr:100932208: srtt_us:2660680: RTT:332585: ssthresh:2147483647: cwnd:10: delivered:1: lost:0: retrans:0
[  211.650322] AAAAA-TCP_SEND: name:enp0s3: saddr:100932208: daddr:33561200: srtt_us:0: RTT:0: ssthresh:2147483647: cwnd:10: delivered:0: lost:0: retrans:0
[  211.849372] AAAAA-TCP_RECV: name:enp0s3: saddr:33561200: daddr:100932208: srtt_us:3000112: RTT:375014: ssthresh:2147483647: cwnd:10: delivered:1: lost:0: retrans:0
[  211.849396] AAAAA-TCP_SEND: name:enp0s3: saddr:100932208: daddr:33561200: srtt_us:3000112: RTT:375014: ssthresh:2147483647: cwnd:10: delivered:1: lost:0: retrans:0
[  211.925637] AAAAA-TCP_RECV: name:enp0s3: saddr:33561200: daddr:100932208: srtt_us:0: RTT:0: ssthresh:2147483647: cwnd:10: delivered:0: lost:0: retrans:0
[  211.925668] AAAAA-TCP_SEND: name:enp0s3: saddr:100932208: daddr:33561200: srtt_us:2202608: RTT:275326: ssthresh:2147483647: cwnd:10: delivered:1: lost:0: retrans:0
[  212.010192] AAAAA-TCP_RECV: name:enp0s3: saddr:33561200: daddr:100932208: srtt_us:3000112: RTT:375014: ssthresh:2147483647: cwnd:10: delivered:1: lost:0: retrans:0
[  212.010213] AAAAA-TCP_SEND: name:enp0s3: saddr:100932208: daddr:33561200: srtt_us:3000112: RTT:375014: ssthresh:2147483647: cwnd:10: delivered:1: lost:0: retrans:0
[  212.010296] AAAAA-TCP_SEND: name:enp0s3: saddr:100932208: daddr:16783984: srtt_us:2524834: RTT:315604: ssthresh:2147483647: cwnd:10: delivered:2: lost:0: retrans:0
[  212.010315] AAAAA-TCP_SEND: name:enp0s3: saddr:100932208: daddr:16783984: srtt_us:2524834: RTT:315604: ssthresh:2147483647: cwnd:10: delivered:2: lost:0: retrans:0
[  212.010406] AAAAA-TCP_SEND: name:enp0s3: saddr:100932208: daddr:16783984: srtt_us:2524834: RTT:315604: ssthresh:2147483647: cwnd:10: delivered:2: lost:0: retrans:0
[  212.010423] AAAAA-TCP_SEND: name:enp0s3: saddr:100932208: daddr:16783984: srtt_us:2524834: RTT:315604: ssthresh:2147483647: cwnd:10: delivered:2: lost:0: retrans:0
[  212.010509] AAAAA-TCP_SEND: name:enp0s3: saddr:100932208: daddr:16783984: srtt_us:2524834: RTT:315604: ssthresh:2147483647: cwnd:10: delivered:2: lost:0: retrans:0
[  212.010537] AAAAA-TCP_SEND: name:enp0s3: saddr:100932208: daddr:16783984: srtt_us:2524834: RTT:315604: ssthresh:2147483647: cwnd:10: delivered:2: lost:0: retrans:0
[  212.010641] AAAAA-TCP_SEND: name:enp0s3: saddr:100932208: daddr:16783984: srtt_us:2524834: RTT:315604: ssthresh:2147483647: cwnd:10: delivered:2: lost:0: retrans:0
[  212.010664] AAAAA-TCP_SEND: name:enp0s3: saddr:100932208: daddr:16783984: srtt_us:2524834: RTT:315604: ssthresh:2147483647: cwnd:10: delivered:2: lost:0: retrans:0
[  212.010736] AAAAA-TCP_SEND: name:enp0s3: saddr:100932208: daddr:16783984: srtt_us:2524834: RTT:315604: ssthresh:2147483647: cwnd:10: delivered:2: lost:0: retrans:0
[  212.010753] AAAAA-TCP_SEND: name:enp0s3: saddr:100932208: daddr:16783984: srtt_us:2524834: RTT:315604: ssthresh:2147483647: cwnd:10: delivered:2: lost:0: retrans:0
[  212.299169] AAAAA-TCP_RECV: name:enp0s3: saddr:33561200: daddr:100932208: srtt_us:2202608: RTT:275326: ssthresh:2147483647: cwnd:10: delivered:1: lost:0: retrans:0
[  212.299236] AAAAA-TCP_SEND: name:enp0s3: saddr:100932208: daddr:33561200: srtt_us:2202608: RTT:275326: ssthresh:2147483647: cwnd:10: delivered:1: lost:0: retrans:0
[  212.299269] AAAAA-TCP_SEND: name:enp0s3: saddr:100932208: daddr:33561200: srtt_us:2202608: RTT:275326: ssthresh:2147483647: cwnd:10: delivered:1: lost:0: retrans:0
[  212.300265] AAAAA-TCP_SEND: name:enp0s3: saddr:100932208: daddr:33561200: srtt_us:2202608: RTT:275326: ssthresh:2147483647: cwnd:10: delivered:1: lost:0: retrans:0
[  212.300288] AAAAA-TCP_SEND: name:enp0s3: saddr:100932208: daddr:33561200: srtt_us:2202608: RTT:275326: ssthresh:2147483647: cwnd:10: delivered:1: lost:0: retrans:0
[  212.300396] AAAAA-TCP_SEND: name:enp0s3: saddr:100932208: daddr:33561200: srtt_us:2202608: RTT:275326: ssthresh:2147483647: cwnd:10: delivered:1: lost:0: retrans:0
[  212.300414] AAAAA-TCP_SEND: name:enp0s3: saddr:100932208: daddr:33561200: srtt_us:2202608: RTT:275326: ssthresh:2147483647: cwnd:10: delivered:1: lost:0: retrans:0
[  212.300503] AAAAA-TCP_SEND: name:enp0s3: saddr:100932208: daddr:33561200: srtt_us:2202608: RTT:275326: ssthresh:2147483647: cwnd:10: delivered:1: lost:0: retrans:0
[  212.300520] AAAAA-TCP_SEND: name:enp0s3: saddr:100932208: daddr:33561200: srtt_us:2202608: RTT:275326: ssthresh:2147483647: cwnd:10: delivered:1: lost:0: retrans:0
[  212.300612] AAAAA-TCP_SEND: name:enp0s3: saddr:100932208: daddr:33561200: srtt_us:2202608: RTT:275326: ssthresh:2147483647: cwnd:10: delivered:1: lost:0: retrans:0
[  212.300628] AAAAA-TCP_SEND: name:enp0s3: saddr:100932208: daddr:33561200: srtt_us:2202608: RTT:275326: ssthresh:2147483647: cwnd:10: delivered:1: lost:0: retrans:0
[  212.528235] AAAAA-TCP_RECV: name:enp0s3: saddr:16783984: daddr:100932208: srtt_us:2524834: RTT:315604: ssthresh:2147483647: cwnd:10: delivered:2: lost:0: retrans:0
[  212.528301] AAAAA-TCP_SEND: name:enp0s3: saddr:100932208: daddr:16783984: srtt_us:2727225: RTT:340903: ssthresh:2147483647: cwnd:11: delivered:3: lost:0: retrans:0
[  212.528331] AAAAA-TCP_SEND: name:enp0s3: saddr:100932208: daddr:16783984: srtt_us:2727225: RTT:340903: ssthresh:2147483647: cwnd:11: delivered:3: lost:0: retrans:0
[  212.881152] AAAAA-TCP_SEND: name:enp0s3: saddr:100932208: daddr:33561200: srtt_us:2202608: RTT:275326: ssthresh:2147483647: cwnd:10: delivered:1: lost:0: retrans:1
[  213.039314] AAAAA-TCP_SEND: name:enp0s3: saddr:100932208: daddr:16783984: srtt_us:2727225: RTT:340903: ssthresh:2147483647: cwnd:11: delivered:3: lost:0: retrans:1
[  213.060892] AAAAA-TCP_RECV: name:enp0s3: saddr:16783984: daddr:100932208: srtt_us:2727225: RTT:340903: ssthresh:2147483647: cwnd:11: delivered:3: lost:0: retrans:1
[  213.060942] AAAAA-TCP_SEND: name:enp0s3: saddr:100932208: daddr:16783984: srtt_us:3436914: RTT:429614: ssthresh:2147483647: cwnd:12: delivered:4: lost:0: retrans:1
[  213.060967] AAAAA-TCP_SEND: name:enp0s3: saddr:100932208: daddr:16783984: srtt_us:3436914: RTT:429614: ssthresh:2147483647: cwnd:12: delivered:4: lost:0: retrans:1
[  213.446441] AAAAA-TCP_RECV: name:enp0s3: saddr:16783984: daddr:100932208: srtt_us:3436914: RTT:429614: ssthresh:2147483647: cwnd:12: delivered:4: lost:0: retrans:1
[  213.666844] AAAAA-TCP_RECV: name:enp0s3: saddr:16783984: daddr:100932208: srtt_us:4443359: RTT:555419: ssthresh:2147483647: cwnd:13: delivered:5: lost:0: retrans:1
[  213.711325] AAAAA-TCP_SEND: name:enp0s3: saddr:100932208: daddr:33561200: srtt_us:2202608: RTT:275326: ssthresh:7: cwnd:1: delivered:1: lost:10: retrans:2
[  213.711396] AAAAA-TCP_SEND: name:enp0s3: saddr:100932208: daddr:16783984: srtt_us:5544385: RTT:693048: ssthresh:2147483647: cwnd:14: delivered:6: lost:0: retrans:1
[  213.711468] AAAAA-TCP_SEND: name:enp0s3: saddr:100932208: daddr:16783984: srtt_us:5544385: RTT:693048: ssthresh:2147483647: cwnd:14: delivered:6: lost:0: retrans:1
[  215.076157] AAAAA-TCP_RECV: name:enp0s3: saddr:16783984: daddr:100932208: srtt_us:5544385: RTT:693048: ssthresh:2147483647: cwnd:14: delivered:6: lost:0: retrans:1
[  215.076215] AAAAA-TCP_SEND: name:enp0s3: saddr:100932208: daddr:16783984: srtt_us:5544385: RTT:693048: ssthresh:2147483647: cwnd:14: delivered:6: lost:0: retrans:1
[  215.076247] AAAAA-TCP_SEND: name:enp0s3: saddr:100932208: daddr:16783984: srtt_us:5544385: RTT:693048: ssthresh:2147483647: cwnd:14: delivered:6: lost:0: retrans:1
[  215.076647] AAAAA-TCP_SEND: name:enp0s3: saddr:100932208: daddr:16783984: srtt_us:7917031: RTT:989628: ssthresh:2147483647: cwnd:15: delivered:7: lost:0: retrans:1
[  215.076667] AAAAA-TCP_SEND: name:enp0s3: saddr:100932208: daddr:16783984: srtt_us:7917031: RTT:989628: ssthresh:2147483647: cwnd:15: delivered:7: lost:0: retrans:1
[  215.116379] AAAAA-TCP_RECV: name:enp0s3: saddr:16783984: daddr:100932208: srtt_us:7917031: RTT:989628: ssthresh:2147483647: cwnd:15: delivered:7: lost:0: retrans:1
[  215.116403] AAAAA-TCP_SEND: name:enp0s3: saddr:100932208: daddr:16783984: srtt_us:10033247: RTT:1254155: ssthresh:2147483647: cwnd:16: delivered:8: lost:0: retrans:1
[  215.116423] AAAAA-TCP_SEND: name:enp0s3: saddr:100932208: daddr:16783984: srtt_us:10033247: RTT:1254155: ssthresh:2147483647: cwnd:16: delivered:8: lost:0: retrans:1
[  215.154654] AAAAA-TCP_RECV: name:enp0s3: saddr:16783984: daddr:100932208: srtt_us:10033247: RTT:1254155: ssthresh:2147483647: cwnd:16: delivered:8: lost:0: retrans:1
[  215.154692] AAAAA-TCP_SEND: name:enp0s3: saddr:100932208: daddr:16783984: srtt_us:11923122: RTT:1490390: ssthresh:2147483647: cwnd:17: delivered:9: lost:0: retrans:1
[  215.154733] AAAAA-TCP_SEND: name:enp0s3: saddr:100932208: daddr:16783984: srtt_us:11923122: RTT:1490390: ssthresh:2147483647: cwnd:17: delivered:9: lost:0: retrans:1
[  215.298667] AAAAA-TCP_RECV: name:enp0s3: saddr:16783984: daddr:100932208: srtt_us:11923122: RTT:1490390: ssthresh:2147483647: cwnd:17: delivered:9: lost:0: retrans:1
[  215.375325] AAAAA-TCP_SEND: name:enp0s3: saddr:100932208: daddr:33561200: srtt_us:2202608: RTT:275326: ssthresh:7: cwnd:1: delivered:1: lost:11: retrans:3
[  215.401341] AAAAA-TCP_RECV: name:enp0s3: saddr:16783984: daddr:100932208: srtt_us:13720755: RTT:1715094: ssthresh:2147483647: cwnd:18: delivered:10: lost:0: retrans:1
[  215.498443] AAAAA-TCP_RECV: name:enp0s3: saddr:16783984: daddr:100932208: srtt_us:15396282: RTT:1924535: ssthresh:2147483647: cwnd:19: delivered:11: lost:0: retrans:1
[  215.658813] AAAAA-TCP_RECV: name:enp0s3: saddr:33561200: daddr:100932208: srtt_us:2202608: RTT:275326: ssthresh:7: cwnd:1: delivered:1: lost:11: retrans:3
[  215.658867] AAAAA-TCP_SEND: name:enp0s3: saddr:100932208: daddr:33561200: srtt_us:5287282: RTT:660910: ssthresh:2147483647: cwnd:11: delivered:2: lost:11: retrans:3
[  215.658897] AAAAA-TCP_SEND: name:enp0s3: saddr:100932208: daddr:33561200: srtt_us:5287282: RTT:660910: ssthresh:2147483647: cwnd:11: delivered:2: lost:11: retrans:3
[  215.837640] AAAAA-TCP_RECV: name:enp0s3: saddr:33561200: daddr:100932208: srtt_us:5287282: RTT:660910: ssthresh:2147483647: cwnd:11: delivered:2: lost:11: retrans:3
[  215.837701] AAAAA-TCP_SEND: name:enp0s3: saddr:100932208: daddr:33561200: srtt_us:8164812: RTT:1020601: ssthresh:2147483647: cwnd:12: delivered:3: lost:11: retrans:3
[  215.837730] AAAAA-TCP_SEND: name:enp0s3: saddr:100932208: daddr:33561200: srtt_us:8164812: RTT:1020601: ssthresh:2147483647: cwnd:12: delivered:3: lost:11: retrans:3
[  215.951512] AAAAA-TCP_RECV: name:enp0s3: saddr:33561200: daddr:100932208: srtt_us:8164812: RTT:1020601: ssthresh:2147483647: cwnd:12: delivered:3: lost:11: retrans:3
[  215.951600] AAAAA-TCP_SEND: name:enp0s3: saddr:100932208: daddr:33561200: srtt_us:10795509: RTT:1349438: ssthresh:2147483647: cwnd:13: delivered:4: lost:11: retrans:3
[  215.951631] AAAAA-TCP_SEND: name:enp0s3: saddr:100932208: daddr:33561200: srtt_us:10795509: RTT:1349438: ssthresh:2147483647: cwnd:13: delivered:4: lost:11: retrans:3
[  216.021082] AAAAA-TCP_RECV: name:enp0s3: saddr:33561200: daddr:100932208: srtt_us:10795509: RTT:1349438: ssthresh:2147483647: cwnd:13: delivered:4: lost:11: retrans:3
[  216.021129] AAAAA-TCP_SEND: name:enp0s3: saddr:100932208: daddr:33561200: srtt_us:13166912: RTT:1645864: ssthresh:2147483647: cwnd:14: delivered:5: lost:11: retrans:3
[  216.021155] AAAAA-TCP_SEND: name:enp0s3: saddr:100932208: daddr:33561200: srtt_us:13166912: RTT:1645864: ssthresh:2147483647: cwnd:14: delivered:5: lost:11: retrans:3
[  216.243764] AAAAA-TCP_RECV: name:enp0s3: saddr:33561200: daddr:100932208: srtt_us:13166912: RTT:1645864: ssthresh:2147483647: cwnd:14: delivered:5: lost:11: retrans:3
[  216.243824] AAAAA-TCP_SEND: name:enp0s3: saddr:100932208: daddr:33561200: srtt_us:15464437: RTT:1933054: ssthresh:2147483647: cwnd:15: delivered:6: lost:11: retrans:3
[  216.243853] AAAAA-TCP_SEND: name:enp0s3: saddr:100932208: daddr:33561200: srtt_us:15464437: RTT:1933054: ssthresh:2147483647: cwnd:15: delivered:6: lost:11: retrans:3
[  216.243914] AAAAA-TCP_SEND: name:enp0s3: saddr:100932208: daddr:16783984: srtt_us:16959453: RTT:2119931: ssthresh:2147483647: cwnd:20: delivered:12: lost:0: retrans:1
[  216.243938] AAAAA-TCP_SEND: name:enp0s3: saddr:100932208: daddr:16783984: srtt_us:16959453: RTT:2119931: ssthresh:2147483647: cwnd:20: delivered:12: lost:0: retrans:1
[  216.245449] AAAAA-TCP_SEND: name:enp0s3: saddr:100932208: daddr:16783984: srtt_us:16959453: RTT:2119931: ssthresh:2147483647: cwnd:20: delivered:12: lost:0: retrans:1
[  216.245483] AAAAA-TCP_SEND: name:enp0s3: saddr:100932208: daddr:16783984: srtt_us:16959453: RTT:2119931: ssthresh:2147483647: cwnd:20: delivered:12: lost:0: retrans:1
[  216.245579] AAAAA-TCP_SEND: name:enp0s3: saddr:100932208: daddr:16783984: srtt_us:16959453: RTT:2119931: ssthresh:2147483647: cwnd:20: delivered:12: lost:0: retrans:1
[  216.245598] AAAAA-TCP_SEND: name:enp0s3: saddr:100932208: daddr:16783984: srtt_us:16959453: RTT:2119931: ssthresh:2147483647: cwnd:20: delivered:12: lost:0: retrans:1
[  216.396044] AAAAA-TCP_RECV: name:enp0s3: saddr:33561200: daddr:100932208: srtt_us:15464437: RTT:1933054: ssthresh:2147483647: cwnd:15: delivered:6: lost:11: retrans:3
[  216.396098] AAAAA-TCP_SEND: name:enp0s3: saddr:100932208: daddr:33561200: srtt_us:17627052: RTT:2203381: ssthresh:2147483647: cwnd:16: delivered:7: lost:11: retrans:3
[  216.396130] AAAAA-TCP_SEND: name:enp0s3: saddr:100932208: daddr:33561200: srtt_us:17627052: RTT:2203381: ssthresh:2147483647: cwnd:16: delivered:7: lost:11: retrans:3
[  216.522111] AAAAA-TCP_RECV: name:enp0s3: saddr:33561200: daddr:100932208: srtt_us:17627052: RTT:2203381: ssthresh:2147483647: cwnd:16: delivered:7: lost:11: retrans:3
[  216.827754] AAAAA-TCP_RECV: name:enp0s3: saddr:33561200: daddr:100932208: srtt_us:19645297: RTT:2455662: ssthresh:2147483647: cwnd:17: delivered:8: lost:11: retrans:3
[  216.893698] AAAAA-TCP_RECV: name:enp0s3: saddr:33561200: daddr:100932208: srtt_us:21716907: RTT:2714613: ssthresh:2147483647: cwnd:18: delivered:9: lost:11: retrans:3
[  216.991230] AAAAA-TCP_RECV: name:enp0s3: saddr:33561200: daddr:100932208: srtt_us:23595386: RTT:2949423: ssthresh:2147483647: cwnd:19: delivered:10: lost:11: retrans:3
[  217.039571] AAAAA-TCP_RECV: name:enp0s3: saddr:16783984: daddr:100932208: srtt_us:16959453: RTT:2119931: ssthresh:2147483647: cwnd:20: delivered:12: lost:0: retrans:1
[  217.039624] AAAAA-TCP_SEND: name:enp0s3: saddr:100932208: daddr:16783984: srtt_us:19350818: RTT:2418852: ssthresh:2147483647: cwnd:21: delivered:13: lost:0: retrans:1
[  217.039655] AAAAA-TCP_SEND: name:enp0s3: saddr:100932208: daddr:16783984: srtt_us:19350818: RTT:2418852: ssthresh:2147483647: cwnd:21: delivered:13: lost:0: retrans:1
[  217.067086] AAAAA-TCP_RECV: name:enp0s3: saddr:16783984: daddr:100932208: srtt_us:19350818: RTT:2418852: ssthresh:2147483647: cwnd:21: delivered:13: lost:0: retrans:1
[  217.067120] AAAAA-TCP_SEND: name:enp0s3: saddr:100932208: daddr:16783984: srtt_us:21469966: RTT:2683745: ssthresh:2147483647: cwnd:22: delivered:14: lost:0: retrans:1
[  217.067144] AAAAA-TCP_SEND: name:enp0s3: saddr:100932208: daddr:16783984: srtt_us:21469966: RTT:2683745: ssthresh:2147483647: cwnd:22: delivered:14: lost:0: retrans:1
[  217.158196] AAAAA-TCP_RECV: name:enp0s3: saddr:16783984: daddr:100932208: srtt_us:21469966: RTT:2683745: ssthresh:2147483647: cwnd:22: delivered:14: lost:0: retrans:1
[  217.247932] AAAAA-TCP_RECV: name:enp0s3: saddr:16783984: daddr:100932208: srtt_us:21469966: RTT:2683745: ssthresh:2147483647: cwnd:22: delivered:15: lost:0: retrans:1
[  217.247976] AAAAA-TCP_SEND: name:enp0s3: saddr:100932208: daddr:33561200: srtt_us:25335963: RTT:3166995: ssthresh:2147483647: cwnd:20: delivered:11: lost:11: retrans:3
[  217.248004] AAAAA-TCP_SEND: name:enp0s3: saddr:100932208: daddr:16783984: srtt_us:22973232: RTT:2871654: ssthresh:2147483647: cwnd:23: delivered:16: lost:0: retrans:1
[  217.248056] AAAAA-TCP_SEND: name:enp0s3: saddr:100932208: daddr:16783984: srtt_us:22973232: RTT:2871654: ssthresh:2147483647: cwnd:23: delivered:16: lost:0: retrans:1
[  217.370905] AAAAA-TCP_RECV: name:enp0s3: saddr:16783984: daddr:100932208: srtt_us:22973232: RTT:2871654: ssthresh:2147483647: cwnd:23: delivered:16: lost:0: retrans:1
[  217.370953] AAAAA-TCP_SEND: name:enp0s3: saddr:100932208: daddr:16783984: srtt_us:24411564: RTT:3051445: ssthresh:2147483647: cwnd:24: delivered:17: lost:0: retrans:1
[  217.370994] AAAAA-TCP_SEND: name:enp0s3: saddr:100932208: daddr:16783984: srtt_us:24411564: RTT:3051445: ssthresh:2147483647: cwnd:24: delivered:17: lost:0: retrans:1
[  217.456719] AAAAA-TCP_RECV: name:enp0s3: saddr:16783984: daddr:100932208: srtt_us:24411564: RTT:3051445: ssthresh:2147483647: cwnd:24: delivered:17: lost:0: retrans:1
[  217.456778] AAAAA-TCP_SEND: name:enp0s3: saddr:100932208: daddr:33561200: srtt_us:25335963: RTT:3166995: ssthresh:2147483647: cwnd:20: delivered:11: lost:11: retrans:3
[  217.456808] AAAAA-TCP_SEND: name:enp0s3: saddr:100932208: daddr:33561200: srtt_us:25335963: RTT:3166995: ssthresh:2147483647: cwnd:20: delivered:11: lost:11: retrans:3
[  217.456825] AAAAA-TCP_SEND: name:enp0s3: saddr:100932208: daddr:16783984: srtt_us:25105464: RTT:3138183: ssthresh:24: cwnd:24: delivered:18: lost:0: retrans:1
[  217.457901] AAAAA-TCP_SEND: name:enp0s3: saddr:100932208: daddr:33561200: srtt_us:25335963: RTT:3166995: ssthresh:2147483647: cwnd:20: delivered:11: lost:11: retrans:3
[  217.457924] AAAAA-TCP_SEND: name:enp0s3: saddr:100932208: daddr:33561200: srtt_us:25335963: RTT:3166995: ssthresh:2147483647: cwnd:20: delivered:11: lost:11: retrans:3
[  217.458041] AAAAA-TCP_SEND: name:enp0s3: saddr:100932208: daddr:33561200: srtt_us:25335963: RTT:3166995: ssthresh:2147483647: cwnd:20: delivered:11: lost:11: retrans:3
[  217.458056] AAAAA-TCP_SEND: name:enp0s3: saddr:100932208: daddr:33561200: srtt_us:25335963: RTT:3166995: ssthresh:2147483647: cwnd:20: delivered:11: lost:11: retrans:3
[  217.458139] AAAAA-TCP_SEND: name:enp0s3: saddr:100932208: daddr:33561200: srtt_us:25335963: RTT:3166995: ssthresh:2147483647: cwnd:20: delivered:11: lost:11: retrans:3
[  217.635709] AAAAA-TCP_RECV: name:enp0s3: saddr:16783984: daddr:100932208: srtt_us:25105464: RTT:3138183: ssthresh:24: cwnd:24: delivered:18: lost:0: retrans:1
[  217.635806] AAAAA-TCP_SEND: name:enp0s3: saddr:100932208: daddr:16783984: srtt_us:25891641: RTT:3236455: ssthresh:24: cwnd:24: delivered:19: lost:0: retrans:1
[  217.790060] AAAAA-TCP_RECV: name:enp0s3: saddr:33561200: daddr:100932208: srtt_us:25335963: RTT:3166995: ssthresh:2147483647: cwnd:20: delivered:11: lost:11: retrans:3
[  217.868556] AAAAA-TCP_RECV: name:enp0s3: saddr:33561200: daddr:100932208: srtt_us:25335963: RTT:3166995: ssthresh:2147483647: cwnd:20: delivered:12: lost:11: retrans:3
[  217.891308] AAAAA-TCP_RECV: name:enp0s3: saddr:16783984: daddr:100932208: srtt_us:25891641: RTT:3236455: ssthresh:24: cwnd:24: delivered:19: lost:0: retrans:1
[  217.891451] AAAAA-TCP_SEND: name:enp0s3: saddr:100932208: daddr:16783984: srtt_us:25470296: RTT:3183787: ssthresh:24: cwnd:24: delivered:20: lost:0: retrans:1
[  218.105878] AAAAA-TCP_RECV: name:enp0s3: saddr:16783984: daddr:100932208: srtt_us:25470296: RTT:3183787: ssthresh:24: cwnd:24: delivered:20: lost:0: retrans:1
[  218.105946] AAAAA-TCP_SEND: name:enp0s3: saddr:100932208: daddr:16783984: srtt_us:25316214: RTT:3164526: ssthresh:24: cwnd:24: delivered:21: lost:0: retrans:1
[  218.194665] AAAAA-TCP_RECV: name:enp0s3: saddr:16783984: daddr:100932208: srtt_us:25316214: RTT:3164526: ssthresh:24: cwnd:24: delivered:21: lost:0: retrans:1
[  218.194728] AAAAA-TCP_SEND: name:enp0s3: saddr:100932208: daddr:16783984: srtt_us:25269735: RTT:3158716: ssthresh:24: cwnd:24: delivered:22: lost:0: retrans:1
[  218.234102] AAAAA-TCP_RECV: name:enp0s3: saddr:16783984: daddr:100932208: srtt_us:25269735: RTT:3158716: ssthresh:24: cwnd:24: delivered:22: lost:0: retrans:1
[  218.234155] AAAAA-TCP_SEND: name:enp0s3: saddr:100932208: daddr:16783984: srtt_us:25268500: RTT:3158562: ssthresh:24: cwnd:24: delivered:23: lost:0: retrans:1
[  218.395597] AAAAA-TCP_RECV: name:enp0s3: saddr:16783984: daddr:100932208: srtt_us:25268500: RTT:3158562: ssthresh:24: cwnd:24: delivered:23: lost:0: retrans:1
[  218.395662] AAAAA-TCP_SEND: name:enp0s3: saddr:100932208: daddr:16783984: srtt_us:25389162: RTT:3173645: ssthresh:24: cwnd:24: delivered:25: lost:0: retrans:1
[  218.395699] AAAAA-TCP_SEND: name:enp0s3: saddr:100932208: daddr:16783984: srtt_us:25389162: RTT:3173645: ssthresh:24: cwnd:24: delivered:25: lost:0: retrans:1
[  218.398325] AAAAA-TCP_RECV: name:enp0s3: saddr:16783984: daddr:100932208: srtt_us:25389162: RTT:3173645: ssthresh:24: cwnd:24: delivered:25: lost:0: retrans:1
[  218.398350] AAAAA-TCP_SEND: name:enp0s3: saddr:100932208: daddr:16783984: srtt_us:25459156: RTT:3182394: ssthresh:24: cwnd:24: delivered:26: lost:0: retrans:1
[  218.617398] AAAAA-TCP_RECV: name:enp0s3: saddr:33561200: daddr:100932208: srtt_us:25335963: RTT:3166995: ssthresh:2147483647: cwnd:20: delivered:13: lost:11: retrans:3
[  218.731094] AAAAA-TCP_RECV: name:enp0s3: saddr:33561200: daddr:100932208: srtt_us:25335963: RTT:3166995: ssthresh:2147483647: cwnd:20: delivered:14: lost:11: retrans:3
[  218.731190] AAAAA-TCP_SEND: name:enp0s3: saddr:100932208: daddr:33561200: srtt_us:25241244: RTT:3155155: ssthresh:2147483647: cwnd:21: delivered:15: lost:11: retrans:3
[  218.780308] AAAAA-TCP_RECV: name:enp0s3: saddr:33561200: daddr:100932208: srtt_us:25241244: RTT:3155155: ssthresh:2147483647: cwnd:21: delivered:15: lost:11: retrans:3
[  219.067452] AAAAA-TCP_RECV: name:enp0s3: saddr:33561200: daddr:100932208: srtt_us:25207588: RTT:3150948: ssthresh:2147483647: cwnd:22: delivered:16: lost:11: retrans:3
[  219.202258] AAAAA-TCP_RECV: name:enp0s3: saddr:33561200: daddr:100932208: srtt_us:25286425: RTT:3160803: ssthresh:2147483647: cwnd:23: delivered:17: lost:11: retrans:3
[  219.365160] AAAAA-TCP_RECV: name:enp0s3: saddr:33561200: daddr:100932208: srtt_us:25490209: RTT:3186276: ssthresh:2147483647: cwnd:24: delivered:18: lost:11: retrans:3
[  219.568791] AAAAA-TCP_RECV: name:enp0s3: saddr:16783984: daddr:100932208: srtt_us:25459156: RTT:3182394: ssthresh:24: cwnd:24: delivered:26: lost:0: retrans:1
[  219.583312] AAAAA-TCP_SEND: name:enp0s3: saddr:100932208: daddr:16783984: srtt_us:26690886: RTT:3336360: ssthresh:18: cwnd:16: delivered:34: lost:1: retrans:2
[  219.660450] AAAAA-TCP_RECV: name:enp0s3: saddr:16783984: daddr:100932208: srtt_us:26690886: RTT:3336360: ssthresh:18: cwnd:16: delivered:34: lost:1: retrans:2
[  219.718513] AAAAA-TCP_RECV: name:enp0s3: saddr:16783984: daddr:100932208: srtt_us:25947862: RTT:3243482: ssthresh:18: cwnd:16: delivered:35: lost:1: retrans:2
[  219.755212] AAAAA-TCP_RECV: name:enp0s3: saddr:33561200: daddr:100932208: srtt_us:25717525: RTT:3214690: ssthresh:2147483647: cwnd:25: delivered:19: lost:11: retrans:3
[  219.833810] AAAAA-TCP_RECV: name:enp0s3: saddr:33561200: daddr:100932208: srtt_us:26306470: RTT:3288308: ssthresh:2147483647: cwnd:26: delivered:20: lost:11: retrans:3
[  219.945565] AAAAA-TCP_RECV: name:enp0s3: saddr:33561200: daddr:100932208: srtt_us:26830862: RTT:3353857: ssthresh:2147483647: cwnd:32: delivered:26: lost:11: retrans:3
[  219.945598] AAAAA-TCP_SEND: name:enp0s3: saddr:100932208: daddr:33561200: srtt_us:26830862: RTT:3353857: ssthresh:2147483647: cwnd:32: delivered:26: lost:11: retrans:3
[  219.983313] AAAAA-TCP_SEND: name:enp0s3: saddr:100932208: daddr:33561200: srtt_us:26830862: RTT:3353857: ssthresh:22: cwnd:9: delivered:26: lost:12: retrans:4
[  219.986540] AAAAA-TCP_RECV: name:enp0s3: saddr:16783984: daddr:100932208: srtt_us:25355792: RTT:3169474: ssthresh:18: cwnd:15: delivered:36: lost:1: retrans:2
[  220.053622] AAAAA-TCP_RECV: name:enp0s3: saddr:16783984: daddr:100932208: srtt_us:24924858: RTT:3115607: ssthresh:18: cwnd:14: delivered:37: lost:1: retrans:2
[  220.088084] AAAAA-TCP_RECV: name:enp0s3: saddr:33561200: daddr:100932208: srtt_us:26830862: RTT:3353857: ssthresh:22: cwnd:9: delivered:26: lost:12: retrans:4
[  220.135641] AAAAA-TCP_RECV: name:enp0s3: saddr:16783984: daddr:100932208: srtt_us:24614888: RTT:3076861: ssthresh:18: cwnd:13: delivered:38: lost:1: retrans:2
[  220.190306] AAAAA-TCP_RECV: name:enp0s3: saddr:16783984: daddr:100932208: srtt_us:24302735: RTT:3037841: ssthresh:18: cwnd:12: delivered:39: lost:1: retrans:2
[  220.292539] AAAAA-TCP_RECV: name:enp0s3: saddr:33561200: daddr:100932208: srtt_us:26830862: RTT:3353857: ssthresh:22: cwnd:9: delivered:26: lost:12: retrans:4
[  220.416820] AAAAA-TCP_RECV: name:enp0s3: saddr:33561200: daddr:100932208: srtt_us:26312787: RTT:3289098: ssthresh:22: cwnd:9: delivered:27: lost:12: retrans:4
[  220.452742] AAAAA-TCP_RECV: name:enp0s3: saddr:33561200: daddr:100932208: srtt_us:25983753: RTT:3247969: ssthresh:22: cwnd:8: delivered:28: lost:12: retrans:4
[  220.452766] AAAAA-TCP_SEND: name:enp0s3: saddr:100932208: daddr:33561200: srtt_us:25983753: RTT:3247969: ssthresh:22: cwnd:8: delivered:28: lost:12: retrans:4
[  220.575323] AAAAA-TCP_RECV: name:enp0s3: saddr:33561200: daddr:100932208: srtt_us:25983753: RTT:3247969: ssthresh:22: cwnd:8: delivered:28: lost:12: retrans:4
[  220.600645] AAAAA-TCP_RECV: name:enp0s3: saddr:16783984: daddr:100932208: srtt_us:24084266: RTT:3010533: ssthresh:18: cwnd:11: delivered:40: lost:1: retrans:2
[  220.780454] AAAAA-TCP_RECV: name:enp0s3: saddr:33561200: daddr:100932208: srtt_us:25983753: RTT:3247969: ssthresh:22: cwnd:8: delivered:28: lost:12: retrans:4
[  220.780497] AAAAA-TCP_SEND: name:enp0s3: saddr:100932208: daddr:33561200: srtt_us:26058358: RTT:3257294: ssthresh:22: cwnd:6: delivered:29: lost:13: retrans:5
[  220.820079] AAAAA-TCP_RECV: name:enp0s3: saddr:16783984: daddr:100932208: srtt_us:24217571: RTT:3027196: ssthresh:18: cwnd:10: delivered:41: lost:1: retrans:2
[  220.820105] AAAAA-TCP_SEND: name:enp0s3: saddr:100932208: daddr:16783984: srtt_us:24217571: RTT:3027196: ssthresh:18: cwnd:10: delivered:41: lost:1: retrans:2
[  220.878864] AAAAA-TCP_RECV: name:enp0s3: saddr:33561200: daddr:100932208: srtt_us:26058358: RTT:3257294: ssthresh:22: cwnd:6: delivered:29: lost:13: retrans:5
[  220.896169] AAAAA-TCP_RECV: name:enp0s3: saddr:16783984: daddr:100932208: srtt_us:24217571: RTT:3027196: ssthresh:18: cwnd:10: delivered:41: lost:1: retrans:2
[  220.938930] AAAAA-TCP_RECV: name:enp0s3: saddr:33561200: daddr:100932208: srtt_us:26221892: RTT:3277736: ssthresh:22: cwnd:6: delivered:30: lost:13: retrans:5
[  221.044055] AAAAA-TCP_RECV: name:enp0s3: saddr:16783984: daddr:100932208: srtt_us:24217571: RTT:3027196: ssthresh:18: cwnd:10: delivered:41: lost:1: retrans:2
[  221.144919] AAAAA-TCP_RECV: name:enp0s3: saddr:33561200: daddr:100932208: srtt_us:26425061: RTT:3303132: ssthresh:22: cwnd:5: delivered:31: lost:13: retrans:5
[  221.259747] AAAAA-TCP_RECV: name:enp0s3: saddr:16783984: daddr:100932208: srtt_us:24217571: RTT:3027196: ssthresh:18: cwnd:10: delivered:41: lost:1: retrans:2
[  221.391401] AAAAA-TCP_RECV: name:enp0s3: saddr:16783984: daddr:100932208: srtt_us:24814351: RTT:3101793: ssthresh:18: cwnd:9: delivered:42: lost:1: retrans:2
[  221.406895] AAAAA-TCP_RECV: name:enp0s3: saddr:33561200: daddr:100932208: srtt_us:26808713: RTT:3351089: ssthresh:22: cwnd:4: delivered:32: lost:13: retrans:5
[  221.456677] AAAAA-TCP_RECV: name:enp0s3: saddr:16783984: daddr:100932208: srtt_us:25212541: RTT:3151567: ssthresh:18: cwnd:8: delivered:43: lost:1: retrans:2
[  221.475013] AAAAA-TCP_RECV: name:enp0s3: saddr:16783984: daddr:100932208: srtt_us:25212541: RTT:3151567: ssthresh:18: cwnd:8: delivered:43: lost:1: retrans:2
[  221.608371] AAAAA-TCP_RECV: name:enp0s3: saddr:16783984: daddr:100932208: srtt_us:25430053: RTT:3178756: ssthresh:18: cwnd:7: delivered:44: lost:1: retrans:2
[  221.705468] AAAAA-TCP_RECV: name:enp0s3: saddr:16783984: daddr:100932208: srtt_us:25664999: RTT:3208124: ssthresh:18: cwnd:6: delivered:45: lost:1: retrans:2
[  221.787769] AAAAA-TCP_RECV: name:enp0s3: saddr:16783984: daddr:100932208: srtt_us:25928230: RTT:3241028: ssthresh:18: cwnd:5: delivered:46: lost:1: retrans:2
[  221.873334] AAAAA-TCP_RECV: name:enp0s3: saddr:16783984: daddr:100932208: srtt_us:26079355: RTT:3259919: ssthresh:18: cwnd:4: delivered:47: lost:1: retrans:2
[  221.922857] AAAAA-TCP_RECV: name:enp0s3: saddr:16783984: daddr:100932208: srtt_us:26297120: RTT:3287140: ssthresh:18: cwnd:3: delivered:48: lost:1: retrans:2
[  222.180638] AAAAA-TCP_RECV: name:enp0s3: saddr:33561200: daddr:100932208: srtt_us:26808713: RTT:3351089: ssthresh:22: cwnd:4: delivered:32: lost:13: retrans:5
[  222.252936] AAAAA-TCP_RECV: name:enp0s3: saddr:16783984: daddr:100932208: srtt_us:26534535: RTT:3316816: ssthresh:18: cwnd:2: delivered:49: lost:1: retrans:2
[  222.426597] AAAAA-TCP_RECV: name:enp0s3: saddr:33561200: daddr:100932208: srtt_us:26907138: RTT:3363392: ssthresh:22: cwnd:3: delivered:33: lost:13: retrans:5
[  222.517687] AAAAA-TCP_RECV: name:enp0s3: saddr:33561200: daddr:100932208: srtt_us:25986746: RTT:3248343: ssthresh:22: cwnd:9: delivered:34: lost:13: retrans:5
[  236.125572] AAAAA-TCP_SEND: name:enp0s3: saddr:100932208: daddr:33561200: srtt_us:24475403: RTT:3059425: ssthresh:22: cwnd:22: delivered:35: lost:13: retrans:5
[  236.125606] AAAAA-TCP_SEND: name:enp0s3: saddr:100932208: daddr:33561200: srtt_us:24475403: RTT:3059425: ssthresh:22: cwnd:16: delivered:35: lost:13: retrans:5
[  236.125707] AAAAA-TCP_SEND: name:enp0s3: saddr:100932208: daddr:33561200: srtt_us:24475403: RTT:3059425: ssthresh:22: cwnd:16: delivered:35: lost:13: retrans:5
[  236.125724] AAAAA-TCP_SEND: name:enp0s3: saddr:100932208: daddr:33561200: srtt_us:24475403: RTT:3059425: ssthresh:22: cwnd:16: delivered:35: lost:13: retrans:5
[  236.125779] AAAAA-TCP_SEND: name:enp0s3: saddr:100932208: daddr:33561200: srtt_us:24475403: RTT:3059425: ssthresh:22: cwnd:16: delivered:35: lost:13: retrans:5
[  236.125795] AAAAA-TCP_SEND: name:enp0s3: saddr:100932208: daddr:33561200: srtt_us:24475403: RTT:3059425: ssthresh:22: cwnd:16: delivered:35: lost:13: retrans:5
[  236.125885] AAAAA-TCP_SEND: name:enp0s3: saddr:100932208: daddr:33561200: srtt_us:24475403: RTT:3059425: ssthresh:22: cwnd:16: delivered:35: lost:13: retrans:5
[  236.125902] AAAAA-TCP_SEND: name:enp0s3: saddr:100932208: daddr:33561200: srtt_us:24475403: RTT:3059425: ssthresh:22: cwnd:16: delivered:35: lost:13: retrans:5
[  236.125954] AAAAA-TCP_SEND: name:enp0s3: saddr:100932208: daddr:33561200: srtt_us:24475403: RTT:3059425: ssthresh:22: cwnd:16: delivered:35: lost:13: retrans:5
[  236.125971] AAAAA-TCP_SEND: name:enp0s3: saddr:100932208: daddr:33561200: srtt_us:24475403: RTT:3059425: ssthresh:22: cwnd:16: delivered:35: lost:13: retrans:5
[  236.126028] AAAAA-TCP_SEND: name:enp0s3: saddr:100932208: daddr:33561200: srtt_us:24475403: RTT:3059425: ssthresh:22: cwnd:16: delivered:35: lost:13: retrans:5
[  236.126043] AAAAA-TCP_SEND: name:enp0s3: saddr:100932208: daddr:33561200: srtt_us:24475403: RTT:3059425: ssthresh:22: cwnd:16: delivered:35: lost:13: retrans:5
[  236.126095] AAAAA-TCP_SEND: name:enp0s3: saddr:100932208: daddr:33561200: srtt_us:24475403: RTT:3059425: ssthresh:22: cwnd:16: delivered:35: lost:13: retrans:5
[  236.126111] AAAAA-TCP_SEND: name:enp0s3: saddr:100932208: daddr:33561200: srtt_us:24475403: RTT:3059425: ssthresh:22: cwnd:16: delivered:35: lost:13: retrans:5
[  236.126165] AAAAA-TCP_SEND: name:enp0s3: saddr:100932208: daddr:33561200: srtt_us:24475403: RTT:3059425: ssthresh:22: cwnd:16: delivered:35: lost:13: retrans:5
[  236.126242] AAAAA-TCP_SEND: name:enp0s3: saddr:100932208: daddr:33561200: srtt_us:24475403: RTT:3059425: ssthresh:22: cwnd:16: delivered:35: lost:13: retrans:5
[  236.126261] AAAAA-TCP_SEND: name:enp0s3: saddr:100932208: daddr:16783984: srtt_us:25886719: RTT:3235839: ssthresh:18: cwnd:18: delivered:50: lost:1: retrans:2
[  236.126349] AAAAA-TCP_SEND: name:enp0s3: saddr:100932208: daddr:16783984: srtt_us:25886719: RTT:3235839: ssthresh:18: cwnd:14: delivered:50: lost:1: retrans:2
[  236.126363] AAAAA-TCP_SEND: name:enp0s3: saddr:100932208: daddr:16783984: srtt_us:25886719: RTT:3235839: ssthresh:18: cwnd:14: delivered:50: lost:1: retrans:2
[  236.126419] AAAAA-TCP_SEND: name:enp0s3: saddr:100932208: daddr:16783984: srtt_us:25886719: RTT:3235839: ssthresh:18: cwnd:14: delivered:50: lost:1: retrans:2
[  236.126435] AAAAA-TCP_SEND: name:enp0s3: saddr:100932208: daddr:16783984: srtt_us:25886719: RTT:3235839: ssthresh:18: cwnd:14: delivered:50: lost:1: retrans:2
[  236.126491] AAAAA-TCP_SEND: name:enp0s3: saddr:100932208: daddr:16783984: srtt_us:25886719: RTT:3235839: ssthresh:18: cwnd:14: delivered:50: lost:1: retrans:2
[  236.126506] AAAAA-TCP_SEND: name:enp0s3: saddr:100932208: daddr:16783984: srtt_us:25886719: RTT:3235839: ssthresh:18: cwnd:14: delivered:50: lost:1: retrans:2
[  236.126595] AAAAA-TCP_SEND: name:enp0s3: saddr:100932208: daddr:16783984: srtt_us:25886719: RTT:3235839: ssthresh:18: cwnd:14: delivered:50: lost:1: retrans:2
[  236.126618] AAAAA-TCP_SEND: name:enp0s3: saddr:100932208: daddr:16783984: srtt_us:25886719: RTT:3235839: ssthresh:18: cwnd:14: delivered:50: lost:1: retrans:2
[  236.126705] AAAAA-TCP_SEND: name:enp0s3: saddr:100932208: daddr:16783984: srtt_us:25886719: RTT:3235839: ssthresh:18: cwnd:14: delivered:50: lost:1: retrans:2
[  236.126720] AAAAA-TCP_SEND: name:enp0s3: saddr:100932208: daddr:16783984: srtt_us:25886719: RTT:3235839: ssthresh:18: cwnd:14: delivered:50: lost:1: retrans:2
[  236.126800] AAAAA-TCP_SEND: name:enp0s3: saddr:100932208: daddr:16783984: srtt_us:25886719: RTT:3235839: ssthresh:18: cwnd:14: delivered:50: lost:1: retrans:2
[  236.126818] AAAAA-TCP_SEND: name:enp0s3: saddr:100932208: daddr:16783984: srtt_us:25886719: RTT:3235839: ssthresh:18: cwnd:14: delivered:50: lost:1: retrans:2
[  236.126905] AAAAA-TCP_SEND: name:enp0s3: saddr:100932208: daddr:16783984: srtt_us:25886719: RTT:3235839: ssthresh:18: cwnd:14: delivered:50: lost:1: retrans:2
[  236.520089] AAAAA-TCP_RECV: name:enp0s3: saddr:33561200: daddr:100932208: srtt_us:24475403: RTT:3059425: ssthresh:22: cwnd:16: delivered:35: lost:13: retrans:5
[  236.520156] AAAAA-TCP_SEND: name:enp0s3: saddr:100932208: daddr:33561200: srtt_us:21810540: RTT:2726317: ssthresh:22: cwnd:17: delivered:36: lost:13: retrans:5
[  236.520187] AAAAA-TCP_SEND: name:enp0s3: saddr:100932208: daddr:33561200: srtt_us:21810540: RTT:2726317: ssthresh:22: cwnd:17: delivered:36: lost:13: retrans:5
[  236.759719] AAAAA-TCP_RECV: name:enp0s3: saddr:33561200: daddr:100932208: srtt_us:21810540: RTT:2726317: ssthresh:22: cwnd:17: delivered:36: lost:13: retrans:5
[  236.759785] AAAAA-TCP_SEND: name:enp0s3: saddr:100932208: daddr:33561200: srtt_us:19718341: RTT:2464792: ssthresh:22: cwnd:18: delivered:37: lost:13: retrans:5
[  236.759830] AAAAA-TCP_SEND: name:enp0s3: saddr:100932208: daddr:33561200: srtt_us:19718341: RTT:2464792: ssthresh:22: cwnd:18: delivered:37: lost:13: retrans:5
[  236.970056] AAAAA-TCP_RECV: name:enp0s3: saddr:33561200: daddr:100932208: srtt_us:19718341: RTT:2464792: ssthresh:22: cwnd:18: delivered:37: lost:13: retrans:5
[  236.970163] AAAAA-TCP_SEND: name:enp0s3: saddr:100932208: daddr:33561200: srtt_us:18097942: RTT:2262242: ssthresh:22: cwnd:19: delivered:38: lost:13: retrans:5
[  236.970226] AAAAA-TCP_SEND: name:enp0s3: saddr:100932208: daddr:33561200: srtt_us:18097942: RTT:2262242: ssthresh:22: cwnd:19: delivered:38: lost:13: retrans:5
[  237.164688] AAAAA-TCP_RECV: name:enp0s3: saddr:33561200: daddr:100932208: srtt_us:18097942: RTT:2262242: ssthresh:22: cwnd:19: delivered:38: lost:13: retrans:5
[  237.164744] AAAAA-TCP_SEND: name:enp0s3: saddr:100932208: daddr:33561200: srtt_us:16874669: RTT:2109333: ssthresh:22: cwnd:20: delivered:39: lost:13: retrans:5
[  237.164776] AAAAA-TCP_SEND: name:enp0s3: saddr:100932208: daddr:33561200: srtt_us:16874669: RTT:2109333: ssthresh:22: cwnd:20: delivered:39: lost:13: retrans:5
[  237.264204] AAAAA-TCP_RECV: name:enp0s3: saddr:33561200: daddr:100932208: srtt_us:16874669: RTT:2109333: ssthresh:22: cwnd:20: delivered:39: lost:13: retrans:5
[  237.264254] AAAAA-TCP_SEND: name:enp0s3: saddr:100932208: daddr:33561200: srtt_us:15903780: RTT:1987972: ssthresh:22: cwnd:21: delivered:40: lost:13: retrans:5
[  237.264279] AAAAA-TCP_SEND: name:enp0s3: saddr:100932208: daddr:33561200: srtt_us:15903780: RTT:1987972: ssthresh:22: cwnd:21: delivered:40: lost:13: retrans:5
[  237.582307] AAAAA-TCP_RECV: name:enp0s3: saddr:33561200: daddr:100932208: srtt_us:15903780: RTT:1987972: ssthresh:22: cwnd:21: delivered:40: lost:13: retrans:5
[  237.582373] AAAAA-TCP_SEND: name:enp0s3: saddr:100932208: daddr:33561200: srtt_us:15372344: RTT:1921543: ssthresh:22: cwnd:22: delivered:41: lost:13: retrans:5
[  237.582400] AAAAA-TCP_SEND: name:enp0s3: saddr:100932208: daddr:33561200: srtt_us:15372344: RTT:1921543: ssthresh:22: cwnd:22: delivered:41: lost:13: retrans:5
[  237.663226] AAAAA-TCP_RECV: name:enp0s3: saddr:33561200: daddr:100932208: srtt_us:15372344: RTT:1921543: ssthresh:22: cwnd:22: delivered:41: lost:13: retrans:5
[  237.663277] AAAAA-TCP_SEND: name:enp0s3: saddr:100932208: daddr:33561200: srtt_us:14988162: RTT:1873520: ssthresh:22: cwnd:23: delivered:42: lost:13: retrans:5
[  237.663315] AAAAA-TCP_SEND: name:enp0s3: saddr:100932208: daddr:33561200: srtt_us:14988162: RTT:1873520: ssthresh:22: cwnd:23: delivered:42: lost:13: retrans:5
[  237.738521] AAAAA-TCP_RECV: name:enp0s3: saddr:33561200: daddr:100932208: srtt_us:14988162: RTT:1873520: ssthresh:22: cwnd:23: delivered:42: lost:13: retrans:5
[  237.738570] AAAAA-TCP_SEND: name:enp0s3: saddr:100932208: daddr:33561200: srtt_us:14727279: RTT:1840909: ssthresh:22: cwnd:23: delivered:43: lost:13: retrans:5
[  237.845122] AAAAA-TCP_RECV: name:enp0s3: saddr:33561200: daddr:100932208: srtt_us:14727279: RTT:1840909: ssthresh:22: cwnd:23: delivered:43: lost:13: retrans:5
[  237.845163] AAAAA-TCP_SEND: name:enp0s3: saddr:100932208: daddr:33561200: srtt_us:14605553: RTT:1825694: ssthresh:22: cwnd:24: delivered:44: lost:13: retrans:5
[  237.845186] AAAAA-TCP_SEND: name:enp0s3: saddr:100932208: daddr:33561200: srtt_us:14605553: RTT:1825694: ssthresh:22: cwnd:24: delivered:44: lost:13: retrans:5
[  237.997149] AAAAA-TCP_RECV: name:enp0s3: saddr:33561200: daddr:100932208: srtt_us:14605553: RTT:1825694: ssthresh:22: cwnd:24: delivered:44: lost:13: retrans:5
[  237.997201] AAAAA-TCP_SEND: name:enp0s3: saddr:100932208: daddr:33561200: srtt_us:14651058: RTT:1831382: ssthresh:22: cwnd:24: delivered:45: lost:13: retrans:5
[  238.160972] AAAAA-TCP_RECV: name:enp0s3: saddr:33561200: daddr:100932208: srtt_us:14651058: RTT:1831382: ssthresh:22: cwnd:24: delivered:45: lost:13: retrans:5
[  238.161071] AAAAA-TCP_SEND: name:enp0s3: saddr:100932208: daddr:33561200: srtt_us:14854660: RTT:1856832: ssthresh:22: cwnd:24: delivered:46: lost:13: retrans:5
[  238.245524] AAAAA-TCP_RECV: name:enp0s3: saddr:33561200: daddr:100932208: srtt_us:14854660: RTT:1856832: ssthresh:22: cwnd:24: delivered:46: lost:13: retrans:5
[  238.245575] AAAAA-TCP_SEND: name:enp0s3: saddr:100932208: daddr:33561200: srtt_us:15117332: RTT:1889666: ssthresh:22: cwnd:25: delivered:47: lost:13: retrans:5
[  238.245600] AAAAA-TCP_SEND: name:enp0s3: saddr:100932208: daddr:33561200: srtt_us:15117332: RTT:1889666: ssthresh:22: cwnd:25: delivered:47: lost:13: retrans:5
[  238.448553] AAAAA-TCP_RECV: name:enp0s3: saddr:33561200: daddr:100932208: srtt_us:15117332: RTT:1889666: ssthresh:22: cwnd:25: delivered:47: lost:13: retrans:5
[  238.448620] AAAAA-TCP_SEND: name:enp0s3: saddr:100932208: daddr:33561200: srtt_us:15550148: RTT:1943768: ssthresh:22: cwnd:25: delivered:48: lost:13: retrans:5
[  238.506743] AAAAA-TCP_RECV: name:enp0s3: saddr:33561200: daddr:100932208: srtt_us:15550148: RTT:1943768: ssthresh:22: cwnd:25: delivered:48: lost:13: retrans:5
[  238.506800] AAAAA-TCP_SEND: name:enp0s3: saddr:100932208: daddr:33561200: srtt_us:15987033: RTT:1998379: ssthresh:22: cwnd:25: delivered:49: lost:13: retrans:5
[  238.624732] AAAAA-TCP_RECV: name:enp0s3: saddr:33561200: daddr:100932208: srtt_us:15987033: RTT:1998379: ssthresh:22: cwnd:25: delivered:49: lost:13: retrans:5
[  238.624784] AAAAA-TCP_SEND: name:enp0s3: saddr:100932208: daddr:33561200: srtt_us:16487239: RTT:2060904: ssthresh:22: cwnd:26: delivered:50: lost:13: retrans:5
[  238.624810] AAAAA-TCP_SEND: name:enp0s3: saddr:100932208: daddr:33561200: srtt_us:16487239: RTT:2060904: ssthresh:22: cwnd:26: delivered:50: lost:13: retrans:5
[  238.783430] AAAAA-TCP_RECV: name:enp0s3: saddr:33561200: daddr:100932208: srtt_us:16487239: RTT:2060904: ssthresh:22: cwnd:26: delivered:50: lost:13: retrans:5
[  238.783521] AAAAA-TCP_SEND: name:enp0s3: saddr:100932208: daddr:33561200: srtt_us:17083563: RTT:2135445: ssthresh:22: cwnd:26: delivered:51: lost:13: retrans:5
[  238.891273] AAAAA-TCP_RECV: name:enp0s3: saddr:16783984: daddr:100932208: srtt_us:25886719: RTT:3235839: ssthresh:18: cwnd:14: delivered:50: lost:1: retrans:2
[  238.891353] AAAAA-TCP_SEND: name:enp0s3: saddr:100932208: daddr:16783984: srtt_us:25415902: RTT:3176987: ssthresh:18: cwnd:15: delivered:51: lost:1: retrans:2
[  238.891523] AAAAA-TCP_SEND: name:enp0s3: saddr:100932208: daddr:16783984: srtt_us:25415902: RTT:3176987: ssthresh:18: cwnd:15: delivered:51: lost:1: retrans:2
[  239.023724] AAAAA-TCP_RECV: name:enp0s3: saddr:16783984: daddr:100932208: srtt_us:25415902: RTT:3176987: ssthresh:18: cwnd:15: delivered:51: lost:1: retrans:2
[  239.023802] AAAAA-TCP_SEND: name:enp0s3: saddr:100932208: daddr:16783984: srtt_us:25136296: RTT:3142037: ssthresh:18: cwnd:16: delivered:52: lost:1: retrans:2
[  239.023858] AAAAA-TCP_SEND: name:enp0s3: saddr:100932208: daddr:16783984: srtt_us:25136296: RTT:3142037: ssthresh:18: cwnd:16: delivered:52: lost:1: retrans:2
[  239.192149] AAAAA-TCP_RECV: name:enp0s3: saddr:16783984: daddr:100932208: srtt_us:25136296: RTT:3142037: ssthresh:18: cwnd:16: delivered:52: lost:1: retrans:2
[  239.192215] AAAAA-TCP_SEND: name:enp0s3: saddr:100932208: daddr:16783984: srtt_us:25060068: RTT:3132508: ssthresh:18: cwnd:17: delivered:53: lost:1: retrans:2
[  239.192246] AAAAA-TCP_SEND: name:enp0s3: saddr:100932208: daddr:16783984: srtt_us:25060068: RTT:3132508: ssthresh:18: cwnd:17: delivered:53: lost:1: retrans:2
[  239.304259] AAAAA-TCP_RECV: name:enp0s3: saddr:16783984: daddr:100932208: srtt_us:25060068: RTT:3132508: ssthresh:18: cwnd:17: delivered:53: lost:1: retrans:2
[  239.304318] AAAAA-TCP_SEND: name:enp0s3: saddr:100932208: daddr:16783984: srtt_us:25105424: RTT:3138178: ssthresh:18: cwnd:18: delivered:54: lost:1: retrans:2
[  239.304349] AAAAA-TCP_SEND: name:enp0s3: saddr:100932208: daddr:16783984: srtt_us:25105424: RTT:3138178: ssthresh:18: cwnd:18: delivered:54: lost:1: retrans:2
[  239.465610] AAAAA-TCP_RECV: name:enp0s3: saddr:16783984: daddr:100932208: srtt_us:25105424: RTT:3138178: ssthresh:18: cwnd:18: delivered:54: lost:1: retrans:2
[  239.465716] AAAAA-TCP_SEND: name:enp0s3: saddr:100932208: daddr:16783984: srtt_us:25306464: RTT:3163308: ssthresh:18: cwnd:19: delivered:55: lost:1: retrans:2
[  239.465775] AAAAA-TCP_SEND: name:enp0s3: saddr:100932208: daddr:16783984: srtt_us:25306464: RTT:3163308: ssthresh:18: cwnd:19: delivered:55: lost:1: retrans:2
[  239.645261] AAAAA-TCP_RECV: name:enp0s3: saddr:16783984: daddr:100932208: srtt_us:25306464: RTT:3163308: ssthresh:18: cwnd:19: delivered:55: lost:1: retrans:2
[  239.645382] AAAAA-TCP_SEND: name:enp0s3: saddr:100932208: daddr:16783984: srtt_us:25661979: RTT:3207747: ssthresh:18: cwnd:19: delivered:56: lost:1: retrans:2
[  239.830068] AAAAA-TCP_RECV: name:enp0s3: saddr:16783984: daddr:100932208: srtt_us:25661979: RTT:3207747: ssthresh:18: cwnd:19: delivered:56: lost:1: retrans:2
[  239.830198] AAAAA-TCP_SEND: name:enp0s3: saddr:100932208: daddr:16783984: srtt_us:26157842: RTT:3269730: ssthresh:18: cwnd:22: delivered:61: lost:1: retrans:2
[  239.830265] AAAAA-TCP_SEND: name:enp0s3: saddr:100932208: daddr:16783984: srtt_us:26157842: RTT:3269730: ssthresh:18: cwnd:22: delivered:61: lost:1: retrans:2
[  239.832226] AAAAA-TCP_SEND: name:enp0s3: saddr:100932208: daddr:16783984: srtt_us:26157842: RTT:3269730: ssthresh:18: cwnd:22: delivered:61: lost:1: retrans:2
[  239.832277] AAAAA-TCP_SEND: name:enp0s3: saddr:100932208: daddr:16783984: srtt_us:26157842: RTT:3269730: ssthresh:18: cwnd:22: delivered:61: lost:1: retrans:2
[  239.832516] AAAAA-TCP_SEND: name:enp0s3: saddr:100932208: daddr:16783984: srtt_us:26157842: RTT:3269730: ssthresh:18: cwnd:22: delivered:61: lost:1: retrans:2
[  239.832563] AAAAA-TCP_SEND: name:enp0s3: saddr:100932208: daddr:16783984: srtt_us:26157842: RTT:3269730: ssthresh:18: cwnd:22: delivered:61: lost:1: retrans:2
[  239.832786] AAAAA-TCP_SEND: name:enp0s3: saddr:100932208: daddr:16783984: srtt_us:26157842: RTT:3269730: ssthresh:18: cwnd:22: delivered:61: lost:1: retrans:2
[  239.832815] AAAAA-TCP_SEND: name:enp0s3: saddr:100932208: daddr:16783984: srtt_us:26157842: RTT:3269730: ssthresh:18: cwnd:22: delivered:61: lost:1: retrans:2
[  240.021422] AAAAA-TCP_RECV: name:enp0s3: saddr:16783984: daddr:100932208: srtt_us:26157842: RTT:3269730: ssthresh:18: cwnd:22: delivered:61: lost:1: retrans:2
[  240.021439] AAAAA-TCP_SEND: name:enp0s3: saddr:100932208: daddr:16783984: srtt_us:26157842: RTT:3269730: ssthresh:18: cwnd:22: delivered:61: lost:1: retrans:2
[  240.272573] AAAAA-TCP_RECV: name:enp0s3: saddr:16783984: daddr:100932208: srtt_us:26157842: RTT:3269730: ssthresh:18: cwnd:22: delivered:61: lost:1: retrans:2
[  240.389919] AAAAA-TCP_RECV: name:enp0s3: saddr:16783984: daddr:100932208: srtt_us:26157842: RTT:3269730: ssthresh:18: cwnd:22: delivered:61: lost:1: retrans:2
[  240.390031] AAAAA-TCP_SEND: name:enp0s3: saddr:100932208: daddr:16783984: srtt_us:27151279: RTT:3393909: ssthresh:18: cwnd:22: delivered:62: lost:1: retrans:2
[  240.634947] AAAAA-TCP_RECV: name:enp0s3: saddr:16783984: daddr:100932208: srtt_us:27151279: RTT:3393909: ssthresh:18: cwnd:22: delivered:62: lost:1: retrans:2
[  240.635001] AAAAA-TCP_SEND: name:enp0s3: saddr:100932208: daddr:16783984: srtt_us:27151279: RTT:3393909: ssthresh:18: cwnd:22: delivered:62: lost:1: retrans:2
[  240.655958] AAAAA-TCP_RECV: name:enp0s3: saddr:16783984: daddr:100932208: srtt_us:27151279: RTT:3393909: ssthresh:18: cwnd:22: delivered:62: lost:1: retrans:2
[  240.656001] AAAAA-TCP_SEND: name:enp0s3: saddr:100932208: daddr:16783984: srtt_us:28286525: RTT:3535815: ssthresh:18: cwnd:22: delivered:63: lost:1: retrans:2
[  240.767726] AAAAA-TCP_RECV: name:enp0s3: saddr:16783984: daddr:100932208: srtt_us:28286525: RTT:3535815: ssthresh:18: cwnd:22: delivered:63: lost:1: retrans:2
[  240.967244] AAAAA-TCP_RECV: name:enp0s3: saddr:16783984: daddr:100932208: srtt_us:28286525: RTT:3535815: ssthresh:18: cwnd:22: delivered:63: lost:1: retrans:2
[  240.967318] AAAAA-TCP_SEND: name:enp0s3: saddr:100932208: daddr:16783984: srtt_us:29591078: RTT:3698884: ssthresh:18: cwnd:23: delivered:64: lost:1: retrans:2
[  240.967354] AAAAA-TCP_SEND: name:enp0s3: saddr:100932208: daddr:16783984: srtt_us:29591078: RTT:3698884: ssthresh:18: cwnd:23: delivered:64: lost:1: retrans:2
[  241.178607] AAAAA-TCP_RECV: name:enp0s3: saddr:33561200: daddr:100932208: srtt_us:17083563: RTT:2135445: ssthresh:22: cwnd:26: delivered:51: lost:13: retrans:5
[  241.178681] AAAAA-TCP_SEND: name:enp0s3: saddr:100932208: daddr:33561200: srtt_us:19606603: RTT:2450825: ssthresh:22: cwnd:27: delivered:52: lost:13: retrans:5
[  241.178711] AAAAA-TCP_SEND: name:enp0s3: saddr:100932208: daddr:33561200: srtt_us:19606603: RTT:2450825: ssthresh:22: cwnd:27: delivered:52: lost:13: retrans:5
[  241.562672] AAAAA-TCP_RECV: name:enp0s3: saddr:33561200: daddr:100932208: srtt_us:19606603: RTT:2450825: ssthresh:22: cwnd:27: delivered:52: lost:13: retrans:5
[  241.562733] AAAAA-TCP_SEND: name:enp0s3: saddr:100932208: daddr:33561200: srtt_us:22198328: RTT:2774791: ssthresh:22: cwnd:27: delivered:53: lost:13: retrans:5
[  241.801229] AAAAA-TCP_RECV: name:enp0s3: saddr:33561200: daddr:100932208: srtt_us:22198328: RTT:2774791: ssthresh:22: cwnd:27: delivered:53: lost:13: retrans:5
[  241.801297] AAAAA-TCP_SEND: name:enp0s3: saddr:100932208: daddr:33561200: srtt_us:24465020: RTT:3058127: ssthresh:22: cwnd:28: delivered:54: lost:13: retrans:5
[  241.801327] AAAAA-TCP_SEND: name:enp0s3: saddr:100932208: daddr:33561200: srtt_us:24465020: RTT:3058127: ssthresh:22: cwnd:28: delivered:54: lost:13: retrans:5
[  242.105594] AAAAA-TCP_RECV: name:enp0s3: saddr:33561200: daddr:100932208: srtt_us:24465020: RTT:3058127: ssthresh:22: cwnd:28: delivered:54: lost:13: retrans:5
[  242.105657] AAAAA-TCP_SEND: name:enp0s3: saddr:100932208: daddr:33561200: srtt_us:26752740: RTT:3344092: ssthresh:22: cwnd:28: delivered:55: lost:13: retrans:5
[  242.211838] AAAAA-TCP_RECV: name:enp0s3: saddr:33561200: daddr:100932208: srtt_us:26752740: RTT:3344092: ssthresh:22: cwnd:28: delivered:55: lost:13: retrans:5
[  242.211890] AAAAA-TCP_SEND: name:enp0s3: saddr:100932208: daddr:33561200: srtt_us:28650356: RTT:3581294: ssthresh:22: cwnd:29: delivered:56: lost:13: retrans:5
[  242.211930] AAAAA-TCP_SEND: name:enp0s3: saddr:100932208: daddr:33561200: srtt_us:28650356: RTT:3581294: ssthresh:22: cwnd:29: delivered:56: lost:13: retrans:5
[  242.296559] AAAAA-TCP_RECV: name:enp0s3: saddr:33561200: daddr:100932208: srtt_us:28650356: RTT:3581294: ssthresh:22: cwnd:29: delivered:56: lost:13: retrans:5
[  242.296593] AAAAA-TCP_SEND: name:enp0s3: saddr:100932208: daddr:33561200: srtt_us:30395488: RTT:3799436: ssthresh:22: cwnd:29: delivered:57: lost:13: retrans:5
[  242.565933] AAAAA-TCP_RECV: name:enp0s3: saddr:33561200: daddr:100932208: srtt_us:30395488: RTT:3799436: ssthresh:22: cwnd:29: delivered:57: lost:13: retrans:5
[  242.565992] AAAAA-TCP_SEND: name:enp0s3: saddr:100932208: daddr:33561200: srtt_us:31997274: RTT:3999659: ssthresh:22: cwnd:30: delivered:58: lost:13: retrans:5
[  242.566015] AAAAA-TCP_SEND: name:enp0s3: saddr:100932208: daddr:33561200: srtt_us:31997274: RTT:3999659: ssthresh:22: cwnd:30: delivered:58: lost:13: retrans:5
[  242.683956] AAAAA-TCP_RECV: name:enp0s3: saddr:33561200: daddr:100932208: srtt_us:31997274: RTT:3999659: ssthresh:22: cwnd:30: delivered:58: lost:13: retrans:5
[  242.683992] AAAAA-TCP_SEND: name:enp0s3: saddr:100932208: daddr:33561200: srtt_us:33516842: RTT:4189605: ssthresh:22: cwnd:30: delivered:59: lost:13: retrans:5
[  242.794485] AAAAA-TCP_RECV: name:enp0s3: saddr:33561200: daddr:100932208: srtt_us:33516842: RTT:4189605: ssthresh:22: cwnd:30: delivered:59: lost:13: retrans:5
[  242.794538] AAAAA-TCP_SEND: name:enp0s3: saddr:100932208: daddr:33561200: srtt_us:34857492: RTT:4357186: ssthresh:22: cwnd:31: delivered:60: lost:13: retrans:5
[  242.794563] AAAAA-TCP_SEND: name:enp0s3: saddr:100932208: daddr:33561200: srtt_us:34857492: RTT:4357186: ssthresh:22: cwnd:31: delivered:60: lost:13: retrans:5
[  243.116943] AAAAA-TCP_RECV: name:enp0s3: saddr:33561200: daddr:100932208: srtt_us:34857492: RTT:4357186: ssthresh:22: cwnd:31: delivered:60: lost:13: retrans:5
[  243.117010] AAAAA-TCP_SEND: name:enp0s3: saddr:100932208: daddr:33561200: srtt_us:36353025: RTT:4544128: ssthresh:22: cwnd:31: delivered:61: lost:13: retrans:5
[  243.274919] AAAAA-TCP_RECV: name:enp0s3: saddr:33561200: daddr:100932208: srtt_us:36353025: RTT:4544128: ssthresh:22: cwnd:31: delivered:61: lost:13: retrans:5
[  243.274964] AAAAA-TCP_SEND: name:enp0s3: saddr:100932208: daddr:33561200: srtt_us:37501456: RTT:4687682: ssthresh:22: cwnd:32: delivered:62: lost:13: retrans:5
[  243.274992] AAAAA-TCP_SEND: name:enp0s3: saddr:100932208: daddr:33561200: srtt_us:37501456: RTT:4687682: ssthresh:22: cwnd:32: delivered:62: lost:13: retrans:5
[  243.341727] AAAAA-TCP_RECV: name:enp0s3: saddr:33561200: daddr:100932208: srtt_us:37501456: RTT:4687682: ssthresh:22: cwnd:32: delivered:62: lost:13: retrans:5
[  243.341780] AAAAA-TCP_SEND: name:enp0s3: saddr:100932208: daddr:33561200: srtt_us:38573158: RTT:4821644: ssthresh:22: cwnd:32: delivered:63: lost:13: retrans:5
[  243.499539] AAAAA-TCP_RECV: name:enp0s3: saddr:33561200: daddr:100932208: srtt_us:38573158: RTT:4821644: ssthresh:22: cwnd:32: delivered:63: lost:13: retrans:5
[  243.499581] AAAAA-TCP_SEND: name:enp0s3: saddr:100932208: daddr:33561200: srtt_us:39587787: RTT:4948473: ssthresh:22: cwnd:33: delivered:64: lost:13: retrans:5
[  243.499606] AAAAA-TCP_SEND: name:enp0s3: saddr:100932208: daddr:33561200: srtt_us:39587787: RTT:4948473: ssthresh:22: cwnd:33: delivered:64: lost:13: retrans:5
[  243.599912] AAAAA-TCP_RECV: name:enp0s3: saddr:33561200: daddr:100932208: srtt_us:39587787: RTT:4948473: ssthresh:22: cwnd:33: delivered:64: lost:13: retrans:5
[  243.600013] AAAAA-TCP_SEND: name:enp0s3: saddr:100932208: daddr:33561200: srtt_us:40575998: RTT:5071999: ssthresh:22: cwnd:33: delivered:65: lost:13: retrans:5
[  243.891178] AAAAA-TCP_RECV: name:enp0s3: saddr:33561200: daddr:100932208: srtt_us:40575998: RTT:5071999: ssthresh:22: cwnd:33: delivered:65: lost:13: retrans:5
