[    0.000000] Linux version 5.4.243-tcp (root@ztg) (gcc version 12.2.0 (Debian 12.2.0-14)) #1 SMP Fri Apr 12 08:27:09 CST 2024
[    0.000000] Command line: BOOT_IMAGE=/boot/vmlinuz-5.4.243-tcp root=UUID=98415a12-53b7-4144-8265-0f7ece09e445 ro quiet splash
[    0.000000] KERNEL supported cpus:
[    0.000000]   Intel GenuineIntel
[    0.000000]   AMD AuthenticAMD
[    0.000000]   Hygon HygonGenuine
[    0.000000]   Centaur CentaurHauls
[    0.000000]   zhaoxin   Shanghai  
[    0.000000] x86/fpu: Supporting XSAVE feature 0x001: 'x87 floating point registers'
[    0.000000] x86/fpu: Supporting XSAVE feature 0x002: 'SSE registers'
[    0.000000] x86/fpu: Supporting XSAVE feature 0x004: 'AVX registers'
[    0.000000] x86/fpu: xstate_offset[2]:  576, xstate_sizes[2]:  256
[    0.000000] x86/fpu: Enabled xstate features 0x7, context size is 832 bytes, using 'standard' format.
[    0.000000] BIOS-provided physical RAM map:
[    0.000000] BIOS-e820: [mem 0x0000000000000000-0x000000000009fbff] usable
[    0.000000] BIOS-e820: [mem 0x000000000009fc00-0x000000000009ffff] reserved
[    0.000000] BIOS-e820: [mem 0x00000000000f0000-0x00000000000fffff] reserved
[    0.000000] BIOS-e820: [mem 0x0000000000100000-0x000000007ffeffff] usable
[    0.000000] BIOS-e820: [mem 0x000000007fff0000-0x000000007fffffff] ACPI data
[    0.000000] BIOS-e820: [mem 0x00000000fec00000-0x00000000fec00fff] reserved
[    0.000000] BIOS-e820: [mem 0x00000000fee00000-0x00000000fee00fff] reserved
[    0.000000] BIOS-e820: [mem 0x00000000fffc0000-0x00000000ffffffff] reserved
[    0.000000] NX (Execute Disable) protection: active
[    0.000000] SMBIOS 2.5 present.
[    0.000000] DMI: innotek GmbH VirtualBox/VirtualBox, BIOS VirtualBox 12/01/2006
[    0.000000] Hypervisor detected: KVM
[    0.000000] kvm-clock: Using msrs 4b564d01 and 4b564d00
[    0.000000] kvm-clock: cpu 0, msr 11201001, primary cpu clock
[    0.000000] kvm-clock: using sched offset of 4461231955 cycles
[    0.000003] clocksource: kvm-clock: mask: 0xffffffffffffffff max_cycles: 0x1cd42e4dffb, max_idle_ns: 881590591483 ns
[    0.000005] tsc: Detected 2100.000 MHz processor
[    0.001851] e820: update [mem 0x00000000-0x00000fff] usable ==> reserved
[    0.001853] e820: remove [mem 0x000a0000-0x000fffff] usable
[    0.001858] last_pfn = 0x7fff0 max_arch_pfn = 0x400000000
[    0.001928] MTRR default type: uncachable
[    0.001928] MTRR fixed ranges enabled:
[    0.001930]   00000-9FFFF write-back
[    0.001930]   A0000-BFFFF uncachable
[    0.001931]   C0000-FFFFF write-protect
[    0.001932] MTRR variable ranges enabled:
[    0.001933]   0 base 000000000000 mask 3FFF80000000 write-back
[    0.001934]   1 disabled
[    0.001934]   2 disabled
[    0.001935]   3 disabled
[    0.001935]   4 disabled
[    0.001936]   5 disabled
[    0.001936]   6 disabled
[    0.001936]   7 disabled
[    0.001937]   8 disabled
[    0.001937]   9 disabled
[    0.001938]   10 disabled
[    0.001938]   11 disabled
[    0.001939]   12 disabled
[    0.001939]   13 disabled
[    0.001939]   14 disabled
[    0.001940]   15 disabled
[    0.001957] x86/PAT: Configuration [0-7]: WB  WC  UC- UC  WB  WP  UC- WT  
[    0.002090] found SMP MP-table at [mem 0x0009fff0-0x0009ffff]
[    0.092022] check: Scanning 1 areas for low memory corruption
[    0.092261] RAMDISK: [mem 0x32275000-0x35131fff]
[    0.092270] ACPI: Early table checksum verification disabled
[    0.092276] ACPI: RSDP 0x00000000000E0000 000024 (v02 VBOX  )
[    0.092281] ACPI: XSDT 0x000000007FFF0030 00003C (v01 VBOX   VBOXXSDT 00000001 ASL  00000061)
[    0.092287] ACPI: FACP 0x000000007FFF00F0 0000F4 (v04 VBOX   VBOXFACP 00000001 ASL  00000061)
[    0.092293] ACPI: DSDT 0x000000007FFF02E0 002353 (v02 VBOX   VBOXBIOS 00000002 VBOX 00029BF3)
[    0.092297] ACPI: FACS 0x000000007FFF0200 000040
[    0.092300] ACPI: FACS 0x000000007FFF0200 000040
[    0.092303] ACPI: APIC 0x000000007FFF0240 000054 (v02 VBOX   VBOXAPIC 00000001 ASL  00000061)
[    0.092307] ACPI: SSDT 0x000000007FFF02A0 000038 (v01 VBOX   VBOXCPUT 00000002 VBOX 00029BF3)
[    0.092310] ACPI: Reserving FACP table memory at [mem 0x7fff00f0-0x7fff01e3]
[    0.092311] ACPI: Reserving DSDT table memory at [mem 0x7fff02e0-0x7fff2632]
[    0.092312] ACPI: Reserving FACS table memory at [mem 0x7fff0200-0x7fff023f]
[    0.092312] ACPI: Reserving FACS table memory at [mem 0x7fff0200-0x7fff023f]
[    0.092313] ACPI: Reserving APIC table memory at [mem 0x7fff0240-0x7fff0293]
[    0.092314] ACPI: Reserving SSDT table memory at [mem 0x7fff02a0-0x7fff02d7]
[    0.092327] ACPI: Local APIC address 0xfee00000
[    0.092512] No NUMA configuration found
[    0.092513] Faking a node at [mem 0x0000000000000000-0x000000007ffeffff]
[    0.092524] NODE_DATA(0) allocated [mem 0x7ffc5000-0x7ffeffff]
[    0.092785] Zone ranges:
[    0.092786]   DMA      [mem 0x0000000000001000-0x0000000000ffffff]
[    0.092788]   DMA32    [mem 0x0000000001000000-0x000000007ffeffff]
[    0.092788]   Normal   empty
[    0.092789]   Device   empty
[    0.092790] Movable zone start for each node
[    0.092792] Early memory node ranges
[    0.092792]   node   0: [mem 0x0000000000001000-0x000000000009efff]
[    0.092793]   node   0: [mem 0x0000000000100000-0x000000007ffeffff]
[    0.092797] Zeroed struct page in unavailable ranges: 114 pages
[    0.092798] Initmem setup node 0 [mem 0x0000000000001000-0x000000007ffeffff]
[    0.092799] On node 0 totalpages: 524174
[    0.092800]   DMA zone: 64 pages used for memmap
[    0.092801]   DMA zone: 21 pages reserved
[    0.092801]   DMA zone: 3998 pages, LIFO batch:0
[    0.092873]   DMA32 zone: 8128 pages used for memmap
[    0.092874]   DMA32 zone: 520176 pages, LIFO batch:63
[    0.102544] ACPI: PM-Timer IO Port: 0x4008
[    0.102547] ACPI: Local APIC address 0xfee00000
[    0.102611] IOAPIC[0]: apic_id 1, version 32, address 0xfec00000, GSI 0-23
[    0.102614] ACPI: INT_SRC_OVR (bus 0 bus_irq 0 global_irq 2 dfl dfl)
[    0.102616] ACPI: INT_SRC_OVR (bus 0 bus_irq 9 global_irq 9 low level)
[    0.102618] ACPI: IRQ0 used by override.
[    0.102619] ACPI: IRQ9 used by override.
[    0.102621] Using ACPI (MADT) for SMP configuration information
[    0.102627] smpboot: Allowing 1 CPUs, 0 hotplug CPUs
[    0.102648] PM: Registered nosave memory: [mem 0x00000000-0x00000fff]
[    0.102649] PM: Registered nosave memory: [mem 0x0009f000-0x0009ffff]
[    0.102650] PM: Registered nosave memory: [mem 0x000a0000-0x000effff]
[    0.102651] PM: Registered nosave memory: [mem 0x000f0000-0x000fffff]
[    0.102652] [mem 0x80000000-0xfebfffff] available for PCI devices
[    0.102653] Booting paravirtualized kernel on KVM
[    0.102655] clocksource: refined-jiffies: mask: 0xffffffff max_cycles: 0xffffffff, max_idle_ns: 7645519600211568 ns
[    0.102660] setup_percpu: NR_CPUS:8192 nr_cpumask_bits:1 nr_cpu_ids:1 nr_node_ids:1
[    0.103669] percpu: Embedded 60 pages/cpu s208896 r8192 d28672 u2097152
[    0.103673] pcpu-alloc: s208896 r8192 d28672 u2097152 alloc=1*2097152
[    0.103674] pcpu-alloc: [0] 0 
[    0.103701] Built 1 zonelists, mobility grouping on.  Total pages: 515961
[    0.103701] Policy zone: DMA32
[    0.103703] Kernel command line: BOOT_IMAGE=/boot/vmlinuz-5.4.243-tcp root=UUID=98415a12-53b7-4144-8265-0f7ece09e445 ro quiet splash
[    0.104533] Dentry cache hash table entries: 262144 (order: 9, 2097152 bytes, linear)
[    0.104681] Inode-cache hash table entries: 131072 (order: 8, 1048576 bytes, linear)
[    0.104731] mem auto-init: stack:off, heap alloc:on, heap free:off
[    0.104733] Calgary: detecting Calgary via BIOS EBDA area
[    0.104734] Calgary: Unable to locate Rio Grande table in EBDA - bailing!
[    0.109827] Memory: 1967340K/2096696K available (14339K kernel code, 2392K rwdata, 4692K rodata, 2720K init, 17272K bss, 129356K reserved, 0K cma-reserved)
[    0.110765] SLUB: HWalign=64, Order=0-3, MinObjects=0, CPUs=1, Nodes=1
[    0.110782] ftrace: allocating 42894 entries in 168 pages
[    0.128754] rcu: Hierarchical RCU implementation.
[    0.128756] rcu: 	RCU restricting CPUs from NR_CPUS=8192 to nr_cpu_ids=1.
[    0.128758] 	Tasks RCU enabled.
[    0.128759] rcu: RCU calculated value of scheduler-enlistment delay is 25 jiffies.
[    0.128759] rcu: Adjusting geometry for rcu_fanout_leaf=16, nr_cpu_ids=1
[    0.131740] NR_IRQS: 524544, nr_irqs: 256, preallocated irqs: 16
[    0.131952] random: crng init done
[    0.141215] Console: colour VGA+ 80x25
[    0.141218] printk: console [tty0] enabled
[    0.141238] ACPI: Core revision 20190816
[    0.141327] APIC: Switch to symmetric I/O mode setup
[    0.141575] x2apic enabled
[    0.141817] Switched APIC routing to physical x2apic.
[    0.142957] ..TIMER: vector=0x30 apic1=0 pin1=2 apic2=-1 pin2=-1
[    0.142981] clocksource: tsc-early: mask: 0xffffffffffffffff max_cycles: 0x1e4530a99b6, max_idle_ns: 440795257976 ns
[    0.142986] Calibrating delay loop (skipped) preset value.. 4200.00 BogoMIPS (lpj=8400000)
[    0.142989] pid_max: default: 32768 minimum: 301
[    0.143017] LSM: Security Framework initializing
[    0.143026] Yama: becoming mindful.
[    0.143051] AppArmor: AppArmor initialized
[    0.143085] Mount-cache hash table entries: 4096 (order: 3, 32768 bytes, linear)
[    0.143090] Mountpoint-cache hash table entries: 4096 (order: 3, 32768 bytes, linear)
[    0.143099] *** VALIDATE tmpfs ***
[    0.143228] *** VALIDATE proc ***
[    0.143267] *** VALIDATE cgroup1 ***
[    0.143268] *** VALIDATE cgroup2 ***
[    0.143411] process: using mwait in idle threads
[    0.143416] Last level iTLB entries: 4KB 64, 2MB 8, 4MB 8
[    0.143417] Last level dTLB entries: 4KB 64, 2MB 0, 4MB 0, 1GB 4
[    0.143438] Spectre V1 : Mitigation: usercopy/swapgs barriers and __user pointer sanitization
[    0.143443] Spectre V2 : Mitigation: Retpolines
[    0.143444] Spectre V2 : Spectre v2 / SpectreRSB mitigation: Filling RSB on context switch
[    0.143445] Spectre V2 : Spectre v2 / SpectreRSB : Filling RSB on VMEXIT
[    0.143445] RETBleed: WARNING: Spectre v2 mitigation leaves CPU vulnerable to RETBleed attacks, data leaks possible!
[    0.143796] RETBleed: Vulnerable
[    0.143797] Speculative Store Bypass: Vulnerable
[    0.143802] TAA: Mitigation: TSX disabled
[    0.143802] MMIO Stale Data: Mitigation: Clear CPU buffers
[    0.147967] Freeing SMP alternatives memory: 40K
[    0.260691] smpboot: CPU0: Intel(R) Xeon(R) Silver 4216 CPU @ 2.10GHz (family: 0x6, model: 0x55, stepping: 0x7)
[    0.260844] Performance Events: unsupported p6 CPU model 85 no PMU driver, software events only.
[    0.260882] rcu: Hierarchical SRCU implementation.
[    0.261366] NMI watchdog: Perf NMI watchdog permanently disabled
[    0.261404] smp: Bringing up secondary CPUs ...
[    0.261405] smp: Brought up 1 node, 1 CPU
[    0.261406] smpboot: Max logical packages: 1
[    0.261408] smpboot: Total of 1 processors activated (4200.00 BogoMIPS)
[    0.262417] devtmpfs: initialized
[    0.262465] x86/mm: Memory block size: 128MB
[    0.262817] clocksource: jiffies: mask: 0xffffffff max_cycles: 0xffffffff, max_idle_ns: 7645041785100000 ns
[    0.262825] futex hash table entries: 256 (order: 2, 16384 bytes, linear)
[    0.262882] pinctrl core: initialized pinctrl subsystem
[    0.262983] PM: RTC time: 14:59:46, date: 2026-01-20
[    0.262983] NET: Registered protocol family 16
[    0.262983] audit: initializing netlink subsys (disabled)
[    0.262983] EISA bus registered
[    0.262983] cpuidle: using governor ladder
[    0.262983] cpuidle: using governor menu
[    0.262983] ACPI: bus type PCI registered
[    0.262983] acpiphp: ACPI Hot Plug PCI Controller Driver version: 0.5
[    0.262983] PCI: Using configuration type 1 for base access
[    0.263384] audit: type=2000 audit(1768892393.153:1): state=initialized audit_enabled=0 res=1
[    0.263471] HugeTLB registered 2.00 MiB page size, pre-allocated 0 pages
[    0.264324] ACPI: Added _OSI(Module Device)
[    0.264325] ACPI: Added _OSI(Processor Device)
[    0.264326] ACPI: Added _OSI(3.0 _SCP Extensions)
[    0.264326] ACPI: Added _OSI(Processor Aggregator Device)
[    0.264327] ACPI: Added _OSI(Linux-Dell-Video)
[    0.264328] ACPI: Added _OSI(Linux-Lenovo-NV-HDMI-Audio)
[    0.264329] ACPI: Added _OSI(Linux-HPI-Hybrid-Graphics)
[    0.266356] ACPI: 2 ACPI AML tables successfully acquired and loaded
[    0.267888] ACPI: Interpreter enabled
[    0.267898] ACPI: (supports S0 S5)
[    0.267899] ACPI: Using IOAPIC for interrupt routing
[    0.268111] PCI: Using host bridge windows from ACPI; if necessary, use "pci=nocrs" and report a bug
[    0.268219] ACPI: Enabled 2 GPEs in block 00 to 07
[    0.273266] ACPI: PCI Root Bridge [PCI0] (domain 0000 [bus 00-ff])
[    0.273271] acpi PNP0A03:00: _OSC: OS supports [ASPM ClockPM Segments MSI HPX-Type3]
[    0.273711] acpi PNP0A03:00: _OSC: not requesting OS control; OS requires [ExtendedConfig ASPM ClockPM MSI]
[    0.273719] acpi PNP0A03:00: fail to add MMCONFIG information, can't access extended PCI configuration space under this bridge.
[    0.274086] PCI host bridge to bus 0000:00
[    0.274088] pci_bus 0000:00: root bus resource [io  0x0000-0x0cf7 window]
[    0.274089] pci_bus 0000:00: root bus resource [io  0x0d00-0xffff window]
[    0.274091] pci_bus 0000:00: root bus resource [mem 0x000a0000-0x000bffff window]
[    0.274092] pci_bus 0000:00: root bus resource [mem 0x80000000-0xfdffffff window]
[    0.274093] pci_bus 0000:00: root bus resource [bus 00-ff]
[    0.274136] pci 0000:00:00.0: [8086:1237] type 00 class 0x060000
[    0.275063] pci 0000:00:01.0: [8086:7000] type 00 class 0x060100
[    0.275811] pci 0000:00:01.1: [8086:7111] type 00 class 0x01018a
[    0.276195] pci 0000:00:01.1: reg 0x20: [io  0xd000-0xd00f]
[    0.276353] pci 0000:00:01.1: legacy IDE quirk: reg 0x10: [io  0x01f0-0x01f7]
[    0.276354] pci 0000:00:01.1: legacy IDE quirk: reg 0x14: [io  0x03f6]
[    0.276355] pci 0000:00:01.1: legacy IDE quirk: reg 0x18: [io  0x0170-0x0177]
[    0.276356] pci 0000:00:01.1: legacy IDE quirk: reg 0x1c: [io  0x0376]
[    0.276891] pci 0000:00:02.0: [15ad:0405] type 00 class 0x030000
[    0.279061] pci 0000:00:02.0: reg 0x10: [io  0xd010-0xd01f]
[    0.283029] pci 0000:00:02.0: reg 0x14: [mem 0xe0000000-0xe7ffffff pref]
[    0.285569] pci 0000:00:02.0: reg 0x18: [mem 0xf0000000-0xf01fffff]
[    0.295495] pci 0000:00:03.0: [1022:2000] type 00 class 0x020000
[    0.296175] pci 0000:00:03.0: reg 0x10: [io  0xd020-0xd03f]
[    0.296787] pci 0000:00:03.0: reg 0x14: [mem 0xf0200000-0xf0200fff]
[    0.301475] pci 0000:00:04.0: [80ee:cafe] type 00 class 0x088000
[    0.302145] pci 0000:00:04.0: reg 0x10: [io  0xd040-0xd05f]
[    0.302766] pci 0000:00:04.0: reg 0x14: [mem 0xf0400000-0xf07fffff]
[    0.303096] pci 0000:00:04.0: reg 0x18: [mem 0xf0800000-0xf0803fff pref]
[    0.306618] pci 0000:00:07.0: [8086:7113] type 00 class 0x068000
[    0.307203] pci 0000:00:07.0: quirk: [io  0x4000-0x403f] claimed by PIIX4 ACPI
[    0.307212] pci 0000:00:07.0: quirk: [io  0x4100-0x410f] claimed by PIIX4 SMB
[    0.307824] pci 0000:00:08.0: [8086:100e] type 00 class 0x020000
[    0.308523] pci 0000:00:08.0: reg 0x10: [mem 0xf0820000-0xf083ffff]
[    0.309679] pci 0000:00:08.0: reg 0x18: [io  0xd060-0xd067]
[    0.312604] pci 0000:00:09.0: [8086:100e] type 00 class 0x020000
[    0.313356] pci 0000:00:09.0: reg 0x10: [mem 0xf0840000-0xf085ffff]
[    0.315101] pci 0000:00:09.0: reg 0x18: [io  0xd068-0xd06f]
[    0.323994] ACPI: PCI Interrupt Link [LNKA] (IRQs 5 9 10 *11)
[    0.324275] ACPI: PCI Interrupt Link [LNKB] (IRQs 5 9 *10 11)
[    0.324380] ACPI: PCI Interrupt Link [LNKC] (IRQs 5 *9 10 11)
[    0.324483] ACPI: PCI Interrupt Link [LNKD] (IRQs 5 9 10 *11)
[    0.324754] iommu: Default domain type: Translated 
[    0.324812] pci 0000:00:02.0: vgaarb: setting as boot VGA device
[    0.324814] pci 0000:00:02.0: vgaarb: VGA device added: decodes=io+mem,owns=io+mem,locks=none
[    0.324816] pci 0000:00:02.0: vgaarb: bridge control possible
[    0.324816] vgaarb: loaded
[    0.327068] SCSI subsystem initialized
[    0.327100] libata version 3.00 loaded.
[    0.327129] ACPI: bus type USB registered
[    0.327143] usbcore: registered new interface driver usbfs
[    0.327149] usbcore: registered new interface driver hub
[    0.327153] usbcore: registered new device driver usb
[    0.327183] pps_core: LinuxPPS API ver. 1 registered
[    0.327184] pps_core: Software ver. 5.3.6 - Copyright 2005-2007 Rodolfo Giometti <giometti@linux.it>
[    0.327186] PTP clock support registered
[    0.327222] EDAC MC: Ver: 3.0.0
[    0.327501] PCI: Using ACPI for IRQ routing
[    0.327503] PCI: pci_cache_line_size set to 64 bytes
[    0.327678] e820: reserve RAM buffer [mem 0x0009fc00-0x0009ffff]
[    0.327681] e820: reserve RAM buffer [mem 0x7fff0000-0x7fffffff]
[    0.327806] NetLabel: Initializing
[    0.327806] NetLabel:  domain hash size = 128
[    0.327806] NetLabel:  protocols = UNLABELED CIPSOv4 CALIPSO
[    0.327825] NetLabel:  unlabeled traffic allowed by default
[    0.329503] clocksource: Switched to clocksource kvm-clock
[    0.339190] *** VALIDATE bpf ***
[    0.339190] VFS: Disk quotas dquot_6.6.0
[    0.339190] VFS: Dquot-cache hash table entries: 512 (order 0, 4096 bytes)
[    0.339190] *** VALIDATE ramfs ***
[    0.339190] *** VALIDATE hugetlbfs ***
[    0.339190] AppArmor: AppArmor Filesystem Enabled
[    0.339190] pnp: PnP ACPI init
[    0.339190] pnp 00:00: Plug and Play ACPI device, IDs PNP0303 (active)
[    0.341946] pnp 00:01: Plug and Play ACPI device, IDs PNP0f03 (active)
[    0.342736] pnp: PnP ACPI: found 2 devices
[    0.343735] thermal_sys: Registered thermal governor 'fair_share'
[    0.343736] thermal_sys: Registered thermal governor 'bang_bang'
[    0.343737] thermal_sys: Registered thermal governor 'step_wise'
[    0.343737] thermal_sys: Registered thermal governor 'user_space'
[    0.343738] thermal_sys: Registered thermal governor 'power_allocator'
[    0.348269] clocksource: acpi_pm: mask: 0xffffff max_cycles: 0xffffff, max_idle_ns: 2085701024 ns
[    0.348309] pci_bus 0000:00: resource 4 [io  0x0000-0x0cf7 window]
[    0.348310] pci_bus 0000:00: resource 5 [io  0x0d00-0xffff window]
[    0.348311] pci_bus 0000:00: resource 6 [mem 0x000a0000-0x000bffff window]
[    0.348312] pci_bus 0000:00: resource 7 [mem 0x80000000-0xfdffffff window]
[    0.348368] NET: Registered protocol family 2
[    0.348445] IP idents hash table entries: 32768 (order: 6, 262144 bytes, linear)
[    0.348819] tcp_listen_portaddr_hash hash table entries: 1024 (order: 2, 16384 bytes, linear)
[    0.348898] TCP established hash table entries: 16384 (order: 5, 131072 bytes, linear)
[    0.348963] TCP bind hash table entries: 16384 (order: 6, 262144 bytes, linear)
[    0.348988] TCP: Hash tables configured (established 16384 bind 16384)
[    0.349033] UDP hash table entries: 1024 (order: 3, 32768 bytes, linear)
[    0.349045] UDP-Lite hash table entries: 1024 (order: 3, 32768 bytes, linear)
[    0.349074] NET: Registered protocol family 1
[    0.349081] NET: Registered protocol family 44
[    0.349106] pci 0000:00:00.0: Limiting direct PCI/PCI transfers
[    0.349119] pci 0000:00:01.0: Activating ISA DMA hang workarounds
[    0.349174] pci 0000:00:02.0: Video device with shadowed ROM at [mem 0x000c0000-0x000dffff]
[    0.349237] PCI: CLS 0 bytes, default 64
[    0.349285] Trying to unpack rootfs image as initramfs...
[    0.528514] Freeing initrd memory: 47860K
[    0.528608] clocksource: tsc: mask: 0xffffffffffffffff max_cycles: 0x1e4530a99b6, max_idle_ns: 440795257976 ns
[    0.528617] clocksource: Switched to clocksource tsc
[    0.528657] platform rtc_cmos: registered platform RTC device (no PNP device found)
[    0.528686] check: Scanning for low memory corruption every 60 seconds
[    0.528994] Initialise system trusted keyrings
[    0.529003] Key type blacklist registered
[    0.529051] workingset: timestamp_bits=36 max_order=19 bucket_order=0
[    0.530293] zbud: loaded
[    0.530649] squashfs: version 4.0 (2009/01/31) Phillip Lougher
[    0.530790] fuse: init (API version 7.31)
[    0.530803] *** VALIDATE fuse ***
[    0.530805] *** VALIDATE fuse ***
[    0.530913] Platform Keyring initialized
[    0.531667] Key type asymmetric registered
[    0.531667] Asymmetric key parser 'x509' registered
[    0.531667] Block layer SCSI generic (bsg) driver version 0.4 loaded (major 244)
[    0.531667] io scheduler mq-deadline registered
[    0.531667] shpchp: Standard Hot Plug PCI Controller Driver version: 0.4
[    0.534282] ACPI: AC Adapter [AC] (on-line)
[    0.534327] input: Power Button as /devices/LNXSYSTM:00/LNXPWRBN:00/input/input0
[    0.534353] ACPI: Power Button [PWRF]
[    0.534438] input: Sleep Button as /devices/LNXSYSTM:00/LNXSLPBN:00/input/input1
[    0.534451] ACPI: Sleep Button [SLPF]
[    0.534688] Serial: 8250/16550 driver, 32 ports, IRQ sharing enabled
[    0.535859] Linux agpgart interface v0.103
[    0.631091] loop: module loaded
[    0.631237] ata_piix 0000:00:01.1: version 2.13
[    0.631643] scsi host0: ata_piix
[    0.631730] scsi host1: ata_piix
[    0.631757] ata1: PATA max UDMA/33 cmd 0x1f0 ctl 0x3f6 bmdma 0xd000 irq 14
[    0.631758] ata2: PATA max UDMA/33 cmd 0x170 ctl 0x376 bmdma 0xd008 irq 15
[    0.631835] tun: Universal TUN/TAP device driver, 1.6
[    0.632147] PPP generic driver version 2.4.2
[    0.632192] VFIO - User Level meta-driver version: 0.3
[    0.632453] ehci_hcd: USB 2.0 'Enhanced' Host Controller (EHCI) Driver
[    0.632460] ehci-pci: EHCI PCI platform driver
[    0.632474] ehci-platform: EHCI generic platform driver
[    0.632479] ohci_hcd: USB 1.1 'Open' Host Controller (OHCI) Driver
[    0.632481] ohci-pci: OHCI PCI platform driver
[    0.632487] ohci-platform: OHCI generic platform driver
[    0.632491] uhci_hcd: USB Universal Host Controller Interface driver
[    0.632552] i8042: PNP: PS/2 Controller [PNP0303:PS2K,PNP0f03:PS2M] at 0x60,0x64 irq 1,12
[    0.633000] serio: i8042 KBD port at 0x60,0x64 irq 1
[    0.633004] serio: i8042 AUX port at 0x60,0x64 irq 12
[    0.633090] mousedev: PS/2 mouse device common for all mice
[    0.633339] input: AT Translated Set 2 keyboard as /devices/platform/i8042/serio0/input/input2
[    0.633740] rtc_cmos rtc_cmos: registered as rtc0
[    0.633753] rtc_cmos rtc_cmos: alarms up to one day, 114 bytes nvram
[    0.633758] i2c /dev entries driver
[    0.633802] device-mapper: uevent: version 1.0.3
[    0.633844] device-mapper: ioctl: 4.41.0-ioctl (2019-09-16) initialised: dm-devel@redhat.com
[    0.633860] platform eisa.0: Probing EISA bus 0
[    0.633862] platform eisa.0: EISA: Cannot allocate resource for mainboard
[    0.633863] platform eisa.0: Cannot allocate resource for EISA slot 1
[    0.633864] platform eisa.0: Cannot allocate resource for EISA slot 2
[    0.633865] platform eisa.0: Cannot allocate resource for EISA slot 3
[    0.633866] platform eisa.0: Cannot allocate resource for EISA slot 4
[    0.633867] platform eisa.0: Cannot allocate resource for EISA slot 5
[    0.633868] platform eisa.0: Cannot allocate resource for EISA slot 6
[    0.633868] platform eisa.0: Cannot allocate resource for EISA slot 7
[    0.633869] platform eisa.0: Cannot allocate resource for EISA slot 8
[    0.633870] platform eisa.0: EISA: Detected 0 cards
[    0.633873] intel_pstate: CPU model not supported
[    0.633882] ledtrig-cpu: registered to indicate activity on CPUs
[    0.633931] drop_monitor: Initializing network drop monitor service
[    0.634093] NET: Registered protocol family 10
[    0.639204] Segment Routing with IPv6
[    0.639204] NET: Registered protocol family 17
[    0.639204] Key type dns_resolver registered
[    0.639204] RAS: Correctable Errors collector initialized.
[    0.639204] IPI shorthand broadcast: enabled
[    0.639204] sched_clock: Marking stable (624162904, 11041850)->(637503174, -2298420)
[    0.639503] registered taskstats version 1
[    0.639514] Loading compiled-in X.509 certificates
[    0.640111] Loaded X.509 cert 'Build time autogenerated kernel key: 0a9e52cc6eb58eed9b63e328679db6d5d5216245'
[    0.640130] zswap: loaded using pool lzo/zbud
[    0.640189] Key type ._fscrypt registered
[    0.640190] Key type .fscrypt registered
[    0.644660] Key type big_key registered
[    0.646856] Key type encrypted registered
[    0.646859] AppArmor: AppArmor sha1 policy hashing enabled
[    0.646866] ima: No TPM chip found, activating TPM-bypass!
[    0.646871] ima: Allocated hash algorithm: sha1
[    0.646877] ima: No architecture policies found
[    0.646885] evm: Initialising EVM extended attributes:
[    0.646885] evm: security.selinux
[    0.646886] evm: security.SMACK64
[    0.646886] evm: security.SMACK64EXEC
[    0.646887] evm: security.SMACK64TRANSMUTE
[    0.646887] evm: security.SMACK64MMAP
[    0.646888] evm: security.apparmor
[    0.646888] evm: security.ima
[    0.646889] evm: security.capability
[    0.646889] evm: HMAC attrs: 0x1
[    0.647181] PM:   Magic number: 10:399:991
[    0.647298] rtc_cmos rtc_cmos: setting system clock to 2026-01-20T14:59:47 UTC (1768921187)
[    0.804710] ata1.00: ATA-6: VBOX HARDDISK, 1.0, max UDMA/133
[    0.804714] ata1.00: 209715200 sectors, multi 128: LBA 
[    0.805417] scsi 0:0:0:0: Direct-Access     ATA      VBOX HARDDISK    1.0  PQ: 0 ANSI: 5
[    0.805720] sd 0:0:0:0: [sda] 209715200 512-byte logical blocks: (107 GB/100 GiB)
[    0.805732] sd 0:0:0:0: [sda] Write Protect is off
[    0.805736] sd 0:0:0:0: [sda] Mode Sense: 00 3a 00 00
[    0.805755] sd 0:0:0:0: [sda] Write cache: enabled, read cache: enabled, doesn't support DPO or FUA
[    0.806082] sd 0:0:0:0: Attached scsi generic sg0 type 0
[    0.806901]  sda: sda1 sda2
[    0.819305] sd 0:0:0:0: [sda] Attached SCSI disk
[    0.822724] Freeing unused decrypted memory: 2040K
[    0.823705] Freeing unused kernel image memory: 2720K
[    0.823708] Write protecting the kernel read-only data: 22528k
[    0.824755] Freeing unused kernel image memory: 2036K
[    0.825329] Freeing unused kernel image memory: 1452K
[    0.852272] x86/mm: Checked W+X mappings: passed, no W+X pages found.
[    0.852276] Run /init as init process
[    0.956247] ACPI: Video Device [GFX0] (multi-head: yes  rom: no  post: no)
[    0.956321] input: Video Bus as /devices/LNXSYSTM:00/LNXSYBUS:00/PNP0A03:00/LNXVIDEO:00/input/input4
[    0.968678] pcnet32: pcnet32.c:v1.35 21.Apr.2008 tsbogend@alpha.franken.de
[    0.969575] pcnet32: PCnet/FAST III 79C973 at 0xd020, 08:00:27:f7:d0:62 assigned IRQ 19
[    0.969619] pcnet32: Found PHY 0022:561b at address 0
[    0.969917] pcnet32: eth0: registered as PCnet/FAST III 79C973
[    0.970311] pcnet32: 1 cards_found
[    0.972009] piix4_smbus 0000:00:07.0: SMBus Host Controller at 0x4100, revision 0
[    0.975680] e1000: Intel(R) PRO/1000 Network Driver - version 7.3.21-k8-NAPI
[    0.975681] e1000: Copyright (c) 1999-2006 Intel Corporation.
[    1.042159] pcnet32 0000:00:03.0 enp0s3: renamed from eth0
[    1.188855] input: ImExPS/2 Generic Explorer Mouse as /devices/platform/i8042/serio1/input/input5
[    1.383372] e1000 0000:00:08.0 eth0: (PCI:33MHz:32-bit) 08:00:27:a4:7b:d3
[    1.383377] e1000 0000:00:08.0 eth0: Intel(R) PRO/1000 Network Connection
[    1.755382] e1000 0000:00:09.0 eth1: (PCI:33MHz:32-bit) 08:00:27:aa:f7:e4
[    1.755385] e1000 0000:00:09.0 eth1: Intel(R) PRO/1000 Network Connection
[    1.756554] e1000 0000:00:09.0 enp0s9: renamed from eth1
[    1.758304] e1000 0000:00:08.0 enp0s8: renamed from eth0
[    1.817136] EXT4-fs (sda2): mounted filesystem with ordered data mode. Opts: (null)
[    1.912910] systemd[1]: Inserted module 'autofs4'
[    1.926321] systemd[1]: systemd 245.4-4ubuntu3 running in system mode. (+PAM +AUDIT +SELINUX +IMA +APPARMOR +SMACK +SYSVINIT +UTMP +LIBCRYPTSETUP +GCRYPT +GNUTLS +ACL +XZ +LZ4 +SECCOMP +BLKID +ELFUTILS +KMOD +IDN2 -IDN +PCRE2 default-hierarchy=hybrid)
[    1.926348] systemd[1]: Detected virtualization oracle.
[    1.926351] systemd[1]: Detected architecture x86-64.
[    1.927704] systemd[1]: Set hostname to <ztg>.
[    2.054402] systemd[1]: /lib/systemd/system/dbus.socket:5: ListenStream= references a path below legacy directory /var/run/, updating /var/run/dbus/system_bus_socket â†’ /run/dbus/system_bus_socket; please update the unit file accordingly.
[    2.110940] systemd[1]: Created slice system-modprobe.slice.
[    2.111189] systemd[1]: Created slice User and Session Slice.
[    2.111238] systemd[1]: Started Forward Password Requests to Wall Directory Watch.
[    2.111396] systemd[1]: Set up automount Arbitrary Executable File Formats File System Automount Point.
[    2.111427] systemd[1]: Reached target User and Group Name Lookups.
[    2.111435] systemd[1]: Reached target Remote File Systems.
[    2.111443] systemd[1]: Reached target Slices.
[    2.112102] systemd[1]: Listening on Syslog Socket.
[    2.112168] systemd[1]: Listening on fsck to fsckd communication Socket.
[    2.112204] systemd[1]: Listening on initctl Compatibility Named Pipe.
[    2.112346] systemd[1]: Listening on Journal Audit Socket.
[    2.112397] systemd[1]: Listening on Journal Socket (/dev/log).
[    2.112465] systemd[1]: Listening on Journal Socket.
[    2.112529] systemd[1]: Listening on udev Control Socket.
[    2.112568] systemd[1]: Listening on udev Kernel Socket.
[    2.113276] systemd[1]: Mounting Huge Pages File System...
[    2.114149] systemd[1]: Mounting POSIX Message Queue File System...
[    2.114998] systemd[1]: Mounting Kernel Debug File System...
[    2.115866] systemd[1]: Mounting Kernel Trace File System...
[    2.117806] systemd[1]: Starting Journal Service...
[    2.141897] systemd[1]: Starting Set the console keyboard layout...
[    2.150698] systemd[1]: Starting Create list of static device nodes for the current kernel...
[    2.152742] systemd[1]: Starting Load Kernel Module drm...
[    2.153737] systemd[1]: Condition check resulted in Set Up Additional Binary Formats being skipped.
[    2.153781] systemd[1]: Condition check resulted in File System Check on Root Device being skipped.
[    2.164736] systemd[1]: Starting Load Kernel Modules...
[    2.170049] systemd[1]: Starting Remount Root and Kernel File Systems...
[    2.181836] systemd[1]: Starting udev Coldplug all Devices...
[    2.195327] systemd[1]: Starting Uncomplicated firewall...
[    2.196872] systemd[1]: Mounted Huge Pages File System.
[    2.196960] systemd[1]: Mounted POSIX Message Queue File System.
[    2.197040] systemd[1]: Mounted Kernel Debug File System.
[    2.197112] systemd[1]: Mounted Kernel Trace File System.
[    2.197632] EXT4-fs (sda2): re-mounted. Opts: errors=remount-ro
[    2.217033] systemd[1]: Finished Create list of static device nodes for the current kernel.
[    2.217865] systemd[1]: modprobe@drm.service: Succeeded.
[    2.240781] systemd[1]: Finished Load Kernel Module drm.
[    2.241328] systemd[1]: Finished Remount Root and Kernel File Systems.
[    2.242326] systemd[1]: Finished Uncomplicated firewall.
[    2.257721] systemd[1]: Condition check resulted in Rebuild Hardware Database being skipped.
[    2.257754] systemd[1]: Condition check resulted in Platform Persistent Storage Archival being skipped.
[    2.258423] systemd[1]: Starting Load/Save Random Seed...
[    2.260250] lp: driver loaded but no devices found
[    2.266522] systemd[1]: Starting Create System Users...
[    2.278179] systemd[1]: Finished Load/Save Random Seed.
[    2.279573] ppdev: user-space parallel port driver
[    2.288607] systemd[1]: Finished Create System Users.
[    2.289791] systemd[1]: Starting Create Static Device Nodes in /dev...
[    2.331350] systemd[1]: Finished udev Coldplug all Devices.
[    2.339657] systemd[1]: Finished Create Static Device Nodes in /dev.
[    2.340420] systemd[1]: Starting udev Kernel Device Manager...
[    2.363686] [drm] DMA map mode: Caching DMA mappings.
[    2.363750] [drm] Capabilities:
[    2.363750] [drm]   Rect copy.
[    2.363750] [drm]   Cursor.
[    2.363751] [drm]   Cursor bypass.
[    2.363751] [drm]   Cursor bypass 2.
[    2.363751] [drm]   Alpha cursor.
[    2.363752] [drm]   Extended Fifo.
[    2.363752] [drm]   Pitchlock.
[    2.363752] [drm]   Irq mask.
[    2.363753] [drm]   GMR.
[    2.363753] [drm]   Traces.
[    2.363753] [drm]   GMR2.
[    2.363754] [drm]   Screen Object 2.
[    2.363754] [drm]   Command Buffers.
[    2.363755] [drm]   Command Buffers 2.
[    2.363755] [drm]   Guest Backed Resources.
[    2.363756] [drm] Max GMR ids is 8192
[    2.363756] [drm] Max number of GMR pages is 1048576
[    2.363757] [drm] Max dedicated hypervisor surface memory is 393216 kiB
[    2.363757] [drm] Maximum display memory size is 131072 kiB
[    2.363758] [drm] VRAM at 0xe0000000 size is 131072 kiB
[    2.363759] [drm] MMIO at 0xf0000000 size is 2048 kiB
[    2.364268] [TTM] Zone  kernel: Available graphics memory: 1011744 KiB
[    2.364269] [TTM] Initializing pool allocator
[    2.364272] [TTM] Initializing DMA pool allocator
[    2.364308] [drm] Supports vblank timestamp caching Rev 2 (21.10.2013).
[    2.364308] [drm] No driver support for vblank timestamp query.
[    2.364558] [drm] Screen Target Display device initialized
[    2.364777] [drm] width 720
[    2.364787] [drm] height 400
[    2.364791] [drm] bpp 32
[    2.365327] [drm] Fifo max 0x00200000 min 0x00001000 cap 0x00000355
[    2.366415] [drm] Using command buffers with DMA pool.
[    2.366418] [drm] DX: no.
[    2.366418] [drm] Atomic: yes.
[    2.366419] [drm] SM4_1: no.
[    2.366437] [drm:vmw_host_log [vmwgfx]] *ERROR* Failed to send host log message.
[    2.368602] [drm:vmw_host_log [vmwgfx]] *ERROR* Failed to send host log message.
[    2.374247] fbcon: svgadrmfb (fb0) is primary device
[    2.381064] Console: switching to colour frame buffer device 100x37
[    2.394305] [drm] Initialized vmwgfx 2.15.0 20180704 for 0000:00:02.0 on minor 0
[    2.395255] systemd[1]: Finished Load Kernel Modules.
[    2.396141] systemd[1]: Mounting FUSE Control File System...
[    2.397285] systemd[1]: Mounting Kernel Configuration File System...
[    2.402362] systemd[1]: Starting Apply Kernel Variables...
[    2.412945] systemd[1]: Mounted FUSE Control File System.
[    2.413007] systemd[1]: Condition check resulted in VMware vmblock fuse mount being skipped.
[    2.418052] systemd[1]: Mounted Kernel Configuration File System.
[    2.441272] systemd[1]: Finished Set the console keyboard layout.
[    2.441361] systemd[1]: Reached target Local File Systems (Pre).
[    2.443528] systemd[1]: Mounting Mount unit for bare, revision 5...
[    2.445532] systemd[1]: Mounting Mount unit for core18, revision 1705...
[    2.455989] systemd[1]: Mounting Mount unit for gnome-3-34-1804, revision 24...
[    2.468851] systemd[1]: Mounting Mount unit for gtk-common-themes, revision 1506...
[    2.473404] systemd[1]: Mounting Mount unit for gtk-common-themes, revision 1535...
[    2.480927] systemd[1]: Mounting Mount unit for snap-store, revision 433...
[    2.501353] systemd[1]: Mounting Mount unit for snapd, revision 25935...
[    2.509667] systemd[1]: Finished Apply Kernel Variables.
[    2.519628] systemd[1]: Mounted Mount unit for bare, revision 5.
[    2.520526] systemd[1]: Mounted Mount unit for core18, revision 1705.
[    2.520607] systemd[1]: Mounted Mount unit for gnome-3-34-1804, revision 24.
[    2.551791] systemd[1]: Mounted Mount unit for gtk-common-themes, revision 1506.
[    2.577233] systemd[1]: Mounted Mount unit for snap-store, revision 433.
[    2.579822] systemd[1]: Started udev Kernel Device Manager.
[    2.580497] systemd[1]: Starting Show Plymouth Boot Screen...
[    2.584096] systemd[1]: Mounted Mount unit for gtk-common-themes, revision 1535.
[    2.587046] systemd[1]: Mounted Mount unit for snapd, revision 25935.
[    2.591357] systemd[1]: Reached target Local File Systems.
[    2.595673] systemd[1]: Starting Load AppArmor profiles...
[    2.614972] systemd[1]: Starting Set console font and keymap...
[    2.623866] systemd[1]: Starting Tell Plymouth To Write Out Runtime Data...
[    2.623923] systemd[1]: Condition check resulted in Store a System Token in an EFI Variable being skipped.
[    2.623971] systemd[1]: Condition check resulted in Commit a transient machine-id on disk being skipped.
[    2.624598] systemd[1]: Received SIGRTMIN+20 from PID 275 (plymouthd).
[    2.631324] systemd[1]: Finished Set console font and keymap.
[    2.639761] systemd[1]: Received SIGRTMIN+20 from PID 275 (plymouthd).
[    2.641462] systemd[1]: Started Show Plymouth Boot Screen.
[    2.641592] systemd[1]: Condition check resulted in Dispatch Password Requests to Console Directory Watch being skipped.
[    2.641669] systemd[1]: Started Forward Password Requests to Plymouth Directory Watch.
[    2.641700] systemd[1]: Reached target Local Encrypted Volumes.
[    2.642006] systemd[1]: plymouth-read-write.service: Succeeded.
[    2.642230] systemd[1]: Finished Tell Plymouth To Write Out Runtime Data.
[    2.658176] audit: type=1400 audit(1768921189.508:2): apparmor="STATUS" operation="profile_load" profile="unconfined" name="nvidia_modprobe" pid=294 comm="apparmor_parser"
[    2.658178] audit: type=1400 audit(1768921189.508:3): apparmor="STATUS" operation="profile_load" profile="unconfined" name="nvidia_modprobe//kmod" pid=294 comm="apparmor_parser"
[    2.696290] audit: type=1400 audit(1768921189.544:4): apparmor="STATUS" operation="profile_load" profile="unconfined" name="/usr/sbin/tcpdump" pid=295 comm="apparmor_parser"
[    2.740045] audit: type=1400 audit(1768921189.580:5): apparmor="STATUS" operation="profile_load" profile="unconfined" name="/usr/bin/evince" pid=302 comm="apparmor_parser"
[    2.740047] audit: type=1400 audit(1768921189.580:6): apparmor="STATUS" operation="profile_load" profile="unconfined" name="/usr/bin/evince//sanitized_helper" pid=302 comm="apparmor_parser"
[    2.740048] audit: type=1400 audit(1768921189.580:7): apparmor="STATUS" operation="profile_load" profile="unconfined" name="/usr/bin/evince-previewer" pid=302 comm="apparmor_parser"
[    2.740050] audit: type=1400 audit(1768921189.580:8): apparmor="STATUS" operation="profile_load" profile="unconfined" name="/usr/bin/evince-previewer//sanitized_helper" pid=302 comm="apparmor_parser"
[    2.740051] audit: type=1400 audit(1768921189.580:9): apparmor="STATUS" operation="profile_load" profile="unconfined" name="/usr/bin/evince-thumbnailer" pid=302 comm="apparmor_parser"
[    2.770466] audit: type=1400 audit(1768921189.616:10): apparmor="STATUS" operation="profile_load" profile="unconfined" name="/usr/lib/cups/backend/cups-pdf" pid=303 comm="apparmor_parser"
[    2.829804] systemd[1]: Finished Load AppArmor profiles.
[    2.830725] systemd[1]: Starting Load AppArmor profiles managed internally by snapd...
[    2.943464] systemd[1]: Finished Load AppArmor profiles managed internally by snapd.
[    3.082313] systemd[1]: Started Journal Service.
[    3.091519] systemd-journald[228]: Received client request to flush runtime journal.
[    4.442283] RAPL PMU: API unit is 2^-32 Joules, 0 fixed counters, 10737418240 ms ovfl timer
[    4.514209] cryptd: max_cpu_qlen set to 1000
[    4.573044] AVX2 version of gcm_enc/dec engaged.
[    4.573045] AES CTR mode by8 optimization enabled
[    6.413197] Adding 1998844k swap on /dev/sda1.  Priority:-2 extents:1 across:1998844k FS
[    7.811209] kauditd_printk_skb: 30 callbacks suppressed
[    7.811210] audit: type=1400 audit(1768921194.660:41): apparmor="DENIED" operation="capable" profile="/usr/sbin/cups-browsed" pid=509 comm="cups-browsed" capability=23  capname="sys_nice"
[    8.899290] pcnet32 0000:00:03.0 enp0s3: link up, 100Mbps, full-duplex
[    8.932882] e1000: enp0s8 NIC Link is Up 1000 Mbps Full Duplex, Flow Control: RX
[    8.933498] IPv6: ADDRCONF(NETDEV_CHANGE): enp0s8: link becomes ready
[    8.964754] e1000: enp0s9 NIC Link is Up 1000 Mbps Full Duplex, Flow Control: RX
[    8.965092] IPv6: ADDRCONF(NETDEV_CHANGE): enp0s9: link becomes ready
[    9.610765] device enp0s3 entered promiscuous mode
[    9.637628] audit: type=1400 audit(1768921196.476:42): apparmor="DENIED" operation="open" profile="/usr/sbin/tcpdump" name="/proc/sys/kernel/random/boot_id" pid=637 comm="tcpdump" requested_mask="r" denied_mask="r" fsuid=0 ouid=0
[    9.637985] audit: type=1400 audit(1768921196.476:43): apparmor="DENIED" operation="open" profile="/usr/sbin/tcpdump" name="/proc/sys/kernel/random/boot_id" pid=637 comm="tcpdump" requested_mask="r" denied_mask="r" fsuid=0 ouid=0
[    9.638023] audit: type=1400 audit(1768921196.476:44): apparmor="DENIED" operation="open" profile="/usr/sbin/tcpdump" name="/proc/sys/kernel/random/boot_id" pid=637 comm="tcpdump" requested_mask="r" denied_mask="r" fsuid=0 ouid=0
[    9.638123] audit: type=1400 audit(1768921196.476:45): apparmor="DENIED" operation="open" profile="/usr/sbin/tcpdump" name="/proc/sys/kernel/random/boot_id" pid=637 comm="tcpdump" requested_mask="r" denied_mask="r" fsuid=0 ouid=0
[    9.645132] audit: type=1400 audit(1768921196.492:46): apparmor="DENIED" operation="open" profile="/usr/sbin/tcpdump" name="/proc/sys/kernel/random/boot_id" pid=638 comm="tcpdump" requested_mask="r" denied_mask="r" fsuid=0 ouid=0
[    9.646086] audit: type=1400 audit(1768921196.492:47): apparmor="DENIED" operation="open" profile="/usr/sbin/tcpdump" name="/proc/sys/kernel/random/boot_id" pid=638 comm="tcpdump" requested_mask="r" denied_mask="r" fsuid=0 ouid=0
[    9.646130] audit: type=1400 audit(1768921196.492:48): apparmor="DENIED" operation="open" profile="/usr/sbin/tcpdump" name="/proc/sys/kernel/random/boot_id" pid=638 comm="tcpdump" requested_mask="r" denied_mask="r" fsuid=0 ouid=0
[    9.646195] audit: type=1400 audit(1768921196.492:49): apparmor="DENIED" operation="open" profile="/usr/sbin/tcpdump" name="/proc/sys/kernel/random/boot_id" pid=638 comm="tcpdump" requested_mask="r" denied_mask="r" fsuid=0 ouid=0
[   15.759159] rfkill: input handler disabled
[  880.087138] rfkill: input handler enabled
[  888.489911] rfkill: input handler disabled
[ 1062.267409] device enp0s3 left promiscuous mode
