[    0.000000] Linux version 5.4.243-tcp (root@ztg) (gcc version 12.2.0 (Debian 12.2.0-14)) #1 SMP Fri Apr 12 08:27:09 CST 2024
[    0.000000] Command line: BOOT_IMAGE=/boot/vmlinuz-5.4.243-tcp root=UUID=98415a12-53b7-4144-8265-0f7ece09e445 ro quiet splash
[    0.000000] KERNEL supported cpus:
[    0.000000]   Intel GenuineIntel
[    0.000000]   AMD AuthenticAMD
[    0.000000]   Hygon HygonGenuine
[    0.000000]   Centaur CentaurHauls
[    0.000000]   zhaoxin   Shanghai  
[    0.000000] x86/fpu: Supporting XSAVE feature 0x001: 'x87 floating point registers'
[    0.000000] x86/fpu: Supporting XSAVE feature 0x002: 'SSE registers'
[    0.000000] x86/fpu: Supporting XSAVE feature 0x004: 'AVX registers'
[    0.000000] x86/fpu: xstate_offset[2]:  576, xstate_sizes[2]:  256
[    0.000000] x86/fpu: Enabled xstate features 0x7, context size is 832 bytes, using 'standard' format.
[    0.000000] BIOS-provided physical RAM map:
[    0.000000] BIOS-e820: [mem 0x0000000000000000-0x000000000009fbff] usable
[    0.000000] BIOS-e820: [mem 0x000000000009fc00-0x000000000009ffff] reserved
[    0.000000] BIOS-e820: [mem 0x00000000000f0000-0x00000000000fffff] reserved
[    0.000000] BIOS-e820: [mem 0x0000000000100000-0x000000007ffeffff] usable
[    0.000000] BIOS-e820: [mem 0x000000007fff0000-0x000000007fffffff] ACPI data
[    0.000000] BIOS-e820: [mem 0x00000000fec00000-0x00000000fec00fff] reserved
[    0.000000] BIOS-e820: [mem 0x00000000fee00000-0x00000000fee00fff] reserved
[    0.000000] BIOS-e820: [mem 0x00000000fffc0000-0x00000000ffffffff] reserved
[    0.000000] NX (Execute Disable) protection: active
[    0.000000] SMBIOS 2.5 present.
[    0.000000] DMI: innotek GmbH VirtualBox/VirtualBox, BIOS VirtualBox 12/01/2006
[    0.000000] Hypervisor detected: KVM
[    0.000000] kvm-clock: Using msrs 4b564d01 and 4b564d00
[    0.000000] kvm-clock: cpu 0, msr 5d401001, primary cpu clock
[    0.000000] kvm-clock: using sched offset of 4429336293 cycles
[    0.000003] clocksource: kvm-clock: mask: 0xffffffffffffffff max_cycles: 0x1cd42e4dffb, max_idle_ns: 881590591483 ns
[    0.000005] tsc: Detected 2100.000 MHz processor
[    0.001884] e820: update [mem 0x00000000-0x00000fff] usable ==> reserved
[    0.001886] e820: remove [mem 0x000a0000-0x000fffff] usable
[    0.001890] last_pfn = 0x7fff0 max_arch_pfn = 0x400000000
[    0.001957] MTRR default type: uncachable
[    0.001958] MTRR fixed ranges enabled:
[    0.001960]   00000-9FFFF write-back
[    0.001960]   A0000-BFFFF uncachable
[    0.001961]   C0000-FFFFF write-protect
[    0.001962] MTRR variable ranges enabled:
[    0.001963]   0 base 000000000000 mask 3FFF80000000 write-back
[    0.001964]   1 disabled
[    0.001964]   2 disabled
[    0.001965]   3 disabled
[    0.001965]   4 disabled
[    0.001966]   5 disabled
[    0.001966]   6 disabled
[    0.001966]   7 disabled
[    0.001967]   8 disabled
[    0.001967]   9 disabled
[    0.001968]   10 disabled
[    0.001968]   11 disabled
[    0.001969]   12 disabled
[    0.001969]   13 disabled
[    0.001969]   14 disabled
[    0.001970]   15 disabled
[    0.001985] x86/PAT: Configuration [0-7]: WB  WC  UC- UC  WB  WP  UC- WT  
[    0.002120] found SMP MP-table at [mem 0x0009fff0-0x0009ffff]
[    0.092190] check: Scanning 1 areas for low memory corruption
[    0.092400] RAMDISK: [mem 0x32275000-0x35131fff]
[    0.092408] ACPI: Early table checksum verification disabled
[    0.092413] ACPI: RSDP 0x00000000000E0000 000024 (v02 VBOX  )
[    0.092417] ACPI: XSDT 0x000000007FFF0030 00003C (v01 VBOX   VBOXXSDT 00000001 ASL  00000061)
[    0.092423] ACPI: FACP 0x000000007FFF00F0 0000F4 (v04 VBOX   VBOXFACP 00000001 ASL  00000061)
[    0.092430] ACPI: DSDT 0x000000007FFF02E0 002353 (v02 VBOX   VBOXBIOS 00000002 VBOX 00029BF3)
[    0.092434] ACPI: FACS 0x000000007FFF0200 000040
[    0.092437] ACPI: FACS 0x000000007FFF0200 000040
[    0.092440] ACPI: APIC 0x000000007FFF0240 000054 (v02 VBOX   VBOXAPIC 00000001 ASL  00000061)
[    0.092444] ACPI: SSDT 0x000000007FFF02A0 000038 (v01 VBOX   VBOXCPUT 00000002 VBOX 00029BF3)
[    0.092447] ACPI: Reserving FACP table memory at [mem 0x7fff00f0-0x7fff01e3]
[    0.092448] ACPI: Reserving DSDT table memory at [mem 0x7fff02e0-0x7fff2632]
[    0.092449] ACPI: Reserving FACS table memory at [mem 0x7fff0200-0x7fff023f]
[    0.092449] ACPI: Reserving FACS table memory at [mem 0x7fff0200-0x7fff023f]
[    0.092450] ACPI: Reserving APIC table memory at [mem 0x7fff0240-0x7fff0293]
[    0.092451] ACPI: Reserving SSDT table memory at [mem 0x7fff02a0-0x7fff02d7]
[    0.092465] ACPI: Local APIC address 0xfee00000
[    0.092652] No NUMA configuration found
[    0.092653] Faking a node at [mem 0x0000000000000000-0x000000007ffeffff]
[    0.092663] NODE_DATA(0) allocated [mem 0x7ffc5000-0x7ffeffff]
[    0.092924] Zone ranges:
[    0.092925]   DMA      [mem 0x0000000000001000-0x0000000000ffffff]
[    0.092926]   DMA32    [mem 0x0000000001000000-0x000000007ffeffff]
[    0.092927]   Normal   empty
[    0.092928]   Device   empty
[    0.092928] Movable zone start for each node
[    0.092930] Early memory node ranges
[    0.092931]   node   0: [mem 0x0000000000001000-0x000000000009efff]
[    0.092932]   node   0: [mem 0x0000000000100000-0x000000007ffeffff]
[    0.092935] Zeroed struct page in unavailable ranges: 114 pages
[    0.092936] Initmem setup node 0 [mem 0x0000000000001000-0x000000007ffeffff]
[    0.092937] On node 0 totalpages: 524174
[    0.092939]   DMA zone: 64 pages used for memmap
[    0.092939]   DMA zone: 21 pages reserved
[    0.092940]   DMA zone: 3998 pages, LIFO batch:0
[    0.093018]   DMA32 zone: 8128 pages used for memmap
[    0.093019]   DMA32 zone: 520176 pages, LIFO batch:63
[    0.101905] ACPI: PM-Timer IO Port: 0x4008
[    0.101908] ACPI: Local APIC address 0xfee00000
[    0.101973] IOAPIC[0]: apic_id 1, version 32, address 0xfec00000, GSI 0-23
[    0.101976] ACPI: INT_SRC_OVR (bus 0 bus_irq 0 global_irq 2 dfl dfl)
[    0.101978] ACPI: INT_SRC_OVR (bus 0 bus_irq 9 global_irq 9 low level)
[    0.101980] ACPI: IRQ0 used by override.
[    0.101981] ACPI: IRQ9 used by override.
[    0.101983] Using ACPI (MADT) for SMP configuration information
[    0.101990] smpboot: Allowing 1 CPUs, 0 hotplug CPUs
[    0.102012] PM: Registered nosave memory: [mem 0x00000000-0x00000fff]
[    0.102014] PM: Registered nosave memory: [mem 0x0009f000-0x0009ffff]
[    0.102014] PM: Registered nosave memory: [mem 0x000a0000-0x000effff]
[    0.102015] PM: Registered nosave memory: [mem 0x000f0000-0x000fffff]
[    0.102017] [mem 0x80000000-0xfebfffff] available for PCI devices
[    0.102018] Booting paravirtualized kernel on KVM
[    0.102021] clocksource: refined-jiffies: mask: 0xffffffff max_cycles: 0xffffffff, max_idle_ns: 7645519600211568 ns
[    0.102025] setup_percpu: NR_CPUS:8192 nr_cpumask_bits:1 nr_cpu_ids:1 nr_node_ids:1
[    0.103046] percpu: Embedded 60 pages/cpu s208896 r8192 d28672 u2097152
[    0.103051] pcpu-alloc: s208896 r8192 d28672 u2097152 alloc=1*2097152
[    0.103052] pcpu-alloc: [0] 0 
[    0.103079] Built 1 zonelists, mobility grouping on.  Total pages: 515961
[    0.103079] Policy zone: DMA32
[    0.103081] Kernel command line: BOOT_IMAGE=/boot/vmlinuz-5.4.243-tcp root=UUID=98415a12-53b7-4144-8265-0f7ece09e445 ro quiet splash
[    0.103935] Dentry cache hash table entries: 262144 (order: 9, 2097152 bytes, linear)
[    0.104081] Inode-cache hash table entries: 131072 (order: 8, 1048576 bytes, linear)
[    0.104132] mem auto-init: stack:off, heap alloc:on, heap free:off
[    0.104134] Calgary: detecting Calgary via BIOS EBDA area
[    0.104135] Calgary: Unable to locate Rio Grande table in EBDA - bailing!
[    0.108170] Memory: 1967340K/2096696K available (14339K kernel code, 2392K rwdata, 4692K rodata, 2720K init, 17272K bss, 129356K reserved, 0K cma-reserved)
[    0.109098] SLUB: HWalign=64, Order=0-3, MinObjects=0, CPUs=1, Nodes=1
[    0.109115] ftrace: allocating 42894 entries in 168 pages
[    0.126858] rcu: Hierarchical RCU implementation.
[    0.126859] rcu: 	RCU restricting CPUs from NR_CPUS=8192 to nr_cpu_ids=1.
[    0.126861] 	Tasks RCU enabled.
[    0.126861] rcu: RCU calculated value of scheduler-enlistment delay is 25 jiffies.
[    0.126862] rcu: Adjusting geometry for rcu_fanout_leaf=16, nr_cpu_ids=1
[    0.129820] NR_IRQS: 524544, nr_irqs: 256, preallocated irqs: 16
[    0.130031] random: crng init done
[    0.139380] Console: colour VGA+ 80x25
[    0.139384] printk: console [tty0] enabled
[    0.139404] ACPI: Core revision 20190816
[    0.139495] APIC: Switch to symmetric I/O mode setup
[    0.139743] x2apic enabled
[    0.139979] Switched APIC routing to physical x2apic.
[    0.141108] ..TIMER: vector=0x30 apic1=0 pin1=2 apic2=-1 pin2=-1
[    0.141136] clocksource: tsc-early: mask: 0xffffffffffffffff max_cycles: 0x1e4530a99b6, max_idle_ns: 440795257976 ns
[    0.141141] Calibrating delay loop (skipped) preset value.. 4200.00 BogoMIPS (lpj=8400000)
[    0.141143] pid_max: default: 32768 minimum: 301
[    0.141172] LSM: Security Framework initializing
[    0.141182] Yama: becoming mindful.
[    0.141207] AppArmor: AppArmor initialized
[    0.141242] Mount-cache hash table entries: 4096 (order: 3, 32768 bytes, linear)
[    0.141247] Mountpoint-cache hash table entries: 4096 (order: 3, 32768 bytes, linear)
[    0.141257] *** VALIDATE tmpfs ***
[    0.141391] *** VALIDATE proc ***
[    0.141434] *** VALIDATE cgroup1 ***
[    0.141435] *** VALIDATE cgroup2 ***
[    0.141574] process: using mwait in idle threads
[    0.141579] Last level iTLB entries: 4KB 64, 2MB 8, 4MB 8
[    0.141579] Last level dTLB entries: 4KB 64, 2MB 0, 4MB 0, 1GB 4
[    0.141599] Spectre V1 : Mitigation: usercopy/swapgs barriers and __user pointer sanitization
[    0.141605] Spectre V2 : Mitigation: Retpolines
[    0.141605] Spectre V2 : Spectre v2 / SpectreRSB mitigation: Filling RSB on context switch
[    0.141606] Spectre V2 : Spectre v2 / SpectreRSB : Filling RSB on VMEXIT
[    0.141607] RETBleed: WARNING: Spectre v2 mitigation leaves CPU vulnerable to RETBleed attacks, data leaks possible!
[    0.141962] RETBleed: Vulnerable
[    0.141962] Speculative Store Bypass: Vulnerable
[    0.141967] TAA: Mitigation: TSX disabled
[    0.141967] MMIO Stale Data: Mitigation: Clear CPU buffers
[    0.146116] Freeing SMP alternatives memory: 40K
[    0.258108] smpboot: CPU0: Intel(R) Xeon(R) Silver 4216 CPU @ 2.10GHz (family: 0x6, model: 0x55, stepping: 0x7)
[    0.258239] Performance Events: unsupported p6 CPU model 85 no PMU driver, software events only.
[    0.258275] rcu: Hierarchical SRCU implementation.
[    0.258747] NMI watchdog: Perf NMI watchdog permanently disabled
[    0.258785] smp: Bringing up secondary CPUs ...
[    0.258786] smp: Brought up 1 node, 1 CPU
[    0.258787] smpboot: Max logical packages: 1
[    0.258788] smpboot: Total of 1 processors activated (4200.00 BogoMIPS)
[    0.259750] devtmpfs: initialized
[    0.259797] x86/mm: Memory block size: 128MB
[    0.260143] clocksource: jiffies: mask: 0xffffffff max_cycles: 0xffffffff, max_idle_ns: 7645041785100000 ns
[    0.260149] futex hash table entries: 256 (order: 2, 16384 bytes, linear)
[    0.260192] pinctrl core: initialized pinctrl subsystem
[    0.260294] PM: RTC time: 11:52:39, date: 2026-01-20
[    0.260401] NET: Registered protocol family 16
[    0.260473] audit: initializing netlink subsys (disabled)
[    0.260596] EISA bus registered
[    0.260597] cpuidle: using governor ladder
[    0.260598] cpuidle: using governor menu
[    0.260635] ACPI: bus type PCI registered
[    0.260637] acpiphp: ACPI Hot Plug PCI Controller Driver version: 0.5
[    0.260739] PCI: Using configuration type 1 for base access
[    0.261327] audit: type=2000 audit(1768881165.963:1): state=initialized audit_enabled=0 res=1
[    0.261409] HugeTLB registered 2.00 MiB page size, pre-allocated 0 pages
[    0.262219] ACPI: Added _OSI(Module Device)
[    0.262220] ACPI: Added _OSI(Processor Device)
[    0.262220] ACPI: Added _OSI(3.0 _SCP Extensions)
[    0.262221] ACPI: Added _OSI(Processor Aggregator Device)
[    0.262222] ACPI: Added _OSI(Linux-Dell-Video)
[    0.262223] ACPI: Added _OSI(Linux-Lenovo-NV-HDMI-Audio)
[    0.262223] ACPI: Added _OSI(Linux-HPI-Hybrid-Graphics)
[    0.264169] ACPI: 2 ACPI AML tables successfully acquired and loaded
[    0.265787] ACPI: Interpreter enabled
[    0.265796] ACPI: (supports S0 S5)
[    0.265798] ACPI: Using IOAPIC for interrupt routing
[    0.265999] PCI: Using host bridge windows from ACPI; if necessary, use "pci=nocrs" and report a bug
[    0.266109] ACPI: Enabled 2 GPEs in block 00 to 07
[    0.270901] ACPI: PCI Root Bridge [PCI0] (domain 0000 [bus 00-ff])
[    0.270906] acpi PNP0A03:00: _OSC: OS supports [ASPM ClockPM Segments MSI HPX-Type3]
[    0.271347] acpi PNP0A03:00: _OSC: not requesting OS control; OS requires [ExtendedConfig ASPM ClockPM MSI]
[    0.271354] acpi PNP0A03:00: fail to add MMCONFIG information, can't access extended PCI configuration space under this bridge.
[    0.271725] PCI host bridge to bus 0000:00
[    0.271727] pci_bus 0000:00: root bus resource [io  0x0000-0x0cf7 window]
[    0.271728] pci_bus 0000:00: root bus resource [io  0x0d00-0xffff window]
[    0.271729] pci_bus 0000:00: root bus resource [mem 0x000a0000-0x000bffff window]
[    0.271731] pci_bus 0000:00: root bus resource [mem 0x80000000-0xfdffffff window]
[    0.271732] pci_bus 0000:00: root bus resource [bus 00-ff]
[    0.271776] pci 0000:00:00.0: [8086:1237] type 00 class 0x060000
[    0.272714] pci 0000:00:01.0: [8086:7000] type 00 class 0x060100
[    0.273520] pci 0000:00:01.1: [8086:7111] type 00 class 0x01018a
[    0.273893] pci 0000:00:01.1: reg 0x20: [io  0xd000-0xd00f]
[    0.274045] pci 0000:00:01.1: legacy IDE quirk: reg 0x10: [io  0x01f0-0x01f7]
[    0.274046] pci 0000:00:01.1: legacy IDE quirk: reg 0x14: [io  0x03f6]
[    0.274047] pci 0000:00:01.1: legacy IDE quirk: reg 0x18: [io  0x0170-0x0177]
[    0.274048] pci 0000:00:01.1: legacy IDE quirk: reg 0x1c: [io  0x0376]
[    0.274582] pci 0000:00:02.0: [15ad:0405] type 00 class 0x030000
[    0.277213] pci 0000:00:02.0: reg 0x10: [io  0xd010-0xd01f]
[    0.280016] pci 0000:00:02.0: reg 0x14: [mem 0xe0000000-0xe7ffffff pref]
[    0.283683] pci 0000:00:02.0: reg 0x18: [mem 0xf0000000-0xf01fffff]
[    0.293803] pci 0000:00:03.0: [1022:2000] type 00 class 0x020000
[    0.294471] pci 0000:00:03.0: reg 0x10: [io  0xd020-0xd03f]
[    0.295077] pci 0000:00:03.0: reg 0x14: [mem 0xf0200000-0xf0200fff]
[    0.298509] pci 0000:00:04.0: [80ee:cafe] type 00 class 0x088000
[    0.299176] pci 0000:00:04.0: reg 0x10: [io  0xd040-0xd05f]
[    0.299785] pci 0000:00:04.0: reg 0x14: [mem 0xf0400000-0xf07fffff]
[    0.300389] pci 0000:00:04.0: reg 0x18: [mem 0xf0800000-0xf0803fff pref]
[    0.303626] pci 0000:00:07.0: [8086:7113] type 00 class 0x068000
[    0.304171] pci 0000:00:07.0: quirk: [io  0x4000-0x403f] claimed by PIIX4 ACPI
[    0.304181] pci 0000:00:07.0: quirk: [io  0x4100-0x410f] claimed by PIIX4 SMB
[    0.305745] pci 0000:00:08.0: [8086:100e] type 00 class 0x020000
[    0.306440] pci 0000:00:08.0: reg 0x10: [mem 0xf0820000-0xf083ffff]
[    0.307592] pci 0000:00:08.0: reg 0x18: [io  0xd060-0xd067]
[    0.310759] pci 0000:00:09.0: [8086:100e] type 00 class 0x020000
[    0.311461] pci 0000:00:09.0: reg 0x10: [mem 0xf0840000-0xf085ffff]
[    0.312673] pci 0000:00:09.0: reg 0x18: [io  0xd068-0xd06f]
[    0.322140] ACPI: PCI Interrupt Link [LNKA] (IRQs 5 9 10 *11)
[    0.322420] ACPI: PCI Interrupt Link [LNKB] (IRQs 5 9 *10 11)
[    0.322523] ACPI: PCI Interrupt Link [LNKC] (IRQs 5 *9 10 11)
[    0.322626] ACPI: PCI Interrupt Link [LNKD] (IRQs 5 9 10 *11)
[    0.322871] iommu: Default domain type: Translated 
[    0.322930] pci 0000:00:02.0: vgaarb: setting as boot VGA device
[    0.322932] pci 0000:00:02.0: vgaarb: VGA device added: decodes=io+mem,owns=io+mem,locks=none
[    0.322934] pci 0000:00:02.0: vgaarb: bridge control possible
[    0.322935] vgaarb: loaded
[    0.323137] SCSI subsystem initialized
[    0.323169] libata version 3.00 loaded.
[    0.323197] ACPI: bus type USB registered
[    0.323211] usbcore: registered new interface driver usbfs
[    0.323216] usbcore: registered new interface driver hub
[    0.323221] usbcore: registered new device driver usb
[    0.323246] pps_core: LinuxPPS API ver. 1 registered
[    0.323247] pps_core: Software ver. 5.3.6 - Copyright 2005-2007 Rodolfo Giometti <giometti@linux.it>
[    0.323249] PTP clock support registered
[    0.323282] EDAC MC: Ver: 3.0.0
[    0.323564] PCI: Using ACPI for IRQ routing
[    0.323565] PCI: pci_cache_line_size set to 64 bytes
[    0.323735] e820: reserve RAM buffer [mem 0x0009fc00-0x0009ffff]
[    0.323739] e820: reserve RAM buffer [mem 0x7fff0000-0x7fffffff]
[    0.325227] NetLabel: Initializing
[    0.325228] NetLabel:  domain hash size = 128
[    0.325228] NetLabel:  protocols = UNLABELED CIPSOv4 CALIPSO
[    0.325248] NetLabel:  unlabeled traffic allowed by default
[    0.326832] clocksource: Switched to clocksource kvm-clock
[    0.339400] *** VALIDATE bpf ***
[    0.339456] VFS: Disk quotas dquot_6.6.0
[    0.339469] VFS: Dquot-cache hash table entries: 512 (order 0, 4096 bytes)
[    0.339491] *** VALIDATE ramfs ***
[    0.339494] *** VALIDATE hugetlbfs ***
[    0.339570] AppArmor: AppArmor Filesystem Enabled
[    0.339593] pnp: PnP ACPI init
[    0.339655] pnp 00:00: Plug and Play ACPI device, IDs PNP0303 (active)
[    0.339739] pnp 00:01: Plug and Play ACPI device, IDs PNP0f03 (active)
[    0.340490] pnp: PnP ACPI: found 2 devices
[    0.341449] thermal_sys: Registered thermal governor 'fair_share'
[    0.341449] thermal_sys: Registered thermal governor 'bang_bang'
[    0.341450] thermal_sys: Registered thermal governor 'step_wise'
[    0.341450] thermal_sys: Registered thermal governor 'user_space'
[    0.341451] thermal_sys: Registered thermal governor 'power_allocator'
[    0.345980] clocksource: acpi_pm: mask: 0xffffff max_cycles: 0xffffff, max_idle_ns: 2085701024 ns
[    0.346019] pci_bus 0000:00: resource 4 [io  0x0000-0x0cf7 window]
[    0.346020] pci_bus 0000:00: resource 5 [io  0x0d00-0xffff window]
[    0.346022] pci_bus 0000:00: resource 6 [mem 0x000a0000-0x000bffff window]
[    0.346023] pci_bus 0000:00: resource 7 [mem 0x80000000-0xfdffffff window]
[    0.346077] NET: Registered protocol family 2
[    0.346151] IP idents hash table entries: 32768 (order: 6, 262144 bytes, linear)
[    0.346519] tcp_listen_portaddr_hash hash table entries: 1024 (order: 2, 16384 bytes, linear)
[    0.346599] TCP established hash table entries: 16384 (order: 5, 131072 bytes, linear)
[    0.346665] TCP bind hash table entries: 16384 (order: 6, 262144 bytes, linear)
[    0.346690] TCP: Hash tables configured (established 16384 bind 16384)
[    0.346734] UDP hash table entries: 1024 (order: 3, 32768 bytes, linear)
[    0.346745] UDP-Lite hash table entries: 1024 (order: 3, 32768 bytes, linear)
[    0.346773] NET: Registered protocol family 1
[    0.346780] NET: Registered protocol family 44
[    0.346804] pci 0000:00:00.0: Limiting direct PCI/PCI transfers
[    0.346821] pci 0000:00:01.0: Activating ISA DMA hang workarounds
[    0.346875] pci 0000:00:02.0: Video device with shadowed ROM at [mem 0x000c0000-0x000dffff]
[    0.346938] PCI: CLS 0 bytes, default 64
[    0.346987] Trying to unpack rootfs image as initramfs...
[    0.511177] Freeing initrd memory: 47860K
[    0.511177] clocksource: tsc: mask: 0xffffffffffffffff max_cycles: 0x1e4530a99b6, max_idle_ns: 440795257976 ns
[    0.511177] clocksource: Switched to clocksource tsc
[    0.511177] platform rtc_cmos: registered platform RTC device (no PNP device found)
[    0.511177] check: Scanning for low memory corruption every 60 seconds
[    0.511177] Initialise system trusted keyrings
[    0.511177] Key type blacklist registered
[    0.511177] workingset: timestamp_bits=36 max_order=19 bucket_order=0
[    0.511177] zbud: loaded
[    0.511177] squashfs: version 4.0 (2009/01/31) Phillip Lougher
[    0.511177] fuse: init (API version 7.31)
[    0.511177] *** VALIDATE fuse ***
[    0.511177] *** VALIDATE fuse ***
[    0.511177] Platform Keyring initialized
[    0.526959] Key type asymmetric registered
[    0.526960] Asymmetric key parser 'x509' registered
[    0.526969] Block layer SCSI generic (bsg) driver version 0.4 loaded (major 244)
[    0.527006] io scheduler mq-deadline registered
[    0.527113] shpchp: Standard Hot Plug PCI Controller Driver version: 0.4
[    0.527345] ACPI: AC Adapter [AC] (on-line)
[    0.527390] input: Power Button as /devices/LNXSYSTM:00/LNXPWRBN:00/input/input0
[    0.527418] ACPI: Power Button [PWRF]
[    0.527493] input: Sleep Button as /devices/LNXSYSTM:00/LNXSLPBN:00/input/input1
[    0.527507] ACPI: Sleep Button [SLPF]
[    0.527723] Serial: 8250/16550 driver, 32 ports, IRQ sharing enabled
[    0.528888] Linux agpgart interface v0.103
[    0.623144] loop: module loaded
[    0.623266] ata_piix 0000:00:01.1: version 2.13
[    0.623648] scsi host0: ata_piix
[    0.623736] scsi host1: ata_piix
[    0.623763] ata1: PATA max UDMA/33 cmd 0x1f0 ctl 0x3f6 bmdma 0xd000 irq 14
[    0.623764] ata2: PATA max UDMA/33 cmd 0x170 ctl 0x376 bmdma 0xd008 irq 15
[    0.623836] tun: Universal TUN/TAP device driver, 1.6
[    0.624173] PPP generic driver version 2.4.2
[    0.624217] VFIO - User Level meta-driver version: 0.3
[    0.624460] ehci_hcd: USB 2.0 'Enhanced' Host Controller (EHCI) Driver
[    0.624466] ehci-pci: EHCI PCI platform driver
[    0.624478] ehci-platform: EHCI generic platform driver
[    0.624483] ohci_hcd: USB 1.1 'Open' Host Controller (OHCI) Driver
[    0.624485] ohci-pci: OHCI PCI platform driver
[    0.624490] ohci-platform: OHCI generic platform driver
[    0.624494] uhci_hcd: USB Universal Host Controller Interface driver
[    0.624553] i8042: PNP: PS/2 Controller [PNP0303:PS2K,PNP0f03:PS2M] at 0x60,0x64 irq 1,12
[    0.624999] serio: i8042 KBD port at 0x60,0x64 irq 1
[    0.625002] serio: i8042 AUX port at 0x60,0x64 irq 12
[    0.625086] mousedev: PS/2 mouse device common for all mice
[    0.625333] input: AT Translated Set 2 keyboard as /devices/platform/i8042/serio0/input/input2
[    0.625725] rtc_cmos rtc_cmos: registered as rtc0
[    0.625738] rtc_cmos rtc_cmos: alarms up to one day, 114 bytes nvram
[    0.625743] i2c /dev entries driver
[    0.625785] device-mapper: uevent: version 1.0.3
[    0.625824] device-mapper: ioctl: 4.41.0-ioctl (2019-09-16) initialised: dm-devel@redhat.com
[    0.625840] platform eisa.0: Probing EISA bus 0
[    0.625841] platform eisa.0: EISA: Cannot allocate resource for mainboard
[    0.625842] platform eisa.0: Cannot allocate resource for EISA slot 1
[    0.625843] platform eisa.0: Cannot allocate resource for EISA slot 2
[    0.625844] platform eisa.0: Cannot allocate resource for EISA slot 3
[    0.625845] platform eisa.0: Cannot allocate resource for EISA slot 4
[    0.625846] platform eisa.0: Cannot allocate resource for EISA slot 5
[    0.625847] platform eisa.0: Cannot allocate resource for EISA slot 6
[    0.625848] platform eisa.0: Cannot allocate resource for EISA slot 7
[    0.625849] platform eisa.0: Cannot allocate resource for EISA slot 8
[    0.625850] platform eisa.0: EISA: Detected 0 cards
[    0.625852] intel_pstate: CPU model not supported
[    0.625860] ledtrig-cpu: registered to indicate activity on CPUs
[    0.625904] drop_monitor: Initializing network drop monitor service
[    0.626062] NET: Registered protocol family 10
[    0.631084] Segment Routing with IPv6
[    0.631108] NET: Registered protocol family 17
[    0.631139] Key type dns_resolver registered
[    0.631231] RAS: Correctable Errors collector initialized.
[    0.631242] IPI shorthand broadcast: enabled
[    0.631255] sched_clock: Marking stable (616158018, 11116522)->(628241173, -966633)
[    0.631301] registered taskstats version 1
[    0.631311] Loading compiled-in X.509 certificates
[    0.631894] Loaded X.509 cert 'Build time autogenerated kernel key: 0a9e52cc6eb58eed9b63e328679db6d5d5216245'
[    0.631910] zswap: loaded using pool lzo/zbud
[    0.631961] Key type ._fscrypt registered
[    0.631961] Key type .fscrypt registered
[    0.636438] Key type big_key registered
[    0.638610] Key type encrypted registered
[    0.638613] AppArmor: AppArmor sha1 policy hashing enabled
[    0.638620] ima: No TPM chip found, activating TPM-bypass!
[    0.638624] ima: Allocated hash algorithm: sha1
[    0.638629] ima: No architecture policies found
[    0.638637] evm: Initialising EVM extended attributes:
[    0.638637] evm: security.selinux
[    0.638638] evm: security.SMACK64
[    0.638638] evm: security.SMACK64EXEC
[    0.638639] evm: security.SMACK64TRANSMUTE
[    0.638639] evm: security.SMACK64MMAP
[    0.638639] evm: security.apparmor
[    0.638640] evm: security.ima
[    0.638640] evm: security.capability
[    0.638641] evm: HMAC attrs: 0x1
[    0.638923] PM:   Magic number: 10:975:883
[    0.639021] rtc_cmos rtc_cmos: setting system clock to 2026-01-20T11:52:40 UTC (1768909960)
[    0.794868] ata1.00: ATA-6: VBOX HARDDISK, 1.0, max UDMA/133
[    0.794870] ata1.00: 209715200 sectors, multi 128: LBA 
[    0.795330] scsi 0:0:0:0: Direct-Access     ATA      VBOX HARDDISK    1.0  PQ: 0 ANSI: 5
[    0.795519] sd 0:0:0:0: [sda] 209715200 512-byte logical blocks: (107 GB/100 GiB)
[    0.795526] sd 0:0:0:0: [sda] Write Protect is off
[    0.795528] sd 0:0:0:0: [sda] Mode Sense: 00 3a 00 00
[    0.795540] sd 0:0:0:0: [sda] Write cache: enabled, read cache: enabled, doesn't support DPO or FUA
[    0.795746] sd 0:0:0:0: Attached scsi generic sg0 type 0
[    0.796434]  sda: sda1 sda2
[    0.807233] sd 0:0:0:0: [sda] Attached SCSI disk
[    0.809155] Freeing unused decrypted memory: 2040K
[    0.809861] Freeing unused kernel image memory: 2720K
[    0.809863] Write protecting the kernel read-only data: 22528k
[    0.810555] Freeing unused kernel image memory: 2036K
[    0.810959] Freeing unused kernel image memory: 1452K
[    0.825461] x86/mm: Checked W+X mappings: passed, no W+X pages found.
[    0.825465] Run /init as init process
[    0.939292] ACPI: Video Device [GFX0] (multi-head: yes  rom: no  post: no)
[    0.939379] input: Video Bus as /devices/LNXSYSTM:00/LNXSYBUS:00/PNP0A03:00/LNXVIDEO:00/input/input4
[    0.953884] pcnet32: pcnet32.c:v1.35 21.Apr.2008 tsbogend@alpha.franken.de
[    0.954643] pcnet32: PCnet/FAST III 79C973 at 0xd020, 08:00:27:0b:fe:d5 assigned IRQ 19
[    0.954689] pcnet32: Found PHY 0022:561b at address 0
[    0.954990] pcnet32: eth0: registered as PCnet/FAST III 79C973
[    0.955745] pcnet32: 1 cards_found
[    0.958347] e1000: Intel(R) PRO/1000 Network Driver - version 7.3.21-k8-NAPI
[    0.958348] e1000: Copyright (c) 1999-2006 Intel Corporation.
[    0.960526] piix4_smbus 0000:00:07.0: SMBus Host Controller at 0x4100, revision 0
[    1.029471] pcnet32 0000:00:03.0 enp0s3: renamed from eth0
[    1.178702] input: ImExPS/2 Generic Explorer Mouse as /devices/platform/i8042/serio1/input/input5
[    1.367427] e1000 0000:00:08.0 eth0: (PCI:33MHz:32-bit) 08:00:27:17:d9:92
[    1.367432] e1000 0000:00:08.0 eth0: Intel(R) PRO/1000 Network Connection
[    1.739413] e1000 0000:00:09.0 eth1: (PCI:33MHz:32-bit) 08:00:27:8a:8b:df
[    1.739416] e1000 0000:00:09.0 eth1: Intel(R) PRO/1000 Network Connection
[    1.740574] e1000 0000:00:09.0 enp0s9: renamed from eth1
[    1.742359] e1000 0000:00:08.0 enp0s8: renamed from eth0
[    1.887676] EXT4-fs (sda2): mounted filesystem with ordered data mode. Opts: (null)
[    1.980292] systemd[1]: Inserted module 'autofs4'
[    1.995628] systemd[1]: systemd 245.4-4ubuntu3 running in system mode. (+PAM +AUDIT +SELINUX +IMA +APPARMOR +SMACK +SYSVINIT +UTMP +LIBCRYPTSETUP +GCRYPT +GNUTLS +ACL +XZ +LZ4 +SECCOMP +BLKID +ELFUTILS +KMOD +IDN2 -IDN +PCRE2 default-hierarchy=hybrid)
[    1.995655] systemd[1]: Detected virtualization oracle.
[    1.995658] systemd[1]: Detected architecture x86-64.
[    1.996987] systemd[1]: Set hostname to <ztg>.
[    2.123381] systemd[1]: /lib/systemd/system/dbus.socket:5: ListenStream= references a path below legacy directory /var/run/, updating /var/run/dbus/system_bus_socket â†’ /run/dbus/system_bus_socket; please update the unit file accordingly.
[    2.175602] systemd[1]: Created slice system-modprobe.slice.
[    2.175788] systemd[1]: Created slice User and Session Slice.
[    2.175831] systemd[1]: Started Forward Password Requests to Wall Directory Watch.
[    2.175997] systemd[1]: Set up automount Arbitrary Executable File Formats File System Automount Point.
[    2.176034] systemd[1]: Reached target User and Group Name Lookups.
[    2.176042] systemd[1]: Reached target Remote File Systems.
[    2.176050] systemd[1]: Reached target Slices.
[    2.176604] systemd[1]: Listening on Syslog Socket.
[    2.176670] systemd[1]: Listening on fsck to fsckd communication Socket.
[    2.176706] systemd[1]: Listening on initctl Compatibility Named Pipe.
[    2.176838] systemd[1]: Listening on Journal Audit Socket.
[    2.176888] systemd[1]: Listening on Journal Socket (/dev/log).
[    2.176955] systemd[1]: Listening on Journal Socket.
[    2.177016] systemd[1]: Listening on udev Control Socket.
[    2.177052] systemd[1]: Listening on udev Kernel Socket.
[    2.177759] systemd[1]: Mounting Huge Pages File System...
[    2.178654] systemd[1]: Mounting POSIX Message Queue File System...
[    2.179563] systemd[1]: Mounting Kernel Debug File System...
[    2.180407] systemd[1]: Mounting Kernel Trace File System...
[    2.182284] systemd[1]: Starting Journal Service...
[    2.205825] systemd[1]: Starting Set the console keyboard layout...
[    2.213592] systemd[1]: Starting Create list of static device nodes for the current kernel...
[    2.215578] systemd[1]: Starting Load Kernel Module drm...
[    2.216770] systemd[1]: Condition check resulted in Set Up Additional Binary Formats being skipped.
[    2.216810] systemd[1]: Condition check resulted in File System Check on Root Device being skipped.
[    2.229231] systemd[1]: Starting Load Kernel Modules...
[    2.234467] systemd[1]: Starting Remount Root and Kernel File Systems...
[    2.244112] systemd[1]: Starting udev Coldplug all Devices...
[    2.254540] systemd[1]: Starting Uncomplicated firewall...
[    2.255772] systemd[1]: Mounted Huge Pages File System.
[    2.255855] systemd[1]: Mounted POSIX Message Queue File System.
[    2.255926] systemd[1]: Mounted Kernel Debug File System.
[    2.256006] systemd[1]: Mounted Kernel Trace File System.
[    2.262760] EXT4-fs (sda2): re-mounted. Opts: errors=remount-ro
[    2.278353] systemd[1]: Finished Create list of static device nodes for the current kernel.
[    2.279362] systemd[1]: modprobe@drm.service: Succeeded.
[    2.302243] systemd[1]: Finished Load Kernel Module drm.
[    2.302619] systemd[1]: Finished Remount Root and Kernel File Systems.
[    2.303696] systemd[1]: Finished Uncomplicated firewall.
[    2.320278] lp: driver loaded but no devices found
[    2.322243] systemd[1]: Condition check resulted in Rebuild Hardware Database being skipped.
[    2.322279] systemd[1]: Condition check resulted in Platform Persistent Storage Archival being skipped.
[    2.322898] systemd[1]: Starting Load/Save Random Seed...
[    2.327467] systemd[1]: Starting Create System Users...
[    2.337196] systemd[1]: Finished Load/Save Random Seed.
[    2.338432] ppdev: user-space parallel port driver
[    2.345813] systemd[1]: Finished Create System Users.
[    2.347367] systemd[1]: Starting Create Static Device Nodes in /dev...
[    2.361815] systemd[1]: Finished udev Coldplug all Devices.
[    2.393388] systemd[1]: Finished Create Static Device Nodes in /dev.
[    2.394203] systemd[1]: Starting udev Kernel Device Manager...
[    2.423197] [drm] DMA map mode: Caching DMA mappings.
[    2.423258] [drm] Capabilities:
[    2.423259] [drm]   Rect copy.
[    2.423259] [drm]   Cursor.
[    2.423260] [drm]   Cursor bypass.
[    2.423260] [drm]   Cursor bypass 2.
[    2.423261] [drm]   Alpha cursor.
[    2.423261] [drm]   Extended Fifo.
[    2.423261] [drm]   Pitchlock.
[    2.423262] [drm]   Irq mask.
[    2.423262] [drm]   GMR.
[    2.423262] [drm]   Traces.
[    2.423263] [drm]   GMR2.
[    2.423263] [drm]   Screen Object 2.
[    2.423263] [drm]   Command Buffers.
[    2.423264] [drm]   Command Buffers 2.
[    2.423264] [drm]   Guest Backed Resources.
[    2.423265] [drm] Max GMR ids is 8192
[    2.423266] [drm] Max number of GMR pages is 1048576
[    2.423266] [drm] Max dedicated hypervisor surface memory is 393216 kiB
[    2.423267] [drm] Maximum display memory size is 131072 kiB
[    2.423267] [drm] VRAM at 0xe0000000 size is 131072 kiB
[    2.423268] [drm] MMIO at 0xf0000000 size is 2048 kiB
[    2.424602] [TTM] Zone  kernel: Available graphics memory: 1011744 KiB
[    2.424603] [TTM] Initializing pool allocator
[    2.424606] [TTM] Initializing DMA pool allocator
[    2.424633] [drm] Supports vblank timestamp caching Rev 2 (21.10.2013).
[    2.424633] [drm] No driver support for vblank timestamp query.
[    2.424857] [drm] Screen Target Display device initialized
[    2.425053] [drm] width 720
[    2.425062] [drm] height 400
[    2.425065] [drm] bpp 32
[    2.425548] [drm] Fifo max 0x00200000 min 0x00001000 cap 0x00000355
[    2.426626] [drm] Using command buffers with DMA pool.
[    2.426630] [drm] DX: no.
[    2.426630] [drm] Atomic: yes.
[    2.426631] [drm] SM4_1: no.
[    2.426648] [drm:vmw_host_log [vmwgfx]] *ERROR* Failed to send host log message.
[    2.427778] [drm:vmw_host_log [vmwgfx]] *ERROR* Failed to send host log message.
[    2.443894] fbcon: svgadrmfb (fb0) is primary device
[    2.449668] Console: switching to colour frame buffer device 100x37
[    2.471488] [drm] Initialized vmwgfx 2.15.0 20180704 for 0000:00:02.0 on minor 0
[    2.472988] systemd[1]: Finished Load Kernel Modules.
[    2.473929] systemd[1]: Mounting FUSE Control File System...
[    2.475076] systemd[1]: Mounting Kernel Configuration File System...
[    2.488178] systemd[1]: Starting Apply Kernel Variables...
[    2.495033] systemd[1]: Mounted Kernel Configuration File System.
[    2.498405] systemd[1]: Mounted FUSE Control File System.
[    2.498467] systemd[1]: Condition check resulted in VMware vmblock fuse mount being skipped.
[    2.501186] systemd[1]: Finished Set the console keyboard layout.
[    2.501282] systemd[1]: Reached target Local File Systems (Pre).
[    2.507443] systemd[1]: Mounting Mount unit for bare, revision 5...
[    2.510625] systemd[1]: Mounting Mount unit for core18, revision 1705...
[    2.517731] systemd[1]: Mounting Mount unit for gnome-3-34-1804, revision 24...
[    2.543547] systemd[1]: Mounting Mount unit for gtk-common-themes, revision 1506...
[    2.547554] systemd[1]: Mounting Mount unit for gtk-common-themes, revision 1535...
[    2.556798] systemd[1]: Mounting Mount unit for snap-store, revision 433...
[    2.561854] systemd[1]: Mounting Mount unit for snapd, revision 25935...
[    2.568823] systemd[1]: Finished Apply Kernel Variables.
[    2.574347] systemd[1]: Mounted Mount unit for bare, revision 5.
[    2.574435] systemd[1]: Mounted Mount unit for core18, revision 1705.
[    2.601938] systemd[1]: Mounted Mount unit for gnome-3-34-1804, revision 24.
[    2.602027] systemd[1]: Mounted Mount unit for gtk-common-themes, revision 1506.
[    2.611272] systemd[1]: Started udev Kernel Device Manager.
[    2.612024] systemd[1]: Starting Show Plymouth Boot Screen...
[    2.616253] systemd[1]: Received SIGRTMIN+20 from PID 282 (plymouthd).
[    2.643397] systemd[1]: Started Show Plymouth Boot Screen.
[    2.643529] systemd[1]: Condition check resulted in Dispatch Password Requests to Console Directory Watch being skipped.
[    2.643616] systemd[1]: Started Forward Password Requests to Plymouth Directory Watch.
[    2.643645] systemd[1]: Reached target Local Encrypted Volumes.
[    2.679603] systemd[1]: Mounted Mount unit for gtk-common-themes, revision 1535.
[    2.679822] systemd[1]: Mounted Mount unit for snap-store, revision 433.
[    2.680011] systemd[1]: Mounted Mount unit for snapd, revision 25935.
[    2.680161] systemd[1]: Reached target Local File Systems.
[    2.680903] systemd[1]: Starting Load AppArmor profiles...
[    2.683032] systemd[1]: Starting Set console font and keymap...
[    2.694286] systemd[1]: Starting Tell Plymouth To Write Out Runtime Data...
[    2.694367] systemd[1]: Condition check resulted in Store a System Token in an EFI Variable being skipped.
[    2.694396] systemd[1]: Condition check resulted in Commit a transient machine-id on disk being skipped.
[    2.700500] systemd[1]: Finished Set console font and keymap.
[    2.705315] systemd[1]: Received SIGRTMIN+20 from PID 282 (plymouthd).
[    2.705921] systemd[1]: plymouth-read-write.service: Succeeded.
[    2.706154] systemd[1]: Finished Tell Plymouth To Write Out Runtime Data.
[    2.730494] audit: type=1400 audit(1768909962.588:2): apparmor="STATUS" operation="profile_load" profile="unconfined" name="nvidia_modprobe" pid=300 comm="apparmor_parser"
[    2.730496] audit: type=1400 audit(1768909962.588:3): apparmor="STATUS" operation="profile_load" profile="unconfined" name="nvidia_modprobe//kmod" pid=300 comm="apparmor_parser"
[    2.739822] audit: type=1400 audit(1768909962.600:4): apparmor="STATUS" operation="profile_load" profile="unconfined" name="/usr/sbin/tcpdump" pid=301 comm="apparmor_parser"
[    2.782493] audit: type=1400 audit(1768909962.632:5): apparmor="STATUS" operation="profile_load" profile="unconfined" name="/usr/bin/evince" pid=303 comm="apparmor_parser"
[    2.782494] audit: type=1400 audit(1768909962.632:6): apparmor="STATUS" operation="profile_load" profile="unconfined" name="/usr/bin/evince//sanitized_helper" pid=303 comm="apparmor_parser"
[    2.782496] audit: type=1400 audit(1768909962.632:7): apparmor="STATUS" operation="profile_load" profile="unconfined" name="/usr/bin/evince-previewer" pid=303 comm="apparmor_parser"
[    2.782497] audit: type=1400 audit(1768909962.632:8): apparmor="STATUS" operation="profile_load" profile="unconfined" name="/usr/bin/evince-previewer//sanitized_helper" pid=303 comm="apparmor_parser"
[    2.782499] audit: type=1400 audit(1768909962.632:9): apparmor="STATUS" operation="profile_load" profile="unconfined" name="/usr/bin/evince-thumbnailer" pid=303 comm="apparmor_parser"
[    2.812283] audit: type=1400 audit(1768909962.668:10): apparmor="STATUS" operation="profile_load" profile="unconfined" name="/usr/lib/cups/backend/cups-pdf" pid=304 comm="apparmor_parser"
[    2.872856] systemd[1]: Finished Load AppArmor profiles.
[    2.873761] systemd[1]: Starting Load AppArmor profiles managed internally by snapd...
[    2.983342] systemd[1]: Finished Load AppArmor profiles managed internally by snapd.
[    3.144798] systemd[1]: Started Journal Service.
[    3.153755] systemd-journald[228]: Received client request to flush runtime journal.
[    3.157124] systemd-journald[228]: File /var/log/journal/c455b248004a419c87ce85eea238d727/system.journal corrupted or uncleanly shut down, renaming and replacing.
[    4.465053] RAPL PMU: API unit is 2^-32 Joules, 0 fixed counters, 10737418240 ms ovfl timer
[    4.544757] cryptd: max_cpu_qlen set to 1000
[    4.553605] AVX2 version of gcm_enc/dec engaged.
[    4.553606] AES CTR mode by8 optimization enabled
[    6.471032] Adding 1998844k swap on /dev/sda1.  Priority:-2 extents:1 across:1998844k FS
[    7.868562] kauditd_printk_skb: 30 callbacks suppressed
[    7.868564] audit: type=1400 audit(1768909967.724:41): apparmor="DENIED" operation="capable" profile="/usr/sbin/cups-browsed" pid=509 comm="cups-browsed" capability=23  capname="sys_nice"
[    8.963423] pcnet32 0000:00:03.0 enp0s3: link up, 100Mbps, full-duplex
[    9.014099] e1000: enp0s8 NIC Link is Up 1000 Mbps Full Duplex, Flow Control: RX
[    9.014406] IPv6: ADDRCONF(NETDEV_CHANGE): enp0s8: link becomes ready
[    9.031953] e1000: enp0s9 NIC Link is Up 1000 Mbps Full Duplex, Flow Control: RX
[    9.032245] IPv6: ADDRCONF(NETDEV_CHANGE): enp0s9: link becomes ready
[    9.657163] device enp0s3 entered promiscuous mode
[    9.706329] audit: type=1400 audit(1768909969.560:42): apparmor="DENIED" operation="open" profile="/usr/sbin/tcpdump" name="/proc/sys/kernel/random/boot_id" pid=640 comm="tcpdump" requested_mask="r" denied_mask="r" fsuid=0 ouid=0
[    9.706578] audit: type=1400 audit(1768909969.560:43): apparmor="DENIED" operation="open" profile="/usr/sbin/tcpdump" name="/proc/sys/kernel/random/boot_id" pid=640 comm="tcpdump" requested_mask="r" denied_mask="r" fsuid=0 ouid=0
[    9.706622] audit: type=1400 audit(1768909969.560:44): apparmor="DENIED" operation="open" profile="/usr/sbin/tcpdump" name="/proc/sys/kernel/random/boot_id" pid=640 comm="tcpdump" requested_mask="r" denied_mask="r" fsuid=0 ouid=0
[    9.706741] audit: type=1400 audit(1768909969.560:45): apparmor="DENIED" operation="open" profile="/usr/sbin/tcpdump" name="/proc/sys/kernel/random/boot_id" pid=640 comm="tcpdump" requested_mask="r" denied_mask="r" fsuid=0 ouid=0
[    9.710856] audit: type=1400 audit(1768909969.568:46): apparmor="DENIED" operation="open" profile="/usr/sbin/tcpdump" name="/proc/sys/kernel/random/boot_id" pid=641 comm="tcpdump" requested_mask="r" denied_mask="r" fsuid=0 ouid=0
[    9.711064] audit: type=1400 audit(1768909969.568:47): apparmor="DENIED" operation="open" profile="/usr/sbin/tcpdump" name="/proc/sys/kernel/random/boot_id" pid=641 comm="tcpdump" requested_mask="r" denied_mask="r" fsuid=0 ouid=0
[    9.711105] audit: type=1400 audit(1768909969.568:48): apparmor="DENIED" operation="open" profile="/usr/sbin/tcpdump" name="/proc/sys/kernel/random/boot_id" pid=641 comm="tcpdump" requested_mask="r" denied_mask="r" fsuid=0 ouid=0
[    9.711193] audit: type=1400 audit(1768909969.568:49): apparmor="DENIED" operation="open" profile="/usr/sbin/tcpdump" name="/proc/sys/kernel/random/boot_id" pid=641 comm="tcpdump" requested_mask="r" denied_mask="r" fsuid=0 ouid=0
[   15.783246] rfkill: input handler disabled
[  417.379469] rfkill: input handler enabled
[  426.224751] rfkill: input handler disabled
[  595.083748] device enp0s3 left promiscuous mode
