[    0.000000] Linux version 5.4.243-tcp (root@ztg) (gcc version 12.2.0 (Debian 12.2.0-14)) #1 SMP Fri Apr 12 08:27:09 CST 2024
[    0.000000] Command line: BOOT_IMAGE=/boot/vmlinuz-5.4.243-tcp root=UUID=98415a12-53b7-4144-8265-0f7ece09e445 ro quiet splash
[    0.000000] KERNEL supported cpus:
[    0.000000]   Intel GenuineIntel
[    0.000000]   AMD AuthenticAMD
[    0.000000]   Hygon HygonGenuine
[    0.000000]   Centaur CentaurHauls
[    0.000000]   zhaoxin   Shanghai  
[    0.000000] x86/fpu: Supporting XSAVE feature 0x001: 'x87 floating point registers'
[    0.000000] x86/fpu: Supporting XSAVE feature 0x002: 'SSE registers'
[    0.000000] x86/fpu: Supporting XSAVE feature 0x004: 'AVX registers'
[    0.000000] x86/fpu: xstate_offset[2]:  576, xstate_sizes[2]:  256
[    0.000000] x86/fpu: Enabled xstate features 0x7, context size is 832 bytes, using 'standard' format.
[    0.000000] BIOS-provided physical RAM map:
[    0.000000] BIOS-e820: [mem 0x0000000000000000-0x000000000009fbff] usable
[    0.000000] BIOS-e820: [mem 0x000000000009fc00-0x000000000009ffff] reserved
[    0.000000] BIOS-e820: [mem 0x00000000000f0000-0x00000000000fffff] reserved
[    0.000000] BIOS-e820: [mem 0x0000000000100000-0x000000007ffeffff] usable
[    0.000000] BIOS-e820: [mem 0x000000007fff0000-0x000000007fffffff] ACPI data
[    0.000000] BIOS-e820: [mem 0x00000000fec00000-0x00000000fec00fff] reserved
[    0.000000] BIOS-e820: [mem 0x00000000fee00000-0x00000000fee00fff] reserved
[    0.000000] BIOS-e820: [mem 0x00000000fffc0000-0x00000000ffffffff] reserved
[    0.000000] NX (Execute Disable) protection: active
[    0.000000] SMBIOS 2.5 present.
[    0.000000] DMI: innotek GmbH VirtualBox/VirtualBox, BIOS VirtualBox 12/01/2006
[    0.000000] Hypervisor detected: KVM
[    0.000000] kvm-clock: Using msrs 4b564d01 and 4b564d00
[    0.000000] kvm-clock: cpu 0, msr 5f201001, primary cpu clock
[    0.000001] kvm-clock: using sched offset of 4446251454 cycles
[    0.000003] clocksource: kvm-clock: mask: 0xffffffffffffffff max_cycles: 0x1cd42e4dffb, max_idle_ns: 881590591483 ns
[    0.000005] tsc: Detected 2100.000 MHz processor
[    0.001869] e820: update [mem 0x00000000-0x00000fff] usable ==> reserved
[    0.001871] e820: remove [mem 0x000a0000-0x000fffff] usable
[    0.001887] last_pfn = 0x7fff0 max_arch_pfn = 0x400000000
[    0.001955] MTRR default type: uncachable
[    0.001955] MTRR fixed ranges enabled:
[    0.001957]   00000-9FFFF write-back
[    0.001957]   A0000-BFFFF uncachable
[    0.001958]   C0000-FFFFF write-protect
[    0.001959] MTRR variable ranges enabled:
[    0.001960]   0 base 000000000000 mask 3FFF80000000 write-back
[    0.001961]   1 disabled
[    0.001961]   2 disabled
[    0.001962]   3 disabled
[    0.001962]   4 disabled
[    0.001963]   5 disabled
[    0.001963]   6 disabled
[    0.001963]   7 disabled
[    0.001964]   8 disabled
[    0.001964]   9 disabled
[    0.001965]   10 disabled
[    0.001965]   11 disabled
[    0.001966]   12 disabled
[    0.001966]   13 disabled
[    0.001966]   14 disabled
[    0.001967]   15 disabled
[    0.001983] x86/PAT: Configuration [0-7]: WB  WC  UC- UC  WB  WP  UC- WT  
[    0.002116] found SMP MP-table at [mem 0x0009fff0-0x0009ffff]
[    0.092704] check: Scanning 1 areas for low memory corruption
[    0.092966] RAMDISK: [mem 0x32275000-0x35131fff]
[    0.092974] ACPI: Early table checksum verification disabled
[    0.092979] ACPI: RSDP 0x00000000000E0000 000024 (v02 VBOX  )
[    0.092983] ACPI: XSDT 0x000000007FFF0030 00003C (v01 VBOX   VBOXXSDT 00000001 ASL  00000061)
[    0.092990] ACPI: FACP 0x000000007FFF00F0 0000F4 (v04 VBOX   VBOXFACP 00000001 ASL  00000061)
[    0.092996] ACPI: DSDT 0x000000007FFF02E0 002353 (v02 VBOX   VBOXBIOS 00000002 VBOX 00029BF3)
[    0.093000] ACPI: FACS 0x000000007FFF0200 000040
[    0.093003] ACPI: FACS 0x000000007FFF0200 000040
[    0.093006] ACPI: APIC 0x000000007FFF0240 000054 (v02 VBOX   VBOXAPIC 00000001 ASL  00000061)
[    0.093010] ACPI: SSDT 0x000000007FFF02A0 000038 (v01 VBOX   VBOXCPUT 00000002 VBOX 00029BF3)
[    0.093013] ACPI: Reserving FACP table memory at [mem 0x7fff00f0-0x7fff01e3]
[    0.093014] ACPI: Reserving DSDT table memory at [mem 0x7fff02e0-0x7fff2632]
[    0.093015] ACPI: Reserving FACS table memory at [mem 0x7fff0200-0x7fff023f]
[    0.093016] ACPI: Reserving FACS table memory at [mem 0x7fff0200-0x7fff023f]
[    0.093016] ACPI: Reserving APIC table memory at [mem 0x7fff0240-0x7fff0293]
[    0.093017] ACPI: Reserving SSDT table memory at [mem 0x7fff02a0-0x7fff02d7]
[    0.093030] ACPI: Local APIC address 0xfee00000
[    0.093216] No NUMA configuration found
[    0.093217] Faking a node at [mem 0x0000000000000000-0x000000007ffeffff]
[    0.093228] NODE_DATA(0) allocated [mem 0x7ffc5000-0x7ffeffff]
[    0.093488] Zone ranges:
[    0.093489]   DMA      [mem 0x0000000000001000-0x0000000000ffffff]
[    0.093491]   DMA32    [mem 0x0000000001000000-0x000000007ffeffff]
[    0.093491]   Normal   empty
[    0.093492]   Device   empty
[    0.093493] Movable zone start for each node
[    0.093495] Early memory node ranges
[    0.093495]   node   0: [mem 0x0000000000001000-0x000000000009efff]
[    0.093496]   node   0: [mem 0x0000000000100000-0x000000007ffeffff]
[    0.093499] Zeroed struct page in unavailable ranges: 114 pages
[    0.093500] Initmem setup node 0 [mem 0x0000000000001000-0x000000007ffeffff]
[    0.093501] On node 0 totalpages: 524174
[    0.093503]   DMA zone: 64 pages used for memmap
[    0.093503]   DMA zone: 21 pages reserved
[    0.093504]   DMA zone: 3998 pages, LIFO batch:0
[    0.093576]   DMA32 zone: 8128 pages used for memmap
[    0.093576]   DMA32 zone: 520176 pages, LIFO batch:63
[    0.102503] ACPI: PM-Timer IO Port: 0x4008
[    0.102506] ACPI: Local APIC address 0xfee00000
[    0.102570] IOAPIC[0]: apic_id 1, version 32, address 0xfec00000, GSI 0-23
[    0.102573] ACPI: INT_SRC_OVR (bus 0 bus_irq 0 global_irq 2 dfl dfl)
[    0.102575] ACPI: INT_SRC_OVR (bus 0 bus_irq 9 global_irq 9 low level)
[    0.102577] ACPI: IRQ0 used by override.
[    0.102578] ACPI: IRQ9 used by override.
[    0.102580] Using ACPI (MADT) for SMP configuration information
[    0.102586] smpboot: Allowing 1 CPUs, 0 hotplug CPUs
[    0.102610] PM: Registered nosave memory: [mem 0x00000000-0x00000fff]
[    0.102611] PM: Registered nosave memory: [mem 0x0009f000-0x0009ffff]
[    0.102612] PM: Registered nosave memory: [mem 0x000a0000-0x000effff]
[    0.102612] PM: Registered nosave memory: [mem 0x000f0000-0x000fffff]
[    0.102614] [mem 0x80000000-0xfebfffff] available for PCI devices
[    0.102615] Booting paravirtualized kernel on KVM
[    0.102617] clocksource: refined-jiffies: mask: 0xffffffff max_cycles: 0xffffffff, max_idle_ns: 7645519600211568 ns
[    0.102622] setup_percpu: NR_CPUS:8192 nr_cpumask_bits:1 nr_cpu_ids:1 nr_node_ids:1
[    0.103637] percpu: Embedded 60 pages/cpu s208896 r8192 d28672 u2097152
[    0.103641] pcpu-alloc: s208896 r8192 d28672 u2097152 alloc=1*2097152
[    0.103642] pcpu-alloc: [0] 0 
[    0.103669] Built 1 zonelists, mobility grouping on.  Total pages: 515961
[    0.103670] Policy zone: DMA32
[    0.103671] Kernel command line: BOOT_IMAGE=/boot/vmlinuz-5.4.243-tcp root=UUID=98415a12-53b7-4144-8265-0f7ece09e445 ro quiet splash
[    0.104533] Dentry cache hash table entries: 262144 (order: 9, 2097152 bytes, linear)
[    0.104680] Inode-cache hash table entries: 131072 (order: 8, 1048576 bytes, linear)
[    0.104730] mem auto-init: stack:off, heap alloc:on, heap free:off
[    0.104733] Calgary: detecting Calgary via BIOS EBDA area
[    0.104734] Calgary: Unable to locate Rio Grande table in EBDA - bailing!
[    0.108807] Memory: 1967340K/2096696K available (14339K kernel code, 2392K rwdata, 4692K rodata, 2720K init, 17272K bss, 129356K reserved, 0K cma-reserved)
[    0.109736] SLUB: HWalign=64, Order=0-3, MinObjects=0, CPUs=1, Nodes=1
[    0.109753] ftrace: allocating 42894 entries in 168 pages
[    0.127682] rcu: Hierarchical RCU implementation.
[    0.127684] rcu: 	RCU restricting CPUs from NR_CPUS=8192 to nr_cpu_ids=1.
[    0.127685] 	Tasks RCU enabled.
[    0.127686] rcu: RCU calculated value of scheduler-enlistment delay is 25 jiffies.
[    0.127687] rcu: Adjusting geometry for rcu_fanout_leaf=16, nr_cpu_ids=1
[    0.130651] NR_IRQS: 524544, nr_irqs: 256, preallocated irqs: 16
[    0.130866] random: crng init done
[    0.140121] Console: colour VGA+ 80x25
[    0.140125] printk: console [tty0] enabled
[    0.140145] ACPI: Core revision 20190816
[    0.140241] APIC: Switch to symmetric I/O mode setup
[    0.140488] x2apic enabled
[    0.140724] Switched APIC routing to physical x2apic.
[    0.141848] ..TIMER: vector=0x30 apic1=0 pin1=2 apic2=-1 pin2=-1
[    0.141880] clocksource: tsc-early: mask: 0xffffffffffffffff max_cycles: 0x1e4530a99b6, max_idle_ns: 440795257976 ns
[    0.141886] Calibrating delay loop (skipped) preset value.. 4200.00 BogoMIPS (lpj=8400000)
[    0.141888] pid_max: default: 32768 minimum: 301
[    0.141917] LSM: Security Framework initializing
[    0.141927] Yama: becoming mindful.
[    0.141953] AppArmor: AppArmor initialized
[    0.141989] Mount-cache hash table entries: 4096 (order: 3, 32768 bytes, linear)
[    0.141994] Mountpoint-cache hash table entries: 4096 (order: 3, 32768 bytes, linear)
[    0.142004] *** VALIDATE tmpfs ***
[    0.142141] *** VALIDATE proc ***
[    0.142183] *** VALIDATE cgroup1 ***
[    0.142185] *** VALIDATE cgroup2 ***
[    0.142326] process: using mwait in idle threads
[    0.142331] Last level iTLB entries: 4KB 64, 2MB 8, 4MB 8
[    0.142332] Last level dTLB entries: 4KB 64, 2MB 0, 4MB 0, 1GB 4
[    0.142351] Spectre V1 : Mitigation: usercopy/swapgs barriers and __user pointer sanitization
[    0.142357] Spectre V2 : Mitigation: Retpolines
[    0.142357] Spectre V2 : Spectre v2 / SpectreRSB mitigation: Filling RSB on context switch
[    0.142358] Spectre V2 : Spectre v2 / SpectreRSB : Filling RSB on VMEXIT
[    0.142358] RETBleed: WARNING: Spectre v2 mitigation leaves CPU vulnerable to RETBleed attacks, data leaks possible!
[    0.142714] RETBleed: Vulnerable
[    0.142714] Speculative Store Bypass: Vulnerable
[    0.142720] TAA: Mitigation: TSX disabled
[    0.142720] MMIO Stale Data: Mitigation: Clear CPU buffers
[    0.146932] Freeing SMP alternatives memory: 40K
[    0.259169] smpboot: CPU0: Intel(R) Xeon(R) Silver 4216 CPU @ 2.10GHz (family: 0x6, model: 0x55, stepping: 0x7)
[    0.259315] Performance Events: unsupported p6 CPU model 85 no PMU driver, software events only.
[    0.259352] rcu: Hierarchical SRCU implementation.
[    0.259841] NMI watchdog: Perf NMI watchdog permanently disabled
[    0.259881] smp: Bringing up secondary CPUs ...
[    0.259882] smp: Brought up 1 node, 1 CPU
[    0.259883] smpboot: Max logical packages: 1
[    0.259884] smpboot: Total of 1 processors activated (4200.00 BogoMIPS)
[    0.260851] devtmpfs: initialized
[    0.260899] x86/mm: Memory block size: 128MB
[    0.261244] clocksource: jiffies: mask: 0xffffffff max_cycles: 0xffffffff, max_idle_ns: 7645041785100000 ns
[    0.261250] futex hash table entries: 256 (order: 2, 16384 bytes, linear)
[    0.261294] pinctrl core: initialized pinctrl subsystem
[    0.261396] PM: RTC time: 11:52:28, date: 2026-01-20
[    0.261504] NET: Registered protocol family 16
[    0.261577] audit: initializing netlink subsys (disabled)
[    0.261703] EISA bus registered
[    0.261704] cpuidle: using governor ladder
[    0.261705] cpuidle: using governor menu
[    0.261743] ACPI: bus type PCI registered
[    0.261744] acpiphp: ACPI Hot Plug PCI Controller Driver version: 0.5
[    0.261845] PCI: Using configuration type 1 for base access
[    0.262120] audit: type=2000 audit(1768881154.629:1): state=initialized audit_enabled=0 res=1
[    0.262203] HugeTLB registered 2.00 MiB page size, pre-allocated 0 pages
[    0.263020] ACPI: Added _OSI(Module Device)
[    0.263021] ACPI: Added _OSI(Processor Device)
[    0.263022] ACPI: Added _OSI(3.0 _SCP Extensions)
[    0.263023] ACPI: Added _OSI(Processor Aggregator Device)
[    0.263024] ACPI: Added _OSI(Linux-Dell-Video)
[    0.263025] ACPI: Added _OSI(Linux-Lenovo-NV-HDMI-Audio)
[    0.263025] ACPI: Added _OSI(Linux-HPI-Hybrid-Graphics)
[    0.264971] ACPI: 2 ACPI AML tables successfully acquired and loaded
[    0.266497] ACPI: Interpreter enabled
[    0.266506] ACPI: (supports S0 S5)
[    0.266507] ACPI: Using IOAPIC for interrupt routing
[    0.266713] PCI: Using host bridge windows from ACPI; if necessary, use "pci=nocrs" and report a bug
[    0.266821] ACPI: Enabled 2 GPEs in block 00 to 07
[    0.271649] ACPI: PCI Root Bridge [PCI0] (domain 0000 [bus 00-ff])
[    0.271654] acpi PNP0A03:00: _OSC: OS supports [ASPM ClockPM Segments MSI HPX-Type3]
[    0.272098] acpi PNP0A03:00: _OSC: not requesting OS control; OS requires [ExtendedConfig ASPM ClockPM MSI]
[    0.272106] acpi PNP0A03:00: fail to add MMCONFIG information, can't access extended PCI configuration space under this bridge.
[    0.272482] PCI host bridge to bus 0000:00
[    0.272484] pci_bus 0000:00: root bus resource [io  0x0000-0x0cf7 window]
[    0.272485] pci_bus 0000:00: root bus resource [io  0x0d00-0xffff window]
[    0.272487] pci_bus 0000:00: root bus resource [mem 0x000a0000-0x000bffff window]
[    0.272488] pci_bus 0000:00: root bus resource [mem 0x80000000-0xfdffffff window]
[    0.272489] pci_bus 0000:00: root bus resource [bus 00-ff]
[    0.272532] pci 0000:00:00.0: [8086:1237] type 00 class 0x060000
[    0.273475] pci 0000:00:01.0: [8086:7000] type 00 class 0x060100
[    0.274441] pci 0000:00:01.1: [8086:7111] type 00 class 0x01018a
[    0.274819] pci 0000:00:01.1: reg 0x20: [io  0xd000-0xd00f]
[    0.274974] pci 0000:00:01.1: legacy IDE quirk: reg 0x10: [io  0x01f0-0x01f7]
[    0.274975] pci 0000:00:01.1: legacy IDE quirk: reg 0x14: [io  0x03f6]
[    0.274976] pci 0000:00:01.1: legacy IDE quirk: reg 0x18: [io  0x0170-0x0177]
[    0.274976] pci 0000:00:01.1: legacy IDE quirk: reg 0x1c: [io  0x0376]
[    0.275509] pci 0000:00:02.0: [15ad:0405] type 00 class 0x030000
[    0.277959] pci 0000:00:02.0: reg 0x10: [io  0xd010-0xd01f]
[    0.280767] pci 0000:00:02.0: reg 0x14: [mem 0xe0000000-0xe7ffffff pref]
[    0.283739] pci 0000:00:02.0: reg 0x18: [mem 0xf0000000-0xf01fffff]
[    0.294695] pci 0000:00:03.0: [1022:2000] type 00 class 0x020000
[    0.295426] pci 0000:00:03.0: reg 0x10: [io  0xd020-0xd03f]
[    0.296062] pci 0000:00:03.0: reg 0x14: [mem 0xf0200000-0xf0200fff]
[    0.300456] pci 0000:00:04.0: [80ee:cafe] type 00 class 0x088000
[    0.301130] pci 0000:00:04.0: reg 0x10: [io  0xd040-0xd05f]
[    0.301743] pci 0000:00:04.0: reg 0x14: [mem 0xf0400000-0xf07fffff]
[    0.301993] pci 0000:00:04.0: reg 0x18: [mem 0xf0800000-0xf0803fff pref]
[    0.305924] pci 0000:00:07.0: [8086:7113] type 00 class 0x068000
[    0.306479] pci 0000:00:07.0: quirk: [io  0x4000-0x403f] claimed by PIIX4 ACPI
[    0.306489] pci 0000:00:07.0: quirk: [io  0x4100-0x410f] claimed by PIIX4 SMB
[    0.307082] pci 0000:00:08.0: [1022:2000] type 00 class 0x020000
[    0.307749] pci 0000:00:08.0: reg 0x10: [io  0xd060-0xd07f]
[    0.308356] pci 0000:00:08.0: reg 0x14: [mem 0xf0804000-0xf0804fff]
[    0.311852] pci 0000:00:09.0: [8086:100e] type 00 class 0x020000
[    0.312570] pci 0000:00:09.0: reg 0x10: [mem 0xf0820000-0xf083ffff]
[    0.313991] pci 0000:00:09.0: reg 0x18: [io  0xd080-0xd087]
[    0.322906] ACPI: PCI Interrupt Link [LNKA] (IRQs 5 9 10 *11)
[    0.323246] ACPI: PCI Interrupt Link [LNKB] (IRQs 5 9 *10 11)
[    0.323353] ACPI: PCI Interrupt Link [LNKC] (IRQs 5 *9 10 11)
[    0.323465] ACPI: PCI Interrupt Link [LNKD] (IRQs 5 9 10 *11)
[    0.326087] iommu: Default domain type: Translated 
[    0.326150] pci 0000:00:02.0: vgaarb: setting as boot VGA device
[    0.326151] pci 0000:00:02.0: vgaarb: VGA device added: decodes=io+mem,owns=io+mem,locks=none
[    0.326153] pci 0000:00:02.0: vgaarb: bridge control possible
[    0.326154] vgaarb: loaded
[    0.326362] SCSI subsystem initialized
[    0.326394] libata version 3.00 loaded.
[    0.326420] ACPI: bus type USB registered
[    0.326434] usbcore: registered new interface driver usbfs
[    0.326440] usbcore: registered new interface driver hub
[    0.326444] usbcore: registered new device driver usb
[    0.326475] pps_core: LinuxPPS API ver. 1 registered
[    0.326476] pps_core: Software ver. 5.3.6 - Copyright 2005-2007 Rodolfo Giometti <giometti@linux.it>
[    0.326478] PTP clock support registered
[    0.326511] EDAC MC: Ver: 3.0.0
[    0.326815] PCI: Using ACPI for IRQ routing
[    0.326817] PCI: pci_cache_line_size set to 64 bytes
[    0.326987] e820: reserve RAM buffer [mem 0x0009fc00-0x0009ffff]
[    0.326991] e820: reserve RAM buffer [mem 0x7fff0000-0x7fffffff]
[    0.327114] NetLabel: Initializing
[    0.327114] NetLabel:  domain hash size = 128
[    0.327115] NetLabel:  protocols = UNLABELED CIPSOv4 CALIPSO
[    0.327135] NetLabel:  unlabeled traffic allowed by default
[    0.328708] clocksource: Switched to clocksource kvm-clock
[    0.340232] *** VALIDATE bpf ***
[    0.340293] VFS: Disk quotas dquot_6.6.0
[    0.340305] VFS: Dquot-cache hash table entries: 512 (order 0, 4096 bytes)
[    0.340327] *** VALIDATE ramfs ***
[    0.340330] *** VALIDATE hugetlbfs ***
[    0.340409] AppArmor: AppArmor Filesystem Enabled
[    0.340434] pnp: PnP ACPI init
[    0.340496] pnp 00:00: Plug and Play ACPI device, IDs PNP0303 (active)
[    0.340581] pnp 00:01: Plug and Play ACPI device, IDs PNP0f03 (active)
[    0.341338] pnp: PnP ACPI: found 2 devices
[    0.342303] thermal_sys: Registered thermal governor 'fair_share'
[    0.342303] thermal_sys: Registered thermal governor 'bang_bang'
[    0.342304] thermal_sys: Registered thermal governor 'step_wise'
[    0.342305] thermal_sys: Registered thermal governor 'user_space'
[    0.342305] thermal_sys: Registered thermal governor 'power_allocator'
[    0.346820] clocksource: acpi_pm: mask: 0xffffff max_cycles: 0xffffff, max_idle_ns: 2085701024 ns
[    0.346860] pci_bus 0000:00: resource 4 [io  0x0000-0x0cf7 window]
[    0.346862] pci_bus 0000:00: resource 5 [io  0x0d00-0xffff window]
[    0.346863] pci_bus 0000:00: resource 6 [mem 0x000a0000-0x000bffff window]
[    0.346864] pci_bus 0000:00: resource 7 [mem 0x80000000-0xfdffffff window]
[    0.346916] NET: Registered protocol family 2
[    0.346992] IP idents hash table entries: 32768 (order: 6, 262144 bytes, linear)
[    0.347088] tcp_listen_portaddr_hash hash table entries: 1024 (order: 2, 16384 bytes, linear)
[    0.347088] TCP established hash table entries: 16384 (order: 5, 131072 bytes, linear)
[    0.347088] TCP bind hash table entries: 16384 (order: 6, 262144 bytes, linear)
[    0.347088] TCP: Hash tables configured (established 16384 bind 16384)
[    0.347088] UDP hash table entries: 1024 (order: 3, 32768 bytes, linear)
[    0.347088] UDP-Lite hash table entries: 1024 (order: 3, 32768 bytes, linear)
[    0.347088] NET: Registered protocol family 1
[    0.347088] NET: Registered protocol family 44
[    0.347680] pci 0000:00:00.0: Limiting direct PCI/PCI transfers
[    0.347696] pci 0000:00:01.0: Activating ISA DMA hang workarounds
[    0.347760] pci 0000:00:02.0: Video device with shadowed ROM at [mem 0x000c0000-0x000dffff]
[    0.347822] PCI: CLS 0 bytes, default 64
[    0.347876] Trying to unpack rootfs image as initramfs...
[    0.523132] Freeing initrd memory: 47860K
[    0.523132] clocksource: tsc: mask: 0xffffffffffffffff max_cycles: 0x1e4530a99b6, max_idle_ns: 440795257976 ns
[    0.523132] clocksource: Switched to clocksource tsc
[    0.523132] platform rtc_cmos: registered platform RTC device (no PNP device found)
[    0.523132] check: Scanning for low memory corruption every 60 seconds
[    0.523132] Initialise system trusted keyrings
[    0.523132] Key type blacklist registered
[    0.523132] workingset: timestamp_bits=36 max_order=19 bucket_order=0
[    0.523132] zbud: loaded
[    0.523132] squashfs: version 4.0 (2009/01/31) Phillip Lougher
[    0.523132] fuse: init (API version 7.31)
[    0.523132] *** VALIDATE fuse ***
[    0.523132] *** VALIDATE fuse ***
[    0.523132] Platform Keyring initialized
[    0.535632] Key type asymmetric registered
[    0.535633] Asymmetric key parser 'x509' registered
[    0.535642] Block layer SCSI generic (bsg) driver version 0.4 loaded (major 244)
[    0.535679] io scheduler mq-deadline registered
[    0.535798] shpchp: Standard Hot Plug PCI Controller Driver version: 0.4
[    0.536018] ACPI: AC Adapter [AC] (on-line)
[    0.536064] input: Power Button as /devices/LNXSYSTM:00/LNXPWRBN:00/input/input0
[    0.536093] ACPI: Power Button [PWRF]
[    0.536171] input: Sleep Button as /devices/LNXSYSTM:00/LNXSLPBN:00/input/input1
[    0.536185] ACPI: Sleep Button [SLPF]
[    0.536413] Serial: 8250/16550 driver, 32 ports, IRQ sharing enabled
[    0.537568] Linux agpgart interface v0.103
[    0.627067] loop: module loaded
[    0.627247] ata_piix 0000:00:01.1: version 2.13
[    0.627726] scsi host0: ata_piix
[    0.627816] scsi host1: ata_piix
[    0.627847] ata1: PATA max UDMA/33 cmd 0x1f0 ctl 0x3f6 bmdma 0xd000 irq 14
[    0.627848] ata2: PATA max UDMA/33 cmd 0x170 ctl 0x376 bmdma 0xd008 irq 15
[    0.627932] tun: Universal TUN/TAP device driver, 1.6
[    0.628245] PPP generic driver version 2.4.2
[    0.628290] VFIO - User Level meta-driver version: 0.3
[    0.628533] ehci_hcd: USB 2.0 'Enhanced' Host Controller (EHCI) Driver
[    0.628539] ehci-pci: EHCI PCI platform driver
[    0.628552] ehci-platform: EHCI generic platform driver
[    0.628558] ohci_hcd: USB 1.1 'Open' Host Controller (OHCI) Driver
[    0.628559] ohci-pci: OHCI PCI platform driver
[    0.628565] ohci-platform: OHCI generic platform driver
[    0.628569] uhci_hcd: USB Universal Host Controller Interface driver
[    0.628631] i8042: PNP: PS/2 Controller [PNP0303:PS2K,PNP0f03:PS2M] at 0x60,0x64 irq 1,12
[    0.629069] serio: i8042 KBD port at 0x60,0x64 irq 1
[    0.629073] serio: i8042 AUX port at 0x60,0x64 irq 12
[    0.629158] mousedev: PS/2 mouse device common for all mice
[    0.629416] input: AT Translated Set 2 keyboard as /devices/platform/i8042/serio0/input/input2
[    0.629812] rtc_cmos rtc_cmos: registered as rtc0
[    0.629826] rtc_cmos rtc_cmos: alarms up to one day, 114 bytes nvram
[    0.629831] i2c /dev entries driver
[    0.629875] device-mapper: uevent: version 1.0.3
[    0.629916] device-mapper: ioctl: 4.41.0-ioctl (2019-09-16) initialised: dm-devel@redhat.com
[    0.629933] platform eisa.0: Probing EISA bus 0
[    0.629934] platform eisa.0: EISA: Cannot allocate resource for mainboard
[    0.629936] platform eisa.0: Cannot allocate resource for EISA slot 1
[    0.629937] platform eisa.0: Cannot allocate resource for EISA slot 2
[    0.629938] platform eisa.0: Cannot allocate resource for EISA slot 3
[    0.629938] platform eisa.0: Cannot allocate resource for EISA slot 4
[    0.629939] platform eisa.0: Cannot allocate resource for EISA slot 5
[    0.629940] platform eisa.0: Cannot allocate resource for EISA slot 6
[    0.629941] platform eisa.0: Cannot allocate resource for EISA slot 7
[    0.629942] platform eisa.0: Cannot allocate resource for EISA slot 8
[    0.629943] platform eisa.0: EISA: Detected 0 cards
[    0.629946] intel_pstate: CPU model not supported
[    0.629955] ledtrig-cpu: registered to indicate activity on CPUs
[    0.630004] drop_monitor: Initializing network drop monitor service
[    0.630164] NET: Registered protocol family 10
[    0.635155] Segment Routing with IPv6
[    0.635155] NET: Registered protocol family 17
[    0.635155] Key type dns_resolver registered
[    0.635155] RAS: Correctable Errors collector initialized.
[    0.635155] IPI shorthand broadcast: enabled
[    0.635155] sched_clock: Marking stable (620128903, 11026445)->(633313820, -2158472)
[    0.635491] registered taskstats version 1
[    0.635502] Loading compiled-in X.509 certificates
[    0.636105] Loaded X.509 cert 'Build time autogenerated kernel key: 0a9e52cc6eb58eed9b63e328679db6d5d5216245'
[    0.636123] zswap: loaded using pool lzo/zbud
[    0.636179] Key type ._fscrypt registered
[    0.636179] Key type .fscrypt registered
[    0.640670] Key type big_key registered
[    0.642846] Key type encrypted registered
[    0.642848] AppArmor: AppArmor sha1 policy hashing enabled
[    0.642855] ima: No TPM chip found, activating TPM-bypass!
[    0.642859] ima: Allocated hash algorithm: sha1
[    0.642863] ima: No architecture policies found
[    0.642871] evm: Initialising EVM extended attributes:
[    0.642872] evm: security.selinux
[    0.642872] evm: security.SMACK64
[    0.642873] evm: security.SMACK64EXEC
[    0.642873] evm: security.SMACK64TRANSMUTE
[    0.642874] evm: security.SMACK64MMAP
[    0.642874] evm: security.apparmor
[    0.642874] evm: security.ima
[    0.642875] evm: security.capability
[    0.642875] evm: HMAC attrs: 0x1
[    0.643164] PM:   Magic number: 10:975:883
[    0.643281] rtc_cmos rtc_cmos: setting system clock to 2026-01-20T11:52:29 UTC (1768909949)
[    0.800110] ata1.00: ATA-6: VBOX HARDDISK, 1.0, max UDMA/133
[    0.800114] ata1.00: 209715200 sectors, multi 128: LBA 
[    0.800903] scsi 0:0:0:0: Direct-Access     ATA      VBOX HARDDISK    1.0  PQ: 0 ANSI: 5
[    0.801307] sd 0:0:0:0: [sda] 209715200 512-byte logical blocks: (107 GB/100 GiB)
[    0.801326] sd 0:0:0:0: [sda] Write Protect is off
[    0.801330] sd 0:0:0:0: [sda] Mode Sense: 00 3a 00 00
[    0.801357] sd 0:0:0:0: [sda] Write cache: enabled, read cache: enabled, doesn't support DPO or FUA
[    0.801686] sd 0:0:0:0: Attached scsi generic sg0 type 0
[    0.802555]  sda: sda1 sda2
[    0.811295] sd 0:0:0:0: [sda] Attached SCSI disk
[    0.815821] Freeing unused decrypted memory: 2040K
[    0.816963] Freeing unused kernel image memory: 2720K
[    0.816967] Write protecting the kernel read-only data: 22528k
[    0.818288] Freeing unused kernel image memory: 2036K
[    0.818960] Freeing unused kernel image memory: 1452K
[    0.854239] x86/mm: Checked W+X mappings: passed, no W+X pages found.
[    0.854245] Run /init as init process
[    0.950671] ACPI: Video Device [GFX0] (multi-head: yes  rom: no  post: no)
[    0.950745] input: Video Bus as /devices/LNXSYSTM:00/LNXSYBUS:00/PNP0A03:00/LNXVIDEO:00/input/input4
[    0.964039] pcnet32: pcnet32.c:v1.35 21.Apr.2008 tsbogend@alpha.franken.de
[    0.965652] piix4_smbus 0000:00:07.0: SMBus Host Controller at 0x4100, revision 0
[    0.969510] e1000: Intel(R) PRO/1000 Network Driver - version 7.3.21-k8-NAPI
[    0.969511] e1000: Copyright (c) 1999-2006 Intel Corporation.
[    0.977726] pcnet32: PCnet/FAST III 79C973 at 0xd020, 08:00:27:f5:37:01 assigned IRQ 19
[    0.977768] pcnet32: Found PHY 0022:561b at address 0
[    0.978065] pcnet32: eth0: registered as PCnet/FAST III 79C973
[    0.984899] pcnet32: PCnet/FAST III 79C973 at 0xd060, 08:00:27:93:2c:7b assigned IRQ 16
[    0.984942] pcnet32: Found PHY 0022:561b at address 0
[    0.985232] pcnet32: eth1: registered as PCnet/FAST III 79C973
[    0.993655] pcnet32: 2 cards_found
[    1.046836] pcnet32 0000:00:03.0 enp0s3: renamed from eth0
[    1.052663] pcnet32 0000:00:08.0 enp0s8: renamed from eth1
[    1.180761] input: ImExPS/2 Generic Explorer Mouse as /devices/platform/i8042/serio1/input/input5
[    1.379420] e1000 0000:00:09.0 eth0: (PCI:33MHz:32-bit) 08:00:27:db:02:3d
[    1.379425] e1000 0000:00:09.0 eth0: Intel(R) PRO/1000 Network Connection
[    1.380485] e1000 0000:00:09.0 enp0s9: renamed from eth0
[    1.530111] EXT4-fs (sda2): mounted filesystem with ordered data mode. Opts: (null)
[    1.620778] systemd[1]: Inserted module 'autofs4'
[    1.634369] systemd[1]: systemd 245.4-4ubuntu3 running in system mode. (+PAM +AUDIT +SELINUX +IMA +APPARMOR +SMACK +SYSVINIT +UTMP +LIBCRYPTSETUP +GCRYPT +GNUTLS +ACL +XZ +LZ4 +SECCOMP +BLKID +ELFUTILS +KMOD +IDN2 -IDN +PCRE2 default-hierarchy=hybrid)
[    1.634399] systemd[1]: Detected virtualization oracle.
[    1.634402] systemd[1]: Detected architecture x86-64.
[    1.635754] systemd[1]: Set hostname to <ztg>.
[    1.758604] systemd[1]: /lib/systemd/system/dbus.socket:5: ListenStream= references a path below legacy directory /var/run/, updating /var/run/dbus/system_bus_socket â†’ /run/dbus/system_bus_socket; please update the unit file accordingly.
[    1.810793] systemd[1]: Created slice system-modprobe.slice.
[    1.810981] systemd[1]: Created slice User and Session Slice.
[    1.811024] systemd[1]: Started Forward Password Requests to Wall Directory Watch.
[    1.811257] systemd[1]: Set up automount Arbitrary Executable File Formats File System Automount Point.
[    1.811295] systemd[1]: Reached target User and Group Name Lookups.
[    1.811303] systemd[1]: Reached target Remote File Systems.
[    1.811311] systemd[1]: Reached target Slices.
[    1.811884] systemd[1]: Listening on Syslog Socket.
[    1.811952] systemd[1]: Listening on fsck to fsckd communication Socket.
[    1.811989] systemd[1]: Listening on initctl Compatibility Named Pipe.
[    1.812123] systemd[1]: Listening on Journal Audit Socket.
[    1.812173] systemd[1]: Listening on Journal Socket (/dev/log).
[    1.812240] systemd[1]: Listening on Journal Socket.
[    1.812305] systemd[1]: Listening on udev Control Socket.
[    1.812342] systemd[1]: Listening on udev Kernel Socket.
[    1.813059] systemd[1]: Mounting Huge Pages File System...
[    1.813950] systemd[1]: Mounting POSIX Message Queue File System...
[    1.814799] systemd[1]: Mounting Kernel Debug File System...
[    1.815673] systemd[1]: Mounting Kernel Trace File System...
[    1.817569] systemd[1]: Starting Journal Service...
[    1.841573] systemd[1]: Starting Set the console keyboard layout...
[    1.849402] systemd[1]: Starting Create list of static device nodes for the current kernel...
[    1.851456] systemd[1]: Starting Load Kernel Module drm...
[    1.852581] systemd[1]: Condition check resulted in Set Up Additional Binary Formats being skipped.
[    1.852622] systemd[1]: Condition check resulted in File System Check on Root Device being skipped.
[    1.863878] systemd[1]: Starting Load Kernel Modules...
[    1.870750] systemd[1]: Starting Remount Root and Kernel File Systems...
[    1.873885] systemd[1]: Starting udev Coldplug all Devices...
[    1.888715] systemd[1]: Starting Uncomplicated firewall...
[    1.893391] systemd[1]: Mounted Huge Pages File System.
[    1.893493] systemd[1]: Mounted POSIX Message Queue File System.
[    1.893570] systemd[1]: Mounted Kernel Debug File System.
[    1.893641] systemd[1]: Mounted Kernel Trace File System.
[    1.894885] EXT4-fs (sda2): re-mounted. Opts: errors=remount-ro
[    1.925914] systemd[1]: Finished Create list of static device nodes for the current kernel.
[    1.926977] systemd[1]: modprobe@drm.service: Succeeded.
[    1.941832] systemd[1]: Finished Load Kernel Module drm.
[    1.942379] systemd[1]: Finished Remount Root and Kernel File Systems.
[    1.943460] systemd[1]: Finished Uncomplicated firewall.
[    1.959904] systemd[1]: Condition check resulted in Rebuild Hardware Database being skipped.
[    1.959940] systemd[1]: Condition check resulted in Platform Persistent Storage Archival being skipped.
[    1.961631] lp: driver loaded but no devices found
[    1.963041] systemd[1]: Starting Load/Save Random Seed...
[    1.969487] systemd[1]: Starting Create System Users...
[    1.977032] systemd[1]: Finished Load/Save Random Seed.
[    1.978137] ppdev: user-space parallel port driver
[    1.985838] systemd[1]: Finished Create System Users.
[    1.986555] systemd[1]: Starting Create Static Device Nodes in /dev...
[    2.001839] systemd[1]: Finished udev Coldplug all Devices.
[    2.036154] systemd[1]: Finished Create Static Device Nodes in /dev.
[    2.036973] systemd[1]: Starting udev Kernel Device Manager...
[    2.076154] [drm] DMA map mode: Caching DMA mappings.
[    2.076216] [drm] Capabilities:
[    2.076217] [drm]   Rect copy.
[    2.076217] [drm]   Cursor.
[    2.076217] [drm]   Cursor bypass.
[    2.076218] [drm]   Cursor bypass 2.
[    2.076218] [drm]   Alpha cursor.
[    2.076218] [drm]   Extended Fifo.
[    2.076219] [drm]   Pitchlock.
[    2.076219] [drm]   Irq mask.
[    2.076219] [drm]   GMR.
[    2.076220] [drm]   Traces.
[    2.076220] [drm]   GMR2.
[    2.076220] [drm]   Screen Object 2.
[    2.076221] [drm]   Command Buffers.
[    2.076221] [drm]   Command Buffers 2.
[    2.076221] [drm]   Guest Backed Resources.
[    2.076222] [drm] Max GMR ids is 8192
[    2.076223] [drm] Max number of GMR pages is 1048576
[    2.076224] [drm] Max dedicated hypervisor surface memory is 393216 kiB
[    2.076224] [drm] Maximum display memory size is 131072 kiB
[    2.076225] [drm] VRAM at 0xe0000000 size is 131072 kiB
[    2.076225] [drm] MMIO at 0xf0000000 size is 2048 kiB
[    2.077832] [TTM] Zone  kernel: Available graphics memory: 1011744 KiB
[    2.077832] [TTM] Initializing pool allocator
[    2.077836] [TTM] Initializing DMA pool allocator
[    2.077864] [drm] Supports vblank timestamp caching Rev 2 (21.10.2013).
[    2.077864] [drm] No driver support for vblank timestamp query.
[    2.078093] [drm] Screen Target Display device initialized
[    2.078308] [drm] width 720
[    2.078316] [drm] height 400
[    2.078319] [drm] bpp 32
[    2.078839] [drm] Fifo max 0x00200000 min 0x00001000 cap 0x00000355
[    2.079924] [drm] Using command buffers with DMA pool.
[    2.079928] [drm] DX: no.
[    2.079928] [drm] Atomic: yes.
[    2.079929] [drm] SM4_1: no.
[    2.079947] [drm:vmw_host_log [vmwgfx]] *ERROR* Failed to send host log message.
[    2.087140] [drm:vmw_host_log [vmwgfx]] *ERROR* Failed to send host log message.
[    2.108147] systemd[1]: Finished Set the console keyboard layout.
[    2.108255] systemd[1]: Reached target Local File Systems (Pre).
[    2.110373] systemd[1]: Mounting Mount unit for bare, revision 5...
[    2.112393] systemd[1]: Mounting Mount unit for core18, revision 1705...
[    2.117996] systemd[1]: Mounting Mount unit for gnome-3-34-1804, revision 24...
[    2.122671] fbcon: svgadrmfb (fb0) is primary device
[    2.126388] Console: switching to colour frame buffer device 100x37
[    2.131051] systemd[1]: Mounting Mount unit for gtk-common-themes, revision 1506...
[    2.135230] [drm] Initialized vmwgfx 2.15.0 20180704 for 0000:00:02.0 on minor 0
[    2.138732] systemd[1]: Mounting Mount unit for gtk-common-themes, revision 1535...
[    2.145728] systemd[1]: Mounting Mount unit for snap-store, revision 433...
[    2.175308] systemd[1]: Mounting Mount unit for snapd, revision 25935...
[    2.179775] systemd[1]: Finished Load Kernel Modules.
[    2.181176] systemd[1]: Mounting FUSE Control File System...
[    2.188282] systemd[1]: Mounting Kernel Configuration File System...
[    2.192627] systemd[1]: Starting Apply Kernel Variables...
[    2.196264] systemd[1]: Mounted Mount unit for bare, revision 5.
[    2.196377] systemd[1]: Mounted Mount unit for core18, revision 1705.
[    2.196461] systemd[1]: Mounted Mount unit for gnome-3-34-1804, revision 24.
[    2.196534] systemd[1]: Mounted FUSE Control File System.
[    2.196599] systemd[1]: Condition check resulted in VMware vmblock fuse mount being skipped.
[    2.224045] systemd[1]: Mounted Kernel Configuration File System.
[    2.240303] systemd[1]: Finished Apply Kernel Variables.
[    2.261807] systemd[1]: Mounted Mount unit for gtk-common-themes, revision 1506.
[    2.261898] systemd[1]: Mounted Mount unit for gtk-common-themes, revision 1535.
[    2.267542] systemd[1]: Mounted Mount unit for snapd, revision 25935.
[    2.270707] systemd[1]: Mounted Mount unit for snap-store, revision 433.
[    2.270770] systemd[1]: Reached target Local File Systems.
[    2.272340] systemd[1]: Starting Load AppArmor profiles...
[    2.290714] systemd[1]: Starting Set console font and keymap...
[    2.302397] systemd[1]: Starting Tell Plymouth To Write Out Runtime Data...
[    2.302419] systemd[1]: Condition check resulted in Store a System Token in an EFI Variable being skipped.
[    2.302448] systemd[1]: Condition check resulted in Commit a transient machine-id on disk being skipped.
[    2.302553] systemd[1]: Started udev Kernel Device Manager.
[    2.307732] systemd[1]: Starting Show Plymouth Boot Screen...
[    2.309709] systemd[1]: Finished Set console font and keymap.
[    2.314022] systemd[1]: plymouth-read-write.service: Succeeded.
[    2.314437] systemd[1]: Finished Tell Plymouth To Write Out Runtime Data.
[    2.314782] systemd[1]: Received SIGRTMIN+20 from PID 288 (plymouthd).
[    2.327212] systemd[1]: Started Show Plymouth Boot Screen.
[    2.327345] systemd[1]: Condition check resulted in Dispatch Password Requests to Console Directory Watch being skipped.
[    2.327425] systemd[1]: Started Forward Password Requests to Plymouth Directory Watch.
[    2.327457] systemd[1]: Reached target Local Encrypted Volumes.
[    2.360565] audit: type=1400 audit(1768909951.216:2): apparmor="STATUS" operation="profile_load" profile="unconfined" name="nvidia_modprobe" pid=293 comm="apparmor_parser"
[    2.360567] audit: type=1400 audit(1768909951.216:3): apparmor="STATUS" operation="profile_load" profile="unconfined" name="nvidia_modprobe//kmod" pid=293 comm="apparmor_parser"
[    2.366385] audit: type=1400 audit(1768909951.216:4): apparmor="STATUS" operation="profile_load" profile="unconfined" name="/usr/sbin/tcpdump" pid=295 comm="apparmor_parser"
[    2.395162] audit: type=1400 audit(1768909951.240:5): apparmor="STATUS" operation="profile_load" profile="unconfined" name="/usr/bin/evince" pid=297 comm="apparmor_parser"
[    2.395164] audit: type=1400 audit(1768909951.240:6): apparmor="STATUS" operation="profile_load" profile="unconfined" name="/usr/bin/evince//sanitized_helper" pid=297 comm="apparmor_parser"
[    2.395166] audit: type=1400 audit(1768909951.240:7): apparmor="STATUS" operation="profile_load" profile="unconfined" name="/usr/bin/evince-previewer" pid=297 comm="apparmor_parser"
[    2.395168] audit: type=1400 audit(1768909951.240:8): apparmor="STATUS" operation="profile_load" profile="unconfined" name="/usr/bin/evince-previewer//sanitized_helper" pid=297 comm="apparmor_parser"
[    2.395169] audit: type=1400 audit(1768909951.240:9): apparmor="STATUS" operation="profile_load" profile="unconfined" name="/usr/bin/evince-thumbnailer" pid=297 comm="apparmor_parser"
[    2.422649] audit: type=1400 audit(1768909951.276:10): apparmor="STATUS" operation="profile_load" profile="unconfined" name="/usr/lib/cups/backend/cups-pdf" pid=303 comm="apparmor_parser"
[    2.493897] systemd[1]: Finished Load AppArmor profiles.
[    2.494821] systemd[1]: Starting Load AppArmor profiles managed internally by snapd...
[    2.617202] systemd[1]: Finished Load AppArmor profiles managed internally by snapd.
[    2.764264] systemd[1]: Started Journal Service.
[    2.772797] systemd-journald[228]: Received client request to flush runtime journal.
[    2.776882] systemd-journald[228]: File /var/log/journal/c455b248004a419c87ce85eea238d727/system.journal corrupted or uncleanly shut down, renaming and replacing.
[    4.027701] RAPL PMU: API unit is 2^-32 Joules, 0 fixed counters, 10737418240 ms ovfl timer
[    4.092968] cryptd: max_cpu_qlen set to 1000
[    4.138651] AVX2 version of gcm_enc/dec engaged.
[    4.138652] AES CTR mode by8 optimization enabled
[    5.958515] Adding 1998844k swap on /dev/sda1.  Priority:-2 extents:1 across:1998844k FS
[    7.352477] kauditd_printk_skb: 30 callbacks suppressed
[    7.352478] audit: type=1400 audit(1768909956.208:41): apparmor="DENIED" operation="capable" profile="/usr/sbin/cups-browsed" pid=510 comm="cups-browsed" capability=23  capname="sys_nice"
[    8.452488] pcnet32 0000:00:03.0 enp0s3: link up, 100Mbps, full-duplex
[    8.475453] pcnet32 0000:00:08.0 enp0s8: link up, 100Mbps, full-duplex
[    8.509114] e1000: enp0s9 NIC Link is Up 1000 Mbps Full Duplex, Flow Control: RX
[    8.509391] IPv6: ADDRCONF(NETDEV_CHANGE): enp0s9: link becomes ready
[    9.041953] device enp0s8 entered promiscuous mode
[    9.069867] device enp0s3 entered promiscuous mode
[    9.121633] audit: type=1400 audit(1768909957.976:42): apparmor="DENIED" operation="open" profile="/usr/sbin/tcpdump" name="/proc/sys/kernel/random/boot_id" pid=629 comm="tcpdump" requested_mask="r" denied_mask="r" fsuid=0 ouid=0
[    9.121814] audit: type=1400 audit(1768909957.976:43): apparmor="DENIED" operation="open" profile="/usr/sbin/tcpdump" name="/proc/sys/kernel/random/boot_id" pid=628 comm="tcpdump" requested_mask="r" denied_mask="r" fsuid=0 ouid=0
[    9.122326] audit: type=1400 audit(1768909957.976:44): apparmor="DENIED" operation="open" profile="/usr/sbin/tcpdump" name="/proc/sys/kernel/random/boot_id" pid=628 comm="tcpdump" requested_mask="r" denied_mask="r" fsuid=0 ouid=0
[    9.122341] audit: type=1400 audit(1768909957.976:45): apparmor="DENIED" operation="open" profile="/usr/sbin/tcpdump" name="/proc/sys/kernel/random/boot_id" pid=629 comm="tcpdump" requested_mask="r" denied_mask="r" fsuid=0 ouid=0
[    9.122386] audit: type=1400 audit(1768909957.976:46): apparmor="DENIED" operation="open" profile="/usr/sbin/tcpdump" name="/proc/sys/kernel/random/boot_id" pid=629 comm="tcpdump" requested_mask="r" denied_mask="r" fsuid=0 ouid=0
[    9.122509] audit: type=1400 audit(1768909957.976:47): apparmor="DENIED" operation="open" profile="/usr/sbin/tcpdump" name="/proc/sys/kernel/random/boot_id" pid=628 comm="tcpdump" requested_mask="r" denied_mask="r" fsuid=0 ouid=0
[    9.122706] audit: type=1400 audit(1768909957.976:48): apparmor="DENIED" operation="open" profile="/usr/sbin/tcpdump" name="/proc/sys/kernel/random/boot_id" pid=628 comm="tcpdump" requested_mask="r" denied_mask="r" fsuid=0 ouid=0
[    9.123079] audit: type=1400 audit(1768909957.976:49): apparmor="DENIED" operation="open" profile="/usr/sbin/tcpdump" name="/proc/sys/kernel/random/boot_id" pid=629 comm="tcpdump" requested_mask="r" denied_mask="r" fsuid=0 ouid=0
[    9.130138] audit: type=1400 audit(1768909957.984:50): apparmor="DENIED" operation="open" profile="/usr/sbin/tcpdump" name="/proc/sys/kernel/random/boot_id" pid=631 comm="tcpdump" requested_mask="r" denied_mask="r" fsuid=0 ouid=0
[   15.261872] rfkill: input handler disabled
[  415.842368] rfkill: input handler enabled
[  424.234912] rfkill: input handler disabled
[  593.445584] device enp0s3 left promiscuous mode
[  593.448169] device enp0s8 left promiscuous mode
