[    0.000000] Linux version 5.4.243-tcp (root@ztg) (gcc version 12.2.0 (Debian 12.2.0-14)) #1 SMP Fri Apr 12 08:27:09 CST 2024
[    0.000000] Command line: BOOT_IMAGE=/boot/vmlinuz-5.4.243-tcp root=UUID=98415a12-53b7-4144-8265-0f7ece09e445 ro quiet splash
[    0.000000] KERNEL supported cpus:
[    0.000000]   Intel GenuineIntel
[    0.000000]   AMD AuthenticAMD
[    0.000000]   Hygon HygonGenuine
[    0.000000]   Centaur CentaurHauls
[    0.000000]   zhaoxin   Shanghai  
[    0.000000] x86/fpu: Supporting XSAVE feature 0x001: 'x87 floating point registers'
[    0.000000] x86/fpu: Supporting XSAVE feature 0x002: 'SSE registers'
[    0.000000] x86/fpu: Supporting XSAVE feature 0x004: 'AVX registers'
[    0.000000] x86/fpu: xstate_offset[2]:  576, xstate_sizes[2]:  256
[    0.000000] x86/fpu: Enabled xstate features 0x7, context size is 832 bytes, using 'standard' format.
[    0.000000] BIOS-provided physical RAM map:
[    0.000000] BIOS-e820: [mem 0x0000000000000000-0x000000000009fbff] usable
[    0.000000] BIOS-e820: [mem 0x000000000009fc00-0x000000000009ffff] reserved
[    0.000000] BIOS-e820: [mem 0x00000000000f0000-0x00000000000fffff] reserved
[    0.000000] BIOS-e820: [mem 0x0000000000100000-0x000000007ffeffff] usable
[    0.000000] BIOS-e820: [mem 0x000000007fff0000-0x000000007fffffff] ACPI data
[    0.000000] BIOS-e820: [mem 0x00000000fec00000-0x00000000fec00fff] reserved
[    0.000000] BIOS-e820: [mem 0x00000000fee00000-0x00000000fee00fff] reserved
[    0.000000] BIOS-e820: [mem 0x00000000fffc0000-0x00000000ffffffff] reserved
[    0.000000] NX (Execute Disable) protection: active
[    0.000000] SMBIOS 2.5 present.
[    0.000000] DMI: innotek GmbH VirtualBox/VirtualBox, BIOS VirtualBox 12/01/2006
[    0.000000] Hypervisor detected: KVM
[    0.000000] kvm-clock: Using msrs 4b564d01 and 4b564d00
[    0.000001] kvm-clock: cpu 0, msr 44401001, primary cpu clock
[    0.000001] kvm-clock: using sched offset of 4436163018 cycles
[    0.000004] clocksource: kvm-clock: mask: 0xffffffffffffffff max_cycles: 0x1cd42e4dffb, max_idle_ns: 881590591483 ns
[    0.000007] tsc: Detected 2100.000 MHz processor
[    0.002236] e820: update [mem 0x00000000-0x00000fff] usable ==> reserved
[    0.002239] e820: remove [mem 0x000a0000-0x000fffff] usable
[    0.002243] last_pfn = 0x7fff0 max_arch_pfn = 0x400000000
[    0.002312] MTRR default type: uncachable
[    0.002313] MTRR fixed ranges enabled:
[    0.002314]   00000-9FFFF write-back
[    0.002315]   A0000-BFFFF uncachable
[    0.002315]   C0000-FFFFF write-protect
[    0.002316] MTRR variable ranges enabled:
[    0.002318]   0 base 000000000000 mask 3FFF80000000 write-back
[    0.002318]   1 disabled
[    0.002319]   2 disabled
[    0.002319]   3 disabled
[    0.002320]   4 disabled
[    0.002320]   5 disabled
[    0.002320]   6 disabled
[    0.002321]   7 disabled
[    0.002321]   8 disabled
[    0.002322]   9 disabled
[    0.002322]   10 disabled
[    0.002323]   11 disabled
[    0.002323]   12 disabled
[    0.002323]   13 disabled
[    0.002324]   14 disabled
[    0.002324]   15 disabled
[    0.002343] x86/PAT: Configuration [0-7]: WB  WC  UC- UC  WB  WP  UC- WT  
[    0.002499] found SMP MP-table at [mem 0x0009fff0-0x0009ffff]
[    0.113066] check: Scanning 1 areas for low memory corruption
[    0.113283] RAMDISK: [mem 0x32275000-0x35131fff]
[    0.113291] ACPI: Early table checksum verification disabled
[    0.113298] ACPI: RSDP 0x00000000000E0000 000024 (v02 VBOX  )
[    0.113303] ACPI: XSDT 0x000000007FFF0030 00003C (v01 VBOX   VBOXXSDT 00000001 ASL  00000061)
[    0.113310] ACPI: FACP 0x000000007FFF00F0 0000F4 (v04 VBOX   VBOXFACP 00000001 ASL  00000061)
[    0.113317] ACPI: DSDT 0x000000007FFF02E0 002353 (v02 VBOX   VBOXBIOS 00000002 VBOX 00029BF3)
[    0.113322] ACPI: FACS 0x000000007FFF0200 000040
[    0.113326] ACPI: FACS 0x000000007FFF0200 000040
[    0.113330] ACPI: APIC 0x000000007FFF0240 000054 (v02 VBOX   VBOXAPIC 00000001 ASL  00000061)
[    0.113334] ACPI: SSDT 0x000000007FFF02A0 000038 (v01 VBOX   VBOXCPUT 00000002 VBOX 00029BF3)
[    0.113337] ACPI: Reserving FACP table memory at [mem 0x7fff00f0-0x7fff01e3]
[    0.113338] ACPI: Reserving DSDT table memory at [mem 0x7fff02e0-0x7fff2632]
[    0.113339] ACPI: Reserving FACS table memory at [mem 0x7fff0200-0x7fff023f]
[    0.113339] ACPI: Reserving FACS table memory at [mem 0x7fff0200-0x7fff023f]
[    0.113340] ACPI: Reserving APIC table memory at [mem 0x7fff0240-0x7fff0293]
[    0.113341] ACPI: Reserving SSDT table memory at [mem 0x7fff02a0-0x7fff02d7]
[    0.113357] ACPI: Local APIC address 0xfee00000
[    0.113573] No NUMA configuration found
[    0.113574] Faking a node at [mem 0x0000000000000000-0x000000007ffeffff]
[    0.113589] NODE_DATA(0) allocated [mem 0x7ffc5000-0x7ffeffff]
[    0.113924] Zone ranges:
[    0.113925]   DMA      [mem 0x0000000000001000-0x0000000000ffffff]
[    0.113927]   DMA32    [mem 0x0000000001000000-0x000000007ffeffff]
[    0.113928]   Normal   empty
[    0.113928]   Device   empty
[    0.113929] Movable zone start for each node
[    0.113931] Early memory node ranges
[    0.113932]   node   0: [mem 0x0000000000001000-0x000000000009efff]
[    0.113933]   node   0: [mem 0x0000000000100000-0x000000007ffeffff]
[    0.113937] Zeroed struct page in unavailable ranges: 114 pages
[    0.113938] Initmem setup node 0 [mem 0x0000000000001000-0x000000007ffeffff]
[    0.113939] On node 0 totalpages: 524174
[    0.113940]   DMA zone: 64 pages used for memmap
[    0.113941]   DMA zone: 21 pages reserved
[    0.113942]   DMA zone: 3998 pages, LIFO batch:0
[    0.114013]   DMA32 zone: 8128 pages used for memmap
[    0.114014]   DMA32 zone: 520176 pages, LIFO batch:63
[    0.122984] ACPI: PM-Timer IO Port: 0x4008
[    0.122989] ACPI: Local APIC address 0xfee00000
[    0.123063] IOAPIC[0]: apic_id 1, version 32, address 0xfec00000, GSI 0-23
[    0.123067] ACPI: INT_SRC_OVR (bus 0 bus_irq 0 global_irq 2 dfl dfl)
[    0.123069] ACPI: INT_SRC_OVR (bus 0 bus_irq 9 global_irq 9 low level)
[    0.123071] ACPI: IRQ0 used by override.
[    0.123072] ACPI: IRQ9 used by override.
[    0.123075] Using ACPI (MADT) for SMP configuration information
[    0.123084] smpboot: Allowing 1 CPUs, 0 hotplug CPUs
[    0.123108] PM: Registered nosave memory: [mem 0x00000000-0x00000fff]
[    0.123110] PM: Registered nosave memory: [mem 0x0009f000-0x0009ffff]
[    0.123110] PM: Registered nosave memory: [mem 0x000a0000-0x000effff]
[    0.123111] PM: Registered nosave memory: [mem 0x000f0000-0x000fffff]
[    0.123112] [mem 0x80000000-0xfebfffff] available for PCI devices
[    0.123113] Booting paravirtualized kernel on KVM
[    0.123117] clocksource: refined-jiffies: mask: 0xffffffff max_cycles: 0xffffffff, max_idle_ns: 7645519600211568 ns
[    0.123122] setup_percpu: NR_CPUS:8192 nr_cpumask_bits:1 nr_cpu_ids:1 nr_node_ids:1
[    0.124132] percpu: Embedded 60 pages/cpu s208896 r8192 d28672 u2097152
[    0.124138] pcpu-alloc: s208896 r8192 d28672 u2097152 alloc=1*2097152
[    0.124138] pcpu-alloc: [0] 0 
[    0.124166] Built 1 zonelists, mobility grouping on.  Total pages: 515961
[    0.124166] Policy zone: DMA32
[    0.124168] Kernel command line: BOOT_IMAGE=/boot/vmlinuz-5.4.243-tcp root=UUID=98415a12-53b7-4144-8265-0f7ece09e445 ro quiet splash
[    0.125043] Dentry cache hash table entries: 262144 (order: 9, 2097152 bytes, linear)
[    0.125191] Inode-cache hash table entries: 131072 (order: 8, 1048576 bytes, linear)
[    0.125247] mem auto-init: stack:off, heap alloc:on, heap free:off
[    0.125250] Calgary: detecting Calgary via BIOS EBDA area
[    0.125251] Calgary: Unable to locate Rio Grande table in EBDA - bailing!
[    0.129515] Memory: 1967340K/2096696K available (14339K kernel code, 2392K rwdata, 4692K rodata, 2720K init, 17272K bss, 129356K reserved, 0K cma-reserved)
[    0.130443] SLUB: HWalign=64, Order=0-3, MinObjects=0, CPUs=1, Nodes=1
[    0.130461] ftrace: allocating 42894 entries in 168 pages
[    0.148391] rcu: Hierarchical RCU implementation.
[    0.148393] rcu: 	RCU restricting CPUs from NR_CPUS=8192 to nr_cpu_ids=1.
[    0.148394] 	Tasks RCU enabled.
[    0.148395] rcu: RCU calculated value of scheduler-enlistment delay is 25 jiffies.
[    0.148396] rcu: Adjusting geometry for rcu_fanout_leaf=16, nr_cpu_ids=1
[    0.151372] NR_IRQS: 524544, nr_irqs: 256, preallocated irqs: 16
[    0.151598] random: crng init done
[    0.161116] Console: colour VGA+ 80x25
[    0.161121] printk: console [tty0] enabled
[    0.161144] ACPI: Core revision 20190816
[    0.161273] APIC: Switch to symmetric I/O mode setup
[    0.161528] x2apic enabled
[    0.161767] Switched APIC routing to physical x2apic.
[    0.162902] ..TIMER: vector=0x30 apic1=0 pin1=2 apic2=-1 pin2=-1
[    0.162928] clocksource: tsc-early: mask: 0xffffffffffffffff max_cycles: 0x1e4530a99b6, max_idle_ns: 440795257976 ns
[    0.162934] Calibrating delay loop (skipped) preset value.. 4200.00 BogoMIPS (lpj=8400000)
[    0.162937] pid_max: default: 32768 minimum: 301
[    0.162965] LSM: Security Framework initializing
[    0.162975] Yama: becoming mindful.
[    0.163003] AppArmor: AppArmor initialized
[    0.163037] Mount-cache hash table entries: 4096 (order: 3, 32768 bytes, linear)
[    0.163041] Mountpoint-cache hash table entries: 4096 (order: 3, 32768 bytes, linear)
[    0.163051] *** VALIDATE tmpfs ***
[    0.163184] *** VALIDATE proc ***
[    0.163226] *** VALIDATE cgroup1 ***
[    0.163228] *** VALIDATE cgroup2 ***
[    0.163373] process: using mwait in idle threads
[    0.163378] Last level iTLB entries: 4KB 64, 2MB 8, 4MB 8
[    0.163379] Last level dTLB entries: 4KB 64, 2MB 0, 4MB 0, 1GB 4
[    0.163401] Spectre V1 : Mitigation: usercopy/swapgs barriers and __user pointer sanitization
[    0.163406] Spectre V2 : Mitigation: Retpolines
[    0.163407] Spectre V2 : Spectre v2 / SpectreRSB mitigation: Filling RSB on context switch
[    0.163407] Spectre V2 : Spectre v2 / SpectreRSB : Filling RSB on VMEXIT
[    0.163408] RETBleed: WARNING: Spectre v2 mitigation leaves CPU vulnerable to RETBleed attacks, data leaks possible!
[    0.163763] RETBleed: Vulnerable
[    0.163764] Speculative Store Bypass: Vulnerable
[    0.163769] TAA: Mitigation: TSX disabled
[    0.163769] MMIO Stale Data: Mitigation: Clear CPU buffers
[    0.168025] Freeing SMP alternatives memory: 40K
[    0.279646] smpboot: CPU0: Intel(R) Xeon(R) Silver 4216 CPU @ 2.10GHz (family: 0x6, model: 0x55, stepping: 0x7)
[    0.279806] Performance Events: unsupported p6 CPU model 85 no PMU driver, software events only.
[    0.279848] rcu: Hierarchical SRCU implementation.
[    0.280329] NMI watchdog: Perf NMI watchdog permanently disabled
[    0.280370] smp: Bringing up secondary CPUs ...
[    0.280371] smp: Brought up 1 node, 1 CPU
[    0.280372] smpboot: Max logical packages: 1
[    0.280374] smpboot: Total of 1 processors activated (4200.00 BogoMIPS)
[    0.281374] devtmpfs: initialized
[    0.281424] x86/mm: Memory block size: 128MB
[    0.281778] clocksource: jiffies: mask: 0xffffffff max_cycles: 0xffffffff, max_idle_ns: 7645041785100000 ns
[    0.281784] futex hash table entries: 256 (order: 2, 16384 bytes, linear)
[    0.281830] pinctrl core: initialized pinctrl subsystem
[    0.281933] PM: RTC time: 15:00:04, date: 2026-01-20
[    0.282046] NET: Registered protocol family 16
[    0.282120] audit: initializing netlink subsys (disabled)
[    0.282249] EISA bus registered
[    0.282251] cpuidle: using governor ladder
[    0.282251] cpuidle: using governor menu
[    0.282292] ACPI: bus type PCI registered
[    0.282294] acpiphp: ACPI Hot Plug PCI Controller Driver version: 0.5
[    0.282405] PCI: Using configuration type 1 for base access
[    0.283357] audit: type=2000 audit(1768892410.458:1): state=initialized audit_enabled=0 res=1
[    0.283442] HugeTLB registered 2.00 MiB page size, pre-allocated 0 pages
[    0.284346] ACPI: Added _OSI(Module Device)
[    0.284346] ACPI: Added _OSI(Processor Device)
[    0.284347] ACPI: Added _OSI(3.0 _SCP Extensions)
[    0.284348] ACPI: Added _OSI(Processor Aggregator Device)
[    0.284348] ACPI: Added _OSI(Linux-Dell-Video)
[    0.284349] ACPI: Added _OSI(Linux-Lenovo-NV-HDMI-Audio)
[    0.284350] ACPI: Added _OSI(Linux-HPI-Hybrid-Graphics)
[    0.286327] ACPI: 2 ACPI AML tables successfully acquired and loaded
[    0.287869] ACPI: Interpreter enabled
[    0.287878] ACPI: (supports S0 S5)
[    0.287879] ACPI: Using IOAPIC for interrupt routing
[    0.288085] PCI: Using host bridge windows from ACPI; if necessary, use "pci=nocrs" and report a bug
[    0.288198] ACPI: Enabled 2 GPEs in block 00 to 07
[    0.293226] ACPI: PCI Root Bridge [PCI0] (domain 0000 [bus 00-ff])
[    0.293231] acpi PNP0A03:00: _OSC: OS supports [ASPM ClockPM Segments MSI HPX-Type3]
[    0.293672] acpi PNP0A03:00: _OSC: not requesting OS control; OS requires [ExtendedConfig ASPM ClockPM MSI]
[    0.293680] acpi PNP0A03:00: fail to add MMCONFIG information, can't access extended PCI configuration space under this bridge.
[    0.294089] PCI host bridge to bus 0000:00
[    0.294091] pci_bus 0000:00: root bus resource [io  0x0000-0x0cf7 window]
[    0.294092] pci_bus 0000:00: root bus resource [io  0x0d00-0xffff window]
[    0.294093] pci_bus 0000:00: root bus resource [mem 0x000a0000-0x000bffff window]
[    0.294094] pci_bus 0000:00: root bus resource [mem 0x80000000-0xfdffffff window]
[    0.294096] pci_bus 0000:00: root bus resource [bus 00-ff]
[    0.294146] pci 0000:00:00.0: [8086:1237] type 00 class 0x060000
[    0.295019] pci 0000:00:01.0: [8086:7000] type 00 class 0x060100
[    0.295878] pci 0000:00:01.1: [8086:7111] type 00 class 0x01018a
[    0.296301] pci 0000:00:01.1: reg 0x20: [io  0xd000-0xd00f]
[    0.296502] pci 0000:00:01.1: legacy IDE quirk: reg 0x10: [io  0x01f0-0x01f7]
[    0.296503] pci 0000:00:01.1: legacy IDE quirk: reg 0x14: [io  0x03f6]
[    0.296504] pci 0000:00:01.1: legacy IDE quirk: reg 0x18: [io  0x0170-0x0177]
[    0.296505] pci 0000:00:01.1: legacy IDE quirk: reg 0x1c: [io  0x0376]
[    0.298770] pci 0000:00:02.0: [15ad:0405] type 00 class 0x030000
[    0.299010] pci 0000:00:02.0: reg 0x10: [io  0xd010-0xd01f]
[    0.304760] pci 0000:00:02.0: reg 0x14: [mem 0xe0000000-0xe7ffffff pref]
[    0.306975] pci 0000:00:02.0: reg 0x18: [mem 0xf0000000-0xf01fffff]
[    0.317596] pci 0000:00:03.0: [1022:2000] type 00 class 0x020000
[    0.319088] pci 0000:00:03.0: reg 0x10: [io  0xd020-0xd03f]
[    0.319708] pci 0000:00:03.0: reg 0x14: [mem 0xf0200000-0xf0200fff]
[    0.323353] pci 0000:00:04.0: [80ee:cafe] type 00 class 0x088000
[    0.324047] pci 0000:00:04.0: reg 0x10: [io  0xd040-0xd05f]
[    0.324678] pci 0000:00:04.0: reg 0x14: [mem 0xf0400000-0xf07fffff]
[    0.325300] pci 0000:00:04.0: reg 0x18: [mem 0xf0800000-0xf0803fff pref]
[    0.328893] pci 0000:00:07.0: [8086:7113] type 00 class 0x068000
[    0.329519] pci 0000:00:07.0: quirk: [io  0x4000-0x403f] claimed by PIIX4 ACPI
[    0.329534] pci 0000:00:07.0: quirk: [io  0x4100-0x410f] claimed by PIIX4 SMB
[    0.330185] pci 0000:00:08.0: [8086:100e] type 00 class 0x020000
[    0.330919] pci 0000:00:08.0: reg 0x10: [mem 0xf0820000-0xf083ffff]
[    0.332123] pci 0000:00:08.0: reg 0x18: [io  0xd060-0xd067]
[    0.335364] pci 0000:00:09.0: [8086:100e] type 00 class 0x020000
[    0.336103] pci 0000:00:09.0: reg 0x10: [mem 0xf0840000-0xf085ffff]
[    0.337274] pci 0000:00:09.0: reg 0x18: [io  0xd068-0xd06f]
[    0.347981] ACPI: PCI Interrupt Link [LNKA] (IRQs 5 9 10 *11)
[    0.348269] ACPI: PCI Interrupt Link [LNKB] (IRQs 5 9 *10 11)
[    0.348376] ACPI: PCI Interrupt Link [LNKC] (IRQs 5 *9 10 11)
[    0.348489] ACPI: PCI Interrupt Link [LNKD] (IRQs 5 9 10 *11)
[    0.348775] iommu: Default domain type: Translated 
[    0.348843] pci 0000:00:02.0: vgaarb: setting as boot VGA device
[    0.348844] pci 0000:00:02.0: vgaarb: VGA device added: decodes=io+mem,owns=io+mem,locks=none
[    0.348847] pci 0000:00:02.0: vgaarb: bridge control possible
[    0.348847] vgaarb: loaded
[    0.349065] SCSI subsystem initialized
[    0.349098] libata version 3.00 loaded.
[    0.349126] ACPI: bus type USB registered
[    0.349141] usbcore: registered new interface driver usbfs
[    0.349146] usbcore: registered new interface driver hub
[    0.349150] usbcore: registered new device driver usb
[    0.349184] pps_core: LinuxPPS API ver. 1 registered
[    0.349185] pps_core: Software ver. 5.3.6 - Copyright 2005-2007 Rodolfo Giometti <giometti@linux.it>
[    0.349187] PTP clock support registered
[    0.349225] EDAC MC: Ver: 3.0.0
[    0.349540] PCI: Using ACPI for IRQ routing
[    0.349541] PCI: pci_cache_line_size set to 64 bytes
[    0.349738] e820: reserve RAM buffer [mem 0x0009fc00-0x0009ffff]
[    0.349742] e820: reserve RAM buffer [mem 0x7fff0000-0x7fffffff]
[    0.349870] NetLabel: Initializing
[    0.349871] NetLabel:  domain hash size = 128
[    0.349871] NetLabel:  protocols = UNLABELED CIPSOv4 CALIPSO
[    0.349891] NetLabel:  unlabeled traffic allowed by default
[    0.352145] clocksource: Switched to clocksource kvm-clock
[    0.365226] *** VALIDATE bpf ***
[    0.365288] VFS: Disk quotas dquot_6.6.0
[    0.365301] VFS: Dquot-cache hash table entries: 512 (order 0, 4096 bytes)
[    0.365324] *** VALIDATE ramfs ***
[    0.365327] *** VALIDATE hugetlbfs ***
[    0.365408] AppArmor: AppArmor Filesystem Enabled
[    0.365434] pnp: PnP ACPI init
[    0.365497] pnp 00:00: Plug and Play ACPI device, IDs PNP0303 (active)
[    0.365568] pnp 00:01: Plug and Play ACPI device, IDs PNP0f03 (active)
[    0.366350] pnp: PnP ACPI: found 2 devices
[    0.367435] thermal_sys: Registered thermal governor 'fair_share'
[    0.367436] thermal_sys: Registered thermal governor 'bang_bang'
[    0.367437] thermal_sys: Registered thermal governor 'step_wise'
[    0.367437] thermal_sys: Registered thermal governor 'user_space'
[    0.367438] thermal_sys: Registered thermal governor 'power_allocator'
[    0.372013] clocksource: acpi_pm: mask: 0xffffff max_cycles: 0xffffff, max_idle_ns: 2085701024 ns
[    0.372053] pci_bus 0000:00: resource 4 [io  0x0000-0x0cf7 window]
[    0.372054] pci_bus 0000:00: resource 5 [io  0x0d00-0xffff window]
[    0.372055] pci_bus 0000:00: resource 6 [mem 0x000a0000-0x000bffff window]
[    0.372057] pci_bus 0000:00: resource 7 [mem 0x80000000-0xfdffffff window]
[    0.372112] NET: Registered protocol family 2
[    0.372190] IP idents hash table entries: 32768 (order: 6, 262144 bytes, linear)
[    0.372572] tcp_listen_portaddr_hash hash table entries: 1024 (order: 2, 16384 bytes, linear)
[    0.372651] TCP established hash table entries: 16384 (order: 5, 131072 bytes, linear)
[    0.372715] TCP bind hash table entries: 16384 (order: 6, 262144 bytes, linear)
[    0.372740] TCP: Hash tables configured (established 16384 bind 16384)
[    0.372786] UDP hash table entries: 1024 (order: 3, 32768 bytes, linear)
[    0.372798] UDP-Lite hash table entries: 1024 (order: 3, 32768 bytes, linear)
[    0.372826] NET: Registered protocol family 1
[    0.372834] NET: Registered protocol family 44
[    0.372861] pci 0000:00:00.0: Limiting direct PCI/PCI transfers
[    0.372878] pci 0000:00:01.0: Activating ISA DMA hang workarounds
[    0.372940] pci 0000:00:02.0: Video device with shadowed ROM at [mem 0x000c0000-0x000dffff]
[    0.373012] PCI: CLS 0 bytes, default 64
[    0.373065] Trying to unpack rootfs image as initramfs...
[    0.554344] Freeing initrd memory: 47860K
[    0.554450] clocksource: tsc: mask: 0xffffffffffffffff max_cycles: 0x1e4530a99b6, max_idle_ns: 440795257976 ns
[    0.554460] clocksource: Switched to clocksource tsc
[    0.554503] platform rtc_cmos: registered platform RTC device (no PNP device found)
[    0.554533] check: Scanning for low memory corruption every 60 seconds
[    0.554853] Initialise system trusted keyrings
[    0.554863] Key type blacklist registered
[    0.554915] workingset: timestamp_bits=36 max_order=19 bucket_order=0
[    0.556099] zbud: loaded
[    0.556099] squashfs: version 4.0 (2009/01/31) Phillip Lougher
[    0.556099] fuse: init (API version 7.31)
[    0.556099] *** VALIDATE fuse ***
[    0.556099] *** VALIDATE fuse ***
[    0.556099] Platform Keyring initialized
[    0.559786] Key type asymmetric registered
[    0.559787] Asymmetric key parser 'x509' registered
[    0.559796] Block layer SCSI generic (bsg) driver version 0.4 loaded (major 244)
[    0.559838] io scheduler mq-deadline registered
[    0.559947] shpchp: Standard Hot Plug PCI Controller Driver version: 0.4
[    0.560191] ACPI: AC Adapter [AC] (on-line)
[    0.560238] input: Power Button as /devices/LNXSYSTM:00/LNXPWRBN:00/input/input0
[    0.560267] ACPI: Power Button [PWRF]
[    0.560338] input: Sleep Button as /devices/LNXSYSTM:00/LNXSLPBN:00/input/input1
[    0.560352] ACPI: Sleep Button [SLPF]
[    0.560602] Serial: 8250/16550 driver, 32 ports, IRQ sharing enabled
[    0.561817] Linux agpgart interface v0.103
[    0.655408] loop: module loaded
[    0.655559] ata_piix 0000:00:01.1: version 2.13
[    0.655986] scsi host0: ata_piix
[    0.656089] scsi host1: ata_piix
[    0.656118] ata1: PATA max UDMA/33 cmd 0x1f0 ctl 0x3f6 bmdma 0xd000 irq 14
[    0.656119] ata2: PATA max UDMA/33 cmd 0x170 ctl 0x376 bmdma 0xd008 irq 15
[    0.656201] tun: Universal TUN/TAP device driver, 1.6
[    0.656529] PPP generic driver version 2.4.2
[    0.656577] VFIO - User Level meta-driver version: 0.3
[    0.656829] ehci_hcd: USB 2.0 'Enhanced' Host Controller (EHCI) Driver
[    0.656835] ehci-pci: EHCI PCI platform driver
[    0.656850] ehci-platform: EHCI generic platform driver
[    0.656855] ohci_hcd: USB 1.1 'Open' Host Controller (OHCI) Driver
[    0.656857] ohci-pci: OHCI PCI platform driver
[    0.656862] ohci-platform: OHCI generic platform driver
[    0.656866] uhci_hcd: USB Universal Host Controller Interface driver
[    0.656928] i8042: PNP: PS/2 Controller [PNP0303:PS2K,PNP0f03:PS2M] at 0x60,0x64 irq 1,12
[    0.657372] serio: i8042 KBD port at 0x60,0x64 irq 1
[    0.657376] serio: i8042 AUX port at 0x60,0x64 irq 12
[    0.657466] mousedev: PS/2 mouse device common for all mice
[    0.657725] input: AT Translated Set 2 keyboard as /devices/platform/i8042/serio0/input/input2
[    0.658139] rtc_cmos rtc_cmos: registered as rtc0
[    0.658152] rtc_cmos rtc_cmos: alarms up to one day, 114 bytes nvram
[    0.658157] i2c /dev entries driver
[    0.658203] device-mapper: uevent: version 1.0.3
[    0.658246] device-mapper: ioctl: 4.41.0-ioctl (2019-09-16) initialised: dm-devel@redhat.com
[    0.658263] platform eisa.0: Probing EISA bus 0
[    0.658264] platform eisa.0: EISA: Cannot allocate resource for mainboard
[    0.658265] platform eisa.0: Cannot allocate resource for EISA slot 1
[    0.658266] platform eisa.0: Cannot allocate resource for EISA slot 2
[    0.658267] platform eisa.0: Cannot allocate resource for EISA slot 3
[    0.658268] platform eisa.0: Cannot allocate resource for EISA slot 4
[    0.658269] platform eisa.0: Cannot allocate resource for EISA slot 5
[    0.658270] platform eisa.0: Cannot allocate resource for EISA slot 6
[    0.658271] platform eisa.0: Cannot allocate resource for EISA slot 7
[    0.658272] platform eisa.0: Cannot allocate resource for EISA slot 8
[    0.658273] platform eisa.0: EISA: Detected 0 cards
[    0.658276] intel_pstate: CPU model not supported
[    0.658286] ledtrig-cpu: registered to indicate activity on CPUs
[    0.658338] drop_monitor: Initializing network drop monitor service
[    0.658501] NET: Registered protocol family 10
[    0.663558] Segment Routing with IPv6
[    0.663558] NET: Registered protocol family 17
[    0.663558] Key type dns_resolver registered
[    0.663558] RAS: Correctable Errors collector initialized.
[    0.663558] IPI shorthand broadcast: enabled
[    0.663558] sched_clock: Marking stable (648213871, 11344251)->(660937106, -1378984)
[    0.664265] registered taskstats version 1
[    0.664277] Loading compiled-in X.509 certificates
[    0.664867] Loaded X.509 cert 'Build time autogenerated kernel key: 0a9e52cc6eb58eed9b63e328679db6d5d5216245'
[    0.664885] zswap: loaded using pool lzo/zbud
[    0.664942] Key type ._fscrypt registered
[    0.664942] Key type .fscrypt registered
[    0.669727] Key type big_key registered
[    0.672085] Key type encrypted registered
[    0.672088] AppArmor: AppArmor sha1 policy hashing enabled
[    0.672097] ima: No TPM chip found, activating TPM-bypass!
[    0.672101] ima: Allocated hash algorithm: sha1
[    0.672106] ima: No architecture policies found
[    0.672114] evm: Initialising EVM extended attributes:
[    0.672115] evm: security.selinux
[    0.672115] evm: security.SMACK64
[    0.672116] evm: security.SMACK64EXEC
[    0.672116] evm: security.SMACK64TRANSMUTE
[    0.672116] evm: security.SMACK64MMAP
[    0.672117] evm: security.apparmor
[    0.672117] evm: security.ima
[    0.672118] evm: security.capability
[    0.672119] evm: HMAC attrs: 0x1
[    0.672418] PM:   Magic number: 10:25:33
[    0.672530] rtc_cmos rtc_cmos: setting system clock to 2026-01-20T15:00:05 UTC (1768921205)
[    0.827579] ata1.00: ATA-6: VBOX HARDDISK, 1.0, max UDMA/133
[    0.827582] ata1.00: 209715200 sectors, multi 128: LBA 
[    0.828024] scsi 0:0:0:0: Direct-Access     ATA      VBOX HARDDISK    1.0  PQ: 0 ANSI: 5
[    0.828214] sd 0:0:0:0: [sda] 209715200 512-byte logical blocks: (107 GB/100 GiB)
[    0.828221] sd 0:0:0:0: [sda] Write Protect is off
[    0.828223] sd 0:0:0:0: [sda] Mode Sense: 00 3a 00 00
[    0.828234] sd 0:0:0:0: [sda] Write cache: enabled, read cache: enabled, doesn't support DPO or FUA
[    0.828436] sd 0:0:0:0: Attached scsi generic sg0 type 0
[    0.828931]  sda: sda1 sda2
[    0.839628] sd 0:0:0:0: [sda] Attached SCSI disk
[    0.842035] Freeing unused decrypted memory: 2040K
[    0.842812] Freeing unused kernel image memory: 2720K
[    0.842816] Write protecting the kernel read-only data: 22528k
[    0.843659] Freeing unused kernel image memory: 2036K
[    0.844106] Freeing unused kernel image memory: 1452K
[    0.862717] x86/mm: Checked W+X mappings: passed, no W+X pages found.
[    0.862723] Run /init as init process
[    1.008814] ACPI: Video Device [GFX0] (multi-head: yes  rom: no  post: no)
[    1.008919] input: Video Bus as /devices/LNXSYSTM:00/LNXSYBUS:00/PNP0A03:00/LNXVIDEO:00/input/input4
[    1.028802] pcnet32: pcnet32.c:v1.35 21.Apr.2008 tsbogend@alpha.franken.de
[    1.031263] piix4_smbus 0000:00:07.0: SMBus Host Controller at 0x4100, revision 0
[    1.036980] e1000: Intel(R) PRO/1000 Network Driver - version 7.3.21-k8-NAPI
[    1.036981] e1000: Copyright (c) 1999-2006 Intel Corporation.
[    1.043141] pcnet32: PCnet/FAST III 79C973 at 0xd020, 08:00:27:87:81:24 assigned IRQ 19
[    1.043210] pcnet32: Found PHY 0022:561b at address 0
[    1.056369] pcnet32: eth0: registered as PCnet/FAST III 79C973
[    1.063046] pcnet32: 1 cards_found
[    1.125153] pcnet32 0000:00:03.0 enp0s3: renamed from eth0
[    1.268620] input: ImExPS/2 Generic Explorer Mouse as /devices/platform/i8042/serio1/input/input5
[    1.468199] e1000 0000:00:08.0 eth0: (PCI:33MHz:32-bit) 08:00:27:4f:45:d3
[    1.468204] e1000 0000:00:08.0 eth0: Intel(R) PRO/1000 Network Connection
[    1.843753] e1000 0000:00:09.0 eth1: (PCI:33MHz:32-bit) 08:00:27:07:d7:48
[    1.843756] e1000 0000:00:09.0 eth1: Intel(R) PRO/1000 Network Connection
[    1.844878] e1000 0000:00:08.0 enp0s8: renamed from eth0
[    1.846607] e1000 0000:00:09.0 enp0s9: renamed from eth1
[    1.901975] EXT4-fs (sda2): mounted filesystem with ordered data mode. Opts: (null)
[    1.983094] systemd[1]: Inserted module 'autofs4'
[    1.992946] systemd[1]: systemd 245.4-4ubuntu3 running in system mode. (+PAM +AUDIT +SELINUX +IMA +APPARMOR +SMACK +SYSVINIT +UTMP +LIBCRYPTSETUP +GCRYPT +GNUTLS +ACL +XZ +LZ4 +SECCOMP +BLKID +ELFUTILS +KMOD +IDN2 -IDN +PCRE2 default-hierarchy=hybrid)
[    1.992974] systemd[1]: Detected virtualization oracle.
[    1.992977] systemd[1]: Detected architecture x86-64.
[    1.994256] systemd[1]: Set hostname to <ztg>.
[    2.116035] systemd[1]: /lib/systemd/system/dbus.socket:5: ListenStream= references a path below legacy directory /var/run/, updating /var/run/dbus/system_bus_socket â†’ /run/dbus/system_bus_socket; please update the unit file accordingly.
[    2.165661] systemd[1]: Created slice system-modprobe.slice.
[    2.165845] systemd[1]: Created slice User and Session Slice.
[    2.165886] systemd[1]: Started Forward Password Requests to Wall Directory Watch.
[    2.166032] systemd[1]: Set up automount Arbitrary Executable File Formats File System Automount Point.
[    2.166061] systemd[1]: Reached target User and Group Name Lookups.
[    2.166069] systemd[1]: Reached target Remote File Systems.
[    2.166077] systemd[1]: Reached target Slices.
[    2.166545] systemd[1]: Listening on Syslog Socket.
[    2.166610] systemd[1]: Listening on fsck to fsckd communication Socket.
[    2.166646] systemd[1]: Listening on initctl Compatibility Named Pipe.
[    2.166777] systemd[1]: Listening on Journal Audit Socket.
[    2.166827] systemd[1]: Listening on Journal Socket (/dev/log).
[    2.166892] systemd[1]: Listening on Journal Socket.
[    2.166951] systemd[1]: Listening on udev Control Socket.
[    2.166988] systemd[1]: Listening on udev Kernel Socket.
[    2.167745] systemd[1]: Mounting Huge Pages File System...
[    2.168592] systemd[1]: Mounting POSIX Message Queue File System...
[    2.169431] systemd[1]: Mounting Kernel Debug File System...
[    2.170253] systemd[1]: Mounting Kernel Trace File System...
[    2.172119] systemd[1]: Starting Journal Service...
[    2.194046] systemd[1]: Starting Set the console keyboard layout...
[    2.201697] systemd[1]: Starting Create list of static device nodes for the current kernel...
[    2.203460] systemd[1]: Starting Load Kernel Module drm...
[    2.204457] systemd[1]: Condition check resulted in Set Up Additional Binary Formats being skipped.
[    2.204498] systemd[1]: Condition check resulted in File System Check on Root Device being skipped.
[    2.215964] systemd[1]: Starting Load Kernel Modules...
[    2.224929] systemd[1]: Starting Remount Root and Kernel File Systems...
[    2.231181] systemd[1]: Starting udev Coldplug all Devices...
[    2.240270] systemd[1]: Starting Uncomplicated firewall...
[    2.253313] systemd[1]: Mounted Huge Pages File System.
[    2.253397] systemd[1]: Mounted POSIX Message Queue File System.
[    2.253469] systemd[1]: Mounted Kernel Debug File System.
[    2.253537] systemd[1]: Mounted Kernel Trace File System.
[    2.254027] EXT4-fs (sda2): re-mounted. Opts: errors=remount-ro
[    2.268454] systemd[1]: Finished Create list of static device nodes for the current kernel.
[    2.269417] systemd[1]: modprobe@drm.service: Succeeded.
[    2.291382] systemd[1]: Finished Load Kernel Module drm.
[    2.291743] systemd[1]: Finished Remount Root and Kernel File Systems.
[    2.293590] lp: driver loaded but no devices found
[    2.295000] systemd[1]: Finished Uncomplicated firewall.
[    2.311940] systemd[1]: Condition check resulted in Rebuild Hardware Database being skipped.
[    2.311974] systemd[1]: Condition check resulted in Platform Persistent Storage Archival being skipped.
[    2.312586] systemd[1]: Starting Load/Save Random Seed...
[    2.317335] systemd[1]: Starting Create System Users...
[    2.322525] ppdev: user-space parallel port driver
[    2.332212] systemd[1]: Finished Load/Save Random Seed.
[    2.334829] systemd[1]: Finished Create System Users.
[    2.335595] systemd[1]: Starting Create Static Device Nodes in /dev...
[    2.368961] systemd[1]: Finished Create Static Device Nodes in /dev.
[    2.369694] systemd[1]: Starting udev Kernel Device Manager...
[    2.395163] systemd[1]: Finished udev Coldplug all Devices.
[    2.413786] [drm] DMA map mode: Caching DMA mappings.
[    2.413850] [drm] Capabilities:
[    2.413851] [drm]   Rect copy.
[    2.413851] [drm]   Cursor.
[    2.413851] [drm]   Cursor bypass.
[    2.413852] [drm]   Cursor bypass 2.
[    2.413852] [drm]   Alpha cursor.
[    2.413853] [drm]   Extended Fifo.
[    2.413853] [drm]   Pitchlock.
[    2.413853] [drm]   Irq mask.
[    2.413853] [drm]   GMR.
[    2.413854] [drm]   Traces.
[    2.413854] [drm]   GMR2.
[    2.413855] [drm]   Screen Object 2.
[    2.413855] [drm]   Command Buffers.
[    2.413855] [drm]   Command Buffers 2.
[    2.413856] [drm]   Guest Backed Resources.
[    2.413857] [drm] Max GMR ids is 8192
[    2.413857] [drm] Max number of GMR pages is 1048576
[    2.413858] [drm] Max dedicated hypervisor surface memory is 393216 kiB
[    2.413858] [drm] Maximum display memory size is 131072 kiB
[    2.413859] [drm] VRAM at 0xe0000000 size is 131072 kiB
[    2.413859] [drm] MMIO at 0xf0000000 size is 2048 kiB
[    2.414679] [TTM] Zone  kernel: Available graphics memory: 1011744 KiB
[    2.414680] [TTM] Initializing pool allocator
[    2.414709] [TTM] Initializing DMA pool allocator
[    2.414736] [drm] Supports vblank timestamp caching Rev 2 (21.10.2013).
[    2.414737] [drm] No driver support for vblank timestamp query.
[    2.414946] [drm] Screen Target Display device initialized
[    2.415147] [drm] width 720
[    2.415157] [drm] height 400
[    2.415161] [drm] bpp 32
[    2.415701] [drm] Fifo max 0x00200000 min 0x00001000 cap 0x00000355
[    2.416984] [drm] Using command buffers with DMA pool.
[    2.416987] [drm] DX: no.
[    2.416988] [drm] Atomic: yes.
[    2.416988] [drm] SM4_1: no.
[    2.417006] [drm:vmw_host_log [vmwgfx]] *ERROR* Failed to send host log message.
[    2.417916] [drm:vmw_host_log [vmwgfx]] *ERROR* Failed to send host log message.
[    2.429489] fbcon: svgadrmfb (fb0) is primary device
[    2.449458] Console: switching to colour frame buffer device 100x37
[    2.454676] [drm] Initialized vmwgfx 2.15.0 20180704 for 0000:00:02.0 on minor 0
[    2.455674] systemd[1]: Finished Load Kernel Modules.
[    2.456585] systemd[1]: Mounting FUSE Control File System...
[    2.457737] systemd[1]: Mounting Kernel Configuration File System...
[    2.465854] systemd[1]: Starting Apply Kernel Variables...
[    2.480362] systemd[1]: Mounted FUSE Control File System.
[    2.480436] systemd[1]: Condition check resulted in VMware vmblock fuse mount being skipped.
[    2.481805] systemd[1]: Mounted Kernel Configuration File System.
[    2.492012] systemd[1]: Finished Set the console keyboard layout.
[    2.492106] systemd[1]: Reached target Local File Systems (Pre).
[    2.495359] systemd[1]: Mounting Mount unit for bare, revision 5...
[    2.500875] systemd[1]: Mounting Mount unit for core18, revision 1705...
[    2.530018] systemd[1]: Mounting Mount unit for gnome-3-34-1804, revision 24...
[    2.535241] systemd[1]: Mounting Mount unit for gtk-common-themes, revision 1506...
[    2.545368] systemd[1]: Mounting Mount unit for gtk-common-themes, revision 1535...
[    2.550347] systemd[1]: Mounting Mount unit for snap-store, revision 433...
[    2.556863] systemd[1]: Mounting Mount unit for snapd, revision 7264...
[    2.563140] systemd[1]: Finished Apply Kernel Variables.
[    2.573718] systemd[1]: Mounted Mount unit for bare, revision 5.
[    2.573808] systemd[1]: Mounted Mount unit for core18, revision 1705.
[    2.573881] systemd[1]: Mounted Mount unit for gnome-3-34-1804, revision 24.
[    2.583267] systemd[1]: Mounted Mount unit for gtk-common-themes, revision 1506.
[    2.589025] systemd[1]: Started udev Kernel Device Manager.
[    2.589697] systemd[1]: Starting Show Plymouth Boot Screen...
[    2.599138] systemd[1]: Received SIGRTMIN+20 from PID 285 (plymouthd).
[    2.641710] systemd[1]: Mounted Mount unit for gtk-common-themes, revision 1535.
[    2.641979] systemd[1]: Started Show Plymouth Boot Screen.
[    2.642157] systemd[1]: Condition check resulted in Dispatch Password Requests to Console Directory Watch being skipped.
[    2.642233] systemd[1]: Started Forward Password Requests to Plymouth Directory Watch.
[    2.642299] systemd[1]: Reached target Local Encrypted Volumes.
[    2.690438] systemd[1]: Mounted Mount unit for snap-store, revision 433.
[    2.690772] systemd[1]: Mounted Mount unit for snapd, revision 7264.
[    2.691018] systemd[1]: Reached target Local File Systems.
[    2.693337] systemd[1]: Starting Load AppArmor profiles...
[    2.694196] systemd[1]: Starting Set console font and keymap...
[    2.708445] systemd[1]: Starting Tell Plymouth To Write Out Runtime Data...
[    2.709994] systemd[1]: Condition check resulted in Store a System Token in an EFI Variable being skipped.
[    2.710034] systemd[1]: Condition check resulted in Commit a transient machine-id on disk being skipped.
[    2.712407] systemd[1]: Finished Set console font and keymap.
[    2.721372] systemd[1]: Received SIGRTMIN+20 from PID 285 (plymouthd).
[    2.721953] systemd[1]: plymouth-read-write.service: Succeeded.
[    2.722186] systemd[1]: Finished Tell Plymouth To Write Out Runtime Data.
[    2.753267] audit: type=1400 audit(1768921207.576:2): apparmor="STATUS" operation="profile_load" profile="unconfined" name="nvidia_modprobe" pid=298 comm="apparmor_parser"
[    2.753269] audit: type=1400 audit(1768921207.576:3): apparmor="STATUS" operation="profile_load" profile="unconfined" name="nvidia_modprobe//kmod" pid=298 comm="apparmor_parser"
[    2.759946] audit: type=1400 audit(1768921207.584:4): apparmor="STATUS" operation="profile_load" profile="unconfined" name="/usr/sbin/tcpdump" pid=299 comm="apparmor_parser"
[    2.790121] audit: type=1400 audit(1768921207.608:5): apparmor="STATUS" operation="profile_load" profile="unconfined" name="/usr/bin/evince" pid=301 comm="apparmor_parser"
[    2.790123] audit: type=1400 audit(1768921207.608:6): apparmor="STATUS" operation="profile_load" profile="unconfined" name="/usr/bin/evince//sanitized_helper" pid=301 comm="apparmor_parser"
[    2.790125] audit: type=1400 audit(1768921207.608:7): apparmor="STATUS" operation="profile_load" profile="unconfined" name="/usr/bin/evince-previewer" pid=301 comm="apparmor_parser"
[    2.790126] audit: type=1400 audit(1768921207.608:8): apparmor="STATUS" operation="profile_load" profile="unconfined" name="/usr/bin/evince-previewer//sanitized_helper" pid=301 comm="apparmor_parser"
[    2.790128] audit: type=1400 audit(1768921207.608:9): apparmor="STATUS" operation="profile_load" profile="unconfined" name="/usr/bin/evince-thumbnailer" pid=301 comm="apparmor_parser"
[    2.829104] audit: type=1400 audit(1768921207.652:10): apparmor="STATUS" operation="profile_load" profile="unconfined" name="/usr/lib/cups/backend/cups-pdf" pid=302 comm="apparmor_parser"
[    2.892962] systemd[1]: Finished Load AppArmor profiles.
[    2.893874] systemd[1]: Starting Load AppArmor profiles managed internally by snapd...
[    2.956128] systemd[1]: Finished Load AppArmor profiles managed internally by snapd.
[    3.146224] systemd[1]: Started Journal Service.
[    3.154625] systemd-journald[228]: Received client request to flush runtime journal.
[    4.439989] RAPL PMU: API unit is 2^-32 Joules, 0 fixed counters, 10737418240 ms ovfl timer
[    4.501769] cryptd: max_cpu_qlen set to 1000
[    4.545704] AVX2 version of gcm_enc/dec engaged.
[    4.545706] AES CTR mode by8 optimization enabled
[    5.374661] Adding 1998844k swap on /dev/sda1.  Priority:-2 extents:1 across:1998844k FS
[    6.645652] kauditd_printk_skb: 30 callbacks suppressed
[    6.645653] audit: type=1400 audit(1768921211.468:41): apparmor="DENIED" operation="capable" profile="/usr/sbin/cups-browsed" pid=497 comm="cups-browsed" capability=23  capname="sys_nice"
[    7.536097] pcnet32 0000:00:03.0 enp0s3: link up, 100Mbps, full-duplex
[    7.564428] e1000: enp0s8 NIC Link is Up 1000 Mbps Full Duplex, Flow Control: RX
[    7.564719] IPv6: ADDRCONF(NETDEV_CHANGE): enp0s8: link becomes ready
[    7.587839] e1000: enp0s9 NIC Link is Up 1000 Mbps Full Duplex, Flow Control: RX
[    7.588132] IPv6: ADDRCONF(NETDEV_CHANGE): enp0s9: link becomes ready
[    8.131856] device enp0s3 entered promiscuous mode
[    8.161798] audit: type=1400 audit(1768921212.984:42): apparmor="DENIED" operation="open" profile="/usr/sbin/tcpdump" name="/proc/sys/kernel/random/boot_id" pid=671 comm="tcpdump" requested_mask="r" denied_mask="r" fsuid=0 ouid=0
[    8.164733] audit: type=1400 audit(1768921212.984:43): apparmor="DENIED" operation="open" profile="/usr/sbin/tcpdump" name="/proc/sys/kernel/random/boot_id" pid=671 comm="tcpdump" requested_mask="r" denied_mask="r" fsuid=0 ouid=0
[    8.164817] audit: type=1400 audit(1768921212.984:44): apparmor="DENIED" operation="open" profile="/usr/sbin/tcpdump" name="/proc/sys/kernel/random/boot_id" pid=671 comm="tcpdump" requested_mask="r" denied_mask="r" fsuid=0 ouid=0
[    8.164916] audit: type=1400 audit(1768921212.984:45): apparmor="DENIED" operation="open" profile="/usr/sbin/tcpdump" name="/proc/sys/kernel/random/boot_id" pid=671 comm="tcpdump" requested_mask="r" denied_mask="r" fsuid=0 ouid=0
[    8.167641] audit: type=1400 audit(1768921212.984:46): apparmor="DENIED" operation="open" profile="/usr/sbin/tcpdump" name="/proc/sys/kernel/random/boot_id" pid=672 comm="tcpdump" requested_mask="r" denied_mask="r" fsuid=0 ouid=0
[    8.167874] audit: type=1400 audit(1768921212.984:47): apparmor="DENIED" operation="open" profile="/usr/sbin/tcpdump" name="/proc/sys/kernel/random/boot_id" pid=672 comm="tcpdump" requested_mask="r" denied_mask="r" fsuid=0 ouid=0
[    8.167921] audit: type=1400 audit(1768921212.984:48): apparmor="DENIED" operation="open" profile="/usr/sbin/tcpdump" name="/proc/sys/kernel/random/boot_id" pid=672 comm="tcpdump" requested_mask="r" denied_mask="r" fsuid=0 ouid=0
[    8.168037] audit: type=1400 audit(1768921212.984:49): apparmor="DENIED" operation="open" profile="/usr/sbin/tcpdump" name="/proc/sys/kernel/random/boot_id" pid=672 comm="tcpdump" requested_mask="r" denied_mask="r" fsuid=0 ouid=0
[   13.006423] rfkill: input handler disabled
[  348.644552] AAAAA-TCP_FORW: name:enp0s3: saddr:16783984: daddr:100932208
[  348.743319] AAAAA-TCP_FORW: name:enp0s3: saddr:16783984: daddr:100932208
[  348.994973] AAAAA-TCP_FORW: name:enp0s3: saddr:100932208: daddr:16783984
[  349.021381] AAAAA-TCP_FORW: name:enp0s3: saddr:100932208: daddr:16783984
[  349.076685] AAAAA-TCP_FORW: name:enp0s3: saddr:16783984: daddr:100932208
[  349.249057] AAAAA-TCP_FORW: name:enp0s3: saddr:100932208: daddr:16783984
[  349.295813] AAAAA-TCP_FORW: name:enp0s3: saddr:100932208: daddr:16783984
[  349.306429] AAAAA-TCP_FORW: name:enp0s3: saddr:16783984: daddr:100932208
[  349.329818] AAAAA-TCP_FORW: name:enp0s3: saddr:16783984: daddr:100932208
[  349.503031] AAAAA-TCP_FORW: name:enp0s3: saddr:16783984: daddr:100932208
[  349.717597] AAAAA-TCP_FORW: name:enp0s3: saddr:16783984: daddr:100932208
[  349.892041] AAAAA-TCP_FORW: name:enp0s3: saddr:16783984: daddr:100932208
[  350.026340] AAAAA-TCP_FORW: name:enp0s3: saddr:16783984: daddr:100932208
[  350.126599] AAAAA-TCP_FORW: name:enp0s3: saddr:16783984: daddr:100932208
[  350.200300] AAAAA-TCP_FORW: name:enp0s3: saddr:16783984: daddr:100932208
[  350.290321] AAAAA-TCP_FORW: name:enp0s3: saddr:16783984: daddr:100932208
[  350.366580] AAAAA-TCP_FORW: name:enp0s3: saddr:16783984: daddr:100932208
[  350.448669] AAAAA-TCP_FORW: name:enp0s3: saddr:16783984: daddr:100932208
[  350.535469] AAAAA-TCP_FORW: name:enp0s3: saddr:16783984: daddr:100932208
[  350.649505] AAAAA-TCP_FORW: name:enp0s3: saddr:16783984: daddr:100932208
[  350.795926] AAAAA-TCP_FORW: name:enp0s3: saddr:16783984: daddr:100932208
[  350.871606] AAAAA-TCP_FORW: name:enp0s3: saddr:16783984: daddr:100932208
[  350.966300] AAAAA-TCP_FORW: name:enp0s3: saddr:16783984: daddr:100932208
[  351.094583] AAAAA-TCP_FORW: name:enp0s3: saddr:16783984: daddr:100932208
[  351.222527] AAAAA-TCP_FORW: name:enp0s3: saddr:16783984: daddr:100932208
[  351.448954] AAAAA-TCP_FORW: name:enp0s3: saddr:16783984: daddr:100932208
[  351.583240] AAAAA-TCP_FORW: name:enp0s3: saddr:16783984: daddr:100932208
[  351.813155] AAAAA-TCP_FORW: name:enp0s3: saddr:16783984: daddr:100932208
[  352.004019] AAAAA-TCP_FORW: name:enp0s3: saddr:16783984: daddr:100932208
[  352.174054] AAAAA-TCP_FORW: name:enp0s3: saddr:16783984: daddr:100932208
[  352.328054] AAAAA-TCP_FORW: name:enp0s3: saddr:16783984: daddr:100932208
[  352.456661] AAAAA-TCP_FORW: name:enp0s3: saddr:16783984: daddr:100932208
[  352.530837] AAAAA-TCP_FORW: name:enp0s3: saddr:16783984: daddr:100932208
[  352.681513] AAAAA-TCP_FORW: name:enp0s3: saddr:16783984: daddr:100932208
[  352.858926] AAAAA-TCP_FORW: name:enp0s3: saddr:16783984: daddr:100932208
[  352.978722] AAAAA-TCP_FORW: name:enp0s3: saddr:16783984: daddr:100932208
[  353.171608] AAAAA-TCP_FORW: name:enp0s3: saddr:16783984: daddr:100932208
[  353.396631] AAAAA-TCP_FORW: name:enp0s3: saddr:16783984: daddr:100932208
[  353.563218] AAAAA-TCP_FORW: name:enp0s3: saddr:16783984: daddr:100932208
[  353.763889] AAAAA-TCP_FORW: name:enp0s3: saddr:16783984: daddr:100932208
[  353.944385] AAAAA-TCP_FORW: name:enp0s3: saddr:16783984: daddr:100932208
[  354.081113] AAAAA-TCP_FORW: name:enp0s3: saddr:16783984: daddr:100932208
[  354.182178] AAAAA-TCP_FORW: name:enp0s3: saddr:16783984: daddr:100932208
[  354.280049] AAAAA-TCP_FORW: name:enp0s3: saddr:16783984: daddr:100932208
[  354.353879] AAAAA-TCP_FORW: name:enp0s3: saddr:16783984: daddr:100932208
[  354.434862] AAAAA-TCP_FORW: name:enp0s3: saddr:16783984: daddr:100932208
[  354.521557] AAAAA-TCP_FORW: name:enp0s3: saddr:16783984: daddr:100932208
[  354.600472] AAAAA-TCP_FORW: name:enp0s3: saddr:16783984: daddr:100932208
[  354.698486] AAAAA-TCP_FORW: name:enp0s3: saddr:16783984: daddr:100932208
[  354.852824] AAAAA-TCP_FORW: name:enp0s3: saddr:16783984: daddr:100932208
[  354.940500] AAAAA-TCP_FORW: name:enp0s3: saddr:16783984: daddr:100932208
[  354.990999] AAAAA-TCP_FORW: name:enp0s3: saddr:16783984: daddr:100932208
[  355.061141] AAAAA-TCP_FORW: name:enp0s3: saddr:16783984: daddr:100932208
[  355.169126] AAAAA-TCP_FORW: name:enp0s3: saddr:16783984: daddr:100932208
[  355.235566] AAAAA-TCP_FORW: name:enp0s3: saddr:16783984: daddr:100932208
[  355.333939] AAAAA-TCP_FORW: name:enp0s3: saddr:16783984: daddr:100932208
[  355.368897] AAAAA-TCP_FORW: name:enp0s3: saddr:16783984: daddr:100932208
[  355.425026] AAAAA-TCP_FORW: name:enp0s3: saddr:16783984: daddr:100932208
[  355.485114] AAAAA-TCP_FORW: name:enp0s3: saddr:16783984: daddr:100932208
[  355.567526] AAAAA-TCP_FORW: name:enp0s3: saddr:16783984: daddr:100932208
[  355.633068] AAAAA-TCP_FORW: name:enp0s3: saddr:16783984: daddr:100932208
[  355.704760] AAAAA-TCP_FORW: name:enp0s3: saddr:16783984: daddr:100932208
[  355.744101] AAAAA-TCP_FORW: name:enp0s3: saddr:16783984: daddr:100932208
[  355.815834] AAAAA-TCP_FORW: name:enp0s3: saddr:16783984: daddr:100932208
[  355.967895] AAAAA-TCP_FORW: name:enp0s3: saddr:16783984: daddr:100932208
[  356.033426] AAAAA-TCP_FORW: name:enp0s3: saddr:16783984: daddr:100932208
[  356.093437] AAAAA-TCP_FORW: name:enp0s3: saddr:16783984: daddr:100932208
[  356.141845] AAAAA-TCP_FORW: name:enp0s3: saddr:16783984: daddr:100932208
[  356.199950] AAAAA-TCP_FORW: name:enp0s3: saddr:16783984: daddr:100932208
[  356.254041] AAAAA-TCP_FORW: name:enp0s3: saddr:16783984: daddr:100932208
[  374.352104] AAAAA-TCP_FORW: name:enp0s3: saddr:16783984: daddr:100932208
[  374.633606] AAAAA-TCP_FORW: name:enp0s3: saddr:16783984: daddr:100932208
[  374.869931] AAAAA-TCP_FORW: name:enp0s3: saddr:16783984: daddr:100932208
[  375.021542] AAAAA-TCP_FORW: name:enp0s3: saddr:16783984: daddr:100932208
[  375.182808] AAAAA-TCP_FORW: name:enp0s3: saddr:16783984: daddr:100932208
[  375.403765] AAAAA-TCP_FORW: name:enp0s3: saddr:16783984: daddr:100932208
[  375.483623] AAAAA-TCP_FORW: name:enp0s3: saddr:16783984: daddr:100932208
[  375.703589] AAAAA-TCP_FORW: name:enp0s3: saddr:16783984: daddr:100932208
[  376.021629] AAAAA-TCP_FORW: name:enp0s3: saddr:16783984: daddr:100932208
[  376.135255] AAAAA-TCP_FORW: name:enp0s3: saddr:16783984: daddr:100932208
[  376.497344] AAAAA-TCP_FORW: name:enp0s3: saddr:16783984: daddr:100932208
[  376.600130] AAAAA-TCP_FORW: name:enp0s3: saddr:16783984: daddr:100932208
[  407.351537] AAAAA-TCP_FORW: name:enp0s3: saddr:16783984: daddr:100932208
[  407.419166] AAAAA-TCP_FORW: name:enp0s3: saddr:16783984: daddr:100932208
[  407.478955] AAAAA-TCP_FORW: name:enp0s3: saddr:16783984: daddr:100932208
[  407.595558] AAAAA-TCP_FORW: name:enp0s3: saddr:16783984: daddr:100932208
[  407.717426] AAAAA-TCP_FORW: name:enp0s3: saddr:16783984: daddr:100932208
[  407.821110] AAAAA-TCP_FORW: name:enp0s3: saddr:16783984: daddr:100932208
[  407.916577] AAAAA-TCP_FORW: name:enp0s3: saddr:16783984: daddr:100932208
[  408.225701] AAAAA-TCP_FORW: name:enp0s3: saddr:16783984: daddr:100932208
[  441.772794] AAAAA-TCP_FORW: name:enp0s3: saddr:100932208: daddr:16783984
[  441.963890] AAAAA-TCP_FORW: name:enp0s3: saddr:100932208: daddr:16783984
[  442.054444] AAAAA-TCP_FORW: name:enp0s3: saddr:100932208: daddr:16783984
[  442.213832] AAAAA-TCP_FORW: name:enp0s3: saddr:100932208: daddr:16783984
[  442.277465] AAAAA-TCP_FORW: name:enp0s3: saddr:100932208: daddr:16783984
[  442.551841] AAAAA-TCP_FORW: name:enp0s3: saddr:100932208: daddr:16783984
[  442.670209] AAAAA-TCP_FORW: name:enp0s3: saddr:100932208: daddr:16783984
[  445.225921] AAAAA-TCP_FORW: name:enp0s3: saddr:16783984: daddr:100932208
[  445.441081] AAAAA-TCP_FORW: name:enp0s3: saddr:16783984: daddr:100932208
[  445.905783] AAAAA-TCP_FORW: name:enp0s3: saddr:16783984: daddr:100932208
[  446.421663] AAAAA-TCP_FORW: name:enp0s3: saddr:16783984: daddr:100932208
[  446.509321] AAAAA-TCP_FORW: name:enp0s3: saddr:16783984: daddr:100932208
[  447.172501] AAAAA-TCP_FORW: name:enp0s3: saddr:16783984: daddr:100932208
[  447.230673] AAAAA-TCP_FORW: name:enp0s3: saddr:16783984: daddr:100932208
[  447.428445] AAAAA-TCP_FORW: name:enp0s3: saddr:16783984: daddr:100932208
[  447.635266] AAAAA-TCP_FORW: name:enp0s3: saddr:16783984: daddr:100932208
[  447.721729] AAAAA-TCP_FORW: name:enp0s3: saddr:16783984: daddr:100932208
[  448.488196] AAAAA-TCP_FORW: name:enp0s3: saddr:16783984: daddr:100932208
[  448.741936] AAAAA-TCP_FORW: name:enp0s3: saddr:16783984: daddr:100932208
[  449.008095] AAAAA-TCP_FORW: name:enp0s3: saddr:16783984: daddr:100932208
[  477.342655] AAAAA-TCP_FORW: name:enp0s3: saddr:16783984: daddr:100932208
[  477.449790] AAAAA-TCP_FORW: name:enp0s3: saddr:16783984: daddr:100932208
[  477.622206] AAAAA-TCP_FORW: name:enp0s3: saddr:16783984: daddr:100932208
[  477.704065] AAAAA-TCP_FORW: name:enp0s3: saddr:16783984: daddr:100932208
[  477.920320] AAAAA-TCP_FORW: name:enp0s3: saddr:16783984: daddr:100932208
[  478.133276] AAAAA-TCP_FORW: name:enp0s3: saddr:16783984: daddr:100932208
[  478.335587] AAAAA-TCP_FORW: name:enp0s3: saddr:16783984: daddr:100932208
[  478.430653] AAAAA-TCP_FORW: name:enp0s3: saddr:16783984: daddr:100932208
[  478.604337] AAAAA-TCP_FORW: name:enp0s3: saddr:16783984: daddr:100932208
[  478.753242] AAAAA-TCP_FORW: name:enp0s3: saddr:16783984: daddr:100932208
[  478.920503] AAAAA-TCP_FORW: name:enp0s3: saddr:16783984: daddr:100932208
[  479.057331] AAAAA-TCP_FORW: name:enp0s3: saddr:16783984: daddr:100932208
[  479.152263] AAAAA-TCP_FORW: name:enp0s3: saddr:16783984: daddr:100932208
[  479.283978] AAAAA-TCP_FORW: name:enp0s3: saddr:16783984: daddr:100932208
[  480.166498] AAAAA-TCP_FORW: name:enp0s3: saddr:16783984: daddr:100932208
[  480.254939] AAAAA-TCP_FORW: name:enp0s3: saddr:16783984: daddr:100932208
[  481.494996] AAAAA-TCP_FORW: name:enp0s3: saddr:16783984: daddr:100932208
[  896.837524] rfkill: input handler enabled
[  905.116631] rfkill: input handler disabled
[ 1095.413432] device enp0s3 left promiscuous mode
