[    0.000000] Linux version 5.4.243-tcp (root@ztg) (gcc version 12.2.0 (Debian 12.2.0-14)) #1 SMP Fri Apr 12 08:27:09 CST 2024
[    0.000000] Command line: BOOT_IMAGE=/boot/vmlinuz-5.4.243-tcp root=UUID=98415a12-53b7-4144-8265-0f7ece09e445 ro quiet splash
[    0.000000] KERNEL supported cpus:
[    0.000000]   Intel GenuineIntel
[    0.000000]   AMD AuthenticAMD
[    0.000000]   Hygon HygonGenuine
[    0.000000]   Centaur CentaurHauls
[    0.000000]   zhaoxin   Shanghai  
[    0.000000] x86/fpu: Supporting XSAVE feature 0x001: 'x87 floating point registers'
[    0.000000] x86/fpu: Supporting XSAVE feature 0x002: 'SSE registers'
[    0.000000] x86/fpu: Supporting XSAVE feature 0x004: 'AVX registers'
[    0.000000] x86/fpu: xstate_offset[2]:  576, xstate_sizes[2]:  256
[    0.000000] x86/fpu: Enabled xstate features 0x7, context size is 832 bytes, using 'standard' format.
[    0.000000] BIOS-provided physical RAM map:
[    0.000000] BIOS-e820: [mem 0x0000000000000000-0x000000000009fbff] usable
[    0.000000] BIOS-e820: [mem 0x000000000009fc00-0x000000000009ffff] reserved
[    0.000000] BIOS-e820: [mem 0x00000000000f0000-0x00000000000fffff] reserved
[    0.000000] BIOS-e820: [mem 0x0000000000100000-0x000000007ffeffff] usable
[    0.000000] BIOS-e820: [mem 0x000000007fff0000-0x000000007fffffff] ACPI data
[    0.000000] BIOS-e820: [mem 0x00000000fec00000-0x00000000fec00fff] reserved
[    0.000000] BIOS-e820: [mem 0x00000000fee00000-0x00000000fee00fff] reserved
[    0.000000] BIOS-e820: [mem 0x00000000fffc0000-0x00000000ffffffff] reserved
[    0.000000] NX (Execute Disable) protection: active
[    0.000000] SMBIOS 2.5 present.
[    0.000000] DMI: innotek GmbH VirtualBox/VirtualBox, BIOS VirtualBox 12/01/2006
[    0.000000] Hypervisor detected: KVM
[    0.000000] kvm-clock: Using msrs 4b564d01 and 4b564d00
[    0.000000] kvm-clock: cpu 0, msr 2c401001, primary cpu clock
[    0.000000] kvm-clock: using sched offset of 4432506267 cycles
[    0.000003] clocksource: kvm-clock: mask: 0xffffffffffffffff max_cycles: 0x1cd42e4dffb, max_idle_ns: 881590591483 ns
[    0.000006] tsc: Detected 2100.000 MHz processor
[    0.002463] e820: update [mem 0x00000000-0x00000fff] usable ==> reserved
[    0.002466] e820: remove [mem 0x000a0000-0x000fffff] usable
[    0.002471] last_pfn = 0x7fff0 max_arch_pfn = 0x400000000
[    0.002549] MTRR default type: uncachable
[    0.002550] MTRR fixed ranges enabled:
[    0.002551]   00000-9FFFF write-back
[    0.002552]   A0000-BFFFF uncachable
[    0.002553]   C0000-FFFFF write-protect
[    0.002554] MTRR variable ranges enabled:
[    0.002555]   0 base 000000000000 mask 3FFF80000000 write-back
[    0.002556]   1 disabled
[    0.002557]   2 disabled
[    0.002557]   3 disabled
[    0.002558]   4 disabled
[    0.002558]   5 disabled
[    0.002559]   6 disabled
[    0.002559]   7 disabled
[    0.002560]   8 disabled
[    0.002560]   9 disabled
[    0.002561]   10 disabled
[    0.002561]   11 disabled
[    0.002562]   12 disabled
[    0.002562]   13 disabled
[    0.002563]   14 disabled
[    0.002563]   15 disabled
[    0.002584] x86/PAT: Configuration [0-7]: WB  WC  UC- UC  WB  WP  UC- WT  
[    0.002733] found SMP MP-table at [mem 0x0009fff0-0x0009ffff]
[    0.112094] check: Scanning 1 areas for low memory corruption
[    0.112376] RAMDISK: [mem 0x32275000-0x35131fff]
[    0.112385] ACPI: Early table checksum verification disabled
[    0.112391] ACPI: RSDP 0x00000000000E0000 000024 (v02 VBOX  )
[    0.112397] ACPI: XSDT 0x000000007FFF0030 00003C (v01 VBOX   VBOXXSDT 00000001 ASL  00000061)
[    0.112404] ACPI: FACP 0x000000007FFF00F0 0000F4 (v04 VBOX   VBOXFACP 00000001 ASL  00000061)
[    0.112412] ACPI: DSDT 0x000000007FFF02E0 002353 (v02 VBOX   VBOXBIOS 00000002 VBOX 00029BF3)
[    0.112417] ACPI: FACS 0x000000007FFF0200 000040
[    0.112421] ACPI: FACS 0x000000007FFF0200 000040
[    0.112424] ACPI: APIC 0x000000007FFF0240 000054 (v02 VBOX   VBOXAPIC 00000001 ASL  00000061)
[    0.112428] ACPI: SSDT 0x000000007FFF02A0 000038 (v01 VBOX   VBOXCPUT 00000002 VBOX 00029BF3)
[    0.112432] ACPI: Reserving FACP table memory at [mem 0x7fff00f0-0x7fff01e3]
[    0.112433] ACPI: Reserving DSDT table memory at [mem 0x7fff02e0-0x7fff2632]
[    0.112434] ACPI: Reserving FACS table memory at [mem 0x7fff0200-0x7fff023f]
[    0.112435] ACPI: Reserving FACS table memory at [mem 0x7fff0200-0x7fff023f]
[    0.112436] ACPI: Reserving APIC table memory at [mem 0x7fff0240-0x7fff0293]
[    0.112437] ACPI: Reserving SSDT table memory at [mem 0x7fff02a0-0x7fff02d7]
[    0.112454] ACPI: Local APIC address 0xfee00000
[    0.112680] No NUMA configuration found
[    0.112681] Faking a node at [mem 0x0000000000000000-0x000000007ffeffff]
[    0.112694] NODE_DATA(0) allocated [mem 0x7ffc5000-0x7ffeffff]
[    0.113023] Zone ranges:
[    0.113025]   DMA      [mem 0x0000000000001000-0x0000000000ffffff]
[    0.113026]   DMA32    [mem 0x0000000001000000-0x000000007ffeffff]
[    0.113027]   Normal   empty
[    0.113028]   Device   empty
[    0.113029] Movable zone start for each node
[    0.113031] Early memory node ranges
[    0.113032]   node   0: [mem 0x0000000000001000-0x000000000009efff]
[    0.113034]   node   0: [mem 0x0000000000100000-0x000000007ffeffff]
[    0.113037] Zeroed struct page in unavailable ranges: 114 pages
[    0.113039] Initmem setup node 0 [mem 0x0000000000001000-0x000000007ffeffff]
[    0.113040] On node 0 totalpages: 524174
[    0.113042]   DMA zone: 64 pages used for memmap
[    0.113042]   DMA zone: 21 pages reserved
[    0.113043]   DMA zone: 3998 pages, LIFO batch:0
[    0.113136]   DMA32 zone: 8128 pages used for memmap
[    0.113137]   DMA32 zone: 520176 pages, LIFO batch:63
[    0.124533] ACPI: PM-Timer IO Port: 0x4008
[    0.124537] ACPI: Local APIC address 0xfee00000
[    0.124623] IOAPIC[0]: apic_id 1, version 32, address 0xfec00000, GSI 0-23
[    0.124627] ACPI: INT_SRC_OVR (bus 0 bus_irq 0 global_irq 2 dfl dfl)
[    0.124629] ACPI: INT_SRC_OVR (bus 0 bus_irq 9 global_irq 9 low level)
[    0.124631] ACPI: IRQ0 used by override.
[    0.124632] ACPI: IRQ9 used by override.
[    0.124635] Using ACPI (MADT) for SMP configuration information
[    0.124642] smpboot: Allowing 1 CPUs, 0 hotplug CPUs
[    0.124668] PM: Registered nosave memory: [mem 0x00000000-0x00000fff]
[    0.124669] PM: Registered nosave memory: [mem 0x0009f000-0x0009ffff]
[    0.124670] PM: Registered nosave memory: [mem 0x000a0000-0x000effff]
[    0.124671] PM: Registered nosave memory: [mem 0x000f0000-0x000fffff]
[    0.124673] [mem 0x80000000-0xfebfffff] available for PCI devices
[    0.124674] Booting paravirtualized kernel on KVM
[    0.124677] clocksource: refined-jiffies: mask: 0xffffffff max_cycles: 0xffffffff, max_idle_ns: 7645519600211568 ns
[    0.124682] setup_percpu: NR_CPUS:8192 nr_cpumask_bits:1 nr_cpu_ids:1 nr_node_ids:1
[    0.125835] percpu: Embedded 60 pages/cpu s208896 r8192 d28672 u2097152
[    0.125842] pcpu-alloc: s208896 r8192 d28672 u2097152 alloc=1*2097152
[    0.125843] pcpu-alloc: [0] 0 
[    0.125876] Built 1 zonelists, mobility grouping on.  Total pages: 515961
[    0.125877] Policy zone: DMA32
[    0.125878] Kernel command line: BOOT_IMAGE=/boot/vmlinuz-5.4.243-tcp root=UUID=98415a12-53b7-4144-8265-0f7ece09e445 ro quiet splash
[    0.126817] Dentry cache hash table entries: 262144 (order: 9, 2097152 bytes, linear)
[    0.126978] Inode-cache hash table entries: 131072 (order: 8, 1048576 bytes, linear)
[    0.127033] mem auto-init: stack:off, heap alloc:on, heap free:off
[    0.127036] Calgary: detecting Calgary via BIOS EBDA area
[    0.127038] Calgary: Unable to locate Rio Grande table in EBDA - bailing!
[    0.131399] Memory: 1967340K/2096696K available (14339K kernel code, 2392K rwdata, 4692K rodata, 2720K init, 17272K bss, 129356K reserved, 0K cma-reserved)
[    0.132319] SLUB: HWalign=64, Order=0-3, MinObjects=0, CPUs=1, Nodes=1
[    0.132334] ftrace: allocating 42894 entries in 168 pages
[    0.150111] rcu: Hierarchical RCU implementation.
[    0.150113] rcu: 	RCU restricting CPUs from NR_CPUS=8192 to nr_cpu_ids=1.
[    0.150114] 	Tasks RCU enabled.
[    0.150115] rcu: RCU calculated value of scheduler-enlistment delay is 25 jiffies.
[    0.150117] rcu: Adjusting geometry for rcu_fanout_leaf=16, nr_cpu_ids=1
[    0.153066] NR_IRQS: 524544, nr_irqs: 256, preallocated irqs: 16
[    0.153280] random: crng init done
[    0.162912] Console: colour VGA+ 80x25
[    0.162917] printk: console [tty0] enabled
[    0.162937] ACPI: Core revision 20190816
[    0.163040] APIC: Switch to symmetric I/O mode setup
[    0.163291] x2apic enabled
[    0.163536] Switched APIC routing to physical x2apic.
[    0.164675] ..TIMER: vector=0x30 apic1=0 pin1=2 apic2=-1 pin2=-1
[    0.164701] clocksource: tsc-early: mask: 0xffffffffffffffff max_cycles: 0x1e4530a99b6, max_idle_ns: 440795257976 ns
[    0.164706] Calibrating delay loop (skipped) preset value.. 4200.00 BogoMIPS (lpj=8400000)
[    0.164709] pid_max: default: 32768 minimum: 301
[    0.164737] LSM: Security Framework initializing
[    0.164746] Yama: becoming mindful.
[    0.164771] AppArmor: AppArmor initialized
[    0.164806] Mount-cache hash table entries: 4096 (order: 3, 32768 bytes, linear)
[    0.164810] Mountpoint-cache hash table entries: 4096 (order: 3, 32768 bytes, linear)
[    0.164820] *** VALIDATE tmpfs ***
[    0.164948] *** VALIDATE proc ***
[    0.164988] *** VALIDATE cgroup1 ***
[    0.164989] *** VALIDATE cgroup2 ***
[    0.165129] process: using mwait in idle threads
[    0.165134] Last level iTLB entries: 4KB 64, 2MB 8, 4MB 8
[    0.165135] Last level dTLB entries: 4KB 64, 2MB 0, 4MB 0, 1GB 4
[    0.165156] Spectre V1 : Mitigation: usercopy/swapgs barriers and __user pointer sanitization
[    0.165161] Spectre V2 : Mitigation: Retpolines
[    0.165162] Spectre V2 : Spectre v2 / SpectreRSB mitigation: Filling RSB on context switch
[    0.165162] Spectre V2 : Spectre v2 / SpectreRSB : Filling RSB on VMEXIT
[    0.165163] RETBleed: WARNING: Spectre v2 mitigation leaves CPU vulnerable to RETBleed attacks, data leaks possible!
[    0.165517] RETBleed: Vulnerable
[    0.165518] Speculative Store Bypass: Vulnerable
[    0.165523] TAA: Mitigation: TSX disabled
[    0.165523] MMIO Stale Data: Mitigation: Clear CPU buffers
[    0.169722] Freeing SMP alternatives memory: 40K
[    0.281680] smpboot: CPU0: Intel(R) Xeon(R) Silver 4216 CPU @ 2.10GHz (family: 0x6, model: 0x55, stepping: 0x7)
[    0.281814] Performance Events: unsupported p6 CPU model 85 no PMU driver, software events only.
[    0.281852] rcu: Hierarchical SRCU implementation.
[    0.282328] NMI watchdog: Perf NMI watchdog permanently disabled
[    0.282367] smp: Bringing up secondary CPUs ...
[    0.282368] smp: Brought up 1 node, 1 CPU
[    0.282369] smpboot: Max logical packages: 1
[    0.282370] smpboot: Total of 1 processors activated (4200.00 BogoMIPS)
[    0.283359] devtmpfs: initialized
[    0.283406] x86/mm: Memory block size: 128MB
[    0.283755] clocksource: jiffies: mask: 0xffffffff max_cycles: 0xffffffff, max_idle_ns: 7645041785100000 ns
[    0.283761] futex hash table entries: 256 (order: 2, 16384 bytes, linear)
[    0.283804] pinctrl core: initialized pinctrl subsystem
[    0.283905] PM: RTC time: 11:52:45, date: 2026-01-20
[    0.284011] NET: Registered protocol family 16
[    0.284084] audit: initializing netlink subsys (disabled)
[    0.284208] EISA bus registered
[    0.284210] cpuidle: using governor ladder
[    0.284210] cpuidle: using governor menu
[    0.284247] ACPI: bus type PCI registered
[    0.284248] acpiphp: ACPI Hot Plug PCI Controller Driver version: 0.5
[    0.284352] PCI: Using configuration type 1 for base access
[    0.284922] audit: type=2000 audit(1768881171.716:1): state=initialized audit_enabled=0 res=1
[    0.285002] HugeTLB registered 2.00 MiB page size, pre-allocated 0 pages
[    0.285816] ACPI: Added _OSI(Module Device)
[    0.285817] ACPI: Added _OSI(Processor Device)
[    0.285818] ACPI: Added _OSI(3.0 _SCP Extensions)
[    0.285819] ACPI: Added _OSI(Processor Aggregator Device)
[    0.285819] ACPI: Added _OSI(Linux-Dell-Video)
[    0.285820] ACPI: Added _OSI(Linux-Lenovo-NV-HDMI-Audio)
[    0.285821] ACPI: Added _OSI(Linux-HPI-Hybrid-Graphics)
[    0.287782] ACPI: 2 ACPI AML tables successfully acquired and loaded
[    0.289416] ACPI: Interpreter enabled
[    0.289426] ACPI: (supports S0 S5)
[    0.289427] ACPI: Using IOAPIC for interrupt routing
[    0.289629] PCI: Using host bridge windows from ACPI; if necessary, use "pci=nocrs" and report a bug
[    0.289736] ACPI: Enabled 2 GPEs in block 00 to 07
[    0.294546] ACPI: PCI Root Bridge [PCI0] (domain 0000 [bus 00-ff])
[    0.294551] acpi PNP0A03:00: _OSC: OS supports [ASPM ClockPM Segments MSI HPX-Type3]
[    0.294990] acpi PNP0A03:00: _OSC: not requesting OS control; OS requires [ExtendedConfig ASPM ClockPM MSI]
[    0.294999] acpi PNP0A03:00: fail to add MMCONFIG information, can't access extended PCI configuration space under this bridge.
[    0.295371] PCI host bridge to bus 0000:00
[    0.295373] pci_bus 0000:00: root bus resource [io  0x0000-0x0cf7 window]
[    0.295374] pci_bus 0000:00: root bus resource [io  0x0d00-0xffff window]
[    0.295376] pci_bus 0000:00: root bus resource [mem 0x000a0000-0x000bffff window]
[    0.295377] pci_bus 0000:00: root bus resource [mem 0x80000000-0xfdffffff window]
[    0.295378] pci_bus 0000:00: root bus resource [bus 00-ff]
[    0.295422] pci 0000:00:00.0: [8086:1237] type 00 class 0x060000
[    0.296366] pci 0000:00:01.0: [8086:7000] type 00 class 0x060100
[    0.297181] pci 0000:00:01.1: [8086:7111] type 00 class 0x01018a
[    0.297559] pci 0000:00:01.1: reg 0x20: [io  0xd000-0xd00f]
[    0.297715] pci 0000:00:01.1: legacy IDE quirk: reg 0x10: [io  0x01f0-0x01f7]
[    0.297716] pci 0000:00:01.1: legacy IDE quirk: reg 0x14: [io  0x03f6]
[    0.297717] pci 0000:00:01.1: legacy IDE quirk: reg 0x18: [io  0x0170-0x0177]
[    0.297718] pci 0000:00:01.1: legacy IDE quirk: reg 0x1c: [io  0x0376]
[    0.298265] pci 0000:00:02.0: [15ad:0405] type 00 class 0x030000
[    0.300781] pci 0000:00:02.0: reg 0x10: [io  0xd010-0xd01f]
[    0.304748] pci 0000:00:02.0: reg 0x14: [mem 0xe0000000-0xe7ffffff pref]
[    0.307322] pci 0000:00:02.0: reg 0x18: [mem 0xf0000000-0xf01fffff]
[    0.317386] pci 0000:00:03.0: [1022:2000] type 00 class 0x020000
[    0.318074] pci 0000:00:03.0: reg 0x10: [io  0xd020-0xd03f]
[    0.318681] pci 0000:00:03.0: reg 0x14: [mem 0xf0200000-0xf0200fff]
[    0.322629] pci 0000:00:04.0: [80ee:cafe] type 00 class 0x088000
[    0.323305] pci 0000:00:04.0: reg 0x10: [io  0xd040-0xd05f]
[    0.323913] pci 0000:00:04.0: reg 0x14: [mem 0xf0400000-0xf07fffff]
[    0.324524] pci 0000:00:04.0: reg 0x18: [mem 0xf0800000-0xf0803fff pref]
[    0.327746] pci 0000:00:07.0: [8086:7113] type 00 class 0x068000
[    0.328303] pci 0000:00:07.0: quirk: [io  0x4000-0x403f] claimed by PIIX4 ACPI
[    0.328314] pci 0000:00:07.0: quirk: [io  0x4100-0x410f] claimed by PIIX4 SMB
[    0.328764] pci 0000:00:08.0: [8086:100e] type 00 class 0x020000
[    0.329492] pci 0000:00:08.0: reg 0x10: [mem 0xf0820000-0xf083ffff]
[    0.330659] pci 0000:00:08.0: reg 0x18: [io  0xd060-0xd067]
[    0.333762] pci 0000:00:09.0: [8086:100e] type 00 class 0x020000
[    0.334471] pci 0000:00:09.0: reg 0x10: [mem 0xf0840000-0xf085ffff]
[    0.335696] pci 0000:00:09.0: reg 0x18: [io  0xd068-0xd06f]
[    0.345709] ACPI: PCI Interrupt Link [LNKA] (IRQs 5 9 10 *11)
[    0.345992] ACPI: PCI Interrupt Link [LNKB] (IRQs 5 9 *10 11)
[    0.346098] ACPI: PCI Interrupt Link [LNKC] (IRQs 5 *9 10 11)
[    0.346200] ACPI: PCI Interrupt Link [LNKD] (IRQs 5 9 10 *11)
[    0.346455] iommu: Default domain type: Translated 
[    0.346512] pci 0000:00:02.0: vgaarb: setting as boot VGA device
[    0.346514] pci 0000:00:02.0: vgaarb: VGA device added: decodes=io+mem,owns=io+mem,locks=none
[    0.346515] pci 0000:00:02.0: vgaarb: bridge control possible
[    0.346516] vgaarb: loaded
[    0.346717] SCSI subsystem initialized
[    0.346748] libata version 3.00 loaded.
[    0.346774] ACPI: bus type USB registered
[    0.346787] usbcore: registered new interface driver usbfs
[    0.346793] usbcore: registered new interface driver hub
[    0.346797] usbcore: registered new device driver usb
[    0.346826] pps_core: LinuxPPS API ver. 1 registered
[    0.346827] pps_core: Software ver. 5.3.6 - Copyright 2005-2007 Rodolfo Giometti <giometti@linux.it>
[    0.346829] PTP clock support registered
[    0.346864] EDAC MC: Ver: 3.0.0
[    0.348782] PCI: Using ACPI for IRQ routing
[    0.348783] PCI: pci_cache_line_size set to 64 bytes
[    0.348954] e820: reserve RAM buffer [mem 0x0009fc00-0x0009ffff]
[    0.348958] e820: reserve RAM buffer [mem 0x7fff0000-0x7fffffff]
[    0.349076] NetLabel: Initializing
[    0.349077] NetLabel:  domain hash size = 128
[    0.349077] NetLabel:  protocols = UNLABELED CIPSOv4 CALIPSO
[    0.349096] NetLabel:  unlabeled traffic allowed by default
[    0.350694] clocksource: Switched to clocksource kvm-clock
[    0.360703] *** VALIDATE bpf ***
[    0.360703] VFS: Disk quotas dquot_6.6.0
[    0.360703] VFS: Dquot-cache hash table entries: 512 (order 0, 4096 bytes)
[    0.360703] *** VALIDATE ramfs ***
[    0.360703] *** VALIDATE hugetlbfs ***
[    0.360703] AppArmor: AppArmor Filesystem Enabled
[    0.360703] pnp: PnP ACPI init
[    0.360703] pnp 00:00: Plug and Play ACPI device, IDs PNP0303 (active)
[    0.363298] pnp 00:01: Plug and Play ACPI device, IDs PNP0f03 (active)
[    0.364089] pnp: PnP ACPI: found 2 devices
[    0.365066] thermal_sys: Registered thermal governor 'fair_share'
[    0.365067] thermal_sys: Registered thermal governor 'bang_bang'
[    0.365068] thermal_sys: Registered thermal governor 'step_wise'
[    0.365068] thermal_sys: Registered thermal governor 'user_space'
[    0.365069] thermal_sys: Registered thermal governor 'power_allocator'
[    0.369600] clocksource: acpi_pm: mask: 0xffffff max_cycles: 0xffffff, max_idle_ns: 2085701024 ns
[    0.369640] pci_bus 0000:00: resource 4 [io  0x0000-0x0cf7 window]
[    0.369642] pci_bus 0000:00: resource 5 [io  0x0d00-0xffff window]
[    0.369643] pci_bus 0000:00: resource 6 [mem 0x000a0000-0x000bffff window]
[    0.369644] pci_bus 0000:00: resource 7 [mem 0x80000000-0xfdffffff window]
[    0.369698] NET: Registered protocol family 2
[    0.369775] IP idents hash table entries: 32768 (order: 6, 262144 bytes, linear)
[    0.370147] tcp_listen_portaddr_hash hash table entries: 1024 (order: 2, 16384 bytes, linear)
[    0.370227] TCP established hash table entries: 16384 (order: 5, 131072 bytes, linear)
[    0.370292] TCP bind hash table entries: 16384 (order: 6, 262144 bytes, linear)
[    0.370317] TCP: Hash tables configured (established 16384 bind 16384)
[    0.370363] UDP hash table entries: 1024 (order: 3, 32768 bytes, linear)
[    0.370374] UDP-Lite hash table entries: 1024 (order: 3, 32768 bytes, linear)
[    0.370402] NET: Registered protocol family 1
[    0.370410] NET: Registered protocol family 44
[    0.370435] pci 0000:00:00.0: Limiting direct PCI/PCI transfers
[    0.370447] pci 0000:00:01.0: Activating ISA DMA hang workarounds
[    0.370499] pci 0000:00:02.0: Video device with shadowed ROM at [mem 0x000c0000-0x000dffff]
[    0.370564] PCI: CLS 0 bytes, default 64
[    0.370612] Trying to unpack rootfs image as initramfs...
[    0.540630] Freeing initrd memory: 47860K
[    0.540630] clocksource: tsc: mask: 0xffffffffffffffff max_cycles: 0x1e4530a99b6, max_idle_ns: 440795257976 ns
[    0.540630] clocksource: Switched to clocksource tsc
[    0.540630] platform rtc_cmos: registered platform RTC device (no PNP device found)
[    0.540630] check: Scanning for low memory corruption every 60 seconds
[    0.540630] Initialise system trusted keyrings
[    0.540630] Key type blacklist registered
[    0.540630] workingset: timestamp_bits=36 max_order=19 bucket_order=0
[    0.540630] zbud: loaded
[    0.540630] squashfs: version 4.0 (2009/01/31) Phillip Lougher
[    0.540630] fuse: init (API version 7.31)
[    0.540630] *** VALIDATE fuse ***
[    0.540630] *** VALIDATE fuse ***
[    0.540630] Platform Keyring initialized
[    0.552951] Key type asymmetric registered
[    0.552953] Asymmetric key parser 'x509' registered
[    0.552962] Block layer SCSI generic (bsg) driver version 0.4 loaded (major 244)
[    0.553000] io scheduler mq-deadline registered
[    0.553110] shpchp: Standard Hot Plug PCI Controller Driver version: 0.4
[    0.553318] ACPI: AC Adapter [AC] (on-line)
[    0.553362] input: Power Button as /devices/LNXSYSTM:00/LNXPWRBN:00/input/input0
[    0.553389] ACPI: Power Button [PWRF]
[    0.553469] input: Sleep Button as /devices/LNXSYSTM:00/LNXSLPBN:00/input/input1
[    0.553482] ACPI: Sleep Button [SLPF]
[    0.553699] Serial: 8250/16550 driver, 32 ports, IRQ sharing enabled
[    0.554905] Linux agpgart interface v0.103
[    0.643465] loop: module loaded
[    0.643603] ata_piix 0000:00:01.1: version 2.13
[    0.644000] scsi host0: ata_piix
[    0.644087] scsi host1: ata_piix
[    0.644115] ata1: PATA max UDMA/33 cmd 0x1f0 ctl 0x3f6 bmdma 0xd000 irq 14
[    0.644115] ata2: PATA max UDMA/33 cmd 0x170 ctl 0x376 bmdma 0xd008 irq 15
[    0.644193] tun: Universal TUN/TAP device driver, 1.6
[    0.644515] PPP generic driver version 2.4.2
[    0.644569] VFIO - User Level meta-driver version: 0.3
[    0.644814] ehci_hcd: USB 2.0 'Enhanced' Host Controller (EHCI) Driver
[    0.644820] ehci-pci: EHCI PCI platform driver
[    0.644834] ehci-platform: EHCI generic platform driver
[    0.644839] ohci_hcd: USB 1.1 'Open' Host Controller (OHCI) Driver
[    0.644841] ohci-pci: OHCI PCI platform driver
[    0.644846] ohci-platform: OHCI generic platform driver
[    0.644850] uhci_hcd: USB Universal Host Controller Interface driver
[    0.644910] i8042: PNP: PS/2 Controller [PNP0303:PS2K,PNP0f03:PS2M] at 0x60,0x64 irq 1,12
[    0.645352] serio: i8042 KBD port at 0x60,0x64 irq 1
[    0.645355] serio: i8042 AUX port at 0x60,0x64 irq 12
[    0.645440] mousedev: PS/2 mouse device common for all mice
[    0.645692] input: AT Translated Set 2 keyboard as /devices/platform/i8042/serio0/input/input2
[    0.646088] rtc_cmos rtc_cmos: registered as rtc0
[    0.646100] rtc_cmos rtc_cmos: alarms up to one day, 114 bytes nvram
[    0.646105] i2c /dev entries driver
[    0.646148] device-mapper: uevent: version 1.0.3
[    0.646190] device-mapper: ioctl: 4.41.0-ioctl (2019-09-16) initialised: dm-devel@redhat.com
[    0.646207] platform eisa.0: Probing EISA bus 0
[    0.646208] platform eisa.0: EISA: Cannot allocate resource for mainboard
[    0.646210] platform eisa.0: Cannot allocate resource for EISA slot 1
[    0.646211] platform eisa.0: Cannot allocate resource for EISA slot 2
[    0.646212] platform eisa.0: Cannot allocate resource for EISA slot 3
[    0.646212] platform eisa.0: Cannot allocate resource for EISA slot 4
[    0.646213] platform eisa.0: Cannot allocate resource for EISA slot 5
[    0.646214] platform eisa.0: Cannot allocate resource for EISA slot 6
[    0.646215] platform eisa.0: Cannot allocate resource for EISA slot 7
[    0.646216] platform eisa.0: Cannot allocate resource for EISA slot 8
[    0.646217] platform eisa.0: EISA: Detected 0 cards
[    0.646220] intel_pstate: CPU model not supported
[    0.646228] ledtrig-cpu: registered to indicate activity on CPUs
[    0.646275] drop_monitor: Initializing network drop monitor service
[    0.646434] NET: Registered protocol family 10
[    0.651532] Segment Routing with IPv6
[    0.651557] NET: Registered protocol family 17
[    0.651585] Key type dns_resolver registered
[    0.651585] RAS: Correctable Errors collector initialized.
[    0.651585] IPI shorthand broadcast: enabled
[    0.651585] sched_clock: Marking stable (636151898, 11433654)->(648758925, -1173373)
[    0.651758] registered taskstats version 1
[    0.651769] Loading compiled-in X.509 certificates
[    0.652354] Loaded X.509 cert 'Build time autogenerated kernel key: 0a9e52cc6eb58eed9b63e328679db6d5d5216245'
[    0.652371] zswap: loaded using pool lzo/zbud
[    0.652424] Key type ._fscrypt registered
[    0.652424] Key type .fscrypt registered
[    0.656880] Key type big_key registered
[    0.659050] Key type encrypted registered
[    0.659052] AppArmor: AppArmor sha1 policy hashing enabled
[    0.659059] ima: No TPM chip found, activating TPM-bypass!
[    0.659062] ima: Allocated hash algorithm: sha1
[    0.659068] ima: No architecture policies found
[    0.659077] evm: Initialising EVM extended attributes:
[    0.659077] evm: security.selinux
[    0.659078] evm: security.SMACK64
[    0.659078] evm: security.SMACK64EXEC
[    0.659079] evm: security.SMACK64TRANSMUTE
[    0.659079] evm: security.SMACK64MMAP
[    0.659080] evm: security.apparmor
[    0.659080] evm: security.ima
[    0.659081] evm: security.capability
[    0.659081] evm: HMAC attrs: 0x1
[    0.659370] PM:   Magic number: 10:975:883
[    0.659483] rtc_cmos rtc_cmos: setting system clock to 2026-01-20T11:52:46 UTC (1768909966)
[    0.815403] ata1.00: ATA-6: VBOX HARDDISK, 1.0, max UDMA/133
[    0.815405] ata1.00: 209715200 sectors, multi 128: LBA 
[    0.815916] scsi 0:0:0:0: Direct-Access     ATA      VBOX HARDDISK    1.0  PQ: 0 ANSI: 5
[    0.816125] sd 0:0:0:0: [sda] 209715200 512-byte logical blocks: (107 GB/100 GiB)
[    0.816133] sd 0:0:0:0: [sda] Write Protect is off
[    0.816134] sd 0:0:0:0: [sda] Mode Sense: 00 3a 00 00
[    0.816147] sd 0:0:0:0: [sda] Write cache: enabled, read cache: enabled, doesn't support DPO or FUA
[    0.816376] sd 0:0:0:0: Attached scsi generic sg0 type 0
[    0.817076]  sda: sda1 sda2
[    0.827662] sd 0:0:0:0: [sda] Attached SCSI disk
[    0.829986] Freeing unused decrypted memory: 2040K
[    0.830746] Freeing unused kernel image memory: 2720K
[    0.830748] Write protecting the kernel read-only data: 22528k
[    0.831505] Freeing unused kernel image memory: 2036K
[    0.831941] Freeing unused kernel image memory: 1452K
[    0.851719] x86/mm: Checked W+X mappings: passed, no W+X pages found.
[    0.851723] Run /init as init process
[    0.987603] ACPI: Video Device [GFX0] (multi-head: yes  rom: no  post: no)
[    0.987693] input: Video Bus as /devices/LNXSYSTM:00/LNXSYBUS:00/PNP0A03:00/LNXVIDEO:00/input/input4
[    1.004316] piix4_smbus 0000:00:07.0: SMBus Host Controller at 0x4100, revision 0
[    1.007568] e1000: Intel(R) PRO/1000 Network Driver - version 7.3.21-k8-NAPI
[    1.007569] e1000: Copyright (c) 1999-2006 Intel Corporation.
[    1.009226] pcnet32: pcnet32.c:v1.35 21.Apr.2008 tsbogend@alpha.franken.de
[    1.010069] pcnet32: PCnet/FAST III 79C973 at 0xd020, 08:00:27:c2:07:8e assigned IRQ 19
[    1.010122] pcnet32: Found PHY 0022:561b at address 0
[    1.010487] pcnet32: eth0: registered as PCnet/FAST III 79C973
[    1.034935] pcnet32: 1 cards_found
[    1.076724] pcnet32 0000:00:03.0 enp0s3: renamed from eth0
[    1.226032] input: ImExPS/2 Generic Explorer Mouse as /devices/platform/i8042/serio1/input/input5
[    1.427913] e1000 0000:00:08.0 eth0: (PCI:33MHz:32-bit) 08:00:27:1d:bd:f7
[    1.427918] e1000 0000:00:08.0 eth0: Intel(R) PRO/1000 Network Connection
[    1.800014] e1000 0000:00:09.0 eth1: (PCI:33MHz:32-bit) 08:00:27:68:2d:4e
[    1.800018] e1000 0000:00:09.0 eth1: Intel(R) PRO/1000 Network Connection
[    1.801363] e1000 0000:00:09.0 enp0s9: renamed from eth1
[    1.803356] e1000 0000:00:08.0 enp0s8: renamed from eth0
[    1.952198] EXT4-fs (sda2): mounted filesystem with ordered data mode. Opts: (null)
[    2.049938] systemd[1]: Inserted module 'autofs4'
[    2.064863] systemd[1]: systemd 245.4-4ubuntu3 running in system mode. (+PAM +AUDIT +SELINUX +IMA +APPARMOR +SMACK +SYSVINIT +UTMP +LIBCRYPTSETUP +GCRYPT +GNUTLS +ACL +XZ +LZ4 +SECCOMP +BLKID +ELFUTILS +KMOD +IDN2 -IDN +PCRE2 default-hierarchy=hybrid)
[    2.064896] systemd[1]: Detected virtualization oracle.
[    2.064900] systemd[1]: Detected architecture x86-64.
[    2.066265] systemd[1]: Set hostname to <ztg>.
[    2.201044] systemd[1]: /lib/systemd/system/dbus.socket:5: ListenStream= references a path below legacy directory /var/run/, updating /var/run/dbus/system_bus_socket â†’ /run/dbus/system_bus_socket; please update the unit file accordingly.
[    2.254860] systemd[1]: Created slice system-modprobe.slice.
[    2.255067] systemd[1]: Created slice User and Session Slice.
[    2.255111] systemd[1]: Started Forward Password Requests to Wall Directory Watch.
[    2.255286] systemd[1]: Set up automount Arbitrary Executable File Formats File System Automount Point.
[    2.255322] systemd[1]: Reached target User and Group Name Lookups.
[    2.255383] systemd[1]: Reached target Remote File Systems.
[    2.255393] systemd[1]: Reached target Slices.
[    2.255954] systemd[1]: Listening on Syslog Socket.
[    2.256024] systemd[1]: Listening on fsck to fsckd communication Socket.
[    2.256066] systemd[1]: Listening on initctl Compatibility Named Pipe.
[    2.256215] systemd[1]: Listening on Journal Audit Socket.
[    2.256268] systemd[1]: Listening on Journal Socket (/dev/log).
[    2.256340] systemd[1]: Listening on Journal Socket.
[    2.256406] systemd[1]: Listening on udev Control Socket.
[    2.256449] systemd[1]: Listening on udev Kernel Socket.
[    2.257333] systemd[1]: Mounting Huge Pages File System...
[    2.258318] systemd[1]: Mounting POSIX Message Queue File System...
[    2.259295] systemd[1]: Mounting Kernel Debug File System...
[    2.260252] systemd[1]: Mounting Kernel Trace File System...
[    2.262883] systemd[1]: Starting Journal Service...
[    2.289751] systemd[1]: Starting Set the console keyboard layout...
[    2.295330] systemd[1]: Starting Create list of static device nodes for the current kernel...
[    2.300645] systemd[1]: Starting Load Kernel Module drm...
[    2.303066] systemd[1]: Condition check resulted in Set Up Additional Binary Formats being skipped.
[    2.303113] systemd[1]: Condition check resulted in File System Check on Root Device being skipped.
[    2.309809] systemd[1]: Starting Load Kernel Modules...
[    2.310630] systemd[1]: Starting Remount Root and Kernel File Systems...
[    2.311516] systemd[1]: Starting udev Coldplug all Devices...
[    2.312370] systemd[1]: Starting Uncomplicated firewall...
[    2.314052] systemd[1]: Mounted Huge Pages File System.
[    2.314152] systemd[1]: Mounted POSIX Message Queue File System.
[    2.314231] systemd[1]: Mounted Kernel Debug File System.
[    2.314305] systemd[1]: Mounted Kernel Trace File System.
[    2.364298] systemd[1]: Finished Create list of static device nodes for the current kernel.
[    2.364746] systemd[1]: modprobe@drm.service: Succeeded.
[    2.369984] systemd[1]: Finished Load Kernel Module drm.
[    2.370902] systemd[1]: Finished Uncomplicated firewall.
[    2.372732] EXT4-fs (sda2): re-mounted. Opts: errors=remount-ro
[    2.392335] systemd[1]: Finished Remount Root and Kernel File Systems.
[    2.393688] systemd[1]: Condition check resulted in Rebuild Hardware Database being skipped.
[    2.393724] systemd[1]: Condition check resulted in Platform Persistent Storage Archival being skipped.
[    2.399211] systemd[1]: Starting Load/Save Random Seed...
[    2.413330] systemd[1]: Starting Create System Users...
[    2.418069] systemd[1]: Finished Load/Save Random Seed.
[    2.436487] lp: driver loaded but no devices found
[    2.440790] systemd[1]: Finished Create System Users.
[    2.441728] systemd[1]: Starting Create Static Device Nodes in /dev...
[    2.449454] ppdev: user-space parallel port driver
[    2.484300] systemd[1]: Finished Create Static Device Nodes in /dev.
[    2.485381] systemd[1]: Starting udev Kernel Device Manager...
[    2.527944] systemd[1]: Finished udev Coldplug all Devices.
[    2.531349] [drm] DMA map mode: Caching DMA mappings.
[    2.531442] [drm] Capabilities:
[    2.531443] [drm]   Rect copy.
[    2.531443] [drm]   Cursor.
[    2.531444] [drm]   Cursor bypass.
[    2.531444] [drm]   Cursor bypass 2.
[    2.531444] [drm]   Alpha cursor.
[    2.531445] [drm]   Extended Fifo.
[    2.531445] [drm]   Pitchlock.
[    2.531445] [drm]   Irq mask.
[    2.531446] [drm]   GMR.
[    2.531446] [drm]   Traces.
[    2.531446] [drm]   GMR2.
[    2.531447] [drm]   Screen Object 2.
[    2.531447] [drm]   Command Buffers.
[    2.531448] [drm]   Command Buffers 2.
[    2.531448] [drm]   Guest Backed Resources.
[    2.531449] [drm] Max GMR ids is 8192
[    2.531450] [drm] Max number of GMR pages is 1048576
[    2.531450] [drm] Max dedicated hypervisor surface memory is 393216 kiB
[    2.531451] [drm] Maximum display memory size is 131072 kiB
[    2.531452] [drm] VRAM at 0xe0000000 size is 131072 kiB
[    2.531452] [drm] MMIO at 0xf0000000 size is 2048 kiB
[    2.532609] [TTM] Zone  kernel: Available graphics memory: 1011744 KiB
[    2.532610] [TTM] Initializing pool allocator
[    2.532617] [TTM] Initializing DMA pool allocator
[    2.532645] [drm] Supports vblank timestamp caching Rev 2 (21.10.2013).
[    2.532646] [drm] No driver support for vblank timestamp query.
[    2.532902] [drm] Screen Target Display device initialized
[    2.533217] [drm] width 720
[    2.533226] [drm] height 400
[    2.533229] [drm] bpp 32
[    2.533780] [drm] Fifo max 0x00200000 min 0x00001000 cap 0x00000355
[    2.535443] [drm] Using command buffers with DMA pool.
[    2.535448] [drm] DX: no.
[    2.535448] [drm] Atomic: yes.
[    2.535448] [drm] SM4_1: no.
[    2.535468] [drm:vmw_host_log [vmwgfx]] *ERROR* Failed to send host log message.
[    2.536829] [drm:vmw_host_log [vmwgfx]] *ERROR* Failed to send host log message.
[    2.575812] fbcon: svgadrmfb (fb0) is primary device
[    2.581809] Console: switching to colour frame buffer device 100x37
[    2.588359] systemd[1]: Finished Set the console keyboard layout.
[    2.588571] systemd[1]: Reached target Local File Systems (Pre).
[    2.591068] [drm] Initialized vmwgfx 2.15.0 20180704 for 0000:00:02.0 on minor 0
[    2.593119] systemd[1]: Mounting Mount unit for bare, revision 5...
[    2.598901] systemd[1]: Mounting Mount unit for core18, revision 1705...
[    2.631351] systemd[1]: Mounting Mount unit for gnome-3-34-1804, revision 24...
[    2.638537] systemd[1]: Mounting Mount unit for gtk-common-themes, revision 1506...
[    2.642275] systemd[1]: Mounting Mount unit for gtk-common-themes, revision 1535...
[    2.651307] systemd[1]: Mounting Mount unit for snap-store, revision 433...
[    2.661184] systemd[1]: Mounting Mount unit for snapd, revision 7264...
[    2.691789] systemd[1]: Finished Load Kernel Modules.
[    2.697103] systemd[1]: Mounted Mount unit for bare, revision 5.
[    2.697207] systemd[1]: Mounted Mount unit for gnome-3-34-1804, revision 24.
[    2.701496] systemd[1]: Mounting FUSE Control File System...
[    2.707938] systemd[1]: Mounting Kernel Configuration File System...
[    2.722723] systemd[1]: Starting Apply Kernel Variables...
[    2.729037] systemd[1]: Started udev Kernel Device Manager.
[    2.729163] systemd[1]: Mounted FUSE Control File System.
[    2.729224] systemd[1]: Condition check resulted in VMware vmblock fuse mount being skipped.
[    2.745540] systemd[1]: Starting Show Plymouth Boot Screen...
[    2.751299] systemd[1]: Mounted Mount unit for core18, revision 1705.
[    2.751471] systemd[1]: Mounted Mount unit for gtk-common-themes, revision 1506.
[    2.751576] systemd[1]: Mounted Kernel Configuration File System.
[    2.775050] systemd[1]: Finished Apply Kernel Variables.
[    2.776624] systemd[1]: Mounted Mount unit for gtk-common-themes, revision 1535.
[    2.779763] systemd[1]: Mounted Mount unit for snap-store, revision 433.
[    2.779899] systemd[1]: Mounted Mount unit for snapd, revision 7264.
[    2.780660] systemd[1]: Received SIGRTMIN+20 from PID 281 (plymouthd).
[    2.780781] systemd[1]: Reached target Local File Systems.
[    2.785466] systemd[1]: Starting Load AppArmor profiles...
[    2.791614] systemd[1]: Starting Set console font and keymap...
[    2.817178] systemd[1]: Starting Tell Plymouth To Write Out Runtime Data...
[    2.817676] systemd[1]: Condition check resulted in Store a System Token in an EFI Variable being skipped.
[    2.817743] systemd[1]: Condition check resulted in Commit a transient machine-id on disk being skipped.
[    2.817989] systemd[1]: Started Show Plymouth Boot Screen.
[    2.820663] systemd[1]: Finished Set console font and keymap.
[    2.820889] systemd[1]: Condition check resulted in Dispatch Password Requests to Console Directory Watch being skipped.
[    2.820979] systemd[1]: Started Forward Password Requests to Plymouth Directory Watch.
[    2.821052] systemd[1]: Reached target Local Encrypted Volumes.
[    2.842145] systemd[1]: Received SIGRTMIN+20 from PID 281 (plymouthd).
[    2.842858] systemd[1]: plymouth-read-write.service: Succeeded.
[    2.843125] systemd[1]: Finished Tell Plymouth To Write Out Runtime Data.
[    2.856926] audit: type=1400 audit(1768909968.696:2): apparmor="STATUS" operation="profile_load" profile="unconfined" name="nvidia_modprobe" pid=299 comm="apparmor_parser"
[    2.856928] audit: type=1400 audit(1768909968.696:3): apparmor="STATUS" operation="profile_load" profile="unconfined" name="nvidia_modprobe//kmod" pid=299 comm="apparmor_parser"
[    2.863335] audit: type=1400 audit(1768909968.700:4): apparmor="STATUS" operation="profile_load" profile="unconfined" name="/usr/sbin/tcpdump" pid=300 comm="apparmor_parser"
[    2.908843] audit: type=1400 audit(1768909968.740:5): apparmor="STATUS" operation="profile_load" profile="unconfined" name="/usr/bin/evince" pid=302 comm="apparmor_parser"
[    2.908845] audit: type=1400 audit(1768909968.740:6): apparmor="STATUS" operation="profile_load" profile="unconfined" name="/usr/bin/evince//sanitized_helper" pid=302 comm="apparmor_parser"
[    2.908847] audit: type=1400 audit(1768909968.740:7): apparmor="STATUS" operation="profile_load" profile="unconfined" name="/usr/bin/evince-previewer" pid=302 comm="apparmor_parser"
[    2.908849] audit: type=1400 audit(1768909968.740:8): apparmor="STATUS" operation="profile_load" profile="unconfined" name="/usr/bin/evince-previewer//sanitized_helper" pid=302 comm="apparmor_parser"
[    2.908851] audit: type=1400 audit(1768909968.740:9): apparmor="STATUS" operation="profile_load" profile="unconfined" name="/usr/bin/evince-thumbnailer" pid=302 comm="apparmor_parser"
[    2.925802] audit: type=1400 audit(1768909968.764:10): apparmor="STATUS" operation="profile_load" profile="unconfined" name="/usr/lib/cups/backend/cups-pdf" pid=303 comm="apparmor_parser"
[    3.003801] systemd[1]: Finished Load AppArmor profiles.
[    3.004960] systemd[1]: Starting Load AppArmor profiles managed internally by snapd...
[    3.085994] systemd[1]: Finished Load AppArmor profiles managed internally by snapd.
[    3.265419] systemd[1]: Started Journal Service.
[    3.275137] systemd-journald[228]: Received client request to flush runtime journal.
[    3.280476] systemd-journald[228]: File /var/log/journal/c455b248004a419c87ce85eea238d727/system.journal corrupted or uncleanly shut down, renaming and replacing.
[    4.692532] RAPL PMU: API unit is 2^-32 Joules, 0 fixed counters, 10737418240 ms ovfl timer
[    4.750312] cryptd: max_cpu_qlen set to 1000
[    4.800215] AVX2 version of gcm_enc/dec engaged.
[    4.800217] AES CTR mode by8 optimization enabled
[    5.614557] Adding 1998844k swap on /dev/sda1.  Priority:-2 extents:1 across:1998844k FS
[    7.068276] kauditd_printk_skb: 30 callbacks suppressed
[    7.068278] audit: type=1400 audit(1768909972.900:41): apparmor="DENIED" operation="capable" profile="/usr/sbin/cups-browsed" pid=499 comm="cups-browsed" capability=23  capname="sys_nice"
[    7.851706] pcnet32 0000:00:03.0 enp0s3: link up, 100Mbps, full-duplex
[    7.890869] e1000: enp0s8 NIC Link is Up 1000 Mbps Full Duplex, Flow Control: RX
[    7.893374] IPv6: ADDRCONF(NETDEV_CHANGE): enp0s8: link becomes ready
[    7.901162] e1000: enp0s9 NIC Link is Up 1000 Mbps Full Duplex, Flow Control: RX
[    7.901456] IPv6: ADDRCONF(NETDEV_CHANGE): enp0s9: link becomes ready
[    8.450528] device enp0s3 entered promiscuous mode
[    8.475440] audit: type=1400 audit(1768909974.308:42): apparmor="DENIED" operation="open" profile="/usr/sbin/tcpdump" name="/proc/sys/kernel/random/boot_id" pid=674 comm="tcpdump" requested_mask="r" denied_mask="r" fsuid=0 ouid=0
[    8.477334] audit: type=1400 audit(1768909974.308:43): apparmor="DENIED" operation="open" profile="/usr/sbin/tcpdump" name="/proc/sys/kernel/random/boot_id" pid=674 comm="tcpdump" requested_mask="r" denied_mask="r" fsuid=0 ouid=0
[    8.477427] audit: type=1400 audit(1768909974.308:44): apparmor="DENIED" operation="open" profile="/usr/sbin/tcpdump" name="/proc/sys/kernel/random/boot_id" pid=674 comm="tcpdump" requested_mask="r" denied_mask="r" fsuid=0 ouid=0
[    8.477520] audit: type=1400 audit(1768909974.308:45): apparmor="DENIED" operation="open" profile="/usr/sbin/tcpdump" name="/proc/sys/kernel/random/boot_id" pid=674 comm="tcpdump" requested_mask="r" denied_mask="r" fsuid=0 ouid=0
[    8.482224] audit: type=1400 audit(1768909974.316:46): apparmor="DENIED" operation="open" profile="/usr/sbin/tcpdump" name="/proc/sys/kernel/random/boot_id" pid=675 comm="tcpdump" requested_mask="r" denied_mask="r" fsuid=0 ouid=0
[    8.482301] audit: type=1400 audit(1768909974.316:47): apparmor="DENIED" operation="open" profile="/usr/sbin/tcpdump" name="/proc/sys/kernel/random/boot_id" pid=675 comm="tcpdump" requested_mask="r" denied_mask="r" fsuid=0 ouid=0
[    8.482337] audit: type=1400 audit(1768909974.316:48): apparmor="DENIED" operation="open" profile="/usr/sbin/tcpdump" name="/proc/sys/kernel/random/boot_id" pid=675 comm="tcpdump" requested_mask="r" denied_mask="r" fsuid=0 ouid=0
[    8.482549] audit: type=1400 audit(1768909974.316:49): apparmor="DENIED" operation="open" profile="/usr/sbin/tcpdump" name="/proc/sys/kernel/random/boot_id" pid=675 comm="tcpdump" requested_mask="r" denied_mask="r" fsuid=0 ouid=0
[   13.025981] rfkill: input handler disabled
[  422.672915] rfkill: input handler enabled
[  432.698256] rfkill: input handler disabled
[  605.910961] device enp0s3 left promiscuous mode
