[    0.000000] Linux version 5.4.243-tcp (root@ztg) (gcc version 12.2.0 (Debian 12.2.0-14)) #1 SMP Fri Apr 12 08:27:09 CST 2024
[    0.000000] Command line: BOOT_IMAGE=/boot/vmlinuz-5.4.243-tcp root=UUID=98415a12-53b7-4144-8265-0f7ece09e445 ro quiet splash
[    0.000000] KERNEL supported cpus:
[    0.000000]   Intel GenuineIntel
[    0.000000]   AMD AuthenticAMD
[    0.000000]   Hygon HygonGenuine
[    0.000000]   Centaur CentaurHauls
[    0.000000]   zhaoxin   Shanghai  
[    0.000000] x86/fpu: Supporting XSAVE feature 0x001: 'x87 floating point registers'
[    0.000000] x86/fpu: Supporting XSAVE feature 0x002: 'SSE registers'
[    0.000000] x86/fpu: Supporting XSAVE feature 0x004: 'AVX registers'
[    0.000000] x86/fpu: xstate_offset[2]:  576, xstate_sizes[2]:  256
[    0.000000] x86/fpu: Enabled xstate features 0x7, context size is 832 bytes, using 'standard' format.
[    0.000000] BIOS-provided physical RAM map:
[    0.000000] BIOS-e820: [mem 0x0000000000000000-0x000000000009fbff] usable
[    0.000000] BIOS-e820: [mem 0x000000000009fc00-0x000000000009ffff] reserved
[    0.000000] BIOS-e820: [mem 0x00000000000f0000-0x00000000000fffff] reserved
[    0.000000] BIOS-e820: [mem 0x0000000000100000-0x000000007ffeffff] usable
[    0.000000] BIOS-e820: [mem 0x000000007fff0000-0x000000007fffffff] ACPI data
[    0.000000] BIOS-e820: [mem 0x00000000fec00000-0x00000000fec00fff] reserved
[    0.000000] BIOS-e820: [mem 0x00000000fee00000-0x00000000fee00fff] reserved
[    0.000000] BIOS-e820: [mem 0x00000000fffc0000-0x00000000ffffffff] reserved
[    0.000000] NX (Execute Disable) protection: active
[    0.000000] SMBIOS 2.5 present.
[    0.000000] DMI: innotek GmbH VirtualBox/VirtualBox, BIOS VirtualBox 12/01/2006
[    0.000000] Hypervisor detected: KVM
[    0.000000] kvm-clock: Using msrs 4b564d01 and 4b564d00
[    0.000000] kvm-clock: cpu 0, msr 76a01001, primary cpu clock
[    0.000000] kvm-clock: using sched offset of 4442287821 cycles
[    0.000003] clocksource: kvm-clock: mask: 0xffffffffffffffff max_cycles: 0x1cd42e4dffb, max_idle_ns: 881590591483 ns
[    0.000005] tsc: Detected 2100.000 MHz processor
[    0.001885] e820: update [mem 0x00000000-0x00000fff] usable ==> reserved
[    0.001887] e820: remove [mem 0x000a0000-0x000fffff] usable
[    0.001891] last_pfn = 0x7fff0 max_arch_pfn = 0x400000000
[    0.001959] MTRR default type: uncachable
[    0.001960] MTRR fixed ranges enabled:
[    0.001961]   00000-9FFFF write-back
[    0.001962]   A0000-BFFFF uncachable
[    0.001963]   C0000-FFFFF write-protect
[    0.001963] MTRR variable ranges enabled:
[    0.001965]   0 base 000000000000 mask 3FFF80000000 write-back
[    0.001965]   1 disabled
[    0.001966]   2 disabled
[    0.001966]   3 disabled
[    0.001967]   4 disabled
[    0.001967]   5 disabled
[    0.001967]   6 disabled
[    0.001968]   7 disabled
[    0.001968]   8 disabled
[    0.001969]   9 disabled
[    0.001969]   10 disabled
[    0.001970]   11 disabled
[    0.001970]   12 disabled
[    0.001971]   13 disabled
[    0.001971]   14 disabled
[    0.001971]   15 disabled
[    0.001987] x86/PAT: Configuration [0-7]: WB  WC  UC- UC  WB  WP  UC- WT  
[    0.002120] found SMP MP-table at [mem 0x0009fff0-0x0009ffff]
[    0.094090] check: Scanning 1 areas for low memory corruption
[    0.094233] RAMDISK: [mem 0x32275000-0x35131fff]
[    0.094242] ACPI: Early table checksum verification disabled
[    0.094248] ACPI: RSDP 0x00000000000E0000 000024 (v02 VBOX  )
[    0.094253] ACPI: XSDT 0x000000007FFF0030 00003C (v01 VBOX   VBOXXSDT 00000001 ASL  00000061)
[    0.094260] ACPI: FACP 0x000000007FFF00F0 0000F4 (v04 VBOX   VBOXFACP 00000001 ASL  00000061)
[    0.094266] ACPI: DSDT 0x000000007FFF02E0 002353 (v02 VBOX   VBOXBIOS 00000002 VBOX 00029BF3)
[    0.094270] ACPI: FACS 0x000000007FFF0200 000040
[    0.094273] ACPI: FACS 0x000000007FFF0200 000040
[    0.094276] ACPI: APIC 0x000000007FFF0240 000054 (v02 VBOX   VBOXAPIC 00000001 ASL  00000061)
[    0.094279] ACPI: SSDT 0x000000007FFF02A0 000038 (v01 VBOX   VBOXCPUT 00000002 VBOX 00029BF3)
[    0.094283] ACPI: Reserving FACP table memory at [mem 0x7fff00f0-0x7fff01e3]
[    0.094284] ACPI: Reserving DSDT table memory at [mem 0x7fff02e0-0x7fff2632]
[    0.094284] ACPI: Reserving FACS table memory at [mem 0x7fff0200-0x7fff023f]
[    0.094285] ACPI: Reserving FACS table memory at [mem 0x7fff0200-0x7fff023f]
[    0.094286] ACPI: Reserving APIC table memory at [mem 0x7fff0240-0x7fff0293]
[    0.094286] ACPI: Reserving SSDT table memory at [mem 0x7fff02a0-0x7fff02d7]
[    0.094300] ACPI: Local APIC address 0xfee00000
[    0.094488] No NUMA configuration found
[    0.094489] Faking a node at [mem 0x0000000000000000-0x000000007ffeffff]
[    0.094500] NODE_DATA(0) allocated [mem 0x7ffc5000-0x7ffeffff]
[    0.094760] Zone ranges:
[    0.094761]   DMA      [mem 0x0000000000001000-0x0000000000ffffff]
[    0.094762]   DMA32    [mem 0x0000000001000000-0x000000007ffeffff]
[    0.094763]   Normal   empty
[    0.094764]   Device   empty
[    0.094764] Movable zone start for each node
[    0.094766] Early memory node ranges
[    0.094767]   node   0: [mem 0x0000000000001000-0x000000000009efff]
[    0.094768]   node   0: [mem 0x0000000000100000-0x000000007ffeffff]
[    0.094771] Zeroed struct page in unavailable ranges: 114 pages
[    0.094772] Initmem setup node 0 [mem 0x0000000000001000-0x000000007ffeffff]
[    0.094773] On node 0 totalpages: 524174
[    0.094775]   DMA zone: 64 pages used for memmap
[    0.094775]   DMA zone: 21 pages reserved
[    0.094776]   DMA zone: 3998 pages, LIFO batch:0
[    0.094847]   DMA32 zone: 8128 pages used for memmap
[    0.094847]   DMA32 zone: 520176 pages, LIFO batch:63
[    0.103869] ACPI: PM-Timer IO Port: 0x4008
[    0.103873] ACPI: Local APIC address 0xfee00000
[    0.103943] IOAPIC[0]: apic_id 1, version 32, address 0xfec00000, GSI 0-23
[    0.103947] ACPI: INT_SRC_OVR (bus 0 bus_irq 0 global_irq 2 dfl dfl)
[    0.103948] ACPI: INT_SRC_OVR (bus 0 bus_irq 9 global_irq 9 low level)
[    0.103951] ACPI: IRQ0 used by override.
[    0.103952] ACPI: IRQ9 used by override.
[    0.103954] Using ACPI (MADT) for SMP configuration information
[    0.103961] smpboot: Allowing 1 CPUs, 0 hotplug CPUs
[    0.103984] PM: Registered nosave memory: [mem 0x00000000-0x00000fff]
[    0.103985] PM: Registered nosave memory: [mem 0x0009f000-0x0009ffff]
[    0.103985] PM: Registered nosave memory: [mem 0x000a0000-0x000effff]
[    0.103986] PM: Registered nosave memory: [mem 0x000f0000-0x000fffff]
[    0.103988] [mem 0x80000000-0xfebfffff] available for PCI devices
[    0.103989] Booting paravirtualized kernel on KVM
[    0.103992] clocksource: refined-jiffies: mask: 0xffffffff max_cycles: 0xffffffff, max_idle_ns: 7645519600211568 ns
[    0.103996] setup_percpu: NR_CPUS:8192 nr_cpumask_bits:1 nr_cpu_ids:1 nr_node_ids:1
[    0.105034] percpu: Embedded 60 pages/cpu s208896 r8192 d28672 u2097152
[    0.105039] pcpu-alloc: s208896 r8192 d28672 u2097152 alloc=1*2097152
[    0.105040] pcpu-alloc: [0] 0 
[    0.105067] Built 1 zonelists, mobility grouping on.  Total pages: 515961
[    0.105067] Policy zone: DMA32
[    0.105069] Kernel command line: BOOT_IMAGE=/boot/vmlinuz-5.4.243-tcp root=UUID=98415a12-53b7-4144-8265-0f7ece09e445 ro quiet splash
[    0.105931] Dentry cache hash table entries: 262144 (order: 9, 2097152 bytes, linear)
[    0.106079] Inode-cache hash table entries: 131072 (order: 8, 1048576 bytes, linear)
[    0.106130] mem auto-init: stack:off, heap alloc:on, heap free:off
[    0.106133] Calgary: detecting Calgary via BIOS EBDA area
[    0.106134] Calgary: Unable to locate Rio Grande table in EBDA - bailing!
[    0.110463] Memory: 1967340K/2096696K available (14339K kernel code, 2392K rwdata, 4692K rodata, 2720K init, 17272K bss, 129356K reserved, 0K cma-reserved)
[    0.111402] SLUB: HWalign=64, Order=0-3, MinObjects=0, CPUs=1, Nodes=1
[    0.111419] ftrace: allocating 42894 entries in 168 pages
[    0.129397] rcu: Hierarchical RCU implementation.
[    0.129399] rcu: 	RCU restricting CPUs from NR_CPUS=8192 to nr_cpu_ids=1.
[    0.129400] 	Tasks RCU enabled.
[    0.129401] rcu: RCU calculated value of scheduler-enlistment delay is 25 jiffies.
[    0.129402] rcu: Adjusting geometry for rcu_fanout_leaf=16, nr_cpu_ids=1
[    0.132373] NR_IRQS: 524544, nr_irqs: 256, preallocated irqs: 16
[    0.132591] random: crng init done
[    0.141840] Console: colour VGA+ 80x25
[    0.141844] printk: console [tty0] enabled
[    0.141865] ACPI: Core revision 20190816
[    0.141969] APIC: Switch to symmetric I/O mode setup
[    0.142221] x2apic enabled
[    0.142456] Switched APIC routing to physical x2apic.
[    0.143587] ..TIMER: vector=0x30 apic1=0 pin1=2 apic2=-1 pin2=-1
[    0.143611] clocksource: tsc-early: mask: 0xffffffffffffffff max_cycles: 0x1e4530a99b6, max_idle_ns: 440795257976 ns
[    0.143617] Calibrating delay loop (skipped) preset value.. 4200.00 BogoMIPS (lpj=8400000)
[    0.143619] pid_max: default: 32768 minimum: 301
[    0.143648] LSM: Security Framework initializing
[    0.143657] Yama: becoming mindful.
[    0.143683] AppArmor: AppArmor initialized
[    0.143716] Mount-cache hash table entries: 4096 (order: 3, 32768 bytes, linear)
[    0.143721] Mountpoint-cache hash table entries: 4096 (order: 3, 32768 bytes, linear)
[    0.143731] *** VALIDATE tmpfs ***
[    0.143861] *** VALIDATE proc ***
[    0.143902] *** VALIDATE cgroup1 ***
[    0.143903] *** VALIDATE cgroup2 ***
[    0.144057] process: using mwait in idle threads
[    0.144062] Last level iTLB entries: 4KB 64, 2MB 8, 4MB 8
[    0.144062] Last level dTLB entries: 4KB 64, 2MB 0, 4MB 0, 1GB 4
[    0.144082] Spectre V1 : Mitigation: usercopy/swapgs barriers and __user pointer sanitization
[    0.144087] Spectre V2 : Mitigation: Retpolines
[    0.144088] Spectre V2 : Spectre v2 / SpectreRSB mitigation: Filling RSB on context switch
[    0.144088] Spectre V2 : Spectre v2 / SpectreRSB : Filling RSB on VMEXIT
[    0.144089] RETBleed: WARNING: Spectre v2 mitigation leaves CPU vulnerable to RETBleed attacks, data leaks possible!
[    0.144444] RETBleed: Vulnerable
[    0.144445] Speculative Store Bypass: Vulnerable
[    0.144450] TAA: Mitigation: TSX disabled
[    0.144450] MMIO Stale Data: Mitigation: Clear CPU buffers
[    0.148702] Freeing SMP alternatives memory: 40K
[    0.260838] smpboot: CPU0: Intel(R) Xeon(R) Silver 4216 CPU @ 2.10GHz (family: 0x6, model: 0x55, stepping: 0x7)
[    0.260987] Performance Events: unsupported p6 CPU model 85 no PMU driver, software events only.
[    0.261023] rcu: Hierarchical SRCU implementation.
[    0.261516] NMI watchdog: Perf NMI watchdog permanently disabled
[    0.261556] smp: Bringing up secondary CPUs ...
[    0.261557] smp: Brought up 1 node, 1 CPU
[    0.261558] smpboot: Max logical packages: 1
[    0.261559] smpboot: Total of 1 processors activated (4200.00 BogoMIPS)
[    0.262512] devtmpfs: initialized
[    0.262561] x86/mm: Memory block size: 128MB
[    0.262912] clocksource: jiffies: mask: 0xffffffff max_cycles: 0xffffffff, max_idle_ns: 7645041785100000 ns
[    0.262917] futex hash table entries: 256 (order: 2, 16384 bytes, linear)
[    0.262960] pinctrl core: initialized pinctrl subsystem
[    0.263060] PM: RTC time: 16:33:50, date: 2026-01-20
[    0.263169] NET: Registered protocol family 16
[    0.263243] audit: initializing netlink subsys (disabled)
[    0.263370] EISA bus registered
[    0.263371] cpuidle: using governor ladder
[    0.263372] cpuidle: using governor menu
[    0.263410] ACPI: bus type PCI registered
[    0.263411] acpiphp: ACPI Hot Plug PCI Controller Driver version: 0.5
[    0.263514] PCI: Using configuration type 1 for base access
[    0.263852] audit: type=2000 audit(1768898037.234:1): state=initialized audit_enabled=0 res=1
[    0.263934] HugeTLB registered 2.00 MiB page size, pre-allocated 0 pages
[    0.264776] ACPI: Added _OSI(Module Device)
[    0.264777] ACPI: Added _OSI(Processor Device)
[    0.264777] ACPI: Added _OSI(3.0 _SCP Extensions)
[    0.264778] ACPI: Added _OSI(Processor Aggregator Device)
[    0.264779] ACPI: Added _OSI(Linux-Dell-Video)
[    0.264780] ACPI: Added _OSI(Linux-Lenovo-NV-HDMI-Audio)
[    0.264781] ACPI: Added _OSI(Linux-HPI-Hybrid-Graphics)
[    0.266726] ACPI: 2 ACPI AML tables successfully acquired and loaded
[    0.268245] ACPI: Interpreter enabled
[    0.268255] ACPI: (supports S0 S5)
[    0.268256] ACPI: Using IOAPIC for interrupt routing
[    0.268462] PCI: Using host bridge windows from ACPI; if necessary, use "pci=nocrs" and report a bug
[    0.268570] ACPI: Enabled 2 GPEs in block 00 to 07
[    0.273367] ACPI: PCI Root Bridge [PCI0] (domain 0000 [bus 00-ff])
[    0.273371] acpi PNP0A03:00: _OSC: OS supports [ASPM ClockPM Segments MSI HPX-Type3]
[    0.273811] acpi PNP0A03:00: _OSC: not requesting OS control; OS requires [ExtendedConfig ASPM ClockPM MSI]
[    0.273819] acpi PNP0A03:00: fail to add MMCONFIG information, can't access extended PCI configuration space under this bridge.
[    0.274190] PCI host bridge to bus 0000:00
[    0.274193] pci_bus 0000:00: root bus resource [io  0x0000-0x0cf7 window]
[    0.274194] pci_bus 0000:00: root bus resource [io  0x0d00-0xffff window]
[    0.274195] pci_bus 0000:00: root bus resource [mem 0x000a0000-0x000bffff window]
[    0.274196] pci_bus 0000:00: root bus resource [mem 0x80000000-0xfdffffff window]
[    0.274198] pci_bus 0000:00: root bus resource [bus 00-ff]
[    0.274236] pci 0000:00:00.0: [8086:1237] type 00 class 0x060000
[    0.275163] pci 0000:00:01.0: [8086:7000] type 00 class 0x060100
[    0.276090] pci 0000:00:01.1: [8086:7111] type 00 class 0x01018a
[    0.276470] pci 0000:00:01.1: reg 0x20: [io  0xd000-0xd00f]
[    0.276626] pci 0000:00:01.1: legacy IDE quirk: reg 0x10: [io  0x01f0-0x01f7]
[    0.276627] pci 0000:00:01.1: legacy IDE quirk: reg 0x14: [io  0x03f6]
[    0.276628] pci 0000:00:01.1: legacy IDE quirk: reg 0x18: [io  0x0170-0x0177]
[    0.276629] pci 0000:00:01.1: legacy IDE quirk: reg 0x1c: [io  0x0376]
[    0.277165] pci 0000:00:02.0: [15ad:0405] type 00 class 0x030000
[    0.279690] pci 0000:00:02.0: reg 0x10: [io  0xd010-0xd01f]
[    0.282504] pci 0000:00:02.0: reg 0x14: [mem 0xe0000000-0xe7ffffff pref]
[    0.286326] pci 0000:00:02.0: reg 0x18: [mem 0xf0000000-0xf01fffff]
[    0.296430] pci 0000:00:03.0: [1022:2000] type 00 class 0x020000
[    0.297215] pci 0000:00:03.0: reg 0x10: [io  0xd020-0xd03f]
[    0.297891] pci 0000:00:03.0: reg 0x14: [mem 0xf0200000-0xf0200fff]
[    0.302748] pci 0000:00:04.0: [80ee:cafe] type 00 class 0x088000
[    0.303434] pci 0000:00:04.0: reg 0x10: [io  0xd040-0xd05f]
[    0.303730] pci 0000:00:04.0: reg 0x14: [mem 0xf0400000-0xf07fffff]
[    0.304360] pci 0000:00:04.0: reg 0x18: [mem 0xf0800000-0xf0803fff pref]
[    0.307657] pci 0000:00:07.0: [8086:7113] type 00 class 0x068000
[    0.308226] pci 0000:00:07.0: quirk: [io  0x4000-0x403f] claimed by PIIX4 ACPI
[    0.308238] pci 0000:00:07.0: quirk: [io  0x4100-0x410f] claimed by PIIX4 SMB
[    0.308853] pci 0000:00:08.0: [8086:100e] type 00 class 0x020000
[    0.309576] pci 0000:00:08.0: reg 0x10: [mem 0xf0820000-0xf083ffff]
[    0.310749] pci 0000:00:08.0: reg 0x18: [io  0xd060-0xd067]
[    0.314848] pci 0000:00:09.0: [8086:100e] type 00 class 0x020000
[    0.315552] pci 0000:00:09.0: reg 0x10: [mem 0xf0840000-0xf085ffff]
[    0.316299] pci 0000:00:09.0: reg 0x18: [io  0xd068-0xd06f]
[    0.324747] ACPI: PCI Interrupt Link [LNKA] (IRQs 5 9 10 *11)
[    0.327870] ACPI: PCI Interrupt Link [LNKB] (IRQs 5 9 *10 11)
[    0.327975] ACPI: PCI Interrupt Link [LNKC] (IRQs 5 *9 10 11)
[    0.328073] ACPI: PCI Interrupt Link [LNKD] (IRQs 5 9 10 *11)
[    0.328349] iommu: Default domain type: Translated 
[    0.328413] pci 0000:00:02.0: vgaarb: setting as boot VGA device
[    0.328415] pci 0000:00:02.0: vgaarb: VGA device added: decodes=io+mem,owns=io+mem,locks=none
[    0.328417] pci 0000:00:02.0: vgaarb: bridge control possible
[    0.328418] vgaarb: loaded
[    0.328630] SCSI subsystem initialized
[    0.328662] libata version 3.00 loaded.
[    0.328687] ACPI: bus type USB registered
[    0.328701] usbcore: registered new interface driver usbfs
[    0.328707] usbcore: registered new interface driver hub
[    0.328711] usbcore: registered new device driver usb
[    0.328740] pps_core: LinuxPPS API ver. 1 registered
[    0.328741] pps_core: Software ver. 5.3.6 - Copyright 2005-2007 Rodolfo Giometti <giometti@linux.it>
[    0.328743] PTP clock support registered
[    0.328779] EDAC MC: Ver: 3.0.0
[    0.329071] PCI: Using ACPI for IRQ routing
[    0.329073] PCI: pci_cache_line_size set to 64 bytes
[    0.329241] e820: reserve RAM buffer [mem 0x0009fc00-0x0009ffff]
[    0.329245] e820: reserve RAM buffer [mem 0x7fff0000-0x7fffffff]
[    0.329373] NetLabel: Initializing
[    0.329373] NetLabel:  domain hash size = 128
[    0.329374] NetLabel:  protocols = UNLABELED CIPSOv4 CALIPSO
[    0.329393] NetLabel:  unlabeled traffic allowed by default
[    0.330968] clocksource: Switched to clocksource kvm-clock
[    0.342144] *** VALIDATE bpf ***
[    0.342209] VFS: Disk quotas dquot_6.6.0
[    0.342222] VFS: Dquot-cache hash table entries: 512 (order 0, 4096 bytes)
[    0.342244] *** VALIDATE ramfs ***
[    0.342247] *** VALIDATE hugetlbfs ***
[    0.342331] AppArmor: AppArmor Filesystem Enabled
[    0.342357] pnp: PnP ACPI init
[    0.342428] pnp 00:00: Plug and Play ACPI device, IDs PNP0303 (active)
[    0.342497] pnp 00:01: Plug and Play ACPI device, IDs PNP0f03 (active)
[    0.343254] pnp: PnP ACPI: found 2 devices
[    0.344237] thermal_sys: Registered thermal governor 'fair_share'
[    0.344238] thermal_sys: Registered thermal governor 'bang_bang'
[    0.344239] thermal_sys: Registered thermal governor 'step_wise'
[    0.344239] thermal_sys: Registered thermal governor 'user_space'
[    0.344240] thermal_sys: Registered thermal governor 'power_allocator'
[    0.348775] clocksource: acpi_pm: mask: 0xffffff max_cycles: 0xffffff, max_idle_ns: 2085701024 ns
[    0.348816] pci_bus 0000:00: resource 4 [io  0x0000-0x0cf7 window]
[    0.348817] pci_bus 0000:00: resource 5 [io  0x0d00-0xffff window]
[    0.348818] pci_bus 0000:00: resource 6 [mem 0x000a0000-0x000bffff window]
[    0.348820] pci_bus 0000:00: resource 7 [mem 0x80000000-0xfdffffff window]
[    0.348878] NET: Registered protocol family 2
[    0.348955] IP idents hash table entries: 32768 (order: 6, 262144 bytes, linear)
[    0.349329] tcp_listen_portaddr_hash hash table entries: 1024 (order: 2, 16384 bytes, linear)
[    0.349409] TCP established hash table entries: 16384 (order: 5, 131072 bytes, linear)
[    0.349475] TCP bind hash table entries: 16384 (order: 6, 262144 bytes, linear)
[    0.349501] TCP: Hash tables configured (established 16384 bind 16384)
[    0.349556] UDP hash table entries: 1024 (order: 3, 32768 bytes, linear)
[    0.349567] UDP-Lite hash table entries: 1024 (order: 3, 32768 bytes, linear)
[    0.349597] NET: Registered protocol family 1
[    0.349605] NET: Registered protocol family 44
[    0.349632] pci 0000:00:00.0: Limiting direct PCI/PCI transfers
[    0.349647] pci 0000:00:01.0: Activating ISA DMA hang workarounds
[    0.349702] pci 0000:00:02.0: Video device with shadowed ROM at [mem 0x000c0000-0x000dffff]
[    0.349766] PCI: CLS 0 bytes, default 64
[    0.349817] Trying to unpack rootfs image as initramfs...
[    0.523398] Freeing initrd memory: 47860K
[    0.523398] clocksource: tsc: mask: 0xffffffffffffffff max_cycles: 0x1e4530a99b6, max_idle_ns: 440795257976 ns
[    0.523398] clocksource: Switched to clocksource tsc
[    0.523398] platform rtc_cmos: registered platform RTC device (no PNP device found)
[    0.523398] check: Scanning for low memory corruption every 60 seconds
[    0.523398] Initialise system trusted keyrings
[    0.523398] Key type blacklist registered
[    0.523398] workingset: timestamp_bits=36 max_order=19 bucket_order=0
[    0.523398] zbud: loaded
[    0.523398] squashfs: version 4.0 (2009/01/31) Phillip Lougher
[    0.523398] fuse: init (API version 7.31)
[    0.523398] *** VALIDATE fuse ***
[    0.523398] *** VALIDATE fuse ***
[    0.523398] Platform Keyring initialized
[    0.523398] Key type asymmetric registered
[    0.523398] Asymmetric key parser 'x509' registered
[    0.523398] Block layer SCSI generic (bsg) driver version 0.4 loaded (major 244)
[    0.523398] io scheduler mq-deadline registered
[    0.523398] shpchp: Standard Hot Plug PCI Controller Driver version: 0.4
[    0.537307] ACPI: AC Adapter [AC] (on-line)
[    0.537357] input: Power Button as /devices/LNXSYSTM:00/LNXPWRBN:00/input/input0
[    0.537383] ACPI: Power Button [PWRF]
[    0.537470] input: Sleep Button as /devices/LNXSYSTM:00/LNXSLPBN:00/input/input1
[    0.537483] ACPI: Sleep Button [SLPF]
[    0.537730] Serial: 8250/16550 driver, 32 ports, IRQ sharing enabled
[    0.538899] Linux agpgart interface v0.103
[    0.627070] loop: module loaded
[    0.627246] ata_piix 0000:00:01.1: version 2.13
[    0.627742] scsi host0: ata_piix
[    0.627849] scsi host1: ata_piix
[    0.627884] ata1: PATA max UDMA/33 cmd 0x1f0 ctl 0x3f6 bmdma 0xd000 irq 14
[    0.627885] ata2: PATA max UDMA/33 cmd 0x170 ctl 0x376 bmdma 0xd008 irq 15
[    0.627978] tun: Universal TUN/TAP device driver, 1.6
[    0.628324] PPP generic driver version 2.4.2
[    0.628377] VFIO - User Level meta-driver version: 0.3
[    0.628656] ehci_hcd: USB 2.0 'Enhanced' Host Controller (EHCI) Driver
[    0.628664] ehci-pci: EHCI PCI platform driver
[    0.628680] ehci-platform: EHCI generic platform driver
[    0.628686] ohci_hcd: USB 1.1 'Open' Host Controller (OHCI) Driver
[    0.628689] ohci-pci: OHCI PCI platform driver
[    0.628696] ohci-platform: OHCI generic platform driver
[    0.628701] uhci_hcd: USB Universal Host Controller Interface driver
[    0.628773] i8042: PNP: PS/2 Controller [PNP0303:PS2K,PNP0f03:PS2M] at 0x60,0x64 irq 1,12
[    0.629298] serio: i8042 KBD port at 0x60,0x64 irq 1
[    0.629302] serio: i8042 AUX port at 0x60,0x64 irq 12
[    0.629409] mousedev: PS/2 mouse device common for all mice
[    0.629723] input: AT Translated Set 2 keyboard as /devices/platform/i8042/serio0/input/input2
[    0.630192] rtc_cmos rtc_cmos: registered as rtc0
[    0.630208] rtc_cmos rtc_cmos: alarms up to one day, 114 bytes nvram
[    0.630214] i2c /dev entries driver
[    0.630268] device-mapper: uevent: version 1.0.3
[    0.630318] device-mapper: ioctl: 4.41.0-ioctl (2019-09-16) initialised: dm-devel@redhat.com
[    0.630338] platform eisa.0: Probing EISA bus 0
[    0.630340] platform eisa.0: EISA: Cannot allocate resource for mainboard
[    0.630341] platform eisa.0: Cannot allocate resource for EISA slot 1
[    0.630343] platform eisa.0: Cannot allocate resource for EISA slot 2
[    0.630344] platform eisa.0: Cannot allocate resource for EISA slot 3
[    0.630345] platform eisa.0: Cannot allocate resource for EISA slot 4
[    0.630346] platform eisa.0: Cannot allocate resource for EISA slot 5
[    0.630347] platform eisa.0: Cannot allocate resource for EISA slot 6
[    0.630348] platform eisa.0: Cannot allocate resource for EISA slot 7
[    0.630349] platform eisa.0: Cannot allocate resource for EISA slot 8
[    0.630351] platform eisa.0: EISA: Detected 0 cards
[    0.630354] intel_pstate: CPU model not supported
[    0.630364] ledtrig-cpu: registered to indicate activity on CPUs
[    0.630424] drop_monitor: Initializing network drop monitor service
[    0.630611] NET: Registered protocol family 10
[    0.635267] Segment Routing with IPv6
[    0.635267] NET: Registered protocol family 17
[    0.635267] Key type dns_resolver registered
[    0.635267] RAS: Correctable Errors collector initialized.
[    0.635267] IPI shorthand broadcast: enabled
[    0.635267] sched_clock: Marking stable (620234850, 11032240)->(633771194, -2504104)
[    0.637159] registered taskstats version 1
[    0.637173] Loading compiled-in X.509 certificates
[    0.637959] Loaded X.509 cert 'Build time autogenerated kernel key: 0a9e52cc6eb58eed9b63e328679db6d5d5216245'
[    0.637981] zswap: loaded using pool lzo/zbud
[    0.638047] Key type ._fscrypt registered
[    0.638048] Key type .fscrypt registered
[    0.643454] Key type big_key registered
[    0.646136] Key type encrypted registered
[    0.646139] AppArmor: AppArmor sha1 policy hashing enabled
[    0.646147] ima: No TPM chip found, activating TPM-bypass!
[    0.646151] ima: Allocated hash algorithm: sha1
[    0.646158] ima: No architecture policies found
[    0.646168] evm: Initialising EVM extended attributes:
[    0.646169] evm: security.selinux
[    0.646170] evm: security.SMACK64
[    0.646170] evm: security.SMACK64EXEC
[    0.646171] evm: security.SMACK64TRANSMUTE
[    0.646172] evm: security.SMACK64MMAP
[    0.646172] evm: security.apparmor
[    0.646172] evm: security.ima
[    0.646173] evm: security.capability
[    0.646174] evm: HMAC attrs: 0x1
[    0.646503] PM:   Magic number: 10:199:591
[    0.646647] rtc_cmos rtc_cmos: setting system clock to 2026-01-20T16:33:51 UTC (1768926831)
[    0.798919] ata1.00: ATA-6: VBOX HARDDISK, 1.0, max UDMA/133
[    0.798921] ata1.00: 209715200 sectors, multi 128: LBA 
[    0.799408] scsi 0:0:0:0: Direct-Access     ATA      VBOX HARDDISK    1.0  PQ: 0 ANSI: 5
[    0.799611] sd 0:0:0:0: [sda] 209715200 512-byte logical blocks: (107 GB/100 GiB)
[    0.799620] sd 0:0:0:0: [sda] Write Protect is off
[    0.799622] sd 0:0:0:0: [sda] Mode Sense: 00 3a 00 00
[    0.799636] sd 0:0:0:0: [sda] Write cache: enabled, read cache: enabled, doesn't support DPO or FUA
[    0.799857] sd 0:0:0:0: Attached scsi generic sg0 type 0
[    0.800289]  sda: sda1 sda2
[    0.811196] sd 0:0:0:0: [sda] Attached SCSI disk
[    0.813290] Freeing unused decrypted memory: 2040K
[    0.814069] Freeing unused kernel image memory: 2720K
[    0.814071] Write protecting the kernel read-only data: 22528k
[    0.814825] Freeing unused kernel image memory: 2036K
[    0.815267] Freeing unused kernel image memory: 1452K
[    0.830687] x86/mm: Checked W+X mappings: passed, no W+X pages found.
[    0.830690] Run /init as init process
[    0.935480] ACPI: Video Device [GFX0] (multi-head: yes  rom: no  post: no)
[    0.935553] input: Video Bus as /devices/LNXSYSTM:00/LNXSYBUS:00/PNP0A03:00/LNXVIDEO:00/input/input4
[    0.946952] pcnet32: pcnet32.c:v1.35 21.Apr.2008 tsbogend@alpha.franken.de
[    0.950762] piix4_smbus 0000:00:07.0: SMBus Host Controller at 0x4100, revision 0
[    0.953289] e1000: Intel(R) PRO/1000 Network Driver - version 7.3.21-k8-NAPI
[    0.953290] e1000: Copyright (c) 1999-2006 Intel Corporation.
[    0.955983] pcnet32: PCnet/FAST III 79C973 at 0xd020, 08:00:27:a0:50:75 assigned IRQ 19
[    0.956026] pcnet32: Found PHY 0022:561b at address 0
[    0.956328] pcnet32: eth0: registered as PCnet/FAST III 79C973
[    0.966216] pcnet32: 1 cards_found
[    1.024629] pcnet32 0000:00:03.0 enp0s3: renamed from eth0
[    1.168948] input: ImExPS/2 Generic Explorer Mouse as /devices/platform/i8042/serio1/input/input5
[    1.363318] e1000 0000:00:08.0 eth0: (PCI:33MHz:32-bit) 08:00:27:88:49:a2
[    1.363322] e1000 0000:00:08.0 eth0: Intel(R) PRO/1000 Network Connection
[    1.735272] e1000 0000:00:09.0 eth1: (PCI:33MHz:32-bit) 08:00:27:a0:a8:96
[    1.735275] e1000 0000:00:09.0 eth1: Intel(R) PRO/1000 Network Connection
[    1.736417] e1000 0000:00:09.0 enp0s9: renamed from eth1
[    1.738196] e1000 0000:00:08.0 enp0s8: renamed from eth0
[    1.886816] EXT4-fs (sda2): mounted filesystem with ordered data mode. Opts: (null)
[    1.976749] systemd[1]: Inserted module 'autofs4'
[    1.989330] systemd[1]: systemd 245.4-4ubuntu3 running in system mode. (+PAM +AUDIT +SELINUX +IMA +APPARMOR +SMACK +SYSVINIT +UTMP +LIBCRYPTSETUP +GCRYPT +GNUTLS +ACL +XZ +LZ4 +SECCOMP +BLKID +ELFUTILS +KMOD +IDN2 -IDN +PCRE2 default-hierarchy=hybrid)
[    1.989356] systemd[1]: Detected virtualization oracle.
[    1.989360] systemd[1]: Detected architecture x86-64.
[    1.990676] systemd[1]: Set hostname to <ztg>.
[    2.114889] systemd[1]: /lib/systemd/system/dbus.socket:5: ListenStream= references a path below legacy directory /var/run/, updating /var/run/dbus/system_bus_socket â†’ /run/dbus/system_bus_socket; please update the unit file accordingly.
[    2.167685] systemd[1]: Created slice system-modprobe.slice.
[    2.167875] systemd[1]: Created slice User and Session Slice.
[    2.167919] systemd[1]: Started Forward Password Requests to Wall Directory Watch.
[    2.168075] systemd[1]: Set up automount Arbitrary Executable File Formats File System Automount Point.
[    2.168108] systemd[1]: Reached target User and Group Name Lookups.
[    2.168116] systemd[1]: Reached target Remote File Systems.
[    2.168124] systemd[1]: Reached target Slices.
[    2.168676] systemd[1]: Listening on Syslog Socket.
[    2.168741] systemd[1]: Listening on fsck to fsckd communication Socket.
[    2.168779] systemd[1]: Listening on initctl Compatibility Named Pipe.
[    2.168913] systemd[1]: Listening on Journal Audit Socket.
[    2.168963] systemd[1]: Listening on Journal Socket (/dev/log).
[    2.169031] systemd[1]: Listening on Journal Socket.
[    2.169093] systemd[1]: Listening on udev Control Socket.
[    2.169131] systemd[1]: Listening on udev Kernel Socket.
[    2.169892] systemd[1]: Mounting Huge Pages File System...
[    2.170797] systemd[1]: Mounting POSIX Message Queue File System...
[    2.171713] systemd[1]: Mounting Kernel Debug File System...
[    2.172561] systemd[1]: Mounting Kernel Trace File System...
[    2.174446] systemd[1]: Starting Journal Service...
[    2.197551] systemd[1]: Starting Set the console keyboard layout...
[    2.205367] systemd[1]: Starting Create list of static device nodes for the current kernel...
[    2.207437] systemd[1]: Starting Load Kernel Module drm...
[    2.208522] systemd[1]: Condition check resulted in Set Up Additional Binary Formats being skipped.
[    2.208565] systemd[1]: Condition check resulted in File System Check on Root Device being skipped.
[    2.219888] systemd[1]: Starting Load Kernel Modules...
[    2.226766] systemd[1]: Starting Remount Root and Kernel File Systems...
[    2.233000] systemd[1]: Starting udev Coldplug all Devices...
[    2.246221] systemd[1]: Starting Uncomplicated firewall...
[    2.248613] systemd[1]: Mounted Huge Pages File System.
[    2.248697] systemd[1]: Mounted POSIX Message Queue File System.
[    2.248773] systemd[1]: Mounted Kernel Debug File System.
[    2.248848] systemd[1]: Mounted Kernel Trace File System.
[    2.250511] EXT4-fs (sda2): re-mounted. Opts: errors=remount-ro
[    2.288402] systemd[1]: Finished Create list of static device nodes for the current kernel.
[    2.289541] systemd[1]: modprobe@drm.service: Succeeded.
[    2.295780] systemd[1]: Finished Load Kernel Module drm.
[    2.296383] systemd[1]: Finished Remount Root and Kernel File Systems.
[    2.297511] systemd[1]: Finished Uncomplicated firewall.
[    2.314207] lp: driver loaded but no devices found
[    2.315479] systemd[1]: Condition check resulted in Rebuild Hardware Database being skipped.
[    2.315520] systemd[1]: Condition check resulted in Platform Persistent Storage Archival being skipped.
[    2.316206] systemd[1]: Starting Load/Save Random Seed...
[    2.322787] systemd[1]: Starting Create System Users...
[    2.331541] systemd[1]: Finished Load/Save Random Seed.
[    2.332603] ppdev: user-space parallel port driver
[    2.339926] systemd[1]: Finished Create System Users.
[    2.341414] systemd[1]: Starting Create Static Device Nodes in /dev...
[    2.370309] systemd[1]: Finished udev Coldplug all Devices.
[    2.380303] systemd[1]: Finished Create Static Device Nodes in /dev.
[    2.381180] systemd[1]: Starting udev Kernel Device Manager...
[    2.427807] [drm] DMA map mode: Caching DMA mappings.
[    2.427868] [drm] Capabilities:
[    2.427869] [drm]   Rect copy.
[    2.427869] [drm]   Cursor.
[    2.427869] [drm]   Cursor bypass.
[    2.427870] [drm]   Cursor bypass 2.
[    2.427870] [drm]   Alpha cursor.
[    2.427871] [drm]   Extended Fifo.
[    2.427871] [drm]   Pitchlock.
[    2.427871] [drm]   Irq mask.
[    2.427872] [drm]   GMR.
[    2.427872] [drm]   Traces.
[    2.427872] [drm]   GMR2.
[    2.427873] [drm]   Screen Object 2.
[    2.427873] [drm]   Command Buffers.
[    2.427873] [drm]   Command Buffers 2.
[    2.427874] [drm]   Guest Backed Resources.
[    2.427875] [drm] Max GMR ids is 8192
[    2.427875] [drm] Max number of GMR pages is 1048576
[    2.427876] [drm] Max dedicated hypervisor surface memory is 393216 kiB
[    2.427876] [drm] Maximum display memory size is 131072 kiB
[    2.427877] [drm] VRAM at 0xe0000000 size is 131072 kiB
[    2.427878] [drm] MMIO at 0xf0000000 size is 2048 kiB
[    2.429490] [TTM] Zone  kernel: Available graphics memory: 1011744 KiB
[    2.429491] [TTM] Initializing pool allocator
[    2.429494] [TTM] Initializing DMA pool allocator
[    2.429571] [drm] Supports vblank timestamp caching Rev 2 (21.10.2013).
[    2.429572] [drm] No driver support for vblank timestamp query.
[    2.429826] [drm] Screen Target Display device initialized
[    2.430015] [drm] width 720
[    2.430023] [drm] height 400
[    2.430027] [drm] bpp 32
[    2.430533] [drm] Fifo max 0x00200000 min 0x00001000 cap 0x00000355
[    2.431729] [drm] Using command buffers with DMA pool.
[    2.431733] [drm] DX: no.
[    2.431733] [drm] Atomic: yes.
[    2.431734] [drm] SM4_1: no.
[    2.431753] [drm:vmw_host_log [vmwgfx]] *ERROR* Failed to send host log message.
[    2.433408] [drm:vmw_host_log [vmwgfx]] *ERROR* Failed to send host log message.
[    2.443021] fbcon: svgadrmfb (fb0) is primary device
[    2.445855] Console: switching to colour frame buffer device 100x37
[    2.451964] [drm] Initialized vmwgfx 2.15.0 20180704 for 0000:00:02.0 on minor 0
[    2.454796] systemd[1]: Finished Load Kernel Modules.
[    2.455766] systemd[1]: Mounting FUSE Control File System...
[    2.456910] systemd[1]: Mounting Kernel Configuration File System...
[    2.465328] systemd[1]: Starting Apply Kernel Variables...
[    2.480819] systemd[1]: Mounted FUSE Control File System.
[    2.480888] systemd[1]: Condition check resulted in VMware vmblock fuse mount being skipped.
[    2.485819] systemd[1]: Finished Set the console keyboard layout.
[    2.486267] systemd[1]: Mounted Kernel Configuration File System.
[    2.486325] systemd[1]: Reached target Local File Systems (Pre).
[    2.492712] systemd[1]: Mounting Mount unit for bare, revision 5...
[    2.499430] systemd[1]: Mounting Mount unit for core18, revision 1705...
[    2.508108] systemd[1]: Mounting Mount unit for gnome-3-34-1804, revision 24...
[    2.523312] systemd[1]: Mounting Mount unit for gtk-common-themes, revision 1506...
[    2.544086] systemd[1]: Mounting Mount unit for gtk-common-themes, revision 1535...
[    2.548120] systemd[1]: Mounting Mount unit for snap-store, revision 433...
[    2.557668] systemd[1]: Mounting Mount unit for snapd, revision 25935...
[    2.564667] systemd[1]: Finished Apply Kernel Variables.
[    2.566077] systemd[1]: Mounted Mount unit for bare, revision 5.
[    2.574552] systemd[1]: Mounted Mount unit for core18, revision 1705.
[    2.574641] systemd[1]: Mounted Mount unit for gnome-3-34-1804, revision 24.
[    2.601633] systemd[1]: Started udev Kernel Device Manager.
[    2.602385] systemd[1]: Starting Show Plymouth Boot Screen...
[    2.611611] systemd[1]: Received SIGRTMIN+20 from PID 272 (plymouthd).
[    2.649413] systemd[1]: Started Show Plymouth Boot Screen.
[    2.649582] systemd[1]: Condition check resulted in Dispatch Password Requests to Console Directory Watch being skipped.
[    2.649683] systemd[1]: Started Forward Password Requests to Plymouth Directory Watch.
[    2.649718] systemd[1]: Reached target Local Encrypted Volumes.
[    2.669922] systemd[1]: Mounted Mount unit for gtk-common-themes, revision 1506.
[    2.720181] systemd[1]: Mounted Mount unit for snapd, revision 25935.
[    2.753105] systemd[1]: Mounted Mount unit for gtk-common-themes, revision 1535.
[    2.753359] systemd[1]: Mounted Mount unit for snap-store, revision 433.
[    2.753515] systemd[1]: Reached target Local File Systems.
[    2.755787] systemd[1]: Starting Load AppArmor profiles...
[    2.756695] systemd[1]: Starting Set console font and keymap...
[    2.770952] systemd[1]: Starting Tell Plymouth To Write Out Runtime Data...
[    2.771076] systemd[1]: Condition check resulted in Store a System Token in an EFI Variable being skipped.
[    2.771129] systemd[1]: Condition check resulted in Commit a transient machine-id on disk being skipped.
[    2.775119] systemd[1]: Finished Set console font and keymap.
[    2.785904] systemd[1]: Received SIGRTMIN+20 from PID 272 (plymouthd).
[    2.786067] systemd[1]: plymouth-read-write.service: Succeeded.
[    2.786325] systemd[1]: Finished Tell Plymouth To Write Out Runtime Data.
[    2.815384] audit: type=1400 audit(1768926833.664:2): apparmor="STATUS" operation="profile_load" profile="unconfined" name="nvidia_modprobe" pid=298 comm="apparmor_parser"
[    2.815387] audit: type=1400 audit(1768926833.664:3): apparmor="STATUS" operation="profile_load" profile="unconfined" name="nvidia_modprobe//kmod" pid=298 comm="apparmor_parser"
[    2.838344] audit: type=1400 audit(1768926833.688:4): apparmor="STATUS" operation="profile_load" profile="unconfined" name="/usr/sbin/tcpdump" pid=299 comm="apparmor_parser"
[    2.867130] audit: type=1400 audit(1768926833.712:5): apparmor="STATUS" operation="profile_load" profile="unconfined" name="/usr/bin/evince" pid=301 comm="apparmor_parser"
[    2.867133] audit: type=1400 audit(1768926833.712:6): apparmor="STATUS" operation="profile_load" profile="unconfined" name="/usr/bin/evince//sanitized_helper" pid=301 comm="apparmor_parser"
[    2.867135] audit: type=1400 audit(1768926833.712:7): apparmor="STATUS" operation="profile_load" profile="unconfined" name="/usr/bin/evince-previewer" pid=301 comm="apparmor_parser"
[    2.867136] audit: type=1400 audit(1768926833.712:8): apparmor="STATUS" operation="profile_load" profile="unconfined" name="/usr/bin/evince-previewer//sanitized_helper" pid=301 comm="apparmor_parser"
[    2.867138] audit: type=1400 audit(1768926833.712:9): apparmor="STATUS" operation="profile_load" profile="unconfined" name="/usr/bin/evince-thumbnailer" pid=301 comm="apparmor_parser"
[    2.914049] audit: type=1400 audit(1768926833.764:10): apparmor="STATUS" operation="profile_load" profile="unconfined" name="/usr/lib/cups/backend/cups-pdf" pid=302 comm="apparmor_parser"
[    2.981924] systemd[1]: Finished Load AppArmor profiles.
[    2.982851] systemd[1]: Starting Load AppArmor profiles managed internally by snapd...
[    3.103726] systemd[1]: Finished Load AppArmor profiles managed internally by snapd.
[    3.155426] systemd[1]: Started Journal Service.
[    3.165732] systemd-journald[228]: Received client request to flush runtime journal.
[    3.168939] systemd-journald[228]: File /var/log/journal/c455b248004a419c87ce85eea238d727/system.journal corrupted or uncleanly shut down, renaming and replacing.
[    4.480009] RAPL PMU: API unit is 2^-32 Joules, 0 fixed counters, 10737418240 ms ovfl timer
[    4.565385] cryptd: max_cpu_qlen set to 1000
[    4.618734] AVX2 version of gcm_enc/dec engaged.
[    4.618735] AES CTR mode by8 optimization enabled
[    6.491151] Adding 1998844k swap on /dev/sda1.  Priority:-2 extents:1 across:1998844k FS
[    7.980699] kauditd_printk_skb: 30 callbacks suppressed
[    7.980700] audit: type=1400 audit(1768926838.828:41): apparmor="DENIED" operation="capable" profile="/usr/sbin/cups-browsed" pid=506 comm="cups-browsed" capability=23  capname="sys_nice"
[    9.028908] pcnet32 0000:00:03.0 enp0s3: link up, 100Mbps, full-duplex
[    9.069012] e1000: enp0s8 NIC Link is Up 1000 Mbps Full Duplex, Flow Control: RX
[    9.069305] IPv6: ADDRCONF(NETDEV_CHANGE): enp0s8: link becomes ready
[    9.093249] e1000: enp0s9 NIC Link is Up 1000 Mbps Full Duplex, Flow Control: RX
[    9.093553] IPv6: ADDRCONF(NETDEV_CHANGE): enp0s9: link becomes ready
[    9.742033] device enp0s3 entered promiscuous mode
[    9.787053] audit: type=1400 audit(1768926840.636:42): apparmor="DENIED" operation="open" profile="/usr/sbin/tcpdump" name="/proc/sys/kernel/random/boot_id" pid=645 comm="tcpdump" requested_mask="r" denied_mask="r" fsuid=0 ouid=0
[    9.787479] audit: type=1400 audit(1768926840.636:43): apparmor="DENIED" operation="open" profile="/usr/sbin/tcpdump" name="/proc/sys/kernel/random/boot_id" pid=645 comm="tcpdump" requested_mask="r" denied_mask="r" fsuid=0 ouid=0
[    9.788168] audit: type=1400 audit(1768926840.636:44): apparmor="DENIED" operation="open" profile="/usr/sbin/tcpdump" name="/proc/sys/kernel/random/boot_id" pid=645 comm="tcpdump" requested_mask="r" denied_mask="r" fsuid=0 ouid=0
[    9.788333] audit: type=1400 audit(1768926840.636:45): apparmor="DENIED" operation="open" profile="/usr/sbin/tcpdump" name="/proc/sys/kernel/random/boot_id" pid=645 comm="tcpdump" requested_mask="r" denied_mask="r" fsuid=0 ouid=0
[    9.797086] audit: type=1400 audit(1768926840.648:46): apparmor="DENIED" operation="open" profile="/usr/sbin/tcpdump" name="/proc/sys/kernel/random/boot_id" pid=646 comm="tcpdump" requested_mask="r" denied_mask="r" fsuid=0 ouid=0
[    9.798583] audit: type=1400 audit(1768926840.648:47): apparmor="DENIED" operation="open" profile="/usr/sbin/tcpdump" name="/proc/sys/kernel/random/boot_id" pid=646 comm="tcpdump" requested_mask="r" denied_mask="r" fsuid=0 ouid=0
[    9.798627] audit: type=1400 audit(1768926840.648:48): apparmor="DENIED" operation="open" profile="/usr/sbin/tcpdump" name="/proc/sys/kernel/random/boot_id" pid=646 comm="tcpdump" requested_mask="r" denied_mask="r" fsuid=0 ouid=0
[    9.799431] audit: type=1400 audit(1768926840.648:49): apparmor="DENIED" operation="open" profile="/usr/sbin/tcpdump" name="/proc/sys/kernel/random/boot_id" pid=646 comm="tcpdump" requested_mask="r" denied_mask="r" fsuid=0 ouid=0
[   15.729766] rfkill: input handler disabled
[  223.337563] AAAAA-TCP_FORW: name:enp0s3: saddr:100932208: daddr:16783984
[  223.596660] AAAAA-TCP_FORW: name:enp0s3: saddr:16783984: daddr:100932208
[  223.694605] AAAAA-TCP_FORW: name:enp0s3: saddr:100932208: daddr:16783984
[  223.798087] AAAAA-TCP_FORW: name:enp0s3: saddr:100932208: daddr:16783984
[  224.393013] AAAAA-TCP_FORW: name:enp0s3: saddr:16783984: daddr:100932208
[  224.485976] AAAAA-TCP_FORW: name:enp0s3: saddr:16783984: daddr:100932208
[  224.857090] AAAAA-TCP_FORW: name:enp0s3: saddr:100932208: daddr:16783984
[  224.895496] AAAAA-TCP_FORW: name:enp0s3: saddr:100932208: daddr:16783984
[  225.153645] AAAAA-TCP_FORW: name:enp0s3: saddr:16783984: daddr:100932208
[  225.427230] AAAAA-TCP_FORW: name:enp0s3: saddr:100932208: daddr:16783984
[  225.665765] AAAAA-TCP_FORW: name:enp0s3: saddr:16783984: daddr:100932208
[  225.715979] AAAAA-TCP_FORW: name:enp0s3: saddr:16783984: daddr:100932208
[  226.082422] AAAAA-TCP_FORW: name:enp0s3: saddr:100932208: daddr:16783984
[  226.116232] AAAAA-TCP_FORW: name:enp0s3: saddr:100932208: daddr:16783984
[  226.450130] AAAAA-TCP_FORW: name:enp0s3: saddr:16783984: daddr:100932208
[  226.865430] AAAAA-TCP_FORW: name:enp0s3: saddr:100932208: daddr:16783984
[  226.939497] AAAAA-TCP_FORW: name:enp0s3: saddr:100932208: daddr:16783984
[  227.031833] AAAAA-TCP_FORW: name:enp0s3: saddr:16783984: daddr:100932208
[  227.070785] AAAAA-TCP_FORW: name:enp0s3: saddr:16783984: daddr:100932208
[  227.240917] AAAAA-TCP_FORW: name:enp0s3: saddr:100932208: daddr:16783984
[  227.325028] AAAAA-TCP_FORW: name:enp0s3: saddr:16783984: daddr:100932208
[  227.385794] AAAAA-TCP_FORW: name:enp0s3: saddr:100932208: daddr:16783984
[  227.457522] AAAAA-TCP_FORW: name:enp0s3: saddr:100932208: daddr:16783984
[  227.524236] AAAAA-TCP_FORW: name:enp0s3: saddr:100932208: daddr:16783984
[  227.576541] AAAAA-TCP_FORW: name:enp0s3: saddr:100932208: daddr:16783984
[  227.644317] AAAAA-TCP_FORW: name:enp0s3: saddr:100932208: daddr:16783984
[  227.677158] AAAAA-TCP_FORW: name:enp0s3: saddr:100932208: daddr:16783984
[  227.705737] AAAAA-TCP_FORW: name:enp0s3: saddr:100932208: daddr:16783984
[  227.737829] AAAAA-TCP_FORW: name:enp0s3: saddr:100932208: daddr:16783984
[  227.757853] AAAAA-TCP_FORW: name:enp0s3: saddr:100932208: daddr:16783984
[  227.765378] AAAAA-TCP_FORW: name:enp0s3: saddr:16783984: daddr:100932208
[  227.833163] AAAAA-TCP_FORW: name:enp0s3: saddr:100932208: daddr:16783984
[  227.838791] AAAAA-TCP_FORW: name:enp0s3: saddr:16783984: daddr:100932208
[  227.898004] AAAAA-TCP_FORW: name:enp0s3: saddr:100932208: daddr:16783984
[  227.954114] AAAAA-TCP_FORW: name:enp0s3: saddr:16783984: daddr:100932208
[  227.968198] AAAAA-TCP_FORW: name:enp0s3: saddr:16783984: daddr:100932208
[  228.040354] AAAAA-TCP_FORW: name:enp0s3: saddr:100932208: daddr:16783984
[  228.063892] AAAAA-TCP_FORW: name:enp0s3: saddr:16783984: daddr:100932208
[  228.080413] AAAAA-TCP_FORW: name:enp0s3: saddr:100932208: daddr:16783984
[  228.170712] AAAAA-TCP_FORW: name:enp0s3: saddr:100932208: daddr:16783984
[  228.197224] AAAAA-TCP_FORW: name:enp0s3: saddr:100932208: daddr:16783984
[  228.251674] AAAAA-TCP_FORW: name:enp0s3: saddr:16783984: daddr:100932208
[  228.273410] AAAAA-TCP_FORW: name:enp0s3: saddr:100932208: daddr:16783984
[  228.320392] AAAAA-TCP_FORW: name:enp0s3: saddr:100932208: daddr:16783984
[  228.355785] AAAAA-TCP_FORW: name:enp0s3: saddr:16783984: daddr:100932208
[  228.386747] AAAAA-TCP_FORW: name:enp0s3: saddr:100932208: daddr:16783984
[  228.397205] AAAAA-TCP_FORW: name:enp0s3: saddr:16783984: daddr:100932208
[  228.421592] AAAAA-TCP_FORW: name:enp0s3: saddr:100932208: daddr:16783984
[  228.475903] AAAAA-TCP_FORW: name:enp0s3: saddr:100932208: daddr:16783984
[  228.497198] AAAAA-TCP_FORW: name:enp0s3: saddr:16783984: daddr:100932208
[  228.561608] AAAAA-TCP_FORW: name:enp0s3: saddr:100932208: daddr:16783984
[  228.603617] AAAAA-TCP_FORW: name:enp0s3: saddr:16783984: daddr:100932208
[  228.669194] AAAAA-TCP_FORW: name:enp0s3: saddr:100932208: daddr:16783984
[  228.709632] AAAAA-TCP_FORW: name:enp0s3: saddr:100932208: daddr:16783984
[  228.737286] AAAAA-TCP_FORW: name:enp0s3: saddr:16783984: daddr:100932208
[  228.835253] AAAAA-TCP_FORW: name:enp0s3: saddr:100932208: daddr:16783984
[  228.949489] AAAAA-TCP_FORW: name:enp0s3: saddr:100932208: daddr:16783984
[  228.995284] AAAAA-TCP_FORW: name:enp0s3: saddr:100932208: daddr:16783984
[  229.018187] AAAAA-TCP_FORW: name:enp0s3: saddr:16783984: daddr:100932208
[  229.096191] AAAAA-TCP_FORW: name:enp0s3: saddr:100932208: daddr:16783984
[  229.144585] AAAAA-TCP_FORW: name:enp0s3: saddr:16783984: daddr:100932208
[  229.167713] AAAAA-TCP_FORW: name:enp0s3: saddr:100932208: daddr:16783984
[  229.231339] AAAAA-TCP_FORW: name:enp0s3: saddr:100932208: daddr:16783984
[  229.275769] AAAAA-TCP_FORW: name:enp0s3: saddr:16783984: daddr:100932208
[  229.284512] AAAAA-TCP_FORW: name:enp0s3: saddr:100932208: daddr:16783984
[  229.319956] AAAAA-TCP_FORW: name:enp0s3: saddr:100932208: daddr:16783984
[  229.441126] AAAAA-TCP_FORW: name:enp0s3: saddr:16783984: daddr:100932208
[  229.456034] AAAAA-TCP_FORW: name:enp0s3: saddr:100932208: daddr:16783984
[  229.508534] AAAAA-TCP_FORW: name:enp0s3: saddr:100932208: daddr:16783984
[  229.544815] AAAAA-TCP_FORW: name:enp0s3: saddr:16783984: daddr:100932208
[  229.590591] AAAAA-TCP_FORW: name:enp0s3: saddr:16783984: daddr:100932208
[  229.643238] AAAAA-TCP_FORW: name:enp0s3: saddr:16783984: daddr:100932208
[  229.656550] AAAAA-TCP_FORW: name:enp0s3: saddr:100932208: daddr:16783984
[  229.731639] AAAAA-TCP_FORW: name:enp0s3: saddr:100932208: daddr:16783984
[  229.787932] AAAAA-TCP_FORW: name:enp0s3: saddr:100932208: daddr:16783984
[  229.844561] AAAAA-TCP_FORW: name:enp0s3: saddr:16783984: daddr:100932208
[  229.860678] AAAAA-TCP_FORW: name:enp0s3: saddr:100932208: daddr:16783984
[  229.905560] AAAAA-TCP_FORW: name:enp0s3: saddr:100932208: daddr:16783984
[  229.928283] AAAAA-TCP_FORW: name:enp0s3: saddr:16783984: daddr:100932208
[  229.943676] AAAAA-TCP_FORW: name:enp0s3: saddr:100932208: daddr:16783984
[  230.037650] AAAAA-TCP_FORW: name:enp0s3: saddr:100932208: daddr:16783984
[  230.047147] AAAAA-TCP_FORW: name:enp0s3: saddr:16783984: daddr:100932208
[  230.103786] AAAAA-TCP_FORW: name:enp0s3: saddr:16783984: daddr:100932208
[  230.162610] AAAAA-TCP_FORW: name:enp0s3: saddr:100932208: daddr:16783984
[  230.221222] AAAAA-TCP_FORW: name:enp0s3: saddr:100932208: daddr:16783984
[  230.237282] AAAAA-TCP_FORW: name:enp0s3: saddr:16783984: daddr:100932208
[  230.258796] AAAAA-TCP_FORW: name:enp0s3: saddr:100932208: daddr:16783984
[  230.305956] AAAAA-TCP_FORW: name:enp0s3: saddr:100932208: daddr:16783984
[  230.346311] AAAAA-TCP_FORW: name:enp0s3: saddr:100932208: daddr:16783984
[  230.386774] AAAAA-TCP_FORW: name:enp0s3: saddr:16783984: daddr:100932208
[  230.486451] AAAAA-TCP_FORW: name:enp0s3: saddr:16783984: daddr:100932208
[  230.534438] AAAAA-TCP_FORW: name:enp0s3: saddr:100932208: daddr:16783984
[  230.558669] AAAAA-TCP_FORW: name:enp0s3: saddr:100932208: daddr:16783984
[  230.618875] AAAAA-TCP_FORW: name:enp0s3: saddr:16783984: daddr:100932208
[  230.666673] AAAAA-TCP_FORW: name:enp0s3: saddr:100932208: daddr:16783984
[  230.717718] AAAAA-TCP_FORW: name:enp0s3: saddr:100932208: daddr:16783984
[  230.755682] AAAAA-TCP_FORW: name:enp0s3: saddr:16783984: daddr:100932208
[  230.799836] AAAAA-TCP_FORW: name:enp0s3: saddr:100932208: daddr:16783984
[  230.827467] AAAAA-TCP_FORW: name:enp0s3: saddr:100932208: daddr:16783984
[  230.847949] AAAAA-TCP_FORW: name:enp0s3: saddr:100932208: daddr:16783984
[  230.888887] AAAAA-TCP_FORW: name:enp0s3: saddr:100932208: daddr:16783984
[  230.957144] AAAAA-TCP_FORW: name:enp0s3: saddr:16783984: daddr:100932208
[  230.990322] AAAAA-TCP_FORW: name:enp0s3: saddr:100932208: daddr:16783984
[  231.029626] AAAAA-TCP_FORW: name:enp0s3: saddr:100932208: daddr:16783984
[  231.048709] AAAAA-TCP_FORW: name:enp0s3: saddr:16783984: daddr:100932208
[  231.131196] AAAAA-TCP_FORW: name:enp0s3: saddr:16783984: daddr:100932208
[  231.261603] AAAAA-TCP_FORW: name:enp0s3: saddr:100932208: daddr:16783984
[  231.268687] AAAAA-TCP_FORW: name:enp0s3: saddr:16783984: daddr:100932208
[  231.300829] AAAAA-TCP_FORW: name:enp0s3: saddr:100932208: daddr:16783984
[  231.338383] AAAAA-TCP_FORW: name:enp0s3: saddr:100932208: daddr:16783984
[  231.365606] AAAAA-TCP_FORW: name:enp0s3: saddr:100932208: daddr:16783984
[  231.376519] AAAAA-TCP_FORW: name:enp0s3: saddr:16783984: daddr:100932208
[  231.435073] AAAAA-TCP_FORW: name:enp0s3: saddr:16783984: daddr:100932208
[  231.451940] AAAAA-TCP_FORW: name:enp0s3: saddr:100932208: daddr:16783984
[  231.490261] AAAAA-TCP_FORW: name:enp0s3: saddr:100932208: daddr:16783984
[  231.526011] AAAAA-TCP_FORW: name:enp0s3: saddr:16783984: daddr:100932208
[  231.594381] AAAAA-TCP_FORW: name:enp0s3: saddr:100932208: daddr:16783984
[  231.664753] AAAAA-TCP_FORW: name:enp0s3: saddr:100932208: daddr:16783984
[  231.704230] AAAAA-TCP_FORW: name:enp0s3: saddr:16783984: daddr:100932208
[  231.735396] AAAAA-TCP_FORW: name:enp0s3: saddr:16783984: daddr:100932208
[  231.839036] AAAAA-TCP_FORW: name:enp0s3: saddr:100932208: daddr:16783984
[  231.895469] AAAAA-TCP_FORW: name:enp0s3: saddr:100932208: daddr:16783984
[  231.910800] AAAAA-TCP_FORW: name:enp0s3: saddr:16783984: daddr:100932208
[  231.935740] AAAAA-TCP_FORW: name:enp0s3: saddr:100932208: daddr:16783984
[  231.946253] AAAAA-TCP_FORW: name:enp0s3: saddr:16783984: daddr:100932208
[  231.979112] AAAAA-TCP_FORW: name:enp0s3: saddr:100932208: daddr:16783984
[  232.024718] AAAAA-TCP_FORW: name:enp0s3: saddr:100932208: daddr:16783984
[  232.064665] AAAAA-TCP_FORW: name:enp0s3: saddr:100932208: daddr:16783984
[  232.108317] AAAAA-TCP_FORW: name:enp0s3: saddr:16783984: daddr:100932208
[  232.120554] AAAAA-TCP_FORW: name:enp0s3: saddr:100932208: daddr:16783984
[  232.204764] AAAAA-TCP_FORW: name:enp0s3: saddr:16783984: daddr:100932208
[  232.235286] AAAAA-TCP_FORW: name:enp0s3: saddr:16783984: daddr:100932208
[  232.252575] AAAAA-TCP_FORW: name:enp0s3: saddr:100932208: daddr:16783984
[  232.324025] AAAAA-TCP_FORW: name:enp0s3: saddr:100932208: daddr:16783984
[  232.350686] AAAAA-TCP_FORW: name:enp0s3: saddr:16783984: daddr:100932208
[  232.371868] AAAAA-TCP_FORW: name:enp0s3: saddr:100932208: daddr:16783984
[  232.472630] AAAAA-TCP_FORW: name:enp0s3: saddr:100932208: daddr:16783984
[  232.500435] AAAAA-TCP_FORW: name:enp0s3: saddr:16783984: daddr:100932208
[  232.572216] AAAAA-TCP_FORW: name:enp0s3: saddr:100932208: daddr:16783984
[  232.579206] AAAAA-TCP_FORW: name:enp0s3: saddr:16783984: daddr:100932208
[  232.646629] AAAAA-TCP_FORW: name:enp0s3: saddr:16783984: daddr:100932208
[  232.732092] AAAAA-TCP_FORW: name:enp0s3: saddr:16783984: daddr:100932208
[  232.805100] AAAAA-TCP_FORW: name:enp0s3: saddr:16783984: daddr:100932208
[  232.987360] AAAAA-TCP_FORW: name:enp0s3: saddr:16783984: daddr:100932208
[  233.053368] AAAAA-TCP_FORW: name:enp0s3: saddr:16783984: daddr:100932208
[  233.159167] AAAAA-TCP_FORW: name:enp0s3: saddr:16783984: daddr:100932208
[  233.258507] AAAAA-TCP_FORW: name:enp0s3: saddr:16783984: daddr:100932208
[  233.341566] AAAAA-TCP_FORW: name:enp0s3: saddr:16783984: daddr:100932208
[  233.397389] AAAAA-TCP_FORW: name:enp0s3: saddr:16783984: daddr:100932208
[  233.467582] AAAAA-TCP_FORW: name:enp0s3: saddr:16783984: daddr:100932208
[  233.549471] AAAAA-TCP_FORW: name:enp0s3: saddr:16783984: daddr:100932208
[  233.661553] AAAAA-TCP_FORW: name:enp0s3: saddr:16783984: daddr:100932208
[  233.751471] AAAAA-TCP_FORW: name:enp0s3: saddr:16783984: daddr:100932208
[  233.780290] AAAAA-TCP_FORW: name:enp0s3: saddr:16783984: daddr:100932208
[  233.799928] AAAAA-TCP_FORW: name:enp0s3: saddr:16783984: daddr:100932208
[  233.832027] AAAAA-TCP_FORW: name:enp0s3: saddr:16783984: daddr:100932208
[  233.865957] AAAAA-TCP_FORW: name:enp0s3: saddr:16783984: daddr:100932208
[  233.887006] AAAAA-TCP_FORW: name:enp0s3: saddr:16783984: daddr:100932208
[  253.934408] AAAAA-TCP_FORW: name:enp0s3: saddr:100932208: daddr:16783984
[  253.994019] AAAAA-TCP_FORW: name:enp0s3: saddr:100932208: daddr:16783984
[  254.043546] AAAAA-TCP_FORW: name:enp0s3: saddr:100932208: daddr:16783984
[  254.120083] AAAAA-TCP_FORW: name:enp0s3: saddr:100932208: daddr:16783984
[  254.146317] AAAAA-TCP_FORW: name:enp0s3: saddr:100932208: daddr:16783984
[  254.183046] AAAAA-TCP_FORW: name:enp0s3: saddr:100932208: daddr:16783984
[  254.307982] AAAAA-TCP_FORW: name:enp0s3: saddr:100932208: daddr:16783984
[  254.438536] AAAAA-TCP_FORW: name:enp0s3: saddr:100932208: daddr:16783984
[  254.550331] AAAAA-TCP_FORW: name:enp0s3: saddr:100932208: daddr:16783984
[  254.663390] AAAAA-TCP_FORW: name:enp0s3: saddr:100932208: daddr:16783984
[  257.399423] AAAAA-TCP_FORW: name:enp0s3: saddr:100932208: daddr:16783984
[  257.481509] AAAAA-TCP_FORW: name:enp0s3: saddr:100932208: daddr:16783984
[  257.695757] AAAAA-TCP_FORW: name:enp0s3: saddr:100932208: daddr:16783984
[  257.866990] AAAAA-TCP_FORW: name:enp0s3: saddr:100932208: daddr:16783984
[  257.960315] AAAAA-TCP_FORW: name:enp0s3: saddr:100932208: daddr:16783984
[  258.046279] AAAAA-TCP_FORW: name:enp0s3: saddr:100932208: daddr:16783984
[  258.374445] AAAAA-TCP_FORW: name:enp0s3: saddr:100932208: daddr:16783984
[  258.552570] AAAAA-TCP_FORW: name:enp0s3: saddr:100932208: daddr:16783984
[  258.839051] AAAAA-TCP_FORW: name:enp0s3: saddr:100932208: daddr:16783984
[  258.899151] AAAAA-TCP_FORW: name:enp0s3: saddr:100932208: daddr:16783984
[  259.011412] AAAAA-TCP_FORW: name:enp0s3: saddr:100932208: daddr:16783984
[  259.081638] AAAAA-TCP_FORW: name:enp0s3: saddr:100932208: daddr:16783984
[  259.206296] AAAAA-TCP_FORW: name:enp0s3: saddr:100932208: daddr:16783984
[  259.316668] AAAAA-TCP_FORW: name:enp0s3: saddr:100932208: daddr:16783984
[  259.522545] AAAAA-TCP_FORW: name:enp0s3: saddr:100932208: daddr:16783984
[  259.684902] AAAAA-TCP_FORW: name:enp0s3: saddr:100932208: daddr:16783984
[  259.719959] AAAAA-TCP_FORW: name:enp0s3: saddr:100932208: daddr:16783984
[  259.892133] AAAAA-TCP_FORW: name:enp0s3: saddr:100932208: daddr:16783984
[  259.975318] AAAAA-TCP_FORW: name:enp0s3: saddr:100932208: daddr:16783984
[  260.131491] AAAAA-TCP_FORW: name:enp0s3: saddr:100932208: daddr:16783984
[  268.572490] AAAAA-TCP_FORW: name:enp0s3: saddr:100932208: daddr:16783984
[  280.793618] AAAAA-TCP_FORW: name:enp0s3: saddr:100932208: daddr:16783984
[  284.929326] AAAAA-TCP_FORW: name:enp0s3: saddr:16783984: daddr:100932208
[  285.009468] AAAAA-TCP_FORW: name:enp0s3: saddr:100932208: daddr:16783984
[  285.154818] AAAAA-TCP_FORW: name:enp0s3: saddr:100932208: daddr:16783984
[  285.193681] AAAAA-TCP_FORW: name:enp0s3: saddr:100932208: daddr:16783984
[  285.357661] AAAAA-TCP_FORW: name:enp0s3: saddr:100932208: daddr:16783984
[  285.448526] AAAAA-TCP_FORW: name:enp0s3: saddr:100932208: daddr:16783984
[  285.489895] AAAAA-TCP_FORW: name:enp0s3: saddr:100932208: daddr:16783984
[  285.521209] AAAAA-TCP_FORW: name:enp0s3: saddr:100932208: daddr:16783984
[  285.560932] AAAAA-TCP_FORW: name:enp0s3: saddr:100932208: daddr:16783984
[  285.628535] AAAAA-TCP_FORW: name:enp0s3: saddr:100932208: daddr:16783984
[  285.668720] AAAAA-TCP_FORW: name:enp0s3: saddr:100932208: daddr:16783984
[  285.711185] AAAAA-TCP_FORW: name:enp0s3: saddr:100932208: daddr:16783984
[  285.775141] AAAAA-TCP_FORW: name:enp0s3: saddr:100932208: daddr:16783984
[  285.808057] AAAAA-TCP_FORW: name:enp0s3: saddr:100932208: daddr:16783984
[  285.903769] AAAAA-TCP_FORW: name:enp0s3: saddr:100932208: daddr:16783984
[  285.985403] AAAAA-TCP_FORW: name:enp0s3: saddr:100932208: daddr:16783984
[  286.055692] AAAAA-TCP_FORW: name:enp0s3: saddr:100932208: daddr:16783984
[  286.134654] AAAAA-TCP_FORW: name:enp0s3: saddr:100932208: daddr:16783984
[  287.215536] AAAAA-TCP_FORW: name:enp0s3: saddr:16783984: daddr:100932208
[  287.479463] AAAAA-TCP_FORW: name:enp0s3: saddr:16783984: daddr:100932208
[  287.622290] AAAAA-TCP_FORW: name:enp0s3: saddr:16783984: daddr:100932208
[  287.682885] AAAAA-TCP_FORW: name:enp0s3: saddr:16783984: daddr:100932208
[  287.708128] AAAAA-TCP_FORW: name:enp0s3: saddr:16783984: daddr:100932208
[  287.817771] AAAAA-TCP_FORW: name:enp0s3: saddr:16783984: daddr:100932208
[  288.149700] AAAAA-TCP_FORW: name:enp0s3: saddr:16783984: daddr:100932208
[  288.192468] AAAAA-TCP_FORW: name:enp0s3: saddr:16783984: daddr:100932208
[  288.235756] AAAAA-TCP_FORW: name:enp0s3: saddr:16783984: daddr:100932208
[  288.397930] AAAAA-TCP_FORW: name:enp0s3: saddr:16783984: daddr:100932208
[  288.488689] AAAAA-TCP_FORW: name:enp0s3: saddr:16783984: daddr:100932208
[  288.604585] AAAAA-TCP_FORW: name:enp0s3: saddr:16783984: daddr:100932208
[  288.633599] AAAAA-TCP_FORW: name:enp0s3: saddr:16783984: daddr:100932208
[  288.750867] AAAAA-TCP_FORW: name:enp0s3: saddr:16783984: daddr:100932208
[  521.495955] rfkill: input handler enabled
[  530.125983] rfkill: input handler disabled
[  696.217185] device enp0s3 left promiscuous mode
