[    0.000000] Linux version 5.4.243-tcp (root@ztg) (gcc version 12.2.0 (Debian 12.2.0-14)) #1 SMP Fri Apr 12 08:27:09 CST 2024
[    0.000000] Command line: BOOT_IMAGE=/boot/vmlinuz-5.4.243-tcp root=UUID=98415a12-53b7-4144-8265-0f7ece09e445 ro quiet splash
[    0.000000] KERNEL supported cpus:
[    0.000000]   Intel GenuineIntel
[    0.000000]   AMD AuthenticAMD
[    0.000000]   Hygon HygonGenuine
[    0.000000]   Centaur CentaurHauls
[    0.000000]   zhaoxin   Shanghai  
[    0.000000] x86/fpu: Supporting XSAVE feature 0x001: 'x87 floating point registers'
[    0.000000] x86/fpu: Supporting XSAVE feature 0x002: 'SSE registers'
[    0.000000] x86/fpu: Supporting XSAVE feature 0x004: 'AVX registers'
[    0.000000] x86/fpu: xstate_offset[2]:  576, xstate_sizes[2]:  256
[    0.000000] x86/fpu: Enabled xstate features 0x7, context size is 832 bytes, using 'standard' format.
[    0.000000] BIOS-provided physical RAM map:
[    0.000000] BIOS-e820: [mem 0x0000000000000000-0x000000000009fbff] usable
[    0.000000] BIOS-e820: [mem 0x000000000009fc00-0x000000000009ffff] reserved
[    0.000000] BIOS-e820: [mem 0x00000000000f0000-0x00000000000fffff] reserved
[    0.000000] BIOS-e820: [mem 0x0000000000100000-0x000000007ffeffff] usable
[    0.000000] BIOS-e820: [mem 0x000000007fff0000-0x000000007fffffff] ACPI data
[    0.000000] BIOS-e820: [mem 0x00000000fec00000-0x00000000fec00fff] reserved
[    0.000000] BIOS-e820: [mem 0x00000000fee00000-0x00000000fee00fff] reserved
[    0.000000] BIOS-e820: [mem 0x00000000fffc0000-0x00000000ffffffff] reserved
[    0.000000] NX (Execute Disable) protection: active
[    0.000000] SMBIOS 2.5 present.
[    0.000000] DMI: innotek GmbH VirtualBox/VirtualBox, BIOS VirtualBox 12/01/2006
[    0.000000] Hypervisor detected: KVM
[    0.000000] kvm-clock: Using msrs 4b564d01 and 4b564d00
[    0.000000] kvm-clock: cpu 0, msr 14001001, primary cpu clock
[    0.000000] kvm-clock: using sched offset of 4485660465 cycles
[    0.000003] clocksource: kvm-clock: mask: 0xffffffffffffffff max_cycles: 0x1cd42e4dffb, max_idle_ns: 881590591483 ns
[    0.000005] tsc: Detected 2100.000 MHz processor
[    0.001881] e820: update [mem 0x00000000-0x00000fff] usable ==> reserved
[    0.001883] e820: remove [mem 0x000a0000-0x000fffff] usable
[    0.001887] last_pfn = 0x7fff0 max_arch_pfn = 0x400000000
[    0.001955] MTRR default type: uncachable
[    0.001955] MTRR fixed ranges enabled:
[    0.001957]   00000-9FFFF write-back
[    0.001957]   A0000-BFFFF uncachable
[    0.001958]   C0000-FFFFF write-protect
[    0.001959] MTRR variable ranges enabled:
[    0.001960]   0 base 000000000000 mask 3FFF80000000 write-back
[    0.001961]   1 disabled
[    0.001961]   2 disabled
[    0.001962]   3 disabled
[    0.001962]   4 disabled
[    0.001963]   5 disabled
[    0.001963]   6 disabled
[    0.001963]   7 disabled
[    0.001964]   8 disabled
[    0.001964]   9 disabled
[    0.001965]   10 disabled
[    0.001965]   11 disabled
[    0.001966]   12 disabled
[    0.001966]   13 disabled
[    0.001966]   14 disabled
[    0.001967]   15 disabled
[    0.001983] x86/PAT: Configuration [0-7]: WB  WC  UC- UC  WB  WP  UC- WT  
[    0.002117] found SMP MP-table at [mem 0x0009fff0-0x0009ffff]
[    0.093107] check: Scanning 1 areas for low memory corruption
[    0.093346] RAMDISK: [mem 0x32275000-0x35131fff]
[    0.093354] ACPI: Early table checksum verification disabled
[    0.093359] ACPI: RSDP 0x00000000000E0000 000024 (v02 VBOX  )
[    0.093363] ACPI: XSDT 0x000000007FFF0030 00003C (v01 VBOX   VBOXXSDT 00000001 ASL  00000061)
[    0.093369] ACPI: FACP 0x000000007FFF00F0 0000F4 (v04 VBOX   VBOXFACP 00000001 ASL  00000061)
[    0.093375] ACPI: DSDT 0x000000007FFF02E0 002353 (v02 VBOX   VBOXBIOS 00000002 VBOX 00029BF3)
[    0.093379] ACPI: FACS 0x000000007FFF0200 000040
[    0.093382] ACPI: FACS 0x000000007FFF0200 000040
[    0.093386] ACPI: APIC 0x000000007FFF0240 000054 (v02 VBOX   VBOXAPIC 00000001 ASL  00000061)
[    0.093389] ACPI: SSDT 0x000000007FFF02A0 000038 (v01 VBOX   VBOXCPUT 00000002 VBOX 00029BF3)
[    0.093392] ACPI: Reserving FACP table memory at [mem 0x7fff00f0-0x7fff01e3]
[    0.093393] ACPI: Reserving DSDT table memory at [mem 0x7fff02e0-0x7fff2632]
[    0.093394] ACPI: Reserving FACS table memory at [mem 0x7fff0200-0x7fff023f]
[    0.093394] ACPI: Reserving FACS table memory at [mem 0x7fff0200-0x7fff023f]
[    0.093395] ACPI: Reserving APIC table memory at [mem 0x7fff0240-0x7fff0293]
[    0.093396] ACPI: Reserving SSDT table memory at [mem 0x7fff02a0-0x7fff02d7]
[    0.093410] ACPI: Local APIC address 0xfee00000
[    0.093596] No NUMA configuration found
[    0.093597] Faking a node at [mem 0x0000000000000000-0x000000007ffeffff]
[    0.093607] NODE_DATA(0) allocated [mem 0x7ffc5000-0x7ffeffff]
[    0.093866] Zone ranges:
[    0.093867]   DMA      [mem 0x0000000000001000-0x0000000000ffffff]
[    0.093868]   DMA32    [mem 0x0000000001000000-0x000000007ffeffff]
[    0.093869]   Normal   empty
[    0.093870]   Device   empty
[    0.093871] Movable zone start for each node
[    0.093873] Early memory node ranges
[    0.093873]   node   0: [mem 0x0000000000001000-0x000000000009efff]
[    0.093874]   node   0: [mem 0x0000000000100000-0x000000007ffeffff]
[    0.093877] Zeroed struct page in unavailable ranges: 114 pages
[    0.093878] Initmem setup node 0 [mem 0x0000000000001000-0x000000007ffeffff]
[    0.093879] On node 0 totalpages: 524174
[    0.093880]   DMA zone: 64 pages used for memmap
[    0.093881]   DMA zone: 21 pages reserved
[    0.093882]   DMA zone: 3998 pages, LIFO batch:0
[    0.093953]   DMA32 zone: 8128 pages used for memmap
[    0.093953]   DMA32 zone: 520176 pages, LIFO batch:63
[    0.102894] ACPI: PM-Timer IO Port: 0x4008
[    0.102897] ACPI: Local APIC address 0xfee00000
[    0.102964] IOAPIC[0]: apic_id 1, version 32, address 0xfec00000, GSI 0-23
[    0.102967] ACPI: INT_SRC_OVR (bus 0 bus_irq 0 global_irq 2 dfl dfl)
[    0.102969] ACPI: INT_SRC_OVR (bus 0 bus_irq 9 global_irq 9 low level)
[    0.102970] ACPI: IRQ0 used by override.
[    0.102971] ACPI: IRQ9 used by override.
[    0.102974] Using ACPI (MADT) for SMP configuration information
[    0.102980] smpboot: Allowing 1 CPUs, 0 hotplug CPUs
[    0.103003] PM: Registered nosave memory: [mem 0x00000000-0x00000fff]
[    0.103004] PM: Registered nosave memory: [mem 0x0009f000-0x0009ffff]
[    0.103005] PM: Registered nosave memory: [mem 0x000a0000-0x000effff]
[    0.103005] PM: Registered nosave memory: [mem 0x000f0000-0x000fffff]
[    0.103007] [mem 0x80000000-0xfebfffff] available for PCI devices
[    0.103008] Booting paravirtualized kernel on KVM
[    0.103011] clocksource: refined-jiffies: mask: 0xffffffff max_cycles: 0xffffffff, max_idle_ns: 7645519600211568 ns
[    0.103016] setup_percpu: NR_CPUS:8192 nr_cpumask_bits:1 nr_cpu_ids:1 nr_node_ids:1
[    0.104033] percpu: Embedded 60 pages/cpu s208896 r8192 d28672 u2097152
[    0.104038] pcpu-alloc: s208896 r8192 d28672 u2097152 alloc=1*2097152
[    0.104039] pcpu-alloc: [0] 0 
[    0.104065] Built 1 zonelists, mobility grouping on.  Total pages: 515961
[    0.104066] Policy zone: DMA32
[    0.104067] Kernel command line: BOOT_IMAGE=/boot/vmlinuz-5.4.243-tcp root=UUID=98415a12-53b7-4144-8265-0f7ece09e445 ro quiet splash
[    0.104910] Dentry cache hash table entries: 262144 (order: 9, 2097152 bytes, linear)
[    0.105057] Inode-cache hash table entries: 131072 (order: 8, 1048576 bytes, linear)
[    0.105108] mem auto-init: stack:off, heap alloc:on, heap free:off
[    0.105110] Calgary: detecting Calgary via BIOS EBDA area
[    0.105111] Calgary: Unable to locate Rio Grande table in EBDA - bailing!
[    0.109135] Memory: 1967340K/2096696K available (14339K kernel code, 2392K rwdata, 4692K rodata, 2720K init, 17272K bss, 129356K reserved, 0K cma-reserved)
[    0.110066] SLUB: HWalign=64, Order=0-3, MinObjects=0, CPUs=1, Nodes=1
[    0.110083] ftrace: allocating 42894 entries in 168 pages
[    0.127854] rcu: Hierarchical RCU implementation.
[    0.127856] rcu: 	RCU restricting CPUs from NR_CPUS=8192 to nr_cpu_ids=1.
[    0.127858] 	Tasks RCU enabled.
[    0.127859] rcu: RCU calculated value of scheduler-enlistment delay is 25 jiffies.
[    0.127860] rcu: Adjusting geometry for rcu_fanout_leaf=16, nr_cpu_ids=1
[    0.130877] NR_IRQS: 524544, nr_irqs: 256, preallocated irqs: 16
[    0.131088] random: crng init done
[    0.140453] Console: colour VGA+ 80x25
[    0.140458] printk: console [tty0] enabled
[    0.140477] ACPI: Core revision 20190816
[    0.140571] APIC: Switch to symmetric I/O mode setup
[    0.140824] x2apic enabled
[    0.141061] Switched APIC routing to physical x2apic.
[    0.142195] ..TIMER: vector=0x30 apic1=0 pin1=2 apic2=-1 pin2=-1
[    0.142221] clocksource: tsc-early: mask: 0xffffffffffffffff max_cycles: 0x1e4530a99b6, max_idle_ns: 440795257976 ns
[    0.142227] Calibrating delay loop (skipped) preset value.. 4200.00 BogoMIPS (lpj=8400000)
[    0.142229] pid_max: default: 32768 minimum: 301
[    0.142256] LSM: Security Framework initializing
[    0.142266] Yama: becoming mindful.
[    0.142292] AppArmor: AppArmor initialized
[    0.142325] Mount-cache hash table entries: 4096 (order: 3, 32768 bytes, linear)
[    0.142329] Mountpoint-cache hash table entries: 4096 (order: 3, 32768 bytes, linear)
[    0.142339] *** VALIDATE tmpfs ***
[    0.142467] *** VALIDATE proc ***
[    0.142508] *** VALIDATE cgroup1 ***
[    0.142509] *** VALIDATE cgroup2 ***
[    0.142649] process: using mwait in idle threads
[    0.142654] Last level iTLB entries: 4KB 64, 2MB 8, 4MB 8
[    0.142654] Last level dTLB entries: 4KB 64, 2MB 0, 4MB 0, 1GB 4
[    0.142675] Spectre V1 : Mitigation: usercopy/swapgs barriers and __user pointer sanitization
[    0.142680] Spectre V2 : Mitigation: Retpolines
[    0.142681] Spectre V2 : Spectre v2 / SpectreRSB mitigation: Filling RSB on context switch
[    0.142682] Spectre V2 : Spectre v2 / SpectreRSB : Filling RSB on VMEXIT
[    0.142682] RETBleed: WARNING: Spectre v2 mitigation leaves CPU vulnerable to RETBleed attacks, data leaks possible!
[    0.143035] RETBleed: Vulnerable
[    0.143035] Speculative Store Bypass: Vulnerable
[    0.143040] TAA: Mitigation: TSX disabled
[    0.143040] MMIO Stale Data: Mitigation: Clear CPU buffers
[    0.146322] Freeing SMP alternatives memory: 40K
[    0.259217] smpboot: CPU0: Intel(R) Xeon(R) Silver 4216 CPU @ 2.10GHz (family: 0x6, model: 0x55, stepping: 0x7)
[    0.259364] Performance Events: unsupported p6 CPU model 85 no PMU driver, software events only.
[    0.259401] rcu: Hierarchical SRCU implementation.
[    0.259877] NMI watchdog: Perf NMI watchdog permanently disabled
[    0.259915] smp: Bringing up secondary CPUs ...
[    0.259916] smp: Brought up 1 node, 1 CPU
[    0.259917] smpboot: Max logical packages: 1
[    0.259918] smpboot: Total of 1 processors activated (4200.00 BogoMIPS)
[    0.260892] devtmpfs: initialized
[    0.260939] x86/mm: Memory block size: 128MB
[    0.261288] clocksource: jiffies: mask: 0xffffffff max_cycles: 0xffffffff, max_idle_ns: 7645041785100000 ns
[    0.261294] futex hash table entries: 256 (order: 2, 16384 bytes, linear)
[    0.261339] pinctrl core: initialized pinctrl subsystem
[    0.261439] PM: RTC time: 14:59:58, date: 2026-01-20
[    0.261547] NET: Registered protocol family 16
[    0.261622] audit: initializing netlink subsys (disabled)
[    0.261747] EISA bus registered
[    0.261748] cpuidle: using governor ladder
[    0.261749] cpuidle: using governor menu
[    0.261787] ACPI: bus type PCI registered
[    0.261788] acpiphp: ACPI Hot Plug PCI Controller Driver version: 0.5
[    0.261890] PCI: Using configuration type 1 for base access
[    0.262632] audit: type=2000 audit(1768892404.699:1): state=initialized audit_enabled=0 res=1
[    0.262715] HugeTLB registered 2.00 MiB page size, pre-allocated 0 pages
[    0.263545] ACPI: Added _OSI(Module Device)
[    0.263546] ACPI: Added _OSI(Processor Device)
[    0.263546] ACPI: Added _OSI(3.0 _SCP Extensions)
[    0.263547] ACPI: Added _OSI(Processor Aggregator Device)
[    0.263548] ACPI: Added _OSI(Linux-Dell-Video)
[    0.263549] ACPI: Added _OSI(Linux-Lenovo-NV-HDMI-Audio)
[    0.263550] ACPI: Added _OSI(Linux-HPI-Hybrid-Graphics)
[    0.266389] ACPI: 2 ACPI AML tables successfully acquired and loaded
[    0.268034] ACPI: Interpreter enabled
[    0.268045] ACPI: (supports S0 S5)
[    0.268046] ACPI: Using IOAPIC for interrupt routing
[    0.268282] PCI: Using host bridge windows from ACPI; if necessary, use "pci=nocrs" and report a bug
[    0.268400] ACPI: Enabled 2 GPEs in block 00 to 07
[    0.273881] ACPI: PCI Root Bridge [PCI0] (domain 0000 [bus 00-ff])
[    0.273886] acpi PNP0A03:00: _OSC: OS supports [ASPM ClockPM Segments MSI HPX-Type3]
[    0.274387] acpi PNP0A03:00: _OSC: not requesting OS control; OS requires [ExtendedConfig ASPM ClockPM MSI]
[    0.274396] acpi PNP0A03:00: fail to add MMCONFIG information, can't access extended PCI configuration space under this bridge.
[    0.274828] PCI host bridge to bus 0000:00
[    0.274830] pci_bus 0000:00: root bus resource [io  0x0000-0x0cf7 window]
[    0.274831] pci_bus 0000:00: root bus resource [io  0x0d00-0xffff window]
[    0.274833] pci_bus 0000:00: root bus resource [mem 0x000a0000-0x000bffff window]
[    0.274834] pci_bus 0000:00: root bus resource [mem 0x80000000-0xfdffffff window]
[    0.274835] pci_bus 0000:00: root bus resource [bus 00-ff]
[    0.274881] pci 0000:00:00.0: [8086:1237] type 00 class 0x060000
[    0.275894] pci 0000:00:01.0: [8086:7000] type 00 class 0x060100
[    0.276867] pci 0000:00:01.1: [8086:7111] type 00 class 0x01018a
[    0.277349] pci 0000:00:01.1: reg 0x20: [io  0xd000-0xd00f]
[    0.277546] pci 0000:00:01.1: legacy IDE quirk: reg 0x10: [io  0x01f0-0x01f7]
[    0.277547] pci 0000:00:01.1: legacy IDE quirk: reg 0x14: [io  0x03f6]
[    0.277549] pci 0000:00:01.1: legacy IDE quirk: reg 0x18: [io  0x0170-0x0177]
[    0.277550] pci 0000:00:01.1: legacy IDE quirk: reg 0x1c: [io  0x0376]
[    0.278276] pci 0000:00:02.0: [15ad:0405] type 00 class 0x030000
[    0.281379] pci 0000:00:02.0: reg 0x10: [io  0xd010-0xd01f]
[    0.284296] pci 0000:00:02.0: reg 0x14: [mem 0xe0000000-0xe7ffffff pref]
[    0.286273] pci 0000:00:02.0: reg 0x18: [mem 0xf0000000-0xf01fffff]
[    0.298742] pci 0000:00:03.0: [1022:2000] type 00 class 0x020000
[    0.299576] pci 0000:00:03.0: reg 0x10: [io  0xd020-0xd03f]
[    0.300305] pci 0000:00:03.0: reg 0x14: [mem 0xf0200000-0xf0200fff]
[    0.304147] pci 0000:00:04.0: [80ee:cafe] type 00 class 0x088000
[    0.304849] pci 0000:00:04.0: reg 0x10: [io  0xd040-0xd05f]
[    0.305462] pci 0000:00:04.0: reg 0x14: [mem 0xf0400000-0xf07fffff]
[    0.306075] pci 0000:00:04.0: reg 0x18: [mem 0xf0800000-0xf0803fff pref]
[    0.309783] pci 0000:00:07.0: [8086:7113] type 00 class 0x068000
[    0.310364] pci 0000:00:07.0: quirk: [io  0x4000-0x403f] claimed by PIIX4 ACPI
[    0.310378] pci 0000:00:07.0: quirk: [io  0x4100-0x410f] claimed by PIIX4 SMB
[    0.310991] pci 0000:00:08.0: [8086:100e] type 00 class 0x020000
[    0.311695] pci 0000:00:08.0: reg 0x10: [mem 0xf0820000-0xf083ffff]
[    0.312958] pci 0000:00:08.0: reg 0x18: [io  0xd060-0xd067]
[    0.316887] pci 0000:00:09.0: [8086:100e] type 00 class 0x020000
[    0.317795] pci 0000:00:09.0: reg 0x10: [mem 0xf0840000-0xf085ffff]
[    0.319060] pci 0000:00:09.0: reg 0x18: [io  0xd068-0xd06f]
[    0.334259] ACPI: PCI Interrupt Link [LNKA] (IRQs 5 9 10 *11)
[    0.334672] ACPI: PCI Interrupt Link [LNKB] (IRQs 5 9 *10 11)
[    0.334816] ACPI: PCI Interrupt Link [LNKC] (IRQs 5 *9 10 11)
[    0.334958] ACPI: PCI Interrupt Link [LNKD] (IRQs 5 9 10 *11)
[    0.335305] iommu: Default domain type: Translated 
[    0.335384] pci 0000:00:02.0: vgaarb: setting as boot VGA device
[    0.335386] pci 0000:00:02.0: vgaarb: VGA device added: decodes=io+mem,owns=io+mem,locks=none
[    0.335389] pci 0000:00:02.0: vgaarb: bridge control possible
[    0.335389] vgaarb: loaded
[    0.335661] SCSI subsystem initialized
[    0.335704] libata version 3.00 loaded.
[    0.335740] ACPI: bus type USB registered
[    0.335759] usbcore: registered new interface driver usbfs
[    0.335768] usbcore: registered new interface driver hub
[    0.335773] usbcore: registered new device driver usb
[    0.335813] pps_core: LinuxPPS API ver. 1 registered
[    0.335813] pps_core: Software ver. 5.3.6 - Copyright 2005-2007 Rodolfo Giometti <giometti@linux.it>
[    0.335816] PTP clock support registered
[    0.335865] EDAC MC: Ver: 3.0.0
[    0.336240] PCI: Using ACPI for IRQ routing
[    0.336242] PCI: pci_cache_line_size set to 64 bytes
[    0.336455] e820: reserve RAM buffer [mem 0x0009fc00-0x0009ffff]
[    0.336460] e820: reserve RAM buffer [mem 0x7fff0000-0x7fffffff]
[    0.336615] NetLabel: Initializing
[    0.336616] NetLabel:  domain hash size = 128
[    0.336616] NetLabel:  protocols = UNLABELED CIPSOv4 CALIPSO
[    0.336640] NetLabel:  unlabeled traffic allowed by default
[    0.338503] clocksource: Switched to clocksource kvm-clock
[    0.351799] *** VALIDATE bpf ***
[    0.351799] VFS: Disk quotas dquot_6.6.0
[    0.351799] VFS: Dquot-cache hash table entries: 512 (order 0, 4096 bytes)
[    0.351799] *** VALIDATE ramfs ***
[    0.351799] *** VALIDATE hugetlbfs ***
[    0.351799] AppArmor: AppArmor Filesystem Enabled
[    0.351799] pnp: PnP ACPI init
[    0.351799] pnp 00:00: Plug and Play ACPI device, IDs PNP0303 (active)
[    0.354417] pnp 00:01: Plug and Play ACPI device, IDs PNP0f03 (active)
[    0.355211] pnp: PnP ACPI: found 2 devices
[    0.356173] thermal_sys: Registered thermal governor 'fair_share'
[    0.356174] thermal_sys: Registered thermal governor 'bang_bang'
[    0.356175] thermal_sys: Registered thermal governor 'step_wise'
[    0.356175] thermal_sys: Registered thermal governor 'user_space'
[    0.356176] thermal_sys: Registered thermal governor 'power_allocator'
[    0.360691] clocksource: acpi_pm: mask: 0xffffff max_cycles: 0xffffff, max_idle_ns: 2085701024 ns
[    0.360733] pci_bus 0000:00: resource 4 [io  0x0000-0x0cf7 window]
[    0.360735] pci_bus 0000:00: resource 5 [io  0x0d00-0xffff window]
[    0.360736] pci_bus 0000:00: resource 6 [mem 0x000a0000-0x000bffff window]
[    0.360737] pci_bus 0000:00: resource 7 [mem 0x80000000-0xfdffffff window]
[    0.360793] NET: Registered protocol family 2
[    0.360870] IP idents hash table entries: 32768 (order: 6, 262144 bytes, linear)
[    0.361244] tcp_listen_portaddr_hash hash table entries: 1024 (order: 2, 16384 bytes, linear)
[    0.361325] TCP established hash table entries: 16384 (order: 5, 131072 bytes, linear)
[    0.361390] TCP bind hash table entries: 16384 (order: 6, 262144 bytes, linear)
[    0.361416] TCP: Hash tables configured (established 16384 bind 16384)
[    0.361462] UDP hash table entries: 1024 (order: 3, 32768 bytes, linear)
[    0.361473] UDP-Lite hash table entries: 1024 (order: 3, 32768 bytes, linear)
[    0.361501] NET: Registered protocol family 1
[    0.361509] NET: Registered protocol family 44
[    0.361534] pci 0000:00:00.0: Limiting direct PCI/PCI transfers
[    0.361546] pci 0000:00:01.0: Activating ISA DMA hang workarounds
[    0.361603] pci 0000:00:02.0: Video device with shadowed ROM at [mem 0x000c0000-0x000dffff]
[    0.361666] PCI: CLS 0 bytes, default 64
[    0.361716] Trying to unpack rootfs image as initramfs...
[    0.551734] Freeing initrd memory: 47860K
[    0.551734] clocksource: tsc: mask: 0xffffffffffffffff max_cycles: 0x1e4530a99b6, max_idle_ns: 440795257976 ns
[    0.551734] clocksource: Switched to clocksource tsc
[    0.551734] platform rtc_cmos: registered platform RTC device (no PNP device found)
[    0.551734] check: Scanning for low memory corruption every 60 seconds
[    0.551734] Initialise system trusted keyrings
[    0.551734] Key type blacklist registered
[    0.551734] workingset: timestamp_bits=36 max_order=19 bucket_order=0
[    0.551734] zbud: loaded
[    0.551734] squashfs: version 4.0 (2009/01/31) Phillip Lougher
[    0.551734] fuse: init (API version 7.31)
[    0.551734] *** VALIDATE fuse ***
[    0.551734] *** VALIDATE fuse ***
[    0.551734] Platform Keyring initialized
[    0.551734] Key type asymmetric registered
[    0.551734] Asymmetric key parser 'x509' registered
[    0.551734] Block layer SCSI generic (bsg) driver version 0.4 loaded (major 244)
[    0.551734] io scheduler mq-deadline registered
[    0.551734] shpchp: Standard Hot Plug PCI Controller Driver version: 0.4
[    0.564159] ACPI: AC Adapter [AC] (on-line)
[    0.564207] input: Power Button as /devices/LNXSYSTM:00/LNXPWRBN:00/input/input0
[    0.564234] ACPI: Power Button [PWRF]
[    0.564321] input: Sleep Button as /devices/LNXSYSTM:00/LNXSLPBN:00/input/input1
[    0.564334] ACPI: Sleep Button [SLPF]
[    0.564566] Serial: 8250/16550 driver, 32 ports, IRQ sharing enabled
[    0.565751] Linux agpgart interface v0.103
[    0.655193] loop: module loaded
[    0.655345] ata_piix 0000:00:01.1: version 2.13
[    0.655750] scsi host0: ata_piix
[    0.655839] scsi host1: ata_piix
[    0.655866] ata1: PATA max UDMA/33 cmd 0x1f0 ctl 0x3f6 bmdma 0xd000 irq 14
[    0.655867] ata2: PATA max UDMA/33 cmd 0x170 ctl 0x376 bmdma 0xd008 irq 15
[    0.655946] tun: Universal TUN/TAP device driver, 1.6
[    0.656253] PPP generic driver version 2.4.2
[    0.656298] VFIO - User Level meta-driver version: 0.3
[    0.656545] ehci_hcd: USB 2.0 'Enhanced' Host Controller (EHCI) Driver
[    0.656551] ehci-pci: EHCI PCI platform driver
[    0.656566] ehci-platform: EHCI generic platform driver
[    0.656572] ohci_hcd: USB 1.1 'Open' Host Controller (OHCI) Driver
[    0.656573] ohci-pci: OHCI PCI platform driver
[    0.656579] ohci-platform: OHCI generic platform driver
[    0.656583] uhci_hcd: USB Universal Host Controller Interface driver
[    0.656644] i8042: PNP: PS/2 Controller [PNP0303:PS2K,PNP0f03:PS2M] at 0x60,0x64 irq 1,12
[    0.657101] serio: i8042 KBD port at 0x60,0x64 irq 1
[    0.657106] serio: i8042 AUX port at 0x60,0x64 irq 12
[    0.657197] mousedev: PS/2 mouse device common for all mice
[    0.657476] input: AT Translated Set 2 keyboard as /devices/platform/i8042/serio0/input/input2
[    0.657890] rtc_cmos rtc_cmos: registered as rtc0
[    0.657903] rtc_cmos rtc_cmos: alarms up to one day, 114 bytes nvram
[    0.657908] i2c /dev entries driver
[    0.657957] device-mapper: uevent: version 1.0.3
[    0.657999] device-mapper: ioctl: 4.41.0-ioctl (2019-09-16) initialised: dm-devel@redhat.com
[    0.658017] platform eisa.0: Probing EISA bus 0
[    0.658019] platform eisa.0: EISA: Cannot allocate resource for mainboard
[    0.658020] platform eisa.0: Cannot allocate resource for EISA slot 1
[    0.658021] platform eisa.0: Cannot allocate resource for EISA slot 2
[    0.658022] platform eisa.0: Cannot allocate resource for EISA slot 3
[    0.658023] platform eisa.0: Cannot allocate resource for EISA slot 4
[    0.658024] platform eisa.0: Cannot allocate resource for EISA slot 5
[    0.658025] platform eisa.0: Cannot allocate resource for EISA slot 6
[    0.658026] platform eisa.0: Cannot allocate resource for EISA slot 7
[    0.658026] platform eisa.0: Cannot allocate resource for EISA slot 8
[    0.658027] platform eisa.0: EISA: Detected 0 cards
[    0.658030] intel_pstate: CPU model not supported
[    0.658040] ledtrig-cpu: registered to indicate activity on CPUs
[    0.658093] drop_monitor: Initializing network drop monitor service
[    0.658255] NET: Registered protocol family 10
[    0.663328] Segment Routing with IPv6
[    0.663328] NET: Registered protocol family 17
[    0.663328] Key type dns_resolver registered
[    0.663328] RAS: Correctable Errors collector initialized.
[    0.663328] IPI shorthand broadcast: enabled
[    0.663328] sched_clock: Marking stable (648183461, 11145185)->(658275245, 1053401)
[    0.663588] registered taskstats version 1
[    0.663600] Loading compiled-in X.509 certificates
[    0.664185] Loaded X.509 cert 'Build time autogenerated kernel key: 0a9e52cc6eb58eed9b63e328679db6d5d5216245'
[    0.664203] zswap: loaded using pool lzo/zbud
[    0.664256] Key type ._fscrypt registered
[    0.664257] Key type .fscrypt registered
[    0.668852] Key type big_key registered
[    0.671041] Key type encrypted registered
[    0.671044] AppArmor: AppArmor sha1 policy hashing enabled
[    0.671050] ima: No TPM chip found, activating TPM-bypass!
[    0.671054] ima: Allocated hash algorithm: sha1
[    0.671060] ima: No architecture policies found
[    0.671068] evm: Initialising EVM extended attributes:
[    0.671069] evm: security.selinux
[    0.671070] evm: security.SMACK64
[    0.671070] evm: security.SMACK64EXEC
[    0.671070] evm: security.SMACK64TRANSMUTE
[    0.671071] evm: security.SMACK64MMAP
[    0.671071] evm: security.apparmor
[    0.671072] evm: security.ima
[    0.671072] evm: security.capability
[    0.671073] evm: HMAC attrs: 0x1
[    0.671368] PM:   Magic number: 10:399:991
[    0.671504] rtc_cmos rtc_cmos: setting system clock to 2026-01-20T14:59:59 UTC (1768921199)
[    0.828415] ata1.00: ATA-6: VBOX HARDDISK, 1.0, max UDMA/133
[    0.828418] ata1.00: 209715200 sectors, multi 128: LBA 
[    0.829078] scsi 0:0:0:0: Direct-Access     ATA      VBOX HARDDISK    1.0  PQ: 0 ANSI: 5
[    0.829390] sd 0:0:0:0: [sda] 209715200 512-byte logical blocks: (107 GB/100 GiB)
[    0.829403] sd 0:0:0:0: [sda] Write Protect is off
[    0.829405] sd 0:0:0:0: [sda] Mode Sense: 00 3a 00 00
[    0.829424] sd 0:0:0:0: [sda] Write cache: enabled, read cache: enabled, doesn't support DPO or FUA
[    0.829628] sd 0:0:0:0: Attached scsi generic sg0 type 0
[    0.830410]  sda: sda1 sda2
[    0.839429] sd 0:0:0:0: [sda] Attached SCSI disk
[    0.843600] Freeing unused decrypted memory: 2040K
[    0.844760] Freeing unused kernel image memory: 2720K
[    0.844763] Write protecting the kernel read-only data: 22528k
[    0.846004] Freeing unused kernel image memory: 2036K
[    0.846683] Freeing unused kernel image memory: 1452K
[    0.879251] x86/mm: Checked W+X mappings: passed, no W+X pages found.
[    0.879258] Run /init as init process
[    0.978393] ACPI: Video Device [GFX0] (multi-head: yes  rom: no  post: no)
[    0.978465] input: Video Bus as /devices/LNXSYSTM:00/LNXSYBUS:00/PNP0A03:00/LNXVIDEO:00/input/input4
[    0.988683] pcnet32: pcnet32.c:v1.35 21.Apr.2008 tsbogend@alpha.franken.de
[    0.989532] pcnet32: PCnet/FAST III 79C973 at 0xd020, 08:00:27:27:35:16 assigned IRQ 19
[    0.989576] pcnet32: Found PHY 0022:561b at address 0
[    0.989876] pcnet32: eth0: registered as PCnet/FAST III 79C973
[    0.991035] pcnet32: 1 cards_found
[    0.993492] e1000: Intel(R) PRO/1000 Network Driver - version 7.3.21-k8-NAPI
[    0.993492] e1000: Copyright (c) 1999-2006 Intel Corporation.
[    0.996099] piix4_smbus 0000:00:07.0: SMBus Host Controller at 0x4100, revision 0
[    1.064415] pcnet32 0000:00:03.0 enp0s3: renamed from eth0
[    1.213558] input: ImExPS/2 Generic Explorer Mouse as /devices/platform/i8042/serio1/input/input5
[    1.407458] e1000 0000:00:08.0 eth0: (PCI:33MHz:32-bit) 08:00:27:5c:ac:37
[    1.407462] e1000 0000:00:08.0 eth0: Intel(R) PRO/1000 Network Connection
[    1.779422] e1000 0000:00:09.0 eth1: (PCI:33MHz:32-bit) 08:00:27:cb:ef:c4
[    1.779425] e1000 0000:00:09.0 eth1: Intel(R) PRO/1000 Network Connection
[    1.780566] e1000 0000:00:09.0 enp0s9: renamed from eth1
[    1.782339] e1000 0000:00:08.0 enp0s8: renamed from eth0
[    1.835569] EXT4-fs (sda2): mounted filesystem with ordered data mode. Opts: (null)
[    1.916171] systemd[1]: Inserted module 'autofs4'
[    1.926904] systemd[1]: systemd 245.4-4ubuntu3 running in system mode. (+PAM +AUDIT +SELINUX +IMA +APPARMOR +SMACK +SYSVINIT +UTMP +LIBCRYPTSETUP +GCRYPT +GNUTLS +ACL +XZ +LZ4 +SECCOMP +BLKID +ELFUTILS +KMOD +IDN2 -IDN +PCRE2 default-hierarchy=hybrid)
[    1.926931] systemd[1]: Detected virtualization oracle.
[    1.926934] systemd[1]: Detected architecture x86-64.
[    1.928266] systemd[1]: Set hostname to <ztg>.
[    2.047798] systemd[1]: /lib/systemd/system/dbus.socket:5: ListenStream= references a path below legacy directory /var/run/, updating /var/run/dbus/system_bus_socket â†’ /run/dbus/system_bus_socket; please update the unit file accordingly.
[    2.098151] systemd[1]: Created slice system-modprobe.slice.
[    2.098338] systemd[1]: Created slice User and Session Slice.
[    2.098382] systemd[1]: Started Forward Password Requests to Wall Directory Watch.
[    2.098534] systemd[1]: Set up automount Arbitrary Executable File Formats File System Automount Point.
[    2.098567] systemd[1]: Reached target User and Group Name Lookups.
[    2.098576] systemd[1]: Reached target Remote File Systems.
[    2.098583] systemd[1]: Reached target Slices.
[    2.099066] systemd[1]: Listening on Syslog Socket.
[    2.099130] systemd[1]: Listening on fsck to fsckd communication Socket.
[    2.099214] systemd[1]: Listening on initctl Compatibility Named Pipe.
[    2.099352] systemd[1]: Listening on Journal Audit Socket.
[    2.099404] systemd[1]: Listening on Journal Socket (/dev/log).
[    2.099471] systemd[1]: Listening on Journal Socket.
[    2.099533] systemd[1]: Listening on udev Control Socket.
[    2.099573] systemd[1]: Listening on udev Kernel Socket.
[    2.100289] systemd[1]: Mounting Huge Pages File System...
[    2.101198] systemd[1]: Mounting POSIX Message Queue File System...
[    2.102049] systemd[1]: Mounting Kernel Debug File System...
[    2.102890] systemd[1]: Mounting Kernel Trace File System...
[    2.104788] systemd[1]: Starting Journal Service...
[    2.129842] systemd[1]: Starting Set the console keyboard layout...
[    2.137653] systemd[1]: Starting Create list of static device nodes for the current kernel...
[    2.139656] systemd[1]: Starting Load Kernel Module drm...
[    2.147900] systemd[1]: Condition check resulted in Set Up Additional Binary Formats being skipped.
[    2.147935] systemd[1]: Condition check resulted in File System Check on Root Device being skipped.
[    2.150593] systemd[1]: Starting Load Kernel Modules...
[    2.155890] systemd[1]: Starting Remount Root and Kernel File Systems...
[    2.170717] systemd[1]: Starting udev Coldplug all Devices...
[    2.177638] systemd[1]: Starting Uncomplicated firewall...
[    2.179186] systemd[1]: Mounted Huge Pages File System.
[    2.179291] systemd[1]: Mounted POSIX Message Queue File System.
[    2.179365] systemd[1]: Mounted Kernel Debug File System.
[    2.179435] systemd[1]: Mounted Kernel Trace File System.
[    2.183555] EXT4-fs (sda2): re-mounted. Opts: errors=remount-ro
[    2.191365] systemd[1]: Finished Create list of static device nodes for the current kernel.
[    2.192350] systemd[1]: modprobe@drm.service: Succeeded.
[    2.195264] systemd[1]: Finished Load Kernel Module drm.
[    2.196608] systemd[1]: Finished Remount Root and Kernel File Systems.
[    2.197176] systemd[1]: Finished Uncomplicated firewall.
[    2.230988] systemd[1]: Condition check resulted in Rebuild Hardware Database being skipped.
[    2.231021] systemd[1]: Condition check resulted in Platform Persistent Storage Archival being skipped.
[    2.234920] systemd[1]: Starting Load/Save Random Seed...
[    2.236282] lp: driver loaded but no devices found
[    2.242567] systemd[1]: Starting Create System Users...
[    2.267236] ppdev: user-space parallel port driver
[    2.273428] systemd[1]: Finished Load/Save Random Seed.
[    2.277159] systemd[1]: Finished Create System Users.
[    2.281770] systemd[1]: Starting Create Static Device Nodes in /dev...
[    2.319759] systemd[1]: Finished udev Coldplug all Devices.
[    2.327415] systemd[1]: Finished Create Static Device Nodes in /dev.
[    2.328210] systemd[1]: Starting udev Kernel Device Manager...
[    2.351266] [drm] DMA map mode: Caching DMA mappings.
[    2.351328] [drm] Capabilities:
[    2.351328] [drm]   Rect copy.
[    2.351328] [drm]   Cursor.
[    2.351329] [drm]   Cursor bypass.
[    2.351329] [drm]   Cursor bypass 2.
[    2.351330] [drm]   Alpha cursor.
[    2.351330] [drm]   Extended Fifo.
[    2.351330] [drm]   Pitchlock.
[    2.351331] [drm]   Irq mask.
[    2.351331] [drm]   GMR.
[    2.351331] [drm]   Traces.
[    2.351332] [drm]   GMR2.
[    2.351332] [drm]   Screen Object 2.
[    2.351332] [drm]   Command Buffers.
[    2.351333] [drm]   Command Buffers 2.
[    2.351333] [drm]   Guest Backed Resources.
[    2.351334] [drm] Max GMR ids is 8192
[    2.351335] [drm] Max number of GMR pages is 1048576
[    2.351335] [drm] Max dedicated hypervisor surface memory is 393216 kiB
[    2.351336] [drm] Maximum display memory size is 131072 kiB
[    2.351336] [drm] VRAM at 0xe0000000 size is 131072 kiB
[    2.351337] [drm] MMIO at 0xf0000000 size is 2048 kiB
[    2.351987] [TTM] Zone  kernel: Available graphics memory: 1011744 KiB
[    2.351987] [TTM] Initializing pool allocator
[    2.351992] [TTM] Initializing DMA pool allocator
[    2.352047] [drm] Supports vblank timestamp caching Rev 2 (21.10.2013).
[    2.352047] [drm] No driver support for vblank timestamp query.
[    2.352265] [drm] Screen Target Display device initialized
[    2.352470] [drm] width 720
[    2.352479] [drm] height 400
[    2.352482] [drm] bpp 32
[    2.353054] [drm] Fifo max 0x00200000 min 0x00001000 cap 0x00000355
[    2.354144] [drm] Using command buffers with DMA pool.
[    2.354147] [drm] DX: no.
[    2.354148] [drm] Atomic: yes.
[    2.354148] [drm] SM4_1: no.
[    2.354173] [drm:vmw_host_log [vmwgfx]] *ERROR* Failed to send host log message.
[    2.355250] [drm:vmw_host_log [vmwgfx]] *ERROR* Failed to send host log message.
[    2.364689] fbcon: svgadrmfb (fb0) is primary device
[    2.370832] Console: switching to colour frame buffer device 100x37
[    2.376836] [drm] Initialized vmwgfx 2.15.0 20180704 for 0000:00:02.0 on minor 0
[    2.378531] systemd[1]: Finished Load Kernel Modules.
[    2.379483] systemd[1]: Mounting FUSE Control File System...
[    2.380622] systemd[1]: Mounting Kernel Configuration File System...
[    2.412621] systemd[1]: Starting Apply Kernel Variables...
[    2.418300] systemd[1]: Mounted FUSE Control File System.
[    2.418369] systemd[1]: Condition check resulted in VMware vmblock fuse mount being skipped.
[    2.422601] systemd[1]: Mounted Kernel Configuration File System.
[    2.424663] systemd[1]: Finished Set the console keyboard layout.
[    2.424771] systemd[1]: Reached target Local File Systems (Pre).
[    2.431437] systemd[1]: Mounting Mount unit for bare, revision 5...
[    2.433395] systemd[1]: Mounting Mount unit for core18, revision 1705...
[    2.441039] systemd[1]: Mounting Mount unit for gnome-3-34-1804, revision 24...
[    2.448399] systemd[1]: Mounting Mount unit for gtk-common-themes, revision 1506...
[    2.459186] systemd[1]: Mounting Mount unit for gtk-common-themes, revision 1535...
[    2.480209] systemd[1]: Mounting Mount unit for snap-store, revision 433...
[    2.488933] systemd[1]: Mounting Mount unit for snapd, revision 25935...
[    2.492045] systemd[1]: Finished Apply Kernel Variables.
[    2.510591] systemd[1]: Mounted Mount unit for bare, revision 5.
[    2.510679] systemd[1]: Mounted Mount unit for gnome-3-34-1804, revision 24.
[    2.525678] systemd[1]: Started udev Kernel Device Manager.
[    2.526345] systemd[1]: Starting Show Plymouth Boot Screen...
[    2.534660] systemd[1]: Received SIGRTMIN+20 from PID 273 (plymouthd).
[    2.540822] systemd[1]: Mounted Mount unit for gtk-common-themes, revision 1506.
[    2.579725] systemd[1]: Mounted Mount unit for core18, revision 1705.
[    2.579988] systemd[1]: Mounted Mount unit for gtk-common-themes, revision 1535.
[    2.580168] systemd[1]: Started Show Plymouth Boot Screen.
[    2.580350] systemd[1]: Condition check resulted in Dispatch Password Requests to Console Directory Watch being skipped.
[    2.580431] systemd[1]: Started Forward Password Requests to Plymouth Directory Watch.
[    2.580498] systemd[1]: Reached target Local Encrypted Volumes.
[    2.628033] systemd[1]: Mounted Mount unit for snap-store, revision 433.
[    2.628277] systemd[1]: Mounted Mount unit for snapd, revision 25935.
[    2.628427] systemd[1]: Reached target Local File Systems.
[    2.630834] systemd[1]: Starting Load AppArmor profiles...
[    2.631744] systemd[1]: Starting Set console font and keymap...
[    2.645104] systemd[1]: Starting Tell Plymouth To Write Out Runtime Data...
[    2.646468] systemd[1]: Condition check resulted in Store a System Token in an EFI Variable being skipped.
[    2.646519] systemd[1]: Condition check resulted in Commit a transient machine-id on disk being skipped.
[    2.650289] systemd[1]: Finished Set console font and keymap.
[    2.658829] systemd[1]: Received SIGRTMIN+20 from PID 273 (plymouthd).
[    2.659716] systemd[1]: plymouth-read-write.service: Succeeded.
[    2.659942] systemd[1]: Finished Tell Plymouth To Write Out Runtime Data.
[    2.692014] audit: type=1400 audit(1768921201.516:2): apparmor="STATUS" operation="profile_load" profile="unconfined" name="nvidia_modprobe" pid=299 comm="apparmor_parser"
[    2.692017] audit: type=1400 audit(1768921201.516:3): apparmor="STATUS" operation="profile_load" profile="unconfined" name="nvidia_modprobe//kmod" pid=299 comm="apparmor_parser"
[    2.698494] audit: type=1400 audit(1768921201.524:4): apparmor="STATUS" operation="profile_load" profile="unconfined" name="/usr/sbin/tcpdump" pid=300 comm="apparmor_parser"
[    2.736694] audit: type=1400 audit(1768921201.552:5): apparmor="STATUS" operation="profile_load" profile="unconfined" name="/usr/bin/evince" pid=302 comm="apparmor_parser"
[    2.736708] audit: type=1400 audit(1768921201.552:6): apparmor="STATUS" operation="profile_load" profile="unconfined" name="/usr/bin/evince//sanitized_helper" pid=302 comm="apparmor_parser"
[    2.736710] audit: type=1400 audit(1768921201.552:7): apparmor="STATUS" operation="profile_load" profile="unconfined" name="/usr/bin/evince-previewer" pid=302 comm="apparmor_parser"
[    2.736713] audit: type=1400 audit(1768921201.552:8): apparmor="STATUS" operation="profile_load" profile="unconfined" name="/usr/bin/evince-previewer//sanitized_helper" pid=302 comm="apparmor_parser"
[    2.736714] audit: type=1400 audit(1768921201.552:9): apparmor="STATUS" operation="profile_load" profile="unconfined" name="/usr/bin/evince-thumbnailer" pid=302 comm="apparmor_parser"
[    2.769121] audit: type=1400 audit(1768921201.596:10): apparmor="STATUS" operation="profile_load" profile="unconfined" name="/usr/lib/cups/backend/cups-pdf" pid=303 comm="apparmor_parser"
[    2.831032] systemd[1]: Finished Load AppArmor profiles.
[    2.832032] systemd[1]: Starting Load AppArmor profiles managed internally by snapd...
[    2.940509] systemd[1]: Finished Load AppArmor profiles managed internally by snapd.
[    3.086114] systemd[1]: Started Journal Service.
[    3.093598] systemd-journald[228]: Received client request to flush runtime journal.
[    4.421911] RAPL PMU: API unit is 2^-32 Joules, 0 fixed counters, 10737418240 ms ovfl timer
[    4.507518] cryptd: max_cpu_qlen set to 1000
[    4.546397] AVX2 version of gcm_enc/dec engaged.
[    4.546399] AES CTR mode by8 optimization enabled
[    6.359158] Adding 1998844k swap on /dev/sda1.  Priority:-2 extents:1 across:1998844k FS
[    7.632079] kauditd_printk_skb: 30 callbacks suppressed
[    7.632080] audit: type=1400 audit(1768921206.452:41): apparmor="DENIED" operation="capable" profile="/usr/sbin/cups-browsed" pid=507 comm="cups-browsed" capability=23  capname="sys_nice"
[    8.758687] pcnet32 0000:00:03.0 enp0s3: link up, 100Mbps, full-duplex
[    8.802386] e1000: enp0s8 NIC Link is Up 1000 Mbps Full Duplex, Flow Control: RX
[    8.802662] IPv6: ADDRCONF(NETDEV_CHANGE): enp0s8: link becomes ready
[    8.813962] e1000: enp0s9 NIC Link is Up 1000 Mbps Full Duplex, Flow Control: RX
[    8.814262] IPv6: ADDRCONF(NETDEV_CHANGE): enp0s9: link becomes ready
[    9.455520] device enp0s3 entered promiscuous mode
[    9.495923] audit: type=1400 audit(1768921208.316:42): apparmor="DENIED" operation="open" profile="/usr/sbin/tcpdump" name="/proc/sys/kernel/random/boot_id" pid=637 comm="tcpdump" requested_mask="r" denied_mask="r" fsuid=0 ouid=0
[    9.496704] audit: type=1400 audit(1768921208.316:43): apparmor="DENIED" operation="open" profile="/usr/sbin/tcpdump" name="/proc/sys/kernel/random/boot_id" pid=637 comm="tcpdump" requested_mask="r" denied_mask="r" fsuid=0 ouid=0
[    9.497528] audit: type=1400 audit(1768921208.316:44): apparmor="DENIED" operation="open" profile="/usr/sbin/tcpdump" name="/proc/sys/kernel/random/boot_id" pid=637 comm="tcpdump" requested_mask="r" denied_mask="r" fsuid=0 ouid=0
[    9.497951] audit: type=1400 audit(1768921208.316:45): apparmor="DENIED" operation="open" profile="/usr/sbin/tcpdump" name="/proc/sys/kernel/random/boot_id" pid=637 comm="tcpdump" requested_mask="r" denied_mask="r" fsuid=0 ouid=0
[    9.506957] audit: type=1400 audit(1768921208.328:46): apparmor="DENIED" operation="open" profile="/usr/sbin/tcpdump" name="/proc/sys/kernel/random/boot_id" pid=638 comm="tcpdump" requested_mask="r" denied_mask="r" fsuid=0 ouid=0
[    9.514579] audit: type=1400 audit(1768921208.340:47): apparmor="DENIED" operation="open" profile="/usr/sbin/tcpdump" name="/proc/sys/kernel/random/boot_id" pid=638 comm="tcpdump" requested_mask="r" denied_mask="r" fsuid=0 ouid=0
[    9.514742] audit: type=1400 audit(1768921208.340:48): apparmor="DENIED" operation="open" profile="/usr/sbin/tcpdump" name="/proc/sys/kernel/random/boot_id" pid=638 comm="tcpdump" requested_mask="r" denied_mask="r" fsuid=0 ouid=0
[    9.514929] audit: type=1400 audit(1768921208.340:49): apparmor="DENIED" operation="open" profile="/usr/sbin/tcpdump" name="/proc/sys/kernel/random/boot_id" pid=638 comm="tcpdump" requested_mask="r" denied_mask="r" fsuid=0 ouid=0
[   15.435323] rfkill: input handler disabled
[  890.804647] rfkill: input handler enabled
[  900.830329] rfkill: input handler disabled
[ 1088.315904] device enp0s3 left promiscuous mode
