[    0.000000] Linux version 5.4.243-tcp (root@ztg) (gcc version 12.2.0 (Debian 12.2.0-14)) #1 SMP Fri Apr 12 08:27:09 CST 2024
[    0.000000] Command line: BOOT_IMAGE=/boot/vmlinuz-5.4.243-tcp root=UUID=98415a12-53b7-4144-8265-0f7ece09e445 ro quiet splash
[    0.000000] KERNEL supported cpus:
[    0.000000]   Intel GenuineIntel
[    0.000000]   AMD AuthenticAMD
[    0.000000]   Hygon HygonGenuine
[    0.000000]   Centaur CentaurHauls
[    0.000000]   zhaoxin   Shanghai  
[    0.000000] x86/fpu: Supporting XSAVE feature 0x001: 'x87 floating point registers'
[    0.000000] x86/fpu: Supporting XSAVE feature 0x002: 'SSE registers'
[    0.000000] x86/fpu: Supporting XSAVE feature 0x004: 'AVX registers'
[    0.000000] x86/fpu: xstate_offset[2]:  576, xstate_sizes[2]:  256
[    0.000000] x86/fpu: Enabled xstate features 0x7, context size is 832 bytes, using 'standard' format.
[    0.000000] BIOS-provided physical RAM map:
[    0.000000] BIOS-e820: [mem 0x0000000000000000-0x000000000009fbff] usable
[    0.000000] BIOS-e820: [mem 0x000000000009fc00-0x000000000009ffff] reserved
[    0.000000] BIOS-e820: [mem 0x00000000000f0000-0x00000000000fffff] reserved
[    0.000000] BIOS-e820: [mem 0x0000000000100000-0x000000007ffeffff] usable
[    0.000000] BIOS-e820: [mem 0x000000007fff0000-0x000000007fffffff] ACPI data
[    0.000000] BIOS-e820: [mem 0x00000000fec00000-0x00000000fec00fff] reserved
[    0.000000] BIOS-e820: [mem 0x00000000fee00000-0x00000000fee00fff] reserved
[    0.000000] BIOS-e820: [mem 0x00000000fffc0000-0x00000000ffffffff] reserved
[    0.000000] NX (Execute Disable) protection: active
[    0.000000] SMBIOS 2.5 present.
[    0.000000] DMI: innotek GmbH VirtualBox/VirtualBox, BIOS VirtualBox 12/01/2006
[    0.000000] Hypervisor detected: KVM
[    0.000000] kvm-clock: Using msrs 4b564d01 and 4b564d00
[    0.000000] kvm-clock: cpu 0, msr 24c01001, primary cpu clock
[    0.000000] kvm-clock: using sched offset of 4428435825 cycles
[    0.000003] clocksource: kvm-clock: mask: 0xffffffffffffffff max_cycles: 0x1cd42e4dffb, max_idle_ns: 881590591483 ns
[    0.000006] tsc: Detected 2100.000 MHz processor
[    0.001895] e820: update [mem 0x00000000-0x00000fff] usable ==> reserved
[    0.001898] e820: remove [mem 0x000a0000-0x000fffff] usable
[    0.001902] last_pfn = 0x7fff0 max_arch_pfn = 0x400000000
[    0.001972] MTRR default type: uncachable
[    0.001973] MTRR fixed ranges enabled:
[    0.001974]   00000-9FFFF write-back
[    0.001975]   A0000-BFFFF uncachable
[    0.001976]   C0000-FFFFF write-protect
[    0.001977] MTRR variable ranges enabled:
[    0.001978]   0 base 000000000000 mask 3FFF80000000 write-back
[    0.001979]   1 disabled
[    0.001979]   2 disabled
[    0.001980]   3 disabled
[    0.001980]   4 disabled
[    0.001981]   5 disabled
[    0.001981]   6 disabled
[    0.001981]   7 disabled
[    0.001982]   8 disabled
[    0.001982]   9 disabled
[    0.001983]   10 disabled
[    0.001983]   11 disabled
[    0.001984]   12 disabled
[    0.001984]   13 disabled
[    0.001984]   14 disabled
[    0.001985]   15 disabled
[    0.002002] x86/PAT: Configuration [0-7]: WB  WC  UC- UC  WB  WP  UC- WT  
[    0.002137] found SMP MP-table at [mem 0x0009fff0-0x0009ffff]
[    0.095465] check: Scanning 1 areas for low memory corruption
[    0.095661] RAMDISK: [mem 0x32275000-0x35131fff]
[    0.095669] ACPI: Early table checksum verification disabled
[    0.095675] ACPI: RSDP 0x00000000000E0000 000024 (v02 VBOX  )
[    0.095680] ACPI: XSDT 0x000000007FFF0030 00003C (v01 VBOX   VBOXXSDT 00000001 ASL  00000061)
[    0.095686] ACPI: FACP 0x000000007FFF00F0 0000F4 (v04 VBOX   VBOXFACP 00000001 ASL  00000061)
[    0.095693] ACPI: DSDT 0x000000007FFF02E0 002353 (v02 VBOX   VBOXBIOS 00000002 VBOX 00029BF3)
[    0.095697] ACPI: FACS 0x000000007FFF0200 000040
[    0.095700] ACPI: FACS 0x000000007FFF0200 000040
[    0.095703] ACPI: APIC 0x000000007FFF0240 000054 (v02 VBOX   VBOXAPIC 00000001 ASL  00000061)
[    0.095707] ACPI: SSDT 0x000000007FFF02A0 000038 (v01 VBOX   VBOXCPUT 00000002 VBOX 00029BF3)
[    0.095710] ACPI: Reserving FACP table memory at [mem 0x7fff00f0-0x7fff01e3]
[    0.095711] ACPI: Reserving DSDT table memory at [mem 0x7fff02e0-0x7fff2632]
[    0.095712] ACPI: Reserving FACS table memory at [mem 0x7fff0200-0x7fff023f]
[    0.095712] ACPI: Reserving FACS table memory at [mem 0x7fff0200-0x7fff023f]
[    0.095713] ACPI: Reserving APIC table memory at [mem 0x7fff0240-0x7fff0293]
[    0.095714] ACPI: Reserving SSDT table memory at [mem 0x7fff02a0-0x7fff02d7]
[    0.095727] ACPI: Local APIC address 0xfee00000
[    0.095917] No NUMA configuration found
[    0.095918] Faking a node at [mem 0x0000000000000000-0x000000007ffeffff]
[    0.095928] NODE_DATA(0) allocated [mem 0x7ffc5000-0x7ffeffff]
[    0.096190] Zone ranges:
[    0.096191]   DMA      [mem 0x0000000000001000-0x0000000000ffffff]
[    0.096192]   DMA32    [mem 0x0000000001000000-0x000000007ffeffff]
[    0.096193]   Normal   empty
[    0.096193]   Device   empty
[    0.096194] Movable zone start for each node
[    0.096196] Early memory node ranges
[    0.096197]   node   0: [mem 0x0000000000001000-0x000000000009efff]
[    0.096198]   node   0: [mem 0x0000000000100000-0x000000007ffeffff]
[    0.096200] Zeroed struct page in unavailable ranges: 114 pages
[    0.096202] Initmem setup node 0 [mem 0x0000000000001000-0x000000007ffeffff]
[    0.096203] On node 0 totalpages: 524174
[    0.096204]   DMA zone: 64 pages used for memmap
[    0.096204]   DMA zone: 21 pages reserved
[    0.096205]   DMA zone: 3998 pages, LIFO batch:0
[    0.096275]   DMA32 zone: 8128 pages used for memmap
[    0.096276]   DMA32 zone: 520176 pages, LIFO batch:63
[    0.105400] ACPI: PM-Timer IO Port: 0x4008
[    0.105404] ACPI: Local APIC address 0xfee00000
[    0.105474] IOAPIC[0]: apic_id 1, version 32, address 0xfec00000, GSI 0-23
[    0.105477] ACPI: INT_SRC_OVR (bus 0 bus_irq 0 global_irq 2 dfl dfl)
[    0.105479] ACPI: INT_SRC_OVR (bus 0 bus_irq 9 global_irq 9 low level)
[    0.105481] ACPI: IRQ0 used by override.
[    0.105482] ACPI: IRQ9 used by override.
[    0.105484] Using ACPI (MADT) for SMP configuration information
[    0.105491] smpboot: Allowing 1 CPUs, 0 hotplug CPUs
[    0.105515] PM: Registered nosave memory: [mem 0x00000000-0x00000fff]
[    0.105516] PM: Registered nosave memory: [mem 0x0009f000-0x0009ffff]
[    0.105517] PM: Registered nosave memory: [mem 0x000a0000-0x000effff]
[    0.105517] PM: Registered nosave memory: [mem 0x000f0000-0x000fffff]
[    0.105519] [mem 0x80000000-0xfebfffff] available for PCI devices
[    0.105520] Booting paravirtualized kernel on KVM
[    0.105523] clocksource: refined-jiffies: mask: 0xffffffff max_cycles: 0xffffffff, max_idle_ns: 7645519600211568 ns
[    0.105528] setup_percpu: NR_CPUS:8192 nr_cpumask_bits:1 nr_cpu_ids:1 nr_node_ids:1
[    0.106538] percpu: Embedded 60 pages/cpu s208896 r8192 d28672 u2097152
[    0.106544] pcpu-alloc: s208896 r8192 d28672 u2097152 alloc=1*2097152
[    0.106544] pcpu-alloc: [0] 0 
[    0.106572] Built 1 zonelists, mobility grouping on.  Total pages: 515961
[    0.106573] Policy zone: DMA32
[    0.106574] Kernel command line: BOOT_IMAGE=/boot/vmlinuz-5.4.243-tcp root=UUID=98415a12-53b7-4144-8265-0f7ece09e445 ro quiet splash
[    0.107408] Dentry cache hash table entries: 262144 (order: 9, 2097152 bytes, linear)
[    0.107555] Inode-cache hash table entries: 131072 (order: 8, 1048576 bytes, linear)
[    0.107606] mem auto-init: stack:off, heap alloc:on, heap free:off
[    0.107608] Calgary: detecting Calgary via BIOS EBDA area
[    0.107610] Calgary: Unable to locate Rio Grande table in EBDA - bailing!
[    0.111671] Memory: 1967340K/2096696K available (14339K kernel code, 2392K rwdata, 4692K rodata, 2720K init, 17272K bss, 129356K reserved, 0K cma-reserved)
[    0.112614] SLUB: HWalign=64, Order=0-3, MinObjects=0, CPUs=1, Nodes=1
[    0.112631] ftrace: allocating 42894 entries in 168 pages
[    0.130493] rcu: Hierarchical RCU implementation.
[    0.130495] rcu: 	RCU restricting CPUs from NR_CPUS=8192 to nr_cpu_ids=1.
[    0.130496] 	Tasks RCU enabled.
[    0.130498] rcu: RCU calculated value of scheduler-enlistment delay is 25 jiffies.
[    0.130498] rcu: Adjusting geometry for rcu_fanout_leaf=16, nr_cpu_ids=1
[    0.133446] NR_IRQS: 524544, nr_irqs: 256, preallocated irqs: 16
[    0.133670] random: crng init done
[    0.143040] Console: colour VGA+ 80x25
[    0.143045] printk: console [tty0] enabled
[    0.143065] ACPI: Core revision 20190816
[    0.143177] APIC: Switch to symmetric I/O mode setup
[    0.143466] x2apic enabled
[    0.143705] Switched APIC routing to physical x2apic.
[    0.144839] ..TIMER: vector=0x30 apic1=0 pin1=2 apic2=-1 pin2=-1
[    0.144865] clocksource: tsc-early: mask: 0xffffffffffffffff max_cycles: 0x1e4530a99b6, max_idle_ns: 440795257976 ns
[    0.144870] Calibrating delay loop (skipped) preset value.. 4200.00 BogoMIPS (lpj=8400000)
[    0.144872] pid_max: default: 32768 minimum: 301
[    0.144903] LSM: Security Framework initializing
[    0.144913] Yama: becoming mindful.
[    0.144940] AppArmor: AppArmor initialized
[    0.144974] Mount-cache hash table entries: 4096 (order: 3, 32768 bytes, linear)
[    0.144979] Mountpoint-cache hash table entries: 4096 (order: 3, 32768 bytes, linear)
[    0.144989] *** VALIDATE tmpfs ***
[    0.145120] *** VALIDATE proc ***
[    0.145161] *** VALIDATE cgroup1 ***
[    0.145162] *** VALIDATE cgroup2 ***
[    0.145306] process: using mwait in idle threads
[    0.145310] Last level iTLB entries: 4KB 64, 2MB 8, 4MB 8
[    0.145311] Last level dTLB entries: 4KB 64, 2MB 0, 4MB 0, 1GB 4
[    0.145331] Spectre V1 : Mitigation: usercopy/swapgs barriers and __user pointer sanitization
[    0.145337] Spectre V2 : Mitigation: Retpolines
[    0.145338] Spectre V2 : Spectre v2 / SpectreRSB mitigation: Filling RSB on context switch
[    0.145338] Spectre V2 : Spectre v2 / SpectreRSB : Filling RSB on VMEXIT
[    0.145339] RETBleed: WARNING: Spectre v2 mitigation leaves CPU vulnerable to RETBleed attacks, data leaks possible!
[    0.145692] RETBleed: Vulnerable
[    0.145693] Speculative Store Bypass: Vulnerable
[    0.145698] TAA: Mitigation: TSX disabled
[    0.145698] MMIO Stale Data: Mitigation: Clear CPU buffers
[    0.149919] Freeing SMP alternatives memory: 40K
[    0.262395] smpboot: CPU0: Intel(R) Xeon(R) Silver 4216 CPU @ 2.10GHz (family: 0x6, model: 0x55, stepping: 0x7)
[    0.262553] Performance Events: unsupported p6 CPU model 85 no PMU driver, software events only.
[    0.262599] rcu: Hierarchical SRCU implementation.
[    0.263112] NMI watchdog: Perf NMI watchdog permanently disabled
[    0.263153] smp: Bringing up secondary CPUs ...
[    0.263154] smp: Brought up 1 node, 1 CPU
[    0.263154] smpboot: Max logical packages: 1
[    0.263156] smpboot: Total of 1 processors activated (4200.00 BogoMIPS)
[    0.264201] devtmpfs: initialized
[    0.264258] x86/mm: Memory block size: 128MB
[    0.264665] clocksource: jiffies: mask: 0xffffffff max_cycles: 0xffffffff, max_idle_ns: 7645041785100000 ns
[    0.264672] futex hash table entries: 256 (order: 2, 16384 bytes, linear)
[    0.264729] pinctrl core: initialized pinctrl subsystem
[    0.264842] PM: RTC time: 16:34:19, date: 2026-01-20
[    0.264866] NET: Registered protocol family 16
[    0.264866] audit: initializing netlink subsys (disabled)
[    0.264866] EISA bus registered
[    0.264866] cpuidle: using governor ladder
[    0.264866] cpuidle: using governor menu
[    0.264866] ACPI: bus type PCI registered
[    0.264866] acpiphp: ACPI Hot Plug PCI Controller Driver version: 0.5
[    0.264866] PCI: Using configuration type 1 for base access
[    0.265356] audit: type=2000 audit(1768898065.777:1): state=initialized audit_enabled=0 res=1
[    0.265437] HugeTLB registered 2.00 MiB page size, pre-allocated 0 pages
[    0.266270] ACPI: Added _OSI(Module Device)
[    0.266271] ACPI: Added _OSI(Processor Device)
[    0.266271] ACPI: Added _OSI(3.0 _SCP Extensions)
[    0.266272] ACPI: Added _OSI(Processor Aggregator Device)
[    0.266273] ACPI: Added _OSI(Linux-Dell-Video)
[    0.266274] ACPI: Added _OSI(Linux-Lenovo-NV-HDMI-Audio)
[    0.266275] ACPI: Added _OSI(Linux-HPI-Hybrid-Graphics)
[    0.268259] ACPI: 2 ACPI AML tables successfully acquired and loaded
[    0.270099] ACPI: Interpreter enabled
[    0.270108] ACPI: (supports S0 S5)
[    0.270110] ACPI: Using IOAPIC for interrupt routing
[    0.270316] PCI: Using host bridge windows from ACPI; if necessary, use "pci=nocrs" and report a bug
[    0.270445] ACPI: Enabled 2 GPEs in block 00 to 07
[    0.275507] ACPI: PCI Root Bridge [PCI0] (domain 0000 [bus 00-ff])
[    0.275512] acpi PNP0A03:00: _OSC: OS supports [ASPM ClockPM Segments MSI HPX-Type3]
[    0.276018] acpi PNP0A03:00: _OSC: not requesting OS control; OS requires [ExtendedConfig ASPM ClockPM MSI]
[    0.276026] acpi PNP0A03:00: fail to add MMCONFIG information, can't access extended PCI configuration space under this bridge.
[    0.276452] PCI host bridge to bus 0000:00
[    0.276455] pci_bus 0000:00: root bus resource [io  0x0000-0x0cf7 window]
[    0.276456] pci_bus 0000:00: root bus resource [io  0x0d00-0xffff window]
[    0.276457] pci_bus 0000:00: root bus resource [mem 0x000a0000-0x000bffff window]
[    0.276458] pci_bus 0000:00: root bus resource [mem 0x80000000-0xfdffffff window]
[    0.276460] pci_bus 0000:00: root bus resource [bus 00-ff]
[    0.276504] pci 0000:00:00.0: [8086:1237] type 00 class 0x060000
[    0.277592] pci 0000:00:01.0: [8086:7000] type 00 class 0x060100
[    0.278407] pci 0000:00:01.1: [8086:7111] type 00 class 0x01018a
[    0.278803] pci 0000:00:01.1: reg 0x20: [io  0xd000-0xd00f]
[    0.278977] pci 0000:00:01.1: legacy IDE quirk: reg 0x10: [io  0x01f0-0x01f7]
[    0.278978] pci 0000:00:01.1: legacy IDE quirk: reg 0x14: [io  0x03f6]
[    0.278979] pci 0000:00:01.1: legacy IDE quirk: reg 0x18: [io  0x0170-0x0177]
[    0.278981] pci 0000:00:01.1: legacy IDE quirk: reg 0x1c: [io  0x0376]
[    0.279555] pci 0000:00:02.0: [15ad:0405] type 00 class 0x030000
[    0.282994] pci 0000:00:02.0: reg 0x10: [io  0xd010-0xd01f]
[    0.284918] pci 0000:00:02.0: reg 0x14: [mem 0xe0000000-0xe7ffffff pref]
[    0.288908] pci 0000:00:02.0: reg 0x18: [mem 0xf0000000-0xf01fffff]
[    0.300936] pci 0000:00:03.0: [1022:2000] type 00 class 0x020000
[    0.301644] pci 0000:00:03.0: reg 0x10: [io  0xd020-0xd03f]
[    0.302273] pci 0000:00:03.0: reg 0x14: [mem 0xf0200000-0xf0200fff]
[    0.305663] pci 0000:00:04.0: [80ee:cafe] type 00 class 0x088000
[    0.306357] pci 0000:00:04.0: reg 0x10: [io  0xd040-0xd05f]
[    0.306983] pci 0000:00:04.0: reg 0x14: [mem 0xf0400000-0xf07fffff]
[    0.307596] pci 0000:00:04.0: reg 0x18: [mem 0xf0800000-0xf0803fff pref]
[    0.310997] pci 0000:00:07.0: [8086:7113] type 00 class 0x068000
[    0.311568] pci 0000:00:07.0: quirk: [io  0x4000-0x403f] claimed by PIIX4 ACPI
[    0.311578] pci 0000:00:07.0: quirk: [io  0x4100-0x410f] claimed by PIIX4 SMB
[    0.312215] pci 0000:00:08.0: [8086:100e] type 00 class 0x020000
[    0.312985] pci 0000:00:08.0: reg 0x10: [mem 0xf0820000-0xf083ffff]
[    0.314586] pci 0000:00:08.0: reg 0x18: [io  0xd060-0xd067]
[    0.319122] pci 0000:00:09.0: [8086:100e] type 00 class 0x020000
[    0.319883] pci 0000:00:09.0: reg 0x10: [mem 0xf0840000-0xf085ffff]
[    0.320981] pci 0000:00:09.0: reg 0x18: [io  0xd068-0xd06f]
[    0.329920] ACPI: PCI Interrupt Link [LNKA] (IRQs 5 9 10 *11)
[    0.330203] ACPI: PCI Interrupt Link [LNKB] (IRQs 5 9 *10 11)
[    0.330310] ACPI: PCI Interrupt Link [LNKC] (IRQs 5 *9 10 11)
[    0.330412] ACPI: PCI Interrupt Link [LNKD] (IRQs 5 9 10 *11)
[    0.330688] iommu: Default domain type: Translated 
[    0.330752] pci 0000:00:02.0: vgaarb: setting as boot VGA device
[    0.330754] pci 0000:00:02.0: vgaarb: VGA device added: decodes=io+mem,owns=io+mem,locks=none
[    0.332870] pci 0000:00:02.0: vgaarb: bridge control possible
[    0.332871] vgaarb: loaded
[    0.333086] SCSI subsystem initialized
[    0.333119] libata version 3.00 loaded.
[    0.333146] ACPI: bus type USB registered
[    0.333161] usbcore: registered new interface driver usbfs
[    0.333167] usbcore: registered new interface driver hub
[    0.333172] usbcore: registered new device driver usb
[    0.333206] pps_core: LinuxPPS API ver. 1 registered
[    0.333207] pps_core: Software ver. 5.3.6 - Copyright 2005-2007 Rodolfo Giometti <giometti@linux.it>
[    0.333209] PTP clock support registered
[    0.333244] EDAC MC: Ver: 3.0.0
[    0.333538] PCI: Using ACPI for IRQ routing
[    0.333540] PCI: pci_cache_line_size set to 64 bytes
[    0.333718] e820: reserve RAM buffer [mem 0x0009fc00-0x0009ffff]
[    0.333722] e820: reserve RAM buffer [mem 0x7fff0000-0x7fffffff]
[    0.333847] NetLabel: Initializing
[    0.333847] NetLabel:  domain hash size = 128
[    0.333848] NetLabel:  protocols = UNLABELED CIPSOv4 CALIPSO
[    0.333867] NetLabel:  unlabeled traffic allowed by default
[    0.335480] clocksource: Switched to clocksource kvm-clock
[    0.347818] *** VALIDATE bpf ***
[    0.347883] VFS: Disk quotas dquot_6.6.0
[    0.347896] VFS: Dquot-cache hash table entries: 512 (order 0, 4096 bytes)
[    0.347920] *** VALIDATE ramfs ***
[    0.347923] *** VALIDATE hugetlbfs ***
[    0.347935] AppArmor: AppArmor Filesystem Enabled
[    0.347935] pnp: PnP ACPI init
[    0.347935] pnp 00:00: Plug and Play ACPI device, IDs PNP0303 (active)
[    0.348209] pnp 00:01: Plug and Play ACPI device, IDs PNP0f03 (active)
[    0.348965] pnp: PnP ACPI: found 2 devices
[    0.349940] thermal_sys: Registered thermal governor 'fair_share'
[    0.349941] thermal_sys: Registered thermal governor 'bang_bang'
[    0.349941] thermal_sys: Registered thermal governor 'step_wise'
[    0.349942] thermal_sys: Registered thermal governor 'user_space'
[    0.349943] thermal_sys: Registered thermal governor 'power_allocator'
[    0.354473] clocksource: acpi_pm: mask: 0xffffff max_cycles: 0xffffff, max_idle_ns: 2085701024 ns
[    0.354517] pci_bus 0000:00: resource 4 [io  0x0000-0x0cf7 window]
[    0.354519] pci_bus 0000:00: resource 5 [io  0x0d00-0xffff window]
[    0.354520] pci_bus 0000:00: resource 6 [mem 0x000a0000-0x000bffff window]
[    0.354521] pci_bus 0000:00: resource 7 [mem 0x80000000-0xfdffffff window]
[    0.354583] NET: Registered protocol family 2
[    0.354661] IP idents hash table entries: 32768 (order: 6, 262144 bytes, linear)
[    0.355038] tcp_listen_portaddr_hash hash table entries: 1024 (order: 2, 16384 bytes, linear)
[    0.355119] TCP established hash table entries: 16384 (order: 5, 131072 bytes, linear)
[    0.355186] TCP bind hash table entries: 16384 (order: 6, 262144 bytes, linear)
[    0.355212] TCP: Hash tables configured (established 16384 bind 16384)
[    0.355258] UDP hash table entries: 1024 (order: 3, 32768 bytes, linear)
[    0.355269] UDP-Lite hash table entries: 1024 (order: 3, 32768 bytes, linear)
[    0.355298] NET: Registered protocol family 1
[    0.355306] NET: Registered protocol family 44
[    0.355371] pci 0000:00:00.0: Limiting direct PCI/PCI transfers
[    0.355386] pci 0000:00:01.0: Activating ISA DMA hang workarounds
[    0.355442] pci 0000:00:02.0: Video device with shadowed ROM at [mem 0x000c0000-0x000dffff]
[    0.355507] PCI: CLS 0 bytes, default 64
[    0.355561] Trying to unpack rootfs image as initramfs...
[    0.532332] Freeing initrd memory: 47860K
[    0.532332] clocksource: tsc: mask: 0xffffffffffffffff max_cycles: 0x1e4530a99b6, max_idle_ns: 440795257976 ns
[    0.532332] clocksource: Switched to clocksource tsc
[    0.532332] platform rtc_cmos: registered platform RTC device (no PNP device found)
[    0.532332] check: Scanning for low memory corruption every 60 seconds
[    0.532332] Initialise system trusted keyrings
[    0.532332] Key type blacklist registered
[    0.532332] workingset: timestamp_bits=36 max_order=19 bucket_order=0
[    0.532332] zbud: loaded
[    0.532332] squashfs: version 4.0 (2009/01/31) Phillip Lougher
[    0.532332] fuse: init (API version 7.31)
[    0.532332] *** VALIDATE fuse ***
[    0.532332] *** VALIDATE fuse ***
[    0.532332] Platform Keyring initialized
[    0.545269] Key type asymmetric registered
[    0.545270] Asymmetric key parser 'x509' registered
[    0.545280] Block layer SCSI generic (bsg) driver version 0.4 loaded (major 244)
[    0.545318] io scheduler mq-deadline registered
[    0.545427] shpchp: Standard Hot Plug PCI Controller Driver version: 0.4
[    0.545640] ACPI: AC Adapter [AC] (on-line)
[    0.545685] input: Power Button as /devices/LNXSYSTM:00/LNXPWRBN:00/input/input0
[    0.545712] ACPI: Power Button [PWRF]
[    0.545788] input: Sleep Button as /devices/LNXSYSTM:00/LNXSLPBN:00/input/input1
[    0.545801] ACPI: Sleep Button [SLPF]
[    0.546025] Serial: 8250/16550 driver, 32 ports, IRQ sharing enabled
[    0.547223] Linux agpgart interface v0.103
[    0.643285] loop: module loaded
[    0.643450] ata_piix 0000:00:01.1: version 2.13
[    0.643882] scsi host0: ata_piix
[    0.643976] scsi host1: ata_piix
[    0.644010] ata1: PATA max UDMA/33 cmd 0x1f0 ctl 0x3f6 bmdma 0xd000 irq 14
[    0.644012] ata2: PATA max UDMA/33 cmd 0x170 ctl 0x376 bmdma 0xd008 irq 15
[    0.644097] tun: Universal TUN/TAP device driver, 1.6
[    0.644411] PPP generic driver version 2.4.2
[    0.644455] VFIO - User Level meta-driver version: 0.3
[    0.644698] ehci_hcd: USB 2.0 'Enhanced' Host Controller (EHCI) Driver
[    0.644704] ehci-pci: EHCI PCI platform driver
[    0.644719] ehci-platform: EHCI generic platform driver
[    0.644725] ohci_hcd: USB 1.1 'Open' Host Controller (OHCI) Driver
[    0.644727] ohci-pci: OHCI PCI platform driver
[    0.644733] ohci-platform: OHCI generic platform driver
[    0.644737] uhci_hcd: USB Universal Host Controller Interface driver
[    0.644796] i8042: PNP: PS/2 Controller [PNP0303:PS2K,PNP0f03:PS2M] at 0x60,0x64 irq 1,12
[    0.645241] serio: i8042 KBD port at 0x60,0x64 irq 1
[    0.645245] serio: i8042 AUX port at 0x60,0x64 irq 12
[    0.645336] mousedev: PS/2 mouse device common for all mice
[    0.645591] input: AT Translated Set 2 keyboard as /devices/platform/i8042/serio0/input/input2
[    0.645999] rtc_cmos rtc_cmos: registered as rtc0
[    0.646015] rtc_cmos rtc_cmos: alarms up to one day, 114 bytes nvram
[    0.646021] i2c /dev entries driver
[    0.646070] device-mapper: uevent: version 1.0.3
[    0.646112] device-mapper: ioctl: 4.41.0-ioctl (2019-09-16) initialised: dm-devel@redhat.com
[    0.646129] platform eisa.0: Probing EISA bus 0
[    0.646130] platform eisa.0: EISA: Cannot allocate resource for mainboard
[    0.646132] platform eisa.0: Cannot allocate resource for EISA slot 1
[    0.646133] platform eisa.0: Cannot allocate resource for EISA slot 2
[    0.646134] platform eisa.0: Cannot allocate resource for EISA slot 3
[    0.646135] platform eisa.0: Cannot allocate resource for EISA slot 4
[    0.646135] platform eisa.0: Cannot allocate resource for EISA slot 5
[    0.646136] platform eisa.0: Cannot allocate resource for EISA slot 6
[    0.646137] platform eisa.0: Cannot allocate resource for EISA slot 7
[    0.646138] platform eisa.0: Cannot allocate resource for EISA slot 8
[    0.646139] platform eisa.0: EISA: Detected 0 cards
[    0.646142] intel_pstate: CPU model not supported
[    0.646151] ledtrig-cpu: registered to indicate activity on CPUs
[    0.646204] drop_monitor: Initializing network drop monitor service
[    0.646362] NET: Registered protocol family 10
[    0.651398] Segment Routing with IPv6
[    0.651398] NET: Registered protocol family 17
[    0.651398] Key type dns_resolver registered
[    0.651398] RAS: Correctable Errors collector initialized.
[    0.651398] IPI shorthand broadcast: enabled
[    0.651398] sched_clock: Marking stable (636191972, 11206453)->(649960633, -2562208)
[    0.651862] registered taskstats version 1
[    0.651873] Loading compiled-in X.509 certificates
[    0.652472] Loaded X.509 cert 'Build time autogenerated kernel key: 0a9e52cc6eb58eed9b63e328679db6d5d5216245'
[    0.652491] zswap: loaded using pool lzo/zbud
[    0.652547] Key type ._fscrypt registered
[    0.652548] Key type .fscrypt registered
[    0.657046] Key type big_key registered
[    0.659229] Key type encrypted registered
[    0.659232] AppArmor: AppArmor sha1 policy hashing enabled
[    0.659239] ima: No TPM chip found, activating TPM-bypass!
[    0.659243] ima: Allocated hash algorithm: sha1
[    0.659248] ima: No architecture policies found
[    0.659257] evm: Initialising EVM extended attributes:
[    0.659258] evm: security.selinux
[    0.659259] evm: security.SMACK64
[    0.659259] evm: security.SMACK64EXEC
[    0.659260] evm: security.SMACK64TRANSMUTE
[    0.659260] evm: security.SMACK64MMAP
[    0.659260] evm: security.apparmor
[    0.659261] evm: security.ima
[    0.659261] evm: security.capability
[    0.659262] evm: HMAC attrs: 0x1
[    0.659560] PM:   Magic number: 10:199:591
[    0.659684] rtc_cmos rtc_cmos: setting system clock to 2026-01-20T16:34:20 UTC (1768926860)
[    0.815079] ata1.00: ATA-6: VBOX HARDDISK, 1.0, max UDMA/133
[    0.815081] ata1.00: 209715200 sectors, multi 128: LBA 
[    0.815513] scsi 0:0:0:0: Direct-Access     ATA      VBOX HARDDISK    1.0  PQ: 0 ANSI: 5
[    0.815714] sd 0:0:0:0: [sda] 209715200 512-byte logical blocks: (107 GB/100 GiB)
[    0.815721] sd 0:0:0:0: [sda] Write Protect is off
[    0.815722] sd 0:0:0:0: [sda] Mode Sense: 00 3a 00 00
[    0.815732] sd 0:0:0:0: [sda] Write cache: enabled, read cache: enabled, doesn't support DPO or FUA
[    0.815937] sd 0:0:0:0: Attached scsi generic sg0 type 0
[    0.816551]  sda: sda1 sda2
[    0.827355] sd 0:0:0:0: [sda] Attached SCSI disk
[    0.829121] Freeing unused decrypted memory: 2040K
[    0.829805] Freeing unused kernel image memory: 2720K
[    0.829808] Write protecting the kernel read-only data: 22528k
[    0.830471] Freeing unused kernel image memory: 2036K
[    0.830857] Freeing unused kernel image memory: 1452K
[    0.844952] x86/mm: Checked W+X mappings: passed, no W+X pages found.
[    0.844960] Run /init as init process
[    0.943453] ACPI: Video Device [GFX0] (multi-head: yes  rom: no  post: no)
[    0.943557] input: Video Bus as /devices/LNXSYSTM:00/LNXSYBUS:00/PNP0A03:00/LNXVIDEO:00/input/input4
[    0.957203] pcnet32: pcnet32.c:v1.35 21.Apr.2008 tsbogend@alpha.franken.de
[    0.960417] piix4_smbus 0000:00:07.0: SMBus Host Controller at 0x4100, revision 0
[    0.963734] e1000: Intel(R) PRO/1000 Network Driver - version 7.3.21-k8-NAPI
[    0.963735] e1000: Copyright (c) 1999-2006 Intel Corporation.
[    0.970223] pcnet32: PCnet/FAST III 79C973 at 0xd020, 08:00:27:9c:55:4e assigned IRQ 19
[    0.970270] pcnet32: Found PHY 0022:561b at address 0
[    0.970623] pcnet32: eth0: registered as PCnet/FAST III 79C973
[    0.979226] pcnet32: 1 cards_found
[    1.039421] pcnet32 0000:00:03.0 enp0s3: renamed from eth0
[    1.188618] input: ImExPS/2 Generic Explorer Mouse as /devices/platform/i8042/serio1/input/input5
[    1.379763] e1000 0000:00:08.0 eth0: (PCI:33MHz:32-bit) 08:00:27:bf:56:fe
[    1.379769] e1000 0000:00:08.0 eth0: Intel(R) PRO/1000 Network Connection
[    1.759936] e1000 0000:00:09.0 eth1: (PCI:33MHz:32-bit) 08:00:27:c4:91:30
[    1.759940] e1000 0000:00:09.0 eth1: Intel(R) PRO/1000 Network Connection
[    1.761313] e1000 0000:00:09.0 enp0s9: renamed from eth1
[    1.763184] e1000 0000:00:08.0 enp0s8: renamed from eth0
[    1.909600] EXT4-fs (sda2): mounted filesystem with ordered data mode. Opts: (null)
[    2.001429] systemd[1]: Inserted module 'autofs4'
[    2.013402] systemd[1]: systemd 245.4-4ubuntu3 running in system mode. (+PAM +AUDIT +SELINUX +IMA +APPARMOR +SMACK +SYSVINIT +UTMP +LIBCRYPTSETUP +GCRYPT +GNUTLS +ACL +XZ +LZ4 +SECCOMP +BLKID +ELFUTILS +KMOD +IDN2 -IDN +PCRE2 default-hierarchy=hybrid)
[    2.013432] systemd[1]: Detected virtualization oracle.
[    2.013435] systemd[1]: Detected architecture x86-64.
[    2.014779] systemd[1]: Set hostname to <ztg>.
[    2.141825] systemd[1]: /lib/systemd/system/dbus.socket:5: ListenStream= references a path below legacy directory /var/run/, updating /var/run/dbus/system_bus_socket â†’ /run/dbus/system_bus_socket; please update the unit file accordingly.
[    2.193792] systemd[1]: Created slice system-modprobe.slice.
[    2.194003] systemd[1]: Created slice User and Session Slice.
[    2.194045] systemd[1]: Started Forward Password Requests to Wall Directory Watch.
[    2.194209] systemd[1]: Set up automount Arbitrary Executable File Formats File System Automount Point.
[    2.194241] systemd[1]: Reached target User and Group Name Lookups.
[    2.194250] systemd[1]: Reached target Remote File Systems.
[    2.194258] systemd[1]: Reached target Slices.
[    2.194780] systemd[1]: Listening on Syslog Socket.
[    2.194849] systemd[1]: Listening on fsck to fsckd communication Socket.
[    2.194887] systemd[1]: Listening on initctl Compatibility Named Pipe.
[    2.195023] systemd[1]: Listening on Journal Audit Socket.
[    2.195074] systemd[1]: Listening on Journal Socket (/dev/log).
[    2.195142] systemd[1]: Listening on Journal Socket.
[    2.195208] systemd[1]: Listening on udev Control Socket.
[    2.195246] systemd[1]: Listening on udev Kernel Socket.
[    2.196128] systemd[1]: Mounting Huge Pages File System...
[    2.197105] systemd[1]: Mounting POSIX Message Queue File System...
[    2.198054] systemd[1]: Mounting Kernel Debug File System...
[    2.198990] systemd[1]: Mounting Kernel Trace File System...
[    2.201539] systemd[1]: Starting Journal Service...
[    2.228743] systemd[1]: Starting Set the console keyboard layout...
[    2.234163] systemd[1]: Starting Create list of static device nodes for the current kernel...
[    2.238990] systemd[1]: Starting Load Kernel Module drm...
[    2.241387] systemd[1]: Condition check resulted in Set Up Additional Binary Formats being skipped.
[    2.241435] systemd[1]: Condition check resulted in File System Check on Root Device being skipped.
[    2.253831] systemd[1]: Starting Load Kernel Modules...
[    2.262745] systemd[1]: Starting Remount Root and Kernel File Systems...
[    2.268858] systemd[1]: Starting udev Coldplug all Devices...
[    2.285866] systemd[1]: Starting Uncomplicated firewall...
[    2.287552] systemd[1]: Mounted Huge Pages File System.
[    2.287650] systemd[1]: Mounted POSIX Message Queue File System.
[    2.287745] systemd[1]: Mounted Kernel Debug File System.
[    2.287821] systemd[1]: Mounted Kernel Trace File System.
[    2.288444] EXT4-fs (sda2): re-mounted. Opts: errors=remount-ro
[    2.307483] systemd[1]: Finished Create list of static device nodes for the current kernel.
[    2.308373] systemd[1]: modprobe@drm.service: Succeeded.
[    2.327971] systemd[1]: Finished Load Kernel Module drm.
[    2.328350] systemd[1]: Finished Remount Root and Kernel File Systems.
[    2.328682] systemd[1]: Finished Uncomplicated firewall.
[    2.329484] systemd[1]: Condition check resulted in Rebuild Hardware Database being skipped.
[    2.329516] systemd[1]: Condition check resulted in Platform Persistent Storage Archival being skipped.
[    2.330261] systemd[1]: Starting Load/Save Random Seed...
[    2.335682] systemd[1]: Starting Create System Users...
[    2.358227] lp: driver loaded but no devices found
[    2.362293] systemd[1]: Finished Load/Save Random Seed.
[    2.366008] systemd[1]: Finished Create System Users.
[    2.366719] systemd[1]: Starting Create Static Device Nodes in /dev...
[    2.373419] ppdev: user-space parallel port driver
[    2.396632] systemd[1]: Finished Create Static Device Nodes in /dev.
[    2.397577] systemd[1]: Starting udev Kernel Device Manager...
[    2.450310] systemd[1]: Finished udev Coldplug all Devices.
[    2.460141] [drm] DMA map mode: Caching DMA mappings.
[    2.460204] [drm] Capabilities:
[    2.460204] [drm]   Rect copy.
[    2.460204] [drm]   Cursor.
[    2.460205] [drm]   Cursor bypass.
[    2.460205] [drm]   Cursor bypass 2.
[    2.460205] [drm]   Alpha cursor.
[    2.460206] [drm]   Extended Fifo.
[    2.460206] [drm]   Pitchlock.
[    2.460206] [drm]   Irq mask.
[    2.460207] [drm]   GMR.
[    2.460207] [drm]   Traces.
[    2.460207] [drm]   GMR2.
[    2.460208] [drm]   Screen Object 2.
[    2.460208] [drm]   Command Buffers.
[    2.460209] [drm]   Command Buffers 2.
[    2.460209] [drm]   Guest Backed Resources.
[    2.460210] [drm] Max GMR ids is 8192
[    2.460211] [drm] Max number of GMR pages is 1048576
[    2.460211] [drm] Max dedicated hypervisor surface memory is 393216 kiB
[    2.460212] [drm] Maximum display memory size is 131072 kiB
[    2.460212] [drm] VRAM at 0xe0000000 size is 131072 kiB
[    2.460213] [drm] MMIO at 0xf0000000 size is 2048 kiB
[    2.463730] [TTM] Zone  kernel: Available graphics memory: 1011744 KiB
[    2.463731] [TTM] Initializing pool allocator
[    2.463734] [TTM] Initializing DMA pool allocator
[    2.463765] [drm] Supports vblank timestamp caching Rev 2 (21.10.2013).
[    2.463766] [drm] No driver support for vblank timestamp query.
[    2.464005] [drm] Screen Target Display device initialized
[    2.464307] [drm] width 720
[    2.464316] [drm] height 400
[    2.464320] [drm] bpp 32
[    2.464863] [drm] Fifo max 0x00200000 min 0x00001000 cap 0x00000355
[    2.466526] [drm] Using command buffers with DMA pool.
[    2.466530] [drm] DX: no.
[    2.466531] [drm] Atomic: yes.
[    2.466531] [drm] SM4_1: no.
[    2.466550] [drm:vmw_host_log [vmwgfx]] *ERROR* Failed to send host log message.
[    2.471608] [drm:vmw_host_log [vmwgfx]] *ERROR* Failed to send host log message.
[    2.510263] fbcon: svgadrmfb (fb0) is primary device
[    2.513777] Console: switching to colour frame buffer device 100x37
[    2.519356] [drm] Initialized vmwgfx 2.15.0 20180704 for 0000:00:02.0 on minor 0
[    2.520573] systemd[1]: Finished Load Kernel Modules.
[    2.521750] systemd[1]: Mounting FUSE Control File System...
[    2.523482] systemd[1]: Mounting Kernel Configuration File System...
[    2.545285] systemd[1]: Starting Apply Kernel Variables...
[    2.546862] systemd[1]: Finished Set the console keyboard layout.
[    2.547015] systemd[1]: Reached target Local File Systems (Pre).
[    2.552222] systemd[1]: Mounting Mount unit for bare, revision 5...
[    2.554892] systemd[1]: Mounting Mount unit for core18, revision 1705...
[    2.563478] systemd[1]: Mounting Mount unit for gnome-3-34-1804, revision 24...
[    2.590741] systemd[1]: Mounting Mount unit for gtk-common-themes, revision 1506...
[    2.598388] systemd[1]: Mounting Mount unit for gtk-common-themes, revision 1535...
[    2.605486] systemd[1]: Mounting Mount unit for snap-store, revision 433...
[    2.618635] systemd[1]: Mounting Mount unit for snapd, revision 7264...
[    2.621009] systemd[1]: Mounted FUSE Control File System.
[    2.621128] systemd[1]: Mounted Kernel Configuration File System.
[    2.651998] systemd[1]: Finished Apply Kernel Variables.
[    2.653049] systemd[1]: Started udev Kernel Device Manager.
[    2.653140] systemd[1]: Mounted Mount unit for bare, revision 5.
[    2.653229] systemd[1]: Mounted Mount unit for core18, revision 1705.
[    2.653311] systemd[1]: Mounted Mount unit for gnome-3-34-1804, revision 24.
[    2.653392] systemd[1]: Condition check resulted in VMware vmblock fuse mount being skipped.
[    2.655606] systemd[1]: Starting Show Plymouth Boot Screen...
[    2.660046] systemd[1]: Received SIGRTMIN+20 from PID 278 (plymouthd).
[    2.683202] systemd[1]: Started Show Plymouth Boot Screen.
[    2.683375] systemd[1]: Condition check resulted in Dispatch Password Requests to Console Directory Watch being skipped.
[    2.683466] systemd[1]: Started Forward Password Requests to Plymouth Directory Watch.
[    2.683520] systemd[1]: Reached target Local Encrypted Volumes.
[    2.735161] systemd[1]: Mounted Mount unit for gtk-common-themes, revision 1506.
[    2.735436] systemd[1]: Mounted Mount unit for gtk-common-themes, revision 1535.
[    2.768226] systemd[1]: Mounted Mount unit for snap-store, revision 433.
[    2.768487] systemd[1]: Mounted Mount unit for snapd, revision 7264.
[    2.768652] systemd[1]: Reached target Local File Systems.
[    2.771127] systemd[1]: Starting Load AppArmor profiles...
[    2.778113] systemd[1]: Starting Set console font and keymap...
[    2.787253] systemd[1]: Starting Tell Plymouth To Write Out Runtime Data...
[    2.788918] systemd[1]: Condition check resulted in Store a System Token in an EFI Variable being skipped.
[    2.788964] systemd[1]: Condition check resulted in Commit a transient machine-id on disk being skipped.
[    2.791407] systemd[1]: Finished Set console font and keymap.
[    2.800357] systemd[1]: Received SIGRTMIN+20 from PID 278 (plymouthd).
[    2.800836] systemd[1]: plymouth-read-write.service: Succeeded.
[    2.801086] systemd[1]: Finished Tell Plymouth To Write Out Runtime Data.
[    2.834199] audit: type=1400 audit(1768926862.668:2): apparmor="STATUS" operation="profile_load" profile="unconfined" name="nvidia_modprobe" pid=299 comm="apparmor_parser"
[    2.834202] audit: type=1400 audit(1768926862.668:3): apparmor="STATUS" operation="profile_load" profile="unconfined" name="nvidia_modprobe//kmod" pid=299 comm="apparmor_parser"
[    2.841019] audit: type=1400 audit(1768926862.676:4): apparmor="STATUS" operation="profile_load" profile="unconfined" name="/usr/sbin/tcpdump" pid=300 comm="apparmor_parser"
[    2.866862] audit: type=1400 audit(1768926862.692:5): apparmor="STATUS" operation="profile_load" profile="unconfined" name="/usr/bin/evince" pid=302 comm="apparmor_parser"
[    2.866864] audit: type=1400 audit(1768926862.692:6): apparmor="STATUS" operation="profile_load" profile="unconfined" name="/usr/bin/evince//sanitized_helper" pid=302 comm="apparmor_parser"
[    2.866866] audit: type=1400 audit(1768926862.692:7): apparmor="STATUS" operation="profile_load" profile="unconfined" name="/usr/bin/evince-previewer" pid=302 comm="apparmor_parser"
[    2.866867] audit: type=1400 audit(1768926862.692:8): apparmor="STATUS" operation="profile_load" profile="unconfined" name="/usr/bin/evince-previewer//sanitized_helper" pid=302 comm="apparmor_parser"
[    2.866869] audit: type=1400 audit(1768926862.692:9): apparmor="STATUS" operation="profile_load" profile="unconfined" name="/usr/bin/evince-thumbnailer" pid=302 comm="apparmor_parser"
[    2.898624] audit: type=1400 audit(1768926862.736:10): apparmor="STATUS" operation="profile_load" profile="unconfined" name="/usr/lib/cups/backend/cups-pdf" pid=303 comm="apparmor_parser"
[    2.980154] systemd[1]: Finished Load AppArmor profiles.
[    2.981270] systemd[1]: Starting Load AppArmor profiles managed internally by snapd...
[    3.049978] systemd[1]: Finished Load AppArmor profiles managed internally by snapd.
[    3.200863] systemd[1]: Started Journal Service.
[    3.209413] systemd-journald[228]: Received client request to flush runtime journal.
[    3.213351] systemd-journald[228]: File /var/log/journal/c455b248004a419c87ce85eea238d727/system.journal corrupted or uncleanly shut down, renaming and replacing.
[    4.496030] RAPL PMU: API unit is 2^-32 Joules, 0 fixed counters, 10737418240 ms ovfl timer
[    4.557804] cryptd: max_cpu_qlen set to 1000
[    4.612443] AVX2 version of gcm_enc/dec engaged.
[    4.612444] AES CTR mode by8 optimization enabled
[    5.529697] Adding 1998844k swap on /dev/sda1.  Priority:-2 extents:1 across:1998844k FS
[    7.021863] kauditd_printk_skb: 30 callbacks suppressed
[    7.021865] audit: type=1400 audit(1768926866.856:41): apparmor="DENIED" operation="capable" profile="/usr/sbin/cups-browsed" pid=495 comm="cups-browsed" capability=23  capname="sys_nice"
[    7.758103] pcnet32 0000:00:03.0 enp0s3: link up, 100Mbps, full-duplex
[    7.795470] e1000: enp0s8 NIC Link is Up 1000 Mbps Full Duplex, Flow Control: RX
[    7.795745] IPv6: ADDRCONF(NETDEV_CHANGE): enp0s8: link becomes ready
[    7.807864] e1000: enp0s9 NIC Link is Up 1000 Mbps Full Duplex, Flow Control: RX
[    7.808153] IPv6: ADDRCONF(NETDEV_CHANGE): enp0s9: link becomes ready
[    8.341857] device enp0s3 entered promiscuous mode
[    8.372336] audit: type=1400 audit(1768926868.208:42): apparmor="DENIED" operation="open" profile="/usr/sbin/tcpdump" name="/proc/sys/kernel/random/boot_id" pid=678 comm="tcpdump" requested_mask="r" denied_mask="r" fsuid=0 ouid=0
[    8.372621] audit: type=1400 audit(1768926868.208:43): apparmor="DENIED" operation="open" profile="/usr/sbin/tcpdump" name="/proc/sys/kernel/random/boot_id" pid=678 comm="tcpdump" requested_mask="r" denied_mask="r" fsuid=0 ouid=0
[    8.372665] audit: type=1400 audit(1768926868.208:44): apparmor="DENIED" operation="open" profile="/usr/sbin/tcpdump" name="/proc/sys/kernel/random/boot_id" pid=678 comm="tcpdump" requested_mask="r" denied_mask="r" fsuid=0 ouid=0
[    8.372720] audit: type=1400 audit(1768926868.208:45): apparmor="DENIED" operation="open" profile="/usr/sbin/tcpdump" name="/proc/sys/kernel/random/boot_id" pid=678 comm="tcpdump" requested_mask="r" denied_mask="r" fsuid=0 ouid=0
[    8.374884] audit: type=1400 audit(1768926868.212:46): apparmor="DENIED" operation="open" profile="/usr/sbin/tcpdump" name="/proc/sys/kernel/random/boot_id" pid=679 comm="tcpdump" requested_mask="r" denied_mask="r" fsuid=0 ouid=0
[    8.377488] audit: type=1400 audit(1768926868.212:47): apparmor="DENIED" operation="open" profile="/usr/sbin/tcpdump" name="/proc/sys/kernel/random/boot_id" pid=679 comm="tcpdump" requested_mask="r" denied_mask="r" fsuid=0 ouid=0
[    8.377528] audit: type=1400 audit(1768926868.212:48): apparmor="DENIED" operation="open" profile="/usr/sbin/tcpdump" name="/proc/sys/kernel/random/boot_id" pid=679 comm="tcpdump" requested_mask="r" denied_mask="r" fsuid=0 ouid=0
[    8.377592] audit: type=1400 audit(1768926868.212:49): apparmor="DENIED" operation="open" profile="/usr/sbin/tcpdump" name="/proc/sys/kernel/random/boot_id" pid=679 comm="tcpdump" requested_mask="r" denied_mask="r" fsuid=0 ouid=0
[   13.207825] rfkill: input handler disabled
[  544.316564] rfkill: input handler enabled
[  553.219602] rfkill: input handler disabled
[  732.097118] device enp0s3 left promiscuous mode
