[    0.000000] Linux version 5.4.243-tcp (root@ztg) (gcc version 12.2.0 (Debian 12.2.0-14)) #1 SMP Fri Apr 12 08:27:09 CST 2024
[    0.000000] Command line: BOOT_IMAGE=/boot/vmlinuz-5.4.243-tcp root=UUID=98415a12-53b7-4144-8265-0f7ece09e445 ro quiet splash
[    0.000000] KERNEL supported cpus:
[    0.000000]   Intel GenuineIntel
[    0.000000]   AMD AuthenticAMD
[    0.000000]   Hygon HygonGenuine
[    0.000000]   Centaur CentaurHauls
[    0.000000]   zhaoxin   Shanghai  
[    0.000000] x86/fpu: Supporting XSAVE feature 0x001: 'x87 floating point registers'
[    0.000000] x86/fpu: Supporting XSAVE feature 0x002: 'SSE registers'
[    0.000000] x86/fpu: Supporting XSAVE feature 0x004: 'AVX registers'
[    0.000000] x86/fpu: xstate_offset[2]:  576, xstate_sizes[2]:  256
[    0.000000] x86/fpu: Enabled xstate features 0x7, context size is 832 bytes, using 'standard' format.
[    0.000000] BIOS-provided physical RAM map:
[    0.000000] BIOS-e820: [mem 0x0000000000000000-0x000000000009fbff] usable
[    0.000000] BIOS-e820: [mem 0x000000000009fc00-0x000000000009ffff] reserved
[    0.000000] BIOS-e820: [mem 0x00000000000f0000-0x00000000000fffff] reserved
[    0.000000] BIOS-e820: [mem 0x0000000000100000-0x000000007ffeffff] usable
[    0.000000] BIOS-e820: [mem 0x000000007fff0000-0x000000007fffffff] ACPI data
[    0.000000] BIOS-e820: [mem 0x00000000fec00000-0x00000000fec00fff] reserved
[    0.000000] BIOS-e820: [mem 0x00000000fee00000-0x00000000fee00fff] reserved
[    0.000000] BIOS-e820: [mem 0x00000000fffc0000-0x00000000ffffffff] reserved
[    0.000000] NX (Execute Disable) protection: active
[    0.000000] SMBIOS 2.5 present.
[    0.000000] DMI: innotek GmbH VirtualBox/VirtualBox, BIOS VirtualBox 12/01/2006
[    0.000000] Hypervisor detected: KVM
[    0.000000] kvm-clock: Using msrs 4b564d01 and 4b564d00
[    0.000000] kvm-clock: cpu 0, msr 6dc01001, primary cpu clock
[    0.000000] kvm-clock: using sched offset of 4427629366 cycles
[    0.000003] clocksource: kvm-clock: mask: 0xffffffffffffffff max_cycles: 0x1cd42e4dffb, max_idle_ns: 881590591483 ns
[    0.000005] tsc: Detected 2100.000 MHz processor
[    0.001922] e820: update [mem 0x00000000-0x00000fff] usable ==> reserved
[    0.001924] e820: remove [mem 0x000a0000-0x000fffff] usable
[    0.001928] last_pfn = 0x7fff0 max_arch_pfn = 0x400000000
[    0.001996] MTRR default type: uncachable
[    0.001997] MTRR fixed ranges enabled:
[    0.001999]   00000-9FFFF write-back
[    0.001999]   A0000-BFFFF uncachable
[    0.002000]   C0000-FFFFF write-protect
[    0.002001] MTRR variable ranges enabled:
[    0.002002]   0 base 000000000000 mask 3FFF80000000 write-back
[    0.002003]   1 disabled
[    0.002004]   2 disabled
[    0.002004]   3 disabled
[    0.002004]   4 disabled
[    0.002005]   5 disabled
[    0.002005]   6 disabled
[    0.002006]   7 disabled
[    0.002006]   8 disabled
[    0.002006]   9 disabled
[    0.002007]   10 disabled
[    0.002007]   11 disabled
[    0.002008]   12 disabled
[    0.002008]   13 disabled
[    0.002009]   14 disabled
[    0.002009]   15 disabled
[    0.002027] x86/PAT: Configuration [0-7]: WB  WC  UC- UC  WB  WP  UC- WT  
[    0.002159] found SMP MP-table at [mem 0x0009fff0-0x0009ffff]
[    0.094352] check: Scanning 1 areas for low memory corruption
[    0.094590] RAMDISK: [mem 0x32275000-0x35131fff]
[    0.094599] ACPI: Early table checksum verification disabled
[    0.094604] ACPI: RSDP 0x00000000000E0000 000024 (v02 VBOX  )
[    0.094609] ACPI: XSDT 0x000000007FFF0030 00003C (v01 VBOX   VBOXXSDT 00000001 ASL  00000061)
[    0.094615] ACPI: FACP 0x000000007FFF00F0 0000F4 (v04 VBOX   VBOXFACP 00000001 ASL  00000061)
[    0.094622] ACPI: DSDT 0x000000007FFF02E0 002353 (v02 VBOX   VBOXBIOS 00000002 VBOX 00029BF3)
[    0.094626] ACPI: FACS 0x000000007FFF0200 000040
[    0.094629] ACPI: FACS 0x000000007FFF0200 000040
[    0.094632] ACPI: APIC 0x000000007FFF0240 000054 (v02 VBOX   VBOXAPIC 00000001 ASL  00000061)
[    0.094635] ACPI: SSDT 0x000000007FFF02A0 000038 (v01 VBOX   VBOXCPUT 00000002 VBOX 00029BF3)
[    0.094639] ACPI: Reserving FACP table memory at [mem 0x7fff00f0-0x7fff01e3]
[    0.094639] ACPI: Reserving DSDT table memory at [mem 0x7fff02e0-0x7fff2632]
[    0.094640] ACPI: Reserving FACS table memory at [mem 0x7fff0200-0x7fff023f]
[    0.094641] ACPI: Reserving FACS table memory at [mem 0x7fff0200-0x7fff023f]
[    0.094641] ACPI: Reserving APIC table memory at [mem 0x7fff0240-0x7fff0293]
[    0.094642] ACPI: Reserving SSDT table memory at [mem 0x7fff02a0-0x7fff02d7]
[    0.094656] ACPI: Local APIC address 0xfee00000
[    0.094842] No NUMA configuration found
[    0.094843] Faking a node at [mem 0x0000000000000000-0x000000007ffeffff]
[    0.094853] NODE_DATA(0) allocated [mem 0x7ffc5000-0x7ffeffff]
[    0.095117] Zone ranges:
[    0.095118]   DMA      [mem 0x0000000000001000-0x0000000000ffffff]
[    0.095119]   DMA32    [mem 0x0000000001000000-0x000000007ffeffff]
[    0.095120]   Normal   empty
[    0.095120]   Device   empty
[    0.095121] Movable zone start for each node
[    0.095123] Early memory node ranges
[    0.095124]   node   0: [mem 0x0000000000001000-0x000000000009efff]
[    0.095125]   node   0: [mem 0x0000000000100000-0x000000007ffeffff]
[    0.095128] Zeroed struct page in unavailable ranges: 114 pages
[    0.095129] Initmem setup node 0 [mem 0x0000000000001000-0x000000007ffeffff]
[    0.095130] On node 0 totalpages: 524174
[    0.095132]   DMA zone: 64 pages used for memmap
[    0.095132]   DMA zone: 21 pages reserved
[    0.095133]   DMA zone: 3998 pages, LIFO batch:0
[    0.095205]   DMA32 zone: 8128 pages used for memmap
[    0.095205]   DMA32 zone: 520176 pages, LIFO batch:63
[    0.104152] ACPI: PM-Timer IO Port: 0x4008
[    0.104155] ACPI: Local APIC address 0xfee00000
[    0.104223] IOAPIC[0]: apic_id 1, version 32, address 0xfec00000, GSI 0-23
[    0.104226] ACPI: INT_SRC_OVR (bus 0 bus_irq 0 global_irq 2 dfl dfl)
[    0.104228] ACPI: INT_SRC_OVR (bus 0 bus_irq 9 global_irq 9 low level)
[    0.104230] ACPI: IRQ0 used by override.
[    0.104231] ACPI: IRQ9 used by override.
[    0.104234] Using ACPI (MADT) for SMP configuration information
[    0.104240] smpboot: Allowing 1 CPUs, 0 hotplug CPUs
[    0.104262] PM: Registered nosave memory: [mem 0x00000000-0x00000fff]
[    0.104263] PM: Registered nosave memory: [mem 0x0009f000-0x0009ffff]
[    0.104263] PM: Registered nosave memory: [mem 0x000a0000-0x000effff]
[    0.104264] PM: Registered nosave memory: [mem 0x000f0000-0x000fffff]
[    0.104266] [mem 0x80000000-0xfebfffff] available for PCI devices
[    0.104267] Booting paravirtualized kernel on KVM
[    0.104270] clocksource: refined-jiffies: mask: 0xffffffff max_cycles: 0xffffffff, max_idle_ns: 7645519600211568 ns
[    0.104275] setup_percpu: NR_CPUS:8192 nr_cpumask_bits:1 nr_cpu_ids:1 nr_node_ids:1
[    0.105279] percpu: Embedded 60 pages/cpu s208896 r8192 d28672 u2097152
[    0.105285] pcpu-alloc: s208896 r8192 d28672 u2097152 alloc=1*2097152
[    0.105285] pcpu-alloc: [0] 0 
[    0.105314] Built 1 zonelists, mobility grouping on.  Total pages: 515961
[    0.105315] Policy zone: DMA32
[    0.105316] Kernel command line: BOOT_IMAGE=/boot/vmlinuz-5.4.243-tcp root=UUID=98415a12-53b7-4144-8265-0f7ece09e445 ro quiet splash
[    0.106155] Dentry cache hash table entries: 262144 (order: 9, 2097152 bytes, linear)
[    0.106303] Inode-cache hash table entries: 131072 (order: 8, 1048576 bytes, linear)
[    0.106353] mem auto-init: stack:off, heap alloc:on, heap free:off
[    0.106355] Calgary: detecting Calgary via BIOS EBDA area
[    0.106357] Calgary: Unable to locate Rio Grande table in EBDA - bailing!
[    0.110415] Memory: 1967340K/2096696K available (14339K kernel code, 2392K rwdata, 4692K rodata, 2720K init, 17272K bss, 129356K reserved, 0K cma-reserved)
[    0.111334] SLUB: HWalign=64, Order=0-3, MinObjects=0, CPUs=1, Nodes=1
[    0.111351] ftrace: allocating 42894 entries in 168 pages
[    0.129166] rcu: Hierarchical RCU implementation.
[    0.129168] rcu: 	RCU restricting CPUs from NR_CPUS=8192 to nr_cpu_ids=1.
[    0.129169] 	Tasks RCU enabled.
[    0.129170] rcu: RCU calculated value of scheduler-enlistment delay is 25 jiffies.
[    0.129171] rcu: Adjusting geometry for rcu_fanout_leaf=16, nr_cpu_ids=1
[    0.132140] NR_IRQS: 524544, nr_irqs: 256, preallocated irqs: 16
[    0.132354] random: crng init done
[    0.141608] Console: colour VGA+ 80x25
[    0.141612] printk: console [tty0] enabled
[    0.141632] ACPI: Core revision 20190816
[    0.141724] APIC: Switch to symmetric I/O mode setup
[    0.141973] x2apic enabled
[    0.142212] Switched APIC routing to physical x2apic.
[    0.143339] ..TIMER: vector=0x30 apic1=0 pin1=2 apic2=-1 pin2=-1
[    0.143363] clocksource: tsc-early: mask: 0xffffffffffffffff max_cycles: 0x1e4530a99b6, max_idle_ns: 440795257976 ns
[    0.143369] Calibrating delay loop (skipped) preset value.. 4200.00 BogoMIPS (lpj=8400000)
[    0.143371] pid_max: default: 32768 minimum: 301
[    0.143409] LSM: Security Framework initializing
[    0.143418] Yama: becoming mindful.
[    0.143446] AppArmor: AppArmor initialized
[    0.143479] Mount-cache hash table entries: 4096 (order: 3, 32768 bytes, linear)
[    0.143484] Mountpoint-cache hash table entries: 4096 (order: 3, 32768 bytes, linear)
[    0.143495] *** VALIDATE tmpfs ***
[    0.143623] *** VALIDATE proc ***
[    0.143663] *** VALIDATE cgroup1 ***
[    0.143665] *** VALIDATE cgroup2 ***
[    0.143805] process: using mwait in idle threads
[    0.143810] Last level iTLB entries: 4KB 64, 2MB 8, 4MB 8
[    0.143811] Last level dTLB entries: 4KB 64, 2MB 0, 4MB 0, 1GB 4
[    0.143831] Spectre V1 : Mitigation: usercopy/swapgs barriers and __user pointer sanitization
[    0.143836] Spectre V2 : Mitigation: Retpolines
[    0.143837] Spectre V2 : Spectre v2 / SpectreRSB mitigation: Filling RSB on context switch
[    0.143837] Spectre V2 : Spectre v2 / SpectreRSB : Filling RSB on VMEXIT
[    0.143838] RETBleed: WARNING: Spectre v2 mitigation leaves CPU vulnerable to RETBleed attacks, data leaks possible!
[    0.144188] RETBleed: Vulnerable
[    0.144188] Speculative Store Bypass: Vulnerable
[    0.144193] TAA: Mitigation: TSX disabled
[    0.144193] MMIO Stale Data: Mitigation: Clear CPU buffers
[    0.148351] Freeing SMP alternatives memory: 40K
[    0.260815] smpboot: CPU0: Intel(R) Xeon(R) Silver 4216 CPU @ 2.10GHz (family: 0x6, model: 0x55, stepping: 0x7)
[    0.260968] Performance Events: unsupported p6 CPU model 85 no PMU driver, software events only.
[    0.261007] rcu: Hierarchical SRCU implementation.
[    0.261539] NMI watchdog: Perf NMI watchdog permanently disabled
[    0.261585] smp: Bringing up secondary CPUs ...
[    0.261587] smp: Brought up 1 node, 1 CPU
[    0.261588] smpboot: Max logical packages: 1
[    0.261590] smpboot: Total of 1 processors activated (4200.00 BogoMIPS)
[    0.262578] devtmpfs: initialized
[    0.262626] x86/mm: Memory block size: 128MB
[    0.262988] clocksource: jiffies: mask: 0xffffffff max_cycles: 0xffffffff, max_idle_ns: 7645041785100000 ns
[    0.262994] futex hash table entries: 256 (order: 2, 16384 bytes, linear)
[    0.263038] pinctrl core: initialized pinctrl subsystem
[    0.263143] PM: RTC time: 16:34:13, date: 2026-01-20
[    0.263250] NET: Registered protocol family 16
[    0.263324] audit: initializing netlink subsys (disabled)
[    0.263365] EISA bus registered
[    0.263365] cpuidle: using governor ladder
[    0.263365] cpuidle: using governor menu
[    0.263365] ACPI: bus type PCI registered
[    0.263365] acpiphp: ACPI Hot Plug PCI Controller Driver version: 0.5
[    0.263365] PCI: Using configuration type 1 for base access
[    0.263870] audit: type=2000 audit(1768898060.051:1): state=initialized audit_enabled=0 res=1
[    0.263951] HugeTLB registered 2.00 MiB page size, pre-allocated 0 pages
[    0.264839] ACPI: Added _OSI(Module Device)
[    0.264840] ACPI: Added _OSI(Processor Device)
[    0.264840] ACPI: Added _OSI(3.0 _SCP Extensions)
[    0.264841] ACPI: Added _OSI(Processor Aggregator Device)
[    0.264842] ACPI: Added _OSI(Linux-Dell-Video)
[    0.264843] ACPI: Added _OSI(Linux-Lenovo-NV-HDMI-Audio)
[    0.264844] ACPI: Added _OSI(Linux-HPI-Hybrid-Graphics)
[    0.267034] ACPI: 2 ACPI AML tables successfully acquired and loaded
[    0.268678] ACPI: Interpreter enabled
[    0.268690] ACPI: (supports S0 S5)
[    0.268692] ACPI: Using IOAPIC for interrupt routing
[    0.268928] PCI: Using host bridge windows from ACPI; if necessary, use "pci=nocrs" and report a bug
[    0.269044] ACPI: Enabled 2 GPEs in block 00 to 07
[    0.274017] ACPI: PCI Root Bridge [PCI0] (domain 0000 [bus 00-ff])
[    0.274022] acpi PNP0A03:00: _OSC: OS supports [ASPM ClockPM Segments MSI HPX-Type3]
[    0.274474] acpi PNP0A03:00: _OSC: not requesting OS control; OS requires [ExtendedConfig ASPM ClockPM MSI]
[    0.274483] acpi PNP0A03:00: fail to add MMCONFIG information, can't access extended PCI configuration space under this bridge.
[    0.274865] PCI host bridge to bus 0000:00
[    0.274868] pci_bus 0000:00: root bus resource [io  0x0000-0x0cf7 window]
[    0.274869] pci_bus 0000:00: root bus resource [io  0x0d00-0xffff window]
[    0.274870] pci_bus 0000:00: root bus resource [mem 0x000a0000-0x000bffff window]
[    0.274871] pci_bus 0000:00: root bus resource [mem 0x80000000-0xfdffffff window]
[    0.274873] pci_bus 0000:00: root bus resource [bus 00-ff]
[    0.274916] pci 0000:00:00.0: [8086:1237] type 00 class 0x060000
[    0.276067] pci 0000:00:01.0: [8086:7000] type 00 class 0x060100
[    0.276932] pci 0000:00:01.1: [8086:7111] type 00 class 0x01018a
[    0.277344] pci 0000:00:01.1: reg 0x20: [io  0xd000-0xd00f]
[    0.277502] pci 0000:00:01.1: legacy IDE quirk: reg 0x10: [io  0x01f0-0x01f7]
[    0.277503] pci 0000:00:01.1: legacy IDE quirk: reg 0x14: [io  0x03f6]
[    0.277504] pci 0000:00:01.1: legacy IDE quirk: reg 0x18: [io  0x0170-0x0177]
[    0.277505] pci 0000:00:01.1: legacy IDE quirk: reg 0x1c: [io  0x0376]
[    0.278093] pci 0000:00:02.0: [15ad:0405] type 00 class 0x030000
[    0.281329] pci 0000:00:02.0: reg 0x10: [io  0xd010-0xd01f]
[    0.283416] pci 0000:00:02.0: reg 0x14: [mem 0xe0000000-0xe7ffffff pref]
[    0.285986] pci 0000:00:02.0: reg 0x18: [mem 0xf0000000-0xf01fffff]
[    0.296165] pci 0000:00:03.0: [1022:2000] type 00 class 0x020000
[    0.296887] pci 0000:00:03.0: reg 0x10: [io  0xd020-0xd03f]
[    0.299489] pci 0000:00:03.0: reg 0x14: [mem 0xf0200000-0xf0200fff]
[    0.303054] pci 0000:00:04.0: [80ee:cafe] type 00 class 0x088000
[    0.303479] pci 0000:00:04.0: reg 0x10: [io  0xd040-0xd05f]
[    0.304100] pci 0000:00:04.0: reg 0x14: [mem 0xf0400000-0xf07fffff]
[    0.304964] pci 0000:00:04.0: reg 0x18: [mem 0xf0800000-0xf0803fff pref]
[    0.308586] pci 0000:00:07.0: [8086:7113] type 00 class 0x068000
[    0.309135] pci 0000:00:07.0: quirk: [io  0x4000-0x403f] claimed by PIIX4 ACPI
[    0.309145] pci 0000:00:07.0: quirk: [io  0x4100-0x410f] claimed by PIIX4 SMB
[    0.309757] pci 0000:00:08.0: [8086:100e] type 00 class 0x020000
[    0.311477] pci 0000:00:08.0: reg 0x10: [mem 0xf0820000-0xf083ffff]
[    0.312789] pci 0000:00:08.0: reg 0x18: [io  0xd060-0xd067]
[    0.316464] pci 0000:00:09.0: [8086:100e] type 00 class 0x020000
[    0.317326] pci 0000:00:09.0: reg 0x10: [mem 0xf0840000-0xf085ffff]
[    0.318729] pci 0000:00:09.0: reg 0x18: [io  0xd068-0xd06f]
[    0.328393] ACPI: PCI Interrupt Link [LNKA] (IRQs 5 9 10 *11)
[    0.328698] ACPI: PCI Interrupt Link [LNKB] (IRQs 5 9 *10 11)
[    0.328805] ACPI: PCI Interrupt Link [LNKC] (IRQs 5 *9 10 11)
[    0.328906] ACPI: PCI Interrupt Link [LNKD] (IRQs 5 9 10 *11)
[    0.329181] iommu: Default domain type: Translated 
[    0.329243] pci 0000:00:02.0: vgaarb: setting as boot VGA device
[    0.329245] pci 0000:00:02.0: vgaarb: VGA device added: decodes=io+mem,owns=io+mem,locks=none
[    0.329247] pci 0000:00:02.0: vgaarb: bridge control possible
[    0.329247] vgaarb: loaded
[    0.329462] SCSI subsystem initialized
[    0.329495] libata version 3.00 loaded.
[    0.329522] ACPI: bus type USB registered
[    0.329536] usbcore: registered new interface driver usbfs
[    0.329542] usbcore: registered new interface driver hub
[    0.329547] usbcore: registered new device driver usb
[    0.329576] pps_core: LinuxPPS API ver. 1 registered
[    0.329577] pps_core: Software ver. 5.3.6 - Copyright 2005-2007 Rodolfo Giometti <giometti@linux.it>
[    0.329579] PTP clock support registered
[    0.329618] EDAC MC: Ver: 3.0.0
[    0.331629] PCI: Using ACPI for IRQ routing
[    0.331630] PCI: pci_cache_line_size set to 64 bytes
[    0.331802] e820: reserve RAM buffer [mem 0x0009fc00-0x0009ffff]
[    0.331805] e820: reserve RAM buffer [mem 0x7fff0000-0x7fffffff]
[    0.331934] NetLabel: Initializing
[    0.331934] NetLabel:  domain hash size = 128
[    0.331935] NetLabel:  protocols = UNLABELED CIPSOv4 CALIPSO
[    0.331954] NetLabel:  unlabeled traffic allowed by default
[    0.333524] clocksource: Switched to clocksource kvm-clock
[    0.343587] *** VALIDATE bpf ***
[    0.343587] VFS: Disk quotas dquot_6.6.0
[    0.343587] VFS: Dquot-cache hash table entries: 512 (order 0, 4096 bytes)
[    0.343587] *** VALIDATE ramfs ***
[    0.343587] *** VALIDATE hugetlbfs ***
[    0.343587] AppArmor: AppArmor Filesystem Enabled
[    0.343587] pnp: PnP ACPI init
[    0.343587] pnp 00:00: Plug and Play ACPI device, IDs PNP0303 (active)
[    0.346202] pnp 00:01: Plug and Play ACPI device, IDs PNP0f03 (active)
[    0.346972] pnp: PnP ACPI: found 2 devices
[    0.347966] thermal_sys: Registered thermal governor 'fair_share'
[    0.347967] thermal_sys: Registered thermal governor 'bang_bang'
[    0.347968] thermal_sys: Registered thermal governor 'step_wise'
[    0.347968] thermal_sys: Registered thermal governor 'user_space'
[    0.347969] thermal_sys: Registered thermal governor 'power_allocator'
[    0.352502] clocksource: acpi_pm: mask: 0xffffff max_cycles: 0xffffff, max_idle_ns: 2085701024 ns
[    0.352543] pci_bus 0000:00: resource 4 [io  0x0000-0x0cf7 window]
[    0.352544] pci_bus 0000:00: resource 5 [io  0x0d00-0xffff window]
[    0.352545] pci_bus 0000:00: resource 6 [mem 0x000a0000-0x000bffff window]
[    0.352547] pci_bus 0000:00: resource 7 [mem 0x80000000-0xfdffffff window]
[    0.352601] NET: Registered protocol family 2
[    0.352677] IP idents hash table entries: 32768 (order: 6, 262144 bytes, linear)
[    0.353046] tcp_listen_portaddr_hash hash table entries: 1024 (order: 2, 16384 bytes, linear)
[    0.353126] TCP established hash table entries: 16384 (order: 5, 131072 bytes, linear)
[    0.353190] TCP bind hash table entries: 16384 (order: 6, 262144 bytes, linear)
[    0.353216] TCP: Hash tables configured (established 16384 bind 16384)
[    0.353260] UDP hash table entries: 1024 (order: 3, 32768 bytes, linear)
[    0.353272] UDP-Lite hash table entries: 1024 (order: 3, 32768 bytes, linear)
[    0.353299] NET: Registered protocol family 1
[    0.353306] NET: Registered protocol family 44
[    0.353332] pci 0000:00:00.0: Limiting direct PCI/PCI transfers
[    0.353345] pci 0000:00:01.0: Activating ISA DMA hang workarounds
[    0.353403] pci 0000:00:02.0: Video device with shadowed ROM at [mem 0x000c0000-0x000dffff]
[    0.353466] PCI: CLS 0 bytes, default 64
[    0.353515] Trying to unpack rootfs image as initramfs...
[    0.535930] Freeing initrd memory: 47860K
[    0.535930] clocksource: tsc: mask: 0xffffffffffffffff max_cycles: 0x1e4530a99b6, max_idle_ns: 440795257976 ns
[    0.535930] clocksource: Switched to clocksource tsc
[    0.535930] platform rtc_cmos: registered platform RTC device (no PNP device found)
[    0.535930] check: Scanning for low memory corruption every 60 seconds
[    0.535930] Initialise system trusted keyrings
[    0.535930] Key type blacklist registered
[    0.535930] workingset: timestamp_bits=36 max_order=19 bucket_order=0
[    0.535930] zbud: loaded
[    0.535930] squashfs: version 4.0 (2009/01/31) Phillip Lougher
[    0.535930] fuse: init (API version 7.31)
[    0.535930] *** VALIDATE fuse ***
[    0.535930] *** VALIDATE fuse ***
[    0.535930] Platform Keyring initialized
[    0.535930] Key type asymmetric registered
[    0.535930] Asymmetric key parser 'x509' registered
[    0.535930] Block layer SCSI generic (bsg) driver version 0.4 loaded (major 244)
[    0.535930] io scheduler mq-deadline registered
[    0.535930] shpchp: Standard Hot Plug PCI Controller Driver version: 0.4
[    0.549650] ACPI: AC Adapter [AC] (on-line)
[    0.549707] input: Power Button as /devices/LNXSYSTM:00/LNXPWRBN:00/input/input0
[    0.549739] ACPI: Power Button [PWRF]
[    0.549842] input: Sleep Button as /devices/LNXSYSTM:00/LNXSLPBN:00/input/input1
[    0.549859] ACPI: Sleep Button [SLPF]
[    0.550147] Serial: 8250/16550 driver, 32 ports, IRQ sharing enabled
[    0.551467] Linux agpgart interface v0.103
[    0.647062] loop: module loaded
[    0.647213] ata_piix 0000:00:01.1: version 2.13
[    0.647624] scsi host0: ata_piix
[    0.647714] scsi host1: ata_piix
[    0.647740] ata1: PATA max UDMA/33 cmd 0x1f0 ctl 0x3f6 bmdma 0xd000 irq 14
[    0.647741] ata2: PATA max UDMA/33 cmd 0x170 ctl 0x376 bmdma 0xd008 irq 15
[    0.647820] tun: Universal TUN/TAP device driver, 1.6
[    0.648131] PPP generic driver version 2.4.2
[    0.648174] VFIO - User Level meta-driver version: 0.3
[    0.648413] ehci_hcd: USB 2.0 'Enhanced' Host Controller (EHCI) Driver
[    0.648419] ehci-pci: EHCI PCI platform driver
[    0.648434] ehci-platform: EHCI generic platform driver
[    0.648439] ohci_hcd: USB 1.1 'Open' Host Controller (OHCI) Driver
[    0.648441] ohci-pci: OHCI PCI platform driver
[    0.648446] ohci-platform: OHCI generic platform driver
[    0.648450] uhci_hcd: USB Universal Host Controller Interface driver
[    0.648510] i8042: PNP: PS/2 Controller [PNP0303:PS2K,PNP0f03:PS2M] at 0x60,0x64 irq 1,12
[    0.648950] serio: i8042 KBD port at 0x60,0x64 irq 1
[    0.648954] serio: i8042 AUX port at 0x60,0x64 irq 12
[    0.649041] mousedev: PS/2 mouse device common for all mice
[    0.649295] input: AT Translated Set 2 keyboard as /devices/platform/i8042/serio0/input/input2
[    0.649692] rtc_cmos rtc_cmos: registered as rtc0
[    0.649704] rtc_cmos rtc_cmos: alarms up to one day, 114 bytes nvram
[    0.649710] i2c /dev entries driver
[    0.649755] device-mapper: uevent: version 1.0.3
[    0.649796] device-mapper: ioctl: 4.41.0-ioctl (2019-09-16) initialised: dm-devel@redhat.com
[    0.649813] platform eisa.0: Probing EISA bus 0
[    0.649814] platform eisa.0: EISA: Cannot allocate resource for mainboard
[    0.649815] platform eisa.0: Cannot allocate resource for EISA slot 1
[    0.649816] platform eisa.0: Cannot allocate resource for EISA slot 2
[    0.649817] platform eisa.0: Cannot allocate resource for EISA slot 3
[    0.649818] platform eisa.0: Cannot allocate resource for EISA slot 4
[    0.649819] platform eisa.0: Cannot allocate resource for EISA slot 5
[    0.649820] platform eisa.0: Cannot allocate resource for EISA slot 6
[    0.649821] platform eisa.0: Cannot allocate resource for EISA slot 7
[    0.649822] platform eisa.0: Cannot allocate resource for EISA slot 8
[    0.649823] platform eisa.0: EISA: Detected 0 cards
[    0.649826] intel_pstate: CPU model not supported
[    0.649835] ledtrig-cpu: registered to indicate activity on CPUs
[    0.649886] drop_monitor: Initializing network drop monitor service
[    0.650047] NET: Registered protocol family 10
[    0.655175] Segment Routing with IPv6
[    0.655175] NET: Registered protocol family 17
[    0.655175] Key type dns_resolver registered
[    0.655175] RAS: Correctable Errors collector initialized.
[    0.655175] IPI shorthand broadcast: enabled
[    0.655175] sched_clock: Marking stable (640154485, 11021014)->(652261468, -1085969)
[    0.655406] registered taskstats version 1
[    0.655416] Loading compiled-in X.509 certificates
[    0.656001] Loaded X.509 cert 'Build time autogenerated kernel key: 0a9e52cc6eb58eed9b63e328679db6d5d5216245'
[    0.656019] zswap: loaded using pool lzo/zbud
[    0.656073] Key type ._fscrypt registered
[    0.656073] Key type .fscrypt registered
[    0.660507] Key type big_key registered
[    0.662711] Key type encrypted registered
[    0.662714] AppArmor: AppArmor sha1 policy hashing enabled
[    0.662721] ima: No TPM chip found, activating TPM-bypass!
[    0.662725] ima: Allocated hash algorithm: sha1
[    0.662731] ima: No architecture policies found
[    0.662739] evm: Initialising EVM extended attributes:
[    0.662740] evm: security.selinux
[    0.662740] evm: security.SMACK64
[    0.662741] evm: security.SMACK64EXEC
[    0.662741] evm: security.SMACK64TRANSMUTE
[    0.662742] evm: security.SMACK64MMAP
[    0.662742] evm: security.apparmor
[    0.662743] evm: security.ima
[    0.662743] evm: security.capability
[    0.662744] evm: HMAC attrs: 0x1
[    0.663033] PM:   Magic number: 10:199:591
[    0.663137] rtc_cmos rtc_cmos: setting system clock to 2026-01-20T16:34:14 UTC (1768926854)
[    0.818742] ata1.00: ATA-6: VBOX HARDDISK, 1.0, max UDMA/133
[    0.818744] ata1.00: 209715200 sectors, multi 128: LBA 
[    0.819217] scsi 0:0:0:0: Direct-Access     ATA      VBOX HARDDISK    1.0  PQ: 0 ANSI: 5
[    0.819405] sd 0:0:0:0: [sda] 209715200 512-byte logical blocks: (107 GB/100 GiB)
[    0.819412] sd 0:0:0:0: [sda] Write Protect is off
[    0.819414] sd 0:0:0:0: [sda] Mode Sense: 00 3a 00 00
[    0.819424] sd 0:0:0:0: [sda] Write cache: enabled, read cache: enabled, doesn't support DPO or FUA
[    0.819532] sd 0:0:0:0: Attached scsi generic sg0 type 0
[    0.820149]  sda: sda1 sda2
[    0.831139] sd 0:0:0:0: [sda] Attached SCSI disk
[    0.833001] Freeing unused decrypted memory: 2040K
[    0.833693] Freeing unused kernel image memory: 2720K
[    0.833695] Write protecting the kernel read-only data: 22528k
[    0.834385] Freeing unused kernel image memory: 2036K
[    0.834785] Freeing unused kernel image memory: 1452K
[    0.848812] x86/mm: Checked W+X mappings: passed, no W+X pages found.
[    0.848815] Run /init as init process
[    0.939124] ACPI: Video Device [GFX0] (multi-head: yes  rom: no  post: no)
[    0.939198] input: Video Bus as /devices/LNXSYSTM:00/LNXSYBUS:00/PNP0A03:00/LNXVIDEO:00/input/input4
[    0.950704] pcnet32: pcnet32.c:v1.35 21.Apr.2008 tsbogend@alpha.franken.de
[    0.954451] piix4_smbus 0000:00:07.0: SMBus Host Controller at 0x4100, revision 0
[    0.956945] e1000: Intel(R) PRO/1000 Network Driver - version 7.3.21-k8-NAPI
[    0.956946] e1000: Copyright (c) 1999-2006 Intel Corporation.
[    0.962659] pcnet32: PCnet/FAST III 79C973 at 0xd020, 08:00:27:cc:da:72 assigned IRQ 19
[    0.962703] pcnet32: Found PHY 0022:561b at address 0
[    0.963016] pcnet32: eth0: registered as PCnet/FAST III 79C973
[    0.971040] pcnet32: 1 cards_found
[    1.028220] pcnet32 0000:00:03.0 enp0s3: renamed from eth0
[    1.172961] input: ImExPS/2 Generic Explorer Mouse as /devices/platform/i8042/serio1/input/input5
[    1.367680] e1000 0000:00:08.0 eth0: (PCI:33MHz:32-bit) 08:00:27:8d:df:cb
[    1.367684] e1000 0000:00:08.0 eth0: Intel(R) PRO/1000 Network Connection
[    1.743350] e1000 0000:00:09.0 eth1: (PCI:33MHz:32-bit) 08:00:27:92:5a:84
[    1.743353] e1000 0000:00:09.0 eth1: Intel(R) PRO/1000 Network Connection
[    1.744522] e1000 0000:00:09.0 enp0s9: renamed from eth1
[    1.746326] e1000 0000:00:08.0 enp0s8: renamed from eth0
[    1.892110] EXT4-fs (sda2): mounted filesystem with ordered data mode. Opts: (null)
[    1.974941] systemd[1]: Inserted module 'autofs4'
[    1.985523] systemd[1]: systemd 245.4-4ubuntu3 running in system mode. (+PAM +AUDIT +SELINUX +IMA +APPARMOR +SMACK +SYSVINIT +UTMP +LIBCRYPTSETUP +GCRYPT +GNUTLS +ACL +XZ +LZ4 +SECCOMP +BLKID +ELFUTILS +KMOD +IDN2 -IDN +PCRE2 default-hierarchy=hybrid)
[    1.985551] systemd[1]: Detected virtualization oracle.
[    1.985553] systemd[1]: Detected architecture x86-64.
[    1.986855] systemd[1]: Set hostname to <ztg>.
[    2.109741] systemd[1]: /lib/systemd/system/dbus.socket:5: ListenStream= references a path below legacy directory /var/run/, updating /var/run/dbus/system_bus_socket â†’ /run/dbus/system_bus_socket; please update the unit file accordingly.
[    2.163840] systemd[1]: Created slice system-modprobe.slice.
[    2.164034] systemd[1]: Created slice User and Session Slice.
[    2.164078] systemd[1]: Started Forward Password Requests to Wall Directory Watch.
[    2.164236] systemd[1]: Set up automount Arbitrary Executable File Formats File System Automount Point.
[    2.164270] systemd[1]: Reached target User and Group Name Lookups.
[    2.164279] systemd[1]: Reached target Remote File Systems.
[    2.164287] systemd[1]: Reached target Slices.
[    2.164798] systemd[1]: Listening on Syslog Socket.
[    2.164866] systemd[1]: Listening on fsck to fsckd communication Socket.
[    2.164905] systemd[1]: Listening on initctl Compatibility Named Pipe.
[    2.165042] systemd[1]: Listening on Journal Audit Socket.
[    2.165094] systemd[1]: Listening on Journal Socket (/dev/log).
[    2.165162] systemd[1]: Listening on Journal Socket.
[    2.165227] systemd[1]: Listening on udev Control Socket.
[    2.165267] systemd[1]: Listening on udev Kernel Socket.
[    2.166025] systemd[1]: Mounting Huge Pages File System...
[    2.167001] systemd[1]: Mounting POSIX Message Queue File System...
[    2.167985] systemd[1]: Mounting Kernel Debug File System...
[    2.168858] systemd[1]: Mounting Kernel Trace File System...
[    2.171040] systemd[1]: Starting Journal Service...
[    2.196441] systemd[1]: Starting Set the console keyboard layout...
[    2.204466] systemd[1]: Starting Create list of static device nodes for the current kernel...
[    2.206391] systemd[1]: Starting Load Kernel Module drm...
[    2.207873] systemd[1]: Condition check resulted in Set Up Additional Binary Formats being skipped.
[    2.208012] systemd[1]: Condition check resulted in File System Check on Root Device being skipped.
[    2.221742] systemd[1]: Starting Load Kernel Modules...
[    2.227180] systemd[1]: Starting Remount Root and Kernel File Systems...
[    2.238002] systemd[1]: Starting udev Coldplug all Devices...
[    2.244778] systemd[1]: Starting Uncomplicated firewall...
[    2.246333] systemd[1]: Mounted Huge Pages File System.
[    2.246441] systemd[1]: Mounted POSIX Message Queue File System.
[    2.246542] systemd[1]: Mounted Kernel Debug File System.
[    2.246668] systemd[1]: Mounted Kernel Trace File System.
[    2.251243] EXT4-fs (sda2): re-mounted. Opts: errors=remount-ro
[    2.279297] systemd[1]: Finished Create list of static device nodes for the current kernel.
[    2.280403] systemd[1]: modprobe@drm.service: Succeeded.
[    2.286969] systemd[1]: Finished Load Kernel Module drm.
[    2.288041] systemd[1]: Finished Remount Root and Kernel File Systems.
[    2.288865] systemd[1]: Finished Uncomplicated firewall.
[    2.305578] lp: driver loaded but no devices found
[    2.307013] systemd[1]: Condition check resulted in Rebuild Hardware Database being skipped.
[    2.307048] systemd[1]: Condition check resulted in Platform Persistent Storage Archival being skipped.
[    2.307765] systemd[1]: Starting Load/Save Random Seed...
[    2.311471] systemd[1]: Starting Create System Users...
[    2.322331] ppdev: user-space parallel port driver
[    2.328520] systemd[1]: Finished Load/Save Random Seed.
[    2.334213] systemd[1]: Finished Create System Users.
[    2.334953] systemd[1]: Starting Create Static Device Nodes in /dev...
[    2.357691] systemd[1]: Finished Create Static Device Nodes in /dev.
[    2.358519] systemd[1]: Starting udev Kernel Device Manager...
[    2.410328] systemd[1]: Finished udev Coldplug all Devices.
[    2.413225] [drm] DMA map mode: Caching DMA mappings.
[    2.413317] [drm] Capabilities:
[    2.413318] [drm]   Rect copy.
[    2.413318] [drm]   Cursor.
[    2.413318] [drm]   Cursor bypass.
[    2.413319] [drm]   Cursor bypass 2.
[    2.413319] [drm]   Alpha cursor.
[    2.413320] [drm]   Extended Fifo.
[    2.413320] [drm]   Pitchlock.
[    2.413320] [drm]   Irq mask.
[    2.413320] [drm]   GMR.
[    2.413321] [drm]   Traces.
[    2.413321] [drm]   GMR2.
[    2.413322] [drm]   Screen Object 2.
[    2.413322] [drm]   Command Buffers.
[    2.413322] [drm]   Command Buffers 2.
[    2.413323] [drm]   Guest Backed Resources.
[    2.413323] [drm] Max GMR ids is 8192
[    2.413324] [drm] Max number of GMR pages is 1048576
[    2.413325] [drm] Max dedicated hypervisor surface memory is 393216 kiB
[    2.413325] [drm] Maximum display memory size is 131072 kiB
[    2.413326] [drm] VRAM at 0xe0000000 size is 131072 kiB
[    2.413326] [drm] MMIO at 0xf0000000 size is 2048 kiB
[    2.414527] [TTM] Zone  kernel: Available graphics memory: 1011744 KiB
[    2.414528] [TTM] Initializing pool allocator
[    2.414531] [TTM] Initializing DMA pool allocator
[    2.414560] [drm] Supports vblank timestamp caching Rev 2 (21.10.2013).
[    2.414561] [drm] No driver support for vblank timestamp query.
[    2.414791] [drm] Screen Target Display device initialized
[    2.414989] [drm] width 720
[    2.415003] [drm] height 400
[    2.415015] [drm] bpp 32
[    2.415573] [drm] Fifo max 0x00200000 min 0x00001000 cap 0x00000355
[    2.416693] [drm] Using command buffers with DMA pool.
[    2.416697] [drm] DX: no.
[    2.416697] [drm] Atomic: yes.
[    2.416697] [drm] SM4_1: no.
[    2.416724] [drm:vmw_host_log [vmwgfx]] *ERROR* Failed to send host log message.
[    2.417820] [drm:vmw_host_log [vmwgfx]] *ERROR* Failed to send host log message.
[    2.436592] fbcon: svgadrmfb (fb0) is primary device
[    2.438739] Console: switching to colour frame buffer device 100x37
[    2.447154] [drm] Initialized vmwgfx 2.15.0 20180704 for 0000:00:02.0 on minor 0
[    2.451847] systemd[1]: Finished Load Kernel Modules.
[    2.452760] systemd[1]: Mounting FUSE Control File System...
[    2.453942] systemd[1]: Mounting Kernel Configuration File System...
[    2.458964] systemd[1]: Starting Apply Kernel Variables...
[    2.474488] systemd[1]: Mounted FUSE Control File System.
[    2.474564] systemd[1]: Condition check resulted in VMware vmblock fuse mount being skipped.
[    2.480435] systemd[1]: Mounted Kernel Configuration File System.
[    2.499967] systemd[1]: Finished Set the console keyboard layout.
[    2.500062] systemd[1]: Reached target Local File Systems (Pre).
[    2.502084] systemd[1]: Mounting Mount unit for bare, revision 5...
[    2.504022] systemd[1]: Mounting Mount unit for core18, revision 1705...
[    2.524487] systemd[1]: Mounting Mount unit for gnome-3-34-1804, revision 24...
[    2.531820] systemd[1]: Mounting Mount unit for gtk-common-themes, revision 1506...
[    2.538580] systemd[1]: Mounting Mount unit for gtk-common-themes, revision 1535...
[    2.548086] systemd[1]: Mounting Mount unit for snap-store, revision 433...
[    2.553667] systemd[1]: Mounting Mount unit for snapd, revision 25935...
[    2.561113] systemd[1]: Finished Apply Kernel Variables.
[    2.579765] systemd[1]: Mounted Mount unit for bare, revision 5.
[    2.581679] systemd[1]: Mounted Mount unit for core18, revision 1705.
[    2.581771] systemd[1]: Mounted Mount unit for gnome-3-34-1804, revision 24.
[    2.589365] systemd[1]: Mounted Mount unit for gtk-common-themes, revision 1506.
[    2.591970] systemd[1]: Started udev Kernel Device Manager.
[    2.592730] systemd[1]: Starting Show Plymouth Boot Screen...
[    2.600828] systemd[1]: Received SIGRTMIN+20 from PID 285 (plymouthd).
[    2.616975] systemd[1]: Mounted Mount unit for snap-store, revision 433.
[    2.619415] systemd[1]: Started Show Plymouth Boot Screen.
[    2.619617] systemd[1]: Condition check resulted in Dispatch Password Requests to Console Directory Watch being skipped.
[    2.619715] systemd[1]: Started Forward Password Requests to Plymouth Directory Watch.
[    2.619780] systemd[1]: Reached target Local Encrypted Volumes.
[    2.652532] systemd[1]: Mounted Mount unit for gtk-common-themes, revision 1535.
[    2.652768] systemd[1]: Mounted Mount unit for snapd, revision 25935.
[    2.652917] systemd[1]: Reached target Local File Systems.
[    2.653763] systemd[1]: Starting Load AppArmor profiles...
[    2.667487] systemd[1]: Starting Set console font and keymap...
[    2.678036] systemd[1]: Starting Tell Plymouth To Write Out Runtime Data...
[    2.682226] systemd[1]: Condition check resulted in Store a System Token in an EFI Variable being skipped.
[    2.682291] systemd[1]: Condition check resulted in Commit a transient machine-id on disk being skipped.
[    2.684694] systemd[1]: Finished Set console font and keymap.
[    2.694563] systemd[1]: Received SIGRTMIN+20 from PID 285 (plymouthd).
[    2.695076] systemd[1]: plymouth-read-write.service: Succeeded.
[    2.695322] systemd[1]: Finished Tell Plymouth To Write Out Runtime Data.
[    2.716732] audit: type=1400 audit(1768926856.548:2): apparmor="STATUS" operation="profile_load" profile="unconfined" name="nvidia_modprobe" pid=298 comm="apparmor_parser"
[    2.716734] audit: type=1400 audit(1768926856.548:3): apparmor="STATUS" operation="profile_load" profile="unconfined" name="nvidia_modprobe//kmod" pid=298 comm="apparmor_parser"
[    2.724719] audit: type=1400 audit(1768926856.556:4): apparmor="STATUS" operation="profile_load" profile="unconfined" name="/usr/sbin/tcpdump" pid=299 comm="apparmor_parser"
[    2.770485] audit: type=1400 audit(1768926856.596:5): apparmor="STATUS" operation="profile_load" profile="unconfined" name="/usr/bin/evince" pid=301 comm="apparmor_parser"
[    2.770487] audit: type=1400 audit(1768926856.596:6): apparmor="STATUS" operation="profile_load" profile="unconfined" name="/usr/bin/evince//sanitized_helper" pid=301 comm="apparmor_parser"
[    2.770489] audit: type=1400 audit(1768926856.596:7): apparmor="STATUS" operation="profile_load" profile="unconfined" name="/usr/bin/evince-previewer" pid=301 comm="apparmor_parser"
[    2.770490] audit: type=1400 audit(1768926856.596:8): apparmor="STATUS" operation="profile_load" profile="unconfined" name="/usr/bin/evince-previewer//sanitized_helper" pid=301 comm="apparmor_parser"
[    2.770492] audit: type=1400 audit(1768926856.596:9): apparmor="STATUS" operation="profile_load" profile="unconfined" name="/usr/bin/evince-thumbnailer" pid=301 comm="apparmor_parser"
[    2.786527] audit: type=1400 audit(1768926856.620:10): apparmor="STATUS" operation="profile_load" profile="unconfined" name="/usr/lib/cups/backend/cups-pdf" pid=302 comm="apparmor_parser"
[    2.870321] systemd[1]: Finished Load AppArmor profiles.
[    2.871719] systemd[1]: Starting Load AppArmor profiles managed internally by snapd...
[    2.984422] systemd[1]: Finished Load AppArmor profiles managed internally by snapd.
[    3.181549] systemd[1]: Started Journal Service.
[    3.191696] systemd-journald[228]: Received client request to flush runtime journal.
[    3.194771] systemd-journald[228]: File /var/log/journal/c455b248004a419c87ce85eea238d727/system.journal corrupted or uncleanly shut down, renaming and replacing.
[    4.474279] RAPL PMU: API unit is 2^-32 Joules, 0 fixed counters, 10737418240 ms ovfl timer
[    4.553705] cryptd: max_cpu_qlen set to 1000
[    4.599041] AVX2 version of gcm_enc/dec engaged.
[    4.599043] AES CTR mode by8 optimization enabled
[    6.382008] Adding 1998844k swap on /dev/sda1.  Priority:-2 extents:1 across:1998844k FS
[    7.848912] kauditd_printk_skb: 30 callbacks suppressed
[    7.848913] audit: type=1400 audit(1768926861.676:41): apparmor="DENIED" operation="capable" profile="/usr/sbin/cups-browsed" pid=508 comm="cups-browsed" capability=23  capname="sys_nice"
[    8.834362] pcnet32 0000:00:03.0 enp0s3: link up, 100Mbps, full-duplex
[    8.871047] e1000: enp0s8 NIC Link is Up 1000 Mbps Full Duplex, Flow Control: RX
[    8.871516] IPv6: ADDRCONF(NETDEV_CHANGE): enp0s8: link becomes ready
[    8.900721] e1000: enp0s9 NIC Link is Up 1000 Mbps Full Duplex, Flow Control: RX
[    8.901014] IPv6: ADDRCONF(NETDEV_CHANGE): enp0s9: link becomes ready
[    9.524463] device enp0s3 entered promiscuous mode
[    9.554288] audit: type=1400 audit(1768926863.384:42): apparmor="DENIED" operation="open" profile="/usr/sbin/tcpdump" name="/proc/sys/kernel/random/boot_id" pid=646 comm="tcpdump" requested_mask="r" denied_mask="r" fsuid=0 ouid=0
[    9.554520] audit: type=1400 audit(1768926863.384:43): apparmor="DENIED" operation="open" profile="/usr/sbin/tcpdump" name="/proc/sys/kernel/random/boot_id" pid=646 comm="tcpdump" requested_mask="r" denied_mask="r" fsuid=0 ouid=0
[    9.554634] audit: type=1400 audit(1768926863.384:44): apparmor="DENIED" operation="open" profile="/usr/sbin/tcpdump" name="/proc/sys/kernel/random/boot_id" pid=646 comm="tcpdump" requested_mask="r" denied_mask="r" fsuid=0 ouid=0
[    9.554692] audit: type=1400 audit(1768926863.384:45): apparmor="DENIED" operation="open" profile="/usr/sbin/tcpdump" name="/proc/sys/kernel/random/boot_id" pid=646 comm="tcpdump" requested_mask="r" denied_mask="r" fsuid=0 ouid=0
[    9.558544] audit: type=1400 audit(1768926863.392:46): apparmor="DENIED" operation="open" profile="/usr/sbin/tcpdump" name="/proc/sys/kernel/random/boot_id" pid=647 comm="tcpdump" requested_mask="r" denied_mask="r" fsuid=0 ouid=0
[    9.558692] audit: type=1400 audit(1768926863.392:47): apparmor="DENIED" operation="open" profile="/usr/sbin/tcpdump" name="/proc/sys/kernel/random/boot_id" pid=647 comm="tcpdump" requested_mask="r" denied_mask="r" fsuid=0 ouid=0
[    9.558770] audit: type=1400 audit(1768926863.392:48): apparmor="DENIED" operation="open" profile="/usr/sbin/tcpdump" name="/proc/sys/kernel/random/boot_id" pid=647 comm="tcpdump" requested_mask="r" denied_mask="r" fsuid=0 ouid=0
[    9.558869] audit: type=1400 audit(1768926863.392:49): apparmor="DENIED" operation="open" profile="/usr/sbin/tcpdump" name="/proc/sys/kernel/random/boot_id" pid=647 comm="tcpdump" requested_mask="r" denied_mask="r" fsuid=0 ouid=0
[   15.537751] rfkill: input handler disabled
[  539.859591] rfkill: input handler enabled
[  548.751986] rfkill: input handler disabled
[  720.052808] device enp0s3 left promiscuous mode
