[    0.000000] Linux version 5.4.243-tcp (root@ztg) (gcc version 12.2.0 (Debian 12.2.0-14)) #1 SMP Fri Apr 12 08:27:09 CST 2024
[    0.000000] Command line: BOOT_IMAGE=/boot/vmlinuz-5.4.243-tcp root=UUID=98415a12-53b7-4144-8265-0f7ece09e445 ro quiet splash
[    0.000000] KERNEL supported cpus:
[    0.000000]   Intel GenuineIntel
[    0.000000]   AMD AuthenticAMD
[    0.000000]   Hygon HygonGenuine
[    0.000000]   Centaur CentaurHauls
[    0.000000]   zhaoxin   Shanghai  
[    0.000000] x86/fpu: Supporting XSAVE feature 0x001: 'x87 floating point registers'
[    0.000000] x86/fpu: Supporting XSAVE feature 0x002: 'SSE registers'
[    0.000000] x86/fpu: Supporting XSAVE feature 0x004: 'AVX registers'
[    0.000000] x86/fpu: xstate_offset[2]:  576, xstate_sizes[2]:  256
[    0.000000] x86/fpu: Enabled xstate features 0x7, context size is 832 bytes, using 'standard' format.
[    0.000000] BIOS-provided physical RAM map:
[    0.000000] BIOS-e820: [mem 0x0000000000000000-0x000000000009fbff] usable
[    0.000000] BIOS-e820: [mem 0x000000000009fc00-0x000000000009ffff] reserved
[    0.000000] BIOS-e820: [mem 0x00000000000f0000-0x00000000000fffff] reserved
[    0.000000] BIOS-e820: [mem 0x0000000000100000-0x000000007ffeffff] usable
[    0.000000] BIOS-e820: [mem 0x000000007fff0000-0x000000007fffffff] ACPI data
[    0.000000] BIOS-e820: [mem 0x00000000fec00000-0x00000000fec00fff] reserved
[    0.000000] BIOS-e820: [mem 0x00000000fee00000-0x00000000fee00fff] reserved
[    0.000000] BIOS-e820: [mem 0x00000000fffc0000-0x00000000ffffffff] reserved
[    0.000000] NX (Execute Disable) protection: active
[    0.000000] SMBIOS 2.5 present.
[    0.000000] DMI: innotek GmbH VirtualBox/VirtualBox, BIOS VirtualBox 12/01/2006
[    0.000000] Hypervisor detected: KVM
[    0.000000] kvm-clock: Using msrs 4b564d01 and 4b564d00
[    0.000000] kvm-clock: cpu 0, msr 5a201001, primary cpu clock
[    0.000000] kvm-clock: using sched offset of 4426697881 cycles
[    0.000003] clocksource: kvm-clock: mask: 0xffffffffffffffff max_cycles: 0x1cd42e4dffb, max_idle_ns: 881590591483 ns
[    0.000006] tsc: Detected 2100.000 MHz processor
[    0.001855] e820: update [mem 0x00000000-0x00000fff] usable ==> reserved
[    0.001857] e820: remove [mem 0x000a0000-0x000fffff] usable
[    0.001861] last_pfn = 0x7fff0 max_arch_pfn = 0x400000000
[    0.001929] MTRR default type: uncachable
[    0.001930] MTRR fixed ranges enabled:
[    0.001931]   00000-9FFFF write-back
[    0.001932]   A0000-BFFFF uncachable
[    0.001932]   C0000-FFFFF write-protect
[    0.001933] MTRR variable ranges enabled:
[    0.001935]   0 base 000000000000 mask 3FFF80000000 write-back
[    0.001935]   1 disabled
[    0.001936]   2 disabled
[    0.001936]   3 disabled
[    0.001936]   4 disabled
[    0.001937]   5 disabled
[    0.001937]   6 disabled
[    0.001938]   7 disabled
[    0.001938]   8 disabled
[    0.001938]   9 disabled
[    0.001939]   10 disabled
[    0.001939]   11 disabled
[    0.001940]   12 disabled
[    0.001940]   13 disabled
[    0.001941]   14 disabled
[    0.001941]   15 disabled
[    0.001958] x86/PAT: Configuration [0-7]: WB  WC  UC- UC  WB  WP  UC- WT  
[    0.002091] found SMP MP-table at [mem 0x0009fff0-0x0009ffff]
[    0.089311] check: Scanning 1 areas for low memory corruption
[    0.089431] RAMDISK: [mem 0x32275000-0x35131fff]
[    0.089440] ACPI: Early table checksum verification disabled
[    0.089445] ACPI: RSDP 0x00000000000E0000 000024 (v02 VBOX  )
[    0.089449] ACPI: XSDT 0x000000007FFF0030 00003C (v01 VBOX   VBOXXSDT 00000001 ASL  00000061)
[    0.089455] ACPI: FACP 0x000000007FFF00F0 0000F4 (v04 VBOX   VBOXFACP 00000001 ASL  00000061)
[    0.089462] ACPI: DSDT 0x000000007FFF02E0 002353 (v02 VBOX   VBOXBIOS 00000002 VBOX 00029BF3)
[    0.089466] ACPI: FACS 0x000000007FFF0200 000040
[    0.089469] ACPI: FACS 0x000000007FFF0200 000040
[    0.089472] ACPI: APIC 0x000000007FFF0240 000054 (v02 VBOX   VBOXAPIC 00000001 ASL  00000061)
[    0.089475] ACPI: SSDT 0x000000007FFF02A0 000038 (v01 VBOX   VBOXCPUT 00000002 VBOX 00029BF3)
[    0.089479] ACPI: Reserving FACP table memory at [mem 0x7fff00f0-0x7fff01e3]
[    0.089480] ACPI: Reserving DSDT table memory at [mem 0x7fff02e0-0x7fff2632]
[    0.089480] ACPI: Reserving FACS table memory at [mem 0x7fff0200-0x7fff023f]
[    0.089481] ACPI: Reserving FACS table memory at [mem 0x7fff0200-0x7fff023f]
[    0.089482] ACPI: Reserving APIC table memory at [mem 0x7fff0240-0x7fff0293]
[    0.089482] ACPI: Reserving SSDT table memory at [mem 0x7fff02a0-0x7fff02d7]
[    0.089496] ACPI: Local APIC address 0xfee00000
[    0.089681] No NUMA configuration found
[    0.089682] Faking a node at [mem 0x0000000000000000-0x000000007ffeffff]
[    0.089692] NODE_DATA(0) allocated [mem 0x7ffc5000-0x7ffeffff]
[    0.089953] Zone ranges:
[    0.089954]   DMA      [mem 0x0000000000001000-0x0000000000ffffff]
[    0.089955]   DMA32    [mem 0x0000000001000000-0x000000007ffeffff]
[    0.089956]   Normal   empty
[    0.089957]   Device   empty
[    0.089957] Movable zone start for each node
[    0.089959] Early memory node ranges
[    0.089960]   node   0: [mem 0x0000000000001000-0x000000000009efff]
[    0.089961]   node   0: [mem 0x0000000000100000-0x000000007ffeffff]
[    0.089964] Zeroed struct page in unavailable ranges: 114 pages
[    0.089965] Initmem setup node 0 [mem 0x0000000000001000-0x000000007ffeffff]
[    0.089966] On node 0 totalpages: 524174
[    0.089967]   DMA zone: 64 pages used for memmap
[    0.089968]   DMA zone: 21 pages reserved
[    0.089969]   DMA zone: 3998 pages, LIFO batch:0
[    0.090040]   DMA32 zone: 8128 pages used for memmap
[    0.090041]   DMA32 zone: 520176 pages, LIFO batch:63
[    0.099031] ACPI: PM-Timer IO Port: 0x4008
[    0.099035] ACPI: Local APIC address 0xfee00000
[    0.099103] IOAPIC[0]: apic_id 1, version 32, address 0xfec00000, GSI 0-23
[    0.099107] ACPI: INT_SRC_OVR (bus 0 bus_irq 0 global_irq 2 dfl dfl)
[    0.099109] ACPI: INT_SRC_OVR (bus 0 bus_irq 9 global_irq 9 low level)
[    0.099111] ACPI: IRQ0 used by override.
[    0.099112] ACPI: IRQ9 used by override.
[    0.099114] Using ACPI (MADT) for SMP configuration information
[    0.099121] smpboot: Allowing 1 CPUs, 0 hotplug CPUs
[    0.099144] PM: Registered nosave memory: [mem 0x00000000-0x00000fff]
[    0.099145] PM: Registered nosave memory: [mem 0x0009f000-0x0009ffff]
[    0.099146] PM: Registered nosave memory: [mem 0x000a0000-0x000effff]
[    0.099147] PM: Registered nosave memory: [mem 0x000f0000-0x000fffff]
[    0.099148] [mem 0x80000000-0xfebfffff] available for PCI devices
[    0.099150] Booting paravirtualized kernel on KVM
[    0.099153] clocksource: refined-jiffies: mask: 0xffffffff max_cycles: 0xffffffff, max_idle_ns: 7645519600211568 ns
[    0.099159] setup_percpu: NR_CPUS:8192 nr_cpumask_bits:1 nr_cpu_ids:1 nr_node_ids:1
[    0.100160] percpu: Embedded 60 pages/cpu s208896 r8192 d28672 u2097152
[    0.100165] pcpu-alloc: s208896 r8192 d28672 u2097152 alloc=1*2097152
[    0.100166] pcpu-alloc: [0] 0 
[    0.100193] Built 1 zonelists, mobility grouping on.  Total pages: 515961
[    0.100194] Policy zone: DMA32
[    0.100195] Kernel command line: BOOT_IMAGE=/boot/vmlinuz-5.4.243-tcp root=UUID=98415a12-53b7-4144-8265-0f7ece09e445 ro quiet splash
[    0.101034] Dentry cache hash table entries: 262144 (order: 9, 2097152 bytes, linear)
[    0.101181] Inode-cache hash table entries: 131072 (order: 8, 1048576 bytes, linear)
[    0.101231] mem auto-init: stack:off, heap alloc:on, heap free:off
[    0.101234] Calgary: detecting Calgary via BIOS EBDA area
[    0.101235] Calgary: Unable to locate Rio Grande table in EBDA - bailing!
[    0.105372] Memory: 1967340K/2096696K available (14339K kernel code, 2392K rwdata, 4692K rodata, 2720K init, 17272K bss, 129356K reserved, 0K cma-reserved)
[    0.106287] SLUB: HWalign=64, Order=0-3, MinObjects=0, CPUs=1, Nodes=1
[    0.106304] ftrace: allocating 42894 entries in 168 pages
[    0.124199] rcu: Hierarchical RCU implementation.
[    0.124201] rcu: 	RCU restricting CPUs from NR_CPUS=8192 to nr_cpu_ids=1.
[    0.124202] 	Tasks RCU enabled.
[    0.124203] rcu: RCU calculated value of scheduler-enlistment delay is 25 jiffies.
[    0.124204] rcu: Adjusting geometry for rcu_fanout_leaf=16, nr_cpu_ids=1
[    0.127179] NR_IRQS: 524544, nr_irqs: 256, preallocated irqs: 16
[    0.127388] random: crng init done
[    0.136735] Console: colour VGA+ 80x25
[    0.136739] printk: console [tty0] enabled
[    0.136758] ACPI: Core revision 20190816
[    0.136850] APIC: Switch to symmetric I/O mode setup
[    0.137099] x2apic enabled
[    0.137340] Switched APIC routing to physical x2apic.
[    0.138469] ..TIMER: vector=0x30 apic1=0 pin1=2 apic2=-1 pin2=-1
[    0.138493] clocksource: tsc-early: mask: 0xffffffffffffffff max_cycles: 0x1e4530a99b6, max_idle_ns: 440795257976 ns
[    0.138498] Calibrating delay loop (skipped) preset value.. 4200.00 BogoMIPS (lpj=8400000)
[    0.138500] pid_max: default: 32768 minimum: 301
[    0.138528] LSM: Security Framework initializing
[    0.138538] Yama: becoming mindful.
[    0.138564] AppArmor: AppArmor initialized
[    0.138598] Mount-cache hash table entries: 4096 (order: 3, 32768 bytes, linear)
[    0.138603] Mountpoint-cache hash table entries: 4096 (order: 3, 32768 bytes, linear)
[    0.138614] *** VALIDATE tmpfs ***
[    0.138744] *** VALIDATE proc ***
[    0.138786] *** VALIDATE cgroup1 ***
[    0.138787] *** VALIDATE cgroup2 ***
[    0.138926] process: using mwait in idle threads
[    0.138931] Last level iTLB entries: 4KB 64, 2MB 8, 4MB 8
[    0.138931] Last level dTLB entries: 4KB 64, 2MB 0, 4MB 0, 1GB 4
[    0.138952] Spectre V1 : Mitigation: usercopy/swapgs barriers and __user pointer sanitization
[    0.138958] Spectre V2 : Mitigation: Retpolines
[    0.138958] Spectre V2 : Spectre v2 / SpectreRSB mitigation: Filling RSB on context switch
[    0.138959] Spectre V2 : Spectre v2 / SpectreRSB : Filling RSB on VMEXIT
[    0.138960] RETBleed: WARNING: Spectre v2 mitigation leaves CPU vulnerable to RETBleed attacks, data leaks possible!
[    0.139322] RETBleed: Vulnerable
[    0.139323] Speculative Store Bypass: Vulnerable
[    0.139328] TAA: Mitigation: TSX disabled
[    0.139328] MMIO Stale Data: Mitigation: Clear CPU buffers
[    0.143540] Freeing SMP alternatives memory: 40K
[    0.255409] smpboot: CPU0: Intel(R) Xeon(R) Silver 4216 CPU @ 2.10GHz (family: 0x6, model: 0x55, stepping: 0x7)
[    0.255544] Performance Events: unsupported p6 CPU model 85 no PMU driver, software events only.
[    0.255581] rcu: Hierarchical SRCU implementation.
[    0.256126] NMI watchdog: Perf NMI watchdog permanently disabled
[    0.256173] smp: Bringing up secondary CPUs ...
[    0.256175] smp: Brought up 1 node, 1 CPU
[    0.256176] smpboot: Max logical packages: 1
[    0.256177] smpboot: Total of 1 processors activated (4200.00 BogoMIPS)
[    0.257215] devtmpfs: initialized
[    0.257271] x86/mm: Memory block size: 128MB
[    0.257664] clocksource: jiffies: mask: 0xffffffff max_cycles: 0xffffffff, max_idle_ns: 7645041785100000 ns
[    0.257671] futex hash table entries: 256 (order: 2, 16384 bytes, linear)
[    0.257720] pinctrl core: initialized pinctrl subsystem
[    0.257835] PM: RTC time: 11:52:51, date: 2026-01-20
[    0.257950] NET: Registered protocol family 16
[    0.258035] audit: initializing netlink subsys (disabled)
[    0.258175] EISA bus registered
[    0.258176] cpuidle: using governor ladder
[    0.258177] cpuidle: using governor menu
[    0.258218] ACPI: bus type PCI registered
[    0.258220] acpiphp: ACPI Hot Plug PCI Controller Driver version: 0.5
[    0.258336] PCI: Using configuration type 1 for base access
[    0.259132] audit: type=2000 audit(1768881177.345:1): state=initialized audit_enabled=0 res=1
[    0.259218] HugeTLB registered 2.00 MiB page size, pre-allocated 0 pages
[    0.260092] ACPI: Added _OSI(Module Device)
[    0.260093] ACPI: Added _OSI(Processor Device)
[    0.260093] ACPI: Added _OSI(3.0 _SCP Extensions)
[    0.260094] ACPI: Added _OSI(Processor Aggregator Device)
[    0.260095] ACPI: Added _OSI(Linux-Dell-Video)
[    0.260096] ACPI: Added _OSI(Linux-Lenovo-NV-HDMI-Audio)
[    0.260096] ACPI: Added _OSI(Linux-HPI-Hybrid-Graphics)
[    0.262125] ACPI: 2 ACPI AML tables successfully acquired and loaded
[    0.263761] ACPI: Interpreter enabled
[    0.263770] ACPI: (supports S0 S5)
[    0.263771] ACPI: Using IOAPIC for interrupt routing
[    0.263978] PCI: Using host bridge windows from ACPI; if necessary, use "pci=nocrs" and report a bug
[    0.264095] ACPI: Enabled 2 GPEs in block 00 to 07
[    0.269160] ACPI: PCI Root Bridge [PCI0] (domain 0000 [bus 00-ff])
[    0.269165] acpi PNP0A03:00: _OSC: OS supports [ASPM ClockPM Segments MSI HPX-Type3]
[    0.269605] acpi PNP0A03:00: _OSC: not requesting OS control; OS requires [ExtendedConfig ASPM ClockPM MSI]
[    0.269613] acpi PNP0A03:00: fail to add MMCONFIG information, can't access extended PCI configuration space under this bridge.
[    0.269977] PCI host bridge to bus 0000:00
[    0.269979] pci_bus 0000:00: root bus resource [io  0x0000-0x0cf7 window]
[    0.269981] pci_bus 0000:00: root bus resource [io  0x0d00-0xffff window]
[    0.269982] pci_bus 0000:00: root bus resource [mem 0x000a0000-0x000bffff window]
[    0.269983] pci_bus 0000:00: root bus resource [mem 0x80000000-0xfdffffff window]
[    0.269984] pci_bus 0000:00: root bus resource [bus 00-ff]
[    0.270029] pci 0000:00:00.0: [8086:1237] type 00 class 0x060000
[    0.271002] pci 0000:00:01.0: [8086:7000] type 00 class 0x060100
[    0.271761] pci 0000:00:01.1: [8086:7111] type 00 class 0x01018a
[    0.272127] pci 0000:00:01.1: reg 0x20: [io  0xd000-0xd00f]
[    0.272278] pci 0000:00:01.1: legacy IDE quirk: reg 0x10: [io  0x01f0-0x01f7]
[    0.272279] pci 0000:00:01.1: legacy IDE quirk: reg 0x14: [io  0x03f6]
[    0.272280] pci 0000:00:01.1: legacy IDE quirk: reg 0x18: [io  0x0170-0x0177]
[    0.272281] pci 0000:00:01.1: legacy IDE quirk: reg 0x1c: [io  0x0376]
[    0.272814] pci 0000:00:02.0: [15ad:0405] type 00 class 0x030000
[    0.274571] pci 0000:00:02.0: reg 0x10: [io  0xd010-0xd01f]
[    0.278540] pci 0000:00:02.0: reg 0x14: [mem 0xe0000000-0xe7ffffff pref]
[    0.281213] pci 0000:00:02.0: reg 0x18: [mem 0xf0000000-0xf01fffff]
[    0.291278] pci 0000:00:03.0: [1022:2000] type 00 class 0x020000
[    0.291960] pci 0000:00:03.0: reg 0x10: [io  0xd020-0xd03f]
[    0.292573] pci 0000:00:03.0: reg 0x14: [mem 0xf0200000-0xf0200fff]
[    0.297580] pci 0000:00:04.0: [80ee:cafe] type 00 class 0x088000
[    0.298248] pci 0000:00:04.0: reg 0x10: [io  0xd040-0xd05f]
[    0.298607] pci 0000:00:04.0: reg 0x14: [mem 0xf0400000-0xf07fffff]
[    0.299211] pci 0000:00:04.0: reg 0x18: [mem 0xf0800000-0xf0803fff pref]
[    0.302537] pci 0000:00:07.0: [8086:7113] type 00 class 0x068000
[    0.303091] pci 0000:00:07.0: quirk: [io  0x4000-0x403f] claimed by PIIX4 ACPI
[    0.303104] pci 0000:00:07.0: quirk: [io  0x4100-0x410f] claimed by PIIX4 SMB
[    0.303713] pci 0000:00:08.0: [8086:100e] type 00 class 0x020000
[    0.304411] pci 0000:00:08.0: reg 0x10: [mem 0xf0820000-0xf083ffff]
[    0.305561] pci 0000:00:08.0: reg 0x18: [io  0xd060-0xd067]
[    0.309212] pci 0000:00:09.0: [8086:100e] type 00 class 0x020000
[    0.309964] pci 0000:00:09.0: reg 0x10: [mem 0xf0840000-0xf085ffff]
[    0.310607] pci 0000:00:09.0: reg 0x18: [io  0xd068-0xd06f]
[    0.319621] ACPI: PCI Interrupt Link [LNKA] (IRQs 5 9 10 *11)
[    0.322548] ACPI: PCI Interrupt Link [LNKB] (IRQs 5 9 *10 11)
[    0.322651] ACPI: PCI Interrupt Link [LNKC] (IRQs 5 *9 10 11)
[    0.322754] ACPI: PCI Interrupt Link [LNKD] (IRQs 5 9 10 *11)
[    0.323019] iommu: Default domain type: Translated 
[    0.323080] pci 0000:00:02.0: vgaarb: setting as boot VGA device
[    0.323081] pci 0000:00:02.0: vgaarb: VGA device added: decodes=io+mem,owns=io+mem,locks=none
[    0.323083] pci 0000:00:02.0: vgaarb: bridge control possible
[    0.323084] vgaarb: loaded
[    0.323291] SCSI subsystem initialized
[    0.323323] libata version 3.00 loaded.
[    0.323352] ACPI: bus type USB registered
[    0.323366] usbcore: registered new interface driver usbfs
[    0.323372] usbcore: registered new interface driver hub
[    0.323376] usbcore: registered new device driver usb
[    0.323404] pps_core: LinuxPPS API ver. 1 registered
[    0.323405] pps_core: Software ver. 5.3.6 - Copyright 2005-2007 Rodolfo Giometti <giometti@linux.it>
[    0.323407] PTP clock support registered
[    0.323441] EDAC MC: Ver: 3.0.0
[    0.323722] PCI: Using ACPI for IRQ routing
[    0.323724] PCI: pci_cache_line_size set to 64 bytes
[    0.323900] e820: reserve RAM buffer [mem 0x0009fc00-0x0009ffff]
[    0.323903] e820: reserve RAM buffer [mem 0x7fff0000-0x7fffffff]
[    0.324028] NetLabel: Initializing
[    0.324028] NetLabel:  domain hash size = 128
[    0.324029] NetLabel:  protocols = UNLABELED CIPSOv4 CALIPSO
[    0.324048] NetLabel:  unlabeled traffic allowed by default
[    0.325632] clocksource: Switched to clocksource kvm-clock
[    0.339170] *** VALIDATE bpf ***
[    0.339170] VFS: Disk quotas dquot_6.6.0
[    0.339170] VFS: Dquot-cache hash table entries: 512 (order 0, 4096 bytes)
[    0.339170] *** VALIDATE ramfs ***
[    0.339170] *** VALIDATE hugetlbfs ***
[    0.339170] AppArmor: AppArmor Filesystem Enabled
[    0.339170] pnp: PnP ACPI init
[    0.339170] pnp 00:00: Plug and Play ACPI device, IDs PNP0303 (active)
[    0.339996] pnp 00:01: Plug and Play ACPI device, IDs PNP0f03 (active)
[    0.341049] pnp: PnP ACPI: found 2 devices
[    0.342437] thermal_sys: Registered thermal governor 'fair_share'
[    0.342438] thermal_sys: Registered thermal governor 'bang_bang'
[    0.342439] thermal_sys: Registered thermal governor 'step_wise'
[    0.342440] thermal_sys: Registered thermal governor 'user_space'
[    0.342441] thermal_sys: Registered thermal governor 'power_allocator'
[    0.347011] clocksource: acpi_pm: mask: 0xffffff max_cycles: 0xffffff, max_idle_ns: 2085701024 ns
[    0.347074] pci_bus 0000:00: resource 4 [io  0x0000-0x0cf7 window]
[    0.347076] pci_bus 0000:00: resource 5 [io  0x0d00-0xffff window]
[    0.347078] pci_bus 0000:00: resource 6 [mem 0x000a0000-0x000bffff window]
[    0.347080] pci_bus 0000:00: resource 7 [mem 0x80000000-0xfdffffff window]
[    0.347158] NET: Registered protocol family 2
[    0.347242] IP idents hash table entries: 32768 (order: 6, 262144 bytes, linear)
[    0.347494] tcp_listen_portaddr_hash hash table entries: 1024 (order: 2, 16384 bytes, linear)
[    0.347494] TCP established hash table entries: 16384 (order: 5, 131072 bytes, linear)
[    0.347494] TCP bind hash table entries: 16384 (order: 6, 262144 bytes, linear)
[    0.347494] TCP: Hash tables configured (established 16384 bind 16384)
[    0.347494] UDP hash table entries: 1024 (order: 3, 32768 bytes, linear)
[    0.347494] UDP-Lite hash table entries: 1024 (order: 3, 32768 bytes, linear)
[    0.347494] NET: Registered protocol family 1
[    0.347494] NET: Registered protocol family 44
[    0.348121] pci 0000:00:00.0: Limiting direct PCI/PCI transfers
[    0.348140] pci 0000:00:01.0: Activating ISA DMA hang workarounds
[    0.348209] pci 0000:00:02.0: Video device with shadowed ROM at [mem 0x000c0000-0x000dffff]
[    0.348288] PCI: CLS 0 bytes, default 64
[    0.348357] Trying to unpack rootfs image as initramfs...
[    0.532525] Freeing initrd memory: 47860K
[    0.532525] clocksource: tsc: mask: 0xffffffffffffffff max_cycles: 0x1e4530a99b6, max_idle_ns: 440795257976 ns
[    0.532525] clocksource: Switched to clocksource tsc
[    0.532525] platform rtc_cmos: registered platform RTC device (no PNP device found)
[    0.532525] check: Scanning for low memory corruption every 60 seconds
[    0.532525] Initialise system trusted keyrings
[    0.532525] Key type blacklist registered
[    0.532525] workingset: timestamp_bits=36 max_order=19 bucket_order=0
[    0.532525] zbud: loaded
[    0.532525] squashfs: version 4.0 (2009/01/31) Phillip Lougher
[    0.532525] fuse: init (API version 7.31)
[    0.532525] *** VALIDATE fuse ***
[    0.532525] *** VALIDATE fuse ***
[    0.532525] Platform Keyring initialized
[    0.547366] Key type asymmetric registered
[    0.547368] Asymmetric key parser 'x509' registered
[    0.547377] Block layer SCSI generic (bsg) driver version 0.4 loaded (major 244)
[    0.547414] io scheduler mq-deadline registered
[    0.547519] shpchp: Standard Hot Plug PCI Controller Driver version: 0.4
[    0.547733] ACPI: AC Adapter [AC] (on-line)
[    0.547778] input: Power Button as /devices/LNXSYSTM:00/LNXPWRBN:00/input/input0
[    0.547806] ACPI: Power Button [PWRF]
[    0.547880] input: Sleep Button as /devices/LNXSYSTM:00/LNXSLPBN:00/input/input1
[    0.547894] ACPI: Sleep Button [SLPF]
[    0.548122] Serial: 8250/16550 driver, 32 ports, IRQ sharing enabled
[    0.549293] Linux agpgart interface v0.103
[    0.639145] loop: module loaded
[    0.639292] ata_piix 0000:00:01.1: version 2.13
[    0.639695] scsi host0: ata_piix
[    0.639784] scsi host1: ata_piix
[    0.639811] ata1: PATA max UDMA/33 cmd 0x1f0 ctl 0x3f6 bmdma 0xd000 irq 14
[    0.639812] ata2: PATA max UDMA/33 cmd 0x170 ctl 0x376 bmdma 0xd008 irq 15
[    0.639890] tun: Universal TUN/TAP device driver, 1.6
[    0.640203] PPP generic driver version 2.4.2
[    0.640249] VFIO - User Level meta-driver version: 0.3
[    0.640490] ehci_hcd: USB 2.0 'Enhanced' Host Controller (EHCI) Driver
[    0.640496] ehci-pci: EHCI PCI platform driver
[    0.640511] ehci-platform: EHCI generic platform driver
[    0.640516] ohci_hcd: USB 1.1 'Open' Host Controller (OHCI) Driver
[    0.640518] ohci-pci: OHCI PCI platform driver
[    0.640523] ohci-platform: OHCI generic platform driver
[    0.640527] uhci_hcd: USB Universal Host Controller Interface driver
[    0.640589] i8042: PNP: PS/2 Controller [PNP0303:PS2K,PNP0f03:PS2M] at 0x60,0x64 irq 1,12
[    0.641035] serio: i8042 KBD port at 0x60,0x64 irq 1
[    0.641039] serio: i8042 AUX port at 0x60,0x64 irq 12
[    0.641126] mousedev: PS/2 mouse device common for all mice
[    0.641395] input: AT Translated Set 2 keyboard as /devices/platform/i8042/serio0/input/input2
[    0.641804] rtc_cmos rtc_cmos: registered as rtc0
[    0.641817] rtc_cmos rtc_cmos: alarms up to one day, 114 bytes nvram
[    0.641823] i2c /dev entries driver
[    0.641869] device-mapper: uevent: version 1.0.3
[    0.641910] device-mapper: ioctl: 4.41.0-ioctl (2019-09-16) initialised: dm-devel@redhat.com
[    0.641927] platform eisa.0: Probing EISA bus 0
[    0.641928] platform eisa.0: EISA: Cannot allocate resource for mainboard
[    0.641929] platform eisa.0: Cannot allocate resource for EISA slot 1
[    0.641930] platform eisa.0: Cannot allocate resource for EISA slot 2
[    0.641931] platform eisa.0: Cannot allocate resource for EISA slot 3
[    0.641932] platform eisa.0: Cannot allocate resource for EISA slot 4
[    0.641933] platform eisa.0: Cannot allocate resource for EISA slot 5
[    0.641934] platform eisa.0: Cannot allocate resource for EISA slot 6
[    0.641935] platform eisa.0: Cannot allocate resource for EISA slot 7
[    0.641936] platform eisa.0: Cannot allocate resource for EISA slot 8
[    0.641937] platform eisa.0: EISA: Detected 0 cards
[    0.641939] intel_pstate: CPU model not supported
[    0.641949] ledtrig-cpu: registered to indicate activity on CPUs
[    0.641998] drop_monitor: Initializing network drop monitor service
[    0.642157] NET: Registered protocol family 10
[    0.647287] Segment Routing with IPv6
[    0.647291] NET: Registered protocol family 17
[    0.647291] Key type dns_resolver registered
[    0.647291] RAS: Correctable Errors collector initialized.
[    0.647291] IPI shorthand broadcast: enabled
[    0.647291] sched_clock: Marking stable (632175217, 11116672)->(645549828, -2257939)
[    0.647516] registered taskstats version 1
[    0.647526] Loading compiled-in X.509 certificates
[    0.648113] Loaded X.509 cert 'Build time autogenerated kernel key: 0a9e52cc6eb58eed9b63e328679db6d5d5216245'
[    0.648130] zswap: loaded using pool lzo/zbud
[    0.648184] Key type ._fscrypt registered
[    0.648185] Key type .fscrypt registered
[    0.652657] Key type big_key registered
[    0.654849] Key type encrypted registered
[    0.654851] AppArmor: AppArmor sha1 policy hashing enabled
[    0.654858] ima: No TPM chip found, activating TPM-bypass!
[    0.654862] ima: Allocated hash algorithm: sha1
[    0.654867] ima: No architecture policies found
[    0.654875] evm: Initialising EVM extended attributes:
[    0.654877] evm: security.selinux
[    0.654877] evm: security.SMACK64
[    0.654878] evm: security.SMACK64EXEC
[    0.654878] evm: security.SMACK64TRANSMUTE
[    0.654879] evm: security.SMACK64MMAP
[    0.654879] evm: security.apparmor
[    0.654880] evm: security.ima
[    0.654880] evm: security.capability
[    0.654881] evm: HMAC attrs: 0x1
[    0.655176] PM:   Magic number: 10:975:883
[    0.655307] rtc_cmos rtc_cmos: setting system clock to 2026-01-20T11:52:52 UTC (1768909972)
[    0.812104] ata1.00: ATA-6: VBOX HARDDISK, 1.0, max UDMA/133
[    0.812107] ata1.00: 209715200 sectors, multi 128: LBA 
[    0.812763] scsi 0:0:0:0: Direct-Access     ATA      VBOX HARDDISK    1.0  PQ: 0 ANSI: 5
[    0.813049] sd 0:0:0:0: [sda] 209715200 512-byte logical blocks: (107 GB/100 GiB)
[    0.813061] sd 0:0:0:0: [sda] Write Protect is off
[    0.813064] sd 0:0:0:0: [sda] Mode Sense: 00 3a 00 00
[    0.813083] sd 0:0:0:0: [sda] Write cache: enabled, read cache: enabled, doesn't support DPO or FUA
[    0.813416] sd 0:0:0:0: Attached scsi generic sg0 type 0
[    0.814071]  sda: sda1 sda2
[    0.823331] sd 0:0:0:0: [sda] Attached SCSI disk
[    0.827164] Freeing unused decrypted memory: 2040K
[    0.828237] Freeing unused kernel image memory: 2720K
[    0.828240] Write protecting the kernel read-only data: 22528k
[    0.829447] Freeing unused kernel image memory: 2036K
[    0.830080] Freeing unused kernel image memory: 1452K
[    0.863628] x86/mm: Checked W+X mappings: passed, no W+X pages found.
[    0.863634] Run /init as init process
[    0.976979] ACPI: Video Device [GFX0] (multi-head: yes  rom: no  post: no)
[    0.977055] input: Video Bus as /devices/LNXSYSTM:00/LNXSYBUS:00/PNP0A03:00/LNXVIDEO:00/input/input4
[    0.988468] pcnet32: pcnet32.c:v1.35 21.Apr.2008 tsbogend@alpha.franken.de
[    0.990110] piix4_smbus 0000:00:07.0: SMBus Host Controller at 0x4100, revision 0
[    0.994130] e1000: Intel(R) PRO/1000 Network Driver - version 7.3.21-k8-NAPI
[    0.994131] e1000: Copyright (c) 1999-2006 Intel Corporation.
[    1.000290] pcnet32: PCnet/FAST III 79C973 at 0xd020, 08:00:27:7d:28:dd assigned IRQ 19
[    1.000334] pcnet32: Found PHY 0022:561b at address 0
[    1.000635] pcnet32: eth0: registered as PCnet/FAST III 79C973
[    1.009372] pcnet32: 1 cards_found
[    1.073309] pcnet32 0000:00:03.0 enp0s3: renamed from eth0
[    1.209632] input: ImExPS/2 Generic Explorer Mouse as /devices/platform/i8042/serio1/input/input5
[    1.403517] e1000 0000:00:08.0 eth0: (PCI:33MHz:32-bit) 08:00:27:f0:ea:84
[    1.403521] e1000 0000:00:08.0 eth0: Intel(R) PRO/1000 Network Connection
[    1.775414] e1000 0000:00:09.0 eth1: (PCI:33MHz:32-bit) 08:00:27:70:13:23
[    1.775417] e1000 0000:00:09.0 eth1: Intel(R) PRO/1000 Network Connection
[    1.776526] e1000 0000:00:09.0 enp0s9: renamed from eth1
[    1.778299] e1000 0000:00:08.0 enp0s8: renamed from eth0
[    1.925455] EXT4-fs (sda2): mounted filesystem with ordered data mode. Opts: (null)
[    2.020783] systemd[1]: Inserted module 'autofs4'
[    2.031781] systemd[1]: systemd 245.4-4ubuntu3 running in system mode. (+PAM +AUDIT +SELINUX +IMA +APPARMOR +SMACK +SYSVINIT +UTMP +LIBCRYPTSETUP +GCRYPT +GNUTLS +ACL +XZ +LZ4 +SECCOMP +BLKID +ELFUTILS +KMOD +IDN2 -IDN +PCRE2 default-hierarchy=hybrid)
[    2.031809] systemd[1]: Detected virtualization oracle.
[    2.031812] systemd[1]: Detected architecture x86-64.
[    2.033130] systemd[1]: Set hostname to <ztg>.
[    2.158833] systemd[1]: /lib/systemd/system/dbus.socket:5: ListenStream= references a path below legacy directory /var/run/, updating /var/run/dbus/system_bus_socket â†’ /run/dbus/system_bus_socket; please update the unit file accordingly.
[    2.211970] systemd[1]: Created slice system-modprobe.slice.
[    2.212159] systemd[1]: Created slice User and Session Slice.
[    2.212201] systemd[1]: Started Forward Password Requests to Wall Directory Watch.
[    2.212358] systemd[1]: Set up automount Arbitrary Executable File Formats File System Automount Point.
[    2.212387] systemd[1]: Reached target User and Group Name Lookups.
[    2.212396] systemd[1]: Reached target Remote File Systems.
[    2.212404] systemd[1]: Reached target Slices.
[    2.212972] systemd[1]: Listening on Syslog Socket.
[    2.213040] systemd[1]: Listening on fsck to fsckd communication Socket.
[    2.213077] systemd[1]: Listening on initctl Compatibility Named Pipe.
[    2.213215] systemd[1]: Listening on Journal Audit Socket.
[    2.213266] systemd[1]: Listening on Journal Socket (/dev/log).
[    2.213332] systemd[1]: Listening on Journal Socket.
[    2.213394] systemd[1]: Listening on udev Control Socket.
[    2.213430] systemd[1]: Listening on udev Kernel Socket.
[    2.214170] systemd[1]: Mounting Huge Pages File System...
[    2.215111] systemd[1]: Mounting POSIX Message Queue File System...
[    2.215993] systemd[1]: Mounting Kernel Debug File System...
[    2.216860] systemd[1]: Mounting Kernel Trace File System...
[    2.218754] systemd[1]: Starting Journal Service...
[    2.241689] systemd[1]: Starting Set the console keyboard layout...
[    2.249785] systemd[1]: Starting Create list of static device nodes for the current kernel...
[    2.251608] systemd[1]: Starting Load Kernel Module drm...
[    2.252585] systemd[1]: Condition check resulted in Set Up Additional Binary Formats being skipped.
[    2.252629] systemd[1]: Condition check resulted in File System Check on Root Device being skipped.
[    2.263958] systemd[1]: Starting Load Kernel Modules...
[    2.270883] systemd[1]: Starting Remount Root and Kernel File Systems...
[    2.281863] systemd[1]: Starting udev Coldplug all Devices...
[    2.292553] systemd[1]: Starting Uncomplicated firewall...
[    2.294082] systemd[1]: Mounted Huge Pages File System.
[    2.294171] systemd[1]: Mounted POSIX Message Queue File System.
[    2.294243] systemd[1]: Mounted Kernel Debug File System.
[    2.294321] systemd[1]: Mounted Kernel Trace File System.
[    2.330422] EXT4-fs (sda2): re-mounted. Opts: errors=remount-ro
[    2.341222] systemd[1]: Finished Create list of static device nodes for the current kernel.
[    2.342325] systemd[1]: modprobe@drm.service: Succeeded.
[    2.342740] systemd[1]: Finished Load Kernel Module drm.
[    2.343751] systemd[1]: Finished Remount Root and Kernel File Systems.
[    2.344586] systemd[1]: Finished Uncomplicated firewall.
[    2.361008] lp: driver loaded but no devices found
[    2.361595] systemd[1]: Condition check resulted in Rebuild Hardware Database being skipped.
[    2.361635] systemd[1]: Condition check resulted in Platform Persistent Storage Archival being skipped.
[    2.362353] systemd[1]: Starting Load/Save Random Seed...
[    2.363098] systemd[1]: Starting Create System Users...
[    2.398029] systemd[1]: Finished udev Coldplug all Devices.
[    2.402574] systemd[1]: Finished Load/Save Random Seed.
[    2.403646] ppdev: user-space parallel port driver
[    2.409849] systemd[1]: Finished Create System Users.
[    2.410556] systemd[1]: Starting Create Static Device Nodes in /dev...
[    2.435776] systemd[1]: Finished Create Static Device Nodes in /dev.
[    2.436512] systemd[1]: Starting udev Kernel Device Manager...
[    2.483626] [drm] DMA map mode: Caching DMA mappings.
[    2.483715] [drm] Capabilities:
[    2.483716] [drm]   Rect copy.
[    2.483716] [drm]   Cursor.
[    2.483716] [drm]   Cursor bypass.
[    2.483717] [drm]   Cursor bypass 2.
[    2.483717] [drm]   Alpha cursor.
[    2.483717] [drm]   Extended Fifo.
[    2.483718] [drm]   Pitchlock.
[    2.483718] [drm]   Irq mask.
[    2.483718] [drm]   GMR.
[    2.483719] [drm]   Traces.
[    2.483719] [drm]   GMR2.
[    2.483719] [drm]   Screen Object 2.
[    2.483720] [drm]   Command Buffers.
[    2.483720] [drm]   Command Buffers 2.
[    2.483720] [drm]   Guest Backed Resources.
[    2.483721] [drm] Max GMR ids is 8192
[    2.483722] [drm] Max number of GMR pages is 1048576
[    2.483722] [drm] Max dedicated hypervisor surface memory is 393216 kiB
[    2.483723] [drm] Maximum display memory size is 131072 kiB
[    2.483724] [drm] VRAM at 0xe0000000 size is 131072 kiB
[    2.483724] [drm] MMIO at 0xf0000000 size is 2048 kiB
[    2.484937] [TTM] Zone  kernel: Available graphics memory: 1011744 KiB
[    2.484938] [TTM] Initializing pool allocator
[    2.484941] [TTM] Initializing DMA pool allocator
[    2.484970] [drm] Supports vblank timestamp caching Rev 2 (21.10.2013).
[    2.484971] [drm] No driver support for vblank timestamp query.
[    2.485217] [drm] Screen Target Display device initialized
[    2.485409] [drm] width 720
[    2.485419] [drm] height 400
[    2.485422] [drm] bpp 32
[    2.485923] [drm] Fifo max 0x00200000 min 0x00001000 cap 0x00000355
[    2.486992] [drm] Using command buffers with DMA pool.
[    2.486998] [drm] DX: no.
[    2.486998] [drm] Atomic: yes.
[    2.486999] [drm] SM4_1: no.
[    2.487016] [drm:vmw_host_log [vmwgfx]] *ERROR* Failed to send host log message.
[    2.488705] [drm:vmw_host_log [vmwgfx]] *ERROR* Failed to send host log message.
[    2.498239] fbcon: svgadrmfb (fb0) is primary device
[    2.502315] Console: switching to colour frame buffer device 100x37
[    2.509814] [drm] Initialized vmwgfx 2.15.0 20180704 for 0000:00:02.0 on minor 0
[    2.511244] systemd[1]: Finished Load Kernel Modules.
[    2.512244] systemd[1]: Mounting FUSE Control File System...
[    2.513405] systemd[1]: Mounting Kernel Configuration File System...
[    2.518834] systemd[1]: Starting Apply Kernel Variables...
[    2.531614] systemd[1]: Finished Set the console keyboard layout.
[    2.532332] systemd[1]: Mounted FUSE Control File System.
[    2.532397] systemd[1]: Reached target Local File Systems (Pre).
[    2.532415] systemd[1]: Condition check resulted in VMware vmblock fuse mount being skipped.
[    2.555800] systemd[1]: Mounting Mount unit for bare, revision 5...
[    2.561469] systemd[1]: Mounting Mount unit for core18, revision 1705...
[    2.575921] systemd[1]: Mounting Mount unit for gnome-3-34-1804, revision 24...
[    2.581596] systemd[1]: Mounting Mount unit for gtk-common-themes, revision 1506...
[    2.583969] systemd[1]: Mounting Mount unit for gtk-common-themes, revision 1535...
[    2.591239] systemd[1]: Mounting Mount unit for snap-store, revision 433...
[    2.602141] systemd[1]: Mounting Mount unit for snapd, revision 7264...
[    2.624915] systemd[1]: Mounted Kernel Configuration File System.
[    2.625943] systemd[1]: Finished Apply Kernel Variables.
[    2.626280] systemd[1]: Mounted Mount unit for bare, revision 5.
[    2.626355] systemd[1]: Mounted Mount unit for gnome-3-34-1804, revision 24.
[    2.649569] systemd[1]: Mounted Mount unit for core18, revision 1705.
[    2.655765] systemd[1]: Mounted Mount unit for gtk-common-themes, revision 1506.
[    2.659249] systemd[1]: Started udev Kernel Device Manager.
[    2.659939] systemd[1]: Starting Show Plymouth Boot Screen...
[    2.664287] systemd[1]: Received SIGRTMIN+20 from PID 280 (plymouthd).
[    2.708664] systemd[1]: Mounted Mount unit for gtk-common-themes, revision 1535.
[    2.708919] systemd[1]: Mounted Mount unit for snap-store, revision 433.
[    2.709095] systemd[1]: Mounted Mount unit for snapd, revision 7264.
[    2.709261] systemd[1]: Started Show Plymouth Boot Screen.
[    2.709430] systemd[1]: Condition check resulted in Dispatch Password Requests to Console Directory Watch being skipped.
[    2.709507] systemd[1]: Started Forward Password Requests to Plymouth Directory Watch.
[    2.709570] systemd[1]: Reached target Local Encrypted Volumes.
[    2.709629] systemd[1]: Reached target Local File Systems.
[    2.722832] systemd[1]: Starting Load AppArmor profiles...
[    2.723656] systemd[1]: Starting Set console font and keymap...
[    2.734980] systemd[1]: Starting Tell Plymouth To Write Out Runtime Data...
[    2.736333] systemd[1]: Condition check resulted in Store a System Token in an EFI Variable being skipped.
[    2.736390] systemd[1]: Condition check resulted in Commit a transient machine-id on disk being skipped.
[    2.738716] systemd[1]: Finished Set console font and keymap.
[    2.747758] systemd[1]: Received SIGRTMIN+20 from PID 280 (plymouthd).
[    2.748502] systemd[1]: plymouth-read-write.service: Succeeded.
[    2.748738] systemd[1]: Finished Tell Plymouth To Write Out Runtime Data.
[    2.770432] audit: type=1400 audit(1768909974.608:2): apparmor="STATUS" operation="profile_load" profile="unconfined" name="nvidia_modprobe" pid=298 comm="apparmor_parser"
[    2.770434] audit: type=1400 audit(1768909974.608:3): apparmor="STATUS" operation="profile_load" profile="unconfined" name="nvidia_modprobe//kmod" pid=298 comm="apparmor_parser"
[    2.779826] audit: type=1400 audit(1768909974.620:4): apparmor="STATUS" operation="profile_load" profile="unconfined" name="/usr/sbin/tcpdump" pid=299 comm="apparmor_parser"
[    2.824284] audit: type=1400 audit(1768909974.656:5): apparmor="STATUS" operation="profile_load" profile="unconfined" name="/usr/bin/evince" pid=301 comm="apparmor_parser"
[    2.824286] audit: type=1400 audit(1768909974.656:6): apparmor="STATUS" operation="profile_load" profile="unconfined" name="/usr/bin/evince//sanitized_helper" pid=301 comm="apparmor_parser"
[    2.824288] audit: type=1400 audit(1768909974.656:7): apparmor="STATUS" operation="profile_load" profile="unconfined" name="/usr/bin/evince-previewer" pid=301 comm="apparmor_parser"
[    2.824289] audit: type=1400 audit(1768909974.656:8): apparmor="STATUS" operation="profile_load" profile="unconfined" name="/usr/bin/evince-previewer//sanitized_helper" pid=301 comm="apparmor_parser"
[    2.824290] audit: type=1400 audit(1768909974.656:9): apparmor="STATUS" operation="profile_load" profile="unconfined" name="/usr/bin/evince-thumbnailer" pid=301 comm="apparmor_parser"
[    2.838886] audit: type=1400 audit(1768909974.676:10): apparmor="STATUS" operation="profile_load" profile="unconfined" name="/usr/lib/cups/backend/cups-pdf" pid=302 comm="apparmor_parser"
[    2.917795] systemd[1]: Finished Load AppArmor profiles.
[    2.918708] systemd[1]: Starting Load AppArmor profiles managed internally by snapd...
[    2.984538] systemd[1]: Finished Load AppArmor profiles managed internally by snapd.
[    3.182776] systemd[1]: Started Journal Service.
[    3.192114] systemd-journald[228]: Received client request to flush runtime journal.
[    3.195085] systemd-journald[228]: File /var/log/journal/c455b248004a419c87ce85eea238d727/system.journal corrupted or uncleanly shut down, renaming and replacing.
[    4.376299] RAPL PMU: API unit is 2^-32 Joules, 0 fixed counters, 10737418240 ms ovfl timer
[    4.439933] cryptd: max_cpu_qlen set to 1000
[    4.502186] AVX2 version of gcm_enc/dec engaged.
[    4.502187] AES CTR mode by8 optimization enabled
[    5.347770] Adding 1998844k swap on /dev/sda1.  Priority:-2 extents:1 across:1998844k FS
[    6.744036] kauditd_printk_skb: 30 callbacks suppressed
[    6.744038] audit: type=1400 audit(1768909978.584:41): apparmor="DENIED" operation="capable" profile="/usr/sbin/cups-browsed" pid=495 comm="cups-browsed" capability=23  capname="sys_nice"
[    7.555458] pcnet32 0000:00:03.0 enp0s3: link up, 100Mbps, full-duplex
[    7.593401] e1000: enp0s8 NIC Link is Up 1000 Mbps Full Duplex, Flow Control: RX
[    7.595885] IPv6: ADDRCONF(NETDEV_CHANGE): enp0s8: link becomes ready
[    7.602465] e1000: enp0s9 NIC Link is Up 1000 Mbps Full Duplex, Flow Control: RX
[    7.602759] IPv6: ADDRCONF(NETDEV_CHANGE): enp0s9: link becomes ready
[    8.114774] device enp0s3 entered promiscuous mode
[    8.138020] audit: type=1400 audit(1768909979.980:42): apparmor="DENIED" operation="open" profile="/usr/sbin/tcpdump" name="/proc/sys/kernel/random/boot_id" pid=677 comm="tcpdump" requested_mask="r" denied_mask="r" fsuid=0 ouid=0
[    8.138273] audit: type=1400 audit(1768909979.980:43): apparmor="DENIED" operation="open" profile="/usr/sbin/tcpdump" name="/proc/sys/kernel/random/boot_id" pid=677 comm="tcpdump" requested_mask="r" denied_mask="r" fsuid=0 ouid=0
[    8.138315] audit: type=1400 audit(1768909979.980:44): apparmor="DENIED" operation="open" profile="/usr/sbin/tcpdump" name="/proc/sys/kernel/random/boot_id" pid=677 comm="tcpdump" requested_mask="r" denied_mask="r" fsuid=0 ouid=0
[    8.138369] audit: type=1400 audit(1768909979.980:45): apparmor="DENIED" operation="open" profile="/usr/sbin/tcpdump" name="/proc/sys/kernel/random/boot_id" pid=677 comm="tcpdump" requested_mask="r" denied_mask="r" fsuid=0 ouid=0
[    8.143563] audit: type=1400 audit(1768909979.984:46): apparmor="DENIED" operation="open" profile="/usr/sbin/tcpdump" name="/proc/sys/kernel/random/boot_id" pid=678 comm="tcpdump" requested_mask="r" denied_mask="r" fsuid=0 ouid=0
[    8.143888] audit: type=1400 audit(1768909979.984:47): apparmor="DENIED" operation="open" profile="/usr/sbin/tcpdump" name="/proc/sys/kernel/random/boot_id" pid=678 comm="tcpdump" requested_mask="r" denied_mask="r" fsuid=0 ouid=0
[    8.143993] audit: type=1400 audit(1768909979.984:48): apparmor="DENIED" operation="open" profile="/usr/sbin/tcpdump" name="/proc/sys/kernel/random/boot_id" pid=678 comm="tcpdump" requested_mask="r" denied_mask="r" fsuid=0 ouid=0
[    8.144048] audit: type=1400 audit(1768909979.984:49): apparmor="DENIED" operation="open" profile="/usr/sbin/tcpdump" name="/proc/sys/kernel/random/boot_id" pid=678 comm="tcpdump" requested_mask="r" denied_mask="r" fsuid=0 ouid=0
[   12.785917] rfkill: input handler disabled
[  181.670375] AAAAA-TCP_FORW: name:enp0s3: saddr:100932208: daddr:16783984
[  181.751956] AAAAA-TCP_FORW: name:enp0s3: saddr:100932208: daddr:16783984
[  181.814914] AAAAA-TCP_FORW: name:enp0s3: saddr:100932208: daddr:16783984
[  182.127812] AAAAA-TCP_FORW: name:enp0s3: saddr:100932208: daddr:16783984
[  182.529815] AAAAA-TCP_FORW: name:enp0s3: saddr:100932208: daddr:16783984
[  182.937386] AAAAA-TCP_FORW: name:enp0s3: saddr:100932208: daddr:16783984
[  182.999075] AAAAA-TCP_FORW: name:enp0s3: saddr:100932208: daddr:16783984
[  183.165896] AAAAA-TCP_FORW: name:enp0s3: saddr:100932208: daddr:16783984
[  183.459237] AAAAA-TCP_FORW: name:enp0s3: saddr:100932208: daddr:16783984
[  183.575721] AAAAA-TCP_FORW: name:enp0s3: saddr:100932208: daddr:16783984
[  183.636683] AAAAA-TCP_FORW: name:enp0s3: saddr:100932208: daddr:16783984
[  183.846855] AAAAA-TCP_FORW: name:enp0s3: saddr:100932208: daddr:16783984
[  183.963131] AAAAA-TCP_FORW: name:enp0s3: saddr:100932208: daddr:16783984
[  184.127310] AAAAA-TCP_FORW: name:enp0s3: saddr:100932208: daddr:16783984
[  184.300703] AAAAA-TCP_FORW: name:enp0s3: saddr:100932208: daddr:16783984
[  184.433904] AAAAA-TCP_FORW: name:enp0s3: saddr:100932208: daddr:16783984
[  184.495394] AAAAA-TCP_FORW: name:enp0s3: saddr:100932208: daddr:16783984
[  184.628802] AAAAA-TCP_FORW: name:enp0s3: saddr:100932208: daddr:16783984
[  184.728198] AAAAA-TCP_FORW: name:enp0s3: saddr:100932208: daddr:16783984
[  184.823686] AAAAA-TCP_FORW: name:enp0s3: saddr:100932208: daddr:16783984
[  184.893574] AAAAA-TCP_FORW: name:enp0s3: saddr:100932208: daddr:16783984
[  184.939757] AAAAA-TCP_FORW: name:enp0s3: saddr:100932208: daddr:16783984
[  185.234524] AAAAA-TCP_FORW: name:enp0s3: saddr:100932208: daddr:16783984
[  185.327412] AAAAA-TCP_FORW: name:enp0s3: saddr:100932208: daddr:16783984
[  185.406208] AAAAA-TCP_FORW: name:enp0s3: saddr:100932208: daddr:16783984
[  185.494012] AAAAA-TCP_FORW: name:enp0s3: saddr:100932208: daddr:16783984
[  185.636101] AAAAA-TCP_FORW: name:enp0s3: saddr:100932208: daddr:16783984
[  185.698413] AAAAA-TCP_FORW: name:enp0s3: saddr:100932208: daddr:16783984
[  185.798471] AAAAA-TCP_FORW: name:enp0s3: saddr:100932208: daddr:16783984
[  185.895581] AAAAA-TCP_FORW: name:enp0s3: saddr:100932208: daddr:16783984
[  186.004314] AAAAA-TCP_FORW: name:enp0s3: saddr:100932208: daddr:16783984
[  186.093041] AAAAA-TCP_FORW: name:enp0s3: saddr:100932208: daddr:16783984
[  186.270439] AAAAA-TCP_FORW: name:enp0s3: saddr:100932208: daddr:16783984
[  186.308218] AAAAA-TCP_FORW: name:enp0s3: saddr:100932208: daddr:16783984
[  186.348520] AAAAA-TCP_FORW: name:enp0s3: saddr:100932208: daddr:16783984
[  186.445472] AAAAA-TCP_FORW: name:enp0s3: saddr:100932208: daddr:16783984
[  186.535982] AAAAA-TCP_FORW: name:enp0s3: saddr:100932208: daddr:16783984
[  186.621179] AAAAA-TCP_FORW: name:enp0s3: saddr:100932208: daddr:16783984
[  186.674761] AAAAA-TCP_FORW: name:enp0s3: saddr:100932208: daddr:16783984
[  186.797705] AAAAA-TCP_FORW: name:enp0s3: saddr:100932208: daddr:16783984
[  186.895907] AAAAA-TCP_FORW: name:enp0s3: saddr:100932208: daddr:16783984
[  186.953025] AAAAA-TCP_FORW: name:enp0s3: saddr:100932208: daddr:16783984
[  187.025500] AAAAA-TCP_FORW: name:enp0s3: saddr:100932208: daddr:16783984
[  187.103234] AAAAA-TCP_FORW: name:enp0s3: saddr:100932208: daddr:16783984
[  187.205955] AAAAA-TCP_FORW: name:enp0s3: saddr:100932208: daddr:16783984
[  187.275248] AAAAA-TCP_FORW: name:enp0s3: saddr:100932208: daddr:16783984
[  187.364893] AAAAA-TCP_FORW: name:enp0s3: saddr:100932208: daddr:16783984
[  187.441033] AAAAA-TCP_FORW: name:enp0s3: saddr:100932208: daddr:16783984
[  187.513648] AAAAA-TCP_FORW: name:enp0s3: saddr:100932208: daddr:16783984
[  187.581758] AAAAA-TCP_FORW: name:enp0s3: saddr:100932208: daddr:16783984
[  187.679538] AAAAA-TCP_FORW: name:enp0s3: saddr:100932208: daddr:16783984
[  187.793825] AAAAA-TCP_FORW: name:enp0s3: saddr:100932208: daddr:16783984
[  187.823380] AAAAA-TCP_FORW: name:enp0s3: saddr:100932208: daddr:16783984
[  187.908284] AAAAA-TCP_FORW: name:enp0s3: saddr:100932208: daddr:16783984
[  187.979468] AAAAA-TCP_FORW: name:enp0s3: saddr:100932208: daddr:16783984
[  188.028396] AAAAA-TCP_FORW: name:enp0s3: saddr:100932208: daddr:16783984
[  188.048181] AAAAA-TCP_FORW: name:enp0s3: saddr:100932208: daddr:16783984
[  188.183888] AAAAA-TCP_FORW: name:enp0s3: saddr:100932208: daddr:16783984
[  188.247028] AAAAA-TCP_FORW: name:enp0s3: saddr:100932208: daddr:16783984
[  188.406757] AAAAA-TCP_FORW: name:enp0s3: saddr:100932208: daddr:16783984
[  188.473852] AAAAA-TCP_FORW: name:enp0s3: saddr:100932208: daddr:16783984
[  206.300996] AAAAA-TCP_FORW: name:enp0s3: saddr:100932208: daddr:16783984
[  206.407248] AAAAA-TCP_FORW: name:enp0s3: saddr:16783984: daddr:100932208
[  206.438421] AAAAA-TCP_FORW: name:enp0s3: saddr:100932208: daddr:16783984
[  206.517286] AAAAA-TCP_FORW: name:enp0s3: saddr:100932208: daddr:16783984
[  206.629960] AAAAA-TCP_FORW: name:enp0s3: saddr:16783984: daddr:100932208
[  206.762757] AAAAA-TCP_FORW: name:enp0s3: saddr:16783984: daddr:100932208
[  206.906100] AAAAA-TCP_FORW: name:enp0s3: saddr:100932208: daddr:16783984
[  206.977517] AAAAA-TCP_FORW: name:enp0s3: saddr:100932208: daddr:16783984
[  207.082505] AAAAA-TCP_FORW: name:enp0s3: saddr:16783984: daddr:100932208
[  207.097228] AAAAA-TCP_FORW: name:enp0s3: saddr:100932208: daddr:16783984
[  207.151190] AAAAA-TCP_FORW: name:enp0s3: saddr:16783984: daddr:100932208
[  207.382000] AAAAA-TCP_FORW: name:enp0s3: saddr:16783984: daddr:100932208
[  207.691739] AAAAA-TCP_FORW: name:enp0s3: saddr:100932208: daddr:16783984
[  207.756023] AAAAA-TCP_FORW: name:enp0s3: saddr:100932208: daddr:16783984
[  207.842830] AAAAA-TCP_FORW: name:enp0s3: saddr:16783984: daddr:100932208
[  207.923560] AAAAA-TCP_FORW: name:enp0s3: saddr:16783984: daddr:100932208
[  208.201392] AAAAA-TCP_FORW: name:enp0s3: saddr:100932208: daddr:16783984
[  208.228436] AAAAA-TCP_FORW: name:enp0s3: saddr:16783984: daddr:100932208
[  208.633677] AAAAA-TCP_FORW: name:enp0s3: saddr:100932208: daddr:16783984
[  208.643428] AAAAA-TCP_FORW: name:enp0s3: saddr:16783984: daddr:100932208
[  209.866705] AAAAA-TCP_FORW: name:enp0s3: saddr:100932208: daddr:16783984
[  209.879426] AAAAA-TCP_FORW: name:enp0s3: saddr:16783984: daddr:100932208
[  210.162421] AAAAA-TCP_FORW: name:enp0s3: saddr:100932208: daddr:16783984
[  210.170360] AAAAA-TCP_FORW: name:enp0s3: saddr:16783984: daddr:100932208
[  210.651906] AAAAA-TCP_FORW: name:enp0s3: saddr:100932208: daddr:16783984
[  210.665139] AAAAA-TCP_FORW: name:enp0s3: saddr:16783984: daddr:100932208
[  210.711856] AAAAA-TCP_FORW: name:enp0s3: saddr:100932208: daddr:16783984
[  210.737513] AAAAA-TCP_FORW: name:enp0s3: saddr:16783984: daddr:100932208
[  210.757322] AAAAA-TCP_FORW: name:enp0s3: saddr:100932208: daddr:16783984
[  210.859571] AAAAA-TCP_FORW: name:enp0s3: saddr:16783984: daddr:100932208
[  210.953791] AAAAA-TCP_FORW: name:enp0s3: saddr:100932208: daddr:16783984
[  210.980409] AAAAA-TCP_FORW: name:enp0s3: saddr:16783984: daddr:100932208
[  211.027476] AAAAA-TCP_FORW: name:enp0s3: saddr:100932208: daddr:16783984
[  211.062059] AAAAA-TCP_FORW: name:enp0s3: saddr:100932208: daddr:16783984
[  211.078664] AAAAA-TCP_FORW: name:enp0s3: saddr:16783984: daddr:100932208
[  211.134728] AAAAA-TCP_FORW: name:enp0s3: saddr:16783984: daddr:100932208
[  211.179490] AAAAA-TCP_FORW: name:enp0s3: saddr:100932208: daddr:16783984
[  211.256637] AAAAA-TCP_FORW: name:enp0s3: saddr:100932208: daddr:16783984
[  211.273680] AAAAA-TCP_FORW: name:enp0s3: saddr:16783984: daddr:100932208
[  211.295033] AAAAA-TCP_FORW: name:enp0s3: saddr:100932208: daddr:16783984
[  211.319290] AAAAA-TCP_FORW: name:enp0s3: saddr:16783984: daddr:100932208
[  211.338329] AAAAA-TCP_FORW: name:enp0s3: saddr:100932208: daddr:16783984
[  211.372761] AAAAA-TCP_FORW: name:enp0s3: saddr:100932208: daddr:16783984
[  211.392296] AAAAA-TCP_FORW: name:enp0s3: saddr:16783984: daddr:100932208
[  211.409037] AAAAA-TCP_FORW: name:enp0s3: saddr:100932208: daddr:16783984
[  211.475893] AAAAA-TCP_FORW: name:enp0s3: saddr:16783984: daddr:100932208
[  211.526918] AAAAA-TCP_FORW: name:enp0s3: saddr:100932208: daddr:16783984
[  211.560081] AAAAA-TCP_FORW: name:enp0s3: saddr:16783984: daddr:100932208
[  211.658865] AAAAA-TCP_FORW: name:enp0s3: saddr:100932208: daddr:16783984
[  211.703186] AAAAA-TCP_FORW: name:enp0s3: saddr:100932208: daddr:16783984
[  211.728264] AAAAA-TCP_FORW: name:enp0s3: saddr:16783984: daddr:100932208
[  211.757149] AAAAA-TCP_FORW: name:enp0s3: saddr:100932208: daddr:16783984
[  211.866268] AAAAA-TCP_FORW: name:enp0s3: saddr:16783984: daddr:100932208
[  211.875126] AAAAA-TCP_FORW: name:enp0s3: saddr:100932208: daddr:16783984
[  211.913549] AAAAA-TCP_FORW: name:enp0s3: saddr:100932208: daddr:16783984
[  211.958252] AAAAA-TCP_FORW: name:enp0s3: saddr:16783984: daddr:100932208
[  212.017690] AAAAA-TCP_FORW: name:enp0s3: saddr:16783984: daddr:100932208
[  212.038606] AAAAA-TCP_FORW: name:enp0s3: saddr:100932208: daddr:16783984
[  212.074474] AAAAA-TCP_FORW: name:enp0s3: saddr:100932208: daddr:16783984
[  212.097610] AAAAA-TCP_FORW: name:enp0s3: saddr:16783984: daddr:100932208
[  212.111133] AAAAA-TCP_FORW: name:enp0s3: saddr:100932208: daddr:16783984
[  212.161247] AAAAA-TCP_FORW: name:enp0s3: saddr:16783984: daddr:100932208
[  212.197636] AAAAA-TCP_FORW: name:enp0s3: saddr:100932208: daddr:16783984
[  212.225023] AAAAA-TCP_FORW: name:enp0s3: saddr:16783984: daddr:100932208
[  212.369186] AAAAA-TCP_FORW: name:enp0s3: saddr:16783984: daddr:100932208
[  212.385145] AAAAA-TCP_FORW: name:enp0s3: saddr:100932208: daddr:16783984
[  212.416790] AAAAA-TCP_FORW: name:enp0s3: saddr:16783984: daddr:100932208
[  212.493212] AAAAA-TCP_FORW: name:enp0s3: saddr:16783984: daddr:100932208
[  212.519908] AAAAA-TCP_FORW: name:enp0s3: saddr:100932208: daddr:16783984
[  212.558968] AAAAA-TCP_FORW: name:enp0s3: saddr:100932208: daddr:16783984
[  212.609401] AAAAA-TCP_FORW: name:enp0s3: saddr:16783984: daddr:100932208
[  212.622490] AAAAA-TCP_FORW: name:enp0s3: saddr:100932208: daddr:16783984
[  212.770051] AAAAA-TCP_FORW: name:enp0s3: saddr:100932208: daddr:16783984
[  212.791854] AAAAA-TCP_FORW: name:enp0s3: saddr:100932208: daddr:16783984
[  212.813248] AAAAA-TCP_FORW: name:enp0s3: saddr:16783984: daddr:100932208
[  212.972009] AAAAA-TCP_FORW: name:enp0s3: saddr:16783984: daddr:100932208
[  213.022830] AAAAA-TCP_FORW: name:enp0s3: saddr:16783984: daddr:100932208
[  213.041587] AAAAA-TCP_FORW: name:enp0s3: saddr:100932208: daddr:16783984
[  213.075666] AAAAA-TCP_FORW: name:enp0s3: saddr:100932208: daddr:16783984
[  213.132361] AAAAA-TCP_FORW: name:enp0s3: saddr:16783984: daddr:100932208
[  213.209239] AAAAA-TCP_FORW: name:enp0s3: saddr:16783984: daddr:100932208
[  213.244550] AAAAA-TCP_FORW: name:enp0s3: saddr:100932208: daddr:16783984
[  213.266461] AAAAA-TCP_FORW: name:enp0s3: saddr:16783984: daddr:100932208
[  213.288812] AAAAA-TCP_FORW: name:enp0s3: saddr:100932208: daddr:16783984
[  213.326594] AAAAA-TCP_FORW: name:enp0s3: saddr:100932208: daddr:16783984
[  213.425836] AAAAA-TCP_FORW: name:enp0s3: saddr:100932208: daddr:16783984
[  213.499776] AAAAA-TCP_FORW: name:enp0s3: saddr:100932208: daddr:16783984
[  213.599245] AAAAA-TCP_FORW: name:enp0s3: saddr:100932208: daddr:16783984
[  213.626196] AAAAA-TCP_FORW: name:enp0s3: saddr:16783984: daddr:100932208
[  213.682535] AAAAA-TCP_FORW: name:enp0s3: saddr:16783984: daddr:100932208
[  213.685390] AAAAA-TCP_FORW: name:enp0s3: saddr:100932208: daddr:16783984
[  213.845343] AAAAA-TCP_FORW: name:enp0s3: saddr:16783984: daddr:100932208
[  213.921771] AAAAA-TCP_FORW: name:enp0s3: saddr:16783984: daddr:100932208
[  213.934579] AAAAA-TCP_FORW: name:enp0s3: saddr:100932208: daddr:16783984
[  213.975169] AAAAA-TCP_FORW: name:enp0s3: saddr:100932208: daddr:16783984
[  214.006803] AAAAA-TCP_FORW: name:enp0s3: saddr:16783984: daddr:100932208
[  214.061281] AAAAA-TCP_FORW: name:enp0s3: saddr:100932208: daddr:16783984
[  214.070502] AAAAA-TCP_FORW: name:enp0s3: saddr:16783984: daddr:100932208
[  214.098892] AAAAA-TCP_FORW: name:enp0s3: saddr:16783984: daddr:100932208
[  214.106765] AAAAA-TCP_FORW: name:enp0s3: saddr:100932208: daddr:16783984
[  214.145509] AAAAA-TCP_FORW: name:enp0s3: saddr:16783984: daddr:100932208
[  214.278022] AAAAA-TCP_FORW: name:enp0s3: saddr:16783984: daddr:100932208
[  214.313723] AAAAA-TCP_FORW: name:enp0s3: saddr:100932208: daddr:16783984
[  214.431490] AAAAA-TCP_FORW: name:enp0s3: saddr:100932208: daddr:16783984
[  214.469345] AAAAA-TCP_FORW: name:enp0s3: saddr:100932208: daddr:16783984
[  214.503398] AAAAA-TCP_FORW: name:enp0s3: saddr:100932208: daddr:16783984
[  214.517163] AAAAA-TCP_FORW: name:enp0s3: saddr:16783984: daddr:100932208
[  214.543010] AAAAA-TCP_FORW: name:enp0s3: saddr:100932208: daddr:16783984
[  214.562484] AAAAA-TCP_FORW: name:enp0s3: saddr:16783984: daddr:100932208
[  214.640491] AAAAA-TCP_FORW: name:enp0s3: saddr:16783984: daddr:100932208
[  214.712331] AAAAA-TCP_FORW: name:enp0s3: saddr:100932208: daddr:16783984
[  214.768425] AAAAA-TCP_FORW: name:enp0s3: saddr:16783984: daddr:100932208
[  214.815184] AAAAA-TCP_FORW: name:enp0s3: saddr:100932208: daddr:16783984
[  214.960176] AAAAA-TCP_FORW: name:enp0s3: saddr:16783984: daddr:100932208
[  215.012475] AAAAA-TCP_FORW: name:enp0s3: saddr:100932208: daddr:16783984
[  215.024715] AAAAA-TCP_FORW: name:enp0s3: saddr:16783984: daddr:100932208
[  215.047911] AAAAA-TCP_FORW: name:enp0s3: saddr:16783984: daddr:100932208
[  215.061692] AAAAA-TCP_FORW: name:enp0s3: saddr:100932208: daddr:16783984
[  215.098405] AAAAA-TCP_FORW: name:enp0s3: saddr:100932208: daddr:16783984
[  215.122750] AAAAA-TCP_FORW: name:enp0s3: saddr:16783984: daddr:100932208
[  215.222463] AAAAA-TCP_FORW: name:enp0s3: saddr:16783984: daddr:100932208
[  215.300370] AAAAA-TCP_FORW: name:enp0s3: saddr:100932208: daddr:16783984
[  215.337072] AAAAA-TCP_FORW: name:enp0s3: saddr:16783984: daddr:100932208
[  215.347117] AAAAA-TCP_FORW: name:enp0s3: saddr:100932208: daddr:16783984
[  215.420814] AAAAA-TCP_FORW: name:enp0s3: saddr:16783984: daddr:100932208
[  215.457567] AAAAA-TCP_FORW: name:enp0s3: saddr:100932208: daddr:16783984
[  215.505229] AAAAA-TCP_FORW: name:enp0s3: saddr:100932208: daddr:16783984
[  215.529185] AAAAA-TCP_FORW: name:enp0s3: saddr:16783984: daddr:100932208
[  215.615700] AAAAA-TCP_FORW: name:enp0s3: saddr:100932208: daddr:16783984
[  215.664231] AAAAA-TCP_FORW: name:enp0s3: saddr:100932208: daddr:16783984
[  215.683842] AAAAA-TCP_FORW: name:enp0s3: saddr:16783984: daddr:100932208
[  215.730135] AAAAA-TCP_FORW: name:enp0s3: saddr:100932208: daddr:16783984
[  215.756468] AAAAA-TCP_FORW: name:enp0s3: saddr:16783984: daddr:100932208
[  215.786442] AAAAA-TCP_FORW: name:enp0s3: saddr:100932208: daddr:16783984
[  215.904555] AAAAA-TCP_FORW: name:enp0s3: saddr:16783984: daddr:100932208
[  215.974516] AAAAA-TCP_FORW: name:enp0s3: saddr:16783984: daddr:100932208
[  215.996205] AAAAA-TCP_FORW: name:enp0s3: saddr:100932208: daddr:16783984
[  216.066794] AAAAA-TCP_FORW: name:enp0s3: saddr:16783984: daddr:100932208
[  216.171961] AAAAA-TCP_FORW: name:enp0s3: saddr:16783984: daddr:100932208
[  216.187693] AAAAA-TCP_FORW: name:enp0s3: saddr:100932208: daddr:16783984
[  216.215897] AAAAA-TCP_FORW: name:enp0s3: saddr:16783984: daddr:100932208
[  216.247526] AAAAA-TCP_FORW: name:enp0s3: saddr:100932208: daddr:16783984
[  216.266087] AAAAA-TCP_FORW: name:enp0s3: saddr:16783984: daddr:100932208
[  216.324183] AAAAA-TCP_FORW: name:enp0s3: saddr:16783984: daddr:100932208
[  216.334438] AAAAA-TCP_FORW: name:enp0s3: saddr:100932208: daddr:16783984
[  216.400505] AAAAA-TCP_FORW: name:enp0s3: saddr:16783984: daddr:100932208
[  216.421711] AAAAA-TCP_FORW: name:enp0s3: saddr:100932208: daddr:16783984
[  216.502788] AAAAA-TCP_FORW: name:enp0s3: saddr:100932208: daddr:16783984
[  216.518474] AAAAA-TCP_FORW: name:enp0s3: saddr:16783984: daddr:100932208
[  216.573236] AAAAA-TCP_FORW: name:enp0s3: saddr:100932208: daddr:16783984
[  216.625832] AAAAA-TCP_FORW: name:enp0s3: saddr:16783984: daddr:100932208
[  216.672277] AAAAA-TCP_FORW: name:enp0s3: saddr:100932208: daddr:16783984
[  216.712194] AAAAA-TCP_FORW: name:enp0s3: saddr:16783984: daddr:100932208
[  216.718454] AAAAA-TCP_FORW: name:enp0s3: saddr:100932208: daddr:16783984
[  216.808147] AAAAA-TCP_FORW: name:enp0s3: saddr:100932208: daddr:16783984
[  216.900859] AAAAA-TCP_FORW: name:enp0s3: saddr:16783984: daddr:100932208
[  217.021309] AAAAA-TCP_FORW: name:enp0s3: saddr:16783984: daddr:100932208
[  217.042562] AAAAA-TCP_FORW: name:enp0s3: saddr:100932208: daddr:16783984
[  217.081321] AAAAA-TCP_FORW: name:enp0s3: saddr:100932208: daddr:16783984
[  217.114295] AAAAA-TCP_FORW: name:enp0s3: saddr:16783984: daddr:100932208
[  217.191784] AAAAA-TCP_FORW: name:enp0s3: saddr:100932208: daddr:16783984
[  217.214892] AAAAA-TCP_FORW: name:enp0s3: saddr:16783984: daddr:100932208
[  217.268671] AAAAA-TCP_FORW: name:enp0s3: saddr:100932208: daddr:16783984
[  217.286247] AAAAA-TCP_FORW: name:enp0s3: saddr:100932208: daddr:16783984
[  217.311090] AAAAA-TCP_FORW: name:enp0s3: saddr:16783984: daddr:100932208
[  217.387983] AAAAA-TCP_FORW: name:enp0s3: saddr:16783984: daddr:100932208
[  217.404527] AAAAA-TCP_FORW: name:enp0s3: saddr:100932208: daddr:16783984
[  217.460050] AAAAA-TCP_FORW: name:enp0s3: saddr:16783984: daddr:100932208
[  217.477733] AAAAA-TCP_FORW: name:enp0s3: saddr:100932208: daddr:16783984
[  217.510171] AAAAA-TCP_FORW: name:enp0s3: saddr:100932208: daddr:16783984
[  217.570903] AAAAA-TCP_FORW: name:enp0s3: saddr:16783984: daddr:100932208
[  217.591741] AAAAA-TCP_FORW: name:enp0s3: saddr:100932208: daddr:16783984
[  217.609837] AAAAA-TCP_FORW: name:enp0s3: saddr:16783984: daddr:100932208
[  217.628588] AAAAA-TCP_FORW: name:enp0s3: saddr:100932208: daddr:16783984
[  217.699521] AAAAA-TCP_FORW: name:enp0s3: saddr:16783984: daddr:100932208
[  217.775827] AAAAA-TCP_FORW: name:enp0s3: saddr:16783984: daddr:100932208
[  217.814823] AAAAA-TCP_FORW: name:enp0s3: saddr:16783984: daddr:100932208
[  217.922115] AAAAA-TCP_FORW: name:enp0s3: saddr:16783984: daddr:100932208
[  217.993793] AAAAA-TCP_FORW: name:enp0s3: saddr:16783984: daddr:100932208
[  218.037518] AAAAA-TCP_FORW: name:enp0s3: saddr:16783984: daddr:100932208
[  218.102818] AAAAA-TCP_FORW: name:enp0s3: saddr:16783984: daddr:100932208
[  218.183129] AAAAA-TCP_FORW: name:enp0s3: saddr:16783984: daddr:100932208
[  238.906462] AAAAA-TCP_FORW: name:enp0s3: saddr:100932208: daddr:16783984
[  239.066342] AAAAA-TCP_FORW: name:enp0s3: saddr:100932208: daddr:16783984
[  239.146103] AAAAA-TCP_FORW: name:enp0s3: saddr:100932208: daddr:16783984
[  239.223445] AAAAA-TCP_FORW: name:enp0s3: saddr:100932208: daddr:16783984
[  239.330031] AAAAA-TCP_FORW: name:enp0s3: saddr:100932208: daddr:16783984
[  239.421566] AAAAA-TCP_FORW: name:enp0s3: saddr:100932208: daddr:16783984
[  239.572935] AAAAA-TCP_FORW: name:enp0s3: saddr:100932208: daddr:16783984
[  239.703875] AAAAA-TCP_FORW: name:enp0s3: saddr:100932208: daddr:16783984
[  242.150080] AAAAA-TCP_FORW: name:enp0s3: saddr:100932208: daddr:16783984
[  242.317834] AAAAA-TCP_FORW: name:enp0s3: saddr:100932208: daddr:16783984
[  242.359156] AAAAA-TCP_FORW: name:enp0s3: saddr:100932208: daddr:16783984
[  242.452617] AAAAA-TCP_FORW: name:enp0s3: saddr:100932208: daddr:16783984
[  242.522389] AAAAA-TCP_FORW: name:enp0s3: saddr:100932208: daddr:16783984
[  242.682146] AAAAA-TCP_FORW: name:enp0s3: saddr:100932208: daddr:16783984
[  242.746000] AAAAA-TCP_FORW: name:enp0s3: saddr:100932208: daddr:16783984
[  242.828477] AAAAA-TCP_FORW: name:enp0s3: saddr:100932208: daddr:16783984
[  242.947746] AAAAA-TCP_FORW: name:enp0s3: saddr:100932208: daddr:16783984
[  243.041049] AAAAA-TCP_FORW: name:enp0s3: saddr:100932208: daddr:16783984
[  243.129656] AAAAA-TCP_FORW: name:enp0s3: saddr:100932208: daddr:16783984
[  243.338761] AAAAA-TCP_FORW: name:enp0s3: saddr:100932208: daddr:16783984
[  243.408472] AAAAA-TCP_FORW: name:enp0s3: saddr:100932208: daddr:16783984
[  243.475604] AAAAA-TCP_FORW: name:enp0s3: saddr:100932208: daddr:16783984
[  243.512673] AAAAA-TCP_FORW: name:enp0s3: saddr:100932208: daddr:16783984
[  243.610387] AAAAA-TCP_FORW: name:enp0s3: saddr:100932208: daddr:16783984
[  243.703749] AAAAA-TCP_FORW: name:enp0s3: saddr:100932208: daddr:16783984
[  243.793735] AAAAA-TCP_FORW: name:enp0s3: saddr:100932208: daddr:16783984
[  243.863411] AAAAA-TCP_FORW: name:enp0s3: saddr:100932208: daddr:16783984
[  244.000514] AAAAA-TCP_FORW: name:enp0s3: saddr:100932208: daddr:16783984
[  244.106350] AAAAA-TCP_FORW: name:enp0s3: saddr:100932208: daddr:16783984
[  244.343703] AAAAA-TCP_FORW: name:enp0s3: saddr:100932208: daddr:16783984
[  244.502622] AAAAA-TCP_FORW: name:enp0s3: saddr:100932208: daddr:16783984
[  244.609735] AAAAA-TCP_FORW: name:enp0s3: saddr:100932208: daddr:16783984
[  244.858317] AAAAA-TCP_FORW: name:enp0s3: saddr:100932208: daddr:16783984
[  244.978721] AAAAA-TCP_FORW: name:enp0s3: saddr:100932208: daddr:16783984
[  245.075879] AAAAA-TCP_FORW: name:enp0s3: saddr:100932208: daddr:16783984
[  245.116588] AAAAA-TCP_FORW: name:enp0s3: saddr:100932208: daddr:16783984
[  245.237252] AAAAA-TCP_FORW: name:enp0s3: saddr:100932208: daddr:16783984
[  245.385692] AAAAA-TCP_FORW: name:enp0s3: saddr:100932208: daddr:16783984
[  245.537939] AAAAA-TCP_FORW: name:enp0s3: saddr:100932208: daddr:16783984
[  245.596171] AAAAA-TCP_FORW: name:enp0s3: saddr:100932208: daddr:16783984
[  245.847840] AAAAA-TCP_FORW: name:enp0s3: saddr:100932208: daddr:16783984
[  245.944778] AAAAA-TCP_FORW: name:enp0s3: saddr:100932208: daddr:16783984
[  246.026861] AAAAA-TCP_FORW: name:enp0s3: saddr:100932208: daddr:16783984
[  246.272737] AAAAA-TCP_FORW: name:enp0s3: saddr:100932208: daddr:16783984
[  246.384718] AAAAA-TCP_FORW: name:enp0s3: saddr:100932208: daddr:16783984
[  246.409894] AAAAA-TCP_FORW: name:enp0s3: saddr:16783984: daddr:100932208
[  246.516950] AAAAA-TCP_FORW: name:enp0s3: saddr:16783984: daddr:100932208
[  246.532318] AAAAA-TCP_FORW: name:enp0s3: saddr:100932208: daddr:16783984
[  246.616870] AAAAA-TCP_FORW: name:enp0s3: saddr:16783984: daddr:100932208
[  246.641837] AAAAA-TCP_FORW: name:enp0s3: saddr:100932208: daddr:16783984
[  246.759980] AAAAA-TCP_FORW: name:enp0s3: saddr:100932208: daddr:16783984
[  246.871597] AAAAA-TCP_FORW: name:enp0s3: saddr:100932208: daddr:16783984
[  247.009721] AAAAA-TCP_FORW: name:enp0s3: saddr:100932208: daddr:16783984
[  247.046084] AAAAA-TCP_FORW: name:enp0s3: saddr:100932208: daddr:16783984
[  247.095915] AAAAA-TCP_FORW: name:enp0s3: saddr:16783984: daddr:100932208
[  247.286830] AAAAA-TCP_FORW: name:enp0s3: saddr:100932208: daddr:16783984
[  247.387571] AAAAA-TCP_FORW: name:enp0s3: saddr:100932208: daddr:16783984
[  247.508198] AAAAA-TCP_FORW: name:enp0s3: saddr:16783984: daddr:100932208
[  247.521474] AAAAA-TCP_FORW: name:enp0s3: saddr:100932208: daddr:16783984
[  247.622380] AAAAA-TCP_FORW: name:enp0s3: saddr:100932208: daddr:16783984
[  247.726264] AAAAA-TCP_FORW: name:enp0s3: saddr:16783984: daddr:100932208
[  247.850712] AAAAA-TCP_FORW: name:enp0s3: saddr:16783984: daddr:100932208
[  247.859272] AAAAA-TCP_FORW: name:enp0s3: saddr:100932208: daddr:16783984
[  247.964712] AAAAA-TCP_FORW: name:enp0s3: saddr:100932208: daddr:16783984
[  248.015466] AAAAA-TCP_FORW: name:enp0s3: saddr:16783984: daddr:100932208
[  248.156698] AAAAA-TCP_FORW: name:enp0s3: saddr:100932208: daddr:16783984
[  248.209296] AAAAA-TCP_FORW: name:enp0s3: saddr:16783984: daddr:100932208
[  248.231381] AAAAA-TCP_FORW: name:enp0s3: saddr:100932208: daddr:16783984
[  248.262855] AAAAA-TCP_FORW: name:enp0s3: saddr:16783984: daddr:100932208
[  248.332775] AAAAA-TCP_FORW: name:enp0s3: saddr:100932208: daddr:16783984
[  248.386263] AAAAA-TCP_FORW: name:enp0s3: saddr:16783984: daddr:100932208
[  248.412665] AAAAA-TCP_FORW: name:enp0s3: saddr:100932208: daddr:16783984
[  248.466819] AAAAA-TCP_FORW: name:enp0s3: saddr:16783984: daddr:100932208
[  248.687690] AAAAA-TCP_FORW: name:enp0s3: saddr:16783984: daddr:100932208
[  248.733159] AAAAA-TCP_FORW: name:enp0s3: saddr:100932208: daddr:16783984
[  248.762648] AAAAA-TCP_FORW: name:enp0s3: saddr:16783984: daddr:100932208
[  248.816479] AAAAA-TCP_FORW: name:enp0s3: saddr:100932208: daddr:16783984
[  248.886375] AAAAA-TCP_FORW: name:enp0s3: saddr:100932208: daddr:16783984
[  248.972797] AAAAA-TCP_FORW: name:enp0s3: saddr:100932208: daddr:16783984
[  248.979079] AAAAA-TCP_FORW: name:enp0s3: saddr:16783984: daddr:100932208
[  249.049014] AAAAA-TCP_FORW: name:enp0s3: saddr:100932208: daddr:16783984
[  249.070597] AAAAA-TCP_FORW: name:enp0s3: saddr:16783984: daddr:100932208
[  249.264824] AAAAA-TCP_FORW: name:enp0s3: saddr:100932208: daddr:16783984
[  249.290681] AAAAA-TCP_FORW: name:enp0s3: saddr:16783984: daddr:100932208
[  249.468297] AAAAA-TCP_FORW: name:enp0s3: saddr:100932208: daddr:16783984
[  249.513110] AAAAA-TCP_FORW: name:enp0s3: saddr:100932208: daddr:16783984
[  249.607434] AAAAA-TCP_FORW: name:enp0s3: saddr:16783984: daddr:100932208
[  249.748905] AAAAA-TCP_FORW: name:enp0s3: saddr:16783984: daddr:100932208
[  249.793059] AAAAA-TCP_FORW: name:enp0s3: saddr:100932208: daddr:16783984
[  249.832594] AAAAA-TCP_FORW: name:enp0s3: saddr:16783984: daddr:100932208
[  249.867458] AAAAA-TCP_FORW: name:enp0s3: saddr:100932208: daddr:16783984
[  250.007927] AAAAA-TCP_FORW: name:enp0s3: saddr:100932208: daddr:16783984
[  250.135306] AAAAA-TCP_FORW: name:enp0s3: saddr:16783984: daddr:100932208
[  250.178927] AAAAA-TCP_FORW: name:enp0s3: saddr:100932208: daddr:16783984
[  250.219932] AAAAA-TCP_FORW: name:enp0s3: saddr:16783984: daddr:100932208
[  250.301779] AAAAA-TCP_FORW: name:enp0s3: saddr:100932208: daddr:16783984
[  250.332345] AAAAA-TCP_FORW: name:enp0s3: saddr:16783984: daddr:100932208
[  250.440797] AAAAA-TCP_FORW: name:enp0s3: saddr:100932208: daddr:16783984
[  250.468607] AAAAA-TCP_FORW: name:enp0s3: saddr:16783984: daddr:100932208
[  250.663216] AAAAA-TCP_FORW: name:enp0s3: saddr:100932208: daddr:16783984
[  250.676844] AAAAA-TCP_FORW: name:enp0s3: saddr:100932208: daddr:16783984
[  250.769461] AAAAA-TCP_FORW: name:enp0s3: saddr:16783984: daddr:100932208
[  250.794249] AAAAA-TCP_FORW: name:enp0s3: saddr:100932208: daddr:16783984
[  250.897921] AAAAA-TCP_FORW: name:enp0s3: saddr:100932208: daddr:16783984
[  251.073881] AAAAA-TCP_FORW: name:enp0s3: saddr:100932208: daddr:16783984
[  251.136454] AAAAA-TCP_FORW: name:enp0s3: saddr:100932208: daddr:16783984
[  251.285285] AAAAA-TCP_FORW: name:enp0s3: saddr:100932208: daddr:16783984
[  251.349081] AAAAA-TCP_FORW: name:enp0s3: saddr:100932208: daddr:16783984
[  251.611488] AAAAA-TCP_FORW: name:enp0s3: saddr:100932208: daddr:16783984
[  251.636591] AAAAA-TCP_FORW: name:enp0s3: saddr:100932208: daddr:16783984
[  251.695787] AAAAA-TCP_FORW: name:enp0s3: saddr:100932208: daddr:16783984
[  251.748870] AAAAA-TCP_FORW: name:enp0s3: saddr:100932208: daddr:16783984
[  253.820836] AAAAA-TCP_FORW: name:enp0s3: saddr:100932208: daddr:16783984
[  254.482016] AAAAA-TCP_FORW: name:enp0s3: saddr:100932208: daddr:16783984
[  255.219294] AAAAA-TCP_FORW: name:enp0s3: saddr:100932208: daddr:16783984
[  255.680835] AAAAA-TCP_FORW: name:enp0s3: saddr:100932208: daddr:16783984
[  256.130370] AAAAA-TCP_FORW: name:enp0s3: saddr:100932208: daddr:16783984
[  256.257499] AAAAA-TCP_FORW: name:enp0s3: saddr:100932208: daddr:16783984
[  256.321523] AAAAA-TCP_FORW: name:enp0s3: saddr:100932208: daddr:16783984
[  256.477088] AAAAA-TCP_FORW: name:enp0s3: saddr:100932208: daddr:16783984
[  275.558182] AAAAA-TCP_FORW: name:enp0s3: saddr:100932208: daddr:16783984
[  275.634918] AAAAA-TCP_FORW: name:enp0s3: saddr:100932208: daddr:16783984
[  275.830290] AAAAA-TCP_FORW: name:enp0s3: saddr:100932208: daddr:16783984
[  275.950797] AAAAA-TCP_FORW: name:enp0s3: saddr:100932208: daddr:16783984
[  276.097131] AAAAA-TCP_FORW: name:enp0s3: saddr:100932208: daddr:16783984
[  276.195140] AAAAA-TCP_FORW: name:enp0s3: saddr:100932208: daddr:16783984
[  276.307037] AAAAA-TCP_FORW: name:enp0s3: saddr:100932208: daddr:16783984
[  276.495034] AAAAA-TCP_FORW: name:enp0s3: saddr:100932208: daddr:16783984
[  276.587675] AAAAA-TCP_FORW: name:enp0s3: saddr:100932208: daddr:16783984
[  276.705610] AAAAA-TCP_FORW: name:enp0s3: saddr:100932208: daddr:16783984
[  276.793958] AAAAA-TCP_FORW: name:enp0s3: saddr:100932208: daddr:16783984
[  276.922279] AAAAA-TCP_FORW: name:enp0s3: saddr:100932208: daddr:16783984
[  276.968847] AAAAA-TCP_FORW: name:enp0s3: saddr:100932208: daddr:16783984
[  277.059097] AAAAA-TCP_FORW: name:enp0s3: saddr:100932208: daddr:16783984
[  277.193163] AAAAA-TCP_FORW: name:enp0s3: saddr:100932208: daddr:16783984
[  277.296573] AAAAA-TCP_FORW: name:enp0s3: saddr:100932208: daddr:16783984
[  277.365417] AAAAA-TCP_FORW: name:enp0s3: saddr:100932208: daddr:16783984
[  277.428424] AAAAA-TCP_FORW: name:enp0s3: saddr:100932208: daddr:16783984
[  277.580654] AAAAA-TCP_FORW: name:enp0s3: saddr:100932208: daddr:16783984
[  280.462350] AAAAA-TCP_FORW: name:enp0s3: saddr:100932208: daddr:16783984
[  280.493423] AAAAA-TCP_FORW: name:enp0s3: saddr:100932208: daddr:16783984
[  281.010402] AAAAA-TCP_FORW: name:enp0s3: saddr:100932208: daddr:16783984
[  281.239768] AAAAA-TCP_FORW: name:enp0s3: saddr:100932208: daddr:16783984
[  282.674013] AAAAA-TCP_FORW: name:enp0s3: saddr:16783984: daddr:100932208
[  282.811998] AAAAA-TCP_FORW: name:enp0s3: saddr:16783984: daddr:100932208
[  282.853596] AAAAA-TCP_FORW: name:enp0s3: saddr:100932208: daddr:16783984
[  283.058857] AAAAA-TCP_FORW: name:enp0s3: saddr:100932208: daddr:16783984
[  283.078422] AAAAA-TCP_FORW: name:enp0s3: saddr:16783984: daddr:100932208
[  283.091045] AAAAA-TCP_FORW: name:enp0s3: saddr:100932208: daddr:16783984
[  283.261584] AAAAA-TCP_FORW: name:enp0s3: saddr:100932208: daddr:16783984
[  283.353416] AAAAA-TCP_FORW: name:enp0s3: saddr:16783984: daddr:100932208
[  283.457902] AAAAA-TCP_FORW: name:enp0s3: saddr:100932208: daddr:16783984
[  283.586322] AAAAA-TCP_FORW: name:enp0s3: saddr:100932208: daddr:16783984
[  283.634270] AAAAA-TCP_FORW: name:enp0s3: saddr:100932208: daddr:16783984
[  283.692679] AAAAA-TCP_FORW: name:enp0s3: saddr:100932208: daddr:16783984
[  283.736053] AAAAA-TCP_FORW: name:enp0s3: saddr:100932208: daddr:16783984
[  283.816815] AAAAA-TCP_FORW: name:enp0s3: saddr:100932208: daddr:16783984
[  283.932144] AAAAA-TCP_FORW: name:enp0s3: saddr:100932208: daddr:16783984
[  284.052951] AAAAA-TCP_FORW: name:enp0s3: saddr:100932208: daddr:16783984
[  284.250403] AAAAA-TCP_FORW: name:enp0s3: saddr:100932208: daddr:16783984
[  284.314806] AAAAA-TCP_FORW: name:enp0s3: saddr:100932208: daddr:16783984
[  284.395533] AAAAA-TCP_FORW: name:enp0s3: saddr:100932208: daddr:16783984
[  284.453533] AAAAA-TCP_FORW: name:enp0s3: saddr:16783984: daddr:100932208
[  284.517164] AAAAA-TCP_FORW: name:enp0s3: saddr:100932208: daddr:16783984
[  284.616130] AAAAA-TCP_FORW: name:enp0s3: saddr:100932208: daddr:16783984
[  284.745109] AAAAA-TCP_FORW: name:enp0s3: saddr:100932208: daddr:16783984
[  284.777220] AAAAA-TCP_FORW: name:enp0s3: saddr:100932208: daddr:16783984
[  284.789030] AAAAA-TCP_FORW: name:enp0s3: saddr:16783984: daddr:100932208
[  285.037176] AAAAA-TCP_FORW: name:enp0s3: saddr:100932208: daddr:16783984
[  285.088693] AAAAA-TCP_FORW: name:enp0s3: saddr:16783984: daddr:100932208
[  285.135419] AAAAA-TCP_FORW: name:enp0s3: saddr:100932208: daddr:16783984
[  285.419320] AAAAA-TCP_FORW: name:enp0s3: saddr:100932208: daddr:16783984
[  285.690898] AAAAA-TCP_FORW: name:enp0s3: saddr:100932208: daddr:16783984
[  285.753985] AAAAA-TCP_FORW: name:enp0s3: saddr:16783984: daddr:100932208
[  285.791028] AAAAA-TCP_FORW: name:enp0s3: saddr:100932208: daddr:16783984
[  285.848682] AAAAA-TCP_FORW: name:enp0s3: saddr:16783984: daddr:100932208
[  285.967569] AAAAA-TCP_FORW: name:enp0s3: saddr:100932208: daddr:16783984
[  286.053634] AAAAA-TCP_FORW: name:enp0s3: saddr:16783984: daddr:100932208
[  286.120854] AAAAA-TCP_FORW: name:enp0s3: saddr:16783984: daddr:100932208
[  286.246612] AAAAA-TCP_FORW: name:enp0s3: saddr:16783984: daddr:100932208
[  286.320647] AAAAA-TCP_FORW: name:enp0s3: saddr:16783984: daddr:100932208
[  286.396219] AAAAA-TCP_FORW: name:enp0s3: saddr:100932208: daddr:16783984
[  286.470973] AAAAA-TCP_FORW: name:enp0s3: saddr:16783984: daddr:100932208
[  286.584291] AAAAA-TCP_FORW: name:enp0s3: saddr:16783984: daddr:100932208
[  286.620310] AAAAA-TCP_FORW: name:enp0s3: saddr:100932208: daddr:16783984
[  286.718611] AAAAA-TCP_FORW: name:enp0s3: saddr:16783984: daddr:100932208
[  286.760033] AAAAA-TCP_FORW: name:enp0s3: saddr:100932208: daddr:16783984
[  286.801119] AAAAA-TCP_FORW: name:enp0s3: saddr:16783984: daddr:100932208
[  286.882270] AAAAA-TCP_FORW: name:enp0s3: saddr:16783984: daddr:100932208
[  286.903426] AAAAA-TCP_FORW: name:enp0s3: saddr:100932208: daddr:16783984
[  286.985718] AAAAA-TCP_FORW: name:enp0s3: saddr:100932208: daddr:16783984
[  287.188027] AAAAA-TCP_FORW: name:enp0s3: saddr:16783984: daddr:100932208
[  287.244602] AAAAA-TCP_FORW: name:enp0s3: saddr:100932208: daddr:16783984
[  287.349935] AAAAA-TCP_FORW: name:enp0s3: saddr:100932208: daddr:16783984
[  287.521916] AAAAA-TCP_FORW: name:enp0s3: saddr:100932208: daddr:16783984
[  287.566077] AAAAA-TCP_FORW: name:enp0s3: saddr:16783984: daddr:100932208
[  287.626727] AAAAA-TCP_FORW: name:enp0s3: saddr:16783984: daddr:100932208
[  287.644355] AAAAA-TCP_FORW: name:enp0s3: saddr:100932208: daddr:16783984
[  287.713320] AAAAA-TCP_FORW: name:enp0s3: saddr:16783984: daddr:100932208
[  287.771833] AAAAA-TCP_FORW: name:enp0s3: saddr:100932208: daddr:16783984
[  287.812936] AAAAA-TCP_FORW: name:enp0s3: saddr:100932208: daddr:16783984
[  287.910939] AAAAA-TCP_FORW: name:enp0s3: saddr:16783984: daddr:100932208
[  287.947262] AAAAA-TCP_FORW: name:enp0s3: saddr:100932208: daddr:16783984
[  288.012214] AAAAA-TCP_FORW: name:enp0s3: saddr:16783984: daddr:100932208
[  288.128516] AAAAA-TCP_FORW: name:enp0s3: saddr:16783984: daddr:100932208
[  288.251277] AAAAA-TCP_FORW: name:enp0s3: saddr:100932208: daddr:16783984
[  288.310419] AAAAA-TCP_FORW: name:enp0s3: saddr:16783984: daddr:100932208
[  288.368821] AAAAA-TCP_FORW: name:enp0s3: saddr:100932208: daddr:16783984
[  288.428200] AAAAA-TCP_FORW: name:enp0s3: saddr:100932208: daddr:16783984
[  288.523172] AAAAA-TCP_FORW: name:enp0s3: saddr:16783984: daddr:100932208
[  288.550829] AAAAA-TCP_FORW: name:enp0s3: saddr:100932208: daddr:16783984
[  288.584408] AAAAA-TCP_FORW: name:enp0s3: saddr:16783984: daddr:100932208
[  288.612190] AAAAA-TCP_FORW: name:enp0s3: saddr:100932208: daddr:16783984
[  288.647391] AAAAA-TCP_FORW: name:enp0s3: saddr:100932208: daddr:16783984
[  288.682925] AAAAA-TCP_FORW: name:enp0s3: saddr:100932208: daddr:16783984
[  288.746692] AAAAA-TCP_FORW: name:enp0s3: saddr:100932208: daddr:16783984
[  288.827570] AAAAA-TCP_FORW: name:enp0s3: saddr:100932208: daddr:16783984
[  288.959070] AAAAA-TCP_FORW: name:enp0s3: saddr:16783984: daddr:100932208
[  288.997034] AAAAA-TCP_FORW: name:enp0s3: saddr:100932208: daddr:16783984
[  289.179851] AAAAA-TCP_FORW: name:enp0s3: saddr:100932208: daddr:16783984
[  289.210226] AAAAA-TCP_FORW: name:enp0s3: saddr:16783984: daddr:100932208
[  289.247571] AAAAA-TCP_FORW: name:enp0s3: saddr:100932208: daddr:16783984
[  289.284353] AAAAA-TCP_FORW: name:enp0s3: saddr:16783984: daddr:100932208
[  289.376809] AAAAA-TCP_FORW: name:enp0s3: saddr:100932208: daddr:16783984
[  289.417011] AAAAA-TCP_FORW: name:enp0s3: saddr:16783984: daddr:100932208
[  289.482372] AAAAA-TCP_FORW: name:enp0s3: saddr:16783984: daddr:100932208
[  289.496566] AAAAA-TCP_FORW: name:enp0s3: saddr:100932208: daddr:16783984
[  289.675229] AAAAA-TCP_FORW: name:enp0s3: saddr:16783984: daddr:100932208
[  289.768751] AAAAA-TCP_FORW: name:enp0s3: saddr:16783984: daddr:100932208
[  290.073944] AAAAA-TCP_FORW: name:enp0s3: saddr:100932208: daddr:16783984
[  290.083597] AAAAA-TCP_FORW: name:enp0s3: saddr:16783984: daddr:100932208
[  290.220474] AAAAA-TCP_FORW: name:enp0s3: saddr:100932208: daddr:16783984
[  290.461663] AAAAA-TCP_FORW: name:enp0s3: saddr:16783984: daddr:100932208
[  290.695165] AAAAA-TCP_FORW: name:enp0s3: saddr:16783984: daddr:100932208
[  291.074247] AAAAA-TCP_FORW: name:enp0s3: saddr:16783984: daddr:100932208
[  291.225660] AAAAA-TCP_FORW: name:enp0s3: saddr:16783984: daddr:100932208
[  291.344428] AAAAA-TCP_FORW: name:enp0s3: saddr:16783984: daddr:100932208
[  291.585469] AAAAA-TCP_FORW: name:enp0s3: saddr:16783984: daddr:100932208
[  291.700394] AAAAA-TCP_FORW: name:enp0s3: saddr:16783984: daddr:100932208
[  291.862334] AAAAA-TCP_FORW: name:enp0s3: saddr:16783984: daddr:100932208
[  291.879203] AAAAA-TCP_FORW: name:enp0s3: saddr:100932208: daddr:16783984
[  291.910239] AAAAA-TCP_FORW: name:enp0s3: saddr:100932208: daddr:16783984
[  291.959573] AAAAA-TCP_FORW: name:enp0s3: saddr:16783984: daddr:100932208
[  291.982278] AAAAA-TCP_FORW: name:enp0s3: saddr:100932208: daddr:16783984
[  292.048515] AAAAA-TCP_FORW: name:enp0s3: saddr:100932208: daddr:16783984
[  292.082402] AAAAA-TCP_FORW: name:enp0s3: saddr:16783984: daddr:100932208
[  292.107440] AAAAA-TCP_FORW: name:enp0s3: saddr:100932208: daddr:16783984
[  292.152449] AAAAA-TCP_FORW: name:enp0s3: saddr:100932208: daddr:16783984
[  292.178153] AAAAA-TCP_FORW: name:enp0s3: saddr:16783984: daddr:100932208
[  292.236478] AAAAA-TCP_FORW: name:enp0s3: saddr:100932208: daddr:16783984
[  292.317476] AAAAA-TCP_FORW: name:enp0s3: saddr:16783984: daddr:100932208
[  292.349979] AAAAA-TCP_FORW: name:enp0s3: saddr:100932208: daddr:16783984
[  292.469690] AAAAA-TCP_FORW: name:enp0s3: saddr:100932208: daddr:16783984
[  292.578438] AAAAA-TCP_FORW: name:enp0s3: saddr:100932208: daddr:16783984
[  292.642072] AAAAA-TCP_FORW: name:enp0s3: saddr:16783984: daddr:100932208
[  292.654591] AAAAA-TCP_FORW: name:enp0s3: saddr:100932208: daddr:16783984
[  292.737811] AAAAA-TCP_FORW: name:enp0s3: saddr:16783984: daddr:100932208
[  292.829932] AAAAA-TCP_FORW: name:enp0s3: saddr:100932208: daddr:16783984
[  292.893869] AAAAA-TCP_FORW: name:enp0s3: saddr:100932208: daddr:16783984
[  293.020618] AAAAA-TCP_FORW: name:enp0s3: saddr:100932208: daddr:16783984
[  293.219544] AAAAA-TCP_FORW: name:enp0s3: saddr:100932208: daddr:16783984
[  293.320390] AAAAA-TCP_FORW: name:enp0s3: saddr:100932208: daddr:16783984
[  293.461389] AAAAA-TCP_FORW: name:enp0s3: saddr:100932208: daddr:16783984
[  293.543188] AAAAA-TCP_FORW: name:enp0s3: saddr:100932208: daddr:16783984
[  293.579176] AAAAA-TCP_FORW: name:enp0s3: saddr:100932208: daddr:16783984
[  293.657656] AAAAA-TCP_FORW: name:enp0s3: saddr:100932208: daddr:16783984
[  293.887922] AAAAA-TCP_FORW: name:enp0s3: saddr:16783984: daddr:100932208
[  293.978298] AAAAA-TCP_FORW: name:enp0s3: saddr:16783984: daddr:100932208
[  294.042442] AAAAA-TCP_FORW: name:enp0s3: saddr:16783984: daddr:100932208
[  294.085768] AAAAA-TCP_FORW: name:enp0s3: saddr:16783984: daddr:100932208
[  294.268271] AAAAA-TCP_FORW: name:enp0s3: saddr:16783984: daddr:100932208
[  294.338604] AAAAA-TCP_FORW: name:enp0s3: saddr:16783984: daddr:100932208
[  294.405082] AAAAA-TCP_FORW: name:enp0s3: saddr:100932208: daddr:16783984
[  294.433941] AAAAA-TCP_FORW: name:enp0s3: saddr:16783984: daddr:100932208
[  294.541885] AAAAA-TCP_FORW: name:enp0s3: saddr:100932208: daddr:16783984
[  294.581756] AAAAA-TCP_FORW: name:enp0s3: saddr:16783984: daddr:100932208
[  294.708639] AAAAA-TCP_FORW: name:enp0s3: saddr:16783984: daddr:100932208
[  294.726751] AAAAA-TCP_FORW: name:enp0s3: saddr:100932208: daddr:16783984
[  294.769043] AAAAA-TCP_FORW: name:enp0s3: saddr:16783984: daddr:100932208
[  294.779947] AAAAA-TCP_FORW: name:enp0s3: saddr:100932208: daddr:16783984
[  294.823967] AAAAA-TCP_FORW: name:enp0s3: saddr:16783984: daddr:100932208
[  294.913658] AAAAA-TCP_FORW: name:enp0s3: saddr:16783984: daddr:100932208
[  294.923481] AAAAA-TCP_FORW: name:enp0s3: saddr:100932208: daddr:16783984
[  294.981697] AAAAA-TCP_FORW: name:enp0s3: saddr:16783984: daddr:100932208
[  295.121882] AAAAA-TCP_FORW: name:enp0s3: saddr:100932208: daddr:16783984
[  295.168677] AAAAA-TCP_FORW: name:enp0s3: saddr:16783984: daddr:100932208
[  295.236617] AAAAA-TCP_FORW: name:enp0s3: saddr:16783984: daddr:100932208
[  295.335461] AAAAA-TCP_FORW: name:enp0s3: saddr:16783984: daddr:100932208
[  295.391593] AAAAA-TCP_FORW: name:enp0s3: saddr:16783984: daddr:100932208
[  295.482949] AAAAA-TCP_FORW: name:enp0s3: saddr:16783984: daddr:100932208
[  295.561627] AAAAA-TCP_FORW: name:enp0s3: saddr:16783984: daddr:100932208
[  295.682322] AAAAA-TCP_FORW: name:enp0s3: saddr:16783984: daddr:100932208
[  295.802654] AAAAA-TCP_FORW: name:enp0s3: saddr:100932208: daddr:16783984
[  295.883110] AAAAA-TCP_FORW: name:enp0s3: saddr:100932208: daddr:16783984
[  295.913692] AAAAA-TCP_FORW: name:enp0s3: saddr:100932208: daddr:16783984
[  296.107644] AAAAA-TCP_FORW: name:enp0s3: saddr:100932208: daddr:16783984
[  296.213577] AAAAA-TCP_FORW: name:enp0s3: saddr:100932208: daddr:16783984
[  296.347645] AAAAA-TCP_FORW: name:enp0s3: saddr:16783984: daddr:100932208
[  296.384610] AAAAA-TCP_FORW: name:enp0s3: saddr:100932208: daddr:16783984
[  296.471459] AAAAA-TCP_FORW: name:enp0s3: saddr:100932208: daddr:16783984
[  296.543132] AAAAA-TCP_FORW: name:enp0s3: saddr:16783984: daddr:100932208
[  296.606051] AAAAA-TCP_FORW: name:enp0s3: saddr:100932208: daddr:16783984
[  296.659743] AAAAA-TCP_FORW: name:enp0s3: saddr:100932208: daddr:16783984
[  296.772340] AAAAA-TCP_FORW: name:enp0s3: saddr:100932208: daddr:16783984
[  296.905247] AAAAA-TCP_FORW: name:enp0s3: saddr:16783984: daddr:100932208
[  296.950134] AAAAA-TCP_FORW: name:enp0s3: saddr:100932208: daddr:16783984
[  297.076047] AAAAA-TCP_FORW: name:enp0s3: saddr:16783984: daddr:100932208
[  297.113683] AAAAA-TCP_FORW: name:enp0s3: saddr:100932208: daddr:16783984
[  297.411141] AAAAA-TCP_FORW: name:enp0s3: saddr:16783984: daddr:100932208
[  297.676523] AAAAA-TCP_FORW: name:enp0s3: saddr:16783984: daddr:100932208
[  297.749073] AAAAA-TCP_FORW: name:enp0s3: saddr:100932208: daddr:16783984
[  298.512897] AAAAA-TCP_FORW: name:enp0s3: saddr:100932208: daddr:16783984
[  298.634676] AAAAA-TCP_FORW: name:enp0s3: saddr:16783984: daddr:100932208
[  298.721111] AAAAA-TCP_FORW: name:enp0s3: saddr:16783984: daddr:100932208
[  298.765725] AAAAA-TCP_FORW: name:enp0s3: saddr:16783984: daddr:100932208
[  298.817252] AAAAA-TCP_FORW: name:enp0s3: saddr:16783984: daddr:100932208
[  298.924360] AAAAA-TCP_FORW: name:enp0s3: saddr:16783984: daddr:100932208
[  299.007526] AAAAA-TCP_FORW: name:enp0s3: saddr:16783984: daddr:100932208
[  299.063528] AAAAA-TCP_FORW: name:enp0s3: saddr:16783984: daddr:100932208
[  299.185944] AAAAA-TCP_FORW: name:enp0s3: saddr:16783984: daddr:100932208
[  299.328358] AAAAA-TCP_FORW: name:enp0s3: saddr:16783984: daddr:100932208
[  299.386495] AAAAA-TCP_FORW: name:enp0s3: saddr:16783984: daddr:100932208
[  299.484392] AAAAA-TCP_FORW: name:enp0s3: saddr:16783984: daddr:100932208
[  299.673982] AAAAA-TCP_FORW: name:enp0s3: saddr:16783984: daddr:100932208
[  299.867431] AAAAA-TCP_FORW: name:enp0s3: saddr:16783984: daddr:100932208
[  300.147045] AAAAA-TCP_FORW: name:enp0s3: saddr:16783984: daddr:100932208
[  301.326299] AAAAA-TCP_FORW: name:enp0s3: saddr:100932208: daddr:16783984
[  301.869884] AAAAA-TCP_FORW: name:enp0s3: saddr:16783984: daddr:100932208
[  304.407950] AAAAA-TCP_FORW: name:enp0s3: saddr:100932208: daddr:16783984
[  304.481014] AAAAA-TCP_FORW: name:enp0s3: saddr:100932208: daddr:16783984
[  304.579170] AAAAA-TCP_FORW: name:enp0s3: saddr:100932208: daddr:16783984
[  304.655292] AAAAA-TCP_FORW: name:enp0s3: saddr:100932208: daddr:16783984
[  304.711078] AAAAA-TCP_FORW: name:enp0s3: saddr:100932208: daddr:16783984
[  304.799192] AAAAA-TCP_FORW: name:enp0s3: saddr:100932208: daddr:16783984
[  304.854964] AAAAA-TCP_FORW: name:enp0s3: saddr:100932208: daddr:16783984
[  304.888740] AAAAA-TCP_FORW: name:enp0s3: saddr:100932208: daddr:16783984
[  304.952693] AAAAA-TCP_FORW: name:enp0s3: saddr:100932208: daddr:16783984
[  305.077925] AAAAA-TCP_FORW: name:enp0s3: saddr:16783984: daddr:100932208
[  305.150428] AAAAA-TCP_FORW: name:enp0s3: saddr:100932208: daddr:16783984
[  305.178668] AAAAA-TCP_FORW: name:enp0s3: saddr:100932208: daddr:16783984
[  305.352722] AAAAA-TCP_FORW: name:enp0s3: saddr:100932208: daddr:16783984
[  305.354211] AAAAA-TCP_FORW: name:enp0s3: saddr:16783984: daddr:100932208
[  305.440433] AAAAA-TCP_FORW: name:enp0s3: saddr:100932208: daddr:16783984
[  305.530406] AAAAA-TCP_FORW: name:enp0s3: saddr:100932208: daddr:16783984
[  305.610048] AAAAA-TCP_FORW: name:enp0s3: saddr:100932208: daddr:16783984
[  305.670447] AAAAA-TCP_FORW: name:enp0s3: saddr:16783984: daddr:100932208
[  305.697566] AAAAA-TCP_FORW: name:enp0s3: saddr:100932208: daddr:16783984
[  305.774150] AAAAA-TCP_FORW: name:enp0s3: saddr:100932208: daddr:16783984
[  305.839632] AAAAA-TCP_FORW: name:enp0s3: saddr:100932208: daddr:16783984
[  305.876145] AAAAA-TCP_FORW: name:enp0s3: saddr:16783984: daddr:100932208
[  305.911103] AAAAA-TCP_FORW: name:enp0s3: saddr:100932208: daddr:16783984
[  305.950796] AAAAA-TCP_FORW: name:enp0s3: saddr:16783984: daddr:100932208
[  305.989573] AAAAA-TCP_FORW: name:enp0s3: saddr:100932208: daddr:16783984
[  306.056566] AAAAA-TCP_FORW: name:enp0s3: saddr:100932208: daddr:16783984
[  306.137401] AAAAA-TCP_FORW: name:enp0s3: saddr:100932208: daddr:16783984
[  306.205747] AAAAA-TCP_FORW: name:enp0s3: saddr:100932208: daddr:16783984
[  306.288566] AAAAA-TCP_FORW: name:enp0s3: saddr:16783984: daddr:100932208
[  306.326898] AAAAA-TCP_FORW: name:enp0s3: saddr:100932208: daddr:16783984
[  306.371376] AAAAA-TCP_FORW: name:enp0s3: saddr:16783984: daddr:100932208
[  306.394991] AAAAA-TCP_FORW: name:enp0s3: saddr:100932208: daddr:16783984
[  306.431113] AAAAA-TCP_FORW: name:enp0s3: saddr:16783984: daddr:100932208
[  306.471285] AAAAA-TCP_FORW: name:enp0s3: saddr:100932208: daddr:16783984
[  306.538036] AAAAA-TCP_FORW: name:enp0s3: saddr:16783984: daddr:100932208
[  306.582176] AAAAA-TCP_FORW: name:enp0s3: saddr:100932208: daddr:16783984
[  306.694692] AAAAA-TCP_FORW: name:enp0s3: saddr:100932208: daddr:16783984
[  306.736233] AAAAA-TCP_FORW: name:enp0s3: saddr:100932208: daddr:16783984
[  306.787873] AAAAA-TCP_FORW: name:enp0s3: saddr:100932208: daddr:16783984
[  306.880491] AAAAA-TCP_FORW: name:enp0s3: saddr:100932208: daddr:16783984
[  306.957296] AAAAA-TCP_FORW: name:enp0s3: saddr:100932208: daddr:16783984
[  307.039280] AAAAA-TCP_FORW: name:enp0s3: saddr:100932208: daddr:16783984
[  307.063314] AAAAA-TCP_FORW: name:enp0s3: saddr:16783984: daddr:100932208
[  307.111520] AAAAA-TCP_FORW: name:enp0s3: saddr:100932208: daddr:16783984
[  307.150689] AAAAA-TCP_FORW: name:enp0s3: saddr:16783984: daddr:100932208
[  307.165146] AAAAA-TCP_FORW: name:enp0s3: saddr:100932208: daddr:16783984
[  307.345621] AAAAA-TCP_FORW: name:enp0s3: saddr:100932208: daddr:16783984
[  307.381929] AAAAA-TCP_FORW: name:enp0s3: saddr:16783984: daddr:100932208
[  307.421221] AAAAA-TCP_FORW: name:enp0s3: saddr:100932208: daddr:16783984
[  307.471107] AAAAA-TCP_FORW: name:enp0s3: saddr:100932208: daddr:16783984
[  307.501633] AAAAA-TCP_FORW: name:enp0s3: saddr:16783984: daddr:100932208
[  307.542649] AAAAA-TCP_FORW: name:enp0s3: saddr:100932208: daddr:16783984
[  307.606238] AAAAA-TCP_FORW: name:enp0s3: saddr:100932208: daddr:16783984
[  307.663086] AAAAA-TCP_FORW: name:enp0s3: saddr:100932208: daddr:16783984
[  307.791159] AAAAA-TCP_FORW: name:enp0s3: saddr:100932208: daddr:16783984
[  307.883116] AAAAA-TCP_FORW: name:enp0s3: saddr:16783984: daddr:100932208
[  307.942941] AAAAA-TCP_FORW: name:enp0s3: saddr:16783984: daddr:100932208
[  308.038116] AAAAA-TCP_FORW: name:enp0s3: saddr:16783984: daddr:100932208
[  308.081218] AAAAA-TCP_FORW: name:enp0s3: saddr:100932208: daddr:16783984
[  308.104789] AAAAA-TCP_FORW: name:enp0s3: saddr:100932208: daddr:16783984
[  308.120188] AAAAA-TCP_FORW: name:enp0s3: saddr:16783984: daddr:100932208
[  308.166739] AAAAA-TCP_FORW: name:enp0s3: saddr:16783984: daddr:100932208
[  308.297798] AAAAA-TCP_FORW: name:enp0s3: saddr:16783984: daddr:100932208
[  308.326159] AAAAA-TCP_FORW: name:enp0s3: saddr:100932208: daddr:16783984
[  308.381338] AAAAA-TCP_FORW: name:enp0s3: saddr:100932208: daddr:16783984
[  308.416391] AAAAA-TCP_FORW: name:enp0s3: saddr:16783984: daddr:100932208
[  308.442343] AAAAA-TCP_FORW: name:enp0s3: saddr:100932208: daddr:16783984
[  308.533023] AAAAA-TCP_FORW: name:enp0s3: saddr:16783984: daddr:100932208
[  308.597498] AAAAA-TCP_FORW: name:enp0s3: saddr:100932208: daddr:16783984
[  308.602895] AAAAA-TCP_FORW: name:enp0s3: saddr:16783984: daddr:100932208
[  308.718430] AAAAA-TCP_FORW: name:enp0s3: saddr:16783984: daddr:100932208
[  308.725687] AAAAA-TCP_FORW: name:enp0s3: saddr:100932208: daddr:16783984
[  308.765557] AAAAA-TCP_FORW: name:enp0s3: saddr:100932208: daddr:16783984
[  308.785356] AAAAA-TCP_FORW: name:enp0s3: saddr:16783984: daddr:100932208
[  308.864203] AAAAA-TCP_FORW: name:enp0s3: saddr:16783984: daddr:100932208
[  308.956124] AAAAA-TCP_FORW: name:enp0s3: saddr:16783984: daddr:100932208
[  308.962769] AAAAA-TCP_FORW: name:enp0s3: saddr:100932208: daddr:16783984
[  309.005580] AAAAA-TCP_FORW: name:enp0s3: saddr:100932208: daddr:16783984
[  309.034593] AAAAA-TCP_FORW: name:enp0s3: saddr:16783984: daddr:100932208
[  309.104335] AAAAA-TCP_FORW: name:enp0s3: saddr:16783984: daddr:100932208
[  309.138425] AAAAA-TCP_FORW: name:enp0s3: saddr:100932208: daddr:16783984
[  309.163389] AAAAA-TCP_FORW: name:enp0s3: saddr:100932208: daddr:16783984
[  309.185149] AAAAA-TCP_FORW: name:enp0s3: saddr:16783984: daddr:100932208
[  309.247238] AAAAA-TCP_FORW: name:enp0s3: saddr:16783984: daddr:100932208
[  309.309041] AAAAA-TCP_FORW: name:enp0s3: saddr:16783984: daddr:100932208
[  309.399019] AAAAA-TCP_FORW: name:enp0s3: saddr:16783984: daddr:100932208
[  309.466443] AAAAA-TCP_FORW: name:enp0s3: saddr:16783984: daddr:100932208
[  309.558170] AAAAA-TCP_FORW: name:enp0s3: saddr:100932208: daddr:16783984
[  309.616526] AAAAA-TCP_FORW: name:enp0s3: saddr:16783984: daddr:100932208
[  309.638535] AAAAA-TCP_FORW: name:enp0s3: saddr:100932208: daddr:16783984
[  309.718083] AAAAA-TCP_FORW: name:enp0s3: saddr:16783984: daddr:100932208
[  309.778442] AAAAA-TCP_FORW: name:enp0s3: saddr:100932208: daddr:16783984
[  309.806386] AAAAA-TCP_FORW: name:enp0s3: saddr:16783984: daddr:100932208
[  309.872671] AAAAA-TCP_FORW: name:enp0s3: saddr:16783984: daddr:100932208
[  309.879523] AAAAA-TCP_FORW: name:enp0s3: saddr:100932208: daddr:16783984
[  309.937102] AAAAA-TCP_FORW: name:enp0s3: saddr:16783984: daddr:100932208
[  309.994159] AAAAA-TCP_FORW: name:enp0s3: saddr:16783984: daddr:100932208
[  310.041506] AAAAA-TCP_FORW: name:enp0s3: saddr:100932208: daddr:16783984
[  310.079743] AAAAA-TCP_FORW: name:enp0s3: saddr:16783984: daddr:100932208
[  310.330526] AAAAA-TCP_FORW: name:enp0s3: saddr:16783984: daddr:100932208
[  310.350952] AAAAA-TCP_FORW: name:enp0s3: saddr:100932208: daddr:16783984
[  310.419744] AAAAA-TCP_FORW: name:enp0s3: saddr:16783984: daddr:100932208
[  310.441426] AAAAA-TCP_FORW: name:enp0s3: saddr:100932208: daddr:16783984
[  310.612590] AAAAA-TCP_FORW: name:enp0s3: saddr:100932208: daddr:16783984
[  310.642824] AAAAA-TCP_FORW: name:enp0s3: saddr:16783984: daddr:100932208
[  310.686671] AAAAA-TCP_FORW: name:enp0s3: saddr:100932208: daddr:16783984
[  310.715247] AAAAA-TCP_FORW: name:enp0s3: saddr:16783984: daddr:100932208
[  310.792886] AAAAA-TCP_FORW: name:enp0s3: saddr:16783984: daddr:100932208
[  310.872386] AAAAA-TCP_FORW: name:enp0s3: saddr:16783984: daddr:100932208
[  310.907775] AAAAA-TCP_FORW: name:enp0s3: saddr:100932208: daddr:16783984
[  310.919518] AAAAA-TCP_FORW: name:enp0s3: saddr:16783984: daddr:100932208
[  311.046110] AAAAA-TCP_FORW: name:enp0s3: saddr:100932208: daddr:16783984
[  311.080577] AAAAA-TCP_FORW: name:enp0s3: saddr:16783984: daddr:100932208
[  311.141164] AAAAA-TCP_FORW: name:enp0s3: saddr:16783984: daddr:100932208
[  311.161692] AAAAA-TCP_FORW: name:enp0s3: saddr:100932208: daddr:16783984
[  311.337269] AAAAA-TCP_FORW: name:enp0s3: saddr:100932208: daddr:16783984
[  311.351475] AAAAA-TCP_FORW: name:enp0s3: saddr:16783984: daddr:100932208
[  311.400700] AAAAA-TCP_FORW: name:enp0s3: saddr:100932208: daddr:16783984
[  311.481384] AAAAA-TCP_FORW: name:enp0s3: saddr:16783984: daddr:100932208
[  311.535652] AAAAA-TCP_FORW: name:enp0s3: saddr:100932208: daddr:16783984
[  311.555396] AAAAA-TCP_FORW: name:enp0s3: saddr:16783984: daddr:100932208
[  311.639296] AAAAA-TCP_FORW: name:enp0s3: saddr:100932208: daddr:16783984
[  311.880997] AAAAA-TCP_FORW: name:enp0s3: saddr:100932208: daddr:16783984
[  311.941045] AAAAA-TCP_FORW: name:enp0s3: saddr:16783984: daddr:100932208
[  312.031673] AAAAA-TCP_FORW: name:enp0s3: saddr:16783984: daddr:100932208
[  312.044247] AAAAA-TCP_FORW: name:enp0s3: saddr:100932208: daddr:16783984
[  312.105815] AAAAA-TCP_FORW: name:enp0s3: saddr:100932208: daddr:16783984
[  312.140323] AAAAA-TCP_FORW: name:enp0s3: saddr:16783984: daddr:100932208
[  312.223270] AAAAA-TCP_FORW: name:enp0s3: saddr:100932208: daddr:16783984
[  312.307732] AAAAA-TCP_FORW: name:enp0s3: saddr:16783984: daddr:100932208
[  312.396708] AAAAA-TCP_FORW: name:enp0s3: saddr:16783984: daddr:100932208
[  312.416279] AAAAA-TCP_FORW: name:enp0s3: saddr:100932208: daddr:16783984
[  312.546711] AAAAA-TCP_FORW: name:enp0s3: saddr:100932208: daddr:16783984
[  312.605563] AAAAA-TCP_FORW: name:enp0s3: saddr:100932208: daddr:16783984
[  312.688222] AAAAA-TCP_FORW: name:enp0s3: saddr:100932208: daddr:16783984
[  312.739524] AAAAA-TCP_FORW: name:enp0s3: saddr:16783984: daddr:100932208
[  312.909328] AAAAA-TCP_FORW: name:enp0s3: saddr:16783984: daddr:100932208
[  312.929102] AAAAA-TCP_FORW: name:enp0s3: saddr:100932208: daddr:16783984
[  313.035826] AAAAA-TCP_FORW: name:enp0s3: saddr:16783984: daddr:100932208
[  313.068546] AAAAA-TCP_FORW: name:enp0s3: saddr:16783984: daddr:100932208
[  313.089145] AAAAA-TCP_FORW: name:enp0s3: saddr:100932208: daddr:16783984
[  313.249041] AAAAA-TCP_FORW: name:enp0s3: saddr:100932208: daddr:16783984
[  313.348878] AAAAA-TCP_FORW: name:enp0s3: saddr:100932208: daddr:16783984
[  313.369471] AAAAA-TCP_FORW: name:enp0s3: saddr:16783984: daddr:100932208
[  313.512522] AAAAA-TCP_FORW: name:enp0s3: saddr:16783984: daddr:100932208
[  313.527247] AAAAA-TCP_FORW: name:enp0s3: saddr:100932208: daddr:16783984
[  313.578885] AAAAA-TCP_FORW: name:enp0s3: saddr:100932208: daddr:16783984
[  313.652578] AAAAA-TCP_FORW: name:enp0s3: saddr:16783984: daddr:100932208
[  313.667281] AAAAA-TCP_FORW: name:enp0s3: saddr:100932208: daddr:16783984
[  313.756987] AAAAA-TCP_FORW: name:enp0s3: saddr:16783984: daddr:100932208
[  313.797215] AAAAA-TCP_FORW: name:enp0s3: saddr:100932208: daddr:16783984
[  313.854390] AAAAA-TCP_FORW: name:enp0s3: saddr:100932208: daddr:16783984
[  313.955340] AAAAA-TCP_FORW: name:enp0s3: saddr:16783984: daddr:100932208
[  314.019212] AAAAA-TCP_FORW: name:enp0s3: saddr:16783984: daddr:100932208
[  314.163765] AAAAA-TCP_FORW: name:enp0s3: saddr:16783984: daddr:100932208
[  314.232683] AAAAA-TCP_FORW: name:enp0s3: saddr:16783984: daddr:100932208
[  314.356240] AAAAA-TCP_FORW: name:enp0s3: saddr:100932208: daddr:16783984
[  314.478387] AAAAA-TCP_FORW: name:enp0s3: saddr:16783984: daddr:100932208
[  314.541772] AAAAA-TCP_FORW: name:enp0s3: saddr:16783984: daddr:100932208
[  314.751752] AAAAA-TCP_FORW: name:enp0s3: saddr:16783984: daddr:100932208
[  314.809933] AAAAA-TCP_FORW: name:enp0s3: saddr:16783984: daddr:100932208
[  314.836326] AAAAA-TCP_FORW: name:enp0s3: saddr:16783984: daddr:100932208
[  314.880360] AAAAA-TCP_FORW: name:enp0s3: saddr:16783984: daddr:100932208
[  314.992717] AAAAA-TCP_FORW: name:enp0s3: saddr:16783984: daddr:100932208
[  315.092082] AAAAA-TCP_FORW: name:enp0s3: saddr:16783984: daddr:100932208
[  315.176520] AAAAA-TCP_FORW: name:enp0s3: saddr:16783984: daddr:100932208
[  315.219762] AAAAA-TCP_FORW: name:enp0s3: saddr:16783984: daddr:100932208
[  315.322100] AAAAA-TCP_FORW: name:enp0s3: saddr:16783984: daddr:100932208
[  315.347004] AAAAA-TCP_FORW: name:enp0s3: saddr:16783984: daddr:100932208
[  315.482294] AAAAA-TCP_FORW: name:enp0s3: saddr:16783984: daddr:100932208
[  315.771134] AAAAA-TCP_FORW: name:enp0s3: saddr:100932208: daddr:16783984
[  315.981494] AAAAA-TCP_FORW: name:enp0s3: saddr:100932208: daddr:16783984
[  316.827270] AAAAA-TCP_FORW: name:enp0s3: saddr:16783984: daddr:100932208
[  316.857998] AAAAA-TCP_FORW: name:enp0s3: saddr:16783984: daddr:100932208
[  317.272456] AAAAA-TCP_FORW: name:enp0s3: saddr:100932208: daddr:16783984
[  317.760970] AAAAA-TCP_FORW: name:enp0s3: saddr:16783984: daddr:100932208
[  318.640551] AAAAA-TCP_FORW: name:enp0s3: saddr:100932208: daddr:16783984
[  318.739215] AAAAA-TCP_FORW: name:enp0s3: saddr:100932208: daddr:16783984
[  318.797852] AAAAA-TCP_FORW: name:enp0s3: saddr:100932208: daddr:16783984
[  319.834600] AAAAA-TCP_FORW: name:enp0s3: saddr:16783984: daddr:100932208
[  319.863093] AAAAA-TCP_FORW: name:enp0s3: saddr:16783984: daddr:100932208
[  319.937102] AAAAA-TCP_FORW: name:enp0s3: saddr:16783984: daddr:100932208
[  321.105328] AAAAA-TCP_FORW: name:enp0s3: saddr:100932208: daddr:16783984
[  322.168541] AAAAA-TCP_FORW: name:enp0s3: saddr:16783984: daddr:100932208
[  323.550933] AAAAA-TCP_FORW: name:enp0s3: saddr:100932208: daddr:16783984
[  434.139306] rfkill: input handler enabled
[  442.706418] rfkill: input handler disabled
[  613.062749] device enp0s3 left promiscuous mode
