[    0.000000] Linux version 5.4.243-tcp (root@ztg) (gcc version 12.2.0 (Debian 12.2.0-14)) #1 SMP Fri Apr 12 08:27:09 CST 2024
[    0.000000] Command line: BOOT_IMAGE=/boot/vmlinuz-5.4.243-tcp root=UUID=98415a12-53b7-4144-8265-0f7ece09e445 ro quiet splash
[    0.000000] KERNEL supported cpus:
[    0.000000]   Intel GenuineIntel
[    0.000000]   AMD AuthenticAMD
[    0.000000]   Hygon HygonGenuine
[    0.000000]   Centaur CentaurHauls
[    0.000000]   zhaoxin   Shanghai  
[    0.000000] x86/fpu: Supporting XSAVE feature 0x001: 'x87 floating point registers'
[    0.000000] x86/fpu: Supporting XSAVE feature 0x002: 'SSE registers'
[    0.000000] x86/fpu: Supporting XSAVE feature 0x004: 'AVX registers'
[    0.000000] x86/fpu: xstate_offset[2]:  576, xstate_sizes[2]:  256
[    0.000000] x86/fpu: Enabled xstate features 0x7, context size is 832 bytes, using 'standard' format.
[    0.000000] BIOS-provided physical RAM map:
[    0.000000] BIOS-e820: [mem 0x0000000000000000-0x000000000009fbff] usable
[    0.000000] BIOS-e820: [mem 0x000000000009fc00-0x000000000009ffff] reserved
[    0.000000] BIOS-e820: [mem 0x00000000000f0000-0x00000000000fffff] reserved
[    0.000000] BIOS-e820: [mem 0x0000000000100000-0x000000007ffeffff] usable
[    0.000000] BIOS-e820: [mem 0x000000007fff0000-0x000000007fffffff] ACPI data
[    0.000000] BIOS-e820: [mem 0x00000000fec00000-0x00000000fec00fff] reserved
[    0.000000] BIOS-e820: [mem 0x00000000fee00000-0x00000000fee00fff] reserved
[    0.000000] BIOS-e820: [mem 0x00000000fffc0000-0x00000000ffffffff] reserved
[    0.000000] NX (Execute Disable) protection: active
[    0.000000] SMBIOS 2.5 present.
[    0.000000] DMI: innotek GmbH VirtualBox/VirtualBox, BIOS VirtualBox 12/01/2006
[    0.000000] Hypervisor detected: KVM
[    0.000000] kvm-clock: Using msrs 4b564d01 and 4b564d00
[    0.000000] kvm-clock: cpu 0, msr e801001, primary cpu clock
[    0.000000] kvm-clock: using sched offset of 4423784760 cycles
[    0.000003] clocksource: kvm-clock: mask: 0xffffffffffffffff max_cycles: 0x1cd42e4dffb, max_idle_ns: 881590591483 ns
[    0.000006] tsc: Detected 2100.000 MHz processor
[    0.001918] e820: update [mem 0x00000000-0x00000fff] usable ==> reserved
[    0.001921] e820: remove [mem 0x000a0000-0x000fffff] usable
[    0.001925] last_pfn = 0x7fff0 max_arch_pfn = 0x400000000
[    0.001993] MTRR default type: uncachable
[    0.001994] MTRR fixed ranges enabled:
[    0.001996]   00000-9FFFF write-back
[    0.001996]   A0000-BFFFF uncachable
[    0.001997]   C0000-FFFFF write-protect
[    0.001998] MTRR variable ranges enabled:
[    0.001999]   0 base 000000000000 mask 3FFF80000000 write-back
[    0.002000]   1 disabled
[    0.002000]   2 disabled
[    0.002001]   3 disabled
[    0.002001]   4 disabled
[    0.002002]   5 disabled
[    0.002002]   6 disabled
[    0.002002]   7 disabled
[    0.002003]   8 disabled
[    0.002003]   9 disabled
[    0.002004]   10 disabled
[    0.002004]   11 disabled
[    0.002005]   12 disabled
[    0.002005]   13 disabled
[    0.002006]   14 disabled
[    0.002006]   15 disabled
[    0.002023] x86/PAT: Configuration [0-7]: WB  WC  UC- UC  WB  WP  UC- WT  
[    0.002157] found SMP MP-table at [mem 0x0009fff0-0x0009ffff]
[    0.091498] check: Scanning 1 areas for low memory corruption
[    0.091743] RAMDISK: [mem 0x32275000-0x35131fff]
[    0.091751] ACPI: Early table checksum verification disabled
[    0.091757] ACPI: RSDP 0x00000000000E0000 000024 (v02 VBOX  )
[    0.091761] ACPI: XSDT 0x000000007FFF0030 00003C (v01 VBOX   VBOXXSDT 00000001 ASL  00000061)
[    0.091768] ACPI: FACP 0x000000007FFF00F0 0000F4 (v04 VBOX   VBOXFACP 00000001 ASL  00000061)
[    0.091774] ACPI: DSDT 0x000000007FFF02E0 002353 (v02 VBOX   VBOXBIOS 00000002 VBOX 00029BF3)
[    0.091778] ACPI: FACS 0x000000007FFF0200 000040
[    0.091781] ACPI: FACS 0x000000007FFF0200 000040
[    0.091785] ACPI: APIC 0x000000007FFF0240 000054 (v02 VBOX   VBOXAPIC 00000001 ASL  00000061)
[    0.091789] ACPI: SSDT 0x000000007FFF02A0 000038 (v01 VBOX   VBOXCPUT 00000002 VBOX 00029BF3)
[    0.091792] ACPI: Reserving FACP table memory at [mem 0x7fff00f0-0x7fff01e3]
[    0.091793] ACPI: Reserving DSDT table memory at [mem 0x7fff02e0-0x7fff2632]
[    0.091794] ACPI: Reserving FACS table memory at [mem 0x7fff0200-0x7fff023f]
[    0.091794] ACPI: Reserving FACS table memory at [mem 0x7fff0200-0x7fff023f]
[    0.091795] ACPI: Reserving APIC table memory at [mem 0x7fff0240-0x7fff0293]
[    0.091796] ACPI: Reserving SSDT table memory at [mem 0x7fff02a0-0x7fff02d7]
[    0.091809] ACPI: Local APIC address 0xfee00000
[    0.091997] No NUMA configuration found
[    0.091999] Faking a node at [mem 0x0000000000000000-0x000000007ffeffff]
[    0.092009] NODE_DATA(0) allocated [mem 0x7ffc5000-0x7ffeffff]
[    0.092277] Zone ranges:
[    0.092278]   DMA      [mem 0x0000000000001000-0x0000000000ffffff]
[    0.092280]   DMA32    [mem 0x0000000001000000-0x000000007ffeffff]
[    0.092280]   Normal   empty
[    0.092281]   Device   empty
[    0.092282] Movable zone start for each node
[    0.092284] Early memory node ranges
[    0.092285]   node   0: [mem 0x0000000000001000-0x000000000009efff]
[    0.092285]   node   0: [mem 0x0000000000100000-0x000000007ffeffff]
[    0.092289] Zeroed struct page in unavailable ranges: 114 pages
[    0.092290] Initmem setup node 0 [mem 0x0000000000001000-0x000000007ffeffff]
[    0.092291] On node 0 totalpages: 524174
[    0.092292]   DMA zone: 64 pages used for memmap
[    0.092293]   DMA zone: 21 pages reserved
[    0.092293]   DMA zone: 3998 pages, LIFO batch:0
[    0.092365]   DMA32 zone: 8128 pages used for memmap
[    0.092366]   DMA32 zone: 520176 pages, LIFO batch:63
[    0.101412] ACPI: PM-Timer IO Port: 0x4008
[    0.101415] ACPI: Local APIC address 0xfee00000
[    0.101481] IOAPIC[0]: apic_id 1, version 32, address 0xfec00000, GSI 0-23
[    0.101484] ACPI: INT_SRC_OVR (bus 0 bus_irq 0 global_irq 2 dfl dfl)
[    0.101486] ACPI: INT_SRC_OVR (bus 0 bus_irq 9 global_irq 9 low level)
[    0.101488] ACPI: IRQ0 used by override.
[    0.101489] ACPI: IRQ9 used by override.
[    0.101492] Using ACPI (MADT) for SMP configuration information
[    0.101498] smpboot: Allowing 1 CPUs, 0 hotplug CPUs
[    0.101520] PM: Registered nosave memory: [mem 0x00000000-0x00000fff]
[    0.101521] PM: Registered nosave memory: [mem 0x0009f000-0x0009ffff]
[    0.101522] PM: Registered nosave memory: [mem 0x000a0000-0x000effff]
[    0.101522] PM: Registered nosave memory: [mem 0x000f0000-0x000fffff]
[    0.101524] [mem 0x80000000-0xfebfffff] available for PCI devices
[    0.101525] Booting paravirtualized kernel on KVM
[    0.101528] clocksource: refined-jiffies: mask: 0xffffffff max_cycles: 0xffffffff, max_idle_ns: 7645519600211568 ns
[    0.101532] setup_percpu: NR_CPUS:8192 nr_cpumask_bits:1 nr_cpu_ids:1 nr_node_ids:1
[    0.102544] percpu: Embedded 60 pages/cpu s208896 r8192 d28672 u2097152
[    0.102549] pcpu-alloc: s208896 r8192 d28672 u2097152 alloc=1*2097152
[    0.102550] pcpu-alloc: [0] 0 
[    0.102576] Built 1 zonelists, mobility grouping on.  Total pages: 515961
[    0.102577] Policy zone: DMA32
[    0.102578] Kernel command line: BOOT_IMAGE=/boot/vmlinuz-5.4.243-tcp root=UUID=98415a12-53b7-4144-8265-0f7ece09e445 ro quiet splash
[    0.103415] Dentry cache hash table entries: 262144 (order: 9, 2097152 bytes, linear)
[    0.103563] Inode-cache hash table entries: 131072 (order: 8, 1048576 bytes, linear)
[    0.103613] mem auto-init: stack:off, heap alloc:on, heap free:off
[    0.103615] Calgary: detecting Calgary via BIOS EBDA area
[    0.103617] Calgary: Unable to locate Rio Grande table in EBDA - bailing!
[    0.107771] Memory: 1967340K/2096696K available (14339K kernel code, 2392K rwdata, 4692K rodata, 2720K init, 17272K bss, 129356K reserved, 0K cma-reserved)
[    0.108720] SLUB: HWalign=64, Order=0-3, MinObjects=0, CPUs=1, Nodes=1
[    0.108737] ftrace: allocating 42894 entries in 168 pages
[    0.126684] rcu: Hierarchical RCU implementation.
[    0.126686] rcu: 	RCU restricting CPUs from NR_CPUS=8192 to nr_cpu_ids=1.
[    0.126687] 	Tasks RCU enabled.
[    0.126689] rcu: RCU calculated value of scheduler-enlistment delay is 25 jiffies.
[    0.126689] rcu: Adjusting geometry for rcu_fanout_leaf=16, nr_cpu_ids=1
[    0.129671] NR_IRQS: 524544, nr_irqs: 256, preallocated irqs: 16
[    0.129885] random: crng init done
[    0.139206] Console: colour VGA+ 80x25
[    0.139210] printk: console [tty0] enabled
[    0.139232] ACPI: Core revision 20190816
[    0.139346] APIC: Switch to symmetric I/O mode setup
[    0.139595] x2apic enabled
[    0.139836] Switched APIC routing to physical x2apic.
[    0.140992] ..TIMER: vector=0x30 apic1=0 pin1=2 apic2=-1 pin2=-1
[    0.141016] clocksource: tsc-early: mask: 0xffffffffffffffff max_cycles: 0x1e4530a99b6, max_idle_ns: 440795257976 ns
[    0.141021] Calibrating delay loop (skipped) preset value.. 4200.00 BogoMIPS (lpj=8400000)
[    0.141023] pid_max: default: 32768 minimum: 301
[    0.141052] LSM: Security Framework initializing
[    0.141062] Yama: becoming mindful.
[    0.141088] AppArmor: AppArmor initialized
[    0.141123] Mount-cache hash table entries: 4096 (order: 3, 32768 bytes, linear)
[    0.141127] Mountpoint-cache hash table entries: 4096 (order: 3, 32768 bytes, linear)
[    0.141137] *** VALIDATE tmpfs ***
[    0.141267] *** VALIDATE proc ***
[    0.141308] *** VALIDATE cgroup1 ***
[    0.141309] *** VALIDATE cgroup2 ***
[    0.141450] process: using mwait in idle threads
[    0.141454] Last level iTLB entries: 4KB 64, 2MB 8, 4MB 8
[    0.141455] Last level dTLB entries: 4KB 64, 2MB 0, 4MB 0, 1GB 4
[    0.141475] Spectre V1 : Mitigation: usercopy/swapgs barriers and __user pointer sanitization
[    0.141480] Spectre V2 : Mitigation: Retpolines
[    0.141481] Spectre V2 : Spectre v2 / SpectreRSB mitigation: Filling RSB on context switch
[    0.141481] Spectre V2 : Spectre v2 / SpectreRSB : Filling RSB on VMEXIT
[    0.141482] RETBleed: WARNING: Spectre v2 mitigation leaves CPU vulnerable to RETBleed attacks, data leaks possible!
[    0.141837] RETBleed: Vulnerable
[    0.141838] Speculative Store Bypass: Vulnerable
[    0.141842] TAA: Mitigation: TSX disabled
[    0.141843] MMIO Stale Data: Mitigation: Clear CPU buffers
[    0.146062] Freeing SMP alternatives memory: 40K
[    0.257796] smpboot: CPU0: Intel(R) Xeon(R) Silver 4216 CPU @ 2.10GHz (family: 0x6, model: 0x55, stepping: 0x7)
[    0.257954] Performance Events: unsupported p6 CPU model 85 no PMU driver, software events only.
[    0.257992] rcu: Hierarchical SRCU implementation.
[    0.258524] NMI watchdog: Perf NMI watchdog permanently disabled
[    0.258578] smp: Bringing up secondary CPUs ...
[    0.258579] smp: Brought up 1 node, 1 CPU
[    0.258580] smpboot: Max logical packages: 1
[    0.258582] smpboot: Total of 1 processors activated (4200.00 BogoMIPS)
[    0.259707] devtmpfs: initialized
[    0.259770] x86/mm: Memory block size: 128MB
[    0.260258] clocksource: jiffies: mask: 0xffffffff max_cycles: 0xffffffff, max_idle_ns: 7645041785100000 ns
[    0.260265] futex hash table entries: 256 (order: 2, 16384 bytes, linear)
[    0.260324] pinctrl core: initialized pinctrl subsystem
[    0.260468] PM: RTC time: 11:53:43, date: 2026-01-20
[    0.260609] NET: Registered protocol family 16
[    0.260715] audit: initializing netlink subsys (disabled)
[    0.260894] EISA bus registered
[    0.260896] cpuidle: using governor ladder
[    0.260897] cpuidle: using governor menu
[    0.260952] ACPI: bus type PCI registered
[    0.260953] acpiphp: ACPI Hot Plug PCI Controller Driver version: 0.5
[    0.261018] PCI: Using configuration type 1 for base access
[    0.262651] audit: type=2000 audit(1768881229.786:1): state=initialized audit_enabled=0 res=1
[    0.262758] HugeTLB registered 2.00 MiB page size, pre-allocated 0 pages
[    0.263613] ACPI: Added _OSI(Module Device)
[    0.263614] ACPI: Added _OSI(Processor Device)
[    0.263615] ACPI: Added _OSI(3.0 _SCP Extensions)
[    0.263615] ACPI: Added _OSI(Processor Aggregator Device)
[    0.263616] ACPI: Added _OSI(Linux-Dell-Video)
[    0.263617] ACPI: Added _OSI(Linux-Lenovo-NV-HDMI-Audio)
[    0.263618] ACPI: Added _OSI(Linux-HPI-Hybrid-Graphics)
[    0.265586] ACPI: 2 ACPI AML tables successfully acquired and loaded
[    0.267087] ACPI: Interpreter enabled
[    0.267097] ACPI: (supports S0 S5)
[    0.267098] ACPI: Using IOAPIC for interrupt routing
[    0.267300] PCI: Using host bridge windows from ACPI; if necessary, use "pci=nocrs" and report a bug
[    0.267405] ACPI: Enabled 2 GPEs in block 00 to 07
[    0.272238] ACPI: PCI Root Bridge [PCI0] (domain 0000 [bus 00-ff])
[    0.272245] acpi PNP0A03:00: _OSC: OS supports [ASPM ClockPM Segments MSI HPX-Type3]
[    0.272775] acpi PNP0A03:00: _OSC: not requesting OS control; OS requires [ExtendedConfig ASPM ClockPM MSI]
[    0.272784] acpi PNP0A03:00: fail to add MMCONFIG information, can't access extended PCI configuration space under this bridge.
[    0.273351] PCI host bridge to bus 0000:00
[    0.273353] pci_bus 0000:00: root bus resource [io  0x0000-0x0cf7 window]
[    0.273354] pci_bus 0000:00: root bus resource [io  0x0d00-0xffff window]
[    0.273356] pci_bus 0000:00: root bus resource [mem 0x000a0000-0x000bffff window]
[    0.273357] pci_bus 0000:00: root bus resource [mem 0x80000000-0xfdffffff window]
[    0.273358] pci_bus 0000:00: root bus resource [bus 00-ff]
[    0.273403] pci 0000:00:00.0: [8086:1237] type 00 class 0x060000
[    0.274385] pci 0000:00:01.0: [8086:7000] type 00 class 0x060100
[    0.275200] pci 0000:00:01.1: [8086:7111] type 00 class 0x01018a
[    0.275612] pci 0000:00:01.1: reg 0x20: [io  0xd000-0xd00f]
[    0.275776] pci 0000:00:01.1: legacy IDE quirk: reg 0x10: [io  0x01f0-0x01f7]
[    0.275777] pci 0000:00:01.1: legacy IDE quirk: reg 0x14: [io  0x03f6]
[    0.275778] pci 0000:00:01.1: legacy IDE quirk: reg 0x18: [io  0x0170-0x0177]
[    0.275779] pci 0000:00:01.1: legacy IDE quirk: reg 0x1c: [io  0x0376]
[    0.276365] pci 0000:00:02.0: [15ad:0405] type 00 class 0x030000
[    0.278953] pci 0000:00:02.0: reg 0x10: [io  0xd010-0xd01f]
[    0.282887] pci 0000:00:02.0: reg 0x14: [mem 0xe0000000-0xe7ffffff pref]
[    0.285063] pci 0000:00:02.0: reg 0x18: [mem 0xf0000000-0xf01fffff]
[    0.296261] pci 0000:00:03.0: [1022:2000] type 00 class 0x020000
[    0.297171] pci 0000:00:03.0: reg 0x10: [io  0xd020-0xd03f]
[    0.297820] pci 0000:00:03.0: reg 0x14: [mem 0xf0200000-0xf0200fff]
[    0.301542] pci 0000:00:04.0: [80ee:cafe] type 00 class 0x088000
[    0.302280] pci 0000:00:04.0: reg 0x10: [io  0xd040-0xd05f]
[    0.302899] pci 0000:00:04.0: reg 0x14: [mem 0xf0400000-0xf07fffff]
[    0.303530] pci 0000:00:04.0: reg 0x18: [mem 0xf0800000-0xf0803fff pref]
[    0.305678] pci 0000:00:07.0: [8086:7113] type 00 class 0x068000
[    0.309521] pci 0000:00:07.0: quirk: [io  0x4000-0x403f] claimed by PIIX4 ACPI
[    0.309535] pci 0000:00:07.0: quirk: [io  0x4100-0x410f] claimed by PIIX4 SMB
[    0.310176] pci 0000:00:08.0: [8086:100e] type 00 class 0x020000
[    0.310951] pci 0000:00:08.0: reg 0x10: [mem 0xf0820000-0xf083ffff]
[    0.312309] pci 0000:00:08.0: reg 0x18: [io  0xd060-0xd067]
[    0.315911] pci 0000:00:09.0: [8086:100e] type 00 class 0x020000
[    0.316653] pci 0000:00:09.0: reg 0x10: [mem 0xf0840000-0xf085ffff]
[    0.317696] pci 0000:00:09.0: reg 0x18: [io  0xd068-0xd06f]
[    0.329312] ACPI: PCI Interrupt Link [LNKA] (IRQs 5 9 10 *11)
[    0.329591] ACPI: PCI Interrupt Link [LNKB] (IRQs 5 9 *10 11)
[    0.329696] ACPI: PCI Interrupt Link [LNKC] (IRQs 5 *9 10 11)
[    0.329797] ACPI: PCI Interrupt Link [LNKD] (IRQs 5 9 10 *11)
[    0.330069] iommu: Default domain type: Translated 
[    0.330131] pci 0000:00:02.0: vgaarb: setting as boot VGA device
[    0.330132] pci 0000:00:02.0: vgaarb: VGA device added: decodes=io+mem,owns=io+mem,locks=none
[    0.330135] pci 0000:00:02.0: vgaarb: bridge control possible
[    0.330136] vgaarb: loaded
[    0.330351] SCSI subsystem initialized
[    0.330385] libata version 3.00 loaded.
[    0.330411] ACPI: bus type USB registered
[    0.330425] usbcore: registered new interface driver usbfs
[    0.330431] usbcore: registered new interface driver hub
[    0.330435] usbcore: registered new device driver usb
[    0.330467] pps_core: LinuxPPS API ver. 1 registered
[    0.330467] pps_core: Software ver. 5.3.6 - Copyright 2005-2007 Rodolfo Giometti <giometti@linux.it>
[    0.330469] PTP clock support registered
[    0.330504] EDAC MC: Ver: 3.0.0
[    0.330792] PCI: Using ACPI for IRQ routing
[    0.330793] PCI: pci_cache_line_size set to 64 bytes
[    0.330971] e820: reserve RAM buffer [mem 0x0009fc00-0x0009ffff]
[    0.330975] e820: reserve RAM buffer [mem 0x7fff0000-0x7fffffff]
[    0.331097] NetLabel: Initializing
[    0.331097] NetLabel:  domain hash size = 128
[    0.331098] NetLabel:  protocols = UNLABELED CIPSOv4 CALIPSO
[    0.331117] NetLabel:  unlabeled traffic allowed by default
[    0.332704] clocksource: Switched to clocksource kvm-clock
[    0.343393] *** VALIDATE bpf ***
[    0.343450] VFS: Disk quotas dquot_6.6.0
[    0.343462] VFS: Dquot-cache hash table entries: 512 (order 0, 4096 bytes)
[    0.343484] *** VALIDATE ramfs ***
[    0.343487] *** VALIDATE hugetlbfs ***
[    0.343562] AppArmor: AppArmor Filesystem Enabled
[    0.343586] pnp: PnP ACPI init
[    0.343644] pnp 00:00: Plug and Play ACPI device, IDs PNP0303 (active)
[    0.343728] pnp 00:01: Plug and Play ACPI device, IDs PNP0f03 (active)
[    0.344466] pnp: PnP ACPI: found 2 devices
[    0.345439] thermal_sys: Registered thermal governor 'fair_share'
[    0.345439] thermal_sys: Registered thermal governor 'bang_bang'
[    0.345440] thermal_sys: Registered thermal governor 'step_wise'
[    0.345441] thermal_sys: Registered thermal governor 'user_space'
[    0.345441] thermal_sys: Registered thermal governor 'power_allocator'
[    0.349973] clocksource: acpi_pm: mask: 0xffffff max_cycles: 0xffffff, max_idle_ns: 2085701024 ns
[    0.350024] pci_bus 0000:00: resource 4 [io  0x0000-0x0cf7 window]
[    0.350026] pci_bus 0000:00: resource 5 [io  0x0d00-0xffff window]
[    0.350028] pci_bus 0000:00: resource 6 [mem 0x000a0000-0x000bffff window]
[    0.350030] pci_bus 0000:00: resource 7 [mem 0x80000000-0xfdffffff window]
[    0.350090] NET: Registered protocol family 2
[    0.350169] IP idents hash table entries: 32768 (order: 6, 262144 bytes, linear)
[    0.350543] tcp_listen_portaddr_hash hash table entries: 1024 (order: 2, 16384 bytes, linear)
[    0.350626] TCP established hash table entries: 16384 (order: 5, 131072 bytes, linear)
[    0.350689] TCP bind hash table entries: 16384 (order: 6, 262144 bytes, linear)
[    0.350715] TCP: Hash tables configured (established 16384 bind 16384)
[    0.350762] UDP hash table entries: 1024 (order: 3, 32768 bytes, linear)
[    0.350773] UDP-Lite hash table entries: 1024 (order: 3, 32768 bytes, linear)
[    0.350801] NET: Registered protocol family 1
[    0.350808] NET: Registered protocol family 44
[    0.350833] pci 0000:00:00.0: Limiting direct PCI/PCI transfers
[    0.350845] pci 0000:00:01.0: Activating ISA DMA hang workarounds
[    0.350901] pci 0000:00:02.0: Video device with shadowed ROM at [mem 0x000c0000-0x000dffff]
[    0.350960] PCI: CLS 0 bytes, default 64
[    0.351009] Trying to unpack rootfs image as initramfs...
[    0.519229] Freeing initrd memory: 47860K
[    0.519229] clocksource: tsc: mask: 0xffffffffffffffff max_cycles: 0x1e4530a99b6, max_idle_ns: 440795257976 ns
[    0.519229] clocksource: Switched to clocksource tsc
[    0.519229] platform rtc_cmos: registered platform RTC device (no PNP device found)
[    0.519229] check: Scanning for low memory corruption every 60 seconds
[    0.519229] Initialise system trusted keyrings
[    0.519229] Key type blacklist registered
[    0.519229] workingset: timestamp_bits=36 max_order=19 bucket_order=0
[    0.519229] zbud: loaded
[    0.519229] squashfs: version 4.0 (2009/01/31) Phillip Lougher
[    0.519229] fuse: init (API version 7.31)
[    0.519229] *** VALIDATE fuse ***
[    0.519229] *** VALIDATE fuse ***
[    0.519229] Platform Keyring initialized
[    0.535308] Key type asymmetric registered
[    0.535309] Asymmetric key parser 'x509' registered
[    0.535320] Block layer SCSI generic (bsg) driver version 0.4 loaded (major 244)
[    0.535356] io scheduler mq-deadline registered
[    0.535464] shpchp: Standard Hot Plug PCI Controller Driver version: 0.4
[    0.535703] ACPI: AC Adapter [AC] (on-line)
[    0.535749] input: Power Button as /devices/LNXSYSTM:00/LNXPWRBN:00/input/input0
[    0.535778] ACPI: Power Button [PWRF]
[    0.535856] input: Sleep Button as /devices/LNXSYSTM:00/LNXSLPBN:00/input/input1
[    0.535869] ACPI: Sleep Button [SLPF]
[    0.536093] Serial: 8250/16550 driver, 32 ports, IRQ sharing enabled
[    0.537246] Linux agpgart interface v0.103
[    0.631176] loop: module loaded
[    0.631307] ata_piix 0000:00:01.1: version 2.13
[    0.631705] scsi host0: ata_piix
[    0.631789] scsi host1: ata_piix
[    0.631816] ata1: PATA max UDMA/33 cmd 0x1f0 ctl 0x3f6 bmdma 0xd000 irq 14
[    0.631817] ata2: PATA max UDMA/33 cmd 0x170 ctl 0x376 bmdma 0xd008 irq 15
[    0.631893] tun: Universal TUN/TAP device driver, 1.6
[    0.632199] PPP generic driver version 2.4.2
[    0.632242] VFIO - User Level meta-driver version: 0.3
[    0.632478] ehci_hcd: USB 2.0 'Enhanced' Host Controller (EHCI) Driver
[    0.632484] ehci-pci: EHCI PCI platform driver
[    0.632497] ehci-platform: EHCI generic platform driver
[    0.632502] ohci_hcd: USB 1.1 'Open' Host Controller (OHCI) Driver
[    0.632504] ohci-pci: OHCI PCI platform driver
[    0.632509] ohci-platform: OHCI generic platform driver
[    0.632513] uhci_hcd: USB Universal Host Controller Interface driver
[    0.632574] i8042: PNP: PS/2 Controller [PNP0303:PS2K,PNP0f03:PS2M] at 0x60,0x64 irq 1,12
[    0.633020] serio: i8042 KBD port at 0x60,0x64 irq 1
[    0.633024] serio: i8042 AUX port at 0x60,0x64 irq 12
[    0.633109] mousedev: PS/2 mouse device common for all mice
[    0.633356] input: AT Translated Set 2 keyboard as /devices/platform/i8042/serio0/input/input2
[    0.633768] rtc_cmos rtc_cmos: registered as rtc0
[    0.633781] rtc_cmos rtc_cmos: alarms up to one day, 114 bytes nvram
[    0.633786] i2c /dev entries driver
[    0.633832] device-mapper: uevent: version 1.0.3
[    0.633872] device-mapper: ioctl: 4.41.0-ioctl (2019-09-16) initialised: dm-devel@redhat.com
[    0.633890] platform eisa.0: Probing EISA bus 0
[    0.633891] platform eisa.0: EISA: Cannot allocate resource for mainboard
[    0.633892] platform eisa.0: Cannot allocate resource for EISA slot 1
[    0.633893] platform eisa.0: Cannot allocate resource for EISA slot 2
[    0.633894] platform eisa.0: Cannot allocate resource for EISA slot 3
[    0.633895] platform eisa.0: Cannot allocate resource for EISA slot 4
[    0.633896] platform eisa.0: Cannot allocate resource for EISA slot 5
[    0.633897] platform eisa.0: Cannot allocate resource for EISA slot 6
[    0.633898] platform eisa.0: Cannot allocate resource for EISA slot 7
[    0.633899] platform eisa.0: Cannot allocate resource for EISA slot 8
[    0.633900] platform eisa.0: EISA: Detected 0 cards
[    0.633903] intel_pstate: CPU model not supported
[    0.633912] ledtrig-cpu: registered to indicate activity on CPUs
[    0.633959] drop_monitor: Initializing network drop monitor service
[    0.634120] NET: Registered protocol family 10
[    0.639287] Segment Routing with IPv6
[    0.639313] NET: Registered protocol family 17
[    0.639331] Key type dns_resolver registered
[    0.639331] RAS: Correctable Errors collector initialized.
[    0.639331] IPI shorthand broadcast: enabled
[    0.639331] sched_clock: Marking stable (624188049, 11143600)->(638153579, -2821930)
[    0.639514] registered taskstats version 1
[    0.639526] Loading compiled-in X.509 certificates
[    0.640112] Loaded X.509 cert 'Build time autogenerated kernel key: 0a9e52cc6eb58eed9b63e328679db6d5d5216245'
[    0.640129] zswap: loaded using pool lzo/zbud
[    0.640180] Key type ._fscrypt registered
[    0.640181] Key type .fscrypt registered
[    0.644668] Key type big_key registered
[    0.646820] Key type encrypted registered
[    0.646822] AppArmor: AppArmor sha1 policy hashing enabled
[    0.646829] ima: No TPM chip found, activating TPM-bypass!
[    0.646832] ima: Allocated hash algorithm: sha1
[    0.646838] ima: No architecture policies found
[    0.646846] evm: Initialising EVM extended attributes:
[    0.646847] evm: security.selinux
[    0.646847] evm: security.SMACK64
[    0.646848] evm: security.SMACK64EXEC
[    0.646848] evm: security.SMACK64TRANSMUTE
[    0.646849] evm: security.SMACK64MMAP
[    0.646849] evm: security.apparmor
[    0.646849] evm: security.ima
[    0.646850] evm: security.capability
[    0.646851] evm: HMAC attrs: 0x1
[    0.647141] PM:   Magic number: 10:975:883
[    0.647242] rtc_cmos rtc_cmos: setting system clock to 2026-01-20T11:53:44 UTC (1768910024)
[    0.804446] ata1.00: ATA-6: VBOX HARDDISK, 1.0, max UDMA/133
[    0.804449] ata1.00: 209715200 sectors, multi 128: LBA 
[    0.805145] scsi 0:0:0:0: Direct-Access     ATA      VBOX HARDDISK    1.0  PQ: 0 ANSI: 5
[    0.805458] sd 0:0:0:0: [sda] 209715200 512-byte logical blocks: (107 GB/100 GiB)
[    0.805470] sd 0:0:0:0: [sda] Write Protect is off
[    0.805474] sd 0:0:0:0: [sda] Mode Sense: 00 3a 00 00
[    0.805494] sd 0:0:0:0: [sda] Write cache: enabled, read cache: enabled, doesn't support DPO or FUA
[    0.805733] sd 0:0:0:0: Attached scsi generic sg0 type 0
[    0.806491]  sda: sda1 sda2
[    0.815527] sd 0:0:0:0: [sda] Attached SCSI disk
[    0.819499] Freeing unused decrypted memory: 2040K
[    0.820560] Freeing unused kernel image memory: 2720K
[    0.820563] Write protecting the kernel read-only data: 22528k
[    0.821830] Freeing unused kernel image memory: 2036K
[    0.822605] Freeing unused kernel image memory: 1452K
[    0.855377] x86/mm: Checked W+X mappings: passed, no W+X pages found.
[    0.855382] Run /init as init process
[    0.964601] ACPI: Video Device [GFX0] (multi-head: yes  rom: no  post: no)
[    0.964673] input: Video Bus as /devices/LNXSYSTM:00/LNXSYBUS:00/PNP0A03:00/LNXVIDEO:00/input/input4
[    0.977271] pcnet32: pcnet32.c:v1.35 21.Apr.2008 tsbogend@alpha.franken.de
[    0.978148] pcnet32: PCnet/FAST III 79C973 at 0xd020, 08:00:27:87:01:44 assigned IRQ 19
[    0.978193] pcnet32: Found PHY 0022:561b at address 0
[    0.978494] pcnet32: eth0: registered as PCnet/FAST III 79C973
[    0.979274] pcnet32: 1 cards_found
[    0.980587] piix4_smbus 0000:00:07.0: SMBus Host Controller at 0x4100, revision 0
[    0.984194] e1000: Intel(R) PRO/1000 Network Driver - version 7.3.21-k8-NAPI
[    0.984194] e1000: Copyright (c) 1999-2006 Intel Corporation.
[    1.047144] pcnet32 0000:00:03.0 enp0s3: renamed from eth0
[    1.198938] input: ImExPS/2 Generic Explorer Mouse as /devices/platform/i8042/serio1/input/input5
[    1.387416] e1000 0000:00:08.0 eth0: (PCI:33MHz:32-bit) 08:00:27:28:d4:00
[    1.387420] e1000 0000:00:08.0 eth0: Intel(R) PRO/1000 Network Connection
[    1.759479] e1000 0000:00:09.0 eth1: (PCI:33MHz:32-bit) 08:00:27:b1:b7:75
[    1.759482] e1000 0000:00:09.0 eth1: Intel(R) PRO/1000 Network Connection
[    1.760644] e1000 0000:00:09.0 enp0s9: renamed from eth1
[    1.762437] e1000 0000:00:08.0 enp0s8: renamed from eth0
[    1.898538] EXT4-fs (sda2): mounted filesystem with ordered data mode. Opts: (null)
[    1.985838] systemd[1]: Inserted module 'autofs4'
[    1.996990] systemd[1]: systemd 245.4-4ubuntu3 running in system mode. (+PAM +AUDIT +SELINUX +IMA +APPARMOR +SMACK +SYSVINIT +UTMP +LIBCRYPTSETUP +GCRYPT +GNUTLS +ACL +XZ +LZ4 +SECCOMP +BLKID +ELFUTILS +KMOD +IDN2 -IDN +PCRE2 default-hierarchy=hybrid)
[    1.997021] systemd[1]: Detected virtualization oracle.
[    1.997024] systemd[1]: Detected architecture x86-64.
[    1.998374] systemd[1]: Set hostname to <ztg>.
[    2.126021] systemd[1]: /lib/systemd/system/dbus.socket:5: ListenStream= references a path below legacy directory /var/run/, updating /var/run/dbus/system_bus_socket â†’ /run/dbus/system_bus_socket; please update the unit file accordingly.
[    2.178015] systemd[1]: Created slice system-modprobe.slice.
[    2.178220] systemd[1]: Created slice User and Session Slice.
[    2.178264] systemd[1]: Started Forward Password Requests to Wall Directory Watch.
[    2.178426] systemd[1]: Set up automount Arbitrary Executable File Formats File System Automount Point.
[    2.178463] systemd[1]: Reached target User and Group Name Lookups.
[    2.178473] systemd[1]: Reached target Remote File Systems.
[    2.178482] systemd[1]: Reached target Slices.
[    2.178981] systemd[1]: Listening on Syslog Socket.
[    2.179054] systemd[1]: Listening on fsck to fsckd communication Socket.
[    2.179096] systemd[1]: Listening on initctl Compatibility Named Pipe.
[    2.179339] systemd[1]: Listening on Journal Audit Socket.
[    2.179400] systemd[1]: Listening on Journal Socket (/dev/log).
[    2.179476] systemd[1]: Listening on Journal Socket.
[    2.179547] systemd[1]: Listening on udev Control Socket.
[    2.179593] systemd[1]: Listening on udev Kernel Socket.
[    2.180394] systemd[1]: Mounting Huge Pages File System...
[    2.181434] systemd[1]: Mounting POSIX Message Queue File System...
[    2.182408] systemd[1]: Mounting Kernel Debug File System...
[    2.183667] systemd[1]: Mounting Kernel Trace File System...
[    2.209016] systemd[1]: Starting Journal Service...
[    2.211261] systemd[1]: Starting Set the console keyboard layout...
[    2.219380] systemd[1]: Starting Create list of static device nodes for the current kernel...
[    2.224693] systemd[1]: Starting Load Kernel Module drm...
[    2.235615] systemd[1]: Condition check resulted in Set Up Additional Binary Formats being skipped.
[    2.235650] systemd[1]: Condition check resulted in File System Check on Root Device being skipped.
[    2.241256] systemd[1]: Starting Load Kernel Modules...
[    2.247508] systemd[1]: Starting Remount Root and Kernel File Systems...
[    2.252777] systemd[1]: Starting udev Coldplug all Devices...
[    2.280158] systemd[1]: Starting Uncomplicated firewall...
[    2.281490] systemd[1]: Mounted Huge Pages File System.
[    2.281584] systemd[1]: Mounted POSIX Message Queue File System.
[    2.281662] systemd[1]: Mounted Kernel Debug File System.
[    2.281741] systemd[1]: Mounted Kernel Trace File System.
[    2.283459] EXT4-fs (sda2): re-mounted. Opts: errors=remount-ro
[    2.284198] systemd[1]: Finished Create list of static device nodes for the current kernel.
[    2.289782] systemd[1]: modprobe@drm.service: Succeeded.
[    2.295470] systemd[1]: Finished Load Kernel Module drm.
[    2.301995] systemd[1]: Finished Remount Root and Kernel File Systems.
[    2.317477] systemd[1]: Finished Uncomplicated firewall.
[    2.335614] lp: driver loaded but no devices found
[    2.337271] systemd[1]: Condition check resulted in Rebuild Hardware Database being skipped.
[    2.337312] systemd[1]: Condition check resulted in Platform Persistent Storage Archival being skipped.
[    2.338073] systemd[1]: Starting Load/Save Random Seed...
[    2.344138] systemd[1]: Starting Create System Users...
[    2.350075] ppdev: user-space parallel port driver
[    2.357066] systemd[1]: Finished Load/Save Random Seed.
[    2.361215] systemd[1]: Finished Create System Users.
[    2.362008] systemd[1]: Starting Create Static Device Nodes in /dev...
[    2.416802] systemd[1]: Finished udev Coldplug all Devices.
[    2.419693] systemd[1]: Finished Create Static Device Nodes in /dev.
[    2.420574] systemd[1]: Starting udev Kernel Device Manager...
[    2.439935] [drm] DMA map mode: Caching DMA mappings.
[    2.439999] [drm] Capabilities:
[    2.439999] [drm]   Rect copy.
[    2.439999] [drm]   Cursor.
[    2.440000] [drm]   Cursor bypass.
[    2.440000] [drm]   Cursor bypass 2.
[    2.440001] [drm]   Alpha cursor.
[    2.440001] [drm]   Extended Fifo.
[    2.440001] [drm]   Pitchlock.
[    2.440002] [drm]   Irq mask.
[    2.440002] [drm]   GMR.
[    2.440002] [drm]   Traces.
[    2.440003] [drm]   GMR2.
[    2.440003] [drm]   Screen Object 2.
[    2.440003] [drm]   Command Buffers.
[    2.440004] [drm]   Command Buffers 2.
[    2.440004] [drm]   Guest Backed Resources.
[    2.440005] [drm] Max GMR ids is 8192
[    2.440006] [drm] Max number of GMR pages is 1048576
[    2.440006] [drm] Max dedicated hypervisor surface memory is 393216 kiB
[    2.440007] [drm] Maximum display memory size is 131072 kiB
[    2.440007] [drm] VRAM at 0xe0000000 size is 131072 kiB
[    2.440008] [drm] MMIO at 0xf0000000 size is 2048 kiB
[    2.441089] [TTM] Zone  kernel: Available graphics memory: 1011744 KiB
[    2.441090] [TTM] Initializing pool allocator
[    2.441093] [TTM] Initializing DMA pool allocator
[    2.441129] [drm] Supports vblank timestamp caching Rev 2 (21.10.2013).
[    2.441158] [drm] No driver support for vblank timestamp query.
[    2.441501] [drm] Screen Target Display device initialized
[    2.441693] [drm] width 720
[    2.441703] [drm] height 400
[    2.441707] [drm] bpp 32
[    2.442200] [drm] Fifo max 0x00200000 min 0x00001000 cap 0x00000355
[    2.443339] [drm] Using command buffers with DMA pool.
[    2.444001] [drm] DX: no.
[    2.444002] [drm] Atomic: yes.
[    2.444002] [drm] SM4_1: no.
[    2.444157] [drm:vmw_host_log [vmwgfx]] *ERROR* Failed to send host log message.
[    2.445629] [drm:vmw_host_log [vmwgfx]] *ERROR* Failed to send host log message.
[    2.479099] fbcon: svgadrmfb (fb0) is primary device
[    2.482001] Console: switching to colour frame buffer device 100x37
[    2.486293] [drm] Initialized vmwgfx 2.15.0 20180704 for 0000:00:02.0 on minor 0
[    2.488074] systemd[1]: Finished Load Kernel Modules.
[    2.489025] systemd[1]: Mounting FUSE Control File System...
[    2.490018] systemd[1]: Mounting Kernel Configuration File System...
[    2.490938] systemd[1]: Starting Apply Kernel Variables...
[    2.511104] systemd[1]: Finished Set the console keyboard layout.
[    2.511834] systemd[1]: Mounted FUSE Control File System.
[    2.511915] systemd[1]: Reached target Local File Systems (Pre).
[    2.511935] systemd[1]: Condition check resulted in VMware vmblock fuse mount being skipped.
[    2.517537] systemd[1]: Mounting Mount unit for bare, revision 5...
[    2.542909] systemd[1]: Mounting Mount unit for core18, revision 1705...
[    2.555410] systemd[1]: Mounting Mount unit for gnome-3-34-1804, revision 24...
[    2.560919] systemd[1]: Mounting Mount unit for gtk-common-themes, revision 1506...
[    2.564292] systemd[1]: Mounting Mount unit for gtk-common-themes, revision 1535...
[    2.574192] systemd[1]: Mounting Mount unit for snap-store, revision 433...
[    2.606910] systemd[1]: Mounting Mount unit for snapd, revision 7264...
[    2.611284] systemd[1]: Mounted Kernel Configuration File System.
[    2.621289] systemd[1]: Finished Apply Kernel Variables.
[    2.621490] systemd[1]: Mounted Mount unit for bare, revision 5.
[    2.621602] systemd[1]: Mounted Mount unit for core18, revision 1705.
[    2.621687] systemd[1]: Mounted Mount unit for gnome-3-34-1804, revision 24.
[    2.646414] systemd[1]: Mounted Mount unit for gtk-common-themes, revision 1506.
[    2.646509] systemd[1]: Mounted Mount unit for gtk-common-themes, revision 1535.
[    2.648361] systemd[1]: Started udev Kernel Device Manager.
[    2.649127] systemd[1]: Starting Show Plymouth Boot Screen...
[    2.669900] systemd[1]: Received SIGRTMIN+20 from PID 274 (plymouthd).
[    2.690317] systemd[1]: Started Show Plymouth Boot Screen.
[    2.690476] systemd[1]: Condition check resulted in Dispatch Password Requests to Console Directory Watch being skipped.
[    2.690563] systemd[1]: Started Forward Password Requests to Plymouth Directory Watch.
[    2.690599] systemd[1]: Reached target Local Encrypted Volumes.
[    2.708439] systemd[1]: Mounted Mount unit for snap-store, revision 433.
[    2.708683] systemd[1]: Mounted Mount unit for snapd, revision 7264.
[    2.708851] systemd[1]: Reached target Local File Systems.
[    2.709662] systemd[1]: Starting Load AppArmor profiles...
[    2.723268] systemd[1]: Starting Set console font and keymap...
[    2.732787] systemd[1]: Starting Tell Plymouth To Write Out Runtime Data...
[    2.738590] systemd[1]: Condition check resulted in Store a System Token in an EFI Variable being skipped.
[    2.738621] systemd[1]: Condition check resulted in Commit a transient machine-id on disk being skipped.
[    2.739515] systemd[1]: Finished Set console font and keymap.
[    2.762388] systemd[1]: Received SIGRTMIN+20 from PID 274 (plymouthd).
[    2.762984] systemd[1]: plymouth-read-write.service: Succeeded.
[    2.763217] systemd[1]: Finished Tell Plymouth To Write Out Runtime Data.
[    2.778490] audit: type=1400 audit(1768910026.624:2): apparmor="STATUS" operation="profile_load" profile="unconfined" name="nvidia_modprobe" pid=298 comm="apparmor_parser"
[    2.778492] audit: type=1400 audit(1768910026.624:3): apparmor="STATUS" operation="profile_load" profile="unconfined" name="nvidia_modprobe//kmod" pid=298 comm="apparmor_parser"
[    2.784857] audit: type=1400 audit(1768910026.636:4): apparmor="STATUS" operation="profile_load" profile="unconfined" name="/usr/sbin/tcpdump" pid=299 comm="apparmor_parser"
[    2.836089] audit: type=1400 audit(1768910026.672:5): apparmor="STATUS" operation="profile_load" profile="unconfined" name="/usr/bin/evince" pid=301 comm="apparmor_parser"
[    2.836092] audit: type=1400 audit(1768910026.672:6): apparmor="STATUS" operation="profile_load" profile="unconfined" name="/usr/bin/evince//sanitized_helper" pid=301 comm="apparmor_parser"
[    2.836095] audit: type=1400 audit(1768910026.672:7): apparmor="STATUS" operation="profile_load" profile="unconfined" name="/usr/bin/evince-previewer" pid=301 comm="apparmor_parser"
[    2.836100] audit: type=1400 audit(1768910026.672:8): apparmor="STATUS" operation="profile_load" profile="unconfined" name="/usr/bin/evince-previewer//sanitized_helper" pid=301 comm="apparmor_parser"
[    2.836103] audit: type=1400 audit(1768910026.672:9): apparmor="STATUS" operation="profile_load" profile="unconfined" name="/usr/bin/evince-thumbnailer" pid=301 comm="apparmor_parser"
[    2.868069] audit: type=1400 audit(1768910026.716:10): apparmor="STATUS" operation="profile_load" profile="unconfined" name="/usr/lib/cups/backend/cups-pdf" pid=302 comm="apparmor_parser"
[    2.976226] systemd[1]: Finished Load AppArmor profiles.
[    2.977742] systemd[1]: Starting Load AppArmor profiles managed internally by snapd...
[    3.085561] systemd[1]: Finished Load AppArmor profiles managed internally by snapd.
[    3.321484] systemd[1]: Started Journal Service.
[    3.331383] systemd-journald[228]: Received client request to flush runtime journal.
[    3.335596] systemd-journald[228]: File /var/log/journal/c455b248004a419c87ce85eea238d727/system.journal corrupted or uncleanly shut down, renaming and replacing.
[    4.667331] RAPL PMU: API unit is 2^-32 Joules, 0 fixed counters, 10737418240 ms ovfl timer
[    4.744530] cryptd: max_cpu_qlen set to 1000
[    4.789850] AVX2 version of gcm_enc/dec engaged.
[    4.789851] AES CTR mode by8 optimization enabled
[    5.562234] Adding 1998844k swap on /dev/sda1.  Priority:-2 extents:1 across:1998844k FS
[    6.824078] kauditd_printk_skb: 30 callbacks suppressed
[    6.824080] audit: type=1400 audit(1768910030.672:41): apparmor="DENIED" operation="capable" profile="/usr/sbin/cups-browsed" pid=495 comm="cups-browsed" capability=23  capname="sys_nice"
[    7.680517] pcnet32 0000:00:03.0 enp0s3: link up, 100Mbps, full-duplex
[    7.716157] e1000: enp0s8 NIC Link is Up 1000 Mbps Full Duplex, Flow Control: RX
[    7.716457] IPv6: ADDRCONF(NETDEV_CHANGE): enp0s8: link becomes ready
[    7.727672] e1000: enp0s9 NIC Link is Up 1000 Mbps Full Duplex, Flow Control: RX
[    7.727962] IPv6: ADDRCONF(NETDEV_CHANGE): enp0s9: link becomes ready
[    8.291709] device enp0s3 entered promiscuous mode
[    8.320299] audit: type=1400 audit(1768910032.172:42): apparmor="DENIED" operation="open" profile="/usr/sbin/tcpdump" name="/proc/sys/kernel/random/boot_id" pid=681 comm="tcpdump" requested_mask="r" denied_mask="r" fsuid=0 ouid=0
[    8.320715] audit: type=1400 audit(1768910032.172:43): apparmor="DENIED" operation="open" profile="/usr/sbin/tcpdump" name="/proc/sys/kernel/random/boot_id" pid=681 comm="tcpdump" requested_mask="r" denied_mask="r" fsuid=0 ouid=0
[    8.320757] audit: type=1400 audit(1768910032.172:44): apparmor="DENIED" operation="open" profile="/usr/sbin/tcpdump" name="/proc/sys/kernel/random/boot_id" pid=681 comm="tcpdump" requested_mask="r" denied_mask="r" fsuid=0 ouid=0
[    8.321059] audit: type=1400 audit(1768910032.172:45): apparmor="DENIED" operation="open" profile="/usr/sbin/tcpdump" name="/proc/sys/kernel/random/boot_id" pid=681 comm="tcpdump" requested_mask="r" denied_mask="r" fsuid=0 ouid=0
[    8.324122] audit: type=1400 audit(1768910032.172:46): apparmor="DENIED" operation="open" profile="/usr/sbin/tcpdump" name="/proc/sys/kernel/random/boot_id" pid=682 comm="tcpdump" requested_mask="r" denied_mask="r" fsuid=0 ouid=0
[    8.324283] audit: type=1400 audit(1768910032.172:47): apparmor="DENIED" operation="open" profile="/usr/sbin/tcpdump" name="/proc/sys/kernel/random/boot_id" pid=682 comm="tcpdump" requested_mask="r" denied_mask="r" fsuid=0 ouid=0
[    8.324355] audit: type=1400 audit(1768910032.172:48): apparmor="DENIED" operation="open" profile="/usr/sbin/tcpdump" name="/proc/sys/kernel/random/boot_id" pid=682 comm="tcpdump" requested_mask="r" denied_mask="r" fsuid=0 ouid=0
[    8.324443] audit: type=1400 audit(1768910032.172:49): apparmor="DENIED" operation="open" profile="/usr/sbin/tcpdump" name="/proc/sys/kernel/random/boot_id" pid=682 comm="tcpdump" requested_mask="r" denied_mask="r" fsuid=0 ouid=0
[   12.658850] rfkill: input handler disabled
[  479.819125] rfkill: input handler enabled
[  488.659210] rfkill: input handler disabled
[  674.146880] device enp0s3 left promiscuous mode
