[    0.000000] Linux version 5.4.243-tcp (root@ztg) (gcc version 12.2.0 (Debian 12.2.0-14)) #1 SMP Fri Apr 12 08:27:09 CST 2024
[    0.000000] Command line: BOOT_IMAGE=/boot/vmlinuz-5.4.243-tcp root=UUID=98415a12-53b7-4144-8265-0f7ece09e445 ro quiet splash
[    0.000000] KERNEL supported cpus:
[    0.000000]   Intel GenuineIntel
[    0.000000]   AMD AuthenticAMD
[    0.000000]   Hygon HygonGenuine
[    0.000000]   Centaur CentaurHauls
[    0.000000]   zhaoxin   Shanghai  
[    0.000000] x86/fpu: Supporting XSAVE feature 0x001: 'x87 floating point registers'
[    0.000000] x86/fpu: Supporting XSAVE feature 0x002: 'SSE registers'
[    0.000000] x86/fpu: Supporting XSAVE feature 0x004: 'AVX registers'
[    0.000000] x86/fpu: xstate_offset[2]:  576, xstate_sizes[2]:  256
[    0.000000] x86/fpu: Enabled xstate features 0x7, context size is 832 bytes, using 'standard' format.
[    0.000000] BIOS-provided physical RAM map:
[    0.000000] BIOS-e820: [mem 0x0000000000000000-0x000000000009fbff] usable
[    0.000000] BIOS-e820: [mem 0x000000000009fc00-0x000000000009ffff] reserved
[    0.000000] BIOS-e820: [mem 0x00000000000f0000-0x00000000000fffff] reserved
[    0.000000] BIOS-e820: [mem 0x0000000000100000-0x000000007ffeffff] usable
[    0.000000] BIOS-e820: [mem 0x000000007fff0000-0x000000007fffffff] ACPI data
[    0.000000] BIOS-e820: [mem 0x00000000fec00000-0x00000000fec00fff] reserved
[    0.000000] BIOS-e820: [mem 0x00000000fee00000-0x00000000fee00fff] reserved
[    0.000000] BIOS-e820: [mem 0x00000000fffc0000-0x00000000ffffffff] reserved
[    0.000000] NX (Execute Disable) protection: active
[    0.000000] SMBIOS 2.5 present.
[    0.000000] DMI: innotek GmbH VirtualBox/VirtualBox, BIOS VirtualBox 12/01/2006
[    0.000000] Hypervisor detected: KVM
[    0.000000] kvm-clock: Using msrs 4b564d01 and 4b564d00
[    0.000000] kvm-clock: cpu 0, msr 12a01001, primary cpu clock
[    0.000000] kvm-clock: using sched offset of 4492973769 cycles
[    0.000003] clocksource: kvm-clock: mask: 0xffffffffffffffff max_cycles: 0x1cd42e4dffb, max_idle_ns: 881590591483 ns
[    0.000005] tsc: Detected 2100.000 MHz processor
[    0.001912] e820: update [mem 0x00000000-0x00000fff] usable ==> reserved
[    0.001914] e820: remove [mem 0x000a0000-0x000fffff] usable
[    0.001918] last_pfn = 0x7fff0 max_arch_pfn = 0x400000000
[    0.001988] MTRR default type: uncachable
[    0.001988] MTRR fixed ranges enabled:
[    0.001990]   00000-9FFFF write-back
[    0.001990]   A0000-BFFFF uncachable
[    0.001991]   C0000-FFFFF write-protect
[    0.001992] MTRR variable ranges enabled:
[    0.001993]   0 base 000000000000 mask 3FFF80000000 write-back
[    0.001994]   1 disabled
[    0.001994]   2 disabled
[    0.001995]   3 disabled
[    0.001995]   4 disabled
[    0.001996]   5 disabled
[    0.001996]   6 disabled
[    0.001997]   7 disabled
[    0.001997]   8 disabled
[    0.001997]   9 disabled
[    0.001998]   10 disabled
[    0.001998]   11 disabled
[    0.001999]   12 disabled
[    0.001999]   13 disabled
[    0.002000]   14 disabled
[    0.002000]   15 disabled
[    0.002017] x86/PAT: Configuration [0-7]: WB  WC  UC- UC  WB  WP  UC- WT  
[    0.002153] found SMP MP-table at [mem 0x0009fff0-0x0009ffff]
[    0.094791] check: Scanning 1 areas for low memory corruption
[    0.095040] RAMDISK: [mem 0x32275000-0x35131fff]
[    0.095048] ACPI: Early table checksum verification disabled
[    0.095053] ACPI: RSDP 0x00000000000E0000 000024 (v02 VBOX  )
[    0.095058] ACPI: XSDT 0x000000007FFF0030 00003C (v01 VBOX   VBOXXSDT 00000001 ASL  00000061)
[    0.095064] ACPI: FACP 0x000000007FFF00F0 0000F4 (v04 VBOX   VBOXFACP 00000001 ASL  00000061)
[    0.095070] ACPI: DSDT 0x000000007FFF02E0 002353 (v02 VBOX   VBOXBIOS 00000002 VBOX 00029BF3)
[    0.095074] ACPI: FACS 0x000000007FFF0200 000040
[    0.095078] ACPI: FACS 0x000000007FFF0200 000040
[    0.095081] ACPI: APIC 0x000000007FFF0240 000054 (v02 VBOX   VBOXAPIC 00000001 ASL  00000061)
[    0.095084] ACPI: SSDT 0x000000007FFF02A0 000038 (v01 VBOX   VBOXCPUT 00000002 VBOX 00029BF3)
[    0.095088] ACPI: Reserving FACP table memory at [mem 0x7fff00f0-0x7fff01e3]
[    0.095088] ACPI: Reserving DSDT table memory at [mem 0x7fff02e0-0x7fff2632]
[    0.095089] ACPI: Reserving FACS table memory at [mem 0x7fff0200-0x7fff023f]
[    0.095090] ACPI: Reserving FACS table memory at [mem 0x7fff0200-0x7fff023f]
[    0.095090] ACPI: Reserving APIC table memory at [mem 0x7fff0240-0x7fff0293]
[    0.095091] ACPI: Reserving SSDT table memory at [mem 0x7fff02a0-0x7fff02d7]
[    0.095104] ACPI: Local APIC address 0xfee00000
[    0.095315] No NUMA configuration found
[    0.095317] Faking a node at [mem 0x0000000000000000-0x000000007ffeffff]
[    0.095327] NODE_DATA(0) allocated [mem 0x7ffc5000-0x7ffeffff]
[    0.095609] Zone ranges:
[    0.095610]   DMA      [mem 0x0000000000001000-0x0000000000ffffff]
[    0.095611]   DMA32    [mem 0x0000000001000000-0x000000007ffeffff]
[    0.095612]   Normal   empty
[    0.095612]   Device   empty
[    0.095613] Movable zone start for each node
[    0.095615] Early memory node ranges
[    0.095616]   node   0: [mem 0x0000000000001000-0x000000000009efff]
[    0.095617]   node   0: [mem 0x0000000000100000-0x000000007ffeffff]
[    0.095621] Zeroed struct page in unavailable ranges: 114 pages
[    0.095622] Initmem setup node 0 [mem 0x0000000000001000-0x000000007ffeffff]
[    0.095623] On node 0 totalpages: 524174
[    0.095624]   DMA zone: 64 pages used for memmap
[    0.095624]   DMA zone: 21 pages reserved
[    0.095625]   DMA zone: 3998 pages, LIFO batch:0
[    0.095701]   DMA32 zone: 8128 pages used for memmap
[    0.095702]   DMA32 zone: 520176 pages, LIFO batch:63
[    0.105265] ACPI: PM-Timer IO Port: 0x4008
[    0.105268] ACPI: Local APIC address 0xfee00000
[    0.105334] IOAPIC[0]: apic_id 1, version 32, address 0xfec00000, GSI 0-23
[    0.105337] ACPI: INT_SRC_OVR (bus 0 bus_irq 0 global_irq 2 dfl dfl)
[    0.105339] ACPI: INT_SRC_OVR (bus 0 bus_irq 9 global_irq 9 low level)
[    0.105341] ACPI: IRQ0 used by override.
[    0.105342] ACPI: IRQ9 used by override.
[    0.105344] Using ACPI (MADT) for SMP configuration information
[    0.105351] smpboot: Allowing 1 CPUs, 0 hotplug CPUs
[    0.105372] PM: Registered nosave memory: [mem 0x00000000-0x00000fff]
[    0.105374] PM: Registered nosave memory: [mem 0x0009f000-0x0009ffff]
[    0.105374] PM: Registered nosave memory: [mem 0x000a0000-0x000effff]
[    0.105375] PM: Registered nosave memory: [mem 0x000f0000-0x000fffff]
[    0.105376] [mem 0x80000000-0xfebfffff] available for PCI devices
[    0.105377] Booting paravirtualized kernel on KVM
[    0.105380] clocksource: refined-jiffies: mask: 0xffffffff max_cycles: 0xffffffff, max_idle_ns: 7645519600211568 ns
[    0.105384] setup_percpu: NR_CPUS:8192 nr_cpumask_bits:1 nr_cpu_ids:1 nr_node_ids:1
[    0.106264] percpu: Embedded 60 pages/cpu s208896 r8192 d28672 u2097152
[    0.106268] pcpu-alloc: s208896 r8192 d28672 u2097152 alloc=1*2097152
[    0.106269] pcpu-alloc: [0] 0 
[    0.106296] Built 1 zonelists, mobility grouping on.  Total pages: 515961
[    0.106297] Policy zone: DMA32
[    0.106298] Kernel command line: BOOT_IMAGE=/boot/vmlinuz-5.4.243-tcp root=UUID=98415a12-53b7-4144-8265-0f7ece09e445 ro quiet splash
[    0.107127] Dentry cache hash table entries: 262144 (order: 9, 2097152 bytes, linear)
[    0.107394] Inode-cache hash table entries: 131072 (order: 8, 1048576 bytes, linear)
[    0.107445] mem auto-init: stack:off, heap alloc:on, heap free:off
[    0.107447] Calgary: detecting Calgary via BIOS EBDA area
[    0.107448] Calgary: Unable to locate Rio Grande table in EBDA - bailing!
[    0.112812] Memory: 1967340K/2096696K available (14339K kernel code, 2392K rwdata, 4692K rodata, 2720K init, 17272K bss, 129356K reserved, 0K cma-reserved)
[    0.113735] SLUB: HWalign=64, Order=0-3, MinObjects=0, CPUs=1, Nodes=1
[    0.113750] ftrace: allocating 42894 entries in 168 pages
[    0.131501] rcu: Hierarchical RCU implementation.
[    0.131502] rcu: 	RCU restricting CPUs from NR_CPUS=8192 to nr_cpu_ids=1.
[    0.131503] 	Tasks RCU enabled.
[    0.131504] rcu: RCU calculated value of scheduler-enlistment delay is 25 jiffies.
[    0.131505] rcu: Adjusting geometry for rcu_fanout_leaf=16, nr_cpu_ids=1
[    0.134462] NR_IRQS: 524544, nr_irqs: 256, preallocated irqs: 16
[    0.134673] random: crng init done
[    0.143959] Console: colour VGA+ 80x25
[    0.143962] printk: console [tty0] enabled
[    0.143980] ACPI: Core revision 20190816
[    0.144071] APIC: Switch to symmetric I/O mode setup
[    0.144319] x2apic enabled
[    0.144556] Switched APIC routing to physical x2apic.
[    0.145676] ..TIMER: vector=0x30 apic1=0 pin1=2 apic2=-1 pin2=-1
[    0.145700] clocksource: tsc-early: mask: 0xffffffffffffffff max_cycles: 0x1e4530a99b6, max_idle_ns: 440795257976 ns
[    0.145705] Calibrating delay loop (skipped) preset value.. 4200.00 BogoMIPS (lpj=8400000)
[    0.145707] pid_max: default: 32768 minimum: 301
[    0.145735] LSM: Security Framework initializing
[    0.145744] Yama: becoming mindful.
[    0.145766] AppArmor: AppArmor initialized
[    0.145800] Mount-cache hash table entries: 4096 (order: 3, 32768 bytes, linear)
[    0.145804] Mountpoint-cache hash table entries: 4096 (order: 3, 32768 bytes, linear)
[    0.145814] *** VALIDATE tmpfs ***
[    0.145942] *** VALIDATE proc ***
[    0.145983] *** VALIDATE cgroup1 ***
[    0.145984] *** VALIDATE cgroup2 ***
[    0.146124] process: using mwait in idle threads
[    0.146128] Last level iTLB entries: 4KB 64, 2MB 8, 4MB 8
[    0.146129] Last level dTLB entries: 4KB 64, 2MB 0, 4MB 0, 1GB 4
[    0.146149] Spectre V1 : Mitigation: usercopy/swapgs barriers and __user pointer sanitization
[    0.146154] Spectre V2 : Mitigation: Retpolines
[    0.146155] Spectre V2 : Spectre v2 / SpectreRSB mitigation: Filling RSB on context switch
[    0.146155] Spectre V2 : Spectre v2 / SpectreRSB : Filling RSB on VMEXIT
[    0.146156] RETBleed: WARNING: Spectre v2 mitigation leaves CPU vulnerable to RETBleed attacks, data leaks possible!
[    0.146504] RETBleed: Vulnerable
[    0.146504] Speculative Store Bypass: Vulnerable
[    0.146509] TAA: Mitigation: TSX disabled
[    0.146509] MMIO Stale Data: Mitigation: Clear CPU buffers
[    0.150670] Freeing SMP alternatives memory: 40K
[    0.263095] smpboot: CPU0: Intel(R) Xeon(R) Silver 4216 CPU @ 2.10GHz (family: 0x6, model: 0x55, stepping: 0x7)
[    0.263195] Performance Events: unsupported p6 CPU model 85 no PMU driver, software events only.
[    0.263231] rcu: Hierarchical SRCU implementation.
[    0.263688] NMI watchdog: Perf NMI watchdog permanently disabled
[    0.263722] smp: Bringing up secondary CPUs ...
[    0.263723] smp: Brought up 1 node, 1 CPU
[    0.263724] smpboot: Max logical packages: 1
[    0.263725] smpboot: Total of 1 processors activated (4200.00 BogoMIPS)
[    0.264661] devtmpfs: initialized
[    0.264704] x86/mm: Memory block size: 128MB
[    0.265025] clocksource: jiffies: mask: 0xffffffff max_cycles: 0xffffffff, max_idle_ns: 7645041785100000 ns
[    0.265030] futex hash table entries: 256 (order: 2, 16384 bytes, linear)
[    0.265069] pinctrl core: initialized pinctrl subsystem
[    0.265174] PM: RTC time: 11:53:55, date: 2026-01-20
[    0.265272] NET: Registered protocol family 16
[    0.265343] audit: initializing netlink subsys (disabled)
[    0.265461] EISA bus registered
[    0.265462] cpuidle: using governor ladder
[    0.265463] cpuidle: using governor menu
[    0.265498] ACPI: bus type PCI registered
[    0.265499] acpiphp: ACPI Hot Plug PCI Controller Driver version: 0.5
[    0.265603] PCI: Using configuration type 1 for base access
[    0.265990] audit: type=2000 audit(1768881242.136:1): state=initialized audit_enabled=0 res=1
[    0.266077] HugeTLB registered 2.00 MiB page size, pre-allocated 0 pages
[    0.266964] ACPI: Added _OSI(Module Device)
[    0.266965] ACPI: Added _OSI(Processor Device)
[    0.266965] ACPI: Added _OSI(3.0 _SCP Extensions)
[    0.266966] ACPI: Added _OSI(Processor Aggregator Device)
[    0.266967] ACPI: Added _OSI(Linux-Dell-Video)
[    0.266968] ACPI: Added _OSI(Linux-Lenovo-NV-HDMI-Audio)
[    0.266968] ACPI: Added _OSI(Linux-HPI-Hybrid-Graphics)
[    0.269203] ACPI: 2 ACPI AML tables successfully acquired and loaded
[    0.270832] ACPI: Interpreter enabled
[    0.270841] ACPI: (supports S0 S5)
[    0.270842] ACPI: Using IOAPIC for interrupt routing
[    0.271049] PCI: Using host bridge windows from ACPI; if necessary, use "pci=nocrs" and report a bug
[    0.271171] ACPI: Enabled 2 GPEs in block 00 to 07
[    0.276252] ACPI: PCI Root Bridge [PCI0] (domain 0000 [bus 00-ff])
[    0.276256] acpi PNP0A03:00: _OSC: OS supports [ASPM ClockPM Segments MSI HPX-Type3]
[    0.276695] acpi PNP0A03:00: _OSC: not requesting OS control; OS requires [ExtendedConfig ASPM ClockPM MSI]
[    0.276703] acpi PNP0A03:00: fail to add MMCONFIG information, can't access extended PCI configuration space under this bridge.
[    0.277074] PCI host bridge to bus 0000:00
[    0.277076] pci_bus 0000:00: root bus resource [io  0x0000-0x0cf7 window]
[    0.277078] pci_bus 0000:00: root bus resource [io  0x0d00-0xffff window]
[    0.277079] pci_bus 0000:00: root bus resource [mem 0x000a0000-0x000bffff window]
[    0.277080] pci_bus 0000:00: root bus resource [mem 0x80000000-0xfdffffff window]
[    0.277081] pci_bus 0000:00: root bus resource [bus 00-ff]
[    0.277126] pci 0000:00:00.0: [8086:1237] type 00 class 0x060000
[    0.278119] pci 0000:00:01.0: [8086:7000] type 00 class 0x060100
[    0.278901] pci 0000:00:01.1: [8086:7111] type 00 class 0x01018a
[    0.279282] pci 0000:00:01.1: reg 0x20: [io  0xd000-0xd00f]
[    0.279438] pci 0000:00:01.1: legacy IDE quirk: reg 0x10: [io  0x01f0-0x01f7]
[    0.279439] pci 0000:00:01.1: legacy IDE quirk: reg 0x14: [io  0x03f6]
[    0.279440] pci 0000:00:01.1: legacy IDE quirk: reg 0x18: [io  0x0170-0x0177]
[    0.279441] pci 0000:00:01.1: legacy IDE quirk: reg 0x1c: [io  0x0376]
[    0.279980] pci 0000:00:02.0: [15ad:0405] type 00 class 0x030000
[    0.281789] pci 0000:00:02.0: reg 0x10: [io  0xd010-0xd01f]
[    0.285748] pci 0000:00:02.0: reg 0x14: [mem 0xe0000000-0xe7ffffff pref]
[    0.289746] pci 0000:00:02.0: reg 0x18: [mem 0xf0000000-0xf01fffff]
[    0.300986] pci 0000:00:03.0: [1022:2000] type 00 class 0x020000
[    0.301779] pci 0000:00:03.0: reg 0x10: [io  0xd020-0xd03f]
[    0.302408] pci 0000:00:03.0: reg 0x14: [mem 0xf0200000-0xf0200fff]
[    0.306139] pci 0000:00:04.0: [80ee:cafe] type 00 class 0x088000
[    0.306827] pci 0000:00:04.0: reg 0x10: [io  0xd040-0xd05f]
[    0.307443] pci 0000:00:04.0: reg 0x14: [mem 0xf0400000-0xf07fffff]
[    0.308056] pci 0000:00:04.0: reg 0x18: [mem 0xf0800000-0xf0803fff pref]
[    0.311630] pci 0000:00:07.0: [8086:7113] type 00 class 0x068000
[    0.312066] pci 0000:00:07.0: quirk: [io  0x4000-0x403f] claimed by PIIX4 ACPI
[    0.312078] pci 0000:00:07.0: quirk: [io  0x4100-0x410f] claimed by PIIX4 SMB
[    0.312696] pci 0000:00:08.0: [8086:100e] type 00 class 0x020000
[    0.313439] pci 0000:00:08.0: reg 0x10: [mem 0xf0820000-0xf083ffff]
[    0.314385] pci 0000:00:08.0: reg 0x18: [io  0xd060-0xd067]
[    0.318478] pci 0000:00:09.0: [8086:100e] type 00 class 0x020000
[    0.319185] pci 0000:00:09.0: reg 0x10: [mem 0xf0840000-0xf085ffff]
[    0.320371] pci 0000:00:09.0: reg 0x18: [io  0xd068-0xd06f]
[    0.330612] ACPI: PCI Interrupt Link [LNKA] (IRQs 5 9 10 *11)
[    0.330902] ACPI: PCI Interrupt Link [LNKB] (IRQs 5 9 *10 11)
[    0.331010] ACPI: PCI Interrupt Link [LNKC] (IRQs 5 *9 10 11)
[    0.331110] ACPI: PCI Interrupt Link [LNKD] (IRQs 5 9 10 *11)
[    0.331378] iommu: Default domain type: Translated 
[    0.331435] pci 0000:00:02.0: vgaarb: setting as boot VGA device
[    0.331437] pci 0000:00:02.0: vgaarb: VGA device added: decodes=io+mem,owns=io+mem,locks=none
[    0.331439] pci 0000:00:02.0: vgaarb: bridge control possible
[    0.331440] vgaarb: loaded
[    0.331657] SCSI subsystem initialized
[    0.331689] libata version 3.00 loaded.
[    0.331715] ACPI: bus type USB registered
[    0.331729] usbcore: registered new interface driver usbfs
[    0.331735] usbcore: registered new interface driver hub
[    0.331739] usbcore: registered new device driver usb
[    0.331772] pps_core: LinuxPPS API ver. 1 registered
[    0.331772] pps_core: Software ver. 5.3.6 - Copyright 2005-2007 Rodolfo Giometti <giometti@linux.it>
[    0.331774] PTP clock support registered
[    0.331810] EDAC MC: Ver: 3.0.0
[    0.332101] PCI: Using ACPI for IRQ routing
[    0.332102] PCI: pci_cache_line_size set to 64 bytes
[    0.332280] e820: reserve RAM buffer [mem 0x0009fc00-0x0009ffff]
[    0.332284] e820: reserve RAM buffer [mem 0x7fff0000-0x7fffffff]
[    0.332406] NetLabel: Initializing
[    0.332406] NetLabel:  domain hash size = 128
[    0.332407] NetLabel:  protocols = UNLABELED CIPSOv4 CALIPSO
[    0.332426] NetLabel:  unlabeled traffic allowed by default
[    0.334192] clocksource: Switched to clocksource kvm-clock
[    0.347849] *** VALIDATE bpf ***
[    0.347908] VFS: Disk quotas dquot_6.6.0
[    0.347919] VFS: Dquot-cache hash table entries: 512 (order 0, 4096 bytes)
[    0.347942] *** VALIDATE ramfs ***
[    0.347945] *** VALIDATE hugetlbfs ***
[    0.348020] AppArmor: AppArmor Filesystem Enabled
[    0.348045] pnp: PnP ACPI init
[    0.348104] pnp 00:00: Plug and Play ACPI device, IDs PNP0303 (active)
[    0.348185] pnp 00:01: Plug and Play ACPI device, IDs PNP0f03 (active)
[    0.348966] pnp: PnP ACPI: found 2 devices
[    0.349931] thermal_sys: Registered thermal governor 'fair_share'
[    0.349932] thermal_sys: Registered thermal governor 'bang_bang'
[    0.349932] thermal_sys: Registered thermal governor 'step_wise'
[    0.349933] thermal_sys: Registered thermal governor 'user_space'
[    0.349933] thermal_sys: Registered thermal governor 'power_allocator'
[    0.354484] clocksource: acpi_pm: mask: 0xffffff max_cycles: 0xffffff, max_idle_ns: 2085701024 ns
[    0.354524] pci_bus 0000:00: resource 4 [io  0x0000-0x0cf7 window]
[    0.354526] pci_bus 0000:00: resource 5 [io  0x0d00-0xffff window]
[    0.354527] pci_bus 0000:00: resource 6 [mem 0x000a0000-0x000bffff window]
[    0.354528] pci_bus 0000:00: resource 7 [mem 0x80000000-0xfdffffff window]
[    0.354584] NET: Registered protocol family 2
[    0.354650] IP idents hash table entries: 32768 (order: 6, 262144 bytes, linear)
[    0.355029] tcp_listen_portaddr_hash hash table entries: 1024 (order: 2, 16384 bytes, linear)
[    0.355095] TCP established hash table entries: 16384 (order: 5, 131072 bytes, linear)
[    0.355151] TCP bind hash table entries: 16384 (order: 6, 262144 bytes, linear)
[    0.355176] TCP: Hash tables configured (established 16384 bind 16384)
[    0.355214] UDP hash table entries: 1024 (order: 3, 32768 bytes, linear)
[    0.355224] UDP-Lite hash table entries: 1024 (order: 3, 32768 bytes, linear)
[    0.355251] NET: Registered protocol family 1
[    0.355258] NET: Registered protocol family 44
[    0.355299] pci 0000:00:00.0: Limiting direct PCI/PCI transfers
[    0.355314] pci 0000:00:01.0: Activating ISA DMA hang workarounds
[    0.355371] pci 0000:00:02.0: Video device with shadowed ROM at [mem 0x000c0000-0x000dffff]
[    0.355437] PCI: CLS 0 bytes, default 64
[    0.355488] Trying to unpack rootfs image as initramfs...
[    0.519443] Freeing initrd memory: 47860K
[    0.519443] clocksource: tsc: mask: 0xffffffffffffffff max_cycles: 0x1e4530a99b6, max_idle_ns: 440795257976 ns
[    0.519443] clocksource: Switched to clocksource tsc
[    0.519443] platform rtc_cmos: registered platform RTC device (no PNP device found)
[    0.519443] check: Scanning for low memory corruption every 60 seconds
[    0.519443] Initialise system trusted keyrings
[    0.519443] Key type blacklist registered
[    0.519443] workingset: timestamp_bits=36 max_order=19 bucket_order=0
[    0.533198] zbud: loaded
[    0.533562] squashfs: version 4.0 (2009/01/31) Phillip Lougher
[    0.533704] fuse: init (API version 7.31)
[    0.533717] *** VALIDATE fuse ***
[    0.533719] *** VALIDATE fuse ***
[    0.533828] Platform Keyring initialized
[    0.536821] Key type asymmetric registered
[    0.536822] Asymmetric key parser 'x509' registered
[    0.536830] Block layer SCSI generic (bsg) driver version 0.4 loaded (major 244)
[    0.536854] io scheduler mq-deadline registered
[    0.536954] shpchp: Standard Hot Plug PCI Controller Driver version: 0.4
[    0.537204] ACPI: AC Adapter [AC] (on-line)
[    0.537250] input: Power Button as /devices/LNXSYSTM:00/LNXPWRBN:00/input/input0
[    0.537278] ACPI: Power Button [PWRF]
[    0.537353] input: Sleep Button as /devices/LNXSYSTM:00/LNXSLPBN:00/input/input1
[    0.537367] ACPI: Sleep Button [SLPF]
[    0.537597] Serial: 8250/16550 driver, 32 ports, IRQ sharing enabled
[    0.538751] Linux agpgart interface v0.103
[    0.631068] loop: module loaded
[    0.631188] ata_piix 0000:00:01.1: version 2.13
[    0.631589] scsi host0: ata_piix
[    0.631670] scsi host1: ata_piix
[    0.631697] ata1: PATA max UDMA/33 cmd 0x1f0 ctl 0x3f6 bmdma 0xd000 irq 14
[    0.631698] ata2: PATA max UDMA/33 cmd 0x170 ctl 0x376 bmdma 0xd008 irq 15
[    0.631767] tun: Universal TUN/TAP device driver, 1.6
[    0.632075] PPP generic driver version 2.4.2
[    0.632118] VFIO - User Level meta-driver version: 0.3
[    0.632358] ehci_hcd: USB 2.0 'Enhanced' Host Controller (EHCI) Driver
[    0.632364] ehci-pci: EHCI PCI platform driver
[    0.632375] ehci-platform: EHCI generic platform driver
[    0.632380] ohci_hcd: USB 1.1 'Open' Host Controller (OHCI) Driver
[    0.632382] ohci-pci: OHCI PCI platform driver
[    0.632387] ohci-platform: OHCI generic platform driver
[    0.632391] uhci_hcd: USB Universal Host Controller Interface driver
[    0.632446] i8042: PNP: PS/2 Controller [PNP0303:PS2K,PNP0f03:PS2M] at 0x60,0x64 irq 1,12
[    0.632900] serio: i8042 KBD port at 0x60,0x64 irq 1
[    0.632904] serio: i8042 AUX port at 0x60,0x64 irq 12
[    0.632988] mousedev: PS/2 mouse device common for all mice
[    0.633242] input: AT Translated Set 2 keyboard as /devices/platform/i8042/serio0/input/input2
[    0.633646] rtc_cmos rtc_cmos: registered as rtc0
[    0.633659] rtc_cmos rtc_cmos: alarms up to one day, 114 bytes nvram
[    0.633664] i2c /dev entries driver
[    0.633704] device-mapper: uevent: version 1.0.3
[    0.633744] device-mapper: ioctl: 4.41.0-ioctl (2019-09-16) initialised: dm-devel@redhat.com
[    0.633760] platform eisa.0: Probing EISA bus 0
[    0.633761] platform eisa.0: EISA: Cannot allocate resource for mainboard
[    0.633763] platform eisa.0: Cannot allocate resource for EISA slot 1
[    0.633764] platform eisa.0: Cannot allocate resource for EISA slot 2
[    0.633765] platform eisa.0: Cannot allocate resource for EISA slot 3
[    0.633766] platform eisa.0: Cannot allocate resource for EISA slot 4
[    0.633767] platform eisa.0: Cannot allocate resource for EISA slot 5
[    0.633767] platform eisa.0: Cannot allocate resource for EISA slot 6
[    0.633768] platform eisa.0: Cannot allocate resource for EISA slot 7
[    0.633769] platform eisa.0: Cannot allocate resource for EISA slot 8
[    0.633770] platform eisa.0: EISA: Detected 0 cards
[    0.633773] intel_pstate: CPU model not supported
[    0.633780] ledtrig-cpu: registered to indicate activity on CPUs
[    0.633824] drop_monitor: Initializing network drop monitor service
[    0.633979] NET: Registered protocol family 10
[    0.639078] Segment Routing with IPv6
[    0.639101] NET: Registered protocol family 17
[    0.639132] Key type dns_resolver registered
[    0.639222] RAS: Correctable Errors collector initialized.
[    0.639228] IPI shorthand broadcast: enabled
[    0.639228] sched_clock: Marking stable (624189575, 11038548)->(635473813, -245690)
[    0.639292] registered taskstats version 1
[    0.639301] Loading compiled-in X.509 certificates
[    0.639897] Loaded X.509 cert 'Build time autogenerated kernel key: 0a9e52cc6eb58eed9b63e328679db6d5d5216245'
[    0.639915] zswap: loaded using pool lzo/zbud
[    0.639968] Key type ._fscrypt registered
[    0.639969] Key type .fscrypt registered
[    0.644402] Key type big_key registered
[    0.646592] Key type encrypted registered
[    0.646595] AppArmor: AppArmor sha1 policy hashing enabled
[    0.646601] ima: No TPM chip found, activating TPM-bypass!
[    0.646605] ima: Allocated hash algorithm: sha1
[    0.646610] ima: No architecture policies found
[    0.646617] evm: Initialising EVM extended attributes:
[    0.646618] evm: security.selinux
[    0.646618] evm: security.SMACK64
[    0.646619] evm: security.SMACK64EXEC
[    0.646619] evm: security.SMACK64TRANSMUTE
[    0.646619] evm: security.SMACK64MMAP
[    0.646620] evm: security.apparmor
[    0.646620] evm: security.ima
[    0.646621] evm: security.capability
[    0.646621] evm: HMAC attrs: 0x1
[    0.646907] PM:   Magic number: 10:975:883
[    0.647002] rtc_cmos rtc_cmos: setting system clock to 2026-01-20T11:53:56 UTC (1768910036)
[    0.805241] ata1.00: ATA-6: VBOX HARDDISK, 1.0, max UDMA/133
[    0.805245] ata1.00: 209715200 sectors, multi 128: LBA 
[    0.806074] scsi 0:0:0:0: Direct-Access     ATA      VBOX HARDDISK    1.0  PQ: 0 ANSI: 5
[    0.806480] sd 0:0:0:0: [sda] 209715200 512-byte logical blocks: (107 GB/100 GiB)
[    0.806497] sd 0:0:0:0: [sda] Write Protect is off
[    0.806501] sd 0:0:0:0: [sda] Mode Sense: 00 3a 00 00
[    0.806527] sd 0:0:0:0: [sda] Write cache: enabled, read cache: enabled, doesn't support DPO or FUA
[    0.806702] sd 0:0:0:0: Attached scsi generic sg0 type 0
[    0.808110]  sda: sda1 sda2
[    0.821573] sd 0:0:0:0: [sda] Attached SCSI disk
[    0.825747] Freeing unused decrypted memory: 2040K
[    0.826887] Freeing unused kernel image memory: 2720K
[    0.826890] Write protecting the kernel read-only data: 22528k
[    0.828135] Freeing unused kernel image memory: 2036K
[    0.828830] Freeing unused kernel image memory: 1452K
[    0.861534] x86/mm: Checked W+X mappings: passed, no W+X pages found.
[    0.861538] Run /init as init process
[    0.974009] ACPI: Video Device [GFX0] (multi-head: yes  rom: no  post: no)
[    0.974079] input: Video Bus as /devices/LNXSYSTM:00/LNXSYBUS:00/PNP0A03:00/LNXVIDEO:00/input/input4
[    0.986762] pcnet32: pcnet32.c:v1.35 21.Apr.2008 tsbogend@alpha.franken.de
[    0.987677] pcnet32: PCnet/FAST III 79C973 at 0xd020, 08:00:27:81:ba:24 assigned IRQ 19
[    0.987722] pcnet32: Found PHY 0022:561b at address 0
[    0.988022] pcnet32: eth0: registered as PCnet/FAST III 79C973
[    0.988410] pcnet32: 1 cards_found
[    0.989985] piix4_smbus 0000:00:07.0: SMBus Host Controller at 0x4100, revision 0
[    0.993965] e1000: Intel(R) PRO/1000 Network Driver - version 7.3.21-k8-NAPI
[    0.993966] e1000: Copyright (c) 1999-2006 Intel Corporation.
[    1.074095] pcnet32 0000:00:03.0 enp0s3: renamed from eth0
[    1.206425] input: ImExPS/2 Generic Explorer Mouse as /devices/platform/i8042/serio1/input/input5
[    1.399718] e1000 0000:00:08.0 eth0: (PCI:33MHz:32-bit) 08:00:27:6b:c9:f2
[    1.399722] e1000 0000:00:08.0 eth0: Intel(R) PRO/1000 Network Connection
[    1.771392] e1000 0000:00:09.0 eth1: (PCI:33MHz:32-bit) 08:00:27:0d:9e:18
[    1.771405] e1000 0000:00:09.0 eth1: Intel(R) PRO/1000 Network Connection
[    1.772537] e1000 0000:00:09.0 enp0s9: renamed from eth1
[    1.774326] e1000 0000:00:08.0 enp0s8: renamed from eth0
[    1.832390] EXT4-fs (sda2): mounted filesystem with ordered data mode. Opts: (null)
[    1.913467] systemd[1]: Inserted module 'autofs4'
[    1.924268] systemd[1]: systemd 245.4-4ubuntu3 running in system mode. (+PAM +AUDIT +SELINUX +IMA +APPARMOR +SMACK +SYSVINIT +UTMP +LIBCRYPTSETUP +GCRYPT +GNUTLS +ACL +XZ +LZ4 +SECCOMP +BLKID +ELFUTILS +KMOD +IDN2 -IDN +PCRE2 default-hierarchy=hybrid)
[    1.924296] systemd[1]: Detected virtualization oracle.
[    1.924299] systemd[1]: Detected architecture x86-64.
[    1.925615] systemd[1]: Set hostname to <ztg>.
[    2.053691] systemd[1]: /lib/systemd/system/dbus.socket:5: ListenStream= references a path below legacy directory /var/run/, updating /var/run/dbus/system_bus_socket â†’ /run/dbus/system_bus_socket; please update the unit file accordingly.
[    2.107008] systemd[1]: Created slice system-modprobe.slice.
[    2.107262] systemd[1]: Created slice User and Session Slice.
[    2.107308] systemd[1]: Started Forward Password Requests to Wall Directory Watch.
[    2.107465] systemd[1]: Set up automount Arbitrary Executable File Formats File System Automount Point.
[    2.107500] systemd[1]: Reached target User and Group Name Lookups.
[    2.107508] systemd[1]: Reached target Remote File Systems.
[    2.107515] systemd[1]: Reached target Slices.
[    2.108032] systemd[1]: Listening on Syslog Socket.
[    2.108101] systemd[1]: Listening on fsck to fsckd communication Socket.
[    2.108139] systemd[1]: Listening on initctl Compatibility Named Pipe.
[    2.108277] systemd[1]: Listening on Journal Audit Socket.
[    2.108327] systemd[1]: Listening on Journal Socket (/dev/log).
[    2.108394] systemd[1]: Listening on Journal Socket.
[    2.108459] systemd[1]: Listening on udev Control Socket.
[    2.108497] systemd[1]: Listening on udev Kernel Socket.
[    2.109239] systemd[1]: Mounting Huge Pages File System...
[    2.110148] systemd[1]: Mounting POSIX Message Queue File System...
[    2.111033] systemd[1]: Mounting Kernel Debug File System...
[    2.111938] systemd[1]: Mounting Kernel Trace File System...
[    2.114129] systemd[1]: Starting Journal Service...
[    2.138167] systemd[1]: Starting Set the console keyboard layout...
[    2.146014] systemd[1]: Starting Create list of static device nodes for the current kernel...
[    2.148030] systemd[1]: Starting Load Kernel Module drm...
[    2.156529] systemd[1]: Condition check resulted in Set Up Additional Binary Formats being skipped.
[    2.156558] systemd[1]: Condition check resulted in File System Check on Root Device being skipped.
[    2.159320] systemd[1]: Starting Load Kernel Modules...
[    2.163724] systemd[1]: Starting Remount Root and Kernel File Systems...
[    2.176271] systemd[1]: Starting udev Coldplug all Devices...
[    2.187364] systemd[1]: Starting Uncomplicated firewall...
[    2.188675] systemd[1]: Mounted Huge Pages File System.
[    2.188777] systemd[1]: Mounted POSIX Message Queue File System.
[    2.188850] systemd[1]: Mounted Kernel Debug File System.
[    2.188918] systemd[1]: Mounted Kernel Trace File System.
[    2.190754] EXT4-fs (sda2): re-mounted. Opts: errors=remount-ro
[    2.212306] systemd[1]: Finished Create list of static device nodes for the current kernel.
[    2.213295] systemd[1]: modprobe@drm.service: Succeeded.
[    2.233927] systemd[1]: Finished Load Kernel Module drm.
[    2.234291] systemd[1]: Finished Remount Root and Kernel File Systems.
[    2.235291] systemd[1]: Finished Uncomplicated firewall.
[    2.251978] systemd[1]: Condition check resulted in Rebuild Hardware Database being skipped.
[    2.252014] systemd[1]: Condition check resulted in Platform Persistent Storage Archival being skipped.
[    2.252622] systemd[1]: Starting Load/Save Random Seed...
[    2.254381] lp: driver loaded but no devices found
[    2.259394] systemd[1]: Starting Create System Users...
[    2.268138] systemd[1]: Finished Load/Save Random Seed.
[    2.270565] ppdev: user-space parallel port driver
[    2.277850] systemd[1]: Finished Create System Users.
[    2.278533] systemd[1]: Starting Create Static Device Nodes in /dev...
[    2.304672] systemd[1]: Finished Create Static Device Nodes in /dev.
[    2.305440] systemd[1]: Starting udev Kernel Device Manager...
[    2.330643] systemd[1]: Finished udev Coldplug all Devices.
[    2.338045] [drm] DMA map mode: Caching DMA mappings.
[    2.338107] [drm] Capabilities:
[    2.338108] [drm]   Rect copy.
[    2.338108] [drm]   Cursor.
[    2.338108] [drm]   Cursor bypass.
[    2.338109] [drm]   Cursor bypass 2.
[    2.338109] [drm]   Alpha cursor.
[    2.338109] [drm]   Extended Fifo.
[    2.338110] [drm]   Pitchlock.
[    2.338110] [drm]   Irq mask.
[    2.338110] [drm]   GMR.
[    2.338111] [drm]   Traces.
[    2.338111] [drm]   GMR2.
[    2.338111] [drm]   Screen Object 2.
[    2.338112] [drm]   Command Buffers.
[    2.338112] [drm]   Command Buffers 2.
[    2.338112] [drm]   Guest Backed Resources.
[    2.338114] [drm] Max GMR ids is 8192
[    2.338114] [drm] Max number of GMR pages is 1048576
[    2.338115] [drm] Max dedicated hypervisor surface memory is 393216 kiB
[    2.338115] [drm] Maximum display memory size is 131072 kiB
[    2.338116] [drm] VRAM at 0xe0000000 size is 131072 kiB
[    2.338117] [drm] MMIO at 0xf0000000 size is 2048 kiB
[    2.356788] [TTM] Zone  kernel: Available graphics memory: 1011744 KiB
[    2.356789] [TTM] Initializing pool allocator
[    2.356792] [TTM] Initializing DMA pool allocator
[    2.356820] [drm] Supports vblank timestamp caching Rev 2 (21.10.2013).
[    2.356820] [drm] No driver support for vblank timestamp query.
[    2.357035] [drm] Screen Target Display device initialized
[    2.357236] [drm] width 720
[    2.357245] [drm] height 400
[    2.357249] [drm] bpp 32
[    2.357642] [drm] Fifo max 0x00200000 min 0x00001000 cap 0x00000355
[    2.358727] [drm] Using command buffers with DMA pool.
[    2.358731] [drm] DX: no.
[    2.358732] [drm] Atomic: yes.
[    2.358732] [drm] SM4_1: no.
[    2.358749] [drm:vmw_host_log [vmwgfx]] *ERROR* Failed to send host log message.
[    2.359875] [drm:vmw_host_log [vmwgfx]] *ERROR* Failed to send host log message.
[    2.385131] fbcon: svgadrmfb (fb0) is primary device
[    2.387166] Console: switching to colour frame buffer device 100x37
[    2.392221] [drm] Initialized vmwgfx 2.15.0 20180704 for 0000:00:02.0 on minor 0
[    2.393505] systemd[1]: Finished Load Kernel Modules.
[    2.394809] systemd[1]: Mounting FUSE Control File System...
[    2.396539] systemd[1]: Mounting Kernel Configuration File System...
[    2.429210] systemd[1]: Starting Apply Kernel Variables...
[    2.437069] systemd[1]: Finished Set the console keyboard layout.
[    2.437649] systemd[1]: Mounted FUSE Control File System.
[    2.437736] systemd[1]: Mounted Kernel Configuration File System.
[    2.437799] systemd[1]: Reached target Local File Systems (Pre).
[    2.437823] systemd[1]: Condition check resulted in VMware vmblock fuse mount being skipped.
[    2.443725] systemd[1]: Mounting Mount unit for bare, revision 5...
[    2.448921] systemd[1]: Mounting Mount unit for core18, revision 1705...
[    2.460167] systemd[1]: Mounting Mount unit for gnome-3-34-1804, revision 24...
[    2.467461] systemd[1]: Mounting Mount unit for gtk-common-themes, revision 1506...
[    2.471587] systemd[1]: Mounting Mount unit for gtk-common-themes, revision 1535...
[    2.482226] systemd[1]: Mounting Mount unit for snap-store, revision 433...
[    2.508697] systemd[1]: Mounting Mount unit for snapd, revision 7264...
[    2.521155] systemd[1]: Finished Apply Kernel Variables.
[    2.521589] systemd[1]: Mounted Mount unit for bare, revision 5.
[    2.525134] systemd[1]: Mounted Mount unit for core18, revision 1705.
[    2.547277] systemd[1]: Mounted Mount unit for gnome-3-34-1804, revision 24.
[    2.557313] systemd[1]: Mounted Mount unit for gtk-common-themes, revision 1506.
[    2.559929] systemd[1]: Started udev Kernel Device Manager.
[    2.560609] systemd[1]: Starting Show Plymouth Boot Screen...
[    2.566748] systemd[1]: Received SIGRTMIN+20 from PID 281 (plymouthd).
[    2.591265] systemd[1]: Mounted Mount unit for snap-store, revision 433.
[    2.591532] systemd[1]: Started Show Plymouth Boot Screen.
[    2.591659] systemd[1]: Condition check resulted in Dispatch Password Requests to Console Directory Watch being skipped.
[    2.591741] systemd[1]: Started Forward Password Requests to Plymouth Directory Watch.
[    2.591783] systemd[1]: Reached target Local Encrypted Volumes.
[    2.642194] systemd[1]: Mounted Mount unit for gtk-common-themes, revision 1535.
[    2.642436] systemd[1]: Mounted Mount unit for snapd, revision 7264.
[    2.642644] systemd[1]: Reached target Local File Systems.
[    2.658937] systemd[1]: Starting Load AppArmor profiles...
[    2.659789] systemd[1]: Starting Set console font and keymap...
[    2.670289] systemd[1]: Starting Tell Plymouth To Write Out Runtime Data...
[    2.674609] systemd[1]: Condition check resulted in Store a System Token in an EFI Variable being skipped.
[    2.674648] systemd[1]: Condition check resulted in Commit a transient machine-id on disk being skipped.
[    2.677053] systemd[1]: Finished Set console font and keymap.
[    2.687191] systemd[1]: plymouth-read-write.service: Succeeded.
[    2.687470] systemd[1]: Finished Tell Plymouth To Write Out Runtime Data.
[    2.687656] systemd[1]: Received SIGRTMIN+20 from PID 281 (plymouthd).
[    2.729221] audit: type=1400 audit(1768910038.580:2): apparmor="STATUS" operation="profile_load" profile="unconfined" name="nvidia_modprobe" pid=300 comm="apparmor_parser"
[    2.729224] audit: type=1400 audit(1768910038.580:3): apparmor="STATUS" operation="profile_load" profile="unconfined" name="nvidia_modprobe//kmod" pid=300 comm="apparmor_parser"
[    2.736009] audit: type=1400 audit(1768910038.588:4): apparmor="STATUS" operation="profile_load" profile="unconfined" name="/usr/sbin/tcpdump" pid=301 comm="apparmor_parser"
[    2.762242] audit: type=1400 audit(1768910038.604:5): apparmor="STATUS" operation="profile_load" profile="unconfined" name="/usr/bin/evince" pid=303 comm="apparmor_parser"
[    2.762245] audit: type=1400 audit(1768910038.604:6): apparmor="STATUS" operation="profile_load" profile="unconfined" name="/usr/bin/evince//sanitized_helper" pid=303 comm="apparmor_parser"
[    2.762247] audit: type=1400 audit(1768910038.604:7): apparmor="STATUS" operation="profile_load" profile="unconfined" name="/usr/bin/evince-previewer" pid=303 comm="apparmor_parser"
[    2.762249] audit: type=1400 audit(1768910038.604:8): apparmor="STATUS" operation="profile_load" profile="unconfined" name="/usr/bin/evince-previewer//sanitized_helper" pid=303 comm="apparmor_parser"
[    2.762250] audit: type=1400 audit(1768910038.604:9): apparmor="STATUS" operation="profile_load" profile="unconfined" name="/usr/bin/evince-thumbnailer" pid=303 comm="apparmor_parser"
[    2.793640] audit: type=1400 audit(1768910038.644:10): apparmor="STATUS" operation="profile_load" profile="unconfined" name="/usr/lib/cups/backend/cups-pdf" pid=304 comm="apparmor_parser"
[    2.858086] systemd[1]: Finished Load AppArmor profiles.
[    2.859056] systemd[1]: Starting Load AppArmor profiles managed internally by snapd...
[    2.936393] systemd[1]: Finished Load AppArmor profiles managed internally by snapd.
[    3.091794] systemd[1]: Started Journal Service.
[    3.100076] systemd-journald[228]: Received client request to flush runtime journal.
[    4.417066] RAPL PMU: API unit is 2^-32 Joules, 0 fixed counters, 10737418240 ms ovfl timer
[    4.456115] cryptd: max_cpu_qlen set to 1000
[    4.492297] AVX2 version of gcm_enc/dec engaged.
[    4.492298] AES CTR mode by8 optimization enabled
[    5.341065] Adding 1998844k swap on /dev/sda1.  Priority:-2 extents:1 across:1998844k FS
[    6.509126] kauditd_printk_skb: 30 callbacks suppressed
[    6.509127] audit: type=1400 audit(1768910042.356:41): apparmor="DENIED" operation="capable" profile="/usr/sbin/cups-browsed" pid=495 comm="cups-browsed" capability=23  capname="sys_nice"
[    7.450353] pcnet32 0000:00:03.0 enp0s3: link up, 100Mbps, full-duplex
[    7.484394] e1000: enp0s8 NIC Link is Up 1000 Mbps Full Duplex, Flow Control: RX
[    7.484693] IPv6: ADDRCONF(NETDEV_CHANGE): enp0s8: link becomes ready
[    7.497648] e1000: enp0s9 NIC Link is Up 1000 Mbps Full Duplex, Flow Control: RX
[    7.497940] IPv6: ADDRCONF(NETDEV_CHANGE): enp0s9: link becomes ready
[    8.023913] device enp0s3 entered promiscuous mode
[    8.050169] audit: type=1400 audit(1768910043.896:42): apparmor="DENIED" operation="open" profile="/usr/sbin/tcpdump" name="/proc/sys/kernel/random/boot_id" pid=684 comm="tcpdump" requested_mask="r" denied_mask="r" fsuid=0 ouid=0
[    8.050370] audit: type=1400 audit(1768910043.896:43): apparmor="DENIED" operation="open" profile="/usr/sbin/tcpdump" name="/proc/sys/kernel/random/boot_id" pid=684 comm="tcpdump" requested_mask="r" denied_mask="r" fsuid=0 ouid=0
[    8.050444] audit: type=1400 audit(1768910043.896:44): apparmor="DENIED" operation="open" profile="/usr/sbin/tcpdump" name="/proc/sys/kernel/random/boot_id" pid=684 comm="tcpdump" requested_mask="r" denied_mask="r" fsuid=0 ouid=0
[    8.050551] audit: type=1400 audit(1768910043.896:45): apparmor="DENIED" operation="open" profile="/usr/sbin/tcpdump" name="/proc/sys/kernel/random/boot_id" pid=684 comm="tcpdump" requested_mask="r" denied_mask="r" fsuid=0 ouid=0
[    8.054494] audit: type=1400 audit(1768910043.904:46): apparmor="DENIED" operation="open" profile="/usr/sbin/tcpdump" name="/proc/sys/kernel/random/boot_id" pid=685 comm="tcpdump" requested_mask="r" denied_mask="r" fsuid=0 ouid=0
[    8.059007] audit: type=1400 audit(1768910043.904:47): apparmor="DENIED" operation="open" profile="/usr/sbin/tcpdump" name="/proc/sys/kernel/random/boot_id" pid=685 comm="tcpdump" requested_mask="r" denied_mask="r" fsuid=0 ouid=0
[    8.059048] audit: type=1400 audit(1768910043.904:48): apparmor="DENIED" operation="open" profile="/usr/sbin/tcpdump" name="/proc/sys/kernel/random/boot_id" pid=685 comm="tcpdump" requested_mask="r" denied_mask="r" fsuid=0 ouid=0
[    8.059166] audit: type=1400 audit(1768910043.904:49): apparmor="DENIED" operation="open" profile="/usr/sbin/tcpdump" name="/proc/sys/kernel/random/boot_id" pid=685 comm="tcpdump" requested_mask="r" denied_mask="r" fsuid=0 ouid=0
[   12.497463] rfkill: input handler disabled
[   30.493743] rfkill: input handler enabled
[   35.381543] rfkill: input handler disabled
[  114.521872] AAAAA-TCP_SEND: name:enp0s3: saddr:100932208: daddr:16783984: srtt_us:0: RTT:0: ssthresh:2147483647: cwnd:10: delivered:0: lost:0: retrans:0
[  114.731914] AAAAA-TCP_RECV: name:enp0s3: saddr:16783984: daddr:100932208: srtt_us:0: RTT:0: ssthresh:2147483647: cwnd:10: delivered:0: lost:0: retrans:0
[  114.731953] AAAAA-TCP_SEND: name:enp0s3: saddr:100932208: daddr:16783984: srtt_us:2210008: RTT:276251: ssthresh:2147483647: cwnd:10: delivered:1: lost:0: retrans:0
[  114.732091] AAAAA-TCP_SEND: name:enp0s3: saddr:100932208: daddr:16783984: srtt_us:2210008: RTT:276251: ssthresh:2147483647: cwnd:10: delivered:1: lost:0: retrans:0
[  115.020727] AAAAA-TCP_RECV: name:enp0s3: saddr:16783984: daddr:100932208: srtt_us:2210008: RTT:276251: ssthresh:2147483647: cwnd:10: delivered:1: lost:0: retrans:0
[  115.070269] AAAAA-TCP_RECV: name:enp0s3: saddr:16783984: daddr:100932208: srtt_us:2222419: RTT:277802: ssthresh:2147483647: cwnd:10: delivered:2: lost:0: retrans:0
[  115.070282] AAAAA-TCP_SEND: name:enp0s3: saddr:100932208: daddr:16783984: srtt_us:2222419: RTT:277802: ssthresh:2147483647: cwnd:10: delivered:2: lost:0: retrans:0
[  115.070475] AAAAA-TCP_SEND: name:enp0s3: saddr:100932208: daddr:16783984: srtt_us:2222419: RTT:277802: ssthresh:2147483647: cwnd:10: delivered:2: lost:0: retrans:0
[  115.268919] AAAAA-TCP_RECV: name:enp0s3: saddr:16783984: daddr:100932208: srtt_us:2222419: RTT:277802: ssthresh:2147483647: cwnd:10: delivered:2: lost:0: retrans:0
[  115.268957] AAAAA-TCP_SEND: name:enp0s3: saddr:100932208: daddr:16783984: srtt_us:2143086: RTT:267885: ssthresh:2147483647: cwnd:10: delivered:3: lost:0: retrans:0
[  115.525878] AAAAA-TCP_RECV: name:enp0s3: saddr:16783984: daddr:100932208: srtt_us:2143086: RTT:267885: ssthresh:2147483647: cwnd:10: delivered:3: lost:0: retrans:0
[  115.593980] AAAAA-TCP_RECV: name:enp0s3: saddr:16783984: daddr:100932208: srtt_us:2132153: RTT:266519: ssthresh:2147483647: cwnd:10: delivered:4: lost:0: retrans:0
[  115.594005] AAAAA-TCP_SEND: name:enp0s3: saddr:100932208: daddr:16783984: srtt_us:2132153: RTT:266519: ssthresh:2147483647: cwnd:10: delivered:4: lost:0: retrans:0
[  115.594182] AAAAA-TCP_SEND: name:enp0s3: saddr:100932208: daddr:16783984: srtt_us:0: RTT:0: ssthresh:2147483647: cwnd:10: delivered:0: lost:0: retrans:0
[  115.834041] AAAAA-TCP_RECV: name:enp0s3: saddr:16783984: daddr:100932208: srtt_us:0: RTT:0: ssthresh:2147483647: cwnd:10: delivered:0: lost:0: retrans:0
[  115.834087] AAAAA-TCP_SEND: name:enp0s3: saddr:100932208: daddr:16783984: srtt_us:1919048: RTT:239881: ssthresh:2147483647: cwnd:10: delivered:1: lost:0: retrans:0
[  115.834995] AAAAA-TCP_SEND: name:enp0s3: saddr:100932208: daddr:16783984: srtt_us:1919048: RTT:239881: ssthresh:2147483647: cwnd:10: delivered:1: lost:0: retrans:0
[  115.994532] AAAAA-TCP_RECV: name:enp0s3: saddr:16783984: daddr:100932208: srtt_us:1919048: RTT:239881: ssthresh:2147483647: cwnd:10: delivered:1: lost:0: retrans:0
[  116.045098] AAAAA-TCP_RECV: name:enp0s3: saddr:16783984: daddr:100932208: srtt_us:2132153: RTT:266519: ssthresh:2147483647: cwnd:10: delivered:4: lost:0: retrans:0
[  116.045109] AAAAA-TCP_SEND: name:enp0s3: saddr:100932208: daddr:16783984: srtt_us:2132153: RTT:266519: ssthresh:2147483647: cwnd:10: delivered:4: lost:0: retrans:0
[  116.150108] AAAAA-TCP_RECV: name:enp0s3: saddr:16783984: daddr:100932208: srtt_us:2132153: RTT:266519: ssthresh:2147483647: cwnd:10: delivered:4: lost:0: retrans:0
[  116.150116] AAAAA-TCP_SEND: name:enp0s3: saddr:100932208: daddr:16783984: srtt_us:2132153: RTT:266519: ssthresh:2147483647: cwnd:10: delivered:4: lost:0: retrans:0
[  116.150248] AAAAA-TCP_SEND: name:enp0s3: saddr:100932208: daddr:16783984: srtt_us:1838713: RTT:229839: ssthresh:2147483647: cwnd:10: delivered:2: lost:0: retrans:0
[  116.150338] AAAAA-TCP_SEND: name:enp0s3: saddr:100932208: daddr:16783984: srtt_us:1838713: RTT:229839: ssthresh:2147483647: cwnd:10: delivered:2: lost:0: retrans:0
[  116.150403] AAAAA-TCP_SEND: name:enp0s3: saddr:100932208: daddr:16783984: srtt_us:1838713: RTT:229839: ssthresh:2147483647: cwnd:10: delivered:2: lost:0: retrans:0
[  116.150493] AAAAA-TCP_SEND: name:enp0s3: saddr:100932208: daddr:16783984: srtt_us:1838713: RTT:229839: ssthresh:2147483647: cwnd:10: delivered:2: lost:0: retrans:0
[  116.150578] AAAAA-TCP_SEND: name:enp0s3: saddr:100932208: daddr:16783984: srtt_us:1838713: RTT:229839: ssthresh:2147483647: cwnd:10: delivered:2: lost:0: retrans:0
[  116.368331] AAAAA-TCP_RECV: name:enp0s3: saddr:16783984: daddr:100932208: srtt_us:1838713: RTT:229839: ssthresh:2147483647: cwnd:10: delivered:2: lost:0: retrans:0
[  116.512197] AAAAA-TCP_RECV: name:enp0s3: saddr:16783984: daddr:100932208: srtt_us:1826964: RTT:228370: ssthresh:2147483647: cwnd:11: delivered:3: lost:0: retrans:0
[  116.673388] AAAAA-TCP_SEND: name:enp0s3: saddr:100932208: daddr:16783984: srtt_us:1960567: RTT:245070: ssthresh:2147483647: cwnd:12: delivered:4: lost:0: retrans:0
[  116.673452] AAAAA-TCP_SEND: name:enp0s3: saddr:100932208: daddr:16783984: srtt_us:1960567: RTT:245070: ssthresh:2147483647: cwnd:12: delivered:4: lost:0: retrans:0
[  116.851120] AAAAA-TCP_SEND: name:enp0s3: saddr:100932208: daddr:16783984: srtt_us:1960567: RTT:245070: ssthresh:2147483647: cwnd:12: delivered:4: lost:0: retrans:0
[  117.284046] AAAAA-TCP_RECV: name:enp0s3: saddr:16783984: daddr:100932208: srtt_us:1960567: RTT:245070: ssthresh:2147483647: cwnd:12: delivered:4: lost:0: retrans:0
[  117.284094] AAAAA-TCP_SEND: name:enp0s3: saddr:100932208: daddr:16783984: srtt_us:2849231: RTT:356153: ssthresh:2147483647: cwnd:13: delivered:5: lost:0: retrans:0
[  117.362969] AAAAA-TCP_RECV: name:enp0s3: saddr:16783984: daddr:100932208: srtt_us:2849231: RTT:356153: ssthresh:2147483647: cwnd:13: delivered:5: lost:0: retrans:0
[  117.363026] AAAAA-TCP_SEND: name:enp0s3: saddr:100932208: daddr:16783984: srtt_us:3705749: RTT:463218: ssthresh:2147483647: cwnd:14: delivered:6: lost:0: retrans:0
[  117.595921] AAAAA-TCP_RECV: name:enp0s3: saddr:16783984: daddr:100932208: srtt_us:3705749: RTT:463218: ssthresh:2147483647: cwnd:14: delivered:6: lost:0: retrans:0
[  117.595963] AAAAA-TCP_SEND: name:enp0s3: saddr:100932208: daddr:16783984: srtt_us:4688074: RTT:586009: ssthresh:2147483647: cwnd:15: delivered:7: lost:0: retrans:0
[  117.792917] AAAAA-TCP_RECV: name:enp0s3: saddr:16783984: daddr:100932208: srtt_us:4688074: RTT:586009: ssthresh:2147483647: cwnd:15: delivered:7: lost:0: retrans:0
[  117.792994] AAAAA-TCP_SEND: name:enp0s3: saddr:100932208: daddr:16783984: srtt_us:5744619: RTT:718077: ssthresh:2147483647: cwnd:16: delivered:8: lost:0: retrans:0
[  117.890818] AAAAA-TCP_RECV: name:enp0s3: saddr:16783984: daddr:100932208: srtt_us:5744619: RTT:718077: ssthresh:2147483647: cwnd:16: delivered:8: lost:0: retrans:0
[  117.890857] AAAAA-TCP_SEND: name:enp0s3: saddr:100932208: daddr:16783984: srtt_us:6766979: RTT:845872: ssthresh:2147483647: cwnd:17: delivered:9: lost:0: retrans:0
[  118.030026] AAAAA-TCP_RECV: name:enp0s3: saddr:16783984: daddr:100932208: srtt_us:6766979: RTT:845872: ssthresh:2147483647: cwnd:17: delivered:9: lost:0: retrans:0
[  118.030097] AAAAA-TCP_SEND: name:enp0s3: saddr:100932208: daddr:16783984: srtt_us:7582824: RTT:947853: ssthresh:11: cwnd:14: delivered:10: lost:3: retrans:1
[  118.325177] AAAAA-TCP_RECV: name:enp0s3: saddr:16783984: daddr:100932208: srtt_us:7582824: RTT:947853: ssthresh:11: cwnd:14: delivered:10: lost:3: retrans:1
[  118.325224] AAAAA-TCP_SEND: name:enp0s3: saddr:100932208: daddr:16783984: srtt_us:8809971: RTT:1101246: ssthresh:2147483647: cwnd:18: delivered:11: lost:3: retrans:1
[  118.411557] AAAAA-TCP_RECV: name:enp0s3: saddr:16783984: daddr:100932208: srtt_us:8809971: RTT:1101246: ssthresh:2147483647: cwnd:18: delivered:11: lost:3: retrans:1
[  118.411596] AAAAA-TCP_SEND: name:enp0s3: saddr:100932208: daddr:16783984: srtt_us:9751954: RTT:1218994: ssthresh:2147483647: cwnd:19: delivered:12: lost:3: retrans:1
[  118.555400] AAAAA-TCP_RECV: name:enp0s3: saddr:16783984: daddr:100932208: srtt_us:9751954: RTT:1218994: ssthresh:2147483647: cwnd:19: delivered:12: lost:3: retrans:1
[  118.555445] AAAAA-TCP_SEND: name:enp0s3: saddr:100932208: daddr:16783984: srtt_us:10576155: RTT:1322019: ssthresh:2147483647: cwnd:20: delivered:13: lost:3: retrans:1
[  118.706167] AAAAA-TCP_RECV: name:enp0s3: saddr:16783984: daddr:100932208: srtt_us:10576155: RTT:1322019: ssthresh:2147483647: cwnd:20: delivered:13: lost:3: retrans:1
[  118.706222] AAAAA-TCP_SEND: name:enp0s3: saddr:100932208: daddr:16783984: srtt_us:11809925: RTT:1476240: ssthresh:2147483647: cwnd:21: delivered:14: lost:3: retrans:1
[  118.767548] AAAAA-TCP_RECV: name:enp0s3: saddr:16783984: daddr:100932208: srtt_us:11809925: RTT:1476240: ssthresh:2147483647: cwnd:21: delivered:14: lost:3: retrans:1
[  118.767591] AAAAA-TCP_SEND: name:enp0s3: saddr:100932208: daddr:16783984: srtt_us:12589025: RTT:1573628: ssthresh:2147483647: cwnd:22: delivered:15: lost:3: retrans:1
[  118.887823] AAAAA-TCP_RECV: name:enp0s3: saddr:16783984: daddr:100932208: srtt_us:12589025: RTT:1573628: ssthresh:2147483647: cwnd:22: delivered:15: lost:3: retrans:1
[  118.887870] AAAAA-TCP_SEND: name:enp0s3: saddr:100932208: daddr:16783984: srtt_us:13752841: RTT:1719105: ssthresh:2147483647: cwnd:23: delivered:16: lost:3: retrans:1
[  119.001298] AAAAA-TCP_RECV: name:enp0s3: saddr:16783984: daddr:100932208: srtt_us:13752841: RTT:1719105: ssthresh:2147483647: cwnd:23: delivered:16: lost:3: retrans:1
[  119.001338] AAAAA-TCP_SEND: name:enp0s3: saddr:100932208: daddr:16783984: srtt_us:14183961: RTT:1772995: ssthresh:2147483647: cwnd:24: delivered:17: lost:3: retrans:1
[  119.130075] AAAAA-TCP_RECV: name:enp0s3: saddr:16783984: daddr:100932208: srtt_us:14183961: RTT:1772995: ssthresh:2147483647: cwnd:24: delivered:17: lost:3: retrans:1
[  119.130119] AAAAA-TCP_SEND: name:enp0s3: saddr:100932208: daddr:16783984: srtt_us:14256984: RTT:1782123: ssthresh:24: cwnd:24: delivered:18: lost:3: retrans:1
[  119.267670] AAAAA-TCP_RECV: name:enp0s3: saddr:16783984: daddr:100932208: srtt_us:14256984: RTT:1782123: ssthresh:24: cwnd:24: delivered:18: lost:3: retrans:1
[  119.267693] AAAAA-TCP_SEND: name:enp0s3: saddr:100932208: daddr:16783984: srtt_us:14379517: RTT:1797439: ssthresh:24: cwnd:24: delivered:19: lost:3: retrans:1
[  119.377717] AAAAA-TCP_RECV: name:enp0s3: saddr:16783984: daddr:100932208: srtt_us:14379517: RTT:1797439: ssthresh:24: cwnd:24: delivered:19: lost:3: retrans:1
[  119.377761] AAAAA-TCP_SEND: name:enp0s3: saddr:100932208: daddr:16783984: srtt_us:14596802: RTT:1824600: ssthresh:24: cwnd:24: delivered:20: lost:3: retrans:1
[  119.466859] AAAAA-TCP_RECV: name:enp0s3: saddr:16783984: daddr:100932208: srtt_us:14596802: RTT:1824600: ssthresh:24: cwnd:24: delivered:20: lost:3: retrans:1
[  119.466897] AAAAA-TCP_SEND: name:enp0s3: saddr:100932208: daddr:16783984: srtt_us:14643128: RTT:1830391: ssthresh:24: cwnd:24: delivered:22: lost:3: retrans:1
[  119.554910] AAAAA-TCP_RECV: name:enp0s3: saddr:16783984: daddr:100932208: srtt_us:14643128: RTT:1830391: ssthresh:24: cwnd:24: delivered:22: lost:3: retrans:1
[  119.554946] AAAAA-TCP_SEND: name:enp0s3: saddr:100932208: daddr:16783984: srtt_us:14574693: RTT:1821836: ssthresh:24: cwnd:24: delivered:24: lost:3: retrans:1
[  119.624178] AAAAA-TCP_RECV: name:enp0s3: saddr:16783984: daddr:100932208: srtt_us:14574693: RTT:1821836: ssthresh:24: cwnd:24: delivered:24: lost:3: retrans:1
[  119.624213] AAAAA-TCP_SEND: name:enp0s3: saddr:100932208: daddr:16783984: srtt_us:14486205: RTT:1810775: ssthresh:24: cwnd:24: delivered:25: lost:3: retrans:1
[  119.706030] AAAAA-TCP_RECV: name:enp0s3: saddr:16783984: daddr:100932208: srtt_us:14486205: RTT:1810775: ssthresh:24: cwnd:24: delivered:25: lost:3: retrans:1
[  119.706063] AAAAA-TCP_SEND: name:enp0s3: saddr:100932208: daddr:16783984: srtt_us:14490631: RTT:1811328: ssthresh:24: cwnd:24: delivered:26: lost:3: retrans:1
[  119.883202] AAAAA-TCP_RECV: name:enp0s3: saddr:16783984: daddr:100932208: srtt_us:14490631: RTT:1811328: ssthresh:24: cwnd:24: delivered:26: lost:3: retrans:1
[  120.069599] AAAAA-TCP_RECV: name:enp0s3: saddr:16783984: daddr:100932208: srtt_us:14490631: RTT:1811328: ssthresh:24: cwnd:24: delivered:27: lost:3: retrans:1
[  120.069623] AAAAA-TCP_SEND: name:enp0s3: saddr:100932208: daddr:16783984: srtt_us:14423690: RTT:1802961: ssthresh:24: cwnd:24: delivered:28: lost:3: retrans:1
[  120.168163] AAAAA-TCP_RECV: name:enp0s3: saddr:16783984: daddr:100932208: srtt_us:14423690: RTT:1802961: ssthresh:24: cwnd:24: delivered:28: lost:3: retrans:1
[  120.168204] AAAAA-TCP_SEND: name:enp0s3: saddr:100932208: daddr:16783984: srtt_us:14463697: RTT:1807962: ssthresh:24: cwnd:24: delivered:29: lost:3: retrans:1
[  120.306038] AAAAA-TCP_RECV: name:enp0s3: saddr:16783984: daddr:100932208: srtt_us:14463697: RTT:1807962: ssthresh:24: cwnd:24: delivered:29: lost:3: retrans:1
[  120.306097] AAAAA-TCP_SEND: name:enp0s3: saddr:100932208: daddr:16783984: srtt_us:14550225: RTT:1818778: ssthresh:24: cwnd:24: delivered:30: lost:3: retrans:1
[  120.420974] AAAAA-TCP_RECV: name:enp0s3: saddr:16783984: daddr:100932208: srtt_us:14550225: RTT:1818778: ssthresh:24: cwnd:24: delivered:30: lost:3: retrans:1
[  120.421015] AAAAA-TCP_SEND: name:enp0s3: saddr:100932208: daddr:16783984: srtt_us:14740855: RTT:1842606: ssthresh:24: cwnd:24: delivered:31: lost:3: retrans:1
[  120.506493] AAAAA-TCP_RECV: name:enp0s3: saddr:16783984: daddr:100932208: srtt_us:14740855: RTT:1842606: ssthresh:24: cwnd:24: delivered:31: lost:3: retrans:1
[  120.506528] AAAAA-TCP_SEND: name:enp0s3: saddr:100932208: daddr:16783984: srtt_us:14849326: RTT:1856165: ssthresh:24: cwnd:24: delivered:32: lost:3: retrans:1
[  120.589939] AAAAA-TCP_RECV: name:enp0s3: saddr:16783984: daddr:100932208: srtt_us:14849326: RTT:1856165: ssthresh:24: cwnd:24: delivered:32: lost:3: retrans:1
[  120.590007] AAAAA-TCP_SEND: name:enp0s3: saddr:100932208: daddr:16783984: srtt_us:15027702: RTT:1878462: ssthresh:24: cwnd:24: delivered:33: lost:3: retrans:1
[  120.684634] AAAAA-TCP_RECV: name:enp0s3: saddr:16783984: daddr:100932208: srtt_us:15027702: RTT:1878462: ssthresh:24: cwnd:24: delivered:33: lost:3: retrans:1
[  120.684703] AAAAA-TCP_SEND: name:enp0s3: saddr:100932208: daddr:16783984: srtt_us:15127712: RTT:1890964: ssthresh:24: cwnd:25: delivered:34: lost:3: retrans:1
[  120.802640] AAAAA-TCP_RECV: name:enp0s3: saddr:16783984: daddr:100932208: srtt_us:15127712: RTT:1890964: ssthresh:24: cwnd:25: delivered:34: lost:3: retrans:1
[  120.802711] AAAAA-TCP_SEND: name:enp0s3: saddr:100932208: daddr:16783984: srtt_us:15333223: RTT:1916652: ssthresh:24: cwnd:25: delivered:35: lost:3: retrans:1
[  120.886110] AAAAA-TCP_RECV: name:enp0s3: saddr:16783984: daddr:100932208: srtt_us:15333223: RTT:1916652: ssthresh:24: cwnd:25: delivered:35: lost:3: retrans:1
[  120.886178] AAAAA-TCP_SEND: name:enp0s3: saddr:100932208: daddr:16783984: srtt_us:15535137: RTT:1941892: ssthresh:24: cwnd:25: delivered:36: lost:3: retrans:1
[  121.074215] AAAAA-TCP_RECV: name:enp0s3: saddr:16783984: daddr:100932208: srtt_us:15535137: RTT:1941892: ssthresh:24: cwnd:25: delivered:36: lost:3: retrans:1
[  121.074259] AAAAA-TCP_SEND: name:enp0s3: saddr:100932208: daddr:16783984: srtt_us:15899884: RTT:1987485: ssthresh:24: cwnd:25: delivered:37: lost:3: retrans:1
[  121.171433] AAAAA-TCP_RECV: name:enp0s3: saddr:16783984: daddr:100932208: srtt_us:15899884: RTT:1987485: ssthresh:24: cwnd:25: delivered:37: lost:3: retrans:1
[  121.171471] AAAAA-TCP_SEND: name:enp0s3: saddr:100932208: daddr:16783984: srtt_us:16195995: RTT:2024499: ssthresh:24: cwnd:25: delivered:38: lost:3: retrans:1
[  121.217511] AAAAA-TCP_RECV: name:enp0s3: saddr:16783984: daddr:100932208: srtt_us:16195995: RTT:2024499: ssthresh:24: cwnd:25: delivered:38: lost:3: retrans:1
[  121.217557] AAAAA-TCP_SEND: name:enp0s3: saddr:100932208: daddr:16783984: srtt_us:16501176: RTT:2062647: ssthresh:24: cwnd:25: delivered:39: lost:3: retrans:1
[  121.398649] AAAAA-TCP_RECV: name:enp0s3: saddr:16783984: daddr:100932208: srtt_us:16501176: RTT:2062647: ssthresh:24: cwnd:25: delivered:39: lost:3: retrans:1
[  121.398708] AAAAA-TCP_SEND: name:enp0s3: saddr:100932208: daddr:16783984: srtt_us:16835879: RTT:2104484: ssthresh:24: cwnd:26: delivered:40: lost:3: retrans:1
[  121.495478] AAAAA-TCP_RECV: name:enp0s3: saddr:16783984: daddr:100932208: srtt_us:16835879: RTT:2104484: ssthresh:24: cwnd:26: delivered:40: lost:3: retrans:1
[  121.495517] AAAAA-TCP_SEND: name:enp0s3: saddr:100932208: daddr:16783984: srtt_us:17225565: RTT:2153195: ssthresh:24: cwnd:26: delivered:41: lost:3: retrans:1
[  121.532770] AAAAA-TCP_RECV: name:enp0s3: saddr:16783984: daddr:100932208: srtt_us:17225565: RTT:2153195: ssthresh:24: cwnd:26: delivered:41: lost:3: retrans:1
[  121.532806] AAAAA-TCP_SEND: name:enp0s3: saddr:100932208: daddr:16783984: srtt_us:17475049: RTT:2184381: ssthresh:24: cwnd:26: delivered:42: lost:3: retrans:1
[  121.744519] AAAAA-TCP_RECV: name:enp0s3: saddr:16783984: daddr:100932208: srtt_us:17475049: RTT:2184381: ssthresh:24: cwnd:26: delivered:42: lost:3: retrans:1
[  121.744562] AAAAA-TCP_SEND: name:enp0s3: saddr:100932208: daddr:16783984: srtt_us:17905101: RTT:2238137: ssthresh:24: cwnd:27: delivered:43: lost:3: retrans:1
[  122.036004] AAAAA-TCP_RECV: name:enp0s3: saddr:16783984: daddr:100932208: srtt_us:17905101: RTT:2238137: ssthresh:24: cwnd:27: delivered:43: lost:3: retrans:1
[  122.036044] AAAAA-TCP_SEND: name:enp0s3: saddr:100932208: daddr:16783984: srtt_us:18435306: RTT:2304413: ssthresh:24: cwnd:27: delivered:44: lost:3: retrans:1
[  122.109546] AAAAA-TCP_RECV: name:enp0s3: saddr:16783984: daddr:100932208: srtt_us:18435306: RTT:2304413: ssthresh:24: cwnd:27: delivered:44: lost:3: retrans:1
[  122.109585] AAAAA-TCP_SEND: name:enp0s3: saddr:100932208: daddr:16783984: srtt_us:18862709: RTT:2357838: ssthresh:24: cwnd:28: delivered:46: lost:3: retrans:1
[  122.177903] AAAAA-TCP_RECV: name:enp0s3: saddr:16783984: daddr:100932208: srtt_us:18862709: RTT:2357838: ssthresh:24: cwnd:28: delivered:46: lost:3: retrans:1
[  122.271752] AAAAA-TCP_RECV: name:enp0s3: saddr:16783984: daddr:100932208: srtt_us:19215903: RTT:2401987: ssthresh:24: cwnd:28: delivered:48: lost:3: retrans:1
[  122.369739] AAAAA-TCP_RECV: name:enp0s3: saddr:16783984: daddr:100932208: srtt_us:19530733: RTT:2441341: ssthresh:24: cwnd:30: delivered:50: lost:3: retrans:1
[  122.437381] AAAAA-TCP_RECV: name:enp0s3: saddr:16783984: daddr:100932208: srtt_us:19753091: RTT:2469136: ssthresh:24: cwnd:30: delivered:51: lost:3: retrans:1
[  122.619484] AAAAA-TCP_RECV: name:enp0s3: saddr:16783984: daddr:100932208: srtt_us:19651741: RTT:2456467: ssthresh:24: cwnd:31: delivered:53: lost:3: retrans:1
[  122.687791] AAAAA-TCP_RECV: name:enp0s3: saddr:16783984: daddr:100932208: srtt_us:19508692: RTT:2438586: ssthresh:24: cwnd:32: delivered:55: lost:3: retrans:1
[  122.846101] AAAAA-TCP_RECV: name:enp0s3: saddr:16783984: daddr:100932208: srtt_us:19251398: RTT:2406424: ssthresh:24: cwnd:32: delivered:56: lost:3: retrans:1
[  122.931557] AAAAA-TCP_RECV: name:enp0s3: saddr:16783984: daddr:100932208: srtt_us:19101109: RTT:2387638: ssthresh:24: cwnd:33: delivered:57: lost:3: retrans:1
[  123.052836] AAAAA-TCP_RECV: name:enp0s3: saddr:16783984: daddr:100932208: srtt_us:18960361: RTT:2370045: ssthresh:24: cwnd:33: delivered:58: lost:3: retrans:1
[  123.123491] AAAAA-TCP_RECV: name:enp0s3: saddr:16783984: daddr:100932208: srtt_us:18958485: RTT:2369810: ssthresh:24: cwnd:34: delivered:59: lost:3: retrans:1
[  123.173776] AAAAA-TCP_RECV: name:enp0s3: saddr:16783984: daddr:100932208: srtt_us:18909489: RTT:2363686: ssthresh:24: cwnd:34: delivered:60: lost:3: retrans:1
[  123.390067] AAAAA-TCP_RECV: name:enp0s3: saddr:16783984: daddr:100932208: srtt_us:18833432: RTT:2354179: ssthresh:24: cwnd:35: delivered:61: lost:3: retrans:1
[  123.489998] AAAAA-TCP_RECV: name:enp0s3: saddr:16783984: daddr:100932208: srtt_us:18795108: RTT:2349388: ssthresh:24: cwnd:35: delivered:62: lost:3: retrans:1
[  123.556949] AAAAA-TCP_RECV: name:enp0s3: saddr:16783984: daddr:100932208: srtt_us:18764279: RTT:2345534: ssthresh:24: cwnd:36: delivered:63: lost:3: retrans:1
[  123.625257] AAAAA-TCP_RECV: name:enp0s3: saddr:16783984: daddr:100932208: srtt_us:18758166: RTT:2344770: ssthresh:24: cwnd:36: delivered:64: lost:3: retrans:1
[  123.714456] AAAAA-TCP_RECV: name:enp0s3: saddr:16783984: daddr:100932208: srtt_us:18639994: RTT:2329999: ssthresh:24: cwnd:37: delivered:65: lost:3: retrans:1
[  123.786203] AAAAA-TCP_RECV: name:enp0s3: saddr:16783984: daddr:100932208: srtt_us:18625772: RTT:2328221: ssthresh:24: cwnd:37: delivered:66: lost:3: retrans:1
[  123.939762] AAAAA-TCP_RECV: name:enp0s3: saddr:16783984: daddr:100932208: srtt_us:18588274: RTT:2323534: ssthresh:24: cwnd:38: delivered:67: lost:3: retrans:1
[  123.966823] AAAAA-TCP_RECV: name:enp0s3: saddr:16783984: daddr:100932208: srtt_us:18671730: RTT:2333966: ssthresh:24: cwnd:38: delivered:68: lost:3: retrans:1
[  124.063253] AAAAA-TCP_RECV: name:enp0s3: saddr:16783984: daddr:100932208: srtt_us:18560057: RTT:2320007: ssthresh:24: cwnd:39: delivered:69: lost:3: retrans:1
[  124.115512] AAAAA-TCP_RECV: name:enp0s3: saddr:16783984: daddr:100932208: srtt_us:18558753: RTT:2319844: ssthresh:24: cwnd:39: delivered:70: lost:3: retrans:1
[  124.158300] AAAAA-TCP_RECV: name:enp0s3: saddr:16783984: daddr:100932208: srtt_us:18318407: RTT:2289800: ssthresh:24: cwnd:40: delivered:71: lost:3: retrans:1
[  124.197700] AAAAA-TCP_RECV: name:enp0s3: saddr:16783984: daddr:100932208: srtt_us:18077333: RTT:2259666: ssthresh:24: cwnd:40: delivered:72: lost:3: retrans:1
[  141.385408] AAAAA-TCP_SEND: name:enp0s3: saddr:100932208: daddr:16783984: srtt_us:17905810: RTT:2238226: ssthresh:30: cwnd:10: delivered:73: lost:3: retrans:1
[  141.385525] AAAAA-TCP_SEND: name:enp0s3: saddr:100932208: daddr:16783984: srtt_us:17905810: RTT:2238226: ssthresh:30: cwnd:10: delivered:73: lost:3: retrans:1
[  141.385617] AAAAA-TCP_SEND: name:enp0s3: saddr:100932208: daddr:16783984: srtt_us:17905810: RTT:2238226: ssthresh:30: cwnd:10: delivered:73: lost:3: retrans:1
[  141.385706] AAAAA-TCP_SEND: name:enp0s3: saddr:100932208: daddr:16783984: srtt_us:17905810: RTT:2238226: ssthresh:30: cwnd:10: delivered:73: lost:3: retrans:1
[  141.385796] AAAAA-TCP_SEND: name:enp0s3: saddr:100932208: daddr:16783984: srtt_us:17905810: RTT:2238226: ssthresh:30: cwnd:10: delivered:73: lost:3: retrans:1
[  142.690914] AAAAA-TCP_RECV: name:enp0s3: saddr:16783984: daddr:100932208: srtt_us:17905810: RTT:2238226: ssthresh:30: cwnd:10: delivered:73: lost:3: retrans:1
[  142.690970] AAAAA-TCP_SEND: name:enp0s3: saddr:100932208: daddr:16783984: srtt_us:16973145: RTT:2121643: ssthresh:30: cwnd:11: delivered:74: lost:3: retrans:1
[  143.859561] AAAAA-TCP_RECV: name:enp0s3: saddr:16783984: daddr:100932208: srtt_us:16973145: RTT:2121643: ssthresh:30: cwnd:11: delivered:74: lost:3: retrans:1
[  143.859651] AAAAA-TCP_SEND: name:enp0s3: saddr:100932208: daddr:16783984: srtt_us:17325732: RTT:2165716: ssthresh:30: cwnd:12: delivered:75: lost:3: retrans:1
[  144.200630] AAAAA-TCP_RECV: name:enp0s3: saddr:16783984: daddr:100932208: srtt_us:17325732: RTT:2165716: ssthresh:30: cwnd:12: delivered:75: lost:3: retrans:1
[  144.200673] AAAAA-TCP_SEND: name:enp0s3: saddr:100932208: daddr:16783984: srtt_us:17975145: RTT:2246893: ssthresh:30: cwnd:13: delivered:76: lost:3: retrans:1
[  144.332866] AAAAA-TCP_RECV: name:enp0s3: saddr:16783984: daddr:100932208: srtt_us:17975145: RTT:2246893: ssthresh:30: cwnd:13: delivered:76: lost:3: retrans:1
[  144.332910] AAAAA-TCP_SEND: name:enp0s3: saddr:100932208: daddr:16783984: srtt_us:18675618: RTT:2334452: ssthresh:30: cwnd:14: delivered:77: lost:3: retrans:1
[  144.568377] AAAAA-TCP_RECV: name:enp0s3: saddr:16783984: daddr:100932208: srtt_us:18675618: RTT:2334452: ssthresh:30: cwnd:14: delivered:77: lost:3: retrans:1
[  144.568403] AAAAA-TCP_SEND: name:enp0s3: saddr:100932208: daddr:16783984: srtt_us:19524024: RTT:2440503: ssthresh:30: cwnd:15: delivered:78: lost:3: retrans:1
[  144.789994] AAAAA-TCP_RECV: name:enp0s3: saddr:16783984: daddr:100932208: srtt_us:19524024: RTT:2440503: ssthresh:30: cwnd:15: delivered:78: lost:3: retrans:1
[  144.790072] AAAAA-TCP_SEND: name:enp0s3: saddr:100932208: daddr:16783984: srtt_us:20488035: RTT:2561004: ssthresh:30: cwnd:16: delivered:79: lost:3: retrans:1
[  144.873565] AAAAA-TCP_RECV: name:enp0s3: saddr:16783984: daddr:100932208: srtt_us:20488035: RTT:2561004: ssthresh:30: cwnd:16: delivered:79: lost:3: retrans:1
[  144.873614] AAAAA-TCP_SEND: name:enp0s3: saddr:100932208: daddr:16783984: srtt_us:21415098: RTT:2676887: ssthresh:30: cwnd:17: delivered:80: lost:3: retrans:1
[  145.036240] AAAAA-TCP_RECV: name:enp0s3: saddr:16783984: daddr:100932208: srtt_us:21415098: RTT:2676887: ssthresh:30: cwnd:17: delivered:80: lost:3: retrans:1
[  145.036285] AAAAA-TCP_SEND: name:enp0s3: saddr:100932208: daddr:16783984: srtt_us:22388952: RTT:2798619: ssthresh:30: cwnd:18: delivered:81: lost:3: retrans:1
[  145.426888] AAAAA-TCP_RECV: name:enp0s3: saddr:16783984: daddr:100932208: srtt_us:22388952: RTT:2798619: ssthresh:30: cwnd:18: delivered:81: lost:3: retrans:1
[  145.426943] AAAAA-TCP_SEND: name:enp0s3: saddr:100932208: daddr:16783984: srtt_us:23631727: RTT:2953965: ssthresh:30: cwnd:19: delivered:82: lost:3: retrans:1
[  145.726021] AAAAA-TCP_RECV: name:enp0s3: saddr:16783984: daddr:100932208: srtt_us:23631727: RTT:2953965: ssthresh:30: cwnd:19: delivered:82: lost:3: retrans:1
[  145.726072] AAAAA-TCP_SEND: name:enp0s3: saddr:100932208: daddr:16783984: srtt_us:25018287: RTT:3127285: ssthresh:30: cwnd:20: delivered:83: lost:3: retrans:1
[  146.183763] AAAAA-TCP_RECV: name:enp0s3: saddr:16783984: daddr:100932208: srtt_us:25018287: RTT:3127285: ssthresh:30: cwnd:20: delivered:83: lost:3: retrans:1
[  146.183808] AAAAA-TCP_SEND: name:enp0s3: saddr:100932208: daddr:16783984: srtt_us:25383831: RTT:3172978: ssthresh:30: cwnd:21: delivered:84: lost:3: retrans:1
[  146.392417] AAAAA-TCP_RECV: name:enp0s3: saddr:16783984: daddr:100932208: srtt_us:25383831: RTT:3172978: ssthresh:30: cwnd:21: delivered:84: lost:3: retrans:1
[  146.392458] AAAAA-TCP_SEND: name:enp0s3: saddr:100932208: daddr:16783984: srtt_us:25912331: RTT:3239041: ssthresh:30: cwnd:22: delivered:85: lost:3: retrans:1
[  146.722556] AAAAA-TCP_RECV: name:enp0s3: saddr:16783984: daddr:100932208: srtt_us:25912331: RTT:3239041: ssthresh:30: cwnd:22: delivered:85: lost:3: retrans:1
[  146.722610] AAAAA-TCP_SEND: name:enp0s3: saddr:100932208: daddr:16783984: srtt_us:25536248: RTT:3192031: ssthresh:30: cwnd:23: delivered:86: lost:3: retrans:1
[  146.859621] AAAAA-TCP_RECV: name:enp0s3: saddr:16783984: daddr:100932208: srtt_us:25536248: RTT:3192031: ssthresh:30: cwnd:23: delivered:86: lost:3: retrans:1
[  146.859685] AAAAA-TCP_SEND: name:enp0s3: saddr:100932208: daddr:16783984: srtt_us:25344240: RTT:3168030: ssthresh:30: cwnd:24: delivered:87: lost:3: retrans:1
[  147.083529] AAAAA-TCP_RECV: name:enp0s3: saddr:16783984: daddr:100932208: srtt_us:25344240: RTT:3168030: ssthresh:30: cwnd:24: delivered:87: lost:3: retrans:1
[  147.083554] AAAAA-TCP_SEND: name:enp0s3: saddr:100932208: daddr:16783984: srtt_us:25059079: RTT:3132384: ssthresh:30: cwnd:25: delivered:88: lost:3: retrans:1
[  147.273492] AAAAA-TCP_RECV: name:enp0s3: saddr:16783984: daddr:100932208: srtt_us:25059079: RTT:3132384: ssthresh:30: cwnd:25: delivered:88: lost:3: retrans:1
[  147.273538] AAAAA-TCP_SEND: name:enp0s3: saddr:100932208: daddr:16783984: srtt_us:24999548: RTT:3124943: ssthresh:30: cwnd:26: delivered:89: lost:3: retrans:1
[  147.441570] AAAAA-TCP_RECV: name:enp0s3: saddr:16783984: daddr:100932208: srtt_us:24999548: RTT:3124943: ssthresh:30: cwnd:26: delivered:89: lost:3: retrans:1
[  147.441607] AAAAA-TCP_SEND: name:enp0s3: saddr:100932208: daddr:16783984: srtt_us:24983293: RTT:3122911: ssthresh:30: cwnd:27: delivered:90: lost:3: retrans:1
[  147.543927] AAAAA-TCP_RECV: name:enp0s3: saddr:16783984: daddr:100932208: srtt_us:24983293: RTT:3122911: ssthresh:30: cwnd:27: delivered:90: lost:3: retrans:1
[  147.543973] AAAAA-TCP_SEND: name:enp0s3: saddr:100932208: daddr:16783984: srtt_us:25071432: RTT:3133929: ssthresh:30: cwnd:28: delivered:91: lost:3: retrans:1
[  147.589271] AAAAA-TCP_RECV: name:enp0s3: saddr:16783984: daddr:100932208: srtt_us:25071432: RTT:3133929: ssthresh:30: cwnd:28: delivered:91: lost:3: retrans:1
[  147.589306] AAAAA-TCP_SEND: name:enp0s3: saddr:100932208: daddr:16783984: srtt_us:24958401: RTT:3119800: ssthresh:30: cwnd:29: delivered:92: lost:3: retrans:1
[  147.725582] AAAAA-TCP_RECV: name:enp0s3: saddr:16783984: daddr:100932208: srtt_us:24958401: RTT:3119800: ssthresh:30: cwnd:29: delivered:92: lost:3: retrans:1
[  147.725628] AAAAA-TCP_SEND: name:enp0s3: saddr:100932208: daddr:16783984: srtt_us:24995815: RTT:3124476: ssthresh:30: cwnd:30: delivered:93: lost:3: retrans:1
[  147.974163] AAAAA-TCP_RECV: name:enp0s3: saddr:16783984: daddr:100932208: srtt_us:24995815: RTT:3124476: ssthresh:30: cwnd:30: delivered:93: lost:3: retrans:1
[  147.974212] AAAAA-TCP_SEND: name:enp0s3: saddr:100932208: daddr:16783984: srtt_us:25055473: RTT:3131934: ssthresh:30: cwnd:30: delivered:94: lost:3: retrans:1
[  148.024824] AAAAA-TCP_RECV: name:enp0s3: saddr:16783984: daddr:100932208: srtt_us:25055473: RTT:3131934: ssthresh:30: cwnd:30: delivered:94: lost:3: retrans:1
[  148.024862] AAAAA-TCP_SEND: name:enp0s3: saddr:100932208: daddr:16783984: srtt_us:25158328: RTT:3144791: ssthresh:30: cwnd:31: delivered:95: lost:3: retrans:1
[  148.270817] AAAAA-TCP_RECV: name:enp0s3: saddr:16783984: daddr:100932208: srtt_us:25158328: RTT:3144791: ssthresh:30: cwnd:31: delivered:95: lost:3: retrans:1
[  148.270882] AAAAA-TCP_SEND: name:enp0s3: saddr:100932208: daddr:16783984: srtt_us:25410786: RTT:3176348: ssthresh:30: cwnd:31: delivered:96: lost:3: retrans:1
[  148.399223] AAAAA-TCP_RECV: name:enp0s3: saddr:16783984: daddr:100932208: srtt_us:25410786: RTT:3176348: ssthresh:30: cwnd:31: delivered:96: lost:3: retrans:1
[  148.399272] AAAAA-TCP_SEND: name:enp0s3: saddr:100932208: daddr:16783984: srtt_us:25760084: RTT:3220010: ssthresh:30: cwnd:32: delivered:97: lost:3: retrans:1
[  148.484262] AAAAA-TCP_RECV: name:enp0s3: saddr:16783984: daddr:100932208: srtt_us:25760084: RTT:3220010: ssthresh:30: cwnd:32: delivered:97: lost:3: retrans:1
[  148.484307] AAAAA-TCP_SEND: name:enp0s3: saddr:100932208: daddr:16783984: srtt_us:25988084: RTT:3248510: ssthresh:30: cwnd:32: delivered:98: lost:3: retrans:1
[  148.658706] AAAAA-TCP_RECV: name:enp0s3: saddr:16783984: daddr:100932208: srtt_us:25988084: RTT:3248510: ssthresh:30: cwnd:32: delivered:98: lost:3: retrans:1
[  148.658747] AAAAA-TCP_SEND: name:enp0s3: saddr:100932208: daddr:16783984: srtt_us:26362010: RTT:3295251: ssthresh:30: cwnd:33: delivered:99: lost:3: retrans:1
[  148.756488] AAAAA-TCP_RECV: name:enp0s3: saddr:16783984: daddr:100932208: srtt_us:26362010: RTT:3295251: ssthresh:30: cwnd:33: delivered:99: lost:3: retrans:1
[  148.756533] AAAAA-TCP_SEND: name:enp0s3: saddr:100932208: daddr:16783984: srtt_us:26396343: RTT:3299542: ssthresh:30: cwnd:33: delivered:100: lost:3: retrans:1
[  148.924443] AAAAA-TCP_RECV: name:enp0s3: saddr:16783984: daddr:100932208: srtt_us:26396343: RTT:3299542: ssthresh:30: cwnd:33: delivered:100: lost:3: retrans:1
[  148.924485] AAAAA-TCP_SEND: name:enp0s3: saddr:100932208: daddr:16783984: srtt_us:26594336: RTT:3324292: ssthresh:30: cwnd:34: delivered:101: lost:3: retrans:1
[  149.034576] AAAAA-TCP_RECV: name:enp0s3: saddr:16783984: daddr:100932208: srtt_us:26594336: RTT:3324292: ssthresh:30: cwnd:34: delivered:101: lost:3: retrans:1
[  149.034618] AAAAA-TCP_SEND: name:enp0s3: saddr:100932208: daddr:16783984: srtt_us:26578581: RTT:3322322: ssthresh:30: cwnd:34: delivered:102: lost:3: retrans:1
[  149.157186] AAAAA-TCP_RECV: name:enp0s3: saddr:16783984: daddr:100932208: srtt_us:26578581: RTT:3322322: ssthresh:30: cwnd:34: delivered:102: lost:3: retrans:1
[  149.157234] AAAAA-TCP_SEND: name:enp0s3: saddr:100932208: daddr:16783984: srtt_us:26687411: RTT:3335926: ssthresh:30: cwnd:35: delivered:103: lost:3: retrans:1
[  149.297807] AAAAA-TCP_RECV: name:enp0s3: saddr:16783984: daddr:100932208: srtt_us:26687411: RTT:3335926: ssthresh:30: cwnd:35: delivered:103: lost:3: retrans:1
[  149.297853] AAAAA-TCP_SEND: name:enp0s3: saddr:100932208: daddr:16783984: srtt_us:26465518: RTT:3308189: ssthresh:30: cwnd:35: delivered:104: lost:3: retrans:1
[  149.453149] AAAAA-TCP_RECV: name:enp0s3: saddr:16783984: daddr:100932208: srtt_us:26465518: RTT:3308189: ssthresh:30: cwnd:35: delivered:104: lost:3: retrans:1
[  149.453198] AAAAA-TCP_SEND: name:enp0s3: saddr:100932208: daddr:16783984: srtt_us:26426704: RTT:3303338: ssthresh:30: cwnd:36: delivered:105: lost:3: retrans:1
[  149.506278] AAAAA-TCP_RECV: name:enp0s3: saddr:16783984: daddr:100932208: srtt_us:26426704: RTT:3303338: ssthresh:30: cwnd:36: delivered:105: lost:3: retrans:1
[  149.506323] AAAAA-TCP_SEND: name:enp0s3: saddr:100932208: daddr:16783984: srtt_us:26237219: RTT:3279652: ssthresh:30: cwnd:36: delivered:106: lost:3: retrans:1
[  149.657269] AAAAA-TCP_RECV: name:enp0s3: saddr:16783984: daddr:100932208: srtt_us:26237219: RTT:3279652: ssthresh:30: cwnd:36: delivered:106: lost:3: retrans:1
[  149.657311] AAAAA-TCP_SEND: name:enp0s3: saddr:100932208: daddr:16783984: srtt_us:26222408: RTT:3277801: ssthresh:30: cwnd:37: delivered:107: lost:3: retrans:1
[  149.882497] AAAAA-TCP_RECV: name:enp0s3: saddr:16783984: daddr:100932208: srtt_us:26222408: RTT:3277801: ssthresh:30: cwnd:37: delivered:107: lost:3: retrans:1
[  149.882542] AAAAA-TCP_SEND: name:enp0s3: saddr:100932208: daddr:16783984: srtt_us:26104527: RTT:3263065: ssthresh:30: cwnd:37: delivered:108: lost:3: retrans:1
[  150.123674] AAAAA-TCP_RECV: name:enp0s3: saddr:16783984: daddr:100932208: srtt_us:26104527: RTT:3263065: ssthresh:30: cwnd:37: delivered:108: lost:3: retrans:1
[  150.123787] AAAAA-TCP_SEND: name:enp0s3: saddr:100932208: daddr:16783984: srtt_us:26242626: RTT:3280328: ssthresh:30: cwnd:38: delivered:109: lost:3: retrans:1
[  150.177986] AAAAA-TCP_RECV: name:enp0s3: saddr:16783984: daddr:100932208: srtt_us:26242626: RTT:3280328: ssthresh:30: cwnd:38: delivered:109: lost:3: retrans:1
[  150.178020] AAAAA-TCP_SEND: name:enp0s3: saddr:100932208: daddr:16783984: srtt_us:26280633: RTT:3285079: ssthresh:30: cwnd:38: delivered:110: lost:3: retrans:1
[  150.473579] AAAAA-TCP_RECV: name:enp0s3: saddr:16783984: daddr:100932208: srtt_us:26280633: RTT:3285079: ssthresh:30: cwnd:38: delivered:110: lost:3: retrans:1
[  150.473612] AAAAA-TCP_SEND: name:enp0s3: saddr:100932208: daddr:16783984: srtt_us:26609466: RTT:3326183: ssthresh:30: cwnd:39: delivered:111: lost:3: retrans:1
[  150.536991] AAAAA-TCP_RECV: name:enp0s3: saddr:16783984: daddr:100932208: srtt_us:26609466: RTT:3326183: ssthresh:30: cwnd:39: delivered:111: lost:3: retrans:1
[  150.537035] AAAAA-TCP_SEND: name:enp0s3: saddr:100932208: daddr:16783984: srtt_us:26736753: RTT:3342094: ssthresh:30: cwnd:39: delivered:112: lost:3: retrans:1
[  150.679300] AAAAA-TCP_RECV: name:enp0s3: saddr:16783984: daddr:100932208: srtt_us:26736753: RTT:3342094: ssthresh:30: cwnd:39: delivered:112: lost:3: retrans:1
[  150.679346] AAAAA-TCP_SEND: name:enp0s3: saddr:100932208: daddr:16783984: srtt_us:26990439: RTT:3373804: ssthresh:30: cwnd:40: delivered:113: lost:3: retrans:1
[  150.851144] AAAAA-TCP_RECV: name:enp0s3: saddr:16783984: daddr:100932208: srtt_us:26990439: RTT:3373804: ssthresh:30: cwnd:40: delivered:113: lost:3: retrans:1
[  150.851192] AAAAA-TCP_SEND: name:enp0s3: saddr:100932208: daddr:16783984: srtt_us:27194276: RTT:3399284: ssthresh:30: cwnd:40: delivered:114: lost:3: retrans:1
[  150.989924] AAAAA-TCP_RECV: name:enp0s3: saddr:16783984: daddr:100932208: srtt_us:27194276: RTT:3399284: ssthresh:30: cwnd:40: delivered:114: lost:3: retrans:1
[  150.989972] AAAAA-TCP_SEND: name:enp0s3: saddr:100932208: daddr:16783984: srtt_us:27511412: RTT:3438926: ssthresh:30: cwnd:41: delivered:115: lost:3: retrans:1
[  151.109400] AAAAA-TCP_RECV: name:enp0s3: saddr:16783984: daddr:100932208: srtt_us:27511412: RTT:3438926: ssthresh:30: cwnd:41: delivered:115: lost:3: retrans:1
[  151.109427] AAAAA-TCP_SEND: name:enp0s3: saddr:100932208: daddr:16783984: srtt_us:27740293: RTT:3467536: ssthresh:30: cwnd:41: delivered:116: lost:3: retrans:1
[  151.169930] AAAAA-TCP_RECV: name:enp0s3: saddr:16783984: daddr:100932208: srtt_us:27740293: RTT:3467536: ssthresh:30: cwnd:41: delivered:116: lost:3: retrans:1
[  151.169967] AAAAA-TCP_SEND: name:enp0s3: saddr:100932208: daddr:16783984: srtt_us:28001110: RTT:3500138: ssthresh:30: cwnd:42: delivered:117: lost:3: retrans:1
[  151.218264] AAAAA-TCP_RECV: name:enp0s3: saddr:16783984: daddr:100932208: srtt_us:28001110: RTT:3500138: ssthresh:30: cwnd:42: delivered:117: lost:3: retrans:1
[  151.218296] AAAAA-TCP_SEND: name:enp0s3: saddr:100932208: daddr:16783984: srtt_us:28175289: RTT:3521911: ssthresh:30: cwnd:42: delivered:118: lost:3: retrans:1
[  151.325824] AAAAA-TCP_RECV: name:enp0s3: saddr:16783984: daddr:100932208: srtt_us:28175289: RTT:3521911: ssthresh:30: cwnd:42: delivered:118: lost:3: retrans:1
[  151.325868] AAAAA-TCP_SEND: name:enp0s3: saddr:100932208: daddr:16783984: srtt_us:28389926: RTT:3548740: ssthresh:30: cwnd:43: delivered:119: lost:3: retrans:1
[  151.369792] AAAAA-TCP_RECV: name:enp0s3: saddr:16783984: daddr:100932208: srtt_us:28389926: RTT:3548740: ssthresh:30: cwnd:43: delivered:119: lost:3: retrans:1
[  151.369823] AAAAA-TCP_SEND: name:enp0s3: saddr:100932208: daddr:16783984: srtt_us:28621699: RTT:3577712: ssthresh:30: cwnd:43: delivered:120: lost:3: retrans:1
[  151.429800] AAAAA-TCP_RECV: name:enp0s3: saddr:16783984: daddr:100932208: srtt_us:28621699: RTT:3577712: ssthresh:30: cwnd:43: delivered:120: lost:3: retrans:1
[  151.429830] AAAAA-TCP_SEND: name:enp0s3: saddr:100932208: daddr:16783984: srtt_us:28748188: RTT:3593523: ssthresh:30: cwnd:44: delivered:121: lost:3: retrans:1
[  151.578978] AAAAA-TCP_RECV: name:enp0s3: saddr:16783984: daddr:100932208: srtt_us:28748188: RTT:3593523: ssthresh:30: cwnd:44: delivered:121: lost:3: retrans:1
[  151.669103] AAAAA-TCP_RECV: name:enp0s3: saddr:16783984: daddr:100932208: srtt_us:29008049: RTT:3626006: ssthresh:30: cwnd:44: delivered:122: lost:3: retrans:1
[  151.835424] AAAAA-TCP_RECV: name:enp0s3: saddr:16783984: daddr:100932208: srtt_us:29076951: RTT:3634618: ssthresh:30: cwnd:45: delivered:123: lost:3: retrans:1
[  151.881638] AAAAA-TCP_RECV: name:enp0s3: saddr:16783984: daddr:100932208: srtt_us:29303584: RTT:3662948: ssthresh:30: cwnd:45: delivered:124: lost:3: retrans:1
[  151.938379] AAAAA-TCP_RECV: name:enp0s3: saddr:16783984: daddr:100932208: srtt_us:29497444: RTT:3687180: ssthresh:30: cwnd:46: delivered:125: lost:3: retrans:1
[  152.082585] AAAAA-TCP_RECV: name:enp0s3: saddr:16783984: daddr:100932208: srtt_us:29723793: RTT:3715474: ssthresh:30: cwnd:46: delivered:126: lost:3: retrans:1
[  152.162572] AAAAA-TCP_RECV: name:enp0s3: saddr:16783984: daddr:100932208: srtt_us:29820041: RTT:3727505: ssthresh:30: cwnd:47: delivered:127: lost:3: retrans:1
[  152.258588] AAAAA-TCP_RECV: name:enp0s3: saddr:16783984: daddr:100932208: srtt_us:29855854: RTT:3731981: ssthresh:30: cwnd:47: delivered:128: lost:3: retrans:1
[  152.434501] AAAAA-TCP_RECV: name:enp0s3: saddr:16783984: daddr:100932208: srtt_us:29983240: RTT:3747905: ssthresh:30: cwnd:48: delivered:129: lost:3: retrans:1
[  152.527182] AAAAA-TCP_RECV: name:enp0s3: saddr:16783984: daddr:100932208: srtt_us:30185544: RTT:3773193: ssthresh:30: cwnd:48: delivered:130: lost:3: retrans:1
[  152.630135] AAAAA-TCP_RECV: name:enp0s3: saddr:16783984: daddr:100932208: srtt_us:30280830: RTT:3785103: ssthresh:30: cwnd:49: delivered:131: lost:3: retrans:1
[  152.733440] AAAAA-TCP_RECV: name:enp0s3: saddr:16783984: daddr:100932208: srtt_us:30467159: RTT:3808394: ssthresh:30: cwnd:49: delivered:132: lost:3: retrans:1
[  152.839443] AAAAA-TCP_RECV: name:enp0s3: saddr:16783984: daddr:100932208: srtt_us:30635705: RTT:3829463: ssthresh:30: cwnd:50: delivered:133: lost:3: retrans:1
[  152.979220] AAAAA-TCP_RECV: name:enp0s3: saddr:16783984: daddr:100932208: srtt_us:30721234: RTT:3840154: ssthresh:30: cwnd:50: delivered:134: lost:3: retrans:1
[  153.015095] AAAAA-TCP_RECV: name:enp0s3: saddr:16783984: daddr:100932208: srtt_us:30935852: RTT:3866981: ssthresh:30: cwnd:51: delivered:135: lost:3: retrans:1
[  153.044402] AAAAA-TCP_RECV: name:enp0s3: saddr:16783984: daddr:100932208: srtt_us:31049362: RTT:3881170: ssthresh:30: cwnd:51: delivered:136: lost:3: retrans:1
[  153.086375] AAAAA-TCP_RECV: name:enp0s3: saddr:16783984: daddr:100932208: srtt_us:31055386: RTT:3881923: ssthresh:30: cwnd:52: delivered:137: lost:3: retrans:1
[  153.113175] AAAAA-TCP_RECV: name:enp0s3: saddr:16783984: daddr:100932208: srtt_us:31102619: RTT:3887827: ssthresh:30: cwnd:52: delivered:138: lost:3: retrans:1
[  153.177484] AAAAA-TCP_RECV: name:enp0s3: saddr:16783984: daddr:100932208: srtt_us:31030127: RTT:3878765: ssthresh:30: cwnd:53: delivered:139: lost:3: retrans:1
[  153.197449] AAAAA-TCP_RECV: name:enp0s3: saddr:16783984: daddr:100932208: srtt_us:30875680: RTT:3859460: ssthresh:30: cwnd:53: delivered:140: lost:3: retrans:1
[  153.233136] AAAAA-TCP_RECV: name:enp0s3: saddr:16783984: daddr:100932208: srtt_us:30760502: RTT:3845062: ssthresh:30: cwnd:54: delivered:141: lost:3: retrans:1
[  153.262954] AAAAA-TCP_RECV: name:enp0s3: saddr:16783984: daddr:100932208: srtt_us:30642280: RTT:3830285: ssthresh:30: cwnd:54: delivered:142: lost:3: retrans:1
[  153.298572] AAAAA-TCP_RECV: name:enp0s3: saddr:16783984: daddr:100932208: srtt_us:30417664: RTT:3802208: ssthresh:30: cwnd:55: delivered:143: lost:3: retrans:1
[  153.342926] AAAAA-TCP_RECV: name:enp0s3: saddr:16783984: daddr:100932208: srtt_us:30256743: RTT:3782092: ssthresh:30: cwnd:55: delivered:144: lost:3: retrans:1
[  153.378182] AAAAA-TCP_RECV: name:enp0s3: saddr:16783984: daddr:100932208: srtt_us:29935062: RTT:3741882: ssthresh:30: cwnd:56: delivered:145: lost:3: retrans:1
[  153.410981] AAAAA-TCP_RECV: name:enp0s3: saddr:16783984: daddr:100932208: srtt_us:29447602: RTT:3680950: ssthresh:30: cwnd:56: delivered:146: lost:3: retrans:1
[  153.436382] AAAAA-TCP_RECV: name:enp0s3: saddr:16783984: daddr:100932208: srtt_us:29053874: RTT:3631734: ssthresh:30: cwnd:57: delivered:147: lost:3: retrans:1
[  153.484918] AAAAA-TCP_RECV: name:enp0s3: saddr:16783984: daddr:100932208: srtt_us:28680512: RTT:3585064: ssthresh:30: cwnd:57: delivered:148: lost:3: retrans:1
[  153.525130] AAAAA-TCP_RECV: name:enp0s3: saddr:16783984: daddr:100932208: srtt_us:28106794: RTT:3513349: ssthresh:30: cwnd:58: delivered:149: lost:3: retrans:1
[  153.543674] AAAAA-TCP_RECV: name:enp0s3: saddr:16783984: daddr:100932208: srtt_us:27644997: RTT:3455624: ssthresh:30: cwnd:58: delivered:150: lost:3: retrans:1
[  153.591156] AAAAA-TCP_RECV: name:enp0s3: saddr:16783984: daddr:100932208: srtt_us:27196039: RTT:3399504: ssthresh:30: cwnd:59: delivered:151: lost:3: retrans:1
[  153.625127] AAAAA-TCP_RECV: name:enp0s3: saddr:16783984: daddr:100932208: srtt_us:26708372: RTT:3338546: ssthresh:30: cwnd:59: delivered:152: lost:3: retrans:1
[  153.669762] AAAAA-TCP_RECV: name:enp0s3: saddr:16783984: daddr:100932208: srtt_us:26315633: RTT:3289454: ssthresh:30: cwnd:60: delivered:153: lost:3: retrans:1
[  153.697811] AAAAA-TCP_RECV: name:enp0s3: saddr:16783984: daddr:100932208: srtt_us:25844777: RTT:3230597: ssthresh:30: cwnd:60: delivered:154: lost:3: retrans:1
[  153.735091] AAAAA-TCP_RECV: name:enp0s3: saddr:16783984: daddr:100932208: srtt_us:25322047: RTT:3165255: ssthresh:30: cwnd:61: delivered:155: lost:3: retrans:1
[  153.781780] AAAAA-TCP_RECV: name:enp0s3: saddr:16783984: daddr:100932208: srtt_us:24901939: RTT:3112742: ssthresh:30: cwnd:61: delivered:156: lost:3: retrans:1
[  153.802220] AAAAA-TCP_RECV: name:enp0s3: saddr:16783984: daddr:100932208: srtt_us:24461578: RTT:3057697: ssthresh:30: cwnd:62: delivered:157: lost:3: retrans:1
[  153.833129] AAAAA-TCP_RECV: name:enp0s3: saddr:16783984: daddr:100932208: srtt_us:24036155: RTT:3004519: ssthresh:30: cwnd:62: delivered:158: lost:3: retrans:1
[  153.864095] AAAAA-TCP_RECV: name:enp0s3: saddr:16783984: daddr:100932208: srtt_us:23694820: RTT:2961852: ssthresh:30: cwnd:63: delivered:159: lost:3: retrans:1
[  153.885392] AAAAA-TCP_RECV: name:enp0s3: saddr:16783984: daddr:100932208: srtt_us:23378790: RTT:2922348: ssthresh:30: cwnd:63: delivered:160: lost:3: retrans:1
[  153.901709] AAAAA-TCP_RECV: name:enp0s3: saddr:16783984: daddr:100932208: srtt_us:23015991: RTT:2876998: ssthresh:30: cwnd:64: delivered:161: lost:3: retrans:1
[  153.917825] AAAAA-TCP_RECV: name:enp0s3: saddr:16783984: daddr:100932208: srtt_us:22714861: RTT:2839357: ssthresh:30: cwnd:64: delivered:162: lost:3: retrans:1
[  153.934146] AAAAA-TCP_RECV: name:enp0s3: saddr:16783984: daddr:100932208: srtt_us:22423525: RTT:2802940: ssthresh:30: cwnd:65: delivered:163: lost:3: retrans:1
[  174.153415] AAAAA-TCP_SEND: name:enp0s3: saddr:100932208: daddr:16783984: srtt_us:22124920: RTT:2765615: ssthresh:48: cwnd:10: delivered:164: lost:3: retrans:1
[  174.153465] AAAAA-TCP_SEND: name:enp0s3: saddr:100932208: daddr:16783984: srtt_us:22124920: RTT:2765615: ssthresh:48: cwnd:10: delivered:164: lost:3: retrans:1
[  174.153621] AAAAA-TCP_SEND: name:enp0s3: saddr:100932208: daddr:16783984: srtt_us:22124920: RTT:2765615: ssthresh:48: cwnd:10: delivered:164: lost:3: retrans:1
[  174.153709] AAAAA-TCP_SEND: name:enp0s3: saddr:100932208: daddr:16783984: srtt_us:22124920: RTT:2765615: ssthresh:48: cwnd:10: delivered:164: lost:3: retrans:1
[  174.153798] AAAAA-TCP_SEND: name:enp0s3: saddr:100932208: daddr:16783984: srtt_us:22124920: RTT:2765615: ssthresh:48: cwnd:10: delivered:164: lost:3: retrans:1
[  174.423948] AAAAA-TCP_RECV: name:enp0s3: saddr:16783984: daddr:100932208: srtt_us:22124920: RTT:2765615: ssthresh:48: cwnd:10: delivered:164: lost:3: retrans:1
[  174.423992] AAAAA-TCP_SEND: name:enp0s3: saddr:100932208: daddr:16783984: srtt_us:19629887: RTT:2453735: ssthresh:48: cwnd:11: delivered:165: lost:3: retrans:1
[  174.655876] AAAAA-TCP_RECV: name:enp0s3: saddr:16783984: daddr:100932208: srtt_us:19629887: RTT:2453735: ssthresh:48: cwnd:11: delivered:165: lost:3: retrans:1
[  174.655925] AAAAA-TCP_SEND: name:enp0s3: saddr:100932208: daddr:16783984: srtt_us:17678666: RTT:2209833: ssthresh:48: cwnd:12: delivered:166: lost:3: retrans:1
[  174.858328] AAAAA-TCP_RECV: name:enp0s3: saddr:16783984: daddr:100932208: srtt_us:17678666: RTT:2209833: ssthresh:48: cwnd:12: delivered:166: lost:3: retrans:1
[  174.858471] AAAAA-TCP_SEND: name:enp0s3: saddr:100932208: daddr:16783984: srtt_us:16173742: RTT:2021717: ssthresh:48: cwnd:13: delivered:167: lost:3: retrans:1
[  175.064102] AAAAA-TCP_RECV: name:enp0s3: saddr:16783984: daddr:100932208: srtt_us:16173742: RTT:2021717: ssthresh:48: cwnd:13: delivered:167: lost:3: retrans:1
[  175.064141] AAAAA-TCP_SEND: name:enp0s3: saddr:100932208: daddr:16783984: srtt_us:15062669: RTT:1882833: ssthresh:48: cwnd:14: delivered:168: lost:3: retrans:1
[  175.187888] AAAAA-TCP_RECV: name:enp0s3: saddr:16783984: daddr:100932208: srtt_us:15062669: RTT:1882833: ssthresh:48: cwnd:14: delivered:168: lost:3: retrans:1
[  175.187941] AAAAA-TCP_SEND: name:enp0s3: saddr:100932208: daddr:16783984: srtt_us:14214134: RTT:1776766: ssthresh:48: cwnd:15: delivered:169: lost:3: retrans:1
[  175.222511] AAAAA-TCP_RECV: name:enp0s3: saddr:16783984: daddr:100932208: srtt_us:14214134: RTT:1776766: ssthresh:48: cwnd:15: delivered:169: lost:3: retrans:1
[  175.222547] AAAAA-TCP_SEND: name:enp0s3: saddr:100932208: daddr:16783984: srtt_us:13506280: RTT:1688285: ssthresh:48: cwnd:16: delivered:170: lost:3: retrans:1
[  175.330157] AAAAA-TCP_RECV: name:enp0s3: saddr:16783984: daddr:100932208: srtt_us:13506280: RTT:1688285: ssthresh:48: cwnd:16: delivered:170: lost:3: retrans:1
[  175.330225] AAAAA-TCP_SEND: name:enp0s3: saddr:100932208: daddr:16783984: srtt_us:12994492: RTT:1624311: ssthresh:48: cwnd:17: delivered:171: lost:3: retrans:1
[  175.440938] AAAAA-TCP_RECV: name:enp0s3: saddr:16783984: daddr:100932208: srtt_us:12994492: RTT:1624311: ssthresh:48: cwnd:17: delivered:171: lost:3: retrans:1
[  175.440966] AAAAA-TCP_SEND: name:enp0s3: saddr:100932208: daddr:16783984: srtt_us:12657417: RTT:1582177: ssthresh:48: cwnd:18: delivered:172: lost:3: retrans:1
[  175.902159] AAAAA-TCP_RECV: name:enp0s3: saddr:16783984: daddr:100932208: srtt_us:12657417: RTT:1582177: ssthresh:48: cwnd:18: delivered:172: lost:3: retrans:1
[  175.902212] AAAAA-TCP_SEND: name:enp0s3: saddr:100932208: daddr:16783984: srtt_us:12823631: RTT:1602953: ssthresh:48: cwnd:19: delivered:173: lost:3: retrans:1
[  176.196782] AAAAA-TCP_RECV: name:enp0s3: saddr:16783984: daddr:100932208: srtt_us:12823631: RTT:1602953: ssthresh:48: cwnd:19: delivered:173: lost:3: retrans:1
[  176.196810] AAAAA-TCP_SEND: name:enp0s3: saddr:100932208: daddr:16783984: srtt_us:13263668: RTT:1657958: ssthresh:48: cwnd:20: delivered:174: lost:3: retrans:1
[  176.235652] AAAAA-TCP_RECV: name:enp0s3: saddr:16783984: daddr:100932208: srtt_us:13263668: RTT:1657958: ssthresh:48: cwnd:20: delivered:174: lost:3: retrans:1
[  176.235688] AAAAA-TCP_SEND: name:enp0s3: saddr:100932208: daddr:16783984: srtt_us:13417400: RTT:1677175: ssthresh:48: cwnd:21: delivered:175: lost:3: retrans:1
[  176.399283] AAAAA-TCP_RECV: name:enp0s3: saddr:16783984: daddr:100932208: srtt_us:13417400: RTT:1677175: ssthresh:48: cwnd:21: delivered:175: lost:3: retrans:1
[  176.399331] AAAAA-TCP_SEND: name:enp0s3: saddr:100932208: daddr:16783984: srtt_us:13715552: RTT:1714444: ssthresh:48: cwnd:22: delivered:176: lost:3: retrans:1
[  176.616526] AAAAA-TCP_RECV: name:enp0s3: saddr:16783984: daddr:100932208: srtt_us:13715552: RTT:1714444: ssthresh:48: cwnd:22: delivered:176: lost:3: retrans:1
[  176.616579] AAAAA-TCP_SEND: name:enp0s3: saddr:100932208: daddr:16783984: srtt_us:13961748: RTT:1745218: ssthresh:48: cwnd:23: delivered:177: lost:3: retrans:1
[  176.698253] AAAAA-TCP_RECV: name:enp0s3: saddr:16783984: daddr:100932208: srtt_us:13961748: RTT:1745218: ssthresh:48: cwnd:23: delivered:177: lost:3: retrans:1
[  176.698317] AAAAA-TCP_SEND: name:enp0s3: saddr:100932208: daddr:16783984: srtt_us:14258906: RTT:1782363: ssthresh:48: cwnd:24: delivered:178: lost:3: retrans:1
[  177.330979] AAAAA-TCP_RECV: name:enp0s3: saddr:16783984: daddr:100932208: srtt_us:14258906: RTT:1782363: ssthresh:48: cwnd:24: delivered:178: lost:3: retrans:1
[  177.331032] AAAAA-TCP_SEND: name:enp0s3: saddr:100932208: daddr:16783984: srtt_us:14949097: RTT:1868637: ssthresh:48: cwnd:25: delivered:179: lost:3: retrans:1
[  177.727325] AAAAA-TCP_RECV: name:enp0s3: saddr:16783984: daddr:100932208: srtt_us:14949097: RTT:1868637: ssthresh:48: cwnd:25: delivered:179: lost:3: retrans:1
[  177.727415] AAAAA-TCP_SEND: name:enp0s3: saddr:100932208: daddr:16783984: srtt_us:15949399: RTT:1993674: ssthresh:48: cwnd:26: delivered:180: lost:3: retrans:1
[  177.876617] AAAAA-TCP_RECV: name:enp0s3: saddr:16783984: daddr:100932208: srtt_us:15949399: RTT:1993674: ssthresh:48: cwnd:26: delivered:180: lost:3: retrans:1
[  177.876667] AAAAA-TCP_SEND: name:enp0s3: saddr:100932208: daddr:16783984: srtt_us:16768246: RTT:2096030: ssthresh:48: cwnd:27: delivered:181: lost:3: retrans:1
[  177.941715] AAAAA-TCP_RECV: name:enp0s3: saddr:16783984: daddr:100932208: srtt_us:16768246: RTT:2096030: ssthresh:48: cwnd:27: delivered:181: lost:3: retrans:1
[  177.941760] AAAAA-TCP_SEND: name:enp0s3: saddr:100932208: daddr:16783984: srtt_us:17549832: RTT:2193729: ssthresh:48: cwnd:28: delivered:182: lost:3: retrans:1
[  178.134785] AAAAA-TCP_RECV: name:enp0s3: saddr:16783984: daddr:100932208: srtt_us:17549832: RTT:2193729: ssthresh:48: cwnd:28: delivered:182: lost:3: retrans:1
[  178.134811] AAAAA-TCP_SEND: name:enp0s3: saddr:100932208: daddr:16783984: srtt_us:18302965: RTT:2287870: ssthresh:48: cwnd:29: delivered:183: lost:3: retrans:1
[  178.441666] AAAAA-TCP_RECV: name:enp0s3: saddr:16783984: daddr:100932208: srtt_us:18302965: RTT:2287870: ssthresh:48: cwnd:29: delivered:183: lost:3: retrans:1
[  178.441710] AAAAA-TCP_SEND: name:enp0s3: saddr:100932208: daddr:16783984: srtt_us:19268856: RTT:2408607: ssthresh:48: cwnd:30: delivered:184: lost:3: retrans:1
[  178.886939] AAAAA-TCP_RECV: name:enp0s3: saddr:16783984: daddr:100932208: srtt_us:19268856: RTT:2408607: ssthresh:48: cwnd:30: delivered:184: lost:3: retrans:1
[  178.886987] AAAAA-TCP_SEND: name:enp0s3: saddr:100932208: daddr:16783984: srtt_us:20524675: RTT:2565584: ssthresh:48: cwnd:31: delivered:185: lost:3: retrans:1
[  179.073272] AAAAA-TCP_RECV: name:enp0s3: saddr:16783984: daddr:100932208: srtt_us:20524675: RTT:2565584: ssthresh:48: cwnd:31: delivered:185: lost:3: retrans:1
[  179.073300] AAAAA-TCP_SEND: name:enp0s3: saddr:100932208: daddr:16783984: srtt_us:21809828: RTT:2726228: ssthresh:48: cwnd:32: delivered:186: lost:3: retrans:1
[  179.274957] AAAAA-TCP_RECV: name:enp0s3: saddr:16783984: daddr:100932208: srtt_us:21809828: RTT:2726228: ssthresh:48: cwnd:32: delivered:186: lost:3: retrans:1
[  179.275006] AAAAA-TCP_SEND: name:enp0s3: saddr:100932208: daddr:16783984: srtt_us:23028373: RTT:2878546: ssthresh:48: cwnd:33: delivered:187: lost:3: retrans:1
[  179.384361] AAAAA-TCP_RECV: name:enp0s3: saddr:16783984: daddr:100932208: srtt_us:23028373: RTT:2878546: ssthresh:48: cwnd:33: delivered:187: lost:3: retrans:1
[  179.384415] AAAAA-TCP_SEND: name:enp0s3: saddr:100932208: daddr:16783984: srtt_us:24204008: RTT:3025501: ssthresh:48: cwnd:34: delivered:188: lost:3: retrans:1
[  179.453519] AAAAA-TCP_RECV: name:enp0s3: saddr:16783984: daddr:100932208: srtt_us:24204008: RTT:3025501: ssthresh:48: cwnd:34: delivered:188: lost:3: retrans:1
[  179.453555] AAAAA-TCP_SEND: name:enp0s3: saddr:100932208: daddr:16783984: srtt_us:25191092: RTT:3148886: ssthresh:48: cwnd:35: delivered:189: lost:3: retrans:1
[  179.617039] AAAAA-TCP_RECV: name:enp0s3: saddr:16783984: daddr:100932208: srtt_us:25191092: RTT:3148886: ssthresh:48: cwnd:35: delivered:189: lost:3: retrans:1
[  179.617120] AAAAA-TCP_SEND: name:enp0s3: saddr:100932208: daddr:16783984: srtt_us:25042723: RTT:3130340: ssthresh:24: cwnd:26: delivered:190: lost:12: retrans:2
[  179.693931] AAAAA-TCP_RECV: name:enp0s3: saddr:16783984: daddr:100932208: srtt_us:25042723: RTT:3130340: ssthresh:24: cwnd:26: delivered:190: lost:12: retrans:2
[  179.785443] AAAAA-TCP_RECV: name:enp0s3: saddr:16783984: daddr:100932208: srtt_us:24908015: RTT:3113501: ssthresh:24: cwnd:24: delivered:191: lost:13: retrans:2
[  179.785494] AAAAA-TCP_SEND: name:enp0s3: saddr:100932208: daddr:16783984: srtt_us:24881677: RTT:3110209: ssthresh:24: cwnd:24: delivered:192: lost:13: retrans:3
[  179.859399] AAAAA-TCP_RECV: name:enp0s3: saddr:16783984: daddr:100932208: srtt_us:24881677: RTT:3110209: ssthresh:24: cwnd:24: delivered:192: lost:13: retrans:3
[  179.859441] AAAAA-TCP_SEND: name:enp0s3: saddr:100932208: daddr:16783984: srtt_us:26190468: RTT:3273808: ssthresh:24: cwnd:24: delivered:193: lost:13: retrans:3
[  179.942071] AAAAA-TCP_RECV: name:enp0s3: saddr:16783984: daddr:100932208: srtt_us:26190468: RTT:3273808: ssthresh:24: cwnd:24: delivered:193: lost:13: retrans:3
[  179.942111] AAAAA-TCP_SEND: name:enp0s3: saddr:100932208: daddr:16783984: srtt_us:25527736: RTT:3190967: ssthresh:24: cwnd:24: delivered:194: lost:13: retrans:4
[  180.094198] AAAAA-TCP_RECV: name:enp0s3: saddr:16783984: daddr:100932208: srtt_us:25527736: RTT:3190967: ssthresh:24: cwnd:24: delivered:194: lost:13: retrans:4
[  180.094233] AAAAA-TCP_SEND: name:enp0s3: saddr:100932208: daddr:16783984: srtt_us:25099954: RTT:3137494: ssthresh:24: cwnd:24: delivered:195: lost:13: retrans:5
[  180.214664] AAAAA-TCP_RECV: name:enp0s3: saddr:16783984: daddr:100932208: srtt_us:25099954: RTT:3137494: ssthresh:24: cwnd:24: delivered:195: lost:13: retrans:5
[  180.214716] AAAAA-TCP_SEND: name:enp0s3: saddr:100932208: daddr:16783984: srtt_us:26274460: RTT:3284307: ssthresh:24: cwnd:24: delivered:196: lost:13: retrans:5
[  180.436139] AAAAA-TCP_RECV: name:enp0s3: saddr:16783984: daddr:100932208: srtt_us:26274460: RTT:3284307: ssthresh:24: cwnd:24: delivered:196: lost:13: retrans:5
[  180.436215] AAAAA-TCP_SEND: name:enp0s3: saddr:100932208: daddr:16783984: srtt_us:25698933: RTT:3212366: ssthresh:24: cwnd:24: delivered:197: lost:13: retrans:6
[  180.570114] AAAAA-TCP_RECV: name:enp0s3: saddr:16783984: daddr:100932208: srtt_us:25698933: RTT:3212366: ssthresh:24: cwnd:24: delivered:197: lost:13: retrans:6
[  180.570143] AAAAA-TCP_SEND: name:enp0s3: saddr:100932208: daddr:16783984: srtt_us:27154567: RTT:3394320: ssthresh:24: cwnd:24: delivered:198: lost:13: retrans:6
[  180.733243] AAAAA-TCP_RECV: name:enp0s3: saddr:16783984: daddr:100932208: srtt_us:27154567: RTT:3394320: ssthresh:24: cwnd:24: delivered:198: lost:13: retrans:6
[  180.733296] AAAAA-TCP_SEND: name:enp0s3: saddr:100932208: daddr:16783984: srtt_us:26766112: RTT:3345764: ssthresh:24: cwnd:24: delivered:199: lost:13: retrans:7
[  180.938518] AAAAA-TCP_RECV: name:enp0s3: saddr:16783984: daddr:100932208: srtt_us:26766112: RTT:3345764: ssthresh:24: cwnd:24: delivered:199: lost:13: retrans:7
[  180.938562] AAAAA-TCP_SEND: name:enp0s3: saddr:100932208: daddr:16783984: srtt_us:26482233: RTT:3310279: ssthresh:24: cwnd:24: delivered:200: lost:13: retrans:8
[  181.057582] AAAAA-TCP_RECV: name:enp0s3: saddr:16783984: daddr:100932208: srtt_us:26482233: RTT:3310279: ssthresh:24: cwnd:24: delivered:200: lost:13: retrans:8
[  181.057608] AAAAA-TCP_SEND: name:enp0s3: saddr:100932208: daddr:16783984: srtt_us:26352885: RTT:3294110: ssthresh:24: cwnd:24: delivered:201: lost:13: retrans:9
[  181.194953] AAAAA-TCP_RECV: name:enp0s3: saddr:16783984: daddr:100932208: srtt_us:26352885: RTT:3294110: ssthresh:24: cwnd:24: delivered:201: lost:13: retrans:9
