[    0.000000] Linux version 5.4.243-tcp (root@ztg) (gcc version 12.2.0 (Debian 12.2.0-14)) #1 SMP Fri Apr 12 08:27:09 CST 2024
[    0.000000] Command line: BOOT_IMAGE=/boot/vmlinuz-5.4.243-tcp root=UUID=98415a12-53b7-4144-8265-0f7ece09e445 ro quiet splash
[    0.000000] KERNEL supported cpus:
[    0.000000]   Intel GenuineIntel
[    0.000000]   AMD AuthenticAMD
[    0.000000]   Hygon HygonGenuine
[    0.000000]   Centaur CentaurHauls
[    0.000000]   zhaoxin   Shanghai  
[    0.000000] x86/fpu: Supporting XSAVE feature 0x001: 'x87 floating point registers'
[    0.000000] x86/fpu: Supporting XSAVE feature 0x002: 'SSE registers'
[    0.000000] x86/fpu: Supporting XSAVE feature 0x004: 'AVX registers'
[    0.000000] x86/fpu: xstate_offset[2]:  576, xstate_sizes[2]:  256
[    0.000000] x86/fpu: Enabled xstate features 0x7, context size is 832 bytes, using 'standard' format.
[    0.000000] BIOS-provided physical RAM map:
[    0.000000] BIOS-e820: [mem 0x0000000000000000-0x000000000009fbff] usable
[    0.000000] BIOS-e820: [mem 0x000000000009fc00-0x000000000009ffff] reserved
[    0.000000] BIOS-e820: [mem 0x00000000000f0000-0x00000000000fffff] reserved
[    0.000000] BIOS-e820: [mem 0x0000000000100000-0x000000007ffeffff] usable
[    0.000000] BIOS-e820: [mem 0x000000007fff0000-0x000000007fffffff] ACPI data
[    0.000000] BIOS-e820: [mem 0x00000000fec00000-0x00000000fec00fff] reserved
[    0.000000] BIOS-e820: [mem 0x00000000fee00000-0x00000000fee00fff] reserved
[    0.000000] BIOS-e820: [mem 0x00000000fffc0000-0x00000000ffffffff] reserved
[    0.000000] NX (Execute Disable) protection: active
[    0.000000] SMBIOS 2.5 present.
[    0.000000] DMI: innotek GmbH VirtualBox/VirtualBox, BIOS VirtualBox 12/01/2006
[    0.000000] Hypervisor detected: KVM
[    0.000000] kvm-clock: Using msrs 4b564d01 and 4b564d00
[    0.000000] kvm-clock: cpu 0, msr 4f201001, primary cpu clock
[    0.000000] kvm-clock: using sched offset of 4455797114 cycles
[    0.000003] clocksource: kvm-clock: mask: 0xffffffffffffffff max_cycles: 0x1cd42e4dffb, max_idle_ns: 881590591483 ns
[    0.000005] tsc: Detected 2100.000 MHz processor
[    0.001912] e820: update [mem 0x00000000-0x00000fff] usable ==> reserved
[    0.001914] e820: remove [mem 0x000a0000-0x000fffff] usable
[    0.001918] last_pfn = 0x7fff0 max_arch_pfn = 0x400000000
[    0.001987] MTRR default type: uncachable
[    0.001988] MTRR fixed ranges enabled:
[    0.001989]   00000-9FFFF write-back
[    0.001989]   A0000-BFFFF uncachable
[    0.001990]   C0000-FFFFF write-protect
[    0.001991] MTRR variable ranges enabled:
[    0.001992]   0 base 000000000000 mask 3FFF80000000 write-back
[    0.001993]   1 disabled
[    0.001993]   2 disabled
[    0.001994]   3 disabled
[    0.001994]   4 disabled
[    0.001995]   5 disabled
[    0.001995]   6 disabled
[    0.001995]   7 disabled
[    0.001996]   8 disabled
[    0.001996]   9 disabled
[    0.001997]   10 disabled
[    0.001997]   11 disabled
[    0.001998]   12 disabled
[    0.001998]   13 disabled
[    0.001998]   14 disabled
[    0.001999]   15 disabled
[    0.002015] x86/PAT: Configuration [0-7]: WB  WC  UC- UC  WB  WP  UC- WT  
[    0.002150] found SMP MP-table at [mem 0x0009fff0-0x0009ffff]
[    0.092262] check: Scanning 1 areas for low memory corruption
[    0.092401] RAMDISK: [mem 0x32275000-0x35131fff]
[    0.092409] ACPI: Early table checksum verification disabled
[    0.092414] ACPI: RSDP 0x00000000000E0000 000024 (v02 VBOX  )
[    0.092418] ACPI: XSDT 0x000000007FFF0030 00003C (v01 VBOX   VBOXXSDT 00000001 ASL  00000061)
[    0.092425] ACPI: FACP 0x000000007FFF00F0 0000F4 (v04 VBOX   VBOXFACP 00000001 ASL  00000061)
[    0.092431] ACPI: DSDT 0x000000007FFF02E0 002353 (v02 VBOX   VBOXBIOS 00000002 VBOX 00029BF3)
[    0.092435] ACPI: FACS 0x000000007FFF0200 000040
[    0.092438] ACPI: FACS 0x000000007FFF0200 000040
[    0.092441] ACPI: APIC 0x000000007FFF0240 000054 (v02 VBOX   VBOXAPIC 00000001 ASL  00000061)
[    0.092445] ACPI: SSDT 0x000000007FFF02A0 000038 (v01 VBOX   VBOXCPUT 00000002 VBOX 00029BF3)
[    0.092448] ACPI: Reserving FACP table memory at [mem 0x7fff00f0-0x7fff01e3]
[    0.092449] ACPI: Reserving DSDT table memory at [mem 0x7fff02e0-0x7fff2632]
[    0.092450] ACPI: Reserving FACS table memory at [mem 0x7fff0200-0x7fff023f]
[    0.092450] ACPI: Reserving FACS table memory at [mem 0x7fff0200-0x7fff023f]
[    0.092451] ACPI: Reserving APIC table memory at [mem 0x7fff0240-0x7fff0293]
[    0.092452] ACPI: Reserving SSDT table memory at [mem 0x7fff02a0-0x7fff02d7]
[    0.092466] ACPI: Local APIC address 0xfee00000
[    0.092652] No NUMA configuration found
[    0.092653] Faking a node at [mem 0x0000000000000000-0x000000007ffeffff]
[    0.092664] NODE_DATA(0) allocated [mem 0x7ffc5000-0x7ffeffff]
[    0.092946] Zone ranges:
[    0.092947]   DMA      [mem 0x0000000000001000-0x0000000000ffffff]
[    0.092948]   DMA32    [mem 0x0000000001000000-0x000000007ffeffff]
[    0.092949]   Normal   empty
[    0.092950]   Device   empty
[    0.092951] Movable zone start for each node
[    0.092952] Early memory node ranges
[    0.092953]   node   0: [mem 0x0000000000001000-0x000000000009efff]
[    0.092954]   node   0: [mem 0x0000000000100000-0x000000007ffeffff]
[    0.092957] Zeroed struct page in unavailable ranges: 114 pages
[    0.092958] Initmem setup node 0 [mem 0x0000000000001000-0x000000007ffeffff]
[    0.092959] On node 0 totalpages: 524174
[    0.092960]   DMA zone: 64 pages used for memmap
[    0.092961]   DMA zone: 21 pages reserved
[    0.092962]   DMA zone: 3998 pages, LIFO batch:0
[    0.093033]   DMA32 zone: 8128 pages used for memmap
[    0.093034]   DMA32 zone: 520176 pages, LIFO batch:63
[    0.102420] ACPI: PM-Timer IO Port: 0x4008
[    0.102424] ACPI: Local APIC address 0xfee00000
[    0.102492] IOAPIC[0]: apic_id 1, version 32, address 0xfec00000, GSI 0-23
[    0.102496] ACPI: INT_SRC_OVR (bus 0 bus_irq 0 global_irq 2 dfl dfl)
[    0.102498] ACPI: INT_SRC_OVR (bus 0 bus_irq 9 global_irq 9 low level)
[    0.102499] ACPI: IRQ0 used by override.
[    0.102500] ACPI: IRQ9 used by override.
[    0.102503] Using ACPI (MADT) for SMP configuration information
[    0.102509] smpboot: Allowing 1 CPUs, 0 hotplug CPUs
[    0.102531] PM: Registered nosave memory: [mem 0x00000000-0x00000fff]
[    0.102533] PM: Registered nosave memory: [mem 0x0009f000-0x0009ffff]
[    0.102534] PM: Registered nosave memory: [mem 0x000a0000-0x000effff]
[    0.102534] PM: Registered nosave memory: [mem 0x000f0000-0x000fffff]
[    0.102536] [mem 0x80000000-0xfebfffff] available for PCI devices
[    0.102537] Booting paravirtualized kernel on KVM
[    0.102539] clocksource: refined-jiffies: mask: 0xffffffff max_cycles: 0xffffffff, max_idle_ns: 7645519600211568 ns
[    0.102544] setup_percpu: NR_CPUS:8192 nr_cpumask_bits:1 nr_cpu_ids:1 nr_node_ids:1
[    0.103585] percpu: Embedded 60 pages/cpu s208896 r8192 d28672 u2097152
[    0.103590] pcpu-alloc: s208896 r8192 d28672 u2097152 alloc=1*2097152
[    0.103591] pcpu-alloc: [0] 0 
[    0.103616] Built 1 zonelists, mobility grouping on.  Total pages: 515961
[    0.103617] Policy zone: DMA32
[    0.103618] Kernel command line: BOOT_IMAGE=/boot/vmlinuz-5.4.243-tcp root=UUID=98415a12-53b7-4144-8265-0f7ece09e445 ro quiet splash
[    0.104523] Dentry cache hash table entries: 262144 (order: 9, 2097152 bytes, linear)
[    0.104789] Inode-cache hash table entries: 131072 (order: 8, 1048576 bytes, linear)
[    0.104839] mem auto-init: stack:off, heap alloc:on, heap free:off
[    0.104842] Calgary: detecting Calgary via BIOS EBDA area
[    0.104843] Calgary: Unable to locate Rio Grande table in EBDA - bailing!
[    0.109961] Memory: 1967340K/2096696K available (14339K kernel code, 2392K rwdata, 4692K rodata, 2720K init, 17272K bss, 129356K reserved, 0K cma-reserved)
[    0.110936] SLUB: HWalign=64, Order=0-3, MinObjects=0, CPUs=1, Nodes=1
[    0.110952] ftrace: allocating 42894 entries in 168 pages
[    0.128731] rcu: Hierarchical RCU implementation.
[    0.128733] rcu: 	RCU restricting CPUs from NR_CPUS=8192 to nr_cpu_ids=1.
[    0.128734] 	Tasks RCU enabled.
[    0.128735] rcu: RCU calculated value of scheduler-enlistment delay is 25 jiffies.
[    0.128736] rcu: Adjusting geometry for rcu_fanout_leaf=16, nr_cpu_ids=1
[    0.131680] NR_IRQS: 524544, nr_irqs: 256, preallocated irqs: 16
[    0.131884] random: crng init done
[    0.141191] Console: colour VGA+ 80x25
[    0.141194] printk: console [tty0] enabled
[    0.141210] ACPI: Core revision 20190816
[    0.141302] APIC: Switch to symmetric I/O mode setup
[    0.141550] x2apic enabled
[    0.141789] Switched APIC routing to physical x2apic.
[    0.142920] ..TIMER: vector=0x30 apic1=0 pin1=2 apic2=-1 pin2=-1
[    0.142945] clocksource: tsc-early: mask: 0xffffffffffffffff max_cycles: 0x1e4530a99b6, max_idle_ns: 440795257976 ns
[    0.142950] Calibrating delay loop (skipped) preset value.. 4200.00 BogoMIPS (lpj=8400000)
[    0.142952] pid_max: default: 32768 minimum: 301
[    0.142979] LSM: Security Framework initializing
[    0.142988] Yama: becoming mindful.
[    0.143012] AppArmor: AppArmor initialized
[    0.143044] Mount-cache hash table entries: 4096 (order: 3, 32768 bytes, linear)
[    0.143047] Mountpoint-cache hash table entries: 4096 (order: 3, 32768 bytes, linear)
[    0.143057] *** VALIDATE tmpfs ***
[    0.143184] *** VALIDATE proc ***
[    0.143222] *** VALIDATE cgroup1 ***
[    0.143223] *** VALIDATE cgroup2 ***
[    0.143362] process: using mwait in idle threads
[    0.143367] Last level iTLB entries: 4KB 64, 2MB 8, 4MB 8
[    0.143368] Last level dTLB entries: 4KB 64, 2MB 0, 4MB 0, 1GB 4
[    0.143388] Spectre V1 : Mitigation: usercopy/swapgs barriers and __user pointer sanitization
[    0.143393] Spectre V2 : Mitigation: Retpolines
[    0.143394] Spectre V2 : Spectre v2 / SpectreRSB mitigation: Filling RSB on context switch
[    0.143394] Spectre V2 : Spectre v2 / SpectreRSB : Filling RSB on VMEXIT
[    0.143395] RETBleed: WARNING: Spectre v2 mitigation leaves CPU vulnerable to RETBleed attacks, data leaks possible!
[    0.143747] RETBleed: Vulnerable
[    0.143747] Speculative Store Bypass: Vulnerable
[    0.143752] TAA: Mitigation: TSX disabled
[    0.143753] MMIO Stale Data: Mitigation: Clear CPU buffers
[    0.147925] Freeing SMP alternatives memory: 40K
[    0.259942] smpboot: CPU0: Intel(R) Xeon(R) Silver 4216 CPU @ 2.10GHz (family: 0x6, model: 0x55, stepping: 0x7)
[    0.260044] Performance Events: unsupported p6 CPU model 85 no PMU driver, software events only.
[    0.260079] rcu: Hierarchical SRCU implementation.
[    0.260536] NMI watchdog: Perf NMI watchdog permanently disabled
[    0.260568] smp: Bringing up secondary CPUs ...
[    0.260569] smp: Brought up 1 node, 1 CPU
[    0.260570] smpboot: Max logical packages: 1
[    0.260571] smpboot: Total of 1 processors activated (4200.00 BogoMIPS)
[    0.261583] devtmpfs: initialized
[    0.261625] x86/mm: Memory block size: 128MB
[    0.261949] clocksource: jiffies: mask: 0xffffffff max_cycles: 0xffffffff, max_idle_ns: 7645041785100000 ns
[    0.261953] futex hash table entries: 256 (order: 2, 16384 bytes, linear)
[    0.261993] pinctrl core: initialized pinctrl subsystem
[    0.262090] PM: RTC time: 16:33:11, date: 2026-01-20
[    0.262190] NET: Registered protocol family 16
[    0.262260] audit: initializing netlink subsys (disabled)
[    0.262378] EISA bus registered
[    0.262379] cpuidle: using governor ladder
[    0.262381] cpuidle: using governor menu
[    0.262415] ACPI: bus type PCI registered
[    0.262416] acpiphp: ACPI Hot Plug PCI Controller Driver version: 0.5
[    0.262513] PCI: Using configuration type 1 for base access
[    0.263183] audit: type=2000 audit(1768897997.738:1): state=initialized audit_enabled=0 res=1
[    0.263256] HugeTLB registered 2.00 MiB page size, pre-allocated 0 pages
[    0.264034] ACPI: Added _OSI(Module Device)
[    0.264035] ACPI: Added _OSI(Processor Device)
[    0.264035] ACPI: Added _OSI(3.0 _SCP Extensions)
[    0.264036] ACPI: Added _OSI(Processor Aggregator Device)
[    0.264037] ACPI: Added _OSI(Linux-Dell-Video)
[    0.264038] ACPI: Added _OSI(Linux-Lenovo-NV-HDMI-Audio)
[    0.264038] ACPI: Added _OSI(Linux-HPI-Hybrid-Graphics)
[    0.265991] ACPI: 2 ACPI AML tables successfully acquired and loaded
[    0.267476] ACPI: Interpreter enabled
[    0.267485] ACPI: (supports S0 S5)
[    0.267486] ACPI: Using IOAPIC for interrupt routing
[    0.267688] PCI: Using host bridge windows from ACPI; if necessary, use "pci=nocrs" and report a bug
[    0.267794] ACPI: Enabled 2 GPEs in block 00 to 07
[    0.272573] ACPI: PCI Root Bridge [PCI0] (domain 0000 [bus 00-ff])
[    0.272577] acpi PNP0A03:00: _OSC: OS supports [ASPM ClockPM Segments MSI HPX-Type3]
[    0.273016] acpi PNP0A03:00: _OSC: not requesting OS control; OS requires [ExtendedConfig ASPM ClockPM MSI]
[    0.273024] acpi PNP0A03:00: fail to add MMCONFIG information, can't access extended PCI configuration space under this bridge.
[    0.273393] PCI host bridge to bus 0000:00
[    0.273395] pci_bus 0000:00: root bus resource [io  0x0000-0x0cf7 window]
[    0.273396] pci_bus 0000:00: root bus resource [io  0x0d00-0xffff window]
[    0.273398] pci_bus 0000:00: root bus resource [mem 0x000a0000-0x000bffff window]
[    0.273399] pci_bus 0000:00: root bus resource [mem 0x80000000-0xfdffffff window]
[    0.273400] pci_bus 0000:00: root bus resource [bus 00-ff]
[    0.273441] pci 0000:00:00.0: [8086:1237] type 00 class 0x060000
[    0.274367] pci 0000:00:01.0: [8086:7000] type 00 class 0x060100
[    0.275166] pci 0000:00:01.1: [8086:7111] type 00 class 0x01018a
[    0.275533] pci 0000:00:01.1: reg 0x20: [io  0xd000-0xd00f]
[    0.275685] pci 0000:00:01.1: legacy IDE quirk: reg 0x10: [io  0x01f0-0x01f7]
[    0.275686] pci 0000:00:01.1: legacy IDE quirk: reg 0x14: [io  0x03f6]
[    0.275686] pci 0000:00:01.1: legacy IDE quirk: reg 0x18: [io  0x0170-0x0177]
[    0.275687] pci 0000:00:01.1: legacy IDE quirk: reg 0x1c: [io  0x0376]
[    0.276220] pci 0000:00:02.0: [15ad:0405] type 00 class 0x030000
[    0.279027] pci 0000:00:02.0: reg 0x10: [io  0xd010-0xd01f]
[    0.282993] pci 0000:00:02.0: reg 0x14: [mem 0xe0000000-0xe7ffffff pref]
[    0.285681] pci 0000:00:02.0: reg 0x18: [mem 0xf0000000-0xf01fffff]
[    0.295706] pci 0000:00:03.0: [1022:2000] type 00 class 0x020000
[    0.296397] pci 0000:00:03.0: reg 0x10: [io  0xd020-0xd03f]
[    0.297014] pci 0000:00:03.0: reg 0x14: [mem 0xf0200000-0xf0200fff]
[    0.301482] pci 0000:00:04.0: [80ee:cafe] type 00 class 0x088000
[    0.302156] pci 0000:00:04.0: reg 0x10: [io  0xd040-0xd05f]
[    0.302770] pci 0000:00:04.0: reg 0x14: [mem 0xf0400000-0xf07fffff]
[    0.303061] pci 0000:00:04.0: reg 0x18: [mem 0xf0800000-0xf0803fff pref]
[    0.306582] pci 0000:00:07.0: [8086:7113] type 00 class 0x068000
[    0.307183] pci 0000:00:07.0: quirk: [io  0x4000-0x403f] claimed by PIIX4 ACPI
[    0.307194] pci 0000:00:07.0: quirk: [io  0x4100-0x410f] claimed by PIIX4 SMB
[    0.307771] pci 0000:00:08.0: [1022:2000] type 00 class 0x020000
[    0.308455] pci 0000:00:08.0: reg 0x10: [io  0xd060-0xd07f]
[    0.309067] pci 0000:00:08.0: reg 0x14: [mem 0xf0804000-0xf0804fff]
[    0.312355] pci 0000:00:09.0: [8086:100e] type 00 class 0x020000
[    0.313068] pci 0000:00:09.0: reg 0x10: [mem 0xf0820000-0xf083ffff]
[    0.315063] pci 0000:00:09.0: reg 0x18: [io  0xd080-0xd087]
[    0.323946] ACPI: PCI Interrupt Link [LNKA] (IRQs 5 9 10 *11)
[    0.324227] ACPI: PCI Interrupt Link [LNKB] (IRQs 5 9 *10 11)
[    0.324328] ACPI: PCI Interrupt Link [LNKC] (IRQs 5 *9 10 11)
[    0.324432] ACPI: PCI Interrupt Link [LNKD] (IRQs 5 9 10 *11)
[    0.324663] iommu: Default domain type: Translated 
[    0.324718] pci 0000:00:02.0: vgaarb: setting as boot VGA device
[    0.324720] pci 0000:00:02.0: vgaarb: VGA device added: decodes=io+mem,owns=io+mem,locks=none
[    0.324722] pci 0000:00:02.0: vgaarb: bridge control possible
[    0.324722] vgaarb: loaded
[    0.324909] SCSI subsystem initialized
[    0.324939] libata version 3.00 loaded.
[    0.324964] ACPI: bus type USB registered
[    0.324977] usbcore: registered new interface driver usbfs
[    0.324983] usbcore: registered new interface driver hub
[    0.324987] usbcore: registered new device driver usb
[    0.326966] pps_core: LinuxPPS API ver. 1 registered
[    0.326966] pps_core: Software ver. 5.3.6 - Copyright 2005-2007 Rodolfo Giometti <giometti@linux.it>
[    0.326968] PTP clock support registered
[    0.327004] EDAC MC: Ver: 3.0.0
[    0.327280] PCI: Using ACPI for IRQ routing
[    0.327281] PCI: pci_cache_line_size set to 64 bytes
[    0.327449] e820: reserve RAM buffer [mem 0x0009fc00-0x0009ffff]
[    0.327453] e820: reserve RAM buffer [mem 0x7fff0000-0x7fffffff]
[    0.327570] NetLabel: Initializing
[    0.327571] NetLabel:  domain hash size = 128
[    0.327571] NetLabel:  protocols = UNLABELED CIPSOv4 CALIPSO
[    0.327590] NetLabel:  unlabeled traffic allowed by default
[    0.329291] clocksource: Switched to clocksource kvm-clock
[    0.341246] *** VALIDATE bpf ***
[    0.341298] VFS: Disk quotas dquot_6.6.0
[    0.341311] VFS: Dquot-cache hash table entries: 512 (order 0, 4096 bytes)
[    0.341331] *** VALIDATE ramfs ***
[    0.341334] *** VALIDATE hugetlbfs ***
[    0.341410] AppArmor: AppArmor Filesystem Enabled
[    0.341434] pnp: PnP ACPI init
[    0.341495] pnp 00:00: Plug and Play ACPI device, IDs PNP0303 (active)
[    0.341559] pnp 00:01: Plug and Play ACPI device, IDs PNP0f03 (active)
[    0.342289] pnp: PnP ACPI: found 2 devices
[    0.343299] thermal_sys: Registered thermal governor 'fair_share'
[    0.343300] thermal_sys: Registered thermal governor 'bang_bang'
[    0.343300] thermal_sys: Registered thermal governor 'step_wise'
[    0.343301] thermal_sys: Registered thermal governor 'user_space'
[    0.343301] thermal_sys: Registered thermal governor 'power_allocator'
[    0.347832] clocksource: acpi_pm: mask: 0xffffff max_cycles: 0xffffff, max_idle_ns: 2085701024 ns
[    0.347871] pci_bus 0000:00: resource 4 [io  0x0000-0x0cf7 window]
[    0.347873] pci_bus 0000:00: resource 5 [io  0x0d00-0xffff window]
[    0.347874] pci_bus 0000:00: resource 6 [mem 0x000a0000-0x000bffff window]
[    0.347875] pci_bus 0000:00: resource 7 [mem 0x80000000-0xfdffffff window]
[    0.347929] NET: Registered protocol family 2
[    0.348003] IP idents hash table entries: 32768 (order: 6, 262144 bytes, linear)
[    0.348363] tcp_listen_portaddr_hash hash table entries: 1024 (order: 2, 16384 bytes, linear)
[    0.348440] TCP established hash table entries: 16384 (order: 5, 131072 bytes, linear)
[    0.348503] TCP bind hash table entries: 16384 (order: 6, 262144 bytes, linear)
[    0.348528] TCP: Hash tables configured (established 16384 bind 16384)
[    0.348573] UDP hash table entries: 1024 (order: 3, 32768 bytes, linear)
[    0.348585] UDP-Lite hash table entries: 1024 (order: 3, 32768 bytes, linear)
[    0.348612] NET: Registered protocol family 1
[    0.348619] NET: Registered protocol family 44
[    0.348644] pci 0000:00:00.0: Limiting direct PCI/PCI transfers
[    0.348656] pci 0000:00:01.0: Activating ISA DMA hang workarounds
[    0.348706] pci 0000:00:02.0: Video device with shadowed ROM at [mem 0x000c0000-0x000dffff]
[    0.348769] PCI: CLS 0 bytes, default 64
[    0.348816] Trying to unpack rootfs image as initramfs...
[    0.519841] Freeing initrd memory: 47860K
[    0.519841] clocksource: tsc: mask: 0xffffffffffffffff max_cycles: 0x1e4530a99b6, max_idle_ns: 440795257976 ns
[    0.519841] clocksource: Switched to clocksource tsc
[    0.519841] platform rtc_cmos: registered platform RTC device (no PNP device found)
[    0.519841] check: Scanning for low memory corruption every 60 seconds
[    0.519841] Initialise system trusted keyrings
[    0.519841] Key type blacklist registered
[    0.519841] workingset: timestamp_bits=36 max_order=19 bucket_order=0
[    0.519841] zbud: loaded
[    0.519841] squashfs: version 4.0 (2009/01/31) Phillip Lougher
[    0.519841] fuse: init (API version 7.31)
[    0.519841] *** VALIDATE fuse ***
[    0.519841] *** VALIDATE fuse ***
[    0.519841] Platform Keyring initialized
[    0.533659] Key type asymmetric registered
[    0.533660] Asymmetric key parser 'x509' registered
[    0.533669] Block layer SCSI generic (bsg) driver version 0.4 loaded (major 244)
[    0.533707] io scheduler mq-deadline registered
[    0.533813] shpchp: Standard Hot Plug PCI Controller Driver version: 0.4
[    0.534066] ACPI: AC Adapter [AC] (on-line)
[    0.534113] input: Power Button as /devices/LNXSYSTM:00/LNXPWRBN:00/input/input0
[    0.534141] ACPI: Power Button [PWRF]
[    0.534237] input: Sleep Button as /devices/LNXSYSTM:00/LNXSLPBN:00/input/input1
[    0.534251] ACPI: Sleep Button [SLPF]
[    0.534475] Serial: 8250/16550 driver, 32 ports, IRQ sharing enabled
[    0.535697] Linux agpgart interface v0.103
[    0.631102] loop: module loaded
[    0.631240] ata_piix 0000:00:01.1: version 2.13
[    0.631651] scsi host0: ata_piix
[    0.631746] scsi host1: ata_piix
[    0.631774] ata1: PATA max UDMA/33 cmd 0x1f0 ctl 0x3f6 bmdma 0xd000 irq 14
[    0.631775] ata2: PATA max UDMA/33 cmd 0x170 ctl 0x376 bmdma 0xd008 irq 15
[    0.631852] tun: Universal TUN/TAP device driver, 1.6
[    0.632163] PPP generic driver version 2.4.2
[    0.632207] VFIO - User Level meta-driver version: 0.3
[    0.632445] ehci_hcd: USB 2.0 'Enhanced' Host Controller (EHCI) Driver
[    0.632450] ehci-pci: EHCI PCI platform driver
[    0.632464] ehci-platform: EHCI generic platform driver
[    0.632469] ohci_hcd: USB 1.1 'Open' Host Controller (OHCI) Driver
[    0.632471] ohci-pci: OHCI PCI platform driver
[    0.632476] ohci-platform: OHCI generic platform driver
[    0.632481] uhci_hcd: USB Universal Host Controller Interface driver
[    0.632541] i8042: PNP: PS/2 Controller [PNP0303:PS2K,PNP0f03:PS2M] at 0x60,0x64 irq 1,12
[    0.632982] serio: i8042 KBD port at 0x60,0x64 irq 1
[    0.632986] serio: i8042 AUX port at 0x60,0x64 irq 12
[    0.633073] mousedev: PS/2 mouse device common for all mice
[    0.633335] input: AT Translated Set 2 keyboard as /devices/platform/i8042/serio0/input/input2
[    0.633736] rtc_cmos rtc_cmos: registered as rtc0
[    0.633750] rtc_cmos rtc_cmos: alarms up to one day, 114 bytes nvram
[    0.633755] i2c /dev entries driver
[    0.633802] device-mapper: uevent: version 1.0.3
[    0.633843] device-mapper: ioctl: 4.41.0-ioctl (2019-09-16) initialised: dm-devel@redhat.com
[    0.633861] platform eisa.0: Probing EISA bus 0
[    0.633863] platform eisa.0: EISA: Cannot allocate resource for mainboard
[    0.633864] platform eisa.0: Cannot allocate resource for EISA slot 1
[    0.633865] platform eisa.0: Cannot allocate resource for EISA slot 2
[    0.633866] platform eisa.0: Cannot allocate resource for EISA slot 3
[    0.633867] platform eisa.0: Cannot allocate resource for EISA slot 4
[    0.633868] platform eisa.0: Cannot allocate resource for EISA slot 5
[    0.633868] platform eisa.0: Cannot allocate resource for EISA slot 6
[    0.633869] platform eisa.0: Cannot allocate resource for EISA slot 7
[    0.633870] platform eisa.0: Cannot allocate resource for EISA slot 8
[    0.633871] platform eisa.0: EISA: Detected 0 cards
[    0.633874] intel_pstate: CPU model not supported
[    0.633882] ledtrig-cpu: registered to indicate activity on CPUs
[    0.633932] drop_monitor: Initializing network drop monitor service
[    0.634092] NET: Registered protocol family 10
[    0.639254] Segment Routing with IPv6
[    0.639254] NET: Registered protocol family 17
[    0.639254] Key type dns_resolver registered
[    0.639254] RAS: Correctable Errors collector initialized.
[    0.639254] IPI shorthand broadcast: enabled
[    0.639254] sched_clock: Marking stable (624182586, 11072159)->(636768354, -1513609)
[    0.639544] registered taskstats version 1
[    0.639555] Loading compiled-in X.509 certificates
[    0.640139] Loaded X.509 cert 'Build time autogenerated kernel key: 0a9e52cc6eb58eed9b63e328679db6d5d5216245'
[    0.640158] zswap: loaded using pool lzo/zbud
[    0.640212] Key type ._fscrypt registered
[    0.640212] Key type .fscrypt registered
[    0.644652] Key type big_key registered
[    0.646846] Key type encrypted registered
[    0.646849] AppArmor: AppArmor sha1 policy hashing enabled
[    0.646855] ima: No TPM chip found, activating TPM-bypass!
[    0.646858] ima: Allocated hash algorithm: sha1
[    0.646864] ima: No architecture policies found
[    0.646872] evm: Initialising EVM extended attributes:
[    0.646873] evm: security.selinux
[    0.646873] evm: security.SMACK64
[    0.646874] evm: security.SMACK64EXEC
[    0.646874] evm: security.SMACK64TRANSMUTE
[    0.646875] evm: security.SMACK64MMAP
[    0.646875] evm: security.apparmor
[    0.646876] evm: security.ima
[    0.646876] evm: security.capability
[    0.646877] evm: HMAC attrs: 0x1
[    0.647167] PM:   Magic number: 10:199:591
[    0.647267] rtc_cmos rtc_cmos: setting system clock to 2026-01-20T16:33:12 UTC (1768926792)
[    0.804217] ata1.00: ATA-6: VBOX HARDDISK, 1.0, max UDMA/133
[    0.804220] ata1.00: 209715200 sectors, multi 128: LBA 
[    0.804892] scsi 0:0:0:0: Direct-Access     ATA      VBOX HARDDISK    1.0  PQ: 0 ANSI: 5
[    0.805187] sd 0:0:0:0: [sda] 209715200 512-byte logical blocks: (107 GB/100 GiB)
[    0.805200] sd 0:0:0:0: [sda] Write Protect is off
[    0.805203] sd 0:0:0:0: [sda] Mode Sense: 00 3a 00 00
[    0.805223] sd 0:0:0:0: [sda] Write cache: enabled, read cache: enabled, doesn't support DPO or FUA
[    0.805468] sd 0:0:0:0: Attached scsi generic sg0 type 0
[    0.806664]  sda: sda1 sda2
[    0.815402] sd 0:0:0:0: [sda] Attached SCSI disk
[    0.818733] Freeing unused decrypted memory: 2040K
[    0.819726] Freeing unused kernel image memory: 2720K
[    0.819730] Write protecting the kernel read-only data: 22528k
[    0.820757] Freeing unused kernel image memory: 2036K
[    0.821329] Freeing unused kernel image memory: 1452K
[    0.848122] x86/mm: Checked W+X mappings: passed, no W+X pages found.
[    0.848126] Run /init as init process
[    0.953855] ACPI: Video Device [GFX0] (multi-head: yes  rom: no  post: no)
[    0.953923] input: Video Bus as /devices/LNXSYSTM:00/LNXSYBUS:00/PNP0A03:00/LNXVIDEO:00/input/input4
[    0.966146] pcnet32: pcnet32.c:v1.35 21.Apr.2008 tsbogend@alpha.franken.de
[    0.966899] pcnet32: PCnet/FAST III 79C973 at 0xd020, 08:00:27:e2:0e:f9 assigned IRQ 19
[    0.966944] pcnet32: Found PHY 0022:561b at address 0
[    0.967239] pcnet32: eth0: registered as PCnet/FAST III 79C973
[    0.968023] pcnet32: PCnet/FAST III 79C973 at 0xd060, 08:00:27:67:a3:d7 assigned IRQ 16
[    0.968064] pcnet32: Found PHY 0022:561b at address 0
[    0.968339] pcnet32: eth1: registered as PCnet/FAST III 79C973
[    0.970151] piix4_smbus 0000:00:07.0: SMBus Host Controller at 0x4100, revision 0
[    0.975279] e1000: Intel(R) PRO/1000 Network Driver - version 7.3.21-k8-NAPI
[    0.975280] e1000: Copyright (c) 1999-2006 Intel Corporation.
[    0.981258] pcnet32: 2 cards_found
[    1.040231] pcnet32 0000:00:08.0 enp0s8: renamed from eth1
[    1.040943] pcnet32 0000:00:03.0 enp0s3: renamed from eth0
[    1.186915] input: ImExPS/2 Generic Explorer Mouse as /devices/platform/i8042/serio1/input/input5
[    1.379315] e1000 0000:00:09.0 eth0: (PCI:33MHz:32-bit) 08:00:27:3a:a0:58
[    1.379319] e1000 0000:00:09.0 eth0: Intel(R) PRO/1000 Network Connection
[    1.380360] e1000 0000:00:09.0 enp0s9: renamed from eth0
[    1.536254] EXT4-fs (sda2): mounted filesystem with ordered data mode. Opts: (null)
[    1.634295] systemd[1]: Inserted module 'autofs4'
[    1.647341] systemd[1]: systemd 245.4-4ubuntu3 running in system mode. (+PAM +AUDIT +SELINUX +IMA +APPARMOR +SMACK +SYSVINIT +UTMP +LIBCRYPTSETUP +GCRYPT +GNUTLS +ACL +XZ +LZ4 +SECCOMP +BLKID +ELFUTILS +KMOD +IDN2 -IDN +PCRE2 default-hierarchy=hybrid)
[    1.647368] systemd[1]: Detected virtualization oracle.
[    1.647371] systemd[1]: Detected architecture x86-64.
[    1.648670] systemd[1]: Set hostname to <ztg>.
[    1.773992] systemd[1]: /lib/systemd/system/dbus.socket:5: ListenStream= references a path below legacy directory /var/run/, updating /var/run/dbus/system_bus_socket â†’ /run/dbus/system_bus_socket; please update the unit file accordingly.
[    1.827550] systemd[1]: Created slice system-modprobe.slice.
[    1.827740] systemd[1]: Created slice User and Session Slice.
[    1.827782] systemd[1]: Started Forward Password Requests to Wall Directory Watch.
[    1.827932] systemd[1]: Set up automount Arbitrary Executable File Formats File System Automount Point.
[    1.827965] systemd[1]: Reached target User and Group Name Lookups.
[    1.827973] systemd[1]: Reached target Remote File Systems.
[    1.827980] systemd[1]: Reached target Slices.
[    1.828555] systemd[1]: Listening on Syslog Socket.
[    1.828619] systemd[1]: Listening on fsck to fsckd communication Socket.
[    1.828654] systemd[1]: Listening on initctl Compatibility Named Pipe.
[    1.828783] systemd[1]: Listening on Journal Audit Socket.
[    1.828833] systemd[1]: Listening on Journal Socket (/dev/log).
[    1.828906] systemd[1]: Listening on Journal Socket.
[    1.828967] systemd[1]: Listening on udev Control Socket.
[    1.829004] systemd[1]: Listening on udev Kernel Socket.
[    1.829674] systemd[1]: Mounting Huge Pages File System...
[    1.830535] systemd[1]: Mounting POSIX Message Queue File System...
[    1.831435] systemd[1]: Mounting Kernel Debug File System...
[    1.832237] systemd[1]: Mounting Kernel Trace File System...
[    1.834097] systemd[1]: Starting Journal Service...
[    1.857392] systemd[1]: Starting Set the console keyboard layout...
[    1.865524] systemd[1]: Starting Create list of static device nodes for the current kernel...
[    1.867566] systemd[1]: Starting Load Kernel Module drm...
[    1.868720] systemd[1]: Condition check resulted in Set Up Additional Binary Formats being skipped.
[    1.868760] systemd[1]: Condition check resulted in File System Check on Root Device being skipped.
[    1.881336] systemd[1]: Starting Load Kernel Modules...
[    1.886538] systemd[1]: Starting Remount Root and Kernel File Systems...
[    1.896293] systemd[1]: Starting udev Coldplug all Devices...
[    1.905491] systemd[1]: Starting Uncomplicated firewall...
[    1.911335] EXT4-fs (sda2): re-mounted. Opts: errors=remount-ro
[    1.913575] systemd[1]: Mounted Huge Pages File System.
[    1.913656] systemd[1]: Mounted POSIX Message Queue File System.
[    1.913726] systemd[1]: Mounted Kernel Debug File System.
[    1.913790] systemd[1]: Mounted Kernel Trace File System.
[    1.934991] systemd[1]: Finished Create list of static device nodes for the current kernel.
[    1.935236] systemd[1]: modprobe@drm.service: Succeeded.
[    1.935603] systemd[1]: Finished Load Kernel Module drm.
[    1.941952] systemd[1]: Finished Remount Root and Kernel File Systems.
[    1.943759] systemd[1]: Finished Uncomplicated firewall.
[    1.975897] lp: driver loaded but no devices found
[    1.978484] systemd[1]: Condition check resulted in Rebuild Hardware Database being skipped.
[    1.978518] systemd[1]: Condition check resulted in Platform Persistent Storage Archival being skipped.
[    1.979151] systemd[1]: Starting Load/Save Random Seed...
[    1.984201] systemd[1]: Starting Create System Users...
[    1.990140] ppdev: user-space parallel port driver
[    1.996968] systemd[1]: Finished Load/Save Random Seed.
[    1.998732] systemd[1]: Finished Create System Users.
[    1.999463] systemd[1]: Starting Create Static Device Nodes in /dev...
[    2.009760] systemd[1]: Finished udev Coldplug all Devices.
[    2.044514] systemd[1]: Finished Create Static Device Nodes in /dev.
[    2.045230] systemd[1]: Starting udev Kernel Device Manager...
[    2.076283] [drm] DMA map mode: Caching DMA mappings.
[    2.076346] [drm] Capabilities:
[    2.076347] [drm]   Rect copy.
[    2.076347] [drm]   Cursor.
[    2.076347] [drm]   Cursor bypass.
[    2.076348] [drm]   Cursor bypass 2.
[    2.076348] [drm]   Alpha cursor.
[    2.076349] [drm]   Extended Fifo.
[    2.076349] [drm]   Pitchlock.
[    2.076349] [drm]   Irq mask.
[    2.076350] [drm]   GMR.
[    2.076350] [drm]   Traces.
[    2.076350] [drm]   GMR2.
[    2.076351] [drm]   Screen Object 2.
[    2.076351] [drm]   Command Buffers.
[    2.076351] [drm]   Command Buffers 2.
[    2.076352] [drm]   Guest Backed Resources.
[    2.076353] [drm] Max GMR ids is 8192
[    2.076353] [drm] Max number of GMR pages is 1048576
[    2.076354] [drm] Max dedicated hypervisor surface memory is 393216 kiB
[    2.076354] [drm] Maximum display memory size is 131072 kiB
[    2.076355] [drm] VRAM at 0xe0000000 size is 131072 kiB
[    2.076355] [drm] MMIO at 0xf0000000 size is 2048 kiB
[    2.077783] [TTM] Zone  kernel: Available graphics memory: 1011744 KiB
[    2.077784] [TTM] Initializing pool allocator
[    2.077787] [TTM] Initializing DMA pool allocator
[    2.077843] [drm] Supports vblank timestamp caching Rev 2 (21.10.2013).
[    2.077843] [drm] No driver support for vblank timestamp query.
[    2.078056] [drm] Screen Target Display device initialized
[    2.078240] [drm] width 720
[    2.078249] [drm] height 400
[    2.078252] [drm] bpp 32
[    2.078804] [drm] Fifo max 0x00200000 min 0x00001000 cap 0x00000355
[    2.080223] [drm] Using command buffers with DMA pool.
[    2.080226] [drm] DX: no.
[    2.080227] [drm] Atomic: yes.
[    2.080227] [drm] SM4_1: no.
[    2.080245] [drm:vmw_host_log [vmwgfx]] *ERROR* Failed to send host log message.
[    2.081145] [drm:vmw_host_log [vmwgfx]] *ERROR* Failed to send host log message.
[    2.096050] fbcon: svgadrmfb (fb0) is primary device
[    2.098178] Console: switching to colour frame buffer device 100x37
[    2.111436] [drm] Initialized vmwgfx 2.15.0 20180704 for 0000:00:02.0 on minor 0
[    2.114190] systemd[1]: Finished Load Kernel Modules.
[    2.115110] systemd[1]: Mounting FUSE Control File System...
[    2.116366] systemd[1]: Mounting Kernel Configuration File System...
[    2.137876] systemd[1]: Starting Apply Kernel Variables...
[    2.151563] systemd[1]: Finished Set the console keyboard layout.
[    2.152267] systemd[1]: Mounted FUSE Control File System.
[    2.152336] systemd[1]: Reached target Local File Systems (Pre).
[    2.152355] systemd[1]: Condition check resulted in VMware vmblock fuse mount being skipped.
[    2.156198] systemd[1]: Mounting Mount unit for bare, revision 5...
[    2.161625] systemd[1]: Mounting Mount unit for core18, revision 1705...
[    2.188783] systemd[1]: Mounting Mount unit for gnome-3-34-1804, revision 24...
[    2.194572] systemd[1]: Mounting Mount unit for gtk-common-themes, revision 1506...
[    2.199545] systemd[1]: Mounting Mount unit for gtk-common-themes, revision 1535...
[    2.206989] systemd[1]: Mounting Mount unit for snap-store, revision 433...
[    2.213107] systemd[1]: Mounting Mount unit for snapd, revision 25935...
[    2.214190] systemd[1]: Mounted Kernel Configuration File System.
[    2.228144] systemd[1]: Finished Apply Kernel Variables.
[    2.254215] systemd[1]: Mounted Mount unit for core18, revision 1705.
[    2.254299] systemd[1]: Mounted Mount unit for gnome-3-34-1804, revision 24.
[    2.269920] systemd[1]: Mounted Mount unit for bare, revision 5.
[    2.286912] systemd[1]: Started udev Kernel Device Manager.
[    2.287604] systemd[1]: Starting Show Plymouth Boot Screen...
[    2.291703] systemd[1]: Received SIGRTMIN+20 from PID 286 (plymouthd).
[    2.294298] systemd[1]: Mounted Mount unit for gtk-common-themes, revision 1506.
[    2.315132] systemd[1]: Started Show Plymouth Boot Screen.
[    2.315258] systemd[1]: Condition check resulted in Dispatch Password Requests to Console Directory Watch being skipped.
[    2.315347] systemd[1]: Started Forward Password Requests to Plymouth Directory Watch.
[    2.315377] systemd[1]: Reached target Local Encrypted Volumes.
[    2.331039] systemd[1]: Mounted Mount unit for snap-store, revision 433.
[    2.350869] systemd[1]: Mounted Mount unit for gtk-common-themes, revision 1535.
[    2.351128] systemd[1]: Mounted Mount unit for snapd, revision 25935.
[    2.351292] systemd[1]: Reached target Local File Systems.
[    2.352006] systemd[1]: Starting Load AppArmor profiles...
[    2.354487] systemd[1]: Starting Set console font and keymap...
[    2.367857] systemd[1]: Starting Tell Plymouth To Write Out Runtime Data...
[    2.368200] systemd[1]: Condition check resulted in Store a System Token in an EFI Variable being skipped.
[    2.368246] systemd[1]: Condition check resulted in Commit a transient machine-id on disk being skipped.
[    2.371902] systemd[1]: Finished Set console font and keymap.
[    2.387264] systemd[1]: Received SIGRTMIN+20 from PID 286 (plymouthd).
[    2.387524] systemd[1]: plymouth-read-write.service: Succeeded.
[    2.387747] systemd[1]: Finished Tell Plymouth To Write Out Runtime Data.
[    2.407910] audit: type=1400 audit(1768926794.256:2): apparmor="STATUS" operation="profile_load" profile="unconfined" name="nvidia_modprobe" pid=299 comm="apparmor_parser"
[    2.407913] audit: type=1400 audit(1768926794.256:3): apparmor="STATUS" operation="profile_load" profile="unconfined" name="nvidia_modprobe//kmod" pid=299 comm="apparmor_parser"
[    2.417332] audit: type=1400 audit(1768926794.264:4): apparmor="STATUS" operation="profile_load" profile="unconfined" name="/usr/sbin/tcpdump" pid=300 comm="apparmor_parser"
[    2.470628] audit: type=1400 audit(1768926794.312:5): apparmor="STATUS" operation="profile_load" profile="unconfined" name="/usr/bin/evince" pid=302 comm="apparmor_parser"
[    2.470630] audit: type=1400 audit(1768926794.312:6): apparmor="STATUS" operation="profile_load" profile="unconfined" name="/usr/bin/evince//sanitized_helper" pid=302 comm="apparmor_parser"
[    2.470632] audit: type=1400 audit(1768926794.312:7): apparmor="STATUS" operation="profile_load" profile="unconfined" name="/usr/bin/evince-previewer" pid=302 comm="apparmor_parser"
[    2.470633] audit: type=1400 audit(1768926794.312:8): apparmor="STATUS" operation="profile_load" profile="unconfined" name="/usr/bin/evince-previewer//sanitized_helper" pid=302 comm="apparmor_parser"
[    2.470634] audit: type=1400 audit(1768926794.312:9): apparmor="STATUS" operation="profile_load" profile="unconfined" name="/usr/bin/evince-thumbnailer" pid=302 comm="apparmor_parser"
[    2.481848] audit: type=1400 audit(1768926794.332:10): apparmor="STATUS" operation="profile_load" profile="unconfined" name="/usr/lib/cups/backend/cups-pdf" pid=303 comm="apparmor_parser"
[    2.559438] systemd[1]: Finished Load AppArmor profiles.
[    2.560350] systemd[1]: Starting Load AppArmor profiles managed internally by snapd...
[    2.674584] systemd[1]: Finished Load AppArmor profiles managed internally by snapd.
[    2.793350] systemd[1]: Started Journal Service.
[    2.801530] systemd-journald[228]: Received client request to flush runtime journal.
[    2.805474] systemd-journald[228]: File /var/log/journal/c455b248004a419c87ce85eea238d727/system.journal corrupted or uncleanly shut down, renaming and replacing.
[    4.040048] RAPL PMU: API unit is 2^-32 Joules, 0 fixed counters, 10737418240 ms ovfl timer
[    4.127287] cryptd: max_cpu_qlen set to 1000
[    4.171276] AVX2 version of gcm_enc/dec engaged.
[    4.171277] AES CTR mode by8 optimization enabled
[    5.970049] Adding 1998844k swap on /dev/sda1.  Priority:-2 extents:1 across:1998844k FS
[    7.312792] kauditd_printk_skb: 30 callbacks suppressed
[    7.312794] audit: type=1400 audit(1768926799.160:41): apparmor="DENIED" operation="capable" profile="/usr/sbin/cups-browsed" pid=506 comm="cups-browsed" capability=23  capname="sys_nice"
[    8.371252] pcnet32 0000:00:03.0 enp0s3: link up, 100Mbps, full-duplex
[    8.390343] pcnet32 0000:00:08.0 enp0s8: link up, 100Mbps, full-duplex
[    8.433127] e1000: enp0s9 NIC Link is Up 1000 Mbps Full Duplex, Flow Control: RX
[    8.433421] IPv6: ADDRCONF(NETDEV_CHANGE): enp0s9: link becomes ready
[    8.924030] device enp0s3 entered promiscuous mode
[    8.943132] device enp0s8 entered promiscuous mode
[    8.984120] audit: type=1400 audit(1768926800.836:42): apparmor="DENIED" operation="open" profile="/usr/sbin/tcpdump" name="/proc/sys/kernel/random/boot_id" pid=630 comm="tcpdump" requested_mask="r" denied_mask="r" fsuid=0 ouid=0
[    8.984355] audit: type=1400 audit(1768926800.836:43): apparmor="DENIED" operation="open" profile="/usr/sbin/tcpdump" name="/proc/sys/kernel/random/boot_id" pid=630 comm="tcpdump" requested_mask="r" denied_mask="r" fsuid=0 ouid=0
[    8.984398] audit: type=1400 audit(1768926800.836:44): apparmor="DENIED" operation="open" profile="/usr/sbin/tcpdump" name="/proc/sys/kernel/random/boot_id" pid=630 comm="tcpdump" requested_mask="r" denied_mask="r" fsuid=0 ouid=0
[    8.984495] audit: type=1400 audit(1768926800.836:45): apparmor="DENIED" operation="open" profile="/usr/sbin/tcpdump" name="/proc/sys/kernel/random/boot_id" pid=630 comm="tcpdump" requested_mask="r" denied_mask="r" fsuid=0 ouid=0
[    8.984684] audit: type=1400 audit(1768926800.836:46): apparmor="DENIED" operation="open" profile="/usr/sbin/tcpdump" name="/proc/sys/kernel/random/boot_id" pid=629 comm="tcpdump" requested_mask="r" denied_mask="r" fsuid=0 ouid=0
[    8.986036] audit: type=1400 audit(1768926800.836:47): apparmor="DENIED" operation="open" profile="/usr/sbin/tcpdump" name="/proc/sys/kernel/random/boot_id" pid=629 comm="tcpdump" requested_mask="r" denied_mask="r" fsuid=0 ouid=0
[    8.986075] audit: type=1400 audit(1768926800.836:48): apparmor="DENIED" operation="open" profile="/usr/sbin/tcpdump" name="/proc/sys/kernel/random/boot_id" pid=629 comm="tcpdump" requested_mask="r" denied_mask="r" fsuid=0 ouid=0
[    8.986136] audit: type=1400 audit(1768926800.836:49): apparmor="DENIED" operation="open" profile="/usr/sbin/tcpdump" name="/proc/sys/kernel/random/boot_id" pid=629 comm="tcpdump" requested_mask="r" denied_mask="r" fsuid=0 ouid=0
[    8.989380] audit: type=1400 audit(1768926800.840:50): apparmor="DENIED" operation="open" profile="/usr/sbin/tcpdump" name="/proc/sys/kernel/random/boot_id" pid=631 comm="tcpdump" requested_mask="r" denied_mask="r" fsuid=0 ouid=0
[   14.878580] rfkill: input handler disabled
[  262.971918] AAAAA-TCP_RECV: name:enp0s3: saddr:100932208: daddr:16783984: srtt_us:0: RTT:0: ssthresh:2147483647: cwnd:10: delivered:0: lost:0: retrans:0
[  262.971964] AAAAA-TCP_SEND: name:enp0s3: saddr:16783984: daddr:100932208: srtt_us:0: RTT:0: ssthresh:0: cwnd:0: delivered:0: lost:0: retrans:0
[  263.670625] AAAAA-TCP_RECV: name:enp0s3: saddr:100932208: daddr:16783984: srtt_us:4147624: RTT:518453: ssthresh:2147483647: cwnd:10: delivered:1: lost:0: retrans:0
[  263.670656] AAAAA-TCP_SEND: name:enp0s3: saddr:16783984: daddr:100932208: srtt_us:4147624: RTT:518453: ssthresh:2147483647: cwnd:10: delivered:1: lost:0: retrans:0
[  263.670939] AAAAA-TCP_SEND: name:enp0s3: saddr:16783984: daddr:100932208: srtt_us:4147624: RTT:518453: ssthresh:2147483647: cwnd:10: delivered:1: lost:0: retrans:0
[  264.488045] AAAAA-TCP_RECV: name:enp0s3: saddr:100932208: daddr:16783984: srtt_us:4147624: RTT:518453: ssthresh:2147483647: cwnd:10: delivered:1: lost:0: retrans:0
[  264.535093] AAAAA-TCP_RECV: name:enp0s3: saddr:100932208: daddr:16783984: srtt_us:4446313: RTT:555789: ssthresh:2147483647: cwnd:10: delivered:2: lost:0: retrans:0
[  264.535157] AAAAA-TCP_SEND: name:enp0s3: saddr:16783984: daddr:100932208: srtt_us:4446313: RTT:555789: ssthresh:2147483647: cwnd:10: delivered:2: lost:0: retrans:0
[  265.065538] AAAAA-TCP_RECV: name:enp0s3: saddr:100932208: daddr:16783984: srtt_us:4446313: RTT:555789: ssthresh:2147483647: cwnd:10: delivered:2: lost:0: retrans:0
[  265.065625] AAAAA-TCP_SEND: name:enp0s3: saddr:16783984: daddr:100932208: srtt_us:4446313: RTT:555789: ssthresh:2147483647: cwnd:10: delivered:2: lost:0: retrans:0
[  265.066319] AAAAA-TCP_SEND: name:enp0s3: saddr:16783984: daddr:100932208: srtt_us:4446313: RTT:555789: ssthresh:2147483647: cwnd:10: delivered:2: lost:0: retrans:0
[  265.711326] AAAAA-TCP_RECV: name:enp0s3: saddr:100932208: daddr:16783984: srtt_us:4446313: RTT:555789: ssthresh:2147483647: cwnd:10: delivered:2: lost:0: retrans:0
[  265.788469] AAAAA-TCP_RECV: name:enp0s3: saddr:100932208: daddr:16783984: srtt_us:0: RTT:0: ssthresh:2147483647: cwnd:10: delivered:0: lost:0: retrans:0
[  265.788514] AAAAA-TCP_SEND: name:enp0s3: saddr:16783984: daddr:100932208: srtt_us:0: RTT:0: ssthresh:0: cwnd:0: delivered:0: lost:0: retrans:0
[  266.488631] AAAAA-TCP_RECV: name:enp0s3: saddr:100932208: daddr:16783984: srtt_us:4787664: RTT:598458: ssthresh:2147483647: cwnd:10: delivered:1: lost:0: retrans:0
[  266.488670] AAAAA-TCP_SEND: name:enp0s3: saddr:16783984: daddr:100932208: srtt_us:4787664: RTT:598458: ssthresh:2147483647: cwnd:10: delivered:1: lost:0: retrans:0
[  266.490193] AAAAA-TCP_SEND: name:enp0s3: saddr:16783984: daddr:100932208: srtt_us:4535570: RTT:566946: ssthresh:2147483647: cwnd:10: delivered:3: lost:0: retrans:0
[  266.757289] AAAAA-TCP_RECV: name:enp0s3: saddr:100932208: daddr:16783984: srtt_us:4535570: RTT:566946: ssthresh:2147483647: cwnd:10: delivered:3: lost:0: retrans:0
[  266.757332] AAAAA-TCP_SEND: name:enp0s3: saddr:16783984: daddr:100932208: srtt_us:4235752: RTT:529469: ssthresh:2147483647: cwnd:10: delivered:4: lost:0: retrans:0
[  267.075777] AAAAA-TCP_RECV: name:enp0s3: saddr:100932208: daddr:16783984: srtt_us:4235752: RTT:529469: ssthresh:2147483647: cwnd:10: delivered:4: lost:0: retrans:0
[  267.134891] AAAAA-TCP_RECV: name:enp0s3: saddr:100932208: daddr:16783984: srtt_us:4787664: RTT:598458: ssthresh:2147483647: cwnd:10: delivered:1: lost:0: retrans:0
[  267.134920] AAAAA-TCP_SEND: name:enp0s3: saddr:16783984: daddr:100932208: srtt_us:4787664: RTT:598458: ssthresh:2147483647: cwnd:10: delivered:1: lost:0: retrans:0
[  267.181911] AAAAA-TCP_RECV: name:enp0s3: saddr:100932208: daddr:16783984: srtt_us:4787664: RTT:598458: ssthresh:2147483647: cwnd:10: delivered:1: lost:0: retrans:0
[  267.181933] AAAAA-TCP_SEND: name:enp0s3: saddr:16783984: daddr:100932208: srtt_us:4787664: RTT:598458: ssthresh:2147483647: cwnd:10: delivered:1: lost:0: retrans:0
[  267.323844] AAAAA-TCP_RECV: name:enp0s3: saddr:100932208: daddr:16783984: srtt_us:4787664: RTT:598458: ssthresh:2147483647: cwnd:10: delivered:1: lost:0: retrans:0
[  267.323876] AAAAA-TCP_SEND: name:enp0s3: saddr:16783984: daddr:100932208: srtt_us:4787664: RTT:598458: ssthresh:2147483647: cwnd:10: delivered:1: lost:0: retrans:0
[  267.372255] AAAAA-TCP_RECV: name:enp0s3: saddr:100932208: daddr:16783984: srtt_us:4787664: RTT:598458: ssthresh:2147483647: cwnd:10: delivered:1: lost:0: retrans:0
[  267.372279] AAAAA-TCP_SEND: name:enp0s3: saddr:16783984: daddr:100932208: srtt_us:4787664: RTT:598458: ssthresh:2147483647: cwnd:10: delivered:1: lost:0: retrans:0
[  267.415541] AAAAA-TCP_RECV: name:enp0s3: saddr:100932208: daddr:16783984: srtt_us:4787664: RTT:598458: ssthresh:2147483647: cwnd:10: delivered:1: lost:0: retrans:0
[  267.415567] AAAAA-TCP_SEND: name:enp0s3: saddr:16783984: daddr:100932208: srtt_us:4787664: RTT:598458: ssthresh:2147483647: cwnd:10: delivered:1: lost:0: retrans:0
[  267.523408] AAAAA-TCP_RECV: name:enp0s3: saddr:100932208: daddr:16783984: srtt_us:4787664: RTT:598458: ssthresh:2147483647: cwnd:10: delivered:1: lost:0: retrans:0
[  267.523432] AAAAA-TCP_SEND: name:enp0s3: saddr:16783984: daddr:100932208: srtt_us:4787664: RTT:598458: ssthresh:2147483647: cwnd:10: delivered:1: lost:0: retrans:0
[  267.611266] AAAAA-TCP_RECV: name:enp0s3: saddr:100932208: daddr:16783984: srtt_us:4787664: RTT:598458: ssthresh:2147483647: cwnd:10: delivered:1: lost:0: retrans:0
[  267.611290] AAAAA-TCP_SEND: name:enp0s3: saddr:16783984: daddr:100932208: srtt_us:4787664: RTT:598458: ssthresh:2147483647: cwnd:10: delivered:1: lost:0: retrans:0
[  267.632371] AAAAA-TCP_RECV: name:enp0s3: saddr:100932208: daddr:16783984: srtt_us:4787664: RTT:598458: ssthresh:2147483647: cwnd:10: delivered:1: lost:0: retrans:0
[  267.632390] AAAAA-TCP_SEND: name:enp0s3: saddr:16783984: daddr:100932208: srtt_us:4787664: RTT:598458: ssthresh:2147483647: cwnd:10: delivered:1: lost:0: retrans:0
[  267.797705] AAAAA-TCP_RECV: name:enp0s3: saddr:100932208: daddr:16783984: srtt_us:4787664: RTT:598458: ssthresh:2147483647: cwnd:10: delivered:1: lost:0: retrans:0
[  267.797738] AAAAA-TCP_SEND: name:enp0s3: saddr:16783984: daddr:100932208: srtt_us:4787664: RTT:598458: ssthresh:2147483647: cwnd:10: delivered:1: lost:0: retrans:0
[  267.958047] AAAAA-TCP_RECV: name:enp0s3: saddr:100932208: daddr:16783984: srtt_us:4787664: RTT:598458: ssthresh:2147483647: cwnd:10: delivered:1: lost:0: retrans:0
[  267.958078] AAAAA-TCP_SEND: name:enp0s3: saddr:16783984: daddr:100932208: srtt_us:4787664: RTT:598458: ssthresh:2147483647: cwnd:10: delivered:1: lost:0: retrans:0
[  268.086340] AAAAA-TCP_RECV: name:enp0s3: saddr:100932208: daddr:16783984: srtt_us:4787664: RTT:598458: ssthresh:2147483647: cwnd:10: delivered:1: lost:0: retrans:0
[  268.086374] AAAAA-TCP_SEND: name:enp0s3: saddr:16783984: daddr:100932208: srtt_us:4787664: RTT:598458: ssthresh:2147483647: cwnd:10: delivered:1: lost:0: retrans:0
[  268.194541] AAAAA-TCP_RECV: name:enp0s3: saddr:100932208: daddr:16783984: srtt_us:4787664: RTT:598458: ssthresh:2147483647: cwnd:10: delivered:1: lost:0: retrans:0
[  268.194571] AAAAA-TCP_SEND: name:enp0s3: saddr:16783984: daddr:100932208: srtt_us:4787664: RTT:598458: ssthresh:2147483647: cwnd:10: delivered:1: lost:0: retrans:0
[  268.273317] AAAAA-TCP_RECV: name:enp0s3: saddr:100932208: daddr:16783984: srtt_us:4787664: RTT:598458: ssthresh:2147483647: cwnd:10: delivered:1: lost:0: retrans:0
[  268.273346] AAAAA-TCP_SEND: name:enp0s3: saddr:16783984: daddr:100932208: srtt_us:4787664: RTT:598458: ssthresh:2147483647: cwnd:10: delivered:1: lost:0: retrans:0
[  268.309051] AAAAA-TCP_RECV: name:enp0s3: saddr:100932208: daddr:16783984: srtt_us:4787664: RTT:598458: ssthresh:2147483647: cwnd:10: delivered:1: lost:0: retrans:0
[  268.309077] AAAAA-TCP_SEND: name:enp0s3: saddr:16783984: daddr:100932208: srtt_us:4787664: RTT:598458: ssthresh:2147483647: cwnd:10: delivered:1: lost:0: retrans:0
[  268.586540] AAAAA-TCP_RECV: name:enp0s3: saddr:100932208: daddr:16783984: srtt_us:4787664: RTT:598458: ssthresh:2147483647: cwnd:10: delivered:1: lost:0: retrans:0
[  268.586573] AAAAA-TCP_SEND: name:enp0s3: saddr:16783984: daddr:100932208: srtt_us:4787664: RTT:598458: ssthresh:2147483647: cwnd:10: delivered:1: lost:0: retrans:0
[  268.725148] AAAAA-TCP_RECV: name:enp0s3: saddr:100932208: daddr:16783984: srtt_us:4787664: RTT:598458: ssthresh:2147483647: cwnd:10: delivered:1: lost:0: retrans:0
[  268.767118] AAAAA-TCP_SEND: name:enp0s3: saddr:16783984: daddr:100932208: srtt_us:4787664: RTT:598458: ssthresh:2147483647: cwnd:10: delivered:1: lost:0: retrans:0
[  268.818114] AAAAA-TCP_RECV: name:enp0s3: saddr:100932208: daddr:16783984: srtt_us:4787664: RTT:598458: ssthresh:2147483647: cwnd:10: delivered:1: lost:0: retrans:0
[  268.850380] AAAAA-TCP_RECV: name:enp0s3: saddr:100932208: daddr:16783984: srtt_us:4787664: RTT:598458: ssthresh:2147483647: cwnd:10: delivered:1: lost:0: retrans:0
[  268.850406] AAAAA-TCP_SEND: name:enp0s3: saddr:16783984: daddr:100932208: srtt_us:4787664: RTT:598458: ssthresh:2147483647: cwnd:10: delivered:1: lost:0: retrans:0
[  268.920989] AAAAA-TCP_RECV: name:enp0s3: saddr:100932208: daddr:16783984: srtt_us:4787664: RTT:598458: ssthresh:2147483647: cwnd:10: delivered:1: lost:0: retrans:0
[  268.991435] AAAAA-TCP_RECV: name:enp0s3: saddr:100932208: daddr:16783984: srtt_us:4787664: RTT:598458: ssthresh:2147483647: cwnd:10: delivered:1: lost:0: retrans:0
[  268.991462] AAAAA-TCP_SEND: name:enp0s3: saddr:16783984: daddr:100932208: srtt_us:4787664: RTT:598458: ssthresh:2147483647: cwnd:10: delivered:1: lost:0: retrans:0
[  269.074468] AAAAA-TCP_RECV: name:enp0s3: saddr:100932208: daddr:16783984: srtt_us:4787664: RTT:598458: ssthresh:2147483647: cwnd:10: delivered:1: lost:0: retrans:0
[  269.128351] AAAAA-TCP_RECV: name:enp0s3: saddr:100932208: daddr:16783984: srtt_us:4787664: RTT:598458: ssthresh:2147483647: cwnd:10: delivered:1: lost:0: retrans:0
[  269.128375] AAAAA-TCP_SEND: name:enp0s3: saddr:16783984: daddr:100932208: srtt_us:4787664: RTT:598458: ssthresh:2147483647: cwnd:10: delivered:1: lost:0: retrans:0
[  269.210208] AAAAA-TCP_RECV: name:enp0s3: saddr:100932208: daddr:16783984: srtt_us:4787664: RTT:598458: ssthresh:2147483647: cwnd:10: delivered:1: lost:0: retrans:0
[  269.255899] AAAAA-TCP_RECV: name:enp0s3: saddr:100932208: daddr:16783984: srtt_us:4787664: RTT:598458: ssthresh:2147483647: cwnd:10: delivered:1: lost:0: retrans:0
[  269.255929] AAAAA-TCP_SEND: name:enp0s3: saddr:16783984: daddr:100932208: srtt_us:4787664: RTT:598458: ssthresh:2147483647: cwnd:10: delivered:1: lost:0: retrans:0
[  269.332152] AAAAA-TCP_RECV: name:enp0s3: saddr:100932208: daddr:16783984: srtt_us:4787664: RTT:598458: ssthresh:2147483647: cwnd:10: delivered:1: lost:0: retrans:0
[  269.394122] AAAAA-TCP_RECV: name:enp0s3: saddr:100932208: daddr:16783984: srtt_us:4787664: RTT:598458: ssthresh:2147483647: cwnd:10: delivered:1: lost:0: retrans:0
[  269.394152] AAAAA-TCP_SEND: name:enp0s3: saddr:16783984: daddr:100932208: srtt_us:4787664: RTT:598458: ssthresh:2147483647: cwnd:10: delivered:1: lost:0: retrans:0
[  269.478636] AAAAA-TCP_RECV: name:enp0s3: saddr:100932208: daddr:16783984: srtt_us:4787664: RTT:598458: ssthresh:2147483647: cwnd:10: delivered:1: lost:0: retrans:0
[  269.495618] AAAAA-TCP_RECV: name:enp0s3: saddr:100932208: daddr:16783984: srtt_us:4787664: RTT:598458: ssthresh:2147483647: cwnd:10: delivered:1: lost:0: retrans:0
[  269.495631] AAAAA-TCP_SEND: name:enp0s3: saddr:16783984: daddr:100932208: srtt_us:4787664: RTT:598458: ssthresh:2147483647: cwnd:10: delivered:1: lost:0: retrans:0
[  269.596044] AAAAA-TCP_RECV: name:enp0s3: saddr:100932208: daddr:16783984: srtt_us:4787664: RTT:598458: ssthresh:2147483647: cwnd:10: delivered:1: lost:0: retrans:0
[  269.631778] AAAAA-TCP_RECV: name:enp0s3: saddr:100932208: daddr:16783984: srtt_us:4787664: RTT:598458: ssthresh:2147483647: cwnd:10: delivered:1: lost:0: retrans:0
[  269.631831] AAAAA-TCP_SEND: name:enp0s3: saddr:16783984: daddr:100932208: srtt_us:4787664: RTT:598458: ssthresh:2147483647: cwnd:10: delivered:1: lost:0: retrans:0
[  269.711052] AAAAA-TCP_RECV: name:enp0s3: saddr:100932208: daddr:16783984: srtt_us:4787664: RTT:598458: ssthresh:2147483647: cwnd:10: delivered:1: lost:0: retrans:0
[  269.784375] AAAAA-TCP_RECV: name:enp0s3: saddr:100932208: daddr:16783984: srtt_us:4787664: RTT:598458: ssthresh:2147483647: cwnd:10: delivered:1: lost:0: retrans:0
[  269.784421] AAAAA-TCP_SEND: name:enp0s3: saddr:16783984: daddr:100932208: srtt_us:4787664: RTT:598458: ssthresh:2147483647: cwnd:10: delivered:1: lost:0: retrans:0
[  269.927765] AAAAA-TCP_RECV: name:enp0s3: saddr:100932208: daddr:16783984: srtt_us:4787664: RTT:598458: ssthresh:2147483647: cwnd:10: delivered:1: lost:0: retrans:0
[  269.943863] AAAAA-TCP_RECV: name:enp0s3: saddr:100932208: daddr:16783984: srtt_us:4787664: RTT:598458: ssthresh:2147483647: cwnd:10: delivered:1: lost:0: retrans:0
[  269.943900] AAAAA-TCP_SEND: name:enp0s3: saddr:16783984: daddr:100932208: srtt_us:4787664: RTT:598458: ssthresh:2147483647: cwnd:10: delivered:1: lost:0: retrans:0
[  270.028197] AAAAA-TCP_RECV: name:enp0s3: saddr:100932208: daddr:16783984: srtt_us:4787664: RTT:598458: ssthresh:2147483647: cwnd:10: delivered:1: lost:0: retrans:0
[  270.080927] AAAAA-TCP_RECV: name:enp0s3: saddr:100932208: daddr:16783984: srtt_us:4787664: RTT:598458: ssthresh:2147483647: cwnd:10: delivered:1: lost:0: retrans:0
[  270.080964] AAAAA-TCP_SEND: name:enp0s3: saddr:16783984: daddr:100932208: srtt_us:4787664: RTT:598458: ssthresh:2147483647: cwnd:10: delivered:1: lost:0: retrans:0
[  270.158296] AAAAA-TCP_RECV: name:enp0s3: saddr:100932208: daddr:16783984: srtt_us:4787664: RTT:598458: ssthresh:2147483647: cwnd:10: delivered:1: lost:0: retrans:0
[  270.205716] AAAAA-TCP_RECV: name:enp0s3: saddr:100932208: daddr:16783984: srtt_us:4787664: RTT:598458: ssthresh:2147483647: cwnd:10: delivered:1: lost:0: retrans:0
[  270.205753] AAAAA-TCP_SEND: name:enp0s3: saddr:16783984: daddr:100932208: srtt_us:4787664: RTT:598458: ssthresh:2147483647: cwnd:10: delivered:1: lost:0: retrans:0
[  270.297881] AAAAA-TCP_RECV: name:enp0s3: saddr:100932208: daddr:16783984: srtt_us:4787664: RTT:598458: ssthresh:2147483647: cwnd:10: delivered:1: lost:0: retrans:0
[  270.384740] AAAAA-TCP_RECV: name:enp0s3: saddr:100932208: daddr:16783984: srtt_us:4787664: RTT:598458: ssthresh:2147483647: cwnd:10: delivered:1: lost:0: retrans:0
[  270.384794] AAAAA-TCP_SEND: name:enp0s3: saddr:16783984: daddr:100932208: srtt_us:4787664: RTT:598458: ssthresh:2147483647: cwnd:10: delivered:1: lost:0: retrans:0
[  270.518189] AAAAA-TCP_RECV: name:enp0s3: saddr:100932208: daddr:16783984: srtt_us:4787664: RTT:598458: ssthresh:2147483647: cwnd:10: delivered:1: lost:0: retrans:0
[  270.518224] AAAAA-TCP_SEND: name:enp0s3: saddr:16783984: daddr:100932208: srtt_us:4787664: RTT:598458: ssthresh:2147483647: cwnd:10: delivered:1: lost:0: retrans:0
[  270.589096] AAAAA-TCP_RECV: name:enp0s3: saddr:100932208: daddr:16783984: srtt_us:4787664: RTT:598458: ssthresh:2147483647: cwnd:10: delivered:1: lost:0: retrans:0
[  270.589124] AAAAA-TCP_SEND: name:enp0s3: saddr:16783984: daddr:100932208: srtt_us:4787664: RTT:598458: ssthresh:2147483647: cwnd:10: delivered:1: lost:0: retrans:0
[  270.662607] AAAAA-TCP_RECV: name:enp0s3: saddr:100932208: daddr:16783984: srtt_us:4787664: RTT:598458: ssthresh:2147483647: cwnd:10: delivered:1: lost:0: retrans:0
[  270.662667] AAAAA-TCP_SEND: name:enp0s3: saddr:16783984: daddr:100932208: srtt_us:4787664: RTT:598458: ssthresh:2147483647: cwnd:10: delivered:1: lost:0: retrans:0
[  270.690827] AAAAA-TCP_RECV: name:enp0s3: saddr:100932208: daddr:16783984: srtt_us:4787664: RTT:598458: ssthresh:2147483647: cwnd:10: delivered:1: lost:0: retrans:0
[  270.690870] AAAAA-TCP_SEND: name:enp0s3: saddr:16783984: daddr:100932208: srtt_us:4787664: RTT:598458: ssthresh:2147483647: cwnd:10: delivered:1: lost:0: retrans:0
[  270.907192] AAAAA-TCP_RECV: name:enp0s3: saddr:100932208: daddr:16783984: srtt_us:4787664: RTT:598458: ssthresh:2147483647: cwnd:10: delivered:1: lost:0: retrans:0
[  270.907228] AAAAA-TCP_SEND: name:enp0s3: saddr:16783984: daddr:100932208: srtt_us:4787664: RTT:598458: ssthresh:2147483647: cwnd:10: delivered:1: lost:0: retrans:0
[  270.982168] AAAAA-TCP_RECV: name:enp0s3: saddr:100932208: daddr:16783984: srtt_us:4787664: RTT:598458: ssthresh:2147483647: cwnd:10: delivered:1: lost:0: retrans:0
[  270.982199] AAAAA-TCP_SEND: name:enp0s3: saddr:16783984: daddr:100932208: srtt_us:4787664: RTT:598458: ssthresh:2147483647: cwnd:10: delivered:1: lost:0: retrans:0
[  271.067060] AAAAA-TCP_RECV: name:enp0s3: saddr:100932208: daddr:16783984: srtt_us:4787664: RTT:598458: ssthresh:2147483647: cwnd:10: delivered:1: lost:0: retrans:0
[  271.067088] AAAAA-TCP_SEND: name:enp0s3: saddr:16783984: daddr:100932208: srtt_us:4787664: RTT:598458: ssthresh:2147483647: cwnd:10: delivered:1: lost:0: retrans:0
[  271.143944] AAAAA-TCP_RECV: name:enp0s3: saddr:100932208: daddr:16783984: srtt_us:4787664: RTT:598458: ssthresh:2147483647: cwnd:10: delivered:1: lost:0: retrans:0
[  271.143954] AAAAA-TCP_SEND: name:enp0s3: saddr:16783984: daddr:100932208: srtt_us:4787664: RTT:598458: ssthresh:2147483647: cwnd:10: delivered:1: lost:0: retrans:0
[  271.273500] AAAAA-TCP_RECV: name:enp0s3: saddr:100932208: daddr:16783984: srtt_us:4787664: RTT:598458: ssthresh:2147483647: cwnd:10: delivered:1: lost:0: retrans:0
[  271.273537] AAAAA-TCP_SEND: name:enp0s3: saddr:16783984: daddr:100932208: srtt_us:4787664: RTT:598458: ssthresh:2147483647: cwnd:10: delivered:1: lost:0: retrans:0
[  271.305681] AAAAA-TCP_RECV: name:enp0s3: saddr:100932208: daddr:16783984: srtt_us:4787664: RTT:598458: ssthresh:2147483647: cwnd:10: delivered:1: lost:0: retrans:0
[  271.305710] AAAAA-TCP_SEND: name:enp0s3: saddr:16783984: daddr:100932208: srtt_us:4787664: RTT:598458: ssthresh:2147483647: cwnd:10: delivered:1: lost:0: retrans:0
[  271.387628] AAAAA-TCP_RECV: name:enp0s3: saddr:100932208: daddr:16783984: srtt_us:4787664: RTT:598458: ssthresh:2147483647: cwnd:10: delivered:1: lost:0: retrans:0
[  271.387656] AAAAA-TCP_SEND: name:enp0s3: saddr:16783984: daddr:100932208: srtt_us:4787664: RTT:598458: ssthresh:2147483647: cwnd:10: delivered:1: lost:0: retrans:0
[  271.497558] AAAAA-TCP_RECV: name:enp0s3: saddr:100932208: daddr:16783984: srtt_us:4787664: RTT:598458: ssthresh:2147483647: cwnd:10: delivered:1: lost:0: retrans:0
[  271.497586] AAAAA-TCP_SEND: name:enp0s3: saddr:16783984: daddr:100932208: srtt_us:4787664: RTT:598458: ssthresh:2147483647: cwnd:10: delivered:1: lost:0: retrans:0
[  271.563337] AAAAA-TCP_RECV: name:enp0s3: saddr:100932208: daddr:16783984: srtt_us:4787664: RTT:598458: ssthresh:2147483647: cwnd:10: delivered:1: lost:0: retrans:0
[  271.563362] AAAAA-TCP_SEND: name:enp0s3: saddr:16783984: daddr:100932208: srtt_us:4787664: RTT:598458: ssthresh:2147483647: cwnd:10: delivered:1: lost:0: retrans:0
[  271.660359] AAAAA-TCP_RECV: name:enp0s3: saddr:100932208: daddr:16783984: srtt_us:4787664: RTT:598458: ssthresh:2147483647: cwnd:10: delivered:1: lost:0: retrans:0
[  271.660385] AAAAA-TCP_SEND: name:enp0s3: saddr:16783984: daddr:100932208: srtt_us:4787664: RTT:598458: ssthresh:2147483647: cwnd:10: delivered:1: lost:0: retrans:0
[  271.807437] AAAAA-TCP_RECV: name:enp0s3: saddr:100932208: daddr:16783984: srtt_us:4787664: RTT:598458: ssthresh:2147483647: cwnd:10: delivered:1: lost:0: retrans:0
[  271.807470] AAAAA-TCP_SEND: name:enp0s3: saddr:16783984: daddr:100932208: srtt_us:4787664: RTT:598458: ssthresh:2147483647: cwnd:10: delivered:1: lost:0: retrans:0
[  271.898569] AAAAA-TCP_RECV: name:enp0s3: saddr:100932208: daddr:16783984: srtt_us:4787664: RTT:598458: ssthresh:2147483647: cwnd:10: delivered:1: lost:0: retrans:0
[  271.898602] AAAAA-TCP_SEND: name:enp0s3: saddr:16783984: daddr:100932208: srtt_us:4787664: RTT:598458: ssthresh:2147483647: cwnd:10: delivered:1: lost:0: retrans:0
[  271.925948] AAAAA-TCP_RECV: name:enp0s3: saddr:100932208: daddr:16783984: srtt_us:4787664: RTT:598458: ssthresh:2147483647: cwnd:10: delivered:1: lost:0: retrans:0
[  271.925980] AAAAA-TCP_SEND: name:enp0s3: saddr:16783984: daddr:100932208: srtt_us:4787664: RTT:598458: ssthresh:2147483647: cwnd:10: delivered:1: lost:0: retrans:0
[  271.964369] AAAAA-TCP_RECV: name:enp0s3: saddr:100932208: daddr:16783984: srtt_us:4787664: RTT:598458: ssthresh:2147483647: cwnd:10: delivered:1: lost:0: retrans:0
[  271.964392] AAAAA-TCP_SEND: name:enp0s3: saddr:16783984: daddr:100932208: srtt_us:4787664: RTT:598458: ssthresh:2147483647: cwnd:10: delivered:1: lost:0: retrans:0
[  272.039621] AAAAA-TCP_RECV: name:enp0s3: saddr:100932208: daddr:16783984: srtt_us:4787664: RTT:598458: ssthresh:2147483647: cwnd:10: delivered:1: lost:0: retrans:0
[  272.039644] AAAAA-TCP_SEND: name:enp0s3: saddr:16783984: daddr:100932208: srtt_us:4787664: RTT:598458: ssthresh:2147483647: cwnd:10: delivered:1: lost:0: retrans:0
[  272.191768] AAAAA-TCP_RECV: name:enp0s3: saddr:100932208: daddr:16783984: srtt_us:4787664: RTT:598458: ssthresh:2147483647: cwnd:10: delivered:1: lost:0: retrans:0
[  272.191790] AAAAA-TCP_SEND: name:enp0s3: saddr:16783984: daddr:100932208: srtt_us:4787664: RTT:598458: ssthresh:2147483647: cwnd:10: delivered:1: lost:0: retrans:0
[  272.272944] AAAAA-TCP_RECV: name:enp0s3: saddr:100932208: daddr:16783984: srtt_us:4787664: RTT:598458: ssthresh:2147483647: cwnd:10: delivered:1: lost:0: retrans:0
[  272.272969] AAAAA-TCP_SEND: name:enp0s3: saddr:16783984: daddr:100932208: srtt_us:4787664: RTT:598458: ssthresh:2147483647: cwnd:10: delivered:1: lost:0: retrans:0
[  272.347892] AAAAA-TCP_RECV: name:enp0s3: saddr:100932208: daddr:16783984: srtt_us:4787664: RTT:598458: ssthresh:2147483647: cwnd:10: delivered:1: lost:0: retrans:0
[  272.347917] AAAAA-TCP_SEND: name:enp0s3: saddr:16783984: daddr:100932208: srtt_us:4787664: RTT:598458: ssthresh:2147483647: cwnd:10: delivered:1: lost:0: retrans:0
[  272.418174] AAAAA-TCP_RECV: name:enp0s3: saddr:100932208: daddr:16783984: srtt_us:4787664: RTT:598458: ssthresh:2147483647: cwnd:10: delivered:1: lost:0: retrans:0
[  272.418205] AAAAA-TCP_SEND: name:enp0s3: saddr:16783984: daddr:100932208: srtt_us:4787664: RTT:598458: ssthresh:2147483647: cwnd:10: delivered:1: lost:0: retrans:0
[  272.458958] AAAAA-TCP_RECV: name:enp0s3: saddr:100932208: daddr:16783984: srtt_us:4787664: RTT:598458: ssthresh:2147483647: cwnd:10: delivered:1: lost:0: retrans:0
[  272.458983] AAAAA-TCP_SEND: name:enp0s3: saddr:16783984: daddr:100932208: srtt_us:4787664: RTT:598458: ssthresh:2147483647: cwnd:10: delivered:1: lost:0: retrans:0
[  272.528890] AAAAA-TCP_RECV: name:enp0s3: saddr:100932208: daddr:16783984: srtt_us:4787664: RTT:598458: ssthresh:2147483647: cwnd:10: delivered:1: lost:0: retrans:0
[  272.528915] AAAAA-TCP_SEND: name:enp0s3: saddr:16783984: daddr:100932208: srtt_us:4787664: RTT:598458: ssthresh:2147483647: cwnd:10: delivered:1: lost:0: retrans:0
[  272.582645] AAAAA-TCP_RECV: name:enp0s3: saddr:100932208: daddr:16783984: srtt_us:4787664: RTT:598458: ssthresh:2147483647: cwnd:10: delivered:1: lost:0: retrans:0
[  272.582668] AAAAA-TCP_SEND: name:enp0s3: saddr:16783984: daddr:100932208: srtt_us:4787664: RTT:598458: ssthresh:2147483647: cwnd:10: delivered:1: lost:0: retrans:0
[  272.620265] AAAAA-TCP_RECV: name:enp0s3: saddr:100932208: daddr:16783984: srtt_us:4787664: RTT:598458: ssthresh:2147483647: cwnd:10: delivered:1: lost:0: retrans:0
[  272.620290] AAAAA-TCP_SEND: name:enp0s3: saddr:16783984: daddr:100932208: srtt_us:4787664: RTT:598458: ssthresh:2147483647: cwnd:10: delivered:1: lost:0: retrans:0
[  272.729252] AAAAA-TCP_RECV: name:enp0s3: saddr:100932208: daddr:16783984: srtt_us:4787664: RTT:598458: ssthresh:2147483647: cwnd:10: delivered:1: lost:0: retrans:0
[  272.729281] AAAAA-TCP_SEND: name:enp0s3: saddr:16783984: daddr:100932208: srtt_us:4787664: RTT:598458: ssthresh:2147483647: cwnd:10: delivered:1: lost:0: retrans:0
[  272.795679] AAAAA-TCP_RECV: name:enp0s3: saddr:100932208: daddr:16783984: srtt_us:4787664: RTT:598458: ssthresh:2147483647: cwnd:10: delivered:1: lost:0: retrans:0
[  272.795709] AAAAA-TCP_SEND: name:enp0s3: saddr:16783984: daddr:100932208: srtt_us:4787664: RTT:598458: ssthresh:2147483647: cwnd:10: delivered:1: lost:0: retrans:0
[  272.938287] AAAAA-TCP_RECV: name:enp0s3: saddr:100932208: daddr:16783984: srtt_us:4787664: RTT:598458: ssthresh:2147483647: cwnd:10: delivered:1: lost:0: retrans:0
[  272.938317] AAAAA-TCP_SEND: name:enp0s3: saddr:16783984: daddr:100932208: srtt_us:4787664: RTT:598458: ssthresh:2147483647: cwnd:10: delivered:1: lost:0: retrans:0
[  273.013129] AAAAA-TCP_RECV: name:enp0s3: saddr:100932208: daddr:16783984: srtt_us:4787664: RTT:598458: ssthresh:2147483647: cwnd:10: delivered:1: lost:0: retrans:0
[  273.013158] AAAAA-TCP_SEND: name:enp0s3: saddr:16783984: daddr:100932208: srtt_us:4787664: RTT:598458: ssthresh:2147483647: cwnd:10: delivered:1: lost:0: retrans:0
[  273.091734] AAAAA-TCP_RECV: name:enp0s3: saddr:100932208: daddr:16783984: srtt_us:4787664: RTT:598458: ssthresh:2147483647: cwnd:10: delivered:1: lost:0: retrans:0
[  273.091762] AAAAA-TCP_SEND: name:enp0s3: saddr:16783984: daddr:100932208: srtt_us:4787664: RTT:598458: ssthresh:2147483647: cwnd:10: delivered:1: lost:0: retrans:0
[  273.134220] AAAAA-TCP_RECV: name:enp0s3: saddr:100932208: daddr:16783984: srtt_us:4787664: RTT:598458: ssthresh:2147483647: cwnd:10: delivered:1: lost:0: retrans:0
[  273.134251] AAAAA-TCP_SEND: name:enp0s3: saddr:16783984: daddr:100932208: srtt_us:4787664: RTT:598458: ssthresh:2147483647: cwnd:10: delivered:1: lost:0: retrans:0
[  273.215679] AAAAA-TCP_RECV: name:enp0s3: saddr:100932208: daddr:16783984: srtt_us:4787664: RTT:598458: ssthresh:2147483647: cwnd:10: delivered:1: lost:0: retrans:0
[  273.215705] AAAAA-TCP_SEND: name:enp0s3: saddr:16783984: daddr:100932208: srtt_us:4787664: RTT:598458: ssthresh:2147483647: cwnd:10: delivered:1: lost:0: retrans:0
[  296.720253] AAAAA-TCP_RECV: name:enp0s3: saddr:100932208: daddr:16783984: srtt_us:4787664: RTT:598458: ssthresh:2147483647: cwnd:10: delivered:1: lost:0: retrans:0
[  296.720305] AAAAA-TCP_SEND: name:enp0s3: saddr:16783984: daddr:100932208: srtt_us:4787664: RTT:598458: ssthresh:2147483647: cwnd:10: delivered:1: lost:0: retrans:0
[  297.011894] AAAAA-TCP_RECV: name:enp0s3: saddr:100932208: daddr:16783984: srtt_us:4787664: RTT:598458: ssthresh:2147483647: cwnd:10: delivered:1: lost:0: retrans:0
[  297.011931] AAAAA-TCP_SEND: name:enp0s3: saddr:16783984: daddr:100932208: srtt_us:4787664: RTT:598458: ssthresh:2147483647: cwnd:10: delivered:1: lost:0: retrans:0
[  297.075129] AAAAA-TCP_RECV: name:enp0s3: saddr:100932208: daddr:16783984: srtt_us:4787664: RTT:598458: ssthresh:2147483647: cwnd:10: delivered:1: lost:0: retrans:0
[  297.075160] AAAAA-TCP_SEND: name:enp0s3: saddr:16783984: daddr:100932208: srtt_us:4787664: RTT:598458: ssthresh:2147483647: cwnd:10: delivered:1: lost:0: retrans:0
[  297.725402] AAAAA-TCP_RECV: name:enp0s3: saddr:100932208: daddr:16783984: srtt_us:4787664: RTT:598458: ssthresh:2147483647: cwnd:10: delivered:1: lost:0: retrans:0
[  297.725446] AAAAA-TCP_SEND: name:enp0s3: saddr:16783984: daddr:100932208: srtt_us:4787664: RTT:598458: ssthresh:2147483647: cwnd:10: delivered:1: lost:0: retrans:0
[  297.844731] AAAAA-TCP_RECV: name:enp0s3: saddr:100932208: daddr:16783984: srtt_us:4787664: RTT:598458: ssthresh:2147483647: cwnd:10: delivered:1: lost:0: retrans:0
[  297.844769] AAAAA-TCP_SEND: name:enp0s3: saddr:16783984: daddr:100932208: srtt_us:4787664: RTT:598458: ssthresh:2147483647: cwnd:10: delivered:1: lost:0: retrans:0
[  297.900680] AAAAA-TCP_RECV: name:enp0s3: saddr:100932208: daddr:16783984: srtt_us:4787664: RTT:598458: ssthresh:2147483647: cwnd:10: delivered:1: lost:0: retrans:0
[  297.900720] AAAAA-TCP_SEND: name:enp0s3: saddr:16783984: daddr:100932208: srtt_us:4787664: RTT:598458: ssthresh:2147483647: cwnd:10: delivered:1: lost:0: retrans:0
[  298.097954] AAAAA-TCP_RECV: name:enp0s3: saddr:100932208: daddr:16783984: srtt_us:4787664: RTT:598458: ssthresh:2147483647: cwnd:10: delivered:1: lost:0: retrans:0
[  298.097988] AAAAA-TCP_SEND: name:enp0s3: saddr:16783984: daddr:100932208: srtt_us:4787664: RTT:598458: ssthresh:2147483647: cwnd:10: delivered:1: lost:0: retrans:0
[  298.483428] AAAAA-TCP_RECV: name:enp0s3: saddr:100932208: daddr:16783984: srtt_us:4787664: RTT:598458: ssthresh:2147483647: cwnd:10: delivered:1: lost:0: retrans:0
[  298.483459] AAAAA-TCP_SEND: name:enp0s3: saddr:16783984: daddr:100932208: srtt_us:4787664: RTT:598458: ssthresh:2147483647: cwnd:10: delivered:1: lost:0: retrans:0
[  298.620443] AAAAA-TCP_RECV: name:enp0s3: saddr:100932208: daddr:16783984: srtt_us:4787664: RTT:598458: ssthresh:2147483647: cwnd:10: delivered:1: lost:0: retrans:0
[  298.620481] AAAAA-TCP_SEND: name:enp0s3: saddr:16783984: daddr:100932208: srtt_us:4787664: RTT:598458: ssthresh:2147483647: cwnd:10: delivered:1: lost:0: retrans:0
[  298.767675] AAAAA-TCP_RECV: name:enp0s3: saddr:100932208: daddr:16783984: srtt_us:4787664: RTT:598458: ssthresh:2147483647: cwnd:10: delivered:1: lost:0: retrans:0
[  298.767713] AAAAA-TCP_SEND: name:enp0s3: saddr:16783984: daddr:100932208: srtt_us:4787664: RTT:598458: ssthresh:2147483647: cwnd:10: delivered:1: lost:0: retrans:0
[  301.436697] AAAAA-TCP_RECV: name:enp0s3: saddr:100932208: daddr:16783984: srtt_us:4787664: RTT:598458: ssthresh:2147483647: cwnd:10: delivered:1: lost:0: retrans:0
[  301.436737] AAAAA-TCP_SEND: name:enp0s3: saddr:16783984: daddr:100932208: srtt_us:4787664: RTT:598458: ssthresh:2147483647: cwnd:10: delivered:1: lost:0: retrans:0
[  301.627739] AAAAA-TCP_RECV: name:enp0s3: saddr:100932208: daddr:16783984: srtt_us:4787664: RTT:598458: ssthresh:2147483647: cwnd:10: delivered:1: lost:0: retrans:0
[  301.627778] AAAAA-TCP_SEND: name:enp0s3: saddr:16783984: daddr:100932208: srtt_us:4787664: RTT:598458: ssthresh:2147483647: cwnd:10: delivered:1: lost:0: retrans:0
[  301.688467] AAAAA-TCP_RECV: name:enp0s3: saddr:100932208: daddr:16783984: srtt_us:4787664: RTT:598458: ssthresh:2147483647: cwnd:10: delivered:1: lost:0: retrans:0
[  301.688517] AAAAA-TCP_SEND: name:enp0s3: saddr:16783984: daddr:100932208: srtt_us:4787664: RTT:598458: ssthresh:2147483647: cwnd:10: delivered:1: lost:0: retrans:0
[  302.264090] AAAAA-TCP_RECV: name:enp0s3: saddr:100932208: daddr:16783984: srtt_us:4787664: RTT:598458: ssthresh:2147483647: cwnd:10: delivered:1: lost:0: retrans:0
[  302.264129] AAAAA-TCP_SEND: name:enp0s3: saddr:16783984: daddr:100932208: srtt_us:4787664: RTT:598458: ssthresh:2147483647: cwnd:10: delivered:1: lost:0: retrans:0
[  303.032976] AAAAA-TCP_RECV: name:enp0s3: saddr:100932208: daddr:16783984: srtt_us:4787664: RTT:598458: ssthresh:2147483647: cwnd:10: delivered:1: lost:0: retrans:0
[  303.033011] AAAAA-TCP_SEND: name:enp0s3: saddr:16783984: daddr:100932208: srtt_us:4787664: RTT:598458: ssthresh:2147483647: cwnd:10: delivered:1: lost:0: retrans:0
[  303.129206] AAAAA-TCP_RECV: name:enp0s3: saddr:100932208: daddr:16783984: srtt_us:4787664: RTT:598458: ssthresh:2147483647: cwnd:10: delivered:1: lost:0: retrans:0
[  303.129242] AAAAA-TCP_SEND: name:enp0s3: saddr:16783984: daddr:100932208: srtt_us:4787664: RTT:598458: ssthresh:2147483647: cwnd:10: delivered:1: lost:0: retrans:0
[  303.364453] AAAAA-TCP_RECV: name:enp0s3: saddr:100932208: daddr:16783984: srtt_us:4787664: RTT:598458: ssthresh:2147483647: cwnd:10: delivered:1: lost:0: retrans:0
[  303.364505] AAAAA-TCP_SEND: name:enp0s3: saddr:16783984: daddr:100932208: srtt_us:4787664: RTT:598458: ssthresh:2147483647: cwnd:10: delivered:1: lost:0: retrans:0
[  303.525823] AAAAA-TCP_RECV: name:enp0s3: saddr:100932208: daddr:16783984: srtt_us:4787664: RTT:598458: ssthresh:2147483647: cwnd:10: delivered:1: lost:0: retrans:0
[  303.525861] AAAAA-TCP_SEND: name:enp0s3: saddr:16783984: daddr:100932208: srtt_us:4787664: RTT:598458: ssthresh:2147483647: cwnd:10: delivered:1: lost:0: retrans:0
[  303.763953] AAAAA-TCP_RECV: name:enp0s3: saddr:100932208: daddr:16783984: srtt_us:4787664: RTT:598458: ssthresh:2147483647: cwnd:10: delivered:1: lost:0: retrans:0
[  303.763994] AAAAA-TCP_SEND: name:enp0s3: saddr:16783984: daddr:100932208: srtt_us:4787664: RTT:598458: ssthresh:2147483647: cwnd:10: delivered:1: lost:0: retrans:0
[  304.847836] AAAAA-TCP_RECV: name:enp0s3: saddr:100932208: daddr:16783984: srtt_us:4787664: RTT:598458: ssthresh:2147483647: cwnd:10: delivered:1: lost:0: retrans:0
[  304.847901] AAAAA-TCP_SEND: name:enp0s3: saddr:16783984: daddr:100932208: srtt_us:4787664: RTT:598458: ssthresh:2147483647: cwnd:10: delivered:1: lost:0: retrans:0
[  304.977513] AAAAA-TCP_RECV: name:enp0s3: saddr:100932208: daddr:16783984: srtt_us:4787664: RTT:598458: ssthresh:2147483647: cwnd:10: delivered:1: lost:0: retrans:0
[  304.977549] AAAAA-TCP_SEND: name:enp0s3: saddr:16783984: daddr:100932208: srtt_us:4787664: RTT:598458: ssthresh:2147483647: cwnd:10: delivered:1: lost:0: retrans:0
[  305.097939] AAAAA-TCP_RECV: name:enp0s3: saddr:100932208: daddr:16783984: srtt_us:4787664: RTT:598458: ssthresh:2147483647: cwnd:10: delivered:1: lost:0: retrans:0
[  305.098020] AAAAA-TCP_SEND: name:enp0s3: saddr:16783984: daddr:100932208: srtt_us:4787664: RTT:598458: ssthresh:2147483647: cwnd:10: delivered:1: lost:0: retrans:0
[  305.249204] AAAAA-TCP_RECV: name:enp0s3: saddr:100932208: daddr:16783984: srtt_us:4787664: RTT:598458: ssthresh:2147483647: cwnd:10: delivered:1: lost:0: retrans:0
[  305.249266] AAAAA-TCP_SEND: name:enp0s3: saddr:16783984: daddr:100932208: srtt_us:4787664: RTT:598458: ssthresh:2147483647: cwnd:10: delivered:1: lost:0: retrans:0
[  305.385959] AAAAA-TCP_RECV: name:enp0s3: saddr:100932208: daddr:16783984: srtt_us:4787664: RTT:598458: ssthresh:2147483647: cwnd:10: delivered:1: lost:0: retrans:0
[  305.386010] AAAAA-TCP_SEND: name:enp0s3: saddr:16783984: daddr:100932208: srtt_us:4787664: RTT:598458: ssthresh:2147483647: cwnd:10: delivered:1: lost:0: retrans:0
[  323.044959] AAAAA-TCP_RECV: name:enp0s8: saddr:100932208: daddr:16783984: srtt_us:4787664: RTT:598458: ssthresh:2147483647: cwnd:10: delivered:1: lost:0: retrans:0
[  323.044978] AAAAA-TCP_SEND: name:enp0s8: saddr:16783984: daddr:100932208: srtt_us:4787664: RTT:598458: ssthresh:2147483647: cwnd:10: delivered:1: lost:0: retrans:0
[  324.673211] AAAAA-TCP_RECV: name:enp0s8: saddr:100932208: daddr:16783984: srtt_us:4787664: RTT:598458: ssthresh:2147483647: cwnd:10: delivered:1: lost:0: retrans:0
[  324.673261] AAAAA-TCP_SEND: name:enp0s8: saddr:16783984: daddr:100932208: srtt_us:4787664: RTT:598458: ssthresh:2147483647: cwnd:10: delivered:1: lost:0: retrans:0
[  324.858546] AAAAA-TCP_RECV: name:enp0s8: saddr:100932208: daddr:16783984: srtt_us:4787664: RTT:598458: ssthresh:2147483647: cwnd:10: delivered:1: lost:0: retrans:0
[  324.858579] AAAAA-TCP_SEND: name:enp0s8: saddr:16783984: daddr:100932208: srtt_us:4787664: RTT:598458: ssthresh:2147483647: cwnd:10: delivered:1: lost:0: retrans:0
[  325.019895] AAAAA-TCP_RECV: name:enp0s8: saddr:100932208: daddr:16783984: srtt_us:4787664: RTT:598458: ssthresh:2147483647: cwnd:10: delivered:1: lost:0: retrans:0
[  325.019965] AAAAA-TCP_SEND: name:enp0s8: saddr:16783984: daddr:100932208: srtt_us:4787664: RTT:598458: ssthresh:2147483647: cwnd:10: delivered:1: lost:0: retrans:0
[  325.183907] AAAAA-TCP_RECV: name:enp0s8: saddr:100932208: daddr:16783984: srtt_us:4787664: RTT:598458: ssthresh:2147483647: cwnd:10: delivered:1: lost:0: retrans:0
[  325.183954] AAAAA-TCP_SEND: name:enp0s8: saddr:16783984: daddr:100932208: srtt_us:4787664: RTT:598458: ssthresh:2147483647: cwnd:10: delivered:1: lost:0: retrans:0
[  325.308971] AAAAA-TCP_RECV: name:enp0s8: saddr:100932208: daddr:16783984: srtt_us:4787664: RTT:598458: ssthresh:2147483647: cwnd:10: delivered:1: lost:0: retrans:0
[  325.309012] AAAAA-TCP_SEND: name:enp0s8: saddr:16783984: daddr:100932208: srtt_us:4787664: RTT:598458: ssthresh:2147483647: cwnd:10: delivered:1: lost:0: retrans:0
[  325.435365] AAAAA-TCP_RECV: name:enp0s8: saddr:100932208: daddr:16783984: srtt_us:4787664: RTT:598458: ssthresh:2147483647: cwnd:10: delivered:1: lost:0: retrans:0
[  325.435407] AAAAA-TCP_SEND: name:enp0s8: saddr:16783984: daddr:100932208: srtt_us:4787664: RTT:598458: ssthresh:2147483647: cwnd:10: delivered:1: lost:0: retrans:0
[  325.738600] AAAAA-TCP_RECV: name:enp0s8: saddr:100932208: daddr:16783984: srtt_us:4787664: RTT:598458: ssthresh:2147483647: cwnd:10: delivered:1: lost:0: retrans:0
[  325.738683] AAAAA-TCP_SEND: name:enp0s8: saddr:16783984: daddr:100932208: srtt_us:4787664: RTT:598458: ssthresh:2147483647: cwnd:10: delivered:1: lost:0: retrans:0
[  325.831295] AAAAA-TCP_RECV: name:enp0s8: saddr:100932208: daddr:16783984: srtt_us:4787664: RTT:598458: ssthresh:2147483647: cwnd:10: delivered:1: lost:0: retrans:0
[  325.831341] AAAAA-TCP_SEND: name:enp0s8: saddr:16783984: daddr:100932208: srtt_us:4787664: RTT:598458: ssthresh:2147483647: cwnd:10: delivered:1: lost:0: retrans:0
[  325.888812] AAAAA-TCP_RECV: name:enp0s8: saddr:100932208: daddr:16783984: srtt_us:4787664: RTT:598458: ssthresh:2147483647: cwnd:10: delivered:1: lost:0: retrans:0
[  325.888844] AAAAA-TCP_SEND: name:enp0s8: saddr:16783984: daddr:100932208: srtt_us:4787664: RTT:598458: ssthresh:2147483647: cwnd:10: delivered:1: lost:0: retrans:0
[  325.969533] AAAAA-TCP_RECV: name:enp0s8: saddr:100932208: daddr:16783984: srtt_us:4787664: RTT:598458: ssthresh:2147483647: cwnd:10: delivered:1: lost:0: retrans:0
[  325.969578] AAAAA-TCP_SEND: name:enp0s8: saddr:16783984: daddr:100932208: srtt_us:4787664: RTT:598458: ssthresh:2147483647: cwnd:10: delivered:1: lost:0: retrans:0
[  326.040025] AAAAA-TCP_RECV: name:enp0s8: saddr:100932208: daddr:16783984: srtt_us:4787664: RTT:598458: ssthresh:2147483647: cwnd:10: delivered:1: lost:0: retrans:0
[  326.040051] AAAAA-TCP_SEND: name:enp0s8: saddr:16783984: daddr:100932208: srtt_us:4787664: RTT:598458: ssthresh:2147483647: cwnd:10: delivered:1: lost:0: retrans:0
[  326.132223] AAAAA-TCP_RECV: name:enp0s8: saddr:100932208: daddr:16783984: srtt_us:4787664: RTT:598458: ssthresh:2147483647: cwnd:10: delivered:1: lost:0: retrans:0
[  326.132290] AAAAA-TCP_SEND: name:enp0s8: saddr:16783984: daddr:100932208: srtt_us:4787664: RTT:598458: ssthresh:2147483647: cwnd:10: delivered:1: lost:0: retrans:0
[  326.190388] AAAAA-TCP_RECV: name:enp0s8: saddr:100932208: daddr:16783984: srtt_us:4787664: RTT:598458: ssthresh:2147483647: cwnd:10: delivered:1: lost:0: retrans:0
[  326.190450] AAAAA-TCP_SEND: name:enp0s8: saddr:16783984: daddr:100932208: srtt_us:4787664: RTT:598458: ssthresh:2147483647: cwnd:10: delivered:1: lost:0: retrans:0
[  326.263030] AAAAA-TCP_RECV: name:enp0s8: saddr:100932208: daddr:16783984: srtt_us:4787664: RTT:598458: ssthresh:2147483647: cwnd:10: delivered:1: lost:0: retrans:0
[  326.263059] AAAAA-TCP_SEND: name:enp0s8: saddr:16783984: daddr:100932208: srtt_us:4787664: RTT:598458: ssthresh:2147483647: cwnd:10: delivered:1: lost:0: retrans:0
[  326.399869] AAAAA-TCP_RECV: name:enp0s8: saddr:100932208: daddr:16783984: srtt_us:4787664: RTT:598458: ssthresh:2147483647: cwnd:10: delivered:1: lost:0: retrans:0
[  326.399909] AAAAA-TCP_SEND: name:enp0s8: saddr:16783984: daddr:100932208: srtt_us:4787664: RTT:598458: ssthresh:2147483647: cwnd:10: delivered:1: lost:0: retrans:0
[  326.487802] AAAAA-TCP_RECV: name:enp0s8: saddr:100932208: daddr:16783984: srtt_us:4787664: RTT:598458: ssthresh:2147483647: cwnd:10: delivered:1: lost:0: retrans:0
[  326.487870] AAAAA-TCP_SEND: name:enp0s8: saddr:16783984: daddr:100932208: srtt_us:4787664: RTT:598458: ssthresh:2147483647: cwnd:10: delivered:1: lost:0: retrans:0
[  326.571882] AAAAA-TCP_RECV: name:enp0s8: saddr:100932208: daddr:16783984: srtt_us:4787664: RTT:598458: ssthresh:2147483647: cwnd:10: delivered:1: lost:0: retrans:0
[  326.571952] AAAAA-TCP_SEND: name:enp0s8: saddr:16783984: daddr:100932208: srtt_us:4787664: RTT:598458: ssthresh:2147483647: cwnd:10: delivered:1: lost:0: retrans:0
[  327.542147] AAAAA-TCP_RECV: name:enp0s3: saddr:100932208: daddr:16783984: srtt_us:4787664: RTT:598458: ssthresh:2147483647: cwnd:10: delivered:1: lost:0: retrans:0
[  327.542200] AAAAA-TCP_SEND: name:enp0s3: saddr:16783984: daddr:100932208: srtt_us:4787664: RTT:598458: ssthresh:2147483647: cwnd:10: delivered:1: lost:0: retrans:0
[  327.969643] AAAAA-TCP_RECV: name:enp0s3: saddr:100932208: daddr:16783984: srtt_us:4787664: RTT:598458: ssthresh:2147483647: cwnd:10: delivered:1: lost:0: retrans:0
[  327.969698] AAAAA-TCP_SEND: name:enp0s3: saddr:16783984: daddr:100932208: srtt_us:4787664: RTT:598458: ssthresh:2147483647: cwnd:10: delivered:1: lost:0: retrans:0
[  328.178304] AAAAA-TCP_RECV: name:enp0s3: saddr:100932208: daddr:16783984: srtt_us:4787664: RTT:598458: ssthresh:2147483647: cwnd:10: delivered:1: lost:0: retrans:0
[  328.178349] AAAAA-TCP_SEND: name:enp0s3: saddr:16783984: daddr:100932208: srtt_us:4787664: RTT:598458: ssthresh:2147483647: cwnd:10: delivered:1: lost:0: retrans:0
[  328.285444] AAAAA-TCP_RECV: name:enp0s3: saddr:100932208: daddr:16783984: srtt_us:4787664: RTT:598458: ssthresh:2147483647: cwnd:10: delivered:1: lost:0: retrans:0
[  328.285483] AAAAA-TCP_SEND: name:enp0s3: saddr:16783984: daddr:100932208: srtt_us:4787664: RTT:598458: ssthresh:2147483647: cwnd:10: delivered:1: lost:0: retrans:0
[  328.372556] AAAAA-TCP_RECV: name:enp0s3: saddr:100932208: daddr:16783984: srtt_us:4787664: RTT:598458: ssthresh:2147483647: cwnd:10: delivered:1: lost:0: retrans:0
[  328.372591] AAAAA-TCP_SEND: name:enp0s3: saddr:16783984: daddr:100932208: srtt_us:4787664: RTT:598458: ssthresh:2147483647: cwnd:10: delivered:1: lost:0: retrans:0
[  328.559685] AAAAA-TCP_RECV: name:enp0s3: saddr:100932208: daddr:16783984: srtt_us:4787664: RTT:598458: ssthresh:2147483647: cwnd:10: delivered:1: lost:0: retrans:0
[  328.559727] AAAAA-TCP_SEND: name:enp0s3: saddr:16783984: daddr:100932208: srtt_us:4787664: RTT:598458: ssthresh:2147483647: cwnd:10: delivered:1: lost:0: retrans:0
[  328.882961] AAAAA-TCP_RECV: name:enp0s3: saddr:100932208: daddr:16783984: srtt_us:4787664: RTT:598458: ssthresh:2147483647: cwnd:10: delivered:1: lost:0: retrans:0
[  328.883030] AAAAA-TCP_SEND: name:enp0s3: saddr:16783984: daddr:100932208: srtt_us:4787664: RTT:598458: ssthresh:2147483647: cwnd:10: delivered:1: lost:0: retrans:0
[  329.000365] AAAAA-TCP_RECV: name:enp0s3: saddr:100932208: daddr:16783984: srtt_us:4787664: RTT:598458: ssthresh:2147483647: cwnd:10: delivered:1: lost:0: retrans:0
[  329.000411] AAAAA-TCP_SEND: name:enp0s3: saddr:16783984: daddr:100932208: srtt_us:4787664: RTT:598458: ssthresh:2147483647: cwnd:10: delivered:1: lost:0: retrans:0
[  329.073041] AAAAA-TCP_RECV: name:enp0s3: saddr:100932208: daddr:16783984: srtt_us:4787664: RTT:598458: ssthresh:2147483647: cwnd:10: delivered:1: lost:0: retrans:0
[  329.073115] AAAAA-TCP_SEND: name:enp0s3: saddr:16783984: daddr:100932208: srtt_us:4787664: RTT:598458: ssthresh:2147483647: cwnd:10: delivered:1: lost:0: retrans:0
[  329.186953] AAAAA-TCP_RECV: name:enp0s3: saddr:100932208: daddr:16783984: srtt_us:4787664: RTT:598458: ssthresh:2147483647: cwnd:10: delivered:1: lost:0: retrans:0
[  329.186991] AAAAA-TCP_SEND: name:enp0s3: saddr:16783984: daddr:100932208: srtt_us:4787664: RTT:598458: ssthresh:2147483647: cwnd:10: delivered:1: lost:0: retrans:0
[  329.463910] AAAAA-TCP_RECV: name:enp0s3: saddr:100932208: daddr:16783984: srtt_us:4787664: RTT:598458: ssthresh:2147483647: cwnd:10: delivered:1: lost:0: retrans:0
[  329.463961] AAAAA-TCP_SEND: name:enp0s3: saddr:16783984: daddr:100932208: srtt_us:4787664: RTT:598458: ssthresh:2147483647: cwnd:10: delivered:1: lost:0: retrans:0
[  329.660048] AAAAA-TCP_RECV: name:enp0s3: saddr:100932208: daddr:16783984: srtt_us:4787664: RTT:598458: ssthresh:2147483647: cwnd:10: delivered:1: lost:0: retrans:0
[  329.660088] AAAAA-TCP_SEND: name:enp0s3: saddr:16783984: daddr:100932208: srtt_us:4787664: RTT:598458: ssthresh:2147483647: cwnd:10: delivered:1: lost:0: retrans:0
[  329.771912] AAAAA-TCP_RECV: name:enp0s3: saddr:100932208: daddr:16783984: srtt_us:4787664: RTT:598458: ssthresh:2147483647: cwnd:10: delivered:1: lost:0: retrans:0
[  329.771946] AAAAA-TCP_SEND: name:enp0s3: saddr:16783984: daddr:100932208: srtt_us:4787664: RTT:598458: ssthresh:2147483647: cwnd:10: delivered:1: lost:0: retrans:0
[  329.823469] AAAAA-TCP_RECV: name:enp0s3: saddr:100932208: daddr:16783984: srtt_us:4787664: RTT:598458: ssthresh:2147483647: cwnd:10: delivered:1: lost:0: retrans:0
[  329.823502] AAAAA-TCP_SEND: name:enp0s3: saddr:16783984: daddr:100932208: srtt_us:4787664: RTT:598458: ssthresh:2147483647: cwnd:10: delivered:1: lost:0: retrans:0
[  329.860995] AAAAA-TCP_RECV: name:enp0s3: saddr:100932208: daddr:16783984: srtt_us:4787664: RTT:598458: ssthresh:2147483647: cwnd:10: delivered:1: lost:0: retrans:0
[  329.861025] AAAAA-TCP_SEND: name:enp0s3: saddr:16783984: daddr:100932208: srtt_us:4787664: RTT:598458: ssthresh:2147483647: cwnd:10: delivered:1: lost:0: retrans:0
[  329.936061] AAAAA-TCP_RECV: name:enp0s3: saddr:100932208: daddr:16783984: srtt_us:4787664: RTT:598458: ssthresh:2147483647: cwnd:10: delivered:1: lost:0: retrans:0
[  329.936090] AAAAA-TCP_SEND: name:enp0s3: saddr:16783984: daddr:100932208: srtt_us:4787664: RTT:598458: ssthresh:2147483647: cwnd:10: delivered:1: lost:0: retrans:0
[  330.000638] AAAAA-TCP_RECV: name:enp0s3: saddr:100932208: daddr:16783984: srtt_us:4787664: RTT:598458: ssthresh:2147483647: cwnd:10: delivered:1: lost:0: retrans:0
[  330.000665] AAAAA-TCP_SEND: name:enp0s3: saddr:16783984: daddr:100932208: srtt_us:4787664: RTT:598458: ssthresh:2147483647: cwnd:10: delivered:1: lost:0: retrans:0
[  330.091334] AAAAA-TCP_RECV: name:enp0s3: saddr:100932208: daddr:16783984: srtt_us:4787664: RTT:598458: ssthresh:2147483647: cwnd:10: delivered:1: lost:0: retrans:0
[  330.091403] AAAAA-TCP_SEND: name:enp0s3: saddr:16783984: daddr:100932208: srtt_us:4787664: RTT:598458: ssthresh:2147483647: cwnd:10: delivered:1: lost:0: retrans:0
[  330.116422] AAAAA-TCP_RECV: name:enp0s3: saddr:100932208: daddr:16783984: srtt_us:4787664: RTT:598458: ssthresh:2147483647: cwnd:10: delivered:1: lost:0: retrans:0
[  330.116450] AAAAA-TCP_SEND: name:enp0s3: saddr:16783984: daddr:100932208: srtt_us:4787664: RTT:598458: ssthresh:2147483647: cwnd:10: delivered:1: lost:0: retrans:0
[  330.171430] AAAAA-TCP_RECV: name:enp0s3: saddr:100932208: daddr:16783984: srtt_us:4787664: RTT:598458: ssthresh:2147483647: cwnd:10: delivered:1: lost:0: retrans:0
[  330.171458] AAAAA-TCP_SEND: name:enp0s3: saddr:16783984: daddr:100932208: srtt_us:4787664: RTT:598458: ssthresh:2147483647: cwnd:10: delivered:1: lost:0: retrans:0
[  330.229307] AAAAA-TCP_RECV: name:enp0s3: saddr:100932208: daddr:16783984: srtt_us:4787664: RTT:598458: ssthresh:2147483647: cwnd:10: delivered:1: lost:0: retrans:0
[  330.229333] AAAAA-TCP_SEND: name:enp0s3: saddr:16783984: daddr:100932208: srtt_us:4787664: RTT:598458: ssthresh:2147483647: cwnd:10: delivered:1: lost:0: retrans:0
[  330.256460] AAAAA-TCP_RECV: name:enp0s3: saddr:100932208: daddr:16783984: srtt_us:4787664: RTT:598458: ssthresh:2147483647: cwnd:10: delivered:1: lost:0: retrans:0
[  330.316789] AAAAA-TCP_RECV: name:enp0s3: saddr:100932208: daddr:16783984: srtt_us:4787664: RTT:598458: ssthresh:2147483647: cwnd:10: delivered:1: lost:0: retrans:0
[  330.349893] AAAAA-TCP_RECV: name:enp0s3: saddr:100932208: daddr:16783984: srtt_us:4787664: RTT:598458: ssthresh:2147483647: cwnd:10: delivered:1: lost:0: retrans:0
[  330.349921] AAAAA-TCP_SEND: name:enp0s3: saddr:16783984: daddr:100932208: srtt_us:4787664: RTT:598458: ssthresh:2147483647: cwnd:10: delivered:1: lost:0: retrans:0
[  330.374872] AAAAA-TCP_RECV: name:enp0s3: saddr:100932208: daddr:16783984: srtt_us:4787664: RTT:598458: ssthresh:2147483647: cwnd:10: delivered:1: lost:0: retrans:0
[  330.394025] AAAAA-TCP_RECV: name:enp0s3: saddr:100932208: daddr:16783984: srtt_us:4787664: RTT:598458: ssthresh:2147483647: cwnd:10: delivered:1: lost:0: retrans:0
[  330.394049] AAAAA-TCP_SEND: name:enp0s3: saddr:16783984: daddr:100932208: srtt_us:4787664: RTT:598458: ssthresh:2147483647: cwnd:10: delivered:1: lost:0: retrans:0
[  330.536191] AAAAA-TCP_RECV: name:enp0s3: saddr:100932208: daddr:16783984: srtt_us:4787664: RTT:598458: ssthresh:2147483647: cwnd:10: delivered:1: lost:0: retrans:0
[  330.536224] AAAAA-TCP_SEND: name:enp0s3: saddr:16783984: daddr:100932208: srtt_us:4787664: RTT:598458: ssthresh:2147483647: cwnd:10: delivered:1: lost:0: retrans:0
[  330.622298] AAAAA-TCP_RECV: name:enp0s3: saddr:100932208: daddr:16783984: srtt_us:4787664: RTT:598458: ssthresh:2147483647: cwnd:10: delivered:1: lost:0: retrans:0
[  330.622332] AAAAA-TCP_SEND: name:enp0s3: saddr:16783984: daddr:100932208: srtt_us:4787664: RTT:598458: ssthresh:2147483647: cwnd:10: delivered:1: lost:0: retrans:0
[  330.656403] AAAAA-TCP_RECV: name:enp0s3: saddr:100932208: daddr:16783984: srtt_us:4787664: RTT:598458: ssthresh:2147483647: cwnd:10: delivered:1: lost:0: retrans:0
[  330.656435] AAAAA-TCP_SEND: name:enp0s3: saddr:16783984: daddr:100932208: srtt_us:4787664: RTT:598458: ssthresh:2147483647: cwnd:10: delivered:1: lost:0: retrans:0
[  330.701838] AAAAA-TCP_RECV: name:enp0s3: saddr:100932208: daddr:16783984: srtt_us:4787664: RTT:598458: ssthresh:2147483647: cwnd:10: delivered:1: lost:0: retrans:0
[  330.701877] AAAAA-TCP_SEND: name:enp0s3: saddr:16783984: daddr:100932208: srtt_us:4787664: RTT:598458: ssthresh:2147483647: cwnd:10: delivered:1: lost:0: retrans:0
[  331.014731] AAAAA-TCP_RECV: name:enp0s3: saddr:100932208: daddr:16783984: srtt_us:4787664: RTT:598458: ssthresh:2147483647: cwnd:10: delivered:1: lost:0: retrans:0
[  331.147690] AAAAA-TCP_RECV: name:enp0s3: saddr:100932208: daddr:16783984: srtt_us:4787664: RTT:598458: ssthresh:2147483647: cwnd:10: delivered:1: lost:0: retrans:0
[  331.147732] AAAAA-TCP_SEND: name:enp0s3: saddr:16783984: daddr:100932208: srtt_us:4787664: RTT:598458: ssthresh:2147483647: cwnd:10: delivered:1: lost:0: retrans:0
[  331.250121] AAAAA-TCP_RECV: name:enp0s3: saddr:100932208: daddr:16783984: srtt_us:4787664: RTT:598458: ssthresh:2147483647: cwnd:10: delivered:1: lost:0: retrans:0
[  331.250165] AAAAA-TCP_SEND: name:enp0s3: saddr:16783984: daddr:100932208: srtt_us:4787664: RTT:598458: ssthresh:2147483647: cwnd:10: delivered:1: lost:0: retrans:0
[  331.379154] AAAAA-TCP_RECV: name:enp0s3: saddr:100932208: daddr:16783984: srtt_us:4787664: RTT:598458: ssthresh:2147483647: cwnd:10: delivered:1: lost:0: retrans:0
[  331.379171] AAAAA-TCP_SEND: name:enp0s3: saddr:16783984: daddr:100932208: srtt_us:4787664: RTT:598458: ssthresh:2147483647: cwnd:10: delivered:1: lost:0: retrans:0
[  331.408263] AAAAA-TCP_RECV: name:enp0s3: saddr:100932208: daddr:16783984: srtt_us:4787664: RTT:598458: ssthresh:2147483647: cwnd:10: delivered:1: lost:0: retrans:0
[  331.408290] AAAAA-TCP_SEND: name:enp0s3: saddr:16783984: daddr:100932208: srtt_us:4787664: RTT:598458: ssthresh:2147483647: cwnd:10: delivered:1: lost:0: retrans:0
[  331.525480] AAAAA-TCP_RECV: name:enp0s3: saddr:100932208: daddr:16783984: srtt_us:4787664: RTT:598458: ssthresh:2147483647: cwnd:10: delivered:1: lost:0: retrans:0
[  331.525515] AAAAA-TCP_SEND: name:enp0s3: saddr:16783984: daddr:100932208: srtt_us:4787664: RTT:598458: ssthresh:2147483647: cwnd:10: delivered:1: lost:0: retrans:0
[  331.751253] AAAAA-TCP_RECV: name:enp0s3: saddr:100932208: daddr:16783984: srtt_us:4787664: RTT:598458: ssthresh:2147483647: cwnd:10: delivered:1: lost:0: retrans:0
[  331.751290] AAAAA-TCP_SEND: name:enp0s3: saddr:16783984: daddr:100932208: srtt_us:4787664: RTT:598458: ssthresh:2147483647: cwnd:10: delivered:1: lost:0: retrans:0
[  331.881795] AAAAA-TCP_RECV: name:enp0s3: saddr:100932208: daddr:16783984: srtt_us:4787664: RTT:598458: ssthresh:2147483647: cwnd:10: delivered:1: lost:0: retrans:0
[  331.881812] AAAAA-TCP_SEND: name:enp0s3: saddr:16783984: daddr:100932208: srtt_us:4787664: RTT:598458: ssthresh:2147483647: cwnd:10: delivered:1: lost:0: retrans:0
[  331.909788] AAAAA-TCP_RECV: name:enp0s3: saddr:100932208: daddr:16783984: srtt_us:4787664: RTT:598458: ssthresh:2147483647: cwnd:10: delivered:1: lost:0: retrans:0
[  331.909819] AAAAA-TCP_SEND: name:enp0s3: saddr:16783984: daddr:100932208: srtt_us:4787664: RTT:598458: ssthresh:2147483647: cwnd:10: delivered:1: lost:0: retrans:0
[  331.985794] AAAAA-TCP_RECV: name:enp0s3: saddr:100932208: daddr:16783984: srtt_us:4787664: RTT:598458: ssthresh:2147483647: cwnd:10: delivered:1: lost:0: retrans:0
[  331.985829] AAAAA-TCP_SEND: name:enp0s3: saddr:16783984: daddr:100932208: srtt_us:4787664: RTT:598458: ssthresh:2147483647: cwnd:10: delivered:1: lost:0: retrans:0
[  332.007731] AAAAA-TCP_RECV: name:enp0s3: saddr:100932208: daddr:16783984: srtt_us:4787664: RTT:598458: ssthresh:2147483647: cwnd:10: delivered:1: lost:0: retrans:0
[  332.007759] AAAAA-TCP_SEND: name:enp0s3: saddr:16783984: daddr:100932208: srtt_us:4787664: RTT:598458: ssthresh:2147483647: cwnd:10: delivered:1: lost:0: retrans:0
[  332.044595] AAAAA-TCP_RECV: name:enp0s3: saddr:100932208: daddr:16783984: srtt_us:4787664: RTT:598458: ssthresh:2147483647: cwnd:10: delivered:1: lost:0: retrans:0
[  332.044619] AAAAA-TCP_SEND: name:enp0s3: saddr:16783984: daddr:100932208: srtt_us:4787664: RTT:598458: ssthresh:2147483647: cwnd:10: delivered:1: lost:0: retrans:0
[  332.075472] AAAAA-TCP_RECV: name:enp0s3: saddr:100932208: daddr:16783984: srtt_us:4787664: RTT:598458: ssthresh:2147483647: cwnd:10: delivered:1: lost:0: retrans:0
[  332.075500] AAAAA-TCP_SEND: name:enp0s3: saddr:16783984: daddr:100932208: srtt_us:4787664: RTT:598458: ssthresh:2147483647: cwnd:10: delivered:1: lost:0: retrans:0
[  332.101905] AAAAA-TCP_RECV: name:enp0s3: saddr:100932208: daddr:16783984: srtt_us:4787664: RTT:598458: ssthresh:2147483647: cwnd:10: delivered:1: lost:0: retrans:0
[  332.101962] AAAAA-TCP_SEND: name:enp0s3: saddr:16783984: daddr:100932208: srtt_us:4787664: RTT:598458: ssthresh:2147483647: cwnd:10: delivered:1: lost:0: retrans:0
[  332.136497] AAAAA-TCP_RECV: name:enp0s3: saddr:100932208: daddr:16783984: srtt_us:4787664: RTT:598458: ssthresh:2147483647: cwnd:10: delivered:1: lost:0: retrans:0
[  332.136551] AAAAA-TCP_SEND: name:enp0s3: saddr:16783984: daddr:100932208: srtt_us:4787664: RTT:598458: ssthresh:2147483647: cwnd:10: delivered:1: lost:0: retrans:0
[  332.169111] AAAAA-TCP_RECV: name:enp0s3: saddr:100932208: daddr:16783984: srtt_us:4787664: RTT:598458: ssthresh:2147483647: cwnd:10: delivered:1: lost:0: retrans:0
[  332.169205] AAAAA-TCP_SEND: name:enp0s3: saddr:16783984: daddr:100932208: srtt_us:4787664: RTT:598458: ssthresh:2147483647: cwnd:10: delivered:1: lost:0: retrans:0
[  332.248759] AAAAA-TCP_RECV: name:enp0s3: saddr:100932208: daddr:16783984: srtt_us:4787664: RTT:598458: ssthresh:2147483647: cwnd:10: delivered:1: lost:0: retrans:0
[  332.248788] AAAAA-TCP_SEND: name:enp0s3: saddr:16783984: daddr:100932208: srtt_us:4787664: RTT:598458: ssthresh:2147483647: cwnd:10: delivered:1: lost:0: retrans:0
[  332.287289] AAAAA-TCP_RECV: name:enp0s3: saddr:100932208: daddr:16783984: srtt_us:4787664: RTT:598458: ssthresh:2147483647: cwnd:10: delivered:1: lost:0: retrans:0
[  332.287307] AAAAA-TCP_SEND: name:enp0s3: saddr:16783984: daddr:100932208: srtt_us:4787664: RTT:598458: ssthresh:2147483647: cwnd:10: delivered:1: lost:0: retrans:0
[  332.389786] AAAAA-TCP_RECV: name:enp0s3: saddr:100932208: daddr:16783984: srtt_us:4787664: RTT:598458: ssthresh:2147483647: cwnd:10: delivered:1: lost:0: retrans:0
[  332.389813] AAAAA-TCP_SEND: name:enp0s3: saddr:16783984: daddr:100932208: srtt_us:4787664: RTT:598458: ssthresh:2147483647: cwnd:10: delivered:1: lost:0: retrans:0
[  332.478524] AAAAA-TCP_RECV: name:enp0s3: saddr:100932208: daddr:16783984: srtt_us:4787664: RTT:598458: ssthresh:2147483647: cwnd:10: delivered:1: lost:0: retrans:0
[  332.478560] AAAAA-TCP_SEND: name:enp0s3: saddr:16783984: daddr:100932208: srtt_us:4787664: RTT:598458: ssthresh:2147483647: cwnd:10: delivered:1: lost:0: retrans:0
[  332.513522] AAAAA-TCP_RECV: name:enp0s3: saddr:100932208: daddr:16783984: srtt_us:4787664: RTT:598458: ssthresh:2147483647: cwnd:10: delivered:1: lost:0: retrans:0
[  332.513579] AAAAA-TCP_SEND: name:enp0s3: saddr:16783984: daddr:100932208: srtt_us:4787664: RTT:598458: ssthresh:2147483647: cwnd:10: delivered:1: lost:0: retrans:0
[  332.547340] AAAAA-TCP_RECV: name:enp0s3: saddr:100932208: daddr:16783984: srtt_us:4787664: RTT:598458: ssthresh:2147483647: cwnd:10: delivered:1: lost:0: retrans:0
[  332.547420] AAAAA-TCP_SEND: name:enp0s3: saddr:16783984: daddr:100932208: srtt_us:4787664: RTT:598458: ssthresh:2147483647: cwnd:10: delivered:1: lost:0: retrans:0
[  332.647234] AAAAA-TCP_RECV: name:enp0s3: saddr:100932208: daddr:16783984: srtt_us:4787664: RTT:598458: ssthresh:2147483647: cwnd:10: delivered:1: lost:0: retrans:0
[  332.647299] AAAAA-TCP_SEND: name:enp0s3: saddr:16783984: daddr:100932208: srtt_us:4787664: RTT:598458: ssthresh:2147483647: cwnd:10: delivered:1: lost:0: retrans:0
[  332.671763] AAAAA-TCP_RECV: name:enp0s3: saddr:100932208: daddr:16783984: srtt_us:4787664: RTT:598458: ssthresh:2147483647: cwnd:10: delivered:1: lost:0: retrans:0
[  332.671784] AAAAA-TCP_SEND: name:enp0s3: saddr:16783984: daddr:100932208: srtt_us:4787664: RTT:598458: ssthresh:2147483647: cwnd:10: delivered:1: lost:0: retrans:0
[  332.706392] AAAAA-TCP_RECV: name:enp0s3: saddr:100932208: daddr:16783984: srtt_us:4787664: RTT:598458: ssthresh:2147483647: cwnd:10: delivered:1: lost:0: retrans:0
