[    0.000000] Linux version 5.4.243-tcp (root@ztg) (gcc version 12.2.0 (Debian 12.2.0-14)) #1 SMP Fri Apr 12 08:27:09 CST 2024
[    0.000000] Command line: BOOT_IMAGE=/boot/vmlinuz-5.4.243-tcp root=UUID=98415a12-53b7-4144-8265-0f7ece09e445 ro quiet splash
[    0.000000] KERNEL supported cpus:
[    0.000000]   Intel GenuineIntel
[    0.000000]   AMD AuthenticAMD
[    0.000000]   Hygon HygonGenuine
[    0.000000]   Centaur CentaurHauls
[    0.000000]   zhaoxin   Shanghai  
[    0.000000] x86/fpu: Supporting XSAVE feature 0x001: 'x87 floating point registers'
[    0.000000] x86/fpu: Supporting XSAVE feature 0x002: 'SSE registers'
[    0.000000] x86/fpu: Supporting XSAVE feature 0x004: 'AVX registers'
[    0.000000] x86/fpu: xstate_offset[2]:  576, xstate_sizes[2]:  256
[    0.000000] x86/fpu: Enabled xstate features 0x7, context size is 832 bytes, using 'standard' format.
[    0.000000] BIOS-provided physical RAM map:
[    0.000000] BIOS-e820: [mem 0x0000000000000000-0x000000000009fbff] usable
[    0.000000] BIOS-e820: [mem 0x000000000009fc00-0x000000000009ffff] reserved
[    0.000000] BIOS-e820: [mem 0x00000000000f0000-0x00000000000fffff] reserved
[    0.000000] BIOS-e820: [mem 0x0000000000100000-0x000000007ffeffff] usable
[    0.000000] BIOS-e820: [mem 0x000000007fff0000-0x000000007fffffff] ACPI data
[    0.000000] BIOS-e820: [mem 0x00000000fec00000-0x00000000fec00fff] reserved
[    0.000000] BIOS-e820: [mem 0x00000000fee00000-0x00000000fee00fff] reserved
[    0.000000] BIOS-e820: [mem 0x00000000fffc0000-0x00000000ffffffff] reserved
[    0.000000] NX (Execute Disable) protection: active
[    0.000000] SMBIOS 2.5 present.
[    0.000000] DMI: innotek GmbH VirtualBox/VirtualBox, BIOS VirtualBox 12/01/2006
[    0.000000] Hypervisor detected: KVM
[    0.000000] kvm-clock: Using msrs 4b564d01 and 4b564d00
[    0.000000] kvm-clock: cpu 0, msr 59e01001, primary cpu clock
[    0.000000] kvm-clock: using sched offset of 4461630621 cycles
[    0.000003] clocksource: kvm-clock: mask: 0xffffffffffffffff max_cycles: 0x1cd42e4dffb, max_idle_ns: 881590591483 ns
[    0.000005] tsc: Detected 2100.000 MHz processor
[    0.001876] e820: update [mem 0x00000000-0x00000fff] usable ==> reserved
[    0.001878] e820: remove [mem 0x000a0000-0x000fffff] usable
[    0.001882] last_pfn = 0x7fff0 max_arch_pfn = 0x400000000
[    0.001951] MTRR default type: uncachable
[    0.001952] MTRR fixed ranges enabled:
[    0.001953]   00000-9FFFF write-back
[    0.001954]   A0000-BFFFF uncachable
[    0.001955]   C0000-FFFFF write-protect
[    0.001955] MTRR variable ranges enabled:
[    0.001957]   0 base 000000000000 mask 3FFF80000000 write-back
[    0.001957]   1 disabled
[    0.001958]   2 disabled
[    0.001958]   3 disabled
[    0.001958]   4 disabled
[    0.001959]   5 disabled
[    0.001959]   6 disabled
[    0.001960]   7 disabled
[    0.001960]   8 disabled
[    0.001960]   9 disabled
[    0.001961]   10 disabled
[    0.001961]   11 disabled
[    0.001962]   12 disabled
[    0.001962]   13 disabled
[    0.001963]   14 disabled
[    0.001963]   15 disabled
[    0.001979] x86/PAT: Configuration [0-7]: WB  WC  UC- UC  WB  WP  UC- WT  
[    0.002114] found SMP MP-table at [mem 0x0009fff0-0x0009ffff]
[    0.090668] check: Scanning 1 areas for low memory corruption
[    0.090912] RAMDISK: [mem 0x32275000-0x35131fff]
[    0.090920] ACPI: Early table checksum verification disabled
[    0.090925] ACPI: RSDP 0x00000000000E0000 000024 (v02 VBOX  )
[    0.090929] ACPI: XSDT 0x000000007FFF0030 00003C (v01 VBOX   VBOXXSDT 00000001 ASL  00000061)
[    0.090935] ACPI: FACP 0x000000007FFF00F0 0000F4 (v04 VBOX   VBOXFACP 00000001 ASL  00000061)
[    0.090942] ACPI: DSDT 0x000000007FFF02E0 002353 (v02 VBOX   VBOXBIOS 00000002 VBOX 00029BF3)
[    0.090946] ACPI: FACS 0x000000007FFF0200 000040
[    0.090949] ACPI: FACS 0x000000007FFF0200 000040
[    0.090952] ACPI: APIC 0x000000007FFF0240 000054 (v02 VBOX   VBOXAPIC 00000001 ASL  00000061)
[    0.090956] ACPI: SSDT 0x000000007FFF02A0 000038 (v01 VBOX   VBOXCPUT 00000002 VBOX 00029BF3)
[    0.090959] ACPI: Reserving FACP table memory at [mem 0x7fff00f0-0x7fff01e3]
[    0.090960] ACPI: Reserving DSDT table memory at [mem 0x7fff02e0-0x7fff2632]
[    0.090961] ACPI: Reserving FACS table memory at [mem 0x7fff0200-0x7fff023f]
[    0.090961] ACPI: Reserving FACS table memory at [mem 0x7fff0200-0x7fff023f]
[    0.090962] ACPI: Reserving APIC table memory at [mem 0x7fff0240-0x7fff0293]
[    0.090963] ACPI: Reserving SSDT table memory at [mem 0x7fff02a0-0x7fff02d7]
[    0.090976] ACPI: Local APIC address 0xfee00000
[    0.091161] No NUMA configuration found
[    0.091162] Faking a node at [mem 0x0000000000000000-0x000000007ffeffff]
[    0.091172] NODE_DATA(0) allocated [mem 0x7ffc5000-0x7ffeffff]
[    0.091452] Zone ranges:
[    0.091453]   DMA      [mem 0x0000000000001000-0x0000000000ffffff]
[    0.091454]   DMA32    [mem 0x0000000001000000-0x000000007ffeffff]
[    0.091455]   Normal   empty
[    0.091456]   Device   empty
[    0.091457] Movable zone start for each node
[    0.091459] Early memory node ranges
[    0.091459]   node   0: [mem 0x0000000000001000-0x000000000009efff]
[    0.091460]   node   0: [mem 0x0000000000100000-0x000000007ffeffff]
[    0.091463] Zeroed struct page in unavailable ranges: 114 pages
[    0.091464] Initmem setup node 0 [mem 0x0000000000001000-0x000000007ffeffff]
[    0.091465] On node 0 totalpages: 524174
[    0.091466]   DMA zone: 64 pages used for memmap
[    0.091467]   DMA zone: 21 pages reserved
[    0.091468]   DMA zone: 3998 pages, LIFO batch:0
[    0.091539]   DMA32 zone: 8128 pages used for memmap
[    0.091539]   DMA32 zone: 520176 pages, LIFO batch:63
[    0.100582] ACPI: PM-Timer IO Port: 0x4008
[    0.100585] ACPI: Local APIC address 0xfee00000
[    0.100652] IOAPIC[0]: apic_id 1, version 32, address 0xfec00000, GSI 0-23
[    0.100655] ACPI: INT_SRC_OVR (bus 0 bus_irq 0 global_irq 2 dfl dfl)
[    0.100657] ACPI: INT_SRC_OVR (bus 0 bus_irq 9 global_irq 9 low level)
[    0.100659] ACPI: IRQ0 used by override.
[    0.100660] ACPI: IRQ9 used by override.
[    0.100662] Using ACPI (MADT) for SMP configuration information
[    0.100669] smpboot: Allowing 1 CPUs, 0 hotplug CPUs
[    0.100689] PM: Registered nosave memory: [mem 0x00000000-0x00000fff]
[    0.100690] PM: Registered nosave memory: [mem 0x0009f000-0x0009ffff]
[    0.100691] PM: Registered nosave memory: [mem 0x000a0000-0x000effff]
[    0.100691] PM: Registered nosave memory: [mem 0x000f0000-0x000fffff]
[    0.100693] [mem 0x80000000-0xfebfffff] available for PCI devices
[    0.100694] Booting paravirtualized kernel on KVM
[    0.100697] clocksource: refined-jiffies: mask: 0xffffffff max_cycles: 0xffffffff, max_idle_ns: 7645519600211568 ns
[    0.100702] setup_percpu: NR_CPUS:8192 nr_cpumask_bits:1 nr_cpu_ids:1 nr_node_ids:1
[    0.101735] percpu: Embedded 60 pages/cpu s208896 r8192 d28672 u2097152
[    0.101739] pcpu-alloc: s208896 r8192 d28672 u2097152 alloc=1*2097152
[    0.101740] pcpu-alloc: [0] 0 
[    0.101766] Built 1 zonelists, mobility grouping on.  Total pages: 515961
[    0.101767] Policy zone: DMA32
[    0.101768] Kernel command line: BOOT_IMAGE=/boot/vmlinuz-5.4.243-tcp root=UUID=98415a12-53b7-4144-8265-0f7ece09e445 ro quiet splash
[    0.102624] Dentry cache hash table entries: 262144 (order: 9, 2097152 bytes, linear)
[    0.102897] Inode-cache hash table entries: 131072 (order: 8, 1048576 bytes, linear)
[    0.102949] mem auto-init: stack:off, heap alloc:on, heap free:off
[    0.102951] Calgary: detecting Calgary via BIOS EBDA area
[    0.102953] Calgary: Unable to locate Rio Grande table in EBDA - bailing!
[    0.107226] Memory: 1967340K/2096696K available (14339K kernel code, 2392K rwdata, 4692K rodata, 2720K init, 17272K bss, 129356K reserved, 0K cma-reserved)
[    0.108168] SLUB: HWalign=64, Order=0-3, MinObjects=0, CPUs=1, Nodes=1
[    0.108184] ftrace: allocating 42894 entries in 168 pages
[    0.125956] rcu: Hierarchical RCU implementation.
[    0.125957] rcu: 	RCU restricting CPUs from NR_CPUS=8192 to nr_cpu_ids=1.
[    0.125958] 	Tasks RCU enabled.
[    0.125959] rcu: RCU calculated value of scheduler-enlistment delay is 25 jiffies.
[    0.125960] rcu: Adjusting geometry for rcu_fanout_leaf=16, nr_cpu_ids=1
[    0.128918] NR_IRQS: 524544, nr_irqs: 256, preallocated irqs: 16
[    0.129133] random: crng init done
[    0.138460] Console: colour VGA+ 80x25
[    0.138464] printk: console [tty0] enabled
[    0.138481] ACPI: Core revision 20190816
[    0.138575] APIC: Switch to symmetric I/O mode setup
[    0.138827] x2apic enabled
[    0.139062] Switched APIC routing to physical x2apic.
[    0.140178] ..TIMER: vector=0x30 apic1=0 pin1=2 apic2=-1 pin2=-1
[    0.140202] clocksource: tsc-early: mask: 0xffffffffffffffff max_cycles: 0x1e4530a99b6, max_idle_ns: 440795257976 ns
[    0.140207] Calibrating delay loop (skipped) preset value.. 4200.00 BogoMIPS (lpj=8400000)
[    0.140209] pid_max: default: 32768 minimum: 301
[    0.140238] LSM: Security Framework initializing
[    0.140247] Yama: becoming mindful.
[    0.140272] AppArmor: AppArmor initialized
[    0.140306] Mount-cache hash table entries: 4096 (order: 3, 32768 bytes, linear)
[    0.140310] Mountpoint-cache hash table entries: 4096 (order: 3, 32768 bytes, linear)
[    0.140320] *** VALIDATE tmpfs ***
[    0.140455] *** VALIDATE proc ***
[    0.140495] *** VALIDATE cgroup1 ***
[    0.140496] *** VALIDATE cgroup2 ***
[    0.140638] process: using mwait in idle threads
[    0.140643] Last level iTLB entries: 4KB 64, 2MB 8, 4MB 8
[    0.140644] Last level dTLB entries: 4KB 64, 2MB 0, 4MB 0, 1GB 4
[    0.140664] Spectre V1 : Mitigation: usercopy/swapgs barriers and __user pointer sanitization
[    0.140670] Spectre V2 : Mitigation: Retpolines
[    0.140670] Spectre V2 : Spectre v2 / SpectreRSB mitigation: Filling RSB on context switch
[    0.140671] Spectre V2 : Spectre v2 / SpectreRSB : Filling RSB on VMEXIT
[    0.140671] RETBleed: WARNING: Spectre v2 mitigation leaves CPU vulnerable to RETBleed attacks, data leaks possible!
[    0.141025] RETBleed: Vulnerable
[    0.141026] Speculative Store Bypass: Vulnerable
[    0.141031] TAA: Mitigation: TSX disabled
[    0.141031] MMIO Stale Data: Mitigation: Clear CPU buffers
[    0.145164] Freeing SMP alternatives memory: 40K
[    0.257187] smpboot: CPU0: Intel(R) Xeon(R) Silver 4216 CPU @ 2.10GHz (family: 0x6, model: 0x55, stepping: 0x7)
[    0.257305] Performance Events: unsupported p6 CPU model 85 no PMU driver, software events only.
[    0.257343] rcu: Hierarchical SRCU implementation.
[    0.257810] NMI watchdog: Perf NMI watchdog permanently disabled
[    0.257847] smp: Bringing up secondary CPUs ...
[    0.257848] smp: Brought up 1 node, 1 CPU
[    0.257849] smpboot: Max logical packages: 1
[    0.257850] smpboot: Total of 1 processors activated (4200.00 BogoMIPS)
[    0.258826] devtmpfs: initialized
[    0.258872] x86/mm: Memory block size: 128MB
[    0.259214] clocksource: jiffies: mask: 0xffffffff max_cycles: 0xffffffff, max_idle_ns: 7645041785100000 ns
[    0.259221] futex hash table entries: 256 (order: 2, 16384 bytes, linear)
[    0.259262] pinctrl core: initialized pinctrl subsystem
[    0.259362] PM: RTC time: 11:52:22, date: 2026-01-20
[    0.259468] NET: Registered protocol family 16
[    0.259541] audit: initializing netlink subsys (disabled)
[    0.259664] EISA bus registered
[    0.259665] cpuidle: using governor ladder
[    0.259666] cpuidle: using governor menu
[    0.259703] ACPI: bus type PCI registered
[    0.259704] acpiphp: ACPI Hot Plug PCI Controller Driver version: 0.5
[    0.259807] PCI: Using configuration type 1 for base access
[    0.260386] audit: type=2000 audit(1768881148.888:1): state=initialized audit_enabled=0 res=1
[    0.260466] HugeTLB registered 2.00 MiB page size, pre-allocated 0 pages
[    0.261277] ACPI: Added _OSI(Module Device)
[    0.261278] ACPI: Added _OSI(Processor Device)
[    0.261279] ACPI: Added _OSI(3.0 _SCP Extensions)
[    0.261279] ACPI: Added _OSI(Processor Aggregator Device)
[    0.261280] ACPI: Added _OSI(Linux-Dell-Video)
[    0.261281] ACPI: Added _OSI(Linux-Lenovo-NV-HDMI-Audio)
[    0.261282] ACPI: Added _OSI(Linux-HPI-Hybrid-Graphics)
[    0.263236] ACPI: 2 ACPI AML tables successfully acquired and loaded
[    0.264839] ACPI: Interpreter enabled
[    0.264848] ACPI: (supports S0 S5)
[    0.264850] ACPI: Using IOAPIC for interrupt routing
[    0.265053] PCI: Using host bridge windows from ACPI; if necessary, use "pci=nocrs" and report a bug
[    0.265158] ACPI: Enabled 2 GPEs in block 00 to 07
[    0.269942] ACPI: PCI Root Bridge [PCI0] (domain 0000 [bus 00-ff])
[    0.269947] acpi PNP0A03:00: _OSC: OS supports [ASPM ClockPM Segments MSI HPX-Type3]
[    0.270387] acpi PNP0A03:00: _OSC: not requesting OS control; OS requires [ExtendedConfig ASPM ClockPM MSI]
[    0.270395] acpi PNP0A03:00: fail to add MMCONFIG information, can't access extended PCI configuration space under this bridge.
[    0.270760] PCI host bridge to bus 0000:00
[    0.270762] pci_bus 0000:00: root bus resource [io  0x0000-0x0cf7 window]
[    0.270763] pci_bus 0000:00: root bus resource [io  0x0d00-0xffff window]
[    0.270765] pci_bus 0000:00: root bus resource [mem 0x000a0000-0x000bffff window]
[    0.270766] pci_bus 0000:00: root bus resource [mem 0x80000000-0xfdffffff window]
[    0.270767] pci_bus 0000:00: root bus resource [bus 00-ff]
[    0.270814] pci 0000:00:00.0: [8086:1237] type 00 class 0x060000
[    0.271748] pci 0000:00:01.0: [8086:7000] type 00 class 0x060100
[    0.272536] pci 0000:00:01.1: [8086:7111] type 00 class 0x01018a
[    0.272905] pci 0000:00:01.1: reg 0x20: [io  0xd000-0xd00f]
[    0.273058] pci 0000:00:01.1: legacy IDE quirk: reg 0x10: [io  0x01f0-0x01f7]
[    0.273059] pci 0000:00:01.1: legacy IDE quirk: reg 0x14: [io  0x03f6]
[    0.273060] pci 0000:00:01.1: legacy IDE quirk: reg 0x18: [io  0x0170-0x0177]
[    0.273061] pci 0000:00:01.1: legacy IDE quirk: reg 0x1c: [io  0x0376]
[    0.273594] pci 0000:00:02.0: [15ad:0405] type 00 class 0x030000
[    0.276285] pci 0000:00:02.0: reg 0x10: [io  0xd010-0xd01f]
[    0.280250] pci 0000:00:02.0: reg 0x14: [mem 0xe0000000-0xe7ffffff pref]
[    0.282986] pci 0000:00:02.0: reg 0x18: [mem 0xf0000000-0xf01fffff]
[    0.292971] pci 0000:00:03.0: [1022:2000] type 00 class 0x020000
[    0.293642] pci 0000:00:03.0: reg 0x10: [io  0xd020-0xd03f]
[    0.294249] pci 0000:00:03.0: reg 0x14: [mem 0xf0200000-0xf0200fff]
[    0.298722] pci 0000:00:04.0: [80ee:cafe] type 00 class 0x088000
[    0.299396] pci 0000:00:04.0: reg 0x10: [io  0xd040-0xd05f]
[    0.300004] pci 0000:00:04.0: reg 0x14: [mem 0xf0400000-0xf07fffff]
[    0.300320] pci 0000:00:04.0: reg 0x18: [mem 0xf0800000-0xf0803fff pref]
[    0.303823] pci 0000:00:07.0: [8086:7113] type 00 class 0x068000
[    0.304423] pci 0000:00:07.0: quirk: [io  0x4000-0x403f] claimed by PIIX4 ACPI
[    0.304434] pci 0000:00:07.0: quirk: [io  0x4100-0x410f] claimed by PIIX4 SMB
[    0.305013] pci 0000:00:08.0: [1022:2000] type 00 class 0x020000
[    0.305675] pci 0000:00:08.0: reg 0x10: [io  0xd060-0xd07f]
[    0.306281] pci 0000:00:08.0: reg 0x14: [mem 0xf0804000-0xf0804fff]
[    0.309590] pci 0000:00:09.0: [8086:100e] type 00 class 0x020000
[    0.310296] pci 0000:00:09.0: reg 0x10: [mem 0xf0820000-0xf083ffff]
[    0.311509] pci 0000:00:09.0: reg 0x18: [io  0xd080-0xd087]
[    0.321204] ACPI: PCI Interrupt Link [LNKA] (IRQs 5 9 10 *11)
[    0.321486] ACPI: PCI Interrupt Link [LNKB] (IRQs 5 9 *10 11)
[    0.321586] ACPI: PCI Interrupt Link [LNKC] (IRQs 5 *9 10 11)
[    0.321699] ACPI: PCI Interrupt Link [LNKD] (IRQs 5 9 10 *11)
[    0.321946] iommu: Default domain type: Translated 
[    0.322005] pci 0000:00:02.0: vgaarb: setting as boot VGA device
[    0.322007] pci 0000:00:02.0: vgaarb: VGA device added: decodes=io+mem,owns=io+mem,locks=none
[    0.322009] pci 0000:00:02.0: vgaarb: bridge control possible
[    0.322010] vgaarb: loaded
[    0.322211] SCSI subsystem initialized
[    0.322242] libata version 3.00 loaded.
[    0.322268] ACPI: bus type USB registered
[    0.322281] usbcore: registered new interface driver usbfs
[    0.322287] usbcore: registered new interface driver hub
[    0.324208] usbcore: registered new device driver usb
[    0.324241] pps_core: LinuxPPS API ver. 1 registered
[    0.324242] pps_core: Software ver. 5.3.6 - Copyright 2005-2007 Rodolfo Giometti <giometti@linux.it>
[    0.324244] PTP clock support registered
[    0.324280] EDAC MC: Ver: 3.0.0
[    0.324555] PCI: Using ACPI for IRQ routing
[    0.324556] PCI: pci_cache_line_size set to 64 bytes
[    0.324726] e820: reserve RAM buffer [mem 0x0009fc00-0x0009ffff]
[    0.324729] e820: reserve RAM buffer [mem 0x7fff0000-0x7fffffff]
[    0.324854] NetLabel: Initializing
[    0.324854] NetLabel:  domain hash size = 128
[    0.324855] NetLabel:  protocols = UNLABELED CIPSOv4 CALIPSO
[    0.324874] NetLabel:  unlabeled traffic allowed by default
[    0.326458] clocksource: Switched to clocksource kvm-clock
[    0.338535] *** VALIDATE bpf ***
[    0.338592] VFS: Disk quotas dquot_6.6.0
[    0.338603] VFS: Dquot-cache hash table entries: 512 (order 0, 4096 bytes)
[    0.338625] *** VALIDATE ramfs ***
[    0.338628] *** VALIDATE hugetlbfs ***
[    0.338704] AppArmor: AppArmor Filesystem Enabled
[    0.338727] pnp: PnP ACPI init
[    0.338787] pnp 00:00: Plug and Play ACPI device, IDs PNP0303 (active)
[    0.338857] pnp 00:01: Plug and Play ACPI device, IDs PNP0f03 (active)
[    0.339596] pnp: PnP ACPI: found 2 devices
[    0.340566] thermal_sys: Registered thermal governor 'fair_share'
[    0.340567] thermal_sys: Registered thermal governor 'bang_bang'
[    0.340567] thermal_sys: Registered thermal governor 'step_wise'
[    0.340568] thermal_sys: Registered thermal governor 'user_space'
[    0.340569] thermal_sys: Registered thermal governor 'power_allocator'
[    0.345081] clocksource: acpi_pm: mask: 0xffffff max_cycles: 0xffffff, max_idle_ns: 2085701024 ns
[    0.345121] pci_bus 0000:00: resource 4 [io  0x0000-0x0cf7 window]
[    0.345123] pci_bus 0000:00: resource 5 [io  0x0d00-0xffff window]
[    0.345124] pci_bus 0000:00: resource 6 [mem 0x000a0000-0x000bffff window]
[    0.345125] pci_bus 0000:00: resource 7 [mem 0x80000000-0xfdffffff window]
[    0.345179] NET: Registered protocol family 2
[    0.345253] IP idents hash table entries: 32768 (order: 6, 262144 bytes, linear)
[    0.345631] tcp_listen_portaddr_hash hash table entries: 1024 (order: 2, 16384 bytes, linear)
[    0.345709] TCP established hash table entries: 16384 (order: 5, 131072 bytes, linear)
[    0.345771] TCP bind hash table entries: 16384 (order: 6, 262144 bytes, linear)
[    0.345796] TCP: Hash tables configured (established 16384 bind 16384)
[    0.345839] UDP hash table entries: 1024 (order: 3, 32768 bytes, linear)
[    0.345851] UDP-Lite hash table entries: 1024 (order: 3, 32768 bytes, linear)
[    0.345879] NET: Registered protocol family 1
[    0.345885] NET: Registered protocol family 44
[    0.345910] pci 0000:00:00.0: Limiting direct PCI/PCI transfers
[    0.345924] pci 0000:00:01.0: Activating ISA DMA hang workarounds
[    0.345980] pci 0000:00:02.0: Video device with shadowed ROM at [mem 0x000c0000-0x000dffff]
[    0.346043] PCI: CLS 0 bytes, default 64
[    0.346092] Trying to unpack rootfs image as initramfs...
[    0.516253] Freeing initrd memory: 47860K
[    0.516253] clocksource: tsc: mask: 0xffffffffffffffff max_cycles: 0x1e4530a99b6, max_idle_ns: 440795257976 ns
[    0.516253] clocksource: Switched to clocksource tsc
[    0.516253] platform rtc_cmos: registered platform RTC device (no PNP device found)
[    0.516253] check: Scanning for low memory corruption every 60 seconds
[    0.524837] Initialise system trusted keyrings
[    0.524845] Key type blacklist registered
[    0.524871] workingset: timestamp_bits=36 max_order=19 bucket_order=0
[    0.526136] zbud: loaded
[    0.526496] squashfs: version 4.0 (2009/01/31) Phillip Lougher
[    0.526641] fuse: init (API version 7.31)
[    0.526655] *** VALIDATE fuse ***
[    0.526656] *** VALIDATE fuse ***
[    0.526765] Platform Keyring initialized
[    0.528721] Key type asymmetric registered
[    0.528721] Asymmetric key parser 'x509' registered
[    0.528721] Block layer SCSI generic (bsg) driver version 0.4 loaded (major 244)
[    0.528721] io scheduler mq-deadline registered
[    0.528721] shpchp: Standard Hot Plug PCI Controller Driver version: 0.4
[    0.530046] ACPI: AC Adapter [AC] (on-line)
[    0.530092] input: Power Button as /devices/LNXSYSTM:00/LNXPWRBN:00/input/input0
[    0.530118] ACPI: Power Button [PWRF]
[    0.530214] input: Sleep Button as /devices/LNXSYSTM:00/LNXSLPBN:00/input/input1
[    0.530228] ACPI: Sleep Button [SLPF]
[    0.530472] Serial: 8250/16550 driver, 32 ports, IRQ sharing enabled
[    0.531635] Linux agpgart interface v0.103
[    0.627134] loop: module loaded
[    0.627281] ata_piix 0000:00:01.1: version 2.13
[    0.627688] scsi host0: ata_piix
[    0.627783] scsi host1: ata_piix
[    0.627810] ata1: PATA max UDMA/33 cmd 0x1f0 ctl 0x3f6 bmdma 0xd000 irq 14
[    0.627811] ata2: PATA max UDMA/33 cmd 0x170 ctl 0x376 bmdma 0xd008 irq 15
[    0.627887] tun: Universal TUN/TAP device driver, 1.6
[    0.628199] PPP generic driver version 2.4.2
[    0.628243] VFIO - User Level meta-driver version: 0.3
[    0.628477] ehci_hcd: USB 2.0 'Enhanced' Host Controller (EHCI) Driver
[    0.628483] ehci-pci: EHCI PCI platform driver
[    0.628496] ehci-platform: EHCI generic platform driver
[    0.628501] ohci_hcd: USB 1.1 'Open' Host Controller (OHCI) Driver
[    0.628503] ohci-pci: OHCI PCI platform driver
[    0.628508] ohci-platform: OHCI generic platform driver
[    0.628513] uhci_hcd: USB Universal Host Controller Interface driver
[    0.628571] i8042: PNP: PS/2 Controller [PNP0303:PS2K,PNP0f03:PS2M] at 0x60,0x64 irq 1,12
[    0.629019] serio: i8042 KBD port at 0x60,0x64 irq 1
[    0.629023] serio: i8042 AUX port at 0x60,0x64 irq 12
[    0.629109] mousedev: PS/2 mouse device common for all mice
[    0.629383] input: AT Translated Set 2 keyboard as /devices/platform/i8042/serio0/input/input2
[    0.629769] rtc_cmos rtc_cmos: registered as rtc0
[    0.629782] rtc_cmos rtc_cmos: alarms up to one day, 114 bytes nvram
[    0.629787] i2c /dev entries driver
[    0.629832] device-mapper: uevent: version 1.0.3
[    0.629874] device-mapper: ioctl: 4.41.0-ioctl (2019-09-16) initialised: dm-devel@redhat.com
[    0.629891] platform eisa.0: Probing EISA bus 0
[    0.629893] platform eisa.0: EISA: Cannot allocate resource for mainboard
[    0.629894] platform eisa.0: Cannot allocate resource for EISA slot 1
[    0.629895] platform eisa.0: Cannot allocate resource for EISA slot 2
[    0.629896] platform eisa.0: Cannot allocate resource for EISA slot 3
[    0.629897] platform eisa.0: Cannot allocate resource for EISA slot 4
[    0.629898] platform eisa.0: Cannot allocate resource for EISA slot 5
[    0.629899] platform eisa.0: Cannot allocate resource for EISA slot 6
[    0.629899] platform eisa.0: Cannot allocate resource for EISA slot 7
[    0.629900] platform eisa.0: Cannot allocate resource for EISA slot 8
[    0.629901] platform eisa.0: EISA: Detected 0 cards
[    0.629904] intel_pstate: CPU model not supported
[    0.629912] ledtrig-cpu: registered to indicate activity on CPUs
[    0.629961] drop_monitor: Initializing network drop monitor service
[    0.630120] NET: Registered protocol family 10
[    0.635151] Segment Routing with IPv6
[    0.635151] NET: Registered protocol family 17
[    0.635151] Key type dns_resolver registered
[    0.635151] RAS: Correctable Errors collector initialized.
[    0.635151] IPI shorthand broadcast: enabled
[    0.635151] sched_clock: Marking stable (620070351, 11080986)->(632686635, -1535298)
[    0.635488] registered taskstats version 1
[    0.635498] Loading compiled-in X.509 certificates
[    0.636085] Loaded X.509 cert 'Build time autogenerated kernel key: 0a9e52cc6eb58eed9b63e328679db6d5d5216245'
[    0.636103] zswap: loaded using pool lzo/zbud
[    0.636155] Key type ._fscrypt registered
[    0.636155] Key type .fscrypt registered
[    0.640582] Key type big_key registered
[    0.642768] Key type encrypted registered
[    0.642770] AppArmor: AppArmor sha1 policy hashing enabled
[    0.642776] ima: No TPM chip found, activating TPM-bypass!
[    0.642780] ima: Allocated hash algorithm: sha1
[    0.642785] ima: No architecture policies found
[    0.642794] evm: Initialising EVM extended attributes:
[    0.642794] evm: security.selinux
[    0.642795] evm: security.SMACK64
[    0.642795] evm: security.SMACK64EXEC
[    0.642796] evm: security.SMACK64TRANSMUTE
[    0.642796] evm: security.SMACK64MMAP
[    0.642796] evm: security.apparmor
[    0.642797] evm: security.ima
[    0.642797] evm: security.capability
[    0.642798] evm: HMAC attrs: 0x1
[    0.643087] PM:   Magic number: 10:975:883
[    0.643192] rtc_cmos rtc_cmos: setting system clock to 2026-01-20T11:52:23 UTC (1768909943)
[    0.800347] ata1.00: ATA-6: VBOX HARDDISK, 1.0, max UDMA/133
[    0.800350] ata1.00: 209715200 sectors, multi 128: LBA 
[    0.801023] scsi 0:0:0:0: Direct-Access     ATA      VBOX HARDDISK    1.0  PQ: 0 ANSI: 5
[    0.801345] sd 0:0:0:0: [sda] 209715200 512-byte logical blocks: (107 GB/100 GiB)
[    0.801358] sd 0:0:0:0: [sda] Write Protect is off
[    0.801361] sd 0:0:0:0: [sda] Mode Sense: 00 3a 00 00
[    0.801381] sd 0:0:0:0: [sda] Write cache: enabled, read cache: enabled, doesn't support DPO or FUA
[    0.801710] sd 0:0:0:0: Attached scsi generic sg0 type 0
[    0.802908]  sda: sda1 sda2
[    0.815398] sd 0:0:0:0: [sda] Attached SCSI disk
[    0.820517] Freeing unused decrypted memory: 2040K
[    0.821870] Freeing unused kernel image memory: 2720K
[    0.821875] Write protecting the kernel read-only data: 22528k
[    0.823352] Freeing unused kernel image memory: 2036K
[    0.824148] Freeing unused kernel image memory: 1452K
[    0.860614] x86/mm: Checked W+X mappings: passed, no W+X pages found.
[    0.860619] Run /init as init process
[    0.967192] ACPI: Video Device [GFX0] (multi-head: yes  rom: no  post: no)
[    0.967265] input: Video Bus as /devices/LNXSYSTM:00/LNXSYBUS:00/PNP0A03:00/LNXVIDEO:00/input/input4
[    0.981949] pcnet32: pcnet32.c:v1.35 21.Apr.2008 tsbogend@alpha.franken.de
[    0.983653] piix4_smbus 0000:00:07.0: SMBus Host Controller at 0x4100, revision 0
[    0.986312] e1000: Intel(R) PRO/1000 Network Driver - version 7.3.21-k8-NAPI
[    0.986313] e1000: Copyright (c) 1999-2006 Intel Corporation.
[    0.994099] pcnet32: PCnet/FAST III 79C973 at 0xd020, 08:00:27:d9:54:75 assigned IRQ 19
[    0.994140] pcnet32: Found PHY 0022:561b at address 0
[    0.994436] pcnet32: eth0: registered as PCnet/FAST III 79C973
[    0.998146] pcnet32: PCnet/FAST III 79C973 at 0xd060, 08:00:27:00:aa:9c assigned IRQ 16
[    0.998189] pcnet32: Found PHY 0022:561b at address 0
[    0.998477] pcnet32: eth1: registered as PCnet/FAST III 79C973
[    1.006532] pcnet32: 2 cards_found
[    1.064451] pcnet32 0000:00:08.0 enp0s8: renamed from eth1
[    1.065225] pcnet32 0000:00:03.0 enp0s3: renamed from eth0
[    1.198181] input: ImExPS/2 Generic Explorer Mouse as /devices/platform/i8042/serio1/input/input5
[    1.395525] e1000 0000:00:09.0 eth0: (PCI:33MHz:32-bit) 08:00:27:bc:eb:a4
[    1.395529] e1000 0000:00:09.0 eth0: Intel(R) PRO/1000 Network Connection
[    1.396558] e1000 0000:00:09.0 enp0s9: renamed from eth0
[    1.558888] EXT4-fs (sda2): mounted filesystem with ordered data mode. Opts: (null)
[    1.656532] systemd[1]: Inserted module 'autofs4'
[    1.670780] systemd[1]: systemd 245.4-4ubuntu3 running in system mode. (+PAM +AUDIT +SELINUX +IMA +APPARMOR +SMACK +SYSVINIT +UTMP +LIBCRYPTSETUP +GCRYPT +GNUTLS +ACL +XZ +LZ4 +SECCOMP +BLKID +ELFUTILS +KMOD +IDN2 -IDN +PCRE2 default-hierarchy=hybrid)
[    1.670806] systemd[1]: Detected virtualization oracle.
[    1.670808] systemd[1]: Detected architecture x86-64.
[    1.672145] systemd[1]: Set hostname to <ztg>.
[    1.796949] systemd[1]: /lib/systemd/system/dbus.socket:5: ListenStream= references a path below legacy directory /var/run/, updating /var/run/dbus/system_bus_socket â†’ /run/dbus/system_bus_socket; please update the unit file accordingly.
[    1.851019] systemd[1]: Created slice system-modprobe.slice.
[    1.851270] systemd[1]: Created slice User and Session Slice.
[    1.851317] systemd[1]: Started Forward Password Requests to Wall Directory Watch.
[    1.851470] systemd[1]: Set up automount Arbitrary Executable File Formats File System Automount Point.
[    1.851504] systemd[1]: Reached target User and Group Name Lookups.
[    1.851512] systemd[1]: Reached target Remote File Systems.
[    1.851520] systemd[1]: Reached target Slices.
[    1.852089] systemd[1]: Listening on Syslog Socket.
[    1.852155] systemd[1]: Listening on fsck to fsckd communication Socket.
[    1.852191] systemd[1]: Listening on initctl Compatibility Named Pipe.
[    1.852325] systemd[1]: Listening on Journal Audit Socket.
[    1.852373] systemd[1]: Listening on Journal Socket (/dev/log).
[    1.852438] systemd[1]: Listening on Journal Socket.
[    1.852500] systemd[1]: Listening on udev Control Socket.
[    1.852536] systemd[1]: Listening on udev Kernel Socket.
[    1.853234] systemd[1]: Mounting Huge Pages File System...
[    1.854140] systemd[1]: Mounting POSIX Message Queue File System...
[    1.854981] systemd[1]: Mounting Kernel Debug File System...
[    1.855855] systemd[1]: Mounting Kernel Trace File System...
[    1.857730] systemd[1]: Starting Journal Service...
[    1.880345] systemd[1]: Starting Set the console keyboard layout...
[    1.888221] systemd[1]: Starting Create list of static device nodes for the current kernel...
[    1.889990] systemd[1]: Starting Load Kernel Module drm...
[    1.891030] systemd[1]: Condition check resulted in Set Up Additional Binary Formats being skipped.
[    1.891096] systemd[1]: Condition check resulted in File System Check on Root Device being skipped.
[    1.904420] systemd[1]: Starting Load Kernel Modules...
[    1.913244] systemd[1]: Starting Remount Root and Kernel File Systems...
[    1.918802] systemd[1]: Starting udev Coldplug all Devices...
[    1.929546] systemd[1]: Starting Uncomplicated firewall...
[    1.930803] systemd[1]: Mounted Huge Pages File System.
[    1.930892] systemd[1]: Mounted POSIX Message Queue File System.
[    1.930967] systemd[1]: Mounted Kernel Debug File System.
[    1.931034] systemd[1]: Mounted Kernel Trace File System.
[    1.935999] EXT4-fs (sda2): re-mounted. Opts: errors=remount-ro
[    1.956481] systemd[1]: Finished Create list of static device nodes for the current kernel.
[    1.957519] systemd[1]: modprobe@drm.service: Succeeded.
[    1.965311] systemd[1]: Finished Load Kernel Module drm.
[    1.965881] systemd[1]: Finished Remount Root and Kernel File Systems.
[    1.973693] systemd[1]: Finished Uncomplicated firewall.
[    1.990698] lp: driver loaded but no devices found
[    1.991949] systemd[1]: Condition check resulted in Rebuild Hardware Database being skipped.
[    1.991982] systemd[1]: Condition check resulted in Platform Persistent Storage Archival being skipped.
[    1.992635] systemd[1]: Starting Load/Save Random Seed...
[    1.998980] systemd[1]: Starting Create System Users...
[    2.007985] systemd[1]: Finished Load/Save Random Seed.
[    2.008865] ppdev: user-space parallel port driver
[    2.015788] systemd[1]: Finished Create System Users.
[    2.016455] systemd[1]: Starting Create Static Device Nodes in /dev...
[    2.038849] systemd[1]: Finished Create Static Device Nodes in /dev.
[    2.039627] systemd[1]: Starting udev Kernel Device Manager...
[    2.089791] systemd[1]: Finished udev Coldplug all Devices.
[    2.095158] [drm] DMA map mode: Caching DMA mappings.
[    2.095220] [drm] Capabilities:
[    2.095220] [drm]   Rect copy.
[    2.095221] [drm]   Cursor.
[    2.095221] [drm]   Cursor bypass.
[    2.095221] [drm]   Cursor bypass 2.
[    2.095222] [drm]   Alpha cursor.
[    2.095222] [drm]   Extended Fifo.
[    2.095223] [drm]   Pitchlock.
[    2.095223] [drm]   Irq mask.
[    2.095223] [drm]   GMR.
[    2.095224] [drm]   Traces.
[    2.095224] [drm]   GMR2.
[    2.095224] [drm]   Screen Object 2.
[    2.095225] [drm]   Command Buffers.
[    2.095225] [drm]   Command Buffers 2.
[    2.095225] [drm]   Guest Backed Resources.
[    2.095226] [drm] Max GMR ids is 8192
[    2.095227] [drm] Max number of GMR pages is 1048576
[    2.095227] [drm] Max dedicated hypervisor surface memory is 393216 kiB
[    2.095228] [drm] Maximum display memory size is 131072 kiB
[    2.095228] [drm] VRAM at 0xe0000000 size is 131072 kiB
[    2.095229] [drm] MMIO at 0xf0000000 size is 2048 kiB
[    2.095865] [TTM] Zone  kernel: Available graphics memory: 1011744 KiB
[    2.095866] [TTM] Initializing pool allocator
[    2.095869] [TTM] Initializing DMA pool allocator
[    2.095899] [drm] Supports vblank timestamp caching Rev 2 (21.10.2013).
[    2.095899] [drm] No driver support for vblank timestamp query.
[    2.096365] [drm] Screen Target Display device initialized
[    2.096589] [drm] width 720
[    2.096597] [drm] height 400
[    2.096600] [drm] bpp 32
[    2.097160] [drm] Fifo max 0x00200000 min 0x00001000 cap 0x00000355
[    2.098234] [drm] Using command buffers with DMA pool.
[    2.098238] [drm] DX: no.
[    2.098238] [drm] Atomic: yes.
[    2.098239] [drm] SM4_1: no.
[    2.098257] [drm:vmw_host_log [vmwgfx]] *ERROR* Failed to send host log message.
[    2.099543] [drm:vmw_host_log [vmwgfx]] *ERROR* Failed to send host log message.
[    2.109321] fbcon: svgadrmfb (fb0) is primary device
[    2.117161] Console: switching to colour frame buffer device 100x37
[    2.118703] [drm] Initialized vmwgfx 2.15.0 20180704 for 0000:00:02.0 on minor 0
[    2.120032] systemd[1]: Finished Load Kernel Modules.
[    2.120920] systemd[1]: Mounting FUSE Control File System...
[    2.122073] systemd[1]: Mounting Kernel Configuration File System...
[    2.147530] systemd[1]: Starting Apply Kernel Variables...
[    2.158479] systemd[1]: Mounted FUSE Control File System.
[    2.158546] systemd[1]: Condition check resulted in VMware vmblock fuse mount being skipped.
[    2.161074] systemd[1]: Mounted Kernel Configuration File System.
[    2.170996] systemd[1]: Finished Apply Kernel Variables.
[    2.191526] systemd[1]: Finished Set the console keyboard layout.
[    2.191602] systemd[1]: Reached target Local File Systems (Pre).
[    2.193775] systemd[1]: Mounting Mount unit for bare, revision 5...
[    2.199309] systemd[1]: Mounting Mount unit for core18, revision 1705...
[    2.200527] systemd[1]: Mounting Mount unit for gnome-3-34-1804, revision 24...
[    2.203521] systemd[1]: Mounting Mount unit for gtk-common-themes, revision 1506...
[    2.207860] systemd[1]: Mounting Mount unit for gtk-common-themes, revision 1535...
[    2.213659] systemd[1]: Mounting Mount unit for snap-store, revision 433...
[    2.236609] systemd[1]: Mounting Mount unit for snapd, revision 25935...
[    2.247324] systemd[1]: Mounted Mount unit for bare, revision 5.
[    2.269738] systemd[1]: Mounted Mount unit for gtk-common-themes, revision 1506.
[    2.271442] systemd[1]: Started udev Kernel Device Manager.
[    2.272136] systemd[1]: Starting Show Plymouth Boot Screen...
[    2.278359] systemd[1]: Received SIGRTMIN+20 from PID 278 (plymouthd).
[    2.281550] systemd[1]: Mounted Mount unit for core18, revision 1705.
[    2.282302] systemd[1]: Mounted Mount unit for gnome-3-34-1804, revision 24.
[    2.303092] systemd[1]: Started Show Plymouth Boot Screen.
[    2.303231] systemd[1]: Condition check resulted in Dispatch Password Requests to Console Directory Watch being skipped.
[    2.303308] systemd[1]: Started Forward Password Requests to Plymouth Directory Watch.
[    2.303401] systemd[1]: Reached target Local Encrypted Volumes.
[    2.336882] systemd[1]: Mounted Mount unit for gtk-common-themes, revision 1535.
[    2.370458] systemd[1]: Mounted Mount unit for snap-store, revision 433.
[    2.370685] systemd[1]: Mounted Mount unit for snapd, revision 25935.
[    2.370834] systemd[1]: Reached target Local File Systems.
[    2.371673] systemd[1]: Starting Load AppArmor profiles...
[    2.373970] systemd[1]: Starting Set console font and keymap...
[    2.385601] systemd[1]: Starting Tell Plymouth To Write Out Runtime Data...
[    2.388336] systemd[1]: Condition check resulted in Store a System Token in an EFI Variable being skipped.
[    2.388381] systemd[1]: Condition check resulted in Commit a transient machine-id on disk being skipped.
[    2.392154] systemd[1]: Finished Set console font and keymap.
[    2.400102] systemd[1]: Received SIGRTMIN+20 from PID 278 (plymouthd).
[    2.400711] systemd[1]: plymouth-read-write.service: Succeeded.
[    2.400944] systemd[1]: Finished Tell Plymouth To Write Out Runtime Data.
[    2.423026] audit: type=1400 audit(1768909945.272:2): apparmor="STATUS" operation="profile_load" profile="unconfined" name="nvidia_modprobe" pid=299 comm="apparmor_parser"
[    2.423029] audit: type=1400 audit(1768909945.272:3): apparmor="STATUS" operation="profile_load" profile="unconfined" name="nvidia_modprobe//kmod" pid=299 comm="apparmor_parser"
[    2.432723] audit: type=1400 audit(1768909945.284:4): apparmor="STATUS" operation="profile_load" profile="unconfined" name="/usr/sbin/tcpdump" pid=300 comm="apparmor_parser"
[    2.482024] audit: type=1400 audit(1768909945.328:5): apparmor="STATUS" operation="profile_load" profile="unconfined" name="/usr/bin/evince" pid=302 comm="apparmor_parser"
[    2.482026] audit: type=1400 audit(1768909945.328:6): apparmor="STATUS" operation="profile_load" profile="unconfined" name="/usr/bin/evince//sanitized_helper" pid=302 comm="apparmor_parser"
[    2.482029] audit: type=1400 audit(1768909945.328:7): apparmor="STATUS" operation="profile_load" profile="unconfined" name="/usr/bin/evince-previewer" pid=302 comm="apparmor_parser"
[    2.482030] audit: type=1400 audit(1768909945.328:8): apparmor="STATUS" operation="profile_load" profile="unconfined" name="/usr/bin/evince-previewer//sanitized_helper" pid=302 comm="apparmor_parser"
[    2.482032] audit: type=1400 audit(1768909945.328:9): apparmor="STATUS" operation="profile_load" profile="unconfined" name="/usr/bin/evince-thumbnailer" pid=302 comm="apparmor_parser"
[    2.496529] audit: type=1400 audit(1768909945.348:10): apparmor="STATUS" operation="profile_load" profile="unconfined" name="/usr/lib/cups/backend/cups-pdf" pid=303 comm="apparmor_parser"
[    2.576198] systemd[1]: Finished Load AppArmor profiles.
[    2.577123] systemd[1]: Starting Load AppArmor profiles managed internally by snapd...
[    2.684970] systemd[1]: Finished Load AppArmor profiles managed internally by snapd.
[    2.855365] systemd[1]: Started Journal Service.
[    2.862956] systemd-journald[228]: Received client request to flush runtime journal.
[    2.867666] systemd-journald[228]: File /var/log/journal/c455b248004a419c87ce85eea238d727/system.journal corrupted or uncleanly shut down, renaming and replacing.
[    4.100147] RAPL PMU: API unit is 2^-32 Joules, 0 fixed counters, 10737418240 ms ovfl timer
[    4.170090] cryptd: max_cpu_qlen set to 1000
[    4.216260] AVX2 version of gcm_enc/dec engaged.
[    4.216261] AES CTR mode by8 optimization enabled
[    6.059929] Adding 1998844k swap on /dev/sda1.  Priority:-2 extents:1 across:1998844k FS
[    7.359426] kauditd_printk_skb: 30 callbacks suppressed
[    7.359427] audit: type=1400 audit(1768909950.212:41): apparmor="DENIED" operation="capable" profile="/usr/sbin/cups-browsed" pid=507 comm="cups-browsed" capability=23  capname="sys_nice"
[    8.503846] pcnet32 0000:00:03.0 enp0s3: link up, 100Mbps, full-duplex
[    8.523295] pcnet32 0000:00:08.0 enp0s8: link up, 100Mbps, full-duplex
[    8.561947] e1000: enp0s9 NIC Link is Up 1000 Mbps Full Duplex, Flow Control: RX
[    8.562235] IPv6: ADDRCONF(NETDEV_CHANGE): enp0s9: link becomes ready
[    9.097764] device enp0s8 entered promiscuous mode
[    9.100548] device enp0s3 entered promiscuous mode
[    9.132520] audit: type=1400 audit(1768909951.988:42): apparmor="DENIED" operation="open" profile="/usr/sbin/tcpdump" name="/proc/sys/kernel/random/boot_id" pid=630 comm="tcpdump" requested_mask="r" denied_mask="r" fsuid=0 ouid=0
[    9.132661] audit: type=1400 audit(1768909951.988:43): apparmor="DENIED" operation="open" profile="/usr/sbin/tcpdump" name="/proc/sys/kernel/random/boot_id" pid=631 comm="tcpdump" requested_mask="r" denied_mask="r" fsuid=0 ouid=0
[    9.132973] audit: type=1400 audit(1768909951.988:44): apparmor="DENIED" operation="open" profile="/usr/sbin/tcpdump" name="/proc/sys/kernel/random/boot_id" pid=631 comm="tcpdump" requested_mask="r" denied_mask="r" fsuid=0 ouid=0
[    9.133018] audit: type=1400 audit(1768909951.988:45): apparmor="DENIED" operation="open" profile="/usr/sbin/tcpdump" name="/proc/sys/kernel/random/boot_id" pid=631 comm="tcpdump" requested_mask="r" denied_mask="r" fsuid=0 ouid=0
[    9.133079] audit: type=1400 audit(1768909951.988:46): apparmor="DENIED" operation="open" profile="/usr/sbin/tcpdump" name="/proc/sys/kernel/random/boot_id" pid=630 comm="tcpdump" requested_mask="r" denied_mask="r" fsuid=0 ouid=0
[    9.133184] audit: type=1400 audit(1768909951.988:47): apparmor="DENIED" operation="open" profile="/usr/sbin/tcpdump" name="/proc/sys/kernel/random/boot_id" pid=630 comm="tcpdump" requested_mask="r" denied_mask="r" fsuid=0 ouid=0
[    9.144109] audit: type=1400 audit(1768909951.996:48): apparmor="DENIED" operation="open" profile="/usr/sbin/tcpdump" name="/proc/sys/kernel/random/boot_id" pid=631 comm="tcpdump" requested_mask="r" denied_mask="r" fsuid=0 ouid=0
[    9.144410] audit: type=1400 audit(1768909951.996:49): apparmor="DENIED" operation="open" profile="/usr/sbin/tcpdump" name="/proc/sys/kernel/random/boot_id" pid=630 comm="tcpdump" requested_mask="r" denied_mask="r" fsuid=0 ouid=0
[    9.159456] audit: type=1400 audit(1768909952.012:50): apparmor="DENIED" operation="open" profile="/usr/sbin/tcpdump" name="/proc/sys/kernel/random/boot_id" pid=633 comm="tcpdump" requested_mask="r" denied_mask="r" fsuid=0 ouid=0
[   14.893837] rfkill: input handler disabled
[  207.865624] AAAAA-TCP_FORW: name:enp0s8: saddr:100932208: daddr:16783984
[  207.867659] AAAAA-TCP_FORW: name:enp0s3: saddr:16783984: daddr:100932208
[  208.045658] AAAAA-TCP_FORW: name:enp0s8: saddr:100932208: daddr:16783984
[  208.078518] AAAAA-TCP_FORW: name:enp0s8: saddr:100932208: daddr:16783984
[  208.079448] AAAAA-TCP_FORW: name:enp0s3: saddr:16783984: daddr:100932208
[  208.079693] AAAAA-TCP_FORW: name:enp0s3: saddr:16783984: daddr:100932208
[  208.370109] AAAAA-TCP_FORW: name:enp0s8: saddr:100932208: daddr:16783984
[  208.401729] AAAAA-TCP_FORW: name:enp0s8: saddr:100932208: daddr:16783984
[  208.402627] AAAAA-TCP_FORW: name:enp0s3: saddr:16783984: daddr:100932208
[  208.621428] AAAAA-TCP_FORW: name:enp0s8: saddr:100932208: daddr:16783984
[  208.622488] AAAAA-TCP_FORW: name:enp0s3: saddr:16783984: daddr:100932208
[  208.622807] AAAAA-TCP_FORW: name:enp0s3: saddr:16783984: daddr:100932208
[  208.878934] AAAAA-TCP_FORW: name:enp0s8: saddr:100932208: daddr:16783984
[  208.954435] AAAAA-TCP_FORW: name:enp0s8: saddr:100932208: daddr:16783984
[  208.955278] AAAAA-TCP_FORW: name:enp0s3: saddr:16783984: daddr:100932208
[  209.106111] AAAAA-TCP_FORW: name:enp0s8: saddr:100932208: daddr:16783984
[  209.126501] AAAAA-TCP_FORW: name:enp0s8: saddr:100932208: daddr:16783984
[  209.127204] AAAAA-TCP_FORW: name:enp0s3: saddr:16783984: daddr:100932208
[  209.128352] AAAAA-TCP_FORW: name:enp0s3: saddr:16783984: daddr:100932208
[  209.316425] AAAAA-TCP_FORW: name:enp0s8: saddr:100932208: daddr:16783984
[  209.317250] AAAAA-TCP_FORW: name:enp0s3: saddr:16783984: daddr:100932208
[  209.398055] AAAAA-TCP_FORW: name:enp0s8: saddr:100932208: daddr:16783984
[  209.451150] AAAAA-TCP_FORW: name:enp0s8: saddr:100932208: daddr:16783984
[  209.452231] AAAAA-TCP_FORW: name:enp0s3: saddr:16783984: daddr:100932208
[  209.553998] AAAAA-TCP_FORW: name:enp0s8: saddr:100932208: daddr:16783984
[  209.555050] AAAAA-TCP_FORW: name:enp0s3: saddr:16783984: daddr:100932208
[  209.689659] AAAAA-TCP_FORW: name:enp0s8: saddr:100932208: daddr:16783984
[  209.690579] AAAAA-TCP_FORW: name:enp0s3: saddr:16783984: daddr:100932208
[  209.742510] AAAAA-TCP_FORW: name:enp0s8: saddr:100932208: daddr:16783984
[  209.743503] AAAAA-TCP_FORW: name:enp0s3: saddr:16783984: daddr:100932208
[  210.013535] AAAAA-TCP_FORW: name:enp0s8: saddr:100932208: daddr:16783984
[  210.014632] AAAAA-TCP_FORW: name:enp0s3: saddr:16783984: daddr:100932208
[  210.131520] AAAAA-TCP_FORW: name:enp0s8: saddr:100932208: daddr:16783984
[  210.132541] AAAAA-TCP_FORW: name:enp0s3: saddr:16783984: daddr:100932208
[  210.205658] AAAAA-TCP_FORW: name:enp0s8: saddr:100932208: daddr:16783984
[  210.206527] AAAAA-TCP_FORW: name:enp0s3: saddr:16783984: daddr:100932208
[  210.399096] AAAAA-TCP_FORW: name:enp0s8: saddr:100932208: daddr:16783984
[  210.400390] AAAAA-TCP_FORW: name:enp0s3: saddr:16783984: daddr:100932208
[  210.514166] AAAAA-TCP_FORW: name:enp0s8: saddr:100932208: daddr:16783984
[  210.515178] AAAAA-TCP_FORW: name:enp0s3: saddr:16783984: daddr:100932208
[  210.547766] AAAAA-TCP_FORW: name:enp0s8: saddr:100932208: daddr:16783984
[  210.549026] AAAAA-TCP_FORW: name:enp0s3: saddr:16783984: daddr:100932208
[  210.711638] AAAAA-TCP_FORW: name:enp0s8: saddr:100932208: daddr:16783984
[  210.712823] AAAAA-TCP_FORW: name:enp0s3: saddr:16783984: daddr:100932208
[  210.776982] AAAAA-TCP_FORW: name:enp0s8: saddr:100932208: daddr:16783984
[  210.778114] AAAAA-TCP_FORW: name:enp0s3: saddr:16783984: daddr:100932208
[  210.880114] AAAAA-TCP_FORW: name:enp0s8: saddr:100932208: daddr:16783984
[  210.881143] AAAAA-TCP_FORW: name:enp0s3: saddr:16783984: daddr:100932208
[  210.941567] AAAAA-TCP_FORW: name:enp0s8: saddr:100932208: daddr:16783984
[  210.942620] AAAAA-TCP_FORW: name:enp0s3: saddr:16783984: daddr:100932208
[  211.219577] AAAAA-TCP_FORW: name:enp0s8: saddr:100932208: daddr:16783984
[  211.221186] AAAAA-TCP_FORW: name:enp0s3: saddr:16783984: daddr:100932208
[  211.559526] AAAAA-TCP_FORW: name:enp0s8: saddr:100932208: daddr:16783984
[  211.602828] AAAAA-TCP_FORW: name:enp0s3: saddr:16783984: daddr:100932208
[  211.637145] AAAAA-TCP_FORW: name:enp0s8: saddr:100932208: daddr:16783984
[  211.754890] AAAAA-TCP_FORW: name:enp0s3: saddr:16783984: daddr:100932208
[  211.852481] AAAAA-TCP_FORW: name:enp0s8: saddr:100932208: daddr:16783984
[  212.007179] AAAAA-TCP_FORW: name:enp0s3: saddr:16783984: daddr:100932208
[  212.010538] AAAAA-TCP_FORW: name:enp0s8: saddr:100932208: daddr:16783984
[  212.081710] AAAAA-TCP_FORW: name:enp0s8: saddr:100932208: daddr:16783984
[  212.082505] AAAAA-TCP_FORW: name:enp0s3: saddr:16783984: daddr:100932208
[  212.275423] AAAAA-TCP_FORW: name:enp0s8: saddr:100932208: daddr:16783984
[  212.360120] AAAAA-TCP_FORW: name:enp0s8: saddr:100932208: daddr:16783984
[  212.361992] AAAAA-TCP_FORW: name:enp0s3: saddr:16783984: daddr:100932208
[  212.462107] AAAAA-TCP_FORW: name:enp0s8: saddr:100932208: daddr:16783984
[  212.619210] AAAAA-TCP_FORW: name:enp0s3: saddr:16783984: daddr:100932208
[  212.626292] AAAAA-TCP_FORW: name:enp0s8: saddr:100932208: daddr:16783984
[  212.783031] AAAAA-TCP_FORW: name:enp0s3: saddr:16783984: daddr:100932208
[  212.803257] AAAAA-TCP_FORW: name:enp0s8: saddr:100932208: daddr:16783984
[  212.804065] AAAAA-TCP_FORW: name:enp0s3: saddr:16783984: daddr:100932208
[  212.932911] AAAAA-TCP_FORW: name:enp0s8: saddr:100932208: daddr:16783984
[  212.933717] AAAAA-TCP_FORW: name:enp0s3: saddr:16783984: daddr:100932208
[  213.007139] AAAAA-TCP_FORW: name:enp0s8: saddr:100932208: daddr:16783984
[  213.008346] AAAAA-TCP_FORW: name:enp0s3: saddr:16783984: daddr:100932208
[  213.131152] AAAAA-TCP_FORW: name:enp0s8: saddr:100932208: daddr:16783984
[  213.131910] AAAAA-TCP_FORW: name:enp0s3: saddr:16783984: daddr:100932208
[  213.230074] AAAAA-TCP_FORW: name:enp0s8: saddr:100932208: daddr:16783984
[  213.230709] AAAAA-TCP_FORW: name:enp0s3: saddr:16783984: daddr:100932208
[  213.324323] AAAAA-TCP_FORW: name:enp0s8: saddr:100932208: daddr:16783984
[  213.325096] AAAAA-TCP_FORW: name:enp0s3: saddr:16783984: daddr:100932208
[  213.445810] AAAAA-TCP_FORW: name:enp0s8: saddr:100932208: daddr:16783984
[  213.447116] AAAAA-TCP_FORW: name:enp0s3: saddr:16783984: daddr:100932208
[  213.626191] AAAAA-TCP_FORW: name:enp0s8: saddr:100932208: daddr:16783984
[  213.627480] AAAAA-TCP_FORW: name:enp0s3: saddr:16783984: daddr:100932208
[  213.733408] AAAAA-TCP_FORW: name:enp0s8: saddr:100932208: daddr:16783984
[  213.734624] AAAAA-TCP_FORW: name:enp0s3: saddr:16783984: daddr:100932208
[  213.827336] AAAAA-TCP_FORW: name:enp0s8: saddr:100932208: daddr:16783984
[  213.828333] AAAAA-TCP_FORW: name:enp0s3: saddr:16783984: daddr:100932208
[  213.908008] AAAAA-TCP_FORW: name:enp0s8: saddr:100932208: daddr:16783984
[  213.908618] AAAAA-TCP_FORW: name:enp0s3: saddr:16783984: daddr:100932208
[  214.015395] AAAAA-TCP_FORW: name:enp0s8: saddr:100932208: daddr:16783984
[  214.016662] AAAAA-TCP_FORW: name:enp0s3: saddr:16783984: daddr:100932208
[  214.138674] AAAAA-TCP_FORW: name:enp0s8: saddr:100932208: daddr:16783984
[  214.139904] AAAAA-TCP_FORW: name:enp0s3: saddr:16783984: daddr:100932208
[  214.218740] AAAAA-TCP_FORW: name:enp0s8: saddr:100932208: daddr:16783984
[  214.220086] AAAAA-TCP_FORW: name:enp0s3: saddr:16783984: daddr:100932208
[  214.300552] AAAAA-TCP_FORW: name:enp0s8: saddr:100932208: daddr:16783984
[  214.301610] AAAAA-TCP_FORW: name:enp0s3: saddr:16783984: daddr:100932208
[  214.405224] AAAAA-TCP_FORW: name:enp0s8: saddr:100932208: daddr:16783984
[  214.406204] AAAAA-TCP_FORW: name:enp0s3: saddr:16783984: daddr:100932208
[  214.503242] AAAAA-TCP_FORW: name:enp0s8: saddr:100932208: daddr:16783984
[  214.546885] AAAAA-TCP_FORW: name:enp0s3: saddr:16783984: daddr:100932208
[  214.591889] AAAAA-TCP_FORW: name:enp0s8: saddr:100932208: daddr:16783984
[  214.674872] AAAAA-TCP_FORW: name:enp0s3: saddr:16783984: daddr:100932208
[  214.769812] AAAAA-TCP_FORW: name:enp0s8: saddr:100932208: daddr:16783984
[  214.860188] AAAAA-TCP_FORW: name:enp0s8: saddr:100932208: daddr:16783984
[  214.861427] AAAAA-TCP_FORW: name:enp0s3: saddr:16783984: daddr:100932208
[  214.912047] AAAAA-TCP_FORW: name:enp0s8: saddr:100932208: daddr:16783984
[  214.979793] AAAAA-TCP_FORW: name:enp0s8: saddr:100932208: daddr:16783984
[  214.980934] AAAAA-TCP_FORW: name:enp0s3: saddr:16783984: daddr:100932208
[  215.034851] AAAAA-TCP_FORW: name:enp0s8: saddr:100932208: daddr:16783984
[  215.122422] AAAAA-TCP_FORW: name:enp0s8: saddr:100932208: daddr:16783984
[  215.123711] AAAAA-TCP_FORW: name:enp0s3: saddr:16783984: daddr:100932208
[  215.175797] AAAAA-TCP_FORW: name:enp0s8: saddr:100932208: daddr:16783984
[  215.303011] AAAAA-TCP_FORW: name:enp0s3: saddr:16783984: daddr:100932208
[  215.337059] AAAAA-TCP_FORW: name:enp0s8: saddr:100932208: daddr:16783984
[  215.398090] AAAAA-TCP_FORW: name:enp0s8: saddr:100932208: daddr:16783984
[  215.399295] AAAAA-TCP_FORW: name:enp0s3: saddr:16783984: daddr:100932208
[  215.453110] AAAAA-TCP_FORW: name:enp0s8: saddr:100932208: daddr:16783984
[  215.524288] AAAAA-TCP_FORW: name:enp0s8: saddr:100932208: daddr:16783984
[  215.525478] AAAAA-TCP_FORW: name:enp0s3: saddr:16783984: daddr:100932208
[  215.604230] AAAAA-TCP_FORW: name:enp0s8: saddr:100932208: daddr:16783984
[  215.605323] AAAAA-TCP_FORW: name:enp0s3: saddr:16783984: daddr:100932208
[  215.792454] AAAAA-TCP_FORW: name:enp0s8: saddr:100932208: daddr:16783984
[  215.793715] AAAAA-TCP_FORW: name:enp0s3: saddr:16783984: daddr:100932208
[  215.908477] AAAAA-TCP_FORW: name:enp0s8: saddr:100932208: daddr:16783984
[  215.909610] AAAAA-TCP_FORW: name:enp0s3: saddr:16783984: daddr:100932208
[  215.984261] AAAAA-TCP_FORW: name:enp0s8: saddr:100932208: daddr:16783984
[  215.985438] AAAAA-TCP_FORW: name:enp0s3: saddr:16783984: daddr:100932208
[  216.086718] AAAAA-TCP_FORW: name:enp0s8: saddr:100932208: daddr:16783984
[  216.087864] AAAAA-TCP_FORW: name:enp0s3: saddr:16783984: daddr:100932208
[  216.233775] AAAAA-TCP_FORW: name:enp0s8: saddr:100932208: daddr:16783984
[  216.234951] AAAAA-TCP_FORW: name:enp0s3: saddr:16783984: daddr:100932208
[  216.272996] AAAAA-TCP_FORW: name:enp0s8: saddr:100932208: daddr:16783984
[  216.274135] AAAAA-TCP_FORW: name:enp0s3: saddr:16783984: daddr:100932208
[  216.350390] AAAAA-TCP_FORW: name:enp0s8: saddr:100932208: daddr:16783984
[  216.351534] AAAAA-TCP_FORW: name:enp0s3: saddr:16783984: daddr:100932208
[  216.484635] AAAAA-TCP_FORW: name:enp0s8: saddr:100932208: daddr:16783984
[  216.485759] AAAAA-TCP_FORW: name:enp0s3: saddr:16783984: daddr:100932208
[  216.557769] AAAAA-TCP_FORW: name:enp0s8: saddr:100932208: daddr:16783984
[  216.558880] AAAAA-TCP_FORW: name:enp0s3: saddr:16783984: daddr:100932208
[  216.644176] AAAAA-TCP_FORW: name:enp0s8: saddr:100932208: daddr:16783984
[  216.645315] AAAAA-TCP_FORW: name:enp0s3: saddr:16783984: daddr:100932208
[  216.719811] AAAAA-TCP_FORW: name:enp0s8: saddr:100932208: daddr:16783984
[  216.720600] AAAAA-TCP_FORW: name:enp0s3: saddr:16783984: daddr:100932208
[  216.792522] AAAAA-TCP_FORW: name:enp0s8: saddr:100932208: daddr:16783984
[  216.793605] AAAAA-TCP_FORW: name:enp0s3: saddr:16783984: daddr:100932208
[  216.851383] AAAAA-TCP_FORW: name:enp0s8: saddr:100932208: daddr:16783984
[  216.852550] AAAAA-TCP_FORW: name:enp0s3: saddr:16783984: daddr:100932208
[  216.934085] AAAAA-TCP_FORW: name:enp0s8: saddr:100932208: daddr:16783984
[  216.935329] AAAAA-TCP_FORW: name:enp0s3: saddr:16783984: daddr:100932208
[  217.010230] AAAAA-TCP_FORW: name:enp0s8: saddr:100932208: daddr:16783984
[  217.011380] AAAAA-TCP_FORW: name:enp0s3: saddr:16783984: daddr:100932208
[  217.085117] AAAAA-TCP_FORW: name:enp0s8: saddr:100932208: daddr:16783984
[  217.086528] AAAAA-TCP_FORW: name:enp0s3: saddr:16783984: daddr:100932208
[  217.165239] AAAAA-TCP_FORW: name:enp0s8: saddr:100932208: daddr:16783984
[  217.166280] AAAAA-TCP_FORW: name:enp0s3: saddr:16783984: daddr:100932208
[  234.900050] AAAAA-TCP_FORW: name:enp0s8: saddr:100932208: daddr:16783984
[  234.901134] AAAAA-TCP_FORW: name:enp0s3: saddr:16783984: daddr:100932208
[  235.117735] AAAAA-TCP_FORW: name:enp0s8: saddr:100932208: daddr:16783984
[  235.119158] AAAAA-TCP_FORW: name:enp0s3: saddr:16783984: daddr:100932208
[  235.253187] AAAAA-TCP_FORW: name:enp0s8: saddr:100932208: daddr:16783984
[  235.254450] AAAAA-TCP_FORW: name:enp0s3: saddr:16783984: daddr:100932208
[  235.568613] AAAAA-TCP_FORW: name:enp0s8: saddr:100932208: daddr:16783984
[  235.569756] AAAAA-TCP_FORW: name:enp0s3: saddr:16783984: daddr:100932208
[  235.622493] AAAAA-TCP_FORW: name:enp0s8: saddr:100932208: daddr:16783984
[  235.623645] AAAAA-TCP_FORW: name:enp0s3: saddr:16783984: daddr:100932208
[  235.873583] AAAAA-TCP_FORW: name:enp0s8: saddr:100932208: daddr:16783984
[  235.874616] AAAAA-TCP_FORW: name:enp0s3: saddr:16783984: daddr:100932208
[  236.336758] AAAAA-TCP_FORW: name:enp0s8: saddr:100932208: daddr:16783984
[  236.338031] AAAAA-TCP_FORW: name:enp0s3: saddr:16783984: daddr:100932208
[  236.414539] AAAAA-TCP_FORW: name:enp0s8: saddr:100932208: daddr:16783984
[  236.415749] AAAAA-TCP_FORW: name:enp0s3: saddr:16783984: daddr:100932208
[  236.702201] AAAAA-TCP_FORW: name:enp0s8: saddr:100932208: daddr:16783984
[  236.703477] AAAAA-TCP_FORW: name:enp0s3: saddr:16783984: daddr:100932208
[  237.136151] AAAAA-TCP_FORW: name:enp0s8: saddr:100932208: daddr:16783984
[  237.137562] AAAAA-TCP_FORW: name:enp0s3: saddr:16783984: daddr:100932208
[  238.369802] AAAAA-TCP_FORW: name:enp0s8: saddr:100932208: daddr:16783984
[  238.371207] AAAAA-TCP_FORW: name:enp0s3: saddr:16783984: daddr:100932208
[  238.663901] AAAAA-TCP_FORW: name:enp0s8: saddr:100932208: daddr:16783984
[  238.664937] AAAAA-TCP_FORW: name:enp0s3: saddr:16783984: daddr:100932208
[  239.153190] AAAAA-TCP_FORW: name:enp0s8: saddr:100932208: daddr:16783984
[  239.154643] AAAAA-TCP_FORW: name:enp0s3: saddr:16783984: daddr:100932208
[  239.230285] AAAAA-TCP_FORW: name:enp0s8: saddr:100932208: daddr:16783984
[  239.231632] AAAAA-TCP_FORW: name:enp0s3: saddr:16783984: daddr:100932208
[  239.351977] AAAAA-TCP_FORW: name:enp0s8: saddr:100932208: daddr:16783984
[  239.353383] AAAAA-TCP_FORW: name:enp0s3: saddr:16783984: daddr:100932208
[  239.472844] AAAAA-TCP_FORW: name:enp0s8: saddr:100932208: daddr:16783984
[  239.474176] AAAAA-TCP_FORW: name:enp0s3: saddr:16783984: daddr:100932208
[  239.569925] AAAAA-TCP_FORW: name:enp0s8: saddr:100932208: daddr:16783984
[  239.571251] AAAAA-TCP_FORW: name:enp0s3: saddr:16783984: daddr:100932208
[  239.621162] AAAAA-TCP_FORW: name:enp0s8: saddr:100932208: daddr:16783984
[  239.622254] AAAAA-TCP_FORW: name:enp0s3: saddr:16783984: daddr:100932208
[  239.766421] AAAAA-TCP_FORW: name:enp0s8: saddr:100932208: daddr:16783984
[  239.767836] AAAAA-TCP_FORW: name:enp0s3: saddr:16783984: daddr:100932208
[  239.812059] AAAAA-TCP_FORW: name:enp0s8: saddr:100932208: daddr:16783984
[  239.813242] AAAAA-TCP_FORW: name:enp0s3: saddr:16783984: daddr:100932208
[  239.882684] AAAAA-TCP_FORW: name:enp0s8: saddr:100932208: daddr:16783984
[  239.883903] AAAAA-TCP_FORW: name:enp0s3: saddr:16783984: daddr:100932208
[  239.966730] AAAAA-TCP_FORW: name:enp0s8: saddr:100932208: daddr:16783984
[  239.967771] AAAAA-TCP_FORW: name:enp0s3: saddr:16783984: daddr:100932208
[  240.041678] AAAAA-TCP_FORW: name:enp0s8: saddr:100932208: daddr:16783984
[  240.042791] AAAAA-TCP_FORW: name:enp0s3: saddr:16783984: daddr:100932208
[  240.221887] AAAAA-TCP_FORW: name:enp0s8: saddr:100932208: daddr:16783984
[  240.222794] AAAAA-TCP_FORW: name:enp0s3: saddr:16783984: daddr:100932208
[  240.358311] AAAAA-TCP_FORW: name:enp0s8: saddr:100932208: daddr:16783984
[  240.359672] AAAAA-TCP_FORW: name:enp0s3: saddr:16783984: daddr:100932208
[  240.450439] AAAAA-TCP_FORW: name:enp0s8: saddr:100932208: daddr:16783984
[  240.451546] AAAAA-TCP_FORW: name:enp0s3: saddr:16783984: daddr:100932208
[  240.485587] AAAAA-TCP_FORW: name:enp0s8: saddr:100932208: daddr:16783984
[  240.486747] AAAAA-TCP_FORW: name:enp0s3: saddr:16783984: daddr:100932208
[  240.590365] AAAAA-TCP_FORW: name:enp0s8: saddr:100932208: daddr:16783984
[  240.591486] AAAAA-TCP_FORW: name:enp0s3: saddr:16783984: daddr:100932208
[  240.652643] AAAAA-TCP_FORW: name:enp0s8: saddr:100932208: daddr:16783984
[  240.653760] AAAAA-TCP_FORW: name:enp0s3: saddr:16783984: daddr:100932208
[  240.715999] AAAAA-TCP_FORW: name:enp0s8: saddr:100932208: daddr:16783984
[  240.717255] AAAAA-TCP_FORW: name:enp0s3: saddr:16783984: daddr:100932208
[  240.861423] AAAAA-TCP_FORW: name:enp0s8: saddr:100932208: daddr:16783984
[  240.862647] AAAAA-TCP_FORW: name:enp0s3: saddr:16783984: daddr:100932208
[  240.909590] AAAAA-TCP_FORW: name:enp0s8: saddr:100932208: daddr:16783984
[  240.910679] AAAAA-TCP_FORW: name:enp0s3: saddr:16783984: daddr:100932208
[  240.985407] AAAAA-TCP_FORW: name:enp0s8: saddr:100932208: daddr:16783984
[  240.986939] AAAAA-TCP_FORW: name:enp0s3: saddr:16783984: daddr:100932208
[  241.094402] AAAAA-TCP_FORW: name:enp0s8: saddr:100932208: daddr:16783984
[  241.095797] AAAAA-TCP_FORW: name:enp0s3: saddr:16783984: daddr:100932208
[  241.305909] AAAAA-TCP_FORW: name:enp0s8: saddr:100932208: daddr:16783984
[  241.307157] AAAAA-TCP_FORW: name:enp0s3: saddr:16783984: daddr:100932208
[  241.464589] AAAAA-TCP_FORW: name:enp0s8: saddr:100932208: daddr:16783984
[  241.465771] AAAAA-TCP_FORW: name:enp0s3: saddr:16783984: daddr:100932208
[  241.515540] AAAAA-TCP_FORW: name:enp0s8: saddr:100932208: daddr:16783984
[  241.516683] AAAAA-TCP_FORW: name:enp0s3: saddr:16783984: daddr:100932208
[  241.625753] AAAAA-TCP_FORW: name:enp0s8: saddr:100932208: daddr:16783984
[  241.627137] AAAAA-TCP_FORW: name:enp0s3: saddr:16783984: daddr:100932208
[  241.701938] AAAAA-TCP_FORW: name:enp0s8: saddr:100932208: daddr:16783984
[  241.703146] AAAAA-TCP_FORW: name:enp0s3: saddr:16783984: daddr:100932208
[  241.759200] AAAAA-TCP_FORW: name:enp0s8: saddr:100932208: daddr:16783984
[  241.760343] AAAAA-TCP_FORW: name:enp0s3: saddr:16783984: daddr:100932208
[  242.118872] AAAAA-TCP_FORW: name:enp0s8: saddr:100932208: daddr:16783984
[  242.120063] AAAAA-TCP_FORW: name:enp0s3: saddr:16783984: daddr:100932208
[  242.172309] AAAAA-TCP_FORW: name:enp0s8: saddr:100932208: daddr:16783984
[  242.173404] AAAAA-TCP_FORW: name:enp0s3: saddr:16783984: daddr:100932208
[  242.338024] AAAAA-TCP_FORW: name:enp0s8: saddr:100932208: daddr:16783984
[  242.339358] AAAAA-TCP_FORW: name:enp0s3: saddr:16783984: daddr:100932208
[  242.414576] AAAAA-TCP_FORW: name:enp0s8: saddr:100932208: daddr:16783984
[  242.415758] AAAAA-TCP_FORW: name:enp0s3: saddr:16783984: daddr:100932208
[  242.450655] AAAAA-TCP_FORW: name:enp0s8: saddr:100932208: daddr:16783984
[  242.452088] AAAAA-TCP_FORW: name:enp0s3: saddr:16783984: daddr:100932208
[  242.485736] AAAAA-TCP_FORW: name:enp0s8: saddr:100932208: daddr:16783984
[  242.487073] AAAAA-TCP_FORW: name:enp0s3: saddr:16783984: daddr:100932208
[  242.580813] AAAAA-TCP_FORW: name:enp0s8: saddr:100932208: daddr:16783984
[  242.582003] AAAAA-TCP_FORW: name:enp0s3: saddr:16783984: daddr:100932208
[  242.638212] AAAAA-TCP_FORW: name:enp0s8: saddr:100932208: daddr:16783984
[  242.639358] AAAAA-TCP_FORW: name:enp0s3: saddr:16783984: daddr:100932208
[  242.767691] AAAAA-TCP_FORW: name:enp0s8: saddr:100932208: daddr:16783984
[  242.768827] AAAAA-TCP_FORW: name:enp0s3: saddr:16783984: daddr:100932208
[  243.008982] AAAAA-TCP_FORW: name:enp0s8: saddr:100932208: daddr:16783984
[  243.010156] AAAAA-TCP_FORW: name:enp0s3: saddr:16783984: daddr:100932208
[  243.055270] AAAAA-TCP_FORW: name:enp0s8: saddr:100932208: daddr:16783984
[  243.056368] AAAAA-TCP_FORW: name:enp0s3: saddr:16783984: daddr:100932208
[  243.126979] AAAAA-TCP_FORW: name:enp0s8: saddr:100932208: daddr:16783984
[  243.128191] AAAAA-TCP_FORW: name:enp0s3: saddr:16783984: daddr:100932208
[  243.259017] AAAAA-TCP_FORW: name:enp0s8: saddr:100932208: daddr:16783984
[  243.260594] AAAAA-TCP_FORW: name:enp0s3: saddr:16783984: daddr:100932208
[  243.450603] AAAAA-TCP_FORW: name:enp0s8: saddr:100932208: daddr:16783984
[  243.451798] AAAAA-TCP_FORW: name:enp0s3: saddr:16783984: daddr:100932208
[  243.486450] AAAAA-TCP_FORW: name:enp0s8: saddr:100932208: daddr:16783984
[  243.487598] AAAAA-TCP_FORW: name:enp0s3: saddr:16783984: daddr:100932208
[  243.540736] AAAAA-TCP_FORW: name:enp0s8: saddr:100932208: daddr:16783984
[  243.541781] AAAAA-TCP_FORW: name:enp0s3: saddr:16783984: daddr:100932208
[  243.582166] AAAAA-TCP_FORW: name:enp0s8: saddr:100932208: daddr:16783984
[  243.583309] AAAAA-TCP_FORW: name:enp0s3: saddr:16783984: daddr:100932208
[  243.716043] AAAAA-TCP_FORW: name:enp0s8: saddr:100932208: daddr:16783984
[  243.717338] AAAAA-TCP_FORW: name:enp0s3: saddr:16783984: daddr:100932208
[  243.829911] AAAAA-TCP_FORW: name:enp0s8: saddr:100932208: daddr:16783984
[  243.831149] AAAAA-TCP_FORW: name:enp0s3: saddr:16783984: daddr:100932208
[  243.913560] AAAAA-TCP_FORW: name:enp0s8: saddr:100932208: daddr:16783984
[  243.914778] AAAAA-TCP_FORW: name:enp0s3: saddr:16783984: daddr:100932208
[  244.020387] AAAAA-TCP_FORW: name:enp0s8: saddr:100932208: daddr:16783984
[  244.021959] AAAAA-TCP_FORW: name:enp0s3: saddr:16783984: daddr:100932208
[  244.176590] AAAAA-TCP_FORW: name:enp0s8: saddr:100932208: daddr:16783984
[  244.177684] AAAAA-TCP_FORW: name:enp0s3: saddr:16783984: daddr:100932208
[  244.247153] AAAAA-TCP_FORW: name:enp0s8: saddr:100932208: daddr:16783984
[  244.248326] AAAAA-TCP_FORW: name:enp0s3: saddr:16783984: daddr:100932208
[  244.396864] AAAAA-TCP_FORW: name:enp0s8: saddr:100932208: daddr:16783984
[  244.397949] AAAAA-TCP_FORW: name:enp0s3: saddr:16783984: daddr:100932208
[  244.467356] AAAAA-TCP_FORW: name:enp0s8: saddr:100932208: daddr:16783984
[  244.468421] AAAAA-TCP_FORW: name:enp0s3: saddr:16783984: daddr:100932208
[  244.559418] AAAAA-TCP_FORW: name:enp0s8: saddr:100932208: daddr:16783984
[  244.560874] AAAAA-TCP_FORW: name:enp0s3: saddr:16783984: daddr:100932208
[  244.592610] AAAAA-TCP_FORW: name:enp0s8: saddr:100932208: daddr:16783984
[  244.593728] AAAAA-TCP_FORW: name:enp0s3: saddr:16783984: daddr:100932208
[  244.706275] AAAAA-TCP_FORW: name:enp0s8: saddr:100932208: daddr:16783984
[  244.707471] AAAAA-TCP_FORW: name:enp0s3: saddr:16783984: daddr:100932208
[  244.758743] AAAAA-TCP_FORW: name:enp0s8: saddr:100932208: daddr:16783984
[  244.759885] AAAAA-TCP_FORW: name:enp0s3: saddr:16783984: daddr:100932208
[  244.816560] AAAAA-TCP_FORW: name:enp0s8: saddr:100932208: daddr:16783984
[  244.818058] AAAAA-TCP_FORW: name:enp0s3: saddr:16783984: daddr:100932208
[  244.890967] AAAAA-TCP_FORW: name:enp0s8: saddr:100932208: daddr:16783984
[  244.892453] AAAAA-TCP_FORW: name:enp0s3: saddr:16783984: daddr:100932208
[  245.011004] AAAAA-TCP_FORW: name:enp0s8: saddr:100932208: daddr:16783984
[  245.012520] AAAAA-TCP_FORW: name:enp0s3: saddr:16783984: daddr:100932208
[  245.117138] AAAAA-TCP_FORW: name:enp0s8: saddr:100932208: daddr:16783984
[  245.118191] AAAAA-TCP_FORW: name:enp0s3: saddr:16783984: daddr:100932208
[  245.203029] AAAAA-TCP_FORW: name:enp0s8: saddr:100932208: daddr:16783984
[  245.204148] AAAAA-TCP_FORW: name:enp0s3: saddr:16783984: daddr:100932208
[  245.393888] AAAAA-TCP_FORW: name:enp0s8: saddr:100932208: daddr:16783984
[  245.395319] AAAAA-TCP_FORW: name:enp0s3: saddr:16783984: daddr:100932208
[  245.512519] AAAAA-TCP_FORW: name:enp0s8: saddr:100932208: daddr:16783984
[  245.514066] AAAAA-TCP_FORW: name:enp0s3: saddr:16783984: daddr:100932208
[  245.594809] AAAAA-TCP_FORW: name:enp0s8: saddr:100932208: daddr:16783984
[  245.596372] AAAAA-TCP_FORW: name:enp0s3: saddr:16783984: daddr:100932208
[  245.705733] AAAAA-TCP_FORW: name:enp0s8: saddr:100932208: daddr:16783984
[  245.706841] AAAAA-TCP_FORW: name:enp0s3: saddr:16783984: daddr:100932208
[  245.793885] AAAAA-TCP_FORW: name:enp0s8: saddr:100932208: daddr:16783984
[  245.795397] AAAAA-TCP_FORW: name:enp0s3: saddr:16783984: daddr:100932208
[  245.879105] AAAAA-TCP_FORW: name:enp0s8: saddr:100932208: daddr:16783984
[  245.880759] AAAAA-TCP_FORW: name:enp0s3: saddr:16783984: daddr:100932208
[  245.952744] AAAAA-TCP_FORW: name:enp0s8: saddr:100932208: daddr:16783984
[  245.953996] AAAAA-TCP_FORW: name:enp0s3: saddr:16783984: daddr:100932208
[  246.056702] AAAAA-TCP_FORW: name:enp0s8: saddr:100932208: daddr:16783984
[  246.057805] AAAAA-TCP_FORW: name:enp0s3: saddr:16783984: daddr:100932208
[  246.102602] AAAAA-TCP_FORW: name:enp0s8: saddr:100932208: daddr:16783984
[  246.103733] AAAAA-TCP_FORW: name:enp0s3: saddr:16783984: daddr:100932208
[  246.192364] AAAAA-TCP_FORW: name:enp0s8: saddr:100932208: daddr:16783984
[  246.193480] AAAAA-TCP_FORW: name:enp0s3: saddr:16783984: daddr:100932208
[  246.268633] AAAAA-TCP_FORW: name:enp0s8: saddr:100932208: daddr:16783984
[  246.269849] AAAAA-TCP_FORW: name:enp0s3: saddr:16783984: daddr:100932208
[  246.307525] AAAAA-TCP_FORW: name:enp0s8: saddr:100932208: daddr:16783984
[  246.308805] AAAAA-TCP_FORW: name:enp0s3: saddr:16783984: daddr:100932208
[  246.414896] AAAAA-TCP_FORW: name:enp0s8: saddr:100932208: daddr:16783984
[  246.416034] AAAAA-TCP_FORW: name:enp0s3: saddr:16783984: daddr:100932208
[  246.484519] AAAAA-TCP_FORW: name:enp0s8: saddr:100932208: daddr:16783984
[  246.485908] AAAAA-TCP_FORW: name:enp0s3: saddr:16783984: daddr:100932208
[  246.523247] AAAAA-TCP_FORW: name:enp0s8: saddr:100932208: daddr:16783984
[  246.524393] AAAAA-TCP_FORW: name:enp0s3: saddr:16783984: daddr:100932208
[  246.595648] AAAAA-TCP_FORW: name:enp0s8: saddr:100932208: daddr:16783984
[  246.596704] AAAAA-TCP_FORW: name:enp0s3: saddr:16783984: daddr:100932208
[  246.675483] AAAAA-TCP_FORW: name:enp0s8: saddr:100932208: daddr:16783984
[  246.676711] AAAAA-TCP_FORW: name:enp0s3: saddr:16783984: daddr:100932208
[  267.463309] AAAAA-TCP_FORW: name:enp0s8: saddr:100932208: daddr:16783984
[  267.464657] AAAAA-TCP_FORW: name:enp0s3: saddr:16783984: daddr:100932208
[  267.676561] AAAAA-TCP_FORW: name:enp0s8: saddr:100932208: daddr:16783984
[  267.677615] AAAAA-TCP_FORW: name:enp0s3: saddr:16783984: daddr:100932208
[  267.735232] AAAAA-TCP_FORW: name:enp0s8: saddr:100932208: daddr:16783984
[  267.736355] AAAAA-TCP_FORW: name:enp0s3: saddr:16783984: daddr:100932208
[  267.860741] AAAAA-TCP_FORW: name:enp0s8: saddr:100932208: daddr:16783984
[  267.861913] AAAAA-TCP_FORW: name:enp0s3: saddr:16783984: daddr:100932208
[  267.940756] AAAAA-TCP_FORW: name:enp0s8: saddr:100932208: daddr:16783984
[  267.941830] AAAAA-TCP_FORW: name:enp0s3: saddr:16783984: daddr:100932208
[  268.101762] AAAAA-TCP_FORW: name:enp0s8: saddr:100932208: daddr:16783984
[  268.103184] AAAAA-TCP_FORW: name:enp0s3: saddr:16783984: daddr:100932208
[  268.186393] AAAAA-TCP_FORW: name:enp0s8: saddr:100932208: daddr:16783984
[  268.187653] AAAAA-TCP_FORW: name:enp0s3: saddr:16783984: daddr:100932208
[  268.285618] AAAAA-TCP_FORW: name:enp0s8: saddr:100932208: daddr:16783984
[  268.286767] AAAAA-TCP_FORW: name:enp0s3: saddr:16783984: daddr:100932208
[  268.794832] AAAAA-TCP_FORW: name:enp0s8: saddr:100932208: daddr:16783984
[  268.795812] AAAAA-TCP_FORW: name:enp0s3: saddr:16783984: daddr:100932208
[  268.890677] AAAAA-TCP_FORW: name:enp0s8: saddr:100932208: daddr:16783984
[  268.891706] AAAAA-TCP_FORW: name:enp0s3: saddr:16783984: daddr:100932208
[  268.956783] AAAAA-TCP_FORW: name:enp0s8: saddr:100932208: daddr:16783984
[  268.958273] AAAAA-TCP_FORW: name:enp0s3: saddr:16783984: daddr:100932208
[  269.018818] AAAAA-TCP_FORW: name:enp0s8: saddr:100932208: daddr:16783984
[  269.019946] AAAAA-TCP_FORW: name:enp0s3: saddr:16783984: daddr:100932208
[  269.201287] AAAAA-TCP_FORW: name:enp0s8: saddr:100932208: daddr:16783984
[  269.202331] AAAAA-TCP_FORW: name:enp0s3: saddr:16783984: daddr:100932208
[  269.245681] AAAAA-TCP_FORW: name:enp0s8: saddr:100932208: daddr:16783984
[  269.246729] AAAAA-TCP_FORW: name:enp0s3: saddr:16783984: daddr:100932208
[  269.366455] AAAAA-TCP_FORW: name:enp0s8: saddr:100932208: daddr:16783984
[  269.367834] AAAAA-TCP_FORW: name:enp0s3: saddr:16783984: daddr:100932208
[  269.558283] AAAAA-TCP_FORW: name:enp0s8: saddr:100932208: daddr:16783984
[  269.559622] AAAAA-TCP_FORW: name:enp0s3: saddr:16783984: daddr:100932208
[  269.642558] AAAAA-TCP_FORW: name:enp0s8: saddr:100932208: daddr:16783984
[  269.643626] AAAAA-TCP_FORW: name:enp0s3: saddr:16783984: daddr:100932208
[  269.684738] AAAAA-TCP_FORW: name:enp0s8: saddr:100932208: daddr:16783984
[  269.685904] AAAAA-TCP_FORW: name:enp0s3: saddr:16783984: daddr:100932208
[  269.731701] AAAAA-TCP_FORW: name:enp0s8: saddr:100932208: daddr:16783984
[  269.733040] AAAAA-TCP_FORW: name:enp0s3: saddr:16783984: daddr:100932208
[  269.945973] AAAAA-TCP_FORW: name:enp0s8: saddr:100932208: daddr:16783984
[  269.947195] AAAAA-TCP_FORW: name:enp0s3: saddr:16783984: daddr:100932208
[  270.173885] AAAAA-TCP_FORW: name:enp0s8: saddr:100932208: daddr:16783984
[  270.174985] AAAAA-TCP_FORW: name:enp0s3: saddr:16783984: daddr:100932208
[  270.418303] AAAAA-TCP_FORW: name:enp0s8: saddr:100932208: daddr:16783984
[  270.419539] AAAAA-TCP_FORW: name:enp0s3: saddr:16783984: daddr:100932208
[  270.580486] AAAAA-TCP_FORW: name:enp0s8: saddr:100932208: daddr:16783984
[  270.581504] AAAAA-TCP_FORW: name:enp0s3: saddr:16783984: daddr:100932208
[  270.668260] AAAAA-TCP_FORW: name:enp0s8: saddr:100932208: daddr:16783984
[  270.669340] AAAAA-TCP_FORW: name:enp0s3: saddr:16783984: daddr:100932208
[  270.725884] AAAAA-TCP_FORW: name:enp0s8: saddr:100932208: daddr:16783984
[  270.727010] AAAAA-TCP_FORW: name:enp0s3: saddr:16783984: daddr:100932208
[  270.741185] AAAAA-TCP_FORW: name:enp0s8: saddr:100932208: daddr:16783984
[  270.742224] AAAAA-TCP_FORW: name:enp0s3: saddr:16783984: daddr:100932208
[  270.818961] AAAAA-TCP_FORW: name:enp0s8: saddr:100932208: daddr:16783984
[  270.820607] AAAAA-TCP_FORW: name:enp0s3: saddr:16783984: daddr:100932208
[  270.862384] AAAAA-TCP_FORW: name:enp0s8: saddr:100932208: daddr:16783984
[  270.863575] AAAAA-TCP_FORW: name:enp0s3: saddr:16783984: daddr:100932208
[  270.919321] AAAAA-TCP_FORW: name:enp0s8: saddr:100932208: daddr:16783984
[  270.920438] AAAAA-TCP_FORW: name:enp0s3: saddr:16783984: daddr:100932208
[  270.982011] AAAAA-TCP_FORW: name:enp0s8: saddr:100932208: daddr:16783984
[  270.983194] AAAAA-TCP_FORW: name:enp0s3: saddr:16783984: daddr:100932208
[  271.024561] AAAAA-TCP_FORW: name:enp0s8: saddr:100932208: daddr:16783984
[  271.025669] AAAAA-TCP_FORW: name:enp0s3: saddr:16783984: daddr:100932208
[  271.042125] AAAAA-TCP_FORW: name:enp0s8: saddr:100932208: daddr:16783984
[  271.043233] AAAAA-TCP_FORW: name:enp0s3: saddr:16783984: daddr:100932208
[  271.183289] AAAAA-TCP_FORW: name:enp0s8: saddr:100932208: daddr:16783984
[  271.184542] AAAAA-TCP_FORW: name:enp0s3: saddr:16783984: daddr:100932208
[  271.218414] AAAAA-TCP_FORW: name:enp0s8: saddr:100932208: daddr:16783984
[  271.219456] AAAAA-TCP_FORW: name:enp0s3: saddr:16783984: daddr:100932208
[  271.249222] AAAAA-TCP_FORW: name:enp0s8: saddr:100932208: daddr:16783984
[  271.250307] AAAAA-TCP_FORW: name:enp0s3: saddr:16783984: daddr:100932208
[  271.405272] AAAAA-TCP_FORW: name:enp0s8: saddr:100932208: daddr:16783984
[  271.406417] AAAAA-TCP_FORW: name:enp0s3: saddr:16783984: daddr:100932208
[  271.475394] AAAAA-TCP_FORW: name:enp0s8: saddr:100932208: daddr:16783984
[  271.476521] AAAAA-TCP_FORW: name:enp0s3: saddr:16783984: daddr:100932208
[  271.546573] AAAAA-TCP_FORW: name:enp0s8: saddr:100932208: daddr:16783984
[  271.547699] AAAAA-TCP_FORW: name:enp0s3: saddr:16783984: daddr:100932208
[  271.575334] AAAAA-TCP_FORW: name:enp0s8: saddr:100932208: daddr:16783984
[  271.576466] AAAAA-TCP_FORW: name:enp0s3: saddr:16783984: daddr:100932208
[  271.670890] AAAAA-TCP_FORW: name:enp0s8: saddr:100932208: daddr:16783984
[  271.672002] AAAAA-TCP_FORW: name:enp0s3: saddr:16783984: daddr:100932208
[  271.741346] AAAAA-TCP_FORW: name:enp0s8: saddr:100932208: daddr:16783984
[  271.742570] AAAAA-TCP_FORW: name:enp0s3: saddr:16783984: daddr:100932208
[  271.838228] AAAAA-TCP_FORW: name:enp0s8: saddr:100932208: daddr:16783984
[  271.839463] AAAAA-TCP_FORW: name:enp0s3: saddr:16783984: daddr:100932208
[  271.917724] AAAAA-TCP_FORW: name:enp0s8: saddr:100932208: daddr:16783984
[  271.918939] AAAAA-TCP_FORW: name:enp0s3: saddr:16783984: daddr:100932208
[  271.989313] AAAAA-TCP_FORW: name:enp0s8: saddr:100932208: daddr:16783984
[  271.992441] AAAAA-TCP_FORW: name:enp0s3: saddr:16783984: daddr:100932208
[  272.029718] AAAAA-TCP_FORW: name:enp0s8: saddr:100932208: daddr:16783984
[  272.030926] AAAAA-TCP_FORW: name:enp0s3: saddr:16783984: daddr:100932208
[  272.048485] AAAAA-TCP_FORW: name:enp0s8: saddr:100932208: daddr:16783984
[  272.049690] AAAAA-TCP_FORW: name:enp0s3: saddr:16783984: daddr:100932208
[  272.111596] AAAAA-TCP_FORW: name:enp0s8: saddr:100932208: daddr:16783984
[  272.112814] AAAAA-TCP_FORW: name:enp0s3: saddr:16783984: daddr:100932208
[  272.158008] AAAAA-TCP_FORW: name:enp0s8: saddr:100932208: daddr:16783984
[  272.159244] AAAAA-TCP_FORW: name:enp0s3: saddr:16783984: daddr:100932208
[  272.202723] AAAAA-TCP_FORW: name:enp0s8: saddr:100932208: daddr:16783984
[  272.203872] AAAAA-TCP_FORW: name:enp0s3: saddr:16783984: daddr:100932208
[  272.235388] AAAAA-TCP_FORW: name:enp0s8: saddr:100932208: daddr:16783984
[  272.236963] AAAAA-TCP_FORW: name:enp0s3: saddr:16783984: daddr:100932208
[  272.294722] AAAAA-TCP_FORW: name:enp0s8: saddr:100932208: daddr:16783984
[  272.296748] AAAAA-TCP_FORW: name:enp0s3: saddr:16783984: daddr:100932208
[  272.366082] AAAAA-TCP_FORW: name:enp0s8: saddr:100932208: daddr:16783984
[  272.367177] AAAAA-TCP_FORW: name:enp0s3: saddr:16783984: daddr:100932208
[  272.383404] AAAAA-TCP_FORW: name:enp0s8: saddr:100932208: daddr:16783984
[  272.384533] AAAAA-TCP_FORW: name:enp0s3: saddr:16783984: daddr:100932208
[  272.440582] AAAAA-TCP_FORW: name:enp0s8: saddr:100932208: daddr:16783984
[  272.441666] AAAAA-TCP_FORW: name:enp0s3: saddr:16783984: daddr:100932208
[  272.541682] AAAAA-TCP_FORW: name:enp0s8: saddr:100932208: daddr:16783984
[  272.582892] AAAAA-TCP_FORW: name:enp0s3: saddr:16783984: daddr:100932208
[  272.647610] AAAAA-TCP_FORW: name:enp0s8: saddr:100932208: daddr:16783984
[  272.648542] AAAAA-TCP_FORW: name:enp0s3: saddr:16783984: daddr:100932208
[  272.886756] AAAAA-TCP_FORW: name:enp0s8: saddr:100932208: daddr:16783984
[  272.970907] AAAAA-TCP_FORW: name:enp0s3: saddr:16783984: daddr:100932208
[  273.006588] AAAAA-TCP_FORW: name:enp0s8: saddr:100932208: daddr:16783984
[  273.111074] AAAAA-TCP_FORW: name:enp0s8: saddr:100932208: daddr:16783984
[  273.112577] AAAAA-TCP_FORW: name:enp0s3: saddr:16783984: daddr:100932208
[  273.362005] AAAAA-TCP_FORW: name:enp0s8: saddr:100932208: daddr:16783984
[  273.481092] AAAAA-TCP_FORW: name:enp0s8: saddr:100932208: daddr:16783984
[  273.482638] AAAAA-TCP_FORW: name:enp0s3: saddr:16783984: daddr:100932208
[  273.674109] AAAAA-TCP_FORW: name:enp0s8: saddr:100932208: daddr:16783984
[  273.675490] AAAAA-TCP_FORW: name:enp0s3: saddr:16783984: daddr:100932208
[  273.804871] AAAAA-TCP_FORW: name:enp0s8: saddr:100932208: daddr:16783984
[  273.806343] AAAAA-TCP_FORW: name:enp0s3: saddr:16783984: daddr:100932208
[  274.009066] AAAAA-TCP_FORW: name:enp0s8: saddr:100932208: daddr:16783984
[  274.010532] AAAAA-TCP_FORW: name:enp0s3: saddr:16783984: daddr:100932208
[  274.361531] AAAAA-TCP_FORW: name:enp0s8: saddr:100932208: daddr:16783984
[  274.363175] AAAAA-TCP_FORW: name:enp0s3: saddr:16783984: daddr:100932208
[  274.466254] AAAAA-TCP_FORW: name:enp0s8: saddr:100932208: daddr:16783984
[  274.467551] AAAAA-TCP_FORW: name:enp0s3: saddr:16783984: daddr:100932208
[  274.618164] AAAAA-TCP_FORW: name:enp0s8: saddr:100932208: daddr:16783984
[  274.620276] AAAAA-TCP_FORW: name:enp0s3: saddr:16783984: daddr:100932208
[  274.791223] AAAAA-TCP_FORW: name:enp0s8: saddr:100932208: daddr:16783984
[  274.792352] AAAAA-TCP_FORW: name:enp0s3: saddr:16783984: daddr:100932208
[  274.892030] AAAAA-TCP_FORW: name:enp0s8: saddr:100932208: daddr:16783984
[  274.893138] AAAAA-TCP_FORW: name:enp0s3: saddr:16783984: daddr:100932208
[  274.990322] AAAAA-TCP_FORW: name:enp0s8: saddr:100932208: daddr:16783984
[  274.991387] AAAAA-TCP_FORW: name:enp0s3: saddr:16783984: daddr:100932208
[  275.108809] AAAAA-TCP_FORW: name:enp0s8: saddr:100932208: daddr:16783984
[  275.109952] AAAAA-TCP_FORW: name:enp0s3: saddr:16783984: daddr:100932208
[  275.588561] AAAAA-TCP_FORW: name:enp0s8: saddr:100932208: daddr:16783984
[  275.589665] AAAAA-TCP_FORW: name:enp0s3: saddr:16783984: daddr:100932208
[  276.000500] AAAAA-TCP_FORW: name:enp0s8: saddr:100932208: daddr:16783984
[  276.001675] AAAAA-TCP_FORW: name:enp0s3: saddr:16783984: daddr:100932208
[  276.215243] AAAAA-TCP_FORW: name:enp0s8: saddr:100932208: daddr:16783984
[  276.216343] AAAAA-TCP_FORW: name:enp0s3: saddr:16783984: daddr:100932208
[  276.341796] AAAAA-TCP_FORW: name:enp0s8: saddr:100932208: daddr:16783984
[  276.342916] AAAAA-TCP_FORW: name:enp0s3: saddr:16783984: daddr:100932208
[  276.508022] AAAAA-TCP_FORW: name:enp0s8: saddr:100932208: daddr:16783984
[  276.509212] AAAAA-TCP_FORW: name:enp0s3: saddr:16783984: daddr:100932208
[  276.700595] AAAAA-TCP_FORW: name:enp0s8: saddr:100932208: daddr:16783984
[  276.701749] AAAAA-TCP_FORW: name:enp0s3: saddr:16783984: daddr:100932208
[  276.739543] AAAAA-TCP_FORW: name:enp0s8: saddr:100932208: daddr:16783984
[  276.740596] AAAAA-TCP_FORW: name:enp0s3: saddr:16783984: daddr:100932208
[  276.879296] AAAAA-TCP_FORW: name:enp0s8: saddr:100932208: daddr:16783984
[  276.880318] AAAAA-TCP_FORW: name:enp0s3: saddr:16783984: daddr:100932208
[  276.956046] AAAAA-TCP_FORW: name:enp0s8: saddr:100932208: daddr:16783984
[  276.957463] AAAAA-TCP_FORW: name:enp0s3: saddr:16783984: daddr:100932208
[  277.181261] AAAAA-TCP_FORW: name:enp0s8: saddr:100932208: daddr:16783984
[  277.182368] AAAAA-TCP_FORW: name:enp0s3: saddr:16783984: daddr:100932208
[  277.255304] AAAAA-TCP_FORW: name:enp0s8: saddr:100932208: daddr:16783984
[  277.256483] AAAAA-TCP_FORW: name:enp0s3: saddr:16783984: daddr:100932208
[  277.471660] AAAAA-TCP_FORW: name:enp0s8: saddr:100932208: daddr:16783984
[  277.472848] AAAAA-TCP_FORW: name:enp0s3: saddr:16783984: daddr:100932208
[  277.560115] AAAAA-TCP_FORW: name:enp0s8: saddr:100932208: daddr:16783984
[  277.561190] AAAAA-TCP_FORW: name:enp0s3: saddr:16783984: daddr:100932208
[  277.781525] AAAAA-TCP_FORW: name:enp0s8: saddr:100932208: daddr:16783984
[  277.782571] AAAAA-TCP_FORW: name:enp0s3: saddr:16783984: daddr:100932208
[  278.100109] AAAAA-TCP_FORW: name:enp0s8: saddr:100932208: daddr:16783984
[  278.101256] AAAAA-TCP_FORW: name:enp0s3: saddr:16783984: daddr:100932208
[  278.206157] AAAAA-TCP_FORW: name:enp0s8: saddr:100932208: daddr:16783984
[  278.207327] AAAAA-TCP_FORW: name:enp0s3: saddr:16783984: daddr:100932208
[  278.306900] AAAAA-TCP_FORW: name:enp0s8: saddr:100932208: daddr:16783984
[  278.308100] AAAAA-TCP_FORW: name:enp0s3: saddr:16783984: daddr:100932208
[  278.627975] AAAAA-TCP_FORW: name:enp0s8: saddr:100932208: daddr:16783984
[  278.629177] AAAAA-TCP_FORW: name:enp0s3: saddr:16783984: daddr:100932208
[  278.712609] AAAAA-TCP_FORW: name:enp0s8: saddr:100932208: daddr:16783984
[  278.713768] AAAAA-TCP_FORW: name:enp0s3: saddr:16783984: daddr:100932208
[  278.783327] AAAAA-TCP_FORW: name:enp0s8: saddr:100932208: daddr:16783984
[  278.826868] AAAAA-TCP_FORW: name:enp0s3: saddr:16783984: daddr:100932208
[  278.851830] AAAAA-TCP_FORW: name:enp0s8: saddr:100932208: daddr:16783984
[  278.963120] AAAAA-TCP_FORW: name:enp0s3: saddr:16783984: daddr:100932208
[  279.107427] AAAAA-TCP_FORW: name:enp0s8: saddr:100932208: daddr:16783984
[  279.262952] AAAAA-TCP_FORW: name:enp0s3: saddr:16783984: daddr:100932208
[  279.351479] AAAAA-TCP_FORW: name:enp0s8: saddr:100932208: daddr:16783984
[  279.506962] AAAAA-TCP_FORW: name:enp0s3: saddr:16783984: daddr:100932208
[  279.623878] AAAAA-TCP_FORW: name:enp0s8: saddr:100932208: daddr:16783984
[  279.669740] AAAAA-TCP_FORW: name:enp0s8: saddr:100932208: daddr:16783984
[  279.670995] AAAAA-TCP_FORW: name:enp0s3: saddr:16783984: daddr:100932208
[  280.154794] AAAAA-TCP_FORW: name:enp0s8: saddr:100932208: daddr:16783984
[  280.155937] AAAAA-TCP_FORW: name:enp0s3: saddr:16783984: daddr:100932208
[  280.288459] AAAAA-TCP_FORW: name:enp0s8: saddr:100932208: daddr:16783984
[  280.289581] AAAAA-TCP_FORW: name:enp0s3: saddr:16783984: daddr:100932208
[  280.342072] AAAAA-TCP_FORW: name:enp0s8: saddr:100932208: daddr:16783984
[  280.343248] AAAAA-TCP_FORW: name:enp0s3: saddr:16783984: daddr:100932208
[  280.472268] AAAAA-TCP_FORW: name:enp0s8: saddr:100932208: daddr:16783984
[  280.473480] AAAAA-TCP_FORW: name:enp0s3: saddr:16783984: daddr:100932208
[  280.641000] AAAAA-TCP_FORW: name:enp0s8: saddr:100932208: daddr:16783984
[  280.642579] AAAAA-TCP_FORW: name:enp0s3: saddr:16783984: daddr:100932208
[  280.737662] AAAAA-TCP_FORW: name:enp0s8: saddr:100932208: daddr:16783984
[  280.738852] AAAAA-TCP_FORW: name:enp0s3: saddr:16783984: daddr:100932208
[  280.948367] AAAAA-TCP_FORW: name:enp0s8: saddr:100932208: daddr:16783984
[  280.949441] AAAAA-TCP_FORW: name:enp0s3: saddr:16783984: daddr:100932208
[  281.054284] AAAAA-TCP_FORW: name:enp0s8: saddr:100932208: daddr:16783984
[  281.055377] AAAAA-TCP_FORW: name:enp0s3: saddr:16783984: daddr:100932208
[  281.239931] AAAAA-TCP_FORW: name:enp0s8: saddr:100932208: daddr:16783984
[  281.240910] AAAAA-TCP_FORW: name:enp0s3: saddr:16783984: daddr:100932208
[  281.338030] AAAAA-TCP_FORW: name:enp0s8: saddr:100932208: daddr:16783984
[  281.339293] AAAAA-TCP_FORW: name:enp0s3: saddr:16783984: daddr:100932208
[  281.400503] AAAAA-TCP_FORW: name:enp0s8: saddr:100932208: daddr:16783984
[  281.401714] AAAAA-TCP_FORW: name:enp0s3: saddr:16783984: daddr:100932208
[  281.605624] AAAAA-TCP_FORW: name:enp0s8: saddr:100932208: daddr:16783984
[  281.606761] AAAAA-TCP_FORW: name:enp0s3: saddr:16783984: daddr:100932208
[  281.957267] AAAAA-TCP_FORW: name:enp0s8: saddr:100932208: daddr:16783984
[  281.958937] AAAAA-TCP_FORW: name:enp0s3: saddr:16783984: daddr:100932208
[  282.066057] AAAAA-TCP_FORW: name:enp0s8: saddr:100932208: daddr:16783984
[  282.067171] AAAAA-TCP_FORW: name:enp0s3: saddr:16783984: daddr:100932208
[  282.238789] AAAAA-TCP_FORW: name:enp0s8: saddr:100932208: daddr:16783984
[  282.240007] AAAAA-TCP_FORW: name:enp0s3: saddr:16783984: daddr:100932208
[  282.295024] AAAAA-TCP_FORW: name:enp0s8: saddr:100932208: daddr:16783984
[  282.295976] AAAAA-TCP_FORW: name:enp0s3: saddr:16783984: daddr:100932208
[  282.430189] AAAAA-TCP_FORW: name:enp0s8: saddr:100932208: daddr:16783984
[  282.466127] AAAAA-TCP_FORW: name:enp0s8: saddr:100932208: daddr:16783984
[  283.348318] AAAAA-TCP_FORW: name:enp0s8: saddr:100932208: daddr:16783984
[  283.523937] AAAAA-TCP_FORW: name:enp0s8: saddr:100932208: daddr:16783984
[  283.719183] AAAAA-TCP_FORW: name:enp0s8: saddr:100932208: daddr:16783984
[  284.181957] AAAAA-TCP_FORW: name:enp0s8: saddr:100932208: daddr:16783984
[  284.632080] AAAAA-TCP_FORW: name:enp0s8: saddr:100932208: daddr:16783984
[  284.757927] AAAAA-TCP_FORW: name:enp0s8: saddr:100932208: daddr:16783984
[  284.840298] AAAAA-TCP_FORW: name:enp0s8: saddr:100932208: daddr:16783984
[  284.841588] AAAAA-TCP_FORW: name:enp0s3: saddr:16783984: daddr:100932208
[  284.997963] AAAAA-TCP_FORW: name:enp0s8: saddr:100932208: daddr:16783984
[  301.649490] AAAAA-TCP_FORW: name:enp0s8: saddr:100932208: daddr:16783984
[  301.650482] AAAAA-TCP_FORW: name:enp0s3: saddr:16783984: daddr:100932208
[  302.209265] AAAAA-TCP_FORW: name:enp0s8: saddr:100932208: daddr:16783984
[  302.210180] AAAAA-TCP_FORW: name:enp0s3: saddr:16783984: daddr:100932208
[  303.577491] AAAAA-TCP_FORW: name:enp0s8: saddr:100932208: daddr:16783984
[  303.578455] AAAAA-TCP_FORW: name:enp0s3: saddr:16783984: daddr:100932208
[  304.573640] AAAAA-TCP_FORW: name:enp0s8: saddr:100932208: daddr:16783984
[  304.574640] AAAAA-TCP_FORW: name:enp0s3: saddr:16783984: daddr:100932208
[  304.844576] AAAAA-TCP_FORW: name:enp0s8: saddr:100932208: daddr:16783984
[  304.845651] AAAAA-TCP_FORW: name:enp0s3: saddr:16783984: daddr:100932208
[  305.107149] AAAAA-TCP_FORW: name:enp0s8: saddr:100932208: daddr:16783984
[  305.108185] AAAAA-TCP_FORW: name:enp0s3: saddr:16783984: daddr:100932208
[  305.653071] AAAAA-TCP_FORW: name:enp0s8: saddr:100932208: daddr:16783984
[  305.653919] AAAAA-TCP_FORW: name:enp0s3: saddr:16783984: daddr:100932208
[  305.948874] AAAAA-TCP_FORW: name:enp0s8: saddr:100932208: daddr:16783984
[  305.949752] AAAAA-TCP_FORW: name:enp0s3: saddr:16783984: daddr:100932208
[  306.050999] AAAAA-TCP_FORW: name:enp0s8: saddr:100932208: daddr:16783984
[  306.051892] AAAAA-TCP_FORW: name:enp0s3: saddr:16783984: daddr:100932208
[  306.302128] AAAAA-TCP_FORW: name:enp0s8: saddr:100932208: daddr:16783984
[  306.303004] AAAAA-TCP_FORW: name:enp0s3: saddr:16783984: daddr:100932208
[  306.463064] AAAAA-TCP_FORW: name:enp0s8: saddr:100932208: daddr:16783984
[  306.463925] AAAAA-TCP_FORW: name:enp0s3: saddr:16783984: daddr:100932208
[  306.639121] AAAAA-TCP_FORW: name:enp0s8: saddr:100932208: daddr:16783984
[  306.640026] AAAAA-TCP_FORW: name:enp0s3: saddr:16783984: daddr:100932208
[  306.772051] AAAAA-TCP_FORW: name:enp0s8: saddr:100932208: daddr:16783984
[  306.772943] AAAAA-TCP_FORW: name:enp0s3: saddr:16783984: daddr:100932208
[  306.906132] AAAAA-TCP_FORW: name:enp0s8: saddr:100932208: daddr:16783984
[  306.907075] AAAAA-TCP_FORW: name:enp0s3: saddr:16783984: daddr:100932208
[  307.138369] AAAAA-TCP_FORW: name:enp0s8: saddr:100932208: daddr:16783984
[  307.139261] AAAAA-TCP_FORW: name:enp0s3: saddr:16783984: daddr:100932208
[  307.234220] AAAAA-TCP_FORW: name:enp0s8: saddr:100932208: daddr:16783984
[  307.235085] AAAAA-TCP_FORW: name:enp0s3: saddr:16783984: daddr:100932208
[  307.292094] AAAAA-TCP_FORW: name:enp0s8: saddr:100932208: daddr:16783984
[  307.292907] AAAAA-TCP_FORW: name:enp0s3: saddr:16783984: daddr:100932208
[  307.681521] AAAAA-TCP_FORW: name:enp0s8: saddr:100932208: daddr:16783984
[  307.682587] AAAAA-TCP_FORW: name:enp0s3: saddr:16783984: daddr:100932208
[  307.803661] AAAAA-TCP_FORW: name:enp0s8: saddr:100932208: daddr:16783984
[  307.804502] AAAAA-TCP_FORW: name:enp0s3: saddr:16783984: daddr:100932208
[  308.006778] AAAAA-TCP_FORW: name:enp0s8: saddr:100932208: daddr:16783984
[  308.007805] AAAAA-TCP_FORW: name:enp0s3: saddr:16783984: daddr:100932208
[  308.410894] AAAAA-TCP_FORW: name:enp0s8: saddr:100932208: daddr:16783984
[  308.412150] AAAAA-TCP_FORW: name:enp0s3: saddr:16783984: daddr:100932208
[  308.503921] AAAAA-TCP_FORW: name:enp0s8: saddr:100932208: daddr:16783984
[  308.504746] AAAAA-TCP_FORW: name:enp0s3: saddr:16783984: daddr:100932208
[  308.705460] AAAAA-TCP_FORW: name:enp0s8: saddr:100932208: daddr:16783984
[  308.706473] AAAAA-TCP_FORW: name:enp0s3: saddr:16783984: daddr:100932208
[  308.799255] AAAAA-TCP_FORW: name:enp0s8: saddr:100932208: daddr:16783984
[  308.800131] AAAAA-TCP_FORW: name:enp0s3: saddr:16783984: daddr:100932208
[  308.882145] AAAAA-TCP_FORW: name:enp0s8: saddr:100932208: daddr:16783984
[  308.883198] AAAAA-TCP_FORW: name:enp0s3: saddr:16783984: daddr:100932208
[  311.166178] AAAAA-TCP_FORW: name:enp0s8: saddr:100932208: daddr:16783984
[  311.167018] AAAAA-TCP_FORW: name:enp0s3: saddr:16783984: daddr:100932208
[  311.286497] AAAAA-TCP_FORW: name:enp0s8: saddr:100932208: daddr:16783984
[  311.287387] AAAAA-TCP_FORW: name:enp0s3: saddr:16783984: daddr:100932208
[  311.568936] AAAAA-TCP_FORW: name:enp0s8: saddr:100932208: daddr:16783984
[  311.569714] AAAAA-TCP_FORW: name:enp0s3: saddr:16783984: daddr:100932208
[  311.766080] AAAAA-TCP_FORW: name:enp0s8: saddr:100932208: daddr:16783984
[  311.767365] AAAAA-TCP_FORW: name:enp0s3: saddr:16783984: daddr:100932208
[  312.945731] AAAAA-TCP_FORW: name:enp0s8: saddr:100932208: daddr:16783984
[  312.946575] AAAAA-TCP_FORW: name:enp0s3: saddr:16783984: daddr:100932208
[  313.279877] AAAAA-TCP_FORW: name:enp0s8: saddr:100932208: daddr:16783984
[  313.280843] AAAAA-TCP_FORW: name:enp0s3: saddr:16783984: daddr:100932208
[  313.579503] AAAAA-TCP_FORW: name:enp0s8: saddr:100932208: daddr:16783984
[  313.580379] AAAAA-TCP_FORW: name:enp0s3: saddr:16783984: daddr:100932208
[  313.950181] AAAAA-TCP_FORW: name:enp0s8: saddr:100932208: daddr:16783984
[  314.238924] AAAAA-TCP_FORW: name:enp0s8: saddr:100932208: daddr:16783984
[  314.239893] AAAAA-TCP_FORW: name:enp0s3: saddr:16783984: daddr:100932208
[  314.342300] AAAAA-TCP_FORW: name:enp0s8: saddr:100932208: daddr:16783984
[  314.343585] AAAAA-TCP_FORW: name:enp0s3: saddr:16783984: daddr:100932208
[  314.515032] AAAAA-TCP_FORW: name:enp0s8: saddr:100932208: daddr:16783984
[  314.515948] AAAAA-TCP_FORW: name:enp0s3: saddr:16783984: daddr:100932208
[  314.609578] AAAAA-TCP_FORW: name:enp0s8: saddr:100932208: daddr:16783984
[  314.610918] AAAAA-TCP_FORW: name:enp0s3: saddr:16783984: daddr:100932208
[  314.726011] AAAAA-TCP_FORW: name:enp0s8: saddr:100932208: daddr:16783984
[  314.727914] AAAAA-TCP_FORW: name:enp0s3: saddr:16783984: daddr:100932208
[  314.812652] AAAAA-TCP_FORW: name:enp0s8: saddr:100932208: daddr:16783984
[  314.813550] AAAAA-TCP_FORW: name:enp0s3: saddr:16783984: daddr:100932208
[  314.960392] AAAAA-TCP_FORW: name:enp0s8: saddr:100932208: daddr:16783984
[  314.961225] AAAAA-TCP_FORW: name:enp0s3: saddr:16783984: daddr:100932208
[  315.076478] AAAAA-TCP_FORW: name:enp0s8: saddr:100932208: daddr:16783984
[  315.077310] AAAAA-TCP_FORW: name:enp0s3: saddr:16783984: daddr:100932208
[  315.182023] AAAAA-TCP_FORW: name:enp0s8: saddr:100932208: daddr:16783984
[  315.182883] AAAAA-TCP_FORW: name:enp0s3: saddr:16783984: daddr:100932208
[  315.235228] AAAAA-TCP_FORW: name:enp0s8: saddr:100932208: daddr:16783984
[  315.236129] AAAAA-TCP_FORW: name:enp0s3: saddr:16783984: daddr:100932208
[  315.347879] AAAAA-TCP_FORW: name:enp0s8: saddr:100932208: daddr:16783984
[  315.348739] AAAAA-TCP_FORW: name:enp0s3: saddr:16783984: daddr:100932208
[  315.675117] AAAAA-TCP_FORW: name:enp0s8: saddr:100932208: daddr:16783984
[  315.676045] AAAAA-TCP_FORW: name:enp0s3: saddr:16783984: daddr:100932208
[  316.058201] AAAAA-TCP_FORW: name:enp0s8: saddr:100932208: daddr:16783984
[  316.059066] AAAAA-TCP_FORW: name:enp0s3: saddr:16783984: daddr:100932208
[  316.118872] AAAAA-TCP_FORW: name:enp0s8: saddr:100932208: daddr:16783984
[  316.119745] AAAAA-TCP_FORW: name:enp0s3: saddr:16783984: daddr:100932208
[  316.205441] AAAAA-TCP_FORW: name:enp0s8: saddr:100932208: daddr:16783984
[  316.206291] AAAAA-TCP_FORW: name:enp0s3: saddr:16783984: daddr:100932208
[  316.402977] AAAAA-TCP_FORW: name:enp0s8: saddr:100932208: daddr:16783984
[  316.403947] AAAAA-TCP_FORW: name:enp0s3: saddr:16783984: daddr:100932208
[  316.504363] AAAAA-TCP_FORW: name:enp0s8: saddr:100932208: daddr:16783984
[  316.505239] AAAAA-TCP_FORW: name:enp0s3: saddr:16783984: daddr:100932208
[  316.618508] AAAAA-TCP_FORW: name:enp0s8: saddr:100932208: daddr:16783984
[  316.619648] AAAAA-TCP_FORW: name:enp0s3: saddr:16783984: daddr:100932208
[  316.801231] AAAAA-TCP_FORW: name:enp0s8: saddr:100932208: daddr:16783984
[  316.802488] AAAAA-TCP_FORW: name:enp0s3: saddr:16783984: daddr:100932208
[  317.014724] AAAAA-TCP_FORW: name:enp0s8: saddr:100932208: daddr:16783984
[  317.016138] AAAAA-TCP_FORW: name:enp0s3: saddr:16783984: daddr:100932208
[  317.073531] AAAAA-TCP_FORW: name:enp0s8: saddr:100932208: daddr:16783984
[  317.075543] AAAAA-TCP_FORW: name:enp0s3: saddr:16783984: daddr:100932208
[  317.448830] AAAAA-TCP_FORW: name:enp0s8: saddr:100932208: daddr:16783984
[  317.450022] AAAAA-TCP_FORW: name:enp0s3: saddr:16783984: daddr:100932208
[  317.699868] AAAAA-TCP_FORW: name:enp0s8: saddr:100932208: daddr:16783984
[  317.701133] AAAAA-TCP_FORW: name:enp0s3: saddr:16783984: daddr:100932208
[  317.776528] AAAAA-TCP_FORW: name:enp0s8: saddr:100932208: daddr:16783984
[  317.778191] AAAAA-TCP_FORW: name:enp0s3: saddr:16783984: daddr:100932208
[  317.905762] AAAAA-TCP_FORW: name:enp0s8: saddr:100932208: daddr:16783984
[  317.906989] AAAAA-TCP_FORW: name:enp0s3: saddr:16783984: daddr:100932208
[  317.960283] AAAAA-TCP_FORW: name:enp0s8: saddr:100932208: daddr:16783984
[  317.961533] AAAAA-TCP_FORW: name:enp0s3: saddr:16783984: daddr:100932208
[  318.165248] AAAAA-TCP_FORW: name:enp0s8: saddr:100932208: daddr:16783984
[  318.166497] AAAAA-TCP_FORW: name:enp0s3: saddr:16783984: daddr:100932208
[  318.260917] AAAAA-TCP_FORW: name:enp0s8: saddr:100932208: daddr:16783984
[  318.262100] AAAAA-TCP_FORW: name:enp0s3: saddr:16783984: daddr:100932208
[  318.531175] AAAAA-TCP_FORW: name:enp0s8: saddr:100932208: daddr:16783984
[  318.575448] AAAAA-TCP_FORW: name:enp0s3: saddr:16783984: daddr:100932208
[  318.873256] AAAAA-TCP_FORW: name:enp0s8: saddr:100932208: daddr:16783984
[  318.955294] AAAAA-TCP_FORW: name:enp0s3: saddr:16783984: daddr:100932208
[  319.049800] AAAAA-TCP_FORW: name:enp0s8: saddr:100932208: daddr:16783984
[  319.185208] AAAAA-TCP_FORW: name:enp0s8: saddr:100932208: daddr:16783984
[  319.186230] AAAAA-TCP_FORW: name:enp0s3: saddr:16783984: daddr:100932208
[  319.410261] AAAAA-TCP_FORW: name:enp0s8: saddr:100932208: daddr:16783984
[  319.567202] AAAAA-TCP_FORW: name:enp0s3: saddr:16783984: daddr:100932208
[  319.618275] AAAAA-TCP_FORW: name:enp0s8: saddr:100932208: daddr:16783984
[  319.717631] AAAAA-TCP_FORW: name:enp0s8: saddr:100932208: daddr:16783984
[  319.718536] AAAAA-TCP_FORW: name:enp0s3: saddr:16783984: daddr:100932208
[  319.762246] AAAAA-TCP_FORW: name:enp0s8: saddr:100932208: daddr:16783984
[  319.836517] AAAAA-TCP_FORW: name:enp0s8: saddr:100932208: daddr:16783984
[  319.837366] AAAAA-TCP_FORW: name:enp0s3: saddr:16783984: daddr:100932208
[  319.974588] AAAAA-TCP_FORW: name:enp0s8: saddr:100932208: daddr:16783984
[  320.077490] AAAAA-TCP_FORW: name:enp0s8: saddr:100932208: daddr:16783984
[  320.078373] AAAAA-TCP_FORW: name:enp0s3: saddr:16783984: daddr:100932208
[  320.131971] AAAAA-TCP_FORW: name:enp0s8: saddr:100932208: daddr:16783984
[  320.188708] AAAAA-TCP_FORW: name:enp0s8: saddr:100932208: daddr:16783984
[  320.189757] AAAAA-TCP_FORW: name:enp0s3: saddr:16783984: daddr:100932208
[  320.353322] AAAAA-TCP_FORW: name:enp0s8: saddr:100932208: daddr:16783984
[  320.354183] AAAAA-TCP_FORW: name:enp0s3: saddr:16783984: daddr:100932208
[  320.442696] AAAAA-TCP_FORW: name:enp0s8: saddr:100932208: daddr:16783984
[  320.443570] AAAAA-TCP_FORW: name:enp0s3: saddr:16783984: daddr:100932208
[  320.574077] AAAAA-TCP_FORW: name:enp0s8: saddr:100932208: daddr:16783984
[  320.574913] AAAAA-TCP_FORW: name:enp0s3: saddr:16783984: daddr:100932208
[  320.630349] AAAAA-TCP_FORW: name:enp0s8: saddr:100932208: daddr:16783984
[  320.632339] AAAAA-TCP_FORW: name:enp0s3: saddr:16783984: daddr:100932208
[  320.776516] AAAAA-TCP_FORW: name:enp0s8: saddr:100932208: daddr:16783984
[  320.778270] AAAAA-TCP_FORW: name:enp0s3: saddr:16783984: daddr:100932208
[  321.134117] AAAAA-TCP_FORW: name:enp0s8: saddr:100932208: daddr:16783984
[  321.136252] AAAAA-TCP_FORW: name:enp0s3: saddr:16783984: daddr:100932208
[  321.213491] AAAAA-TCP_FORW: name:enp0s8: saddr:100932208: daddr:16783984
[  321.215688] AAAAA-TCP_FORW: name:enp0s3: saddr:16783984: daddr:100932208
[  322.379612] AAAAA-TCP_FORW: name:enp0s8: saddr:100932208: daddr:16783984
[  322.380586] AAAAA-TCP_FORW: name:enp0s3: saddr:16783984: daddr:100932208
[  322.434823] AAAAA-TCP_FORW: name:enp0s8: saddr:100932208: daddr:16783984
[  322.435735] AAAAA-TCP_FORW: name:enp0s3: saddr:16783984: daddr:100932208
[  322.533189] AAAAA-TCP_FORW: name:enp0s8: saddr:100932208: daddr:16783984
[  322.534727] AAAAA-TCP_FORW: name:enp0s3: saddr:16783984: daddr:100932208
[  322.569917] AAAAA-TCP_FORW: name:enp0s8: saddr:100932208: daddr:16783984
[  322.570735] AAAAA-TCP_FORW: name:enp0s3: saddr:16783984: daddr:100932208
[  322.759303] AAAAA-TCP_FORW: name:enp0s8: saddr:100932208: daddr:16783984
[  322.760186] AAAAA-TCP_FORW: name:enp0s3: saddr:16783984: daddr:100932208
[  322.830011] AAAAA-TCP_FORW: name:enp0s8: saddr:100932208: daddr:16783984
[  322.830873] AAAAA-TCP_FORW: name:enp0s3: saddr:16783984: daddr:100932208
[  322.925169] AAAAA-TCP_FORW: name:enp0s8: saddr:100932208: daddr:16783984
[  322.926185] AAAAA-TCP_FORW: name:enp0s3: saddr:16783984: daddr:100932208
[  323.073849] AAAAA-TCP_FORW: name:enp0s8: saddr:100932208: daddr:16783984
[  323.075260] AAAAA-TCP_FORW: name:enp0s3: saddr:16783984: daddr:100932208
[  323.198661] AAAAA-TCP_FORW: name:enp0s8: saddr:100932208: daddr:16783984
[  323.199847] AAAAA-TCP_FORW: name:enp0s3: saddr:16783984: daddr:100932208
[  323.251483] AAAAA-TCP_FORW: name:enp0s8: saddr:100932208: daddr:16783984
[  323.252888] AAAAA-TCP_FORW: name:enp0s3: saddr:16783984: daddr:100932208
[  323.316150] AAAAA-TCP_FORW: name:enp0s8: saddr:100932208: daddr:16783984
[  323.317558] AAAAA-TCP_FORW: name:enp0s3: saddr:16783984: daddr:100932208
[  323.405809] AAAAA-TCP_FORW: name:enp0s8: saddr:100932208: daddr:16783984
[  323.407256] AAAAA-TCP_FORW: name:enp0s3: saddr:16783984: daddr:100932208
[  323.472975] AAAAA-TCP_FORW: name:enp0s8: saddr:100932208: daddr:16783984
[  323.474153] AAAAA-TCP_FORW: name:enp0s3: saddr:16783984: daddr:100932208
[  323.655347] AAAAA-TCP_FORW: name:enp0s8: saddr:100932208: daddr:16783984
[  323.656690] AAAAA-TCP_FORW: name:enp0s3: saddr:16783984: daddr:100932208
[  323.727883] AAAAA-TCP_FORW: name:enp0s8: saddr:100932208: daddr:16783984
[  323.728802] AAAAA-TCP_FORW: name:enp0s3: saddr:16783984: daddr:100932208
[  323.796971] AAAAA-TCP_FORW: name:enp0s8: saddr:100932208: daddr:16783984
