[    0.000000] Linux version 5.4.243-tcp (root@ztg) (gcc version 12.2.0 (Debian 12.2.0-14)) #1 SMP Fri Apr 12 08:27:09 CST 2024
[    0.000000] Command line: BOOT_IMAGE=/boot/vmlinuz-5.4.243-tcp root=UUID=98415a12-53b7-4144-8265-0f7ece09e445 ro quiet splash
[    0.000000] KERNEL supported cpus:
[    0.000000]   Intel GenuineIntel
[    0.000000]   AMD AuthenticAMD
[    0.000000]   Hygon HygonGenuine
[    0.000000]   Centaur CentaurHauls
[    0.000000]   zhaoxin   Shanghai  
[    0.000000] x86/fpu: Supporting XSAVE feature 0x001: 'x87 floating point registers'
[    0.000000] x86/fpu: Supporting XSAVE feature 0x002: 'SSE registers'
[    0.000000] x86/fpu: Supporting XSAVE feature 0x004: 'AVX registers'
[    0.000000] x86/fpu: xstate_offset[2]:  576, xstate_sizes[2]:  256
[    0.000000] x86/fpu: Enabled xstate features 0x7, context size is 832 bytes, using 'standard' format.
[    0.000000] BIOS-provided physical RAM map:
[    0.000000] BIOS-e820: [mem 0x0000000000000000-0x000000000009fbff] usable
[    0.000000] BIOS-e820: [mem 0x000000000009fc00-0x000000000009ffff] reserved
[    0.000000] BIOS-e820: [mem 0x00000000000f0000-0x00000000000fffff] reserved
[    0.000000] BIOS-e820: [mem 0x0000000000100000-0x000000007ffeffff] usable
[    0.000000] BIOS-e820: [mem 0x000000007fff0000-0x000000007fffffff] ACPI data
[    0.000000] BIOS-e820: [mem 0x00000000fec00000-0x00000000fec00fff] reserved
[    0.000000] BIOS-e820: [mem 0x00000000fee00000-0x00000000fee00fff] reserved
[    0.000000] BIOS-e820: [mem 0x00000000fffc0000-0x00000000ffffffff] reserved
[    0.000000] NX (Execute Disable) protection: active
[    0.000000] SMBIOS 2.5 present.
[    0.000000] DMI: innotek GmbH VirtualBox/VirtualBox, BIOS VirtualBox 12/01/2006
[    0.000000] Hypervisor detected: KVM
[    0.000000] kvm-clock: Using msrs 4b564d01 and 4b564d00
[    0.000000] kvm-clock: cpu 0, msr 1a401001, primary cpu clock
[    0.000001] kvm-clock: using sched offset of 4453538308 cycles
[    0.000003] clocksource: kvm-clock: mask: 0xffffffffffffffff max_cycles: 0x1cd42e4dffb, max_idle_ns: 881590591483 ns
[    0.000006] tsc: Detected 2100.000 MHz processor
[    0.001884] e820: update [mem 0x00000000-0x00000fff] usable ==> reserved
[    0.001886] e820: remove [mem 0x000a0000-0x000fffff] usable
[    0.001891] last_pfn = 0x7fff0 max_arch_pfn = 0x400000000
[    0.001958] MTRR default type: uncachable
[    0.001959] MTRR fixed ranges enabled:
[    0.001961]   00000-9FFFF write-back
[    0.001961]   A0000-BFFFF uncachable
[    0.001962]   C0000-FFFFF write-protect
[    0.001963] MTRR variable ranges enabled:
[    0.001964]   0 base 000000000000 mask 3FFF80000000 write-back
[    0.001965]   1 disabled
[    0.001966]   2 disabled
[    0.001966]   3 disabled
[    0.001966]   4 disabled
[    0.001967]   5 disabled
[    0.001967]   6 disabled
[    0.001968]   7 disabled
[    0.001968]   8 disabled
[    0.001968]   9 disabled
[    0.001969]   10 disabled
[    0.001969]   11 disabled
[    0.001970]   12 disabled
[    0.001970]   13 disabled
[    0.001971]   14 disabled
[    0.001971]   15 disabled
[    0.001987] x86/PAT: Configuration [0-7]: WB  WC  UC- UC  WB  WP  UC- WT  
[    0.002120] found SMP MP-table at [mem 0x0009fff0-0x0009ffff]
[    0.092653] check: Scanning 1 areas for low memory corruption
[    0.092846] RAMDISK: [mem 0x32275000-0x35131fff]
[    0.092854] ACPI: Early table checksum verification disabled
[    0.092859] ACPI: RSDP 0x00000000000E0000 000024 (v02 VBOX  )
[    0.092864] ACPI: XSDT 0x000000007FFF0030 00003C (v01 VBOX   VBOXXSDT 00000001 ASL  00000061)
[    0.092871] ACPI: FACP 0x000000007FFF00F0 0000F4 (v04 VBOX   VBOXFACP 00000001 ASL  00000061)
[    0.092877] ACPI: DSDT 0x000000007FFF02E0 002353 (v02 VBOX   VBOXBIOS 00000002 VBOX 00029BF3)
[    0.092881] ACPI: FACS 0x000000007FFF0200 000040
[    0.092884] ACPI: FACS 0x000000007FFF0200 000040
[    0.092887] ACPI: APIC 0x000000007FFF0240 000054 (v02 VBOX   VBOXAPIC 00000001 ASL  00000061)
[    0.092891] ACPI: SSDT 0x000000007FFF02A0 000038 (v01 VBOX   VBOXCPUT 00000002 VBOX 00029BF3)
[    0.092894] ACPI: Reserving FACP table memory at [mem 0x7fff00f0-0x7fff01e3]
[    0.092895] ACPI: Reserving DSDT table memory at [mem 0x7fff02e0-0x7fff2632]
[    0.092896] ACPI: Reserving FACS table memory at [mem 0x7fff0200-0x7fff023f]
[    0.092897] ACPI: Reserving FACS table memory at [mem 0x7fff0200-0x7fff023f]
[    0.092897] ACPI: Reserving APIC table memory at [mem 0x7fff0240-0x7fff0293]
[    0.092898] ACPI: Reserving SSDT table memory at [mem 0x7fff02a0-0x7fff02d7]
[    0.092911] ACPI: Local APIC address 0xfee00000
[    0.093098] No NUMA configuration found
[    0.093099] Faking a node at [mem 0x0000000000000000-0x000000007ffeffff]
[    0.093110] NODE_DATA(0) allocated [mem 0x7ffc5000-0x7ffeffff]
[    0.093392] Zone ranges:
[    0.093393]   DMA      [mem 0x0000000000001000-0x0000000000ffffff]
[    0.093394]   DMA32    [mem 0x0000000001000000-0x000000007ffeffff]
[    0.093395]   Normal   empty
[    0.093396]   Device   empty
[    0.093397] Movable zone start for each node
[    0.093399] Early memory node ranges
[    0.093399]   node   0: [mem 0x0000000000001000-0x000000000009efff]
[    0.093400]   node   0: [mem 0x0000000000100000-0x000000007ffeffff]
[    0.093403] Zeroed struct page in unavailable ranges: 114 pages
[    0.093404] Initmem setup node 0 [mem 0x0000000000001000-0x000000007ffeffff]
[    0.093405] On node 0 totalpages: 524174
[    0.093406]   DMA zone: 64 pages used for memmap
[    0.093407]   DMA zone: 21 pages reserved
[    0.093408]   DMA zone: 3998 pages, LIFO batch:0
[    0.093481]   DMA32 zone: 8128 pages used for memmap
[    0.093481]   DMA32 zone: 520176 pages, LIFO batch:63
[    0.102426] ACPI: PM-Timer IO Port: 0x4008
[    0.102430] ACPI: Local APIC address 0xfee00000
[    0.102499] IOAPIC[0]: apic_id 1, version 32, address 0xfec00000, GSI 0-23
[    0.102502] ACPI: INT_SRC_OVR (bus 0 bus_irq 0 global_irq 2 dfl dfl)
[    0.102504] ACPI: INT_SRC_OVR (bus 0 bus_irq 9 global_irq 9 low level)
[    0.102506] ACPI: IRQ0 used by override.
[    0.102507] ACPI: IRQ9 used by override.
[    0.102509] Using ACPI (MADT) for SMP configuration information
[    0.102516] smpboot: Allowing 1 CPUs, 0 hotplug CPUs
[    0.102539] PM: Registered nosave memory: [mem 0x00000000-0x00000fff]
[    0.102540] PM: Registered nosave memory: [mem 0x0009f000-0x0009ffff]
[    0.102541] PM: Registered nosave memory: [mem 0x000a0000-0x000effff]
[    0.102542] PM: Registered nosave memory: [mem 0x000f0000-0x000fffff]
[    0.102544] [mem 0x80000000-0xfebfffff] available for PCI devices
[    0.102544] Booting paravirtualized kernel on KVM
[    0.102548] clocksource: refined-jiffies: mask: 0xffffffff max_cycles: 0xffffffff, max_idle_ns: 7645519600211568 ns
[    0.102553] setup_percpu: NR_CPUS:8192 nr_cpumask_bits:1 nr_cpu_ids:1 nr_node_ids:1
[    0.103575] percpu: Embedded 60 pages/cpu s208896 r8192 d28672 u2097152
[    0.103580] pcpu-alloc: s208896 r8192 d28672 u2097152 alloc=1*2097152
[    0.103581] pcpu-alloc: [0] 0 
[    0.103609] Built 1 zonelists, mobility grouping on.  Total pages: 515961
[    0.103610] Policy zone: DMA32
[    0.103611] Kernel command line: BOOT_IMAGE=/boot/vmlinuz-5.4.243-tcp root=UUID=98415a12-53b7-4144-8265-0f7ece09e445 ro quiet splash
[    0.104438] Dentry cache hash table entries: 262144 (order: 9, 2097152 bytes, linear)
[    0.104703] Inode-cache hash table entries: 131072 (order: 8, 1048576 bytes, linear)
[    0.104754] mem auto-init: stack:off, heap alloc:on, heap free:off
[    0.104757] Calgary: detecting Calgary via BIOS EBDA area
[    0.104758] Calgary: Unable to locate Rio Grande table in EBDA - bailing!
[    0.108841] Memory: 1967340K/2096696K available (14339K kernel code, 2392K rwdata, 4692K rodata, 2720K init, 17272K bss, 129356K reserved, 0K cma-reserved)
[    0.109759] SLUB: HWalign=64, Order=0-3, MinObjects=0, CPUs=1, Nodes=1
[    0.109776] ftrace: allocating 42894 entries in 168 pages
[    0.127613] rcu: Hierarchical RCU implementation.
[    0.127614] rcu: 	RCU restricting CPUs from NR_CPUS=8192 to nr_cpu_ids=1.
[    0.127616] 	Tasks RCU enabled.
[    0.127617] rcu: RCU calculated value of scheduler-enlistment delay is 25 jiffies.
[    0.127618] rcu: Adjusting geometry for rcu_fanout_leaf=16, nr_cpu_ids=1
[    0.130568] NR_IRQS: 524544, nr_irqs: 256, preallocated irqs: 16
[    0.130781] random: crng init done
[    0.140259] Console: colour VGA+ 80x25
[    0.140264] printk: console [tty0] enabled
[    0.140283] ACPI: Core revision 20190816
[    0.140377] APIC: Switch to symmetric I/O mode setup
[    0.140625] x2apic enabled
[    0.140867] Switched APIC routing to physical x2apic.
[    0.141992] ..TIMER: vector=0x30 apic1=0 pin1=2 apic2=-1 pin2=-1
[    0.142016] clocksource: tsc-early: mask: 0xffffffffffffffff max_cycles: 0x1e4530a99b6, max_idle_ns: 440795257976 ns
[    0.142022] Calibrating delay loop (skipped) preset value.. 4200.00 BogoMIPS (lpj=8400000)
[    0.142024] pid_max: default: 32768 minimum: 301
[    0.142052] LSM: Security Framework initializing
[    0.142062] Yama: becoming mindful.
[    0.142089] AppArmor: AppArmor initialized
[    0.142122] Mount-cache hash table entries: 4096 (order: 3, 32768 bytes, linear)
[    0.142126] Mountpoint-cache hash table entries: 4096 (order: 3, 32768 bytes, linear)
[    0.142137] *** VALIDATE tmpfs ***
[    0.142266] *** VALIDATE proc ***
[    0.142306] *** VALIDATE cgroup1 ***
[    0.142307] *** VALIDATE cgroup2 ***
[    0.142449] process: using mwait in idle threads
[    0.142453] Last level iTLB entries: 4KB 64, 2MB 8, 4MB 8
[    0.142454] Last level dTLB entries: 4KB 64, 2MB 0, 4MB 0, 1GB 4
[    0.142474] Spectre V1 : Mitigation: usercopy/swapgs barriers and __user pointer sanitization
[    0.142479] Spectre V2 : Mitigation: Retpolines
[    0.142480] Spectre V2 : Spectre v2 / SpectreRSB mitigation: Filling RSB on context switch
[    0.142480] Spectre V2 : Spectre v2 / SpectreRSB : Filling RSB on VMEXIT
[    0.142481] RETBleed: WARNING: Spectre v2 mitigation leaves CPU vulnerable to RETBleed attacks, data leaks possible!
[    0.142847] RETBleed: Vulnerable
[    0.142848] Speculative Store Bypass: Vulnerable
[    0.142853] TAA: Mitigation: TSX disabled
[    0.142853] MMIO Stale Data: Mitigation: Clear CPU buffers
[    0.147047] Freeing SMP alternatives memory: 40K
[    0.259381] smpboot: CPU0: Intel(R) Xeon(R) Silver 4216 CPU @ 2.10GHz (family: 0x6, model: 0x55, stepping: 0x7)
[    0.259522] Performance Events: unsupported p6 CPU model 85 no PMU driver, software events only.
[    0.259559] rcu: Hierarchical SRCU implementation.
[    0.260031] NMI watchdog: Perf NMI watchdog permanently disabled
[    0.260071] smp: Bringing up secondary CPUs ...
[    0.260072] smp: Brought up 1 node, 1 CPU
[    0.260073] smpboot: Max logical packages: 1
[    0.260075] smpboot: Total of 1 processors activated (4200.00 BogoMIPS)
[    0.261047] devtmpfs: initialized
[    0.261093] x86/mm: Memory block size: 128MB
[    0.261439] clocksource: jiffies: mask: 0xffffffff max_cycles: 0xffffffff, max_idle_ns: 7645041785100000 ns
[    0.261445] futex hash table entries: 256 (order: 2, 16384 bytes, linear)
[    0.261489] pinctrl core: initialized pinctrl subsystem
[    0.261592] PM: RTC time: 14:59:52, date: 2026-01-20
[    0.261700] NET: Registered protocol family 16
[    0.261773] audit: initializing netlink subsys (disabled)
[    0.261899] EISA bus registered
[    0.261900] cpuidle: using governor ladder
[    0.261901] cpuidle: using governor menu
[    0.261940] ACPI: bus type PCI registered
[    0.261941] acpiphp: ACPI Hot Plug PCI Controller Driver version: 0.5
[    0.262018] PCI: Using configuration type 1 for base access
[    0.262235] audit: type=2000 audit(1768892398.867:1): state=initialized audit_enabled=0 res=1
[    0.262314] HugeTLB registered 2.00 MiB page size, pre-allocated 0 pages
[    0.263147] ACPI: Added _OSI(Module Device)
[    0.263148] ACPI: Added _OSI(Processor Device)
[    0.263149] ACPI: Added _OSI(3.0 _SCP Extensions)
[    0.263149] ACPI: Added _OSI(Processor Aggregator Device)
[    0.263150] ACPI: Added _OSI(Linux-Dell-Video)
[    0.263151] ACPI: Added _OSI(Linux-Lenovo-NV-HDMI-Audio)
[    0.263152] ACPI: Added _OSI(Linux-HPI-Hybrid-Graphics)
[    0.265097] ACPI: 2 ACPI AML tables successfully acquired and loaded
[    0.266051] ACPI: Interpreter enabled
[    0.266061] ACPI: (supports S0 S5)
[    0.266062] ACPI: Using IOAPIC for interrupt routing
[    0.266271] PCI: Using host bridge windows from ACPI; if necessary, use "pci=nocrs" and report a bug
[    0.266380] ACPI: Enabled 2 GPEs in block 00 to 07
[    0.272669] ACPI: PCI Root Bridge [PCI0] (domain 0000 [bus 00-ff])
[    0.272674] acpi PNP0A03:00: _OSC: OS supports [ASPM ClockPM Segments MSI HPX-Type3]
[    0.273115] acpi PNP0A03:00: _OSC: not requesting OS control; OS requires [ExtendedConfig ASPM ClockPM MSI]
[    0.273123] acpi PNP0A03:00: fail to add MMCONFIG information, can't access extended PCI configuration space under this bridge.
[    0.273489] PCI host bridge to bus 0000:00
[    0.273491] pci_bus 0000:00: root bus resource [io  0x0000-0x0cf7 window]
[    0.273492] pci_bus 0000:00: root bus resource [io  0x0d00-0xffff window]
[    0.273494] pci_bus 0000:00: root bus resource [mem 0x000a0000-0x000bffff window]
[    0.273495] pci_bus 0000:00: root bus resource [mem 0x80000000-0xfdffffff window]
[    0.273496] pci_bus 0000:00: root bus resource [bus 00-ff]
[    0.273540] pci 0000:00:00.0: [8086:1237] type 00 class 0x060000
[    0.274532] pci 0000:00:01.0: [8086:7000] type 00 class 0x060100
[    0.275288] pci 0000:00:01.1: [8086:7111] type 00 class 0x01018a
[    0.275666] pci 0000:00:01.1: reg 0x20: [io  0xd000-0xd00f]
[    0.275818] pci 0000:00:01.1: legacy IDE quirk: reg 0x10: [io  0x01f0-0x01f7]
[    0.275819] pci 0000:00:01.1: legacy IDE quirk: reg 0x14: [io  0x03f6]
[    0.275820] pci 0000:00:01.1: legacy IDE quirk: reg 0x18: [io  0x0170-0x0177]
[    0.275821] pci 0000:00:01.1: legacy IDE quirk: reg 0x1c: [io  0x0376]
[    0.276359] pci 0000:00:02.0: [15ad:0405] type 00 class 0x030000
[    0.278104] pci 0000:00:02.0: reg 0x10: [io  0xd010-0xd01f]
[    0.280900] pci 0000:00:02.0: reg 0x14: [mem 0xe0000000-0xe7ffffff pref]
[    0.283888] pci 0000:00:02.0: reg 0x18: [mem 0xf0000000-0xf01fffff]
[    0.294811] pci 0000:00:03.0: [1022:2000] type 00 class 0x020000
[    0.295486] pci 0000:00:03.0: reg 0x10: [io  0xd020-0xd03f]
[    0.296098] pci 0000:00:03.0: reg 0x14: [mem 0xf0200000-0xf0200fff]
[    0.299488] pci 0000:00:04.0: [80ee:cafe] type 00 class 0x088000
[    0.300161] pci 0000:00:04.0: reg 0x10: [io  0xd040-0xd05f]
[    0.300773] pci 0000:00:04.0: reg 0x14: [mem 0xf0400000-0xf07fffff]
[    0.302133] pci 0000:00:04.0: reg 0x18: [mem 0xf0800000-0xf0803fff pref]
[    0.305652] pci 0000:00:07.0: [8086:7113] type 00 class 0x068000
[    0.306249] pci 0000:00:07.0: quirk: [io  0x4000-0x403f] claimed by PIIX4 ACPI
[    0.306262] pci 0000:00:07.0: quirk: [io  0x4100-0x410f] claimed by PIIX4 SMB
[    0.306871] pci 0000:00:08.0: [8086:100e] type 00 class 0x020000
[    0.307588] pci 0000:00:08.0: reg 0x10: [mem 0xf0820000-0xf083ffff]
[    0.308738] pci 0000:00:08.0: reg 0x18: [io  0xd060-0xd067]
[    0.311647] pci 0000:00:09.0: [8086:100e] type 00 class 0x020000
[    0.312356] pci 0000:00:09.0: reg 0x10: [mem 0xf0840000-0xf085ffff]
[    0.313551] pci 0000:00:09.0: reg 0x18: [io  0xd068-0xd06f]
[    0.323032] ACPI: PCI Interrupt Link [LNKA] (IRQs 5 9 10 *11)
[    0.323312] ACPI: PCI Interrupt Link [LNKB] (IRQs 5 9 *10 11)
[    0.323417] ACPI: PCI Interrupt Link [LNKC] (IRQs 5 *9 10 11)
[    0.323516] ACPI: PCI Interrupt Link [LNKD] (IRQs 5 9 10 *11)
[    0.323785] iommu: Default domain type: Translated 
[    0.323844] pci 0000:00:02.0: vgaarb: setting as boot VGA device
[    0.323846] pci 0000:00:02.0: vgaarb: VGA device added: decodes=io+mem,owns=io+mem,locks=none
[    0.323848] pci 0000:00:02.0: vgaarb: bridge control possible
[    0.323849] vgaarb: loaded
[    0.326069] SCSI subsystem initialized
[    0.326103] libata version 3.00 loaded.
[    0.326130] ACPI: bus type USB registered
[    0.326144] usbcore: registered new interface driver usbfs
[    0.326150] usbcore: registered new interface driver hub
[    0.326154] usbcore: registered new device driver usb
[    0.326185] pps_core: LinuxPPS API ver. 1 registered
[    0.326185] pps_core: Software ver. 5.3.6 - Copyright 2005-2007 Rodolfo Giometti <giometti@linux.it>
[    0.326187] PTP clock support registered
[    0.326222] EDAC MC: Ver: 3.0.0
[    0.326506] PCI: Using ACPI for IRQ routing
[    0.326508] PCI: pci_cache_line_size set to 64 bytes
[    0.326680] e820: reserve RAM buffer [mem 0x0009fc00-0x0009ffff]
[    0.326684] e820: reserve RAM buffer [mem 0x7fff0000-0x7fffffff]
[    0.326808] NetLabel: Initializing
[    0.326808] NetLabel:  domain hash size = 128
[    0.326809] NetLabel:  protocols = UNLABELED CIPSOv4 CALIPSO
[    0.326828] NetLabel:  unlabeled traffic allowed by default
[    0.328421] clocksource: Switched to clocksource kvm-clock
[    0.340405] *** VALIDATE bpf ***
[    0.340468] VFS: Disk quotas dquot_6.6.0
[    0.340480] VFS: Dquot-cache hash table entries: 512 (order 0, 4096 bytes)
[    0.340502] *** VALIDATE ramfs ***
[    0.340505] *** VALIDATE hugetlbfs ***
[    0.340584] AppArmor: AppArmor Filesystem Enabled
[    0.340608] pnp: PnP ACPI init
[    0.340678] pnp 00:00: Plug and Play ACPI device, IDs PNP0303 (active)
[    0.340745] pnp 00:01: Plug and Play ACPI device, IDs PNP0f03 (active)
[    0.341492] pnp: PnP ACPI: found 2 devices
[    0.342459] thermal_sys: Registered thermal governor 'fair_share'
[    0.342460] thermal_sys: Registered thermal governor 'bang_bang'
[    0.342461] thermal_sys: Registered thermal governor 'step_wise'
[    0.342461] thermal_sys: Registered thermal governor 'user_space'
[    0.342462] thermal_sys: Registered thermal governor 'power_allocator'
[    0.346993] clocksource: acpi_pm: mask: 0xffffff max_cycles: 0xffffff, max_idle_ns: 2085701024 ns
[    0.347034] pci_bus 0000:00: resource 4 [io  0x0000-0x0cf7 window]
[    0.347035] pci_bus 0000:00: resource 5 [io  0x0d00-0xffff window]
[    0.347037] pci_bus 0000:00: resource 6 [mem 0x000a0000-0x000bffff window]
[    0.347038] pci_bus 0000:00: resource 7 [mem 0x80000000-0xfdffffff window]
[    0.347095] NET: Registered protocol family 2
[    0.347171] IP idents hash table entries: 32768 (order: 6, 262144 bytes, linear)
[    0.347495] tcp_listen_portaddr_hash hash table entries: 1024 (order: 2, 16384 bytes, linear)
[    0.347495] TCP established hash table entries: 16384 (order: 5, 131072 bytes, linear)
[    0.347495] TCP bind hash table entries: 16384 (order: 6, 262144 bytes, linear)
[    0.347495] TCP: Hash tables configured (established 16384 bind 16384)
[    0.347495] UDP hash table entries: 1024 (order: 3, 32768 bytes, linear)
[    0.347495] UDP-Lite hash table entries: 1024 (order: 3, 32768 bytes, linear)
[    0.347495] NET: Registered protocol family 1
[    0.347495] NET: Registered protocol family 44
[    0.347848] pci 0000:00:00.0: Limiting direct PCI/PCI transfers
[    0.347862] pci 0000:00:01.0: Activating ISA DMA hang workarounds
[    0.347918] pci 0000:00:02.0: Video device with shadowed ROM at [mem 0x000c0000-0x000dffff]
[    0.347982] PCI: CLS 0 bytes, default 64
[    0.348036] Trying to unpack rootfs image as initramfs...
[    0.519300] Freeing initrd memory: 47860K
[    0.519300] clocksource: tsc: mask: 0xffffffffffffffff max_cycles: 0x1e4530a99b6, max_idle_ns: 440795257976 ns
[    0.519300] clocksource: Switched to clocksource tsc
[    0.519300] platform rtc_cmos: registered platform RTC device (no PNP device found)
[    0.519300] check: Scanning for low memory corruption every 60 seconds
[    0.519300] Initialise system trusted keyrings
[    0.519300] Key type blacklist registered
[    0.519300] workingset: timestamp_bits=36 max_order=19 bucket_order=0
[    0.519300] zbud: loaded
[    0.519300] squashfs: version 4.0 (2009/01/31) Phillip Lougher
[    0.519300] fuse: init (API version 7.31)
[    0.519300] *** VALIDATE fuse ***
[    0.519300] *** VALIDATE fuse ***
[    0.519300] Platform Keyring initialized
[    0.519300] Key type asymmetric registered
[    0.519300] Asymmetric key parser 'x509' registered
[    0.519300] Block layer SCSI generic (bsg) driver version 0.4 loaded (major 244)
[    0.519300] io scheduler mq-deadline registered
[    0.519300] shpchp: Standard Hot Plug PCI Controller Driver version: 0.4
[    0.531820] ACPI: AC Adapter [AC] (on-line)
[    0.531866] input: Power Button as /devices/LNXSYSTM:00/LNXPWRBN:00/input/input0
[    0.531890] ACPI: Power Button [PWRF]
[    0.531966] input: Sleep Button as /devices/LNXSYSTM:00/LNXSLPBN:00/input/input1
[    0.531980] ACPI: Sleep Button [SLPF]
[    0.532191] Serial: 8250/16550 driver, 32 ports, IRQ sharing enabled
[    0.533343] Linux agpgart interface v0.103
[    0.623311] loop: module loaded
[    0.623468] ata_piix 0000:00:01.1: version 2.13
[    0.623904] scsi host0: ata_piix
[    0.624001] scsi host1: ata_piix
[    0.624034] ata1: PATA max UDMA/33 cmd 0x1f0 ctl 0x3f6 bmdma 0xd000 irq 14
[    0.624035] ata2: PATA max UDMA/33 cmd 0x170 ctl 0x376 bmdma 0xd008 irq 15
[    0.624120] tun: Universal TUN/TAP device driver, 1.6
[    0.624444] PPP generic driver version 2.4.2
[    0.624494] VFIO - User Level meta-driver version: 0.3
[    0.624757] ehci_hcd: USB 2.0 'Enhanced' Host Controller (EHCI) Driver
[    0.624767] ehci-pci: EHCI PCI platform driver
[    0.624795] ehci-platform: EHCI generic platform driver
[    0.624806] ohci_hcd: USB 1.1 'Open' Host Controller (OHCI) Driver
[    0.624810] ohci-pci: OHCI PCI platform driver
[    0.624817] ohci-platform: OHCI generic platform driver
[    0.624824] uhci_hcd: USB Universal Host Controller Interface driver
[    0.624891] i8042: PNP: PS/2 Controller [PNP0303:PS2K,PNP0f03:PS2M] at 0x60,0x64 irq 1,12
[    0.625397] serio: i8042 KBD port at 0x60,0x64 irq 1
[    0.625402] serio: i8042 AUX port at 0x60,0x64 irq 12
[    0.625506] mousedev: PS/2 mouse device common for all mice
[    0.625784] input: AT Translated Set 2 keyboard as /devices/platform/i8042/serio0/input/input2
[    0.626204] rtc_cmos rtc_cmos: registered as rtc0
[    0.626217] rtc_cmos rtc_cmos: alarms up to one day, 114 bytes nvram
[    0.626223] i2c /dev entries driver
[    0.626272] device-mapper: uevent: version 1.0.3
[    0.626317] device-mapper: ioctl: 4.41.0-ioctl (2019-09-16) initialised: dm-devel@redhat.com
[    0.626340] platform eisa.0: Probing EISA bus 0
[    0.626342] platform eisa.0: EISA: Cannot allocate resource for mainboard
[    0.626344] platform eisa.0: Cannot allocate resource for EISA slot 1
[    0.626346] platform eisa.0: Cannot allocate resource for EISA slot 2
[    0.626347] platform eisa.0: Cannot allocate resource for EISA slot 3
[    0.626348] platform eisa.0: Cannot allocate resource for EISA slot 4
[    0.626349] platform eisa.0: Cannot allocate resource for EISA slot 5
[    0.626350] platform eisa.0: Cannot allocate resource for EISA slot 6
[    0.626351] platform eisa.0: Cannot allocate resource for EISA slot 7
[    0.626352] platform eisa.0: Cannot allocate resource for EISA slot 8
[    0.626353] platform eisa.0: EISA: Detected 0 cards
[    0.626356] intel_pstate: CPU model not supported
[    0.626366] ledtrig-cpu: registered to indicate activity on CPUs
[    0.626420] drop_monitor: Initializing network drop monitor service
[    0.626585] NET: Registered protocol family 10
[    0.631458] Segment Routing with IPv6
[    0.631458] NET: Registered protocol family 17
[    0.631458] Key type dns_resolver registered
[    0.631458] RAS: Correctable Errors collector initialized.
[    0.631458] IPI shorthand broadcast: enabled
[    0.631458] sched_clock: Marking stable (616211479, 11247142)->(629200269, -1741648)
[    0.632274] registered taskstats version 1
[    0.632285] Loading compiled-in X.509 certificates
[    0.632873] Loaded X.509 cert 'Build time autogenerated kernel key: 0a9e52cc6eb58eed9b63e328679db6d5d5216245'
[    0.632892] zswap: loaded using pool lzo/zbud
[    0.632946] Key type ._fscrypt registered
[    0.632947] Key type .fscrypt registered
[    0.637435] Key type big_key registered
[    0.639640] Key type encrypted registered
[    0.639643] AppArmor: AppArmor sha1 policy hashing enabled
[    0.639649] ima: No TPM chip found, activating TPM-bypass!
[    0.639652] ima: Allocated hash algorithm: sha1
[    0.639658] ima: No architecture policies found
[    0.639667] evm: Initialising EVM extended attributes:
[    0.639668] evm: security.selinux
[    0.639668] evm: security.SMACK64
[    0.639669] evm: security.SMACK64EXEC
[    0.639669] evm: security.SMACK64TRANSMUTE
[    0.639670] evm: security.SMACK64MMAP
[    0.639670] evm: security.apparmor
[    0.639671] evm: security.ima
[    0.639671] evm: security.capability
[    0.639672] evm: HMAC attrs: 0x1
[    0.639959] PM:   Magic number: 10:399:991
[    0.640080] rtc_cmos rtc_cmos: setting system clock to 2026-01-20T14:59:53 UTC (1768921193)
[    0.794810] ata1.00: ATA-6: VBOX HARDDISK, 1.0, max UDMA/133
[    0.794812] ata1.00: 209715200 sectors, multi 128: LBA 
[    0.795236] scsi 0:0:0:0: Direct-Access     ATA      VBOX HARDDISK    1.0  PQ: 0 ANSI: 5
[    0.795437] sd 0:0:0:0: [sda] 209715200 512-byte logical blocks: (107 GB/100 GiB)
[    0.795444] sd 0:0:0:0: [sda] Write Protect is off
[    0.795446] sd 0:0:0:0: [sda] Mode Sense: 00 3a 00 00
[    0.795456] sd 0:0:0:0: [sda] Write cache: enabled, read cache: enabled, doesn't support DPO or FUA
[    0.795645] sd 0:0:0:0: Attached scsi generic sg0 type 0
[    0.796114]  sda: sda1 sda2
[    0.807391] sd 0:0:0:0: [sda] Attached SCSI disk
[    0.809131] Freeing unused decrypted memory: 2040K
[    0.809822] Freeing unused kernel image memory: 2720K
[    0.809824] Write protecting the kernel read-only data: 22528k
[    0.810479] Freeing unused kernel image memory: 2036K
[    0.810865] Freeing unused kernel image memory: 1452K
[    0.823924] x86/mm: Checked W+X mappings: passed, no W+X pages found.
[    0.823927] Run /init as init process
[    0.927604] ACPI: Video Device [GFX0] (multi-head: yes  rom: no  post: no)
[    0.927676] input: Video Bus as /devices/LNXSYSTM:00/LNXSYBUS:00/PNP0A03:00/LNXVIDEO:00/input/input4
[    0.938556] pcnet32: pcnet32.c:v1.35 21.Apr.2008 tsbogend@alpha.franken.de
[    0.940139] piix4_smbus 0000:00:07.0: SMBus Host Controller at 0x4100, revision 0
[    0.942597] e1000: Intel(R) PRO/1000 Network Driver - version 7.3.21-k8-NAPI
[    0.942598] e1000: Copyright (c) 1999-2006 Intel Corporation.
[    0.948697] pcnet32: PCnet/FAST III 79C973 at 0xd020, 08:00:27:b8:13:01 assigned IRQ 19
[    0.948741] pcnet32: Found PHY 0022:561b at address 0
[    0.949040] pcnet32: eth0: registered as PCnet/FAST III 79C973
[    0.957958] pcnet32: 1 cards_found
[    1.014642] pcnet32 0000:00:03.0 enp0s3: renamed from eth0
[    1.160721] input: ImExPS/2 Generic Explorer Mouse as /devices/platform/i8042/serio1/input/input5
[    1.356033] e1000 0000:00:08.0 eth0: (PCI:33MHz:32-bit) 08:00:27:9b:cf:bd
[    1.356039] e1000 0000:00:08.0 eth0: Intel(R) PRO/1000 Network Connection
[    1.735668] e1000 0000:00:09.0 eth1: (PCI:33MHz:32-bit) 08:00:27:61:be:dc
[    1.735671] e1000 0000:00:09.0 eth1: Intel(R) PRO/1000 Network Connection
[    1.736814] e1000 0000:00:09.0 enp0s9: renamed from eth1
[    1.738641] e1000 0000:00:08.0 enp0s8: renamed from eth0
[    1.792978] EXT4-fs (sda2): mounted filesystem with ordered data mode. Opts: (null)
[    1.882658] systemd[1]: Inserted module 'autofs4'
[    1.895672] systemd[1]: systemd 245.4-4ubuntu3 running in system mode. (+PAM +AUDIT +SELINUX +IMA +APPARMOR +SMACK +SYSVINIT +UTMP +LIBCRYPTSETUP +GCRYPT +GNUTLS +ACL +XZ +LZ4 +SECCOMP +BLKID +ELFUTILS +KMOD +IDN2 -IDN +PCRE2 default-hierarchy=hybrid)
[    1.895697] systemd[1]: Detected virtualization oracle.
[    1.895700] systemd[1]: Detected architecture x86-64.
[    1.896986] systemd[1]: Set hostname to <ztg>.
[    2.025123] systemd[1]: /lib/systemd/system/dbus.socket:5: ListenStream= references a path below legacy directory /var/run/, updating /var/run/dbus/system_bus_socket â†’ /run/dbus/system_bus_socket; please update the unit file accordingly.
[    2.076976] systemd[1]: Created slice system-modprobe.slice.
[    2.077165] systemd[1]: Created slice User and Session Slice.
[    2.077209] systemd[1]: Started Forward Password Requests to Wall Directory Watch.
[    2.077374] systemd[1]: Set up automount Arbitrary Executable File Formats File System Automount Point.
[    2.077407] systemd[1]: Reached target User and Group Name Lookups.
[    2.077414] systemd[1]: Reached target Remote File Systems.
[    2.077422] systemd[1]: Reached target Slices.
[    2.077971] systemd[1]: Listening on Syslog Socket.
[    2.078038] systemd[1]: Listening on fsck to fsckd communication Socket.
[    2.078074] systemd[1]: Listening on initctl Compatibility Named Pipe.
[    2.078205] systemd[1]: Listening on Journal Audit Socket.
[    2.078257] systemd[1]: Listening on Journal Socket (/dev/log).
[    2.078324] systemd[1]: Listening on Journal Socket.
[    2.078386] systemd[1]: Listening on udev Control Socket.
[    2.078424] systemd[1]: Listening on udev Kernel Socket.
[    2.079118] systemd[1]: Mounting Huge Pages File System...
[    2.080083] systemd[1]: Mounting POSIX Message Queue File System...
[    2.080939] systemd[1]: Mounting Kernel Debug File System...
[    2.081808] systemd[1]: Mounting Kernel Trace File System...
[    2.083660] systemd[1]: Starting Journal Service...
[    2.105607] systemd[1]: Starting Set the console keyboard layout...
[    2.113295] systemd[1]: Starting Create list of static device nodes for the current kernel...
[    2.115060] systemd[1]: Starting Load Kernel Module drm...
[    2.116075] systemd[1]: Condition check resulted in Set Up Additional Binary Formats being skipped.
[    2.116118] systemd[1]: Condition check resulted in File System Check on Root Device being skipped.
[    2.129142] systemd[1]: Starting Load Kernel Modules...
[    2.138773] systemd[1]: Starting Remount Root and Kernel File Systems...
[    2.143491] systemd[1]: Starting udev Coldplug all Devices...
[    2.154472] systemd[1]: Starting Uncomplicated firewall...
[    2.155755] systemd[1]: Mounted Huge Pages File System.
[    2.155841] systemd[1]: Mounted POSIX Message Queue File System.
[    2.155912] systemd[1]: Mounted Kernel Debug File System.
[    2.155978] systemd[1]: Mounted Kernel Trace File System.
[    2.175618] EXT4-fs (sda2): re-mounted. Opts: errors=remount-ro
[    2.192497] systemd[1]: Finished Create list of static device nodes for the current kernel.
[    2.193515] systemd[1]: modprobe@drm.service: Succeeded.
[    2.199422] systemd[1]: Finished Load Kernel Module drm.
[    2.200084] systemd[1]: Finished Remount Root and Kernel File Systems.
[    2.201089] systemd[1]: Finished Uncomplicated firewall.
[    2.217793] lp: driver loaded but no devices found
[    2.219016] systemd[1]: Condition check resulted in Rebuild Hardware Database being skipped.
[    2.219052] systemd[1]: Condition check resulted in Platform Persistent Storage Archival being skipped.
[    2.219692] systemd[1]: Starting Load/Save Random Seed...
[    2.224890] systemd[1]: Starting Create System Users...
[    2.235196] systemd[1]: Finished Load/Save Random Seed.
[    2.236728] ppdev: user-space parallel port driver
[    2.240393] systemd[1]: Finished Create System Users.
[    2.241068] systemd[1]: Starting Create Static Device Nodes in /dev...
[    2.300484] systemd[1]: Finished Create Static Device Nodes in /dev.
[    2.301245] systemd[1]: Starting udev Kernel Device Manager...
[    2.311487] systemd[1]: Finished udev Coldplug all Devices.
[    2.325896] [drm] DMA map mode: Caching DMA mappings.
[    2.326125] [drm] Capabilities:
[    2.326125] [drm]   Rect copy.
[    2.326125] [drm]   Cursor.
[    2.326126] [drm]   Cursor bypass.
[    2.326126] [drm]   Cursor bypass 2.
[    2.326126] [drm]   Alpha cursor.
[    2.326127] [drm]   Extended Fifo.
[    2.326127] [drm]   Pitchlock.
[    2.326127] [drm]   Irq mask.
[    2.326128] [drm]   GMR.
[    2.326128] [drm]   Traces.
[    2.326128] [drm]   GMR2.
[    2.326129] [drm]   Screen Object 2.
[    2.326129] [drm]   Command Buffers.
[    2.326129] [drm]   Command Buffers 2.
[    2.326130] [drm]   Guest Backed Resources.
[    2.326131] [drm] Max GMR ids is 8192
[    2.326131] [drm] Max number of GMR pages is 1048576
[    2.326132] [drm] Max dedicated hypervisor surface memory is 393216 kiB
[    2.326132] [drm] Maximum display memory size is 131072 kiB
[    2.326133] [drm] VRAM at 0xe0000000 size is 131072 kiB
[    2.326134] [drm] MMIO at 0xf0000000 size is 2048 kiB
[    2.335466] [TTM] Zone  kernel: Available graphics memory: 1011744 KiB
[    2.335468] [TTM] Initializing pool allocator
[    2.335471] [TTM] Initializing DMA pool allocator
[    2.335500] [drm] Supports vblank timestamp caching Rev 2 (21.10.2013).
[    2.335500] [drm] No driver support for vblank timestamp query.
[    2.335728] [drm] Screen Target Display device initialized
[    2.335911] [drm] width 720
[    2.335920] [drm] height 400
[    2.335923] [drm] bpp 32
[    2.336463] [drm] Fifo max 0x00200000 min 0x00001000 cap 0x00000355
[    2.337554] [drm] Using command buffers with DMA pool.
[    2.337558] [drm] DX: no.
[    2.337558] [drm] Atomic: yes.
[    2.337559] [drm] SM4_1: no.
[    2.337576] [drm:vmw_host_log [vmwgfx]] *ERROR* Failed to send host log message.
[    2.338488] [drm:vmw_host_log [vmwgfx]] *ERROR* Failed to send host log message.
[    2.360177] fbcon: svgadrmfb (fb0) is primary device
[    2.362285] Console: switching to colour frame buffer device 100x37
[    2.370945] [drm] Initialized vmwgfx 2.15.0 20180704 for 0000:00:02.0 on minor 0
[    2.376364] systemd[1]: Finished Load Kernel Modules.
[    2.377277] systemd[1]: Mounting FUSE Control File System...
[    2.378466] systemd[1]: Mounting Kernel Configuration File System...
[    2.392197] systemd[1]: Starting Apply Kernel Variables...
[    2.397936] systemd[1]: Finished Set the console keyboard layout.
[    2.398666] systemd[1]: Mounted FUSE Control File System.
[    2.398742] systemd[1]: Reached target Local File Systems (Pre).
[    2.398761] systemd[1]: Condition check resulted in VMware vmblock fuse mount being skipped.
[    2.410024] systemd[1]: Mounting Mount unit for bare, revision 5...
[    2.412150] systemd[1]: Mounting Mount unit for core18, revision 1705...
[    2.435682] systemd[1]: Mounting Mount unit for gnome-3-34-1804, revision 24...
[    2.444927] systemd[1]: Mounting Mount unit for gtk-common-themes, revision 1506...
[    2.453688] systemd[1]: Mounting Mount unit for gtk-common-themes, revision 1535...
[    2.458447] systemd[1]: Mounting Mount unit for snap-store, revision 433...
[    2.464553] systemd[1]: Mounting Mount unit for snapd, revision 25935...
[    2.465783] systemd[1]: Mounted Kernel Configuration File System.
[    2.487387] systemd[1]: Finished Apply Kernel Variables.
[    2.489791] systemd[1]: Mounted Mount unit for core18, revision 1705.
[    2.496931] systemd[1]: Mounted Mount unit for bare, revision 5.
[    2.497052] systemd[1]: Mounted Mount unit for gnome-3-34-1804, revision 24.
[    2.499145] systemd[1]: Started udev Kernel Device Manager.
[    2.499910] systemd[1]: Starting Show Plymouth Boot Screen...
[    2.505667] systemd[1]: Received SIGRTMIN+20 from PID 270 (plymouthd).
[    2.531894] systemd[1]: Started Show Plymouth Boot Screen.
[    2.535268] systemd[1]: Condition check resulted in Dispatch Password Requests to Console Directory Watch being skipped.
[    2.535362] systemd[1]: Started Forward Password Requests to Plymouth Directory Watch.
[    2.535486] systemd[1]: Reached target Local Encrypted Volumes.
[    2.552093] systemd[1]: Mounted Mount unit for gtk-common-themes, revision 1506.
[    2.552350] systemd[1]: Mounted Mount unit for gtk-common-themes, revision 1535.
[    2.587664] systemd[1]: Mounted Mount unit for snap-store, revision 433.
[    2.587890] systemd[1]: Mounted Mount unit for snapd, revision 25935.
[    2.588049] systemd[1]: Reached target Local File Systems.
[    2.588878] systemd[1]: Starting Load AppArmor profiles...
[    2.591240] systemd[1]: Starting Set console font and keymap...
[    2.617744] systemd[1]: Starting Tell Plymouth To Write Out Runtime Data...
[    2.620532] systemd[1]: Condition check resulted in Store a System Token in an EFI Variable being skipped.
[    2.620584] systemd[1]: Condition check resulted in Commit a transient machine-id on disk being skipped.
[    2.624436] systemd[1]: Finished Set console font and keymap.
[    2.632726] systemd[1]: Received SIGRTMIN+20 from PID 270 (plymouthd).
[    2.633343] systemd[1]: plymouth-read-write.service: Succeeded.
[    2.633596] systemd[1]: Finished Tell Plymouth To Write Out Runtime Data.
[    2.649415] audit: type=1400 audit(1768921195.504:2): apparmor="STATUS" operation="profile_load" profile="unconfined" name="nvidia_modprobe" pid=299 comm="apparmor_parser"
[    2.649417] audit: type=1400 audit(1768921195.504:3): apparmor="STATUS" operation="profile_load" profile="unconfined" name="nvidia_modprobe//kmod" pid=299 comm="apparmor_parser"
[    2.661901] audit: type=1400 audit(1768921195.516:4): apparmor="STATUS" operation="profile_load" profile="unconfined" name="/usr/sbin/tcpdump" pid=300 comm="apparmor_parser"
[    2.707490] audit: type=1400 audit(1768921195.556:5): apparmor="STATUS" operation="profile_load" profile="unconfined" name="/usr/bin/evince" pid=302 comm="apparmor_parser"
[    2.707492] audit: type=1400 audit(1768921195.556:6): apparmor="STATUS" operation="profile_load" profile="unconfined" name="/usr/bin/evince//sanitized_helper" pid=302 comm="apparmor_parser"
[    2.707494] audit: type=1400 audit(1768921195.556:7): apparmor="STATUS" operation="profile_load" profile="unconfined" name="/usr/bin/evince-previewer" pid=302 comm="apparmor_parser"
[    2.707495] audit: type=1400 audit(1768921195.556:8): apparmor="STATUS" operation="profile_load" profile="unconfined" name="/usr/bin/evince-previewer//sanitized_helper" pid=302 comm="apparmor_parser"
[    2.707497] audit: type=1400 audit(1768921195.556:9): apparmor="STATUS" operation="profile_load" profile="unconfined" name="/usr/bin/evince-thumbnailer" pid=302 comm="apparmor_parser"
[    2.723666] audit: type=1400 audit(1768921195.576:10): apparmor="STATUS" operation="profile_load" profile="unconfined" name="/usr/lib/cups/backend/cups-pdf" pid=303 comm="apparmor_parser"
[    2.801284] systemd[1]: Finished Load AppArmor profiles.
[    2.802248] systemd[1]: Starting Load AppArmor profiles managed internally by snapd...
[    2.922462] systemd[1]: Finished Load AppArmor profiles managed internally by snapd.
[    3.080505] systemd[1]: Started Journal Service.
[    3.088987] systemd-journald[228]: Received client request to flush runtime journal.
[    4.369764] RAPL PMU: API unit is 2^-32 Joules, 0 fixed counters, 10737418240 ms ovfl timer
[    4.464611] cryptd: max_cpu_qlen set to 1000
[    4.497150] AVX2 version of gcm_enc/dec engaged.
[    4.497151] AES CTR mode by8 optimization enabled
[    6.299689] Adding 1998844k swap on /dev/sda1.  Priority:-2 extents:1 across:1998844k FS
[    7.576567] kauditd_printk_skb: 30 callbacks suppressed
[    7.576569] audit: type=1400 audit(1768921200.432:41): apparmor="DENIED" operation="capable" profile="/usr/sbin/cups-browsed" pid=510 comm="cups-browsed" capability=23  capname="sys_nice"
[    8.740447] pcnet32 0000:00:03.0 enp0s3: link up, 100Mbps, full-duplex
[    8.782497] e1000: enp0s8 NIC Link is Up 1000 Mbps Full Duplex, Flow Control: RX
[    8.782793] IPv6: ADDRCONF(NETDEV_CHANGE): enp0s8: link becomes ready
[    8.804900] e1000: enp0s9 NIC Link is Up 1000 Mbps Full Duplex, Flow Control: RX
[    8.805327] IPv6: ADDRCONF(NETDEV_CHANGE): enp0s9: link becomes ready
[    9.436712] device enp0s3 entered promiscuous mode
[    9.472411] audit: type=1400 audit(1768921202.316:42): apparmor="DENIED" operation="open" profile="/usr/sbin/tcpdump" name="/proc/sys/kernel/random/boot_id" pid=638 comm="tcpdump" requested_mask="r" denied_mask="r" fsuid=0 ouid=0
[    9.472605] audit: type=1400 audit(1768921202.316:43): apparmor="DENIED" operation="open" profile="/usr/sbin/tcpdump" name="/proc/sys/kernel/random/boot_id" pid=638 comm="tcpdump" requested_mask="r" denied_mask="r" fsuid=0 ouid=0
[    9.472647] audit: type=1400 audit(1768921202.316:44): apparmor="DENIED" operation="open" profile="/usr/sbin/tcpdump" name="/proc/sys/kernel/random/boot_id" pid=638 comm="tcpdump" requested_mask="r" denied_mask="r" fsuid=0 ouid=0
[    9.472701] audit: type=1400 audit(1768921202.316:45): apparmor="DENIED" operation="open" profile="/usr/sbin/tcpdump" name="/proc/sys/kernel/random/boot_id" pid=638 comm="tcpdump" requested_mask="r" denied_mask="r" fsuid=0 ouid=0
[    9.477011] audit: type=1400 audit(1768921202.332:46): apparmor="DENIED" operation="open" profile="/usr/sbin/tcpdump" name="/proc/sys/kernel/random/boot_id" pid=639 comm="tcpdump" requested_mask="r" denied_mask="r" fsuid=0 ouid=0
[    9.477413] audit: type=1400 audit(1768921202.332:47): apparmor="DENIED" operation="open" profile="/usr/sbin/tcpdump" name="/proc/sys/kernel/random/boot_id" pid=639 comm="tcpdump" requested_mask="r" denied_mask="r" fsuid=0 ouid=0
[    9.477618] audit: type=1400 audit(1768921202.332:48): apparmor="DENIED" operation="open" profile="/usr/sbin/tcpdump" name="/proc/sys/kernel/random/boot_id" pid=639 comm="tcpdump" requested_mask="r" denied_mask="r" fsuid=0 ouid=0
[    9.477682] audit: type=1400 audit(1768921202.332:49): apparmor="DENIED" operation="open" profile="/usr/sbin/tcpdump" name="/proc/sys/kernel/random/boot_id" pid=639 comm="tcpdump" requested_mask="r" denied_mask="r" fsuid=0 ouid=0
[   15.432199] rfkill: input handler disabled
[  885.662481] rfkill: input handler enabled
[  895.285448] rfkill: input handler disabled
[ 1079.623692] device enp0s3 left promiscuous mode
