[    0.000000] Linux version 5.4.243-tcp (root@ztg) (gcc version 12.2.0 (Debian 12.2.0-14)) #1 SMP Fri Apr 12 08:27:09 CST 2024
[    0.000000] Command line: BOOT_IMAGE=/boot/vmlinuz-5.4.243-tcp root=UUID=98415a12-53b7-4144-8265-0f7ece09e445 ro quiet splash
[    0.000000] KERNEL supported cpus:
[    0.000000]   Intel GenuineIntel
[    0.000000]   AMD AuthenticAMD
[    0.000000]   Hygon HygonGenuine
[    0.000000]   Centaur CentaurHauls
[    0.000000]   zhaoxin   Shanghai  
[    0.000000] x86/fpu: Supporting XSAVE feature 0x001: 'x87 floating point registers'
[    0.000000] x86/fpu: Supporting XSAVE feature 0x002: 'SSE registers'
[    0.000000] x86/fpu: Supporting XSAVE feature 0x004: 'AVX registers'
[    0.000000] x86/fpu: xstate_offset[2]:  576, xstate_sizes[2]:  256
[    0.000000] x86/fpu: Enabled xstate features 0x7, context size is 832 bytes, using 'standard' format.
[    0.000000] BIOS-provided physical RAM map:
[    0.000000] BIOS-e820: [mem 0x0000000000000000-0x000000000009fbff] usable
[    0.000000] BIOS-e820: [mem 0x000000000009fc00-0x000000000009ffff] reserved
[    0.000000] BIOS-e820: [mem 0x00000000000f0000-0x00000000000fffff] reserved
[    0.000000] BIOS-e820: [mem 0x0000000000100000-0x000000007ffeffff] usable
[    0.000000] BIOS-e820: [mem 0x000000007fff0000-0x000000007fffffff] ACPI data
[    0.000000] BIOS-e820: [mem 0x00000000fec00000-0x00000000fec00fff] reserved
[    0.000000] BIOS-e820: [mem 0x00000000fee00000-0x00000000fee00fff] reserved
[    0.000000] BIOS-e820: [mem 0x00000000fffc0000-0x00000000ffffffff] reserved
[    0.000000] NX (Execute Disable) protection: active
[    0.000000] SMBIOS 2.5 present.
[    0.000000] DMI: innotek GmbH VirtualBox/VirtualBox, BIOS VirtualBox 12/01/2006
[    0.000000] Hypervisor detected: KVM
[    0.000000] kvm-clock: Using msrs 4b564d01 and 4b564d00
[    0.000000] kvm-clock: cpu 0, msr 2c401001, primary cpu clock
[    0.000000] kvm-clock: using sched offset of 4489441597 cycles
[    0.000003] clocksource: kvm-clock: mask: 0xffffffffffffffff max_cycles: 0x1cd42e4dffb, max_idle_ns: 881590591483 ns
[    0.000006] tsc: Detected 2100.000 MHz processor
[    0.001893] e820: update [mem 0x00000000-0x00000fff] usable ==> reserved
[    0.001895] e820: remove [mem 0x000a0000-0x000fffff] usable
[    0.001899] last_pfn = 0x7fff0 max_arch_pfn = 0x400000000
[    0.001969] MTRR default type: uncachable
[    0.001970] MTRR fixed ranges enabled:
[    0.001971]   00000-9FFFF write-back
[    0.001972]   A0000-BFFFF uncachable
[    0.001973]   C0000-FFFFF write-protect
[    0.001973] MTRR variable ranges enabled:
[    0.001975]   0 base 000000000000 mask 3FFF80000000 write-back
[    0.001975]   1 disabled
[    0.001976]   2 disabled
[    0.001976]   3 disabled
[    0.001977]   4 disabled
[    0.001977]   5 disabled
[    0.001977]   6 disabled
[    0.001978]   7 disabled
[    0.001978]   8 disabled
[    0.001979]   9 disabled
[    0.001979]   10 disabled
[    0.001980]   11 disabled
[    0.001980]   12 disabled
[    0.001980]   13 disabled
[    0.001981]   14 disabled
[    0.001981]   15 disabled
[    0.001998] x86/PAT: Configuration [0-7]: WB  WC  UC- UC  WB  WP  UC- WT  
[    0.002133] found SMP MP-table at [mem 0x0009fff0-0x0009ffff]
[    0.092238] check: Scanning 1 areas for low memory corruption
[    0.092359] RAMDISK: [mem 0x32275000-0x35131fff]
[    0.092367] ACPI: Early table checksum verification disabled
[    0.092373] ACPI: RSDP 0x00000000000E0000 000024 (v02 VBOX  )
[    0.092377] ACPI: XSDT 0x000000007FFF0030 00003C (v01 VBOX   VBOXXSDT 00000001 ASL  00000061)
[    0.092383] ACPI: FACP 0x000000007FFF00F0 0000F4 (v04 VBOX   VBOXFACP 00000001 ASL  00000061)
[    0.092390] ACPI: DSDT 0x000000007FFF02E0 002353 (v02 VBOX   VBOXBIOS 00000002 VBOX 00029BF3)
[    0.092394] ACPI: FACS 0x000000007FFF0200 000040
[    0.092398] ACPI: FACS 0x000000007FFF0200 000040
[    0.092401] ACPI: APIC 0x000000007FFF0240 000054 (v02 VBOX   VBOXAPIC 00000001 ASL  00000061)
[    0.092404] ACPI: SSDT 0x000000007FFF02A0 000038 (v01 VBOX   VBOXCPUT 00000002 VBOX 00029BF3)
[    0.092407] ACPI: Reserving FACP table memory at [mem 0x7fff00f0-0x7fff01e3]
[    0.092408] ACPI: Reserving DSDT table memory at [mem 0x7fff02e0-0x7fff2632]
[    0.092409] ACPI: Reserving FACS table memory at [mem 0x7fff0200-0x7fff023f]
[    0.092410] ACPI: Reserving FACS table memory at [mem 0x7fff0200-0x7fff023f]
[    0.092410] ACPI: Reserving APIC table memory at [mem 0x7fff0240-0x7fff0293]
[    0.092411] ACPI: Reserving SSDT table memory at [mem 0x7fff02a0-0x7fff02d7]
[    0.092426] ACPI: Local APIC address 0xfee00000
[    0.092616] No NUMA configuration found
[    0.092617] Faking a node at [mem 0x0000000000000000-0x000000007ffeffff]
[    0.092628] NODE_DATA(0) allocated [mem 0x7ffc5000-0x7ffeffff]
[    0.092889] Zone ranges:
[    0.092890]   DMA      [mem 0x0000000000001000-0x0000000000ffffff]
[    0.092891]   DMA32    [mem 0x0000000001000000-0x000000007ffeffff]
[    0.092892]   Normal   empty
[    0.092893]   Device   empty
[    0.092894] Movable zone start for each node
[    0.092896] Early memory node ranges
[    0.092897]   node   0: [mem 0x0000000000001000-0x000000000009efff]
[    0.092897]   node   0: [mem 0x0000000000100000-0x000000007ffeffff]
[    0.092901] Zeroed struct page in unavailable ranges: 114 pages
[    0.092902] Initmem setup node 0 [mem 0x0000000000001000-0x000000007ffeffff]
[    0.092903] On node 0 totalpages: 524174
[    0.092904]   DMA zone: 64 pages used for memmap
[    0.092905]   DMA zone: 21 pages reserved
[    0.092906]   DMA zone: 3998 pages, LIFO batch:0
[    0.092976]   DMA32 zone: 8128 pages used for memmap
[    0.092976]   DMA32 zone: 520176 pages, LIFO batch:63
[    0.101894] ACPI: PM-Timer IO Port: 0x4008
[    0.101898] ACPI: Local APIC address 0xfee00000
[    0.101973] IOAPIC[0]: apic_id 1, version 32, address 0xfec00000, GSI 0-23
[    0.101976] ACPI: INT_SRC_OVR (bus 0 bus_irq 0 global_irq 2 dfl dfl)
[    0.101978] ACPI: INT_SRC_OVR (bus 0 bus_irq 9 global_irq 9 low level)
[    0.101980] ACPI: IRQ0 used by override.
[    0.101981] ACPI: IRQ9 used by override.
[    0.101984] Using ACPI (MADT) for SMP configuration information
[    0.101992] smpboot: Allowing 1 CPUs, 0 hotplug CPUs
[    0.102015] PM: Registered nosave memory: [mem 0x00000000-0x00000fff]
[    0.102016] PM: Registered nosave memory: [mem 0x0009f000-0x0009ffff]
[    0.102017] PM: Registered nosave memory: [mem 0x000a0000-0x000effff]
[    0.102017] PM: Registered nosave memory: [mem 0x000f0000-0x000fffff]
[    0.102019] [mem 0x80000000-0xfebfffff] available for PCI devices
[    0.102020] Booting paravirtualized kernel on KVM
[    0.102023] clocksource: refined-jiffies: mask: 0xffffffff max_cycles: 0xffffffff, max_idle_ns: 7645519600211568 ns
[    0.102028] setup_percpu: NR_CPUS:8192 nr_cpumask_bits:1 nr_cpu_ids:1 nr_node_ids:1
[    0.103098] percpu: Embedded 60 pages/cpu s208896 r8192 d28672 u2097152
[    0.103103] pcpu-alloc: s208896 r8192 d28672 u2097152 alloc=1*2097152
[    0.103104] pcpu-alloc: [0] 0 
[    0.103131] Built 1 zonelists, mobility grouping on.  Total pages: 515961
[    0.103132] Policy zone: DMA32
[    0.103133] Kernel command line: BOOT_IMAGE=/boot/vmlinuz-5.4.243-tcp root=UUID=98415a12-53b7-4144-8265-0f7ece09e445 ro quiet splash
[    0.104060] Dentry cache hash table entries: 262144 (order: 9, 2097152 bytes, linear)
[    0.104209] Inode-cache hash table entries: 131072 (order: 8, 1048576 bytes, linear)
[    0.104263] mem auto-init: stack:off, heap alloc:on, heap free:off
[    0.104266] Calgary: detecting Calgary via BIOS EBDA area
[    0.104267] Calgary: Unable to locate Rio Grande table in EBDA - bailing!
[    0.108578] Memory: 1967340K/2096696K available (14339K kernel code, 2392K rwdata, 4692K rodata, 2720K init, 17272K bss, 129356K reserved, 0K cma-reserved)
[    0.109501] SLUB: HWalign=64, Order=0-3, MinObjects=0, CPUs=1, Nodes=1
[    0.109518] ftrace: allocating 42894 entries in 168 pages
[    0.127386] rcu: Hierarchical RCU implementation.
[    0.127388] rcu: 	RCU restricting CPUs from NR_CPUS=8192 to nr_cpu_ids=1.
[    0.127389] 	Tasks RCU enabled.
[    0.127390] rcu: RCU calculated value of scheduler-enlistment delay is 25 jiffies.
[    0.127391] rcu: Adjusting geometry for rcu_fanout_leaf=16, nr_cpu_ids=1
[    0.130345] NR_IRQS: 524544, nr_irqs: 256, preallocated irqs: 16
[    0.130560] random: crng init done
[    0.139968] Console: colour VGA+ 80x25
[    0.139972] printk: console [tty0] enabled
[    0.139995] ACPI: Core revision 20190816
[    0.140102] APIC: Switch to symmetric I/O mode setup
[    0.140354] x2apic enabled
[    0.140595] Switched APIC routing to physical x2apic.
[    0.141729] ..TIMER: vector=0x30 apic1=0 pin1=2 apic2=-1 pin2=-1
[    0.141754] clocksource: tsc-early: mask: 0xffffffffffffffff max_cycles: 0x1e4530a99b6, max_idle_ns: 440795257976 ns
[    0.141760] Calibrating delay loop (skipped) preset value.. 4200.00 BogoMIPS (lpj=8400000)
[    0.141763] pid_max: default: 32768 minimum: 301
[    0.141792] LSM: Security Framework initializing
[    0.141802] Yama: becoming mindful.
[    0.141828] AppArmor: AppArmor initialized
[    0.141863] Mount-cache hash table entries: 4096 (order: 3, 32768 bytes, linear)
[    0.141867] Mountpoint-cache hash table entries: 4096 (order: 3, 32768 bytes, linear)
[    0.141878] *** VALIDATE tmpfs ***
[    0.142010] *** VALIDATE proc ***
[    0.142053] *** VALIDATE cgroup1 ***
[    0.142055] *** VALIDATE cgroup2 ***
[    0.142200] process: using mwait in idle threads
[    0.142205] Last level iTLB entries: 4KB 64, 2MB 8, 4MB 8
[    0.142205] Last level dTLB entries: 4KB 64, 2MB 0, 4MB 0, 1GB 4
[    0.142227] Spectre V1 : Mitigation: usercopy/swapgs barriers and __user pointer sanitization
[    0.142232] Spectre V2 : Mitigation: Retpolines
[    0.142233] Spectre V2 : Spectre v2 / SpectreRSB mitigation: Filling RSB on context switch
[    0.142233] Spectre V2 : Spectre v2 / SpectreRSB : Filling RSB on VMEXIT
[    0.142234] RETBleed: WARNING: Spectre v2 mitigation leaves CPU vulnerable to RETBleed attacks, data leaks possible!
[    0.142591] RETBleed: Vulnerable
[    0.142592] Speculative Store Bypass: Vulnerable
[    0.142597] TAA: Mitigation: TSX disabled
[    0.142597] MMIO Stale Data: Mitigation: Clear CPU buffers
[    0.146819] Freeing SMP alternatives memory: 40K
[    0.259273] smpboot: CPU0: Intel(R) Xeon(R) Silver 4216 CPU @ 2.10GHz (family: 0x6, model: 0x55, stepping: 0x7)
[    0.259418] Performance Events: unsupported p6 CPU model 85 no PMU driver, software events only.
[    0.259454] rcu: Hierarchical SRCU implementation.
[    0.259930] NMI watchdog: Perf NMI watchdog permanently disabled
[    0.259968] smp: Bringing up secondary CPUs ...
[    0.259969] smp: Brought up 1 node, 1 CPU
[    0.259970] smpboot: Max logical packages: 1
[    0.259972] smpboot: Total of 1 processors activated (4200.00 BogoMIPS)
[    0.260966] devtmpfs: initialized
[    0.261016] x86/mm: Memory block size: 128MB
[    0.261368] clocksource: jiffies: mask: 0xffffffff max_cycles: 0xffffffff, max_idle_ns: 7645041785100000 ns
[    0.261373] futex hash table entries: 256 (order: 2, 16384 bytes, linear)
[    0.261417] pinctrl core: initialized pinctrl subsystem
[    0.261519] PM: RTC time: 14:59:29, date: 2026-01-20
[    0.261628] NET: Registered protocol family 16
[    0.261701] audit: initializing netlink subsys (disabled)
[    0.261756] EISA bus registered
[    0.261756] cpuidle: using governor ladder
[    0.261756] cpuidle: using governor menu
[    0.261756] ACPI: bus type PCI registered
[    0.261756] acpiphp: ACPI Hot Plug PCI Controller Driver version: 0.5
[    0.261756] PCI: Using configuration type 1 for base access
[    0.262019] audit: type=2000 audit(1768892375.890:1): state=initialized audit_enabled=0 res=1
[    0.262100] HugeTLB registered 2.00 MiB page size, pre-allocated 0 pages
[    0.262922] ACPI: Added _OSI(Module Device)
[    0.262923] ACPI: Added _OSI(Processor Device)
[    0.262924] ACPI: Added _OSI(3.0 _SCP Extensions)
[    0.262924] ACPI: Added _OSI(Processor Aggregator Device)
[    0.262925] ACPI: Added _OSI(Linux-Dell-Video)
[    0.262926] ACPI: Added _OSI(Linux-Lenovo-NV-HDMI-Audio)
[    0.262927] ACPI: Added _OSI(Linux-HPI-Hybrid-Graphics)
[    0.264893] ACPI: 2 ACPI AML tables successfully acquired and loaded
[    0.266502] ACPI: Interpreter enabled
[    0.266512] ACPI: (supports S0 S5)
[    0.266514] ACPI: Using IOAPIC for interrupt routing
[    0.266717] PCI: Using host bridge windows from ACPI; if necessary, use "pci=nocrs" and report a bug
[    0.266825] ACPI: Enabled 2 GPEs in block 00 to 07
[    0.271665] ACPI: PCI Root Bridge [PCI0] (domain 0000 [bus 00-ff])
[    0.271670] acpi PNP0A03:00: _OSC: OS supports [ASPM ClockPM Segments MSI HPX-Type3]
[    0.272129] acpi PNP0A03:00: _OSC: not requesting OS control; OS requires [ExtendedConfig ASPM ClockPM MSI]
[    0.272138] acpi PNP0A03:00: fail to add MMCONFIG information, can't access extended PCI configuration space under this bridge.
[    0.272522] PCI host bridge to bus 0000:00
[    0.272524] pci_bus 0000:00: root bus resource [io  0x0000-0x0cf7 window]
[    0.272525] pci_bus 0000:00: root bus resource [io  0x0d00-0xffff window]
[    0.272526] pci_bus 0000:00: root bus resource [mem 0x000a0000-0x000bffff window]
[    0.272528] pci_bus 0000:00: root bus resource [mem 0x80000000-0xfdffffff window]
[    0.272529] pci_bus 0000:00: root bus resource [bus 00-ff]
[    0.272573] pci 0000:00:00.0: [8086:1237] type 00 class 0x060000
[    0.273546] pci 0000:00:01.0: [8086:7000] type 00 class 0x060100
[    0.274380] pci 0000:00:01.1: [8086:7111] type 00 class 0x01018a
[    0.274803] pci 0000:00:01.1: reg 0x20: [io  0xd000-0xd00f]
[    0.274969] pci 0000:00:01.1: legacy IDE quirk: reg 0x10: [io  0x01f0-0x01f7]
[    0.274971] pci 0000:00:01.1: legacy IDE quirk: reg 0x14: [io  0x03f6]
[    0.274972] pci 0000:00:01.1: legacy IDE quirk: reg 0x18: [io  0x0170-0x0177]
[    0.274973] pci 0000:00:01.1: legacy IDE quirk: reg 0x1c: [io  0x0376]
[    0.275575] pci 0000:00:02.0: [15ad:0405] type 00 class 0x030000
[    0.277852] pci 0000:00:02.0: reg 0x10: [io  0xd010-0xd01f]
[    0.281801] pci 0000:00:02.0: reg 0x14: [mem 0xe0000000-0xe7ffffff pref]
[    0.284785] pci 0000:00:02.0: reg 0x18: [mem 0xf0000000-0xf01fffff]
[    0.296416] pci 0000:00:03.0: [1022:2000] type 00 class 0x020000
[    0.297919] pci 0000:00:03.0: reg 0x10: [io  0xd020-0xd03f]
[    0.298948] pci 0000:00:03.0: reg 0x14: [mem 0xf0200000-0xf0200fff]
[    0.304026] pci 0000:00:04.0: [80ee:cafe] type 00 class 0x088000
[    0.304783] pci 0000:00:04.0: reg 0x10: [io  0xd040-0xd05f]
[    0.305453] pci 0000:00:04.0: reg 0x14: [mem 0xf0400000-0xf07fffff]
[    0.305872] pci 0000:00:04.0: reg 0x18: [mem 0xf0800000-0xf0803fff pref]
[    0.309625] pci 0000:00:07.0: [8086:7113] type 00 class 0x068000
[    0.310238] pci 0000:00:07.0: quirk: [io  0x4000-0x403f] claimed by PIIX4 ACPI
[    0.310249] pci 0000:00:07.0: quirk: [io  0x4100-0x410f] claimed by PIIX4 SMB
[    0.310869] pci 0000:00:08.0: [8086:100e] type 00 class 0x020000
[    0.311692] pci 0000:00:08.0: reg 0x10: [mem 0xf0820000-0xf083ffff]
[    0.312983] pci 0000:00:08.0: reg 0x18: [io  0xd060-0xd067]
[    0.315993] pci 0000:00:09.0: [8086:100e] type 00 class 0x020000
[    0.316725] pci 0000:00:09.0: reg 0x10: [mem 0xf0840000-0xf085ffff]
[    0.318929] pci 0000:00:09.0: reg 0x18: [io  0xd068-0xd06f]
[    0.326903] ACPI: PCI Interrupt Link [LNKA] (IRQs 5 9 10 *11)
[    0.329935] ACPI: PCI Interrupt Link [LNKB] (IRQs 5 9 *10 11)
[    0.330038] ACPI: PCI Interrupt Link [LNKC] (IRQs 5 *9 10 11)
[    0.330142] ACPI: PCI Interrupt Link [LNKD] (IRQs 5 9 10 *11)
[    0.330423] iommu: Default domain type: Translated 
[    0.330484] pci 0000:00:02.0: vgaarb: setting as boot VGA device
[    0.330486] pci 0000:00:02.0: vgaarb: VGA device added: decodes=io+mem,owns=io+mem,locks=none
[    0.330488] pci 0000:00:02.0: vgaarb: bridge control possible
[    0.330489] vgaarb: loaded
[    0.330708] SCSI subsystem initialized
[    0.330741] libata version 3.00 loaded.
[    0.330770] ACPI: bus type USB registered
[    0.330785] usbcore: registered new interface driver usbfs
[    0.330791] usbcore: registered new interface driver hub
[    0.330795] usbcore: registered new device driver usb
[    0.330826] pps_core: LinuxPPS API ver. 1 registered
[    0.330826] pps_core: Software ver. 5.3.6 - Copyright 2005-2007 Rodolfo Giometti <giometti@linux.it>
[    0.330828] PTP clock support registered
[    0.330865] EDAC MC: Ver: 3.0.0
[    0.331158] PCI: Using ACPI for IRQ routing
[    0.331159] PCI: pci_cache_line_size set to 64 bytes
[    0.331336] e820: reserve RAM buffer [mem 0x0009fc00-0x0009ffff]
[    0.331340] e820: reserve RAM buffer [mem 0x7fff0000-0x7fffffff]
[    0.331466] NetLabel: Initializing
[    0.331467] NetLabel:  domain hash size = 128
[    0.331467] NetLabel:  protocols = UNLABELED CIPSOv4 CALIPSO
[    0.331486] NetLabel:  unlabeled traffic allowed by default
[    0.333085] clocksource: Switched to clocksource kvm-clock
[    0.344571] *** VALIDATE bpf ***
[    0.344634] VFS: Disk quotas dquot_6.6.0
[    0.344646] VFS: Dquot-cache hash table entries: 512 (order 0, 4096 bytes)
[    0.344670] *** VALIDATE ramfs ***
[    0.344674] *** VALIDATE hugetlbfs ***
[    0.344756] AppArmor: AppArmor Filesystem Enabled
[    0.344786] pnp: PnP ACPI init
[    0.344861] pnp 00:00: Plug and Play ACPI device, IDs PNP0303 (active)
[    0.344932] pnp 00:01: Plug and Play ACPI device, IDs PNP0f03 (active)
[    0.345670] pnp: PnP ACPI: found 2 devices
[    0.346652] thermal_sys: Registered thermal governor 'fair_share'
[    0.346653] thermal_sys: Registered thermal governor 'bang_bang'
[    0.346654] thermal_sys: Registered thermal governor 'step_wise'
[    0.346654] thermal_sys: Registered thermal governor 'user_space'
[    0.346655] thermal_sys: Registered thermal governor 'power_allocator'
[    0.351184] clocksource: acpi_pm: mask: 0xffffff max_cycles: 0xffffff, max_idle_ns: 2085701024 ns
[    0.351225] pci_bus 0000:00: resource 4 [io  0x0000-0x0cf7 window]
[    0.351227] pci_bus 0000:00: resource 5 [io  0x0d00-0xffff window]
[    0.351228] pci_bus 0000:00: resource 6 [mem 0x000a0000-0x000bffff window]
[    0.351229] pci_bus 0000:00: resource 7 [mem 0x80000000-0xfdffffff window]
[    0.351286] NET: Registered protocol family 2
[    0.351286] IP idents hash table entries: 32768 (order: 6, 262144 bytes, linear)
[    0.351286] tcp_listen_portaddr_hash hash table entries: 1024 (order: 2, 16384 bytes, linear)
[    0.351286] TCP established hash table entries: 16384 (order: 5, 131072 bytes, linear)
[    0.351286] TCP bind hash table entries: 16384 (order: 6, 262144 bytes, linear)
[    0.351286] TCP: Hash tables configured (established 16384 bind 16384)
[    0.351286] UDP hash table entries: 1024 (order: 3, 32768 bytes, linear)
[    0.351286] UDP-Lite hash table entries: 1024 (order: 3, 32768 bytes, linear)
[    0.351286] NET: Registered protocol family 1
[    0.351286] NET: Registered protocol family 44
[    0.352055] pci 0000:00:00.0: Limiting direct PCI/PCI transfers
[    0.352068] pci 0000:00:01.0: Activating ISA DMA hang workarounds
[    0.352127] pci 0000:00:02.0: Video device with shadowed ROM at [mem 0x000c0000-0x000dffff]
[    0.352190] PCI: CLS 0 bytes, default 64
[    0.352255] Trying to unpack rootfs image as initramfs...
[    0.531373] Freeing initrd memory: 47860K
[    0.531373] clocksource: tsc: mask: 0xffffffffffffffff max_cycles: 0x1e4530a99b6, max_idle_ns: 440795257976 ns
[    0.531373] clocksource: Switched to clocksource tsc
[    0.531373] platform rtc_cmos: registered platform RTC device (no PNP device found)
[    0.531373] check: Scanning for low memory corruption every 60 seconds
[    0.531373] Initialise system trusted keyrings
[    0.531373] Key type blacklist registered
[    0.531373] workingset: timestamp_bits=36 max_order=19 bucket_order=0
[    0.531373] zbud: loaded
[    0.531373] squashfs: version 4.0 (2009/01/31) Phillip Lougher
[    0.531373] fuse: init (API version 7.31)
[    0.531373] *** VALIDATE fuse ***
[    0.531373] *** VALIDATE fuse ***
[    0.531373] Platform Keyring initialized
[    0.546426] Key type asymmetric registered
[    0.546427] Asymmetric key parser 'x509' registered
[    0.546436] Block layer SCSI generic (bsg) driver version 0.4 loaded (major 244)
[    0.546476] io scheduler mq-deadline registered
[    0.546583] shpchp: Standard Hot Plug PCI Controller Driver version: 0.4
[    0.546802] ACPI: AC Adapter [AC] (on-line)
[    0.546848] input: Power Button as /devices/LNXSYSTM:00/LNXPWRBN:00/input/input0
[    0.546875] ACPI: Power Button [PWRF]
[    0.546965] input: Sleep Button as /devices/LNXSYSTM:00/LNXSLPBN:00/input/input1
[    0.546978] ACPI: Sleep Button [SLPF]
[    0.547233] Serial: 8250/16550 driver, 32 ports, IRQ sharing enabled
[    0.548425] Linux agpgart interface v0.103
[    0.643240] loop: module loaded
[    0.643388] ata_piix 0000:00:01.1: version 2.13
[    0.643803] scsi host0: ata_piix
[    0.643895] scsi host1: ata_piix
[    0.643923] ata1: PATA max UDMA/33 cmd 0x1f0 ctl 0x3f6 bmdma 0xd000 irq 14
[    0.643923] ata2: PATA max UDMA/33 cmd 0x170 ctl 0x376 bmdma 0xd008 irq 15
[    0.644003] tun: Universal TUN/TAP device driver, 1.6
[    0.644309] PPP generic driver version 2.4.2
[    0.644365] VFIO - User Level meta-driver version: 0.3
[    0.644606] ehci_hcd: USB 2.0 'Enhanced' Host Controller (EHCI) Driver
[    0.644611] ehci-pci: EHCI PCI platform driver
[    0.644626] ehci-platform: EHCI generic platform driver
[    0.644631] ohci_hcd: USB 1.1 'Open' Host Controller (OHCI) Driver
[    0.644633] ohci-pci: OHCI PCI platform driver
[    0.644639] ohci-platform: OHCI generic platform driver
[    0.644644] uhci_hcd: USB Universal Host Controller Interface driver
[    0.644702] i8042: PNP: PS/2 Controller [PNP0303:PS2K,PNP0f03:PS2M] at 0x60,0x64 irq 1,12
[    0.645154] serio: i8042 KBD port at 0x60,0x64 irq 1
[    0.645158] serio: i8042 AUX port at 0x60,0x64 irq 12
[    0.645246] mousedev: PS/2 mouse device common for all mice
[    0.645507] input: AT Translated Set 2 keyboard as /devices/platform/i8042/serio0/input/input2
[    0.645908] rtc_cmos rtc_cmos: registered as rtc0
[    0.645921] rtc_cmos rtc_cmos: alarms up to one day, 114 bytes nvram
[    0.645926] i2c /dev entries driver
[    0.645973] device-mapper: uevent: version 1.0.3
[    0.646014] device-mapper: ioctl: 4.41.0-ioctl (2019-09-16) initialised: dm-devel@redhat.com
[    0.646031] platform eisa.0: Probing EISA bus 0
[    0.646032] platform eisa.0: EISA: Cannot allocate resource for mainboard
[    0.646034] platform eisa.0: Cannot allocate resource for EISA slot 1
[    0.646035] platform eisa.0: Cannot allocate resource for EISA slot 2
[    0.646036] platform eisa.0: Cannot allocate resource for EISA slot 3
[    0.646037] platform eisa.0: Cannot allocate resource for EISA slot 4
[    0.646038] platform eisa.0: Cannot allocate resource for EISA slot 5
[    0.646039] platform eisa.0: Cannot allocate resource for EISA slot 6
[    0.646040] platform eisa.0: Cannot allocate resource for EISA slot 7
[    0.646041] platform eisa.0: Cannot allocate resource for EISA slot 8
[    0.646042] platform eisa.0: EISA: Detected 0 cards
[    0.646044] intel_pstate: CPU model not supported
[    0.646053] ledtrig-cpu: registered to indicate activity on CPUs
[    0.646106] drop_monitor: Initializing network drop monitor service
[    0.646270] NET: Registered protocol family 10
[    0.651390] Segment Routing with IPv6
[    0.651390] NET: Registered protocol family 17
[    0.651390] Key type dns_resolver registered
[    0.651390] RAS: Correctable Errors collector initialized.
[    0.651390] IPI shorthand broadcast: enabled
[    0.651390] sched_clock: Marking stable (636183923, 11206565)->(650201837, -2811349)
[    0.651682] registered taskstats version 1
[    0.651693] Loading compiled-in X.509 certificates
[    0.652280] Loaded X.509 cert 'Build time autogenerated kernel key: 0a9e52cc6eb58eed9b63e328679db6d5d5216245'
[    0.652298] zswap: loaded using pool lzo/zbud
[    0.652364] Key type ._fscrypt registered
[    0.652365] Key type .fscrypt registered
[    0.656912] Key type big_key registered
[    0.659285] Key type encrypted registered
[    0.659288] AppArmor: AppArmor sha1 policy hashing enabled
[    0.659297] ima: No TPM chip found, activating TPM-bypass!
[    0.659302] ima: Allocated hash algorithm: sha1
[    0.659308] ima: No architecture policies found
[    0.659320] evm: Initialising EVM extended attributes:
[    0.659320] evm: security.selinux
[    0.659321] evm: security.SMACK64
[    0.659321] evm: security.SMACK64EXEC
[    0.659322] evm: security.SMACK64TRANSMUTE
[    0.659322] evm: security.SMACK64MMAP
[    0.659322] evm: security.apparmor
[    0.659323] evm: security.ima
[    0.659323] evm: security.capability
[    0.659324] evm: HMAC attrs: 0x1
[    0.659633] PM:   Magic number: 10:399:991
[    0.659737] rtc_cmos rtc_cmos: setting system clock to 2026-01-20T14:59:30 UTC (1768921170)
[    0.818586] ata1.00: ATA-6: VBOX HARDDISK, 1.0, max UDMA/133
[    0.818593] ata1.00: 209715200 sectors, multi 128: LBA 
[    0.819735] scsi 0:0:0:0: Direct-Access     ATA      VBOX HARDDISK    1.0  PQ: 0 ANSI: 5
[    0.820203] sd 0:0:0:0: [sda] 209715200 512-byte logical blocks: (107 GB/100 GiB)
[    0.820224] sd 0:0:0:0: [sda] Write Protect is off
[    0.820229] sd 0:0:0:0: [sda] Mode Sense: 00 3a 00 00
[    0.820262] sd 0:0:0:0: [sda] Write cache: enabled, read cache: enabled, doesn't support DPO or FUA
[    0.820635] sd 0:0:0:0: Attached scsi generic sg0 type 0
[    0.821961]  sda: sda1 sda2
[    0.831692] sd 0:0:0:0: [sda] Attached SCSI disk
[    0.837014] Freeing unused decrypted memory: 2040K
[    0.838355] Freeing unused kernel image memory: 2720K
[    0.838359] Write protecting the kernel read-only data: 22528k
[    0.839848] Freeing unused kernel image memory: 2036K
[    0.840676] Freeing unused kernel image memory: 1452K
[    0.878984] x86/mm: Checked W+X mappings: passed, no W+X pages found.
[    0.878991] Run /init as init process
[    0.993990] ACPI: Video Device [GFX0] (multi-head: yes  rom: no  post: no)
[    0.994064] input: Video Bus as /devices/LNXSYSTM:00/LNXSYBUS:00/PNP0A03:00/LNXVIDEO:00/input/input4
[    1.006862] pcnet32: pcnet32.c:v1.35 21.Apr.2008 tsbogend@alpha.franken.de
[    1.007927] pcnet32: PCnet/FAST III 79C973 at 0xd020, 08:00:27:71:c8:87 assigned IRQ 19
[    1.007972] pcnet32: Found PHY 0022:561b at address 0
[    1.008278] pcnet32: eth0: registered as PCnet/FAST III 79C973
[    1.009064] pcnet32: 1 cards_found
[    1.010226] piix4_smbus 0000:00:07.0: SMBus Host Controller at 0x4100, revision 0
[    1.014488] e1000: Intel(R) PRO/1000 Network Driver - version 7.3.21-k8-NAPI
[    1.014489] e1000: Copyright (c) 1999-2006 Intel Corporation.
[    1.082927] pcnet32 0000:00:03.0 enp0s3: renamed from eth0
[    1.232363] input: ImExPS/2 Generic Explorer Mouse as /devices/platform/i8042/serio1/input/input5
[    1.423614] e1000 0000:00:08.0 eth0: (PCI:33MHz:32-bit) 08:00:27:80:9f:d5
[    1.423619] e1000 0000:00:08.0 eth0: Intel(R) PRO/1000 Network Connection
[    1.795508] e1000 0000:00:09.0 eth1: (PCI:33MHz:32-bit) 08:00:27:b8:82:a9
[    1.795511] e1000 0000:00:09.0 eth1: Intel(R) PRO/1000 Network Connection
[    1.796662] e1000 0000:00:09.0 enp0s9: renamed from eth1
[    1.798444] e1000 0000:00:08.0 enp0s8: renamed from eth0
[    1.853184] EXT4-fs (sda2): mounted filesystem with ordered data mode. Opts: (null)
[    1.944113] systemd[1]: Inserted module 'autofs4'
[    1.958193] systemd[1]: systemd 245.4-4ubuntu3 running in system mode. (+PAM +AUDIT +SELINUX +IMA +APPARMOR +SMACK +SYSVINIT +UTMP +LIBCRYPTSETUP +GCRYPT +GNUTLS +ACL +XZ +LZ4 +SECCOMP +BLKID +ELFUTILS +KMOD +IDN2 -IDN +PCRE2 default-hierarchy=hybrid)
[    1.958221] systemd[1]: Detected virtualization oracle.
[    1.958224] systemd[1]: Detected architecture x86-64.
[    1.959565] systemd[1]: Set hostname to <ztg>.
[    2.086764] systemd[1]: /lib/systemd/system/dbus.socket:5: ListenStream= references a path below legacy directory /var/run/, updating /var/run/dbus/system_bus_socket â†’ /run/dbus/system_bus_socket; please update the unit file accordingly.
[    2.140962] systemd[1]: Created slice system-modprobe.slice.
[    2.141160] systemd[1]: Created slice User and Session Slice.
[    2.141207] systemd[1]: Started Forward Password Requests to Wall Directory Watch.
[    2.141374] systemd[1]: Set up automount Arbitrary Executable File Formats File System Automount Point.
[    2.141408] systemd[1]: Reached target User and Group Name Lookups.
[    2.141418] systemd[1]: Reached target Remote File Systems.
[    2.141426] systemd[1]: Reached target Slices.
[    2.142282] systemd[1]: Listening on Syslog Socket.
[    2.142353] systemd[1]: Listening on fsck to fsckd communication Socket.
[    2.142393] systemd[1]: Listening on initctl Compatibility Named Pipe.
[    2.142533] systemd[1]: Listening on Journal Audit Socket.
[    2.142584] systemd[1]: Listening on Journal Socket (/dev/log).
[    2.142653] systemd[1]: Listening on Journal Socket.
[    2.142716] systemd[1]: Listening on udev Control Socket.
[    2.142755] systemd[1]: Listening on udev Kernel Socket.
[    2.143572] systemd[1]: Mounting Huge Pages File System...
[    2.144494] systemd[1]: Mounting POSIX Message Queue File System...
[    2.145389] systemd[1]: Mounting Kernel Debug File System...
[    2.146228] systemd[1]: Mounting Kernel Trace File System...
[    2.148155] systemd[1]: Starting Journal Service...
[    2.169984] systemd[1]: Starting Set the console keyboard layout...
[    2.178189] systemd[1]: Starting Create list of static device nodes for the current kernel...
[    2.180316] systemd[1]: Starting Load Kernel Module drm...
[    2.181404] systemd[1]: Condition check resulted in Set Up Additional Binary Formats being skipped.
[    2.181454] systemd[1]: Condition check resulted in File System Check on Root Device being skipped.
[    2.194369] systemd[1]: Starting Load Kernel Modules...
[    2.199816] systemd[1]: Starting Remount Root and Kernel File Systems...
[    2.209640] systemd[1]: Starting udev Coldplug all Devices...
[    2.238157] systemd[1]: Starting Uncomplicated firewall...
[    2.239836] systemd[1]: Mounted Huge Pages File System.
[    2.239928] systemd[1]: Mounted POSIX Message Queue File System.
[    2.239999] systemd[1]: Mounted Kernel Debug File System.
[    2.240069] systemd[1]: Mounted Kernel Trace File System.
[    2.241202] EXT4-fs (sda2): re-mounted. Opts: errors=remount-ro
[    2.262738] systemd[1]: Finished Create list of static device nodes for the current kernel.
[    2.263777] systemd[1]: modprobe@drm.service: Succeeded.
[    2.270385] systemd[1]: Finished Load Kernel Module drm.
[    2.270831] systemd[1]: Finished Remount Root and Kernel File Systems.
[    2.273070] lp: driver loaded but no devices found
[    2.274596] systemd[1]: Finished Uncomplicated firewall.
[    2.287612] systemd[1]: Condition check resulted in Rebuild Hardware Database being skipped.
[    2.287661] systemd[1]: Condition check resulted in Platform Persistent Storage Archival being skipped.
[    2.288451] systemd[1]: Starting Load/Save Random Seed...
[    2.290361] ppdev: user-space parallel port driver
[    2.305194] systemd[1]: Starting Create System Users...
[    2.311991] systemd[1]: Finished Load/Save Random Seed.
[    2.318288] systemd[1]: Finished Create System Users.
[    2.319115] systemd[1]: Starting Create Static Device Nodes in /dev...
[    2.348753] systemd[1]: Finished Create Static Device Nodes in /dev.
[    2.349679] systemd[1]: Starting udev Kernel Device Manager...
[    2.384417] systemd[1]: Finished udev Coldplug all Devices.
[    2.403221] [drm] DMA map mode: Caching DMA mappings.
[    2.403300] [drm] Capabilities:
[    2.403300] [drm]   Rect copy.
[    2.403301] [drm]   Cursor.
[    2.403301] [drm]   Cursor bypass.
[    2.403301] [drm]   Cursor bypass 2.
[    2.403302] [drm]   Alpha cursor.
[    2.403302] [drm]   Extended Fifo.
[    2.403302] [drm]   Pitchlock.
[    2.403303] [drm]   Irq mask.
[    2.403303] [drm]   GMR.
[    2.403303] [drm]   Traces.
[    2.403304] [drm]   GMR2.
[    2.403304] [drm]   Screen Object 2.
[    2.403305] [drm]   Command Buffers.
[    2.403305] [drm]   Command Buffers 2.
[    2.403306] [drm]   Guest Backed Resources.
[    2.403307] [drm] Max GMR ids is 8192
[    2.403307] [drm] Max number of GMR pages is 1048576
[    2.403308] [drm] Max dedicated hypervisor surface memory is 393216 kiB
[    2.403308] [drm] Maximum display memory size is 131072 kiB
[    2.403309] [drm] VRAM at 0xe0000000 size is 131072 kiB
[    2.403310] [drm] MMIO at 0xf0000000 size is 2048 kiB
[    2.404372] [TTM] Zone  kernel: Available graphics memory: 1011744 KiB
[    2.404373] [TTM] Initializing pool allocator
[    2.404377] [TTM] Initializing DMA pool allocator
[    2.404409] [drm] Supports vblank timestamp caching Rev 2 (21.10.2013).
[    2.404410] [drm] No driver support for vblank timestamp query.
[    2.404678] [drm] Screen Target Display device initialized
[    2.404935] [drm] width 720
[    2.404944] [drm] height 400
[    2.404947] [drm] bpp 32
[    2.405489] [drm] Fifo max 0x00200000 min 0x00001000 cap 0x00000355
[    2.406543] [drm] Using command buffers with DMA pool.
[    2.406547] [drm] DX: no.
[    2.406547] [drm] Atomic: yes.
[    2.406548] [drm] SM4_1: no.
[    2.406570] [drm:vmw_host_log [vmwgfx]] *ERROR* Failed to send host log message.
[    2.407812] [drm:vmw_host_log [vmwgfx]] *ERROR* Failed to send host log message.
[    2.420096] fbcon: svgadrmfb (fb0) is primary device
[    2.422675] Console: switching to colour frame buffer device 100x37
[    2.427996] [drm] Initialized vmwgfx 2.15.0 20180704 for 0000:00:02.0 on minor 0
[    2.429007] systemd[1]: Finished Load Kernel Modules.
[    2.429944] systemd[1]: Mounting FUSE Control File System...
[    2.431085] systemd[1]: Mounting Kernel Configuration File System...
[    2.466293] systemd[1]: Starting Apply Kernel Variables...
[    2.472497] systemd[1]: Mounted FUSE Control File System.
[    2.472572] systemd[1]: Condition check resulted in VMware vmblock fuse mount being skipped.
[    2.478885] systemd[1]: Mounted Kernel Configuration File System.
[    2.481127] systemd[1]: Finished Set the console keyboard layout.
[    2.481227] systemd[1]: Reached target Local File Systems (Pre).
[    2.484887] systemd[1]: Mounting Mount unit for bare, revision 5...
[    2.498754] systemd[1]: Mounting Mount unit for core18, revision 1705...
[    2.505431] systemd[1]: Mounting Mount unit for gnome-3-34-1804, revision 24...
[    2.530462] systemd[1]: Mounting Mount unit for gtk-common-themes, revision 1506...
[    2.533866] systemd[1]: Mounting Mount unit for gtk-common-themes, revision 1535...
[    2.543727] systemd[1]: Mounting Mount unit for snap-store, revision 433...
[    2.552871] systemd[1]: Mounting Mount unit for snapd, revision 7264...
[    2.558333] systemd[1]: Finished Apply Kernel Variables.
[    2.561968] systemd[1]: Mounted Mount unit for bare, revision 5.
[    2.588369] systemd[1]: Mounted Mount unit for core18, revision 1705.
[    2.588482] systemd[1]: Mounted Mount unit for gnome-3-34-1804, revision 24.
[    2.596865] systemd[1]: Started udev Kernel Device Manager.
[    2.597730] systemd[1]: Starting Show Plymouth Boot Screen...
[    2.623939] systemd[1]: Received SIGRTMIN+20 from PID 274 (plymouthd).
[    2.646576] systemd[1]: Started Show Plymouth Boot Screen.
[    2.646754] systemd[1]: Condition check resulted in Dispatch Password Requests to Console Directory Watch being skipped.
[    2.646864] systemd[1]: Started Forward Password Requests to Plymouth Directory Watch.
[    2.646897] systemd[1]: Reached target Local Encrypted Volumes.
[    2.662969] systemd[1]: Mounted Mount unit for gtk-common-themes, revision 1506.
[    2.699719] systemd[1]: Mounted Mount unit for snap-store, revision 433.
[    2.732755] systemd[1]: Mounted Mount unit for gtk-common-themes, revision 1535.
[    2.733045] systemd[1]: Mounted Mount unit for snapd, revision 7264.
[    2.733207] systemd[1]: Reached target Local File Systems.
[    2.735530] systemd[1]: Starting Load AppArmor profiles...
[    2.736439] systemd[1]: Starting Set console font and keymap...
[    2.750352] systemd[1]: Starting Tell Plymouth To Write Out Runtime Data...
[    2.755018] systemd[1]: Condition check resulted in Store a System Token in an EFI Variable being skipped.
[    2.755049] systemd[1]: Condition check resulted in Commit a transient machine-id on disk being skipped.
[    2.755968] systemd[1]: Finished Set console font and keymap.
[    2.761943] systemd[1]: Received SIGRTMIN+20 from PID 274 (plymouthd).
[    2.762534] systemd[1]: plymouth-read-write.service: Succeeded.
[    2.762783] systemd[1]: Finished Tell Plymouth To Write Out Runtime Data.
[    2.788872] audit: type=1400 audit(1768921172.624:2): apparmor="STATUS" operation="profile_load" profile="unconfined" name="nvidia_modprobe" pid=299 comm="apparmor_parser"
[    2.788874] audit: type=1400 audit(1768921172.624:3): apparmor="STATUS" operation="profile_load" profile="unconfined" name="nvidia_modprobe//kmod" pid=299 comm="apparmor_parser"
[    2.813892] audit: type=1400 audit(1768921172.652:4): apparmor="STATUS" operation="profile_load" profile="unconfined" name="/usr/sbin/tcpdump" pid=300 comm="apparmor_parser"
[    2.843448] audit: type=1400 audit(1768921172.672:5): apparmor="STATUS" operation="profile_load" profile="unconfined" name="/usr/bin/evince" pid=302 comm="apparmor_parser"
[    2.843451] audit: type=1400 audit(1768921172.672:6): apparmor="STATUS" operation="profile_load" profile="unconfined" name="/usr/bin/evince//sanitized_helper" pid=302 comm="apparmor_parser"
[    2.843454] audit: type=1400 audit(1768921172.672:7): apparmor="STATUS" operation="profile_load" profile="unconfined" name="/usr/bin/evince-previewer" pid=302 comm="apparmor_parser"
[    2.843455] audit: type=1400 audit(1768921172.672:8): apparmor="STATUS" operation="profile_load" profile="unconfined" name="/usr/bin/evince-previewer//sanitized_helper" pid=302 comm="apparmor_parser"
[    2.843457] audit: type=1400 audit(1768921172.672:9): apparmor="STATUS" operation="profile_load" profile="unconfined" name="/usr/bin/evince-thumbnailer" pid=302 comm="apparmor_parser"
[    2.857919] audit: type=1400 audit(1768921172.692:10): apparmor="STATUS" operation="profile_load" profile="unconfined" name="/usr/lib/cups/backend/cups-pdf" pid=303 comm="apparmor_parser"
[    2.938315] systemd[1]: Finished Load AppArmor profiles.
[    2.939245] systemd[1]: Starting Load AppArmor profiles managed internally by snapd...
[    3.017449] systemd[1]: Finished Load AppArmor profiles managed internally by snapd.
[    3.132311] systemd[1]: Started Journal Service.
[    3.139405] systemd-journald[228]: Received client request to flush runtime journal.
[    4.474871] RAPL PMU: API unit is 2^-32 Joules, 0 fixed counters, 10737418240 ms ovfl timer
[    4.518680] cryptd: max_cpu_qlen set to 1000
[    4.586984] AVX2 version of gcm_enc/dec engaged.
[    4.586985] AES CTR mode by8 optimization enabled
[    5.396423] Adding 1998844k swap on /dev/sda1.  Priority:-2 extents:1 across:1998844k FS
[    6.704540] kauditd_printk_skb: 30 callbacks suppressed
[    6.704542] audit: type=1400 audit(1768921176.540:41): apparmor="DENIED" operation="capable" profile="/usr/sbin/cups-browsed" pid=495 comm="cups-browsed" capability=23  capname="sys_nice"
[    7.550460] pcnet32 0000:00:03.0 enp0s3: link up, 100Mbps, full-duplex
[    7.590344] e1000: enp0s8 NIC Link is Up 1000 Mbps Full Duplex, Flow Control: RX
[    7.590646] IPv6: ADDRCONF(NETDEV_CHANGE): enp0s8: link becomes ready
[    7.607029] e1000: enp0s9 NIC Link is Up 1000 Mbps Full Duplex, Flow Control: RX
[    7.607357] IPv6: ADDRCONF(NETDEV_CHANGE): enp0s9: link becomes ready
[    8.180876] device enp0s3 entered promiscuous mode
[    8.211158] audit: type=1400 audit(1768921178.048:42): apparmor="DENIED" operation="open" profile="/usr/sbin/tcpdump" name="/proc/sys/kernel/random/boot_id" pid=676 comm="tcpdump" requested_mask="r" denied_mask="r" fsuid=0 ouid=0
[    8.213174] audit: type=1400 audit(1768921178.048:43): apparmor="DENIED" operation="open" profile="/usr/sbin/tcpdump" name="/proc/sys/kernel/random/boot_id" pid=676 comm="tcpdump" requested_mask="r" denied_mask="r" fsuid=0 ouid=0
[    8.213356] audit: type=1400 audit(1768921178.048:44): apparmor="DENIED" operation="open" profile="/usr/sbin/tcpdump" name="/proc/sys/kernel/random/boot_id" pid=676 comm="tcpdump" requested_mask="r" denied_mask="r" fsuid=0 ouid=0
[    8.213377] audit: type=1400 audit(1768921178.048:45): apparmor="DENIED" operation="open" profile="/usr/sbin/tcpdump" name="/proc/sys/kernel/random/boot_id" pid=676 comm="tcpdump" requested_mask="r" denied_mask="r" fsuid=0 ouid=0
[    8.220938] audit: type=1400 audit(1768921178.056:46): apparmor="DENIED" operation="open" profile="/usr/sbin/tcpdump" name="/proc/sys/kernel/random/boot_id" pid=677 comm="tcpdump" requested_mask="r" denied_mask="r" fsuid=0 ouid=0
[    8.221020] audit: type=1400 audit(1768921178.056:47): apparmor="DENIED" operation="open" profile="/usr/sbin/tcpdump" name="/proc/sys/kernel/random/boot_id" pid=677 comm="tcpdump" requested_mask="r" denied_mask="r" fsuid=0 ouid=0
[    8.221060] audit: type=1400 audit(1768921178.056:48): apparmor="DENIED" operation="open" profile="/usr/sbin/tcpdump" name="/proc/sys/kernel/random/boot_id" pid=677 comm="tcpdump" requested_mask="r" denied_mask="r" fsuid=0 ouid=0
[    8.221078] audit: type=1400 audit(1768921178.056:49): apparmor="DENIED" operation="open" profile="/usr/sbin/tcpdump" name="/proc/sys/kernel/random/boot_id" pid=677 comm="tcpdump" requested_mask="r" denied_mask="r" fsuid=0 ouid=0
[   13.005089] rfkill: input handler disabled
[  380.770026] AAAAA-TCP_FORW: name:enp0s3: saddr:100932208: daddr:16783984
[  380.855236] AAAAA-TCP_FORW: name:enp0s3: saddr:16783984: daddr:100932208
[  381.054892] AAAAA-TCP_FORW: name:enp0s3: saddr:100932208: daddr:16783984
[  381.204740] AAAAA-TCP_FORW: name:enp0s3: saddr:100932208: daddr:16783984
[  381.280825] AAAAA-TCP_FORW: name:enp0s3: saddr:16783984: daddr:100932208
[  381.312482] AAAAA-TCP_FORW: name:enp0s3: saddr:16783984: daddr:100932208
[  381.869910] AAAAA-TCP_FORW: name:enp0s3: saddr:100932208: daddr:16783984
[  381.991705] AAAAA-TCP_FORW: name:enp0s3: saddr:100932208: daddr:16783984
[  382.148604] AAAAA-TCP_FORW: name:enp0s3: saddr:16783984: daddr:100932208
[  382.205297] AAAAA-TCP_FORW: name:enp0s3: saddr:16783984: daddr:100932208
[  382.358352] AAAAA-TCP_FORW: name:enp0s3: saddr:100932208: daddr:16783984
[  383.027960] AAAAA-TCP_FORW: name:enp0s3: saddr:100932208: daddr:16783984
[  384.077438] AAAAA-TCP_FORW: name:enp0s3: saddr:100932208: daddr:16783984
[  384.193570] AAAAA-TCP_FORW: name:enp0s3: saddr:100932208: daddr:16783984
[  384.286078] AAAAA-TCP_FORW: name:enp0s3: saddr:100932208: daddr:16783984
[  384.407840] AAAAA-TCP_FORW: name:enp0s3: saddr:100932208: daddr:16783984
[  384.604945] AAAAA-TCP_FORW: name:enp0s3: saddr:100932208: daddr:16783984
[  384.701483] AAAAA-TCP_FORW: name:enp0s3: saddr:100932208: daddr:16783984
[  384.775841] AAAAA-TCP_FORW: name:enp0s3: saddr:100932208: daddr:16783984
[  384.847652] AAAAA-TCP_FORW: name:enp0s3: saddr:100932208: daddr:16783984
[  384.923566] AAAAA-TCP_FORW: name:enp0s3: saddr:100932208: daddr:16783984
[  385.001745] AAAAA-TCP_FORW: name:enp0s3: saddr:100932208: daddr:16783984
[  385.091865] AAAAA-TCP_FORW: name:enp0s3: saddr:100932208: daddr:16783984
[  385.221733] AAAAA-TCP_FORW: name:enp0s3: saddr:100932208: daddr:16783984
[  385.347024] AAAAA-TCP_FORW: name:enp0s3: saddr:100932208: daddr:16783984
[  385.400500] AAAAA-TCP_FORW: name:enp0s3: saddr:100932208: daddr:16783984
[  385.543473] AAAAA-TCP_FORW: name:enp0s3: saddr:100932208: daddr:16783984
[  385.666498] AAAAA-TCP_FORW: name:enp0s3: saddr:100932208: daddr:16783984
[  385.798948] AAAAA-TCP_FORW: name:enp0s3: saddr:100932208: daddr:16783984
[  385.946346] AAAAA-TCP_FORW: name:enp0s3: saddr:100932208: daddr:16783984
[  386.023955] AAAAA-TCP_FORW: name:enp0s3: saddr:100932208: daddr:16783984
[  386.278652] AAAAA-TCP_FORW: name:enp0s3: saddr:100932208: daddr:16783984
[  386.298577] AAAAA-TCP_FORW: name:enp0s3: saddr:100932208: daddr:16783984
[  386.373103] AAAAA-TCP_FORW: name:enp0s3: saddr:100932208: daddr:16783984
[  386.562961] AAAAA-TCP_FORW: name:enp0s3: saddr:100932208: daddr:16783984
[  386.616762] AAAAA-TCP_FORW: name:enp0s3: saddr:100932208: daddr:16783984
[  386.724810] AAAAA-TCP_FORW: name:enp0s3: saddr:100932208: daddr:16783984
[  386.862593] AAAAA-TCP_FORW: name:enp0s3: saddr:100932208: daddr:16783984
[  386.949467] AAAAA-TCP_FORW: name:enp0s3: saddr:100932208: daddr:16783984
[  386.999871] AAAAA-TCP_FORW: name:enp0s3: saddr:100932208: daddr:16783984
[  387.078789] AAAAA-TCP_FORW: name:enp0s3: saddr:100932208: daddr:16783984
[  387.200984] AAAAA-TCP_FORW: name:enp0s3: saddr:100932208: daddr:16783984
[  387.259170] AAAAA-TCP_FORW: name:enp0s3: saddr:100932208: daddr:16783984
[  387.362218] AAAAA-TCP_FORW: name:enp0s3: saddr:100932208: daddr:16783984
[  387.387128] AAAAA-TCP_FORW: name:enp0s3: saddr:100932208: daddr:16783984
[  387.503310] AAAAA-TCP_FORW: name:enp0s3: saddr:100932208: daddr:16783984
[  387.553345] AAAAA-TCP_FORW: name:enp0s3: saddr:100932208: daddr:16783984
[  387.664297] AAAAA-TCP_FORW: name:enp0s3: saddr:100932208: daddr:16783984
[  387.733446] AAAAA-TCP_FORW: name:enp0s3: saddr:100932208: daddr:16783984
[  387.909236] AAAAA-TCP_FORW: name:enp0s3: saddr:100932208: daddr:16783984
[  387.971339] AAAAA-TCP_FORW: name:enp0s3: saddr:100932208: daddr:16783984
[  388.068603] AAAAA-TCP_FORW: name:enp0s3: saddr:100932208: daddr:16783984
[  388.139448] AAAAA-TCP_FORW: name:enp0s3: saddr:100932208: daddr:16783984
[  388.244228] AAAAA-TCP_FORW: name:enp0s3: saddr:100932208: daddr:16783984
[  388.328312] AAAAA-TCP_FORW: name:enp0s3: saddr:100932208: daddr:16783984
[  388.436481] AAAAA-TCP_FORW: name:enp0s3: saddr:100932208: daddr:16783984
[  388.520043] AAAAA-TCP_FORW: name:enp0s3: saddr:100932208: daddr:16783984
[  388.604390] AAAAA-TCP_FORW: name:enp0s3: saddr:100932208: daddr:16783984
[  388.644662] AAAAA-TCP_FORW: name:enp0s3: saddr:100932208: daddr:16783984
[  388.754797] AAAAA-TCP_FORW: name:enp0s3: saddr:100932208: daddr:16783984
[  388.853884] AAAAA-TCP_FORW: name:enp0s3: saddr:100932208: daddr:16783984
[  388.929518] AAAAA-TCP_FORW: name:enp0s3: saddr:100932208: daddr:16783984
[  388.988233] AAAAA-TCP_FORW: name:enp0s3: saddr:100932208: daddr:16783984
[  389.052028] AAAAA-TCP_FORW: name:enp0s3: saddr:100932208: daddr:16783984
[  389.089730] AAAAA-TCP_FORW: name:enp0s3: saddr:100932208: daddr:16783984
[  389.201405] AAAAA-TCP_FORW: name:enp0s3: saddr:100932208: daddr:16783984
[  389.291202] AAAAA-TCP_FORW: name:enp0s3: saddr:100932208: daddr:16783984
[  389.340126] AAAAA-TCP_FORW: name:enp0s3: saddr:100932208: daddr:16783984
[  389.381068] AAAAA-TCP_FORW: name:enp0s3: saddr:100932208: daddr:16783984
[  389.505497] AAAAA-TCP_FORW: name:enp0s3: saddr:100932208: daddr:16783984
[  389.589995] AAAAA-TCP_FORW: name:enp0s3: saddr:100932208: daddr:16783984
[  389.677592] AAAAA-TCP_FORW: name:enp0s3: saddr:100932208: daddr:16783984
[  389.862573] AAAAA-TCP_FORW: name:enp0s3: saddr:100932208: daddr:16783984
[  389.905318] AAAAA-TCP_FORW: name:enp0s3: saddr:100932208: daddr:16783984
[  389.960658] AAAAA-TCP_FORW: name:enp0s3: saddr:100932208: daddr:16783984
[  390.059999] AAAAA-TCP_FORW: name:enp0s3: saddr:100932208: daddr:16783984
[  390.109008] AAAAA-TCP_FORW: name:enp0s3: saddr:100932208: daddr:16783984
[  390.184077] AAAAA-TCP_FORW: name:enp0s3: saddr:100932208: daddr:16783984
[  390.239639] AAAAA-TCP_FORW: name:enp0s3: saddr:100932208: daddr:16783984
[  390.301161] AAAAA-TCP_FORW: name:enp0s3: saddr:100932208: daddr:16783984
[  390.367613] AAAAA-TCP_FORW: name:enp0s3: saddr:100932208: daddr:16783984
[  390.435265] AAAAA-TCP_FORW: name:enp0s3: saddr:100932208: daddr:16783984
[  390.462945] AAAAA-TCP_FORW: name:enp0s3: saddr:100932208: daddr:16783984
[  390.517884] AAAAA-TCP_FORW: name:enp0s3: saddr:100932208: daddr:16783984
[  390.586446] AAAAA-TCP_FORW: name:enp0s3: saddr:100932208: daddr:16783984
[  390.689918] AAAAA-TCP_FORW: name:enp0s3: saddr:100932208: daddr:16783984
[  390.757961] AAAAA-TCP_FORW: name:enp0s3: saddr:100932208: daddr:16783984
[  408.719982] AAAAA-TCP_FORW: name:enp0s3: saddr:100932208: daddr:16783984
[  408.974157] AAAAA-TCP_FORW: name:enp0s3: saddr:100932208: daddr:16783984
[  409.106376] AAAAA-TCP_FORW: name:enp0s3: saddr:100932208: daddr:16783984
[  409.400498] AAAAA-TCP_FORW: name:enp0s3: saddr:100932208: daddr:16783984
[  409.531325] AAAAA-TCP_FORW: name:enp0s3: saddr:100932208: daddr:16783984
[  409.745641] AAAAA-TCP_FORW: name:enp0s3: saddr:100932208: daddr:16783984
[  409.852735] AAAAA-TCP_FORW: name:enp0s3: saddr:100932208: daddr:16783984
[  409.960475] AAAAA-TCP_FORW: name:enp0s3: saddr:100932208: daddr:16783984
[  410.393798] AAAAA-TCP_FORW: name:enp0s3: saddr:100932208: daddr:16783984
[  410.527902] AAAAA-TCP_FORW: name:enp0s3: saddr:100932208: daddr:16783984
[  411.071011] AAAAA-TCP_FORW: name:enp0s3: saddr:100932208: daddr:16783984
[  411.174828] AAAAA-TCP_FORW: name:enp0s3: saddr:100932208: daddr:16783984
[  411.307368] AAAAA-TCP_FORW: name:enp0s3: saddr:100932208: daddr:16783984
[  411.319672] AAAAA-TCP_FORW: name:enp0s3: saddr:16783984: daddr:100932208
[  411.377384] AAAAA-TCP_FORW: name:enp0s3: saddr:100932208: daddr:16783984
[  411.430002] AAAAA-TCP_FORW: name:enp0s3: saddr:16783984: daddr:100932208
[  411.556021] AAAAA-TCP_FORW: name:enp0s3: saddr:100932208: daddr:16783984
[  411.570579] AAAAA-TCP_FORW: name:enp0s3: saddr:16783984: daddr:100932208
[  411.616684] AAAAA-TCP_FORW: name:enp0s3: saddr:100932208: daddr:16783984
[  411.669886] AAAAA-TCP_FORW: name:enp0s3: saddr:100932208: daddr:16783984
[  411.692795] AAAAA-TCP_FORW: name:enp0s3: saddr:16783984: daddr:100932208
[  411.739722] AAAAA-TCP_FORW: name:enp0s3: saddr:100932208: daddr:16783984
[  411.754508] AAAAA-TCP_FORW: name:enp0s3: saddr:16783984: daddr:100932208
[  411.846937] AAAAA-TCP_FORW: name:enp0s3: saddr:100932208: daddr:16783984
[  411.917531] AAAAA-TCP_FORW: name:enp0s3: saddr:16783984: daddr:100932208
[  411.951758] AAAAA-TCP_FORW: name:enp0s3: saddr:100932208: daddr:16783984
[  412.035980] AAAAA-TCP_FORW: name:enp0s3: saddr:100932208: daddr:16783984
[  412.078124] AAAAA-TCP_FORW: name:enp0s3: saddr:16783984: daddr:100932208
[  412.098515] AAAAA-TCP_FORW: name:enp0s3: saddr:100932208: daddr:16783984
[  412.130623] AAAAA-TCP_FORW: name:enp0s3: saddr:100932208: daddr:16783984
[  412.160814] AAAAA-TCP_FORW: name:enp0s3: saddr:16783984: daddr:100932208
[  412.211150] AAAAA-TCP_FORW: name:enp0s3: saddr:16783984: daddr:100932208
[  412.231530] AAAAA-TCP_FORW: name:enp0s3: saddr:100932208: daddr:16783984
[  412.307807] AAAAA-TCP_FORW: name:enp0s3: saddr:100932208: daddr:16783984
[  412.320258] AAAAA-TCP_FORW: name:enp0s3: saddr:16783984: daddr:100932208
[  412.377863] AAAAA-TCP_FORW: name:enp0s3: saddr:16783984: daddr:100932208
[  412.444091] AAAAA-TCP_FORW: name:enp0s3: saddr:100932208: daddr:16783984
[  412.469572] AAAAA-TCP_FORW: name:enp0s3: saddr:100932208: daddr:16783984
[  412.619648] AAAAA-TCP_FORW: name:enp0s3: saddr:16783984: daddr:100932208
[  412.628566] AAAAA-TCP_FORW: name:enp0s3: saddr:100932208: daddr:16783984
[  412.702096] AAAAA-TCP_FORW: name:enp0s3: saddr:100932208: daddr:16783984
[  412.713266] AAAAA-TCP_FORW: name:enp0s3: saddr:100932208: daddr:16783984
[  412.730461] AAAAA-TCP_FORW: name:enp0s3: saddr:16783984: daddr:100932208
[  412.841277] AAAAA-TCP_FORW: name:enp0s3: saddr:100932208: daddr:16783984
[  412.925757] AAAAA-TCP_FORW: name:enp0s3: saddr:100932208: daddr:16783984
[  412.942191] AAAAA-TCP_FORW: name:enp0s3: saddr:100932208: daddr:16783984
[  413.014142] AAAAA-TCP_FORW: name:enp0s3: saddr:16783984: daddr:100932208
[  413.074370] AAAAA-TCP_FORW: name:enp0s3: saddr:16783984: daddr:100932208
[  413.108759] AAAAA-TCP_FORW: name:enp0s3: saddr:100932208: daddr:16783984
[  413.190042] AAAAA-TCP_FORW: name:enp0s3: saddr:100932208: daddr:16783984
[  413.226057] AAAAA-TCP_FORW: name:enp0s3: saddr:100932208: daddr:16783984
[  413.245441] AAAAA-TCP_FORW: name:enp0s3: saddr:16783984: daddr:100932208
[  413.311886] AAAAA-TCP_FORW: name:enp0s3: saddr:16783984: daddr:100932208
[  413.333033] AAAAA-TCP_FORW: name:enp0s3: saddr:100932208: daddr:16783984
[  413.350473] AAAAA-TCP_FORW: name:enp0s3: saddr:16783984: daddr:100932208
[  413.388690] AAAAA-TCP_FORW: name:enp0s3: saddr:100932208: daddr:16783984
[  413.481954] AAAAA-TCP_FORW: name:enp0s3: saddr:16783984: daddr:100932208
[  413.541081] AAAAA-TCP_FORW: name:enp0s3: saddr:100932208: daddr:16783984
[  413.590139] AAAAA-TCP_FORW: name:enp0s3: saddr:16783984: daddr:100932208
[  413.644546] AAAAA-TCP_FORW: name:enp0s3: saddr:16783984: daddr:100932208
[  413.708423] AAAAA-TCP_FORW: name:enp0s3: saddr:100932208: daddr:16783984
[  413.776778] AAAAA-TCP_FORW: name:enp0s3: saddr:16783984: daddr:100932208
[  413.823596] AAAAA-TCP_FORW: name:enp0s3: saddr:100932208: daddr:16783984
[  413.845717] AAAAA-TCP_FORW: name:enp0s3: saddr:16783984: daddr:100932208
[  413.888452] AAAAA-TCP_FORW: name:enp0s3: saddr:16783984: daddr:100932208
[  414.017913] AAAAA-TCP_FORW: name:enp0s3: saddr:100932208: daddr:16783984
[  414.034506] AAAAA-TCP_FORW: name:enp0s3: saddr:16783984: daddr:100932208
[  414.167663] AAAAA-TCP_FORW: name:enp0s3: saddr:16783984: daddr:100932208
[  414.203027] AAAAA-TCP_FORW: name:enp0s3: saddr:100932208: daddr:16783984
[  414.256965] AAAAA-TCP_FORW: name:enp0s3: saddr:100932208: daddr:16783984
[  414.280318] AAAAA-TCP_FORW: name:enp0s3: saddr:100932208: daddr:16783984
[  414.332141] AAAAA-TCP_FORW: name:enp0s3: saddr:16783984: daddr:100932208
[  414.506345] AAAAA-TCP_FORW: name:enp0s3: saddr:100932208: daddr:16783984
[  414.516755] AAAAA-TCP_FORW: name:enp0s3: saddr:16783984: daddr:100932208
[  414.575434] AAAAA-TCP_FORW: name:enp0s3: saddr:100932208: daddr:16783984
[  414.614250] AAAAA-TCP_FORW: name:enp0s3: saddr:100932208: daddr:16783984
[  414.702582] AAAAA-TCP_FORW: name:enp0s3: saddr:16783984: daddr:100932208
[  414.767472] AAAAA-TCP_FORW: name:enp0s3: saddr:100932208: daddr:16783984
[  414.855909] AAAAA-TCP_FORW: name:enp0s3: saddr:100932208: daddr:16783984
[  414.944787] AAAAA-TCP_FORW: name:enp0s3: saddr:16783984: daddr:100932208
[  415.076990] AAAAA-TCP_FORW: name:enp0s3: saddr:100932208: daddr:16783984
[  415.185229] AAAAA-TCP_FORW: name:enp0s3: saddr:16783984: daddr:100932208
[  415.222328] AAAAA-TCP_FORW: name:enp0s3: saddr:100932208: daddr:16783984
[  415.242422] AAAAA-TCP_FORW: name:enp0s3: saddr:16783984: daddr:100932208
[  415.316642] AAAAA-TCP_FORW: name:enp0s3: saddr:16783984: daddr:100932208
[  415.519594] AAAAA-TCP_FORW: name:enp0s3: saddr:100932208: daddr:16783984
[  415.698034] AAAAA-TCP_FORW: name:enp0s3: saddr:100932208: daddr:16783984
[  415.703348] AAAAA-TCP_FORW: name:enp0s3: saddr:16783984: daddr:100932208
[  415.820012] AAAAA-TCP_FORW: name:enp0s3: saddr:16783984: daddr:100932208
[  415.892872] AAAAA-TCP_FORW: name:enp0s3: saddr:16783984: daddr:100932208
[  415.980236] AAAAA-TCP_FORW: name:enp0s3: saddr:16783984: daddr:100932208
[  416.049847] AAAAA-TCP_FORW: name:enp0s3: saddr:16783984: daddr:100932208
[  416.069942] AAAAA-TCP_FORW: name:enp0s3: saddr:100932208: daddr:16783984
[  416.133824] AAAAA-TCP_FORW: name:enp0s3: saddr:16783984: daddr:100932208
[  416.316880] AAAAA-TCP_FORW: name:enp0s3: saddr:16783984: daddr:100932208
[  416.385878] AAAAA-TCP_FORW: name:enp0s3: saddr:100932208: daddr:16783984
[  416.524533] AAAAA-TCP_FORW: name:enp0s3: saddr:100932208: daddr:16783984
[  416.623077] AAAAA-TCP_FORW: name:enp0s3: saddr:16783984: daddr:100932208
[  416.771021] AAAAA-TCP_FORW: name:enp0s3: saddr:16783984: daddr:100932208
[  416.783302] AAAAA-TCP_FORW: name:enp0s3: saddr:100932208: daddr:16783984
[  417.110564] AAAAA-TCP_FORW: name:enp0s3: saddr:100932208: daddr:16783984
[  417.135223] AAAAA-TCP_FORW: name:enp0s3: saddr:16783984: daddr:100932208
[  417.149379] AAAAA-TCP_FORW: name:enp0s3: saddr:100932208: daddr:16783984
[  417.186622] AAAAA-TCP_FORW: name:enp0s3: saddr:100932208: daddr:16783984
[  417.734919] AAAAA-TCP_FORW: name:enp0s3: saddr:100932208: daddr:16783984
[  417.737709] AAAAA-TCP_FORW: name:enp0s3: saddr:100932208: daddr:16783984
[  417.743361] AAAAA-TCP_FORW: name:enp0s3: saddr:16783984: daddr:100932208
[  417.820496] AAAAA-TCP_FORW: name:enp0s3: saddr:16783984: daddr:100932208
[  417.893415] AAAAA-TCP_FORW: name:enp0s3: saddr:100932208: daddr:16783984
[  417.923338] AAAAA-TCP_FORW: name:enp0s3: saddr:100932208: daddr:16783984
[  418.008822] AAAAA-TCP_FORW: name:enp0s3: saddr:100932208: daddr:16783984
[  418.107634] AAAAA-TCP_FORW: name:enp0s3: saddr:16783984: daddr:100932208
[  418.138891] AAAAA-TCP_FORW: name:enp0s3: saddr:100932208: daddr:16783984
[  418.251018] AAAAA-TCP_FORW: name:enp0s3: saddr:16783984: daddr:100932208
[  418.379728] AAAAA-TCP_FORW: name:enp0s3: saddr:16783984: daddr:100932208
[  418.611393] AAAAA-TCP_FORW: name:enp0s3: saddr:16783984: daddr:100932208
[  418.709846] AAAAA-TCP_FORW: name:enp0s3: saddr:100932208: daddr:16783984
[  418.712377] AAAAA-TCP_FORW: name:enp0s3: saddr:100932208: daddr:16783984
[  418.736351] AAAAA-TCP_FORW: name:enp0s3: saddr:16783984: daddr:100932208
[  418.807420] AAAAA-TCP_FORW: name:enp0s3: saddr:100932208: daddr:16783984
[  418.905347] AAAAA-TCP_FORW: name:enp0s3: saddr:100932208: daddr:16783984
[  419.003330] AAAAA-TCP_FORW: name:enp0s3: saddr:100932208: daddr:16783984
[  419.071322] AAAAA-TCP_FORW: name:enp0s3: saddr:100932208: daddr:16783984
[  419.136381] AAAAA-TCP_FORW: name:enp0s3: saddr:100932208: daddr:16783984
[  419.188625] AAAAA-TCP_FORW: name:enp0s3: saddr:100932208: daddr:16783984
[  419.234387] AAAAA-TCP_FORW: name:enp0s3: saddr:100932208: daddr:16783984
[  419.236950] AAAAA-TCP_FORW: name:enp0s3: saddr:100932208: daddr:16783984
[  419.376805] AAAAA-TCP_FORW: name:enp0s3: saddr:16783984: daddr:100932208
[  419.434860] AAAAA-TCP_FORW: name:enp0s3: saddr:100932208: daddr:16783984
[  419.508822] AAAAA-TCP_FORW: name:enp0s3: saddr:16783984: daddr:100932208
[  419.853372] AAAAA-TCP_FORW: name:enp0s3: saddr:16783984: daddr:100932208
[  419.921933] AAAAA-TCP_FORW: name:enp0s3: saddr:16783984: daddr:100932208
[  420.026671] AAAAA-TCP_FORW: name:enp0s3: saddr:16783984: daddr:100932208
[  420.078779] AAAAA-TCP_FORW: name:enp0s3: saddr:16783984: daddr:100932208
[  420.200582] AAAAA-TCP_FORW: name:enp0s3: saddr:16783984: daddr:100932208
[  420.279371] AAAAA-TCP_FORW: name:enp0s3: saddr:16783984: daddr:100932208
[  420.392594] AAAAA-TCP_FORW: name:enp0s3: saddr:16783984: daddr:100932208
[  420.399671] AAAAA-TCP_FORW: name:enp0s3: saddr:100932208: daddr:16783984
[  420.466900] AAAAA-TCP_FORW: name:enp0s3: saddr:16783984: daddr:100932208
[  420.604119] AAAAA-TCP_FORW: name:enp0s3: saddr:100932208: daddr:16783984
[  420.690147] AAAAA-TCP_FORW: name:enp0s3: saddr:16783984: daddr:100932208
[  420.710864] AAAAA-TCP_FORW: name:enp0s3: saddr:100932208: daddr:16783984
[  420.781651] AAAAA-TCP_FORW: name:enp0s3: saddr:100932208: daddr:16783984
[  420.827833] AAAAA-TCP_FORW: name:enp0s3: saddr:100932208: daddr:16783984
[  420.866224] AAAAA-TCP_FORW: name:enp0s3: saddr:100932208: daddr:16783984
[  420.936432] AAAAA-TCP_FORW: name:enp0s3: saddr:100932208: daddr:16783984
[  421.044756] AAAAA-TCP_FORW: name:enp0s3: saddr:100932208: daddr:16783984
[  421.255486] AAAAA-TCP_FORW: name:enp0s3: saddr:100932208: daddr:16783984
[  421.374823] AAAAA-TCP_FORW: name:enp0s3: saddr:100932208: daddr:16783984
[  421.523918] AAAAA-TCP_FORW: name:enp0s3: saddr:100932208: daddr:16783984
[  422.030262] AAAAA-TCP_FORW: name:enp0s3: saddr:100932208: daddr:16783984
[  422.118194] AAAAA-TCP_FORW: name:enp0s3: saddr:100932208: daddr:16783984
[  422.184190] AAAAA-TCP_FORW: name:enp0s3: saddr:100932208: daddr:16783984
[  422.286679] AAAAA-TCP_FORW: name:enp0s3: saddr:100932208: daddr:16783984
[  422.374006] AAAAA-TCP_FORW: name:enp0s3: saddr:100932208: daddr:16783984
[  422.491313] AAAAA-TCP_FORW: name:enp0s3: saddr:16783984: daddr:100932208
[  422.644260] AAAAA-TCP_FORW: name:enp0s3: saddr:100932208: daddr:16783984
[  422.736364] AAAAA-TCP_FORW: name:enp0s3: saddr:100932208: daddr:16783984
[  422.763330] AAAAA-TCP_FORW: name:enp0s3: saddr:16783984: daddr:100932208
[  422.908119] AAAAA-TCP_FORW: name:enp0s3: saddr:16783984: daddr:100932208
[  422.945032] AAAAA-TCP_FORW: name:enp0s3: saddr:100932208: daddr:16783984
[  423.007207] AAAAA-TCP_FORW: name:enp0s3: saddr:16783984: daddr:100932208
[  423.034516] AAAAA-TCP_FORW: name:enp0s3: saddr:100932208: daddr:16783984
[  423.098669] AAAAA-TCP_FORW: name:enp0s3: saddr:16783984: daddr:100932208
[  423.165005] AAAAA-TCP_FORW: name:enp0s3: saddr:16783984: daddr:100932208
[  423.312206] AAAAA-TCP_FORW: name:enp0s3: saddr:16783984: daddr:100932208
[  423.331970] AAAAA-TCP_FORW: name:enp0s3: saddr:100932208: daddr:16783984
[  423.557173] AAAAA-TCP_FORW: name:enp0s3: saddr:16783984: daddr:100932208
[  423.686493] AAAAA-TCP_FORW: name:enp0s3: saddr:16783984: daddr:100932208
[  423.717521] AAAAA-TCP_FORW: name:enp0s3: saddr:16783984: daddr:100932208
[  423.817806] AAAAA-TCP_FORW: name:enp0s3: saddr:100932208: daddr:16783984
[  423.851931] AAAAA-TCP_FORW: name:enp0s3: saddr:100932208: daddr:16783984
[  423.919188] AAAAA-TCP_FORW: name:enp0s3: saddr:16783984: daddr:100932208
[  423.940066] AAAAA-TCP_FORW: name:enp0s3: saddr:100932208: daddr:16783984
[  424.087734] AAAAA-TCP_FORW: name:enp0s3: saddr:16783984: daddr:100932208
[  424.175192] AAAAA-TCP_FORW: name:enp0s3: saddr:16783984: daddr:100932208
[  424.248172] AAAAA-TCP_FORW: name:enp0s3: saddr:16783984: daddr:100932208
[  424.397963] AAAAA-TCP_FORW: name:enp0s3: saddr:16783984: daddr:100932208
[  424.497262] AAAAA-TCP_FORW: name:enp0s3: saddr:16783984: daddr:100932208
[  424.757619] AAAAA-TCP_FORW: name:enp0s3: saddr:16783984: daddr:100932208
[  424.873948] AAAAA-TCP_FORW: name:enp0s3: saddr:16783984: daddr:100932208
[  425.145033] AAAAA-TCP_FORW: name:enp0s3: saddr:16783984: daddr:100932208
[  425.240657] AAAAA-TCP_FORW: name:enp0s3: saddr:16783984: daddr:100932208
[  425.615788] AAAAA-TCP_FORW: name:enp0s3: saddr:16783984: daddr:100932208
[  425.855653] AAAAA-TCP_FORW: name:enp0s3: saddr:16783984: daddr:100932208
[  425.940844] AAAAA-TCP_FORW: name:enp0s3: saddr:16783984: daddr:100932208
[  426.101968] AAAAA-TCP_FORW: name:enp0s3: saddr:16783984: daddr:100932208
[  428.933454] AAAAA-TCP_FORW: name:enp0s3: saddr:100932208: daddr:16783984
[  428.948919] AAAAA-TCP_FORW: name:enp0s3: saddr:16783984: daddr:100932208
[  429.656701] AAAAA-TCP_FORW: name:enp0s3: saddr:100932208: daddr:16783984
[  429.667156] AAAAA-TCP_FORW: name:enp0s3: saddr:16783984: daddr:100932208
[  441.349571] AAAAA-TCP_FORW: name:enp0s3: saddr:100932208: daddr:16783984
[  441.415850] AAAAA-TCP_FORW: name:enp0s3: saddr:100932208: daddr:16783984
[  441.480022] AAAAA-TCP_FORW: name:enp0s3: saddr:100932208: daddr:16783984
[  441.535875] AAAAA-TCP_FORW: name:enp0s3: saddr:100932208: daddr:16783984
[  441.600227] AAAAA-TCP_FORW: name:enp0s3: saddr:100932208: daddr:16783984
[  441.646854] AAAAA-TCP_FORW: name:enp0s3: saddr:100932208: daddr:16783984
[  441.731676] AAAAA-TCP_FORW: name:enp0s3: saddr:100932208: daddr:16783984
[  441.785990] AAAAA-TCP_FORW: name:enp0s3: saddr:100932208: daddr:16783984
[  441.845652] AAAAA-TCP_FORW: name:enp0s3: saddr:100932208: daddr:16783984
[  441.868478] AAAAA-TCP_FORW: name:enp0s3: saddr:100932208: daddr:16783984
[  441.969665] AAAAA-TCP_FORW: name:enp0s3: saddr:100932208: daddr:16783984
[  442.031274] AAAAA-TCP_FORW: name:enp0s3: saddr:100932208: daddr:16783984
[  442.092155] AAAAA-TCP_FORW: name:enp0s3: saddr:100932208: daddr:16783984
[  442.257330] AAAAA-TCP_FORW: name:enp0s3: saddr:100932208: daddr:16783984
[  442.330664] AAAAA-TCP_FORW: name:enp0s3: saddr:100932208: daddr:16783984
[  442.458639] AAAAA-TCP_FORW: name:enp0s3: saddr:100932208: daddr:16783984
[  442.755661] AAAAA-TCP_FORW: name:enp0s3: saddr:100932208: daddr:16783984
[  442.948643] AAAAA-TCP_FORW: name:enp0s3: saddr:100932208: daddr:16783984
[  443.041106] AAAAA-TCP_FORW: name:enp0s3: saddr:16783984: daddr:100932208
[  443.213038] AAAAA-TCP_FORW: name:enp0s3: saddr:100932208: daddr:16783984
[  443.384314] AAAAA-TCP_FORW: name:enp0s3: saddr:16783984: daddr:100932208
[  443.464771] AAAAA-TCP_FORW: name:enp0s3: saddr:100932208: daddr:16783984
[  443.618653] AAAAA-TCP_FORW: name:enp0s3: saddr:100932208: daddr:16783984
[  443.629898] AAAAA-TCP_FORW: name:enp0s3: saddr:16783984: daddr:100932208
[  443.680251] AAAAA-TCP_FORW: name:enp0s3: saddr:100932208: daddr:16783984
[  443.912909] AAAAA-TCP_FORW: name:enp0s3: saddr:100932208: daddr:16783984
[  443.922514] AAAAA-TCP_FORW: name:enp0s3: saddr:16783984: daddr:100932208
[  444.089100] AAAAA-TCP_FORW: name:enp0s3: saddr:100932208: daddr:16783984
[  444.309663] AAAAA-TCP_FORW: name:enp0s3: saddr:16783984: daddr:100932208
[  444.429997] AAAAA-TCP_FORW: name:enp0s3: saddr:100932208: daddr:16783984
[  444.555860] AAAAA-TCP_FORW: name:enp0s3: saddr:100932208: daddr:16783984
[  444.573538] AAAAA-TCP_FORW: name:enp0s3: saddr:16783984: daddr:100932208
[  444.731609] AAAAA-TCP_FORW: name:enp0s3: saddr:100932208: daddr:16783984
[  444.959804] AAAAA-TCP_FORW: name:enp0s3: saddr:16783984: daddr:100932208
[  445.217225] AAAAA-TCP_FORW: name:enp0s3: saddr:100932208: daddr:16783984
[  445.292250] AAAAA-TCP_FORW: name:enp0s3: saddr:100932208: daddr:16783984
[  445.300897] AAAAA-TCP_FORW: name:enp0s3: saddr:16783984: daddr:100932208
[  445.395902] AAAAA-TCP_FORW: name:enp0s3: saddr:100932208: daddr:16783984
[  445.534810] AAAAA-TCP_FORW: name:enp0s3: saddr:100932208: daddr:16783984
[  445.544787] AAAAA-TCP_FORW: name:enp0s3: saddr:16783984: daddr:100932208
[  445.636870] AAAAA-TCP_FORW: name:enp0s3: saddr:100932208: daddr:16783984
[  445.722305] AAAAA-TCP_FORW: name:enp0s3: saddr:100932208: daddr:16783984
[  445.733594] AAAAA-TCP_FORW: name:enp0s3: saddr:16783984: daddr:100932208
[  445.778153] AAAAA-TCP_FORW: name:enp0s3: saddr:100932208: daddr:16783984
[  445.819733] AAAAA-TCP_FORW: name:enp0s3: saddr:100932208: daddr:16783984
[  445.873462] AAAAA-TCP_FORW: name:enp0s3: saddr:16783984: daddr:100932208
[  445.888976] AAAAA-TCP_FORW: name:enp0s3: saddr:100932208: daddr:16783984
[  445.924720] AAAAA-TCP_FORW: name:enp0s3: saddr:100932208: daddr:16783984
[  445.971092] AAAAA-TCP_FORW: name:enp0s3: saddr:100932208: daddr:16783984
[  446.094036] AAAAA-TCP_FORW: name:enp0s3: saddr:16783984: daddr:100932208
[  446.104069] AAAAA-TCP_FORW: name:enp0s3: saddr:100932208: daddr:16783984
[  446.155264] AAAAA-TCP_FORW: name:enp0s3: saddr:100932208: daddr:16783984
[  446.227848] AAAAA-TCP_FORW: name:enp0s3: saddr:100932208: daddr:16783984
[  446.274374] AAAAA-TCP_FORW: name:enp0s3: saddr:100932208: daddr:16783984
[  446.286957] AAAAA-TCP_FORW: name:enp0s3: saddr:16783984: daddr:100932208
[  446.352245] AAAAA-TCP_FORW: name:enp0s3: saddr:100932208: daddr:16783984
[  446.381765] AAAAA-TCP_FORW: name:enp0s3: saddr:16783984: daddr:100932208
[  446.492598] AAAAA-TCP_FORW: name:enp0s3: saddr:100932208: daddr:16783984
[  446.495218] AAAAA-TCP_FORW: name:enp0s3: saddr:100932208: daddr:16783984
[  446.516794] AAAAA-TCP_FORW: name:enp0s3: saddr:16783984: daddr:100932208
[  446.692043] AAAAA-TCP_FORW: name:enp0s3: saddr:100932208: daddr:16783984
[  446.724513] AAAAA-TCP_FORW: name:enp0s3: saddr:100932208: daddr:16783984
[  446.727157] AAAAA-TCP_FORW: name:enp0s3: saddr:100932208: daddr:16783984
[  446.771730] AAAAA-TCP_FORW: name:enp0s3: saddr:100932208: daddr:16783984
[  446.786982] AAAAA-TCP_FORW: name:enp0s3: saddr:16783984: daddr:100932208
[  446.989143] AAAAA-TCP_FORW: name:enp0s3: saddr:16783984: daddr:100932208
[  447.201224] AAAAA-TCP_FORW: name:enp0s3: saddr:100932208: daddr:16783984
[  447.252461] AAAAA-TCP_FORW: name:enp0s3: saddr:16783984: daddr:100932208
[  447.422895] AAAAA-TCP_FORW: name:enp0s3: saddr:100932208: daddr:16783984
[  447.459026] AAAAA-TCP_FORW: name:enp0s3: saddr:100932208: daddr:16783984
[  447.461590] AAAAA-TCP_FORW: name:enp0s3: saddr:100932208: daddr:16783984
[  447.533486] AAAAA-TCP_FORW: name:enp0s3: saddr:16783984: daddr:100932208
[  447.536271] AAAAA-TCP_FORW: name:enp0s3: saddr:100932208: daddr:16783984
[  447.698126] AAAAA-TCP_FORW: name:enp0s3: saddr:100932208: daddr:16783984
[  447.777599] AAAAA-TCP_FORW: name:enp0s3: saddr:16783984: daddr:100932208
[  447.846744] AAAAA-TCP_FORW: name:enp0s3: saddr:16783984: daddr:100932208
[  447.856446] AAAAA-TCP_FORW: name:enp0s3: saddr:100932208: daddr:16783984
[  447.888989] AAAAA-TCP_FORW: name:enp0s3: saddr:16783984: daddr:100932208
[  447.929041] AAAAA-TCP_FORW: name:enp0s3: saddr:100932208: daddr:16783984
[  447.999740] AAAAA-TCP_FORW: name:enp0s3: saddr:100932208: daddr:16783984
[  448.103673] AAAAA-TCP_FORW: name:enp0s3: saddr:16783984: daddr:100932208
[  448.162454] AAAAA-TCP_FORW: name:enp0s3: saddr:100932208: daddr:16783984
[  448.216482] AAAAA-TCP_FORW: name:enp0s3: saddr:100932208: daddr:16783984
[  448.295513] AAAAA-TCP_FORW: name:enp0s3: saddr:16783984: daddr:100932208
[  448.421688] AAAAA-TCP_FORW: name:enp0s3: saddr:16783984: daddr:100932208
[  448.529192] AAAAA-TCP_FORW: name:enp0s3: saddr:100932208: daddr:16783984
[  448.551213] AAAAA-TCP_FORW: name:enp0s3: saddr:16783984: daddr:100932208
[  448.652087] AAAAA-TCP_FORW: name:enp0s3: saddr:100932208: daddr:16783984
[  448.682317] AAAAA-TCP_FORW: name:enp0s3: saddr:16783984: daddr:100932208
[  448.742729] AAAAA-TCP_FORW: name:enp0s3: saddr:100932208: daddr:16783984
[  448.762509] AAAAA-TCP_FORW: name:enp0s3: saddr:16783984: daddr:100932208
[  448.959930] AAAAA-TCP_FORW: name:enp0s3: saddr:100932208: daddr:16783984
[  448.980062] AAAAA-TCP_FORW: name:enp0s3: saddr:100932208: daddr:16783984
[  449.131522] AAAAA-TCP_FORW: name:enp0s3: saddr:16783984: daddr:100932208
[  449.270572] AAAAA-TCP_FORW: name:enp0s3: saddr:16783984: daddr:100932208
[  449.410729] AAAAA-TCP_FORW: name:enp0s3: saddr:16783984: daddr:100932208
[  449.465228] AAAAA-TCP_FORW: name:enp0s3: saddr:100932208: daddr:16783984
[  449.525920] AAAAA-TCP_FORW: name:enp0s3: saddr:100932208: daddr:16783984
[  449.548971] AAAAA-TCP_FORW: name:enp0s3: saddr:16783984: daddr:100932208
[  449.686322] AAAAA-TCP_FORW: name:enp0s3: saddr:16783984: daddr:100932208
[  449.793065] AAAAA-TCP_FORW: name:enp0s3: saddr:100932208: daddr:16783984
[  450.049766] AAAAA-TCP_FORW: name:enp0s3: saddr:16783984: daddr:100932208
[  450.126533] AAAAA-TCP_FORW: name:enp0s3: saddr:100932208: daddr:16783984
[  450.151430] AAAAA-TCP_FORW: name:enp0s3: saddr:16783984: daddr:100932208
[  450.186414] AAAAA-TCP_FORW: name:enp0s3: saddr:100932208: daddr:16783984
[  450.246220] AAAAA-TCP_FORW: name:enp0s3: saddr:100932208: daddr:16783984
[  450.257995] AAAAA-TCP_FORW: name:enp0s3: saddr:16783984: daddr:100932208
[  450.392183] AAAAA-TCP_FORW: name:enp0s3: saddr:16783984: daddr:100932208
[  450.574016] AAAAA-TCP_FORW: name:enp0s3: saddr:16783984: daddr:100932208
[  450.687028] AAAAA-TCP_FORW: name:enp0s3: saddr:16783984: daddr:100932208
[  450.812290] AAAAA-TCP_FORW: name:enp0s3: saddr:100932208: daddr:16783984
[  450.927215] AAAAA-TCP_FORW: name:enp0s3: saddr:16783984: daddr:100932208
[  451.102952] AAAAA-TCP_FORW: name:enp0s3: saddr:100932208: daddr:16783984
[  451.114503] AAAAA-TCP_FORW: name:enp0s3: saddr:16783984: daddr:100932208
[  451.273041] AAAAA-TCP_FORW: name:enp0s3: saddr:100932208: daddr:16783984
[  451.292066] AAAAA-TCP_FORW: name:enp0s3: saddr:16783984: daddr:100932208
[  451.419341] AAAAA-TCP_FORW: name:enp0s3: saddr:100932208: daddr:16783984
[  451.426847] AAAAA-TCP_FORW: name:enp0s3: saddr:16783984: daddr:100932208
[  451.504336] AAAAA-TCP_FORW: name:enp0s3: saddr:100932208: daddr:16783984
[  451.528664] AAAAA-TCP_FORW: name:enp0s3: saddr:16783984: daddr:100932208
[  451.642091] AAAAA-TCP_FORW: name:enp0s3: saddr:100932208: daddr:16783984
[  451.664195] AAAAA-TCP_FORW: name:enp0s3: saddr:16783984: daddr:100932208
[  451.739051] AAAAA-TCP_FORW: name:enp0s3: saddr:100932208: daddr:16783984
[  451.776814] AAAAA-TCP_FORW: name:enp0s3: saddr:16783984: daddr:100932208
[  451.909779] AAAAA-TCP_FORW: name:enp0s3: saddr:100932208: daddr:16783984
[  451.968164] AAAAA-TCP_FORW: name:enp0s3: saddr:16783984: daddr:100932208
[  452.006326] AAAAA-TCP_FORW: name:enp0s3: saddr:100932208: daddr:16783984
[  452.262158] AAAAA-TCP_FORW: name:enp0s3: saddr:16783984: daddr:100932208
[  452.484975] AAAAA-TCP_FORW: name:enp0s3: saddr:100932208: daddr:16783984
[  452.491950] AAAAA-TCP_FORW: name:enp0s3: saddr:16783984: daddr:100932208
[  452.567582] AAAAA-TCP_FORW: name:enp0s3: saddr:100932208: daddr:16783984
[  452.598474] AAAAA-TCP_FORW: name:enp0s3: saddr:16783984: daddr:100932208
[  452.728377] AAAAA-TCP_FORW: name:enp0s3: saddr:100932208: daddr:16783984
[  452.759949] AAAAA-TCP_FORW: name:enp0s3: saddr:16783984: daddr:100932208
[  452.786161] AAAAA-TCP_FORW: name:enp0s3: saddr:100932208: daddr:16783984
[  452.885092] AAAAA-TCP_FORW: name:enp0s3: saddr:16783984: daddr:100932208
[  453.064958] AAAAA-TCP_FORW: name:enp0s3: saddr:100932208: daddr:16783984
[  453.079515] AAAAA-TCP_FORW: name:enp0s3: saddr:16783984: daddr:100932208
[  453.196801] AAAAA-TCP_FORW: name:enp0s3: saddr:100932208: daddr:16783984
[  453.225765] AAAAA-TCP_FORW: name:enp0s3: saddr:16783984: daddr:100932208
[  453.489067] AAAAA-TCP_FORW: name:enp0s3: saddr:100932208: daddr:16783984
[  453.500088] AAAAA-TCP_FORW: name:enp0s3: saddr:16783984: daddr:100932208
[  453.597317] AAAAA-TCP_FORW: name:enp0s3: saddr:100932208: daddr:16783984
[  453.640747] AAAAA-TCP_FORW: name:enp0s3: saddr:16783984: daddr:100932208
[  453.766157] AAAAA-TCP_FORW: name:enp0s3: saddr:100932208: daddr:16783984
[  453.875479] AAAAA-TCP_FORW: name:enp0s3: saddr:16783984: daddr:100932208
[  453.929943] AAAAA-TCP_FORW: name:enp0s3: saddr:100932208: daddr:16783984
[  454.076064] AAAAA-TCP_FORW: name:enp0s3: saddr:100932208: daddr:16783984
[  454.285110] AAAAA-TCP_FORW: name:enp0s3: saddr:16783984: daddr:100932208
[  454.350109] AAAAA-TCP_FORW: name:enp0s3: saddr:16783984: daddr:100932208
[  455.436357] AAAAA-TCP_FORW: name:enp0s3: saddr:100932208: daddr:16783984
[  455.448456] AAAAA-TCP_FORW: name:enp0s3: saddr:16783984: daddr:100932208
[  476.504100] AAAAA-TCP_FORW: name:enp0s3: saddr:16783984: daddr:100932208
[  476.814811] AAAAA-TCP_FORW: name:enp0s3: saddr:16783984: daddr:100932208
[  476.977556] AAAAA-TCP_FORW: name:enp0s3: saddr:16783984: daddr:100932208
[  477.156137] AAAAA-TCP_FORW: name:enp0s3: saddr:16783984: daddr:100932208
[  477.406573] AAAAA-TCP_FORW: name:enp0s3: saddr:16783984: daddr:100932208
[  477.592199] AAAAA-TCP_FORW: name:enp0s3: saddr:16783984: daddr:100932208
[  477.976576] AAAAA-TCP_FORW: name:enp0s3: saddr:16783984: daddr:100932208
[  479.720979] AAAAA-TCP_FORW: name:enp0s3: saddr:100932208: daddr:16783984
[  479.951606] AAAAA-TCP_FORW: name:enp0s3: saddr:100932208: daddr:16783984
[  480.393662] AAAAA-TCP_FORW: name:enp0s3: saddr:100932208: daddr:16783984
[  480.896367] AAAAA-TCP_FORW: name:enp0s3: saddr:100932208: daddr:16783984
[  481.051544] AAAAA-TCP_FORW: name:enp0s3: saddr:100932208: daddr:16783984
[  481.325310] AAAAA-TCP_FORW: name:enp0s3: saddr:100932208: daddr:16783984
[  481.432031] AAAAA-TCP_FORW: name:enp0s3: saddr:100932208: daddr:16783984
[  481.660159] AAAAA-TCP_FORW: name:enp0s3: saddr:100932208: daddr:16783984
[  481.972115] AAAAA-TCP_FORW: name:enp0s3: saddr:100932208: daddr:16783984
[  482.091503] AAAAA-TCP_FORW: name:enp0s3: saddr:100932208: daddr:16783984
[  483.064915] AAAAA-TCP_FORW: name:enp0s3: saddr:100932208: daddr:16783984
[  483.264575] AAAAA-TCP_FORW: name:enp0s3: saddr:100932208: daddr:16783984
[  483.583999] AAAAA-TCP_FORW: name:enp0s3: saddr:100932208: daddr:16783984
[  483.919106] AAAAA-TCP_FORW: name:enp0s3: saddr:100932208: daddr:16783984
[  483.924944] AAAAA-TCP_FORW: name:enp0s3: saddr:16783984: daddr:100932208
[  483.995385] AAAAA-TCP_FORW: name:enp0s3: saddr:100932208: daddr:16783984
[  484.145127] AAAAA-TCP_FORW: name:enp0s3: saddr:16783984: daddr:100932208
[  484.645162] AAAAA-TCP_FORW: name:enp0s3: saddr:100932208: daddr:16783984
[  484.652911] AAAAA-TCP_FORW: name:enp0s3: saddr:16783984: daddr:100932208
[  484.696660] AAAAA-TCP_FORW: name:enp0s3: saddr:100932208: daddr:16783984
[  484.738675] AAAAA-TCP_FORW: name:enp0s3: saddr:100932208: daddr:16783984
[  484.792228] AAAAA-TCP_FORW: name:enp0s3: saddr:16783984: daddr:100932208
[  484.858488] AAAAA-TCP_FORW: name:enp0s3: saddr:16783984: daddr:100932208
[  484.890334] AAAAA-TCP_FORW: name:enp0s3: saddr:100932208: daddr:16783984
[  485.096054] AAAAA-TCP_FORW: name:enp0s3: saddr:16783984: daddr:100932208
[  485.155058] AAAAA-TCP_FORW: name:enp0s3: saddr:100932208: daddr:16783984
[  485.222295] AAAAA-TCP_FORW: name:enp0s3: saddr:16783984: daddr:100932208
[  485.576682] AAAAA-TCP_FORW: name:enp0s3: saddr:100932208: daddr:16783984
[  485.604487] AAAAA-TCP_FORW: name:enp0s3: saddr:16783984: daddr:100932208
[  485.760865] AAAAA-TCP_FORW: name:enp0s3: saddr:100932208: daddr:16783984
[  485.772557] AAAAA-TCP_FORW: name:enp0s3: saddr:16783984: daddr:100932208
[  485.875446] AAAAA-TCP_FORW: name:enp0s3: saddr:100932208: daddr:16783984
[  485.952859] AAAAA-TCP_FORW: name:enp0s3: saddr:100932208: daddr:16783984
[  485.965514] AAAAA-TCP_FORW: name:enp0s3: saddr:16783984: daddr:100932208
[  486.054846] AAAAA-TCP_FORW: name:enp0s3: saddr:16783984: daddr:100932208
[  486.194182] AAAAA-TCP_FORW: name:enp0s3: saddr:100932208: daddr:16783984
[  486.202005] AAAAA-TCP_FORW: name:enp0s3: saddr:16783984: daddr:100932208
[  486.269361] AAAAA-TCP_FORW: name:enp0s3: saddr:100932208: daddr:16783984
[  486.337440] AAAAA-TCP_FORW: name:enp0s3: saddr:16783984: daddr:100932208
[  486.531442] AAAAA-TCP_FORW: name:enp0s3: saddr:100932208: daddr:16783984
[  486.540741] AAAAA-TCP_FORW: name:enp0s3: saddr:16783984: daddr:100932208
[  486.612384] AAAAA-TCP_FORW: name:enp0s3: saddr:100932208: daddr:16783984
[  486.645585] AAAAA-TCP_FORW: name:enp0s3: saddr:16783984: daddr:100932208
[  486.819999] AAAAA-TCP_FORW: name:enp0s3: saddr:100932208: daddr:16783984
[  486.834843] AAAAA-TCP_FORW: name:enp0s3: saddr:16783984: daddr:100932208
[  486.911992] AAAAA-TCP_FORW: name:enp0s3: saddr:100932208: daddr:16783984
[  486.977477] AAAAA-TCP_FORW: name:enp0s3: saddr:16783984: daddr:100932208
[  487.146265] AAAAA-TCP_FORW: name:enp0s3: saddr:100932208: daddr:16783984
[  487.155001] AAAAA-TCP_FORW: name:enp0s3: saddr:16783984: daddr:100932208
[  487.190480] AAAAA-TCP_FORW: name:enp0s3: saddr:100932208: daddr:16783984
[  487.268494] AAAAA-TCP_FORW: name:enp0s3: saddr:16783984: daddr:100932208
[  487.321224] AAAAA-TCP_FORW: name:enp0s3: saddr:100932208: daddr:16783984
[  487.342665] AAAAA-TCP_FORW: name:enp0s3: saddr:100932208: daddr:16783984
[  487.366802] AAAAA-TCP_FORW: name:enp0s3: saddr:16783984: daddr:100932208
[  487.444536] AAAAA-TCP_FORW: name:enp0s3: saddr:16783984: daddr:100932208
[  487.559089] AAAAA-TCP_FORW: name:enp0s3: saddr:100932208: daddr:16783984
[  487.605269] AAAAA-TCP_FORW: name:enp0s3: saddr:100932208: daddr:16783984
[  487.648466] AAAAA-TCP_FORW: name:enp0s3: saddr:100932208: daddr:16783984
[  487.784426] AAAAA-TCP_FORW: name:enp0s3: saddr:100932208: daddr:16783984
[  487.894417] AAAAA-TCP_FORW: name:enp0s3: saddr:16783984: daddr:100932208
[  487.978335] AAAAA-TCP_FORW: name:enp0s3: saddr:100932208: daddr:16783984
[  487.985482] AAAAA-TCP_FORW: name:enp0s3: saddr:16783984: daddr:100932208
[  488.006546] AAAAA-TCP_FORW: name:enp0s3: saddr:16783984: daddr:100932208
[  488.062998] AAAAA-TCP_FORW: name:enp0s3: saddr:100932208: daddr:16783984
[  488.086438] AAAAA-TCP_FORW: name:enp0s3: saddr:16783984: daddr:100932208
[  488.186881] AAAAA-TCP_FORW: name:enp0s3: saddr:100932208: daddr:16783984
[  488.290217] AAAAA-TCP_FORW: name:enp0s3: saddr:16783984: daddr:100932208
[  488.350041] AAAAA-TCP_FORW: name:enp0s3: saddr:100932208: daddr:16783984
[  488.574276] AAAAA-TCP_FORW: name:enp0s3: saddr:16783984: daddr:100932208
[  488.691763] AAAAA-TCP_FORW: name:enp0s3: saddr:16783984: daddr:100932208
[  488.761194] AAAAA-TCP_FORW: name:enp0s3: saddr:100932208: daddr:16783984
[  488.803135] AAAAA-TCP_FORW: name:enp0s3: saddr:16783984: daddr:100932208
[  488.850492] AAAAA-TCP_FORW: name:enp0s3: saddr:100932208: daddr:16783984
[  488.973333] AAAAA-TCP_FORW: name:enp0s3: saddr:100932208: daddr:16783984
[  489.003278] AAAAA-TCP_FORW: name:enp0s3: saddr:16783984: daddr:100932208
[  489.082836] AAAAA-TCP_FORW: name:enp0s3: saddr:100932208: daddr:16783984
[  489.112212] AAAAA-TCP_FORW: name:enp0s3: saddr:16783984: daddr:100932208
[  489.188735] AAAAA-TCP_FORW: name:enp0s3: saddr:100932208: daddr:16783984
[  489.197092] AAAAA-TCP_FORW: name:enp0s3: saddr:16783984: daddr:100932208
[  489.234247] AAAAA-TCP_FORW: name:enp0s3: saddr:100932208: daddr:16783984
[  489.329811] AAAAA-TCP_FORW: name:enp0s3: saddr:16783984: daddr:100932208
[  489.469941] AAAAA-TCP_FORW: name:enp0s3: saddr:100932208: daddr:16783984
[  489.512522] AAAAA-TCP_FORW: name:enp0s3: saddr:16783984: daddr:100932208
[  489.517884] AAAAA-TCP_FORW: name:enp0s3: saddr:100932208: daddr:16783984
[  489.629328] AAAAA-TCP_FORW: name:enp0s3: saddr:100932208: daddr:16783984
[  489.693867] AAAAA-TCP_FORW: name:enp0s3: saddr:100932208: daddr:16783984
[  489.713084] AAAAA-TCP_FORW: name:enp0s3: saddr:16783984: daddr:100932208
[  489.775629] AAAAA-TCP_FORW: name:enp0s3: saddr:100932208: daddr:16783984
[  489.845987] AAAAA-TCP_FORW: name:enp0s3: saddr:100932208: daddr:16783984
[  489.861370] AAAAA-TCP_FORW: name:enp0s3: saddr:16783984: daddr:100932208
[  489.969267] AAAAA-TCP_FORW: name:enp0s3: saddr:100932208: daddr:16783984
[  489.981501] AAAAA-TCP_FORW: name:enp0s3: saddr:16783984: daddr:100932208
[  490.080326] AAAAA-TCP_FORW: name:enp0s3: saddr:100932208: daddr:16783984
[  490.162674] AAAAA-TCP_FORW: name:enp0s3: saddr:100932208: daddr:16783984
[  490.170498] AAAAA-TCP_FORW: name:enp0s3: saddr:16783984: daddr:100932208
[  490.262798] AAAAA-TCP_FORW: name:enp0s3: saddr:100932208: daddr:16783984
[  490.301660] AAAAA-TCP_FORW: name:enp0s3: saddr:100932208: daddr:16783984
[  490.310762] AAAAA-TCP_FORW: name:enp0s3: saddr:16783984: daddr:100932208
[  490.358161] AAAAA-TCP_FORW: name:enp0s3: saddr:100932208: daddr:16783984
[  490.389278] AAAAA-TCP_FORW: name:enp0s3: saddr:100932208: daddr:16783984
[  490.414517] AAAAA-TCP_FORW: name:enp0s3: saddr:100932208: daddr:16783984
[  490.453693] AAAAA-TCP_FORW: name:enp0s3: saddr:16783984: daddr:100932208
[  490.496592] AAAAA-TCP_FORW: name:enp0s3: saddr:100932208: daddr:16783984
[  490.543496] AAAAA-TCP_FORW: name:enp0s3: saddr:16783984: daddr:100932208
[  490.561660] AAAAA-TCP_FORW: name:enp0s3: saddr:100932208: daddr:16783984
[  490.641807] AAAAA-TCP_FORW: name:enp0s3: saddr:100932208: daddr:16783984
[  490.673742] AAAAA-TCP_FORW: name:enp0s3: saddr:16783984: daddr:100932208
[  490.694345] AAAAA-TCP_FORW: name:enp0s3: saddr:100932208: daddr:16783984
[  490.775040] AAAAA-TCP_FORW: name:enp0s3: saddr:100932208: daddr:16783984
[  490.810584] AAAAA-TCP_FORW: name:enp0s3: saddr:16783984: daddr:100932208
[  490.856194] AAAAA-TCP_FORW: name:enp0s3: saddr:100932208: daddr:16783984
[  490.944300] AAAAA-TCP_FORW: name:enp0s3: saddr:100932208: daddr:16783984
[  490.978401] AAAAA-TCP_FORW: name:enp0s3: saddr:100932208: daddr:16783984
[  490.994253] AAAAA-TCP_FORW: name:enp0s3: saddr:16783984: daddr:100932208
[  491.033787] AAAAA-TCP_FORW: name:enp0s3: saddr:100932208: daddr:16783984
[  491.092061] AAAAA-TCP_FORW: name:enp0s3: saddr:100932208: daddr:16783984
[  491.114870] AAAAA-TCP_FORW: name:enp0s3: saddr:16783984: daddr:100932208
[  491.157036] AAAAA-TCP_FORW: name:enp0s3: saddr:100932208: daddr:16783984
[  491.195357] AAAAA-TCP_FORW: name:enp0s3: saddr:16783984: daddr:100932208
[  491.269079] AAAAA-TCP_FORW: name:enp0s3: saddr:100932208: daddr:16783984
[  491.314950] AAAAA-TCP_FORW: name:enp0s3: saddr:100932208: daddr:16783984
[  491.363082] AAAAA-TCP_FORW: name:enp0s3: saddr:16783984: daddr:100932208
[  491.454472] AAAAA-TCP_FORW: name:enp0s3: saddr:100932208: daddr:16783984
[  491.509045] AAAAA-TCP_FORW: name:enp0s3: saddr:100932208: daddr:16783984
[  491.527735] AAAAA-TCP_FORW: name:enp0s3: saddr:16783984: daddr:100932208
[  491.556462] AAAAA-TCP_FORW: name:enp0s3: saddr:100932208: daddr:16783984
[  491.637453] AAAAA-TCP_FORW: name:enp0s3: saddr:100932208: daddr:16783984
[  491.660226] AAAAA-TCP_FORW: name:enp0s3: saddr:16783984: daddr:100932208
[  491.710082] AAAAA-TCP_FORW: name:enp0s3: saddr:100932208: daddr:16783984
[  491.795276] AAAAA-TCP_FORW: name:enp0s3: saddr:16783984: daddr:100932208
[  491.858402] AAAAA-TCP_FORW: name:enp0s3: saddr:100932208: daddr:16783984
[  491.978009] AAAAA-TCP_FORW: name:enp0s3: saddr:100932208: daddr:16783984
[  492.008575] AAAAA-TCP_FORW: name:enp0s3: saddr:16783984: daddr:100932208
[  492.052316] AAAAA-TCP_FORW: name:enp0s3: saddr:100932208: daddr:16783984
[  492.110173] AAAAA-TCP_FORW: name:enp0s3: saddr:100932208: daddr:16783984
[  492.121416] AAAAA-TCP_FORW: name:enp0s3: saddr:16783984: daddr:100932208
[  492.153076] AAAAA-TCP_FORW: name:enp0s3: saddr:100932208: daddr:16783984
[  492.213502] AAAAA-TCP_FORW: name:enp0s3: saddr:100932208: daddr:16783984
[  492.228827] AAAAA-TCP_FORW: name:enp0s3: saddr:16783984: daddr:100932208
[  492.287037] AAAAA-TCP_FORW: name:enp0s3: saddr:100932208: daddr:16783984
[  492.320458] AAAAA-TCP_FORW: name:enp0s3: saddr:100932208: daddr:16783984
[  492.337332] AAAAA-TCP_FORW: name:enp0s3: saddr:16783984: daddr:100932208
[  492.369373] AAAAA-TCP_FORW: name:enp0s3: saddr:100932208: daddr:16783984
[  492.433989] AAAAA-TCP_FORW: name:enp0s3: saddr:100932208: daddr:16783984
[  492.442059] AAAAA-TCP_FORW: name:enp0s3: saddr:16783984: daddr:100932208
[  492.487426] AAAAA-TCP_FORW: name:enp0s3: saddr:100932208: daddr:16783984
[  492.535353] AAAAA-TCP_FORW: name:enp0s3: saddr:100932208: daddr:16783984
[  492.544159] AAAAA-TCP_FORW: name:enp0s3: saddr:16783984: daddr:100932208
[  492.592548] AAAAA-TCP_FORW: name:enp0s3: saddr:100932208: daddr:16783984
[  492.674009] AAAAA-TCP_FORW: name:enp0s3: saddr:100932208: daddr:16783984
[  492.695179] AAAAA-TCP_FORW: name:enp0s3: saddr:16783984: daddr:100932208
[  492.715681] AAAAA-TCP_FORW: name:enp0s3: saddr:100932208: daddr:16783984
[  492.779655] AAAAA-TCP_FORW: name:enp0s3: saddr:100932208: daddr:16783984
[  492.799024] AAAAA-TCP_FORW: name:enp0s3: saddr:16783984: daddr:100932208
[  492.816264] AAAAA-TCP_FORW: name:enp0s3: saddr:100932208: daddr:16783984
[  492.903988] AAAAA-TCP_FORW: name:enp0s3: saddr:100932208: daddr:16783984
[  492.913275] AAAAA-TCP_FORW: name:enp0s3: saddr:16783984: daddr:100932208
[  492.942872] AAAAA-TCP_FORW: name:enp0s3: saddr:100932208: daddr:16783984
[  492.972087] AAAAA-TCP_FORW: name:enp0s3: saddr:100932208: daddr:16783984
[  493.024520] AAAAA-TCP_FORW: name:enp0s3: saddr:16783984: daddr:100932208
[  507.242206] AAAAA-TCP_FORW: name:enp0s3: saddr:100932208: daddr:16783984
[  507.248204] AAAAA-TCP_FORW: name:enp0s3: saddr:16783984: daddr:100932208
[  507.338062] AAAAA-TCP_FORW: name:enp0s3: saddr:100932208: daddr:16783984
[  507.382106] AAAAA-TCP_FORW: name:enp0s3: saddr:16783984: daddr:100932208
[  507.608481] AAAAA-TCP_FORW: name:enp0s3: saddr:100932208: daddr:16783984
[  507.717067] AAAAA-TCP_FORW: name:enp0s3: saddr:100932208: daddr:16783984
[  507.777234] AAAAA-TCP_FORW: name:enp0s3: saddr:100932208: daddr:16783984
[  507.948300] AAAAA-TCP_FORW: name:enp0s3: saddr:16783984: daddr:100932208
[  507.971342] AAAAA-TCP_FORW: name:enp0s3: saddr:100932208: daddr:16783984
[  508.064751] AAAAA-TCP_FORW: name:enp0s3: saddr:16783984: daddr:100932208
[  508.089411] AAAAA-TCP_FORW: name:enp0s3: saddr:100932208: daddr:16783984
[  508.153924] AAAAA-TCP_FORW: name:enp0s3: saddr:16783984: daddr:100932208
[  508.267320] AAAAA-TCP_FORW: name:enp0s3: saddr:16783984: daddr:100932208
[  508.317358] AAAAA-TCP_FORW: name:enp0s3: saddr:100932208: daddr:16783984
[  508.376443] AAAAA-TCP_FORW: name:enp0s3: saddr:100932208: daddr:16783984
[  508.443312] AAAAA-TCP_FORW: name:enp0s3: saddr:16783984: daddr:100932208
[  508.497997] AAAAA-TCP_FORW: name:enp0s3: saddr:100932208: daddr:16783984
[  508.534017] AAAAA-TCP_FORW: name:enp0s3: saddr:100932208: daddr:16783984
[  508.704710] AAAAA-TCP_FORW: name:enp0s3: saddr:16783984: daddr:100932208
[  508.753917] AAAAA-TCP_FORW: name:enp0s3: saddr:16783984: daddr:100932208
[  508.981846] AAAAA-TCP_FORW: name:enp0s3: saddr:16783984: daddr:100932208
[  509.047768] AAAAA-TCP_FORW: name:enp0s3: saddr:16783984: daddr:100932208
[  509.112149] AAAAA-TCP_FORW: name:enp0s3: saddr:16783984: daddr:100932208
[  509.172687] AAAAA-TCP_FORW: name:enp0s3: saddr:16783984: daddr:100932208
[  509.249440] AAAAA-TCP_FORW: name:enp0s3: saddr:100932208: daddr:16783984
[  509.284359] AAAAA-TCP_FORW: name:enp0s3: saddr:100932208: daddr:16783984
[  509.459074] AAAAA-TCP_FORW: name:enp0s3: saddr:100932208: daddr:16783984
[  509.535117] AAAAA-TCP_FORW: name:enp0s3: saddr:16783984: daddr:100932208
[  509.571430] AAAAA-TCP_FORW: name:enp0s3: saddr:100932208: daddr:16783984
[  509.615792] AAAAA-TCP_FORW: name:enp0s3: saddr:16783984: daddr:100932208
[  509.700008] AAAAA-TCP_FORW: name:enp0s3: saddr:16783984: daddr:100932208
[  509.850517] AAAAA-TCP_FORW: name:enp0s3: saddr:16783984: daddr:100932208
[  509.925622] AAAAA-TCP_FORW: name:enp0s3: saddr:16783984: daddr:100932208
[  510.098050] AAAAA-TCP_FORW: name:enp0s3: saddr:100932208: daddr:16783984
[  510.209400] AAAAA-TCP_FORW: name:enp0s3: saddr:16783984: daddr:100932208
[  510.773631] AAAAA-TCP_FORW: name:enp0s3: saddr:100932208: daddr:16783984
[  510.789076] AAAAA-TCP_FORW: name:enp0s3: saddr:16783984: daddr:100932208
[  510.827593] AAAAA-TCP_FORW: name:enp0s3: saddr:100932208: daddr:16783984
[  510.897692] AAAAA-TCP_FORW: name:enp0s3: saddr:16783984: daddr:100932208
[  510.973246] AAAAA-TCP_FORW: name:enp0s3: saddr:100932208: daddr:16783984
[  511.118541] AAAAA-TCP_FORW: name:enp0s3: saddr:100932208: daddr:16783984
[  511.149666] AAAAA-TCP_FORW: name:enp0s3: saddr:16783984: daddr:100932208
[  511.231379] AAAAA-TCP_FORW: name:enp0s3: saddr:100932208: daddr:16783984
[  511.248703] AAAAA-TCP_FORW: name:enp0s3: saddr:16783984: daddr:100932208
[  511.289643] AAAAA-TCP_FORW: name:enp0s3: saddr:100932208: daddr:16783984
[  511.345315] AAAAA-TCP_FORW: name:enp0s3: saddr:16783984: daddr:100932208
[  511.411932] AAAAA-TCP_FORW: name:enp0s3: saddr:16783984: daddr:100932208
[  511.574089] AAAAA-TCP_FORW: name:enp0s3: saddr:16783984: daddr:100932208
[  511.618465] AAAAA-TCP_FORW: name:enp0s3: saddr:100932208: daddr:16783984
[  511.734609] AAAAA-TCP_FORW: name:enp0s3: saddr:100932208: daddr:16783984
[  511.995104] AAAAA-TCP_FORW: name:enp0s3: saddr:100932208: daddr:16783984
[  512.080323] AAAAA-TCP_FORW: name:enp0s3: saddr:100932208: daddr:16783984
[  512.485571] AAAAA-TCP_FORW: name:enp0s3: saddr:100932208: daddr:16783984
[  512.711481] AAAAA-TCP_FORW: name:enp0s3: saddr:100932208: daddr:16783984
[  512.863157] AAAAA-TCP_FORW: name:enp0s3: saddr:100932208: daddr:16783984
[  512.982609] AAAAA-TCP_FORW: name:enp0s3: saddr:100932208: daddr:16783984
[  513.179568] AAAAA-TCP_FORW: name:enp0s3: saddr:100932208: daddr:16783984
[  513.328562] AAAAA-TCP_FORW: name:enp0s3: saddr:100932208: daddr:16783984
[  513.486859] AAAAA-TCP_FORW: name:enp0s3: saddr:100932208: daddr:16783984
[  513.634513] AAAAA-TCP_FORW: name:enp0s3: saddr:100932208: daddr:16783984
[  513.774431] AAAAA-TCP_FORW: name:enp0s3: saddr:100932208: daddr:16783984
[  513.822958] AAAAA-TCP_FORW: name:enp0s3: saddr:100932208: daddr:16783984
[  514.074505] AAAAA-TCP_FORW: name:enp0s3: saddr:100932208: daddr:16783984
[  514.662682] AAAAA-TCP_FORW: name:enp0s3: saddr:100932208: daddr:16783984
[  514.738688] AAAAA-TCP_FORW: name:enp0s3: saddr:100932208: daddr:16783984
[  515.801666] AAAAA-TCP_FORW: name:enp0s3: saddr:100932208: daddr:16783984
[  516.059011] AAAAA-TCP_FORW: name:enp0s3: saddr:100932208: daddr:16783984
[  517.339667] AAAAA-TCP_FORW: name:enp0s3: saddr:100932208: daddr:16783984
[  517.395261] AAAAA-TCP_FORW: name:enp0s3: saddr:100932208: daddr:16783984
[  517.403740] AAAAA-TCP_FORW: name:enp0s3: saddr:16783984: daddr:100932208
[  517.498120] AAAAA-TCP_FORW: name:enp0s3: saddr:16783984: daddr:100932208
[  517.559538] AAAAA-TCP_FORW: name:enp0s3: saddr:100932208: daddr:16783984
[  517.577066] AAAAA-TCP_FORW: name:enp0s3: saddr:16783984: daddr:100932208
[  518.621036] AAAAA-TCP_FORW: name:enp0s3: saddr:100932208: daddr:16783984
[  635.554245] rfkill: input handler enabled
[  644.077810] rfkill: input handler disabled
[ 1044.446270] device enp0s3 left promiscuous mode
