[    0.000000] Linux version 5.4.243-tcp (root@ztg) (gcc version 12.2.0 (Debian 12.2.0-14)) #1 SMP Fri Apr 12 08:27:09 CST 2024
[    0.000000] Command line: BOOT_IMAGE=/boot/vmlinuz-5.4.243-tcp root=UUID=98415a12-53b7-4144-8265-0f7ece09e445 ro quiet splash
[    0.000000] KERNEL supported cpus:
[    0.000000]   Intel GenuineIntel
[    0.000000]   AMD AuthenticAMD
[    0.000000]   Hygon HygonGenuine
[    0.000000]   Centaur CentaurHauls
[    0.000000]   zhaoxin   Shanghai  
[    0.000000] x86/fpu: Supporting XSAVE feature 0x001: 'x87 floating point registers'
[    0.000000] x86/fpu: Supporting XSAVE feature 0x002: 'SSE registers'
[    0.000000] x86/fpu: Supporting XSAVE feature 0x004: 'AVX registers'
[    0.000000] x86/fpu: xstate_offset[2]:  576, xstate_sizes[2]:  256
[    0.000000] x86/fpu: Enabled xstate features 0x7, context size is 832 bytes, using 'standard' format.
[    0.000000] BIOS-provided physical RAM map:
[    0.000000] BIOS-e820: [mem 0x0000000000000000-0x000000000009fbff] usable
[    0.000000] BIOS-e820: [mem 0x000000000009fc00-0x000000000009ffff] reserved
[    0.000000] BIOS-e820: [mem 0x00000000000f0000-0x00000000000fffff] reserved
[    0.000000] BIOS-e820: [mem 0x0000000000100000-0x000000007ffeffff] usable
[    0.000000] BIOS-e820: [mem 0x000000007fff0000-0x000000007fffffff] ACPI data
[    0.000000] BIOS-e820: [mem 0x00000000fec00000-0x00000000fec00fff] reserved
[    0.000000] BIOS-e820: [mem 0x00000000fee00000-0x00000000fee00fff] reserved
[    0.000000] BIOS-e820: [mem 0x00000000fffc0000-0x00000000ffffffff] reserved
[    0.000000] NX (Execute Disable) protection: active
[    0.000000] SMBIOS 2.5 present.
[    0.000000] DMI: innotek GmbH VirtualBox/VirtualBox, BIOS VirtualBox 12/01/2006
[    0.000000] Hypervisor detected: KVM
[    0.000000] kvm-clock: Using msrs 4b564d01 and 4b564d00
[    0.000000] kvm-clock: cpu 0, msr 2de01001, primary cpu clock
[    0.000000] kvm-clock: using sched offset of 4391129260 cycles
[    0.000003] clocksource: kvm-clock: mask: 0xffffffffffffffff max_cycles: 0x1cd42e4dffb, max_idle_ns: 881590591483 ns
[    0.000005] tsc: Detected 2100.000 MHz processor
[    0.001878] e820: update [mem 0x00000000-0x00000fff] usable ==> reserved
[    0.001880] e820: remove [mem 0x000a0000-0x000fffff] usable
[    0.001884] last_pfn = 0x7fff0 max_arch_pfn = 0x400000000
[    0.001952] MTRR default type: uncachable
[    0.001953] MTRR fixed ranges enabled:
[    0.001954]   00000-9FFFF write-back
[    0.001955]   A0000-BFFFF uncachable
[    0.001956]   C0000-FFFFF write-protect
[    0.001957] MTRR variable ranges enabled:
[    0.001958]   0 base 000000000000 mask 3FFF80000000 write-back
[    0.001959]   1 disabled
[    0.001959]   2 disabled
[    0.001960]   3 disabled
[    0.001960]   4 disabled
[    0.001961]   5 disabled
[    0.001961]   6 disabled
[    0.001961]   7 disabled
[    0.001962]   8 disabled
[    0.001962]   9 disabled
[    0.001963]   10 disabled
[    0.001963]   11 disabled
[    0.001964]   12 disabled
[    0.001964]   13 disabled
[    0.001964]   14 disabled
[    0.001965]   15 disabled
[    0.001981] x86/PAT: Configuration [0-7]: WB  WC  UC- UC  WB  WP  UC- WT  
[    0.002115] found SMP MP-table at [mem 0x0009fff0-0x0009ffff]
[    0.091873] check: Scanning 1 areas for low memory corruption
[    0.092065] RAMDISK: [mem 0x32275000-0x35131fff]
[    0.092074] ACPI: Early table checksum verification disabled
[    0.092079] ACPI: RSDP 0x00000000000E0000 000024 (v02 VBOX  )
[    0.092084] ACPI: XSDT 0x000000007FFF0030 00003C (v01 VBOX   VBOXXSDT 00000001 ASL  00000061)
[    0.092090] ACPI: FACP 0x000000007FFF00F0 0000F4 (v04 VBOX   VBOXFACP 00000001 ASL  00000061)
[    0.092096] ACPI: DSDT 0x000000007FFF02E0 002353 (v02 VBOX   VBOXBIOS 00000002 VBOX 00029BF3)
[    0.092100] ACPI: FACS 0x000000007FFF0200 000040
[    0.092103] ACPI: FACS 0x000000007FFF0200 000040
[    0.092107] ACPI: APIC 0x000000007FFF0240 000054 (v02 VBOX   VBOXAPIC 00000001 ASL  00000061)
[    0.092110] ACPI: SSDT 0x000000007FFF02A0 000038 (v01 VBOX   VBOXCPUT 00000002 VBOX 00029BF3)
[    0.092113] ACPI: Reserving FACP table memory at [mem 0x7fff00f0-0x7fff01e3]
[    0.092114] ACPI: Reserving DSDT table memory at [mem 0x7fff02e0-0x7fff2632]
[    0.092115] ACPI: Reserving FACS table memory at [mem 0x7fff0200-0x7fff023f]
[    0.092116] ACPI: Reserving FACS table memory at [mem 0x7fff0200-0x7fff023f]
[    0.092116] ACPI: Reserving APIC table memory at [mem 0x7fff0240-0x7fff0293]
[    0.092117] ACPI: Reserving SSDT table memory at [mem 0x7fff02a0-0x7fff02d7]
[    0.092132] ACPI: Local APIC address 0xfee00000
[    0.092323] No NUMA configuration found
[    0.092324] Faking a node at [mem 0x0000000000000000-0x000000007ffeffff]
[    0.092334] NODE_DATA(0) allocated [mem 0x7ffc5000-0x7ffeffff]
[    0.092596] Zone ranges:
[    0.092597]   DMA      [mem 0x0000000000001000-0x0000000000ffffff]
[    0.092598]   DMA32    [mem 0x0000000001000000-0x000000007ffeffff]
[    0.092599]   Normal   empty
[    0.092600]   Device   empty
[    0.092600] Movable zone start for each node
[    0.092602] Early memory node ranges
[    0.092603]   node   0: [mem 0x0000000000001000-0x000000000009efff]
[    0.092604]   node   0: [mem 0x0000000000100000-0x000000007ffeffff]
[    0.092607] Zeroed struct page in unavailable ranges: 114 pages
[    0.092608] Initmem setup node 0 [mem 0x0000000000001000-0x000000007ffeffff]
[    0.092609] On node 0 totalpages: 524174
[    0.092610]   DMA zone: 64 pages used for memmap
[    0.092611]   DMA zone: 21 pages reserved
[    0.092612]   DMA zone: 3998 pages, LIFO batch:0
[    0.092682]   DMA32 zone: 8128 pages used for memmap
[    0.092683]   DMA32 zone: 520176 pages, LIFO batch:63
[    0.101691] ACPI: PM-Timer IO Port: 0x4008
[    0.101694] ACPI: Local APIC address 0xfee00000
[    0.101758] IOAPIC[0]: apic_id 1, version 32, address 0xfec00000, GSI 0-23
[    0.101761] ACPI: INT_SRC_OVR (bus 0 bus_irq 0 global_irq 2 dfl dfl)
[    0.101763] ACPI: INT_SRC_OVR (bus 0 bus_irq 9 global_irq 9 low level)
[    0.101764] ACPI: IRQ0 used by override.
[    0.101765] ACPI: IRQ9 used by override.
[    0.101768] Using ACPI (MADT) for SMP configuration information
[    0.101774] smpboot: Allowing 1 CPUs, 0 hotplug CPUs
[    0.101797] PM: Registered nosave memory: [mem 0x00000000-0x00000fff]
[    0.101798] PM: Registered nosave memory: [mem 0x0009f000-0x0009ffff]
[    0.101799] PM: Registered nosave memory: [mem 0x000a0000-0x000effff]
[    0.101799] PM: Registered nosave memory: [mem 0x000f0000-0x000fffff]
[    0.101801] [mem 0x80000000-0xfebfffff] available for PCI devices
[    0.101802] Booting paravirtualized kernel on KVM
[    0.101805] clocksource: refined-jiffies: mask: 0xffffffff max_cycles: 0xffffffff, max_idle_ns: 7645519600211568 ns
[    0.101810] setup_percpu: NR_CPUS:8192 nr_cpumask_bits:1 nr_cpu_ids:1 nr_node_ids:1
[    0.102822] percpu: Embedded 60 pages/cpu s208896 r8192 d28672 u2097152
[    0.102827] pcpu-alloc: s208896 r8192 d28672 u2097152 alloc=1*2097152
[    0.102827] pcpu-alloc: [0] 0 
[    0.102854] Built 1 zonelists, mobility grouping on.  Total pages: 515961
[    0.102854] Policy zone: DMA32
[    0.102855] Kernel command line: BOOT_IMAGE=/boot/vmlinuz-5.4.243-tcp root=UUID=98415a12-53b7-4144-8265-0f7ece09e445 ro quiet splash
[    0.103734] Dentry cache hash table entries: 262144 (order: 9, 2097152 bytes, linear)
[    0.103882] Inode-cache hash table entries: 131072 (order: 8, 1048576 bytes, linear)
[    0.103933] mem auto-init: stack:off, heap alloc:on, heap free:off
[    0.103936] Calgary: detecting Calgary via BIOS EBDA area
[    0.103937] Calgary: Unable to locate Rio Grande table in EBDA - bailing!
[    0.108031] Memory: 1967340K/2096696K available (14339K kernel code, 2392K rwdata, 4692K rodata, 2720K init, 17272K bss, 129356K reserved, 0K cma-reserved)
[    0.108952] SLUB: HWalign=64, Order=0-3, MinObjects=0, CPUs=1, Nodes=1
[    0.108969] ftrace: allocating 42894 entries in 168 pages
[    0.126917] rcu: Hierarchical RCU implementation.
[    0.126919] rcu: 	RCU restricting CPUs from NR_CPUS=8192 to nr_cpu_ids=1.
[    0.126920] 	Tasks RCU enabled.
[    0.126921] rcu: RCU calculated value of scheduler-enlistment delay is 25 jiffies.
[    0.126921] rcu: Adjusting geometry for rcu_fanout_leaf=16, nr_cpu_ids=1
[    0.129912] NR_IRQS: 524544, nr_irqs: 256, preallocated irqs: 16
[    0.130124] random: crng init done
[    0.139501] Console: colour VGA+ 80x25
[    0.139506] printk: console [tty0] enabled
[    0.139526] ACPI: Core revision 20190816
[    0.139626] APIC: Switch to symmetric I/O mode setup
[    0.139879] x2apic enabled
[    0.140118] Switched APIC routing to physical x2apic.
[    0.141262] ..TIMER: vector=0x30 apic1=0 pin1=2 apic2=-1 pin2=-1
[    0.141288] clocksource: tsc-early: mask: 0xffffffffffffffff max_cycles: 0x1e4530a99b6, max_idle_ns: 440795257976 ns
[    0.141293] Calibrating delay loop (skipped) preset value.. 4200.00 BogoMIPS (lpj=8400000)
[    0.141295] pid_max: default: 32768 minimum: 301
[    0.141324] LSM: Security Framework initializing
[    0.141333] Yama: becoming mindful.
[    0.141359] AppArmor: AppArmor initialized
[    0.141393] Mount-cache hash table entries: 4096 (order: 3, 32768 bytes, linear)
[    0.141397] Mountpoint-cache hash table entries: 4096 (order: 3, 32768 bytes, linear)
[    0.141407] *** VALIDATE tmpfs ***
[    0.141535] *** VALIDATE proc ***
[    0.141574] *** VALIDATE cgroup1 ***
[    0.141575] *** VALIDATE cgroup2 ***
[    0.141714] process: using mwait in idle threads
[    0.141719] Last level iTLB entries: 4KB 64, 2MB 8, 4MB 8
[    0.141720] Last level dTLB entries: 4KB 64, 2MB 0, 4MB 0, 1GB 4
[    0.141740] Spectre V1 : Mitigation: usercopy/swapgs barriers and __user pointer sanitization
[    0.141746] Spectre V2 : Mitigation: Retpolines
[    0.141746] Spectre V2 : Spectre v2 / SpectreRSB mitigation: Filling RSB on context switch
[    0.141747] Spectre V2 : Spectre v2 / SpectreRSB : Filling RSB on VMEXIT
[    0.141747] RETBleed: WARNING: Spectre v2 mitigation leaves CPU vulnerable to RETBleed attacks, data leaks possible!
[    0.142105] RETBleed: Vulnerable
[    0.142105] Speculative Store Bypass: Vulnerable
[    0.142110] TAA: Mitigation: TSX disabled
[    0.142110] MMIO Stale Data: Mitigation: Clear CPU buffers
[    0.146283] Freeing SMP alternatives memory: 40K
[    0.258291] smpboot: CPU0: Intel(R) Xeon(R) Silver 4216 CPU @ 2.10GHz (family: 0x6, model: 0x55, stepping: 0x7)
[    0.258432] Performance Events: unsupported p6 CPU model 85 no PMU driver, software events only.
[    0.258471] rcu: Hierarchical SRCU implementation.
[    0.258952] NMI watchdog: Perf NMI watchdog permanently disabled
[    0.258991] smp: Bringing up secondary CPUs ...
[    0.258992] smp: Brought up 1 node, 1 CPU
[    0.258993] smpboot: Max logical packages: 1
[    0.258994] smpboot: Total of 1 processors activated (4200.00 BogoMIPS)
[    0.259936] devtmpfs: initialized
[    0.259983] x86/mm: Memory block size: 128MB
[    0.260345] clocksource: jiffies: mask: 0xffffffff max_cycles: 0xffffffff, max_idle_ns: 7645041785100000 ns
[    0.260351] futex hash table entries: 256 (order: 2, 16384 bytes, linear)
[    0.260394] pinctrl core: initialized pinctrl subsystem
[    0.260495] PM: RTC time: 11:53:20, date: 2026-01-20
[    0.260605] NET: Registered protocol family 16
[    0.260685] audit: initializing netlink subsys (disabled)
[    0.260812] EISA bus registered
[    0.260814] cpuidle: using governor ladder
[    0.260815] cpuidle: using governor menu
[    0.260853] ACPI: bus type PCI registered
[    0.260854] acpiphp: ACPI Hot Plug PCI Controller Driver version: 0.5
[    0.260956] PCI: Using configuration type 1 for base access
[    0.261506] audit: type=2000 audit(1768881206.223:1): state=initialized audit_enabled=0 res=1
[    0.261591] HugeTLB registered 2.00 MiB page size, pre-allocated 0 pages
[    0.262411] ACPI: Added _OSI(Module Device)
[    0.262411] ACPI: Added _OSI(Processor Device)
[    0.262412] ACPI: Added _OSI(3.0 _SCP Extensions)
[    0.262412] ACPI: Added _OSI(Processor Aggregator Device)
[    0.262413] ACPI: Added _OSI(Linux-Dell-Video)
[    0.262414] ACPI: Added _OSI(Linux-Lenovo-NV-HDMI-Audio)
[    0.262415] ACPI: Added _OSI(Linux-HPI-Hybrid-Graphics)
[    0.264390] ACPI: 2 ACPI AML tables successfully acquired and loaded
[    0.265920] ACPI: Interpreter enabled
[    0.265930] ACPI: (supports S0 S5)
[    0.265931] ACPI: Using IOAPIC for interrupt routing
[    0.266135] PCI: Using host bridge windows from ACPI; if necessary, use "pci=nocrs" and report a bug
[    0.266243] ACPI: Enabled 2 GPEs in block 00 to 07
[    0.271200] ACPI: PCI Root Bridge [PCI0] (domain 0000 [bus 00-ff])
[    0.271205] acpi PNP0A03:00: _OSC: OS supports [ASPM ClockPM Segments MSI HPX-Type3]
[    0.271656] acpi PNP0A03:00: _OSC: not requesting OS control; OS requires [ExtendedConfig ASPM ClockPM MSI]
[    0.271665] acpi PNP0A03:00: fail to add MMCONFIG information, can't access extended PCI configuration space under this bridge.
[    0.272047] PCI host bridge to bus 0000:00
[    0.272049] pci_bus 0000:00: root bus resource [io  0x0000-0x0cf7 window]
[    0.272051] pci_bus 0000:00: root bus resource [io  0x0d00-0xffff window]
[    0.272052] pci_bus 0000:00: root bus resource [mem 0x000a0000-0x000bffff window]
[    0.272053] pci_bus 0000:00: root bus resource [mem 0x80000000-0xfdffffff window]
[    0.272054] pci_bus 0000:00: root bus resource [bus 00-ff]
[    0.272096] pci 0000:00:00.0: [8086:1237] type 00 class 0x060000
[    0.273025] pci 0000:00:01.0: [8086:7000] type 00 class 0x060100
[    0.273829] pci 0000:00:01.1: [8086:7111] type 00 class 0x01018a
[    0.274216] pci 0000:00:01.1: reg 0x20: [io  0xd000-0xd00f]
[    0.274374] pci 0000:00:01.1: legacy IDE quirk: reg 0x10: [io  0x01f0-0x01f7]
[    0.274375] pci 0000:00:01.1: legacy IDE quirk: reg 0x14: [io  0x03f6]
[    0.274376] pci 0000:00:01.1: legacy IDE quirk: reg 0x18: [io  0x0170-0x0177]
[    0.274377] pci 0000:00:01.1: legacy IDE quirk: reg 0x1c: [io  0x0376]
[    0.274916] pci 0000:00:02.0: [15ad:0405] type 00 class 0x030000
[    0.277371] pci 0000:00:02.0: reg 0x10: [io  0xd010-0xd01f]
[    0.281336] pci 0000:00:02.0: reg 0x14: [mem 0xe0000000-0xe7ffffff pref]
[    0.283949] pci 0000:00:02.0: reg 0x18: [mem 0xf0000000-0xf01fffff]
[    0.294101] pci 0000:00:03.0: [1022:2000] type 00 class 0x020000
[    0.294773] pci 0000:00:03.0: reg 0x10: [io  0xd020-0xd03f]
[    0.295394] pci 0000:00:03.0: reg 0x14: [mem 0xf0200000-0xf0200fff]
[    0.298765] pci 0000:00:04.0: [80ee:cafe] type 00 class 0x088000
[    0.299440] pci 0000:00:04.0: reg 0x10: [io  0xd040-0xd05f]
[    0.300064] pci 0000:00:04.0: reg 0x14: [mem 0xf0400000-0xf07fffff]
[    0.301402] pci 0000:00:04.0: reg 0x18: [mem 0xf0800000-0xf0803fff pref]
[    0.304927] pci 0000:00:07.0: [8086:7113] type 00 class 0x068000
[    0.305541] pci 0000:00:07.0: quirk: [io  0x4000-0x403f] claimed by PIIX4 ACPI
[    0.305552] pci 0000:00:07.0: quirk: [io  0x4100-0x410f] claimed by PIIX4 SMB
[    0.306166] pci 0000:00:08.0: [8086:100e] type 00 class 0x020000
[    0.306893] pci 0000:00:08.0: reg 0x10: [mem 0xf0820000-0xf083ffff]
[    0.308057] pci 0000:00:08.0: reg 0x18: [io  0xd060-0xd067]
[    0.311541] pci 0000:00:09.0: [8086:100e] type 00 class 0x020000
[    0.312245] pci 0000:00:09.0: reg 0x10: [mem 0xf0840000-0xf085ffff]
[    0.313406] pci 0000:00:09.0: reg 0x18: [io  0xd068-0xd06f]
[    0.322449] ACPI: PCI Interrupt Link [LNKA] (IRQs 5 9 10 *11)
[    0.322731] ACPI: PCI Interrupt Link [LNKB] (IRQs 5 9 *10 11)
[    0.322830] ACPI: PCI Interrupt Link [LNKC] (IRQs 5 *9 10 11)
[    0.325382] ACPI: PCI Interrupt Link [LNKD] (IRQs 5 9 10 *11)
[    0.325648] iommu: Default domain type: Translated 
[    0.325706] pci 0000:00:02.0: vgaarb: setting as boot VGA device
[    0.325708] pci 0000:00:02.0: vgaarb: VGA device added: decodes=io+mem,owns=io+mem,locks=none
[    0.325710] pci 0000:00:02.0: vgaarb: bridge control possible
[    0.325711] vgaarb: loaded
[    0.325918] SCSI subsystem initialized
[    0.325950] libata version 3.00 loaded.
[    0.325976] ACPI: bus type USB registered
[    0.325990] usbcore: registered new interface driver usbfs
[    0.325996] usbcore: registered new interface driver hub
[    0.326000] usbcore: registered new device driver usb
[    0.326030] pps_core: LinuxPPS API ver. 1 registered
[    0.326030] pps_core: Software ver. 5.3.6 - Copyright 2005-2007 Rodolfo Giometti <giometti@linux.it>
[    0.326032] PTP clock support registered
[    0.326065] EDAC MC: Ver: 3.0.0
[    0.326359] PCI: Using ACPI for IRQ routing
[    0.326360] PCI: pci_cache_line_size set to 64 bytes
[    0.326532] e820: reserve RAM buffer [mem 0x0009fc00-0x0009ffff]
[    0.326536] e820: reserve RAM buffer [mem 0x7fff0000-0x7fffffff]
[    0.326659] NetLabel: Initializing
[    0.326659] NetLabel:  domain hash size = 128
[    0.326660] NetLabel:  protocols = UNLABELED CIPSOv4 CALIPSO
[    0.326679] NetLabel:  unlabeled traffic allowed by default
[    0.328267] clocksource: Switched to clocksource kvm-clock
[    0.339734] *** VALIDATE bpf ***
[    0.339793] VFS: Disk quotas dquot_6.6.0
[    0.339806] VFS: Dquot-cache hash table entries: 512 (order 0, 4096 bytes)
[    0.339828] *** VALIDATE ramfs ***
[    0.339832] *** VALIDATE hugetlbfs ***
[    0.339909] AppArmor: AppArmor Filesystem Enabled
[    0.339937] pnp: PnP ACPI init
[    0.340003] pnp 00:00: Plug and Play ACPI device, IDs PNP0303 (active)
[    0.340086] pnp 00:01: Plug and Play ACPI device, IDs PNP0f03 (active)
[    0.340828] pnp: PnP ACPI: found 2 devices
[    0.341842] thermal_sys: Registered thermal governor 'fair_share'
[    0.341843] thermal_sys: Registered thermal governor 'bang_bang'
[    0.341843] thermal_sys: Registered thermal governor 'step_wise'
[    0.341844] thermal_sys: Registered thermal governor 'user_space'
[    0.341844] thermal_sys: Registered thermal governor 'power_allocator'
[    0.346382] clocksource: acpi_pm: mask: 0xffffff max_cycles: 0xffffff, max_idle_ns: 2085701024 ns
[    0.346424] pci_bus 0000:00: resource 4 [io  0x0000-0x0cf7 window]
[    0.346425] pci_bus 0000:00: resource 5 [io  0x0d00-0xffff window]
[    0.346427] pci_bus 0000:00: resource 6 [mem 0x000a0000-0x000bffff window]
[    0.346428] pci_bus 0000:00: resource 7 [mem 0x80000000-0xfdffffff window]
[    0.346487] NET: Registered protocol family 2
[    0.346564] IP idents hash table entries: 32768 (order: 6, 262144 bytes, linear)
[    0.346939] tcp_listen_portaddr_hash hash table entries: 1024 (order: 2, 16384 bytes, linear)
[    0.347018] TCP established hash table entries: 16384 (order: 5, 131072 bytes, linear)
[    0.347108] TCP bind hash table entries: 16384 (order: 6, 262144 bytes, linear)
[    0.347135] TCP: Hash tables configured (established 16384 bind 16384)
[    0.347182] UDP hash table entries: 1024 (order: 3, 32768 bytes, linear)
[    0.347194] UDP-Lite hash table entries: 1024 (order: 3, 32768 bytes, linear)
[    0.347225] NET: Registered protocol family 1
[    0.347233] NET: Registered protocol family 44
[    0.347272] pci 0000:00:00.0: Limiting direct PCI/PCI transfers
[    0.347285] pci 0000:00:01.0: Activating ISA DMA hang workarounds
[    0.347339] pci 0000:00:02.0: Video device with shadowed ROM at [mem 0x000c0000-0x000dffff]
[    0.347402] PCI: CLS 0 bytes, default 64
[    0.347455] Trying to unpack rootfs image as initramfs...
[    0.523356] Freeing initrd memory: 47860K
[    0.523356] clocksource: tsc: mask: 0xffffffffffffffff max_cycles: 0x1e4530a99b6, max_idle_ns: 440795257976 ns
[    0.523356] clocksource: Switched to clocksource tsc
[    0.523356] platform rtc_cmos: registered platform RTC device (no PNP device found)
[    0.523356] check: Scanning for low memory corruption every 60 seconds
[    0.523356] Initialise system trusted keyrings
[    0.523356] Key type blacklist registered
[    0.523356] workingset: timestamp_bits=36 max_order=19 bucket_order=0
[    0.523356] zbud: loaded
[    0.523356] squashfs: version 4.0 (2009/01/31) Phillip Lougher
[    0.523356] fuse: init (API version 7.31)
[    0.523356] *** VALIDATE fuse ***
[    0.523356] *** VALIDATE fuse ***
[    0.523356] Platform Keyring initialized
[    0.523356] Key type asymmetric registered
[    0.523356] Asymmetric key parser 'x509' registered
[    0.523356] Block layer SCSI generic (bsg) driver version 0.4 loaded (major 244)
[    0.523356] io scheduler mq-deadline registered
[    0.523356] shpchp: Standard Hot Plug PCI Controller Driver version: 0.4
[    0.537318] ACPI: AC Adapter [AC] (on-line)
[    0.537364] input: Power Button as /devices/LNXSYSTM:00/LNXPWRBN:00/input/input0
[    0.537389] ACPI: Power Button [PWRF]
[    0.537465] input: Sleep Button as /devices/LNXSYSTM:00/LNXSLPBN:00/input/input1
[    0.537479] ACPI: Sleep Button [SLPF]
[    0.537702] Serial: 8250/16550 driver, 32 ports, IRQ sharing enabled
[    0.538921] Linux agpgart interface v0.103
[    0.635236] loop: module loaded
[    0.635454] ata_piix 0000:00:01.1: version 2.13
[    0.636083] scsi host0: ata_piix
[    0.636224] scsi host1: ata_piix
[    0.636269] ata1: PATA max UDMA/33 cmd 0x1f0 ctl 0x3f6 bmdma 0xd000 irq 14
[    0.636270] ata2: PATA max UDMA/33 cmd 0x170 ctl 0x376 bmdma 0xd008 irq 15
[    0.636395] tun: Universal TUN/TAP device driver, 1.6
[    0.636852] PPP generic driver version 2.4.2
[    0.636921] VFIO - User Level meta-driver version: 0.3
[    0.637333] ehci_hcd: USB 2.0 'Enhanced' Host Controller (EHCI) Driver
[    0.637342] ehci-pci: EHCI PCI platform driver
[    0.637362] ehci-platform: EHCI generic platform driver
[    0.637370] ohci_hcd: USB 1.1 'Open' Host Controller (OHCI) Driver
[    0.637373] ohci-pci: OHCI PCI platform driver
[    0.637381] ohci-platform: OHCI generic platform driver
[    0.637389] uhci_hcd: USB Universal Host Controller Interface driver
[    0.637477] i8042: PNP: PS/2 Controller [PNP0303:PS2K,PNP0f03:PS2M] at 0x60,0x64 irq 1,12
[    0.638107] serio: i8042 KBD port at 0x60,0x64 irq 1
[    0.638112] serio: i8042 AUX port at 0x60,0x64 irq 12
[    0.638253] mousedev: PS/2 mouse device common for all mice
[    0.638678] input: AT Translated Set 2 keyboard as /devices/platform/i8042/serio0/input/input2
[    0.639389] rtc_cmos rtc_cmos: registered as rtc0
[    0.639409] rtc_cmos rtc_cmos: alarms up to one day, 114 bytes nvram
[    0.639418] i2c /dev entries driver
[    0.639497] device-mapper: uevent: version 1.0.3
[    0.639584] device-mapper: ioctl: 4.41.0-ioctl (2019-09-16) initialised: dm-devel@redhat.com
[    0.639619] platform eisa.0: Probing EISA bus 0
[    0.639621] platform eisa.0: EISA: Cannot allocate resource for mainboard
[    0.639624] platform eisa.0: Cannot allocate resource for EISA slot 1
[    0.639626] platform eisa.0: Cannot allocate resource for EISA slot 2
[    0.639628] platform eisa.0: Cannot allocate resource for EISA slot 3
[    0.639630] platform eisa.0: Cannot allocate resource for EISA slot 4
[    0.639632] platform eisa.0: Cannot allocate resource for EISA slot 5
[    0.639634] platform eisa.0: Cannot allocate resource for EISA slot 6
[    0.639635] platform eisa.0: Cannot allocate resource for EISA slot 7
[    0.639638] platform eisa.0: Cannot allocate resource for EISA slot 8
[    0.639640] platform eisa.0: EISA: Detected 0 cards
[    0.639645] intel_pstate: CPU model not supported
[    0.639662] ledtrig-cpu: registered to indicate activity on CPUs
[    0.639738] drop_monitor: Initializing network drop monitor service
[    0.639994] NET: Registered protocol family 10
[    0.643257] Segment Routing with IPv6
[    0.643257] NET: Registered protocol family 17
[    0.643257] Key type dns_resolver registered
[    0.643257] RAS: Correctable Errors collector initialized.
[    0.643257] IPI shorthand broadcast: enabled
[    0.643257] sched_clock: Marking stable (628080925, 11176312)->(641321854, -2064617)
[    0.648421] registered taskstats version 1
[    0.648436] Loading compiled-in X.509 certificates
[    0.649443] Loaded X.509 cert 'Build time autogenerated kernel key: 0a9e52cc6eb58eed9b63e328679db6d5d5216245'
[    0.649467] zswap: loaded using pool lzo/zbud
[    0.649552] Key type ._fscrypt registered
[    0.649553] Key type .fscrypt registered
[    0.657211] Key type big_key registered
[    0.660842] Key type encrypted registered
[    0.660846] AppArmor: AppArmor sha1 policy hashing enabled
[    0.660856] ima: No TPM chip found, activating TPM-bypass!
[    0.660862] ima: Allocated hash algorithm: sha1
[    0.660869] ima: No architecture policies found
[    0.660881] evm: Initialising EVM extended attributes:
[    0.660882] evm: security.selinux
[    0.660883] evm: security.SMACK64
[    0.660884] evm: security.SMACK64EXEC
[    0.660884] evm: security.SMACK64TRANSMUTE
[    0.660885] evm: security.SMACK64MMAP
[    0.660886] evm: security.apparmor
[    0.660887] evm: security.ima
[    0.660887] evm: security.capability
[    0.660888] evm: HMAC attrs: 0x1
[    0.661375] PM:   Magic number: 10:975:883
[    0.661550] rtc_cmos rtc_cmos: setting system clock to 2026-01-20T11:53:21 UTC (1768910001)
[    0.807138] ata1.00: ATA-6: VBOX HARDDISK, 1.0, max UDMA/133
[    0.807141] ata1.00: 209715200 sectors, multi 128: LBA 
[    0.807623] scsi 0:0:0:0: Direct-Access     ATA      VBOX HARDDISK    1.0  PQ: 0 ANSI: 5
[    0.807822] sd 0:0:0:0: [sda] 209715200 512-byte logical blocks: (107 GB/100 GiB)
[    0.807830] sd 0:0:0:0: [sda] Write Protect is off
[    0.807832] sd 0:0:0:0: [sda] Mode Sense: 00 3a 00 00
[    0.807845] sd 0:0:0:0: [sda] Write cache: enabled, read cache: enabled, doesn't support DPO or FUA
[    0.808058] sd 0:0:0:0: Attached scsi generic sg0 type 0
[    0.808524]  sda: sda1 sda2
[    0.819319] sd 0:0:0:0: [sda] Attached SCSI disk
[    0.821407] Freeing unused decrypted memory: 2040K
[    0.822143] Freeing unused kernel image memory: 2720K
[    0.822145] Write protecting the kernel read-only data: 22528k
[    0.822881] Freeing unused kernel image memory: 2036K
[    0.823302] Freeing unused kernel image memory: 1452K
[    0.839305] x86/mm: Checked W+X mappings: passed, no W+X pages found.
[    0.839310] Run /init as init process
[    0.940170] ACPI: Video Device [GFX0] (multi-head: yes  rom: no  post: no)
[    0.940243] input: Video Bus as /devices/LNXSYSTM:00/LNXSYBUS:00/PNP0A03:00/LNXVIDEO:00/input/input4
[    0.955397] pcnet32: pcnet32.c:v1.35 21.Apr.2008 tsbogend@alpha.franken.de
[    0.956920] piix4_smbus 0000:00:07.0: SMBus Host Controller at 0x4100, revision 0
[    0.959658] e1000: Intel(R) PRO/1000 Network Driver - version 7.3.21-k8-NAPI
[    0.959659] e1000: Copyright (c) 1999-2006 Intel Corporation.
[    0.972361] pcnet32: PCnet/FAST III 79C973 at 0xd020, 08:00:27:b9:e1:1a assigned IRQ 19
[    0.972560] pcnet32: Found PHY 0022:561b at address 0
[    0.982607] pcnet32: eth0: registered as PCnet/FAST III 79C973
[    0.983669] pcnet32: 1 cards_found
[    1.028781] pcnet32 0000:00:03.0 enp0s3: renamed from eth0
[    1.169685] input: ImExPS/2 Generic Explorer Mouse as /devices/platform/i8042/serio1/input/input5
[    1.367476] e1000 0000:00:08.0 eth0: (PCI:33MHz:32-bit) 08:00:27:bf:2b:e6
[    1.367481] e1000 0000:00:08.0 eth0: Intel(R) PRO/1000 Network Connection
[    1.743471] e1000 0000:00:09.0 eth1: (PCI:33MHz:32-bit) 08:00:27:cc:2f:50
[    1.743474] e1000 0000:00:09.0 eth1: Intel(R) PRO/1000 Network Connection
[    1.744622] e1000 0000:00:08.0 enp0s8: renamed from eth0
[    1.746431] e1000 0000:00:09.0 enp0s9: renamed from eth1
[    1.891523] EXT4-fs (sda2): mounted filesystem with ordered data mode. Opts: (null)
[    1.981522] systemd[1]: Inserted module 'autofs4'
[    1.994397] systemd[1]: systemd 245.4-4ubuntu3 running in system mode. (+PAM +AUDIT +SELINUX +IMA +APPARMOR +SMACK +SYSVINIT +UTMP +LIBCRYPTSETUP +GCRYPT +GNUTLS +ACL +XZ +LZ4 +SECCOMP +BLKID +ELFUTILS +KMOD +IDN2 -IDN +PCRE2 default-hierarchy=hybrid)
[    1.994423] systemd[1]: Detected virtualization oracle.
[    1.994429] systemd[1]: Detected architecture x86-64.
[    1.995770] systemd[1]: Set hostname to <ztg>.
[    2.118985] systemd[1]: /lib/systemd/system/dbus.socket:5: ListenStream= references a path below legacy directory /var/run/, updating /var/run/dbus/system_bus_socket â†’ /run/dbus/system_bus_socket; please update the unit file accordingly.
[    2.171371] systemd[1]: Created slice system-modprobe.slice.
[    2.171557] systemd[1]: Created slice User and Session Slice.
[    2.171603] systemd[1]: Started Forward Password Requests to Wall Directory Watch.
[    2.171759] systemd[1]: Set up automount Arbitrary Executable File Formats File System Automount Point.
[    2.171796] systemd[1]: Reached target User and Group Name Lookups.
[    2.171804] systemd[1]: Reached target Remote File Systems.
[    2.171812] systemd[1]: Reached target Slices.
[    2.172352] systemd[1]: Listening on Syslog Socket.
[    2.172420] systemd[1]: Listening on fsck to fsckd communication Socket.
[    2.172457] systemd[1]: Listening on initctl Compatibility Named Pipe.
[    2.172591] systemd[1]: Listening on Journal Audit Socket.
[    2.172641] systemd[1]: Listening on Journal Socket (/dev/log).
[    2.172710] systemd[1]: Listening on Journal Socket.
[    2.172771] systemd[1]: Listening on udev Control Socket.
[    2.172809] systemd[1]: Listening on udev Kernel Socket.
[    2.173538] systemd[1]: Mounting Huge Pages File System...
[    2.174411] systemd[1]: Mounting POSIX Message Queue File System...
[    2.175329] systemd[1]: Mounting Kernel Debug File System...
[    2.176146] systemd[1]: Mounting Kernel Trace File System...
[    2.178047] systemd[1]: Starting Journal Service...
[    2.201663] systemd[1]: Starting Set the console keyboard layout...
[    2.209367] systemd[1]: Starting Create list of static device nodes for the current kernel...
[    2.211117] systemd[1]: Starting Load Kernel Module drm...
[    2.212463] systemd[1]: Condition check resulted in Set Up Additional Binary Formats being skipped.
[    2.212508] systemd[1]: Condition check resulted in File System Check on Root Device being skipped.
[    2.225462] systemd[1]: Starting Load Kernel Modules...
[    2.234897] systemd[1]: Starting Remount Root and Kernel File Systems...
[    2.239610] systemd[1]: Starting udev Coldplug all Devices...
[    2.250454] systemd[1]: Starting Uncomplicated firewall...
[    2.251726] systemd[1]: Mounted Huge Pages File System.
[    2.251811] systemd[1]: Mounted POSIX Message Queue File System.
[    2.251881] systemd[1]: Mounted Kernel Debug File System.
[    2.251949] systemd[1]: Mounted Kernel Trace File System.
[    2.257613] EXT4-fs (sda2): re-mounted. Opts: errors=remount-ro
[    2.277600] systemd[1]: Finished Create list of static device nodes for the current kernel.
[    2.278684] systemd[1]: modprobe@drm.service: Succeeded.
[    2.299253] systemd[1]: Finished Load Kernel Module drm.
[    2.300294] systemd[1]: Finished Remount Root and Kernel File Systems.
[    2.301165] systemd[1]: Finished Uncomplicated firewall.
[    2.317584] lp: driver loaded but no devices found
[    2.318078] systemd[1]: Condition check resulted in Rebuild Hardware Database being skipped.
[    2.318116] systemd[1]: Condition check resulted in Platform Persistent Storage Archival being skipped.
[    2.318778] systemd[1]: Starting Load/Save Random Seed...
[    2.319507] systemd[1]: Starting Create System Users...
[    2.353602] systemd[1]: Finished Load/Save Random Seed.
[    2.373180] ppdev: user-space parallel port driver
[    2.380472] systemd[1]: Finished udev Coldplug all Devices.
[    2.383328] systemd[1]: Finished Create System Users.
[    2.384045] systemd[1]: Starting Create Static Device Nodes in /dev...
[    2.424592] systemd[1]: Finished Create Static Device Nodes in /dev.
[    2.425422] systemd[1]: Starting udev Kernel Device Manager...
[    2.435881] systemd[1]: Finished Set the console keyboard layout.
[    2.436007] systemd[1]: Reached target Local File Systems (Pre).
[    2.438050] systemd[1]: Mounting Mount unit for bare, revision 5...
[    2.440121] systemd[1]: Mounting Mount unit for core18, revision 1705...
[    2.441289] [drm] DMA map mode: Caching DMA mappings.
[    2.441353] [drm] Capabilities:
[    2.441353] [drm]   Rect copy.
[    2.441353] [drm]   Cursor.
[    2.441354] [drm]   Cursor bypass.
[    2.441354] [drm]   Cursor bypass 2.
[    2.441355] [drm]   Alpha cursor.
[    2.441355] [drm]   Extended Fifo.
[    2.441355] [drm]   Pitchlock.
[    2.441356] [drm]   Irq mask.
[    2.441356] [drm]   GMR.
[    2.441356] [drm]   Traces.
[    2.441357] [drm]   GMR2.
[    2.441357] [drm]   Screen Object 2.
[    2.441357] [drm]   Command Buffers.
[    2.441358] [drm]   Command Buffers 2.
[    2.441358] [drm]   Guest Backed Resources.
[    2.441359] [drm] Max GMR ids is 8192
[    2.441360] [drm] Max number of GMR pages is 1048576
[    2.441360] [drm] Max dedicated hypervisor surface memory is 393216 kiB
[    2.441361] [drm] Maximum display memory size is 131072 kiB
[    2.441361] [drm] VRAM at 0xe0000000 size is 131072 kiB
[    2.441362] [drm] MMIO at 0xf0000000 size is 2048 kiB
[    2.463009] [TTM] Zone  kernel: Available graphics memory: 1011744 KiB
[    2.463010] [TTM] Initializing pool allocator
[    2.463013] [TTM] Initializing DMA pool allocator
[    2.463044] [drm] Supports vblank timestamp caching Rev 2 (21.10.2013).
[    2.463045] [drm] No driver support for vblank timestamp query.
[    2.463263] [drm] Screen Target Display device initialized
[    2.463526] [drm] width 720
[    2.463536] [drm] height 400
[    2.463540] [drm] bpp 32
[    2.464061] [drm] Fifo max 0x00200000 min 0x00001000 cap 0x00000355
[    2.465146] [drm] Using command buffers with DMA pool.
[    2.465150] [drm] DX: no.
[    2.465150] [drm] Atomic: yes.
[    2.465151] [drm] SM4_1: no.
[    2.465170] [drm:vmw_host_log [vmwgfx]] *ERROR* Failed to send host log message.
[    2.466046] [drm:vmw_host_log [vmwgfx]] *ERROR* Failed to send host log message.
[    2.467329] systemd[1]: Mounting Mount unit for gnome-3-34-1804, revision 24...
[    2.484199] systemd[1]: Mounting Mount unit for gtk-common-themes, revision 1506...
[    2.485111] fbcon: svgadrmfb (fb0) is primary device
[    2.487257] Console: switching to colour frame buffer device 100x37
[    2.489109] systemd[1]: Mounting Mount unit for gtk-common-themes, revision 1535...
[    2.493321] [drm] Initialized vmwgfx 2.15.0 20180704 for 0000:00:02.0 on minor 0
[    2.499518] systemd[1]: Mounting Mount unit for snap-store, revision 433...
[    2.510870] systemd[1]: Mounting Mount unit for snapd, revision 25935...
[    2.552260] systemd[1]: Finished Load Kernel Modules.
[    2.553474] systemd[1]: Mounted Mount unit for bare, revision 5.
[    2.553565] systemd[1]: Mounted Mount unit for core18, revision 1705.
[    2.553640] systemd[1]: Mounted Mount unit for gnome-3-34-1804, revision 24.
[    2.554995] systemd[1]: Mounting FUSE Control File System...
[    2.557166] systemd[1]: Mounting Kernel Configuration File System...
[    2.558512] systemd[1]: Starting Apply Kernel Variables...
[    2.559777] systemd[1]: Mounted FUSE Control File System.
[    2.559849] systemd[1]: Condition check resulted in VMware vmblock fuse mount being skipped.
[    2.567831] systemd[1]: Mounted Kernel Configuration File System.
[    2.579887] systemd[1]: Mounted Mount unit for gtk-common-themes, revision 1506.
[    2.582680] systemd[1]: Finished Apply Kernel Variables.
[    2.587670] systemd[1]: Mounted Mount unit for snap-store, revision 433.
[    2.602468] systemd[1]: Mounted Mount unit for gtk-common-themes, revision 1535.
[    2.602555] systemd[1]: Mounted Mount unit for snapd, revision 25935.
[    2.602607] systemd[1]: Reached target Local File Systems.
[    2.604085] systemd[1]: Starting Load AppArmor profiles...
[    2.605413] systemd[1]: Starting Set console font and keymap...
[    2.619724] systemd[1]: Starting Tell Plymouth To Write Out Runtime Data...
[    2.619745] systemd[1]: Condition check resulted in Store a System Token in an EFI Variable being skipped.
[    2.619771] systemd[1]: Condition check resulted in Commit a transient machine-id on disk being skipped.
[    2.625724] systemd[1]: Finished Set console font and keymap.
[    2.625917] systemd[1]: plymouth-read-write.service: Succeeded.
[    2.628842] systemd[1]: Finished Tell Plymouth To Write Out Runtime Data.
[    2.651882] systemd[1]: Started udev Kernel Device Manager.
[    2.652528] systemd[1]: Starting Show Plymouth Boot Screen...
[    2.655654] systemd[1]: Received SIGRTMIN+20 from PID 281 (plymouthd).
[    2.668578] systemd[1]: Started Show Plymouth Boot Screen.
[    2.668713] systemd[1]: Condition check resulted in Dispatch Password Requests to Console Directory Watch being skipped.
[    2.668789] systemd[1]: Started Forward Password Requests to Plymouth Directory Watch.
[    2.668819] systemd[1]: Reached target Local Encrypted Volumes.
[    2.678893] audit: type=1400 audit(1768910003.512:2): apparmor="STATUS" operation="profile_load" profile="unconfined" name="nvidia_modprobe" pid=293 comm="apparmor_parser"
[    2.678896] audit: type=1400 audit(1768910003.512:3): apparmor="STATUS" operation="profile_load" profile="unconfined" name="nvidia_modprobe//kmod" pid=293 comm="apparmor_parser"
[    2.683963] audit: type=1400 audit(1768910003.520:4): apparmor="STATUS" operation="profile_load" profile="unconfined" name="/usr/sbin/tcpdump" pid=294 comm="apparmor_parser"
[    2.730142] audit: type=1400 audit(1768910003.560:5): apparmor="STATUS" operation="profile_load" profile="unconfined" name="/usr/bin/evince" pid=296 comm="apparmor_parser"
[    2.730144] audit: type=1400 audit(1768910003.560:6): apparmor="STATUS" operation="profile_load" profile="unconfined" name="/usr/bin/evince//sanitized_helper" pid=296 comm="apparmor_parser"
[    2.730146] audit: type=1400 audit(1768910003.560:7): apparmor="STATUS" operation="profile_load" profile="unconfined" name="/usr/bin/evince-previewer" pid=296 comm="apparmor_parser"
[    2.730147] audit: type=1400 audit(1768910003.560:8): apparmor="STATUS" operation="profile_load" profile="unconfined" name="/usr/bin/evince-previewer//sanitized_helper" pid=296 comm="apparmor_parser"
[    2.730149] audit: type=1400 audit(1768910003.560:9): apparmor="STATUS" operation="profile_load" profile="unconfined" name="/usr/bin/evince-thumbnailer" pid=296 comm="apparmor_parser"
[    2.742607] audit: type=1400 audit(1768910003.576:10): apparmor="STATUS" operation="profile_load" profile="unconfined" name="/usr/lib/cups/backend/cups-pdf" pid=304 comm="apparmor_parser"
[    2.835836] systemd[1]: Finished Load AppArmor profiles.
[    2.836761] systemd[1]: Starting Load AppArmor profiles managed internally by snapd...
[    2.955325] systemd[1]: Finished Load AppArmor profiles managed internally by snapd.
[    3.138510] systemd[1]: Started Journal Service.
[    3.148416] systemd-journald[228]: Received client request to flush runtime journal.
[    3.150895] systemd-journald[228]: File /var/log/journal/c455b248004a419c87ce85eea238d727/system.journal corrupted or uncleanly shut down, renaming and replacing.
[    4.383278] RAPL PMU: API unit is 2^-32 Joules, 0 fixed counters, 10737418240 ms ovfl timer
[    4.427864] cryptd: max_cpu_qlen set to 1000
[    4.486299] AVX2 version of gcm_enc/dec engaged.
[    4.486300] AES CTR mode by8 optimization enabled
[    6.372220] Adding 1998844k swap on /dev/sda1.  Priority:-2 extents:1 across:1998844k FS
[    7.679928] kauditd_printk_skb: 30 callbacks suppressed
[    7.679929] audit: type=1400 audit(1768910008.512:41): apparmor="DENIED" operation="capable" profile="/usr/sbin/cups-browsed" pid=505 comm="cups-browsed" capability=23  capname="sys_nice"
[    8.769847] pcnet32 0000:00:03.0 enp0s3: link up, 100Mbps, full-duplex
[    8.816833] e1000: enp0s8 NIC Link is Up 1000 Mbps Full Duplex, Flow Control: RX
[    8.817114] IPv6: ADDRCONF(NETDEV_CHANGE): enp0s8: link becomes ready
[    8.835223] e1000: enp0s9 NIC Link is Up 1000 Mbps Full Duplex, Flow Control: RX
[    8.835537] IPv6: ADDRCONF(NETDEV_CHANGE): enp0s9: link becomes ready
[    9.449223] device enp0s3 entered promiscuous mode
[    9.475510] audit: type=1400 audit(1768910010.304:42): apparmor="DENIED" operation="open" profile="/usr/sbin/tcpdump" name="/proc/sys/kernel/random/boot_id" pid=658 comm="tcpdump" requested_mask="r" denied_mask="r" fsuid=0 ouid=0
[    9.475760] audit: type=1400 audit(1768910010.304:43): apparmor="DENIED" operation="open" profile="/usr/sbin/tcpdump" name="/proc/sys/kernel/random/boot_id" pid=658 comm="tcpdump" requested_mask="r" denied_mask="r" fsuid=0 ouid=0
[    9.478957] audit: type=1400 audit(1768910010.304:44): apparmor="DENIED" operation="open" profile="/usr/sbin/tcpdump" name="/proc/sys/kernel/random/boot_id" pid=658 comm="tcpdump" requested_mask="r" denied_mask="r" fsuid=0 ouid=0
[    9.479068] audit: type=1400 audit(1768910010.304:45): apparmor="DENIED" operation="open" profile="/usr/sbin/tcpdump" name="/proc/sys/kernel/random/boot_id" pid=658 comm="tcpdump" requested_mask="r" denied_mask="r" fsuid=0 ouid=0
[    9.491198] audit: type=1400 audit(1768910010.324:46): apparmor="DENIED" operation="open" profile="/usr/sbin/tcpdump" name="/proc/sys/kernel/random/boot_id" pid=659 comm="tcpdump" requested_mask="r" denied_mask="r" fsuid=0 ouid=0
[    9.491447] audit: type=1400 audit(1768910010.324:47): apparmor="DENIED" operation="open" profile="/usr/sbin/tcpdump" name="/proc/sys/kernel/random/boot_id" pid=659 comm="tcpdump" requested_mask="r" denied_mask="r" fsuid=0 ouid=0
[    9.491523] audit: type=1400 audit(1768910010.324:48): apparmor="DENIED" operation="open" profile="/usr/sbin/tcpdump" name="/proc/sys/kernel/random/boot_id" pid=659 comm="tcpdump" requested_mask="r" denied_mask="r" fsuid=0 ouid=0
[    9.491677] audit: type=1400 audit(1768910010.324:49): apparmor="DENIED" operation="open" profile="/usr/sbin/tcpdump" name="/proc/sys/kernel/random/boot_id" pid=659 comm="tcpdump" requested_mask="r" denied_mask="r" fsuid=0 ouid=0
[   15.362972] rfkill: input handler disabled
[  461.012620] rfkill: input handler enabled
[  470.345753] rfkill: input handler disabled
[  640.207734] device enp0s3 left promiscuous mode
