[    0.000000] Linux version 5.4.243-tcp (root@ztg) (gcc version 12.2.0 (Debian 12.2.0-14)) #1 SMP Fri Apr 12 08:27:09 CST 2024
[    0.000000] Command line: BOOT_IMAGE=/boot/vmlinuz-5.4.243-tcp root=UUID=98415a12-53b7-4144-8265-0f7ece09e445 ro quiet splash
[    0.000000] KERNEL supported cpus:
[    0.000000]   Intel GenuineIntel
[    0.000000]   AMD AuthenticAMD
[    0.000000]   Hygon HygonGenuine
[    0.000000]   Centaur CentaurHauls
[    0.000000]   zhaoxin   Shanghai  
[    0.000000] x86/fpu: Supporting XSAVE feature 0x001: 'x87 floating point registers'
[    0.000000] x86/fpu: Supporting XSAVE feature 0x002: 'SSE registers'
[    0.000000] x86/fpu: Supporting XSAVE feature 0x004: 'AVX registers'
[    0.000000] x86/fpu: xstate_offset[2]:  576, xstate_sizes[2]:  256
[    0.000000] x86/fpu: Enabled xstate features 0x7, context size is 832 bytes, using 'standard' format.
[    0.000000] BIOS-provided physical RAM map:
[    0.000000] BIOS-e820: [mem 0x0000000000000000-0x000000000009fbff] usable
[    0.000000] BIOS-e820: [mem 0x000000000009fc00-0x000000000009ffff] reserved
[    0.000000] BIOS-e820: [mem 0x00000000000f0000-0x00000000000fffff] reserved
[    0.000000] BIOS-e820: [mem 0x0000000000100000-0x000000007ffeffff] usable
[    0.000000] BIOS-e820: [mem 0x000000007fff0000-0x000000007fffffff] ACPI data
[    0.000000] BIOS-e820: [mem 0x00000000fec00000-0x00000000fec00fff] reserved
[    0.000000] BIOS-e820: [mem 0x00000000fee00000-0x00000000fee00fff] reserved
[    0.000000] BIOS-e820: [mem 0x00000000fffc0000-0x00000000ffffffff] reserved
[    0.000000] NX (Execute Disable) protection: active
[    0.000000] SMBIOS 2.5 present.
[    0.000000] DMI: innotek GmbH VirtualBox/VirtualBox, BIOS VirtualBox 12/01/2006
[    0.000000] Hypervisor detected: KVM
[    0.000000] kvm-clock: Using msrs 4b564d01 and 4b564d00
[    0.000000] kvm-clock: cpu 0, msr 2ae01001, primary cpu clock
[    0.000000] kvm-clock: using sched offset of 4459734210 cycles
[    0.000003] clocksource: kvm-clock: mask: 0xffffffffffffffff max_cycles: 0x1cd42e4dffb, max_idle_ns: 881590591483 ns
[    0.000006] tsc: Detected 2100.000 MHz processor
[    0.001882] e820: update [mem 0x00000000-0x00000fff] usable ==> reserved
[    0.001884] e820: remove [mem 0x000a0000-0x000fffff] usable
[    0.001888] last_pfn = 0x7fff0 max_arch_pfn = 0x400000000
[    0.001956] MTRR default type: uncachable
[    0.001957] MTRR fixed ranges enabled:
[    0.001959]   00000-9FFFF write-back
[    0.001959]   A0000-BFFFF uncachable
[    0.001960]   C0000-FFFFF write-protect
[    0.001961] MTRR variable ranges enabled:
[    0.001963]   0 base 000000000000 mask 3FFF80000000 write-back
[    0.001963]   1 disabled
[    0.001964]   2 disabled
[    0.001964]   3 disabled
[    0.001965]   4 disabled
[    0.001965]   5 disabled
[    0.001965]   6 disabled
[    0.001966]   7 disabled
[    0.001966]   8 disabled
[    0.001967]   9 disabled
[    0.001967]   10 disabled
[    0.001968]   11 disabled
[    0.001968]   12 disabled
[    0.001968]   13 disabled
[    0.001969]   14 disabled
[    0.001969]   15 disabled
[    0.001986] x86/PAT: Configuration [0-7]: WB  WC  UC- UC  WB  WP  UC- WT  
[    0.002129] found SMP MP-table at [mem 0x0009fff0-0x0009ffff]
[    0.093301] check: Scanning 1 areas for low memory corruption
[    0.093444] RAMDISK: [mem 0x32275000-0x35131fff]
[    0.093452] ACPI: Early table checksum verification disabled
[    0.093457] ACPI: RSDP 0x00000000000E0000 000024 (v02 VBOX  )
[    0.093461] ACPI: XSDT 0x000000007FFF0030 00003C (v01 VBOX   VBOXXSDT 00000001 ASL  00000061)
[    0.093467] ACPI: FACP 0x000000007FFF00F0 0000F4 (v04 VBOX   VBOXFACP 00000001 ASL  00000061)
[    0.093474] ACPI: DSDT 0x000000007FFF02E0 002353 (v02 VBOX   VBOXBIOS 00000002 VBOX 00029BF3)
[    0.093477] ACPI: FACS 0x000000007FFF0200 000040
[    0.093481] ACPI: FACS 0x000000007FFF0200 000040
[    0.093484] ACPI: APIC 0x000000007FFF0240 000054 (v02 VBOX   VBOXAPIC 00000001 ASL  00000061)
[    0.093487] ACPI: SSDT 0x000000007FFF02A0 000038 (v01 VBOX   VBOXCPUT 00000002 VBOX 00029BF3)
[    0.093490] ACPI: Reserving FACP table memory at [mem 0x7fff00f0-0x7fff01e3]
[    0.093491] ACPI: Reserving DSDT table memory at [mem 0x7fff02e0-0x7fff2632]
[    0.093492] ACPI: Reserving FACS table memory at [mem 0x7fff0200-0x7fff023f]
[    0.093492] ACPI: Reserving FACS table memory at [mem 0x7fff0200-0x7fff023f]
[    0.093493] ACPI: Reserving APIC table memory at [mem 0x7fff0240-0x7fff0293]
[    0.093494] ACPI: Reserving SSDT table memory at [mem 0x7fff02a0-0x7fff02d7]
[    0.093507] ACPI: Local APIC address 0xfee00000
[    0.093689] No NUMA configuration found
[    0.093690] Faking a node at [mem 0x0000000000000000-0x000000007ffeffff]
[    0.093700] NODE_DATA(0) allocated [mem 0x7ffc5000-0x7ffeffff]
[    0.093981] Zone ranges:
[    0.093982]   DMA      [mem 0x0000000000001000-0x0000000000ffffff]
[    0.093983]   DMA32    [mem 0x0000000001000000-0x000000007ffeffff]
[    0.093984]   Normal   empty
[    0.093985]   Device   empty
[    0.093986] Movable zone start for each node
[    0.093988] Early memory node ranges
[    0.093988]   node   0: [mem 0x0000000000001000-0x000000000009efff]
[    0.093989]   node   0: [mem 0x0000000000100000-0x000000007ffeffff]
[    0.093993] Zeroed struct page in unavailable ranges: 114 pages
[    0.093993] Initmem setup node 0 [mem 0x0000000000001000-0x000000007ffeffff]
[    0.093994] On node 0 totalpages: 524174
[    0.093996]   DMA zone: 64 pages used for memmap
[    0.093996]   DMA zone: 21 pages reserved
[    0.093997]   DMA zone: 3998 pages, LIFO batch:0
[    0.094077]   DMA32 zone: 8128 pages used for memmap
[    0.094078]   DMA32 zone: 520176 pages, LIFO batch:63
[    0.103102] ACPI: PM-Timer IO Port: 0x4008
[    0.103105] ACPI: Local APIC address 0xfee00000
[    0.103169] IOAPIC[0]: apic_id 1, version 32, address 0xfec00000, GSI 0-23
[    0.103172] ACPI: INT_SRC_OVR (bus 0 bus_irq 0 global_irq 2 dfl dfl)
[    0.103174] ACPI: INT_SRC_OVR (bus 0 bus_irq 9 global_irq 9 low level)
[    0.103176] ACPI: IRQ0 used by override.
[    0.103177] ACPI: IRQ9 used by override.
[    0.103179] Using ACPI (MADT) for SMP configuration information
[    0.103185] smpboot: Allowing 1 CPUs, 0 hotplug CPUs
[    0.103206] PM: Registered nosave memory: [mem 0x00000000-0x00000fff]
[    0.103208] PM: Registered nosave memory: [mem 0x0009f000-0x0009ffff]
[    0.103208] PM: Registered nosave memory: [mem 0x000a0000-0x000effff]
[    0.103209] PM: Registered nosave memory: [mem 0x000f0000-0x000fffff]
[    0.103210] [mem 0x80000000-0xfebfffff] available for PCI devices
[    0.103211] Booting paravirtualized kernel on KVM
[    0.103214] clocksource: refined-jiffies: mask: 0xffffffff max_cycles: 0xffffffff, max_idle_ns: 7645519600211568 ns
[    0.103218] setup_percpu: NR_CPUS:8192 nr_cpumask_bits:1 nr_cpu_ids:1 nr_node_ids:1
[    0.104209] percpu: Embedded 60 pages/cpu s208896 r8192 d28672 u2097152
[    0.104214] pcpu-alloc: s208896 r8192 d28672 u2097152 alloc=1*2097152
[    0.104215] pcpu-alloc: [0] 0 
[    0.104240] Built 1 zonelists, mobility grouping on.  Total pages: 515961
[    0.104240] Policy zone: DMA32
[    0.104242] Kernel command line: BOOT_IMAGE=/boot/vmlinuz-5.4.243-tcp root=UUID=98415a12-53b7-4144-8265-0f7ece09e445 ro quiet splash
[    0.105084] Dentry cache hash table entries: 262144 (order: 9, 2097152 bytes, linear)
[    0.105349] Inode-cache hash table entries: 131072 (order: 8, 1048576 bytes, linear)
[    0.105399] mem auto-init: stack:off, heap alloc:on, heap free:off
[    0.105401] Calgary: detecting Calgary via BIOS EBDA area
[    0.105402] Calgary: Unable to locate Rio Grande table in EBDA - bailing!
[    0.109672] Memory: 1967340K/2096696K available (14339K kernel code, 2392K rwdata, 4692K rodata, 2720K init, 17272K bss, 129356K reserved, 0K cma-reserved)
[    0.110615] SLUB: HWalign=64, Order=0-3, MinObjects=0, CPUs=1, Nodes=1
[    0.110632] ftrace: allocating 42894 entries in 168 pages
[    0.128350] rcu: Hierarchical RCU implementation.
[    0.128352] rcu: 	RCU restricting CPUs from NR_CPUS=8192 to nr_cpu_ids=1.
[    0.128353] 	Tasks RCU enabled.
[    0.128354] rcu: RCU calculated value of scheduler-enlistment delay is 25 jiffies.
[    0.128355] rcu: Adjusting geometry for rcu_fanout_leaf=16, nr_cpu_ids=1
[    0.131309] NR_IRQS: 524544, nr_irqs: 256, preallocated irqs: 16
[    0.131506] random: crng init done
[    0.140775] Console: colour VGA+ 80x25
[    0.140777] printk: console [tty0] enabled
[    0.140796] ACPI: Core revision 20190816
[    0.140883] APIC: Switch to symmetric I/O mode setup
[    0.141128] x2apic enabled
[    0.141362] Switched APIC routing to physical x2apic.
[    0.142482] ..TIMER: vector=0x30 apic1=0 pin1=2 apic2=-1 pin2=-1
[    0.142507] clocksource: tsc-early: mask: 0xffffffffffffffff max_cycles: 0x1e4530a99b6, max_idle_ns: 440795257976 ns
[    0.142512] Calibrating delay loop (skipped) preset value.. 4200.00 BogoMIPS (lpj=8400000)
[    0.142515] pid_max: default: 32768 minimum: 301
[    0.142543] LSM: Security Framework initializing
[    0.142552] Yama: becoming mindful.
[    0.142576] AppArmor: AppArmor initialized
[    0.142609] Mount-cache hash table entries: 4096 (order: 3, 32768 bytes, linear)
[    0.142613] Mountpoint-cache hash table entries: 4096 (order: 3, 32768 bytes, linear)
[    0.142624] *** VALIDATE tmpfs ***
[    0.142755] *** VALIDATE proc ***
[    0.142797] *** VALIDATE cgroup1 ***
[    0.142798] *** VALIDATE cgroup2 ***
[    0.142935] process: using mwait in idle threads
[    0.142940] Last level iTLB entries: 4KB 64, 2MB 8, 4MB 8
[    0.142940] Last level dTLB entries: 4KB 64, 2MB 0, 4MB 0, 1GB 4
[    0.142960] Spectre V1 : Mitigation: usercopy/swapgs barriers and __user pointer sanitization
[    0.142966] Spectre V2 : Mitigation: Retpolines
[    0.142966] Spectre V2 : Spectre v2 / SpectreRSB mitigation: Filling RSB on context switch
[    0.142967] Spectre V2 : Spectre v2 / SpectreRSB : Filling RSB on VMEXIT
[    0.142967] RETBleed: WARNING: Spectre v2 mitigation leaves CPU vulnerable to RETBleed attacks, data leaks possible!
[    0.143319] RETBleed: Vulnerable
[    0.143320] Speculative Store Bypass: Vulnerable
[    0.143324] TAA: Mitigation: TSX disabled
[    0.143325] MMIO Stale Data: Mitigation: Clear CPU buffers
[    0.147485] Freeing SMP alternatives memory: 40K
[    0.259612] smpboot: CPU0: Intel(R) Xeon(R) Silver 4216 CPU @ 2.10GHz (family: 0x6, model: 0x55, stepping: 0x7)
[    0.259711] Performance Events: unsupported p6 CPU model 85 no PMU driver, software events only.
[    0.259744] rcu: Hierarchical SRCU implementation.
[    0.260201] NMI watchdog: Perf NMI watchdog permanently disabled
[    0.260235] smp: Bringing up secondary CPUs ...
[    0.260236] smp: Brought up 1 node, 1 CPU
[    0.260237] smpboot: Max logical packages: 1
[    0.260238] smpboot: Total of 1 processors activated (4200.00 BogoMIPS)
[    0.261153] devtmpfs: initialized
[    0.261194] x86/mm: Memory block size: 128MB
[    0.261514] clocksource: jiffies: mask: 0xffffffff max_cycles: 0xffffffff, max_idle_ns: 7645041785100000 ns
[    0.261518] futex hash table entries: 256 (order: 2, 16384 bytes, linear)
[    0.261556] pinctrl core: initialized pinctrl subsystem
[    0.261650] PM: RTC time: 11:52:17, date: 2026-01-20
[    0.261749] NET: Registered protocol family 16
[    0.261818] audit: initializing netlink subsys (disabled)
[    0.261934] EISA bus registered
[    0.261936] cpuidle: using governor ladder
[    0.261936] cpuidle: using governor menu
[    0.261970] ACPI: bus type PCI registered
[    0.261972] acpiphp: ACPI Hot Plug PCI Controller Driver version: 0.5
[    0.262068] PCI: Using configuration type 1 for base access
[    0.262509] audit: type=2000 audit(1768881143.347:1): state=initialized audit_enabled=0 res=1
[    0.262574] HugeTLB registered 2.00 MiB page size, pre-allocated 0 pages
[    0.263340] ACPI: Added _OSI(Module Device)
[    0.263341] ACPI: Added _OSI(Processor Device)
[    0.263342] ACPI: Added _OSI(3.0 _SCP Extensions)
[    0.263342] ACPI: Added _OSI(Processor Aggregator Device)
[    0.263343] ACPI: Added _OSI(Linux-Dell-Video)
[    0.263344] ACPI: Added _OSI(Linux-Lenovo-NV-HDMI-Audio)
[    0.263345] ACPI: Added _OSI(Linux-HPI-Hybrid-Graphics)
[    0.265278] ACPI: 2 ACPI AML tables successfully acquired and loaded
[    0.266788] ACPI: Interpreter enabled
[    0.266797] ACPI: (supports S0 S5)
[    0.266799] ACPI: Using IOAPIC for interrupt routing
[    0.267001] PCI: Using host bridge windows from ACPI; if necessary, use "pci=nocrs" and report a bug
[    0.267107] ACPI: Enabled 2 GPEs in block 00 to 07
[    0.271871] ACPI: PCI Root Bridge [PCI0] (domain 0000 [bus 00-ff])
[    0.271876] acpi PNP0A03:00: _OSC: OS supports [ASPM ClockPM Segments MSI HPX-Type3]
[    0.272313] acpi PNP0A03:00: _OSC: not requesting OS control; OS requires [ExtendedConfig ASPM ClockPM MSI]
[    0.272322] acpi PNP0A03:00: fail to add MMCONFIG information, can't access extended PCI configuration space under this bridge.
[    0.272685] PCI host bridge to bus 0000:00
[    0.272688] pci_bus 0000:00: root bus resource [io  0x0000-0x0cf7 window]
[    0.272689] pci_bus 0000:00: root bus resource [io  0x0d00-0xffff window]
[    0.272690] pci_bus 0000:00: root bus resource [mem 0x000a0000-0x000bffff window]
[    0.272691] pci_bus 0000:00: root bus resource [mem 0x80000000-0xfdffffff window]
[    0.272693] pci_bus 0000:00: root bus resource [bus 00-ff]
[    0.272738] pci 0000:00:00.0: [8086:1237] type 00 class 0x060000
[    0.273664] pci 0000:00:01.0: [8086:7000] type 00 class 0x060100
[    0.274423] pci 0000:00:01.1: [8086:7111] type 00 class 0x01018a
[    0.274789] pci 0000:00:01.1: reg 0x20: [io  0xd000-0xd00f]
[    0.274944] pci 0000:00:01.1: legacy IDE quirk: reg 0x10: [io  0x01f0-0x01f7]
[    0.274945] pci 0000:00:01.1: legacy IDE quirk: reg 0x14: [io  0x03f6]
[    0.274946] pci 0000:00:01.1: legacy IDE quirk: reg 0x18: [io  0x0170-0x0177]
[    0.274947] pci 0000:00:01.1: legacy IDE quirk: reg 0x1c: [io  0x0376]
[    0.275485] pci 0000:00:02.0: [15ad:0405] type 00 class 0x030000
[    0.278509] pci 0000:00:02.0: reg 0x10: [io  0xd010-0xd01f]
[    0.281349] pci 0000:00:02.0: reg 0x14: [mem 0xe0000000-0xe7ffffff pref]
[    0.282553] pci 0000:00:02.0: reg 0x18: [mem 0xf0000000-0xf01fffff]
[    0.294965] pci 0000:00:03.0: [1022:2000] type 00 class 0x020000
[    0.295636] pci 0000:00:03.0: reg 0x10: [io  0xd020-0xd03f]
[    0.296242] pci 0000:00:03.0: reg 0x14: [mem 0xf0200000-0xf0200fff]
[    0.299289] pci 0000:00:04.0: [80ee:cafe] type 00 class 0x088000
[    0.299959] pci 0000:00:04.0: reg 0x10: [io  0xd040-0xd05f]
[    0.300566] pci 0000:00:04.0: reg 0x14: [mem 0xf0400000-0xf07fffff]
[    0.301176] pci 0000:00:04.0: reg 0x18: [mem 0xf0800000-0xf0803fff pref]
[    0.304446] pci 0000:00:07.0: [8086:7113] type 00 class 0x068000
[    0.305009] pci 0000:00:07.0: quirk: [io  0x4000-0x403f] claimed by PIIX4 ACPI
[    0.305019] pci 0000:00:07.0: quirk: [io  0x4100-0x410f] claimed by PIIX4 SMB
[    0.306554] pci 0000:00:08.0: [1022:2000] type 00 class 0x020000
[    0.307220] pci 0000:00:08.0: reg 0x10: [io  0xd060-0xd07f]
[    0.307824] pci 0000:00:08.0: reg 0x14: [mem 0xf0804000-0xf0804fff]
[    0.311277] pci 0000:00:09.0: [8086:100e] type 00 class 0x020000
[    0.311980] pci 0000:00:09.0: reg 0x10: [mem 0xf0820000-0xf083ffff]
[    0.313131] pci 0000:00:09.0: reg 0x18: [io  0xd080-0xd087]
[    0.323452] ACPI: PCI Interrupt Link [LNKA] (IRQs 5 9 10 *11)
[    0.323733] ACPI: PCI Interrupt Link [LNKB] (IRQs 5 9 *10 11)
[    0.323834] ACPI: PCI Interrupt Link [LNKC] (IRQs 5 *9 10 11)
[    0.323937] ACPI: PCI Interrupt Link [LNKD] (IRQs 5 9 10 *11)
[    0.324165] iommu: Default domain type: Translated 
[    0.324221] pci 0000:00:02.0: vgaarb: setting as boot VGA device
[    0.324223] pci 0000:00:02.0: vgaarb: VGA device added: decodes=io+mem,owns=io+mem,locks=none
[    0.324225] pci 0000:00:02.0: vgaarb: bridge control possible
[    0.324225] vgaarb: loaded
[    0.324413] SCSI subsystem initialized
[    0.324443] libata version 3.00 loaded.
[    0.324467] ACPI: bus type USB registered
[    0.324480] usbcore: registered new interface driver usbfs
[    0.324486] usbcore: registered new interface driver hub
[    0.324490] usbcore: registered new device driver usb
[    0.324517] pps_core: LinuxPPS API ver. 1 registered
[    0.324517] pps_core: Software ver. 5.3.6 - Copyright 2005-2007 Rodolfo Giometti <giometti@linux.it>
[    0.324520] PTP clock support registered
[    0.324554] EDAC MC: Ver: 3.0.0
[    0.324830] PCI: Using ACPI for IRQ routing
[    0.324832] PCI: pci_cache_line_size set to 64 bytes
[    0.324998] e820: reserve RAM buffer [mem 0x0009fc00-0x0009ffff]
[    0.325002] e820: reserve RAM buffer [mem 0x7fff0000-0x7fffffff]
[    0.325117] NetLabel: Initializing
[    0.325117] NetLabel:  domain hash size = 128
[    0.325118] NetLabel:  protocols = UNLABELED CIPSOv4 CALIPSO
[    0.325136] NetLabel:  unlabeled traffic allowed by default
[    0.326958] clocksource: Switched to clocksource kvm-clock
[    0.340658] *** VALIDATE bpf ***
[    0.340710] VFS: Disk quotas dquot_6.6.0
[    0.340721] VFS: Dquot-cache hash table entries: 512 (order 0, 4096 bytes)
[    0.340742] *** VALIDATE ramfs ***
[    0.340745] *** VALIDATE hugetlbfs ***
[    0.340822] AppArmor: AppArmor Filesystem Enabled
[    0.340844] pnp: PnP ACPI init
[    0.340902] pnp 00:00: Plug and Play ACPI device, IDs PNP0303 (active)
[    0.340983] pnp 00:01: Plug and Play ACPI device, IDs PNP0f03 (active)
[    0.341727] pnp: PnP ACPI: found 2 devices
[    0.342719] thermal_sys: Registered thermal governor 'fair_share'
[    0.342720] thermal_sys: Registered thermal governor 'bang_bang'
[    0.342720] thermal_sys: Registered thermal governor 'step_wise'
[    0.342721] thermal_sys: Registered thermal governor 'user_space'
[    0.342722] thermal_sys: Registered thermal governor 'power_allocator'
[    0.347268] clocksource: acpi_pm: mask: 0xffffff max_cycles: 0xffffff, max_idle_ns: 2085701024 ns
[    0.347308] pci_bus 0000:00: resource 4 [io  0x0000-0x0cf7 window]
[    0.347309] pci_bus 0000:00: resource 5 [io  0x0d00-0xffff window]
[    0.347310] pci_bus 0000:00: resource 6 [mem 0x000a0000-0x000bffff window]
[    0.347311] pci_bus 0000:00: resource 7 [mem 0x80000000-0xfdffffff window]
[    0.347365] NET: Registered protocol family 2
[    0.347437] IP idents hash table entries: 32768 (order: 6, 262144 bytes, linear)
[    0.347795] tcp_listen_portaddr_hash hash table entries: 1024 (order: 2, 16384 bytes, linear)
[    0.347873] TCP established hash table entries: 16384 (order: 5, 131072 bytes, linear)
[    0.347934] TCP bind hash table entries: 16384 (order: 6, 262144 bytes, linear)
[    0.347960] TCP: Hash tables configured (established 16384 bind 16384)
[    0.348003] UDP hash table entries: 1024 (order: 3, 32768 bytes, linear)
[    0.348014] UDP-Lite hash table entries: 1024 (order: 3, 32768 bytes, linear)
[    0.348042] NET: Registered protocol family 1
[    0.348051] NET: Registered protocol family 44
[    0.348075] pci 0000:00:00.0: Limiting direct PCI/PCI transfers
[    0.348088] pci 0000:00:01.0: Activating ISA DMA hang workarounds
[    0.348140] pci 0000:00:02.0: Video device with shadowed ROM at [mem 0x000c0000-0x000dffff]
[    0.348200] PCI: CLS 0 bytes, default 64
[    0.348248] Trying to unpack rootfs image as initramfs...
[    0.515145] Freeing initrd memory: 47860K
[    0.515145] clocksource: tsc: mask: 0xffffffffffffffff max_cycles: 0x1e4530a99b6, max_idle_ns: 440795257976 ns
[    0.515145] clocksource: Switched to clocksource tsc
[    0.515145] platform rtc_cmos: registered platform RTC device (no PNP device found)
[    0.515145] check: Scanning for low memory corruption every 60 seconds
[    0.515145] Initialise system trusted keyrings
[    0.515145] Key type blacklist registered
[    0.515145] workingset: timestamp_bits=36 max_order=19 bucket_order=0
[    0.515145] zbud: loaded
[    0.515145] squashfs: version 4.0 (2009/01/31) Phillip Lougher
[    0.515145] fuse: init (API version 7.31)
[    0.515145] *** VALIDATE fuse ***
[    0.515145] *** VALIDATE fuse ***
[    0.515145] Platform Keyring initialized
[    0.528380] Key type asymmetric registered
[    0.528381] Asymmetric key parser 'x509' registered
[    0.528391] Block layer SCSI generic (bsg) driver version 0.4 loaded (major 244)
[    0.528427] io scheduler mq-deadline registered
[    0.528530] shpchp: Standard Hot Plug PCI Controller Driver version: 0.4
[    0.528729] ACPI: AC Adapter [AC] (on-line)
[    0.528773] input: Power Button as /devices/LNXSYSTM:00/LNXPWRBN:00/input/input0
[    0.528800] ACPI: Power Button [PWRF]
[    0.528877] input: Sleep Button as /devices/LNXSYSTM:00/LNXSLPBN:00/input/input1
[    0.528890] ACPI: Sleep Button [SLPF]
[    0.529123] Serial: 8250/16550 driver, 32 ports, IRQ sharing enabled
[    0.530334] Linux agpgart interface v0.103
[    0.619042] loop: module loaded
[    0.619169] ata_piix 0000:00:01.1: version 2.13
[    0.619562] scsi host0: ata_piix
[    0.619647] scsi host1: ata_piix
[    0.619674] ata1: PATA max UDMA/33 cmd 0x1f0 ctl 0x3f6 bmdma 0xd000 irq 14
[    0.619675] ata2: PATA max UDMA/33 cmd 0x170 ctl 0x376 bmdma 0xd008 irq 15
[    0.619744] tun: Universal TUN/TAP device driver, 1.6
[    0.620036] PPP generic driver version 2.4.2
[    0.620078] VFIO - User Level meta-driver version: 0.3
[    0.620311] ehci_hcd: USB 2.0 'Enhanced' Host Controller (EHCI) Driver
[    0.620317] ehci-pci: EHCI PCI platform driver
[    0.620330] ehci-platform: EHCI generic platform driver
[    0.620335] ohci_hcd: USB 1.1 'Open' Host Controller (OHCI) Driver
[    0.620337] ohci-pci: OHCI PCI platform driver
[    0.620342] ohci-platform: OHCI generic platform driver
[    0.620346] uhci_hcd: USB Universal Host Controller Interface driver
[    0.620404] i8042: PNP: PS/2 Controller [PNP0303:PS2K,PNP0f03:PS2M] at 0x60,0x64 irq 1,12
[    0.620842] serio: i8042 KBD port at 0x60,0x64 irq 1
[    0.620846] serio: i8042 AUX port at 0x60,0x64 irq 12
[    0.620928] mousedev: PS/2 mouse device common for all mice
[    0.621170] input: AT Translated Set 2 keyboard as /devices/platform/i8042/serio0/input/input2
[    0.621560] rtc_cmos rtc_cmos: registered as rtc0
[    0.621573] rtc_cmos rtc_cmos: alarms up to one day, 114 bytes nvram
[    0.621578] i2c /dev entries driver
[    0.621621] device-mapper: uevent: version 1.0.3
[    0.621660] device-mapper: ioctl: 4.41.0-ioctl (2019-09-16) initialised: dm-devel@redhat.com
[    0.621676] platform eisa.0: Probing EISA bus 0
[    0.621678] platform eisa.0: EISA: Cannot allocate resource for mainboard
[    0.621679] platform eisa.0: Cannot allocate resource for EISA slot 1
[    0.621680] platform eisa.0: Cannot allocate resource for EISA slot 2
[    0.621681] platform eisa.0: Cannot allocate resource for EISA slot 3
[    0.621682] platform eisa.0: Cannot allocate resource for EISA slot 4
[    0.621683] platform eisa.0: Cannot allocate resource for EISA slot 5
[    0.621684] platform eisa.0: Cannot allocate resource for EISA slot 6
[    0.621685] platform eisa.0: Cannot allocate resource for EISA slot 7
[    0.621686] platform eisa.0: Cannot allocate resource for EISA slot 8
[    0.621687] platform eisa.0: EISA: Detected 0 cards
[    0.621689] intel_pstate: CPU model not supported
[    0.621697] ledtrig-cpu: registered to indicate activity on CPUs
[    0.621741] drop_monitor: Initializing network drop monitor service
[    0.621915] NET: Registered protocol family 10
[    0.627055] Segment Routing with IPv6
[    0.627078] NET: Registered protocol family 17
[    0.627109] Key type dns_resolver registered
[    0.627168] RAS: Correctable Errors collector initialized.
[    0.627168] IPI shorthand broadcast: enabled
[    0.627168] sched_clock: Marking stable (612155511, 11012619)->(623354824, -186694)
[    0.627270] registered taskstats version 1
[    0.627281] Loading compiled-in X.509 certificates
[    0.627865] Loaded X.509 cert 'Build time autogenerated kernel key: 0a9e52cc6eb58eed9b63e328679db6d5d5216245'
[    0.627881] zswap: loaded using pool lzo/zbud
[    0.627931] Key type ._fscrypt registered
[    0.627932] Key type .fscrypt registered
[    0.632376] Key type big_key registered
[    0.634668] Key type encrypted registered
[    0.634671] AppArmor: AppArmor sha1 policy hashing enabled
[    0.634677] ima: No TPM chip found, activating TPM-bypass!
[    0.634680] ima: Allocated hash algorithm: sha1
[    0.634685] ima: No architecture policies found
[    0.634693] evm: Initialising EVM extended attributes:
[    0.634694] evm: security.selinux
[    0.634695] evm: security.SMACK64
[    0.634695] evm: security.SMACK64EXEC
[    0.634695] evm: security.SMACK64TRANSMUTE
[    0.634696] evm: security.SMACK64MMAP
[    0.634696] evm: security.apparmor
[    0.634697] evm: security.ima
[    0.634697] evm: security.capability
[    0.634698] evm: HMAC attrs: 0x1
[    0.634979] PM:   Magic number: 10:975:883
[    0.635084] rtc_cmos rtc_cmos: setting system clock to 2026-01-20T11:52:18 UTC (1768909938)
[    0.791944] ata1.00: ATA-6: VBOX HARDDISK, 1.0, max UDMA/133
[    0.791947] ata1.00: 209715200 sectors, multi 128: LBA 
[    0.792575] scsi 0:0:0:0: Direct-Access     ATA      VBOX HARDDISK    1.0  PQ: 0 ANSI: 5
[    0.792852] sd 0:0:0:0: [sda] 209715200 512-byte logical blocks: (107 GB/100 GiB)
[    0.792864] sd 0:0:0:0: [sda] Write Protect is off
[    0.792867] sd 0:0:0:0: [sda] Mode Sense: 00 3a 00 00
[    0.792886] sd 0:0:0:0: [sda] Write cache: enabled, read cache: enabled, doesn't support DPO or FUA
[    0.793190] sd 0:0:0:0: Attached scsi generic sg0 type 0
[    0.793884]  sda: sda1 sda2
[    0.803410] sd 0:0:0:0: [sda] Attached SCSI disk
[    0.809081] Freeing unused decrypted memory: 2040K
[    0.810335] Freeing unused kernel image memory: 2720K
[    0.810340] Write protecting the kernel read-only data: 22528k
[    0.811692] Freeing unused kernel image memory: 2036K
[    0.812429] Freeing unused kernel image memory: 1452K
[    0.846913] x86/mm: Checked W+X mappings: passed, no W+X pages found.
[    0.846919] Run /init as init process
[    0.945517] ACPI: Video Device [GFX0] (multi-head: yes  rom: no  post: no)
[    0.945585] input: Video Bus as /devices/LNXSYSTM:00/LNXSYBUS:00/PNP0A03:00/LNXVIDEO:00/input/input4
[    0.955508] pcnet32: pcnet32.c:v1.35 21.Apr.2008 tsbogend@alpha.franken.de
[    0.956260] pcnet32: PCnet/FAST III 79C973 at 0xd020, 08:00:27:78:a9:eb assigned IRQ 19
[    0.956304] pcnet32: Found PHY 0022:561b at address 0
[    0.956601] pcnet32: eth0: registered as PCnet/FAST III 79C973
[    0.958439] pcnet32: PCnet/FAST III 79C973 at 0xd060, 08:00:27:d8:36:2c assigned IRQ 16
[    0.958484] pcnet32: Found PHY 0022:561b at address 0
[    0.958782] pcnet32: eth1: registered as PCnet/FAST III 79C973
[    0.960178] piix4_smbus 0000:00:07.0: SMBus Host Controller at 0x4100, revision 0
[    0.962988] e1000: Intel(R) PRO/1000 Network Driver - version 7.3.21-k8-NAPI
[    0.962989] e1000: Copyright (c) 1999-2006 Intel Corporation.
[    0.968731] pcnet32: 2 cards_found
[    1.033666] pcnet32 0000:00:03.0 enp0s3: renamed from eth0
[    1.037901] pcnet32 0000:00:08.0 enp0s8: renamed from eth1
[    1.184365] input: ImExPS/2 Generic Explorer Mouse as /devices/platform/i8042/serio1/input/input5
[    1.371390] e1000 0000:00:09.0 eth0: (PCI:33MHz:32-bit) 08:00:27:c0:00:be
[    1.371394] e1000 0000:00:09.0 eth0: Intel(R) PRO/1000 Network Connection
[    1.372383] e1000 0000:00:09.0 enp0s9: renamed from eth0
[    1.513779] EXT4-fs (sda2): mounted filesystem with ordered data mode. Opts: (null)
[    1.605044] systemd[1]: Inserted module 'autofs4'
[    1.618034] systemd[1]: systemd 245.4-4ubuntu3 running in system mode. (+PAM +AUDIT +SELINUX +IMA +APPARMOR +SMACK +SYSVINIT +UTMP +LIBCRYPTSETUP +GCRYPT +GNUTLS +ACL +XZ +LZ4 +SECCOMP +BLKID +ELFUTILS +KMOD +IDN2 -IDN +PCRE2 default-hierarchy=hybrid)
[    1.618061] systemd[1]: Detected virtualization oracle.
[    1.618064] systemd[1]: Detected architecture x86-64.
[    1.619393] systemd[1]: Set hostname to <ztg>.
[    1.741495] systemd[1]: /lib/systemd/system/dbus.socket:5: ListenStream= references a path below legacy directory /var/run/, updating /var/run/dbus/system_bus_socket â†’ /run/dbus/system_bus_socket; please update the unit file accordingly.
[    1.793401] systemd[1]: Created slice system-modprobe.slice.
[    1.793584] systemd[1]: Created slice User and Session Slice.
[    1.793624] systemd[1]: Started Forward Password Requests to Wall Directory Watch.
[    1.793770] systemd[1]: Set up automount Arbitrary Executable File Formats File System Automount Point.
[    1.793802] systemd[1]: Reached target User and Group Name Lookups.
[    1.793810] systemd[1]: Reached target Remote File Systems.
[    1.793817] systemd[1]: Reached target Slices.
[    1.794376] systemd[1]: Listening on Syslog Socket.
[    1.794442] systemd[1]: Listening on fsck to fsckd communication Socket.
[    1.794479] systemd[1]: Listening on initctl Compatibility Named Pipe.
[    1.794606] systemd[1]: Listening on Journal Audit Socket.
[    1.794657] systemd[1]: Listening on Journal Socket (/dev/log).
[    1.794722] systemd[1]: Listening on Journal Socket.
[    1.794784] systemd[1]: Listening on udev Control Socket.
[    1.794821] systemd[1]: Listening on udev Kernel Socket.
[    1.795556] systemd[1]: Mounting Huge Pages File System...
[    1.796446] systemd[1]: Mounting POSIX Message Queue File System...
[    1.797285] systemd[1]: Mounting Kernel Debug File System...
[    1.798098] systemd[1]: Mounting Kernel Trace File System...
[    1.799958] systemd[1]: Starting Journal Service...
[    1.821608] systemd[1]: Starting Set the console keyboard layout...
[    1.829218] systemd[1]: Starting Create list of static device nodes for the current kernel...
[    1.830984] systemd[1]: Starting Load Kernel Module drm...
[    1.832335] systemd[1]: Condition check resulted in Set Up Additional Binary Formats being skipped.
[    1.832380] systemd[1]: Condition check resulted in File System Check on Root Device being skipped.
[    1.838233] systemd[1]: Starting Load Kernel Modules...
[    1.838972] systemd[1]: Starting Remount Root and Kernel File Systems...
[    1.858418] systemd[1]: Starting udev Coldplug all Devices...
[    1.879322] systemd[1]: Starting Uncomplicated firewall...
[    1.884448] systemd[1]: Mounted Huge Pages File System.
[    1.884529] systemd[1]: Mounted POSIX Message Queue File System.
[    1.884594] systemd[1]: Mounted Kernel Debug File System.
[    1.884660] systemd[1]: Mounted Kernel Trace File System.
[    1.889176] EXT4-fs (sda2): re-mounted. Opts: errors=remount-ro
[    1.890264] systemd[1]: Finished Create list of static device nodes for the current kernel.
[    1.894031] systemd[1]: modprobe@drm.service: Succeeded.
[    1.895375] systemd[1]: Finished Load Kernel Module drm.
[    1.915662] systemd[1]: Finished Remount Root and Kernel File Systems.
[    1.917808] systemd[1]: Finished Uncomplicated firewall.
[    1.933364] systemd[1]: Condition check resulted in Rebuild Hardware Database being skipped.
[    1.933398] systemd[1]: Condition check resulted in Platform Persistent Storage Archival being skipped.
[    1.934068] systemd[1]: Starting Load/Save Random Seed...
[    1.934772] systemd[1]: Starting Create System Users...
[    1.962478] systemd[1]: Finished Load/Save Random Seed.
[    1.963835] lp: driver loaded but no devices found
[    1.967011] systemd[1]: Finished Create System Users.
[    1.967745] systemd[1]: Starting Create Static Device Nodes in /dev...
[    1.977933] ppdev: user-space parallel port driver
[    1.990456] systemd[1]: Finished udev Coldplug all Devices.
[    1.997232] systemd[1]: Finished Create Static Device Nodes in /dev.
[    1.997962] systemd[1]: Starting udev Kernel Device Manager...
[    2.061026] [drm] DMA map mode: Caching DMA mappings.
[    2.061087] [drm] Capabilities:
[    2.061088] [drm]   Rect copy.
[    2.061088] [drm]   Cursor.
[    2.061088] [drm]   Cursor bypass.
[    2.061089] [drm]   Cursor bypass 2.
[    2.061089] [drm]   Alpha cursor.
[    2.061089] [drm]   Extended Fifo.
[    2.061090] [drm]   Pitchlock.
[    2.061090] [drm]   Irq mask.
[    2.061090] [drm]   GMR.
[    2.061091] [drm]   Traces.
[    2.061091] [drm]   GMR2.
[    2.061091] [drm]   Screen Object 2.
[    2.061092] [drm]   Command Buffers.
[    2.061092] [drm]   Command Buffers 2.
[    2.061092] [drm]   Guest Backed Resources.
[    2.061093] [drm] Max GMR ids is 8192
[    2.061094] [drm] Max number of GMR pages is 1048576
[    2.061094] [drm] Max dedicated hypervisor surface memory is 393216 kiB
[    2.061095] [drm] Maximum display memory size is 131072 kiB
[    2.061096] [drm] VRAM at 0xe0000000 size is 131072 kiB
[    2.061096] [drm] MMIO at 0xf0000000 size is 2048 kiB
[    2.061569] [TTM] Zone  kernel: Available graphics memory: 1011744 KiB
[    2.061570] [TTM] Initializing pool allocator
[    2.061573] [TTM] Initializing DMA pool allocator
[    2.061601] [drm] Supports vblank timestamp caching Rev 2 (21.10.2013).
[    2.061601] [drm] No driver support for vblank timestamp query.
[    2.061812] [drm] Screen Target Display device initialized
[    2.062029] [drm] width 720
[    2.062038] [drm] height 400
[    2.062042] [drm] bpp 32
[    2.062545] [drm] Fifo max 0x00200000 min 0x00001000 cap 0x00000355
[    2.063613] [drm] Using command buffers with DMA pool.
[    2.063618] [drm] DX: no.
[    2.063619] [drm] Atomic: yes.
[    2.063619] [drm] SM4_1: no.
[    2.063637] [drm:vmw_host_log [vmwgfx]] *ERROR* Failed to send host log message.
[    2.064735] [drm:vmw_host_log [vmwgfx]] *ERROR* Failed to send host log message.
[    2.078342] systemd[1]: Finished Set the console keyboard layout.
[    2.078439] systemd[1]: Reached target Local File Systems (Pre).
[    2.079230] fbcon: svgadrmfb (fb0) is primary device
[    2.081060] systemd[1]: Mounting Mount unit for bare, revision 5...
[    2.083014] systemd[1]: Mounting Mount unit for core18, revision 1705...
[    2.088999] Console: switching to colour frame buffer device 100x37
[    2.094403] systemd[1]: Mounting Mount unit for gnome-3-34-1804, revision 24...
[    2.100374] [drm] Initialized vmwgfx 2.15.0 20180704 for 0000:00:02.0 on minor 0
[    2.111359] systemd[1]: Mounting Mount unit for gtk-common-themes, revision 1506...
[    2.117978] systemd[1]: Mounting Mount unit for gtk-common-themes, revision 1535...
[    2.148634] systemd[1]: Mounting Mount unit for snap-store, revision 433...
[    2.152862] systemd[1]: Mounting Mount unit for snapd, revision 25935...
[    2.154074] systemd[1]: Finished Load Kernel Modules.
[    2.160975] systemd[1]: Mounting FUSE Control File System...
[    2.164785] systemd[1]: Mounting Kernel Configuration File System...
[    2.165929] systemd[1]: Starting Apply Kernel Variables...
[    2.167014] systemd[1]: Mounted FUSE Control File System.
[    2.167083] systemd[1]: Condition check resulted in VMware vmblock fuse mount being skipped.
[    2.185312] systemd[1]: Mounted Kernel Configuration File System.
[    2.190179] systemd[1]: Mounted Mount unit for bare, revision 5.
[    2.200117] systemd[1]: Finished Apply Kernel Variables.
[    2.226730] systemd[1]: Mounted Mount unit for core18, revision 1705.
[    2.228489] systemd[1]: Started udev Kernel Device Manager.
[    2.229134] systemd[1]: Starting Show Plymouth Boot Screen...
[    2.234713] systemd[1]: Received SIGRTMIN+20 from PID 283 (plymouthd).
[    2.237859] systemd[1]: Mounted Mount unit for gnome-3-34-1804, revision 24.
[    2.238361] systemd[1]: Mounted Mount unit for gtk-common-themes, revision 1506.
[    2.242108] systemd[1]: Mounted Mount unit for gtk-common-themes, revision 1535.
[    2.277092] systemd[1]: Started Show Plymouth Boot Screen.
[    2.277229] systemd[1]: Condition check resulted in Dispatch Password Requests to Console Directory Watch being skipped.
[    2.277308] systemd[1]: Started Forward Password Requests to Plymouth Directory Watch.
[    2.277339] systemd[1]: Reached target Local Encrypted Volumes.
[    2.294943] systemd[1]: Mounted Mount unit for snap-store, revision 433.
[    2.295152] systemd[1]: Mounted Mount unit for snapd, revision 25935.
[    2.295297] systemd[1]: Reached target Local File Systems.
[    2.296014] systemd[1]: Starting Load AppArmor profiles...
[    2.298773] systemd[1]: Starting Set console font and keymap...
[    2.308167] systemd[1]: Starting Tell Plymouth To Write Out Runtime Data...
[    2.310857] systemd[1]: Condition check resulted in Store a System Token in an EFI Variable being skipped.
[    2.310885] systemd[1]: Condition check resulted in Commit a transient machine-id on disk being skipped.
[    2.312833] systemd[1]: Received SIGRTMIN+20 from PID 283 (plymouthd).
[    2.312983] systemd[1]: plymouth-read-write.service: Succeeded.
[    2.315111] systemd[1]: Finished Tell Plymouth To Write Out Runtime Data.
[    2.315584] systemd[1]: Finished Set console font and keymap.
[    2.345036] audit: type=1400 audit(1768909940.204:2): apparmor="STATUS" operation="profile_load" profile="unconfined" name="nvidia_modprobe" pid=302 comm="apparmor_parser"
[    2.345038] audit: type=1400 audit(1768909940.204:3): apparmor="STATUS" operation="profile_load" profile="unconfined" name="nvidia_modprobe//kmod" pid=302 comm="apparmor_parser"
[    2.367867] audit: type=1400 audit(1768909940.232:4): apparmor="STATUS" operation="profile_load" profile="unconfined" name="/usr/sbin/tcpdump" pid=303 comm="apparmor_parser"
[    2.401951] audit: type=1400 audit(1768909940.260:5): apparmor="STATUS" operation="profile_load" profile="unconfined" name="/usr/bin/evince" pid=305 comm="apparmor_parser"
[    2.401953] audit: type=1400 audit(1768909940.260:6): apparmor="STATUS" operation="profile_load" profile="unconfined" name="/usr/bin/evince//sanitized_helper" pid=305 comm="apparmor_parser"
[    2.401955] audit: type=1400 audit(1768909940.260:7): apparmor="STATUS" operation="profile_load" profile="unconfined" name="/usr/bin/evince-previewer" pid=305 comm="apparmor_parser"
[    2.401956] audit: type=1400 audit(1768909940.260:8): apparmor="STATUS" operation="profile_load" profile="unconfined" name="/usr/bin/evince-previewer//sanitized_helper" pid=305 comm="apparmor_parser"
[    2.401957] audit: type=1400 audit(1768909940.260:9): apparmor="STATUS" operation="profile_load" profile="unconfined" name="/usr/bin/evince-thumbnailer" pid=305 comm="apparmor_parser"
[    2.424149] audit: type=1400 audit(1768909940.284:10): apparmor="STATUS" operation="profile_load" profile="unconfined" name="/usr/lib/cups/backend/cups-pdf" pid=306 comm="apparmor_parser"
[    2.487363] systemd[1]: Finished Load AppArmor profiles.
[    2.488261] systemd[1]: Starting Load AppArmor profiles managed internally by snapd...
[    2.602650] systemd[1]: Finished Load AppArmor profiles managed internally by snapd.
[    2.774378] systemd[1]: Started Journal Service.
[    2.782056] systemd-journald[228]: Received client request to flush runtime journal.
[    2.786777] systemd-journald[228]: File /var/log/journal/c455b248004a419c87ce85eea238d727/system.journal corrupted or uncleanly shut down, renaming and replacing.
[    3.997530] RAPL PMU: API unit is 2^-32 Joules, 0 fixed counters, 10737418240 ms ovfl timer
[    4.076788] cryptd: max_cpu_qlen set to 1000
[    4.157580] AVX2 version of gcm_enc/dec engaged.
[    4.157581] AES CTR mode by8 optimization enabled
[    5.885471] Adding 1998844k swap on /dev/sda1.  Priority:-2 extents:1 across:1998844k FS
[    7.159493] kauditd_printk_skb: 30 callbacks suppressed
[    7.159495] audit: type=1400 audit(1768909945.020:41): apparmor="DENIED" operation="capable" profile="/usr/sbin/cups-browsed" pid=509 comm="cups-browsed" capability=23  capname="sys_nice"
[    8.257044] pcnet32 0000:00:03.0 enp0s3: link up, 100Mbps, full-duplex
[    8.278227] pcnet32 0000:00:08.0 enp0s8: link up, 100Mbps, full-duplex
[    8.308695] e1000: enp0s9 NIC Link is Up 1000 Mbps Full Duplex, Flow Control: RX
[    8.308982] IPv6: ADDRCONF(NETDEV_CHANGE): enp0s9: link becomes ready
[    8.834040] device enp0s3 entered promiscuous mode
[    8.845146] device enp0s8 entered promiscuous mode
[    8.878030] audit: type=1400 audit(1768909946.740:42): apparmor="DENIED" operation="open" profile="/usr/sbin/tcpdump" name="/proc/sys/kernel/random/boot_id" pid=635 comm="tcpdump" requested_mask="r" denied_mask="r" fsuid=0 ouid=0
[    8.878169] audit: type=1400 audit(1768909946.740:43): apparmor="DENIED" operation="open" profile="/usr/sbin/tcpdump" name="/proc/sys/kernel/random/boot_id" pid=636 comm="tcpdump" requested_mask="r" denied_mask="r" fsuid=0 ouid=0
[    8.879464] audit: type=1400 audit(1768909946.740:44): apparmor="DENIED" operation="open" profile="/usr/sbin/tcpdump" name="/proc/sys/kernel/random/boot_id" pid=635 comm="tcpdump" requested_mask="r" denied_mask="r" fsuid=0 ouid=0
[    8.879619] audit: type=1400 audit(1768909946.740:45): apparmor="DENIED" operation="open" profile="/usr/sbin/tcpdump" name="/proc/sys/kernel/random/boot_id" pid=635 comm="tcpdump" requested_mask="r" denied_mask="r" fsuid=0 ouid=0
[    8.879734] audit: type=1400 audit(1768909946.740:46): apparmor="DENIED" operation="open" profile="/usr/sbin/tcpdump" name="/proc/sys/kernel/random/boot_id" pid=636 comm="tcpdump" requested_mask="r" denied_mask="r" fsuid=0 ouid=0
[    8.879769] audit: type=1400 audit(1768909946.740:47): apparmor="DENIED" operation="open" profile="/usr/sbin/tcpdump" name="/proc/sys/kernel/random/boot_id" pid=636 comm="tcpdump" requested_mask="r" denied_mask="r" fsuid=0 ouid=0
[    8.879791] audit: type=1400 audit(1768909946.740:48): apparmor="DENIED" operation="open" profile="/usr/sbin/tcpdump" name="/proc/sys/kernel/random/boot_id" pid=635 comm="tcpdump" requested_mask="r" denied_mask="r" fsuid=0 ouid=0
[    8.879847] audit: type=1400 audit(1768909946.740:49): apparmor="DENIED" operation="open" profile="/usr/sbin/tcpdump" name="/proc/sys/kernel/random/boot_id" pid=636 comm="tcpdump" requested_mask="r" denied_mask="r" fsuid=0 ouid=0
[    8.895856] audit: type=1400 audit(1768909946.760:50): apparmor="DENIED" operation="open" profile="/usr/sbin/tcpdump" name="/proc/sys/kernel/random/boot_id" pid=638 comm="tcpdump" requested_mask="r" denied_mask="r" fsuid=0 ouid=0
[   14.875599] rfkill: input handler disabled
[  213.411854] AAAAA-TCP_RECV: name:enp0s3: saddr:100932208: daddr:16783984: srtt_us:0: RTT:0: ssthresh:2147483647: cwnd:10: delivered:0: lost:0: retrans:0
[  213.411881] AAAAA-TCP_SEND: name:enp0s3: saddr:16783984: daddr:100932208: srtt_us:0: RTT:0: ssthresh:0: cwnd:0: delivered:0: lost:0: retrans:0
[  213.623672] AAAAA-TCP_RECV: name:enp0s3: saddr:100932208: daddr:16783984: srtt_us:1431312: RTT:178914: ssthresh:2147483647: cwnd:10: delivered:1: lost:0: retrans:0
[  213.623699] AAAAA-TCP_SEND: name:enp0s3: saddr:16783984: daddr:100932208: srtt_us:1431312: RTT:178914: ssthresh:2147483647: cwnd:10: delivered:1: lost:0: retrans:0
[  213.623841] AAAAA-TCP_SEND: name:enp0s3: saddr:16783984: daddr:100932208: srtt_us:1431312: RTT:178914: ssthresh:2147483647: cwnd:10: delivered:1: lost:0: retrans:0
[  213.915309] AAAAA-TCP_RECV: name:enp0s3: saddr:100932208: daddr:16783984: srtt_us:1431312: RTT:178914: ssthresh:2147483647: cwnd:10: delivered:1: lost:0: retrans:0
[  213.946861] AAAAA-TCP_RECV: name:enp0s3: saddr:100932208: daddr:16783984: srtt_us:1543885: RTT:192985: ssthresh:2147483647: cwnd:10: delivered:2: lost:0: retrans:0
[  213.946879] AAAAA-TCP_SEND: name:enp0s3: saddr:16783984: daddr:100932208: srtt_us:1543885: RTT:192985: ssthresh:2147483647: cwnd:10: delivered:2: lost:0: retrans:0
[  214.166618] AAAAA-TCP_RECV: name:enp0s3: saddr:100932208: daddr:16783984: srtt_us:1543885: RTT:192985: ssthresh:2147483647: cwnd:10: delivered:2: lost:0: retrans:0
[  214.166639] AAAAA-TCP_SEND: name:enp0s3: saddr:16783984: daddr:100932208: srtt_us:1543885: RTT:192985: ssthresh:2147483647: cwnd:10: delivered:2: lost:0: retrans:0
[  214.166802] AAAAA-TCP_SEND: name:enp0s3: saddr:16783984: daddr:100932208: srtt_us:1543885: RTT:192985: ssthresh:2147483647: cwnd:10: delivered:2: lost:0: retrans:0
[  214.423957] AAAAA-TCP_RECV: name:enp0s3: saddr:100932208: daddr:16783984: srtt_us:1543885: RTT:192985: ssthresh:2147483647: cwnd:10: delivered:2: lost:0: retrans:0
[  214.499446] AAAAA-TCP_RECV: name:enp0s3: saddr:100932208: daddr:16783984: srtt_us:0: RTT:0: ssthresh:2147483647: cwnd:10: delivered:0: lost:0: retrans:0
[  214.499478] AAAAA-TCP_SEND: name:enp0s3: saddr:16783984: daddr:100932208: srtt_us:0: RTT:0: ssthresh:0: cwnd:0: delivered:0: lost:0: retrans:0
[  214.671498] AAAAA-TCP_RECV: name:enp0s3: saddr:100932208: daddr:16783984: srtt_us:1212976: RTT:151622: ssthresh:2147483647: cwnd:10: delivered:1: lost:0: retrans:0
[  214.671509] AAAAA-TCP_SEND: name:enp0s3: saddr:16783984: daddr:100932208: srtt_us:1212976: RTT:151622: ssthresh:2147483647: cwnd:10: delivered:1: lost:0: retrans:0
[  214.672645] AAAAA-TCP_SEND: name:enp0s3: saddr:16783984: daddr:100932208: srtt_us:1608073: RTT:201009: ssthresh:2147483647: cwnd:10: delivered:3: lost:0: retrans:0
[  214.861432] AAAAA-TCP_RECV: name:enp0s3: saddr:100932208: daddr:16783984: srtt_us:1608073: RTT:201009: ssthresh:2147483647: cwnd:10: delivered:3: lost:0: retrans:0
[  214.861459] AAAAA-TCP_SEND: name:enp0s3: saddr:16783984: daddr:100932208: srtt_us:1595872: RTT:199484: ssthresh:2147483647: cwnd:10: delivered:4: lost:0: retrans:0
[  214.943072] AAAAA-TCP_RECV: name:enp0s3: saddr:100932208: daddr:16783984: srtt_us:1595872: RTT:199484: ssthresh:2147483647: cwnd:10: delivered:4: lost:0: retrans:0
[  214.996425] AAAAA-TCP_RECV: name:enp0s3: saddr:100932208: daddr:16783984: srtt_us:1212976: RTT:151622: ssthresh:2147483647: cwnd:10: delivered:1: lost:0: retrans:0
[  214.996445] AAAAA-TCP_SEND: name:enp0s3: saddr:16783984: daddr:100932208: srtt_us:1212976: RTT:151622: ssthresh:2147483647: cwnd:10: delivered:1: lost:0: retrans:0
[  215.099212] AAAAA-TCP_RECV: name:enp0s3: saddr:100932208: daddr:16783984: srtt_us:1212976: RTT:151622: ssthresh:2147483647: cwnd:10: delivered:1: lost:0: retrans:0
[  215.099232] AAAAA-TCP_SEND: name:enp0s3: saddr:16783984: daddr:100932208: srtt_us:1212976: RTT:151622: ssthresh:2147483647: cwnd:10: delivered:1: lost:0: retrans:0
[  215.234586] AAAAA-TCP_RECV: name:enp0s3: saddr:100932208: daddr:16783984: srtt_us:1212976: RTT:151622: ssthresh:2147483647: cwnd:10: delivered:1: lost:0: retrans:0
[  215.234609] AAAAA-TCP_SEND: name:enp0s3: saddr:16783984: daddr:100932208: srtt_us:1212976: RTT:151622: ssthresh:2147483647: cwnd:10: delivered:1: lost:0: retrans:0
[  215.287753] AAAAA-TCP_RECV: name:enp0s3: saddr:100932208: daddr:16783984: srtt_us:1212976: RTT:151622: ssthresh:2147483647: cwnd:10: delivered:1: lost:0: retrans:0
[  215.287774] AAAAA-TCP_SEND: name:enp0s3: saddr:16783984: daddr:100932208: srtt_us:1212976: RTT:151622: ssthresh:2147483647: cwnd:10: delivered:1: lost:0: retrans:0
[  215.558874] AAAAA-TCP_RECV: name:enp0s3: saddr:100932208: daddr:16783984: srtt_us:1212976: RTT:151622: ssthresh:2147483647: cwnd:10: delivered:1: lost:0: retrans:0
[  215.558894] AAAAA-TCP_SEND: name:enp0s3: saddr:16783984: daddr:100932208: srtt_us:1212976: RTT:151622: ssthresh:2147483647: cwnd:10: delivered:1: lost:0: retrans:0
[  215.676764] AAAAA-TCP_RECV: name:enp0s3: saddr:100932208: daddr:16783984: srtt_us:1212976: RTT:151622: ssthresh:2147483647: cwnd:10: delivered:1: lost:0: retrans:0
[  215.676782] AAAAA-TCP_SEND: name:enp0s3: saddr:16783984: daddr:100932208: srtt_us:1212976: RTT:151622: ssthresh:2147483647: cwnd:10: delivered:1: lost:0: retrans:0
[  215.750515] AAAAA-TCP_RECV: name:enp0s3: saddr:100932208: daddr:16783984: srtt_us:1212976: RTT:151622: ssthresh:2147483647: cwnd:10: delivered:1: lost:0: retrans:0
[  215.750533] AAAAA-TCP_SEND: name:enp0s3: saddr:16783984: daddr:100932208: srtt_us:1212976: RTT:151622: ssthresh:2147483647: cwnd:10: delivered:1: lost:0: retrans:0
[  215.944521] AAAAA-TCP_RECV: name:enp0s3: saddr:100932208: daddr:16783984: srtt_us:1212976: RTT:151622: ssthresh:2147483647: cwnd:10: delivered:1: lost:0: retrans:0
[  215.944546] AAAAA-TCP_SEND: name:enp0s3: saddr:16783984: daddr:100932208: srtt_us:1212976: RTT:151622: ssthresh:2147483647: cwnd:10: delivered:1: lost:0: retrans:0
[  216.059302] AAAAA-TCP_RECV: name:enp0s3: saddr:100932208: daddr:16783984: srtt_us:1212976: RTT:151622: ssthresh:2147483647: cwnd:10: delivered:1: lost:0: retrans:0
[  216.059327] AAAAA-TCP_SEND: name:enp0s3: saddr:16783984: daddr:100932208: srtt_us:1212976: RTT:151622: ssthresh:2147483647: cwnd:10: delivered:1: lost:0: retrans:0
[  216.093183] AAAAA-TCP_RECV: name:enp0s3: saddr:100932208: daddr:16783984: srtt_us:1212976: RTT:151622: ssthresh:2147483647: cwnd:10: delivered:1: lost:0: retrans:0
[  216.093203] AAAAA-TCP_SEND: name:enp0s3: saddr:16783984: daddr:100932208: srtt_us:1212976: RTT:151622: ssthresh:2147483647: cwnd:10: delivered:1: lost:0: retrans:0
[  216.257015] AAAAA-TCP_RECV: name:enp0s3: saddr:100932208: daddr:16783984: srtt_us:1212976: RTT:151622: ssthresh:2147483647: cwnd:10: delivered:1: lost:0: retrans:0
[  216.257035] AAAAA-TCP_SEND: name:enp0s3: saddr:16783984: daddr:100932208: srtt_us:1212976: RTT:151622: ssthresh:2147483647: cwnd:10: delivered:1: lost:0: retrans:0
[  216.322257] AAAAA-TCP_RECV: name:enp0s3: saddr:100932208: daddr:16783984: srtt_us:1212976: RTT:151622: ssthresh:2147483647: cwnd:10: delivered:1: lost:0: retrans:0
[  216.322278] AAAAA-TCP_SEND: name:enp0s3: saddr:16783984: daddr:100932208: srtt_us:1212976: RTT:151622: ssthresh:2147483647: cwnd:10: delivered:1: lost:0: retrans:0
[  216.425023] AAAAA-TCP_RECV: name:enp0s3: saddr:100932208: daddr:16783984: srtt_us:1212976: RTT:151622: ssthresh:2147483647: cwnd:10: delivered:1: lost:0: retrans:0
[  216.425044] AAAAA-TCP_SEND: name:enp0s3: saddr:16783984: daddr:100932208: srtt_us:1212976: RTT:151622: ssthresh:2147483647: cwnd:10: delivered:1: lost:0: retrans:0
[  216.486820] AAAAA-TCP_RECV: name:enp0s3: saddr:100932208: daddr:16783984: srtt_us:1212976: RTT:151622: ssthresh:2147483647: cwnd:10: delivered:1: lost:0: retrans:0
[  216.486844] AAAAA-TCP_SEND: name:enp0s3: saddr:16783984: daddr:100932208: srtt_us:1212976: RTT:151622: ssthresh:2147483647: cwnd:10: delivered:1: lost:0: retrans:0
[  216.765192] AAAAA-TCP_RECV: name:enp0s3: saddr:100932208: daddr:16783984: srtt_us:1212976: RTT:151622: ssthresh:2147483647: cwnd:10: delivered:1: lost:0: retrans:0
[  216.765212] AAAAA-TCP_SEND: name:enp0s3: saddr:16783984: daddr:100932208: srtt_us:1212976: RTT:151622: ssthresh:2147483647: cwnd:10: delivered:1: lost:0: retrans:0
[  217.104941] AAAAA-TCP_RECV: name:enp0s3: saddr:100932208: daddr:16783984: srtt_us:1212976: RTT:151622: ssthresh:2147483647: cwnd:10: delivered:1: lost:0: retrans:0
[  217.147071] AAAAA-TCP_SEND: name:enp0s3: saddr:16783984: daddr:100932208: srtt_us:1212976: RTT:151622: ssthresh:2147483647: cwnd:10: delivered:1: lost:0: retrans:0
[  217.181969] AAAAA-TCP_RECV: name:enp0s3: saddr:100932208: daddr:16783984: srtt_us:1212976: RTT:151622: ssthresh:2147483647: cwnd:10: delivered:1: lost:0: retrans:0
[  217.299049] AAAAA-TCP_SEND: name:enp0s3: saddr:16783984: daddr:100932208: srtt_us:1212976: RTT:151622: ssthresh:2147483647: cwnd:10: delivered:1: lost:0: retrans:0
[  217.397858] AAAAA-TCP_RECV: name:enp0s3: saddr:100932208: daddr:16783984: srtt_us:1212976: RTT:151622: ssthresh:2147483647: cwnd:10: delivered:1: lost:0: retrans:0
[  217.551045] AAAAA-TCP_SEND: name:enp0s3: saddr:16783984: daddr:100932208: srtt_us:1212976: RTT:151622: ssthresh:2147483647: cwnd:10: delivered:1: lost:0: retrans:0
[  217.555433] AAAAA-TCP_RECV: name:enp0s3: saddr:100932208: daddr:16783984: srtt_us:1212976: RTT:151622: ssthresh:2147483647: cwnd:10: delivered:1: lost:0: retrans:0
[  217.626553] AAAAA-TCP_RECV: name:enp0s3: saddr:100932208: daddr:16783984: srtt_us:1212976: RTT:151622: ssthresh:2147483647: cwnd:10: delivered:1: lost:0: retrans:0
[  217.626571] AAAAA-TCP_SEND: name:enp0s3: saddr:16783984: daddr:100932208: srtt_us:1212976: RTT:151622: ssthresh:2147483647: cwnd:10: delivered:1: lost:0: retrans:0
[  217.821045] AAAAA-TCP_RECV: name:enp0s3: saddr:100932208: daddr:16783984: srtt_us:1212976: RTT:151622: ssthresh:2147483647: cwnd:10: delivered:1: lost:0: retrans:0
[  217.905422] AAAAA-TCP_RECV: name:enp0s3: saddr:100932208: daddr:16783984: srtt_us:1212976: RTT:151622: ssthresh:2147483647: cwnd:10: delivered:1: lost:0: retrans:0
[  217.905444] AAAAA-TCP_SEND: name:enp0s3: saddr:16783984: daddr:100932208: srtt_us:1212976: RTT:151622: ssthresh:2147483647: cwnd:10: delivered:1: lost:0: retrans:0
[  218.007482] AAAAA-TCP_RECV: name:enp0s3: saddr:100932208: daddr:16783984: srtt_us:1212976: RTT:151622: ssthresh:2147483647: cwnd:10: delivered:1: lost:0: retrans:0
[  218.163050] AAAAA-TCP_SEND: name:enp0s3: saddr:16783984: daddr:100932208: srtt_us:1212976: RTT:151622: ssthresh:2147483647: cwnd:10: delivered:1: lost:0: retrans:0
[  218.171091] AAAAA-TCP_RECV: name:enp0s3: saddr:100932208: daddr:16783984: srtt_us:1212976: RTT:151622: ssthresh:2147483647: cwnd:10: delivered:1: lost:0: retrans:0
[  218.327042] AAAAA-TCP_SEND: name:enp0s3: saddr:16783984: daddr:100932208: srtt_us:1212976: RTT:151622: ssthresh:2147483647: cwnd:10: delivered:1: lost:0: retrans:0
[  218.348093] AAAAA-TCP_RECV: name:enp0s3: saddr:100932208: daddr:16783984: srtt_us:1212976: RTT:151622: ssthresh:2147483647: cwnd:10: delivered:1: lost:0: retrans:0
[  218.348113] AAAAA-TCP_SEND: name:enp0s3: saddr:16783984: daddr:100932208: srtt_us:1212976: RTT:151622: ssthresh:2147483647: cwnd:10: delivered:1: lost:0: retrans:0
[  218.477772] AAAAA-TCP_RECV: name:enp0s3: saddr:100932208: daddr:16783984: srtt_us:1212976: RTT:151622: ssthresh:2147483647: cwnd:10: delivered:1: lost:0: retrans:0
[  218.477792] AAAAA-TCP_SEND: name:enp0s3: saddr:16783984: daddr:100932208: srtt_us:1212976: RTT:151622: ssthresh:2147483647: cwnd:10: delivered:1: lost:0: retrans:0
[  218.552508] AAAAA-TCP_RECV: name:enp0s3: saddr:100932208: daddr:16783984: srtt_us:1212976: RTT:151622: ssthresh:2147483647: cwnd:10: delivered:1: lost:0: retrans:0
[  218.552528] AAAAA-TCP_SEND: name:enp0s3: saddr:16783984: daddr:100932208: srtt_us:1212976: RTT:151622: ssthresh:2147483647: cwnd:10: delivered:1: lost:0: retrans:0
[  218.675974] AAAAA-TCP_RECV: name:enp0s3: saddr:100932208: daddr:16783984: srtt_us:1212976: RTT:151622: ssthresh:2147483647: cwnd:10: delivered:1: lost:0: retrans:0
[  218.675991] AAAAA-TCP_SEND: name:enp0s3: saddr:16783984: daddr:100932208: srtt_us:1212976: RTT:151622: ssthresh:2147483647: cwnd:10: delivered:1: lost:0: retrans:0
[  218.774925] AAAAA-TCP_RECV: name:enp0s3: saddr:100932208: daddr:16783984: srtt_us:1212976: RTT:151622: ssthresh:2147483647: cwnd:10: delivered:1: lost:0: retrans:0
[  218.774943] AAAAA-TCP_SEND: name:enp0s3: saddr:16783984: daddr:100932208: srtt_us:1212976: RTT:151622: ssthresh:2147483647: cwnd:10: delivered:1: lost:0: retrans:0
[  218.869179] AAAAA-TCP_RECV: name:enp0s3: saddr:100932208: daddr:16783984: srtt_us:1212976: RTT:151622: ssthresh:2147483647: cwnd:10: delivered:1: lost:0: retrans:0
[  218.869199] AAAAA-TCP_SEND: name:enp0s3: saddr:16783984: daddr:100932208: srtt_us:1212976: RTT:151622: ssthresh:2147483647: cwnd:10: delivered:1: lost:0: retrans:0
[  218.991105] AAAAA-TCP_RECV: name:enp0s3: saddr:100932208: daddr:16783984: srtt_us:1212976: RTT:151622: ssthresh:2147483647: cwnd:10: delivered:1: lost:0: retrans:0
[  218.991139] AAAAA-TCP_SEND: name:enp0s3: saddr:16783984: daddr:100932208: srtt_us:1212976: RTT:151622: ssthresh:2147483647: cwnd:10: delivered:1: lost:0: retrans:0
[  219.171551] AAAAA-TCP_RECV: name:enp0s3: saddr:100932208: daddr:16783984: srtt_us:1212976: RTT:151622: ssthresh:2147483647: cwnd:10: delivered:1: lost:0: retrans:0
[  219.171572] AAAAA-TCP_SEND: name:enp0s3: saddr:16783984: daddr:100932208: srtt_us:1212976: RTT:151622: ssthresh:2147483647: cwnd:10: delivered:1: lost:0: retrans:0
[  219.278781] AAAAA-TCP_RECV: name:enp0s3: saddr:100932208: daddr:16783984: srtt_us:1212976: RTT:151622: ssthresh:2147483647: cwnd:10: delivered:1: lost:0: retrans:0
[  219.278802] AAAAA-TCP_SEND: name:enp0s3: saddr:16783984: daddr:100932208: srtt_us:1212976: RTT:151622: ssthresh:2147483647: cwnd:10: delivered:1: lost:0: retrans:0
[  219.372160] AAAAA-TCP_RECV: name:enp0s3: saddr:100932208: daddr:16783984: srtt_us:1212976: RTT:151622: ssthresh:2147483647: cwnd:10: delivered:1: lost:0: retrans:0
[  219.372181] AAAAA-TCP_SEND: name:enp0s3: saddr:16783984: daddr:100932208: srtt_us:1212976: RTT:151622: ssthresh:2147483647: cwnd:10: delivered:1: lost:0: retrans:0
[  219.452819] AAAAA-TCP_RECV: name:enp0s3: saddr:100932208: daddr:16783984: srtt_us:1212976: RTT:151622: ssthresh:2147483647: cwnd:10: delivered:1: lost:0: retrans:0
[  219.452837] AAAAA-TCP_SEND: name:enp0s3: saddr:16783984: daddr:100932208: srtt_us:1212976: RTT:151622: ssthresh:2147483647: cwnd:10: delivered:1: lost:0: retrans:0
[  219.560822] AAAAA-TCP_RECV: name:enp0s3: saddr:100932208: daddr:16783984: srtt_us:1212976: RTT:151622: ssthresh:2147483647: cwnd:10: delivered:1: lost:0: retrans:0
[  219.560841] AAAAA-TCP_SEND: name:enp0s3: saddr:16783984: daddr:100932208: srtt_us:1212976: RTT:151622: ssthresh:2147483647: cwnd:10: delivered:1: lost:0: retrans:0
[  219.683951] AAAAA-TCP_RECV: name:enp0s3: saddr:100932208: daddr:16783984: srtt_us:1212976: RTT:151622: ssthresh:2147483647: cwnd:10: delivered:1: lost:0: retrans:0
[  219.683970] AAAAA-TCP_SEND: name:enp0s3: saddr:16783984: daddr:100932208: srtt_us:1212976: RTT:151622: ssthresh:2147483647: cwnd:10: delivered:1: lost:0: retrans:0
[  219.764272] AAAAA-TCP_RECV: name:enp0s3: saddr:100932208: daddr:16783984: srtt_us:1212976: RTT:151622: ssthresh:2147483647: cwnd:10: delivered:1: lost:0: retrans:0
[  219.764291] AAAAA-TCP_SEND: name:enp0s3: saddr:16783984: daddr:100932208: srtt_us:1212976: RTT:151622: ssthresh:2147483647: cwnd:10: delivered:1: lost:0: retrans:0
[  219.845595] AAAAA-TCP_RECV: name:enp0s3: saddr:100932208: daddr:16783984: srtt_us:1212976: RTT:151622: ssthresh:2147483647: cwnd:10: delivered:1: lost:0: retrans:0
[  219.845615] AAAAA-TCP_SEND: name:enp0s3: saddr:16783984: daddr:100932208: srtt_us:1212976: RTT:151622: ssthresh:2147483647: cwnd:10: delivered:1: lost:0: retrans:0
[  219.950101] AAAAA-TCP_RECV: name:enp0s3: saddr:100932208: daddr:16783984: srtt_us:1212976: RTT:151622: ssthresh:2147483647: cwnd:10: delivered:1: lost:0: retrans:0
[  219.950122] AAAAA-TCP_SEND: name:enp0s3: saddr:16783984: daddr:100932208: srtt_us:1212976: RTT:151622: ssthresh:2147483647: cwnd:10: delivered:1: lost:0: retrans:0
[  220.048500] AAAAA-TCP_RECV: name:enp0s3: saddr:100932208: daddr:16783984: srtt_us:1212976: RTT:151622: ssthresh:2147483647: cwnd:10: delivered:1: lost:0: retrans:0
[  220.091049] AAAAA-TCP_SEND: name:enp0s3: saddr:16783984: daddr:100932208: srtt_us:1212976: RTT:151622: ssthresh:2147483647: cwnd:10: delivered:1: lost:0: retrans:0
[  220.137353] AAAAA-TCP_RECV: name:enp0s3: saddr:100932208: daddr:16783984: srtt_us:1212976: RTT:151622: ssthresh:2147483647: cwnd:10: delivered:1: lost:0: retrans:0
[  220.219044] AAAAA-TCP_SEND: name:enp0s3: saddr:16783984: daddr:100932208: srtt_us:1212976: RTT:151622: ssthresh:2147483647: cwnd:10: delivered:1: lost:0: retrans:0
[  220.315039] AAAAA-TCP_RECV: name:enp0s3: saddr:100932208: daddr:16783984: srtt_us:1212976: RTT:151622: ssthresh:2147483647: cwnd:10: delivered:1: lost:0: retrans:0
[  220.405510] AAAAA-TCP_RECV: name:enp0s3: saddr:100932208: daddr:16783984: srtt_us:1212976: RTT:151622: ssthresh:2147483647: cwnd:10: delivered:1: lost:0: retrans:0
[  220.405529] AAAAA-TCP_SEND: name:enp0s3: saddr:16783984: daddr:100932208: srtt_us:1212976: RTT:151622: ssthresh:2147483647: cwnd:10: delivered:1: lost:0: retrans:0
[  220.457358] AAAAA-TCP_RECV: name:enp0s3: saddr:100932208: daddr:16783984: srtt_us:1212976: RTT:151622: ssthresh:2147483647: cwnd:10: delivered:1: lost:0: retrans:0
[  220.525065] AAAAA-TCP_RECV: name:enp0s3: saddr:100932208: daddr:16783984: srtt_us:1212976: RTT:151622: ssthresh:2147483647: cwnd:10: delivered:1: lost:0: retrans:0
[  220.525086] AAAAA-TCP_SEND: name:enp0s3: saddr:16783984: daddr:100932208: srtt_us:1212976: RTT:151622: ssthresh:2147483647: cwnd:10: delivered:1: lost:0: retrans:0
[  220.580178] AAAAA-TCP_RECV: name:enp0s3: saddr:100932208: daddr:16783984: srtt_us:1212976: RTT:151622: ssthresh:2147483647: cwnd:10: delivered:1: lost:0: retrans:0
[  220.667794] AAAAA-TCP_RECV: name:enp0s3: saddr:100932208: daddr:16783984: srtt_us:1212976: RTT:151622: ssthresh:2147483647: cwnd:10: delivered:1: lost:0: retrans:0
[  220.667811] AAAAA-TCP_SEND: name:enp0s3: saddr:16783984: daddr:100932208: srtt_us:1212976: RTT:151622: ssthresh:2147483647: cwnd:10: delivered:1: lost:0: retrans:0
[  220.721063] AAAAA-TCP_RECV: name:enp0s3: saddr:100932208: daddr:16783984: srtt_us:1212976: RTT:151622: ssthresh:2147483647: cwnd:10: delivered:1: lost:0: retrans:0
[  220.847048] AAAAA-TCP_SEND: name:enp0s3: saddr:16783984: daddr:100932208: srtt_us:1212976: RTT:151622: ssthresh:2147483647: cwnd:10: delivered:1: lost:0: retrans:0
[  220.882101] AAAAA-TCP_RECV: name:enp0s3: saddr:100932208: daddr:16783984: srtt_us:1212976: RTT:151622: ssthresh:2147483647: cwnd:10: delivered:1: lost:0: retrans:0
[  220.943435] AAAAA-TCP_RECV: name:enp0s3: saddr:100932208: daddr:16783984: srtt_us:1212976: RTT:151622: ssthresh:2147483647: cwnd:10: delivered:1: lost:0: retrans:0
[  220.943454] AAAAA-TCP_SEND: name:enp0s3: saddr:16783984: daddr:100932208: srtt_us:1212976: RTT:151622: ssthresh:2147483647: cwnd:10: delivered:1: lost:0: retrans:0
[  220.998505] AAAAA-TCP_RECV: name:enp0s3: saddr:100932208: daddr:16783984: srtt_us:1212976: RTT:151622: ssthresh:2147483647: cwnd:10: delivered:1: lost:0: retrans:0
[  221.069618] AAAAA-TCP_RECV: name:enp0s3: saddr:100932208: daddr:16783984: srtt_us:1212976: RTT:151622: ssthresh:2147483647: cwnd:10: delivered:1: lost:0: retrans:0
[  221.069636] AAAAA-TCP_SEND: name:enp0s3: saddr:16783984: daddr:100932208: srtt_us:1212976: RTT:151622: ssthresh:2147483647: cwnd:10: delivered:1: lost:0: retrans:0
[  221.149464] AAAAA-TCP_RECV: name:enp0s3: saddr:100932208: daddr:16783984: srtt_us:1212976: RTT:151622: ssthresh:2147483647: cwnd:10: delivered:1: lost:0: retrans:0
[  221.149482] AAAAA-TCP_SEND: name:enp0s3: saddr:16783984: daddr:100932208: srtt_us:1212976: RTT:151622: ssthresh:2147483647: cwnd:10: delivered:1: lost:0: retrans:0
[  221.337866] AAAAA-TCP_RECV: name:enp0s3: saddr:100932208: daddr:16783984: srtt_us:1212976: RTT:151622: ssthresh:2147483647: cwnd:10: delivered:1: lost:0: retrans:0
[  221.337885] AAAAA-TCP_SEND: name:enp0s3: saddr:16783984: daddr:100932208: srtt_us:1212976: RTT:151622: ssthresh:2147483647: cwnd:10: delivered:1: lost:0: retrans:0
[  221.453778] AAAAA-TCP_RECV: name:enp0s3: saddr:100932208: daddr:16783984: srtt_us:1212976: RTT:151622: ssthresh:2147483647: cwnd:10: delivered:1: lost:0: retrans:0
[  221.453796] AAAAA-TCP_SEND: name:enp0s3: saddr:16783984: daddr:100932208: srtt_us:1212976: RTT:151622: ssthresh:2147483647: cwnd:10: delivered:1: lost:0: retrans:0
[  221.529605] AAAAA-TCP_RECV: name:enp0s3: saddr:100932208: daddr:16783984: srtt_us:1212976: RTT:151622: ssthresh:2147483647: cwnd:10: delivered:1: lost:0: retrans:0
[  221.529624] AAAAA-TCP_SEND: name:enp0s3: saddr:16783984: daddr:100932208: srtt_us:1212976: RTT:151622: ssthresh:2147483647: cwnd:10: delivered:1: lost:0: retrans:0
[  221.632032] AAAAA-TCP_RECV: name:enp0s3: saddr:100932208: daddr:16783984: srtt_us:1212976: RTT:151622: ssthresh:2147483647: cwnd:10: delivered:1: lost:0: retrans:0
[  221.632064] AAAAA-TCP_SEND: name:enp0s3: saddr:16783984: daddr:100932208: srtt_us:1212976: RTT:151622: ssthresh:2147483647: cwnd:10: delivered:1: lost:0: retrans:0
[  221.779108] AAAAA-TCP_RECV: name:enp0s3: saddr:100932208: daddr:16783984: srtt_us:1212976: RTT:151622: ssthresh:2147483647: cwnd:10: delivered:1: lost:0: retrans:0
[  221.779126] AAAAA-TCP_SEND: name:enp0s3: saddr:16783984: daddr:100932208: srtt_us:1212976: RTT:151622: ssthresh:2147483647: cwnd:10: delivered:1: lost:0: retrans:0
[  221.818321] AAAAA-TCP_RECV: name:enp0s3: saddr:100932208: daddr:16783984: srtt_us:1212976: RTT:151622: ssthresh:2147483647: cwnd:10: delivered:1: lost:0: retrans:0
[  221.818338] AAAAA-TCP_SEND: name:enp0s3: saddr:16783984: daddr:100932208: srtt_us:1212976: RTT:151622: ssthresh:2147483647: cwnd:10: delivered:1: lost:0: retrans:0
[  221.895729] AAAAA-TCP_RECV: name:enp0s3: saddr:100932208: daddr:16783984: srtt_us:1212976: RTT:151622: ssthresh:2147483647: cwnd:10: delivered:1: lost:0: retrans:0
[  221.895747] AAAAA-TCP_SEND: name:enp0s3: saddr:16783984: daddr:100932208: srtt_us:1212976: RTT:151622: ssthresh:2147483647: cwnd:10: delivered:1: lost:0: retrans:0
[  222.029952] AAAAA-TCP_RECV: name:enp0s3: saddr:100932208: daddr:16783984: srtt_us:1212976: RTT:151622: ssthresh:2147483647: cwnd:10: delivered:1: lost:0: retrans:0
[  222.029973] AAAAA-TCP_SEND: name:enp0s3: saddr:16783984: daddr:100932208: srtt_us:1212976: RTT:151622: ssthresh:2147483647: cwnd:10: delivered:1: lost:0: retrans:0
[  222.103074] AAAAA-TCP_RECV: name:enp0s3: saddr:100932208: daddr:16783984: srtt_us:1212976: RTT:151622: ssthresh:2147483647: cwnd:10: delivered:1: lost:0: retrans:0
[  222.103094] AAAAA-TCP_SEND: name:enp0s3: saddr:16783984: daddr:100932208: srtt_us:1212976: RTT:151622: ssthresh:2147483647: cwnd:10: delivered:1: lost:0: retrans:0
[  222.189550] AAAAA-TCP_RECV: name:enp0s3: saddr:100932208: daddr:16783984: srtt_us:1212976: RTT:151622: ssthresh:2147483647: cwnd:10: delivered:1: lost:0: retrans:0
[  222.189582] AAAAA-TCP_SEND: name:enp0s3: saddr:16783984: daddr:100932208: srtt_us:1212976: RTT:151622: ssthresh:2147483647: cwnd:10: delivered:1: lost:0: retrans:0
[  222.264692] AAAAA-TCP_RECV: name:enp0s3: saddr:100932208: daddr:16783984: srtt_us:1212976: RTT:151622: ssthresh:2147483647: cwnd:10: delivered:1: lost:0: retrans:0
[  222.264732] AAAAA-TCP_SEND: name:enp0s3: saddr:16783984: daddr:100932208: srtt_us:1212976: RTT:151622: ssthresh:2147483647: cwnd:10: delivered:1: lost:0: retrans:0
[  222.337833] AAAAA-TCP_RECV: name:enp0s3: saddr:100932208: daddr:16783984: srtt_us:1212976: RTT:151622: ssthresh:2147483647: cwnd:10: delivered:1: lost:0: retrans:0
[  222.337858] AAAAA-TCP_SEND: name:enp0s3: saddr:16783984: daddr:100932208: srtt_us:1212976: RTT:151622: ssthresh:2147483647: cwnd:10: delivered:1: lost:0: retrans:0
[  222.396741] AAAAA-TCP_RECV: name:enp0s3: saddr:100932208: daddr:16783984: srtt_us:1212976: RTT:151622: ssthresh:2147483647: cwnd:10: delivered:1: lost:0: retrans:0
[  222.396760] AAAAA-TCP_SEND: name:enp0s3: saddr:16783984: daddr:100932208: srtt_us:1212976: RTT:151622: ssthresh:2147483647: cwnd:10: delivered:1: lost:0: retrans:0
[  222.479425] AAAAA-TCP_RECV: name:enp0s3: saddr:100932208: daddr:16783984: srtt_us:1212976: RTT:151622: ssthresh:2147483647: cwnd:10: delivered:1: lost:0: retrans:0
[  222.479451] AAAAA-TCP_SEND: name:enp0s3: saddr:16783984: daddr:100932208: srtt_us:1212976: RTT:151622: ssthresh:2147483647: cwnd:10: delivered:1: lost:0: retrans:0
[  222.555583] AAAAA-TCP_RECV: name:enp0s3: saddr:100932208: daddr:16783984: srtt_us:1212976: RTT:151622: ssthresh:2147483647: cwnd:10: delivered:1: lost:0: retrans:0
[  222.555604] AAAAA-TCP_SEND: name:enp0s3: saddr:16783984: daddr:100932208: srtt_us:1212976: RTT:151622: ssthresh:2147483647: cwnd:10: delivered:1: lost:0: retrans:0
[  222.630653] AAAAA-TCP_RECV: name:enp0s3: saddr:100932208: daddr:16783984: srtt_us:1212976: RTT:151622: ssthresh:2147483647: cwnd:10: delivered:1: lost:0: retrans:0
[  222.630673] AAAAA-TCP_SEND: name:enp0s3: saddr:16783984: daddr:100932208: srtt_us:1212976: RTT:151622: ssthresh:2147483647: cwnd:10: delivered:1: lost:0: retrans:0
[  222.710517] AAAAA-TCP_RECV: name:enp0s3: saddr:100932208: daddr:16783984: srtt_us:1212976: RTT:151622: ssthresh:2147483647: cwnd:10: delivered:1: lost:0: retrans:0
[  222.710536] AAAAA-TCP_SEND: name:enp0s3: saddr:16783984: daddr:100932208: srtt_us:1212976: RTT:151622: ssthresh:2147483647: cwnd:10: delivered:1: lost:0: retrans:0
[  240.444974] AAAAA-TCP_RECV: name:enp0s3: saddr:100932208: daddr:16783984: srtt_us:1212976: RTT:151622: ssthresh:2147483647: cwnd:10: delivered:1: lost:0: retrans:0
[  240.445013] AAAAA-TCP_SEND: name:enp0s3: saddr:16783984: daddr:100932208: srtt_us:1212976: RTT:151622: ssthresh:2147483647: cwnd:10: delivered:1: lost:0: retrans:0
[  240.663211] AAAAA-TCP_RECV: name:enp0s3: saddr:100932208: daddr:16783984: srtt_us:1212976: RTT:151622: ssthresh:2147483647: cwnd:10: delivered:1: lost:0: retrans:0
[  240.663247] AAAAA-TCP_SEND: name:enp0s3: saddr:16783984: daddr:100932208: srtt_us:1212976: RTT:151622: ssthresh:2147483647: cwnd:10: delivered:1: lost:0: retrans:0
[  240.798463] AAAAA-TCP_RECV: name:enp0s3: saddr:100932208: daddr:16783984: srtt_us:1212976: RTT:151622: ssthresh:2147483647: cwnd:10: delivered:1: lost:0: retrans:0
[  240.798489] AAAAA-TCP_SEND: name:enp0s3: saddr:16783984: daddr:100932208: srtt_us:1212976: RTT:151622: ssthresh:2147483647: cwnd:10: delivered:1: lost:0: retrans:0
[  241.113867] AAAAA-TCP_RECV: name:enp0s3: saddr:100932208: daddr:16783984: srtt_us:1212976: RTT:151622: ssthresh:2147483647: cwnd:10: delivered:1: lost:0: retrans:0
[  241.113900] AAAAA-TCP_SEND: name:enp0s3: saddr:16783984: daddr:100932208: srtt_us:1212976: RTT:151622: ssthresh:2147483647: cwnd:10: delivered:1: lost:0: retrans:0
[  241.167680] AAAAA-TCP_RECV: name:enp0s3: saddr:100932208: daddr:16783984: srtt_us:1212976: RTT:151622: ssthresh:2147483647: cwnd:10: delivered:1: lost:0: retrans:0
[  241.167715] AAAAA-TCP_SEND: name:enp0s3: saddr:16783984: daddr:100932208: srtt_us:1212976: RTT:151622: ssthresh:2147483647: cwnd:10: delivered:1: lost:0: retrans:0
[  241.418666] AAAAA-TCP_RECV: name:enp0s3: saddr:100932208: daddr:16783984: srtt_us:1212976: RTT:151622: ssthresh:2147483647: cwnd:10: delivered:1: lost:0: retrans:0
[  241.418703] AAAAA-TCP_SEND: name:enp0s3: saddr:16783984: daddr:100932208: srtt_us:1212976: RTT:151622: ssthresh:2147483647: cwnd:10: delivered:1: lost:0: retrans:0
[  241.882048] AAAAA-TCP_RECV: name:enp0s3: saddr:100932208: daddr:16783984: srtt_us:1212976: RTT:151622: ssthresh:2147483647: cwnd:10: delivered:1: lost:0: retrans:0
[  241.882081] AAAAA-TCP_SEND: name:enp0s3: saddr:16783984: daddr:100932208: srtt_us:1212976: RTT:151622: ssthresh:2147483647: cwnd:10: delivered:1: lost:0: retrans:0
[  241.959787] AAAAA-TCP_RECV: name:enp0s3: saddr:100932208: daddr:16783984: srtt_us:1212976: RTT:151622: ssthresh:2147483647: cwnd:10: delivered:1: lost:0: retrans:0
[  241.959815] AAAAA-TCP_SEND: name:enp0s3: saddr:16783984: daddr:100932208: srtt_us:1212976: RTT:151622: ssthresh:2147483647: cwnd:10: delivered:1: lost:0: retrans:0
[  242.247642] AAAAA-TCP_RECV: name:enp0s3: saddr:100932208: daddr:16783984: srtt_us:1212976: RTT:151622: ssthresh:2147483647: cwnd:10: delivered:1: lost:0: retrans:0
[  242.247675] AAAAA-TCP_SEND: name:enp0s3: saddr:16783984: daddr:100932208: srtt_us:1212976: RTT:151622: ssthresh:2147483647: cwnd:10: delivered:1: lost:0: retrans:0
[  242.681542] AAAAA-TCP_RECV: name:enp0s3: saddr:100932208: daddr:16783984: srtt_us:1212976: RTT:151622: ssthresh:2147483647: cwnd:10: delivered:1: lost:0: retrans:0
[  242.681604] AAAAA-TCP_SEND: name:enp0s3: saddr:16783984: daddr:100932208: srtt_us:1212976: RTT:151622: ssthresh:2147483647: cwnd:10: delivered:1: lost:0: retrans:0
[  243.915008] AAAAA-TCP_RECV: name:enp0s3: saddr:100932208: daddr:16783984: srtt_us:1212976: RTT:151622: ssthresh:2147483647: cwnd:10: delivered:1: lost:0: retrans:0
[  243.915076] AAAAA-TCP_SEND: name:enp0s3: saddr:16783984: daddr:100932208: srtt_us:1212976: RTT:151622: ssthresh:2147483647: cwnd:10: delivered:1: lost:0: retrans:0
[  244.209144] AAAAA-TCP_RECV: name:enp0s3: saddr:100932208: daddr:16783984: srtt_us:1212976: RTT:151622: ssthresh:2147483647: cwnd:10: delivered:1: lost:0: retrans:0
[  244.209181] AAAAA-TCP_SEND: name:enp0s3: saddr:16783984: daddr:100932208: srtt_us:1212976: RTT:151622: ssthresh:2147483647: cwnd:10: delivered:1: lost:0: retrans:0
[  244.698776] AAAAA-TCP_RECV: name:enp0s3: saddr:100932208: daddr:16783984: srtt_us:1212976: RTT:151622: ssthresh:2147483647: cwnd:10: delivered:1: lost:0: retrans:0
[  244.698842] AAAAA-TCP_SEND: name:enp0s3: saddr:16783984: daddr:100932208: srtt_us:1212976: RTT:151622: ssthresh:2147483647: cwnd:10: delivered:1: lost:0: retrans:0
[  244.775612] AAAAA-TCP_RECV: name:enp0s3: saddr:100932208: daddr:16783984: srtt_us:1212976: RTT:151622: ssthresh:2147483647: cwnd:10: delivered:1: lost:0: retrans:0
[  244.775672] AAAAA-TCP_SEND: name:enp0s3: saddr:16783984: daddr:100932208: srtt_us:1212976: RTT:151622: ssthresh:2147483647: cwnd:10: delivered:1: lost:0: retrans:0
[  244.897352] AAAAA-TCP_RECV: name:enp0s3: saddr:100932208: daddr:16783984: srtt_us:1212976: RTT:151622: ssthresh:2147483647: cwnd:10: delivered:1: lost:0: retrans:0
[  244.897400] AAAAA-TCP_SEND: name:enp0s3: saddr:16783984: daddr:100932208: srtt_us:1212976: RTT:151622: ssthresh:2147483647: cwnd:10: delivered:1: lost:0: retrans:0
[  245.018246] AAAAA-TCP_RECV: name:enp0s3: saddr:100932208: daddr:16783984: srtt_us:1212976: RTT:151622: ssthresh:2147483647: cwnd:10: delivered:1: lost:0: retrans:0
[  245.018307] AAAAA-TCP_SEND: name:enp0s3: saddr:16783984: daddr:100932208: srtt_us:1212976: RTT:151622: ssthresh:2147483647: cwnd:10: delivered:1: lost:0: retrans:0
[  245.115238] AAAAA-TCP_RECV: name:enp0s3: saddr:100932208: daddr:16783984: srtt_us:1212976: RTT:151622: ssthresh:2147483647: cwnd:10: delivered:1: lost:0: retrans:0
[  245.115275] AAAAA-TCP_SEND: name:enp0s3: saddr:16783984: daddr:100932208: srtt_us:1212976: RTT:151622: ssthresh:2147483647: cwnd:10: delivered:1: lost:0: retrans:0
[  245.166327] AAAAA-TCP_RECV: name:enp0s3: saddr:100932208: daddr:16783984: srtt_us:1212976: RTT:151622: ssthresh:2147483647: cwnd:10: delivered:1: lost:0: retrans:0
[  245.166355] AAAAA-TCP_SEND: name:enp0s3: saddr:16783984: daddr:100932208: srtt_us:1212976: RTT:151622: ssthresh:2147483647: cwnd:10: delivered:1: lost:0: retrans:0
[  245.311824] AAAAA-TCP_RECV: name:enp0s3: saddr:100932208: daddr:16783984: srtt_us:1212976: RTT:151622: ssthresh:2147483647: cwnd:10: delivered:1: lost:0: retrans:0
[  245.311889] AAAAA-TCP_SEND: name:enp0s3: saddr:16783984: daddr:100932208: srtt_us:1212976: RTT:151622: ssthresh:2147483647: cwnd:10: delivered:1: lost:0: retrans:0
[  245.357447] AAAAA-TCP_RECV: name:enp0s3: saddr:100932208: daddr:16783984: srtt_us:1212976: RTT:151622: ssthresh:2147483647: cwnd:10: delivered:1: lost:0: retrans:0
[  245.357504] AAAAA-TCP_SEND: name:enp0s3: saddr:16783984: daddr:100932208: srtt_us:1212976: RTT:151622: ssthresh:2147483647: cwnd:10: delivered:1: lost:0: retrans:0
[  245.428052] AAAAA-TCP_RECV: name:enp0s3: saddr:100932208: daddr:16783984: srtt_us:1212976: RTT:151622: ssthresh:2147483647: cwnd:10: delivered:1: lost:0: retrans:0
[  245.428105] AAAAA-TCP_SEND: name:enp0s3: saddr:16783984: daddr:100932208: srtt_us:1212976: RTT:151622: ssthresh:2147483647: cwnd:10: delivered:1: lost:0: retrans:0
[  245.511878] AAAAA-TCP_RECV: name:enp0s3: saddr:100932208: daddr:16783984: srtt_us:1212976: RTT:151622: ssthresh:2147483647: cwnd:10: delivered:1: lost:0: retrans:0
[  245.511939] AAAAA-TCP_SEND: name:enp0s3: saddr:16783984: daddr:100932208: srtt_us:1212976: RTT:151622: ssthresh:2147483647: cwnd:10: delivered:1: lost:0: retrans:0
[  245.586907] AAAAA-TCP_RECV: name:enp0s3: saddr:100932208: daddr:16783984: srtt_us:1212976: RTT:151622: ssthresh:2147483647: cwnd:10: delivered:1: lost:0: retrans:0
[  245.586936] AAAAA-TCP_SEND: name:enp0s3: saddr:16783984: daddr:100932208: srtt_us:1212976: RTT:151622: ssthresh:2147483647: cwnd:10: delivered:1: lost:0: retrans:0
[  245.766992] AAAAA-TCP_RECV: name:enp0s3: saddr:100932208: daddr:16783984: srtt_us:1212976: RTT:151622: ssthresh:2147483647: cwnd:10: delivered:1: lost:0: retrans:0
[  245.767023] AAAAA-TCP_SEND: name:enp0s3: saddr:16783984: daddr:100932208: srtt_us:1212976: RTT:151622: ssthresh:2147483647: cwnd:10: delivered:1: lost:0: retrans:0
[  245.903694] AAAAA-TCP_RECV: name:enp0s3: saddr:100932208: daddr:16783984: srtt_us:1212976: RTT:151622: ssthresh:2147483647: cwnd:10: delivered:1: lost:0: retrans:0
[  245.903730] AAAAA-TCP_SEND: name:enp0s3: saddr:16783984: daddr:100932208: srtt_us:1212976: RTT:151622: ssthresh:2147483647: cwnd:10: delivered:1: lost:0: retrans:0
[  245.995746] AAAAA-TCP_RECV: name:enp0s3: saddr:100932208: daddr:16783984: srtt_us:1212976: RTT:151622: ssthresh:2147483647: cwnd:10: delivered:1: lost:0: retrans:0
[  245.995780] AAAAA-TCP_SEND: name:enp0s3: saddr:16783984: daddr:100932208: srtt_us:1212976: RTT:151622: ssthresh:2147483647: cwnd:10: delivered:1: lost:0: retrans:0
[  246.030930] AAAAA-TCP_RECV: name:enp0s3: saddr:100932208: daddr:16783984: srtt_us:1212976: RTT:151622: ssthresh:2147483647: cwnd:10: delivered:1: lost:0: retrans:0
[  246.030960] AAAAA-TCP_SEND: name:enp0s3: saddr:16783984: daddr:100932208: srtt_us:1212976: RTT:151622: ssthresh:2147483647: cwnd:10: delivered:1: lost:0: retrans:0
[  246.135656] AAAAA-TCP_RECV: name:enp0s3: saddr:100932208: daddr:16783984: srtt_us:1212976: RTT:151622: ssthresh:2147483647: cwnd:10: delivered:1: lost:0: retrans:0
[  246.135686] AAAAA-TCP_SEND: name:enp0s3: saddr:16783984: daddr:100932208: srtt_us:1212976: RTT:151622: ssthresh:2147483647: cwnd:10: delivered:1: lost:0: retrans:0
[  246.197959] AAAAA-TCP_RECV: name:enp0s3: saddr:100932208: daddr:16783984: srtt_us:1212976: RTT:151622: ssthresh:2147483647: cwnd:10: delivered:1: lost:0: retrans:0
[  246.197986] AAAAA-TCP_SEND: name:enp0s3: saddr:16783984: daddr:100932208: srtt_us:1212976: RTT:151622: ssthresh:2147483647: cwnd:10: delivered:1: lost:0: retrans:0
[  246.261292] AAAAA-TCP_RECV: name:enp0s3: saddr:100932208: daddr:16783984: srtt_us:1212976: RTT:151622: ssthresh:2147483647: cwnd:10: delivered:1: lost:0: retrans:0
[  246.261324] AAAAA-TCP_SEND: name:enp0s3: saddr:16783984: daddr:100932208: srtt_us:1212976: RTT:151622: ssthresh:2147483647: cwnd:10: delivered:1: lost:0: retrans:0
[  246.406703] AAAAA-TCP_RECV: name:enp0s3: saddr:100932208: daddr:16783984: srtt_us:1212976: RTT:151622: ssthresh:2147483647: cwnd:10: delivered:1: lost:0: retrans:0
[  246.406733] AAAAA-TCP_SEND: name:enp0s3: saddr:16783984: daddr:100932208: srtt_us:1212976: RTT:151622: ssthresh:2147483647: cwnd:10: delivered:1: lost:0: retrans:0
[  246.454884] AAAAA-TCP_RECV: name:enp0s3: saddr:100932208: daddr:16783984: srtt_us:1212976: RTT:151622: ssthresh:2147483647: cwnd:10: delivered:1: lost:0: retrans:0
[  246.454913] AAAAA-TCP_SEND: name:enp0s3: saddr:16783984: daddr:100932208: srtt_us:1212976: RTT:151622: ssthresh:2147483647: cwnd:10: delivered:1: lost:0: retrans:0
[  246.530940] AAAAA-TCP_RECV: name:enp0s3: saddr:100932208: daddr:16783984: srtt_us:1212976: RTT:151622: ssthresh:2147483647: cwnd:10: delivered:1: lost:0: retrans:0
[  246.530966] AAAAA-TCP_SEND: name:enp0s3: saddr:16783984: daddr:100932208: srtt_us:1212976: RTT:151622: ssthresh:2147483647: cwnd:10: delivered:1: lost:0: retrans:0
[  246.639906] AAAAA-TCP_RECV: name:enp0s3: saddr:100932208: daddr:16783984: srtt_us:1212976: RTT:151622: ssthresh:2147483647: cwnd:10: delivered:1: lost:0: retrans:0
[  246.639932] AAAAA-TCP_SEND: name:enp0s3: saddr:16783984: daddr:100932208: srtt_us:1212976: RTT:151622: ssthresh:2147483647: cwnd:10: delivered:1: lost:0: retrans:0
[  246.851280] AAAAA-TCP_RECV: name:enp0s3: saddr:100932208: daddr:16783984: srtt_us:1212976: RTT:151622: ssthresh:2147483647: cwnd:10: delivered:1: lost:0: retrans:0
[  246.851316] AAAAA-TCP_SEND: name:enp0s3: saddr:16783984: daddr:100932208: srtt_us:1212976: RTT:151622: ssthresh:2147483647: cwnd:10: delivered:1: lost:0: retrans:0
[  247.009951] AAAAA-TCP_RECV: name:enp0s3: saddr:100932208: daddr:16783984: srtt_us:1212976: RTT:151622: ssthresh:2147483647: cwnd:10: delivered:1: lost:0: retrans:0
[  247.009988] AAAAA-TCP_SEND: name:enp0s3: saddr:16783984: daddr:100932208: srtt_us:1212976: RTT:151622: ssthresh:2147483647: cwnd:10: delivered:1: lost:0: retrans:0
[  247.060877] AAAAA-TCP_RECV: name:enp0s3: saddr:100932208: daddr:16783984: srtt_us:1212976: RTT:151622: ssthresh:2147483647: cwnd:10: delivered:1: lost:0: retrans:0
[  247.060905] AAAAA-TCP_SEND: name:enp0s3: saddr:16783984: daddr:100932208: srtt_us:1212976: RTT:151622: ssthresh:2147483647: cwnd:10: delivered:1: lost:0: retrans:0
[  247.171052] AAAAA-TCP_RECV: name:enp0s3: saddr:100932208: daddr:16783984: srtt_us:1212976: RTT:151622: ssthresh:2147483647: cwnd:10: delivered:1: lost:0: retrans:0
[  247.171084] AAAAA-TCP_SEND: name:enp0s3: saddr:16783984: daddr:100932208: srtt_us:1212976: RTT:151622: ssthresh:2147483647: cwnd:10: delivered:1: lost:0: retrans:0
[  247.247264] AAAAA-TCP_RECV: name:enp0s3: saddr:100932208: daddr:16783984: srtt_us:1212976: RTT:151622: ssthresh:2147483647: cwnd:10: delivered:1: lost:0: retrans:0
[  247.247318] AAAAA-TCP_SEND: name:enp0s3: saddr:16783984: daddr:100932208: srtt_us:1212976: RTT:151622: ssthresh:2147483647: cwnd:10: delivered:1: lost:0: retrans:0
[  247.304534] AAAAA-TCP_RECV: name:enp0s3: saddr:100932208: daddr:16783984: srtt_us:1212976: RTT:151622: ssthresh:2147483647: cwnd:10: delivered:1: lost:0: retrans:0
[  247.304562] AAAAA-TCP_SEND: name:enp0s3: saddr:16783984: daddr:100932208: srtt_us:1212976: RTT:151622: ssthresh:2147483647: cwnd:10: delivered:1: lost:0: retrans:0
[  247.664203] AAAAA-TCP_RECV: name:enp0s3: saddr:100932208: daddr:16783984: srtt_us:1212976: RTT:151622: ssthresh:2147483647: cwnd:10: delivered:1: lost:0: retrans:0
[  247.664238] AAAAA-TCP_SEND: name:enp0s3: saddr:16783984: daddr:100932208: srtt_us:1212976: RTT:151622: ssthresh:2147483647: cwnd:10: delivered:1: lost:0: retrans:0
[  247.717612] AAAAA-TCP_RECV: name:enp0s3: saddr:100932208: daddr:16783984: srtt_us:1212976: RTT:151622: ssthresh:2147483647: cwnd:10: delivered:1: lost:0: retrans:0
[  247.717636] AAAAA-TCP_SEND: name:enp0s3: saddr:16783984: daddr:100932208: srtt_us:1212976: RTT:151622: ssthresh:2147483647: cwnd:10: delivered:1: lost:0: retrans:0
[  247.883379] AAAAA-TCP_RECV: name:enp0s3: saddr:100932208: daddr:16783984: srtt_us:1212976: RTT:151622: ssthresh:2147483647: cwnd:10: delivered:1: lost:0: retrans:0
[  247.883412] AAAAA-TCP_SEND: name:enp0s3: saddr:16783984: daddr:100932208: srtt_us:1212976: RTT:151622: ssthresh:2147483647: cwnd:10: delivered:1: lost:0: retrans:0
[  247.959842] AAAAA-TCP_RECV: name:enp0s3: saddr:100932208: daddr:16783984: srtt_us:1212976: RTT:151622: ssthresh:2147483647: cwnd:10: delivered:1: lost:0: retrans:0
[  247.959872] AAAAA-TCP_SEND: name:enp0s3: saddr:16783984: daddr:100932208: srtt_us:1212976: RTT:151622: ssthresh:2147483647: cwnd:10: delivered:1: lost:0: retrans:0
[  247.995933] AAAAA-TCP_RECV: name:enp0s3: saddr:100932208: daddr:16783984: srtt_us:1212976: RTT:151622: ssthresh:2147483647: cwnd:10: delivered:1: lost:0: retrans:0
[  247.995976] AAAAA-TCP_SEND: name:enp0s3: saddr:16783984: daddr:100932208: srtt_us:1212976: RTT:151622: ssthresh:2147483647: cwnd:10: delivered:1: lost:0: retrans:0
[  248.031115] AAAAA-TCP_RECV: name:enp0s3: saddr:100932208: daddr:16783984: srtt_us:1212976: RTT:151622: ssthresh:2147483647: cwnd:10: delivered:1: lost:0: retrans:0
[  248.031185] AAAAA-TCP_SEND: name:enp0s3: saddr:16783984: daddr:100932208: srtt_us:1212976: RTT:151622: ssthresh:2147483647: cwnd:10: delivered:1: lost:0: retrans:0
[  248.126160] AAAAA-TCP_RECV: name:enp0s3: saddr:100932208: daddr:16783984: srtt_us:1212976: RTT:151622: ssthresh:2147483647: cwnd:10: delivered:1: lost:0: retrans:0
[  248.126189] AAAAA-TCP_SEND: name:enp0s3: saddr:16783984: daddr:100932208: srtt_us:1212976: RTT:151622: ssthresh:2147483647: cwnd:10: delivered:1: lost:0: retrans:0
[  248.183540] AAAAA-TCP_RECV: name:enp0s3: saddr:100932208: daddr:16783984: srtt_us:1212976: RTT:151622: ssthresh:2147483647: cwnd:10: delivered:1: lost:0: retrans:0
[  248.183564] AAAAA-TCP_SEND: name:enp0s3: saddr:16783984: daddr:100932208: srtt_us:1212976: RTT:151622: ssthresh:2147483647: cwnd:10: delivered:1: lost:0: retrans:0
[  248.312946] AAAAA-TCP_RECV: name:enp0s3: saddr:100932208: daddr:16783984: srtt_us:1212976: RTT:151622: ssthresh:2147483647: cwnd:10: delivered:1: lost:0: retrans:0
[  248.312974] AAAAA-TCP_SEND: name:enp0s3: saddr:16783984: daddr:100932208: srtt_us:1212976: RTT:151622: ssthresh:2147483647: cwnd:10: delivered:1: lost:0: retrans:0
[  248.554334] AAAAA-TCP_RECV: name:enp0s3: saddr:100932208: daddr:16783984: srtt_us:1212976: RTT:151622: ssthresh:2147483647: cwnd:10: delivered:1: lost:0: retrans:0
[  248.554362] AAAAA-TCP_SEND: name:enp0s3: saddr:16783984: daddr:100932208: srtt_us:1212976: RTT:151622: ssthresh:2147483647: cwnd:10: delivered:1: lost:0: retrans:0
[  248.600556] AAAAA-TCP_RECV: name:enp0s3: saddr:100932208: daddr:16783984: srtt_us:1212976: RTT:151622: ssthresh:2147483647: cwnd:10: delivered:1: lost:0: retrans:0
[  248.600578] AAAAA-TCP_SEND: name:enp0s3: saddr:16783984: daddr:100932208: srtt_us:1212976: RTT:151622: ssthresh:2147483647: cwnd:10: delivered:1: lost:0: retrans:0
[  248.672263] AAAAA-TCP_RECV: name:enp0s3: saddr:100932208: daddr:16783984: srtt_us:1212976: RTT:151622: ssthresh:2147483647: cwnd:10: delivered:1: lost:0: retrans:0
[  248.672291] AAAAA-TCP_SEND: name:enp0s3: saddr:16783984: daddr:100932208: srtt_us:1212976: RTT:151622: ssthresh:2147483647: cwnd:10: delivered:1: lost:0: retrans:0
[  248.804368] AAAAA-TCP_RECV: name:enp0s3: saddr:100932208: daddr:16783984: srtt_us:1212976: RTT:151622: ssthresh:2147483647: cwnd:10: delivered:1: lost:0: retrans:0
[  248.804417] AAAAA-TCP_SEND: name:enp0s3: saddr:16783984: daddr:100932208: srtt_us:1212976: RTT:151622: ssthresh:2147483647: cwnd:10: delivered:1: lost:0: retrans:0
[  248.995993] AAAAA-TCP_RECV: name:enp0s3: saddr:100932208: daddr:16783984: srtt_us:1212976: RTT:151622: ssthresh:2147483647: cwnd:10: delivered:1: lost:0: retrans:0
[  248.996029] AAAAA-TCP_SEND: name:enp0s3: saddr:16783984: daddr:100932208: srtt_us:1212976: RTT:151622: ssthresh:2147483647: cwnd:10: delivered:1: lost:0: retrans:0
[  249.031773] AAAAA-TCP_RECV: name:enp0s3: saddr:100932208: daddr:16783984: srtt_us:1212976: RTT:151622: ssthresh:2147483647: cwnd:10: delivered:1: lost:0: retrans:0
[  249.031805] AAAAA-TCP_SEND: name:enp0s3: saddr:16783984: daddr:100932208: srtt_us:1212976: RTT:151622: ssthresh:2147483647: cwnd:10: delivered:1: lost:0: retrans:0
[  249.085923] AAAAA-TCP_RECV: name:enp0s3: saddr:100932208: daddr:16783984: srtt_us:1212976: RTT:151622: ssthresh:2147483647: cwnd:10: delivered:1: lost:0: retrans:0
[  249.085948] AAAAA-TCP_SEND: name:enp0s3: saddr:16783984: daddr:100932208: srtt_us:1212976: RTT:151622: ssthresh:2147483647: cwnd:10: delivered:1: lost:0: retrans:0
[  249.127368] AAAAA-TCP_RECV: name:enp0s3: saddr:100932208: daddr:16783984: srtt_us:1212976: RTT:151622: ssthresh:2147483647: cwnd:10: delivered:1: lost:0: retrans:0
[  249.127393] AAAAA-TCP_SEND: name:enp0s3: saddr:16783984: daddr:100932208: srtt_us:1212976: RTT:151622: ssthresh:2147483647: cwnd:10: delivered:1: lost:0: retrans:0
[  249.261339] AAAAA-TCP_RECV: name:enp0s3: saddr:100932208: daddr:16783984: srtt_us:1212976: RTT:151622: ssthresh:2147483647: cwnd:10: delivered:1: lost:0: retrans:0
[  249.261394] AAAAA-TCP_SEND: name:enp0s3: saddr:16783984: daddr:100932208: srtt_us:1212976: RTT:151622: ssthresh:2147483647: cwnd:10: delivered:1: lost:0: retrans:0
[  249.375156] AAAAA-TCP_RECV: name:enp0s3: saddr:100932208: daddr:16783984: srtt_us:1212976: RTT:151622: ssthresh:2147483647: cwnd:10: delivered:1: lost:0: retrans:0
[  249.375184] AAAAA-TCP_SEND: name:enp0s3: saddr:16783984: daddr:100932208: srtt_us:1212976: RTT:151622: ssthresh:2147483647: cwnd:10: delivered:1: lost:0: retrans:0
[  249.458888] AAAAA-TCP_RECV: name:enp0s3: saddr:100932208: daddr:16783984: srtt_us:1212976: RTT:151622: ssthresh:2147483647: cwnd:10: delivered:1: lost:0: retrans:0
[  249.458924] AAAAA-TCP_SEND: name:enp0s3: saddr:16783984: daddr:100932208: srtt_us:1212976: RTT:151622: ssthresh:2147483647: cwnd:10: delivered:1: lost:0: retrans:0
[  249.566010] AAAAA-TCP_RECV: name:enp0s3: saddr:100932208: daddr:16783984: srtt_us:1212976: RTT:151622: ssthresh:2147483647: cwnd:10: delivered:1: lost:0: retrans:0
[  249.566039] AAAAA-TCP_SEND: name:enp0s3: saddr:16783984: daddr:100932208: srtt_us:1212976: RTT:151622: ssthresh:2147483647: cwnd:10: delivered:1: lost:0: retrans:0
[  249.721917] AAAAA-TCP_RECV: name:enp0s3: saddr:100932208: daddr:16783984: srtt_us:1212976: RTT:151622: ssthresh:2147483647: cwnd:10: delivered:1: lost:0: retrans:0
[  249.721949] AAAAA-TCP_SEND: name:enp0s3: saddr:16783984: daddr:100932208: srtt_us:1212976: RTT:151622: ssthresh:2147483647: cwnd:10: delivered:1: lost:0: retrans:0
[  249.792346] AAAAA-TCP_RECV: name:enp0s3: saddr:100932208: daddr:16783984: srtt_us:1212976: RTT:151622: ssthresh:2147483647: cwnd:10: delivered:1: lost:0: retrans:0
[  249.792371] AAAAA-TCP_SEND: name:enp0s3: saddr:16783984: daddr:100932208: srtt_us:1212976: RTT:151622: ssthresh:2147483647: cwnd:10: delivered:1: lost:0: retrans:0
[  249.942049] AAAAA-TCP_RECV: name:enp0s3: saddr:100932208: daddr:16783984: srtt_us:1212976: RTT:151622: ssthresh:2147483647: cwnd:10: delivered:1: lost:0: retrans:0
[  249.942115] AAAAA-TCP_SEND: name:enp0s3: saddr:16783984: daddr:100932208: srtt_us:1212976: RTT:151622: ssthresh:2147483647: cwnd:10: delivered:1: lost:0: retrans:0
[  250.012577] AAAAA-TCP_RECV: name:enp0s3: saddr:100932208: daddr:16783984: srtt_us:1212976: RTT:151622: ssthresh:2147483647: cwnd:10: delivered:1: lost:0: retrans:0
[  250.012606] AAAAA-TCP_SEND: name:enp0s3: saddr:16783984: daddr:100932208: srtt_us:1212976: RTT:151622: ssthresh:2147483647: cwnd:10: delivered:1: lost:0: retrans:0
[  250.104745] AAAAA-TCP_RECV: name:enp0s3: saddr:100932208: daddr:16783984: srtt_us:1212976: RTT:151622: ssthresh:2147483647: cwnd:10: delivered:1: lost:0: retrans:0
[  250.104807] AAAAA-TCP_SEND: name:enp0s3: saddr:16783984: daddr:100932208: srtt_us:1212976: RTT:151622: ssthresh:2147483647: cwnd:10: delivered:1: lost:0: retrans:0
[  250.137877] AAAAA-TCP_RECV: name:enp0s3: saddr:100932208: daddr:16783984: srtt_us:1212976: RTT:151622: ssthresh:2147483647: cwnd:10: delivered:1: lost:0: retrans:0
[  250.137904] AAAAA-TCP_SEND: name:enp0s3: saddr:16783984: daddr:100932208: srtt_us:1212976: RTT:151622: ssthresh:2147483647: cwnd:10: delivered:1: lost:0: retrans:0
[  250.251655] AAAAA-TCP_RECV: name:enp0s3: saddr:100932208: daddr:16783984: srtt_us:1212976: RTT:151622: ssthresh:2147483647: cwnd:10: delivered:1: lost:0: retrans:0
[  250.251692] AAAAA-TCP_SEND: name:enp0s3: saddr:16783984: daddr:100932208: srtt_us:1212976: RTT:151622: ssthresh:2147483647: cwnd:10: delivered:1: lost:0: retrans:0
[  250.304019] AAAAA-TCP_RECV: name:enp0s3: saddr:100932208: daddr:16783984: srtt_us:1212976: RTT:151622: ssthresh:2147483647: cwnd:10: delivered:1: lost:0: retrans:0
[  250.304043] AAAAA-TCP_SEND: name:enp0s3: saddr:16783984: daddr:100932208: srtt_us:1212976: RTT:151622: ssthresh:2147483647: cwnd:10: delivered:1: lost:0: retrans:0
[  250.362227] AAAAA-TCP_RECV: name:enp0s3: saddr:100932208: daddr:16783984: srtt_us:1212976: RTT:151622: ssthresh:2147483647: cwnd:10: delivered:1: lost:0: retrans:0
[  250.362249] AAAAA-TCP_SEND: name:enp0s3: saddr:16783984: daddr:100932208: srtt_us:1212976: RTT:151622: ssthresh:2147483647: cwnd:10: delivered:1: lost:0: retrans:0
[  250.436434] AAAAA-TCP_RECV: name:enp0s3: saddr:100932208: daddr:16783984: srtt_us:1212976: RTT:151622: ssthresh:2147483647: cwnd:10: delivered:1: lost:0: retrans:0
[  250.436498] AAAAA-TCP_SEND: name:enp0s3: saddr:16783984: daddr:100932208: srtt_us:1212976: RTT:151622: ssthresh:2147483647: cwnd:10: delivered:1: lost:0: retrans:0
[  250.556461] AAAAA-TCP_RECV: name:enp0s3: saddr:100932208: daddr:16783984: srtt_us:1212976: RTT:151622: ssthresh:2147483647: cwnd:10: delivered:1: lost:0: retrans:0
[  250.556520] AAAAA-TCP_SEND: name:enp0s3: saddr:16783984: daddr:100932208: srtt_us:1212976: RTT:151622: ssthresh:2147483647: cwnd:10: delivered:1: lost:0: retrans:0
[  250.662376] AAAAA-TCP_RECV: name:enp0s3: saddr:100932208: daddr:16783984: srtt_us:1212976: RTT:151622: ssthresh:2147483647: cwnd:10: delivered:1: lost:0: retrans:0
[  250.662404] AAAAA-TCP_SEND: name:enp0s3: saddr:16783984: daddr:100932208: srtt_us:1212976: RTT:151622: ssthresh:2147483647: cwnd:10: delivered:1: lost:0: retrans:0
[  250.748291] AAAAA-TCP_RECV: name:enp0s3: saddr:100932208: daddr:16783984: srtt_us:1212976: RTT:151622: ssthresh:2147483647: cwnd:10: delivered:1: lost:0: retrans:0
[  250.748318] AAAAA-TCP_SEND: name:enp0s3: saddr:16783984: daddr:100932208: srtt_us:1212976: RTT:151622: ssthresh:2147483647: cwnd:10: delivered:1: lost:0: retrans:0
[  250.939275] AAAAA-TCP_RECV: name:enp0s3: saddr:100932208: daddr:16783984: srtt_us:1212976: RTT:151622: ssthresh:2147483647: cwnd:10: delivered:1: lost:0: retrans:0
[  250.939308] AAAAA-TCP_SEND: name:enp0s3: saddr:16783984: daddr:100932208: srtt_us:1212976: RTT:151622: ssthresh:2147483647: cwnd:10: delivered:1: lost:0: retrans:0
[  251.058047] AAAAA-TCP_RECV: name:enp0s3: saddr:100932208: daddr:16783984: srtt_us:1212976: RTT:151622: ssthresh:2147483647: cwnd:10: delivered:1: lost:0: retrans:0
[  251.058074] AAAAA-TCP_SEND: name:enp0s3: saddr:16783984: daddr:100932208: srtt_us:1212976: RTT:151622: ssthresh:2147483647: cwnd:10: delivered:1: lost:0: retrans:0
[  251.140378] AAAAA-TCP_RECV: name:enp0s3: saddr:100932208: daddr:16783984: srtt_us:1212976: RTT:151622: ssthresh:2147483647: cwnd:10: delivered:1: lost:0: retrans:0
[  251.140402] AAAAA-TCP_SEND: name:enp0s3: saddr:16783984: daddr:100932208: srtt_us:1212976: RTT:151622: ssthresh:2147483647: cwnd:10: delivered:1: lost:0: retrans:0
[  251.250939] AAAAA-TCP_RECV: name:enp0s3: saddr:100932208: daddr:16783984: srtt_us:1212976: RTT:151622: ssthresh:2147483647: cwnd:10: delivered:1: lost:0: retrans:0
[  251.250968] AAAAA-TCP_SEND: name:enp0s3: saddr:16783984: daddr:100932208: srtt_us:1212976: RTT:151622: ssthresh:2147483647: cwnd:10: delivered:1: lost:0: retrans:0
[  251.339398] AAAAA-TCP_RECV: name:enp0s3: saddr:100932208: daddr:16783984: srtt_us:1212976: RTT:151622: ssthresh:2147483647: cwnd:10: delivered:1: lost:0: retrans:0
[  251.339429] AAAAA-TCP_SEND: name:enp0s3: saddr:16783984: daddr:100932208: srtt_us:1212976: RTT:151622: ssthresh:2147483647: cwnd:10: delivered:1: lost:0: retrans:0
[  251.424719] AAAAA-TCP_RECV: name:enp0s3: saddr:100932208: daddr:16783984: srtt_us:1212976: RTT:151622: ssthresh:2147483647: cwnd:10: delivered:1: lost:0: retrans:0
[  251.424744] AAAAA-TCP_SEND: name:enp0s3: saddr:16783984: daddr:100932208: srtt_us:1212976: RTT:151622: ssthresh:2147483647: cwnd:10: delivered:1: lost:0: retrans:0
[  251.498023] AAAAA-TCP_RECV: name:enp0s3: saddr:100932208: daddr:16783984: srtt_us:1212976: RTT:151622: ssthresh:2147483647: cwnd:10: delivered:1: lost:0: retrans:0
[  251.498054] AAAAA-TCP_SEND: name:enp0s3: saddr:16783984: daddr:100932208: srtt_us:1212976: RTT:151622: ssthresh:2147483647: cwnd:10: delivered:1: lost:0: retrans:0
[  251.601988] AAAAA-TCP_RECV: name:enp0s3: saddr:100932208: daddr:16783984: srtt_us:1212976: RTT:151622: ssthresh:2147483647: cwnd:10: delivered:1: lost:0: retrans:0
[  251.602014] AAAAA-TCP_SEND: name:enp0s3: saddr:16783984: daddr:100932208: srtt_us:1212976: RTT:151622: ssthresh:2147483647: cwnd:10: delivered:1: lost:0: retrans:0
[  251.647863] AAAAA-TCP_RECV: name:enp0s3: saddr:100932208: daddr:16783984: srtt_us:1212976: RTT:151622: ssthresh:2147483647: cwnd:10: delivered:1: lost:0: retrans:0
[  251.647890] AAAAA-TCP_SEND: name:enp0s3: saddr:16783984: daddr:100932208: srtt_us:1212976: RTT:151622: ssthresh:2147483647: cwnd:10: delivered:1: lost:0: retrans:0
[  251.737581] AAAAA-TCP_RECV: name:enp0s3: saddr:100932208: daddr:16783984: srtt_us:1212976: RTT:151622: ssthresh:2147483647: cwnd:10: delivered:1: lost:0: retrans:0
[  251.737609] AAAAA-TCP_SEND: name:enp0s3: saddr:16783984: daddr:100932208: srtt_us:1212976: RTT:151622: ssthresh:2147483647: cwnd:10: delivered:1: lost:0: retrans:0
[  251.813930] AAAAA-TCP_RECV: name:enp0s3: saddr:100932208: daddr:16783984: srtt_us:1212976: RTT:151622: ssthresh:2147483647: cwnd:10: delivered:1: lost:0: retrans:0
[  251.813954] AAAAA-TCP_SEND: name:enp0s3: saddr:16783984: daddr:100932208: srtt_us:1212976: RTT:151622: ssthresh:2147483647: cwnd:10: delivered:1: lost:0: retrans:0
[  251.852880] AAAAA-TCP_RECV: name:enp0s3: saddr:100932208: daddr:16783984: srtt_us:1212976: RTT:151622: ssthresh:2147483647: cwnd:10: delivered:1: lost:0: retrans:0
[  251.852909] AAAAA-TCP_SEND: name:enp0s3: saddr:16783984: daddr:100932208: srtt_us:1212976: RTT:151622: ssthresh:2147483647: cwnd:10: delivered:1: lost:0: retrans:0
[  251.960224] AAAAA-TCP_RECV: name:enp0s3: saddr:100932208: daddr:16783984: srtt_us:1212976: RTT:151622: ssthresh:2147483647: cwnd:10: delivered:1: lost:0: retrans:0
[  251.960261] AAAAA-TCP_SEND: name:enp0s3: saddr:16783984: daddr:100932208: srtt_us:1212976: RTT:151622: ssthresh:2147483647: cwnd:10: delivered:1: lost:0: retrans:0
[  252.029897] AAAAA-TCP_RECV: name:enp0s3: saddr:100932208: daddr:16783984: srtt_us:1212976: RTT:151622: ssthresh:2147483647: cwnd:10: delivered:1: lost:0: retrans:0
[  252.029962] AAAAA-TCP_SEND: name:enp0s3: saddr:16783984: daddr:100932208: srtt_us:1212976: RTT:151622: ssthresh:2147483647: cwnd:10: delivered:1: lost:0: retrans:0
[  252.068556] AAAAA-TCP_RECV: name:enp0s3: saddr:100932208: daddr:16783984: srtt_us:1212976: RTT:151622: ssthresh:2147483647: cwnd:10: delivered:1: lost:0: retrans:0
[  252.068591] AAAAA-TCP_SEND: name:enp0s3: saddr:16783984: daddr:100932208: srtt_us:1212976: RTT:151622: ssthresh:2147483647: cwnd:10: delivered:1: lost:0: retrans:0
[  252.140912] AAAAA-TCP_RECV: name:enp0s3: saddr:100932208: daddr:16783984: srtt_us:1212976: RTT:151622: ssthresh:2147483647: cwnd:10: delivered:1: lost:0: retrans:0
[  252.140938] AAAAA-TCP_SEND: name:enp0s3: saddr:16783984: daddr:100932208: srtt_us:1212976: RTT:151622: ssthresh:2147483647: cwnd:10: delivered:1: lost:0: retrans:0
[  252.220856] AAAAA-TCP_RECV: name:enp0s3: saddr:100932208: daddr:16783984: srtt_us:1212976: RTT:151622: ssthresh:2147483647: cwnd:10: delivered:1: lost:0: retrans:0
[  252.220895] AAAAA-TCP_SEND: name:enp0s3: saddr:16783984: daddr:100932208: srtt_us:1212976: RTT:151622: ssthresh:2147483647: cwnd:10: delivered:1: lost:0: retrans:0
[  273.008598] AAAAA-TCP_RECV: name:enp0s3: saddr:100932208: daddr:16783984: srtt_us:1212976: RTT:151622: ssthresh:2147483647: cwnd:10: delivered:1: lost:0: retrans:0
[  273.008673] AAAAA-TCP_SEND: name:enp0s3: saddr:16783984: daddr:100932208: srtt_us:1212976: RTT:151622: ssthresh:2147483647: cwnd:10: delivered:1: lost:0: retrans:0
[  273.221708] AAAAA-TCP_RECV: name:enp0s3: saddr:100932208: daddr:16783984: srtt_us:1212976: RTT:151622: ssthresh:2147483647: cwnd:10: delivered:1: lost:0: retrans:0
[  273.221771] AAAAA-TCP_SEND: name:enp0s3: saddr:16783984: daddr:100932208: srtt_us:1212976: RTT:151622: ssthresh:2147483647: cwnd:10: delivered:1: lost:0: retrans:0
[  273.280417] AAAAA-TCP_RECV: name:enp0s3: saddr:100932208: daddr:16783984: srtt_us:1212976: RTT:151622: ssthresh:2147483647: cwnd:10: delivered:1: lost:0: retrans:0
[  273.280476] AAAAA-TCP_SEND: name:enp0s3: saddr:16783984: daddr:100932208: srtt_us:1212976: RTT:151622: ssthresh:2147483647: cwnd:10: delivered:1: lost:0: retrans:0
[  273.405956] AAAAA-TCP_RECV: name:enp0s3: saddr:100932208: daddr:16783984: srtt_us:1212976: RTT:151622: ssthresh:2147483647: cwnd:10: delivered:1: lost:0: retrans:0
[  273.406014] AAAAA-TCP_SEND: name:enp0s3: saddr:16783984: daddr:100932208: srtt_us:1212976: RTT:151622: ssthresh:2147483647: cwnd:10: delivered:1: lost:0: retrans:0
