[    0.000000] Linux version 5.4.243-tcp (root@ztg) (gcc version 12.2.0 (Debian 12.2.0-14)) #1 SMP Fri Apr 12 08:27:09 CST 2024
[    0.000000] Command line: BOOT_IMAGE=/boot/vmlinuz-5.4.243-tcp root=UUID=98415a12-53b7-4144-8265-0f7ece09e445 ro quiet splash
[    0.000000] KERNEL supported cpus:
[    0.000000]   Intel GenuineIntel
[    0.000000]   AMD AuthenticAMD
[    0.000000]   Hygon HygonGenuine
[    0.000000]   Centaur CentaurHauls
[    0.000000]   zhaoxin   Shanghai  
[    0.000000] x86/fpu: Supporting XSAVE feature 0x001: 'x87 floating point registers'
[    0.000000] x86/fpu: Supporting XSAVE feature 0x002: 'SSE registers'
[    0.000000] x86/fpu: Supporting XSAVE feature 0x004: 'AVX registers'
[    0.000000] x86/fpu: xstate_offset[2]:  576, xstate_sizes[2]:  256
[    0.000000] x86/fpu: Enabled xstate features 0x7, context size is 832 bytes, using 'standard' format.
[    0.000000] BIOS-provided physical RAM map:
[    0.000000] BIOS-e820: [mem 0x0000000000000000-0x000000000009fbff] usable
[    0.000000] BIOS-e820: [mem 0x000000000009fc00-0x000000000009ffff] reserved
[    0.000000] BIOS-e820: [mem 0x00000000000f0000-0x00000000000fffff] reserved
[    0.000000] BIOS-e820: [mem 0x0000000000100000-0x000000007ffeffff] usable
[    0.000000] BIOS-e820: [mem 0x000000007fff0000-0x000000007fffffff] ACPI data
[    0.000000] BIOS-e820: [mem 0x00000000fec00000-0x00000000fec00fff] reserved
[    0.000000] BIOS-e820: [mem 0x00000000fee00000-0x00000000fee00fff] reserved
[    0.000000] BIOS-e820: [mem 0x00000000fffc0000-0x00000000ffffffff] reserved
[    0.000000] NX (Execute Disable) protection: active
[    0.000000] SMBIOS 2.5 present.
[    0.000000] DMI: innotek GmbH VirtualBox/VirtualBox, BIOS VirtualBox 12/01/2006
[    0.000000] Hypervisor detected: KVM
[    0.000000] kvm-clock: Using msrs 4b564d01 and 4b564d00
[    0.000000] kvm-clock: cpu 0, msr 7b401001, primary cpu clock
[    0.000000] kvm-clock: using sched offset of 4438278891 cycles
[    0.000002] clocksource: kvm-clock: mask: 0xffffffffffffffff max_cycles: 0x1cd42e4dffb, max_idle_ns: 881590591483 ns
[    0.000005] tsc: Detected 2100.000 MHz processor
[    0.001871] e820: update [mem 0x00000000-0x00000fff] usable ==> reserved
[    0.001873] e820: remove [mem 0x000a0000-0x000fffff] usable
[    0.001877] last_pfn = 0x7fff0 max_arch_pfn = 0x400000000
[    0.001944] MTRR default type: uncachable
[    0.001945] MTRR fixed ranges enabled:
[    0.001946]   00000-9FFFF write-back
[    0.001947]   A0000-BFFFF uncachable
[    0.001948]   C0000-FFFFF write-protect
[    0.001948] MTRR variable ranges enabled:
[    0.001950]   0 base 000000000000 mask 3FFF80000000 write-back
[    0.001950]   1 disabled
[    0.001951]   2 disabled
[    0.001951]   3 disabled
[    0.001952]   4 disabled
[    0.001952]   5 disabled
[    0.001952]   6 disabled
[    0.001953]   7 disabled
[    0.001953]   8 disabled
[    0.001954]   9 disabled
[    0.001954]   10 disabled
[    0.001955]   11 disabled
[    0.001955]   12 disabled
[    0.001955]   13 disabled
[    0.001956]   14 disabled
[    0.001956]   15 disabled
[    0.001973] x86/PAT: Configuration [0-7]: WB  WC  UC- UC  WB  WP  UC- WT  
[    0.002107] found SMP MP-table at [mem 0x0009fff0-0x0009ffff]
[    0.092258] check: Scanning 1 areas for low memory corruption
[    0.092492] RAMDISK: [mem 0x32275000-0x35131fff]
[    0.092500] ACPI: Early table checksum verification disabled
[    0.092506] ACPI: RSDP 0x00000000000E0000 000024 (v02 VBOX  )
[    0.092510] ACPI: XSDT 0x000000007FFF0030 00003C (v01 VBOX   VBOXXSDT 00000001 ASL  00000061)
[    0.092517] ACPI: FACP 0x000000007FFF00F0 0000F4 (v04 VBOX   VBOXFACP 00000001 ASL  00000061)
[    0.092523] ACPI: DSDT 0x000000007FFF02E0 002353 (v02 VBOX   VBOXBIOS 00000002 VBOX 00029BF3)
[    0.092527] ACPI: FACS 0x000000007FFF0200 000040
[    0.092531] ACPI: FACS 0x000000007FFF0200 000040
[    0.092534] ACPI: APIC 0x000000007FFF0240 000054 (v02 VBOX   VBOXAPIC 00000001 ASL  00000061)
[    0.092538] ACPI: SSDT 0x000000007FFF02A0 000038 (v01 VBOX   VBOXCPUT 00000002 VBOX 00029BF3)
[    0.092541] ACPI: Reserving FACP table memory at [mem 0x7fff00f0-0x7fff01e3]
[    0.092542] ACPI: Reserving DSDT table memory at [mem 0x7fff02e0-0x7fff2632]
[    0.092542] ACPI: Reserving FACS table memory at [mem 0x7fff0200-0x7fff023f]
[    0.092543] ACPI: Reserving FACS table memory at [mem 0x7fff0200-0x7fff023f]
[    0.092544] ACPI: Reserving APIC table memory at [mem 0x7fff0240-0x7fff0293]
[    0.092544] ACPI: Reserving SSDT table memory at [mem 0x7fff02a0-0x7fff02d7]
[    0.092558] ACPI: Local APIC address 0xfee00000
[    0.092743] No NUMA configuration found
[    0.092744] Faking a node at [mem 0x0000000000000000-0x000000007ffeffff]
[    0.092754] NODE_DATA(0) allocated [mem 0x7ffc5000-0x7ffeffff]
[    0.093014] Zone ranges:
[    0.093015]   DMA      [mem 0x0000000000001000-0x0000000000ffffff]
[    0.093016]   DMA32    [mem 0x0000000001000000-0x000000007ffeffff]
[    0.093017]   Normal   empty
[    0.093018]   Device   empty
[    0.093018] Movable zone start for each node
[    0.093020] Early memory node ranges
[    0.093021]   node   0: [mem 0x0000000000001000-0x000000000009efff]
[    0.093022]   node   0: [mem 0x0000000000100000-0x000000007ffeffff]
[    0.093025] Zeroed struct page in unavailable ranges: 114 pages
[    0.093026] Initmem setup node 0 [mem 0x0000000000001000-0x000000007ffeffff]
[    0.093027] On node 0 totalpages: 524174
[    0.093029]   DMA zone: 64 pages used for memmap
[    0.093029]   DMA zone: 21 pages reserved
[    0.093030]   DMA zone: 3998 pages, LIFO batch:0
[    0.093101]   DMA32 zone: 8128 pages used for memmap
[    0.093101]   DMA32 zone: 520176 pages, LIFO batch:63
[    0.101987] ACPI: PM-Timer IO Port: 0x4008
[    0.101991] ACPI: Local APIC address 0xfee00000
[    0.102057] IOAPIC[0]: apic_id 1, version 32, address 0xfec00000, GSI 0-23
[    0.102061] ACPI: INT_SRC_OVR (bus 0 bus_irq 0 global_irq 2 dfl dfl)
[    0.102062] ACPI: INT_SRC_OVR (bus 0 bus_irq 9 global_irq 9 low level)
[    0.102064] ACPI: IRQ0 used by override.
[    0.102065] ACPI: IRQ9 used by override.
[    0.102068] Using ACPI (MADT) for SMP configuration information
[    0.102074] smpboot: Allowing 1 CPUs, 0 hotplug CPUs
[    0.102096] PM: Registered nosave memory: [mem 0x00000000-0x00000fff]
[    0.102097] PM: Registered nosave memory: [mem 0x0009f000-0x0009ffff]
[    0.102098] PM: Registered nosave memory: [mem 0x000a0000-0x000effff]
[    0.102099] PM: Registered nosave memory: [mem 0x000f0000-0x000fffff]
[    0.102101] [mem 0x80000000-0xfebfffff] available for PCI devices
[    0.102101] Booting paravirtualized kernel on KVM
[    0.102104] clocksource: refined-jiffies: mask: 0xffffffff max_cycles: 0xffffffff, max_idle_ns: 7645519600211568 ns
[    0.102109] setup_percpu: NR_CPUS:8192 nr_cpumask_bits:1 nr_cpu_ids:1 nr_node_ids:1
[    0.103104] percpu: Embedded 60 pages/cpu s208896 r8192 d28672 u2097152
[    0.103109] pcpu-alloc: s208896 r8192 d28672 u2097152 alloc=1*2097152
[    0.103110] pcpu-alloc: [0] 0 
[    0.103137] Built 1 zonelists, mobility grouping on.  Total pages: 515961
[    0.103137] Policy zone: DMA32
[    0.103138] Kernel command line: BOOT_IMAGE=/boot/vmlinuz-5.4.243-tcp root=UUID=98415a12-53b7-4144-8265-0f7ece09e445 ro quiet splash
[    0.103960] Dentry cache hash table entries: 262144 (order: 9, 2097152 bytes, linear)
[    0.104107] Inode-cache hash table entries: 131072 (order: 8, 1048576 bytes, linear)
[    0.104156] mem auto-init: stack:off, heap alloc:on, heap free:off
[    0.104158] Calgary: detecting Calgary via BIOS EBDA area
[    0.104160] Calgary: Unable to locate Rio Grande table in EBDA - bailing!
[    0.108264] Memory: 1967340K/2096696K available (14339K kernel code, 2392K rwdata, 4692K rodata, 2720K init, 17272K bss, 129356K reserved, 0K cma-reserved)
[    0.109181] SLUB: HWalign=64, Order=0-3, MinObjects=0, CPUs=1, Nodes=1
[    0.109198] ftrace: allocating 42894 entries in 168 pages
[    0.127058] rcu: Hierarchical RCU implementation.
[    0.127060] rcu: 	RCU restricting CPUs from NR_CPUS=8192 to nr_cpu_ids=1.
[    0.127061] 	Tasks RCU enabled.
[    0.127062] rcu: RCU calculated value of scheduler-enlistment delay is 25 jiffies.
[    0.127063] rcu: Adjusting geometry for rcu_fanout_leaf=16, nr_cpu_ids=1
[    0.130011] NR_IRQS: 524544, nr_irqs: 256, preallocated irqs: 16
[    0.130226] random: crng init done
[    0.139449] Console: colour VGA+ 80x25
[    0.139452] printk: console [tty0] enabled
[    0.139471] ACPI: Core revision 20190816
[    0.139564] APIC: Switch to symmetric I/O mode setup
[    0.139810] x2apic enabled
[    0.140047] Switched APIC routing to physical x2apic.
[    0.141174] ..TIMER: vector=0x30 apic1=0 pin1=2 apic2=-1 pin2=-1
[    0.141200] clocksource: tsc-early: mask: 0xffffffffffffffff max_cycles: 0x1e4530a99b6, max_idle_ns: 440795257976 ns
[    0.141204] Calibrating delay loop (skipped) preset value.. 4200.00 BogoMIPS (lpj=8400000)
[    0.141207] pid_max: default: 32768 minimum: 301
[    0.141234] LSM: Security Framework initializing
[    0.141244] Yama: becoming mindful.
[    0.141269] AppArmor: AppArmor initialized
[    0.141304] Mount-cache hash table entries: 4096 (order: 3, 32768 bytes, linear)
[    0.141308] Mountpoint-cache hash table entries: 4096 (order: 3, 32768 bytes, linear)
[    0.141318] *** VALIDATE tmpfs ***
[    0.141447] *** VALIDATE proc ***
[    0.141488] *** VALIDATE cgroup1 ***
[    0.141489] *** VALIDATE cgroup2 ***
[    0.141631] process: using mwait in idle threads
[    0.141636] Last level iTLB entries: 4KB 64, 2MB 8, 4MB 8
[    0.141636] Last level dTLB entries: 4KB 64, 2MB 0, 4MB 0, 1GB 4
[    0.141656] Spectre V1 : Mitigation: usercopy/swapgs barriers and __user pointer sanitization
[    0.141661] Spectre V2 : Mitigation: Retpolines
[    0.141662] Spectre V2 : Spectre v2 / SpectreRSB mitigation: Filling RSB on context switch
[    0.141662] Spectre V2 : Spectre v2 / SpectreRSB : Filling RSB on VMEXIT
[    0.141663] RETBleed: WARNING: Spectre v2 mitigation leaves CPU vulnerable to RETBleed attacks, data leaks possible!
[    0.142011] RETBleed: Vulnerable
[    0.142011] Speculative Store Bypass: Vulnerable
[    0.142016] TAA: Mitigation: TSX disabled
[    0.142016] MMIO Stale Data: Mitigation: Clear CPU buffers
[    0.146197] Freeing SMP alternatives memory: 40K
[    0.258481] smpboot: CPU0: Intel(R) Xeon(R) Silver 4216 CPU @ 2.10GHz (family: 0x6, model: 0x55, stepping: 0x7)
[    0.258610] Performance Events: unsupported p6 CPU model 85 no PMU driver, software events only.
[    0.258646] rcu: Hierarchical SRCU implementation.
[    0.259120] NMI watchdog: Perf NMI watchdog permanently disabled
[    0.259158] smp: Bringing up secondary CPUs ...
[    0.259159] smp: Brought up 1 node, 1 CPU
[    0.259160] smpboot: Max logical packages: 1
[    0.259161] smpboot: Total of 1 processors activated (4200.00 BogoMIPS)
[    0.260127] devtmpfs: initialized
[    0.260173] x86/mm: Memory block size: 128MB
[    0.260519] clocksource: jiffies: mask: 0xffffffff max_cycles: 0xffffffff, max_idle_ns: 7645041785100000 ns
[    0.260525] futex hash table entries: 256 (order: 2, 16384 bytes, linear)
[    0.260567] pinctrl core: initialized pinctrl subsystem
[    0.260666] PM: RTC time: 16:33:56, date: 2026-01-20
[    0.260775] NET: Registered protocol family 16
[    0.260848] audit: initializing netlink subsys (disabled)
[    0.260971] EISA bus registered
[    0.260972] cpuidle: using governor ladder
[    0.260973] cpuidle: using governor menu
[    0.261010] ACPI: bus type PCI registered
[    0.261011] acpiphp: ACPI Hot Plug PCI Controller Driver version: 0.5
[    0.261115] PCI: Using configuration type 1 for base access
[    0.261443] audit: type=2000 audit(1768898042.955:1): state=initialized audit_enabled=0 res=1
[    0.261527] HugeTLB registered 2.00 MiB page size, pre-allocated 0 pages
[    0.262421] ACPI: Added _OSI(Module Device)
[    0.262421] ACPI: Added _OSI(Processor Device)
[    0.262422] ACPI: Added _OSI(3.0 _SCP Extensions)
[    0.262423] ACPI: Added _OSI(Processor Aggregator Device)
[    0.262423] ACPI: Added _OSI(Linux-Dell-Video)
[    0.262424] ACPI: Added _OSI(Linux-Lenovo-NV-HDMI-Audio)
[    0.262425] ACPI: Added _OSI(Linux-HPI-Hybrid-Graphics)
[    0.264503] ACPI: 2 ACPI AML tables successfully acquired and loaded
[    0.266114] ACPI: Interpreter enabled
[    0.266123] ACPI: (supports S0 S5)
[    0.266125] ACPI: Using IOAPIC for interrupt routing
[    0.266341] PCI: Using host bridge windows from ACPI; if necessary, use "pci=nocrs" and report a bug
[    0.266450] ACPI: Enabled 2 GPEs in block 00 to 07
[    0.271678] ACPI: PCI Root Bridge [PCI0] (domain 0000 [bus 00-ff])
[    0.271683] acpi PNP0A03:00: _OSC: OS supports [ASPM ClockPM Segments MSI HPX-Type3]
[    0.272123] acpi PNP0A03:00: _OSC: not requesting OS control; OS requires [ExtendedConfig ASPM ClockPM MSI]
[    0.272132] acpi PNP0A03:00: fail to add MMCONFIG information, can't access extended PCI configuration space under this bridge.
[    0.272501] PCI host bridge to bus 0000:00
[    0.272503] pci_bus 0000:00: root bus resource [io  0x0000-0x0cf7 window]
[    0.272505] pci_bus 0000:00: root bus resource [io  0x0d00-0xffff window]
[    0.272506] pci_bus 0000:00: root bus resource [mem 0x000a0000-0x000bffff window]
[    0.272507] pci_bus 0000:00: root bus resource [mem 0x80000000-0xfdffffff window]
[    0.272508] pci_bus 0000:00: root bus resource [bus 00-ff]
[    0.272553] pci 0000:00:00.0: [8086:1237] type 00 class 0x060000
[    0.273705] pci 0000:00:01.0: [8086:7000] type 00 class 0x060100
[    0.274453] pci 0000:00:01.1: [8086:7111] type 00 class 0x01018a
[    0.274838] pci 0000:00:01.1: reg 0x20: [io  0xd000-0xd00f]
[    0.274992] pci 0000:00:01.1: legacy IDE quirk: reg 0x10: [io  0x01f0-0x01f7]
[    0.274993] pci 0000:00:01.1: legacy IDE quirk: reg 0x14: [io  0x03f6]
[    0.274994] pci 0000:00:01.1: legacy IDE quirk: reg 0x18: [io  0x0170-0x0177]
[    0.274995] pci 0000:00:01.1: legacy IDE quirk: reg 0x1c: [io  0x0376]
[    0.275531] pci 0000:00:02.0: [15ad:0405] type 00 class 0x030000
[    0.277280] pci 0000:00:02.0: reg 0x10: [io  0xd010-0xd01f]
[    0.281258] pci 0000:00:02.0: reg 0x14: [mem 0xe0000000-0xe7ffffff pref]
[    0.284012] pci 0000:00:02.0: reg 0x18: [mem 0xf0000000-0xf01fffff]
[    0.293993] pci 0000:00:03.0: [1022:2000] type 00 class 0x020000
[    0.294673] pci 0000:00:03.0: reg 0x10: [io  0xd020-0xd03f]
[    0.295281] pci 0000:00:03.0: reg 0x14: [mem 0xf0200000-0xf0200fff]
[    0.300282] pci 0000:00:04.0: [80ee:cafe] type 00 class 0x088000
[    0.300953] pci 0000:00:04.0: reg 0x10: [io  0xd040-0xd05f]
[    0.301314] pci 0000:00:04.0: reg 0x14: [mem 0xf0400000-0xf07fffff]
[    0.301920] pci 0000:00:04.0: reg 0x18: [mem 0xf0800000-0xf0803fff pref]
[    0.305246] pci 0000:00:07.0: [8086:7113] type 00 class 0x068000
[    0.305805] pci 0000:00:07.0: quirk: [io  0x4000-0x403f] claimed by PIIX4 ACPI
[    0.305818] pci 0000:00:07.0: quirk: [io  0x4100-0x410f] claimed by PIIX4 SMB
[    0.306445] pci 0000:00:08.0: [8086:100e] type 00 class 0x020000
[    0.307143] pci 0000:00:08.0: reg 0x10: [mem 0xf0820000-0xf083ffff]
[    0.308293] pci 0000:00:08.0: reg 0x18: [io  0xd060-0xd067]
[    0.311961] pci 0000:00:09.0: [8086:100e] type 00 class 0x020000
[    0.312668] pci 0000:00:09.0: reg 0x10: [mem 0xf0840000-0xf085ffff]
[    0.313873] pci 0000:00:09.0: reg 0x18: [io  0xd068-0xd06f]
[    0.322339] ACPI: PCI Interrupt Link [LNKA] (IRQs 5 9 10 *11)
[    0.325339] ACPI: PCI Interrupt Link [LNKB] (IRQs 5 9 *10 11)
[    0.325443] ACPI: PCI Interrupt Link [LNKC] (IRQs 5 *9 10 11)
[    0.325544] ACPI: PCI Interrupt Link [LNKD] (IRQs 5 9 10 *11)
[    0.325805] iommu: Default domain type: Translated 
[    0.325867] pci 0000:00:02.0: vgaarb: setting as boot VGA device
[    0.325869] pci 0000:00:02.0: vgaarb: VGA device added: decodes=io+mem,owns=io+mem,locks=none
[    0.325871] pci 0000:00:02.0: vgaarb: bridge control possible
[    0.325871] vgaarb: loaded
[    0.326088] SCSI subsystem initialized
[    0.326121] libata version 3.00 loaded.
[    0.326147] ACPI: bus type USB registered
[    0.326161] usbcore: registered new interface driver usbfs
[    0.326167] usbcore: registered new interface driver hub
[    0.326172] usbcore: registered new device driver usb
[    0.326201] pps_core: LinuxPPS API ver. 1 registered
[    0.326202] pps_core: Software ver. 5.3.6 - Copyright 2005-2007 Rodolfo Giometti <giometti@linux.it>
[    0.326204] PTP clock support registered
[    0.326239] EDAC MC: Ver: 3.0.0
[    0.326526] PCI: Using ACPI for IRQ routing
[    0.326528] PCI: pci_cache_line_size set to 64 bytes
[    0.326700] e820: reserve RAM buffer [mem 0x0009fc00-0x0009ffff]
[    0.326703] e820: reserve RAM buffer [mem 0x7fff0000-0x7fffffff]
[    0.326825] NetLabel: Initializing
[    0.326825] NetLabel:  domain hash size = 128
[    0.326826] NetLabel:  protocols = UNLABELED CIPSOv4 CALIPSO
[    0.326844] NetLabel:  unlabeled traffic allowed by default
[    0.328433] clocksource: Switched to clocksource kvm-clock
[    0.339602] *** VALIDATE bpf ***
[    0.339658] VFS: Disk quotas dquot_6.6.0
[    0.339679] VFS: Dquot-cache hash table entries: 512 (order 0, 4096 bytes)
[    0.339704] *** VALIDATE ramfs ***
[    0.339707] *** VALIDATE hugetlbfs ***
[    0.339784] AppArmor: AppArmor Filesystem Enabled
[    0.339811] pnp: PnP ACPI init
[    0.339883] pnp 00:00: Plug and Play ACPI device, IDs PNP0303 (active)
[    0.339971] pnp 00:01: Plug and Play ACPI device, IDs PNP0f03 (active)
[    0.340708] pnp: PnP ACPI: found 2 devices
[    0.341672] thermal_sys: Registered thermal governor 'fair_share'
[    0.341672] thermal_sys: Registered thermal governor 'bang_bang'
[    0.341673] thermal_sys: Registered thermal governor 'step_wise'
[    0.341674] thermal_sys: Registered thermal governor 'user_space'
[    0.341674] thermal_sys: Registered thermal governor 'power_allocator'
[    0.346201] clocksource: acpi_pm: mask: 0xffffff max_cycles: 0xffffff, max_idle_ns: 2085701024 ns
[    0.346244] pci_bus 0000:00: resource 4 [io  0x0000-0x0cf7 window]
[    0.346245] pci_bus 0000:00: resource 5 [io  0x0d00-0xffff window]
[    0.346246] pci_bus 0000:00: resource 6 [mem 0x000a0000-0x000bffff window]
[    0.346247] pci_bus 0000:00: resource 7 [mem 0x80000000-0xfdffffff window]
[    0.346302] NET: Registered protocol family 2
[    0.346377] IP idents hash table entries: 32768 (order: 6, 262144 bytes, linear)
[    0.346751] tcp_listen_portaddr_hash hash table entries: 1024 (order: 2, 16384 bytes, linear)
[    0.346830] TCP established hash table entries: 16384 (order: 5, 131072 bytes, linear)
[    0.346897] TCP bind hash table entries: 16384 (order: 6, 262144 bytes, linear)
[    0.346922] TCP: Hash tables configured (established 16384 bind 16384)
[    0.346964] UDP hash table entries: 1024 (order: 3, 32768 bytes, linear)
[    0.346975] UDP-Lite hash table entries: 1024 (order: 3, 32768 bytes, linear)
[    0.347003] NET: Registered protocol family 1
[    0.347012] NET: Registered protocol family 44
[    0.347055] pci 0000:00:00.0: Limiting direct PCI/PCI transfers
[    0.347069] pci 0000:00:01.0: Activating ISA DMA hang workarounds
[    0.347124] pci 0000:00:02.0: Video device with shadowed ROM at [mem 0x000c0000-0x000dffff]
[    0.347183] PCI: CLS 0 bytes, default 64
[    0.347236] Trying to unpack rootfs image as initramfs...
[    0.523239] Freeing initrd memory: 47860K
[    0.523239] clocksource: tsc: mask: 0xffffffffffffffff max_cycles: 0x1e4530a99b6, max_idle_ns: 440795257976 ns
[    0.523239] clocksource: Switched to clocksource tsc
[    0.523239] platform rtc_cmos: registered platform RTC device (no PNP device found)
[    0.523239] check: Scanning for low memory corruption every 60 seconds
[    0.523239] Initialise system trusted keyrings
[    0.523239] Key type blacklist registered
[    0.523239] workingset: timestamp_bits=36 max_order=19 bucket_order=0
[    0.523239] zbud: loaded
[    0.523239] squashfs: version 4.0 (2009/01/31) Phillip Lougher
[    0.523239] fuse: init (API version 7.31)
[    0.523239] *** VALIDATE fuse ***
[    0.523239] *** VALIDATE fuse ***
[    0.523239] Platform Keyring initialized
[    0.535597] Key type asymmetric registered
[    0.535598] Asymmetric key parser 'x509' registered
[    0.535607] Block layer SCSI generic (bsg) driver version 0.4 loaded (major 244)
[    0.535646] io scheduler mq-deadline registered
[    0.535766] shpchp: Standard Hot Plug PCI Controller Driver version: 0.4
[    0.535972] ACPI: AC Adapter [AC] (on-line)
[    0.536016] input: Power Button as /devices/LNXSYSTM:00/LNXPWRBN:00/input/input0
[    0.536044] ACPI: Power Button [PWRF]
[    0.536117] input: Sleep Button as /devices/LNXSYSTM:00/LNXSLPBN:00/input/input1
[    0.536131] ACPI: Sleep Button [SLPF]
[    0.536348] Serial: 8250/16550 driver, 32 ports, IRQ sharing enabled
[    0.537527] Linux agpgart interface v0.103
[    0.627022] loop: module loaded
[    0.627170] ata_piix 0000:00:01.1: version 2.13
[    0.627577] scsi host0: ata_piix
[    0.627670] scsi host1: ata_piix
[    0.627710] ata1: PATA max UDMA/33 cmd 0x1f0 ctl 0x3f6 bmdma 0xd000 irq 14
[    0.627711] ata2: PATA max UDMA/33 cmd 0x170 ctl 0x376 bmdma 0xd008 irq 15
[    0.627791] tun: Universal TUN/TAP device driver, 1.6
[    0.628126] PPP generic driver version 2.4.2
[    0.628173] VFIO - User Level meta-driver version: 0.3
[    0.628416] ehci_hcd: USB 2.0 'Enhanced' Host Controller (EHCI) Driver
[    0.628422] ehci-pci: EHCI PCI platform driver
[    0.628436] ehci-platform: EHCI generic platform driver
[    0.628441] ohci_hcd: USB 1.1 'Open' Host Controller (OHCI) Driver
[    0.628443] ohci-pci: OHCI PCI platform driver
[    0.628448] ohci-platform: OHCI generic platform driver
[    0.628452] uhci_hcd: USB Universal Host Controller Interface driver
[    0.628515] i8042: PNP: PS/2 Controller [PNP0303:PS2K,PNP0f03:PS2M] at 0x60,0x64 irq 1,12
[    0.628965] serio: i8042 KBD port at 0x60,0x64 irq 1
[    0.628968] serio: i8042 AUX port at 0x60,0x64 irq 12
[    0.629055] mousedev: PS/2 mouse device common for all mice
[    0.629307] input: AT Translated Set 2 keyboard as /devices/platform/i8042/serio0/input/input2
[    0.629706] rtc_cmos rtc_cmos: registered as rtc0
[    0.629720] rtc_cmos rtc_cmos: alarms up to one day, 114 bytes nvram
[    0.629725] i2c /dev entries driver
[    0.629772] device-mapper: uevent: version 1.0.3
[    0.629813] device-mapper: ioctl: 4.41.0-ioctl (2019-09-16) initialised: dm-devel@redhat.com
[    0.629830] platform eisa.0: Probing EISA bus 0
[    0.629832] platform eisa.0: EISA: Cannot allocate resource for mainboard
[    0.629833] platform eisa.0: Cannot allocate resource for EISA slot 1
[    0.629834] platform eisa.0: Cannot allocate resource for EISA slot 2
[    0.629835] platform eisa.0: Cannot allocate resource for EISA slot 3
[    0.629836] platform eisa.0: Cannot allocate resource for EISA slot 4
[    0.629837] platform eisa.0: Cannot allocate resource for EISA slot 5
[    0.629838] platform eisa.0: Cannot allocate resource for EISA slot 6
[    0.629838] platform eisa.0: Cannot allocate resource for EISA slot 7
[    0.629839] platform eisa.0: Cannot allocate resource for EISA slot 8
[    0.629840] platform eisa.0: EISA: Detected 0 cards
[    0.629843] intel_pstate: CPU model not supported
[    0.629852] ledtrig-cpu: registered to indicate activity on CPUs
[    0.629904] drop_monitor: Initializing network drop monitor service
[    0.630065] NET: Registered protocol family 10
[    0.635157] Segment Routing with IPv6
[    0.635157] NET: Registered protocol family 17
[    0.635157] Key type dns_resolver registered
[    0.635157] RAS: Correctable Errors collector initialized.
[    0.635157] IPI shorthand broadcast: enabled
[    0.635157] sched_clock: Marking stable (620171485, 10986063)->(633827865, -2670317)
[    0.635422] registered taskstats version 1
[    0.635433] Loading compiled-in X.509 certificates
[    0.636029] Loaded X.509 cert 'Build time autogenerated kernel key: 0a9e52cc6eb58eed9b63e328679db6d5d5216245'
[    0.636048] zswap: loaded using pool lzo/zbud
[    0.636103] Key type ._fscrypt registered
[    0.636103] Key type .fscrypt registered
[    0.640554] Key type big_key registered
[    0.642725] Key type encrypted registered
[    0.642727] AppArmor: AppArmor sha1 policy hashing enabled
[    0.642734] ima: No TPM chip found, activating TPM-bypass!
[    0.642739] ima: Allocated hash algorithm: sha1
[    0.642744] ima: No architecture policies found
[    0.642752] evm: Initialising EVM extended attributes:
[    0.642753] evm: security.selinux
[    0.642754] evm: security.SMACK64
[    0.642754] evm: security.SMACK64EXEC
[    0.642755] evm: security.SMACK64TRANSMUTE
[    0.642755] evm: security.SMACK64MMAP
[    0.642755] evm: security.apparmor
[    0.642756] evm: security.ima
[    0.642756] evm: security.capability
[    0.642757] evm: HMAC attrs: 0x1
[    0.643057] PM:   Magic number: 10:199:591
[    0.643192] rtc_cmos rtc_cmos: setting system clock to 2026-01-20T16:33:57 UTC (1768926837)
[    0.800082] ata1.00: ATA-6: VBOX HARDDISK, 1.0, max UDMA/133
[    0.800086] ata1.00: 209715200 sectors, multi 128: LBA 
[    0.800725] scsi 0:0:0:0: Direct-Access     ATA      VBOX HARDDISK    1.0  PQ: 0 ANSI: 5
[    0.801014] sd 0:0:0:0: [sda] 209715200 512-byte logical blocks: (107 GB/100 GiB)
[    0.801027] sd 0:0:0:0: [sda] Write Protect is off
[    0.801030] sd 0:0:0:0: [sda] Mode Sense: 00 3a 00 00
[    0.801049] sd 0:0:0:0: [sda] Write cache: enabled, read cache: enabled, doesn't support DPO or FUA
[    0.801358] sd 0:0:0:0: Attached scsi generic sg0 type 0
[    0.802124]  sda: sda1 sda2
[    0.811292] sd 0:0:0:0: [sda] Attached SCSI disk
[    0.815453] Freeing unused decrypted memory: 2040K
[    0.816606] Freeing unused kernel image memory: 2720K
[    0.816609] Write protecting the kernel read-only data: 22528k
[    0.817856] Freeing unused kernel image memory: 2036K
[    0.818534] Freeing unused kernel image memory: 1452K
[    0.851404] x86/mm: Checked W+X mappings: passed, no W+X pages found.
[    0.851410] Run /init as init process
[    0.967233] ACPI: Video Device [GFX0] (multi-head: yes  rom: no  post: no)
[    0.967309] input: Video Bus as /devices/LNXSYSTM:00/LNXSYBUS:00/PNP0A03:00/LNXVIDEO:00/input/input4
[    0.980559] pcnet32: pcnet32.c:v1.35 21.Apr.2008 tsbogend@alpha.franken.de
[    0.981424] pcnet32: PCnet/FAST III 79C973 at 0xd020, 08:00:27:97:05:ad assigned IRQ 19
[    0.981467] pcnet32: Found PHY 0022:561b at address 0
[    0.981771] pcnet32: eth0: registered as PCnet/FAST III 79C973
[    0.982549] pcnet32: 1 cards_found
[    0.985178] e1000: Intel(R) PRO/1000 Network Driver - version 7.3.21-k8-NAPI
[    0.985179] e1000: Copyright (c) 1999-2006 Intel Corporation.
[    0.997553] piix4_smbus 0000:00:07.0: SMBus Host Controller at 0x4100, revision 0
[    1.067340] pcnet32 0000:00:03.0 enp0s3: renamed from eth0
[    1.201122] input: ImExPS/2 Generic Explorer Mouse as /devices/platform/i8042/serio1/input/input5
[    1.395285] e1000 0000:00:08.0 eth0: (PCI:33MHz:32-bit) 08:00:27:90:9c:ca
[    1.395289] e1000 0000:00:08.0 eth0: Intel(R) PRO/1000 Network Connection
[    1.767384] e1000 0000:00:09.0 eth1: (PCI:33MHz:32-bit) 08:00:27:88:48:0f
[    1.767387] e1000 0000:00:09.0 eth1: Intel(R) PRO/1000 Network Connection
[    1.768523] e1000 0000:00:09.0 enp0s9: renamed from eth1
[    1.770291] e1000 0000:00:08.0 enp0s8: renamed from eth0
[    1.932161] EXT4-fs (sda2): mounted filesystem with ordered data mode. Opts: (null)
[    2.024053] systemd[1]: Inserted module 'autofs4'
[    2.037015] systemd[1]: systemd 245.4-4ubuntu3 running in system mode. (+PAM +AUDIT +SELINUX +IMA +APPARMOR +SMACK +SYSVINIT +UTMP +LIBCRYPTSETUP +GCRYPT +GNUTLS +ACL +XZ +LZ4 +SECCOMP +BLKID +ELFUTILS +KMOD +IDN2 -IDN +PCRE2 default-hierarchy=hybrid)
[    2.037044] systemd[1]: Detected virtualization oracle.
[    2.037047] systemd[1]: Detected architecture x86-64.
[    2.038334] systemd[1]: Set hostname to <ztg>.
[    2.167491] systemd[1]: /lib/systemd/system/dbus.socket:5: ListenStream= references a path below legacy directory /var/run/, updating /var/run/dbus/system_bus_socket â†’ /run/dbus/system_bus_socket; please update the unit file accordingly.
[    2.220461] systemd[1]: Created slice system-modprobe.slice.
[    2.220653] systemd[1]: Created slice User and Session Slice.
[    2.220696] systemd[1]: Started Forward Password Requests to Wall Directory Watch.
[    2.220859] systemd[1]: Set up automount Arbitrary Executable File Formats File System Automount Point.
[    2.220892] systemd[1]: Reached target User and Group Name Lookups.
[    2.220900] systemd[1]: Reached target Remote File Systems.
[    2.220908] systemd[1]: Reached target Slices.
[    2.221467] systemd[1]: Listening on Syslog Socket.
[    2.221537] systemd[1]: Listening on fsck to fsckd communication Socket.
[    2.221577] systemd[1]: Listening on initctl Compatibility Named Pipe.
[    2.221713] systemd[1]: Listening on Journal Audit Socket.
[    2.221763] systemd[1]: Listening on Journal Socket (/dev/log).
[    2.221833] systemd[1]: Listening on Journal Socket.
[    2.221895] systemd[1]: Listening on udev Control Socket.
[    2.221934] systemd[1]: Listening on udev Kernel Socket.
[    2.222694] systemd[1]: Mounting Huge Pages File System...
[    2.223671] systemd[1]: Mounting POSIX Message Queue File System...
[    2.224578] systemd[1]: Mounting Kernel Debug File System...
[    2.225465] systemd[1]: Mounting Kernel Trace File System...
[    2.227342] systemd[1]: Starting Journal Service...
[    2.254484] systemd[1]: Starting Set the console keyboard layout...
[    2.262461] systemd[1]: Starting Create list of static device nodes for the current kernel...
[    2.264531] systemd[1]: Starting Load Kernel Module drm...
[    2.265651] systemd[1]: Condition check resulted in Set Up Additional Binary Formats being skipped.
[    2.265695] systemd[1]: Condition check resulted in File System Check on Root Device being skipped.
[    2.279283] systemd[1]: Starting Load Kernel Modules...
[    2.283245] systemd[1]: Starting Remount Root and Kernel File Systems...
[    2.307938] systemd[1]: Starting udev Coldplug all Devices...
[    2.338497] systemd[1]: Starting Uncomplicated firewall...
[    2.339730] systemd[1]: Mounted Huge Pages File System.
[    2.339819] systemd[1]: Mounted POSIX Message Queue File System.
[    2.339890] systemd[1]: Mounted Kernel Debug File System.
[    2.339957] systemd[1]: Mounted Kernel Trace File System.
[    2.340905] EXT4-fs (sda2): re-mounted. Opts: errors=remount-ro
[    2.341551] systemd[1]: Finished Create list of static device nodes for the current kernel.
[    2.352656] systemd[1]: modprobe@drm.service: Succeeded.
[    2.352888] systemd[1]: Finished Load Kernel Module drm.
[    2.353250] systemd[1]: Finished Remount Root and Kernel File Systems.
[    2.354262] systemd[1]: Finished Uncomplicated firewall.
[    2.370147] systemd[1]: Condition check resulted in Rebuild Hardware Database being skipped.
[    2.370183] systemd[1]: Condition check resulted in Platform Persistent Storage Archival being skipped.
[    2.370891] systemd[1]: Starting Load/Save Random Seed...
[    2.372739] lp: driver loaded but no devices found
[    2.378706] systemd[1]: Starting Create System Users...
[    2.388783] systemd[1]: Finished Load/Save Random Seed.
[    2.390218] ppdev: user-space parallel port driver
[    2.398090] systemd[1]: Finished Create System Users.
[    2.398827] systemd[1]: Starting Create Static Device Nodes in /dev...
[    2.453736] systemd[1]: Finished Create Static Device Nodes in /dev.
[    2.454645] systemd[1]: Starting udev Kernel Device Manager...
[    2.466109] systemd[1]: Finished udev Coldplug all Devices.
[    2.475789] [drm] DMA map mode: Caching DMA mappings.
[    2.475882] [drm] Capabilities:
[    2.475882] [drm]   Rect copy.
[    2.475882] [drm]   Cursor.
[    2.475883] [drm]   Cursor bypass.
[    2.475883] [drm]   Cursor bypass 2.
[    2.475883] [drm]   Alpha cursor.
[    2.475884] [drm]   Extended Fifo.
[    2.475884] [drm]   Pitchlock.
[    2.475884] [drm]   Irq mask.
[    2.475885] [drm]   GMR.
[    2.475885] [drm]   Traces.
[    2.475885] [drm]   GMR2.
[    2.475886] [drm]   Screen Object 2.
[    2.475886] [drm]   Command Buffers.
[    2.475887] [drm]   Command Buffers 2.
[    2.475887] [drm]   Guest Backed Resources.
[    2.475888] [drm] Max GMR ids is 8192
[    2.475889] [drm] Max number of GMR pages is 1048576
[    2.475889] [drm] Max dedicated hypervisor surface memory is 393216 kiB
[    2.475890] [drm] Maximum display memory size is 131072 kiB
[    2.475890] [drm] VRAM at 0xe0000000 size is 131072 kiB
[    2.475891] [drm] MMIO at 0xf0000000 size is 2048 kiB
[    2.476935] [TTM] Zone  kernel: Available graphics memory: 1011744 KiB
[    2.476936] [TTM] Initializing pool allocator
[    2.476939] [TTM] Initializing DMA pool allocator
[    2.476969] [drm] Supports vblank timestamp caching Rev 2 (21.10.2013).
[    2.476970] [drm] No driver support for vblank timestamp query.
[    2.477227] [drm] Screen Target Display device initialized
[    2.477413] [drm] width 720
[    2.477422] [drm] height 400
[    2.477425] [drm] bpp 32
[    2.477958] [drm] Fifo max 0x00200000 min 0x00001000 cap 0x00000355
[    2.478999] [drm] Using command buffers with DMA pool.
[    2.479007] [drm] DX: no.
[    2.479007] [drm] Atomic: yes.
[    2.479008] [drm] SM4_1: no.
[    2.479025] [drm:vmw_host_log [vmwgfx]] *ERROR* Failed to send host log message.
[    2.480142] [drm:vmw_host_log [vmwgfx]] *ERROR* Failed to send host log message.
[    2.492752] fbcon: svgadrmfb (fb0) is primary device
[    2.494852] Console: switching to colour frame buffer device 100x37
[    2.519267] [drm] Initialized vmwgfx 2.15.0 20180704 for 0000:00:02.0 on minor 0
[    2.520217] systemd[1]: Finished Load Kernel Modules.
[    2.521196] systemd[1]: Mounting FUSE Control File System...
[    2.522375] systemd[1]: Mounting Kernel Configuration File System...
[    2.541508] systemd[1]: Starting Apply Kernel Variables...
[    2.546596] systemd[1]: Mounted FUSE Control File System.
[    2.546659] systemd[1]: Condition check resulted in VMware vmblock fuse mount being skipped.
[    2.551752] systemd[1]: Mounted Kernel Configuration File System.
[    2.566530] systemd[1]: Finished Apply Kernel Variables.
[    2.567247] systemd[1]: Finished Set the console keyboard layout.
[    2.567323] systemd[1]: Reached target Local File Systems (Pre).
[    2.569322] systemd[1]: Mounting Mount unit for bare, revision 5...
[    2.571276] systemd[1]: Mounting Mount unit for core18, revision 1705...
[    2.591939] systemd[1]: Mounting Mount unit for gnome-3-34-1804, revision 24...
[    2.599678] systemd[1]: Mounting Mount unit for gtk-common-themes, revision 1506...
[    2.608547] systemd[1]: Mounting Mount unit for gtk-common-themes, revision 1535...
[    2.615999] systemd[1]: Mounting Mount unit for snap-store, revision 433...
[    2.620604] systemd[1]: Mounting Mount unit for snapd, revision 7264...
[    2.638279] systemd[1]: Started udev Kernel Device Manager.
[    2.639026] systemd[1]: Starting Show Plymouth Boot Screen...
[    2.643645] systemd[1]: Received SIGRTMIN+20 from PID 273 (plymouthd).
[    2.688394] systemd[1]: Mounted Mount unit for bare, revision 5.
[    2.688683] systemd[1]: Mounted Mount unit for gnome-3-34-1804, revision 24.
[    2.688864] systemd[1]: Started Show Plymouth Boot Screen.
[    2.689041] systemd[1]: Condition check resulted in Dispatch Password Requests to Console Directory Watch being skipped.
[    2.689120] systemd[1]: Started Forward Password Requests to Plymouth Directory Watch.
[    2.689198] systemd[1]: Reached target Local Encrypted Volumes.
[    2.734786] systemd[1]: Mounted Mount unit for gtk-common-themes, revision 1506.
[    2.773139] systemd[1]: Mounted Mount unit for core18, revision 1705.
[    2.773429] systemd[1]: Mounted Mount unit for gtk-common-themes, revision 1535.
[    2.806670] systemd[1]: Mounted Mount unit for snap-store, revision 433.
[    2.806925] systemd[1]: Mounted Mount unit for snapd, revision 7264.
[    2.807078] systemd[1]: Reached target Local File Systems.
[    2.809551] systemd[1]: Starting Load AppArmor profiles...
[    2.814725] systemd[1]: Starting Set console font and keymap...
[    2.823591] systemd[1]: Starting Tell Plymouth To Write Out Runtime Data...
[    2.828278] systemd[1]: Condition check resulted in Store a System Token in an EFI Variable being skipped.
[    2.828307] systemd[1]: Condition check resulted in Commit a transient machine-id on disk being skipped.
[    2.829222] systemd[1]: Finished Set console font and keymap.
[    2.835183] systemd[1]: Received SIGRTMIN+20 from PID 273 (plymouthd).
[    2.835656] systemd[1]: plymouth-read-write.service: Succeeded.
[    2.835919] systemd[1]: Finished Tell Plymouth To Write Out Runtime Data.
[    2.857965] audit: type=1400 audit(1768926839.708:2): apparmor="STATUS" operation="profile_load" profile="unconfined" name="nvidia_modprobe" pid=300 comm="apparmor_parser"
[    2.857967] audit: type=1400 audit(1768926839.708:3): apparmor="STATUS" operation="profile_load" profile="unconfined" name="nvidia_modprobe//kmod" pid=300 comm="apparmor_parser"
[    2.867705] audit: type=1400 audit(1768926839.720:4): apparmor="STATUS" operation="profile_load" profile="unconfined" name="/usr/sbin/tcpdump" pid=301 comm="apparmor_parser"
[    2.916792] audit: type=1400 audit(1768926839.764:5): apparmor="STATUS" operation="profile_load" profile="unconfined" name="/usr/bin/evince" pid=303 comm="apparmor_parser"
[    2.916794] audit: type=1400 audit(1768926839.764:6): apparmor="STATUS" operation="profile_load" profile="unconfined" name="/usr/bin/evince//sanitized_helper" pid=303 comm="apparmor_parser"
[    2.916796] audit: type=1400 audit(1768926839.764:7): apparmor="STATUS" operation="profile_load" profile="unconfined" name="/usr/bin/evince-previewer" pid=303 comm="apparmor_parser"
[    2.916798] audit: type=1400 audit(1768926839.764:8): apparmor="STATUS" operation="profile_load" profile="unconfined" name="/usr/bin/evince-previewer//sanitized_helper" pid=303 comm="apparmor_parser"
[    2.916799] audit: type=1400 audit(1768926839.764:9): apparmor="STATUS" operation="profile_load" profile="unconfined" name="/usr/bin/evince-thumbnailer" pid=303 comm="apparmor_parser"
[    2.931538] audit: type=1400 audit(1768926839.784:10): apparmor="STATUS" operation="profile_load" profile="unconfined" name="/usr/lib/cups/backend/cups-pdf" pid=304 comm="apparmor_parser"
[    3.011037] systemd[1]: Finished Load AppArmor profiles.
[    3.011985] systemd[1]: Starting Load AppArmor profiles managed internally by snapd...
[    3.082045] systemd[1]: Finished Load AppArmor profiles managed internally by snapd.
[    3.193935] systemd[1]: Started Journal Service.
[    3.200756] systemd-journald[228]: Received client request to flush runtime journal.
[    3.205918] systemd-journald[228]: File /var/log/journal/c455b248004a419c87ce85eea238d727/system.journal corrupted or uncleanly shut down, renaming and replacing.
[    4.418955] RAPL PMU: API unit is 2^-32 Joules, 0 fixed counters, 10737418240 ms ovfl timer
[    4.484460] cryptd: max_cpu_qlen set to 1000
[    4.584219] AVX2 version of gcm_enc/dec engaged.
[    4.584220] AES CTR mode by8 optimization enabled
[    5.390352] Adding 1998844k swap on /dev/sda1.  Priority:-2 extents:1 across:1998844k FS
[    6.689712] kauditd_printk_skb: 30 callbacks suppressed
[    6.689714] audit: type=1400 audit(1768926843.540:41): apparmor="DENIED" operation="capable" profile="/usr/sbin/cups-browsed" pid=499 comm="cups-browsed" capability=23  capname="sys_nice"
[    7.531129] pcnet32 0000:00:03.0 enp0s3: link up, 100Mbps, full-duplex
[    7.556797] e1000: enp0s8 NIC Link is Up 1000 Mbps Full Duplex, Flow Control: RX
[    7.557089] IPv6: ADDRCONF(NETDEV_CHANGE): enp0s8: link becomes ready
[    7.579347] e1000: enp0s9 NIC Link is Up 1000 Mbps Full Duplex, Flow Control: RX
[    7.579663] IPv6: ADDRCONF(NETDEV_CHANGE): enp0s9: link becomes ready
[    8.091751] device enp0s3 entered promiscuous mode
[    8.130371] audit: type=1400 audit(1768926844.984:42): apparmor="DENIED" operation="open" profile="/usr/sbin/tcpdump" name="/proc/sys/kernel/random/boot_id" pid=679 comm="tcpdump" requested_mask="r" denied_mask="r" fsuid=0 ouid=0
[    8.130923] audit: type=1400 audit(1768926844.984:43): apparmor="DENIED" operation="open" profile="/usr/sbin/tcpdump" name="/proc/sys/kernel/random/boot_id" pid=679 comm="tcpdump" requested_mask="r" denied_mask="r" fsuid=0 ouid=0
[    8.131277] audit: type=1400 audit(1768926844.984:44): apparmor="DENIED" operation="open" profile="/usr/sbin/tcpdump" name="/proc/sys/kernel/random/boot_id" pid=679 comm="tcpdump" requested_mask="r" denied_mask="r" fsuid=0 ouid=0
[    8.131425] audit: type=1400 audit(1768926844.984:45): apparmor="DENIED" operation="open" profile="/usr/sbin/tcpdump" name="/proc/sys/kernel/random/boot_id" pid=679 comm="tcpdump" requested_mask="r" denied_mask="r" fsuid=0 ouid=0
[    8.147532] audit: type=1400 audit(1768926845.004:46): apparmor="DENIED" operation="open" profile="/usr/sbin/tcpdump" name="/proc/sys/kernel/random/boot_id" pid=680 comm="tcpdump" requested_mask="r" denied_mask="r" fsuid=0 ouid=0
[    8.147714] audit: type=1400 audit(1768926845.004:47): apparmor="DENIED" operation="open" profile="/usr/sbin/tcpdump" name="/proc/sys/kernel/random/boot_id" pid=680 comm="tcpdump" requested_mask="r" denied_mask="r" fsuid=0 ouid=0
[    8.147753] audit: type=1400 audit(1768926845.004:48): apparmor="DENIED" operation="open" profile="/usr/sbin/tcpdump" name="/proc/sys/kernel/random/boot_id" pid=680 comm="tcpdump" requested_mask="r" denied_mask="r" fsuid=0 ouid=0
[    8.147810] audit: type=1400 audit(1768926845.004:49): apparmor="DENIED" operation="open" profile="/usr/sbin/tcpdump" name="/proc/sys/kernel/random/boot_id" pid=680 comm="tcpdump" requested_mask="r" denied_mask="r" fsuid=0 ouid=0
[   12.570203] rfkill: input handler disabled
[  103.682481] rfkill: input handler enabled
[  112.559268] rfkill: input handler disabled
[  217.563285] AAAAA-TCP_SEND: name:enp0s3: saddr:100932208: daddr:16783984: srtt_us:0: RTT:0: ssthresh:2147483647: cwnd:10: delivered:0: lost:0: retrans:0
[  217.962618] AAAAA-TCP_RECV: name:enp0s3: saddr:16783984: daddr:100932208: srtt_us:0: RTT:0: ssthresh:2147483647: cwnd:10: delivered:0: lost:0: retrans:0
[  217.962657] AAAAA-TCP_SEND: name:enp0s3: saddr:100932208: daddr:16783984: srtt_us:3194880: RTT:399360: ssthresh:2147483647: cwnd:10: delivered:1: lost:0: retrans:0
[  217.963430] AAAAA-TCP_SEND: name:enp0s3: saddr:100932208: daddr:16783984: srtt_us:3194880: RTT:399360: ssthresh:2147483647: cwnd:10: delivered:1: lost:0: retrans:0
[  218.864120] AAAAA-TCP_RECV: name:enp0s3: saddr:16783984: daddr:100932208: srtt_us:3194880: RTT:399360: ssthresh:2147483647: cwnd:10: delivered:1: lost:0: retrans:0
[  219.004085] AAAAA-TCP_RECV: name:enp0s3: saddr:16783984: daddr:100932208: srtt_us:3696236: RTT:462029: ssthresh:2147483647: cwnd:10: delivered:2: lost:0: retrans:0
[  219.004114] AAAAA-TCP_SEND: name:enp0s3: saddr:100932208: daddr:16783984: srtt_us:3696236: RTT:462029: ssthresh:2147483647: cwnd:10: delivered:2: lost:0: retrans:0
[  219.004262] AAAAA-TCP_SEND: name:enp0s3: saddr:100932208: daddr:16783984: srtt_us:3696236: RTT:462029: ssthresh:2147483647: cwnd:10: delivered:2: lost:0: retrans:0
[  219.491002] AAAAA-TCP_RECV: name:enp0s3: saddr:16783984: daddr:100932208: srtt_us:3696236: RTT:462029: ssthresh:2147483647: cwnd:10: delivered:2: lost:0: retrans:0
[  219.491030] AAAAA-TCP_SEND: name:enp0s3: saddr:100932208: daddr:16783984: srtt_us:3720967: RTT:465120: ssthresh:2147483647: cwnd:10: delivered:3: lost:0: retrans:0
[  220.017267] AAAAA-TCP_RECV: name:enp0s3: saddr:16783984: daddr:100932208: srtt_us:3720967: RTT:465120: ssthresh:2147483647: cwnd:10: delivered:3: lost:0: retrans:0
[  220.085307] AAAAA-TCP_RECV: name:enp0s3: saddr:16783984: daddr:100932208: srtt_us:3782107: RTT:472763: ssthresh:2147483647: cwnd:10: delivered:4: lost:0: retrans:0
[  220.085329] AAAAA-TCP_SEND: name:enp0s3: saddr:100932208: daddr:16783984: srtt_us:3782107: RTT:472763: ssthresh:2147483647: cwnd:10: delivered:4: lost:0: retrans:0
[  220.085499] AAAAA-TCP_SEND: name:enp0s3: saddr:100932208: daddr:16783984: srtt_us:0: RTT:0: ssthresh:2147483647: cwnd:10: delivered:0: lost:0: retrans:0
[  220.814984] AAAAA-TCP_RECV: name:enp0s3: saddr:16783984: daddr:100932208: srtt_us:0: RTT:0: ssthresh:2147483647: cwnd:10: delivered:0: lost:0: retrans:0
[  220.815021] AAAAA-TCP_SEND: name:enp0s3: saddr:100932208: daddr:16783984: srtt_us:5836056: RTT:729507: ssthresh:2147483647: cwnd:10: delivered:1: lost:0: retrans:0
[  220.815711] AAAAA-TCP_SEND: name:enp0s3: saddr:100932208: daddr:16783984: srtt_us:5836056: RTT:729507: ssthresh:2147483647: cwnd:10: delivered:1: lost:0: retrans:0
[  221.304668] AAAAA-TCP_RECV: name:enp0s3: saddr:16783984: daddr:100932208: srtt_us:5836056: RTT:729507: ssthresh:2147483647: cwnd:10: delivered:1: lost:0: retrans:0
[  221.403292] AAAAA-TCP_RECV: name:enp0s3: saddr:16783984: daddr:100932208: srtt_us:3782107: RTT:472763: ssthresh:2147483647: cwnd:10: delivered:4: lost:0: retrans:0
[  221.403302] AAAAA-TCP_SEND: name:enp0s3: saddr:100932208: daddr:16783984: srtt_us:3782107: RTT:472763: ssthresh:2147483647: cwnd:10: delivered:4: lost:0: retrans:0
[  221.630517] AAAAA-TCP_RECV: name:enp0s3: saddr:16783984: daddr:100932208: srtt_us:3782107: RTT:472763: ssthresh:2147483647: cwnd:10: delivered:4: lost:0: retrans:0
[  221.630528] AAAAA-TCP_SEND: name:enp0s3: saddr:100932208: daddr:16783984: srtt_us:3782107: RTT:472763: ssthresh:2147483647: cwnd:10: delivered:4: lost:0: retrans:0
[  221.630684] AAAAA-TCP_SEND: name:enp0s3: saddr:100932208: daddr:16783984: srtt_us:5595515: RTT:699439: ssthresh:2147483647: cwnd:10: delivered:2: lost:0: retrans:0
[  221.630808] AAAAA-TCP_SEND: name:enp0s3: saddr:100932208: daddr:16783984: srtt_us:5595515: RTT:699439: ssthresh:2147483647: cwnd:10: delivered:2: lost:0: retrans:0
[  221.630920] AAAAA-TCP_SEND: name:enp0s3: saddr:100932208: daddr:16783984: srtt_us:5595515: RTT:699439: ssthresh:2147483647: cwnd:10: delivered:2: lost:0: retrans:0
[  221.632147] AAAAA-TCP_SEND: name:enp0s3: saddr:100932208: daddr:16783984: srtt_us:5595515: RTT:699439: ssthresh:2147483647: cwnd:10: delivered:2: lost:0: retrans:0
[  221.632268] AAAAA-TCP_SEND: name:enp0s3: saddr:100932208: daddr:16783984: srtt_us:5595515: RTT:699439: ssthresh:2147483647: cwnd:10: delivered:2: lost:0: retrans:0
[  222.302951] AAAAA-TCP_RECV: name:enp0s3: saddr:16783984: daddr:100932208: srtt_us:5595515: RTT:699439: ssthresh:2147483647: cwnd:10: delivered:2: lost:0: retrans:0
[  222.302985] AAAAA-TCP_SEND: name:enp0s3: saddr:100932208: daddr:16783984: srtt_us:5568368: RTT:696046: ssthresh:2147483647: cwnd:11: delivered:3: lost:0: retrans:0
[  222.435458] AAAAA-TCP_RECV: name:enp0s3: saddr:16783984: daddr:100932208: srtt_us:5568368: RTT:696046: ssthresh:2147483647: cwnd:11: delivered:3: lost:0: retrans:0
[  222.435492] AAAAA-TCP_SEND: name:enp0s3: saddr:100932208: daddr:16783984: srtt_us:5677120: RTT:709640: ssthresh:2147483647: cwnd:12: delivered:4: lost:0: retrans:0
[  222.539360] AAAAA-TCP_RECV: name:enp0s3: saddr:16783984: daddr:100932208: srtt_us:5677120: RTT:709640: ssthresh:2147483647: cwnd:12: delivered:4: lost:0: retrans:0
[  222.539393] AAAAA-TCP_SEND: name:enp0s3: saddr:100932208: daddr:16783984: srtt_us:5876052: RTT:734506: ssthresh:2147483647: cwnd:13: delivered:5: lost:0: retrans:0
[  222.604084] AAAAA-TCP_RECV: name:enp0s3: saddr:16783984: daddr:100932208: srtt_us:5876052: RTT:734506: ssthresh:2147483647: cwnd:13: delivered:5: lost:0: retrans:0
[  222.604095] AAAAA-TCP_SEND: name:enp0s3: saddr:100932208: daddr:16783984: srtt_us:6114826: RTT:764353: ssthresh:2147483647: cwnd:14: delivered:6: lost:0: retrans:0
[  222.741820] AAAAA-TCP_RECV: name:enp0s3: saddr:16783984: daddr:100932208: srtt_us:6114826: RTT:764353: ssthresh:2147483647: cwnd:14: delivered:6: lost:0: retrans:0
[  222.741846] AAAAA-TCP_SEND: name:enp0s3: saddr:100932208: daddr:16783984: srtt_us:6461503: RTT:807687: ssthresh:2147483647: cwnd:15: delivered:7: lost:0: retrans:0
[  222.935176] AAAAA-TCP_RECV: name:enp0s3: saddr:16783984: daddr:100932208: srtt_us:6461503: RTT:807687: ssthresh:2147483647: cwnd:15: delivered:7: lost:0: retrans:0
[  222.935199] AAAAA-TCP_SEND: name:enp0s3: saddr:100932208: daddr:16783984: srtt_us:6958201: RTT:869775: ssthresh:2147483647: cwnd:16: delivered:8: lost:0: retrans:0
[  223.102562] AAAAA-TCP_RECV: name:enp0s3: saddr:16783984: daddr:100932208: srtt_us:6958201: RTT:869775: ssthresh:2147483647: cwnd:16: delivered:8: lost:0: retrans:0
[  223.102587] AAAAA-TCP_SEND: name:enp0s3: saddr:100932208: daddr:16783984: srtt_us:7558860: RTT:944857: ssthresh:2147483647: cwnd:17: delivered:9: lost:0: retrans:0
[  223.179608] AAAAA-TCP_RECV: name:enp0s3: saddr:16783984: daddr:100932208: srtt_us:7558860: RTT:944857: ssthresh:2147483647: cwnd:17: delivered:9: lost:0: retrans:0
[  223.179632] AAAAA-TCP_SEND: name:enp0s3: saddr:100932208: daddr:16783984: srtt_us:8161485: RTT:1020185: ssthresh:2147483647: cwnd:18: delivered:10: lost:0: retrans:0
[  223.431732] AAAAA-TCP_RECV: name:enp0s3: saddr:16783984: daddr:100932208: srtt_us:8161485: RTT:1020185: ssthresh:2147483647: cwnd:18: delivered:10: lost:0: retrans:0
[  223.431743] AAAAA-TCP_SEND: name:enp0s3: saddr:100932208: daddr:16783984: srtt_us:8940893: RTT:1117611: ssthresh:2147483647: cwnd:19: delivered:11: lost:0: retrans:0
[  223.532472] AAAAA-TCP_RECV: name:enp0s3: saddr:16783984: daddr:100932208: srtt_us:8940893: RTT:1117611: ssthresh:2147483647: cwnd:19: delivered:11: lost:0: retrans:0
[  223.532495] AAAAA-TCP_SEND: name:enp0s3: saddr:100932208: daddr:16783984: srtt_us:9723627: RTT:1215453: ssthresh:2147483647: cwnd:20: delivered:12: lost:0: retrans:0
[  223.721922] AAAAA-TCP_RECV: name:enp0s3: saddr:16783984: daddr:100932208: srtt_us:9723627: RTT:1215453: ssthresh:2147483647: cwnd:20: delivered:12: lost:0: retrans:0
[  223.721952] AAAAA-TCP_SEND: name:enp0s3: saddr:100932208: daddr:16783984: srtt_us:9927137: RTT:1240892: ssthresh:2147483647: cwnd:21: delivered:13: lost:0: retrans:0
[  223.924665] AAAAA-TCP_RECV: name:enp0s3: saddr:16783984: daddr:100932208: srtt_us:9927137: RTT:1240892: ssthresh:2147483647: cwnd:21: delivered:13: lost:0: retrans:0
[  223.924689] AAAAA-TCP_SEND: name:enp0s3: saddr:100932208: daddr:16783984: srtt_us:10307947: RTT:1288493: ssthresh:2147483647: cwnd:22: delivered:14: lost:0: retrans:0
[  224.019022] AAAAA-TCP_RECV: name:enp0s3: saddr:16783984: daddr:100932208: srtt_us:10307947: RTT:1288493: ssthresh:2147483647: cwnd:22: delivered:14: lost:0: retrans:0
[  224.019043] AAAAA-TCP_SEND: name:enp0s3: saddr:100932208: daddr:16783984: srtt_us:10603007: RTT:1325375: ssthresh:2147483647: cwnd:23: delivered:15: lost:0: retrans:0
[  224.151496] AAAAA-TCP_RECV: name:enp0s3: saddr:16783984: daddr:100932208: srtt_us:10603007: RTT:1325375: ssthresh:2147483647: cwnd:23: delivered:15: lost:0: retrans:0
[  224.151542] AAAAA-TCP_SEND: name:enp0s3: saddr:100932208: daddr:16783984: srtt_us:10993660: RTT:1374207: ssthresh:2147483647: cwnd:24: delivered:16: lost:0: retrans:0
[  224.303240] AAAAA-TCP_RECV: name:enp0s3: saddr:16783984: daddr:100932208: srtt_us:10993660: RTT:1374207: ssthresh:2147483647: cwnd:24: delivered:16: lost:0: retrans:0
[  224.303266] AAAAA-TCP_SEND: name:enp0s3: saddr:100932208: daddr:16783984: srtt_us:11383323: RTT:1422915: ssthresh:24: cwnd:24: delivered:17: lost:0: retrans:0
[  224.428587] AAAAA-TCP_RECV: name:enp0s3: saddr:16783984: daddr:100932208: srtt_us:11383323: RTT:1422915: ssthresh:24: cwnd:24: delivered:17: lost:0: retrans:0
[  224.428609] AAAAA-TCP_SEND: name:enp0s3: saddr:100932208: daddr:16783984: srtt_us:11849625: RTT:1481203: ssthresh:24: cwnd:24: delivered:18: lost:0: retrans:0
[  224.489289] AAAAA-TCP_RECV: name:enp0s3: saddr:16783984: daddr:100932208: srtt_us:11849625: RTT:1481203: ssthresh:24: cwnd:24: delivered:18: lost:0: retrans:0
[  224.489311] AAAAA-TCP_SEND: name:enp0s3: saddr:100932208: daddr:16783984: srtt_us:12253634: RTT:1531704: ssthresh:24: cwnd:24: delivered:20: lost:0: retrans:0
[  224.571792] AAAAA-TCP_RECV: name:enp0s3: saddr:16783984: daddr:100932208: srtt_us:12253634: RTT:1531704: ssthresh:24: cwnd:24: delivered:20: lost:0: retrans:0
[  224.571813] AAAAA-TCP_SEND: name:enp0s3: saddr:100932208: daddr:16783984: srtt_us:12551896: RTT:1568987: ssthresh:24: cwnd:24: delivered:22: lost:0: retrans:0
[  224.800276] AAAAA-TCP_RECV: name:enp0s3: saddr:16783984: daddr:100932208: srtt_us:12551896: RTT:1568987: ssthresh:24: cwnd:24: delivered:22: lost:0: retrans:0
[  224.800291] AAAAA-TCP_SEND: name:enp0s3: saddr:100932208: daddr:16783984: srtt_us:12847993: RTT:1605999: ssthresh:24: cwnd:24: delivered:24: lost:0: retrans:0
[  224.932564] AAAAA-TCP_RECV: name:enp0s3: saddr:16783984: daddr:100932208: srtt_us:12847993: RTT:1605999: ssthresh:24: cwnd:24: delivered:24: lost:0: retrans:0
[  224.932594] AAAAA-TCP_SEND: name:enp0s3: saddr:100932208: daddr:16783984: srtt_us:13071993: RTT:1633999: ssthresh:24: cwnd:24: delivered:26: lost:0: retrans:0
[  225.067970] AAAAA-TCP_RECV: name:enp0s3: saddr:16783984: daddr:100932208: srtt_us:13071993: RTT:1633999: ssthresh:24: cwnd:24: delivered:26: lost:0: retrans:0
[  225.067994] AAAAA-TCP_SEND: name:enp0s3: saddr:100932208: daddr:16783984: srtt_us:13326351: RTT:1665793: ssthresh:24: cwnd:24: delivered:28: lost:0: retrans:0
[  225.113834] AAAAA-TCP_RECV: name:enp0s3: saddr:16783984: daddr:100932208: srtt_us:13326351: RTT:1665793: ssthresh:24: cwnd:24: delivered:28: lost:0: retrans:0
[  225.113854] AAAAA-TCP_SEND: name:enp0s3: saddr:100932208: daddr:16783984: srtt_us:13342666: RTT:1667833: ssthresh:24: cwnd:24: delivered:30: lost:0: retrans:0
[  225.258430] AAAAA-TCP_RECV: name:enp0s3: saddr:16783984: daddr:100932208: srtt_us:13342666: RTT:1667833: ssthresh:24: cwnd:24: delivered:30: lost:0: retrans:0
[  225.258458] AAAAA-TCP_SEND: name:enp0s3: saddr:100932208: daddr:16783984: srtt_us:13400789: RTT:1675098: ssthresh:24: cwnd:24: delivered:32: lost:0: retrans:0
[  225.529643] AAAAA-TCP_RECV: name:enp0s3: saddr:16783984: daddr:100932208: srtt_us:13400789: RTT:1675098: ssthresh:24: cwnd:24: delivered:32: lost:0: retrans:0
[  225.529678] AAAAA-TCP_SEND: name:enp0s3: saddr:100932208: daddr:16783984: srtt_us:13533406: RTT:1691675: ssthresh:24: cwnd:25: delivered:34: lost:0: retrans:0
[  225.586485] AAAAA-TCP_RECV: name:enp0s3: saddr:16783984: daddr:100932208: srtt_us:13533406: RTT:1691675: ssthresh:24: cwnd:25: delivered:34: lost:0: retrans:0
[  225.586537] AAAAA-TCP_SEND: name:enp0s3: saddr:100932208: daddr:16783984: srtt_us:13503550: RTT:1687943: ssthresh:24: cwnd:25: delivered:36: lost:0: retrans:0
[  225.717918] AAAAA-TCP_RECV: name:enp0s3: saddr:16783984: daddr:100932208: srtt_us:13503550: RTT:1687943: ssthresh:24: cwnd:25: delivered:36: lost:0: retrans:0
[  225.717945] AAAAA-TCP_SEND: name:enp0s3: saddr:100932208: daddr:16783984: srtt_us:13514502: RTT:1689312: ssthresh:24: cwnd:25: delivered:38: lost:0: retrans:0
[  225.861898] AAAAA-TCP_RECV: name:enp0s3: saddr:16783984: daddr:100932208: srtt_us:13514502: RTT:1689312: ssthresh:24: cwnd:25: delivered:38: lost:0: retrans:0
[  225.861920] AAAAA-TCP_SEND: name:enp0s3: saddr:100932208: daddr:16783984: srtt_us:13535587: RTT:1691948: ssthresh:24: cwnd:25: delivered:40: lost:0: retrans:0
[  226.104799] AAAAA-TCP_RECV: name:enp0s3: saddr:16783984: daddr:100932208: srtt_us:13535587: RTT:1691948: ssthresh:24: cwnd:25: delivered:40: lost:0: retrans:0
[  226.104826] AAAAA-TCP_SEND: name:enp0s3: saddr:100932208: daddr:16783984: srtt_us:13645194: RTT:1705649: ssthresh:24: cwnd:26: delivered:42: lost:0: retrans:0
[  226.105389] AAAAA-TCP_SEND: name:enp0s3: saddr:100932208: daddr:16783984: srtt_us:13645194: RTT:1705649: ssthresh:24: cwnd:26: delivered:42: lost:0: retrans:0
[  226.279399] AAAAA-TCP_RECV: name:enp0s3: saddr:16783984: daddr:100932208: srtt_us:13645194: RTT:1705649: ssthresh:24: cwnd:26: delivered:42: lost:0: retrans:0
[  226.279421] AAAAA-TCP_SEND: name:enp0s3: saddr:100932208: daddr:16783984: srtt_us:13729650: RTT:1716206: ssthresh:24: cwnd:26: delivered:43: lost:0: retrans:0
[  226.311903] AAAAA-TCP_RECV: name:enp0s3: saddr:16783984: daddr:100932208: srtt_us:13729650: RTT:1716206: ssthresh:24: cwnd:26: delivered:43: lost:0: retrans:0
[  226.311923] AAAAA-TCP_SEND: name:enp0s3: saddr:100932208: daddr:16783984: srtt_us:13836053: RTT:1729506: ssthresh:24: cwnd:26: delivered:44: lost:0: retrans:0
[  226.388727] AAAAA-TCP_RECV: name:enp0s3: saddr:16783984: daddr:100932208: srtt_us:13836053: RTT:1729506: ssthresh:24: cwnd:26: delivered:44: lost:0: retrans:0
[  226.388746] AAAAA-TCP_SEND: name:enp0s3: saddr:100932208: daddr:16783984: srtt_us:13923477: RTT:1740434: ssthresh:24: cwnd:26: delivered:45: lost:0: retrans:0
[  226.518473] AAAAA-TCP_RECV: name:enp0s3: saddr:16783984: daddr:100932208: srtt_us:13923477: RTT:1740434: ssthresh:24: cwnd:26: delivered:45: lost:0: retrans:0
[  226.518495] AAAAA-TCP_SEND: name:enp0s3: saddr:100932208: daddr:16783984: srtt_us:14129719: RTT:1766214: ssthresh:24: cwnd:27: delivered:46: lost:0: retrans:0
[  226.555757] AAAAA-TCP_RECV: name:enp0s3: saddr:16783984: daddr:100932208: srtt_us:14129719: RTT:1766214: ssthresh:24: cwnd:27: delivered:46: lost:0: retrans:0
[  226.555779] AAAAA-TCP_SEND: name:enp0s3: saddr:100932208: daddr:16783984: srtt_us:14118992: RTT:1764874: ssthresh:24: cwnd:27: delivered:47: lost:0: retrans:0
[  226.730549] AAAAA-TCP_RECV: name:enp0s3: saddr:16783984: daddr:100932208: srtt_us:14118992: RTT:1764874: ssthresh:24: cwnd:27: delivered:47: lost:0: retrans:0
[  226.730580] AAAAA-TCP_SEND: name:enp0s3: saddr:100932208: daddr:16783984: srtt_us:14284399: RTT:1785549: ssthresh:24: cwnd:27: delivered:48: lost:0: retrans:0
[  226.840393] AAAAA-TCP_RECV: name:enp0s3: saddr:16783984: daddr:100932208: srtt_us:14284399: RTT:1785549: ssthresh:24: cwnd:27: delivered:48: lost:0: retrans:0
[  226.840414] AAAAA-TCP_SEND: name:enp0s3: saddr:100932208: daddr:16783984: srtt_us:14406668: RTT:1800833: ssthresh:24: cwnd:28: delivered:49: lost:0: retrans:0
[  226.880903] AAAAA-TCP_RECV: name:enp0s3: saddr:16783984: daddr:100932208: srtt_us:14406668: RTT:1800833: ssthresh:24: cwnd:28: delivered:49: lost:0: retrans:0
[  226.966736] AAAAA-TCP_RECV: name:enp0s3: saddr:16783984: daddr:100932208: srtt_us:14554162: RTT:1819270: ssthresh:24: cwnd:28: delivered:50: lost:0: retrans:0
[  227.021607] AAAAA-TCP_RECV: name:enp0s3: saddr:16783984: daddr:100932208: srtt_us:14633651: RTT:1829206: ssthresh:24: cwnd:29: delivered:51: lost:0: retrans:0
[  227.163019] AAAAA-TCP_RECV: name:enp0s3: saddr:16783984: daddr:100932208: srtt_us:14758075: RTT:1844759: ssthresh:24: cwnd:29: delivered:52: lost:0: retrans:0
[  227.236164] AAAAA-TCP_RECV: name:enp0s3: saddr:16783984: daddr:100932208: srtt_us:14962498: RTT:1870312: ssthresh:24: cwnd:29: delivered:53: lost:0: retrans:0
[  227.268971] AAAAA-TCP_RECV: name:enp0s3: saddr:16783984: daddr:100932208: srtt_us:15214513: RTT:1901814: ssthresh:24: cwnd:30: delivered:54: lost:0: retrans:0
[  227.406021] AAAAA-TCP_RECV: name:enp0s3: saddr:16783984: daddr:100932208: srtt_us:15323230: RTT:1915403: ssthresh:24: cwnd:30: delivered:55: lost:0: retrans:0
[  227.511136] AAAAA-TCP_RECV: name:enp0s3: saddr:16783984: daddr:100932208: srtt_us:15555409: RTT:1944426: ssthresh:24: cwnd:31: delivered:56: lost:0: retrans:0
[  227.586879] AAAAA-TCP_RECV: name:enp0s3: saddr:16783984: daddr:100932208: srtt_us:15592465: RTT:1949058: ssthresh:24: cwnd:32: delivered:57: lost:0: retrans:0
[  227.629048] AAAAA-TCP_RECV: name:enp0s3: saddr:16783984: daddr:100932208: srtt_us:15700631: RTT:1962578: ssthresh:24: cwnd:32: delivered:58: lost:0: retrans:0
[  227.651109] AAAAA-TCP_RECV: name:enp0s3: saddr:16783984: daddr:100932208: srtt_us:15780583: RTT:1972572: ssthresh:24: cwnd:33: delivered:59: lost:0: retrans:0
[  227.680370] AAAAA-TCP_RECV: name:enp0s3: saddr:16783984: daddr:100932208: srtt_us:15872603: RTT:1984075: ssthresh:24: cwnd:33: delivered:60: lost:0: retrans:0
[  227.719756] AAAAA-TCP_RECV: name:enp0s3: saddr:16783984: daddr:100932208: srtt_us:15850972: RTT:1981371: ssthresh:24: cwnd:34: delivered:61: lost:0: retrans:0
[  227.769980] AAAAA-TCP_RECV: name:enp0s3: saddr:16783984: daddr:100932208: srtt_us:15871430: RTT:1983928: ssthresh:24: cwnd:34: delivered:62: lost:0: retrans:0
[  227.805211] AAAAA-TCP_RECV: name:enp0s3: saddr:16783984: daddr:100932208: srtt_us:15795569: RTT:1974446: ssthresh:24: cwnd:35: delivered:63: lost:0: retrans:0
[  227.837825] AAAAA-TCP_RECV: name:enp0s3: saddr:16783984: daddr:100932208: srtt_us:15764420: RTT:1970552: ssthresh:24: cwnd:35: delivered:64: lost:0: retrans:0
[  227.880067] AAAAA-TCP_RECV: name:enp0s3: saddr:16783984: daddr:100932208: srtt_us:15526887: RTT:1940860: ssthresh:24: cwnd:36: delivered:65: lost:0: retrans:0
[  227.906805] AAAAA-TCP_RECV: name:enp0s3: saddr:16783984: daddr:100932208: srtt_us:15361287: RTT:1920160: ssthresh:24: cwnd:36: delivered:66: lost:0: retrans:0
[  227.942488] AAAAA-TCP_RECV: name:enp0s3: saddr:16783984: daddr:100932208: srtt_us:15242559: RTT:1905319: ssthresh:24: cwnd:37: delivered:67: lost:0: retrans:0
[  227.965549] AAAAA-TCP_RECV: name:enp0s3: saddr:16783984: daddr:100932208: srtt_us:15174355: RTT:1896794: ssthresh:24: cwnd:37: delivered:68: lost:0: retrans:0
[  228.006186] AAAAA-TCP_RECV: name:enp0s3: saddr:16783984: daddr:100932208: srtt_us:14963696: RTT:1870462: ssthresh:24: cwnd:38: delivered:69: lost:0: retrans:0
[  228.039537] AAAAA-TCP_RECV: name:enp0s3: saddr:16783984: daddr:100932208: srtt_us:14787513: RTT:1848439: ssthresh:24: cwnd:38: delivered:70: lost:0: retrans:0
[  228.082333] AAAAA-TCP_RECV: name:enp0s3: saddr:16783984: daddr:100932208: srtt_us:14589881: RTT:1823735: ssthresh:24: cwnd:39: delivered:71: lost:0: retrans:0
[  228.127345] AAAAA-TCP_RECV: name:enp0s3: saddr:16783984: daddr:100932208: srtt_us:14330016: RTT:1791252: ssthresh:24: cwnd:39: delivered:72: lost:0: retrans:0
[  228.162029] AAAAA-TCP_RECV: name:enp0s3: saddr:16783984: daddr:100932208: srtt_us:14147631: RTT:1768453: ssthresh:24: cwnd:40: delivered:73: lost:0: retrans:0
[  228.188114] AAAAA-TCP_RECV: name:enp0s3: saddr:16783984: daddr:100932208: srtt_us:13985445: RTT:1748180: ssthresh:24: cwnd:40: delivered:74: lost:0: retrans:0
[  228.209403] AAAAA-TCP_RECV: name:enp0s3: saddr:16783984: daddr:100932208: srtt_us:13694819: RTT:1711852: ssthresh:24: cwnd:41: delivered:75: lost:0: retrans:0
[  248.191562] AAAAA-TCP_SEND: name:enp0s3: saddr:100932208: daddr:16783984: srtt_us:13351971: RTT:1668996: ssthresh:30: cwnd:10: delivered:76: lost:0: retrans:0
[  248.191660] AAAAA-TCP_SEND: name:enp0s3: saddr:100932208: daddr:16783984: srtt_us:13351971: RTT:1668996: ssthresh:30: cwnd:10: delivered:76: lost:0: retrans:0
[  248.191729] AAAAA-TCP_SEND: name:enp0s3: saddr:100932208: daddr:16783984: srtt_us:13351971: RTT:1668996: ssthresh:30: cwnd:10: delivered:76: lost:0: retrans:0
[  248.191826] AAAAA-TCP_SEND: name:enp0s3: saddr:100932208: daddr:16783984: srtt_us:13351971: RTT:1668996: ssthresh:30: cwnd:10: delivered:76: lost:0: retrans:0
[  248.191913] AAAAA-TCP_SEND: name:enp0s3: saddr:100932208: daddr:16783984: srtt_us:13351971: RTT:1668996: ssthresh:30: cwnd:10: delivered:76: lost:0: retrans:0
[  251.667128] AAAAA-TCP_RECV: name:enp0s3: saddr:16783984: daddr:100932208: srtt_us:13351971: RTT:1668996: ssthresh:30: cwnd:10: delivered:76: lost:0: retrans:0
[  251.667176] AAAAA-TCP_SEND: name:enp0s3: saddr:100932208: daddr:16783984: srtt_us:15158580: RTT:1894822: ssthresh:30: cwnd:11: delivered:77: lost:0: retrans:0
[  251.963736] AAAAA-TCP_RECV: name:enp0s3: saddr:16783984: daddr:100932208: srtt_us:15158580: RTT:1894822: ssthresh:30: cwnd:11: delivered:77: lost:0: retrans:0
[  251.963766] AAAAA-TCP_SEND: name:enp0s3: saddr:100932208: daddr:16783984: srtt_us:17035967: RTT:2129495: ssthresh:30: cwnd:12: delivered:78: lost:0: retrans:0
[  252.061157] AAAAA-TCP_RECV: name:enp0s3: saddr:16783984: daddr:100932208: srtt_us:17035967: RTT:2129495: ssthresh:30: cwnd:12: delivered:78: lost:0: retrans:0
[  252.061183] AAAAA-TCP_SEND: name:enp0s3: saddr:100932208: daddr:16783984: srtt_us:18775987: RTT:2346998: ssthresh:30: cwnd:13: delivered:79: lost:0: retrans:0
[  252.639941] AAAAA-TCP_RECV: name:enp0s3: saddr:16783984: daddr:100932208: srtt_us:18775987: RTT:2346998: ssthresh:30: cwnd:13: delivered:79: lost:0: retrans:0
[  252.639982] AAAAA-TCP_SEND: name:enp0s3: saddr:100932208: daddr:16783984: srtt_us:20877293: RTT:2609661: ssthresh:30: cwnd:14: delivered:80: lost:0: retrans:0
[  253.073066] AAAAA-TCP_RECV: name:enp0s3: saddr:16783984: daddr:100932208: srtt_us:20877293: RTT:2609661: ssthresh:30: cwnd:14: delivered:80: lost:0: retrans:0
[  253.073096] AAAAA-TCP_SEND: name:enp0s3: saddr:100932208: daddr:16783984: srtt_us:23148986: RTT:2893623: ssthresh:30: cwnd:15: delivered:81: lost:0: retrans:0
[  253.150283] AAAAA-TCP_RECV: name:enp0s3: saddr:16783984: daddr:100932208: srtt_us:23148986: RTT:2893623: ssthresh:30: cwnd:15: delivered:81: lost:0: retrans:0
[  253.150306] AAAAA-TCP_SEND: name:enp0s3: saddr:100932208: daddr:16783984: srtt_us:25213933: RTT:3151741: ssthresh:30: cwnd:16: delivered:82: lost:0: retrans:0
[  253.473895] AAAAA-TCP_RECV: name:enp0s3: saddr:16783984: daddr:100932208: srtt_us:25213933: RTT:3151741: ssthresh:30: cwnd:16: delivered:82: lost:0: retrans:0
[  253.473915] AAAAA-TCP_SEND: name:enp0s3: saddr:100932208: daddr:16783984: srtt_us:27344266: RTT:3418033: ssthresh:30: cwnd:17: delivered:83: lost:0: retrans:0
[  253.790241] AAAAA-TCP_RECV: name:enp0s3: saddr:16783984: daddr:100932208: srtt_us:27344266: RTT:3418033: ssthresh:30: cwnd:17: delivered:83: lost:0: retrans:0
[  253.790271] AAAAA-TCP_SEND: name:enp0s3: saddr:100932208: daddr:16783984: srtt_us:29524666: RTT:3690583: ssthresh:30: cwnd:18: delivered:84: lost:0: retrans:0
[  253.862049] AAAAA-TCP_RECV: name:enp0s3: saddr:16783984: daddr:100932208: srtt_us:29524666: RTT:3690583: ssthresh:30: cwnd:18: delivered:84: lost:0: retrans:0
[  253.862071] AAAAA-TCP_SEND: name:enp0s3: saddr:100932208: daddr:16783984: srtt_us:31504234: RTT:3938029: ssthresh:30: cwnd:19: delivered:85: lost:0: retrans:0
[  254.243072] AAAAA-TCP_RECV: name:enp0s3: saddr:16783984: daddr:100932208: srtt_us:31504234: RTT:3938029: ssthresh:30: cwnd:19: delivered:85: lost:0: retrans:0
[  254.243118] AAAAA-TCP_SEND: name:enp0s3: saddr:100932208: daddr:16783984: srtt_us:33617398: RTT:4202174: ssthresh:30: cwnd:20: delivered:86: lost:0: retrans:0
[  262.767040] AAAAA-TCP_SEND: name:enp0s3: saddr:100932208: daddr:16783984: srtt_us:33617398: RTT:4202174: ssthresh:30: cwnd:20: delivered:86: lost:0: retrans:0
[  275.055041] AAAAA-TCP_SEND: name:enp0s3: saddr:100932208: daddr:16783984: srtt_us:33617398: RTT:4202174: ssthresh:14: cwnd:1: delivered:86: lost:21: retrans:1
[  279.274681] AAAAA-TCP_RECV: name:enp0s3: saddr:16783984: daddr:100932208: srtt_us:33617398: RTT:4202174: ssthresh:14: cwnd:1: delivered:86: lost:21: retrans:1
[  279.274744] AAAAA-TCP_SEND: name:enp0s3: saddr:100932208: daddr:16783984: srtt_us:56049955: RTT:7006244: ssthresh:30: cwnd:29: delivered:95: lost:21: retrans:1
[  279.275210] AAAAA-TCP_SEND: name:enp0s3: saddr:100932208: daddr:16783984: srtt_us:56049955: RTT:7006244: ssthresh:30: cwnd:29: delivered:95: lost:21: retrans:1
[  279.275299] AAAAA-TCP_SEND: name:enp0s3: saddr:100932208: daddr:16783984: srtt_us:56049955: RTT:7006244: ssthresh:30: cwnd:29: delivered:95: lost:21: retrans:1
[  279.275389] AAAAA-TCP_SEND: name:enp0s3: saddr:100932208: daddr:16783984: srtt_us:56049955: RTT:7006244: ssthresh:30: cwnd:29: delivered:95: lost:21: retrans:1
[  279.275473] AAAAA-TCP_SEND: name:enp0s3: saddr:100932208: daddr:16783984: srtt_us:56049955: RTT:7006244: ssthresh:30: cwnd:29: delivered:95: lost:21: retrans:1
[  279.275612] AAAAA-TCP_SEND: name:enp0s3: saddr:100932208: daddr:16783984: srtt_us:56049955: RTT:7006244: ssthresh:30: cwnd:29: delivered:95: lost:21: retrans:1
[  279.275700] AAAAA-TCP_SEND: name:enp0s3: saddr:100932208: daddr:16783984: srtt_us:56049955: RTT:7006244: ssthresh:30: cwnd:29: delivered:95: lost:21: retrans:1
[  279.275777] AAAAA-TCP_SEND: name:enp0s3: saddr:100932208: daddr:16783984: srtt_us:56049955: RTT:7006244: ssthresh:30: cwnd:29: delivered:95: lost:21: retrans:1
[  280.399040] AAAAA-TCP_SEND: name:enp0s3: saddr:100932208: daddr:16783984: srtt_us:56049955: RTT:7006244: ssthresh:20: cwnd:27: delivered:95: lost:24: retrans:2
[  282.173141] AAAAA-TCP_RECV: name:enp0s3: saddr:16783984: daddr:100932208: srtt_us:56049955: RTT:7006244: ssthresh:20: cwnd:27: delivered:95: lost:24: retrans:2
[  282.180252] AAAAA-TCP_SEND: name:enp0s3: saddr:100932208: daddr:16783984: srtt_us:51942142: RTT:6492767: ssthresh:20: cwnd:17: delivered:96: lost:34: retrans:3
[  282.370080] AAAAA-TCP_RECV: name:enp0s3: saddr:16783984: daddr:100932208: srtt_us:51942142: RTT:6492767: ssthresh:20: cwnd:17: delivered:96: lost:34: retrans:3
[  282.370121] AAAAA-TCP_SEND: name:enp0s3: saddr:100932208: daddr:16783984: srtt_us:48544753: RTT:6068094: ssthresh:20: cwnd:17: delivered:97: lost:34: retrans:4
[  282.491772] AAAAA-TCP_RECV: name:enp0s3: saddr:16783984: daddr:100932208: srtt_us:48544753: RTT:6068094: ssthresh:20: cwnd:17: delivered:97: lost:34: retrans:4
[  282.491819] AAAAA-TCP_SEND: name:enp0s3: saddr:100932208: daddr:16783984: srtt_us:71106382: RTT:8888297: ssthresh:20: cwnd:20: delivered:116: lost:34: retrans:5
[  282.491848] AAAAA-TCP_SEND: name:enp0s3: saddr:100932208: daddr:16783984: srtt_us:71106382: RTT:8888297: ssthresh:20: cwnd:20: delivered:116: lost:34: retrans:7
[  282.491909] AAAAA-TCP_SEND: name:enp0s3: saddr:100932208: daddr:16783984: srtt_us:71106382: RTT:8888297: ssthresh:20: cwnd:20: delivered:116: lost:34: retrans:9
[  282.492882] AAAAA-TCP_SEND: name:enp0s3: saddr:100932208: daddr:16783984: srtt_us:71106382: RTT:8888297: ssthresh:20: cwnd:20: delivered:116: lost:34: retrans:10
[  282.492902] AAAAA-TCP_SEND: name:enp0s3: saddr:100932208: daddr:16783984: srtt_us:71106382: RTT:8888297: ssthresh:20: cwnd:20: delivered:116: lost:34: retrans:11
[  282.492979] AAAAA-TCP_SEND: name:enp0s3: saddr:100932208: daddr:16783984: srtt_us:71106382: RTT:8888297: ssthresh:20: cwnd:20: delivered:116: lost:34: retrans:11
[  282.493086] AAAAA-TCP_SEND: name:enp0s3: saddr:100932208: daddr:16783984: srtt_us:71106382: RTT:8888297: ssthresh:20: cwnd:20: delivered:116: lost:34: retrans:11
[  282.493183] AAAAA-TCP_SEND: name:enp0s3: saddr:100932208: daddr:16783984: srtt_us:71106382: RTT:8888297: ssthresh:20: cwnd:20: delivered:116: lost:34: retrans:11
[  282.493273] AAAAA-TCP_SEND: name:enp0s3: saddr:100932208: daddr:16783984: srtt_us:71106382: RTT:8888297: ssthresh:20: cwnd:20: delivered:116: lost:34: retrans:11
[  282.493362] AAAAA-TCP_SEND: name:enp0s3: saddr:100932208: daddr:16783984: srtt_us:71106382: RTT:8888297: ssthresh:20: cwnd:20: delivered:116: lost:34: retrans:11
[  282.493450] AAAAA-TCP_SEND: name:enp0s3: saddr:100932208: daddr:16783984: srtt_us:71106382: RTT:8888297: ssthresh:20: cwnd:20: delivered:116: lost:34: retrans:11
[  282.591648] AAAAA-TCP_RECV: name:enp0s3: saddr:16783984: daddr:100932208: srtt_us:71106382: RTT:8888297: ssthresh:20: cwnd:20: delivered:116: lost:34: retrans:11
[  282.591667] AAAAA-TCP_SEND: name:enp0s3: saddr:100932208: daddr:16783984: srtt_us:71106382: RTT:8888297: ssthresh:20: cwnd:20: delivered:116: lost:34: retrans:11
[  282.800958] AAAAA-TCP_RECV: name:enp0s3: saddr:16783984: daddr:100932208: srtt_us:71106382: RTT:8888297: ssthresh:20: cwnd:20: delivered:116: lost:34: retrans:11
[  282.893814] AAAAA-TCP_RECV: name:enp0s3: saddr:16783984: daddr:100932208: srtt_us:71106382: RTT:8888297: ssthresh:20: cwnd:20: delivered:116: lost:34: retrans:11
[  282.997395] AAAAA-TCP_RECV: name:enp0s3: saddr:16783984: daddr:100932208: srtt_us:71106382: RTT:8888297: ssthresh:20: cwnd:20: delivered:116: lost:34: retrans:11
[  283.303228] AAAAA-TCP_RECV: name:enp0s3: saddr:16783984: daddr:100932208: srtt_us:71106382: RTT:8888297: ssthresh:20: cwnd:20: delivered:116: lost:34: retrans:11
[  283.303240] AAAAA-TCP_SEND: name:enp0s3: saddr:100932208: daddr:16783984: srtt_us:71106382: RTT:8888297: ssthresh:20: cwnd:20: delivered:116: lost:34: retrans:11
[  283.396056] AAAAA-TCP_RECV: name:enp0s3: saddr:16783984: daddr:100932208: srtt_us:71106382: RTT:8888297: ssthresh:20: cwnd:20: delivered:116: lost:34: retrans:11
[  283.470118] AAAAA-TCP_RECV: name:enp0s3: saddr:16783984: daddr:100932208: srtt_us:71106382: RTT:8888297: ssthresh:20: cwnd:20: delivered:116: lost:34: retrans:11
[  283.542438] AAAAA-TCP_RECV: name:enp0s3: saddr:16783984: daddr:100932208: srtt_us:71106382: RTT:8888297: ssthresh:20: cwnd:20: delivered:116: lost:34: retrans:11
[  283.542475] AAAAA-TCP_SEND: name:enp0s3: saddr:100932208: daddr:16783984: srtt_us:63390085: RTT:7923760: ssthresh:20: cwnd:20: delivered:117: lost:34: retrans:11
[  283.605322] AAAAA-TCP_RECV: name:enp0s3: saddr:16783984: daddr:100932208: srtt_us:63390085: RTT:7923760: ssthresh:20: cwnd:20: delivered:117: lost:34: retrans:11
[  283.789557] AAAAA-TCP_RECV: name:enp0s3: saddr:16783984: daddr:100932208: srtt_us:63390085: RTT:7923760: ssthresh:20: cwnd:20: delivered:117: lost:34: retrans:11
[  283.862310] AAAAA-TCP_RECV: name:enp0s3: saddr:16783984: daddr:100932208: srtt_us:63390085: RTT:7923760: ssthresh:20: cwnd:20: delivered:117: lost:34: retrans:11
[  283.862332] AAAAA-TCP_SEND: name:enp0s3: saddr:100932208: daddr:16783984: srtt_us:63390085: RTT:7923760: ssthresh:20: cwnd:20: delivered:117: lost:34: retrans:11
[  283.987637] AAAAA-TCP_RECV: name:enp0s3: saddr:16783984: daddr:100932208: srtt_us:63390085: RTT:7923760: ssthresh:20: cwnd:20: delivered:117: lost:34: retrans:11
[  284.103699] AAAAA-TCP_RECV: name:enp0s3: saddr:16783984: daddr:100932208: srtt_us:63390085: RTT:7923760: ssthresh:20: cwnd:20: delivered:117: lost:34: retrans:11
[  284.103731] AAAAA-TCP_SEND: name:enp0s3: saddr:100932208: daddr:16783984: srtt_us:57078325: RTT:7134790: ssthresh:20: cwnd:20: delivered:118: lost:34: retrans:11
[  284.118544] AAAAA-TCP_RECV: name:enp0s3: saddr:16783984: daddr:100932208: srtt_us:57078325: RTT:7134790: ssthresh:20: cwnd:20: delivered:118: lost:34: retrans:11
[  284.288557] AAAAA-TCP_RECV: name:enp0s3: saddr:16783984: daddr:100932208: srtt_us:57078325: RTT:7134790: ssthresh:20: cwnd:20: delivered:118: lost:34: retrans:11
[  284.288583] AAAAA-TCP_SEND: name:enp0s3: saddr:100932208: daddr:16783984: srtt_us:51740535: RTT:6467566: ssthresh:20: cwnd:20: delivered:122: lost:34: retrans:11
[  284.289115] AAAAA-TCP_SEND: name:enp0s3: saddr:100932208: daddr:16783984: srtt_us:51740535: RTT:6467566: ssthresh:20: cwnd:20: delivered:122: lost:34: retrans:11
[  284.389533] AAAAA-TCP_RECV: name:enp0s3: saddr:16783984: daddr:100932208: srtt_us:51740535: RTT:6467566: ssthresh:20: cwnd:20: delivered:122: lost:34: retrans:11
[  284.555989] AAAAA-TCP_RECV: name:enp0s3: saddr:16783984: daddr:100932208: srtt_us:51740535: RTT:6467566: ssthresh:20: cwnd:20: delivered:123: lost:34: retrans:11
[  284.667809] AAAAA-TCP_RECV: name:enp0s3: saddr:16783984: daddr:100932208: srtt_us:51740535: RTT:6467566: ssthresh:20: cwnd:20: delivered:124: lost:34: retrans:11
[  284.667848] AAAAA-TCP_SEND: name:enp0s3: saddr:100932208: daddr:16783984: srtt_us:51740535: RTT:6467566: ssthresh:20: cwnd:20: delivered:124: lost:34: retrans:11
[  284.733138] AAAAA-TCP_RECV: name:enp0s3: saddr:16783984: daddr:100932208: srtt_us:51740535: RTT:6467566: ssthresh:20: cwnd:20: delivered:124: lost:34: retrans:11
[  284.795757] AAAAA-TCP_RECV: name:enp0s3: saddr:16783984: daddr:100932208: srtt_us:51740535: RTT:6467566: ssthresh:20: cwnd:20: delivered:124: lost:34: retrans:11
[  284.815581] AAAAA-TCP_RECV: name:enp0s3: saddr:16783984: daddr:100932208: srtt_us:51740535: RTT:6467566: ssthresh:20: cwnd:20: delivered:124: lost:34: retrans:11
[  284.901991] AAAAA-TCP_RECV: name:enp0s3: saddr:16783984: daddr:100932208: srtt_us:51740535: RTT:6467566: ssthresh:20: cwnd:20: delivered:125: lost:34: retrans:11
[  284.902038] AAAAA-TCP_SEND: name:enp0s3: saddr:100932208: daddr:16783984: srtt_us:47682969: RTT:5960371: ssthresh:20: cwnd:20: delivered:126: lost:34: retrans:11
[  284.961060] AAAAA-TCP_RECV: name:enp0s3: saddr:16783984: daddr:100932208: srtt_us:47682969: RTT:5960371: ssthresh:20: cwnd:20: delivered:126: lost:34: retrans:11
[  284.961094] AAAAA-TCP_SEND: name:enp0s3: saddr:100932208: daddr:16783984: srtt_us:44191598: RTT:5523949: ssthresh:20: cwnd:20: delivered:127: lost:34: retrans:11
[  285.048373] AAAAA-TCP_RECV: name:enp0s3: saddr:16783984: daddr:100932208: srtt_us:44191598: RTT:5523949: ssthresh:20: cwnd:20: delivered:127: lost:34: retrans:11
[  285.048404] AAAAA-TCP_SEND: name:enp0s3: saddr:100932208: daddr:16783984: srtt_us:41223063: RTT:5152882: ssthresh:20: cwnd:21: delivered:128: lost:34: retrans:11
[  285.219539] AAAAA-TCP_RECV: name:enp0s3: saddr:16783984: daddr:100932208: srtt_us:41223063: RTT:5152882: ssthresh:20: cwnd:21: delivered:128: lost:34: retrans:11
[  285.219579] AAAAA-TCP_SEND: name:enp0s3: saddr:100932208: daddr:16783984: srtt_us:38796765: RTT:4849595: ssthresh:20: cwnd:21: delivered:129: lost:34: retrans:11
[  285.490980] AAAAA-TCP_RECV: name:enp0s3: saddr:16783984: daddr:100932208: srtt_us:38796765: RTT:4849595: ssthresh:20: cwnd:21: delivered:129: lost:34: retrans:11
[  285.491023] AAAAA-TCP_SEND: name:enp0s3: saddr:100932208: daddr:16783984: srtt_us:36945089: RTT:4618136: ssthresh:20: cwnd:22: delivered:130: lost:34: retrans:11
[  285.603299] AAAAA-TCP_RECV: name:enp0s3: saddr:16783984: daddr:100932208: srtt_us:36945089: RTT:4618136: ssthresh:20: cwnd:22: delivered:130: lost:34: retrans:11
[  285.603348] AAAAA-TCP_SEND: name:enp0s3: saddr:100932208: daddr:16783984: srtt_us:35437200: RTT:4429650: ssthresh:20: cwnd:22: delivered:131: lost:34: retrans:11
[  285.639387] AAAAA-TCP_RECV: name:enp0s3: saddr:16783984: daddr:100932208: srtt_us:35437200: RTT:4429650: ssthresh:20: cwnd:22: delivered:131: lost:34: retrans:11
[  285.639410] AAAAA-TCP_SEND: name:enp0s3: saddr:100932208: daddr:16783984: srtt_us:34153770: RTT:4269221: ssthresh:20: cwnd:22: delivered:132: lost:34: retrans:11
[  285.684982] AAAAA-TCP_RECV: name:enp0s3: saddr:16783984: daddr:100932208: srtt_us:34153770: RTT:4269221: ssthresh:20: cwnd:22: delivered:132: lost:34: retrans:11
[  285.685007] AAAAA-TCP_SEND: name:enp0s3: saddr:100932208: daddr:16783984: srtt_us:33076365: RTT:4134545: ssthresh:20: cwnd:23: delivered:133: lost:34: retrans:11
[  285.723710] AAAAA-TCP_RECV: name:enp0s3: saddr:16783984: daddr:100932208: srtt_us:33076365: RTT:4134545: ssthresh:20: cwnd:23: delivered:133: lost:34: retrans:11
[  285.723738] AAAAA-TCP_SEND: name:enp0s3: saddr:100932208: daddr:16783984: srtt_us:32172274: RTT:4021534: ssthresh:20: cwnd:23: delivered:134: lost:34: retrans:11
[  285.806311] AAAAA-TCP_RECV: name:enp0s3: saddr:16783984: daddr:100932208: srtt_us:32172274: RTT:4021534: ssthresh:20: cwnd:23: delivered:134: lost:34: retrans:11
[  285.806339] AAAAA-TCP_SEND: name:enp0s3: saddr:100932208: daddr:16783984: srtt_us:31463795: RTT:3932974: ssthresh:20: cwnd:23: delivered:135: lost:34: retrans:11
[  285.841399] AAAAA-TCP_RECV: name:enp0s3: saddr:16783984: daddr:100932208: srtt_us:31463795: RTT:3932974: ssthresh:20: cwnd:23: delivered:135: lost:34: retrans:11
[  285.841423] AAAAA-TCP_SEND: name:enp0s3: saddr:100932208: daddr:16783984: srtt_us:30878873: RTT:3859859: ssthresh:20: cwnd:24: delivered:136: lost:34: retrans:11
[  285.882020] AAAAA-TCP_RECV: name:enp0s3: saddr:16783984: daddr:100932208: srtt_us:30878873: RTT:3859859: ssthresh:20: cwnd:24: delivered:136: lost:34: retrans:11
[  285.882042] AAAAA-TCP_SEND: name:enp0s3: saddr:100932208: daddr:16783984: srtt_us:30407686: RTT:3800960: ssthresh:20: cwnd:24: delivered:137: lost:34: retrans:11
[  285.944045] AAAAA-TCP_RECV: name:enp0s3: saddr:16783984: daddr:100932208: srtt_us:30407686: RTT:3800960: ssthresh:20: cwnd:24: delivered:137: lost:34: retrans:11
[  285.944066] AAAAA-TCP_SEND: name:enp0s3: saddr:100932208: daddr:16783984: srtt_us:30057336: RTT:3757167: ssthresh:20: cwnd:24: delivered:138: lost:34: retrans:11
[  286.075342] AAAAA-TCP_RECV: name:enp0s3: saddr:16783984: daddr:100932208: srtt_us:30057336: RTT:3757167: ssthresh:20: cwnd:24: delivered:138: lost:34: retrans:11
[  286.075366] AAAAA-TCP_SEND: name:enp0s3: saddr:100932208: daddr:16783984: srtt_us:29882077: RTT:3735259: ssthresh:20: cwnd:24: delivered:139: lost:34: retrans:11
[  286.192728] AAAAA-TCP_RECV: name:enp0s3: saddr:16783984: daddr:100932208: srtt_us:29882077: RTT:3735259: ssthresh:20: cwnd:24: delivered:139: lost:34: retrans:11
[  286.192739] AAAAA-TCP_SEND: name:enp0s3: saddr:100932208: daddr:16783984: srtt_us:28797083: RTT:3599635: ssthresh:20: cwnd:25: delivered:140: lost:34: retrans:11
[  286.235818] AAAAA-TCP_RECV: name:enp0s3: saddr:16783984: daddr:100932208: srtt_us:28797083: RTT:3599635: ssthresh:20: cwnd:25: delivered:140: lost:34: retrans:11
[  286.235839] AAAAA-TCP_SEND: name:enp0s3: saddr:100932208: daddr:16783984: srtt_us:27329555: RTT:3416194: ssthresh:20: cwnd:25: delivered:141: lost:34: retrans:11
[  286.344949] AAAAA-TCP_RECV: name:enp0s3: saddr:16783984: daddr:100932208: srtt_us:27329555: RTT:3416194: ssthresh:20: cwnd:25: delivered:141: lost:34: retrans:11
[  286.344972] AAAAA-TCP_SEND: name:enp0s3: saddr:100932208: daddr:16783984: srtt_us:25969746: RTT:3246218: ssthresh:20: cwnd:25: delivered:142: lost:34: retrans:11
[  286.377081] AAAAA-TCP_RECV: name:enp0s3: saddr:16783984: daddr:100932208: srtt_us:25969746: RTT:3246218: ssthresh:20: cwnd:25: delivered:142: lost:34: retrans:11
[  286.377102] AAAAA-TCP_SEND: name:enp0s3: saddr:100932208: daddr:16783984: srtt_us:24812043: RTT:3101505: ssthresh:20: cwnd:25: delivered:143: lost:34: retrans:11
[  286.409957] AAAAA-TCP_RECV: name:enp0s3: saddr:16783984: daddr:100932208: srtt_us:24812043: RTT:3101505: ssthresh:20: cwnd:25: delivered:143: lost:34: retrans:11
[  286.409979] AAAAA-TCP_SEND: name:enp0s3: saddr:100932208: daddr:16783984: srtt_us:23831397: RTT:2978924: ssthresh:20: cwnd:25: delivered:144: lost:34: retrans:11
[  286.479944] AAAAA-TCP_RECV: name:enp0s3: saddr:16783984: daddr:100932208: srtt_us:23831397: RTT:2978924: ssthresh:20: cwnd:25: delivered:144: lost:34: retrans:11
[  286.479981] AAAAA-TCP_SEND: name:enp0s3: saddr:100932208: daddr:16783984: srtt_us:23043326: RTT:2880415: ssthresh:20: cwnd:25: delivered:145: lost:34: retrans:11
[  286.977593] AAAAA-TCP_RECV: name:enp0s3: saddr:16783984: daddr:100932208: srtt_us:23043326: RTT:2880415: ssthresh:20: cwnd:25: delivered:145: lost:34: retrans:11
[  286.977628] AAAAA-TCP_SEND: name:enp0s3: saddr:100932208: daddr:16783984: srtt_us:22238493: RTT:2779811: ssthresh:20: cwnd:26: delivered:146: lost:34: retrans:11
[  287.072611] AAAAA-TCP_RECV: name:enp0s3: saddr:16783984: daddr:100932208: srtt_us:22238493: RTT:2779811: ssthresh:20: cwnd:26: delivered:146: lost:34: retrans:11
[  287.072640] AAAAA-TCP_SEND: name:enp0s3: saddr:100932208: daddr:16783984: srtt_us:21570220: RTT:2696277: ssthresh:20: cwnd:26: delivered:147: lost:34: retrans:11
[  287.178465] AAAAA-TCP_RECV: name:enp0s3: saddr:16783984: daddr:100932208: srtt_us:21570220: RTT:2696277: ssthresh:20: cwnd:26: delivered:147: lost:34: retrans:11
[  287.178491] AAAAA-TCP_SEND: name:enp0s3: saddr:100932208: daddr:16783984: srtt_us:21004026: RTT:2625503: ssthresh:20: cwnd:26: delivered:148: lost:34: retrans:11
[  287.208493] AAAAA-TCP_RECV: name:enp0s3: saddr:16783984: daddr:100932208: srtt_us:21004026: RTT:2625503: ssthresh:20: cwnd:26: delivered:148: lost:34: retrans:11
[  287.208516] AAAAA-TCP_SEND: name:enp0s3: saddr:100932208: daddr:16783984: srtt_us:20538632: RTT:2567329: ssthresh:20: cwnd:26: delivered:149: lost:34: retrans:11
[  287.335261] AAAAA-TCP_RECV: name:enp0s3: saddr:16783984: daddr:100932208: srtt_us:20538632: RTT:2567329: ssthresh:20: cwnd:26: delivered:149: lost:34: retrans:11
[  287.335284] AAAAA-TCP_SEND: name:enp0s3: saddr:100932208: daddr:16783984: srtt_us:20087008: RTT:2510876: ssthresh:20: cwnd:26: delivered:150: lost:34: retrans:11
[  287.579387] AAAAA-TCP_RECV: name:enp0s3: saddr:16783984: daddr:100932208: srtt_us:20087008: RTT:2510876: ssthresh:20: cwnd:26: delivered:150: lost:34: retrans:11
[  287.579423] AAAAA-TCP_SEND: name:enp0s3: saddr:100932208: daddr:16783984: srtt_us:19664529: RTT:2458066: ssthresh:20: cwnd:26: delivered:151: lost:34: retrans:11
[  287.696044] AAAAA-TCP_RECV: name:enp0s3: saddr:16783984: daddr:100932208: srtt_us:19664529: RTT:2458066: ssthresh:20: cwnd:26: delivered:151: lost:34: retrans:11
[  287.696078] AAAAA-TCP_SEND: name:enp0s3: saddr:100932208: daddr:16783984: srtt_us:19411514: RTT:2426439: ssthresh:20: cwnd:26: delivered:152: lost:34: retrans:11
[  287.759314] AAAAA-TCP_RECV: name:enp0s3: saddr:16783984: daddr:100932208: srtt_us:19411514: RTT:2426439: ssthresh:20: cwnd:26: delivered:152: lost:34: retrans:11
[  287.759348] AAAAA-TCP_SEND: name:enp0s3: saddr:100932208: daddr:16783984: srtt_us:19141069: RTT:2392633: ssthresh:20: cwnd:26: delivered:153: lost:34: retrans:11
[  287.826203] AAAAA-TCP_RECV: name:enp0s3: saddr:16783984: daddr:100932208: srtt_us:19141069: RTT:2392633: ssthresh:20: cwnd:26: delivered:153: lost:34: retrans:11
[  287.826232] AAAAA-TCP_SEND: name:enp0s3: saddr:100932208: daddr:16783984: srtt_us:18935251: RTT:2366906: ssthresh:20: cwnd:27: delivered:154: lost:34: retrans:11
[  287.881582] AAAAA-TCP_RECV: name:enp0s3: saddr:16783984: daddr:100932208: srtt_us:18935251: RTT:2366906: ssthresh:20: cwnd:27: delivered:154: lost:34: retrans:11
[  287.881606] AAAAA-TCP_SEND: name:enp0s3: saddr:100932208: daddr:16783984: srtt_us:18764940: RTT:2345617: ssthresh:20: cwnd:27: delivered:155: lost:34: retrans:11
[  287.932746] AAAAA-TCP_RECV: name:enp0s3: saddr:16783984: daddr:100932208: srtt_us:18764940: RTT:2345617: ssthresh:20: cwnd:27: delivered:155: lost:34: retrans:11
[  287.932768] AAAAA-TCP_SEND: name:enp0s3: saddr:100932208: daddr:16783984: srtt_us:18667081: RTT:2333385: ssthresh:20: cwnd:27: delivered:156: lost:34: retrans:11
[  287.998948] AAAAA-TCP_RECV: name:enp0s3: saddr:16783984: daddr:100932208: srtt_us:18667081: RTT:2333385: ssthresh:20: cwnd:27: delivered:156: lost:34: retrans:11
[  287.998971] AAAAA-TCP_SEND: name:enp0s3: saddr:100932208: daddr:16783984: srtt_us:18608928: RTT:2326116: ssthresh:20: cwnd:27: delivered:157: lost:34: retrans:11
[  288.073317] AAAAA-TCP_RECV: name:enp0s3: saddr:16783984: daddr:100932208: srtt_us:18608928: RTT:2326116: ssthresh:20: cwnd:27: delivered:157: lost:34: retrans:11
[  288.073341] AAAAA-TCP_SEND: name:enp0s3: saddr:100932208: daddr:16783984: srtt_us:18549810: RTT:2318726: ssthresh:20: cwnd:27: delivered:158: lost:34: retrans:11
[  288.187373] AAAAA-TCP_RECV: name:enp0s3: saddr:16783984: daddr:100932208: srtt_us:18549810: RTT:2318726: ssthresh:20: cwnd:27: delivered:158: lost:34: retrans:11
[  288.187395] AAAAA-TCP_SEND: name:enp0s3: saddr:100932208: daddr:16783984: srtt_us:18577052: RTT:2322131: ssthresh:20: cwnd:27: delivered:159: lost:34: retrans:11
[  288.227560] AAAAA-TCP_RECV: name:enp0s3: saddr:16783984: daddr:100932208: srtt_us:18577052: RTT:2322131: ssthresh:20: cwnd:27: delivered:159: lost:34: retrans:11
[  288.227570] AAAAA-TCP_SEND: name:enp0s3: saddr:100932208: daddr:16783984: srtt_us:18641065: RTT:2330133: ssthresh:20: cwnd:27: delivered:160: lost:34: retrans:11
[  288.409097] AAAAA-TCP_RECV: name:enp0s3: saddr:16783984: daddr:100932208: srtt_us:18641065: RTT:2330133: ssthresh:20: cwnd:27: delivered:160: lost:34: retrans:11
[  288.409122] AAAAA-TCP_SEND: name:enp0s3: saddr:100932208: daddr:16783984: srtt_us:18838006: RTT:2354750: ssthresh:20: cwnd:28: delivered:161: lost:34: retrans:11
[  288.494950] AAAAA-TCP_RECV: name:enp0s3: saddr:16783984: daddr:100932208: srtt_us:18838006: RTT:2354750: ssthresh:20: cwnd:28: delivered:161: lost:34: retrans:11
[  288.494987] AAAAA-TCP_SEND: name:enp0s3: saddr:100932208: daddr:16783984: srtt_us:19034164: RTT:2379270: ssthresh:20: cwnd:28: delivered:162: lost:34: retrans:11
[  288.559056] AAAAA-TCP_RECV: name:enp0s3: saddr:16783984: daddr:100932208: srtt_us:19034164: RTT:2379270: ssthresh:20: cwnd:28: delivered:162: lost:34: retrans:11
[  288.559082] AAAAA-TCP_SEND: name:enp0s3: saddr:100932208: daddr:16783984: srtt_us:19138605: RTT:2392325: ssthresh:20: cwnd:28: delivered:163: lost:34: retrans:11
[  288.657621] AAAAA-TCP_RECV: name:enp0s3: saddr:16783984: daddr:100932208: srtt_us:19138605: RTT:2392325: ssthresh:20: cwnd:28: delivered:163: lost:34: retrans:11
[  288.657645] AAAAA-TCP_SEND: name:enp0s3: saddr:100932208: daddr:16783984: srtt_us:19211181: RTT:2401397: ssthresh:20: cwnd:28: delivered:164: lost:34: retrans:11
[  288.689391] AAAAA-TCP_RECV: name:enp0s3: saddr:16783984: daddr:100932208: srtt_us:19211181: RTT:2401397: ssthresh:20: cwnd:28: delivered:164: lost:34: retrans:11
[  288.689432] AAAAA-TCP_SEND: name:enp0s3: saddr:100932208: daddr:16783984: srtt_us:19306471: RTT:2413308: ssthresh:20: cwnd:28: delivered:165: lost:34: retrans:11
[  288.751505] AAAAA-TCP_RECV: name:enp0s3: saddr:16783984: daddr:100932208: srtt_us:19306471: RTT:2413308: ssthresh:20: cwnd:28: delivered:165: lost:34: retrans:11
[  288.751536] AAAAA-TCP_SEND: name:enp0s3: saddr:100932208: daddr:16783984: srtt_us:19408849: RTT:2426106: ssthresh:20: cwnd:28: delivered:166: lost:34: retrans:11
[  288.812230] AAAAA-TCP_RECV: name:enp0s3: saddr:16783984: daddr:100932208: srtt_us:19408849: RTT:2426106: ssthresh:20: cwnd:28: delivered:166: lost:34: retrans:11
[  288.812243] AAAAA-TCP_SEND: name:enp0s3: saddr:100932208: daddr:16783984: srtt_us:19450007: RTT:2431250: ssthresh:20: cwnd:29: delivered:167: lost:34: retrans:11
[  288.839546] AAAAA-TCP_RECV: name:enp0s3: saddr:16783984: daddr:100932208: srtt_us:19450007: RTT:2431250: ssthresh:20: cwnd:29: delivered:167: lost:34: retrans:11
[  288.839557] AAAAA-TCP_SEND: name:enp0s3: saddr:100932208: daddr:16783984: srtt_us:19481207: RTT:2435150: ssthresh:20: cwnd:29: delivered:168: lost:34: retrans:11
[  289.049041] AAAAA-TCP_RECV: name:enp0s3: saddr:16783984: daddr:100932208: srtt_us:19481207: RTT:2435150: ssthresh:20: cwnd:29: delivered:168: lost:34: retrans:11
[  289.049063] AAAAA-TCP_SEND: name:enp0s3: saddr:100932208: daddr:16783984: srtt_us:19685138: RTT:2460642: ssthresh:20: cwnd:29: delivered:169: lost:34: retrans:11
[  289.143735] AAAAA-TCP_RECV: name:enp0s3: saddr:16783984: daddr:100932208: srtt_us:19685138: RTT:2460642: ssthresh:20: cwnd:29: delivered:169: lost:34: retrans:11
[  289.143746] AAAAA-TCP_SEND: name:enp0s3: saddr:100932208: daddr:16783984: srtt_us:19888261: RTT:2486032: ssthresh:20: cwnd:30: delivered:170: lost:34: retrans:11
[  289.730171] AAAAA-TCP_RECV: name:enp0s3: saddr:16783984: daddr:100932208: srtt_us:19888261: RTT:2486032: ssthresh:20: cwnd:30: delivered:170: lost:34: retrans:11
[  289.730212] AAAAA-TCP_SEND: name:enp0s3: saddr:100932208: daddr:16783984: srtt_us:20154803: RTT:2519350: ssthresh:20: cwnd:30: delivered:171: lost:34: retrans:11
[  289.902198] AAAAA-TCP_RECV: name:enp0s3: saddr:16783984: daddr:100932208: srtt_us:20154803: RTT:2519350: ssthresh:20: cwnd:30: delivered:171: lost:34: retrans:11
[  289.902226] AAAAA-TCP_SEND: name:enp0s3: saddr:100932208: daddr:16783984: srtt_us:20560048: RTT:2570006: ssthresh:20: cwnd:31: delivered:172: lost:34: retrans:11
[  290.092914] AAAAA-TCP_RECV: name:enp0s3: saddr:16783984: daddr:100932208: srtt_us:20560048: RTT:2570006: ssthresh:20: cwnd:31: delivered:172: lost:34: retrans:11
[  290.092941] AAAAA-TCP_SEND: name:enp0s3: saddr:100932208: daddr:16783984: srtt_us:21010337: RTT:2626292: ssthresh:20: cwnd:31: delivered:173: lost:34: retrans:11
[  290.174582] AAAAA-TCP_RECV: name:enp0s3: saddr:16783984: daddr:100932208: srtt_us:21010337: RTT:2626292: ssthresh:20: cwnd:31: delivered:173: lost:34: retrans:11
[  290.174604] AAAAA-TCP_SEND: name:enp0s3: saddr:100932208: daddr:16783984: srtt_us:21380153: RTT:2672519: ssthresh:20: cwnd:32: delivered:174: lost:34: retrans:11
[  290.207712] AAAAA-TCP_RECV: name:enp0s3: saddr:16783984: daddr:100932208: srtt_us:21380153: RTT:2672519: ssthresh:20: cwnd:32: delivered:174: lost:34: retrans:11
[  290.207733] AAAAA-TCP_SEND: name:enp0s3: saddr:100932208: daddr:16783984: srtt_us:21706847: RTT:2713355: ssthresh:20: cwnd:32: delivered:175: lost:34: retrans:11
[  290.360017] AAAAA-TCP_RECV: name:enp0s3: saddr:16783984: daddr:100932208: srtt_us:21706847: RTT:2713355: ssthresh:20: cwnd:32: delivered:175: lost:34: retrans:11
[  290.360041] AAAAA-TCP_SEND: name:enp0s3: saddr:100932208: daddr:16783984: srtt_us:22018244: RTT:2752280: ssthresh:20: cwnd:33: delivered:176: lost:34: retrans:11
[  290.578563] AAAAA-TCP_RECV: name:enp0s3: saddr:16783984: daddr:100932208: srtt_us:22018244: RTT:2752280: ssthresh:20: cwnd:33: delivered:176: lost:34: retrans:11
[  290.578599] AAAAA-TCP_SEND: name:enp0s3: saddr:100932208: daddr:16783984: srtt_us:22265132: RTT:2783141: ssthresh:20: cwnd:33: delivered:177: lost:34: retrans:11
[  290.718934] AAAAA-TCP_RECV: name:enp0s3: saddr:16783984: daddr:100932208: srtt_us:22265132: RTT:2783141: ssthresh:20: cwnd:33: delivered:177: lost:34: retrans:11
[  290.718970] AAAAA-TCP_SEND: name:enp0s3: saddr:100932208: daddr:16783984: srtt_us:22504874: RTT:2813109: ssthresh:20: cwnd:34: delivered:178: lost:34: retrans:11
[  290.764312] AAAAA-TCP_RECV: name:enp0s3: saddr:16783984: daddr:100932208: srtt_us:22504874: RTT:2813109: ssthresh:20: cwnd:34: delivered:178: lost:34: retrans:11
[  290.764329] AAAAA-TCP_SEND: name:enp0s3: saddr:100932208: daddr:16783984: srtt_us:22696739: RTT:2837092: ssthresh:20: cwnd:34: delivered:179: lost:34: retrans:11
[  290.873858] AAAAA-TCP_RECV: name:enp0s3: saddr:16783984: daddr:100932208: srtt_us:22696739: RTT:2837092: ssthresh:20: cwnd:34: delivered:179: lost:34: retrans:11
[  290.873880] AAAAA-TCP_SEND: name:enp0s3: saddr:100932208: daddr:16783984: srtt_us:22907292: RTT:2863411: ssthresh:20: cwnd:35: delivered:180: lost:34: retrans:11
[  290.979822] AAAAA-TCP_RECV: name:enp0s3: saddr:16783984: daddr:100932208: srtt_us:22907292: RTT:2863411: ssthresh:20: cwnd:35: delivered:180: lost:34: retrans:11
[  290.979848] AAAAA-TCP_SEND: name:enp0s3: saddr:100932208: daddr:16783984: srtt_us:23197492: RTT:2899686: ssthresh:20: cwnd:35: delivered:181: lost:34: retrans:11
[  291.054363] AAAAA-TCP_RECV: name:enp0s3: saddr:16783984: daddr:100932208: srtt_us:23197492: RTT:2899686: ssthresh:20: cwnd:35: delivered:181: lost:34: retrans:11
[  291.054374] AAAAA-TCP_SEND: name:enp0s3: saddr:100932208: daddr:16783984: srtt_us:23470569: RTT:2933821: ssthresh:20: cwnd:36: delivered:182: lost:34: retrans:11
[  291.140071] AAAAA-TCP_RECV: name:enp0s3: saddr:16783984: daddr:100932208: srtt_us:23470569: RTT:2933821: ssthresh:20: cwnd:36: delivered:182: lost:34: retrans:11
[  291.140092] AAAAA-TCP_SEND: name:enp0s3: saddr:100932208: daddr:16783984: srtt_us:23744069: RTT:2968008: ssthresh:20: cwnd:36: delivered:183: lost:34: retrans:11
[  291.255542] AAAAA-TCP_RECV: name:enp0s3: saddr:16783984: daddr:100932208: srtt_us:23744069: RTT:2968008: ssthresh:20: cwnd:36: delivered:183: lost:34: retrans:11
[  291.255567] AAAAA-TCP_SEND: name:enp0s3: saddr:100932208: daddr:16783984: srtt_us:24032650: RTT:3004081: ssthresh:20: cwnd:37: delivered:184: lost:34: retrans:11
[  291.371896] AAAAA-TCP_RECV: name:enp0s3: saddr:16783984: daddr:100932208: srtt_us:24032650: RTT:3004081: ssthresh:20: cwnd:37: delivered:184: lost:34: retrans:11
[  291.371918] AAAAA-TCP_SEND: name:enp0s3: saddr:100932208: daddr:16783984: srtt_us:24327143: RTT:3040892: ssthresh:20: cwnd:37: delivered:185: lost:34: retrans:11
[  291.622647] AAAAA-TCP_RECV: name:enp0s3: saddr:16783984: daddr:100932208: srtt_us:24327143: RTT:3040892: ssthresh:20: cwnd:37: delivered:185: lost:34: retrans:11
[  291.622686] AAAAA-TCP_SEND: name:enp0s3: saddr:100932208: daddr:16783984: srtt_us:24721528: RTT:3090191: ssthresh:20: cwnd:38: delivered:186: lost:34: retrans:11
[  291.678399] AAAAA-TCP_RECV: name:enp0s3: saddr:16783984: daddr:100932208: srtt_us:24721528: RTT:3090191: ssthresh:20: cwnd:38: delivered:186: lost:34: retrans:11
[  291.678426] AAAAA-TCP_SEND: name:enp0s3: saddr:100932208: daddr:16783984: srtt_us:25082185: RTT:3135273: ssthresh:20: cwnd:38: delivered:187: lost:34: retrans:11
[  291.808153] AAAAA-TCP_RECV: name:enp0s3: saddr:16783984: daddr:100932208: srtt_us:25082185: RTT:3135273: ssthresh:20: cwnd:38: delivered:187: lost:34: retrans:11
[  291.808186] AAAAA-TCP_SEND: name:enp0s3: saddr:100932208: daddr:16783984: srtt_us:25345967: RTT:3168245: ssthresh:20: cwnd:39: delivered:188: lost:34: retrans:11
[  291.962405] AAAAA-TCP_RECV: name:enp0s3: saddr:16783984: daddr:100932208: srtt_us:25345967: RTT:3168245: ssthresh:20: cwnd:39: delivered:188: lost:34: retrans:11
[  291.962433] AAAAA-TCP_SEND: name:enp0s3: saddr:100932208: daddr:16783984: srtt_us:25731026: RTT:3216378: ssthresh:20: cwnd:39: delivered:189: lost:34: retrans:11
[  292.708637] AAAAA-TCP_RECV: name:enp0s3: saddr:16783984: daddr:100932208: srtt_us:25731026: RTT:3216378: ssthresh:20: cwnd:39: delivered:189: lost:34: retrans:11
[  292.708675] AAAAA-TCP_SEND: name:enp0s3: saddr:100932208: daddr:16783984: srtt_us:26728328: RTT:3341041: ssthresh:20: cwnd:40: delivered:190: lost:34: retrans:11
[  293.346335] AAAAA-TCP_RECV: name:enp0s3: saddr:16783984: daddr:100932208: srtt_us:26728328: RTT:3341041: ssthresh:20: cwnd:40: delivered:190: lost:34: retrans:11
[  293.346370] AAAAA-TCP_SEND: name:enp0s3: saddr:100932208: daddr:16783984: srtt_us:28174562: RTT:3521820: ssthresh:20: cwnd:41: delivered:192: lost:34: retrans:11
[  293.454621] AAAAA-TCP_RECV: name:enp0s3: saddr:16783984: daddr:100932208: srtt_us:28174562: RTT:3521820: ssthresh:20: cwnd:41: delivered:192: lost:34: retrans:11
[  293.454641] AAAAA-TCP_SEND: name:enp0s3: saddr:100932208: daddr:16783984: srtt_us:29417939: RTT:3677242: ssthresh:20: cwnd:41: delivered:193: lost:34: retrans:11
[  294.063702] AAAAA-TCP_RECV: name:enp0s3: saddr:16783984: daddr:100932208: srtt_us:29417939: RTT:3677242: ssthresh:20: cwnd:41: delivered:193: lost:34: retrans:11
[  294.063739] AAAAA-TCP_SEND: name:enp0s3: saddr:100932208: daddr:16783984: srtt_us:31052889: RTT:3881611: ssthresh:20: cwnd:42: delivered:195: lost:34: retrans:11
[  294.308666] AAAAA-TCP_RECV: name:enp0s3: saddr:16783984: daddr:100932208: srtt_us:31052889: RTT:3881611: ssthresh:20: cwnd:42: delivered:195: lost:34: retrans:11
[  294.308698] AAAAA-TCP_SEND: name:enp0s3: saddr:100932208: daddr:16783984: srtt_us:32667723: RTT:4083465: ssthresh:20: cwnd:43: delivered:196: lost:34: retrans:11
[  294.483536] AAAAA-TCP_RECV: name:enp0s3: saddr:16783984: daddr:100932208: srtt_us:32667723: RTT:4083465: ssthresh:20: cwnd:43: delivered:196: lost:34: retrans:11
[  294.483574] AAAAA-TCP_SEND: name:enp0s3: saddr:100932208: daddr:16783984: srtt_us:34228262: RTT:4278532: ssthresh:20: cwnd:43: delivered:197: lost:34: retrans:11
[  294.662590] AAAAA-TCP_RECV: name:enp0s3: saddr:16783984: daddr:100932208: srtt_us:34228262: RTT:4278532: ssthresh:20: cwnd:43: delivered:197: lost:34: retrans:11
[  294.662621] AAAAA-TCP_SEND: name:enp0s3: saddr:100932208: daddr:16783984: srtt_us:35563279: RTT:4445409: ssthresh:20: cwnd:44: delivered:198: lost:34: retrans:11
[  294.819374] AAAAA-TCP_RECV: name:enp0s3: saddr:16783984: daddr:100932208: srtt_us:35563279: RTT:4445409: ssthresh:20: cwnd:44: delivered:198: lost:34: retrans:11
[  294.819435] AAAAA-TCP_SEND: name:enp0s3: saddr:100932208: daddr:16783984: srtt_us:36793538: RTT:4599192: ssthresh:20: cwnd:44: delivered:199: lost:34: retrans:11
