[    0.000000] Linux version 5.4.243-tcp (root@ztg) (gcc version 12.2.0 (Debian 12.2.0-14)) #1 SMP Fri Apr 12 08:27:09 CST 2024
[    0.000000] Command line: BOOT_IMAGE=/boot/vmlinuz-5.4.243-tcp root=UUID=98415a12-53b7-4144-8265-0f7ece09e445 ro quiet splash
[    0.000000] KERNEL supported cpus:
[    0.000000]   Intel GenuineIntel
[    0.000000]   AMD AuthenticAMD
[    0.000000]   Hygon HygonGenuine
[    0.000000]   Centaur CentaurHauls
[    0.000000]   zhaoxin   Shanghai  
[    0.000000] x86/fpu: Supporting XSAVE feature 0x001: 'x87 floating point registers'
[    0.000000] x86/fpu: Supporting XSAVE feature 0x002: 'SSE registers'
[    0.000000] x86/fpu: Supporting XSAVE feature 0x004: 'AVX registers'
[    0.000000] x86/fpu: xstate_offset[2]:  576, xstate_sizes[2]:  256
[    0.000000] x86/fpu: Enabled xstate features 0x7, context size is 832 bytes, using 'standard' format.
[    0.000000] BIOS-provided physical RAM map:
[    0.000000] BIOS-e820: [mem 0x0000000000000000-0x000000000009fbff] usable
[    0.000000] BIOS-e820: [mem 0x000000000009fc00-0x000000000009ffff] reserved
[    0.000000] BIOS-e820: [mem 0x00000000000f0000-0x00000000000fffff] reserved
[    0.000000] BIOS-e820: [mem 0x0000000000100000-0x000000007ffeffff] usable
[    0.000000] BIOS-e820: [mem 0x000000007fff0000-0x000000007fffffff] ACPI data
[    0.000000] BIOS-e820: [mem 0x00000000fec00000-0x00000000fec00fff] reserved
[    0.000000] BIOS-e820: [mem 0x00000000fee00000-0x00000000fee00fff] reserved
[    0.000000] BIOS-e820: [mem 0x00000000fffc0000-0x00000000ffffffff] reserved
[    0.000000] NX (Execute Disable) protection: active
[    0.000000] SMBIOS 2.5 present.
[    0.000000] DMI: innotek GmbH VirtualBox/VirtualBox, BIOS VirtualBox 12/01/2006
[    0.000000] Hypervisor detected: KVM
[    0.000000] kvm-clock: Using msrs 4b564d01 and 4b564d00
[    0.000000] kvm-clock: cpu 0, msr 2f801001, primary cpu clock
[    0.000000] kvm-clock: using sched offset of 4429192643 cycles
[    0.000003] clocksource: kvm-clock: mask: 0xffffffffffffffff max_cycles: 0x1cd42e4dffb, max_idle_ns: 881590591483 ns
[    0.000006] tsc: Detected 2100.000 MHz processor
[    0.001886] e820: update [mem 0x00000000-0x00000fff] usable ==> reserved
[    0.001888] e820: remove [mem 0x000a0000-0x000fffff] usable
[    0.001892] last_pfn = 0x7fff0 max_arch_pfn = 0x400000000
[    0.001959] MTRR default type: uncachable
[    0.001960] MTRR fixed ranges enabled:
[    0.001962]   00000-9FFFF write-back
[    0.001963]   A0000-BFFFF uncachable
[    0.001964]   C0000-FFFFF write-protect
[    0.001964] MTRR variable ranges enabled:
[    0.001966]   0 base 000000000000 mask 3FFF80000000 write-back
[    0.001966]   1 disabled
[    0.001967]   2 disabled
[    0.001967]   3 disabled
[    0.001968]   4 disabled
[    0.001968]   5 disabled
[    0.001968]   6 disabled
[    0.001969]   7 disabled
[    0.001969]   8 disabled
[    0.001970]   9 disabled
[    0.001970]   10 disabled
[    0.001971]   11 disabled
[    0.001971]   12 disabled
[    0.001971]   13 disabled
[    0.001972]   14 disabled
[    0.001972]   15 disabled
[    0.001989] x86/PAT: Configuration [0-7]: WB  WC  UC- UC  WB  WP  UC- WT  
[    0.002123] found SMP MP-table at [mem 0x0009fff0-0x0009ffff]
[    0.093595] check: Scanning 1 areas for low memory corruption
[    0.093828] RAMDISK: [mem 0x32275000-0x35131fff]
[    0.093836] ACPI: Early table checksum verification disabled
[    0.093841] ACPI: RSDP 0x00000000000E0000 000024 (v02 VBOX  )
[    0.093845] ACPI: XSDT 0x000000007FFF0030 00003C (v01 VBOX   VBOXXSDT 00000001 ASL  00000061)
[    0.093851] ACPI: FACP 0x000000007FFF00F0 0000F4 (v04 VBOX   VBOXFACP 00000001 ASL  00000061)
[    0.093858] ACPI: DSDT 0x000000007FFF02E0 002353 (v02 VBOX   VBOXBIOS 00000002 VBOX 00029BF3)
[    0.093861] ACPI: FACS 0x000000007FFF0200 000040
[    0.093865] ACPI: FACS 0x000000007FFF0200 000040
[    0.093868] ACPI: APIC 0x000000007FFF0240 000054 (v02 VBOX   VBOXAPIC 00000001 ASL  00000061)
[    0.093871] ACPI: SSDT 0x000000007FFF02A0 000038 (v01 VBOX   VBOXCPUT 00000002 VBOX 00029BF3)
[    0.093875] ACPI: Reserving FACP table memory at [mem 0x7fff00f0-0x7fff01e3]
[    0.093876] ACPI: Reserving DSDT table memory at [mem 0x7fff02e0-0x7fff2632]
[    0.093876] ACPI: Reserving FACS table memory at [mem 0x7fff0200-0x7fff023f]
[    0.093877] ACPI: Reserving FACS table memory at [mem 0x7fff0200-0x7fff023f]
[    0.093878] ACPI: Reserving APIC table memory at [mem 0x7fff0240-0x7fff0293]
[    0.093878] ACPI: Reserving SSDT table memory at [mem 0x7fff02a0-0x7fff02d7]
[    0.093892] ACPI: Local APIC address 0xfee00000
[    0.094076] No NUMA configuration found
[    0.094077] Faking a node at [mem 0x0000000000000000-0x000000007ffeffff]
[    0.094087] NODE_DATA(0) allocated [mem 0x7ffc5000-0x7ffeffff]
[    0.094347] Zone ranges:
[    0.094347]   DMA      [mem 0x0000000000001000-0x0000000000ffffff]
[    0.094349]   DMA32    [mem 0x0000000001000000-0x000000007ffeffff]
[    0.094350]   Normal   empty
[    0.094350]   Device   empty
[    0.094351] Movable zone start for each node
[    0.094353] Early memory node ranges
[    0.094354]   node   0: [mem 0x0000000000001000-0x000000000009efff]
[    0.094355]   node   0: [mem 0x0000000000100000-0x000000007ffeffff]
[    0.094358] Zeroed struct page in unavailable ranges: 114 pages
[    0.094359] Initmem setup node 0 [mem 0x0000000000001000-0x000000007ffeffff]
[    0.094360] On node 0 totalpages: 524174
[    0.094361]   DMA zone: 64 pages used for memmap
[    0.094361]   DMA zone: 21 pages reserved
[    0.094362]   DMA zone: 3998 pages, LIFO batch:0
[    0.094432]   DMA32 zone: 8128 pages used for memmap
[    0.094433]   DMA32 zone: 520176 pages, LIFO batch:63
[    0.103369] ACPI: PM-Timer IO Port: 0x4008
[    0.103373] ACPI: Local APIC address 0xfee00000
[    0.103438] IOAPIC[0]: apic_id 1, version 32, address 0xfec00000, GSI 0-23
[    0.103441] ACPI: INT_SRC_OVR (bus 0 bus_irq 0 global_irq 2 dfl dfl)
[    0.103443] ACPI: INT_SRC_OVR (bus 0 bus_irq 9 global_irq 9 low level)
[    0.103445] ACPI: IRQ0 used by override.
[    0.103446] ACPI: IRQ9 used by override.
[    0.103448] Using ACPI (MADT) for SMP configuration information
[    0.103454] smpboot: Allowing 1 CPUs, 0 hotplug CPUs
[    0.103476] PM: Registered nosave memory: [mem 0x00000000-0x00000fff]
[    0.103477] PM: Registered nosave memory: [mem 0x0009f000-0x0009ffff]
[    0.103478] PM: Registered nosave memory: [mem 0x000a0000-0x000effff]
[    0.103478] PM: Registered nosave memory: [mem 0x000f0000-0x000fffff]
[    0.103480] [mem 0x80000000-0xfebfffff] available for PCI devices
[    0.103481] Booting paravirtualized kernel on KVM
[    0.103483] clocksource: refined-jiffies: mask: 0xffffffff max_cycles: 0xffffffff, max_idle_ns: 7645519600211568 ns
[    0.103488] setup_percpu: NR_CPUS:8192 nr_cpumask_bits:1 nr_cpu_ids:1 nr_node_ids:1
[    0.104507] percpu: Embedded 60 pages/cpu s208896 r8192 d28672 u2097152
[    0.104512] pcpu-alloc: s208896 r8192 d28672 u2097152 alloc=1*2097152
[    0.104513] pcpu-alloc: [0] 0 
[    0.104539] Built 1 zonelists, mobility grouping on.  Total pages: 515961
[    0.104540] Policy zone: DMA32
[    0.104541] Kernel command line: BOOT_IMAGE=/boot/vmlinuz-5.4.243-tcp root=UUID=98415a12-53b7-4144-8265-0f7ece09e445 ro quiet splash
[    0.105379] Dentry cache hash table entries: 262144 (order: 9, 2097152 bytes, linear)
[    0.105535] Inode-cache hash table entries: 131072 (order: 8, 1048576 bytes, linear)
[    0.105585] mem auto-init: stack:off, heap alloc:on, heap free:off
[    0.105588] Calgary: detecting Calgary via BIOS EBDA area
[    0.105589] Calgary: Unable to locate Rio Grande table in EBDA - bailing!
[    0.109575] Memory: 1967340K/2096696K available (14339K kernel code, 2392K rwdata, 4692K rodata, 2720K init, 17272K bss, 129356K reserved, 0K cma-reserved)
[    0.110494] SLUB: HWalign=64, Order=0-3, MinObjects=0, CPUs=1, Nodes=1
[    0.110510] ftrace: allocating 42894 entries in 168 pages
[    0.128302] rcu: Hierarchical RCU implementation.
[    0.128304] rcu: 	RCU restricting CPUs from NR_CPUS=8192 to nr_cpu_ids=1.
[    0.128305] 	Tasks RCU enabled.
[    0.128306] rcu: RCU calculated value of scheduler-enlistment delay is 25 jiffies.
[    0.128307] rcu: Adjusting geometry for rcu_fanout_leaf=16, nr_cpu_ids=1
[    0.131311] NR_IRQS: 524544, nr_irqs: 256, preallocated irqs: 16
[    0.131525] random: crng init done
[    0.140858] Console: colour VGA+ 80x25
[    0.140862] printk: console [tty0] enabled
[    0.140880] ACPI: Core revision 20190816
[    0.140970] APIC: Switch to symmetric I/O mode setup
[    0.141220] x2apic enabled
[    0.141473] Switched APIC routing to physical x2apic.
[    0.142603] ..TIMER: vector=0x30 apic1=0 pin1=2 apic2=-1 pin2=-1
[    0.142627] clocksource: tsc-early: mask: 0xffffffffffffffff max_cycles: 0x1e4530a99b6, max_idle_ns: 440795257976 ns
[    0.142632] Calibrating delay loop (skipped) preset value.. 4200.00 BogoMIPS (lpj=8400000)
[    0.142634] pid_max: default: 32768 minimum: 301
[    0.142662] LSM: Security Framework initializing
[    0.142671] Yama: becoming mindful.
[    0.142697] AppArmor: AppArmor initialized
[    0.142731] Mount-cache hash table entries: 4096 (order: 3, 32768 bytes, linear)
[    0.142735] Mountpoint-cache hash table entries: 4096 (order: 3, 32768 bytes, linear)
[    0.142745] *** VALIDATE tmpfs ***
[    0.142873] *** VALIDATE proc ***
[    0.142912] *** VALIDATE cgroup1 ***
[    0.142913] *** VALIDATE cgroup2 ***
[    0.143051] process: using mwait in idle threads
[    0.143056] Last level iTLB entries: 4KB 64, 2MB 8, 4MB 8
[    0.143057] Last level dTLB entries: 4KB 64, 2MB 0, 4MB 0, 1GB 4
[    0.143076] Spectre V1 : Mitigation: usercopy/swapgs barriers and __user pointer sanitization
[    0.143083] Spectre V2 : Mitigation: Retpolines
[    0.143084] Spectre V2 : Spectre v2 / SpectreRSB mitigation: Filling RSB on context switch
[    0.143084] Spectre V2 : Spectre v2 / SpectreRSB : Filling RSB on VMEXIT
[    0.143085] RETBleed: WARNING: Spectre v2 mitigation leaves CPU vulnerable to RETBleed attacks, data leaks possible!
[    0.143438] RETBleed: Vulnerable
[    0.143439] Speculative Store Bypass: Vulnerable
[    0.143443] TAA: Mitigation: TSX disabled
[    0.143444] MMIO Stale Data: Mitigation: Clear CPU buffers
[    0.147588] Freeing SMP alternatives memory: 40K
[    0.260034] smpboot: CPU0: Intel(R) Xeon(R) Silver 4216 CPU @ 2.10GHz (family: 0x6, model: 0x55, stepping: 0x7)
[    0.260155] Performance Events: unsupported p6 CPU model 85 no PMU driver, software events only.
[    0.260191] rcu: Hierarchical SRCU implementation.
[    0.260661] NMI watchdog: Perf NMI watchdog permanently disabled
[    0.260700] smp: Bringing up secondary CPUs ...
[    0.260701] smp: Brought up 1 node, 1 CPU
[    0.260702] smpboot: Max logical packages: 1
[    0.260703] smpboot: Total of 1 processors activated (4200.00 BogoMIPS)
[    0.261657] devtmpfs: initialized
[    0.261705] x86/mm: Memory block size: 128MB
[    0.262047] clocksource: jiffies: mask: 0xffffffff max_cycles: 0xffffffff, max_idle_ns: 7645041785100000 ns
[    0.262053] futex hash table entries: 256 (order: 2, 16384 bytes, linear)
[    0.262095] pinctrl core: initialized pinctrl subsystem
[    0.262196] PM: RTC time: 14:59:18, date: 2026-01-20
[    0.262304] NET: Registered protocol family 16
[    0.262376] audit: initializing netlink subsys (disabled)
[    0.262502] EISA bus registered
[    0.262503] cpuidle: using governor ladder
[    0.262504] cpuidle: using governor menu
[    0.262542] ACPI: bus type PCI registered
[    0.262543] acpiphp: ACPI Hot Plug PCI Controller Driver version: 0.5
[    0.262629] PCI: Using configuration type 1 for base access
[    0.262827] audit: type=2000 audit(1768892364.525:1): state=initialized audit_enabled=0 res=1
[    0.262908] HugeTLB registered 2.00 MiB page size, pre-allocated 0 pages
[    0.263725] ACPI: Added _OSI(Module Device)
[    0.263726] ACPI: Added _OSI(Processor Device)
[    0.263726] ACPI: Added _OSI(3.0 _SCP Extensions)
[    0.263727] ACPI: Added _OSI(Processor Aggregator Device)
[    0.263728] ACPI: Added _OSI(Linux-Dell-Video)
[    0.263729] ACPI: Added _OSI(Linux-Lenovo-NV-HDMI-Audio)
[    0.263730] ACPI: Added _OSI(Linux-HPI-Hybrid-Graphics)
[    0.265670] ACPI: 2 ACPI AML tables successfully acquired and loaded
[    0.267201] ACPI: Interpreter enabled
[    0.267210] ACPI: (supports S0 S5)
[    0.267211] ACPI: Using IOAPIC for interrupt routing
[    0.267414] PCI: Using host bridge windows from ACPI; if necessary, use "pci=nocrs" and report a bug
[    0.267524] ACPI: Enabled 2 GPEs in block 00 to 07
[    0.272309] ACPI: PCI Root Bridge [PCI0] (domain 0000 [bus 00-ff])
[    0.272314] acpi PNP0A03:00: _OSC: OS supports [ASPM ClockPM Segments MSI HPX-Type3]
[    0.272753] acpi PNP0A03:00: _OSC: not requesting OS control; OS requires [ExtendedConfig ASPM ClockPM MSI]
[    0.272762] acpi PNP0A03:00: fail to add MMCONFIG information, can't access extended PCI configuration space under this bridge.
[    0.273129] PCI host bridge to bus 0000:00
[    0.273131] pci_bus 0000:00: root bus resource [io  0x0000-0x0cf7 window]
[    0.273132] pci_bus 0000:00: root bus resource [io  0x0d00-0xffff window]
[    0.273133] pci_bus 0000:00: root bus resource [mem 0x000a0000-0x000bffff window]
[    0.273134] pci_bus 0000:00: root bus resource [mem 0x80000000-0xfdffffff window]
[    0.273135] pci_bus 0000:00: root bus resource [bus 00-ff]
[    0.273179] pci 0000:00:00.0: [8086:1237] type 00 class 0x060000
[    0.274123] pci 0000:00:01.0: [8086:7000] type 00 class 0x060100
[    0.274935] pci 0000:00:01.1: [8086:7111] type 00 class 0x01018a
[    0.275317] pci 0000:00:01.1: reg 0x20: [io  0xd000-0xd00f]
[    0.275474] pci 0000:00:01.1: legacy IDE quirk: reg 0x10: [io  0x01f0-0x01f7]
[    0.275475] pci 0000:00:01.1: legacy IDE quirk: reg 0x14: [io  0x03f6]
[    0.275476] pci 0000:00:01.1: legacy IDE quirk: reg 0x18: [io  0x0170-0x0177]
[    0.275477] pci 0000:00:01.1: legacy IDE quirk: reg 0x1c: [io  0x0376]
[    0.276015] pci 0000:00:02.0: [15ad:0405] type 00 class 0x030000
[    0.278707] pci 0000:00:02.0: reg 0x10: [io  0xd010-0xd01f]
[    0.281515] pci 0000:00:02.0: reg 0x14: [mem 0xe0000000-0xe7ffffff pref]
[    0.284483] pci 0000:00:02.0: reg 0x18: [mem 0xf0000000-0xf01fffff]
[    0.295322] pci 0000:00:03.0: [1022:2000] type 00 class 0x020000
[    0.296008] pci 0000:00:03.0: reg 0x10: [io  0xd020-0xd03f]
[    0.296629] pci 0000:00:03.0: reg 0x14: [mem 0xf0200000-0xf0200fff]
[    0.299999] pci 0000:00:04.0: [80ee:cafe] type 00 class 0x088000
[    0.300668] pci 0000:00:04.0: reg 0x10: [io  0xd040-0xd05f]
[    0.301276] pci 0000:00:04.0: reg 0x14: [mem 0xf0400000-0xf07fffff]
[    0.301894] pci 0000:00:04.0: reg 0x18: [mem 0xf0800000-0xf0803fff pref]
[    0.305125] pci 0000:00:07.0: [8086:7113] type 00 class 0x068000
[    0.306722] pci 0000:00:07.0: quirk: [io  0x4000-0x403f] claimed by PIIX4 ACPI
[    0.306732] pci 0000:00:07.0: quirk: [io  0x4100-0x410f] claimed by PIIX4 SMB
[    0.307343] pci 0000:00:08.0: [8086:100e] type 00 class 0x020000
[    0.308047] pci 0000:00:08.0: reg 0x10: [mem 0xf0820000-0xf083ffff]
[    0.309199] pci 0000:00:08.0: reg 0x18: [io  0xd060-0xd067]
[    0.312246] pci 0000:00:09.0: [8086:100e] type 00 class 0x020000
[    0.312952] pci 0000:00:09.0: reg 0x10: [mem 0xf0840000-0xf085ffff]
[    0.314174] pci 0000:00:09.0: reg 0x18: [io  0xd068-0xd06f]
[    0.323587] ACPI: PCI Interrupt Link [LNKA] (IRQs 5 9 10 *11)
[    0.323870] ACPI: PCI Interrupt Link [LNKB] (IRQs 5 9 *10 11)
[    0.323970] ACPI: PCI Interrupt Link [LNKC] (IRQs 5 *9 10 11)
[    0.324077] ACPI: PCI Interrupt Link [LNKD] (IRQs 5 9 10 *11)
[    0.324346] iommu: Default domain type: Translated 
[    0.324409] pci 0000:00:02.0: vgaarb: setting as boot VGA device
[    0.324411] pci 0000:00:02.0: vgaarb: VGA device added: decodes=io+mem,owns=io+mem,locks=none
[    0.324413] pci 0000:00:02.0: vgaarb: bridge control possible
[    0.324414] vgaarb: loaded
[    0.324620] SCSI subsystem initialized
[    0.324652] libata version 3.00 loaded.
[    0.324678] ACPI: bus type USB registered
[    0.324692] usbcore: registered new interface driver usbfs
[    0.324698] usbcore: registered new interface driver hub
[    0.324702] usbcore: registered new device driver usb
[    0.324731] pps_core: LinuxPPS API ver. 1 registered
[    0.324732] pps_core: Software ver. 5.3.6 - Copyright 2005-2007 Rodolfo Giometti <giometti@linux.it>
[    0.324734] PTP clock support registered
[    0.324777] EDAC MC: Ver: 3.0.0
[    0.326775] PCI: Using ACPI for IRQ routing
[    0.326776] PCI: pci_cache_line_size set to 64 bytes
[    0.326947] e820: reserve RAM buffer [mem 0x0009fc00-0x0009ffff]
[    0.326951] e820: reserve RAM buffer [mem 0x7fff0000-0x7fffffff]
[    0.327071] NetLabel: Initializing
[    0.327072] NetLabel:  domain hash size = 128
[    0.327072] NetLabel:  protocols = UNLABELED CIPSOv4 CALIPSO
[    0.327091] NetLabel:  unlabeled traffic allowed by default
[    0.328666] clocksource: Switched to clocksource kvm-clock
[    0.340860] *** VALIDATE bpf ***
[    0.340913] VFS: Disk quotas dquot_6.6.0
[    0.340925] VFS: Dquot-cache hash table entries: 512 (order 0, 4096 bytes)
[    0.340948] *** VALIDATE ramfs ***
[    0.340951] *** VALIDATE hugetlbfs ***
[    0.341026] AppArmor: AppArmor Filesystem Enabled
[    0.341050] pnp: PnP ACPI init
[    0.341110] pnp 00:00: Plug and Play ACPI device, IDs PNP0303 (active)
[    0.341194] pnp 00:01: Plug and Play ACPI device, IDs PNP0f03 (active)
[    0.341941] pnp: PnP ACPI: found 2 devices
[    0.342903] thermal_sys: Registered thermal governor 'fair_share'
[    0.342904] thermal_sys: Registered thermal governor 'bang_bang'
[    0.342905] thermal_sys: Registered thermal governor 'step_wise'
[    0.342905] thermal_sys: Registered thermal governor 'user_space'
[    0.342906] thermal_sys: Registered thermal governor 'power_allocator'
[    0.347443] clocksource: acpi_pm: mask: 0xffffff max_cycles: 0xffffff, max_idle_ns: 2085701024 ns
[    0.347483] pci_bus 0000:00: resource 4 [io  0x0000-0x0cf7 window]
[    0.347485] pci_bus 0000:00: resource 5 [io  0x0d00-0xffff window]
[    0.347486] pci_bus 0000:00: resource 6 [mem 0x000a0000-0x000bffff window]
[    0.347487] pci_bus 0000:00: resource 7 [mem 0x80000000-0xfdffffff window]
[    0.347541] NET: Registered protocol family 2
[    0.347616] IP idents hash table entries: 32768 (order: 6, 262144 bytes, linear)
[    0.347984] tcp_listen_portaddr_hash hash table entries: 1024 (order: 2, 16384 bytes, linear)
[    0.348063] TCP established hash table entries: 16384 (order: 5, 131072 bytes, linear)
[    0.348127] TCP bind hash table entries: 16384 (order: 6, 262144 bytes, linear)
[    0.348152] TCP: Hash tables configured (established 16384 bind 16384)
[    0.348196] UDP hash table entries: 1024 (order: 3, 32768 bytes, linear)
[    0.348207] UDP-Lite hash table entries: 1024 (order: 3, 32768 bytes, linear)
[    0.348234] NET: Registered protocol family 1
[    0.348242] NET: Registered protocol family 44
[    0.348267] pci 0000:00:00.0: Limiting direct PCI/PCI transfers
[    0.348279] pci 0000:00:01.0: Activating ISA DMA hang workarounds
[    0.348333] pci 0000:00:02.0: Video device with shadowed ROM at [mem 0x000c0000-0x000dffff]
[    0.348398] PCI: CLS 0 bytes, default 64
[    0.348455] Trying to unpack rootfs image as initramfs...
[    0.519175] Freeing initrd memory: 47860K
[    0.519175] clocksource: tsc: mask: 0xffffffffffffffff max_cycles: 0x1e4530a99b6, max_idle_ns: 440795257976 ns
[    0.519175] clocksource: Switched to clocksource tsc
[    0.519175] platform rtc_cmos: registered platform RTC device (no PNP device found)
[    0.519175] check: Scanning for low memory corruption every 60 seconds
[    0.519175] Initialise system trusted keyrings
[    0.519175] Key type blacklist registered
[    0.519175] workingset: timestamp_bits=36 max_order=19 bucket_order=0
[    0.519175] zbud: loaded
[    0.519175] squashfs: version 4.0 (2009/01/31) Phillip Lougher
[    0.519175] fuse: init (API version 7.31)
[    0.519175] *** VALIDATE fuse ***
[    0.519175] *** VALIDATE fuse ***
[    0.519175] Platform Keyring initialized
[    0.519175] Key type asymmetric registered
[    0.519175] Asymmetric key parser 'x509' registered
[    0.519175] Block layer SCSI generic (bsg) driver version 0.4 loaded (major 244)
[    0.519175] io scheduler mq-deadline registered
[    0.519175] shpchp: Standard Hot Plug PCI Controller Driver version: 0.4
[    0.532998] ACPI: AC Adapter [AC] (on-line)
[    0.533043] input: Power Button as /devices/LNXSYSTM:00/LNXPWRBN:00/input/input0
[    0.533067] ACPI: Power Button [PWRF]
[    0.533154] input: Sleep Button as /devices/LNXSYSTM:00/LNXSLPBN:00/input/input1
[    0.533167] ACPI: Sleep Button [SLPF]
[    0.533402] Serial: 8250/16550 driver, 32 ports, IRQ sharing enabled
[    0.534710] Linux agpgart interface v0.103
[    0.623163] loop: module loaded
[    0.623408] ata_piix 0000:00:01.1: version 2.13
[    0.624064] scsi host0: ata_piix
[    0.624208] scsi host1: ata_piix
[    0.624252] ata1: PATA max UDMA/33 cmd 0x1f0 ctl 0x3f6 bmdma 0xd000 irq 14
[    0.624253] ata2: PATA max UDMA/33 cmd 0x170 ctl 0x376 bmdma 0xd008 irq 15
[    0.624383] tun: Universal TUN/TAP device driver, 1.6
[    0.624867] PPP generic driver version 2.4.2
[    0.624940] VFIO - User Level meta-driver version: 0.3
[    0.625306] ehci_hcd: USB 2.0 'Enhanced' Host Controller (EHCI) Driver
[    0.625316] ehci-pci: EHCI PCI platform driver
[    0.625341] ehci-platform: EHCI generic platform driver
[    0.625349] ohci_hcd: USB 1.1 'Open' Host Controller (OHCI) Driver
[    0.625352] ohci-pci: OHCI PCI platform driver
[    0.625361] ohci-platform: OHCI generic platform driver
[    0.625369] uhci_hcd: USB Universal Host Controller Interface driver
[    0.625467] i8042: PNP: PS/2 Controller [PNP0303:PS2K,PNP0f03:PS2M] at 0x60,0x64 irq 1,12
[    0.626080] serio: i8042 KBD port at 0x60,0x64 irq 1
[    0.626086] serio: i8042 AUX port at 0x60,0x64 irq 12
[    0.626226] mousedev: PS/2 mouse device common for all mice
[    0.626622] input: AT Translated Set 2 keyboard as /devices/platform/i8042/serio0/input/input2
[    0.627124] rtc_cmos rtc_cmos: registered as rtc0
[    0.627124] rtc_cmos rtc_cmos: alarms up to one day, 114 bytes nvram
[    0.627124] i2c /dev entries driver
[    0.627357] device-mapper: uevent: version 1.0.3
[    0.627427] device-mapper: ioctl: 4.41.0-ioctl (2019-09-16) initialised: dm-devel@redhat.com
[    0.627455] platform eisa.0: Probing EISA bus 0
[    0.627457] platform eisa.0: EISA: Cannot allocate resource for mainboard
[    0.627459] platform eisa.0: Cannot allocate resource for EISA slot 1
[    0.627461] platform eisa.0: Cannot allocate resource for EISA slot 2
[    0.627462] platform eisa.0: Cannot allocate resource for EISA slot 3
[    0.627464] platform eisa.0: Cannot allocate resource for EISA slot 4
[    0.627465] platform eisa.0: Cannot allocate resource for EISA slot 5
[    0.627467] platform eisa.0: Cannot allocate resource for EISA slot 6
[    0.627468] platform eisa.0: Cannot allocate resource for EISA slot 7
[    0.627470] platform eisa.0: Cannot allocate resource for EISA slot 8
[    0.627472] platform eisa.0: EISA: Detected 0 cards
[    0.627476] intel_pstate: CPU model not supported
[    0.627491] ledtrig-cpu: registered to indicate activity on CPUs
[    0.627572] drop_monitor: Initializing network drop monitor service
[    0.627831] NET: Registered protocol family 10
[    0.635279] Segment Routing with IPv6
[    0.635279] NET: Registered protocol family 17
[    0.635279] Key type dns_resolver registered
[    0.635279] RAS: Correctable Errors collector initialized.
[    0.635279] IPI shorthand broadcast: enabled
[    0.635279] sched_clock: Marking stable (620166036, 11113459)->(632355477, -1075982)
[    0.636578] registered taskstats version 1
[    0.636601] Loading compiled-in X.509 certificates
[    0.637538] Loaded X.509 cert 'Build time autogenerated kernel key: 0a9e52cc6eb58eed9b63e328679db6d5d5216245'
[    0.637566] zswap: loaded using pool lzo/zbud
[    0.637654] Key type ._fscrypt registered
[    0.637655] Key type .fscrypt registered
[    0.644587] Key type big_key registered
[    0.648128] Key type encrypted registered
[    0.648132] AppArmor: AppArmor sha1 policy hashing enabled
[    0.648143] ima: No TPM chip found, activating TPM-bypass!
[    0.648149] ima: Allocated hash algorithm: sha1
[    0.648158] ima: No architecture policies found
[    0.648169] evm: Initialising EVM extended attributes:
[    0.648170] evm: security.selinux
[    0.648171] evm: security.SMACK64
[    0.648172] evm: security.SMACK64EXEC
[    0.648173] evm: security.SMACK64TRANSMUTE
[    0.648173] evm: security.SMACK64MMAP
[    0.648174] evm: security.apparmor
[    0.648175] evm: security.ima
[    0.648176] evm: security.capability
[    0.648177] evm: HMAC attrs: 0x1
[    0.648669] PM:   Magic number: 10:399:991
[    0.648800] rtc_cmos rtc_cmos: setting system clock to 2026-01-20T14:59:19 UTC (1768921159)
[    0.796286] ata1.00: ATA-6: VBOX HARDDISK, 1.0, max UDMA/133
[    0.796289] ata1.00: 209715200 sectors, multi 128: LBA 
[    0.797000] scsi 0:0:0:0: Direct-Access     ATA      VBOX HARDDISK    1.0  PQ: 0 ANSI: 5
[    0.797336] sd 0:0:0:0: [sda] 209715200 512-byte logical blocks: (107 GB/100 GiB)
[    0.797349] sd 0:0:0:0: [sda] Write Protect is off
[    0.797352] sd 0:0:0:0: [sda] Mode Sense: 00 3a 00 00
[    0.797373] sd 0:0:0:0: [sda] Write cache: enabled, read cache: enabled, doesn't support DPO or FUA
[    0.797738] sd 0:0:0:0: Attached scsi generic sg0 type 0
[    0.798244]  sda: sda1 sda2
[    0.807325] sd 0:0:0:0: [sda] Attached SCSI disk
[    0.810893] Freeing unused decrypted memory: 2040K
[    0.812222] Freeing unused kernel image memory: 2720K
[    0.812225] Write protecting the kernel read-only data: 22528k
[    0.813533] Freeing unused kernel image memory: 2036K
[    0.814296] Freeing unused kernel image memory: 1452K
[    0.841168] x86/mm: Checked W+X mappings: passed, no W+X pages found.
[    0.841174] Run /init as init process
[    0.944544] ACPI: Video Device [GFX0] (multi-head: yes  rom: no  post: no)
[    0.944630] input: Video Bus as /devices/LNXSYSTM:00/LNXSYBUS:00/PNP0A03:00/LNXVIDEO:00/input/input4
[    0.956822] pcnet32: pcnet32.c:v1.35 21.Apr.2008 tsbogend@alpha.franken.de
[    0.958535] piix4_smbus 0000:00:07.0: SMBus Host Controller at 0x4100, revision 0
[    0.961112] e1000: Intel(R) PRO/1000 Network Driver - version 7.3.21-k8-NAPI
[    0.961113] e1000: Copyright (c) 1999-2006 Intel Corporation.
[    0.970390] pcnet32: PCnet/FAST III 79C973 at 0xd020, 08:00:27:fe:b9:40 assigned IRQ 19
[    0.970437] pcnet32: Found PHY 0022:561b at address 0
[    0.970771] pcnet32: eth0: registered as PCnet/FAST III 79C973
[    0.981895] pcnet32: 1 cards_found
[    1.032930] pcnet32 0000:00:03.0 enp0s3: renamed from eth0
[    1.179086] input: ImExPS/2 Generic Explorer Mouse as /devices/platform/i8042/serio1/input/input5
[    1.387561] e1000 0000:00:08.0 eth0: (PCI:33MHz:32-bit) 08:00:27:a0:5f:6b
[    1.387567] e1000 0000:00:08.0 eth0: Intel(R) PRO/1000 Network Connection
[    1.759506] e1000 0000:00:09.0 eth1: (PCI:33MHz:32-bit) 08:00:27:b7:e7:3b
[    1.759509] e1000 0000:00:09.0 eth1: Intel(R) PRO/1000 Network Connection
[    1.760816] e1000 0000:00:09.0 enp0s9: renamed from eth1
[    1.762723] e1000 0000:00:08.0 enp0s8: renamed from eth0
[    1.819657] EXT4-fs (sda2): mounted filesystem with ordered data mode. Opts: (null)
[    1.920034] systemd[1]: Inserted module 'autofs4'
[    1.931408] systemd[1]: systemd 245.4-4ubuntu3 running in system mode. (+PAM +AUDIT +SELINUX +IMA +APPARMOR +SMACK +SYSVINIT +UTMP +LIBCRYPTSETUP +GCRYPT +GNUTLS +ACL +XZ +LZ4 +SECCOMP +BLKID +ELFUTILS +KMOD +IDN2 -IDN +PCRE2 default-hierarchy=hybrid)
[    1.931439] systemd[1]: Detected virtualization oracle.
[    1.931443] systemd[1]: Detected architecture x86-64.
[    1.932824] systemd[1]: Set hostname to <ztg>.
[    2.071513] systemd[1]: /lib/systemd/system/dbus.socket:5: ListenStream= references a path below legacy directory /var/run/, updating /var/run/dbus/system_bus_socket â†’ /run/dbus/system_bus_socket; please update the unit file accordingly.
[    2.130153] systemd[1]: Created slice system-modprobe.slice.
[    2.130347] systemd[1]: Created slice User and Session Slice.
[    2.130395] systemd[1]: Started Forward Password Requests to Wall Directory Watch.
[    2.130564] systemd[1]: Set up automount Arbitrary Executable File Formats File System Automount Point.
[    2.130599] systemd[1]: Reached target User and Group Name Lookups.
[    2.130610] systemd[1]: Reached target Remote File Systems.
[    2.130619] systemd[1]: Reached target Slices.
[    2.131246] systemd[1]: Listening on Syslog Socket.
[    2.131320] systemd[1]: Listening on fsck to fsckd communication Socket.
[    2.131357] systemd[1]: Listening on initctl Compatibility Named Pipe.
[    2.131502] systemd[1]: Listening on Journal Audit Socket.
[    2.131554] systemd[1]: Listening on Journal Socket (/dev/log).
[    2.131624] systemd[1]: Listening on Journal Socket.
[    2.131692] systemd[1]: Listening on udev Control Socket.
[    2.131732] systemd[1]: Listening on udev Kernel Socket.
[    2.132527] systemd[1]: Mounting Huge Pages File System...
[    2.133499] systemd[1]: Mounting POSIX Message Queue File System...
[    2.134403] systemd[1]: Mounting Kernel Debug File System...
[    2.135237] systemd[1]: Mounting Kernel Trace File System...
[    2.137438] systemd[1]: Starting Journal Service...
[    2.163070] systemd[1]: Starting Set the console keyboard layout...
[    2.170460] systemd[1]: Starting Create list of static device nodes for the current kernel...
[    2.172485] systemd[1]: Starting Load Kernel Module drm...
[    2.177162] systemd[1]: Condition check resulted in Set Up Additional Binary Formats being skipped.
[    2.177194] systemd[1]: Condition check resulted in File System Check on Root Device being skipped.
[    2.184261] systemd[1]: Starting Load Kernel Modules...
[    2.190956] systemd[1]: Starting Remount Root and Kernel File Systems...
[    2.213548] systemd[1]: Starting udev Coldplug all Devices...
[    2.223769] systemd[1]: Starting Uncomplicated firewall...
[    2.229519] systemd[1]: Mounted Huge Pages File System.
[    2.229638] systemd[1]: Mounted POSIX Message Queue File System.
[    2.229736] systemd[1]: Mounted Kernel Debug File System.
[    2.229836] systemd[1]: Mounted Kernel Trace File System.
[    2.254118] EXT4-fs (sda2): re-mounted. Opts: errors=remount-ro
[    2.254972] systemd[1]: Finished Create list of static device nodes for the current kernel.
[    2.256987] systemd[1]: modprobe@drm.service: Succeeded.
[    2.257343] systemd[1]: Finished Load Kernel Module drm.
[    2.258902] systemd[1]: Finished Remount Root and Kernel File Systems.
[    2.259229] systemd[1]: Finished Uncomplicated firewall.
[    2.260927] systemd[1]: Condition check resulted in Rebuild Hardware Database being skipped.
[    2.260958] systemd[1]: Condition check resulted in Platform Persistent Storage Archival being skipped.
[    2.267315] systemd[1]: Starting Load/Save Random Seed...
[    2.272781] systemd[1]: Starting Create System Users...
[    2.283053] lp: driver loaded but no devices found
[    2.304232] systemd[1]: Finished Load/Save Random Seed.
[    2.307910] systemd[1]: Finished Create System Users.
[    2.308632] systemd[1]: Starting Create Static Device Nodes in /dev...
[    2.313481] ppdev: user-space parallel port driver
[    2.352280] systemd[1]: Finished Create Static Device Nodes in /dev.
[    2.353026] systemd[1]: Starting udev Kernel Device Manager...
[    2.397895] systemd[1]: Finished udev Coldplug all Devices.
[    2.398576] [drm] DMA map mode: Caching DMA mappings.
[    2.398638] [drm] Capabilities:
[    2.398638] [drm]   Rect copy.
[    2.398639] [drm]   Cursor.
[    2.398639] [drm]   Cursor bypass.
[    2.398639] [drm]   Cursor bypass 2.
[    2.398640] [drm]   Alpha cursor.
[    2.398640] [drm]   Extended Fifo.
[    2.398640] [drm]   Pitchlock.
[    2.398641] [drm]   Irq mask.
[    2.398641] [drm]   GMR.
[    2.398641] [drm]   Traces.
[    2.398642] [drm]   GMR2.
[    2.398642] [drm]   Screen Object 2.
[    2.398642] [drm]   Command Buffers.
[    2.398643] [drm]   Command Buffers 2.
[    2.398643] [drm]   Guest Backed Resources.
[    2.398644] [drm] Max GMR ids is 8192
[    2.398645] [drm] Max number of GMR pages is 1048576
[    2.398645] [drm] Max dedicated hypervisor surface memory is 393216 kiB
[    2.398646] [drm] Maximum display memory size is 131072 kiB
[    2.398647] [drm] VRAM at 0xe0000000 size is 131072 kiB
[    2.398647] [drm] MMIO at 0xf0000000 size is 2048 kiB
[    2.399327] [TTM] Zone  kernel: Available graphics memory: 1011744 KiB
[    2.399328] [TTM] Initializing pool allocator
[    2.399331] [TTM] Initializing DMA pool allocator
[    2.399366] [drm] Supports vblank timestamp caching Rev 2 (21.10.2013).
[    2.399367] [drm] No driver support for vblank timestamp query.
[    2.399835] [drm] Screen Target Display device initialized
[    2.400077] [drm] width 720
[    2.400085] [drm] height 400
[    2.400088] [drm] bpp 32
[    2.400600] [drm] Fifo max 0x00200000 min 0x00001000 cap 0x00000355
[    2.401721] [drm] Using command buffers with DMA pool.
[    2.401725] [drm] DX: no.
[    2.401725] [drm] Atomic: yes.
[    2.401726] [drm] SM4_1: no.
[    2.401746] [drm:vmw_host_log [vmwgfx]] *ERROR* Failed to send host log message.
[    2.402635] [drm:vmw_host_log [vmwgfx]] *ERROR* Failed to send host log message.
[    2.411709] fbcon: svgadrmfb (fb0) is primary device
[    2.418740] Console: switching to colour frame buffer device 100x37
[    2.425787] [drm] Initialized vmwgfx 2.15.0 20180704 for 0000:00:02.0 on minor 0
[    2.427133] systemd[1]: Finished Load Kernel Modules.
[    2.428053] systemd[1]: Mounting FUSE Control File System...
[    2.429311] systemd[1]: Mounting Kernel Configuration File System...
[    2.435060] systemd[1]: Starting Apply Kernel Variables...
[    2.468678] systemd[1]: Mounted FUSE Control File System.
[    2.468750] systemd[1]: Condition check resulted in VMware vmblock fuse mount being skipped.
[    2.471478] systemd[1]: Mounted Kernel Configuration File System.
[    2.487992] systemd[1]: Finished Set the console keyboard layout.
[    2.488090] systemd[1]: Reached target Local File Systems (Pre).
[    2.491668] systemd[1]: Mounting Mount unit for bare, revision 5...
[    2.494048] systemd[1]: Mounting Mount unit for core18, revision 1705...
[    2.516806] systemd[1]: Mounting Mount unit for gnome-3-34-1804, revision 24...
[    2.525459] systemd[1]: Mounting Mount unit for gtk-common-themes, revision 1506...
[    2.531604] systemd[1]: Mounting Mount unit for gtk-common-themes, revision 1535...
[    2.540830] systemd[1]: Mounting Mount unit for snap-store, revision 433...
[    2.545542] systemd[1]: Mounting Mount unit for snapd, revision 25935...
[    2.569902] systemd[1]: Finished Apply Kernel Variables.
[    2.571863] systemd[1]: Started udev Kernel Device Manager.
[    2.571955] systemd[1]: Mounted Mount unit for bare, revision 5.
[    2.572034] systemd[1]: Mounted Mount unit for core18, revision 1705.
[    2.572107] systemd[1]: Mounted Mount unit for gnome-3-34-1804, revision 24.
[    2.578090] systemd[1]: Starting Show Plymouth Boot Screen...
[    2.582058] systemd[1]: Received SIGRTMIN+20 from PID 278 (plymouthd).
[    2.602442] systemd[1]: Started Show Plymouth Boot Screen.
[    2.602582] systemd[1]: Condition check resulted in Dispatch Password Requests to Console Directory Watch being skipped.
[    2.602664] systemd[1]: Started Forward Password Requests to Plymouth Directory Watch.
[    2.602709] systemd[1]: Reached target Local Encrypted Volumes.
[    2.670378] systemd[1]: Mounted Mount unit for gtk-common-themes, revision 1506.
[    2.670655] systemd[1]: Mounted Mount unit for gtk-common-themes, revision 1535.
[    2.703329] systemd[1]: Mounted Mount unit for snap-store, revision 433.
[    2.703555] systemd[1]: Mounted Mount unit for snapd, revision 25935.
[    2.703709] systemd[1]: Reached target Local File Systems.
[    2.704535] systemd[1]: Starting Load AppArmor profiles...
[    2.707366] systemd[1]: Starting Set console font and keymap...
[    2.716620] systemd[1]: Starting Tell Plymouth To Write Out Runtime Data...
[    2.719392] systemd[1]: Condition check resulted in Store a System Token in an EFI Variable being skipped.
[    2.719448] systemd[1]: Condition check resulted in Commit a transient machine-id on disk being skipped.
[    2.724197] systemd[1]: Finished Set console font and keymap.
[    2.730806] systemd[1]: Received SIGRTMIN+20 from PID 278 (plymouthd).
[    2.731424] systemd[1]: plymouth-read-write.service: Succeeded.
[    2.731667] systemd[1]: Finished Tell Plymouth To Write Out Runtime Data.
[    2.752753] audit: type=1400 audit(1768921161.600:2): apparmor="STATUS" operation="profile_load" profile="unconfined" name="nvidia_modprobe" pid=299 comm="apparmor_parser"
[    2.752755] audit: type=1400 audit(1768921161.600:3): apparmor="STATUS" operation="profile_load" profile="unconfined" name="nvidia_modprobe//kmod" pid=299 comm="apparmor_parser"
[    2.778424] audit: type=1400 audit(1768921161.628:4): apparmor="STATUS" operation="profile_load" profile="unconfined" name="/usr/sbin/tcpdump" pid=300 comm="apparmor_parser"
[    2.806679] audit: type=1400 audit(1768921161.648:5): apparmor="STATUS" operation="profile_load" profile="unconfined" name="/usr/bin/evince" pid=302 comm="apparmor_parser"
[    2.806681] audit: type=1400 audit(1768921161.648:6): apparmor="STATUS" operation="profile_load" profile="unconfined" name="/usr/bin/evince//sanitized_helper" pid=302 comm="apparmor_parser"
[    2.806683] audit: type=1400 audit(1768921161.648:7): apparmor="STATUS" operation="profile_load" profile="unconfined" name="/usr/bin/evince-previewer" pid=302 comm="apparmor_parser"
[    2.806685] audit: type=1400 audit(1768921161.648:8): apparmor="STATUS" operation="profile_load" profile="unconfined" name="/usr/bin/evince-previewer//sanitized_helper" pid=302 comm="apparmor_parser"
[    2.806686] audit: type=1400 audit(1768921161.648:9): apparmor="STATUS" operation="profile_load" profile="unconfined" name="/usr/bin/evince-thumbnailer" pid=302 comm="apparmor_parser"
[    2.822076] audit: type=1400 audit(1768921161.668:10): apparmor="STATUS" operation="profile_load" profile="unconfined" name="/usr/lib/cups/backend/cups-pdf" pid=303 comm="apparmor_parser"
[    2.899754] systemd[1]: Finished Load AppArmor profiles.
[    2.900656] systemd[1]: Starting Load AppArmor profiles managed internally by snapd...
[    3.012762] systemd[1]: Finished Load AppArmor profiles managed internally by snapd.
[    3.164173] systemd[1]: Started Journal Service.
[    3.171454] systemd-journald[228]: Received client request to flush runtime journal.
[    4.511994] RAPL PMU: API unit is 2^-32 Joules, 0 fixed counters, 10737418240 ms ovfl timer
[    4.601640] cryptd: max_cpu_qlen set to 1000
[    4.676878] AVX2 version of gcm_enc/dec engaged.
[    4.676880] AES CTR mode by8 optimization enabled
[    6.539486] Adding 1998844k swap on /dev/sda1.  Priority:-2 extents:1 across:1998844k FS
[    8.012162] kauditd_printk_skb: 30 callbacks suppressed
[    8.012164] audit: type=1400 audit(1768921166.856:41): apparmor="DENIED" operation="capable" profile="/usr/sbin/cups-browsed" pid=506 comm="cups-browsed" capability=23  capname="sys_nice"
[    9.095833] pcnet32 0000:00:03.0 enp0s3: link up, 100Mbps, full-duplex
[    9.147168] e1000: enp0s8 NIC Link is Up 1000 Mbps Full Duplex, Flow Control: RX
[    9.151861] IPv6: ADDRCONF(NETDEV_CHANGE): enp0s8: link becomes ready
[    9.163164] e1000: enp0s9 NIC Link is Up 1000 Mbps Full Duplex, Flow Control: RX
[    9.163492] IPv6: ADDRCONF(NETDEV_CHANGE): enp0s9: link becomes ready
[    9.806670] device enp0s3 entered promiscuous mode
[    9.843226] audit: type=1400 audit(1768921168.616:42): apparmor="DENIED" operation="open" profile="/usr/sbin/tcpdump" name="/proc/sys/kernel/random/boot_id" pid=638 comm="tcpdump" requested_mask="r" denied_mask="r" fsuid=0 ouid=0
[    9.843380] audit: type=1400 audit(1768921168.616:43): apparmor="DENIED" operation="open" profile="/usr/sbin/tcpdump" name="/proc/sys/kernel/random/boot_id" pid=638 comm="tcpdump" requested_mask="r" denied_mask="r" fsuid=0 ouid=0
[    9.844846] audit: type=1400 audit(1768921168.616:44): apparmor="DENIED" operation="open" profile="/usr/sbin/tcpdump" name="/proc/sys/kernel/random/boot_id" pid=638 comm="tcpdump" requested_mask="r" denied_mask="r" fsuid=0 ouid=0
[    9.844871] audit: type=1400 audit(1768921168.616:45): apparmor="DENIED" operation="open" profile="/usr/sbin/tcpdump" name="/proc/sys/kernel/random/boot_id" pid=638 comm="tcpdump" requested_mask="r" denied_mask="r" fsuid=0 ouid=0
[    9.850207] audit: type=1400 audit(1768921168.616:46): apparmor="DENIED" operation="open" profile="/usr/sbin/tcpdump" name="/proc/sys/kernel/random/boot_id" pid=639 comm="tcpdump" requested_mask="r" denied_mask="r" fsuid=0 ouid=0
[    9.850611] audit: type=1400 audit(1768921168.616:47): apparmor="DENIED" operation="open" profile="/usr/sbin/tcpdump" name="/proc/sys/kernel/random/boot_id" pid=639 comm="tcpdump" requested_mask="r" denied_mask="r" fsuid=0 ouid=0
[    9.852266] audit: type=1400 audit(1768921168.616:48): apparmor="DENIED" operation="open" profile="/usr/sbin/tcpdump" name="/proc/sys/kernel/random/boot_id" pid=639 comm="tcpdump" requested_mask="r" denied_mask="r" fsuid=0 ouid=0
[    9.853271] audit: type=1400 audit(1768921168.616:49): apparmor="DENIED" operation="open" profile="/usr/sbin/tcpdump" name="/proc/sys/kernel/random/boot_id" pid=639 comm="tcpdump" requested_mask="r" denied_mask="r" fsuid=0 ouid=0
[   16.070333] rfkill: input handler disabled
[  622.481216] rfkill: input handler enabled
[  631.512291] rfkill: input handler disabled
[ 1027.730491] device enp0s3 left promiscuous mode
