[    0.000000] Linux version 5.4.243-tcp (root@ztg) (gcc version 12.2.0 (Debian 12.2.0-14)) #1 SMP Fri Apr 12 08:27:09 CST 2024
[    0.000000] Command line: BOOT_IMAGE=/boot/vmlinuz-5.4.243-tcp root=UUID=98415a12-53b7-4144-8265-0f7ece09e445 ro quiet splash
[    0.000000] KERNEL supported cpus:
[    0.000000]   Intel GenuineIntel
[    0.000000]   AMD AuthenticAMD
[    0.000000]   Hygon HygonGenuine
[    0.000000]   Centaur CentaurHauls
[    0.000000]   zhaoxin   Shanghai  
[    0.000000] x86/fpu: Supporting XSAVE feature 0x001: 'x87 floating point registers'
[    0.000000] x86/fpu: Supporting XSAVE feature 0x002: 'SSE registers'
[    0.000000] x86/fpu: Supporting XSAVE feature 0x004: 'AVX registers'
[    0.000000] x86/fpu: xstate_offset[2]:  576, xstate_sizes[2]:  256
[    0.000000] x86/fpu: Enabled xstate features 0x7, context size is 832 bytes, using 'standard' format.
[    0.000000] BIOS-provided physical RAM map:
[    0.000000] BIOS-e820: [mem 0x0000000000000000-0x000000000009fbff] usable
[    0.000000] BIOS-e820: [mem 0x000000000009fc00-0x000000000009ffff] reserved
[    0.000000] BIOS-e820: [mem 0x00000000000f0000-0x00000000000fffff] reserved
[    0.000000] BIOS-e820: [mem 0x0000000000100000-0x000000007ffeffff] usable
[    0.000000] BIOS-e820: [mem 0x000000007fff0000-0x000000007fffffff] ACPI data
[    0.000000] BIOS-e820: [mem 0x00000000fec00000-0x00000000fec00fff] reserved
[    0.000000] BIOS-e820: [mem 0x00000000fee00000-0x00000000fee00fff] reserved
[    0.000000] BIOS-e820: [mem 0x00000000fffc0000-0x00000000ffffffff] reserved
[    0.000000] NX (Execute Disable) protection: active
[    0.000000] SMBIOS 2.5 present.
[    0.000000] DMI: innotek GmbH VirtualBox/VirtualBox, BIOS VirtualBox 12/01/2006
[    0.000000] Hypervisor detected: KVM
[    0.000000] kvm-clock: Using msrs 4b564d01 and 4b564d00
[    0.000000] kvm-clock: cpu 0, msr 30201001, primary cpu clock
[    0.000000] kvm-clock: using sched offset of 4398574623 cycles
[    0.000003] clocksource: kvm-clock: mask: 0xffffffffffffffff max_cycles: 0x1cd42e4dffb, max_idle_ns: 881590591483 ns
[    0.000005] tsc: Detected 2100.000 MHz processor
[    0.001874] e820: update [mem 0x00000000-0x00000fff] usable ==> reserved
[    0.001876] e820: remove [mem 0x000a0000-0x000fffff] usable
[    0.001880] last_pfn = 0x7fff0 max_arch_pfn = 0x400000000
[    0.001947] MTRR default type: uncachable
[    0.001948] MTRR fixed ranges enabled:
[    0.001949]   00000-9FFFF write-back
[    0.001950]   A0000-BFFFF uncachable
[    0.001951]   C0000-FFFFF write-protect
[    0.001951] MTRR variable ranges enabled:
[    0.001953]   0 base 000000000000 mask 3FFF80000000 write-back
[    0.001954]   1 disabled
[    0.001954]   2 disabled
[    0.001955]   3 disabled
[    0.001955]   4 disabled
[    0.001956]   5 disabled
[    0.001956]   6 disabled
[    0.001957]   7 disabled
[    0.001957]   8 disabled
[    0.001957]   9 disabled
[    0.001958]   10 disabled
[    0.001958]   11 disabled
[    0.001959]   12 disabled
[    0.001959]   13 disabled
[    0.001960]   14 disabled
[    0.001960]   15 disabled
[    0.001976] x86/PAT: Configuration [0-7]: WB  WC  UC- UC  WB  WP  UC- WT  
[    0.002110] found SMP MP-table at [mem 0x0009fff0-0x0009ffff]
[    0.091383] check: Scanning 1 areas for low memory corruption
[    0.091513] RAMDISK: [mem 0x32275000-0x35131fff]
[    0.091521] ACPI: Early table checksum verification disabled
[    0.091527] ACPI: RSDP 0x00000000000E0000 000024 (v02 VBOX  )
[    0.091531] ACPI: XSDT 0x000000007FFF0030 00003C (v01 VBOX   VBOXXSDT 00000001 ASL  00000061)
[    0.091538] ACPI: FACP 0x000000007FFF00F0 0000F4 (v04 VBOX   VBOXFACP 00000001 ASL  00000061)
[    0.091545] ACPI: DSDT 0x000000007FFF02E0 002353 (v02 VBOX   VBOXBIOS 00000002 VBOX 00029BF3)
[    0.091549] ACPI: FACS 0x000000007FFF0200 000040
[    0.091552] ACPI: FACS 0x000000007FFF0200 000040
[    0.091555] ACPI: APIC 0x000000007FFF0240 000054 (v02 VBOX   VBOXAPIC 00000001 ASL  00000061)
[    0.091558] ACPI: SSDT 0x000000007FFF02A0 000038 (v01 VBOX   VBOXCPUT 00000002 VBOX 00029BF3)
[    0.091562] ACPI: Reserving FACP table memory at [mem 0x7fff00f0-0x7fff01e3]
[    0.091562] ACPI: Reserving DSDT table memory at [mem 0x7fff02e0-0x7fff2632]
[    0.091563] ACPI: Reserving FACS table memory at [mem 0x7fff0200-0x7fff023f]
[    0.091564] ACPI: Reserving FACS table memory at [mem 0x7fff0200-0x7fff023f]
[    0.091564] ACPI: Reserving APIC table memory at [mem 0x7fff0240-0x7fff0293]
[    0.091565] ACPI: Reserving SSDT table memory at [mem 0x7fff02a0-0x7fff02d7]
[    0.091579] ACPI: Local APIC address 0xfee00000
[    0.091763] No NUMA configuration found
[    0.091764] Faking a node at [mem 0x0000000000000000-0x000000007ffeffff]
[    0.091774] NODE_DATA(0) allocated [mem 0x7ffc5000-0x7ffeffff]
[    0.092034] Zone ranges:
[    0.092035]   DMA      [mem 0x0000000000001000-0x0000000000ffffff]
[    0.092036]   DMA32    [mem 0x0000000001000000-0x000000007ffeffff]
[    0.092037]   Normal   empty
[    0.092038]   Device   empty
[    0.092039] Movable zone start for each node
[    0.092040] Early memory node ranges
[    0.092041]   node   0: [mem 0x0000000000001000-0x000000000009efff]
[    0.092042]   node   0: [mem 0x0000000000100000-0x000000007ffeffff]
[    0.092045] Zeroed struct page in unavailable ranges: 114 pages
[    0.092046] Initmem setup node 0 [mem 0x0000000000001000-0x000000007ffeffff]
[    0.092047] On node 0 totalpages: 524174
[    0.092048]   DMA zone: 64 pages used for memmap
[    0.092049]   DMA zone: 21 pages reserved
[    0.092050]   DMA zone: 3998 pages, LIFO batch:0
[    0.092119]   DMA32 zone: 8128 pages used for memmap
[    0.092120]   DMA32 zone: 520176 pages, LIFO batch:63
[    0.101001] ACPI: PM-Timer IO Port: 0x4008
[    0.101005] ACPI: Local APIC address 0xfee00000
[    0.101072] IOAPIC[0]: apic_id 1, version 32, address 0xfec00000, GSI 0-23
[    0.101075] ACPI: INT_SRC_OVR (bus 0 bus_irq 0 global_irq 2 dfl dfl)
[    0.101077] ACPI: INT_SRC_OVR (bus 0 bus_irq 9 global_irq 9 low level)
[    0.101079] ACPI: IRQ0 used by override.
[    0.101080] ACPI: IRQ9 used by override.
[    0.101082] Using ACPI (MADT) for SMP configuration information
[    0.101089] smpboot: Allowing 1 CPUs, 0 hotplug CPUs
[    0.101111] PM: Registered nosave memory: [mem 0x00000000-0x00000fff]
[    0.101113] PM: Registered nosave memory: [mem 0x0009f000-0x0009ffff]
[    0.101113] PM: Registered nosave memory: [mem 0x000a0000-0x000effff]
[    0.101114] PM: Registered nosave memory: [mem 0x000f0000-0x000fffff]
[    0.101115] [mem 0x80000000-0xfebfffff] available for PCI devices
[    0.101116] Booting paravirtualized kernel on KVM
[    0.101119] clocksource: refined-jiffies: mask: 0xffffffff max_cycles: 0xffffffff, max_idle_ns: 7645519600211568 ns
[    0.101124] setup_percpu: NR_CPUS:8192 nr_cpumask_bits:1 nr_cpu_ids:1 nr_node_ids:1
[    0.102109] percpu: Embedded 60 pages/cpu s208896 r8192 d28672 u2097152
[    0.102114] pcpu-alloc: s208896 r8192 d28672 u2097152 alloc=1*2097152
[    0.102115] pcpu-alloc: [0] 0 
[    0.102141] Built 1 zonelists, mobility grouping on.  Total pages: 515961
[    0.102142] Policy zone: DMA32
[    0.102143] Kernel command line: BOOT_IMAGE=/boot/vmlinuz-5.4.243-tcp root=UUID=98415a12-53b7-4144-8265-0f7ece09e445 ro quiet splash
[    0.102965] Dentry cache hash table entries: 262144 (order: 9, 2097152 bytes, linear)
[    0.103112] Inode-cache hash table entries: 131072 (order: 8, 1048576 bytes, linear)
[    0.103161] mem auto-init: stack:off, heap alloc:on, heap free:off
[    0.103164] Calgary: detecting Calgary via BIOS EBDA area
[    0.103165] Calgary: Unable to locate Rio Grande table in EBDA - bailing!
[    0.107244] Memory: 1967340K/2096696K available (14339K kernel code, 2392K rwdata, 4692K rodata, 2720K init, 17272K bss, 129356K reserved, 0K cma-reserved)
[    0.108152] SLUB: HWalign=64, Order=0-3, MinObjects=0, CPUs=1, Nodes=1
[    0.108168] ftrace: allocating 42894 entries in 168 pages
[    0.125954] rcu: Hierarchical RCU implementation.
[    0.125956] rcu: 	RCU restricting CPUs from NR_CPUS=8192 to nr_cpu_ids=1.
[    0.125958] 	Tasks RCU enabled.
[    0.125959] rcu: RCU calculated value of scheduler-enlistment delay is 25 jiffies.
[    0.125960] rcu: Adjusting geometry for rcu_fanout_leaf=16, nr_cpu_ids=1
[    0.128903] NR_IRQS: 524544, nr_irqs: 256, preallocated irqs: 16
[    0.129124] random: crng init done
[    0.138467] Console: colour VGA+ 80x25
[    0.138471] printk: console [tty0] enabled
[    0.138489] ACPI: Core revision 20190816
[    0.138603] APIC: Switch to symmetric I/O mode setup
[    0.138853] x2apic enabled
[    0.139090] Switched APIC routing to physical x2apic.
[    0.140214] ..TIMER: vector=0x30 apic1=0 pin1=2 apic2=-1 pin2=-1
[    0.140239] clocksource: tsc-early: mask: 0xffffffffffffffff max_cycles: 0x1e4530a99b6, max_idle_ns: 440795257976 ns
[    0.140244] Calibrating delay loop (skipped) preset value.. 4200.00 BogoMIPS (lpj=8400000)
[    0.140246] pid_max: default: 32768 minimum: 301
[    0.140274] LSM: Security Framework initializing
[    0.140283] Yama: becoming mindful.
[    0.140307] AppArmor: AppArmor initialized
[    0.140342] Mount-cache hash table entries: 4096 (order: 3, 32768 bytes, linear)
[    0.140346] Mountpoint-cache hash table entries: 4096 (order: 3, 32768 bytes, linear)
[    0.140356] *** VALIDATE tmpfs ***
[    0.140484] *** VALIDATE proc ***
[    0.140524] *** VALIDATE cgroup1 ***
[    0.140526] *** VALIDATE cgroup2 ***
[    0.140665] process: using mwait in idle threads
[    0.140670] Last level iTLB entries: 4KB 64, 2MB 8, 4MB 8
[    0.140671] Last level dTLB entries: 4KB 64, 2MB 0, 4MB 0, 1GB 4
[    0.140691] Spectre V1 : Mitigation: usercopy/swapgs barriers and __user pointer sanitization
[    0.140696] Spectre V2 : Mitigation: Retpolines
[    0.140696] Spectre V2 : Spectre v2 / SpectreRSB mitigation: Filling RSB on context switch
[    0.140697] Spectre V2 : Spectre v2 / SpectreRSB : Filling RSB on VMEXIT
[    0.140698] RETBleed: WARNING: Spectre v2 mitigation leaves CPU vulnerable to RETBleed attacks, data leaks possible!
[    0.141060] RETBleed: Vulnerable
[    0.141060] Speculative Store Bypass: Vulnerable
[    0.141065] TAA: Mitigation: TSX disabled
[    0.141066] MMIO Stale Data: Mitigation: Clear CPU buffers
[    0.145218] Freeing SMP alternatives memory: 40K
[    0.256817] smpboot: CPU0: Intel(R) Xeon(R) Silver 4216 CPU @ 2.10GHz (family: 0x6, model: 0x55, stepping: 0x7)
[    0.256960] Performance Events: unsupported p6 CPU model 85 no PMU driver, software events only.
[    0.256997] rcu: Hierarchical SRCU implementation.
[    0.257498] NMI watchdog: Perf NMI watchdog permanently disabled
[    0.257542] smp: Bringing up secondary CPUs ...
[    0.257543] smp: Brought up 1 node, 1 CPU
[    0.257544] smpboot: Max logical packages: 1
[    0.257545] smpboot: Total of 1 processors activated (4200.00 BogoMIPS)
[    0.258515] devtmpfs: initialized
[    0.258563] x86/mm: Memory block size: 128MB
[    0.258915] clocksource: jiffies: mask: 0xffffffff max_cycles: 0xffffffff, max_idle_ns: 7645041785100000 ns
[    0.258921] futex hash table entries: 256 (order: 2, 16384 bytes, linear)
[    0.258964] pinctrl core: initialized pinctrl subsystem
[    0.259067] PM: RTC time: 16:34:08, date: 2026-01-20
[    0.259175] NET: Registered protocol family 16
[    0.259248] audit: initializing netlink subsys (disabled)
[    0.259374] EISA bus registered
[    0.259375] cpuidle: using governor ladder
[    0.259376] cpuidle: using governor menu
[    0.259413] ACPI: bus type PCI registered
[    0.259415] acpiphp: ACPI Hot Plug PCI Controller Driver version: 0.5
[    0.259516] PCI: Using configuration type 1 for base access
[    0.260620] audit: type=2000 audit(1768898054.211:1): state=initialized audit_enabled=0 res=1
[    0.260701] HugeTLB registered 2.00 MiB page size, pre-allocated 0 pages
[    0.261541] ACPI: Added _OSI(Module Device)
[    0.261542] ACPI: Added _OSI(Processor Device)
[    0.261543] ACPI: Added _OSI(3.0 _SCP Extensions)
[    0.261544] ACPI: Added _OSI(Processor Aggregator Device)
[    0.261544] ACPI: Added _OSI(Linux-Dell-Video)
[    0.261545] ACPI: Added _OSI(Linux-Lenovo-NV-HDMI-Audio)
[    0.261546] ACPI: Added _OSI(Linux-HPI-Hybrid-Graphics)
[    0.263491] ACPI: 2 ACPI AML tables successfully acquired and loaded
[    0.265003] ACPI: Interpreter enabled
[    0.265013] ACPI: (supports S0 S5)
[    0.265014] ACPI: Using IOAPIC for interrupt routing
[    0.265217] PCI: Using host bridge windows from ACPI; if necessary, use "pci=nocrs" and report a bug
[    0.265336] ACPI: Enabled 2 GPEs in block 00 to 07
[    0.271068] ACPI: PCI Root Bridge [PCI0] (domain 0000 [bus 00-ff])
[    0.271074] acpi PNP0A03:00: _OSC: OS supports [ASPM ClockPM Segments MSI HPX-Type3]
[    0.271533] acpi PNP0A03:00: _OSC: not requesting OS control; OS requires [ExtendedConfig ASPM ClockPM MSI]
[    0.271541] acpi PNP0A03:00: fail to add MMCONFIG information, can't access extended PCI configuration space under this bridge.
[    0.271916] PCI host bridge to bus 0000:00
[    0.271918] pci_bus 0000:00: root bus resource [io  0x0000-0x0cf7 window]
[    0.271919] pci_bus 0000:00: root bus resource [io  0x0d00-0xffff window]
[    0.271920] pci_bus 0000:00: root bus resource [mem 0x000a0000-0x000bffff window]
[    0.271921] pci_bus 0000:00: root bus resource [mem 0x80000000-0xfdffffff window]
[    0.271923] pci_bus 0000:00: root bus resource [bus 00-ff]
[    0.271966] pci 0000:00:00.0: [8086:1237] type 00 class 0x060000
[    0.272966] pci 0000:00:01.0: [8086:7000] type 00 class 0x060100
[    0.273713] pci 0000:00:01.1: [8086:7111] type 00 class 0x01018a
[    0.274092] pci 0000:00:01.1: reg 0x20: [io  0xd000-0xd00f]
[    0.274248] pci 0000:00:01.1: legacy IDE quirk: reg 0x10: [io  0x01f0-0x01f7]
[    0.274249] pci 0000:00:01.1: legacy IDE quirk: reg 0x14: [io  0x03f6]
[    0.274250] pci 0000:00:01.1: legacy IDE quirk: reg 0x18: [io  0x0170-0x0177]
[    0.274251] pci 0000:00:01.1: legacy IDE quirk: reg 0x1c: [io  0x0376]
[    0.274796] pci 0000:00:02.0: [15ad:0405] type 00 class 0x030000
[    0.276326] pci 0000:00:02.0: reg 0x10: [io  0xd010-0xd01f]
[    0.280287] pci 0000:00:02.0: reg 0x14: [mem 0xe0000000-0xe7ffffff pref]
[    0.282967] pci 0000:00:02.0: reg 0x18: [mem 0xf0000000-0xf01fffff]
[    0.293045] pci 0000:00:03.0: [1022:2000] type 00 class 0x020000
[    0.293735] pci 0000:00:03.0: reg 0x10: [io  0xd020-0xd03f]
[    0.294347] pci 0000:00:03.0: reg 0x14: [mem 0xf0200000-0xf0200fff]
[    0.299332] pci 0000:00:04.0: [80ee:cafe] type 00 class 0x088000
[    0.300003] pci 0000:00:04.0: reg 0x10: [io  0xd040-0xd05f]
[    0.300352] pci 0000:00:04.0: reg 0x14: [mem 0xf0400000-0xf07fffff]
[    0.300956] pci 0000:00:04.0: reg 0x18: [mem 0xf0800000-0xf0803fff pref]
[    0.304283] pci 0000:00:07.0: [8086:7113] type 00 class 0x068000
[    0.304814] pci 0000:00:07.0: quirk: [io  0x4000-0x403f] claimed by PIIX4 ACPI
[    0.304827] pci 0000:00:07.0: quirk: [io  0x4100-0x410f] claimed by PIIX4 SMB
[    0.305448] pci 0000:00:08.0: [8086:100e] type 00 class 0x020000
[    0.306155] pci 0000:00:08.0: reg 0x10: [mem 0xf0820000-0xf083ffff]
[    0.308281] pci 0000:00:08.0: reg 0x18: [io  0xd060-0xd067]
[    0.311488] pci 0000:00:09.0: [8086:100e] type 00 class 0x020000
[    0.312202] pci 0000:00:09.0: reg 0x10: [mem 0xf0840000-0xf085ffff]
[    0.312917] pci 0000:00:09.0: reg 0x18: [io  0xd068-0xd06f]
[    0.325286] ACPI: PCI Interrupt Link [LNKA] (IRQs 5 9 10 *11)
[    0.325575] ACPI: PCI Interrupt Link [LNKB] (IRQs 5 9 *10 11)
[    0.325678] ACPI: PCI Interrupt Link [LNKC] (IRQs 5 *9 10 11)
[    0.325777] ACPI: PCI Interrupt Link [LNKD] (IRQs 5 9 10 *11)
[    0.326052] iommu: Default domain type: Translated 
[    0.326113] pci 0000:00:02.0: vgaarb: setting as boot VGA device
[    0.326115] pci 0000:00:02.0: vgaarb: VGA device added: decodes=io+mem,owns=io+mem,locks=none
[    0.326117] pci 0000:00:02.0: vgaarb: bridge control possible
[    0.326118] vgaarb: loaded
[    0.326325] SCSI subsystem initialized
[    0.326356] libata version 3.00 loaded.
[    0.326382] ACPI: bus type USB registered
[    0.326396] usbcore: registered new interface driver usbfs
[    0.326402] usbcore: registered new interface driver hub
[    0.326406] usbcore: registered new device driver usb
[    0.326438] pps_core: LinuxPPS API ver. 1 registered
[    0.326438] pps_core: Software ver. 5.3.6 - Copyright 2005-2007 Rodolfo Giometti <giometti@linux.it>
[    0.326440] PTP clock support registered
[    0.326475] EDAC MC: Ver: 3.0.0
[    0.326755] PCI: Using ACPI for IRQ routing
[    0.326756] PCI: pci_cache_line_size set to 64 bytes
[    0.326925] e820: reserve RAM buffer [mem 0x0009fc00-0x0009ffff]
[    0.326928] e820: reserve RAM buffer [mem 0x7fff0000-0x7fffffff]
[    0.327054] NetLabel: Initializing
[    0.327055] NetLabel:  domain hash size = 128
[    0.327055] NetLabel:  protocols = UNLABELED CIPSOv4 CALIPSO
[    0.327074] NetLabel:  unlabeled traffic allowed by default
[    0.329511] clocksource: Switched to clocksource kvm-clock
[    0.339186] *** VALIDATE bpf ***
[    0.339186] VFS: Disk quotas dquot_6.6.0
[    0.339186] VFS: Dquot-cache hash table entries: 512 (order 0, 4096 bytes)
[    0.339186] *** VALIDATE ramfs ***
[    0.339186] *** VALIDATE hugetlbfs ***
[    0.339186] AppArmor: AppArmor Filesystem Enabled
[    0.339186] pnp: PnP ACPI init
[    0.339186] pnp 00:00: Plug and Play ACPI device, IDs PNP0303 (active)
[    0.342826] pnp 00:01: Plug and Play ACPI device, IDs PNP0f03 (active)
[    0.343617] pnp: PnP ACPI: found 2 devices
[    0.344588] thermal_sys: Registered thermal governor 'fair_share'
[    0.344588] thermal_sys: Registered thermal governor 'bang_bang'
[    0.344589] thermal_sys: Registered thermal governor 'step_wise'
[    0.344590] thermal_sys: Registered thermal governor 'user_space'
[    0.344590] thermal_sys: Registered thermal governor 'power_allocator'
[    0.349103] clocksource: acpi_pm: mask: 0xffffff max_cycles: 0xffffff, max_idle_ns: 2085701024 ns
[    0.349143] pci_bus 0000:00: resource 4 [io  0x0000-0x0cf7 window]
[    0.349145] pci_bus 0000:00: resource 5 [io  0x0d00-0xffff window]
[    0.349146] pci_bus 0000:00: resource 6 [mem 0x000a0000-0x000bffff window]
[    0.349147] pci_bus 0000:00: resource 7 [mem 0x80000000-0xfdffffff window]
[    0.349201] NET: Registered protocol family 2
[    0.349277] IP idents hash table entries: 32768 (order: 6, 262144 bytes, linear)
[    0.349647] tcp_listen_portaddr_hash hash table entries: 1024 (order: 2, 16384 bytes, linear)
[    0.349726] TCP established hash table entries: 16384 (order: 5, 131072 bytes, linear)
[    0.349792] TCP bind hash table entries: 16384 (order: 6, 262144 bytes, linear)
[    0.349817] TCP: Hash tables configured (established 16384 bind 16384)
[    0.349860] UDP hash table entries: 1024 (order: 3, 32768 bytes, linear)
[    0.349872] UDP-Lite hash table entries: 1024 (order: 3, 32768 bytes, linear)
[    0.349900] NET: Registered protocol family 1
[    0.349908] NET: Registered protocol family 44
[    0.349933] pci 0000:00:00.0: Limiting direct PCI/PCI transfers
[    0.349946] pci 0000:00:01.0: Activating ISA DMA hang workarounds
[    0.350002] pci 0000:00:02.0: Video device with shadowed ROM at [mem 0x000c0000-0x000dffff]
[    0.350063] PCI: CLS 0 bytes, default 64
[    0.350112] Trying to unpack rootfs image as initramfs...
[    0.519821] Freeing initrd memory: 47860K
[    0.519821] clocksource: tsc: mask: 0xffffffffffffffff max_cycles: 0x1e4530a99b6, max_idle_ns: 440795257976 ns
[    0.519821] clocksource: Switched to clocksource tsc
[    0.519821] platform rtc_cmos: registered platform RTC device (no PNP device found)
[    0.519821] check: Scanning for low memory corruption every 60 seconds
[    0.519821] Initialise system trusted keyrings
[    0.519821] Key type blacklist registered
[    0.519821] workingset: timestamp_bits=36 max_order=19 bucket_order=0
[    0.519821] zbud: loaded
[    0.519821] squashfs: version 4.0 (2009/01/31) Phillip Lougher
[    0.519821] fuse: init (API version 7.31)
[    0.519821] *** VALIDATE fuse ***
[    0.519821] *** VALIDATE fuse ***
[    0.519821] Platform Keyring initialized
[    0.519821] Key type asymmetric registered
[    0.519821] Asymmetric key parser 'x509' registered
[    0.519821] Block layer SCSI generic (bsg) driver version 0.4 loaded (major 244)
[    0.519821] io scheduler mq-deadline registered
[    0.519821] shpchp: Standard Hot Plug PCI Controller Driver version: 0.4
[    0.533482] ACPI: AC Adapter [AC] (on-line)
[    0.533527] input: Power Button as /devices/LNXSYSTM:00/LNXPWRBN:00/input/input0
[    0.533552] ACPI: Power Button [PWRF]
[    0.533625] input: Sleep Button as /devices/LNXSYSTM:00/LNXSLPBN:00/input/input1
[    0.533638] ACPI: Sleep Button [SLPF]
[    0.533873] Serial: 8250/16550 driver, 32 ports, IRQ sharing enabled
[    0.535026] Linux agpgart interface v0.103
[    0.631256] loop: module loaded
[    0.631585] ata_piix 0000:00:01.1: version 2.13
[    0.632547] scsi host0: ata_piix
[    0.632765] scsi host1: ata_piix
[    0.632835] ata1: PATA max UDMA/33 cmd 0x1f0 ctl 0x3f6 bmdma 0xd000 irq 14
[    0.632837] ata2: PATA max UDMA/33 cmd 0x170 ctl 0x376 bmdma 0xd008 irq 15
[    0.633034] tun: Universal TUN/TAP device driver, 1.6
[    0.633703] PPP generic driver version 2.4.2
[    0.633811] VFIO - User Level meta-driver version: 0.3
[    0.634353] ehci_hcd: USB 2.0 'Enhanced' Host Controller (EHCI) Driver
[    0.634365] ehci-pci: EHCI PCI platform driver
[    0.634395] ehci-platform: EHCI generic platform driver
[    0.634408] ohci_hcd: USB 1.1 'Open' Host Controller (OHCI) Driver
[    0.634412] ohci-pci: OHCI PCI platform driver
[    0.634425] ohci-platform: OHCI generic platform driver
[    0.634437] uhci_hcd: USB Universal Host Controller Interface driver
[    0.634567] i8042: PNP: PS/2 Controller [PNP0303:PS2K,PNP0f03:PS2M] at 0x60,0x64 irq 1,12
[    0.635180] serio: i8042 KBD port at 0x60,0x64 irq 1
[    0.635180] serio: i8042 AUX port at 0x60,0x64 irq 12
[    0.635180] mousedev: PS/2 mouse device common for all mice
[    0.636362] input: AT Translated Set 2 keyboard as /devices/platform/i8042/serio0/input/input2
[    0.637309] rtc_cmos rtc_cmos: registered as rtc0
[    0.637340] rtc_cmos rtc_cmos: alarms up to one day, 114 bytes nvram
[    0.637354] i2c /dev entries driver
[    0.637454] device-mapper: uevent: version 1.0.3
[    0.637558] device-mapper: ioctl: 4.41.0-ioctl (2019-09-16) initialised: dm-devel@redhat.com
[    0.637598] platform eisa.0: Probing EISA bus 0
[    0.637601] platform eisa.0: EISA: Cannot allocate resource for mainboard
[    0.637604] platform eisa.0: Cannot allocate resource for EISA slot 1
[    0.637607] platform eisa.0: Cannot allocate resource for EISA slot 2
[    0.637609] platform eisa.0: Cannot allocate resource for EISA slot 3
[    0.637612] platform eisa.0: Cannot allocate resource for EISA slot 4
[    0.637614] platform eisa.0: Cannot allocate resource for EISA slot 5
[    0.637617] platform eisa.0: Cannot allocate resource for EISA slot 6
[    0.637619] platform eisa.0: Cannot allocate resource for EISA slot 7
[    0.637622] platform eisa.0: Cannot allocate resource for EISA slot 8
[    0.637625] platform eisa.0: EISA: Detected 0 cards
[    0.637630] intel_pstate: CPU model not supported
[    0.637648] ledtrig-cpu: registered to indicate activity on CPUs
[    0.637745] drop_monitor: Initializing network drop monitor service
[    0.638140] NET: Registered protocol family 10
[    0.643695] Segment Routing with IPv6
[    0.643695] NET: Registered protocol family 17
[    0.643695] Key type dns_resolver registered
[    0.643695] RAS: Correctable Errors collector initialized.
[    0.643695] IPI shorthand broadcast: enabled
[    0.643695] sched_clock: Marking stable (628568854, 11126346)->(639676767, 18433)
[    0.651373] registered taskstats version 1
[    0.651393] Loading compiled-in X.509 certificates
[    0.652886] Loaded X.509 cert 'Build time autogenerated kernel key: 0a9e52cc6eb58eed9b63e328679db6d5d5216245'
[    0.652922] zswap: loaded using pool lzo/zbud
[    0.653066] Key type ._fscrypt registered
[    0.653067] Key type .fscrypt registered
[    0.664667] Key type big_key registered
[    0.669919] Key type encrypted registered
[    0.669924] AppArmor: AppArmor sha1 policy hashing enabled
[    0.669937] ima: No TPM chip found, activating TPM-bypass!
[    0.669944] ima: Allocated hash algorithm: sha1
[    0.669953] ima: No architecture policies found
[    0.669967] evm: Initialising EVM extended attributes:
[    0.669968] evm: security.selinux
[    0.669969] evm: security.SMACK64
[    0.669970] evm: security.SMACK64EXEC
[    0.669971] evm: security.SMACK64TRANSMUTE
[    0.669971] evm: security.SMACK64MMAP
[    0.669972] evm: security.apparmor
[    0.669974] evm: security.ima
[    0.669975] evm: security.capability
[    0.669976] evm: HMAC attrs: 0x1
[    0.670516] PM:   Magic number: 10:199:591
[    0.670725] rtc_cmos rtc_cmos: setting system clock to 2026-01-20T16:34:09 UTC (1768926849)
[    0.804236] ata1.00: ATA-6: VBOX HARDDISK, 1.0, max UDMA/133
[    0.804239] ata1.00: 209715200 sectors, multi 128: LBA 
[    0.804819] scsi 0:0:0:0: Direct-Access     ATA      VBOX HARDDISK    1.0  PQ: 0 ANSI: 5
[    0.805098] sd 0:0:0:0: [sda] 209715200 512-byte logical blocks: (107 GB/100 GiB)
[    0.805109] sd 0:0:0:0: [sda] Write Protect is off
[    0.805111] sd 0:0:0:0: [sda] Mode Sense: 00 3a 00 00
[    0.805127] sd 0:0:0:0: [sda] Write cache: enabled, read cache: enabled, doesn't support DPO or FUA
[    0.805405] sd 0:0:0:0: Attached scsi generic sg0 type 0
[    0.805930]  sda: sda1 sda2
[    0.815326] sd 0:0:0:0: [sda] Attached SCSI disk
[    0.817267] Freeing unused decrypted memory: 2040K
[    0.817969] Freeing unused kernel image memory: 2720K
[    0.817971] Write protecting the kernel read-only data: 22528k
[    0.818660] Freeing unused kernel image memory: 2036K
[    0.819064] Freeing unused kernel image memory: 1452K
[    0.833603] x86/mm: Checked W+X mappings: passed, no W+X pages found.
[    0.833607] Run /init as init process
[    0.925059] ACPI: Video Device [GFX0] (multi-head: yes  rom: no  post: no)
[    0.925137] input: Video Bus as /devices/LNXSYSTM:00/LNXSYBUS:00/PNP0A03:00/LNXVIDEO:00/input/input4
[    0.938735] pcnet32: pcnet32.c:v1.35 21.Apr.2008 tsbogend@alpha.franken.de
[    0.940474] piix4_smbus 0000:00:07.0: SMBus Host Controller at 0x4100, revision 0
[    0.942945] e1000: Intel(R) PRO/1000 Network Driver - version 7.3.21-k8-NAPI
[    0.942946] e1000: Copyright (c) 1999-2006 Intel Corporation.
[    0.954216] pcnet32: PCnet/FAST III 79C973 at 0xd020, 08:00:27:f8:6f:3d assigned IRQ 19
[    0.954261] pcnet32: Found PHY 0022:561b at address 0
[    0.954572] pcnet32: eth0: registered as PCnet/FAST III 79C973
[    0.960605] pcnet32: 1 cards_found
[    1.012687] pcnet32 0000:00:03.0 enp0s3: renamed from eth0
[    1.160130] input: ImExPS/2 Generic Explorer Mouse as /devices/platform/i8042/serio1/input/input5
[    1.347541] e1000 0000:00:08.0 eth0: (PCI:33MHz:32-bit) 08:00:27:67:c9:1e
[    1.347546] e1000 0000:00:08.0 eth0: Intel(R) PRO/1000 Network Connection
[    1.719372] e1000 0000:00:09.0 eth1: (PCI:33MHz:32-bit) 08:00:27:01:aa:7b
[    1.719375] e1000 0000:00:09.0 eth1: Intel(R) PRO/1000 Network Connection
[    1.720538] e1000 0000:00:09.0 enp0s9: renamed from eth1
[    1.722336] e1000 0000:00:08.0 enp0s8: renamed from eth0
[    1.863854] EXT4-fs (sda2): mounted filesystem with ordered data mode. Opts: (null)
[    1.945226] systemd[1]: Inserted module 'autofs4'
[    1.955931] systemd[1]: systemd 245.4-4ubuntu3 running in system mode. (+PAM +AUDIT +SELINUX +IMA +APPARMOR +SMACK +SYSVINIT +UTMP +LIBCRYPTSETUP +GCRYPT +GNUTLS +ACL +XZ +LZ4 +SECCOMP +BLKID +ELFUTILS +KMOD +IDN2 -IDN +PCRE2 default-hierarchy=hybrid)
[    1.955959] systemd[1]: Detected virtualization oracle.
[    1.955962] systemd[1]: Detected architecture x86-64.
[    1.957246] systemd[1]: Set hostname to <ztg>.
[    2.077880] systemd[1]: /lib/systemd/system/dbus.socket:5: ListenStream= references a path below legacy directory /var/run/, updating /var/run/dbus/system_bus_socket â†’ /run/dbus/system_bus_socket; please update the unit file accordingly.
[    2.129498] systemd[1]: Created slice system-modprobe.slice.
[    2.129687] systemd[1]: Created slice User and Session Slice.
[    2.129734] systemd[1]: Started Forward Password Requests to Wall Directory Watch.
[    2.129893] systemd[1]: Set up automount Arbitrary Executable File Formats File System Automount Point.
[    2.129925] systemd[1]: Reached target User and Group Name Lookups.
[    2.129932] systemd[1]: Reached target Remote File Systems.
[    2.129940] systemd[1]: Reached target Slices.
[    2.130417] systemd[1]: Listening on Syslog Socket.
[    2.130483] systemd[1]: Listening on fsck to fsckd communication Socket.
[    2.130520] systemd[1]: Listening on initctl Compatibility Named Pipe.
[    2.130654] systemd[1]: Listening on Journal Audit Socket.
[    2.130704] systemd[1]: Listening on Journal Socket (/dev/log).
[    2.130770] systemd[1]: Listening on Journal Socket.
[    2.130833] systemd[1]: Listening on udev Control Socket.
[    2.130871] systemd[1]: Listening on udev Kernel Socket.
[    2.131649] systemd[1]: Mounting Huge Pages File System...
[    2.132546] systemd[1]: Mounting POSIX Message Queue File System...
[    2.133425] systemd[1]: Mounting Kernel Debug File System...
[    2.134250] systemd[1]: Mounting Kernel Trace File System...
[    2.136141] systemd[1]: Starting Journal Service...
[    2.157312] systemd[1]: Starting Set the console keyboard layout...
[    2.165655] systemd[1]: Starting Create list of static device nodes for the current kernel...
[    2.167648] systemd[1]: Starting Load Kernel Module drm...
[    2.168740] systemd[1]: Condition check resulted in Set Up Additional Binary Formats being skipped.
[    2.168788] systemd[1]: Condition check resulted in File System Check on Root Device being skipped.
[    2.180131] systemd[1]: Starting Load Kernel Modules...
[    2.180862] systemd[1]: Starting Remount Root and Kernel File Systems...
[    2.181626] systemd[1]: Starting udev Coldplug all Devices...
[    2.182361] systemd[1]: Starting Uncomplicated firewall...
[    2.183851] systemd[1]: Mounted Huge Pages File System.
[    2.183933] systemd[1]: Mounted POSIX Message Queue File System.
[    2.184002] systemd[1]: Mounted Kernel Debug File System.
[    2.184066] systemd[1]: Mounted Kernel Trace File System.
[    2.237792] systemd[1]: Finished Create list of static device nodes for the current kernel.
[    2.238148] systemd[1]: modprobe@drm.service: Succeeded.
[    2.243650] systemd[1]: Finished Load Kernel Module drm.
[    2.244710] systemd[1]: Finished Uncomplicated firewall.
[    2.246038] EXT4-fs (sda2): re-mounted. Opts: errors=remount-ro
[    2.249090] systemd[1]: Finished Remount Root and Kernel File Systems.
[    2.249822] systemd[1]: Condition check resulted in Rebuild Hardware Database being skipped.
[    2.249983] systemd[1]: Condition check resulted in Platform Persistent Storage Archival being skipped.
[    2.256895] systemd[1]: Starting Load/Save Random Seed...
[    2.267732] systemd[1]: Starting Create System Users...
[    2.283863] systemd[1]: Finished Load/Save Random Seed.
[    2.286541] systemd[1]: Finished Create System Users.
[    2.287339] systemd[1]: Starting Create Static Device Nodes in /dev...
[    2.312910] lp: driver loaded but no devices found
[    2.338182] ppdev: user-space parallel port driver
[    2.347336] systemd[1]: Finished Create Static Device Nodes in /dev.
[    2.348192] systemd[1]: Starting udev Kernel Device Manager...
[    2.359065] systemd[1]: Finished udev Coldplug all Devices.
[    2.412469] [drm] DMA map mode: Caching DMA mappings.
[    2.412530] [drm] Capabilities:
[    2.412530] [drm]   Rect copy.
[    2.412531] [drm]   Cursor.
[    2.412531] [drm]   Cursor bypass.
[    2.412531] [drm]   Cursor bypass 2.
[    2.412532] [drm]   Alpha cursor.
[    2.412532] [drm]   Extended Fifo.
[    2.412532] [drm]   Pitchlock.
[    2.412533] [drm]   Irq mask.
[    2.412533] [drm]   GMR.
[    2.412533] [drm]   Traces.
[    2.412534] [drm]   GMR2.
[    2.412534] [drm]   Screen Object 2.
[    2.412534] [drm]   Command Buffers.
[    2.412535] [drm]   Command Buffers 2.
[    2.412535] [drm]   Guest Backed Resources.
[    2.412537] [drm] Max GMR ids is 8192
[    2.412537] [drm] Max number of GMR pages is 1048576
[    2.412538] [drm] Max dedicated hypervisor surface memory is 393216 kiB
[    2.412538] [drm] Maximum display memory size is 131072 kiB
[    2.412539] [drm] VRAM at 0xe0000000 size is 131072 kiB
[    2.412539] [drm] MMIO at 0xf0000000 size is 2048 kiB
[    2.413807] [TTM] Zone  kernel: Available graphics memory: 1011744 KiB
[    2.413808] [TTM] Initializing pool allocator
[    2.413812] [TTM] Initializing DMA pool allocator
[    2.413841] [drm] Supports vblank timestamp caching Rev 2 (21.10.2013).
[    2.413842] [drm] No driver support for vblank timestamp query.
[    2.414075] [drm] Screen Target Display device initialized
[    2.414292] [drm] width 720
[    2.414300] [drm] height 400
[    2.414303] [drm] bpp 32
[    2.414821] [drm] Fifo max 0x00200000 min 0x00001000 cap 0x00000355
[    2.416189] [drm] Using command buffers with DMA pool.
[    2.416196] [drm] DX: no.
[    2.416196] [drm] Atomic: yes.
[    2.416197] [drm] SM4_1: no.
[    2.416217] [drm:vmw_host_log [vmwgfx]] *ERROR* Failed to send host log message.
[    2.417079] [drm:vmw_host_log [vmwgfx]] *ERROR* Failed to send host log message.
[    2.424640] fbcon: svgadrmfb (fb0) is primary device
[    2.426761] Console: switching to colour frame buffer device 100x37
[    2.430225] systemd[1]: Finished Set the console keyboard layout.
[    2.430397] systemd[1]: Reached target Local File Systems (Pre).
[    2.432753] systemd[1]: Mounting Mount unit for bare, revision 5...
[    2.436034] systemd[1]: Mounting Mount unit for core18, revision 1705...
[    2.439592] [drm] Initialized vmwgfx 2.15.0 20180704 for 0000:00:02.0 on minor 0
[    2.444373] systemd[1]: Mounting Mount unit for gnome-3-34-1804, revision 24...
[    2.477426] systemd[1]: Mounting Mount unit for gtk-common-themes, revision 1506...
[    2.480179] systemd[1]: Mounting Mount unit for gtk-common-themes, revision 1535...
[    2.485257] systemd[1]: Mounting Mount unit for snap-store, revision 433...
[    2.488148] systemd[1]: Mounting Mount unit for snapd, revision 25935...
[    2.496451] systemd[1]: Finished Load Kernel Modules.
[    2.498987] systemd[1]: Mounting FUSE Control File System...
[    2.499887] systemd[1]: Mounting Kernel Configuration File System...
[    2.500730] systemd[1]: Starting Apply Kernel Variables...
[    2.537183] systemd[1]: Mounted FUSE Control File System.
[    2.537256] systemd[1]: Condition check resulted in VMware vmblock fuse mount being skipped.
[    2.540220] systemd[1]: Mounted Kernel Configuration File System.
[    2.571390] systemd[1]: Finished Apply Kernel Variables.
[    2.574524] systemd[1]: Started udev Kernel Device Manager.
[    2.575259] systemd[1]: Starting Show Plymouth Boot Screen...
[    2.582298] systemd[1]: Mounted Mount unit for bare, revision 5.
[    2.582392] systemd[1]: Mounted Mount unit for core18, revision 1705.
[    2.582467] systemd[1]: Mounted Mount unit for gnome-3-34-1804, revision 24.
[    2.582540] systemd[1]: Mounted Mount unit for gtk-common-themes, revision 1506.
[    2.589842] systemd[1]: Received SIGRTMIN+20 from PID 276 (plymouthd).
[    2.595395] systemd[1]: Mounted Mount unit for gtk-common-themes, revision 1535.
[    2.613872] systemd[1]: Started Show Plymouth Boot Screen.
[    2.614072] systemd[1]: Condition check resulted in Dispatch Password Requests to Console Directory Watch being skipped.
[    2.614171] systemd[1]: Started Forward Password Requests to Plymouth Directory Watch.
[    2.614240] systemd[1]: Reached target Local Encrypted Volumes.
[    2.628776] systemd[1]: Mounted Mount unit for snap-store, revision 433.
[    2.629032] systemd[1]: Mounted Mount unit for snapd, revision 25935.
[    2.629190] systemd[1]: Reached target Local File Systems.
[    2.630017] systemd[1]: Starting Load AppArmor profiles...
[    2.651537] systemd[1]: Starting Set console font and keymap...
[    2.658768] systemd[1]: Starting Tell Plymouth To Write Out Runtime Data...
[    2.661899] systemd[1]: Condition check resulted in Store a System Token in an EFI Variable being skipped.
[    2.661932] systemd[1]: Condition check resulted in Commit a transient machine-id on disk being skipped.
[    2.662824] systemd[1]: Finished Set console font and keymap.
[    2.670359] systemd[1]: Received SIGRTMIN+20 from PID 276 (plymouthd).
[    2.670923] systemd[1]: plymouth-read-write.service: Succeeded.
[    2.671150] systemd[1]: Finished Tell Plymouth To Write Out Runtime Data.
[    2.707857] audit: type=1400 audit(1768926851.536:2): apparmor="STATUS" operation="profile_load" profile="unconfined" name="nvidia_modprobe" pid=301 comm="apparmor_parser"
[    2.707859] audit: type=1400 audit(1768926851.536:3): apparmor="STATUS" operation="profile_load" profile="unconfined" name="nvidia_modprobe//kmod" pid=301 comm="apparmor_parser"
[    2.714433] audit: type=1400 audit(1768926851.540:4): apparmor="STATUS" operation="profile_load" profile="unconfined" name="/usr/sbin/tcpdump" pid=302 comm="apparmor_parser"
[    2.743389] audit: type=1400 audit(1768926851.564:5): apparmor="STATUS" operation="profile_load" profile="unconfined" name="/usr/bin/evince" pid=304 comm="apparmor_parser"
[    2.743391] audit: type=1400 audit(1768926851.564:6): apparmor="STATUS" operation="profile_load" profile="unconfined" name="/usr/bin/evince//sanitized_helper" pid=304 comm="apparmor_parser"
[    2.743392] audit: type=1400 audit(1768926851.564:7): apparmor="STATUS" operation="profile_load" profile="unconfined" name="/usr/bin/evince-previewer" pid=304 comm="apparmor_parser"
[    2.743394] audit: type=1400 audit(1768926851.564:8): apparmor="STATUS" operation="profile_load" profile="unconfined" name="/usr/bin/evince-previewer//sanitized_helper" pid=304 comm="apparmor_parser"
[    2.743395] audit: type=1400 audit(1768926851.564:9): apparmor="STATUS" operation="profile_load" profile="unconfined" name="/usr/bin/evince-thumbnailer" pid=304 comm="apparmor_parser"
[    2.759296] audit: type=1400 audit(1768926851.584:10): apparmor="STATUS" operation="profile_load" profile="unconfined" name="/usr/lib/cups/backend/cups-pdf" pid=305 comm="apparmor_parser"
[    2.833113] systemd[1]: Finished Load AppArmor profiles.
[    2.834018] systemd[1]: Starting Load AppArmor profiles managed internally by snapd...
[    2.956840] systemd[1]: Finished Load AppArmor profiles managed internally by snapd.
[    3.115290] systemd[1]: Started Journal Service.
[    3.125265] systemd-journald[228]: Received client request to flush runtime journal.
[    3.127496] systemd-journald[228]: File /var/log/journal/c455b248004a419c87ce85eea238d727/system.journal corrupted or uncleanly shut down, renaming and replacing.
[    4.384730] RAPL PMU: API unit is 2^-32 Joules, 0 fixed counters, 10737418240 ms ovfl timer
[    4.465571] cryptd: max_cpu_qlen set to 1000
[    4.474291] AVX2 version of gcm_enc/dec engaged.
[    4.474292] AES CTR mode by8 optimization enabled
[    6.315422] Adding 1998844k swap on /dev/sda1.  Priority:-2 extents:1 across:1998844k FS
[    7.695299] kauditd_printk_skb: 30 callbacks suppressed
[    7.695300] audit: type=1400 audit(1768926856.520:41): apparmor="DENIED" operation="capable" profile="/usr/sbin/cups-browsed" pid=510 comm="cups-browsed" capability=23  capname="sys_nice"
[    8.709575] pcnet32 0000:00:03.0 enp0s3: link up, 100Mbps, full-duplex
[    8.753510] e1000: enp0s8 NIC Link is Up 1000 Mbps Full Duplex, Flow Control: RX
[    8.753784] IPv6: ADDRCONF(NETDEV_CHANGE): enp0s8: link becomes ready
[    8.774515] e1000: enp0s9 NIC Link is Up 1000 Mbps Full Duplex, Flow Control: RX
[    8.774807] IPv6: ADDRCONF(NETDEV_CHANGE): enp0s9: link becomes ready
[    9.417872] device enp0s3 entered promiscuous mode
[    9.442442] audit: type=1400 audit(1768926858.268:42): apparmor="DENIED" operation="open" profile="/usr/sbin/tcpdump" name="/proc/sys/kernel/random/boot_id" pid=644 comm="tcpdump" requested_mask="r" denied_mask="r" fsuid=0 ouid=0
[    9.442912] audit: type=1400 audit(1768926858.268:43): apparmor="DENIED" operation="open" profile="/usr/sbin/tcpdump" name="/proc/sys/kernel/random/boot_id" pid=644 comm="tcpdump" requested_mask="r" denied_mask="r" fsuid=0 ouid=0
[    9.442952] audit: type=1400 audit(1768926858.268:44): apparmor="DENIED" operation="open" profile="/usr/sbin/tcpdump" name="/proc/sys/kernel/random/boot_id" pid=644 comm="tcpdump" requested_mask="r" denied_mask="r" fsuid=0 ouid=0
[    9.442970] audit: type=1400 audit(1768926858.268:45): apparmor="DENIED" operation="open" profile="/usr/sbin/tcpdump" name="/proc/sys/kernel/random/boot_id" pid=644 comm="tcpdump" requested_mask="r" denied_mask="r" fsuid=0 ouid=0
[    9.445572] audit: type=1400 audit(1768926858.272:46): apparmor="DENIED" operation="open" profile="/usr/sbin/tcpdump" name="/proc/sys/kernel/random/boot_id" pid=645 comm="tcpdump" requested_mask="r" denied_mask="r" fsuid=0 ouid=0
[    9.445751] audit: type=1400 audit(1768926858.272:47): apparmor="DENIED" operation="open" profile="/usr/sbin/tcpdump" name="/proc/sys/kernel/random/boot_id" pid=645 comm="tcpdump" requested_mask="r" denied_mask="r" fsuid=0 ouid=0
[    9.445791] audit: type=1400 audit(1768926858.272:48): apparmor="DENIED" operation="open" profile="/usr/sbin/tcpdump" name="/proc/sys/kernel/random/boot_id" pid=645 comm="tcpdump" requested_mask="r" denied_mask="r" fsuid=0 ouid=0
[    9.447001] audit: type=1400 audit(1768926858.272:49): apparmor="DENIED" operation="open" profile="/usr/sbin/tcpdump" name="/proc/sys/kernel/random/boot_id" pid=645 comm="tcpdump" requested_mask="r" denied_mask="r" fsuid=0 ouid=0
[   15.360622] rfkill: input handler disabled
[  268.078958] AAAAA-TCP_FORW: name:enp0s3: saddr:100932208: daddr:16783984
[  268.267206] AAAAA-TCP_FORW: name:enp0s3: saddr:100932208: daddr:16783984
[  268.377459] AAAAA-TCP_FORW: name:enp0s3: saddr:100932208: daddr:16783984
[  268.577604] AAAAA-TCP_FORW: name:enp0s3: saddr:100932208: daddr:16783984
[  268.770681] AAAAA-TCP_FORW: name:enp0s3: saddr:100932208: daddr:16783984
[  268.896495] AAAAA-TCP_FORW: name:enp0s3: saddr:100932208: daddr:16783984
[  269.086717] AAAAA-TCP_FORW: name:enp0s3: saddr:100932208: daddr:16783984
[  269.144616] AAAAA-TCP_FORW: name:enp0s3: saddr:100932208: daddr:16783984
[  269.278985] AAAAA-TCP_FORW: name:enp0s3: saddr:100932208: daddr:16783984
[  269.428487] AAAAA-TCP_FORW: name:enp0s3: saddr:100932208: daddr:16783984
[  269.483783] AAAAA-TCP_FORW: name:enp0s3: saddr:100932208: daddr:16783984
[  269.591735] AAAAA-TCP_FORW: name:enp0s3: saddr:100932208: daddr:16783984
[  269.652100] AAAAA-TCP_FORW: name:enp0s3: saddr:100932208: daddr:16783984
[  269.722415] AAAAA-TCP_FORW: name:enp0s3: saddr:100932208: daddr:16783984
[  269.805553] AAAAA-TCP_FORW: name:enp0s3: saddr:100932208: daddr:16783984
[  269.898264] AAAAA-TCP_FORW: name:enp0s3: saddr:100932208: daddr:16783984
[  269.988701] AAAAA-TCP_FORW: name:enp0s3: saddr:100932208: daddr:16783984
[  534.541071] rfkill: input handler enabled
[  544.902521] rfkill: input handler disabled
[  714.068455] device enp0s3 left promiscuous mode
