[    0.000000] Linux version 5.4.243-tcp (root@ztg) (gcc version 12.2.0 (Debian 12.2.0-14)) #1 SMP Fri Apr 12 08:27:09 CST 2024
[    0.000000] Command line: BOOT_IMAGE=/boot/vmlinuz-5.4.243-tcp root=UUID=98415a12-53b7-4144-8265-0f7ece09e445 ro quiet splash
[    0.000000] KERNEL supported cpus:
[    0.000000]   Intel GenuineIntel
[    0.000000]   AMD AuthenticAMD
[    0.000000]   Hygon HygonGenuine
[    0.000000]   Centaur CentaurHauls
[    0.000000]   zhaoxin   Shanghai  
[    0.000000] x86/fpu: Supporting XSAVE feature 0x001: 'x87 floating point registers'
[    0.000000] x86/fpu: Supporting XSAVE feature 0x002: 'SSE registers'
[    0.000000] x86/fpu: Supporting XSAVE feature 0x004: 'AVX registers'
[    0.000000] x86/fpu: xstate_offset[2]:  576, xstate_sizes[2]:  256
[    0.000000] x86/fpu: Enabled xstate features 0x7, context size is 832 bytes, using 'standard' format.
[    0.000000] BIOS-provided physical RAM map:
[    0.000000] BIOS-e820: [mem 0x0000000000000000-0x000000000009fbff] usable
[    0.000000] BIOS-e820: [mem 0x000000000009fc00-0x000000000009ffff] reserved
[    0.000000] BIOS-e820: [mem 0x00000000000f0000-0x00000000000fffff] reserved
[    0.000000] BIOS-e820: [mem 0x0000000000100000-0x000000007ffeffff] usable
[    0.000000] BIOS-e820: [mem 0x000000007fff0000-0x000000007fffffff] ACPI data
[    0.000000] BIOS-e820: [mem 0x00000000fec00000-0x00000000fec00fff] reserved
[    0.000000] BIOS-e820: [mem 0x00000000fee00000-0x00000000fee00fff] reserved
[    0.000000] BIOS-e820: [mem 0x00000000fffc0000-0x00000000ffffffff] reserved
[    0.000000] NX (Execute Disable) protection: active
[    0.000000] SMBIOS 2.5 present.
[    0.000000] DMI: innotek GmbH VirtualBox/VirtualBox, BIOS VirtualBox 12/01/2006
[    0.000000] Hypervisor detected: KVM
[    0.000000] kvm-clock: Using msrs 4b564d01 and 4b564d00
[    0.000000] kvm-clock: cpu 0, msr 3fc01001, primary cpu clock
[    0.000000] kvm-clock: using sched offset of 4446600910 cycles
[    0.000003] clocksource: kvm-clock: mask: 0xffffffffffffffff max_cycles: 0x1cd42e4dffb, max_idle_ns: 881590591483 ns
[    0.000005] tsc: Detected 2100.000 MHz processor
[    0.001893] e820: update [mem 0x00000000-0x00000fff] usable ==> reserved
[    0.001895] e820: remove [mem 0x000a0000-0x000fffff] usable
[    0.001899] last_pfn = 0x7fff0 max_arch_pfn = 0x400000000
[    0.001969] MTRR default type: uncachable
[    0.001970] MTRR fixed ranges enabled:
[    0.001971]   00000-9FFFF write-back
[    0.001972]   A0000-BFFFF uncachable
[    0.001972]   C0000-FFFFF write-protect
[    0.001973] MTRR variable ranges enabled:
[    0.001975]   0 base 000000000000 mask 3FFF80000000 write-back
[    0.001975]   1 disabled
[    0.001976]   2 disabled
[    0.001976]   3 disabled
[    0.001977]   4 disabled
[    0.001977]   5 disabled
[    0.001977]   6 disabled
[    0.001978]   7 disabled
[    0.001978]   8 disabled
[    0.001979]   9 disabled
[    0.001979]   10 disabled
[    0.001980]   11 disabled
[    0.001980]   12 disabled
[    0.001980]   13 disabled
[    0.001981]   14 disabled
[    0.001981]   15 disabled
[    0.001998] x86/PAT: Configuration [0-7]: WB  WC  UC- UC  WB  WP  UC- WT  
[    0.002135] found SMP MP-table at [mem 0x0009fff0-0x0009ffff]
[    0.092254] check: Scanning 1 areas for low memory corruption
[    0.092479] RAMDISK: [mem 0x32275000-0x35131fff]
[    0.092488] ACPI: Early table checksum verification disabled
[    0.092494] ACPI: RSDP 0x00000000000E0000 000024 (v02 VBOX  )
[    0.092498] ACPI: XSDT 0x000000007FFF0030 00003C (v01 VBOX   VBOXXSDT 00000001 ASL  00000061)
[    0.092504] ACPI: FACP 0x000000007FFF00F0 0000F4 (v04 VBOX   VBOXFACP 00000001 ASL  00000061)
[    0.092510] ACPI: DSDT 0x000000007FFF02E0 002353 (v02 VBOX   VBOXBIOS 00000002 VBOX 00029BF3)
[    0.092514] ACPI: FACS 0x000000007FFF0200 000040
[    0.092517] ACPI: FACS 0x000000007FFF0200 000040
[    0.092521] ACPI: APIC 0x000000007FFF0240 000054 (v02 VBOX   VBOXAPIC 00000001 ASL  00000061)
[    0.092524] ACPI: SSDT 0x000000007FFF02A0 000038 (v01 VBOX   VBOXCPUT 00000002 VBOX 00029BF3)
[    0.092527] ACPI: Reserving FACP table memory at [mem 0x7fff00f0-0x7fff01e3]
[    0.092528] ACPI: Reserving DSDT table memory at [mem 0x7fff02e0-0x7fff2632]
[    0.092529] ACPI: Reserving FACS table memory at [mem 0x7fff0200-0x7fff023f]
[    0.092530] ACPI: Reserving FACS table memory at [mem 0x7fff0200-0x7fff023f]
[    0.092530] ACPI: Reserving APIC table memory at [mem 0x7fff0240-0x7fff0293]
[    0.092531] ACPI: Reserving SSDT table memory at [mem 0x7fff02a0-0x7fff02d7]
[    0.092544] ACPI: Local APIC address 0xfee00000
[    0.092736] No NUMA configuration found
[    0.092737] Faking a node at [mem 0x0000000000000000-0x000000007ffeffff]
[    0.092747] NODE_DATA(0) allocated [mem 0x7ffc5000-0x7ffeffff]
[    0.093040] Zone ranges:
[    0.093041]   DMA      [mem 0x0000000000001000-0x0000000000ffffff]
[    0.093042]   DMA32    [mem 0x0000000001000000-0x000000007ffeffff]
[    0.093043]   Normal   empty
[    0.093043]   Device   empty
[    0.093044] Movable zone start for each node
[    0.093046] Early memory node ranges
[    0.093047]   node   0: [mem 0x0000000000001000-0x000000000009efff]
[    0.093048]   node   0: [mem 0x0000000000100000-0x000000007ffeffff]
[    0.093051] Zeroed struct page in unavailable ranges: 114 pages
[    0.093052] Initmem setup node 0 [mem 0x0000000000001000-0x000000007ffeffff]
[    0.093053] On node 0 totalpages: 524174
[    0.093054]   DMA zone: 64 pages used for memmap
[    0.093055]   DMA zone: 21 pages reserved
[    0.093056]   DMA zone: 3998 pages, LIFO batch:0
[    0.093125]   DMA32 zone: 8128 pages used for memmap
[    0.093126]   DMA32 zone: 520176 pages, LIFO batch:63
[    0.102648] ACPI: PM-Timer IO Port: 0x4008
[    0.102651] ACPI: Local APIC address 0xfee00000
[    0.102716] IOAPIC[0]: apic_id 1, version 32, address 0xfec00000, GSI 0-23
[    0.102720] ACPI: INT_SRC_OVR (bus 0 bus_irq 0 global_irq 2 dfl dfl)
[    0.102721] ACPI: INT_SRC_OVR (bus 0 bus_irq 9 global_irq 9 low level)
[    0.102723] ACPI: IRQ0 used by override.
[    0.102724] ACPI: IRQ9 used by override.
[    0.102727] Using ACPI (MADT) for SMP configuration information
[    0.102734] smpboot: Allowing 1 CPUs, 0 hotplug CPUs
[    0.102756] PM: Registered nosave memory: [mem 0x00000000-0x00000fff]
[    0.102758] PM: Registered nosave memory: [mem 0x0009f000-0x0009ffff]
[    0.102758] PM: Registered nosave memory: [mem 0x000a0000-0x000effff]
[    0.102759] PM: Registered nosave memory: [mem 0x000f0000-0x000fffff]
[    0.102760] [mem 0x80000000-0xfebfffff] available for PCI devices
[    0.102761] Booting paravirtualized kernel on KVM
[    0.102764] clocksource: refined-jiffies: mask: 0xffffffff max_cycles: 0xffffffff, max_idle_ns: 7645519600211568 ns
[    0.102769] setup_percpu: NR_CPUS:8192 nr_cpumask_bits:1 nr_cpu_ids:1 nr_node_ids:1
[    0.103778] percpu: Embedded 60 pages/cpu s208896 r8192 d28672 u2097152
[    0.103783] pcpu-alloc: s208896 r8192 d28672 u2097152 alloc=1*2097152
[    0.103784] pcpu-alloc: [0] 0 
[    0.103811] Built 1 zonelists, mobility grouping on.  Total pages: 515961
[    0.103811] Policy zone: DMA32
[    0.103813] Kernel command line: BOOT_IMAGE=/boot/vmlinuz-5.4.243-tcp root=UUID=98415a12-53b7-4144-8265-0f7ece09e445 ro quiet splash
[    0.104655] Dentry cache hash table entries: 262144 (order: 9, 2097152 bytes, linear)
[    0.104927] Inode-cache hash table entries: 131072 (order: 8, 1048576 bytes, linear)
[    0.104980] mem auto-init: stack:off, heap alloc:on, heap free:off
[    0.104983] Calgary: detecting Calgary via BIOS EBDA area
[    0.104984] Calgary: Unable to locate Rio Grande table in EBDA - bailing!
[    0.112503] Memory: 1967340K/2096696K available (14339K kernel code, 2392K rwdata, 4692K rodata, 2720K init, 17272K bss, 129356K reserved, 0K cma-reserved)
[    0.113466] SLUB: HWalign=64, Order=0-3, MinObjects=0, CPUs=1, Nodes=1
[    0.113483] ftrace: allocating 42894 entries in 168 pages
[    0.131275] rcu: Hierarchical RCU implementation.
[    0.131277] rcu: 	RCU restricting CPUs from NR_CPUS=8192 to nr_cpu_ids=1.
[    0.131278] 	Tasks RCU enabled.
[    0.131279] rcu: RCU calculated value of scheduler-enlistment delay is 25 jiffies.
[    0.131280] rcu: Adjusting geometry for rcu_fanout_leaf=16, nr_cpu_ids=1
[    0.134252] NR_IRQS: 524544, nr_irqs: 256, preallocated irqs: 16
[    0.134475] random: crng init done
[    0.143760] Console: colour VGA+ 80x25
[    0.143764] printk: console [tty0] enabled
[    0.143786] ACPI: Core revision 20190816
[    0.143889] APIC: Switch to symmetric I/O mode setup
[    0.144141] x2apic enabled
[    0.144384] Switched APIC routing to physical x2apic.
[    0.145515] ..TIMER: vector=0x30 apic1=0 pin1=2 apic2=-1 pin2=-1
[    0.145542] clocksource: tsc-early: mask: 0xffffffffffffffff max_cycles: 0x1e4530a99b6, max_idle_ns: 440795257976 ns
[    0.145548] Calibrating delay loop (skipped) preset value.. 4200.00 BogoMIPS (lpj=8400000)
[    0.145550] pid_max: default: 32768 minimum: 301
[    0.145579] LSM: Security Framework initializing
[    0.145588] Yama: becoming mindful.
[    0.145614] AppArmor: AppArmor initialized
[    0.145647] Mount-cache hash table entries: 4096 (order: 3, 32768 bytes, linear)
[    0.145652] Mountpoint-cache hash table entries: 4096 (order: 3, 32768 bytes, linear)
[    0.145662] *** VALIDATE tmpfs ***
[    0.145793] *** VALIDATE proc ***
[    0.145834] *** VALIDATE cgroup1 ***
[    0.145836] *** VALIDATE cgroup2 ***
[    0.145978] process: using mwait in idle threads
[    0.145982] Last level iTLB entries: 4KB 64, 2MB 8, 4MB 8
[    0.145983] Last level dTLB entries: 4KB 64, 2MB 0, 4MB 0, 1GB 4
[    0.146003] Spectre V1 : Mitigation: usercopy/swapgs barriers and __user pointer sanitization
[    0.146009] Spectre V2 : Mitigation: Retpolines
[    0.146009] Spectre V2 : Spectre v2 / SpectreRSB mitigation: Filling RSB on context switch
[    0.146010] Spectre V2 : Spectre v2 / SpectreRSB : Filling RSB on VMEXIT
[    0.146010] RETBleed: WARNING: Spectre v2 mitigation leaves CPU vulnerable to RETBleed attacks, data leaks possible!
[    0.146367] RETBleed: Vulnerable
[    0.146368] Speculative Store Bypass: Vulnerable
[    0.146373] TAA: Mitigation: TSX disabled
[    0.146373] MMIO Stale Data: Mitigation: Clear CPU buffers
[    0.150566] Freeing SMP alternatives memory: 40K
[    0.262941] smpboot: CPU0: Intel(R) Xeon(R) Silver 4216 CPU @ 2.10GHz (family: 0x6, model: 0x55, stepping: 0x7)
[    0.263091] Performance Events: unsupported p6 CPU model 85 no PMU driver, software events only.
[    0.263131] rcu: Hierarchical SRCU implementation.
[    0.263652] NMI watchdog: Perf NMI watchdog permanently disabled
[    0.263698] smp: Bringing up secondary CPUs ...
[    0.263699] smp: Brought up 1 node, 1 CPU
[    0.263700] smpboot: Max logical packages: 1
[    0.263701] smpboot: Total of 1 processors activated (4200.00 BogoMIPS)
[    0.264748] devtmpfs: initialized
[    0.264796] x86/mm: Memory block size: 128MB
[    0.265175] clocksource: jiffies: mask: 0xffffffff max_cycles: 0xffffffff, max_idle_ns: 7645041785100000 ns
[    0.265180] futex hash table entries: 256 (order: 2, 16384 bytes, linear)
[    0.265231] pinctrl core: initialized pinctrl subsystem
[    0.265337] PM: RTC time: 11:53:14, date: 2026-01-20
[    0.265464] NET: Registered protocol family 16
[    0.265544] audit: initializing netlink subsys (disabled)
[    0.265544] EISA bus registered
[    0.265544] cpuidle: using governor ladder
[    0.265544] cpuidle: using governor menu
[    0.265544] ACPI: bus type PCI registered
[    0.265544] acpiphp: ACPI Hot Plug PCI Controller Driver version: 0.5
[    0.265544] PCI: Using configuration type 1 for base access
[    0.266209] audit: type=2000 audit(1768881200.386:1): state=initialized audit_enabled=0 res=1
[    0.266289] HugeTLB registered 2.00 MiB page size, pre-allocated 0 pages
[    0.267103] ACPI: Added _OSI(Module Device)
[    0.267104] ACPI: Added _OSI(Processor Device)
[    0.267104] ACPI: Added _OSI(3.0 _SCP Extensions)
[    0.267105] ACPI: Added _OSI(Processor Aggregator Device)
[    0.267106] ACPI: Added _OSI(Linux-Dell-Video)
[    0.267107] ACPI: Added _OSI(Linux-Lenovo-NV-HDMI-Audio)
[    0.267107] ACPI: Added _OSI(Linux-HPI-Hybrid-Graphics)
[    0.269077] ACPI: 2 ACPI AML tables successfully acquired and loaded
[    0.270589] ACPI: Interpreter enabled
[    0.270598] ACPI: (supports S0 S5)
[    0.270600] ACPI: Using IOAPIC for interrupt routing
[    0.270802] PCI: Using host bridge windows from ACPI; if necessary, use "pci=nocrs" and report a bug
[    0.270911] ACPI: Enabled 2 GPEs in block 00 to 07
[    0.275726] ACPI: PCI Root Bridge [PCI0] (domain 0000 [bus 00-ff])
[    0.275732] acpi PNP0A03:00: _OSC: OS supports [ASPM ClockPM Segments MSI HPX-Type3]
[    0.276255] acpi PNP0A03:00: _OSC: not requesting OS control; OS requires [ExtendedConfig ASPM ClockPM MSI]
[    0.276264] acpi PNP0A03:00: fail to add MMCONFIG information, can't access extended PCI configuration space under this bridge.
[    0.276699] PCI host bridge to bus 0000:00
[    0.276702] pci_bus 0000:00: root bus resource [io  0x0000-0x0cf7 window]
[    0.276703] pci_bus 0000:00: root bus resource [io  0x0d00-0xffff window]
[    0.276705] pci_bus 0000:00: root bus resource [mem 0x000a0000-0x000bffff window]
[    0.276706] pci_bus 0000:00: root bus resource [mem 0x80000000-0xfdffffff window]
[    0.276708] pci_bus 0000:00: root bus resource [bus 00-ff]
[    0.276752] pci 0000:00:00.0: [8086:1237] type 00 class 0x060000
[    0.277631] pci 0000:00:01.0: [8086:7000] type 00 class 0x060100
[    0.278412] pci 0000:00:01.1: [8086:7111] type 00 class 0x01018a
[    0.278788] pci 0000:00:01.1: reg 0x20: [io  0xd000-0xd00f]
[    0.278948] pci 0000:00:01.1: legacy IDE quirk: reg 0x10: [io  0x01f0-0x01f7]
[    0.278949] pci 0000:00:01.1: legacy IDE quirk: reg 0x14: [io  0x03f6]
[    0.278950] pci 0000:00:01.1: legacy IDE quirk: reg 0x18: [io  0x0170-0x0177]
[    0.278951] pci 0000:00:01.1: legacy IDE quirk: reg 0x1c: [io  0x0376]
[    0.279488] pci 0000:00:02.0: [15ad:0405] type 00 class 0x030000
[    0.281627] pci 0000:00:02.0: reg 0x10: [io  0xd010-0xd01f]
[    0.285592] pci 0000:00:02.0: reg 0x14: [mem 0xe0000000-0xe7ffffff pref]
[    0.289586] pci 0000:00:02.0: reg 0x18: [mem 0xf0000000-0xf01fffff]
[    0.301616] pci 0000:00:03.0: [1022:2000] type 00 class 0x020000
[    0.302387] pci 0000:00:03.0: reg 0x10: [io  0xd020-0xd03f]
[    0.303120] pci 0000:00:03.0: reg 0x14: [mem 0xf0200000-0xf0200fff]
[    0.306354] pci 0000:00:04.0: [80ee:cafe] type 00 class 0x088000
[    0.307043] pci 0000:00:04.0: reg 0x10: [io  0xd040-0xd05f]
[    0.307730] pci 0000:00:04.0: reg 0x14: [mem 0xf0400000-0xf07fffff]
[    0.308548] pci 0000:00:04.0: reg 0x18: [mem 0xf0800000-0xf0803fff pref]
[    0.312752] pci 0000:00:07.0: [8086:7113] type 00 class 0x068000
[    0.313544] pci 0000:00:07.0: quirk: [io  0x4000-0x403f] claimed by PIIX4 ACPI
[    0.313544] pci 0000:00:07.0: quirk: [io  0x4100-0x410f] claimed by PIIX4 SMB
[    0.313544] pci 0000:00:08.0: [8086:100e] type 00 class 0x020000
[    0.313657] pci 0000:00:08.0: reg 0x10: [mem 0xf0820000-0xf083ffff]
[    0.317655] pci 0000:00:08.0: reg 0x18: [io  0xd060-0xd067]
[    0.321713] pci 0000:00:09.0: [8086:100e] type 00 class 0x020000
[    0.322433] pci 0000:00:09.0: reg 0x10: [mem 0xf0840000-0xf085ffff]
[    0.323603] pci 0000:00:09.0: reg 0x18: [io  0xd068-0xd06f]
[    0.334339] ACPI: PCI Interrupt Link [LNKA] (IRQs 5 9 10 *11)
[    0.334621] ACPI: PCI Interrupt Link [LNKB] (IRQs 5 9 *10 11)
[    0.334722] ACPI: PCI Interrupt Link [LNKC] (IRQs 5 *9 10 11)
[    0.334827] ACPI: PCI Interrupt Link [LNKD] (IRQs 5 9 10 *11)
[    0.335099] iommu: Default domain type: Translated 
[    0.335161] pci 0000:00:02.0: vgaarb: setting as boot VGA device
[    0.335163] pci 0000:00:02.0: vgaarb: VGA device added: decodes=io+mem,owns=io+mem,locks=none
[    0.335166] pci 0000:00:02.0: vgaarb: bridge control possible
[    0.335167] vgaarb: loaded
[    0.335381] SCSI subsystem initialized
[    0.335414] libata version 3.00 loaded.
[    0.335438] ACPI: bus type USB registered
[    0.335452] usbcore: registered new interface driver usbfs
[    0.335459] usbcore: registered new interface driver hub
[    0.335463] usbcore: registered new device driver usb
[    0.335495] pps_core: LinuxPPS API ver. 1 registered
[    0.335495] pps_core: Software ver. 5.3.6 - Copyright 2005-2007 Rodolfo Giometti <giometti@linux.it>
[    0.335497] PTP clock support registered
[    0.335531] EDAC MC: Ver: 3.0.0
[    0.335820] PCI: Using ACPI for IRQ routing
[    0.335821] PCI: pci_cache_line_size set to 64 bytes
[    0.335994] e820: reserve RAM buffer [mem 0x0009fc00-0x0009ffff]
[    0.335998] e820: reserve RAM buffer [mem 0x7fff0000-0x7fffffff]
[    0.336123] NetLabel: Initializing
[    0.336123] NetLabel:  domain hash size = 128
[    0.336124] NetLabel:  protocols = UNLABELED CIPSOv4 CALIPSO
[    0.336143] NetLabel:  unlabeled traffic allowed by default
[    0.337787] clocksource: Switched to clocksource kvm-clock
[    0.351944] *** VALIDATE bpf ***
[    0.352005] VFS: Disk quotas dquot_6.6.0
[    0.352018] VFS: Dquot-cache hash table entries: 512 (order 0, 4096 bytes)
[    0.352040] *** VALIDATE ramfs ***
[    0.352043] *** VALIDATE hugetlbfs ***
[    0.352123] AppArmor: AppArmor Filesystem Enabled
[    0.352151] pnp: PnP ACPI init
[    0.352221] pnp 00:00: Plug and Play ACPI device, IDs PNP0303 (active)
[    0.352309] pnp 00:01: Plug and Play ACPI device, IDs PNP0f03 (active)
[    0.353061] pnp: PnP ACPI: found 2 devices
[    0.354029] thermal_sys: Registered thermal governor 'fair_share'
[    0.354030] thermal_sys: Registered thermal governor 'bang_bang'
[    0.354030] thermal_sys: Registered thermal governor 'step_wise'
[    0.354031] thermal_sys: Registered thermal governor 'user_space'
[    0.354031] thermal_sys: Registered thermal governor 'power_allocator'
[    0.358579] clocksource: acpi_pm: mask: 0xffffff max_cycles: 0xffffff, max_idle_ns: 2085701024 ns
[    0.358622] pci_bus 0000:00: resource 4 [io  0x0000-0x0cf7 window]
[    0.358623] pci_bus 0000:00: resource 5 [io  0x0d00-0xffff window]
[    0.358625] pci_bus 0000:00: resource 6 [mem 0x000a0000-0x000bffff window]
[    0.358626] pci_bus 0000:00: resource 7 [mem 0x80000000-0xfdffffff window]
[    0.358684] NET: Registered protocol family 2
[    0.358762] IP idents hash table entries: 32768 (order: 6, 262144 bytes, linear)
[    0.359142] tcp_listen_portaddr_hash hash table entries: 1024 (order: 2, 16384 bytes, linear)
[    0.359222] TCP established hash table entries: 16384 (order: 5, 131072 bytes, linear)
[    0.359289] TCP bind hash table entries: 16384 (order: 6, 262144 bytes, linear)
[    0.359315] TCP: Hash tables configured (established 16384 bind 16384)
[    0.359358] UDP hash table entries: 1024 (order: 3, 32768 bytes, linear)
[    0.359369] UDP-Lite hash table entries: 1024 (order: 3, 32768 bytes, linear)
[    0.359398] NET: Registered protocol family 1
[    0.359405] NET: Registered protocol family 44
[    0.359449] pci 0000:00:00.0: Limiting direct PCI/PCI transfers
[    0.359464] pci 0000:00:01.0: Activating ISA DMA hang workarounds
[    0.359520] pci 0000:00:02.0: Video device with shadowed ROM at [mem 0x000c0000-0x000dffff]
[    0.359584] PCI: CLS 0 bytes, default 64
[    0.359639] Trying to unpack rootfs image as initramfs...
[    0.545170] Freeing initrd memory: 47860K
[    0.545269] clocksource: tsc: mask: 0xffffffffffffffff max_cycles: 0x1e4530a99b6, max_idle_ns: 440795257976 ns
[    0.545278] clocksource: Switched to clocksource tsc
[    0.545315] platform rtc_cmos: registered platform RTC device (no PNP device found)
[    0.545344] check: Scanning for low memory corruption every 60 seconds
[    0.545649] Initialise system trusted keyrings
[    0.545660] Key type blacklist registered
[    0.545706] workingset: timestamp_bits=36 max_order=19 bucket_order=0
[    0.546945] zbud: loaded
[    0.547192] squashfs: version 4.0 (2009/01/31) Phillip Lougher
[    0.547192] fuse: init (API version 7.31)
[    0.547192] *** VALIDATE fuse ***
[    0.547192] *** VALIDATE fuse ***
[    0.547192] Platform Keyring initialized
[    0.547192] Key type asymmetric registered
[    0.547192] Asymmetric key parser 'x509' registered
[    0.547192] Block layer SCSI generic (bsg) driver version 0.4 loaded (major 244)
[    0.547192] io scheduler mq-deadline registered
[    0.547192] shpchp: Standard Hot Plug PCI Controller Driver version: 0.4
[    0.550949] ACPI: AC Adapter [AC] (on-line)
[    0.550994] input: Power Button as /devices/LNXSYSTM:00/LNXPWRBN:00/input/input0
[    0.551020] ACPI: Power Button [PWRF]
[    0.551131] input: Sleep Button as /devices/LNXSYSTM:00/LNXSLPBN:00/input/input1
[    0.551144] ACPI: Sleep Button [SLPF]
[    0.551356] Serial: 8250/16550 driver, 32 ports, IRQ sharing enabled
[    0.552507] Linux agpgart interface v0.103
[    0.647140] loop: module loaded
[    0.647284] ata_piix 0000:00:01.1: version 2.13
[    0.647687] scsi host0: ata_piix
[    0.647774] scsi host1: ata_piix
[    0.647801] ata1: PATA max UDMA/33 cmd 0x1f0 ctl 0x3f6 bmdma 0xd000 irq 14
[    0.647802] ata2: PATA max UDMA/33 cmd 0x170 ctl 0x376 bmdma 0xd008 irq 15
[    0.647879] tun: Universal TUN/TAP device driver, 1.6
[    0.648193] PPP generic driver version 2.4.2
[    0.648237] VFIO - User Level meta-driver version: 0.3
[    0.648478] ehci_hcd: USB 2.0 'Enhanced' Host Controller (EHCI) Driver
[    0.648484] ehci-pci: EHCI PCI platform driver
[    0.648498] ehci-platform: EHCI generic platform driver
[    0.648504] ohci_hcd: USB 1.1 'Open' Host Controller (OHCI) Driver
[    0.648506] ohci-pci: OHCI PCI platform driver
[    0.648511] ohci-platform: OHCI generic platform driver
[    0.648516] uhci_hcd: USB Universal Host Controller Interface driver
[    0.648595] i8042: PNP: PS/2 Controller [PNP0303:PS2K,PNP0f03:PS2M] at 0x60,0x64 irq 1,12
[    0.649044] serio: i8042 KBD port at 0x60,0x64 irq 1
[    0.649048] serio: i8042 AUX port at 0x60,0x64 irq 12
[    0.649136] mousedev: PS/2 mouse device common for all mice
[    0.649397] input: AT Translated Set 2 keyboard as /devices/platform/i8042/serio0/input/input2
[    0.649797] rtc_cmos rtc_cmos: registered as rtc0
[    0.649810] rtc_cmos rtc_cmos: alarms up to one day, 114 bytes nvram
[    0.649815] i2c /dev entries driver
[    0.649860] device-mapper: uevent: version 1.0.3
[    0.649901] device-mapper: ioctl: 4.41.0-ioctl (2019-09-16) initialised: dm-devel@redhat.com
[    0.649918] platform eisa.0: Probing EISA bus 0
[    0.649919] platform eisa.0: EISA: Cannot allocate resource for mainboard
[    0.649920] platform eisa.0: Cannot allocate resource for EISA slot 1
[    0.649921] platform eisa.0: Cannot allocate resource for EISA slot 2
[    0.649922] platform eisa.0: Cannot allocate resource for EISA slot 3
[    0.649924] platform eisa.0: Cannot allocate resource for EISA slot 4
[    0.649925] platform eisa.0: Cannot allocate resource for EISA slot 5
[    0.649926] platform eisa.0: Cannot allocate resource for EISA slot 6
[    0.649927] platform eisa.0: Cannot allocate resource for EISA slot 7
[    0.649927] platform eisa.0: Cannot allocate resource for EISA slot 8
[    0.649928] platform eisa.0: EISA: Detected 0 cards
[    0.649931] intel_pstate: CPU model not supported
[    0.649940] ledtrig-cpu: registered to indicate activity on CPUs
[    0.649991] drop_monitor: Initializing network drop monitor service
[    0.650154] NET: Registered protocol family 10
[    0.655250] Segment Routing with IPv6
[    0.655250] NET: Registered protocol family 17
[    0.655250] Key type dns_resolver registered
[    0.655250] RAS: Correctable Errors collector initialized.
[    0.655250] IPI shorthand broadcast: enabled
[    0.655250] sched_clock: Marking stable (640171470, 11078896)->(650934435, 315931)
[    0.655504] registered taskstats version 1
[    0.655515] Loading compiled-in X.509 certificates
[    0.656101] Loaded X.509 cert 'Build time autogenerated kernel key: 0a9e52cc6eb58eed9b63e328679db6d5d5216245'
[    0.656118] zswap: loaded using pool lzo/zbud
[    0.656171] Key type ._fscrypt registered
[    0.656171] Key type .fscrypt registered
[    0.660642] Key type big_key registered
[    0.662827] Key type encrypted registered
[    0.662830] AppArmor: AppArmor sha1 policy hashing enabled
[    0.662836] ima: No TPM chip found, activating TPM-bypass!
[    0.662840] ima: Allocated hash algorithm: sha1
[    0.662845] ima: No architecture policies found
[    0.662853] evm: Initialising EVM extended attributes:
[    0.662853] evm: security.selinux
[    0.662854] evm: security.SMACK64
[    0.662854] evm: security.SMACK64EXEC
[    0.662855] evm: security.SMACK64TRANSMUTE
[    0.662855] evm: security.SMACK64MMAP
[    0.662855] evm: security.apparmor
[    0.662856] evm: security.ima
[    0.662856] evm: security.capability
[    0.662857] evm: HMAC attrs: 0x1
[    0.663146] PM:   Magic number: 10:975:883
[    0.663249] rtc_cmos rtc_cmos: setting system clock to 2026-01-20T11:53:15 UTC (1768909995)
[    0.819670] ata1.00: ATA-6: VBOX HARDDISK, 1.0, max UDMA/133
[    0.819673] ata1.00: 209715200 sectors, multi 128: LBA 
[    0.820228] scsi 0:0:0:0: Direct-Access     ATA      VBOX HARDDISK    1.0  PQ: 0 ANSI: 5
[    0.820480] sd 0:0:0:0: [sda] 209715200 512-byte logical blocks: (107 GB/100 GiB)
[    0.820490] sd 0:0:0:0: [sda] Write Protect is off
[    0.820492] sd 0:0:0:0: [sda] Mode Sense: 00 3a 00 00
[    0.820508] sd 0:0:0:0: [sda] Write cache: enabled, read cache: enabled, doesn't support DPO or FUA
[    0.820721] sd 0:0:0:0: Attached scsi generic sg0 type 0
[    0.821523]  sda: sda1 sda2
[    0.831475] sd 0:0:0:0: [sda] Attached SCSI disk
[    0.836088] Freeing unused decrypted memory: 2040K
[    0.837349] Freeing unused kernel image memory: 2720K
[    0.837353] Write protecting the kernel read-only data: 22528k
[    0.838716] Freeing unused kernel image memory: 2036K
[    0.839452] Freeing unused kernel image memory: 1452K
[    0.868202] x86/mm: Checked W+X mappings: passed, no W+X pages found.
[    0.868207] Run /init as init process
[    0.967885] ACPI: Video Device [GFX0] (multi-head: yes  rom: no  post: no)
[    0.967958] input: Video Bus as /devices/LNXSYSTM:00/LNXSYBUS:00/PNP0A03:00/LNXVIDEO:00/input/input4
[    0.981209] pcnet32: pcnet32.c:v1.35 21.Apr.2008 tsbogend@alpha.franken.de
[    0.982201] pcnet32: PCnet/FAST III 79C973 at 0xd020, 08:00:27:be:bd:13 assigned IRQ 19
[    0.982247] pcnet32: Found PHY 0022:561b at address 0
[    0.982554] pcnet32: eth0: registered as PCnet/FAST III 79C973
[    0.983364] pcnet32: 1 cards_found
[    0.984750] piix4_smbus 0000:00:07.0: SMBus Host Controller at 0x4100, revision 0
[    0.988372] e1000: Intel(R) PRO/1000 Network Driver - version 7.3.21-k8-NAPI
[    0.988373] e1000: Copyright (c) 1999-2006 Intel Corporation.
[    1.050082] pcnet32 0000:00:03.0 enp0s3: renamed from eth0
[    1.201693] input: ImExPS/2 Generic Explorer Mouse as /devices/platform/i8042/serio1/input/input5
[    1.396274] e1000 0000:00:08.0 eth0: (PCI:33MHz:32-bit) 08:00:27:01:5f:7a
[    1.396278] e1000 0000:00:08.0 eth0: Intel(R) PRO/1000 Network Connection
[    1.767534] e1000 0000:00:09.0 eth1: (PCI:33MHz:32-bit) 08:00:27:06:03:48
[    1.767537] e1000 0000:00:09.0 eth1: Intel(R) PRO/1000 Network Connection
[    1.768673] e1000 0000:00:09.0 enp0s9: renamed from eth1
[    1.770449] e1000 0000:00:08.0 enp0s8: renamed from eth0
[    1.913626] EXT4-fs (sda2): mounted filesystem with ordered data mode. Opts: (null)
[    1.996712] systemd[1]: Inserted module 'autofs4'
[    2.007248] systemd[1]: systemd 245.4-4ubuntu3 running in system mode. (+PAM +AUDIT +SELINUX +IMA +APPARMOR +SMACK +SYSVINIT +UTMP +LIBCRYPTSETUP +GCRYPT +GNUTLS +ACL +XZ +LZ4 +SECCOMP +BLKID +ELFUTILS +KMOD +IDN2 -IDN +PCRE2 default-hierarchy=hybrid)
[    2.007276] systemd[1]: Detected virtualization oracle.
[    2.007280] systemd[1]: Detected architecture x86-64.
[    2.008593] systemd[1]: Set hostname to <ztg>.
[    2.131956] systemd[1]: /lib/systemd/system/dbus.socket:5: ListenStream= references a path below legacy directory /var/run/, updating /var/run/dbus/system_bus_socket â†’ /run/dbus/system_bus_socket; please update the unit file accordingly.
[    2.184993] systemd[1]: Created slice system-modprobe.slice.
[    2.185212] systemd[1]: Created slice User and Session Slice.
[    2.185263] systemd[1]: Started Forward Password Requests to Wall Directory Watch.
[    2.185424] systemd[1]: Set up automount Arbitrary Executable File Formats File System Automount Point.
[    2.185459] systemd[1]: Reached target User and Group Name Lookups.
[    2.185467] systemd[1]: Reached target Remote File Systems.
[    2.185476] systemd[1]: Reached target Slices.
[    2.186048] systemd[1]: Listening on Syslog Socket.
[    2.186116] systemd[1]: Listening on fsck to fsckd communication Socket.
[    2.186154] systemd[1]: Listening on initctl Compatibility Named Pipe.
[    2.186292] systemd[1]: Listening on Journal Audit Socket.
[    2.186343] systemd[1]: Listening on Journal Socket (/dev/log).
[    2.186411] systemd[1]: Listening on Journal Socket.
[    2.186474] systemd[1]: Listening on udev Control Socket.
[    2.186513] systemd[1]: Listening on udev Kernel Socket.
[    2.187343] systemd[1]: Mounting Huge Pages File System...
[    2.188281] systemd[1]: Mounting POSIX Message Queue File System...
[    2.189201] systemd[1]: Mounting Kernel Debug File System...
[    2.190002] systemd[1]: Mounting Kernel Trace File System...
[    2.191917] systemd[1]: Starting Journal Service...
[    2.213824] systemd[1]: Starting Set the console keyboard layout...
[    2.221772] systemd[1]: Starting Create list of static device nodes for the current kernel...
[    2.223838] systemd[1]: Starting Load Kernel Module drm...
[    2.224952] systemd[1]: Condition check resulted in Set Up Additional Binary Formats being skipped.
[    2.225003] systemd[1]: Condition check resulted in File System Check on Root Device being skipped.
[    2.236578] systemd[1]: Starting Load Kernel Modules...
[    2.237348] systemd[1]: Starting Remount Root and Kernel File Systems...
[    2.238121] systemd[1]: Starting udev Coldplug all Devices...
[    2.238912] systemd[1]: Starting Uncomplicated firewall...
[    2.280367] systemd[1]: Mounted Huge Pages File System.
[    2.280456] systemd[1]: Mounted POSIX Message Queue File System.
[    2.280548] systemd[1]: Mounted Kernel Debug File System.
[    2.280621] systemd[1]: Mounted Kernel Trace File System.
[    2.288599] systemd[1]: Finished Create list of static device nodes for the current kernel.
[    2.288892] systemd[1]: modprobe@drm.service: Succeeded.
[    2.290155] EXT4-fs (sda2): re-mounted. Opts: errors=remount-ro
[    2.291396] systemd[1]: Finished Load Kernel Module drm.
[    2.317291] systemd[1]: Finished Remount Root and Kernel File Systems.
[    2.320064] systemd[1]: Finished Uncomplicated firewall.
[    2.337212] systemd[1]: Condition check resulted in Rebuild Hardware Database being skipped.
[    2.337251] systemd[1]: Condition check resulted in Platform Persistent Storage Archival being skipped.
[    2.337965] systemd[1]: Starting Load/Save Random Seed...
[    2.344143] systemd[1]: Starting Create System Users...
[    2.351937] systemd[1]: Finished Load/Save Random Seed.
[    2.353201] lp: driver loaded but no devices found
[    2.358707] systemd[1]: Finished Create System Users.
[    2.359665] systemd[1]: Starting Create Static Device Nodes in /dev...
[    2.364579] ppdev: user-space parallel port driver
[    2.384921] systemd[1]: Finished Create Static Device Nodes in /dev.
[    2.385739] systemd[1]: Starting udev Kernel Device Manager...
[    2.434000] systemd[1]: Finished udev Coldplug all Devices.
[    2.466880] [drm] DMA map mode: Caching DMA mappings.
[    2.466942] [drm] Capabilities:
[    2.466943] [drm]   Rect copy.
[    2.466943] [drm]   Cursor.
[    2.466943] [drm]   Cursor bypass.
[    2.466944] [drm]   Cursor bypass 2.
[    2.466944] [drm]   Alpha cursor.
[    2.466944] [drm]   Extended Fifo.
[    2.466945] [drm]   Pitchlock.
[    2.466945] [drm]   Irq mask.
[    2.466945] [drm]   GMR.
[    2.466946] [drm]   Traces.
[    2.466946] [drm]   GMR2.
[    2.466946] [drm]   Screen Object 2.
[    2.466947] [drm]   Command Buffers.
[    2.466947] [drm]   Command Buffers 2.
[    2.466947] [drm]   Guest Backed Resources.
[    2.466948] [drm] Max GMR ids is 8192
[    2.466949] [drm] Max number of GMR pages is 1048576
[    2.466950] [drm] Max dedicated hypervisor surface memory is 393216 kiB
[    2.466950] [drm] Maximum display memory size is 131072 kiB
[    2.466951] [drm] VRAM at 0xe0000000 size is 131072 kiB
[    2.466951] [drm] MMIO at 0xf0000000 size is 2048 kiB
[    2.471580] [TTM] Zone  kernel: Available graphics memory: 1011744 KiB
[    2.471581] [TTM] Initializing pool allocator
[    2.471584] [TTM] Initializing DMA pool allocator
[    2.471615] [drm] Supports vblank timestamp caching Rev 2 (21.10.2013).
[    2.471615] [drm] No driver support for vblank timestamp query.
[    2.471851] [drm] Screen Target Display device initialized
[    2.472046] [drm] width 720
[    2.472055] [drm] height 400
[    2.472059] [drm] bpp 32
[    2.472627] [drm] Fifo max 0x00200000 min 0x00001000 cap 0x00000355
[    2.473709] [drm] Using command buffers with DMA pool.
[    2.473712] [drm] DX: no.
[    2.473713] [drm] Atomic: yes.
[    2.473713] [drm] SM4_1: no.
[    2.473734] [drm:vmw_host_log [vmwgfx]] *ERROR* Failed to send host log message.
[    2.474625] [drm:vmw_host_log [vmwgfx]] *ERROR* Failed to send host log message.
[    2.488981] fbcon: svgadrmfb (fb0) is primary device
[    2.491213] Console: switching to colour frame buffer device 100x37
[    2.495980] systemd[1]: Finished Set the console keyboard layout.
[    2.496147] systemd[1]: Reached target Local File Systems (Pre).
[    2.498303] systemd[1]: Mounting Mount unit for bare, revision 5...
[    2.500728] systemd[1]: Mounting Mount unit for core18, revision 1705...
[    2.507052] [drm] Initialized vmwgfx 2.15.0 20180704 for 0000:00:02.0 on minor 0
[    2.508930] systemd[1]: Mounting Mount unit for gnome-3-34-1804, revision 24...
[    2.540442] systemd[1]: Mounting Mount unit for gtk-common-themes, revision 1506...
[    2.544231] systemd[1]: Mounting Mount unit for gtk-common-themes, revision 1535...
[    2.549356] systemd[1]: Mounting Mount unit for snap-store, revision 433...
[    2.552725] systemd[1]: Mounting Mount unit for snapd, revision 25935...
[    2.561281] systemd[1]: Finished Load Kernel Modules.
[    2.563273] systemd[1]: Mounting FUSE Control File System...
[    2.587483] systemd[1]: Mounting Kernel Configuration File System...
[    2.592378] systemd[1]: Starting Apply Kernel Variables...
[    2.611782] systemd[1]: Mounted FUSE Control File System.
[    2.611869] systemd[1]: Mounted Kernel Configuration File System.
[    2.611920] systemd[1]: Condition check resulted in VMware vmblock fuse mount being skipped.
[    2.620236] systemd[1]: Mounted Mount unit for core18, revision 1705.
[    2.620326] systemd[1]: Mounted Mount unit for gnome-3-34-1804, revision 24.
[    2.621503] systemd[1]: Finished Apply Kernel Variables.
[    2.624641] systemd[1]: Started udev Kernel Device Manager.
[    2.625308] systemd[1]: Starting Show Plymouth Boot Screen...
[    2.630635] systemd[1]: Mounted Mount unit for bare, revision 5.
[    2.630729] systemd[1]: Mounted Mount unit for gtk-common-themes, revision 1506.
[    2.651949] systemd[1]: Received SIGRTMIN+20 from PID 276 (plymouthd).
[    2.659199] systemd[1]: Mounted Mount unit for gtk-common-themes, revision 1535.
[    2.676905] systemd[1]: Mounted Mount unit for snap-store, revision 433.
[    2.677133] systemd[1]: Mounted Mount unit for snapd, revision 25935.
[    2.677309] systemd[1]: Started Show Plymouth Boot Screen.
[    2.677482] systemd[1]: Condition check resulted in Dispatch Password Requests to Console Directory Watch being skipped.
[    2.677564] systemd[1]: Started Forward Password Requests to Plymouth Directory Watch.
[    2.677628] systemd[1]: Reached target Local Encrypted Volumes.
[    2.677683] systemd[1]: Reached target Local File Systems.
[    2.678447] systemd[1]: Starting Load AppArmor profiles...
[    2.693165] systemd[1]: Starting Set console font and keymap...
[    2.703798] systemd[1]: Starting Tell Plymouth To Write Out Runtime Data...
[    2.708007] systemd[1]: Condition check resulted in Store a System Token in an EFI Variable being skipped.
[    2.708071] systemd[1]: Condition check resulted in Commit a transient machine-id on disk being skipped.
[    2.710504] systemd[1]: Finished Set console font and keymap.
[    2.720084] systemd[1]: Received SIGRTMIN+20 from PID 276 (plymouthd).
[    2.720712] systemd[1]: plymouth-read-write.service: Succeeded.
[    2.720943] systemd[1]: Finished Tell Plymouth To Write Out Runtime Data.
[    2.742251] audit: type=1400 audit(1768909997.572:2): apparmor="STATUS" operation="profile_load" profile="unconfined" name="nvidia_modprobe" pid=301 comm="apparmor_parser"
[    2.742253] audit: type=1400 audit(1768909997.572:3): apparmor="STATUS" operation="profile_load" profile="unconfined" name="nvidia_modprobe//kmod" pid=301 comm="apparmor_parser"
[    2.752383] audit: type=1400 audit(1768909997.588:4): apparmor="STATUS" operation="profile_load" profile="unconfined" name="/usr/sbin/tcpdump" pid=302 comm="apparmor_parser"
[    2.812122] audit: type=1400 audit(1768909997.640:5): apparmor="STATUS" operation="profile_load" profile="unconfined" name="/usr/bin/evince" pid=304 comm="apparmor_parser"
[    2.812125] audit: type=1400 audit(1768909997.640:6): apparmor="STATUS" operation="profile_load" profile="unconfined" name="/usr/bin/evince//sanitized_helper" pid=304 comm="apparmor_parser"
[    2.812126] audit: type=1400 audit(1768909997.640:7): apparmor="STATUS" operation="profile_load" profile="unconfined" name="/usr/bin/evince-previewer" pid=304 comm="apparmor_parser"
[    2.812128] audit: type=1400 audit(1768909997.640:8): apparmor="STATUS" operation="profile_load" profile="unconfined" name="/usr/bin/evince-previewer//sanitized_helper" pid=304 comm="apparmor_parser"
[    2.812130] audit: type=1400 audit(1768909997.640:9): apparmor="STATUS" operation="profile_load" profile="unconfined" name="/usr/bin/evince-thumbnailer" pid=304 comm="apparmor_parser"
[    2.848384] audit: type=1400 audit(1768909997.680:10): apparmor="STATUS" operation="profile_load" profile="unconfined" name="/usr/lib/cups/backend/cups-pdf" pid=305 comm="apparmor_parser"
[    2.913851] systemd[1]: Finished Load AppArmor profiles.
[    2.914848] systemd[1]: Starting Load AppArmor profiles managed internally by snapd...
[    3.037958] systemd[1]: Finished Load AppArmor profiles managed internally by snapd.
[    3.183188] systemd[1]: Started Journal Service.
[    3.191055] systemd-journald[228]: Received client request to flush runtime journal.
[    3.194142] systemd-journald[228]: File /var/log/journal/c455b248004a419c87ce85eea238d727/system.journal corrupted or uncleanly shut down, renaming and replacing.
[    4.546738] RAPL PMU: API unit is 2^-32 Joules, 0 fixed counters, 10737418240 ms ovfl timer
[    4.573621] cryptd: max_cpu_qlen set to 1000
[    4.647269] AVX2 version of gcm_enc/dec engaged.
[    4.647270] AES CTR mode by8 optimization enabled
[    6.509480] Adding 1998844k swap on /dev/sda1.  Priority:-2 extents:1 across:1998844k FS
[    7.997714] kauditd_printk_skb: 30 callbacks suppressed
[    7.997716] audit: type=1400 audit(1768910002.828:41): apparmor="DENIED" operation="capable" profile="/usr/sbin/cups-browsed" pid=511 comm="cups-browsed" capability=23  capname="sys_nice"
[    9.110818] pcnet32 0000:00:03.0 enp0s3: link up, 100Mbps, full-duplex
[    9.153833] e1000: enp0s8 NIC Link is Up 1000 Mbps Full Duplex, Flow Control: RX
[    9.154123] IPv6: ADDRCONF(NETDEV_CHANGE): enp0s8: link becomes ready
[    9.167735] e1000: enp0s9 NIC Link is Up 1000 Mbps Full Duplex, Flow Control: RX
[    9.818057] device enp0s3 entered promiscuous mode
[    9.838787] audit: type=1400 audit(1768910004.664:42): apparmor="DENIED" operation="open" profile="/usr/sbin/tcpdump" name="/proc/sys/kernel/random/boot_id" pid=641 comm="tcpdump" requested_mask="r" denied_mask="r" fsuid=0 ouid=0
[    9.839048] audit: type=1400 audit(1768910004.664:43): apparmor="DENIED" operation="open" profile="/usr/sbin/tcpdump" name="/proc/sys/kernel/random/boot_id" pid=641 comm="tcpdump" requested_mask="r" denied_mask="r" fsuid=0 ouid=0
[    9.839091] audit: type=1400 audit(1768910004.664:44): apparmor="DENIED" operation="open" profile="/usr/sbin/tcpdump" name="/proc/sys/kernel/random/boot_id" pid=641 comm="tcpdump" requested_mask="r" denied_mask="r" fsuid=0 ouid=0
[    9.839179] audit: type=1400 audit(1768910004.664:45): apparmor="DENIED" operation="open" profile="/usr/sbin/tcpdump" name="/proc/sys/kernel/random/boot_id" pid=641 comm="tcpdump" requested_mask="r" denied_mask="r" fsuid=0 ouid=0
[    9.849377] audit: type=1400 audit(1768910004.680:46): apparmor="DENIED" operation="open" profile="/usr/sbin/tcpdump" name="/proc/sys/kernel/random/boot_id" pid=642 comm="tcpdump" requested_mask="r" denied_mask="r" fsuid=0 ouid=0
[    9.849608] audit: type=1400 audit(1768910004.680:47): apparmor="DENIED" operation="open" profile="/usr/sbin/tcpdump" name="/proc/sys/kernel/random/boot_id" pid=642 comm="tcpdump" requested_mask="r" denied_mask="r" fsuid=0 ouid=0
[    9.849649] audit: type=1400 audit(1768910004.680:48): apparmor="DENIED" operation="open" profile="/usr/sbin/tcpdump" name="/proc/sys/kernel/random/boot_id" pid=642 comm="tcpdump" requested_mask="r" denied_mask="r" fsuid=0 ouid=0
[    9.850156] audit: type=1400 audit(1768910004.680:49): apparmor="DENIED" operation="open" profile="/usr/sbin/tcpdump" name="/proc/sys/kernel/random/boot_id" pid=642 comm="tcpdump" requested_mask="r" denied_mask="r" fsuid=0 ouid=0
[   16.114765] rfkill: input handler disabled
[  449.887236] rfkill: input handler enabled
[  459.229026] rfkill: input handler disabled
[  629.890475] device enp0s3 left promiscuous mode
