[    0.000000] Linux version 5.4.243-tcp (root@ztg) (gcc version 12.2.0 (Debian 12.2.0-14)) #1 SMP Fri Apr 12 08:27:09 CST 2024
[    0.000000] Command line: BOOT_IMAGE=/boot/vmlinuz-5.4.243-tcp root=UUID=98415a12-53b7-4144-8265-0f7ece09e445 ro quiet splash
[    0.000000] KERNEL supported cpus:
[    0.000000]   Intel GenuineIntel
[    0.000000]   AMD AuthenticAMD
[    0.000000]   Hygon HygonGenuine
[    0.000000]   Centaur CentaurHauls
[    0.000000]   zhaoxin   Shanghai  
[    0.000000] x86/fpu: Supporting XSAVE feature 0x001: 'x87 floating point registers'
[    0.000000] x86/fpu: Supporting XSAVE feature 0x002: 'SSE registers'
[    0.000000] x86/fpu: Supporting XSAVE feature 0x004: 'AVX registers'
[    0.000000] x86/fpu: xstate_offset[2]:  576, xstate_sizes[2]:  256
[    0.000000] x86/fpu: Enabled xstate features 0x7, context size is 832 bytes, using 'standard' format.
[    0.000000] BIOS-provided physical RAM map:
[    0.000000] BIOS-e820: [mem 0x0000000000000000-0x000000000009fbff] usable
[    0.000000] BIOS-e820: [mem 0x000000000009fc00-0x000000000009ffff] reserved
[    0.000000] BIOS-e820: [mem 0x00000000000f0000-0x00000000000fffff] reserved
[    0.000000] BIOS-e820: [mem 0x0000000000100000-0x000000007ffeffff] usable
[    0.000000] BIOS-e820: [mem 0x000000007fff0000-0x000000007fffffff] ACPI data
[    0.000000] BIOS-e820: [mem 0x00000000fec00000-0x00000000fec00fff] reserved
[    0.000000] BIOS-e820: [mem 0x00000000fee00000-0x00000000fee00fff] reserved
[    0.000000] BIOS-e820: [mem 0x00000000fffc0000-0x00000000ffffffff] reserved
[    0.000000] NX (Execute Disable) protection: active
[    0.000000] SMBIOS 2.5 present.
[    0.000000] DMI: innotek GmbH VirtualBox/VirtualBox, BIOS VirtualBox 12/01/2006
[    0.000000] Hypervisor detected: KVM
[    0.000000] kvm-clock: Using msrs 4b564d01 and 4b564d00
[    0.000000] kvm-clock: cpu 0, msr 6b601001, primary cpu clock
[    0.000000] kvm-clock: using sched offset of 4441227936 cycles
[    0.000003] clocksource: kvm-clock: mask: 0xffffffffffffffff max_cycles: 0x1cd42e4dffb, max_idle_ns: 881590591483 ns
[    0.000005] tsc: Detected 2100.000 MHz processor
[    0.001856] e820: update [mem 0x00000000-0x00000fff] usable ==> reserved
[    0.001858] e820: remove [mem 0x000a0000-0x000fffff] usable
[    0.001862] last_pfn = 0x7fff0 max_arch_pfn = 0x400000000
[    0.001932] MTRR default type: uncachable
[    0.001933] MTRR fixed ranges enabled:
[    0.001934]   00000-9FFFF write-back
[    0.001935]   A0000-BFFFF uncachable
[    0.001936]   C0000-FFFFF write-protect
[    0.001936] MTRR variable ranges enabled:
[    0.001938]   0 base 000000000000 mask 3FFF80000000 write-back
[    0.001939]   1 disabled
[    0.001939]   2 disabled
[    0.001939]   3 disabled
[    0.001940]   4 disabled
[    0.001940]   5 disabled
[    0.001941]   6 disabled
[    0.001941]   7 disabled
[    0.001942]   8 disabled
[    0.001942]   9 disabled
[    0.001942]   10 disabled
[    0.001943]   11 disabled
[    0.001943]   12 disabled
[    0.001944]   13 disabled
[    0.001944]   14 disabled
[    0.001945]   15 disabled
[    0.001961] x86/PAT: Configuration [0-7]: WB  WC  UC- UC  WB  WP  UC- WT  
[    0.002095] found SMP MP-table at [mem 0x0009fff0-0x0009ffff]
[    0.090246] check: Scanning 1 areas for low memory corruption
[    0.090435] RAMDISK: [mem 0x32275000-0x35131fff]
[    0.090443] ACPI: Early table checksum verification disabled
[    0.090449] ACPI: RSDP 0x00000000000E0000 000024 (v02 VBOX  )
[    0.090453] ACPI: XSDT 0x000000007FFF0030 00003C (v01 VBOX   VBOXXSDT 00000001 ASL  00000061)
[    0.090460] ACPI: FACP 0x000000007FFF00F0 0000F4 (v04 VBOX   VBOXFACP 00000001 ASL  00000061)
[    0.090467] ACPI: DSDT 0x000000007FFF02E0 002353 (v02 VBOX   VBOXBIOS 00000002 VBOX 00029BF3)
[    0.090471] ACPI: FACS 0x000000007FFF0200 000040
[    0.090474] ACPI: FACS 0x000000007FFF0200 000040
[    0.090477] ACPI: APIC 0x000000007FFF0240 000054 (v02 VBOX   VBOXAPIC 00000001 ASL  00000061)
[    0.090481] ACPI: SSDT 0x000000007FFF02A0 000038 (v01 VBOX   VBOXCPUT 00000002 VBOX 00029BF3)
[    0.090484] ACPI: Reserving FACP table memory at [mem 0x7fff00f0-0x7fff01e3]
[    0.090485] ACPI: Reserving DSDT table memory at [mem 0x7fff02e0-0x7fff2632]
[    0.090485] ACPI: Reserving FACS table memory at [mem 0x7fff0200-0x7fff023f]
[    0.090486] ACPI: Reserving FACS table memory at [mem 0x7fff0200-0x7fff023f]
[    0.090487] ACPI: Reserving APIC table memory at [mem 0x7fff0240-0x7fff0293]
[    0.090487] ACPI: Reserving SSDT table memory at [mem 0x7fff02a0-0x7fff02d7]
[    0.090502] ACPI: Local APIC address 0xfee00000
[    0.090687] No NUMA configuration found
[    0.090688] Faking a node at [mem 0x0000000000000000-0x000000007ffeffff]
[    0.090698] NODE_DATA(0) allocated [mem 0x7ffc5000-0x7ffeffff]
[    0.090991] Zone ranges:
[    0.090992]   DMA      [mem 0x0000000000001000-0x0000000000ffffff]
[    0.090993]   DMA32    [mem 0x0000000001000000-0x000000007ffeffff]
[    0.090994]   Normal   empty
[    0.090995]   Device   empty
[    0.090996] Movable zone start for each node
[    0.090997] Early memory node ranges
[    0.090998]   node   0: [mem 0x0000000000001000-0x000000000009efff]
[    0.090999]   node   0: [mem 0x0000000000100000-0x000000007ffeffff]
[    0.091003] Zeroed struct page in unavailable ranges: 114 pages
[    0.091004] Initmem setup node 0 [mem 0x0000000000001000-0x000000007ffeffff]
[    0.091005] On node 0 totalpages: 524174
[    0.091006]   DMA zone: 64 pages used for memmap
[    0.091006]   DMA zone: 21 pages reserved
[    0.091007]   DMA zone: 3998 pages, LIFO batch:0
[    0.091078]   DMA32 zone: 8128 pages used for memmap
[    0.091079]   DMA32 zone: 520176 pages, LIFO batch:63
[    0.100050] ACPI: PM-Timer IO Port: 0x4008
[    0.100053] ACPI: Local APIC address 0xfee00000
[    0.100124] IOAPIC[0]: apic_id 1, version 32, address 0xfec00000, GSI 0-23
[    0.100128] ACPI: INT_SRC_OVR (bus 0 bus_irq 0 global_irq 2 dfl dfl)
[    0.100129] ACPI: INT_SRC_OVR (bus 0 bus_irq 9 global_irq 9 low level)
[    0.100131] ACPI: IRQ0 used by override.
[    0.100132] ACPI: IRQ9 used by override.
[    0.100135] Using ACPI (MADT) for SMP configuration information
[    0.100141] smpboot: Allowing 1 CPUs, 0 hotplug CPUs
[    0.100164] PM: Registered nosave memory: [mem 0x00000000-0x00000fff]
[    0.100166] PM: Registered nosave memory: [mem 0x0009f000-0x0009ffff]
[    0.100166] PM: Registered nosave memory: [mem 0x000a0000-0x000effff]
[    0.100167] PM: Registered nosave memory: [mem 0x000f0000-0x000fffff]
[    0.100169] [mem 0x80000000-0xfebfffff] available for PCI devices
[    0.100169] Booting paravirtualized kernel on KVM
[    0.100172] clocksource: refined-jiffies: mask: 0xffffffff max_cycles: 0xffffffff, max_idle_ns: 7645519600211568 ns
[    0.100178] setup_percpu: NR_CPUS:8192 nr_cpumask_bits:1 nr_cpu_ids:1 nr_node_ids:1
[    0.101212] percpu: Embedded 60 pages/cpu s208896 r8192 d28672 u2097152
[    0.101216] pcpu-alloc: s208896 r8192 d28672 u2097152 alloc=1*2097152
[    0.101217] pcpu-alloc: [0] 0 
[    0.101242] Built 1 zonelists, mobility grouping on.  Total pages: 515961
[    0.101243] Policy zone: DMA32
[    0.101244] Kernel command line: BOOT_IMAGE=/boot/vmlinuz-5.4.243-tcp root=UUID=98415a12-53b7-4144-8265-0f7ece09e445 ro quiet splash
[    0.102117] Dentry cache hash table entries: 262144 (order: 9, 2097152 bytes, linear)
[    0.102264] Inode-cache hash table entries: 131072 (order: 8, 1048576 bytes, linear)
[    0.102313] mem auto-init: stack:off, heap alloc:on, heap free:off
[    0.102317] Calgary: detecting Calgary via BIOS EBDA area
[    0.102318] Calgary: Unable to locate Rio Grande table in EBDA - bailing!
[    0.106430] Memory: 1967340K/2096696K available (14339K kernel code, 2392K rwdata, 4692K rodata, 2720K init, 17272K bss, 129356K reserved, 0K cma-reserved)
[    0.107354] SLUB: HWalign=64, Order=0-3, MinObjects=0, CPUs=1, Nodes=1
[    0.107370] ftrace: allocating 42894 entries in 168 pages
[    0.125299] rcu: Hierarchical RCU implementation.
[    0.125301] rcu: 	RCU restricting CPUs from NR_CPUS=8192 to nr_cpu_ids=1.
[    0.125302] 	Tasks RCU enabled.
[    0.125303] rcu: RCU calculated value of scheduler-enlistment delay is 25 jiffies.
[    0.125303] rcu: Adjusting geometry for rcu_fanout_leaf=16, nr_cpu_ids=1
[    0.128266] NR_IRQS: 524544, nr_irqs: 256, preallocated irqs: 16
[    0.128485] random: crng init done
[    0.137793] Console: colour VGA+ 80x25
[    0.137797] printk: console [tty0] enabled
[    0.137818] ACPI: Core revision 20190816
[    0.137925] APIC: Switch to symmetric I/O mode setup
[    0.138710] x2apic enabled
[    0.139002] Switched APIC routing to physical x2apic.
[    0.140146] ..TIMER: vector=0x30 apic1=0 pin1=2 apic2=-1 pin2=-1
[    0.140177] clocksource: tsc-early: mask: 0xffffffffffffffff max_cycles: 0x1e4530a99b6, max_idle_ns: 440795257976 ns
[    0.140182] Calibrating delay loop (skipped) preset value.. 4200.00 BogoMIPS (lpj=8400000)
[    0.140184] pid_max: default: 32768 minimum: 301
[    0.140212] LSM: Security Framework initializing
[    0.140222] Yama: becoming mindful.
[    0.140247] AppArmor: AppArmor initialized
[    0.140281] Mount-cache hash table entries: 4096 (order: 3, 32768 bytes, linear)
[    0.140285] Mountpoint-cache hash table entries: 4096 (order: 3, 32768 bytes, linear)
[    0.140295] *** VALIDATE tmpfs ***
[    0.140424] *** VALIDATE proc ***
[    0.140463] *** VALIDATE cgroup1 ***
[    0.140464] *** VALIDATE cgroup2 ***
[    0.140604] process: using mwait in idle threads
[    0.140609] Last level iTLB entries: 4KB 64, 2MB 8, 4MB 8
[    0.140610] Last level dTLB entries: 4KB 64, 2MB 0, 4MB 0, 1GB 4
[    0.140631] Spectre V1 : Mitigation: usercopy/swapgs barriers and __user pointer sanitization
[    0.140636] Spectre V2 : Mitigation: Retpolines
[    0.140637] Spectre V2 : Spectre v2 / SpectreRSB mitigation: Filling RSB on context switch
[    0.140638] Spectre V2 : Spectre v2 / SpectreRSB : Filling RSB on VMEXIT
[    0.140638] RETBleed: WARNING: Spectre v2 mitigation leaves CPU vulnerable to RETBleed attacks, data leaks possible!
[    0.140995] RETBleed: Vulnerable
[    0.140995] Speculative Store Bypass: Vulnerable
[    0.141001] TAA: Mitigation: TSX disabled
[    0.141001] MMIO Stale Data: Mitigation: Clear CPU buffers
[    0.145168] Freeing SMP alternatives memory: 40K
[    0.256917] smpboot: CPU0: Intel(R) Xeon(R) Silver 4216 CPU @ 2.10GHz (family: 0x6, model: 0x55, stepping: 0x7)
[    0.257062] Performance Events: unsupported p6 CPU model 85 no PMU driver, software events only.
[    0.257100] rcu: Hierarchical SRCU implementation.
[    0.257574] NMI watchdog: Perf NMI watchdog permanently disabled
[    0.257612] smp: Bringing up secondary CPUs ...
[    0.257614] smp: Brought up 1 node, 1 CPU
[    0.257614] smpboot: Max logical packages: 1
[    0.257616] smpboot: Total of 1 processors activated (4200.00 BogoMIPS)
[    0.258585] devtmpfs: initialized
[    0.258633] x86/mm: Memory block size: 128MB
[    0.258976] clocksource: jiffies: mask: 0xffffffff max_cycles: 0xffffffff, max_idle_ns: 7645041785100000 ns
[    0.258982] futex hash table entries: 256 (order: 2, 16384 bytes, linear)
[    0.259026] pinctrl core: initialized pinctrl subsystem
[    0.259127] PM: RTC time: 14:59:35, date: 2026-01-20
[    0.259234] NET: Registered protocol family 16
[    0.259307] audit: initializing netlink subsys (disabled)
[    0.259431] EISA bus registered
[    0.259433] cpuidle: using governor ladder
[    0.259434] cpuidle: using governor menu
[    0.259472] ACPI: bus type PCI registered
[    0.259473] acpiphp: ACPI Hot Plug PCI Controller Driver version: 0.5
[    0.259573] PCI: Using configuration type 1 for base access
[    0.260417] audit: type=2000 audit(1768892381.546:1): state=initialized audit_enabled=0 res=1
[    0.260499] HugeTLB registered 2.00 MiB page size, pre-allocated 0 pages
[    0.261314] ACPI: Added _OSI(Module Device)
[    0.261315] ACPI: Added _OSI(Processor Device)
[    0.261316] ACPI: Added _OSI(3.0 _SCP Extensions)
[    0.261316] ACPI: Added _OSI(Processor Aggregator Device)
[    0.261317] ACPI: Added _OSI(Linux-Dell-Video)
[    0.261318] ACPI: Added _OSI(Linux-Lenovo-NV-HDMI-Audio)
[    0.261319] ACPI: Added _OSI(Linux-HPI-Hybrid-Graphics)
[    0.263290] ACPI: 2 ACPI AML tables successfully acquired and loaded
[    0.264931] ACPI: Interpreter enabled
[    0.264942] ACPI: (supports S0 S5)
[    0.264943] ACPI: Using IOAPIC for interrupt routing
[    0.265145] PCI: Using host bridge windows from ACPI; if necessary, use "pci=nocrs" and report a bug
[    0.265253] ACPI: Enabled 2 GPEs in block 00 to 07
[    0.270070] ACPI: PCI Root Bridge [PCI0] (domain 0000 [bus 00-ff])
[    0.270075] acpi PNP0A03:00: _OSC: OS supports [ASPM ClockPM Segments MSI HPX-Type3]
[    0.270515] acpi PNP0A03:00: _OSC: not requesting OS control; OS requires [ExtendedConfig ASPM ClockPM MSI]
[    0.270523] acpi PNP0A03:00: fail to add MMCONFIG information, can't access extended PCI configuration space under this bridge.
[    0.270894] PCI host bridge to bus 0000:00
[    0.270896] pci_bus 0000:00: root bus resource [io  0x0000-0x0cf7 window]
[    0.270898] pci_bus 0000:00: root bus resource [io  0x0d00-0xffff window]
[    0.270899] pci_bus 0000:00: root bus resource [mem 0x000a0000-0x000bffff window]
[    0.270900] pci_bus 0000:00: root bus resource [mem 0x80000000-0xfdffffff window]
[    0.270901] pci_bus 0000:00: root bus resource [bus 00-ff]
[    0.270944] pci 0000:00:00.0: [8086:1237] type 00 class 0x060000
[    0.271916] pci 0000:00:01.0: [8086:7000] type 00 class 0x060100
[    0.272732] pci 0000:00:01.1: [8086:7111] type 00 class 0x01018a
[    0.273099] pci 0000:00:01.1: reg 0x20: [io  0xd000-0xd00f]
[    0.273249] pci 0000:00:01.1: legacy IDE quirk: reg 0x10: [io  0x01f0-0x01f7]
[    0.273250] pci 0000:00:01.1: legacy IDE quirk: reg 0x14: [io  0x03f6]
[    0.273251] pci 0000:00:01.1: legacy IDE quirk: reg 0x18: [io  0x0170-0x0177]
[    0.273252] pci 0000:00:01.1: legacy IDE quirk: reg 0x1c: [io  0x0376]
[    0.273783] pci 0000:00:02.0: [15ad:0405] type 00 class 0x030000
[    0.276262] pci 0000:00:02.0: reg 0x10: [io  0xd010-0xd01f]
[    0.280228] pci 0000:00:02.0: reg 0x14: [mem 0xe0000000-0xe7ffffff pref]
[    0.283144] pci 0000:00:02.0: reg 0x18: [mem 0xf0000000-0xf01fffff]
[    0.294802] pci 0000:00:03.0: [1022:2000] type 00 class 0x020000
[    0.295715] pci 0000:00:03.0: reg 0x10: [io  0xd020-0xd03f]
[    0.296328] pci 0000:00:03.0: reg 0x14: [mem 0xf0200000-0xf0200fff]
[    0.300041] pci 0000:00:04.0: [80ee:cafe] type 00 class 0x088000
[    0.300294] pci 0000:00:04.0: reg 0x10: [io  0xd040-0xd05f]
[    0.300899] pci 0000:00:04.0: reg 0x14: [mem 0xf0400000-0xf07fffff]
[    0.301513] pci 0000:00:04.0: reg 0x18: [mem 0xf0800000-0xf0803fff pref]
[    0.305521] pci 0000:00:07.0: [8086:7113] type 00 class 0x068000
[    0.306051] pci 0000:00:07.0: quirk: [io  0x4000-0x403f] claimed by PIIX4 ACPI
[    0.306061] pci 0000:00:07.0: quirk: [io  0x4100-0x410f] claimed by PIIX4 SMB
[    0.306671] pci 0000:00:08.0: [8086:100e] type 00 class 0x020000
[    0.307397] pci 0000:00:08.0: reg 0x10: [mem 0xf0820000-0xf083ffff]
[    0.308295] pci 0000:00:08.0: reg 0x18: [io  0xd060-0xd067]
[    0.312250] pci 0000:00:09.0: [8086:100e] type 00 class 0x020000
[    0.312962] pci 0000:00:09.0: reg 0x10: [mem 0xf0840000-0xf085ffff]
[    0.314131] pci 0000:00:09.0: reg 0x18: [io  0xd068-0xd06f]
[    0.324996] ACPI: PCI Interrupt Link [LNKA] (IRQs 5 9 10 *11)
[    0.325280] ACPI: PCI Interrupt Link [LNKB] (IRQs 5 9 *10 11)
[    0.325382] ACPI: PCI Interrupt Link [LNKC] (IRQs 5 *9 10 11)
[    0.325487] ACPI: PCI Interrupt Link [LNKD] (IRQs 5 9 10 *11)
[    0.325755] iommu: Default domain type: Translated 
[    0.325816] pci 0000:00:02.0: vgaarb: setting as boot VGA device
[    0.325818] pci 0000:00:02.0: vgaarb: VGA device added: decodes=io+mem,owns=io+mem,locks=none
[    0.325820] pci 0000:00:02.0: vgaarb: bridge control possible
[    0.325821] vgaarb: loaded
[    0.326028] SCSI subsystem initialized
[    0.326060] libata version 3.00 loaded.
[    0.326087] ACPI: bus type USB registered
[    0.326101] usbcore: registered new interface driver usbfs
[    0.326107] usbcore: registered new interface driver hub
[    0.326111] usbcore: registered new device driver usb
[    0.326140] pps_core: LinuxPPS API ver. 1 registered
[    0.326140] pps_core: Software ver. 5.3.6 - Copyright 2005-2007 Rodolfo Giometti <giometti@linux.it>
[    0.326142] PTP clock support registered
[    0.326176] EDAC MC: Ver: 3.0.0
[    0.326461] PCI: Using ACPI for IRQ routing
[    0.326463] PCI: pci_cache_line_size set to 64 bytes
[    0.326630] e820: reserve RAM buffer [mem 0x0009fc00-0x0009ffff]
[    0.326635] e820: reserve RAM buffer [mem 0x7fff0000-0x7fffffff]
[    0.326761] NetLabel: Initializing
[    0.326762] NetLabel:  domain hash size = 128
[    0.326762] NetLabel:  protocols = UNLABELED CIPSOv4 CALIPSO
[    0.326781] NetLabel:  unlabeled traffic allowed by default
[    0.328477] clocksource: Switched to clocksource kvm-clock
[    0.340316] *** VALIDATE bpf ***
[    0.340316] VFS: Disk quotas dquot_6.6.0
[    0.340316] VFS: Dquot-cache hash table entries: 512 (order 0, 4096 bytes)
[    0.340316] *** VALIDATE ramfs ***
[    0.340316] *** VALIDATE hugetlbfs ***
[    0.340316] AppArmor: AppArmor Filesystem Enabled
[    0.340316] pnp: PnP ACPI init
[    0.340316] pnp 00:00: Plug and Play ACPI device, IDs PNP0303 (active)
[    0.342964] pnp 00:01: Plug and Play ACPI device, IDs PNP0f03 (active)
[    0.343774] pnp: PnP ACPI: found 2 devices
[    0.344735] thermal_sys: Registered thermal governor 'fair_share'
[    0.344735] thermal_sys: Registered thermal governor 'bang_bang'
[    0.344736] thermal_sys: Registered thermal governor 'step_wise'
[    0.344737] thermal_sys: Registered thermal governor 'user_space'
[    0.344737] thermal_sys: Registered thermal governor 'power_allocator'
[    0.349249] clocksource: acpi_pm: mask: 0xffffff max_cycles: 0xffffff, max_idle_ns: 2085701024 ns
[    0.349290] pci_bus 0000:00: resource 4 [io  0x0000-0x0cf7 window]
[    0.349292] pci_bus 0000:00: resource 5 [io  0x0d00-0xffff window]
[    0.349293] pci_bus 0000:00: resource 6 [mem 0x000a0000-0x000bffff window]
[    0.349295] pci_bus 0000:00: resource 7 [mem 0x80000000-0xfdffffff window]
[    0.349351] NET: Registered protocol family 2
[    0.349428] IP idents hash table entries: 32768 (order: 6, 262144 bytes, linear)
[    0.349802] tcp_listen_portaddr_hash hash table entries: 1024 (order: 2, 16384 bytes, linear)
[    0.349882] TCP established hash table entries: 16384 (order: 5, 131072 bytes, linear)
[    0.349944] TCP bind hash table entries: 16384 (order: 6, 262144 bytes, linear)
[    0.349969] TCP: Hash tables configured (established 16384 bind 16384)
[    0.350015] UDP hash table entries: 1024 (order: 3, 32768 bytes, linear)
[    0.350028] UDP-Lite hash table entries: 1024 (order: 3, 32768 bytes, linear)
[    0.350055] NET: Registered protocol family 1
[    0.350062] NET: Registered protocol family 44
[    0.350089] pci 0000:00:00.0: Limiting direct PCI/PCI transfers
[    0.350102] pci 0000:00:01.0: Activating ISA DMA hang workarounds
[    0.350152] pci 0000:00:02.0: Video device with shadowed ROM at [mem 0x000c0000-0x000dffff]
[    0.350217] PCI: CLS 0 bytes, default 64
[    0.350266] Trying to unpack rootfs image as initramfs...
[    0.523783] Freeing initrd memory: 47860K
[    0.523783] clocksource: tsc: mask: 0xffffffffffffffff max_cycles: 0x1e4530a99b6, max_idle_ns: 440795257976 ns
[    0.523783] clocksource: Switched to clocksource tsc
[    0.523783] platform rtc_cmos: registered platform RTC device (no PNP device found)
[    0.523783] check: Scanning for low memory corruption every 60 seconds
[    0.523783] Initialise system trusted keyrings
[    0.523783] Key type blacklist registered
[    0.523783] workingset: timestamp_bits=36 max_order=19 bucket_order=0
[    0.523783] zbud: loaded
[    0.523783] squashfs: version 4.0 (2009/01/31) Phillip Lougher
[    0.523783] fuse: init (API version 7.31)
[    0.523783] *** VALIDATE fuse ***
[    0.523783] *** VALIDATE fuse ***
[    0.523783] Platform Keyring initialized
[    0.538425] Key type asymmetric registered
[    0.538426] Asymmetric key parser 'x509' registered
[    0.538434] Block layer SCSI generic (bsg) driver version 0.4 loaded (major 244)
[    0.538469] io scheduler mq-deadline registered
[    0.538574] shpchp: Standard Hot Plug PCI Controller Driver version: 0.4
[    0.538800] ACPI: AC Adapter [AC] (on-line)
[    0.538845] input: Power Button as /devices/LNXSYSTM:00/LNXPWRBN:00/input/input0
[    0.538872] ACPI: Power Button [PWRF]
[    0.538957] input: Sleep Button as /devices/LNXSYSTM:00/LNXSLPBN:00/input/input1
[    0.538971] ACPI: Sleep Button [SLPF]
[    0.539203] Serial: 8250/16550 driver, 32 ports, IRQ sharing enabled
[    0.540392] Linux agpgart interface v0.103
[    0.635761] loop: module loaded
[    0.635902] ata_piix 0000:00:01.1: version 2.13
[    0.636305] scsi host0: ata_piix
[    0.636401] scsi host1: ata_piix
[    0.636428] ata1: PATA max UDMA/33 cmd 0x1f0 ctl 0x3f6 bmdma 0xd000 irq 14
[    0.636429] ata2: PATA max UDMA/33 cmd 0x170 ctl 0x376 bmdma 0xd008 irq 15
[    0.636511] tun: Universal TUN/TAP device driver, 1.6
[    0.636823] PPP generic driver version 2.4.2
[    0.636867] VFIO - User Level meta-driver version: 0.3
[    0.637106] ehci_hcd: USB 2.0 'Enhanced' Host Controller (EHCI) Driver
[    0.637112] ehci-pci: EHCI PCI platform driver
[    0.637126] ehci-platform: EHCI generic platform driver
[    0.637132] ohci_hcd: USB 1.1 'Open' Host Controller (OHCI) Driver
[    0.637133] ohci-pci: OHCI PCI platform driver
[    0.637139] ohci-platform: OHCI generic platform driver
[    0.637143] uhci_hcd: USB Universal Host Controller Interface driver
[    0.637205] i8042: PNP: PS/2 Controller [PNP0303:PS2K,PNP0f03:PS2M] at 0x60,0x64 irq 1,12
[    0.637644] serio: i8042 KBD port at 0x60,0x64 irq 1
[    0.637648] serio: i8042 AUX port at 0x60,0x64 irq 12
[    0.637738] mousedev: PS/2 mouse device common for all mice
[    0.637999] input: AT Translated Set 2 keyboard as /devices/platform/i8042/serio0/input/input2
[    0.638397] rtc_cmos rtc_cmos: registered as rtc0
[    0.638410] rtc_cmos rtc_cmos: alarms up to one day, 114 bytes nvram
[    0.638415] i2c /dev entries driver
[    0.638461] device-mapper: uevent: version 1.0.3
[    0.638502] device-mapper: ioctl: 4.41.0-ioctl (2019-09-16) initialised: dm-devel@redhat.com
[    0.638518] platform eisa.0: Probing EISA bus 0
[    0.638520] platform eisa.0: EISA: Cannot allocate resource for mainboard
[    0.638521] platform eisa.0: Cannot allocate resource for EISA slot 1
[    0.638522] platform eisa.0: Cannot allocate resource for EISA slot 2
[    0.638523] platform eisa.0: Cannot allocate resource for EISA slot 3
[    0.638524] platform eisa.0: Cannot allocate resource for EISA slot 4
[    0.638525] platform eisa.0: Cannot allocate resource for EISA slot 5
[    0.638526] platform eisa.0: Cannot allocate resource for EISA slot 6
[    0.638526] platform eisa.0: Cannot allocate resource for EISA slot 7
[    0.638527] platform eisa.0: Cannot allocate resource for EISA slot 8
[    0.638528] platform eisa.0: EISA: Detected 0 cards
[    0.638531] intel_pstate: CPU model not supported
[    0.638540] ledtrig-cpu: registered to indicate activity on CPUs
[    0.638589] drop_monitor: Initializing network drop monitor service
[    0.638749] NET: Registered protocol family 10
[    0.643868] Segment Routing with IPv6
[    0.643892] NET: Registered protocol family 17
[    0.643901] Key type dns_resolver registered
[    0.643901] RAS: Correctable Errors collector initialized.
[    0.643901] IPI shorthand broadcast: enabled
[    0.643901] sched_clock: Marking stable (636197943, 3703746)->(639558894, 342795)
[    0.644098] registered taskstats version 1
[    0.644109] Loading compiled-in X.509 certificates
[    0.644692] Loaded X.509 cert 'Build time autogenerated kernel key: 0a9e52cc6eb58eed9b63e328679db6d5d5216245'
[    0.644709] zswap: loaded using pool lzo/zbud
[    0.644762] Key type ._fscrypt registered
[    0.644763] Key type .fscrypt registered
[    0.649216] Key type big_key registered
[    0.651408] Key type encrypted registered
[    0.651410] AppArmor: AppArmor sha1 policy hashing enabled
[    0.651417] ima: No TPM chip found, activating TPM-bypass!
[    0.651420] ima: Allocated hash algorithm: sha1
[    0.651426] ima: No architecture policies found
[    0.651433] evm: Initialising EVM extended attributes:
[    0.651434] evm: security.selinux
[    0.651434] evm: security.SMACK64
[    0.651435] evm: security.SMACK64EXEC
[    0.651435] evm: security.SMACK64TRANSMUTE
[    0.651436] evm: security.SMACK64MMAP
[    0.651436] evm: security.apparmor
[    0.651436] evm: security.ima
[    0.651437] evm: security.capability
[    0.651438] evm: HMAC attrs: 0x1
[    0.651729] PM:   Magic number: 10:399:991
[    0.651837] rtc_cmos rtc_cmos: setting system clock to 2026-01-20T14:59:36 UTC (1768921176)
[    0.810069] ata1.00: ATA-6: VBOX HARDDISK, 1.0, max UDMA/133
[    0.810073] ata1.00: 209715200 sectors, multi 128: LBA 
[    0.810884] scsi 0:0:0:0: Direct-Access     ATA      VBOX HARDDISK    1.0  PQ: 0 ANSI: 5
[    0.811253] sd 0:0:0:0: [sda] 209715200 512-byte logical blocks: (107 GB/100 GiB)
[    0.811289] sd 0:0:0:0: [sda] Write Protect is off
[    0.811293] sd 0:0:0:0: [sda] Mode Sense: 00 3a 00 00
[    0.811320] sd 0:0:0:0: [sda] Write cache: enabled, read cache: enabled, doesn't support DPO or FUA
[    0.811625] sd 0:0:0:0: Attached scsi generic sg0 type 0
[    0.812938]  sda: sda1 sda2
[    0.823957] sd 0:0:0:0: [sda] Attached SCSI disk
[    0.828109] Freeing unused decrypted memory: 2040K
[    0.829259] Freeing unused kernel image memory: 2720K
[    0.829263] Write protecting the kernel read-only data: 22528k
[    0.830512] Freeing unused kernel image memory: 2036K
[    0.831199] Freeing unused kernel image memory: 1452K
[    0.863839] x86/mm: Checked W+X mappings: passed, no W+X pages found.
[    0.863842] Run /init as init process
[    0.965060] ACPI: Video Device [GFX0] (multi-head: yes  rom: no  post: no)
[    0.965130] input: Video Bus as /devices/LNXSYSTM:00/LNXSYBUS:00/PNP0A03:00/LNXVIDEO:00/input/input4
[    0.978548] pcnet32: pcnet32.c:v1.35 21.Apr.2008 tsbogend@alpha.franken.de
[    0.980158] piix4_smbus 0000:00:07.0: SMBus Host Controller at 0x4100, revision 0
[    0.982846] e1000: Intel(R) PRO/1000 Network Driver - version 7.3.21-k8-NAPI
[    0.982846] e1000: Copyright (c) 1999-2006 Intel Corporation.
[    1.000260] pcnet32: PCnet/FAST III 79C973 at 0xd020, 08:00:27:5f:e5:76 assigned IRQ 19
[    1.000442] pcnet32: Found PHY 0022:561b at address 0
[    1.001371] pcnet32: eth0: registered as PCnet/FAST III 79C973
[    1.011659] pcnet32: 1 cards_found
[    1.058905] pcnet32 0000:00:03.0 enp0s3: renamed from eth0
[    1.195136] input: ImExPS/2 Generic Explorer Mouse as /devices/platform/i8042/serio1/input/input5
[    1.391979] e1000 0000:00:08.0 eth0: (PCI:33MHz:32-bit) 08:00:27:ee:55:4c
[    1.391983] e1000 0000:00:08.0 eth0: Intel(R) PRO/1000 Network Connection
[    1.764002] e1000 0000:00:09.0 eth1: (PCI:33MHz:32-bit) 08:00:27:7d:22:45
[    1.764005] e1000 0000:00:09.0 eth1: Intel(R) PRO/1000 Network Connection
[    1.765122] e1000 0000:00:09.0 enp0s9: renamed from eth1
[    1.766889] e1000 0000:00:08.0 enp0s8: renamed from eth0
[    1.822245] EXT4-fs (sda2): mounted filesystem with ordered data mode. Opts: (null)
[    1.908309] systemd[1]: Inserted module 'autofs4'
[    1.921249] systemd[1]: systemd 245.4-4ubuntu3 running in system mode. (+PAM +AUDIT +SELINUX +IMA +APPARMOR +SMACK +SYSVINIT +UTMP +LIBCRYPTSETUP +GCRYPT +GNUTLS +ACL +XZ +LZ4 +SECCOMP +BLKID +ELFUTILS +KMOD +IDN2 -IDN +PCRE2 default-hierarchy=hybrid)
[    1.921288] systemd[1]: Detected virtualization oracle.
[    1.921297] systemd[1]: Detected architecture x86-64.
[    1.922904] systemd[1]: Set hostname to <ztg>.
[    2.061527] systemd[1]: /lib/systemd/system/dbus.socket:5: ListenStream= references a path below legacy directory /var/run/, updating /var/run/dbus/system_bus_socket â†’ /run/dbus/system_bus_socket; please update the unit file accordingly.
[    2.122749] systemd[1]: Created slice system-modprobe.slice.
[    2.123012] systemd[1]: Created slice User and Session Slice.
[    2.123076] systemd[1]: Started Forward Password Requests to Wall Directory Watch.
[    2.123280] systemd[1]: Set up automount Arbitrary Executable File Formats File System Automount Point.
[    2.123323] systemd[1]: Reached target User and Group Name Lookups.
[    2.123337] systemd[1]: Reached target Remote File Systems.
[    2.123347] systemd[1]: Reached target Slices.
[    2.123995] systemd[1]: Listening on Syslog Socket.
[    2.124089] systemd[1]: Listening on fsck to fsckd communication Socket.
[    2.124142] systemd[1]: Listening on initctl Compatibility Named Pipe.
[    2.124330] systemd[1]: Listening on Journal Audit Socket.
[    2.124409] systemd[1]: Listening on Journal Socket (/dev/log).
[    2.124509] systemd[1]: Listening on Journal Socket.
[    2.124598] systemd[1]: Listening on udev Control Socket.
[    2.124654] systemd[1]: Listening on udev Kernel Socket.
[    2.125645] systemd[1]: Mounting Huge Pages File System...
[    2.126818] systemd[1]: Mounting POSIX Message Queue File System...
[    2.127937] systemd[1]: Mounting Kernel Debug File System...
[    2.129041] systemd[1]: Mounting Kernel Trace File System...
[    2.153125] systemd[1]: Starting Journal Service...
[    2.163319] systemd[1]: Starting Set the console keyboard layout...
[    2.170325] systemd[1]: Starting Create list of static device nodes for the current kernel...
[    2.171582] systemd[1]: Starting Load Kernel Module drm...
[    2.179887] systemd[1]: Condition check resulted in Set Up Additional Binary Formats being skipped.
[    2.179927] systemd[1]: Condition check resulted in File System Check on Root Device being skipped.
[    2.185710] systemd[1]: Starting Load Kernel Modules...
[    2.192025] systemd[1]: Starting Remount Root and Kernel File Systems...
[    2.213010] systemd[1]: Starting udev Coldplug all Devices...
[    2.242956] systemd[1]: Starting Uncomplicated firewall...
[    2.245524] EXT4-fs (sda2): re-mounted. Opts: errors=remount-ro
[    2.251575] systemd[1]: Mounted Huge Pages File System.
[    2.251680] systemd[1]: Mounted POSIX Message Queue File System.
[    2.251920] systemd[1]: Mounted Kernel Debug File System.
[    2.253169] systemd[1]: Mounted Kernel Trace File System.
[    2.253534] systemd[1]: Finished Create list of static device nodes for the current kernel.
[    2.253771] systemd[1]: modprobe@drm.service: Succeeded.
[    2.257292] systemd[1]: Finished Load Kernel Module drm.
[    2.257695] systemd[1]: Finished Remount Root and Kernel File Systems.
[    2.258024] systemd[1]: Finished Uncomplicated firewall.
[    2.258704] systemd[1]: Condition check resulted in Rebuild Hardware Database being skipped.
[    2.258758] systemd[1]: Condition check resulted in Platform Persistent Storage Archival being skipped.
[    2.259669] systemd[1]: Starting Load/Save Random Seed...
[    2.265979] lp: driver loaded but no devices found
[    2.271624] systemd[1]: Starting Create System Users...
[    2.298033] ppdev: user-space parallel port driver
[    2.301375] systemd[1]: Finished Load/Save Random Seed.
[    2.310442] systemd[1]: Finished Create System Users.
[    2.311255] systemd[1]: Starting Create Static Device Nodes in /dev...
[    2.344063] systemd[1]: Finished Create Static Device Nodes in /dev.
[    2.344945] systemd[1]: Starting udev Kernel Device Manager...
[    2.378985] systemd[1]: Finished udev Coldplug all Devices.
[    2.382953] [drm] DMA map mode: Caching DMA mappings.
[    2.383014] [drm] Capabilities:
[    2.383015] [drm]   Rect copy.
[    2.383015] [drm]   Cursor.
[    2.383015] [drm]   Cursor bypass.
[    2.383016] [drm]   Cursor bypass 2.
[    2.383016] [drm]   Alpha cursor.
[    2.383016] [drm]   Extended Fifo.
[    2.383017] [drm]   Pitchlock.
[    2.383017] [drm]   Irq mask.
[    2.383017] [drm]   GMR.
[    2.383018] [drm]   Traces.
[    2.383018] [drm]   GMR2.
[    2.383018] [drm]   Screen Object 2.
[    2.383019] [drm]   Command Buffers.
[    2.383019] [drm]   Command Buffers 2.
[    2.383020] [drm]   Guest Backed Resources.
[    2.383021] [drm] Max GMR ids is 8192
[    2.383021] [drm] Max number of GMR pages is 1048576
[    2.383022] [drm] Max dedicated hypervisor surface memory is 393216 kiB
[    2.383022] [drm] Maximum display memory size is 131072 kiB
[    2.383023] [drm] VRAM at 0xe0000000 size is 131072 kiB
[    2.383024] [drm] MMIO at 0xf0000000 size is 2048 kiB
[    2.384670] [TTM] Zone  kernel: Available graphics memory: 1011744 KiB
[    2.384671] [TTM] Initializing pool allocator
[    2.384675] [TTM] Initializing DMA pool allocator
[    2.384707] [drm] Supports vblank timestamp caching Rev 2 (21.10.2013).
[    2.384707] [drm] No driver support for vblank timestamp query.
[    2.384966] [drm] Screen Target Display device initialized
[    2.385197] [drm] width 720
[    2.385205] [drm] height 400
[    2.385209] [drm] bpp 32
[    2.385743] [drm] Fifo max 0x00200000 min 0x00001000 cap 0x00000355
[    2.386812] [drm] Using command buffers with DMA pool.
[    2.386816] [drm] DX: no.
[    2.386816] [drm] Atomic: yes.
[    2.386817] [drm] SM4_1: no.
[    2.386838] [drm:vmw_host_log [vmwgfx]] *ERROR* Failed to send host log message.
[    2.387717] [drm:vmw_host_log [vmwgfx]] *ERROR* Failed to send host log message.
[    2.404490] fbcon: svgadrmfb (fb0) is primary device
[    2.407996] Console: switching to colour frame buffer device 100x37
[    2.416884] [drm] Initialized vmwgfx 2.15.0 20180704 for 0000:00:02.0 on minor 0
[    2.419083] systemd[1]: Finished Load Kernel Modules.
[    2.420080] systemd[1]: Mounting FUSE Control File System...
[    2.421222] systemd[1]: Mounting Kernel Configuration File System...
[    2.433253] systemd[1]: Starting Apply Kernel Variables...
[    2.447670] systemd[1]: Mounted FUSE Control File System.
[    2.466901] systemd[1]: Mounted Kernel Configuration File System.
[    2.466982] systemd[1]: Condition check resulted in VMware vmblock fuse mount being skipped.
[    2.473294] systemd[1]: Finished Set the console keyboard layout.
[    2.473396] systemd[1]: Reached target Local File Systems (Pre).
[    2.475375] systemd[1]: Mounting Mount unit for bare, revision 5...
[    2.477446] systemd[1]: Mounting Mount unit for core18, revision 1705...
[    2.497152] systemd[1]: Mounting Mount unit for gnome-3-34-1804, revision 24...
[    2.500657] systemd[1]: Mounting Mount unit for gtk-common-themes, revision 1506...
[    2.505282] systemd[1]: Mounting Mount unit for gtk-common-themes, revision 1535...
[    2.530459] systemd[1]: Mounting Mount unit for snap-store, revision 433...
[    2.536997] systemd[1]: Mounting Mount unit for snapd, revision 25935...
[    2.546324] systemd[1]: Finished Apply Kernel Variables.
[    2.553029] systemd[1]: Mounted Mount unit for bare, revision 5.
[    2.558029] systemd[1]: Mounted Mount unit for core18, revision 1705.
[    2.558119] systemd[1]: Mounted Mount unit for gnome-3-34-1804, revision 24.
[    2.569992] systemd[1]: Mounted Mount unit for gtk-common-themes, revision 1506.
[    2.570701] systemd[1]: Started udev Kernel Device Manager.
[    2.571484] systemd[1]: Starting Show Plymouth Boot Screen...
[    2.576401] systemd[1]: Received SIGRTMIN+20 from PID 277 (plymouthd).
[    2.595877] systemd[1]: Mounted Mount unit for gtk-common-themes, revision 1535.
[    2.596200] systemd[1]: Started Show Plymouth Boot Screen.
[    2.596385] systemd[1]: Condition check resulted in Dispatch Password Requests to Console Directory Watch being skipped.
[    2.596469] systemd[1]: Started Forward Password Requests to Plymouth Directory Watch.
[    2.596554] systemd[1]: Reached target Local Encrypted Volumes.
[    2.630897] systemd[1]: Mounted Mount unit for snap-store, revision 433.
[    2.631147] systemd[1]: Mounted Mount unit for snapd, revision 25935.
[    2.632783] systemd[1]: Reached target Local File Systems.
[    2.633655] systemd[1]: Starting Load AppArmor profiles...
[    2.636851] systemd[1]: Starting Set console font and keymap...
[    2.650050] systemd[1]: Starting Tell Plymouth To Write Out Runtime Data...
[    2.650171] systemd[1]: Condition check resulted in Store a System Token in an EFI Variable being skipped.
[    2.650222] systemd[1]: Condition check resulted in Commit a transient machine-id on disk being skipped.
[    2.654247] systemd[1]: Finished Set console font and keymap.
[    2.662506] systemd[1]: Received SIGRTMIN+20 from PID 277 (plymouthd).
[    2.663283] systemd[1]: plymouth-read-write.service: Succeeded.
[    2.663569] systemd[1]: Finished Tell Plymouth To Write Out Runtime Data.
[    2.682898] audit: type=1400 audit(1768921178.528:2): apparmor="STATUS" operation="profile_load" profile="unconfined" name="nvidia_modprobe" pid=302 comm="apparmor_parser"
[    2.682901] audit: type=1400 audit(1768921178.528:3): apparmor="STATUS" operation="profile_load" profile="unconfined" name="nvidia_modprobe//kmod" pid=302 comm="apparmor_parser"
[    2.693577] audit: type=1400 audit(1768921178.536:4): apparmor="STATUS" operation="profile_load" profile="unconfined" name="/usr/sbin/tcpdump" pid=303 comm="apparmor_parser"
[    2.739068] audit: type=1400 audit(1768921178.576:5): apparmor="STATUS" operation="profile_load" profile="unconfined" name="/usr/bin/evince" pid=305 comm="apparmor_parser"
[    2.739070] audit: type=1400 audit(1768921178.576:6): apparmor="STATUS" operation="profile_load" profile="unconfined" name="/usr/bin/evince//sanitized_helper" pid=305 comm="apparmor_parser"
[    2.739073] audit: type=1400 audit(1768921178.576:7): apparmor="STATUS" operation="profile_load" profile="unconfined" name="/usr/bin/evince-previewer" pid=305 comm="apparmor_parser"
[    2.739074] audit: type=1400 audit(1768921178.576:8): apparmor="STATUS" operation="profile_load" profile="unconfined" name="/usr/bin/evince-previewer//sanitized_helper" pid=305 comm="apparmor_parser"
[    2.739076] audit: type=1400 audit(1768921178.576:9): apparmor="STATUS" operation="profile_load" profile="unconfined" name="/usr/bin/evince-thumbnailer" pid=305 comm="apparmor_parser"
[    2.754926] audit: type=1400 audit(1768921178.600:10): apparmor="STATUS" operation="profile_load" profile="unconfined" name="/usr/lib/cups/backend/cups-pdf" pid=306 comm="apparmor_parser"
[    2.836901] systemd[1]: Finished Load AppArmor profiles.
[    2.837822] systemd[1]: Starting Load AppArmor profiles managed internally by snapd...
[    2.969098] systemd[1]: Finished Load AppArmor profiles managed internally by snapd.
[    3.160263] systemd[1]: Started Journal Service.
[    3.170259] systemd-journald[228]: Received client request to flush runtime journal.
[    4.514985] RAPL PMU: API unit is 2^-32 Joules, 0 fixed counters, 10737418240 ms ovfl timer
[    4.595105] cryptd: max_cpu_qlen set to 1000
[    4.646078] AVX2 version of gcm_enc/dec engaged.
[    4.646079] AES CTR mode by8 optimization enabled
[    6.476544] Adding 1998844k swap on /dev/sda1.  Priority:-2 extents:1 across:1998844k FS
[    7.787971] kauditd_printk_skb: 30 callbacks suppressed
[    7.787972] audit: type=1400 audit(1768921183.628:41): apparmor="DENIED" operation="capable" profile="/usr/sbin/cups-browsed" pid=513 comm="cups-browsed" capability=23  capname="sys_nice"
[    8.891093] pcnet32 0000:00:03.0 enp0s3: link up, 100Mbps, full-duplex
[    8.925398] e1000: enp0s8 NIC Link is Up 1000 Mbps Full Duplex, Flow Control: RX
[    8.925690] IPv6: ADDRCONF(NETDEV_CHANGE): enp0s8: link becomes ready
[    8.956145] e1000: enp0s9 NIC Link is Up 1000 Mbps Full Duplex, Flow Control: RX
[    8.956438] IPv6: ADDRCONF(NETDEV_CHANGE): enp0s9: link becomes ready
[    9.570900] device enp0s3 entered promiscuous mode
[    9.600545] audit: type=1400 audit(1768921185.436:42): apparmor="DENIED" operation="open" profile="/usr/sbin/tcpdump" name="/proc/sys/kernel/random/boot_id" pid=641 comm="tcpdump" requested_mask="r" denied_mask="r" fsuid=0 ouid=0
[    9.600778] audit: type=1400 audit(1768921185.436:43): apparmor="DENIED" operation="open" profile="/usr/sbin/tcpdump" name="/proc/sys/kernel/random/boot_id" pid=641 comm="tcpdump" requested_mask="r" denied_mask="r" fsuid=0 ouid=0
[    9.600819] audit: type=1400 audit(1768921185.436:44): apparmor="DENIED" operation="open" profile="/usr/sbin/tcpdump" name="/proc/sys/kernel/random/boot_id" pid=641 comm="tcpdump" requested_mask="r" denied_mask="r" fsuid=0 ouid=0
[    9.600918] audit: type=1400 audit(1768921185.436:45): apparmor="DENIED" operation="open" profile="/usr/sbin/tcpdump" name="/proc/sys/kernel/random/boot_id" pid=641 comm="tcpdump" requested_mask="r" denied_mask="r" fsuid=0 ouid=0
[    9.605100] audit: type=1400 audit(1768921185.452:46): apparmor="DENIED" operation="open" profile="/usr/sbin/tcpdump" name="/proc/sys/kernel/random/boot_id" pid=642 comm="tcpdump" requested_mask="r" denied_mask="r" fsuid=0 ouid=0
[    9.605173] audit: type=1400 audit(1768921185.452:47): apparmor="DENIED" operation="open" profile="/usr/sbin/tcpdump" name="/proc/sys/kernel/random/boot_id" pid=642 comm="tcpdump" requested_mask="r" denied_mask="r" fsuid=0 ouid=0
[    9.605212] audit: type=1400 audit(1768921185.452:48): apparmor="DENIED" operation="open" profile="/usr/sbin/tcpdump" name="/proc/sys/kernel/random/boot_id" pid=642 comm="tcpdump" requested_mask="r" denied_mask="r" fsuid=0 ouid=0
[    9.605229] audit: type=1400 audit(1768921185.452:49): apparmor="DENIED" operation="open" profile="/usr/sbin/tcpdump" name="/proc/sys/kernel/random/boot_id" pid=642 comm="tcpdump" requested_mask="r" denied_mask="r" fsuid=0 ouid=0
[   15.642104] rfkill: input handler disabled
[  374.858848] AAAAA-TCP_FORW: name:enp0s3: saddr:100932208: daddr:16783984
[  375.318573] AAAAA-TCP_FORW: name:enp0s3: saddr:100932208: daddr:16783984
[  375.412192] AAAAA-TCP_FORW: name:enp0s3: saddr:100932208: daddr:16783984
[  375.968757] AAAAA-TCP_FORW: name:enp0s3: saddr:100932208: daddr:16783984
[  376.079689] AAAAA-TCP_FORW: name:enp0s3: saddr:100932208: daddr:16783984
[  376.634559] AAAAA-TCP_FORW: name:enp0s3: saddr:100932208: daddr:16783984
[  377.041424] AAAAA-TCP_FORW: name:enp0s3: saddr:100932208: daddr:16783984
[  378.309098] AAAAA-TCP_FORW: name:enp0s3: saddr:100932208: daddr:16783984
[  378.491079] AAAAA-TCP_FORW: name:enp0s3: saddr:100932208: daddr:16783984
[  378.575106] AAAAA-TCP_FORW: name:enp0s3: saddr:100932208: daddr:16783984
[  378.654011] AAAAA-TCP_FORW: name:enp0s3: saddr:100932208: daddr:16783984
[  378.756325] AAAAA-TCP_FORW: name:enp0s3: saddr:100932208: daddr:16783984
[  378.807744] AAAAA-TCP_FORW: name:enp0s3: saddr:100932208: daddr:16783984
[  378.875578] AAAAA-TCP_FORW: name:enp0s3: saddr:100932208: daddr:16783984
[  378.949082] AAAAA-TCP_FORW: name:enp0s3: saddr:100932208: daddr:16783984
[  379.018542] AAAAA-TCP_FORW: name:enp0s3: saddr:100932208: daddr:16783984
[  379.110382] AAAAA-TCP_FORW: name:enp0s3: saddr:100932208: daddr:16783984
[  379.179628] AAAAA-TCP_FORW: name:enp0s3: saddr:100932208: daddr:16783984
[  379.265073] AAAAA-TCP_FORW: name:enp0s3: saddr:100932208: daddr:16783984
[  379.355213] AAAAA-TCP_FORW: name:enp0s3: saddr:100932208: daddr:16783984
[  379.401001] AAAAA-TCP_FORW: name:enp0s3: saddr:100932208: daddr:16783984
[  379.454728] AAAAA-TCP_FORW: name:enp0s3: saddr:100932208: daddr:16783984
[  379.560820] AAAAA-TCP_FORW: name:enp0s3: saddr:100932208: daddr:16783984
[  379.595986] AAAAA-TCP_FORW: name:enp0s3: saddr:100932208: daddr:16783984
[  379.692222] AAAAA-TCP_FORW: name:enp0s3: saddr:100932208: daddr:16783984
[  379.770111] AAAAA-TCP_FORW: name:enp0s3: saddr:100932208: daddr:16783984
[  379.781284] AAAAA-TCP_FORW: name:enp0s3: saddr:100932208: daddr:16783984
[  379.834326] AAAAA-TCP_FORW: name:enp0s3: saddr:100932208: daddr:16783984
[  379.935322] AAAAA-TCP_FORW: name:enp0s3: saddr:100932208: daddr:16783984
[  380.032155] AAAAA-TCP_FORW: name:enp0s3: saddr:100932208: daddr:16783984
[  380.086443] AAAAA-TCP_FORW: name:enp0s3: saddr:100932208: daddr:16783984
[  380.139736] AAAAA-TCP_FORW: name:enp0s3: saddr:100932208: daddr:16783984
[  380.190709] AAAAA-TCP_FORW: name:enp0s3: saddr:100932208: daddr:16783984
[  380.299666] AAAAA-TCP_FORW: name:enp0s3: saddr:100932208: daddr:16783984
[  380.390305] AAAAA-TCP_FORW: name:enp0s3: saddr:100932208: daddr:16783984
[  380.430795] AAAAA-TCP_FORW: name:enp0s3: saddr:100932208: daddr:16783984
[  380.575051] AAAAA-TCP_FORW: name:enp0s3: saddr:100932208: daddr:16783984
[  380.620255] AAAAA-TCP_FORW: name:enp0s3: saddr:100932208: daddr:16783984
[  380.682592] AAAAA-TCP_FORW: name:enp0s3: saddr:100932208: daddr:16783984
[  380.739805] AAAAA-TCP_FORW: name:enp0s3: saddr:100932208: daddr:16783984
[  380.814075] AAAAA-TCP_FORW: name:enp0s3: saddr:100932208: daddr:16783984
[  380.878133] AAAAA-TCP_FORW: name:enp0s3: saddr:100932208: daddr:16783984
[  380.955453] AAAAA-TCP_FORW: name:enp0s3: saddr:100932208: daddr:16783984
[  380.981020] AAAAA-TCP_FORW: name:enp0s3: saddr:100932208: daddr:16783984
[  381.068590] AAAAA-TCP_FORW: name:enp0s3: saddr:100932208: daddr:16783984
[  381.104642] AAAAA-TCP_FORW: name:enp0s3: saddr:100932208: daddr:16783984
[  381.152261] AAAAA-TCP_FORW: name:enp0s3: saddr:100932208: daddr:16783984
[  381.203411] AAAAA-TCP_FORW: name:enp0s3: saddr:100932208: daddr:16783984
[  381.234665] AAAAA-TCP_FORW: name:enp0s3: saddr:100932208: daddr:16783984
[  381.284445] AAAAA-TCP_FORW: name:enp0s3: saddr:100932208: daddr:16783984
[  381.403915] AAAAA-TCP_FORW: name:enp0s3: saddr:100932208: daddr:16783984
[  381.474261] AAAAA-TCP_FORW: name:enp0s3: saddr:100932208: daddr:16783984
[  381.539333] AAAAA-TCP_FORW: name:enp0s3: saddr:100932208: daddr:16783984
[  381.614687] AAAAA-TCP_FORW: name:enp0s3: saddr:100932208: daddr:16783984
[  381.645070] AAAAA-TCP_FORW: name:enp0s3: saddr:100932208: daddr:16783984
[  381.724706] AAAAA-TCP_FORW: name:enp0s3: saddr:100932208: daddr:16783984
[  381.755876] AAAAA-TCP_FORW: name:enp0s3: saddr:100932208: daddr:16783984
[  381.786450] AAAAA-TCP_FORW: name:enp0s3: saddr:100932208: daddr:16783984
[  381.845016] AAAAA-TCP_FORW: name:enp0s3: saddr:100932208: daddr:16783984
[  381.911857] AAAAA-TCP_FORW: name:enp0s3: saddr:100932208: daddr:16783984
[  381.950324] AAAAA-TCP_FORW: name:enp0s3: saddr:100932208: daddr:16783984
[  382.001720] AAAAA-TCP_FORW: name:enp0s3: saddr:100932208: daddr:16783984
[  382.080328] AAAAA-TCP_FORW: name:enp0s3: saddr:100932208: daddr:16783984
[  382.147266] AAAAA-TCP_FORW: name:enp0s3: saddr:100932208: daddr:16783984
[  382.178813] AAAAA-TCP_FORW: name:enp0s3: saddr:100932208: daddr:16783984
[  382.239367] AAAAA-TCP_FORW: name:enp0s3: saddr:100932208: daddr:16783984
[  382.338420] AAAAA-TCP_FORW: name:enp0s3: saddr:100932208: daddr:16783984
[  382.410770] AAAAA-TCP_FORW: name:enp0s3: saddr:100932208: daddr:16783984
[  382.429385] AAAAA-TCP_FORW: name:enp0s3: saddr:100932208: daddr:16783984
[  382.519487] AAAAA-TCP_FORW: name:enp0s3: saddr:100932208: daddr:16783984
[  382.597093] AAAAA-TCP_FORW: name:enp0s3: saddr:100932208: daddr:16783984
[  382.681796] AAAAA-TCP_FORW: name:enp0s3: saddr:100932208: daddr:16783984
[  382.755497] AAAAA-TCP_FORW: name:enp0s3: saddr:100932208: daddr:16783984
[  382.799088] AAAAA-TCP_FORW: name:enp0s3: saddr:100932208: daddr:16783984
[  382.860576] AAAAA-TCP_FORW: name:enp0s3: saddr:100932208: daddr:16783984
[  382.891621] AAAAA-TCP_FORW: name:enp0s3: saddr:100932208: daddr:16783984
[  382.929298] AAAAA-TCP_FORW: name:enp0s3: saddr:100932208: daddr:16783984
[  382.955701] AAAAA-TCP_FORW: name:enp0s3: saddr:100932208: daddr:16783984
[  383.025441] AAAAA-TCP_FORW: name:enp0s3: saddr:100932208: daddr:16783984
[  383.038443] AAAAA-TCP_FORW: name:enp0s3: saddr:100932208: daddr:16783984
[  383.129716] AAAAA-TCP_FORW: name:enp0s3: saddr:100932208: daddr:16783984
[  383.532788] AAAAA-TCP_FORW: name:enp0s3: saddr:100932208: daddr:16783984
[  402.942309] AAAAA-TCP_FORW: name:enp0s3: saddr:100932208: daddr:16783984
[  403.064708] AAAAA-TCP_FORW: name:enp0s3: saddr:100932208: daddr:16783984
[  403.127425] AAAAA-TCP_FORW: name:enp0s3: saddr:100932208: daddr:16783984
[  403.186560] AAAAA-TCP_FORW: name:enp0s3: saddr:100932208: daddr:16783984
[  403.311700] AAAAA-TCP_FORW: name:enp0s3: saddr:100932208: daddr:16783984
[  403.400479] AAAAA-TCP_FORW: name:enp0s3: saddr:100932208: daddr:16783984
[  403.522824] AAAAA-TCP_FORW: name:enp0s3: saddr:100932208: daddr:16783984
[  403.651692] AAAAA-TCP_FORW: name:enp0s3: saddr:100932208: daddr:16783984
[  403.735295] AAAAA-TCP_FORW: name:enp0s3: saddr:100932208: daddr:16783984
[  403.799743] AAAAA-TCP_FORW: name:enp0s3: saddr:100932208: daddr:16783984
[  404.190014] AAAAA-TCP_FORW: name:enp0s3: saddr:100932208: daddr:16783984
[  404.255471] AAAAA-TCP_FORW: name:enp0s3: saddr:100932208: daddr:16783984
[  404.346749] AAAAA-TCP_FORW: name:enp0s3: saddr:100932208: daddr:16783984
[  404.374541] AAAAA-TCP_FORW: name:enp0s3: saddr:100932208: daddr:16783984
[  404.518815] AAAAA-TCP_FORW: name:enp0s3: saddr:100932208: daddr:16783984
[  404.665708] AAAAA-TCP_FORW: name:enp0s3: saddr:100932208: daddr:16783984
[  404.742104] AAAAA-TCP_FORW: name:enp0s3: saddr:100932208: daddr:16783984
[  404.849000] AAAAA-TCP_FORW: name:enp0s3: saddr:100932208: daddr:16783984
[  405.324732] AAAAA-TCP_FORW: name:enp0s3: saddr:100932208: daddr:16783984
[  405.349434] AAAAA-TCP_FORW: name:enp0s3: saddr:100932208: daddr:16783984
[  405.464818] AAAAA-TCP_FORW: name:enp0s3: saddr:100932208: daddr:16783984
[  405.575667] AAAAA-TCP_FORW: name:enp0s3: saddr:100932208: daddr:16783984
[  405.692835] AAAAA-TCP_FORW: name:enp0s3: saddr:100932208: daddr:16783984
[  405.705548] AAAAA-TCP_FORW: name:enp0s3: saddr:16783984: daddr:100932208
[  405.747161] AAAAA-TCP_FORW: name:enp0s3: saddr:100932208: daddr:16783984
[  405.808967] AAAAA-TCP_FORW: name:enp0s3: saddr:100932208: daddr:16783984
[  405.834296] AAAAA-TCP_FORW: name:enp0s3: saddr:16783984: daddr:100932208
[  405.836978] AAAAA-TCP_FORW: name:enp0s3: saddr:100932208: daddr:16783984
[  405.911684] AAAAA-TCP_FORW: name:enp0s3: saddr:100932208: daddr:16783984
[  405.947020] AAAAA-TCP_FORW: name:enp0s3: saddr:16783984: daddr:100932208
[  405.954476] AAAAA-TCP_FORW: name:enp0s3: saddr:100932208: daddr:16783984
[  406.004003] AAAAA-TCP_FORW: name:enp0s3: saddr:100932208: daddr:16783984
[  406.058890] AAAAA-TCP_FORW: name:enp0s3: saddr:100932208: daddr:16783984
[  406.106593] AAAAA-TCP_FORW: name:enp0s3: saddr:16783984: daddr:100932208
[  406.123246] AAAAA-TCP_FORW: name:enp0s3: saddr:100932208: daddr:16783984
[  406.155749] AAAAA-TCP_FORW: name:enp0s3: saddr:100932208: daddr:16783984
[  406.292794] AAAAA-TCP_FORW: name:enp0s3: saddr:100932208: daddr:16783984
[  406.313487] AAAAA-TCP_FORW: name:enp0s3: saddr:16783984: daddr:100932208
[  406.320956] AAAAA-TCP_FORW: name:enp0s3: saddr:100932208: daddr:16783984
[  406.413655] AAAAA-TCP_FORW: name:enp0s3: saddr:16783984: daddr:100932208
[  406.488820] AAAAA-TCP_FORW: name:enp0s3: saddr:100932208: daddr:16783984
[  406.540698] AAAAA-TCP_FORW: name:enp0s3: saddr:100932208: daddr:16783984
[  406.575425] AAAAA-TCP_FORW: name:enp0s3: saddr:16783984: daddr:100932208
[  406.696824] AAAAA-TCP_FORW: name:enp0s3: saddr:100932208: daddr:16783984
[  406.721345] AAAAA-TCP_FORW: name:enp0s3: saddr:100932208: daddr:16783984
[  406.785898] AAAAA-TCP_FORW: name:enp0s3: saddr:16783984: daddr:100932208
[  406.825915] AAAAA-TCP_FORW: name:enp0s3: saddr:100932208: daddr:16783984
[  406.854647] AAAAA-TCP_FORW: name:enp0s3: saddr:16783984: daddr:100932208
[  406.894756] AAAAA-TCP_FORW: name:enp0s3: saddr:100932208: daddr:16783984
[  407.108363] AAAAA-TCP_FORW: name:enp0s3: saddr:100932208: daddr:16783984
[  407.124766] AAAAA-TCP_FORW: name:enp0s3: saddr:16783984: daddr:100932208
[  407.165068] AAAAA-TCP_FORW: name:enp0s3: saddr:100932208: daddr:16783984
[  407.266591] AAAAA-TCP_FORW: name:enp0s3: saddr:16783984: daddr:100932208
[  407.345000] AAAAA-TCP_FORW: name:enp0s3: saddr:100932208: daddr:16783984
[  407.383344] AAAAA-TCP_FORW: name:enp0s3: saddr:100932208: daddr:16783984
[  407.465032] AAAAA-TCP_FORW: name:enp0s3: saddr:100932208: daddr:16783984
[  407.474822] AAAAA-TCP_FORW: name:enp0s3: saddr:16783984: daddr:100932208
[  407.514675] AAAAA-TCP_FORW: name:enp0s3: saddr:100932208: daddr:16783984
[  407.575060] AAAAA-TCP_FORW: name:enp0s3: saddr:100932208: daddr:16783984
[  407.600178] AAAAA-TCP_FORW: name:enp0s3: saddr:100932208: daddr:16783984
[  407.727797] AAAAA-TCP_FORW: name:enp0s3: saddr:16783984: daddr:100932208
[  407.762785] AAAAA-TCP_FORW: name:enp0s3: saddr:100932208: daddr:16783984
[  407.882929] AAAAA-TCP_FORW: name:enp0s3: saddr:100932208: daddr:16783984
[  407.975602] AAAAA-TCP_FORW: name:enp0s3: saddr:100932208: daddr:16783984
[  408.022556] AAAAA-TCP_FORW: name:enp0s3: saddr:16783984: daddr:100932208
[  408.040470] AAAAA-TCP_FORW: name:enp0s3: saddr:100932208: daddr:16783984
[  408.051503] AAAAA-TCP_FORW: name:enp0s3: saddr:16783984: daddr:100932208
[  408.244744] AAAAA-TCP_FORW: name:enp0s3: saddr:100932208: daddr:16783984
[  408.256764] AAAAA-TCP_FORW: name:enp0s3: saddr:16783984: daddr:100932208
[  408.278477] AAAAA-TCP_FORW: name:enp0s3: saddr:100932208: daddr:16783984
[  408.301193] AAAAA-TCP_FORW: name:enp0s3: saddr:16783984: daddr:100932208
[  408.400415] AAAAA-TCP_FORW: name:enp0s3: saddr:16783984: daddr:100932208
[  408.444056] AAAAA-TCP_FORW: name:enp0s3: saddr:100932208: daddr:16783984
[  408.590179] AAAAA-TCP_FORW: name:enp0s3: saddr:16783984: daddr:100932208
[  408.691534] AAAAA-TCP_FORW: name:enp0s3: saddr:16783984: daddr:100932208
[  408.775134] AAAAA-TCP_FORW: name:enp0s3: saddr:100932208: daddr:16783984
[  408.777291] AAAAA-TCP_FORW: name:enp0s3: saddr:16783984: daddr:100932208
[  408.790207] AAAAA-TCP_FORW: name:enp0s3: saddr:100932208: daddr:16783984
[  408.927507] AAAAA-TCP_FORW: name:enp0s3: saddr:16783984: daddr:100932208
[  408.967377] AAAAA-TCP_FORW: name:enp0s3: saddr:100932208: daddr:16783984
[  409.065970] AAAAA-TCP_FORW: name:enp0s3: saddr:16783984: daddr:100932208
[  409.115101] AAAAA-TCP_FORW: name:enp0s3: saddr:16783984: daddr:100932208
[  409.364716] AAAAA-TCP_FORW: name:enp0s3: saddr:16783984: daddr:100932208
[  409.441369] AAAAA-TCP_FORW: name:enp0s3: saddr:16783984: daddr:100932208
[  409.511737] AAAAA-TCP_FORW: name:enp0s3: saddr:100932208: daddr:16783984
[  409.545106] AAAAA-TCP_FORW: name:enp0s3: saddr:100932208: daddr:16783984
[  409.585065] AAAAA-TCP_FORW: name:enp0s3: saddr:100932208: daddr:16783984
[  409.778650] AAAAA-TCP_FORW: name:enp0s3: saddr:16783984: daddr:100932208
[  409.882624] AAAAA-TCP_FORW: name:enp0s3: saddr:100932208: daddr:16783984
[  409.930485] AAAAA-TCP_FORW: name:enp0s3: saddr:100932208: daddr:16783984
[  410.051598] AAAAA-TCP_FORW: name:enp0s3: saddr:16783984: daddr:100932208
[  410.144928] AAAAA-TCP_FORW: name:enp0s3: saddr:100932208: daddr:16783984
[  410.228619] AAAAA-TCP_FORW: name:enp0s3: saddr:100932208: daddr:16783984
[  410.244452] AAAAA-TCP_FORW: name:enp0s3: saddr:16783984: daddr:100932208
[  410.300632] AAAAA-TCP_FORW: name:enp0s3: saddr:100932208: daddr:16783984
[  410.386319] AAAAA-TCP_FORW: name:enp0s3: saddr:16783984: daddr:100932208
[  410.456554] AAAAA-TCP_FORW: name:enp0s3: saddr:100932208: daddr:16783984
[  410.572874] AAAAA-TCP_FORW: name:enp0s3: saddr:16783984: daddr:100932208
[  410.674815] AAAAA-TCP_FORW: name:enp0s3: saddr:16783984: daddr:100932208
[  410.786903] AAAAA-TCP_FORW: name:enp0s3: saddr:16783984: daddr:100932208
[  410.905655] AAAAA-TCP_FORW: name:enp0s3: saddr:100932208: daddr:16783984
[  410.949382] AAAAA-TCP_FORW: name:enp0s3: saddr:100932208: daddr:16783984
[  411.053567] AAAAA-TCP_FORW: name:enp0s3: saddr:100932208: daddr:16783984
[  411.066108] AAAAA-TCP_FORW: name:enp0s3: saddr:16783984: daddr:100932208
[  411.127263] AAAAA-TCP_FORW: name:enp0s3: saddr:100932208: daddr:16783984
[  411.143164] AAAAA-TCP_FORW: name:enp0s3: saddr:16783984: daddr:100932208
[  411.174066] AAAAA-TCP_FORW: name:enp0s3: saddr:100932208: daddr:16783984
[  411.193437] AAAAA-TCP_FORW: name:enp0s3: saddr:16783984: daddr:100932208
[  411.256714] AAAAA-TCP_FORW: name:enp0s3: saddr:100932208: daddr:16783984
[  411.267294] AAAAA-TCP_FORW: name:enp0s3: saddr:16783984: daddr:100932208
[  411.296873] AAAAA-TCP_FORW: name:enp0s3: saddr:100932208: daddr:16783984
[  411.306268] AAAAA-TCP_FORW: name:enp0s3: saddr:16783984: daddr:100932208
[  411.358795] AAAAA-TCP_FORW: name:enp0s3: saddr:100932208: daddr:16783984
[  411.405385] AAAAA-TCP_FORW: name:enp0s3: saddr:100932208: daddr:16783984
[  411.437048] AAAAA-TCP_FORW: name:enp0s3: saddr:100932208: daddr:16783984
[  411.465831] AAAAA-TCP_FORW: name:enp0s3: saddr:16783984: daddr:100932208
[  411.499399] AAAAA-TCP_FORW: name:enp0s3: saddr:100932208: daddr:16783984
[  411.714947] AAAAA-TCP_FORW: name:enp0s3: saddr:16783984: daddr:100932208
[  412.239345] AAAAA-TCP_FORW: name:enp0s3: saddr:16783984: daddr:100932208
[  412.279351] AAAAA-TCP_FORW: name:enp0s3: saddr:100932208: daddr:16783984
[  412.294433] AAAAA-TCP_FORW: name:enp0s3: saddr:16783984: daddr:100932208
[  412.320277] AAAAA-TCP_FORW: name:enp0s3: saddr:100932208: daddr:16783984
[  412.385648] AAAAA-TCP_FORW: name:enp0s3: saddr:100932208: daddr:16783984
[  412.442421] AAAAA-TCP_FORW: name:enp0s3: saddr:16783984: daddr:100932208
[  412.464486] AAAAA-TCP_FORW: name:enp0s3: saddr:100932208: daddr:16783984
[  412.541869] AAAAA-TCP_FORW: name:enp0s3: saddr:100932208: daddr:16783984
[  412.593159] AAAAA-TCP_FORW: name:enp0s3: saddr:100932208: daddr:16783984
[  412.666264] AAAAA-TCP_FORW: name:enp0s3: saddr:100932208: daddr:16783984
[  412.716153] AAAAA-TCP_FORW: name:enp0s3: saddr:100932208: daddr:16783984
[  412.729606] AAAAA-TCP_FORW: name:enp0s3: saddr:16783984: daddr:100932208
[  412.752595] AAAAA-TCP_FORW: name:enp0s3: saddr:100932208: daddr:16783984
[  412.802917] AAAAA-TCP_FORW: name:enp0s3: saddr:16783984: daddr:100932208
[  412.882475] AAAAA-TCP_FORW: name:enp0s3: saddr:100932208: daddr:16783984
[  412.998472] AAAAA-TCP_FORW: name:enp0s3: saddr:16783984: daddr:100932208
[  413.119039] AAAAA-TCP_FORW: name:enp0s3: saddr:100932208: daddr:16783984
[  413.127951] AAAAA-TCP_FORW: name:enp0s3: saddr:16783984: daddr:100932208
[  413.200607] AAAAA-TCP_FORW: name:enp0s3: saddr:100932208: daddr:16783984
[  413.235692] AAAAA-TCP_FORW: name:enp0s3: saddr:16783984: daddr:100932208
[  413.407922] AAAAA-TCP_FORW: name:enp0s3: saddr:100932208: daddr:16783984
[  413.409882] AAAAA-TCP_FORW: name:enp0s3: saddr:16783984: daddr:100932208
[  413.552470] AAAAA-TCP_FORW: name:enp0s3: saddr:100932208: daddr:16783984
[  413.693298] AAAAA-TCP_FORW: name:enp0s3: saddr:100932208: daddr:16783984
[  413.810569] AAAAA-TCP_FORW: name:enp0s3: saddr:100932208: daddr:16783984
[  413.853214] AAAAA-TCP_FORW: name:enp0s3: saddr:100932208: daddr:16783984
[  413.920277] AAAAA-TCP_FORW: name:enp0s3: saddr:16783984: daddr:100932208
[  414.554355] AAAAA-TCP_FORW: name:enp0s3: saddr:100932208: daddr:16783984
[  414.664443] AAAAA-TCP_FORW: name:enp0s3: saddr:100932208: daddr:16783984
[  414.713085] AAAAA-TCP_FORW: name:enp0s3: saddr:100932208: daddr:16783984
[  414.768730] AAAAA-TCP_FORW: name:enp0s3: saddr:100932208: daddr:16783984
[  414.897011] AAAAA-TCP_FORW: name:enp0s3: saddr:16783984: daddr:100932208
[  415.169511] AAAAA-TCP_FORW: name:enp0s3: saddr:16783984: daddr:100932208
[  415.286039] AAAAA-TCP_FORW: name:enp0s3: saddr:100932208: daddr:16783984
[  415.383360] AAAAA-TCP_FORW: name:enp0s3: saddr:100932208: daddr:16783984
[  415.448694] AAAAA-TCP_FORW: name:enp0s3: saddr:100932208: daddr:16783984
[  415.587471] AAAAA-TCP_FORW: name:enp0s3: saddr:100932208: daddr:16783984
[  415.808580] AAAAA-TCP_FORW: name:enp0s3: saddr:16783984: daddr:100932208
[  415.906789] AAAAA-TCP_FORW: name:enp0s3: saddr:16783984: daddr:100932208
[  416.146201] AAAAA-TCP_FORW: name:enp0s3: saddr:16783984: daddr:100932208
[  416.262775] AAAAA-TCP_FORW: name:enp0s3: saddr:16783984: daddr:100932208
[  416.358337] AAAAA-TCP_FORW: name:enp0s3: saddr:16783984: daddr:100932208
[  416.489550] AAAAA-TCP_FORW: name:enp0s3: saddr:16783984: daddr:100932208
[  416.620130] AAAAA-TCP_FORW: name:enp0s3: saddr:16783984: daddr:100932208
[  416.971307] AAAAA-TCP_FORW: name:enp0s3: saddr:16783984: daddr:100932208
[  417.126582] AAAAA-TCP_FORW: name:enp0s3: saddr:16783984: daddr:100932208
[  418.925706] AAAAA-TCP_FORW: name:enp0s3: saddr:16783984: daddr:100932208
[  419.187236] AAAAA-TCP_FORW: name:enp0s3: saddr:16783984: daddr:100932208
[  419.308710] AAAAA-TCP_FORW: name:enp0s3: saddr:16783984: daddr:100932208
[  419.482404] AAAAA-TCP_FORW: name:enp0s3: saddr:16783984: daddr:100932208
[  419.611280] AAAAA-TCP_FORW: name:enp0s3: saddr:16783984: daddr:100932208
[  419.677352] AAAAA-TCP_FORW: name:enp0s3: saddr:16783984: daddr:100932208
[  419.864686] AAAAA-TCP_FORW: name:enp0s3: saddr:16783984: daddr:100932208
[  420.006364] AAAAA-TCP_FORW: name:enp0s3: saddr:16783984: daddr:100932208
[  420.050341] AAAAA-TCP_FORW: name:enp0s3: saddr:16783984: daddr:100932208
[  420.091784] AAAAA-TCP_FORW: name:enp0s3: saddr:16783984: daddr:100932208
[  420.292653] AAAAA-TCP_FORW: name:enp0s3: saddr:16783984: daddr:100932208
[  420.472225] AAAAA-TCP_FORW: name:enp0s3: saddr:16783984: daddr:100932208
[  420.580609] AAAAA-TCP_FORW: name:enp0s3: saddr:16783984: daddr:100932208
[  420.652652] AAAAA-TCP_FORW: name:enp0s3: saddr:16783984: daddr:100932208
[  420.758065] AAAAA-TCP_FORW: name:enp0s3: saddr:16783984: daddr:100932208
[  420.792543] AAAAA-TCP_FORW: name:enp0s3: saddr:16783984: daddr:100932208
[  420.921310] AAAAA-TCP_FORW: name:enp0s3: saddr:16783984: daddr:100932208
[  420.981735] AAAAA-TCP_FORW: name:enp0s3: saddr:16783984: daddr:100932208
[  421.054318] AAAAA-TCP_FORW: name:enp0s3: saddr:16783984: daddr:100932208
[  421.336543] AAAAA-TCP_FORW: name:enp0s3: saddr:16783984: daddr:100932208
[  421.527153] AAAAA-TCP_FORW: name:enp0s3: saddr:16783984: daddr:100932208
[  421.560212] AAAAA-TCP_FORW: name:enp0s3: saddr:16783984: daddr:100932208
[  421.582603] AAAAA-TCP_FORW: name:enp0s3: saddr:16783984: daddr:100932208
[  421.659341] AAAAA-TCP_FORW: name:enp0s3: saddr:16783984: daddr:100932208
[  422.372295] AAAAA-TCP_FORW: name:enp0s3: saddr:100932208: daddr:16783984
[  423.342948] AAAAA-TCP_FORW: name:enp0s3: saddr:16783984: daddr:100932208
[  423.951901] AAAAA-TCP_FORW: name:enp0s3: saddr:100932208: daddr:16783984
[  424.002133] AAAAA-TCP_FORW: name:enp0s3: saddr:16783984: daddr:100932208
[  435.645656] AAAAA-TCP_FORW: name:enp0s3: saddr:100932208: daddr:16783984
[  435.705522] AAAAA-TCP_FORW: name:enp0s3: saddr:100932208: daddr:16783984
[  435.769790] AAAAA-TCP_FORW: name:enp0s3: saddr:100932208: daddr:16783984
[  435.809617] AAAAA-TCP_FORW: name:enp0s3: saddr:100932208: daddr:16783984
[  435.878694] AAAAA-TCP_FORW: name:enp0s3: saddr:100932208: daddr:16783984
[  435.929121] AAAAA-TCP_FORW: name:enp0s3: saddr:100932208: daddr:16783984
[  435.977549] AAAAA-TCP_FORW: name:enp0s3: saddr:100932208: daddr:16783984
[  435.997978] AAAAA-TCP_FORW: name:enp0s3: saddr:100932208: daddr:16783984
[  436.079276] AAAAA-TCP_FORW: name:enp0s3: saddr:100932208: daddr:16783984
[  436.134430] AAAAA-TCP_FORW: name:enp0s3: saddr:100932208: daddr:16783984
[  436.198350] AAAAA-TCP_FORW: name:enp0s3: saddr:100932208: daddr:16783984
[  436.223830] AAAAA-TCP_FORW: name:enp0s3: saddr:100932208: daddr:16783984
[  436.291899] AAAAA-TCP_FORW: name:enp0s3: saddr:100932208: daddr:16783984
[  436.323653] AAAAA-TCP_FORW: name:enp0s3: saddr:16783984: daddr:100932208
[  436.374219] AAAAA-TCP_FORW: name:enp0s3: saddr:100932208: daddr:16783984
[  436.447817] AAAAA-TCP_FORW: name:enp0s3: saddr:100932208: daddr:16783984
[  436.466120] AAAAA-TCP_FORW: name:enp0s3: saddr:16783984: daddr:100932208
[  436.515857] AAAAA-TCP_FORW: name:enp0s3: saddr:100932208: daddr:16783984
[  436.534300] AAAAA-TCP_FORW: name:enp0s3: saddr:16783984: daddr:100932208
[  436.551442] AAAAA-TCP_FORW: name:enp0s3: saddr:16783984: daddr:100932208
[  436.589545] AAAAA-TCP_FORW: name:enp0s3: saddr:100932208: daddr:16783984
[  436.642393] AAAAA-TCP_FORW: name:enp0s3: saddr:16783984: daddr:100932208
[  436.654321] AAAAA-TCP_FORW: name:enp0s3: saddr:100932208: daddr:16783984
[  436.666469] AAAAA-TCP_FORW: name:enp0s3: saddr:16783984: daddr:100932208
[  436.719386] AAAAA-TCP_FORW: name:enp0s3: saddr:16783984: daddr:100932208
[  436.739214] AAAAA-TCP_FORW: name:enp0s3: saddr:100932208: daddr:16783984
[  436.766583] AAAAA-TCP_FORW: name:enp0s3: saddr:16783984: daddr:100932208
[  436.786737] AAAAA-TCP_FORW: name:enp0s3: saddr:100932208: daddr:16783984
[  436.805437] AAAAA-TCP_FORW: name:enp0s3: saddr:16783984: daddr:100932208
[  436.831417] AAAAA-TCP_FORW: name:enp0s3: saddr:100932208: daddr:16783984
[  436.875326] AAAAA-TCP_FORW: name:enp0s3: saddr:100932208: daddr:16783984
[  436.891904] AAAAA-TCP_FORW: name:enp0s3: saddr:16783984: daddr:100932208
[  436.908160] AAAAA-TCP_FORW: name:enp0s3: saddr:16783984: daddr:100932208
[  436.921575] AAAAA-TCP_FORW: name:enp0s3: saddr:100932208: daddr:16783984
[  436.951244] AAAAA-TCP_FORW: name:enp0s3: saddr:16783984: daddr:100932208
[  436.999177] AAAAA-TCP_FORW: name:enp0s3: saddr:16783984: daddr:100932208
[  437.007074] AAAAA-TCP_FORW: name:enp0s3: saddr:100932208: daddr:16783984
[  437.018835] AAAAA-TCP_FORW: name:enp0s3: saddr:16783984: daddr:100932208
[  437.058828] AAAAA-TCP_FORW: name:enp0s3: saddr:16783984: daddr:100932208
[  437.169584] AAAAA-TCP_FORW: name:enp0s3: saddr:100932208: daddr:16783984
[  437.182021] AAAAA-TCP_FORW: name:enp0s3: saddr:16783984: daddr:100932208
[  437.185037] AAAAA-TCP_FORW: name:enp0s3: saddr:100932208: daddr:16783984
[  437.294420] AAAAA-TCP_FORW: name:enp0s3: saddr:100932208: daddr:16783984
[  437.326617] AAAAA-TCP_FORW: name:enp0s3: saddr:16783984: daddr:100932208
[  437.345404] AAAAA-TCP_FORW: name:enp0s3: saddr:16783984: daddr:100932208
[  437.392312] AAAAA-TCP_FORW: name:enp0s3: saddr:100932208: daddr:16783984
[  437.438028] AAAAA-TCP_FORW: name:enp0s3: saddr:100932208: daddr:16783984
[  437.465290] AAAAA-TCP_FORW: name:enp0s3: saddr:100932208: daddr:16783984
[  437.565278] AAAAA-TCP_FORW: name:enp0s3: saddr:100932208: daddr:16783984
[  437.637063] AAAAA-TCP_FORW: name:enp0s3: saddr:100932208: daddr:16783984
[  437.691232] AAAAA-TCP_FORW: name:enp0s3: saddr:16783984: daddr:100932208
[  437.754295] AAAAA-TCP_FORW: name:enp0s3: saddr:100932208: daddr:16783984
[  437.825639] AAAAA-TCP_FORW: name:enp0s3: saddr:100932208: daddr:16783984
[  437.842228] AAAAA-TCP_FORW: name:enp0s3: saddr:100932208: daddr:16783984
[  437.880188] AAAAA-TCP_FORW: name:enp0s3: saddr:100932208: daddr:16783984
[  437.908159] AAAAA-TCP_FORW: name:enp0s3: saddr:100932208: daddr:16783984
[  437.996029] AAAAA-TCP_FORW: name:enp0s3: saddr:100932208: daddr:16783984
[  438.008016] AAAAA-TCP_FORW: name:enp0s3: saddr:16783984: daddr:100932208
[  438.093833] AAAAA-TCP_FORW: name:enp0s3: saddr:100932208: daddr:16783984
[  438.166608] AAAAA-TCP_FORW: name:enp0s3: saddr:100932208: daddr:16783984
[  438.266998] AAAAA-TCP_FORW: name:enp0s3: saddr:100932208: daddr:16783984
[  438.322643] AAAAA-TCP_FORW: name:enp0s3: saddr:16783984: daddr:100932208
[  438.348413] AAAAA-TCP_FORW: name:enp0s3: saddr:100932208: daddr:16783984
[  438.426482] AAAAA-TCP_FORW: name:enp0s3: saddr:100932208: daddr:16783984
[  438.458746] AAAAA-TCP_FORW: name:enp0s3: saddr:100932208: daddr:16783984
[  438.471900] AAAAA-TCP_FORW: name:enp0s3: saddr:100932208: daddr:16783984
[  438.547427] AAAAA-TCP_FORW: name:enp0s3: saddr:100932208: daddr:16783984
[  438.614015] AAAAA-TCP_FORW: name:enp0s3: saddr:16783984: daddr:100932208
[  438.680149] AAAAA-TCP_FORW: name:enp0s3: saddr:100932208: daddr:16783984
[  438.771261] AAAAA-TCP_FORW: name:enp0s3: saddr:100932208: daddr:16783984
[  438.840855] AAAAA-TCP_FORW: name:enp0s3: saddr:100932208: daddr:16783984
[  438.915558] AAAAA-TCP_FORW: name:enp0s3: saddr:100932208: daddr:16783984
[  438.933211] AAAAA-TCP_FORW: name:enp0s3: saddr:16783984: daddr:100932208
[  439.198532] AAAAA-TCP_FORW: name:enp0s3: saddr:100932208: daddr:16783984
[  439.297674] AAAAA-TCP_FORW: name:enp0s3: saddr:100932208: daddr:16783984
[  439.303947] AAAAA-TCP_FORW: name:enp0s3: saddr:16783984: daddr:100932208
[  439.342609] AAAAA-TCP_FORW: name:enp0s3: saddr:100932208: daddr:16783984
[  439.439772] AAAAA-TCP_FORW: name:enp0s3: saddr:100932208: daddr:16783984
[  439.476630] AAAAA-TCP_FORW: name:enp0s3: saddr:100932208: daddr:16783984
[  439.510598] AAAAA-TCP_FORW: name:enp0s3: saddr:100932208: daddr:16783984
[  439.668019] AAAAA-TCP_FORW: name:enp0s3: saddr:16783984: daddr:100932208
[  439.818902] AAAAA-TCP_FORW: name:enp0s3: saddr:100932208: daddr:16783984
[  439.897112] AAAAA-TCP_FORW: name:enp0s3: saddr:16783984: daddr:100932208
[  439.911129] AAAAA-TCP_FORW: name:enp0s3: saddr:100932208: daddr:16783984
[  439.977366] AAAAA-TCP_FORW: name:enp0s3: saddr:100932208: daddr:16783984
[  440.014189] AAAAA-TCP_FORW: name:enp0s3: saddr:100932208: daddr:16783984
[  440.093301] AAAAA-TCP_FORW: name:enp0s3: saddr:16783984: daddr:100932208
[  440.150591] AAAAA-TCP_FORW: name:enp0s3: saddr:100932208: daddr:16783984
[  440.209369] AAAAA-TCP_FORW: name:enp0s3: saddr:100932208: daddr:16783984
[  440.230382] AAAAA-TCP_FORW: name:enp0s3: saddr:16783984: daddr:100932208
[  440.355733] AAAAA-TCP_FORW: name:enp0s3: saddr:100932208: daddr:16783984
[  440.424115] AAAAA-TCP_FORW: name:enp0s3: saddr:100932208: daddr:16783984
[  440.508787] AAAAA-TCP_FORW: name:enp0s3: saddr:100932208: daddr:16783984
[  440.517161] AAAAA-TCP_FORW: name:enp0s3: saddr:16783984: daddr:100932208
[  440.537027] AAAAA-TCP_FORW: name:enp0s3: saddr:100932208: daddr:16783984
[  440.783892] AAAAA-TCP_FORW: name:enp0s3: saddr:100932208: daddr:16783984
[  440.910156] AAAAA-TCP_FORW: name:enp0s3: saddr:16783984: daddr:100932208
[  441.015652] AAAAA-TCP_FORW: name:enp0s3: saddr:16783984: daddr:100932208
[  441.232940] AAAAA-TCP_FORW: name:enp0s3: saddr:16783984: daddr:100932208
[  441.644813] AAAAA-TCP_FORW: name:enp0s3: saddr:100932208: daddr:16783984
[  441.706089] AAAAA-TCP_FORW: name:enp0s3: saddr:100932208: daddr:16783984
[  441.732104] AAAAA-TCP_FORW: name:enp0s3: saddr:16783984: daddr:100932208
[  441.862776] AAAAA-TCP_FORW: name:enp0s3: saddr:16783984: daddr:100932208
[  442.004934] AAAAA-TCP_FORW: name:enp0s3: saddr:100932208: daddr:16783984
[  442.015309] AAAAA-TCP_FORW: name:enp0s3: saddr:16783984: daddr:100932208
[  442.042619] AAAAA-TCP_FORW: name:enp0s3: saddr:100932208: daddr:16783984
[  442.140101] AAAAA-TCP_FORW: name:enp0s3: saddr:100932208: daddr:16783984
[  442.178549] AAAAA-TCP_FORW: name:enp0s3: saddr:100932208: daddr:16783984
[  442.257584] AAAAA-TCP_FORW: name:enp0s3: saddr:16783984: daddr:100932208
[  442.441446] AAAAA-TCP_FORW: name:enp0s3: saddr:16783984: daddr:100932208
[  442.504518] AAAAA-TCP_FORW: name:enp0s3: saddr:16783984: daddr:100932208
[  442.677463] AAAAA-TCP_FORW: name:enp0s3: saddr:16783984: daddr:100932208
[  442.804372] AAAAA-TCP_FORW: name:enp0s3: saddr:100932208: daddr:16783984
[  442.923945] AAAAA-TCP_FORW: name:enp0s3: saddr:16783984: daddr:100932208
[  443.162059] AAAAA-TCP_FORW: name:enp0s3: saddr:16783984: daddr:100932208
[  443.185449] AAAAA-TCP_FORW: name:enp0s3: saddr:100932208: daddr:16783984
[  443.349132] AAAAA-TCP_FORW: name:enp0s3: saddr:16783984: daddr:100932208
[  443.352167] AAAAA-TCP_FORW: name:enp0s3: saddr:100932208: daddr:16783984
[  443.482086] AAAAA-TCP_FORW: name:enp0s3: saddr:16783984: daddr:100932208
[  443.596562] AAAAA-TCP_FORW: name:enp0s3: saddr:100932208: daddr:16783984
[  443.625816] AAAAA-TCP_FORW: name:enp0s3: saddr:100932208: daddr:16783984
[  443.638654] AAAAA-TCP_FORW: name:enp0s3: saddr:16783984: daddr:100932208
[  443.695487] AAAAA-TCP_FORW: name:enp0s3: saddr:100932208: daddr:16783984
[  443.788843] AAAAA-TCP_FORW: name:enp0s3: saddr:100932208: daddr:16783984
[  443.800216] AAAAA-TCP_FORW: name:enp0s3: saddr:16783984: daddr:100932208
[  443.943061] AAAAA-TCP_FORW: name:enp0s3: saddr:100932208: daddr:16783984
[  443.989256] AAAAA-TCP_FORW: name:enp0s3: saddr:100932208: daddr:16783984
[  444.018290] AAAAA-TCP_FORW: name:enp0s3: saddr:16783984: daddr:100932208
[  444.078316] AAAAA-TCP_FORW: name:enp0s3: saddr:16783984: daddr:100932208
[  444.214799] AAAAA-TCP_FORW: name:enp0s3: saddr:16783984: daddr:100932208
[  444.366379] AAAAA-TCP_FORW: name:enp0s3: saddr:100932208: daddr:16783984
[  444.442472] AAAAA-TCP_FORW: name:enp0s3: saddr:16783984: daddr:100932208
[  444.460114] AAAAA-TCP_FORW: name:enp0s3: saddr:100932208: daddr:16783984
[  444.520178] AAAAA-TCP_FORW: name:enp0s3: saddr:16783984: daddr:100932208
[  444.522123] AAAAA-TCP_FORW: name:enp0s3: saddr:100932208: daddr:16783984
[  444.578035] AAAAA-TCP_FORW: name:enp0s3: saddr:100932208: daddr:16783984
[  444.641454] AAAAA-TCP_FORW: name:enp0s3: saddr:16783984: daddr:100932208
[  444.805541] AAAAA-TCP_FORW: name:enp0s3: saddr:16783984: daddr:100932208
[  445.044350] AAAAA-TCP_FORW: name:enp0s3: saddr:16783984: daddr:100932208
[  445.087572] AAAAA-TCP_FORW: name:enp0s3: saddr:16783984: daddr:100932208
[  445.125713] AAAAA-TCP_FORW: name:enp0s3: saddr:16783984: daddr:100932208
[  445.159337] AAAAA-TCP_FORW: name:enp0s3: saddr:100932208: daddr:16783984
[  445.194712] AAAAA-TCP_FORW: name:enp0s3: saddr:16783984: daddr:100932208
[  445.240231] AAAAA-TCP_FORW: name:enp0s3: saddr:100932208: daddr:16783984
[  445.306010] AAAAA-TCP_FORW: name:enp0s3: saddr:16783984: daddr:100932208
[  445.495945] AAAAA-TCP_FORW: name:enp0s3: saddr:16783984: daddr:100932208
[  445.652801] AAAAA-TCP_FORW: name:enp0s3: saddr:16783984: daddr:100932208
[  445.689348] AAAAA-TCP_FORW: name:enp0s3: saddr:100932208: daddr:16783984
[  445.768991] AAAAA-TCP_FORW: name:enp0s3: saddr:100932208: daddr:16783984
[  445.775782] AAAAA-TCP_FORW: name:enp0s3: saddr:16783984: daddr:100932208
[  445.820051] AAAAA-TCP_FORW: name:enp0s3: saddr:100932208: daddr:16783984
[  445.896661] AAAAA-TCP_FORW: name:enp0s3: saddr:100932208: daddr:16783984
[  445.906998] AAAAA-TCP_FORW: name:enp0s3: saddr:16783984: daddr:100932208
[  445.953534] AAAAA-TCP_FORW: name:enp0s3: saddr:100932208: daddr:16783984
[  445.990658] AAAAA-TCP_FORW: name:enp0s3: saddr:16783984: daddr:100932208
[  446.171358] AAAAA-TCP_FORW: name:enp0s3: saddr:16783984: daddr:100932208
[  446.481189] AAAAA-TCP_FORW: name:enp0s3: saddr:16783984: daddr:100932208
[  446.717430] AAAAA-TCP_FORW: name:enp0s3: saddr:16783984: daddr:100932208
[  446.850437] AAAAA-TCP_FORW: name:enp0s3: saddr:16783984: daddr:100932208
[  447.007321] AAAAA-TCP_FORW: name:enp0s3: saddr:16783984: daddr:100932208
[  447.117036] AAAAA-TCP_FORW: name:enp0s3: saddr:16783984: daddr:100932208
[  447.263880] AAAAA-TCP_FORW: name:enp0s3: saddr:16783984: daddr:100932208
[  447.462002] AAAAA-TCP_FORW: name:enp0s3: saddr:16783984: daddr:100932208
[  447.600121] AAAAA-TCP_FORW: name:enp0s3: saddr:16783984: daddr:100932208
[  447.845915] AAAAA-TCP_FORW: name:enp0s3: saddr:16783984: daddr:100932208
[  448.038448] AAAAA-TCP_FORW: name:enp0s3: saddr:16783984: daddr:100932208
[  448.279662] AAAAA-TCP_FORW: name:enp0s3: saddr:16783984: daddr:100932208
[  448.754278] AAAAA-TCP_FORW: name:enp0s3: saddr:16783984: daddr:100932208
[  448.803984] AAAAA-TCP_FORW: name:enp0s3: saddr:16783984: daddr:100932208
[  449.442901] AAAAA-TCP_FORW: name:enp0s3: saddr:100932208: daddr:16783984
[  449.800809] AAAAA-TCP_FORW: name:enp0s3: saddr:16783984: daddr:100932208
[  470.869644] AAAAA-TCP_FORW: name:enp0s3: saddr:16783984: daddr:100932208
[  471.287882] AAAAA-TCP_FORW: name:enp0s3: saddr:16783984: daddr:100932208
[  471.430214] AAAAA-TCP_FORW: name:enp0s3: saddr:16783984: daddr:100932208
[  471.697298] AAAAA-TCP_FORW: name:enp0s3: saddr:16783984: daddr:100932208
[  471.968371] AAAAA-TCP_FORW: name:enp0s3: saddr:16783984: daddr:100932208
[  472.267012] AAAAA-TCP_FORW: name:enp0s3: saddr:16783984: daddr:100932208
[  472.430314] AAAAA-TCP_FORW: name:enp0s3: saddr:16783984: daddr:100932208
[  473.877402] AAAAA-TCP_FORW: name:enp0s3: saddr:100932208: daddr:16783984
[  474.004680] AAAAA-TCP_FORW: name:enp0s3: saddr:100932208: daddr:16783984
[  474.499104] AAAAA-TCP_FORW: name:enp0s3: saddr:100932208: daddr:16783984
[  474.972317] AAAAA-TCP_FORW: name:enp0s3: saddr:100932208: daddr:16783984
[  475.073522] AAAAA-TCP_FORW: name:enp0s3: saddr:100932208: daddr:16783984
[  475.237320] AAAAA-TCP_FORW: name:enp0s3: saddr:100932208: daddr:16783984
[  475.280043] AAAAA-TCP_FORW: name:enp0s3: saddr:100932208: daddr:16783984
[  475.541574] AAAAA-TCP_FORW: name:enp0s3: saddr:100932208: daddr:16783984
[  475.924729] AAAAA-TCP_FORW: name:enp0s3: saddr:100932208: daddr:16783984
[  476.008099] AAAAA-TCP_FORW: name:enp0s3: saddr:100932208: daddr:16783984
[  477.250157] AAAAA-TCP_FORW: name:enp0s3: saddr:100932208: daddr:16783984
[  477.557917] AAAAA-TCP_FORW: name:enp0s3: saddr:100932208: daddr:16783984
[  477.881140] AAAAA-TCP_FORW: name:enp0s3: saddr:100932208: daddr:16783984
[  478.217592] AAAAA-TCP_FORW: name:enp0s3: saddr:100932208: daddr:16783984
[  478.292462] AAAAA-TCP_FORW: name:enp0s3: saddr:100932208: daddr:16783984
[  478.367083] AAAAA-TCP_FORW: name:enp0s3: saddr:16783984: daddr:100932208
[  478.537320] AAAAA-TCP_FORW: name:enp0s3: saddr:16783984: daddr:100932208
[  478.854845] AAAAA-TCP_FORW: name:enp0s3: saddr:100932208: daddr:16783984
[  478.925672] AAAAA-TCP_FORW: name:enp0s3: saddr:100932208: daddr:16783984
[  478.959059] AAAAA-TCP_FORW: name:enp0s3: saddr:100932208: daddr:16783984
[  479.050955] AAAAA-TCP_FORW: name:enp0s3: saddr:16783984: daddr:100932208
[  479.114529] AAAAA-TCP_FORW: name:enp0s3: saddr:100932208: daddr:16783984
[  479.212966] AAAAA-TCP_FORW: name:enp0s3: saddr:16783984: daddr:100932208
[  479.266625] AAAAA-TCP_FORW: name:enp0s3: saddr:16783984: daddr:100932208
[  479.364931] AAAAA-TCP_FORW: name:enp0s3: saddr:100932208: daddr:16783984
[  479.429911] AAAAA-TCP_FORW: name:enp0s3: saddr:16783984: daddr:100932208
[  479.718611] AAAAA-TCP_FORW: name:enp0s3: saddr:16783984: daddr:100932208
[  479.864502] AAAAA-TCP_FORW: name:enp0s3: saddr:100932208: daddr:16783984
[  479.974622] AAAAA-TCP_FORW: name:enp0s3: saddr:16783984: daddr:100932208
[  479.995109] AAAAA-TCP_FORW: name:enp0s3: saddr:100932208: daddr:16783984
[  480.042624] AAAAA-TCP_FORW: name:enp0s3: saddr:100932208: daddr:16783984
[  480.116915] AAAAA-TCP_FORW: name:enp0s3: saddr:100932208: daddr:16783984
[  480.155158] AAAAA-TCP_FORW: name:enp0s3: saddr:16783984: daddr:100932208
[  480.281721] AAAAA-TCP_FORW: name:enp0s3: saddr:100932208: daddr:16783984
[  480.340884] AAAAA-TCP_FORW: name:enp0s3: saddr:100932208: daddr:16783984
[  480.346339] AAAAA-TCP_FORW: name:enp0s3: saddr:16783984: daddr:100932208
[  480.382483] AAAAA-TCP_FORW: name:enp0s3: saddr:16783984: daddr:100932208
[  480.586923] AAAAA-TCP_FORW: name:enp0s3: saddr:16783984: daddr:100932208
[  480.664846] AAAAA-TCP_FORW: name:enp0s3: saddr:16783984: daddr:100932208
[  480.807026] AAAAA-TCP_FORW: name:enp0s3: saddr:100932208: daddr:16783984
[  480.859102] AAAAA-TCP_FORW: name:enp0s3: saddr:100932208: daddr:16783984
[  480.875106] AAAAA-TCP_FORW: name:enp0s3: saddr:16783984: daddr:100932208
[  480.930499] AAAAA-TCP_FORW: name:enp0s3: saddr:100932208: daddr:16783984
[  480.966959] AAAAA-TCP_FORW: name:enp0s3: saddr:100932208: daddr:16783984
[  480.975518] AAAAA-TCP_FORW: name:enp0s3: saddr:16783984: daddr:100932208
[  481.229188] AAAAA-TCP_FORW: name:enp0s3: saddr:16783984: daddr:100932208
[  481.316699] AAAAA-TCP_FORW: name:enp0s3: saddr:16783984: daddr:100932208
[  481.419569] AAAAA-TCP_FORW: name:enp0s3: saddr:100932208: daddr:16783984
[  481.458631] AAAAA-TCP_FORW: name:enp0s3: saddr:100932208: daddr:16783984
[  481.496089] AAAAA-TCP_FORW: name:enp0s3: saddr:16783984: daddr:100932208
[  481.588535] AAAAA-TCP_FORW: name:enp0s3: saddr:100932208: daddr:16783984
[  481.603555] AAAAA-TCP_FORW: name:enp0s3: saddr:100932208: daddr:16783984
[  481.614132] AAAAA-TCP_FORW: name:enp0s3: saddr:16783984: daddr:100932208
[  481.727334] AAAAA-TCP_FORW: name:enp0s3: saddr:100932208: daddr:16783984
[  481.729407] AAAAA-TCP_FORW: name:enp0s3: saddr:100932208: daddr:16783984
[  481.794391] AAAAA-TCP_FORW: name:enp0s3: saddr:100932208: daddr:16783984
[  481.836657] AAAAA-TCP_FORW: name:enp0s3: saddr:16783984: daddr:100932208
[  481.848653] AAAAA-TCP_FORW: name:enp0s3: saddr:100932208: daddr:16783984
[  481.895222] AAAAA-TCP_FORW: name:enp0s3: saddr:16783984: daddr:100932208
[  481.936391] AAAAA-TCP_FORW: name:enp0s3: saddr:100932208: daddr:16783984
[  481.988975] AAAAA-TCP_FORW: name:enp0s3: saddr:100932208: daddr:16783984
[  482.114771] AAAAA-TCP_FORW: name:enp0s3: saddr:100932208: daddr:16783984
[  482.439226] AAAAA-TCP_FORW: name:enp0s3: saddr:100932208: daddr:16783984
[  482.519691] AAAAA-TCP_FORW: name:enp0s3: saddr:16783984: daddr:100932208
[  482.710990] AAAAA-TCP_FORW: name:enp0s3: saddr:16783984: daddr:100932208
[  482.810221] AAAAA-TCP_FORW: name:enp0s3: saddr:100932208: daddr:16783984
[  482.832568] AAAAA-TCP_FORW: name:enp0s3: saddr:16783984: daddr:100932208
[  482.943301] AAAAA-TCP_FORW: name:enp0s3: saddr:100932208: daddr:16783984
[  482.963386] AAAAA-TCP_FORW: name:enp0s3: saddr:16783984: daddr:100932208
[  483.016451] AAAAA-TCP_FORW: name:enp0s3: saddr:100932208: daddr:16783984
[  483.036282] AAAAA-TCP_FORW: name:enp0s3: saddr:100932208: daddr:16783984
[  483.042817] AAAAA-TCP_FORW: name:enp0s3: saddr:16783984: daddr:100932208
[  483.120270] AAAAA-TCP_FORW: name:enp0s3: saddr:100932208: daddr:16783984
[  483.139561] AAAAA-TCP_FORW: name:enp0s3: saddr:100932208: daddr:16783984
[  483.190724] AAAAA-TCP_FORW: name:enp0s3: saddr:16783984: daddr:100932208
[  483.248937] AAAAA-TCP_FORW: name:enp0s3: saddr:16783984: daddr:100932208
[  483.342878] AAAAA-TCP_FORW: name:enp0s3: saddr:16783984: daddr:100932208
[  483.366111] AAAAA-TCP_FORW: name:enp0s3: saddr:100932208: daddr:16783984
[  483.428279] AAAAA-TCP_FORW: name:enp0s3: saddr:100932208: daddr:16783984
[  483.461779] AAAAA-TCP_FORW: name:enp0s3: saddr:100932208: daddr:16783984
[  483.480655] AAAAA-TCP_FORW: name:enp0s3: saddr:100932208: daddr:16783984
[  483.523403] AAAAA-TCP_FORW: name:enp0s3: saddr:100932208: daddr:16783984
[  483.538167] AAAAA-TCP_FORW: name:enp0s3: saddr:16783984: daddr:100932208
[  483.562783] AAAAA-TCP_FORW: name:enp0s3: saddr:100932208: daddr:16783984
[  483.590116] AAAAA-TCP_FORW: name:enp0s3: saddr:16783984: daddr:100932208
[  483.609564] AAAAA-TCP_FORW: name:enp0s3: saddr:100932208: daddr:16783984
[  483.694949] AAAAA-TCP_FORW: name:enp0s3: saddr:16783984: daddr:100932208
[  483.754376] AAAAA-TCP_FORW: name:enp0s3: saddr:100932208: daddr:16783984
[  483.766234] AAAAA-TCP_FORW: name:enp0s3: saddr:16783984: daddr:100932208
[  483.836600] AAAAA-TCP_FORW: name:enp0s3: saddr:100932208: daddr:16783984
[  483.871198] AAAAA-TCP_FORW: name:enp0s3: saddr:16783984: daddr:100932208
[  483.886864] AAAAA-TCP_FORW: name:enp0s3: saddr:100932208: daddr:16783984
[  483.909915] AAAAA-TCP_FORW: name:enp0s3: saddr:100932208: daddr:16783984
[  483.969309] AAAAA-TCP_FORW: name:enp0s3: saddr:100932208: daddr:16783984
[  484.050726] AAAAA-TCP_FORW: name:enp0s3: saddr:100932208: daddr:16783984
[  484.093513] AAAAA-TCP_FORW: name:enp0s3: saddr:100932208: daddr:16783984
[  484.107362] AAAAA-TCP_FORW: name:enp0s3: saddr:16783984: daddr:100932208
[  484.134175] AAAAA-TCP_FORW: name:enp0s3: saddr:100932208: daddr:16783984
[  484.191830] AAAAA-TCP_FORW: name:enp0s3: saddr:100932208: daddr:16783984
[  484.214996] AAAAA-TCP_FORW: name:enp0s3: saddr:16783984: daddr:100932208
[  484.300110] AAAAA-TCP_FORW: name:enp0s3: saddr:100932208: daddr:16783984
[  484.311963] AAAAA-TCP_FORW: name:enp0s3: saddr:100932208: daddr:16783984
[  484.336719] AAAAA-TCP_FORW: name:enp0s3: saddr:16783984: daddr:100932208
[  484.362641] AAAAA-TCP_FORW: name:enp0s3: saddr:100932208: daddr:16783984
[  484.393677] AAAAA-TCP_FORW: name:enp0s3: saddr:100932208: daddr:16783984
[  484.424350] AAAAA-TCP_FORW: name:enp0s3: saddr:100932208: daddr:16783984
[  484.449192] AAAAA-TCP_FORW: name:enp0s3: saddr:100932208: daddr:16783984
[  484.486103] AAAAA-TCP_FORW: name:enp0s3: saddr:100932208: daddr:16783984
[  484.527667] AAAAA-TCP_FORW: name:enp0s3: saddr:16783984: daddr:100932208
[  484.535043] AAAAA-TCP_FORW: name:enp0s3: saddr:100932208: daddr:16783984
[  484.554667] AAAAA-TCP_FORW: name:enp0s3: saddr:100932208: daddr:16783984
[  484.647929] AAAAA-TCP_FORW: name:enp0s3: saddr:16783984: daddr:100932208
[  484.736322] AAAAA-TCP_FORW: name:enp0s3: saddr:100932208: daddr:16783984
[  484.780267] AAAAA-TCP_FORW: name:enp0s3: saddr:100932208: daddr:16783984
[  484.822716] AAAAA-TCP_FORW: name:enp0s3: saddr:16783984: daddr:100932208
[  484.878771] AAAAA-TCP_FORW: name:enp0s3: saddr:16783984: daddr:100932208
[  484.898026] AAAAA-TCP_FORW: name:enp0s3: saddr:100932208: daddr:16783984
[  484.961090] AAAAA-TCP_FORW: name:enp0s3: saddr:100932208: daddr:16783984
[  485.000658] AAAAA-TCP_FORW: name:enp0s3: saddr:100932208: daddr:16783984
[  485.024122] AAAAA-TCP_FORW: name:enp0s3: saddr:16783984: daddr:100932208
[  485.044615] AAAAA-TCP_FORW: name:enp0s3: saddr:100932208: daddr:16783984
[  485.090809] AAAAA-TCP_FORW: name:enp0s3: saddr:100932208: daddr:16783984
[  485.154643] AAAAA-TCP_FORW: name:enp0s3: saddr:16783984: daddr:100932208
[  485.177443] AAAAA-TCP_FORW: name:enp0s3: saddr:100932208: daddr:16783984
[  485.352235] AAAAA-TCP_FORW: name:enp0s3: saddr:16783984: daddr:100932208
[  485.369540] AAAAA-TCP_FORW: name:enp0s3: saddr:100932208: daddr:16783984
[  485.403482] AAAAA-TCP_FORW: name:enp0s3: saddr:100932208: daddr:16783984
[  485.453301] AAAAA-TCP_FORW: name:enp0s3: saddr:100932208: daddr:16783984
[  485.531708] AAAAA-TCP_FORW: name:enp0s3: saddr:100932208: daddr:16783984
[  485.544023] AAAAA-TCP_FORW: name:enp0s3: saddr:16783984: daddr:100932208
[  485.558883] AAAAA-TCP_FORW: name:enp0s3: saddr:100932208: daddr:16783984
[  485.633994] AAAAA-TCP_FORW: name:enp0s3: saddr:16783984: daddr:100932208
[  485.637868] AAAAA-TCP_FORW: name:enp0s3: saddr:100932208: daddr:16783984
[  485.682518] AAAAA-TCP_FORW: name:enp0s3: saddr:100932208: daddr:16783984
[  485.775751] AAAAA-TCP_FORW: name:enp0s3: saddr:100932208: daddr:16783984
[  485.794007] AAAAA-TCP_FORW: name:enp0s3: saddr:16783984: daddr:100932208
[  485.842053] AAAAA-TCP_FORW: name:enp0s3: saddr:100932208: daddr:16783984
[  485.890758] AAAAA-TCP_FORW: name:enp0s3: saddr:100932208: daddr:16783984
[  485.919211] AAAAA-TCP_FORW: name:enp0s3: saddr:16783984: daddr:100932208
[  485.949470] AAAAA-TCP_FORW: name:enp0s3: saddr:100932208: daddr:16783984
[  486.022222] AAAAA-TCP_FORW: name:enp0s3: saddr:100932208: daddr:16783984
[  486.050098] AAAAA-TCP_FORW: name:enp0s3: saddr:16783984: daddr:100932208
[  486.064032] AAAAA-TCP_FORW: name:enp0s3: saddr:100932208: daddr:16783984
[  486.107062] AAAAA-TCP_FORW: name:enp0s3: saddr:100932208: daddr:16783984
[  486.136742] AAAAA-TCP_FORW: name:enp0s3: saddr:16783984: daddr:100932208
[  486.185991] AAAAA-TCP_FORW: name:enp0s3: saddr:100932208: daddr:16783984
[  486.194446] AAAAA-TCP_FORW: name:enp0s3: saddr:100932208: daddr:16783984
[  486.243557] AAAAA-TCP_FORW: name:enp0s3: saddr:100932208: daddr:16783984
[  486.269928] AAAAA-TCP_FORW: name:enp0s3: saddr:100932208: daddr:16783984
[  486.306292] AAAAA-TCP_FORW: name:enp0s3: saddr:100932208: daddr:16783984
[  486.324293] AAAAA-TCP_FORW: name:enp0s3: saddr:16783984: daddr:100932208
[  486.467128] AAAAA-TCP_FORW: name:enp0s3: saddr:16783984: daddr:100932208
[  486.568133] AAAAA-TCP_FORW: name:enp0s3: saddr:16783984: daddr:100932208
[  486.683694] AAAAA-TCP_FORW: name:enp0s3: saddr:16783984: daddr:100932208
[  486.767720] AAAAA-TCP_FORW: name:enp0s3: saddr:16783984: daddr:100932208
[  486.923092] AAAAA-TCP_FORW: name:enp0s3: saddr:16783984: daddr:100932208
[  487.031424] AAAAA-TCP_FORW: name:enp0s3: saddr:16783984: daddr:100932208
[  487.130095] AAAAA-TCP_FORW: name:enp0s3: saddr:16783984: daddr:100932208
[  487.259908] AAAAA-TCP_FORW: name:enp0s3: saddr:16783984: daddr:100932208
[  487.390029] AAAAA-TCP_FORW: name:enp0s3: saddr:16783984: daddr:100932208
[  501.486809] AAAAA-TCP_FORW: name:enp0s3: saddr:100932208: daddr:16783984
[  501.587043] AAAAA-TCP_FORW: name:enp0s3: saddr:100932208: daddr:16783984
[  501.614294] AAAAA-TCP_FORW: name:enp0s3: saddr:16783984: daddr:100932208
[  501.623026] AAAAA-TCP_FORW: name:enp0s3: saddr:100932208: daddr:16783984
[  501.662666] AAAAA-TCP_FORW: name:enp0s3: saddr:100932208: daddr:16783984
[  501.718445] AAAAA-TCP_FORW: name:enp0s3: saddr:100932208: daddr:16783984
[  501.780050] AAAAA-TCP_FORW: name:enp0s3: saddr:16783984: daddr:100932208
[  501.788921] AAAAA-TCP_FORW: name:enp0s3: saddr:100932208: daddr:16783984
[  501.819260] AAAAA-TCP_FORW: name:enp0s3: saddr:100932208: daddr:16783984
[  501.898455] AAAAA-TCP_FORW: name:enp0s3: saddr:100932208: daddr:16783984
[  501.983890] AAAAA-TCP_FORW: name:enp0s3: saddr:100932208: daddr:16783984
[  502.049449] AAAAA-TCP_FORW: name:enp0s3: saddr:100932208: daddr:16783984
[  502.106321] AAAAA-TCP_FORW: name:enp0s3: saddr:100932208: daddr:16783984
[  502.509937] AAAAA-TCP_FORW: name:enp0s3: saddr:16783984: daddr:100932208
[  502.692992] AAAAA-TCP_FORW: name:enp0s3: saddr:16783984: daddr:100932208
[  502.809910] AAAAA-TCP_FORW: name:enp0s3: saddr:16783984: daddr:100932208
[  502.857742] AAAAA-TCP_FORW: name:enp0s3: saddr:16783984: daddr:100932208
[  502.882988] AAAAA-TCP_FORW: name:enp0s3: saddr:100932208: daddr:16783984
[  502.961323] AAAAA-TCP_FORW: name:enp0s3: saddr:100932208: daddr:16783984
[  503.130016] AAAAA-TCP_FORW: name:enp0s3: saddr:16783984: daddr:100932208
[  503.291569] AAAAA-TCP_FORW: name:enp0s3: saddr:100932208: daddr:16783984
[  503.340944] AAAAA-TCP_FORW: name:enp0s3: saddr:100932208: daddr:16783984
[  503.363389] AAAAA-TCP_FORW: name:enp0s3: saddr:16783984: daddr:100932208
[  503.434998] AAAAA-TCP_FORW: name:enp0s3: saddr:16783984: daddr:100932208
[  503.533590] AAAAA-TCP_FORW: name:enp0s3: saddr:16783984: daddr:100932208
[  503.612738] AAAAA-TCP_FORW: name:enp0s3: saddr:16783984: daddr:100932208
[  503.713724] AAAAA-TCP_FORW: name:enp0s3: saddr:16783984: daddr:100932208
[  503.777243] AAAAA-TCP_FORW: name:enp0s3: saddr:16783984: daddr:100932208
[  503.935660] AAAAA-TCP_FORW: name:enp0s3: saddr:100932208: daddr:16783984
[  504.067788] AAAAA-TCP_FORW: name:enp0s3: saddr:16783984: daddr:100932208
[  504.216346] AAAAA-TCP_FORW: name:enp0s3: saddr:16783984: daddr:100932208
[  504.305756] AAAAA-TCP_FORW: name:enp0s3: saddr:16783984: daddr:100932208
[  504.343320] AAAAA-TCP_FORW: name:enp0s3: saddr:16783984: daddr:100932208
[  504.418298] AAAAA-TCP_FORW: name:enp0s3: saddr:16783984: daddr:100932208
[  504.616721] AAAAA-TCP_FORW: name:enp0s3: saddr:16783984: daddr:100932208
[  504.739173] AAAAA-TCP_FORW: name:enp0s3: saddr:100932208: daddr:16783984
[  504.855759] AAAAA-TCP_FORW: name:enp0s3: saddr:100932208: daddr:16783984
[  504.959503] AAAAA-TCP_FORW: name:enp0s3: saddr:100932208: daddr:16783984
[  505.012521] AAAAA-TCP_FORW: name:enp0s3: saddr:100932208: daddr:16783984
[  505.065801] AAAAA-TCP_FORW: name:enp0s3: saddr:100932208: daddr:16783984
[  505.135618] AAAAA-TCP_FORW: name:enp0s3: saddr:100932208: daddr:16783984
[  505.169478] AAAAA-TCP_FORW: name:enp0s3: saddr:16783984: daddr:100932208
[  505.309230] AAAAA-TCP_FORW: name:enp0s3: saddr:16783984: daddr:100932208
[  505.382231] AAAAA-TCP_FORW: name:enp0s3: saddr:100932208: daddr:16783984
[  505.486675] AAAAA-TCP_FORW: name:enp0s3: saddr:100932208: daddr:16783984
[  505.616355] AAAAA-TCP_FORW: name:enp0s3: saddr:16783984: daddr:100932208
[  505.807454] AAAAA-TCP_FORW: name:enp0s3: saddr:16783984: daddr:100932208
[  505.859506] AAAAA-TCP_FORW: name:enp0s3: saddr:100932208: daddr:16783984
[  505.960010] AAAAA-TCP_FORW: name:enp0s3: saddr:100932208: daddr:16783984
[  506.001480] AAAAA-TCP_FORW: name:enp0s3: saddr:16783984: daddr:100932208
[  506.066925] AAAAA-TCP_FORW: name:enp0s3: saddr:16783984: daddr:100932208
[  506.150381] AAAAA-TCP_FORW: name:enp0s3: saddr:16783984: daddr:100932208
[  506.355857] AAAAA-TCP_FORW: name:enp0s3: saddr:100932208: daddr:16783984
[  506.364366] AAAAA-TCP_FORW: name:enp0s3: saddr:16783984: daddr:100932208
[  506.429110] AAAAA-TCP_FORW: name:enp0s3: saddr:100932208: daddr:16783984
[  506.556622] AAAAA-TCP_FORW: name:enp0s3: saddr:16783984: daddr:100932208
[  506.625703] AAAAA-TCP_FORW: name:enp0s3: saddr:100932208: daddr:16783984
[  506.660592] AAAAA-TCP_FORW: name:enp0s3: saddr:100932208: daddr:16783984
[  506.704430] AAAAA-TCP_FORW: name:enp0s3: saddr:16783984: daddr:100932208
[  506.760202] AAAAA-TCP_FORW: name:enp0s3: saddr:100932208: daddr:16783984
[  506.798272] AAAAA-TCP_FORW: name:enp0s3: saddr:16783984: daddr:100932208
[  506.826698] AAAAA-TCP_FORW: name:enp0s3: saddr:100932208: daddr:16783984
[  506.959850] AAAAA-TCP_FORW: name:enp0s3: saddr:16783984: daddr:100932208
[  507.064275] AAAAA-TCP_FORW: name:enp0s3: saddr:100932208: daddr:16783984
[  507.115448] AAAAA-TCP_FORW: name:enp0s3: saddr:16783984: daddr:100932208
[  507.169462] AAAAA-TCP_FORW: name:enp0s3: saddr:100932208: daddr:16783984
[  507.171317] AAAAA-TCP_FORW: name:enp0s3: saddr:100932208: daddr:16783984
[  507.243054] AAAAA-TCP_FORW: name:enp0s3: saddr:100932208: daddr:16783984
[  507.409672] AAAAA-TCP_FORW: name:enp0s3: saddr:16783984: daddr:100932208
[  507.458201] AAAAA-TCP_FORW: name:enp0s3: saddr:16783984: daddr:100932208
[  507.468849] AAAAA-TCP_FORW: name:enp0s3: saddr:100932208: daddr:16783984
[  507.556386] AAAAA-TCP_FORW: name:enp0s3: saddr:16783984: daddr:100932208
[  507.644155] AAAAA-TCP_FORW: name:enp0s3: saddr:16783984: daddr:100932208
[  507.840840] AAAAA-TCP_FORW: name:enp0s3: saddr:16783984: daddr:100932208
[  508.015942] AAAAA-TCP_FORW: name:enp0s3: saddr:16783984: daddr:100932208
[  508.098300] AAAAA-TCP_FORW: name:enp0s3: saddr:16783984: daddr:100932208
[  508.240794] AAAAA-TCP_FORW: name:enp0s3: saddr:16783984: daddr:100932208
[  508.744405] AAAAA-TCP_FORW: name:enp0s3: saddr:100932208: daddr:16783984
[  508.885172] AAAAA-TCP_FORW: name:enp0s3: saddr:100932208: daddr:16783984
[  509.054038] AAAAA-TCP_FORW: name:enp0s3: saddr:16783984: daddr:100932208
[  509.187304] AAAAA-TCP_FORW: name:enp0s3: saddr:16783984: daddr:100932208
[  510.100242] AAAAA-TCP_FORW: name:enp0s3: saddr:100932208: daddr:16783984
[  510.357631] AAAAA-TCP_FORW: name:enp0s3: saddr:100932208: daddr:16783984
[  510.451532] AAAAA-TCP_FORW: name:enp0s3: saddr:16783984: daddr:100932208
[  511.636663] AAAAA-TCP_FORW: name:enp0s3: saddr:100932208: daddr:16783984
[  511.688449] AAAAA-TCP_FORW: name:enp0s3: saddr:100932208: daddr:16783984
[  511.746793] AAAAA-TCP_FORW: name:enp0s3: saddr:16783984: daddr:100932208
[  511.784839] AAAAA-TCP_FORW: name:enp0s3: saddr:100932208: daddr:16783984
[  511.803569] AAAAA-TCP_FORW: name:enp0s3: saddr:16783984: daddr:100932208
[  511.972658] AAAAA-TCP_FORW: name:enp0s3: saddr:16783984: daddr:100932208
[  512.917952] AAAAA-TCP_FORW: name:enp0s3: saddr:100932208: daddr:16783984
[  641.269491] rfkill: input handler enabled
[  649.780000] rfkill: input handler disabled
[ 1054.284672] device enp0s3 left promiscuous mode
