[    0.000000] Linux version 5.4.243-tcp (root@ztg) (gcc version 12.2.0 (Debian 12.2.0-14)) #1 SMP Fri Apr 12 08:27:09 CST 2024
[    0.000000] Command line: BOOT_IMAGE=/boot/vmlinuz-5.4.243-tcp root=UUID=98415a12-53b7-4144-8265-0f7ece09e445 ro quiet splash
[    0.000000] KERNEL supported cpus:
[    0.000000]   Intel GenuineIntel
[    0.000000]   AMD AuthenticAMD
[    0.000000]   Hygon HygonGenuine
[    0.000000]   Centaur CentaurHauls
[    0.000000]   zhaoxin   Shanghai  
[    0.000000] x86/fpu: Supporting XSAVE feature 0x001: 'x87 floating point registers'
[    0.000000] x86/fpu: Supporting XSAVE feature 0x002: 'SSE registers'
[    0.000000] x86/fpu: Supporting XSAVE feature 0x004: 'AVX registers'
[    0.000000] x86/fpu: xstate_offset[2]:  576, xstate_sizes[2]:  256
[    0.000000] x86/fpu: Enabled xstate features 0x7, context size is 832 bytes, using 'standard' format.
[    0.000000] BIOS-provided physical RAM map:
[    0.000000] BIOS-e820: [mem 0x0000000000000000-0x000000000009fbff] usable
[    0.000000] BIOS-e820: [mem 0x000000000009fc00-0x000000000009ffff] reserved
[    0.000000] BIOS-e820: [mem 0x00000000000f0000-0x00000000000fffff] reserved
[    0.000000] BIOS-e820: [mem 0x0000000000100000-0x000000007ffeffff] usable
[    0.000000] BIOS-e820: [mem 0x000000007fff0000-0x000000007fffffff] ACPI data
[    0.000000] BIOS-e820: [mem 0x00000000fec00000-0x00000000fec00fff] reserved
[    0.000000] BIOS-e820: [mem 0x00000000fee00000-0x00000000fee00fff] reserved
[    0.000000] BIOS-e820: [mem 0x00000000fffc0000-0x00000000ffffffff] reserved
[    0.000000] NX (Execute Disable) protection: active
[    0.000000] SMBIOS 2.5 present.
[    0.000000] DMI: innotek GmbH VirtualBox/VirtualBox, BIOS VirtualBox 12/01/2006
[    0.000000] Hypervisor detected: KVM
[    0.000000] kvm-clock: Using msrs 4b564d01 and 4b564d00
[    0.000000] kvm-clock: cpu 0, msr 48a01001, primary cpu clock
[    0.000000] kvm-clock: using sched offset of 4431711492 cycles
[    0.000003] clocksource: kvm-clock: mask: 0xffffffffffffffff max_cycles: 0x1cd42e4dffb, max_idle_ns: 881590591483 ns
[    0.000005] tsc: Detected 2100.000 MHz processor
[    0.001892] e820: update [mem 0x00000000-0x00000fff] usable ==> reserved
[    0.001894] e820: remove [mem 0x000a0000-0x000fffff] usable
[    0.001899] last_pfn = 0x7fff0 max_arch_pfn = 0x400000000
[    0.001967] MTRR default type: uncachable
[    0.001968] MTRR fixed ranges enabled:
[    0.001969]   00000-9FFFF write-back
[    0.001970]   A0000-BFFFF uncachable
[    0.001971]   C0000-FFFFF write-protect
[    0.001971] MTRR variable ranges enabled:
[    0.001973]   0 base 000000000000 mask 3FFF80000000 write-back
[    0.001974]   1 disabled
[    0.001974]   2 disabled
[    0.001975]   3 disabled
[    0.001975]   4 disabled
[    0.001975]   5 disabled
[    0.001976]   6 disabled
[    0.001976]   7 disabled
[    0.001977]   8 disabled
[    0.001977]   9 disabled
[    0.001977]   10 disabled
[    0.001978]   11 disabled
[    0.001978]   12 disabled
[    0.001979]   13 disabled
[    0.001979]   14 disabled
[    0.001980]   15 disabled
[    0.001995] x86/PAT: Configuration [0-7]: WB  WC  UC- UC  WB  WP  UC- WT  
[    0.002131] found SMP MP-table at [mem 0x0009fff0-0x0009ffff]
[    0.095171] check: Scanning 1 areas for low memory corruption
[    0.095379] RAMDISK: [mem 0x32275000-0x35131fff]
[    0.095388] ACPI: Early table checksum verification disabled
[    0.095393] ACPI: RSDP 0x00000000000E0000 000024 (v02 VBOX  )
[    0.095397] ACPI: XSDT 0x000000007FFF0030 00003C (v01 VBOX   VBOXXSDT 00000001 ASL  00000061)
[    0.095403] ACPI: FACP 0x000000007FFF00F0 0000F4 (v04 VBOX   VBOXFACP 00000001 ASL  00000061)
[    0.095410] ACPI: DSDT 0x000000007FFF02E0 002353 (v02 VBOX   VBOXBIOS 00000002 VBOX 00029BF3)
[    0.095414] ACPI: FACS 0x000000007FFF0200 000040
[    0.095417] ACPI: FACS 0x000000007FFF0200 000040
[    0.095420] ACPI: APIC 0x000000007FFF0240 000054 (v02 VBOX   VBOXAPIC 00000001 ASL  00000061)
[    0.095424] ACPI: SSDT 0x000000007FFF02A0 000038 (v01 VBOX   VBOXCPUT 00000002 VBOX 00029BF3)
[    0.095427] ACPI: Reserving FACP table memory at [mem 0x7fff00f0-0x7fff01e3]
[    0.095428] ACPI: Reserving DSDT table memory at [mem 0x7fff02e0-0x7fff2632]
[    0.095429] ACPI: Reserving FACS table memory at [mem 0x7fff0200-0x7fff023f]
[    0.095429] ACPI: Reserving FACS table memory at [mem 0x7fff0200-0x7fff023f]
[    0.095430] ACPI: Reserving APIC table memory at [mem 0x7fff0240-0x7fff0293]
[    0.095431] ACPI: Reserving SSDT table memory at [mem 0x7fff02a0-0x7fff02d7]
[    0.095444] ACPI: Local APIC address 0xfee00000
[    0.095627] No NUMA configuration found
[    0.095628] Faking a node at [mem 0x0000000000000000-0x000000007ffeffff]
[    0.095638] NODE_DATA(0) allocated [mem 0x7ffc5000-0x7ffeffff]
[    0.095899] Zone ranges:
[    0.095900]   DMA      [mem 0x0000000000001000-0x0000000000ffffff]
[    0.095901]   DMA32    [mem 0x0000000001000000-0x000000007ffeffff]
[    0.095902]   Normal   empty
[    0.095903]   Device   empty
[    0.095903] Movable zone start for each node
[    0.095905] Early memory node ranges
[    0.095906]   node   0: [mem 0x0000000000001000-0x000000000009efff]
[    0.095907]   node   0: [mem 0x0000000000100000-0x000000007ffeffff]
[    0.095910] Zeroed struct page in unavailable ranges: 114 pages
[    0.095911] Initmem setup node 0 [mem 0x0000000000001000-0x000000007ffeffff]
[    0.095912] On node 0 totalpages: 524174
[    0.095913]   DMA zone: 64 pages used for memmap
[    0.095914]   DMA zone: 21 pages reserved
[    0.095915]   DMA zone: 3998 pages, LIFO batch:0
[    0.095985]   DMA32 zone: 8128 pages used for memmap
[    0.095986]   DMA32 zone: 520176 pages, LIFO batch:63
[    0.104880] ACPI: PM-Timer IO Port: 0x4008
[    0.104884] ACPI: Local APIC address 0xfee00000
[    0.104948] IOAPIC[0]: apic_id 1, version 32, address 0xfec00000, GSI 0-23
[    0.104951] ACPI: INT_SRC_OVR (bus 0 bus_irq 0 global_irq 2 dfl dfl)
[    0.104953] ACPI: INT_SRC_OVR (bus 0 bus_irq 9 global_irq 9 low level)
[    0.104955] ACPI: IRQ0 used by override.
[    0.104956] ACPI: IRQ9 used by override.
[    0.104958] Using ACPI (MADT) for SMP configuration information
[    0.104964] smpboot: Allowing 1 CPUs, 0 hotplug CPUs
[    0.104986] PM: Registered nosave memory: [mem 0x00000000-0x00000fff]
[    0.104988] PM: Registered nosave memory: [mem 0x0009f000-0x0009ffff]
[    0.104988] PM: Registered nosave memory: [mem 0x000a0000-0x000effff]
[    0.104989] PM: Registered nosave memory: [mem 0x000f0000-0x000fffff]
[    0.104990] [mem 0x80000000-0xfebfffff] available for PCI devices
[    0.104991] Booting paravirtualized kernel on KVM
[    0.104994] clocksource: refined-jiffies: mask: 0xffffffff max_cycles: 0xffffffff, max_idle_ns: 7645519600211568 ns
[    0.104999] setup_percpu: NR_CPUS:8192 nr_cpumask_bits:1 nr_cpu_ids:1 nr_node_ids:1
[    0.105987] percpu: Embedded 60 pages/cpu s208896 r8192 d28672 u2097152
[    0.105992] pcpu-alloc: s208896 r8192 d28672 u2097152 alloc=1*2097152
[    0.105993] pcpu-alloc: [0] 0 
[    0.106018] Built 1 zonelists, mobility grouping on.  Total pages: 515961
[    0.106019] Policy zone: DMA32
[    0.106020] Kernel command line: BOOT_IMAGE=/boot/vmlinuz-5.4.243-tcp root=UUID=98415a12-53b7-4144-8265-0f7ece09e445 ro quiet splash
[    0.106856] Dentry cache hash table entries: 262144 (order: 9, 2097152 bytes, linear)
[    0.107003] Inode-cache hash table entries: 131072 (order: 8, 1048576 bytes, linear)
[    0.107051] mem auto-init: stack:off, heap alloc:on, heap free:off
[    0.107053] Calgary: detecting Calgary via BIOS EBDA area
[    0.107054] Calgary: Unable to locate Rio Grande table in EBDA - bailing!
[    0.111182] Memory: 1967340K/2096696K available (14339K kernel code, 2392K rwdata, 4692K rodata, 2720K init, 17272K bss, 129356K reserved, 0K cma-reserved)
[    0.112095] SLUB: HWalign=64, Order=0-3, MinObjects=0, CPUs=1, Nodes=1
[    0.112112] ftrace: allocating 42894 entries in 168 pages
[    0.129879] rcu: Hierarchical RCU implementation.
[    0.129881] rcu: 	RCU restricting CPUs from NR_CPUS=8192 to nr_cpu_ids=1.
[    0.129882] 	Tasks RCU enabled.
[    0.129883] rcu: RCU calculated value of scheduler-enlistment delay is 25 jiffies.
[    0.129884] rcu: Adjusting geometry for rcu_fanout_leaf=16, nr_cpu_ids=1
[    0.132890] NR_IRQS: 524544, nr_irqs: 256, preallocated irqs: 16
[    0.133099] random: crng init done
[    0.142520] Console: colour VGA+ 80x25
[    0.142524] printk: console [tty0] enabled
[    0.142543] ACPI: Core revision 20190816
[    0.142633] APIC: Switch to symmetric I/O mode setup
[    0.142888] x2apic enabled
[    0.143129] Switched APIC routing to physical x2apic.
[    0.144258] ..TIMER: vector=0x30 apic1=0 pin1=2 apic2=-1 pin2=-1
[    0.144283] clocksource: tsc-early: mask: 0xffffffffffffffff max_cycles: 0x1e4530a99b6, max_idle_ns: 440795257976 ns
[    0.144288] Calibrating delay loop (skipped) preset value.. 4200.00 BogoMIPS (lpj=8400000)
[    0.144291] pid_max: default: 32768 minimum: 301
[    0.144318] LSM: Security Framework initializing
[    0.144328] Yama: becoming mindful.
[    0.144354] AppArmor: AppArmor initialized
[    0.144388] Mount-cache hash table entries: 4096 (order: 3, 32768 bytes, linear)
[    0.144393] Mountpoint-cache hash table entries: 4096 (order: 3, 32768 bytes, linear)
[    0.144403] *** VALIDATE tmpfs ***
[    0.144532] *** VALIDATE proc ***
[    0.144573] *** VALIDATE cgroup1 ***
[    0.144574] *** VALIDATE cgroup2 ***
[    0.144713] process: using mwait in idle threads
[    0.144718] Last level iTLB entries: 4KB 64, 2MB 8, 4MB 8
[    0.144719] Last level dTLB entries: 4KB 64, 2MB 0, 4MB 0, 1GB 4
[    0.144738] Spectre V1 : Mitigation: usercopy/swapgs barriers and __user pointer sanitization
[    0.144743] Spectre V2 : Mitigation: Retpolines
[    0.144744] Spectre V2 : Spectre v2 / SpectreRSB mitigation: Filling RSB on context switch
[    0.144744] Spectre V2 : Spectre v2 / SpectreRSB : Filling RSB on VMEXIT
[    0.144745] RETBleed: WARNING: Spectre v2 mitigation leaves CPU vulnerable to RETBleed attacks, data leaks possible!
[    0.145097] RETBleed: Vulnerable
[    0.145098] Speculative Store Bypass: Vulnerable
[    0.145103] TAA: Mitigation: TSX disabled
[    0.145103] MMIO Stale Data: Mitigation: Clear CPU buffers
[    0.149262] Freeing SMP alternatives memory: 40K
[    0.261738] smpboot: CPU0: Intel(R) Xeon(R) Silver 4216 CPU @ 2.10GHz (family: 0x6, model: 0x55, stepping: 0x7)
[    0.261854] Performance Events: unsupported p6 CPU model 85 no PMU driver, software events only.
[    0.261889] rcu: Hierarchical SRCU implementation.
[    0.262360] NMI watchdog: Perf NMI watchdog permanently disabled
[    0.262396] smp: Bringing up secondary CPUs ...
[    0.262397] smp: Brought up 1 node, 1 CPU
[    0.262398] smpboot: Max logical packages: 1
[    0.262399] smpboot: Total of 1 processors activated (4200.00 BogoMIPS)
[    0.263358] devtmpfs: initialized
[    0.263402] x86/mm: Memory block size: 128MB
[    0.263740] clocksource: jiffies: mask: 0xffffffff max_cycles: 0xffffffff, max_idle_ns: 7645041785100000 ns
[    0.263746] futex hash table entries: 256 (order: 2, 16384 bytes, linear)
[    0.263788] pinctrl core: initialized pinctrl subsystem
[    0.263888] PM: RTC time: 11:52:34, date: 2026-01-20
[    0.263994] NET: Registered protocol family 16
[    0.264066] audit: initializing netlink subsys (disabled)
[    0.264190] EISA bus registered
[    0.264191] cpuidle: using governor ladder
[    0.264192] cpuidle: using governor menu
[    0.264229] ACPI: bus type PCI registered
[    0.264230] acpiphp: ACPI Hot Plug PCI Controller Driver version: 0.5
[    0.264285] PCI: Using configuration type 1 for base access
[    0.264442] audit: type=2000 audit(1768881160.277:1): state=initialized audit_enabled=0 res=1
[    0.264522] HugeTLB registered 2.00 MiB page size, pre-allocated 0 pages
[    0.265359] ACPI: Added _OSI(Module Device)
[    0.265359] ACPI: Added _OSI(Processor Device)
[    0.265360] ACPI: Added _OSI(3.0 _SCP Extensions)
[    0.265361] ACPI: Added _OSI(Processor Aggregator Device)
[    0.265362] ACPI: Added _OSI(Linux-Dell-Video)
[    0.265362] ACPI: Added _OSI(Linux-Lenovo-NV-HDMI-Audio)
[    0.265363] ACPI: Added _OSI(Linux-HPI-Hybrid-Graphics)
[    0.267369] ACPI: 2 ACPI AML tables successfully acquired and loaded
[    0.268918] ACPI: Interpreter enabled
[    0.268928] ACPI: (supports S0 S5)
[    0.268929] ACPI: Using IOAPIC for interrupt routing
[    0.269140] PCI: Using host bridge windows from ACPI; if necessary, use "pci=nocrs" and report a bug
[    0.269251] ACPI: Enabled 2 GPEs in block 00 to 07
[    0.274164] ACPI: PCI Root Bridge [PCI0] (domain 0000 [bus 00-ff])
[    0.274170] acpi PNP0A03:00: _OSC: OS supports [ASPM ClockPM Segments MSI HPX-Type3]
[    0.274649] acpi PNP0A03:00: _OSC: not requesting OS control; OS requires [ExtendedConfig ASPM ClockPM MSI]
[    0.274658] acpi PNP0A03:00: fail to add MMCONFIG information, can't access extended PCI configuration space under this bridge.
[    0.275070] PCI host bridge to bus 0000:00
[    0.275073] pci_bus 0000:00: root bus resource [io  0x0000-0x0cf7 window]
[    0.275074] pci_bus 0000:00: root bus resource [io  0x0d00-0xffff window]
[    0.275075] pci_bus 0000:00: root bus resource [mem 0x000a0000-0x000bffff window]
[    0.275076] pci_bus 0000:00: root bus resource [mem 0x80000000-0xfdffffff window]
[    0.275077] pci_bus 0000:00: root bus resource [bus 00-ff]
[    0.275124] pci 0000:00:00.0: [8086:1237] type 00 class 0x060000
[    0.276116] pci 0000:00:01.0: [8086:7000] type 00 class 0x060100
[    0.277049] pci 0000:00:01.1: [8086:7111] type 00 class 0x01018a
[    0.277435] pci 0000:00:01.1: reg 0x20: [io  0xd000-0xd00f]
[    0.277595] pci 0000:00:01.1: legacy IDE quirk: reg 0x10: [io  0x01f0-0x01f7]
[    0.277596] pci 0000:00:01.1: legacy IDE quirk: reg 0x14: [io  0x03f6]
[    0.277597] pci 0000:00:01.1: legacy IDE quirk: reg 0x18: [io  0x0170-0x0177]
[    0.277598] pci 0000:00:01.1: legacy IDE quirk: reg 0x1c: [io  0x0376]
[    0.278140] pci 0000:00:02.0: [15ad:0405] type 00 class 0x030000
[    0.280360] pci 0000:00:02.0: reg 0x10: [io  0xd010-0xd01f]
[    0.283177] pci 0000:00:02.0: reg 0x14: [mem 0xe0000000-0xe7ffffff pref]
[    0.286898] pci 0000:00:02.0: reg 0x18: [mem 0xf0000000-0xf01fffff]
[    0.297060] pci 0000:00:03.0: [1022:2000] type 00 class 0x020000
[    0.297765] pci 0000:00:03.0: reg 0x10: [io  0xd020-0xd03f]
[    0.298390] pci 0000:00:03.0: reg 0x14: [mem 0xf0200000-0xf0200fff]
[    0.301733] pci 0000:00:04.0: [80ee:cafe] type 00 class 0x088000
[    0.302420] pci 0000:00:04.0: reg 0x10: [io  0xd040-0xd05f]
[    0.303032] pci 0000:00:04.0: reg 0x14: [mem 0xf0400000-0xf07fffff]
[    0.304401] pci 0000:00:04.0: reg 0x18: [mem 0xf0800000-0xf0803fff pref]
[    0.307921] pci 0000:00:07.0: [8086:7113] type 00 class 0x068000
[    0.308658] pci 0000:00:07.0: quirk: [io  0x4000-0x403f] claimed by PIIX4 ACPI
[    0.308672] pci 0000:00:07.0: quirk: [io  0x4100-0x410f] claimed by PIIX4 SMB
[    0.309287] pci 0000:00:08.0: [8086:100e] type 00 class 0x020000
[    0.309995] pci 0000:00:08.0: reg 0x10: [mem 0xf0820000-0xf083ffff]
[    0.311151] pci 0000:00:08.0: reg 0x18: [io  0xd060-0xd067]
[    0.313916] pci 0000:00:09.0: [8086:100e] type 00 class 0x020000
[    0.314624] pci 0000:00:09.0: reg 0x10: [mem 0xf0840000-0xf085ffff]
[    0.315847] pci 0000:00:09.0: reg 0x18: [io  0xd068-0xd06f]
[    0.325328] ACPI: PCI Interrupt Link [LNKA] (IRQs 5 9 10 *11)
[    0.325619] ACPI: PCI Interrupt Link [LNKB] (IRQs 5 9 *10 11)
[    0.325718] ACPI: PCI Interrupt Link [LNKC] (IRQs 5 *9 10 11)
[    0.325822] ACPI: PCI Interrupt Link [LNKD] (IRQs 5 9 10 *11)
[    0.326076] iommu: Default domain type: Translated 
[    0.326132] pci 0000:00:02.0: vgaarb: setting as boot VGA device
[    0.326134] pci 0000:00:02.0: vgaarb: VGA device added: decodes=io+mem,owns=io+mem,locks=none
[    0.326136] pci 0000:00:02.0: vgaarb: bridge control possible
[    0.326136] vgaarb: loaded
[    0.326344] SCSI subsystem initialized
[    0.326375] libata version 3.00 loaded.
[    0.326402] ACPI: bus type USB registered
[    0.326416] usbcore: registered new interface driver usbfs
[    0.326422] usbcore: registered new interface driver hub
[    0.326426] usbcore: registered new device driver usb
[    0.326454] pps_core: LinuxPPS API ver. 1 registered
[    0.326455] pps_core: Software ver. 5.3.6 - Copyright 2005-2007 Rodolfo Giometti <giometti@linux.it>
[    0.326457] PTP clock support registered
[    0.326490] EDAC MC: Ver: 3.0.0
[    0.328546] PCI: Using ACPI for IRQ routing
[    0.328548] PCI: pci_cache_line_size set to 64 bytes
[    0.328724] e820: reserve RAM buffer [mem 0x0009fc00-0x0009ffff]
[    0.328728] e820: reserve RAM buffer [mem 0x7fff0000-0x7fffffff]
[    0.328850] NetLabel: Initializing
[    0.328850] NetLabel:  domain hash size = 128
[    0.328851] NetLabel:  protocols = UNLABELED CIPSOv4 CALIPSO
[    0.328869] NetLabel:  unlabeled traffic allowed by default
[    0.330469] clocksource: Switched to clocksource kvm-clock
[    0.339296] *** VALIDATE bpf ***
[    0.339296] VFS: Disk quotas dquot_6.6.0
[    0.339296] VFS: Dquot-cache hash table entries: 512 (order 0, 4096 bytes)
[    0.339296] *** VALIDATE ramfs ***
[    0.339296] *** VALIDATE hugetlbfs ***
[    0.339296] AppArmor: AppArmor Filesystem Enabled
[    0.339296] pnp: PnP ACPI init
[    0.339296] pnp 00:00: Plug and Play ACPI device, IDs PNP0303 (active)
[    0.342941] pnp 00:01: Plug and Play ACPI device, IDs PNP0f03 (active)
[    0.343739] pnp: PnP ACPI: found 2 devices
[    0.344698] thermal_sys: Registered thermal governor 'fair_share'
[    0.344699] thermal_sys: Registered thermal governor 'bang_bang'
[    0.344699] thermal_sys: Registered thermal governor 'step_wise'
[    0.344700] thermal_sys: Registered thermal governor 'user_space'
[    0.344700] thermal_sys: Registered thermal governor 'power_allocator'
[    0.349213] clocksource: acpi_pm: mask: 0xffffff max_cycles: 0xffffff, max_idle_ns: 2085701024 ns
[    0.349253] pci_bus 0000:00: resource 4 [io  0x0000-0x0cf7 window]
[    0.349254] pci_bus 0000:00: resource 5 [io  0x0d00-0xffff window]
[    0.349255] pci_bus 0000:00: resource 6 [mem 0x000a0000-0x000bffff window]
[    0.349256] pci_bus 0000:00: resource 7 [mem 0x80000000-0xfdffffff window]
[    0.349310] NET: Registered protocol family 2
[    0.349386] IP idents hash table entries: 32768 (order: 6, 262144 bytes, linear)
[    0.349761] tcp_listen_portaddr_hash hash table entries: 1024 (order: 2, 16384 bytes, linear)
[    0.349840] TCP established hash table entries: 16384 (order: 5, 131072 bytes, linear)
[    0.349904] TCP bind hash table entries: 16384 (order: 6, 262144 bytes, linear)
[    0.349930] TCP: Hash tables configured (established 16384 bind 16384)
[    0.349973] UDP hash table entries: 1024 (order: 3, 32768 bytes, linear)
[    0.349984] UDP-Lite hash table entries: 1024 (order: 3, 32768 bytes, linear)
[    0.350012] NET: Registered protocol family 1
[    0.350019] NET: Registered protocol family 44
[    0.350044] pci 0000:00:00.0: Limiting direct PCI/PCI transfers
[    0.350057] pci 0000:00:01.0: Activating ISA DMA hang workarounds
[    0.350114] pci 0000:00:02.0: Video device with shadowed ROM at [mem 0x000c0000-0x000dffff]
[    0.350178] PCI: CLS 0 bytes, default 64
[    0.350226] Trying to unpack rootfs image as initramfs...
[    0.519311] Freeing initrd memory: 47860K
[    0.519311] clocksource: tsc: mask: 0xffffffffffffffff max_cycles: 0x1e4530a99b6, max_idle_ns: 440795257976 ns
[    0.519311] clocksource: Switched to clocksource tsc
[    0.519311] platform rtc_cmos: registered platform RTC device (no PNP device found)
[    0.519311] check: Scanning for low memory corruption every 60 seconds
[    0.519311] Initialise system trusted keyrings
[    0.519311] Key type blacklist registered
[    0.519311] workingset: timestamp_bits=36 max_order=19 bucket_order=0
[    0.519311] zbud: loaded
[    0.519311] squashfs: version 4.0 (2009/01/31) Phillip Lougher
[    0.519311] fuse: init (API version 7.31)
[    0.519311] *** VALIDATE fuse ***
[    0.519311] *** VALIDATE fuse ***
[    0.519311] Platform Keyring initialized
[    0.519311] Key type asymmetric registered
[    0.519311] Asymmetric key parser 'x509' registered
[    0.519311] Block layer SCSI generic (bsg) driver version 0.4 loaded (major 244)
[    0.519311] io scheduler mq-deadline registered
[    0.519311] shpchp: Standard Hot Plug PCI Controller Driver version: 0.4
[    0.533167] ACPI: AC Adapter [AC] (on-line)
[    0.533213] input: Power Button as /devices/LNXSYSTM:00/LNXPWRBN:00/input/input0
[    0.533238] ACPI: Power Button [PWRF]
[    0.533316] input: Sleep Button as /devices/LNXSYSTM:00/LNXSLPBN:00/input/input1
[    0.533330] ACPI: Sleep Button [SLPF]
[    0.533551] Serial: 8250/16550 driver, 32 ports, IRQ sharing enabled
[    0.534685] Linux agpgart interface v0.103
[    0.623231] loop: module loaded
[    0.623365] ata_piix 0000:00:01.1: version 2.13
[    0.623756] scsi host0: ata_piix
[    0.623842] scsi host1: ata_piix
[    0.623869] ata1: PATA max UDMA/33 cmd 0x1f0 ctl 0x3f6 bmdma 0xd000 irq 14
[    0.623870] ata2: PATA max UDMA/33 cmd 0x170 ctl 0x376 bmdma 0xd008 irq 15
[    0.623943] tun: Universal TUN/TAP device driver, 1.6
[    0.624248] PPP generic driver version 2.4.2
[    0.624291] VFIO - User Level meta-driver version: 0.3
[    0.624533] ehci_hcd: USB 2.0 'Enhanced' Host Controller (EHCI) Driver
[    0.624539] ehci-pci: EHCI PCI platform driver
[    0.624550] ehci-platform: EHCI generic platform driver
[    0.624555] ohci_hcd: USB 1.1 'Open' Host Controller (OHCI) Driver
[    0.624557] ohci-pci: OHCI PCI platform driver
[    0.624562] ohci-platform: OHCI generic platform driver
[    0.624567] uhci_hcd: USB Universal Host Controller Interface driver
[    0.624625] i8042: PNP: PS/2 Controller [PNP0303:PS2K,PNP0f03:PS2M] at 0x60,0x64 irq 1,12
[    0.625075] serio: i8042 KBD port at 0x60,0x64 irq 1
[    0.625078] serio: i8042 AUX port at 0x60,0x64 irq 12
[    0.625163] mousedev: PS/2 mouse device common for all mice
[    0.625412] input: AT Translated Set 2 keyboard as /devices/platform/i8042/serio0/input/input2
[    0.625797] rtc_cmos rtc_cmos: registered as rtc0
[    0.625810] rtc_cmos rtc_cmos: alarms up to one day, 114 bytes nvram
[    0.625815] i2c /dev entries driver
[    0.625860] device-mapper: uevent: version 1.0.3
[    0.625901] device-mapper: ioctl: 4.41.0-ioctl (2019-09-16) initialised: dm-devel@redhat.com
[    0.625917] platform eisa.0: Probing EISA bus 0
[    0.625918] platform eisa.0: EISA: Cannot allocate resource for mainboard
[    0.625920] platform eisa.0: Cannot allocate resource for EISA slot 1
[    0.625921] platform eisa.0: Cannot allocate resource for EISA slot 2
[    0.625922] platform eisa.0: Cannot allocate resource for EISA slot 3
[    0.625923] platform eisa.0: Cannot allocate resource for EISA slot 4
[    0.625924] platform eisa.0: Cannot allocate resource for EISA slot 5
[    0.625925] platform eisa.0: Cannot allocate resource for EISA slot 6
[    0.625925] platform eisa.0: Cannot allocate resource for EISA slot 7
[    0.625926] platform eisa.0: Cannot allocate resource for EISA slot 8
[    0.625927] platform eisa.0: EISA: Detected 0 cards
[    0.625930] intel_pstate: CPU model not supported
[    0.625938] ledtrig-cpu: registered to indicate activity on CPUs
[    0.625986] drop_monitor: Initializing network drop monitor service
[    0.626142] NET: Registered protocol family 10
[    0.631259] Segment Routing with IPv6
[    0.631283] NET: Registered protocol family 17
[    0.631293] Key type dns_resolver registered
[    0.631293] RAS: Correctable Errors collector initialized.
[    0.631293] IPI shorthand broadcast: enabled
[    0.631293] sched_clock: Marking stable (616096830, 11196465)->(629019406, -1726111)
[    0.631482] registered taskstats version 1
[    0.631493] Loading compiled-in X.509 certificates
[    0.632076] Loaded X.509 cert 'Build time autogenerated kernel key: 0a9e52cc6eb58eed9b63e328679db6d5d5216245'
[    0.632093] zswap: loaded using pool lzo/zbud
[    0.632144] Key type ._fscrypt registered
[    0.632145] Key type .fscrypt registered
[    0.636588] Key type big_key registered
[    0.638798] Key type encrypted registered
[    0.638800] AppArmor: AppArmor sha1 policy hashing enabled
[    0.638806] ima: No TPM chip found, activating TPM-bypass!
[    0.638810] ima: Allocated hash algorithm: sha1
[    0.638815] ima: No architecture policies found
[    0.638823] evm: Initialising EVM extended attributes:
[    0.638823] evm: security.selinux
[    0.638824] evm: security.SMACK64
[    0.638824] evm: security.SMACK64EXEC
[    0.638825] evm: security.SMACK64TRANSMUTE
[    0.638825] evm: security.SMACK64MMAP
[    0.638826] evm: security.apparmor
[    0.638826] evm: security.ima
[    0.638826] evm: security.capability
[    0.638827] evm: HMAC attrs: 0x1
[    0.639110] PM:   Magic number: 10:975:883
[    0.639243] rtc_cmos rtc_cmos: setting system clock to 2026-01-20T11:52:35 UTC (1768909955)
[    0.796514] ata1.00: ATA-6: VBOX HARDDISK, 1.0, max UDMA/133
[    0.796518] ata1.00: 209715200 sectors, multi 128: LBA 
[    0.797209] scsi 0:0:0:0: Direct-Access     ATA      VBOX HARDDISK    1.0  PQ: 0 ANSI: 5
[    0.797513] sd 0:0:0:0: [sda] 209715200 512-byte logical blocks: (107 GB/100 GiB)
[    0.797526] sd 0:0:0:0: [sda] Write Protect is off
[    0.797529] sd 0:0:0:0: [sda] Mode Sense: 00 3a 00 00
[    0.797549] sd 0:0:0:0: [sda] Write cache: enabled, read cache: enabled, doesn't support DPO or FUA
[    0.797875] sd 0:0:0:0: Attached scsi generic sg0 type 0
[    0.798700]  sda: sda1 sda2
[    0.807406] sd 0:0:0:0: [sda] Attached SCSI disk
[    0.810672] Freeing unused decrypted memory: 2040K
[    0.811627] Freeing unused kernel image memory: 2720K
[    0.811630] Write protecting the kernel read-only data: 22528k
[    0.812657] Freeing unused kernel image memory: 2036K
[    0.813237] Freeing unused kernel image memory: 1452K
[    0.840146] x86/mm: Checked W+X mappings: passed, no W+X pages found.
[    0.840151] Run /init as init process
[    0.945191] ACPI: Video Device [GFX0] (multi-head: yes  rom: no  post: no)
[    0.945277] input: Video Bus as /devices/LNXSYSTM:00/LNXSYBUS:00/PNP0A03:00/LNXVIDEO:00/input/input4
[    0.957484] pcnet32: pcnet32.c:v1.35 21.Apr.2008 tsbogend@alpha.franken.de
[    0.959388] piix4_smbus 0000:00:07.0: SMBus Host Controller at 0x4100, revision 0
[    0.961902] e1000: Intel(R) PRO/1000 Network Driver - version 7.3.21-k8-NAPI
[    0.961902] e1000: Copyright (c) 1999-2006 Intel Corporation.
[    0.968748] pcnet32: PCnet/FAST III 79C973 at 0xd020, 08:00:27:77:38:e2 assigned IRQ 19
[    0.968796] pcnet32: Found PHY 0022:561b at address 0
[    0.969138] pcnet32: eth0: registered as PCnet/FAST III 79C973
[    0.978582] pcnet32: 1 cards_found
[    1.036597] pcnet32 0000:00:03.0 enp0s3: renamed from eth0
[    1.188837] input: ImExPS/2 Generic Explorer Mouse as /devices/platform/i8042/serio1/input/input5
[    1.379655] e1000 0000:00:08.0 eth0: (PCI:33MHz:32-bit) 08:00:27:09:32:45
[    1.379660] e1000 0000:00:08.0 eth0: Intel(R) PRO/1000 Network Connection
[    1.751621] e1000 0000:00:09.0 eth1: (PCI:33MHz:32-bit) 08:00:27:a5:45:2c
[    1.751625] e1000 0000:00:09.0 eth1: Intel(R) PRO/1000 Network Connection
[    1.752907] e1000 0000:00:09.0 enp0s9: renamed from eth1
[    1.754811] e1000 0000:00:08.0 enp0s8: renamed from eth0
[    1.811665] EXT4-fs (sda2): mounted filesystem with ordered data mode. Opts: (null)
[    1.911475] systemd[1]: Inserted module 'autofs4'
[    1.924164] systemd[1]: systemd 245.4-4ubuntu3 running in system mode. (+PAM +AUDIT +SELINUX +IMA +APPARMOR +SMACK +SYSVINIT +UTMP +LIBCRYPTSETUP +GCRYPT +GNUTLS +ACL +XZ +LZ4 +SECCOMP +BLKID +ELFUTILS +KMOD +IDN2 -IDN +PCRE2 default-hierarchy=hybrid)
[    1.924194] systemd[1]: Detected virtualization oracle.
[    1.924198] systemd[1]: Detected architecture x86-64.
[    1.925576] systemd[1]: Set hostname to <ztg>.
[    2.058354] systemd[1]: /lib/systemd/system/dbus.socket:5: ListenStream= references a path below legacy directory /var/run/, updating /var/run/dbus/system_bus_socket â†’ /run/dbus/system_bus_socket; please update the unit file accordingly.
[    2.113509] systemd[1]: Created slice system-modprobe.slice.
[    2.113713] systemd[1]: Created slice User and Session Slice.
[    2.113761] systemd[1]: Started Forward Password Requests to Wall Directory Watch.
[    2.113930] systemd[1]: Set up automount Arbitrary Executable File Formats File System Automount Point.
[    2.113963] systemd[1]: Reached target User and Group Name Lookups.
[    2.113971] systemd[1]: Reached target Remote File Systems.
[    2.113980] systemd[1]: Reached target Slices.
[    2.114597] systemd[1]: Listening on Syslog Socket.
[    2.114671] systemd[1]: Listening on fsck to fsckd communication Socket.
[    2.114710] systemd[1]: Listening on initctl Compatibility Named Pipe.
[    2.114853] systemd[1]: Listening on Journal Audit Socket.
[    2.114906] systemd[1]: Listening on Journal Socket (/dev/log).
[    2.114980] systemd[1]: Listening on Journal Socket.
[    2.115046] systemd[1]: Listening on udev Control Socket.
[    2.115085] systemd[1]: Listening on udev Kernel Socket.
[    2.115993] systemd[1]: Mounting Huge Pages File System...
[    2.117046] systemd[1]: Mounting POSIX Message Queue File System...
[    2.118011] systemd[1]: Mounting Kernel Debug File System...
[    2.118936] systemd[1]: Mounting Kernel Trace File System...
[    2.121505] systemd[1]: Starting Journal Service...
[    2.145854] systemd[1]: Starting Set the console keyboard layout...
[    2.151271] systemd[1]: Starting Create list of static device nodes for the current kernel...
[    2.156144] systemd[1]: Starting Load Kernel Module drm...
[    2.158573] systemd[1]: Condition check resulted in Set Up Additional Binary Formats being skipped.
[    2.158621] systemd[1]: Condition check resulted in File System Check on Root Device being skipped.
[    2.169341] systemd[1]: Starting Load Kernel Modules...
[    2.170162] systemd[1]: Starting Remount Root and Kernel File Systems...
[    2.171013] systemd[1]: Starting udev Coldplug all Devices...
[    2.171879] systemd[1]: Starting Uncomplicated firewall...
[    2.173503] systemd[1]: Mounted Huge Pages File System.
[    2.173596] systemd[1]: Mounted POSIX Message Queue File System.
[    2.173670] systemd[1]: Mounted Kernel Debug File System.
[    2.173743] systemd[1]: Mounted Kernel Trace File System.
[    2.224661] systemd[1]: Finished Create list of static device nodes for the current kernel.
[    2.225079] systemd[1]: modprobe@drm.service: Succeeded.
[    2.227309] systemd[1]: Finished Load Kernel Module drm.
[    2.228053] systemd[1]: Finished Uncomplicated firewall.
[    2.231644] EXT4-fs (sda2): re-mounted. Opts: errors=remount-ro
[    2.234692] systemd[1]: Finished Remount Root and Kernel File Systems.
[    2.235995] systemd[1]: Condition check resulted in Rebuild Hardware Database being skipped.
[    2.236028] systemd[1]: Condition check resulted in Platform Persistent Storage Archival being skipped.
[    2.236914] systemd[1]: Starting Load/Save Random Seed...
[    2.251380] systemd[1]: Starting Create System Users...
[    2.277081] systemd[1]: Finished Load/Save Random Seed.
[    2.279664] systemd[1]: Finished Create System Users.
[    2.280489] systemd[1]: Starting Create Static Device Nodes in /dev...
[    2.285485] lp: driver loaded but no devices found
[    2.306987] ppdev: user-space parallel port driver
[    2.321808] systemd[1]: Finished Create Static Device Nodes in /dev.
[    2.322674] systemd[1]: Starting udev Kernel Device Manager...
[    2.390793] systemd[1]: Finished udev Coldplug all Devices.
[    2.391930] [drm] DMA map mode: Caching DMA mappings.
[    2.391993] [drm] Capabilities:
[    2.391994] [drm]   Rect copy.
[    2.391994] [drm]   Cursor.
[    2.391994] [drm]   Cursor bypass.
[    2.391995] [drm]   Cursor bypass 2.
[    2.391995] [drm]   Alpha cursor.
[    2.391996] [drm]   Extended Fifo.
[    2.391996] [drm]   Pitchlock.
[    2.391996] [drm]   Irq mask.
[    2.391997] [drm]   GMR.
[    2.391997] [drm]   Traces.
[    2.391997] [drm]   GMR2.
[    2.391998] [drm]   Screen Object 2.
[    2.391998] [drm]   Command Buffers.
[    2.391999] [drm]   Command Buffers 2.
[    2.391999] [drm]   Guest Backed Resources.
[    2.392000] [drm] Max GMR ids is 8192
[    2.392001] [drm] Max number of GMR pages is 1048576
[    2.392002] [drm] Max dedicated hypervisor surface memory is 393216 kiB
[    2.392002] [drm] Maximum display memory size is 131072 kiB
[    2.392003] [drm] VRAM at 0xe0000000 size is 131072 kiB
[    2.392003] [drm] MMIO at 0xf0000000 size is 2048 kiB
[    2.392655] [TTM] Zone  kernel: Available graphics memory: 1011744 KiB
[    2.392656] [TTM] Initializing pool allocator
[    2.392664] [TTM] Initializing DMA pool allocator
[    2.392696] [drm] Supports vblank timestamp caching Rev 2 (21.10.2013).
[    2.392696] [drm] No driver support for vblank timestamp query.
[    2.392956] [drm] Screen Target Display device initialized
[    2.393297] [drm] width 720
[    2.393306] [drm] height 400
[    2.393310] [drm] bpp 32
[    2.393840] [drm] Fifo max 0x00200000 min 0x00001000 cap 0x00000355
[    2.395621] [drm] Using command buffers with DMA pool.
[    2.395627] [drm] DX: no.
[    2.395627] [drm] Atomic: yes.
[    2.395628] [drm] SM4_1: no.
[    2.395651] [drm:vmw_host_log [vmwgfx]] *ERROR* Failed to send host log message.
[    2.403467] [drm:vmw_host_log [vmwgfx]] *ERROR* Failed to send host log message.
[    2.421500] fbcon: svgadrmfb (fb0) is primary device
[    2.429743] Console: switching to colour frame buffer device 100x37
[    2.439016] [drm] Initialized vmwgfx 2.15.0 20180704 for 0000:00:02.0 on minor 0
[    2.440150] systemd[1]: Finished Load Kernel Modules.
[    2.441281] systemd[1]: Mounting FUSE Control File System...
[    2.442561] systemd[1]: Mounting Kernel Configuration File System...
[    2.455616] systemd[1]: Starting Apply Kernel Variables...
[    2.462141] systemd[1]: Finished Set the console keyboard layout.
[    2.462870] systemd[1]: Mounted FUSE Control File System.
[    2.462944] systemd[1]: Reached target Local File Systems (Pre).
[    2.462964] systemd[1]: Condition check resulted in VMware vmblock fuse mount being skipped.
[    2.471951] systemd[1]: Mounting Mount unit for bare, revision 5...
[    2.474716] systemd[1]: Mounting Mount unit for core18, revision 1705...
[    2.502457] systemd[1]: Mounting Mount unit for gnome-3-34-1804, revision 24...
[    2.513913] systemd[1]: Mounting Mount unit for gtk-common-themes, revision 1506...
[    2.517652] systemd[1]: Mounting Mount unit for gtk-common-themes, revision 1535...
[    2.529919] systemd[1]: Mounting Mount unit for snap-store, revision 433...
[    2.538334] systemd[1]: Mounting Mount unit for snapd, revision 7264...
[    2.562035] systemd[1]: Started udev Kernel Device Manager.
[    2.562164] systemd[1]: Mounted Kernel Configuration File System.
[    2.562547] systemd[1]: Finished Apply Kernel Variables.
[    2.562654] systemd[1]: Mounted Mount unit for bare, revision 5.
[    2.562741] systemd[1]: Mounted Mount unit for core18, revision 1705.
[    2.562825] systemd[1]: Mounted Mount unit for gnome-3-34-1804, revision 24.
[    2.565275] systemd[1]: Starting Show Plymouth Boot Screen...
[    2.569478] systemd[1]: Received SIGRTMIN+20 from PID 278 (plymouthd).
[    2.595130] systemd[1]: Started Show Plymouth Boot Screen.
[    2.595294] systemd[1]: Condition check resulted in Dispatch Password Requests to Console Directory Watch being skipped.
[    2.595383] systemd[1]: Started Forward Password Requests to Plymouth Directory Watch.
[    2.595433] systemd[1]: Reached target Local Encrypted Volumes.
[    2.663318] systemd[1]: Mounted Mount unit for gtk-common-themes, revision 1506.
[    2.663659] systemd[1]: Mounted Mount unit for gtk-common-themes, revision 1535.
[    2.696632] systemd[1]: Mounted Mount unit for snap-store, revision 433.
[    2.696929] systemd[1]: Mounted Mount unit for snapd, revision 7264.
[    2.697115] systemd[1]: Reached target Local File Systems.
[    2.700491] systemd[1]: Starting Load AppArmor profiles...
[    2.706304] systemd[1]: Starting Set console font and keymap...
[    2.712553] systemd[1]: Starting Tell Plymouth To Write Out Runtime Data...
[    2.718731] systemd[1]: Condition check resulted in Store a System Token in an EFI Variable being skipped.
[    2.718763] systemd[1]: Condition check resulted in Commit a transient machine-id on disk being skipped.
[    2.721211] systemd[1]: Finished Set console font and keymap.
[    2.727126] systemd[1]: Received SIGRTMIN+20 from PID 278 (plymouthd).
[    2.727754] systemd[1]: plymouth-read-write.service: Succeeded.
[    2.728014] systemd[1]: Finished Tell Plymouth To Write Out Runtime Data.
[    2.764486] audit: type=1400 audit(1768909957.624:2): apparmor="STATUS" operation="profile_load" profile="unconfined" name="nvidia_modprobe" pid=299 comm="apparmor_parser"
[    2.764488] audit: type=1400 audit(1768909957.624:3): apparmor="STATUS" operation="profile_load" profile="unconfined" name="nvidia_modprobe//kmod" pid=299 comm="apparmor_parser"
[    2.771497] audit: type=1400 audit(1768909957.628:4): apparmor="STATUS" operation="profile_load" profile="unconfined" name="/usr/sbin/tcpdump" pid=300 comm="apparmor_parser"
[    2.816055] audit: type=1400 audit(1768909957.668:5): apparmor="STATUS" operation="profile_load" profile="unconfined" name="/usr/bin/evince" pid=302 comm="apparmor_parser"
[    2.816058] audit: type=1400 audit(1768909957.668:6): apparmor="STATUS" operation="profile_load" profile="unconfined" name="/usr/bin/evince//sanitized_helper" pid=302 comm="apparmor_parser"
[    2.816059] audit: type=1400 audit(1768909957.668:7): apparmor="STATUS" operation="profile_load" profile="unconfined" name="/usr/bin/evince-previewer" pid=302 comm="apparmor_parser"
[    2.816061] audit: type=1400 audit(1768909957.668:8): apparmor="STATUS" operation="profile_load" profile="unconfined" name="/usr/bin/evince-previewer//sanitized_helper" pid=302 comm="apparmor_parser"
[    2.816063] audit: type=1400 audit(1768909957.668:9): apparmor="STATUS" operation="profile_load" profile="unconfined" name="/usr/bin/evince-thumbnailer" pid=302 comm="apparmor_parser"
[    2.829175] audit: type=1400 audit(1768909957.688:10): apparmor="STATUS" operation="profile_load" profile="unconfined" name="/usr/lib/cups/backend/cups-pdf" pid=303 comm="apparmor_parser"
[    2.899008] systemd[1]: Finished Load AppArmor profiles.
[    2.900179] systemd[1]: Starting Load AppArmor profiles managed internally by snapd...
[    2.983225] systemd[1]: Finished Load AppArmor profiles managed internally by snapd.
[    3.122281] systemd[1]: Started Journal Service.
[    3.132604] systemd-journald[228]: Received client request to flush runtime journal.
[    4.556344] RAPL PMU: API unit is 2^-32 Joules, 0 fixed counters, 10737418240 ms ovfl timer
[    4.599606] cryptd: max_cpu_qlen set to 1000
[    4.665605] AVX2 version of gcm_enc/dec engaged.
[    4.665606] AES CTR mode by8 optimization enabled
[    5.496004] Adding 1998844k swap on /dev/sda1.  Priority:-2 extents:1 across:1998844k FS
[    6.626167] kauditd_printk_skb: 30 callbacks suppressed
[    6.626168] audit: type=1400 audit(1768909961.484:41): apparmor="DENIED" operation="capable" profile="/usr/sbin/cups-browsed" pid=495 comm="cups-browsed" capability=23  capname="sys_nice"
[    7.688444] pcnet32 0000:00:03.0 enp0s3: link up, 100Mbps, full-duplex
[    7.724775] e1000: enp0s8 NIC Link is Up 1000 Mbps Full Duplex, Flow Control: RX
[    7.725080] IPv6: ADDRCONF(NETDEV_CHANGE): enp0s8: link becomes ready
[    7.736714] e1000: enp0s9 NIC Link is Up 1000 Mbps Full Duplex, Flow Control: RX
[    7.737015] IPv6: ADDRCONF(NETDEV_CHANGE): enp0s9: link becomes ready
[    8.278800] device enp0s3 entered promiscuous mode
[    8.317939] audit: type=1400 audit(1768909963.164:42): apparmor="DENIED" operation="open" profile="/usr/sbin/tcpdump" name="/proc/sys/kernel/random/boot_id" pid=682 comm="tcpdump" requested_mask="r" denied_mask="r" fsuid=0 ouid=0
[    8.318153] audit: type=1400 audit(1768909963.164:43): apparmor="DENIED" operation="open" profile="/usr/sbin/tcpdump" name="/proc/sys/kernel/random/boot_id" pid=682 comm="tcpdump" requested_mask="r" denied_mask="r" fsuid=0 ouid=0
[    8.318195] audit: type=1400 audit(1768909963.164:44): apparmor="DENIED" operation="open" profile="/usr/sbin/tcpdump" name="/proc/sys/kernel/random/boot_id" pid=682 comm="tcpdump" requested_mask="r" denied_mask="r" fsuid=0 ouid=0
[    8.319393] audit: type=1400 audit(1768909963.176:45): apparmor="DENIED" operation="open" profile="/usr/sbin/tcpdump" name="/proc/sys/kernel/random/boot_id" pid=682 comm="tcpdump" requested_mask="r" denied_mask="r" fsuid=0 ouid=0
[    8.322731] audit: type=1400 audit(1768909963.180:46): apparmor="DENIED" operation="open" profile="/usr/sbin/tcpdump" name="/proc/sys/kernel/random/boot_id" pid=683 comm="tcpdump" requested_mask="r" denied_mask="r" fsuid=0 ouid=0
[    8.322858] audit: type=1400 audit(1768909963.180:47): apparmor="DENIED" operation="open" profile="/usr/sbin/tcpdump" name="/proc/sys/kernel/random/boot_id" pid=683 comm="tcpdump" requested_mask="r" denied_mask="r" fsuid=0 ouid=0
[    8.322976] audit: type=1400 audit(1768909963.180:48): apparmor="DENIED" operation="open" profile="/usr/sbin/tcpdump" name="/proc/sys/kernel/random/boot_id" pid=683 comm="tcpdump" requested_mask="r" denied_mask="r" fsuid=0 ouid=0
[    8.323033] audit: type=1400 audit(1768909963.180:49): apparmor="DENIED" operation="open" profile="/usr/sbin/tcpdump" name="/proc/sys/kernel/random/boot_id" pid=683 comm="tcpdump" requested_mask="r" denied_mask="r" fsuid=0 ouid=0
[   12.926122] rfkill: input handler disabled
[   95.052690] rfkill: input handler enabled
[  104.449476] rfkill: input handler disabled
[  369.101659] device enp0s3 left promiscuous mode
