[    0.000000] Linux version 5.4.243-tcp (root@ztg) (gcc version 12.2.0 (Debian 12.2.0-14)) #1 SMP Fri Apr 12 08:27:09 CST 2024
[    0.000000] Command line: BOOT_IMAGE=/boot/vmlinuz-5.4.243-tcp root=UUID=98415a12-53b7-4144-8265-0f7ece09e445 ro quiet splash
[    0.000000] KERNEL supported cpus:
[    0.000000]   Intel GenuineIntel
[    0.000000]   AMD AuthenticAMD
[    0.000000]   Hygon HygonGenuine
[    0.000000]   Centaur CentaurHauls
[    0.000000]   zhaoxin   Shanghai  
[    0.000000] x86/fpu: Supporting XSAVE feature 0x001: 'x87 floating point registers'
[    0.000000] x86/fpu: Supporting XSAVE feature 0x002: 'SSE registers'
[    0.000000] x86/fpu: Supporting XSAVE feature 0x004: 'AVX registers'
[    0.000000] x86/fpu: xstate_offset[2]:  576, xstate_sizes[2]:  256
[    0.000000] x86/fpu: Enabled xstate features 0x7, context size is 832 bytes, using 'standard' format.
[    0.000000] BIOS-provided physical RAM map:
[    0.000000] BIOS-e820: [mem 0x0000000000000000-0x000000000009fbff] usable
[    0.000000] BIOS-e820: [mem 0x000000000009fc00-0x000000000009ffff] reserved
[    0.000000] BIOS-e820: [mem 0x00000000000f0000-0x00000000000fffff] reserved
[    0.000000] BIOS-e820: [mem 0x0000000000100000-0x000000007ffeffff] usable
[    0.000000] BIOS-e820: [mem 0x000000007fff0000-0x000000007fffffff] ACPI data
[    0.000000] BIOS-e820: [mem 0x00000000fec00000-0x00000000fec00fff] reserved
[    0.000000] BIOS-e820: [mem 0x00000000fee00000-0x00000000fee00fff] reserved
[    0.000000] BIOS-e820: [mem 0x00000000fffc0000-0x00000000ffffffff] reserved
[    0.000000] NX (Execute Disable) protection: active
[    0.000000] SMBIOS 2.5 present.
[    0.000000] DMI: innotek GmbH VirtualBox/VirtualBox, BIOS VirtualBox 12/01/2006
[    0.000000] Hypervisor detected: KVM
[    0.000000] kvm-clock: Using msrs 4b564d01 and 4b564d00
[    0.000000] kvm-clock: cpu 0, msr 7e201001, primary cpu clock
[    0.000000] kvm-clock: using sched offset of 4423481257 cycles
[    0.000003] clocksource: kvm-clock: mask: 0xffffffffffffffff max_cycles: 0x1cd42e4dffb, max_idle_ns: 881590591483 ns
[    0.000005] tsc: Detected 2100.000 MHz processor
[    0.001865] e820: update [mem 0x00000000-0x00000fff] usable ==> reserved
[    0.001867] e820: remove [mem 0x000a0000-0x000fffff] usable
[    0.001872] last_pfn = 0x7fff0 max_arch_pfn = 0x400000000
[    0.001939] MTRR default type: uncachable
[    0.001940] MTRR fixed ranges enabled:
[    0.001942]   00000-9FFFF write-back
[    0.001942]   A0000-BFFFF uncachable
[    0.001943]   C0000-FFFFF write-protect
[    0.001944] MTRR variable ranges enabled:
[    0.001945]   0 base 000000000000 mask 3FFF80000000 write-back
[    0.001946]   1 disabled
[    0.001946]   2 disabled
[    0.001947]   3 disabled
[    0.001947]   4 disabled
[    0.001948]   5 disabled
[    0.001948]   6 disabled
[    0.001948]   7 disabled
[    0.001949]   8 disabled
[    0.001949]   9 disabled
[    0.001950]   10 disabled
[    0.001950]   11 disabled
[    0.001951]   12 disabled
[    0.001951]   13 disabled
[    0.001951]   14 disabled
[    0.001952]   15 disabled
[    0.001968] x86/PAT: Configuration [0-7]: WB  WC  UC- UC  WB  WP  UC- WT  
[    0.002103] found SMP MP-table at [mem 0x0009fff0-0x0009ffff]
[    0.092649] check: Scanning 1 areas for low memory corruption
[    0.092896] RAMDISK: [mem 0x32275000-0x35131fff]
[    0.092903] ACPI: Early table checksum verification disabled
[    0.092909] ACPI: RSDP 0x00000000000E0000 000024 (v02 VBOX  )
[    0.092914] ACPI: XSDT 0x000000007FFF0030 00003C (v01 VBOX   VBOXXSDT 00000001 ASL  00000061)
[    0.092920] ACPI: FACP 0x000000007FFF00F0 0000F4 (v04 VBOX   VBOXFACP 00000001 ASL  00000061)
[    0.092927] ACPI: DSDT 0x000000007FFF02E0 002353 (v02 VBOX   VBOXBIOS 00000002 VBOX 00029BF3)
[    0.092931] ACPI: FACS 0x000000007FFF0200 000040
[    0.092934] ACPI: FACS 0x000000007FFF0200 000040
[    0.092937] ACPI: APIC 0x000000007FFF0240 000054 (v02 VBOX   VBOXAPIC 00000001 ASL  00000061)
[    0.092941] ACPI: SSDT 0x000000007FFF02A0 000038 (v01 VBOX   VBOXCPUT 00000002 VBOX 00029BF3)
[    0.092944] ACPI: Reserving FACP table memory at [mem 0x7fff00f0-0x7fff01e3]
[    0.092945] ACPI: Reserving DSDT table memory at [mem 0x7fff02e0-0x7fff2632]
[    0.092946] ACPI: Reserving FACS table memory at [mem 0x7fff0200-0x7fff023f]
[    0.092946] ACPI: Reserving FACS table memory at [mem 0x7fff0200-0x7fff023f]
[    0.092947] ACPI: Reserving APIC table memory at [mem 0x7fff0240-0x7fff0293]
[    0.092948] ACPI: Reserving SSDT table memory at [mem 0x7fff02a0-0x7fff02d7]
[    0.092963] ACPI: Local APIC address 0xfee00000
[    0.093152] No NUMA configuration found
[    0.093153] Faking a node at [mem 0x0000000000000000-0x000000007ffeffff]
[    0.093163] NODE_DATA(0) allocated [mem 0x7ffc5000-0x7ffeffff]
[    0.093423] Zone ranges:
[    0.093424]   DMA      [mem 0x0000000000001000-0x0000000000ffffff]
[    0.093426]   DMA32    [mem 0x0000000001000000-0x000000007ffeffff]
[    0.093427]   Normal   empty
[    0.093427]   Device   empty
[    0.093428] Movable zone start for each node
[    0.093430] Early memory node ranges
[    0.093431]   node   0: [mem 0x0000000000001000-0x000000000009efff]
[    0.093431]   node   0: [mem 0x0000000000100000-0x000000007ffeffff]
[    0.094757] Zeroed struct page in unavailable ranges: 114 pages
[    0.094758] Initmem setup node 0 [mem 0x0000000000001000-0x000000007ffeffff]
[    0.094759] On node 0 totalpages: 524174
[    0.094761]   DMA zone: 64 pages used for memmap
[    0.094761]   DMA zone: 21 pages reserved
[    0.094762]   DMA zone: 3998 pages, LIFO batch:0
[    0.094837]   DMA32 zone: 8128 pages used for memmap
[    0.094838]   DMA32 zone: 520176 pages, LIFO batch:63
[    0.112413] ACPI: PM-Timer IO Port: 0x4008
[    0.112418] ACPI: Local APIC address 0xfee00000
[    0.112490] IOAPIC[0]: apic_id 1, version 32, address 0xfec00000, GSI 0-23
[    0.112493] ACPI: INT_SRC_OVR (bus 0 bus_irq 0 global_irq 2 dfl dfl)
[    0.112495] ACPI: INT_SRC_OVR (bus 0 bus_irq 9 global_irq 9 low level)
[    0.112497] ACPI: IRQ0 used by override.
[    0.112498] ACPI: IRQ9 used by override.
[    0.112500] Using ACPI (MADT) for SMP configuration information
[    0.112508] smpboot: Allowing 1 CPUs, 0 hotplug CPUs
[    0.112532] PM: Registered nosave memory: [mem 0x00000000-0x00000fff]
[    0.112533] PM: Registered nosave memory: [mem 0x0009f000-0x0009ffff]
[    0.112534] PM: Registered nosave memory: [mem 0x000a0000-0x000effff]
[    0.112534] PM: Registered nosave memory: [mem 0x000f0000-0x000fffff]
[    0.112536] [mem 0x80000000-0xfebfffff] available for PCI devices
[    0.112537] Booting paravirtualized kernel on KVM
[    0.112541] clocksource: refined-jiffies: mask: 0xffffffff max_cycles: 0xffffffff, max_idle_ns: 7645519600211568 ns
[    0.112546] setup_percpu: NR_CPUS:8192 nr_cpumask_bits:1 nr_cpu_ids:1 nr_node_ids:1
[    0.112881] percpu: Embedded 60 pages/cpu s208896 r8192 d28672 u2097152
[    0.112885] pcpu-alloc: s208896 r8192 d28672 u2097152 alloc=1*2097152
[    0.112886] pcpu-alloc: [0] 0 
[    0.112912] Built 1 zonelists, mobility grouping on.  Total pages: 515961
[    0.112913] Policy zone: DMA32
[    0.112914] Kernel command line: BOOT_IMAGE=/boot/vmlinuz-5.4.243-tcp root=UUID=98415a12-53b7-4144-8265-0f7ece09e445 ro quiet splash
[    0.113239] Dentry cache hash table entries: 262144 (order: 9, 2097152 bytes, linear)
[    0.113285] Inode-cache hash table entries: 131072 (order: 8, 1048576 bytes, linear)
[    0.113336] mem auto-init: stack:off, heap alloc:on, heap free:off
[    0.113338] Calgary: detecting Calgary via BIOS EBDA area
[    0.113340] Calgary: Unable to locate Rio Grande table in EBDA - bailing!
[    0.117172] Memory: 1967340K/2096696K available (14339K kernel code, 2392K rwdata, 4692K rodata, 2720K init, 17272K bss, 129356K reserved, 0K cma-reserved)
[    0.117429] SLUB: HWalign=64, Order=0-3, MinObjects=0, CPUs=1, Nodes=1
[    0.117446] ftrace: allocating 42894 entries in 168 pages
[    0.134606] rcu: Hierarchical RCU implementation.
[    0.134608] rcu: 	RCU restricting CPUs from NR_CPUS=8192 to nr_cpu_ids=1.
[    0.134609] 	Tasks RCU enabled.
[    0.134610] rcu: RCU calculated value of scheduler-enlistment delay is 25 jiffies.
[    0.134611] rcu: Adjusting geometry for rcu_fanout_leaf=16, nr_cpu_ids=1
[    0.137635] NR_IRQS: 524544, nr_irqs: 256, preallocated irqs: 16
[    0.137851] random: crng init done
[    0.147131] Console: colour VGA+ 80x25
[    0.147136] printk: console [tty0] enabled
[    0.147157] ACPI: Core revision 20190816
[    0.147259] APIC: Switch to symmetric I/O mode setup
[    0.147512] x2apic enabled
[    0.147754] Switched APIC routing to physical x2apic.
[    0.148902] ..TIMER: vector=0x30 apic1=0 pin1=2 apic2=-1 pin2=-1
[    0.148928] clocksource: tsc-early: mask: 0xffffffffffffffff max_cycles: 0x1e4530a99b6, max_idle_ns: 440795257976 ns
[    0.148934] Calibrating delay loop (skipped) preset value.. 4200.00 BogoMIPS (lpj=8400000)
[    0.148936] pid_max: default: 32768 minimum: 301
[    0.148965] LSM: Security Framework initializing
[    0.148975] Yama: becoming mindful.
[    0.149001] AppArmor: AppArmor initialized
[    0.149036] Mount-cache hash table entries: 4096 (order: 3, 32768 bytes, linear)
[    0.149040] Mountpoint-cache hash table entries: 4096 (order: 3, 32768 bytes, linear)
[    0.149050] *** VALIDATE tmpfs ***
[    0.149181] *** VALIDATE proc ***
[    0.149221] *** VALIDATE cgroup1 ***
[    0.149223] *** VALIDATE cgroup2 ***
[    0.149366] process: using mwait in idle threads
[    0.149372] Last level iTLB entries: 4KB 64, 2MB 8, 4MB 8
[    0.149372] Last level dTLB entries: 4KB 64, 2MB 0, 4MB 0, 1GB 4
[    0.149392] Spectre V1 : Mitigation: usercopy/swapgs barriers and __user pointer sanitization
[    0.149398] Spectre V2 : Mitigation: Retpolines
[    0.149399] Spectre V2 : Spectre v2 / SpectreRSB mitigation: Filling RSB on context switch
[    0.149399] Spectre V2 : Spectre v2 / SpectreRSB : Filling RSB on VMEXIT
[    0.149400] RETBleed: WARNING: Spectre v2 mitigation leaves CPU vulnerable to RETBleed attacks, data leaks possible!
[    0.149757] RETBleed: Vulnerable
[    0.149758] Speculative Store Bypass: Vulnerable
[    0.149762] TAA: Mitigation: TSX disabled
[    0.149763] MMIO Stale Data: Mitigation: Clear CPU buffers
[    0.153958] Freeing SMP alternatives memory: 40K
[    0.266065] smpboot: CPU0: Intel(R) Xeon(R) Silver 4216 CPU @ 2.10GHz (family: 0x6, model: 0x55, stepping: 0x7)
[    0.266201] Performance Events: unsupported p6 CPU model 85 no PMU driver, software events only.
[    0.266237] rcu: Hierarchical SRCU implementation.
[    0.266744] NMI watchdog: Perf NMI watchdog permanently disabled
[    0.266783] smp: Bringing up secondary CPUs ...
[    0.266784] smp: Brought up 1 node, 1 CPU
[    0.266785] smpboot: Max logical packages: 1
[    0.266787] smpboot: Total of 1 processors activated (4200.00 BogoMIPS)
[    0.267093] devtmpfs: initialized
[    0.267139] x86/mm: Memory block size: 128MB
[    0.267508] clocksource: jiffies: mask: 0xffffffff max_cycles: 0xffffffff, max_idle_ns: 7645041785100000 ns
[    0.267514] futex hash table entries: 256 (order: 2, 16384 bytes, linear)
[    0.267559] pinctrl core: initialized pinctrl subsystem
[    0.267669] PM: RTC time: 16:33:28, date: 2026-01-20
[    0.267782] NET: Registered protocol family 16
[    0.267858] audit: initializing netlink subsys (disabled)
[    0.267993] EISA bus registered
[    0.267994] cpuidle: using governor ladder
[    0.267995] cpuidle: using governor menu
[    0.268053] ACPI: bus type PCI registered
[    0.268054] acpiphp: ACPI Hot Plug PCI Controller Driver version: 0.5
[    0.268165] PCI: Using configuration type 1 for base access
[    0.268930] audit: type=2000 audit(1768898014.475:1): state=initialized audit_enabled=0 res=1
[    0.268930] HugeTLB registered 2.00 MiB page size, pre-allocated 0 pages
[    0.269604] ACPI: Added _OSI(Module Device)
[    0.269605] ACPI: Added _OSI(Processor Device)
[    0.269606] ACPI: Added _OSI(3.0 _SCP Extensions)
[    0.269607] ACPI: Added _OSI(Processor Aggregator Device)
[    0.269607] ACPI: Added _OSI(Linux-Dell-Video)
[    0.269608] ACPI: Added _OSI(Linux-Lenovo-NV-HDMI-Audio)
[    0.269609] ACPI: Added _OSI(Linux-HPI-Hybrid-Graphics)
[    0.271614] ACPI: 2 ACPI AML tables successfully acquired and loaded
[    0.273270] ACPI: Interpreter enabled
[    0.273280] ACPI: (supports S0 S5)
[    0.273281] ACPI: Using IOAPIC for interrupt routing
[    0.273486] PCI: Using host bridge windows from ACPI; if necessary, use "pci=nocrs" and report a bug
[    0.273595] ACPI: Enabled 2 GPEs in block 00 to 07
[    0.278467] ACPI: PCI Root Bridge [PCI0] (domain 0000 [bus 00-ff])
[    0.278472] acpi PNP0A03:00: _OSC: OS supports [ASPM ClockPM Segments MSI HPX-Type3]
[    0.278926] acpi PNP0A03:00: _OSC: not requesting OS control; OS requires [ExtendedConfig ASPM ClockPM MSI]
[    0.278934] acpi PNP0A03:00: fail to add MMCONFIG information, can't access extended PCI configuration space under this bridge.
[    0.279317] PCI host bridge to bus 0000:00
[    0.279319] pci_bus 0000:00: root bus resource [io  0x0000-0x0cf7 window]
[    0.279320] pci_bus 0000:00: root bus resource [io  0x0d00-0xffff window]
[    0.279321] pci_bus 0000:00: root bus resource [mem 0x000a0000-0x000bffff window]
[    0.279322] pci_bus 0000:00: root bus resource [mem 0x80000000-0xfdffffff window]
[    0.279324] pci_bus 0000:00: root bus resource [bus 00-ff]
[    0.279368] pci 0000:00:00.0: [8086:1237] type 00 class 0x060000
[    0.280326] pci 0000:00:01.0: [8086:7000] type 00 class 0x060100
[    0.281093] pci 0000:00:01.1: [8086:7111] type 00 class 0x01018a
[    0.281475] pci 0000:00:01.1: reg 0x20: [io  0xd000-0xd00f]
[    0.281632] pci 0000:00:01.1: legacy IDE quirk: reg 0x10: [io  0x01f0-0x01f7]
[    0.281633] pci 0000:00:01.1: legacy IDE quirk: reg 0x14: [io  0x03f6]
[    0.281634] pci 0000:00:01.1: legacy IDE quirk: reg 0x18: [io  0x0170-0x0177]
[    0.281635] pci 0000:00:01.1: legacy IDE quirk: reg 0x1c: [io  0x0376]
[    0.282172] pci 0000:00:02.0: [15ad:0405] type 00 class 0x030000
[    0.285008] pci 0000:00:02.0: reg 0x10: [io  0xd010-0xd01f]
[    0.287875] pci 0000:00:02.0: reg 0x14: [mem 0xe0000000-0xe7ffffff pref]
[    0.288978] pci 0000:00:02.0: reg 0x18: [mem 0xf0000000-0xf01fffff]
[    0.301610] pci 0000:00:03.0: [1022:2000] type 00 class 0x020000
[    0.302294] pci 0000:00:03.0: reg 0x10: [io  0xd020-0xd03f]
[    0.302925] pci 0000:00:03.0: reg 0x14: [mem 0xf0200000-0xf0200fff]
[    0.306891] pci 0000:00:04.0: [80ee:cafe] type 00 class 0x088000
[    0.307586] pci 0000:00:04.0: reg 0x10: [io  0xd040-0xd05f]
[    0.308202] pci 0000:00:04.0: reg 0x14: [mem 0xf0400000-0xf07fffff]
[    0.308810] pci 0000:00:04.0: reg 0x18: [mem 0xf0800000-0xf0803fff pref]
[    0.311994] pci 0000:00:07.0: [8086:7113] type 00 class 0x068000
[    0.313396] pci 0000:00:07.0: quirk: [io  0x4000-0x403f] claimed by PIIX4 ACPI
[    0.313406] pci 0000:00:07.0: quirk: [io  0x4100-0x410f] claimed by PIIX4 SMB
[    0.314029] pci 0000:00:08.0: [8086:100e] type 00 class 0x020000
[    0.314741] pci 0000:00:08.0: reg 0x10: [mem 0xf0820000-0xf083ffff]
[    0.315911] pci 0000:00:08.0: reg 0x18: [io  0xd060-0xd067]
[    0.319109] pci 0000:00:09.0: [8086:100e] type 00 class 0x020000
[    0.319915] pci 0000:00:09.0: reg 0x10: [mem 0xf0840000-0xf085ffff]
[    0.321047] pci 0000:00:09.0: reg 0x18: [io  0xd068-0xd06f]
[    0.329999] ACPI: PCI Interrupt Link [LNKA] (IRQs 5 9 10 *11)
[    0.330287] ACPI: PCI Interrupt Link [LNKB] (IRQs 5 9 *10 11)
[    0.330391] ACPI: PCI Interrupt Link [LNKC] (IRQs 5 *9 10 11)
[    0.330500] ACPI: PCI Interrupt Link [LNKD] (IRQs 5 9 10 *11)
[    0.330775] iommu: Default domain type: Translated 
[    0.330840] pci 0000:00:02.0: vgaarb: setting as boot VGA device
[    0.330842] pci 0000:00:02.0: vgaarb: VGA device added: decodes=io+mem,owns=io+mem,locks=none
[    0.332933] pci 0000:00:02.0: vgaarb: bridge control possible
[    0.332934] vgaarb: loaded
[    0.333146] SCSI subsystem initialized
[    0.333179] libata version 3.00 loaded.
[    0.333206] ACPI: bus type USB registered
[    0.333220] usbcore: registered new interface driver usbfs
[    0.333225] usbcore: registered new interface driver hub
[    0.333229] usbcore: registered new device driver usb
[    0.333259] pps_core: LinuxPPS API ver. 1 registered
[    0.333260] pps_core: Software ver. 5.3.6 - Copyright 2005-2007 Rodolfo Giometti <giometti@linux.it>
[    0.333262] PTP clock support registered
[    0.333298] EDAC MC: Ver: 3.0.0
[    0.333590] PCI: Using ACPI for IRQ routing
[    0.333591] PCI: pci_cache_line_size set to 64 bytes
[    0.333765] e820: reserve RAM buffer [mem 0x0009fc00-0x0009ffff]
[    0.333769] e820: reserve RAM buffer [mem 0x7fff0000-0x7fffffff]
[    0.333892] NetLabel: Initializing
[    0.333892] NetLabel:  domain hash size = 128
[    0.333893] NetLabel:  protocols = UNLABELED CIPSOv4 CALIPSO
[    0.333911] NetLabel:  unlabeled traffic allowed by default
[    0.334814] clocksource: Switched to clocksource kvm-clock
[    0.343418] *** VALIDATE bpf ***
[    0.343418] VFS: Disk quotas dquot_6.6.0
[    0.343418] VFS: Dquot-cache hash table entries: 512 (order 0, 4096 bytes)
[    0.343418] *** VALIDATE ramfs ***
[    0.343418] *** VALIDATE hugetlbfs ***
[    0.343418] AppArmor: AppArmor Filesystem Enabled
[    0.343418] pnp: PnP ACPI init
[    0.343418] pnp 00:00: Plug and Play ACPI device, IDs PNP0303 (active)
[    0.345847] pnp 00:01: Plug and Play ACPI device, IDs PNP0f03 (active)
[    0.346605] pnp: PnP ACPI: found 2 devices
[    0.347617] thermal_sys: Registered thermal governor 'fair_share'
[    0.347618] thermal_sys: Registered thermal governor 'bang_bang'
[    0.347619] thermal_sys: Registered thermal governor 'step_wise'
[    0.347619] thermal_sys: Registered thermal governor 'user_space'
[    0.347620] thermal_sys: Registered thermal governor 'power_allocator'
[    0.352169] clocksource: acpi_pm: mask: 0xffffff max_cycles: 0xffffff, max_idle_ns: 2085701024 ns
[    0.352211] pci_bus 0000:00: resource 4 [io  0x0000-0x0cf7 window]
[    0.352212] pci_bus 0000:00: resource 5 [io  0x0d00-0xffff window]
[    0.352213] pci_bus 0000:00: resource 6 [mem 0x000a0000-0x000bffff window]
[    0.352214] pci_bus 0000:00: resource 7 [mem 0x80000000-0xfdffffff window]
[    0.352273] NET: Registered protocol family 2
[    0.352358] IP idents hash table entries: 32768 (order: 6, 262144 bytes, linear)
[    0.352739] tcp_listen_portaddr_hash hash table entries: 1024 (order: 2, 16384 bytes, linear)
[    0.352830] TCP established hash table entries: 16384 (order: 5, 131072 bytes, linear)
[    0.352904] TCP bind hash table entries: 16384 (order: 6, 262144 bytes, linear)
[    0.352929] TCP: Hash tables configured (established 16384 bind 16384)
[    0.352974] UDP hash table entries: 1024 (order: 3, 32768 bytes, linear)
[    0.352986] UDP-Lite hash table entries: 1024 (order: 3, 32768 bytes, linear)
[    0.353017] NET: Registered protocol family 1
[    0.353024] NET: Registered protocol family 44
[    0.353052] pci 0000:00:00.0: Limiting direct PCI/PCI transfers
[    0.353065] pci 0000:00:01.0: Activating ISA DMA hang workarounds
[    0.353120] pci 0000:00:02.0: Video device with shadowed ROM at [mem 0x000c0000-0x000dffff]
[    0.353183] PCI: CLS 0 bytes, default 64
[    0.353234] Trying to unpack rootfs image as initramfs...
[    0.527682] Freeing initrd memory: 47860K
[    0.527682] clocksource: tsc: mask: 0xffffffffffffffff max_cycles: 0x1e4530a99b6, max_idle_ns: 440795257976 ns
[    0.527682] clocksource: Switched to clocksource tsc
[    0.527682] platform rtc_cmos: registered platform RTC device (no PNP device found)
[    0.527682] check: Scanning for low memory corruption every 60 seconds
[    0.527682] Initialise system trusted keyrings
[    0.527682] Key type blacklist registered
[    0.527682] workingset: timestamp_bits=36 max_order=19 bucket_order=0
[    0.527682] zbud: loaded
[    0.527682] squashfs: version 4.0 (2009/01/31) Phillip Lougher
[    0.527682] fuse: init (API version 7.31)
[    0.527682] *** VALIDATE fuse ***
[    0.527682] *** VALIDATE fuse ***
[    0.527682] Platform Keyring initialized
[    0.542482] Key type asymmetric registered
[    0.542484] Asymmetric key parser 'x509' registered
[    0.542493] Block layer SCSI generic (bsg) driver version 0.4 loaded (major 244)
[    0.542532] io scheduler mq-deadline registered
[    0.542641] shpchp: Standard Hot Plug PCI Controller Driver version: 0.4
[    0.542852] ACPI: AC Adapter [AC] (on-line)
[    0.542895] input: Power Button as /devices/LNXSYSTM:00/LNXPWRBN:00/input/input0
[    0.542922] ACPI: Power Button [PWRF]
[    0.543014] input: Sleep Button as /devices/LNXSYSTM:00/LNXSLPBN:00/input/input1
[    0.543028] ACPI: Sleep Button [SLPF]
[    0.543270] Serial: 8250/16550 driver, 32 ports, IRQ sharing enabled
[    0.544434] Linux agpgart interface v0.103
[    0.639126] loop: module loaded
[    0.639273] ata_piix 0000:00:01.1: version 2.13
[    0.639680] scsi host0: ata_piix
[    0.639770] scsi host1: ata_piix
[    0.639797] ata1: PATA max UDMA/33 cmd 0x1f0 ctl 0x3f6 bmdma 0xd000 irq 14
[    0.639798] ata2: PATA max UDMA/33 cmd 0x170 ctl 0x376 bmdma 0xd008 irq 15
[    0.639879] tun: Universal TUN/TAP device driver, 1.6
[    0.640188] PPP generic driver version 2.4.2
[    0.640233] VFIO - User Level meta-driver version: 0.3
[    0.640477] ehci_hcd: USB 2.0 'Enhanced' Host Controller (EHCI) Driver
[    0.640483] ehci-pci: EHCI PCI platform driver
[    0.640498] ehci-platform: EHCI generic platform driver
[    0.640503] ohci_hcd: USB 1.1 'Open' Host Controller (OHCI) Driver
[    0.640505] ohci-pci: OHCI PCI platform driver
[    0.640511] ohci-platform: OHCI generic platform driver
[    0.640515] uhci_hcd: USB Universal Host Controller Interface driver
[    0.640576] i8042: PNP: PS/2 Controller [PNP0303:PS2K,PNP0f03:PS2M] at 0x60,0x64 irq 1,12
[    0.641018] serio: i8042 KBD port at 0x60,0x64 irq 1
[    0.641023] serio: i8042 AUX port at 0x60,0x64 irq 12
[    0.641116] mousedev: PS/2 mouse device common for all mice
[    0.641379] input: AT Translated Set 2 keyboard as /devices/platform/i8042/serio0/input/input2
[    0.641784] rtc_cmos rtc_cmos: registered as rtc0
[    0.641797] rtc_cmos rtc_cmos: alarms up to one day, 114 bytes nvram
[    0.641802] i2c /dev entries driver
[    0.641848] device-mapper: uevent: version 1.0.3
[    0.641889] device-mapper: ioctl: 4.41.0-ioctl (2019-09-16) initialised: dm-devel@redhat.com
[    0.641906] platform eisa.0: Probing EISA bus 0
[    0.641907] platform eisa.0: EISA: Cannot allocate resource for mainboard
[    0.641908] platform eisa.0: Cannot allocate resource for EISA slot 1
[    0.641909] platform eisa.0: Cannot allocate resource for EISA slot 2
[    0.641910] platform eisa.0: Cannot allocate resource for EISA slot 3
[    0.641911] platform eisa.0: Cannot allocate resource for EISA slot 4
[    0.641912] platform eisa.0: Cannot allocate resource for EISA slot 5
[    0.641913] platform eisa.0: Cannot allocate resource for EISA slot 6
[    0.641914] platform eisa.0: Cannot allocate resource for EISA slot 7
[    0.641915] platform eisa.0: Cannot allocate resource for EISA slot 8
[    0.641916] platform eisa.0: EISA: Detected 0 cards
[    0.641919] intel_pstate: CPU model not supported
[    0.641928] ledtrig-cpu: registered to indicate activity on CPUs
[    0.641978] drop_monitor: Initializing network drop monitor service
[    0.642137] NET: Registered protocol family 10
[    0.647259] Segment Routing with IPv6
[    0.647275] NET: Registered protocol family 17
[    0.647275] Key type dns_resolver registered
[    0.647275] RAS: Correctable Errors collector initialized.
[    0.647275] IPI shorthand broadcast: enabled
[    0.647275] sched_clock: Marking stable (632186161, 11089339)->(644517746, -1242246)
[    0.647493] registered taskstats version 1
[    0.647504] Loading compiled-in X.509 certificates
[    0.648089] Loaded X.509 cert 'Build time autogenerated kernel key: 0a9e52cc6eb58eed9b63e328679db6d5d5216245'
[    0.648110] zswap: loaded using pool lzo/zbud
[    0.648163] Key type ._fscrypt registered
[    0.648164] Key type .fscrypt registered
[    0.652657] Key type big_key registered
[    0.654840] Key type encrypted registered
[    0.654843] AppArmor: AppArmor sha1 policy hashing enabled
[    0.654850] ima: No TPM chip found, activating TPM-bypass!
[    0.654854] ima: Allocated hash algorithm: sha1
[    0.654860] ima: No architecture policies found
[    0.654868] evm: Initialising EVM extended attributes:
[    0.654869] evm: security.selinux
[    0.654869] evm: security.SMACK64
[    0.654870] evm: security.SMACK64EXEC
[    0.654870] evm: security.SMACK64TRANSMUTE
[    0.654870] evm: security.SMACK64MMAP
[    0.654871] evm: security.apparmor
[    0.654871] evm: security.ima
[    0.654872] evm: security.capability
[    0.654872] evm: HMAC attrs: 0x1
[    0.655185] PM:   Magic number: 10:199:591
[    0.655299] rtc_cmos rtc_cmos: setting system clock to 2026-01-20T16:33:29 UTC (1768926809)
[    0.812229] ata1.00: ATA-6: VBOX HARDDISK, 1.0, max UDMA/133
[    0.812233] ata1.00: 209715200 sectors, multi 128: LBA 
[    0.812909] scsi 0:0:0:0: Direct-Access     ATA      VBOX HARDDISK    1.0  PQ: 0 ANSI: 5
[    0.813206] sd 0:0:0:0: [sda] 209715200 512-byte logical blocks: (107 GB/100 GiB)
[    0.813218] sd 0:0:0:0: [sda] Write Protect is off
[    0.813221] sd 0:0:0:0: [sda] Mode Sense: 00 3a 00 00
[    0.813241] sd 0:0:0:0: [sda] Write cache: enabled, read cache: enabled, doesn't support DPO or FUA
[    0.813491] sd 0:0:0:0: Attached scsi generic sg0 type 0
[    0.814400]  sda: sda1 sda2
[    0.823422] sd 0:0:0:0: [sda] Attached SCSI disk
[    0.828536] Freeing unused decrypted memory: 2040K
[    0.829889] Freeing unused kernel image memory: 2720K
[    0.829893] Write protecting the kernel read-only data: 22528k
[    0.831375] Freeing unused kernel image memory: 2036K
[    0.832171] Freeing unused kernel image memory: 1452K
[    0.868286] x86/mm: Checked W+X mappings: passed, no W+X pages found.
[    0.868291] Run /init as init process
[    0.974634] ACPI: Video Device [GFX0] (multi-head: yes  rom: no  post: no)
[    0.974708] input: Video Bus as /devices/LNXSYSTM:00/LNXSYBUS:00/PNP0A03:00/LNXVIDEO:00/input/input4
[    0.987363] pcnet32: pcnet32.c:v1.35 21.Apr.2008 tsbogend@alpha.franken.de
[    0.988431] pcnet32: PCnet/FAST III 79C973 at 0xd020, 08:00:27:bc:3c:2c assigned IRQ 19
[    0.988475] pcnet32: Found PHY 0022:561b at address 0
[    0.988777] pcnet32: eth0: registered as PCnet/FAST III 79C973
[    0.991948] e1000: Intel(R) PRO/1000 Network Driver - version 7.3.21-k8-NAPI
[    0.991948] e1000: Copyright (c) 1999-2006 Intel Corporation.
[    0.994765] piix4_smbus 0000:00:07.0: SMBus Host Controller at 0x4100, revision 0
[    0.994824] pcnet32: 1 cards_found
[    1.058601] pcnet32 0000:00:03.0 enp0s3: renamed from eth0
[    1.215032] input: ImExPS/2 Generic Explorer Mouse as /devices/platform/i8042/serio1/input/input5
[    1.399371] e1000 0000:00:08.0 eth0: (PCI:33MHz:32-bit) 08:00:27:09:91:55
[    1.399375] e1000 0000:00:08.0 eth0: Intel(R) PRO/1000 Network Connection
[    1.771386] e1000 0000:00:09.0 eth1: (PCI:33MHz:32-bit) 08:00:27:6b:d9:3b
[    1.771389] e1000 0000:00:09.0 eth1: Intel(R) PRO/1000 Network Connection
[    1.772526] e1000 0000:00:09.0 enp0s9: renamed from eth1
[    1.774324] e1000 0000:00:08.0 enp0s8: renamed from eth0
[    1.937403] EXT4-fs (sda2): mounted filesystem with ordered data mode. Opts: (null)
[    2.027829] systemd[1]: Inserted module 'autofs4'
[    2.038443] systemd[1]: systemd 245.4-4ubuntu3 running in system mode. (+PAM +AUDIT +SELINUX +IMA +APPARMOR +SMACK +SYSVINIT +UTMP +LIBCRYPTSETUP +GCRYPT +GNUTLS +ACL +XZ +LZ4 +SECCOMP +BLKID +ELFUTILS +KMOD +IDN2 -IDN +PCRE2 default-hierarchy=hybrid)
[    2.038472] systemd[1]: Detected virtualization oracle.
[    2.038475] systemd[1]: Detected architecture x86-64.
[    2.039798] systemd[1]: Set hostname to <ztg>.
[    2.159970] systemd[1]: /lib/systemd/system/dbus.socket:5: ListenStream= references a path below legacy directory /var/run/, updating /var/run/dbus/system_bus_socket â†’ /run/dbus/system_bus_socket; please update the unit file accordingly.
[    2.210573] systemd[1]: Created slice system-modprobe.slice.
[    2.210763] systemd[1]: Created slice User and Session Slice.
[    2.210808] systemd[1]: Started Forward Password Requests to Wall Directory Watch.
[    2.210966] systemd[1]: Set up automount Arbitrary Executable File Formats File System Automount Point.
[    2.210996] systemd[1]: Reached target User and Group Name Lookups.
[    2.211005] systemd[1]: Reached target Remote File Systems.
[    2.211015] systemd[1]: Reached target Slices.
[    2.211516] systemd[1]: Listening on Syslog Socket.
[    2.211583] systemd[1]: Listening on fsck to fsckd communication Socket.
[    2.211620] systemd[1]: Listening on initctl Compatibility Named Pipe.
[    2.211754] systemd[1]: Listening on Journal Audit Socket.
[    2.211804] systemd[1]: Listening on Journal Socket (/dev/log).
[    2.211872] systemd[1]: Listening on Journal Socket.
[    2.211936] systemd[1]: Listening on udev Control Socket.
[    2.211975] systemd[1]: Listening on udev Kernel Socket.
[    2.212724] systemd[1]: Mounting Huge Pages File System...
[    2.213669] systemd[1]: Mounting POSIX Message Queue File System...
[    2.214523] systemd[1]: Mounting Kernel Debug File System...
[    2.215425] systemd[1]: Mounting Kernel Trace File System...
[    2.217276] systemd[1]: Starting Journal Service...
[    2.242090] systemd[1]: Starting Set the console keyboard layout...
[    2.249794] systemd[1]: Starting Create list of static device nodes for the current kernel...
[    2.251832] systemd[1]: Starting Load Kernel Module drm...
[    2.262505] systemd[1]: Condition check resulted in Set Up Additional Binary Formats being skipped.
[    2.262541] systemd[1]: Condition check resulted in File System Check on Root Device being skipped.
[    2.265389] systemd[1]: Starting Load Kernel Modules...
[    2.275227] systemd[1]: Starting Remount Root and Kernel File Systems...
[    2.279937] systemd[1]: Starting udev Coldplug all Devices...
[    2.290685] systemd[1]: Starting Uncomplicated firewall...
[    2.291901] systemd[1]: Mounted Huge Pages File System.
[    2.291983] systemd[1]: Mounted POSIX Message Queue File System.
[    2.292052] systemd[1]: Mounted Kernel Debug File System.
[    2.292120] systemd[1]: Mounted Kernel Trace File System.
[    2.297767] EXT4-fs (sda2): re-mounted. Opts: errors=remount-ro
[    2.315913] systemd[1]: Finished Create list of static device nodes for the current kernel.
[    2.317040] systemd[1]: modprobe@drm.service: Succeeded.
[    2.324504] systemd[1]: Finished Load Kernel Module drm.
[    2.334461] systemd[1]: Finished Remount Root and Kernel File Systems.
[    2.336025] systemd[1]: Finished Uncomplicated firewall.
[    2.351716] systemd[1]: Condition check resulted in Rebuild Hardware Database being skipped.
[    2.351758] systemd[1]: Condition check resulted in Platform Persistent Storage Archival being skipped.
[    2.352457] systemd[1]: Starting Load/Save Random Seed...
[    2.354398] lp: driver loaded but no devices found
[    2.360458] systemd[1]: Starting Create System Users...
[    2.369509] systemd[1]: Finished Load/Save Random Seed.
[    2.370862] ppdev: user-space parallel port driver
[    2.380684] systemd[1]: Finished Create System Users.
[    2.382005] systemd[1]: Starting Create Static Device Nodes in /dev...
[    2.435780] systemd[1]: Finished Create Static Device Nodes in /dev.
[    2.436678] systemd[1]: Starting udev Kernel Device Manager...
[    2.450979] systemd[1]: Finished udev Coldplug all Devices.
[    2.453799] [drm] DMA map mode: Caching DMA mappings.
[    2.453862] [drm] Capabilities:
[    2.453863] [drm]   Rect copy.
[    2.453863] [drm]   Cursor.
[    2.453863] [drm]   Cursor bypass.
[    2.453864] [drm]   Cursor bypass 2.
[    2.453864] [drm]   Alpha cursor.
[    2.453864] [drm]   Extended Fifo.
[    2.453865] [drm]   Pitchlock.
[    2.453865] [drm]   Irq mask.
[    2.453865] [drm]   GMR.
[    2.453866] [drm]   Traces.
[    2.453866] [drm]   GMR2.
[    2.453866] [drm]   Screen Object 2.
[    2.453867] [drm]   Command Buffers.
[    2.453867] [drm]   Command Buffers 2.
[    2.453867] [drm]   Guest Backed Resources.
[    2.453868] [drm] Max GMR ids is 8192
[    2.453869] [drm] Max number of GMR pages is 1048576
[    2.453869] [drm] Max dedicated hypervisor surface memory is 393216 kiB
[    2.453870] [drm] Maximum display memory size is 131072 kiB
[    2.453871] [drm] VRAM at 0xe0000000 size is 131072 kiB
[    2.453871] [drm] MMIO at 0xf0000000 size is 2048 kiB
[    2.454895] [TTM] Zone  kernel: Available graphics memory: 1011744 KiB
[    2.454896] [TTM] Initializing pool allocator
[    2.454899] [TTM] Initializing DMA pool allocator
[    2.454927] [drm] Supports vblank timestamp caching Rev 2 (21.10.2013).
[    2.454927] [drm] No driver support for vblank timestamp query.
[    2.455455] [drm] Screen Target Display device initialized
[    2.455669] [drm] width 720
[    2.455678] [drm] height 400
[    2.455681] [drm] bpp 32
[    2.456205] [drm] Fifo max 0x00200000 min 0x00001000 cap 0x00000355
[    2.457348] [drm] Using command buffers with DMA pool.
[    2.457352] [drm] DX: no.
[    2.457352] [drm] Atomic: yes.
[    2.457353] [drm] SM4_1: no.
[    2.457373] [drm:vmw_host_log [vmwgfx]] *ERROR* Failed to send host log message.
[    2.458258] [drm:vmw_host_log [vmwgfx]] *ERROR* Failed to send host log message.
[    2.470473] fbcon: svgadrmfb (fb0) is primary device
[    2.477156] Console: switching to colour frame buffer device 100x37
[    2.484302] [drm] Initialized vmwgfx 2.15.0 20180704 for 0000:00:02.0 on minor 0
[    2.485281] systemd[1]: Finished Load Kernel Modules.
[    2.486237] systemd[1]: Mounting FUSE Control File System...
[    2.487468] systemd[1]: Mounting Kernel Configuration File System...
[    2.523079] systemd[1]: Starting Apply Kernel Variables...
[    2.529506] systemd[1]: Mounted FUSE Control File System.
[    2.529580] systemd[1]: Condition check resulted in VMware vmblock fuse mount being skipped.
[    2.532492] systemd[1]: Mounted Kernel Configuration File System.
[    2.544125] systemd[1]: Finished Set the console keyboard layout.
[    2.544219] systemd[1]: Reached target Local File Systems (Pre).
[    2.546384] systemd[1]: Mounting Mount unit for bare, revision 5...
[    2.548372] systemd[1]: Mounting Mount unit for core18, revision 1705...
[    2.557536] systemd[1]: Mounting Mount unit for gnome-3-34-1804, revision 24...
[    2.562453] systemd[1]: Mounting Mount unit for gtk-common-themes, revision 1506...
[    2.570457] systemd[1]: Mounting Mount unit for gtk-common-themes, revision 1535...
[    2.595899] systemd[1]: Mounting Mount unit for snap-store, revision 433...
[    2.601034] systemd[1]: Mounting Mount unit for snapd, revision 7264...
[    2.610025] systemd[1]: Finished Apply Kernel Variables.
[    2.618132] systemd[1]: Mounted Mount unit for bare, revision 5.
[    2.618225] systemd[1]: Mounted Mount unit for core18, revision 1705.
[    2.618299] systemd[1]: Mounted Mount unit for gnome-3-34-1804, revision 24.
[    2.642065] systemd[1]: Mounted Mount unit for gtk-common-themes, revision 1506.
[    2.643574] systemd[1]: Started udev Kernel Device Manager.
[    2.645631] systemd[1]: Starting Show Plymouth Boot Screen...
[    2.649998] systemd[1]: Received SIGRTMIN+20 from PID 278 (plymouthd).
[    2.686319] systemd[1]: Started Show Plymouth Boot Screen.
[    2.686478] systemd[1]: Condition check resulted in Dispatch Password Requests to Console Directory Watch being skipped.
[    2.686580] systemd[1]: Started Forward Password Requests to Plymouth Directory Watch.
[    2.686613] systemd[1]: Reached target Local Encrypted Volumes.
[    2.736101] systemd[1]: Mounted Mount unit for snap-store, revision 433.
[    2.784657] systemd[1]: Mounted Mount unit for gtk-common-themes, revision 1535.
[    2.784917] systemd[1]: Mounted Mount unit for snapd, revision 7264.
[    2.785078] systemd[1]: Reached target Local File Systems.
[    2.787386] systemd[1]: Starting Load AppArmor profiles...
[    2.788298] systemd[1]: Starting Set console font and keymap...
[    2.814333] systemd[1]: Starting Tell Plymouth To Write Out Runtime Data...
[    2.818685] systemd[1]: Condition check resulted in Store a System Token in an EFI Variable being skipped.
[    2.818714] systemd[1]: Condition check resulted in Commit a transient machine-id on disk being skipped.
[    2.819619] systemd[1]: Finished Set console font and keymap.
[    2.828332] systemd[1]: Received SIGRTMIN+20 from PID 278 (plymouthd).
[    2.828822] systemd[1]: plymouth-read-write.service: Succeeded.
[    2.829054] systemd[1]: Finished Tell Plymouth To Write Out Runtime Data.
[    2.847056] audit: type=1400 audit(1768926811.684:2): apparmor="STATUS" operation="profile_load" profile="unconfined" name="nvidia_modprobe" pid=298 comm="apparmor_parser"
[    2.847058] audit: type=1400 audit(1768926811.684:3): apparmor="STATUS" operation="profile_load" profile="unconfined" name="nvidia_modprobe//kmod" pid=298 comm="apparmor_parser"
[    2.856141] audit: type=1400 audit(1768926811.696:4): apparmor="STATUS" operation="profile_load" profile="unconfined" name="/usr/sbin/tcpdump" pid=299 comm="apparmor_parser"
[    2.902361] audit: type=1400 audit(1768926811.736:5): apparmor="STATUS" operation="profile_load" profile="unconfined" name="/usr/bin/evince" pid=301 comm="apparmor_parser"
[    2.902363] audit: type=1400 audit(1768926811.736:6): apparmor="STATUS" operation="profile_load" profile="unconfined" name="/usr/bin/evince//sanitized_helper" pid=301 comm="apparmor_parser"
[    2.902365] audit: type=1400 audit(1768926811.736:7): apparmor="STATUS" operation="profile_load" profile="unconfined" name="/usr/bin/evince-previewer" pid=301 comm="apparmor_parser"
[    2.902367] audit: type=1400 audit(1768926811.736:8): apparmor="STATUS" operation="profile_load" profile="unconfined" name="/usr/bin/evince-previewer//sanitized_helper" pid=301 comm="apparmor_parser"
[    2.902368] audit: type=1400 audit(1768926811.736:9): apparmor="STATUS" operation="profile_load" profile="unconfined" name="/usr/bin/evince-thumbnailer" pid=301 comm="apparmor_parser"
[    2.919435] audit: type=1400 audit(1768926811.760:10): apparmor="STATUS" operation="profile_load" profile="unconfined" name="/usr/lib/cups/backend/cups-pdf" pid=302 comm="apparmor_parser"
[    2.994537] systemd[1]: Finished Load AppArmor profiles.
[    2.995505] systemd[1]: Starting Load AppArmor profiles managed internally by snapd...
[    3.072676] systemd[1]: Finished Load AppArmor profiles managed internally by snapd.
[    3.191342] systemd[1]: Started Journal Service.
[    3.198427] systemd-journald[228]: Received client request to flush runtime journal.
[    3.203802] systemd-journald[228]: File /var/log/journal/c455b248004a419c87ce85eea238d727/system.journal corrupted or uncleanly shut down, renaming and replacing.
[    4.498632] RAPL PMU: API unit is 2^-32 Joules, 0 fixed counters, 10737418240 ms ovfl timer
[    4.568004] cryptd: max_cpu_qlen set to 1000
[    4.623567] AVX2 version of gcm_enc/dec engaged.
[    4.623568] AES CTR mode by8 optimization enabled
[    5.408462] Adding 1998844k swap on /dev/sda1.  Priority:-2 extents:1 across:1998844k FS
[    6.711036] kauditd_printk_skb: 30 callbacks suppressed
[    6.711037] audit: type=1400 audit(1768926815.552:41): apparmor="DENIED" operation="capable" profile="/usr/sbin/cups-browsed" pid=494 comm="cups-browsed" capability=23  capname="sys_nice"
[    7.502379] pcnet32 0000:00:03.0 enp0s3: link up, 100Mbps, full-duplex
[    7.537341] e1000: enp0s8 NIC Link is Up 1000 Mbps Full Duplex, Flow Control: RX
[    7.537644] IPv6: ADDRCONF(NETDEV_CHANGE): enp0s8: link becomes ready
[    7.549201] e1000: enp0s9 NIC Link is Up 1000 Mbps Full Duplex, Flow Control: RX
[    7.549491] IPv6: ADDRCONF(NETDEV_CHANGE): enp0s9: link becomes ready
[    8.072711] device enp0s3 entered promiscuous mode
[    8.092921] audit: type=1400 audit(1768926816.932:42): apparmor="DENIED" operation="open" profile="/usr/sbin/tcpdump" name="/proc/sys/kernel/random/boot_id" pid=681 comm="tcpdump" requested_mask="r" denied_mask="r" fsuid=0 ouid=0
[    8.093105] audit: type=1400 audit(1768926816.932:43): apparmor="DENIED" operation="open" profile="/usr/sbin/tcpdump" name="/proc/sys/kernel/random/boot_id" pid=681 comm="tcpdump" requested_mask="r" denied_mask="r" fsuid=0 ouid=0
[    8.093180] audit: type=1400 audit(1768926816.932:44): apparmor="DENIED" operation="open" profile="/usr/sbin/tcpdump" name="/proc/sys/kernel/random/boot_id" pid=681 comm="tcpdump" requested_mask="r" denied_mask="r" fsuid=0 ouid=0
[    8.093264] audit: type=1400 audit(1768926816.932:45): apparmor="DENIED" operation="open" profile="/usr/sbin/tcpdump" name="/proc/sys/kernel/random/boot_id" pid=681 comm="tcpdump" requested_mask="r" denied_mask="r" fsuid=0 ouid=0
[    8.100849] audit: type=1400 audit(1768926816.936:46): apparmor="DENIED" operation="open" profile="/usr/sbin/tcpdump" name="/proc/sys/kernel/random/boot_id" pid=682 comm="tcpdump" requested_mask="r" denied_mask="r" fsuid=0 ouid=0
[    8.100984] audit: type=1400 audit(1768926816.936:47): apparmor="DENIED" operation="open" profile="/usr/sbin/tcpdump" name="/proc/sys/kernel/random/boot_id" pid=682 comm="tcpdump" requested_mask="r" denied_mask="r" fsuid=0 ouid=0
[    8.101022] audit: type=1400 audit(1768926816.936:48): apparmor="DENIED" operation="open" profile="/usr/sbin/tcpdump" name="/proc/sys/kernel/random/boot_id" pid=682 comm="tcpdump" requested_mask="r" denied_mask="r" fsuid=0 ouid=0
[    8.101142] audit: type=1400 audit(1768926816.936:49): apparmor="DENIED" operation="open" profile="/usr/sbin/tcpdump" name="/proc/sys/kernel/random/boot_id" pid=682 comm="tcpdump" requested_mask="r" denied_mask="r" fsuid=0 ouid=0
[   12.490311] rfkill: input handler disabled
[  115.187477] rfkill: input handler enabled
[  123.395273] rfkill: input handler disabled
[  440.891112] device enp0s3 left promiscuous mode
