[    0.000000] Linux version 5.4.243-tcp (root@ztg) (gcc version 12.2.0 (Debian 12.2.0-14)) #1 SMP Fri Apr 12 08:27:09 CST 2024
[    0.000000] Command line: BOOT_IMAGE=/boot/vmlinuz-5.4.243-tcp root=UUID=98415a12-53b7-4144-8265-0f7ece09e445 ro quiet splash
[    0.000000] KERNEL supported cpus:
[    0.000000]   Intel GenuineIntel
[    0.000000]   AMD AuthenticAMD
[    0.000000]   Hygon HygonGenuine
[    0.000000]   Centaur CentaurHauls
[    0.000000]   zhaoxin   Shanghai  
[    0.000000] x86/fpu: Supporting XSAVE feature 0x001: 'x87 floating point registers'
[    0.000000] x86/fpu: Supporting XSAVE feature 0x002: 'SSE registers'
[    0.000000] x86/fpu: Supporting XSAVE feature 0x004: 'AVX registers'
[    0.000000] x86/fpu: xstate_offset[2]:  576, xstate_sizes[2]:  256
[    0.000000] x86/fpu: Enabled xstate features 0x7, context size is 832 bytes, using 'standard' format.
[    0.000000] BIOS-provided physical RAM map:
[    0.000000] BIOS-e820: [mem 0x0000000000000000-0x000000000009fbff] usable
[    0.000000] BIOS-e820: [mem 0x000000000009fc00-0x000000000009ffff] reserved
[    0.000000] BIOS-e820: [mem 0x00000000000f0000-0x00000000000fffff] reserved
[    0.000000] BIOS-e820: [mem 0x0000000000100000-0x000000007ffeffff] usable
[    0.000000] BIOS-e820: [mem 0x000000007fff0000-0x000000007fffffff] ACPI data
[    0.000000] BIOS-e820: [mem 0x00000000fec00000-0x00000000fec00fff] reserved
[    0.000000] BIOS-e820: [mem 0x00000000fee00000-0x00000000fee00fff] reserved
[    0.000000] BIOS-e820: [mem 0x00000000fffc0000-0x00000000ffffffff] reserved
[    0.000000] NX (Execute Disable) protection: active
[    0.000000] SMBIOS 2.5 present.
[    0.000000] DMI: innotek GmbH VirtualBox/VirtualBox, BIOS VirtualBox 12/01/2006
[    0.000000] Hypervisor detected: KVM
[    0.000000] kvm-clock: Using msrs 4b564d01 and 4b564d00
[    0.000000] kvm-clock: cpu 0, msr 7d201001, primary cpu clock
[    0.000000] kvm-clock: using sched offset of 4537545298 cycles
[    0.000002] clocksource: kvm-clock: mask: 0xffffffffffffffff max_cycles: 0x1cd42e4dffb, max_idle_ns: 881590591483 ns
[    0.000005] tsc: Detected 2100.000 MHz processor
[    0.001878] e820: update [mem 0x00000000-0x00000fff] usable ==> reserved
[    0.001880] e820: remove [mem 0x000a0000-0x000fffff] usable
[    0.001884] last_pfn = 0x7fff0 max_arch_pfn = 0x400000000
[    0.001952] MTRR default type: uncachable
[    0.001953] MTRR fixed ranges enabled:
[    0.001954]   00000-9FFFF write-back
[    0.001955]   A0000-BFFFF uncachable
[    0.001956]   C0000-FFFFF write-protect
[    0.001957] MTRR variable ranges enabled:
[    0.001958]   0 base 000000000000 mask 3FFF80000000 write-back
[    0.001959]   1 disabled
[    0.001959]   2 disabled
[    0.001960]   3 disabled
[    0.001960]   4 disabled
[    0.001960]   5 disabled
[    0.001961]   6 disabled
[    0.001961]   7 disabled
[    0.001962]   8 disabled
[    0.001962]   9 disabled
[    0.001963]   10 disabled
[    0.001963]   11 disabled
[    0.001963]   12 disabled
[    0.001964]   13 disabled
[    0.001964]   14 disabled
[    0.001965]   15 disabled
[    0.001980] x86/PAT: Configuration [0-7]: WB  WC  UC- UC  WB  WP  UC- WT  
[    0.002114] found SMP MP-table at [mem 0x0009fff0-0x0009ffff]
[    0.091548] check: Scanning 1 areas for low memory corruption
[    0.091788] RAMDISK: [mem 0x32275000-0x35131fff]
[    0.091797] ACPI: Early table checksum verification disabled
[    0.091802] ACPI: RSDP 0x00000000000E0000 000024 (v02 VBOX  )
[    0.091807] ACPI: XSDT 0x000000007FFF0030 00003C (v01 VBOX   VBOXXSDT 00000001 ASL  00000061)
[    0.091813] ACPI: FACP 0x000000007FFF00F0 0000F4 (v04 VBOX   VBOXFACP 00000001 ASL  00000061)
[    0.091820] ACPI: DSDT 0x000000007FFF02E0 002353 (v02 VBOX   VBOXBIOS 00000002 VBOX 00029BF3)
[    0.091824] ACPI: FACS 0x000000007FFF0200 000040
[    0.091827] ACPI: FACS 0x000000007FFF0200 000040
[    0.091830] ACPI: APIC 0x000000007FFF0240 000054 (v02 VBOX   VBOXAPIC 00000001 ASL  00000061)
[    0.091834] ACPI: SSDT 0x000000007FFF02A0 000038 (v01 VBOX   VBOXCPUT 00000002 VBOX 00029BF3)
[    0.091837] ACPI: Reserving FACP table memory at [mem 0x7fff00f0-0x7fff01e3]
[    0.091838] ACPI: Reserving DSDT table memory at [mem 0x7fff02e0-0x7fff2632]
[    0.091838] ACPI: Reserving FACS table memory at [mem 0x7fff0200-0x7fff023f]
[    0.091839] ACPI: Reserving FACS table memory at [mem 0x7fff0200-0x7fff023f]
[    0.091840] ACPI: Reserving APIC table memory at [mem 0x7fff0240-0x7fff0293]
[    0.091840] ACPI: Reserving SSDT table memory at [mem 0x7fff02a0-0x7fff02d7]
[    0.091854] ACPI: Local APIC address 0xfee00000
[    0.092041] No NUMA configuration found
[    0.092042] Faking a node at [mem 0x0000000000000000-0x000000007ffeffff]
[    0.092052] NODE_DATA(0) allocated [mem 0x7ffc5000-0x7ffeffff]
[    0.092332] Zone ranges:
[    0.092333]   DMA      [mem 0x0000000000001000-0x0000000000ffffff]
[    0.092334]   DMA32    [mem 0x0000000001000000-0x000000007ffeffff]
[    0.092335]   Normal   empty
[    0.092336]   Device   empty
[    0.092337] Movable zone start for each node
[    0.092339] Early memory node ranges
[    0.092339]   node   0: [mem 0x0000000000001000-0x000000000009efff]
[    0.092340]   node   0: [mem 0x0000000000100000-0x000000007ffeffff]
[    0.092343] Zeroed struct page in unavailable ranges: 114 pages
[    0.092344] Initmem setup node 0 [mem 0x0000000000001000-0x000000007ffeffff]
[    0.092345] On node 0 totalpages: 524174
[    0.092346]   DMA zone: 64 pages used for memmap
[    0.092347]   DMA zone: 21 pages reserved
[    0.092347]   DMA zone: 3998 pages, LIFO batch:0
[    0.092417]   DMA32 zone: 8128 pages used for memmap
[    0.092418]   DMA32 zone: 520176 pages, LIFO batch:63
[    0.101343] ACPI: PM-Timer IO Port: 0x4008
[    0.101347] ACPI: Local APIC address 0xfee00000
[    0.101411] IOAPIC[0]: apic_id 1, version 32, address 0xfec00000, GSI 0-23
[    0.101415] ACPI: INT_SRC_OVR (bus 0 bus_irq 0 global_irq 2 dfl dfl)
[    0.101417] ACPI: INT_SRC_OVR (bus 0 bus_irq 9 global_irq 9 low level)
[    0.101418] ACPI: IRQ0 used by override.
[    0.101419] ACPI: IRQ9 used by override.
[    0.101422] Using ACPI (MADT) for SMP configuration information
[    0.101428] smpboot: Allowing 1 CPUs, 0 hotplug CPUs
[    0.101450] PM: Registered nosave memory: [mem 0x00000000-0x00000fff]
[    0.101451] PM: Registered nosave memory: [mem 0x0009f000-0x0009ffff]
[    0.101451] PM: Registered nosave memory: [mem 0x000a0000-0x000effff]
[    0.101452] PM: Registered nosave memory: [mem 0x000f0000-0x000fffff]
[    0.101454] [mem 0x80000000-0xfebfffff] available for PCI devices
[    0.101455] Booting paravirtualized kernel on KVM
[    0.101457] clocksource: refined-jiffies: mask: 0xffffffff max_cycles: 0xffffffff, max_idle_ns: 7645519600211568 ns
[    0.101462] setup_percpu: NR_CPUS:8192 nr_cpumask_bits:1 nr_cpu_ids:1 nr_node_ids:1
[    0.101794] percpu: Embedded 60 pages/cpu s208896 r8192 d28672 u2097152
[    0.101799] pcpu-alloc: s208896 r8192 d28672 u2097152 alloc=1*2097152
[    0.101799] pcpu-alloc: [0] 0 
[    0.101825] Built 1 zonelists, mobility grouping on.  Total pages: 515961
[    0.101826] Policy zone: DMA32
[    0.101827] Kernel command line: BOOT_IMAGE=/boot/vmlinuz-5.4.243-tcp root=UUID=98415a12-53b7-4144-8265-0f7ece09e445 ro quiet splash
[    0.102186] Dentry cache hash table entries: 262144 (order: 9, 2097152 bytes, linear)
[    0.102446] Inode-cache hash table entries: 131072 (order: 8, 1048576 bytes, linear)
[    0.102495] mem auto-init: stack:off, heap alloc:on, heap free:off
[    0.102498] Calgary: detecting Calgary via BIOS EBDA area
[    0.102499] Calgary: Unable to locate Rio Grande table in EBDA - bailing!
[    0.106631] Memory: 1967340K/2096696K available (14339K kernel code, 2392K rwdata, 4692K rodata, 2720K init, 17272K bss, 129356K reserved, 0K cma-reserved)
[    0.107543] SLUB: HWalign=64, Order=0-3, MinObjects=0, CPUs=1, Nodes=1
[    0.107560] ftrace: allocating 42894 entries in 168 pages
[    0.125335] rcu: Hierarchical RCU implementation.
[    0.125337] rcu: 	RCU restricting CPUs from NR_CPUS=8192 to nr_cpu_ids=1.
[    0.125338] 	Tasks RCU enabled.
[    0.125339] rcu: RCU calculated value of scheduler-enlistment delay is 25 jiffies.
[    0.125340] rcu: Adjusting geometry for rcu_fanout_leaf=16, nr_cpu_ids=1
[    0.128290] NR_IRQS: 524544, nr_irqs: 256, preallocated irqs: 16
[    0.128502] random: crng init done
[    0.137811] Console: colour VGA+ 80x25
[    0.137815] printk: console [tty0] enabled
[    0.137835] ACPI: Core revision 20190816
[    0.137931] APIC: Switch to symmetric I/O mode setup
[    0.138182] x2apic enabled
[    0.138419] Switched APIC routing to physical x2apic.
[    0.139552] ..TIMER: vector=0x30 apic1=0 pin1=2 apic2=-1 pin2=-1
[    0.139579] clocksource: tsc-early: mask: 0xffffffffffffffff max_cycles: 0x1e4530a99b6, max_idle_ns: 440795257976 ns
[    0.139585] Calibrating delay loop (skipped) preset value.. 4200.00 BogoMIPS (lpj=8400000)
[    0.139587] pid_max: default: 32768 minimum: 301
[    0.139616] LSM: Security Framework initializing
[    0.139625] Yama: becoming mindful.
[    0.139651] AppArmor: AppArmor initialized
[    0.139686] Mount-cache hash table entries: 4096 (order: 3, 32768 bytes, linear)
[    0.139690] Mountpoint-cache hash table entries: 4096 (order: 3, 32768 bytes, linear)
[    0.139700] *** VALIDATE tmpfs ***
[    0.139833] *** VALIDATE proc ***
[    0.139874] *** VALIDATE cgroup1 ***
[    0.139875] *** VALIDATE cgroup2 ***
[    0.140015] process: using mwait in idle threads
[    0.140020] Last level iTLB entries: 4KB 64, 2MB 8, 4MB 8
[    0.140021] Last level dTLB entries: 4KB 64, 2MB 0, 4MB 0, 1GB 4
[    0.140041] Spectre V1 : Mitigation: usercopy/swapgs barriers and __user pointer sanitization
[    0.140046] Spectre V2 : Mitigation: Retpolines
[    0.140047] Spectre V2 : Spectre v2 / SpectreRSB mitigation: Filling RSB on context switch
[    0.140048] Spectre V2 : Spectre v2 / SpectreRSB : Filling RSB on VMEXIT
[    0.140048] RETBleed: WARNING: Spectre v2 mitigation leaves CPU vulnerable to RETBleed attacks, data leaks possible!
[    0.140406] RETBleed: Vulnerable
[    0.140407] Speculative Store Bypass: Vulnerable
[    0.140411] TAA: Mitigation: TSX disabled
[    0.140412] MMIO Stale Data: Mitigation: Clear CPU buffers
[    0.144620] Freeing SMP alternatives memory: 40K
[    0.256866] smpboot: CPU0: Intel(R) Xeon(R) Silver 4216 CPU @ 2.10GHz (family: 0x6, model: 0x55, stepping: 0x7)
[    0.256997] Performance Events: unsupported p6 CPU model 85 no PMU driver, software events only.
[    0.257034] rcu: Hierarchical SRCU implementation.
[    0.257521] NMI watchdog: Perf NMI watchdog permanently disabled
[    0.257560] smp: Bringing up secondary CPUs ...
[    0.257561] smp: Brought up 1 node, 1 CPU
[    0.257562] smpboot: Max logical packages: 1
[    0.257563] smpboot: Total of 1 processors activated (4200.00 BogoMIPS)
[    0.258513] devtmpfs: initialized
[    0.258560] x86/mm: Memory block size: 128MB
[    0.258933] clocksource: jiffies: mask: 0xffffffff max_cycles: 0xffffffff, max_idle_ns: 7645041785100000 ns
[    0.258939] futex hash table entries: 256 (order: 2, 16384 bytes, linear)
[    0.258986] pinctrl core: initialized pinctrl subsystem
[    0.259088] PM: RTC time: 14:59:23, date: 2026-01-20
[    0.259199] NET: Registered protocol family 16
[    0.259273] audit: initializing netlink subsys (disabled)
[    0.259407] EISA bus registered
[    0.259408] cpuidle: using governor ladder
[    0.259409] cpuidle: using governor menu
[    0.259447] ACPI: bus type PCI registered
[    0.259449] acpiphp: ACPI Hot Plug PCI Controller Driver version: 0.5
[    0.259582] PCI: Using configuration type 1 for base access
[    0.259582] audit: type=2000 audit(1768892370.296:1): state=initialized audit_enabled=0 res=1
[    0.259582] HugeTLB registered 2.00 MiB page size, pre-allocated 0 pages
[    0.259582] ACPI: Added _OSI(Module Device)
[    0.259582] ACPI: Added _OSI(Processor Device)
[    0.259582] ACPI: Added _OSI(3.0 _SCP Extensions)
[    0.259582] ACPI: Added _OSI(Processor Aggregator Device)
[    0.259582] ACPI: Added _OSI(Linux-Dell-Video)
[    0.259582] ACPI: Added _OSI(Linux-Lenovo-NV-HDMI-Audio)
[    0.259582] ACPI: Added _OSI(Linux-HPI-Hybrid-Graphics)
[    0.261017] ACPI: 2 ACPI AML tables successfully acquired and loaded
[    0.264939] ACPI: Interpreter enabled
[    0.264949] ACPI: (supports S0 S5)
[    0.264951] ACPI: Using IOAPIC for interrupt routing
[    0.265155] PCI: Using host bridge windows from ACPI; if necessary, use "pci=nocrs" and report a bug
[    0.265262] ACPI: Enabled 2 GPEs in block 00 to 07
[    0.270174] ACPI: PCI Root Bridge [PCI0] (domain 0000 [bus 00-ff])
[    0.270179] acpi PNP0A03:00: _OSC: OS supports [ASPM ClockPM Segments MSI HPX-Type3]
[    0.270619] acpi PNP0A03:00: _OSC: not requesting OS control; OS requires [ExtendedConfig ASPM ClockPM MSI]
[    0.270627] acpi PNP0A03:00: fail to add MMCONFIG information, can't access extended PCI configuration space under this bridge.
[    0.270994] PCI host bridge to bus 0000:00
[    0.270996] pci_bus 0000:00: root bus resource [io  0x0000-0x0cf7 window]
[    0.270997] pci_bus 0000:00: root bus resource [io  0x0d00-0xffff window]
[    0.270999] pci_bus 0000:00: root bus resource [mem 0x000a0000-0x000bffff window]
[    0.271000] pci_bus 0000:00: root bus resource [mem 0x80000000-0xfdffffff window]
[    0.271001] pci_bus 0000:00: root bus resource [bus 00-ff]
[    0.271039] pci 0000:00:00.0: [8086:1237] type 00 class 0x060000
[    0.272014] pci 0000:00:01.0: [8086:7000] type 00 class 0x060100
[    0.272766] pci 0000:00:01.1: [8086:7111] type 00 class 0x01018a
[    0.273144] pci 0000:00:01.1: reg 0x20: [io  0xd000-0xd00f]
[    0.273298] pci 0000:00:01.1: legacy IDE quirk: reg 0x10: [io  0x01f0-0x01f7]
[    0.273299] pci 0000:00:01.1: legacy IDE quirk: reg 0x14: [io  0x03f6]
[    0.273300] pci 0000:00:01.1: legacy IDE quirk: reg 0x18: [io  0x0170-0x0177]
[    0.273301] pci 0000:00:01.1: legacy IDE quirk: reg 0x1c: [io  0x0376]
[    0.273834] pci 0000:00:02.0: [15ad:0405] type 00 class 0x030000
[    0.275636] pci 0000:00:02.0: reg 0x10: [io  0xd010-0xd01f]
[    0.278439] pci 0000:00:02.0: reg 0x14: [mem 0xe0000000-0xe7ffffff pref]
[    0.281453] pci 0000:00:02.0: reg 0x18: [mem 0xf0000000-0xf01fffff]
[    0.291821] pci 0000:00:03.0: [1022:2000] type 00 class 0x020000
[    0.292497] pci 0000:00:03.0: reg 0x10: [io  0xd020-0xd03f]
[    0.293109] pci 0000:00:03.0: reg 0x14: [mem 0xf0200000-0xf0200fff]
[    0.298596] pci 0000:00:04.0: [80ee:cafe] type 00 class 0x088000
[    0.299699] pci 0000:00:04.0: reg 0x10: [io  0xd040-0xd05f]
[    0.300315] pci 0000:00:04.0: reg 0x14: [mem 0xf0400000-0xf07fffff]
[    0.300926] pci 0000:00:04.0: reg 0x18: [mem 0xf0800000-0xf0803fff pref]
[    0.304227] pci 0000:00:07.0: [8086:7113] type 00 class 0x068000
[    0.304776] pci 0000:00:07.0: quirk: [io  0x4000-0x403f] claimed by PIIX4 ACPI
[    0.304787] pci 0000:00:07.0: quirk: [io  0x4100-0x410f] claimed by PIIX4 SMB
[    0.305397] pci 0000:00:08.0: [8086:100e] type 00 class 0x020000
[    0.306111] pci 0000:00:08.0: reg 0x10: [mem 0xf0820000-0xf083ffff]
[    0.307262] pci 0000:00:08.0: reg 0x18: [io  0xd060-0xd067]
[    0.310292] pci 0000:00:09.0: [8086:100e] type 00 class 0x020000
[    0.311033] pci 0000:00:09.0: reg 0x10: [mem 0xf0840000-0xf085ffff]
[    0.312726] pci 0000:00:09.0: reg 0x18: [io  0xd068-0xd06f]
[    0.323620] ACPI: PCI Interrupt Link [LNKA] (IRQs 5 9 10 *11)
[    0.323901] ACPI: PCI Interrupt Link [LNKB] (IRQs 5 9 *10 11)
[    0.324003] ACPI: PCI Interrupt Link [LNKC] (IRQs 5 *9 10 11)
[    0.324106] ACPI: PCI Interrupt Link [LNKD] (IRQs 5 9 10 *11)
[    0.324368] iommu: Default domain type: Translated 
[    0.324427] pci 0000:00:02.0: vgaarb: setting as boot VGA device
[    0.324429] pci 0000:00:02.0: vgaarb: VGA device added: decodes=io+mem,owns=io+mem,locks=none
[    0.324430] pci 0000:00:02.0: vgaarb: bridge control possible
[    0.324431] vgaarb: loaded
[    0.324637] SCSI subsystem initialized
[    0.324669] libata version 3.00 loaded.
[    0.324695] ACPI: bus type USB registered
[    0.324708] usbcore: registered new interface driver usbfs
[    0.324714] usbcore: registered new interface driver hub
[    0.324718] usbcore: registered new device driver usb
[    0.324743] pps_core: LinuxPPS API ver. 1 registered
[    0.324744] pps_core: Software ver. 5.3.6 - Copyright 2005-2007 Rodolfo Giometti <giometti@linux.it>
[    0.324746] PTP clock support registered
[    0.324780] EDAC MC: Ver: 3.0.0
[    0.325064] PCI: Using ACPI for IRQ routing
[    0.325066] PCI: pci_cache_line_size set to 64 bytes
[    0.325235] e820: reserve RAM buffer [mem 0x0009fc00-0x0009ffff]
[    0.325239] e820: reserve RAM buffer [mem 0x7fff0000-0x7fffffff]
[    0.325363] NetLabel: Initializing
[    0.325364] NetLabel:  domain hash size = 128
[    0.325364] NetLabel:  protocols = UNLABELED CIPSOv4 CALIPSO
[    0.325383] NetLabel:  unlabeled traffic allowed by default
[    0.326959] clocksource: Switched to clocksource kvm-clock
[    0.337897] *** VALIDATE bpf ***
[    0.337960] VFS: Disk quotas dquot_6.6.0
[    0.337974] VFS: Dquot-cache hash table entries: 512 (order 0, 4096 bytes)
[    0.337996] *** VALIDATE ramfs ***
[    0.337999] *** VALIDATE hugetlbfs ***
[    0.338082] AppArmor: AppArmor Filesystem Enabled
[    0.338107] pnp: PnP ACPI init
[    0.338174] pnp 00:00: Plug and Play ACPI device, IDs PNP0303 (active)
[    0.338240] pnp 00:01: Plug and Play ACPI device, IDs PNP0f03 (active)
[    0.338973] pnp: PnP ACPI: found 2 devices
[    0.339970] thermal_sys: Registered thermal governor 'fair_share'
[    0.339971] thermal_sys: Registered thermal governor 'bang_bang'
[    0.339971] thermal_sys: Registered thermal governor 'step_wise'
[    0.339972] thermal_sys: Registered thermal governor 'user_space'
[    0.339973] thermal_sys: Registered thermal governor 'power_allocator'
[    0.344506] clocksource: acpi_pm: mask: 0xffffff max_cycles: 0xffffff, max_idle_ns: 2085701024 ns
[    0.344547] pci_bus 0000:00: resource 4 [io  0x0000-0x0cf7 window]
[    0.344548] pci_bus 0000:00: resource 5 [io  0x0d00-0xffff window]
[    0.344550] pci_bus 0000:00: resource 6 [mem 0x000a0000-0x000bffff window]
[    0.344551] pci_bus 0000:00: resource 7 [mem 0x80000000-0xfdffffff window]
[    0.344607] NET: Registered protocol family 2
[    0.344683] IP idents hash table entries: 32768 (order: 6, 262144 bytes, linear)
[    0.345053] tcp_listen_portaddr_hash hash table entries: 1024 (order: 2, 16384 bytes, linear)
[    0.345133] TCP established hash table entries: 16384 (order: 5, 131072 bytes, linear)
[    0.345199] TCP bind hash table entries: 16384 (order: 6, 262144 bytes, linear)
[    0.345224] TCP: Hash tables configured (established 16384 bind 16384)
[    0.345269] UDP hash table entries: 1024 (order: 3, 32768 bytes, linear)
[    0.345280] UDP-Lite hash table entries: 1024 (order: 3, 32768 bytes, linear)
[    0.345307] NET: Registered protocol family 1
[    0.345315] NET: Registered protocol family 44
[    0.345341] pci 0000:00:00.0: Limiting direct PCI/PCI transfers
[    0.345353] pci 0000:00:01.0: Activating ISA DMA hang workarounds
[    0.345409] pci 0000:00:02.0: Video device with shadowed ROM at [mem 0x000c0000-0x000dffff]
[    0.345470] PCI: CLS 0 bytes, default 64
[    0.345519] Trying to unpack rootfs image as initramfs...
[    0.522866] Freeing initrd memory: 47860K
[    0.522866] clocksource: tsc: mask: 0xffffffffffffffff max_cycles: 0x1e4530a99b6, max_idle_ns: 440795257976 ns
[    0.522866] clocksource: Switched to clocksource tsc
[    0.522866] platform rtc_cmos: registered platform RTC device (no PNP device found)
[    0.522866] check: Scanning for low memory corruption every 60 seconds
[    0.522866] Initialise system trusted keyrings
[    0.522866] Key type blacklist registered
[    0.522866] workingset: timestamp_bits=36 max_order=19 bucket_order=0
[    0.522866] zbud: loaded
[    0.522866] squashfs: version 4.0 (2009/01/31) Phillip Lougher
[    0.522866] fuse: init (API version 7.31)
[    0.522866] *** VALIDATE fuse ***
[    0.522866] *** VALIDATE fuse ***
[    0.526987] Platform Keyring initialized
[    0.529781] Key type asymmetric registered
[    0.529783] Asymmetric key parser 'x509' registered
[    0.529790] Block layer SCSI generic (bsg) driver version 0.4 loaded (major 244)
[    0.529827] io scheduler mq-deadline registered
[    0.529937] shpchp: Standard Hot Plug PCI Controller Driver version: 0.4
[    0.530174] ACPI: AC Adapter [AC] (on-line)
[    0.530221] input: Power Button as /devices/LNXSYSTM:00/LNXPWRBN:00/input/input0
[    0.530251] ACPI: Power Button [PWRF]
[    0.530337] input: Sleep Button as /devices/LNXSYSTM:00/LNXSLPBN:00/input/input1
[    0.530350] ACPI: Sleep Button [SLPF]
[    0.530578] Serial: 8250/16550 driver, 32 ports, IRQ sharing enabled
[    0.531784] Linux agpgart interface v0.103
[    0.627123] loop: module loaded
[    0.627266] ata_piix 0000:00:01.1: version 2.13
[    0.627668] scsi host0: ata_piix
[    0.627760] scsi host1: ata_piix
[    0.627788] ata1: PATA max UDMA/33 cmd 0x1f0 ctl 0x3f6 bmdma 0xd000 irq 14
[    0.627789] ata2: PATA max UDMA/33 cmd 0x170 ctl 0x376 bmdma 0xd008 irq 15
[    0.627869] tun: Universal TUN/TAP device driver, 1.6
[    0.628180] PPP generic driver version 2.4.2
[    0.628224] VFIO - User Level meta-driver version: 0.3
[    0.628462] ehci_hcd: USB 2.0 'Enhanced' Host Controller (EHCI) Driver
[    0.628467] ehci-pci: EHCI PCI platform driver
[    0.628481] ehci-platform: EHCI generic platform driver
[    0.628487] ohci_hcd: USB 1.1 'Open' Host Controller (OHCI) Driver
[    0.628489] ohci-pci: OHCI PCI platform driver
[    0.628495] ohci-platform: OHCI generic platform driver
[    0.628499] uhci_hcd: USB Universal Host Controller Interface driver
[    0.628559] i8042: PNP: PS/2 Controller [PNP0303:PS2K,PNP0f03:PS2M] at 0x60,0x64 irq 1,12
[    0.629005] serio: i8042 KBD port at 0x60,0x64 irq 1
[    0.629009] serio: i8042 AUX port at 0x60,0x64 irq 12
[    0.629094] mousedev: PS/2 mouse device common for all mice
[    0.629349] input: AT Translated Set 2 keyboard as /devices/platform/i8042/serio0/input/input2
[    0.629748] rtc_cmos rtc_cmos: registered as rtc0
[    0.629761] rtc_cmos rtc_cmos: alarms up to one day, 114 bytes nvram
[    0.629766] i2c /dev entries driver
[    0.629812] device-mapper: uevent: version 1.0.3
[    0.629853] device-mapper: ioctl: 4.41.0-ioctl (2019-09-16) initialised: dm-devel@redhat.com
[    0.629871] platform eisa.0: Probing EISA bus 0
[    0.629872] platform eisa.0: EISA: Cannot allocate resource for mainboard
[    0.629873] platform eisa.0: Cannot allocate resource for EISA slot 1
[    0.629874] platform eisa.0: Cannot allocate resource for EISA slot 2
[    0.629875] platform eisa.0: Cannot allocate resource for EISA slot 3
[    0.629876] platform eisa.0: Cannot allocate resource for EISA slot 4
[    0.629877] platform eisa.0: Cannot allocate resource for EISA slot 5
[    0.629878] platform eisa.0: Cannot allocate resource for EISA slot 6
[    0.629879] platform eisa.0: Cannot allocate resource for EISA slot 7
[    0.629880] platform eisa.0: Cannot allocate resource for EISA slot 8
[    0.629881] platform eisa.0: EISA: Detected 0 cards
[    0.629884] intel_pstate: CPU model not supported
[    0.629893] ledtrig-cpu: registered to indicate activity on CPUs
[    0.629944] drop_monitor: Initializing network drop monitor service
[    0.630104] NET: Registered protocol family 10
[    0.635222] Segment Routing with IPv6
[    0.635245] NET: Registered protocol family 17
[    0.635277] Key type dns_resolver registered
[    0.635279] RAS: Correctable Errors collector initialized.
[    0.635279] IPI shorthand broadcast: enabled
[    0.635279] sched_clock: Marking stable (620189937, 11089989)->(633871569, -2591643)
[    0.635449] registered taskstats version 1
[    0.635460] Loading compiled-in X.509 certificates
[    0.636045] Loaded X.509 cert 'Build time autogenerated kernel key: 0a9e52cc6eb58eed9b63e328679db6d5d5216245'
[    0.636063] zswap: loaded using pool lzo/zbud
[    0.636122] Key type ._fscrypt registered
[    0.636122] Key type .fscrypt registered
[    0.640520] Key type big_key registered
[    0.642683] Key type encrypted registered
[    0.642685] AppArmor: AppArmor sha1 policy hashing enabled
[    0.642692] ima: No TPM chip found, activating TPM-bypass!
[    0.642696] ima: Allocated hash algorithm: sha1
[    0.642701] ima: No architecture policies found
[    0.642711] evm: Initialising EVM extended attributes:
[    0.642711] evm: security.selinux
[    0.642712] evm: security.SMACK64
[    0.642712] evm: security.SMACK64EXEC
[    0.642713] evm: security.SMACK64TRANSMUTE
[    0.642713] evm: security.SMACK64MMAP
[    0.642714] evm: security.apparmor
[    0.642714] evm: security.ima
[    0.642715] evm: security.capability
[    0.642715] evm: HMAC attrs: 0x1
[    0.643018] PM:   Magic number: 10:399:991
[    0.643138] rtc_cmos rtc_cmos: setting system clock to 2026-01-20T14:59:24 UTC (1768921164)
[    0.803923] ata1.00: ATA-6: VBOX HARDDISK, 1.0, max UDMA/133
[    0.803926] ata1.00: 209715200 sectors, multi 128: LBA 
[    0.804625] scsi 0:0:0:0: Direct-Access     ATA      VBOX HARDDISK    1.0  PQ: 0 ANSI: 5
[    0.804919] sd 0:0:0:0: [sda] 209715200 512-byte logical blocks: (107 GB/100 GiB)
[    0.804931] sd 0:0:0:0: [sda] Write Protect is off
[    0.804935] sd 0:0:0:0: [sda] Mode Sense: 00 3a 00 00
[    0.804955] sd 0:0:0:0: [sda] Write cache: enabled, read cache: enabled, doesn't support DPO or FUA
[    0.805275] sd 0:0:0:0: Attached scsi generic sg0 type 0
[    0.806038]  sda: sda1 sda2
[    0.815292] sd 0:0:0:0: [sda] Attached SCSI disk
[    0.818536] Freeing unused decrypted memory: 2040K
[    0.819521] Freeing unused kernel image memory: 2720K
[    0.819523] Write protecting the kernel read-only data: 22528k
[    0.820545] Freeing unused kernel image memory: 2036K
[    0.821112] Freeing unused kernel image memory: 1452K
[    0.847949] x86/mm: Checked W+X mappings: passed, no W+X pages found.
[    0.847953] Run /init as init process
[    0.954176] ACPI: Video Device [GFX0] (multi-head: yes  rom: no  post: no)
[    0.954246] input: Video Bus as /devices/LNXSYSTM:00/LNXSYBUS:00/PNP0A03:00/LNXVIDEO:00/input/input4
[    0.964456] pcnet32: pcnet32.c:v1.35 21.Apr.2008 tsbogend@alpha.franken.de
[    0.965178] pcnet32: PCnet/FAST III 79C973 at 0xd020, 08:00:27:5d:c7:97 assigned IRQ 19
[    0.965221] pcnet32: Found PHY 0022:561b at address 0
[    0.965521] pcnet32: eth0: registered as PCnet/FAST III 79C973
[    0.968004] piix4_smbus 0000:00:07.0: SMBus Host Controller at 0x4100, revision 0
[    0.970625] e1000: Intel(R) PRO/1000 Network Driver - version 7.3.21-k8-NAPI
[    0.970625] e1000: Copyright (c) 1999-2006 Intel Corporation.
[    0.973408] pcnet32: 1 cards_found
[    1.036499] pcnet32 0000:00:03.0 enp0s3: renamed from eth0
[    1.185351] input: ImExPS/2 Generic Explorer Mouse as /devices/platform/i8042/serio1/input/input5
[    1.487909] e1000 0000:00:08.0 eth0: (PCI:33MHz:32-bit) 08:00:27:78:3d:a5
[    1.487917] e1000 0000:00:08.0 eth0: Intel(R) PRO/1000 Network Connection
[    1.879375] e1000 0000:00:09.0 eth1: (PCI:33MHz:32-bit) 08:00:27:5a:d0:61
[    1.879377] e1000 0000:00:09.0 eth1: Intel(R) PRO/1000 Network Connection
[    1.880520] e1000 0000:00:08.0 enp0s8: renamed from eth0
[    1.882295] e1000 0000:00:09.0 enp0s9: renamed from eth1
[    1.934368] EXT4-fs (sda2): mounted filesystem with ordered data mode. Opts: (null)
[    2.014740] systemd[1]: Inserted module 'autofs4'
[    2.024412] systemd[1]: systemd 245.4-4ubuntu3 running in system mode. (+PAM +AUDIT +SELINUX +IMA +APPARMOR +SMACK +SYSVINIT +UTMP +LIBCRYPTSETUP +GCRYPT +GNUTLS +ACL +XZ +LZ4 +SECCOMP +BLKID +ELFUTILS +KMOD +IDN2 -IDN +PCRE2 default-hierarchy=hybrid)
[    2.024438] systemd[1]: Detected virtualization oracle.
[    2.024442] systemd[1]: Detected architecture x86-64.
[    2.025721] systemd[1]: Set hostname to <ztg>.
[    2.144487] systemd[1]: /lib/systemd/system/dbus.socket:5: ListenStream= references a path below legacy directory /var/run/, updating /var/run/dbus/system_bus_socket â†’ /run/dbus/system_bus_socket; please update the unit file accordingly.
[    2.194271] systemd[1]: Created slice system-modprobe.slice.
[    2.194464] systemd[1]: Created slice User and Session Slice.
[    2.194507] systemd[1]: Started Forward Password Requests to Wall Directory Watch.
[    2.194657] systemd[1]: Set up automount Arbitrary Executable File Formats File System Automount Point.
[    2.194691] systemd[1]: Reached target User and Group Name Lookups.
[    2.194699] systemd[1]: Reached target Remote File Systems.
[    2.194707] systemd[1]: Reached target Slices.
[    2.195211] systemd[1]: Listening on Syslog Socket.
[    2.195276] systemd[1]: Listening on fsck to fsckd communication Socket.
[    2.195313] systemd[1]: Listening on initctl Compatibility Named Pipe.
[    2.195456] systemd[1]: Listening on Journal Audit Socket.
[    2.195508] systemd[1]: Listening on Journal Socket (/dev/log).
[    2.195573] systemd[1]: Listening on Journal Socket.
[    2.195635] systemd[1]: Listening on udev Control Socket.
[    2.195674] systemd[1]: Listening on udev Kernel Socket.
[    2.196396] systemd[1]: Mounting Huge Pages File System...
[    2.197310] systemd[1]: Mounting POSIX Message Queue File System...
[    2.198170] systemd[1]: Mounting Kernel Debug File System...
[    2.198994] systemd[1]: Mounting Kernel Trace File System...
[    2.200915] systemd[1]: Starting Journal Service...
[    2.225329] systemd[1]: Starting Set the console keyboard layout...
[    2.233074] systemd[1]: Starting Create list of static device nodes for the current kernel...
[    2.235005] systemd[1]: Starting Load Kernel Module drm...
[    2.240330] systemd[1]: Condition check resulted in Set Up Additional Binary Formats being skipped.
[    2.247149] systemd[1]: Condition check resulted in File System Check on Root Device being skipped.
[    2.248709] systemd[1]: Starting Load Kernel Modules...
[    2.254711] systemd[1]: Starting Remount Root and Kernel File Systems...
[    2.262976] systemd[1]: Starting udev Coldplug all Devices...
[    2.273580] systemd[1]: Starting Uncomplicated firewall...
[    2.274801] systemd[1]: Mounted Huge Pages File System.
[    2.274883] systemd[1]: Mounted POSIX Message Queue File System.
[    2.274953] systemd[1]: Mounted Kernel Debug File System.
[    2.275017] systemd[1]: Mounted Kernel Trace File System.
[    2.280510] EXT4-fs (sda2): re-mounted. Opts: errors=remount-ro
[    2.299732] systemd[1]: Finished Create list of static device nodes for the current kernel.
[    2.300736] systemd[1]: modprobe@drm.service: Succeeded.
[    2.307809] systemd[1]: Finished Load Kernel Module drm.
[    2.308177] systemd[1]: Finished Remount Root and Kernel File Systems.
[    2.318246] systemd[1]: Finished Uncomplicated firewall.
[    2.333845] systemd[1]: Condition check resulted in Rebuild Hardware Database being skipped.
[    2.333879] systemd[1]: Condition check resulted in Platform Persistent Storage Archival being skipped.
[    2.334498] systemd[1]: Starting Load/Save Random Seed...
[    2.336244] lp: driver loaded but no devices found
[    2.342860] systemd[1]: Starting Create System Users...
[    2.350918] systemd[1]: Finished Load/Save Random Seed.
[    2.352613] ppdev: user-space parallel port driver
[    2.360550] systemd[1]: Finished Create System Users.
[    2.361222] systemd[1]: Starting Create Static Device Nodes in /dev...
[    2.380134] systemd[1]: Finished Create Static Device Nodes in /dev.
[    2.380846] systemd[1]: Starting udev Kernel Device Manager...
[    2.414336] systemd[1]: Finished udev Coldplug all Devices.
[    2.432912] [drm] DMA map mode: Caching DMA mappings.
[    2.432974] [drm] Capabilities:
[    2.432975] [drm]   Rect copy.
[    2.432975] [drm]   Cursor.
[    2.432976] [drm]   Cursor bypass.
[    2.432976] [drm]   Cursor bypass 2.
[    2.432976] [drm]   Alpha cursor.
[    2.432977] [drm]   Extended Fifo.
[    2.432977] [drm]   Pitchlock.
[    2.432977] [drm]   Irq mask.
[    2.432978] [drm]   GMR.
[    2.432978] [drm]   Traces.
[    2.432978] [drm]   GMR2.
[    2.432979] [drm]   Screen Object 2.
[    2.432979] [drm]   Command Buffers.
[    2.432979] [drm]   Command Buffers 2.
[    2.432980] [drm]   Guest Backed Resources.
[    2.432981] [drm] Max GMR ids is 8192
[    2.432981] [drm] Max number of GMR pages is 1048576
[    2.432982] [drm] Max dedicated hypervisor surface memory is 393216 kiB
[    2.432982] [drm] Maximum display memory size is 131072 kiB
[    2.432983] [drm] VRAM at 0xe0000000 size is 131072 kiB
[    2.432984] [drm] MMIO at 0xf0000000 size is 2048 kiB
[    2.433542] [TTM] Zone  kernel: Available graphics memory: 1011744 KiB
[    2.433543] [TTM] Initializing pool allocator
[    2.433546] [TTM] Initializing DMA pool allocator
[    2.433572] [drm] Supports vblank timestamp caching Rev 2 (21.10.2013).
[    2.433573] [drm] No driver support for vblank timestamp query.
[    2.433791] [drm] Screen Target Display device initialized
[    2.433997] [drm] width 720
[    2.434008] [drm] height 400
[    2.434012] [drm] bpp 32
[    2.434555] [drm] Fifo max 0x00200000 min 0x00001000 cap 0x00000355
[    2.436607] [drm] Using command buffers with DMA pool.
[    2.436611] [drm] DX: no.
[    2.436612] [drm] Atomic: yes.
[    2.436612] [drm] SM4_1: no.
[    2.436632] [drm:vmw_host_log [vmwgfx]] *ERROR* Failed to send host log message.
[    2.437508] [drm:vmw_host_log [vmwgfx]] *ERROR* Failed to send host log message.
[    2.449219] fbcon: svgadrmfb (fb0) is primary device
[    2.451264] Console: switching to colour frame buffer device 100x37
[    2.459864] [drm] Initialized vmwgfx 2.15.0 20180704 for 0000:00:02.0 on minor 0
[    2.460730] systemd[1]: Finished Load Kernel Modules.
[    2.461666] systemd[1]: Mounting FUSE Control File System...
[    2.462823] systemd[1]: Mounting Kernel Configuration File System...
[    2.493728] systemd[1]: Starting Apply Kernel Variables...
[    2.505288] systemd[1]: Mounted FUSE Control File System.
[    2.505351] systemd[1]: Condition check resulted in VMware vmblock fuse mount being skipped.
[    2.506746] systemd[1]: Mounted Kernel Configuration File System.
[    2.521273] systemd[1]: Finished Set the console keyboard layout.
[    2.521362] systemd[1]: Reached target Local File Systems (Pre).
[    2.525014] systemd[1]: Mounting Mount unit for bare, revision 5...
[    2.546290] systemd[1]: Mounting Mount unit for core18, revision 1705...
[    2.547549] systemd[1]: Mounting Mount unit for gnome-3-34-1804, revision 24...
[    2.549303] systemd[1]: Mounting Mount unit for gtk-common-themes, revision 1506...
[    2.555739] systemd[1]: Mounting Mount unit for gtk-common-themes, revision 1535...
[    2.562894] systemd[1]: Mounting Mount unit for snap-store, revision 433...
[    2.580010] systemd[1]: Mounting Mount unit for snapd, revision 7264...
[    2.592714] systemd[1]: Finished Apply Kernel Variables.
[    2.592850] systemd[1]: Mounted Mount unit for bare, revision 5.
[    2.632718] systemd[1]: Started udev Kernel Device Manager.
[    2.632818] systemd[1]: Mounted Mount unit for core18, revision 1705.
[    2.647062] systemd[1]: Starting Show Plymouth Boot Screen...
[    2.650980] systemd[1]: Received SIGRTMIN+20 from PID 284 (plymouthd).
[    2.653555] systemd[1]: Mounted Mount unit for gtk-common-themes, revision 1535.
[    2.674928] systemd[1]: Started Show Plymouth Boot Screen.
[    2.675077] systemd[1]: Condition check resulted in Dispatch Password Requests to Console Directory Watch being skipped.
[    2.675174] systemd[1]: Started Forward Password Requests to Plymouth Directory Watch.
[    2.675217] systemd[1]: Reached target Local Encrypted Volumes.
[    2.725758] systemd[1]: Mounted Mount unit for gtk-common-themes, revision 1506.
[    2.760175] systemd[1]: Mounted Mount unit for gnome-3-34-1804, revision 24.
[    2.760397] systemd[1]: Mounted Mount unit for snap-store, revision 433.
[    2.760576] systemd[1]: Mounted Mount unit for snapd, revision 7264.
[    2.760720] systemd[1]: Reached target Local File Systems.
[    2.761525] systemd[1]: Starting Load AppArmor profiles...
[    2.777257] systemd[1]: Starting Set console font and keymap...
[    2.788835] systemd[1]: Starting Tell Plymouth To Write Out Runtime Data...
[    2.791611] systemd[1]: Condition check resulted in Store a System Token in an EFI Variable being skipped.
[    2.791655] systemd[1]: Condition check resulted in Commit a transient machine-id on disk being skipped.
[    2.794071] systemd[1]: Finished Set console font and keymap.
[    2.803051] systemd[1]: Received SIGRTMIN+20 from PID 284 (plymouthd).
[    2.803796] systemd[1]: plymouth-read-write.service: Succeeded.
[    2.804025] systemd[1]: Finished Tell Plymouth To Write Out Runtime Data.
[    2.838624] audit: type=1400 audit(1768921166.688:2): apparmor="STATUS" operation="profile_load" profile="unconfined" name="nvidia_modprobe" pid=299 comm="apparmor_parser"
[    2.838627] audit: type=1400 audit(1768921166.688:3): apparmor="STATUS" operation="profile_load" profile="unconfined" name="nvidia_modprobe//kmod" pid=299 comm="apparmor_parser"
[    2.845278] audit: type=1400 audit(1768921166.700:4): apparmor="STATUS" operation="profile_load" profile="unconfined" name="/usr/sbin/tcpdump" pid=300 comm="apparmor_parser"
[    2.871693] audit: type=1400 audit(1768921166.720:5): apparmor="STATUS" operation="profile_load" profile="unconfined" name="/usr/bin/evince" pid=302 comm="apparmor_parser"
[    2.871695] audit: type=1400 audit(1768921166.720:6): apparmor="STATUS" operation="profile_load" profile="unconfined" name="/usr/bin/evince//sanitized_helper" pid=302 comm="apparmor_parser"
[    2.871704] audit: type=1400 audit(1768921166.720:7): apparmor="STATUS" operation="profile_load" profile="unconfined" name="/usr/bin/evince-previewer" pid=302 comm="apparmor_parser"
[    2.871706] audit: type=1400 audit(1768921166.720:8): apparmor="STATUS" operation="profile_load" profile="unconfined" name="/usr/bin/evince-previewer//sanitized_helper" pid=302 comm="apparmor_parser"
[    2.871707] audit: type=1400 audit(1768921166.720:9): apparmor="STATUS" operation="profile_load" profile="unconfined" name="/usr/bin/evince-thumbnailer" pid=302 comm="apparmor_parser"
[    2.902688] audit: type=1400 audit(1768921166.756:10): apparmor="STATUS" operation="profile_load" profile="unconfined" name="/usr/lib/cups/backend/cups-pdf" pid=303 comm="apparmor_parser"
[    2.962357] systemd[1]: Finished Load AppArmor profiles.
[    2.963322] systemd[1]: Starting Load AppArmor profiles managed internally by snapd...
[    3.040507] systemd[1]: Finished Load AppArmor profiles managed internally by snapd.
[    3.163200] systemd[1]: Started Journal Service.
[    3.169625] systemd-journald[228]: Received client request to flush runtime journal.
[    4.510378] RAPL PMU: API unit is 2^-32 Joules, 0 fixed counters, 10737418240 ms ovfl timer
[    4.578345] cryptd: max_cpu_qlen set to 1000
[    4.642134] AVX2 version of gcm_enc/dec engaged.
[    4.642135] AES CTR mode by8 optimization enabled
[    5.575346] Adding 1998844k swap on /dev/sda1.  Priority:-2 extents:1 across:1998844k FS
[    7.207064] kauditd_printk_skb: 30 callbacks suppressed
[    7.207066] audit: type=1400 audit(1768921171.060:41): apparmor="DENIED" operation="capable" profile="/usr/sbin/cups-browsed" pid=498 comm="cups-browsed" capability=23  capname="sys_nice"
[    7.956475] pcnet32 0000:00:03.0 enp0s3: link up, 100Mbps, full-duplex
[    7.995551] e1000: enp0s8 NIC Link is Up 1000 Mbps Full Duplex, Flow Control: RX
[    7.995886] IPv6: ADDRCONF(NETDEV_CHANGE): enp0s8: link becomes ready
[    8.009370] e1000: enp0s9 NIC Link is Up 1000 Mbps Full Duplex, Flow Control: RX
[    8.009673] IPv6: ADDRCONF(NETDEV_CHANGE): enp0s9: link becomes ready
[    8.578610] device enp0s3 entered promiscuous mode
[    8.629939] audit: type=1400 audit(1768921172.484:42): apparmor="DENIED" operation="open" profile="/usr/sbin/tcpdump" name="/proc/sys/kernel/random/boot_id" pid=650 comm="tcpdump" requested_mask="r" denied_mask="r" fsuid=0 ouid=0
[    8.630179] audit: type=1400 audit(1768921172.484:43): apparmor="DENIED" operation="open" profile="/usr/sbin/tcpdump" name="/proc/sys/kernel/random/boot_id" pid=650 comm="tcpdump" requested_mask="r" denied_mask="r" fsuid=0 ouid=0
[    8.630229] audit: type=1400 audit(1768921172.484:44): apparmor="DENIED" operation="open" profile="/usr/sbin/tcpdump" name="/proc/sys/kernel/random/boot_id" pid=650 comm="tcpdump" requested_mask="r" denied_mask="r" fsuid=0 ouid=0
[    8.630340] audit: type=1400 audit(1768921172.484:45): apparmor="DENIED" operation="open" profile="/usr/sbin/tcpdump" name="/proc/sys/kernel/random/boot_id" pid=650 comm="tcpdump" requested_mask="r" denied_mask="r" fsuid=0 ouid=0
[    8.631635] audit: type=1400 audit(1768921172.484:46): apparmor="DENIED" operation="open" profile="/usr/sbin/tcpdump" name="/proc/sys/kernel/random/boot_id" pid=651 comm="tcpdump" requested_mask="r" denied_mask="r" fsuid=0 ouid=0
[    8.631825] audit: type=1400 audit(1768921172.484:47): apparmor="DENIED" operation="open" profile="/usr/sbin/tcpdump" name="/proc/sys/kernel/random/boot_id" pid=651 comm="tcpdump" requested_mask="r" denied_mask="r" fsuid=0 ouid=0
[    8.631910] audit: type=1400 audit(1768921172.484:48): apparmor="DENIED" operation="open" profile="/usr/sbin/tcpdump" name="/proc/sys/kernel/random/boot_id" pid=651 comm="tcpdump" requested_mask="r" denied_mask="r" fsuid=0 ouid=0
[    8.633795] audit: type=1400 audit(1768921172.484:49): apparmor="DENIED" operation="open" profile="/usr/sbin/tcpdump" name="/proc/sys/kernel/random/boot_id" pid=651 comm="tcpdump" requested_mask="r" denied_mask="r" fsuid=0 ouid=0
[   13.328732] rfkill: input handler disabled
[  628.345274] rfkill: input handler enabled
[  636.620886] rfkill: input handler disabled
[ 1035.674375] device enp0s3 left promiscuous mode
