[    0.000000] Linux version 5.4.243-tcp (root@ztg) (gcc version 12.2.0 (Debian 12.2.0-14)) #1 SMP Fri Apr 12 08:27:09 CST 2024
[    0.000000] Command line: BOOT_IMAGE=/boot/vmlinuz-5.4.243-tcp root=UUID=98415a12-53b7-4144-8265-0f7ece09e445 ro quiet splash
[    0.000000] KERNEL supported cpus:
[    0.000000]   Intel GenuineIntel
[    0.000000]   AMD AuthenticAMD
[    0.000000]   Hygon HygonGenuine
[    0.000000]   Centaur CentaurHauls
[    0.000000]   zhaoxin   Shanghai  
[    0.000000] x86/fpu: Supporting XSAVE feature 0x001: 'x87 floating point registers'
[    0.000000] x86/fpu: Supporting XSAVE feature 0x002: 'SSE registers'
[    0.000000] x86/fpu: Supporting XSAVE feature 0x004: 'AVX registers'
[    0.000000] x86/fpu: xstate_offset[2]:  576, xstate_sizes[2]:  256
[    0.000000] x86/fpu: Enabled xstate features 0x7, context size is 832 bytes, using 'standard' format.
[    0.000000] BIOS-provided physical RAM map:
[    0.000000] BIOS-e820: [mem 0x0000000000000000-0x000000000009fbff] usable
[    0.000000] BIOS-e820: [mem 0x000000000009fc00-0x000000000009ffff] reserved
[    0.000000] BIOS-e820: [mem 0x00000000000f0000-0x00000000000fffff] reserved
[    0.000000] BIOS-e820: [mem 0x0000000000100000-0x000000007ffeffff] usable
[    0.000000] BIOS-e820: [mem 0x000000007fff0000-0x000000007fffffff] ACPI data
[    0.000000] BIOS-e820: [mem 0x00000000fec00000-0x00000000fec00fff] reserved
[    0.000000] BIOS-e820: [mem 0x00000000fee00000-0x00000000fee00fff] reserved
[    0.000000] BIOS-e820: [mem 0x00000000fffc0000-0x00000000ffffffff] reserved
[    0.000000] NX (Execute Disable) protection: active
[    0.000000] SMBIOS 2.5 present.
[    0.000000] DMI: innotek GmbH VirtualBox/VirtualBox, BIOS VirtualBox 12/01/2006
[    0.000000] Hypervisor detected: KVM
[    0.000000] kvm-clock: Using msrs 4b564d01 and 4b564d00
[    0.000000] kvm-clock: cpu 0, msr 4ac01001, primary cpu clock
[    0.000000] kvm-clock: using sched offset of 4441345165 cycles
[    0.000003] clocksource: kvm-clock: mask: 0xffffffffffffffff max_cycles: 0x1cd42e4dffb, max_idle_ns: 881590591483 ns
[    0.000006] tsc: Detected 2100.000 MHz processor
[    0.001909] e820: update [mem 0x00000000-0x00000fff] usable ==> reserved
[    0.001911] e820: remove [mem 0x000a0000-0x000fffff] usable
[    0.001915] last_pfn = 0x7fff0 max_arch_pfn = 0x400000000
[    0.001983] MTRR default type: uncachable
[    0.001984] MTRR fixed ranges enabled:
[    0.001985]   00000-9FFFF write-back
[    0.001986]   A0000-BFFFF uncachable
[    0.001986]   C0000-FFFFF write-protect
[    0.001987] MTRR variable ranges enabled:
[    0.001988]   0 base 000000000000 mask 3FFF80000000 write-back
[    0.001989]   1 disabled
[    0.001989]   2 disabled
[    0.001990]   3 disabled
[    0.001990]   4 disabled
[    0.001991]   5 disabled
[    0.001991]   6 disabled
[    0.001992]   7 disabled
[    0.001992]   8 disabled
[    0.001992]   9 disabled
[    0.001993]   10 disabled
[    0.001993]   11 disabled
[    0.001994]   12 disabled
[    0.001994]   13 disabled
[    0.001995]   14 disabled
[    0.001995]   15 disabled
[    0.002012] x86/PAT: Configuration [0-7]: WB  WC  UC- UC  WB  WP  UC- WT  
[    0.002147] found SMP MP-table at [mem 0x0009fff0-0x0009ffff]
[    0.093652] check: Scanning 1 areas for low memory corruption
[    0.093807] RAMDISK: [mem 0x32275000-0x35131fff]
[    0.093815] ACPI: Early table checksum verification disabled
[    0.093819] ACPI: RSDP 0x00000000000E0000 000024 (v02 VBOX  )
[    0.093824] ACPI: XSDT 0x000000007FFF0030 00003C (v01 VBOX   VBOXXSDT 00000001 ASL  00000061)
[    0.093830] ACPI: FACP 0x000000007FFF00F0 0000F4 (v04 VBOX   VBOXFACP 00000001 ASL  00000061)
[    0.093837] ACPI: DSDT 0x000000007FFF02E0 002353 (v02 VBOX   VBOXBIOS 00000002 VBOX 00029BF3)
[    0.093841] ACPI: FACS 0x000000007FFF0200 000040
[    0.093844] ACPI: FACS 0x000000007FFF0200 000040
[    0.093847] ACPI: APIC 0x000000007FFF0240 000054 (v02 VBOX   VBOXAPIC 00000001 ASL  00000061)
[    0.093851] ACPI: SSDT 0x000000007FFF02A0 000038 (v01 VBOX   VBOXCPUT 00000002 VBOX 00029BF3)
[    0.093854] ACPI: Reserving FACP table memory at [mem 0x7fff00f0-0x7fff01e3]
[    0.093855] ACPI: Reserving DSDT table memory at [mem 0x7fff02e0-0x7fff2632]
[    0.093855] ACPI: Reserving FACS table memory at [mem 0x7fff0200-0x7fff023f]
[    0.093856] ACPI: Reserving FACS table memory at [mem 0x7fff0200-0x7fff023f]
[    0.093856] ACPI: Reserving APIC table memory at [mem 0x7fff0240-0x7fff0293]
[    0.093857] ACPI: Reserving SSDT table memory at [mem 0x7fff02a0-0x7fff02d7]
[    0.093871] ACPI: Local APIC address 0xfee00000
[    0.094059] No NUMA configuration found
[    0.094060] Faking a node at [mem 0x0000000000000000-0x000000007ffeffff]
[    0.094070] NODE_DATA(0) allocated [mem 0x7ffc5000-0x7ffeffff]
[    0.094331] Zone ranges:
[    0.094332]   DMA      [mem 0x0000000000001000-0x0000000000ffffff]
[    0.094333]   DMA32    [mem 0x0000000001000000-0x000000007ffeffff]
[    0.094334]   Normal   empty
[    0.094334]   Device   empty
[    0.094335] Movable zone start for each node
[    0.094337] Early memory node ranges
[    0.094338]   node   0: [mem 0x0000000000001000-0x000000000009efff]
[    0.094338]   node   0: [mem 0x0000000000100000-0x000000007ffeffff]
[    0.094341] Zeroed struct page in unavailable ranges: 114 pages
[    0.094342] Initmem setup node 0 [mem 0x0000000000001000-0x000000007ffeffff]
[    0.094344] On node 0 totalpages: 524174
[    0.094345]   DMA zone: 64 pages used for memmap
[    0.094345]   DMA zone: 21 pages reserved
[    0.094346]   DMA zone: 3998 pages, LIFO batch:0
[    0.094416]   DMA32 zone: 8128 pages used for memmap
[    0.094417]   DMA32 zone: 520176 pages, LIFO batch:63
[    0.103303] ACPI: PM-Timer IO Port: 0x4008
[    0.103306] ACPI: Local APIC address 0xfee00000
[    0.103373] IOAPIC[0]: apic_id 1, version 32, address 0xfec00000, GSI 0-23
[    0.103376] ACPI: INT_SRC_OVR (bus 0 bus_irq 0 global_irq 2 dfl dfl)
[    0.103378] ACPI: INT_SRC_OVR (bus 0 bus_irq 9 global_irq 9 low level)
[    0.103380] ACPI: IRQ0 used by override.
[    0.103381] ACPI: IRQ9 used by override.
[    0.103384] Using ACPI (MADT) for SMP configuration information
[    0.103390] smpboot: Allowing 1 CPUs, 0 hotplug CPUs
[    0.103413] PM: Registered nosave memory: [mem 0x00000000-0x00000fff]
[    0.103414] PM: Registered nosave memory: [mem 0x0009f000-0x0009ffff]
[    0.103415] PM: Registered nosave memory: [mem 0x000a0000-0x000effff]
[    0.103415] PM: Registered nosave memory: [mem 0x000f0000-0x000fffff]
[    0.103417] [mem 0x80000000-0xfebfffff] available for PCI devices
[    0.103418] Booting paravirtualized kernel on KVM
[    0.103420] clocksource: refined-jiffies: mask: 0xffffffff max_cycles: 0xffffffff, max_idle_ns: 7645519600211568 ns
[    0.103425] setup_percpu: NR_CPUS:8192 nr_cpumask_bits:1 nr_cpu_ids:1 nr_node_ids:1
[    0.104467] percpu: Embedded 60 pages/cpu s208896 r8192 d28672 u2097152
[    0.104472] pcpu-alloc: s208896 r8192 d28672 u2097152 alloc=1*2097152
[    0.104473] pcpu-alloc: [0] 0 
[    0.104499] Built 1 zonelists, mobility grouping on.  Total pages: 515961
[    0.104499] Policy zone: DMA32
[    0.104500] Kernel command line: BOOT_IMAGE=/boot/vmlinuz-5.4.243-tcp root=UUID=98415a12-53b7-4144-8265-0f7ece09e445 ro quiet splash
[    0.105344] Dentry cache hash table entries: 262144 (order: 9, 2097152 bytes, linear)
[    0.105503] Inode-cache hash table entries: 131072 (order: 8, 1048576 bytes, linear)
[    0.105554] mem auto-init: stack:off, heap alloc:on, heap free:off
[    0.105556] Calgary: detecting Calgary via BIOS EBDA area
[    0.105557] Calgary: Unable to locate Rio Grande table in EBDA - bailing!
[    0.109682] Memory: 1967340K/2096696K available (14339K kernel code, 2392K rwdata, 4692K rodata, 2720K init, 17272K bss, 129356K reserved, 0K cma-reserved)
[    0.110632] SLUB: HWalign=64, Order=0-3, MinObjects=0, CPUs=1, Nodes=1
[    0.110648] ftrace: allocating 42894 entries in 168 pages
[    0.128409] rcu: Hierarchical RCU implementation.
[    0.128411] rcu: 	RCU restricting CPUs from NR_CPUS=8192 to nr_cpu_ids=1.
[    0.128412] 	Tasks RCU enabled.
[    0.128413] rcu: RCU calculated value of scheduler-enlistment delay is 25 jiffies.
[    0.128414] rcu: Adjusting geometry for rcu_fanout_leaf=16, nr_cpu_ids=1
[    0.131369] NR_IRQS: 524544, nr_irqs: 256, preallocated irqs: 16
[    0.131579] random: crng init done
[    0.140906] Console: colour VGA+ 80x25
[    0.140910] printk: console [tty0] enabled
[    0.140929] ACPI: Core revision 20190816
[    0.141042] APIC: Switch to symmetric I/O mode setup
[    0.141288] x2apic enabled
[    0.141529] Switched APIC routing to physical x2apic.
[    0.142644] ..TIMER: vector=0x30 apic1=0 pin1=2 apic2=-1 pin2=-1
[    0.142668] clocksource: tsc-early: mask: 0xffffffffffffffff max_cycles: 0x1e4530a99b6, max_idle_ns: 440795257976 ns
[    0.142672] Calibrating delay loop (skipped) preset value.. 4200.00 BogoMIPS (lpj=8400000)
[    0.142674] pid_max: default: 32768 minimum: 301
[    0.142702] LSM: Security Framework initializing
[    0.142711] Yama: becoming mindful.
[    0.142736] AppArmor: AppArmor initialized
[    0.142768] Mount-cache hash table entries: 4096 (order: 3, 32768 bytes, linear)
[    0.142772] Mountpoint-cache hash table entries: 4096 (order: 3, 32768 bytes, linear)
[    0.142782] *** VALIDATE tmpfs ***
[    0.142915] *** VALIDATE proc ***
[    0.142958] *** VALIDATE cgroup1 ***
[    0.142959] *** VALIDATE cgroup2 ***
[    0.143100] process: using mwait in idle threads
[    0.143105] Last level iTLB entries: 4KB 64, 2MB 8, 4MB 8
[    0.143106] Last level dTLB entries: 4KB 64, 2MB 0, 4MB 0, 1GB 4
[    0.143126] Spectre V1 : Mitigation: usercopy/swapgs barriers and __user pointer sanitization
[    0.143132] Spectre V2 : Mitigation: Retpolines
[    0.143132] Spectre V2 : Spectre v2 / SpectreRSB mitigation: Filling RSB on context switch
[    0.143133] Spectre V2 : Spectre v2 / SpectreRSB : Filling RSB on VMEXIT
[    0.143133] RETBleed: WARNING: Spectre v2 mitigation leaves CPU vulnerable to RETBleed attacks, data leaks possible!
[    0.143485] RETBleed: Vulnerable
[    0.143485] Speculative Store Bypass: Vulnerable
[    0.143490] TAA: Mitigation: TSX disabled
[    0.143491] MMIO Stale Data: Mitigation: Clear CPU buffers
[    0.147643] Freeing SMP alternatives memory: 40K
[    0.259288] smpboot: CPU0: Intel(R) Xeon(R) Silver 4216 CPU @ 2.10GHz (family: 0x6, model: 0x55, stepping: 0x7)
[    0.259393] Performance Events: unsupported p6 CPU model 85 no PMU driver, software events only.
[    0.259428] rcu: Hierarchical SRCU implementation.
[    0.259891] NMI watchdog: Perf NMI watchdog permanently disabled
[    0.259927] smp: Bringing up secondary CPUs ...
[    0.259928] smp: Brought up 1 node, 1 CPU
[    0.259929] smpboot: Max logical packages: 1
[    0.259930] smpboot: Total of 1 processors activated (4200.00 BogoMIPS)
[    0.260896] devtmpfs: initialized
[    0.260939] x86/mm: Memory block size: 128MB
[    0.261267] clocksource: jiffies: mask: 0xffffffff max_cycles: 0xffffffff, max_idle_ns: 7645041785100000 ns
[    0.261271] futex hash table entries: 256 (order: 2, 16384 bytes, linear)
[    0.261310] pinctrl core: initialized pinctrl subsystem
[    0.261406] PM: RTC time: 14:59:01, date: 2026-01-20
[    0.261509] NET: Registered protocol family 16
[    0.261580] audit: initializing netlink subsys (disabled)
[    0.261701] EISA bus registered
[    0.261702] cpuidle: using governor ladder
[    0.261703] cpuidle: using governor menu
[    0.261739] ACPI: bus type PCI registered
[    0.261741] acpiphp: ACPI Hot Plug PCI Controller Driver version: 0.5
[    0.261838] PCI: Using configuration type 1 for base access
[    0.262756] audit: type=2000 audit(1768892347.378:1): state=initialized audit_enabled=0 res=1
[    0.262833] HugeTLB registered 2.00 MiB page size, pre-allocated 0 pages
[    0.263621] ACPI: Added _OSI(Module Device)
[    0.263621] ACPI: Added _OSI(Processor Device)
[    0.263622] ACPI: Added _OSI(3.0 _SCP Extensions)
[    0.263623] ACPI: Added _OSI(Processor Aggregator Device)
[    0.263624] ACPI: Added _OSI(Linux-Dell-Video)
[    0.263624] ACPI: Added _OSI(Linux-Lenovo-NV-HDMI-Audio)
[    0.263625] ACPI: Added _OSI(Linux-HPI-Hybrid-Graphics)
[    0.265566] ACPI: 2 ACPI AML tables successfully acquired and loaded
[    0.267846] ACPI: Interpreter enabled
[    0.267856] ACPI: (supports S0 S5)
[    0.267857] ACPI: Using IOAPIC for interrupt routing
[    0.268060] PCI: Using host bridge windows from ACPI; if necessary, use "pci=nocrs" and report a bug
[    0.268166] ACPI: Enabled 2 GPEs in block 00 to 07
[    0.273024] ACPI: PCI Root Bridge [PCI0] (domain 0000 [bus 00-ff])
[    0.273029] acpi PNP0A03:00: _OSC: OS supports [ASPM ClockPM Segments MSI HPX-Type3]
[    0.273467] acpi PNP0A03:00: _OSC: not requesting OS control; OS requires [ExtendedConfig ASPM ClockPM MSI]
[    0.273475] acpi PNP0A03:00: fail to add MMCONFIG information, can't access extended PCI configuration space under this bridge.
[    0.273845] PCI host bridge to bus 0000:00
[    0.273847] pci_bus 0000:00: root bus resource [io  0x0000-0x0cf7 window]
[    0.273848] pci_bus 0000:00: root bus resource [io  0x0d00-0xffff window]
[    0.273849] pci_bus 0000:00: root bus resource [mem 0x000a0000-0x000bffff window]
[    0.273850] pci_bus 0000:00: root bus resource [mem 0x80000000-0xfdffffff window]
[    0.273852] pci_bus 0000:00: root bus resource [bus 00-ff]
[    0.273893] pci 0000:00:00.0: [8086:1237] type 00 class 0x060000
[    0.274705] pci 0000:00:01.0: [8086:7000] type 00 class 0x060100
[    0.275469] pci 0000:00:01.1: [8086:7111] type 00 class 0x01018a
[    0.275839] pci 0000:00:01.1: reg 0x20: [io  0xd000-0xd00f]
[    0.275991] pci 0000:00:01.1: legacy IDE quirk: reg 0x10: [io  0x01f0-0x01f7]
[    0.275992] pci 0000:00:01.1: legacy IDE quirk: reg 0x14: [io  0x03f6]
[    0.275993] pci 0000:00:01.1: legacy IDE quirk: reg 0x18: [io  0x0170-0x0177]
[    0.275993] pci 0000:00:01.1: legacy IDE quirk: reg 0x1c: [io  0x0376]
[    0.276526] pci 0000:00:02.0: [15ad:0405] type 00 class 0x030000
[    0.278750] pci 0000:00:02.0: reg 0x10: [io  0xd010-0xd01f]
[    0.282714] pci 0000:00:02.0: reg 0x14: [mem 0xe0000000-0xe7ffffff pref]
[    0.285420] pci 0000:00:02.0: reg 0x18: [mem 0xf0000000-0xf01fffff]
[    0.295446] pci 0000:00:03.0: [1022:2000] type 00 class 0x020000
[    0.296137] pci 0000:00:03.0: reg 0x10: [io  0xd020-0xd03f]
[    0.296760] pci 0000:00:03.0: reg 0x14: [mem 0xf0200000-0xf0200fff]
[    0.301710] pci 0000:00:04.0: [80ee:cafe] type 00 class 0x088000
[    0.302393] pci 0000:00:04.0: reg 0x10: [io  0xd040-0xd05f]
[    0.302781] pci 0000:00:04.0: reg 0x14: [mem 0xf0400000-0xf07fffff]
[    0.303399] pci 0000:00:04.0: reg 0x18: [mem 0xf0800000-0xf0803fff pref]
[    0.306712] pci 0000:00:07.0: [8086:7113] type 00 class 0x068000
[    0.307270] pci 0000:00:07.0: quirk: [io  0x4000-0x403f] claimed by PIIX4 ACPI
[    0.307281] pci 0000:00:07.0: quirk: [io  0x4100-0x410f] claimed by PIIX4 SMB
[    0.307864] pci 0000:00:08.0: [1022:2000] type 00 class 0x020000
[    0.308548] pci 0000:00:08.0: reg 0x10: [io  0xd060-0xd07f]
[    0.309165] pci 0000:00:08.0: reg 0x14: [mem 0xf0804000-0xf0804fff]
[    0.313157] pci 0000:00:09.0: [8086:100e] type 00 class 0x020000
[    0.313919] pci 0000:00:09.0: reg 0x10: [mem 0xf0820000-0xf083ffff]
[    0.314784] pci 0000:00:09.0: reg 0x18: [io  0xd080-0xd087]
[    0.323793] ACPI: PCI Interrupt Link [LNKA] (IRQs 5 9 10 *11)
[    0.324075] ACPI: PCI Interrupt Link [LNKB] (IRQs 5 9 *10 11)
[    0.326687] ACPI: PCI Interrupt Link [LNKC] (IRQs 5 *9 10 11)
[    0.326801] ACPI: PCI Interrupt Link [LNKD] (IRQs 5 9 10 *11)
[    0.327033] iommu: Default domain type: Translated 
[    0.327090] pci 0000:00:02.0: vgaarb: setting as boot VGA device
[    0.327091] pci 0000:00:02.0: vgaarb: VGA device added: decodes=io+mem,owns=io+mem,locks=none
[    0.327093] pci 0000:00:02.0: vgaarb: bridge control possible
[    0.327094] vgaarb: loaded
[    0.327285] SCSI subsystem initialized
[    0.327316] libata version 3.00 loaded.
[    0.327342] ACPI: bus type USB registered
[    0.327355] usbcore: registered new interface driver usbfs
[    0.327361] usbcore: registered new interface driver hub
[    0.327365] usbcore: registered new device driver usb
[    0.327389] pps_core: LinuxPPS API ver. 1 registered
[    0.327390] pps_core: Software ver. 5.3.6 - Copyright 2005-2007 Rodolfo Giometti <giometti@linux.it>
[    0.327392] PTP clock support registered
[    0.327427] EDAC MC: Ver: 3.0.0
[    0.327699] PCI: Using ACPI for IRQ routing
[    0.327700] PCI: pci_cache_line_size set to 64 bytes
[    0.327872] e820: reserve RAM buffer [mem 0x0009fc00-0x0009ffff]
[    0.327876] e820: reserve RAM buffer [mem 0x7fff0000-0x7fffffff]
[    0.327994] NetLabel: Initializing
[    0.327994] NetLabel:  domain hash size = 128
[    0.327995] NetLabel:  protocols = UNLABELED CIPSOv4 CALIPSO
[    0.328013] NetLabel:  unlabeled traffic allowed by default
[    0.329607] clocksource: Switched to clocksource kvm-clock
[    0.341085] *** VALIDATE bpf ***
[    0.341138] VFS: Disk quotas dquot_6.6.0
[    0.341150] VFS: Dquot-cache hash table entries: 512 (order 0, 4096 bytes)
[    0.341170] *** VALIDATE ramfs ***
[    0.341173] *** VALIDATE hugetlbfs ***
[    0.341249] AppArmor: AppArmor Filesystem Enabled
[    0.341271] pnp: PnP ACPI init
[    0.341330] pnp 00:00: Plug and Play ACPI device, IDs PNP0303 (active)
[    0.341415] pnp 00:01: Plug and Play ACPI device, IDs PNP0f03 (active)
[    0.342178] pnp: PnP ACPI: found 2 devices
[    0.343156] thermal_sys: Registered thermal governor 'fair_share'
[    0.343157] thermal_sys: Registered thermal governor 'bang_bang'
[    0.343157] thermal_sys: Registered thermal governor 'step_wise'
[    0.343158] thermal_sys: Registered thermal governor 'user_space'
[    0.343158] thermal_sys: Registered thermal governor 'power_allocator'
[    0.347688] clocksource: acpi_pm: mask: 0xffffff max_cycles: 0xffffff, max_idle_ns: 2085701024 ns
[    0.347728] pci_bus 0000:00: resource 4 [io  0x0000-0x0cf7 window]
[    0.347729] pci_bus 0000:00: resource 5 [io  0x0d00-0xffff window]
[    0.347730] pci_bus 0000:00: resource 6 [mem 0x000a0000-0x000bffff window]
[    0.347731] pci_bus 0000:00: resource 7 [mem 0x80000000-0xfdffffff window]
[    0.347784] NET: Registered protocol family 2
[    0.347866] IP idents hash table entries: 32768 (order: 6, 262144 bytes, linear)
[    0.348230] tcp_listen_portaddr_hash hash table entries: 1024 (order: 2, 16384 bytes, linear)
[    0.348308] TCP established hash table entries: 16384 (order: 5, 131072 bytes, linear)
[    0.348366] TCP bind hash table entries: 16384 (order: 6, 262144 bytes, linear)
[    0.348391] TCP: Hash tables configured (established 16384 bind 16384)
[    0.348438] UDP hash table entries: 1024 (order: 3, 32768 bytes, linear)
[    0.348449] UDP-Lite hash table entries: 1024 (order: 3, 32768 bytes, linear)
[    0.348477] NET: Registered protocol family 1
[    0.348485] NET: Registered protocol family 44
[    0.348509] pci 0000:00:00.0: Limiting direct PCI/PCI transfers
[    0.348522] pci 0000:00:01.0: Activating ISA DMA hang workarounds
[    0.348576] pci 0000:00:02.0: Video device with shadowed ROM at [mem 0x000c0000-0x000dffff]
[    0.348635] PCI: CLS 0 bytes, default 64
[    0.348682] Trying to unpack rootfs image as initramfs...
[    0.519230] Freeing initrd memory: 47860K
[    0.519230] clocksource: tsc: mask: 0xffffffffffffffff max_cycles: 0x1e4530a99b6, max_idle_ns: 440795257976 ns
[    0.519230] clocksource: Switched to clocksource tsc
[    0.519230] platform rtc_cmos: registered platform RTC device (no PNP device found)
[    0.519230] check: Scanning for low memory corruption every 60 seconds
[    0.519230] Initialise system trusted keyrings
[    0.519230] Key type blacklist registered
[    0.519230] workingset: timestamp_bits=36 max_order=19 bucket_order=0
[    0.519230] zbud: loaded
[    0.519230] squashfs: version 4.0 (2009/01/31) Phillip Lougher
[    0.519230] fuse: init (API version 7.31)
[    0.519230] *** VALIDATE fuse ***
[    0.519230] *** VALIDATE fuse ***
[    0.519230] Platform Keyring initialized
[    0.531360] Key type asymmetric registered
[    0.531362] Asymmetric key parser 'x509' registered
[    0.531371] Block layer SCSI generic (bsg) driver version 0.4 loaded (major 244)
[    0.531408] io scheduler mq-deadline registered
[    0.531514] shpchp: Standard Hot Plug PCI Controller Driver version: 0.4
[    0.531739] ACPI: AC Adapter [AC] (on-line)
[    0.531794] input: Power Button as /devices/LNXSYSTM:00/LNXPWRBN:00/input/input0
[    0.531824] ACPI: Power Button [PWRF]
[    0.531901] input: Sleep Button as /devices/LNXSYSTM:00/LNXSLPBN:00/input/input1
[    0.531914] ACPI: Sleep Button [SLPF]
[    0.532156] Serial: 8250/16550 driver, 32 ports, IRQ sharing enabled
[    0.533311] Linux agpgart interface v0.103
[    0.627236] loop: module loaded
[    0.627474] ata_piix 0000:00:01.1: version 2.13
[    0.628098] scsi host0: ata_piix
[    0.628228] scsi host1: ata_piix
[    0.628271] ata1: PATA max UDMA/33 cmd 0x1f0 ctl 0x3f6 bmdma 0xd000 irq 14
[    0.628273] ata2: PATA max UDMA/33 cmd 0x170 ctl 0x376 bmdma 0xd008 irq 15
[    0.628379] tun: Universal TUN/TAP device driver, 1.6
[    0.628847] PPP generic driver version 2.4.2
[    0.628915] VFIO - User Level meta-driver version: 0.3
[    0.629291] ehci_hcd: USB 2.0 'Enhanced' Host Controller (EHCI) Driver
[    0.629299] ehci-pci: EHCI PCI platform driver
[    0.629318] ehci-platform: EHCI generic platform driver
[    0.629326] ohci_hcd: USB 1.1 'Open' Host Controller (OHCI) Driver
[    0.629328] ohci-pci: OHCI PCI platform driver
[    0.629336] ohci-platform: OHCI generic platform driver
[    0.629343] uhci_hcd: USB Universal Host Controller Interface driver
[    0.629427] i8042: PNP: PS/2 Controller [PNP0303:PS2K,PNP0f03:PS2M] at 0x60,0x64 irq 1,12
[    0.630032] serio: i8042 KBD port at 0x60,0x64 irq 1
[    0.630037] serio: i8042 AUX port at 0x60,0x64 irq 12
[    0.630170] mousedev: PS/2 mouse device common for all mice
[    0.630554] input: AT Translated Set 2 keyboard as /devices/platform/i8042/serio0/input/input2
[    0.631150] rtc_cmos rtc_cmos: registered as rtc0
[    0.631161] rtc_cmos rtc_cmos: alarms up to one day, 114 bytes nvram
[    0.631161] i2c /dev entries driver
[    0.631161] device-mapper: uevent: version 1.0.3
[    0.631366] device-mapper: ioctl: 4.41.0-ioctl (2019-09-16) initialised: dm-devel@redhat.com
[    0.631395] platform eisa.0: Probing EISA bus 0
[    0.631397] platform eisa.0: EISA: Cannot allocate resource for mainboard
[    0.631398] platform eisa.0: Cannot allocate resource for EISA slot 1
[    0.631400] platform eisa.0: Cannot allocate resource for EISA slot 2
[    0.631401] platform eisa.0: Cannot allocate resource for EISA slot 3
[    0.631403] platform eisa.0: Cannot allocate resource for EISA slot 4
[    0.631404] platform eisa.0: Cannot allocate resource for EISA slot 5
[    0.631406] platform eisa.0: Cannot allocate resource for EISA slot 6
[    0.631407] platform eisa.0: Cannot allocate resource for EISA slot 7
[    0.631409] platform eisa.0: Cannot allocate resource for EISA slot 8
[    0.631410] platform eisa.0: EISA: Detected 0 cards
[    0.631414] intel_pstate: CPU model not supported
[    0.631426] ledtrig-cpu: registered to indicate activity on CPUs
[    0.631494] drop_monitor: Initializing network drop monitor service
[    0.631756] NET: Registered protocol family 10
[    0.635344] Segment Routing with IPv6
[    0.635344] NET: Registered protocol family 17
[    0.635344] Key type dns_resolver registered
[    0.635344] RAS: Correctable Errors collector initialized.
[    0.635344] IPI shorthand broadcast: enabled
[    0.635344] sched_clock: Marking stable (620243409, 11100998)->(632882022, -1537615)
[    0.640113] registered taskstats version 1
[    0.640128] Loading compiled-in X.509 certificates
[    0.641051] Loaded X.509 cert 'Build time autogenerated kernel key: 0a9e52cc6eb58eed9b63e328679db6d5d5216245'
[    0.641075] zswap: loaded using pool lzo/zbud
[    0.641154] Key type ._fscrypt registered
[    0.641155] Key type .fscrypt registered
[    0.648769] Key type big_key registered
[    0.652426] Key type encrypted registered
[    0.652430] AppArmor: AppArmor sha1 policy hashing enabled
[    0.652440] ima: No TPM chip found, activating TPM-bypass!
[    0.652445] ima: Allocated hash algorithm: sha1
[    0.652452] ima: No architecture policies found
[    0.652463] evm: Initialising EVM extended attributes:
[    0.652464] evm: security.selinux
[    0.652465] evm: security.SMACK64
[    0.652465] evm: security.SMACK64EXEC
[    0.652466] evm: security.SMACK64TRANSMUTE
[    0.652467] evm: security.SMACK64MMAP
[    0.652467] evm: security.apparmor
[    0.652468] evm: security.ima
[    0.652469] evm: security.capability
[    0.652470] evm: HMAC attrs: 0x1
[    0.652902] PM:   Magic number: 10:399:991
[    0.653061] rtc_cmos rtc_cmos: setting system clock to 2026-01-20T14:59:02 UTC (1768921142)
[    0.800444] ata1.00: ATA-6: VBOX HARDDISK, 1.0, max UDMA/133
[    0.800449] ata1.00: 209715200 sectors, multi 128: LBA 
[    0.801297] scsi 0:0:0:0: Direct-Access     ATA      VBOX HARDDISK    1.0  PQ: 0 ANSI: 5
[    0.801723] sd 0:0:0:0: [sda] 209715200 512-byte logical blocks: (107 GB/100 GiB)
[    0.801748] sd 0:0:0:0: [sda] Write Protect is off
[    0.801751] sd 0:0:0:0: [sda] Mode Sense: 00 3a 00 00
[    0.801788] sd 0:0:0:0: [sda] Write cache: enabled, read cache: enabled, doesn't support DPO or FUA
[    0.802120] sd 0:0:0:0: Attached scsi generic sg0 type 0
[    0.802921]  sda: sda1 sda2
[    0.815307] sd 0:0:0:0: [sda] Attached SCSI disk
[    0.818587] Freeing unused decrypted memory: 2040K
[    0.819544] Freeing unused kernel image memory: 2720K
[    0.819547] Write protecting the kernel read-only data: 22528k
[    0.820720] Freeing unused kernel image memory: 2036K
[    0.821320] Freeing unused kernel image memory: 1452K
[    0.848754] x86/mm: Checked W+X mappings: passed, no W+X pages found.
[    0.848761] Run /init as init process
[    0.964052] ACPI: Video Device [GFX0] (multi-head: yes  rom: no  post: no)
[    0.964130] input: Video Bus as /devices/LNXSYSTM:00/LNXSYBUS:00/PNP0A03:00/LNXVIDEO:00/input/input4
[    0.977219] pcnet32: pcnet32.c:v1.35 21.Apr.2008 tsbogend@alpha.franken.de
[    0.978066] pcnet32: PCnet/FAST III 79C973 at 0xd020, 08:00:27:70:50:af assigned IRQ 19
[    0.978110] pcnet32: Found PHY 0022:561b at address 0
[    0.978416] pcnet32: eth0: registered as PCnet/FAST III 79C973
[    0.980617] piix4_smbus 0000:00:07.0: SMBus Host Controller at 0x4100, revision 0
[    0.981576] pcnet32: PCnet/FAST III 79C973 at 0xd060, 08:00:27:e5:64:7c assigned IRQ 16
[    0.981618] pcnet32: Found PHY 0022:561b at address 0
[    0.981912] pcnet32: eth1: registered as PCnet/FAST III 79C973
[    0.987364] e1000: Intel(R) PRO/1000 Network Driver - version 7.3.21-k8-NAPI
[    0.987365] e1000: Copyright (c) 1999-2006 Intel Corporation.
[    0.994083] pcnet32: 2 cards_found
[    1.057531] pcnet32 0000:00:03.0 enp0s3: renamed from eth0
[    1.064377] pcnet32 0000:00:08.0 enp0s8: renamed from eth1
[    1.203825] input: ImExPS/2 Generic Explorer Mouse as /devices/platform/i8042/serio1/input/input5
[    1.407780] e1000 0000:00:09.0 eth0: (PCI:33MHz:32-bit) 08:00:27:52:c1:e4
[    1.407785] e1000 0000:00:09.0 eth0: Intel(R) PRO/1000 Network Connection
[    1.408927] e1000 0000:00:09.0 enp0s9: renamed from eth0
[    1.461576] EXT4-fs (sda2): mounted filesystem with ordered data mode. Opts: (null)
[    1.549938] systemd[1]: Inserted module 'autofs4'
[    1.563285] systemd[1]: systemd 245.4-4ubuntu3 running in system mode. (+PAM +AUDIT +SELINUX +IMA +APPARMOR +SMACK +SYSVINIT +UTMP +LIBCRYPTSETUP +GCRYPT +GNUTLS +ACL +XZ +LZ4 +SECCOMP +BLKID +ELFUTILS +KMOD +IDN2 -IDN +PCRE2 default-hierarchy=hybrid)
[    1.563316] systemd[1]: Detected virtualization oracle.
[    1.563320] systemd[1]: Detected architecture x86-64.
[    1.564682] systemd[1]: Set hostname to <ztg>.
[    1.695126] systemd[1]: /lib/systemd/system/dbus.socket:5: ListenStream= references a path below legacy directory /var/run/, updating /var/run/dbus/system_bus_socket â†’ /run/dbus/system_bus_socket; please update the unit file accordingly.
[    1.747598] systemd[1]: Created slice system-modprobe.slice.
[    1.747801] systemd[1]: Created slice User and Session Slice.
[    1.747848] systemd[1]: Started Forward Password Requests to Wall Directory Watch.
[    1.748010] systemd[1]: Set up automount Arbitrary Executable File Formats File System Automount Point.
[    1.748045] systemd[1]: Reached target User and Group Name Lookups.
[    1.748055] systemd[1]: Reached target Remote File Systems.
[    1.748064] systemd[1]: Reached target Slices.
[    1.748555] systemd[1]: Listening on Syslog Socket.
[    1.748624] systemd[1]: Listening on fsck to fsckd communication Socket.
[    1.748664] systemd[1]: Listening on initctl Compatibility Named Pipe.
[    1.748809] systemd[1]: Listening on Journal Audit Socket.
[    1.748864] systemd[1]: Listening on Journal Socket (/dev/log).
[    1.748938] systemd[1]: Listening on Journal Socket.
[    1.749007] systemd[1]: Listening on udev Control Socket.
[    1.749049] systemd[1]: Listening on udev Kernel Socket.
[    1.749814] systemd[1]: Mounting Huge Pages File System...
[    1.750808] systemd[1]: Mounting POSIX Message Queue File System...
[    1.751827] systemd[1]: Mounting Kernel Debug File System...
[    1.752745] systemd[1]: Mounting Kernel Trace File System...
[    1.755309] systemd[1]: Starting Journal Service...
[    1.781294] systemd[1]: Starting Set the console keyboard layout...
[    1.786714] systemd[1]: Starting Create list of static device nodes for the current kernel...
[    1.792527] systemd[1]: Starting Load Kernel Module drm...
[    1.793618] systemd[1]: Condition check resulted in Set Up Additional Binary Formats being skipped.
[    1.793661] systemd[1]: Condition check resulted in File System Check on Root Device being skipped.
[    1.807428] systemd[1]: Starting Load Kernel Modules...
[    1.808217] systemd[1]: Starting Remount Root and Kernel File Systems...
[    1.809026] systemd[1]: Starting udev Coldplug all Devices...
[    1.809827] systemd[1]: Starting Uncomplicated firewall...
[    1.811491] systemd[1]: Mounted Huge Pages File System.
[    1.811596] systemd[1]: Mounted POSIX Message Queue File System.
[    1.811679] systemd[1]: Mounted Kernel Debug File System.
[    1.811756] systemd[1]: Mounted Kernel Trace File System.
[    1.846300] systemd[1]: Finished Create list of static device nodes for the current kernel.
[    1.846648] systemd[1]: modprobe@drm.service: Succeeded.
[    1.846872] systemd[1]: Finished Load Kernel Module drm.
[    1.857539] systemd[1]: Finished Uncomplicated firewall.
[    1.870703] EXT4-fs (sda2): re-mounted. Opts: errors=remount-ro
[    1.872382] systemd[1]: Finished Remount Root and Kernel File Systems.
[    1.872821] systemd[1]: Condition check resulted in Rebuild Hardware Database being skipped.
[    1.872852] systemd[1]: Condition check resulted in Platform Persistent Storage Archival being skipped.
[    1.873577] systemd[1]: Starting Load/Save Random Seed...
[    1.878980] systemd[1]: Starting Create System Users...
[    1.906609] systemd[1]: Finished Load/Save Random Seed.
[    1.907917] lp: driver loaded but no devices found
[    1.930762] ppdev: user-space parallel port driver
[    1.937095] systemd[1]: Finished Create System Users.
[    1.937885] systemd[1]: Starting Create Static Device Nodes in /dev...
[    1.981604] systemd[1]: Finished Create Static Device Nodes in /dev.
[    1.982492] systemd[1]: Starting udev Kernel Device Manager...
[    2.004846] systemd[1]: Finished udev Coldplug all Devices.
[    2.024963] [drm] DMA map mode: Caching DMA mappings.
[    2.025058] [drm] Capabilities:
[    2.025058] [drm]   Rect copy.
[    2.025059] [drm]   Cursor.
[    2.025059] [drm]   Cursor bypass.
[    2.025059] [drm]   Cursor bypass 2.
[    2.025060] [drm]   Alpha cursor.
[    2.025060] [drm]   Extended Fifo.
[    2.025060] [drm]   Pitchlock.
[    2.025061] [drm]   Irq mask.
[    2.025061] [drm]   GMR.
[    2.025061] [drm]   Traces.
[    2.025062] [drm]   GMR2.
[    2.025062] [drm]   Screen Object 2.
[    2.025062] [drm]   Command Buffers.
[    2.025063] [drm]   Command Buffers 2.
[    2.025063] [drm]   Guest Backed Resources.
[    2.025064] [drm] Max GMR ids is 8192
[    2.025065] [drm] Max number of GMR pages is 1048576
[    2.025065] [drm] Max dedicated hypervisor surface memory is 393216 kiB
[    2.025066] [drm] Maximum display memory size is 131072 kiB
[    2.025066] [drm] VRAM at 0xe0000000 size is 131072 kiB
[    2.025067] [drm] MMIO at 0xf0000000 size is 2048 kiB
[    2.026279] [TTM] Zone  kernel: Available graphics memory: 1011744 KiB
[    2.026280] [TTM] Initializing pool allocator
[    2.026283] [TTM] Initializing DMA pool allocator
[    2.026313] [drm] Supports vblank timestamp caching Rev 2 (21.10.2013).
[    2.026314] [drm] No driver support for vblank timestamp query.
[    2.026543] [drm] Screen Target Display device initialized
[    2.026759] [drm] width 720
[    2.026770] [drm] height 400
[    2.026774] [drm] bpp 32
[    2.027390] [drm] Fifo max 0x00200000 min 0x00001000 cap 0x00000355
[    2.028672] [drm] Using command buffers with DMA pool.
[    2.028675] [drm] DX: no.
[    2.028676] [drm] Atomic: yes.
[    2.028676] [drm] SM4_1: no.
[    2.028694] [drm:vmw_host_log [vmwgfx]] *ERROR* Failed to send host log message.
[    2.029736] [drm:vmw_host_log [vmwgfx]] *ERROR* Failed to send host log message.
[    2.035646] fbcon: svgadrmfb (fb0) is primary device
[    2.049077] Console: switching to colour frame buffer device 100x37
[    2.054440] [drm] Initialized vmwgfx 2.15.0 20180704 for 0000:00:02.0 on minor 0
[    2.055449] systemd[1]: Finished Load Kernel Modules.
[    2.056437] systemd[1]: Mounting FUSE Control File System...
[    2.057685] systemd[1]: Mounting Kernel Configuration File System...
[    2.086965] systemd[1]: Starting Apply Kernel Variables...
[    2.092892] systemd[1]: Finished Set the console keyboard layout.
[    2.093045] systemd[1]: Mounted FUSE Control File System.
[    2.093104] systemd[1]: Reached target Local File Systems (Pre).
[    2.093123] systemd[1]: Condition check resulted in VMware vmblock fuse mount being skipped.
[    2.097075] systemd[1]: Mounting Mount unit for bare, revision 5...
[    2.104314] systemd[1]: Mounting Mount unit for core18, revision 1705...
[    2.110803] systemd[1]: Mounting Mount unit for gnome-3-34-1804, revision 24...
[    2.123394] systemd[1]: Mounting Mount unit for gtk-common-themes, revision 1506...
[    2.144877] systemd[1]: Mounting Mount unit for gtk-common-themes, revision 1535...
[    2.151621] systemd[1]: Mounting Mount unit for snap-store, revision 433...
[    2.160560] systemd[1]: Mounting Mount unit for snapd, revision 25935...
[    2.161869] systemd[1]: Mounted Kernel Configuration File System.
[    2.171650] systemd[1]: Finished Apply Kernel Variables.
[    2.178936] systemd[1]: Mounted Mount unit for bare, revision 5.
[    2.189450] systemd[1]: Mounted Mount unit for core18, revision 1705.
[    2.189540] systemd[1]: Mounted Mount unit for gnome-3-34-1804, revision 24.
[    2.211693] systemd[1]: Mounted Mount unit for gtk-common-themes, revision 1506.
[    2.215549] systemd[1]: Started udev Kernel Device Manager.
[    2.216260] systemd[1]: Starting Show Plymouth Boot Screen...
[    2.220283] systemd[1]: Received SIGRTMIN+20 from PID 271 (plymouthd).
[    2.242837] systemd[1]: Started Show Plymouth Boot Screen.
[    2.242985] systemd[1]: Condition check resulted in Dispatch Password Requests to Console Directory Watch being skipped.
[    2.243074] systemd[1]: Started Forward Password Requests to Plymouth Directory Watch.
[    2.243109] systemd[1]: Reached target Local Encrypted Volumes.
[    2.293135] systemd[1]: Mounted Mount unit for gtk-common-themes, revision 1535.
[    2.293434] systemd[1]: Mounted Mount unit for snap-store, revision 433.
[    2.293637] systemd[1]: Mounted Mount unit for snapd, revision 25935.
[    2.293802] systemd[1]: Reached target Local File Systems.
[    2.296081] systemd[1]: Starting Load AppArmor profiles...
[    2.297033] systemd[1]: Starting Set console font and keymap...
[    2.328149] systemd[1]: Starting Tell Plymouth To Write Out Runtime Data...
[    2.331427] systemd[1]: Condition check resulted in Store a System Token in an EFI Variable being skipped.
[    2.331462] systemd[1]: Condition check resulted in Commit a transient machine-id on disk being skipped.
[    2.332345] systemd[1]: Finished Set console font and keymap.
[    2.339781] systemd[1]: Received SIGRTMIN+20 from PID 271 (plymouthd).
[    2.340408] systemd[1]: plymouth-read-write.service: Succeeded.
[    2.340658] systemd[1]: Finished Tell Plymouth To Write Out Runtime Data.
[    2.360488] audit: type=1400 audit(1768921144.204:2): apparmor="STATUS" operation="profile_load" profile="unconfined" name="nvidia_modprobe" pid=299 comm="apparmor_parser"
[    2.360490] audit: type=1400 audit(1768921144.204:3): apparmor="STATUS" operation="profile_load" profile="unconfined" name="nvidia_modprobe//kmod" pid=299 comm="apparmor_parser"
[    2.367824] audit: type=1400 audit(1768921144.212:4): apparmor="STATUS" operation="profile_load" profile="unconfined" name="/usr/sbin/tcpdump" pid=300 comm="apparmor_parser"
[    2.414154] audit: type=1400 audit(1768921144.248:5): apparmor="STATUS" operation="profile_load" profile="unconfined" name="/usr/bin/evince" pid=302 comm="apparmor_parser"
[    2.414156] audit: type=1400 audit(1768921144.248:6): apparmor="STATUS" operation="profile_load" profile="unconfined" name="/usr/bin/evince//sanitized_helper" pid=302 comm="apparmor_parser"
[    2.414158] audit: type=1400 audit(1768921144.248:7): apparmor="STATUS" operation="profile_load" profile="unconfined" name="/usr/bin/evince-previewer" pid=302 comm="apparmor_parser"
[    2.414159] audit: type=1400 audit(1768921144.248:8): apparmor="STATUS" operation="profile_load" profile="unconfined" name="/usr/bin/evince-previewer//sanitized_helper" pid=302 comm="apparmor_parser"
[    2.414161] audit: type=1400 audit(1768921144.248:9): apparmor="STATUS" operation="profile_load" profile="unconfined" name="/usr/bin/evince-thumbnailer" pid=302 comm="apparmor_parser"
[    2.429539] audit: type=1400 audit(1768921144.272:10): apparmor="STATUS" operation="profile_load" profile="unconfined" name="/usr/lib/cups/backend/cups-pdf" pid=303 comm="apparmor_parser"
[    2.510553] systemd[1]: Finished Load AppArmor profiles.
[    2.511561] systemd[1]: Starting Load AppArmor profiles managed internally by snapd...
[    2.623451] systemd[1]: Finished Load AppArmor profiles managed internally by snapd.
[    2.735696] systemd[1]: Started Journal Service.
[    2.746587] systemd-journald[228]: Received client request to flush runtime journal.
[    4.090981] RAPL PMU: API unit is 2^-32 Joules, 0 fixed counters, 10737418240 ms ovfl timer
[    4.164085] cryptd: max_cpu_qlen set to 1000
[    4.225378] AVX2 version of gcm_enc/dec engaged.
[    4.225379] AES CTR mode by8 optimization enabled
[    6.006525] Adding 1998844k swap on /dev/sda1.  Priority:-2 extents:1 across:1998844k FS
[    7.389569] kauditd_printk_skb: 30 callbacks suppressed
[    7.389571] audit: type=1400 audit(1768921149.228:41): apparmor="DENIED" operation="capable" profile="/usr/sbin/cups-browsed" pid=508 comm="cups-browsed" capability=23  capname="sys_nice"
[    8.547818] pcnet32 0000:00:03.0 enp0s3: link up, 100Mbps, full-duplex
[    8.571508] pcnet32 0000:00:08.0 enp0s8: link up, 100Mbps, full-duplex
[    8.608117] e1000: enp0s9 NIC Link is Up 1000 Mbps Full Duplex, Flow Control: RX
[    8.608409] IPv6: ADDRCONF(NETDEV_CHANGE): enp0s9: link becomes ready
[    9.169294] device enp0s3 entered promiscuous mode
[    9.195128] device enp0s8 entered promiscuous mode
[    9.237963] audit: type=1400 audit(1768921151.080:42): apparmor="DENIED" operation="open" profile="/usr/sbin/tcpdump" name="/proc/sys/kernel/random/boot_id" pid=634 comm="tcpdump" requested_mask="r" denied_mask="r" fsuid=0 ouid=0
[    9.238064] audit: type=1400 audit(1768921151.080:43): apparmor="DENIED" operation="open" profile="/usr/sbin/tcpdump" name="/proc/sys/kernel/random/boot_id" pid=634 comm="tcpdump" requested_mask="r" denied_mask="r" fsuid=0 ouid=0
[    9.238108] audit: type=1400 audit(1768921151.080:44): apparmor="DENIED" operation="open" profile="/usr/sbin/tcpdump" name="/proc/sys/kernel/random/boot_id" pid=634 comm="tcpdump" requested_mask="r" denied_mask="r" fsuid=0 ouid=0
[    9.238173] audit: type=1400 audit(1768921151.080:45): apparmor="DENIED" operation="open" profile="/usr/sbin/tcpdump" name="/proc/sys/kernel/random/boot_id" pid=634 comm="tcpdump" requested_mask="r" denied_mask="r" fsuid=0 ouid=0
[    9.238665] audit: type=1400 audit(1768921151.080:46): apparmor="DENIED" operation="open" profile="/usr/sbin/tcpdump" name="/proc/sys/kernel/random/boot_id" pid=635 comm="tcpdump" requested_mask="r" denied_mask="r" fsuid=0 ouid=0
[    9.239602] audit: type=1400 audit(1768921151.080:47): apparmor="DENIED" operation="open" profile="/usr/sbin/tcpdump" name="/proc/sys/kernel/random/boot_id" pid=635 comm="tcpdump" requested_mask="r" denied_mask="r" fsuid=0 ouid=0
[    9.239689] audit: type=1400 audit(1768921151.080:48): apparmor="DENIED" operation="open" profile="/usr/sbin/tcpdump" name="/proc/sys/kernel/random/boot_id" pid=635 comm="tcpdump" requested_mask="r" denied_mask="r" fsuid=0 ouid=0
[    9.240121] audit: type=1400 audit(1768921151.084:49): apparmor="DENIED" operation="open" profile="/usr/sbin/tcpdump" name="/proc/sys/kernel/random/boot_id" pid=635 comm="tcpdump" requested_mask="r" denied_mask="r" fsuid=0 ouid=0
[    9.250271] audit: type=1400 audit(1768921151.096:50): apparmor="DENIED" operation="open" profile="/usr/sbin/tcpdump" name="/proc/sys/kernel/random/boot_id" pid=636 comm="tcpdump" requested_mask="r" denied_mask="r" fsuid=0 ouid=0
[   15.351528] rfkill: input handler disabled
[  409.311711] AAAAA-TCP_FORW: name:enp0s8: saddr:100932208: daddr:16783984
[  409.313365] AAAAA-TCP_FORW: name:enp0s3: saddr:16783984: daddr:100932208
[  409.633015] AAAAA-TCP_FORW: name:enp0s8: saddr:100932208: daddr:16783984
[  409.745303] AAAAA-TCP_FORW: name:enp0s8: saddr:100932208: daddr:16783984
[  409.746233] AAAAA-TCP_FORW: name:enp0s3: saddr:16783984: daddr:100932208
[  409.746276] AAAAA-TCP_FORW: name:enp0s3: saddr:16783984: daddr:100932208
[  410.606232] AAAAA-TCP_FORW: name:enp0s3: saddr:16783984: daddr:100932208
[  410.608914] AAAAA-TCP_FORW: name:enp0s8: saddr:100932208: daddr:16783984
[  410.666710] AAAAA-TCP_FORW: name:enp0s8: saddr:100932208: daddr:16783984
[  410.668059] AAAAA-TCP_FORW: name:enp0s3: saddr:16783984: daddr:100932208
[  410.968409] AAAAA-TCP_FORW: name:enp0s8: saddr:100932208: daddr:16783984
[  411.681395] AAAAA-TCP_FORW: name:enp0s8: saddr:100932208: daddr:16783984
[  411.683179] AAAAA-TCP_FORW: name:enp0s3: saddr:16783984: daddr:100932208
[  411.683393] AAAAA-TCP_FORW: name:enp0s3: saddr:16783984: daddr:100932208
[  412.104796] AAAAA-TCP_FORW: name:enp0s8: saddr:100932208: daddr:16783984
[  412.125615] AAAAA-TCP_FORW: name:enp0s8: saddr:100932208: daddr:16783984
[  412.126449] AAAAA-TCP_FORW: name:enp0s3: saddr:16783984: daddr:100932208
[  412.332494] AAAAA-TCP_FORW: name:enp0s8: saddr:100932208: daddr:16783984
[  412.354396] AAAAA-TCP_FORW: name:enp0s8: saddr:100932208: daddr:16783984
[  412.355375] AAAAA-TCP_FORW: name:enp0s3: saddr:16783984: daddr:100932208
[  412.356243] AAAAA-TCP_FORW: name:enp0s3: saddr:16783984: daddr:100932208
[  412.551055] AAAAA-TCP_FORW: name:enp0s8: saddr:100932208: daddr:16783984
[  412.551959] AAAAA-TCP_FORW: name:enp0s3: saddr:16783984: daddr:100932208
[  412.672317] AAAAA-TCP_FORW: name:enp0s8: saddr:100932208: daddr:16783984
[  412.760123] AAAAA-TCP_FORW: name:enp0s8: saddr:100932208: daddr:16783984
[  412.761160] AAAAA-TCP_FORW: name:enp0s3: saddr:16783984: daddr:100932208
[  412.939941] AAAAA-TCP_FORW: name:enp0s8: saddr:100932208: daddr:16783984
[  412.940930] AAAAA-TCP_FORW: name:enp0s3: saddr:16783984: daddr:100932208
[  413.075975] AAAAA-TCP_FORW: name:enp0s8: saddr:100932208: daddr:16783984
[  413.076913] AAAAA-TCP_FORW: name:enp0s3: saddr:16783984: daddr:100932208
[  413.172519] AAAAA-TCP_FORW: name:enp0s8: saddr:100932208: daddr:16783984
[  413.173433] AAAAA-TCP_FORW: name:enp0s3: saddr:16783984: daddr:100932208
[  413.249091] AAAAA-TCP_FORW: name:enp0s8: saddr:100932208: daddr:16783984
[  413.250238] AAAAA-TCP_FORW: name:enp0s3: saddr:16783984: daddr:100932208
[  413.337106] AAAAA-TCP_FORW: name:enp0s8: saddr:100932208: daddr:16783984
[  413.338228] AAAAA-TCP_FORW: name:enp0s3: saddr:16783984: daddr:100932208
[  413.413410] AAAAA-TCP_FORW: name:enp0s8: saddr:100932208: daddr:16783984
[  413.414530] AAAAA-TCP_FORW: name:enp0s3: saddr:16783984: daddr:100932208
[  413.495909] AAAAA-TCP_FORW: name:enp0s8: saddr:100932208: daddr:16783984
[  413.497082] AAAAA-TCP_FORW: name:enp0s3: saddr:16783984: daddr:100932208
[  413.583833] AAAAA-TCP_FORW: name:enp0s8: saddr:100932208: daddr:16783984
[  413.585327] AAAAA-TCP_FORW: name:enp0s3: saddr:16783984: daddr:100932208
[  413.694843] AAAAA-TCP_FORW: name:enp0s8: saddr:100932208: daddr:16783984
[  413.696545] AAAAA-TCP_FORW: name:enp0s3: saddr:16783984: daddr:100932208
[  413.820307] AAAAA-TCP_FORW: name:enp0s8: saddr:100932208: daddr:16783984
[  413.821451] AAAAA-TCP_FORW: name:enp0s3: saddr:16783984: daddr:100932208
[  413.915428] AAAAA-TCP_FORW: name:enp0s8: saddr:100932208: daddr:16783984
[  413.916607] AAAAA-TCP_FORW: name:enp0s3: saddr:16783984: daddr:100932208
[  414.015816] AAAAA-TCP_FORW: name:enp0s8: saddr:100932208: daddr:16783984
[  414.016956] AAAAA-TCP_FORW: name:enp0s3: saddr:16783984: daddr:100932208
[  414.139848] AAAAA-TCP_FORW: name:enp0s8: saddr:100932208: daddr:16783984
[  414.140603] AAAAA-TCP_FORW: name:enp0s3: saddr:16783984: daddr:100932208
[  414.270087] AAAAA-TCP_FORW: name:enp0s8: saddr:100932208: daddr:16783984
[  414.271222] AAAAA-TCP_FORW: name:enp0s3: saddr:16783984: daddr:100932208
[  414.453315] AAAAA-TCP_FORW: name:enp0s8: saddr:100932208: daddr:16783984
[  414.497991] AAAAA-TCP_FORW: name:enp0s3: saddr:16783984: daddr:100932208
[  414.546920] AAAAA-TCP_FORW: name:enp0s8: saddr:100932208: daddr:16783984
[  414.629916] AAAAA-TCP_FORW: name:enp0s3: saddr:16783984: daddr:100932208
[  414.815996] AAAAA-TCP_FORW: name:enp0s8: saddr:100932208: daddr:16783984
[  414.862677] AAAAA-TCP_FORW: name:enp0s8: saddr:100932208: daddr:16783984
[  414.863757] AAAAA-TCP_FORW: name:enp0s3: saddr:16783984: daddr:100932208
[  414.951404] AAAAA-TCP_FORW: name:enp0s8: saddr:100932208: daddr:16783984
[  415.052216] AAAAA-TCP_FORW: name:enp0s8: saddr:100932208: daddr:16783984
[  415.053340] AAAAA-TCP_FORW: name:enp0s3: saddr:16783984: daddr:100932208
[  415.105937] AAAAA-TCP_FORW: name:enp0s8: saddr:100932208: daddr:16783984
[  415.212337] AAAAA-TCP_FORW: name:enp0s8: saddr:100932208: daddr:16783984
[  415.213926] AAAAA-TCP_FORW: name:enp0s3: saddr:16783984: daddr:100932208
[  415.335618] AAAAA-TCP_FORW: name:enp0s8: saddr:100932208: daddr:16783984
[  415.377926] AAAAA-TCP_FORW: name:enp0s3: saddr:16783984: daddr:100932208
[  415.422910] AAAAA-TCP_FORW: name:enp0s8: saddr:100932208: daddr:16783984
[  415.506013] AAAAA-TCP_FORW: name:enp0s8: saddr:100932208: daddr:16783984
[  415.506547] AAAAA-TCP_FORW: name:enp0s3: saddr:16783984: daddr:100932208
[  415.577350] AAAAA-TCP_FORW: name:enp0s8: saddr:100932208: daddr:16783984
[  415.578494] AAAAA-TCP_FORW: name:enp0s3: saddr:16783984: daddr:100932208
[  415.674188] AAAAA-TCP_FORW: name:enp0s8: saddr:100932208: daddr:16783984
[  415.730242] AAAAA-TCP_FORW: name:enp0s8: saddr:100932208: daddr:16783984
[  415.731415] AAAAA-TCP_FORW: name:enp0s3: saddr:16783984: daddr:100932208
[  415.873030] AAAAA-TCP_FORW: name:enp0s8: saddr:100932208: daddr:16783984
[  415.905832] AAAAA-TCP_FORW: name:enp0s8: saddr:100932208: daddr:16783984
[  415.907046] AAAAA-TCP_FORW: name:enp0s3: saddr:16783984: daddr:100932208
[  415.986968] AAAAA-TCP_FORW: name:enp0s8: saddr:100932208: daddr:16783984
[  416.024414] AAAAA-TCP_FORW: name:enp0s8: saddr:100932208: daddr:16783984
[  416.025652] AAAAA-TCP_FORW: name:enp0s3: saddr:16783984: daddr:100932208
[  416.136673] AAAAA-TCP_FORW: name:enp0s8: saddr:100932208: daddr:16783984
[  416.204472] AAAAA-TCP_FORW: name:enp0s8: saddr:100932208: daddr:16783984
[  416.205209] AAAAA-TCP_FORW: name:enp0s3: saddr:16783984: daddr:100932208
[  416.382488] AAAAA-TCP_FORW: name:enp0s8: saddr:100932208: daddr:16783984
[  416.443357] AAAAA-TCP_FORW: name:enp0s8: saddr:100932208: daddr:16783984
[  416.444821] AAAAA-TCP_FORW: name:enp0s3: saddr:16783984: daddr:100932208
[  416.540892] AAAAA-TCP_FORW: name:enp0s8: saddr:100932208: daddr:16783984
[  416.612743] AAAAA-TCP_FORW: name:enp0s8: saddr:100932208: daddr:16783984
[  416.613798] AAAAA-TCP_FORW: name:enp0s3: saddr:16783984: daddr:100932208
[  416.771887] AAAAA-TCP_FORW: name:enp0s8: saddr:100932208: daddr:16783984
[  416.812472] AAAAA-TCP_FORW: name:enp0s8: saddr:100932208: daddr:16783984
[  416.813605] AAAAA-TCP_FORW: name:enp0s3: saddr:16783984: daddr:100932208
[  416.913685] AAAAA-TCP_FORW: name:enp0s8: saddr:100932208: daddr:16783984
[  416.993194] AAAAA-TCP_FORW: name:enp0s8: saddr:100932208: daddr:16783984
[  416.994321] AAAAA-TCP_FORW: name:enp0s3: saddr:16783984: daddr:100932208
[  417.076575] AAAAA-TCP_FORW: name:enp0s8: saddr:100932208: daddr:16783984
[  417.129743] AAAAA-TCP_FORW: name:enp0s8: saddr:100932208: daddr:16783984
[  417.130911] AAAAA-TCP_FORW: name:enp0s3: saddr:16783984: daddr:100932208
[  417.227965] AAAAA-TCP_FORW: name:enp0s8: saddr:100932208: daddr:16783984
[  417.229099] AAAAA-TCP_FORW: name:enp0s3: saddr:16783984: daddr:100932208
[  417.327634] AAAAA-TCP_FORW: name:enp0s8: saddr:100932208: daddr:16783984
[  417.328819] AAAAA-TCP_FORW: name:enp0s3: saddr:16783984: daddr:100932208
[  417.402797] AAAAA-TCP_FORW: name:enp0s8: saddr:100932208: daddr:16783984
[  417.403883] AAAAA-TCP_FORW: name:enp0s3: saddr:16783984: daddr:100932208
[  417.483183] AAAAA-TCP_FORW: name:enp0s8: saddr:100932208: daddr:16783984
[  417.484359] AAAAA-TCP_FORW: name:enp0s3: saddr:16783984: daddr:100932208
[  417.569282] AAAAA-TCP_FORW: name:enp0s8: saddr:100932208: daddr:16783984
[  417.570547] AAAAA-TCP_FORW: name:enp0s3: saddr:16783984: daddr:100932208
[  417.637803] AAAAA-TCP_FORW: name:enp0s8: saddr:100932208: daddr:16783984
[  417.638969] AAAAA-TCP_FORW: name:enp0s3: saddr:16783984: daddr:100932208
[  417.747316] AAAAA-TCP_FORW: name:enp0s8: saddr:100932208: daddr:16783984
[  417.748396] AAAAA-TCP_FORW: name:enp0s3: saddr:16783984: daddr:100932208
[  417.900572] AAAAA-TCP_FORW: name:enp0s8: saddr:100932208: daddr:16783984
[  417.901915] AAAAA-TCP_FORW: name:enp0s3: saddr:16783984: daddr:100932208
[  417.987184] AAAAA-TCP_FORW: name:enp0s8: saddr:100932208: daddr:16783984
[  417.988325] AAAAA-TCP_FORW: name:enp0s3: saddr:16783984: daddr:100932208
[  418.039494] AAAAA-TCP_FORW: name:enp0s8: saddr:100932208: daddr:16783984
[  418.040719] AAAAA-TCP_FORW: name:enp0s3: saddr:16783984: daddr:100932208
[  418.109410] AAAAA-TCP_FORW: name:enp0s8: saddr:100932208: daddr:16783984
[  418.111002] AAAAA-TCP_FORW: name:enp0s3: saddr:16783984: daddr:100932208
[  418.202382] AAAAA-TCP_FORW: name:enp0s8: saddr:100932208: daddr:16783984
[  418.203658] AAAAA-TCP_FORW: name:enp0s3: saddr:16783984: daddr:100932208
[  418.253619] AAAAA-TCP_FORW: name:enp0s8: saddr:100932208: daddr:16783984
[  418.254779] AAAAA-TCP_FORW: name:enp0s3: saddr:16783984: daddr:100932208
[  418.335846] AAAAA-TCP_FORW: name:enp0s8: saddr:100932208: daddr:16783984
[  418.337069] AAAAA-TCP_FORW: name:enp0s3: saddr:16783984: daddr:100932208
[  418.378634] AAAAA-TCP_FORW: name:enp0s8: saddr:100932208: daddr:16783984
[  418.379846] AAAAA-TCP_FORW: name:enp0s3: saddr:16783984: daddr:100932208
[  418.458274] AAAAA-TCP_FORW: name:enp0s8: saddr:100932208: daddr:16783984
[  418.459394] AAAAA-TCP_FORW: name:enp0s3: saddr:16783984: daddr:100932208
[  418.532218] AAAAA-TCP_FORW: name:enp0s8: saddr:100932208: daddr:16783984
[  418.533027] AAAAA-TCP_FORW: name:enp0s3: saddr:16783984: daddr:100932208
[  418.616222] AAAAA-TCP_FORW: name:enp0s8: saddr:100932208: daddr:16783984
[  418.617362] AAAAA-TCP_FORW: name:enp0s3: saddr:16783984: daddr:100932208
[  418.681823] AAAAA-TCP_FORW: name:enp0s8: saddr:100932208: daddr:16783984
[  418.683016] AAAAA-TCP_FORW: name:enp0s3: saddr:16783984: daddr:100932208
[  418.753602] AAAAA-TCP_FORW: name:enp0s8: saddr:100932208: daddr:16783984
[  418.754733] AAAAA-TCP_FORW: name:enp0s3: saddr:16783984: daddr:100932208
[  418.792847] AAAAA-TCP_FORW: name:enp0s8: saddr:100932208: daddr:16783984
[  418.793586] AAAAA-TCP_FORW: name:enp0s3: saddr:16783984: daddr:100932208
[  418.864639] AAAAA-TCP_FORW: name:enp0s8: saddr:100932208: daddr:16783984
[  418.865349] AAAAA-TCP_FORW: name:enp0s3: saddr:16783984: daddr:100932208
[  419.016664] AAAAA-TCP_FORW: name:enp0s8: saddr:100932208: daddr:16783984
[  419.017822] AAAAA-TCP_FORW: name:enp0s3: saddr:16783984: daddr:100932208
[  419.073287] AAAAA-TCP_FORW: name:enp0s8: saddr:100932208: daddr:16783984
[  419.074453] AAAAA-TCP_FORW: name:enp0s3: saddr:16783984: daddr:100932208
[  419.099277] AAAAA-TCP_FORW: name:enp0s8: saddr:100932208: daddr:16783984
[  419.099958] AAAAA-TCP_FORW: name:enp0s3: saddr:16783984: daddr:100932208
[  419.139831] AAAAA-TCP_FORW: name:enp0s8: saddr:100932208: daddr:16783984
[  419.140535] AAAAA-TCP_FORW: name:enp0s3: saddr:16783984: daddr:100932208
[  419.176936] AAAAA-TCP_FORW: name:enp0s8: saddr:100932208: daddr:16783984
[  419.178090] AAAAA-TCP_FORW: name:enp0s3: saddr:16783984: daddr:100932208
[  419.229953] AAAAA-TCP_FORW: name:enp0s8: saddr:100932208: daddr:16783984
[  419.230663] AAAAA-TCP_FORW: name:enp0s3: saddr:16783984: daddr:100932208
[  437.399082] AAAAA-TCP_FORW: name:enp0s8: saddr:100932208: daddr:16783984
[  437.400155] AAAAA-TCP_FORW: name:enp0s3: saddr:16783984: daddr:100932208
[  437.680820] AAAAA-TCP_FORW: name:enp0s8: saddr:100932208: daddr:16783984
[  437.681560] AAAAA-TCP_FORW: name:enp0s3: saddr:16783984: daddr:100932208
[  437.917000] AAAAA-TCP_FORW: name:enp0s8: saddr:100932208: daddr:16783984
[  437.918010] AAAAA-TCP_FORW: name:enp0s3: saddr:16783984: daddr:100932208
[  438.070356] AAAAA-TCP_FORW: name:enp0s8: saddr:100932208: daddr:16783984
[  438.071251] AAAAA-TCP_FORW: name:enp0s3: saddr:16783984: daddr:100932208
[  438.194793] AAAAA-TCP_FORW: name:enp0s8: saddr:100932208: daddr:16783984
[  438.195786] AAAAA-TCP_FORW: name:enp0s3: saddr:16783984: daddr:100932208
[  438.451735] AAAAA-TCP_FORW: name:enp0s8: saddr:100932208: daddr:16783984
[  438.452872] AAAAA-TCP_FORW: name:enp0s3: saddr:16783984: daddr:100932208
[  438.524358] AAAAA-TCP_FORW: name:enp0s8: saddr:100932208: daddr:16783984
[  438.525487] AAAAA-TCP_FORW: name:enp0s3: saddr:16783984: daddr:100932208
[  438.742847] AAAAA-TCP_FORW: name:enp0s8: saddr:100932208: daddr:16783984
[  438.743846] AAAAA-TCP_FORW: name:enp0s3: saddr:16783984: daddr:100932208
[  439.070855] AAAAA-TCP_FORW: name:enp0s8: saddr:100932208: daddr:16783984
[  439.071637] AAAAA-TCP_FORW: name:enp0s3: saddr:16783984: daddr:100932208
[  439.160338] AAAAA-TCP_FORW: name:enp0s8: saddr:100932208: daddr:16783984
[  439.161110] AAAAA-TCP_FORW: name:enp0s3: saddr:16783984: daddr:100932208
[  439.546421] AAAAA-TCP_FORW: name:enp0s8: saddr:100932208: daddr:16783984
[  439.547340] AAAAA-TCP_FORW: name:enp0s3: saddr:16783984: daddr:100932208
[  439.645870] AAAAA-TCP_FORW: name:enp0s8: saddr:100932208: daddr:16783984
[  439.646608] AAAAA-TCP_FORW: name:enp0s3: saddr:16783984: daddr:100932208
[  439.779925] AAAAA-TCP_FORW: name:enp0s8: saddr:100932208: daddr:16783984
[  439.780964] AAAAA-TCP_FORW: name:enp0s3: saddr:16783984: daddr:100932208
[  439.894269] AAAAA-TCP_FORW: name:enp0s8: saddr:100932208: daddr:16783984
[  439.895009] AAAAA-TCP_FORW: name:enp0s3: saddr:16783984: daddr:100932208
[  440.035595] AAAAA-TCP_FORW: name:enp0s8: saddr:100932208: daddr:16783984
[  440.036288] AAAAA-TCP_FORW: name:enp0s3: saddr:16783984: daddr:100932208
[  440.157881] AAAAA-TCP_FORW: name:enp0s8: saddr:100932208: daddr:16783984
[  440.158589] AAAAA-TCP_FORW: name:enp0s3: saddr:16783984: daddr:100932208
[  440.218122] AAAAA-TCP_FORW: name:enp0s8: saddr:100932208: daddr:16783984
[  440.218814] AAAAA-TCP_FORW: name:enp0s3: saddr:16783984: daddr:100932208
[  440.381630] AAAAA-TCP_FORW: name:enp0s8: saddr:100932208: daddr:16783984
[  440.382617] AAAAA-TCP_FORW: name:enp0s3: saddr:16783984: daddr:100932208
[  440.543327] AAAAA-TCP_FORW: name:enp0s8: saddr:100932208: daddr:16783984
[  440.544784] AAAAA-TCP_FORW: name:enp0s3: saddr:16783984: daddr:100932208
[  440.625790] AAAAA-TCP_FORW: name:enp0s8: saddr:100932208: daddr:16783984
[  440.626970] AAAAA-TCP_FORW: name:enp0s3: saddr:16783984: daddr:100932208
[  440.675686] AAAAA-TCP_FORW: name:enp0s8: saddr:100932208: daddr:16783984
[  440.676795] AAAAA-TCP_FORW: name:enp0s3: saddr:16783984: daddr:100932208
[  440.785334] AAAAA-TCP_FORW: name:enp0s8: saddr:100932208: daddr:16783984
[  440.786553] AAAAA-TCP_FORW: name:enp0s3: saddr:16783984: daddr:100932208
[  440.842863] AAAAA-TCP_FORW: name:enp0s8: saddr:100932208: daddr:16783984
[  440.843954] AAAAA-TCP_FORW: name:enp0s3: saddr:16783984: daddr:100932208
[  441.083429] AAAAA-TCP_FORW: name:enp0s8: saddr:100932208: daddr:16783984
[  441.084698] AAAAA-TCP_FORW: name:enp0s3: saddr:16783984: daddr:100932208
[  441.190728] AAAAA-TCP_FORW: name:enp0s8: saddr:100932208: daddr:16783984
[  441.191573] AAAAA-TCP_FORW: name:enp0s3: saddr:16783984: daddr:100932208
[  441.479103] AAAAA-TCP_FORW: name:enp0s8: saddr:100932208: daddr:16783984
[  441.479824] AAAAA-TCP_FORW: name:enp0s3: saddr:16783984: daddr:100932208
[  441.518280] AAAAA-TCP_FORW: name:enp0s8: saddr:100932208: daddr:16783984
[  441.518968] AAAAA-TCP_FORW: name:enp0s3: saddr:16783984: daddr:100932208
[  441.709936] AAAAA-TCP_FORW: name:enp0s8: saddr:100932208: daddr:16783984
[  441.710693] AAAAA-TCP_FORW: name:enp0s3: saddr:16783984: daddr:100932208
[  441.776845] AAAAA-TCP_FORW: name:enp0s8: saddr:100932208: daddr:16783984
[  441.778018] AAAAA-TCP_FORW: name:enp0s3: saddr:16783984: daddr:100932208
[  441.812009] AAAAA-TCP_FORW: name:enp0s8: saddr:100932208: daddr:16783984
[  441.812814] AAAAA-TCP_FORW: name:enp0s3: saddr:16783984: daddr:100932208
[  441.945875] AAAAA-TCP_FORW: name:enp0s8: saddr:100932208: daddr:16783984
[  441.947019] AAAAA-TCP_FORW: name:enp0s3: saddr:16783984: daddr:100932208
[  442.030658] AAAAA-TCP_FORW: name:enp0s8: saddr:100932208: daddr:16783984
[  442.031674] AAAAA-TCP_FORW: name:enp0s3: saddr:16783984: daddr:100932208
[  442.099411] AAAAA-TCP_FORW: name:enp0s8: saddr:100932208: daddr:16783984
[  442.100461] AAAAA-TCP_FORW: name:enp0s3: saddr:16783984: daddr:100932208
[  442.241771] AAAAA-TCP_FORW: name:enp0s8: saddr:100932208: daddr:16783984
[  442.242923] AAAAA-TCP_FORW: name:enp0s3: saddr:16783984: daddr:100932208
[  442.310756] AAAAA-TCP_FORW: name:enp0s8: saddr:100932208: daddr:16783984
[  442.311443] AAAAA-TCP_FORW: name:enp0s3: saddr:16783984: daddr:100932208
[  442.353225] AAAAA-TCP_FORW: name:enp0s8: saddr:100932208: daddr:16783984
[  442.353962] AAAAA-TCP_FORW: name:enp0s3: saddr:16783984: daddr:100932208
[  442.499482] AAAAA-TCP_FORW: name:enp0s8: saddr:100932208: daddr:16783984
[  442.500213] AAAAA-TCP_FORW: name:enp0s3: saddr:16783984: daddr:100932208
[  442.632477] AAAAA-TCP_FORW: name:enp0s8: saddr:100932208: daddr:16783984
[  442.633208] AAAAA-TCP_FORW: name:enp0s3: saddr:16783984: daddr:100932208
[  442.792322] AAAAA-TCP_FORW: name:enp0s8: saddr:100932208: daddr:16783984
[  442.793588] AAAAA-TCP_FORW: name:enp0s3: saddr:16783984: daddr:100932208
[  442.981798] AAAAA-TCP_FORW: name:enp0s8: saddr:100932208: daddr:16783984
[  442.982961] AAAAA-TCP_FORW: name:enp0s3: saddr:16783984: daddr:100932208
[  443.167547] AAAAA-TCP_FORW: name:enp0s8: saddr:100932208: daddr:16783984
[  443.168715] AAAAA-TCP_FORW: name:enp0s3: saddr:16783984: daddr:100932208
[  443.409703] AAAAA-TCP_FORW: name:enp0s8: saddr:100932208: daddr:16783984
[  443.411090] AAAAA-TCP_FORW: name:enp0s3: saddr:16783984: daddr:100932208
[  443.650086] AAAAA-TCP_FORW: name:enp0s8: saddr:100932208: daddr:16783984
[  443.651288] AAAAA-TCP_FORW: name:enp0s3: saddr:16783984: daddr:100932208
[  443.708235] AAAAA-TCP_FORW: name:enp0s8: saddr:100932208: daddr:16783984
[  443.709031] AAAAA-TCP_FORW: name:enp0s3: saddr:16783984: daddr:100932208
[  443.774379] AAAAA-TCP_FORW: name:enp0s8: saddr:100932208: daddr:16783984
[  443.775116] AAAAA-TCP_FORW: name:enp0s3: saddr:16783984: daddr:100932208
[  444.157425] AAAAA-TCP_FORW: name:enp0s8: saddr:100932208: daddr:16783984
[  444.158270] AAAAA-TCP_FORW: name:enp0s3: saddr:16783984: daddr:100932208
[  444.283572] AAAAA-TCP_FORW: name:enp0s8: saddr:100932208: daddr:16783984
[  444.284349] AAAAA-TCP_FORW: name:enp0s3: saddr:16783984: daddr:100932208
[  444.357757] AAAAA-TCP_FORW: name:enp0s8: saddr:100932208: daddr:16783984
[  444.358492] AAAAA-TCP_FORW: name:enp0s3: saddr:16783984: daddr:100932208
[  444.445097] AAAAA-TCP_FORW: name:enp0s8: saddr:100932208: daddr:16783984
[  444.445911] AAAAA-TCP_FORW: name:enp0s3: saddr:16783984: daddr:100932208
[  444.503917] AAAAA-TCP_FORW: name:enp0s8: saddr:100932208: daddr:16783984
[  444.504644] AAAAA-TCP_FORW: name:enp0s3: saddr:16783984: daddr:100932208
[  444.596482] AAAAA-TCP_FORW: name:enp0s8: saddr:100932208: daddr:16783984
[  444.597096] AAAAA-TCP_FORW: name:enp0s3: saddr:16783984: daddr:100932208
[  444.778459] AAAAA-TCP_FORW: name:enp0s8: saddr:100932208: daddr:16783984
[  444.779216] AAAAA-TCP_FORW: name:enp0s3: saddr:16783984: daddr:100932208
[  445.088858] AAAAA-TCP_FORW: name:enp0s8: saddr:100932208: daddr:16783984
[  445.089884] AAAAA-TCP_FORW: name:enp0s3: saddr:16783984: daddr:100932208
[  445.195874] AAAAA-TCP_FORW: name:enp0s8: saddr:100932208: daddr:16783984
[  445.237941] AAAAA-TCP_FORW: name:enp0s3: saddr:16783984: daddr:100932208
[  445.517737] AAAAA-TCP_FORW: name:enp0s8: saddr:100932208: daddr:16783984
[  445.602023] AAAAA-TCP_FORW: name:enp0s3: saddr:16783984: daddr:100932208
[  446.047419] AAAAA-TCP_FORW: name:enp0s8: saddr:100932208: daddr:16783984
[  446.210384] AAAAA-TCP_FORW: name:enp0s3: saddr:16783984: daddr:100932208
[  446.281084] AAAAA-TCP_FORW: name:enp0s8: saddr:100932208: daddr:16783984
[  446.282227] AAAAA-TCP_FORW: name:enp0s3: saddr:16783984: daddr:100932208
[  446.505772] AAAAA-TCP_FORW: name:enp0s8: saddr:100932208: daddr:16783984
[  446.572360] AAAAA-TCP_FORW: name:enp0s8: saddr:100932208: daddr:16783984
[  446.573094] AAAAA-TCP_FORW: name:enp0s3: saddr:16783984: daddr:100932208
[  446.672510] AAAAA-TCP_FORW: name:enp0s8: saddr:100932208: daddr:16783984
[  446.716750] AAAAA-TCP_FORW: name:enp0s8: saddr:100932208: daddr:16783984
[  446.717825] AAAAA-TCP_FORW: name:enp0s3: saddr:16783984: daddr:100932208
[  446.792329] AAAAA-TCP_FORW: name:enp0s8: saddr:100932208: daddr:16783984
[  446.844182] AAAAA-TCP_FORW: name:enp0s8: saddr:100932208: daddr:16783984
[  446.845270] AAAAA-TCP_FORW: name:enp0s3: saddr:16783984: daddr:100932208
[  447.028936] AAAAA-TCP_FORW: name:enp0s8: saddr:100932208: daddr:16783984
[  447.076313] AAAAA-TCP_FORW: name:enp0s8: saddr:100932208: daddr:16783984
[  447.077513] AAAAA-TCP_FORW: name:enp0s3: saddr:16783984: daddr:100932208
[  447.142443] AAAAA-TCP_FORW: name:enp0s8: saddr:100932208: daddr:16783984
[  447.201380] AAAAA-TCP_FORW: name:enp0s8: saddr:100932208: daddr:16783984
[  447.202472] AAAAA-TCP_FORW: name:enp0s3: saddr:16783984: daddr:100932208
[  447.836649] AAAAA-TCP_FORW: name:enp0s8: saddr:100932208: daddr:16783984
[  447.837770] AAAAA-TCP_FORW: name:enp0s3: saddr:16783984: daddr:100932208
[  447.972529] AAAAA-TCP_FORW: name:enp0s8: saddr:100932208: daddr:16783984
[  447.973718] AAAAA-TCP_FORW: name:enp0s3: saddr:16783984: daddr:100932208
[  448.315574] AAAAA-TCP_FORW: name:enp0s8: saddr:100932208: daddr:16783984
[  448.316613] AAAAA-TCP_FORW: name:enp0s3: saddr:16783984: daddr:100932208
[  448.386394] AAAAA-TCP_FORW: name:enp0s8: saddr:100932208: daddr:16783984
[  448.387419] AAAAA-TCP_FORW: name:enp0s3: saddr:16783984: daddr:100932208
[  448.475233] AAAAA-TCP_FORW: name:enp0s8: saddr:100932208: daddr:16783984
[  448.476577] AAAAA-TCP_FORW: name:enp0s3: saddr:16783984: daddr:100932208
[  448.536905] AAAAA-TCP_FORW: name:enp0s8: saddr:100932208: daddr:16783984
[  448.538063] AAAAA-TCP_FORW: name:enp0s3: saddr:16783984: daddr:100932208
[  448.645432] AAAAA-TCP_FORW: name:enp0s8: saddr:100932208: daddr:16783984
[  448.646201] AAAAA-TCP_FORW: name:enp0s3: saddr:16783984: daddr:100932208
[  448.744434] AAAAA-TCP_FORW: name:enp0s8: saddr:100932208: daddr:16783984
[  448.745176] AAAAA-TCP_FORW: name:enp0s3: saddr:16783984: daddr:100932208
[  448.804315] AAAAA-TCP_FORW: name:enp0s8: saddr:100932208: daddr:16783984
[  448.805047] AAAAA-TCP_FORW: name:enp0s3: saddr:16783984: daddr:100932208
[  448.906007] AAAAA-TCP_FORW: name:enp0s8: saddr:100932208: daddr:16783984
[  448.906741] AAAAA-TCP_FORW: name:enp0s3: saddr:16783984: daddr:100932208
[  449.153776] AAAAA-TCP_FORW: name:enp0s8: saddr:100932208: daddr:16783984
[  449.154943] AAAAA-TCP_FORW: name:enp0s3: saddr:16783984: daddr:100932208
[  450.950702] AAAAA-TCP_FORW: name:enp0s8: saddr:100932208: daddr:16783984
[  450.951960] AAAAA-TCP_FORW: name:enp0s3: saddr:16783984: daddr:100932208
[  451.223853] AAAAA-TCP_FORW: name:enp0s8: saddr:100932208: daddr:16783984
[  451.225020] AAAAA-TCP_FORW: name:enp0s3: saddr:16783984: daddr:100932208
[  451.370948] AAAAA-TCP_FORW: name:enp0s8: saddr:100932208: daddr:16783984
[  451.372068] AAAAA-TCP_FORW: name:enp0s3: saddr:16783984: daddr:100932208
[  451.455942] AAAAA-TCP_FORW: name:enp0s8: saddr:100932208: daddr:16783984
[  451.467012] AAAAA-TCP_FORW: name:enp0s3: saddr:16783984: daddr:100932208
[  451.538526] AAAAA-TCP_FORW: name:enp0s8: saddr:100932208: daddr:16783984
[  451.539643] AAAAA-TCP_FORW: name:enp0s3: saddr:16783984: daddr:100932208
[  451.597995] AAAAA-TCP_FORW: name:enp0s8: saddr:100932208: daddr:16783984
[  451.599089] AAAAA-TCP_FORW: name:enp0s3: saddr:16783984: daddr:100932208
[  451.662044] AAAAA-TCP_FORW: name:enp0s8: saddr:100932208: daddr:16783984
[  451.662746] AAAAA-TCP_FORW: name:enp0s3: saddr:16783984: daddr:100932208
[  451.767892] AAAAA-TCP_FORW: name:enp0s8: saddr:100932208: daddr:16783984
[  451.768658] AAAAA-TCP_FORW: name:enp0s3: saddr:16783984: daddr:100932208
[  451.876291] AAAAA-TCP_FORW: name:enp0s8: saddr:100932208: daddr:16783984
[  451.877037] AAAAA-TCP_FORW: name:enp0s3: saddr:16783984: daddr:100932208
[  451.956758] AAAAA-TCP_FORW: name:enp0s8: saddr:100932208: daddr:16783984
[  451.957510] AAAAA-TCP_FORW: name:enp0s3: saddr:16783984: daddr:100932208
[  452.274100] AAAAA-TCP_FORW: name:enp0s8: saddr:100932208: daddr:16783984
[  452.274812] AAAAA-TCP_FORW: name:enp0s3: saddr:16783984: daddr:100932208
[  452.449787] AAAAA-TCP_FORW: name:enp0s8: saddr:100932208: daddr:16783984
[  452.450890] AAAAA-TCP_FORW: name:enp0s3: saddr:16783984: daddr:100932208
[  452.569248] AAAAA-TCP_FORW: name:enp0s8: saddr:100932208: daddr:16783984
[  452.569957] AAAAA-TCP_FORW: name:enp0s3: saddr:16783984: daddr:100932208
[  452.704986] AAAAA-TCP_FORW: name:enp0s8: saddr:100932208: daddr:16783984
[  452.705725] AAAAA-TCP_FORW: name:enp0s3: saddr:16783984: daddr:100932208
[  452.862502] AAAAA-TCP_FORW: name:enp0s8: saddr:100932208: daddr:16783984
[  452.863291] AAAAA-TCP_FORW: name:enp0s3: saddr:16783984: daddr:100932208
[  452.957012] AAAAA-TCP_FORW: name:enp0s8: saddr:100932208: daddr:16783984
[  452.958172] AAAAA-TCP_FORW: name:enp0s3: saddr:16783984: daddr:100932208
[  453.222479] AAAAA-TCP_FORW: name:enp0s8: saddr:100932208: daddr:16783984
[  453.223697] AAAAA-TCP_FORW: name:enp0s3: saddr:16783984: daddr:100932208
[  453.319725] AAAAA-TCP_FORW: name:enp0s8: saddr:100932208: daddr:16783984
[  453.320905] AAAAA-TCP_FORW: name:enp0s3: saddr:16783984: daddr:100932208
[  453.607982] AAAAA-TCP_FORW: name:enp0s8: saddr:100932208: daddr:16783984
[  453.609015] AAAAA-TCP_FORW: name:enp0s3: saddr:16783984: daddr:100932208
[  453.703519] AAAAA-TCP_FORW: name:enp0s8: saddr:100932208: daddr:16783984
[  453.705449] AAAAA-TCP_FORW: name:enp0s3: saddr:16783984: daddr:100932208
[  454.078835] AAAAA-TCP_FORW: name:enp0s8: saddr:100932208: daddr:16783984
[  454.081091] AAAAA-TCP_FORW: name:enp0s3: saddr:16783984: daddr:100932208
[  454.318519] AAAAA-TCP_FORW: name:enp0s8: saddr:100932208: daddr:16783984
[  454.321136] AAAAA-TCP_FORW: name:enp0s3: saddr:16783984: daddr:100932208
[  454.385754] AAAAA-TCP_FORW: name:enp0s8: saddr:100932208: daddr:16783984
[  454.387434] AAAAA-TCP_FORW: name:enp0s3: saddr:16783984: daddr:100932208
[  454.565586] AAAAA-TCP_FORW: name:enp0s8: saddr:100932208: daddr:16783984
[  454.568058] AAAAA-TCP_FORW: name:enp0s3: saddr:16783984: daddr:100932208
[  457.404536] AAAAA-TCP_FORW: name:enp0s8: saddr:100932208: daddr:16783984
[  457.405830] AAAAA-TCP_FORW: name:enp0s3: saddr:16783984: daddr:100932208
[  458.130052] AAAAA-TCP_FORW: name:enp0s8: saddr:100932208: daddr:16783984
[  458.131291] AAAAA-TCP_FORW: name:enp0s3: saddr:16783984: daddr:100932208
[  469.820820] AAAAA-TCP_FORW: name:enp0s8: saddr:100932208: daddr:16783984
[  469.887527] AAAAA-TCP_FORW: name:enp0s8: saddr:100932208: daddr:16783984
[  469.951148] AAAAA-TCP_FORW: name:enp0s8: saddr:100932208: daddr:16783984
[  470.007022] AAAAA-TCP_FORW: name:enp0s8: saddr:100932208: daddr:16783984
[  470.071405] AAAAA-TCP_FORW: name:enp0s8: saddr:100932208: daddr:16783984
[  470.129465] AAAAA-TCP_FORW: name:enp0s8: saddr:100932208: daddr:16783984
[  470.205049] AAAAA-TCP_FORW: name:enp0s8: saddr:100932208: daddr:16783984
[  470.275982] AAAAA-TCP_FORW: name:enp0s8: saddr:100932208: daddr:16783984
[  470.348751] AAAAA-TCP_FORW: name:enp0s8: saddr:100932208: daddr:16783984
[  470.400280] AAAAA-TCP_FORW: name:enp0s8: saddr:100932208: daddr:16783984
[  470.401008] AAAAA-TCP_FORW: name:enp0s3: saddr:16783984: daddr:100932208
[  470.466729] AAAAA-TCP_FORW: name:enp0s8: saddr:100932208: daddr:16783984
[  470.467466] AAAAA-TCP_FORW: name:enp0s3: saddr:16783984: daddr:100932208
[  470.527720] AAAAA-TCP_FORW: name:enp0s8: saddr:100932208: daddr:16783984
[  470.528488] AAAAA-TCP_FORW: name:enp0s3: saddr:16783984: daddr:100932208
[  470.644229] AAAAA-TCP_FORW: name:enp0s8: saddr:100932208: daddr:16783984
[  470.645386] AAAAA-TCP_FORW: name:enp0s3: saddr:16783984: daddr:100932208
[  470.765729] AAAAA-TCP_FORW: name:enp0s8: saddr:100932208: daddr:16783984
[  470.766316] AAAAA-TCP_FORW: name:enp0s3: saddr:16783984: daddr:100932208
[  470.869051] AAAAA-TCP_FORW: name:enp0s8: saddr:100932208: daddr:16783984
[  470.870800] AAAAA-TCP_FORW: name:enp0s3: saddr:16783984: daddr:100932208
[  470.965229] AAAAA-TCP_FORW: name:enp0s8: saddr:100932208: daddr:16783984
[  470.966594] AAAAA-TCP_FORW: name:enp0s3: saddr:16783984: daddr:100932208
[  471.229103] AAAAA-TCP_FORW: name:enp0s8: saddr:100932208: daddr:16783984
[  471.274020] AAAAA-TCP_FORW: name:enp0s3: saddr:16783984: daddr:100932208
[  471.421832] AAAAA-TCP_FORW: name:enp0s8: saddr:100932208: daddr:16783984
[  471.506001] AAAAA-TCP_FORW: name:enp0s3: saddr:16783984: daddr:100932208
[  471.684188] AAAAA-TCP_FORW: name:enp0s8: saddr:100932208: daddr:16783984
[  471.846064] AAAAA-TCP_FORW: name:enp0s3: saddr:16783984: daddr:100932208
[  471.941143] AAAAA-TCP_FORW: name:enp0s8: saddr:100932208: daddr:16783984
[  472.090914] AAAAA-TCP_FORW: name:enp0s8: saddr:100932208: daddr:16783984
[  472.091979] AAAAA-TCP_FORW: name:enp0s3: saddr:16783984: daddr:100932208
[  472.244621] AAAAA-TCP_FORW: name:enp0s8: saddr:100932208: daddr:16783984
[  472.387311] AAAAA-TCP_FORW: name:enp0s8: saddr:100932208: daddr:16783984
[  472.389315] AAAAA-TCP_FORW: name:enp0s3: saddr:16783984: daddr:100932208
[  472.564052] AAAAA-TCP_FORW: name:enp0s8: saddr:100932208: daddr:16783984
[  472.774057] AAAAA-TCP_FORW: name:enp0s3: saddr:16783984: daddr:100932208
[  472.903620] AAAAA-TCP_FORW: name:enp0s8: saddr:100932208: daddr:16783984
[  473.028044] AAAAA-TCP_FORW: name:enp0s8: saddr:100932208: daddr:16783984
[  473.029068] AAAAA-TCP_FORW: name:enp0s3: saddr:16783984: daddr:100932208
[  473.213672] AAAAA-TCP_FORW: name:enp0s8: saddr:100932208: daddr:16783984
[  473.426069] AAAAA-TCP_FORW: name:enp0s3: saddr:16783984: daddr:100932208
[  473.688397] AAAAA-TCP_FORW: name:enp0s8: saddr:100932208: daddr:16783984
[  473.763283] AAAAA-TCP_FORW: name:enp0s8: saddr:100932208: daddr:16783984
[  473.764614] AAAAA-TCP_FORW: name:enp0s3: saddr:16783984: daddr:100932208
[  473.907940] AAAAA-TCP_FORW: name:enp0s8: saddr:100932208: daddr:16783984
[  474.006106] AAAAA-TCP_FORW: name:enp0s8: saddr:100932208: daddr:16783984
[  474.006809] AAAAA-TCP_FORW: name:enp0s3: saddr:16783984: daddr:100932208
[  474.128916] AAAAA-TCP_FORW: name:enp0s8: saddr:100932208: daddr:16783984
[  474.193373] AAAAA-TCP_FORW: name:enp0s8: saddr:100932208: daddr:16783984
[  474.194702] AAAAA-TCP_FORW: name:enp0s3: saddr:16783984: daddr:100932208
[  474.299311] AAAAA-TCP_FORW: name:enp0s8: saddr:100932208: daddr:16783984
[  474.336491] AAAAA-TCP_FORW: name:enp0s8: saddr:100932208: daddr:16783984
[  474.337761] AAAAA-TCP_FORW: name:enp0s3: saddr:16783984: daddr:100932208
[  474.449487] AAAAA-TCP_FORW: name:enp0s8: saddr:100932208: daddr:16783984
[  474.557046] AAAAA-TCP_FORW: name:enp0s8: saddr:100932208: daddr:16783984
[  474.558187] AAAAA-TCP_FORW: name:enp0s3: saddr:16783984: daddr:100932208
[  474.602310] AAAAA-TCP_FORW: name:enp0s8: saddr:100932208: daddr:16783984
[  474.751760] AAAAA-TCP_FORW: name:enp0s3: saddr:16783984: daddr:100932208
[  474.754234] AAAAA-TCP_FORW: name:enp0s8: saddr:100932208: daddr:16783984
[  474.832283] AAAAA-TCP_FORW: name:enp0s8: saddr:100932208: daddr:16783984
[  474.833363] AAAAA-TCP_FORW: name:enp0s3: saddr:16783984: daddr:100932208
[  474.927671] AAAAA-TCP_FORW: name:enp0s8: saddr:100932208: daddr:16783984
[  474.979376] AAAAA-TCP_FORW: name:enp0s8: saddr:100932208: daddr:16783984
[  474.980233] AAAAA-TCP_FORW: name:enp0s3: saddr:16783984: daddr:100932208
[  475.150928] AAAAA-TCP_FORW: name:enp0s8: saddr:100932208: daddr:16783984
[  475.250847] AAAAA-TCP_FORW: name:enp0s8: saddr:100932208: daddr:16783984
[  475.251745] AAAAA-TCP_FORW: name:enp0s3: saddr:16783984: daddr:100932208
[  475.347035] AAAAA-TCP_FORW: name:enp0s8: saddr:100932208: daddr:16783984
[  475.454257] AAAAA-TCP_FORW: name:enp0s8: saddr:100932208: daddr:16783984
[  475.455830] AAAAA-TCP_FORW: name:enp0s3: saddr:16783984: daddr:100932208
[  475.529678] AAAAA-TCP_FORW: name:enp0s8: saddr:100932208: daddr:16783984
[  475.646561] AAAAA-TCP_FORW: name:enp0s8: saddr:100932208: daddr:16783984
[  475.648124] AAAAA-TCP_FORW: name:enp0s3: saddr:16783984: daddr:100932208
[  475.788076] AAAAA-TCP_FORW: name:enp0s8: saddr:100932208: daddr:16783984
[  475.997863] AAAAA-TCP_FORW: name:enp0s3: saddr:16783984: daddr:100932208
[  476.110608] AAAAA-TCP_FORW: name:enp0s8: saddr:100932208: daddr:16783984
[  476.237335] AAAAA-TCP_FORW: name:enp0s8: saddr:100932208: daddr:16783984
[  476.238807] AAAAA-TCP_FORW: name:enp0s3: saddr:16783984: daddr:100932208
[  476.285833] AAAAA-TCP_FORW: name:enp0s8: saddr:100932208: daddr:16783984
[  476.287001] AAAAA-TCP_FORW: name:enp0s3: saddr:16783984: daddr:100932208
[  476.344001] AAAAA-TCP_FORW: name:enp0s8: saddr:100932208: daddr:16783984
[  476.345025] AAAAA-TCP_FORW: name:enp0s3: saddr:16783984: daddr:100932208
[  476.495561] AAAAA-TCP_FORW: name:enp0s8: saddr:100932208: daddr:16783984
[  476.564273] AAAAA-TCP_FORW: name:enp0s8: saddr:100932208: daddr:16783984
[  476.565534] AAAAA-TCP_FORW: name:enp0s3: saddr:16783984: daddr:100932208
[  476.756207] AAAAA-TCP_FORW: name:enp0s8: saddr:100932208: daddr:16783984
[  476.757241] AAAAA-TCP_FORW: name:enp0s3: saddr:16783984: daddr:100932208
[  476.886241] AAAAA-TCP_FORW: name:enp0s8: saddr:100932208: daddr:16783984
[  476.887558] AAAAA-TCP_FORW: name:enp0s3: saddr:16783984: daddr:100932208
[  477.014545] AAAAA-TCP_FORW: name:enp0s8: saddr:100932208: daddr:16783984
[  477.015540] AAAAA-TCP_FORW: name:enp0s3: saddr:16783984: daddr:100932208
[  477.146103] AAAAA-TCP_FORW: name:enp0s8: saddr:100932208: daddr:16783984
[  477.147357] AAAAA-TCP_FORW: name:enp0s3: saddr:16783984: daddr:100932208
[  477.226440] AAAAA-TCP_FORW: name:enp0s8: saddr:100932208: daddr:16783984
[  477.227735] AAAAA-TCP_FORW: name:enp0s3: saddr:16783984: daddr:100932208
[  477.584117] AAAAA-TCP_FORW: name:enp0s8: saddr:100932208: daddr:16783984
[  477.585392] AAAAA-TCP_FORW: name:enp0s3: saddr:16783984: daddr:100932208
[  477.731342] AAAAA-TCP_FORW: name:enp0s8: saddr:100932208: daddr:16783984
[  477.732217] AAAAA-TCP_FORW: name:enp0s3: saddr:16783984: daddr:100932208
[  477.875738] AAAAA-TCP_FORW: name:enp0s8: saddr:100932208: daddr:16783984
[  477.876890] AAAAA-TCP_FORW: name:enp0s3: saddr:16783984: daddr:100932208
[  478.007933] AAAAA-TCP_FORW: name:enp0s8: saddr:100932208: daddr:16783984
[  478.008946] AAAAA-TCP_FORW: name:enp0s3: saddr:16783984: daddr:100932208
[  478.148617] AAAAA-TCP_FORW: name:enp0s8: saddr:100932208: daddr:16783984
[  478.149770] AAAAA-TCP_FORW: name:enp0s3: saddr:16783984: daddr:100932208
[  478.512292] AAAAA-TCP_FORW: name:enp0s8: saddr:100932208: daddr:16783984
[  478.513193] AAAAA-TCP_FORW: name:enp0s3: saddr:16783984: daddr:100932208
[  478.560914] AAAAA-TCP_FORW: name:enp0s8: saddr:100932208: daddr:16783984
[  478.562213] AAAAA-TCP_FORW: name:enp0s3: saddr:16783984: daddr:100932208
[  478.724127] AAAAA-TCP_FORW: name:enp0s8: saddr:100932208: daddr:16783984
[  478.725257] AAAAA-TCP_FORW: name:enp0s3: saddr:16783984: daddr:100932208
[  478.858388] AAAAA-TCP_FORW: name:enp0s8: saddr:100932208: daddr:16783984
[  478.859579] AAAAA-TCP_FORW: name:enp0s3: saddr:16783984: daddr:100932208
[  479.039001] AAAAA-TCP_FORW: name:enp0s8: saddr:100932208: daddr:16783984
[  479.040298] AAAAA-TCP_FORW: name:enp0s3: saddr:16783984: daddr:100932208
[  479.125827] AAAAA-TCP_FORW: name:enp0s8: saddr:100932208: daddr:16783984
[  479.126932] AAAAA-TCP_FORW: name:enp0s3: saddr:16783984: daddr:100932208
[  479.390787] AAAAA-TCP_FORW: name:enp0s8: saddr:100932208: daddr:16783984
[  479.391673] AAAAA-TCP_FORW: name:enp0s3: saddr:16783984: daddr:100932208
[  479.578089] AAAAA-TCP_FORW: name:enp0s8: saddr:100932208: daddr:16783984
[  479.579377] AAAAA-TCP_FORW: name:enp0s3: saddr:16783984: daddr:100932208
[  479.754903] AAAAA-TCP_FORW: name:enp0s8: saddr:100932208: daddr:16783984
[  479.756129] AAAAA-TCP_FORW: name:enp0s3: saddr:16783984: daddr:100932208
[  479.891525] AAAAA-TCP_FORW: name:enp0s8: saddr:100932208: daddr:16783984
[  479.892677] AAAAA-TCP_FORW: name:enp0s3: saddr:16783984: daddr:100932208
[  479.993238] AAAAA-TCP_FORW: name:enp0s8: saddr:100932208: daddr:16783984
[  479.994330] AAAAA-TCP_FORW: name:enp0s3: saddr:16783984: daddr:100932208
[  480.126635] AAAAA-TCP_FORW: name:enp0s8: saddr:100932208: daddr:16783984
[  480.127828] AAAAA-TCP_FORW: name:enp0s3: saddr:16783984: daddr:100932208
[  480.239011] AAAAA-TCP_FORW: name:enp0s8: saddr:100932208: daddr:16783984
[  480.240117] AAAAA-TCP_FORW: name:enp0s3: saddr:16783984: daddr:100932208
[  480.432934] AAAAA-TCP_FORW: name:enp0s8: saddr:100932208: daddr:16783984
[  480.433998] AAAAA-TCP_FORW: name:enp0s3: saddr:16783984: daddr:100932208
[  480.725427] AAAAA-TCP_FORW: name:enp0s8: saddr:100932208: daddr:16783984
[  480.726752] AAAAA-TCP_FORW: name:enp0s3: saddr:16783984: daddr:100932208
[  480.956063] AAAAA-TCP_FORW: name:enp0s8: saddr:100932208: daddr:16783984
[  480.957279] AAAAA-TCP_FORW: name:enp0s3: saddr:16783984: daddr:100932208
[  481.049395] AAAAA-TCP_FORW: name:enp0s8: saddr:100932208: daddr:16783984
[  481.050549] AAAAA-TCP_FORW: name:enp0s3: saddr:16783984: daddr:100932208
[  481.225143] AAAAA-TCP_FORW: name:enp0s8: saddr:100932208: daddr:16783984
[  481.225999] AAAAA-TCP_FORW: name:enp0s3: saddr:16783984: daddr:100932208
[  481.349832] AAAAA-TCP_FORW: name:enp0s8: saddr:100932208: daddr:16783984
[  481.351159] AAAAA-TCP_FORW: name:enp0s3: saddr:16783984: daddr:100932208
[  481.543463] AAAAA-TCP_FORW: name:enp0s8: saddr:100932208: daddr:16783984
[  481.544864] AAAAA-TCP_FORW: name:enp0s3: saddr:16783984: daddr:100932208
[  481.690726] AAAAA-TCP_FORW: name:enp0s8: saddr:100932208: daddr:16783984
[  481.692011] AAAAA-TCP_FORW: name:enp0s3: saddr:16783984: daddr:100932208
[  481.963798] AAAAA-TCP_FORW: name:enp0s8: saddr:100932208: daddr:16783984
[  481.964679] AAAAA-TCP_FORW: name:enp0s3: saddr:16783984: daddr:100932208
[  482.105120] AAAAA-TCP_FORW: name:enp0s8: saddr:100932208: daddr:16783984
[  482.106673] AAAAA-TCP_FORW: name:enp0s3: saddr:16783984: daddr:100932208
[  482.340428] AAAAA-TCP_FORW: name:enp0s8: saddr:100932208: daddr:16783984
[  482.341668] AAAAA-TCP_FORW: name:enp0s3: saddr:16783984: daddr:100932208
[  482.747301] AAAAA-TCP_FORW: name:enp0s8: saddr:100932208: daddr:16783984
[  482.748671] AAAAA-TCP_FORW: name:enp0s3: saddr:16783984: daddr:100932208
[  482.813170] AAAAA-TCP_FORW: name:enp0s8: saddr:100932208: daddr:16783984
[  482.814329] AAAAA-TCP_FORW: name:enp0s3: saddr:16783984: daddr:100932208
[  483.908130] AAAAA-TCP_FORW: name:enp0s8: saddr:100932208: daddr:16783984
[  483.909086] AAAAA-TCP_FORW: name:enp0s3: saddr:16783984: daddr:100932208
[  504.969076] AAAAA-TCP_FORW: name:enp0s8: saddr:100932208: daddr:16783984
[  504.970233] AAAAA-TCP_FORW: name:enp0s3: saddr:16783984: daddr:100932208
[  505.217790] AAAAA-TCP_FORW: name:enp0s8: saddr:100932208: daddr:16783984
[  505.218809] AAAAA-TCP_FORW: name:enp0s3: saddr:16783984: daddr:100932208
[  505.442628] AAAAA-TCP_FORW: name:enp0s8: saddr:100932208: daddr:16783984
[  505.443898] AAAAA-TCP_FORW: name:enp0s3: saddr:16783984: daddr:100932208
[  505.621209] AAAAA-TCP_FORW: name:enp0s8: saddr:100932208: daddr:16783984
[  505.622200] AAAAA-TCP_FORW: name:enp0s3: saddr:16783984: daddr:100932208
[  505.870364] AAAAA-TCP_FORW: name:enp0s8: saddr:100932208: daddr:16783984
[  505.871212] AAAAA-TCP_FORW: name:enp0s3: saddr:16783984: daddr:100932208
[  506.058092] AAAAA-TCP_FORW: name:enp0s8: saddr:100932208: daddr:16783984
[  506.058895] AAAAA-TCP_FORW: name:enp0s3: saddr:16783984: daddr:100932208
[  506.442781] AAAAA-TCP_FORW: name:enp0s8: saddr:100932208: daddr:16783984
[  506.443792] AAAAA-TCP_FORW: name:enp0s3: saddr:16783984: daddr:100932208
[  508.274377] AAAAA-TCP_FORW: name:enp0s8: saddr:100932208: daddr:16783984
[  508.275354] AAAAA-TCP_FORW: name:enp0s3: saddr:16783984: daddr:100932208
[  508.465314] AAAAA-TCP_FORW: name:enp0s8: saddr:100932208: daddr:16783984
[  508.466218] AAAAA-TCP_FORW: name:enp0s3: saddr:16783984: daddr:100932208
[  508.954426] AAAAA-TCP_FORW: name:enp0s8: saddr:100932208: daddr:16783984
[  508.955191] AAAAA-TCP_FORW: name:enp0s3: saddr:16783984: daddr:100932208
[  509.463766] AAAAA-TCP_FORW: name:enp0s8: saddr:100932208: daddr:16783984
[  509.464579] AAAAA-TCP_FORW: name:enp0s3: saddr:16783984: daddr:100932208
[  509.557416] AAAAA-TCP_FORW: name:enp0s8: saddr:100932208: daddr:16783984
[  509.558206] AAAAA-TCP_FORW: name:enp0s3: saddr:16783984: daddr:100932208
[  510.151376] AAAAA-TCP_FORW: name:enp0s8: saddr:100932208: daddr:16783984
[  510.152104] AAAAA-TCP_FORW: name:enp0s3: saddr:16783984: daddr:100932208
[  510.193509] AAAAA-TCP_FORW: name:enp0s8: saddr:100932208: daddr:16783984
[  510.194327] AAAAA-TCP_FORW: name:enp0s3: saddr:16783984: daddr:100932208
[  510.344123] AAAAA-TCP_FORW: name:enp0s8: saddr:100932208: daddr:16783984
[  510.344868] AAAAA-TCP_FORW: name:enp0s3: saddr:16783984: daddr:100932208
[  510.682316] AAAAA-TCP_FORW: name:enp0s8: saddr:100932208: daddr:16783984
[  510.683626] AAAAA-TCP_FORW: name:enp0s3: saddr:16783984: daddr:100932208
[  510.763623] AAAAA-TCP_FORW: name:enp0s8: saddr:100932208: daddr:16783984
[  510.764382] AAAAA-TCP_FORW: name:enp0s3: saddr:16783984: daddr:100932208
[  511.537960] AAAAA-TCP_FORW: name:enp0s8: saddr:100932208: daddr:16783984
[  511.538752] AAAAA-TCP_FORW: name:enp0s3: saddr:16783984: daddr:100932208
[  511.790856] AAAAA-TCP_FORW: name:enp0s8: saddr:100932208: daddr:16783984
[  511.791920] AAAAA-TCP_FORW: name:enp0s3: saddr:16783984: daddr:100932208
[  512.055148] AAAAA-TCP_FORW: name:enp0s8: saddr:100932208: daddr:16783984
[  512.056119] AAAAA-TCP_FORW: name:enp0s3: saddr:16783984: daddr:100932208
[  512.390406] AAAAA-TCP_FORW: name:enp0s8: saddr:100932208: daddr:16783984
[  512.391177] AAAAA-TCP_FORW: name:enp0s3: saddr:16783984: daddr:100932208
[  512.610108] AAAAA-TCP_FORW: name:enp0s8: saddr:100932208: daddr:16783984
[  512.610890] AAAAA-TCP_FORW: name:enp0s3: saddr:16783984: daddr:100932208
[  513.118353] AAAAA-TCP_FORW: name:enp0s8: saddr:100932208: daddr:16783984
[  513.119065] AAAAA-TCP_FORW: name:enp0s3: saddr:16783984: daddr:100932208
[  513.256105] AAAAA-TCP_FORW: name:enp0s8: saddr:100932208: daddr:16783984
[  513.257354] AAAAA-TCP_FORW: name:enp0s3: saddr:16783984: daddr:100932208
[  513.321650] AAAAA-TCP_FORW: name:enp0s8: saddr:100932208: daddr:16783984
[  513.322657] AAAAA-TCP_FORW: name:enp0s3: saddr:16783984: daddr:100932208
[  513.553314] AAAAA-TCP_FORW: name:enp0s8: saddr:100932208: daddr:16783984
[  513.554862] AAAAA-TCP_FORW: name:enp0s3: saddr:16783984: daddr:100932208
[  513.685843] AAAAA-TCP_FORW: name:enp0s8: saddr:100932208: daddr:16783984
[  513.686891] AAAAA-TCP_FORW: name:enp0s3: saddr:16783984: daddr:100932208
[  514.052288] AAAAA-TCP_FORW: name:enp0s8: saddr:100932208: daddr:16783984
[  514.053354] AAAAA-TCP_FORW: name:enp0s3: saddr:16783984: daddr:100932208
[  514.232005] AAAAA-TCP_FORW: name:enp0s8: saddr:100932208: daddr:16783984
[  514.233221] AAAAA-TCP_FORW: name:enp0s3: saddr:16783984: daddr:100932208
[  514.431321] AAAAA-TCP_FORW: name:enp0s8: saddr:100932208: daddr:16783984
[  514.432664] AAAAA-TCP_FORW: name:enp0s3: saddr:16783984: daddr:100932208
[  514.460959] AAAAA-TCP_FORW: name:enp0s8: saddr:100932208: daddr:16783984
[  514.461691] AAAAA-TCP_FORW: name:enp0s3: saddr:16783984: daddr:100932208
[  514.667815] AAAAA-TCP_FORW: name:enp0s8: saddr:100932208: daddr:16783984
[  514.668965] AAAAA-TCP_FORW: name:enp0s3: saddr:16783984: daddr:100932208
[  514.802337] AAAAA-TCP_FORW: name:enp0s8: saddr:100932208: daddr:16783984
[  514.803095] AAAAA-TCP_FORW: name:enp0s3: saddr:16783984: daddr:100932208
[  515.004492] AAAAA-TCP_FORW: name:enp0s8: saddr:100932208: daddr:16783984
[  515.006300] AAAAA-TCP_FORW: name:enp0s3: saddr:16783984: daddr:100932208
[  515.110475] AAAAA-TCP_FORW: name:enp0s8: saddr:100932208: daddr:16783984
[  515.111806] AAAAA-TCP_FORW: name:enp0s3: saddr:16783984: daddr:100932208
[  515.291024] AAAAA-TCP_FORW: name:enp0s8: saddr:100932208: daddr:16783984
[  515.292522] AAAAA-TCP_FORW: name:enp0s3: saddr:16783984: daddr:100932208
[  515.441227] AAAAA-TCP_FORW: name:enp0s8: saddr:100932208: daddr:16783984
[  515.441974] AAAAA-TCP_FORW: name:enp0s3: saddr:16783984: daddr:100932208
[  515.617350] AAAAA-TCP_FORW: name:enp0s8: saddr:100932208: daddr:16783984
[  515.618596] AAAAA-TCP_FORW: name:enp0s3: saddr:16783984: daddr:100932208
[  515.733510] AAAAA-TCP_FORW: name:enp0s8: saddr:100932208: daddr:16783984
[  515.734761] AAAAA-TCP_FORW: name:enp0s3: saddr:16783984: daddr:100932208
[  515.830570] AAAAA-TCP_FORW: name:enp0s8: saddr:100932208: daddr:16783984
[  515.831959] AAAAA-TCP_FORW: name:enp0s3: saddr:16783984: daddr:100932208
[  515.909473] AAAAA-TCP_FORW: name:enp0s8: saddr:100932208: daddr:16783984
[  515.910532] AAAAA-TCP_FORW: name:enp0s3: saddr:16783984: daddr:100932208
[  516.358969] AAAAA-TCP_FORW: name:enp0s8: saddr:100932208: daddr:16783984
[  516.359723] AAAAA-TCP_FORW: name:enp0s3: saddr:16783984: daddr:100932208
[  516.401090] AAAAA-TCP_FORW: name:enp0s8: saddr:100932208: daddr:16783984
[  516.402245] AAAAA-TCP_FORW: name:enp0s3: saddr:16783984: daddr:100932208
[  516.470342] AAAAA-TCP_FORW: name:enp0s8: saddr:100932208: daddr:16783984
[  516.471090] AAAAA-TCP_FORW: name:enp0s3: saddr:16783984: daddr:100932208
[  516.551834] AAAAA-TCP_FORW: name:enp0s8: saddr:100932208: daddr:16783984
[  516.553065] AAAAA-TCP_FORW: name:enp0s3: saddr:16783984: daddr:100932208
[  516.755500] AAAAA-TCP_FORW: name:enp0s8: saddr:100932208: daddr:16783984
[  516.756560] AAAAA-TCP_FORW: name:enp0s3: saddr:16783984: daddr:100932208
[  517.036890] AAAAA-TCP_FORW: name:enp0s8: saddr:100932208: daddr:16783984
[  517.038048] AAAAA-TCP_FORW: name:enp0s3: saddr:16783984: daddr:100932208
[  517.154245] AAAAA-TCP_FORW: name:enp0s8: saddr:100932208: daddr:16783984
[  517.155030] AAAAA-TCP_FORW: name:enp0s3: saddr:16783984: daddr:100932208
[  517.268007] AAAAA-TCP_FORW: name:enp0s8: saddr:100932208: daddr:16783984
[  517.269459] AAAAA-TCP_FORW: name:enp0s3: saddr:16783984: daddr:100932208
[  517.466564] AAAAA-TCP_FORW: name:enp0s8: saddr:100932208: daddr:16783984
[  517.467776] AAAAA-TCP_FORW: name:enp0s3: saddr:16783984: daddr:100932208
[  517.571368] AAAAA-TCP_FORW: name:enp0s8: saddr:100932208: daddr:16783984
[  517.572635] AAAAA-TCP_FORW: name:enp0s3: saddr:16783984: daddr:100932208
[  517.620781] AAAAA-TCP_FORW: name:enp0s8: saddr:100932208: daddr:16783984
[  517.661977] AAAAA-TCP_FORW: name:enp0s3: saddr:16783984: daddr:100932208
[  517.713598] AAAAA-TCP_FORW: name:enp0s8: saddr:100932208: daddr:16783984
[  517.783828] AAAAA-TCP_FORW: name:enp0s8: saddr:100932208: daddr:16783984
[  517.784890] AAAAA-TCP_FORW: name:enp0s3: saddr:16783984: daddr:100932208
[  517.901281] AAAAA-TCP_FORW: name:enp0s8: saddr:100932208: daddr:16783984
[  517.977627] AAAAA-TCP_FORW: name:enp0s8: saddr:100932208: daddr:16783984
[  517.979185] AAAAA-TCP_FORW: name:enp0s3: saddr:16783984: daddr:100932208
[  518.066330] AAAAA-TCP_FORW: name:enp0s8: saddr:100932208: daddr:16783984
[  518.178512] AAAAA-TCP_FORW: name:enp0s8: saddr:100932208: daddr:16783984
[  518.179940] AAAAA-TCP_FORW: name:enp0s3: saddr:16783984: daddr:100932208
[  518.224790] AAAAA-TCP_FORW: name:enp0s8: saddr:100932208: daddr:16783984
[  518.322729] AAAAA-TCP_FORW: name:enp0s8: saddr:100932208: daddr:16783984
[  518.324000] AAAAA-TCP_FORW: name:enp0s3: saddr:16783984: daddr:100932208
[  518.353164] AAAAA-TCP_FORW: name:enp0s8: saddr:100932208: daddr:16783984
[  518.441356] AAAAA-TCP_FORW: name:enp0s8: saddr:100932208: daddr:16783984
[  518.442588] AAAAA-TCP_FORW: name:enp0s3: saddr:16783984: daddr:100932208
[  518.551463] AAAAA-TCP_FORW: name:enp0s8: saddr:100932208: daddr:16783984
[  518.633769] AAAAA-TCP_FORW: name:enp0s8: saddr:100932208: daddr:16783984
[  518.635227] AAAAA-TCP_FORW: name:enp0s3: saddr:16783984: daddr:100932208
[  518.736202] AAAAA-TCP_FORW: name:enp0s8: saddr:100932208: daddr:16783984
[  518.772748] AAAAA-TCP_FORW: name:enp0s8: saddr:100932208: daddr:16783984
[  518.773980] AAAAA-TCP_FORW: name:enp0s3: saddr:16783984: daddr:100932208
[  518.848170] AAAAA-TCP_FORW: name:enp0s8: saddr:100932208: daddr:16783984
[  518.918320] AAAAA-TCP_FORW: name:enp0s8: saddr:100932208: daddr:16783984
[  518.919936] AAAAA-TCP_FORW: name:enp0s3: saddr:16783984: daddr:100932208
[  518.958433] AAAAA-TCP_FORW: name:enp0s8: saddr:100932208: daddr:16783984
[  519.008542] AAAAA-TCP_FORW: name:enp0s8: saddr:100932208: daddr:16783984
[  519.009812] AAAAA-TCP_FORW: name:enp0s3: saddr:16783984: daddr:100932208
[  519.096554] AAAAA-TCP_FORW: name:enp0s8: saddr:100932208: daddr:16783984
[  519.139543] AAAAA-TCP_FORW: name:enp0s8: saddr:100932208: daddr:16783984
[  519.140677] AAAAA-TCP_FORW: name:enp0s3: saddr:16783984: daddr:100932208
[  519.230794] AAAAA-TCP_FORW: name:enp0s8: saddr:100932208: daddr:16783984
[  519.275420] AAAAA-TCP_FORW: name:enp0s8: saddr:100932208: daddr:16783984
[  519.276673] AAAAA-TCP_FORW: name:enp0s3: saddr:16783984: daddr:100932208
[  519.399538] AAAAA-TCP_FORW: name:enp0s8: saddr:100932208: daddr:16783984
[  519.459160] AAAAA-TCP_FORW: name:enp0s8: saddr:100932208: daddr:16783984
[  519.460650] AAAAA-TCP_FORW: name:enp0s3: saddr:16783984: daddr:100932208
[  519.489650] AAAAA-TCP_FORW: name:enp0s8: saddr:100932208: daddr:16783984
[  519.582040] AAAAA-TCP_FORW: name:enp0s3: saddr:16783984: daddr:100932208
[  519.612050] AAAAA-TCP_FORW: name:enp0s8: saddr:100932208: daddr:16783984
[  519.661923] AAAAA-TCP_FORW: name:enp0s8: saddr:100932208: daddr:16783984
[  519.662531] AAAAA-TCP_FORW: name:enp0s3: saddr:16783984: daddr:100932208
[  519.765176] AAAAA-TCP_FORW: name:enp0s8: saddr:100932208: daddr:16783984
[  519.826810] AAAAA-TCP_FORW: name:enp0s8: saddr:100932208: daddr:16783984
[  519.828027] AAAAA-TCP_FORW: name:enp0s3: saddr:16783984: daddr:100932208
[  519.916321] AAAAA-TCP_FORW: name:enp0s8: saddr:100932208: daddr:16783984
[  519.984254] AAAAA-TCP_FORW: name:enp0s8: saddr:100932208: daddr:16783984
[  519.985589] AAAAA-TCP_FORW: name:enp0s3: saddr:16783984: daddr:100932208
[  520.031739] AAAAA-TCP_FORW: name:enp0s8: saddr:100932208: daddr:16783984
[  520.126025] AAAAA-TCP_FORW: name:enp0s8: saddr:100932208: daddr:16783984
[  520.127376] AAAAA-TCP_FORW: name:enp0s3: saddr:16783984: daddr:100932208
[  520.185094] AAAAA-TCP_FORW: name:enp0s8: saddr:100932208: daddr:16783984
[  520.260324] AAAAA-TCP_FORW: name:enp0s8: saddr:100932208: daddr:16783984
[  520.261451] AAAAA-TCP_FORW: name:enp0s3: saddr:16783984: daddr:100932208
[  520.330443] AAAAA-TCP_FORW: name:enp0s8: saddr:100932208: daddr:16783984
[  520.449166] AAAAA-TCP_FORW: name:enp0s8: saddr:100932208: daddr:16783984
[  520.450160] AAAAA-TCP_FORW: name:enp0s3: saddr:16783984: daddr:100932208
[  520.542541] AAAAA-TCP_FORW: name:enp0s8: saddr:100932208: daddr:16783984
[  520.585375] AAAAA-TCP_FORW: name:enp0s8: saddr:100932208: daddr:16783984
[  520.586651] AAAAA-TCP_FORW: name:enp0s3: saddr:16783984: daddr:100932208
[  520.651537] AAAAA-TCP_FORW: name:enp0s8: saddr:100932208: daddr:16783984
[  520.693656] AAAAA-TCP_FORW: name:enp0s8: saddr:100932208: daddr:16783984
[  520.694892] AAAAA-TCP_FORW: name:enp0s3: saddr:16783984: daddr:100932208
[  520.773810] AAAAA-TCP_FORW: name:enp0s8: saddr:100932208: daddr:16783984
[  520.798424] AAAAA-TCP_FORW: name:enp0s8: saddr:100932208: daddr:16783984
[  520.799184] AAAAA-TCP_FORW: name:enp0s3: saddr:16783984: daddr:100932208
[  520.878743] AAAAA-TCP_FORW: name:enp0s8: saddr:100932208: daddr:16783984
[  520.905188] AAAAA-TCP_FORW: name:enp0s8: saddr:100932208: daddr:16783984
[  520.905935] AAAAA-TCP_FORW: name:enp0s3: saddr:16783984: daddr:100932208
[  520.958675] AAAAA-TCP_FORW: name:enp0s8: saddr:100932208: daddr:16783984
[  521.009095] AAAAA-TCP_FORW: name:enp0s8: saddr:100932208: daddr:16783984
[  521.010462] AAAAA-TCP_FORW: name:enp0s3: saddr:16783984: daddr:100932208
[  521.126410] AAAAA-TCP_FORW: name:enp0s8: saddr:100932208: daddr:16783984
[  521.159750] AAAAA-TCP_FORW: name:enp0s8: saddr:100932208: daddr:16783984
[  521.160700] AAAAA-TCP_FORW: name:enp0s3: saddr:16783984: daddr:100932208
[  521.229025] AAAAA-TCP_FORW: name:enp0s8: saddr:100932208: daddr:16783984
[  521.263697] AAAAA-TCP_FORW: name:enp0s8: saddr:100932208: daddr:16783984
[  521.264570] AAAAA-TCP_FORW: name:enp0s3: saddr:16783984: daddr:100932208
[  521.355008] AAAAA-TCP_FORW: name:enp0s8: saddr:100932208: daddr:16783984
[  521.377855] AAAAA-TCP_FORW: name:enp0s8: saddr:100932208: daddr:16783984
[  521.379216] AAAAA-TCP_FORW: name:enp0s3: saddr:16783984: daddr:100932208
[  521.470609] AAAAA-TCP_FORW: name:enp0s8: saddr:100932208: daddr:16783984
[  521.489365] AAAAA-TCP_FORW: name:enp0s8: saddr:100932208: daddr:16783984
[  521.490117] AAAAA-TCP_FORW: name:enp0s3: saddr:16783984: daddr:100932208
[  535.713894] AAAAA-TCP_FORW: name:enp0s8: saddr:100932208: daddr:16783984
[  535.715040] AAAAA-TCP_FORW: name:enp0s3: saddr:16783984: daddr:100932208
[  535.844525] AAAAA-TCP_FORW: name:enp0s8: saddr:100932208: daddr:16783984
[  535.845503] AAAAA-TCP_FORW: name:enp0s3: saddr:16783984: daddr:100932208
[  536.413315] AAAAA-TCP_FORW: name:enp0s8: saddr:100932208: daddr:16783984
[  536.414357] AAAAA-TCP_FORW: name:enp0s3: saddr:16783984: daddr:100932208
[  536.528196] AAAAA-TCP_FORW: name:enp0s8: saddr:100932208: daddr:16783984
[  536.529348] AAAAA-TCP_FORW: name:enp0s3: saddr:16783984: daddr:100932208
[  536.573421] AAAAA-TCP_FORW: name:enp0s8: saddr:100932208: daddr:16783984
[  536.574490] AAAAA-TCP_FORW: name:enp0s3: saddr:16783984: daddr:100932208
[  536.731537] AAAAA-TCP_FORW: name:enp0s8: saddr:100932208: daddr:16783984
[  536.732620] AAAAA-TCP_FORW: name:enp0s3: saddr:16783984: daddr:100932208
[  536.907302] AAAAA-TCP_FORW: name:enp0s8: saddr:100932208: daddr:16783984
[  536.908063] AAAAA-TCP_FORW: name:enp0s3: saddr:16783984: daddr:100932208
[  537.169907] AAAAA-TCP_FORW: name:enp0s8: saddr:100932208: daddr:16783984
[  537.170998] AAAAA-TCP_FORW: name:enp0s3: saddr:16783984: daddr:100932208
[  537.218979] AAAAA-TCP_FORW: name:enp0s8: saddr:100932208: daddr:16783984
[  537.220010] AAAAA-TCP_FORW: name:enp0s3: saddr:16783984: daddr:100932208
[  537.364930] AAAAA-TCP_FORW: name:enp0s8: saddr:100932208: daddr:16783984
[  537.365926] AAAAA-TCP_FORW: name:enp0s3: saddr:16783984: daddr:100932208
[  537.474479] AAAAA-TCP_FORW: name:enp0s8: saddr:100932208: daddr:16783984
[  537.475320] AAAAA-TCP_FORW: name:enp0s3: saddr:16783984: daddr:100932208
[  537.475340] AAAAA-TCP_FORW: name:enp0s3: saddr:16783984: daddr:100932208
[  537.475537] AAAAA-TCP_FORW: name:enp0s3: saddr:16783984: daddr:100932208
[  538.000963] AAAAA-TCP_FORW: name:enp0s8: saddr:100932208: daddr:16783984
[  538.002230] AAAAA-TCP_FORW: name:enp0s3: saddr:16783984: daddr:100932208
[  538.071191] AAAAA-TCP_FORW: name:enp0s8: saddr:100932208: daddr:16783984
[  538.072218] AAAAA-TCP_FORW: name:enp0s3: saddr:16783984: daddr:100932208
[  538.164938] AAAAA-TCP_FORW: name:enp0s8: saddr:100932208: daddr:16783984
[  538.165682] AAAAA-TCP_FORW: name:enp0s3: saddr:16783984: daddr:100932208
[  538.315574] AAAAA-TCP_FORW: name:enp0s8: saddr:100932208: daddr:16783984
[  538.316305] AAAAA-TCP_FORW: name:enp0s3: saddr:16783984: daddr:100932208
[  538.382110] AAAAA-TCP_FORW: name:enp0s3: saddr:16783984: daddr:100932208
[  538.674816] AAAAA-TCP_FORW: name:enp0s8: saddr:100932208: daddr:16783984
[  538.675830] AAAAA-TCP_FORW: name:enp0s3: saddr:16783984: daddr:100932208
[  539.246990] AAAAA-TCP_FORW: name:enp0s8: saddr:100932208: daddr:16783984
[  539.248177] AAAAA-TCP_FORW: name:enp0s3: saddr:16783984: daddr:100932208
[  539.363931] AAAAA-TCP_FORW: name:enp0s8: saddr:100932208: daddr:16783984
[  539.365039] AAAAA-TCP_FORW: name:enp0s3: saddr:16783984: daddr:100932208
[  539.613063] AAAAA-TCP_FORW: name:enp0s8: saddr:100932208: daddr:16783984
[  539.614128] AAAAA-TCP_FORW: name:enp0s3: saddr:16783984: daddr:100932208
[  539.629967] AAAAA-TCP_FORW: name:enp0s3: saddr:16783984: daddr:100932208
[  539.725233] AAAAA-TCP_FORW: name:enp0s8: saddr:100932208: daddr:16783984
[  539.726557] AAAAA-TCP_FORW: name:enp0s3: saddr:16783984: daddr:100932208
[  539.868710] AAAAA-TCP_FORW: name:enp0s8: saddr:100932208: daddr:16783984
[  539.870324] AAAAA-TCP_FORW: name:enp0s3: saddr:16783984: daddr:100932208
[  540.034152] AAAAA-TCP_FORW: name:enp0s8: saddr:100932208: daddr:16783984
[  540.035368] AAAAA-TCP_FORW: name:enp0s3: saddr:16783984: daddr:100932208
[  540.390807] AAAAA-TCP_FORW: name:enp0s8: saddr:100932208: daddr:16783984
[  540.392134] AAAAA-TCP_FORW: name:enp0s3: saddr:16783984: daddr:100932208
[  540.495492] AAAAA-TCP_FORW: name:enp0s8: saddr:100932208: daddr:16783984
[  540.496616] AAAAA-TCP_FORW: name:enp0s3: saddr:16783984: daddr:100932208
[  540.652779] AAAAA-TCP_FORW: name:enp0s8: saddr:100932208: daddr:16783984
