[    0.000000] Linux version 5.4.243-tcp (root@ztg) (gcc version 12.2.0 (Debian 12.2.0-14)) #1 SMP Fri Apr 12 08:27:09 CST 2024
[    0.000000] Command line: BOOT_IMAGE=/boot/vmlinuz-5.4.243-tcp root=UUID=98415a12-53b7-4144-8265-0f7ece09e445 ro quiet splash
[    0.000000] KERNEL supported cpus:
[    0.000000]   Intel GenuineIntel
[    0.000000]   AMD AuthenticAMD
[    0.000000]   Hygon HygonGenuine
[    0.000000]   Centaur CentaurHauls
[    0.000000]   zhaoxin   Shanghai  
[    0.000000] x86/fpu: Supporting XSAVE feature 0x001: 'x87 floating point registers'
[    0.000000] x86/fpu: Supporting XSAVE feature 0x002: 'SSE registers'
[    0.000000] x86/fpu: Supporting XSAVE feature 0x004: 'AVX registers'
[    0.000000] x86/fpu: xstate_offset[2]:  576, xstate_sizes[2]:  256
[    0.000000] x86/fpu: Enabled xstate features 0x7, context size is 832 bytes, using 'standard' format.
[    0.000000] BIOS-provided physical RAM map:
[    0.000000] BIOS-e820: [mem 0x0000000000000000-0x000000000009fbff] usable
[    0.000000] BIOS-e820: [mem 0x000000000009fc00-0x000000000009ffff] reserved
[    0.000000] BIOS-e820: [mem 0x00000000000f0000-0x00000000000fffff] reserved
[    0.000000] BIOS-e820: [mem 0x0000000000100000-0x000000007ffeffff] usable
[    0.000000] BIOS-e820: [mem 0x000000007fff0000-0x000000007fffffff] ACPI data
[    0.000000] BIOS-e820: [mem 0x00000000fec00000-0x00000000fec00fff] reserved
[    0.000000] BIOS-e820: [mem 0x00000000fee00000-0x00000000fee00fff] reserved
[    0.000000] BIOS-e820: [mem 0x00000000fffc0000-0x00000000ffffffff] reserved
[    0.000000] NX (Execute Disable) protection: active
[    0.000000] SMBIOS 2.5 present.
[    0.000000] DMI: innotek GmbH VirtualBox/VirtualBox, BIOS VirtualBox 12/01/2006
[    0.000000] Hypervisor detected: KVM
[    0.000000] kvm-clock: Using msrs 4b564d01 and 4b564d00
[    0.000000] kvm-clock: cpu 0, msr 49201001, primary cpu clock
[    0.000000] kvm-clock: using sched offset of 4462998246 cycles
[    0.000003] clocksource: kvm-clock: mask: 0xffffffffffffffff max_cycles: 0x1cd42e4dffb, max_idle_ns: 881590591483 ns
[    0.000006] tsc: Detected 2100.000 MHz processor
[    0.002010] e820: update [mem 0x00000000-0x00000fff] usable ==> reserved
[    0.002013] e820: remove [mem 0x000a0000-0x000fffff] usable
[    0.002017] last_pfn = 0x7fff0 max_arch_pfn = 0x400000000
[    0.002086] MTRR default type: uncachable
[    0.002087] MTRR fixed ranges enabled:
[    0.002088]   00000-9FFFF write-back
[    0.002089]   A0000-BFFFF uncachable
[    0.002090]   C0000-FFFFF write-protect
[    0.002091] MTRR variable ranges enabled:
[    0.002092]   0 base 000000000000 mask 3FFF80000000 write-back
[    0.002093]   1 disabled
[    0.002093]   2 disabled
[    0.002093]   3 disabled
[    0.002094]   4 disabled
[    0.002094]   5 disabled
[    0.002095]   6 disabled
[    0.002095]   7 disabled
[    0.002096]   8 disabled
[    0.002096]   9 disabled
[    0.002096]   10 disabled
[    0.002097]   11 disabled
[    0.002097]   12 disabled
[    0.002098]   13 disabled
[    0.002098]   14 disabled
[    0.002099]   15 disabled
[    0.002115] x86/PAT: Configuration [0-7]: WB  WC  UC- UC  WB  WP  UC- WT  
[    0.002249] found SMP MP-table at [mem 0x0009fff0-0x0009ffff]
[    0.094226] check: Scanning 1 areas for low memory corruption
[    0.094502] RAMDISK: [mem 0x32275000-0x35131fff]
[    0.094510] ACPI: Early table checksum verification disabled
[    0.094517] ACPI: RSDP 0x00000000000E0000 000024 (v02 VBOX  )
[    0.094521] ACPI: XSDT 0x000000007FFF0030 00003C (v01 VBOX   VBOXXSDT 00000001 ASL  00000061)
[    0.094527] ACPI: FACP 0x000000007FFF00F0 0000F4 (v04 VBOX   VBOXFACP 00000001 ASL  00000061)
[    0.094534] ACPI: DSDT 0x000000007FFF02E0 002353 (v02 VBOX   VBOXBIOS 00000002 VBOX 00029BF3)
[    0.094538] ACPI: FACS 0x000000007FFF0200 000040
[    0.094541] ACPI: FACS 0x000000007FFF0200 000040
[    0.094544] ACPI: APIC 0x000000007FFF0240 000054 (v02 VBOX   VBOXAPIC 00000001 ASL  00000061)
[    0.094548] ACPI: SSDT 0x000000007FFF02A0 000038 (v01 VBOX   VBOXCPUT 00000002 VBOX 00029BF3)
[    0.094551] ACPI: Reserving FACP table memory at [mem 0x7fff00f0-0x7fff01e3]
[    0.094552] ACPI: Reserving DSDT table memory at [mem 0x7fff02e0-0x7fff2632]
[    0.094553] ACPI: Reserving FACS table memory at [mem 0x7fff0200-0x7fff023f]
[    0.094554] ACPI: Reserving FACS table memory at [mem 0x7fff0200-0x7fff023f]
[    0.094554] ACPI: Reserving APIC table memory at [mem 0x7fff0240-0x7fff0293]
[    0.094555] ACPI: Reserving SSDT table memory at [mem 0x7fff02a0-0x7fff02d7]
[    0.094569] ACPI: Local APIC address 0xfee00000
[    0.094757] No NUMA configuration found
[    0.094758] Faking a node at [mem 0x0000000000000000-0x000000007ffeffff]
[    0.094768] NODE_DATA(0) allocated [mem 0x7ffc5000-0x7ffeffff]
[    0.095028] Zone ranges:
[    0.095029]   DMA      [mem 0x0000000000001000-0x0000000000ffffff]
[    0.095031]   DMA32    [mem 0x0000000001000000-0x000000007ffeffff]
[    0.095032]   Normal   empty
[    0.095032]   Device   empty
[    0.095033] Movable zone start for each node
[    0.095035] Early memory node ranges
[    0.095036]   node   0: [mem 0x0000000000001000-0x000000000009efff]
[    0.095036]   node   0: [mem 0x0000000000100000-0x000000007ffeffff]
[    0.095039] Zeroed struct page in unavailable ranges: 114 pages
[    0.095040] Initmem setup node 0 [mem 0x0000000000001000-0x000000007ffeffff]
[    0.095041] On node 0 totalpages: 524174
[    0.095043]   DMA zone: 64 pages used for memmap
[    0.095043]   DMA zone: 21 pages reserved
[    0.095044]   DMA zone: 3998 pages, LIFO batch:0
[    0.095114]   DMA32 zone: 8128 pages used for memmap
[    0.095114]   DMA32 zone: 520176 pages, LIFO batch:63
[    0.104061] ACPI: PM-Timer IO Port: 0x4008
[    0.104064] ACPI: Local APIC address 0xfee00000
[    0.104135] IOAPIC[0]: apic_id 1, version 32, address 0xfec00000, GSI 0-23
[    0.104139] ACPI: INT_SRC_OVR (bus 0 bus_irq 0 global_irq 2 dfl dfl)
[    0.104140] ACPI: INT_SRC_OVR (bus 0 bus_irq 9 global_irq 9 low level)
[    0.104142] ACPI: IRQ0 used by override.
[    0.104143] ACPI: IRQ9 used by override.
[    0.104146] Using ACPI (MADT) for SMP configuration information
[    0.104153] smpboot: Allowing 1 CPUs, 0 hotplug CPUs
[    0.104176] PM: Registered nosave memory: [mem 0x00000000-0x00000fff]
[    0.104178] PM: Registered nosave memory: [mem 0x0009f000-0x0009ffff]
[    0.104178] PM: Registered nosave memory: [mem 0x000a0000-0x000effff]
[    0.104179] PM: Registered nosave memory: [mem 0x000f0000-0x000fffff]
[    0.104180] [mem 0x80000000-0xfebfffff] available for PCI devices
[    0.104181] Booting paravirtualized kernel on KVM
[    0.104184] clocksource: refined-jiffies: mask: 0xffffffff max_cycles: 0xffffffff, max_idle_ns: 7645519600211568 ns
[    0.104190] setup_percpu: NR_CPUS:8192 nr_cpumask_bits:1 nr_cpu_ids:1 nr_node_ids:1
[    0.105192] percpu: Embedded 60 pages/cpu s208896 r8192 d28672 u2097152
[    0.105197] pcpu-alloc: s208896 r8192 d28672 u2097152 alloc=1*2097152
[    0.105198] pcpu-alloc: [0] 0 
[    0.105224] Built 1 zonelists, mobility grouping on.  Total pages: 515961
[    0.105225] Policy zone: DMA32
[    0.105226] Kernel command line: BOOT_IMAGE=/boot/vmlinuz-5.4.243-tcp root=UUID=98415a12-53b7-4144-8265-0f7ece09e445 ro quiet splash
[    0.106060] Dentry cache hash table entries: 262144 (order: 9, 2097152 bytes, linear)
[    0.106207] Inode-cache hash table entries: 131072 (order: 8, 1048576 bytes, linear)
[    0.106256] mem auto-init: stack:off, heap alloc:on, heap free:off
[    0.106259] Calgary: detecting Calgary via BIOS EBDA area
[    0.106260] Calgary: Unable to locate Rio Grande table in EBDA - bailing!
[    0.110521] Memory: 1967340K/2096696K available (14339K kernel code, 2392K rwdata, 4692K rodata, 2720K init, 17272K bss, 129356K reserved, 0K cma-reserved)
[    0.111490] SLUB: HWalign=64, Order=0-3, MinObjects=0, CPUs=1, Nodes=1
[    0.111507] ftrace: allocating 42894 entries in 168 pages
[    0.129535] rcu: Hierarchical RCU implementation.
[    0.129537] rcu: 	RCU restricting CPUs from NR_CPUS=8192 to nr_cpu_ids=1.
[    0.129538] 	Tasks RCU enabled.
[    0.129539] rcu: RCU calculated value of scheduler-enlistment delay is 25 jiffies.
[    0.129540] rcu: Adjusting geometry for rcu_fanout_leaf=16, nr_cpu_ids=1
[    0.132567] NR_IRQS: 524544, nr_irqs: 256, preallocated irqs: 16
[    0.132783] random: crng init done
[    0.142438] Console: colour VGA+ 80x25
[    0.142443] printk: console [tty0] enabled
[    0.142468] ACPI: Core revision 20190816
[    0.142625] APIC: Switch to symmetric I/O mode setup
[    0.142879] x2apic enabled
[    0.143118] Switched APIC routing to physical x2apic.
[    0.144258] ..TIMER: vector=0x30 apic1=0 pin1=2 apic2=-1 pin2=-1
[    0.144283] clocksource: tsc-early: mask: 0xffffffffffffffff max_cycles: 0x1e4530a99b6, max_idle_ns: 440795257976 ns
[    0.144289] Calibrating delay loop (skipped) preset value.. 4200.00 BogoMIPS (lpj=8400000)
[    0.144291] pid_max: default: 32768 minimum: 301
[    0.144320] LSM: Security Framework initializing
[    0.144330] Yama: becoming mindful.
[    0.144358] AppArmor: AppArmor initialized
[    0.144392] Mount-cache hash table entries: 4096 (order: 3, 32768 bytes, linear)
[    0.144397] Mountpoint-cache hash table entries: 4096 (order: 3, 32768 bytes, linear)
[    0.144407] *** VALIDATE tmpfs ***
[    0.144540] *** VALIDATE proc ***
[    0.144581] *** VALIDATE cgroup1 ***
[    0.144582] *** VALIDATE cgroup2 ***
[    0.144726] process: using mwait in idle threads
[    0.144731] Last level iTLB entries: 4KB 64, 2MB 8, 4MB 8
[    0.144731] Last level dTLB entries: 4KB 64, 2MB 0, 4MB 0, 1GB 4
[    0.144751] Spectre V1 : Mitigation: usercopy/swapgs barriers and __user pointer sanitization
[    0.144756] Spectre V2 : Mitigation: Retpolines
[    0.144757] Spectre V2 : Spectre v2 / SpectreRSB mitigation: Filling RSB on context switch
[    0.144757] Spectre V2 : Spectre v2 / SpectreRSB : Filling RSB on VMEXIT
[    0.144758] RETBleed: WARNING: Spectre v2 mitigation leaves CPU vulnerable to RETBleed attacks, data leaks possible!
[    0.145111] RETBleed: Vulnerable
[    0.145112] Speculative Store Bypass: Vulnerable
[    0.145117] TAA: Mitigation: TSX disabled
[    0.145117] MMIO Stale Data: Mitigation: Clear CPU buffers
[    0.149321] Freeing SMP alternatives memory: 40K
[    0.261779] smpboot: CPU0: Intel(R) Xeon(R) Silver 4216 CPU @ 2.10GHz (family: 0x6, model: 0x55, stepping: 0x7)
[    0.261936] Performance Events: unsupported p6 CPU model 85 no PMU driver, software events only.
[    0.261974] rcu: Hierarchical SRCU implementation.
[    0.262465] NMI watchdog: Perf NMI watchdog permanently disabled
[    0.262505] smp: Bringing up secondary CPUs ...
[    0.262506] smp: Brought up 1 node, 1 CPU
[    0.262507] smpboot: Max logical packages: 1
[    0.262508] smpboot: Total of 1 processors activated (4200.00 BogoMIPS)
[    0.263500] devtmpfs: initialized
[    0.263549] x86/mm: Memory block size: 128MB
[    0.263913] clocksource: jiffies: mask: 0xffffffff max_cycles: 0xffffffff, max_idle_ns: 7645041785100000 ns
[    0.263919] futex hash table entries: 256 (order: 2, 16384 bytes, linear)
[    0.263963] pinctrl core: initialized pinctrl subsystem
[    0.264067] PM: RTC time: 16:34:37, date: 2026-01-20
[    0.264178] NET: Registered protocol family 16
[    0.264263] audit: initializing netlink subsys (disabled)
[    0.264285] EISA bus registered
[    0.264285] cpuidle: using governor ladder
[    0.264285] cpuidle: using governor menu
[    0.264285] ACPI: bus type PCI registered
[    0.264285] acpiphp: ACPI Hot Plug PCI Controller Driver version: 0.5
[    0.264285] PCI: Using configuration type 1 for base access
[    0.264635] audit: type=2000 audit(1768898083.373:1): state=initialized audit_enabled=0 res=1
[    0.264718] HugeTLB registered 2.00 MiB page size, pre-allocated 0 pages
[    0.265579] ACPI: Added _OSI(Module Device)
[    0.265580] ACPI: Added _OSI(Processor Device)
[    0.265580] ACPI: Added _OSI(3.0 _SCP Extensions)
[    0.265581] ACPI: Added _OSI(Processor Aggregator Device)
[    0.265582] ACPI: Added _OSI(Linux-Dell-Video)
[    0.265583] ACPI: Added _OSI(Linux-Lenovo-NV-HDMI-Audio)
[    0.265583] ACPI: Added _OSI(Linux-HPI-Hybrid-Graphics)
[    0.267561] ACPI: 2 ACPI AML tables successfully acquired and loaded
[    0.269072] ACPI: Interpreter enabled
[    0.269082] ACPI: (supports S0 S5)
[    0.269084] ACPI: Using IOAPIC for interrupt routing
[    0.269298] PCI: Using host bridge windows from ACPI; if necessary, use "pci=nocrs" and report a bug
[    0.269410] ACPI: Enabled 2 GPEs in block 00 to 07
[    0.274442] ACPI: PCI Root Bridge [PCI0] (domain 0000 [bus 00-ff])
[    0.274447] acpi PNP0A03:00: _OSC: OS supports [ASPM ClockPM Segments MSI HPX-Type3]
[    0.274954] acpi PNP0A03:00: _OSC: not requesting OS control; OS requires [ExtendedConfig ASPM ClockPM MSI]
[    0.274965] acpi PNP0A03:00: fail to add MMCONFIG information, can't access extended PCI configuration space under this bridge.
[    0.275435] PCI host bridge to bus 0000:00
[    0.275439] pci_bus 0000:00: root bus resource [io  0x0000-0x0cf7 window]
[    0.275441] pci_bus 0000:00: root bus resource [io  0x0d00-0xffff window]
[    0.275443] pci_bus 0000:00: root bus resource [mem 0x000a0000-0x000bffff window]
[    0.275444] pci_bus 0000:00: root bus resource [mem 0x80000000-0xfdffffff window]
[    0.275446] pci_bus 0000:00: root bus resource [bus 00-ff]
[    0.275498] pci 0000:00:00.0: [8086:1237] type 00 class 0x060000
[    0.276384] pci 0000:00:01.0: [8086:7000] type 00 class 0x060100
[    0.277263] pci 0000:00:01.1: [8086:7111] type 00 class 0x01018a
[    0.277663] pci 0000:00:01.1: reg 0x20: [io  0xd000-0xd00f]
[    0.277846] pci 0000:00:01.1: legacy IDE quirk: reg 0x10: [io  0x01f0-0x01f7]
[    0.277847] pci 0000:00:01.1: legacy IDE quirk: reg 0x14: [io  0x03f6]
[    0.277849] pci 0000:00:01.1: legacy IDE quirk: reg 0x18: [io  0x0170-0x0177]
[    0.277850] pci 0000:00:01.1: legacy IDE quirk: reg 0x1c: [io  0x0376]
[    0.278470] pci 0000:00:02.0: [15ad:0405] type 00 class 0x030000
[    0.280382] pci 0000:00:02.0: reg 0x10: [io  0xd010-0xd01f]
[    0.284333] pci 0000:00:02.0: reg 0x14: [mem 0xe0000000-0xe7ffffff pref]
[    0.288330] pci 0000:00:02.0: reg 0x18: [mem 0xf0000000-0xf01fffff]
[    0.298976] pci 0000:00:03.0: [1022:2000] type 00 class 0x020000
[    0.300440] pci 0000:00:03.0: reg 0x10: [io  0xd020-0xd03f]
[    0.301089] pci 0000:00:03.0: reg 0x14: [mem 0xf0200000-0xf0200fff]
[    0.304746] pci 0000:00:04.0: [80ee:cafe] type 00 class 0x088000
[    0.305443] pci 0000:00:04.0: reg 0x10: [io  0xd040-0xd05f]
[    0.306058] pci 0000:00:04.0: reg 0x14: [mem 0xf0400000-0xf07fffff]
[    0.306666] pci 0000:00:04.0: reg 0x18: [mem 0xf0800000-0xf0803fff pref]
[    0.310231] pci 0000:00:07.0: [8086:7113] type 00 class 0x068000
[    0.310791] pci 0000:00:07.0: quirk: [io  0x4000-0x403f] claimed by PIIX4 ACPI
[    0.310803] pci 0000:00:07.0: quirk: [io  0x4100-0x410f] claimed by PIIX4 SMB
[    0.311427] pci 0000:00:08.0: [8086:100e] type 00 class 0x020000
[    0.312162] pci 0000:00:08.0: reg 0x10: [mem 0xf0820000-0xf083ffff]
[    0.312977] pci 0000:00:08.0: reg 0x18: [io  0xd060-0xd067]
[    0.316354] pci 0000:00:09.0: [8086:100e] type 00 class 0x020000
[    0.317080] pci 0000:00:09.0: reg 0x10: [mem 0xf0840000-0xf085ffff]
[    0.318237] pci 0000:00:09.0: reg 0x18: [io  0xd068-0xd06f]
[    0.329211] ACPI: PCI Interrupt Link [LNKA] (IRQs 5 9 10 *11)
[    0.329491] ACPI: PCI Interrupt Link [LNKB] (IRQs 5 9 *10 11)
[    0.329595] ACPI: PCI Interrupt Link [LNKC] (IRQs 5 *9 10 11)
[    0.329698] ACPI: PCI Interrupt Link [LNKD] (IRQs 5 9 10 *11)
[    0.329971] iommu: Default domain type: Translated 
[    0.330035] pci 0000:00:02.0: vgaarb: setting as boot VGA device
[    0.330037] pci 0000:00:02.0: vgaarb: VGA device added: decodes=io+mem,owns=io+mem,locks=none
[    0.330039] pci 0000:00:02.0: vgaarb: bridge control possible
[    0.330039] vgaarb: loaded
[    0.330254] SCSI subsystem initialized
[    0.330287] libata version 3.00 loaded.
[    0.330313] ACPI: bus type USB registered
[    0.330327] usbcore: registered new interface driver usbfs
[    0.330333] usbcore: registered new interface driver hub
[    0.330338] usbcore: registered new device driver usb
[    0.330365] pps_core: LinuxPPS API ver. 1 registered
[    0.330366] pps_core: Software ver. 5.3.6 - Copyright 2005-2007 Rodolfo Giometti <giometti@linux.it>
[    0.330368] PTP clock support registered
[    0.330405] EDAC MC: Ver: 3.0.0
[    0.330709] PCI: Using ACPI for IRQ routing
[    0.330710] PCI: pci_cache_line_size set to 64 bytes
[    0.330967] e820: reserve RAM buffer [mem 0x0009fc00-0x0009ffff]
[    0.330979] e820: reserve RAM buffer [mem 0x7fff0000-0x7fffffff]
[    0.331175] NetLabel: Initializing
[    0.331176] NetLabel:  domain hash size = 128
[    0.331176] NetLabel:  protocols = UNLABELED CIPSOv4 CALIPSO
[    0.331201] NetLabel:  unlabeled traffic allowed by default
[    0.332285] clocksource: Switched to clocksource kvm-clock
[    0.340666] *** VALIDATE bpf ***
[    0.340666] VFS: Disk quotas dquot_6.6.0
[    0.340666] VFS: Dquot-cache hash table entries: 512 (order 0, 4096 bytes)
[    0.340666] *** VALIDATE ramfs ***
[    0.340666] *** VALIDATE hugetlbfs ***
[    0.340666] AppArmor: AppArmor Filesystem Enabled
[    0.340666] pnp: PnP ACPI init
[    0.340666] pnp 00:00: Plug and Play ACPI device, IDs PNP0303 (active)
[    0.343405] pnp 00:01: Plug and Play ACPI device, IDs PNP0f03 (active)
[    0.344206] pnp: PnP ACPI: found 2 devices
[    0.345170] thermal_sys: Registered thermal governor 'fair_share'
[    0.345170] thermal_sys: Registered thermal governor 'bang_bang'
[    0.345171] thermal_sys: Registered thermal governor 'step_wise'
[    0.345172] thermal_sys: Registered thermal governor 'user_space'
[    0.345172] thermal_sys: Registered thermal governor 'power_allocator'
[    0.349707] clocksource: acpi_pm: mask: 0xffffff max_cycles: 0xffffff, max_idle_ns: 2085701024 ns
[    0.349748] pci_bus 0000:00: resource 4 [io  0x0000-0x0cf7 window]
[    0.349750] pci_bus 0000:00: resource 5 [io  0x0d00-0xffff window]
[    0.349751] pci_bus 0000:00: resource 6 [mem 0x000a0000-0x000bffff window]
[    0.349752] pci_bus 0000:00: resource 7 [mem 0x80000000-0xfdffffff window]
[    0.349815] NET: Registered protocol family 2
[    0.349892] IP idents hash table entries: 32768 (order: 6, 262144 bytes, linear)
[    0.350272] tcp_listen_portaddr_hash hash table entries: 1024 (order: 2, 16384 bytes, linear)
[    0.350352] TCP established hash table entries: 16384 (order: 5, 131072 bytes, linear)
[    0.350418] TCP bind hash table entries: 16384 (order: 6, 262144 bytes, linear)
[    0.350444] TCP: Hash tables configured (established 16384 bind 16384)
[    0.350487] UDP hash table entries: 1024 (order: 3, 32768 bytes, linear)
[    0.350499] UDP-Lite hash table entries: 1024 (order: 3, 32768 bytes, linear)
[    0.350527] NET: Registered protocol family 1
[    0.350535] NET: Registered protocol family 44
[    0.350561] pci 0000:00:00.0: Limiting direct PCI/PCI transfers
[    0.350573] pci 0000:00:01.0: Activating ISA DMA hang workarounds
[    0.350630] pci 0000:00:02.0: Video device with shadowed ROM at [mem 0x000c0000-0x000dffff]
[    0.350693] PCI: CLS 0 bytes, default 64
[    0.350741] Trying to unpack rootfs image as initramfs...
[    0.527571] Freeing initrd memory: 47860K
[    0.527571] clocksource: tsc: mask: 0xffffffffffffffff max_cycles: 0x1e4530a99b6, max_idle_ns: 440795257976 ns
[    0.527571] clocksource: Switched to clocksource tsc
[    0.527571] platform rtc_cmos: registered platform RTC device (no PNP device found)
[    0.527571] check: Scanning for low memory corruption every 60 seconds
[    0.527571] Initialise system trusted keyrings
[    0.527571] Key type blacklist registered
[    0.527571] workingset: timestamp_bits=36 max_order=19 bucket_order=0
[    0.527571] zbud: loaded
[    0.527571] squashfs: version 4.0 (2009/01/31) Phillip Lougher
[    0.527571] fuse: init (API version 7.31)
[    0.527571] *** VALIDATE fuse ***
[    0.527571] *** VALIDATE fuse ***
[    0.527571] Platform Keyring initialized
[    0.527571] Key type asymmetric registered
[    0.527571] Asymmetric key parser 'x509' registered
[    0.527571] Block layer SCSI generic (bsg) driver version 0.4 loaded (major 244)
[    0.527571] io scheduler mq-deadline registered
[    0.527571] shpchp: Standard Hot Plug PCI Controller Driver version: 0.4
[    0.538819] ACPI: AC Adapter [AC] (on-line)
[    0.538866] input: Power Button as /devices/LNXSYSTM:00/LNXPWRBN:00/input/input0
[    0.538893] ACPI: Power Button [PWRF]
[    0.538976] input: Sleep Button as /devices/LNXSYSTM:00/LNXSLPBN:00/input/input1
[    0.538989] ACPI: Sleep Button [SLPF]
[    0.539241] Serial: 8250/16550 driver, 32 ports, IRQ sharing enabled
[    0.540386] Linux agpgart interface v0.103
[    0.635548] loop: module loaded
[    0.635703] ata_piix 0000:00:01.1: version 2.13
[    0.636109] scsi host0: ata_piix
[    0.636204] scsi host1: ata_piix
[    0.636231] ata1: PATA max UDMA/33 cmd 0x1f0 ctl 0x3f6 bmdma 0xd000 irq 14
[    0.636232] ata2: PATA max UDMA/33 cmd 0x170 ctl 0x376 bmdma 0xd008 irq 15
[    0.636313] tun: Universal TUN/TAP device driver, 1.6
[    0.636620] PPP generic driver version 2.4.2
[    0.636665] VFIO - User Level meta-driver version: 0.3
[    0.636907] ehci_hcd: USB 2.0 'Enhanced' Host Controller (EHCI) Driver
[    0.636913] ehci-pci: EHCI PCI platform driver
[    0.636927] ehci-platform: EHCI generic platform driver
[    0.636933] ohci_hcd: USB 1.1 'Open' Host Controller (OHCI) Driver
[    0.636934] ohci-pci: OHCI PCI platform driver
[    0.636940] ohci-platform: OHCI generic platform driver
[    0.636944] uhci_hcd: USB Universal Host Controller Interface driver
[    0.637005] i8042: PNP: PS/2 Controller [PNP0303:PS2K,PNP0f03:PS2M] at 0x60,0x64 irq 1,12
[    0.637448] serio: i8042 KBD port at 0x60,0x64 irq 1
[    0.637452] serio: i8042 AUX port at 0x60,0x64 irq 12
[    0.637542] mousedev: PS/2 mouse device common for all mice
[    0.637822] input: AT Translated Set 2 keyboard as /devices/platform/i8042/serio0/input/input2
[    0.638230] rtc_cmos rtc_cmos: registered as rtc0
[    0.638244] rtc_cmos rtc_cmos: alarms up to one day, 114 bytes nvram
[    0.638250] i2c /dev entries driver
[    0.638297] device-mapper: uevent: version 1.0.3
[    0.638340] device-mapper: ioctl: 4.41.0-ioctl (2019-09-16) initialised: dm-devel@redhat.com
[    0.638359] platform eisa.0: Probing EISA bus 0
[    0.638361] platform eisa.0: EISA: Cannot allocate resource for mainboard
[    0.638362] platform eisa.0: Cannot allocate resource for EISA slot 1
[    0.638363] platform eisa.0: Cannot allocate resource for EISA slot 2
[    0.638364] platform eisa.0: Cannot allocate resource for EISA slot 3
[    0.638364] platform eisa.0: Cannot allocate resource for EISA slot 4
[    0.638365] platform eisa.0: Cannot allocate resource for EISA slot 5
[    0.638366] platform eisa.0: Cannot allocate resource for EISA slot 6
[    0.638367] platform eisa.0: Cannot allocate resource for EISA slot 7
[    0.638368] platform eisa.0: Cannot allocate resource for EISA slot 8
[    0.638369] platform eisa.0: EISA: Detected 0 cards
[    0.638372] intel_pstate: CPU model not supported
[    0.638381] ledtrig-cpu: registered to indicate activity on CPUs
[    0.638434] drop_monitor: Initializing network drop monitor service
[    0.638594] NET: Registered protocol family 10
[    0.643684] Segment Routing with IPv6
[    0.643684] NET: Registered protocol family 17
[    0.643684] Key type dns_resolver registered
[    0.643684] RAS: Correctable Errors collector initialized.
[    0.643684] IPI shorthand broadcast: enabled
[    0.643684] sched_clock: Marking stable (628171790, 11512400)->(644324908, -4640718)
[    0.643989] registered taskstats version 1
[    0.643999] Loading compiled-in X.509 certificates
[    0.644585] Loaded X.509 cert 'Build time autogenerated kernel key: 0a9e52cc6eb58eed9b63e328679db6d5d5216245'
[    0.644603] zswap: loaded using pool lzo/zbud
[    0.644655] Key type ._fscrypt registered
[    0.644656] Key type .fscrypt registered
[    0.649148] Key type big_key registered
[    0.651369] Key type encrypted registered
[    0.651372] AppArmor: AppArmor sha1 policy hashing enabled
[    0.651378] ima: No TPM chip found, activating TPM-bypass!
[    0.651382] ima: Allocated hash algorithm: sha1
[    0.651387] ima: No architecture policies found
[    0.651396] evm: Initialising EVM extended attributes:
[    0.651396] evm: security.selinux
[    0.651397] evm: security.SMACK64
[    0.651397] evm: security.SMACK64EXEC
[    0.651398] evm: security.SMACK64TRANSMUTE
[    0.651398] evm: security.SMACK64MMAP
[    0.651398] evm: security.apparmor
[    0.651399] evm: security.ima
[    0.651399] evm: security.capability
[    0.651400] evm: HMAC attrs: 0x1
[    0.651704] PM:   Magic number: 10:199:591
[    0.651806] rtc_cmos rtc_cmos: setting system clock to 2026-01-20T16:34:38 UTC (1768926878)
[    0.808697] ata1.00: ATA-6: VBOX HARDDISK, 1.0, max UDMA/133
[    0.808701] ata1.00: 209715200 sectors, multi 128: LBA 
[    0.809375] scsi 0:0:0:0: Direct-Access     ATA      VBOX HARDDISK    1.0  PQ: 0 ANSI: 5
[    0.809676] sd 0:0:0:0: [sda] 209715200 512-byte logical blocks: (107 GB/100 GiB)
[    0.809689] sd 0:0:0:0: [sda] Write Protect is off
[    0.809692] sd 0:0:0:0: [sda] Mode Sense: 00 3a 00 00
[    0.809712] sd 0:0:0:0: [sda] Write cache: enabled, read cache: enabled, doesn't support DPO or FUA
[    0.809961] sd 0:0:0:0: Attached scsi generic sg0 type 0
[    0.810914]  sda: sda1 sda2
[    0.819820] sd 0:0:0:0: [sda] Attached SCSI disk
[    0.823627] Freeing unused decrypted memory: 2040K
[    0.824677] Freeing unused kernel image memory: 2720K
[    0.824680] Write protecting the kernel read-only data: 22528k
[    0.825853] Freeing unused kernel image memory: 2036K
[    0.826486] Freeing unused kernel image memory: 1452K
[    0.857399] x86/mm: Checked W+X mappings: passed, no W+X pages found.
[    0.857404] Run /init as init process
[    0.958998] ACPI: Video Device [GFX0] (multi-head: yes  rom: no  post: no)
[    0.959071] input: Video Bus as /devices/LNXSYSTM:00/LNXSYBUS:00/PNP0A03:00/LNXVIDEO:00/input/input4
[    0.972206] pcnet32: pcnet32.c:v1.35 21.Apr.2008 tsbogend@alpha.franken.de
[    0.973783] piix4_smbus 0000:00:07.0: SMBus Host Controller at 0x4100, revision 0
[    0.976340] e1000: Intel(R) PRO/1000 Network Driver - version 7.3.21-k8-NAPI
[    0.976341] e1000: Copyright (c) 1999-2006 Intel Corporation.
[    0.985017] pcnet32: PCnet/FAST III 79C973 at 0xd020, 08:00:27:77:6a:a8 assigned IRQ 19
[    0.985059] pcnet32: Found PHY 0022:561b at address 0
[    0.985353] pcnet32: eth0: registered as PCnet/FAST III 79C973
[    0.992568] pcnet32: 1 cards_found
[    1.053169] pcnet32 0000:00:03.0 enp0s3: renamed from eth0
[    1.187425] input: ImExPS/2 Generic Explorer Mouse as /devices/platform/i8042/serio1/input/input5
[    1.383877] e1000 0000:00:08.0 eth0: (PCI:33MHz:32-bit) 08:00:27:ce:f4:38
[    1.383881] e1000 0000:00:08.0 eth0: Intel(R) PRO/1000 Network Connection
[    1.752039] e1000 0000:00:09.0 eth1: (PCI:33MHz:32-bit) 08:00:27:bc:97:a2
[    1.752042] e1000 0000:00:09.0 eth1: Intel(R) PRO/1000 Network Connection
[    1.753124] e1000 0000:00:09.0 enp0s9: renamed from eth1
[    1.754937] e1000 0000:00:08.0 enp0s8: renamed from eth0
[    1.900569] EXT4-fs (sda2): mounted filesystem with ordered data mode. Opts: (null)
[    1.984216] systemd[1]: Inserted module 'autofs4'
[    1.994151] systemd[1]: systemd 245.4-4ubuntu3 running in system mode. (+PAM +AUDIT +SELINUX +IMA +APPARMOR +SMACK +SYSVINIT +UTMP +LIBCRYPTSETUP +GCRYPT +GNUTLS +ACL +XZ +LZ4 +SECCOMP +BLKID +ELFUTILS +KMOD +IDN2 -IDN +PCRE2 default-hierarchy=hybrid)
[    1.994181] systemd[1]: Detected virtualization oracle.
[    1.994184] systemd[1]: Detected architecture x86-64.
[    1.995495] systemd[1]: Set hostname to <ztg>.
[    2.119335] systemd[1]: /lib/systemd/system/dbus.socket:5: ListenStream= references a path below legacy directory /var/run/, updating /var/run/dbus/system_bus_socket â†’ /run/dbus/system_bus_socket; please update the unit file accordingly.
[    2.171792] systemd[1]: Created slice system-modprobe.slice.
[    2.171988] systemd[1]: Created slice User and Session Slice.
[    2.172034] systemd[1]: Started Forward Password Requests to Wall Directory Watch.
[    2.172194] systemd[1]: Set up automount Arbitrary Executable File Formats File System Automount Point.
[    2.172228] systemd[1]: Reached target User and Group Name Lookups.
[    2.172238] systemd[1]: Reached target Remote File Systems.
[    2.172247] systemd[1]: Reached target Slices.
[    2.172769] systemd[1]: Listening on Syslog Socket.
[    2.172851] systemd[1]: Listening on fsck to fsckd communication Socket.
[    2.172916] systemd[1]: Listening on initctl Compatibility Named Pipe.
[    2.173105] systemd[1]: Listening on Journal Audit Socket.
[    2.173187] systemd[1]: Listening on Journal Socket (/dev/log).
[    2.173291] systemd[1]: Listening on Journal Socket.
[    2.173398] systemd[1]: Listening on udev Control Socket.
[    2.173445] systemd[1]: Listening on udev Kernel Socket.
[    2.174236] systemd[1]: Mounting Huge Pages File System...
[    2.175207] systemd[1]: Mounting POSIX Message Queue File System...
[    2.176200] systemd[1]: Mounting Kernel Debug File System...
[    2.177048] systemd[1]: Mounting Kernel Trace File System...
[    2.179240] systemd[1]: Starting Journal Service...
[    2.202792] systemd[1]: Starting Set the console keyboard layout...
[    2.210857] systemd[1]: Starting Create list of static device nodes for the current kernel...
[    2.212868] systemd[1]: Starting Load Kernel Module drm...
[    2.213870] systemd[1]: Condition check resulted in Set Up Additional Binary Formats being skipped.
[    2.213917] systemd[1]: Condition check resulted in File System Check on Root Device being skipped.
[    2.227070] systemd[1]: Starting Load Kernel Modules...
[    2.232466] systemd[1]: Starting Remount Root and Kernel File Systems...
[    2.243536] systemd[1]: Starting udev Coldplug all Devices...
[    2.255774] systemd[1]: Starting Uncomplicated firewall...
[    2.257307] systemd[1]: Mounted Huge Pages File System.
[    2.257393] systemd[1]: Mounted POSIX Message Queue File System.
[    2.257464] systemd[1]: Mounted Kernel Debug File System.
[    2.257538] systemd[1]: Mounted Kernel Trace File System.
[    2.257904] EXT4-fs (sda2): re-mounted. Opts: errors=remount-ro
[    2.279539] systemd[1]: Finished Create list of static device nodes for the current kernel.
[    2.280495] systemd[1]: modprobe@drm.service: Succeeded.
[    2.295252] systemd[1]: Finished Load Kernel Module drm.
[    2.296133] systemd[1]: Finished Remount Root and Kernel File Systems.
[    2.297180] systemd[1]: Finished Uncomplicated firewall.
[    2.314616] lp: driver loaded but no devices found
[    2.315914] systemd[1]: Condition check resulted in Rebuild Hardware Database being skipped.
[    2.315972] systemd[1]: Condition check resulted in Platform Persistent Storage Archival being skipped.
[    2.316729] systemd[1]: Starting Load/Save Random Seed...
[    2.322345] systemd[1]: Starting Create System Users...
[    2.332805] systemd[1]: Finished Load/Save Random Seed.
[    2.333895] ppdev: user-space parallel port driver
[    2.356428] systemd[1]: Finished Create System Users.
[    2.357195] systemd[1]: Starting Create Static Device Nodes in /dev...
[    2.375699] systemd[1]: Finished Create Static Device Nodes in /dev.
[    2.376562] systemd[1]: Starting udev Kernel Device Manager...
[    2.406693] systemd[1]: Finished udev Coldplug all Devices.
[    2.414652] [drm] DMA map mode: Caching DMA mappings.
[    2.414714] [drm] Capabilities:
[    2.414714] [drm]   Rect copy.
[    2.414715] [drm]   Cursor.
[    2.414715] [drm]   Cursor bypass.
[    2.414715] [drm]   Cursor bypass 2.
[    2.414716] [drm]   Alpha cursor.
[    2.414716] [drm]   Extended Fifo.
[    2.414717] [drm]   Pitchlock.
[    2.414717] [drm]   Irq mask.
[    2.414717] [drm]   GMR.
[    2.414718] [drm]   Traces.
[    2.414718] [drm]   GMR2.
[    2.414718] [drm]   Screen Object 2.
[    2.414719] [drm]   Command Buffers.
[    2.414719] [drm]   Command Buffers 2.
[    2.414719] [drm]   Guest Backed Resources.
[    2.414720] [drm] Max GMR ids is 8192
[    2.414721] [drm] Max number of GMR pages is 1048576
[    2.414721] [drm] Max dedicated hypervisor surface memory is 393216 kiB
[    2.414722] [drm] Maximum display memory size is 131072 kiB
[    2.414722] [drm] VRAM at 0xe0000000 size is 131072 kiB
[    2.414723] [drm] MMIO at 0xf0000000 size is 2048 kiB
[    2.419888] [TTM] Zone  kernel: Available graphics memory: 1011744 KiB
[    2.419889] [TTM] Initializing pool allocator
[    2.419893] [TTM] Initializing DMA pool allocator
[    2.419921] [drm] Supports vblank timestamp caching Rev 2 (21.10.2013).
[    2.419921] [drm] No driver support for vblank timestamp query.
[    2.420148] [drm] Screen Target Display device initialized
[    2.420351] [drm] width 720
[    2.420360] [drm] height 400
[    2.420363] [drm] bpp 32
[    2.420899] [drm] Fifo max 0x00200000 min 0x00001000 cap 0x00000355
[    2.421991] [drm] Using command buffers with DMA pool.
[    2.421996] [drm] DX: no.
[    2.421996] [drm] Atomic: yes.
[    2.421996] [drm] SM4_1: no.
[    2.422016] [drm:vmw_host_log [vmwgfx]] *ERROR* Failed to send host log message.
[    2.422919] [drm:vmw_host_log [vmwgfx]] *ERROR* Failed to send host log message.
[    2.439972] fbcon: svgadrmfb (fb0) is primary device
[    2.442133] Console: switching to colour frame buffer device 100x37
[    2.474320] [drm] Initialized vmwgfx 2.15.0 20180704 for 0000:00:02.0 on minor 0
[    2.475794] systemd[1]: Finished Load Kernel Modules.
[    2.476734] systemd[1]: Mounting FUSE Control File System...
[    2.477891] systemd[1]: Mounting Kernel Configuration File System...
[    2.488977] systemd[1]: Starting Apply Kernel Variables...
[    2.496423] systemd[1]: Mounted FUSE Control File System.
[    2.496494] systemd[1]: Condition check resulted in VMware vmblock fuse mount being skipped.
[    2.498015] systemd[1]: Mounted Kernel Configuration File System.
[    2.512137] systemd[1]: Finished Set the console keyboard layout.
[    2.512231] systemd[1]: Reached target Local File Systems (Pre).
[    2.515733] systemd[1]: Mounting Mount unit for bare, revision 5...
[    2.517600] systemd[1]: Mounting Mount unit for core18, revision 1705...
[    2.518857] systemd[1]: Mounting Mount unit for gnome-3-34-1804, revision 24...
[    2.527394] systemd[1]: Mounting Mount unit for gtk-common-themes, revision 1506...
[    2.553415] systemd[1]: Mounting Mount unit for gtk-common-themes, revision 1535...
[    2.563123] systemd[1]: Mounting Mount unit for snap-store, revision 433...
[    2.569777] systemd[1]: Mounting Mount unit for snapd, revision 7264...
[    2.576294] systemd[1]: Finished Apply Kernel Variables.
[    2.606087] systemd[1]: Started udev Kernel Device Manager.
[    2.606199] systemd[1]: Mounted Mount unit for bare, revision 5.
[    2.606286] systemd[1]: Mounted Mount unit for core18, revision 1705.
[    2.610442] systemd[1]: Starting Show Plymouth Boot Screen...
[    2.610637] systemd[1]: Mounted Mount unit for gnome-3-34-1804, revision 24.
[    2.614901] systemd[1]: Received SIGRTMIN+20 from PID 278 (plymouthd).
[    2.635598] systemd[1]: Started Show Plymouth Boot Screen.
[    2.635764] systemd[1]: Condition check resulted in Dispatch Password Requests to Console Directory Watch being skipped.
[    2.635850] systemd[1]: Started Forward Password Requests to Plymouth Directory Watch.
[    2.635901] systemd[1]: Reached target Local Encrypted Volumes.
[    2.691210] systemd[1]: Mounted Mount unit for gtk-common-themes, revision 1506.
[    2.691470] systemd[1]: Mounted Mount unit for snap-store, revision 433.
[    2.691650] systemd[1]: Mounted Mount unit for snapd, revision 7264.
[    2.712753] systemd[1]: Mounted Mount unit for gtk-common-themes, revision 1535.
[    2.712985] systemd[1]: Reached target Local File Systems.
[    2.713875] systemd[1]: Starting Load AppArmor profiles...
[    2.716399] systemd[1]: Starting Set console font and keymap...
[    2.726861] systemd[1]: Starting Tell Plymouth To Write Out Runtime Data...
[    2.732603] systemd[1]: Condition check resulted in Store a System Token in an EFI Variable being skipped.
[    2.732634] systemd[1]: Condition check resulted in Commit a transient machine-id on disk being skipped.
[    2.733517] systemd[1]: Finished Set console font and keymap.
[    2.753910] systemd[1]: Received SIGRTMIN+20 from PID 278 (plymouthd).
[    2.754520] systemd[1]: plymouth-read-write.service: Succeeded.
[    2.754767] systemd[1]: Finished Tell Plymouth To Write Out Runtime Data.
[    2.777294] audit: type=1400 audit(1768926880.620:2): apparmor="STATUS" operation="profile_load" profile="unconfined" name="nvidia_modprobe" pid=298 comm="apparmor_parser"
[    2.777297] audit: type=1400 audit(1768926880.620:3): apparmor="STATUS" operation="profile_load" profile="unconfined" name="nvidia_modprobe//kmod" pid=298 comm="apparmor_parser"
[    2.783909] audit: type=1400 audit(1768926880.628:4): apparmor="STATUS" operation="profile_load" profile="unconfined" name="/usr/sbin/tcpdump" pid=299 comm="apparmor_parser"
[    2.833840] audit: type=1400 audit(1768926880.668:5): apparmor="STATUS" operation="profile_load" profile="unconfined" name="/usr/bin/evince" pid=301 comm="apparmor_parser"
[    2.833842] audit: type=1400 audit(1768926880.668:6): apparmor="STATUS" operation="profile_load" profile="unconfined" name="/usr/bin/evince//sanitized_helper" pid=301 comm="apparmor_parser"
[    2.833843] audit: type=1400 audit(1768926880.668:7): apparmor="STATUS" operation="profile_load" profile="unconfined" name="/usr/bin/evince-previewer" pid=301 comm="apparmor_parser"
[    2.833845] audit: type=1400 audit(1768926880.668:8): apparmor="STATUS" operation="profile_load" profile="unconfined" name="/usr/bin/evince-previewer//sanitized_helper" pid=301 comm="apparmor_parser"
[    2.833846] audit: type=1400 audit(1768926880.668:9): apparmor="STATUS" operation="profile_load" profile="unconfined" name="/usr/bin/evince-thumbnailer" pid=301 comm="apparmor_parser"
[    2.849541] audit: type=1400 audit(1768926880.696:10): apparmor="STATUS" operation="profile_load" profile="unconfined" name="/usr/lib/cups/backend/cups-pdf" pid=302 comm="apparmor_parser"
[    2.928242] systemd[1]: Finished Load AppArmor profiles.
[    2.929167] systemd[1]: Starting Load AppArmor profiles managed internally by snapd...
[    2.995749] systemd[1]: Finished Load AppArmor profiles managed internally by snapd.
[    3.172218] systemd[1]: Started Journal Service.
[    3.180746] systemd-journald[228]: Received client request to flush runtime journal.
[    3.185452] systemd-journald[228]: File /var/log/journal/c455b248004a419c87ce85eea238d727/system.journal corrupted or uncleanly shut down, renaming and replacing.
[    4.463216] RAPL PMU: API unit is 2^-32 Joules, 0 fixed counters, 10737418240 ms ovfl timer
[    4.488420] cryptd: max_cpu_qlen set to 1000
[    4.561240] AVX2 version of gcm_enc/dec engaged.
[    4.561241] AES CTR mode by8 optimization enabled
[    5.348565] Adding 1998844k swap on /dev/sda1.  Priority:-2 extents:1 across:1998844k FS
[    6.774867] kauditd_printk_skb: 30 callbacks suppressed
[    6.774869] audit: type=1400 audit(1768926884.616:41): apparmor="DENIED" operation="capable" profile="/usr/sbin/cups-browsed" pid=495 comm="cups-browsed" capability=23  capname="sys_nice"
[    7.503837] pcnet32 0000:00:03.0 enp0s3: link up, 100Mbps, full-duplex
[    7.543064] e1000: enp0s8 NIC Link is Up 1000 Mbps Full Duplex, Flow Control: RX
[    7.545838] IPv6: ADDRCONF(NETDEV_CHANGE): enp0s8: link becomes ready
[    7.554001] e1000: enp0s9 NIC Link is Up 1000 Mbps Full Duplex, Flow Control: RX
[    7.554316] IPv6: ADDRCONF(NETDEV_CHANGE): enp0s9: link becomes ready
[    8.082941] device enp0s3 entered promiscuous mode
[    8.108932] audit: type=1400 audit(1768926885.956:42): apparmor="DENIED" operation="open" profile="/usr/sbin/tcpdump" name="/proc/sys/kernel/random/boot_id" pid=685 comm="tcpdump" requested_mask="r" denied_mask="r" fsuid=0 ouid=0
[    8.109174] audit: type=1400 audit(1768926885.956:43): apparmor="DENIED" operation="open" profile="/usr/sbin/tcpdump" name="/proc/sys/kernel/random/boot_id" pid=685 comm="tcpdump" requested_mask="r" denied_mask="r" fsuid=0 ouid=0
[    8.109216] audit: type=1400 audit(1768926885.956:44): apparmor="DENIED" operation="open" profile="/usr/sbin/tcpdump" name="/proc/sys/kernel/random/boot_id" pid=685 comm="tcpdump" requested_mask="r" denied_mask="r" fsuid=0 ouid=0
[    8.109270] audit: type=1400 audit(1768926885.956:45): apparmor="DENIED" operation="open" profile="/usr/sbin/tcpdump" name="/proc/sys/kernel/random/boot_id" pid=685 comm="tcpdump" requested_mask="r" denied_mask="r" fsuid=0 ouid=0
[    8.110583] audit: type=1400 audit(1768926885.956:46): apparmor="DENIED" operation="open" profile="/usr/sbin/tcpdump" name="/proc/sys/kernel/random/boot_id" pid=686 comm="tcpdump" requested_mask="r" denied_mask="r" fsuid=0 ouid=0
[    8.110752] audit: type=1400 audit(1768926885.956:47): apparmor="DENIED" operation="open" profile="/usr/sbin/tcpdump" name="/proc/sys/kernel/random/boot_id" pid=686 comm="tcpdump" requested_mask="r" denied_mask="r" fsuid=0 ouid=0
[    8.110824] audit: type=1400 audit(1768926885.956:48): apparmor="DENIED" operation="open" profile="/usr/sbin/tcpdump" name="/proc/sys/kernel/random/boot_id" pid=686 comm="tcpdump" requested_mask="r" denied_mask="r" fsuid=0 ouid=0
[    8.110907] audit: type=1400 audit(1768926885.956:49): apparmor="DENIED" operation="open" profile="/usr/sbin/tcpdump" name="/proc/sys/kernel/random/boot_id" pid=686 comm="tcpdump" requested_mask="r" denied_mask="r" fsuid=0 ouid=0
[   12.525186] rfkill: input handler disabled
[  560.388407] rfkill: input handler enabled
[  568.770891] rfkill: input handler disabled
[  752.228592] device enp0s3 left promiscuous mode
