[    0.000000] Linux version 5.4.243-tcp (root@ztg) (gcc version 12.2.0 (Debian 12.2.0-14)) #1 SMP Fri Apr 12 08:27:09 CST 2024
[    0.000000] Command line: BOOT_IMAGE=/boot/vmlinuz-5.4.243-tcp root=UUID=98415a12-53b7-4144-8265-0f7ece09e445 ro quiet splash
[    0.000000] KERNEL supported cpus:
[    0.000000]   Intel GenuineIntel
[    0.000000]   AMD AuthenticAMD
[    0.000000]   Hygon HygonGenuine
[    0.000000]   Centaur CentaurHauls
[    0.000000]   zhaoxin   Shanghai  
[    0.000000] x86/fpu: Supporting XSAVE feature 0x001: 'x87 floating point registers'
[    0.000000] x86/fpu: Supporting XSAVE feature 0x002: 'SSE registers'
[    0.000000] x86/fpu: Supporting XSAVE feature 0x004: 'AVX registers'
[    0.000000] x86/fpu: xstate_offset[2]:  576, xstate_sizes[2]:  256
[    0.000000] x86/fpu: Enabled xstate features 0x7, context size is 832 bytes, using 'standard' format.
[    0.000000] BIOS-provided physical RAM map:
[    0.000000] BIOS-e820: [mem 0x0000000000000000-0x000000000009fbff] usable
[    0.000000] BIOS-e820: [mem 0x000000000009fc00-0x000000000009ffff] reserved
[    0.000000] BIOS-e820: [mem 0x00000000000f0000-0x00000000000fffff] reserved
[    0.000000] BIOS-e820: [mem 0x0000000000100000-0x000000007ffeffff] usable
[    0.000000] BIOS-e820: [mem 0x000000007fff0000-0x000000007fffffff] ACPI data
[    0.000000] BIOS-e820: [mem 0x00000000fec00000-0x00000000fec00fff] reserved
[    0.000000] BIOS-e820: [mem 0x00000000fee00000-0x00000000fee00fff] reserved
[    0.000000] BIOS-e820: [mem 0x00000000fffc0000-0x00000000ffffffff] reserved
[    0.000000] NX (Execute Disable) protection: active
[    0.000000] SMBIOS 2.5 present.
[    0.000000] DMI: innotek GmbH VirtualBox/VirtualBox, BIOS VirtualBox 12/01/2006
[    0.000000] Hypervisor detected: KVM
[    0.000000] kvm-clock: Using msrs 4b564d01 and 4b564d00
[    0.000001] kvm-clock: cpu 0, msr 30801001, primary cpu clock
[    0.000001] kvm-clock: using sched offset of 4425016515 cycles
[    0.000003] clocksource: kvm-clock: mask: 0xffffffffffffffff max_cycles: 0x1cd42e4dffb, max_idle_ns: 881590591483 ns
[    0.000006] tsc: Detected 2100.000 MHz processor
[    0.001945] e820: update [mem 0x00000000-0x00000fff] usable ==> reserved
[    0.001947] e820: remove [mem 0x000a0000-0x000fffff] usable
[    0.001951] last_pfn = 0x7fff0 max_arch_pfn = 0x400000000
[    0.002021] MTRR default type: uncachable
[    0.002021] MTRR fixed ranges enabled:
[    0.002023]   00000-9FFFF write-back
[    0.002023]   A0000-BFFFF uncachable
[    0.002024]   C0000-FFFFF write-protect
[    0.002025] MTRR variable ranges enabled:
[    0.002026]   0 base 000000000000 mask 3FFF80000000 write-back
[    0.002027]   1 disabled
[    0.002028]   2 disabled
[    0.002028]   3 disabled
[    0.002028]   4 disabled
[    0.002029]   5 disabled
[    0.002029]   6 disabled
[    0.002030]   7 disabled
[    0.002030]   8 disabled
[    0.002030]   9 disabled
[    0.002031]   10 disabled
[    0.002031]   11 disabled
[    0.002032]   12 disabled
[    0.002032]   13 disabled
[    0.002033]   14 disabled
[    0.002033]   15 disabled
[    0.002049] x86/PAT: Configuration [0-7]: WB  WC  UC- UC  WB  WP  UC- WT  
[    0.002183] found SMP MP-table at [mem 0x0009fff0-0x0009ffff]
[    0.091458] check: Scanning 1 areas for low memory corruption
[    0.091634] RAMDISK: [mem 0x32275000-0x35131fff]
[    0.091642] ACPI: Early table checksum verification disabled
[    0.091648] ACPI: RSDP 0x00000000000E0000 000024 (v02 VBOX  )
[    0.091653] ACPI: XSDT 0x000000007FFF0030 00003C (v01 VBOX   VBOXXSDT 00000001 ASL  00000061)
[    0.091660] ACPI: FACP 0x000000007FFF00F0 0000F4 (v04 VBOX   VBOXFACP 00000001 ASL  00000061)
[    0.091667] ACPI: DSDT 0x000000007FFF02E0 002353 (v02 VBOX   VBOXBIOS 00000002 VBOX 00029BF3)
[    0.091671] ACPI: FACS 0x000000007FFF0200 000040
[    0.091674] ACPI: FACS 0x000000007FFF0200 000040
[    0.091677] ACPI: APIC 0x000000007FFF0240 000054 (v02 VBOX   VBOXAPIC 00000001 ASL  00000061)
[    0.091681] ACPI: SSDT 0x000000007FFF02A0 000038 (v01 VBOX   VBOXCPUT 00000002 VBOX 00029BF3)
[    0.091684] ACPI: Reserving FACP table memory at [mem 0x7fff00f0-0x7fff01e3]
[    0.091685] ACPI: Reserving DSDT table memory at [mem 0x7fff02e0-0x7fff2632]
[    0.091685] ACPI: Reserving FACS table memory at [mem 0x7fff0200-0x7fff023f]
[    0.091686] ACPI: Reserving FACS table memory at [mem 0x7fff0200-0x7fff023f]
[    0.091687] ACPI: Reserving APIC table memory at [mem 0x7fff0240-0x7fff0293]
[    0.091688] ACPI: Reserving SSDT table memory at [mem 0x7fff02a0-0x7fff02d7]
[    0.091702] ACPI: Local APIC address 0xfee00000
[    0.091892] No NUMA configuration found
[    0.091893] Faking a node at [mem 0x0000000000000000-0x000000007ffeffff]
[    0.091903] NODE_DATA(0) allocated [mem 0x7ffc5000-0x7ffeffff]
[    0.092165] Zone ranges:
[    0.092166]   DMA      [mem 0x0000000000001000-0x0000000000ffffff]
[    0.092167]   DMA32    [mem 0x0000000001000000-0x000000007ffeffff]
[    0.092168]   Normal   empty
[    0.092169]   Device   empty
[    0.092169] Movable zone start for each node
[    0.092171] Early memory node ranges
[    0.092172]   node   0: [mem 0x0000000000001000-0x000000000009efff]
[    0.092173]   node   0: [mem 0x0000000000100000-0x000000007ffeffff]
[    0.092176] Zeroed struct page in unavailable ranges: 114 pages
[    0.092177] Initmem setup node 0 [mem 0x0000000000001000-0x000000007ffeffff]
[    0.092178] On node 0 totalpages: 524174
[    0.092180]   DMA zone: 64 pages used for memmap
[    0.092180]   DMA zone: 21 pages reserved
[    0.092181]   DMA zone: 3998 pages, LIFO batch:0
[    0.092251]   DMA32 zone: 8128 pages used for memmap
[    0.092251]   DMA32 zone: 520176 pages, LIFO batch:63
[    0.101203] ACPI: PM-Timer IO Port: 0x4008
[    0.101207] ACPI: Local APIC address 0xfee00000
[    0.101277] IOAPIC[0]: apic_id 1, version 32, address 0xfec00000, GSI 0-23
[    0.101280] ACPI: INT_SRC_OVR (bus 0 bus_irq 0 global_irq 2 dfl dfl)
[    0.101282] ACPI: INT_SRC_OVR (bus 0 bus_irq 9 global_irq 9 low level)
[    0.101284] ACPI: IRQ0 used by override.
[    0.101285] ACPI: IRQ9 used by override.
[    0.101288] Using ACPI (MADT) for SMP configuration information
[    0.101295] smpboot: Allowing 1 CPUs, 0 hotplug CPUs
[    0.101319] PM: Registered nosave memory: [mem 0x00000000-0x00000fff]
[    0.101320] PM: Registered nosave memory: [mem 0x0009f000-0x0009ffff]
[    0.101320] PM: Registered nosave memory: [mem 0x000a0000-0x000effff]
[    0.101321] PM: Registered nosave memory: [mem 0x000f0000-0x000fffff]
[    0.101323] [mem 0x80000000-0xfebfffff] available for PCI devices
[    0.101324] Booting paravirtualized kernel on KVM
[    0.101327] clocksource: refined-jiffies: mask: 0xffffffff max_cycles: 0xffffffff, max_idle_ns: 7645519600211568 ns
[    0.101332] setup_percpu: NR_CPUS:8192 nr_cpumask_bits:1 nr_cpu_ids:1 nr_node_ids:1
[    0.102330] percpu: Embedded 60 pages/cpu s208896 r8192 d28672 u2097152
[    0.102335] pcpu-alloc: s208896 r8192 d28672 u2097152 alloc=1*2097152
[    0.102336] pcpu-alloc: [0] 0 
[    0.102363] Built 1 zonelists, mobility grouping on.  Total pages: 515961
[    0.102364] Policy zone: DMA32
[    0.102365] Kernel command line: BOOT_IMAGE=/boot/vmlinuz-5.4.243-tcp root=UUID=98415a12-53b7-4144-8265-0f7ece09e445 ro quiet splash
[    0.103220] Dentry cache hash table entries: 262144 (order: 9, 2097152 bytes, linear)
[    0.103367] Inode-cache hash table entries: 131072 (order: 8, 1048576 bytes, linear)
[    0.103419] mem auto-init: stack:off, heap alloc:on, heap free:off
[    0.103421] Calgary: detecting Calgary via BIOS EBDA area
[    0.103422] Calgary: Unable to locate Rio Grande table in EBDA - bailing!
[    0.107491] Memory: 1967340K/2096696K available (14339K kernel code, 2392K rwdata, 4692K rodata, 2720K init, 17272K bss, 129356K reserved, 0K cma-reserved)
[    0.108409] SLUB: HWalign=64, Order=0-3, MinObjects=0, CPUs=1, Nodes=1
[    0.108427] ftrace: allocating 42894 entries in 168 pages
[    0.126231] rcu: Hierarchical RCU implementation.
[    0.126233] rcu: 	RCU restricting CPUs from NR_CPUS=8192 to nr_cpu_ids=1.
[    0.126234] 	Tasks RCU enabled.
[    0.126235] rcu: RCU calculated value of scheduler-enlistment delay is 25 jiffies.
[    0.126236] rcu: Adjusting geometry for rcu_fanout_leaf=16, nr_cpu_ids=1
[    0.129207] NR_IRQS: 524544, nr_irqs: 256, preallocated irqs: 16
[    0.129424] random: crng init done
[    0.138793] Console: colour VGA+ 80x25
[    0.138797] printk: console [tty0] enabled
[    0.138818] ACPI: Core revision 20190816
[    0.138937] APIC: Switch to symmetric I/O mode setup
[    0.139199] x2apic enabled
[    0.139437] Switched APIC routing to physical x2apic.
[    0.140570] ..TIMER: vector=0x30 apic1=0 pin1=2 apic2=-1 pin2=-1
[    0.140597] clocksource: tsc-early: mask: 0xffffffffffffffff max_cycles: 0x1e4530a99b6, max_idle_ns: 440795257976 ns
[    0.140602] Calibrating delay loop (skipped) preset value.. 4200.00 BogoMIPS (lpj=8400000)
[    0.140604] pid_max: default: 32768 minimum: 301
[    0.140632] LSM: Security Framework initializing
[    0.140642] Yama: becoming mindful.
[    0.140669] AppArmor: AppArmor initialized
[    0.140702] Mount-cache hash table entries: 4096 (order: 3, 32768 bytes, linear)
[    0.140706] Mountpoint-cache hash table entries: 4096 (order: 3, 32768 bytes, linear)
[    0.140716] *** VALIDATE tmpfs ***
[    0.140846] *** VALIDATE proc ***
[    0.140886] *** VALIDATE cgroup1 ***
[    0.140887] *** VALIDATE cgroup2 ***
[    0.141027] process: using mwait in idle threads
[    0.141032] Last level iTLB entries: 4KB 64, 2MB 8, 4MB 8
[    0.141033] Last level dTLB entries: 4KB 64, 2MB 0, 4MB 0, 1GB 4
[    0.141053] Spectre V1 : Mitigation: usercopy/swapgs barriers and __user pointer sanitization
[    0.141058] Spectre V2 : Mitigation: Retpolines
[    0.141059] Spectre V2 : Spectre v2 / SpectreRSB mitigation: Filling RSB on context switch
[    0.141059] Spectre V2 : Spectre v2 / SpectreRSB : Filling RSB on VMEXIT
[    0.141060] RETBleed: WARNING: Spectre v2 mitigation leaves CPU vulnerable to RETBleed attacks, data leaks possible!
[    0.141417] RETBleed: Vulnerable
[    0.141417] Speculative Store Bypass: Vulnerable
[    0.141422] TAA: Mitigation: TSX disabled
[    0.141422] MMIO Stale Data: Mitigation: Clear CPU buffers
[    0.145634] Freeing SMP alternatives memory: 40K
[    0.257804] smpboot: CPU0: Intel(R) Xeon(R) Silver 4216 CPU @ 2.10GHz (family: 0x6, model: 0x55, stepping: 0x7)
[    0.257953] Performance Events: unsupported p6 CPU model 85 no PMU driver, software events only.
[    0.257990] rcu: Hierarchical SRCU implementation.
[    0.258516] NMI watchdog: Perf NMI watchdog permanently disabled
[    0.258557] smp: Bringing up secondary CPUs ...
[    0.258558] smp: Brought up 1 node, 1 CPU
[    0.258559] smpboot: Max logical packages: 1
[    0.258561] smpboot: Total of 1 processors activated (4200.00 BogoMIPS)
[    0.259529] devtmpfs: initialized
[    0.259576] x86/mm: Memory block size: 128MB
[    0.259928] clocksource: jiffies: mask: 0xffffffff max_cycles: 0xffffffff, max_idle_ns: 7645041785100000 ns
[    0.259934] futex hash table entries: 256 (order: 2, 16384 bytes, linear)
[    0.259978] pinctrl core: initialized pinctrl subsystem
[    0.260080] PM: RTC time: 16:34:25, date: 2026-01-20
[    0.260188] NET: Registered protocol family 16
[    0.260260] audit: initializing netlink subsys (disabled)
[    0.260388] EISA bus registered
[    0.260389] cpuidle: using governor ladder
[    0.260390] cpuidle: using governor menu
[    0.260428] ACPI: bus type PCI registered
[    0.260430] acpiphp: ACPI Hot Plug PCI Controller Driver version: 0.5
[    0.260551] PCI: Using configuration type 1 for base access
[    0.260896] audit: type=2000 audit(1768898071.571:1): state=initialized audit_enabled=0 res=1
[    0.260977] HugeTLB registered 2.00 MiB page size, pre-allocated 0 pages
[    0.261794] ACPI: Added _OSI(Module Device)
[    0.261795] ACPI: Added _OSI(Processor Device)
[    0.261796] ACPI: Added _OSI(3.0 _SCP Extensions)
[    0.261796] ACPI: Added _OSI(Processor Aggregator Device)
[    0.261797] ACPI: Added _OSI(Linux-Dell-Video)
[    0.261798] ACPI: Added _OSI(Linux-Lenovo-NV-HDMI-Audio)
[    0.261799] ACPI: Added _OSI(Linux-HPI-Hybrid-Graphics)
[    0.263792] ACPI: 2 ACPI AML tables successfully acquired and loaded
[    0.265640] ACPI: Interpreter enabled
[    0.265656] ACPI: (supports S0 S5)
[    0.265658] ACPI: Using IOAPIC for interrupt routing
[    0.265917] PCI: Using host bridge windows from ACPI; if necessary, use "pci=nocrs" and report a bug
[    0.266028] ACPI: Enabled 2 GPEs in block 00 to 07
[    0.271601] ACPI: PCI Root Bridge [PCI0] (domain 0000 [bus 00-ff])
[    0.271607] acpi PNP0A03:00: _OSC: OS supports [ASPM ClockPM Segments MSI HPX-Type3]
[    0.272100] acpi PNP0A03:00: _OSC: not requesting OS control; OS requires [ExtendedConfig ASPM ClockPM MSI]
[    0.272111] acpi PNP0A03:00: fail to add MMCONFIG information, can't access extended PCI configuration space under this bridge.
[    0.272507] PCI host bridge to bus 0000:00
[    0.272509] pci_bus 0000:00: root bus resource [io  0x0000-0x0cf7 window]
[    0.272511] pci_bus 0000:00: root bus resource [io  0x0d00-0xffff window]
[    0.272512] pci_bus 0000:00: root bus resource [mem 0x000a0000-0x000bffff window]
[    0.272513] pci_bus 0000:00: root bus resource [mem 0x80000000-0xfdffffff window]
[    0.272514] pci_bus 0000:00: root bus resource [bus 00-ff]
[    0.272560] pci 0000:00:00.0: [8086:1237] type 00 class 0x060000
[    0.273657] pci 0000:00:01.0: [8086:7000] type 00 class 0x060100
[    0.274517] pci 0000:00:01.1: [8086:7111] type 00 class 0x01018a
[    0.274923] pci 0000:00:01.1: reg 0x20: [io  0xd000-0xd00f]
[    0.275088] pci 0000:00:01.1: legacy IDE quirk: reg 0x10: [io  0x01f0-0x01f7]
[    0.275089] pci 0000:00:01.1: legacy IDE quirk: reg 0x14: [io  0x03f6]
[    0.275090] pci 0000:00:01.1: legacy IDE quirk: reg 0x18: [io  0x0170-0x0177]
[    0.275091] pci 0000:00:01.1: legacy IDE quirk: reg 0x1c: [io  0x0376]
[    0.275707] pci 0000:00:02.0: [15ad:0405] type 00 class 0x030000
[    0.278708] pci 0000:00:02.0: reg 0x10: [io  0xd010-0xd01f]
[    0.280599] pci 0000:00:02.0: reg 0x14: [mem 0xe0000000-0xe7ffffff pref]
[    0.284640] pci 0000:00:02.0: reg 0x18: [mem 0xf0000000-0xf01fffff]
[    0.297395] pci 0000:00:03.0: [1022:2000] type 00 class 0x020000
[    0.298196] pci 0000:00:03.0: reg 0x10: [io  0xd020-0xd03f]
[    0.298863] pci 0000:00:03.0: reg 0x14: [mem 0xf0200000-0xf0200fff]
[    0.303174] pci 0000:00:04.0: [80ee:cafe] type 00 class 0x088000
[    0.303866] pci 0000:00:04.0: reg 0x10: [io  0xd040-0xd05f]
[    0.304476] pci 0000:00:04.0: reg 0x14: [mem 0xf0400000-0xf07fffff]
[    0.304713] pci 0000:00:04.0: reg 0x18: [mem 0xf0800000-0xf0803fff pref]
[    0.308249] pci 0000:00:07.0: [8086:7113] type 00 class 0x068000
[    0.308843] pci 0000:00:07.0: quirk: [io  0x4000-0x403f] claimed by PIIX4 ACPI
[    0.308854] pci 0000:00:07.0: quirk: [io  0x4100-0x410f] claimed by PIIX4 SMB
[    0.309468] pci 0000:00:08.0: [8086:100e] type 00 class 0x020000
[    0.310177] pci 0000:00:08.0: reg 0x10: [mem 0xf0820000-0xf083ffff]
[    0.311344] pci 0000:00:08.0: reg 0x18: [io  0xd060-0xd067]
[    0.314822] pci 0000:00:09.0: [8086:100e] type 00 class 0x020000
[    0.315550] pci 0000:00:09.0: reg 0x10: [mem 0xf0840000-0xf085ffff]
[    0.316711] pci 0000:00:09.0: reg 0x18: [io  0xd068-0xd06f]
[    0.325629] ACPI: PCI Interrupt Link [LNKA] (IRQs 5 9 10 *11)
[    0.325910] ACPI: PCI Interrupt Link [LNKB] (IRQs 5 9 *10 11)
[    0.326015] ACPI: PCI Interrupt Link [LNKC] (IRQs 5 *9 10 11)
[    0.326118] ACPI: PCI Interrupt Link [LNKD] (IRQs 5 9 10 *11)
[    0.326394] iommu: Default domain type: Translated 
[    0.328641] pci 0000:00:02.0: vgaarb: setting as boot VGA device
[    0.328643] pci 0000:00:02.0: vgaarb: VGA device added: decodes=io+mem,owns=io+mem,locks=none
[    0.328645] pci 0000:00:02.0: vgaarb: bridge control possible
[    0.328646] vgaarb: loaded
[    0.328882] SCSI subsystem initialized
[    0.328927] libata version 3.00 loaded.
[    0.328954] ACPI: bus type USB registered
[    0.328969] usbcore: registered new interface driver usbfs
[    0.328977] usbcore: registered new interface driver hub
[    0.328983] usbcore: registered new device driver usb
[    0.329016] pps_core: LinuxPPS API ver. 1 registered
[    0.329017] pps_core: Software ver. 5.3.6 - Copyright 2005-2007 Rodolfo Giometti <giometti@linux.it>
[    0.329019] PTP clock support registered
[    0.329057] EDAC MC: Ver: 3.0.0
[    0.329351] PCI: Using ACPI for IRQ routing
[    0.329353] PCI: pci_cache_line_size set to 64 bytes
[    0.329527] e820: reserve RAM buffer [mem 0x0009fc00-0x0009ffff]
[    0.329531] e820: reserve RAM buffer [mem 0x7fff0000-0x7fffffff]
[    0.329656] NetLabel: Initializing
[    0.329656] NetLabel:  domain hash size = 128
[    0.329657] NetLabel:  protocols = UNLABELED CIPSOv4 CALIPSO
[    0.329676] NetLabel:  unlabeled traffic allowed by default
[    0.331310] clocksource: Switched to clocksource kvm-clock
[    0.343139] *** VALIDATE bpf ***
[    0.343205] VFS: Disk quotas dquot_6.6.0
[    0.343218] VFS: Dquot-cache hash table entries: 512 (order 0, 4096 bytes)
[    0.343242] *** VALIDATE ramfs ***
[    0.343245] *** VALIDATE hugetlbfs ***
[    0.343329] AppArmor: AppArmor Filesystem Enabled
[    0.343359] pnp: PnP ACPI init
[    0.343406] pnp 00:00: Plug and Play ACPI device, IDs PNP0303 (active)
[    0.343406] pnp 00:01: Plug and Play ACPI device, IDs PNP0f03 (active)
[    0.343406] pnp: PnP ACPI: found 2 devices
[    0.345394] thermal_sys: Registered thermal governor 'fair_share'
[    0.345395] thermal_sys: Registered thermal governor 'bang_bang'
[    0.345396] thermal_sys: Registered thermal governor 'step_wise'
[    0.345397] thermal_sys: Registered thermal governor 'user_space'
[    0.345397] thermal_sys: Registered thermal governor 'power_allocator'
[    0.349958] clocksource: acpi_pm: mask: 0xffffff max_cycles: 0xffffff, max_idle_ns: 2085701024 ns
[    0.350000] pci_bus 0000:00: resource 4 [io  0x0000-0x0cf7 window]
[    0.350002] pci_bus 0000:00: resource 5 [io  0x0d00-0xffff window]
[    0.350003] pci_bus 0000:00: resource 6 [mem 0x000a0000-0x000bffff window]
[    0.350004] pci_bus 0000:00: resource 7 [mem 0x80000000-0xfdffffff window]
[    0.350069] NET: Registered protocol family 2
[    0.350148] IP idents hash table entries: 32768 (order: 6, 262144 bytes, linear)
[    0.350532] tcp_listen_portaddr_hash hash table entries: 1024 (order: 2, 16384 bytes, linear)
[    0.350612] TCP established hash table entries: 16384 (order: 5, 131072 bytes, linear)
[    0.350680] TCP bind hash table entries: 16384 (order: 6, 262144 bytes, linear)
[    0.350706] TCP: Hash tables configured (established 16384 bind 16384)
[    0.350749] UDP hash table entries: 1024 (order: 3, 32768 bytes, linear)
[    0.350760] UDP-Lite hash table entries: 1024 (order: 3, 32768 bytes, linear)
[    0.350788] NET: Registered protocol family 1
[    0.350795] NET: Registered protocol family 44
[    0.350824] pci 0000:00:00.0: Limiting direct PCI/PCI transfers
[    0.350837] pci 0000:00:01.0: Activating ISA DMA hang workarounds
[    0.350895] pci 0000:00:02.0: Video device with shadowed ROM at [mem 0x000c0000-0x000dffff]
[    0.350958] PCI: CLS 0 bytes, default 64
[    0.351012] Trying to unpack rootfs image as initramfs...
[    0.535558] Freeing initrd memory: 47860K
[    0.535558] clocksource: tsc: mask: 0xffffffffffffffff max_cycles: 0x1e4530a99b6, max_idle_ns: 440795257976 ns
[    0.535558] clocksource: Switched to clocksource tsc
[    0.535558] platform rtc_cmos: registered platform RTC device (no PNP device found)
[    0.535558] check: Scanning for low memory corruption every 60 seconds
[    0.535558] Initialise system trusted keyrings
[    0.535558] Key type blacklist registered
[    0.535558] workingset: timestamp_bits=36 max_order=19 bucket_order=0
[    0.535558] zbud: loaded
[    0.535558] squashfs: version 4.0 (2009/01/31) Phillip Lougher
[    0.535558] fuse: init (API version 7.31)
[    0.535558] *** VALIDATE fuse ***
[    0.535558] *** VALIDATE fuse ***
[    0.535558] Platform Keyring initialized
[    0.551254] Key type asymmetric registered
[    0.551255] Asymmetric key parser 'x509' registered
[    0.551265] Block layer SCSI generic (bsg) driver version 0.4 loaded (major 244)
[    0.551313] io scheduler mq-deadline registered
[    0.551441] shpchp: Standard Hot Plug PCI Controller Driver version: 0.4
[    0.551716] ACPI: AC Adapter [AC] (on-line)
[    0.551770] input: Power Button as /devices/LNXSYSTM:00/LNXPWRBN:00/input/input0
[    0.551806] ACPI: Power Button [PWRF]
[    0.551904] input: Sleep Button as /devices/LNXSYSTM:00/LNXSLPBN:00/input/input1
[    0.551921] ACPI: Sleep Button [SLPF]
[    0.552197] Serial: 8250/16550 driver, 32 ports, IRQ sharing enabled
[    0.553794] Linux agpgart interface v0.103
[    0.649639] loop: module loaded
[    0.649812] ata_piix 0000:00:01.1: version 2.13
[    0.650231] scsi host0: ata_piix
[    0.650330] scsi host1: ata_piix
[    0.650358] ata1: PATA max UDMA/33 cmd 0x1f0 ctl 0x3f6 bmdma 0xd000 irq 14
[    0.650359] ata2: PATA max UDMA/33 cmd 0x170 ctl 0x376 bmdma 0xd008 irq 15
[    0.650439] tun: Universal TUN/TAP device driver, 1.6
[    0.650749] PPP generic driver version 2.4.2
[    0.650794] VFIO - User Level meta-driver version: 0.3
[    0.651036] ehci_hcd: USB 2.0 'Enhanced' Host Controller (EHCI) Driver
[    0.651043] ehci-pci: EHCI PCI platform driver
[    0.651057] ehci-platform: EHCI generic platform driver
[    0.651062] ohci_hcd: USB 1.1 'Open' Host Controller (OHCI) Driver
[    0.651065] ohci-pci: OHCI PCI platform driver
[    0.651070] ohci-platform: OHCI generic platform driver
[    0.651075] uhci_hcd: USB Universal Host Controller Interface driver
[    0.651136] i8042: PNP: PS/2 Controller [PNP0303:PS2K,PNP0f03:PS2M] at 0x60,0x64 irq 1,12
[    0.651591] serio: i8042 KBD port at 0x60,0x64 irq 1
[    0.651596] serio: i8042 AUX port at 0x60,0x64 irq 12
[    0.651688] mousedev: PS/2 mouse device common for all mice
[    0.651941] input: AT Translated Set 2 keyboard as /devices/platform/i8042/serio0/input/input2
[    0.652338] rtc_cmos rtc_cmos: registered as rtc0
[    0.652351] rtc_cmos rtc_cmos: alarms up to one day, 114 bytes nvram
[    0.652356] i2c /dev entries driver
[    0.652403] device-mapper: uevent: version 1.0.3
[    0.652445] device-mapper: ioctl: 4.41.0-ioctl (2019-09-16) initialised: dm-devel@redhat.com
[    0.652463] platform eisa.0: Probing EISA bus 0
[    0.652464] platform eisa.0: EISA: Cannot allocate resource for mainboard
[    0.652465] platform eisa.0: Cannot allocate resource for EISA slot 1
[    0.652466] platform eisa.0: Cannot allocate resource for EISA slot 2
[    0.652467] platform eisa.0: Cannot allocate resource for EISA slot 3
[    0.652468] platform eisa.0: Cannot allocate resource for EISA slot 4
[    0.652469] platform eisa.0: Cannot allocate resource for EISA slot 5
[    0.652470] platform eisa.0: Cannot allocate resource for EISA slot 6
[    0.652471] platform eisa.0: Cannot allocate resource for EISA slot 7
[    0.652472] platform eisa.0: Cannot allocate resource for EISA slot 8
[    0.652473] platform eisa.0: EISA: Detected 0 cards
[    0.652476] intel_pstate: CPU model not supported
[    0.652485] ledtrig-cpu: registered to indicate activity on CPUs
[    0.652535] drop_monitor: Initializing network drop monitor service
[    0.652696] NET: Registered protocol family 10
[    0.657821] Segment Routing with IPv6
[    0.657848] NET: Registered protocol family 17
[    0.657882] Key type dns_resolver registered
[    0.657984] RAS: Correctable Errors collector initialized.
[    0.657997] IPI shorthand broadcast: enabled
[    0.658012] sched_clock: Marking stable (644237782, 11184624)->(657756380, -2333974)
[    0.658061] registered taskstats version 1
[    0.658072] Loading compiled-in X.509 certificates
[    0.658658] Loaded X.509 cert 'Build time autogenerated kernel key: 0a9e52cc6eb58eed9b63e328679db6d5d5216245'
[    0.658676] zswap: loaded using pool lzo/zbud
[    0.658731] Key type ._fscrypt registered
[    0.658731] Key type .fscrypt registered
[    0.663489] Key type big_key registered
[    0.666383] Key type encrypted registered
[    0.666387] AppArmor: AppArmor sha1 policy hashing enabled
[    0.666396] ima: No TPM chip found, activating TPM-bypass!
[    0.666401] ima: Allocated hash algorithm: sha1
[    0.666408] ima: No architecture policies found
[    0.666419] evm: Initialising EVM extended attributes:
[    0.666420] evm: security.selinux
[    0.666421] evm: security.SMACK64
[    0.666422] evm: security.SMACK64EXEC
[    0.666422] evm: security.SMACK64TRANSMUTE
[    0.666423] evm: security.SMACK64MMAP
[    0.666424] evm: security.apparmor
[    0.666424] evm: security.ima
[    0.666425] evm: security.capability
[    0.666426] evm: HMAC attrs: 0x1
[    0.666805] PM:   Magic number: 10:199:591
[    0.666952] rtc_cmos rtc_cmos: setting system clock to 2026-01-20T16:34:26 UTC (1768926866)
[    0.819069] ata1.00: ATA-6: VBOX HARDDISK, 1.0, max UDMA/133
[    0.819072] ata1.00: 209715200 sectors, multi 128: LBA 
[    0.819570] scsi 0:0:0:0: Direct-Access     ATA      VBOX HARDDISK    1.0  PQ: 0 ANSI: 5
[    0.819820] sd 0:0:0:0: [sda] 209715200 512-byte logical blocks: (107 GB/100 GiB)
[    0.819831] sd 0:0:0:0: [sda] Write Protect is off
[    0.819833] sd 0:0:0:0: [sda] Mode Sense: 00 3a 00 00
[    0.819849] sd 0:0:0:0: [sda] Write cache: enabled, read cache: enabled, doesn't support DPO or FUA
[    0.820063] sd 0:0:0:0: Attached scsi generic sg0 type 0
[    0.820666]  sda: sda1 sda2
[    0.831377] sd 0:0:0:0: [sda] Attached SCSI disk
[    0.833150] Freeing unused decrypted memory: 2040K
[    0.833885] Freeing unused kernel image memory: 2720K
[    0.833887] Write protecting the kernel read-only data: 22528k
[    0.834534] Freeing unused kernel image memory: 2036K
[    0.834915] Freeing unused kernel image memory: 1452K
[    0.847865] x86/mm: Checked W+X mappings: passed, no W+X pages found.
[    0.847868] Run /init as init process
[    0.940751] ACPI: Video Device [GFX0] (multi-head: yes  rom: no  post: no)
[    0.940825] input: Video Bus as /devices/LNXSYSTM:00/LNXSYBUS:00/PNP0A03:00/LNXVIDEO:00/input/input4
[    0.952427] pcnet32: pcnet32.c:v1.35 21.Apr.2008 tsbogend@alpha.franken.de
[    0.954107] piix4_smbus 0000:00:07.0: SMBus Host Controller at 0x4100, revision 0
[    0.958261] e1000: Intel(R) PRO/1000 Network Driver - version 7.3.21-k8-NAPI
[    0.958262] e1000: Copyright (c) 1999-2006 Intel Corporation.
[    0.965338] pcnet32: PCnet/FAST III 79C973 at 0xd020, 08:00:27:f2:64:7b assigned IRQ 19
[    0.965383] pcnet32: Found PHY 0022:561b at address 0
[    0.965687] pcnet32: eth0: registered as PCnet/FAST III 79C973
[    0.972968] pcnet32: 1 cards_found
[    1.031478] pcnet32 0000:00:03.0 enp0s3: renamed from eth0
[    1.173648] input: ImExPS/2 Generic Explorer Mouse as /devices/platform/i8042/serio1/input/input5
[    1.367957] e1000 0000:00:08.0 eth0: (PCI:33MHz:32-bit) 08:00:27:be:df:60
[    1.367963] e1000 0000:00:08.0 eth0: Intel(R) PRO/1000 Network Connection
[    1.739687] e1000 0000:00:09.0 eth1: (PCI:33MHz:32-bit) 08:00:27:96:47:55
[    1.739689] e1000 0000:00:09.0 eth1: Intel(R) PRO/1000 Network Connection
[    1.740852] e1000 0000:00:09.0 enp0s9: renamed from eth1
[    1.742651] e1000 0000:00:08.0 enp0s8: renamed from eth0
[    1.901073] EXT4-fs (sda2): mounted filesystem with ordered data mode. Opts: (null)
[    1.997927] systemd[1]: Inserted module 'autofs4'
[    2.012143] systemd[1]: systemd 245.4-4ubuntu3 running in system mode. (+PAM +AUDIT +SELINUX +IMA +APPARMOR +SMACK +SYSVINIT +UTMP +LIBCRYPTSETUP +GCRYPT +GNUTLS +ACL +XZ +LZ4 +SECCOMP +BLKID +ELFUTILS +KMOD +IDN2 -IDN +PCRE2 default-hierarchy=hybrid)
[    2.012175] systemd[1]: Detected virtualization oracle.
[    2.012178] systemd[1]: Detected architecture x86-64.
[    2.013528] systemd[1]: Set hostname to <ztg>.
[    2.144695] systemd[1]: /lib/systemd/system/dbus.socket:5: ListenStream= references a path below legacy directory /var/run/, updating /var/run/dbus/system_bus_socket â†’ /run/dbus/system_bus_socket; please update the unit file accordingly.
[    2.196738] systemd[1]: Created slice system-modprobe.slice.
[    2.196958] systemd[1]: Created slice User and Session Slice.
[    2.197006] systemd[1]: Started Forward Password Requests to Wall Directory Watch.
[    2.197168] systemd[1]: Set up automount Arbitrary Executable File Formats File System Automount Point.
[    2.197202] systemd[1]: Reached target User and Group Name Lookups.
[    2.197211] systemd[1]: Reached target Remote File Systems.
[    2.197220] systemd[1]: Reached target Slices.
[    2.198063] systemd[1]: Listening on Syslog Socket.
[    2.198134] systemd[1]: Listening on fsck to fsckd communication Socket.
[    2.198178] systemd[1]: Listening on initctl Compatibility Named Pipe.
[    2.198324] systemd[1]: Listening on Journal Audit Socket.
[    2.198379] systemd[1]: Listening on Journal Socket (/dev/log).
[    2.198455] systemd[1]: Listening on Journal Socket.
[    2.198525] systemd[1]: Listening on udev Control Socket.
[    2.198567] systemd[1]: Listening on udev Kernel Socket.
[    2.199406] systemd[1]: Mounting Huge Pages File System...
[    2.200425] systemd[1]: Mounting POSIX Message Queue File System...
[    2.201416] systemd[1]: Mounting Kernel Debug File System...
[    2.202348] systemd[1]: Mounting Kernel Trace File System...
[    2.204967] systemd[1]: Starting Journal Service...
[    2.228732] systemd[1]: Starting Set the console keyboard layout...
[    2.236946] systemd[1]: Starting Create list of static device nodes for the current kernel...
[    2.239013] systemd[1]: Starting Load Kernel Module drm...
[    2.243117] systemd[1]: Condition check resulted in Set Up Additional Binary Formats being skipped.
[    2.244557] systemd[1]: Condition check resulted in File System Check on Root Device being skipped.
[    2.251902] systemd[1]: Starting Load Kernel Modules...
[    2.257530] systemd[1]: Starting Remount Root and Kernel File Systems...
[    2.267749] systemd[1]: Starting udev Coldplug all Devices...
[    2.298772] systemd[1]: Starting Uncomplicated firewall...
[    2.301302] EXT4-fs (sda2): re-mounted. Opts: errors=remount-ro
[    2.305440] systemd[1]: Mounted Huge Pages File System.
[    2.305537] systemd[1]: Mounted POSIX Message Queue File System.
[    2.305614] systemd[1]: Mounted Kernel Debug File System.
[    2.305690] systemd[1]: Mounted Kernel Trace File System.
[    2.313826] systemd[1]: Finished Create list of static device nodes for the current kernel.
[    2.314108] systemd[1]: modprobe@drm.service: Succeeded.
[    2.320546] systemd[1]: Finished Load Kernel Module drm.
[    2.321474] systemd[1]: Finished Remount Root and Kernel File Systems.
[    2.338708] systemd[1]: Finished Uncomplicated firewall.
[    2.340403] lp: driver loaded but no devices found
[    2.358445] systemd[1]: Condition check resulted in Rebuild Hardware Database being skipped.
[    2.358487] systemd[1]: Condition check resulted in Platform Persistent Storage Archival being skipped.
[    2.359215] systemd[1]: Starting Load/Save Random Seed...
[    2.365056] systemd[1]: Starting Create System Users...
[    2.370423] ppdev: user-space parallel port driver
[    2.382474] systemd[1]: Finished Load/Save Random Seed.
[    2.388945] systemd[1]: Finished Create System Users.
[    2.389799] systemd[1]: Starting Create Static Device Nodes in /dev...
[    2.433569] systemd[1]: Finished Create Static Device Nodes in /dev.
[    2.434512] systemd[1]: Starting udev Kernel Device Manager...
[    2.442984] systemd[1]: Finished udev Coldplug all Devices.
[    2.459873] [drm] DMA map mode: Caching DMA mappings.
[    2.459938] [drm] Capabilities:
[    2.459938] [drm]   Rect copy.
[    2.459938] [drm]   Cursor.
[    2.459939] [drm]   Cursor bypass.
[    2.459939] [drm]   Cursor bypass 2.
[    2.459939] [drm]   Alpha cursor.
[    2.459940] [drm]   Extended Fifo.
[    2.459940] [drm]   Pitchlock.
[    2.459940] [drm]   Irq mask.
[    2.459941] [drm]   GMR.
[    2.459941] [drm]   Traces.
[    2.459941] [drm]   GMR2.
[    2.459942] [drm]   Screen Object 2.
[    2.459942] [drm]   Command Buffers.
[    2.459943] [drm]   Command Buffers 2.
[    2.459943] [drm]   Guest Backed Resources.
[    2.459944] [drm] Max GMR ids is 8192
[    2.459945] [drm] Max number of GMR pages is 1048576
[    2.459945] [drm] Max dedicated hypervisor surface memory is 393216 kiB
[    2.459946] [drm] Maximum display memory size is 131072 kiB
[    2.459946] [drm] VRAM at 0xe0000000 size is 131072 kiB
[    2.459947] [drm] MMIO at 0xf0000000 size is 2048 kiB
[    2.460535] [TTM] Zone  kernel: Available graphics memory: 1011744 KiB
[    2.460536] [TTM] Initializing pool allocator
[    2.460539] [TTM] Initializing DMA pool allocator
[    2.460601] [drm] Supports vblank timestamp caching Rev 2 (21.10.2013).
[    2.460602] [drm] No driver support for vblank timestamp query.
[    2.460861] [drm] Screen Target Display device initialized
[    2.461084] [drm] width 720
[    2.461095] [drm] height 400
[    2.461099] [drm] bpp 32
[    2.461652] [drm] Fifo max 0x00200000 min 0x00001000 cap 0x00000355
[    2.462708] [drm] Using command buffers with DMA pool.
[    2.462712] [drm] DX: no.
[    2.462713] [drm] Atomic: yes.
[    2.462713] [drm] SM4_1: no.
[    2.462732] [drm:vmw_host_log [vmwgfx]] *ERROR* Failed to send host log message.
[    2.465447] [drm:vmw_host_log [vmwgfx]] *ERROR* Failed to send host log message.
[    2.494908] fbcon: svgadrmfb (fb0) is primary device
[    2.497267] Console: switching to colour frame buffer device 100x37
[    2.502160] [drm] Initialized vmwgfx 2.15.0 20180704 for 0000:00:02.0 on minor 0
[    2.503957] systemd[1]: Finished Load Kernel Modules.
[    2.504968] systemd[1]: Mounting FUSE Control File System...
[    2.506271] systemd[1]: Mounting Kernel Configuration File System...
[    2.518385] systemd[1]: Starting Apply Kernel Variables...
[    2.528132] systemd[1]: Mounted FUSE Control File System.
[    2.528204] systemd[1]: Condition check resulted in VMware vmblock fuse mount being skipped.
[    2.533642] systemd[1]: Mounted Kernel Configuration File System.
[    2.534525] systemd[1]: Finished Set the console keyboard layout.
[    2.534633] systemd[1]: Reached target Local File Systems (Pre).
[    2.541980] systemd[1]: Mounting Mount unit for bare, revision 5...
[    2.546559] systemd[1]: Mounting Mount unit for core18, revision 1705...
[    2.576076] systemd[1]: Mounting Mount unit for gnome-3-34-1804, revision 24...
[    2.582892] systemd[1]: Mounting Mount unit for gtk-common-themes, revision 1506...
[    2.585350] systemd[1]: Mounting Mount unit for gtk-common-themes, revision 1535...
[    2.592137] systemd[1]: Mounting Mount unit for snap-store, revision 433...
[    2.620964] systemd[1]: Mounting Mount unit for snapd, revision 7264...
[    2.636624] systemd[1]: Finished Apply Kernel Variables.
[    2.636800] systemd[1]: Mounted Mount unit for bare, revision 5.
[    2.636892] systemd[1]: Mounted Mount unit for core18, revision 1705.
[    2.636974] systemd[1]: Mounted Mount unit for gnome-3-34-1804, revision 24.
[    2.663609] systemd[1]: Mounted Mount unit for gtk-common-themes, revision 1506.
[    2.667902] systemd[1]: Started udev Kernel Device Manager.
[    2.668723] systemd[1]: Starting Show Plymouth Boot Screen...
[    2.677950] systemd[1]: Mounted Mount unit for gtk-common-themes, revision 1535.
[    2.679093] systemd[1]: Received SIGRTMIN+20 from PID 275 (plymouthd).
[    2.703304] systemd[1]: Started Show Plymouth Boot Screen.
[    2.703473] systemd[1]: Condition check resulted in Dispatch Password Requests to Console Directory Watch being skipped.
[    2.703572] systemd[1]: Started Forward Password Requests to Plymouth Directory Watch.
[    2.703608] systemd[1]: Reached target Local Encrypted Volumes.
[    2.721642] systemd[1]: Mounted Mount unit for snap-store, revision 433.
[    2.721902] systemd[1]: Mounted Mount unit for snapd, revision 7264.
[    2.722072] systemd[1]: Reached target Local File Systems.
[    2.736961] systemd[1]: Starting Load AppArmor profiles...
[    2.742274] systemd[1]: Starting Set console font and keymap...
[    2.751545] systemd[1]: Starting Tell Plymouth To Write Out Runtime Data...
[    2.754838] systemd[1]: Condition check resulted in Store a System Token in an EFI Variable being skipped.
[    2.754871] systemd[1]: Condition check resulted in Commit a transient machine-id on disk being skipped.
[    2.755789] systemd[1]: Finished Set console font and keymap.
[    2.763160] systemd[1]: Received SIGRTMIN+20 from PID 275 (plymouthd).
[    2.763663] systemd[1]: plymouth-read-write.service: Succeeded.
[    2.763914] systemd[1]: Finished Tell Plymouth To Write Out Runtime Data.
[    2.787659] audit: type=1400 audit(1768926868.620:2): apparmor="STATUS" operation="profile_load" profile="unconfined" name="nvidia_modprobe" pid=298 comm="apparmor_parser"
[    2.787661] audit: type=1400 audit(1768926868.620:3): apparmor="STATUS" operation="profile_load" profile="unconfined" name="nvidia_modprobe//kmod" pid=298 comm="apparmor_parser"
[    2.798059] audit: type=1400 audit(1768926868.628:4): apparmor="STATUS" operation="profile_load" profile="unconfined" name="/usr/sbin/tcpdump" pid=299 comm="apparmor_parser"
[    2.844376] audit: type=1400 audit(1768926868.668:5): apparmor="STATUS" operation="profile_load" profile="unconfined" name="/usr/bin/evince" pid=301 comm="apparmor_parser"
[    2.844378] audit: type=1400 audit(1768926868.668:6): apparmor="STATUS" operation="profile_load" profile="unconfined" name="/usr/bin/evince//sanitized_helper" pid=301 comm="apparmor_parser"
[    2.844380] audit: type=1400 audit(1768926868.668:7): apparmor="STATUS" operation="profile_load" profile="unconfined" name="/usr/bin/evince-previewer" pid=301 comm="apparmor_parser"
[    2.844383] audit: type=1400 audit(1768926868.668:8): apparmor="STATUS" operation="profile_load" profile="unconfined" name="/usr/bin/evince-previewer//sanitized_helper" pid=301 comm="apparmor_parser"
[    2.844384] audit: type=1400 audit(1768926868.668:9): apparmor="STATUS" operation="profile_load" profile="unconfined" name="/usr/bin/evince-thumbnailer" pid=301 comm="apparmor_parser"
[    2.856978] audit: type=1400 audit(1768926868.688:10): apparmor="STATUS" operation="profile_load" profile="unconfined" name="/usr/lib/cups/backend/cups-pdf" pid=302 comm="apparmor_parser"
[    2.937859] systemd[1]: Finished Load AppArmor profiles.
[    2.938874] systemd[1]: Starting Load AppArmor profiles managed internally by snapd...
[    3.008608] systemd[1]: Finished Load AppArmor profiles managed internally by snapd.
[    3.196809] systemd[1]: Started Journal Service.
[    3.204080] systemd-journald[228]: Received client request to flush runtime journal.
[    3.207288] systemd-journald[228]: File /var/log/journal/c455b248004a419c87ce85eea238d727/system.journal corrupted or uncleanly shut down, renaming and replacing.
[    4.521657] RAPL PMU: API unit is 2^-32 Joules, 0 fixed counters, 10737418240 ms ovfl timer
[    4.576940] cryptd: max_cpu_qlen set to 1000
[    4.634443] AVX2 version of gcm_enc/dec engaged.
[    4.634444] AES CTR mode by8 optimization enabled
[    5.796536] Adding 1998844k swap on /dev/sda1.  Priority:-2 extents:1 across:1998844k FS
[    7.405885] kauditd_printk_skb: 30 callbacks suppressed
[    7.405887] audit: type=1400 audit(1768926873.232:41): apparmor="DENIED" operation="capable" profile="/usr/sbin/cups-browsed" pid=494 comm="cups-browsed" capability=23  capname="sys_nice"
[    8.102775] pcnet32 0000:00:03.0 enp0s3: link up, 100Mbps, full-duplex
[    8.139769] e1000: enp0s8 NIC Link is Up 1000 Mbps Full Duplex, Flow Control: RX
[    8.140046] IPv6: ADDRCONF(NETDEV_CHANGE): enp0s8: link becomes ready
[    8.153827] e1000: enp0s9 NIC Link is Up 1000 Mbps Full Duplex, Flow Control: RX
[    8.154120] IPv6: ADDRCONF(NETDEV_CHANGE): enp0s9: link becomes ready
[    8.716657] device enp0s3 entered promiscuous mode
[    8.742345] audit: type=1400 audit(1768926874.568:42): apparmor="DENIED" operation="open" profile="/usr/sbin/tcpdump" name="/proc/sys/kernel/random/boot_id" pid=682 comm="tcpdump" requested_mask="r" denied_mask="r" fsuid=0 ouid=0
[    8.742643] audit: type=1400 audit(1768926874.568:43): apparmor="DENIED" operation="open" profile="/usr/sbin/tcpdump" name="/proc/sys/kernel/random/boot_id" pid=682 comm="tcpdump" requested_mask="r" denied_mask="r" fsuid=0 ouid=0
[    8.742693] audit: type=1400 audit(1768926874.568:44): apparmor="DENIED" operation="open" profile="/usr/sbin/tcpdump" name="/proc/sys/kernel/random/boot_id" pid=682 comm="tcpdump" requested_mask="r" denied_mask="r" fsuid=0 ouid=0
[    8.742755] audit: type=1400 audit(1768926874.568:45): apparmor="DENIED" operation="open" profile="/usr/sbin/tcpdump" name="/proc/sys/kernel/random/boot_id" pid=682 comm="tcpdump" requested_mask="r" denied_mask="r" fsuid=0 ouid=0
[    8.745300] audit: type=1400 audit(1768926874.576:46): apparmor="DENIED" operation="open" profile="/usr/sbin/tcpdump" name="/proc/sys/kernel/random/boot_id" pid=683 comm="tcpdump" requested_mask="r" denied_mask="r" fsuid=0 ouid=0
[    8.745539] audit: type=1400 audit(1768926874.576:47): apparmor="DENIED" operation="open" profile="/usr/sbin/tcpdump" name="/proc/sys/kernel/random/boot_id" pid=683 comm="tcpdump" requested_mask="r" denied_mask="r" fsuid=0 ouid=0
[    8.745585] audit: type=1400 audit(1768926874.576:48): apparmor="DENIED" operation="open" profile="/usr/sbin/tcpdump" name="/proc/sys/kernel/random/boot_id" pid=683 comm="tcpdump" requested_mask="r" denied_mask="r" fsuid=0 ouid=0
[    8.745960] audit: type=1400 audit(1768926874.576:49): apparmor="DENIED" operation="open" profile="/usr/sbin/tcpdump" name="/proc/sys/kernel/random/boot_id" pid=683 comm="tcpdump" requested_mask="r" denied_mask="r" fsuid=0 ouid=0
[   13.439281] rfkill: input handler disabled
[  253.553004] AAAAA-TCP_FORW: name:enp0s3: saddr:100932208: daddr:16783984
[  253.720944] AAAAA-TCP_FORW: name:enp0s3: saddr:16783984: daddr:100932208
[  253.742866] AAAAA-TCP_FORW: name:enp0s3: saddr:100932208: daddr:16783984
[  253.865323] AAAAA-TCP_FORW: name:enp0s3: saddr:100932208: daddr:16783984
[  253.933645] AAAAA-TCP_FORW: name:enp0s3: saddr:100932208: daddr:16783984
[  253.969852] AAAAA-TCP_FORW: name:enp0s3: saddr:100932208: daddr:16783984
[  254.038226] AAAAA-TCP_FORW: name:enp0s3: saddr:100932208: daddr:16783984
[  254.101590] AAAAA-TCP_FORW: name:enp0s3: saddr:16783984: daddr:100932208
[  254.135196] AAAAA-TCP_FORW: name:enp0s3: saddr:100932208: daddr:16783984
[  254.191625] AAAAA-TCP_FORW: name:enp0s3: saddr:100932208: daddr:16783984
[  254.253008] AAAAA-TCP_FORW: name:enp0s3: saddr:100932208: daddr:16783984
[  254.287725] AAAAA-TCP_FORW: name:enp0s3: saddr:100932208: daddr:16783984
[  254.313811] AAAAA-TCP_FORW: name:enp0s3: saddr:16783984: daddr:100932208
[  254.386486] AAAAA-TCP_FORW: name:enp0s3: saddr:100932208: daddr:16783984
[  254.417532] AAAAA-TCP_FORW: name:enp0s3: saddr:16783984: daddr:100932208
[  254.507104] AAAAA-TCP_FORW: name:enp0s3: saddr:16783984: daddr:100932208
[  254.518386] AAAAA-TCP_FORW: name:enp0s3: saddr:100932208: daddr:16783984
[  254.668788] AAAAA-TCP_FORW: name:enp0s3: saddr:100932208: daddr:16783984
[  254.691304] AAAAA-TCP_FORW: name:enp0s3: saddr:16783984: daddr:100932208
[  254.742576] AAAAA-TCP_FORW: name:enp0s3: saddr:100932208: daddr:16783984
[  254.801462] AAAAA-TCP_FORW: name:enp0s3: saddr:100932208: daddr:16783984
[  254.866157] AAAAA-TCP_FORW: name:enp0s3: saddr:16783984: daddr:100932208
[  254.874980] AAAAA-TCP_FORW: name:enp0s3: saddr:100932208: daddr:16783984
[  254.891505] AAAAA-TCP_FORW: name:enp0s3: saddr:16783984: daddr:100932208
[  254.963916] AAAAA-TCP_FORW: name:enp0s3: saddr:100932208: daddr:16783984
[  254.979786] AAAAA-TCP_FORW: name:enp0s3: saddr:16783984: daddr:100932208
[  255.015473] AAAAA-TCP_FORW: name:enp0s3: saddr:16783984: daddr:100932208
[  255.050757] AAAAA-TCP_FORW: name:enp0s3: saddr:100932208: daddr:16783984
[  255.093022] AAAAA-TCP_FORW: name:enp0s3: saddr:100932208: daddr:16783984
[  255.132165] AAAAA-TCP_FORW: name:enp0s3: saddr:16783984: daddr:100932208
[  255.174279] AAAAA-TCP_FORW: name:enp0s3: saddr:100932208: daddr:16783984
[  255.207374] AAAAA-TCP_FORW: name:enp0s3: saddr:16783984: daddr:100932208
[  255.255539] AAAAA-TCP_FORW: name:enp0s3: saddr:100932208: daddr:16783984
[  255.297342] AAAAA-TCP_FORW: name:enp0s3: saddr:100932208: daddr:16783984
[  255.318509] AAAAA-TCP_FORW: name:enp0s3: saddr:16783984: daddr:100932208
[  255.347816] AAAAA-TCP_FORW: name:enp0s3: saddr:100932208: daddr:16783984
[  255.391285] AAAAA-TCP_FORW: name:enp0s3: saddr:100932208: daddr:16783984
[  255.452931] AAAAA-TCP_FORW: name:enp0s3: saddr:100932208: daddr:16783984
[  255.570048] AAAAA-TCP_FORW: name:enp0s3: saddr:100932208: daddr:16783984
[  255.596054] AAAAA-TCP_FORW: name:enp0s3: saddr:16783984: daddr:100932208
[  255.661518] AAAAA-TCP_FORW: name:enp0s3: saddr:100932208: daddr:16783984
[  255.712089] AAAAA-TCP_FORW: name:enp0s3: saddr:100932208: daddr:16783984
[  255.744784] AAAAA-TCP_FORW: name:enp0s3: saddr:100932208: daddr:16783984
[  255.775875] AAAAA-TCP_FORW: name:enp0s3: saddr:100932208: daddr:16783984
[  255.791905] AAAAA-TCP_FORW: name:enp0s3: saddr:16783984: daddr:100932208
[  255.903858] AAAAA-TCP_FORW: name:enp0s3: saddr:16783984: daddr:100932208
[  255.955397] AAAAA-TCP_FORW: name:enp0s3: saddr:16783984: daddr:100932208
[  255.996396] AAAAA-TCP_FORW: name:enp0s3: saddr:16783984: daddr:100932208
[  256.067946] AAAAA-TCP_FORW: name:enp0s3: saddr:16783984: daddr:100932208
[  256.085701] AAAAA-TCP_FORW: name:enp0s3: saddr:100932208: daddr:16783984
[  256.132463] AAAAA-TCP_FORW: name:enp0s3: saddr:16783984: daddr:100932208
[  256.223199] AAAAA-TCP_FORW: name:enp0s3: saddr:16783984: daddr:100932208
[  256.254298] AAAAA-TCP_FORW: name:enp0s3: saddr:16783984: daddr:100932208
[  256.274702] AAAAA-TCP_FORW: name:enp0s3: saddr:100932208: daddr:16783984
[  256.303293] AAAAA-TCP_FORW: name:enp0s3: saddr:16783984: daddr:100932208
[  256.331338] AAAAA-TCP_FORW: name:enp0s3: saddr:100932208: daddr:16783984
[  256.363133] AAAAA-TCP_FORW: name:enp0s3: saddr:16783984: daddr:100932208
[  256.421113] AAAAA-TCP_FORW: name:enp0s3: saddr:100932208: daddr:16783984
[  256.450597] AAAAA-TCP_FORW: name:enp0s3: saddr:100932208: daddr:16783984
[  256.481695] AAAAA-TCP_FORW: name:enp0s3: saddr:16783984: daddr:100932208
[  256.530142] AAAAA-TCP_FORW: name:enp0s3: saddr:16783984: daddr:100932208
[  256.608893] AAAAA-TCP_FORW: name:enp0s3: saddr:100932208: daddr:16783984
[  256.671815] AAAAA-TCP_FORW: name:enp0s3: saddr:16783984: daddr:100932208
[  256.752838] AAAAA-TCP_FORW: name:enp0s3: saddr:16783984: daddr:100932208
[  256.812284] AAAAA-TCP_FORW: name:enp0s3: saddr:16783984: daddr:100932208
[  256.841363] AAAAA-TCP_FORW: name:enp0s3: saddr:16783984: daddr:100932208
[  256.863788] AAAAA-TCP_FORW: name:enp0s3: saddr:100932208: daddr:16783984
[  256.952704] AAAAA-TCP_FORW: name:enp0s3: saddr:100932208: daddr:16783984
[  256.995977] AAAAA-TCP_FORW: name:enp0s3: saddr:100932208: daddr:16783984
[  257.058080] AAAAA-TCP_FORW: name:enp0s3: saddr:100932208: daddr:16783984
[  257.101144] AAAAA-TCP_FORW: name:enp0s3: saddr:100932208: daddr:16783984
[  257.132260] AAAAA-TCP_FORW: name:enp0s3: saddr:100932208: daddr:16783984
[  257.158052] AAAAA-TCP_FORW: name:enp0s3: saddr:100932208: daddr:16783984
[  257.192261] AAAAA-TCP_FORW: name:enp0s3: saddr:100932208: daddr:16783984
[  257.218295] AAAAA-TCP_FORW: name:enp0s3: saddr:100932208: daddr:16783984
[  257.241413] AAAAA-TCP_FORW: name:enp0s3: saddr:100932208: daddr:16783984
[  257.279524] AAAAA-TCP_FORW: name:enp0s3: saddr:16783984: daddr:100932208
[  257.290996] AAAAA-TCP_FORW: name:enp0s3: saddr:100932208: daddr:16783984
[  257.328807] AAAAA-TCP_FORW: name:enp0s3: saddr:100932208: daddr:16783984
[  257.382496] AAAAA-TCP_FORW: name:enp0s3: saddr:16783984: daddr:100932208
[  257.448133] AAAAA-TCP_FORW: name:enp0s3: saddr:100932208: daddr:16783984
[  257.513915] AAAAA-TCP_FORW: name:enp0s3: saddr:16783984: daddr:100932208
[  257.540411] AAAAA-TCP_FORW: name:enp0s3: saddr:16783984: daddr:100932208
[  257.565660] AAAAA-TCP_FORW: name:enp0s3: saddr:100932208: daddr:16783984
[  257.588038] AAAAA-TCP_FORW: name:enp0s3: saddr:100932208: daddr:16783984
[  257.632596] AAAAA-TCP_FORW: name:enp0s3: saddr:100932208: daddr:16783984
[  257.657686] AAAAA-TCP_FORW: name:enp0s3: saddr:16783984: daddr:100932208
[  257.717684] AAAAA-TCP_FORW: name:enp0s3: saddr:100932208: daddr:16783984
[  257.756470] AAAAA-TCP_FORW: name:enp0s3: saddr:100932208: daddr:16783984
[  257.783391] AAAAA-TCP_FORW: name:enp0s3: saddr:100932208: daddr:16783984
[  257.852665] AAAAA-TCP_FORW: name:enp0s3: saddr:100932208: daddr:16783984
[  257.883659] AAAAA-TCP_FORW: name:enp0s3: saddr:16783984: daddr:100932208
[  258.058893] AAAAA-TCP_FORW: name:enp0s3: saddr:16783984: daddr:100932208
[  258.111066] AAAAA-TCP_FORW: name:enp0s3: saddr:16783984: daddr:100932208
[  258.144605] AAAAA-TCP_FORW: name:enp0s3: saddr:16783984: daddr:100932208
[  258.158867] AAAAA-TCP_FORW: name:enp0s3: saddr:16783984: daddr:100932208
[  258.182992] AAAAA-TCP_FORW: name:enp0s3: saddr:16783984: daddr:100932208
[  258.207253] AAAAA-TCP_FORW: name:enp0s3: saddr:16783984: daddr:100932208
[  258.233631] AAAAA-TCP_FORW: name:enp0s3: saddr:16783984: daddr:100932208
[  258.280435] AAAAA-TCP_FORW: name:enp0s3: saddr:16783984: daddr:100932208
[  258.333984] AAAAA-TCP_FORW: name:enp0s3: saddr:16783984: daddr:100932208
[  258.350355] AAAAA-TCP_FORW: name:enp0s3: saddr:100932208: daddr:16783984
[  258.380649] AAAAA-TCP_FORW: name:enp0s3: saddr:16783984: daddr:100932208
[  258.393286] AAAAA-TCP_FORW: name:enp0s3: saddr:100932208: daddr:16783984
[  258.419123] AAAAA-TCP_FORW: name:enp0s3: saddr:16783984: daddr:100932208
[  258.445359] AAAAA-TCP_FORW: name:enp0s3: saddr:100932208: daddr:16783984
[  258.524057] AAAAA-TCP_FORW: name:enp0s3: saddr:16783984: daddr:100932208
[  258.556512] AAAAA-TCP_FORW: name:enp0s3: saddr:100932208: daddr:16783984
[  258.578838] AAAAA-TCP_FORW: name:enp0s3: saddr:100932208: daddr:16783984
[  258.610336] AAAAA-TCP_FORW: name:enp0s3: saddr:16783984: daddr:100932208
[  258.667567] AAAAA-TCP_FORW: name:enp0s3: saddr:16783984: daddr:100932208
[  258.694034] AAAAA-TCP_FORW: name:enp0s3: saddr:16783984: daddr:100932208
[  258.710859] AAAAA-TCP_FORW: name:enp0s3: saddr:100932208: daddr:16783984
[  258.779768] AAAAA-TCP_FORW: name:enp0s3: saddr:16783984: daddr:100932208
[  258.849390] AAAAA-TCP_FORW: name:enp0s3: saddr:16783984: daddr:100932208
[  258.933776] AAAAA-TCP_FORW: name:enp0s3: saddr:16783984: daddr:100932208
[  258.949762] AAAAA-TCP_FORW: name:enp0s3: saddr:100932208: daddr:16783984
[  258.973354] AAAAA-TCP_FORW: name:enp0s3: saddr:16783984: daddr:100932208
[  259.069992] AAAAA-TCP_FORW: name:enp0s3: saddr:100932208: daddr:16783984
[  259.180072] AAAAA-TCP_FORW: name:enp0s3: saddr:100932208: daddr:16783984
[  259.235224] AAAAA-TCP_FORW: name:enp0s3: saddr:100932208: daddr:16783984
[  259.284251] AAAAA-TCP_FORW: name:enp0s3: saddr:100932208: daddr:16783984
[  259.357994] AAAAA-TCP_FORW: name:enp0s3: saddr:100932208: daddr:16783984
[  259.450989] AAAAA-TCP_FORW: name:enp0s3: saddr:100932208: daddr:16783984
[  259.534990] AAAAA-TCP_FORW: name:enp0s3: saddr:100932208: daddr:16783984
[  259.658093] AAAAA-TCP_FORW: name:enp0s3: saddr:100932208: daddr:16783984
[  259.684484] AAAAA-TCP_FORW: name:enp0s3: saddr:16783984: daddr:100932208
[  259.715195] AAAAA-TCP_FORW: name:enp0s3: saddr:100932208: daddr:16783984
[  259.762431] AAAAA-TCP_FORW: name:enp0s3: saddr:100932208: daddr:16783984
[  259.793591] AAAAA-TCP_FORW: name:enp0s3: saddr:100932208: daddr:16783984
[  259.809968] AAAAA-TCP_FORW: name:enp0s3: saddr:16783984: daddr:100932208
[  259.825241] AAAAA-TCP_FORW: name:enp0s3: saddr:100932208: daddr:16783984
[  259.876792] AAAAA-TCP_FORW: name:enp0s3: saddr:100932208: daddr:16783984
[  259.905073] AAAAA-TCP_FORW: name:enp0s3: saddr:16783984: daddr:100932208
[  259.934159] AAAAA-TCP_FORW: name:enp0s3: saddr:100932208: daddr:16783984
[  259.977185] AAAAA-TCP_FORW: name:enp0s3: saddr:16783984: daddr:100932208
[  260.006830] AAAAA-TCP_FORW: name:enp0s3: saddr:16783984: daddr:100932208
[  260.028002] AAAAA-TCP_FORW: name:enp0s3: saddr:100932208: daddr:16783984
[  260.071400] AAAAA-TCP_FORW: name:enp0s3: saddr:100932208: daddr:16783984
[  260.135924] AAAAA-TCP_FORW: name:enp0s3: saddr:100932208: daddr:16783984
[  260.148939] AAAAA-TCP_FORW: name:enp0s3: saddr:16783984: daddr:100932208
[  260.182652] AAAAA-TCP_FORW: name:enp0s3: saddr:100932208: daddr:16783984
[  260.221279] AAAAA-TCP_FORW: name:enp0s3: saddr:100932208: daddr:16783984
[  260.234986] AAAAA-TCP_FORW: name:enp0s3: saddr:100932208: daddr:16783984
[  260.421877] AAAAA-TCP_FORW: name:enp0s3: saddr:100932208: daddr:16783984
[  260.490927] AAAAA-TCP_FORW: name:enp0s3: saddr:16783984: daddr:100932208
[  260.522147] AAAAA-TCP_FORW: name:enp0s3: saddr:100932208: daddr:16783984
[  260.607948] AAAAA-TCP_FORW: name:enp0s3: saddr:100932208: daddr:16783984
[  260.630592] AAAAA-TCP_FORW: name:enp0s3: saddr:16783984: daddr:100932208
[  260.735580] AAAAA-TCP_FORW: name:enp0s3: saddr:16783984: daddr:100932208
[  260.887301] AAAAA-TCP_FORW: name:enp0s3: saddr:16783984: daddr:100932208
[  261.077916] AAAAA-TCP_FORW: name:enp0s3: saddr:16783984: daddr:100932208
[  261.116595] AAAAA-TCP_FORW: name:enp0s3: saddr:100932208: daddr:16783984
[  261.164681] AAAAA-TCP_FORW: name:enp0s3: saddr:16783984: daddr:100932208
[  261.260588] AAAAA-TCP_FORW: name:enp0s3: saddr:16783984: daddr:100932208
[  261.273150] AAAAA-TCP_FORW: name:enp0s3: saddr:100932208: daddr:16783984
[  261.326941] AAAAA-TCP_FORW: name:enp0s3: saddr:100932208: daddr:16783984
[  261.343625] AAAAA-TCP_FORW: name:enp0s3: saddr:16783984: daddr:100932208
[  261.463339] AAAAA-TCP_FORW: name:enp0s3: saddr:100932208: daddr:16783984
[  261.532437] AAAAA-TCP_FORW: name:enp0s3: saddr:16783984: daddr:100932208
[  261.545074] AAAAA-TCP_FORW: name:enp0s3: saddr:100932208: daddr:16783984
[  261.595210] AAAAA-TCP_FORW: name:enp0s3: saddr:100932208: daddr:16783984
[  261.658974] AAAAA-TCP_FORW: name:enp0s3: saddr:100932208: daddr:16783984
[  261.731106] AAAAA-TCP_FORW: name:enp0s3: saddr:100932208: daddr:16783984
[  261.770587] AAAAA-TCP_FORW: name:enp0s3: saddr:100932208: daddr:16783984
[  261.821605] AAAAA-TCP_FORW: name:enp0s3: saddr:16783984: daddr:100932208
[  261.889202] AAAAA-TCP_FORW: name:enp0s3: saddr:16783984: daddr:100932208
[  261.949136] AAAAA-TCP_FORW: name:enp0s3: saddr:100932208: daddr:16783984
[  261.968898] AAAAA-TCP_FORW: name:enp0s3: saddr:16783984: daddr:100932208
[  262.089346] AAAAA-TCP_FORW: name:enp0s3: saddr:100932208: daddr:16783984
[  262.111269] AAAAA-TCP_FORW: name:enp0s3: saddr:16783984: daddr:100932208
[  262.122619] AAAAA-TCP_FORW: name:enp0s3: saddr:100932208: daddr:16783984
[  262.186121] AAAAA-TCP_FORW: name:enp0s3: saddr:100932208: daddr:16783984
[  262.267881] AAAAA-TCP_FORW: name:enp0s3: saddr:100932208: daddr:16783984
[  262.301865] AAAAA-TCP_FORW: name:enp0s3: saddr:16783984: daddr:100932208
[  262.315788] AAAAA-TCP_FORW: name:enp0s3: saddr:100932208: daddr:16783984
[  262.355396] AAAAA-TCP_FORW: name:enp0s3: saddr:100932208: daddr:16783984
[  262.427271] AAAAA-TCP_FORW: name:enp0s3: saddr:100932208: daddr:16783984
[  262.437100] AAAAA-TCP_FORW: name:enp0s3: saddr:16783984: daddr:100932208
[  262.461631] AAAAA-TCP_FORW: name:enp0s3: saddr:100932208: daddr:16783984
[  262.510398] AAAAA-TCP_FORW: name:enp0s3: saddr:100932208: daddr:16783984
[  262.582583] AAAAA-TCP_FORW: name:enp0s3: saddr:16783984: daddr:100932208
[  262.611690] AAAAA-TCP_FORW: name:enp0s3: saddr:16783984: daddr:100932208
[  262.625944] AAAAA-TCP_FORW: name:enp0s3: saddr:100932208: daddr:16783984
[  262.654166] AAAAA-TCP_FORW: name:enp0s3: saddr:100932208: daddr:16783984
[  262.676694] AAAAA-TCP_FORW: name:enp0s3: saddr:16783984: daddr:100932208
[  262.747324] AAAAA-TCP_FORW: name:enp0s3: saddr:100932208: daddr:16783984
[  262.782389] AAAAA-TCP_FORW: name:enp0s3: saddr:16783984: daddr:100932208
[  262.902189] AAAAA-TCP_FORW: name:enp0s3: saddr:16783984: daddr:100932208
[  262.947352] AAAAA-TCP_FORW: name:enp0s3: saddr:16783984: daddr:100932208
[  262.997911] AAAAA-TCP_FORW: name:enp0s3: saddr:100932208: daddr:16783984
[  263.011629] AAAAA-TCP_FORW: name:enp0s3: saddr:16783984: daddr:100932208
[  263.060119] AAAAA-TCP_FORW: name:enp0s3: saddr:100932208: daddr:16783984
[  263.115244] AAAAA-TCP_FORW: name:enp0s3: saddr:100932208: daddr:16783984
[  263.154056] AAAAA-TCP_FORW: name:enp0s3: saddr:16783984: daddr:100932208
[  263.178536] AAAAA-TCP_FORW: name:enp0s3: saddr:100932208: daddr:16783984
[  263.209873] AAAAA-TCP_FORW: name:enp0s3: saddr:100932208: daddr:16783984
[  263.213882] AAAAA-TCP_FORW: name:enp0s3: saddr:16783984: daddr:100932208
[  263.311752] AAAAA-TCP_FORW: name:enp0s3: saddr:16783984: daddr:100932208
[  263.337782] AAAAA-TCP_FORW: name:enp0s3: saddr:100932208: daddr:16783984
[  263.357081] AAAAA-TCP_FORW: name:enp0s3: saddr:16783984: daddr:100932208
[  263.410906] AAAAA-TCP_FORW: name:enp0s3: saddr:16783984: daddr:100932208
[  263.443033] AAAAA-TCP_FORW: name:enp0s3: saddr:16783984: daddr:100932208
[  263.519712] AAAAA-TCP_FORW: name:enp0s3: saddr:16783984: daddr:100932208
[  263.704528] AAAAA-TCP_FORW: name:enp0s3: saddr:16783984: daddr:100932208
[  263.781994] AAAAA-TCP_FORW: name:enp0s3: saddr:16783984: daddr:100932208
[  263.852317] AAAAA-TCP_FORW: name:enp0s3: saddr:16783984: daddr:100932208
[  263.901147] AAAAA-TCP_FORW: name:enp0s3: saddr:16783984: daddr:100932208
[  264.034822] AAAAA-TCP_FORW: name:enp0s3: saddr:16783984: daddr:100932208
[  264.109626] AAAAA-TCP_FORW: name:enp0s3: saddr:100932208: daddr:16783984
[  264.469100] AAAAA-TCP_FORW: name:enp0s3: saddr:16783984: daddr:100932208
[  264.717563] AAAAA-TCP_FORW: name:enp0s3: saddr:100932208: daddr:16783984
[  264.840347] AAAAA-TCP_FORW: name:enp0s3: saddr:100932208: daddr:16783984
[  264.882135] AAAAA-TCP_FORW: name:enp0s3: saddr:16783984: daddr:100932208
[  265.052990] AAAAA-TCP_FORW: name:enp0s3: saddr:100932208: daddr:16783984
[  265.182683] AAAAA-TCP_FORW: name:enp0s3: saddr:100932208: daddr:16783984
[  265.319917] AAAAA-TCP_FORW: name:enp0s3: saddr:16783984: daddr:100932208
[  265.442404] AAAAA-TCP_FORW: name:enp0s3: saddr:100932208: daddr:16783984
[  265.579683] AAAAA-TCP_FORW: name:enp0s3: saddr:100932208: daddr:16783984
[  265.684732] AAAAA-TCP_FORW: name:enp0s3: saddr:16783984: daddr:100932208
[  265.751409] AAAAA-TCP_FORW: name:enp0s3: saddr:100932208: daddr:16783984
[  265.809375] AAAAA-TCP_FORW: name:enp0s3: saddr:16783984: daddr:100932208
[  265.847578] AAAAA-TCP_FORW: name:enp0s3: saddr:100932208: daddr:16783984
[  265.929946] AAAAA-TCP_FORW: name:enp0s3: saddr:100932208: daddr:16783984
[  266.004445] AAAAA-TCP_FORW: name:enp0s3: saddr:16783984: daddr:100932208
[  266.066860] AAAAA-TCP_FORW: name:enp0s3: saddr:100932208: daddr:16783984
[  266.097995] AAAAA-TCP_FORW: name:enp0s3: saddr:100932208: daddr:16783984
[  266.198328] AAAAA-TCP_FORW: name:enp0s3: saddr:100932208: daddr:16783984
[  266.241578] AAAAA-TCP_FORW: name:enp0s3: saddr:100932208: daddr:16783984
[  266.371778] AAAAA-TCP_FORW: name:enp0s3: saddr:16783984: daddr:100932208
[  266.379945] AAAAA-TCP_FORW: name:enp0s3: saddr:100932208: daddr:16783984
[  266.468222] AAAAA-TCP_FORW: name:enp0s3: saddr:100932208: daddr:16783984
[  266.512085] AAAAA-TCP_FORW: name:enp0s3: saddr:100932208: daddr:16783984
[  266.527643] AAAAA-TCP_FORW: name:enp0s3: saddr:16783984: daddr:100932208
[  266.610640] AAAAA-TCP_FORW: name:enp0s3: saddr:100932208: daddr:16783984
[  266.665546] AAAAA-TCP_FORW: name:enp0s3: saddr:16783984: daddr:100932208
[  266.691414] AAAAA-TCP_FORW: name:enp0s3: saddr:100932208: daddr:16783984
[  266.739391] AAAAA-TCP_FORW: name:enp0s3: saddr:16783984: daddr:100932208
[  266.744858] AAAAA-TCP_FORW: name:enp0s3: saddr:100932208: daddr:16783984
[  266.784173] AAAAA-TCP_FORW: name:enp0s3: saddr:16783984: daddr:100932208
[  266.841562] AAAAA-TCP_FORW: name:enp0s3: saddr:16783984: daddr:100932208
[  266.896021] AAAAA-TCP_FORW: name:enp0s3: saddr:100932208: daddr:16783984
[  267.049607] AAAAA-TCP_FORW: name:enp0s3: saddr:100932208: daddr:16783984
[  267.140172] AAAAA-TCP_FORW: name:enp0s3: saddr:100932208: daddr:16783984
[  267.226402] AAAAA-TCP_FORW: name:enp0s3: saddr:100932208: daddr:16783984
[  267.377403] AAAAA-TCP_FORW: name:enp0s3: saddr:100932208: daddr:16783984
[  267.470786] AAAAA-TCP_FORW: name:enp0s3: saddr:100932208: daddr:16783984
[  267.531618] AAAAA-TCP_FORW: name:enp0s3: saddr:100932208: daddr:16783984
[  267.598243] AAAAA-TCP_FORW: name:enp0s3: saddr:100932208: daddr:16783984
[  267.682474] AAAAA-TCP_FORW: name:enp0s3: saddr:100932208: daddr:16783984
[  267.759442] AAAAA-TCP_FORW: name:enp0s3: saddr:100932208: daddr:16783984
[  267.825434] AAAAA-TCP_FORW: name:enp0s3: saddr:100932208: daddr:16783984
[  267.882522] AAAAA-TCP_FORW: name:enp0s3: saddr:100932208: daddr:16783984
[  267.960888] AAAAA-TCP_FORW: name:enp0s3: saddr:16783984: daddr:100932208
[  267.995297] AAAAA-TCP_FORW: name:enp0s3: saddr:100932208: daddr:16783984
[  268.171447] AAAAA-TCP_FORW: name:enp0s3: saddr:16783984: daddr:100932208
[  268.283803] AAAAA-TCP_FORW: name:enp0s3: saddr:16783984: daddr:100932208
[  268.467516] AAAAA-TCP_FORW: name:enp0s3: saddr:16783984: daddr:100932208
[  268.548234] AAAAA-TCP_FORW: name:enp0s3: saddr:16783984: daddr:100932208
[  268.611032] AAAAA-TCP_FORW: name:enp0s3: saddr:16783984: daddr:100932208
[  268.801970] AAAAA-TCP_FORW: name:enp0s3: saddr:16783984: daddr:100932208
[  268.897302] AAAAA-TCP_FORW: name:enp0s3: saddr:16783984: daddr:100932208
[  268.990230] AAAAA-TCP_FORW: name:enp0s3: saddr:16783984: daddr:100932208
[  269.010581] AAAAA-TCP_FORW: name:enp0s3: saddr:100932208: daddr:16783984
[  269.064912] AAAAA-TCP_FORW: name:enp0s3: saddr:16783984: daddr:100932208
[  269.124342] AAAAA-TCP_FORW: name:enp0s3: saddr:16783984: daddr:100932208
[  269.168820] AAAAA-TCP_FORW: name:enp0s3: saddr:16783984: daddr:100932208
[  269.228658] AAAAA-TCP_FORW: name:enp0s3: saddr:16783984: daddr:100932208
[  269.291015] AAAAA-TCP_FORW: name:enp0s3: saddr:16783984: daddr:100932208
[  269.321689] AAAAA-TCP_FORW: name:enp0s3: saddr:16783984: daddr:100932208
[  269.404926] AAAAA-TCP_FORW: name:enp0s3: saddr:16783984: daddr:100932208
[  269.498247] AAAAA-TCP_FORW: name:enp0s3: saddr:16783984: daddr:100932208
[  269.574037] AAAAA-TCP_FORW: name:enp0s3: saddr:16783984: daddr:100932208
[  269.667483] AAAAA-TCP_FORW: name:enp0s3: saddr:16783984: daddr:100932208
[  269.762274] AAAAA-TCP_FORW: name:enp0s3: saddr:16783984: daddr:100932208
[  269.842502] AAAAA-TCP_FORW: name:enp0s3: saddr:16783984: daddr:100932208
[  269.883598] AAAAA-TCP_FORW: name:enp0s3: saddr:16783984: daddr:100932208
[  270.006461] AAAAA-TCP_FORW: name:enp0s3: saddr:16783984: daddr:100932208
[  270.154052] AAAAA-TCP_FORW: name:enp0s3: saddr:16783984: daddr:100932208
[  270.202252] AAAAA-TCP_FORW: name:enp0s3: saddr:16783984: daddr:100932208
[  270.237859] AAAAA-TCP_FORW: name:enp0s3: saddr:16783984: daddr:100932208
[  270.394017] AAAAA-TCP_FORW: name:enp0s3: saddr:16783984: daddr:100932208
[  270.460591] AAAAA-TCP_FORW: name:enp0s3: saddr:16783984: daddr:100932208
[  270.558336] AAAAA-TCP_FORW: name:enp0s3: saddr:16783984: daddr:100932208
[  270.559910] AAAAA-TCP_FORW: name:enp0s3: saddr:100932208: daddr:16783984
[  270.631184] AAAAA-TCP_FORW: name:enp0s3: saddr:100932208: daddr:16783984
[  270.930979] AAAAA-TCP_FORW: name:enp0s3: saddr:100932208: daddr:16783984
[  271.400541] AAAAA-TCP_FORW: name:enp0s3: saddr:16783984: daddr:100932208
[  272.174393] AAAAA-TCP_FORW: name:enp0s3: saddr:16783984: daddr:100932208
[  272.219453] AAAAA-TCP_FORW: name:enp0s3: saddr:16783984: daddr:100932208
[  272.287210] AAAAA-TCP_FORW: name:enp0s3: saddr:16783984: daddr:100932208
[  272.487514] AAAAA-TCP_FORW: name:enp0s3: saddr:100932208: daddr:16783984
[  272.516145] AAAAA-TCP_FORW: name:enp0s3: saddr:100932208: daddr:16783984
[  272.861362] AAAAA-TCP_FORW: name:enp0s3: saddr:16783984: daddr:100932208
[  272.937820] AAAAA-TCP_FORW: name:enp0s3: saddr:16783984: daddr:100932208
[  285.099266] AAAAA-TCP_FORW: name:enp0s3: saddr:100932208: daddr:16783984
[  285.146432] AAAAA-TCP_FORW: name:enp0s3: saddr:100932208: daddr:16783984
[  285.209202] AAAAA-TCP_FORW: name:enp0s3: saddr:100932208: daddr:16783984
[  285.229563] AAAAA-TCP_FORW: name:enp0s3: saddr:100932208: daddr:16783984
[  285.348971] AAAAA-TCP_FORW: name:enp0s3: saddr:100932208: daddr:16783984
[  285.386617] AAAAA-TCP_FORW: name:enp0s3: saddr:100932208: daddr:16783984
[  285.447843] AAAAA-TCP_FORW: name:enp0s3: saddr:100932208: daddr:16783984
[  285.521899] AAAAA-TCP_FORW: name:enp0s3: saddr:100932208: daddr:16783984
[  285.566232] AAAAA-TCP_FORW: name:enp0s3: saddr:100932208: daddr:16783984
[  285.626563] AAAAA-TCP_FORW: name:enp0s3: saddr:100932208: daddr:16783984
[  285.650151] AAAAA-TCP_FORW: name:enp0s3: saddr:100932208: daddr:16783984
[  285.706160] AAAAA-TCP_FORW: name:enp0s3: saddr:100932208: daddr:16783984
[  285.775446] AAAAA-TCP_FORW: name:enp0s3: saddr:100932208: daddr:16783984
[  285.814173] AAAAA-TCP_FORW: name:enp0s3: saddr:100932208: daddr:16783984
[  285.889644] AAAAA-TCP_FORW: name:enp0s3: saddr:100932208: daddr:16783984
[  285.932554] AAAAA-TCP_FORW: name:enp0s3: saddr:100932208: daddr:16783984
[  286.006526] AAAAA-TCP_FORW: name:enp0s3: saddr:100932208: daddr:16783984
[  286.061965] AAAAA-TCP_FORW: name:enp0s3: saddr:100932208: daddr:16783984
[  286.180868] AAAAA-TCP_FORW: name:enp0s3: saddr:100932208: daddr:16783984
[  286.183291] AAAAA-TCP_FORW: name:enp0s3: saddr:100932208: daddr:16783984
[  286.242862] AAAAA-TCP_FORW: name:enp0s3: saddr:100932208: daddr:16783984
[  286.298922] AAAAA-TCP_FORW: name:enp0s3: saddr:16783984: daddr:100932208
[  286.338763] AAAAA-TCP_FORW: name:enp0s3: saddr:100932208: daddr:16783984
[  286.372785] AAAAA-TCP_FORW: name:enp0s3: saddr:16783984: daddr:100932208
[  286.411437] AAAAA-TCP_FORW: name:enp0s3: saddr:100932208: daddr:16783984
[  286.435478] AAAAA-TCP_FORW: name:enp0s3: saddr:16783984: daddr:100932208
[  286.488637] AAAAA-TCP_FORW: name:enp0s3: saddr:100932208: daddr:16783984
[  286.546019] AAAAA-TCP_FORW: name:enp0s3: saddr:16783984: daddr:100932208
[  286.572488] AAAAA-TCP_FORW: name:enp0s3: saddr:100932208: daddr:16783984
[  286.613905] AAAAA-TCP_FORW: name:enp0s3: saddr:100932208: daddr:16783984
[  286.655432] AAAAA-TCP_FORW: name:enp0s3: saddr:16783984: daddr:100932208
[  286.696089] AAAAA-TCP_FORW: name:enp0s3: saddr:100932208: daddr:16783984
[  286.740093] AAAAA-TCP_FORW: name:enp0s3: saddr:16783984: daddr:100932208
[  286.772821] AAAAA-TCP_FORW: name:enp0s3: saddr:100932208: daddr:16783984
[  287.039244] AAAAA-TCP_FORW: name:enp0s3: saddr:16783984: daddr:100932208
[  287.211541] AAAAA-TCP_FORW: name:enp0s3: saddr:16783984: daddr:100932208
[  287.281270] AAAAA-TCP_FORW: name:enp0s3: saddr:16783984: daddr:100932208
[  287.366416] AAAAA-TCP_FORW: name:enp0s3: saddr:16783984: daddr:100932208
[  287.422410] AAAAA-TCP_FORW: name:enp0s3: saddr:16783984: daddr:100932208
[  287.476194] AAAAA-TCP_FORW: name:enp0s3: saddr:16783984: daddr:100932208
[  287.587959] AAAAA-TCP_FORW: name:enp0s3: saddr:16783984: daddr:100932208
[  287.645305] AAAAA-TCP_FORW: name:enp0s3: saddr:16783984: daddr:100932208
[  287.690028] AAAAA-TCP_FORW: name:enp0s3: saddr:16783984: daddr:100932208
[  287.716547] AAAAA-TCP_FORW: name:enp0s3: saddr:16783984: daddr:100932208
[  287.763038] AAAAA-TCP_FORW: name:enp0s3: saddr:16783984: daddr:100932208
[  287.836055] AAAAA-TCP_FORW: name:enp0s3: saddr:16783984: daddr:100932208
[  287.926438] AAAAA-TCP_FORW: name:enp0s3: saddr:100932208: daddr:16783984
[  287.937731] AAAAA-TCP_FORW: name:enp0s3: saddr:16783984: daddr:100932208
[  287.991599] AAAAA-TCP_FORW: name:enp0s3: saddr:100932208: daddr:16783984
[  288.025023] AAAAA-TCP_FORW: name:enp0s3: saddr:100932208: daddr:16783984
[  288.044342] AAAAA-TCP_FORW: name:enp0s3: saddr:16783984: daddr:100932208
[  288.093105] AAAAA-TCP_FORW: name:enp0s3: saddr:100932208: daddr:16783984
[  288.148996] AAAAA-TCP_FORW: name:enp0s3: saddr:100932208: daddr:16783984
[  288.165478] AAAAA-TCP_FORW: name:enp0s3: saddr:100932208: daddr:16783984
[  288.199642] AAAAA-TCP_FORW: name:enp0s3: saddr:16783984: daddr:100932208
[  288.249545] AAAAA-TCP_FORW: name:enp0s3: saddr:100932208: daddr:16783984
[  288.272313] AAAAA-TCP_FORW: name:enp0s3: saddr:100932208: daddr:16783984
[  288.286585] AAAAA-TCP_FORW: name:enp0s3: saddr:16783984: daddr:100932208
[  288.318523] AAAAA-TCP_FORW: name:enp0s3: saddr:100932208: daddr:16783984
[  288.462719] AAAAA-TCP_FORW: name:enp0s3: saddr:16783984: daddr:100932208
[  288.471980] AAAAA-TCP_FORW: name:enp0s3: saddr:100932208: daddr:16783984
[  288.511193] AAAAA-TCP_FORW: name:enp0s3: saddr:100932208: daddr:16783984
[  288.561041] AAAAA-TCP_FORW: name:enp0s3: saddr:100932208: daddr:16783984
[  288.622962] AAAAA-TCP_FORW: name:enp0s3: saddr:100932208: daddr:16783984
[  288.654578] AAAAA-TCP_FORW: name:enp0s3: saddr:100932208: daddr:16783984
[  288.666708] AAAAA-TCP_FORW: name:enp0s3: saddr:100932208: daddr:16783984
[  288.693918] AAAAA-TCP_FORW: name:enp0s3: saddr:100932208: daddr:16783984
[  288.721060] AAAAA-TCP_FORW: name:enp0s3: saddr:100932208: daddr:16783984
[  288.778660] AAAAA-TCP_FORW: name:enp0s3: saddr:100932208: daddr:16783984
[  288.823415] AAAAA-TCP_FORW: name:enp0s3: saddr:100932208: daddr:16783984
[  288.869160] AAAAA-TCP_FORW: name:enp0s3: saddr:100932208: daddr:16783984
[  288.909221] AAAAA-TCP_FORW: name:enp0s3: saddr:100932208: daddr:16783984
[  288.949660] AAAAA-TCP_FORW: name:enp0s3: saddr:100932208: daddr:16783984
[  288.977421] AAAAA-TCP_FORW: name:enp0s3: saddr:100932208: daddr:16783984
[  289.004001] AAAAA-TCP_FORW: name:enp0s3: saddr:100932208: daddr:16783984
[  289.022770] AAAAA-TCP_FORW: name:enp0s3: saddr:16783984: daddr:100932208
[  289.062998] AAAAA-TCP_FORW: name:enp0s3: saddr:100932208: daddr:16783984
[  289.102401] AAAAA-TCP_FORW: name:enp0s3: saddr:100932208: daddr:16783984
[  289.145284] AAAAA-TCP_FORW: name:enp0s3: saddr:16783984: daddr:100932208
[  289.171529] AAAAA-TCP_FORW: name:enp0s3: saddr:100932208: daddr:16783984
[  289.214410] AAAAA-TCP_FORW: name:enp0s3: saddr:100932208: daddr:16783984
[  289.252787] AAAAA-TCP_FORW: name:enp0s3: saddr:100932208: daddr:16783984
[  289.272443] AAAAA-TCP_FORW: name:enp0s3: saddr:16783984: daddr:100932208
[  289.292078] AAAAA-TCP_FORW: name:enp0s3: saddr:100932208: daddr:16783984
[  289.326133] AAAAA-TCP_FORW: name:enp0s3: saddr:100932208: daddr:16783984
[  289.356051] AAAAA-TCP_FORW: name:enp0s3: saddr:16783984: daddr:100932208
[  289.382129] AAAAA-TCP_FORW: name:enp0s3: saddr:100932208: daddr:16783984
[  289.397239] AAAAA-TCP_FORW: name:enp0s3: saddr:100932208: daddr:16783984
[  289.451122] AAAAA-TCP_FORW: name:enp0s3: saddr:100932208: daddr:16783984
[  289.495894] AAAAA-TCP_FORW: name:enp0s3: saddr:100932208: daddr:16783984
[  289.533571] AAAAA-TCP_FORW: name:enp0s3: saddr:16783984: daddr:100932208
[  289.542876] AAAAA-TCP_FORW: name:enp0s3: saddr:100932208: daddr:16783984
[  289.560597] AAAAA-TCP_FORW: name:enp0s3: saddr:100932208: daddr:16783984
[  289.594787] AAAAA-TCP_FORW: name:enp0s3: saddr:100932208: daddr:16783984
[  289.617232] AAAAA-TCP_FORW: name:enp0s3: saddr:16783984: daddr:100932208
[  289.655811] AAAAA-TCP_FORW: name:enp0s3: saddr:100932208: daddr:16783984
[  289.688022] AAAAA-TCP_FORW: name:enp0s3: saddr:16783984: daddr:100932208
[  289.699964] AAAAA-TCP_FORW: name:enp0s3: saddr:100932208: daddr:16783984
[  289.715787] AAAAA-TCP_FORW: name:enp0s3: saddr:100932208: daddr:16783984
[  289.757166] AAAAA-TCP_FORW: name:enp0s3: saddr:100932208: daddr:16783984
[  289.783973] AAAAA-TCP_FORW: name:enp0s3: saddr:16783984: daddr:100932208
[  289.821901] AAAAA-TCP_FORW: name:enp0s3: saddr:16783984: daddr:100932208
[  289.865311] AAAAA-TCP_FORW: name:enp0s3: saddr:16783984: daddr:100932208
[  289.911243] AAAAA-TCP_FORW: name:enp0s3: saddr:16783984: daddr:100932208
[  289.966694] AAAAA-TCP_FORW: name:enp0s3: saddr:16783984: daddr:100932208
[  290.002879] AAAAA-TCP_FORW: name:enp0s3: saddr:100932208: daddr:16783984
[  290.028044] AAAAA-TCP_FORW: name:enp0s3: saddr:100932208: daddr:16783984
[  290.068994] AAAAA-TCP_FORW: name:enp0s3: saddr:16783984: daddr:100932208
[  290.130129] AAAAA-TCP_FORW: name:enp0s3: saddr:100932208: daddr:16783984
[  290.201623] AAAAA-TCP_FORW: name:enp0s3: saddr:100932208: daddr:16783984
[  290.226075] AAAAA-TCP_FORW: name:enp0s3: saddr:16783984: daddr:100932208
[  290.282505] AAAAA-TCP_FORW: name:enp0s3: saddr:100932208: daddr:16783984
[  290.311906] AAAAA-TCP_FORW: name:enp0s3: saddr:100932208: daddr:16783984
[  290.331577] AAAAA-TCP_FORW: name:enp0s3: saddr:16783984: daddr:100932208
[  290.355954] AAAAA-TCP_FORW: name:enp0s3: saddr:100932208: daddr:16783984
[  290.372352] AAAAA-TCP_FORW: name:enp0s3: saddr:100932208: daddr:16783984
[  290.386199] AAAAA-TCP_FORW: name:enp0s3: saddr:16783984: daddr:100932208
[  290.413323] AAAAA-TCP_FORW: name:enp0s3: saddr:100932208: daddr:16783984
[  290.447403] AAAAA-TCP_FORW: name:enp0s3: saddr:100932208: daddr:16783984
[  290.483481] AAAAA-TCP_FORW: name:enp0s3: saddr:16783984: daddr:100932208
[  290.553158] AAAAA-TCP_FORW: name:enp0s3: saddr:16783984: daddr:100932208
[  290.580770] AAAAA-TCP_FORW: name:enp0s3: saddr:100932208: daddr:16783984
[  290.610610] AAAAA-TCP_FORW: name:enp0s3: saddr:100932208: daddr:16783984
[  290.635697] AAAAA-TCP_FORW: name:enp0s3: saddr:16783984: daddr:100932208
[  290.702605] AAAAA-TCP_FORW: name:enp0s3: saddr:100932208: daddr:16783984
[  290.728802] AAAAA-TCP_FORW: name:enp0s3: saddr:16783984: daddr:100932208
[  290.734091] AAAAA-TCP_FORW: name:enp0s3: saddr:100932208: daddr:16783984
[  290.802096] AAAAA-TCP_FORW: name:enp0s3: saddr:100932208: daddr:16783984
[  290.809109] AAAAA-TCP_FORW: name:enp0s3: saddr:100932208: daddr:16783984
[  290.845033] AAAAA-TCP_FORW: name:enp0s3: saddr:16783984: daddr:100932208
[  290.862506] AAAAA-TCP_FORW: name:enp0s3: saddr:100932208: daddr:16783984
[  290.885814] AAAAA-TCP_FORW: name:enp0s3: saddr:100932208: daddr:16783984
[  290.927249] AAAAA-TCP_FORW: name:enp0s3: saddr:100932208: daddr:16783984
[  290.978460] AAAAA-TCP_FORW: name:enp0s3: saddr:16783984: daddr:100932208
[  290.992669] AAAAA-TCP_FORW: name:enp0s3: saddr:100932208: daddr:16783984
[  291.022087] AAAAA-TCP_FORW: name:enp0s3: saddr:100932208: daddr:16783984
[  291.150531] AAAAA-TCP_FORW: name:enp0s3: saddr:16783984: daddr:100932208
[  291.239990] AAAAA-TCP_FORW: name:enp0s3: saddr:16783984: daddr:100932208
[  291.330478] AAAAA-TCP_FORW: name:enp0s3: saddr:16783984: daddr:100932208
[  291.391925] AAAAA-TCP_FORW: name:enp0s3: saddr:16783984: daddr:100932208
[  291.479481] AAAAA-TCP_FORW: name:enp0s3: saddr:16783984: daddr:100932208
[  291.561549] AAAAA-TCP_FORW: name:enp0s3: saddr:16783984: daddr:100932208
[  291.645498] AAAAA-TCP_FORW: name:enp0s3: saddr:16783984: daddr:100932208
[  291.759160] AAAAA-TCP_FORW: name:enp0s3: saddr:16783984: daddr:100932208
[  291.824537] AAAAA-TCP_FORW: name:enp0s3: saddr:16783984: daddr:100932208
[  291.901854] AAAAA-TCP_FORW: name:enp0s3: saddr:16783984: daddr:100932208
[  291.984756] AAAAA-TCP_FORW: name:enp0s3: saddr:16783984: daddr:100932208
[  549.400364] rfkill: input handler enabled
[  558.503567] rfkill: input handler disabled
[  738.654672] device enp0s3 left promiscuous mode
