[    0.000000] Linux version 5.4.243-tcp (root@ztg) (gcc version 12.2.0 (Debian 12.2.0-14)) #1 SMP Fri Apr 12 08:27:09 CST 2024
[    0.000000] Command line: BOOT_IMAGE=/boot/vmlinuz-5.4.243-tcp root=UUID=98415a12-53b7-4144-8265-0f7ece09e445 ro quiet splash
[    0.000000] KERNEL supported cpus:
[    0.000000]   Intel GenuineIntel
[    0.000000]   AMD AuthenticAMD
[    0.000000]   Hygon HygonGenuine
[    0.000000]   Centaur CentaurHauls
[    0.000000]   zhaoxin   Shanghai  
[    0.000000] x86/fpu: Supporting XSAVE feature 0x001: 'x87 floating point registers'
[    0.000000] x86/fpu: Supporting XSAVE feature 0x002: 'SSE registers'
[    0.000000] x86/fpu: Supporting XSAVE feature 0x004: 'AVX registers'
[    0.000000] x86/fpu: xstate_offset[2]:  576, xstate_sizes[2]:  256
[    0.000000] x86/fpu: Enabled xstate features 0x7, context size is 832 bytes, using 'standard' format.
[    0.000000] BIOS-provided physical RAM map:
[    0.000000] BIOS-e820: [mem 0x0000000000000000-0x000000000009fbff] usable
[    0.000000] BIOS-e820: [mem 0x000000000009fc00-0x000000000009ffff] reserved
[    0.000000] BIOS-e820: [mem 0x00000000000f0000-0x00000000000fffff] reserved
[    0.000000] BIOS-e820: [mem 0x0000000000100000-0x000000007ffeffff] usable
[    0.000000] BIOS-e820: [mem 0x000000007fff0000-0x000000007fffffff] ACPI data
[    0.000000] BIOS-e820: [mem 0x00000000fec00000-0x00000000fec00fff] reserved
[    0.000000] BIOS-e820: [mem 0x00000000fee00000-0x00000000fee00fff] reserved
[    0.000000] BIOS-e820: [mem 0x00000000fffc0000-0x00000000ffffffff] reserved
[    0.000000] NX (Execute Disable) protection: active
[    0.000000] SMBIOS 2.5 present.
[    0.000000] DMI: innotek GmbH VirtualBox/VirtualBox, BIOS VirtualBox 12/01/2006
[    0.000000] Hypervisor detected: KVM
[    0.000000] kvm-clock: Using msrs 4b564d01 and 4b564d00
[    0.000000] kvm-clock: cpu 0, msr a001001, primary cpu clock
[    0.000000] kvm-clock: using sched offset of 4405205610 cycles
[    0.000003] clocksource: kvm-clock: mask: 0xffffffffffffffff max_cycles: 0x1cd42e4dffb, max_idle_ns: 881590591483 ns
[    0.000005] tsc: Detected 2100.000 MHz processor
[    0.001860] e820: update [mem 0x00000000-0x00000fff] usable ==> reserved
[    0.001862] e820: remove [mem 0x000a0000-0x000fffff] usable
[    0.001866] last_pfn = 0x7fff0 max_arch_pfn = 0x400000000
[    0.001933] MTRR default type: uncachable
[    0.001933] MTRR fixed ranges enabled:
[    0.001935]   00000-9FFFF write-back
[    0.001935]   A0000-BFFFF uncachable
[    0.001936]   C0000-FFFFF write-protect
[    0.001937] MTRR variable ranges enabled:
[    0.001938]   0 base 000000000000 mask 3FFF80000000 write-back
[    0.001939]   1 disabled
[    0.001939]   2 disabled
[    0.001940]   3 disabled
[    0.001940]   4 disabled
[    0.001941]   5 disabled
[    0.001941]   6 disabled
[    0.001941]   7 disabled
[    0.001942]   8 disabled
[    0.001942]   9 disabled
[    0.001943]   10 disabled
[    0.001943]   11 disabled
[    0.001944]   12 disabled
[    0.001944]   13 disabled
[    0.001944]   14 disabled
[    0.001945]   15 disabled
[    0.001961] x86/PAT: Configuration [0-7]: WB  WC  UC- UC  WB  WP  UC- WT  
[    0.002093] found SMP MP-table at [mem 0x0009fff0-0x0009ffff]
[    0.090415] check: Scanning 1 areas for low memory corruption
[    0.090688] RAMDISK: [mem 0x32275000-0x35131fff]
[    0.090696] ACPI: Early table checksum verification disabled
[    0.090702] ACPI: RSDP 0x00000000000E0000 000024 (v02 VBOX  )
[    0.090706] ACPI: XSDT 0x000000007FFF0030 00003C (v01 VBOX   VBOXXSDT 00000001 ASL  00000061)
[    0.090712] ACPI: FACP 0x000000007FFF00F0 0000F4 (v04 VBOX   VBOXFACP 00000001 ASL  00000061)
[    0.090719] ACPI: DSDT 0x000000007FFF02E0 002353 (v02 VBOX   VBOXBIOS 00000002 VBOX 00029BF3)
[    0.090723] ACPI: FACS 0x000000007FFF0200 000040
[    0.090726] ACPI: FACS 0x000000007FFF0200 000040
[    0.090729] ACPI: APIC 0x000000007FFF0240 000054 (v02 VBOX   VBOXAPIC 00000001 ASL  00000061)
[    0.090733] ACPI: SSDT 0x000000007FFF02A0 000038 (v01 VBOX   VBOXCPUT 00000002 VBOX 00029BF3)
[    0.090736] ACPI: Reserving FACP table memory at [mem 0x7fff00f0-0x7fff01e3]
[    0.090737] ACPI: Reserving DSDT table memory at [mem 0x7fff02e0-0x7fff2632]
[    0.090738] ACPI: Reserving FACS table memory at [mem 0x7fff0200-0x7fff023f]
[    0.090739] ACPI: Reserving FACS table memory at [mem 0x7fff0200-0x7fff023f]
[    0.090739] ACPI: Reserving APIC table memory at [mem 0x7fff0240-0x7fff0293]
[    0.090740] ACPI: Reserving SSDT table memory at [mem 0x7fff02a0-0x7fff02d7]
[    0.090754] ACPI: Local APIC address 0xfee00000
[    0.090939] No NUMA configuration found
[    0.090940] Faking a node at [mem 0x0000000000000000-0x000000007ffeffff]
[    0.090950] NODE_DATA(0) allocated [mem 0x7ffc5000-0x7ffeffff]
[    0.091210] Zone ranges:
[    0.091211]   DMA      [mem 0x0000000000001000-0x0000000000ffffff]
[    0.091212]   DMA32    [mem 0x0000000001000000-0x000000007ffeffff]
[    0.091213]   Normal   empty
[    0.091213]   Device   empty
[    0.091214] Movable zone start for each node
[    0.091216] Early memory node ranges
[    0.091217]   node   0: [mem 0x0000000000001000-0x000000000009efff]
[    0.091217]   node   0: [mem 0x0000000000100000-0x000000007ffeffff]
[    0.091220] Zeroed struct page in unavailable ranges: 114 pages
[    0.091221] Initmem setup node 0 [mem 0x0000000000001000-0x000000007ffeffff]
[    0.091222] On node 0 totalpages: 524174
[    0.091224]   DMA zone: 64 pages used for memmap
[    0.091224]   DMA zone: 21 pages reserved
[    0.091225]   DMA zone: 3998 pages, LIFO batch:0
[    0.091295]   DMA32 zone: 8128 pages used for memmap
[    0.091296]   DMA32 zone: 520176 pages, LIFO batch:63
[    0.100170] ACPI: PM-Timer IO Port: 0x4008
[    0.100173] ACPI: Local APIC address 0xfee00000
[    0.100239] IOAPIC[0]: apic_id 1, version 32, address 0xfec00000, GSI 0-23
[    0.100242] ACPI: INT_SRC_OVR (bus 0 bus_irq 0 global_irq 2 dfl dfl)
[    0.100244] ACPI: INT_SRC_OVR (bus 0 bus_irq 9 global_irq 9 low level)
[    0.100246] ACPI: IRQ0 used by override.
[    0.100247] ACPI: IRQ9 used by override.
[    0.100249] Using ACPI (MADT) for SMP configuration information
[    0.100256] smpboot: Allowing 1 CPUs, 0 hotplug CPUs
[    0.100279] PM: Registered nosave memory: [mem 0x00000000-0x00000fff]
[    0.100280] PM: Registered nosave memory: [mem 0x0009f000-0x0009ffff]
[    0.100281] PM: Registered nosave memory: [mem 0x000a0000-0x000effff]
[    0.100282] PM: Registered nosave memory: [mem 0x000f0000-0x000fffff]
[    0.100284] [mem 0x80000000-0xfebfffff] available for PCI devices
[    0.100284] Booting paravirtualized kernel on KVM
[    0.100287] clocksource: refined-jiffies: mask: 0xffffffff max_cycles: 0xffffffff, max_idle_ns: 7645519600211568 ns
[    0.100292] setup_percpu: NR_CPUS:8192 nr_cpumask_bits:1 nr_cpu_ids:1 nr_node_ids:1
[    0.101318] percpu: Embedded 60 pages/cpu s208896 r8192 d28672 u2097152
[    0.101323] pcpu-alloc: s208896 r8192 d28672 u2097152 alloc=1*2097152
[    0.101324] pcpu-alloc: [0] 0 
[    0.101350] Built 1 zonelists, mobility grouping on.  Total pages: 515961
[    0.101350] Policy zone: DMA32
[    0.101351] Kernel command line: BOOT_IMAGE=/boot/vmlinuz-5.4.243-tcp root=UUID=98415a12-53b7-4144-8265-0f7ece09e445 ro quiet splash
[    0.102226] Dentry cache hash table entries: 262144 (order: 9, 2097152 bytes, linear)
[    0.102373] Inode-cache hash table entries: 131072 (order: 8, 1048576 bytes, linear)
[    0.102423] mem auto-init: stack:off, heap alloc:on, heap free:off
[    0.102426] Calgary: detecting Calgary via BIOS EBDA area
[    0.102427] Calgary: Unable to locate Rio Grande table in EBDA - bailing!
[    0.106513] Memory: 1967340K/2096696K available (14339K kernel code, 2392K rwdata, 4692K rodata, 2720K init, 17272K bss, 129356K reserved, 0K cma-reserved)
[    0.107459] SLUB: HWalign=64, Order=0-3, MinObjects=0, CPUs=1, Nodes=1
[    0.107475] ftrace: allocating 42894 entries in 168 pages
[    0.125311] rcu: Hierarchical RCU implementation.
[    0.125314] rcu: 	RCU restricting CPUs from NR_CPUS=8192 to nr_cpu_ids=1.
[    0.125315] 	Tasks RCU enabled.
[    0.125316] rcu: RCU calculated value of scheduler-enlistment delay is 25 jiffies.
[    0.125317] rcu: Adjusting geometry for rcu_fanout_leaf=16, nr_cpu_ids=1
[    0.128274] NR_IRQS: 524544, nr_irqs: 256, preallocated irqs: 16
[    0.128486] random: crng init done
[    0.137813] Console: colour VGA+ 80x25
[    0.137817] printk: console [tty0] enabled
[    0.137838] ACPI: Core revision 20190816
[    0.137957] APIC: Switch to symmetric I/O mode setup
[    0.138208] x2apic enabled
[    0.138446] Switched APIC routing to physical x2apic.
[    0.139574] ..TIMER: vector=0x30 apic1=0 pin1=2 apic2=-1 pin2=-1
[    0.139598] clocksource: tsc-early: mask: 0xffffffffffffffff max_cycles: 0x1e4530a99b6, max_idle_ns: 440795257976 ns
[    0.139603] Calibrating delay loop (skipped) preset value.. 4200.00 BogoMIPS (lpj=8400000)
[    0.139606] pid_max: default: 32768 minimum: 301
[    0.139633] LSM: Security Framework initializing
[    0.139643] Yama: becoming mindful.
[    0.139669] AppArmor: AppArmor initialized
[    0.139702] Mount-cache hash table entries: 4096 (order: 3, 32768 bytes, linear)
[    0.139707] Mountpoint-cache hash table entries: 4096 (order: 3, 32768 bytes, linear)
[    0.139718] *** VALIDATE tmpfs ***
[    0.139850] *** VALIDATE proc ***
[    0.139891] *** VALIDATE cgroup1 ***
[    0.139892] *** VALIDATE cgroup2 ***
[    0.140034] process: using mwait in idle threads
[    0.140039] Last level iTLB entries: 4KB 64, 2MB 8, 4MB 8
[    0.140039] Last level dTLB entries: 4KB 64, 2MB 0, 4MB 0, 1GB 4
[    0.140059] Spectre V1 : Mitigation: usercopy/swapgs barriers and __user pointer sanitization
[    0.140064] Spectre V2 : Mitigation: Retpolines
[    0.140065] Spectre V2 : Spectre v2 / SpectreRSB mitigation: Filling RSB on context switch
[    0.140065] Spectre V2 : Spectre v2 / SpectreRSB : Filling RSB on VMEXIT
[    0.140066] RETBleed: WARNING: Spectre v2 mitigation leaves CPU vulnerable to RETBleed attacks, data leaks possible!
[    0.140430] RETBleed: Vulnerable
[    0.140430] Speculative Store Bypass: Vulnerable
[    0.140435] TAA: Mitigation: TSX disabled
[    0.140436] MMIO Stale Data: Mitigation: Clear CPU buffers
[    0.144601] Freeing SMP alternatives memory: 40K
[    0.256294] smpboot: CPU0: Intel(R) Xeon(R) Silver 4216 CPU @ 2.10GHz (family: 0x6, model: 0x55, stepping: 0x7)
[    0.256425] Performance Events: unsupported p6 CPU model 85 no PMU driver, software events only.
[    0.256462] rcu: Hierarchical SRCU implementation.
[    0.256935] NMI watchdog: Perf NMI watchdog permanently disabled
[    0.256973] smp: Bringing up secondary CPUs ...
[    0.256974] smp: Brought up 1 node, 1 CPU
[    0.256975] smpboot: Max logical packages: 1
[    0.256977] smpboot: Total of 1 processors activated (4200.00 BogoMIPS)
[    0.257973] devtmpfs: initialized
[    0.258020] x86/mm: Memory block size: 128MB
[    0.258365] clocksource: jiffies: mask: 0xffffffff max_cycles: 0xffffffff, max_idle_ns: 7645041785100000 ns
[    0.258371] futex hash table entries: 256 (order: 2, 16384 bytes, linear)
[    0.258413] pinctrl core: initialized pinctrl subsystem
[    0.258515] PM: RTC time: 16:33:16, date: 2026-01-20
[    0.258621] NET: Registered protocol family 16
[    0.258693] audit: initializing netlink subsys (disabled)
[    0.258819] EISA bus registered
[    0.258821] cpuidle: using governor ladder
[    0.258821] cpuidle: using governor menu
[    0.258860] ACPI: bus type PCI registered
[    0.258862] acpiphp: ACPI Hot Plug PCI Controller Driver version: 0.5
[    0.258964] PCI: Using configuration type 1 for base access
[    0.259866] audit: type=2000 audit(1768898003.105:1): state=initialized audit_enabled=0 res=1
[    0.259949] HugeTLB registered 2.00 MiB page size, pre-allocated 0 pages
[    0.260840] ACPI: Added _OSI(Module Device)
[    0.260840] ACPI: Added _OSI(Processor Device)
[    0.260841] ACPI: Added _OSI(3.0 _SCP Extensions)
[    0.260842] ACPI: Added _OSI(Processor Aggregator Device)
[    0.260842] ACPI: Added _OSI(Linux-Dell-Video)
[    0.260843] ACPI: Added _OSI(Linux-Lenovo-NV-HDMI-Audio)
[    0.260844] ACPI: Added _OSI(Linux-HPI-Hybrid-Graphics)
[    0.262792] ACPI: 2 ACPI AML tables successfully acquired and loaded
[    0.264420] ACPI: Interpreter enabled
[    0.264430] ACPI: (supports S0 S5)
[    0.264431] ACPI: Using IOAPIC for interrupt routing
[    0.264644] PCI: Using host bridge windows from ACPI; if necessary, use "pci=nocrs" and report a bug
[    0.264752] ACPI: Enabled 2 GPEs in block 00 to 07
[    0.269557] ACPI: PCI Root Bridge [PCI0] (domain 0000 [bus 00-ff])
[    0.269562] acpi PNP0A03:00: _OSC: OS supports [ASPM ClockPM Segments MSI HPX-Type3]
[    0.270004] acpi PNP0A03:00: _OSC: not requesting OS control; OS requires [ExtendedConfig ASPM ClockPM MSI]
[    0.270012] acpi PNP0A03:00: fail to add MMCONFIG information, can't access extended PCI configuration space under this bridge.
[    0.270388] PCI host bridge to bus 0000:00
[    0.270390] pci_bus 0000:00: root bus resource [io  0x0000-0x0cf7 window]
[    0.270391] pci_bus 0000:00: root bus resource [io  0x0d00-0xffff window]
[    0.270393] pci_bus 0000:00: root bus resource [mem 0x000a0000-0x000bffff window]
[    0.270394] pci_bus 0000:00: root bus resource [mem 0x80000000-0xfdffffff window]
[    0.270395] pci_bus 0000:00: root bus resource [bus 00-ff]
[    0.270438] pci 0000:00:00.0: [8086:1237] type 00 class 0x060000
[    0.271361] pci 0000:00:01.0: [8086:7000] type 00 class 0x060100
[    0.272137] pci 0000:00:01.1: [8086:7111] type 00 class 0x01018a
[    0.272512] pci 0000:00:01.1: reg 0x20: [io  0xd000-0xd00f]
[    0.272663] pci 0000:00:01.1: legacy IDE quirk: reg 0x10: [io  0x01f0-0x01f7]
[    0.272664] pci 0000:00:01.1: legacy IDE quirk: reg 0x14: [io  0x03f6]
[    0.272665] pci 0000:00:01.1: legacy IDE quirk: reg 0x18: [io  0x0170-0x0177]
[    0.272666] pci 0000:00:01.1: legacy IDE quirk: reg 0x1c: [io  0x0376]
[    0.273201] pci 0000:00:02.0: [15ad:0405] type 00 class 0x030000
[    0.275677] pci 0000:00:02.0: reg 0x10: [io  0xd010-0xd01f]
[    0.279645] pci 0000:00:02.0: reg 0x14: [mem 0xe0000000-0xe7ffffff pref]
[    0.282258] pci 0000:00:02.0: reg 0x18: [mem 0xf0000000-0xf01fffff]
[    0.292372] pci 0000:00:03.0: [1022:2000] type 00 class 0x020000
[    0.293055] pci 0000:00:03.0: reg 0x10: [io  0xd020-0xd03f]
[    0.293665] pci 0000:00:03.0: reg 0x14: [mem 0xf0200000-0xf0200fff]
[    0.297059] pci 0000:00:04.0: [80ee:cafe] type 00 class 0x088000
[    0.297750] pci 0000:00:04.0: reg 0x10: [io  0xd040-0xd05f]
[    0.298375] pci 0000:00:04.0: reg 0x14: [mem 0xf0400000-0xf07fffff]
[    0.299713] pci 0000:00:04.0: reg 0x18: [mem 0xf0800000-0xf0803fff pref]
[    0.303243] pci 0000:00:07.0: [8086:7113] type 00 class 0x068000
[    0.303839] pci 0000:00:07.0: quirk: [io  0x4000-0x403f] claimed by PIIX4 ACPI
[    0.303849] pci 0000:00:07.0: quirk: [io  0x4100-0x410f] claimed by PIIX4 SMB
[    0.304434] pci 0000:00:08.0: [1022:2000] type 00 class 0x020000
[    0.305119] pci 0000:00:08.0: reg 0x10: [io  0xd060-0xd07f]
[    0.305732] pci 0000:00:08.0: reg 0x14: [mem 0xf0804000-0xf0804fff]
[    0.308998] pci 0000:00:09.0: [8086:100e] type 00 class 0x020000
[    0.309699] pci 0000:00:09.0: reg 0x10: [mem 0xf0820000-0xf083ffff]
[    0.310890] pci 0000:00:09.0: reg 0x18: [io  0xd080-0xd087]
[    0.320586] ACPI: PCI Interrupt Link [LNKA] (IRQs 5 9 10 *11)
[    0.320869] ACPI: PCI Interrupt Link [LNKB] (IRQs 5 9 *10 11)
[    0.320971] ACPI: PCI Interrupt Link [LNKC] (IRQs 5 *9 10 11)
[    0.321075] ACPI: PCI Interrupt Link [LNKD] (IRQs 5 9 10 *11)
[    0.321338] iommu: Default domain type: Translated 
[    0.321400] pci 0000:00:02.0: vgaarb: setting as boot VGA device
[    0.321401] pci 0000:00:02.0: vgaarb: VGA device added: decodes=io+mem,owns=io+mem,locks=none
[    0.321403] pci 0000:00:02.0: vgaarb: bridge control possible
[    0.321404] vgaarb: loaded
[    0.321610] SCSI subsystem initialized
[    0.321642] libata version 3.00 loaded.
[    0.321669] ACPI: bus type USB registered
[    0.321683] usbcore: registered new interface driver usbfs
[    0.321688] usbcore: registered new interface driver hub
[    0.321692] usbcore: registered new device driver usb
[    0.321719] pps_core: LinuxPPS API ver. 1 registered
[    0.321719] pps_core: Software ver. 5.3.6 - Copyright 2005-2007 Rodolfo Giometti <giometti@linux.it>
[    0.321721] PTP clock support registered
[    0.321754] EDAC MC: Ver: 3.0.0
[    0.323685] PCI: Using ACPI for IRQ routing
[    0.323686] PCI: pci_cache_line_size set to 64 bytes
[    0.323855] e820: reserve RAM buffer [mem 0x0009fc00-0x0009ffff]
[    0.323859] e820: reserve RAM buffer [mem 0x7fff0000-0x7fffffff]
[    0.323982] NetLabel: Initializing
[    0.323982] NetLabel:  domain hash size = 128
[    0.323983] NetLabel:  protocols = UNLABELED CIPSOv4 CALIPSO
[    0.324001] NetLabel:  unlabeled traffic allowed by default
[    0.325635] clocksource: Switched to clocksource kvm-clock
[    0.338025] *** VALIDATE bpf ***
[    0.338083] VFS: Disk quotas dquot_6.6.0
[    0.338096] VFS: Dquot-cache hash table entries: 512 (order 0, 4096 bytes)
[    0.338117] *** VALIDATE ramfs ***
[    0.338121] *** VALIDATE hugetlbfs ***
[    0.338199] AppArmor: AppArmor Filesystem Enabled
[    0.338223] pnp: PnP ACPI init
[    0.338290] pnp 00:00: Plug and Play ACPI device, IDs PNP0303 (active)
[    0.338359] pnp 00:01: Plug and Play ACPI device, IDs PNP0f03 (active)
[    0.339085] pnp: PnP ACPI: found 2 devices
[    0.340081] thermal_sys: Registered thermal governor 'fair_share'
[    0.340082] thermal_sys: Registered thermal governor 'bang_bang'
[    0.340082] thermal_sys: Registered thermal governor 'step_wise'
[    0.340083] thermal_sys: Registered thermal governor 'user_space'
[    0.340083] thermal_sys: Registered thermal governor 'power_allocator'
[    0.344617] clocksource: acpi_pm: mask: 0xffffff max_cycles: 0xffffff, max_idle_ns: 2085701024 ns
[    0.344657] pci_bus 0000:00: resource 4 [io  0x0000-0x0cf7 window]
[    0.344659] pci_bus 0000:00: resource 5 [io  0x0d00-0xffff window]
[    0.344660] pci_bus 0000:00: resource 6 [mem 0x000a0000-0x000bffff window]
[    0.344661] pci_bus 0000:00: resource 7 [mem 0x80000000-0xfdffffff window]
[    0.344716] NET: Registered protocol family 2
[    0.344792] IP idents hash table entries: 32768 (order: 6, 262144 bytes, linear)
[    0.345162] tcp_listen_portaddr_hash hash table entries: 1024 (order: 2, 16384 bytes, linear)
[    0.345241] TCP established hash table entries: 16384 (order: 5, 131072 bytes, linear)
[    0.345305] TCP bind hash table entries: 16384 (order: 6, 262144 bytes, linear)
[    0.345330] TCP: Hash tables configured (established 16384 bind 16384)
[    0.345375] UDP hash table entries: 1024 (order: 3, 32768 bytes, linear)
[    0.345387] UDP-Lite hash table entries: 1024 (order: 3, 32768 bytes, linear)
[    0.345415] NET: Registered protocol family 1
[    0.345422] NET: Registered protocol family 44
[    0.345449] pci 0000:00:00.0: Limiting direct PCI/PCI transfers
[    0.345462] pci 0000:00:01.0: Activating ISA DMA hang workarounds
[    0.345517] pci 0000:00:02.0: Video device with shadowed ROM at [mem 0x000c0000-0x000dffff]
[    0.345578] PCI: CLS 0 bytes, default 64
[    0.345628] Trying to unpack rootfs image as initramfs...
[    0.519410] Freeing initrd memory: 47860K
[    0.519410] clocksource: tsc: mask: 0xffffffffffffffff max_cycles: 0x1e4530a99b6, max_idle_ns: 440795257976 ns
[    0.519410] clocksource: Switched to clocksource tsc
[    0.519410] platform rtc_cmos: registered platform RTC device (no PNP device found)
[    0.519410] check: Scanning for low memory corruption every 60 seconds
[    0.519410] Initialise system trusted keyrings
[    0.519410] Key type blacklist registered
[    0.519410] workingset: timestamp_bits=36 max_order=19 bucket_order=0
[    0.519410] zbud: loaded
[    0.519410] squashfs: version 4.0 (2009/01/31) Phillip Lougher
[    0.519410] fuse: init (API version 7.31)
[    0.519410] *** VALIDATE fuse ***
[    0.519410] *** VALIDATE fuse ***
[    0.519410] Platform Keyring initialized
[    0.531587] Key type asymmetric registered
[    0.531588] Asymmetric key parser 'x509' registered
[    0.531597] Block layer SCSI generic (bsg) driver version 0.4 loaded (major 244)
[    0.531633] io scheduler mq-deadline registered
[    0.531738] shpchp: Standard Hot Plug PCI Controller Driver version: 0.4
[    0.531936] ACPI: AC Adapter [AC] (on-line)
[    0.531980] input: Power Button as /devices/LNXSYSTM:00/LNXPWRBN:00/input/input0
[    0.532006] ACPI: Power Button [PWRF]
[    0.532080] input: Sleep Button as /devices/LNXSYSTM:00/LNXSLPBN:00/input/input1
[    0.532093] ACPI: Sleep Button [SLPF]
[    0.532304] Serial: 8250/16550 driver, 32 ports, IRQ sharing enabled
[    0.533454] Linux agpgart interface v0.103
[    0.623182] loop: module loaded
[    0.623337] ata_piix 0000:00:01.1: version 2.13
[    0.623802] scsi host0: ata_piix
[    0.623909] scsi host1: ata_piix
[    0.623937] ata1: PATA max UDMA/33 cmd 0x1f0 ctl 0x3f6 bmdma 0xd000 irq 14
[    0.623938] ata2: PATA max UDMA/33 cmd 0x170 ctl 0x376 bmdma 0xd008 irq 15
[    0.624021] tun: Universal TUN/TAP device driver, 1.6
[    0.624342] PPP generic driver version 2.4.2
[    0.624402] VFIO - User Level meta-driver version: 0.3
[    0.624673] ehci_hcd: USB 2.0 'Enhanced' Host Controller (EHCI) Driver
[    0.624679] ehci-pci: EHCI PCI platform driver
[    0.624695] ehci-platform: EHCI generic platform driver
[    0.624700] ohci_hcd: USB 1.1 'Open' Host Controller (OHCI) Driver
[    0.624702] ohci-pci: OHCI PCI platform driver
[    0.624707] ohci-platform: OHCI generic platform driver
[    0.624712] uhci_hcd: USB Universal Host Controller Interface driver
[    0.624774] i8042: PNP: PS/2 Controller [PNP0303:PS2K,PNP0f03:PS2M] at 0x60,0x64 irq 1,12
[    0.625247] serio: i8042 KBD port at 0x60,0x64 irq 1
[    0.625254] serio: i8042 AUX port at 0x60,0x64 irq 12
[    0.625355] mousedev: PS/2 mouse device common for all mice
[    0.625628] input: AT Translated Set 2 keyboard as /devices/platform/i8042/serio0/input/input2
[    0.626032] rtc_cmos rtc_cmos: registered as rtc0
[    0.626046] rtc_cmos rtc_cmos: alarms up to one day, 114 bytes nvram
[    0.626051] i2c /dev entries driver
[    0.626097] device-mapper: uevent: version 1.0.3
[    0.626139] device-mapper: ioctl: 4.41.0-ioctl (2019-09-16) initialised: dm-devel@redhat.com
[    0.626156] platform eisa.0: Probing EISA bus 0
[    0.626158] platform eisa.0: EISA: Cannot allocate resource for mainboard
[    0.626159] platform eisa.0: Cannot allocate resource for EISA slot 1
[    0.626160] platform eisa.0: Cannot allocate resource for EISA slot 2
[    0.626161] platform eisa.0: Cannot allocate resource for EISA slot 3
[    0.626162] platform eisa.0: Cannot allocate resource for EISA slot 4
[    0.626163] platform eisa.0: Cannot allocate resource for EISA slot 5
[    0.626164] platform eisa.0: Cannot allocate resource for EISA slot 6
[    0.626165] platform eisa.0: Cannot allocate resource for EISA slot 7
[    0.626166] platform eisa.0: Cannot allocate resource for EISA slot 8
[    0.626167] platform eisa.0: EISA: Detected 0 cards
[    0.626169] intel_pstate: CPU model not supported
[    0.626178] ledtrig-cpu: registered to indicate activity on CPUs
[    0.626230] drop_monitor: Initializing network drop monitor service
[    0.626390] NET: Registered protocol family 10
[    0.631334] Segment Routing with IPv6
[    0.631334] NET: Registered protocol family 17
[    0.631334] Key type dns_resolver registered
[    0.631334] RAS: Correctable Errors collector initialized.
[    0.631334] IPI shorthand broadcast: enabled
[    0.631334] sched_clock: Marking stable (616210870, 11123481)->(628352614, -1018263)
[    0.631747] registered taskstats version 1
[    0.631759] Loading compiled-in X.509 certificates
[    0.632346] Loaded X.509 cert 'Build time autogenerated kernel key: 0a9e52cc6eb58eed9b63e328679db6d5d5216245'
[    0.632363] zswap: loaded using pool lzo/zbud
[    0.632416] Key type ._fscrypt registered
[    0.632416] Key type .fscrypt registered
[    0.636901] Key type big_key registered
[    0.639103] Key type encrypted registered
[    0.639106] AppArmor: AppArmor sha1 policy hashing enabled
[    0.639113] ima: No TPM chip found, activating TPM-bypass!
[    0.639116] ima: Allocated hash algorithm: sha1
[    0.639121] ima: No architecture policies found
[    0.639129] evm: Initialising EVM extended attributes:
[    0.639130] evm: security.selinux
[    0.639130] evm: security.SMACK64
[    0.639131] evm: security.SMACK64EXEC
[    0.639131] evm: security.SMACK64TRANSMUTE
[    0.639132] evm: security.SMACK64MMAP
[    0.639132] evm: security.apparmor
[    0.639133] evm: security.ima
[    0.639133] evm: security.capability
[    0.639134] evm: HMAC attrs: 0x1
[    0.639434] PM:   Magic number: 10:199:591
[    0.639551] rtc_cmos rtc_cmos: setting system clock to 2026-01-20T16:33:17 UTC (1768926797)
[    0.796080] ata1.00: ATA-6: VBOX HARDDISK, 1.0, max UDMA/133
[    0.796083] ata1.00: 209715200 sectors, multi 128: LBA 
[    0.796716] scsi 0:0:0:0: Direct-Access     ATA      VBOX HARDDISK    1.0  PQ: 0 ANSI: 5
[    0.796996] sd 0:0:0:0: [sda] 209715200 512-byte logical blocks: (107 GB/100 GiB)
[    0.797008] sd 0:0:0:0: [sda] Write Protect is off
[    0.797011] sd 0:0:0:0: [sda] Mode Sense: 00 3a 00 00
[    0.797030] sd 0:0:0:0: [sda] Write cache: enabled, read cache: enabled, doesn't support DPO or FUA
[    0.797331] sd 0:0:0:0: Attached scsi generic sg0 type 0
[    0.798118]  sda: sda1 sda2
[    0.807354] sd 0:0:0:0: [sda] Attached SCSI disk
[    0.810387] Freeing unused decrypted memory: 2040K
[    0.811318] Freeing unused kernel image memory: 2720K
[    0.811321] Write protecting the kernel read-only data: 22528k
[    0.812293] Freeing unused kernel image memory: 2036K
[    0.812840] Freeing unused kernel image memory: 1452K
[    0.837806] x86/mm: Checked W+X mappings: passed, no W+X pages found.
[    0.837811] Run /init as init process
[    0.938854] ACPI: Video Device [GFX0] (multi-head: yes  rom: no  post: no)
[    0.938926] input: Video Bus as /devices/LNXSYSTM:00/LNXSYBUS:00/PNP0A03:00/LNXVIDEO:00/input/input4
[    0.949903] pcnet32: pcnet32.c:v1.35 21.Apr.2008 tsbogend@alpha.franken.de
[    0.953110] piix4_smbus 0000:00:07.0: SMBus Host Controller at 0x4100, revision 0
[    0.957291] e1000: Intel(R) PRO/1000 Network Driver - version 7.3.21-k8-NAPI
[    0.957291] e1000: Copyright (c) 1999-2006 Intel Corporation.
[    0.962343] pcnet32: PCnet/FAST III 79C973 at 0xd020, 08:00:27:b4:59:dd assigned IRQ 19
[    0.962386] pcnet32: Found PHY 0022:561b at address 0
[    0.962687] pcnet32: eth0: registered as PCnet/FAST III 79C973
[    0.969196] pcnet32: PCnet/FAST III 79C973 at 0xd060, 08:00:27:f7:fe:e5 assigned IRQ 16
[    0.969238] pcnet32: Found PHY 0022:561b at address 0
[    0.969532] pcnet32: eth1: registered as PCnet/FAST III 79C973
[    0.975360] pcnet32: 2 cards_found
[    1.032111] pcnet32 0000:00:03.0 enp0s3: renamed from eth0
[    1.033294] pcnet32 0000:00:08.0 enp0s8: renamed from eth1
[    1.168647] input: ImExPS/2 Generic Explorer Mouse as /devices/platform/i8042/serio1/input/input5
[    1.367461] e1000 0000:00:09.0 eth0: (PCI:33MHz:32-bit) 08:00:27:da:76:95
[    1.367465] e1000 0000:00:09.0 eth0: Intel(R) PRO/1000 Network Connection
[    1.368550] e1000 0000:00:09.0 enp0s9: renamed from eth0
[    1.519100] EXT4-fs (sda2): mounted filesystem with ordered data mode. Opts: (null)
[    1.610793] systemd[1]: Inserted module 'autofs4'
[    1.624184] systemd[1]: systemd 245.4-4ubuntu3 running in system mode. (+PAM +AUDIT +SELINUX +IMA +APPARMOR +SMACK +SYSVINIT +UTMP +LIBCRYPTSETUP +GCRYPT +GNUTLS +ACL +XZ +LZ4 +SECCOMP +BLKID +ELFUTILS +KMOD +IDN2 -IDN +PCRE2 default-hierarchy=hybrid)
[    1.624211] systemd[1]: Detected virtualization oracle.
[    1.624214] systemd[1]: Detected architecture x86-64.
[    1.625519] systemd[1]: Set hostname to <ztg>.
[    1.748933] systemd[1]: /lib/systemd/system/dbus.socket:5: ListenStream= references a path below legacy directory /var/run/, updating /var/run/dbus/system_bus_socket â†’ /run/dbus/system_bus_socket; please update the unit file accordingly.
[    1.800775] systemd[1]: Created slice system-modprobe.slice.
[    1.800962] systemd[1]: Created slice User and Session Slice.
[    1.801005] systemd[1]: Started Forward Password Requests to Wall Directory Watch.
[    1.801154] systemd[1]: Set up automount Arbitrary Executable File Formats File System Automount Point.
[    1.801187] systemd[1]: Reached target User and Group Name Lookups.
[    1.801194] systemd[1]: Reached target Remote File Systems.
[    1.801202] systemd[1]: Reached target Slices.
[    1.801735] systemd[1]: Listening on Syslog Socket.
[    1.801802] systemd[1]: Listening on fsck to fsckd communication Socket.
[    1.801840] systemd[1]: Listening on initctl Compatibility Named Pipe.
[    1.801968] systemd[1]: Listening on Journal Audit Socket.
[    1.802019] systemd[1]: Listening on Journal Socket (/dev/log).
[    1.802086] systemd[1]: Listening on Journal Socket.
[    1.802147] systemd[1]: Listening on udev Control Socket.
[    1.802184] systemd[1]: Listening on udev Kernel Socket.
[    1.802880] systemd[1]: Mounting Huge Pages File System...
[    1.803926] systemd[1]: Mounting POSIX Message Queue File System...
[    1.804864] systemd[1]: Mounting Kernel Debug File System...
[    1.805734] systemd[1]: Mounting Kernel Trace File System...
[    1.807909] systemd[1]: Starting Journal Service...
[    1.831760] systemd[1]: Starting Set the console keyboard layout...
[    1.836979] systemd[1]: Starting Create list of static device nodes for the current kernel...
[    1.841958] systemd[1]: Starting Load Kernel Module drm...
[    1.846560] systemd[1]: Condition check resulted in Set Up Additional Binary Formats being skipped.
[    1.846591] systemd[1]: Condition check resulted in File System Check on Root Device being skipped.
[    1.853626] systemd[1]: Starting Load Kernel Modules...
[    1.854436] systemd[1]: Starting Remount Root and Kernel File Systems...
[    1.871761] systemd[1]: Starting udev Coldplug all Devices...
[    1.895719] systemd[1]: Starting Uncomplicated firewall...
[    1.897327] systemd[1]: Mounted Huge Pages File System.
[    1.897415] systemd[1]: Mounted POSIX Message Queue File System.
[    1.897484] systemd[1]: Mounted Kernel Debug File System.
[    1.897556] systemd[1]: Mounted Kernel Trace File System.
[    1.915641] EXT4-fs (sda2): re-mounted. Opts: errors=remount-ro
[    1.923347] systemd[1]: Finished Create list of static device nodes for the current kernel.
[    1.924316] systemd[1]: modprobe@drm.service: Succeeded.
[    1.925373] systemd[1]: Finished Load Kernel Module drm.
[    1.927422] systemd[1]: Finished Remount Root and Kernel File Systems.
[    1.931430] systemd[1]: Finished Uncomplicated firewall.
[    1.947996] systemd[1]: Condition check resulted in Rebuild Hardware Database being skipped.
[    1.948031] systemd[1]: Condition check resulted in Platform Persistent Storage Archival being skipped.
[    1.948910] systemd[1]: Starting Load/Save Random Seed...
[    1.953994] systemd[1]: Starting Create System Users...
[    1.961732] lp: driver loaded but no devices found
[    1.965383] systemd[1]: Finished Load/Save Random Seed.
[    1.967456] systemd[1]: Finished Create System Users.
[    1.968154] systemd[1]: Starting Create Static Device Nodes in /dev...
[    2.009959] ppdev: user-space parallel port driver
[    2.027583] systemd[1]: Finished udev Coldplug all Devices.
[    2.028674] systemd[1]: Finished Create Static Device Nodes in /dev.
[    2.029445] systemd[1]: Starting udev Kernel Device Manager...
[    2.086668] [drm] DMA map mode: Caching DMA mappings.
[    2.086744] [drm] Capabilities:
[    2.086745] [drm]   Rect copy.
[    2.086745] [drm]   Cursor.
[    2.086745] [drm]   Cursor bypass.
[    2.086746] [drm]   Cursor bypass 2.
[    2.086746] [drm]   Alpha cursor.
[    2.086747] [drm]   Extended Fifo.
[    2.086747] [drm]   Pitchlock.
[    2.086747] [drm]   Irq mask.
[    2.086748] [drm]   GMR.
[    2.086748] [drm]   Traces.
[    2.086748] [drm]   GMR2.
[    2.086749] [drm]   Screen Object 2.
[    2.086749] [drm]   Command Buffers.
[    2.086749] [drm]   Command Buffers 2.
[    2.086750] [drm]   Guest Backed Resources.
[    2.086751] [drm] Max GMR ids is 8192
[    2.086751] [drm] Max number of GMR pages is 1048576
[    2.086752] [drm] Max dedicated hypervisor surface memory is 393216 kiB
[    2.086752] [drm] Maximum display memory size is 131072 kiB
[    2.086753] [drm] VRAM at 0xe0000000 size is 131072 kiB
[    2.086754] [drm] MMIO at 0xf0000000 size is 2048 kiB
[    2.087395] [TTM] Zone  kernel: Available graphics memory: 1011744 KiB
[    2.087396] [TTM] Initializing pool allocator
[    2.087399] [TTM] Initializing DMA pool allocator
[    2.087427] [drm] Supports vblank timestamp caching Rev 2 (21.10.2013).
[    2.087428] [drm] No driver support for vblank timestamp query.
[    2.087642] [drm] Screen Target Display device initialized
[    2.087823] [drm] width 720
[    2.087831] [drm] height 400
[    2.087834] [drm] bpp 32
[    2.088353] [drm] Fifo max 0x00200000 min 0x00001000 cap 0x00000355
[    2.089396] [drm] Using command buffers with DMA pool.
[    2.089399] [drm] DX: no.
[    2.089400] [drm] Atomic: yes.
[    2.089400] [drm] SM4_1: no.
[    2.089420] [drm:vmw_host_log [vmwgfx]] *ERROR* Failed to send host log message.
[    2.090287] [drm:vmw_host_log [vmwgfx]] *ERROR* Failed to send host log message.
[    2.103249] systemd[1]: Finished Set the console keyboard layout.
[    2.103353] systemd[1]: Reached target Local File Systems (Pre).
[    2.103698] fbcon: svgadrmfb (fb0) is primary device
[    2.107394] systemd[1]: Mounting Mount unit for bare, revision 5...
[    2.116558] Console: switching to colour frame buffer device 100x37
[    2.117694] systemd[1]: Mounting Mount unit for core18, revision 1705...
[    2.119906] systemd[1]: Mounting Mount unit for gnome-3-34-1804, revision 24...
[    2.122923] [drm] Initialized vmwgfx 2.15.0 20180704 for 0000:00:02.0 on minor 0
[    2.128121] systemd[1]: Mounting Mount unit for gtk-common-themes, revision 1506...
[    2.156916] systemd[1]: Mounting Mount unit for gtk-common-themes, revision 1535...
[    2.162273] systemd[1]: Mounting Mount unit for snap-store, revision 433...
[    2.170874] systemd[1]: Mounting Mount unit for snapd, revision 25935...
[    2.186449] systemd[1]: Finished Load Kernel Modules.
[    2.188514] systemd[1]: Mounted Mount unit for bare, revision 5.
[    2.188607] systemd[1]: Mounted Mount unit for core18, revision 1705.
[    2.194456] systemd[1]: Mounting FUSE Control File System...
[    2.196139] systemd[1]: Mounting Kernel Configuration File System...
[    2.197006] systemd[1]: Starting Apply Kernel Variables...
[    2.198658] systemd[1]: Mounted Mount unit for gnome-3-34-1804, revision 24.
[    2.234597] systemd[1]: Started udev Kernel Device Manager.
[    2.234700] systemd[1]: Mounted Mount unit for gtk-common-themes, revision 1506.
[    2.234787] systemd[1]: Mounted FUSE Control File System.
[    2.234856] systemd[1]: Mounted Kernel Configuration File System.
[    2.234905] systemd[1]: Condition check resulted in VMware vmblock fuse mount being skipped.
[    2.245857] systemd[1]: Starting Show Plymouth Boot Screen...
[    2.250679] systemd[1]: Finished Apply Kernel Variables.
[    2.253540] systemd[1]: Received SIGRTMIN+20 from PID 281 (plymouthd).
[    2.260517] systemd[1]: Mounted Mount unit for gtk-common-themes, revision 1535.
[    2.262518] systemd[1]: Mounted Mount unit for snap-store, revision 433.
[    2.262698] systemd[1]: Mounted Mount unit for snapd, revision 25935.
[    2.262842] systemd[1]: Reached target Local File Systems.
[    2.265161] systemd[1]: Starting Load AppArmor profiles...
[    2.266049] systemd[1]: Starting Set console font and keymap...
[    2.289323] systemd[1]: Starting Tell Plymouth To Write Out Runtime Data...
[    2.290917] systemd[1]: Condition check resulted in Store a System Token in an EFI Variable being skipped.
[    2.290975] systemd[1]: Condition check resulted in Commit a transient machine-id on disk being skipped.
[    2.291213] systemd[1]: Started Show Plymouth Boot Screen.
[    2.293641] systemd[1]: Finished Set console font and keymap.
[    2.293831] systemd[1]: Condition check resulted in Dispatch Password Requests to Console Directory Watch being skipped.
[    2.293910] systemd[1]: Started Forward Password Requests to Plymouth Directory Watch.
[    2.293977] systemd[1]: Reached target Local Encrypted Volumes.
[    2.315083] systemd[1]: Received SIGRTMIN+20 from PID 281 (plymouthd).
[    2.317234] systemd[1]: plymouth-read-write.service: Succeeded.
[    2.317464] systemd[1]: Finished Tell Plymouth To Write Out Runtime Data.
[    2.332610] audit: type=1400 audit(1768926799.188:2): apparmor="STATUS" operation="profile_load" profile="unconfined" name="nvidia_modprobe" pid=299 comm="apparmor_parser"
[    2.332613] audit: type=1400 audit(1768926799.188:3): apparmor="STATUS" operation="profile_load" profile="unconfined" name="nvidia_modprobe//kmod" pid=299 comm="apparmor_parser"
[    2.338193] audit: type=1400 audit(1768926799.192:4): apparmor="STATUS" operation="profile_load" profile="unconfined" name="/usr/sbin/tcpdump" pid=300 comm="apparmor_parser"
[    2.370770] audit: type=1400 audit(1768926799.220:5): apparmor="STATUS" operation="profile_load" profile="unconfined" name="/usr/bin/evince" pid=302 comm="apparmor_parser"
[    2.370772] audit: type=1400 audit(1768926799.220:6): apparmor="STATUS" operation="profile_load" profile="unconfined" name="/usr/bin/evince//sanitized_helper" pid=302 comm="apparmor_parser"
[    2.370774] audit: type=1400 audit(1768926799.220:7): apparmor="STATUS" operation="profile_load" profile="unconfined" name="/usr/bin/evince-previewer" pid=302 comm="apparmor_parser"
[    2.370776] audit: type=1400 audit(1768926799.220:8): apparmor="STATUS" operation="profile_load" profile="unconfined" name="/usr/bin/evince-previewer//sanitized_helper" pid=302 comm="apparmor_parser"
[    2.370777] audit: type=1400 audit(1768926799.220:9): apparmor="STATUS" operation="profile_load" profile="unconfined" name="/usr/bin/evince-thumbnailer" pid=302 comm="apparmor_parser"
[    2.402783] audit: type=1400 audit(1768926799.256:10): apparmor="STATUS" operation="profile_load" profile="unconfined" name="/usr/lib/cups/backend/cups-pdf" pid=303 comm="apparmor_parser"
[    2.464635] systemd[1]: Finished Load AppArmor profiles.
[    2.465560] systemd[1]: Starting Load AppArmor profiles managed internally by snapd...
[    2.574757] systemd[1]: Finished Load AppArmor profiles managed internally by snapd.
[    2.799526] systemd[1]: Started Journal Service.
[    2.808818] systemd-journald[228]: Received client request to flush runtime journal.
[    2.812186] systemd-journald[228]: File /var/log/journal/c455b248004a419c87ce85eea238d727/system.journal corrupted or uncleanly shut down, renaming and replacing.
[    4.052934] RAPL PMU: API unit is 2^-32 Joules, 0 fixed counters, 10737418240 ms ovfl timer
[    4.080458] cryptd: max_cpu_qlen set to 1000
[    4.154679] AVX2 version of gcm_enc/dec engaged.
[    4.154680] AES CTR mode by8 optimization enabled
[    5.966954] Adding 1998844k swap on /dev/sda1.  Priority:-2 extents:1 across:1998844k FS
[    7.413229] kauditd_printk_skb: 30 callbacks suppressed
[    7.413230] audit: type=1400 audit(1768926804.268:41): apparmor="DENIED" operation="capable" profile="/usr/sbin/cups-browsed" pid=509 comm="cups-browsed" capability=23  capname="sys_nice"
[    8.461543] pcnet32 0000:00:03.0 enp0s3: link up, 100Mbps, full-duplex
[    8.481558] pcnet32 0000:00:08.0 enp0s8: link up, 100Mbps, full-duplex
[    8.523370] e1000: enp0s9 NIC Link is Up 1000 Mbps Full Duplex, Flow Control: RX
[    8.523657] IPv6: ADDRCONF(NETDEV_CHANGE): enp0s9: link becomes ready
[    9.020125] device enp0s8 entered promiscuous mode
[    9.036896] device enp0s3 entered promiscuous mode
[    9.075147] audit: type=1400 audit(1768926805.932:42): apparmor="DENIED" operation="open" profile="/usr/sbin/tcpdump" name="/proc/sys/kernel/random/boot_id" pid=638 comm="tcpdump" requested_mask="r" denied_mask="r" fsuid=0 ouid=0
[    9.075602] audit: type=1400 audit(1768926805.932:43): apparmor="DENIED" operation="open" profile="/usr/sbin/tcpdump" name="/proc/sys/kernel/random/boot_id" pid=638 comm="tcpdump" requested_mask="r" denied_mask="r" fsuid=0 ouid=0
[    9.077084] audit: type=1400 audit(1768926805.932:44): apparmor="DENIED" operation="open" profile="/usr/sbin/tcpdump" name="/proc/sys/kernel/random/boot_id" pid=638 comm="tcpdump" requested_mask="r" denied_mask="r" fsuid=0 ouid=0
[    9.077181] audit: type=1400 audit(1768926805.932:45): apparmor="DENIED" operation="open" profile="/usr/sbin/tcpdump" name="/proc/sys/kernel/random/boot_id" pid=637 comm="tcpdump" requested_mask="r" denied_mask="r" fsuid=0 ouid=0
[    9.077298] audit: type=1400 audit(1768926805.932:46): apparmor="DENIED" operation="open" profile="/usr/sbin/tcpdump" name="/proc/sys/kernel/random/boot_id" pid=638 comm="tcpdump" requested_mask="r" denied_mask="r" fsuid=0 ouid=0
[    9.077762] audit: type=1400 audit(1768926805.932:47): apparmor="DENIED" operation="open" profile="/usr/sbin/tcpdump" name="/proc/sys/kernel/random/boot_id" pid=637 comm="tcpdump" requested_mask="r" denied_mask="r" fsuid=0 ouid=0
[    9.077990] audit: type=1400 audit(1768926805.932:48): apparmor="DENIED" operation="open" profile="/usr/sbin/tcpdump" name="/proc/sys/kernel/random/boot_id" pid=637 comm="tcpdump" requested_mask="r" denied_mask="r" fsuid=0 ouid=0
[    9.087173] audit: type=1400 audit(1768926805.936:49): apparmor="DENIED" operation="open" profile="/usr/sbin/tcpdump" name="/proc/sys/kernel/random/boot_id" pid=637 comm="tcpdump" requested_mask="r" denied_mask="r" fsuid=0 ouid=0
[    9.098576] audit: type=1400 audit(1768926805.956:50): apparmor="DENIED" operation="open" profile="/usr/sbin/tcpdump" name="/proc/sys/kernel/random/boot_id" pid=640 comm="tcpdump" requested_mask="r" denied_mask="r" fsuid=0 ouid=0
[   15.037192] rfkill: input handler disabled
[  257.547079] AAAAA-TCP_FORW: name:enp0s8: saddr:100932208: daddr:16783984
[  257.548792] AAAAA-TCP_FORW: name:enp0s3: saddr:16783984: daddr:100932208
[  258.066521] AAAAA-TCP_FORW: name:enp0s8: saddr:100932208: daddr:16783984
[  258.246687] AAAAA-TCP_FORW: name:enp0s8: saddr:100932208: daddr:16783984
[  258.247400] AAAAA-TCP_FORW: name:enp0s3: saddr:16783984: daddr:100932208
[  258.247655] AAAAA-TCP_FORW: name:enp0s3: saddr:16783984: daddr:100932208
[  259.063806] AAAAA-TCP_FORW: name:enp0s8: saddr:100932208: daddr:16783984
[  259.111102] AAAAA-TCP_FORW: name:enp0s8: saddr:100932208: daddr:16783984
[  259.111982] AAAAA-TCP_FORW: name:enp0s3: saddr:16783984: daddr:100932208
[  259.641450] AAAAA-TCP_FORW: name:enp0s8: saddr:100932208: daddr:16783984
[  259.642464] AAAAA-TCP_FORW: name:enp0s3: saddr:16783984: daddr:100932208
[  259.642957] AAAAA-TCP_FORW: name:enp0s3: saddr:16783984: daddr:100932208
[  260.287431] AAAAA-TCP_FORW: name:enp0s8: saddr:100932208: daddr:16783984
[  260.364508] AAAAA-TCP_FORW: name:enp0s8: saddr:100932208: daddr:16783984
[  260.365515] AAAAA-TCP_FORW: name:enp0s3: saddr:16783984: daddr:100932208
[  260.962882] AAAAA-TCP_FORW: name:enp0s8: saddr:100932208: daddr:16783984
[  261.064668] AAAAA-TCP_FORW: name:enp0s8: saddr:100932208: daddr:16783984
[  261.065670] AAAAA-TCP_FORW: name:enp0s3: saddr:16783984: daddr:100932208
[  261.067023] AAAAA-TCP_FORW: name:enp0s3: saddr:16783984: daddr:100932208
[  261.333336] AAAAA-TCP_FORW: name:enp0s8: saddr:100932208: daddr:16783984
[  261.334130] AAAAA-TCP_FORW: name:enp0s3: saddr:16783984: daddr:100932208
[  261.651846] AAAAA-TCP_FORW: name:enp0s8: saddr:100932208: daddr:16783984
[  261.710619] AAAAA-TCP_FORW: name:enp0s8: saddr:100932208: daddr:16783984
[  261.711737] AAAAA-TCP_FORW: name:enp0s3: saddr:16783984: daddr:100932208
[  261.758067] AAAAA-TCP_FORW: name:enp0s8: saddr:100932208: daddr:16783984
[  261.758768] AAAAA-TCP_FORW: name:enp0s3: saddr:16783984: daddr:100932208
[  261.899430] AAAAA-TCP_FORW: name:enp0s8: saddr:100932208: daddr:16783984
[  261.900595] AAAAA-TCP_FORW: name:enp0s3: saddr:16783984: daddr:100932208
[  261.948360] AAAAA-TCP_FORW: name:enp0s8: saddr:100932208: daddr:16783984
[  261.949063] AAAAA-TCP_FORW: name:enp0s3: saddr:16783984: daddr:100932208
[  261.991622] AAAAA-TCP_FORW: name:enp0s8: saddr:100932208: daddr:16783984
[  261.992346] AAAAA-TCP_FORW: name:enp0s3: saddr:16783984: daddr:100932208
[  262.099525] AAAAA-TCP_FORW: name:enp0s8: saddr:100932208: daddr:16783984
[  262.100220] AAAAA-TCP_FORW: name:enp0s3: saddr:16783984: daddr:100932208
[  262.187351] AAAAA-TCP_FORW: name:enp0s8: saddr:100932208: daddr:16783984
[  262.188051] AAAAA-TCP_FORW: name:enp0s3: saddr:16783984: daddr:100932208
[  262.208501] AAAAA-TCP_FORW: name:enp0s8: saddr:100932208: daddr:16783984
[  262.209167] AAAAA-TCP_FORW: name:enp0s3: saddr:16783984: daddr:100932208
[  262.373243] AAAAA-TCP_FORW: name:enp0s8: saddr:100932208: daddr:16783984
[  262.374389] AAAAA-TCP_FORW: name:enp0s3: saddr:16783984: daddr:100932208
[  262.534036] AAAAA-TCP_FORW: name:enp0s8: saddr:100932208: daddr:16783984
[  262.535025] AAAAA-TCP_FORW: name:enp0s3: saddr:16783984: daddr:100932208
[  262.661892] AAAAA-TCP_FORW: name:enp0s8: saddr:100932208: daddr:16783984
[  262.663034] AAAAA-TCP_FORW: name:enp0s3: saddr:16783984: daddr:100932208
[  262.770638] AAAAA-TCP_FORW: name:enp0s8: saddr:100932208: daddr:16783984
[  262.771363] AAAAA-TCP_FORW: name:enp0s3: saddr:16783984: daddr:100932208
[  262.848916] AAAAA-TCP_FORW: name:enp0s8: saddr:100932208: daddr:16783984
[  262.850024] AAAAA-TCP_FORW: name:enp0s3: saddr:16783984: daddr:100932208
[  262.885104] AAAAA-TCP_FORW: name:enp0s8: saddr:100932208: daddr:16783984
[  262.886043] AAAAA-TCP_FORW: name:enp0s3: saddr:16783984: daddr:100932208
[  263.162529] AAAAA-TCP_FORW: name:enp0s8: saddr:100932208: daddr:16783984
[  263.163495] AAAAA-TCP_FORW: name:enp0s3: saddr:16783984: daddr:100932208
[  263.300458] AAAAA-TCP_FORW: name:enp0s8: saddr:100932208: daddr:16783984
[  263.343904] AAAAA-TCP_FORW: name:enp0s3: saddr:16783984: daddr:100932208
[  263.393670] AAAAA-TCP_FORW: name:enp0s8: saddr:100932208: daddr:16783984
[  263.425962] AAAAA-TCP_FORW: name:enp0s8: saddr:100932208: daddr:16783984
[  263.427070] AAAAA-TCP_FORW: name:enp0s3: saddr:16783984: daddr:100932208
[  263.496651] AAAAA-TCP_FORW: name:enp0s8: saddr:100932208: daddr:16783984
[  263.566986] AAAAA-TCP_FORW: name:enp0s8: saddr:100932208: daddr:16783984
[  263.568106] AAAAA-TCP_FORW: name:enp0s3: saddr:16783984: daddr:100932208
[  263.649919] AAAAA-TCP_FORW: name:enp0s8: saddr:100932208: daddr:16783984
[  263.703908] AAAAA-TCP_FORW: name:enp0s8: saddr:100932208: daddr:16783984
[  263.705052] AAAAA-TCP_FORW: name:enp0s3: saddr:16783984: daddr:100932208
[  263.785673] AAAAA-TCP_FORW: name:enp0s8: saddr:100932208: daddr:16783984
[  263.832012] AAAAA-TCP_FORW: name:enp0s8: saddr:100932208: daddr:16783984
[  263.832733] AAAAA-TCP_FORW: name:enp0s3: saddr:16783984: daddr:100932208
[  263.908229] AAAAA-TCP_FORW: name:enp0s8: saddr:100932208: daddr:16783984
[  263.970216] AAAAA-TCP_FORW: name:enp0s8: saddr:100932208: daddr:16783984
[  263.970957] AAAAA-TCP_FORW: name:enp0s3: saddr:16783984: daddr:100932208
[  264.054175] AAAAA-TCP_FORW: name:enp0s8: saddr:100932208: daddr:16783984
[  264.071750] AAAAA-TCP_FORW: name:enp0s8: saddr:100932208: daddr:16783984
[  264.072473] AAAAA-TCP_FORW: name:enp0s3: saddr:16783984: daddr:100932208
[  264.171589] AAAAA-TCP_FORW: name:enp0s8: saddr:100932208: daddr:16783984
[  264.207331] AAAAA-TCP_FORW: name:enp0s8: saddr:100932208: daddr:16783984
[  264.208586] AAAAA-TCP_FORW: name:enp0s3: saddr:16783984: daddr:100932208
[  264.286503] AAAAA-TCP_FORW: name:enp0s8: saddr:100932208: daddr:16783984
[  264.359900] AAAAA-TCP_FORW: name:enp0s8: saddr:100932208: daddr:16783984
[  264.361088] AAAAA-TCP_FORW: name:enp0s3: saddr:16783984: daddr:100932208
[  264.503200] AAAAA-TCP_FORW: name:enp0s8: saddr:100932208: daddr:16783984
[  264.519959] AAAAA-TCP_FORW: name:enp0s8: saddr:100932208: daddr:16783984
[  264.520691] AAAAA-TCP_FORW: name:enp0s3: saddr:16783984: daddr:100932208
[  264.603763] AAAAA-TCP_FORW: name:enp0s8: saddr:100932208: daddr:16783984
[  264.656666] AAAAA-TCP_FORW: name:enp0s8: saddr:100932208: daddr:16783984
[  264.657799] AAAAA-TCP_FORW: name:enp0s3: saddr:16783984: daddr:100932208
[  264.733847] AAAAA-TCP_FORW: name:enp0s8: saddr:100932208: daddr:16783984
[  264.781283] AAAAA-TCP_FORW: name:enp0s8: saddr:100932208: daddr:16783984
[  264.782511] AAAAA-TCP_FORW: name:enp0s3: saddr:16783984: daddr:100932208
[  264.873472] AAAAA-TCP_FORW: name:enp0s8: saddr:100932208: daddr:16783984
[  264.960256] AAAAA-TCP_FORW: name:enp0s8: saddr:100932208: daddr:16783984
[  264.961516] AAAAA-TCP_FORW: name:enp0s3: saddr:16783984: daddr:100932208
[  265.094279] AAAAA-TCP_FORW: name:enp0s8: saddr:100932208: daddr:16783984
[  265.095003] AAAAA-TCP_FORW: name:enp0s3: saddr:16783984: daddr:100932208
[  265.165214] AAAAA-TCP_FORW: name:enp0s8: saddr:100932208: daddr:16783984
[  265.165932] AAAAA-TCP_FORW: name:enp0s3: saddr:16783984: daddr:100932208
[  265.238128] AAAAA-TCP_FORW: name:enp0s8: saddr:100932208: daddr:16783984
[  265.239336] AAAAA-TCP_FORW: name:enp0s3: saddr:16783984: daddr:100932208
[  265.266871] AAAAA-TCP_FORW: name:enp0s8: saddr:100932208: daddr:16783984
[  265.267576] AAAAA-TCP_FORW: name:enp0s3: saddr:16783984: daddr:100932208
[  265.482280] AAAAA-TCP_FORW: name:enp0s8: saddr:100932208: daddr:16783984
[  265.483973] AAAAA-TCP_FORW: name:enp0s3: saddr:16783984: daddr:100932208
[  265.557809] AAAAA-TCP_FORW: name:enp0s8: saddr:100932208: daddr:16783984
[  265.558933] AAAAA-TCP_FORW: name:enp0s3: saddr:16783984: daddr:100932208
[  265.642738] AAAAA-TCP_FORW: name:enp0s8: saddr:100932208: daddr:16783984
[  265.643857] AAAAA-TCP_FORW: name:enp0s3: saddr:16783984: daddr:100932208
[  265.719846] AAAAA-TCP_FORW: name:enp0s8: saddr:100932208: daddr:16783984
[  265.720982] AAAAA-TCP_FORW: name:enp0s3: saddr:16783984: daddr:100932208
[  265.849048] AAAAA-TCP_FORW: name:enp0s8: saddr:100932208: daddr:16783984
[  265.850210] AAAAA-TCP_FORW: name:enp0s3: saddr:16783984: daddr:100932208
[  265.881355] AAAAA-TCP_FORW: name:enp0s8: saddr:100932208: daddr:16783984
[  265.882398] AAAAA-TCP_FORW: name:enp0s3: saddr:16783984: daddr:100932208
[  265.963010] AAAAA-TCP_FORW: name:enp0s8: saddr:100932208: daddr:16783984
[  265.964326] AAAAA-TCP_FORW: name:enp0s3: saddr:16783984: daddr:100932208
[  266.073563] AAAAA-TCP_FORW: name:enp0s8: saddr:100932208: daddr:16783984
[  266.074341] AAAAA-TCP_FORW: name:enp0s3: saddr:16783984: daddr:100932208
[  266.139370] AAAAA-TCP_FORW: name:enp0s8: saddr:100932208: daddr:16783984
[  266.140239] AAAAA-TCP_FORW: name:enp0s3: saddr:16783984: daddr:100932208
[  266.236395] AAAAA-TCP_FORW: name:enp0s8: saddr:100932208: daddr:16783984
[  266.237225] AAAAA-TCP_FORW: name:enp0s3: saddr:16783984: daddr:100932208
[  266.383448] AAAAA-TCP_FORW: name:enp0s8: saddr:100932208: daddr:16783984
[  266.384398] AAAAA-TCP_FORW: name:enp0s3: saddr:16783984: daddr:100932208
[  266.474336] AAAAA-TCP_FORW: name:enp0s8: saddr:100932208: daddr:16783984
[  266.475370] AAAAA-TCP_FORW: name:enp0s3: saddr:16783984: daddr:100932208
[  266.502014] AAAAA-TCP_FORW: name:enp0s8: saddr:100932208: daddr:16783984
[  266.502763] AAAAA-TCP_FORW: name:enp0s3: saddr:16783984: daddr:100932208
[  266.540469] AAAAA-TCP_FORW: name:enp0s8: saddr:100932208: daddr:16783984
[  266.541195] AAAAA-TCP_FORW: name:enp0s3: saddr:16783984: daddr:100932208
[  266.615716] AAAAA-TCP_FORW: name:enp0s8: saddr:100932208: daddr:16783984
[  266.616431] AAAAA-TCP_FORW: name:enp0s3: saddr:16783984: daddr:100932208
[  266.767803] AAAAA-TCP_FORW: name:enp0s8: saddr:100932208: daddr:16783984
[  266.768726] AAAAA-TCP_FORW: name:enp0s3: saddr:16783984: daddr:100932208
[  266.848927] AAAAA-TCP_FORW: name:enp0s8: saddr:100932208: daddr:16783984
[  266.849853] AAAAA-TCP_FORW: name:enp0s3: saddr:16783984: daddr:100932208
[  266.923908] AAAAA-TCP_FORW: name:enp0s8: saddr:100932208: daddr:16783984
[  266.924821] AAAAA-TCP_FORW: name:enp0s3: saddr:16783984: daddr:100932208
[  266.993741] AAAAA-TCP_FORW: name:enp0s8: saddr:100932208: daddr:16783984
[  266.994909] AAAAA-TCP_FORW: name:enp0s3: saddr:16783984: daddr:100932208
[  267.034464] AAAAA-TCP_FORW: name:enp0s8: saddr:100932208: daddr:16783984
[  267.035667] AAAAA-TCP_FORW: name:enp0s3: saddr:16783984: daddr:100932208
[  267.104894] AAAAA-TCP_FORW: name:enp0s8: saddr:100932208: daddr:16783984
[  267.105784] AAAAA-TCP_FORW: name:enp0s3: saddr:16783984: daddr:100932208
[  267.158674] AAAAA-TCP_FORW: name:enp0s8: saddr:100932208: daddr:16783984
[  267.159592] AAAAA-TCP_FORW: name:enp0s3: saddr:16783984: daddr:100932208
[  267.196293] AAAAA-TCP_FORW: name:enp0s8: saddr:100932208: daddr:16783984
[  267.197207] AAAAA-TCP_FORW: name:enp0s3: saddr:16783984: daddr:100932208
[  267.304955] AAAAA-TCP_FORW: name:enp0s8: saddr:100932208: daddr:16783984
[  267.306088] AAAAA-TCP_FORW: name:enp0s3: saddr:16783984: daddr:100932208
[  267.371110] AAAAA-TCP_FORW: name:enp0s8: saddr:100932208: daddr:16783984
[  267.372410] AAAAA-TCP_FORW: name:enp0s3: saddr:16783984: daddr:100932208
[  267.513879] AAAAA-TCP_FORW: name:enp0s8: saddr:100932208: daddr:16783984
[  267.515063] AAAAA-TCP_FORW: name:enp0s3: saddr:16783984: daddr:100932208
[  267.588694] AAAAA-TCP_FORW: name:enp0s8: saddr:100932208: daddr:16783984
[  267.589864] AAAAA-TCP_FORW: name:enp0s3: saddr:16783984: daddr:100932208
[  267.667276] AAAAA-TCP_FORW: name:enp0s8: saddr:100932208: daddr:16783984
[  267.668470] AAAAA-TCP_FORW: name:enp0s3: saddr:16783984: daddr:100932208
[  267.709811] AAAAA-TCP_FORW: name:enp0s8: saddr:100932208: daddr:16783984
[  267.710944] AAAAA-TCP_FORW: name:enp0s3: saddr:16783984: daddr:100932208
[  267.791219] AAAAA-TCP_FORW: name:enp0s8: saddr:100932208: daddr:16783984
[  267.792434] AAAAA-TCP_FORW: name:enp0s3: saddr:16783984: daddr:100932208
[  291.296247] AAAAA-TCP_FORW: name:enp0s8: saddr:100932208: daddr:16783984
[  291.297204] AAAAA-TCP_FORW: name:enp0s3: saddr:16783984: daddr:100932208
[  291.587945] AAAAA-TCP_FORW: name:enp0s8: saddr:100932208: daddr:16783984
[  291.588816] AAAAA-TCP_FORW: name:enp0s3: saddr:16783984: daddr:100932208
[  291.651154] AAAAA-TCP_FORW: name:enp0s8: saddr:100932208: daddr:16783984
[  291.652057] AAAAA-TCP_FORW: name:enp0s3: saddr:16783984: daddr:100932208
[  292.301341] AAAAA-TCP_FORW: name:enp0s8: saddr:100932208: daddr:16783984
[  292.302217] AAAAA-TCP_FORW: name:enp0s3: saddr:16783984: daddr:100932208
[  292.420763] AAAAA-TCP_FORW: name:enp0s8: saddr:100932208: daddr:16783984
[  292.421607] AAAAA-TCP_FORW: name:enp0s3: saddr:16783984: daddr:100932208
[  292.476698] AAAAA-TCP_FORW: name:enp0s8: saddr:100932208: daddr:16783984
[  292.477580] AAAAA-TCP_FORW: name:enp0s3: saddr:16783984: daddr:100932208
[  292.673960] AAAAA-TCP_FORW: name:enp0s8: saddr:100932208: daddr:16783984
[  292.674881] AAAAA-TCP_FORW: name:enp0s3: saddr:16783984: daddr:100932208
[  293.059450] AAAAA-TCP_FORW: name:enp0s8: saddr:100932208: daddr:16783984
[  293.060317] AAAAA-TCP_FORW: name:enp0s3: saddr:16783984: daddr:100932208
[  293.196465] AAAAA-TCP_FORW: name:enp0s8: saddr:100932208: daddr:16783984
[  293.197399] AAAAA-TCP_FORW: name:enp0s3: saddr:16783984: daddr:100932208
[  293.343688] AAAAA-TCP_FORW: name:enp0s8: saddr:100932208: daddr:16783984
[  293.344569] AAAAA-TCP_FORW: name:enp0s3: saddr:16783984: daddr:100932208
[  296.012299] AAAAA-TCP_FORW: name:enp0s8: saddr:100932208: daddr:16783984
[  296.013426] AAAAA-TCP_FORW: name:enp0s3: saddr:16783984: daddr:100932208
[  296.203832] AAAAA-TCP_FORW: name:enp0s8: saddr:100932208: daddr:16783984
[  296.204591] AAAAA-TCP_FORW: name:enp0s3: saddr:16783984: daddr:100932208
[  296.263823] AAAAA-TCP_FORW: name:enp0s8: saddr:100932208: daddr:16783984
[  296.265309] AAAAA-TCP_FORW: name:enp0s3: saddr:16783984: daddr:100932208
[  296.840136] AAAAA-TCP_FORW: name:enp0s8: saddr:100932208: daddr:16783984
[  296.840980] AAAAA-TCP_FORW: name:enp0s3: saddr:16783984: daddr:100932208
[  297.609004] AAAAA-TCP_FORW: name:enp0s8: saddr:100932208: daddr:16783984
[  297.609909] AAAAA-TCP_FORW: name:enp0s3: saddr:16783984: daddr:100932208
[  297.705226] AAAAA-TCP_FORW: name:enp0s8: saddr:100932208: daddr:16783984
[  297.706083] AAAAA-TCP_FORW: name:enp0s3: saddr:16783984: daddr:100932208
[  297.940441] AAAAA-TCP_FORW: name:enp0s8: saddr:100932208: daddr:16783984
[  297.941396] AAAAA-TCP_FORW: name:enp0s3: saddr:16783984: daddr:100932208
[  298.101861] AAAAA-TCP_FORW: name:enp0s8: saddr:100932208: daddr:16783984
[  298.102672] AAAAA-TCP_FORW: name:enp0s3: saddr:16783984: daddr:100932208
[  298.339927] AAAAA-TCP_FORW: name:enp0s8: saddr:100932208: daddr:16783984
[  298.340797] AAAAA-TCP_FORW: name:enp0s3: saddr:16783984: daddr:100932208
[  299.423373] AAAAA-TCP_FORW: name:enp0s8: saddr:100932208: daddr:16783984
[  299.425029] AAAAA-TCP_FORW: name:enp0s3: saddr:16783984: daddr:100932208
[  299.553000] AAAAA-TCP_FORW: name:enp0s8: saddr:100932208: daddr:16783984
[  299.554382] AAAAA-TCP_FORW: name:enp0s3: saddr:16783984: daddr:100932208
[  299.673852] AAAAA-TCP_FORW: name:enp0s8: saddr:100932208: daddr:16783984
[  299.674821] AAAAA-TCP_FORW: name:enp0s3: saddr:16783984: daddr:100932208
[  299.825080] AAAAA-TCP_FORW: name:enp0s8: saddr:100932208: daddr:16783984
[  299.826186] AAAAA-TCP_FORW: name:enp0s3: saddr:16783984: daddr:100932208
[  299.961920] AAAAA-TCP_FORW: name:enp0s8: saddr:100932208: daddr:16783984
[  299.962800] AAAAA-TCP_FORW: name:enp0s3: saddr:16783984: daddr:100932208
[  322.117790] AAAAA-TCP_FORW: name:enp0s8: saddr:100932208: daddr:16783984
[  322.119070] AAAAA-TCP_FORW: name:enp0s3: saddr:16783984: daddr:100932208
[  322.545170] AAAAA-TCP_FORW: name:enp0s8: saddr:100932208: daddr:16783984
[  322.546379] AAAAA-TCP_FORW: name:enp0s3: saddr:16783984: daddr:100932208
[  322.753852] AAAAA-TCP_FORW: name:enp0s8: saddr:100932208: daddr:16783984
[  322.755040] AAAAA-TCP_FORW: name:enp0s3: saddr:16783984: daddr:100932208
[  322.860986] AAAAA-TCP_FORW: name:enp0s8: saddr:100932208: daddr:16783984
[  322.862198] AAAAA-TCP_FORW: name:enp0s3: saddr:16783984: daddr:100932208
[  322.948148] AAAAA-TCP_FORW: name:enp0s8: saddr:100932208: daddr:16783984
[  322.949368] AAAAA-TCP_FORW: name:enp0s3: saddr:16783984: daddr:100932208
[  323.135330] AAAAA-TCP_FORW: name:enp0s8: saddr:100932208: daddr:16783984
[  323.136461] AAAAA-TCP_FORW: name:enp0s3: saddr:16783984: daddr:100932208
[  323.458424] AAAAA-TCP_FORW: name:enp0s8: saddr:100932208: daddr:16783984
[  323.459772] AAAAA-TCP_FORW: name:enp0s3: saddr:16783984: daddr:100932208
[  323.575937] AAAAA-TCP_FORW: name:enp0s8: saddr:100932208: daddr:16783984
[  323.577095] AAAAA-TCP_FORW: name:enp0s3: saddr:16783984: daddr:100932208
[  323.648468] AAAAA-TCP_FORW: name:enp0s8: saddr:100932208: daddr:16783984
[  323.650060] AAAAA-TCP_FORW: name:enp0s3: saddr:16783984: daddr:100932208
[  323.762607] AAAAA-TCP_FORW: name:enp0s8: saddr:100932208: daddr:16783984
[  323.763651] AAAAA-TCP_FORW: name:enp0s3: saddr:16783984: daddr:100932208
[  324.039377] AAAAA-TCP_FORW: name:enp0s8: saddr:100932208: daddr:16783984
[  324.040946] AAAAA-TCP_FORW: name:enp0s3: saddr:16783984: daddr:100932208
[  324.235615] AAAAA-TCP_FORW: name:enp0s8: saddr:100932208: daddr:16783984
[  324.236835] AAAAA-TCP_FORW: name:enp0s3: saddr:16783984: daddr:100932208
[  324.347536] AAAAA-TCP_FORW: name:enp0s8: saddr:100932208: daddr:16783984
[  324.348713] AAAAA-TCP_FORW: name:enp0s3: saddr:16783984: daddr:100932208
[  324.399105] AAAAA-TCP_FORW: name:enp0s8: saddr:100932208: daddr:16783984
[  324.400272] AAAAA-TCP_FORW: name:enp0s3: saddr:16783984: daddr:100932208
[  324.436664] AAAAA-TCP_FORW: name:enp0s8: saddr:100932208: daddr:16783984
[  324.437803] AAAAA-TCP_FORW: name:enp0s3: saddr:16783984: daddr:100932208
[  324.511695] AAAAA-TCP_FORW: name:enp0s8: saddr:100932208: daddr:16783984
[  324.512873] AAAAA-TCP_FORW: name:enp0s3: saddr:16783984: daddr:100932208
[  324.576231] AAAAA-TCP_FORW: name:enp0s8: saddr:100932208: daddr:16783984
[  324.577430] AAAAA-TCP_FORW: name:enp0s3: saddr:16783984: daddr:100932208
[  324.666898] AAAAA-TCP_FORW: name:enp0s8: saddr:100932208: daddr:16783984
[  324.668163] AAAAA-TCP_FORW: name:enp0s3: saddr:16783984: daddr:100932208
[  324.692031] AAAAA-TCP_FORW: name:enp0s8: saddr:100932208: daddr:16783984
[  324.693193] AAAAA-TCP_FORW: name:enp0s3: saddr:16783984: daddr:100932208
[  324.747087] AAAAA-TCP_FORW: name:enp0s8: saddr:100932208: daddr:16783984
[  324.748124] AAAAA-TCP_FORW: name:enp0s3: saddr:16783984: daddr:100932208
[  324.804936] AAAAA-TCP_FORW: name:enp0s8: saddr:100932208: daddr:16783984
[  324.806065] AAAAA-TCP_FORW: name:enp0s3: saddr:16783984: daddr:100932208
[  324.832377] AAAAA-TCP_FORW: name:enp0s8: saddr:100932208: daddr:16783984
[  324.892695] AAAAA-TCP_FORW: name:enp0s8: saddr:100932208: daddr:16783984
[  324.925473] AAAAA-TCP_FORW: name:enp0s8: saddr:100932208: daddr:16783984
[  324.926628] AAAAA-TCP_FORW: name:enp0s3: saddr:16783984: daddr:100932208
[  324.950763] AAAAA-TCP_FORW: name:enp0s8: saddr:100932208: daddr:16783984
[  324.969638] AAAAA-TCP_FORW: name:enp0s8: saddr:100932208: daddr:16783984
[  324.970740] AAAAA-TCP_FORW: name:enp0s3: saddr:16783984: daddr:100932208
[  325.111798] AAAAA-TCP_FORW: name:enp0s8: saddr:100932208: daddr:16783984
[  325.112985] AAAAA-TCP_FORW: name:enp0s3: saddr:16783984: daddr:100932208
[  325.198005] AAAAA-TCP_FORW: name:enp0s8: saddr:100932208: daddr:16783984
[  325.199087] AAAAA-TCP_FORW: name:enp0s3: saddr:16783984: daddr:100932208
[  325.231941] AAAAA-TCP_FORW: name:enp0s8: saddr:100932208: daddr:16783984
[  325.233146] AAAAA-TCP_FORW: name:enp0s3: saddr:16783984: daddr:100932208
[  325.277366] AAAAA-TCP_FORW: name:enp0s8: saddr:100932208: daddr:16783984
[  325.278593] AAAAA-TCP_FORW: name:enp0s3: saddr:16783984: daddr:100932208
[  325.590619] AAAAA-TCP_FORW: name:enp0s8: saddr:100932208: daddr:16783984
[  325.723249] AAAAA-TCP_FORW: name:enp0s8: saddr:100932208: daddr:16783984
[  325.724436] AAAAA-TCP_FORW: name:enp0s3: saddr:16783984: daddr:100932208
[  325.825649] AAAAA-TCP_FORW: name:enp0s8: saddr:100932208: daddr:16783984
[  325.827010] AAAAA-TCP_FORW: name:enp0s3: saddr:16783984: daddr:100932208
[  325.954736] AAAAA-TCP_FORW: name:enp0s8: saddr:100932208: daddr:16783984
[  325.955975] AAAAA-TCP_FORW: name:enp0s3: saddr:16783984: daddr:100932208
[  325.983869] AAAAA-TCP_FORW: name:enp0s8: saddr:100932208: daddr:16783984
[  325.984997] AAAAA-TCP_FORW: name:enp0s3: saddr:16783984: daddr:100932208
[  326.101068] AAAAA-TCP_FORW: name:enp0s8: saddr:100932208: daddr:16783984
[  326.102354] AAAAA-TCP_FORW: name:enp0s3: saddr:16783984: daddr:100932208
[  326.326868] AAAAA-TCP_FORW: name:enp0s8: saddr:100932208: daddr:16783984
[  326.328005] AAAAA-TCP_FORW: name:enp0s3: saddr:16783984: daddr:100932208
[  326.457354] AAAAA-TCP_FORW: name:enp0s8: saddr:100932208: daddr:16783984
[  326.458515] AAAAA-TCP_FORW: name:enp0s3: saddr:16783984: daddr:100932208
[  326.485365] AAAAA-TCP_FORW: name:enp0s8: saddr:100932208: daddr:16783984
[  326.486675] AAAAA-TCP_FORW: name:enp0s3: saddr:16783984: daddr:100932208
[  326.561521] AAAAA-TCP_FORW: name:enp0s8: saddr:100932208: daddr:16783984
[  326.562528] AAAAA-TCP_FORW: name:enp0s3: saddr:16783984: daddr:100932208
[  326.583280] AAAAA-TCP_FORW: name:enp0s8: saddr:100932208: daddr:16783984
[  326.584642] AAAAA-TCP_FORW: name:enp0s3: saddr:16783984: daddr:100932208
[  326.620203] AAAAA-TCP_FORW: name:enp0s8: saddr:100932208: daddr:16783984
[  326.621365] AAAAA-TCP_FORW: name:enp0s3: saddr:16783984: daddr:100932208
[  326.651051] AAAAA-TCP_FORW: name:enp0s8: saddr:100932208: daddr:16783984
[  326.652226] AAAAA-TCP_FORW: name:enp0s3: saddr:16783984: daddr:100932208
[  326.677399] AAAAA-TCP_FORW: name:enp0s8: saddr:100932208: daddr:16783984
[  326.678666] AAAAA-TCP_FORW: name:enp0s3: saddr:16783984: daddr:100932208
[  326.712033] AAAAA-TCP_FORW: name:enp0s8: saddr:100932208: daddr:16783984
[  326.713300] AAAAA-TCP_FORW: name:enp0s3: saddr:16783984: daddr:100932208
[  326.744496] AAAAA-TCP_FORW: name:enp0s8: saddr:100932208: daddr:16783984
[  326.746124] AAAAA-TCP_FORW: name:enp0s3: saddr:16783984: daddr:100932208
[  326.824374] AAAAA-TCP_FORW: name:enp0s8: saddr:100932208: daddr:16783984
[  326.825507] AAAAA-TCP_FORW: name:enp0s3: saddr:16783984: daddr:100932208
[  326.862898] AAAAA-TCP_FORW: name:enp0s8: saddr:100932208: daddr:16783984
[  326.863966] AAAAA-TCP_FORW: name:enp0s3: saddr:16783984: daddr:100932208
[  326.965383] AAAAA-TCP_FORW: name:enp0s8: saddr:100932208: daddr:16783984
[  326.966503] AAAAA-TCP_FORW: name:enp0s3: saddr:16783984: daddr:100932208
[  327.054088] AAAAA-TCP_FORW: name:enp0s8: saddr:100932208: daddr:16783984
[  327.055208] AAAAA-TCP_FORW: name:enp0s3: saddr:16783984: daddr:100932208
[  327.089058] AAAAA-TCP_FORW: name:enp0s8: saddr:100932208: daddr:16783984
[  327.090299] AAAAA-TCP_FORW: name:enp0s3: saddr:16783984: daddr:100932208
[  327.123021] AAAAA-TCP_FORW: name:enp0s8: saddr:100932208: daddr:16783984
[  327.124132] AAAAA-TCP_FORW: name:enp0s3: saddr:16783984: daddr:100932208
[  327.223186] AAAAA-TCP_FORW: name:enp0s8: saddr:100932208: daddr:16783984
[  327.224062] AAAAA-TCP_FORW: name:enp0s3: saddr:16783984: daddr:100932208
[  327.247338] AAAAA-TCP_FORW: name:enp0s8: saddr:100932208: daddr:16783984
[  327.248493] AAAAA-TCP_FORW: name:enp0s3: saddr:16783984: daddr:100932208
[  327.281897] AAAAA-TCP_FORW: name:enp0s8: saddr:100932208: daddr:16783984
[  327.283105] AAAAA-TCP_FORW: name:enp0s3: saddr:16783984: daddr:100932208
[  327.351458] AAAAA-TCP_FORW: name:enp0s8: saddr:100932208: daddr:16783984
[  327.352640] AAAAA-TCP_FORW: name:enp0s3: saddr:16783984: daddr:100932208
[  328.128204] AAAAA-TCP_FORW: name:enp0s8: saddr:100932208: daddr:16783984
[  328.129522] AAAAA-TCP_FORW: name:enp0s3: saddr:16783984: daddr:100932208
[  328.253694] AAAAA-TCP_FORW: name:enp0s8: saddr:100932208: daddr:16783984
[  328.254971] AAAAA-TCP_FORW: name:enp0s3: saddr:16783984: daddr:100932208
[  328.348557] AAAAA-TCP_FORW: name:enp0s8: saddr:100932208: daddr:16783984
[  328.349814] AAAAA-TCP_FORW: name:enp0s3: saddr:16783984: daddr:100932208
[  328.420839] AAAAA-TCP_FORW: name:enp0s8: saddr:100932208: daddr:16783984
[  328.422054] AAAAA-TCP_FORW: name:enp0s3: saddr:16783984: daddr:100932208
[  328.448114] AAAAA-TCP_FORW: name:enp0s8: saddr:100932208: daddr:16783984
[  328.449191] AAAAA-TCP_FORW: name:enp0s3: saddr:16783984: daddr:100932208
[  328.592661] AAAAA-TCP_FORW: name:enp0s8: saddr:100932208: daddr:16783984
[  328.593834] AAAAA-TCP_FORW: name:enp0s3: saddr:16783984: daddr:100932208
[  328.931463] AAAAA-TCP_FORW: name:enp0s8: saddr:100932208: daddr:16783984
[  328.932688] AAAAA-TCP_FORW: name:enp0s3: saddr:16783984: daddr:100932208
[  329.073985] AAAAA-TCP_FORW: name:enp0s8: saddr:100932208: daddr:16783984
[  329.075215] AAAAA-TCP_FORW: name:enp0s3: saddr:16783984: daddr:100932208
[  329.179275] AAAAA-TCP_FORW: name:enp0s8: saddr:100932208: daddr:16783984
[  329.180524] AAAAA-TCP_FORW: name:enp0s3: saddr:16783984: daddr:100932208
[  329.274064] AAAAA-TCP_FORW: name:enp0s8: saddr:100932208: daddr:16783984
[  329.275247] AAAAA-TCP_FORW: name:enp0s3: saddr:16783984: daddr:100932208
[  329.317388] AAAAA-TCP_FORW: name:enp0s8: saddr:100932208: daddr:16783984
[  329.318576] AAAAA-TCP_FORW: name:enp0s3: saddr:16783984: daddr:100932208
[  329.350190] AAAAA-TCP_FORW: name:enp0s8: saddr:100932208: daddr:16783984
[  329.351400] AAAAA-TCP_FORW: name:enp0s3: saddr:16783984: daddr:100932208
[  329.403353] AAAAA-TCP_FORW: name:enp0s8: saddr:100932208: daddr:16783984
[  329.404563] AAAAA-TCP_FORW: name:enp0s3: saddr:16783984: daddr:100932208
[  329.456202] AAAAA-TCP_FORW: name:enp0s8: saddr:100932208: daddr:16783984
[  329.457360] AAAAA-TCP_FORW: name:enp0s3: saddr:16783984: daddr:100932208
[  329.510373] AAAAA-TCP_FORW: name:enp0s8: saddr:100932208: daddr:16783984
[  329.511645] AAAAA-TCP_FORW: name:enp0s3: saddr:16783984: daddr:100932208
[  329.638388] AAAAA-TCP_FORW: name:enp0s8: saddr:100932208: daddr:16783984
[  329.639543] AAAAA-TCP_FORW: name:enp0s3: saddr:16783984: daddr:100932208
[  329.662509] AAAAA-TCP_FORW: name:enp0s8: saddr:100932208: daddr:16783984
[  329.663668] AAAAA-TCP_FORW: name:enp0s3: saddr:16783984: daddr:100932208
[  329.684502] AAAAA-TCP_FORW: name:enp0s8: saddr:100932208: daddr:16783984
[  329.685669] AAAAA-TCP_FORW: name:enp0s3: saddr:16783984: daddr:100932208
[  329.794420] AAAAA-TCP_FORW: name:enp0s8: saddr:100932208: daddr:16783984
[  329.795472] AAAAA-TCP_FORW: name:enp0s3: saddr:16783984: daddr:100932208
[  329.856622] AAAAA-TCP_FORW: name:enp0s8: saddr:100932208: daddr:16783984
[  329.857729] AAAAA-TCP_FORW: name:enp0s3: saddr:16783984: daddr:100932208
[  329.961377] AAAAA-TCP_FORW: name:enp0s8: saddr:100932208: daddr:16783984
[  329.962650] AAAAA-TCP_FORW: name:enp0s3: saddr:16783984: daddr:100932208
[  330.079090] AAAAA-TCP_FORW: name:enp0s8: saddr:100932208: daddr:16783984
[  330.080119] AAAAA-TCP_FORW: name:enp0s3: saddr:16783984: daddr:100932208
[  330.100662] AAAAA-TCP_FORW: name:enp0s8: saddr:100932208: daddr:16783984
[  330.101803] AAAAA-TCP_FORW: name:enp0s3: saddr:16783984: daddr:100932208
[  330.144601] AAAAA-TCP_FORW: name:enp0s8: saddr:100932208: daddr:16783984
[  330.145583] AAAAA-TCP_FORW: name:enp0s3: saddr:16783984: daddr:100932208
[  330.230206] AAAAA-TCP_FORW: name:enp0s8: saddr:100932208: daddr:16783984
[  330.231390] AAAAA-TCP_FORW: name:enp0s3: saddr:16783984: daddr:100932208
[  330.283555] AAAAA-TCP_FORW: name:enp0s8: saddr:100932208: daddr:16783984
[  330.284753] AAAAA-TCP_FORW: name:enp0s3: saddr:16783984: daddr:100932208
[  330.316074] AAAAA-TCP_FORW: name:enp0s8: saddr:100932208: daddr:16783984
[  330.317194] AAAAA-TCP_FORW: name:enp0s3: saddr:16783984: daddr:100932208
[  330.365765] AAAAA-TCP_FORW: name:enp0s8: saddr:100932208: daddr:16783984
[  330.366817] AAAAA-TCP_FORW: name:enp0s3: saddr:16783984: daddr:100932208
[  330.466901] AAAAA-TCP_FORW: name:enp0s8: saddr:100932208: daddr:16783984
[  330.468036] AAAAA-TCP_FORW: name:enp0s3: saddr:16783984: daddr:100932208
[  330.507923] AAAAA-TCP_FORW: name:enp0s8: saddr:100932208: daddr:16783984
[  330.509042] AAAAA-TCP_FORW: name:enp0s3: saddr:16783984: daddr:100932208
[  330.840865] AAAAA-TCP_FORW: name:enp0s8: saddr:100932208: daddr:16783984
[  330.841996] AAAAA-TCP_FORW: name:enp0s3: saddr:16783984: daddr:100932208
[  331.017919] AAAAA-TCP_FORW: name:enp0s8: saddr:100932208: daddr:16783984
[  331.019136] AAAAA-TCP_FORW: name:enp0s3: saddr:16783984: daddr:100932208
[  331.041723] AAAAA-TCP_FORW: name:enp0s8: saddr:100932208: daddr:16783984
[  331.042844] AAAAA-TCP_FORW: name:enp0s3: saddr:16783984: daddr:100932208
[  331.161623] AAAAA-TCP_FORW: name:enp0s8: saddr:100932208: daddr:16783984
[  331.204112] AAAAA-TCP_FORW: name:enp0s3: saddr:16783984: daddr:100932208
[  331.249090] AAAAA-TCP_FORW: name:enp0s8: saddr:100932208: daddr:16783984
[  331.330025] AAAAA-TCP_FORW: name:enp0s8: saddr:100932208: daddr:16783984
[  331.331207] AAAAA-TCP_FORW: name:enp0s3: saddr:16783984: daddr:100932208
[  331.361062] AAAAA-TCP_FORW: name:enp0s8: saddr:100932208: daddr:16783984
[  331.387569] AAAAA-TCP_FORW: name:enp0s8: saddr:100932208: daddr:16783984
[  331.388698] AAAAA-TCP_FORW: name:enp0s3: saddr:16783984: daddr:100932208
[  331.412472] AAAAA-TCP_FORW: name:enp0s8: saddr:100932208: daddr:16783984
[  331.471751] AAAAA-TCP_FORW: name:enp0s3: saddr:16783984: daddr:100932208
[  331.585349] AAAAA-TCP_FORW: name:enp0s8: saddr:100932208: daddr:16783984
[  331.699852] AAAAA-TCP_FORW: name:enp0s3: saddr:16783984: daddr:100932208
[  331.749825] AAAAA-TCP_FORW: name:enp0s8: saddr:100932208: daddr:16783984
[  331.817344] AAAAA-TCP_FORW: name:enp0s8: saddr:100932208: daddr:16783984
[  331.818504] AAAAA-TCP_FORW: name:enp0s3: saddr:16783984: daddr:100932208
[  331.874952] AAAAA-TCP_FORW: name:enp0s8: saddr:100932208: daddr:16783984
[  332.039972] AAAAA-TCP_FORW: name:enp0s3: saddr:16783984: daddr:100932208
[  332.420701] AAAAA-TCP_FORW: name:enp0s8: saddr:100932208: daddr:16783984
[  332.536080] AAAAA-TCP_FORW: name:enp0s8: saddr:100932208: daddr:16783984
[  332.537404] AAAAA-TCP_FORW: name:enp0s3: saddr:16783984: daddr:100932208
[  332.641840] AAAAA-TCP_FORW: name:enp0s8: saddr:100932208: daddr:16783984
[  332.807162] AAAAA-TCP_FORW: name:enp0s8: saddr:100932208: daddr:16783984
[  332.808252] AAAAA-TCP_FORW: name:enp0s3: saddr:16783984: daddr:100932208
[  332.929997] AAAAA-TCP_FORW: name:enp0s8: saddr:100932208: daddr:16783984
[  333.215903] AAAAA-TCP_FORW: name:enp0s3: saddr:16783984: daddr:100932208
[  333.458714] AAAAA-TCP_FORW: name:enp0s8: saddr:100932208: daddr:16783984
[  333.459896] AAAAA-TCP_FORW: name:enp0s3: saddr:16783984: daddr:100932208
[  333.472220] AAAAA-TCP_FORW: name:enp0s8: saddr:100932208: daddr:16783984
[  333.473405] AAAAA-TCP_FORW: name:enp0s3: saddr:16783984: daddr:100932208
[  333.811767] AAAAA-TCP_FORW: name:enp0s8: saddr:100932208: daddr:16783984
[  333.812966] AAAAA-TCP_FORW: name:enp0s3: saddr:16783984: daddr:100932208
[  334.439064] AAAAA-TCP_FORW: name:enp0s8: saddr:100932208: daddr:16783984
[  334.440295] AAAAA-TCP_FORW: name:enp0s3: saddr:16783984: daddr:100932208
[  334.553836] AAAAA-TCP_FORW: name:enp0s8: saddr:100932208: daddr:16783984
[  334.556335] AAAAA-TCP_FORW: name:enp0s3: saddr:16783984: daddr:100932208
[  334.632224] AAAAA-TCP_FORW: name:enp0s8: saddr:100932208: daddr:16783984
[  334.634228] AAAAA-TCP_FORW: name:enp0s3: saddr:16783984: daddr:100932208
[  334.738590] AAAAA-TCP_FORW: name:enp0s8: saddr:100932208: daddr:16783984
[  334.741024] AAAAA-TCP_FORW: name:enp0s3: saddr:16783984: daddr:100932208
[  334.822590] AAAAA-TCP_FORW: name:enp0s8: saddr:100932208: daddr:16783984
[  334.825218] AAAAA-TCP_FORW: name:enp0s3: saddr:16783984: daddr:100932208
[  334.943407] AAAAA-TCP_FORW: name:enp0s8: saddr:100932208: daddr:16783984
[  334.945563] AAAAA-TCP_FORW: name:enp0s3: saddr:16783984: daddr:100932208
[  336.288185] AAAAA-TCP_FORW: name:enp0s8: saddr:100932208: daddr:16783984
[  336.290934] AAAAA-TCP_FORW: name:enp0s3: saddr:16783984: daddr:100932208
[  336.464835] AAAAA-TCP_FORW: name:enp0s8: saddr:100932208: daddr:16783984
[  336.467511] AAAAA-TCP_FORW: name:enp0s3: saddr:16783984: daddr:100932208
[  336.666013] AAAAA-TCP_FORW: name:enp0s8: saddr:100932208: daddr:16783984
[  336.668936] AAAAA-TCP_FORW: name:enp0s3: saddr:16783984: daddr:100932208
[  336.866049] AAAAA-TCP_FORW: name:enp0s8: saddr:100932208: daddr:16783984
[  336.868623] AAAAA-TCP_FORW: name:enp0s3: saddr:16783984: daddr:100932208
[  336.918776] AAAAA-TCP_FORW: name:enp0s8: saddr:100932208: daddr:16783984
[  336.924994] AAAAA-TCP_FORW: name:enp0s3: saddr:16783984: daddr:100932208
[  336.994752] AAAAA-TCP_FORW: name:enp0s8: saddr:100932208: daddr:16783984
[  336.996995] AAAAA-TCP_FORW: name:enp0s3: saddr:16783984: daddr:100932208
[  337.186214] AAAAA-TCP_FORW: name:enp0s8: saddr:100932208: daddr:16783984
[  337.188383] AAAAA-TCP_FORW: name:enp0s3: saddr:16783984: daddr:100932208
[  337.194470] AAAAA-TCP_FORW: name:enp0s8: saddr:100932208: daddr:16783984
[  337.196509] AAAAA-TCP_FORW: name:enp0s3: saddr:16783984: daddr:100932208
[  337.360720] AAAAA-TCP_FORW: name:enp0s8: saddr:100932208: daddr:16783984
[  337.363152] AAAAA-TCP_FORW: name:enp0s3: saddr:16783984: daddr:100932208
[  337.364516] AAAAA-TCP_FORW: name:enp0s8: saddr:100932208: daddr:16783984
[  337.366826] AAAAA-TCP_FORW: name:enp0s3: saddr:16783984: daddr:100932208
[  337.422855] AAAAA-TCP_FORW: name:enp0s8: saddr:100932208: daddr:16783984
[  337.425157] AAAAA-TCP_FORW: name:enp0s3: saddr:16783984: daddr:100932208
[  337.515755] AAAAA-TCP_FORW: name:enp0s8: saddr:100932208: daddr:16783984
[  337.517717] AAAAA-TCP_FORW: name:enp0s3: saddr:16783984: daddr:100932208
[  337.625380] AAAAA-TCP_FORW: name:enp0s8: saddr:100932208: daddr:16783984
[  337.629090] AAAAA-TCP_FORW: name:enp0s3: saddr:16783984: daddr:100932208
[  337.681913] AAAAA-TCP_FORW: name:enp0s8: saddr:100932208: daddr:16783984
[  337.683956] AAAAA-TCP_FORW: name:enp0s3: saddr:16783984: daddr:100932208
[  337.707921] AAAAA-TCP_FORW: name:enp0s8: saddr:100932208: daddr:16783984
[  337.709980] AAAAA-TCP_FORW: name:enp0s3: saddr:16783984: daddr:100932208
[  337.824638] AAAAA-TCP_FORW: name:enp0s8: saddr:100932208: daddr:16783984
[  337.827033] AAAAA-TCP_FORW: name:enp0s3: saddr:16783984: daddr:100932208
[  337.905184] AAAAA-TCP_FORW: name:enp0s8: saddr:100932208: daddr:16783984
[  337.907522] AAAAA-TCP_FORW: name:enp0s3: saddr:16783984: daddr:100932208
[  337.969561] AAAAA-TCP_FORW: name:enp0s8: saddr:100932208: daddr:16783984
[  337.971845] AAAAA-TCP_FORW: name:enp0s3: saddr:16783984: daddr:100932208
[  338.107165] AAAAA-TCP_FORW: name:enp0s8: saddr:100932208: daddr:16783984
[  338.109593] AAAAA-TCP_FORW: name:enp0s3: saddr:16783984: daddr:100932208
[  338.171233] AAAAA-TCP_FORW: name:enp0s8: saddr:100932208: daddr:16783984
[  338.173344] AAAAA-TCP_FORW: name:enp0s3: saddr:16783984: daddr:100932208
[  338.242990] AAAAA-TCP_FORW: name:enp0s8: saddr:100932208: daddr:16783984
[  338.245127] AAAAA-TCP_FORW: name:enp0s3: saddr:16783984: daddr:100932208
[  338.320733] AAAAA-TCP_FORW: name:enp0s8: saddr:100932208: daddr:16783984
[  338.323134] AAAAA-TCP_FORW: name:enp0s3: saddr:16783984: daddr:100932208
[  338.429704] AAAAA-TCP_FORW: name:enp0s8: saddr:100932208: daddr:16783984
[  338.432236] AAAAA-TCP_FORW: name:enp0s3: saddr:16783984: daddr:100932208
[  338.570408] AAAAA-TCP_FORW: name:enp0s8: saddr:100932208: daddr:16783984
[  338.572934] AAAAA-TCP_FORW: name:enp0s3: saddr:16783984: daddr:100932208
[  338.625017] AAAAA-TCP_FORW: name:enp0s8: saddr:100932208: daddr:16783984
[  338.627263] AAAAA-TCP_FORW: name:enp0s3: saddr:16783984: daddr:100932208
[  338.633455] AAAAA-TCP_FORW: name:enp0s8: saddr:100932208: daddr:16783984
[  338.635793] AAAAA-TCP_FORW: name:enp0s3: saddr:16783984: daddr:100932208
[  338.781835] AAAAA-TCP_FORW: name:enp0s8: saddr:100932208: daddr:16783984
[  338.784210] AAAAA-TCP_FORW: name:enp0s3: saddr:16783984: daddr:100932208
[  338.903238] AAAAA-TCP_FORW: name:enp0s8: saddr:100932208: daddr:16783984
[  338.905761] AAAAA-TCP_FORW: name:enp0s3: saddr:16783984: daddr:100932208
[  338.990794] AAAAA-TCP_FORW: name:enp0s8: saddr:100932208: daddr:16783984
[  338.992964] AAAAA-TCP_FORW: name:enp0s3: saddr:16783984: daddr:100932208
[  339.841178] AAAAA-TCP_FORW: name:enp0s8: saddr:100932208: daddr:16783984
[  339.842557] AAAAA-TCP_FORW: name:enp0s3: saddr:16783984: daddr:100932208
[  340.611692] AAAAA-TCP_FORW: name:enp0s8: saddr:100932208: daddr:16783984
[  340.612892] AAAAA-TCP_FORW: name:enp0s3: saddr:16783984: daddr:100932208
[  340.650221] AAAAA-TCP_FORW: name:enp0s8: saddr:100932208: daddr:16783984
[  340.651370] AAAAA-TCP_FORW: name:enp0s3: saddr:16783984: daddr:100932208
[  340.731150] AAAAA-TCP_FORW: name:enp0s8: saddr:100932208: daddr:16783984
[  340.732339] AAAAA-TCP_FORW: name:enp0s3: saddr:16783984: daddr:100932208
[  341.305081] AAAAA-TCP_FORW: name:enp0s8: saddr:100932208: daddr:16783984
[  341.306460] AAAAA-TCP_FORW: name:enp0s3: saddr:16783984: daddr:100932208
[  341.376528] AAAAA-TCP_FORW: name:enp0s8: saddr:100932208: daddr:16783984
[  341.378244] AAAAA-TCP_FORW: name:enp0s3: saddr:16783984: daddr:100932208
[  354.743037] AAAAA-TCP_FORW: name:enp0s8: saddr:100932208: daddr:16783984
[  354.744211] AAAAA-TCP_FORW: name:enp0s3: saddr:16783984: daddr:100932208
[  354.816458] AAAAA-TCP_FORW: name:enp0s8: saddr:100932208: daddr:16783984
[  354.818402] AAAAA-TCP_FORW: name:enp0s3: saddr:16783984: daddr:100932208
[  354.879192] AAAAA-TCP_FORW: name:enp0s8: saddr:100932208: daddr:16783984
[  354.880376] AAAAA-TCP_FORW: name:enp0s3: saddr:16783984: daddr:100932208
[  354.986473] AAAAA-TCP_FORW: name:enp0s8: saddr:100932208: daddr:16783984
[  354.987666] AAAAA-TCP_FORW: name:enp0s3: saddr:16783984: daddr:100932208
[  355.099142] AAAAA-TCP_FORW: name:enp0s8: saddr:100932208: daddr:16783984
[  355.100384] AAAAA-TCP_FORW: name:enp0s3: saddr:16783984: daddr:100932208
[  355.161091] AAAAA-TCP_FORW: name:enp0s8: saddr:100932208: daddr:16783984
[  355.162363] AAAAA-TCP_FORW: name:enp0s3: saddr:16783984: daddr:100932208
[  355.478899] AAAAA-TCP_FORW: name:enp0s8: saddr:100932208: daddr:16783984
[  355.480177] AAAAA-TCP_FORW: name:enp0s3: saddr:16783984: daddr:100932208
[  355.650028] AAAAA-TCP_FORW: name:enp0s8: saddr:100932208: daddr:16783984
[  355.651827] AAAAA-TCP_FORW: name:enp0s3: saddr:16783984: daddr:100932208
[  355.726013] AAAAA-TCP_FORW: name:enp0s8: saddr:100932208: daddr:16783984
[  355.727077] AAAAA-TCP_FORW: name:enp0s3: saddr:16783984: daddr:100932208
[  355.810117] AAAAA-TCP_FORW: name:enp0s8: saddr:100932208: daddr:16783984
[  355.811302] AAAAA-TCP_FORW: name:enp0s3: saddr:16783984: daddr:100932208
[  355.865985] AAAAA-TCP_FORW: name:enp0s8: saddr:100932208: daddr:16783984
[  355.867224] AAAAA-TCP_FORW: name:enp0s3: saddr:16783984: daddr:100932208
[  355.908515] AAAAA-TCP_FORW: name:enp0s8: saddr:100932208: daddr:16783984
[  355.909260] AAAAA-TCP_FORW: name:enp0s3: saddr:16783984: daddr:100932208
[  356.031532] AAAAA-TCP_FORW: name:enp0s8: saddr:100932208: daddr:16783984
[  356.032742] AAAAA-TCP_FORW: name:enp0s3: saddr:16783984: daddr:100932208
[  356.086402] AAAAA-TCP_FORW: name:enp0s8: saddr:100932208: daddr:16783984
[  356.087590] AAAAA-TCP_FORW: name:enp0s3: saddr:16783984: daddr:100932208
[  356.133534] AAAAA-TCP_FORW: name:enp0s8: saddr:100932208: daddr:16783984
[  356.134722] AAAAA-TCP_FORW: name:enp0s3: saddr:16783984: daddr:100932208
[  356.160218] AAAAA-TCP_FORW: name:enp0s8: saddr:100932208: daddr:16783984
[  356.161424] AAAAA-TCP_FORW: name:enp0s3: saddr:16783984: daddr:100932208
[  356.187757] AAAAA-TCP_FORW: name:enp0s8: saddr:100932208: daddr:16783984
[  356.206701] AAAAA-TCP_FORW: name:enp0s8: saddr:100932208: daddr:16783984
[  356.207907] AAAAA-TCP_FORW: name:enp0s3: saddr:16783984: daddr:100932208
[  356.259217] AAAAA-TCP_FORW: name:enp0s8: saddr:100932208: daddr:16783984
[  356.277138] AAAAA-TCP_FORW: name:enp0s8: saddr:100932208: daddr:16783984
[  356.278298] AAAAA-TCP_FORW: name:enp0s3: saddr:16783984: daddr:100932208
[  356.339676] AAAAA-TCP_FORW: name:enp0s8: saddr:100932208: daddr:16783984
[  356.383938] AAAAA-TCP_FORW: name:enp0s3: saddr:16783984: daddr:100932208
[  356.430319] AAAAA-TCP_FORW: name:enp0s8: saddr:100932208: daddr:16783984
[  356.487933] AAAAA-TCP_FORW: name:enp0s8: saddr:100932208: daddr:16783984
[  356.489295] AAAAA-TCP_FORW: name:enp0s3: saddr:16783984: daddr:100932208
[  356.566220] AAAAA-TCP_FORW: name:enp0s8: saddr:100932208: daddr:16783984
[  356.637718] AAAAA-TCP_FORW: name:enp0s8: saddr:100932208: daddr:16783984
[  356.638924] AAAAA-TCP_FORW: name:enp0s3: saddr:16783984: daddr:100932208
[  356.674958] AAAAA-TCP_FORW: name:enp0s8: saddr:100932208: daddr:16783984
[  356.730179] AAAAA-TCP_FORW: name:enp0s8: saddr:100932208: daddr:16783984
[  356.731411] AAAAA-TCP_FORW: name:enp0s3: saddr:16783984: daddr:100932208
[  356.788042] AAAAA-TCP_FORW: name:enp0s8: saddr:100932208: daddr:16783984
[  356.903895] AAAAA-TCP_FORW: name:enp0s3: saddr:16783984: daddr:100932208
[  357.402909] AAAAA-TCP_FORW: name:enp0s8: saddr:100932208: daddr:16783984
[  357.466458] AAAAA-TCP_FORW: name:enp0s8: saddr:100932208: daddr:16783984
[  357.467798] AAAAA-TCP_FORW: name:enp0s3: saddr:16783984: daddr:100932208
[  357.522994] AAAAA-TCP_FORW: name:enp0s8: saddr:100932208: daddr:16783984
[  357.587679] AAAAA-TCP_FORW: name:enp0s8: saddr:100932208: daddr:16783984
[  357.589112] AAAAA-TCP_FORW: name:enp0s3: saddr:16783984: daddr:100932208
[  357.673007] AAAAA-TCP_FORW: name:enp0s8: saddr:100932208: daddr:16783984
[  357.715676] AAAAA-TCP_FORW: name:enp0s8: saddr:100932208: daddr:16783984
[  357.717507] AAAAA-TCP_FORW: name:enp0s3: saddr:16783984: daddr:100932208
[  357.772235] AAAAA-TCP_FORW: name:enp0s8: saddr:100932208: daddr:16783984
[  357.799478] AAAAA-TCP_FORW: name:enp0s8: saddr:100932208: daddr:16783984
[  357.800868] AAAAA-TCP_FORW: name:enp0s3: saddr:16783984: daddr:100932208
[  357.876607] AAAAA-TCP_FORW: name:enp0s8: saddr:100932208: daddr:16783984
[  357.974700] AAAAA-TCP_FORW: name:enp0s8: saddr:100932208: daddr:16783984
[  357.975991] AAAAA-TCP_FORW: name:enp0s3: saddr:16783984: daddr:100932208
[  358.016648] AAAAA-TCP_FORW: name:enp0s8: saddr:100932208: daddr:16783984
[  358.060762] AAAAA-TCP_FORW: name:enp0s8: saddr:100932208: daddr:16783984
[  358.061559] AAAAA-TCP_FORW: name:enp0s3: saddr:16783984: daddr:100932208
[  358.088798] AAAAA-TCP_FORW: name:enp0s8: saddr:100932208: daddr:16783984
[  358.125646] AAAAA-TCP_FORW: name:enp0s8: saddr:100932208: daddr:16783984
[  358.127010] AAAAA-TCP_FORW: name:enp0s3: saddr:16783984: daddr:100932208
[  358.174746] AAAAA-TCP_FORW: name:enp0s8: saddr:100932208: daddr:16783984
[  358.219643] AAAAA-TCP_FORW: name:enp0s8: saddr:100932208: daddr:16783984
[  358.220524] AAAAA-TCP_FORW: name:enp0s3: saddr:16783984: daddr:100932208
[  358.248206] AAAAA-TCP_FORW: name:enp0s8: saddr:100932208: daddr:16783984
[  358.265588] AAAAA-TCP_FORW: name:enp0s8: saddr:100932208: daddr:16783984
[  358.266329] AAAAA-TCP_FORW: name:enp0s3: saddr:16783984: daddr:100932208
[  358.287060] AAAAA-TCP_FORW: name:enp0s8: saddr:100932208: daddr:16783984
[  358.308988] AAAAA-TCP_FORW: name:enp0s8: saddr:100932208: daddr:16783984
[  358.309766] AAAAA-TCP_FORW: name:enp0s3: saddr:16783984: daddr:100932208
[  358.335012] AAAAA-TCP_FORW: name:enp0s8: saddr:100932208: daddr:16783984
[  358.354941] AAAAA-TCP_FORW: name:enp0s8: saddr:100932208: daddr:16783984
[  358.355695] AAAAA-TCP_FORW: name:enp0s3: saddr:16783984: daddr:100932208
[  358.388528] AAAAA-TCP_FORW: name:enp0s8: saddr:100932208: daddr:16783984
[  358.407621] AAAAA-TCP_FORW: name:enp0s8: saddr:100932208: daddr:16783984
[  358.408742] AAAAA-TCP_FORW: name:enp0s3: saddr:16783984: daddr:100932208
[  358.487708] AAAAA-TCP_FORW: name:enp0s8: saddr:100932208: daddr:16783984
[  358.512544] AAAAA-TCP_FORW: name:enp0s8: saddr:100932208: daddr:16783984
[  358.513424] AAAAA-TCP_FORW: name:enp0s3: saddr:16783984: daddr:100932208
[  358.631698] AAAAA-TCP_FORW: name:enp0s8: saddr:100932208: daddr:16783984
[  358.668515] AAAAA-TCP_FORW: name:enp0s8: saddr:100932208: daddr:16783984
[  358.669433] AAAAA-TCP_FORW: name:enp0s3: saddr:16783984: daddr:100932208
[  358.704537] AAAAA-TCP_FORW: name:enp0s8: saddr:100932208: daddr:16783984
[  358.771875] AAAAA-TCP_FORW: name:enp0s3: saddr:16783984: daddr:100932208
[  358.777574] AAAAA-TCP_FORW: name:enp0s8: saddr:100932208: daddr:16783984
[  358.829667] AAAAA-TCP_FORW: name:enp0s8: saddr:100932208: daddr:16783984
[  358.830915] AAAAA-TCP_FORW: name:enp0s3: saddr:16783984: daddr:100932208
[  358.906178] AAAAA-TCP_FORW: name:enp0s8: saddr:100932208: daddr:16783984
[  358.927073] AAAAA-TCP_FORW: name:enp0s8: saddr:100932208: daddr:16783984
[  358.928354] AAAAA-TCP_FORW: name:enp0s3: saddr:16783984: daddr:100932208
[  358.979146] AAAAA-TCP_FORW: name:enp0s8: saddr:100932208: daddr:16783984
[  358.996810] AAAAA-TCP_FORW: name:enp0s8: saddr:100932208: daddr:16783984
[  358.997541] AAAAA-TCP_FORW: name:enp0s3: saddr:16783984: daddr:100932208
[  359.050437] AAAAA-TCP_FORW: name:enp0s8: saddr:100932208: daddr:16783984
[  359.079183] AAAAA-TCP_FORW: name:enp0s8: saddr:100932208: daddr:16783984
[  359.080635] AAAAA-TCP_FORW: name:enp0s3: saddr:16783984: daddr:100932208
[  359.128392] AAAAA-TCP_FORW: name:enp0s8: saddr:100932208: daddr:16783984
[  359.172120] AAAAA-TCP_FORW: name:enp0s8: saddr:100932208: daddr:16783984
[  359.172878] AAAAA-TCP_FORW: name:enp0s3: saddr:16783984: daddr:100932208
[  359.267991] AAAAA-TCP_FORW: name:enp0s8: saddr:100932208: daddr:16783984
[  359.288647] AAAAA-TCP_FORW: name:enp0s8: saddr:100932208: daddr:16783984
[  359.289915] AAAAA-TCP_FORW: name:enp0s3: saddr:16783984: daddr:100932208
[  359.355463] AAAAA-TCP_FORW: name:enp0s8: saddr:100932208: daddr:16783984
[  359.420091] AAAAA-TCP_FORW: name:enp0s3: saddr:16783984: daddr:100932208
[  359.546190] AAAAA-TCP_FORW: name:enp0s8: saddr:100932208: daddr:16783984
[  359.594118] AAAAA-TCP_FORW: name:enp0s8: saddr:100932208: daddr:16783984
[  359.595513] AAAAA-TCP_FORW: name:enp0s3: saddr:16783984: daddr:100932208
[  359.642063] AAAAA-TCP_FORW: name:enp0s8: saddr:100932208: daddr:16783984
[  359.670819] AAAAA-TCP_FORW: name:enp0s8: saddr:100932208: daddr:16783984
[  359.671532] AAAAA-TCP_FORW: name:enp0s3: saddr:16783984: daddr:100932208
[  359.753776] AAAAA-TCP_FORW: name:enp0s8: saddr:100932208: daddr:16783984
[  359.771589] AAAAA-TCP_FORW: name:enp0s8: saddr:100932208: daddr:16783984
[  359.772873] AAAAA-TCP_FORW: name:enp0s3: saddr:16783984: daddr:100932208
[  359.817848] AAAAA-TCP_FORW: name:enp0s8: saddr:100932208: daddr:16783984
[  359.835517] AAAAA-TCP_FORW: name:enp0s8: saddr:100932208: daddr:16783984
[  359.836251] AAAAA-TCP_FORW: name:enp0s3: saddr:16783984: daddr:100932208
[  359.879849] AAAAA-TCP_FORW: name:enp0s8: saddr:100932208: daddr:16783984
[  359.922825] AAAAA-TCP_FORW: name:enp0s8: saddr:100932208: daddr:16783984
[  359.924233] AAAAA-TCP_FORW: name:enp0s3: saddr:16783984: daddr:100932208
[  359.987471] AAAAA-TCP_FORW: name:enp0s8: saddr:100932208: daddr:16783984
[  360.005097] AAAAA-TCP_FORW: name:enp0s8: saddr:100932208: daddr:16783984
[  360.006357] AAAAA-TCP_FORW: name:enp0s3: saddr:16783984: daddr:100932208
[  360.053235] AAAAA-TCP_FORW: name:enp0s8: saddr:100932208: daddr:16783984
[  360.088988] AAAAA-TCP_FORW: name:enp0s8: saddr:100932208: daddr:16783984
[  360.089696] AAAAA-TCP_FORW: name:enp0s3: saddr:16783984: daddr:100932208
[  360.180189] AAAAA-TCP_FORW: name:enp0s8: saddr:100932208: daddr:16783984
[  360.198052] AAAAA-TCP_FORW: name:enp0s8: saddr:100932208: daddr:16783984
[  360.198780] AAAAA-TCP_FORW: name:enp0s3: saddr:16783984: daddr:100932208
[  360.249434] AAAAA-TCP_FORW: name:enp0s8: saddr:100932208: daddr:16783984
[  360.268189] AAAAA-TCP_FORW: name:enp0s8: saddr:100932208: daddr:16783984
[  360.269409] AAAAA-TCP_FORW: name:enp0s3: saddr:16783984: daddr:100932208
[  360.294244] AAAAA-TCP_FORW: name:enp0s8: saddr:100932208: daddr:16783984
[  360.347907] AAAAA-TCP_FORW: name:enp0s3: saddr:16783984: daddr:100932208
[  360.401696] AAAAA-TCP_FORW: name:enp0s8: saddr:100932208: daddr:16783984
[  360.425908] AAAAA-TCP_FORW: name:enp0s8: saddr:100932208: daddr:16783984
[  360.427200] AAAAA-TCP_FORW: name:enp0s3: saddr:16783984: daddr:100932208
[  386.325189] AAAAA-TCP_FORW: name:enp0s8: saddr:100932208: daddr:16783984
[  386.326090] AAAAA-TCP_FORW: name:enp0s3: saddr:16783984: daddr:100932208
[  386.364018] AAAAA-TCP_FORW: name:enp0s8: saddr:100932208: daddr:16783984
[  386.364822] AAAAA-TCP_FORW: name:enp0s3: saddr:16783984: daddr:100932208
[  386.424138] AAAAA-TCP_FORW: name:enp0s8: saddr:100932208: daddr:16783984
[  386.425006] AAAAA-TCP_FORW: name:enp0s3: saddr:16783984: daddr:100932208
[  386.444545] AAAAA-TCP_FORW: name:enp0s8: saddr:100932208: daddr:16783984
[  386.451624] AAAAA-TCP_FORW: name:enp0s3: saddr:16783984: daddr:100932208
[  386.533097] AAAAA-TCP_FORW: name:enp0s8: saddr:100932208: daddr:16783984
[  386.533941] AAAAA-TCP_FORW: name:enp0s3: saddr:16783984: daddr:100932208
[  386.534318] AAAAA-TCP_FORW: name:enp0s3: saddr:16783984: daddr:100932208
[  386.534541] AAAAA-TCP_FORW: name:enp0s3: saddr:16783984: daddr:100932208
[  386.575512] AAAAA-TCP_FORW: name:enp0s8: saddr:100932208: daddr:16783984
[  386.576325] AAAAA-TCP_FORW: name:enp0s3: saddr:16783984: daddr:100932208
[  386.655433] AAAAA-TCP_FORW: name:enp0s8: saddr:100932208: daddr:16783984
[  386.656428] AAAAA-TCP_FORW: name:enp0s3: saddr:16783984: daddr:100932208
[  386.695018] AAAAA-TCP_FORW: name:enp0s8: saddr:100932208: daddr:16783984
[  386.696011] AAAAA-TCP_FORW: name:enp0s3: saddr:16783984: daddr:100932208
[  386.760158] AAAAA-TCP_FORW: name:enp0s8: saddr:100932208: daddr:16783984
[  386.761120] AAAAA-TCP_FORW: name:enp0s3: saddr:16783984: daddr:100932208
[  386.806923] AAAAA-TCP_FORW: name:enp0s8: saddr:100932208: daddr:16783984
[  386.807932] AAAAA-TCP_FORW: name:enp0s3: saddr:16783984: daddr:100932208
[  386.865641] AAAAA-TCP_FORW: name:enp0s8: saddr:100932208: daddr:16783984
[  386.866714] AAAAA-TCP_FORW: name:enp0s3: saddr:16783984: daddr:100932208
[  386.917984] AAAAA-TCP_FORW: name:enp0s8: saddr:100932208: daddr:16783984
[  386.919447] AAAAA-TCP_FORW: name:enp0s3: saddr:16783984: daddr:100932208
[  387.006652] AAAAA-TCP_FORW: name:enp0s8: saddr:100932208: daddr:16783984
[  387.007605] AAAAA-TCP_FORW: name:enp0s3: saddr:16783984: daddr:100932208
[  387.050571] AAAAA-TCP_FORW: name:enp0s8: saddr:100932208: daddr:16783984
[  387.052144] AAAAA-TCP_FORW: name:enp0s3: saddr:16783984: daddr:100932208
[  387.102033] AAAAA-TCP_FORW: name:enp0s8: saddr:100932208: daddr:16783984
[  387.103179] AAAAA-TCP_FORW: name:enp0s3: saddr:16783984: daddr:100932208
[  387.142332] AAAAA-TCP_FORW: name:enp0s8: saddr:100932208: daddr:16783984
[  387.143320] AAAAA-TCP_FORW: name:enp0s3: saddr:16783984: daddr:100932208
[  387.190558] AAAAA-TCP_FORW: name:enp0s8: saddr:100932208: daddr:16783984
[  387.191560] AAAAA-TCP_FORW: name:enp0s3: saddr:16783984: daddr:100932208
[  387.201823] AAAAA-TCP_FORW: name:enp0s8: saddr:100932208: daddr:16783984
[  387.202846] AAAAA-TCP_FORW: name:enp0s3: saddr:16783984: daddr:100932208
[  387.246738] AAAAA-TCP_FORW: name:enp0s8: saddr:100932208: daddr:16783984
[  387.247687] AAAAA-TCP_FORW: name:enp0s3: saddr:16783984: daddr:100932208
[  387.300144] AAAAA-TCP_FORW: name:enp0s8: saddr:100932208: daddr:16783984
[  387.301176] AAAAA-TCP_FORW: name:enp0s3: saddr:16783984: daddr:100932208
[  387.335924] AAAAA-TCP_FORW: name:enp0s8: saddr:100932208: daddr:16783984
[  387.336911] AAAAA-TCP_FORW: name:enp0s3: saddr:16783984: daddr:100932208
[  387.386210] AAAAA-TCP_FORW: name:enp0s8: saddr:100932208: daddr:16783984
[  387.387388] AAAAA-TCP_FORW: name:enp0s3: saddr:16783984: daddr:100932208
[  387.476532] AAAAA-TCP_FORW: name:enp0s8: saddr:100932208: daddr:16783984
[  387.477558] AAAAA-TCP_FORW: name:enp0s3: saddr:16783984: daddr:100932208
[  387.532128] AAAAA-TCP_FORW: name:enp0s8: saddr:100932208: daddr:16783984
[  387.533288] AAAAA-TCP_FORW: name:enp0s3: saddr:16783984: daddr:100932208
[  387.560779] AAAAA-TCP_FORW: name:enp0s8: saddr:100932208: daddr:16783984
[  387.561577] AAAAA-TCP_FORW: name:enp0s3: saddr:16783984: daddr:100932208
[  387.617488] AAAAA-TCP_FORW: name:enp0s8: saddr:100932208: daddr:16783984
[  387.683091] AAAAA-TCP_FORW: name:enp0s8: saddr:100932208: daddr:16783984
[  387.727920] AAAAA-TCP_FORW: name:enp0s3: saddr:16783984: daddr:100932208
[  387.994197] AAAAA-TCP_FORW: name:enp0s8: saddr:100932208: daddr:16783984
[  387.995189] AAAAA-TCP_FORW: name:enp0s3: saddr:16783984: daddr:100932208
[  387.995531] AAAAA-TCP_FORW: name:enp0s3: saddr:16783984: daddr:100932208
[  388.245810] AAAAA-TCP_FORW: name:enp0s8: saddr:100932208: daddr:16783984
[  388.246792] AAAAA-TCP_FORW: name:enp0s3: saddr:16783984: daddr:100932208
[  388.312102] AAAAA-TCP_FORW: name:enp0s8: saddr:100932208: daddr:16783984
[  388.345195] AAAAA-TCP_FORW: name:enp0s8: saddr:100932208: daddr:16783984
[  388.345973] AAAAA-TCP_FORW: name:enp0s3: saddr:16783984: daddr:100932208
[  388.346277] AAAAA-TCP_FORW: name:enp0s3: saddr:16783984: daddr:100932208
[  388.390383] AAAAA-TCP_FORW: name:enp0s8: saddr:100932208: daddr:16783984
[  388.391146] AAAAA-TCP_FORW: name:enp0s3: saddr:16783984: daddr:100932208
[  388.447131] AAAAA-TCP_FORW: name:enp0s8: saddr:100932208: daddr:16783984
[  495.303014] rfkill: input handler enabled
[  504.207210] rfkill: input handler disabled
[  664.490196] device enp0s3 left promiscuous mode
[  664.492322] device enp0s8 left promiscuous mode
