[    0.000000] Linux version 5.4.243-tcp (root@ztg) (gcc version 12.2.0 (Debian 12.2.0-14)) #1 SMP Fri Apr 12 08:27:09 CST 2024
[    0.000000] Command line: BOOT_IMAGE=/boot/vmlinuz-5.4.243-tcp root=UUID=98415a12-53b7-4144-8265-0f7ece09e445 ro quiet splash
[    0.000000] KERNEL supported cpus:
[    0.000000]   Intel GenuineIntel
[    0.000000]   AMD AuthenticAMD
[    0.000000]   Hygon HygonGenuine
[    0.000000]   Centaur CentaurHauls
[    0.000000]   zhaoxin   Shanghai  
[    0.000000] x86/fpu: Supporting XSAVE feature 0x001: 'x87 floating point registers'
[    0.000000] x86/fpu: Supporting XSAVE feature 0x002: 'SSE registers'
[    0.000000] x86/fpu: Supporting XSAVE feature 0x004: 'AVX registers'
[    0.000000] x86/fpu: xstate_offset[2]:  576, xstate_sizes[2]:  256
[    0.000000] x86/fpu: Enabled xstate features 0x7, context size is 832 bytes, using 'standard' format.
[    0.000000] BIOS-provided physical RAM map:
[    0.000000] BIOS-e820: [mem 0x0000000000000000-0x000000000009fbff] usable
[    0.000000] BIOS-e820: [mem 0x000000000009fc00-0x000000000009ffff] reserved
[    0.000000] BIOS-e820: [mem 0x00000000000f0000-0x00000000000fffff] reserved
[    0.000000] BIOS-e820: [mem 0x0000000000100000-0x000000007ffeffff] usable
[    0.000000] BIOS-e820: [mem 0x000000007fff0000-0x000000007fffffff] ACPI data
[    0.000000] BIOS-e820: [mem 0x00000000fec00000-0x00000000fec00fff] reserved
[    0.000000] BIOS-e820: [mem 0x00000000fee00000-0x00000000fee00fff] reserved
[    0.000000] BIOS-e820: [mem 0x00000000fffc0000-0x00000000ffffffff] reserved
[    0.000000] NX (Execute Disable) protection: active
[    0.000000] SMBIOS 2.5 present.
[    0.000000] DMI: innotek GmbH VirtualBox/VirtualBox, BIOS VirtualBox 12/01/2006
[    0.000000] Hypervisor detected: KVM
[    0.000000] kvm-clock: Using msrs 4b564d01 and 4b564d00
[    0.000000] kvm-clock: cpu 0, msr 18e01001, primary cpu clock
[    0.000000] kvm-clock: using sched offset of 4443424842 cycles
[    0.000003] clocksource: kvm-clock: mask: 0xffffffffffffffff max_cycles: 0x1cd42e4dffb, max_idle_ns: 881590591483 ns
[    0.000006] tsc: Detected 2100.000 MHz processor
[    0.001963] e820: update [mem 0x00000000-0x00000fff] usable ==> reserved
[    0.001965] e820: remove [mem 0x000a0000-0x000fffff] usable
[    0.001969] last_pfn = 0x7fff0 max_arch_pfn = 0x400000000
[    0.002039] MTRR default type: uncachable
[    0.002040] MTRR fixed ranges enabled:
[    0.002042]   00000-9FFFF write-back
[    0.002042]   A0000-BFFFF uncachable
[    0.002043]   C0000-FFFFF write-protect
[    0.002044] MTRR variable ranges enabled:
[    0.002046]   0 base 000000000000 mask 3FFF80000000 write-back
[    0.002046]   1 disabled
[    0.002047]   2 disabled
[    0.002047]   3 disabled
[    0.002047]   4 disabled
[    0.002048]   5 disabled
[    0.002048]   6 disabled
[    0.002049]   7 disabled
[    0.002049]   8 disabled
[    0.002049]   9 disabled
[    0.002050]   10 disabled
[    0.002050]   11 disabled
[    0.002051]   12 disabled
[    0.002051]   13 disabled
[    0.002052]   14 disabled
[    0.002052]   15 disabled
[    0.002068] x86/PAT: Configuration [0-7]: WB  WC  UC- UC  WB  WP  UC- WT  
[    0.002202] found SMP MP-table at [mem 0x0009fff0-0x0009ffff]
[    0.093180] check: Scanning 1 areas for low memory corruption
[    0.093391] RAMDISK: [mem 0x32275000-0x35131fff]
[    0.093400] ACPI: Early table checksum verification disabled
[    0.093405] ACPI: RSDP 0x00000000000E0000 000024 (v02 VBOX  )
[    0.093410] ACPI: XSDT 0x000000007FFF0030 00003C (v01 VBOX   VBOXXSDT 00000001 ASL  00000061)
[    0.093416] ACPI: FACP 0x000000007FFF00F0 0000F4 (v04 VBOX   VBOXFACP 00000001 ASL  00000061)
[    0.093422] ACPI: DSDT 0x000000007FFF02E0 002353 (v02 VBOX   VBOXBIOS 00000002 VBOX 00029BF3)
[    0.093426] ACPI: FACS 0x000000007FFF0200 000040
[    0.093429] ACPI: FACS 0x000000007FFF0200 000040
[    0.093433] ACPI: APIC 0x000000007FFF0240 000054 (v02 VBOX   VBOXAPIC 00000001 ASL  00000061)
[    0.093436] ACPI: SSDT 0x000000007FFF02A0 000038 (v01 VBOX   VBOXCPUT 00000002 VBOX 00029BF3)
[    0.093439] ACPI: Reserving FACP table memory at [mem 0x7fff00f0-0x7fff01e3]
[    0.093440] ACPI: Reserving DSDT table memory at [mem 0x7fff02e0-0x7fff2632]
[    0.093441] ACPI: Reserving FACS table memory at [mem 0x7fff0200-0x7fff023f]
[    0.093442] ACPI: Reserving FACS table memory at [mem 0x7fff0200-0x7fff023f]
[    0.093443] ACPI: Reserving APIC table memory at [mem 0x7fff0240-0x7fff0293]
[    0.093443] ACPI: Reserving SSDT table memory at [mem 0x7fff02a0-0x7fff02d7]
[    0.093457] ACPI: Local APIC address 0xfee00000
[    0.093647] No NUMA configuration found
[    0.093648] Faking a node at [mem 0x0000000000000000-0x000000007ffeffff]
[    0.093658] NODE_DATA(0) allocated [mem 0x7ffc5000-0x7ffeffff]
[    0.093919] Zone ranges:
[    0.093920]   DMA      [mem 0x0000000000001000-0x0000000000ffffff]
[    0.093921]   DMA32    [mem 0x0000000001000000-0x000000007ffeffff]
[    0.093922]   Normal   empty
[    0.093923]   Device   empty
[    0.093924] Movable zone start for each node
[    0.093926] Early memory node ranges
[    0.093926]   node   0: [mem 0x0000000000001000-0x000000000009efff]
[    0.093927]   node   0: [mem 0x0000000000100000-0x000000007ffeffff]
[    0.093930] Zeroed struct page in unavailable ranges: 114 pages
[    0.093931] Initmem setup node 0 [mem 0x0000000000001000-0x000000007ffeffff]
[    0.093932] On node 0 totalpages: 524174
[    0.093933]   DMA zone: 64 pages used for memmap
[    0.093934]   DMA zone: 21 pages reserved
[    0.093935]   DMA zone: 3998 pages, LIFO batch:0
[    0.094006]   DMA32 zone: 8128 pages used for memmap
[    0.094007]   DMA32 zone: 520176 pages, LIFO batch:63
[    0.102875] ACPI: PM-Timer IO Port: 0x4008
[    0.102879] ACPI: Local APIC address 0xfee00000
[    0.102948] IOAPIC[0]: apic_id 1, version 32, address 0xfec00000, GSI 0-23
[    0.102951] ACPI: INT_SRC_OVR (bus 0 bus_irq 0 global_irq 2 dfl dfl)
[    0.102953] ACPI: INT_SRC_OVR (bus 0 bus_irq 9 global_irq 9 low level)
[    0.102954] ACPI: IRQ0 used by override.
[    0.102955] ACPI: IRQ9 used by override.
[    0.102958] Using ACPI (MADT) for SMP configuration information
[    0.102965] smpboot: Allowing 1 CPUs, 0 hotplug CPUs
[    0.102988] PM: Registered nosave memory: [mem 0x00000000-0x00000fff]
[    0.102989] PM: Registered nosave memory: [mem 0x0009f000-0x0009ffff]
[    0.102990] PM: Registered nosave memory: [mem 0x000a0000-0x000effff]
[    0.102990] PM: Registered nosave memory: [mem 0x000f0000-0x000fffff]
[    0.102992] [mem 0x80000000-0xfebfffff] available for PCI devices
[    0.102993] Booting paravirtualized kernel on KVM
[    0.102996] clocksource: refined-jiffies: mask: 0xffffffff max_cycles: 0xffffffff, max_idle_ns: 7645519600211568 ns
[    0.103000] setup_percpu: NR_CPUS:8192 nr_cpumask_bits:1 nr_cpu_ids:1 nr_node_ids:1
[    0.104001] percpu: Embedded 60 pages/cpu s208896 r8192 d28672 u2097152
[    0.104006] pcpu-alloc: s208896 r8192 d28672 u2097152 alloc=1*2097152
[    0.104007] pcpu-alloc: [0] 0 
[    0.104033] Built 1 zonelists, mobility grouping on.  Total pages: 515961
[    0.104034] Policy zone: DMA32
[    0.104035] Kernel command line: BOOT_IMAGE=/boot/vmlinuz-5.4.243-tcp root=UUID=98415a12-53b7-4144-8265-0f7ece09e445 ro quiet splash
[    0.104880] Dentry cache hash table entries: 262144 (order: 9, 2097152 bytes, linear)
[    0.105025] Inode-cache hash table entries: 131072 (order: 8, 1048576 bytes, linear)
[    0.105076] mem auto-init: stack:off, heap alloc:on, heap free:off
[    0.105080] Calgary: detecting Calgary via BIOS EBDA area
[    0.105081] Calgary: Unable to locate Rio Grande table in EBDA - bailing!
[    0.109093] Memory: 1967340K/2096696K available (14339K kernel code, 2392K rwdata, 4692K rodata, 2720K init, 17272K bss, 129356K reserved, 0K cma-reserved)
[    0.110007] SLUB: HWalign=64, Order=0-3, MinObjects=0, CPUs=1, Nodes=1
[    0.110024] ftrace: allocating 42894 entries in 168 pages
[    0.127879] rcu: Hierarchical RCU implementation.
[    0.127881] rcu: 	RCU restricting CPUs from NR_CPUS=8192 to nr_cpu_ids=1.
[    0.127882] 	Tasks RCU enabled.
[    0.127883] rcu: RCU calculated value of scheduler-enlistment delay is 25 jiffies.
[    0.127884] rcu: Adjusting geometry for rcu_fanout_leaf=16, nr_cpu_ids=1
[    0.130844] NR_IRQS: 524544, nr_irqs: 256, preallocated irqs: 16
[    0.131060] random: crng init done
[    0.140454] Console: colour VGA+ 80x25
[    0.140458] printk: console [tty0] enabled
[    0.140477] ACPI: Core revision 20190816
[    0.140577] APIC: Switch to symmetric I/O mode setup
[    0.140836] x2apic enabled
[    0.141074] Switched APIC routing to physical x2apic.
[    0.142206] ..TIMER: vector=0x30 apic1=0 pin1=2 apic2=-1 pin2=-1
[    0.142231] clocksource: tsc-early: mask: 0xffffffffffffffff max_cycles: 0x1e4530a99b6, max_idle_ns: 440795257976 ns
[    0.142237] Calibrating delay loop (skipped) preset value.. 4200.00 BogoMIPS (lpj=8400000)
[    0.142239] pid_max: default: 32768 minimum: 301
[    0.142267] LSM: Security Framework initializing
[    0.142277] Yama: becoming mindful.
[    0.142303] AppArmor: AppArmor initialized
[    0.142337] Mount-cache hash table entries: 4096 (order: 3, 32768 bytes, linear)
[    0.142342] Mountpoint-cache hash table entries: 4096 (order: 3, 32768 bytes, linear)
[    0.142352] *** VALIDATE tmpfs ***
[    0.142483] *** VALIDATE proc ***
[    0.142523] *** VALIDATE cgroup1 ***
[    0.142524] *** VALIDATE cgroup2 ***
[    0.142667] process: using mwait in idle threads
[    0.142672] Last level iTLB entries: 4KB 64, 2MB 8, 4MB 8
[    0.142673] Last level dTLB entries: 4KB 64, 2MB 0, 4MB 0, 1GB 4
[    0.142693] Spectre V1 : Mitigation: usercopy/swapgs barriers and __user pointer sanitization
[    0.142699] Spectre V2 : Mitigation: Retpolines
[    0.142699] Spectre V2 : Spectre v2 / SpectreRSB mitigation: Filling RSB on context switch
[    0.142700] Spectre V2 : Spectre v2 / SpectreRSB : Filling RSB on VMEXIT
[    0.142700] RETBleed: WARNING: Spectre v2 mitigation leaves CPU vulnerable to RETBleed attacks, data leaks possible!
[    0.143058] RETBleed: Vulnerable
[    0.143059] Speculative Store Bypass: Vulnerable
[    0.143064] TAA: Mitigation: TSX disabled
[    0.143064] MMIO Stale Data: Mitigation: Clear CPU buffers
[    0.147258] Freeing SMP alternatives memory: 40K
[    0.259919] smpboot: CPU0: Intel(R) Xeon(R) Silver 4216 CPU @ 2.10GHz (family: 0x6, model: 0x55, stepping: 0x7)
[    0.260051] Performance Events: unsupported p6 CPU model 85 no PMU driver, software events only.
[    0.260091] rcu: Hierarchical SRCU implementation.
[    0.260564] NMI watchdog: Perf NMI watchdog permanently disabled
[    0.260601] smp: Bringing up secondary CPUs ...
[    0.260602] smp: Brought up 1 node, 1 CPU
[    0.260603] smpboot: Max logical packages: 1
[    0.260605] smpboot: Total of 1 processors activated (4200.00 BogoMIPS)
[    0.261563] devtmpfs: initialized
[    0.261609] x86/mm: Memory block size: 128MB
[    0.261955] clocksource: jiffies: mask: 0xffffffff max_cycles: 0xffffffff, max_idle_ns: 7645041785100000 ns
[    0.261961] futex hash table entries: 256 (order: 2, 16384 bytes, linear)
[    0.262002] pinctrl core: initialized pinctrl subsystem
[    0.262108] PM: RTC time: 14:59:06, date: 2026-01-20
[    0.262216] NET: Registered protocol family 16
[    0.262233] audit: initializing netlink subsys (disabled)
[    0.262233] EISA bus registered
[    0.262233] cpuidle: using governor ladder
[    0.262233] cpuidle: using governor menu
[    0.262233] ACPI: bus type PCI registered
[    0.262233] acpiphp: ACPI Hot Plug PCI Controller Driver version: 0.5
[    0.262233] PCI: Using configuration type 1 for base access
[    0.262412] audit: type=2000 audit(1768892353.104:1): state=initialized audit_enabled=0 res=1
[    0.262491] HugeTLB registered 2.00 MiB page size, pre-allocated 0 pages
[    0.263306] ACPI: Added _OSI(Module Device)
[    0.263307] ACPI: Added _OSI(Processor Device)
[    0.263307] ACPI: Added _OSI(3.0 _SCP Extensions)
[    0.263308] ACPI: Added _OSI(Processor Aggregator Device)
[    0.263309] ACPI: Added _OSI(Linux-Dell-Video)
[    0.263310] ACPI: Added _OSI(Linux-Lenovo-NV-HDMI-Audio)
[    0.263311] ACPI: Added _OSI(Linux-HPI-Hybrid-Graphics)
[    0.265281] ACPI: 2 ACPI AML tables successfully acquired and loaded
[    0.266779] ACPI: Interpreter enabled
[    0.266790] ACPI: (supports S0 S5)
[    0.266791] ACPI: Using IOAPIC for interrupt routing
[    0.266995] PCI: Using host bridge windows from ACPI; if necessary, use "pci=nocrs" and report a bug
[    0.267102] ACPI: Enabled 2 GPEs in block 00 to 07
[    0.271895] ACPI: PCI Root Bridge [PCI0] (domain 0000 [bus 00-ff])
[    0.271900] acpi PNP0A03:00: _OSC: OS supports [ASPM ClockPM Segments MSI HPX-Type3]
[    0.272344] acpi PNP0A03:00: _OSC: not requesting OS control; OS requires [ExtendedConfig ASPM ClockPM MSI]
[    0.272351] acpi PNP0A03:00: fail to add MMCONFIG information, can't access extended PCI configuration space under this bridge.
[    0.272730] PCI host bridge to bus 0000:00
[    0.272732] pci_bus 0000:00: root bus resource [io  0x0000-0x0cf7 window]
[    0.272734] pci_bus 0000:00: root bus resource [io  0x0d00-0xffff window]
[    0.272735] pci_bus 0000:00: root bus resource [mem 0x000a0000-0x000bffff window]
[    0.272736] pci_bus 0000:00: root bus resource [mem 0x80000000-0xfdffffff window]
[    0.272737] pci_bus 0000:00: root bus resource [bus 00-ff]
[    0.272780] pci 0000:00:00.0: [8086:1237] type 00 class 0x060000
[    0.273716] pci 0000:00:01.0: [8086:7000] type 00 class 0x060100
[    0.274625] pci 0000:00:01.1: [8086:7111] type 00 class 0x01018a
[    0.275003] pci 0000:00:01.1: reg 0x20: [io  0xd000-0xd00f]
[    0.275159] pci 0000:00:01.1: legacy IDE quirk: reg 0x10: [io  0x01f0-0x01f7]
[    0.275160] pci 0000:00:01.1: legacy IDE quirk: reg 0x14: [io  0x03f6]
[    0.275161] pci 0000:00:01.1: legacy IDE quirk: reg 0x18: [io  0x0170-0x0177]
[    0.275162] pci 0000:00:01.1: legacy IDE quirk: reg 0x1c: [io  0x0376]
[    0.275697] pci 0000:00:02.0: [15ad:0405] type 00 class 0x030000
[    0.278313] pci 0000:00:02.0: reg 0x10: [io  0xd010-0xd01f]
[    0.282278] pci 0000:00:02.0: reg 0x14: [mem 0xe0000000-0xe7ffffff pref]
[    0.285219] pci 0000:00:02.0: reg 0x18: [mem 0xf0000000-0xf01fffff]
[    0.295029] pci 0000:00:03.0: [1022:2000] type 00 class 0x020000
[    0.295738] pci 0000:00:03.0: reg 0x10: [io  0xd020-0xd03f]
[    0.296358] pci 0000:00:03.0: reg 0x14: [mem 0xf0200000-0xf0200fff]
[    0.301242] pci 0000:00:04.0: [80ee:cafe] type 00 class 0x088000
[    0.301910] pci 0000:00:04.0: reg 0x10: [io  0xd040-0xd05f]
[    0.302341] pci 0000:00:04.0: reg 0x14: [mem 0xf0400000-0xf07fffff]
[    0.302948] pci 0000:00:04.0: reg 0x18: [mem 0xf0800000-0xf0803fff pref]
[    0.306274] pci 0000:00:07.0: [8086:7113] type 00 class 0x068000
[    0.306814] pci 0000:00:07.0: quirk: [io  0x4000-0x403f] claimed by PIIX4 ACPI
[    0.306824] pci 0000:00:07.0: quirk: [io  0x4100-0x410f] claimed by PIIX4 SMB
[    0.307405] pci 0000:00:08.0: [1022:2000] type 00 class 0x020000
[    0.308078] pci 0000:00:08.0: reg 0x10: [io  0xd060-0xd07f]
[    0.308696] pci 0000:00:08.0: reg 0x14: [mem 0xf0804000-0xf0804fff]
[    0.312163] pci 0000:00:09.0: [8086:100e] type 00 class 0x020000
[    0.312865] pci 0000:00:09.0: reg 0x10: [mem 0xf0820000-0xf083ffff]
[    0.314344] pci 0000:00:09.0: reg 0x18: [io  0xd080-0xd087]
[    0.322987] ACPI: PCI Interrupt Link [LNKA] (IRQs 5 9 10 *11)
[    0.323270] ACPI: PCI Interrupt Link [LNKB] (IRQs 5 9 *10 11)
[    0.323376] ACPI: PCI Interrupt Link [LNKC] (IRQs 5 *9 10 11)
[    0.323480] ACPI: PCI Interrupt Link [LNKD] (IRQs 5 9 10 *11)
[    0.323744] iommu: Default domain type: Translated 
[    0.323804] pci 0000:00:02.0: vgaarb: setting as boot VGA device
[    0.323806] pci 0000:00:02.0: vgaarb: VGA device added: decodes=io+mem,owns=io+mem,locks=none
[    0.323807] pci 0000:00:02.0: vgaarb: bridge control possible
[    0.323808] vgaarb: loaded
[    0.326377] SCSI subsystem initialized
[    0.326410] libata version 3.00 loaded.
[    0.326433] ACPI: bus type USB registered
[    0.326447] usbcore: registered new interface driver usbfs
[    0.326452] usbcore: registered new interface driver hub
[    0.326456] usbcore: registered new device driver usb
[    0.326485] pps_core: LinuxPPS API ver. 1 registered
[    0.326486] pps_core: Software ver. 5.3.6 - Copyright 2005-2007 Rodolfo Giometti <giometti@linux.it>
[    0.326488] PTP clock support registered
[    0.326522] EDAC MC: Ver: 3.0.0
[    0.326804] PCI: Using ACPI for IRQ routing
[    0.326805] PCI: pci_cache_line_size set to 64 bytes
[    0.326978] e820: reserve RAM buffer [mem 0x0009fc00-0x0009ffff]
[    0.326982] e820: reserve RAM buffer [mem 0x7fff0000-0x7fffffff]
[    0.327103] NetLabel: Initializing
[    0.327104] NetLabel:  domain hash size = 128
[    0.327104] NetLabel:  protocols = UNLABELED CIPSOv4 CALIPSO
[    0.327123] NetLabel:  unlabeled traffic allowed by default
[    0.328712] clocksource: Switched to clocksource kvm-clock
[    0.340545] *** VALIDATE bpf ***
[    0.340609] VFS: Disk quotas dquot_6.6.0
[    0.340621] VFS: Dquot-cache hash table entries: 512 (order 0, 4096 bytes)
[    0.340643] *** VALIDATE ramfs ***
[    0.340646] *** VALIDATE hugetlbfs ***
[    0.340725] AppArmor: AppArmor Filesystem Enabled
[    0.340753] pnp: PnP ACPI init
[    0.340823] pnp 00:00: Plug and Play ACPI device, IDs PNP0303 (active)
[    0.340913] pnp 00:01: Plug and Play ACPI device, IDs PNP0f03 (active)
[    0.341667] pnp: PnP ACPI: found 2 devices
[    0.342695] thermal_sys: Registered thermal governor 'fair_share'
[    0.342696] thermal_sys: Registered thermal governor 'bang_bang'
[    0.342697] thermal_sys: Registered thermal governor 'step_wise'
[    0.342697] thermal_sys: Registered thermal governor 'user_space'
[    0.342698] thermal_sys: Registered thermal governor 'power_allocator'
[    0.347242] clocksource: acpi_pm: mask: 0xffffff max_cycles: 0xffffff, max_idle_ns: 2085701024 ns
[    0.347283] pci_bus 0000:00: resource 4 [io  0x0000-0x0cf7 window]
[    0.347285] pci_bus 0000:00: resource 5 [io  0x0d00-0xffff window]
[    0.347286] pci_bus 0000:00: resource 6 [mem 0x000a0000-0x000bffff window]
[    0.347287] pci_bus 0000:00: resource 7 [mem 0x80000000-0xfdffffff window]
[    0.347343] NET: Registered protocol family 2
[    0.347418] IP idents hash table entries: 32768 (order: 6, 262144 bytes, linear)
[    0.347788] tcp_listen_portaddr_hash hash table entries: 1024 (order: 2, 16384 bytes, linear)
[    0.347869] TCP established hash table entries: 16384 (order: 5, 131072 bytes, linear)
[    0.347933] TCP bind hash table entries: 16384 (order: 6, 262144 bytes, linear)
[    0.347959] TCP: Hash tables configured (established 16384 bind 16384)
[    0.348002] UDP hash table entries: 1024 (order: 3, 32768 bytes, linear)
[    0.348014] UDP-Lite hash table entries: 1024 (order: 3, 32768 bytes, linear)
[    0.348042] NET: Registered protocol family 1
[    0.348049] NET: Registered protocol family 44
[    0.348075] pci 0000:00:00.0: Limiting direct PCI/PCI transfers
[    0.348088] pci 0000:00:01.0: Activating ISA DMA hang workarounds
[    0.348145] pci 0000:00:02.0: Video device with shadowed ROM at [mem 0x000c0000-0x000dffff]
[    0.348210] PCI: CLS 0 bytes, default 64
[    0.348260] Trying to unpack rootfs image as initramfs...
[    0.520166] Freeing initrd memory: 47860K
[    0.520166] clocksource: tsc: mask: 0xffffffffffffffff max_cycles: 0x1e4530a99b6, max_idle_ns: 440795257976 ns
[    0.520166] clocksource: Switched to clocksource tsc
[    0.520166] platform rtc_cmos: registered platform RTC device (no PNP device found)
[    0.520166] check: Scanning for low memory corruption every 60 seconds
[    0.520166] Initialise system trusted keyrings
[    0.520166] Key type blacklist registered
[    0.520166] workingset: timestamp_bits=36 max_order=19 bucket_order=0
[    0.520166] zbud: loaded
[    0.520166] squashfs: version 4.0 (2009/01/31) Phillip Lougher
[    0.520166] fuse: init (API version 7.31)
[    0.520166] *** VALIDATE fuse ***
[    0.520166] *** VALIDATE fuse ***
[    0.520166] Platform Keyring initialized
[    0.534888] Key type asymmetric registered
[    0.534890] Asymmetric key parser 'x509' registered
[    0.534899] Block layer SCSI generic (bsg) driver version 0.4 loaded (major 244)
[    0.534935] io scheduler mq-deadline registered
[    0.535040] shpchp: Standard Hot Plug PCI Controller Driver version: 0.4
[    0.535276] ACPI: AC Adapter [AC] (on-line)
[    0.535322] input: Power Button as /devices/LNXSYSTM:00/LNXPWRBN:00/input/input0
[    0.535349] ACPI: Power Button [PWRF]
[    0.535422] input: Sleep Button as /devices/LNXSYSTM:00/LNXSLPBN:00/input/input1
[    0.535435] ACPI: Sleep Button [SLPF]
[    0.535653] Serial: 8250/16550 driver, 32 ports, IRQ sharing enabled
[    0.536809] Linux agpgart interface v0.103
[    0.631227] loop: module loaded
[    0.631375] ata_piix 0000:00:01.1: version 2.13
[    0.631787] scsi host0: ata_piix
[    0.631881] scsi host1: ata_piix
[    0.631909] ata1: PATA max UDMA/33 cmd 0x1f0 ctl 0x3f6 bmdma 0xd000 irq 14
[    0.631910] ata2: PATA max UDMA/33 cmd 0x170 ctl 0x376 bmdma 0xd008 irq 15
[    0.631988] tun: Universal TUN/TAP device driver, 1.6
[    0.632292] PPP generic driver version 2.4.2
[    0.632337] VFIO - User Level meta-driver version: 0.3
[    0.632575] ehci_hcd: USB 2.0 'Enhanced' Host Controller (EHCI) Driver
[    0.632581] ehci-pci: EHCI PCI platform driver
[    0.632596] ehci-platform: EHCI generic platform driver
[    0.632601] ohci_hcd: USB 1.1 'Open' Host Controller (OHCI) Driver
[    0.632603] ohci-pci: OHCI PCI platform driver
[    0.632608] ohci-platform: OHCI generic platform driver
[    0.632612] uhci_hcd: USB Universal Host Controller Interface driver
[    0.632672] i8042: PNP: PS/2 Controller [PNP0303:PS2K,PNP0f03:PS2M] at 0x60,0x64 irq 1,12
[    0.633119] serio: i8042 KBD port at 0x60,0x64 irq 1
[    0.633123] serio: i8042 AUX port at 0x60,0x64 irq 12
[    0.633208] mousedev: PS/2 mouse device common for all mice
[    0.633468] input: AT Translated Set 2 keyboard as /devices/platform/i8042/serio0/input/input2
[    0.633864] rtc_cmos rtc_cmos: registered as rtc0
[    0.633876] rtc_cmos rtc_cmos: alarms up to one day, 114 bytes nvram
[    0.633882] i2c /dev entries driver
[    0.633927] device-mapper: uevent: version 1.0.3
[    0.633980] device-mapper: ioctl: 4.41.0-ioctl (2019-09-16) initialised: dm-devel@redhat.com
[    0.633997] platform eisa.0: Probing EISA bus 0
[    0.633998] platform eisa.0: EISA: Cannot allocate resource for mainboard
[    0.634000] platform eisa.0: Cannot allocate resource for EISA slot 1
[    0.634001] platform eisa.0: Cannot allocate resource for EISA slot 2
[    0.634002] platform eisa.0: Cannot allocate resource for EISA slot 3
[    0.634003] platform eisa.0: Cannot allocate resource for EISA slot 4
[    0.634004] platform eisa.0: Cannot allocate resource for EISA slot 5
[    0.634005] platform eisa.0: Cannot allocate resource for EISA slot 6
[    0.634005] platform eisa.0: Cannot allocate resource for EISA slot 7
[    0.634006] platform eisa.0: Cannot allocate resource for EISA slot 8
[    0.634007] platform eisa.0: EISA: Detected 0 cards
[    0.634010] intel_pstate: CPU model not supported
[    0.634018] ledtrig-cpu: registered to indicate activity on CPUs
[    0.634070] drop_monitor: Initializing network drop monitor service
[    0.634228] NET: Registered protocol family 10
[    0.639361] Segment Routing with IPv6
[    0.639386] NET: Registered protocol family 17
[    0.639400] Key type dns_resolver registered
[    0.639400] RAS: Correctable Errors collector initialized.
[    0.639400] IPI shorthand broadcast: enabled
[    0.639400] sched_clock: Marking stable (624216697, 11183306)->(637980134, -2580131)
[    0.639594] registered taskstats version 1
[    0.639606] Loading compiled-in X.509 certificates
[    0.640193] Loaded X.509 cert 'Build time autogenerated kernel key: 0a9e52cc6eb58eed9b63e328679db6d5d5216245'
[    0.640211] zswap: loaded using pool lzo/zbud
[    0.640264] Key type ._fscrypt registered
[    0.640264] Key type .fscrypt registered
[    0.644703] Key type big_key registered
[    0.646914] Key type encrypted registered
[    0.646917] AppArmor: AppArmor sha1 policy hashing enabled
[    0.646924] ima: No TPM chip found, activating TPM-bypass!
[    0.646928] ima: Allocated hash algorithm: sha1
[    0.646933] ima: No architecture policies found
[    0.646941] evm: Initialising EVM extended attributes:
[    0.646942] evm: security.selinux
[    0.646943] evm: security.SMACK64
[    0.646943] evm: security.SMACK64EXEC
[    0.646943] evm: security.SMACK64TRANSMUTE
[    0.646944] evm: security.SMACK64MMAP
[    0.646944] evm: security.apparmor
[    0.646945] evm: security.ima
[    0.646945] evm: security.capability
[    0.646946] evm: HMAC attrs: 0x1
[    0.647237] PM:   Magic number: 10:399:991
[    0.647351] rtc_cmos rtc_cmos: setting system clock to 2026-01-20T14:59:07 UTC (1768921147)
[    0.803221] ata1.00: ATA-6: VBOX HARDDISK, 1.0, max UDMA/133
[    0.803223] ata1.00: 209715200 sectors, multi 128: LBA 
[    0.803701] scsi 0:0:0:0: Direct-Access     ATA      VBOX HARDDISK    1.0  PQ: 0 ANSI: 5
[    0.803898] sd 0:0:0:0: [sda] 209715200 512-byte logical blocks: (107 GB/100 GiB)
[    0.803905] sd 0:0:0:0: [sda] Write Protect is off
[    0.803907] sd 0:0:0:0: [sda] Mode Sense: 00 3a 00 00
[    0.803919] sd 0:0:0:0: [sda] Write cache: enabled, read cache: enabled, doesn't support DPO or FUA
[    0.804133] sd 0:0:0:0: Attached scsi generic sg0 type 0
[    0.804571]  sda: sda1 sda2
[    0.815321] sd 0:0:0:0: [sda] Attached SCSI disk
[    0.817310] Freeing unused decrypted memory: 2040K
[    0.818038] Freeing unused kernel image memory: 2720K
[    0.818039] Write protecting the kernel read-only data: 22528k
[    0.818746] Freeing unused kernel image memory: 2036K
[    0.819159] Freeing unused kernel image memory: 1452K
[    0.834350] x86/mm: Checked W+X mappings: passed, no W+X pages found.
[    0.834353] Run /init as init process
[    0.929592] ACPI: Video Device [GFX0] (multi-head: yes  rom: no  post: no)
[    0.929671] input: Video Bus as /devices/LNXSYSTM:00/LNXSYBUS:00/PNP0A03:00/LNXVIDEO:00/input/input4
[    0.942839] pcnet32: pcnet32.c:v1.35 21.Apr.2008 tsbogend@alpha.franken.de
[    0.944644] piix4_smbus 0000:00:07.0: SMBus Host Controller at 0x4100, revision 0
[    0.948285] e1000: Intel(R) PRO/1000 Network Driver - version 7.3.21-k8-NAPI
[    0.948286] e1000: Copyright (c) 1999-2006 Intel Corporation.
[    0.956612] pcnet32: PCnet/FAST III 79C973 at 0xd020, 08:00:27:b3:51:3c assigned IRQ 19
[    0.956655] pcnet32: Found PHY 0022:561b at address 0
[    0.956959] pcnet32: eth0: registered as PCnet/FAST III 79C973
[    0.964456] pcnet32: PCnet/FAST III 79C973 at 0xd060, 08:00:27:ad:56:17 assigned IRQ 16
[    0.964497] pcnet32: Found PHY 0022:561b at address 0
[    0.964793] pcnet32: eth1: registered as PCnet/FAST III 79C973
[    0.972968] pcnet32: 2 cards_found
[    1.022376] pcnet32 0000:00:03.0 enp0s3: renamed from eth0
[    1.024328] pcnet32 0000:00:08.0 enp0s8: renamed from eth1
[    1.157492] input: ImExPS/2 Generic Explorer Mouse as /devices/platform/i8042/serio1/input/input5
[    1.355622] e1000 0000:00:09.0 eth0: (PCI:33MHz:32-bit) 08:00:27:c0:d6:57
[    1.355628] e1000 0000:00:09.0 eth0: Intel(R) PRO/1000 Network Connection
[    1.356845] e1000 0000:00:09.0 enp0s9: renamed from eth0
[    1.412020] EXT4-fs (sda2): mounted filesystem with ordered data mode. Opts: (null)
[    1.514667] systemd[1]: Inserted module 'autofs4'
[    1.528172] systemd[1]: systemd 245.4-4ubuntu3 running in system mode. (+PAM +AUDIT +SELINUX +IMA +APPARMOR +SMACK +SYSVINIT +UTMP +LIBCRYPTSETUP +GCRYPT +GNUTLS +ACL +XZ +LZ4 +SECCOMP +BLKID +ELFUTILS +KMOD +IDN2 -IDN +PCRE2 default-hierarchy=hybrid)
[    1.528203] systemd[1]: Detected virtualization oracle.
[    1.528207] systemd[1]: Detected architecture x86-64.
[    1.529635] systemd[1]: Set hostname to <ztg>.
[    1.661963] systemd[1]: /lib/systemd/system/dbus.socket:5: ListenStream= references a path below legacy directory /var/run/, updating /var/run/dbus/system_bus_socket â†’ /run/dbus/system_bus_socket; please update the unit file accordingly.
[    1.715650] systemd[1]: Created slice system-modprobe.slice.
[    1.715852] systemd[1]: Created slice User and Session Slice.
[    1.715899] systemd[1]: Started Forward Password Requests to Wall Directory Watch.
[    1.716070] systemd[1]: Set up automount Arbitrary Executable File Formats File System Automount Point.
[    1.716105] systemd[1]: Reached target User and Group Name Lookups.
[    1.716115] systemd[1]: Reached target Remote File Systems.
[    1.716122] systemd[1]: Reached target Slices.
[    1.716988] systemd[1]: Listening on Syslog Socket.
[    1.717057] systemd[1]: Listening on fsck to fsckd communication Socket.
[    1.717096] systemd[1]: Listening on initctl Compatibility Named Pipe.
[    1.717241] systemd[1]: Listening on Journal Audit Socket.
[    1.717293] systemd[1]: Listening on Journal Socket (/dev/log).
[    1.717362] systemd[1]: Listening on Journal Socket.
[    1.717431] systemd[1]: Listening on udev Control Socket.
[    1.717471] systemd[1]: Listening on udev Kernel Socket.
[    1.718319] systemd[1]: Mounting Huge Pages File System...
[    1.719369] systemd[1]: Mounting POSIX Message Queue File System...
[    1.720298] systemd[1]: Mounting Kernel Debug File System...
[    1.721184] systemd[1]: Mounting Kernel Trace File System...
[    1.723787] systemd[1]: Starting Journal Service...
[    1.749785] systemd[1]: Starting Set the console keyboard layout...
[    1.757756] systemd[1]: Starting Create list of static device nodes for the current kernel...
[    1.759796] systemd[1]: Starting Load Kernel Module drm...
[    1.760866] systemd[1]: Condition check resulted in Set Up Additional Binary Formats being skipped.
[    1.760918] systemd[1]: Condition check resulted in File System Check on Root Device being skipped.
[    1.772232] systemd[1]: Starting Load Kernel Modules...
[    1.773646] systemd[1]: Starting Remount Root and Kernel File Systems...
[    1.790617] systemd[1]: Starting udev Coldplug all Devices...
[    1.816513] systemd[1]: Starting Uncomplicated firewall...
[    1.824677] systemd[1]: Mounted Huge Pages File System.
[    1.824810] systemd[1]: Mounted POSIX Message Queue File System.
[    1.824912] systemd[1]: Mounted Kernel Debug File System.
[    1.825005] systemd[1]: Mounted Kernel Trace File System.
[    1.839351] EXT4-fs (sda2): re-mounted. Opts: errors=remount-ro
[    1.840594] systemd[1]: Finished Create list of static device nodes for the current kernel.
[    1.844905] systemd[1]: modprobe@drm.service: Succeeded.
[    1.859950] systemd[1]: Finished Load Kernel Module drm.
[    1.860645] systemd[1]: Finished Remount Root and Kernel File Systems.
[    1.879655] systemd[1]: Finished Uncomplicated firewall.
[    1.881195] systemd[1]: Condition check resulted in Rebuild Hardware Database being skipped.
[    1.881248] systemd[1]: Condition check resulted in Platform Persistent Storage Archival being skipped.
[    1.883990] lp: driver loaded but no devices found
[    1.886746] systemd[1]: Starting Load/Save Random Seed...
[    1.892063] ppdev: user-space parallel port driver
[    1.907202] systemd[1]: Starting Create System Users...
[    1.918015] systemd[1]: Finished Load/Save Random Seed.
[    1.942666] systemd[1]: Finished Create System Users.
[    1.943873] systemd[1]: Starting Create Static Device Nodes in /dev...
[    1.984652] systemd[1]: Finished Create Static Device Nodes in /dev.
[    1.985426] systemd[1]: Starting udev Kernel Device Manager...
[    2.002623] systemd[1]: Finished udev Coldplug all Devices.
[    2.005596] [drm] DMA map mode: Caching DMA mappings.
[    2.005698] [drm] Capabilities:
[    2.005699] [drm]   Rect copy.
[    2.005699] [drm]   Cursor.
[    2.005699] [drm]   Cursor bypass.
[    2.005700] [drm]   Cursor bypass 2.
[    2.005700] [drm]   Alpha cursor.
[    2.005700] [drm]   Extended Fifo.
[    2.005701] [drm]   Pitchlock.
[    2.005701] [drm]   Irq mask.
[    2.005701] [drm]   GMR.
[    2.005702] [drm]   Traces.
[    2.005702] [drm]   GMR2.
[    2.005702] [drm]   Screen Object 2.
[    2.005703] [drm]   Command Buffers.
[    2.005703] [drm]   Command Buffers 2.
[    2.005703] [drm]   Guest Backed Resources.
[    2.005705] [drm] Max GMR ids is 8192
[    2.005705] [drm] Max number of GMR pages is 1048576
[    2.005706] [drm] Max dedicated hypervisor surface memory is 393216 kiB
[    2.005706] [drm] Maximum display memory size is 131072 kiB
[    2.005707] [drm] VRAM at 0xe0000000 size is 131072 kiB
[    2.005707] [drm] MMIO at 0xf0000000 size is 2048 kiB
[    2.014446] [TTM] Zone  kernel: Available graphics memory: 1011744 KiB
[    2.014446] [TTM] Initializing pool allocator
[    2.014449] [TTM] Initializing DMA pool allocator
[    2.014505] [drm] Supports vblank timestamp caching Rev 2 (21.10.2013).
[    2.014506] [drm] No driver support for vblank timestamp query.
[    2.014727] [drm] Screen Target Display device initialized
[    2.014938] [drm] width 720
[    2.014957] [drm] height 400
[    2.014961] [drm] bpp 32
[    2.015572] [drm] Fifo max 0x00200000 min 0x00001000 cap 0x00000355
[    2.017431] [drm] Using command buffers with DMA pool.
[    2.017434] [drm] DX: no.
[    2.017435] [drm] Atomic: yes.
[    2.017435] [drm] SM4_1: no.
[    2.017453] [drm:vmw_host_log [vmwgfx]] *ERROR* Failed to send host log message.
[    2.018405] [drm:vmw_host_log [vmwgfx]] *ERROR* Failed to send host log message.
[    2.046232] fbcon: svgadrmfb (fb0) is primary device
[    2.062898] Console: switching to colour frame buffer device 100x37
[    2.064511] [drm] Initialized vmwgfx 2.15.0 20180704 for 0000:00:02.0 on minor 0
[    2.068179] systemd[1]: Finished Load Kernel Modules.
[    2.069067] systemd[1]: Mounting FUSE Control File System...
[    2.069945] systemd[1]: Mounting Kernel Configuration File System...
[    2.070765] systemd[1]: Starting Apply Kernel Variables...
[    2.087953] systemd[1]: Mounted FUSE Control File System.
[    2.088023] systemd[1]: Condition check resulted in VMware vmblock fuse mount being skipped.
[    2.089366] systemd[1]: Mounted Kernel Configuration File System.
[    2.099849] systemd[1]: Finished Set the console keyboard layout.
[    2.099940] systemd[1]: Reached target Local File Systems (Pre).
[    2.102154] systemd[1]: Mounting Mount unit for bare, revision 5...
[    2.104521] systemd[1]: Mounting Mount unit for core18, revision 1705...
[    2.130683] systemd[1]: Mounting Mount unit for gnome-3-34-1804, revision 24...
[    2.132928] systemd[1]: Mounting Mount unit for gtk-common-themes, revision 1506...
[    2.138888] systemd[1]: Mounting Mount unit for gtk-common-themes, revision 1535...
[    2.146278] systemd[1]: Mounting Mount unit for snap-store, revision 433...
[    2.157817] systemd[1]: Mounting Mount unit for snapd, revision 25935...
[    2.173230] systemd[1]: Finished Apply Kernel Variables.
[    2.174182] systemd[1]: Mounted Mount unit for core18, revision 1705.
[    2.194462] systemd[1]: Mounted Mount unit for bare, revision 5.
[    2.205389] systemd[1]: Mounted Mount unit for gnome-3-34-1804, revision 24.
[    2.206065] systemd[1]: Mounted Mount unit for gtk-common-themes, revision 1506.
[    2.222892] systemd[1]: Started udev Kernel Device Manager.
[    2.223607] systemd[1]: Starting Show Plymouth Boot Screen...
[    2.227468] systemd[1]: Received SIGRTMIN+20 from PID 285 (plymouthd).
[    2.230656] systemd[1]: Mounted Mount unit for gtk-common-themes, revision 1535.
[    2.251717] systemd[1]: Started Show Plymouth Boot Screen.
[    2.251856] systemd[1]: Condition check resulted in Dispatch Password Requests to Console Directory Watch being skipped.
[    2.251938] systemd[1]: Started Forward Password Requests to Plymouth Directory Watch.
[    2.251975] systemd[1]: Reached target Local Encrypted Volumes.
[    2.303105] systemd[1]: Mounted Mount unit for snap-store, revision 433.
[    2.303355] systemd[1]: Mounted Mount unit for snapd, revision 25935.
[    2.303508] systemd[1]: Reached target Local File Systems.
[    2.305711] systemd[1]: Starting Load AppArmor profiles...
[    2.306619] systemd[1]: Starting Set console font and keymap...
[    2.319938] systemd[1]: Starting Tell Plymouth To Write Out Runtime Data...
[    2.320092] systemd[1]: Condition check resulted in Store a System Token in an EFI Variable being skipped.
[    2.320141] systemd[1]: Condition check resulted in Commit a transient machine-id on disk being skipped.
[    2.325216] systemd[1]: Finished Set console font and keymap.
[    2.333648] systemd[1]: Received SIGRTMIN+20 from PID 285 (plymouthd).
[    2.334251] systemd[1]: plymouth-read-write.service: Succeeded.
[    2.334540] systemd[1]: Finished Tell Plymouth To Write Out Runtime Data.
[    2.361270] audit: type=1400 audit(1768921149.208:2): apparmor="STATUS" operation="profile_load" profile="unconfined" name="nvidia_modprobe" pid=299 comm="apparmor_parser"
[    2.361273] audit: type=1400 audit(1768921149.208:3): apparmor="STATUS" operation="profile_load" profile="unconfined" name="nvidia_modprobe//kmod" pid=299 comm="apparmor_parser"
[    2.371693] audit: type=1400 audit(1768921149.220:4): apparmor="STATUS" operation="profile_load" profile="unconfined" name="/usr/sbin/tcpdump" pid=300 comm="apparmor_parser"
[    2.420085] audit: type=1400 audit(1768921149.260:5): apparmor="STATUS" operation="profile_load" profile="unconfined" name="/usr/bin/evince" pid=302 comm="apparmor_parser"
[    2.420087] audit: type=1400 audit(1768921149.260:6): apparmor="STATUS" operation="profile_load" profile="unconfined" name="/usr/bin/evince//sanitized_helper" pid=302 comm="apparmor_parser"
[    2.420088] audit: type=1400 audit(1768921149.260:7): apparmor="STATUS" operation="profile_load" profile="unconfined" name="/usr/bin/evince-previewer" pid=302 comm="apparmor_parser"
[    2.420090] audit: type=1400 audit(1768921149.260:8): apparmor="STATUS" operation="profile_load" profile="unconfined" name="/usr/bin/evince-previewer//sanitized_helper" pid=302 comm="apparmor_parser"
[    2.420091] audit: type=1400 audit(1768921149.260:9): apparmor="STATUS" operation="profile_load" profile="unconfined" name="/usr/bin/evince-thumbnailer" pid=302 comm="apparmor_parser"
[    2.433409] audit: type=1400 audit(1768921149.284:10): apparmor="STATUS" operation="profile_load" profile="unconfined" name="/usr/lib/cups/backend/cups-pdf" pid=303 comm="apparmor_parser"
[    2.512016] systemd[1]: Finished Load AppArmor profiles.
[    2.512912] systemd[1]: Starting Load AppArmor profiles managed internally by snapd...
[    2.617439] systemd[1]: Finished Load AppArmor profiles managed internally by snapd.
[    2.760393] systemd[1]: Started Journal Service.
[    2.769927] systemd-journald[228]: Received client request to flush runtime journal.
[    4.059486] RAPL PMU: API unit is 2^-32 Joules, 0 fixed counters, 10737418240 ms ovfl timer
[    4.082564] cryptd: max_cpu_qlen set to 1000
[    4.159346] AVX2 version of gcm_enc/dec engaged.
[    4.159347] AES CTR mode by8 optimization enabled
[    5.972869] Adding 1998844k swap on /dev/sda1.  Priority:-2 extents:1 across:1998844k FS
[    7.283884] kauditd_printk_skb: 30 callbacks suppressed
[    7.283886] audit: type=1400 audit(1768921154.132:41): apparmor="DENIED" operation="capable" profile="/usr/sbin/cups-browsed" pid=506 comm="cups-browsed" capability=23  capname="sys_nice"
[    8.418658] pcnet32 0000:00:03.0 enp0s3: link up, 100Mbps, full-duplex
[    8.440657] pcnet32 0000:00:08.0 enp0s8: link up, 100Mbps, full-duplex
[    8.479828] e1000: enp0s9 NIC Link is Up 1000 Mbps Full Duplex, Flow Control: RX
[    8.480118] IPv6: ADDRCONF(NETDEV_CHANGE): enp0s9: link becomes ready
[    8.994975] device enp0s8 entered promiscuous mode
[    9.004825] device enp0s3 entered promiscuous mode
[    9.053281] audit: type=1400 audit(1768921155.900:42): apparmor="DENIED" operation="open" profile="/usr/sbin/tcpdump" name="/proc/sys/kernel/random/boot_id" pid=628 comm="tcpdump" requested_mask="r" denied_mask="r" fsuid=0 ouid=0
[    9.053447] audit: type=1400 audit(1768921155.900:43): apparmor="DENIED" operation="open" profile="/usr/sbin/tcpdump" name="/proc/sys/kernel/random/boot_id" pid=627 comm="tcpdump" requested_mask="r" denied_mask="r" fsuid=0 ouid=0
[    9.053710] audit: type=1400 audit(1768921155.900:44): apparmor="DENIED" operation="open" profile="/usr/sbin/tcpdump" name="/proc/sys/kernel/random/boot_id" pid=628 comm="tcpdump" requested_mask="r" denied_mask="r" fsuid=0 ouid=0
[    9.053751] audit: type=1400 audit(1768921155.900:45): apparmor="DENIED" operation="open" profile="/usr/sbin/tcpdump" name="/proc/sys/kernel/random/boot_id" pid=628 comm="tcpdump" requested_mask="r" denied_mask="r" fsuid=0 ouid=0
[    9.053816] audit: type=1400 audit(1768921155.900:46): apparmor="DENIED" operation="open" profile="/usr/sbin/tcpdump" name="/proc/sys/kernel/random/boot_id" pid=627 comm="tcpdump" requested_mask="r" denied_mask="r" fsuid=0 ouid=0
[    9.053857] audit: type=1400 audit(1768921155.900:47): apparmor="DENIED" operation="open" profile="/usr/sbin/tcpdump" name="/proc/sys/kernel/random/boot_id" pid=627 comm="tcpdump" requested_mask="r" denied_mask="r" fsuid=0 ouid=0
[    9.053918] audit: type=1400 audit(1768921155.900:48): apparmor="DENIED" operation="open" profile="/usr/sbin/tcpdump" name="/proc/sys/kernel/random/boot_id" pid=628 comm="tcpdump" requested_mask="r" denied_mask="r" fsuid=0 ouid=0
[    9.053935] audit: type=1400 audit(1768921155.900:49): apparmor="DENIED" operation="open" profile="/usr/sbin/tcpdump" name="/proc/sys/kernel/random/boot_id" pid=627 comm="tcpdump" requested_mask="r" denied_mask="r" fsuid=0 ouid=0
[    9.058476] audit: type=1400 audit(1768921155.908:50): apparmor="DENIED" operation="open" profile="/usr/sbin/tcpdump" name="/proc/sys/kernel/random/boot_id" pid=632 comm="tcpdump" requested_mask="r" denied_mask="r" fsuid=0 ouid=0
[   15.038151] rfkill: input handler disabled
[  464.098361] AAAAA-TCP_FORW: name:enp0s3: saddr:16783984: daddr:100932208
[  464.164376] AAAAA-TCP_FORW: name:enp0s3: saddr:16783984: daddr:100932208
[  464.228398] AAAAA-TCP_FORW: name:enp0s3: saddr:16783984: daddr:100932208
[  464.284313] AAAAA-TCP_FORW: name:enp0s3: saddr:16783984: daddr:100932208
[  464.348740] AAAAA-TCP_FORW: name:enp0s3: saddr:16783984: daddr:100932208
[  464.406741] AAAAA-TCP_FORW: name:enp0s3: saddr:16783984: daddr:100932208
[  464.481998] AAAAA-TCP_FORW: name:enp0s3: saddr:16783984: daddr:100932208
[  464.552893] AAAAA-TCP_FORW: name:enp0s3: saddr:16783984: daddr:100932208
[  464.625689] AAAAA-TCP_FORW: name:enp0s3: saddr:16783984: daddr:100932208
[  620.773077] rfkill: input handler enabled
[  630.287123] rfkill: input handler disabled
[ 1022.571848] device enp0s3 left promiscuous mode
[ 1022.573841] device enp0s8 left promiscuous mode
