[    0.000000] Linux version 5.4.243-tcp (root@ztg) (gcc version 12.2.0 (Debian 12.2.0-14)) #1 SMP Fri Apr 12 08:27:09 CST 2024
[    0.000000] Command line: BOOT_IMAGE=/boot/vmlinuz-5.4.243-tcp root=UUID=98415a12-53b7-4144-8265-0f7ece09e445 ro quiet splash
[    0.000000] KERNEL supported cpus:
[    0.000000]   Intel GenuineIntel
[    0.000000]   AMD AuthenticAMD
[    0.000000]   Hygon HygonGenuine
[    0.000000]   Centaur CentaurHauls
[    0.000000]   zhaoxin   Shanghai  
[    0.000000] x86/fpu: Supporting XSAVE feature 0x001: 'x87 floating point registers'
[    0.000000] x86/fpu: Supporting XSAVE feature 0x002: 'SSE registers'
[    0.000000] x86/fpu: Supporting XSAVE feature 0x004: 'AVX registers'
[    0.000000] x86/fpu: xstate_offset[2]:  576, xstate_sizes[2]:  256
[    0.000000] x86/fpu: Enabled xstate features 0x7, context size is 832 bytes, using 'standard' format.
[    0.000000] BIOS-provided physical RAM map:
[    0.000000] BIOS-e820: [mem 0x0000000000000000-0x000000000009fbff] usable
[    0.000000] BIOS-e820: [mem 0x000000000009fc00-0x000000000009ffff] reserved
[    0.000000] BIOS-e820: [mem 0x00000000000f0000-0x00000000000fffff] reserved
[    0.000000] BIOS-e820: [mem 0x0000000000100000-0x000000007ffeffff] usable
[    0.000000] BIOS-e820: [mem 0x000000007fff0000-0x000000007fffffff] ACPI data
[    0.000000] BIOS-e820: [mem 0x00000000fec00000-0x00000000fec00fff] reserved
[    0.000000] BIOS-e820: [mem 0x00000000fee00000-0x00000000fee00fff] reserved
[    0.000000] BIOS-e820: [mem 0x00000000fffc0000-0x00000000ffffffff] reserved
[    0.000000] NX (Execute Disable) protection: active
[    0.000000] SMBIOS 2.5 present.
[    0.000000] DMI: innotek GmbH VirtualBox/VirtualBox, BIOS VirtualBox 12/01/2006
[    0.000000] Hypervisor detected: KVM
[    0.000000] kvm-clock: Using msrs 4b564d01 and 4b564d00
[    0.000000] kvm-clock: cpu 0, msr 3f801001, primary cpu clock
[    0.000000] kvm-clock: using sched offset of 4412018626 cycles
[    0.000003] clocksource: kvm-clock: mask: 0xffffffffffffffff max_cycles: 0x1cd42e4dffb, max_idle_ns: 881590591483 ns
[    0.000005] tsc: Detected 2100.000 MHz processor
[    0.001863] e820: update [mem 0x00000000-0x00000fff] usable ==> reserved
[    0.001865] e820: remove [mem 0x000a0000-0x000fffff] usable
[    0.001869] last_pfn = 0x7fff0 max_arch_pfn = 0x400000000
[    0.001937] MTRR default type: uncachable
[    0.001938] MTRR fixed ranges enabled:
[    0.001939]   00000-9FFFF write-back
[    0.001940]   A0000-BFFFF uncachable
[    0.001941]   C0000-FFFFF write-protect
[    0.001941] MTRR variable ranges enabled:
[    0.001943]   0 base 000000000000 mask 3FFF80000000 write-back
[    0.001943]   1 disabled
[    0.001944]   2 disabled
[    0.001944]   3 disabled
[    0.001945]   4 disabled
[    0.001945]   5 disabled
[    0.001946]   6 disabled
[    0.001946]   7 disabled
[    0.001946]   8 disabled
[    0.001947]   9 disabled
[    0.001947]   10 disabled
[    0.001948]   11 disabled
[    0.001948]   12 disabled
[    0.001949]   13 disabled
[    0.001949]   14 disabled
[    0.001949]   15 disabled
[    0.001966] x86/PAT: Configuration [0-7]: WB  WC  UC- UC  WB  WP  UC- WT  
[    0.002100] found SMP MP-table at [mem 0x0009fff0-0x0009ffff]
[    0.090064] check: Scanning 1 areas for low memory corruption
[    0.090190] RAMDISK: [mem 0x32275000-0x35131fff]
[    0.090199] ACPI: Early table checksum verification disabled
[    0.090203] ACPI: RSDP 0x00000000000E0000 000024 (v02 VBOX  )
[    0.090208] ACPI: XSDT 0x000000007FFF0030 00003C (v01 VBOX   VBOXXSDT 00000001 ASL  00000061)
[    0.090214] ACPI: FACP 0x000000007FFF00F0 0000F4 (v04 VBOX   VBOXFACP 00000001 ASL  00000061)
[    0.090220] ACPI: DSDT 0x000000007FFF02E0 002353 (v02 VBOX   VBOXBIOS 00000002 VBOX 00029BF3)
[    0.090224] ACPI: FACS 0x000000007FFF0200 000040
[    0.090228] ACPI: FACS 0x000000007FFF0200 000040
[    0.090231] ACPI: APIC 0x000000007FFF0240 000054 (v02 VBOX   VBOXAPIC 00000001 ASL  00000061)
[    0.090234] ACPI: SSDT 0x000000007FFF02A0 000038 (v01 VBOX   VBOXCPUT 00000002 VBOX 00029BF3)
[    0.090238] ACPI: Reserving FACP table memory at [mem 0x7fff00f0-0x7fff01e3]
[    0.090238] ACPI: Reserving DSDT table memory at [mem 0x7fff02e0-0x7fff2632]
[    0.090239] ACPI: Reserving FACS table memory at [mem 0x7fff0200-0x7fff023f]
[    0.090240] ACPI: Reserving FACS table memory at [mem 0x7fff0200-0x7fff023f]
[    0.090240] ACPI: Reserving APIC table memory at [mem 0x7fff0240-0x7fff0293]
[    0.090241] ACPI: Reserving SSDT table memory at [mem 0x7fff02a0-0x7fff02d7]
[    0.090255] ACPI: Local APIC address 0xfee00000
[    0.090448] No NUMA configuration found
[    0.090449] Faking a node at [mem 0x0000000000000000-0x000000007ffeffff]
[    0.090459] NODE_DATA(0) allocated [mem 0x7ffc5000-0x7ffeffff]
[    0.090720] Zone ranges:
[    0.090721]   DMA      [mem 0x0000000000001000-0x0000000000ffffff]
[    0.090722]   DMA32    [mem 0x0000000001000000-0x000000007ffeffff]
[    0.090723]   Normal   empty
[    0.090723]   Device   empty
[    0.090724] Movable zone start for each node
[    0.090726] Early memory node ranges
[    0.090727]   node   0: [mem 0x0000000000001000-0x000000000009efff]
[    0.090728]   node   0: [mem 0x0000000000100000-0x000000007ffeffff]
[    0.090730] Zeroed struct page in unavailable ranges: 114 pages
[    0.090732] Initmem setup node 0 [mem 0x0000000000001000-0x000000007ffeffff]
[    0.090733] On node 0 totalpages: 524174
[    0.090734]   DMA zone: 64 pages used for memmap
[    0.090734]   DMA zone: 21 pages reserved
[    0.090735]   DMA zone: 3998 pages, LIFO batch:0
[    0.090805]   DMA32 zone: 8128 pages used for memmap
[    0.090806]   DMA32 zone: 520176 pages, LIFO batch:63
[    0.099775] ACPI: PM-Timer IO Port: 0x4008
[    0.099778] ACPI: Local APIC address 0xfee00000
[    0.099847] IOAPIC[0]: apic_id 1, version 32, address 0xfec00000, GSI 0-23
[    0.099850] ACPI: INT_SRC_OVR (bus 0 bus_irq 0 global_irq 2 dfl dfl)
[    0.099852] ACPI: INT_SRC_OVR (bus 0 bus_irq 9 global_irq 9 low level)
[    0.099854] ACPI: IRQ0 used by override.
[    0.099855] ACPI: IRQ9 used by override.
[    0.099857] Using ACPI (MADT) for SMP configuration information
[    0.099864] smpboot: Allowing 1 CPUs, 0 hotplug CPUs
[    0.099885] PM: Registered nosave memory: [mem 0x00000000-0x00000fff]
[    0.099887] PM: Registered nosave memory: [mem 0x0009f000-0x0009ffff]
[    0.099887] PM: Registered nosave memory: [mem 0x000a0000-0x000effff]
[    0.099888] PM: Registered nosave memory: [mem 0x000f0000-0x000fffff]
[    0.099889] [mem 0x80000000-0xfebfffff] available for PCI devices
[    0.099890] Booting paravirtualized kernel on KVM
[    0.099893] clocksource: refined-jiffies: mask: 0xffffffff max_cycles: 0xffffffff, max_idle_ns: 7645519600211568 ns
[    0.099898] setup_percpu: NR_CPUS:8192 nr_cpumask_bits:1 nr_cpu_ids:1 nr_node_ids:1
[    0.100884] percpu: Embedded 60 pages/cpu s208896 r8192 d28672 u2097152
[    0.100889] pcpu-alloc: s208896 r8192 d28672 u2097152 alloc=1*2097152
[    0.100890] pcpu-alloc: [0] 0 
[    0.100916] Built 1 zonelists, mobility grouping on.  Total pages: 515961
[    0.100917] Policy zone: DMA32
[    0.100918] Kernel command line: BOOT_IMAGE=/boot/vmlinuz-5.4.243-tcp root=UUID=98415a12-53b7-4144-8265-0f7ece09e445 ro quiet splash
[    0.101746] Dentry cache hash table entries: 262144 (order: 9, 2097152 bytes, linear)
[    0.101891] Inode-cache hash table entries: 131072 (order: 8, 1048576 bytes, linear)
[    0.101941] mem auto-init: stack:off, heap alloc:on, heap free:off
[    0.101944] Calgary: detecting Calgary via BIOS EBDA area
[    0.101945] Calgary: Unable to locate Rio Grande table in EBDA - bailing!
[    0.105940] Memory: 1967340K/2096696K available (14339K kernel code, 2392K rwdata, 4692K rodata, 2720K init, 17272K bss, 129356K reserved, 0K cma-reserved)
[    0.106856] SLUB: HWalign=64, Order=0-3, MinObjects=0, CPUs=1, Nodes=1
[    0.106873] ftrace: allocating 42894 entries in 168 pages
[    0.124605] rcu: Hierarchical RCU implementation.
[    0.124607] rcu: 	RCU restricting CPUs from NR_CPUS=8192 to nr_cpu_ids=1.
[    0.124608] 	Tasks RCU enabled.
[    0.124610] rcu: RCU calculated value of scheduler-enlistment delay is 25 jiffies.
[    0.124610] rcu: Adjusting geometry for rcu_fanout_leaf=16, nr_cpu_ids=1
[    0.127567] NR_IRQS: 524544, nr_irqs: 256, preallocated irqs: 16
[    0.127779] random: crng init done
[    0.137061] Console: colour VGA+ 80x25
[    0.137064] printk: console [tty0] enabled
[    0.137083] ACPI: Core revision 20190816
[    0.137175] APIC: Switch to symmetric I/O mode setup
[    0.137422] x2apic enabled
[    0.137661] Switched APIC routing to physical x2apic.
[    0.138789] ..TIMER: vector=0x30 apic1=0 pin1=2 apic2=-1 pin2=-1
[    0.138813] clocksource: tsc-early: mask: 0xffffffffffffffff max_cycles: 0x1e4530a99b6, max_idle_ns: 440795257976 ns
[    0.138818] Calibrating delay loop (skipped) preset value.. 4200.00 BogoMIPS (lpj=8400000)
[    0.138820] pid_max: default: 32768 minimum: 301
[    0.138847] LSM: Security Framework initializing
[    0.138857] Yama: becoming mindful.
[    0.138883] AppArmor: AppArmor initialized
[    0.138916] Mount-cache hash table entries: 4096 (order: 3, 32768 bytes, linear)
[    0.138920] Mountpoint-cache hash table entries: 4096 (order: 3, 32768 bytes, linear)
[    0.138930] *** VALIDATE tmpfs ***
[    0.139059] *** VALIDATE proc ***
[    0.139098] *** VALIDATE cgroup1 ***
[    0.139100] *** VALIDATE cgroup2 ***
[    0.139239] process: using mwait in idle threads
[    0.139244] Last level iTLB entries: 4KB 64, 2MB 8, 4MB 8
[    0.139244] Last level dTLB entries: 4KB 64, 2MB 0, 4MB 0, 1GB 4
[    0.139264] Spectre V1 : Mitigation: usercopy/swapgs barriers and __user pointer sanitization
[    0.139269] Spectre V2 : Mitigation: Retpolines
[    0.139270] Spectre V2 : Spectre v2 / SpectreRSB mitigation: Filling RSB on context switch
[    0.139270] Spectre V2 : Spectre v2 / SpectreRSB : Filling RSB on VMEXIT
[    0.139271] RETBleed: WARNING: Spectre v2 mitigation leaves CPU vulnerable to RETBleed attacks, data leaks possible!
[    0.139621] RETBleed: Vulnerable
[    0.139621] Speculative Store Bypass: Vulnerable
[    0.139627] TAA: Mitigation: TSX disabled
[    0.139627] MMIO Stale Data: Mitigation: Clear CPU buffers
[    0.143797] Freeing SMP alternatives memory: 40K
[    0.256045] smpboot: CPU0: Intel(R) Xeon(R) Silver 4216 CPU @ 2.10GHz (family: 0x6, model: 0x55, stepping: 0x7)
[    0.256164] Performance Events: unsupported p6 CPU model 85 no PMU driver, software events only.
[    0.256200] rcu: Hierarchical SRCU implementation.
[    0.256668] NMI watchdog: Perf NMI watchdog permanently disabled
[    0.256706] smp: Bringing up secondary CPUs ...
[    0.256707] smp: Brought up 1 node, 1 CPU
[    0.256707] smpboot: Max logical packages: 1
[    0.256709] smpboot: Total of 1 processors activated (4200.00 BogoMIPS)
[    0.257653] devtmpfs: initialized
[    0.257700] x86/mm: Memory block size: 128MB
[    0.258046] clocksource: jiffies: mask: 0xffffffff max_cycles: 0xffffffff, max_idle_ns: 7645041785100000 ns
[    0.258051] futex hash table entries: 256 (order: 2, 16384 bytes, linear)
[    0.258093] pinctrl core: initialized pinctrl subsystem
[    0.258195] PM: RTC time: 16:33:22, date: 2026-01-20
[    0.258302] NET: Registered protocol family 16
[    0.258374] audit: initializing netlink subsys (disabled)
[    0.258498] EISA bus registered
[    0.258500] cpuidle: using governor ladder
[    0.258501] cpuidle: using governor menu
[    0.258538] ACPI: bus type PCI registered
[    0.258539] acpiphp: ACPI Hot Plug PCI Controller Driver version: 0.5
[    0.258641] PCI: Using configuration type 1 for base access
[    0.258996] audit: type=2000 audit(1768898008.792:1): state=initialized audit_enabled=0 res=1
[    0.259078] HugeTLB registered 2.00 MiB page size, pre-allocated 0 pages
[    0.259891] ACPI: Added _OSI(Module Device)
[    0.259892] ACPI: Added _OSI(Processor Device)
[    0.259892] ACPI: Added _OSI(3.0 _SCP Extensions)
[    0.259893] ACPI: Added _OSI(Processor Aggregator Device)
[    0.259894] ACPI: Added _OSI(Linux-Dell-Video)
[    0.259895] ACPI: Added _OSI(Linux-Lenovo-NV-HDMI-Audio)
[    0.259895] ACPI: Added _OSI(Linux-HPI-Hybrid-Graphics)
[    0.261837] ACPI: 2 ACPI AML tables successfully acquired and loaded
[    0.263341] ACPI: Interpreter enabled
[    0.263351] ACPI: (supports S0 S5)
[    0.263352] ACPI: Using IOAPIC for interrupt routing
[    0.263555] PCI: Using host bridge windows from ACPI; if necessary, use "pci=nocrs" and report a bug
[    0.263663] ACPI: Enabled 2 GPEs in block 00 to 07
[    0.268416] ACPI: PCI Root Bridge [PCI0] (domain 0000 [bus 00-ff])
[    0.268420] acpi PNP0A03:00: _OSC: OS supports [ASPM ClockPM Segments MSI HPX-Type3]
[    0.268862] acpi PNP0A03:00: _OSC: not requesting OS control; OS requires [ExtendedConfig ASPM ClockPM MSI]
[    0.268870] acpi PNP0A03:00: fail to add MMCONFIG information, can't access extended PCI configuration space under this bridge.
[    0.269236] PCI host bridge to bus 0000:00
[    0.269238] pci_bus 0000:00: root bus resource [io  0x0000-0x0cf7 window]
[    0.269239] pci_bus 0000:00: root bus resource [io  0x0d00-0xffff window]
[    0.269240] pci_bus 0000:00: root bus resource [mem 0x000a0000-0x000bffff window]
[    0.269241] pci_bus 0000:00: root bus resource [mem 0x80000000-0xfdffffff window]
[    0.269243] pci_bus 0000:00: root bus resource [bus 00-ff]
[    0.269286] pci 0000:00:00.0: [8086:1237] type 00 class 0x060000
[    0.270210] pci 0000:00:01.0: [8086:7000] type 00 class 0x060100
[    0.270994] pci 0000:00:01.1: [8086:7111] type 00 class 0x01018a
[    0.271360] pci 0000:00:01.1: reg 0x20: [io  0xd000-0xd00f]
[    0.271511] pci 0000:00:01.1: legacy IDE quirk: reg 0x10: [io  0x01f0-0x01f7]
[    0.271512] pci 0000:00:01.1: legacy IDE quirk: reg 0x14: [io  0x03f6]
[    0.271513] pci 0000:00:01.1: legacy IDE quirk: reg 0x18: [io  0x0170-0x0177]
[    0.271514] pci 0000:00:01.1: legacy IDE quirk: reg 0x1c: [io  0x0376]
[    0.272047] pci 0000:00:02.0: [15ad:0405] type 00 class 0x030000
[    0.274892] pci 0000:00:02.0: reg 0x10: [io  0xd010-0xd01f]
[    0.277693] pci 0000:00:02.0: reg 0x14: [mem 0xe0000000-0xe7ffffff pref]
[    0.280677] pci 0000:00:02.0: reg 0x18: [mem 0xf0000000-0xf01fffff]
[    0.291487] pci 0000:00:03.0: [1022:2000] type 00 class 0x020000
[    0.292176] pci 0000:00:03.0: reg 0x10: [io  0xd020-0xd03f]
[    0.292795] pci 0000:00:03.0: reg 0x14: [mem 0xf0200000-0xf0200fff]
[    0.296177] pci 0000:00:04.0: [80ee:cafe] type 00 class 0x088000
[    0.296846] pci 0000:00:04.0: reg 0x10: [io  0xd040-0xd05f]
[    0.297453] pci 0000:00:04.0: reg 0x14: [mem 0xf0400000-0xf07fffff]
[    0.298062] pci 0000:00:04.0: reg 0x18: [mem 0xf0800000-0xf0803fff pref]
[    0.301305] pci 0000:00:07.0: [8086:7113] type 00 class 0x068000
[    0.301843] pci 0000:00:07.0: quirk: [io  0x4000-0x403f] claimed by PIIX4 ACPI
[    0.301853] pci 0000:00:07.0: quirk: [io  0x4100-0x410f] claimed by PIIX4 SMB
[    0.303402] pci 0000:00:08.0: [1022:2000] type 00 class 0x020000
[    0.304075] pci 0000:00:08.0: reg 0x10: [io  0xd060-0xd07f]
[    0.304688] pci 0000:00:08.0: reg 0x14: [mem 0xf0804000-0xf0804fff]
[    0.308194] pci 0000:00:09.0: [8086:100e] type 00 class 0x020000
[    0.308902] pci 0000:00:09.0: reg 0x10: [mem 0xf0820000-0xf083ffff]
[    0.310096] pci 0000:00:09.0: reg 0x18: [io  0xd080-0xd087]
[    0.319798] ACPI: PCI Interrupt Link [LNKA] (IRQs 5 9 10 *11)
[    0.320080] ACPI: PCI Interrupt Link [LNKB] (IRQs 5 9 *10 11)
[    0.320180] ACPI: PCI Interrupt Link [LNKC] (IRQs 5 *9 10 11)
[    0.320285] ACPI: PCI Interrupt Link [LNKD] (IRQs 5 9 10 *11)
[    0.320547] iommu: Default domain type: Translated 
[    0.320608] pci 0000:00:02.0: vgaarb: setting as boot VGA device
[    0.320610] pci 0000:00:02.0: vgaarb: VGA device added: decodes=io+mem,owns=io+mem,locks=none
[    0.320612] pci 0000:00:02.0: vgaarb: bridge control possible
[    0.320612] vgaarb: loaded
[    0.320817] SCSI subsystem initialized
[    0.320850] libata version 3.00 loaded.
[    0.320876] ACPI: bus type USB registered
[    0.320889] usbcore: registered new interface driver usbfs
[    0.320895] usbcore: registered new interface driver hub
[    0.320899] usbcore: registered new device driver usb
[    0.320930] pps_core: LinuxPPS API ver. 1 registered
[    0.320931] pps_core: Software ver. 5.3.6 - Copyright 2005-2007 Rodolfo Giometti <giometti@linux.it>
[    0.320933] PTP clock support registered
[    0.320967] EDAC MC: Ver: 3.0.0
[    0.321251] PCI: Using ACPI for IRQ routing
[    0.321252] PCI: pci_cache_line_size set to 64 bytes
[    0.321420] e820: reserve RAM buffer [mem 0x0009fc00-0x0009ffff]
[    0.321423] e820: reserve RAM buffer [mem 0x7fff0000-0x7fffffff]
[    0.321546] NetLabel: Initializing
[    0.321547] NetLabel:  domain hash size = 128
[    0.321547] NetLabel:  protocols = UNLABELED CIPSOv4 CALIPSO
[    0.321566] NetLabel:  unlabeled traffic allowed by default
[    0.324320] clocksource: Switched to clocksource kvm-clock
[    0.337000] *** VALIDATE bpf ***
[    0.337058] VFS: Disk quotas dquot_6.6.0
[    0.337071] VFS: Dquot-cache hash table entries: 512 (order 0, 4096 bytes)
[    0.337092] *** VALIDATE ramfs ***
[    0.337095] *** VALIDATE hugetlbfs ***
[    0.337176] AppArmor: AppArmor Filesystem Enabled
[    0.337200] pnp: PnP ACPI init
[    0.337262] pnp 00:00: Plug and Play ACPI device, IDs PNP0303 (active)
[    0.337346] pnp 00:01: Plug and Play ACPI device, IDs PNP0f03 (active)
[    0.338109] pnp: PnP ACPI: found 2 devices
[    0.339095] thermal_sys: Registered thermal governor 'fair_share'
[    0.339096] thermal_sys: Registered thermal governor 'bang_bang'
[    0.339097] thermal_sys: Registered thermal governor 'step_wise'
[    0.339097] thermal_sys: Registered thermal governor 'user_space'
[    0.339098] thermal_sys: Registered thermal governor 'power_allocator'
[    0.343644] clocksource: acpi_pm: mask: 0xffffff max_cycles: 0xffffff, max_idle_ns: 2085701024 ns
[    0.343684] pci_bus 0000:00: resource 4 [io  0x0000-0x0cf7 window]
[    0.343685] pci_bus 0000:00: resource 5 [io  0x0d00-0xffff window]
[    0.343686] pci_bus 0000:00: resource 6 [mem 0x000a0000-0x000bffff window]
[    0.343687] pci_bus 0000:00: resource 7 [mem 0x80000000-0xfdffffff window]
[    0.343741] NET: Registered protocol family 2
[    0.343815] IP idents hash table entries: 32768 (order: 6, 262144 bytes, linear)
[    0.344188] tcp_listen_portaddr_hash hash table entries: 1024 (order: 2, 16384 bytes, linear)
[    0.344267] TCP established hash table entries: 16384 (order: 5, 131072 bytes, linear)
[    0.344329] TCP bind hash table entries: 16384 (order: 6, 262144 bytes, linear)
[    0.344354] TCP: Hash tables configured (established 16384 bind 16384)
[    0.344397] UDP hash table entries: 1024 (order: 3, 32768 bytes, linear)
[    0.344409] UDP-Lite hash table entries: 1024 (order: 3, 32768 bytes, linear)
[    0.344435] NET: Registered protocol family 1
[    0.344442] NET: Registered protocol family 44
[    0.344466] pci 0000:00:00.0: Limiting direct PCI/PCI transfers
[    0.344482] pci 0000:00:01.0: Activating ISA DMA hang workarounds
[    0.344534] pci 0000:00:02.0: Video device with shadowed ROM at [mem 0x000c0000-0x000dffff]
[    0.344598] PCI: CLS 0 bytes, default 64
[    0.344647] Trying to unpack rootfs image as initramfs...
[    0.515814] Freeing initrd memory: 47860K
[    0.515814] clocksource: tsc: mask: 0xffffffffffffffff max_cycles: 0x1e4530a99b6, max_idle_ns: 440795257976 ns
[    0.515814] clocksource: Switched to clocksource tsc
[    0.515814] platform rtc_cmos: registered platform RTC device (no PNP device found)
[    0.515814] check: Scanning for low memory corruption every 60 seconds
[    0.515814] Initialise system trusted keyrings
[    0.515814] Key type blacklist registered
[    0.515814] workingset: timestamp_bits=36 max_order=19 bucket_order=0
[    0.515814] zbud: loaded
[    0.515814] squashfs: version 4.0 (2009/01/31) Phillip Lougher
[    0.515814] fuse: init (API version 7.31)
[    0.515814] *** VALIDATE fuse ***
[    0.515814] *** VALIDATE fuse ***
[    0.515814] Platform Keyring initialized
[    0.527948] Key type asymmetric registered
[    0.527949] Asymmetric key parser 'x509' registered
[    0.527958] Block layer SCSI generic (bsg) driver version 0.4 loaded (major 244)
[    0.527995] io scheduler mq-deadline registered
[    0.528105] shpchp: Standard Hot Plug PCI Controller Driver version: 0.4
[    0.528308] ACPI: AC Adapter [AC] (on-line)
[    0.528352] input: Power Button as /devices/LNXSYSTM:00/LNXPWRBN:00/input/input0
[    0.528380] ACPI: Power Button [PWRF]
[    0.528455] input: Sleep Button as /devices/LNXSYSTM:00/LNXSLPBN:00/input/input1
[    0.528468] ACPI: Sleep Button [SLPF]
[    0.528678] Serial: 8250/16550 driver, 32 ports, IRQ sharing enabled
[    0.529880] Linux agpgart interface v0.103
[    0.619077] loop: module loaded
[    0.619214] ata_piix 0000:00:01.1: version 2.13
[    0.619610] scsi host0: ata_piix
[    0.619697] scsi host1: ata_piix
[    0.619723] ata1: PATA max UDMA/33 cmd 0x1f0 ctl 0x3f6 bmdma 0xd000 irq 14
[    0.619724] ata2: PATA max UDMA/33 cmd 0x170 ctl 0x376 bmdma 0xd008 irq 15
[    0.619801] tun: Universal TUN/TAP device driver, 1.6
[    0.620109] PPP generic driver version 2.4.2
[    0.620155] VFIO - User Level meta-driver version: 0.3
[    0.620401] ehci_hcd: USB 2.0 'Enhanced' Host Controller (EHCI) Driver
[    0.620407] ehci-pci: EHCI PCI platform driver
[    0.620420] ehci-platform: EHCI generic platform driver
[    0.620425] ohci_hcd: USB 1.1 'Open' Host Controller (OHCI) Driver
[    0.620427] ohci-pci: OHCI PCI platform driver
[    0.620433] ohci-platform: OHCI generic platform driver
[    0.620438] uhci_hcd: USB Universal Host Controller Interface driver
[    0.620497] i8042: PNP: PS/2 Controller [PNP0303:PS2K,PNP0f03:PS2M] at 0x60,0x64 irq 1,12
[    0.620938] serio: i8042 KBD port at 0x60,0x64 irq 1
[    0.620942] serio: i8042 AUX port at 0x60,0x64 irq 12
[    0.621028] mousedev: PS/2 mouse device common for all mice
[    0.621281] input: AT Translated Set 2 keyboard as /devices/platform/i8042/serio0/input/input2
[    0.621694] rtc_cmos rtc_cmos: registered as rtc0
[    0.621707] rtc_cmos rtc_cmos: alarms up to one day, 114 bytes nvram
[    0.621712] i2c /dev entries driver
[    0.621758] device-mapper: uevent: version 1.0.3
[    0.621800] device-mapper: ioctl: 4.41.0-ioctl (2019-09-16) initialised: dm-devel@redhat.com
[    0.621817] platform eisa.0: Probing EISA bus 0
[    0.621818] platform eisa.0: EISA: Cannot allocate resource for mainboard
[    0.621819] platform eisa.0: Cannot allocate resource for EISA slot 1
[    0.621820] platform eisa.0: Cannot allocate resource for EISA slot 2
[    0.621821] platform eisa.0: Cannot allocate resource for EISA slot 3
[    0.621822] platform eisa.0: Cannot allocate resource for EISA slot 4
[    0.621823] platform eisa.0: Cannot allocate resource for EISA slot 5
[    0.621824] platform eisa.0: Cannot allocate resource for EISA slot 6
[    0.621825] platform eisa.0: Cannot allocate resource for EISA slot 7
[    0.621826] platform eisa.0: Cannot allocate resource for EISA slot 8
[    0.621827] platform eisa.0: EISA: Detected 0 cards
[    0.621829] intel_pstate: CPU model not supported
[    0.621838] ledtrig-cpu: registered to indicate activity on CPUs
[    0.621887] drop_monitor: Initializing network drop monitor service
[    0.622046] NET: Registered protocol family 10
[    0.627140] Segment Routing with IPv6
[    0.627165] NET: Registered protocol family 17
[    0.627199] Key type dns_resolver registered
[    0.627204] RAS: Correctable Errors collector initialized.
[    0.627204] IPI shorthand broadcast: enabled
[    0.627204] sched_clock: Marking stable (612158784, 11045581)->(623895687, -691322)
[    0.627368] registered taskstats version 1
[    0.627379] Loading compiled-in X.509 certificates
[    0.627964] Loaded X.509 cert 'Build time autogenerated kernel key: 0a9e52cc6eb58eed9b63e328679db6d5d5216245'
[    0.627983] zswap: loaded using pool lzo/zbud
[    0.628037] Key type ._fscrypt registered
[    0.628037] Key type .fscrypt registered
[    0.632494] Key type big_key registered
[    0.634680] Key type encrypted registered
[    0.634683] AppArmor: AppArmor sha1 policy hashing enabled
[    0.634690] ima: No TPM chip found, activating TPM-bypass!
[    0.634693] ima: Allocated hash algorithm: sha1
[    0.634699] ima: No architecture policies found
[    0.634707] evm: Initialising EVM extended attributes:
[    0.634707] evm: security.selinux
[    0.634708] evm: security.SMACK64
[    0.634708] evm: security.SMACK64EXEC
[    0.634709] evm: security.SMACK64TRANSMUTE
[    0.634709] evm: security.SMACK64MMAP
[    0.634710] evm: security.apparmor
[    0.634710] evm: security.ima
[    0.634711] evm: security.capability
[    0.634711] evm: HMAC attrs: 0x1
[    0.635000] PM:   Magic number: 10:199:591
[    0.635119] rtc_cmos rtc_cmos: setting system clock to 2026-01-20T16:33:23 UTC (1768926803)
[    0.792003] ata1.00: ATA-6: VBOX HARDDISK, 1.0, max UDMA/133
[    0.792006] ata1.00: 209715200 sectors, multi 128: LBA 
[    0.792641] scsi 0:0:0:0: Direct-Access     ATA      VBOX HARDDISK    1.0  PQ: 0 ANSI: 5
[    0.792923] sd 0:0:0:0: [sda] 209715200 512-byte logical blocks: (107 GB/100 GiB)
[    0.792936] sd 0:0:0:0: [sda] Write Protect is off
[    0.792939] sd 0:0:0:0: [sda] Mode Sense: 00 3a 00 00
[    0.792957] sd 0:0:0:0: [sda] Write cache: enabled, read cache: enabled, doesn't support DPO or FUA
[    0.793261] sd 0:0:0:0: Attached scsi generic sg0 type 0
[    0.793981]  sda: sda1 sda2
[    0.803242] sd 0:0:0:0: [sda] Attached SCSI disk
[    0.806305] Freeing unused decrypted memory: 2040K
[    0.807229] Freeing unused kernel image memory: 2720K
[    0.807232] Write protecting the kernel read-only data: 22528k
[    0.808210] Freeing unused kernel image memory: 2036K
[    0.808753] Freeing unused kernel image memory: 1452K
[    0.833721] x86/mm: Checked W+X mappings: passed, no W+X pages found.
[    0.833726] Run /init as init process
[    0.932588] ACPI: Video Device [GFX0] (multi-head: yes  rom: no  post: no)
[    0.932661] input: Video Bus as /devices/LNXSYSTM:00/LNXSYBUS:00/PNP0A03:00/LNXVIDEO:00/input/input4
[    0.943859] pcnet32: pcnet32.c:v1.35 21.Apr.2008 tsbogend@alpha.franken.de
[    0.945533] piix4_smbus 0000:00:07.0: SMBus Host Controller at 0x4100, revision 0
[    0.949307] e1000: Intel(R) PRO/1000 Network Driver - version 7.3.21-k8-NAPI
[    0.949307] e1000: Copyright (c) 1999-2006 Intel Corporation.
[    0.952261] pcnet32: PCnet/FAST III 79C973 at 0xd020, 08:00:27:8b:87:21 assigned IRQ 19
[    0.952304] pcnet32: Found PHY 0022:561b at address 0
[    0.952605] pcnet32: eth0: registered as PCnet/FAST III 79C973
[    0.966120] pcnet32: PCnet/FAST III 79C973 at 0xd060, 08:00:27:4a:8d:6b assigned IRQ 16
[    0.966163] pcnet32: Found PHY 0022:561b at address 0
[    0.966465] pcnet32: eth1: registered as PCnet/FAST III 79C973
[    0.966488] pcnet32: 2 cards_found
[    1.022309] pcnet32 0000:00:03.0 enp0s3: renamed from eth0
[    1.024125] pcnet32 0000:00:08.0 enp0s8: renamed from eth1
[    1.164836] input: ImExPS/2 Generic Explorer Mouse as /devices/platform/i8042/serio1/input/input5
[    1.355325] e1000 0000:00:09.0 eth0: (PCI:33MHz:32-bit) 08:00:27:08:d9:5e
[    1.355329] e1000 0000:00:09.0 eth0: Intel(R) PRO/1000 Network Connection
[    1.356424] e1000 0000:00:09.0 enp0s9: renamed from eth0
[    1.502778] EXT4-fs (sda2): mounted filesystem with ordered data mode. Opts: (null)
[    1.593358] systemd[1]: Inserted module 'autofs4'
[    1.607132] systemd[1]: systemd 245.4-4ubuntu3 running in system mode. (+PAM +AUDIT +SELINUX +IMA +APPARMOR +SMACK +SYSVINIT +UTMP +LIBCRYPTSETUP +GCRYPT +GNUTLS +ACL +XZ +LZ4 +SECCOMP +BLKID +ELFUTILS +KMOD +IDN2 -IDN +PCRE2 default-hierarchy=hybrid)
[    1.607161] systemd[1]: Detected virtualization oracle.
[    1.607164] systemd[1]: Detected architecture x86-64.
[    1.608457] systemd[1]: Set hostname to <ztg>.
[    1.731799] systemd[1]: /lib/systemd/system/dbus.socket:5: ListenStream= references a path below legacy directory /var/run/, updating /var/run/dbus/system_bus_socket â†’ /run/dbus/system_bus_socket; please update the unit file accordingly.
[    1.783779] systemd[1]: Created slice system-modprobe.slice.
[    1.783966] systemd[1]: Created slice User and Session Slice.
[    1.784010] systemd[1]: Started Forward Password Requests to Wall Directory Watch.
[    1.784165] systemd[1]: Set up automount Arbitrary Executable File Formats File System Automount Point.
[    1.784200] systemd[1]: Reached target User and Group Name Lookups.
[    1.784208] systemd[1]: Reached target Remote File Systems.
[    1.784216] systemd[1]: Reached target Slices.
[    1.784760] systemd[1]: Listening on Syslog Socket.
[    1.784826] systemd[1]: Listening on fsck to fsckd communication Socket.
[    1.784864] systemd[1]: Listening on initctl Compatibility Named Pipe.
[    1.784998] systemd[1]: Listening on Journal Audit Socket.
[    1.785049] systemd[1]: Listening on Journal Socket (/dev/log).
[    1.785115] systemd[1]: Listening on Journal Socket.
[    1.785178] systemd[1]: Listening on udev Control Socket.
[    1.785216] systemd[1]: Listening on udev Kernel Socket.
[    1.785960] systemd[1]: Mounting Huge Pages File System...
[    1.786893] systemd[1]: Mounting POSIX Message Queue File System...
[    1.787801] systemd[1]: Mounting Kernel Debug File System...
[    1.788644] systemd[1]: Mounting Kernel Trace File System...
[    1.790572] systemd[1]: Starting Journal Service...
[    1.813631] systemd[1]: Starting Set the console keyboard layout...
[    1.821384] systemd[1]: Starting Create list of static device nodes for the current kernel...
[    1.823438] systemd[1]: Starting Load Kernel Module drm...
[    1.824530] systemd[1]: Condition check resulted in Set Up Additional Binary Formats being skipped.
[    1.824568] systemd[1]: Condition check resulted in File System Check on Root Device being skipped.
[    1.837083] systemd[1]: Starting Load Kernel Modules...
[    1.842396] systemd[1]: Starting Remount Root and Kernel File Systems...
[    1.853995] systemd[1]: Starting udev Coldplug all Devices...
[    1.862258] systemd[1]: Starting Uncomplicated firewall...
[    1.863659] EXT4-fs (sda2): re-mounted. Opts: errors=remount-ro
[    1.869311] systemd[1]: Mounted Huge Pages File System.
[    1.869395] systemd[1]: Mounted POSIX Message Queue File System.
[    1.869465] systemd[1]: Mounted Kernel Debug File System.
[    1.869533] systemd[1]: Mounted Kernel Trace File System.
[    1.902701] systemd[1]: Finished Create list of static device nodes for the current kernel.
[    1.902988] systemd[1]: modprobe@drm.service: Succeeded.
[    1.903381] systemd[1]: Finished Load Kernel Module drm.
[    1.909474] systemd[1]: Finished Remount Root and Kernel File Systems.
[    1.911485] lp: driver loaded but no devices found
[    1.912974] systemd[1]: Finished Uncomplicated firewall.
[    1.929561] systemd[1]: Condition check resulted in Rebuild Hardware Database being skipped.
[    1.929596] systemd[1]: Condition check resulted in Platform Persistent Storage Archival being skipped.
[    1.930259] systemd[1]: Starting Load/Save Random Seed...
[    1.935456] systemd[1]: Starting Create System Users...
[    1.940917] ppdev: user-space parallel port driver
[    1.951838] systemd[1]: Finished Load/Save Random Seed.
[    1.954007] systemd[1]: Finished Create System Users.
[    1.955458] systemd[1]: Starting Create Static Device Nodes in /dev...
[    1.981865] systemd[1]: Finished udev Coldplug all Devices.
[    2.016564] systemd[1]: Finished Create Static Device Nodes in /dev.
[    2.017341] systemd[1]: Starting udev Kernel Device Manager...
[    2.027174] [drm] DMA map mode: Caching DMA mappings.
[    2.027236] [drm] Capabilities:
[    2.027237] [drm]   Rect copy.
[    2.027237] [drm]   Cursor.
[    2.027237] [drm]   Cursor bypass.
[    2.027238] [drm]   Cursor bypass 2.
[    2.027238] [drm]   Alpha cursor.
[    2.027238] [drm]   Extended Fifo.
[    2.027239] [drm]   Pitchlock.
[    2.027239] [drm]   Irq mask.
[    2.027240] [drm]   GMR.
[    2.027240] [drm]   Traces.
[    2.027240] [drm]   GMR2.
[    2.027241] [drm]   Screen Object 2.
[    2.027241] [drm]   Command Buffers.
[    2.027241] [drm]   Command Buffers 2.
[    2.027242] [drm]   Guest Backed Resources.
[    2.027243] [drm] Max GMR ids is 8192
[    2.027243] [drm] Max number of GMR pages is 1048576
[    2.027244] [drm] Max dedicated hypervisor surface memory is 393216 kiB
[    2.027244] [drm] Maximum display memory size is 131072 kiB
[    2.027245] [drm] VRAM at 0xe0000000 size is 131072 kiB
[    2.027246] [drm] MMIO at 0xf0000000 size is 2048 kiB
[    2.046941] [TTM] Zone  kernel: Available graphics memory: 1011744 KiB
[    2.046942] [TTM] Initializing pool allocator
[    2.046948] [TTM] Initializing DMA pool allocator
[    2.046977] [drm] Supports vblank timestamp caching Rev 2 (21.10.2013).
[    2.046977] [drm] No driver support for vblank timestamp query.
[    2.047189] [drm] Screen Target Display device initialized
[    2.047388] [drm] width 720
[    2.047397] [drm] height 400
[    2.047401] [drm] bpp 32
[    2.047932] [drm] Fifo max 0x00200000 min 0x00001000 cap 0x00000355
[    2.049030] [drm] Using command buffers with DMA pool.
[    2.049034] [drm] DX: no.
[    2.049034] [drm] Atomic: yes.
[    2.049034] [drm] SM4_1: no.
[    2.049053] [drm:vmw_host_log [vmwgfx]] *ERROR* Failed to send host log message.
[    2.049959] [drm:vmw_host_log [vmwgfx]] *ERROR* Failed to send host log message.
[    2.063022] fbcon: svgadrmfb (fb0) is primary device
[    2.071940] Console: switching to colour frame buffer device 100x37
[    2.074329] systemd[1]: Finished Set the console keyboard layout.
[    2.074430] systemd[1]: Reached target Local File Systems (Pre).
[    2.077346] systemd[1]: Mounting Mount unit for bare, revision 5...
[    2.078630] [drm] Initialized vmwgfx 2.15.0 20180704 for 0000:00:02.0 on minor 0
[    2.080461] systemd[1]: Mounting Mount unit for core18, revision 1705...
[    2.082678] systemd[1]: Mounting Mount unit for gnome-3-34-1804, revision 24...
[    2.097821] systemd[1]: Mounting Mount unit for gtk-common-themes, revision 1506...
[    2.123460] systemd[1]: Mounting Mount unit for gtk-common-themes, revision 1535...
[    2.127768] systemd[1]: Mounting Mount unit for snap-store, revision 433...
[    2.139987] systemd[1]: Mounting Mount unit for snapd, revision 25935...
[    2.145343] systemd[1]: Finished Load Kernel Modules.
[    2.146726] systemd[1]: Mounted Mount unit for bare, revision 5.
[    2.149016] systemd[1]: Mounting FUSE Control File System...
[    2.173392] systemd[1]: Mounting Kernel Configuration File System...
[    2.174373] systemd[1]: Starting Apply Kernel Variables...
[    2.175944] systemd[1]: Mounted FUSE Control File System.
[    2.176019] systemd[1]: Condition check resulted in VMware vmblock fuse mount being skipped.
[    2.193703] systemd[1]: Mounted Mount unit for gnome-3-34-1804, revision 24.
[    2.193794] systemd[1]: Mounted Kernel Configuration File System.
[    2.201610] systemd[1]: Mounted Mount unit for core18, revision 1705.
[    2.205025] systemd[1]: Finished Apply Kernel Variables.
[    2.213729] systemd[1]: Mounted Mount unit for gtk-common-themes, revision 1506.
[    2.213822] systemd[1]: Mounted Mount unit for gtk-common-themes, revision 1535.
[    2.219673] systemd[1]: Mounted Mount unit for snap-store, revision 433.
[    2.221737] systemd[1]: Mounted Mount unit for snapd, revision 25935.
[    2.221803] systemd[1]: Reached target Local File Systems.
[    2.222901] systemd[1]: Starting Load AppArmor profiles...
[    2.225125] systemd[1]: Starting Set console font and keymap...
[    2.236984] systemd[1]: Starting Tell Plymouth To Write Out Runtime Data...
[    2.237006] systemd[1]: Condition check resulted in Store a System Token in an EFI Variable being skipped.
[    2.237034] systemd[1]: Condition check resulted in Commit a transient machine-id on disk being skipped.
[    2.237137] systemd[1]: Started udev Kernel Device Manager.
[    2.255963] systemd[1]: Starting Show Plymouth Boot Screen...
[    2.257220] systemd[1]: Finished Set console font and keymap.
[    2.257463] systemd[1]: plymouth-read-write.service: Succeeded.
[    2.265138] systemd[1]: Finished Tell Plymouth To Write Out Runtime Data.
[    2.265690] systemd[1]: Received SIGRTMIN+20 from PID 288 (plymouthd).
[    2.277229] systemd[1]: Started Show Plymouth Boot Screen.
[    2.277369] systemd[1]: Condition check resulted in Dispatch Password Requests to Console Directory Watch being skipped.
[    2.277450] systemd[1]: Started Forward Password Requests to Plymouth Directory Watch.
[    2.277481] systemd[1]: Reached target Local Encrypted Volumes.
[    2.292217] audit: type=1400 audit(1768926805.156:2): apparmor="STATUS" operation="profile_load" profile="unconfined" name="nvidia_modprobe" pid=299 comm="apparmor_parser"
[    2.292220] audit: type=1400 audit(1768926805.156:3): apparmor="STATUS" operation="profile_load" profile="unconfined" name="nvidia_modprobe//kmod" pid=299 comm="apparmor_parser"
[    2.301385] audit: type=1400 audit(1768926805.160:4): apparmor="STATUS" operation="profile_load" profile="unconfined" name="/usr/sbin/tcpdump" pid=300 comm="apparmor_parser"
[    2.337006] audit: type=1400 audit(1768926805.188:5): apparmor="STATUS" operation="profile_load" profile="unconfined" name="/usr/bin/evince" pid=302 comm="apparmor_parser"
[    2.337008] audit: type=1400 audit(1768926805.188:6): apparmor="STATUS" operation="profile_load" profile="unconfined" name="/usr/bin/evince//sanitized_helper" pid=302 comm="apparmor_parser"
[    2.337009] audit: type=1400 audit(1768926805.188:7): apparmor="STATUS" operation="profile_load" profile="unconfined" name="/usr/bin/evince-previewer" pid=302 comm="apparmor_parser"
[    2.337011] audit: type=1400 audit(1768926805.188:8): apparmor="STATUS" operation="profile_load" profile="unconfined" name="/usr/bin/evince-previewer//sanitized_helper" pid=302 comm="apparmor_parser"
[    2.337012] audit: type=1400 audit(1768926805.188:9): apparmor="STATUS" operation="profile_load" profile="unconfined" name="/usr/bin/evince-thumbnailer" pid=302 comm="apparmor_parser"
[    2.369784] audit: type=1400 audit(1768926805.232:10): apparmor="STATUS" operation="profile_load" profile="unconfined" name="/usr/lib/cups/backend/cups-pdf" pid=303 comm="apparmor_parser"
[    2.433394] systemd[1]: Finished Load AppArmor profiles.
[    2.434332] systemd[1]: Starting Load AppArmor profiles managed internally by snapd...
[    2.566516] systemd[1]: Finished Load AppArmor profiles managed internally by snapd.
[    2.757175] systemd[1]: Started Journal Service.
[    2.766430] systemd-journald[228]: Received client request to flush runtime journal.
[    2.769206] systemd-journald[228]: File /var/log/journal/c455b248004a419c87ce85eea238d727/system.journal corrupted or uncleanly shut down, renaming and replacing.
[    4.022449] RAPL PMU: API unit is 2^-32 Joules, 0 fixed counters, 10737418240 ms ovfl timer
[    4.103065] cryptd: max_cpu_qlen set to 1000
[    4.150569] AVX2 version of gcm_enc/dec engaged.
[    4.150570] AES CTR mode by8 optimization enabled
[    5.927739] Adding 1998844k swap on /dev/sda1.  Priority:-2 extents:1 across:1998844k FS
[    7.356141] kauditd_printk_skb: 30 callbacks suppressed
[    7.356143] audit: type=1400 audit(1768926810.216:41): apparmor="DENIED" operation="capable" profile="/usr/sbin/cups-browsed" pid=506 comm="cups-browsed" capability=23  capname="sys_nice"
[    8.380168] pcnet32 0000:00:03.0 enp0s3: link up, 100Mbps, full-duplex
[    8.400477] pcnet32 0000:00:08.0 enp0s8: link up, 100Mbps, full-duplex
[    8.437099] e1000: enp0s9 NIC Link is Up 1000 Mbps Full Duplex, Flow Control: RX
[    8.437389] IPv6: ADDRCONF(NETDEV_CHANGE): enp0s9: link becomes ready
[    8.948662] device enp0s8 entered promiscuous mode
[    8.960982] device enp0s3 entered promiscuous mode
[    8.998894] audit: type=1400 audit(1768926811.860:42): apparmor="DENIED" operation="open" profile="/usr/sbin/tcpdump" name="/proc/sys/kernel/random/boot_id" pid=632 comm="tcpdump" requested_mask="r" denied_mask="r" fsuid=0 ouid=0
[    8.999045] audit: type=1400 audit(1768926811.860:43): apparmor="DENIED" operation="open" profile="/usr/sbin/tcpdump" name="/proc/sys/kernel/random/boot_id" pid=631 comm="tcpdump" requested_mask="r" denied_mask="r" fsuid=0 ouid=0
[    9.000568] audit: type=1400 audit(1768926811.860:44): apparmor="DENIED" operation="open" profile="/usr/sbin/tcpdump" name="/proc/sys/kernel/random/boot_id" pid=631 comm="tcpdump" requested_mask="r" denied_mask="r" fsuid=0 ouid=0
[    9.000582] audit: type=1400 audit(1768926811.860:45): apparmor="DENIED" operation="open" profile="/usr/sbin/tcpdump" name="/proc/sys/kernel/random/boot_id" pid=632 comm="tcpdump" requested_mask="r" denied_mask="r" fsuid=0 ouid=0
[    9.000625] audit: type=1400 audit(1768926811.860:46): apparmor="DENIED" operation="open" profile="/usr/sbin/tcpdump" name="/proc/sys/kernel/random/boot_id" pid=631 comm="tcpdump" requested_mask="r" denied_mask="r" fsuid=0 ouid=0
[    9.001065] audit: type=1400 audit(1768926811.864:47): apparmor="DENIED" operation="open" profile="/usr/sbin/tcpdump" name="/proc/sys/kernel/random/boot_id" pid=632 comm="tcpdump" requested_mask="r" denied_mask="r" fsuid=0 ouid=0
[    9.001173] audit: type=1400 audit(1768926811.864:48): apparmor="DENIED" operation="open" profile="/usr/sbin/tcpdump" name="/proc/sys/kernel/random/boot_id" pid=631 comm="tcpdump" requested_mask="r" denied_mask="r" fsuid=0 ouid=0
[    9.001714] audit: type=1400 audit(1768926811.864:49): apparmor="DENIED" operation="open" profile="/usr/sbin/tcpdump" name="/proc/sys/kernel/random/boot_id" pid=632 comm="tcpdump" requested_mask="r" denied_mask="r" fsuid=0 ouid=0
[    9.004712] audit: type=1400 audit(1768926811.868:50): apparmor="DENIED" operation="open" profile="/usr/sbin/tcpdump" name="/proc/sys/kernel/random/boot_id" pid=634 comm="tcpdump" requested_mask="r" denied_mask="r" fsuid=0 ouid=0
[   14.917961] rfkill: input handler disabled
[  311.938197] AAAAA-TCP_FORW: name:enp0s8: saddr:100932208: daddr:16783984
[  311.940127] AAAAA-TCP_FORW: name:enp0s3: saddr:16783984: daddr:100932208
[  313.567573] AAAAA-TCP_FORW: name:enp0s8: saddr:100932208: daddr:16783984
[  313.568437] AAAAA-TCP_FORW: name:enp0s3: saddr:16783984: daddr:100932208
[  313.752949] AAAAA-TCP_FORW: name:enp0s8: saddr:100932208: daddr:16783984
[  313.753967] AAAAA-TCP_FORW: name:enp0s3: saddr:16783984: daddr:100932208
[  313.914176] AAAAA-TCP_FORW: name:enp0s8: saddr:100932208: daddr:16783984
[  313.915181] AAAAA-TCP_FORW: name:enp0s3: saddr:16783984: daddr:100932208
[  314.078276] AAAAA-TCP_FORW: name:enp0s8: saddr:100932208: daddr:16783984
[  314.079189] AAAAA-TCP_FORW: name:enp0s3: saddr:16783984: daddr:100932208
[  314.203363] AAAAA-TCP_FORW: name:enp0s8: saddr:100932208: daddr:16783984
[  314.204206] AAAAA-TCP_FORW: name:enp0s3: saddr:16783984: daddr:100932208
[  314.329132] AAAAA-TCP_FORW: name:enp0s8: saddr:100932208: daddr:16783984
[  314.330594] AAAAA-TCP_FORW: name:enp0s3: saddr:16783984: daddr:100932208
[  314.632302] AAAAA-TCP_FORW: name:enp0s8: saddr:100932208: daddr:16783984
[  314.633821] AAAAA-TCP_FORW: name:enp0s3: saddr:16783984: daddr:100932208
[  314.725209] AAAAA-TCP_FORW: name:enp0s8: saddr:100932208: daddr:16783984
[  314.726490] AAAAA-TCP_FORW: name:enp0s3: saddr:16783984: daddr:100932208
[  314.783273] AAAAA-TCP_FORW: name:enp0s8: saddr:100932208: daddr:16783984
[  314.784069] AAAAA-TCP_FORW: name:enp0s3: saddr:16783984: daddr:100932208
[  314.863368] AAAAA-TCP_FORW: name:enp0s8: saddr:100932208: daddr:16783984
[  314.864677] AAAAA-TCP_FORW: name:enp0s3: saddr:16783984: daddr:100932208
[  314.934473] AAAAA-TCP_FORW: name:enp0s8: saddr:100932208: daddr:16783984
[  314.935318] AAAAA-TCP_FORW: name:enp0s3: saddr:16783984: daddr:100932208
[  315.026575] AAAAA-TCP_FORW: name:enp0s8: saddr:100932208: daddr:16783984
[  315.027398] AAAAA-TCP_FORW: name:enp0s3: saddr:16783984: daddr:100932208
[  315.084748] AAAAA-TCP_FORW: name:enp0s8: saddr:100932208: daddr:16783984
[  315.085569] AAAAA-TCP_FORW: name:enp0s3: saddr:16783984: daddr:100932208
[  315.157515] AAAAA-TCP_FORW: name:enp0s8: saddr:100932208: daddr:16783984
[  315.158450] AAAAA-TCP_FORW: name:enp0s3: saddr:16783984: daddr:100932208
[  315.294209] AAAAA-TCP_FORW: name:enp0s8: saddr:100932208: daddr:16783984
[  315.295081] AAAAA-TCP_FORW: name:enp0s3: saddr:16783984: daddr:100932208
[  315.381587] AAAAA-TCP_FORW: name:enp0s8: saddr:100932208: daddr:16783984
[  315.383057] AAAAA-TCP_FORW: name:enp0s3: saddr:16783984: daddr:100932208
[  315.465694] AAAAA-TCP_FORW: name:enp0s8: saddr:100932208: daddr:16783984
[  315.467079] AAAAA-TCP_FORW: name:enp0s3: saddr:16783984: daddr:100932208
[  500.211502] rfkill: input handler enabled
[  509.006906] rfkill: input handler disabled
[  672.051642] device enp0s3 left promiscuous mode
[  672.052917] device enp0s8 left promiscuous mode
