[    0.000000] Linux version 5.4.243-tcp (root@ztg) (gcc version 12.2.0 (Debian 12.2.0-14)) #1 SMP Fri Apr 12 08:27:09 CST 2024
[    0.000000] Command line: BOOT_IMAGE=/boot/vmlinuz-5.4.243-tcp root=UUID=98415a12-53b7-4144-8265-0f7ece09e445 ro quiet splash
[    0.000000] KERNEL supported cpus:
[    0.000000]   Intel GenuineIntel
[    0.000000]   AMD AuthenticAMD
[    0.000000]   Hygon HygonGenuine
[    0.000000]   Centaur CentaurHauls
[    0.000000]   zhaoxin   Shanghai  
[    0.000000] x86/fpu: Supporting XSAVE feature 0x001: 'x87 floating point registers'
[    0.000000] x86/fpu: Supporting XSAVE feature 0x002: 'SSE registers'
[    0.000000] x86/fpu: Supporting XSAVE feature 0x004: 'AVX registers'
[    0.000000] x86/fpu: xstate_offset[2]:  576, xstate_sizes[2]:  256
[    0.000000] x86/fpu: Enabled xstate features 0x7, context size is 832 bytes, using 'standard' format.
[    0.000000] BIOS-provided physical RAM map:
[    0.000000] BIOS-e820: [mem 0x0000000000000000-0x000000000009fbff] usable
[    0.000000] BIOS-e820: [mem 0x000000000009fc00-0x000000000009ffff] reserved
[    0.000000] BIOS-e820: [mem 0x00000000000f0000-0x00000000000fffff] reserved
[    0.000000] BIOS-e820: [mem 0x0000000000100000-0x000000007ffeffff] usable
[    0.000000] BIOS-e820: [mem 0x000000007fff0000-0x000000007fffffff] ACPI data
[    0.000000] BIOS-e820: [mem 0x00000000fec00000-0x00000000fec00fff] reserved
[    0.000000] BIOS-e820: [mem 0x00000000fee00000-0x00000000fee00fff] reserved
[    0.000000] BIOS-e820: [mem 0x00000000fffc0000-0x00000000ffffffff] reserved
[    0.000000] NX (Execute Disable) protection: active
[    0.000000] SMBIOS 2.5 present.
[    0.000000] DMI: innotek GmbH VirtualBox/VirtualBox, BIOS VirtualBox 12/01/2006
[    0.000000] Hypervisor detected: KVM
[    0.000000] kvm-clock: Using msrs 4b564d01 and 4b564d00
[    0.000000] kvm-clock: cpu 0, msr 1f201001, primary cpu clock
[    0.000000] kvm-clock: using sched offset of 4479744540 cycles
[    0.000003] clocksource: kvm-clock: mask: 0xffffffffffffffff max_cycles: 0x1cd42e4dffb, max_idle_ns: 881590591483 ns
[    0.000005] tsc: Detected 2100.000 MHz processor
[    0.001880] e820: update [mem 0x00000000-0x00000fff] usable ==> reserved
[    0.001882] e820: remove [mem 0x000a0000-0x000fffff] usable
[    0.001887] last_pfn = 0x7fff0 max_arch_pfn = 0x400000000
[    0.001956] MTRR default type: uncachable
[    0.001956] MTRR fixed ranges enabled:
[    0.001958]   00000-9FFFF write-back
[    0.001958]   A0000-BFFFF uncachable
[    0.001959]   C0000-FFFFF write-protect
[    0.001960] MTRR variable ranges enabled:
[    0.001961]   0 base 000000000000 mask 3FFF80000000 write-back
[    0.001962]   1 disabled
[    0.001962]   2 disabled
[    0.001963]   3 disabled
[    0.001963]   4 disabled
[    0.001964]   5 disabled
[    0.001964]   6 disabled
[    0.001964]   7 disabled
[    0.001965]   8 disabled
[    0.001965]   9 disabled
[    0.001966]   10 disabled
[    0.001966]   11 disabled
[    0.001967]   12 disabled
[    0.001967]   13 disabled
[    0.001967]   14 disabled
[    0.001968]   15 disabled
[    0.001984] x86/PAT: Configuration [0-7]: WB  WC  UC- UC  WB  WP  UC- WT  
[    0.002117] found SMP MP-table at [mem 0x0009fff0-0x0009ffff]
[    0.093542] check: Scanning 1 areas for low memory corruption
[    0.093689] RAMDISK: [mem 0x32275000-0x35131fff]
[    0.093698] ACPI: Early table checksum verification disabled
[    0.093703] ACPI: RSDP 0x00000000000E0000 000024 (v02 VBOX  )
[    0.093708] ACPI: XSDT 0x000000007FFF0030 00003C (v01 VBOX   VBOXXSDT 00000001 ASL  00000061)
[    0.093714] ACPI: FACP 0x000000007FFF00F0 0000F4 (v04 VBOX   VBOXFACP 00000001 ASL  00000061)
[    0.093721] ACPI: DSDT 0x000000007FFF02E0 002353 (v02 VBOX   VBOXBIOS 00000002 VBOX 00029BF3)
[    0.093725] ACPI: FACS 0x000000007FFF0200 000040
[    0.093728] ACPI: FACS 0x000000007FFF0200 000040
[    0.093731] ACPI: APIC 0x000000007FFF0240 000054 (v02 VBOX   VBOXAPIC 00000001 ASL  00000061)
[    0.093734] ACPI: SSDT 0x000000007FFF02A0 000038 (v01 VBOX   VBOXCPUT 00000002 VBOX 00029BF3)
[    0.093738] ACPI: Reserving FACP table memory at [mem 0x7fff00f0-0x7fff01e3]
[    0.093739] ACPI: Reserving DSDT table memory at [mem 0x7fff02e0-0x7fff2632]
[    0.093739] ACPI: Reserving FACS table memory at [mem 0x7fff0200-0x7fff023f]
[    0.093740] ACPI: Reserving FACS table memory at [mem 0x7fff0200-0x7fff023f]
[    0.093741] ACPI: Reserving APIC table memory at [mem 0x7fff0240-0x7fff0293]
[    0.093741] ACPI: Reserving SSDT table memory at [mem 0x7fff02a0-0x7fff02d7]
[    0.093755] ACPI: Local APIC address 0xfee00000
[    0.093945] No NUMA configuration found
[    0.093946] Faking a node at [mem 0x0000000000000000-0x000000007ffeffff]
[    0.093957] NODE_DATA(0) allocated [mem 0x7ffc5000-0x7ffeffff]
[    0.094217] Zone ranges:
[    0.094218]   DMA      [mem 0x0000000000001000-0x0000000000ffffff]
[    0.094220]   DMA32    [mem 0x0000000001000000-0x000000007ffeffff]
[    0.094220]   Normal   empty
[    0.094221]   Device   empty
[    0.094222] Movable zone start for each node
[    0.094224] Early memory node ranges
[    0.094225]   node   0: [mem 0x0000000000001000-0x000000000009efff]
[    0.094225]   node   0: [mem 0x0000000000100000-0x000000007ffeffff]
[    0.094228] Zeroed struct page in unavailable ranges: 114 pages
[    0.094229] Initmem setup node 0 [mem 0x0000000000001000-0x000000007ffeffff]
[    0.094230] On node 0 totalpages: 524174
[    0.094232]   DMA zone: 64 pages used for memmap
[    0.094232]   DMA zone: 21 pages reserved
[    0.094233]   DMA zone: 3998 pages, LIFO batch:0
[    0.094303]   DMA32 zone: 8128 pages used for memmap
[    0.094304]   DMA32 zone: 520176 pages, LIFO batch:63
[    0.103260] ACPI: PM-Timer IO Port: 0x4008
[    0.103264] ACPI: Local APIC address 0xfee00000
[    0.103337] IOAPIC[0]: apic_id 1, version 32, address 0xfec00000, GSI 0-23
[    0.103341] ACPI: INT_SRC_OVR (bus 0 bus_irq 0 global_irq 2 dfl dfl)
[    0.103342] ACPI: INT_SRC_OVR (bus 0 bus_irq 9 global_irq 9 low level)
[    0.103344] ACPI: IRQ0 used by override.
[    0.103345] ACPI: IRQ9 used by override.
[    0.103347] Using ACPI (MADT) for SMP configuration information
[    0.103355] smpboot: Allowing 1 CPUs, 0 hotplug CPUs
[    0.103377] PM: Registered nosave memory: [mem 0x00000000-0x00000fff]
[    0.103379] PM: Registered nosave memory: [mem 0x0009f000-0x0009ffff]
[    0.103379] PM: Registered nosave memory: [mem 0x000a0000-0x000effff]
[    0.103380] PM: Registered nosave memory: [mem 0x000f0000-0x000fffff]
[    0.103382] [mem 0x80000000-0xfebfffff] available for PCI devices
[    0.103383] Booting paravirtualized kernel on KVM
[    0.103385] clocksource: refined-jiffies: mask: 0xffffffff max_cycles: 0xffffffff, max_idle_ns: 7645519600211568 ns
[    0.103390] setup_percpu: NR_CPUS:8192 nr_cpumask_bits:1 nr_cpu_ids:1 nr_node_ids:1
[    0.104435] percpu: Embedded 60 pages/cpu s208896 r8192 d28672 u2097152
[    0.104440] pcpu-alloc: s208896 r8192 d28672 u2097152 alloc=1*2097152
[    0.104441] pcpu-alloc: [0] 0 
[    0.104468] Built 1 zonelists, mobility grouping on.  Total pages: 515961
[    0.104469] Policy zone: DMA32
[    0.104470] Kernel command line: BOOT_IMAGE=/boot/vmlinuz-5.4.243-tcp root=UUID=98415a12-53b7-4144-8265-0f7ece09e445 ro quiet splash
[    0.105409] Dentry cache hash table entries: 262144 (order: 9, 2097152 bytes, linear)
[    0.105559] Inode-cache hash table entries: 131072 (order: 8, 1048576 bytes, linear)
[    0.105609] mem auto-init: stack:off, heap alloc:on, heap free:off
[    0.105612] Calgary: detecting Calgary via BIOS EBDA area
[    0.105613] Calgary: Unable to locate Rio Grande table in EBDA - bailing!
[    0.109759] Memory: 1967340K/2096696K available (14339K kernel code, 2392K rwdata, 4692K rodata, 2720K init, 17272K bss, 129356K reserved, 0K cma-reserved)
[    0.110696] SLUB: HWalign=64, Order=0-3, MinObjects=0, CPUs=1, Nodes=1
[    0.110714] ftrace: allocating 42894 entries in 168 pages
[    0.128619] rcu: Hierarchical RCU implementation.
[    0.128621] rcu: 	RCU restricting CPUs from NR_CPUS=8192 to nr_cpu_ids=1.
[    0.128622] 	Tasks RCU enabled.
[    0.128623] rcu: RCU calculated value of scheduler-enlistment delay is 25 jiffies.
[    0.128624] rcu: Adjusting geometry for rcu_fanout_leaf=16, nr_cpu_ids=1
[    0.131573] NR_IRQS: 524544, nr_irqs: 256, preallocated irqs: 16
[    0.131794] random: crng init done
[    0.141144] Console: colour VGA+ 80x25
[    0.141149] printk: console [tty0] enabled
[    0.141172] ACPI: Core revision 20190816
[    0.141324] APIC: Switch to symmetric I/O mode setup
[    0.141578] x2apic enabled
[    0.141820] Switched APIC routing to physical x2apic.
[    0.142967] ..TIMER: vector=0x30 apic1=0 pin1=2 apic2=-1 pin2=-1
[    0.142992] clocksource: tsc-early: mask: 0xffffffffffffffff max_cycles: 0x1e4530a99b6, max_idle_ns: 440795257976 ns
[    0.142999] Calibrating delay loop (skipped) preset value.. 4200.00 BogoMIPS (lpj=8400000)
[    0.143001] pid_max: default: 32768 minimum: 301
[    0.143030] LSM: Security Framework initializing
[    0.143040] Yama: becoming mindful.
[    0.143068] AppArmor: AppArmor initialized
[    0.143102] Mount-cache hash table entries: 4096 (order: 3, 32768 bytes, linear)
[    0.143107] Mountpoint-cache hash table entries: 4096 (order: 3, 32768 bytes, linear)
[    0.143117] *** VALIDATE tmpfs ***
[    0.143247] *** VALIDATE proc ***
[    0.143288] *** VALIDATE cgroup1 ***
[    0.143289] *** VALIDATE cgroup2 ***
[    0.143434] process: using mwait in idle threads
[    0.143439] Last level iTLB entries: 4KB 64, 2MB 8, 4MB 8
[    0.143440] Last level dTLB entries: 4KB 64, 2MB 0, 4MB 0, 1GB 4
[    0.143459] Spectre V1 : Mitigation: usercopy/swapgs barriers and __user pointer sanitization
[    0.143465] Spectre V2 : Mitigation: Retpolines
[    0.143465] Spectre V2 : Spectre v2 / SpectreRSB mitigation: Filling RSB on context switch
[    0.143466] Spectre V2 : Spectre v2 / SpectreRSB : Filling RSB on VMEXIT
[    0.143467] RETBleed: WARNING: Spectre v2 mitigation leaves CPU vulnerable to RETBleed attacks, data leaks possible!
[    0.143825] RETBleed: Vulnerable
[    0.143825] Speculative Store Bypass: Vulnerable
[    0.143830] TAA: Mitigation: TSX disabled
[    0.143830] MMIO Stale Data: Mitigation: Clear CPU buffers
[    0.148055] Freeing SMP alternatives memory: 40K
[    0.259902] smpboot: CPU0: Intel(R) Xeon(R) Silver 4216 CPU @ 2.10GHz (family: 0x6, model: 0x55, stepping: 0x7)
[    0.260045] Performance Events: unsupported p6 CPU model 85 no PMU driver, software events only.
[    0.260083] rcu: Hierarchical SRCU implementation.
[    0.260574] NMI watchdog: Perf NMI watchdog permanently disabled
[    0.260613] smp: Bringing up secondary CPUs ...
[    0.260614] smp: Brought up 1 node, 1 CPU
[    0.260615] smpboot: Max logical packages: 1
[    0.260617] smpboot: Total of 1 processors activated (4200.00 BogoMIPS)
[    0.261688] devtmpfs: initialized
[    0.261748] x86/mm: Memory block size: 128MB
[    0.262139] clocksource: jiffies: mask: 0xffffffff max_cycles: 0xffffffff, max_idle_ns: 7645041785100000 ns
[    0.262144] futex hash table entries: 256 (order: 2, 16384 bytes, linear)
[    0.262200] pinctrl core: initialized pinctrl subsystem
[    0.262322] PM: RTC time: 11:53:37, date: 2026-01-20
[    0.262444] NET: Registered protocol family 16
[    0.262544] audit: initializing netlink subsys (disabled)
[    0.262701] EISA bus registered
[    0.262703] cpuidle: using governor ladder
[    0.262703] cpuidle: using governor menu
[    0.262747] ACPI: bus type PCI registered
[    0.262748] acpiphp: ACPI Hot Plug PCI Controller Driver version: 0.5
[    0.262865] PCI: Using configuration type 1 for base access
[    0.263717] audit: type=2000 audit(1768881223.834:1): state=initialized audit_enabled=0 res=1
[    0.263809] HugeTLB registered 2.00 MiB page size, pre-allocated 0 pages
[    0.264783] ACPI: Added _OSI(Module Device)
[    0.264783] ACPI: Added _OSI(Processor Device)
[    0.264784] ACPI: Added _OSI(3.0 _SCP Extensions)
[    0.264784] ACPI: Added _OSI(Processor Aggregator Device)
[    0.264785] ACPI: Added _OSI(Linux-Dell-Video)
[    0.264786] ACPI: Added _OSI(Linux-Lenovo-NV-HDMI-Audio)
[    0.264787] ACPI: Added _OSI(Linux-HPI-Hybrid-Graphics)
[    0.267040] ACPI: 2 ACPI AML tables successfully acquired and loaded
[    0.268798] ACPI: Interpreter enabled
[    0.268808] ACPI: (supports S0 S5)
[    0.268809] ACPI: Using IOAPIC for interrupt routing
[    0.269032] PCI: Using host bridge windows from ACPI; if necessary, use "pci=nocrs" and report a bug
[    0.269153] ACPI: Enabled 2 GPEs in block 00 to 07
[    0.275385] ACPI: PCI Root Bridge [PCI0] (domain 0000 [bus 00-ff])
[    0.275392] acpi PNP0A03:00: _OSC: OS supports [ASPM ClockPM Segments MSI HPX-Type3]
[    0.276000] acpi PNP0A03:00: _OSC: not requesting OS control; OS requires [ExtendedConfig ASPM ClockPM MSI]
[    0.276010] acpi PNP0A03:00: fail to add MMCONFIG information, can't access extended PCI configuration space under this bridge.
[    0.276428] PCI host bridge to bus 0000:00
[    0.276431] pci_bus 0000:00: root bus resource [io  0x0000-0x0cf7 window]
[    0.276433] pci_bus 0000:00: root bus resource [io  0x0d00-0xffff window]
[    0.276434] pci_bus 0000:00: root bus resource [mem 0x000a0000-0x000bffff window]
[    0.276435] pci_bus 0000:00: root bus resource [mem 0x80000000-0xfdffffff window]
[    0.276436] pci_bus 0000:00: root bus resource [bus 00-ff]
[    0.276491] pci 0000:00:00.0: [8086:1237] type 00 class 0x060000
[    0.277522] pci 0000:00:01.0: [8086:7000] type 00 class 0x060100
[    0.278369] pci 0000:00:01.1: [8086:7111] type 00 class 0x01018a
[    0.278768] pci 0000:00:01.1: reg 0x20: [io  0xd000-0xd00f]
[    0.278920] pci 0000:00:01.1: legacy IDE quirk: reg 0x10: [io  0x01f0-0x01f7]
[    0.278921] pci 0000:00:01.1: legacy IDE quirk: reg 0x14: [io  0x03f6]
[    0.278922] pci 0000:00:01.1: legacy IDE quirk: reg 0x18: [io  0x0170-0x0177]
[    0.278923] pci 0000:00:01.1: legacy IDE quirk: reg 0x1c: [io  0x0376]
[    0.279511] pci 0000:00:02.0: [15ad:0405] type 00 class 0x030000
[    0.282959] pci 0000:00:02.0: reg 0x10: [io  0xd010-0xd01f]
[    0.284978] pci 0000:00:02.0: reg 0x14: [mem 0xe0000000-0xe7ffffff pref]
[    0.288949] pci 0000:00:02.0: reg 0x18: [mem 0xf0000000-0xf01fffff]
[    0.299844] pci 0000:00:03.0: [1022:2000] type 00 class 0x020000
[    0.300636] pci 0000:00:03.0: reg 0x10: [io  0xd020-0xd03f]
[    0.301320] pci 0000:00:03.0: reg 0x14: [mem 0xf0200000-0xf0200fff]
[    0.305530] pci 0000:00:04.0: [80ee:cafe] type 00 class 0x088000
[    0.306261] pci 0000:00:04.0: reg 0x10: [io  0xd040-0xd05f]
[    0.306907] pci 0000:00:04.0: reg 0x14: [mem 0xf0400000-0xf07fffff]
[    0.307624] pci 0000:00:04.0: reg 0x18: [mem 0xf0800000-0xf0803fff pref]
[    0.311040] pci 0000:00:07.0: [8086:7113] type 00 class 0x068000
[    0.311577] pci 0000:00:07.0: quirk: [io  0x4000-0x403f] claimed by PIIX4 ACPI
[    0.311588] pci 0000:00:07.0: quirk: [io  0x4100-0x410f] claimed by PIIX4 SMB
[    0.312211] pci 0000:00:08.0: [8086:100e] type 00 class 0x020000
[    0.312959] pci 0000:00:08.0: reg 0x10: [mem 0xf0820000-0xf083ffff]
[    0.314201] pci 0000:00:08.0: reg 0x18: [io  0xd060-0xd067]
[    0.317272] pci 0000:00:09.0: [8086:100e] type 00 class 0x020000
[    0.319089] pci 0000:00:09.0: reg 0x10: [mem 0xf0840000-0xf085ffff]
[    0.320351] pci 0000:00:09.0: reg 0x18: [io  0xd068-0xd06f]
[    0.331161] ACPI: PCI Interrupt Link [LNKA] (IRQs 5 9 10 *11)
[    0.331445] ACPI: PCI Interrupt Link [LNKB] (IRQs 5 9 *10 11)
[    0.331549] ACPI: PCI Interrupt Link [LNKC] (IRQs 5 *9 10 11)
[    0.331652] ACPI: PCI Interrupt Link [LNKD] (IRQs 5 9 10 *11)
[    0.331927] iommu: Default domain type: Translated 
[    0.331988] pci 0000:00:02.0: vgaarb: setting as boot VGA device
[    0.331990] pci 0000:00:02.0: vgaarb: VGA device added: decodes=io+mem,owns=io+mem,locks=none
[    0.331992] pci 0000:00:02.0: vgaarb: bridge control possible
[    0.331993] vgaarb: loaded
[    0.332207] SCSI subsystem initialized
[    0.332241] libata version 3.00 loaded.
[    0.332268] ACPI: bus type USB registered
[    0.332282] usbcore: registered new interface driver usbfs
[    0.332288] usbcore: registered new interface driver hub
[    0.332293] usbcore: registered new device driver usb
[    0.332323] pps_core: LinuxPPS API ver. 1 registered
[    0.332323] pps_core: Software ver. 5.3.6 - Copyright 2005-2007 Rodolfo Giometti <giometti@linux.it>
[    0.332325] PTP clock support registered
[    0.332363] EDAC MC: Ver: 3.0.0
[    0.332654] PCI: Using ACPI for IRQ routing
[    0.332656] PCI: pci_cache_line_size set to 64 bytes
[    0.332846] e820: reserve RAM buffer [mem 0x0009fc00-0x0009ffff]
[    0.332850] e820: reserve RAM buffer [mem 0x7fff0000-0x7fffffff]
[    0.332977] NetLabel: Initializing
[    0.332978] NetLabel:  domain hash size = 128
[    0.332978] NetLabel:  protocols = UNLABELED CIPSOv4 CALIPSO
[    0.332997] NetLabel:  unlabeled traffic allowed by default
[    0.334582] clocksource: Switched to clocksource kvm-clock
[    0.345797] *** VALIDATE bpf ***
[    0.345855] VFS: Disk quotas dquot_6.6.0
[    0.345868] VFS: Dquot-cache hash table entries: 512 (order 0, 4096 bytes)
[    0.345892] *** VALIDATE ramfs ***
[    0.345895] *** VALIDATE hugetlbfs ***
[    0.345976] AppArmor: AppArmor Filesystem Enabled
[    0.346004] pnp: PnP ACPI init
[    0.346072] pnp 00:00: Plug and Play ACPI device, IDs PNP0303 (active)
[    0.346141] pnp 00:01: Plug and Play ACPI device, IDs PNP0f03 (active)
[    0.346889] pnp: PnP ACPI: found 2 devices
[    0.347285] thermal_sys: Registered thermal governor 'fair_share'
[    0.347285] thermal_sys: Registered thermal governor 'bang_bang'
[    0.347285] thermal_sys: Registered thermal governor 'step_wise'
[    0.347285] thermal_sys: Registered thermal governor 'user_space'
[    0.347285] thermal_sys: Registered thermal governor 'power_allocator'
[    0.352434] clocksource: acpi_pm: mask: 0xffffff max_cycles: 0xffffff, max_idle_ns: 2085701024 ns
[    0.352474] pci_bus 0000:00: resource 4 [io  0x0000-0x0cf7 window]
[    0.352475] pci_bus 0000:00: resource 5 [io  0x0d00-0xffff window]
[    0.352477] pci_bus 0000:00: resource 6 [mem 0x000a0000-0x000bffff window]
[    0.352478] pci_bus 0000:00: resource 7 [mem 0x80000000-0xfdffffff window]
[    0.352534] NET: Registered protocol family 2
[    0.352612] IP idents hash table entries: 32768 (order: 6, 262144 bytes, linear)
[    0.352987] tcp_listen_portaddr_hash hash table entries: 1024 (order: 2, 16384 bytes, linear)
[    0.353067] TCP established hash table entries: 16384 (order: 5, 131072 bytes, linear)
[    0.353132] TCP bind hash table entries: 16384 (order: 6, 262144 bytes, linear)
[    0.353157] TCP: Hash tables configured (established 16384 bind 16384)
[    0.353213] UDP hash table entries: 1024 (order: 3, 32768 bytes, linear)
[    0.353224] UDP-Lite hash table entries: 1024 (order: 3, 32768 bytes, linear)
[    0.353254] NET: Registered protocol family 1
[    0.353262] NET: Registered protocol family 44
[    0.353288] pci 0000:00:00.0: Limiting direct PCI/PCI transfers
[    0.353301] pci 0000:00:01.0: Activating ISA DMA hang workarounds
[    0.353358] pci 0000:00:02.0: Video device with shadowed ROM at [mem 0x000c0000-0x000dffff]
[    0.353423] PCI: CLS 0 bytes, default 64
[    0.353473] Trying to unpack rootfs image as initramfs...
[    0.528049] Freeing initrd memory: 47860K
[    0.528049] clocksource: tsc: mask: 0xffffffffffffffff max_cycles: 0x1e4530a99b6, max_idle_ns: 440795257976 ns
[    0.528049] clocksource: Switched to clocksource tsc
[    0.528049] platform rtc_cmos: registered platform RTC device (no PNP device found)
[    0.528049] check: Scanning for low memory corruption every 60 seconds
[    0.528049] Initialise system trusted keyrings
[    0.528049] Key type blacklist registered
[    0.528049] workingset: timestamp_bits=36 max_order=19 bucket_order=0
[    0.528049] zbud: loaded
[    0.528049] squashfs: version 4.0 (2009/01/31) Phillip Lougher
[    0.528049] fuse: init (API version 7.31)
[    0.528049] *** VALIDATE fuse ***
[    0.528049] *** VALIDATE fuse ***
[    0.528049] Platform Keyring initialized
[    0.542847] Key type asymmetric registered
[    0.542849] Asymmetric key parser 'x509' registered
[    0.542859] Block layer SCSI generic (bsg) driver version 0.4 loaded (major 244)
[    0.542899] io scheduler mq-deadline registered
[    0.543005] shpchp: Standard Hot Plug PCI Controller Driver version: 0.4
[    0.543210] ACPI: AC Adapter [AC] (on-line)
[    0.543254] input: Power Button as /devices/LNXSYSTM:00/LNXPWRBN:00/input/input0
[    0.543285] ACPI: Power Button [PWRF]
[    0.543387] input: Sleep Button as /devices/LNXSYSTM:00/LNXSLPBN:00/input/input1
[    0.543401] ACPI: Sleep Button [SLPF]
[    0.543629] Serial: 8250/16550 driver, 32 ports, IRQ sharing enabled
[    0.544792] Linux agpgart interface v0.103
[    0.639254] loop: module loaded
[    0.639408] ata_piix 0000:00:01.1: version 2.13
[    0.639816] scsi host0: ata_piix
[    0.639912] scsi host1: ata_piix
[    0.639940] ata1: PATA max UDMA/33 cmd 0x1f0 ctl 0x3f6 bmdma 0xd000 irq 14
[    0.639941] ata2: PATA max UDMA/33 cmd 0x170 ctl 0x376 bmdma 0xd008 irq 15
[    0.640019] tun: Universal TUN/TAP device driver, 1.6
[    0.640328] PPP generic driver version 2.4.2
[    0.640373] VFIO - User Level meta-driver version: 0.3
[    0.640612] ehci_hcd: USB 2.0 'Enhanced' Host Controller (EHCI) Driver
[    0.640618] ehci-pci: EHCI PCI platform driver
[    0.640633] ehci-platform: EHCI generic platform driver
[    0.640638] ohci_hcd: USB 1.1 'Open' Host Controller (OHCI) Driver
[    0.640640] ohci-pci: OHCI PCI platform driver
[    0.640645] ohci-platform: OHCI generic platform driver
[    0.640650] uhci_hcd: USB Universal Host Controller Interface driver
[    0.640710] i8042: PNP: PS/2 Controller [PNP0303:PS2K,PNP0f03:PS2M] at 0x60,0x64 irq 1,12
[    0.641158] serio: i8042 KBD port at 0x60,0x64 irq 1
[    0.641162] serio: i8042 AUX port at 0x60,0x64 irq 12
[    0.641265] mousedev: PS/2 mouse device common for all mice
[    0.641521] input: AT Translated Set 2 keyboard as /devices/platform/i8042/serio0/input/input2
[    0.641923] rtc_cmos rtc_cmos: registered as rtc0
[    0.641936] rtc_cmos rtc_cmos: alarms up to one day, 114 bytes nvram
[    0.641941] i2c /dev entries driver
[    0.641987] device-mapper: uevent: version 1.0.3
[    0.642028] device-mapper: ioctl: 4.41.0-ioctl (2019-09-16) initialised: dm-devel@redhat.com
[    0.642046] platform eisa.0: Probing EISA bus 0
[    0.642048] platform eisa.0: EISA: Cannot allocate resource for mainboard
[    0.642049] platform eisa.0: Cannot allocate resource for EISA slot 1
[    0.642050] platform eisa.0: Cannot allocate resource for EISA slot 2
[    0.642051] platform eisa.0: Cannot allocate resource for EISA slot 3
[    0.642052] platform eisa.0: Cannot allocate resource for EISA slot 4
[    0.642053] platform eisa.0: Cannot allocate resource for EISA slot 5
[    0.642054] platform eisa.0: Cannot allocate resource for EISA slot 6
[    0.642054] platform eisa.0: Cannot allocate resource for EISA slot 7
[    0.642055] platform eisa.0: Cannot allocate resource for EISA slot 8
[    0.642056] platform eisa.0: EISA: Detected 0 cards
[    0.642059] intel_pstate: CPU model not supported
[    0.642068] ledtrig-cpu: registered to indicate activity on CPUs
[    0.642120] drop_monitor: Initializing network drop monitor service
[    0.642278] NET: Registered protocol family 10
[    0.647386] Segment Routing with IPv6
[    0.647386] NET: Registered protocol family 17
[    0.647386] Key type dns_resolver registered
[    0.647386] RAS: Correctable Errors collector initialized.
[    0.647386] IPI shorthand broadcast: enabled
[    0.647386] sched_clock: Marking stable (632175639, 11210568)->(646153636, -2767429)
[    0.647662] registered taskstats version 1
[    0.647673] Loading compiled-in X.509 certificates
[    0.648260] Loaded X.509 cert 'Build time autogenerated kernel key: 0a9e52cc6eb58eed9b63e328679db6d5d5216245'
[    0.648279] zswap: loaded using pool lzo/zbud
[    0.648334] Key type ._fscrypt registered
[    0.648335] Key type .fscrypt registered
[    0.652855] Key type big_key registered
[    0.655039] Key type encrypted registered
[    0.655042] AppArmor: AppArmor sha1 policy hashing enabled
[    0.655049] ima: No TPM chip found, activating TPM-bypass!
[    0.655053] ima: Allocated hash algorithm: sha1
[    0.655058] ima: No architecture policies found
[    0.655067] evm: Initialising EVM extended attributes:
[    0.655067] evm: security.selinux
[    0.655068] evm: security.SMACK64
[    0.655068] evm: security.SMACK64EXEC
[    0.655069] evm: security.SMACK64TRANSMUTE
[    0.655069] evm: security.SMACK64MMAP
[    0.655070] evm: security.apparmor
[    0.655070] evm: security.ima
[    0.655071] evm: security.capability
[    0.655071] evm: HMAC attrs: 0x1
[    0.655366] PM:   Magic number: 10:975:883
[    0.655499] rtc_cmos rtc_cmos: setting system clock to 2026-01-20T11:53:38 UTC (1768910018)
[    0.812486] ata1.00: ATA-6: VBOX HARDDISK, 1.0, max UDMA/133
[    0.812489] ata1.00: 209715200 sectors, multi 128: LBA 
[    0.813168] scsi 0:0:0:0: Direct-Access     ATA      VBOX HARDDISK    1.0  PQ: 0 ANSI: 5
[    0.813488] sd 0:0:0:0: [sda] 209715200 512-byte logical blocks: (107 GB/100 GiB)
[    0.813501] sd 0:0:0:0: [sda] Write Protect is off
[    0.813504] sd 0:0:0:0: [sda] Mode Sense: 00 3a 00 00
[    0.813524] sd 0:0:0:0: [sda] Write cache: enabled, read cache: enabled, doesn't support DPO or FUA
[    0.813854] sd 0:0:0:0: Attached scsi generic sg0 type 0
[    0.814727]  sda: sda1 sda2
[    0.823545] sd 0:0:0:0: [sda] Attached SCSI disk
[    0.828678] Freeing unused decrypted memory: 2040K
[    0.830042] Freeing unused kernel image memory: 2720K
[    0.830046] Write protecting the kernel read-only data: 22528k
[    0.831747] Freeing unused kernel image memory: 2036K
[    0.832640] Freeing unused kernel image memory: 1452K
[    0.867502] x86/mm: Checked W+X mappings: passed, no W+X pages found.
[    0.867508] Run /init as init process
[    0.964717] ACPI: Video Device [GFX0] (multi-head: yes  rom: no  post: no)
[    0.964789] input: Video Bus as /devices/LNXSYSTM:00/LNXSYBUS:00/PNP0A03:00/LNXVIDEO:00/input/input4
[    0.980077] pcnet32: pcnet32.c:v1.35 21.Apr.2008 tsbogend@alpha.franken.de
[    0.981816] piix4_smbus 0000:00:07.0: SMBus Host Controller at 0x4100, revision 0
[    0.984296] e1000: Intel(R) PRO/1000 Network Driver - version 7.3.21-k8-NAPI
[    0.984297] e1000: Copyright (c) 1999-2006 Intel Corporation.
[    0.994432] pcnet32: PCnet/FAST III 79C973 at 0xd020, 08:00:27:7f:a7:d6 assigned IRQ 19
[    0.994474] pcnet32: Found PHY 0022:561b at address 0
[    0.994777] pcnet32: eth0: registered as PCnet/FAST III 79C973
[    0.994799] pcnet32: 1 cards_found
[    1.049382] pcnet32 0000:00:03.0 enp0s3: renamed from eth0
[    1.194588] input: ImExPS/2 Generic Explorer Mouse as /devices/platform/i8042/serio1/input/input5
[    1.391745] e1000 0000:00:08.0 eth0: (PCI:33MHz:32-bit) 08:00:27:a6:4e:f7
[    1.391749] e1000 0000:00:08.0 eth0: Intel(R) PRO/1000 Network Connection
[    1.771540] e1000 0000:00:09.0 eth1: (PCI:33MHz:32-bit) 08:00:27:ea:bc:12
[    1.771543] e1000 0000:00:09.0 eth1: Intel(R) PRO/1000 Network Connection
[    1.772690] e1000 0000:00:09.0 enp0s9: renamed from eth1
[    1.774551] e1000 0000:00:08.0 enp0s8: renamed from eth0
[    1.916152] EXT4-fs (sda2): mounted filesystem with ordered data mode. Opts: (null)
[    1.997766] systemd[1]: Inserted module 'autofs4'
[    2.008768] systemd[1]: systemd 245.4-4ubuntu3 running in system mode. (+PAM +AUDIT +SELINUX +IMA +APPARMOR +SMACK +SYSVINIT +UTMP +LIBCRYPTSETUP +GCRYPT +GNUTLS +ACL +XZ +LZ4 +SECCOMP +BLKID +ELFUTILS +KMOD +IDN2 -IDN +PCRE2 default-hierarchy=hybrid)
[    2.008796] systemd[1]: Detected virtualization oracle.
[    2.008799] systemd[1]: Detected architecture x86-64.
[    2.010110] systemd[1]: Set hostname to <ztg>.
[    2.131680] systemd[1]: /lib/systemd/system/dbus.socket:5: ListenStream= references a path below legacy directory /var/run/, updating /var/run/dbus/system_bus_socket â†’ /run/dbus/system_bus_socket; please update the unit file accordingly.
[    2.182794] systemd[1]: Created slice system-modprobe.slice.
[    2.182984] systemd[1]: Created slice User and Session Slice.
[    2.183024] systemd[1]: Started Forward Password Requests to Wall Directory Watch.
[    2.183189] systemd[1]: Set up automount Arbitrary Executable File Formats File System Automount Point.
[    2.183221] systemd[1]: Reached target User and Group Name Lookups.
[    2.183229] systemd[1]: Reached target Remote File Systems.
[    2.183238] systemd[1]: Reached target Slices.
[    2.183774] systemd[1]: Listening on Syslog Socket.
[    2.183838] systemd[1]: Listening on fsck to fsckd communication Socket.
[    2.183875] systemd[1]: Listening on initctl Compatibility Named Pipe.
[    2.184010] systemd[1]: Listening on Journal Audit Socket.
[    2.184061] systemd[1]: Listening on Journal Socket (/dev/log).
[    2.184126] systemd[1]: Listening on Journal Socket.
[    2.184189] systemd[1]: Listening on udev Control Socket.
[    2.184227] systemd[1]: Listening on udev Kernel Socket.
[    2.184970] systemd[1]: Mounting Huge Pages File System...
[    2.185916] systemd[1]: Mounting POSIX Message Queue File System...
[    2.186766] systemd[1]: Mounting Kernel Debug File System...
[    2.187713] systemd[1]: Mounting Kernel Trace File System...
[    2.189622] systemd[1]: Starting Journal Service...
[    2.214290] systemd[1]: Starting Set the console keyboard layout...
[    2.222185] systemd[1]: Starting Create list of static device nodes for the current kernel...
[    2.224250] systemd[1]: Starting Load Kernel Module drm...
[    2.232591] systemd[1]: Condition check resulted in Set Up Additional Binary Formats being skipped.
[    2.232629] systemd[1]: Condition check resulted in File System Check on Root Device being skipped.
[    2.235434] systemd[1]: Starting Load Kernel Modules...
[    2.243701] systemd[1]: Starting Remount Root and Kernel File Systems...
[    2.254864] systemd[1]: Starting udev Coldplug all Devices...
[    2.265285] systemd[1]: Starting Uncomplicated firewall...
[    2.266907] systemd[1]: Mounted Huge Pages File System.
[    2.266996] systemd[1]: Mounted POSIX Message Queue File System.
[    2.267069] systemd[1]: Mounted Kernel Debug File System.
[    2.267139] systemd[1]: Mounted Kernel Trace File System.
[    2.267719] EXT4-fs (sda2): re-mounted. Opts: errors=remount-ro
[    2.289739] systemd[1]: Finished Create list of static device nodes for the current kernel.
[    2.290695] systemd[1]: modprobe@drm.service: Succeeded.
[    2.311311] systemd[1]: Finished Load Kernel Module drm.
[    2.312324] systemd[1]: Finished Remount Root and Kernel File Systems.
[    2.313610] systemd[1]: Finished Uncomplicated firewall.
[    2.329599] systemd[1]: Condition check resulted in Rebuild Hardware Database being skipped.
[    2.329679] systemd[1]: Condition check resulted in Platform Persistent Storage Archival being skipped.
[    2.331643] lp: driver loaded but no devices found
[    2.334146] systemd[1]: Starting Load/Save Random Seed...
[    2.345421] systemd[1]: Starting Create System Users...
[    2.346761] ppdev: user-space parallel port driver
[    2.352769] systemd[1]: Finished Load/Save Random Seed.
[    2.356052] systemd[1]: Finished Create System Users.
[    2.356817] systemd[1]: Starting Create Static Device Nodes in /dev...
[    2.393723] systemd[1]: Finished udev Coldplug all Devices.
[    2.395204] systemd[1]: Finished Create Static Device Nodes in /dev.
[    2.396128] systemd[1]: Starting udev Kernel Device Manager...
[    2.450776] [drm] DMA map mode: Caching DMA mappings.
[    2.450839] [drm] Capabilities:
[    2.450839] [drm]   Rect copy.
[    2.450840] [drm]   Cursor.
[    2.450840] [drm]   Cursor bypass.
[    2.450840] [drm]   Cursor bypass 2.
[    2.450841] [drm]   Alpha cursor.
[    2.450841] [drm]   Extended Fifo.
[    2.450841] [drm]   Pitchlock.
[    2.450842] [drm]   Irq mask.
[    2.450842] [drm]   GMR.
[    2.450842] [drm]   Traces.
[    2.450843] [drm]   GMR2.
[    2.450843] [drm]   Screen Object 2.
[    2.450843] [drm]   Command Buffers.
[    2.450844] [drm]   Command Buffers 2.
[    2.450844] [drm]   Guest Backed Resources.
[    2.450846] [drm] Max GMR ids is 8192
[    2.450846] [drm] Max number of GMR pages is 1048576
[    2.450847] [drm] Max dedicated hypervisor surface memory is 393216 kiB
[    2.450847] [drm] Maximum display memory size is 131072 kiB
[    2.450848] [drm] VRAM at 0xe0000000 size is 131072 kiB
[    2.450849] [drm] MMIO at 0xf0000000 size is 2048 kiB
[    2.455373] [TTM] Zone  kernel: Available graphics memory: 1011744 KiB
[    2.455374] [TTM] Initializing pool allocator
[    2.455377] [TTM] Initializing DMA pool allocator
[    2.455406] [drm] Supports vblank timestamp caching Rev 2 (21.10.2013).
[    2.455406] [drm] No driver support for vblank timestamp query.
[    2.455636] [drm] Screen Target Display device initialized
[    2.455849] [drm] width 720
[    2.455862] [drm] height 400
[    2.455865] [drm] bpp 32
[    2.456385] [drm] Fifo max 0x00200000 min 0x00001000 cap 0x00000355
[    2.457455] [drm] Using command buffers with DMA pool.
[    2.457459] [drm] DX: no.
[    2.457459] [drm] Atomic: yes.
[    2.457460] [drm] SM4_1: no.
[    2.457479] [drm:vmw_host_log [vmwgfx]] *ERROR* Failed to send host log message.
[    2.458375] [drm:vmw_host_log [vmwgfx]] *ERROR* Failed to send host log message.
[    2.472429] fbcon: svgadrmfb (fb0) is primary device
[    2.475257] Console: switching to colour frame buffer device 100x37
[    2.508308] [drm] Initialized vmwgfx 2.15.0 20180704 for 0000:00:02.0 on minor 0
[    2.509799] systemd[1]: Finished Load Kernel Modules.
[    2.511040] systemd[1]: Mounting FUSE Control File System...
[    2.512416] systemd[1]: Mounting Kernel Configuration File System...
[    2.513705] systemd[1]: Starting Apply Kernel Variables...
[    2.537280] systemd[1]: Finished Set the console keyboard layout.
[    2.537433] systemd[1]: Mounted FUSE Control File System.
[    2.537516] systemd[1]: Mounted Kernel Configuration File System.
[    2.537569] systemd[1]: Reached target Local File Systems (Pre).
[    2.537588] systemd[1]: Condition check resulted in VMware vmblock fuse mount being skipped.
[    2.542684] systemd[1]: Mounting Mount unit for bare, revision 5...
[    2.550266] systemd[1]: Mounting Mount unit for core18, revision 1705...
[    2.572438] systemd[1]: Mounting Mount unit for gnome-3-34-1804, revision 24...
[    2.586054] systemd[1]: Mounting Mount unit for gtk-common-themes, revision 1506...
[    2.591657] systemd[1]: Mounting Mount unit for gtk-common-themes, revision 1535...
[    2.602373] systemd[1]: Mounting Mount unit for snap-store, revision 433...
[    2.610826] systemd[1]: Mounting Mount unit for snapd, revision 7264...
[    2.611103] systemd[1]: Started udev Kernel Device Manager.
[    2.638268] systemd[1]: Finished Apply Kernel Variables.
[    2.644773] systemd[1]: Starting Show Plymouth Boot Screen...
[    2.647041] systemd[1]: Received SIGRTMIN+20 from PID 277 (plymouthd).
[    2.652220] systemd[1]: Mounted Mount unit for bare, revision 5.
[    2.652419] systemd[1]: Mounted Mount unit for core18, revision 1705.
[    2.667483] systemd[1]: Started Show Plymouth Boot Screen.
[    2.667626] systemd[1]: Condition check resulted in Dispatch Password Requests to Console Directory Watch being skipped.
[    2.667712] systemd[1]: Started Forward Password Requests to Plymouth Directory Watch.
[    2.667743] systemd[1]: Reached target Local Encrypted Volumes.
[    2.686711] systemd[1]: Mounted Mount unit for gnome-3-34-1804, revision 24.
[    2.734221] systemd[1]: Mounted Mount unit for gtk-common-themes, revision 1535.
[    2.771756] systemd[1]: Mounted Mount unit for snap-store, revision 433.
[    2.805084] systemd[1]: Mounted Mount unit for gtk-common-themes, revision 1506.
[    2.805386] systemd[1]: Mounted Mount unit for snapd, revision 7264.
[    2.805571] systemd[1]: Reached target Local File Systems.
[    2.808006] systemd[1]: Starting Load AppArmor profiles...
[    2.815824] systemd[1]: Starting Set console font and keymap...
[    2.828332] systemd[1]: Starting Tell Plymouth To Write Out Runtime Data...
[    2.828432] systemd[1]: Condition check resulted in Store a System Token in an EFI Variable being skipped.
[    2.828461] systemd[1]: Condition check resulted in Commit a transient machine-id on disk being skipped.
[    2.829403] systemd[1]: Finished Set console font and keymap.
[    2.833961] systemd[1]: Received SIGRTMIN+20 from PID 277 (plymouthd).
[    2.834574] systemd[1]: plymouth-read-write.service: Succeeded.
[    2.834862] systemd[1]: Finished Tell Plymouth To Write Out Runtime Data.
[    2.873446] audit: type=1400 audit(1768910020.712:2): apparmor="STATUS" operation="profile_load" profile="unconfined" name="nvidia_modprobe" pid=299 comm="apparmor_parser"
[    2.873448] audit: type=1400 audit(1768910020.712:3): apparmor="STATUS" operation="profile_load" profile="unconfined" name="nvidia_modprobe//kmod" pid=299 comm="apparmor_parser"
[    2.880177] audit: type=1400 audit(1768910020.720:4): apparmor="STATUS" operation="profile_load" profile="unconfined" name="/usr/sbin/tcpdump" pid=300 comm="apparmor_parser"
[    2.912823] audit: type=1400 audit(1768910020.744:5): apparmor="STATUS" operation="profile_load" profile="unconfined" name="/usr/bin/evince" pid=302 comm="apparmor_parser"
[    2.912825] audit: type=1400 audit(1768910020.744:6): apparmor="STATUS" operation="profile_load" profile="unconfined" name="/usr/bin/evince//sanitized_helper" pid=302 comm="apparmor_parser"
[    2.912826] audit: type=1400 audit(1768910020.744:7): apparmor="STATUS" operation="profile_load" profile="unconfined" name="/usr/bin/evince-previewer" pid=302 comm="apparmor_parser"
[    2.912828] audit: type=1400 audit(1768910020.744:8): apparmor="STATUS" operation="profile_load" profile="unconfined" name="/usr/bin/evince-previewer//sanitized_helper" pid=302 comm="apparmor_parser"
[    2.912829] audit: type=1400 audit(1768910020.744:9): apparmor="STATUS" operation="profile_load" profile="unconfined" name="/usr/bin/evince-thumbnailer" pid=302 comm="apparmor_parser"
[    2.951622] audit: type=1400 audit(1768910020.792:10): apparmor="STATUS" operation="profile_load" profile="unconfined" name="/usr/lib/cups/backend/cups-pdf" pid=303 comm="apparmor_parser"
[    3.016289] systemd[1]: Finished Load AppArmor profiles.
[    3.017258] systemd[1]: Starting Load AppArmor profiles managed internally by snapd...
[    3.084859] systemd[1]: Finished Load AppArmor profiles managed internally by snapd.
[    3.194417] systemd[1]: Started Journal Service.
[    3.201111] systemd-journald[228]: Received client request to flush runtime journal.
[    3.206025] systemd-journald[228]: File /var/log/journal/c455b248004a419c87ce85eea238d727/system.journal corrupted or uncleanly shut down, renaming and replacing.
[    4.532427] RAPL PMU: API unit is 2^-32 Joules, 0 fixed counters, 10737418240 ms ovfl timer
[    4.613494] cryptd: max_cpu_qlen set to 1000
[    4.674192] AVX2 version of gcm_enc/dec engaged.
[    4.674194] AES CTR mode by8 optimization enabled
[    5.475043] Adding 1998844k swap on /dev/sda1.  Priority:-2 extents:1 across:1998844k FS
[    6.786858] kauditd_printk_skb: 30 callbacks suppressed
[    6.786860] audit: type=1400 audit(1768910024.624:41): apparmor="DENIED" operation="capable" profile="/usr/sbin/cups-browsed" pid=498 comm="cups-browsed" capability=23  capname="sys_nice"
[    7.594815] pcnet32 0000:00:03.0 enp0s3: link up, 100Mbps, full-duplex
[    7.623730] e1000: enp0s8 NIC Link is Up 1000 Mbps Full Duplex, Flow Control: RX
[    7.624032] IPv6: ADDRCONF(NETDEV_CHANGE): enp0s8: link becomes ready
[    7.635016] e1000: enp0s9 NIC Link is Up 1000 Mbps Full Duplex, Flow Control: RX
[    7.635347] IPv6: ADDRCONF(NETDEV_CHANGE): enp0s9: link becomes ready
[    8.172581] device enp0s3 entered promiscuous mode
[    8.192439] audit: type=1400 audit(1768910026.024:42): apparmor="DENIED" operation="open" profile="/usr/sbin/tcpdump" name="/proc/sys/kernel/random/boot_id" pid=685 comm="tcpdump" requested_mask="r" denied_mask="r" fsuid=0 ouid=0
[    8.193990] audit: type=1400 audit(1768910026.024:43): apparmor="DENIED" operation="open" profile="/usr/sbin/tcpdump" name="/proc/sys/kernel/random/boot_id" pid=685 comm="tcpdump" requested_mask="r" denied_mask="r" fsuid=0 ouid=0
[    8.194896] audit: type=1400 audit(1768910026.036:44): apparmor="DENIED" operation="open" profile="/usr/sbin/tcpdump" name="/proc/sys/kernel/random/boot_id" pid=685 comm="tcpdump" requested_mask="r" denied_mask="r" fsuid=0 ouid=0
[    8.194916] audit: type=1400 audit(1768910026.036:45): apparmor="DENIED" operation="open" profile="/usr/sbin/tcpdump" name="/proc/sys/kernel/random/boot_id" pid=685 comm="tcpdump" requested_mask="r" denied_mask="r" fsuid=0 ouid=0
[    8.197702] audit: type=1400 audit(1768910026.040:46): apparmor="DENIED" operation="open" profile="/usr/sbin/tcpdump" name="/proc/sys/kernel/random/boot_id" pid=686 comm="tcpdump" requested_mask="r" denied_mask="r" fsuid=0 ouid=0
[    8.197901] audit: type=1400 audit(1768910026.040:47): apparmor="DENIED" operation="open" profile="/usr/sbin/tcpdump" name="/proc/sys/kernel/random/boot_id" pid=686 comm="tcpdump" requested_mask="r" denied_mask="r" fsuid=0 ouid=0
[    8.197942] audit: type=1400 audit(1768910026.040:48): apparmor="DENIED" operation="open" profile="/usr/sbin/tcpdump" name="/proc/sys/kernel/random/boot_id" pid=686 comm="tcpdump" requested_mask="r" denied_mask="r" fsuid=0 ouid=0
[    8.198000] audit: type=1400 audit(1768910026.040:49): apparmor="DENIED" operation="open" profile="/usr/sbin/tcpdump" name="/proc/sys/kernel/random/boot_id" pid=686 comm="tcpdump" requested_mask="r" denied_mask="r" fsuid=0 ouid=0
[   12.683001] rfkill: input handler disabled
[  475.630372] rfkill: input handler enabled
[  484.312526] rfkill: input handler disabled
[  664.386856] device enp0s3 left promiscuous mode
