[    0.000000] Linux version 5.4.243-tcp (root@ztg) (gcc version 12.2.0 (Debian 12.2.0-14)) #1 SMP Fri Apr 12 08:27:09 CST 2024
[    0.000000] Command line: BOOT_IMAGE=/boot/vmlinuz-5.4.243-tcp root=UUID=98415a12-53b7-4144-8265-0f7ece09e445 ro quiet splash
[    0.000000] KERNEL supported cpus:
[    0.000000]   Intel GenuineIntel
[    0.000000]   AMD AuthenticAMD
[    0.000000]   Hygon HygonGenuine
[    0.000000]   Centaur CentaurHauls
[    0.000000]   zhaoxin   Shanghai  
[    0.000000] x86/fpu: Supporting XSAVE feature 0x001: 'x87 floating point registers'
[    0.000000] x86/fpu: Supporting XSAVE feature 0x002: 'SSE registers'
[    0.000000] x86/fpu: Supporting XSAVE feature 0x004: 'AVX registers'
[    0.000000] x86/fpu: xstate_offset[2]:  576, xstate_sizes[2]:  256
[    0.000000] x86/fpu: Enabled xstate features 0x7, context size is 832 bytes, using 'standard' format.
[    0.000000] BIOS-provided physical RAM map:
[    0.000000] BIOS-e820: [mem 0x0000000000000000-0x000000000009fbff] usable
[    0.000000] BIOS-e820: [mem 0x000000000009fc00-0x000000000009ffff] reserved
[    0.000000] BIOS-e820: [mem 0x00000000000f0000-0x00000000000fffff] reserved
[    0.000000] BIOS-e820: [mem 0x0000000000100000-0x000000007ffeffff] usable
[    0.000000] BIOS-e820: [mem 0x000000007fff0000-0x000000007fffffff] ACPI data
[    0.000000] BIOS-e820: [mem 0x00000000fec00000-0x00000000fec00fff] reserved
[    0.000000] BIOS-e820: [mem 0x00000000fee00000-0x00000000fee00fff] reserved
[    0.000000] BIOS-e820: [mem 0x00000000fffc0000-0x00000000ffffffff] reserved
[    0.000000] NX (Execute Disable) protection: active
[    0.000000] SMBIOS 2.5 present.
[    0.000000] DMI: innotek GmbH VirtualBox/VirtualBox, BIOS VirtualBox 12/01/2006
[    0.000000] Hypervisor detected: KVM
[    0.000000] kvm-clock: Using msrs 4b564d01 and 4b564d00
[    0.000000] kvm-clock: cpu 0, msr 76c01001, primary cpu clock
[    0.000000] kvm-clock: using sched offset of 4452279793 cycles
[    0.000003] clocksource: kvm-clock: mask: 0xffffffffffffffff max_cycles: 0x1cd42e4dffb, max_idle_ns: 881590591483 ns
[    0.000006] tsc: Detected 2100.000 MHz processor
[    0.001883] e820: update [mem 0x00000000-0x00000fff] usable ==> reserved
[    0.001885] e820: remove [mem 0x000a0000-0x000fffff] usable
[    0.001890] last_pfn = 0x7fff0 max_arch_pfn = 0x400000000
[    0.001958] MTRR default type: uncachable
[    0.001959] MTRR fixed ranges enabled:
[    0.001960]   00000-9FFFF write-back
[    0.001961]   A0000-BFFFF uncachable
[    0.001962]   C0000-FFFFF write-protect
[    0.001962] MTRR variable ranges enabled:
[    0.001964]   0 base 000000000000 mask 3FFF80000000 write-back
[    0.001964]   1 disabled
[    0.001965]   2 disabled
[    0.001965]   3 disabled
[    0.001965]   4 disabled
[    0.001966]   5 disabled
[    0.001966]   6 disabled
[    0.001967]   7 disabled
[    0.001967]   8 disabled
[    0.001968]   9 disabled
[    0.001968]   10 disabled
[    0.001968]   11 disabled
[    0.001969]   12 disabled
[    0.001969]   13 disabled
[    0.001970]   14 disabled
[    0.001970]   15 disabled
[    0.001987] x86/PAT: Configuration [0-7]: WB  WC  UC- UC  WB  WP  UC- WT  
[    0.002121] found SMP MP-table at [mem 0x0009fff0-0x0009ffff]
[    0.091875] check: Scanning 1 areas for low memory corruption
[    0.091997] RAMDISK: [mem 0x32275000-0x35131fff]
[    0.092005] ACPI: Early table checksum verification disabled
[    0.092011] ACPI: RSDP 0x00000000000E0000 000024 (v02 VBOX  )
[    0.092015] ACPI: XSDT 0x000000007FFF0030 00003C (v01 VBOX   VBOXXSDT 00000001 ASL  00000061)
[    0.092022] ACPI: FACP 0x000000007FFF00F0 0000F4 (v04 VBOX   VBOXFACP 00000001 ASL  00000061)
[    0.092029] ACPI: DSDT 0x000000007FFF02E0 002353 (v02 VBOX   VBOXBIOS 00000002 VBOX 00029BF3)
[    0.092033] ACPI: FACS 0x000000007FFF0200 000040
[    0.092036] ACPI: FACS 0x000000007FFF0200 000040
[    0.092040] ACPI: APIC 0x000000007FFF0240 000054 (v02 VBOX   VBOXAPIC 00000001 ASL  00000061)
[    0.092043] ACPI: SSDT 0x000000007FFF02A0 000038 (v01 VBOX   VBOXCPUT 00000002 VBOX 00029BF3)
[    0.092047] ACPI: Reserving FACP table memory at [mem 0x7fff00f0-0x7fff01e3]
[    0.092048] ACPI: Reserving DSDT table memory at [mem 0x7fff02e0-0x7fff2632]
[    0.092048] ACPI: Reserving FACS table memory at [mem 0x7fff0200-0x7fff023f]
[    0.092049] ACPI: Reserving FACS table memory at [mem 0x7fff0200-0x7fff023f]
[    0.092049] ACPI: Reserving APIC table memory at [mem 0x7fff0240-0x7fff0293]
[    0.092050] ACPI: Reserving SSDT table memory at [mem 0x7fff02a0-0x7fff02d7]
[    0.092064] ACPI: Local APIC address 0xfee00000
[    0.092254] No NUMA configuration found
[    0.092255] Faking a node at [mem 0x0000000000000000-0x000000007ffeffff]
[    0.092265] NODE_DATA(0) allocated [mem 0x7ffc5000-0x7ffeffff]
[    0.092547] Zone ranges:
[    0.092548]   DMA      [mem 0x0000000000001000-0x0000000000ffffff]
[    0.092549]   DMA32    [mem 0x0000000001000000-0x000000007ffeffff]
[    0.092550]   Normal   empty
[    0.092551]   Device   empty
[    0.092551] Movable zone start for each node
[    0.092553] Early memory node ranges
[    0.092554]   node   0: [mem 0x0000000000001000-0x000000000009efff]
[    0.092555]   node   0: [mem 0x0000000000100000-0x000000007ffeffff]
[    0.092558] Zeroed struct page in unavailable ranges: 114 pages
[    0.092559] Initmem setup node 0 [mem 0x0000000000001000-0x000000007ffeffff]
[    0.092560] On node 0 totalpages: 524174
[    0.092562]   DMA zone: 64 pages used for memmap
[    0.092562]   DMA zone: 21 pages reserved
[    0.092563]   DMA zone: 3998 pages, LIFO batch:0
[    0.092634]   DMA32 zone: 8128 pages used for memmap
[    0.092635]   DMA32 zone: 520176 pages, LIFO batch:63
[    0.101669] ACPI: PM-Timer IO Port: 0x4008
[    0.101673] ACPI: Local APIC address 0xfee00000
[    0.101745] IOAPIC[0]: apic_id 1, version 32, address 0xfec00000, GSI 0-23
[    0.101748] ACPI: INT_SRC_OVR (bus 0 bus_irq 0 global_irq 2 dfl dfl)
[    0.101750] ACPI: INT_SRC_OVR (bus 0 bus_irq 9 global_irq 9 low level)
[    0.101752] ACPI: IRQ0 used by override.
[    0.101753] ACPI: IRQ9 used by override.
[    0.101755] Using ACPI (MADT) for SMP configuration information
[    0.101763] smpboot: Allowing 1 CPUs, 0 hotplug CPUs
[    0.101786] PM: Registered nosave memory: [mem 0x00000000-0x00000fff]
[    0.101787] PM: Registered nosave memory: [mem 0x0009f000-0x0009ffff]
[    0.101788] PM: Registered nosave memory: [mem 0x000a0000-0x000effff]
[    0.101788] PM: Registered nosave memory: [mem 0x000f0000-0x000fffff]
[    0.101790] [mem 0x80000000-0xfebfffff] available for PCI devices
[    0.101791] Booting paravirtualized kernel on KVM
[    0.101794] clocksource: refined-jiffies: mask: 0xffffffff max_cycles: 0xffffffff, max_idle_ns: 7645519600211568 ns
[    0.101799] setup_percpu: NR_CPUS:8192 nr_cpumask_bits:1 nr_cpu_ids:1 nr_node_ids:1
[    0.102859] percpu: Embedded 60 pages/cpu s208896 r8192 d28672 u2097152
[    0.102864] pcpu-alloc: s208896 r8192 d28672 u2097152 alloc=1*2097152
[    0.102865] pcpu-alloc: [0] 0 
[    0.102913] Built 1 zonelists, mobility grouping on.  Total pages: 515961
[    0.102914] Policy zone: DMA32
[    0.102916] Kernel command line: BOOT_IMAGE=/boot/vmlinuz-5.4.243-tcp root=UUID=98415a12-53b7-4144-8265-0f7ece09e445 ro quiet splash
[    0.103780] Dentry cache hash table entries: 262144 (order: 9, 2097152 bytes, linear)
[    0.104045] Inode-cache hash table entries: 131072 (order: 8, 1048576 bytes, linear)
[    0.104152] mem auto-init: stack:off, heap alloc:on, heap free:off
[    0.104154] Calgary: detecting Calgary via BIOS EBDA area
[    0.104155] Calgary: Unable to locate Rio Grande table in EBDA - bailing!
[    0.108502] Memory: 1967340K/2096696K available (14339K kernel code, 2392K rwdata, 4692K rodata, 2720K init, 17272K bss, 129356K reserved, 0K cma-reserved)
[    0.109439] SLUB: HWalign=64, Order=0-3, MinObjects=0, CPUs=1, Nodes=1
[    0.109455] ftrace: allocating 42894 entries in 168 pages
[    0.127378] rcu: Hierarchical RCU implementation.
[    0.127380] rcu: 	RCU restricting CPUs from NR_CPUS=8192 to nr_cpu_ids=1.
[    0.127381] 	Tasks RCU enabled.
[    0.127382] rcu: RCU calculated value of scheduler-enlistment delay is 25 jiffies.
[    0.127383] rcu: Adjusting geometry for rcu_fanout_leaf=16, nr_cpu_ids=1
[    0.130343] NR_IRQS: 524544, nr_irqs: 256, preallocated irqs: 16
[    0.130568] random: crng init done
[    0.139862] Console: colour VGA+ 80x25
[    0.139867] printk: console [tty0] enabled
[    0.139888] ACPI: Core revision 20190816
[    0.139984] APIC: Switch to symmetric I/O mode setup
[    0.140232] x2apic enabled
[    0.140468] Switched APIC routing to physical x2apic.
[    0.141587] ..TIMER: vector=0x30 apic1=0 pin1=2 apic2=-1 pin2=-1
[    0.141611] clocksource: tsc-early: mask: 0xffffffffffffffff max_cycles: 0x1e4530a99b6, max_idle_ns: 440795257976 ns
[    0.141617] Calibrating delay loop (skipped) preset value.. 4200.00 BogoMIPS (lpj=8400000)
[    0.141619] pid_max: default: 32768 minimum: 301
[    0.141647] LSM: Security Framework initializing
[    0.141657] Yama: becoming mindful.
[    0.141682] AppArmor: AppArmor initialized
[    0.141716] Mount-cache hash table entries: 4096 (order: 3, 32768 bytes, linear)
[    0.141721] Mountpoint-cache hash table entries: 4096 (order: 3, 32768 bytes, linear)
[    0.141731] *** VALIDATE tmpfs ***
[    0.141862] *** VALIDATE proc ***
[    0.141904] *** VALIDATE cgroup1 ***
[    0.141905] *** VALIDATE cgroup2 ***
[    0.142046] process: using mwait in idle threads
[    0.142051] Last level iTLB entries: 4KB 64, 2MB 8, 4MB 8
[    0.142052] Last level dTLB entries: 4KB 64, 2MB 0, 4MB 0, 1GB 4
[    0.142072] Spectre V1 : Mitigation: usercopy/swapgs barriers and __user pointer sanitization
[    0.142078] Spectre V2 : Mitigation: Retpolines
[    0.142078] Spectre V2 : Spectre v2 / SpectreRSB mitigation: Filling RSB on context switch
[    0.142079] Spectre V2 : Spectre v2 / SpectreRSB : Filling RSB on VMEXIT
[    0.142079] RETBleed: WARNING: Spectre v2 mitigation leaves CPU vulnerable to RETBleed attacks, data leaks possible!
[    0.142443] RETBleed: Vulnerable
[    0.142444] Speculative Store Bypass: Vulnerable
[    0.142449] TAA: Mitigation: TSX disabled
[    0.142449] MMIO Stale Data: Mitigation: Clear CPU buffers
[    0.146683] Freeing SMP alternatives memory: 40K
[    0.258788] smpboot: CPU0: Intel(R) Xeon(R) Silver 4216 CPU @ 2.10GHz (family: 0x6, model: 0x55, stepping: 0x7)
[    0.258946] Performance Events: unsupported p6 CPU model 85 no PMU driver, software events only.
[    0.258995] rcu: Hierarchical SRCU implementation.
[    0.259523] NMI watchdog: Perf NMI watchdog permanently disabled
[    0.259567] smp: Bringing up secondary CPUs ...
[    0.259568] smp: Brought up 1 node, 1 CPU
[    0.259569] smpboot: Max logical packages: 1
[    0.259571] smpboot: Total of 1 processors activated (4200.00 BogoMIPS)
[    0.260577] devtmpfs: initialized
[    0.260625] x86/mm: Memory block size: 128MB
[    0.260975] clocksource: jiffies: mask: 0xffffffff max_cycles: 0xffffffff, max_idle_ns: 7645041785100000 ns
[    0.260981] futex hash table entries: 256 (order: 2, 16384 bytes, linear)
[    0.261025] pinctrl core: initialized pinctrl subsystem
[    0.261128] PM: RTC time: 16:33:39, date: 2026-01-20
[    0.261236] NET: Registered protocol family 16
[    0.261311] audit: initializing netlink subsys (disabled)
[    0.261438] EISA bus registered
[    0.261439] cpuidle: using governor ladder
[    0.261440] cpuidle: using governor menu
[    0.261478] ACPI: bus type PCI registered
[    0.261480] acpiphp: ACPI Hot Plug PCI Controller Driver version: 0.5
[    0.261583] PCI: Using configuration type 1 for base access
[    0.261962] audit: type=2000 audit(1768898025.698:1): state=initialized audit_enabled=0 res=1
[    0.262040] HugeTLB registered 2.00 MiB page size, pre-allocated 0 pages
[    0.262878] ACPI: Added _OSI(Module Device)
[    0.262878] ACPI: Added _OSI(Processor Device)
[    0.262879] ACPI: Added _OSI(3.0 _SCP Extensions)
[    0.262880] ACPI: Added _OSI(Processor Aggregator Device)
[    0.262881] ACPI: Added _OSI(Linux-Dell-Video)
[    0.262882] ACPI: Added _OSI(Linux-Lenovo-NV-HDMI-Audio)
[    0.262882] ACPI: Added _OSI(Linux-HPI-Hybrid-Graphics)
[    0.264833] ACPI: 2 ACPI AML tables successfully acquired and loaded
[    0.266366] ACPI: Interpreter enabled
[    0.266376] ACPI: (supports S0 S5)
[    0.266378] ACPI: Using IOAPIC for interrupt routing
[    0.266584] PCI: Using host bridge windows from ACPI; if necessary, use "pci=nocrs" and report a bug
[    0.266692] ACPI: Enabled 2 GPEs in block 00 to 07
[    0.271778] ACPI: PCI Root Bridge [PCI0] (domain 0000 [bus 00-ff])
[    0.271783] acpi PNP0A03:00: _OSC: OS supports [ASPM ClockPM Segments MSI HPX-Type3]
[    0.272253] acpi PNP0A03:00: _OSC: not requesting OS control; OS requires [ExtendedConfig ASPM ClockPM MSI]
[    0.272261] acpi PNP0A03:00: fail to add MMCONFIG information, can't access extended PCI configuration space under this bridge.
[    0.272658] PCI host bridge to bus 0000:00
[    0.272661] pci_bus 0000:00: root bus resource [io  0x0000-0x0cf7 window]
[    0.272662] pci_bus 0000:00: root bus resource [io  0x0d00-0xffff window]
[    0.272663] pci_bus 0000:00: root bus resource [mem 0x000a0000-0x000bffff window]
[    0.272664] pci_bus 0000:00: root bus resource [mem 0x80000000-0xfdffffff window]
[    0.272666] pci_bus 0000:00: root bus resource [bus 00-ff]
[    0.272711] pci 0000:00:00.0: [8086:1237] type 00 class 0x060000
[    0.273701] pci 0000:00:01.0: [8086:7000] type 00 class 0x060100
[    0.274479] pci 0000:00:01.1: [8086:7111] type 00 class 0x01018a
[    0.274856] pci 0000:00:01.1: reg 0x20: [io  0xd000-0xd00f]
[    0.275019] pci 0000:00:01.1: legacy IDE quirk: reg 0x10: [io  0x01f0-0x01f7]
[    0.275020] pci 0000:00:01.1: legacy IDE quirk: reg 0x14: [io  0x03f6]
[    0.275021] pci 0000:00:01.1: legacy IDE quirk: reg 0x18: [io  0x0170-0x0177]
[    0.275022] pci 0000:00:01.1: legacy IDE quirk: reg 0x1c: [io  0x0376]
[    0.275565] pci 0000:00:02.0: [15ad:0405] type 00 class 0x030000
[    0.277699] pci 0000:00:02.0: reg 0x10: [io  0xd010-0xd01f]
[    0.281660] pci 0000:00:02.0: reg 0x14: [mem 0xe0000000-0xe7ffffff pref]
[    0.284569] pci 0000:00:02.0: reg 0x18: [mem 0xf0000000-0xf01fffff]
[    0.296239] pci 0000:00:03.0: [1022:2000] type 00 class 0x020000
[    0.297760] pci 0000:00:03.0: reg 0x10: [io  0xd020-0xd03f]
[    0.298534] pci 0000:00:03.0: reg 0x14: [mem 0xf0200000-0xf0200fff]
[    0.302479] pci 0000:00:04.0: [80ee:cafe] type 00 class 0x088000
[    0.303242] pci 0000:00:04.0: reg 0x10: [io  0xd040-0xd05f]
[    0.303918] pci 0000:00:04.0: reg 0x14: [mem 0xf0400000-0xf07fffff]
[    0.304581] pci 0000:00:04.0: reg 0x18: [mem 0xf0800000-0xf0803fff pref]
[    0.308248] pci 0000:00:07.0: [8086:7113] type 00 class 0x068000
[    0.309687] pci 0000:00:07.0: quirk: [io  0x4000-0x403f] claimed by PIIX4 ACPI
[    0.309698] pci 0000:00:07.0: quirk: [io  0x4100-0x410f] claimed by PIIX4 SMB
[    0.310307] pci 0000:00:08.0: [8086:100e] type 00 class 0x020000
[    0.311112] pci 0000:00:08.0: reg 0x10: [mem 0xf0820000-0xf083ffff]
[    0.312390] pci 0000:00:08.0: reg 0x18: [io  0xd060-0xd067]
[    0.315304] pci 0000:00:09.0: [8086:100e] type 00 class 0x020000
[    0.316076] pci 0000:00:09.0: reg 0x10: [mem 0xf0840000-0xf085ffff]
[    0.317331] pci 0000:00:09.0: reg 0x18: [io  0xd068-0xd06f]
[    0.326761] ACPI: PCI Interrupt Link [LNKA] (IRQs 5 9 10 *11)
[    0.327047] ACPI: PCI Interrupt Link [LNKB] (IRQs 5 9 *10 11)
[    0.327150] ACPI: PCI Interrupt Link [LNKC] (IRQs 5 *9 10 11)
[    0.327255] ACPI: PCI Interrupt Link [LNKD] (IRQs 5 9 10 *11)
[    0.329634] iommu: Default domain type: Translated 
[    0.329698] pci 0000:00:02.0: vgaarb: setting as boot VGA device
[    0.329699] pci 0000:00:02.0: vgaarb: VGA device added: decodes=io+mem,owns=io+mem,locks=none
[    0.329701] pci 0000:00:02.0: vgaarb: bridge control possible
[    0.329702] vgaarb: loaded
[    0.329911] SCSI subsystem initialized
[    0.329943] libata version 3.00 loaded.
[    0.329973] ACPI: bus type USB registered
[    0.329986] usbcore: registered new interface driver usbfs
[    0.329992] usbcore: registered new interface driver hub
[    0.329996] usbcore: registered new device driver usb
[    0.330025] pps_core: LinuxPPS API ver. 1 registered
[    0.330026] pps_core: Software ver. 5.3.6 - Copyright 2005-2007 Rodolfo Giometti <giometti@linux.it>
[    0.330028] PTP clock support registered
[    0.330062] EDAC MC: Ver: 3.0.0
[    0.330345] PCI: Using ACPI for IRQ routing
[    0.330347] PCI: pci_cache_line_size set to 64 bytes
[    0.330517] e820: reserve RAM buffer [mem 0x0009fc00-0x0009ffff]
[    0.330521] e820: reserve RAM buffer [mem 0x7fff0000-0x7fffffff]
[    0.330645] NetLabel: Initializing
[    0.330646] NetLabel:  domain hash size = 128
[    0.330646] NetLabel:  protocols = UNLABELED CIPSOv4 CALIPSO
[    0.330665] NetLabel:  unlabeled traffic allowed by default
[    0.332250] clocksource: Switched to clocksource kvm-clock
[    0.344067] *** VALIDATE bpf ***
[    0.344135] VFS: Disk quotas dquot_6.6.0
[    0.344148] VFS: Dquot-cache hash table entries: 512 (order 0, 4096 bytes)
[    0.344171] *** VALIDATE ramfs ***
[    0.344174] *** VALIDATE hugetlbfs ***
[    0.344257] AppArmor: AppArmor Filesystem Enabled
[    0.344284] pnp: PnP ACPI init
[    0.344356] pnp 00:00: Plug and Play ACPI device, IDs PNP0303 (active)
[    0.344424] pnp 00:01: Plug and Play ACPI device, IDs PNP0f03 (active)
[    0.345169] pnp: PnP ACPI: found 2 devices
[    0.346144] thermal_sys: Registered thermal governor 'fair_share'
[    0.346144] thermal_sys: Registered thermal governor 'bang_bang'
[    0.346145] thermal_sys: Registered thermal governor 'step_wise'
[    0.346146] thermal_sys: Registered thermal governor 'user_space'
[    0.346146] thermal_sys: Registered thermal governor 'power_allocator'
[    0.350682] clocksource: acpi_pm: mask: 0xffffff max_cycles: 0xffffff, max_idle_ns: 2085701024 ns
[    0.350733] pci_bus 0000:00: resource 4 [io  0x0000-0x0cf7 window]
[    0.350735] pci_bus 0000:00: resource 5 [io  0x0d00-0xffff window]
[    0.350737] pci_bus 0000:00: resource 6 [mem 0x000a0000-0x000bffff window]
[    0.350738] pci_bus 0000:00: resource 7 [mem 0x80000000-0xfdffffff window]
[    0.350807] NET: Registered protocol family 2
[    0.350890] IP idents hash table entries: 32768 (order: 6, 262144 bytes, linear)
[    0.351178] tcp_listen_portaddr_hash hash table entries: 1024 (order: 2, 16384 bytes, linear)
[    0.351178] TCP established hash table entries: 16384 (order: 5, 131072 bytes, linear)
[    0.351178] TCP bind hash table entries: 16384 (order: 6, 262144 bytes, linear)
[    0.351178] TCP: Hash tables configured (established 16384 bind 16384)
[    0.351178] UDP hash table entries: 1024 (order: 3, 32768 bytes, linear)
[    0.351178] UDP-Lite hash table entries: 1024 (order: 3, 32768 bytes, linear)
[    0.351178] NET: Registered protocol family 1
[    0.351178] NET: Registered protocol family 44
[    0.351686] pci 0000:00:00.0: Limiting direct PCI/PCI transfers
[    0.351705] pci 0000:00:01.0: Activating ISA DMA hang workarounds
[    0.351775] pci 0000:00:02.0: Video device with shadowed ROM at [mem 0x000c0000-0x000dffff]
[    0.351855] PCI: CLS 0 bytes, default 64
[    0.351923] Trying to unpack rootfs image as initramfs...
[    0.527603] Freeing initrd memory: 47860K
[    0.527603] clocksource: tsc: mask: 0xffffffffffffffff max_cycles: 0x1e4530a99b6, max_idle_ns: 440795257976 ns
[    0.527603] clocksource: Switched to clocksource tsc
[    0.527603] platform rtc_cmos: registered platform RTC device (no PNP device found)
[    0.527603] check: Scanning for low memory corruption every 60 seconds
[    0.527603] Initialise system trusted keyrings
[    0.527603] Key type blacklist registered
[    0.527603] workingset: timestamp_bits=36 max_order=19 bucket_order=0
[    0.527603] zbud: loaded
[    0.537879] squashfs: version 4.0 (2009/01/31) Phillip Lougher
[    0.538025] fuse: init (API version 7.31)
[    0.538038] *** VALIDATE fuse ***
[    0.538039] *** VALIDATE fuse ***
[    0.538151] Platform Keyring initialized
[    0.541122] Key type asymmetric registered
[    0.541123] Asymmetric key parser 'x509' registered
[    0.541131] Block layer SCSI generic (bsg) driver version 0.4 loaded (major 244)
[    0.541156] io scheduler mq-deadline registered
[    0.541259] shpchp: Standard Hot Plug PCI Controller Driver version: 0.4
[    0.541512] ACPI: AC Adapter [AC] (on-line)
[    0.541557] input: Power Button as /devices/LNXSYSTM:00/LNXPWRBN:00/input/input0
[    0.541586] ACPI: Power Button [PWRF]
[    0.541661] input: Sleep Button as /devices/LNXSYSTM:00/LNXSLPBN:00/input/input1
[    0.541675] ACPI: Sleep Button [SLPF]
[    0.541901] Serial: 8250/16550 driver, 32 ports, IRQ sharing enabled
[    0.543094] Linux agpgart interface v0.103
[    0.639103] loop: module loaded
[    0.639245] ata_piix 0000:00:01.1: version 2.13
[    0.639656] scsi host0: ata_piix
[    0.639747] scsi host1: ata_piix
[    0.639775] ata1: PATA max UDMA/33 cmd 0x1f0 ctl 0x3f6 bmdma 0xd000 irq 14
[    0.639776] ata2: PATA max UDMA/33 cmd 0x170 ctl 0x376 bmdma 0xd008 irq 15
[    0.639852] tun: Universal TUN/TAP device driver, 1.6
[    0.640166] PPP generic driver version 2.4.2
[    0.640211] VFIO - User Level meta-driver version: 0.3
[    0.640447] ehci_hcd: USB 2.0 'Enhanced' Host Controller (EHCI) Driver
[    0.640453] ehci-pci: EHCI PCI platform driver
[    0.640466] ehci-platform: EHCI generic platform driver
[    0.640471] ohci_hcd: USB 1.1 'Open' Host Controller (OHCI) Driver
[    0.640473] ohci-pci: OHCI PCI platform driver
[    0.640479] ohci-platform: OHCI generic platform driver
[    0.640483] uhci_hcd: USB Universal Host Controller Interface driver
[    0.640542] i8042: PNP: PS/2 Controller [PNP0303:PS2K,PNP0f03:PS2M] at 0x60,0x64 irq 1,12
[    0.640988] serio: i8042 KBD port at 0x60,0x64 irq 1
[    0.640992] serio: i8042 AUX port at 0x60,0x64 irq 12
[    0.641079] mousedev: PS/2 mouse device common for all mice
[    0.641340] input: AT Translated Set 2 keyboard as /devices/platform/i8042/serio0/input/input2
[    0.641738] rtc_cmos rtc_cmos: registered as rtc0
[    0.641751] rtc_cmos rtc_cmos: alarms up to one day, 114 bytes nvram
[    0.641756] i2c /dev entries driver
[    0.641802] device-mapper: uevent: version 1.0.3
[    0.641844] device-mapper: ioctl: 4.41.0-ioctl (2019-09-16) initialised: dm-devel@redhat.com
[    0.641861] platform eisa.0: Probing EISA bus 0
[    0.641862] platform eisa.0: EISA: Cannot allocate resource for mainboard
[    0.641863] platform eisa.0: Cannot allocate resource for EISA slot 1
[    0.641864] platform eisa.0: Cannot allocate resource for EISA slot 2
[    0.641865] platform eisa.0: Cannot allocate resource for EISA slot 3
[    0.641866] platform eisa.0: Cannot allocate resource for EISA slot 4
[    0.641867] platform eisa.0: Cannot allocate resource for EISA slot 5
[    0.641868] platform eisa.0: Cannot allocate resource for EISA slot 6
[    0.641869] platform eisa.0: Cannot allocate resource for EISA slot 7
[    0.641870] platform eisa.0: Cannot allocate resource for EISA slot 8
[    0.641871] platform eisa.0: EISA: Detected 0 cards
[    0.641873] intel_pstate: CPU model not supported
[    0.641881] ledtrig-cpu: registered to indicate activity on CPUs
[    0.641932] drop_monitor: Initializing network drop monitor service
[    0.642093] NET: Registered protocol family 10
[    0.647220] Segment Routing with IPv6
[    0.647230] NET: Registered protocol family 17
[    0.647230] Key type dns_resolver registered
[    0.647230] RAS: Correctable Errors collector initialized.
[    0.647230] IPI shorthand broadcast: enabled
[    0.647230] sched_clock: Marking stable (632173085, 11057322)->(645365094, -2134687)
[    0.647451] registered taskstats version 1
[    0.647461] Loading compiled-in X.509 certificates
[    0.648046] Loaded X.509 cert 'Build time autogenerated kernel key: 0a9e52cc6eb58eed9b63e328679db6d5d5216245'
[    0.648063] zswap: loaded using pool lzo/zbud
[    0.648130] Key type ._fscrypt registered
[    0.648130] Key type .fscrypt registered
[    0.652604] Key type big_key registered
[    0.654780] Key type encrypted registered
[    0.654782] AppArmor: AppArmor sha1 policy hashing enabled
[    0.654789] ima: No TPM chip found, activating TPM-bypass!
[    0.654793] ima: Allocated hash algorithm: sha1
[    0.654798] ima: No architecture policies found
[    0.654806] evm: Initialising EVM extended attributes:
[    0.654807] evm: security.selinux
[    0.654807] evm: security.SMACK64
[    0.654808] evm: security.SMACK64EXEC
[    0.654808] evm: security.SMACK64TRANSMUTE
[    0.654809] evm: security.SMACK64MMAP
[    0.654809] evm: security.apparmor
[    0.654810] evm: security.ima
[    0.654810] evm: security.capability
[    0.654811] evm: HMAC attrs: 0x1
[    0.655105] PM:   Magic number: 10:199:591
[    0.655207] rtc_cmos rtc_cmos: setting system clock to 2026-01-20T16:33:40 UTC (1768926820)
[    0.812307] ata1.00: ATA-6: VBOX HARDDISK, 1.0, max UDMA/133
[    0.812311] ata1.00: 209715200 sectors, multi 128: LBA 
[    0.813124] scsi 0:0:0:0: Direct-Access     ATA      VBOX HARDDISK    1.0  PQ: 0 ANSI: 5
[    0.813532] sd 0:0:0:0: [sda] 209715200 512-byte logical blocks: (107 GB/100 GiB)
[    0.813553] sd 0:0:0:0: [sda] Write Protect is off
[    0.813556] sd 0:0:0:0: [sda] Mode Sense: 00 3a 00 00
[    0.813587] sd 0:0:0:0: [sda] Write cache: enabled, read cache: enabled, doesn't support DPO or FUA
[    0.813894] sd 0:0:0:0: Attached scsi generic sg0 type 0
[    0.814893]  sda: sda1 sda2
[    0.827354] sd 0:0:0:0: [sda] Attached SCSI disk
[    0.831699] Freeing unused decrypted memory: 2040K
[    0.832851] Freeing unused kernel image memory: 2720K
[    0.832855] Write protecting the kernel read-only data: 22528k
[    0.834108] Freeing unused kernel image memory: 2036K
[    0.834771] Freeing unused kernel image memory: 1452K
[    0.863533] x86/mm: Checked W+X mappings: passed, no W+X pages found.
[    0.863539] Run /init as init process
[    0.980156] ACPI: Video Device [GFX0] (multi-head: yes  rom: no  post: no)
[    0.980245] input: Video Bus as /devices/LNXSYSTM:00/LNXSYBUS:00/PNP0A03:00/LNXVIDEO:00/input/input4
[    0.999444] piix4_smbus 0000:00:07.0: SMBus Host Controller at 0x4100, revision 0
[    1.003081] e1000: Intel(R) PRO/1000 Network Driver - version 7.3.21-k8-NAPI
[    1.003082] e1000: Copyright (c) 1999-2006 Intel Corporation.
[    1.009996] pcnet32: pcnet32.c:v1.35 21.Apr.2008 tsbogend@alpha.franken.de
[    1.026196] pcnet32: PCnet/FAST III 79C973 at 0xd020, 08:00:27:0d:2f:45 assigned IRQ 19
[    1.026240] pcnet32: Found PHY 0022:561b at address 0
[    1.026546] pcnet32: eth0: registered as PCnet/FAST III 79C973
[    1.033758] pcnet32: 1 cards_found
[    1.092870] pcnet32 0000:00:03.0 enp0s3: renamed from eth0
[    1.216590] input: ImExPS/2 Generic Explorer Mouse as /devices/platform/i8042/serio1/input/input5
[    1.431533] e1000 0000:00:08.0 eth0: (PCI:33MHz:32-bit) 08:00:27:bf:f2:a6
[    1.431537] e1000 0000:00:08.0 eth0: Intel(R) PRO/1000 Network Connection
[    1.803348] e1000 0000:00:09.0 eth1: (PCI:33MHz:32-bit) 08:00:27:04:09:80
[    1.803351] e1000 0000:00:09.0 eth1: Intel(R) PRO/1000 Network Connection
[    1.804521] e1000 0000:00:08.0 enp0s8: renamed from eth0
[    1.806289] e1000 0000:00:09.0 enp0s9: renamed from eth1
[    1.956283] EXT4-fs (sda2): mounted filesystem with ordered data mode. Opts: (null)
[    2.050068] systemd[1]: Inserted module 'autofs4'
[    2.063443] systemd[1]: systemd 245.4-4ubuntu3 running in system mode. (+PAM +AUDIT +SELINUX +IMA +APPARMOR +SMACK +SYSVINIT +UTMP +LIBCRYPTSETUP +GCRYPT +GNUTLS +ACL +XZ +LZ4 +SECCOMP +BLKID +ELFUTILS +KMOD +IDN2 -IDN +PCRE2 default-hierarchy=hybrid)
[    2.063471] systemd[1]: Detected virtualization oracle.
[    2.063474] systemd[1]: Detected architecture x86-64.
[    2.064892] systemd[1]: Set hostname to <ztg>.
[    2.192121] systemd[1]: /lib/systemd/system/dbus.socket:5: ListenStream= references a path below legacy directory /var/run/, updating /var/run/dbus/system_bus_socket â†’ /run/dbus/system_bus_socket; please update the unit file accordingly.
[    2.245371] systemd[1]: Created slice system-modprobe.slice.
[    2.245563] systemd[1]: Created slice User and Session Slice.
[    2.245611] systemd[1]: Started Forward Password Requests to Wall Directory Watch.
[    2.245774] systemd[1]: Set up automount Arbitrary Executable File Formats File System Automount Point.
[    2.245810] systemd[1]: Reached target User and Group Name Lookups.
[    2.245819] systemd[1]: Reached target Remote File Systems.
[    2.245827] systemd[1]: Reached target Slices.
[    2.246451] systemd[1]: Listening on Syslog Socket.
[    2.246540] systemd[1]: Listening on fsck to fsckd communication Socket.
[    2.246588] systemd[1]: Listening on initctl Compatibility Named Pipe.
[    2.246729] systemd[1]: Listening on Journal Audit Socket.
[    2.246798] systemd[1]: Listening on Journal Socket (/dev/log).
[    2.246871] systemd[1]: Listening on Journal Socket.
[    2.246935] systemd[1]: Listening on udev Control Socket.
[    2.246974] systemd[1]: Listening on udev Kernel Socket.
[    2.247786] systemd[1]: Mounting Huge Pages File System...
[    2.248736] systemd[1]: Mounting POSIX Message Queue File System...
[    2.249635] systemd[1]: Mounting Kernel Debug File System...
[    2.250578] systemd[1]: Mounting Kernel Trace File System...
[    2.252546] systemd[1]: Starting Journal Service...
[    2.278109] systemd[1]: Starting Set the console keyboard layout...
[    2.286055] systemd[1]: Starting Create list of static device nodes for the current kernel...
[    2.288173] systemd[1]: Starting Load Kernel Module drm...
[    2.289213] systemd[1]: Condition check resulted in Set Up Additional Binary Formats being skipped.
[    2.289262] systemd[1]: Condition check resulted in File System Check on Root Device being skipped.
[    2.302539] systemd[1]: Starting Load Kernel Modules...
[    2.311583] systemd[1]: Starting Remount Root and Kernel File Systems...
[    2.319086] systemd[1]: Starting udev Coldplug all Devices...
[    2.329162] systemd[1]: Starting Uncomplicated firewall...
[    2.330760] systemd[1]: Mounted Huge Pages File System.
[    2.330848] systemd[1]: Mounted POSIX Message Queue File System.
[    2.330920] systemd[1]: Mounted Kernel Debug File System.
[    2.331028] systemd[1]: Mounted Kernel Trace File System.
[    2.332136] EXT4-fs (sda2): re-mounted. Opts: errors=remount-ro
[    2.343337] systemd[1]: Finished Create list of static device nodes for the current kernel.
[    2.344278] systemd[1]: modprobe@drm.service: Succeeded.
[    2.365455] systemd[1]: Finished Load Kernel Module drm.
[    2.366097] systemd[1]: Finished Remount Root and Kernel File Systems.
[    2.367334] systemd[1]: Finished Uncomplicated firewall.
[    2.400287] lp: driver loaded but no devices found
[    2.401742] systemd[1]: Condition check resulted in Rebuild Hardware Database being skipped.
[    2.401799] systemd[1]: Condition check resulted in Platform Persistent Storage Archival being skipped.
[    2.402561] systemd[1]: Starting Load/Save Random Seed...
[    2.409543] systemd[1]: Starting Create System Users...
[    2.416005] ppdev: user-space parallel port driver
[    2.422157] systemd[1]: Finished Load/Save Random Seed.
[    2.426692] systemd[1]: Finished Create System Users.
[    2.427537] systemd[1]: Starting Create Static Device Nodes in /dev...
[    2.453461] systemd[1]: Finished udev Coldplug all Devices.
[    2.473959] systemd[1]: Finished Create Static Device Nodes in /dev.
[    2.474845] systemd[1]: Starting udev Kernel Device Manager...
[    2.506565] [drm] DMA map mode: Caching DMA mappings.
[    2.506628] [drm] Capabilities:
[    2.506628] [drm]   Rect copy.
[    2.506629] [drm]   Cursor.
[    2.506629] [drm]   Cursor bypass.
[    2.506629] [drm]   Cursor bypass 2.
[    2.506630] [drm]   Alpha cursor.
[    2.506630] [drm]   Extended Fifo.
[    2.506631] [drm]   Pitchlock.
[    2.506631] [drm]   Irq mask.
[    2.506631] [drm]   GMR.
[    2.506632] [drm]   Traces.
[    2.506632] [drm]   GMR2.
[    2.506632] [drm]   Screen Object 2.
[    2.506633] [drm]   Command Buffers.
[    2.506633] [drm]   Command Buffers 2.
[    2.506633] [drm]   Guest Backed Resources.
[    2.506634] [drm] Max GMR ids is 8192
[    2.506635] [drm] Max number of GMR pages is 1048576
[    2.506635] [drm] Max dedicated hypervisor surface memory is 393216 kiB
[    2.506636] [drm] Maximum display memory size is 131072 kiB
[    2.506636] [drm] VRAM at 0xe0000000 size is 131072 kiB
[    2.506637] [drm] MMIO at 0xf0000000 size is 2048 kiB
[    2.509633] [TTM] Zone  kernel: Available graphics memory: 1011744 KiB
[    2.509634] [TTM] Initializing pool allocator
[    2.509637] [TTM] Initializing DMA pool allocator
[    2.509705] [drm] Supports vblank timestamp caching Rev 2 (21.10.2013).
[    2.509706] [drm] No driver support for vblank timestamp query.
[    2.509968] [drm] Screen Target Display device initialized
[    2.510173] [drm] width 720
[    2.510183] [drm] height 400
[    2.510186] [drm] bpp 32
[    2.510733] [drm] Fifo max 0x00200000 min 0x00001000 cap 0x00000355
[    2.512492] [drm] Using command buffers with DMA pool.
[    2.512496] [drm] DX: no.
[    2.512496] [drm] Atomic: yes.
[    2.512497] [drm] SM4_1: no.
[    2.512517] [drm:vmw_host_log [vmwgfx]] *ERROR* Failed to send host log message.
[    2.513411] [drm:vmw_host_log [vmwgfx]] *ERROR* Failed to send host log message.
[    2.539041] fbcon: svgadrmfb (fb0) is primary device
[    2.543231] Console: switching to colour frame buffer device 100x37
[    2.548582] [drm] Initialized vmwgfx 2.15.0 20180704 for 0000:00:02.0 on minor 0
[    2.549829] systemd[1]: Finished Load Kernel Modules.
[    2.552728] systemd[1]: Mounting FUSE Control File System...
[    2.553934] systemd[1]: Mounting Kernel Configuration File System...
[    2.567840] systemd[1]: Starting Apply Kernel Variables...
[    2.575989] systemd[1]: Finished Set the console keyboard layout.
[    2.576102] systemd[1]: Reached target Local File Systems (Pre).
[    2.581397] systemd[1]: Mounting Mount unit for bare, revision 5...
[    2.610623] systemd[1]: Mounting Mount unit for core18, revision 1705...
[    2.613041] systemd[1]: Mounting Mount unit for gnome-3-34-1804, revision 24...
[    2.621671] systemd[1]: Mounting Mount unit for gtk-common-themes, revision 1506...
[    2.625583] systemd[1]: Mounting Mount unit for gtk-common-themes, revision 1535...
[    2.631764] systemd[1]: Mounting Mount unit for snap-store, revision 433...
[    2.637057] systemd[1]: Mounting Mount unit for snapd, revision 7264...
[    2.638164] systemd[1]: Mounted FUSE Control File System.
[    2.638274] systemd[1]: Mounted Kernel Configuration File System.
[    2.673616] systemd[1]: Finished Apply Kernel Variables.
[    2.675989] systemd[1]: Mounted Mount unit for bare, revision 5.
[    2.676083] systemd[1]: Mounted Mount unit for core18, revision 1705.
[    2.676173] systemd[1]: Mounted Mount unit for gnome-3-34-1804, revision 24.
[    2.676241] systemd[1]: Condition check resulted in VMware vmblock fuse mount being skipped.
[    2.685456] systemd[1]: Mounted Mount unit for gtk-common-themes, revision 1506.
[    2.692595] systemd[1]: Started udev Kernel Device Manager.
[    2.693378] systemd[1]: Starting Show Plymouth Boot Screen...
[    2.699961] systemd[1]: Received SIGRTMIN+20 from PID 280 (plymouthd).
[    2.730575] systemd[1]: Started Show Plymouth Boot Screen.
[    2.730750] systemd[1]: Condition check resulted in Dispatch Password Requests to Console Directory Watch being skipped.
[    2.730856] systemd[1]: Started Forward Password Requests to Plymouth Directory Watch.
[    2.730887] systemd[1]: Reached target Local Encrypted Volumes.
[    2.748829] systemd[1]: Mounted Mount unit for gtk-common-themes, revision 1535.
[    2.749075] systemd[1]: Mounted Mount unit for snap-store, revision 433.
[    2.749254] systemd[1]: Mounted Mount unit for snapd, revision 7264.
[    2.749398] systemd[1]: Reached target Local File Systems.
[    2.763022] systemd[1]: Starting Load AppArmor profiles...
[    2.763959] systemd[1]: Starting Set console font and keymap...
[    2.773062] systemd[1]: Starting Tell Plymouth To Write Out Runtime Data...
[    2.778812] systemd[1]: Condition check resulted in Store a System Token in an EFI Variable being skipped.
[    2.778845] systemd[1]: Condition check resulted in Commit a transient machine-id on disk being skipped.
[    2.779724] systemd[1]: Finished Set console font and keymap.
[    2.788537] systemd[1]: Received SIGRTMIN+20 from PID 280 (plymouthd).
[    2.789017] systemd[1]: plymouth-read-write.service: Succeeded.
[    2.789258] systemd[1]: Finished Tell Plymouth To Write Out Runtime Data.
[    2.809769] audit: type=1400 audit(1768926822.648:2): apparmor="STATUS" operation="profile_load" profile="unconfined" name="nvidia_modprobe" pid=299 comm="apparmor_parser"
[    2.809771] audit: type=1400 audit(1768926822.648:3): apparmor="STATUS" operation="profile_load" profile="unconfined" name="nvidia_modprobe//kmod" pid=299 comm="apparmor_parser"
[    2.819358] audit: type=1400 audit(1768926822.660:4): apparmor="STATUS" operation="profile_load" profile="unconfined" name="/usr/sbin/tcpdump" pid=300 comm="apparmor_parser"
[    2.865260] audit: type=1400 audit(1768926822.700:5): apparmor="STATUS" operation="profile_load" profile="unconfined" name="/usr/bin/evince" pid=302 comm="apparmor_parser"
[    2.865262] audit: type=1400 audit(1768926822.700:6): apparmor="STATUS" operation="profile_load" profile="unconfined" name="/usr/bin/evince//sanitized_helper" pid=302 comm="apparmor_parser"
[    2.865264] audit: type=1400 audit(1768926822.700:7): apparmor="STATUS" operation="profile_load" profile="unconfined" name="/usr/bin/evince-previewer" pid=302 comm="apparmor_parser"
[    2.865265] audit: type=1400 audit(1768926822.700:8): apparmor="STATUS" operation="profile_load" profile="unconfined" name="/usr/bin/evince-previewer//sanitized_helper" pid=302 comm="apparmor_parser"
[    2.865268] audit: type=1400 audit(1768926822.700:9): apparmor="STATUS" operation="profile_load" profile="unconfined" name="/usr/bin/evince-thumbnailer" pid=302 comm="apparmor_parser"
[    2.879587] audit: type=1400 audit(1768926822.720:10): apparmor="STATUS" operation="profile_load" profile="unconfined" name="/usr/lib/cups/backend/cups-pdf" pid=303 comm="apparmor_parser"
[    2.958101] systemd[1]: Finished Load AppArmor profiles.
[    2.959086] systemd[1]: Starting Load AppArmor profiles managed internally by snapd...
[    3.024624] systemd[1]: Finished Load AppArmor profiles managed internally by snapd.
[    3.237994] systemd[1]: Started Journal Service.
[    3.245376] systemd-journald[228]: Received client request to flush runtime journal.
[    3.250417] systemd-journald[228]: File /var/log/journal/c455b248004a419c87ce85eea238d727/system.journal corrupted or uncleanly shut down, renaming and replacing.
[    4.541006] RAPL PMU: API unit is 2^-32 Joules, 0 fixed counters, 10737418240 ms ovfl timer
[    4.615323] cryptd: max_cpu_qlen set to 1000
[    4.686584] AVX2 version of gcm_enc/dec engaged.
[    4.686585] AES CTR mode by8 optimization enabled
[    5.491202] Adding 1998844k swap on /dev/sda1.  Priority:-2 extents:1 across:1998844k FS
[    6.909624] kauditd_printk_skb: 30 callbacks suppressed
[    6.909625] audit: type=1400 audit(1768926826.748:41): apparmor="DENIED" operation="capable" profile="/usr/sbin/cups-browsed" pid=499 comm="cups-browsed" capability=23  capname="sys_nice"
[    7.646695] pcnet32 0000:00:03.0 enp0s3: link up, 100Mbps, full-duplex
[    7.682052] e1000: enp0s8 NIC Link is Up 1000 Mbps Full Duplex, Flow Control: RX
[    7.682326] IPv6: ADDRCONF(NETDEV_CHANGE): enp0s8: link becomes ready
[    7.693331] e1000: enp0s9 NIC Link is Up 1000 Mbps Full Duplex, Flow Control: RX
[    7.693620] IPv6: ADDRCONF(NETDEV_CHANGE): enp0s9: link becomes ready
[    8.208267] device enp0s3 entered promiscuous mode
[    8.230477] audit: type=1400 audit(1768926828.068:42): apparmor="DENIED" operation="open" profile="/usr/sbin/tcpdump" name="/proc/sys/kernel/random/boot_id" pid=685 comm="tcpdump" requested_mask="r" denied_mask="r" fsuid=0 ouid=0
[    8.230615] audit: type=1400 audit(1768926828.068:43): apparmor="DENIED" operation="open" profile="/usr/sbin/tcpdump" name="/proc/sys/kernel/random/boot_id" pid=685 comm="tcpdump" requested_mask="r" denied_mask="r" fsuid=0 ouid=0
[    8.230729] audit: type=1400 audit(1768926828.068:44): apparmor="DENIED" operation="open" profile="/usr/sbin/tcpdump" name="/proc/sys/kernel/random/boot_id" pid=685 comm="tcpdump" requested_mask="r" denied_mask="r" fsuid=0 ouid=0
[    8.230784] audit: type=1400 audit(1768926828.068:45): apparmor="DENIED" operation="open" profile="/usr/sbin/tcpdump" name="/proc/sys/kernel/random/boot_id" pid=685 comm="tcpdump" requested_mask="r" denied_mask="r" fsuid=0 ouid=0
[    8.237820] audit: type=1400 audit(1768926828.076:46): apparmor="DENIED" operation="open" profile="/usr/sbin/tcpdump" name="/proc/sys/kernel/random/boot_id" pid=686 comm="tcpdump" requested_mask="r" denied_mask="r" fsuid=0 ouid=0
[    8.237943] audit: type=1400 audit(1768926828.076:47): apparmor="DENIED" operation="open" profile="/usr/sbin/tcpdump" name="/proc/sys/kernel/random/boot_id" pid=686 comm="tcpdump" requested_mask="r" denied_mask="r" fsuid=0 ouid=0
[    8.238060] audit: type=1400 audit(1768926828.076:48): apparmor="DENIED" operation="open" profile="/usr/sbin/tcpdump" name="/proc/sys/kernel/random/boot_id" pid=686 comm="tcpdump" requested_mask="r" denied_mask="r" fsuid=0 ouid=0
[    8.238117] audit: type=1400 audit(1768926828.076:49): apparmor="DENIED" operation="open" profile="/usr/sbin/tcpdump" name="/proc/sys/kernel/random/boot_id" pid=686 comm="tcpdump" requested_mask="r" denied_mask="r" fsuid=0 ouid=0
[   12.777417] rfkill: input handler disabled
[  268.863250] AAAAA-TCP_FORW: name:enp0s3: saddr:16783984: daddr:100932208
[  269.206593] AAAAA-TCP_FORW: name:enp0s3: saddr:16783984: daddr:100932208
[  269.271464] AAAAA-TCP_FORW: name:enp0s3: saddr:16783984: daddr:100932208
[  269.868163] AAAAA-TCP_FORW: name:enp0s3: saddr:16783984: daddr:100932208
[  270.239681] AAAAA-TCP_FORW: name:enp0s3: saddr:16783984: daddr:100932208
[  270.418873] AAAAA-TCP_FORW: name:enp0s3: saddr:16783984: daddr:100932208
[  270.681970] AAAAA-TCP_FORW: name:enp0s3: saddr:16783984: daddr:100932208
[  271.061121] AAAAA-TCP_FORW: name:enp0s3: saddr:16783984: daddr:100932208
[  271.095154] AAAAA-TCP_FORW: name:enp0s3: saddr:16783984: daddr:100932208
[  271.463426] AAAAA-TCP_FORW: name:enp0s3: saddr:16783984: daddr:100932208
[  510.602801] rfkill: input handler enabled
[  518.973764] rfkill: input handler disabled
[  681.771296] device enp0s3 left promiscuous mode
