[    0.000000] Linux version 5.4.243-tcp (root@ztg) (gcc version 12.2.0 (Debian 12.2.0-14)) #1 SMP Fri Apr 12 08:27:09 CST 2024
[    0.000000] Command line: BOOT_IMAGE=/boot/vmlinuz-5.4.243-tcp root=UUID=98415a12-53b7-4144-8265-0f7ece09e445 ro quiet splash
[    0.000000] KERNEL supported cpus:
[    0.000000]   Intel GenuineIntel
[    0.000000]   AMD AuthenticAMD
[    0.000000]   Hygon HygonGenuine
[    0.000000]   Centaur CentaurHauls
[    0.000000]   zhaoxin   Shanghai  
[    0.000000] x86/fpu: Supporting XSAVE feature 0x001: 'x87 floating point registers'
[    0.000000] x86/fpu: Supporting XSAVE feature 0x002: 'SSE registers'
[    0.000000] x86/fpu: Supporting XSAVE feature 0x004: 'AVX registers'
[    0.000000] x86/fpu: xstate_offset[2]:  576, xstate_sizes[2]:  256
[    0.000000] x86/fpu: Enabled xstate features 0x7, context size is 832 bytes, using 'standard' format.
[    0.000000] BIOS-provided physical RAM map:
[    0.000000] BIOS-e820: [mem 0x0000000000000000-0x000000000009fbff] usable
[    0.000000] BIOS-e820: [mem 0x000000000009fc00-0x000000000009ffff] reserved
[    0.000000] BIOS-e820: [mem 0x00000000000f0000-0x00000000000fffff] reserved
[    0.000000] BIOS-e820: [mem 0x0000000000100000-0x000000007ffeffff] usable
[    0.000000] BIOS-e820: [mem 0x000000007fff0000-0x000000007fffffff] ACPI data
[    0.000000] BIOS-e820: [mem 0x00000000fec00000-0x00000000fec00fff] reserved
[    0.000000] BIOS-e820: [mem 0x00000000fee00000-0x00000000fee00fff] reserved
[    0.000000] BIOS-e820: [mem 0x00000000fffc0000-0x00000000ffffffff] reserved
[    0.000000] NX (Execute Disable) protection: active
[    0.000000] SMBIOS 2.5 present.
[    0.000000] DMI: innotek GmbH VirtualBox/VirtualBox, BIOS VirtualBox 12/01/2006
[    0.000000] Hypervisor detected: KVM
[    0.000000] kvm-clock: Using msrs 4b564d01 and 4b564d00
[    0.000000] kvm-clock: cpu 0, msr 4ae01001, primary cpu clock
[    0.000000] kvm-clock: using sched offset of 4427182465 cycles
[    0.000003] clocksource: kvm-clock: mask: 0xffffffffffffffff max_cycles: 0x1cd42e4dffb, max_idle_ns: 881590591483 ns
[    0.000005] tsc: Detected 2100.000 MHz processor
[    0.001877] e820: update [mem 0x00000000-0x00000fff] usable ==> reserved
[    0.001879] e820: remove [mem 0x000a0000-0x000fffff] usable
[    0.001884] last_pfn = 0x7fff0 max_arch_pfn = 0x400000000
[    0.001951] MTRR default type: uncachable
[    0.001952] MTRR fixed ranges enabled:
[    0.001953]   00000-9FFFF write-back
[    0.001954]   A0000-BFFFF uncachable
[    0.001955]   C0000-FFFFF write-protect
[    0.001956] MTRR variable ranges enabled:
[    0.001957]   0 base 000000000000 mask 3FFF80000000 write-back
[    0.001958]   1 disabled
[    0.001958]   2 disabled
[    0.001959]   3 disabled
[    0.001959]   4 disabled
[    0.001959]   5 disabled
[    0.001960]   6 disabled
[    0.001960]   7 disabled
[    0.001961]   8 disabled
[    0.001961]   9 disabled
[    0.001961]   10 disabled
[    0.001962]   11 disabled
[    0.001962]   12 disabled
[    0.001963]   13 disabled
[    0.001963]   14 disabled
[    0.001964]   15 disabled
[    0.001980] x86/PAT: Configuration [0-7]: WB  WC  UC- UC  WB  WP  UC- WT  
[    0.002123] found SMP MP-table at [mem 0x0009fff0-0x0009ffff]
[    0.093642] check: Scanning 1 areas for low memory corruption
[    0.093878] RAMDISK: [mem 0x32275000-0x35131fff]
[    0.093886] ACPI: Early table checksum verification disabled
[    0.093891] ACPI: RSDP 0x00000000000E0000 000024 (v02 VBOX  )
[    0.093896] ACPI: XSDT 0x000000007FFF0030 00003C (v01 VBOX   VBOXXSDT 00000001 ASL  00000061)
[    0.093902] ACPI: FACP 0x000000007FFF00F0 0000F4 (v04 VBOX   VBOXFACP 00000001 ASL  00000061)
[    0.093909] ACPI: DSDT 0x000000007FFF02E0 002353 (v02 VBOX   VBOXBIOS 00000002 VBOX 00029BF3)
[    0.093913] ACPI: FACS 0x000000007FFF0200 000040
[    0.093916] ACPI: FACS 0x000000007FFF0200 000040
[    0.093919] ACPI: APIC 0x000000007FFF0240 000054 (v02 VBOX   VBOXAPIC 00000001 ASL  00000061)
[    0.093923] ACPI: SSDT 0x000000007FFF02A0 000038 (v01 VBOX   VBOXCPUT 00000002 VBOX 00029BF3)
[    0.093926] ACPI: Reserving FACP table memory at [mem 0x7fff00f0-0x7fff01e3]
[    0.093927] ACPI: Reserving DSDT table memory at [mem 0x7fff02e0-0x7fff2632]
[    0.093927] ACPI: Reserving FACS table memory at [mem 0x7fff0200-0x7fff023f]
[    0.093928] ACPI: Reserving FACS table memory at [mem 0x7fff0200-0x7fff023f]
[    0.093929] ACPI: Reserving APIC table memory at [mem 0x7fff0240-0x7fff0293]
[    0.093930] ACPI: Reserving SSDT table memory at [mem 0x7fff02a0-0x7fff02d7]
[    0.093943] ACPI: Local APIC address 0xfee00000
[    0.094136] No NUMA configuration found
[    0.094137] Faking a node at [mem 0x0000000000000000-0x000000007ffeffff]
[    0.094148] NODE_DATA(0) allocated [mem 0x7ffc5000-0x7ffeffff]
[    0.094409] Zone ranges:
[    0.094410]   DMA      [mem 0x0000000000001000-0x0000000000ffffff]
[    0.094411]   DMA32    [mem 0x0000000001000000-0x000000007ffeffff]
[    0.094412]   Normal   empty
[    0.094413]   Device   empty
[    0.094413] Movable zone start for each node
[    0.094415] Early memory node ranges
[    0.094416]   node   0: [mem 0x0000000000001000-0x000000000009efff]
[    0.094417]   node   0: [mem 0x0000000000100000-0x000000007ffeffff]
[    0.094420] Zeroed struct page in unavailable ranges: 114 pages
[    0.094421] Initmem setup node 0 [mem 0x0000000000001000-0x000000007ffeffff]
[    0.094422] On node 0 totalpages: 524174
[    0.094423]   DMA zone: 64 pages used for memmap
[    0.094424]   DMA zone: 21 pages reserved
[    0.094425]   DMA zone: 3998 pages, LIFO batch:0
[    0.094496]   DMA32 zone: 8128 pages used for memmap
[    0.094497]   DMA32 zone: 520176 pages, LIFO batch:63
[    0.103819] ACPI: PM-Timer IO Port: 0x4008
[    0.103823] ACPI: Local APIC address 0xfee00000
[    0.103891] IOAPIC[0]: apic_id 1, version 32, address 0xfec00000, GSI 0-23
[    0.103894] ACPI: INT_SRC_OVR (bus 0 bus_irq 0 global_irq 2 dfl dfl)
[    0.103896] ACPI: INT_SRC_OVR (bus 0 bus_irq 9 global_irq 9 low level)
[    0.103898] ACPI: IRQ0 used by override.
[    0.103899] ACPI: IRQ9 used by override.
[    0.103902] Using ACPI (MADT) for SMP configuration information
[    0.103908] smpboot: Allowing 1 CPUs, 0 hotplug CPUs
[    0.103932] PM: Registered nosave memory: [mem 0x00000000-0x00000fff]
[    0.103933] PM: Registered nosave memory: [mem 0x0009f000-0x0009ffff]
[    0.103934] PM: Registered nosave memory: [mem 0x000a0000-0x000effff]
[    0.103934] PM: Registered nosave memory: [mem 0x000f0000-0x000fffff]
[    0.103936] [mem 0x80000000-0xfebfffff] available for PCI devices
[    0.103937] Booting paravirtualized kernel on KVM
[    0.103940] clocksource: refined-jiffies: mask: 0xffffffff max_cycles: 0xffffffff, max_idle_ns: 7645519600211568 ns
[    0.103945] setup_percpu: NR_CPUS:8192 nr_cpumask_bits:1 nr_cpu_ids:1 nr_node_ids:1
[    0.104950] percpu: Embedded 60 pages/cpu s208896 r8192 d28672 u2097152
[    0.104955] pcpu-alloc: s208896 r8192 d28672 u2097152 alloc=1*2097152
[    0.104956] pcpu-alloc: [0] 0 
[    0.104983] Built 1 zonelists, mobility grouping on.  Total pages: 515961
[    0.104983] Policy zone: DMA32
[    0.104984] Kernel command line: BOOT_IMAGE=/boot/vmlinuz-5.4.243-tcp root=UUID=98415a12-53b7-4144-8265-0f7ece09e445 ro quiet splash
[    0.105819] Dentry cache hash table entries: 262144 (order: 9, 2097152 bytes, linear)
[    0.105966] Inode-cache hash table entries: 131072 (order: 8, 1048576 bytes, linear)
[    0.106028] mem auto-init: stack:off, heap alloc:on, heap free:off
[    0.106031] Calgary: detecting Calgary via BIOS EBDA area
[    0.106033] Calgary: Unable to locate Rio Grande table in EBDA - bailing!
[    0.110130] Memory: 1967340K/2096696K available (14339K kernel code, 2392K rwdata, 4692K rodata, 2720K init, 17272K bss, 129356K reserved, 0K cma-reserved)
[    0.111051] SLUB: HWalign=64, Order=0-3, MinObjects=0, CPUs=1, Nodes=1
[    0.111068] ftrace: allocating 42894 entries in 168 pages
[    0.128908] rcu: Hierarchical RCU implementation.
[    0.128910] rcu: 	RCU restricting CPUs from NR_CPUS=8192 to nr_cpu_ids=1.
[    0.128911] 	Tasks RCU enabled.
[    0.128912] rcu: RCU calculated value of scheduler-enlistment delay is 25 jiffies.
[    0.128913] rcu: Adjusting geometry for rcu_fanout_leaf=16, nr_cpu_ids=1
[    0.131914] NR_IRQS: 524544, nr_irqs: 256, preallocated irqs: 16
[    0.132128] random: crng init done
[    0.141868] Console: colour VGA+ 80x25
[    0.141872] printk: console [tty0] enabled
[    0.141897] ACPI: Core revision 20190816
[    0.142001] APIC: Switch to symmetric I/O mode setup
[    0.142262] x2apic enabled
[    0.142498] Switched APIC routing to physical x2apic.
[    0.143635] ..TIMER: vector=0x30 apic1=0 pin1=2 apic2=-1 pin2=-1
[    0.143661] clocksource: tsc-early: mask: 0xffffffffffffffff max_cycles: 0x1e4530a99b6, max_idle_ns: 440795257976 ns
[    0.143666] Calibrating delay loop (skipped) preset value.. 4200.00 BogoMIPS (lpj=8400000)
[    0.143669] pid_max: default: 32768 minimum: 301
[    0.143697] LSM: Security Framework initializing
[    0.143706] Yama: becoming mindful.
[    0.143734] AppArmor: AppArmor initialized
[    0.143768] Mount-cache hash table entries: 4096 (order: 3, 32768 bytes, linear)
[    0.143772] Mountpoint-cache hash table entries: 4096 (order: 3, 32768 bytes, linear)
[    0.143782] *** VALIDATE tmpfs ***
[    0.143913] *** VALIDATE proc ***
[    0.143952] *** VALIDATE cgroup1 ***
[    0.143953] *** VALIDATE cgroup2 ***
[    0.144095] process: using mwait in idle threads
[    0.144100] Last level iTLB entries: 4KB 64, 2MB 8, 4MB 8
[    0.144101] Last level dTLB entries: 4KB 64, 2MB 0, 4MB 0, 1GB 4
[    0.144121] Spectre V1 : Mitigation: usercopy/swapgs barriers and __user pointer sanitization
[    0.144127] Spectre V2 : Mitigation: Retpolines
[    0.144127] Spectre V2 : Spectre v2 / SpectreRSB mitigation: Filling RSB on context switch
[    0.144128] Spectre V2 : Spectre v2 / SpectreRSB : Filling RSB on VMEXIT
[    0.144128] RETBleed: WARNING: Spectre v2 mitigation leaves CPU vulnerable to RETBleed attacks, data leaks possible!
[    0.144484] RETBleed: Vulnerable
[    0.144484] Speculative Store Bypass: Vulnerable
[    0.144489] TAA: Mitigation: TSX disabled
[    0.144489] MMIO Stale Data: Mitigation: Clear CPU buffers
[    0.148662] Freeing SMP alternatives memory: 40K
[    0.261201] smpboot: CPU0: Intel(R) Xeon(R) Silver 4216 CPU @ 2.10GHz (family: 0x6, model: 0x55, stepping: 0x7)
[    0.261372] Performance Events: unsupported p6 CPU model 85 no PMU driver, software events only.
[    0.261416] rcu: Hierarchical SRCU implementation.
[    0.261896] NMI watchdog: Perf NMI watchdog permanently disabled
[    0.261936] smp: Bringing up secondary CPUs ...
[    0.261937] smp: Brought up 1 node, 1 CPU
[    0.261938] smpboot: Max logical packages: 1
[    0.261939] smpboot: Total of 1 processors activated (4200.00 BogoMIPS)
[    0.262977] devtmpfs: initialized
[    0.263031] x86/mm: Memory block size: 128MB
[    0.263426] clocksource: jiffies: mask: 0xffffffff max_cycles: 0xffffffff, max_idle_ns: 7645041785100000 ns
[    0.263433] futex hash table entries: 256 (order: 2, 16384 bytes, linear)
[    0.263480] pinctrl core: initialized pinctrl subsystem
[    0.263585] PM: RTC time: 14:59:41, date: 2026-01-20
[    0.263663] NET: Registered protocol family 16
[    0.263663] audit: initializing netlink subsys (disabled)
[    0.263663] EISA bus registered
[    0.263663] cpuidle: using governor ladder
[    0.263663] cpuidle: using governor menu
[    0.263663] ACPI: bus type PCI registered
[    0.263663] acpiphp: ACPI Hot Plug PCI Controller Driver version: 0.5
[    0.263663] PCI: Using configuration type 1 for base access
[    0.264344] audit: type=2000 audit(1768892387.352:1): state=initialized audit_enabled=0 res=1
[    0.264436] HugeTLB registered 2.00 MiB page size, pre-allocated 0 pages
[    0.265341] ACPI: Added _OSI(Module Device)
[    0.265342] ACPI: Added _OSI(Processor Device)
[    0.265342] ACPI: Added _OSI(3.0 _SCP Extensions)
[    0.265343] ACPI: Added _OSI(Processor Aggregator Device)
[    0.265344] ACPI: Added _OSI(Linux-Dell-Video)
[    0.265345] ACPI: Added _OSI(Linux-Lenovo-NV-HDMI-Audio)
[    0.265346] ACPI: Added _OSI(Linux-HPI-Hybrid-Graphics)
[    0.267360] ACPI: 2 ACPI AML tables successfully acquired and loaded
[    0.269011] ACPI: Interpreter enabled
[    0.269021] ACPI: (supports S0 S5)
[    0.269022] ACPI: Using IOAPIC for interrupt routing
[    0.269239] PCI: Using host bridge windows from ACPI; if necessary, use "pci=nocrs" and report a bug
[    0.269353] ACPI: Enabled 2 GPEs in block 00 to 07
[    0.274633] ACPI: PCI Root Bridge [PCI0] (domain 0000 [bus 00-ff])
[    0.274638] acpi PNP0A03:00: _OSC: OS supports [ASPM ClockPM Segments MSI HPX-Type3]
[    0.275079] acpi PNP0A03:00: _OSC: not requesting OS control; OS requires [ExtendedConfig ASPM ClockPM MSI]
[    0.275087] acpi PNP0A03:00: fail to add MMCONFIG information, can't access extended PCI configuration space under this bridge.
[    0.275455] PCI host bridge to bus 0000:00
[    0.275457] pci_bus 0000:00: root bus resource [io  0x0000-0x0cf7 window]
[    0.275459] pci_bus 0000:00: root bus resource [io  0x0d00-0xffff window]
[    0.275460] pci_bus 0000:00: root bus resource [mem 0x000a0000-0x000bffff window]
[    0.275461] pci_bus 0000:00: root bus resource [mem 0x80000000-0xfdffffff window]
[    0.275462] pci_bus 0000:00: root bus resource [bus 00-ff]
[    0.275502] pci 0000:00:00.0: [8086:1237] type 00 class 0x060000
[    0.276477] pci 0000:00:01.0: [8086:7000] type 00 class 0x060100
[    0.277223] pci 0000:00:01.1: [8086:7111] type 00 class 0x01018a
[    0.277599] pci 0000:00:01.1: reg 0x20: [io  0xd000-0xd00f]
[    0.277756] pci 0000:00:01.1: legacy IDE quirk: reg 0x10: [io  0x01f0-0x01f7]
[    0.277757] pci 0000:00:01.1: legacy IDE quirk: reg 0x14: [io  0x03f6]
[    0.277758] pci 0000:00:01.1: legacy IDE quirk: reg 0x18: [io  0x0170-0x0177]
[    0.277759] pci 0000:00:01.1: legacy IDE quirk: reg 0x1c: [io  0x0376]
[    0.278295] pci 0000:00:02.0: [15ad:0405] type 00 class 0x030000
[    0.279740] pci 0000:00:02.0: reg 0x10: [io  0xd010-0xd01f]
[    0.283709] pci 0000:00:02.0: reg 0x14: [mem 0xe0000000-0xe7ffffff pref]
[    0.286334] pci 0000:00:02.0: reg 0x18: [mem 0xf0000000-0xf01fffff]
[    0.296434] pci 0000:00:03.0: [1022:2000] type 00 class 0x020000
[    0.297108] pci 0000:00:03.0: reg 0x10: [io  0xd020-0xd03f]
[    0.297721] pci 0000:00:03.0: reg 0x14: [mem 0xf0200000-0xf0200fff]
[    0.302717] pci 0000:00:04.0: [80ee:cafe] type 00 class 0x088000
[    0.303391] pci 0000:00:04.0: reg 0x10: [io  0xd040-0xd05f]
[    0.303779] pci 0000:00:04.0: reg 0x14: [mem 0xf0400000-0xf07fffff]
[    0.304381] pci 0000:00:04.0: reg 0x18: [mem 0xf0800000-0xf0803fff pref]
[    0.307704] pci 0000:00:07.0: [8086:7113] type 00 class 0x068000
[    0.308248] pci 0000:00:07.0: quirk: [io  0x4000-0x403f] claimed by PIIX4 ACPI
[    0.308258] pci 0000:00:07.0: quirk: [io  0x4100-0x410f] claimed by PIIX4 SMB
[    0.308863] pci 0000:00:08.0: [8086:100e] type 00 class 0x020000
[    0.309569] pci 0000:00:08.0: reg 0x10: [mem 0xf0820000-0xf083ffff]
[    0.310730] pci 0000:00:08.0: reg 0x18: [io  0xd060-0xd067]
[    0.313810] pci 0000:00:09.0: [8086:100e] type 00 class 0x020000
[    0.314520] pci 0000:00:09.0: reg 0x10: [mem 0xf0840000-0xf085ffff]
[    0.316339] pci 0000:00:09.0: reg 0x18: [io  0xd068-0xd06f]
[    0.324805] ACPI: PCI Interrupt Link [LNKA] (IRQs 5 9 10 *11)
[    0.325087] ACPI: PCI Interrupt Link [LNKB] (IRQs 5 9 *10 11)
[    0.327681] ACPI: PCI Interrupt Link [LNKC] (IRQs 5 *9 10 11)
[    0.327786] ACPI: PCI Interrupt Link [LNKD] (IRQs 5 9 10 *11)
[    0.328042] iommu: Default domain type: Translated 
[    0.328103] pci 0000:00:02.0: vgaarb: setting as boot VGA device
[    0.328105] pci 0000:00:02.0: vgaarb: VGA device added: decodes=io+mem,owns=io+mem,locks=none
[    0.328107] pci 0000:00:02.0: vgaarb: bridge control possible
[    0.328108] vgaarb: loaded
[    0.328315] SCSI subsystem initialized
[    0.328348] libata version 3.00 loaded.
[    0.328371] ACPI: bus type USB registered
[    0.328384] usbcore: registered new interface driver usbfs
[    0.328390] usbcore: registered new interface driver hub
[    0.328394] usbcore: registered new device driver usb
[    0.328422] pps_core: LinuxPPS API ver. 1 registered
[    0.328422] pps_core: Software ver. 5.3.6 - Copyright 2005-2007 Rodolfo Giometti <giometti@linux.it>
[    0.328425] PTP clock support registered
[    0.328458] EDAC MC: Ver: 3.0.0
[    0.328742] PCI: Using ACPI for IRQ routing
[    0.328743] PCI: pci_cache_line_size set to 64 bytes
[    0.328910] e820: reserve RAM buffer [mem 0x0009fc00-0x0009ffff]
[    0.328914] e820: reserve RAM buffer [mem 0x7fff0000-0x7fffffff]
[    0.329038] NetLabel: Initializing
[    0.329038] NetLabel:  domain hash size = 128
[    0.329039] NetLabel:  protocols = UNLABELED CIPSOv4 CALIPSO
[    0.329057] NetLabel:  unlabeled traffic allowed by default
[    0.330654] clocksource: Switched to clocksource kvm-clock
[    0.341946] *** VALIDATE bpf ***
[    0.342007] VFS: Disk quotas dquot_6.6.0
[    0.342020] VFS: Dquot-cache hash table entries: 512 (order 0, 4096 bytes)
[    0.342042] *** VALIDATE ramfs ***
[    0.342045] *** VALIDATE hugetlbfs ***
[    0.342127] AppArmor: AppArmor Filesystem Enabled
[    0.342153] pnp: PnP ACPI init
[    0.342221] pnp 00:00: Plug and Play ACPI device, IDs PNP0303 (active)
[    0.342289] pnp 00:01: Plug and Play ACPI device, IDs PNP0f03 (active)
[    0.343022] pnp: PnP ACPI: found 2 devices
[    0.344028] thermal_sys: Registered thermal governor 'fair_share'
[    0.344029] thermal_sys: Registered thermal governor 'bang_bang'
[    0.344030] thermal_sys: Registered thermal governor 'step_wise'
[    0.344030] thermal_sys: Registered thermal governor 'user_space'
[    0.344031] thermal_sys: Registered thermal governor 'power_allocator'
[    0.348564] clocksource: acpi_pm: mask: 0xffffff max_cycles: 0xffffff, max_idle_ns: 2085701024 ns
[    0.348605] pci_bus 0000:00: resource 4 [io  0x0000-0x0cf7 window]
[    0.348606] pci_bus 0000:00: resource 5 [io  0x0d00-0xffff window]
[    0.348608] pci_bus 0000:00: resource 6 [mem 0x000a0000-0x000bffff window]
[    0.348609] pci_bus 0000:00: resource 7 [mem 0x80000000-0xfdffffff window]
[    0.348663] NET: Registered protocol family 2
[    0.348739] IP idents hash table entries: 32768 (order: 6, 262144 bytes, linear)
[    0.349113] tcp_listen_portaddr_hash hash table entries: 1024 (order: 2, 16384 bytes, linear)
[    0.349193] TCP established hash table entries: 16384 (order: 5, 131072 bytes, linear)
[    0.349257] TCP bind hash table entries: 16384 (order: 6, 262144 bytes, linear)
[    0.349283] TCP: Hash tables configured (established 16384 bind 16384)
[    0.349326] UDP hash table entries: 1024 (order: 3, 32768 bytes, linear)
[    0.349337] UDP-Lite hash table entries: 1024 (order: 3, 32768 bytes, linear)
[    0.349365] NET: Registered protocol family 1
[    0.349373] NET: Registered protocol family 44
[    0.349400] pci 0000:00:00.0: Limiting direct PCI/PCI transfers
[    0.349412] pci 0000:00:01.0: Activating ISA DMA hang workarounds
[    0.349469] pci 0000:00:02.0: Video device with shadowed ROM at [mem 0x000c0000-0x000dffff]
[    0.349534] PCI: CLS 0 bytes, default 64
[    0.349583] Trying to unpack rootfs image as initramfs...
[    0.519705] Freeing initrd memory: 47860K
[    0.519705] clocksource: tsc: mask: 0xffffffffffffffff max_cycles: 0x1e4530a99b6, max_idle_ns: 440795257976 ns
[    0.519705] clocksource: Switched to clocksource tsc
[    0.519705] platform rtc_cmos: registered platform RTC device (no PNP device found)
[    0.519705] check: Scanning for low memory corruption every 60 seconds
[    0.519705] Initialise system trusted keyrings
[    0.519705] Key type blacklist registered
[    0.519705] workingset: timestamp_bits=36 max_order=19 bucket_order=0
[    0.519705] zbud: loaded
[    0.519705] squashfs: version 4.0 (2009/01/31) Phillip Lougher
[    0.519705] fuse: init (API version 7.31)
[    0.519705] *** VALIDATE fuse ***
[    0.519705] *** VALIDATE fuse ***
[    0.519705] Platform Keyring initialized
[    0.532018] Key type asymmetric registered
[    0.532019] Asymmetric key parser 'x509' registered
[    0.532028] Block layer SCSI generic (bsg) driver version 0.4 loaded (major 244)
[    0.532067] io scheduler mq-deadline registered
[    0.532174] shpchp: Standard Hot Plug PCI Controller Driver version: 0.4
[    0.532395] ACPI: AC Adapter [AC] (on-line)
[    0.532439] input: Power Button as /devices/LNXSYSTM:00/LNXPWRBN:00/input/input0
[    0.532468] ACPI: Power Button [PWRF]
[    0.532545] input: Sleep Button as /devices/LNXSYSTM:00/LNXSLPBN:00/input/input1
[    0.532558] ACPI: Sleep Button [SLPF]
[    0.532778] Serial: 8250/16550 driver, 32 ports, IRQ sharing enabled
[    0.533935] Linux agpgart interface v0.103
[    0.627576] loop: module loaded
[    0.627726] ata_piix 0000:00:01.1: version 2.13
[    0.628143] scsi host0: ata_piix
[    0.628232] scsi host1: ata_piix
[    0.628259] ata1: PATA max UDMA/33 cmd 0x1f0 ctl 0x3f6 bmdma 0xd000 irq 14
[    0.628260] ata2: PATA max UDMA/33 cmd 0x170 ctl 0x376 bmdma 0xd008 irq 15
[    0.628339] tun: Universal TUN/TAP device driver, 1.6
[    0.628642] PPP generic driver version 2.4.2
[    0.628685] VFIO - User Level meta-driver version: 0.3
[    0.628927] ehci_hcd: USB 2.0 'Enhanced' Host Controller (EHCI) Driver
[    0.628932] ehci-pci: EHCI PCI platform driver
[    0.628947] ehci-platform: EHCI generic platform driver
[    0.628952] ohci_hcd: USB 1.1 'Open' Host Controller (OHCI) Driver
[    0.628954] ohci-pci: OHCI PCI platform driver
[    0.628959] ohci-platform: OHCI generic platform driver
[    0.628963] uhci_hcd: USB Universal Host Controller Interface driver
[    0.629024] i8042: PNP: PS/2 Controller [PNP0303:PS2K,PNP0f03:PS2M] at 0x60,0x64 irq 1,12
[    0.629470] serio: i8042 KBD port at 0x60,0x64 irq 1
[    0.629474] serio: i8042 AUX port at 0x60,0x64 irq 12
[    0.629560] mousedev: PS/2 mouse device common for all mice
[    0.629811] input: AT Translated Set 2 keyboard as /devices/platform/i8042/serio0/input/input2
[    0.630206] rtc_cmos rtc_cmos: registered as rtc0
[    0.630219] rtc_cmos rtc_cmos: alarms up to one day, 114 bytes nvram
[    0.630224] i2c /dev entries driver
[    0.630270] device-mapper: uevent: version 1.0.3
[    0.630312] device-mapper: ioctl: 4.41.0-ioctl (2019-09-16) initialised: dm-devel@redhat.com
[    0.630328] platform eisa.0: Probing EISA bus 0
[    0.630330] platform eisa.0: EISA: Cannot allocate resource for mainboard
[    0.630331] platform eisa.0: Cannot allocate resource for EISA slot 1
[    0.630332] platform eisa.0: Cannot allocate resource for EISA slot 2
[    0.630333] platform eisa.0: Cannot allocate resource for EISA slot 3
[    0.630334] platform eisa.0: Cannot allocate resource for EISA slot 4
[    0.630335] platform eisa.0: Cannot allocate resource for EISA slot 5
[    0.630335] platform eisa.0: Cannot allocate resource for EISA slot 6
[    0.630336] platform eisa.0: Cannot allocate resource for EISA slot 7
[    0.630337] platform eisa.0: Cannot allocate resource for EISA slot 8
[    0.630338] platform eisa.0: EISA: Detected 0 cards
[    0.630341] intel_pstate: CPU model not supported
[    0.630351] ledtrig-cpu: registered to indicate activity on CPUs
[    0.630399] drop_monitor: Initializing network drop monitor service
[    0.630559] NET: Registered protocol family 10
[    0.635677] Segment Routing with IPv6
[    0.635700] NET: Registered protocol family 17
[    0.635706] Key type dns_resolver registered
[    0.635706] RAS: Correctable Errors collector initialized.
[    0.635706] IPI shorthand broadcast: enabled
[    0.635706] sched_clock: Marking stable (620161270, 11544850)->(633831013, -2124893)
[    0.635901] registered taskstats version 1
[    0.635912] Loading compiled-in X.509 certificates
[    0.636507] Loaded X.509 cert 'Build time autogenerated kernel key: 0a9e52cc6eb58eed9b63e328679db6d5d5216245'
[    0.636525] zswap: loaded using pool lzo/zbud
[    0.636579] Key type ._fscrypt registered
[    0.636579] Key type .fscrypt registered
[    0.641041] Key type big_key registered
[    0.643189] Key type encrypted registered
[    0.643192] AppArmor: AppArmor sha1 policy hashing enabled
[    0.643198] ima: No TPM chip found, activating TPM-bypass!
[    0.643202] ima: Allocated hash algorithm: sha1
[    0.643206] ima: No architecture policies found
[    0.643214] evm: Initialising EVM extended attributes:
[    0.643215] evm: security.selinux
[    0.643215] evm: security.SMACK64
[    0.643216] evm: security.SMACK64EXEC
[    0.643216] evm: security.SMACK64TRANSMUTE
[    0.643217] evm: security.SMACK64MMAP
[    0.643217] evm: security.apparmor
[    0.643218] evm: security.ima
[    0.643218] evm: security.capability
[    0.643219] evm: HMAC attrs: 0x1
[    0.643510] PM:   Magic number: 10:399:991
[    0.643612] rtc_cmos rtc_cmos: setting system clock to 2026-01-20T14:59:42 UTC (1768921182)
[    0.799463] ata1.00: ATA-6: VBOX HARDDISK, 1.0, max UDMA/133
[    0.799466] ata1.00: 209715200 sectors, multi 128: LBA 
[    0.799953] scsi 0:0:0:0: Direct-Access     ATA      VBOX HARDDISK    1.0  PQ: 0 ANSI: 5
[    0.800174] sd 0:0:0:0: [sda] 209715200 512-byte logical blocks: (107 GB/100 GiB)
[    0.800181] sd 0:0:0:0: [sda] Write Protect is off
[    0.800183] sd 0:0:0:0: [sda] Mode Sense: 00 3a 00 00
[    0.800196] sd 0:0:0:0: [sda] Write cache: enabled, read cache: enabled, doesn't support DPO or FUA
[    0.800418] sd 0:0:0:0: Attached scsi generic sg0 type 0
[    0.800939]  sda: sda1 sda2
[    0.811673] sd 0:0:0:0: [sda] Attached SCSI disk
[    0.813752] Freeing unused decrypted memory: 2040K
[    0.814487] Freeing unused kernel image memory: 2720K
[    0.814488] Write protecting the kernel read-only data: 22528k
[    0.815214] Freeing unused kernel image memory: 2036K
[    0.815639] Freeing unused kernel image memory: 1452K
[    0.831493] x86/mm: Checked W+X mappings: passed, no W+X pages found.
[    0.831496] Run /init as init process
[    0.928327] ACPI: Video Device [GFX0] (multi-head: yes  rom: no  post: no)
[    0.928400] input: Video Bus as /devices/LNXSYSTM:00/LNXSYBUS:00/PNP0A03:00/LNXVIDEO:00/input/input4
[    0.939615] pcnet32: pcnet32.c:v1.35 21.Apr.2008 tsbogend@alpha.franken.de
[    0.941372] piix4_smbus 0000:00:07.0: SMBus Host Controller at 0x4100, revision 0
[    0.945518] e1000: Intel(R) PRO/1000 Network Driver - version 7.3.21-k8-NAPI
[    0.945519] e1000: Copyright (c) 1999-2006 Intel Corporation.
[    0.953017] pcnet32: PCnet/FAST III 79C973 at 0xd020, 08:00:27:0e:41:03 assigned IRQ 19
[    0.953062] pcnet32: Found PHY 0022:561b at address 0
[    0.953371] pcnet32: eth0: registered as PCnet/FAST III 79C973
[    0.959926] pcnet32: 1 cards_found
[    1.031116] pcnet32 0000:00:03.0 enp0s3: renamed from eth0
[    1.161254] input: ImExPS/2 Generic Explorer Mouse as /devices/platform/i8042/serio1/input/input5
[    1.355931] e1000 0000:00:08.0 eth0: (PCI:33MHz:32-bit) 08:00:27:9e:fc:82
[    1.355936] e1000 0000:00:08.0 eth0: Intel(R) PRO/1000 Network Connection
[    1.727864] e1000 0000:00:09.0 eth1: (PCI:33MHz:32-bit) 08:00:27:62:c0:4b
[    1.727866] e1000 0000:00:09.0 eth1: Intel(R) PRO/1000 Network Connection
[    1.729026] e1000 0000:00:09.0 enp0s9: renamed from eth1
[    1.730771] e1000 0000:00:08.0 enp0s8: renamed from eth0
[    1.783537] EXT4-fs (sda2): mounted filesystem with ordered data mode. Opts: (null)
[    1.864121] systemd[1]: Inserted module 'autofs4'
[    1.875800] systemd[1]: systemd 245.4-4ubuntu3 running in system mode. (+PAM +AUDIT +SELINUX +IMA +APPARMOR +SMACK +SYSVINIT +UTMP +LIBCRYPTSETUP +GCRYPT +GNUTLS +ACL +XZ +LZ4 +SECCOMP +BLKID +ELFUTILS +KMOD +IDN2 -IDN +PCRE2 default-hierarchy=hybrid)
[    1.875826] systemd[1]: Detected virtualization oracle.
[    1.875830] systemd[1]: Detected architecture x86-64.
[    1.877132] systemd[1]: Set hostname to <ztg>.
[    1.997141] systemd[1]: /lib/systemd/system/dbus.socket:5: ListenStream= references a path below legacy directory /var/run/, updating /var/run/dbus/system_bus_socket â†’ /run/dbus/system_bus_socket; please update the unit file accordingly.
[    2.047742] systemd[1]: Created slice system-modprobe.slice.
[    2.047933] systemd[1]: Created slice User and Session Slice.
[    2.047976] systemd[1]: Started Forward Password Requests to Wall Directory Watch.
[    2.048129] systemd[1]: Set up automount Arbitrary Executable File Formats File System Automount Point.
[    2.048163] systemd[1]: Reached target User and Group Name Lookups.
[    2.048171] systemd[1]: Reached target Remote File Systems.
[    2.048180] systemd[1]: Reached target Slices.
[    2.048659] systemd[1]: Listening on Syslog Socket.
[    2.048722] systemd[1]: Listening on fsck to fsckd communication Socket.
[    2.048757] systemd[1]: Listening on initctl Compatibility Named Pipe.
[    2.048887] systemd[1]: Listening on Journal Audit Socket.
[    2.048936] systemd[1]: Listening on Journal Socket (/dev/log).
[    2.049000] systemd[1]: Listening on Journal Socket.
[    2.049063] systemd[1]: Listening on udev Control Socket.
[    2.049100] systemd[1]: Listening on udev Kernel Socket.
[    2.049803] systemd[1]: Mounting Huge Pages File System...
[    2.050697] systemd[1]: Mounting POSIX Message Queue File System...
[    2.051539] systemd[1]: Mounting Kernel Debug File System...
[    2.052454] systemd[1]: Mounting Kernel Trace File System...
[    2.054354] systemd[1]: Starting Journal Service...
[    2.078214] systemd[1]: Starting Set the console keyboard layout...
[    2.083355] systemd[1]: Starting Create list of static device nodes for the current kernel...
[    2.088524] systemd[1]: Starting Load Kernel Module drm...
[    2.090185] systemd[1]: Condition check resulted in Set Up Additional Binary Formats being skipped.
[    2.090236] systemd[1]: Condition check resulted in File System Check on Root Device being skipped.
[    2.101845] systemd[1]: Starting Load Kernel Modules...
[    2.103063] systemd[1]: Starting Remount Root and Kernel File Systems...
[    2.115701] systemd[1]: Starting udev Coldplug all Devices...
[    2.126649] systemd[1]: Starting Uncomplicated firewall...
[    2.127838] systemd[1]: Mounted Huge Pages File System.
[    2.127922] systemd[1]: Mounted POSIX Message Queue File System.
[    2.127992] systemd[1]: Mounted Kernel Debug File System.
[    2.128060] systemd[1]: Mounted Kernel Trace File System.
[    2.129681] EXT4-fs (sda2): re-mounted. Opts: errors=remount-ro
[    2.148528] systemd[1]: Finished Create list of static device nodes for the current kernel.
[    2.149591] systemd[1]: modprobe@drm.service: Succeeded.
[    2.171812] systemd[1]: Finished Load Kernel Module drm.
[    2.173690] systemd[1]: Finished Remount Root and Kernel File Systems.
[    2.174549] systemd[1]: Finished Uncomplicated firewall.
[    2.190545] systemd[1]: Condition check resulted in Rebuild Hardware Database being skipped.
[    2.190607] systemd[1]: Condition check resulted in Platform Persistent Storage Archival being skipped.
[    2.191270] systemd[1]: Starting Load/Save Random Seed...
[    2.191992] systemd[1]: Starting Create System Users...
[    2.217276] lp: driver loaded but no devices found
[    2.226103] systemd[1]: Finished Load/Save Random Seed.
[    2.228774] systemd[1]: Finished Create System Users.
[    2.229489] systemd[1]: Starting Create Static Device Nodes in /dev...
[    2.248858] ppdev: user-space parallel port driver
[    2.258942] systemd[1]: Finished udev Coldplug all Devices.
[    2.269576] systemd[1]: Finished Create Static Device Nodes in /dev.
[    2.270350] systemd[1]: Starting udev Kernel Device Manager...
[    2.317068] [drm] DMA map mode: Caching DMA mappings.
[    2.317129] [drm] Capabilities:
[    2.317129] [drm]   Rect copy.
[    2.317129] [drm]   Cursor.
[    2.317130] [drm]   Cursor bypass.
[    2.317130] [drm]   Cursor bypass 2.
[    2.317130] [drm]   Alpha cursor.
[    2.317131] [drm]   Extended Fifo.
[    2.317131] [drm]   Pitchlock.
[    2.317131] [drm]   Irq mask.
[    2.317132] [drm]   GMR.
[    2.317132] [drm]   Traces.
[    2.317132] [drm]   GMR2.
[    2.317133] [drm]   Screen Object 2.
[    2.317133] [drm]   Command Buffers.
[    2.317134] [drm]   Command Buffers 2.
[    2.317134] [drm]   Guest Backed Resources.
[    2.317135] [drm] Max GMR ids is 8192
[    2.317135] [drm] Max number of GMR pages is 1048576
[    2.317136] [drm] Max dedicated hypervisor surface memory is 393216 kiB
[    2.317136] [drm] Maximum display memory size is 131072 kiB
[    2.317137] [drm] VRAM at 0xe0000000 size is 131072 kiB
[    2.317138] [drm] MMIO at 0xf0000000 size is 2048 kiB
[    2.318123] [TTM] Zone  kernel: Available graphics memory: 1011744 KiB
[    2.318124] [TTM] Initializing pool allocator
[    2.318127] [TTM] Initializing DMA pool allocator
[    2.318156] [drm] Supports vblank timestamp caching Rev 2 (21.10.2013).
[    2.318156] [drm] No driver support for vblank timestamp query.
[    2.318379] [drm] Screen Target Display device initialized
[    2.318592] [drm] width 720
[    2.318601] [drm] height 400
[    2.318604] [drm] bpp 32
[    2.319122] [drm] Fifo max 0x00200000 min 0x00001000 cap 0x00000355
[    2.323819] [drm] Using command buffers with DMA pool.
[    2.327793] [drm] DX: no.
[    2.327794] [drm] Atomic: yes.
[    2.327794] [drm] SM4_1: no.
[    2.327812] [drm:vmw_host_log [vmwgfx]] *ERROR* Failed to send host log message.
[    2.328933] [drm:vmw_host_log [vmwgfx]] *ERROR* Failed to send host log message.
[    2.336950] systemd[1]: Finished Set the console keyboard layout.
[    2.337051] systemd[1]: Reached target Local File Systems (Pre).
[    2.339363] systemd[1]: Mounting Mount unit for bare, revision 5...
[    2.343344] systemd[1]: Mounting Mount unit for core18, revision 1705...
[    2.344716] fbcon: svgadrmfb (fb0) is primary device
[    2.346882] Console: switching to colour frame buffer device 100x37
[    2.353750] systemd[1]: Mounting Mount unit for gnome-3-34-1804, revision 24...
[    2.359686] [drm] Initialized vmwgfx 2.15.0 20180704 for 0000:00:02.0 on minor 0
[    2.366998] systemd[1]: Mounting Mount unit for gtk-common-themes, revision 1506...
[    2.389787] systemd[1]: Mounting Mount unit for gtk-common-themes, revision 1535...
[    2.402299] systemd[1]: Mounting Mount unit for snap-store, revision 433...
[    2.404910] systemd[1]: Mounting Mount unit for snapd, revision 7264...
[    2.409478] systemd[1]: Finished Load Kernel Modules.
[    2.411189] systemd[1]: Mounting FUSE Control File System...
[    2.415859] systemd[1]: Mounting Kernel Configuration File System...
[    2.416647] systemd[1]: Starting Apply Kernel Variables...
[    2.448396] systemd[1]: Mounted FUSE Control File System.
[    2.448476] systemd[1]: Condition check resulted in VMware vmblock fuse mount being skipped.
[    2.452797] systemd[1]: Mounted Kernel Configuration File System.
[    2.459842] systemd[1]: Finished Apply Kernel Variables.
[    2.470494] systemd[1]: Mounted Mount unit for bare, revision 5.
[    2.470585] systemd[1]: Mounted Mount unit for core18, revision 1705.
[    2.470659] systemd[1]: Mounted Mount unit for gnome-3-34-1804, revision 24.
[    2.470733] systemd[1]: Mounted Mount unit for gtk-common-themes, revision 1506.
[    2.493962] systemd[1]: Mounted Mount unit for gtk-common-themes, revision 1535.
[    2.530005] systemd[1]: Started udev Kernel Device Manager.
[    2.530108] systemd[1]: Mounted Mount unit for snap-store, revision 433.
[    2.530187] systemd[1]: Mounted Mount unit for snapd, revision 7264.
[    2.530237] systemd[1]: Reached target Local File Systems.
[    2.530978] systemd[1]: Starting Load AppArmor profiles...
[    2.544328] systemd[1]: Starting Set console font and keymap...
[    2.555172] systemd[1]: Starting Tell Plymouth To Write Out Runtime Data...
[    2.557765] systemd[1]: Starting Show Plymouth Boot Screen...
[    2.557823] systemd[1]: Condition check resulted in Store a System Token in an EFI Variable being skipped.
[    2.557868] systemd[1]: Condition check resulted in Commit a transient machine-id on disk being skipped.
[    2.566618] systemd[1]: Finished Set console font and keymap.
[    2.566838] systemd[1]: plymouth-read-write.service: Succeeded.
[    2.567104] systemd[1]: Finished Tell Plymouth To Write Out Runtime Data.
[    2.567620] systemd[1]: Received SIGRTMIN+20 from PID 297 (plymouthd).
[    2.591061] systemd[1]: Started Show Plymouth Boot Screen.
[    2.591207] systemd[1]: Condition check resulted in Dispatch Password Requests to Console Directory Watch being skipped.
[    2.591287] systemd[1]: Started Forward Password Requests to Plymouth Directory Watch.
[    2.591317] systemd[1]: Reached target Local Encrypted Volumes.
[    2.606265] audit: type=1400 audit(1768921184.456:2): apparmor="STATUS" operation="profile_load" profile="unconfined" name="nvidia_modprobe" pid=302 comm="apparmor_parser"
[    2.606268] audit: type=1400 audit(1768921184.456:3): apparmor="STATUS" operation="profile_load" profile="unconfined" name="nvidia_modprobe//kmod" pid=302 comm="apparmor_parser"
[    2.612838] audit: type=1400 audit(1768921184.468:4): apparmor="STATUS" operation="profile_load" profile="unconfined" name="/usr/sbin/tcpdump" pid=303 comm="apparmor_parser"
[    2.653977] audit: type=1400 audit(1768921184.500:5): apparmor="STATUS" operation="profile_load" profile="unconfined" name="/usr/bin/evince" pid=305 comm="apparmor_parser"
[    2.653979] audit: type=1400 audit(1768921184.500:6): apparmor="STATUS" operation="profile_load" profile="unconfined" name="/usr/bin/evince//sanitized_helper" pid=305 comm="apparmor_parser"
[    2.653980] audit: type=1400 audit(1768921184.500:7): apparmor="STATUS" operation="profile_load" profile="unconfined" name="/usr/bin/evince-previewer" pid=305 comm="apparmor_parser"
[    2.653982] audit: type=1400 audit(1768921184.500:8): apparmor="STATUS" operation="profile_load" profile="unconfined" name="/usr/bin/evince-previewer//sanitized_helper" pid=305 comm="apparmor_parser"
[    2.653983] audit: type=1400 audit(1768921184.500:9): apparmor="STATUS" operation="profile_load" profile="unconfined" name="/usr/bin/evince-thumbnailer" pid=305 comm="apparmor_parser"
[    2.670907] audit: type=1400 audit(1768921184.524:10): apparmor="STATUS" operation="profile_load" profile="unconfined" name="/usr/lib/cups/backend/cups-pdf" pid=306 comm="apparmor_parser"
[    2.738030] systemd[1]: Finished Load AppArmor profiles.
[    2.738945] systemd[1]: Starting Load AppArmor profiles managed internally by snapd...
[    2.820485] systemd[1]: Finished Load AppArmor profiles managed internally by snapd.
[    2.975756] systemd[1]: Started Journal Service.
[    2.982633] systemd-journald[228]: Received client request to flush runtime journal.
[    4.344834] RAPL PMU: API unit is 2^-32 Joules, 0 fixed counters, 10737418240 ms ovfl timer
[    4.395626] cryptd: max_cpu_qlen set to 1000
[    4.404862] AVX2 version of gcm_enc/dec engaged.
[    4.404863] AES CTR mode by8 optimization enabled
[    5.197921] Adding 1998844k swap on /dev/sda1.  Priority:-2 extents:1 across:1998844k FS
[    6.451948] kauditd_printk_skb: 30 callbacks suppressed
[    6.451950] audit: type=1400 audit(1768921188.304:41): apparmor="DENIED" operation="capable" profile="/usr/sbin/cups-browsed" pid=500 comm="cups-browsed" capability=23  capname="sys_nice"
[    7.403889] pcnet32 0000:00:03.0 enp0s3: link up, 100Mbps, full-duplex
[    7.439425] e1000: enp0s8 NIC Link is Up 1000 Mbps Full Duplex, Flow Control: RX
[    7.439783] IPv6: ADDRCONF(NETDEV_CHANGE): enp0s8: link becomes ready
[    7.452759] e1000: enp0s9 NIC Link is Up 1000 Mbps Full Duplex, Flow Control: RX
[    7.453052] IPv6: ADDRCONF(NETDEV_CHANGE): enp0s9: link becomes ready
[    8.008984] device enp0s3 entered promiscuous mode
[    8.040639] audit: type=1400 audit(1768921189.888:42): apparmor="DENIED" operation="open" profile="/usr/sbin/tcpdump" name="/proc/sys/kernel/random/boot_id" pid=682 comm="tcpdump" requested_mask="r" denied_mask="r" fsuid=0 ouid=0
[    8.040892] audit: type=1400 audit(1768921189.888:43): apparmor="DENIED" operation="open" profile="/usr/sbin/tcpdump" name="/proc/sys/kernel/random/boot_id" pid=682 comm="tcpdump" requested_mask="r" denied_mask="r" fsuid=0 ouid=0
[    8.040934] audit: type=1400 audit(1768921189.888:44): apparmor="DENIED" operation="open" profile="/usr/sbin/tcpdump" name="/proc/sys/kernel/random/boot_id" pid=682 comm="tcpdump" requested_mask="r" denied_mask="r" fsuid=0 ouid=0
[    8.041026] audit: type=1400 audit(1768921189.888:45): apparmor="DENIED" operation="open" profile="/usr/sbin/tcpdump" name="/proc/sys/kernel/random/boot_id" pid=682 comm="tcpdump" requested_mask="r" denied_mask="r" fsuid=0 ouid=0
[    8.041368] audit: type=1400 audit(1768921189.888:46): apparmor="DENIED" operation="open" profile="/usr/sbin/tcpdump" name="/proc/sys/kernel/random/boot_id" pid=683 comm="tcpdump" requested_mask="r" denied_mask="r" fsuid=0 ouid=0
[    8.041686] audit: type=1400 audit(1768921189.888:47): apparmor="DENIED" operation="open" profile="/usr/sbin/tcpdump" name="/proc/sys/kernel/random/boot_id" pid=683 comm="tcpdump" requested_mask="r" denied_mask="r" fsuid=0 ouid=0
[    8.041727] audit: type=1400 audit(1768921189.888:48): apparmor="DENIED" operation="open" profile="/usr/sbin/tcpdump" name="/proc/sys/kernel/random/boot_id" pid=683 comm="tcpdump" requested_mask="r" denied_mask="r" fsuid=0 ouid=0
[    8.041781] audit: type=1400 audit(1768921189.888:49): apparmor="DENIED" operation="open" profile="/usr/sbin/tcpdump" name="/proc/sys/kernel/random/boot_id" pid=683 comm="tcpdump" requested_mask="r" denied_mask="r" fsuid=0 ouid=0
[   12.828366] rfkill: input handler disabled
[  269.664408] rfkill: input handler enabled
[  278.116267] rfkill: input handler disabled
[  369.030127] AAAAA-TCP_SEND: name:enp0s3: saddr:100932208: daddr:16783984: srtt_us:0: RTT:0: ssthresh:2147483647: cwnd:10: delivered:0: lost:0: retrans:0
[  369.490681] AAAAA-TCP_RECV: name:enp0s3: saddr:16783984: daddr:100932208: srtt_us:0: RTT:0: ssthresh:2147483647: cwnd:10: delivered:0: lost:0: retrans:0
[  369.490708] AAAAA-TCP_SEND: name:enp0s3: saddr:100932208: daddr:16783984: srtt_us:3855784: RTT:481973: ssthresh:2147483647: cwnd:10: delivered:1: lost:0: retrans:0
[  369.490830] AAAAA-TCP_SEND: name:enp0s3: saddr:100932208: daddr:16783984: srtt_us:3855784: RTT:481973: ssthresh:2147483647: cwnd:10: delivered:1: lost:0: retrans:0
[  369.983536] AAAAA-TCP_RECV: name:enp0s3: saddr:16783984: daddr:100932208: srtt_us:3855784: RTT:481973: ssthresh:2147483647: cwnd:10: delivered:1: lost:0: retrans:0
[  370.133352] AAAAA-TCP_RECV: name:enp0s3: saddr:16783984: daddr:100932208: srtt_us:3866542: RTT:483317: ssthresh:2147483647: cwnd:10: delivered:2: lost:0: retrans:0
[  370.133382] AAAAA-TCP_SEND: name:enp0s3: saddr:100932208: daddr:16783984: srtt_us:3866542: RTT:483317: ssthresh:2147483647: cwnd:10: delivered:2: lost:0: retrans:0
[  370.133571] AAAAA-TCP_SEND: name:enp0s3: saddr:100932208: daddr:16783984: srtt_us:3866542: RTT:483317: ssthresh:2147483647: cwnd:10: delivered:2: lost:0: retrans:0
[  370.805351] AAAAA-TCP_RECV: name:enp0s3: saddr:16783984: daddr:100932208: srtt_us:3866542: RTT:483317: ssthresh:2147483647: cwnd:10: delivered:2: lost:0: retrans:0
[  370.805409] AAAAA-TCP_SEND: name:enp0s3: saddr:100932208: daddr:16783984: srtt_us:3866542: RTT:483317: ssthresh:2147483647: cwnd:10: delivered:2: lost:0: retrans:0
[  371.214553] AAAAA-TCP_RECV: name:enp0s3: saddr:16783984: daddr:100932208: srtt_us:3866542: RTT:483317: ssthresh:2147483647: cwnd:10: delivered:2: lost:0: retrans:0
[  371.214588] AAAAA-TCP_SEND: name:enp0s3: saddr:100932208: daddr:16783984: srtt_us:4464233: RTT:558029: ssthresh:2147483647: cwnd:10: delivered:3: lost:0: retrans:0
[  371.950290] AAAAA-TCP_RECV: name:enp0s3: saddr:16783984: daddr:100932208: srtt_us:4464233: RTT:558029: ssthresh:2147483647: cwnd:10: delivered:3: lost:0: retrans:0
[  371.969965] AAAAA-TCP_RECV: name:enp0s3: saddr:16783984: daddr:100932208: srtt_us:4641935: RTT:580241: ssthresh:2147483647: cwnd:10: delivered:4: lost:0: retrans:0
[  371.969994] AAAAA-TCP_SEND: name:enp0s3: saddr:100932208: daddr:16783984: srtt_us:4641935: RTT:580241: ssthresh:2147483647: cwnd:10: delivered:4: lost:0: retrans:0
[  371.970160] AAAAA-TCP_SEND: name:enp0s3: saddr:100932208: daddr:16783984: srtt_us:0: RTT:0: ssthresh:2147483647: cwnd:10: delivered:0: lost:0: retrans:0
[  372.237161] AAAAA-TCP_RECV: name:enp0s3: saddr:16783984: daddr:100932208: srtt_us:0: RTT:0: ssthresh:2147483647: cwnd:10: delivered:0: lost:0: retrans:0
[  372.237201] AAAAA-TCP_SEND: name:enp0s3: saddr:100932208: daddr:16783984: srtt_us:2136184: RTT:267023: ssthresh:2147483647: cwnd:10: delivered:1: lost:0: retrans:0
[  372.238231] AAAAA-TCP_SEND: name:enp0s3: saddr:100932208: daddr:16783984: srtt_us:2136184: RTT:267023: ssthresh:2147483647: cwnd:10: delivered:1: lost:0: retrans:0
[  372.453634] AAAAA-TCP_RECV: name:enp0s3: saddr:16783984: daddr:100932208: srtt_us:2136184: RTT:267023: ssthresh:2147483647: cwnd:10: delivered:1: lost:0: retrans:0
[  372.480700] AAAAA-TCP_RECV: name:enp0s3: saddr:16783984: daddr:100932208: srtt_us:4641935: RTT:580241: ssthresh:2147483647: cwnd:10: delivered:4: lost:0: retrans:0
[  372.480708] AAAAA-TCP_SEND: name:enp0s3: saddr:100932208: daddr:16783984: srtt_us:4641935: RTT:580241: ssthresh:2147483647: cwnd:10: delivered:4: lost:0: retrans:0
[  372.657209] AAAAA-TCP_RECV: name:enp0s3: saddr:16783984: daddr:100932208: srtt_us:4641935: RTT:580241: ssthresh:2147483647: cwnd:10: delivered:4: lost:0: retrans:0
[  372.657220] AAAAA-TCP_SEND: name:enp0s3: saddr:100932208: daddr:16783984: srtt_us:4641935: RTT:580241: ssthresh:2147483647: cwnd:10: delivered:4: lost:0: retrans:0
[  372.661267] AAAAA-TCP_SEND: name:enp0s3: saddr:100932208: daddr:16783984: srtt_us:2084571: RTT:260571: ssthresh:2147483647: cwnd:10: delivered:2: lost:0: retrans:0
[  372.661440] AAAAA-TCP_SEND: name:enp0s3: saddr:100932208: daddr:16783984: srtt_us:2084571: RTT:260571: ssthresh:2147483647: cwnd:10: delivered:2: lost:0: retrans:0
[  372.661452] AAAAA-TCP_SEND: name:enp0s3: saddr:100932208: daddr:16783984: srtt_us:2084571: RTT:260571: ssthresh:2147483647: cwnd:10: delivered:2: lost:0: retrans:0
[  372.661591] AAAAA-TCP_SEND: name:enp0s3: saddr:100932208: daddr:16783984: srtt_us:2084571: RTT:260571: ssthresh:2147483647: cwnd:10: delivered:2: lost:0: retrans:0
[  372.661672] AAAAA-TCP_SEND: name:enp0s3: saddr:100932208: daddr:16783984: srtt_us:2084571: RTT:260571: ssthresh:2147483647: cwnd:10: delivered:2: lost:0: retrans:0
[  372.846737] AAAAA-TCP_RECV: name:enp0s3: saddr:16783984: daddr:100932208: srtt_us:2084571: RTT:260571: ssthresh:2147483647: cwnd:10: delivered:2: lost:0: retrans:0
[  372.846772] AAAAA-TCP_SEND: name:enp0s3: saddr:100932208: daddr:16783984: srtt_us:2009500: RTT:251187: ssthresh:2147483647: cwnd:11: delivered:3: lost:0: retrans:0
[  373.071316] AAAAA-TCP_RECV: name:enp0s3: saddr:16783984: daddr:100932208: srtt_us:2009500: RTT:251187: ssthresh:2147483647: cwnd:11: delivered:3: lost:0: retrans:0
[  373.071349] AAAAA-TCP_SEND: name:enp0s3: saddr:100932208: daddr:16783984: srtt_us:2168392: RTT:271049: ssthresh:2147483647: cwnd:12: delivered:4: lost:0: retrans:0
[  373.133671] AAAAA-TCP_RECV: name:enp0s3: saddr:16783984: daddr:100932208: srtt_us:2168392: RTT:271049: ssthresh:2147483647: cwnd:12: delivered:4: lost:0: retrans:0
[  373.133702] AAAAA-TCP_SEND: name:enp0s3: saddr:100932208: daddr:16783984: srtt_us:2369774: RTT:296221: ssthresh:2147483647: cwnd:13: delivered:5: lost:0: retrans:0
[  373.240316] AAAAA-TCP_RECV: name:enp0s3: saddr:16783984: daddr:100932208: srtt_us:2369774: RTT:296221: ssthresh:2147483647: cwnd:13: delivered:5: lost:0: retrans:0
[  373.240362] AAAAA-TCP_SEND: name:enp0s3: saddr:100932208: daddr:16783984: srtt_us:2652463: RTT:331557: ssthresh:2147483647: cwnd:14: delivered:6: lost:0: retrans:0
[  373.306242] AAAAA-TCP_RECV: name:enp0s3: saddr:16783984: daddr:100932208: srtt_us:2652463: RTT:331557: ssthresh:2147483647: cwnd:14: delivered:6: lost:0: retrans:0
[  373.306274] AAAAA-TCP_SEND: name:enp0s3: saddr:100932208: daddr:16783984: srtt_us:2965727: RTT:370715: ssthresh:2147483647: cwnd:15: delivered:7: lost:0: retrans:0
[  373.379110] AAAAA-TCP_RECV: name:enp0s3: saddr:16783984: daddr:100932208: srtt_us:2965727: RTT:370715: ssthresh:2147483647: cwnd:15: delivered:7: lost:0: retrans:0
[  373.379144] AAAAA-TCP_SEND: name:enp0s3: saddr:100932208: daddr:16783984: srtt_us:3312701: RTT:414087: ssthresh:2147483647: cwnd:16: delivered:8: lost:0: retrans:0
[  373.469631] AAAAA-TCP_RECV: name:enp0s3: saddr:16783984: daddr:100932208: srtt_us:3312701: RTT:414087: ssthresh:2147483647: cwnd:16: delivered:8: lost:0: retrans:0
[  373.469698] AAAAA-TCP_SEND: name:enp0s3: saddr:100932208: daddr:16783984: srtt_us:3706695: RTT:463336: ssthresh:2147483647: cwnd:17: delivered:9: lost:0: retrans:0
[  373.558332] AAAAA-TCP_RECV: name:enp0s3: saddr:16783984: daddr:100932208: srtt_us:3706695: RTT:463336: ssthresh:2147483647: cwnd:17: delivered:9: lost:0: retrans:0
[  373.558426] AAAAA-TCP_SEND: name:enp0s3: saddr:100932208: daddr:16783984: srtt_us:4140142: RTT:517517: ssthresh:2147483647: cwnd:18: delivered:10: lost:0: retrans:0
[  373.718673] AAAAA-TCP_RECV: name:enp0s3: saddr:16783984: daddr:100932208: srtt_us:4140142: RTT:517517: ssthresh:2147483647: cwnd:18: delivered:10: lost:0: retrans:0
[  373.718726] AAAAA-TCP_SEND: name:enp0s3: saddr:100932208: daddr:16783984: srtt_us:4679660: RTT:584957: ssthresh:2147483647: cwnd:19: delivered:11: lost:0: retrans:0
[  373.809038] AAAAA-TCP_RECV: name:enp0s3: saddr:16783984: daddr:100932208: srtt_us:4679660: RTT:584957: ssthresh:2147483647: cwnd:19: delivered:11: lost:0: retrans:0
[  373.809077] AAAAA-TCP_SEND: name:enp0s3: saddr:100932208: daddr:16783984: srtt_us:5242091: RTT:655261: ssthresh:2147483647: cwnd:20: delivered:12: lost:0: retrans:0
[  373.907192] AAAAA-TCP_RECV: name:enp0s3: saddr:16783984: daddr:100932208: srtt_us:5242091: RTT:655261: ssthresh:2147483647: cwnd:20: delivered:12: lost:0: retrans:0
[  373.907231] AAAAA-TCP_SEND: name:enp0s3: saddr:100932208: daddr:16783984: srtt_us:5647282: RTT:705910: ssthresh:2147483647: cwnd:21: delivered:13: lost:0: retrans:0
[  373.997028] AAAAA-TCP_RECV: name:enp0s3: saddr:16783984: daddr:100932208: srtt_us:5647282: RTT:705910: ssthresh:2147483647: cwnd:21: delivered:13: lost:0: retrans:0
[  373.997062] AAAAA-TCP_SEND: name:enp0s3: saddr:100932208: daddr:16783984: srtt_us:6091641: RTT:761455: ssthresh:2147483647: cwnd:22: delivered:14: lost:0: retrans:0
[  374.238819] AAAAA-TCP_RECV: name:enp0s3: saddr:16783984: daddr:100932208: srtt_us:6091641: RTT:761455: ssthresh:2147483647: cwnd:22: delivered:14: lost:0: retrans:0
[  374.238857] AAAAA-TCP_SEND: name:enp0s3: saddr:100932208: daddr:16783984: srtt_us:6497683: RTT:812210: ssthresh:2147483647: cwnd:23: delivered:15: lost:0: retrans:0
[  374.327084] AAAAA-TCP_RECV: name:enp0s3: saddr:16783984: daddr:100932208: srtt_us:6497683: RTT:812210: ssthresh:2147483647: cwnd:23: delivered:15: lost:0: retrans:0
[  374.327164] AAAAA-TCP_SEND: name:enp0s3: saddr:100932208: daddr:16783984: srtt_us:6941265: RTT:867658: ssthresh:2147483647: cwnd:24: delivered:16: lost:0: retrans:0
[  374.384288] AAAAA-TCP_RECV: name:enp0s3: saddr:16783984: daddr:100932208: srtt_us:6941265: RTT:867658: ssthresh:2147483647: cwnd:24: delivered:16: lost:0: retrans:0
[  374.384375] AAAAA-TCP_SEND: name:enp0s3: saddr:100932208: daddr:16783984: srtt_us:7324248: RTT:915531: ssthresh:24: cwnd:24: delivered:17: lost:0: retrans:0
[  374.530210] AAAAA-TCP_RECV: name:enp0s3: saddr:16783984: daddr:100932208: srtt_us:7324248: RTT:915531: ssthresh:24: cwnd:24: delivered:17: lost:0: retrans:0
[  374.530251] AAAAA-TCP_SEND: name:enp0s3: saddr:100932208: daddr:16783984: srtt_us:7805255: RTT:975656: ssthresh:24: cwnd:24: delivered:18: lost:0: retrans:0
[  374.665706] AAAAA-TCP_RECV: name:enp0s3: saddr:16783984: daddr:100932208: srtt_us:7805255: RTT:975656: ssthresh:24: cwnd:24: delivered:18: lost:0: retrans:0
[  374.665743] AAAAA-TCP_SEND: name:enp0s3: saddr:100932208: daddr:16783984: srtt_us:8254970: RTT:1031871: ssthresh:24: cwnd:24: delivered:19: lost:0: retrans:0
[  374.980553] AAAAA-TCP_RECV: name:enp0s3: saddr:16783984: daddr:100932208: srtt_us:8254970: RTT:1031871: ssthresh:24: cwnd:24: delivered:19: lost:0: retrans:0
[  374.980585] AAAAA-TCP_SEND: name:enp0s3: saddr:100932208: daddr:16783984: srtt_us:8963316: RTT:1120414: ssthresh:24: cwnd:24: delivered:21: lost:0: retrans:0
[  375.179103] AAAAA-TCP_RECV: name:enp0s3: saddr:16783984: daddr:100932208: srtt_us:8963316: RTT:1120414: ssthresh:24: cwnd:24: delivered:21: lost:0: retrans:0
[  375.179134] AAAAA-TCP_SEND: name:enp0s3: saddr:100932208: daddr:16783984: srtt_us:9715755: RTT:1214469: ssthresh:24: cwnd:24: delivered:23: lost:0: retrans:0
[  375.309135] AAAAA-TCP_RECV: name:enp0s3: saddr:16783984: daddr:100932208: srtt_us:9715755: RTT:1214469: ssthresh:24: cwnd:24: delivered:23: lost:0: retrans:0
[  375.309208] AAAAA-TCP_SEND: name:enp0s3: saddr:100932208: daddr:16783984: srtt_us:10431328: RTT:1303916: ssthresh:24: cwnd:24: delivered:25: lost:0: retrans:0
[  375.399999] AAAAA-TCP_RECV: name:enp0s3: saddr:16783984: daddr:100932208: srtt_us:10431328: RTT:1303916: ssthresh:24: cwnd:24: delivered:25: lost:0: retrans:0
[  375.400036] AAAAA-TCP_SEND: name:enp0s3: saddr:100932208: daddr:16783984: srtt_us:11057751: RTT:1382218: ssthresh:24: cwnd:24: delivered:26: lost:0: retrans:0
[  375.523036] AAAAA-TCP_RECV: name:enp0s3: saddr:16783984: daddr:100932208: srtt_us:11057751: RTT:1382218: ssthresh:24: cwnd:24: delivered:26: lost:0: retrans:0
[  375.523054] AAAAA-TCP_SEND: name:enp0s3: saddr:100932208: daddr:16783984: srtt_us:11640187: RTT:1455023: ssthresh:24: cwnd:24: delivered:27: lost:0: retrans:0
[  375.640957] AAAAA-TCP_RECV: name:enp0s3: saddr:16783984: daddr:100932208: srtt_us:11640187: RTT:1455023: ssthresh:24: cwnd:24: delivered:27: lost:0: retrans:0
[  375.641037] AAAAA-TCP_SEND: name:enp0s3: saddr:100932208: daddr:16783984: srtt_us:12267773: RTT:1533471: ssthresh:24: cwnd:24: delivered:29: lost:0: retrans:0
[  375.749788] AAAAA-TCP_RECV: name:enp0s3: saddr:16783984: daddr:100932208: srtt_us:12267773: RTT:1533471: ssthresh:24: cwnd:24: delivered:29: lost:0: retrans:0
[  375.749841] AAAAA-TCP_SEND: name:enp0s3: saddr:100932208: daddr:16783984: srtt_us:12675052: RTT:1584381: ssthresh:24: cwnd:24: delivered:31: lost:0: retrans:0
[  375.934089] AAAAA-TCP_RECV: name:enp0s3: saddr:16783984: daddr:100932208: srtt_us:12675052: RTT:1584381: ssthresh:24: cwnd:24: delivered:31: lost:0: retrans:0
[  375.934176] AAAAA-TCP_SEND: name:enp0s3: saddr:100932208: daddr:16783984: srtt_us:13117586: RTT:1639698: ssthresh:24: cwnd:25: delivered:33: lost:0: retrans:0
[  375.936435] AAAAA-TCP_SEND: name:enp0s3: saddr:100932208: daddr:16783984: srtt_us:13117586: RTT:1639698: ssthresh:24: cwnd:25: delivered:33: lost:0: retrans:0
[  376.050146] AAAAA-TCP_RECV: name:enp0s3: saddr:16783984: daddr:100932208: srtt_us:13117586: RTT:1639698: ssthresh:24: cwnd:25: delivered:33: lost:0: retrans:0
[  376.050177] AAAAA-TCP_SEND: name:enp0s3: saddr:100932208: daddr:16783984: srtt_us:13530993: RTT:1691374: ssthresh:24: cwnd:25: delivered:35: lost:0: retrans:0
[  376.242885] AAAAA-TCP_RECV: name:enp0s3: saddr:16783984: daddr:100932208: srtt_us:13530993: RTT:1691374: ssthresh:24: cwnd:25: delivered:35: lost:0: retrans:0
[  376.242902] AAAAA-TCP_SEND: name:enp0s3: saddr:100932208: daddr:16783984: srtt_us:13843660: RTT:1730457: ssthresh:24: cwnd:25: delivered:37: lost:0: retrans:0
[  376.531510] AAAAA-TCP_RECV: name:enp0s3: saddr:16783984: daddr:100932208: srtt_us:13843660: RTT:1730457: ssthresh:24: cwnd:25: delivered:37: lost:0: retrans:0
[  376.531543] AAAAA-TCP_SEND: name:enp0s3: saddr:100932208: daddr:16783984: srtt_us:14317584: RTT:1789698: ssthresh:24: cwnd:26: delivered:39: lost:0: retrans:0
[  376.687677] AAAAA-TCP_RECV: name:enp0s3: saddr:16783984: daddr:100932208: srtt_us:14317584: RTT:1789698: ssthresh:24: cwnd:26: delivered:39: lost:0: retrans:0
[  376.687715] AAAAA-TCP_SEND: name:enp0s3: saddr:100932208: daddr:16783984: srtt_us:14831234: RTT:1853904: ssthresh:24: cwnd:26: delivered:41: lost:0: retrans:0
[  376.830091] AAAAA-TCP_RECV: name:enp0s3: saddr:16783984: daddr:100932208: srtt_us:14831234: RTT:1853904: ssthresh:24: cwnd:26: delivered:41: lost:0: retrans:0
[  376.830124] AAAAA-TCP_SEND: name:enp0s3: saddr:100932208: daddr:16783984: srtt_us:15277197: RTT:1909649: ssthresh:24: cwnd:27: delivered:43: lost:0: retrans:0
[  376.830914] AAAAA-TCP_SEND: name:enp0s3: saddr:100932208: daddr:16783984: srtt_us:15277197: RTT:1909649: ssthresh:24: cwnd:27: delivered:43: lost:0: retrans:0
[  377.012021] AAAAA-TCP_RECV: name:enp0s3: saddr:16783984: daddr:100932208: srtt_us:15277197: RTT:1909649: ssthresh:24: cwnd:27: delivered:43: lost:0: retrans:0
[  377.012067] AAAAA-TCP_SEND: name:enp0s3: saddr:100932208: daddr:16783984: srtt_us:15399016: RTT:1924877: ssthresh:24: cwnd:27: delivered:45: lost:0: retrans:0
[  377.159495] AAAAA-TCP_RECV: name:enp0s3: saddr:16783984: daddr:100932208: srtt_us:15399016: RTT:1924877: ssthresh:24: cwnd:27: delivered:45: lost:0: retrans:0
[  377.159543] AAAAA-TCP_SEND: name:enp0s3: saddr:100932208: daddr:16783984: srtt_us:15454534: RTT:1931816: ssthresh:24: cwnd:28: delivered:47: lost:0: retrans:0
[  377.261625] AAAAA-TCP_RECV: name:enp0s3: saddr:16783984: daddr:100932208: srtt_us:15454534: RTT:1931816: ssthresh:24: cwnd:28: delivered:47: lost:0: retrans:0
[  377.360987] AAAAA-TCP_RECV: name:enp0s3: saddr:16783984: daddr:100932208: srtt_us:15475167: RTT:1934395: ssthresh:24: cwnd:28: delivered:48: lost:0: retrans:0
[  377.438824] AAAAA-TCP_RECV: name:enp0s3: saddr:16783984: daddr:100932208: srtt_us:15592586: RTT:1949073: ssthresh:24: cwnd:29: delivered:49: lost:0: retrans:0
[  377.607773] AAAAA-TCP_RECV: name:enp0s3: saddr:16783984: daddr:100932208: srtt_us:15682357: RTT:1960294: ssthresh:24: cwnd:29: delivered:50: lost:0: retrans:0
[  377.699003] AAAAA-TCP_RECV: name:enp0s3: saddr:16783984: daddr:100932208: srtt_us:15806814: RTT:1975851: ssthresh:24: cwnd:30: delivered:51: lost:0: retrans:0
[  377.699034] AAAAA-TCP_SEND: name:enp0s3: saddr:100932208: daddr:16783984: srtt_us:15888958: RTT:1986119: ssthresh:24: cwnd:31: delivered:52: lost:0: retrans:0
[  377.797874] AAAAA-TCP_RECV: name:enp0s3: saddr:16783984: daddr:100932208: srtt_us:15888958: RTT:1986119: ssthresh:24: cwnd:31: delivered:52: lost:0: retrans:0
[  377.882972] AAAAA-TCP_RECV: name:enp0s3: saddr:16783984: daddr:100932208: srtt_us:15950905: RTT:1993863: ssthresh:24: cwnd:31: delivered:53: lost:0: retrans:0
[  377.958038] AAAAA-TCP_RECV: name:enp0s3: saddr:16783984: daddr:100932208: srtt_us:16090206: RTT:2011275: ssthresh:24: cwnd:32: delivered:54: lost:0: retrans:0
[  378.007174] AAAAA-TCP_RECV: name:enp0s3: saddr:16783984: daddr:100932208: srtt_us:16102832: RTT:2012854: ssthresh:24: cwnd:32: delivered:55: lost:0: retrans:0
[  378.085928] AAAAA-TCP_RECV: name:enp0s3: saddr:16783984: daddr:100932208: srtt_us:16163034: RTT:2020379: ssthresh:24: cwnd:33: delivered:56: lost:0: retrans:0
[  378.133629] AAAAA-TCP_RECV: name:enp0s3: saddr:16783984: daddr:100932208: srtt_us:16292185: RTT:2036523: ssthresh:24: cwnd:33: delivered:57: lost:0: retrans:0
[  378.236013] AAAAA-TCP_RECV: name:enp0s3: saddr:16783984: daddr:100932208: srtt_us:16452891: RTT:2056611: ssthresh:24: cwnd:34: delivered:58: lost:0: retrans:0
[  378.301317] AAAAA-TCP_RECV: name:enp0s3: saddr:16783984: daddr:100932208: srtt_us:16582147: RTT:2072768: ssthresh:24: cwnd:34: delivered:59: lost:0: retrans:0
[  378.400790] AAAAA-TCP_RECV: name:enp0s3: saddr:16783984: daddr:100932208: srtt_us:16760571: RTT:2095071: ssthresh:24: cwnd:35: delivered:60: lost:0: retrans:0
[  378.452475] AAAAA-TCP_RECV: name:enp0s3: saddr:16783984: daddr:100932208: srtt_us:16823413: RTT:2102926: ssthresh:24: cwnd:35: delivered:61: lost:0: retrans:0
[  378.527986] AAAAA-TCP_RECV: name:enp0s3: saddr:16783984: daddr:100932208: srtt_us:16930081: RTT:2116260: ssthresh:24: cwnd:36: delivered:62: lost:0: retrans:0
[  378.591870] AAAAA-TCP_RECV: name:enp0s3: saddr:16783984: daddr:100932208: srtt_us:16810289: RTT:2101286: ssthresh:24: cwnd:36: delivered:63: lost:0: retrans:0
[  378.671355] AAAAA-TCP_RECV: name:enp0s3: saddr:16783984: daddr:100932208: srtt_us:16769353: RTT:2096169: ssthresh:24: cwnd:37: delivered:64: lost:0: retrans:0
[  378.740858] AAAAA-TCP_RECV: name:enp0s3: saddr:16783984: daddr:100932208: srtt_us:16656849: RTT:2082106: ssthresh:24: cwnd:37: delivered:65: lost:0: retrans:0
[  378.822148] AAAAA-TCP_RECV: name:enp0s3: saddr:16783984: daddr:100932208: srtt_us:16627909: RTT:2078488: ssthresh:24: cwnd:38: delivered:66: lost:0: retrans:0
[  378.898505] AAAAA-TCP_RECV: name:enp0s3: saddr:16783984: daddr:100932208: srtt_us:16541466: RTT:2067683: ssthresh:24: cwnd:38: delivered:67: lost:0: retrans:0
[  378.953526] AAAAA-TCP_RECV: name:enp0s3: saddr:16783984: daddr:100932208: srtt_us:16542173: RTT:2067771: ssthresh:24: cwnd:39: delivered:68: lost:0: retrans:0
[  379.035432] AAAAA-TCP_RECV: name:enp0s3: saddr:16783984: daddr:100932208: srtt_us:16597035: RTT:2074629: ssthresh:24: cwnd:39: delivered:69: lost:0: retrans:0
[  379.125880] AAAAA-TCP_RECV: name:enp0s3: saddr:16783984: daddr:100932208: srtt_us:16726944: RTT:2090868: ssthresh:24: cwnd:40: delivered:70: lost:0: retrans:0
[  379.217622] AAAAA-TCP_RECV: name:enp0s3: saddr:16783984: daddr:100932208: srtt_us:16749917: RTT:2093739: ssthresh:24: cwnd:40: delivered:71: lost:0: retrans:0
[  379.289970] AAAAA-TCP_RECV: name:enp0s3: saddr:16783984: daddr:100932208: srtt_us:16861759: RTT:2107719: ssthresh:24: cwnd:41: delivered:72: lost:0: retrans:0
[  379.357853] AAAAA-TCP_RECV: name:enp0s3: saddr:16783984: daddr:100932208: srtt_us:16884493: RTT:2110561: ssthresh:24: cwnd:41: delivered:73: lost:0: retrans:0
[  379.386205] AAAAA-TCP_RECV: name:enp0s3: saddr:16783984: daddr:100932208: srtt_us:16972268: RTT:2121533: ssthresh:24: cwnd:42: delivered:74: lost:0: retrans:0
[  396.969912] AAAAA-TCP_SEND: name:enp0s3: saddr:100932208: daddr:16783984: srtt_us:16537926: RTT:2067240: ssthresh:31: cwnd:10: delivered:75: lost:0: retrans:0
[  396.969949] AAAAA-TCP_SEND: name:enp0s3: saddr:100932208: daddr:16783984: srtt_us:16537926: RTT:2067240: ssthresh:31: cwnd:10: delivered:75: lost:0: retrans:0
[  396.970065] AAAAA-TCP_SEND: name:enp0s3: saddr:100932208: daddr:16783984: srtt_us:16537926: RTT:2067240: ssthresh:31: cwnd:10: delivered:75: lost:0: retrans:0
[  396.970159] AAAAA-TCP_SEND: name:enp0s3: saddr:100932208: daddr:16783984: srtt_us:16537926: RTT:2067240: ssthresh:31: cwnd:10: delivered:75: lost:0: retrans:0
[  396.970254] AAAAA-TCP_SEND: name:enp0s3: saddr:100932208: daddr:16783984: srtt_us:16537926: RTT:2067240: ssthresh:31: cwnd:10: delivered:75: lost:0: retrans:0
[  397.807502] AAAAA-TCP_RECV: name:enp0s3: saddr:16783984: daddr:100932208: srtt_us:16537926: RTT:2067240: ssthresh:31: cwnd:10: delivered:75: lost:0: retrans:0
[  397.807543] AAAAA-TCP_SEND: name:enp0s3: saddr:100932208: daddr:16783984: srtt_us:15308316: RTT:1913539: ssthresh:31: cwnd:11: delivered:76: lost:0: retrans:0
[  397.869226] AAAAA-TCP_RECV: name:enp0s3: saddr:16783984: daddr:100932208: srtt_us:15308316: RTT:1913539: ssthresh:31: cwnd:11: delivered:76: lost:0: retrans:0
[  397.869255] AAAAA-TCP_SEND: name:enp0s3: saddr:100932208: daddr:16783984: srtt_us:14294128: RTT:1786766: ssthresh:31: cwnd:12: delivered:77: lost:0: retrans:0
[  397.981097] AAAAA-TCP_RECV: name:enp0s3: saddr:16783984: daddr:100932208: srtt_us:14294128: RTT:1786766: ssthresh:31: cwnd:12: delivered:77: lost:0: retrans:0
[  397.981121] AAAAA-TCP_SEND: name:enp0s3: saddr:100932208: daddr:16783984: srtt_us:13518528: RTT:1689816: ssthresh:31: cwnd:13: delivered:78: lost:0: retrans:0
[  398.088744] AAAAA-TCP_RECV: name:enp0s3: saddr:16783984: daddr:100932208: srtt_us:13518528: RTT:1689816: ssthresh:31: cwnd:13: delivered:78: lost:0: retrans:0
[  398.088773] AAAAA-TCP_SEND: name:enp0s3: saddr:100932208: daddr:16783984: srtt_us:12947527: RTT:1618440: ssthresh:31: cwnd:14: delivered:79: lost:0: retrans:0
[  398.978476] AAAAA-TCP_RECV: name:enp0s3: saddr:16783984: daddr:100932208: srtt_us:12947527: RTT:1618440: ssthresh:31: cwnd:14: delivered:79: lost:0: retrans:0
[  398.978523] AAAAA-TCP_SEND: name:enp0s3: saddr:100932208: daddr:16783984: srtt_us:13337523: RTT:1667190: ssthresh:31: cwnd:15: delivered:80: lost:0: retrans:0
[  399.111677] AAAAA-TCP_RECV: name:enp0s3: saddr:16783984: daddr:100932208: srtt_us:13337523: RTT:1667190: ssthresh:31: cwnd:15: delivered:80: lost:0: retrans:0
[  399.111708] AAAAA-TCP_SEND: name:enp0s3: saddr:100932208: daddr:16783984: srtt_us:13811964: RTT:1726495: ssthresh:31: cwnd:16: delivered:81: lost:0: retrans:0
[  399.295783] AAAAA-TCP_RECV: name:enp0s3: saddr:16783984: daddr:100932208: srtt_us:13811964: RTT:1726495: ssthresh:31: cwnd:16: delivered:81: lost:0: retrans:0
[  399.295812] AAAAA-TCP_SEND: name:enp0s3: saddr:100932208: daddr:16783984: srtt_us:14411111: RTT:1801388: ssthresh:31: cwnd:17: delivered:82: lost:0: retrans:0
[  399.374125] AAAAA-TCP_RECV: name:enp0s3: saddr:16783984: daddr:100932208: srtt_us:14411111: RTT:1801388: ssthresh:31: cwnd:17: delivered:82: lost:0: retrans:0
[  399.374152] AAAAA-TCP_SEND: name:enp0s3: saddr:100932208: daddr:16783984: srtt_us:15013707: RTT:1876713: ssthresh:31: cwnd:18: delivered:83: lost:0: retrans:0
[  399.484919] AAAAA-TCP_RECV: name:enp0s3: saddr:16783984: daddr:100932208: srtt_us:15013707: RTT:1876713: ssthresh:31: cwnd:18: delivered:83: lost:0: retrans:0
[  399.484941] AAAAA-TCP_SEND: name:enp0s3: saddr:100932208: daddr:16783984: srtt_us:15651676: RTT:1956459: ssthresh:31: cwnd:19: delivered:84: lost:0: retrans:0
[  399.591668] AAAAA-TCP_RECV: name:enp0s3: saddr:16783984: daddr:100932208: srtt_us:15651676: RTT:1956459: ssthresh:31: cwnd:19: delivered:84: lost:0: retrans:0
[  399.591698] AAAAA-TCP_SEND: name:enp0s3: saddr:100932208: daddr:16783984: srtt_us:16316650: RTT:2039581: ssthresh:31: cwnd:20: delivered:85: lost:0: retrans:0
[  399.688934] AAAAA-TCP_RECV: name:enp0s3: saddr:16783984: daddr:100932208: srtt_us:16316650: RTT:2039581: ssthresh:31: cwnd:20: delivered:85: lost:0: retrans:0
[  399.688963] AAAAA-TCP_SEND: name:enp0s3: saddr:100932208: daddr:16783984: srtt_us:16158489: RTT:2019811: ssthresh:31: cwnd:21: delivered:86: lost:0: retrans:0
[  399.763051] AAAAA-TCP_RECV: name:enp0s3: saddr:16783984: daddr:100932208: srtt_us:16158489: RTT:2019811: ssthresh:31: cwnd:21: delivered:86: lost:0: retrans:0
[  399.763082] AAAAA-TCP_SEND: name:enp0s3: saddr:100932208: daddr:16783984: srtt_us:16094215: RTT:2011776: ssthresh:31: cwnd:22: delivered:87: lost:0: retrans:0
[  400.660025] AAAAA-TCP_RECV: name:enp0s3: saddr:16783984: daddr:100932208: srtt_us:16094215: RTT:2011776: ssthresh:31: cwnd:22: delivered:87: lost:0: retrans:0
[  400.660076] AAAAA-TCP_SEND: name:enp0s3: saddr:100932208: daddr:16783984: srtt_us:16873238: RTT:2109154: ssthresh:31: cwnd:23: delivered:88: lost:0: retrans:0
[  400.866743] AAAAA-TCP_RECV: name:enp0s3: saddr:16783984: daddr:100932208: srtt_us:16873238: RTT:2109154: ssthresh:31: cwnd:23: delivered:88: lost:0: retrans:0
[  400.866783] AAAAA-TCP_SEND: name:enp0s3: saddr:100932208: daddr:16783984: srtt_us:17761598: RTT:2220199: ssthresh:31: cwnd:24: delivered:89: lost:0: retrans:0
[  400.992011] AAAAA-TCP_RECV: name:enp0s3: saddr:16783984: daddr:100932208: srtt_us:17761598: RTT:2220199: ssthresh:31: cwnd:24: delivered:89: lost:0: retrans:0
[  400.992036] AAAAA-TCP_SEND: name:enp0s3: saddr:100932208: daddr:16783984: srtt_us:18552309: RTT:2319038: ssthresh:31: cwnd:25: delivered:90: lost:0: retrans:0
[  401.256756] AAAAA-TCP_RECV: name:enp0s3: saddr:16783984: daddr:100932208: srtt_us:18552309: RTT:2319038: ssthresh:31: cwnd:25: delivered:90: lost:0: retrans:0
[  401.256785] AAAAA-TCP_SEND: name:enp0s3: saddr:100932208: daddr:16783984: srtt_us:19508928: RTT:2438616: ssthresh:31: cwnd:26: delivered:91: lost:0: retrans:0
[  401.516000] AAAAA-TCP_RECV: name:enp0s3: saddr:16783984: daddr:100932208: srtt_us:19508928: RTT:2438616: ssthresh:31: cwnd:26: delivered:91: lost:0: retrans:0
[  401.516040] AAAAA-TCP_SEND: name:enp0s3: saddr:100932208: daddr:16783984: srtt_us:20497548: RTT:2562193: ssthresh:31: cwnd:27: delivered:92: lost:0: retrans:0
[  401.630279] AAAAA-TCP_RECV: name:enp0s3: saddr:16783984: daddr:100932208: srtt_us:20497548: RTT:2562193: ssthresh:31: cwnd:27: delivered:92: lost:0: retrans:0
[  401.630310] AAAAA-TCP_SEND: name:enp0s3: saddr:100932208: daddr:16783984: srtt_us:21476884: RTT:2684610: ssthresh:31: cwnd:28: delivered:93: lost:0: retrans:0
[  401.746245] AAAAA-TCP_RECV: name:enp0s3: saddr:16783984: daddr:100932208: srtt_us:21476884: RTT:2684610: ssthresh:31: cwnd:28: delivered:93: lost:0: retrans:0
[  401.746273] AAAAA-TCP_SEND: name:enp0s3: saddr:100932208: daddr:16783984: srtt_us:21560028: RTT:2695003: ssthresh:31: cwnd:29: delivered:94: lost:0: retrans:0
[  401.935983] AAAAA-TCP_RECV: name:enp0s3: saddr:16783984: daddr:100932208: srtt_us:21560028: RTT:2695003: ssthresh:31: cwnd:29: delivered:94: lost:0: retrans:0
[  401.935998] AAAAA-TCP_SEND: name:enp0s3: saddr:100932208: daddr:16783984: srtt_us:21822504: RTT:2727813: ssthresh:31: cwnd:30: delivered:95: lost:0: retrans:0
[  402.146761] AAAAA-TCP_RECV: name:enp0s3: saddr:16783984: daddr:100932208: srtt_us:21822504: RTT:2727813: ssthresh:31: cwnd:30: delivered:95: lost:0: retrans:0
[  402.146789] AAAAA-TCP_SEND: name:enp0s3: saddr:100932208: daddr:16783984: srtt_us:22129767: RTT:2766220: ssthresh:31: cwnd:31: delivered:96: lost:0: retrans:0
[  402.407510] AAAAA-TCP_RECV: name:enp0s3: saddr:16783984: daddr:100932208: srtt_us:22129767: RTT:2766220: ssthresh:31: cwnd:31: delivered:96: lost:0: retrans:0
[  402.407548] AAAAA-TCP_SEND: name:enp0s3: saddr:100932208: daddr:16783984: srtt_us:22659375: RTT:2832421: ssthresh:31: cwnd:32: delivered:97: lost:0: retrans:0
[  402.555790] AAAAA-TCP_RECV: name:enp0s3: saddr:16783984: daddr:100932208: srtt_us:22659375: RTT:2832421: ssthresh:31: cwnd:32: delivered:97: lost:0: retrans:0
[  402.555810] AAAAA-TCP_SEND: name:enp0s3: saddr:100932208: daddr:16783984: srtt_us:23086943: RTT:2885867: ssthresh:31: cwnd:32: delivered:98: lost:0: retrans:0
[  402.918666] AAAAA-TCP_RECV: name:enp0s3: saddr:16783984: daddr:100932208: srtt_us:23086943: RTT:2885867: ssthresh:31: cwnd:32: delivered:98: lost:0: retrans:0
[  402.918714] AAAAA-TCP_SEND: name:enp0s3: saddr:100932208: daddr:16783984: srtt_us:23823961: RTT:2977995: ssthresh:31: cwnd:33: delivered:99: lost:0: retrans:0
[  403.118866] AAAAA-TCP_RECV: name:enp0s3: saddr:16783984: daddr:100932208: srtt_us:23823961: RTT:2977995: ssthresh:31: cwnd:33: delivered:99: lost:0: retrans:0
[  403.118889] AAAAA-TCP_SEND: name:enp0s3: saddr:100932208: daddr:16783984: srtt_us:24590689: RTT:3073836: ssthresh:31: cwnd:33: delivered:100: lost:0: retrans:0
[  403.646660] AAAAA-TCP_RECV: name:enp0s3: saddr:16783984: daddr:100932208: srtt_us:24590689: RTT:3073836: ssthresh:31: cwnd:33: delivered:100: lost:0: retrans:0
[  403.646703] AAAAA-TCP_SEND: name:enp0s3: saddr:100932208: daddr:16783984: srtt_us:25789388: RTT:3223673: ssthresh:31: cwnd:34: delivered:101: lost:0: retrans:0
[  403.743412] AAAAA-TCP_RECV: name:enp0s3: saddr:16783984: daddr:100932208: srtt_us:25789388: RTT:3223673: ssthresh:31: cwnd:34: delivered:101: lost:0: retrans:0
[  403.743434] AAAAA-TCP_SEND: name:enp0s3: saddr:100932208: daddr:16783984: srtt_us:26824193: RTT:3353024: ssthresh:31: cwnd:34: delivered:102: lost:0: retrans:0
[  404.053835] AAAAA-TCP_RECV: name:enp0s3: saddr:16783984: daddr:100932208: srtt_us:26824193: RTT:3353024: ssthresh:31: cwnd:34: delivered:102: lost:0: retrans:0
[  404.053869] AAAAA-TCP_SEND: name:enp0s3: saddr:100932208: daddr:16783984: srtt_us:28040083: RTT:3505010: ssthresh:31: cwnd:35: delivered:103: lost:0: retrans:0
[  404.316149] AAAAA-TCP_RECV: name:enp0s3: saddr:16783984: daddr:100932208: srtt_us:28040083: RTT:3505010: ssthresh:31: cwnd:35: delivered:103: lost:0: retrans:0
[  404.316182] AAAAA-TCP_SEND: name:enp0s3: saddr:100932208: daddr:16783984: srtt_us:29259549: RTT:3657443: ssthresh:31: cwnd:35: delivered:104: lost:0: retrans:0
[  404.399711] AAAAA-TCP_RECV: name:enp0s3: saddr:16783984: daddr:100932208: srtt_us:29259549: RTT:3657443: ssthresh:31: cwnd:35: delivered:104: lost:0: retrans:0
[  404.399738] AAAAA-TCP_SEND: name:enp0s3: saddr:100932208: daddr:16783984: srtt_us:30410142: RTT:3801267: ssthresh:31: cwnd:36: delivered:105: lost:0: retrans:0
[  404.624929] AAAAA-TCP_RECV: name:enp0s3: saddr:16783984: daddr:100932208: srtt_us:30410142: RTT:3801267: ssthresh:31: cwnd:36: delivered:105: lost:0: retrans:0
[  404.624960] AAAAA-TCP_SEND: name:enp0s3: saddr:100932208: daddr:16783984: srtt_us:31544852: RTT:3943106: ssthresh:31: cwnd:36: delivered:106: lost:0: retrans:0
[  404.803873] AAAAA-TCP_RECV: name:enp0s3: saddr:16783984: daddr:100932208: srtt_us:31544852: RTT:3943106: ssthresh:31: cwnd:36: delivered:106: lost:0: retrans:0
[  404.803902] AAAAA-TCP_SEND: name:enp0s3: saddr:100932208: daddr:16783984: srtt_us:32716679: RTT:4089584: ssthresh:31: cwnd:37: delivered:107: lost:0: retrans:0
[  404.938804] AAAAA-TCP_RECV: name:enp0s3: saddr:16783984: daddr:100932208: srtt_us:32716679: RTT:4089584: ssthresh:31: cwnd:37: delivered:107: lost:0: retrans:0
[  404.938833] AAAAA-TCP_SEND: name:enp0s3: saddr:100932208: daddr:16783984: srtt_us:33802843: RTT:4225355: ssthresh:31: cwnd:37: delivered:108: lost:0: retrans:0
[  405.079073] AAAAA-TCP_RECV: name:enp0s3: saddr:16783984: daddr:100932208: srtt_us:33802843: RTT:4225355: ssthresh:31: cwnd:37: delivered:108: lost:0: retrans:0
[  405.079103] AAAAA-TCP_SEND: name:enp0s3: saddr:100932208: daddr:16783984: srtt_us:34893504: RTT:4361688: ssthresh:31: cwnd:38: delivered:109: lost:0: retrans:0
[  405.292674] AAAAA-TCP_RECV: name:enp0s3: saddr:16783984: daddr:100932208: srtt_us:34893504: RTT:4361688: ssthresh:31: cwnd:38: delivered:109: lost:0: retrans:0
[  405.292705] AAAAA-TCP_SEND: name:enp0s3: saddr:100932208: daddr:16783984: srtt_us:35164446: RTT:4395555: ssthresh:31: cwnd:38: delivered:110: lost:0: retrans:0
[  405.328870] AAAAA-TCP_RECV: name:enp0s3: saddr:16783984: daddr:100932208: srtt_us:35164446: RTT:4395555: ssthresh:31: cwnd:38: delivered:110: lost:0: retrans:0
[  405.328883] AAAAA-TCP_SEND: name:enp0s3: saddr:100932208: daddr:16783984: srtt_us:35437704: RTT:4429713: ssthresh:31: cwnd:39: delivered:111: lost:0: retrans:0
[  405.395156] AAAAA-TCP_RECV: name:enp0s3: saddr:16783984: daddr:100932208: srtt_us:35437704: RTT:4429713: ssthresh:31: cwnd:39: delivered:111: lost:0: retrans:0
[  405.395178] AAAAA-TCP_SEND: name:enp0s3: saddr:100932208: daddr:16783984: srtt_us:35536387: RTT:4442048: ssthresh:31: cwnd:39: delivered:112: lost:0: retrans:0
[  405.459352] AAAAA-TCP_RECV: name:enp0s3: saddr:16783984: daddr:100932208: srtt_us:35536387: RTT:4442048: ssthresh:31: cwnd:39: delivered:112: lost:0: retrans:0
[  405.459365] AAAAA-TCP_SEND: name:enp0s3: saddr:100932208: daddr:16783984: srtt_us:35686920: RTT:4460865: ssthresh:31: cwnd:40: delivered:113: lost:0: retrans:0
[  406.353583] AAAAA-TCP_RECV: name:enp0s3: saddr:16783984: daddr:100932208: srtt_us:35686920: RTT:4460865: ssthresh:31: cwnd:40: delivered:113: lost:0: retrans:0
[  406.353606] AAAAA-TCP_SEND: name:enp0s3: saddr:100932208: daddr:16783984: srtt_us:36587611: RTT:4573451: ssthresh:31: cwnd:41: delivered:115: lost:0: retrans:0
[  406.439784] AAAAA-TCP_RECV: name:enp0s3: saddr:16783984: daddr:100932208: srtt_us:36587611: RTT:4573451: ssthresh:31: cwnd:41: delivered:115: lost:0: retrans:0
[  406.439817] AAAAA-TCP_SEND: name:enp0s3: saddr:100932208: daddr:16783984: srtt_us:37197187: RTT:4649648: ssthresh:31: cwnd:41: delivered:116: lost:0: retrans:0
[  406.535901] AAAAA-TCP_RECV: name:enp0s3: saddr:16783984: daddr:100932208: srtt_us:37197187: RTT:4649648: ssthresh:31: cwnd:41: delivered:116: lost:0: retrans:0
[  406.535925] AAAAA-TCP_SEND: name:enp0s3: saddr:100932208: daddr:16783984: srtt_us:37826666: RTT:4728333: ssthresh:31: cwnd:42: delivered:117: lost:0: retrans:0
[  406.750714] AAAAA-TCP_RECV: name:enp0s3: saddr:16783984: daddr:100932208: srtt_us:37826666: RTT:4728333: ssthresh:31: cwnd:42: delivered:117: lost:0: retrans:0
[  406.750751] AAAAA-TCP_SEND: name:enp0s3: saddr:100932208: daddr:16783984: srtt_us:38333053: RTT:4791631: ssthresh:31: cwnd:42: delivered:118: lost:0: retrans:0
[  406.887171] AAAAA-TCP_RECV: name:enp0s3: saddr:16783984: daddr:100932208: srtt_us:38333053: RTT:4791631: ssthresh:31: cwnd:42: delivered:118: lost:0: retrans:0
[  406.887205] AAAAA-TCP_SEND: name:enp0s3: saddr:100932208: daddr:16783984: srtt_us:38912599: RTT:4864074: ssthresh:31: cwnd:43: delivered:119: lost:0: retrans:0
[  407.055578] AAAAA-TCP_RECV: name:enp0s3: saddr:16783984: daddr:100932208: srtt_us:38912599: RTT:4864074: ssthresh:31: cwnd:43: delivered:119: lost:0: retrans:0
[  407.055604] AAAAA-TCP_SEND: name:enp0s3: saddr:100932208: daddr:16783984: srtt_us:39473814: RTT:4934226: ssthresh:31: cwnd:43: delivered:120: lost:0: retrans:0
[  407.286637] AAAAA-TCP_RECV: name:enp0s3: saddr:16783984: daddr:100932208: srtt_us:39473814: RTT:4934226: ssthresh:31: cwnd:43: delivered:120: lost:0: retrans:0
[  407.286679] AAAAA-TCP_SEND: name:enp0s3: saddr:100932208: daddr:16783984: srtt_us:40195952: RTT:5024494: ssthresh:31: cwnd:44: delivered:121: lost:0: retrans:0
[  407.386198] AAAAA-TCP_RECV: name:enp0s3: saddr:16783984: daddr:100932208: srtt_us:40195952: RTT:5024494: ssthresh:31: cwnd:44: delivered:121: lost:0: retrans:0
[  407.386224] AAAAA-TCP_SEND: name:enp0s3: saddr:100932208: daddr:16783984: srtt_us:40811403: RTT:5101425: ssthresh:31: cwnd:44: delivered:122: lost:0: retrans:0
[  407.482487] AAAAA-TCP_RECV: name:enp0s3: saddr:16783984: daddr:100932208: srtt_us:40811403: RTT:5101425: ssthresh:31: cwnd:44: delivered:122: lost:0: retrans:0
[  407.482516] AAAAA-TCP_SEND: name:enp0s3: saddr:100932208: daddr:16783984: srtt_us:41446213: RTT:5180776: ssthresh:31: cwnd:45: delivered:123: lost:0: retrans:0
[  407.615589] AAAAA-TCP_RECV: name:enp0s3: saddr:16783984: daddr:100932208: srtt_us:41446213: RTT:5180776: ssthresh:31: cwnd:45: delivered:123: lost:0: retrans:0
[  407.615634] AAAAA-TCP_SEND: name:enp0s3: saddr:100932208: daddr:16783984: srtt_us:41945056: RTT:5243132: ssthresh:31: cwnd:46: delivered:125: lost:0: retrans:0
[  408.221359] AAAAA-TCP_RECV: name:enp0s3: saddr:16783984: daddr:100932208: srtt_us:41945056: RTT:5243132: ssthresh:31: cwnd:46: delivered:125: lost:0: retrans:0
[  408.221399] AAAAA-TCP_SEND: name:enp0s3: saddr:100932208: daddr:16783984: srtt_us:42776523: RTT:5347065: ssthresh:31: cwnd:47: delivered:127: lost:0: retrans:0
[  408.222254] AAAAA-TCP_SEND: name:enp0s3: saddr:100932208: daddr:16783984: srtt_us:42776523: RTT:5347065: ssthresh:31: cwnd:47: delivered:127: lost:0: retrans:0
[  408.777876] AAAAA-TCP_RECV: name:enp0s3: saddr:16783984: daddr:100932208: srtt_us:42776523: RTT:5347065: ssthresh:31: cwnd:47: delivered:127: lost:0: retrans:0
[  408.777918] AAAAA-TCP_SEND: name:enp0s3: saddr:100932208: daddr:16783984: srtt_us:43799818: RTT:5474977: ssthresh:31: cwnd:47: delivered:128: lost:0: retrans:0
[  408.964410] AAAAA-TCP_RECV: name:enp0s3: saddr:16783984: daddr:100932208: srtt_us:43799818: RTT:5474977: ssthresh:31: cwnd:47: delivered:128: lost:0: retrans:0
[  408.964448] AAAAA-TCP_SEND: name:enp0s3: saddr:100932208: daddr:16783984: srtt_us:44881731: RTT:5610216: ssthresh:31: cwnd:48: delivered:129: lost:0: retrans:0
[  409.085569] AAAAA-TCP_RECV: name:enp0s3: saddr:16783984: daddr:100932208: srtt_us:44881731: RTT:5610216: ssthresh:31: cwnd:48: delivered:129: lost:0: retrans:0
[  409.085596] AAAAA-TCP_SEND: name:enp0s3: saddr:100932208: daddr:16783984: srtt_us:45801299: RTT:5725162: ssthresh:31: cwnd:48: delivered:130: lost:0: retrans:0
[  409.474468] AAAAA-TCP_RECV: name:enp0s3: saddr:16783984: daddr:100932208: srtt_us:45801299: RTT:5725162: ssthresh:31: cwnd:48: delivered:130: lost:0: retrans:0
[  409.611305] AAAAA-TCP_RECV: name:enp0s3: saddr:16783984: daddr:100932208: srtt_us:46631922: RTT:5828990: ssthresh:31: cwnd:49: delivered:131: lost:0: retrans:0
[  409.743838] AAAAA-TCP_RECV: name:enp0s3: saddr:16783984: daddr:100932208: srtt_us:47495558: RTT:5936944: ssthresh:31: cwnd:49: delivered:132: lost:0: retrans:0
[  409.919216] AAAAA-TCP_RECV: name:enp0s3: saddr:16783984: daddr:100932208: srtt_us:48183589: RTT:6022948: ssthresh:31: cwnd:50: delivered:134: lost:0: retrans:0
[  410.106225] AAAAA-TCP_RECV: name:enp0s3: saddr:16783984: daddr:100932208: srtt_us:48433182: RTT:6054147: ssthresh:31: cwnd:51: delivered:136: lost:0: retrans:0
[  410.943700] AAAAA-TCP_RECV: name:enp0s3: saddr:16783984: daddr:100932208: srtt_us:48431416: RTT:6053927: ssthresh:31: cwnd:52: delivered:138: lost:0: retrans:0
[  411.593994] AAAAA-TCP_RECV: name:enp0s3: saddr:16783984: daddr:100932208: srtt_us:49005035: RTT:6125629: ssthresh:31: cwnd:54: delivered:142: lost:0: retrans:0
[  411.658446] AAAAA-TCP_RECV: name:enp0s3: saddr:16783984: daddr:100932208: srtt_us:49669529: RTT:6208691: ssthresh:31: cwnd:55: delivered:143: lost:0: retrans:0
[  412.668884] AAAAA-TCP_RECV: name:enp0s3: saddr:16783984: daddr:100932208: srtt_us:50315406: RTT:6289425: ssthresh:31: cwnd:55: delivered:144: lost:0: retrans:0
[  412.846871] AAAAA-TCP_RECV: name:enp0s3: saddr:16783984: daddr:100932208: srtt_us:51756062: RTT:6469507: ssthresh:31: cwnd:56: delivered:145: lost:0: retrans:0
[  413.098946] AAAAA-TCP_RECV: name:enp0s3: saddr:16783984: daddr:100932208: srtt_us:53054348: RTT:6631793: ssthresh:31: cwnd:56: delivered:146: lost:0: retrans:0
[  413.148446] AAAAA-TCP_RECV: name:enp0s3: saddr:16783984: daddr:100932208: srtt_us:54442422: RTT:6805302: ssthresh:31: cwnd:57: delivered:147: lost:0: retrans:0
[  413.374699] AAAAA-TCP_RECV: name:enp0s3: saddr:16783984: daddr:100932208: srtt_us:55492884: RTT:6936610: ssthresh:31: cwnd:57: delivered:148: lost:0: retrans:0
[  413.524398] AAAAA-TCP_RECV: name:enp0s3: saddr:16783984: daddr:100932208: srtt_us:56602112: RTT:7075264: ssthresh:31: cwnd:58: delivered:149: lost:0: retrans:0
[  413.741439] AAAAA-TCP_RECV: name:enp0s3: saddr:16783984: daddr:100932208: srtt_us:57722372: RTT:7215296: ssthresh:31: cwnd:58: delivered:150: lost:0: retrans:0
[  413.988087] AAAAA-TCP_RECV: name:enp0s3: saddr:16783984: daddr:100932208: srtt_us:58853359: RTT:7356669: ssthresh:31: cwnd:59: delivered:151: lost:0: retrans:0
[  414.012418] AAAAA-TCP_RECV: name:enp0s3: saddr:16783984: daddr:100932208: srtt_us:60025435: RTT:7503179: ssthresh:31: cwnd:59: delivered:152: lost:0: retrans:0
[  415.615109] AAAAA-TCP_RECV: name:enp0s3: saddr:16783984: daddr:100932208: srtt_us:61075328: RTT:7634416: ssthresh:31: cwnd:60: delivered:153: lost:0: retrans:0
[  415.724467] AAAAA-TCP_RECV: name:enp0s3: saddr:16783984: daddr:100932208: srtt_us:62702446: RTT:7837805: ssthresh:31: cwnd:60: delivered:154: lost:0: retrans:0
[  415.724505] AAAAA-TCP_SEND: name:enp0s3: saddr:100932208: daddr:16783984: srtt_us:64149313: RTT:8018664: ssthresh:42: cwnd:23: delivered:155: lost:1: retrans:1
[  415.793032] AAAAA-TCP_RECV: name:enp0s3: saddr:16783984: daddr:100932208: srtt_us:64149313: RTT:8018664: ssthresh:42: cwnd:23: delivered:155: lost:1: retrans:1
[  415.902150] AAAAA-TCP_RECV: name:enp0s3: saddr:16783984: daddr:100932208: srtt_us:65483872: RTT:8185484: ssthresh:42: cwnd:23: delivered:156: lost:1: retrans:1
[  415.985403] AAAAA-TCP_RECV: name:enp0s3: saddr:16783984: daddr:100932208: srtt_us:66664638: RTT:8333079: ssthresh:42: cwnd:22: delivered:157: lost:1: retrans:1
[  416.089758] AAAAA-TCP_RECV: name:enp0s3: saddr:16783984: daddr:100932208: srtt_us:67781049: RTT:8472631: ssthresh:42: cwnd:21: delivered:158: lost:1: retrans:1
[  416.151013] AAAAA-TCP_RECV: name:enp0s3: saddr:16783984: daddr:100932208: srtt_us:68647438: RTT:8580929: ssthresh:42: cwnd:20: delivered:159: lost:1: retrans:1
[  416.227066] AAAAA-TCP_RECV: name:enp0s3: saddr:16783984: daddr:100932208: srtt_us:69330340: RTT:8666292: ssthresh:42: cwnd:19: delivered:160: lost:1: retrans:1
[  416.259613] AAAAA-TCP_RECV: name:enp0s3: saddr:16783984: daddr:100932208: srtt_us:70003932: RTT:8750491: ssthresh:42: cwnd:18: delivered:161: lost:1: retrans:1
[  416.298479] AAAAA-TCP_RECV: name:enp0s3: saddr:16783984: daddr:100932208: srtt_us:70457469: RTT:8807183: ssthresh:42: cwnd:17: delivered:162: lost:1: retrans:1
[  416.343615] AAAAA-TCP_RECV: name:enp0s3: saddr:16783984: daddr:100932208: srtt_us:70662105: RTT:8832763: ssthresh:42: cwnd:16: delivered:163: lost:1: retrans:1
[  416.507431] AAAAA-TCP_RECV: name:enp0s3: saddr:16783984: daddr:100932208: srtt_us:70886297: RTT:8860787: ssthresh:42: cwnd:15: delivered:164: lost:1: retrans:1
[  416.539355] AAAAA-TCP_RECV: name:enp0s3: saddr:16783984: daddr:100932208: srtt_us:71146726: RTT:8893340: ssthresh:42: cwnd:14: delivered:165: lost:1: retrans:1
[  416.597087] AAAAA-TCP_RECV: name:enp0s3: saddr:16783984: daddr:100932208: srtt_us:71310235: RTT:8913779: ssthresh:42: cwnd:13: delivered:166: lost:1: retrans:1
[  416.703156] AAAAA-TCP_RECV: name:enp0s3: saddr:16783984: daddr:100932208: srtt_us:71511052: RTT:8938881: ssthresh:42: cwnd:12: delivered:167: lost:1: retrans:1
[  416.723872] AAAAA-TCP_RECV: name:enp0s3: saddr:16783984: daddr:100932208: srtt_us:71659720: RTT:8957465: ssthresh:42: cwnd:11: delivered:168: lost:1: retrans:1
[  416.762393] AAAAA-TCP_RECV: name:enp0s3: saddr:16783984: daddr:100932208: srtt_us:71810507: RTT:8976313: ssthresh:42: cwnd:10: delivered:169: lost:1: retrans:1
[  416.810998] AAAAA-TCP_RECV: name:enp0s3: saddr:16783984: daddr:100932208: srtt_us:71375209: RTT:8921901: ssthresh:42: cwnd:9: delivered:170: lost:1: retrans:1
[  416.850360] AAAAA-TCP_RECV: name:enp0s3: saddr:16783984: daddr:100932208: srtt_us:71042929: RTT:8880366: ssthresh:42: cwnd:8: delivered:171: lost:1: retrans:1
[  417.119526] AAAAA-TCP_RECV: name:enp0s3: saddr:16783984: daddr:100932208: srtt_us:70790687: RTT:8848835: ssthresh:42: cwnd:7: delivered:172: lost:1: retrans:1
[  417.246882] AAAAA-TCP_RECV: name:enp0s3: saddr:16783984: daddr:100932208: srtt_us:70839149: RTT:8854893: ssthresh:42: cwnd:6: delivered:173: lost:1: retrans:1
[  417.275540] AAAAA-TCP_RECV: name:enp0s3: saddr:16783984: daddr:100932208: srtt_us:70453246: RTT:8806655: ssthresh:42: cwnd:5: delivered:174: lost:1: retrans:1
[  417.337865] AAAAA-TCP_RECV: name:enp0s3: saddr:16783984: daddr:100932208: srtt_us:69957705: RTT:8744713: ssthresh:42: cwnd:4: delivered:175: lost:1: retrans:1
[  417.366881] AAAAA-TCP_RECV: name:enp0s3: saddr:16783984: daddr:100932208: srtt_us:69586420: RTT:8698302: ssthresh:42: cwnd:3: delivered:176: lost:1: retrans:1
[  417.583051] AAAAA-TCP_RECV: name:enp0s3: saddr:16783984: daddr:100932208: srtt_us:69169420: RTT:8646177: ssthresh:42: cwnd:2: delivered:177: lost:1: retrans:1
[  417.583087] AAAAA-TCP_SEND: name:enp0s3: saddr:100932208: daddr:16783984: srtt_us:62382243: RTT:7797780: ssthresh:42: cwnd:42: delivered:178: lost:1: retrans:1
[  418.208580] AAAAA-TCP_RECV: name:enp0s3: saddr:16783984: daddr:100932208: srtt_us:62382243: RTT:7797780: ssthresh:42: cwnd:42: delivered:178: lost:1: retrans:1
[  429.737948] AAAAA-TCP_SEND: name:enp0s3: saddr:100932208: daddr:16783984: srtt_us:55209992: RTT:6901249: ssthresh:42: cwnd:21: delivered:179: lost:1: retrans:1
[  429.738075] AAAAA-TCP_SEND: name:enp0s3: saddr:100932208: daddr:16783984: srtt_us:55209992: RTT:6901249: ssthresh:42: cwnd:21: delivered:179: lost:1: retrans:1
[  429.738155] AAAAA-TCP_SEND: name:enp0s3: saddr:100932208: daddr:16783984: srtt_us:55209992: RTT:6901249: ssthresh:42: cwnd:21: delivered:179: lost:1: retrans:1
[  429.738255] AAAAA-TCP_SEND: name:enp0s3: saddr:100932208: daddr:16783984: srtt_us:55209992: RTT:6901249: ssthresh:42: cwnd:21: delivered:179: lost:1: retrans:1
[  429.738348] AAAAA-TCP_SEND: name:enp0s3: saddr:100932208: daddr:16783984: srtt_us:55209992: RTT:6901249: ssthresh:42: cwnd:21: delivered:179: lost:1: retrans:1
[  429.738445] AAAAA-TCP_SEND: name:enp0s3: saddr:100932208: daddr:16783984: srtt_us:55209992: RTT:6901249: ssthresh:42: cwnd:21: delivered:179: lost:1: retrans:1
[  429.738537] AAAAA-TCP_SEND: name:enp0s3: saddr:100932208: daddr:16783984: srtt_us:55209992: RTT:6901249: ssthresh:42: cwnd:21: delivered:179: lost:1: retrans:1
[  429.738630] AAAAA-TCP_SEND: name:enp0s3: saddr:100932208: daddr:16783984: srtt_us:55209992: RTT:6901249: ssthresh:42: cwnd:21: delivered:179: lost:1: retrans:1
[  429.738724] AAAAA-TCP_SEND: name:enp0s3: saddr:100932208: daddr:16783984: srtt_us:55209992: RTT:6901249: ssthresh:42: cwnd:21: delivered:179: lost:1: retrans:1
[  429.738843] AAAAA-TCP_SEND: name:enp0s3: saddr:100932208: daddr:16783984: srtt_us:55209992: RTT:6901249: ssthresh:42: cwnd:21: delivered:179: lost:1: retrans:1
[  429.738940] AAAAA-TCP_SEND: name:enp0s3: saddr:100932208: daddr:16783984: srtt_us:55209992: RTT:6901249: ssthresh:42: cwnd:21: delivered:179: lost:1: retrans:1
[  430.674745] AAAAA-TCP_RECV: name:enp0s3: saddr:16783984: daddr:100932208: srtt_us:55209992: RTT:6901249: ssthresh:42: cwnd:21: delivered:179: lost:1: retrans:1
[  430.674773] AAAAA-TCP_SEND: name:enp0s3: saddr:100932208: daddr:16783984: srtt_us:49245566: RTT:6155695: ssthresh:42: cwnd:31: delivered:189: lost:1: retrans:1
[  430.674927] AAAAA-TCP_SEND: name:enp0s3: saddr:100932208: daddr:16783984: srtt_us:49245566: RTT:6155695: ssthresh:42: cwnd:31: delivered:189: lost:1: retrans:1
[  430.675022] AAAAA-TCP_SEND: name:enp0s3: saddr:100932208: daddr:16783984: srtt_us:49245566: RTT:6155695: ssthresh:42: cwnd:31: delivered:189: lost:1: retrans:1
[  430.675114] AAAAA-TCP_SEND: name:enp0s3: saddr:100932208: daddr:16783984: srtt_us:49245566: RTT:6155695: ssthresh:42: cwnd:31: delivered:189: lost:1: retrans:1
[  430.675205] AAAAA-TCP_SEND: name:enp0s3: saddr:100932208: daddr:16783984: srtt_us:49245566: RTT:6155695: ssthresh:42: cwnd:31: delivered:189: lost:1: retrans:1
[  430.675296] AAAAA-TCP_SEND: name:enp0s3: saddr:100932208: daddr:16783984: srtt_us:49245566: RTT:6155695: ssthresh:42: cwnd:31: delivered:189: lost:1: retrans:1
[  430.675386] AAAAA-TCP_SEND: name:enp0s3: saddr:100932208: daddr:16783984: srtt_us:49245566: RTT:6155695: ssthresh:42: cwnd:31: delivered:189: lost:1: retrans:1
[  430.675489] AAAAA-TCP_SEND: name:enp0s3: saddr:100932208: daddr:16783984: srtt_us:49245566: RTT:6155695: ssthresh:42: cwnd:31: delivered:189: lost:1: retrans:1
[  430.675624] AAAAA-TCP_SEND: name:enp0s3: saddr:100932208: daddr:16783984: srtt_us:49245566: RTT:6155695: ssthresh:42: cwnd:31: delivered:189: lost:1: retrans:1
[  430.675725] AAAAA-TCP_SEND: name:enp0s3: saddr:100932208: daddr:16783984: srtt_us:49245566: RTT:6155695: ssthresh:42: cwnd:31: delivered:189: lost:1: retrans:1
[  430.867971] AAAAA-TCP_RECV: name:enp0s3: saddr:16783984: daddr:100932208: srtt_us:49245566: RTT:6155695: ssthresh:42: cwnd:31: delivered:189: lost:1: retrans:1
[  430.868006] AAAAA-TCP_SEND: name:enp0s3: saddr:100932208: daddr:16783984: srtt_us:44219416: RTT:5527427: ssthresh:42: cwnd:32: delivered:190: lost:1: retrans:1
[  431.019233] AAAAA-TCP_RECV: name:enp0s3: saddr:16783984: daddr:100932208: srtt_us:44219416: RTT:5527427: ssthresh:42: cwnd:32: delivered:190: lost:1: retrans:1
[  431.019271] AAAAA-TCP_SEND: name:enp0s3: saddr:100932208: daddr:16783984: srtt_us:39972796: RTT:4996599: ssthresh:42: cwnd:33: delivered:191: lost:1: retrans:1
[  431.150616] AAAAA-TCP_RECV: name:enp0s3: saddr:16783984: daddr:100932208: srtt_us:39972796: RTT:4996599: ssthresh:42: cwnd:33: delivered:191: lost:1: retrans:1
[  431.150643] AAAAA-TCP_SEND: name:enp0s3: saddr:100932208: daddr:16783984: srtt_us:39972796: RTT:4996599: ssthresh:42: cwnd:33: delivered:191: lost:1: retrans:1
[  431.319747] AAAAA-TCP_RECV: name:enp0s3: saddr:16783984: daddr:100932208: srtt_us:39972796: RTT:4996599: ssthresh:42: cwnd:33: delivered:191: lost:1: retrans:1
[  431.542221] AAAAA-TCP_RECV: name:enp0s3: saddr:16783984: daddr:100932208: srtt_us:39972796: RTT:4996599: ssthresh:42: cwnd:33: delivered:191: lost:1: retrans:1
[  431.542246] AAAAA-TCP_SEND: name:enp0s3: saddr:100932208: daddr:16783984: srtt_us:36779886: RTT:4597485: ssthresh:42: cwnd:34: delivered:192: lost:1: retrans:1
[  431.623504] AAAAA-TCP_RECV: name:enp0s3: saddr:16783984: daddr:100932208: srtt_us:36779886: RTT:4597485: ssthresh:42: cwnd:34: delivered:192: lost:1: retrans:1
[  431.783263] AAAAA-TCP_RECV: name:enp0s3: saddr:16783984: daddr:100932208: srtt_us:36779886: RTT:4597485: ssthresh:42: cwnd:34: delivered:192: lost:1: retrans:1
[  431.783300] AAAAA-TCP_SEND: name:enp0s3: saddr:100932208: daddr:16783984: srtt_us:34227144: RTT:4278393: ssthresh:42: cwnd:35: delivered:193: lost:1: retrans:1
[  432.030268] AAAAA-TCP_RECV: name:enp0s3: saddr:16783984: daddr:100932208: srtt_us:34227144: RTT:4278393: ssthresh:42: cwnd:35: delivered:193: lost:1: retrans:1
[  432.030293] AAAAA-TCP_SEND: name:enp0s3: saddr:100932208: daddr:16783984: srtt_us:34227144: RTT:4278393: ssthresh:42: cwnd:35: delivered:193: lost:1: retrans:1
[  432.203096] AAAAA-TCP_RECV: name:enp0s3: saddr:16783984: daddr:100932208: srtt_us:34227144: RTT:4278393: ssthresh:42: cwnd:35: delivered:193: lost:1: retrans:1
[  432.305082] AAAAA-TCP_RECV: name:enp0s3: saddr:16783984: daddr:100932208: srtt_us:34227144: RTT:4278393: ssthresh:42: cwnd:35: delivered:193: lost:1: retrans:1
[  432.305114] AAAAA-TCP_SEND: name:enp0s3: saddr:100932208: daddr:16783984: srtt_us:32515219: RTT:4064402: ssthresh:42: cwnd:36: delivered:194: lost:1: retrans:1
[  432.454417] AAAAA-TCP_RECV: name:enp0s3: saddr:16783984: daddr:100932208: srtt_us:32515219: RTT:4064402: ssthresh:42: cwnd:36: delivered:194: lost:1: retrans:1
[  432.535603] AAAAA-TCP_RECV: name:enp0s3: saddr:16783984: daddr:100932208: srtt_us:32515219: RTT:4064402: ssthresh:42: cwnd:36: delivered:194: lost:1: retrans:1
[  432.535630] AAAAA-TCP_SEND: name:enp0s3: saddr:100932208: daddr:16783984: srtt_us:31247795: RTT:3905974: ssthresh:42: cwnd:37: delivered:195: lost:1: retrans:1
[  432.616041] AAAAA-TCP_RECV: name:enp0s3: saddr:16783984: daddr:100932208: srtt_us:31247795: RTT:3905974: ssthresh:42: cwnd:37: delivered:195: lost:1: retrans:1
[  432.616069] AAAAA-TCP_SEND: name:enp0s3: saddr:100932208: daddr:16783984: srtt_us:31247795: RTT:3905974: ssthresh:42: cwnd:37: delivered:195: lost:1: retrans:1
[  432.655190] AAAAA-TCP_RECV: name:enp0s3: saddr:16783984: daddr:100932208: srtt_us:31247795: RTT:3905974: ssthresh:42: cwnd:37: delivered:195: lost:1: retrans:1
[  432.988954] AAAAA-TCP_RECV: name:enp0s3: saddr:16783984: daddr:100932208: srtt_us:31247795: RTT:3905974: ssthresh:42: cwnd:37: delivered:195: lost:1: retrans:1
[  433.399742] AAAAA-TCP_RECV: name:enp0s3: saddr:16783984: daddr:100932208: srtt_us:31247795: RTT:3905974: ssthresh:42: cwnd:37: delivered:195: lost:1: retrans:1
[  433.399781] AAAAA-TCP_SEND: name:enp0s3: saddr:100932208: daddr:16783984: srtt_us:31002861: RTT:3875357: ssthresh:42: cwnd:38: delivered:196: lost:1: retrans:1
[  433.457654] AAAAA-TCP_RECV: name:enp0s3: saddr:16783984: daddr:100932208: srtt_us:31002861: RTT:3875357: ssthresh:42: cwnd:38: delivered:196: lost:1: retrans:1
[  433.457678] AAAAA-TCP_SEND: name:enp0s3: saddr:100932208: daddr:16783984: srtt_us:30846450: RTT:3855806: ssthresh:42: cwnd:39: delivered:197: lost:1: retrans:1
[  434.165980] AAAAA-TCP_RECV: name:enp0s3: saddr:16783984: daddr:100932208: srtt_us:30846450: RTT:3855806: ssthresh:42: cwnd:39: delivered:197: lost:1: retrans:1
[  434.166017] AAAAA-TCP_SEND: name:enp0s3: saddr:100932208: daddr:16783984: srtt_us:31417802: RTT:3927225: ssthresh:42: cwnd:40: delivered:198: lost:1: retrans:1
[  434.519387] AAAAA-TCP_RECV: name:enp0s3: saddr:16783984: daddr:100932208: srtt_us:31417802: RTT:3927225: ssthresh:42: cwnd:40: delivered:198: lost:1: retrans:1
[  434.519414] AAAAA-TCP_SEND: name:enp0s3: saddr:100932208: daddr:16783984: srtt_us:32271126: RTT:4033890: ssthresh:42: cwnd:42: delivered:200: lost:1: retrans:1
[  434.520771] AAAAA-TCP_SEND: name:enp0s3: saddr:100932208: daddr:16783984: srtt_us:32271126: RTT:4033890: ssthresh:42: cwnd:42: delivered:200: lost:1: retrans:1
[  434.707336] AAAAA-TCP_RECV: name:enp0s3: saddr:16783984: daddr:100932208: srtt_us:32271126: RTT:4033890: ssthresh:42: cwnd:42: delivered:200: lost:1: retrans:1
[  434.707379] AAAAA-TCP_SEND: name:enp0s3: saddr:100932208: daddr:16783984: srtt_us:32269830: RTT:4033728: ssthresh:42: cwnd:43: delivered:202: lost:1: retrans:1
[  435.141269] AAAAA-TCP_RECV: name:enp0s3: saddr:16783984: daddr:100932208: srtt_us:32269830: RTT:4033728: ssthresh:42: cwnd:43: delivered:202: lost:1: retrans:1
[  435.141318] AAAAA-TCP_SEND: name:enp0s3: saddr:100932208: daddr:16783984: srtt_us:32702477: RTT:4087809: ssthresh:42: cwnd:44: delivered:203: lost:1: retrans:1
[  435.339419] AAAAA-TCP_RECV: name:enp0s3: saddr:16783984: daddr:100932208: srtt_us:32702477: RTT:4087809: ssthresh:42: cwnd:44: delivered:203: lost:1: retrans:1
[  435.339454] AAAAA-TCP_SEND: name:enp0s3: saddr:100932208: daddr:16783984: srtt_us:33279181: RTT:4159897: ssthresh:42: cwnd:45: delivered:205: lost:1: retrans:1
[  435.340196] AAAAA-TCP_SEND: name:enp0s3: saddr:100932208: daddr:16783984: srtt_us:33279181: RTT:4159897: ssthresh:42: cwnd:45: delivered:205: lost:1: retrans:1
[  435.870160] AAAAA-TCP_RECV: name:enp0s3: saddr:16783984: daddr:100932208: srtt_us:33279181: RTT:4159897: ssthresh:42: cwnd:45: delivered:205: lost:1: retrans:1
[  435.870202] AAAAA-TCP_SEND: name:enp0s3: saddr:100932208: daddr:16783984: srtt_us:34314447: RTT:4289305: ssthresh:42: cwnd:45: delivered:206: lost:1: retrans:1
[  436.130571] AAAAA-TCP_RECV: name:enp0s3: saddr:16783984: daddr:100932208: srtt_us:34314447: RTT:4289305: ssthresh:42: cwnd:45: delivered:206: lost:1: retrans:1
[  436.130606] AAAAA-TCP_SEND: name:enp0s3: saddr:100932208: daddr:16783984: srtt_us:35480619: RTT:4435077: ssthresh:42: cwnd:46: delivered:208: lost:1: retrans:1
[  436.265597] AAAAA-TCP_RECV: name:enp0s3: saddr:16783984: daddr:100932208: srtt_us:35480619: RTT:4435077: ssthresh:42: cwnd:46: delivered:208: lost:1: retrans:1
[  436.265624] AAAAA-TCP_SEND: name:enp0s3: saddr:100932208: daddr:16783984: srtt_us:36635951: RTT:4579493: ssthresh:42: cwnd:47: delivered:210: lost:1: retrans:1
[  436.266298] AAAAA-TCP_SEND: name:enp0s3: saddr:100932208: daddr:16783984: srtt_us:36635951: RTT:4579493: ssthresh:42: cwnd:47: delivered:210: lost:1: retrans:1
[  436.553575] AAAAA-TCP_RECV: name:enp0s3: saddr:16783984: daddr:100932208: srtt_us:36635951: RTT:4579493: ssthresh:42: cwnd:47: delivered:210: lost:1: retrans:1
[  436.553603] AAAAA-TCP_SEND: name:enp0s3: saddr:100932208: daddr:16783984: srtt_us:37934743: RTT:4741842: ssthresh:42: cwnd:48: delivered:212: lost:1: retrans:1
[  436.822486] AAAAA-TCP_RECV: name:enp0s3: saddr:16783984: daddr:100932208: srtt_us:37934743: RTT:4741842: ssthresh:42: cwnd:48: delivered:212: lost:1: retrans:1
[  436.822526] AAAAA-TCP_SEND: name:enp0s3: saddr:100932208: daddr:16783984: srtt_us:39340024: RTT:4917503: ssthresh:42: cwnd:49: delivered:214: lost:1: retrans:1
[  436.823466] AAAAA-TCP_SEND: name:enp0s3: saddr:100932208: daddr:16783984: srtt_us:39340024: RTT:4917503: ssthresh:42: cwnd:49: delivered:214: lost:1: retrans:1
[  437.351040] AAAAA-TCP_RECV: name:enp0s3: saddr:16783984: daddr:100932208: srtt_us:39340024: RTT:4917503: ssthresh:42: cwnd:49: delivered:214: lost:1: retrans:1
[  437.351078] AAAAA-TCP_SEND: name:enp0s3: saddr:100932208: daddr:16783984: srtt_us:41098093: RTT:5137261: ssthresh:42: cwnd:50: delivered:216: lost:1: retrans:1
