[    0.000000] Linux version 5.4.243-tcp (root@ztg) (gcc version 12.2.0 (Debian 12.2.0-14)) #1 SMP Fri Apr 12 08:27:09 CST 2024
[    0.000000] Command line: BOOT_IMAGE=/boot/vmlinuz-5.4.243-tcp root=UUID=98415a12-53b7-4144-8265-0f7ece09e445 ro quiet splash
[    0.000000] KERNEL supported cpus:
[    0.000000]   Intel GenuineIntel
[    0.000000]   AMD AuthenticAMD
[    0.000000]   Hygon HygonGenuine
[    0.000000]   Centaur CentaurHauls
[    0.000000]   zhaoxin   Shanghai  
[    0.000000] x86/fpu: Supporting XSAVE feature 0x001: 'x87 floating point registers'
[    0.000000] x86/fpu: Supporting XSAVE feature 0x002: 'SSE registers'
[    0.000000] x86/fpu: Supporting XSAVE feature 0x004: 'AVX registers'
[    0.000000] x86/fpu: xstate_offset[2]:  576, xstate_sizes[2]:  256
[    0.000000] x86/fpu: Enabled xstate features 0x7, context size is 832 bytes, using 'standard' format.
[    0.000000] BIOS-provided physical RAM map:
[    0.000000] BIOS-e820: [mem 0x0000000000000000-0x000000000009fbff] usable
[    0.000000] BIOS-e820: [mem 0x000000000009fc00-0x000000000009ffff] reserved
[    0.000000] BIOS-e820: [mem 0x00000000000f0000-0x00000000000fffff] reserved
[    0.000000] BIOS-e820: [mem 0x0000000000100000-0x000000007ffeffff] usable
[    0.000000] BIOS-e820: [mem 0x000000007fff0000-0x000000007fffffff] ACPI data
[    0.000000] BIOS-e820: [mem 0x00000000fec00000-0x00000000fec00fff] reserved
[    0.000000] BIOS-e820: [mem 0x00000000fee00000-0x00000000fee00fff] reserved
[    0.000000] BIOS-e820: [mem 0x00000000fffc0000-0x00000000ffffffff] reserved
[    0.000000] NX (Execute Disable) protection: active
[    0.000000] SMBIOS 2.5 present.
[    0.000000] DMI: innotek GmbH VirtualBox/VirtualBox, BIOS VirtualBox 12/01/2006
[    0.000000] Hypervisor detected: KVM
[    0.000000] kvm-clock: Using msrs 4b564d01 and 4b564d00
[    0.000000] kvm-clock: cpu 0, msr 14401001, primary cpu clock
[    0.000000] kvm-clock: using sched offset of 4452084065 cycles
[    0.000002] clocksource: kvm-clock: mask: 0xffffffffffffffff max_cycles: 0x1cd42e4dffb, max_idle_ns: 881590591483 ns
[    0.000005] tsc: Detected 2100.000 MHz processor
[    0.001875] e820: update [mem 0x00000000-0x00000fff] usable ==> reserved
[    0.001877] e820: remove [mem 0x000a0000-0x000fffff] usable
[    0.001881] last_pfn = 0x7fff0 max_arch_pfn = 0x400000000
[    0.001949] MTRR default type: uncachable
[    0.001950] MTRR fixed ranges enabled:
[    0.001951]   00000-9FFFF write-back
[    0.001952]   A0000-BFFFF uncachable
[    0.001953]   C0000-FFFFF write-protect
[    0.001953] MTRR variable ranges enabled:
[    0.001955]   0 base 000000000000 mask 3FFF80000000 write-back
[    0.001956]   1 disabled
[    0.001956]   2 disabled
[    0.001956]   3 disabled
[    0.001957]   4 disabled
[    0.001957]   5 disabled
[    0.001958]   6 disabled
[    0.001958]   7 disabled
[    0.001958]   8 disabled
[    0.001959]   9 disabled
[    0.001959]   10 disabled
[    0.001960]   11 disabled
[    0.001960]   12 disabled
[    0.001961]   13 disabled
[    0.001961]   14 disabled
[    0.001962]   15 disabled
[    0.001978] x86/PAT: Configuration [0-7]: WB  WC  UC- UC  WB  WP  UC- WT  
[    0.002111] found SMP MP-table at [mem 0x0009fff0-0x0009ffff]
[    0.092340] check: Scanning 1 areas for low memory corruption
[    0.092507] RAMDISK: [mem 0x32275000-0x35131fff]
[    0.092516] ACPI: Early table checksum verification disabled
[    0.092521] ACPI: RSDP 0x00000000000E0000 000024 (v02 VBOX  )
[    0.092526] ACPI: XSDT 0x000000007FFF0030 00003C (v01 VBOX   VBOXXSDT 00000001 ASL  00000061)
[    0.092532] ACPI: FACP 0x000000007FFF00F0 0000F4 (v04 VBOX   VBOXFACP 00000001 ASL  00000061)
[    0.092539] ACPI: DSDT 0x000000007FFF02E0 002353 (v02 VBOX   VBOXBIOS 00000002 VBOX 00029BF3)
[    0.092543] ACPI: FACS 0x000000007FFF0200 000040
[    0.092554] ACPI: FACS 0x000000007FFF0200 000040
[    0.092557] ACPI: APIC 0x000000007FFF0240 000054 (v02 VBOX   VBOXAPIC 00000001 ASL  00000061)
[    0.092561] ACPI: SSDT 0x000000007FFF02A0 000038 (v01 VBOX   VBOXCPUT 00000002 VBOX 00029BF3)
[    0.092564] ACPI: Reserving FACP table memory at [mem 0x7fff00f0-0x7fff01e3]
[    0.092565] ACPI: Reserving DSDT table memory at [mem 0x7fff02e0-0x7fff2632]
[    0.092566] ACPI: Reserving FACS table memory at [mem 0x7fff0200-0x7fff023f]
[    0.092567] ACPI: Reserving FACS table memory at [mem 0x7fff0200-0x7fff023f]
[    0.092567] ACPI: Reserving APIC table memory at [mem 0x7fff0240-0x7fff0293]
[    0.092568] ACPI: Reserving SSDT table memory at [mem 0x7fff02a0-0x7fff02d7]
[    0.092582] ACPI: Local APIC address 0xfee00000
[    0.092771] No NUMA configuration found
[    0.092772] Faking a node at [mem 0x0000000000000000-0x000000007ffeffff]
[    0.092782] NODE_DATA(0) allocated [mem 0x7ffc5000-0x7ffeffff]
[    0.093044] Zone ranges:
[    0.093045]   DMA      [mem 0x0000000000001000-0x0000000000ffffff]
[    0.093046]   DMA32    [mem 0x0000000001000000-0x000000007ffeffff]
[    0.093047]   Normal   empty
[    0.093047]   Device   empty
[    0.093048] Movable zone start for each node
[    0.093050] Early memory node ranges
[    0.093051]   node   0: [mem 0x0000000000001000-0x000000000009efff]
[    0.093051]   node   0: [mem 0x0000000000100000-0x000000007ffeffff]
[    0.093055] Zeroed struct page in unavailable ranges: 114 pages
[    0.093056] Initmem setup node 0 [mem 0x0000000000001000-0x000000007ffeffff]
[    0.093057] On node 0 totalpages: 524174
[    0.093059]   DMA zone: 64 pages used for memmap
[    0.093059]   DMA zone: 21 pages reserved
[    0.093060]   DMA zone: 3998 pages, LIFO batch:0
[    0.093131]   DMA32 zone: 8128 pages used for memmap
[    0.093132]   DMA32 zone: 520176 pages, LIFO batch:63
[    0.102126] ACPI: PM-Timer IO Port: 0x4008
[    0.102130] ACPI: Local APIC address 0xfee00000
[    0.102201] IOAPIC[0]: apic_id 1, version 32, address 0xfec00000, GSI 0-23
[    0.102205] ACPI: INT_SRC_OVR (bus 0 bus_irq 0 global_irq 2 dfl dfl)
[    0.102206] ACPI: INT_SRC_OVR (bus 0 bus_irq 9 global_irq 9 low level)
[    0.102208] ACPI: IRQ0 used by override.
[    0.102209] ACPI: IRQ9 used by override.
[    0.102211] Using ACPI (MADT) for SMP configuration information
[    0.102219] smpboot: Allowing 1 CPUs, 0 hotplug CPUs
[    0.102243] PM: Registered nosave memory: [mem 0x00000000-0x00000fff]
[    0.102244] PM: Registered nosave memory: [mem 0x0009f000-0x0009ffff]
[    0.102245] PM: Registered nosave memory: [mem 0x000a0000-0x000effff]
[    0.102245] PM: Registered nosave memory: [mem 0x000f0000-0x000fffff]
[    0.102247] [mem 0x80000000-0xfebfffff] available for PCI devices
[    0.102248] Booting paravirtualized kernel on KVM
[    0.102251] clocksource: refined-jiffies: mask: 0xffffffff max_cycles: 0xffffffff, max_idle_ns: 7645519600211568 ns
[    0.102256] setup_percpu: NR_CPUS:8192 nr_cpumask_bits:1 nr_cpu_ids:1 nr_node_ids:1
[    0.103279] percpu: Embedded 60 pages/cpu s208896 r8192 d28672 u2097152
[    0.103284] pcpu-alloc: s208896 r8192 d28672 u2097152 alloc=1*2097152
[    0.103284] pcpu-alloc: [0] 0 
[    0.103312] Built 1 zonelists, mobility grouping on.  Total pages: 515961
[    0.103313] Policy zone: DMA32
[    0.103314] Kernel command line: BOOT_IMAGE=/boot/vmlinuz-5.4.243-tcp root=UUID=98415a12-53b7-4144-8265-0f7ece09e445 ro quiet splash
[    0.104169] Dentry cache hash table entries: 262144 (order: 9, 2097152 bytes, linear)
[    0.104317] Inode-cache hash table entries: 131072 (order: 8, 1048576 bytes, linear)
[    0.104368] mem auto-init: stack:off, heap alloc:on, heap free:off
[    0.104370] Calgary: detecting Calgary via BIOS EBDA area
[    0.104371] Calgary: Unable to locate Rio Grande table in EBDA - bailing!
[    0.108524] Memory: 1967340K/2096696K available (14339K kernel code, 2392K rwdata, 4692K rodata, 2720K init, 17272K bss, 129356K reserved, 0K cma-reserved)
[    0.109470] SLUB: HWalign=64, Order=0-3, MinObjects=0, CPUs=1, Nodes=1
[    0.109487] ftrace: allocating 42894 entries in 168 pages
[    0.127375] rcu: Hierarchical RCU implementation.
[    0.127377] rcu: 	RCU restricting CPUs from NR_CPUS=8192 to nr_cpu_ids=1.
[    0.127378] 	Tasks RCU enabled.
[    0.127379] rcu: RCU calculated value of scheduler-enlistment delay is 25 jiffies.
[    0.127380] rcu: Adjusting geometry for rcu_fanout_leaf=16, nr_cpu_ids=1
[    0.130345] NR_IRQS: 524544, nr_irqs: 256, preallocated irqs: 16
[    0.130562] random: crng init done
[    0.139945] Console: colour VGA+ 80x25
[    0.139950] printk: console [tty0] enabled
[    0.139971] ACPI: Core revision 20190816
[    0.140073] APIC: Switch to symmetric I/O mode setup
[    0.140319] x2apic enabled
[    0.140564] Switched APIC routing to physical x2apic.
[    0.141689] ..TIMER: vector=0x30 apic1=0 pin1=2 apic2=-1 pin2=-1
[    0.141713] clocksource: tsc-early: mask: 0xffffffffffffffff max_cycles: 0x1e4530a99b6, max_idle_ns: 440795257976 ns
[    0.141720] Calibrating delay loop (skipped) preset value.. 4200.00 BogoMIPS (lpj=8400000)
[    0.141722] pid_max: default: 32768 minimum: 301
[    0.141751] LSM: Security Framework initializing
[    0.141760] Yama: becoming mindful.
[    0.141786] AppArmor: AppArmor initialized
[    0.141821] Mount-cache hash table entries: 4096 (order: 3, 32768 bytes, linear)
[    0.141826] Mountpoint-cache hash table entries: 4096 (order: 3, 32768 bytes, linear)
[    0.141836] *** VALIDATE tmpfs ***
[    0.141971] *** VALIDATE proc ***
[    0.142013] *** VALIDATE cgroup1 ***
[    0.142014] *** VALIDATE cgroup2 ***
[    0.142160] process: using mwait in idle threads
[    0.142164] Last level iTLB entries: 4KB 64, 2MB 8, 4MB 8
[    0.142165] Last level dTLB entries: 4KB 64, 2MB 0, 4MB 0, 1GB 4
[    0.142186] Spectre V1 : Mitigation: usercopy/swapgs barriers and __user pointer sanitization
[    0.142191] Spectre V2 : Mitigation: Retpolines
[    0.142192] Spectre V2 : Spectre v2 / SpectreRSB mitigation: Filling RSB on context switch
[    0.142192] Spectre V2 : Spectre v2 / SpectreRSB : Filling RSB on VMEXIT
[    0.142193] RETBleed: WARNING: Spectre v2 mitigation leaves CPU vulnerable to RETBleed attacks, data leaks possible!
[    0.142552] RETBleed: Vulnerable
[    0.142552] Speculative Store Bypass: Vulnerable
[    0.142557] TAA: Mitigation: TSX disabled
[    0.142558] MMIO Stale Data: Mitigation: Clear CPU buffers
[    0.146778] Freeing SMP alternatives memory: 40K
[    0.258974] smpboot: CPU0: Intel(R) Xeon(R) Silver 4216 CPU @ 2.10GHz (family: 0x6, model: 0x55, stepping: 0x7)
[    0.259113] Performance Events: unsupported p6 CPU model 85 no PMU driver, software events only.
[    0.259150] rcu: Hierarchical SRCU implementation.
[    0.259671] NMI watchdog: Perf NMI watchdog permanently disabled
[    0.259721] smp: Bringing up secondary CPUs ...
[    0.259722] smp: Brought up 1 node, 1 CPU
[    0.259723] smpboot: Max logical packages: 1
[    0.259724] smpboot: Total of 1 processors activated (4200.00 BogoMIPS)
[    0.260830] devtmpfs: initialized
[    0.260887] x86/mm: Memory block size: 128MB
[    0.261295] clocksource: jiffies: mask: 0xffffffff max_cycles: 0xffffffff, max_idle_ns: 7645041785100000 ns
[    0.261301] futex hash table entries: 256 (order: 2, 16384 bytes, linear)
[    0.261354] pinctrl core: initialized pinctrl subsystem
[    0.261478] PM: RTC time: 15:00:10, date: 2026-01-20
[    0.261600] NET: Registered protocol family 16
[    0.261685] audit: initializing netlink subsys (disabled)
[    0.261715] EISA bus registered
[    0.261715] cpuidle: using governor ladder
[    0.261715] cpuidle: using governor menu
[    0.261715] ACPI: bus type PCI registered
[    0.261715] acpiphp: ACPI Hot Plug PCI Controller Driver version: 0.5
[    0.261715] PCI: Using configuration type 1 for base access
[    0.262479] audit: type=2000 audit(1768892416.299:1): state=initialized audit_enabled=0 res=1
[    0.262570] HugeTLB registered 2.00 MiB page size, pre-allocated 0 pages
[    0.263513] ACPI: Added _OSI(Module Device)
[    0.263514] ACPI: Added _OSI(Processor Device)
[    0.263515] ACPI: Added _OSI(3.0 _SCP Extensions)
[    0.263515] ACPI: Added _OSI(Processor Aggregator Device)
[    0.263516] ACPI: Added _OSI(Linux-Dell-Video)
[    0.263517] ACPI: Added _OSI(Linux-Lenovo-NV-HDMI-Audio)
[    0.263518] ACPI: Added _OSI(Linux-HPI-Hybrid-Graphics)
[    0.265708] ACPI: 2 ACPI AML tables successfully acquired and loaded
[    0.267372] ACPI: Interpreter enabled
[    0.267386] ACPI: (supports S0 S5)
[    0.267387] ACPI: Using IOAPIC for interrupt routing
[    0.267638] PCI: Using host bridge windows from ACPI; if necessary, use "pci=nocrs" and report a bug
[    0.267759] ACPI: Enabled 2 GPEs in block 00 to 07
[    0.273560] ACPI: PCI Root Bridge [PCI0] (domain 0000 [bus 00-ff])
[    0.273567] acpi PNP0A03:00: _OSC: OS supports [ASPM ClockPM Segments MSI HPX-Type3]
[    0.274207] acpi PNP0A03:00: _OSC: not requesting OS control; OS requires [ExtendedConfig ASPM ClockPM MSI]
[    0.274216] acpi PNP0A03:00: fail to add MMCONFIG information, can't access extended PCI configuration space under this bridge.
[    0.274593] PCI host bridge to bus 0000:00
[    0.274595] pci_bus 0000:00: root bus resource [io  0x0000-0x0cf7 window]
[    0.274596] pci_bus 0000:00: root bus resource [io  0x0d00-0xffff window]
[    0.274598] pci_bus 0000:00: root bus resource [mem 0x000a0000-0x000bffff window]
[    0.274599] pci_bus 0000:00: root bus resource [mem 0x80000000-0xfdffffff window]
[    0.274600] pci_bus 0000:00: root bus resource [bus 00-ff]
[    0.274645] pci 0000:00:00.0: [8086:1237] type 00 class 0x060000
[    0.275574] pci 0000:00:01.0: [8086:7000] type 00 class 0x060100
[    0.276324] pci 0000:00:01.1: [8086:7111] type 00 class 0x01018a
[    0.276712] pci 0000:00:01.1: reg 0x20: [io  0xd000-0xd00f]
[    0.276868] pci 0000:00:01.1: legacy IDE quirk: reg 0x10: [io  0x01f0-0x01f7]
[    0.276869] pci 0000:00:01.1: legacy IDE quirk: reg 0x14: [io  0x03f6]
[    0.276870] pci 0000:00:01.1: legacy IDE quirk: reg 0x18: [io  0x0170-0x0177]
[    0.276871] pci 0000:00:01.1: legacy IDE quirk: reg 0x1c: [io  0x0376]
[    0.277409] pci 0000:00:02.0: [15ad:0405] type 00 class 0x030000
[    0.279625] pci 0000:00:02.0: reg 0x10: [io  0xd010-0xd01f]
[    0.283583] pci 0000:00:02.0: reg 0x14: [mem 0xe0000000-0xe7ffffff pref]
[    0.285756] pci 0000:00:02.0: reg 0x18: [mem 0xf0000000-0xf01fffff]
[    0.296351] pci 0000:00:03.0: [1022:2000] type 00 class 0x020000
[    0.297868] pci 0000:00:03.0: reg 0x10: [io  0xd020-0xd03f]
[    0.298491] pci 0000:00:03.0: reg 0x14: [mem 0xf0200000-0xf0200fff]
[    0.302174] pci 0000:00:04.0: [80ee:cafe] type 00 class 0x088000
[    0.302845] pci 0000:00:04.0: reg 0x10: [io  0xd040-0xd05f]
[    0.303454] pci 0000:00:04.0: reg 0x14: [mem 0xf0400000-0xf07fffff]
[    0.304067] pci 0000:00:04.0: reg 0x18: [mem 0xf0800000-0xf0803fff pref]
[    0.307605] pci 0000:00:07.0: [8086:7113] type 00 class 0x068000
[    0.308156] pci 0000:00:07.0: quirk: [io  0x4000-0x403f] claimed by PIIX4 ACPI
[    0.308166] pci 0000:00:07.0: quirk: [io  0x4100-0x410f] claimed by PIIX4 SMB
[    0.308775] pci 0000:00:08.0: [8086:100e] type 00 class 0x020000
[    0.309537] pci 0000:00:08.0: reg 0x10: [mem 0xf0820000-0xf083ffff]
[    0.310399] pci 0000:00:08.0: reg 0x18: [io  0xd060-0xd067]
[    0.313642] pci 0000:00:09.0: [8086:100e] type 00 class 0x020000
[    0.314329] pci 0000:00:09.0: reg 0x10: [mem 0xf0840000-0xf085ffff]
[    0.315492] pci 0000:00:09.0: reg 0x18: [io  0xd068-0xd06f]
[    0.326692] ACPI: PCI Interrupt Link [LNKA] (IRQs 5 9 10 *11)
[    0.326974] ACPI: PCI Interrupt Link [LNKB] (IRQs 5 9 *10 11)
[    0.327078] ACPI: PCI Interrupt Link [LNKC] (IRQs 5 *9 10 11)
[    0.327188] ACPI: PCI Interrupt Link [LNKD] (IRQs 5 9 10 *11)
[    0.327463] iommu: Default domain type: Translated 
[    0.327525] pci 0000:00:02.0: vgaarb: setting as boot VGA device
[    0.327527] pci 0000:00:02.0: vgaarb: VGA device added: decodes=io+mem,owns=io+mem,locks=none
[    0.327529] pci 0000:00:02.0: vgaarb: bridge control possible
[    0.327530] vgaarb: loaded
[    0.329738] SCSI subsystem initialized
[    0.329773] libata version 3.00 loaded.
[    0.329802] ACPI: bus type USB registered
[    0.329817] usbcore: registered new interface driver usbfs
[    0.329823] usbcore: registered new interface driver hub
[    0.329827] usbcore: registered new device driver usb
[    0.329859] pps_core: LinuxPPS API ver. 1 registered
[    0.329860] pps_core: Software ver. 5.3.6 - Copyright 2005-2007 Rodolfo Giometti <giometti@linux.it>
[    0.329862] PTP clock support registered
[    0.329901] EDAC MC: Ver: 3.0.0
[    0.330189] PCI: Using ACPI for IRQ routing
[    0.330190] PCI: pci_cache_line_size set to 64 bytes
[    0.330365] e820: reserve RAM buffer [mem 0x0009fc00-0x0009ffff]
[    0.330369] e820: reserve RAM buffer [mem 0x7fff0000-0x7fffffff]
[    0.330495] NetLabel: Initializing
[    0.330495] NetLabel:  domain hash size = 128
[    0.330496] NetLabel:  protocols = UNLABELED CIPSOv4 CALIPSO
[    0.330515] NetLabel:  unlabeled traffic allowed by default
[    0.332118] clocksource: Switched to clocksource kvm-clock
[    0.344297] *** VALIDATE bpf ***
[    0.344358] VFS: Disk quotas dquot_6.6.0
[    0.344371] VFS: Dquot-cache hash table entries: 512 (order 0, 4096 bytes)
[    0.344395] *** VALIDATE ramfs ***
[    0.344398] *** VALIDATE hugetlbfs ***
[    0.344480] AppArmor: AppArmor Filesystem Enabled
[    0.344508] pnp: PnP ACPI init
[    0.344582] pnp 00:00: Plug and Play ACPI device, IDs PNP0303 (active)
[    0.344649] pnp 00:01: Plug and Play ACPI device, IDs PNP0f03 (active)
[    0.345380] pnp: PnP ACPI: found 2 devices
[    0.346349] thermal_sys: Registered thermal governor 'fair_share'
[    0.346350] thermal_sys: Registered thermal governor 'bang_bang'
[    0.346350] thermal_sys: Registered thermal governor 'step_wise'
[    0.346351] thermal_sys: Registered thermal governor 'user_space'
[    0.346352] thermal_sys: Registered thermal governor 'power_allocator'
[    0.350873] clocksource: acpi_pm: mask: 0xffffff max_cycles: 0xffffff, max_idle_ns: 2085701024 ns
[    0.350913] pci_bus 0000:00: resource 4 [io  0x0000-0x0cf7 window]
[    0.350915] pci_bus 0000:00: resource 5 [io  0x0d00-0xffff window]
[    0.350916] pci_bus 0000:00: resource 6 [mem 0x000a0000-0x000bffff window]
[    0.350917] pci_bus 0000:00: resource 7 [mem 0x80000000-0xfdffffff window]
[    0.350975] NET: Registered protocol family 2
[    0.351053] IP idents hash table entries: 32768 (order: 6, 262144 bytes, linear)
[    0.351219] tcp_listen_portaddr_hash hash table entries: 1024 (order: 2, 16384 bytes, linear)
[    0.351219] TCP established hash table entries: 16384 (order: 5, 131072 bytes, linear)
[    0.351219] TCP bind hash table entries: 16384 (order: 6, 262144 bytes, linear)
[    0.351219] TCP: Hash tables configured (established 16384 bind 16384)
[    0.351219] UDP hash table entries: 1024 (order: 3, 32768 bytes, linear)
[    0.351219] UDP-Lite hash table entries: 1024 (order: 3, 32768 bytes, linear)
[    0.351219] NET: Registered protocol family 1
[    0.351219] NET: Registered protocol family 44
[    0.351735] pci 0000:00:00.0: Limiting direct PCI/PCI transfers
[    0.351750] pci 0000:00:01.0: Activating ISA DMA hang workarounds
[    0.351805] pci 0000:00:02.0: Video device with shadowed ROM at [mem 0x000c0000-0x000dffff]
[    0.351869] PCI: CLS 0 bytes, default 64
[    0.351923] Trying to unpack rootfs image as initramfs...
[    0.524184] Freeing initrd memory: 47860K
[    0.524184] clocksource: tsc: mask: 0xffffffffffffffff max_cycles: 0x1e4530a99b6, max_idle_ns: 440795257976 ns
[    0.524184] clocksource: Switched to clocksource tsc
[    0.524184] platform rtc_cmos: registered platform RTC device (no PNP device found)
[    0.524184] check: Scanning for low memory corruption every 60 seconds
[    0.524184] Initialise system trusted keyrings
[    0.524184] Key type blacklist registered
[    0.524184] workingset: timestamp_bits=36 max_order=19 bucket_order=0
[    0.535549] zbud: loaded
[    0.535907] squashfs: version 4.0 (2009/01/31) Phillip Lougher
[    0.536048] fuse: init (API version 7.31)
[    0.536062] *** VALIDATE fuse ***
[    0.536063] *** VALIDATE fuse ***
[    0.536173] Platform Keyring initialized
[    0.538387] Key type asymmetric registered
[    0.538387] Asymmetric key parser 'x509' registered
[    0.538387] Block layer SCSI generic (bsg) driver version 0.4 loaded (major 244)
[    0.538387] io scheduler mq-deadline registered
[    0.538387] shpchp: Standard Hot Plug PCI Controller Driver version: 0.4
[    0.539476] ACPI: AC Adapter [AC] (on-line)
[    0.539522] input: Power Button as /devices/LNXSYSTM:00/LNXPWRBN:00/input/input0
[    0.539548] ACPI: Power Button [PWRF]
[    0.539647] input: Sleep Button as /devices/LNXSYSTM:00/LNXSLPBN:00/input/input1
[    0.539661] ACPI: Sleep Button [SLPF]
[    0.539884] Serial: 8250/16550 driver, 32 ports, IRQ sharing enabled
[    0.541213] Linux agpgart interface v0.103
[    0.635262] loop: module loaded
[    0.635471] ata_piix 0000:00:01.1: version 2.13
[    0.635894] scsi host0: ata_piix
[    0.635992] scsi host1: ata_piix
[    0.636020] ata1: PATA max UDMA/33 cmd 0x1f0 ctl 0x3f6 bmdma 0xd000 irq 14
[    0.636021] ata2: PATA max UDMA/33 cmd 0x170 ctl 0x376 bmdma 0xd008 irq 15
[    0.636102] tun: Universal TUN/TAP device driver, 1.6
[    0.636409] PPP generic driver version 2.4.2
[    0.636454] VFIO - User Level meta-driver version: 0.3
[    0.636699] ehci_hcd: USB 2.0 'Enhanced' Host Controller (EHCI) Driver
[    0.636706] ehci-pci: EHCI PCI platform driver
[    0.636720] ehci-platform: EHCI generic platform driver
[    0.636725] ohci_hcd: USB 1.1 'Open' Host Controller (OHCI) Driver
[    0.636727] ohci-pci: OHCI PCI platform driver
[    0.636733] ohci-platform: OHCI generic platform driver
[    0.636737] uhci_hcd: USB Universal Host Controller Interface driver
[    0.636801] i8042: PNP: PS/2 Controller [PNP0303:PS2K,PNP0f03:PS2M] at 0x60,0x64 irq 1,12
[    0.637241] serio: i8042 KBD port at 0x60,0x64 irq 1
[    0.637245] serio: i8042 AUX port at 0x60,0x64 irq 12
[    0.637331] mousedev: PS/2 mouse device common for all mice
[    0.637599] input: AT Translated Set 2 keyboard as /devices/platform/i8042/serio0/input/input2
[    0.638007] rtc_cmos rtc_cmos: registered as rtc0
[    0.638020] rtc_cmos rtc_cmos: alarms up to one day, 114 bytes nvram
[    0.638025] i2c /dev entries driver
[    0.638073] device-mapper: uevent: version 1.0.3
[    0.638115] device-mapper: ioctl: 4.41.0-ioctl (2019-09-16) initialised: dm-devel@redhat.com
[    0.638132] platform eisa.0: Probing EISA bus 0
[    0.638133] platform eisa.0: EISA: Cannot allocate resource for mainboard
[    0.638135] platform eisa.0: Cannot allocate resource for EISA slot 1
[    0.638136] platform eisa.0: Cannot allocate resource for EISA slot 2
[    0.638137] platform eisa.0: Cannot allocate resource for EISA slot 3
[    0.638137] platform eisa.0: Cannot allocate resource for EISA slot 4
[    0.638138] platform eisa.0: Cannot allocate resource for EISA slot 5
[    0.638139] platform eisa.0: Cannot allocate resource for EISA slot 6
[    0.638140] platform eisa.0: Cannot allocate resource for EISA slot 7
[    0.638141] platform eisa.0: Cannot allocate resource for EISA slot 8
[    0.638142] platform eisa.0: EISA: Detected 0 cards
[    0.638145] intel_pstate: CPU model not supported
[    0.638154] ledtrig-cpu: registered to indicate activity on CPUs
[    0.638205] drop_monitor: Initializing network drop monitor service
[    0.638367] NET: Registered protocol family 10
[    0.643335] Segment Routing with IPv6
[    0.643335] NET: Registered protocol family 17
[    0.643335] Key type dns_resolver registered
[    0.643335] RAS: Correctable Errors collector initialized.
[    0.643335] IPI shorthand broadcast: enabled
[    0.643335] sched_clock: Marking stable (628171971, 11163588)->(641227407, -1891848)
[    0.644886] registered taskstats version 1
[    0.644901] Loading compiled-in X.509 certificates
[    0.645752] Loaded X.509 cert 'Build time autogenerated kernel key: 0a9e52cc6eb58eed9b63e328679db6d5d5216245'
[    0.645778] zswap: loaded using pool lzo/zbud
[    0.645846] Key type ._fscrypt registered
[    0.645847] Key type .fscrypt registered
[    0.650613] Key type big_key registered
[    0.653720] Key type encrypted registered
[    0.653723] AppArmor: AppArmor sha1 policy hashing enabled
[    0.653733] ima: No TPM chip found, activating TPM-bypass!
[    0.653738] ima: Allocated hash algorithm: sha1
[    0.653745] ima: No architecture policies found
[    0.653758] evm: Initialising EVM extended attributes:
[    0.653758] evm: security.selinux
[    0.653759] evm: security.SMACK64
[    0.653760] evm: security.SMACK64EXEC
[    0.653760] evm: security.SMACK64TRANSMUTE
[    0.653761] evm: security.SMACK64MMAP
[    0.653762] evm: security.apparmor
[    0.653762] evm: security.ima
[    0.653763] evm: security.capability
[    0.653763] evm: HMAC attrs: 0x1
[    0.654139] PM:   Magic number: 10:25:33
[    0.654289] rtc_cmos rtc_cmos: setting system clock to 2026-01-20T15:00:11 UTC (1768921211)
[    0.806981] ata1.00: ATA-6: VBOX HARDDISK, 1.0, max UDMA/133
[    0.806983] ata1.00: 209715200 sectors, multi 128: LBA 
[    0.807424] scsi 0:0:0:0: Direct-Access     ATA      VBOX HARDDISK    1.0  PQ: 0 ANSI: 5
[    0.807607] sd 0:0:0:0: [sda] 209715200 512-byte logical blocks: (107 GB/100 GiB)
[    0.807613] sd 0:0:0:0: [sda] Write Protect is off
[    0.807615] sd 0:0:0:0: [sda] Mode Sense: 00 3a 00 00
[    0.807625] sd 0:0:0:0: [sda] Write cache: enabled, read cache: enabled, doesn't support DPO or FUA
[    0.807818] sd 0:0:0:0: Attached scsi generic sg0 type 0
[    0.808282]  sda: sda1 sda2
[    0.819299] sd 0:0:0:0: [sda] Attached SCSI disk
[    0.821059] Freeing unused decrypted memory: 2040K
[    0.821739] Freeing unused kernel image memory: 2720K
[    0.821741] Write protecting the kernel read-only data: 22528k
[    0.822395] Freeing unused kernel image memory: 2036K
[    0.822847] Freeing unused kernel image memory: 1452K
[    0.836960] x86/mm: Checked W+X mappings: passed, no W+X pages found.
[    0.836966] Run /init as init process
[    0.933171] ACPI: Video Device [GFX0] (multi-head: yes  rom: no  post: no)
[    0.933245] input: Video Bus as /devices/LNXSYSTM:00/LNXSYBUS:00/PNP0A03:00/LNXVIDEO:00/input/input4
[    0.947340] piix4_smbus 0000:00:07.0: SMBus Host Controller at 0x4100, revision 0
[    0.949970] e1000: Intel(R) PRO/1000 Network Driver - version 7.3.21-k8-NAPI
[    0.949971] e1000: Copyright (c) 1999-2006 Intel Corporation.
[    0.955561] pcnet32: pcnet32.c:v1.35 21.Apr.2008 tsbogend@alpha.franken.de
[    0.968682] pcnet32: PCnet/FAST III 79C973 at 0xd020, 08:00:27:b4:5a:05 assigned IRQ 19
[    0.968726] pcnet32: Found PHY 0022:561b at address 0
[    0.969032] pcnet32: eth0: registered as PCnet/FAST III 79C973
[    0.969055] pcnet32: 1 cards_found
[    1.033268] pcnet32 0000:00:03.0 enp0s3: renamed from eth0
[    1.169853] input: ImExPS/2 Generic Explorer Mouse as /devices/platform/i8042/serio1/input/input5
[    1.367610] e1000 0000:00:08.0 eth0: (PCI:33MHz:32-bit) 08:00:27:4b:36:69
[    1.367615] e1000 0000:00:08.0 eth0: Intel(R) PRO/1000 Network Connection
[    1.739501] e1000 0000:00:09.0 eth1: (PCI:33MHz:32-bit) 08:00:27:bc:90:96
[    1.739504] e1000 0000:00:09.0 eth1: Intel(R) PRO/1000 Network Connection
[    1.740691] e1000 0000:00:09.0 enp0s9: renamed from eth1
[    1.742463] e1000 0000:00:08.0 enp0s8: renamed from eth0
[    1.795666] EXT4-fs (sda2): mounted filesystem with ordered data mode. Opts: (null)
[    1.877664] systemd[1]: Inserted module 'autofs4'
[    1.887761] systemd[1]: systemd 245.4-4ubuntu3 running in system mode. (+PAM +AUDIT +SELINUX +IMA +APPARMOR +SMACK +SYSVINIT +UTMP +LIBCRYPTSETUP +GCRYPT +GNUTLS +ACL +XZ +LZ4 +SECCOMP +BLKID +ELFUTILS +KMOD +IDN2 -IDN +PCRE2 default-hierarchy=hybrid)
[    1.887790] systemd[1]: Detected virtualization oracle.
[    1.887793] systemd[1]: Detected architecture x86-64.
[    1.889098] systemd[1]: Set hostname to <ztg>.
[    2.028913] systemd[1]: /lib/systemd/system/dbus.socket:5: ListenStream= references a path below legacy directory /var/run/, updating /var/run/dbus/system_bus_socket â†’ /run/dbus/system_bus_socket; please update the unit file accordingly.
[    2.081156] systemd[1]: Created slice system-modprobe.slice.
[    2.081351] systemd[1]: Created slice User and Session Slice.
[    2.081405] systemd[1]: Started Forward Password Requests to Wall Directory Watch.
[    2.081579] systemd[1]: Set up automount Arbitrary Executable File Formats File System Automount Point.
[    2.081614] systemd[1]: Reached target User and Group Name Lookups.
[    2.081623] systemd[1]: Reached target Remote File Systems.
[    2.081631] systemd[1]: Reached target Slices.
[    2.082187] systemd[1]: Listening on Syslog Socket.
[    2.082256] systemd[1]: Listening on fsck to fsckd communication Socket.
[    2.082296] systemd[1]: Listening on initctl Compatibility Named Pipe.
[    2.082437] systemd[1]: Listening on Journal Audit Socket.
[    2.082488] systemd[1]: Listening on Journal Socket (/dev/log).
[    2.082559] systemd[1]: Listening on Journal Socket.
[    2.082624] systemd[1]: Listening on udev Control Socket.
[    2.082662] systemd[1]: Listening on udev Kernel Socket.
[    2.083525] systemd[1]: Mounting Huge Pages File System...
[    2.084448] systemd[1]: Mounting POSIX Message Queue File System...
[    2.085362] systemd[1]: Mounting Kernel Debug File System...
[    2.086240] systemd[1]: Mounting Kernel Trace File System...
[    2.088226] systemd[1]: Starting Journal Service...
[    2.112984] systemd[1]: Starting Set the console keyboard layout...
[    2.121404] systemd[1]: Starting Create list of static device nodes for the current kernel...
[    2.123601] systemd[1]: Starting Load Kernel Module drm...
[    2.124747] systemd[1]: Condition check resulted in Set Up Additional Binary Formats being skipped.
[    2.124786] systemd[1]: Condition check resulted in File System Check on Root Device being skipped.
[    2.134899] systemd[1]: Starting Load Kernel Modules...
[    2.143453] systemd[1]: Starting Remount Root and Kernel File Systems...
[    2.152839] systemd[1]: Starting udev Coldplug all Devices...
[    2.164235] systemd[1]: Starting Uncomplicated firewall...
[    2.165698] systemd[1]: Mounted Huge Pages File System.
[    2.165802] systemd[1]: Mounted POSIX Message Queue File System.
[    2.165875] systemd[1]: Mounted Kernel Debug File System.
[    2.165943] systemd[1]: Mounted Kernel Trace File System.
[    2.167160] EXT4-fs (sda2): re-mounted. Opts: errors=remount-ro
[    2.176583] systemd[1]: Finished Create list of static device nodes for the current kernel.
[    2.177443] systemd[1]: modprobe@drm.service: Succeeded.
[    2.193814] systemd[1]: Finished Load Kernel Module drm.
[    2.200220] systemd[1]: Finished Remount Root and Kernel File Systems.
[    2.202434] lp: driver loaded but no devices found
[    2.219094] systemd[1]: Finished Uncomplicated firewall.
[    2.235918] systemd[1]: Condition check resulted in Rebuild Hardware Database being skipped.
[    2.235968] systemd[1]: Condition check resulted in Platform Persistent Storage Archival being skipped.
[    2.236777] systemd[1]: Starting Load/Save Random Seed...
[    2.238691] ppdev: user-space parallel port driver
[    2.248030] systemd[1]: Starting Create System Users...
[    2.260409] systemd[1]: Finished Load/Save Random Seed.
[    2.263165] systemd[1]: Finished Create System Users.
[    2.264025] systemd[1]: Starting Create Static Device Nodes in /dev...
[    2.313847] systemd[1]: Finished udev Coldplug all Devices.
[    2.324621] systemd[1]: Finished Create Static Device Nodes in /dev.
[    2.325503] systemd[1]: Starting udev Kernel Device Manager...
[    2.348826] [drm] DMA map mode: Caching DMA mappings.
[    2.348891] [drm] Capabilities:
[    2.348891] [drm]   Rect copy.
[    2.348891] [drm]   Cursor.
[    2.348892] [drm]   Cursor bypass.
[    2.348892] [drm]   Cursor bypass 2.
[    2.348892] [drm]   Alpha cursor.
[    2.348893] [drm]   Extended Fifo.
[    2.348893] [drm]   Pitchlock.
[    2.348893] [drm]   Irq mask.
[    2.348894] [drm]   GMR.
[    2.348894] [drm]   Traces.
[    2.348894] [drm]   GMR2.
[    2.348895] [drm]   Screen Object 2.
[    2.348895] [drm]   Command Buffers.
[    2.348895] [drm]   Command Buffers 2.
[    2.348896] [drm]   Guest Backed Resources.
[    2.348897] [drm] Max GMR ids is 8192
[    2.348897] [drm] Max number of GMR pages is 1048576
[    2.348898] [drm] Max dedicated hypervisor surface memory is 393216 kiB
[    2.348898] [drm] Maximum display memory size is 131072 kiB
[    2.348899] [drm] VRAM at 0xe0000000 size is 131072 kiB
[    2.348900] [drm] MMIO at 0xf0000000 size is 2048 kiB
[    2.358185] [TTM] Zone  kernel: Available graphics memory: 1011744 KiB
[    2.358186] [TTM] Initializing pool allocator
[    2.358189] [TTM] Initializing DMA pool allocator
[    2.358218] [drm] Supports vblank timestamp caching Rev 2 (21.10.2013).
[    2.358219] [drm] No driver support for vblank timestamp query.
[    2.358479] [drm] Screen Target Display device initialized
[    2.358719] [drm] width 720
[    2.358735] [drm] height 400
[    2.358738] [drm] bpp 32
[    2.359320] [drm] Fifo max 0x00200000 min 0x00001000 cap 0x00000355
[    2.360531] [drm] Using command buffers with DMA pool.
[    2.360535] [drm] DX: no.
[    2.360535] [drm] Atomic: yes.
[    2.360536] [drm] SM4_1: no.
[    2.360556] [drm:vmw_host_log [vmwgfx]] *ERROR* Failed to send host log message.
[    2.361492] [drm:vmw_host_log [vmwgfx]] *ERROR* Failed to send host log message.
[    2.373620] fbcon: svgadrmfb (fb0) is primary device
[    2.375791] Console: switching to colour frame buffer device 100x37
[    2.377051] systemd[1]: Finished Set the console keyboard layout.
[    2.377160] systemd[1]: Reached target Local File Systems (Pre).
[    2.380105] systemd[1]: Mounting Mount unit for bare, revision 5...
[    2.386050] [drm] Initialized vmwgfx 2.15.0 20180704 for 0000:00:02.0 on minor 0
[    2.386264] systemd[1]: Mounting Mount unit for core18, revision 1705...
[    2.398109] systemd[1]: Mounting Mount unit for gnome-3-34-1804, revision 24...
[    2.424837] systemd[1]: Mounting Mount unit for gtk-common-themes, revision 1506...
[    2.433279] systemd[1]: Mounting Mount unit for gtk-common-themes, revision 1535...
[    2.440666] systemd[1]: Mounting Mount unit for snap-store, revision 433...
[    2.448879] systemd[1]: Mounting Mount unit for snapd, revision 7264...
[    2.451897] systemd[1]: Finished Load Kernel Modules.
[    2.473658] systemd[1]: Mounted Mount unit for bare, revision 5.
[    2.473755] systemd[1]: Mounted Mount unit for gnome-3-34-1804, revision 24.
[    2.479528] systemd[1]: Mounting FUSE Control File System...
[    2.482250] systemd[1]: Mounting Kernel Configuration File System...
[    2.486134] systemd[1]: Starting Apply Kernel Variables...
[    2.502916] systemd[1]: Mounted Mount unit for core18, revision 1705.
[    2.503017] systemd[1]: Mounted Mount unit for gtk-common-themes, revision 1506.
[    2.503090] systemd[1]: Mounted FUSE Control File System.
[    2.503160] systemd[1]: Mounted Kernel Configuration File System.
[    2.506269] systemd[1]: Condition check resulted in VMware vmblock fuse mount being skipped.
[    2.517779] systemd[1]: Finished Apply Kernel Variables.
[    2.526839] systemd[1]: Mounted Mount unit for gtk-common-themes, revision 1535.
[    2.526926] systemd[1]: Mounted Mount unit for snap-store, revision 433.
[    2.526998] systemd[1]: Mounted Mount unit for snapd, revision 7264.
[    2.527050] systemd[1]: Reached target Local File Systems.
[    2.528628] systemd[1]: Starting Load AppArmor profiles...
[    2.530488] systemd[1]: Starting Set console font and keymap...
[    2.546695] systemd[1]: Starting Tell Plymouth To Write Out Runtime Data...
[    2.546722] systemd[1]: Condition check resulted in Store a System Token in an EFI Variable being skipped.
[    2.546747] systemd[1]: Condition check resulted in Commit a transient machine-id on disk being skipped.
[    2.546866] systemd[1]: Started udev Kernel Device Manager.
[    2.554235] systemd[1]: Starting Show Plymouth Boot Screen...
[    2.554687] systemd[1]: Finished Set console font and keymap.
[    2.560084] systemd[1]: plymouth-read-write.service: Succeeded.
[    2.566551] systemd[1]: Finished Tell Plymouth To Write Out Runtime Data.
[    2.567119] systemd[1]: Received SIGRTMIN+20 from PID 288 (plymouthd).
[    2.591344] systemd[1]: Started Show Plymouth Boot Screen.
[    2.591534] systemd[1]: Condition check resulted in Dispatch Password Requests to Console Directory Watch being skipped.
[    2.591618] systemd[1]: Started Forward Password Requests to Plymouth Directory Watch.
[    2.591707] systemd[1]: Reached target Local Encrypted Volumes.
[    2.608667] audit: type=1400 audit(1768921213.452:2): apparmor="STATUS" operation="profile_load" profile="unconfined" name="nvidia_modprobe" pid=293 comm="apparmor_parser"
[    2.608669] audit: type=1400 audit(1768921213.452:3): apparmor="STATUS" operation="profile_load" profile="unconfined" name="nvidia_modprobe//kmod" pid=293 comm="apparmor_parser"
[    2.615280] audit: type=1400 audit(1768921213.460:4): apparmor="STATUS" operation="profile_load" profile="unconfined" name="/usr/sbin/tcpdump" pid=295 comm="apparmor_parser"
[    2.646908] audit: type=1400 audit(1768921213.484:5): apparmor="STATUS" operation="profile_load" profile="unconfined" name="/usr/bin/evince" pid=297 comm="apparmor_parser"
[    2.646910] audit: type=1400 audit(1768921213.484:6): apparmor="STATUS" operation="profile_load" profile="unconfined" name="/usr/bin/evince//sanitized_helper" pid=297 comm="apparmor_parser"
[    2.646912] audit: type=1400 audit(1768921213.484:7): apparmor="STATUS" operation="profile_load" profile="unconfined" name="/usr/bin/evince-previewer" pid=297 comm="apparmor_parser"
[    2.646914] audit: type=1400 audit(1768921213.484:8): apparmor="STATUS" operation="profile_load" profile="unconfined" name="/usr/bin/evince-previewer//sanitized_helper" pid=297 comm="apparmor_parser"
[    2.646915] audit: type=1400 audit(1768921213.484:9): apparmor="STATUS" operation="profile_load" profile="unconfined" name="/usr/bin/evince-thumbnailer" pid=297 comm="apparmor_parser"
[    2.677894] audit: type=1400 audit(1768921213.520:10): apparmor="STATUS" operation="profile_load" profile="unconfined" name="/usr/lib/cups/backend/cups-pdf" pid=303 comm="apparmor_parser"
[    2.752401] systemd[1]: Finished Load AppArmor profiles.
[    2.753374] systemd[1]: Starting Load AppArmor profiles managed internally by snapd...
[    2.820329] systemd[1]: Finished Load AppArmor profiles managed internally by snapd.
[    3.087667] systemd[1]: Started Journal Service.
[    3.094682] systemd-journald[228]: Received client request to flush runtime journal.
[    4.420338] RAPL PMU: API unit is 2^-32 Joules, 0 fixed counters, 10737418240 ms ovfl timer
[    4.478885] cryptd: max_cpu_qlen set to 1000
[    4.541130] AVX2 version of gcm_enc/dec engaged.
[    4.541131] AES CTR mode by8 optimization enabled
[    5.478261] Adding 1998844k swap on /dev/sda1.  Priority:-2 extents:1 across:1998844k FS
[    6.835157] kauditd_printk_skb: 30 callbacks suppressed
[    6.835159] audit: type=1400 audit(1768921217.676:41): apparmor="DENIED" operation="capable" profile="/usr/sbin/cups-browsed" pid=495 comm="cups-browsed" capability=23  capname="sys_nice"
[    7.697012] pcnet32 0000:00:03.0 enp0s3: link up, 100Mbps, full-duplex
[    7.732832] e1000: enp0s8 NIC Link is Up 1000 Mbps Full Duplex, Flow Control: RX
[    7.733115] IPv6: ADDRCONF(NETDEV_CHANGE): enp0s8: link becomes ready
[    7.747978] e1000: enp0s9 NIC Link is Up 1000 Mbps Full Duplex, Flow Control: RX
[    7.748297] IPv6: ADDRCONF(NETDEV_CHANGE): enp0s9: link becomes ready
[    8.275096] device enp0s3 entered promiscuous mode
[    8.301819] audit: type=1400 audit(1768921219.136:42): apparmor="DENIED" operation="open" profile="/usr/sbin/tcpdump" name="/proc/sys/kernel/random/boot_id" pid=647 comm="tcpdump" requested_mask="r" denied_mask="r" fsuid=0 ouid=0
[    8.302098] audit: type=1400 audit(1768921219.136:43): apparmor="DENIED" operation="open" profile="/usr/sbin/tcpdump" name="/proc/sys/kernel/random/boot_id" pid=647 comm="tcpdump" requested_mask="r" denied_mask="r" fsuid=0 ouid=0
[    8.302140] audit: type=1400 audit(1768921219.136:44): apparmor="DENIED" operation="open" profile="/usr/sbin/tcpdump" name="/proc/sys/kernel/random/boot_id" pid=647 comm="tcpdump" requested_mask="r" denied_mask="r" fsuid=0 ouid=0
[    8.302197] audit: type=1400 audit(1768921219.136:45): apparmor="DENIED" operation="open" profile="/usr/sbin/tcpdump" name="/proc/sys/kernel/random/boot_id" pid=647 comm="tcpdump" requested_mask="r" denied_mask="r" fsuid=0 ouid=0
[    8.308671] audit: type=1400 audit(1768921219.152:46): apparmor="DENIED" operation="open" profile="/usr/sbin/tcpdump" name="/proc/sys/kernel/random/boot_id" pid=648 comm="tcpdump" requested_mask="r" denied_mask="r" fsuid=0 ouid=0
[    8.309124] audit: type=1400 audit(1768921219.152:47): apparmor="DENIED" operation="open" profile="/usr/sbin/tcpdump" name="/proc/sys/kernel/random/boot_id" pid=648 comm="tcpdump" requested_mask="r" denied_mask="r" fsuid=0 ouid=0
[    8.309169] audit: type=1400 audit(1768921219.152:48): apparmor="DENIED" operation="open" profile="/usr/sbin/tcpdump" name="/proc/sys/kernel/random/boot_id" pid=648 comm="tcpdump" requested_mask="r" denied_mask="r" fsuid=0 ouid=0
[    8.309228] audit: type=1400 audit(1768921219.152:49): apparmor="DENIED" operation="open" profile="/usr/sbin/tcpdump" name="/proc/sys/kernel/random/boot_id" pid=648 comm="tcpdump" requested_mask="r" denied_mask="r" fsuid=0 ouid=0
[   12.883181] rfkill: input handler disabled
[  342.981030] AAAAA-TCP_FORW: name:enp0s3: saddr:16783984: daddr:100932208
[  343.013272] AAAAA-TCP_FORW: name:enp0s3: saddr:16783984: daddr:100932208
[  343.044311] AAAAA-TCP_FORW: name:enp0s3: saddr:100932208: daddr:16783984
[  343.086812] AAAAA-TCP_FORW: name:enp0s3: saddr:100932208: daddr:16783984
[  343.275365] AAAAA-TCP_FORW: name:enp0s3: saddr:16783984: daddr:100932208
[  343.313903] AAAAA-TCP_FORW: name:enp0s3: saddr:100932208: daddr:16783984
[  343.351371] AAAAA-TCP_FORW: name:enp0s3: saddr:100932208: daddr:16783984
[  343.500039] AAAAA-TCP_FORW: name:enp0s3: saddr:16783984: daddr:100932208
[  343.538106] AAAAA-TCP_FORW: name:enp0s3: saddr:16783984: daddr:100932208
[  343.664049] AAAAA-TCP_FORW: name:enp0s3: saddr:16783984: daddr:100932208
[  343.915510] AAAAA-TCP_FORW: name:enp0s3: saddr:16783984: daddr:100932208
[  344.026462] AAAAA-TCP_FORW: name:enp0s3: saddr:16783984: daddr:100932208
[  344.202532] AAAAA-TCP_FORW: name:enp0s3: saddr:16783984: daddr:100932208
[  344.274897] AAAAA-TCP_FORW: name:enp0s3: saddr:16783984: daddr:100932208
[  344.338022] AAAAA-TCP_FORW: name:enp0s3: saddr:16783984: daddr:100932208
[  344.446095] AAAAA-TCP_FORW: name:enp0s3: saddr:16783984: daddr:100932208
[  344.538386] AAAAA-TCP_FORW: name:enp0s3: saddr:16783984: daddr:100932208
[  344.610873] AAAAA-TCP_FORW: name:enp0s3: saddr:16783984: daddr:100932208
[  344.678301] AAAAA-TCP_FORW: name:enp0s3: saddr:16783984: daddr:100932208
[  344.866688] AAAAA-TCP_FORW: name:enp0s3: saddr:16783984: daddr:100932208
[  344.966352] AAAAA-TCP_FORW: name:enp0s3: saddr:16783984: daddr:100932208
[  345.065185] AAAAA-TCP_FORW: name:enp0s3: saddr:16783984: daddr:100932208
[  345.204690] AAAAA-TCP_FORW: name:enp0s3: saddr:16783984: daddr:100932208
[  345.318195] AAAAA-TCP_FORW: name:enp0s3: saddr:16783984: daddr:100932208
[  345.395800] AAAAA-TCP_FORW: name:enp0s3: saddr:16783984: daddr:100932208
[  345.590615] AAAAA-TCP_FORW: name:enp0s3: saddr:16783984: daddr:100932208
[  345.730982] AAAAA-TCP_FORW: name:enp0s3: saddr:16783984: daddr:100932208
[  345.980709] AAAAA-TCP_FORW: name:enp0s3: saddr:16783984: daddr:100932208
[  346.244231] AAAAA-TCP_FORW: name:enp0s3: saddr:16783984: daddr:100932208
[  346.377821] AAAAA-TCP_FORW: name:enp0s3: saddr:16783984: daddr:100932208
[  346.468842] AAAAA-TCP_FORW: name:enp0s3: saddr:16783984: daddr:100932208
[  346.591147] AAAAA-TCP_FORW: name:enp0s3: saddr:16783984: daddr:100932208
[  346.664481] AAAAA-TCP_FORW: name:enp0s3: saddr:16783984: daddr:100932208
[  346.817820] AAAAA-TCP_FORW: name:enp0s3: saddr:16783984: daddr:100932208
[  346.999979] AAAAA-TCP_FORW: name:enp0s3: saddr:16783984: daddr:100932208
[  347.114733] AAAAA-TCP_FORW: name:enp0s3: saddr:16783984: daddr:100932208
[  347.306957] AAAAA-TCP_FORW: name:enp0s3: saddr:16783984: daddr:100932208
[  347.547876] AAAAA-TCP_FORW: name:enp0s3: saddr:16783984: daddr:100932208
[  347.700393] AAAAA-TCP_FORW: name:enp0s3: saddr:16783984: daddr:100932208
[  347.898342] AAAAA-TCP_FORW: name:enp0s3: saddr:16783984: daddr:100932208
[  348.080760] AAAAA-TCP_FORW: name:enp0s3: saddr:16783984: daddr:100932208
[  348.225417] AAAAA-TCP_FORW: name:enp0s3: saddr:16783984: daddr:100932208
[  348.318354] AAAAA-TCP_FORW: name:enp0s3: saddr:16783984: daddr:100932208
[  348.416416] AAAAA-TCP_FORW: name:enp0s3: saddr:16783984: daddr:100932208
[  348.507577] AAAAA-TCP_FORW: name:enp0s3: saddr:16783984: daddr:100932208
[  348.617360] AAAAA-TCP_FORW: name:enp0s3: saddr:16783984: daddr:100932208
[  348.767801] AAAAA-TCP_FORW: name:enp0s3: saddr:16783984: daddr:100932208
[  348.862874] AAAAA-TCP_FORW: name:enp0s3: saddr:16783984: daddr:100932208
[  348.937277] AAAAA-TCP_FORW: name:enp0s3: saddr:16783984: daddr:100932208
[  349.008494] AAAAA-TCP_FORW: name:enp0s3: saddr:16783984: daddr:100932208
[  349.075853] AAAAA-TCP_FORW: name:enp0s3: saddr:16783984: daddr:100932208
[  349.153465] AAAAA-TCP_FORW: name:enp0s3: saddr:16783984: daddr:100932208
[  349.195544] AAAAA-TCP_FORW: name:enp0s3: saddr:16783984: daddr:100932208
[  349.303685] AAAAA-TCP_FORW: name:enp0s3: saddr:16783984: daddr:100932208
[  349.369769] AAAAA-TCP_FORW: name:enp0s3: saddr:16783984: daddr:100932208
[  349.469515] AAAAA-TCP_FORW: name:enp0s3: saddr:16783984: daddr:100932208
[  349.521199] AAAAA-TCP_FORW: name:enp0s3: saddr:16783984: daddr:100932208
[  349.594817] AAAAA-TCP_FORW: name:enp0s3: saddr:16783984: daddr:100932208
[  349.660645] AAAAA-TCP_FORW: name:enp0s3: saddr:16783984: daddr:100932208
[  349.740117] AAAAA-TCP_FORW: name:enp0s3: saddr:16783984: daddr:100932208
[  349.807678] AAAAA-TCP_FORW: name:enp0s3: saddr:16783984: daddr:100932208
[  349.890959] AAAAA-TCP_FORW: name:enp0s3: saddr:16783984: daddr:100932208
[  349.959446] AAAAA-TCP_FORW: name:enp0s3: saddr:16783984: daddr:100932208
[  350.021096] AAAAA-TCP_FORW: name:enp0s3: saddr:16783984: daddr:100932208
[  350.103177] AAAAA-TCP_FORW: name:enp0s3: saddr:16783984: daddr:100932208
[  350.193090] AAAAA-TCP_FORW: name:enp0s3: saddr:16783984: daddr:100932208
[  350.286474] AAAAA-TCP_FORW: name:enp0s3: saddr:16783984: daddr:100932208
[  350.351214] AAAAA-TCP_FORW: name:enp0s3: saddr:16783984: daddr:100932208
[  350.415187] AAAAA-TCP_FORW: name:enp0s3: saddr:16783984: daddr:100932208
[  350.438097] AAAAA-TCP_FORW: name:enp0s3: saddr:16783984: daddr:100932208
[  368.662037] AAAAA-TCP_FORW: name:enp0s3: saddr:16783984: daddr:100932208
[  368.851580] AAAAA-TCP_FORW: name:enp0s3: saddr:16783984: daddr:100932208
[  369.019568] AAAAA-TCP_FORW: name:enp0s3: saddr:16783984: daddr:100932208
[  369.156717] AAAAA-TCP_FORW: name:enp0s3: saddr:16783984: daddr:100932208
[  370.045948] AAAAA-TCP_FORW: name:enp0s3: saddr:16783984: daddr:100932208
[  370.125853] AAAAA-TCP_FORW: name:enp0s3: saddr:16783984: daddr:100932208
[  370.216423] AAAAA-TCP_FORW: name:enp0s3: saddr:16783984: daddr:100932208
[  370.295377] AAAAA-TCP_FORW: name:enp0s3: saddr:16783984: daddr:100932208
[  370.419122] AAAAA-TCP_FORW: name:enp0s3: saddr:16783984: daddr:100932208
[  370.534945] AAAAA-TCP_FORW: name:enp0s3: saddr:16783984: daddr:100932208
[  370.666553] AAAAA-TCP_FORW: name:enp0s3: saddr:16783984: daddr:100932208
[  370.735426] AAAAA-TCP_FORW: name:enp0s3: saddr:16783984: daddr:100932208
[  435.823578] AAAAA-TCP_FORW: name:enp0s3: saddr:100932208: daddr:16783984
[  435.978958] AAAAA-TCP_FORW: name:enp0s3: saddr:100932208: daddr:16783984
[  436.037839] AAAAA-TCP_FORW: name:enp0s3: saddr:100932208: daddr:16783984
[  436.107707] AAAAA-TCP_FORW: name:enp0s3: saddr:100932208: daddr:16783984
[  436.229791] AAAAA-TCP_FORW: name:enp0s3: saddr:100932208: daddr:16783984
[  436.308898] AAAAA-TCP_FORW: name:enp0s3: saddr:100932208: daddr:16783984
[  436.411839] AAAAA-TCP_FORW: name:enp0s3: saddr:100932208: daddr:16783984
[  439.466996] AAAAA-TCP_FORW: name:enp0s3: saddr:16783984: daddr:100932208
[  439.657178] AAAAA-TCP_FORW: name:enp0s3: saddr:16783984: daddr:100932208
[  440.153122] AAAAA-TCP_FORW: name:enp0s3: saddr:16783984: daddr:100932208
[  440.677938] AAAAA-TCP_FORW: name:enp0s3: saddr:16783984: daddr:100932208
[  440.813088] AAAAA-TCP_FORW: name:enp0s3: saddr:16783984: daddr:100932208
[  441.460624] AAAAA-TCP_FORW: name:enp0s3: saddr:16783984: daddr:100932208
[  441.676260] AAAAA-TCP_FORW: name:enp0s3: saddr:16783984: daddr:100932208
[  441.859063] AAAAA-TCP_FORW: name:enp0s3: saddr:16783984: daddr:100932208
[  442.027144] AAAAA-TCP_FORW: name:enp0s3: saddr:16783984: daddr:100932208
[  442.109257] AAAAA-TCP_FORW: name:enp0s3: saddr:16783984: daddr:100932208
[  442.680489] AAAAA-TCP_FORW: name:enp0s3: saddr:16783984: daddr:100932208
[  442.878305] AAAAA-TCP_FORW: name:enp0s3: saddr:16783984: daddr:100932208
[  443.145084] AAAAA-TCP_FORW: name:enp0s3: saddr:16783984: daddr:100932208
[  902.151172] rfkill: input handler enabled
[  910.778148] rfkill: input handler disabled
[ 1106.257365] device enp0s3 left promiscuous mode
