[    0.000000] Linux version 5.4.243-tcp (root@ztg) (gcc version 12.2.0 (Debian 12.2.0-14)) #1 SMP Fri Apr 12 08:27:09 CST 2024
[    0.000000] Command line: BOOT_IMAGE=/boot/vmlinuz-5.4.243-tcp root=UUID=98415a12-53b7-4144-8265-0f7ece09e445 ro quiet splash
[    0.000000] KERNEL supported cpus:
[    0.000000]   Intel GenuineIntel
[    0.000000]   AMD AuthenticAMD
[    0.000000]   Hygon HygonGenuine
[    0.000000]   Centaur CentaurHauls
[    0.000000]   zhaoxin   Shanghai  
[    0.000000] x86/fpu: Supporting XSAVE feature 0x001: 'x87 floating point registers'
[    0.000000] x86/fpu: Supporting XSAVE feature 0x002: 'SSE registers'
[    0.000000] x86/fpu: Supporting XSAVE feature 0x004: 'AVX registers'
[    0.000000] x86/fpu: xstate_offset[2]:  576, xstate_sizes[2]:  256
[    0.000000] x86/fpu: Enabled xstate features 0x7, context size is 832 bytes, using 'standard' format.
[    0.000000] BIOS-provided physical RAM map:
[    0.000000] BIOS-e820: [mem 0x0000000000000000-0x000000000009fbff] usable
[    0.000000] BIOS-e820: [mem 0x000000000009fc00-0x000000000009ffff] reserved
[    0.000000] BIOS-e820: [mem 0x00000000000f0000-0x00000000000fffff] reserved
[    0.000000] BIOS-e820: [mem 0x0000000000100000-0x000000007ffeffff] usable
[    0.000000] BIOS-e820: [mem 0x000000007fff0000-0x000000007fffffff] ACPI data
[    0.000000] BIOS-e820: [mem 0x00000000fec00000-0x00000000fec00fff] reserved
[    0.000000] BIOS-e820: [mem 0x00000000fee00000-0x00000000fee00fff] reserved
[    0.000000] BIOS-e820: [mem 0x00000000fffc0000-0x00000000ffffffff] reserved
[    0.000000] NX (Execute Disable) protection: active
[    0.000000] SMBIOS 2.5 present.
[    0.000000] DMI: innotek GmbH VirtualBox/VirtualBox, BIOS VirtualBox 12/01/2006
[    0.000000] Hypervisor detected: KVM
[    0.000000] kvm-clock: Using msrs 4b564d01 and 4b564d00
[    0.000000] kvm-clock: cpu 0, msr 46c01001, primary cpu clock
[    0.000000] kvm-clock: using sched offset of 4480708275 cycles
[    0.000003] clocksource: kvm-clock: mask: 0xffffffffffffffff max_cycles: 0x1cd42e4dffb, max_idle_ns: 881590591483 ns
[    0.000005] tsc: Detected 2100.000 MHz processor
[    0.001888] e820: update [mem 0x00000000-0x00000fff] usable ==> reserved
[    0.001890] e820: remove [mem 0x000a0000-0x000fffff] usable
[    0.001894] last_pfn = 0x7fff0 max_arch_pfn = 0x400000000
[    0.001963] MTRR default type: uncachable
[    0.001964] MTRR fixed ranges enabled:
[    0.001965]   00000-9FFFF write-back
[    0.001965]   A0000-BFFFF uncachable
[    0.001966]   C0000-FFFFF write-protect
[    0.001967] MTRR variable ranges enabled:
[    0.001968]   0 base 000000000000 mask 3FFF80000000 write-back
[    0.001969]   1 disabled
[    0.001969]   2 disabled
[    0.001970]   3 disabled
[    0.001970]   4 disabled
[    0.001971]   5 disabled
[    0.001971]   6 disabled
[    0.001972]   7 disabled
[    0.001972]   8 disabled
[    0.001972]   9 disabled
[    0.001973]   10 disabled
[    0.001973]   11 disabled
[    0.001974]   12 disabled
[    0.001974]   13 disabled
[    0.001975]   14 disabled
[    0.001975]   15 disabled
[    0.001991] x86/PAT: Configuration [0-7]: WB  WC  UC- UC  WB  WP  UC- WT  
[    0.002125] found SMP MP-table at [mem 0x0009fff0-0x0009ffff]
[    0.093901] check: Scanning 1 areas for low memory corruption
[    0.094076] RAMDISK: [mem 0x32275000-0x35131fff]
[    0.094084] ACPI: Early table checksum verification disabled
[    0.094090] ACPI: RSDP 0x00000000000E0000 000024 (v02 VBOX  )
[    0.094094] ACPI: XSDT 0x000000007FFF0030 00003C (v01 VBOX   VBOXXSDT 00000001 ASL  00000061)
[    0.094100] ACPI: FACP 0x000000007FFF00F0 0000F4 (v04 VBOX   VBOXFACP 00000001 ASL  00000061)
[    0.094107] ACPI: DSDT 0x000000007FFF02E0 002353 (v02 VBOX   VBOXBIOS 00000002 VBOX 00029BF3)
[    0.094111] ACPI: FACS 0x000000007FFF0200 000040
[    0.094114] ACPI: FACS 0x000000007FFF0200 000040
[    0.094117] ACPI: APIC 0x000000007FFF0240 000054 (v02 VBOX   VBOXAPIC 00000001 ASL  00000061)
[    0.094121] ACPI: SSDT 0x000000007FFF02A0 000038 (v01 VBOX   VBOXCPUT 00000002 VBOX 00029BF3)
[    0.094124] ACPI: Reserving FACP table memory at [mem 0x7fff00f0-0x7fff01e3]
[    0.094125] ACPI: Reserving DSDT table memory at [mem 0x7fff02e0-0x7fff2632]
[    0.094125] ACPI: Reserving FACS table memory at [mem 0x7fff0200-0x7fff023f]
[    0.094126] ACPI: Reserving FACS table memory at [mem 0x7fff0200-0x7fff023f]
[    0.094127] ACPI: Reserving APIC table memory at [mem 0x7fff0240-0x7fff0293]
[    0.094127] ACPI: Reserving SSDT table memory at [mem 0x7fff02a0-0x7fff02d7]
[    0.094141] ACPI: Local APIC address 0xfee00000
[    0.094332] No NUMA configuration found
[    0.094333] Faking a node at [mem 0x0000000000000000-0x000000007ffeffff]
[    0.094344] NODE_DATA(0) allocated [mem 0x7ffc5000-0x7ffeffff]
[    0.094605] Zone ranges:
[    0.094606]   DMA      [mem 0x0000000000001000-0x0000000000ffffff]
[    0.094607]   DMA32    [mem 0x0000000001000000-0x000000007ffeffff]
[    0.094608]   Normal   empty
[    0.094608]   Device   empty
[    0.094609] Movable zone start for each node
[    0.094611] Early memory node ranges
[    0.094612]   node   0: [mem 0x0000000000001000-0x000000000009efff]
[    0.094612]   node   0: [mem 0x0000000000100000-0x000000007ffeffff]
[    0.094615] Zeroed struct page in unavailable ranges: 114 pages
[    0.094616] Initmem setup node 0 [mem 0x0000000000001000-0x000000007ffeffff]
[    0.094617] On node 0 totalpages: 524174
[    0.094619]   DMA zone: 64 pages used for memmap
[    0.094619]   DMA zone: 21 pages reserved
[    0.094620]   DMA zone: 3998 pages, LIFO batch:0
[    0.094690]   DMA32 zone: 8128 pages used for memmap
[    0.094691]   DMA32 zone: 520176 pages, LIFO batch:63
[    0.104175] ACPI: PM-Timer IO Port: 0x4008
[    0.104178] ACPI: Local APIC address 0xfee00000
[    0.104243] IOAPIC[0]: apic_id 1, version 32, address 0xfec00000, GSI 0-23
[    0.104247] ACPI: INT_SRC_OVR (bus 0 bus_irq 0 global_irq 2 dfl dfl)
[    0.104248] ACPI: INT_SRC_OVR (bus 0 bus_irq 9 global_irq 9 low level)
[    0.104250] ACPI: IRQ0 used by override.
[    0.104251] ACPI: IRQ9 used by override.
[    0.104254] Using ACPI (MADT) for SMP configuration information
[    0.104260] smpboot: Allowing 1 CPUs, 0 hotplug CPUs
[    0.104281] PM: Registered nosave memory: [mem 0x00000000-0x00000fff]
[    0.104282] PM: Registered nosave memory: [mem 0x0009f000-0x0009ffff]
[    0.104283] PM: Registered nosave memory: [mem 0x000a0000-0x000effff]
[    0.104283] PM: Registered nosave memory: [mem 0x000f0000-0x000fffff]
[    0.104285] [mem 0x80000000-0xfebfffff] available for PCI devices
[    0.104286] Booting paravirtualized kernel on KVM
[    0.104289] clocksource: refined-jiffies: mask: 0xffffffff max_cycles: 0xffffffff, max_idle_ns: 7645519600211568 ns
[    0.104294] setup_percpu: NR_CPUS:8192 nr_cpumask_bits:1 nr_cpu_ids:1 nr_node_ids:1
[    0.105303] percpu: Embedded 60 pages/cpu s208896 r8192 d28672 u2097152
[    0.105308] pcpu-alloc: s208896 r8192 d28672 u2097152 alloc=1*2097152
[    0.105309] pcpu-alloc: [0] 0 
[    0.105335] Built 1 zonelists, mobility grouping on.  Total pages: 515961
[    0.105336] Policy zone: DMA32
[    0.105337] Kernel command line: BOOT_IMAGE=/boot/vmlinuz-5.4.243-tcp root=UUID=98415a12-53b7-4144-8265-0f7ece09e445 ro quiet splash
[    0.106192] Dentry cache hash table entries: 262144 (order: 9, 2097152 bytes, linear)
[    0.106339] Inode-cache hash table entries: 131072 (order: 8, 1048576 bytes, linear)
[    0.106389] mem auto-init: stack:off, heap alloc:on, heap free:off
[    0.106392] Calgary: detecting Calgary via BIOS EBDA area
[    0.106393] Calgary: Unable to locate Rio Grande table in EBDA - bailing!
[    0.111453] Memory: 1967340K/2096696K available (14339K kernel code, 2392K rwdata, 4692K rodata, 2720K init, 17272K bss, 129356K reserved, 0K cma-reserved)
[    0.112420] SLUB: HWalign=64, Order=0-3, MinObjects=0, CPUs=1, Nodes=1
[    0.112436] ftrace: allocating 42894 entries in 168 pages
[    0.130347] rcu: Hierarchical RCU implementation.
[    0.130349] rcu: 	RCU restricting CPUs from NR_CPUS=8192 to nr_cpu_ids=1.
[    0.130350] 	Tasks RCU enabled.
[    0.130351] rcu: RCU calculated value of scheduler-enlistment delay is 25 jiffies.
[    0.130353] rcu: Adjusting geometry for rcu_fanout_leaf=16, nr_cpu_ids=1
[    0.133334] NR_IRQS: 524544, nr_irqs: 256, preallocated irqs: 16
[    0.133542] random: crng init done
[    0.142829] Console: colour VGA+ 80x25
[    0.142833] printk: console [tty0] enabled
[    0.142851] ACPI: Core revision 20190816
[    0.142942] APIC: Switch to symmetric I/O mode setup
[    0.143193] x2apic enabled
[    0.143435] Switched APIC routing to physical x2apic.
[    0.144572] ..TIMER: vector=0x30 apic1=0 pin1=2 apic2=-1 pin2=-1
[    0.144597] clocksource: tsc-early: mask: 0xffffffffffffffff max_cycles: 0x1e4530a99b6, max_idle_ns: 440795257976 ns
[    0.144603] Calibrating delay loop (skipped) preset value.. 4200.00 BogoMIPS (lpj=8400000)
[    0.144605] pid_max: default: 32768 minimum: 301
[    0.144632] LSM: Security Framework initializing
[    0.144642] Yama: becoming mindful.
[    0.144666] AppArmor: AppArmor initialized
[    0.144700] Mount-cache hash table entries: 4096 (order: 3, 32768 bytes, linear)
[    0.144704] Mountpoint-cache hash table entries: 4096 (order: 3, 32768 bytes, linear)
[    0.144714] *** VALIDATE tmpfs ***
[    0.144852] *** VALIDATE proc ***
[    0.144892] *** VALIDATE cgroup1 ***
[    0.144893] *** VALIDATE cgroup2 ***
[    0.145035] process: using mwait in idle threads
[    0.145039] Last level iTLB entries: 4KB 64, 2MB 8, 4MB 8
[    0.145040] Last level dTLB entries: 4KB 64, 2MB 0, 4MB 0, 1GB 4
[    0.145061] Spectre V1 : Mitigation: usercopy/swapgs barriers and __user pointer sanitization
[    0.145067] Spectre V2 : Mitigation: Retpolines
[    0.145067] Spectre V2 : Spectre v2 / SpectreRSB mitigation: Filling RSB on context switch
[    0.145068] Spectre V2 : Spectre v2 / SpectreRSB : Filling RSB on VMEXIT
[    0.145069] RETBleed: WARNING: Spectre v2 mitigation leaves CPU vulnerable to RETBleed attacks, data leaks possible!
[    0.145420] RETBleed: Vulnerable
[    0.145421] Speculative Store Bypass: Vulnerable
[    0.145425] TAA: Mitigation: TSX disabled
[    0.145425] MMIO Stale Data: Mitigation: Clear CPU buffers
[    0.149663] Freeing SMP alternatives memory: 40K
[    0.261845] smpboot: CPU0: Intel(R) Xeon(R) Silver 4216 CPU @ 2.10GHz (family: 0x6, model: 0x55, stepping: 0x7)
[    0.261989] Performance Events: unsupported p6 CPU model 85 no PMU driver, software events only.
[    0.262026] rcu: Hierarchical SRCU implementation.
[    0.262502] NMI watchdog: Perf NMI watchdog permanently disabled
[    0.262541] smp: Bringing up secondary CPUs ...
[    0.262542] smp: Brought up 1 node, 1 CPU
[    0.262543] smpboot: Max logical packages: 1
[    0.262544] smpboot: Total of 1 processors activated (4200.00 BogoMIPS)
[    0.263529] devtmpfs: initialized
[    0.263575] x86/mm: Memory block size: 128MB
[    0.263926] clocksource: jiffies: mask: 0xffffffff max_cycles: 0xffffffff, max_idle_ns: 7645041785100000 ns
[    0.263932] futex hash table entries: 256 (order: 2, 16384 bytes, linear)
[    0.263981] pinctrl core: initialized pinctrl subsystem
[    0.264083] PM: RTC time: 16:33:45, date: 2026-01-20
[    0.264194] NET: Registered protocol family 16
[    0.264269] audit: initializing netlink subsys (disabled)
[    0.264395] EISA bus registered
[    0.264396] cpuidle: using governor ladder
[    0.264397] cpuidle: using governor menu
[    0.264434] ACPI: bus type PCI registered
[    0.264436] acpiphp: ACPI Hot Plug PCI Controller Driver version: 0.5
[    0.264538] PCI: Using configuration type 1 for base access
[    0.264849] audit: type=2000 audit(1768898031.483:1): state=initialized audit_enabled=0 res=1
[    0.264931] HugeTLB registered 2.00 MiB page size, pre-allocated 0 pages
[    0.265747] ACPI: Added _OSI(Module Device)
[    0.265748] ACPI: Added _OSI(Processor Device)
[    0.265748] ACPI: Added _OSI(3.0 _SCP Extensions)
[    0.265749] ACPI: Added _OSI(Processor Aggregator Device)
[    0.265750] ACPI: Added _OSI(Linux-Dell-Video)
[    0.265751] ACPI: Added _OSI(Linux-Lenovo-NV-HDMI-Audio)
[    0.265752] ACPI: Added _OSI(Linux-HPI-Hybrid-Graphics)
[    0.267748] ACPI: 2 ACPI AML tables successfully acquired and loaded
[    0.269287] ACPI: Interpreter enabled
[    0.269296] ACPI: (supports S0 S5)
[    0.269297] ACPI: Using IOAPIC for interrupt routing
[    0.269501] PCI: Using host bridge windows from ACPI; if necessary, use "pci=nocrs" and report a bug
[    0.269609] ACPI: Enabled 2 GPEs in block 00 to 07
[    0.274418] ACPI: PCI Root Bridge [PCI0] (domain 0000 [bus 00-ff])
[    0.274423] acpi PNP0A03:00: _OSC: OS supports [ASPM ClockPM Segments MSI HPX-Type3]
[    0.274877] acpi PNP0A03:00: _OSC: not requesting OS control; OS requires [ExtendedConfig ASPM ClockPM MSI]
[    0.274885] acpi PNP0A03:00: fail to add MMCONFIG information, can't access extended PCI configuration space under this bridge.
[    0.275260] PCI host bridge to bus 0000:00
[    0.275263] pci_bus 0000:00: root bus resource [io  0x0000-0x0cf7 window]
[    0.275264] pci_bus 0000:00: root bus resource [io  0x0d00-0xffff window]
[    0.275265] pci_bus 0000:00: root bus resource [mem 0x000a0000-0x000bffff window]
[    0.275266] pci_bus 0000:00: root bus resource [mem 0x80000000-0xfdffffff window]
[    0.275268] pci_bus 0000:00: root bus resource [bus 00-ff]
[    0.275314] pci 0000:00:00.0: [8086:1237] type 00 class 0x060000
[    0.276266] pci 0000:00:01.0: [8086:7000] type 00 class 0x060100
[    0.277212] pci 0000:00:01.1: [8086:7111] type 00 class 0x01018a
[    0.277584] pci 0000:00:01.1: reg 0x20: [io  0xd000-0xd00f]
[    0.277736] pci 0000:00:01.1: legacy IDE quirk: reg 0x10: [io  0x01f0-0x01f7]
[    0.277737] pci 0000:00:01.1: legacy IDE quirk: reg 0x14: [io  0x03f6]
[    0.277738] pci 0000:00:01.1: legacy IDE quirk: reg 0x18: [io  0x0170-0x0177]
[    0.277739] pci 0000:00:01.1: legacy IDE quirk: reg 0x1c: [io  0x0376]
[    0.278281] pci 0000:00:02.0: [15ad:0405] type 00 class 0x030000
[    0.280676] pci 0000:00:02.0: reg 0x10: [io  0xd010-0xd01f]
[    0.283492] pci 0000:00:02.0: reg 0x14: [mem 0xe0000000-0xe7ffffff pref]
[    0.286461] pci 0000:00:02.0: reg 0x18: [mem 0xf0000000-0xf01fffff]
[    0.297380] pci 0000:00:03.0: [1022:2000] type 00 class 0x020000
[    0.298056] pci 0000:00:03.0: reg 0x10: [io  0xd020-0xd03f]
[    0.298661] pci 0000:00:03.0: reg 0x14: [mem 0xf0200000-0xf0200fff]
[    0.302044] pci 0000:00:04.0: [80ee:cafe] type 00 class 0x088000
[    0.302721] pci 0000:00:04.0: reg 0x10: [io  0xd040-0xd05f]
[    0.303329] pci 0000:00:04.0: reg 0x14: [mem 0xf0400000-0xf07fffff]
[    0.303952] pci 0000:00:04.0: reg 0x18: [mem 0xf0800000-0xf0803fff pref]
[    0.307100] pci 0000:00:07.0: [8086:7113] type 00 class 0x068000
[    0.308963] pci 0000:00:07.0: quirk: [io  0x4000-0x403f] claimed by PIIX4 ACPI
[    0.308974] pci 0000:00:07.0: quirk: [io  0x4100-0x410f] claimed by PIIX4 SMB
[    0.309598] pci 0000:00:08.0: [8086:100e] type 00 class 0x020000
[    0.310308] pci 0000:00:08.0: reg 0x10: [mem 0xf0820000-0xf083ffff]
[    0.311470] pci 0000:00:08.0: reg 0x18: [io  0xd060-0xd067]
[    0.314236] pci 0000:00:09.0: [8086:100e] type 00 class 0x020000
[    0.314948] pci 0000:00:09.0: reg 0x10: [mem 0xf0840000-0xf085ffff]
[    0.316174] pci 0000:00:09.0: reg 0x18: [io  0xd068-0xd06f]
[    0.325632] ACPI: PCI Interrupt Link [LNKA] (IRQs 5 9 10 *11)
[    0.325925] ACPI: PCI Interrupt Link [LNKB] (IRQs 5 9 *10 11)
[    0.326031] ACPI: PCI Interrupt Link [LNKC] (IRQs 5 *9 10 11)
[    0.326130] ACPI: PCI Interrupt Link [LNKD] (IRQs 5 9 10 *11)
[    0.326394] iommu: Default domain type: Translated 
[    0.326454] pci 0000:00:02.0: vgaarb: setting as boot VGA device
[    0.326456] pci 0000:00:02.0: vgaarb: VGA device added: decodes=io+mem,owns=io+mem,locks=none
[    0.326458] pci 0000:00:02.0: vgaarb: bridge control possible
[    0.326459] vgaarb: loaded
[    0.326667] SCSI subsystem initialized
[    0.326710] libata version 3.00 loaded.
[    0.326734] ACPI: bus type USB registered
[    0.326748] usbcore: registered new interface driver usbfs
[    0.326754] usbcore: registered new interface driver hub
[    0.326758] usbcore: registered new device driver usb
[    0.328614] pps_core: LinuxPPS API ver. 1 registered
[    0.328615] pps_core: Software ver. 5.3.6 - Copyright 2005-2007 Rodolfo Giometti <giometti@linux.it>
[    0.328617] PTP clock support registered
[    0.328658] EDAC MC: Ver: 3.0.0
[    0.328949] PCI: Using ACPI for IRQ routing
[    0.328950] PCI: pci_cache_line_size set to 64 bytes
[    0.329123] e820: reserve RAM buffer [mem 0x0009fc00-0x0009ffff]
[    0.329127] e820: reserve RAM buffer [mem 0x7fff0000-0x7fffffff]
[    0.329250] NetLabel: Initializing
[    0.329251] NetLabel:  domain hash size = 128
[    0.329251] NetLabel:  protocols = UNLABELED CIPSOv4 CALIPSO
[    0.329271] NetLabel:  unlabeled traffic allowed by default
[    0.330847] clocksource: Switched to clocksource kvm-clock
[    0.343344] *** VALIDATE bpf ***
[    0.343428] VFS: Disk quotas dquot_6.6.0
[    0.343442] VFS: Dquot-cache hash table entries: 512 (order 0, 4096 bytes)
[    0.343474] *** VALIDATE ramfs ***
[    0.343480] *** VALIDATE hugetlbfs ***
[    0.343489] AppArmor: AppArmor Filesystem Enabled
[    0.343489] pnp: PnP ACPI init
[    0.343489] pnp 00:00: Plug and Play ACPI device, IDs PNP0303 (active)
[    0.343835] pnp 00:01: Plug and Play ACPI device, IDs PNP0f03 (active)
[    0.344998] pnp: PnP ACPI: found 2 devices
[    0.346090] thermal_sys: Registered thermal governor 'fair_share'
[    0.346090] thermal_sys: Registered thermal governor 'bang_bang'
[    0.346091] thermal_sys: Registered thermal governor 'step_wise'
[    0.346092] thermal_sys: Registered thermal governor 'user_space'
[    0.346092] thermal_sys: Registered thermal governor 'power_allocator'
[    0.350614] clocksource: acpi_pm: mask: 0xffffff max_cycles: 0xffffff, max_idle_ns: 2085701024 ns
[    0.350657] pci_bus 0000:00: resource 4 [io  0x0000-0x0cf7 window]
[    0.350659] pci_bus 0000:00: resource 5 [io  0x0d00-0xffff window]
[    0.350660] pci_bus 0000:00: resource 6 [mem 0x000a0000-0x000bffff window]
[    0.350661] pci_bus 0000:00: resource 7 [mem 0x80000000-0xfdffffff window]
[    0.350718] NET: Registered protocol family 2
[    0.350795] IP idents hash table entries: 32768 (order: 6, 262144 bytes, linear)
[    0.351114] tcp_listen_portaddr_hash hash table entries: 1024 (order: 2, 16384 bytes, linear)
[    0.351114] TCP established hash table entries: 16384 (order: 5, 131072 bytes, linear)
[    0.351114] TCP bind hash table entries: 16384 (order: 6, 262144 bytes, linear)
[    0.351114] TCP: Hash tables configured (established 16384 bind 16384)
[    0.351114] UDP hash table entries: 1024 (order: 3, 32768 bytes, linear)
[    0.351114] UDP-Lite hash table entries: 1024 (order: 3, 32768 bytes, linear)
[    0.351114] NET: Registered protocol family 1
[    0.351114] NET: Registered protocol family 44
[    0.351473] pci 0000:00:00.0: Limiting direct PCI/PCI transfers
[    0.351487] pci 0000:00:01.0: Activating ISA DMA hang workarounds
[    0.351543] pci 0000:00:02.0: Video device with shadowed ROM at [mem 0x000c0000-0x000dffff]
[    0.351608] PCI: CLS 0 bytes, default 64
[    0.351661] Trying to unpack rootfs image as initramfs...
[    0.523729] Freeing initrd memory: 47860K
[    0.523729] clocksource: tsc: mask: 0xffffffffffffffff max_cycles: 0x1e4530a99b6, max_idle_ns: 440795257976 ns
[    0.523729] clocksource: Switched to clocksource tsc
[    0.523729] platform rtc_cmos: registered platform RTC device (no PNP device found)
[    0.523729] check: Scanning for low memory corruption every 60 seconds
[    0.523729] Initialise system trusted keyrings
[    0.523729] Key type blacklist registered
[    0.523729] workingset: timestamp_bits=36 max_order=19 bucket_order=0
[    0.523729] zbud: loaded
[    0.523729] squashfs: version 4.0 (2009/01/31) Phillip Lougher
[    0.523729] fuse: init (API version 7.31)
[    0.523729] *** VALIDATE fuse ***
[    0.523729] *** VALIDATE fuse ***
[    0.523729] Platform Keyring initialized
[    0.523729] Key type asymmetric registered
[    0.523729] Asymmetric key parser 'x509' registered
[    0.523729] Block layer SCSI generic (bsg) driver version 0.4 loaded (major 244)
[    0.523729] io scheduler mq-deadline registered
[    0.523729] shpchp: Standard Hot Plug PCI Controller Driver version: 0.4
[    0.537554] ACPI: AC Adapter [AC] (on-line)
[    0.537601] input: Power Button as /devices/LNXSYSTM:00/LNXPWRBN:00/input/input0
[    0.537627] ACPI: Power Button [PWRF]
[    0.537712] input: Sleep Button as /devices/LNXSYSTM:00/LNXSLPBN:00/input/input1
[    0.537726] ACPI: Sleep Button [SLPF]
[    0.537953] Serial: 8250/16550 driver, 32 ports, IRQ sharing enabled
[    0.539170] Linux agpgart interface v0.103
[    0.635129] loop: module loaded
[    0.635275] ata_piix 0000:00:01.1: version 2.13
[    0.635678] scsi host0: ata_piix
[    0.635768] scsi host1: ata_piix
[    0.635796] ata1: PATA max UDMA/33 cmd 0x1f0 ctl 0x3f6 bmdma 0xd000 irq 14
[    0.635797] ata2: PATA max UDMA/33 cmd 0x170 ctl 0x376 bmdma 0xd008 irq 15
[    0.635874] tun: Universal TUN/TAP device driver, 1.6
[    0.636182] PPP generic driver version 2.4.2
[    0.636225] VFIO - User Level meta-driver version: 0.3
[    0.636463] ehci_hcd: USB 2.0 'Enhanced' Host Controller (EHCI) Driver
[    0.636469] ehci-pci: EHCI PCI platform driver
[    0.636484] ehci-platform: EHCI generic platform driver
[    0.636490] ohci_hcd: USB 1.1 'Open' Host Controller (OHCI) Driver
[    0.636491] ohci-pci: OHCI PCI platform driver
[    0.636496] ohci-platform: OHCI generic platform driver
[    0.636501] uhci_hcd: USB Universal Host Controller Interface driver
[    0.636561] i8042: PNP: PS/2 Controller [PNP0303:PS2K,PNP0f03:PS2M] at 0x60,0x64 irq 1,12
[    0.637003] serio: i8042 KBD port at 0x60,0x64 irq 1
[    0.637006] serio: i8042 AUX port at 0x60,0x64 irq 12
[    0.637094] mousedev: PS/2 mouse device common for all mice
[    0.637345] input: AT Translated Set 2 keyboard as /devices/platform/i8042/serio0/input/input2
[    0.637745] rtc_cmos rtc_cmos: registered as rtc0
[    0.637758] rtc_cmos rtc_cmos: alarms up to one day, 114 bytes nvram
[    0.637763] i2c /dev entries driver
[    0.637806] device-mapper: uevent: version 1.0.3
[    0.637846] device-mapper: ioctl: 4.41.0-ioctl (2019-09-16) initialised: dm-devel@redhat.com
[    0.637864] platform eisa.0: Probing EISA bus 0
[    0.637865] platform eisa.0: EISA: Cannot allocate resource for mainboard
[    0.637866] platform eisa.0: Cannot allocate resource for EISA slot 1
[    0.637868] platform eisa.0: Cannot allocate resource for EISA slot 2
[    0.637868] platform eisa.0: Cannot allocate resource for EISA slot 3
[    0.637869] platform eisa.0: Cannot allocate resource for EISA slot 4
[    0.637870] platform eisa.0: Cannot allocate resource for EISA slot 5
[    0.637871] platform eisa.0: Cannot allocate resource for EISA slot 6
[    0.637872] platform eisa.0: Cannot allocate resource for EISA slot 7
[    0.637873] platform eisa.0: Cannot allocate resource for EISA slot 8
[    0.637874] platform eisa.0: EISA: Detected 0 cards
[    0.637877] intel_pstate: CPU model not supported
[    0.637885] ledtrig-cpu: registered to indicate activity on CPUs
[    0.637934] drop_monitor: Initializing network drop monitor service
[    0.638093] NET: Registered protocol family 10
[    0.643228] Segment Routing with IPv6
[    0.643252] NET: Registered protocol family 17
[    0.643254] Key type dns_resolver registered
[    0.643254] RAS: Correctable Errors collector initialized.
[    0.643254] IPI shorthand broadcast: enabled
[    0.643254] sched_clock: Marking stable (628187546, 11066531)->(641055869, -1801792)
[    0.643456] registered taskstats version 1
[    0.643467] Loading compiled-in X.509 certificates
[    0.644052] Loaded X.509 cert 'Build time autogenerated kernel key: 0a9e52cc6eb58eed9b63e328679db6d5d5216245'
[    0.644069] zswap: loaded using pool lzo/zbud
[    0.644121] Key type ._fscrypt registered
[    0.644122] Key type .fscrypt registered
[    0.648548] Key type big_key registered
[    0.650741] Key type encrypted registered
[    0.650744] AppArmor: AppArmor sha1 policy hashing enabled
[    0.650750] ima: No TPM chip found, activating TPM-bypass!
[    0.650754] ima: Allocated hash algorithm: sha1
[    0.650760] ima: No architecture policies found
[    0.650768] evm: Initialising EVM extended attributes:
[    0.650768] evm: security.selinux
[    0.650769] evm: security.SMACK64
[    0.650769] evm: security.SMACK64EXEC
[    0.650770] evm: security.SMACK64TRANSMUTE
[    0.650770] evm: security.SMACK64MMAP
[    0.650771] evm: security.apparmor
[    0.650771] evm: security.ima
[    0.650772] evm: security.capability
[    0.650772] evm: HMAC attrs: 0x1
[    0.651065] PM:   Magic number: 10:199:591
[    0.651185] rtc_cmos rtc_cmos: setting system clock to 2026-01-20T16:33:46 UTC (1768926826)
[    0.808837] ata1.00: ATA-6: VBOX HARDDISK, 1.0, max UDMA/133
[    0.808841] ata1.00: 209715200 sectors, multi 128: LBA 
[    0.809607] scsi 0:0:0:0: Direct-Access     ATA      VBOX HARDDISK    1.0  PQ: 0 ANSI: 5
[    0.809952] sd 0:0:0:0: [sda] 209715200 512-byte logical blocks: (107 GB/100 GiB)
[    0.809967] sd 0:0:0:0: [sda] Write Protect is off
[    0.809970] sd 0:0:0:0: [sda] Mode Sense: 00 3a 00 00
[    0.809994] sd 0:0:0:0: [sda] Write cache: enabled, read cache: enabled, doesn't support DPO or FUA
[    0.810293] sd 0:0:0:0: Attached scsi generic sg0 type 0
[    0.811494]  sda: sda1 sda2
[    0.823305] sd 0:0:0:0: [sda] Attached SCSI disk
[    0.827274] Freeing unused decrypted memory: 2040K
[    0.828463] Freeing unused kernel image memory: 2720K
[    0.828468] Write protecting the kernel read-only data: 22528k
[    0.830118] Freeing unused kernel image memory: 2036K
[    0.830827] Freeing unused kernel image memory: 1452K
[    0.863763] x86/mm: Checked W+X mappings: passed, no W+X pages found.
[    0.863769] Run /init as init process
[    0.963726] ACPI: Video Device [GFX0] (multi-head: yes  rom: no  post: no)
[    0.963800] input: Video Bus as /devices/LNXSYSTM:00/LNXSYBUS:00/PNP0A03:00/LNXVIDEO:00/input/input4
[    0.976923] pcnet32: pcnet32.c:v1.35 21.Apr.2008 tsbogend@alpha.franken.de
[    0.978607] piix4_smbus 0000:00:07.0: SMBus Host Controller at 0x4100, revision 0
[    0.981072] e1000: Intel(R) PRO/1000 Network Driver - version 7.3.21-k8-NAPI
[    0.981073] e1000: Copyright (c) 1999-2006 Intel Corporation.
[    0.992353] pcnet32: PCnet/FAST III 79C973 at 0xd020, 08:00:27:35:20:fc assigned IRQ 19
[    0.992395] pcnet32: Found PHY 0022:561b at address 0
[    0.992696] pcnet32: eth0: registered as PCnet/FAST III 79C973
[    0.998141] pcnet32: 1 cards_found
[    1.059713] pcnet32 0000:00:03.0 enp0s3: renamed from eth0
[    1.199965] input: ImExPS/2 Generic Explorer Mouse as /devices/platform/i8042/serio1/input/input5
[    1.387659] e1000 0000:00:08.0 eth0: (PCI:33MHz:32-bit) 08:00:27:5b:06:6d
[    1.387664] e1000 0000:00:08.0 eth0: Intel(R) PRO/1000 Network Connection
[    1.759489] e1000 0000:00:09.0 eth1: (PCI:33MHz:32-bit) 08:00:27:9e:63:ac
[    1.759492] e1000 0000:00:09.0 eth1: Intel(R) PRO/1000 Network Connection
[    1.760561] e1000 0000:00:09.0 enp0s9: renamed from eth1
[    1.762347] e1000 0000:00:08.0 enp0s8: renamed from eth0
[    1.913314] EXT4-fs (sda2): mounted filesystem with ordered data mode. Opts: (null)
[    2.005391] systemd[1]: Inserted module 'autofs4'
[    2.017688] systemd[1]: systemd 245.4-4ubuntu3 running in system mode. (+PAM +AUDIT +SELINUX +IMA +APPARMOR +SMACK +SYSVINIT +UTMP +LIBCRYPTSETUP +GCRYPT +GNUTLS +ACL +XZ +LZ4 +SECCOMP +BLKID +ELFUTILS +KMOD +IDN2 -IDN +PCRE2 default-hierarchy=hybrid)
[    2.017714] systemd[1]: Detected virtualization oracle.
[    2.017718] systemd[1]: Detected architecture x86-64.
[    2.019033] systemd[1]: Set hostname to <ztg>.
[    2.145395] systemd[1]: /lib/systemd/system/dbus.socket:5: ListenStream= references a path below legacy directory /var/run/, updating /var/run/dbus/system_bus_socket â†’ /run/dbus/system_bus_socket; please update the unit file accordingly.
[    2.197791] systemd[1]: Created slice system-modprobe.slice.
[    2.197979] systemd[1]: Created slice User and Session Slice.
[    2.198026] systemd[1]: Started Forward Password Requests to Wall Directory Watch.
[    2.198182] systemd[1]: Set up automount Arbitrary Executable File Formats File System Automount Point.
[    2.198217] systemd[1]: Reached target User and Group Name Lookups.
[    2.198226] systemd[1]: Reached target Remote File Systems.
[    2.198235] systemd[1]: Reached target Slices.
[    2.198791] systemd[1]: Listening on Syslog Socket.
[    2.198860] systemd[1]: Listening on fsck to fsckd communication Socket.
[    2.198900] systemd[1]: Listening on initctl Compatibility Named Pipe.
[    2.199035] systemd[1]: Listening on Journal Audit Socket.
[    2.199088] systemd[1]: Listening on Journal Socket (/dev/log).
[    2.199214] systemd[1]: Listening on Journal Socket.
[    2.199283] systemd[1]: Listening on udev Control Socket.
[    2.199322] systemd[1]: Listening on udev Kernel Socket.
[    2.200070] systemd[1]: Mounting Huge Pages File System...
[    2.200985] systemd[1]: Mounting POSIX Message Queue File System...
[    2.201862] systemd[1]: Mounting Kernel Debug File System...
[    2.202751] systemd[1]: Mounting Kernel Trace File System...
[    2.204661] systemd[1]: Starting Journal Service...
[    2.229372] systemd[1]: Starting Set the console keyboard layout...
[    2.237220] systemd[1]: Starting Create list of static device nodes for the current kernel...
[    2.239074] systemd[1]: Starting Load Kernel Module drm...
[    2.240146] systemd[1]: Condition check resulted in Set Up Additional Binary Formats being skipped.
[    2.240191] systemd[1]: Condition check resulted in File System Check on Root Device being skipped.
[    2.251944] systemd[1]: Starting Load Kernel Modules...
[    2.258820] systemd[1]: Starting Remount Root and Kernel File Systems...
[    2.270726] systemd[1]: Starting udev Coldplug all Devices...
[    2.279752] systemd[1]: Starting Uncomplicated firewall...
[    2.281260] systemd[1]: Mounted Huge Pages File System.
[    2.281359] systemd[1]: Mounted POSIX Message Queue File System.
[    2.281444] systemd[1]: Mounted Kernel Debug File System.
[    2.281523] systemd[1]: Mounted Kernel Trace File System.
[    2.299882] EXT4-fs (sda2): re-mounted. Opts: errors=remount-ro
[    2.311498] systemd[1]: Finished Create list of static device nodes for the current kernel.
[    2.312606] systemd[1]: modprobe@drm.service: Succeeded.
[    2.327772] systemd[1]: Finished Load Kernel Module drm.
[    2.328369] systemd[1]: Finished Remount Root and Kernel File Systems.
[    2.329553] systemd[1]: Finished Uncomplicated firewall.
[    2.339593] lp: driver loaded but no devices found
[    2.341340] systemd[1]: Condition check resulted in Rebuild Hardware Database being skipped.
[    2.341380] systemd[1]: Condition check resulted in Platform Persistent Storage Archival being skipped.
[    2.342102] systemd[1]: Starting Load/Save Random Seed...
[    2.348148] systemd[1]: Starting Create System Users...
[    2.353361] ppdev: user-space parallel port driver
[    2.363793] systemd[1]: Finished Load/Save Random Seed.
[    2.368070] systemd[1]: Finished Create System Users.
[    2.368821] systemd[1]: Starting Create Static Device Nodes in /dev...
[    2.408313] systemd[1]: Finished Create Static Device Nodes in /dev.
[    2.409165] systemd[1]: Starting udev Kernel Device Manager...
[    2.434237] systemd[1]: Finished udev Coldplug all Devices.
[    2.449896] [drm] DMA map mode: Caching DMA mappings.
[    2.449966] [drm] Capabilities:
[    2.449966] [drm]   Rect copy.
[    2.449967] [drm]   Cursor.
[    2.449967] [drm]   Cursor bypass.
[    2.449967] [drm]   Cursor bypass 2.
[    2.449968] [drm]   Alpha cursor.
[    2.449968] [drm]   Extended Fifo.
[    2.449968] [drm]   Pitchlock.
[    2.449969] [drm]   Irq mask.
[    2.449969] [drm]   GMR.
[    2.449969] [drm]   Traces.
[    2.449970] [drm]   GMR2.
[    2.449970] [drm]   Screen Object 2.
[    2.449971] [drm]   Command Buffers.
[    2.449971] [drm]   Command Buffers 2.
[    2.449971] [drm]   Guest Backed Resources.
[    2.449972] [drm] Max GMR ids is 8192
[    2.449973] [drm] Max number of GMR pages is 1048576
[    2.449973] [drm] Max dedicated hypervisor surface memory is 393216 kiB
[    2.449974] [drm] Maximum display memory size is 131072 kiB
[    2.449975] [drm] VRAM at 0xe0000000 size is 131072 kiB
[    2.449975] [drm] MMIO at 0xf0000000 size is 2048 kiB
[    2.450108] [TTM] Zone  kernel: Available graphics memory: 1011744 KiB
[    2.450109] [TTM] Initializing pool allocator
[    2.450113] [TTM] Initializing DMA pool allocator
[    2.450141] [drm] Supports vblank timestamp caching Rev 2 (21.10.2013).
[    2.450141] [drm] No driver support for vblank timestamp query.
[    2.450381] [drm] Screen Target Display device initialized
[    2.450624] [drm] width 720
[    2.450633] [drm] height 400
[    2.450636] [drm] bpp 32
[    2.451198] [drm] Fifo max 0x00200000 min 0x00001000 cap 0x00000355
[    2.452498] [drm] Using command buffers with DMA pool.
[    2.452502] [drm] DX: no.
[    2.452503] [drm] Atomic: yes.
[    2.452503] [drm] SM4_1: no.
[    2.452525] [drm:vmw_host_log [vmwgfx]] *ERROR* Failed to send host log message.
[    2.453413] [drm:vmw_host_log [vmwgfx]] *ERROR* Failed to send host log message.
[    2.458478] fbcon: svgadrmfb (fb0) is primary device
[    2.464641] Console: switching to colour frame buffer device 100x37
[    2.469494] [drm] Initialized vmwgfx 2.15.0 20180704 for 0000:00:02.0 on minor 0
[    2.470466] systemd[1]: Finished Load Kernel Modules.
[    2.474540] systemd[1]: Mounting FUSE Control File System...
[    2.476171] systemd[1]: Mounting Kernel Configuration File System...
[    2.507085] systemd[1]: Starting Apply Kernel Variables...
[    2.514643] systemd[1]: Mounted FUSE Control File System.
[    2.514709] systemd[1]: Condition check resulted in VMware vmblock fuse mount being skipped.
[    2.516108] systemd[1]: Mounted Kernel Configuration File System.
[    2.520304] systemd[1]: Finished Set the console keyboard layout.
[    2.520398] systemd[1]: Reached target Local File Systems (Pre).
[    2.522724] systemd[1]: Mounting Mount unit for bare, revision 5...
[    2.526248] systemd[1]: Mounting Mount unit for core18, revision 1705...
[    2.535420] systemd[1]: Mounting Mount unit for gnome-3-34-1804, revision 24...
[    2.559731] systemd[1]: Mounting Mount unit for gtk-common-themes, revision 1506...
[    2.570516] systemd[1]: Mounting Mount unit for gtk-common-themes, revision 1535...
[    2.573411] systemd[1]: Mounting Mount unit for snap-store, revision 433...
[    2.578524] systemd[1]: Mounting Mount unit for snapd, revision 7264...
[    2.584518] systemd[1]: Finished Apply Kernel Variables.
[    2.607032] systemd[1]: Mounted Mount unit for bare, revision 5.
[    2.607123] systemd[1]: Mounted Mount unit for gnome-3-34-1804, revision 24.
[    2.614820] systemd[1]: Mounted Mount unit for gtk-common-themes, revision 1506.
[    2.627626] systemd[1]: Mounted Mount unit for core18, revision 1705.
[    2.637323] systemd[1]: Mounted Mount unit for snap-store, revision 433.
[    2.658123] systemd[1]: Mounted Mount unit for gtk-common-themes, revision 1535.
[    2.658214] systemd[1]: Mounted Mount unit for snapd, revision 7264.
[    2.658266] systemd[1]: Reached target Local File Systems.
[    2.673858] systemd[1]: Starting Load AppArmor profiles...
[    2.689545] systemd[1]: Starting Set console font and keymap...
[    2.699820] systemd[1]: Starting Tell Plymouth To Write Out Runtime Data...
[    2.699846] systemd[1]: Condition check resulted in Store a System Token in an EFI Variable being skipped.
[    2.699874] systemd[1]: Condition check resulted in Commit a transient machine-id on disk being skipped.
[    2.699981] systemd[1]: Started udev Kernel Device Manager.
[    2.705561] systemd[1]: Starting Show Plymouth Boot Screen...
[    2.706019] systemd[1]: Finished Set console font and keymap.
[    2.709452] systemd[1]: Received SIGRTMIN+20 from PID 293 (plymouthd).
[    2.709849] systemd[1]: plymouth-read-write.service: Succeeded.
[    2.710096] systemd[1]: Finished Tell Plymouth To Write Out Runtime Data.
[    2.723115] systemd[1]: Started Show Plymouth Boot Screen.
[    2.723257] systemd[1]: Condition check resulted in Dispatch Password Requests to Console Directory Watch being skipped.
[    2.723338] systemd[1]: Started Forward Password Requests to Plymouth Directory Watch.
[    2.723371] systemd[1]: Reached target Local Encrypted Volumes.
[    2.751005] audit: type=1400 audit(1768926828.596:2): apparmor="STATUS" operation="profile_load" profile="unconfined" name="nvidia_modprobe" pid=298 comm="apparmor_parser"
[    2.751007] audit: type=1400 audit(1768926828.596:3): apparmor="STATUS" operation="profile_load" profile="unconfined" name="nvidia_modprobe//kmod" pid=298 comm="apparmor_parser"
[    2.758334] audit: type=1400 audit(1768926828.600:4): apparmor="STATUS" operation="profile_load" profile="unconfined" name="/usr/sbin/tcpdump" pid=299 comm="apparmor_parser"
[    2.800047] audit: type=1400 audit(1768926828.640:5): apparmor="STATUS" operation="profile_load" profile="unconfined" name="/usr/bin/evince" pid=301 comm="apparmor_parser"
[    2.800049] audit: type=1400 audit(1768926828.640:6): apparmor="STATUS" operation="profile_load" profile="unconfined" name="/usr/bin/evince//sanitized_helper" pid=301 comm="apparmor_parser"
[    2.800051] audit: type=1400 audit(1768926828.640:7): apparmor="STATUS" operation="profile_load" profile="unconfined" name="/usr/bin/evince-previewer" pid=301 comm="apparmor_parser"
[    2.800053] audit: type=1400 audit(1768926828.640:8): apparmor="STATUS" operation="profile_load" profile="unconfined" name="/usr/bin/evince-previewer//sanitized_helper" pid=301 comm="apparmor_parser"
[    2.800054] audit: type=1400 audit(1768926828.640:9): apparmor="STATUS" operation="profile_load" profile="unconfined" name="/usr/bin/evince-thumbnailer" pid=301 comm="apparmor_parser"
[    2.811397] audit: type=1400 audit(1768926828.652:10): apparmor="STATUS" operation="profile_load" profile="unconfined" name="/usr/lib/cups/backend/cups-pdf" pid=302 comm="apparmor_parser"
[    2.877953] systemd[1]: Finished Load AppArmor profiles.
[    2.878898] systemd[1]: Starting Load AppArmor profiles managed internally by snapd...
[    2.955377] systemd[1]: Finished Load AppArmor profiles managed internally by snapd.
[    3.158851] systemd[1]: Started Journal Service.
[    3.167152] systemd-journald[228]: Received client request to flush runtime journal.
[    3.171668] systemd-journald[228]: File /var/log/journal/c455b248004a419c87ce85eea238d727/system.journal corrupted or uncleanly shut down, renaming and replacing.
[    4.509625] RAPL PMU: API unit is 2^-32 Joules, 0 fixed counters, 10737418240 ms ovfl timer
[    4.534906] cryptd: max_cpu_qlen set to 1000
[    4.597385] AVX2 version of gcm_enc/dec engaged.
[    4.597386] AES CTR mode by8 optimization enabled
[    5.408353] Adding 1998844k swap on /dev/sda1.  Priority:-2 extents:1 across:1998844k FS
[    6.880430] kauditd_printk_skb: 30 callbacks suppressed
[    6.880432] audit: type=1400 audit(1768926832.724:41): apparmor="DENIED" operation="capable" profile="/usr/sbin/cups-browsed" pid=493 comm="cups-browsed" capability=23  capname="sys_nice"
[    7.593021] pcnet32 0000:00:03.0 enp0s3: link up, 100Mbps, full-duplex
[    7.629791] e1000: enp0s8 NIC Link is Up 1000 Mbps Full Duplex, Flow Control: RX
[    7.630067] IPv6: ADDRCONF(NETDEV_CHANGE): enp0s8: link becomes ready
[    7.640885] e1000: enp0s9 NIC Link is Up 1000 Mbps Full Duplex, Flow Control: RX
[    7.641185] IPv6: ADDRCONF(NETDEV_CHANGE): enp0s9: link becomes ready
[    8.159824] device enp0s3 entered promiscuous mode
[    8.181206] audit: type=1400 audit(1768926834.024:42): apparmor="DENIED" operation="open" profile="/usr/sbin/tcpdump" name="/proc/sys/kernel/random/boot_id" pid=680 comm="tcpdump" requested_mask="r" denied_mask="r" fsuid=0 ouid=0
[    8.181418] audit: type=1400 audit(1768926834.024:43): apparmor="DENIED" operation="open" profile="/usr/sbin/tcpdump" name="/proc/sys/kernel/random/boot_id" pid=680 comm="tcpdump" requested_mask="r" denied_mask="r" fsuid=0 ouid=0
[    8.181459] audit: type=1400 audit(1768926834.024:44): apparmor="DENIED" operation="open" profile="/usr/sbin/tcpdump" name="/proc/sys/kernel/random/boot_id" pid=680 comm="tcpdump" requested_mask="r" denied_mask="r" fsuid=0 ouid=0
[    8.181515] audit: type=1400 audit(1768926834.024:45): apparmor="DENIED" operation="open" profile="/usr/sbin/tcpdump" name="/proc/sys/kernel/random/boot_id" pid=680 comm="tcpdump" requested_mask="r" denied_mask="r" fsuid=0 ouid=0
[    8.186435] audit: type=1400 audit(1768926834.032:46): apparmor="DENIED" operation="open" profile="/usr/sbin/tcpdump" name="/proc/sys/kernel/random/boot_id" pid=681 comm="tcpdump" requested_mask="r" denied_mask="r" fsuid=0 ouid=0
[    8.186820] audit: type=1400 audit(1768926834.032:47): apparmor="DENIED" operation="open" profile="/usr/sbin/tcpdump" name="/proc/sys/kernel/random/boot_id" pid=681 comm="tcpdump" requested_mask="r" denied_mask="r" fsuid=0 ouid=0
[    8.186863] audit: type=1400 audit(1768926834.032:48): apparmor="DENIED" operation="open" profile="/usr/sbin/tcpdump" name="/proc/sys/kernel/random/boot_id" pid=681 comm="tcpdump" requested_mask="r" denied_mask="r" fsuid=0 ouid=0
[    8.186920] audit: type=1400 audit(1768926834.032:49): apparmor="DENIED" operation="open" profile="/usr/sbin/tcpdump" name="/proc/sys/kernel/random/boot_id" pid=681 comm="tcpdump" requested_mask="r" denied_mask="r" fsuid=0 ouid=0
[   12.777676] rfkill: input handler disabled
[  229.176639] AAAAA-TCP_FORW: name:enp0s3: saddr:100932208: daddr:16783984
[  229.340187] AAAAA-TCP_FORW: name:enp0s3: saddr:16783984: daddr:100932208
[  229.628365] AAAAA-TCP_FORW: name:enp0s3: saddr:100932208: daddr:16783984
[  229.749372] AAAAA-TCP_FORW: name:enp0s3: saddr:100932208: daddr:16783984
[  229.957138] AAAAA-TCP_FORW: name:enp0s3: saddr:16783984: daddr:100932208
[  230.043175] AAAAA-TCP_FORW: name:enp0s3: saddr:16783984: daddr:100932208
[  230.723004] AAAAA-TCP_FORW: name:enp0s3: saddr:100932208: daddr:16783984
[  230.794433] AAAAA-TCP_FORW: name:enp0s3: saddr:100932208: daddr:16783984
[  230.822109] AAAAA-TCP_FORW: name:enp0s3: saddr:16783984: daddr:100932208
[  231.270113] AAAAA-TCP_FORW: name:enp0s3: saddr:100932208: daddr:16783984
[  231.353932] AAAAA-TCP_FORW: name:enp0s3: saddr:16783984: daddr:100932208
[  231.391908] AAAAA-TCP_FORW: name:enp0s3: saddr:16783984: daddr:100932208
[  231.935122] AAAAA-TCP_FORW: name:enp0s3: saddr:100932208: daddr:16783984
[  232.008316] AAAAA-TCP_FORW: name:enp0s3: saddr:100932208: daddr:16783984
[  232.076838] AAAAA-TCP_FORW: name:enp0s3: saddr:16783984: daddr:100932208
[  232.662397] AAAAA-TCP_FORW: name:enp0s3: saddr:100932208: daddr:16783984
[  232.748380] AAAAA-TCP_FORW: name:enp0s3: saddr:100932208: daddr:16783984
[  232.777356] AAAAA-TCP_FORW: name:enp0s3: saddr:16783984: daddr:100932208
[  232.850954] AAAAA-TCP_FORW: name:enp0s3: saddr:16783984: daddr:100932208
[  233.036294] AAAAA-TCP_FORW: name:enp0s3: saddr:100932208: daddr:16783984
[  233.047268] AAAAA-TCP_FORW: name:enp0s3: saddr:16783984: daddr:100932208
[  233.274811] AAAAA-TCP_FORW: name:enp0s3: saddr:100932208: daddr:16783984
[  233.330054] AAAAA-TCP_FORW: name:enp0s3: saddr:100932208: daddr:16783984
[  233.398368] AAAAA-TCP_FORW: name:enp0s3: saddr:100932208: daddr:16783984
[  233.422449] AAAAA-TCP_FORW: name:enp0s3: saddr:16783984: daddr:100932208
[  233.451308] AAAAA-TCP_FORW: name:enp0s3: saddr:100932208: daddr:16783984
[  233.469414] AAAAA-TCP_FORW: name:enp0s3: saddr:16783984: daddr:100932208
[  233.519238] AAAAA-TCP_FORW: name:enp0s3: saddr:100932208: daddr:16783984
[  233.575611] AAAAA-TCP_FORW: name:enp0s3: saddr:100932208: daddr:16783984
[  233.609481] AAAAA-TCP_FORW: name:enp0s3: saddr:16783984: daddr:100932208
[  233.671062] AAAAA-TCP_FORW: name:enp0s3: saddr:16783984: daddr:100932208
[  233.673377] AAAAA-TCP_FORW: name:enp0s3: saddr:100932208: daddr:16783984
[  233.703867] AAAAA-TCP_FORW: name:enp0s3: saddr:16783984: daddr:100932208
[  233.725153] AAAAA-TCP_FORW: name:enp0s3: saddr:100932208: daddr:16783984
[  233.767937] AAAAA-TCP_FORW: name:enp0s3: saddr:100932208: daddr:16783984
[  233.809530] AAAAA-TCP_FORW: name:enp0s3: saddr:16783984: daddr:100932208
[  233.865449] AAAAA-TCP_FORW: name:enp0s3: saddr:100932208: daddr:16783984
[  233.899240] AAAAA-TCP_FORW: name:enp0s3: saddr:16783984: daddr:100932208
[  233.949043] AAAAA-TCP_FORW: name:enp0s3: saddr:16783984: daddr:100932208
[  234.031564] AAAAA-TCP_FORW: name:enp0s3: saddr:100932208: daddr:16783984
[  234.085459] AAAAA-TCP_FORW: name:enp0s3: saddr:16783984: daddr:100932208
[  234.199560] AAAAA-TCP_FORW: name:enp0s3: saddr:100932208: daddr:16783984
[  234.244691] AAAAA-TCP_FORW: name:enp0s3: saddr:16783984: daddr:100932208
[  234.346683] AAAAA-TCP_FORW: name:enp0s3: saddr:100932208: daddr:16783984
[  234.371936] AAAAA-TCP_FORW: name:enp0s3: saddr:16783984: daddr:100932208
[  234.412314] AAAAA-TCP_FORW: name:enp0s3: saddr:100932208: daddr:16783984
[  234.432248] AAAAA-TCP_FORW: name:enp0s3: saddr:100932208: daddr:16783984
[  234.513105] AAAAA-TCP_FORW: name:enp0s3: saddr:16783984: daddr:100932208
[  234.525787] AAAAA-TCP_FORW: name:enp0s3: saddr:100932208: daddr:16783984
[  234.558994] AAAAA-TCP_FORW: name:enp0s3: saddr:16783984: daddr:100932208
[  234.570542] AAAAA-TCP_FORW: name:enp0s3: saddr:100932208: daddr:16783984
[  234.596753] AAAAA-TCP_FORW: name:enp0s3: saddr:16783984: daddr:100932208
[  234.664045] AAAAA-TCP_FORW: name:enp0s3: saddr:100932208: daddr:16783984
[  234.751683] AAAAA-TCP_FORW: name:enp0s3: saddr:100932208: daddr:16783984
[  234.851178] AAAAA-TCP_FORW: name:enp0s3: saddr:100932208: daddr:16783984
[  234.872841] AAAAA-TCP_FORW: name:enp0s3: saddr:16783984: daddr:100932208
[  234.992274] AAAAA-TCP_FORW: name:enp0s3: saddr:100932208: daddr:16783984
[  235.052733] AAAAA-TCP_FORW: name:enp0s3: saddr:16783984: daddr:100932208
[  235.125790] AAAAA-TCP_FORW: name:enp0s3: saddr:100932208: daddr:16783984
[  235.135998] AAAAA-TCP_FORW: name:enp0s3: saddr:16783984: daddr:100932208
[  235.214900] AAAAA-TCP_FORW: name:enp0s3: saddr:100932208: daddr:16783984
[  235.277050] AAAAA-TCP_FORW: name:enp0s3: saddr:16783984: daddr:100932208
[  235.306016] AAAAA-TCP_FORW: name:enp0s3: saddr:100932208: daddr:16783984
[  235.359034] AAAAA-TCP_FORW: name:enp0s3: saddr:100932208: daddr:16783984
[  235.396514] AAAAA-TCP_FORW: name:enp0s3: saddr:100932208: daddr:16783984
[  235.413982] AAAAA-TCP_FORW: name:enp0s3: saddr:16783984: daddr:100932208
[  235.509355] AAAAA-TCP_FORW: name:enp0s3: saddr:100932208: daddr:16783984
[  235.548772] AAAAA-TCP_FORW: name:enp0s3: saddr:16783984: daddr:100932208
[  235.587608] AAAAA-TCP_FORW: name:enp0s3: saddr:100932208: daddr:16783984
[  235.629680] AAAAA-TCP_FORW: name:enp0s3: saddr:100932208: daddr:16783984
[  235.680326] AAAAA-TCP_FORW: name:enp0s3: saddr:16783984: daddr:100932208
[  235.741294] AAAAA-TCP_FORW: name:enp0s3: saddr:100932208: daddr:16783984
[  235.783752] AAAAA-TCP_FORW: name:enp0s3: saddr:16783984: daddr:100932208
[  235.801306] AAAAA-TCP_FORW: name:enp0s3: saddr:100932208: daddr:16783984
[  235.867458] AAAAA-TCP_FORW: name:enp0s3: saddr:100932208: daddr:16783984
[  235.917395] AAAAA-TCP_FORW: name:enp0s3: saddr:16783984: daddr:100932208
[  235.922805] AAAAA-TCP_FORW: name:enp0s3: saddr:100932208: daddr:16783984
[  236.072077] AAAAA-TCP_FORW: name:enp0s3: saddr:16783984: daddr:100932208
[  236.129616] AAAAA-TCP_FORW: name:enp0s3: saddr:100932208: daddr:16783984
[  236.186964] AAAAA-TCP_FORW: name:enp0s3: saddr:100932208: daddr:16783984
[  236.230050] AAAAA-TCP_FORW: name:enp0s3: saddr:16783984: daddr:100932208
[  236.288610] AAAAA-TCP_FORW: name:enp0s3: saddr:100932208: daddr:16783984
[  236.359633] AAAAA-TCP_FORW: name:enp0s3: saddr:100932208: daddr:16783984
[  236.371013] AAAAA-TCP_FORW: name:enp0s3: saddr:16783984: daddr:100932208
[  236.424915] AAAAA-TCP_FORW: name:enp0s3: saddr:100932208: daddr:16783984
[  236.485270] AAAAA-TCP_FORW: name:enp0s3: saddr:100932208: daddr:16783984
[  236.499572] AAAAA-TCP_FORW: name:enp0s3: saddr:16783984: daddr:100932208
[  236.564328] AAAAA-TCP_FORW: name:enp0s3: saddr:100932208: daddr:16783984
[  236.664176] AAAAA-TCP_FORW: name:enp0s3: saddr:100932208: daddr:16783984
[  236.671264] AAAAA-TCP_FORW: name:enp0s3: saddr:16783984: daddr:100932208
[  236.763303] AAAAA-TCP_FORW: name:enp0s3: saddr:100932208: daddr:16783984
[  236.808807] AAAAA-TCP_FORW: name:enp0s3: saddr:16783984: daddr:100932208
[  236.856340] AAAAA-TCP_FORW: name:enp0s3: saddr:100932208: daddr:16783984
[  236.875426] AAAAA-TCP_FORW: name:enp0s3: saddr:16783984: daddr:100932208
[  236.898450] AAAAA-TCP_FORW: name:enp0s3: saddr:100932208: daddr:16783984
[  236.915405] AAAAA-TCP_FORW: name:enp0s3: saddr:100932208: daddr:16783984
[  236.948271] AAAAA-TCP_FORW: name:enp0s3: saddr:16783984: daddr:100932208
[  236.998359] AAAAA-TCP_FORW: name:enp0s3: saddr:16783984: daddr:100932208
[  237.147591] AAAAA-TCP_FORW: name:enp0s3: saddr:100932208: daddr:16783984
[  237.192871] AAAAA-TCP_FORW: name:enp0s3: saddr:16783984: daddr:100932208
[  237.205533] AAAAA-TCP_FORW: name:enp0s3: saddr:100932208: daddr:16783984
[  237.267890] AAAAA-TCP_FORW: name:enp0s3: saddr:16783984: daddr:100932208
[  237.296697] AAAAA-TCP_FORW: name:enp0s3: saddr:100932208: daddr:16783984
[  237.329700] AAAAA-TCP_FORW: name:enp0s3: saddr:100932208: daddr:16783984
[  237.354722] AAAAA-TCP_FORW: name:enp0s3: saddr:16783984: daddr:100932208
[  237.432263] AAAAA-TCP_FORW: name:enp0s3: saddr:16783984: daddr:100932208
[  237.476439] AAAAA-TCP_FORW: name:enp0s3: saddr:100932208: daddr:16783984
[  237.512008] AAAAA-TCP_FORW: name:enp0s3: saddr:100932208: daddr:16783984
[  237.545331] AAAAA-TCP_FORW: name:enp0s3: saddr:100932208: daddr:16783984
[  237.559477] AAAAA-TCP_FORW: name:enp0s3: saddr:16783984: daddr:100932208
[  237.590517] AAAAA-TCP_FORW: name:enp0s3: saddr:16783984: daddr:100932208
[  237.604706] AAAAA-TCP_FORW: name:enp0s3: saddr:100932208: daddr:16783984
[  237.654597] AAAAA-TCP_FORW: name:enp0s3: saddr:100932208: daddr:16783984
[  237.675500] AAAAA-TCP_FORW: name:enp0s3: saddr:16783984: daddr:100932208
[  237.720679] AAAAA-TCP_FORW: name:enp0s3: saddr:100932208: daddr:16783984
[  237.782480] AAAAA-TCP_FORW: name:enp0s3: saddr:16783984: daddr:100932208
[  237.849620] AAAAA-TCP_FORW: name:enp0s3: saddr:16783984: daddr:100932208
[  237.882788] AAAAA-TCP_FORW: name:enp0s3: saddr:100932208: daddr:16783984
[  237.946811] AAAAA-TCP_FORW: name:enp0s3: saddr:16783984: daddr:100932208
[  237.963243] AAAAA-TCP_FORW: name:enp0s3: saddr:100932208: daddr:16783984
[  237.982211] AAAAA-TCP_FORW: name:enp0s3: saddr:100932208: daddr:16783984
[  238.010461] AAAAA-TCP_FORW: name:enp0s3: saddr:100932208: daddr:16783984
[  238.098161] AAAAA-TCP_FORW: name:enp0s3: saddr:16783984: daddr:100932208
[  238.155476] AAAAA-TCP_FORW: name:enp0s3: saddr:100932208: daddr:16783984
[  238.183268] AAAAA-TCP_FORW: name:enp0s3: saddr:16783984: daddr:100932208
[  238.212074] AAAAA-TCP_FORW: name:enp0s3: saddr:16783984: daddr:100932208
[  238.225909] AAAAA-TCP_FORW: name:enp0s3: saddr:100932208: daddr:16783984
[  238.263759] AAAAA-TCP_FORW: name:enp0s3: saddr:16783984: daddr:100932208
[  238.309057] AAAAA-TCP_FORW: name:enp0s3: saddr:100932208: daddr:16783984
[  238.325706] AAAAA-TCP_FORW: name:enp0s3: saddr:16783984: daddr:100932208
[  238.346386] AAAAA-TCP_FORW: name:enp0s3: saddr:100932208: daddr:16783984
[  238.428621] AAAAA-TCP_FORW: name:enp0s3: saddr:100932208: daddr:16783984
[  238.458810] AAAAA-TCP_FORW: name:enp0s3: saddr:100932208: daddr:16783984
[  238.478272] AAAAA-TCP_FORW: name:enp0s3: saddr:16783984: daddr:100932208
[  238.514143] AAAAA-TCP_FORW: name:enp0s3: saddr:100932208: daddr:16783984
[  238.559435] AAAAA-TCP_FORW: name:enp0s3: saddr:16783984: daddr:100932208
[  238.578875] AAAAA-TCP_FORW: name:enp0s3: saddr:100932208: daddr:16783984
[  238.612910] AAAAA-TCP_FORW: name:enp0s3: saddr:100932208: daddr:16783984
[  238.634368] AAAAA-TCP_FORW: name:enp0s3: saddr:16783984: daddr:100932208
[  238.644419] AAAAA-TCP_FORW: name:enp0s3: saddr:100932208: daddr:16783984
[  238.704071] AAAAA-TCP_FORW: name:enp0s3: saddr:16783984: daddr:100932208
[  238.723683] AAAAA-TCP_FORW: name:enp0s3: saddr:100932208: daddr:16783984
[  238.744610] AAAAA-TCP_FORW: name:enp0s3: saddr:16783984: daddr:100932208
[  238.815366] AAAAA-TCP_FORW: name:enp0s3: saddr:16783984: daddr:100932208
[  238.834458] AAAAA-TCP_FORW: name:enp0s3: saddr:100932208: daddr:16783984
[  238.869651] AAAAA-TCP_FORW: name:enp0s3: saddr:16783984: daddr:100932208
[  238.887408] AAAAA-TCP_FORW: name:enp0s3: saddr:100932208: daddr:16783984
[  238.916196] AAAAA-TCP_FORW: name:enp0s3: saddr:16783984: daddr:100932208
[  238.979289] AAAAA-TCP_FORW: name:enp0s3: saddr:100932208: daddr:16783984
[  238.997610] AAAAA-TCP_FORW: name:enp0s3: saddr:100932208: daddr:16783984
[  239.014896] AAAAA-TCP_FORW: name:enp0s3: saddr:16783984: daddr:100932208
[  239.066289] AAAAA-TCP_FORW: name:enp0s3: saddr:100932208: daddr:16783984
[  239.081405] AAAAA-TCP_FORW: name:enp0s3: saddr:16783984: daddr:100932208
[  239.227619] AAAAA-TCP_FORW: name:enp0s3: saddr:16783984: daddr:100932208
[  239.298920] AAAAA-TCP_FORW: name:enp0s3: saddr:16783984: daddr:100932208
[  239.377378] AAAAA-TCP_FORW: name:enp0s3: saddr:16783984: daddr:100932208
[  239.435449] AAAAA-TCP_FORW: name:enp0s3: saddr:16783984: daddr:100932208
[  239.501528] AAAAA-TCP_FORW: name:enp0s3: saddr:16783984: daddr:100932208
[  261.679377] AAAAA-TCP_FORW: name:enp0s3: saddr:100932208: daddr:16783984
[  262.002572] AAAAA-TCP_FORW: name:enp0s3: saddr:100932208: daddr:16783984
[  262.077706] AAAAA-TCP_FORW: name:enp0s3: saddr:100932208: daddr:16783984
[  262.587297] AAAAA-TCP_FORW: name:enp0s3: saddr:100932208: daddr:16783984
[  262.643133] AAAAA-TCP_FORW: name:enp0s3: saddr:100932208: daddr:16783984
[  262.718623] AAAAA-TCP_FORW: name:enp0s3: saddr:100932208: daddr:16783984
[  262.969312] AAAAA-TCP_FORW: name:enp0s3: saddr:100932208: daddr:16783984
[  263.338478] AAAAA-TCP_FORW: name:enp0s3: saddr:100932208: daddr:16783984
[  263.417529] AAAAA-TCP_FORW: name:enp0s3: saddr:100932208: daddr:16783984
[  263.545912] AAAAA-TCP_FORW: name:enp0s3: saddr:100932208: daddr:16783984
[  266.131338] AAAAA-TCP_FORW: name:enp0s3: saddr:100932208: daddr:16783984
[  266.340885] AAAAA-TCP_FORW: name:enp0s3: saddr:100932208: daddr:16783984
[  266.472898] AAAAA-TCP_FORW: name:enp0s3: saddr:100932208: daddr:16783984
[  266.666543] AAAAA-TCP_FORW: name:enp0s3: saddr:100932208: daddr:16783984
[  267.216300] AAAAA-TCP_FORW: name:enp0s3: saddr:100932208: daddr:16783984
[  267.426443] AAAAA-TCP_FORW: name:enp0s3: saddr:100932208: daddr:16783984
[  267.681900] AAAAA-TCP_FORW: name:enp0s3: saddr:100932208: daddr:16783984
[  267.706484] AAAAA-TCP_FORW: name:enp0s3: saddr:100932208: daddr:16783984
[  287.086881] AAAAA-TCP_FORW: name:enp0s3: saddr:100932208: daddr:16783984
[  289.335065] AAAAA-TCP_FORW: name:enp0s3: saddr:16783984: daddr:100932208
[  290.960887] AAAAA-TCP_FORW: name:enp0s3: saddr:16783984: daddr:100932208
[  291.146897] AAAAA-TCP_FORW: name:enp0s3: saddr:16783984: daddr:100932208
[  291.306773] AAAAA-TCP_FORW: name:enp0s3: saddr:16783984: daddr:100932208
[  291.471429] AAAAA-TCP_FORW: name:enp0s3: saddr:16783984: daddr:100932208
[  291.596411] AAAAA-TCP_FORW: name:enp0s3: saddr:16783984: daddr:100932208
[  291.727660] AAAAA-TCP_FORW: name:enp0s3: saddr:16783984: daddr:100932208
[  292.025113] AAAAA-TCP_FORW: name:enp0s3: saddr:16783984: daddr:100932208
[  292.117667] AAAAA-TCP_FORW: name:enp0s3: saddr:16783984: daddr:100932208
[  292.188839] AAAAA-TCP_FORW: name:enp0s3: saddr:16783984: daddr:100932208
[  292.255874] AAAAA-TCP_FORW: name:enp0s3: saddr:16783984: daddr:100932208
[  292.327009] AAAAA-TCP_FORW: name:enp0s3: saddr:16783984: daddr:100932208
[  292.419131] AAAAA-TCP_FORW: name:enp0s3: saddr:16783984: daddr:100932208
[  292.490434] AAAAA-TCP_FORW: name:enp0s3: saddr:16783984: daddr:100932208
[  292.584014] AAAAA-TCP_FORW: name:enp0s3: saddr:16783984: daddr:100932208
[  292.686871] AAAAA-TCP_FORW: name:enp0s3: saddr:16783984: daddr:100932208
[  292.774144] AAAAA-TCP_FORW: name:enp0s3: saddr:16783984: daddr:100932208
[  292.866240] AAAAA-TCP_FORW: name:enp0s3: saddr:16783984: daddr:100932208
[  516.782690] rfkill: input handler enabled
[  525.587665] rfkill: input handler disabled
[  689.455267] device enp0s3 left promiscuous mode
