[    0.000000] Linux version 5.4.243-tcp (root@ztg) (gcc version 12.2.0 (Debian 12.2.0-14)) #1 SMP Fri Apr 12 08:27:09 CST 2024
[    0.000000] Command line: BOOT_IMAGE=/boot/vmlinuz-5.4.243-tcp root=UUID=98415a12-53b7-4144-8265-0f7ece09e445 ro quiet splash
[    0.000000] KERNEL supported cpus:
[    0.000000]   Intel GenuineIntel
[    0.000000]   AMD AuthenticAMD
[    0.000000]   Hygon HygonGenuine
[    0.000000]   Centaur CentaurHauls
[    0.000000]   zhaoxin   Shanghai  
[    0.000000] x86/fpu: Supporting XSAVE feature 0x001: 'x87 floating point registers'
[    0.000000] x86/fpu: Supporting XSAVE feature 0x002: 'SSE registers'
[    0.000000] x86/fpu: Supporting XSAVE feature 0x004: 'AVX registers'
[    0.000000] x86/fpu: xstate_offset[2]:  576, xstate_sizes[2]:  256
[    0.000000] x86/fpu: Enabled xstate features 0x7, context size is 832 bytes, using 'standard' format.
[    0.000000] BIOS-provided physical RAM map:
[    0.000000] BIOS-e820: [mem 0x0000000000000000-0x000000000009fbff] usable
[    0.000000] BIOS-e820: [mem 0x000000000009fc00-0x000000000009ffff] reserved
[    0.000000] BIOS-e820: [mem 0x00000000000f0000-0x00000000000fffff] reserved
[    0.000000] BIOS-e820: [mem 0x0000000000100000-0x000000007ffeffff] usable
[    0.000000] BIOS-e820: [mem 0x000000007fff0000-0x000000007fffffff] ACPI data
[    0.000000] BIOS-e820: [mem 0x00000000fec00000-0x00000000fec00fff] reserved
[    0.000000] BIOS-e820: [mem 0x00000000fee00000-0x00000000fee00fff] reserved
[    0.000000] BIOS-e820: [mem 0x00000000fffc0000-0x00000000ffffffff] reserved
[    0.000000] NX (Execute Disable) protection: active
[    0.000000] SMBIOS 2.5 present.
[    0.000000] DMI: innotek GmbH VirtualBox/VirtualBox, BIOS VirtualBox 12/01/2006
[    0.000000] Hypervisor detected: KVM
[    0.000000] kvm-clock: Using msrs 4b564d01 and 4b564d00
[    0.000000] kvm-clock: cpu 0, msr 4a401001, primary cpu clock
[    0.000000] kvm-clock: using sched offset of 4503950757 cycles
[    0.000003] clocksource: kvm-clock: mask: 0xffffffffffffffff max_cycles: 0x1cd42e4dffb, max_idle_ns: 881590591483 ns
[    0.000005] tsc: Detected 2100.000 MHz processor
[    0.001882] e820: update [mem 0x00000000-0x00000fff] usable ==> reserved
[    0.001884] e820: remove [mem 0x000a0000-0x000fffff] usable
[    0.001888] last_pfn = 0x7fff0 max_arch_pfn = 0x400000000
[    0.001956] MTRR default type: uncachable
[    0.001957] MTRR fixed ranges enabled:
[    0.001958]   00000-9FFFF write-back
[    0.001959]   A0000-BFFFF uncachable
[    0.001960]   C0000-FFFFF write-protect
[    0.001960] MTRR variable ranges enabled:
[    0.001962]   0 base 000000000000 mask 3FFF80000000 write-back
[    0.001963]   1 disabled
[    0.001963]   2 disabled
[    0.001964]   3 disabled
[    0.001964]   4 disabled
[    0.001964]   5 disabled
[    0.001965]   6 disabled
[    0.001965]   7 disabled
[    0.001966]   8 disabled
[    0.001966]   9 disabled
[    0.001967]   10 disabled
[    0.001967]   11 disabled
[    0.001967]   12 disabled
[    0.001968]   13 disabled
[    0.001968]   14 disabled
[    0.001969]   15 disabled
[    0.001984] x86/PAT: Configuration [0-7]: WB  WC  UC- UC  WB  WP  UC- WT  
[    0.002119] found SMP MP-table at [mem 0x0009fff0-0x0009ffff]
[    0.096471] check: Scanning 1 areas for low memory corruption
[    0.096659] RAMDISK: [mem 0x32275000-0x35131fff]
[    0.096667] ACPI: Early table checksum verification disabled
[    0.096673] ACPI: RSDP 0x00000000000E0000 000024 (v02 VBOX  )
[    0.096678] ACPI: XSDT 0x000000007FFF0030 00003C (v01 VBOX   VBOXXSDT 00000001 ASL  00000061)
[    0.096684] ACPI: FACP 0x000000007FFF00F0 0000F4 (v04 VBOX   VBOXFACP 00000001 ASL  00000061)
[    0.096690] ACPI: DSDT 0x000000007FFF02E0 002353 (v02 VBOX   VBOXBIOS 00000002 VBOX 00029BF3)
[    0.096695] ACPI: FACS 0x000000007FFF0200 000040
[    0.096698] ACPI: FACS 0x000000007FFF0200 000040
[    0.096701] ACPI: APIC 0x000000007FFF0240 000054 (v02 VBOX   VBOXAPIC 00000001 ASL  00000061)
[    0.096704] ACPI: SSDT 0x000000007FFF02A0 000038 (v01 VBOX   VBOXCPUT 00000002 VBOX 00029BF3)
[    0.096708] ACPI: Reserving FACP table memory at [mem 0x7fff00f0-0x7fff01e3]
[    0.096709] ACPI: Reserving DSDT table memory at [mem 0x7fff02e0-0x7fff2632]
[    0.096710] ACPI: Reserving FACS table memory at [mem 0x7fff0200-0x7fff023f]
[    0.096710] ACPI: Reserving FACS table memory at [mem 0x7fff0200-0x7fff023f]
[    0.096711] ACPI: Reserving APIC table memory at [mem 0x7fff0240-0x7fff0293]
[    0.096712] ACPI: Reserving SSDT table memory at [mem 0x7fff02a0-0x7fff02d7]
[    0.096737] ACPI: Local APIC address 0xfee00000
[    0.097228] No NUMA configuration found
[    0.097229] Faking a node at [mem 0x0000000000000000-0x000000007ffeffff]
[    0.097239] NODE_DATA(0) allocated [mem 0x7ffc5000-0x7ffeffff]
[    0.097501] Zone ranges:
[    0.097502]   DMA      [mem 0x0000000000001000-0x0000000000ffffff]
[    0.097503]   DMA32    [mem 0x0000000001000000-0x000000007ffeffff]
[    0.097504]   Normal   empty
[    0.097504]   Device   empty
[    0.097505] Movable zone start for each node
[    0.097507] Early memory node ranges
[    0.097508]   node   0: [mem 0x0000000000001000-0x000000000009efff]
[    0.097509]   node   0: [mem 0x0000000000100000-0x000000007ffeffff]
[    0.097513] Zeroed struct page in unavailable ranges: 114 pages
[    0.097514] Initmem setup node 0 [mem 0x0000000000001000-0x000000007ffeffff]
[    0.097515] On node 0 totalpages: 524174
[    0.097516]   DMA zone: 64 pages used for memmap
[    0.097517]   DMA zone: 21 pages reserved
[    0.097517]   DMA zone: 3998 pages, LIFO batch:0
[    0.097588]   DMA32 zone: 8128 pages used for memmap
[    0.097589]   DMA32 zone: 520176 pages, LIFO batch:63
[    0.107516] ACPI: PM-Timer IO Port: 0x4008
[    0.107520] ACPI: Local APIC address 0xfee00000
[    0.107590] IOAPIC[0]: apic_id 1, version 32, address 0xfec00000, GSI 0-23
[    0.107593] ACPI: INT_SRC_OVR (bus 0 bus_irq 0 global_irq 2 dfl dfl)
[    0.107595] ACPI: INT_SRC_OVR (bus 0 bus_irq 9 global_irq 9 low level)
[    0.107598] ACPI: IRQ0 used by override.
[    0.107599] ACPI: IRQ9 used by override.
[    0.107601] Using ACPI (MADT) for SMP configuration information
[    0.107609] smpboot: Allowing 1 CPUs, 0 hotplug CPUs
[    0.107634] PM: Registered nosave memory: [mem 0x00000000-0x00000fff]
[    0.107636] PM: Registered nosave memory: [mem 0x0009f000-0x0009ffff]
[    0.107637] PM: Registered nosave memory: [mem 0x000a0000-0x000effff]
[    0.107638] PM: Registered nosave memory: [mem 0x000f0000-0x000fffff]
[    0.107640] [mem 0x80000000-0xfebfffff] available for PCI devices
[    0.107641] Booting paravirtualized kernel on KVM
[    0.107645] clocksource: refined-jiffies: mask: 0xffffffff max_cycles: 0xffffffff, max_idle_ns: 7645519600211568 ns
[    0.107652] setup_percpu: NR_CPUS:8192 nr_cpumask_bits:1 nr_cpu_ids:1 nr_node_ids:1
[    0.108697] percpu: Embedded 60 pages/cpu s208896 r8192 d28672 u2097152
[    0.108702] pcpu-alloc: s208896 r8192 d28672 u2097152 alloc=1*2097152
[    0.108703] pcpu-alloc: [0] 0 
[    0.108730] Built 1 zonelists, mobility grouping on.  Total pages: 515961
[    0.108731] Policy zone: DMA32
[    0.108733] Kernel command line: BOOT_IMAGE=/boot/vmlinuz-5.4.243-tcp root=UUID=98415a12-53b7-4144-8265-0f7ece09e445 ro quiet splash
[    0.109574] Dentry cache hash table entries: 262144 (order: 9, 2097152 bytes, linear)
[    0.109721] Inode-cache hash table entries: 131072 (order: 8, 1048576 bytes, linear)
[    0.109771] mem auto-init: stack:off, heap alloc:on, heap free:off
[    0.109774] Calgary: detecting Calgary via BIOS EBDA area
[    0.109775] Calgary: Unable to locate Rio Grande table in EBDA - bailing!
[    0.113811] Memory: 1967340K/2096696K available (14339K kernel code, 2392K rwdata, 4692K rodata, 2720K init, 17272K bss, 129356K reserved, 0K cma-reserved)
[    0.114742] SLUB: HWalign=64, Order=0-3, MinObjects=0, CPUs=1, Nodes=1
[    0.114759] ftrace: allocating 42894 entries in 168 pages
[    0.132653] rcu: Hierarchical RCU implementation.
[    0.132654] rcu: 	RCU restricting CPUs from NR_CPUS=8192 to nr_cpu_ids=1.
[    0.132656] 	Tasks RCU enabled.
[    0.132657] rcu: RCU calculated value of scheduler-enlistment delay is 25 jiffies.
[    0.132658] rcu: Adjusting geometry for rcu_fanout_leaf=16, nr_cpu_ids=1
[    0.135624] NR_IRQS: 524544, nr_irqs: 256, preallocated irqs: 16
[    0.135843] random: crng init done
[    0.145343] Console: colour VGA+ 80x25
[    0.145347] printk: console [tty0] enabled
[    0.145368] ACPI: Core revision 20190816
[    0.145462] APIC: Switch to symmetric I/O mode setup
[    0.145713] x2apic enabled
[    0.145954] Switched APIC routing to physical x2apic.
[    0.147099] ..TIMER: vector=0x30 apic1=0 pin1=2 apic2=-1 pin2=-1
[    0.147125] clocksource: tsc-early: mask: 0xffffffffffffffff max_cycles: 0x1e4530a99b6, max_idle_ns: 440795257976 ns
[    0.147130] Calibrating delay loop (skipped) preset value.. 4200.00 BogoMIPS (lpj=8400000)
[    0.147132] pid_max: default: 32768 minimum: 301
[    0.147160] LSM: Security Framework initializing
[    0.147170] Yama: becoming mindful.
[    0.147197] AppArmor: AppArmor initialized
[    0.147232] Mount-cache hash table entries: 4096 (order: 3, 32768 bytes, linear)
[    0.147236] Mountpoint-cache hash table entries: 4096 (order: 3, 32768 bytes, linear)
[    0.147246] *** VALIDATE tmpfs ***
[    0.147375] *** VALIDATE proc ***
[    0.147417] *** VALIDATE cgroup1 ***
[    0.147418] *** VALIDATE cgroup2 ***
[    0.147559] process: using mwait in idle threads
[    0.147563] Last level iTLB entries: 4KB 64, 2MB 8, 4MB 8
[    0.147564] Last level dTLB entries: 4KB 64, 2MB 0, 4MB 0, 1GB 4
[    0.147584] Spectre V1 : Mitigation: usercopy/swapgs barriers and __user pointer sanitization
[    0.147590] Spectre V2 : Mitigation: Retpolines
[    0.147591] Spectre V2 : Spectre v2 / SpectreRSB mitigation: Filling RSB on context switch
[    0.147591] Spectre V2 : Spectre v2 / SpectreRSB : Filling RSB on VMEXIT
[    0.147592] RETBleed: WARNING: Spectre v2 mitigation leaves CPU vulnerable to RETBleed attacks, data leaks possible!
[    0.147951] RETBleed: Vulnerable
[    0.147952] Speculative Store Bypass: Vulnerable
[    0.147957] TAA: Mitigation: TSX disabled
[    0.147957] MMIO Stale Data: Mitigation: Clear CPU buffers
[    0.152196] Freeing SMP alternatives memory: 40K
[    0.264696] smpboot: CPU0: Intel(R) Xeon(R) Silver 4216 CPU @ 2.10GHz (family: 0x6, model: 0x55, stepping: 0x7)
[    0.264842] Performance Events: unsupported p6 CPU model 85 no PMU driver, software events only.
[    0.264879] rcu: Hierarchical SRCU implementation.
[    0.265355] NMI watchdog: Perf NMI watchdog permanently disabled
[    0.265394] smp: Bringing up secondary CPUs ...
[    0.265396] smp: Brought up 1 node, 1 CPU
[    0.265396] smpboot: Max logical packages: 1
[    0.265398] smpboot: Total of 1 processors activated (4200.00 BogoMIPS)
[    0.266377] devtmpfs: initialized
[    0.266427] x86/mm: Memory block size: 128MB
[    0.266784] clocksource: jiffies: mask: 0xffffffff max_cycles: 0xffffffff, max_idle_ns: 7645041785100000 ns
[    0.266789] futex hash table entries: 256 (order: 2, 16384 bytes, linear)
[    0.266833] pinctrl core: initialized pinctrl subsystem
[    0.266934] PM: RTC time: 15:00:15, date: 2026-01-20
[    0.267043] NET: Registered protocol family 16
[    0.267115] audit: initializing netlink subsys (disabled)
[    0.267126] EISA bus registered
[    0.267126] cpuidle: using governor ladder
[    0.267126] cpuidle: using governor menu
[    0.267126] ACPI: bus type PCI registered
[    0.267126] acpiphp: ACPI Hot Plug PCI Controller Driver version: 0.5
[    0.267126] PCI: Using configuration type 1 for base access
[    0.267373] audit: type=2000 audit(1768892422.184:1): state=initialized audit_enabled=0 res=1
[    0.267455] HugeTLB registered 2.00 MiB page size, pre-allocated 0 pages
[    0.268327] ACPI: Added _OSI(Module Device)
[    0.268328] ACPI: Added _OSI(Processor Device)
[    0.268329] ACPI: Added _OSI(3.0 _SCP Extensions)
[    0.268330] ACPI: Added _OSI(Processor Aggregator Device)
[    0.268331] ACPI: Added _OSI(Linux-Dell-Video)
[    0.268332] ACPI: Added _OSI(Linux-Lenovo-NV-HDMI-Audio)
[    0.268333] ACPI: Added _OSI(Linux-HPI-Hybrid-Graphics)
[    0.270333] ACPI: 2 ACPI AML tables successfully acquired and loaded
[    0.271845] ACPI: Interpreter enabled
[    0.271854] ACPI: (supports S0 S5)
[    0.271856] ACPI: Using IOAPIC for interrupt routing
[    0.272058] PCI: Using host bridge windows from ACPI; if necessary, use "pci=nocrs" and report a bug
[    0.272167] ACPI: Enabled 2 GPEs in block 00 to 07
[    0.276978] ACPI: PCI Root Bridge [PCI0] (domain 0000 [bus 00-ff])
[    0.276983] acpi PNP0A03:00: _OSC: OS supports [ASPM ClockPM Segments MSI HPX-Type3]
[    0.277424] acpi PNP0A03:00: _OSC: not requesting OS control; OS requires [ExtendedConfig ASPM ClockPM MSI]
[    0.277432] acpi PNP0A03:00: fail to add MMCONFIG information, can't access extended PCI configuration space under this bridge.
[    0.277804] PCI host bridge to bus 0000:00
[    0.277806] pci_bus 0000:00: root bus resource [io  0x0000-0x0cf7 window]
[    0.277807] pci_bus 0000:00: root bus resource [io  0x0d00-0xffff window]
[    0.277809] pci_bus 0000:00: root bus resource [mem 0x000a0000-0x000bffff window]
[    0.277810] pci_bus 0000:00: root bus resource [mem 0x80000000-0xfdffffff window]
[    0.277811] pci_bus 0000:00: root bus resource [bus 00-ff]
[    0.277856] pci 0000:00:00.0: [8086:1237] type 00 class 0x060000
[    0.278806] pci 0000:00:01.0: [8086:7000] type 00 class 0x060100
[    0.279583] pci 0000:00:01.1: [8086:7111] type 00 class 0x01018a
[    0.279963] pci 0000:00:01.1: reg 0x20: [io  0xd000-0xd00f]
[    0.280119] pci 0000:00:01.1: legacy IDE quirk: reg 0x10: [io  0x01f0-0x01f7]
[    0.280120] pci 0000:00:01.1: legacy IDE quirk: reg 0x14: [io  0x03f6]
[    0.280121] pci 0000:00:01.1: legacy IDE quirk: reg 0x18: [io  0x0170-0x0177]
[    0.280122] pci 0000:00:01.1: legacy IDE quirk: reg 0x1c: [io  0x0376]
[    0.280668] pci 0000:00:02.0: [15ad:0405] type 00 class 0x030000
[    0.283206] pci 0000:00:02.0: reg 0x10: [io  0xd010-0xd01f]
[    0.286040] pci 0000:00:02.0: reg 0x14: [mem 0xe0000000-0xe7ffffff pref]
[    0.289003] pci 0000:00:02.0: reg 0x18: [mem 0xf0000000-0xf01fffff]
[    0.299946] pci 0000:00:03.0: [1022:2000] type 00 class 0x020000
[    0.300707] pci 0000:00:03.0: reg 0x10: [io  0xd020-0xd03f]
[    0.301365] pci 0000:00:03.0: reg 0x14: [mem 0xf0200000-0xf0200fff]
[    0.305713] pci 0000:00:04.0: [80ee:cafe] type 00 class 0x088000
[    0.306399] pci 0000:00:04.0: reg 0x10: [io  0xd040-0xd05f]
[    0.307016] pci 0000:00:04.0: reg 0x14: [mem 0xf0400000-0xf07fffff]
[    0.307733] pci 0000:00:04.0: reg 0x18: [mem 0xf0800000-0xf0803fff pref]
[    0.311174] pci 0000:00:07.0: [8086:7113] type 00 class 0x068000
[    0.311727] pci 0000:00:07.0: quirk: [io  0x4000-0x403f] claimed by PIIX4 ACPI
[    0.311738] pci 0000:00:07.0: quirk: [io  0x4100-0x410f] claimed by PIIX4 SMB
[    0.312356] pci 0000:00:08.0: [8086:100e] type 00 class 0x020000
[    0.313098] pci 0000:00:08.0: reg 0x10: [mem 0xf0820000-0xf083ffff]
[    0.314280] pci 0000:00:08.0: reg 0x18: [io  0xd060-0xd067]
[    0.317426] pci 0000:00:09.0: [8086:100e] type 00 class 0x020000
[    0.318199] pci 0000:00:09.0: reg 0x10: [mem 0xf0840000-0xf085ffff]
[    0.319804] pci 0000:00:09.0: reg 0x18: [io  0xd068-0xd06f]
[    0.328282] ACPI: PCI Interrupt Link [LNKA] (IRQs 5 9 10 *11)
[    0.328565] ACPI: PCI Interrupt Link [LNKB] (IRQs 5 9 *10 11)
[    0.328665] ACPI: PCI Interrupt Link [LNKC] (IRQs 5 *9 10 11)
[    0.331199] ACPI: PCI Interrupt Link [LNKD] (IRQs 5 9 10 *11)
[    0.331484] iommu: Default domain type: Translated 
[    0.331547] pci 0000:00:02.0: vgaarb: setting as boot VGA device
[    0.331549] pci 0000:00:02.0: vgaarb: VGA device added: decodes=io+mem,owns=io+mem,locks=none
[    0.331551] pci 0000:00:02.0: vgaarb: bridge control possible
[    0.331551] vgaarb: loaded
[    0.331765] SCSI subsystem initialized
[    0.331797] libata version 3.00 loaded.
[    0.331823] ACPI: bus type USB registered
[    0.331837] usbcore: registered new interface driver usbfs
[    0.331843] usbcore: registered new interface driver hub
[    0.331847] usbcore: registered new device driver usb
[    0.331880] pps_core: LinuxPPS API ver. 1 registered
[    0.331881] pps_core: Software ver. 5.3.6 - Copyright 2005-2007 Rodolfo Giometti <giometti@linux.it>
[    0.331883] PTP clock support registered
[    0.331917] EDAC MC: Ver: 3.0.0
[    0.332209] PCI: Using ACPI for IRQ routing
[    0.332211] PCI: pci_cache_line_size set to 64 bytes
[    0.332381] e820: reserve RAM buffer [mem 0x0009fc00-0x0009ffff]
[    0.332385] e820: reserve RAM buffer [mem 0x7fff0000-0x7fffffff]
[    0.332511] NetLabel: Initializing
[    0.332512] NetLabel:  domain hash size = 128
[    0.332512] NetLabel:  protocols = UNLABELED CIPSOv4 CALIPSO
[    0.332531] NetLabel:  unlabeled traffic allowed by default
[    0.334116] clocksource: Switched to clocksource kvm-clock
[    0.343693] *** VALIDATE bpf ***
[    0.343693] VFS: Disk quotas dquot_6.6.0
[    0.343693] VFS: Dquot-cache hash table entries: 512 (order 0, 4096 bytes)
[    0.343693] *** VALIDATE ramfs ***
[    0.343693] *** VALIDATE hugetlbfs ***
[    0.343693] AppArmor: AppArmor Filesystem Enabled
[    0.343693] pnp: PnP ACPI init
[    0.343693] pnp 00:00: Plug and Play ACPI device, IDs PNP0303 (active)
[    0.346473] pnp 00:01: Plug and Play ACPI device, IDs PNP0f03 (active)
[    0.347264] pnp: PnP ACPI: found 2 devices
[    0.348304] thermal_sys: Registered thermal governor 'fair_share'
[    0.348305] thermal_sys: Registered thermal governor 'bang_bang'
[    0.348306] thermal_sys: Registered thermal governor 'step_wise'
[    0.348306] thermal_sys: Registered thermal governor 'user_space'
[    0.348307] thermal_sys: Registered thermal governor 'power_allocator'
[    0.352869] clocksource: acpi_pm: mask: 0xffffff max_cycles: 0xffffff, max_idle_ns: 2085701024 ns
[    0.352918] pci_bus 0000:00: resource 4 [io  0x0000-0x0cf7 window]
[    0.352920] pci_bus 0000:00: resource 5 [io  0x0d00-0xffff window]
[    0.352921] pci_bus 0000:00: resource 6 [mem 0x000a0000-0x000bffff window]
[    0.352922] pci_bus 0000:00: resource 7 [mem 0x80000000-0xfdffffff window]
[    0.352989] NET: Registered protocol family 2
[    0.353068] IP idents hash table entries: 32768 (order: 6, 262144 bytes, linear)
[    0.353449] tcp_listen_portaddr_hash hash table entries: 1024 (order: 2, 16384 bytes, linear)
[    0.353531] TCP established hash table entries: 16384 (order: 5, 131072 bytes, linear)
[    0.353598] TCP bind hash table entries: 16384 (order: 6, 262144 bytes, linear)
[    0.353623] TCP: Hash tables configured (established 16384 bind 16384)
[    0.353672] UDP hash table entries: 1024 (order: 3, 32768 bytes, linear)
[    0.353684] UDP-Lite hash table entries: 1024 (order: 3, 32768 bytes, linear)
[    0.353713] NET: Registered protocol family 1
[    0.353721] NET: Registered protocol family 44
[    0.353751] pci 0000:00:00.0: Limiting direct PCI/PCI transfers
[    0.353765] pci 0000:00:01.0: Activating ISA DMA hang workarounds
[    0.353824] pci 0000:00:02.0: Video device with shadowed ROM at [mem 0x000c0000-0x000dffff]
[    0.353891] PCI: CLS 0 bytes, default 64
[    0.353947] Trying to unpack rootfs image as initramfs...
[    0.532457] Freeing initrd memory: 47860K
[    0.532457] clocksource: tsc: mask: 0xffffffffffffffff max_cycles: 0x1e4530a99b6, max_idle_ns: 440795257976 ns
[    0.532457] clocksource: Switched to clocksource tsc
[    0.532457] platform rtc_cmos: registered platform RTC device (no PNP device found)
[    0.532457] check: Scanning for low memory corruption every 60 seconds
[    0.532457] Initialise system trusted keyrings
[    0.532457] Key type blacklist registered
[    0.532457] workingset: timestamp_bits=36 max_order=19 bucket_order=0
[    0.532457] zbud: loaded
[    0.532457] squashfs: version 4.0 (2009/01/31) Phillip Lougher
[    0.532457] fuse: init (API version 7.31)
[    0.532457] *** VALIDATE fuse ***
[    0.532457] *** VALIDATE fuse ***
[    0.532457] Platform Keyring initialized
[    0.548102] Key type asymmetric registered
[    0.548103] Asymmetric key parser 'x509' registered
[    0.548112] Block layer SCSI generic (bsg) driver version 0.4 loaded (major 244)
[    0.548152] io scheduler mq-deadline registered
[    0.548262] shpchp: Standard Hot Plug PCI Controller Driver version: 0.4
[    0.548495] ACPI: AC Adapter [AC] (on-line)
[    0.548540] input: Power Button as /devices/LNXSYSTM:00/LNXPWRBN:00/input/input0
[    0.548570] ACPI: Power Button [PWRF]
[    0.548653] input: Sleep Button as /devices/LNXSYSTM:00/LNXSLPBN:00/input/input1
[    0.548666] ACPI: Sleep Button [SLPF]
[    0.548884] Serial: 8250/16550 driver, 32 ports, IRQ sharing enabled
[    0.550107] Linux agpgart interface v0.103
[    0.643360] loop: module loaded
[    0.643535] ata_piix 0000:00:01.1: version 2.13
[    0.643948] scsi host0: ata_piix
[    0.644040] scsi host1: ata_piix
[    0.644068] ata1: PATA max UDMA/33 cmd 0x1f0 ctl 0x3f6 bmdma 0xd000 irq 14
[    0.644069] ata2: PATA max UDMA/33 cmd 0x170 ctl 0x376 bmdma 0xd008 irq 15
[    0.644150] tun: Universal TUN/TAP device driver, 1.6
[    0.644455] PPP generic driver version 2.4.2
[    0.644498] VFIO - User Level meta-driver version: 0.3
[    0.644738] ehci_hcd: USB 2.0 'Enhanced' Host Controller (EHCI) Driver
[    0.644744] ehci-pci: EHCI PCI platform driver
[    0.644759] ehci-platform: EHCI generic platform driver
[    0.644764] ohci_hcd: USB 1.1 'Open' Host Controller (OHCI) Driver
[    0.644766] ohci-pci: OHCI PCI platform driver
[    0.644772] ohci-platform: OHCI generic platform driver
[    0.644776] uhci_hcd: USB Universal Host Controller Interface driver
[    0.644835] i8042: PNP: PS/2 Controller [PNP0303:PS2K,PNP0f03:PS2M] at 0x60,0x64 irq 1,12
[    0.645276] serio: i8042 KBD port at 0x60,0x64 irq 1
[    0.645279] serio: i8042 AUX port at 0x60,0x64 irq 12
[    0.645368] mousedev: PS/2 mouse device common for all mice
[    0.645616] input: AT Translated Set 2 keyboard as /devices/platform/i8042/serio0/input/input2
[    0.646017] rtc_cmos rtc_cmos: registered as rtc0
[    0.646031] rtc_cmos rtc_cmos: alarms up to one day, 114 bytes nvram
[    0.646036] i2c /dev entries driver
[    0.646083] device-mapper: uevent: version 1.0.3
[    0.646125] device-mapper: ioctl: 4.41.0-ioctl (2019-09-16) initialised: dm-devel@redhat.com
[    0.646142] platform eisa.0: Probing EISA bus 0
[    0.646143] platform eisa.0: EISA: Cannot allocate resource for mainboard
[    0.646144] platform eisa.0: Cannot allocate resource for EISA slot 1
[    0.646145] platform eisa.0: Cannot allocate resource for EISA slot 2
[    0.646146] platform eisa.0: Cannot allocate resource for EISA slot 3
[    0.646147] platform eisa.0: Cannot allocate resource for EISA slot 4
[    0.646148] platform eisa.0: Cannot allocate resource for EISA slot 5
[    0.646149] platform eisa.0: Cannot allocate resource for EISA slot 6
[    0.646150] platform eisa.0: Cannot allocate resource for EISA slot 7
[    0.646151] platform eisa.0: Cannot allocate resource for EISA slot 8
[    0.646152] platform eisa.0: EISA: Detected 0 cards
[    0.646155] intel_pstate: CPU model not supported
[    0.646164] ledtrig-cpu: registered to indicate activity on CPUs
[    0.646215] drop_monitor: Initializing network drop monitor service
[    0.646377] NET: Registered protocol family 10
[    0.651460] Segment Routing with IPv6
[    0.651460] NET: Registered protocol family 17
[    0.651460] Key type dns_resolver registered
[    0.651460] RAS: Correctable Errors collector initialized.
[    0.651460] IPI shorthand broadcast: enabled
[    0.651460] sched_clock: Marking stable (636166942, 11293763)->(650529470, -3068765)
[    0.651797] registered taskstats version 1
[    0.651808] Loading compiled-in X.509 certificates
[    0.652396] Loaded X.509 cert 'Build time autogenerated kernel key: 0a9e52cc6eb58eed9b63e328679db6d5d5216245'
[    0.652413] zswap: loaded using pool lzo/zbud
[    0.652469] Key type ._fscrypt registered
[    0.652470] Key type .fscrypt registered
[    0.656936] Key type big_key registered
[    0.659126] Key type encrypted registered
[    0.659129] AppArmor: AppArmor sha1 policy hashing enabled
[    0.659135] ima: No TPM chip found, activating TPM-bypass!
[    0.659139] ima: Allocated hash algorithm: sha1
[    0.659144] ima: No architecture policies found
[    0.659152] evm: Initialising EVM extended attributes:
[    0.659153] evm: security.selinux
[    0.659154] evm: security.SMACK64
[    0.659154] evm: security.SMACK64EXEC
[    0.659154] evm: security.SMACK64TRANSMUTE
[    0.659155] evm: security.SMACK64MMAP
[    0.659155] evm: security.apparmor
[    0.659156] evm: security.ima
[    0.659156] evm: security.capability
[    0.659157] evm: HMAC attrs: 0x1
[    0.659468] PM:   Magic number: 10:25:33
[    0.659602] rtc_cmos rtc_cmos: setting system clock to 2026-01-20T15:00:16 UTC (1768921216)
[    0.815865] ata1.00: ATA-6: VBOX HARDDISK, 1.0, max UDMA/133
[    0.815868] ata1.00: 209715200 sectors, multi 128: LBA 
[    0.816388] scsi 0:0:0:0: Direct-Access     ATA      VBOX HARDDISK    1.0  PQ: 0 ANSI: 5
[    0.816628] sd 0:0:0:0: [sda] 209715200 512-byte logical blocks: (107 GB/100 GiB)
[    0.816637] sd 0:0:0:0: [sda] Write Protect is off
[    0.816639] sd 0:0:0:0: [sda] Mode Sense: 00 3a 00 00
[    0.816653] sd 0:0:0:0: [sda] Write cache: enabled, read cache: enabled, doesn't support DPO or FUA
[    0.816876] sd 0:0:0:0: Attached scsi generic sg0 type 0
[    0.817307]  sda: sda1 sda2
[    0.827558] sd 0:0:0:0: [sda] Attached SCSI disk
[    0.829947] Freeing unused decrypted memory: 2040K
[    0.830712] Freeing unused kernel image memory: 2720K
[    0.830714] Write protecting the kernel read-only data: 22528k
[    0.831513] Freeing unused kernel image memory: 2036K
[    0.831956] Freeing unused kernel image memory: 1452K
[    0.850961] x86/mm: Checked W+X mappings: passed, no W+X pages found.
[    0.850965] Run /init as init process
[    0.960776] ACPI: Video Device [GFX0] (multi-head: yes  rom: no  post: no)
[    0.960849] input: Video Bus as /devices/LNXSYSTM:00/LNXSYBUS:00/PNP0A03:00/LNXVIDEO:00/input/input4
[    0.974423] pcnet32: pcnet32.c:v1.35 21.Apr.2008 tsbogend@alpha.franken.de
[    0.976355] piix4_smbus 0000:00:07.0: SMBus Host Controller at 0x4100, revision 0
[    0.978826] e1000: Intel(R) PRO/1000 Network Driver - version 7.3.21-k8-NAPI
[    0.978827] e1000: Copyright (c) 1999-2006 Intel Corporation.
[    0.987268] pcnet32: PCnet/FAST III 79C973 at 0xd020, 08:00:27:5b:bb:d5 assigned IRQ 19
[    0.987310] pcnet32: Found PHY 0022:561b at address 0
[    0.992938] pcnet32: eth0: registered as PCnet/FAST III 79C973
[    0.992960] pcnet32: 1 cards_found
[    1.052223] pcnet32 0000:00:03.0 enp0s3: renamed from eth0
[    1.190667] input: ImExPS/2 Generic Explorer Mouse as /devices/platform/i8042/serio1/input/input5
[    1.395721] e1000 0000:00:08.0 eth0: (PCI:33MHz:32-bit) 08:00:27:62:03:3d
[    1.395725] e1000 0000:00:08.0 eth0: Intel(R) PRO/1000 Network Connection
[    1.771897] e1000 0000:00:09.0 eth1: (PCI:33MHz:32-bit) 08:00:27:81:80:cc
[    1.771900] e1000 0000:00:09.0 eth1: Intel(R) PRO/1000 Network Connection
[    1.773072] e1000 0000:00:09.0 enp0s9: renamed from eth1
[    1.774859] e1000 0000:00:08.0 enp0s8: renamed from eth0
[    1.828875] EXT4-fs (sda2): mounted filesystem with ordered data mode. Opts: (null)
[    1.912979] systemd[1]: Inserted module 'autofs4'
[    1.923962] systemd[1]: systemd 245.4-4ubuntu3 running in system mode. (+PAM +AUDIT +SELINUX +IMA +APPARMOR +SMACK +SYSVINIT +UTMP +LIBCRYPTSETUP +GCRYPT +GNUTLS +ACL +XZ +LZ4 +SECCOMP +BLKID +ELFUTILS +KMOD +IDN2 -IDN +PCRE2 default-hierarchy=hybrid)
[    1.923990] systemd[1]: Detected virtualization oracle.
[    1.923994] systemd[1]: Detected architecture x86-64.
[    1.925285] systemd[1]: Set hostname to <ztg>.
[    2.051356] systemd[1]: /lib/systemd/system/dbus.socket:5: ListenStream= references a path below legacy directory /var/run/, updating /var/run/dbus/system_bus_socket â†’ /run/dbus/system_bus_socket; please update the unit file accordingly.
[    2.106865] systemd[1]: Created slice system-modprobe.slice.
[    2.107055] systemd[1]: Created slice User and Session Slice.
[    2.107099] systemd[1]: Started Forward Password Requests to Wall Directory Watch.
[    2.107257] systemd[1]: Set up automount Arbitrary Executable File Formats File System Automount Point.
[    2.107290] systemd[1]: Reached target User and Group Name Lookups.
[    2.107298] systemd[1]: Reached target Remote File Systems.
[    2.107306] systemd[1]: Reached target Slices.
[    2.107968] systemd[1]: Listening on Syslog Socket.
[    2.108037] systemd[1]: Listening on fsck to fsckd communication Socket.
[    2.108074] systemd[1]: Listening on initctl Compatibility Named Pipe.
[    2.108211] systemd[1]: Listening on Journal Audit Socket.
[    2.108263] systemd[1]: Listening on Journal Socket (/dev/log).
[    2.108331] systemd[1]: Listening on Journal Socket.
[    2.108397] systemd[1]: Listening on udev Control Socket.
[    2.108436] systemd[1]: Listening on udev Kernel Socket.
[    2.109192] systemd[1]: Mounting Huge Pages File System...
[    2.110104] systemd[1]: Mounting POSIX Message Queue File System...
[    2.110994] systemd[1]: Mounting Kernel Debug File System...
[    2.111938] systemd[1]: Mounting Kernel Trace File System...
[    2.113873] systemd[1]: Starting Journal Service...
[    2.142725] systemd[1]: Starting Set the console keyboard layout...
[    2.146208] systemd[1]: Starting Create list of static device nodes for the current kernel...
[    2.151947] systemd[1]: Starting Load Kernel Module drm...
[    2.155819] systemd[1]: Condition check resulted in Set Up Additional Binary Formats being skipped.
[    2.156138] systemd[1]: Condition check resulted in File System Check on Root Device being skipped.
[    2.163154] systemd[1]: Starting Load Kernel Modules...
[    2.171700] systemd[1]: Starting Remount Root and Kernel File Systems...
[    2.191695] systemd[1]: Starting udev Coldplug all Devices...
[    2.202502] systemd[1]: Starting Uncomplicated firewall...
[    2.224556] systemd[1]: Mounted Huge Pages File System.
[    2.224654] systemd[1]: Mounted POSIX Message Queue File System.
[    2.224727] systemd[1]: Mounted Kernel Debug File System.
[    2.224797] systemd[1]: Mounted Kernel Trace File System.
[    2.226110] EXT4-fs (sda2): re-mounted. Opts: errors=remount-ro
[    2.226972] systemd[1]: Finished Create list of static device nodes for the current kernel.
[    2.228499] systemd[1]: modprobe@drm.service: Succeeded.
[    2.239756] systemd[1]: Finished Load Kernel Module drm.
[    2.240194] systemd[1]: Finished Remount Root and Kernel File Systems.
[    2.241114] systemd[1]: Finished Uncomplicated firewall.
[    2.257384] systemd[1]: Condition check resulted in Rebuild Hardware Database being skipped.
[    2.257424] systemd[1]: Condition check resulted in Platform Persistent Storage Archival being skipped.
[    2.258178] systemd[1]: Starting Load/Save Random Seed...
[    2.258961] systemd[1]: Starting Create System Users...
[    2.286871] lp: driver loaded but no devices found
[    2.290480] systemd[1]: Finished Load/Save Random Seed.
[    2.294447] systemd[1]: Finished Create System Users.
[    2.295260] systemd[1]: Starting Create Static Device Nodes in /dev...
[    2.300604] ppdev: user-space parallel port driver
[    2.329028] systemd[1]: Finished Create Static Device Nodes in /dev.
[    2.329954] systemd[1]: Starting udev Kernel Device Manager...
[    2.340207] systemd[1]: Finished udev Coldplug all Devices.
[    2.378408] [drm] DMA map mode: Caching DMA mappings.
[    2.378482] [drm] Capabilities:
[    2.378483] [drm]   Rect copy.
[    2.378483] [drm]   Cursor.
[    2.378483] [drm]   Cursor bypass.
[    2.378484] [drm]   Cursor bypass 2.
[    2.378484] [drm]   Alpha cursor.
[    2.378484] [drm]   Extended Fifo.
[    2.378485] [drm]   Pitchlock.
[    2.378485] [drm]   Irq mask.
[    2.378485] [drm]   GMR.
[    2.378486] [drm]   Traces.
[    2.378486] [drm]   GMR2.
[    2.378486] [drm]   Screen Object 2.
[    2.378487] [drm]   Command Buffers.
[    2.378487] [drm]   Command Buffers 2.
[    2.378487] [drm]   Guest Backed Resources.
[    2.378488] [drm] Max GMR ids is 8192
[    2.378489] [drm] Max number of GMR pages is 1048576
[    2.378490] [drm] Max dedicated hypervisor surface memory is 393216 kiB
[    2.378490] [drm] Maximum display memory size is 131072 kiB
[    2.378491] [drm] VRAM at 0xe0000000 size is 131072 kiB
[    2.378491] [drm] MMIO at 0xf0000000 size is 2048 kiB
[    2.379380] [TTM] Zone  kernel: Available graphics memory: 1011744 KiB
[    2.379381] [TTM] Initializing pool allocator
[    2.379423] [TTM] Initializing DMA pool allocator
[    2.379454] [drm] Supports vblank timestamp caching Rev 2 (21.10.2013).
[    2.379455] [drm] No driver support for vblank timestamp query.
[    2.379890] [drm] Screen Target Display device initialized
[    2.380105] [drm] width 720
[    2.380120] [drm] height 400
[    2.380124] [drm] bpp 32
[    2.380640] [drm] Fifo max 0x00200000 min 0x00001000 cap 0x00000355
[    2.381716] [drm] Using command buffers with DMA pool.
[    2.381722] [drm] DX: no.
[    2.381722] [drm] Atomic: yes.
[    2.381722] [drm] SM4_1: no.
[    2.381742] [drm:vmw_host_log [vmwgfx]] *ERROR* Failed to send host log message.
[    2.382677] [drm:vmw_host_log [vmwgfx]] *ERROR* Failed to send host log message.
[    2.404884] fbcon: svgadrmfb (fb0) is primary device
[    2.408020] Console: switching to colour frame buffer device 100x37
[    2.431236] [drm] Initialized vmwgfx 2.15.0 20180704 for 0000:00:02.0 on minor 0
[    2.432295] systemd[1]: Finished Load Kernel Modules.
[    2.433324] systemd[1]: Mounting FUSE Control File System...
[    2.434470] systemd[1]: Mounting Kernel Configuration File System...
[    2.440777] systemd[1]: Starting Apply Kernel Variables...
[    2.453676] systemd[1]: Finished Set the console keyboard layout.
[    2.453788] systemd[1]: Reached target Local File Systems (Pre).
[    2.457993] systemd[1]: Mounting Mount unit for bare, revision 5...
[    2.476864] systemd[1]: Mounting Mount unit for core18, revision 1705...
[    2.480973] systemd[1]: Mounting Mount unit for gnome-3-34-1804, revision 24...
[    2.483086] systemd[1]: Mounting Mount unit for gtk-common-themes, revision 1506...
[    2.504785] systemd[1]: Mounting Mount unit for gtk-common-themes, revision 1535...
[    2.508377] systemd[1]: Mounting Mount unit for snap-store, revision 433...
[    2.517054] systemd[1]: Mounting Mount unit for snapd, revision 7264...
[    2.518198] systemd[1]: Mounted FUSE Control File System.
[    2.518308] systemd[1]: Mounted Kernel Configuration File System.
[    2.533252] systemd[1]: Finished Apply Kernel Variables.
[    2.535164] systemd[1]: Mounted Mount unit for bare, revision 5.
[    2.535259] systemd[1]: Mounted Mount unit for core18, revision 1705.
[    2.535339] systemd[1]: Mounted Mount unit for gnome-3-34-1804, revision 24.
[    2.536862] systemd[1]: Condition check resulted in VMware vmblock fuse mount being skipped.
[    2.561902] systemd[1]: Mounted Mount unit for gtk-common-themes, revision 1506.
[    2.566201] systemd[1]: Started udev Kernel Device Manager.
[    2.567030] systemd[1]: Starting Show Plymouth Boot Screen...
[    2.573702] systemd[1]: Received SIGRTMIN+20 from PID 282 (plymouthd).
[    2.577999] systemd[1]: Mounted Mount unit for gtk-common-themes, revision 1535.
[    2.605992] systemd[1]: Mounted Mount unit for snap-store, revision 433.
[    2.606251] systemd[1]: Mounted Mount unit for snapd, revision 7264.
[    2.606438] systemd[1]: Started Show Plymouth Boot Screen.
[    2.606621] systemd[1]: Condition check resulted in Dispatch Password Requests to Console Directory Watch being skipped.
[    2.606701] systemd[1]: Started Forward Password Requests to Plymouth Directory Watch.
[    2.606767] systemd[1]: Reached target Local Encrypted Volumes.
[    2.606824] systemd[1]: Reached target Local File Systems.
[    2.609293] systemd[1]: Starting Load AppArmor profiles...
[    2.610186] systemd[1]: Starting Set console font and keymap...
[    2.625103] systemd[1]: Starting Tell Plymouth To Write Out Runtime Data...
[    2.625226] systemd[1]: Condition check resulted in Store a System Token in an EFI Variable being skipped.
[    2.625275] systemd[1]: Condition check resulted in Commit a transient machine-id on disk being skipped.
[    2.629392] systemd[1]: Finished Set console font and keymap.
[    2.637274] systemd[1]: Received SIGRTMIN+20 from PID 282 (plymouthd).
[    2.637874] systemd[1]: plymouth-read-write.service: Succeeded.
[    2.638130] systemd[1]: Finished Tell Plymouth To Write Out Runtime Data.
[    2.702810] audit: type=1400 audit(1768921218.536:2): apparmor="STATUS" operation="profile_load" profile="unconfined" name="nvidia_modprobe" pid=299 comm="apparmor_parser"
[    2.702813] audit: type=1400 audit(1768921218.536:3): apparmor="STATUS" operation="profile_load" profile="unconfined" name="nvidia_modprobe//kmod" pid=299 comm="apparmor_parser"
[    2.709872] audit: type=1400 audit(1768921218.544:4): apparmor="STATUS" operation="profile_load" profile="unconfined" name="/usr/sbin/tcpdump" pid=300 comm="apparmor_parser"
[    2.751220] audit: type=1400 audit(1768921218.580:5): apparmor="STATUS" operation="profile_load" profile="unconfined" name="/usr/bin/evince" pid=302 comm="apparmor_parser"
[    2.751223] audit: type=1400 audit(1768921218.580:6): apparmor="STATUS" operation="profile_load" profile="unconfined" name="/usr/bin/evince//sanitized_helper" pid=302 comm="apparmor_parser"
[    2.751225] audit: type=1400 audit(1768921218.580:7): apparmor="STATUS" operation="profile_load" profile="unconfined" name="/usr/bin/evince-previewer" pid=302 comm="apparmor_parser"
[    2.751227] audit: type=1400 audit(1768921218.580:8): apparmor="STATUS" operation="profile_load" profile="unconfined" name="/usr/bin/evince-previewer//sanitized_helper" pid=302 comm="apparmor_parser"
[    2.751228] audit: type=1400 audit(1768921218.580:9): apparmor="STATUS" operation="profile_load" profile="unconfined" name="/usr/bin/evince-thumbnailer" pid=302 comm="apparmor_parser"
[    2.765976] audit: type=1400 audit(1768921218.604:10): apparmor="STATUS" operation="profile_load" profile="unconfined" name="/usr/lib/cups/backend/cups-pdf" pid=303 comm="apparmor_parser"
[    2.835021] systemd[1]: Finished Load AppArmor profiles.
[    2.836051] systemd[1]: Starting Load AppArmor profiles managed internally by snapd...
[    2.914595] systemd[1]: Finished Load AppArmor profiles managed internally by snapd.
[    3.095305] systemd[1]: Started Journal Service.
[    3.105678] systemd-journald[228]: Received client request to flush runtime journal.
[    4.405567] RAPL PMU: API unit is 2^-32 Joules, 0 fixed counters, 10737418240 ms ovfl timer
[    4.441175] cryptd: max_cpu_qlen set to 1000
[    4.576051] AVX2 version of gcm_enc/dec engaged.
[    4.576052] AES CTR mode by8 optimization enabled
[    5.384700] Adding 1998844k swap on /dev/sda1.  Priority:-2 extents:1 across:1998844k FS
[    6.770878] kauditd_printk_skb: 30 callbacks suppressed
[    6.770879] audit: type=1400 audit(1768921222.604:41): apparmor="DENIED" operation="capable" profile="/usr/sbin/cups-browsed" pid=497 comm="cups-browsed" capability=23  capname="sys_nice"
[    7.583329] pcnet32 0000:00:03.0 enp0s3: link up, 100Mbps, full-duplex
[    7.619383] e1000: enp0s8 NIC Link is Up 1000 Mbps Full Duplex, Flow Control: RX
[    7.619679] IPv6: ADDRCONF(NETDEV_CHANGE): enp0s8: link becomes ready
[    7.631499] e1000: enp0s9 NIC Link is Up 1000 Mbps Full Duplex, Flow Control: RX
[    7.631824] IPv6: ADDRCONF(NETDEV_CHANGE): enp0s9: link becomes ready
[    8.164149] device enp0s3 entered promiscuous mode
[    8.205325] audit: type=1400 audit(1768921224.044:42): apparmor="DENIED" operation="open" profile="/usr/sbin/tcpdump" name="/proc/sys/kernel/random/boot_id" pid=649 comm="tcpdump" requested_mask="r" denied_mask="r" fsuid=0 ouid=0
[    8.205692] audit: type=1400 audit(1768921224.044:43): apparmor="DENIED" operation="open" profile="/usr/sbin/tcpdump" name="/proc/sys/kernel/random/boot_id" pid=649 comm="tcpdump" requested_mask="r" denied_mask="r" fsuid=0 ouid=0
[    8.205736] audit: type=1400 audit(1768921224.044:44): apparmor="DENIED" operation="open" profile="/usr/sbin/tcpdump" name="/proc/sys/kernel/random/boot_id" pid=649 comm="tcpdump" requested_mask="r" denied_mask="r" fsuid=0 ouid=0
[    8.205791] audit: type=1400 audit(1768921224.044:45): apparmor="DENIED" operation="open" profile="/usr/sbin/tcpdump" name="/proc/sys/kernel/random/boot_id" pid=649 comm="tcpdump" requested_mask="r" denied_mask="r" fsuid=0 ouid=0
[    8.208062] audit: type=1400 audit(1768921224.044:46): apparmor="DENIED" operation="open" profile="/usr/sbin/tcpdump" name="/proc/sys/kernel/random/boot_id" pid=650 comm="tcpdump" requested_mask="r" denied_mask="r" fsuid=0 ouid=0
[    8.208252] audit: type=1400 audit(1768921224.044:47): apparmor="DENIED" operation="open" profile="/usr/sbin/tcpdump" name="/proc/sys/kernel/random/boot_id" pid=650 comm="tcpdump" requested_mask="r" denied_mask="r" fsuid=0 ouid=0
[    8.208334] audit: type=1400 audit(1768921224.044:48): apparmor="DENIED" operation="open" profile="/usr/sbin/tcpdump" name="/proc/sys/kernel/random/boot_id" pid=650 comm="tcpdump" requested_mask="r" denied_mask="r" fsuid=0 ouid=0
[    8.208439] audit: type=1400 audit(1768921224.044:49): apparmor="DENIED" operation="open" profile="/usr/sbin/tcpdump" name="/proc/sys/kernel/random/boot_id" pid=650 comm="tcpdump" requested_mask="r" denied_mask="r" fsuid=0 ouid=0
[   12.779488] rfkill: input handler disabled
[  334.667859] AAAAA-TCP_FORW: name:enp0s3: saddr:16783984: daddr:100932208
[  335.072384] AAAAA-TCP_FORW: name:enp0s3: saddr:16783984: daddr:100932208
[  335.113827] AAAAA-TCP_FORW: name:enp0s3: saddr:16783984: daddr:100932208
[  335.988728] AAAAA-TCP_FORW: name:enp0s3: saddr:16783984: daddr:100932208
[  336.031873] AAAAA-TCP_FORW: name:enp0s3: saddr:16783984: daddr:100932208
[  395.091042] AAAAA-TCP_FORW: name:enp0s3: saddr:16783984: daddr:100932208
[  395.144936] AAAAA-TCP_FORW: name:enp0s3: saddr:16783984: daddr:100932208
[  395.209274] AAAAA-TCP_FORW: name:enp0s3: saddr:16783984: daddr:100932208
[  395.266956] AAAAA-TCP_FORW: name:enp0s3: saddr:16783984: daddr:100932208
[  395.339016] AAAAA-TCP_FORW: name:enp0s3: saddr:16783984: daddr:100932208
[  395.390371] AAAAA-TCP_FORW: name:enp0s3: saddr:16783984: daddr:100932208
[  395.465131] AAAAA-TCP_FORW: name:enp0s3: saddr:16783984: daddr:100932208
[  395.534948] AAAAA-TCP_FORW: name:enp0s3: saddr:16783984: daddr:100932208
[  395.607757] AAAAA-TCP_FORW: name:enp0s3: saddr:16783984: daddr:100932208
[  906.533088] rfkill: input handler enabled
[  915.099102] rfkill: input handler disabled
[ 1112.982951] device enp0s3 left promiscuous mode
