[    0.000000] Linux version 5.4.243-tcp (root@ztg) (gcc version 12.2.0 (Debian 12.2.0-14)) #1 SMP Fri Apr 12 08:27:09 CST 2024
[    0.000000] Command line: BOOT_IMAGE=/boot/vmlinuz-5.4.243-tcp root=UUID=98415a12-53b7-4144-8265-0f7ece09e445 ro quiet splash
[    0.000000] KERNEL supported cpus:
[    0.000000]   Intel GenuineIntel
[    0.000000]   AMD AuthenticAMD
[    0.000000]   Hygon HygonGenuine
[    0.000000]   Centaur CentaurHauls
[    0.000000]   zhaoxin   Shanghai  
[    0.000000] x86/fpu: Supporting XSAVE feature 0x001: 'x87 floating point registers'
[    0.000000] x86/fpu: Supporting XSAVE feature 0x002: 'SSE registers'
[    0.000000] x86/fpu: Supporting XSAVE feature 0x004: 'AVX registers'
[    0.000000] x86/fpu: xstate_offset[2]:  576, xstate_sizes[2]:  256
[    0.000000] x86/fpu: Enabled xstate features 0x7, context size is 832 bytes, using 'standard' format.
[    0.000000] BIOS-provided physical RAM map:
[    0.000000] BIOS-e820: [mem 0x0000000000000000-0x000000000009fbff] usable
[    0.000000] BIOS-e820: [mem 0x000000000009fc00-0x000000000009ffff] reserved
[    0.000000] BIOS-e820: [mem 0x00000000000f0000-0x00000000000fffff] reserved
[    0.000000] BIOS-e820: [mem 0x0000000000100000-0x000000007ffeffff] usable
[    0.000000] BIOS-e820: [mem 0x000000007fff0000-0x000000007fffffff] ACPI data
[    0.000000] BIOS-e820: [mem 0x00000000fec00000-0x00000000fec00fff] reserved
[    0.000000] BIOS-e820: [mem 0x00000000fee00000-0x00000000fee00fff] reserved
[    0.000000] BIOS-e820: [mem 0x00000000fffc0000-0x00000000ffffffff] reserved
[    0.000000] NX (Execute Disable) protection: active
[    0.000000] SMBIOS 2.5 present.
[    0.000000] DMI: innotek GmbH VirtualBox/VirtualBox, BIOS VirtualBox 12/01/2006
[    0.000000] Hypervisor detected: KVM
[    0.000000] kvm-clock: Using msrs 4b564d01 and 4b564d00
[    0.000000] kvm-clock: cpu 0, msr 55401001, primary cpu clock
[    0.000000] kvm-clock: using sched offset of 4445432170 cycles
[    0.000003] clocksource: kvm-clock: mask: 0xffffffffffffffff max_cycles: 0x1cd42e4dffb, max_idle_ns: 881590591483 ns
[    0.000005] tsc: Detected 2100.000 MHz processor
[    0.001886] e820: update [mem 0x00000000-0x00000fff] usable ==> reserved
[    0.001888] e820: remove [mem 0x000a0000-0x000fffff] usable
[    0.001892] last_pfn = 0x7fff0 max_arch_pfn = 0x400000000
[    0.001971] MTRR default type: uncachable
[    0.001972] MTRR fixed ranges enabled:
[    0.001973]   00000-9FFFF write-back
[    0.001974]   A0000-BFFFF uncachable
[    0.001975]   C0000-FFFFF write-protect
[    0.001975] MTRR variable ranges enabled:
[    0.001977]   0 base 000000000000 mask 3FFF80000000 write-back
[    0.001978]   1 disabled
[    0.001978]   2 disabled
[    0.001978]   3 disabled
[    0.001979]   4 disabled
[    0.001979]   5 disabled
[    0.001980]   6 disabled
[    0.001980]   7 disabled
[    0.001980]   8 disabled
[    0.001981]   9 disabled
[    0.001981]   10 disabled
[    0.001982]   11 disabled
[    0.001982]   12 disabled
[    0.001983]   13 disabled
[    0.001983]   14 disabled
[    0.001983]   15 disabled
[    0.001999] x86/PAT: Configuration [0-7]: WB  WC  UC- UC  WB  WP  UC- WT  
[    0.002134] found SMP MP-table at [mem 0x0009fff0-0x0009ffff]
[    0.090684] check: Scanning 1 areas for low memory corruption
[    0.090873] RAMDISK: [mem 0x32275000-0x35131fff]
[    0.090880] ACPI: Early table checksum verification disabled
[    0.090885] ACPI: RSDP 0x00000000000E0000 000024 (v02 VBOX  )
[    0.090890] ACPI: XSDT 0x000000007FFF0030 00003C (v01 VBOX   VBOXXSDT 00000001 ASL  00000061)
[    0.090896] ACPI: FACP 0x000000007FFF00F0 0000F4 (v04 VBOX   VBOXFACP 00000001 ASL  00000061)
[    0.090902] ACPI: DSDT 0x000000007FFF02E0 002353 (v02 VBOX   VBOXBIOS 00000002 VBOX 00029BF3)
[    0.090906] ACPI: FACS 0x000000007FFF0200 000040
[    0.090909] ACPI: FACS 0x000000007FFF0200 000040
[    0.090912] ACPI: APIC 0x000000007FFF0240 000054 (v02 VBOX   VBOXAPIC 00000001 ASL  00000061)
[    0.090916] ACPI: SSDT 0x000000007FFF02A0 000038 (v01 VBOX   VBOXCPUT 00000002 VBOX 00029BF3)
[    0.090919] ACPI: Reserving FACP table memory at [mem 0x7fff00f0-0x7fff01e3]
[    0.090920] ACPI: Reserving DSDT table memory at [mem 0x7fff02e0-0x7fff2632]
[    0.090921] ACPI: Reserving FACS table memory at [mem 0x7fff0200-0x7fff023f]
[    0.090921] ACPI: Reserving FACS table memory at [mem 0x7fff0200-0x7fff023f]
[    0.090922] ACPI: Reserving APIC table memory at [mem 0x7fff0240-0x7fff0293]
[    0.090923] ACPI: Reserving SSDT table memory at [mem 0x7fff02a0-0x7fff02d7]
[    0.090937] ACPI: Local APIC address 0xfee00000
[    0.091125] No NUMA configuration found
[    0.091126] Faking a node at [mem 0x0000000000000000-0x000000007ffeffff]
[    0.091136] NODE_DATA(0) allocated [mem 0x7ffc5000-0x7ffeffff]
[    0.091418] Zone ranges:
[    0.091419]   DMA      [mem 0x0000000000001000-0x0000000000ffffff]
[    0.091420]   DMA32    [mem 0x0000000001000000-0x000000007ffeffff]
[    0.091421]   Normal   empty
[    0.091422]   Device   empty
[    0.091422] Movable zone start for each node
[    0.091424] Early memory node ranges
[    0.091425]   node   0: [mem 0x0000000000001000-0x000000000009efff]
[    0.091426]   node   0: [mem 0x0000000000100000-0x000000007ffeffff]
[    0.091429] Zeroed struct page in unavailable ranges: 114 pages
[    0.091430] Initmem setup node 0 [mem 0x0000000000001000-0x000000007ffeffff]
[    0.091431] On node 0 totalpages: 524174
[    0.091432]   DMA zone: 64 pages used for memmap
[    0.091433]   DMA zone: 21 pages reserved
[    0.091434]   DMA zone: 3998 pages, LIFO batch:0
[    0.091505]   DMA32 zone: 8128 pages used for memmap
[    0.091506]   DMA32 zone: 520176 pages, LIFO batch:63
[    0.100439] ACPI: PM-Timer IO Port: 0x4008
[    0.100442] ACPI: Local APIC address 0xfee00000
[    0.100514] IOAPIC[0]: apic_id 1, version 32, address 0xfec00000, GSI 0-23
[    0.100517] ACPI: INT_SRC_OVR (bus 0 bus_irq 0 global_irq 2 dfl dfl)
[    0.100519] ACPI: INT_SRC_OVR (bus 0 bus_irq 9 global_irq 9 low level)
[    0.100520] ACPI: IRQ0 used by override.
[    0.100521] ACPI: IRQ9 used by override.
[    0.100524] Using ACPI (MADT) for SMP configuration information
[    0.100533] smpboot: Allowing 1 CPUs, 0 hotplug CPUs
[    0.100556] PM: Registered nosave memory: [mem 0x00000000-0x00000fff]
[    0.100558] PM: Registered nosave memory: [mem 0x0009f000-0x0009ffff]
[    0.100558] PM: Registered nosave memory: [mem 0x000a0000-0x000effff]
[    0.100559] PM: Registered nosave memory: [mem 0x000f0000-0x000fffff]
[    0.100561] [mem 0x80000000-0xfebfffff] available for PCI devices
[    0.100562] Booting paravirtualized kernel on KVM
[    0.100565] clocksource: refined-jiffies: mask: 0xffffffff max_cycles: 0xffffffff, max_idle_ns: 7645519600211568 ns
[    0.100569] setup_percpu: NR_CPUS:8192 nr_cpumask_bits:1 nr_cpu_ids:1 nr_node_ids:1
[    0.101579] percpu: Embedded 60 pages/cpu s208896 r8192 d28672 u2097152
[    0.101584] pcpu-alloc: s208896 r8192 d28672 u2097152 alloc=1*2097152
[    0.101585] pcpu-alloc: [0] 0 
[    0.101612] Built 1 zonelists, mobility grouping on.  Total pages: 515961
[    0.101613] Policy zone: DMA32
[    0.101614] Kernel command line: BOOT_IMAGE=/boot/vmlinuz-5.4.243-tcp root=UUID=98415a12-53b7-4144-8265-0f7ece09e445 ro quiet splash
[    0.102466] Dentry cache hash table entries: 262144 (order: 9, 2097152 bytes, linear)
[    0.102727] Inode-cache hash table entries: 131072 (order: 8, 1048576 bytes, linear)
[    0.102779] mem auto-init: stack:off, heap alloc:on, heap free:off
[    0.102782] Calgary: detecting Calgary via BIOS EBDA area
[    0.102783] Calgary: Unable to locate Rio Grande table in EBDA - bailing!
[    0.106799] Memory: 1967340K/2096696K available (14339K kernel code, 2392K rwdata, 4692K rodata, 2720K init, 17272K bss, 129356K reserved, 0K cma-reserved)
[    0.107731] SLUB: HWalign=64, Order=0-3, MinObjects=0, CPUs=1, Nodes=1
[    0.107747] ftrace: allocating 42894 entries in 168 pages
[    0.125578] rcu: Hierarchical RCU implementation.
[    0.125580] rcu: 	RCU restricting CPUs from NR_CPUS=8192 to nr_cpu_ids=1.
[    0.125581] 	Tasks RCU enabled.
[    0.125582] rcu: RCU calculated value of scheduler-enlistment delay is 25 jiffies.
[    0.125583] rcu: Adjusting geometry for rcu_fanout_leaf=16, nr_cpu_ids=1
[    0.128549] NR_IRQS: 524544, nr_irqs: 256, preallocated irqs: 16
[    0.128765] random: crng init done
[    0.138111] Console: colour VGA+ 80x25
[    0.138114] printk: console [tty0] enabled
[    0.138134] ACPI: Core revision 20190816
[    0.138237] APIC: Switch to symmetric I/O mode setup
[    0.138486] x2apic enabled
[    0.138726] Switched APIC routing to physical x2apic.
[    0.139863] ..TIMER: vector=0x30 apic1=0 pin1=2 apic2=-1 pin2=-1
[    0.139891] clocksource: tsc-early: mask: 0xffffffffffffffff max_cycles: 0x1e4530a99b6, max_idle_ns: 440795257976 ns
[    0.139896] Calibrating delay loop (skipped) preset value.. 4200.00 BogoMIPS (lpj=8400000)
[    0.139899] pid_max: default: 32768 minimum: 301
[    0.139927] LSM: Security Framework initializing
[    0.139936] Yama: becoming mindful.
[    0.139962] AppArmor: AppArmor initialized
[    0.139997] Mount-cache hash table entries: 4096 (order: 3, 32768 bytes, linear)
[    0.140001] Mountpoint-cache hash table entries: 4096 (order: 3, 32768 bytes, linear)
[    0.140011] *** VALIDATE tmpfs ***
[    0.140140] *** VALIDATE proc ***
[    0.140179] *** VALIDATE cgroup1 ***
[    0.140181] *** VALIDATE cgroup2 ***
[    0.140325] process: using mwait in idle threads
[    0.140329] Last level iTLB entries: 4KB 64, 2MB 8, 4MB 8
[    0.140330] Last level dTLB entries: 4KB 64, 2MB 0, 4MB 0, 1GB 4
[    0.140349] Spectre V1 : Mitigation: usercopy/swapgs barriers and __user pointer sanitization
[    0.140355] Spectre V2 : Mitigation: Retpolines
[    0.140356] Spectre V2 : Spectre v2 / SpectreRSB mitigation: Filling RSB on context switch
[    0.140356] Spectre V2 : Spectre v2 / SpectreRSB : Filling RSB on VMEXIT
[    0.140357] RETBleed: WARNING: Spectre v2 mitigation leaves CPU vulnerable to RETBleed attacks, data leaks possible!
[    0.140713] RETBleed: Vulnerable
[    0.140713] Speculative Store Bypass: Vulnerable
[    0.140718] TAA: Mitigation: TSX disabled
[    0.140718] MMIO Stale Data: Mitigation: Clear CPU buffers
[    0.144893] Freeing SMP alternatives memory: 40K
[    0.257080] smpboot: CPU0: Intel(R) Xeon(R) Silver 4216 CPU @ 2.10GHz (family: 0x6, model: 0x55, stepping: 0x7)
[    0.257203] Performance Events: unsupported p6 CPU model 85 no PMU driver, software events only.
[    0.257241] rcu: Hierarchical SRCU implementation.
[    0.257709] NMI watchdog: Perf NMI watchdog permanently disabled
[    0.257746] smp: Bringing up secondary CPUs ...
[    0.257747] smp: Brought up 1 node, 1 CPU
[    0.257748] smpboot: Max logical packages: 1
[    0.257749] smpboot: Total of 1 processors activated (4200.00 BogoMIPS)
[    0.258692] devtmpfs: initialized
[    0.258737] x86/mm: Memory block size: 128MB
[    0.259076] clocksource: jiffies: mask: 0xffffffff max_cycles: 0xffffffff, max_idle_ns: 7645041785100000 ns
[    0.259082] futex hash table entries: 256 (order: 2, 16384 bytes, linear)
[    0.259124] pinctrl core: initialized pinctrl subsystem
[    0.259221] PM: RTC time: 14:59:12, date: 2026-01-20
[    0.259336] NET: Registered protocol family 16
[    0.259409] audit: initializing netlink subsys (disabled)
[    0.259532] EISA bus registered
[    0.259533] cpuidle: using governor ladder
[    0.259534] cpuidle: using governor menu
[    0.259570] ACPI: bus type PCI registered
[    0.259572] acpiphp: ACPI Hot Plug PCI Controller Driver version: 0.5
[    0.259672] PCI: Using configuration type 1 for base access
[    0.260159] audit: type=2000 audit(1768892358.732:1): state=initialized audit_enabled=0 res=1
[    0.260237] HugeTLB registered 2.00 MiB page size, pre-allocated 0 pages
[    0.261043] ACPI: Added _OSI(Module Device)
[    0.261043] ACPI: Added _OSI(Processor Device)
[    0.261044] ACPI: Added _OSI(3.0 _SCP Extensions)
[    0.261045] ACPI: Added _OSI(Processor Aggregator Device)
[    0.261046] ACPI: Added _OSI(Linux-Dell-Video)
[    0.261046] ACPI: Added _OSI(Linux-Lenovo-NV-HDMI-Audio)
[    0.261047] ACPI: Added _OSI(Linux-HPI-Hybrid-Graphics)
[    0.263007] ACPI: 2 ACPI AML tables successfully acquired and loaded
[    0.264510] ACPI: Interpreter enabled
[    0.264519] ACPI: (supports S0 S5)
[    0.264520] ACPI: Using IOAPIC for interrupt routing
[    0.264723] PCI: Using host bridge windows from ACPI; if necessary, use "pci=nocrs" and report a bug
[    0.264831] ACPI: Enabled 2 GPEs in block 00 to 07
[    0.269610] ACPI: PCI Root Bridge [PCI0] (domain 0000 [bus 00-ff])
[    0.269614] acpi PNP0A03:00: _OSC: OS supports [ASPM ClockPM Segments MSI HPX-Type3]
[    0.270067] acpi PNP0A03:00: _OSC: not requesting OS control; OS requires [ExtendedConfig ASPM ClockPM MSI]
[    0.270075] acpi PNP0A03:00: fail to add MMCONFIG information, can't access extended PCI configuration space under this bridge.
[    0.270448] PCI host bridge to bus 0000:00
[    0.270450] pci_bus 0000:00: root bus resource [io  0x0000-0x0cf7 window]
[    0.270451] pci_bus 0000:00: root bus resource [io  0x0d00-0xffff window]
[    0.270452] pci_bus 0000:00: root bus resource [mem 0x000a0000-0x000bffff window]
[    0.270454] pci_bus 0000:00: root bus resource [mem 0x80000000-0xfdffffff window]
[    0.270455] pci_bus 0000:00: root bus resource [bus 00-ff]
[    0.270498] pci 0000:00:00.0: [8086:1237] type 00 class 0x060000
[    0.271426] pci 0000:00:01.0: [8086:7000] type 00 class 0x060100
[    0.272229] pci 0000:00:01.1: [8086:7111] type 00 class 0x01018a
[    0.272591] pci 0000:00:01.1: reg 0x20: [io  0xd000-0xd00f]
[    0.272742] pci 0000:00:01.1: legacy IDE quirk: reg 0x10: [io  0x01f0-0x01f7]
[    0.272743] pci 0000:00:01.1: legacy IDE quirk: reg 0x14: [io  0x03f6]
[    0.272744] pci 0000:00:01.1: legacy IDE quirk: reg 0x18: [io  0x0170-0x0177]
[    0.272744] pci 0000:00:01.1: legacy IDE quirk: reg 0x1c: [io  0x0376]
[    0.273275] pci 0000:00:02.0: [15ad:0405] type 00 class 0x030000
[    0.275971] pci 0000:00:02.0: reg 0x10: [io  0xd010-0xd01f]
[    0.279938] pci 0000:00:02.0: reg 0x14: [mem 0xe0000000-0xe7ffffff pref]
[    0.282744] pci 0000:00:02.0: reg 0x18: [mem 0xf0000000-0xf01fffff]
[    0.292670] pci 0000:00:03.0: [1022:2000] type 00 class 0x020000
[    0.293349] pci 0000:00:03.0: reg 0x10: [io  0xd020-0xd03f]
[    0.293951] pci 0000:00:03.0: reg 0x14: [mem 0xf0200000-0xf0200fff]
[    0.298429] pci 0000:00:04.0: [80ee:cafe] type 00 class 0x088000
[    0.299095] pci 0000:00:04.0: reg 0x10: [io  0xd040-0xd05f]
[    0.299699] pci 0000:00:04.0: reg 0x14: [mem 0xf0400000-0xf07fffff]
[    0.300004] pci 0000:00:04.0: reg 0x18: [mem 0xf0800000-0xf0803fff pref]
[    0.303509] pci 0000:00:07.0: [8086:7113] type 00 class 0x068000
[    0.304099] pci 0000:00:07.0: quirk: [io  0x4000-0x403f] claimed by PIIX4 ACPI
[    0.304109] pci 0000:00:07.0: quirk: [io  0x4100-0x410f] claimed by PIIX4 SMB
[    0.304716] pci 0000:00:08.0: [8086:100e] type 00 class 0x020000
[    0.305418] pci 0000:00:08.0: reg 0x10: [mem 0xf0820000-0xf083ffff]
[    0.306573] pci 0000:00:08.0: reg 0x18: [io  0xd060-0xd067]
[    0.309516] pci 0000:00:09.0: [8086:100e] type 00 class 0x020000
[    0.310265] pci 0000:00:09.0: reg 0x10: [mem 0xf0840000-0xf085ffff]
[    0.312003] pci 0000:00:09.0: reg 0x18: [io  0xd068-0xd06f]
[    0.320910] ACPI: PCI Interrupt Link [LNKA] (IRQs 5 9 10 *11)
[    0.321192] ACPI: PCI Interrupt Link [LNKB] (IRQs 5 9 *10 11)
[    0.321298] ACPI: PCI Interrupt Link [LNKC] (IRQs 5 *9 10 11)
[    0.321401] ACPI: PCI Interrupt Link [LNKD] (IRQs 5 9 10 *11)
[    0.324013] iommu: Default domain type: Translated 
[    0.324072] pci 0000:00:02.0: vgaarb: setting as boot VGA device
[    0.324074] pci 0000:00:02.0: vgaarb: VGA device added: decodes=io+mem,owns=io+mem,locks=none
[    0.324076] pci 0000:00:02.0: vgaarb: bridge control possible
[    0.324077] vgaarb: loaded
[    0.324279] SCSI subsystem initialized
[    0.324310] libata version 3.00 loaded.
[    0.324337] ACPI: bus type USB registered
[    0.324350] usbcore: registered new interface driver usbfs
[    0.324356] usbcore: registered new interface driver hub
[    0.324360] usbcore: registered new device driver usb
[    0.324388] pps_core: LinuxPPS API ver. 1 registered
[    0.324388] pps_core: Software ver. 5.3.6 - Copyright 2005-2007 Rodolfo Giometti <giometti@linux.it>
[    0.324390] PTP clock support registered
[    0.324424] EDAC MC: Ver: 3.0.0
[    0.324703] PCI: Using ACPI for IRQ routing
[    0.324704] PCI: pci_cache_line_size set to 64 bytes
[    0.324872] e820: reserve RAM buffer [mem 0x0009fc00-0x0009ffff]
[    0.324876] e820: reserve RAM buffer [mem 0x7fff0000-0x7fffffff]
[    0.324998] NetLabel: Initializing
[    0.324998] NetLabel:  domain hash size = 128
[    0.324999] NetLabel:  protocols = UNLABELED CIPSOv4 CALIPSO
[    0.325018] NetLabel:  unlabeled traffic allowed by default
[    0.326592] clocksource: Switched to clocksource kvm-clock
[    0.338173] *** VALIDATE bpf ***
[    0.338228] VFS: Disk quotas dquot_6.6.0
[    0.338239] VFS: Dquot-cache hash table entries: 512 (order 0, 4096 bytes)
[    0.338260] *** VALIDATE ramfs ***
[    0.338264] *** VALIDATE hugetlbfs ***
[    0.338343] AppArmor: AppArmor Filesystem Enabled
[    0.338366] pnp: PnP ACPI init
[    0.338423] pnp 00:00: Plug and Play ACPI device, IDs PNP0303 (active)
[    0.338489] pnp 00:01: Plug and Play ACPI device, IDs PNP0f03 (active)
[    0.339256] pnp: PnP ACPI: found 2 devices
[    0.340222] thermal_sys: Registered thermal governor 'fair_share'
[    0.340223] thermal_sys: Registered thermal governor 'bang_bang'
[    0.340224] thermal_sys: Registered thermal governor 'step_wise'
[    0.340224] thermal_sys: Registered thermal governor 'user_space'
[    0.340225] thermal_sys: Registered thermal governor 'power_allocator'
[    0.344737] clocksource: acpi_pm: mask: 0xffffff max_cycles: 0xffffff, max_idle_ns: 2085701024 ns
[    0.344777] pci_bus 0000:00: resource 4 [io  0x0000-0x0cf7 window]
[    0.344779] pci_bus 0000:00: resource 5 [io  0x0d00-0xffff window]
[    0.344780] pci_bus 0000:00: resource 6 [mem 0x000a0000-0x000bffff window]
[    0.344781] pci_bus 0000:00: resource 7 [mem 0x80000000-0xfdffffff window]
[    0.344836] NET: Registered protocol family 2
[    0.344910] IP idents hash table entries: 32768 (order: 6, 262144 bytes, linear)
[    0.345272] tcp_listen_portaddr_hash hash table entries: 1024 (order: 2, 16384 bytes, linear)
[    0.345350] TCP established hash table entries: 16384 (order: 5, 131072 bytes, linear)
[    0.345414] TCP bind hash table entries: 16384 (order: 6, 262144 bytes, linear)
[    0.345439] TCP: Hash tables configured (established 16384 bind 16384)
[    0.345483] UDP hash table entries: 1024 (order: 3, 32768 bytes, linear)
[    0.345495] UDP-Lite hash table entries: 1024 (order: 3, 32768 bytes, linear)
[    0.345523] NET: Registered protocol family 1
[    0.345530] NET: Registered protocol family 44
[    0.345554] pci 0000:00:00.0: Limiting direct PCI/PCI transfers
[    0.345567] pci 0000:00:01.0: Activating ISA DMA hang workarounds
[    0.345622] pci 0000:00:02.0: Video device with shadowed ROM at [mem 0x000c0000-0x000dffff]
[    0.345685] PCI: CLS 0 bytes, default 64
[    0.345732] Trying to unpack rootfs image as initramfs...
[    0.511154] Freeing initrd memory: 47860K
[    0.511154] clocksource: tsc: mask: 0xffffffffffffffff max_cycles: 0x1e4530a99b6, max_idle_ns: 440795257976 ns
[    0.511154] clocksource: Switched to clocksource tsc
[    0.511154] platform rtc_cmos: registered platform RTC device (no PNP device found)
[    0.511154] check: Scanning for low memory corruption every 60 seconds
[    0.511154] Initialise system trusted keyrings
[    0.511154] Key type blacklist registered
[    0.511154] workingset: timestamp_bits=36 max_order=19 bucket_order=0
[    0.511154] zbud: loaded
[    0.511154] squashfs: version 4.0 (2009/01/31) Phillip Lougher
[    0.511154] fuse: init (API version 7.31)
[    0.511154] *** VALIDATE fuse ***
[    0.511154] *** VALIDATE fuse ***
[    0.511154] Platform Keyring initialized
[    0.527165] Key type asymmetric registered
[    0.527166] Asymmetric key parser 'x509' registered
[    0.527174] Block layer SCSI generic (bsg) driver version 0.4 loaded (major 244)
[    0.527211] io scheduler mq-deadline registered
[    0.527315] shpchp: Standard Hot Plug PCI Controller Driver version: 0.4
[    0.527547] ACPI: AC Adapter [AC] (on-line)
[    0.527592] input: Power Button as /devices/LNXSYSTM:00/LNXPWRBN:00/input/input0
[    0.527619] ACPI: Power Button [PWRF]
[    0.527694] input: Sleep Button as /devices/LNXSYSTM:00/LNXSLPBN:00/input/input1
[    0.527708] ACPI: Sleep Button [SLPF]
[    0.527934] Serial: 8250/16550 driver, 32 ports, IRQ sharing enabled
[    0.529077] Linux agpgart interface v0.103
[    0.623164] loop: module loaded
[    0.623287] ata_piix 0000:00:01.1: version 2.13
[    0.623676] scsi host0: ata_piix
[    0.623760] scsi host1: ata_piix
[    0.623787] ata1: PATA max UDMA/33 cmd 0x1f0 ctl 0x3f6 bmdma 0xd000 irq 14
[    0.623788] ata2: PATA max UDMA/33 cmd 0x170 ctl 0x376 bmdma 0xd008 irq 15
[    0.623856] tun: Universal TUN/TAP device driver, 1.6
[    0.624170] PPP generic driver version 2.4.2
[    0.624211] VFIO - User Level meta-driver version: 0.3
[    0.624449] ehci_hcd: USB 2.0 'Enhanced' Host Controller (EHCI) Driver
[    0.624455] ehci-pci: EHCI PCI platform driver
[    0.624467] ehci-platform: EHCI generic platform driver
[    0.624472] ohci_hcd: USB 1.1 'Open' Host Controller (OHCI) Driver
[    0.624474] ohci-pci: OHCI PCI platform driver
[    0.624479] ohci-platform: OHCI generic platform driver
[    0.624483] uhci_hcd: USB Universal Host Controller Interface driver
[    0.624539] i8042: PNP: PS/2 Controller [PNP0303:PS2K,PNP0f03:PS2M] at 0x60,0x64 irq 1,12
[    0.624980] serio: i8042 KBD port at 0x60,0x64 irq 1
[    0.624983] serio: i8042 AUX port at 0x60,0x64 irq 12
[    0.625066] mousedev: PS/2 mouse device common for all mice
[    0.625311] input: AT Translated Set 2 keyboard as /devices/platform/i8042/serio0/input/input2
[    0.625701] rtc_cmos rtc_cmos: registered as rtc0
[    0.625714] rtc_cmos rtc_cmos: alarms up to one day, 114 bytes nvram
[    0.625719] i2c /dev entries driver
[    0.625759] device-mapper: uevent: version 1.0.3
[    0.625799] device-mapper: ioctl: 4.41.0-ioctl (2019-09-16) initialised: dm-devel@redhat.com
[    0.625815] platform eisa.0: Probing EISA bus 0
[    0.625816] platform eisa.0: EISA: Cannot allocate resource for mainboard
[    0.625817] platform eisa.0: Cannot allocate resource for EISA slot 1
[    0.625818] platform eisa.0: Cannot allocate resource for EISA slot 2
[    0.625819] platform eisa.0: Cannot allocate resource for EISA slot 3
[    0.625820] platform eisa.0: Cannot allocate resource for EISA slot 4
[    0.625821] platform eisa.0: Cannot allocate resource for EISA slot 5
[    0.625822] platform eisa.0: Cannot allocate resource for EISA slot 6
[    0.625823] platform eisa.0: Cannot allocate resource for EISA slot 7
[    0.625824] platform eisa.0: Cannot allocate resource for EISA slot 8
[    0.625825] platform eisa.0: EISA: Detected 0 cards
[    0.625827] intel_pstate: CPU model not supported
[    0.625835] ledtrig-cpu: registered to indicate activity on CPUs
[    0.625880] drop_monitor: Initializing network drop monitor service
[    0.626036] NET: Registered protocol family 10
[    0.631077] Segment Routing with IPv6
[    0.631099] NET: Registered protocol family 17
[    0.631130] Key type dns_resolver registered
[    0.631157] RAS: Correctable Errors collector initialized.
[    0.631157] IPI shorthand broadcast: enabled
[    0.631157] sched_clock: Marking stable (616020373, 11136951)->(629008983, -1851659)
[    0.631291] registered taskstats version 1
[    0.631300] Loading compiled-in X.509 certificates
[    0.631895] Loaded X.509 cert 'Build time autogenerated kernel key: 0a9e52cc6eb58eed9b63e328679db6d5d5216245'
[    0.631911] zswap: loaded using pool lzo/zbud
[    0.631962] Key type ._fscrypt registered
[    0.631963] Key type .fscrypt registered
[    0.636381] Key type big_key registered
[    0.638519] Key type encrypted registered
[    0.638522] AppArmor: AppArmor sha1 policy hashing enabled
[    0.638528] ima: No TPM chip found, activating TPM-bypass!
[    0.638532] ima: Allocated hash algorithm: sha1
[    0.638536] ima: No architecture policies found
[    0.638543] evm: Initialising EVM extended attributes:
[    0.638544] evm: security.selinux
[    0.638545] evm: security.SMACK64
[    0.638545] evm: security.SMACK64EXEC
[    0.638545] evm: security.SMACK64TRANSMUTE
[    0.638546] evm: security.SMACK64MMAP
[    0.638546] evm: security.apparmor
[    0.638547] evm: security.ima
[    0.638547] evm: security.capability
[    0.638548] evm: HMAC attrs: 0x1
[    0.638833] PM:   Magic number: 10:399:991
[    0.638927] rtc_cmos rtc_cmos: setting system clock to 2026-01-20T14:59:13 UTC (1768921153)
[    0.796270] ata1.00: ATA-6: VBOX HARDDISK, 1.0, max UDMA/133
[    0.796273] ata1.00: 209715200 sectors, multi 128: LBA 
[    0.796933] scsi 0:0:0:0: Direct-Access     ATA      VBOX HARDDISK    1.0  PQ: 0 ANSI: 5
[    0.797219] sd 0:0:0:0: [sda] 209715200 512-byte logical blocks: (107 GB/100 GiB)
[    0.797232] sd 0:0:0:0: [sda] Write Protect is off
[    0.797235] sd 0:0:0:0: [sda] Mode Sense: 00 3a 00 00
[    0.797255] sd 0:0:0:0: [sda] Write cache: enabled, read cache: enabled, doesn't support DPO or FUA
[    0.797492] sd 0:0:0:0: Attached scsi generic sg0 type 0
[    0.798354]  sda: sda1 sda2
[    0.807335] sd 0:0:0:0: [sda] Attached SCSI disk
[    0.810590] Freeing unused decrypted memory: 2040K
[    0.811550] Freeing unused kernel image memory: 2720K
[    0.811552] Write protecting the kernel read-only data: 22528k
[    0.812593] Freeing unused kernel image memory: 2036K
[    0.813161] Freeing unused kernel image memory: 1452K
[    0.840001] x86/mm: Checked W+X mappings: passed, no W+X pages found.
[    0.840006] Run /init as init process
[    0.942285] ACPI: Video Device [GFX0] (multi-head: yes  rom: no  post: no)
[    0.942356] input: Video Bus as /devices/LNXSYSTM:00/LNXSYBUS:00/PNP0A03:00/LNXVIDEO:00/input/input4
[    0.955042] pcnet32: pcnet32.c:v1.35 21.Apr.2008 tsbogend@alpha.franken.de
[    0.955892] pcnet32: PCnet/FAST III 79C973 at 0xd020, 08:00:27:15:2c:18 assigned IRQ 19
[    0.955936] pcnet32: Found PHY 0022:561b at address 0
[    0.956232] pcnet32: eth0: registered as PCnet/FAST III 79C973
[    0.956258] pcnet32: 1 cards_found
[    0.958123] piix4_smbus 0000:00:07.0: SMBus Host Controller at 0x4100, revision 0
[    0.961675] e1000: Intel(R) PRO/1000 Network Driver - version 7.3.21-k8-NAPI
[    0.961676] e1000: Copyright (c) 1999-2006 Intel Corporation.
[    1.026494] pcnet32 0000:00:03.0 enp0s3: renamed from eth0
[    1.180111] input: ImExPS/2 Generic Explorer Mouse as /devices/platform/i8042/serio1/input/input5
[    1.363442] e1000 0000:00:08.0 eth0: (PCI:33MHz:32-bit) 08:00:27:19:55:2c
[    1.363447] e1000 0000:00:08.0 eth0: Intel(R) PRO/1000 Network Connection
[    1.735392] e1000 0000:00:09.0 eth1: (PCI:33MHz:32-bit) 08:00:27:a2:a4:75
[    1.735395] e1000 0000:00:09.0 eth1: Intel(R) PRO/1000 Network Connection
[    1.736557] e1000 0000:00:09.0 enp0s9: renamed from eth1
[    1.738313] e1000 0000:00:08.0 enp0s8: renamed from eth0
[    1.792930] EXT4-fs (sda2): mounted filesystem with ordered data mode. Opts: (null)
[    1.888743] systemd[1]: Inserted module 'autofs4'
[    1.901354] systemd[1]: systemd 245.4-4ubuntu3 running in system mode. (+PAM +AUDIT +SELINUX +IMA +APPARMOR +SMACK +SYSVINIT +UTMP +LIBCRYPTSETUP +GCRYPT +GNUTLS +ACL +XZ +LZ4 +SECCOMP +BLKID +ELFUTILS +KMOD +IDN2 -IDN +PCRE2 default-hierarchy=hybrid)
[    1.901383] systemd[1]: Detected virtualization oracle.
[    1.901385] systemd[1]: Detected architecture x86-64.
[    1.902663] systemd[1]: Set hostname to <ztg>.
[    2.025701] systemd[1]: /lib/systemd/system/dbus.socket:5: ListenStream= references a path below legacy directory /var/run/, updating /var/run/dbus/system_bus_socket â†’ /run/dbus/system_bus_socket; please update the unit file accordingly.
[    2.077505] systemd[1]: Created slice system-modprobe.slice.
[    2.077690] systemd[1]: Created slice User and Session Slice.
[    2.077732] systemd[1]: Started Forward Password Requests to Wall Directory Watch.
[    2.077878] systemd[1]: Set up automount Arbitrary Executable File Formats File System Automount Point.
[    2.077907] systemd[1]: Reached target User and Group Name Lookups.
[    2.077915] systemd[1]: Reached target Remote File Systems.
[    2.077923] systemd[1]: Reached target Slices.
[    2.078463] systemd[1]: Listening on Syslog Socket.
[    2.078530] systemd[1]: Listening on fsck to fsckd communication Socket.
[    2.078566] systemd[1]: Listening on initctl Compatibility Named Pipe.
[    2.078693] systemd[1]: Listening on Journal Audit Socket.
[    2.078742] systemd[1]: Listening on Journal Socket (/dev/log).
[    2.078809] systemd[1]: Listening on Journal Socket.
[    2.078868] systemd[1]: Listening on udev Control Socket.
[    2.078906] systemd[1]: Listening on udev Kernel Socket.
[    2.079660] systemd[1]: Mounting Huge Pages File System...
[    2.080540] systemd[1]: Mounting POSIX Message Queue File System...
[    2.081379] systemd[1]: Mounting Kernel Debug File System...
[    2.082179] systemd[1]: Mounting Kernel Trace File System...
[    2.084058] systemd[1]: Starting Journal Service...
[    2.107593] systemd[1]: Starting Set the console keyboard layout...
[    2.115183] systemd[1]: Starting Create list of static device nodes for the current kernel...
[    2.117162] systemd[1]: Starting Load Kernel Module drm...
[    2.118284] systemd[1]: Condition check resulted in Set Up Additional Binary Formats being skipped.
[    2.118324] systemd[1]: Condition check resulted in File System Check on Root Device being skipped.
[    2.128515] systemd[1]: Starting Load Kernel Modules...
[    2.137004] systemd[1]: Starting Remount Root and Kernel File Systems...
[    2.145578] systemd[1]: Starting udev Coldplug all Devices...
[    2.155692] systemd[1]: Starting Uncomplicated firewall...
[    2.156874] systemd[1]: Mounted Huge Pages File System.
[    2.156956] systemd[1]: Mounted POSIX Message Queue File System.
[    2.157024] systemd[1]: Mounted Kernel Debug File System.
[    2.157087] systemd[1]: Mounted Kernel Trace File System.
[    2.176152] EXT4-fs (sda2): re-mounted. Opts: errors=remount-ro
[    2.199424] systemd[1]: Finished Create list of static device nodes for the current kernel.
[    2.200421] systemd[1]: modprobe@drm.service: Succeeded.
[    2.201993] systemd[1]: Finished Load Kernel Module drm.
[    2.208227] systemd[1]: Finished Remount Root and Kernel File Systems.
[    2.209228] systemd[1]: Finished Uncomplicated firewall.
[    2.224891] systemd[1]: Condition check resulted in Rebuild Hardware Database being skipped.
[    2.224930] systemd[1]: Condition check resulted in Platform Persistent Storage Archival being skipped.
[    2.225554] systemd[1]: Starting Load/Save Random Seed...
[    2.227297] lp: driver loaded but no devices found
[    2.233050] systemd[1]: Starting Create System Users...
[    2.242068] systemd[1]: Finished Load/Save Random Seed.
[    2.244665] ppdev: user-space parallel port driver
[    2.248016] systemd[1]: Finished Create System Users.
[    2.248995] systemd[1]: Starting Create Static Device Nodes in /dev...
[    2.271414] systemd[1]: Finished udev Coldplug all Devices.
[    2.300784] systemd[1]: Finished Create Static Device Nodes in /dev.
[    2.301556] systemd[1]: Starting udev Kernel Device Manager...
[    2.327665] [drm] DMA map mode: Caching DMA mappings.
[    2.327726] [drm] Capabilities:
[    2.327727] [drm]   Rect copy.
[    2.327727] [drm]   Cursor.
[    2.327728] [drm]   Cursor bypass.
[    2.327728] [drm]   Cursor bypass 2.
[    2.327728] [drm]   Alpha cursor.
[    2.327729] [drm]   Extended Fifo.
[    2.327729] [drm]   Pitchlock.
[    2.327729] [drm]   Irq mask.
[    2.327730] [drm]   GMR.
[    2.327730] [drm]   Traces.
[    2.327730] [drm]   GMR2.
[    2.327731] [drm]   Screen Object 2.
[    2.327731] [drm]   Command Buffers.
[    2.327731] [drm]   Command Buffers 2.
[    2.327732] [drm]   Guest Backed Resources.
[    2.327733] [drm] Max GMR ids is 8192
[    2.327733] [drm] Max number of GMR pages is 1048576
[    2.327734] [drm] Max dedicated hypervisor surface memory is 393216 kiB
[    2.327734] [drm] Maximum display memory size is 131072 kiB
[    2.327735] [drm] VRAM at 0xe0000000 size is 131072 kiB
[    2.327736] [drm] MMIO at 0xf0000000 size is 2048 kiB
[    2.328404] [TTM] Zone  kernel: Available graphics memory: 1011744 KiB
[    2.328405] [TTM] Initializing pool allocator
[    2.328411] [TTM] Initializing DMA pool allocator
[    2.328554] [drm] Supports vblank timestamp caching Rev 2 (21.10.2013).
[    2.328554] [drm] No driver support for vblank timestamp query.
[    2.328771] [drm] Screen Target Display device initialized
[    2.328984] [drm] width 720
[    2.328993] [drm] height 400
[    2.328996] [drm] bpp 32
[    2.329558] [drm] Fifo max 0x00200000 min 0x00001000 cap 0x00000355
[    2.330619] [drm] Using command buffers with DMA pool.
[    2.330623] [drm] DX: no.
[    2.330623] [drm] Atomic: yes.
[    2.330624] [drm] SM4_1: no.
[    2.330641] [drm:vmw_host_log [vmwgfx]] *ERROR* Failed to send host log message.
[    2.351443] [drm:vmw_host_log [vmwgfx]] *ERROR* Failed to send host log message.
[    2.356689] fbcon: svgadrmfb (fb0) is primary device
[    2.363177] Console: switching to colour frame buffer device 100x37
[    2.372627] [drm] Initialized vmwgfx 2.15.0 20180704 for 0000:00:02.0 on minor 0
[    2.373564] systemd[1]: Finished Load Kernel Modules.
[    2.374490] systemd[1]: Mounting FUSE Control File System...
[    2.376288] systemd[1]: Mounting Kernel Configuration File System...
[    2.391721] systemd[1]: Starting Apply Kernel Variables...
[    2.403779] systemd[1]: Finished Set the console keyboard layout.
[    2.423765] systemd[1]: Mounted FUSE Control File System.
[    2.423854] systemd[1]: Mounted Kernel Configuration File System.
[    2.423919] systemd[1]: Reached target Local File Systems (Pre).
[    2.423944] systemd[1]: Condition check resulted in VMware vmblock fuse mount being skipped.
[    2.427327] systemd[1]: Mounting Mount unit for bare, revision 5...
[    2.450863] systemd[1]: Mounting Mount unit for core18, revision 1705...
[    2.454456] systemd[1]: Mounting Mount unit for gnome-3-34-1804, revision 24...
[    2.460876] systemd[1]: Mounting Mount unit for gtk-common-themes, revision 1506...
[    2.474645] systemd[1]: Mounting Mount unit for gtk-common-themes, revision 1535...
[    2.480662] systemd[1]: Mounting Mount unit for snap-store, revision 433...
[    2.490862] systemd[1]: Mounting Mount unit for snapd, revision 7264...
[    2.493842] systemd[1]: Started udev Kernel Device Manager.
[    2.516574] systemd[1]: Finished Apply Kernel Variables.
[    2.516703] systemd[1]: Mounted Mount unit for bare, revision 5.
[    2.517406] systemd[1]: Starting Show Plymouth Boot Screen...
[    2.522043] systemd[1]: Received SIGRTMIN+20 from PID 277 (plymouthd).
[    2.544761] systemd[1]: Started Show Plymouth Boot Screen.
[    2.545015] systemd[1]: Condition check resulted in Dispatch Password Requests to Console Directory Watch being skipped.
[    2.545120] systemd[1]: Started Forward Password Requests to Plymouth Directory Watch.
[    2.545219] systemd[1]: Reached target Local Encrypted Volumes.
[    2.580356] systemd[1]: Mounted Mount unit for core18, revision 1705.
[    2.580616] systemd[1]: Mounted Mount unit for gnome-3-34-1804, revision 24.
[    2.580794] systemd[1]: Mounted Mount unit for gtk-common-themes, revision 1506.
[    2.625817] systemd[1]: Mounted Mount unit for gtk-common-themes, revision 1535.
[    2.658426] systemd[1]: Mounted Mount unit for snap-store, revision 433.
[    2.658650] systemd[1]: Mounted Mount unit for snapd, revision 7264.
[    2.658801] systemd[1]: Reached target Local File Systems.
[    2.659644] systemd[1]: Starting Load AppArmor profiles...
[    2.662567] systemd[1]: Starting Set console font and keymap...
[    2.673941] systemd[1]: Starting Tell Plymouth To Write Out Runtime Data...
[    2.674406] systemd[1]: Condition check resulted in Store a System Token in an EFI Variable being skipped.
[    2.674454] systemd[1]: Condition check resulted in Commit a transient machine-id on disk being skipped.
[    2.680091] systemd[1]: Finished Set console font and keymap.
[    2.688385] systemd[1]: Received SIGRTMIN+20 from PID 277 (plymouthd).
[    2.688977] systemd[1]: plymouth-read-write.service: Succeeded.
[    2.689203] systemd[1]: Finished Tell Plymouth To Write Out Runtime Data.
[    2.714192] audit: type=1400 audit(1768921155.572:2): apparmor="STATUS" operation="profile_load" profile="unconfined" name="nvidia_modprobe" pid=299 comm="apparmor_parser"
[    2.714194] audit: type=1400 audit(1768921155.572:3): apparmor="STATUS" operation="profile_load" profile="unconfined" name="nvidia_modprobe//kmod" pid=299 comm="apparmor_parser"
[    2.723884] audit: type=1400 audit(1768921155.584:4): apparmor="STATUS" operation="profile_load" profile="unconfined" name="/usr/sbin/tcpdump" pid=300 comm="apparmor_parser"
[    2.773089] audit: type=1400 audit(1768921155.624:5): apparmor="STATUS" operation="profile_load" profile="unconfined" name="/usr/bin/evince" pid=302 comm="apparmor_parser"
[    2.773091] audit: type=1400 audit(1768921155.624:6): apparmor="STATUS" operation="profile_load" profile="unconfined" name="/usr/bin/evince//sanitized_helper" pid=302 comm="apparmor_parser"
[    2.773093] audit: type=1400 audit(1768921155.624:7): apparmor="STATUS" operation="profile_load" profile="unconfined" name="/usr/bin/evince-previewer" pid=302 comm="apparmor_parser"
[    2.773096] audit: type=1400 audit(1768921155.624:8): apparmor="STATUS" operation="profile_load" profile="unconfined" name="/usr/bin/evince-previewer//sanitized_helper" pid=302 comm="apparmor_parser"
[    2.773098] audit: type=1400 audit(1768921155.624:9): apparmor="STATUS" operation="profile_load" profile="unconfined" name="/usr/bin/evince-thumbnailer" pid=302 comm="apparmor_parser"
[    2.785531] audit: type=1400 audit(1768921155.644:10): apparmor="STATUS" operation="profile_load" profile="unconfined" name="/usr/lib/cups/backend/cups-pdf" pid=303 comm="apparmor_parser"
[    2.871945] systemd[1]: Finished Load AppArmor profiles.
[    2.872848] systemd[1]: Starting Load AppArmor profiles managed internally by snapd...
[    2.936501] systemd[1]: Finished Load AppArmor profiles managed internally by snapd.
[    3.052184] systemd[1]: Started Journal Service.
[    3.058878] systemd-journald[228]: Received client request to flush runtime journal.
[    4.346623] RAPL PMU: API unit is 2^-32 Joules, 0 fixed counters, 10737418240 ms ovfl timer
[    4.440797] cryptd: max_cpu_qlen set to 1000
[    4.491580] AVX2 version of gcm_enc/dec engaged.
[    4.491581] AES CTR mode by8 optimization enabled
[    5.338439] Adding 1998844k swap on /dev/sda1.  Priority:-2 extents:1 across:1998844k FS
[    6.655908] kauditd_printk_skb: 30 callbacks suppressed
[    6.655909] audit: type=1400 audit(1768921159.512:41): apparmor="DENIED" operation="capable" profile="/usr/sbin/cups-browsed" pid=496 comm="cups-browsed" capability=23  capname="sys_nice"
[    7.525826] pcnet32 0000:00:03.0 enp0s3: link up, 100Mbps, full-duplex
[    7.563752] e1000: enp0s8 NIC Link is Up 1000 Mbps Full Duplex, Flow Control: RX
[    7.567125] IPv6: ADDRCONF(NETDEV_CHANGE): enp0s8: link becomes ready
[    7.573745] e1000: enp0s9 NIC Link is Up 1000 Mbps Full Duplex, Flow Control: RX
[    7.574035] IPv6: ADDRCONF(NETDEV_CHANGE): enp0s9: link becomes ready
[    8.103104] device enp0s3 entered promiscuous mode
[    8.130993] audit: type=1400 audit(1768921160.984:42): apparmor="DENIED" operation="open" profile="/usr/sbin/tcpdump" name="/proc/sys/kernel/random/boot_id" pid=669 comm="tcpdump" requested_mask="r" denied_mask="r" fsuid=0 ouid=0
[    8.132719] audit: type=1400 audit(1768921160.984:43): apparmor="DENIED" operation="open" profile="/usr/sbin/tcpdump" name="/proc/sys/kernel/random/boot_id" pid=669 comm="tcpdump" requested_mask="r" denied_mask="r" fsuid=0 ouid=0
[    8.132802] audit: type=1400 audit(1768921160.984:44): apparmor="DENIED" operation="open" profile="/usr/sbin/tcpdump" name="/proc/sys/kernel/random/boot_id" pid=669 comm="tcpdump" requested_mask="r" denied_mask="r" fsuid=0 ouid=0
[    8.134536] audit: type=1400 audit(1768921160.984:45): apparmor="DENIED" operation="open" profile="/usr/sbin/tcpdump" name="/proc/sys/kernel/random/boot_id" pid=669 comm="tcpdump" requested_mask="r" denied_mask="r" fsuid=0 ouid=0
[    8.139207] audit: type=1400 audit(1768921160.996:46): apparmor="DENIED" operation="open" profile="/usr/sbin/tcpdump" name="/proc/sys/kernel/random/boot_id" pid=670 comm="tcpdump" requested_mask="r" denied_mask="r" fsuid=0 ouid=0
[    8.139285] audit: type=1400 audit(1768921160.996:47): apparmor="DENIED" operation="open" profile="/usr/sbin/tcpdump" name="/proc/sys/kernel/random/boot_id" pid=670 comm="tcpdump" requested_mask="r" denied_mask="r" fsuid=0 ouid=0
[    8.139321] audit: type=1400 audit(1768921160.996:48): apparmor="DENIED" operation="open" profile="/usr/sbin/tcpdump" name="/proc/sys/kernel/random/boot_id" pid=670 comm="tcpdump" requested_mask="r" denied_mask="r" fsuid=0 ouid=0
[    8.139339] audit: type=1400 audit(1768921160.996:49): apparmor="DENIED" operation="open" profile="/usr/sbin/tcpdump" name="/proc/sys/kernel/random/boot_id" pid=670 comm="tcpdump" requested_mask="r" denied_mask="r" fsuid=0 ouid=0
[   12.763514] rfkill: input handler disabled
[  276.294700] rfkill: input handler enabled
[  285.011287] rfkill: input handler disabled
[  570.871905] device enp0s3 left promiscuous mode
