[    0.000000] Linux version 5.4.243-dmptcp (root@ztg) (gcc version 12.2.0 (Debian 12.2.0-14+deb12u1)) #119 SMP Wed Dec 24 23:52:51 CST 2025
[    0.000000] Command line: BOOT_IMAGE=/boot/vmlinuz-5.4.243-dmptcp root=UUID=98415a12-53b7-4144-8265-0f7ece09e445 ro quiet splash
[    0.000000] KERNEL supported cpus:
[    0.000000]   Intel GenuineIntel
[    0.000000]   AMD AuthenticAMD
[    0.000000]   Hygon HygonGenuine
[    0.000000]   Centaur CentaurHauls
[    0.000000]   zhaoxin   Shanghai  
[    0.000000] x86/fpu: Supporting XSAVE feature 0x001: 'x87 floating point registers'
[    0.000000] x86/fpu: Supporting XSAVE feature 0x002: 'SSE registers'
[    0.000000] x86/fpu: Supporting XSAVE feature 0x004: 'AVX registers'
[    0.000000] x86/fpu: xstate_offset[2]:  576, xstate_sizes[2]:  256
[    0.000000] x86/fpu: Enabled xstate features 0x7, context size is 832 bytes, using 'standard' format.
[    0.000000] BIOS-provided physical RAM map:
[    0.000000] BIOS-e820: [mem 0x0000000000000000-0x000000000009fbff] usable
[    0.000000] BIOS-e820: [mem 0x000000000009fc00-0x000000000009ffff] reserved
[    0.000000] BIOS-e820: [mem 0x00000000000f0000-0x00000000000fffff] reserved
[    0.000000] BIOS-e820: [mem 0x0000000000100000-0x000000007ffeffff] usable
[    0.000000] BIOS-e820: [mem 0x000000007fff0000-0x000000007fffffff] ACPI data
[    0.000000] BIOS-e820: [mem 0x00000000fec00000-0x00000000fec00fff] reserved
[    0.000000] BIOS-e820: [mem 0x00000000fee00000-0x00000000fee00fff] reserved
[    0.000000] BIOS-e820: [mem 0x00000000fffc0000-0x00000000ffffffff] reserved
[    0.000000] NX (Execute Disable) protection: active
[    0.000000] SMBIOS 2.5 present.
[    0.000000] DMI: innotek GmbH VirtualBox/VirtualBox, BIOS VirtualBox 12/01/2006
[    0.000000] Hypervisor detected: KVM
[    0.000000] kvm-clock: Using msrs 4b564d01 and 4b564d00
[    0.000000] kvm-clock: cpu 0, msr 48c01001, primary cpu clock
[    0.000000] kvm-clock: using sched offset of 4457231574 cycles
[    0.000003] clocksource: kvm-clock: mask: 0xffffffffffffffff max_cycles: 0x1cd42e4dffb, max_idle_ns: 881590591483 ns
[    0.000006] tsc: Detected 2100.000 MHz processor
[    0.001904] e820: update [mem 0x00000000-0x00000fff] usable ==> reserved
[    0.001906] e820: remove [mem 0x000a0000-0x000fffff] usable
[    0.001910] last_pfn = 0x7fff0 max_arch_pfn = 0x400000000
[    0.001978] MTRR default type: uncachable
[    0.001979] MTRR fixed ranges enabled:
[    0.001980]   00000-9FFFF write-back
[    0.001981]   A0000-BFFFF uncachable
[    0.001982]   C0000-FFFFF write-protect
[    0.001982] MTRR variable ranges enabled:
[    0.001984]   0 base 000000000000 mask 3FFF80000000 write-back
[    0.001985]   1 disabled
[    0.001985]   2 disabled
[    0.001986]   3 disabled
[    0.001986]   4 disabled
[    0.001986]   5 disabled
[    0.001987]   6 disabled
[    0.001987]   7 disabled
[    0.001988]   8 disabled
[    0.001988]   9 disabled
[    0.001989]   10 disabled
[    0.001989]   11 disabled
[    0.001989]   12 disabled
[    0.001990]   13 disabled
[    0.001990]   14 disabled
[    0.001991]   15 disabled
[    0.002007] x86/PAT: Configuration [0-7]: WB  WC  UC- UC  WB  WP  UC- WT  
[    0.002140] found SMP MP-table at [mem 0x0009fff0-0x0009ffff]
[    0.094508] check: Scanning 1 areas for low memory corruption
[    0.094651] RAMDISK: [mem 0x32271000-0x3512ffff]
[    0.094659] ACPI: Early table checksum verification disabled
[    0.094665] ACPI: RSDP 0x00000000000E0000 000024 (v02 VBOX  )
[    0.094670] ACPI: XSDT 0x000000007FFF0030 00003C (v01 VBOX   VBOXXSDT 00000001 ASL  00000061)
[    0.094676] ACPI: FACP 0x000000007FFF00F0 0000F4 (v04 VBOX   VBOXFACP 00000001 ASL  00000061)
[    0.094683] ACPI: DSDT 0x000000007FFF02E0 002353 (v02 VBOX   VBOXBIOS 00000002 VBOX 00029BF3)
[    0.094687] ACPI: FACS 0x000000007FFF0200 000040
[    0.094690] ACPI: FACS 0x000000007FFF0200 000040
[    0.094693] ACPI: APIC 0x000000007FFF0240 000054 (v02 VBOX   VBOXAPIC 00000001 ASL  00000061)
[    0.094697] ACPI: SSDT 0x000000007FFF02A0 000038 (v01 VBOX   VBOXCPUT 00000002 VBOX 00029BF3)
[    0.094700] ACPI: Reserving FACP table memory at [mem 0x7fff00f0-0x7fff01e3]
[    0.094701] ACPI: Reserving DSDT table memory at [mem 0x7fff02e0-0x7fff2632]
[    0.094702] ACPI: Reserving FACS table memory at [mem 0x7fff0200-0x7fff023f]
[    0.094702] ACPI: Reserving FACS table memory at [mem 0x7fff0200-0x7fff023f]
[    0.094703] ACPI: Reserving APIC table memory at [mem 0x7fff0240-0x7fff0293]
[    0.094704] ACPI: Reserving SSDT table memory at [mem 0x7fff02a0-0x7fff02d7]
[    0.094717] ACPI: Local APIC address 0xfee00000
[    0.094910] No NUMA configuration found
[    0.094911] Faking a node at [mem 0x0000000000000000-0x000000007ffeffff]
[    0.094921] NODE_DATA(0) allocated [mem 0x7ffc5000-0x7ffeffff]
[    0.095839] Zone ranges:
[    0.095840]   DMA      [mem 0x0000000000001000-0x0000000000ffffff]
[    0.095842]   DMA32    [mem 0x0000000001000000-0x000000007ffeffff]
[    0.095843]   Normal   empty
[    0.095843]   Device   empty
[    0.095844] Movable zone start for each node
[    0.095846] Early memory node ranges
[    0.095847]   node   0: [mem 0x0000000000001000-0x000000000009efff]
[    0.095848]   node   0: [mem 0x0000000000100000-0x000000007ffeffff]
[    0.096502] Zeroed struct page in unavailable ranges: 114 pages
[    0.096504] Initmem setup node 0 [mem 0x0000000000001000-0x000000007ffeffff]
[    0.096505] On node 0 totalpages: 524174
[    0.096506]   DMA zone: 64 pages used for memmap
[    0.096507]   DMA zone: 21 pages reserved
[    0.096508]   DMA zone: 3998 pages, LIFO batch:0
[    0.096594]   DMA32 zone: 8128 pages used for memmap
[    0.096595]   DMA32 zone: 520176 pages, LIFO batch:63
[    0.105742] ACPI: PM-Timer IO Port: 0x4008
[    0.105746] ACPI: Local APIC address 0xfee00000
[    0.105816] IOAPIC[0]: apic_id 1, version 32, address 0xfec00000, GSI 0-23
[    0.105820] ACPI: INT_SRC_OVR (bus 0 bus_irq 0 global_irq 2 dfl dfl)
[    0.105822] ACPI: INT_SRC_OVR (bus 0 bus_irq 9 global_irq 9 low level)
[    0.105824] ACPI: IRQ0 used by override.
[    0.105825] ACPI: IRQ9 used by override.
[    0.105827] Using ACPI (MADT) for SMP configuration information
[    0.105834] smpboot: Allowing 1 CPUs, 0 hotplug CPUs
[    0.105858] PM: Registered nosave memory: [mem 0x00000000-0x00000fff]
[    0.105859] PM: Registered nosave memory: [mem 0x0009f000-0x0009ffff]
[    0.105860] PM: Registered nosave memory: [mem 0x000a0000-0x000effff]
[    0.105860] PM: Registered nosave memory: [mem 0x000f0000-0x000fffff]
[    0.105862] [mem 0x80000000-0xfebfffff] available for PCI devices
[    0.105863] Booting paravirtualized kernel on KVM
[    0.105866] clocksource: refined-jiffies: mask: 0xffffffff max_cycles: 0xffffffff, max_idle_ns: 7645519600211568 ns
[    0.105871] setup_percpu: NR_CPUS:8192 nr_cpumask_bits:1 nr_cpu_ids:1 nr_node_ids:1
[    0.106869] percpu: Embedded 60 pages/cpu s208896 r8192 d28672 u2097152
[    0.106874] pcpu-alloc: s208896 r8192 d28672 u2097152 alloc=1*2097152
[    0.106875] pcpu-alloc: [0] 0 
[    0.106903] Built 1 zonelists, mobility grouping on.  Total pages: 515961
[    0.106904] Policy zone: DMA32
[    0.106905] Kernel command line: BOOT_IMAGE=/boot/vmlinuz-5.4.243-dmptcp root=UUID=98415a12-53b7-4144-8265-0f7ece09e445 ro quiet splash
[    0.107782] Dentry cache hash table entries: 262144 (order: 9, 2097152 bytes, linear)
[    0.107930] Inode-cache hash table entries: 131072 (order: 8, 1048576 bytes, linear)
[    0.107979] mem auto-init: stack:off, heap alloc:on, heap free:off
[    0.107982] Calgary: detecting Calgary via BIOS EBDA area
[    0.107983] Calgary: Unable to locate Rio Grande table in EBDA - bailing!
[    0.112120] Memory: 1967332K/2096696K available (14339K kernel code, 2399K rwdata, 4716K rodata, 2728K init, 17260K bss, 129364K reserved, 0K cma-reserved)
[    0.113052] SLUB: HWalign=64, Order=0-3, MinObjects=0, CPUs=1, Nodes=1
[    0.113069] ftrace: allocating 43203 entries in 169 pages
[    0.131267] rcu: Hierarchical RCU implementation.
[    0.131269] rcu: 	RCU restricting CPUs from NR_CPUS=8192 to nr_cpu_ids=1.
[    0.131270] 	Tasks RCU enabled.
[    0.131271] rcu: RCU calculated value of scheduler-enlistment delay is 25 jiffies.
[    0.131272] rcu: Adjusting geometry for rcu_fanout_leaf=16, nr_cpu_ids=1
[    0.134248] NR_IRQS: 524544, nr_irqs: 256, preallocated irqs: 16
[    0.134465] random: crng init done
[    0.143767] Console: colour VGA+ 80x25
[    0.143771] printk: console [tty0] enabled
[    0.143793] ACPI: Core revision 20190816
[    0.143897] APIC: Switch to symmetric I/O mode setup
[    0.144145] x2apic enabled
[    0.144384] Switched APIC routing to physical x2apic.
[    0.145538] ..TIMER: vector=0x30 apic1=0 pin1=2 apic2=-1 pin2=-1
[    0.145562] clocksource: tsc-early: mask: 0xffffffffffffffff max_cycles: 0x1e4530a99b6, max_idle_ns: 440795257976 ns
[    0.145568] Calibrating delay loop (skipped) preset value.. 4200.00 BogoMIPS (lpj=8400000)
[    0.145570] pid_max: default: 32768 minimum: 301
[    0.145600] LSM: Security Framework initializing
[    0.145610] Yama: becoming mindful.
[    0.145637] AppArmor: AppArmor initialized
[    0.145672] Mount-cache hash table entries: 4096 (order: 3, 32768 bytes, linear)
[    0.145677] Mountpoint-cache hash table entries: 4096 (order: 3, 32768 bytes, linear)
[    0.145687] *** VALIDATE tmpfs ***
[    0.145816] *** VALIDATE proc ***
[    0.145856] *** VALIDATE cgroup1 ***
[    0.145857] *** VALIDATE cgroup2 ***
[    0.145998] process: using mwait in idle threads
[    0.146004] Last level iTLB entries: 4KB 64, 2MB 8, 4MB 8
[    0.146004] Last level dTLB entries: 4KB 64, 2MB 0, 4MB 0, 1GB 4
[    0.146024] Spectre V1 : Mitigation: usercopy/swapgs barriers and __user pointer sanitization
[    0.146030] Spectre V2 : Mitigation: Retpolines
[    0.146030] Spectre V2 : Spectre v2 / SpectreRSB mitigation: Filling RSB on context switch
[    0.146031] Spectre V2 : Spectre v2 / SpectreRSB : Filling RSB on VMEXIT
[    0.146031] RETBleed: WARNING: Spectre v2 mitigation leaves CPU vulnerable to RETBleed attacks, data leaks possible!
[    0.146387] RETBleed: Vulnerable
[    0.146387] Speculative Store Bypass: Vulnerable
[    0.146393] TAA: Mitigation: TSX disabled
[    0.146393] MMIO Stale Data: Mitigation: Clear CPU buffers
[    0.150689] Freeing SMP alternatives memory: 40K
[    0.262955] smpboot: CPU0: Intel(R) Xeon(R) Silver 4216 CPU @ 2.10GHz (family: 0x6, model: 0x55, stepping: 0x7)
[    0.263106] Performance Events: unsupported p6 CPU model 85 no PMU driver, software events only.
[    0.263143] rcu: Hierarchical SRCU implementation.
[    0.263623] NMI watchdog: Perf NMI watchdog permanently disabled
[    0.263662] smp: Bringing up secondary CPUs ...
[    0.263663] smp: Brought up 1 node, 1 CPU
[    0.263664] smpboot: Max logical packages: 1
[    0.263665] smpboot: Total of 1 processors activated (4200.00 BogoMIPS)
[    0.264652] devtmpfs: initialized
[    0.264701] x86/mm: Memory block size: 128MB
[    0.265060] clocksource: jiffies: mask: 0xffffffff max_cycles: 0xffffffff, max_idle_ns: 7645041785100000 ns
[    0.265066] futex hash table entries: 256 (order: 2, 16384 bytes, linear)
[    0.265111] pinctrl core: initialized pinctrl subsystem
[    0.265218] PM: RTC time: 09:22:21, date: 2026-01-10
[    0.265327] NET: Registered protocol family 16
[    0.265406] audit: initializing netlink subsys (disabled)
[    0.265536] EISA bus registered
[    0.265538] cpuidle: using governor ladder
[    0.265538] cpuidle: using governor menu
[    0.265565] ACPI: bus type PCI registered
[    0.265565] acpiphp: ACPI Hot Plug PCI Controller Driver version: 0.5
[    0.265565] PCI: Using configuration type 1 for base access
[    0.266087] audit: type=2000 audit(1768008148.040:1): state=initialized audit_enabled=0 res=1
[    0.266171] HugeTLB registered 2.00 MiB page size, pre-allocated 0 pages
[    0.267029] ACPI: Added _OSI(Module Device)
[    0.267029] ACPI: Added _OSI(Processor Device)
[    0.267030] ACPI: Added _OSI(3.0 _SCP Extensions)
[    0.267031] ACPI: Added _OSI(Processor Aggregator Device)
[    0.267032] ACPI: Added _OSI(Linux-Dell-Video)
[    0.267032] ACPI: Added _OSI(Linux-Lenovo-NV-HDMI-Audio)
[    0.267033] ACPI: Added _OSI(Linux-HPI-Hybrid-Graphics)
[    0.269100] ACPI: 2 ACPI AML tables successfully acquired and loaded
[    0.270674] ACPI: Interpreter enabled
[    0.270686] ACPI: (supports S0 S5)
[    0.270688] ACPI: Using IOAPIC for interrupt routing
[    0.270909] PCI: Using host bridge windows from ACPI; if necessary, use "pci=nocrs" and report a bug
[    0.271016] ACPI: Enabled 2 GPEs in block 00 to 07
[    0.276118] ACPI: PCI Root Bridge [PCI0] (domain 0000 [bus 00-ff])
[    0.276123] acpi PNP0A03:00: _OSC: OS supports [ASPM ClockPM Segments MSI HPX-Type3]
[    0.276579] acpi PNP0A03:00: _OSC: not requesting OS control; OS requires [ExtendedConfig ASPM ClockPM MSI]
[    0.276587] acpi PNP0A03:00: fail to add MMCONFIG information, can't access extended PCI configuration space under this bridge.
[    0.276962] PCI host bridge to bus 0000:00
[    0.276964] pci_bus 0000:00: root bus resource [io  0x0000-0x0cf7 window]
[    0.276965] pci_bus 0000:00: root bus resource [io  0x0d00-0xffff window]
[    0.276967] pci_bus 0000:00: root bus resource [mem 0x000a0000-0x000bffff window]
[    0.276968] pci_bus 0000:00: root bus resource [mem 0x80000000-0xfdffffff window]
[    0.276969] pci_bus 0000:00: root bus resource [bus 00-ff]
[    0.277014] pci 0000:00:00.0: [8086:1237] type 00 class 0x060000
[    0.278034] pci 0000:00:01.0: [8086:7000] type 00 class 0x060100
[    0.278807] pci 0000:00:01.1: [8086:7111] type 00 class 0x01018a
[    0.279182] pci 0000:00:01.1: reg 0x20: [io  0xd000-0xd00f]
[    0.279338] pci 0000:00:01.1: legacy IDE quirk: reg 0x10: [io  0x01f0-0x01f7]
[    0.279339] pci 0000:00:01.1: legacy IDE quirk: reg 0x14: [io  0x03f6]
[    0.279340] pci 0000:00:01.1: legacy IDE quirk: reg 0x18: [io  0x0170-0x0177]
[    0.279340] pci 0000:00:01.1: legacy IDE quirk: reg 0x1c: [io  0x0376]
[    0.279883] pci 0000:00:02.0: [15ad:0405] type 00 class 0x030000
[    0.281644] pci 0000:00:02.0: reg 0x10: [io  0xd010-0xd01f]
[    0.285623] pci 0000:00:02.0: reg 0x14: [mem 0xe0000000-0xe7ffffff pref]
[    0.288551] pci 0000:00:02.0: reg 0x18: [mem 0xf0000000-0xf01fffff]
[    0.302335] pci 0000:00:03.0: [1022:2000] type 00 class 0x020000
[    0.303387] pci 0000:00:03.0: reg 0x10: [io  0xd020-0xd03f]
[    0.304389] pci 0000:00:03.0: reg 0x14: [mem 0xf0200000-0xf0200fff]
[    0.308142] pci 0000:00:04.0: [80ee:cafe] type 00 class 0x088000
[    0.308885] pci 0000:00:04.0: reg 0x10: [io  0xd040-0xd05f]
[    0.309631] pci 0000:00:04.0: reg 0x14: [mem 0xf0400000-0xf07fffff]
[    0.310255] pci 0000:00:04.0: reg 0x18: [mem 0xf0800000-0xf0803fff pref]
[    0.313612] pci 0000:00:07.0: [8086:7113] type 00 class 0x068000
[    0.314171] pci 0000:00:07.0: quirk: [io  0x4000-0x403f] claimed by PIIX4 ACPI
[    0.314180] pci 0000:00:07.0: quirk: [io  0x4100-0x410f] claimed by PIIX4 SMB
[    0.314798] pci 0000:00:08.0: [8086:100e] type 00 class 0x020000
[    0.315531] pci 0000:00:08.0: reg 0x10: [mem 0xf0820000-0xf083ffff]
[    0.316787] pci 0000:00:08.0: reg 0x18: [io  0xd060-0xd067]
[    0.319776] pci 0000:00:09.0: [8086:100e] type 00 class 0x020000
[    0.320513] pci 0000:00:09.0: reg 0x10: [mem 0xf0840000-0xf085ffff]
[    0.322400] pci 0000:00:09.0: reg 0x18: [io  0xd068-0xd06f]
[    0.334298] ACPI: PCI Interrupt Link [LNKA] (IRQs 5 9 10 *11)
[    0.334580] ACPI: PCI Interrupt Link [LNKB] (IRQs 5 9 *10 11)
[    0.334682] ACPI: PCI Interrupt Link [LNKC] (IRQs 5 *9 10 11)
[    0.334786] ACPI: PCI Interrupt Link [LNKD] (IRQs 5 9 10 *11)
[    0.335084] iommu: Default domain type: Translated 
[    0.335143] pci 0000:00:02.0: vgaarb: setting as boot VGA device
[    0.335144] pci 0000:00:02.0: vgaarb: VGA device added: decodes=io+mem,owns=io+mem,locks=none
[    0.335147] pci 0000:00:02.0: vgaarb: bridge control possible
[    0.335148] vgaarb: loaded
[    0.335367] SCSI subsystem initialized
[    0.335399] libata version 3.00 loaded.
[    0.335423] ACPI: bus type USB registered
[    0.335437] usbcore: registered new interface driver usbfs
[    0.335446] usbcore: registered new interface driver hub
[    0.335452] usbcore: registered new device driver usb
[    0.335480] pps_core: LinuxPPS API ver. 1 registered
[    0.335481] pps_core: Software ver. 5.3.6 - Copyright 2005-2007 Rodolfo Giometti <giometti@linux.it>
[    0.335484] PTP clock support registered
[    0.335517] EDAC MC: Ver: 3.0.0
[    0.335806] PCI: Using ACPI for IRQ routing
[    0.335808] PCI: pci_cache_line_size set to 64 bytes
[    0.335982] e820: reserve RAM buffer [mem 0x0009fc00-0x0009ffff]
[    0.335986] e820: reserve RAM buffer [mem 0x7fff0000-0x7fffffff]
[    0.336954] NetLabel: Initializing
[    0.336955] NetLabel:  domain hash size = 128
[    0.336956] NetLabel:  protocols = UNLABELED CIPSOv4 CALIPSO
[    0.336986] NetLabel:  unlabeled traffic allowed by default
[    0.338150] clocksource: Switched to clocksource kvm-clock
[    0.352822] *** VALIDATE bpf ***
[    0.352887] VFS: Disk quotas dquot_6.6.0
[    0.352899] VFS: Dquot-cache hash table entries: 512 (order 0, 4096 bytes)
[    0.352922] *** VALIDATE ramfs ***
[    0.352925] *** VALIDATE hugetlbfs ***
[    0.353007] AppArmor: AppArmor Filesystem Enabled
[    0.353037] pnp: PnP ACPI init
[    0.353110] pnp 00:00: Plug and Play ACPI device, IDs PNP0303 (active)
[    0.353194] pnp 00:01: Plug and Play ACPI device, IDs PNP0f03 (active)
[    0.353955] pnp: PnP ACPI: found 2 devices
[    0.354961] thermal_sys: Registered thermal governor 'fair_share'
[    0.354962] thermal_sys: Registered thermal governor 'bang_bang'
[    0.354963] thermal_sys: Registered thermal governor 'step_wise'
[    0.354963] thermal_sys: Registered thermal governor 'user_space'
[    0.354964] thermal_sys: Registered thermal governor 'power_allocator'
[    0.359559] clocksource: acpi_pm: mask: 0xffffff max_cycles: 0xffffff, max_idle_ns: 2085701024 ns
[    0.359600] pci_bus 0000:00: resource 4 [io  0x0000-0x0cf7 window]
[    0.359602] pci_bus 0000:00: resource 5 [io  0x0d00-0xffff window]
[    0.359603] pci_bus 0000:00: resource 6 [mem 0x000a0000-0x000bffff window]
[    0.359604] pci_bus 0000:00: resource 7 [mem 0x80000000-0xfdffffff window]
[    0.359667] NET: Registered protocol family 2
[    0.359742] IP idents hash table entries: 32768 (order: 6, 262144 bytes, linear)
[    0.360152] MPTCP tokens hash table entries: 8192 (order: 4, 65536 bytes, linear)
[    0.360176] MPTCP request tokens hash table entries: 8192 (order: 4, 65536 bytes, linear)
[    0.360200] default registered
[    0.360201] default registered
[    0.360201] MPTCP: Stable release v0.96
[    0.360206] tcp_listen_portaddr_hash hash table entries: 1024 (order: 2, 16384 bytes, linear)
[    0.360287] TCP established hash table entries: 16384 (order: 5, 131072 bytes, linear)
[    0.360352] TCP bind hash table entries: 16384 (order: 6, 262144 bytes, linear)
[    0.360378] TCP: Hash tables configured (established 16384 bind 16384)
[    0.361113] UDP hash table entries: 1024 (order: 3, 32768 bytes, linear)
[    0.361125] UDP-Lite hash table entries: 1024 (order: 3, 32768 bytes, linear)
[    0.361164] NET: Registered protocol family 1
[    0.361174] NET: Registered protocol family 44
[    0.361198] pci 0000:00:00.0: Limiting direct PCI/PCI transfers
[    0.361211] pci 0000:00:01.0: Activating ISA DMA hang workarounds
[    0.361264] pci 0000:00:02.0: Video device with shadowed ROM at [mem 0x000c0000-0x000dffff]
[    0.361328] PCI: CLS 0 bytes, default 64
[    0.361376] Trying to unpack rootfs image as initramfs...
[    0.547345] Freeing initrd memory: 47868K
[    0.547345] clocksource: tsc: mask: 0xffffffffffffffff max_cycles: 0x1e4530a99b6, max_idle_ns: 440795257976 ns
[    0.547345] clocksource: Switched to clocksource tsc
[    0.547345] platform rtc_cmos: registered platform RTC device (no PNP device found)
[    0.547345] check: Scanning for low memory corruption every 60 seconds
[    0.547345] Initialise system trusted keyrings
[    0.547345] Key type blacklist registered
[    0.547345] workingset: timestamp_bits=36 max_order=19 bucket_order=0
[    0.547345] zbud: loaded
[    0.547345] squashfs: version 4.0 (2009/01/31) Phillip Lougher
[    0.547345] fuse: init (API version 7.31)
[    0.547345] *** VALIDATE fuse ***
[    0.547345] *** VALIDATE fuse ***
[    0.547345] Platform Keyring initialized
[    0.559772] Key type asymmetric registered
[    0.559773] Asymmetric key parser 'x509' registered
[    0.559784] Block layer SCSI generic (bsg) driver version 0.4 loaded (major 244)
[    0.559821] io scheduler mq-deadline registered
[    0.559943] shpchp: Standard Hot Plug PCI Controller Driver version: 0.4
[    0.560149] ACPI: AC Adapter [AC] (on-line)
[    0.560194] input: Power Button as /devices/LNXSYSTM:00/LNXPWRBN:00/input/input0
[    0.560221] ACPI: Power Button [PWRF]
[    0.560300] input: Sleep Button as /devices/LNXSYSTM:00/LNXSLPBN:00/input/input1
[    0.560313] ACPI: Sleep Button [SLPF]
[    0.560545] Serial: 8250/16550 driver, 32 ports, IRQ sharing enabled
[    0.561682] Linux agpgart interface v0.103
[    0.651153] loop: module loaded
[    0.651314] ata_piix 0000:00:01.1: version 2.13
[    0.651722] scsi host0: ata_piix
[    0.651813] scsi host1: ata_piix
[    0.651839] ata1: PATA max UDMA/33 cmd 0x1f0 ctl 0x3f6 bmdma 0xd000 irq 14
[    0.651840] ata2: PATA max UDMA/33 cmd 0x170 ctl 0x376 bmdma 0xd008 irq 15
[    0.651924] tun: Universal TUN/TAP device driver, 1.6
[    0.652231] PPP generic driver version 2.4.2
[    0.652277] VFIO - User Level meta-driver version: 0.3
[    0.652537] ehci_hcd: USB 2.0 'Enhanced' Host Controller (EHCI) Driver
[    0.652540] ehci-pci: EHCI PCI platform driver
[    0.652554] ehci-platform: EHCI generic platform driver
[    0.652560] ohci_hcd: USB 1.1 'Open' Host Controller (OHCI) Driver
[    0.652562] ohci-pci: OHCI PCI platform driver
[    0.652568] ohci-platform: OHCI generic platform driver
[    0.652572] uhci_hcd: USB Universal Host Controller Interface driver
[    0.652639] i8042: PNP: PS/2 Controller [PNP0303:PS2K,PNP0f03:PS2M] at 0x60,0x64 irq 1,12
[    0.653075] serio: i8042 KBD port at 0x60,0x64 irq 1
[    0.653079] serio: i8042 AUX port at 0x60,0x64 irq 12
[    0.653166] mousedev: PS/2 mouse device common for all mice
[    0.653425] input: AT Translated Set 2 keyboard as /devices/platform/i8042/serio0/input/input2
[    0.653829] rtc_cmos rtc_cmos: registered as rtc0
[    0.653841] rtc_cmos rtc_cmos: alarms up to one day, 114 bytes nvram
[    0.653846] i2c /dev entries driver
[    0.653891] device-mapper: uevent: version 1.0.3
[    0.653933] device-mapper: ioctl: 4.41.0-ioctl (2019-09-16) initialised: dm-devel@redhat.com
[    0.653954] platform eisa.0: Probing EISA bus 0
[    0.653955] platform eisa.0: EISA: Cannot allocate resource for mainboard
[    0.653956] platform eisa.0: Cannot allocate resource for EISA slot 1
[    0.653957] platform eisa.0: Cannot allocate resource for EISA slot 2
[    0.653958] platform eisa.0: Cannot allocate resource for EISA slot 3
[    0.653959] platform eisa.0: Cannot allocate resource for EISA slot 4
[    0.653960] platform eisa.0: Cannot allocate resource for EISA slot 5
[    0.653961] platform eisa.0: Cannot allocate resource for EISA slot 6
[    0.653962] platform eisa.0: Cannot allocate resource for EISA slot 7
[    0.653963] platform eisa.0: Cannot allocate resource for EISA slot 8
[    0.653964] platform eisa.0: EISA: Detected 0 cards
[    0.653968] intel_pstate: CPU model not supported
[    0.653978] ledtrig-cpu: registered to indicate activity on CPUs
[    0.654032] drop_monitor: Initializing network drop monitor service
[    0.654190] NET: Registered protocol family 10
[    0.659257] Segment Routing with IPv6
[    0.659257] fullmesh registered
[    0.659257] ndiffports registered
[    0.659257] binder registered
[    0.659257] roundrobin registered
[    0.659257] mps registered
[    0.659257] redundant registered
[    0.659257] blest registered
[    0.659257] ecf registered
[    0.659257] NET: Registered protocol family 17
[    0.659257] Key type dns_resolver registered
[    0.659257] RAS: Correctable Errors collector initialized.
[    0.659257] IPI shorthand broadcast: enabled
[    0.659257] sched_clock: Marking stable (644148128, 11109723)->(655229964, 27887)
[    0.659505] registered taskstats version 1
[    0.659516] Loading compiled-in X.509 certificates
[    0.660100] Loaded X.509 cert 'Build time autogenerated kernel key: 6909f3744cebb3d0de528d5887b96a727de79b1e'
[    0.660118] zswap: loaded using pool lzo/zbud
[    0.660172] Key type ._fscrypt registered
[    0.660172] Key type .fscrypt registered
[    0.666704] Key type big_key registered
[    0.669451] Key type encrypted registered
[    0.669454] AppArmor: AppArmor sha1 policy hashing enabled
[    0.669462] ima: No TPM chip found, activating TPM-bypass!
[    0.669466] ima: Allocated hash algorithm: sha1
[    0.669473] ima: No architecture policies found
[    0.669483] evm: Initialising EVM extended attributes:
[    0.669484] evm: security.selinux
[    0.669484] evm: security.SMACK64
[    0.669485] evm: security.SMACK64EXEC
[    0.669485] evm: security.SMACK64TRANSMUTE
[    0.669486] evm: security.SMACK64MMAP
[    0.669486] evm: security.apparmor
[    0.669487] evm: security.ima
[    0.669487] evm: security.capability
[    0.669488] evm: HMAC attrs: 0x1
[    0.669795] PM:   Magic number: 10:495:373
[    0.669823] vc vcsa1: hash matches
[    0.669935] rtc_cmos rtc_cmos: setting system clock to 2026-01-10T09:22:22 UTC (1768036942)
[    0.824467] ata1.00: ATA-6: VBOX HARDDISK, 1.0, max UDMA/133
[    0.824470] ata1.00: 209715200 sectors, multi 128: LBA 
[    0.825291] scsi 0:0:0:0: Direct-Access     ATA      VBOX HARDDISK    1.0  PQ: 0 ANSI: 5
[    0.825693] sd 0:0:0:0: [sda] 209715200 512-byte logical blocks: (107 GB/100 GiB)
[    0.825716] sd 0:0:0:0: [sda] Write Protect is off
[    0.825720] sd 0:0:0:0: [sda] Mode Sense: 00 3a 00 00
[    0.825759] sd 0:0:0:0: [sda] Write cache: enabled, read cache: enabled, doesn't support DPO or FUA
[    0.826012] sd 0:0:0:0: Attached scsi generic sg0 type 0
[    0.827147]  sda: sda1 sda2
[    0.839372] sd 0:0:0:0: [sda] Attached SCSI disk
[    0.843534] Freeing unused decrypted memory: 2040K
[    0.844794] Freeing unused kernel image memory: 2728K
[    0.844799] Write protecting the kernel read-only data: 22528k
[    0.846011] Freeing unused kernel image memory: 2036K
[    0.846771] Freeing unused kernel image memory: 1428K
[    0.876315] x86/mm: Checked W+X mappings: passed, no W+X pages found.
[    0.876323] Run /init as init process
[    0.982289] ACPI: Video Device [GFX0] (multi-head: yes  rom: no  post: no)
[    0.982361] input: Video Bus as /devices/LNXSYSTM:00/LNXSYBUS:00/PNP0A03:00/LNXVIDEO:00/input/input4
[    0.996338] pcnet32: pcnet32.c:v1.35 21.Apr.2008 tsbogend@alpha.franken.de
[    0.997253] pcnet32: PCnet/FAST III 79C973 at 0xd020, 08:00:27:c4:ab:5b assigned IRQ 19
[    0.997297] pcnet32: Found PHY 0022:561b at address 0
[    0.997600] pcnet32: eth0: registered as PCnet/FAST III 79C973
[    0.999172] piix4_smbus 0000:00:07.0: SMBus Host Controller at 0x4100, revision 0
[    0.999742] pcnet32: 1 cards_found
[    1.002522] e1000: Intel(R) PRO/1000 Network Driver - version 7.3.21-k8-NAPI
[    1.002522] e1000: Copyright (c) 1999-2006 Intel Corporation.
[    1.066145] pcnet32 0000:00:03.0 enp0s3: renamed from eth0
[    1.212827] input: ImExPS/2 Generic Explorer Mouse as /devices/platform/i8042/serio1/input/input5
[    1.411870] e1000 0000:00:08.0 eth0: (PCI:33MHz:32-bit) 08:00:27:52:a8:99
[    1.411875] e1000 0000:00:08.0 eth0: Intel(R) PRO/1000 Network Connection
[    1.787531] e1000 0000:00:09.0 eth1: (PCI:33MHz:32-bit) 08:00:27:4a:c2:c4
[    1.787534] e1000 0000:00:09.0 eth1: Intel(R) PRO/1000 Network Connection
[    1.788723] e1000 0000:00:09.0 enp0s9: renamed from eth1
[    1.790562] e1000 0000:00:08.0 enp0s8: renamed from eth0
[    1.941776] EXT4-fs (sda2): mounted filesystem with ordered data mode. Opts: (null)
[    2.032184] systemd[1]: Inserted module 'autofs4'
[    2.044583] systemd[1]: systemd 245.4-4ubuntu3 running in system mode. (+PAM +AUDIT +SELINUX +IMA +APPARMOR +SMACK +SYSVINIT +UTMP +LIBCRYPTSETUP +GCRYPT +GNUTLS +ACL +XZ +LZ4 +SECCOMP +BLKID +ELFUTILS +KMOD +IDN2 -IDN +PCRE2 default-hierarchy=hybrid)
[    2.044611] systemd[1]: Detected virtualization oracle.
[    2.044615] systemd[1]: Detected architecture x86-64.
[    2.045890] systemd[1]: Set hostname to <ztg>.
[    2.172788] systemd[1]: /lib/systemd/system/dbus.socket:5: ListenStream= references a path below legacy directory /var/run/, updating /var/run/dbus/system_bus_socket â†’ /run/dbus/system_bus_socket; please update the unit file accordingly.
[    2.227083] systemd[1]: Created slice system-modprobe.slice.
[    2.227334] systemd[1]: Created slice User and Session Slice.
[    2.227385] systemd[1]: Started Forward Password Requests to Wall Directory Watch.
[    2.227549] systemd[1]: Set up automount Arbitrary Executable File Formats File System Automount Point.
[    2.227582] systemd[1]: Reached target User and Group Name Lookups.
[    2.227590] systemd[1]: Reached target Remote File Systems.
[    2.227598] systemd[1]: Reached target Slices.
[    2.228149] systemd[1]: Listening on Syslog Socket.
[    2.228214] systemd[1]: Listening on fsck to fsckd communication Socket.
[    2.228252] systemd[1]: Listening on initctl Compatibility Named Pipe.
[    2.228391] systemd[1]: Listening on Journal Audit Socket.
[    2.228441] systemd[1]: Listening on Journal Socket (/dev/log).
[    2.228512] systemd[1]: Listening on Journal Socket.
[    2.228575] systemd[1]: Listening on udev Control Socket.
[    2.228615] systemd[1]: Listening on udev Kernel Socket.
[    2.229365] systemd[1]: Mounting Huge Pages File System...
[    2.230293] systemd[1]: Mounting POSIX Message Queue File System...
[    2.231155] systemd[1]: Mounting Kernel Debug File System...
[    2.232037] systemd[1]: Mounting Kernel Trace File System...
[    2.233959] systemd[1]: Starting Journal Service...
[    2.257901] systemd[1]: Starting Set the console keyboard layout...
[    2.265850] systemd[1]: Starting Create list of static device nodes for the current kernel...
[    2.267886] systemd[1]: Starting Load Kernel Module drm...
[    2.268982] systemd[1]: Condition check resulted in Set Up Additional Binary Formats being skipped.
[    2.269028] systemd[1]: Condition check resulted in File System Check on Root Device being skipped.
[    2.282610] systemd[1]: Starting Load Kernel Modules...
[    2.287960] systemd[1]: Starting Remount Root and Kernel File Systems...
[    2.300157] systemd[1]: Starting udev Coldplug all Devices...
[    2.309592] systemd[1]: Starting Uncomplicated firewall...
[    2.311306] systemd[1]: Mounted Huge Pages File System.
[    2.311403] systemd[1]: Mounted POSIX Message Queue File System.
[    2.311486] systemd[1]: Mounted Kernel Debug File System.
[    2.311556] systemd[1]: Mounted Kernel Trace File System.
[    2.329418] EXT4-fs (sda2): re-mounted. Opts: errors=remount-ro
[    2.356543] systemd[1]: Finished Create list of static device nodes for the current kernel.
[    2.357672] systemd[1]: modprobe@drm.service: Succeeded.
[    2.358417] systemd[1]: Finished Load Kernel Module drm.
[    2.359033] systemd[1]: Finished Remount Root and Kernel File Systems.
[    2.359929] systemd[1]: Finished Uncomplicated firewall.
[    2.376665] lp: driver loaded but no devices found
[    2.378105] systemd[1]: Condition check resulted in Rebuild Hardware Database being skipped.
[    2.378148] systemd[1]: Condition check resulted in Platform Persistent Storage Archival being skipped.
[    2.378967] systemd[1]: Starting Load/Save Random Seed...
[    2.385386] systemd[1]: Starting Create System Users...
[    2.391155] ppdev: user-space parallel port driver
[    2.400286] systemd[1]: Finished Load/Save Random Seed.
[    2.404015] systemd[1]: Finished Create System Users.
[    2.404723] systemd[1]: Starting Create Static Device Nodes in /dev...
[    2.430136] systemd[1]: Finished udev Coldplug all Devices.
[    2.490187] systemd[1]: Finished Create Static Device Nodes in /dev.
[    2.491086] systemd[1]: Starting udev Kernel Device Manager...
[    2.500799] [drm] DMA map mode: Caching DMA mappings.
[    2.500862] [drm] Capabilities:
[    2.500862] [drm]   Rect copy.
[    2.500863] [drm]   Cursor.
[    2.500863] [drm]   Cursor bypass.
[    2.500863] [drm]   Cursor bypass 2.
[    2.500864] [drm]   Alpha cursor.
[    2.500864] [drm]   Extended Fifo.
[    2.500864] [drm]   Pitchlock.
[    2.500865] [drm]   Irq mask.
[    2.500865] [drm]   GMR.
[    2.500865] [drm]   Traces.
[    2.500866] [drm]   GMR2.
[    2.500866] [drm]   Screen Object 2.
[    2.500866] [drm]   Command Buffers.
[    2.500867] [drm]   Command Buffers 2.
[    2.500867] [drm]   Guest Backed Resources.
[    2.500868] [drm] Max GMR ids is 8192
[    2.500869] [drm] Max number of GMR pages is 1048576
[    2.500869] [drm] Max dedicated hypervisor surface memory is 393216 kiB
[    2.500870] [drm] Maximum display memory size is 131072 kiB
[    2.500870] [drm] VRAM at 0xe0000000 size is 131072 kiB
[    2.500871] [drm] MMIO at 0xf0000000 size is 2048 kiB
[    2.502833] [TTM] Zone  kernel: Available graphics memory: 1011736 KiB
[    2.502834] [TTM] Initializing pool allocator
[    2.502837] [TTM] Initializing DMA pool allocator
[    2.502868] [drm] Supports vblank timestamp caching Rev 2 (21.10.2013).
[    2.502869] [drm] No driver support for vblank timestamp query.
[    2.503127] [drm] Screen Target Display device initialized
[    2.503366] [drm] width 720
[    2.503375] [drm] height 400
[    2.503378] [drm] bpp 32
[    2.503920] [drm] Fifo max 0x00200000 min 0x00001000 cap 0x00000355
[    2.505004] [drm] Using command buffers with DMA pool.
[    2.505008] [drm] DX: no.
[    2.505009] [drm] Atomic: yes.
[    2.505009] [drm] SM4_1: no.
[    2.505029] [drm:vmw_host_log [vmwgfx]] *ERROR* Failed to send host log message.
[    2.505933] [drm:vmw_host_log [vmwgfx]] *ERROR* Failed to send host log message.
[    2.511525] fbcon: svgadrmfb (fb0) is primary device
[    2.517768] Console: switching to colour frame buffer device 100x37
[    2.523828] systemd[1]: Finished Set the console keyboard layout.
[    2.523937] systemd[1]: Reached target Local File Systems (Pre).
[    2.524285] [drm] Initialized vmwgfx 2.15.0 20180704 for 0000:00:02.0 on minor 0
[    2.526037] systemd[1]: Mounting Mount unit for bare, revision 5...
[    2.528049] systemd[1]: Mounting Mount unit for core18, revision 1705...
[    2.533432] systemd[1]: Mounting Mount unit for core22, revision 2193...
[    2.565543] systemd[1]: Mounting Mount unit for gnome-3-34-1804, revision 24...
[    2.575845] systemd[1]: Mounting Mount unit for gnome-42-2204, revision 226...
[    2.581788] systemd[1]: Mounting Mount unit for gtk-common-themes, revision 1506...
[    2.591338] systemd[1]: Mounting Mount unit for gtk-common-themes, revision 1535...
[    2.594424] systemd[1]: Mounting Mount unit for snap-store, revision 1216...
[    2.597502] systemd[1]: Mounting Mount unit for snap-store, revision 433...
[    2.618061] systemd[1]: Mounting Mount unit for snapd, revision 25577...
[    2.637027] systemd[1]: Finished Load Kernel Modules.
[    2.637178] systemd[1]: Mounted Mount unit for bare, revision 5.
[    2.637263] systemd[1]: Mounted Mount unit for core18, revision 1705.
[    2.637341] systemd[1]: Mounted Mount unit for core22, revision 2193.
[    2.637415] systemd[1]: Mounted Mount unit for gnome-3-34-1804, revision 24.
[    2.638728] systemd[1]: Mounting FUSE Control File System...
[    2.641347] systemd[1]: Mounting Kernel Configuration File System...
[    2.664828] systemd[1]: Starting Apply Kernel Variables...
[    2.666870] systemd[1]: Mounted Mount unit for gnome-42-2204, revision 226.
[    2.678886] systemd[1]: Started udev Kernel Device Manager.
[    2.678993] systemd[1]: Mounted FUSE Control File System.
[    2.679070] systemd[1]: Mounted Kernel Configuration File System.
[    2.679125] systemd[1]: Condition check resulted in VMware vmblock fuse mount being skipped.
[    2.705950] systemd[1]: Starting Show Plymouth Boot Screen...
[    2.707916] systemd[1]: Mounted Mount unit for gtk-common-themes, revision 1506.
[    2.712788] systemd[1]: Finished Apply Kernel Variables.
[    2.715456] systemd[1]: Received SIGRTMIN+20 from PID 287 (plymouthd).
[    2.734784] systemd[1]: Started Show Plymouth Boot Screen.
[    2.734934] systemd[1]: Condition check resulted in Dispatch Password Requests to Console Directory Watch being skipped.
[    2.735017] systemd[1]: Started Forward Password Requests to Plymouth Directory Watch.
[    2.735048] systemd[1]: Reached target Local Encrypted Volumes.
[    2.753209] systemd[1]: Mounted Mount unit for snap-store, revision 1216.
[    2.802821] systemd[1]: Mounted Mount unit for gtk-common-themes, revision 1535.
[    2.836033] systemd[1]: Mounted Mount unit for snap-store, revision 433.
[    2.836286] systemd[1]: Mounted Mount unit for snapd, revision 25577.
[    2.836438] systemd[1]: Reached target Local File Systems.
[    2.838736] systemd[1]: Starting Load AppArmor profiles...
[    2.857108] systemd[1]: Starting Set console font and keymap...
[    2.863558] systemd[1]: Starting Tell Plymouth To Write Out Runtime Data...
[    2.867942] systemd[1]: Condition check resulted in Store a System Token in an EFI Variable being skipped.
[    2.867972] systemd[1]: Condition check resulted in Commit a transient machine-id on disk being skipped.
[    2.868840] systemd[1]: Finished Set console font and keymap.
[    2.877646] systemd[1]: Received SIGRTMIN+20 from PID 287 (plymouthd).
[    2.879017] systemd[1]: plymouth-read-write.service: Succeeded.
[    2.879295] systemd[1]: Finished Tell Plymouth To Write Out Runtime Data.
[    2.915962] audit: type=1400 audit(1768036944.744:2): apparmor="STATUS" operation="profile_load" profile="unconfined" name="nvidia_modprobe" pid=307 comm="apparmor_parser"
[    2.915965] audit: type=1400 audit(1768036944.744:3): apparmor="STATUS" operation="profile_load" profile="unconfined" name="nvidia_modprobe//kmod" pid=307 comm="apparmor_parser"
[    2.922282] audit: type=1400 audit(1768036944.748:4): apparmor="STATUS" operation="profile_load" profile="unconfined" name="/usr/sbin/tcpdump" pid=308 comm="apparmor_parser"
[    2.950536] audit: type=1400 audit(1768036944.772:5): apparmor="STATUS" operation="profile_load" profile="unconfined" name="/usr/bin/evince" pid=310 comm="apparmor_parser"
[    2.950538] audit: type=1400 audit(1768036944.772:6): apparmor="STATUS" operation="profile_load" profile="unconfined" name="/usr/bin/evince//sanitized_helper" pid=310 comm="apparmor_parser"
[    2.950539] audit: type=1400 audit(1768036944.772:7): apparmor="STATUS" operation="profile_load" profile="unconfined" name="/usr/bin/evince-previewer" pid=310 comm="apparmor_parser"
[    2.950541] audit: type=1400 audit(1768036944.772:8): apparmor="STATUS" operation="profile_load" profile="unconfined" name="/usr/bin/evince-previewer//sanitized_helper" pid=310 comm="apparmor_parser"
[    2.950542] audit: type=1400 audit(1768036944.772:9): apparmor="STATUS" operation="profile_load" profile="unconfined" name="/usr/bin/evince-thumbnailer" pid=310 comm="apparmor_parser"
[    2.970524] audit: type=1400 audit(1768036944.796:10): apparmor="STATUS" operation="profile_load" profile="unconfined" name="/usr/lib/cups/backend/cups-pdf" pid=311 comm="apparmor_parser"
[    3.049352] systemd[1]: Finished Load AppArmor profiles.
[    3.050287] systemd[1]: Starting Load AppArmor profiles managed internally by snapd...
[    3.182132] systemd[1]: Finished Load AppArmor profiles managed internally by snapd.
[    3.255817] systemd[1]: Started Journal Service.
[    3.262472] systemd-journald[229]: Received client request to flush runtime journal.
[    3.265888] systemd-journald[229]: File /var/log/journal/c455b248004a419c87ce85eea238d727/system.journal corrupted or uncleanly shut down, renaming and replacing.
[    4.548005] RAPL PMU: API unit is 2^-32 Joules, 0 fixed counters, 10737418240 ms ovfl timer
[    4.634651] cryptd: max_cpu_qlen set to 1000
[    4.688923] AVX2 version of gcm_enc/dec engaged.
[    4.688924] AES CTR mode by8 optimization enabled
[    6.756641] Adding 1998844k swap on /dev/sda1.  Priority:-2 extents:1 across:1998844k FS
[    7.447207] AAAAA: Error looking up destination IP: 369098976 - net/ipv4/ip_output.c: 285: dac_mps_nexthops
[    7.642210] AAAAA: Error looking up destination IP: 4211081440 - net/ipv4/ip_output.c: 285: dac_mps_nexthops
[    7.898743] AAAAA: Error looking up destination IP: 4211081440 - net/ipv4/ip_output.c: 285: dac_mps_nexthops
[    8.019986] AAAAA: Error looking up destination IP: 369098976 - net/ipv4/ip_output.c: 285: dac_mps_nexthops
[    8.106184] kauditd_printk_skb: 31 callbacks suppressed
[    8.106186] audit: type=1400 audit(1768036949.932:42): apparmor="DENIED" operation="capable" profile="/usr/sbin/cups-browsed" pid=578 comm="cups-browsed" capability=23  capname="sys_nice"
[    8.152896] AAAAA: Error looking up destination IP: 4211081440 - net/ipv4/ip_output.c: 285: dac_mps_nexthops
[    8.205462] AAAAA: Error looking up destination IP: 4211081440 - net/ipv4/ip_output.c: 285: dac_mps_nexthops
[    8.353267] AAAAA: Error looking up destination IP: 4211081440 - net/ipv4/ip_output.c: 285: dac_mps_nexthops
[    9.222616] AAAAA: Error looking up destination IP: 4211081440 - net/ipv4/ip_output.c: 285: dac_mps_nexthops
[    9.317658] pcnet32 0000:00:03.0 enp0s3: link up, 100Mbps, full-duplex
[    9.358385] e1000: enp0s8 NIC Link is Up 1000 Mbps Full Duplex, Flow Control: RX
[    9.358681] IPv6: ADDRCONF(NETDEV_CHANGE): enp0s8: link becomes ready
[    9.380498] e1000: enp0s9 NIC Link is Up 1000 Mbps Full Duplex, Flow Control: RX
[    9.380788] IPv6: ADDRCONF(NETDEV_CHANGE): enp0s9: link becomes ready
[    9.507505] AAAAA: Error looking up destination IP: 4211081440 - net/ipv4/ip_output.c: 285: dac_mps_nexthops
[   10.064016] device enp0s3 entered promiscuous mode
[   10.100658] audit: type=1400 audit(1768036951.928:43): apparmor="DENIED" operation="open" profile="/usr/sbin/tcpdump" name="/proc/sys/kernel/random/boot_id" pid=709 comm="tcpdump" requested_mask="r" denied_mask="r" fsuid=0 ouid=0
[   10.100958] audit: type=1400 audit(1768036951.928:44): apparmor="DENIED" operation="open" profile="/usr/sbin/tcpdump" name="/proc/sys/kernel/random/boot_id" pid=709 comm="tcpdump" requested_mask="r" denied_mask="r" fsuid=0 ouid=0
[   10.101003] audit: type=1400 audit(1768036951.928:45): apparmor="DENIED" operation="open" profile="/usr/sbin/tcpdump" name="/proc/sys/kernel/random/boot_id" pid=709 comm="tcpdump" requested_mask="r" denied_mask="r" fsuid=0 ouid=0
[   10.101061] audit: type=1400 audit(1768036951.928:46): apparmor="DENIED" operation="open" profile="/usr/sbin/tcpdump" name="/proc/sys/kernel/random/boot_id" pid=709 comm="tcpdump" requested_mask="r" denied_mask="r" fsuid=0 ouid=0
[   10.104592] audit: type=1400 audit(1768036951.928:47): apparmor="DENIED" operation="open" profile="/usr/sbin/tcpdump" name="/proc/sys/kernel/random/boot_id" pid=710 comm="tcpdump" requested_mask="r" denied_mask="r" fsuid=0 ouid=0
[   10.104814] audit: type=1400 audit(1768036951.928:48): apparmor="DENIED" operation="open" profile="/usr/sbin/tcpdump" name="/proc/sys/kernel/random/boot_id" pid=710 comm="tcpdump" requested_mask="r" denied_mask="r" fsuid=0 ouid=0
[   10.104888] audit: type=1400 audit(1768036951.928:49): apparmor="DENIED" operation="open" profile="/usr/sbin/tcpdump" name="/proc/sys/kernel/random/boot_id" pid=710 comm="tcpdump" requested_mask="r" denied_mask="r" fsuid=0 ouid=0
[   10.104970] audit: type=1400 audit(1768036951.928:50): apparmor="DENIED" operation="open" profile="/usr/sbin/tcpdump" name="/proc/sys/kernel/random/boot_id" pid=710 comm="tcpdump" requested_mask="r" denied_mask="r" fsuid=0 ouid=0
[   16.466547] rfkill: input handler disabled
[  259.701381] AAAAA-TCP_FORW: name:enp0s3: saddr:100932208: daddr:16783984
[  260.123747] AAAAA-TCP_FORW: name:enp0s3: saddr:100932208: daddr:16783984
[  260.164802] AAAAA-TCP_FORW: name:enp0s3: saddr:100932208: daddr:16783984
[  260.308933] AAAAA-TCP_FORW: name:enp0s3: saddr:16783984: daddr:100932208
[  260.461954] AAAAA-TCP_FORW: name:enp0s3: saddr:16783984: daddr:100932208
[  260.499817] AAAAA-TCP_FORW: name:enp0s3: saddr:16783984: daddr:100932208
[  260.526444] AAAAA-TCP_FORW: name:enp0s3: saddr:100932208: daddr:33561200
[  260.557497] AAAAA-TCP_FORW: name:enp0s3: saddr:100932208: daddr:16783984
[  260.605450] AAAAA-TCP_FORW: name:enp0s3: saddr:100932208: daddr:16783984
[  260.889512] AAAAA-TCP_FORW: name:enp0s3: saddr:33561200: daddr:100932208
[  260.959859] AAAAA-TCP_FORW: name:enp0s3: saddr:16783984: daddr:100932208
[  260.999949] AAAAA-TCP_FORW: name:enp0s3: saddr:100932208: daddr:33561200
[  261.079382] AAAAA-TCP_FORW: name:enp0s3: saddr:100932208: daddr:16783984
[  261.325666] AAAAA-TCP_FORW: name:enp0s3: saddr:33561200: daddr:100932208
[  261.424552] AAAAA-TCP_FORW: name:enp0s3: saddr:16783984: daddr:100932208
[  261.534707] AAAAA-TCP_FORW: name:enp0s3: saddr:16783984: daddr:100932208
[  261.787080] AAAAA-TCP_FORW: name:enp0s3: saddr:100932208: daddr:16783984
[  261.869909] AAAAA-TCP_FORW: name:enp0s3: saddr:100932208: daddr:16783984
[  262.372216] AAAAA-TCP_FORW: name:enp0s3: saddr:16783984: daddr:100932208
[  262.459411] AAAAA-TCP_FORW: name:enp0s3: saddr:100932208: daddr:16783984
[  262.569287] AAAAA-TCP_FORW: name:enp0s3: saddr:16783984: daddr:100932208
[  262.644477] AAAAA-TCP_FORW: name:enp0s3: saddr:100932208: daddr:16783984
[  262.668531] AAAAA-TCP_FORW: name:enp0s3: saddr:100932208: daddr:16783984
[  262.689482] AAAAA-TCP_FORW: name:enp0s3: saddr:16783984: daddr:100932208
[  262.770262] AAAAA-TCP_FORW: name:enp0s3: saddr:16783984: daddr:100932208
[  262.821383] AAAAA-TCP_FORW: name:enp0s3: saddr:100932208: daddr:33561200
[  262.841301] AAAAA-TCP_FORW: name:enp0s3: saddr:16783984: daddr:100932208
[  262.945486] AAAAA-TCP_FORW: name:enp0s3: saddr:100932208: daddr:16783984
[  262.973153] AAAAA-TCP_FORW: name:enp0s3: saddr:33561200: daddr:100932208
[  263.040505] AAAAA-TCP_FORW: name:enp0s3: saddr:16783984: daddr:100932208
[  263.114330] AAAAA-TCP_FORW: name:enp0s3: saddr:100932208: daddr:33561200
[  263.170065] AAAAA-TCP_FORW: name:enp0s3: saddr:100932208: daddr:16783984
[  263.194100] AAAAA-TCP_FORW: name:enp0s3: saddr:100932208: daddr:16783984
[  263.270654] AAAAA-TCP_FORW: name:enp0s3: saddr:100932208: daddr:16783984
[  263.327578] AAAAA-TCP_FORW: name:enp0s3: saddr:100932208: daddr:16783984
[  263.339486] AAAAA-TCP_FORW: name:enp0s3: saddr:33561200: daddr:100932208
[  263.354643] AAAAA-TCP_FORW: name:enp0s3: saddr:100932208: daddr:16783984
[  263.431918] AAAAA-TCP_FORW: name:enp0s3: saddr:100932208: daddr:16783984
[  263.435310] AAAAA-TCP_FORW: name:enp0s3: saddr:100932208: daddr:16783984
[  263.488888] AAAAA-TCP_FORW: name:enp0s3: saddr:16783984: daddr:100932208
[  263.504068] AAAAA-TCP_FORW: name:enp0s3: saddr:100932208: daddr:16783984
[  263.569599] AAAAA-TCP_FORW: name:enp0s3: saddr:100932208: daddr:16783984
[  263.598576] AAAAA-TCP_FORW: name:enp0s3: saddr:100932208: daddr:16783984
[  263.650528] AAAAA-TCP_FORW: name:enp0s3: saddr:100932208: daddr:16783984
[  263.658998] AAAAA-TCP_FORW: name:enp0s3: saddr:16783984: daddr:100932208
[  263.807376] AAAAA-TCP_FORW: name:enp0s3: saddr:16783984: daddr:100932208
[  263.821315] AAAAA-TCP_FORW: name:enp0s3: saddr:100932208: daddr:33561200
[  263.901165] AAAAA-TCP_FORW: name:enp0s3: saddr:100932208: daddr:33561200
[  263.927887] AAAAA-TCP_FORW: name:enp0s3: saddr:100932208: daddr:33561200
[  263.984958] AAAAA-TCP_FORW: name:enp0s3: saddr:16783984: daddr:100932208
[  264.001017] AAAAA-TCP_FORW: name:enp0s3: saddr:100932208: daddr:33561200
[  264.062417] AAAAA-TCP_FORW: name:enp0s3: saddr:100932208: daddr:33561200
[  264.076524] AAAAA-TCP_FORW: name:enp0s3: saddr:16783984: daddr:100932208
[  264.115834] AAAAA-TCP_FORW: name:enp0s3: saddr:16783984: daddr:100932208
[  264.120847] AAAAA-TCP_FORW: name:enp0s3: saddr:100932208: daddr:33561200
[  264.170039] AAAAA-TCP_FORW: name:enp0s3: saddr:100932208: daddr:33561200
[  264.209727] AAAAA-TCP_FORW: name:enp0s3: saddr:100932208: daddr:33561200
[  264.234955] AAAAA-TCP_FORW: name:enp0s3: saddr:100932208: daddr:33561200
[  264.285107] AAAAA-TCP_FORW: name:enp0s3: saddr:16783984: daddr:100932208
[  264.315220] AAAAA-TCP_FORW: name:enp0s3: saddr:100932208: daddr:33561200
[  264.386660] AAAAA-TCP_FORW: name:enp0s3: saddr:16783984: daddr:100932208
[  264.400871] AAAAA-TCP_FORW: name:enp0s3: saddr:100932208: daddr:16783984
[  264.444999] AAAAA-TCP_FORW: name:enp0s3: saddr:100932208: daddr:16783984
[  264.466268] AAAAA-TCP_FORW: name:enp0s3: saddr:16783984: daddr:100932208
[  264.515635] AAAAA-TCP_FORW: name:enp0s3: saddr:16783984: daddr:100932208
[  264.537520] AAAAA-TCP_FORW: name:enp0s3: saddr:100932208: daddr:33561200
[  264.571322] AAAAA-TCP_FORW: name:enp0s3: saddr:100932208: daddr:16783984
[  264.606029] AAAAA-TCP_FORW: name:enp0s3: saddr:100932208: daddr:16783984
[  264.658199] AAAAA-TCP_FORW: name:enp0s3: saddr:100932208: daddr:16783984
[  264.679424] AAAAA-TCP_FORW: name:enp0s3: saddr:100932208: daddr:16783984
[  264.757051] AAAAA-TCP_FORW: name:enp0s3: saddr:33561200: daddr:100932208
[  264.811320] AAAAA-TCP_FORW: name:enp0s3: saddr:33561200: daddr:100932208
[  264.871218] AAAAA-TCP_FORW: name:enp0s3: saddr:33561200: daddr:100932208
[  264.907181] AAAAA-TCP_FORW: name:enp0s3: saddr:100932208: daddr:16783984
[  264.939658] AAAAA-TCP_FORW: name:enp0s3: saddr:100932208: daddr:16783984
[  264.967503] AAAAA-TCP_FORW: name:enp0s3: saddr:33561200: daddr:100932208
[  265.082153] AAAAA-TCP_FORW: name:enp0s3: saddr:33561200: daddr:100932208
[  265.133540] AAAAA-TCP_FORW: name:enp0s3: saddr:100932208: daddr:16783984
[  265.187683] AAAAA-TCP_FORW: name:enp0s3: saddr:100932208: daddr:16783984
[  265.219254] AAAAA-TCP_FORW: name:enp0s3: saddr:100932208: daddr:16783984
[  265.243854] AAAAA-TCP_FORW: name:enp0s3: saddr:33561200: daddr:100932208
[  265.332833] AAAAA-TCP_FORW: name:enp0s3: saddr:100932208: daddr:16783984
[  265.392168] AAAAA-TCP_FORW: name:enp0s3: saddr:100932208: daddr:33561200
[  265.402926] AAAAA-TCP_FORW: name:enp0s3: saddr:33561200: daddr:100932208
[  265.467489] AAAAA-TCP_FORW: name:enp0s3: saddr:33561200: daddr:100932208
[  265.527619] AAAAA-TCP_FORW: name:enp0s3: saddr:33561200: daddr:100932208
[  265.588509] AAAAA-TCP_FORW: name:enp0s3: saddr:100932208: daddr:16783984
[  265.641308] AAAAA-TCP_FORW: name:enp0s3: saddr:100932208: daddr:16783984
[  265.674775] AAAAA-TCP_FORW: name:enp0s3: saddr:33561200: daddr:100932208
[  265.778759] AAAAA-TCP_FORW: name:enp0s3: saddr:100932208: daddr:16783984
[  265.796362] AAAAA-TCP_FORW: name:enp0s3: saddr:100932208: daddr:16783984
[  265.885397] AAAAA-TCP_FORW: name:enp0s3: saddr:16783984: daddr:100932208
[  265.921482] AAAAA-TCP_FORW: name:enp0s3: saddr:100932208: daddr:16783984
[  265.934777] AAAAA-TCP_FORW: name:enp0s3: saddr:16783984: daddr:100932208
[  265.961205] AAAAA-TCP_FORW: name:enp0s3: saddr:100932208: daddr:16783984
[  265.991097] AAAAA-TCP_FORW: name:enp0s3: saddr:100932208: daddr:16783984
[  266.021382] AAAAA-TCP_FORW: name:enp0s3: saddr:100932208: daddr:16783984
[  266.036517] AAAAA-TCP_FORW: name:enp0s3: saddr:33561200: daddr:100932208
[  266.101680] AAAAA-TCP_FORW: name:enp0s3: saddr:16783984: daddr:100932208
[  266.162287] AAAAA-TCP_FORW: name:enp0s3: saddr:16783984: daddr:100932208
[  266.228598] AAAAA-TCP_FORW: name:enp0s3: saddr:16783984: daddr:100932208
[  266.280356] AAAAA-TCP_FORW: name:enp0s3: saddr:16783984: daddr:100932208
[  266.318663] AAAAA-TCP_FORW: name:enp0s3: saddr:100932208: daddr:33561200
[  266.405310] AAAAA-TCP_FORW: name:enp0s3: saddr:100932208: daddr:33561200
[  266.436577] AAAAA-TCP_FORW: name:enp0s3: saddr:100932208: daddr:33561200
[  266.484485] AAAAA-TCP_FORW: name:enp0s3: saddr:100932208: daddr:33561200
[  266.617159] AAAAA-TCP_FORW: name:enp0s3: saddr:100932208: daddr:33561200
[  266.644641] AAAAA-TCP_FORW: name:enp0s3: saddr:16783984: daddr:100932208
[  266.707878] AAAAA-TCP_FORW: name:enp0s3: saddr:100932208: daddr:33561200
[  266.725943] AAAAA-TCP_FORW: name:enp0s3: saddr:16783984: daddr:100932208
[  266.764677] AAAAA-TCP_FORW: name:enp0s3: saddr:100932208: daddr:33561200
[  266.829395] AAAAA-TCP_FORW: name:enp0s3: saddr:100932208: daddr:33561200
[  266.869899] AAAAA-TCP_FORW: name:enp0s3: saddr:100932208: daddr:33561200
[  266.908473] AAAAA-TCP_FORW: name:enp0s3: saddr:16783984: daddr:100932208
[  266.919536] AAAAA-TCP_FORW: name:enp0s3: saddr:100932208: daddr:33561200
[  266.993520] AAAAA-TCP_FORW: name:enp0s3: saddr:16783984: daddr:100932208
[  267.058270] AAAAA-TCP_FORW: name:enp0s3: saddr:16783984: daddr:100932208
[  267.060554] AAAAA-TCP_FORW: name:enp0s3: saddr:100932208: daddr:33561200
[  267.093538] AAAAA-TCP_FORW: name:enp0s3: saddr:100932208: daddr:33561200
[  267.123693] AAAAA-TCP_FORW: name:enp0s3: saddr:16783984: daddr:100932208
[  267.272048] AAAAA-TCP_FORW: name:enp0s3: saddr:100932208: daddr:33561200
[  267.284766] AAAAA-TCP_FORW: name:enp0s3: saddr:33561200: daddr:100932208
[  267.305128] AAAAA-TCP_FORW: name:enp0s3: saddr:100932208: daddr:33561200
[  267.345868] AAAAA-TCP_FORW: name:enp0s3: saddr:100932208: daddr:33561200
[  267.376038] AAAAA-TCP_FORW: name:enp0s3: saddr:100932208: daddr:33561200
[  267.388009] AAAAA-TCP_FORW: name:enp0s3: saddr:100932208: daddr:33561200
[  267.411733] AAAAA-TCP_FORW: name:enp0s3: saddr:16783984: daddr:100932208
[  267.452223] AAAAA-TCP_FORW: name:enp0s3: saddr:100932208: daddr:33561200
[  267.487444] AAAAA-TCP_FORW: name:enp0s3: saddr:16783984: daddr:100932208
[  267.575087] AAAAA-TCP_FORW: name:enp0s3: saddr:16783984: daddr:100932208
[  267.595160] AAAAA-TCP_FORW: name:enp0s3: saddr:100932208: daddr:33561200
[  267.682630] AAAAA-TCP_FORW: name:enp0s3: saddr:16783984: daddr:100932208
[  267.696601] AAAAA-TCP_FORW: name:enp0s3: saddr:100932208: daddr:33561200
[  267.780900] AAAAA-TCP_FORW: name:enp0s3: saddr:100932208: daddr:16783984
[  267.818771] AAAAA-TCP_FORW: name:enp0s3: saddr:100932208: daddr:16783984
[  267.840070] AAAAA-TCP_FORW: name:enp0s3: saddr:16783984: daddr:100932208
[  267.867055] AAAAA-TCP_FORW: name:enp0s3: saddr:100932208: daddr:16783984
[  267.880079] AAAAA-TCP_FORW: name:enp0s3: saddr:100932208: daddr:16783984
[  267.932476] AAAAA-TCP_FORW: name:enp0s3: saddr:16783984: daddr:100932208
[  267.968850] AAAAA-TCP_FORW: name:enp0s3: saddr:100932208: daddr:16783984
[  267.995979] AAAAA-TCP_FORW: name:enp0s3: saddr:100932208: daddr:16783984
[  268.027807] AAAAA-TCP_FORW: name:enp0s3: saddr:100932208: daddr:16783984
[  268.048429] AAAAA-TCP_FORW: name:enp0s3: saddr:100932208: daddr:16783984
[  268.087761] AAAAA-TCP_FORW: name:enp0s3: saddr:33561200: daddr:100932208
[  268.153180] AAAAA-TCP_FORW: name:enp0s3: saddr:100932208: daddr:16783984
[  268.183072] AAAAA-TCP_FORW: name:enp0s3: saddr:100932208: daddr:16783984
[  268.270220] AAAAA-TCP_FORW: name:enp0s3: saddr:33561200: daddr:100932208
[  268.324783] AAAAA-TCP_FORW: name:enp0s3: saddr:33561200: daddr:100932208
[  268.379059] AAAAA-TCP_FORW: name:enp0s3: saddr:100932208: daddr:16783984
[  268.404283] AAAAA-TCP_FORW: name:enp0s3: saddr:33561200: daddr:100932208
[  268.470825] AAAAA-TCP_FORW: name:enp0s3: saddr:33561200: daddr:100932208
[  268.485814] AAAAA-TCP_FORW: name:enp0s3: saddr:100932208: daddr:16783984
[  268.553027] AAAAA-TCP_FORW: name:enp0s3: saddr:33561200: daddr:100932208
[  268.600673] AAAAA-TCP_FORW: name:enp0s3: saddr:33561200: daddr:100932208
[  268.676374] AAAAA-TCP_FORW: name:enp0s3: saddr:33561200: daddr:100932208
[  268.720189] AAAAA-TCP_FORW: name:enp0s3: saddr:100932208: daddr:16783984
[  268.787467] AAAAA-TCP_FORW: name:enp0s3: saddr:33561200: daddr:100932208
[  268.816479] AAAAA-TCP_FORW: name:enp0s3: saddr:100932208: daddr:16783984
[  268.868011] AAAAA-TCP_FORW: name:enp0s3: saddr:100932208: daddr:16783984
[  268.872198] AAAAA-TCP_FORW: name:enp0s3: saddr:33561200: daddr:100932208
[  268.958606] AAAAA-TCP_FORW: name:enp0s3: saddr:33561200: daddr:100932208
[  269.066556] AAAAA-TCP_FORW: name:enp0s3: saddr:100932208: daddr:16783984
[  269.085030] AAAAA-TCP_FORW: name:enp0s3: saddr:33561200: daddr:100932208
[  269.162411] AAAAA-TCP_FORW: name:enp0s3: saddr:33561200: daddr:100932208
[  269.292696] AAAAA-TCP_FORW: name:enp0s3: saddr:33561200: daddr:100932208
[  269.359908] AAAAA-TCP_FORW: name:enp0s3: saddr:33561200: daddr:100932208
[  269.369317] AAAAA-TCP_FORW: name:enp0s3: saddr:100932208: daddr:16783984
[  269.385539] AAAAA-TCP_FORW: name:enp0s3: saddr:33561200: daddr:100932208
[  269.431394] AAAAA-TCP_FORW: name:enp0s3: saddr:100932208: daddr:16783984
[  269.444785] AAAAA-TCP_FORW: name:enp0s3: saddr:33561200: daddr:100932208
[  269.499481] AAAAA-TCP_FORW: name:enp0s3: saddr:100932208: daddr:16783984
[  269.535102] AAAAA-TCP_FORW: name:enp0s3: saddr:33561200: daddr:100932208
[  269.614260] AAAAA-TCP_FORW: name:enp0s3: saddr:100932208: daddr:16783984
[  269.635745] AAAAA-TCP_FORW: name:enp0s3: saddr:100932208: daddr:16783984
[  269.714853] AAAAA-TCP_FORW: name:enp0s3: saddr:100932208: daddr:16783984
[  269.728910] AAAAA-TCP_FORW: name:enp0s3: saddr:16783984: daddr:100932208
[  269.777955] AAAAA-TCP_FORW: name:enp0s3: saddr:100932208: daddr:16783984
[  269.784779] AAAAA-TCP_FORW: name:enp0s3: saddr:16783984: daddr:100932208
[  269.867269] AAAAA-TCP_FORW: name:enp0s3: saddr:100932208: daddr:16783984
[  269.905530] AAAAA-TCP_FORW: name:enp0s3: saddr:100932208: daddr:16783984
[  269.965882] AAAAA-TCP_FORW: name:enp0s3: saddr:33561200: daddr:100932208
[  270.013241] AAAAA-TCP_FORW: name:enp0s3: saddr:16783984: daddr:100932208
[  270.088429] AAAAA-TCP_FORW: name:enp0s3: saddr:16783984: daddr:100932208
[  270.105727] AAAAA-TCP_FORW: name:enp0s3: saddr:100932208: daddr:33561200
[  270.107513] AAAAA-TCP_FORW: name:enp0s3: saddr:100932208: daddr:33561200
[  270.161148] AAAAA-TCP_FORW: name:enp0s3: saddr:16783984: daddr:100932208
[  270.235644] AAAAA-TCP_FORW: name:enp0s3: saddr:100932208: daddr:33561200
[  270.265992] AAAAA-TCP_FORW: name:enp0s3: saddr:100932208: daddr:33561200
[  270.343717] AAAAA-TCP_FORW: name:enp0s3: saddr:100932208: daddr:33561200
[  270.370363] AAAAA-TCP_FORW: name:enp0s3: saddr:16783984: daddr:100932208
[  270.467838] AAAAA-TCP_FORW: name:enp0s3: saddr:100932208: daddr:33561200
[  270.479581] AAAAA-TCP_FORW: name:enp0s3: saddr:16783984: daddr:100932208
[  270.511299] AAAAA-TCP_FORW: name:enp0s3: saddr:16783984: daddr:100932208
[  270.531634] AAAAA-TCP_FORW: name:enp0s3: saddr:100932208: daddr:33561200
[  270.567014] AAAAA-TCP_FORW: name:enp0s3: saddr:16783984: daddr:100932208
[  270.575359] AAAAA-TCP_FORW: name:enp0s3: saddr:100932208: daddr:33561200
[  270.640310] AAAAA-TCP_FORW: name:enp0s3: saddr:16783984: daddr:100932208
[  270.670272] AAAAA-TCP_FORW: name:enp0s3: saddr:100932208: daddr:33561200
[  270.682826] AAAAA-TCP_FORW: name:enp0s3: saddr:16783984: daddr:100932208
[  270.725651] AAAAA-TCP_FORW: name:enp0s3: saddr:16783984: daddr:100932208
[  270.744055] AAAAA-TCP_FORW: name:enp0s3: saddr:100932208: daddr:33561200
[  270.782844] AAAAA-TCP_FORW: name:enp0s3: saddr:16783984: daddr:100932208
[  270.815429] AAAAA-TCP_FORW: name:enp0s3: saddr:100932208: daddr:33561200
[  270.836312] AAAAA-TCP_FORW: name:enp0s3: saddr:100932208: daddr:33561200
[  270.896620] AAAAA-TCP_FORW: name:enp0s3: saddr:16783984: daddr:100932208
[  270.945965] AAAAA-TCP_FORW: name:enp0s3: saddr:100932208: daddr:33561200
[  270.953898] AAAAA-TCP_FORW: name:enp0s3: saddr:100932208: daddr:33561200
[  271.010994] AAAAA-TCP_FORW: name:enp0s3: saddr:100932208: daddr:33561200
[  271.019443] AAAAA-TCP_FORW: name:enp0s3: saddr:16783984: daddr:100932208
[  271.058762] AAAAA-TCP_FORW: name:enp0s3: saddr:100932208: daddr:33561200
[  271.109306] AAAAA-TCP_FORW: name:enp0s3: saddr:100932208: daddr:33561200
[  271.151461] AAAAA-TCP_FORW: name:enp0s3: saddr:16783984: daddr:100932208
[  271.417579] AAAAA-TCP_FORW: name:enp0s3: saddr:16783984: daddr:100932208
[  271.537066] AAAAA-TCP_FORW: name:enp0s3: saddr:16783984: daddr:100932208
[  271.897517] AAAAA-TCP_FORW: name:enp0s3: saddr:16783984: daddr:100932208
[  271.996600] AAAAA-TCP_FORW: name:enp0s3: saddr:16783984: daddr:100932208
[  272.125811] AAAAA-TCP_FORW: name:enp0s3: saddr:16783984: daddr:100932208
[  272.234287] AAAAA-TCP_FORW: name:enp0s3: saddr:33561200: daddr:100932208
[  272.290599] AAAAA-TCP_FORW: name:enp0s3: saddr:33561200: daddr:100932208
[  272.351500] AAAAA-TCP_FORW: name:enp0s3: saddr:33561200: daddr:100932208
[  272.425595] AAAAA-TCP_FORW: name:enp0s3: saddr:33561200: daddr:100932208
[  272.513038] AAAAA-TCP_FORW: name:enp0s3: saddr:33561200: daddr:100932208
[  272.605235] AAAAA-TCP_FORW: name:enp0s3: saddr:33561200: daddr:100932208
[  272.679091] AAAAA-TCP_FORW: name:enp0s3: saddr:33561200: daddr:100932208
[  272.767960] AAAAA-TCP_FORW: name:enp0s3: saddr:33561200: daddr:100932208
[  272.845830] AAAAA-TCP_FORW: name:enp0s3: saddr:33561200: daddr:100932208
[  272.901459] AAAAA-TCP_FORW: name:enp0s3: saddr:33561200: daddr:100932208
[  272.968315] AAAAA-TCP_FORW: name:enp0s3: saddr:33561200: daddr:100932208
[  273.015168] AAAAA-TCP_FORW: name:enp0s3: saddr:33561200: daddr:100932208
[  273.081417] AAAAA-TCP_FORW: name:enp0s3: saddr:33561200: daddr:100932208
[  273.147086] AAAAA-TCP_FORW: name:enp0s3: saddr:33561200: daddr:100932208
[  273.587120] AAAAA-TCP_FORW: name:enp0s3: saddr:100932208: daddr:33561200
[  273.681994] AAAAA-TCP_FORW: name:enp0s3: saddr:100932208: daddr:33561200
[  273.749989] AAAAA-TCP_FORW: name:enp0s3: saddr:100932208: daddr:33561200
[  273.849973] AAAAA-TCP_FORW: name:enp0s3: saddr:33561200: daddr:100932208
[  273.916241] AAAAA-TCP_FORW: name:enp0s3: saddr:33561200: daddr:100932208
[  273.961435] AAAAA-TCP_FORW: name:enp0s3: saddr:33561200: daddr:100932208
[  296.033482] AAAAA-TCP_FORW: name:enp0s3: saddr:100932208: daddr:33561200
[  296.137254] AAAAA-TCP_FORW: name:enp0s3: saddr:100932208: daddr:33561200
[  296.215073] AAAAA-TCP_FORW: name:enp0s3: saddr:100932208: daddr:33561200
[  296.238554] AAAAA-TCP_FORW: name:enp0s3: saddr:33561200: daddr:100932208
[  296.268476] AAAAA-TCP_FORW: name:enp0s3: saddr:100932208: daddr:33561200
[  296.317223] AAAAA-TCP_FORW: name:enp0s3: saddr:100932208: daddr:33561200
[  296.351466] AAAAA-TCP_FORW: name:enp0s3: saddr:100932208: daddr:33561200
[  296.405746] AAAAA-TCP_FORW: name:enp0s3: saddr:100932208: daddr:33561200
[  296.480619] AAAAA-TCP_FORW: name:enp0s3: saddr:100932208: daddr:33561200
[  296.552822] AAAAA-TCP_FORW: name:enp0s3: saddr:100932208: daddr:33561200
[  296.605119] AAAAA-TCP_FORW: name:enp0s3: saddr:100932208: daddr:33561200
[  296.620235] AAAAA-TCP_FORW: name:enp0s3: saddr:33561200: daddr:100932208
[  296.646889] AAAAA-TCP_FORW: name:enp0s3: saddr:100932208: daddr:33561200
[  296.696792] AAAAA-TCP_FORW: name:enp0s3: saddr:33561200: daddr:100932208
[  296.730353] AAAAA-TCP_FORW: name:enp0s3: saddr:100932208: daddr:33561200
[  296.766227] AAAAA-TCP_FORW: name:enp0s3: saddr:100932208: daddr:33561200
[  296.837272] AAAAA-TCP_FORW: name:enp0s3: saddr:100932208: daddr:33561200
[  296.929805] AAAAA-TCP_FORW: name:enp0s3: saddr:100932208: daddr:33561200
[  297.003329] AAAAA-TCP_FORW: name:enp0s3: saddr:100932208: daddr:33561200
[  297.071084] AAAAA-TCP_FORW: name:enp0s3: saddr:100932208: daddr:33561200
[  297.141387] AAAAA-TCP_FORW: name:enp0s3: saddr:100932208: daddr:16783984
[  297.201154] AAAAA-TCP_FORW: name:enp0s3: saddr:100932208: daddr:16783984
[  297.213959] AAAAA-TCP_FORW: name:enp0s3: saddr:33561200: daddr:100932208
[  297.267170] AAAAA-TCP_FORW: name:enp0s3: saddr:100932208: daddr:16783984
[  297.323905] AAAAA-TCP_FORW: name:enp0s3: saddr:33561200: daddr:100932208
[  297.342331] AAAAA-TCP_FORW: name:enp0s3: saddr:100932208: daddr:16783984
[  297.385362] AAAAA-TCP_FORW: name:enp0s3: saddr:100932208: daddr:16783984
[  297.438620] AAAAA-TCP_FORW: name:enp0s3: saddr:100932208: daddr:16783984
[  297.484398] AAAAA-TCP_FORW: name:enp0s3: saddr:33561200: daddr:100932208
[  297.491304] AAAAA-TCP_FORW: name:enp0s3: saddr:100932208: daddr:16783984
[  297.578471] AAAAA-TCP_FORW: name:enp0s3: saddr:100932208: daddr:16783984
[  297.593678] AAAAA-TCP_FORW: name:enp0s3: saddr:33561200: daddr:100932208
[  297.612047] AAAAA-TCP_FORW: name:enp0s3: saddr:100932208: daddr:16783984
[  297.643483] AAAAA-TCP_FORW: name:enp0s3: saddr:33561200: daddr:100932208
[  297.663131] AAAAA-TCP_FORW: name:enp0s3: saddr:100932208: daddr:16783984
[  297.713093] AAAAA-TCP_FORW: name:enp0s3: saddr:100932208: daddr:16783984
[  297.767522] AAAAA-TCP_FORW: name:enp0s3: saddr:100932208: daddr:16783984
[  297.802475] AAAAA-TCP_FORW: name:enp0s3: saddr:100932208: daddr:16783984
[  297.848923] AAAAA-TCP_FORW: name:enp0s3: saddr:33561200: daddr:100932208
[  297.859748] AAAAA-TCP_FORW: name:enp0s3: saddr:100932208: daddr:16783984
[  297.942459] AAAAA-TCP_FORW: name:enp0s3: saddr:100932208: daddr:16783984
[  298.001505] AAAAA-TCP_FORW: name:enp0s3: saddr:100932208: daddr:16783984
[  298.016000] AAAAA-TCP_FORW: name:enp0s3: saddr:33561200: daddr:100932208
[  298.057350] AAAAA-TCP_FORW: name:enp0s3: saddr:100932208: daddr:16783984
[  298.086450] AAAAA-TCP_FORW: name:enp0s3: saddr:100932208: daddr:16783984
[  298.128031] AAAAA-TCP_FORW: name:enp0s3: saddr:100932208: daddr:33561200
[  298.212638] AAAAA-TCP_FORW: name:enp0s3: saddr:100932208: daddr:33561200
[  298.307927] AAAAA-TCP_FORW: name:enp0s3: saddr:100932208: daddr:33561200
[  298.373928] AAAAA-TCP_FORW: name:enp0s3: saddr:100932208: daddr:33561200
[  298.427319] AAAAA-TCP_FORW: name:enp0s3: saddr:33561200: daddr:100932208
[  298.461033] AAAAA-TCP_FORW: name:enp0s3: saddr:100932208: daddr:33561200
[  298.477258] AAAAA-TCP_FORW: name:enp0s3: saddr:100932208: daddr:33561200
[  298.566106] AAAAA-TCP_FORW: name:enp0s3: saddr:100932208: daddr:33561200
[  298.639578] AAAAA-TCP_FORW: name:enp0s3: saddr:100932208: daddr:33561200
[  298.705112] AAAAA-TCP_FORW: name:enp0s3: saddr:33561200: daddr:100932208
[  298.767055] AAAAA-TCP_FORW: name:enp0s3: saddr:33561200: daddr:100932208
[  298.812800] AAAAA-TCP_FORW: name:enp0s3: saddr:100932208: daddr:33561200
[  298.841861] AAAAA-TCP_FORW: name:enp0s3: saddr:100932208: daddr:33561200
[  298.923023] AAAAA-TCP_FORW: name:enp0s3: saddr:100932208: daddr:33561200
[  298.941306] AAAAA-TCP_FORW: name:enp0s3: saddr:33561200: daddr:100932208
[  298.955719] AAAAA-TCP_FORW: name:enp0s3: saddr:100932208: daddr:33561200
[  298.993926] AAAAA-TCP_FORW: name:enp0s3: saddr:33561200: daddr:100932208
[  299.012465] AAAAA-TCP_FORW: name:enp0s3: saddr:100932208: daddr:33561200
[  299.047428] AAAAA-TCP_FORW: name:enp0s3: saddr:33561200: daddr:100932208
[  299.063954] AAAAA-TCP_FORW: name:enp0s3: saddr:100932208: daddr:33561200
[  299.139412] AAAAA-TCP_FORW: name:enp0s3: saddr:33561200: daddr:100932208
[  299.155411] AAAAA-TCP_FORW: name:enp0s3: saddr:100932208: daddr:33561200
[  299.235870] AAAAA-TCP_FORW: name:enp0s3: saddr:100932208: daddr:33561200
[  299.402053] AAAAA-TCP_FORW: name:enp0s3: saddr:16783984: daddr:100932208
[  299.430273] AAAAA-TCP_FORW: name:enp0s3: saddr:100932208: daddr:33561200
[  299.542026] AAAAA-TCP_FORW: name:enp0s3: saddr:16783984: daddr:100932208
[  299.585173] AAAAA-TCP_FORW: name:enp0s3: saddr:100932208: daddr:33561200
[  299.630006] AAAAA-TCP_FORW: name:enp0s3: saddr:100932208: daddr:33561200
[  299.872253] AAAAA-TCP_FORW: name:enp0s3: saddr:16783984: daddr:100932208
[  300.008711] AAAAA-TCP_FORW: name:enp0s3: saddr:100932208: daddr:33561200
[  300.018782] AAAAA-TCP_FORW: name:enp0s3: saddr:16783984: daddr:100932208
[  300.167926] AAAAA-TCP_FORW: name:enp0s3: saddr:16783984: daddr:100932208
[  300.294477] AAAAA-TCP_FORW: name:enp0s3: saddr:100932208: daddr:33561200
[  300.316378] AAAAA-TCP_FORW: name:enp0s3: saddr:16783984: daddr:100932208
[  300.349638] AAAAA-TCP_FORW: name:enp0s3: saddr:100932208: daddr:33561200
[  300.390797] AAAAA-TCP_FORW: name:enp0s3: saddr:100932208: daddr:33561200
[  300.596803] AAAAA-TCP_FORW: name:enp0s3: saddr:100932208: daddr:33561200
[  300.710048] AAAAA-TCP_FORW: name:enp0s3: saddr:100932208: daddr:33561200
[  300.733297] AAAAA-TCP_FORW: name:enp0s3: saddr:100932208: daddr:33561200
[  300.744555] AAAAA-TCP_FORW: name:enp0s3: saddr:16783984: daddr:100932208
[  300.806871] AAAAA-TCP_FORW: name:enp0s3: saddr:100932208: daddr:33561200
[  300.828158] AAAAA-TCP_FORW: name:enp0s3: saddr:16783984: daddr:100932208
[  300.880710] AAAAA-TCP_FORW: name:enp0s3: saddr:16783984: daddr:100932208
[  300.896458] AAAAA-TCP_FORW: name:enp0s3: saddr:100932208: daddr:33561200
[  300.984733] AAAAA-TCP_FORW: name:enp0s3: saddr:100932208: daddr:33561200
[  301.187112] AAAAA-TCP_FORW: name:enp0s3: saddr:16783984: daddr:100932208
[  301.205431] AAAAA-TCP_FORW: name:enp0s3: saddr:100932208: daddr:16783984
[  301.268273] AAAAA-TCP_FORW: name:enp0s3: saddr:100932208: daddr:16783984
[  301.389412] AAAAA-TCP_FORW: name:enp0s3: saddr:100932208: daddr:16783984
[  301.396102] AAAAA-TCP_FORW: name:enp0s3: saddr:16783984: daddr:100932208
[  301.432520] AAAAA-TCP_FORW: name:enp0s3: saddr:100932208: daddr:16783984
[  301.617517] AAAAA-TCP_FORW: name:enp0s3: saddr:100932208: daddr:16783984
[  301.665880] AAAAA-TCP_FORW: name:enp0s3: saddr:16783984: daddr:100932208
[  301.677582] AAAAA-TCP_FORW: name:enp0s3: saddr:100932208: daddr:16783984
[  301.703963] AAAAA-TCP_FORW: name:enp0s3: saddr:16783984: daddr:100932208
[  301.831542] AAAAA-TCP_FORW: name:enp0s3: saddr:16783984: daddr:100932208
[  301.846284] AAAAA-TCP_FORW: name:enp0s3: saddr:100932208: daddr:16783984
[  301.892929] AAAAA-TCP_FORW: name:enp0s3: saddr:100932208: daddr:16783984
[  301.919175] AAAAA-TCP_FORW: name:enp0s3: saddr:16783984: daddr:100932208
[  302.001699] AAAAA-TCP_FORW: name:enp0s3: saddr:16783984: daddr:100932208
[  302.015815] AAAAA-TCP_FORW: name:enp0s3: saddr:100932208: daddr:16783984
[  302.085287] AAAAA-TCP_FORW: name:enp0s3: saddr:100932208: daddr:16783984
[  302.119990] AAAAA-TCP_FORW: name:enp0s3: saddr:16783984: daddr:100932208
[  302.145680] AAAAA-TCP_FORW: name:enp0s3: saddr:100932208: daddr:16783984
[  302.245301] AAAAA-TCP_FORW: name:enp0s3: saddr:33561200: daddr:100932208
[  302.312743] AAAAA-TCP_FORW: name:enp0s3: saddr:16783984: daddr:100932208
[  302.435162] AAAAA-TCP_FORW: name:enp0s3: saddr:33561200: daddr:100932208
[  302.485263] AAAAA-TCP_FORW: name:enp0s3: saddr:100932208: daddr:16783984
[  302.523625] AAAAA-TCP_FORW: name:enp0s3: saddr:33561200: daddr:100932208
[  302.556244] AAAAA-TCP_FORW: name:enp0s3: saddr:100932208: daddr:16783984
[  302.628012] AAAAA-TCP_FORW: name:enp0s3: saddr:100932208: daddr:16783984
[  302.700580] AAAAA-TCP_FORW: name:enp0s3: saddr:100932208: daddr:16783984
[  302.722158] AAAAA-TCP_FORW: name:enp0s3: saddr:33561200: daddr:100932208
[  302.751955] AAAAA-TCP_FORW: name:enp0s3: saddr:100932208: daddr:16783984
[  302.803087] AAAAA-TCP_FORW: name:enp0s3: saddr:33561200: daddr:100932208
[  302.871612] AAAAA-TCP_FORW: name:enp0s3: saddr:33561200: daddr:100932208
[  302.907144] AAAAA-TCP_FORW: name:enp0s3: saddr:33561200: daddr:100932208
[  302.930597] AAAAA-TCP_FORW: name:enp0s3: saddr:100932208: daddr:16783984
[  303.025787] AAAAA-TCP_FORW: name:enp0s3: saddr:33561200: daddr:100932208
[  303.121046] AAAAA-TCP_FORW: name:enp0s3: saddr:33561200: daddr:100932208
[  303.188757] AAAAA-TCP_FORW: name:enp0s3: saddr:100932208: daddr:16783984
[  303.214945] AAAAA-TCP_FORW: name:enp0s3: saddr:33561200: daddr:100932208
[  303.226922] AAAAA-TCP_FORW: name:enp0s3: saddr:100932208: daddr:16783984
[  303.278514] AAAAA-TCP_FORW: name:enp0s3: saddr:33561200: daddr:100932208
[  303.427160] AAAAA-TCP_FORW: name:enp0s3: saddr:33561200: daddr:100932208
[  303.495666] AAAAA-TCP_FORW: name:enp0s3: saddr:100932208: daddr:16783984
[  303.721249] AAAAA-TCP_FORW: name:enp0s3: saddr:100932208: daddr:16783984
[  303.818243] AAAAA-TCP_FORW: name:enp0s3: saddr:100932208: daddr:16783984
[  303.833422] AAAAA-TCP_FORW: name:enp0s3: saddr:33561200: daddr:100932208
[  303.881833] AAAAA-TCP_FORW: name:enp0s3: saddr:33561200: daddr:100932208
[  304.334996] AAAAA-TCP_FORW: name:enp0s3: saddr:33561200: daddr:100932208
[  304.466292] AAAAA-TCP_FORW: name:enp0s3: saddr:33561200: daddr:100932208
[  304.658598] AAAAA-TCP_FORW: name:enp0s3: saddr:33561200: daddr:100932208
[  304.750995] AAAAA-TCP_FORW: name:enp0s3: saddr:33561200: daddr:100932208
[  304.945188] AAAAA-TCP_FORW: name:enp0s3: saddr:33561200: daddr:100932208
[  305.230574] AAAAA-TCP_FORW: name:enp0s3: saddr:33561200: daddr:100932208
[  305.478243] AAAAA-TCP_FORW: name:enp0s3: saddr:33561200: daddr:100932208
[  305.568671] AAAAA-TCP_FORW: name:enp0s3: saddr:33561200: daddr:100932208
[  305.720764] AAAAA-TCP_FORW: name:enp0s3: saddr:33561200: daddr:100932208
[  305.763904] AAAAA-TCP_FORW: name:enp0s3: saddr:33561200: daddr:100932208
[  305.886443] AAAAA-TCP_FORW: name:enp0s3: saddr:16783984: daddr:100932208
[  305.926570] AAAAA-TCP_FORW: name:enp0s3: saddr:16783984: daddr:100932208
[  306.028993] AAAAA-TCP_FORW: name:enp0s3: saddr:16783984: daddr:100932208
[  306.068510] AAAAA-TCP_FORW: name:enp0s3: saddr:16783984: daddr:100932208
[  306.160881] AAAAA-TCP_FORW: name:enp0s3: saddr:16783984: daddr:100932208
[  306.246681] AAAAA-TCP_FORW: name:enp0s3: saddr:16783984: daddr:100932208
[  306.344283] AAAAA-TCP_FORW: name:enp0s3: saddr:100932208: daddr:16783984
[  306.379365] AAAAA-TCP_FORW: name:enp0s3: saddr:16783984: daddr:100932208
[  306.401698] AAAAA-TCP_FORW: name:enp0s3: saddr:100932208: daddr:16783984
[  306.448630] AAAAA-TCP_FORW: name:enp0s3: saddr:100932208: daddr:16783984
[  306.475465] AAAAA-TCP_FORW: name:enp0s3: saddr:16783984: daddr:100932208
[  306.500815] AAAAA-TCP_FORW: name:enp0s3: saddr:100932208: daddr:16783984
[  306.514803] AAAAA-TCP_FORW: name:enp0s3: saddr:16783984: daddr:100932208
[  306.539132] AAAAA-TCP_FORW: name:enp0s3: saddr:16783984: daddr:100932208
[  306.557882] AAAAA-TCP_FORW: name:enp0s3: saddr:100932208: daddr:16783984
[  306.616514] AAAAA-TCP_FORW: name:enp0s3: saddr:16783984: daddr:100932208
[  306.669428] AAAAA-TCP_FORW: name:enp0s3: saddr:100932208: daddr:16783984
[  306.751228] AAAAA-TCP_FORW: name:enp0s3: saddr:16783984: daddr:100932208
[  306.783400] AAAAA-TCP_FORW: name:enp0s3: saddr:16783984: daddr:100932208
[  306.811113] AAAAA-TCP_FORW: name:enp0s3: saddr:16783984: daddr:100932208
[  306.827505] AAAAA-TCP_FORW: name:enp0s3: saddr:16783984: daddr:100932208
[  306.883557] AAAAA-TCP_FORW: name:enp0s3: saddr:16783984: daddr:100932208
[  306.904498] AAAAA-TCP_FORW: name:enp0s3: saddr:16783984: daddr:100932208
[  306.948381] AAAAA-TCP_FORW: name:enp0s3: saddr:16783984: daddr:100932208
[  307.046452] AAAAA-TCP_FORW: name:enp0s3: saddr:16783984: daddr:100932208
[  307.080325] AAAAA-TCP_FORW: name:enp0s3: saddr:16783984: daddr:100932208
[  307.115295] AAAAA-TCP_FORW: name:enp0s3: saddr:16783984: daddr:100932208
[  307.145478] AAAAA-TCP_FORW: name:enp0s3: saddr:16783984: daddr:100932208
[  307.509487] AAAAA-TCP_FORW: name:enp0s3: saddr:16783984: daddr:100932208
[  307.541764] AAAAA-TCP_FORW: name:enp0s3: saddr:16783984: daddr:100932208
[  307.564285] AAAAA-TCP_FORW: name:enp0s3: saddr:16783984: daddr:100932208
[  307.625467] AAAAA-TCP_FORW: name:enp0s3: saddr:16783984: daddr:100932208
[  307.681854] AAAAA-TCP_FORW: name:enp0s3: saddr:16783984: daddr:100932208
[  307.710401] AAAAA-TCP_FORW: name:enp0s3: saddr:16783984: daddr:100932208
[  328.537014] AAAAA-TCP_FORW: name:enp0s3: saddr:100932208: daddr:16783984
[  328.593150] AAAAA-TCP_FORW: name:enp0s3: saddr:100932208: daddr:16783984
[  328.661716] AAAAA-TCP_FORW: name:enp0s3: saddr:100932208: daddr:16783984
[  328.736957] AAAAA-TCP_FORW: name:enp0s3: saddr:100932208: daddr:16783984
[  328.765449] AAAAA-TCP_FORW: name:enp0s3: saddr:16783984: daddr:100932208
[  328.815822] AAAAA-TCP_FORW: name:enp0s3: saddr:100932208: daddr:16783984
[  328.847321] AAAAA-TCP_FORW: name:enp0s3: saddr:100932208: daddr:16783984
[  328.891214] AAAAA-TCP_FORW: name:enp0s3: saddr:100932208: daddr:16783984
[  328.937465] AAAAA-TCP_FORW: name:enp0s3: saddr:100932208: daddr:16783984
[  328.962695] AAAAA-TCP_FORW: name:enp0s3: saddr:100932208: daddr:16783984
[  329.020431] AAAAA-TCP_FORW: name:enp0s3: saddr:100932208: daddr:16783984
[  329.051910] AAAAA-TCP_FORW: name:enp0s3: saddr:16783984: daddr:100932208
[  329.065539] AAAAA-TCP_FORW: name:enp0s3: saddr:100932208: daddr:16783984
[  329.109678] AAAAA-TCP_FORW: name:enp0s3: saddr:100932208: daddr:16783984
[  329.151226] AAAAA-TCP_FORW: name:enp0s3: saddr:100932208: daddr:16783984
[  329.180832] AAAAA-TCP_FORW: name:enp0s3: saddr:16783984: daddr:100932208
[  329.215222] AAAAA-TCP_FORW: name:enp0s3: saddr:100932208: daddr:16783984
[  329.256083] AAAAA-TCP_FORW: name:enp0s3: saddr:100932208: daddr:16783984
[  329.324849] AAAAA-TCP_FORW: name:enp0s3: saddr:100932208: daddr:16783984
[  329.387576] AAAAA-TCP_FORW: name:enp0s3: saddr:100932208: daddr:16783984
[  329.417518] AAAAA-TCP_FORW: name:enp0s3: saddr:16783984: daddr:100932208
[  329.435299] AAAAA-TCP_FORW: name:enp0s3: saddr:100932208: daddr:33561200
[  329.488217] AAAAA-TCP_FORW: name:enp0s3: saddr:100932208: daddr:33561200
[  329.539738] AAAAA-TCP_FORW: name:enp0s3: saddr:100932208: daddr:33561200
[  329.572224] AAAAA-TCP_FORW: name:enp0s3: saddr:100932208: daddr:33561200
[  329.618752] AAAAA-TCP_FORW: name:enp0s3: saddr:100932208: daddr:33561200
[  329.697670] AAAAA-TCP_FORW: name:enp0s3: saddr:100932208: daddr:33561200
[  329.729542] AAAAA-TCP_FORW: name:enp0s3: saddr:100932208: daddr:33561200
[  329.736474] AAAAA-TCP_FORW: name:enp0s3: saddr:16783984: daddr:100932208
[  329.809598] AAAAA-TCP_FORW: name:enp0s3: saddr:100932208: daddr:33561200
[  329.847237] AAAAA-TCP_FORW: name:enp0s3: saddr:100932208: daddr:33561200
[  329.868956] AAAAA-TCP_FORW: name:enp0s3: saddr:16783984: daddr:100932208
[  329.897464] AAAAA-TCP_FORW: name:enp0s3: saddr:100932208: daddr:33561200
[  329.909670] AAAAA-TCP_FORW: name:enp0s3: saddr:16783984: daddr:100932208
[  329.927539] AAAAA-TCP_FORW: name:enp0s3: saddr:100932208: daddr:33561200
[  329.936396] AAAAA-TCP_FORW: name:enp0s3: saddr:16783984: daddr:100932208
[  330.001306] AAAAA-TCP_FORW: name:enp0s3: saddr:100932208: daddr:33561200
[  330.048967] AAAAA-TCP_FORW: name:enp0s3: saddr:100932208: daddr:33561200
[  330.096170] AAAAA-TCP_FORW: name:enp0s3: saddr:100932208: daddr:33561200
[  330.109276] AAAAA-TCP_FORW: name:enp0s3: saddr:16783984: daddr:100932208
[  330.133537] AAAAA-TCP_FORW: name:enp0s3: saddr:100932208: daddr:33561200
[  330.166337] AAAAA-TCP_FORW: name:enp0s3: saddr:100932208: daddr:33561200
[  330.249618] AAAAA-TCP_FORW: name:enp0s3: saddr:100932208: daddr:33561200
[  330.269497] AAAAA-TCP_FORW: name:enp0s3: saddr:100932208: daddr:33561200
[  330.304019] AAAAA-TCP_FORW: name:enp0s3: saddr:16783984: daddr:100932208
[  330.320467] AAAAA-TCP_FORW: name:enp0s3: saddr:100932208: daddr:33561200
[  330.381921] AAAAA-TCP_FORW: name:enp0s3: saddr:100932208: daddr:33561200
[  330.454402] AAAAA-TCP_FORW: name:enp0s3: saddr:100932208: daddr:33561200
[  330.486903] AAAAA-TCP_FORW: name:enp0s3: saddr:100932208: daddr:16783984
[  330.503992] AAAAA-TCP_FORW: name:enp0s3: saddr:16783984: daddr:100932208
[  330.512489] AAAAA-TCP_FORW: name:enp0s3: saddr:100932208: daddr:16783984
[  330.566811] AAAAA-TCP_FORW: name:enp0s3: saddr:100932208: daddr:16783984
[  330.601714] AAAAA-TCP_FORW: name:enp0s3: saddr:16783984: daddr:100932208
[  330.627426] AAAAA-TCP_FORW: name:enp0s3: saddr:100932208: daddr:16783984
[  330.647187] AAAAA-TCP_FORW: name:enp0s3: saddr:16783984: daddr:100932208
[  330.668180] AAAAA-TCP_FORW: name:enp0s3: saddr:100932208: daddr:16783984
[  330.712677] AAAAA-TCP_FORW: name:enp0s3: saddr:100932208: daddr:16783984
[  330.776106] AAAAA-TCP_FORW: name:enp0s3: saddr:100932208: daddr:16783984
[  330.781523] AAAAA-TCP_FORW: name:enp0s3: saddr:16783984: daddr:100932208
[  330.814250] AAAAA-TCP_FORW: name:enp0s3: saddr:100932208: daddr:16783984
[  330.876951] AAAAA-TCP_FORW: name:enp0s3: saddr:16783984: daddr:100932208
[  330.969036] AAAAA-TCP_FORW: name:enp0s3: saddr:100932208: daddr:16783984
[  330.994748] AAAAA-TCP_FORW: name:enp0s3: saddr:16783984: daddr:100932208
[  331.004910] AAAAA-TCP_FORW: name:enp0s3: saddr:100932208: daddr:16783984
[  331.188888] AAAAA-TCP_FORW: name:enp0s3: saddr:16783984: daddr:100932208
[  331.225159] AAAAA-TCP_FORW: name:enp0s3: saddr:100932208: daddr:16783984
[  331.263886] AAAAA-TCP_FORW: name:enp0s3: saddr:100932208: daddr:16783984
[  331.336111] AAAAA-TCP_FORW: name:enp0s3: saddr:33561200: daddr:100932208
[  331.355062] AAAAA-TCP_FORW: name:enp0s3: saddr:100932208: daddr:16783984
[  331.393779] AAAAA-TCP_FORW: name:enp0s3: saddr:100932208: daddr:16783984
[  331.402071] AAAAA-TCP_FORW: name:enp0s3: saddr:33561200: daddr:100932208
[  331.462863] AAAAA-TCP_FORW: name:enp0s3: saddr:100932208: daddr:16783984
[  331.482010] AAAAA-TCP_FORW: name:enp0s3: saddr:33561200: daddr:100932208
[  331.497448] AAAAA-TCP_FORW: name:enp0s3: saddr:100932208: daddr:16783984
[  331.632983] AAAAA-TCP_FORW: name:enp0s3: saddr:33561200: daddr:100932208
[  331.713663] AAAAA-TCP_FORW: name:enp0s3: saddr:100932208: daddr:16783984
[  331.734474] AAAAA-TCP_FORW: name:enp0s3: saddr:33561200: daddr:100932208
[  331.831951] AAAAA-TCP_FORW: name:enp0s3: saddr:33561200: daddr:100932208
[  331.864113] AAAAA-TCP_FORW: name:enp0s3: saddr:33561200: daddr:100932208
[  331.920776] AAAAA-TCP_FORW: name:enp0s3: saddr:100932208: daddr:16783984
[  331.942354] AAAAA-TCP_FORW: name:enp0s3: saddr:33561200: daddr:100932208
[  331.971010] AAAAA-TCP_FORW: name:enp0s3: saddr:100932208: daddr:16783984
[  332.145613] AAAAA-TCP_FORW: name:enp0s3: saddr:100932208: daddr:16783984
[  332.243930] AAAAA-TCP_FORW: name:enp0s3: saddr:33561200: daddr:100932208
[  332.279635] AAAAA-TCP_FORW: name:enp0s3: saddr:33561200: daddr:100932208
[  332.309935] AAAAA-TCP_FORW: name:enp0s3: saddr:100932208: daddr:16783984
[  332.389122] AAAAA-TCP_FORW: name:enp0s3: saddr:100932208: daddr:16783984
[  332.430271] AAAAA-TCP_FORW: name:enp0s3: saddr:100932208: daddr:16783984
[  332.491619] AAAAA-TCP_FORW: name:enp0s3: saddr:100932208: daddr:16783984
[  332.533382] AAAAA-TCP_FORW: name:enp0s3: saddr:33561200: daddr:100932208
[  332.555841] AAAAA-TCP_FORW: name:enp0s3: saddr:100932208: daddr:16783984
[  332.624421] AAAAA-TCP_FORW: name:enp0s3: saddr:100932208: daddr:16783984
[  332.648349] AAAAA-TCP_FORW: name:enp0s3: saddr:33561200: daddr:100932208
[  332.675075] AAAAA-TCP_FORW: name:enp0s3: saddr:100932208: daddr:16783984
[  332.767014] AAAAA-TCP_FORW: name:enp0s3: saddr:100932208: daddr:16783984
[  332.841671] AAAAA-TCP_FORW: name:enp0s3: saddr:33561200: daddr:100932208
[  332.884507] AAAAA-TCP_FORW: name:enp0s3: saddr:33561200: daddr:100932208
[  332.933915] AAAAA-TCP_FORW: name:enp0s3: saddr:100932208: daddr:33561200
[  332.975044] AAAAA-TCP_FORW: name:enp0s3: saddr:100932208: daddr:33561200
[  333.172781] AAAAA-TCP_FORW: name:enp0s3: saddr:100932208: daddr:33561200
[  333.249003] AAAAA-TCP_FORW: name:enp0s3: saddr:33561200: daddr:100932208
[  333.265685] AAAAA-TCP_FORW: name:enp0s3: saddr:100932208: daddr:33561200
[  333.366312] AAAAA-TCP_FORW: name:enp0s3: saddr:100932208: daddr:33561200
[  333.439415] AAAAA-TCP_FORW: name:enp0s3: saddr:100932208: daddr:33561200
[  333.466191] AAAAA-TCP_FORW: name:enp0s3: saddr:33561200: daddr:100932208
[  333.479944] AAAAA-TCP_FORW: name:enp0s3: saddr:100932208: daddr:33561200
[  333.527490] AAAAA-TCP_FORW: name:enp0s3: saddr:100932208: daddr:33561200
[  333.577247] AAAAA-TCP_FORW: name:enp0s3: saddr:100932208: daddr:33561200
[  333.603960] AAAAA-TCP_FORW: name:enp0s3: saddr:33561200: daddr:100932208
[  333.617516] AAAAA-TCP_FORW: name:enp0s3: saddr:100932208: daddr:33561200
[  333.635029] AAAAA-TCP_FORW: name:enp0s3: saddr:33561200: daddr:100932208
[  333.663793] AAAAA-TCP_FORW: name:enp0s3: saddr:100932208: daddr:33561200
[  333.741336] AAAAA-TCP_FORW: name:enp0s3: saddr:33561200: daddr:100932208
[  333.743279] AAAAA-TCP_FORW: name:enp0s3: saddr:100932208: daddr:33561200
[  333.817368] AAAAA-TCP_FORW: name:enp0s3: saddr:100932208: daddr:33561200
[  333.852682] AAAAA-TCP_FORW: name:enp0s3: saddr:33561200: daddr:100932208
[  333.863305] AAAAA-TCP_FORW: name:enp0s3: saddr:100932208: daddr:33561200
[  333.915460] AAAAA-TCP_FORW: name:enp0s3: saddr:100932208: daddr:33561200
[  333.935611] AAAAA-TCP_FORW: name:enp0s3: saddr:33561200: daddr:100932208
[  334.052197] AAAAA-TCP_FORW: name:enp0s3: saddr:16783984: daddr:100932208
[  334.168922] AAAAA-TCP_FORW: name:enp0s3: saddr:100932208: daddr:33561200
[  334.200221] AAAAA-TCP_FORW: name:enp0s3: saddr:100932208: daddr:33561200
[  334.211738] AAAAA-TCP_FORW: name:enp0s3: saddr:16783984: daddr:100932208
[  334.269763] AAAAA-TCP_FORW: name:enp0s3: saddr:16783984: daddr:100932208
[  334.282767] AAAAA-TCP_FORW: name:enp0s3: saddr:100932208: daddr:33561200
[  334.347501] AAAAA-TCP_FORW: name:enp0s3: saddr:100932208: daddr:33561200
[  334.455427] AAAAA-TCP_FORW: name:enp0s3: saddr:16783984: daddr:100932208
[  334.480853] AAAAA-TCP_FORW: name:enp0s3: saddr:100932208: daddr:33561200
[  334.594787] AAAAA-TCP_FORW: name:enp0s3: saddr:16783984: daddr:100932208
[  334.726752] AAAAA-TCP_FORW: name:enp0s3: saddr:16783984: daddr:100932208
[  334.784637] AAAAA-TCP_FORW: name:enp0s3: saddr:16783984: daddr:100932208
[  334.908147] AAAAA-TCP_FORW: name:enp0s3: saddr:16783984: daddr:100932208
[  334.978482] AAAAA-TCP_FORW: name:enp0s3: saddr:16783984: daddr:100932208
[  335.118180] AAAAA-TCP_FORW: name:enp0s3: saddr:16783984: daddr:100932208
[  335.165578] AAAAA-TCP_FORW: name:enp0s3: saddr:16783984: daddr:100932208
[  335.464882] AAAAA-TCP_FORW: name:enp0s3: saddr:16783984: daddr:100932208
[  335.496565] AAAAA-TCP_FORW: name:enp0s3: saddr:16783984: daddr:100932208
[  335.699861] AAAAA-TCP_FORW: name:enp0s3: saddr:16783984: daddr:100932208
[  335.807654] AAAAA-TCP_FORW: name:enp0s3: saddr:16783984: daddr:100932208
[  336.057444] AAAAA-TCP_FORW: name:enp0s3: saddr:16783984: daddr:100932208
[  336.189181] AAAAA-TCP_FORW: name:enp0s3: saddr:16783984: daddr:100932208
[  336.356808] AAAAA-TCP_FORW: name:enp0s3: saddr:16783984: daddr:100932208
[  336.417530] AAAAA-TCP_FORW: name:enp0s3: saddr:100932208: daddr:16783984
[  336.775223] AAAAA-TCP_FORW: name:enp0s3: saddr:16783984: daddr:100932208
[  336.835465] AAAAA-TCP_FORW: name:enp0s3: saddr:16783984: daddr:100932208
[  336.841000] AAAAA-TCP_FORW: name:enp0s3: saddr:100932208: daddr:16783984
[  337.103540] AAAAA-TCP_FORW: name:enp0s3: saddr:16783984: daddr:100932208
[  337.194157] AAAAA-TCP_FORW: name:enp0s3: saddr:16783984: daddr:100932208
[  337.425663] AAAAA-TCP_FORW: name:enp0s3: saddr:16783984: daddr:100932208
[  337.480995] AAAAA-TCP_FORW: name:enp0s3: saddr:16783984: daddr:100932208
[  337.554311] AAAAA-TCP_FORW: name:enp0s3: saddr:100932208: daddr:16783984
[  337.575692] AAAAA-TCP_FORW: name:enp0s3: saddr:16783984: daddr:100932208
[  337.688928] AAAAA-TCP_FORW: name:enp0s3: saddr:33561200: daddr:100932208
[  337.759062] AAAAA-TCP_FORW: name:enp0s3: saddr:33561200: daddr:100932208
[  337.879938] AAAAA-TCP_FORW: name:enp0s3: saddr:33561200: daddr:100932208
[  337.941652] AAAAA-TCP_FORW: name:enp0s3: saddr:33561200: daddr:100932208
[  338.057693] AAAAA-TCP_FORW: name:enp0s3: saddr:33561200: daddr:100932208
[  338.113610] AAAAA-TCP_FORW: name:enp0s3: saddr:33561200: daddr:100932208
[  338.143396] AAAAA-TCP_FORW: name:enp0s3: saddr:33561200: daddr:100932208
[  338.165293] AAAAA-TCP_FORW: name:enp0s3: saddr:33561200: daddr:100932208
[  338.218986] AAAAA-TCP_FORW: name:enp0s3: saddr:33561200: daddr:100932208
[  338.272236] AAAAA-TCP_FORW: name:enp0s3: saddr:100932208: daddr:33561200
[  338.312674] AAAAA-TCP_FORW: name:enp0s3: saddr:33561200: daddr:100932208
[  338.375629] AAAAA-TCP_FORW: name:enp0s3: saddr:100932208: daddr:33561200
[  338.397157] AAAAA-TCP_FORW: name:enp0s3: saddr:33561200: daddr:100932208
[  338.432070] AAAAA-TCP_FORW: name:enp0s3: saddr:33561200: daddr:100932208
[  338.449102] AAAAA-TCP_FORW: name:enp0s3: saddr:100932208: daddr:33561200
[  338.482605] AAAAA-TCP_FORW: name:enp0s3: saddr:100932208: daddr:33561200
[  338.489837] AAAAA-TCP_FORW: name:enp0s3: saddr:33561200: daddr:100932208
[  338.527480] AAAAA-TCP_FORW: name:enp0s3: saddr:33561200: daddr:100932208
[  338.595229] AAAAA-TCP_FORW: name:enp0s3: saddr:100932208: daddr:33561200
[  338.647940] AAAAA-TCP_FORW: name:enp0s3: saddr:100932208: daddr:33561200
[  338.681447] AAAAA-TCP_FORW: name:enp0s3: saddr:33561200: daddr:100932208
[  338.765952] AAAAA-TCP_FORW: name:enp0s3: saddr:33561200: daddr:100932208
[  338.795319] AAAAA-TCP_FORW: name:enp0s3: saddr:33561200: daddr:100932208
[  338.874104] AAAAA-TCP_FORW: name:enp0s3: saddr:33561200: daddr:100932208
[  338.907296] AAAAA-TCP_FORW: name:enp0s3: saddr:33561200: daddr:100932208
[  338.938437] AAAAA-TCP_FORW: name:enp0s3: saddr:33561200: daddr:100932208
[  339.108801] AAAAA-TCP_FORW: name:enp0s3: saddr:16783984: daddr:100932208
[  339.193712] AAAAA-TCP_FORW: name:enp0s3: saddr:16783984: daddr:100932208
[  339.267696] AAAAA-TCP_FORW: name:enp0s3: saddr:16783984: daddr:100932208
[  339.448134] AAAAA-TCP_FORW: name:enp0s3: saddr:33561200: daddr:100932208
[  339.572049] AAAAA-TCP_FORW: name:enp0s3: saddr:33561200: daddr:100932208
[  339.604949] AAAAA-TCP_FORW: name:enp0s3: saddr:33561200: daddr:100932208
[  339.647784] AAAAA-TCP_FORW: name:enp0s3: saddr:33561200: daddr:100932208
[  339.684722] AAAAA-TCP_FORW: name:enp0s3: saddr:33561200: daddr:100932208
[  339.755231] AAAAA-TCP_FORW: name:enp0s3: saddr:33561200: daddr:100932208
[  361.251833] AAAAA-TCP_FORW: name:enp0s3: saddr:100932208: daddr:33561200
[  361.288843] AAAAA-TCP_FORW: name:enp0s3: saddr:100932208: daddr:33561200
[  361.314193] AAAAA-TCP_FORW: name:enp0s3: saddr:100932208: daddr:33561200
[  361.344140] AAAAA-TCP_FORW: name:enp0s3: saddr:100932208: daddr:33561200
[  361.365895] AAAAA-TCP_FORW: name:enp0s3: saddr:100932208: daddr:33561200
[  361.423232] AAAAA-TCP_FORW: name:enp0s3: saddr:100932208: daddr:33561200
[  361.464276] AAAAA-TCP_FORW: name:enp0s3: saddr:100932208: daddr:33561200
[  361.534036] AAAAA-TCP_FORW: name:enp0s3: saddr:100932208: daddr:33561200
[  361.571320] AAAAA-TCP_FORW: name:enp0s3: saddr:33561200: daddr:100932208
[  361.596825] AAAAA-TCP_FORW: name:enp0s3: saddr:100932208: daddr:33561200
[  361.641738] AAAAA-TCP_FORW: name:enp0s3: saddr:100932208: daddr:33561200
[  361.654471] AAAAA-TCP_FORW: name:enp0s3: saddr:100932208: daddr:33561200
[  361.721297] AAAAA-TCP_FORW: name:enp0s3: saddr:100932208: daddr:33561200
[  361.785228] AAAAA-TCP_FORW: name:enp0s3: saddr:100932208: daddr:33561200
[  361.857546] AAAAA-TCP_FORW: name:enp0s3: saddr:100932208: daddr:33561200
[  361.924016] AAAAA-TCP_FORW: name:enp0s3: saddr:100932208: daddr:33561200
[  361.953173] AAAAA-TCP_FORW: name:enp0s3: saddr:100932208: daddr:33561200
[  361.965051] AAAAA-TCP_FORW: name:enp0s3: saddr:33561200: daddr:100932208
[  362.004245] AAAAA-TCP_FORW: name:enp0s3: saddr:100932208: daddr:33561200
[  362.063734] AAAAA-TCP_FORW: name:enp0s3: saddr:100932208: daddr:33561200
[  362.082266] AAAAA-TCP_FORW: name:enp0s3: saddr:33561200: daddr:100932208
[  362.113881] AAAAA-TCP_FORW: name:enp0s3: saddr:100932208: daddr:33561200
[  362.197920] AAAAA-TCP_FORW: name:enp0s3: saddr:100932208: daddr:16783984
[  362.263162] AAAAA-TCP_FORW: name:enp0s3: saddr:100932208: daddr:16783984
[  362.307752] AAAAA-TCP_FORW: name:enp0s3: saddr:100932208: daddr:16783984
[  362.321512] AAAAA-TCP_FORW: name:enp0s3: saddr:33561200: daddr:100932208
[  362.354117] AAAAA-TCP_FORW: name:enp0s3: saddr:100932208: daddr:16783984
[  362.398515] AAAAA-TCP_FORW: name:enp0s3: saddr:100932208: daddr:16783984
[  362.438334] AAAAA-TCP_FORW: name:enp0s3: saddr:100932208: daddr:16783984
[  362.490362] AAAAA-TCP_FORW: name:enp0s3: saddr:33561200: daddr:100932208
[  362.507525] AAAAA-TCP_FORW: name:enp0s3: saddr:100932208: daddr:16783984
[  362.590730] AAAAA-TCP_FORW: name:enp0s3: saddr:100932208: daddr:16783984
[  362.697938] AAAAA-TCP_FORW: name:enp0s3: saddr:100932208: daddr:16783984
[  362.704130] AAAAA-TCP_FORW: name:enp0s3: saddr:33561200: daddr:100932208
[  362.731429] AAAAA-TCP_FORW: name:enp0s3: saddr:33561200: daddr:100932208
[  362.786905] AAAAA-TCP_FORW: name:enp0s3: saddr:100932208: daddr:16783984
[  362.829828] AAAAA-TCP_FORW: name:enp0s3: saddr:100932208: daddr:16783984
[  362.903712] AAAAA-TCP_FORW: name:enp0s3: saddr:100932208: daddr:16783984
[  362.947045] AAAAA-TCP_FORW: name:enp0s3: saddr:33561200: daddr:100932208
[  362.961198] AAAAA-TCP_FORW: name:enp0s3: saddr:100932208: daddr:16783984
[  362.983165] AAAAA-TCP_FORW: name:enp0s3: saddr:100932208: daddr:16783984
[  363.033494] AAAAA-TCP_FORW: name:enp0s3: saddr:100932208: daddr:16783984
[  363.079408] AAAAA-TCP_FORW: name:enp0s3: saddr:100932208: daddr:33561200
[  363.112509] AAAAA-TCP_FORW: name:enp0s3: saddr:100932208: daddr:33561200
[  363.161361] AAAAA-TCP_FORW: name:enp0s3: saddr:100932208: daddr:33561200
[  363.168215] AAAAA-TCP_FORW: name:enp0s3: saddr:33561200: daddr:100932208
[  363.259087] AAAAA-TCP_FORW: name:enp0s3: saddr:100932208: daddr:33561200
[  363.328446] AAAAA-TCP_FORW: name:enp0s3: saddr:100932208: daddr:33561200
[  363.387117] AAAAA-TCP_FORW: name:enp0s3: saddr:100932208: daddr:33561200
[  363.398761] AAAAA-TCP_FORW: name:enp0s3: saddr:33561200: daddr:100932208
[  363.480988] AAAAA-TCP_FORW: name:enp0s3: saddr:100932208: daddr:33561200
[  363.511581] AAAAA-TCP_FORW: name:enp0s3: saddr:100932208: daddr:33561200
[  363.665880] AAAAA-TCP_FORW: name:enp0s3: saddr:33561200: daddr:100932208
[  363.769659] AAAAA-TCP_FORW: name:enp0s3: saddr:100932208: daddr:33561200
[  363.783097] AAAAA-TCP_FORW: name:enp0s3: saddr:33561200: daddr:100932208
[  363.816385] AAAAA-TCP_FORW: name:enp0s3: saddr:33561200: daddr:100932208
[  363.827824] AAAAA-TCP_FORW: name:enp0s3: saddr:100932208: daddr:33561200
[  363.871203] AAAAA-TCP_FORW: name:enp0s3: saddr:100932208: daddr:33561200
[  363.894218] AAAAA-TCP_FORW: name:enp0s3: saddr:100932208: daddr:16783984
[  363.964367] AAAAA-TCP_FORW: name:enp0s3: saddr:100932208: daddr:33561200
[  364.012284] AAAAA-TCP_FORW: name:enp0s3: saddr:100932208: daddr:33561200
[  364.137382] AAAAA-TCP_FORW: name:enp0s3: saddr:33561200: daddr:100932208
[  364.201127] AAAAA-TCP_FORW: name:enp0s3: saddr:33561200: daddr:100932208
[  364.287897] AAAAA-TCP_FORW: name:enp0s3: saddr:100932208: daddr:33561200
[  364.338536] AAAAA-TCP_FORW: name:enp0s3: saddr:100932208: daddr:33561200
[  364.530358] AAAAA-TCP_FORW: name:enp0s3: saddr:100932208: daddr:33561200
[  364.560616] AAAAA-TCP_FORW: name:enp0s3: saddr:33561200: daddr:100932208
[  364.642521] AAAAA-TCP_FORW: name:enp0s3: saddr:100932208: daddr:33561200
[  364.735045] AAAAA-TCP_FORW: name:enp0s3: saddr:100932208: daddr:16783984
[  364.802869] AAAAA-TCP_FORW: name:enp0s3: saddr:100932208: daddr:33561200
[  364.851661] AAAAA-TCP_FORW: name:enp0s3: saddr:100932208: daddr:33561200
[  364.894137] AAAAA-TCP_FORW: name:enp0s3: saddr:33561200: daddr:100932208
[  364.961027] AAAAA-TCP_FORW: name:enp0s3: saddr:33561200: daddr:100932208
[  365.186808] AAAAA-TCP_FORW: name:enp0s3: saddr:100932208: daddr:33561200
[  365.256602] AAAAA-TCP_FORW: name:enp0s3: saddr:100932208: daddr:33561200
[  365.313643] AAAAA-TCP_FORW: name:enp0s3: saddr:33561200: daddr:100932208
[  365.373500] AAAAA-TCP_FORW: name:enp0s3: saddr:16783984: daddr:100932208
[  365.473500] AAAAA-TCP_FORW: name:enp0s3: saddr:16783984: daddr:100932208
[  365.551561] AAAAA-TCP_FORW: name:enp0s3: saddr:100932208: daddr:33561200
[  365.599712] AAAAA-TCP_FORW: name:enp0s3: saddr:16783984: daddr:100932208
[  365.632470] AAAAA-TCP_FORW: name:enp0s3: saddr:100932208: daddr:33561200
[  365.651391] AAAAA-TCP_FORW: name:enp0s3: saddr:100932208: daddr:16783984
[  365.766657] AAAAA-TCP_FORW: name:enp0s3: saddr:100932208: daddr:33561200
[  365.800028] AAAAA-TCP_FORW: name:enp0s3: saddr:16783984: daddr:100932208
[  365.821331] AAAAA-TCP_FORW: name:enp0s3: saddr:100932208: daddr:33561200
[  365.867144] AAAAA-TCP_FORW: name:enp0s3: saddr:16783984: daddr:100932208
[  365.881672] AAAAA-TCP_FORW: name:enp0s3: saddr:100932208: daddr:33561200
[  365.959485] AAAAA-TCP_FORW: name:enp0s3: saddr:100932208: daddr:33561200
[  365.969972] AAAAA-TCP_FORW: name:enp0s3: saddr:16783984: daddr:100932208
[  366.126532] AAAAA-TCP_FORW: name:enp0s3: saddr:100932208: daddr:33561200
[  366.148980] AAAAA-TCP_FORW: name:enp0s3: saddr:16783984: daddr:100932208
[  366.174535] AAAAA-TCP_FORW: name:enp0s3: saddr:100932208: daddr:33561200
[  366.228653] AAAAA-TCP_FORW: name:enp0s3: saddr:100932208: daddr:33561200
[  366.434932] AAAAA-TCP_FORW: name:enp0s3: saddr:16783984: daddr:100932208
[  366.506464] AAAAA-TCP_FORW: name:enp0s3: saddr:16783984: daddr:100932208
[  366.534666] AAAAA-TCP_FORW: name:enp0s3: saddr:100932208: daddr:33561200
[  366.577569] AAAAA-TCP_FORW: name:enp0s3: saddr:100932208: daddr:33561200
[  366.746990] AAAAA-TCP_FORW: name:enp0s3: saddr:100932208: daddr:33561200
[  366.790071] AAAAA-TCP_FORW: name:enp0s3: saddr:100932208: daddr:16783984
[  366.794062] AAAAA-TCP_FORW: name:enp0s3: saddr:16783984: daddr:100932208
[  366.835033] AAAAA-TCP_FORW: name:enp0s3: saddr:16783984: daddr:100932208
[  366.869186] AAAAA-TCP_FORW: name:enp0s3: saddr:100932208: daddr:33561200
[  366.919310] AAAAA-TCP_FORW: name:enp0s3: saddr:16783984: daddr:100932208
[  366.944358] AAAAA-TCP_FORW: name:enp0s3: saddr:100932208: daddr:33561200
[  366.967084] AAAAA-TCP_FORW: name:enp0s3: saddr:100932208: daddr:33561200
[  367.055742] AAAAA-TCP_FORW: name:enp0s3: saddr:100932208: daddr:33561200
[  367.095243] AAAAA-TCP_FORW: name:enp0s3: saddr:16783984: daddr:100932208
[  367.122577] AAAAA-TCP_FORW: name:enp0s3: saddr:100932208: daddr:16783984
[  367.162940] AAAAA-TCP_FORW: name:enp0s3: saddr:100932208: daddr:16783984
[  367.248974] AAAAA-TCP_FORW: name:enp0s3: saddr:100932208: daddr:16783984
[  367.308182] AAAAA-TCP_FORW: name:enp0s3: saddr:16783984: daddr:100932208
[  367.315884] AAAAA-TCP_FORW: name:enp0s3: saddr:100932208: daddr:16783984
[  367.387439] AAAAA-TCP_FORW: name:enp0s3: saddr:100932208: daddr:16783984
[  367.430490] AAAAA-TCP_FORW: name:enp0s3: saddr:16783984: daddr:100932208
[  367.458727] AAAAA-TCP_FORW: name:enp0s3: saddr:100932208: daddr:16783984
[  367.545096] AAAAA-TCP_FORW: name:enp0s3: saddr:33561200: daddr:100932208
[  367.589350] AAAAA-TCP_FORW: name:enp0s3: saddr:100932208: daddr:16783984
[  367.633208] AAAAA-TCP_FORW: name:enp0s3: saddr:100932208: daddr:16783984
[  367.636747] AAAAA-TCP_FORW: name:enp0s3: saddr:16783984: daddr:100932208
[  367.661845] AAAAA-TCP_FORW: name:enp0s3: saddr:16783984: daddr:100932208
[  367.682843] AAAAA-TCP_FORW: name:enp0s3: saddr:100932208: daddr:16783984
[  367.710682] AAAAA-TCP_FORW: name:enp0s3: saddr:100932208: daddr:16783984
[  367.783688] AAAAA-TCP_FORW: name:enp0s3: saddr:33561200: daddr:100932208
[  367.799673] AAAAA-TCP_FORW: name:enp0s3: saddr:16783984: daddr:100932208
[  367.836166] AAAAA-TCP_FORW: name:enp0s3: saddr:100932208: daddr:16783984
[  367.848127] AAAAA-TCP_FORW: name:enp0s3: saddr:33561200: daddr:100932208
[  367.869281] AAAAA-TCP_FORW: name:enp0s3: saddr:100932208: daddr:16783984
[  367.944073] AAAAA-TCP_FORW: name:enp0s3: saddr:100932208: daddr:16783984
[  368.013364] AAAAA-TCP_FORW: name:enp0s3: saddr:100932208: daddr:16783984
[  368.026612] AAAAA-TCP_FORW: name:enp0s3: saddr:33561200: daddr:100932208
[  368.041810] AAAAA-TCP_FORW: name:enp0s3: saddr:100932208: daddr:16783984
