[    0.000000] Linux version 5.4.243-dmptcp (root@ztg) (gcc version 12.2.0 (Debian 12.2.0-14+deb12u1)) #119 SMP Wed Dec 24 23:52:51 CST 2025
[    0.000000] Command line: BOOT_IMAGE=/boot/vmlinuz-5.4.243-dmptcp root=UUID=98415a12-53b7-4144-8265-0f7ece09e445 ro quiet splash
[    0.000000] KERNEL supported cpus:
[    0.000000]   Intel GenuineIntel
[    0.000000]   AMD AuthenticAMD
[    0.000000]   Hygon HygonGenuine
[    0.000000]   Centaur CentaurHauls
[    0.000000]   zhaoxin   Shanghai  
[    0.000000] x86/fpu: Supporting XSAVE feature 0x001: 'x87 floating point registers'
[    0.000000] x86/fpu: Supporting XSAVE feature 0x002: 'SSE registers'
[    0.000000] x86/fpu: Supporting XSAVE feature 0x004: 'AVX registers'
[    0.000000] x86/fpu: xstate_offset[2]:  576, xstate_sizes[2]:  256
[    0.000000] x86/fpu: Enabled xstate features 0x7, context size is 832 bytes, using 'standard' format.
[    0.000000] BIOS-provided physical RAM map:
[    0.000000] BIOS-e820: [mem 0x0000000000000000-0x000000000009fbff] usable
[    0.000000] BIOS-e820: [mem 0x000000000009fc00-0x000000000009ffff] reserved
[    0.000000] BIOS-e820: [mem 0x00000000000f0000-0x00000000000fffff] reserved
[    0.000000] BIOS-e820: [mem 0x0000000000100000-0x000000007ffeffff] usable
[    0.000000] BIOS-e820: [mem 0x000000007fff0000-0x000000007fffffff] ACPI data
[    0.000000] BIOS-e820: [mem 0x00000000fec00000-0x00000000fec00fff] reserved
[    0.000000] BIOS-e820: [mem 0x00000000fee00000-0x00000000fee00fff] reserved
[    0.000000] BIOS-e820: [mem 0x00000000fffc0000-0x00000000ffffffff] reserved
[    0.000000] NX (Execute Disable) protection: active
[    0.000000] SMBIOS 2.5 present.
[    0.000000] DMI: innotek GmbH VirtualBox/VirtualBox, BIOS VirtualBox 12/01/2006
[    0.000000] Hypervisor detected: KVM
[    0.000000] kvm-clock: Using msrs 4b564d01 and 4b564d00
[    0.000000] kvm-clock: cpu 0, msr ec01001, primary cpu clock
[    0.000000] kvm-clock: using sched offset of 4474200160 cycles
[    0.000003] clocksource: kvm-clock: mask: 0xffffffffffffffff max_cycles: 0x1cd42e4dffb, max_idle_ns: 881590591483 ns
[    0.000005] tsc: Detected 2100.000 MHz processor
[    0.001897] e820: update [mem 0x00000000-0x00000fff] usable ==> reserved
[    0.001899] e820: remove [mem 0x000a0000-0x000fffff] usable
[    0.001903] last_pfn = 0x7fff0 max_arch_pfn = 0x400000000
[    0.001975] MTRR default type: uncachable
[    0.001976] MTRR fixed ranges enabled:
[    0.001977]   00000-9FFFF write-back
[    0.001977]   A0000-BFFFF uncachable
[    0.001978]   C0000-FFFFF write-protect
[    0.001979] MTRR variable ranges enabled:
[    0.001980]   0 base 000000000000 mask 3FFF80000000 write-back
[    0.001981]   1 disabled
[    0.001981]   2 disabled
[    0.001982]   3 disabled
[    0.001982]   4 disabled
[    0.001982]   5 disabled
[    0.001983]   6 disabled
[    0.001983]   7 disabled
[    0.001984]   8 disabled
[    0.001984]   9 disabled
[    0.001985]   10 disabled
[    0.001985]   11 disabled
[    0.001985]   12 disabled
[    0.001986]   13 disabled
[    0.001986]   14 disabled
[    0.001987]   15 disabled
[    0.002004] x86/PAT: Configuration [0-7]: WB  WC  UC- UC  WB  WP  UC- WT  
[    0.002141] found SMP MP-table at [mem 0x0009fff0-0x0009ffff]
[    0.092009] check: Scanning 1 areas for low memory corruption
[    0.092266] RAMDISK: [mem 0x32271000-0x3512ffff]
[    0.092276] ACPI: Early table checksum verification disabled
[    0.092294] ACPI: RSDP 0x00000000000E0000 000024 (v02 VBOX  )
[    0.092300] ACPI: XSDT 0x000000007FFF0030 00003C (v01 VBOX   VBOXXSDT 00000001 ASL  00000061)
[    0.092307] ACPI: FACP 0x000000007FFF00F0 0000F4 (v04 VBOX   VBOXFACP 00000001 ASL  00000061)
[    0.092314] ACPI: DSDT 0x000000007FFF02E0 002353 (v02 VBOX   VBOXBIOS 00000002 VBOX 00029BF3)
[    0.092318] ACPI: FACS 0x000000007FFF0200 000040
[    0.092322] ACPI: FACS 0x000000007FFF0200 000040
[    0.092325] ACPI: APIC 0x000000007FFF0240 000054 (v02 VBOX   VBOXAPIC 00000001 ASL  00000061)
[    0.092329] ACPI: SSDT 0x000000007FFF02A0 000038 (v01 VBOX   VBOXCPUT 00000002 VBOX 00029BF3)
[    0.092332] ACPI: Reserving FACP table memory at [mem 0x7fff00f0-0x7fff01e3]
[    0.092333] ACPI: Reserving DSDT table memory at [mem 0x7fff02e0-0x7fff2632]
[    0.092333] ACPI: Reserving FACS table memory at [mem 0x7fff0200-0x7fff023f]
[    0.092334] ACPI: Reserving FACS table memory at [mem 0x7fff0200-0x7fff023f]
[    0.092335] ACPI: Reserving APIC table memory at [mem 0x7fff0240-0x7fff0293]
[    0.092336] ACPI: Reserving SSDT table memory at [mem 0x7fff02a0-0x7fff02d7]
[    0.092351] ACPI: Local APIC address 0xfee00000
[    0.092558] No NUMA configuration found
[    0.092559] Faking a node at [mem 0x0000000000000000-0x000000007ffeffff]
[    0.092570] NODE_DATA(0) allocated [mem 0x7ffc5000-0x7ffeffff]
[    0.093894] Zone ranges:
[    0.093896]   DMA      [mem 0x0000000000001000-0x0000000000ffffff]
[    0.093897]   DMA32    [mem 0x0000000001000000-0x000000007ffeffff]
[    0.093898]   Normal   empty
[    0.093899]   Device   empty
[    0.093900] Movable zone start for each node
[    0.093902] Early memory node ranges
[    0.093902]   node   0: [mem 0x0000000000001000-0x000000000009efff]
[    0.093903]   node   0: [mem 0x0000000000100000-0x000000007ffeffff]
[    0.094938] Zeroed struct page in unavailable ranges: 114 pages
[    0.094939] Initmem setup node 0 [mem 0x0000000000001000-0x000000007ffeffff]
[    0.094941] On node 0 totalpages: 524174
[    0.094942]   DMA zone: 64 pages used for memmap
[    0.094943]   DMA zone: 21 pages reserved
[    0.094944]   DMA zone: 3998 pages, LIFO batch:0
[    0.095029]   DMA32 zone: 8128 pages used for memmap
[    0.095029]   DMA32 zone: 520176 pages, LIFO batch:63
[    0.104725] ACPI: PM-Timer IO Port: 0x4008
[    0.104730] ACPI: Local APIC address 0xfee00000
[    0.104803] IOAPIC[0]: apic_id 1, version 32, address 0xfec00000, GSI 0-23
[    0.104807] ACPI: INT_SRC_OVR (bus 0 bus_irq 0 global_irq 2 dfl dfl)
[    0.104809] ACPI: INT_SRC_OVR (bus 0 bus_irq 9 global_irq 9 low level)
[    0.104811] ACPI: IRQ0 used by override.
[    0.104812] ACPI: IRQ9 used by override.
[    0.104815] Using ACPI (MADT) for SMP configuration information
[    0.104824] smpboot: Allowing 1 CPUs, 0 hotplug CPUs
[    0.104850] PM: Registered nosave memory: [mem 0x00000000-0x00000fff]
[    0.104851] PM: Registered nosave memory: [mem 0x0009f000-0x0009ffff]
[    0.104852] PM: Registered nosave memory: [mem 0x000a0000-0x000effff]
[    0.104853] PM: Registered nosave memory: [mem 0x000f0000-0x000fffff]
[    0.104855] [mem 0x80000000-0xfebfffff] available for PCI devices
[    0.104857] Booting paravirtualized kernel on KVM
[    0.104860] clocksource: refined-jiffies: mask: 0xffffffff max_cycles: 0xffffffff, max_idle_ns: 7645519600211568 ns
[    0.104866] setup_percpu: NR_CPUS:8192 nr_cpumask_bits:1 nr_cpu_ids:1 nr_node_ids:1
[    0.106390] percpu: Embedded 60 pages/cpu s208896 r8192 d28672 u2097152
[    0.106395] pcpu-alloc: s208896 r8192 d28672 u2097152 alloc=1*2097152
[    0.106396] pcpu-alloc: [0] 0 
[    0.106427] Built 1 zonelists, mobility grouping on.  Total pages: 515961
[    0.106428] Policy zone: DMA32
[    0.106429] Kernel command line: BOOT_IMAGE=/boot/vmlinuz-5.4.243-dmptcp root=UUID=98415a12-53b7-4144-8265-0f7ece09e445 ro quiet splash
[    0.107684] Dentry cache hash table entries: 262144 (order: 9, 2097152 bytes, linear)
[    0.107952] Inode-cache hash table entries: 131072 (order: 8, 1048576 bytes, linear)
[    0.108008] mem auto-init: stack:off, heap alloc:on, heap free:off
[    0.108011] Calgary: detecting Calgary via BIOS EBDA area
[    0.108012] Calgary: Unable to locate Rio Grande table in EBDA - bailing!
[    0.113235] Memory: 1967332K/2096696K available (14339K kernel code, 2399K rwdata, 4716K rodata, 2728K init, 17260K bss, 129364K reserved, 0K cma-reserved)
[    0.114558] SLUB: HWalign=64, Order=0-3, MinObjects=0, CPUs=1, Nodes=1
[    0.114576] ftrace: allocating 43203 entries in 169 pages
[    0.134808] rcu: Hierarchical RCU implementation.
[    0.134810] rcu: 	RCU restricting CPUs from NR_CPUS=8192 to nr_cpu_ids=1.
[    0.134811] 	Tasks RCU enabled.
[    0.134812] rcu: RCU calculated value of scheduler-enlistment delay is 25 jiffies.
[    0.134813] rcu: Adjusting geometry for rcu_fanout_leaf=16, nr_cpu_ids=1
[    0.137894] NR_IRQS: 524544, nr_irqs: 256, preallocated irqs: 16
[    0.138119] random: crng init done
[    0.147461] Console: colour VGA+ 80x25
[    0.147467] printk: console [tty0] enabled
[    0.147492] ACPI: Core revision 20190816
[    0.147602] APIC: Switch to symmetric I/O mode setup
[    0.147857] x2apic enabled
[    0.148096] Switched APIC routing to physical x2apic.
[    0.149246] ..TIMER: vector=0x30 apic1=0 pin1=2 apic2=-1 pin2=-1
[    0.149273] clocksource: tsc-early: mask: 0xffffffffffffffff max_cycles: 0x1e4530a99b6, max_idle_ns: 440795257976 ns
[    0.149280] Calibrating delay loop (skipped) preset value.. 4200.00 BogoMIPS (lpj=8400000)
[    0.149282] pid_max: default: 32768 minimum: 301
[    0.149314] LSM: Security Framework initializing
[    0.149324] Yama: becoming mindful.
[    0.149356] AppArmor: AppArmor initialized
[    0.149393] Mount-cache hash table entries: 4096 (order: 3, 32768 bytes, linear)
[    0.149400] Mountpoint-cache hash table entries: 4096 (order: 3, 32768 bytes, linear)
[    0.149412] *** VALIDATE tmpfs ***
[    0.149552] *** VALIDATE proc ***
[    0.149600] *** VALIDATE cgroup1 ***
[    0.149602] *** VALIDATE cgroup2 ***
[    0.149750] process: using mwait in idle threads
[    0.149755] Last level iTLB entries: 4KB 64, 2MB 8, 4MB 8
[    0.149756] Last level dTLB entries: 4KB 64, 2MB 0, 4MB 0, 1GB 4
[    0.149779] Spectre V1 : Mitigation: usercopy/swapgs barriers and __user pointer sanitization
[    0.149785] Spectre V2 : Mitigation: Retpolines
[    0.149785] Spectre V2 : Spectre v2 / SpectreRSB mitigation: Filling RSB on context switch
[    0.149786] Spectre V2 : Spectre v2 / SpectreRSB : Filling RSB on VMEXIT
[    0.149787] RETBleed: WARNING: Spectre v2 mitigation leaves CPU vulnerable to RETBleed attacks, data leaks possible!
[    0.150138] RETBleed: Vulnerable
[    0.150139] Speculative Store Bypass: Vulnerable
[    0.150145] TAA: Mitigation: TSX disabled
[    0.150145] MMIO Stale Data: Mitigation: Clear CPU buffers
[    0.154895] Freeing SMP alternatives memory: 40K
[    0.267581] APIC calibration not consistent with PM-Timer: 101ms instead of 100ms
[    0.267583] APIC delta adjusted to PM-Timer: 6249743 (6327247)
[    0.267669] smpboot: CPU0: Intel(R) Xeon(R) Silver 4216 CPU @ 2.10GHz (family: 0x6, model: 0x55, stepping: 0x7)
[    0.267882] Performance Events: unsupported p6 CPU model 85 no PMU driver, software events only.
[    0.267930] rcu: Hierarchical SRCU implementation.
[    0.268533] NMI watchdog: Perf NMI watchdog permanently disabled
[    0.268585] smp: Bringing up secondary CPUs ...
[    0.268586] smp: Brought up 1 node, 1 CPU
[    0.268587] smpboot: Max logical packages: 1
[    0.268588] smpboot: Total of 1 processors activated (4200.00 BogoMIPS)
[    0.269276] devtmpfs: initialized
[    0.269276] x86/mm: Memory block size: 128MB
[    0.269276] clocksource: jiffies: mask: 0xffffffff max_cycles: 0xffffffff, max_idle_ns: 7645041785100000 ns
[    0.269276] futex hash table entries: 256 (order: 2, 16384 bytes, linear)
[    0.269276] pinctrl core: initialized pinctrl subsystem
[    0.269276] PM: RTC time: 11:01:11, date: 2026-01-10
[    0.269276] NET: Registered protocol family 16
[    0.269276] audit: initializing netlink subsys (disabled)
[    0.269276] EISA bus registered
[    0.269276] cpuidle: using governor ladder
[    0.269276] cpuidle: using governor menu
[    0.269276] ACPI: bus type PCI registered
[    0.269276] acpiphp: ACPI Hot Plug PCI Controller Driver version: 0.5
[    0.269276] PCI: Using configuration type 1 for base access
[    0.270585] audit: type=2000 audit(1768014078.185:1): state=initialized audit_enabled=0 res=1
[    0.270681] HugeTLB registered 2.00 MiB page size, pre-allocated 0 pages
[    0.271608] ACPI: Added _OSI(Module Device)
[    0.271608] ACPI: Added _OSI(Processor Device)
[    0.271609] ACPI: Added _OSI(3.0 _SCP Extensions)
[    0.271610] ACPI: Added _OSI(Processor Aggregator Device)
[    0.271611] ACPI: Added _OSI(Linux-Dell-Video)
[    0.271612] ACPI: Added _OSI(Linux-Lenovo-NV-HDMI-Audio)
[    0.271613] ACPI: Added _OSI(Linux-HPI-Hybrid-Graphics)
[    0.273559] ACPI: 2 ACPI AML tables successfully acquired and loaded
[    0.275082] ACPI: Interpreter enabled
[    0.275093] ACPI: (supports S0 S5)
[    0.275094] ACPI: Using IOAPIC for interrupt routing
[    0.275300] PCI: Using host bridge windows from ACPI; if necessary, use "pci=nocrs" and report a bug
[    0.275405] ACPI: Enabled 2 GPEs in block 00 to 07
[    0.280496] ACPI: PCI Root Bridge [PCI0] (domain 0000 [bus 00-ff])
[    0.280503] acpi PNP0A03:00: _OSC: OS supports [ASPM ClockPM Segments MSI HPX-Type3]
[    0.280949] acpi PNP0A03:00: _OSC: not requesting OS control; OS requires [ExtendedConfig ASPM ClockPM MSI]
[    0.280957] acpi PNP0A03:00: fail to add MMCONFIG information, can't access extended PCI configuration space under this bridge.
[    0.281359] PCI host bridge to bus 0000:00
[    0.281362] pci_bus 0000:00: root bus resource [io  0x0000-0x0cf7 window]
[    0.281363] pci_bus 0000:00: root bus resource [io  0x0d00-0xffff window]
[    0.281364] pci_bus 0000:00: root bus resource [mem 0x000a0000-0x000bffff window]
[    0.281365] pci_bus 0000:00: root bus resource [mem 0x80000000-0xfdffffff window]
[    0.281367] pci_bus 0000:00: root bus resource [bus 00-ff]
[    0.281408] pci 0000:00:00.0: [8086:1237] type 00 class 0x060000
[    0.282338] pci 0000:00:01.0: [8086:7000] type 00 class 0x060100
[    0.283071] pci 0000:00:01.1: [8086:7111] type 00 class 0x01018a
[    0.283437] pci 0000:00:01.1: reg 0x20: [io  0xd000-0xd00f]
[    0.283605] pci 0000:00:01.1: legacy IDE quirk: reg 0x10: [io  0x01f0-0x01f7]
[    0.283606] pci 0000:00:01.1: legacy IDE quirk: reg 0x14: [io  0x03f6]
[    0.283607] pci 0000:00:01.1: legacy IDE quirk: reg 0x18: [io  0x0170-0x0177]
[    0.283608] pci 0000:00:01.1: legacy IDE quirk: reg 0x1c: [io  0x0376]
[    0.284139] pci 0000:00:02.0: [15ad:0405] type 00 class 0x030000
[    0.287194] pci 0000:00:02.0: reg 0x10: [io  0xd010-0xd01f]
[    0.289325] pci 0000:00:02.0: reg 0x14: [mem 0xe0000000-0xe7ffffff pref]
[    0.293323] pci 0000:00:02.0: reg 0x18: [mem 0xf0000000-0xf01fffff]
[    0.304592] pci 0000:00:03.0: [1022:2000] type 00 class 0x020000
[    0.305355] pci 0000:00:03.0: reg 0x10: [io  0xd020-0xd03f]
[    0.305987] pci 0000:00:03.0: reg 0x14: [mem 0xf0200000-0xf0200fff]
[    0.309635] pci 0000:00:04.0: [80ee:cafe] type 00 class 0x088000
[    0.310308] pci 0000:00:04.0: reg 0x10: [io  0xd040-0xd05f]
[    0.310918] pci 0000:00:04.0: reg 0x14: [mem 0xf0400000-0xf07fffff]
[    0.311525] pci 0000:00:04.0: reg 0x18: [mem 0xf0800000-0xf0803fff pref]
[    0.314638] pci 0000:00:07.0: [8086:7113] type 00 class 0x068000
[    0.315179] pci 0000:00:07.0: quirk: [io  0x4000-0x403f] claimed by PIIX4 ACPI
[    0.315192] pci 0000:00:07.0: quirk: [io  0x4100-0x410f] claimed by PIIX4 SMB
[    0.315799] pci 0000:00:08.0: [8086:100e] type 00 class 0x020000
[    0.316498] pci 0000:00:08.0: reg 0x10: [mem 0xf0820000-0xf083ffff]
[    0.317394] pci 0000:00:08.0: reg 0x18: [io  0xd060-0xd067]
[    0.320607] pci 0000:00:09.0: [8086:100e] type 00 class 0x020000
[    0.321954] pci 0000:00:09.0: reg 0x10: [mem 0xf0840000-0xf085ffff]
[    0.323102] pci 0000:00:09.0: reg 0x18: [io  0xd068-0xd06f]
[    0.334080] ACPI: PCI Interrupt Link [LNKA] (IRQs 5 9 10 *11)
[    0.334364] ACPI: PCI Interrupt Link [LNKB] (IRQs 5 9 *10 11)
[    0.334462] ACPI: PCI Interrupt Link [LNKC] (IRQs 5 *9 10 11)
[    0.334566] ACPI: PCI Interrupt Link [LNKD] (IRQs 5 9 10 *11)
[    0.334881] iommu: Default domain type: Translated 
[    0.334943] pci 0000:00:02.0: vgaarb: setting as boot VGA device
[    0.334945] pci 0000:00:02.0: vgaarb: VGA device added: decodes=io+mem,owns=io+mem,locks=none
[    0.334949] pci 0000:00:02.0: vgaarb: bridge control possible
[    0.334950] vgaarb: loaded
[    0.335190] SCSI subsystem initialized
[    0.335228] libata version 3.00 loaded.
[    0.335254] ACPI: bus type USB registered
[    0.335270] usbcore: registered new interface driver usbfs
[    0.335278] usbcore: registered new interface driver hub
[    0.335284] usbcore: registered new device driver usb
[    0.335315] pps_core: LinuxPPS API ver. 1 registered
[    0.335316] pps_core: Software ver. 5.3.6 - Copyright 2005-2007 Rodolfo Giometti <giometti@linux.it>
[    0.335321] PTP clock support registered
[    0.335362] EDAC MC: Ver: 3.0.0
[    0.335665] PCI: Using ACPI for IRQ routing
[    0.335666] PCI: pci_cache_line_size set to 64 bytes
[    0.335847] e820: reserve RAM buffer [mem 0x0009fc00-0x0009ffff]
[    0.335851] e820: reserve RAM buffer [mem 0x7fff0000-0x7fffffff]
[    0.337065] NetLabel: Initializing
[    0.337066] NetLabel:  domain hash size = 128
[    0.337066] NetLabel:  protocols = UNLABELED CIPSOv4 CALIPSO
[    0.337089] NetLabel:  unlabeled traffic allowed by default
[    0.338131] clocksource: Switched to clocksource kvm-clock
[    0.351765] *** VALIDATE bpf ***
[    0.351765] VFS: Disk quotas dquot_6.6.0
[    0.351765] VFS: Dquot-cache hash table entries: 512 (order 0, 4096 bytes)
[    0.351765] *** VALIDATE ramfs ***
[    0.351765] *** VALIDATE hugetlbfs ***
[    0.351765] AppArmor: AppArmor Filesystem Enabled
[    0.351765] pnp: PnP ACPI init
[    0.355133] pnp 00:00: Plug and Play ACPI device, IDs PNP0303 (active)
[    0.355211] pnp 00:01: Plug and Play ACPI device, IDs PNP0f03 (active)
[    0.355968] pnp: PnP ACPI: found 2 devices
[    0.356980] thermal_sys: Registered thermal governor 'fair_share'
[    0.356980] thermal_sys: Registered thermal governor 'bang_bang'
[    0.356981] thermal_sys: Registered thermal governor 'step_wise'
[    0.356982] thermal_sys: Registered thermal governor 'user_space'
[    0.356982] thermal_sys: Registered thermal governor 'power_allocator'
[    0.361497] clocksource: acpi_pm: mask: 0xffffff max_cycles: 0xffffff, max_idle_ns: 2085701024 ns
[    0.361541] pci_bus 0000:00: resource 4 [io  0x0000-0x0cf7 window]
[    0.361542] pci_bus 0000:00: resource 5 [io  0x0d00-0xffff window]
[    0.361544] pci_bus 0000:00: resource 6 [mem 0x000a0000-0x000bffff window]
[    0.361545] pci_bus 0000:00: resource 7 [mem 0x80000000-0xfdffffff window]
[    0.361611] NET: Registered protocol family 2
[    0.361724] IP idents hash table entries: 32768 (order: 6, 262144 bytes, linear)
[    0.362198] MPTCP tokens hash table entries: 8192 (order: 4, 65536 bytes, linear)
[    0.362229] MPTCP request tokens hash table entries: 8192 (order: 4, 65536 bytes, linear)
[    0.362256] default registered
[    0.362256] default registered
[    0.362257] MPTCP: Stable release v0.96
[    0.362265] tcp_listen_portaddr_hash hash table entries: 1024 (order: 2, 16384 bytes, linear)
[    0.362395] TCP established hash table entries: 16384 (order: 5, 131072 bytes, linear)
[    0.362491] TCP bind hash table entries: 16384 (order: 6, 262144 bytes, linear)
[    0.362517] TCP: Hash tables configured (established 16384 bind 16384)
[    0.363662] UDP hash table entries: 1024 (order: 3, 32768 bytes, linear)
[    0.363678] UDP-Lite hash table entries: 1024 (order: 3, 32768 bytes, linear)
[    0.363728] NET: Registered protocol family 1
[    0.363738] NET: Registered protocol family 44
[    0.363761] pci 0000:00:00.0: Limiting direct PCI/PCI transfers
[    0.363773] pci 0000:00:01.0: Activating ISA DMA hang workarounds
[    0.363828] pci 0000:00:02.0: Video device with shadowed ROM at [mem 0x000c0000-0x000dffff]
[    0.363888] PCI: CLS 0 bytes, default 64
[    0.363944] Trying to unpack rootfs image as initramfs...
[    0.597925] Freeing initrd memory: 47868K
[    0.598033] clocksource: tsc: mask: 0xffffffffffffffff max_cycles: 0x1e4530a99b6, max_idle_ns: 440795257976 ns
[    0.598045] clocksource: Switched to clocksource tsc
[    0.598104] platform rtc_cmos: registered platform RTC device (no PNP device found)
[    0.598128] check: Scanning for low memory corruption every 60 seconds
[    0.598516] Initialise system trusted keyrings
[    0.598528] Key type blacklist registered
[    0.598579] workingset: timestamp_bits=36 max_order=19 bucket_order=0
[    0.599979] zbud: loaded
[    0.600366] squashfs: version 4.0 (2009/01/31) Phillip Lougher
[    0.600512] fuse: init (API version 7.31)
[    0.600529] *** VALIDATE fuse ***
[    0.600531] *** VALIDATE fuse ***
[    0.600678] Platform Keyring initialized
[    0.600678] Key type asymmetric registered
[    0.600678] Asymmetric key parser 'x509' registered
[    0.600678] Block layer SCSI generic (bsg) driver version 0.4 loaded (major 244)
[    0.600678] io scheduler mq-deadline registered
[    0.600678] shpchp: Standard Hot Plug PCI Controller Driver version: 0.4
[    0.604168] ACPI: AC Adapter [AC] (on-line)
[    0.604220] input: Power Button as /devices/LNXSYSTM:00/LNXPWRBN:00/input/input0
[    0.604249] ACPI: Power Button [PWRF]
[    0.604331] input: Sleep Button as /devices/LNXSYSTM:00/LNXSLPBN:00/input/input1
[    0.604346] ACPI: Sleep Button [SLPF]
[    0.604593] Serial: 8250/16550 driver, 32 ports, IRQ sharing enabled
[    0.605874] Linux agpgart interface v0.103
[    0.695222] loop: module loaded
[    0.695428] ata_piix 0000:00:01.1: version 2.13
[    0.695908] scsi host0: ata_piix
[    0.696021] scsi host1: ata_piix
[    0.696051] ata1: PATA max UDMA/33 cmd 0x1f0 ctl 0x3f6 bmdma 0xd000 irq 14
[    0.696052] ata2: PATA max UDMA/33 cmd 0x170 ctl 0x376 bmdma 0xd008 irq 15
[    0.696158] tun: Universal TUN/TAP device driver, 1.6
[    0.696500] PPP generic driver version 2.4.2
[    0.696555] VFIO - User Level meta-driver version: 0.3
[    0.696820] ehci_hcd: USB 2.0 'Enhanced' Host Controller (EHCI) Driver
[    0.696824] ehci-pci: EHCI PCI platform driver
[    0.696845] ehci-platform: EHCI generic platform driver
[    0.696852] ohci_hcd: USB 1.1 'Open' Host Controller (OHCI) Driver
[    0.696854] ohci-pci: OHCI PCI platform driver
[    0.696860] ohci-platform: OHCI generic platform driver
[    0.696866] uhci_hcd: USB Universal Host Controller Interface driver
[    0.696949] i8042: PNP: PS/2 Controller [PNP0303:PS2K,PNP0f03:PS2M] at 0x60,0x64 irq 1,12
[    0.697421] serio: i8042 KBD port at 0x60,0x64 irq 1
[    0.697425] serio: i8042 AUX port at 0x60,0x64 irq 12
[    0.697528] mousedev: PS/2 mouse device common for all mice
[    0.697814] input: AT Translated Set 2 keyboard as /devices/platform/i8042/serio0/input/input2
[    0.698249] rtc_cmos rtc_cmos: registered as rtc0
[    0.698263] rtc_cmos rtc_cmos: alarms up to one day, 114 bytes nvram
[    0.698269] i2c /dev entries driver
[    0.698326] device-mapper: uevent: version 1.0.3
[    0.698372] device-mapper: ioctl: 4.41.0-ioctl (2019-09-16) initialised: dm-devel@redhat.com
[    0.698396] platform eisa.0: Probing EISA bus 0
[    0.698398] platform eisa.0: EISA: Cannot allocate resource for mainboard
[    0.698400] platform eisa.0: Cannot allocate resource for EISA slot 1
[    0.698401] platform eisa.0: Cannot allocate resource for EISA slot 2
[    0.698402] platform eisa.0: Cannot allocate resource for EISA slot 3
[    0.698403] platform eisa.0: Cannot allocate resource for EISA slot 4
[    0.698404] platform eisa.0: Cannot allocate resource for EISA slot 5
[    0.698405] platform eisa.0: Cannot allocate resource for EISA slot 6
[    0.698406] platform eisa.0: Cannot allocate resource for EISA slot 7
[    0.698407] platform eisa.0: Cannot allocate resource for EISA slot 8
[    0.698408] platform eisa.0: EISA: Detected 0 cards
[    0.698412] intel_pstate: CPU model not supported
[    0.698428] ledtrig-cpu: registered to indicate activity on CPUs
[    0.698495] drop_monitor: Initializing network drop monitor service
[    0.698679] NET: Registered protocol family 10
[    0.703429] Segment Routing with IPv6
[    0.703429] fullmesh registered
[    0.703429] ndiffports registered
[    0.703429] binder registered
[    0.703429] roundrobin registered
[    0.703429] mps registered
[    0.703429] redundant registered
[    0.703429] blest registered
[    0.703429] ecf registered
[    0.703429] NET: Registered protocol family 17
[    0.703429] Key type dns_resolver registered
[    0.703429] RAS: Correctable Errors collector initialized.
[    0.703429] IPI shorthand broadcast: enabled
[    0.703429] sched_clock: Marking stable (688261318, 11168676)->(701242001, -1812007)
[    0.704905] registered taskstats version 1
[    0.704919] Loading compiled-in X.509 certificates
[    0.705558] Loaded X.509 cert 'Build time autogenerated kernel key: 6909f3744cebb3d0de528d5887b96a727de79b1e'
[    0.705580] zswap: loaded using pool lzo/zbud
[    0.705643] Key type ._fscrypt registered
[    0.705643] Key type .fscrypt registered
[    0.710451] Key type big_key registered
[    0.712898] Key type encrypted registered
[    0.712901] AppArmor: AppArmor sha1 policy hashing enabled
[    0.712909] ima: No TPM chip found, activating TPM-bypass!
[    0.712914] ima: Allocated hash algorithm: sha1
[    0.712922] ima: No architecture policies found
[    0.712933] evm: Initialising EVM extended attributes:
[    0.712934] evm: security.selinux
[    0.712934] evm: security.SMACK64
[    0.712935] evm: security.SMACK64EXEC
[    0.712935] evm: security.SMACK64TRANSMUTE
[    0.712936] evm: security.SMACK64MMAP
[    0.712936] evm: security.apparmor
[    0.712937] evm: security.ima
[    0.712937] evm: security.capability
[    0.712938] evm: HMAC attrs: 0x1
[    0.713290] PM:   Magic number: 10:845:23
[    0.713415] rtc_cmos rtc_cmos: setting system clock to 2026-01-10T11:01:12 UTC (1768042872)
[    0.867294] ata1.00: ATA-6: VBOX HARDDISK, 1.0, max UDMA/133
[    0.867296] ata1.00: 209715200 sectors, multi 128: LBA 
[    0.867795] scsi 0:0:0:0: Direct-Access     ATA      VBOX HARDDISK    1.0  PQ: 0 ANSI: 5
[    0.868022] sd 0:0:0:0: [sda] 209715200 512-byte logical blocks: (107 GB/100 GiB)
[    0.868030] sd 0:0:0:0: [sda] Write Protect is off
[    0.868032] sd 0:0:0:0: [sda] Mode Sense: 00 3a 00 00
[    0.868044] sd 0:0:0:0: [sda] Write cache: enabled, read cache: enabled, doesn't support DPO or FUA
[    0.868299] sd 0:0:0:0: Attached scsi generic sg0 type 0
[    0.868829]  sda: sda1 sda2
[    0.879333] sd 0:0:0:0: [sda] Attached SCSI disk
[    0.881697] Freeing unused decrypted memory: 2040K
[    0.882796] Freeing unused kernel image memory: 2728K
[    0.882798] Write protecting the kernel read-only data: 22528k
[    0.883813] Freeing unused kernel image memory: 2036K
[    0.884407] Freeing unused kernel image memory: 1428K
[    0.899633] x86/mm: Checked W+X mappings: passed, no W+X pages found.
[    0.899637] Run /init as init process
[    1.010347] ACPI: Video Device [GFX0] (multi-head: yes  rom: no  post: no)
[    1.010434] input: Video Bus as /devices/LNXSYSTM:00/LNXSYBUS:00/PNP0A03:00/LNXVIDEO:00/input/input4
[    1.023587] pcnet32: pcnet32.c:v1.35 21.Apr.2008 tsbogend@alpha.franken.de
[    1.025421] piix4_smbus 0000:00:07.0: SMBus Host Controller at 0x4100, revision 0
[    1.028096] e1000: Intel(R) PRO/1000 Network Driver - version 7.3.21-k8-NAPI
[    1.028097] e1000: Copyright (c) 1999-2006 Intel Corporation.
[    1.041350] pcnet32: PCnet/FAST III 79C973 at 0xd020, 08:00:27:8e:2d:99 assigned IRQ 19
[    1.041400] pcnet32: Found PHY 0022:561b at address 0
[    1.041728] pcnet32: eth0: registered as PCnet/FAST III 79C973
[    1.049797] pcnet32: 1 cards_found
[    1.104067] pcnet32 0000:00:03.0 enp0s3: renamed from eth0
[    1.244930] input: ImExPS/2 Generic Explorer Mouse as /devices/platform/i8042/serio1/input/input5
[    1.447627] e1000 0000:00:08.0 eth0: (PCI:33MHz:32-bit) 08:00:27:06:d1:1a
[    1.447632] e1000 0000:00:08.0 eth0: Intel(R) PRO/1000 Network Connection
[    1.819635] e1000 0000:00:09.0 eth1: (PCI:33MHz:32-bit) 08:00:27:66:d5:ec
[    1.819639] e1000 0000:00:09.0 eth1: Intel(R) PRO/1000 Network Connection
[    1.821007] e1000 0000:00:09.0 enp0s9: renamed from eth1
[    1.822974] e1000 0000:00:08.0 enp0s8: renamed from eth0
[    1.978434] EXT4-fs (sda2): mounted filesystem with ordered data mode. Opts: (null)
[    2.075633] systemd[1]: Inserted module 'autofs4'
[    2.087565] systemd[1]: systemd 245.4-4ubuntu3 running in system mode. (+PAM +AUDIT +SELINUX +IMA +APPARMOR +SMACK +SYSVINIT +UTMP +LIBCRYPTSETUP +GCRYPT +GNUTLS +ACL +XZ +LZ4 +SECCOMP +BLKID +ELFUTILS +KMOD +IDN2 -IDN +PCRE2 default-hierarchy=hybrid)
[    2.087596] systemd[1]: Detected virtualization oracle.
[    2.087600] systemd[1]: Detected architecture x86-64.
[    2.088945] systemd[1]: Set hostname to <ztg>.
[    2.262056] systemd[1]: /lib/systemd/system/dbus.socket:5: ListenStream= references a path below legacy directory /var/run/, updating /var/run/dbus/system_bus_socket â†’ /run/dbus/system_bus_socket; please update the unit file accordingly.
[    2.318273] systemd[1]: Created slice system-modprobe.slice.
[    2.318496] systemd[1]: Created slice User and Session Slice.
[    2.318563] systemd[1]: Started Forward Password Requests to Wall Directory Watch.
[    2.318748] systemd[1]: Set up automount Arbitrary Executable File Formats File System Automount Point.
[    2.318783] systemd[1]: Reached target User and Group Name Lookups.
[    2.318792] systemd[1]: Reached target Remote File Systems.
[    2.318800] systemd[1]: Reached target Slices.
[    2.319464] systemd[1]: Listening on Syslog Socket.
[    2.319536] systemd[1]: Listening on fsck to fsckd communication Socket.
[    2.319579] systemd[1]: Listening on initctl Compatibility Named Pipe.
[    2.319724] systemd[1]: Listening on Journal Audit Socket.
[    2.319778] systemd[1]: Listening on Journal Socket (/dev/log).
[    2.319849] systemd[1]: Listening on Journal Socket.
[    2.319917] systemd[1]: Listening on udev Control Socket.
[    2.319957] systemd[1]: Listening on udev Kernel Socket.
[    2.320801] systemd[1]: Mounting Huge Pages File System...
[    2.321843] systemd[1]: Mounting POSIX Message Queue File System...
[    2.322784] systemd[1]: Mounting Kernel Debug File System...
[    2.324152] systemd[1]: Mounting Kernel Trace File System...
[    2.350536] systemd[1]: Starting Journal Service...
[    2.352790] systemd[1]: Starting Set the console keyboard layout...
[    2.360858] systemd[1]: Starting Create list of static device nodes for the current kernel...
[    2.366279] systemd[1]: Starting Load Kernel Module drm...
[    2.367730] systemd[1]: Condition check resulted in Set Up Additional Binary Formats being skipped.
[    2.367778] systemd[1]: Condition check resulted in File System Check on Root Device being skipped.
[    2.383923] systemd[1]: Starting Load Kernel Modules...
[    2.388907] systemd[1]: Starting Remount Root and Kernel File Systems...
[    2.396767] systemd[1]: Starting udev Coldplug all Devices...
[    2.422943] systemd[1]: Starting Uncomplicated firewall...
[    2.425663] systemd[1]: Mounted Huge Pages File System.
[    2.425765] systemd[1]: Mounted POSIX Message Queue File System.
[    2.425846] systemd[1]: Mounted Kernel Debug File System.
[    2.425924] systemd[1]: Mounted Kernel Trace File System.
[    2.427477] EXT4-fs (sda2): re-mounted. Opts: errors=remount-ro
[    2.447293] systemd[1]: Finished Create list of static device nodes for the current kernel.
[    2.448467] systemd[1]: modprobe@drm.service: Succeeded.
[    2.450224] systemd[1]: Finished Load Kernel Module drm.
[    2.457632] systemd[1]: Finished Remount Root and Kernel File Systems.
[    2.458857] systemd[1]: Finished Uncomplicated firewall.
[    2.476266] systemd[1]: Condition check resulted in Rebuild Hardware Database being skipped.
[    2.476306] systemd[1]: Condition check resulted in Platform Persistent Storage Archival being skipped.
[    2.478230] lp: driver loaded but no devices found
[    2.479741] systemd[1]: Starting Load/Save Random Seed...
[    2.486865] systemd[1]: Starting Create System Users...
[    2.492462] ppdev: user-space parallel port driver
[    2.499466] systemd[1]: Finished Load/Save Random Seed.
[    2.508347] systemd[1]: Finished Create System Users.
[    2.509155] systemd[1]: Starting Create Static Device Nodes in /dev...
[    2.556385] systemd[1]: Finished Create Static Device Nodes in /dev.
[    2.557465] systemd[1]: Starting udev Kernel Device Manager...
[    2.583652] systemd[1]: Finished udev Coldplug all Devices.
[    2.584655] [drm] DMA map mode: Caching DMA mappings.
[    2.584720] [drm] Capabilities:
[    2.584721] [drm]   Rect copy.
[    2.584721] [drm]   Cursor.
[    2.584721] [drm]   Cursor bypass.
[    2.584722] [drm]   Cursor bypass 2.
[    2.584722] [drm]   Alpha cursor.
[    2.584723] [drm]   Extended Fifo.
[    2.584723] [drm]   Pitchlock.
[    2.584723] [drm]   Irq mask.
[    2.584724] [drm]   GMR.
[    2.584724] [drm]   Traces.
[    2.584724] [drm]   GMR2.
[    2.584725] [drm]   Screen Object 2.
[    2.584725] [drm]   Command Buffers.
[    2.584726] [drm]   Command Buffers 2.
[    2.584726] [drm]   Guest Backed Resources.
[    2.584727] [drm] Max GMR ids is 8192
[    2.584728] [drm] Max number of GMR pages is 1048576
[    2.584728] [drm] Max dedicated hypervisor surface memory is 393216 kiB
[    2.584729] [drm] Maximum display memory size is 131072 kiB
[    2.584730] [drm] VRAM at 0xe0000000 size is 131072 kiB
[    2.584730] [drm] MMIO at 0xf0000000 size is 2048 kiB
[    2.585397] [TTM] Zone  kernel: Available graphics memory: 1011736 KiB
[    2.585397] [TTM] Initializing pool allocator
[    2.585401] [TTM] Initializing DMA pool allocator
[    2.585434] [drm] Supports vblank timestamp caching Rev 2 (21.10.2013).
[    2.585434] [drm] No driver support for vblank timestamp query.
[    2.586856] [drm] Screen Target Display device initialized
[    2.587254] [drm] width 720
[    2.587264] [drm] height 400
[    2.587268] [drm] bpp 32
[    2.587915] [drm] Fifo max 0x00200000 min 0x00001000 cap 0x00000355
[    2.591171] [drm] Using command buffers with DMA pool.
[    2.591176] [drm] DX: no.
[    2.591176] [drm] Atomic: yes.
[    2.591177] [drm] SM4_1: no.
[    2.591199] [drm:vmw_host_log [vmwgfx]] *ERROR* Failed to send host log message.
[    2.592667] [drm:vmw_host_log [vmwgfx]] *ERROR* Failed to send host log message.
[    2.619512] fbcon: svgadrmfb (fb0) is primary device
[    2.622602] Console: switching to colour frame buffer device 100x37
[    2.630584] [drm] Initialized vmwgfx 2.15.0 20180704 for 0000:00:02.0 on minor 0
[    2.632303] systemd[1]: Finished Load Kernel Modules.
[    2.633374] systemd[1]: Mounting FUSE Control File System...
[    2.634427] systemd[1]: Mounting Kernel Configuration File System...
[    2.635355] systemd[1]: Starting Apply Kernel Variables...
[    2.677041] systemd[1]: Finished Set the console keyboard layout.
[    2.677182] systemd[1]: Reached target Local File Systems (Pre).
[    2.680634] systemd[1]: Mounting Mount unit for bare, revision 5...
[    2.685997] systemd[1]: Mounting Mount unit for core18, revision 1705...
[    2.715200] systemd[1]: Mounting Mount unit for core22, revision 2193...
[    2.724091] systemd[1]: Mounting Mount unit for gnome-3-34-1804, revision 24...
[    2.731374] systemd[1]: Mounting Mount unit for gnome-42-2204, revision 226...
[    2.734561] systemd[1]: Mounting Mount unit for gtk-common-themes, revision 1506...
[    2.744170] systemd[1]: Mounting Mount unit for gtk-common-themes, revision 1535...
[    2.760401] systemd[1]: Mounting Mount unit for snap-store, revision 1216...
[    2.772690] systemd[1]: Mounting Mount unit for snap-store, revision 433...
[    2.807852] systemd[1]: Mounting Mount unit for snapd, revision 25577...
[    2.810925] systemd[1]: Started udev Kernel Device Manager.
[    2.811114] systemd[1]: Mounted FUSE Control File System.
[    2.811211] systemd[1]: Mounted Kernel Configuration File System.
[    2.822701] systemd[1]: Finished Apply Kernel Variables.
[    2.823965] systemd[1]: Mounted Mount unit for bare, revision 5.
[    2.824073] systemd[1]: Mounted Mount unit for core18, revision 1705.
[    2.824161] systemd[1]: Mounted Mount unit for core22, revision 2193.
[    2.824249] systemd[1]: Mounted Mount unit for gnome-3-34-1804, revision 24.
[    2.824331] systemd[1]: Mounted Mount unit for gtk-common-themes, revision 1506.
[    2.824418] systemd[1]: Condition check resulted in VMware vmblock fuse mount being skipped.
[    2.827758] systemd[1]: Starting Show Plymouth Boot Screen...
[    2.834611] systemd[1]: Received SIGRTMIN+20 from PID 283 (plymouthd).
[    2.859106] systemd[1]: Started Show Plymouth Boot Screen.
[    2.859374] systemd[1]: Condition check resulted in Dispatch Password Requests to Console Directory Watch being skipped.
[    2.859494] systemd[1]: Started Forward Password Requests to Plymouth Directory Watch.
[    2.859569] systemd[1]: Reached target Local Encrypted Volumes.
[    2.927808] systemd[1]: Mounted Mount unit for gnome-42-2204, revision 226.
[    2.928161] systemd[1]: Mounted Mount unit for gtk-common-themes, revision 1535.
[    2.958721] systemd[1]: Mounted Mount unit for snapd, revision 25577.
[    3.041124] systemd[1]: Mounted Mount unit for snap-store, revision 1216.
[    3.041438] systemd[1]: Mounted Mount unit for snap-store, revision 433.
[    3.043242] systemd[1]: Reached target Local File Systems.
[    3.054973] systemd[1]: Starting Load AppArmor profiles...
[    3.063278] systemd[1]: Starting Set console font and keymap...
[    3.068686] systemd[1]: Starting Tell Plymouth To Write Out Runtime Data...
[    3.076364] systemd[1]: Condition check resulted in Store a System Token in an EFI Variable being skipped.
[    3.076413] systemd[1]: Condition check resulted in Commit a transient machine-id on disk being skipped.
[    3.077349] systemd[1]: Finished Set console font and keymap.
[    3.083627] systemd[1]: Received SIGRTMIN+20 from PID 283 (plymouthd).
[    3.084779] systemd[1]: plymouth-read-write.service: Succeeded.
[    3.085042] systemd[1]: Finished Tell Plymouth To Write Out Runtime Data.
[    3.115958] audit: type=1400 audit(1768042874.900:2): apparmor="STATUS" operation="profile_load" profile="unconfined" name="nvidia_modprobe" pid=305 comm="apparmor_parser"
[    3.115961] audit: type=1400 audit(1768042874.900:3): apparmor="STATUS" operation="profile_load" profile="unconfined" name="nvidia_modprobe//kmod" pid=305 comm="apparmor_parser"
[    3.122039] audit: type=1400 audit(1768042874.904:4): apparmor="STATUS" operation="profile_load" profile="unconfined" name="/usr/sbin/tcpdump" pid=306 comm="apparmor_parser"
[    3.168841] audit: type=1400 audit(1768042874.944:5): apparmor="STATUS" operation="profile_load" profile="unconfined" name="/usr/bin/evince" pid=308 comm="apparmor_parser"
[    3.168843] audit: type=1400 audit(1768042874.944:6): apparmor="STATUS" operation="profile_load" profile="unconfined" name="/usr/bin/evince//sanitized_helper" pid=308 comm="apparmor_parser"
[    3.168847] audit: type=1400 audit(1768042874.944:7): apparmor="STATUS" operation="profile_load" profile="unconfined" name="/usr/bin/evince-previewer" pid=308 comm="apparmor_parser"
[    3.168848] audit: type=1400 audit(1768042874.944:8): apparmor="STATUS" operation="profile_load" profile="unconfined" name="/usr/bin/evince-previewer//sanitized_helper" pid=308 comm="apparmor_parser"
[    3.168850] audit: type=1400 audit(1768042874.944:9): apparmor="STATUS" operation="profile_load" profile="unconfined" name="/usr/bin/evince-thumbnailer" pid=308 comm="apparmor_parser"
[    3.198980] audit: type=1400 audit(1768042874.980:10): apparmor="STATUS" operation="profile_load" profile="unconfined" name="/usr/lib/cups/backend/cups-pdf" pid=309 comm="apparmor_parser"
[    3.260874] systemd[1]: Finished Load AppArmor profiles.
[    3.261977] systemd[1]: Starting Load AppArmor profiles managed internally by snapd...
[    3.360377] systemd[1]: Started Journal Service.
[    3.372018] systemd-journald[229]: Received client request to flush runtime journal.
[    3.379633] systemd-journald[229]: File /var/log/journal/c455b248004a419c87ce85eea238d727/system.journal corrupted or uncleanly shut down, renaming and replacing.
[    4.814381] RAPL PMU: API unit is 2^-32 Joules, 0 fixed counters, 10737418240 ms ovfl timer
[    4.899289] cryptd: max_cpu_qlen set to 1000
[    4.949011] AVX2 version of gcm_enc/dec engaged.
[    4.949012] AES CTR mode by8 optimization enabled
[    7.091850] Adding 1998844k swap on /dev/sda1.  Priority:-2 extents:1 across:1998844k FS
[    7.787973] AAAAA: Error looking up destination IP: 369098976 - net/ipv4/ip_output.c: 285: dac_mps_nexthops
[    7.896868] AAAAA: Error looking up destination IP: 4211081440 - net/ipv4/ip_output.c: 285: dac_mps_nexthops
[    8.155057] AAAAA: Error looking up destination IP: 4211081440 - net/ipv4/ip_output.c: 285: dac_mps_nexthops
[    8.400742] AAAAA: Error looking up destination IP: 4211081440 - net/ipv4/ip_output.c: 285: dac_mps_nexthops
[    8.610605] AAAAA: Error looking up destination IP: 369098976 - net/ipv4/ip_output.c: 285: dac_mps_nexthops
[    8.610834] AAAAA: Error looking up destination IP: 4211081440 - net/ipv4/ip_output.c: 285: dac_mps_nexthops
[    8.625355] kauditd_printk_skb: 31 callbacks suppressed
[    8.625366] audit: type=1400 audit(1768042880.408:42): apparmor="DENIED" operation="capable" profile="/usr/sbin/cups-browsed" pid=574 comm="cups-browsed" capability=23  capname="sys_nice"
[    8.733489] AAAAA: Error looking up destination IP: 4211081440 - net/ipv4/ip_output.c: 285: dac_mps_nexthops
[    9.675277] pcnet32 0000:00:03.0 enp0s3: link up, 100Mbps, full-duplex
[    9.678715] AAAAA: Error looking up destination IP: 4211081440 - net/ipv4/ip_output.c: 285: dac_mps_nexthops
[    9.724844] e1000: enp0s8 NIC Link is Up 1000 Mbps Full Duplex, Flow Control: RX
[    9.725143] IPv6: ADDRCONF(NETDEV_CHANGE): enp0s8: link becomes ready
[    9.727005] AAAAA: Error looking up destination IP: 4211081440 - net/ipv4/ip_output.c: 285: dac_mps_nexthops
[    9.741781] e1000: enp0s9 NIC Link is Up 1000 Mbps Full Duplex, Flow Control: RX
[    9.742078] IPv6: ADDRCONF(NETDEV_CHANGE): enp0s9: link becomes ready
[   10.454025] device enp0s3 entered promiscuous mode
[   10.496751] audit: type=1400 audit(1768042882.280:43): apparmor="DENIED" operation="open" profile="/usr/sbin/tcpdump" name="/proc/sys/kernel/random/boot_id" pid=712 comm="tcpdump" requested_mask="r" denied_mask="r" fsuid=0 ouid=0
[   10.497054] audit: type=1400 audit(1768042882.280:44): apparmor="DENIED" operation="open" profile="/usr/sbin/tcpdump" name="/proc/sys/kernel/random/boot_id" pid=712 comm="tcpdump" requested_mask="r" denied_mask="r" fsuid=0 ouid=0
[   10.497614] audit: type=1400 audit(1768042882.280:45): apparmor="DENIED" operation="open" profile="/usr/sbin/tcpdump" name="/proc/sys/kernel/random/boot_id" pid=712 comm="tcpdump" requested_mask="r" denied_mask="r" fsuid=0 ouid=0
[   10.497774] audit: type=1400 audit(1768042882.280:46): apparmor="DENIED" operation="open" profile="/usr/sbin/tcpdump" name="/proc/sys/kernel/random/boot_id" pid=712 comm="tcpdump" requested_mask="r" denied_mask="r" fsuid=0 ouid=0
[   10.509226] audit: type=1400 audit(1768042882.288:47): apparmor="DENIED" operation="open" profile="/usr/sbin/tcpdump" name="/proc/sys/kernel/random/boot_id" pid=713 comm="tcpdump" requested_mask="r" denied_mask="r" fsuid=0 ouid=0
[   10.509469] audit: type=1400 audit(1768042882.288:48): apparmor="DENIED" operation="open" profile="/usr/sbin/tcpdump" name="/proc/sys/kernel/random/boot_id" pid=713 comm="tcpdump" requested_mask="r" denied_mask="r" fsuid=0 ouid=0
[   10.509597] audit: type=1400 audit(1768042882.288:49): apparmor="DENIED" operation="open" profile="/usr/sbin/tcpdump" name="/proc/sys/kernel/random/boot_id" pid=713 comm="tcpdump" requested_mask="r" denied_mask="r" fsuid=0 ouid=0
[   10.509675] audit: type=1400 audit(1768042882.288:50): apparmor="DENIED" operation="open" profile="/usr/sbin/tcpdump" name="/proc/sys/kernel/random/boot_id" pid=713 comm="tcpdump" requested_mask="r" denied_mask="r" fsuid=0 ouid=0
[   16.817404] rfkill: input handler disabled
[  258.274425] AAAAA-TCP_FORW: name:enp0s3: saddr:100932208: daddr:16783984
[  258.685165] AAAAA-TCP_FORW: name:enp0s3: saddr:100932208: daddr:16783984
[  259.100678] AAAAA-TCP_FORW: name:enp0s3: saddr:100932208: daddr:33561200
[  259.336304] AAAAA-TCP_FORW: name:enp0s3: saddr:100932208: daddr:16783984
[  259.545604] AAAAA-TCP_FORW: name:enp0s3: saddr:100932208: daddr:16783984
[  259.667466] AAAAA-TCP_FORW: name:enp0s3: saddr:100932208: daddr:16783984
[  259.761205] AAAAA-TCP_FORW: name:enp0s3: saddr:100932208: daddr:33561200
[  259.959704] AAAAA-TCP_FORW: name:enp0s3: saddr:100932208: daddr:16783984
[  260.030523] AAAAA-TCP_FORW: name:enp0s3: saddr:100932208: daddr:16783984
[  260.393406] AAAAA-TCP_FORW: name:enp0s3: saddr:100932208: daddr:16783984
[  260.583313] AAAAA-TCP_FORW: name:enp0s3: saddr:100932208: daddr:16783984
[  260.635483] AAAAA-TCP_FORW: name:enp0s3: saddr:100932208: daddr:16783984
[  260.788194] AAAAA-TCP_FORW: name:enp0s3: saddr:100932208: daddr:33561200
[  260.882497] AAAAA-TCP_FORW: name:enp0s3: saddr:100932208: daddr:16783984
[  261.003381] AAAAA-TCP_FORW: name:enp0s3: saddr:100932208: daddr:33561200
[  261.113729] AAAAA-TCP_FORW: name:enp0s3: saddr:100932208: daddr:16783984
[  261.197761] AAAAA-TCP_FORW: name:enp0s3: saddr:100932208: daddr:16783984
[  261.282882] AAAAA-TCP_FORW: name:enp0s3: saddr:100932208: daddr:16783984
[  261.375819] AAAAA-TCP_FORW: name:enp0s3: saddr:100932208: daddr:16783984
[  261.465852] AAAAA-TCP_FORW: name:enp0s3: saddr:100932208: daddr:16783984
[  261.592273] AAAAA-TCP_FORW: name:enp0s3: saddr:100932208: daddr:16783984
[  261.670572] AAAAA-TCP_FORW: name:enp0s3: saddr:100932208: daddr:16783984
[  261.852646] AAAAA-TCP_FORW: name:enp0s3: saddr:100932208: daddr:16783984
[  261.960568] AAAAA-TCP_FORW: name:enp0s3: saddr:100932208: daddr:16783984
[  262.084890] AAAAA-TCP_FORW: name:enp0s3: saddr:100932208: daddr:16783984
[  262.246184] AAAAA-TCP_FORW: name:enp0s3: saddr:100932208: daddr:16783984
[  262.330721] AAAAA-TCP_FORW: name:enp0s3: saddr:100932208: daddr:33561200
[  262.436719] AAAAA-TCP_FORW: name:enp0s3: saddr:100932208: daddr:33561200
[  262.577933] AAAAA-TCP_FORW: name:enp0s3: saddr:100932208: daddr:33561200
[  262.686496] AAAAA-TCP_FORW: name:enp0s3: saddr:100932208: daddr:33561200
[  262.777084] AAAAA-TCP_FORW: name:enp0s3: saddr:100932208: daddr:33561200
[  262.867887] AAAAA-TCP_FORW: name:enp0s3: saddr:100932208: daddr:33561200
[  262.988306] AAAAA-TCP_FORW: name:enp0s3: saddr:100932208: daddr:33561200
[  263.055390] AAAAA-TCP_FORW: name:enp0s3: saddr:100932208: daddr:33561200
[  263.151113] AAAAA-TCP_FORW: name:enp0s3: saddr:100932208: daddr:33561200
[  263.247725] AAAAA-TCP_FORW: name:enp0s3: saddr:100932208: daddr:33561200
[  263.374915] AAAAA-TCP_FORW: name:enp0s3: saddr:100932208: daddr:16783984
[  263.511700] AAAAA-TCP_FORW: name:enp0s3: saddr:100932208: daddr:16783984
[  263.596879] AAAAA-TCP_FORW: name:enp0s3: saddr:100932208: daddr:16783984
[  263.710746] AAAAA-TCP_FORW: name:enp0s3: saddr:100932208: daddr:16783984
[  263.812931] AAAAA-TCP_FORW: name:enp0s3: saddr:100932208: daddr:16783984
[  263.905961] AAAAA-TCP_FORW: name:enp0s3: saddr:100932208: daddr:16783984
[  264.022631] AAAAA-TCP_FORW: name:enp0s3: saddr:100932208: daddr:33561200
[  264.178035] AAAAA-TCP_FORW: name:enp0s3: saddr:100932208: daddr:16783984
[  264.322746] AAAAA-TCP_FORW: name:enp0s3: saddr:100932208: daddr:16783984
[  264.392053] AAAAA-TCP_FORW: name:enp0s3: saddr:100932208: daddr:16783984
[  264.506638] AAAAA-TCP_FORW: name:enp0s3: saddr:100932208: daddr:16783984
[  264.685819] AAAAA-TCP_FORW: name:enp0s3: saddr:100932208: daddr:16783984
[  264.825327] AAAAA-TCP_FORW: name:enp0s3: saddr:100932208: daddr:16783984
[  264.883675] AAAAA-TCP_FORW: name:enp0s3: saddr:100932208: daddr:16783984
[  265.006948] AAAAA-TCP_FORW: name:enp0s3: saddr:100932208: daddr:16783984
[  265.053437] AAAAA-TCP_FORW: name:enp0s3: saddr:100932208: daddr:16783984
[  265.130936] AAAAA-TCP_FORW: name:enp0s3: saddr:100932208: daddr:16783984
[  265.183594] AAAAA-TCP_FORW: name:enp0s3: saddr:100932208: daddr:16783984
[  265.271081] AAAAA-TCP_FORW: name:enp0s3: saddr:100932208: daddr:16783984
[  265.348157] AAAAA-TCP_FORW: name:enp0s3: saddr:100932208: daddr:16783984
[  265.415427] AAAAA-TCP_FORW: name:enp0s3: saddr:100932208: daddr:16783984
[  265.518147] AAAAA-TCP_FORW: name:enp0s3: saddr:100932208: daddr:33561200
[  265.642889] AAAAA-TCP_FORW: name:enp0s3: saddr:100932208: daddr:33561200
[  265.774374] AAAAA-TCP_FORW: name:enp0s3: saddr:100932208: daddr:33561200
[  265.848591] AAAAA-TCP_FORW: name:enp0s3: saddr:100932208: daddr:33561200
[  265.923601] AAAAA-TCP_FORW: name:enp0s3: saddr:100932208: daddr:33561200
[  266.035373] AAAAA-TCP_FORW: name:enp0s3: saddr:100932208: daddr:33561200
[  266.133211] AAAAA-TCP_FORW: name:enp0s3: saddr:100932208: daddr:33561200
[  266.212010] AAAAA-TCP_FORW: name:enp0s3: saddr:100932208: daddr:33561200
[  266.316655] AAAAA-TCP_FORW: name:enp0s3: saddr:100932208: daddr:33561200
[  266.387978] AAAAA-TCP_FORW: name:enp0s3: saddr:100932208: daddr:33561200
[  266.473858] AAAAA-TCP_FORW: name:enp0s3: saddr:100932208: daddr:33561200
[  266.539366] AAAAA-TCP_FORW: name:enp0s3: saddr:100932208: daddr:33561200
[  266.631649] AAAAA-TCP_FORW: name:enp0s3: saddr:100932208: daddr:33561200
[  266.849306] AAAAA-TCP_FORW: name:enp0s3: saddr:100932208: daddr:33561200
[  267.060873] AAAAA-TCP_FORW: name:enp0s3: saddr:100932208: daddr:33561200
[  267.185939] AAAAA-TCP_FORW: name:enp0s3: saddr:100932208: daddr:33561200
[  267.357422] AAAAA-TCP_FORW: name:enp0s3: saddr:100932208: daddr:33561200
[  267.489248] AAAAA-TCP_FORW: name:enp0s3: saddr:100932208: daddr:33561200
[  267.532610] AAAAA-TCP_FORW: name:enp0s3: saddr:100932208: daddr:33561200
[  267.620219] AAAAA-TCP_FORW: name:enp0s3: saddr:100932208: daddr:33561200
[  267.670858] AAAAA-TCP_FORW: name:enp0s3: saddr:100932208: daddr:33561200
[  267.738987] AAAAA-TCP_FORW: name:enp0s3: saddr:100932208: daddr:16783984
[  267.796985] AAAAA-TCP_FORW: name:enp0s3: saddr:100932208: daddr:16783984
[  267.853343] AAAAA-TCP_FORW: name:enp0s3: saddr:100932208: daddr:16783984
[  267.908515] AAAAA-TCP_FORW: name:enp0s3: saddr:100932208: daddr:16783984
[  267.980860] AAAAA-TCP_FORW: name:enp0s3: saddr:100932208: daddr:16783984
[  268.171994] AAAAA-TCP_FORW: name:enp0s3: saddr:100932208: daddr:16783984
[  268.243085] AAAAA-TCP_FORW: name:enp0s3: saddr:100932208: daddr:16783984
[  268.347653] AAAAA-TCP_FORW: name:enp0s3: saddr:100932208: daddr:16783984
[  268.456394] AAAAA-TCP_FORW: name:enp0s3: saddr:100932208: daddr:16783984
[  268.459041] AAAAA-TCP_FORW: name:enp0s3: saddr:100932208: daddr:16783984
[  268.526566] AAAAA-TCP_FORW: name:enp0s3: saddr:100932208: daddr:16783984
[  268.575112] AAAAA-TCP_FORW: name:enp0s3: saddr:100932208: daddr:16783984
[  268.650152] AAAAA-TCP_FORW: name:enp0s3: saddr:100932208: daddr:16783984
[  268.714045] AAAAA-TCP_FORW: name:enp0s3: saddr:100932208: daddr:16783984
[  268.739379] AAAAA-TCP_FORW: name:enp0s3: saddr:100932208: daddr:16783984
[  268.832354] AAAAA-TCP_FORW: name:enp0s3: saddr:100932208: daddr:16783984
[  268.893567] AAAAA-TCP_FORW: name:enp0s3: saddr:100932208: daddr:16783984
[  268.966685] AAAAA-TCP_FORW: name:enp0s3: saddr:100932208: daddr:16783984
[  268.998651] AAAAA-TCP_FORW: name:enp0s3: saddr:100932208: daddr:16783984
[  269.050095] AAAAA-TCP_FORW: name:enp0s3: saddr:100932208: daddr:16783984
[  269.128392] AAAAA-TCP_FORW: name:enp0s3: saddr:100932208: daddr:16783984
[  269.197047] AAAAA-TCP_FORW: name:enp0s3: saddr:100932208: daddr:16783984
[  269.244810] AAAAA-TCP_FORW: name:enp0s3: saddr:100932208: daddr:16783984
[  269.330848] AAAAA-TCP_FORW: name:enp0s3: saddr:100932208: daddr:16783984
[  269.390819] AAAAA-TCP_FORW: name:enp0s3: saddr:100932208: daddr:16783984
[  269.433986] AAAAA-TCP_FORW: name:enp0s3: saddr:100932208: daddr:33561200
[  269.520650] AAAAA-TCP_FORW: name:enp0s3: saddr:100932208: daddr:33561200
[  269.600912] AAAAA-TCP_FORW: name:enp0s3: saddr:100932208: daddr:33561200
[  269.697829] AAAAA-TCP_FORW: name:enp0s3: saddr:100932208: daddr:33561200
[  269.750413] AAAAA-TCP_FORW: name:enp0s3: saddr:100932208: daddr:33561200
[  269.834883] AAAAA-TCP_FORW: name:enp0s3: saddr:100932208: daddr:33561200
[  269.870095] AAAAA-TCP_FORW: name:enp0s3: saddr:100932208: daddr:33561200
[  269.963222] AAAAA-TCP_FORW: name:enp0s3: saddr:100932208: daddr:33561200
[  269.965870] AAAAA-TCP_FORW: name:enp0s3: saddr:100932208: daddr:33561200
[  270.051467] AAAAA-TCP_FORW: name:enp0s3: saddr:100932208: daddr:33561200
[  270.108260] AAAAA-TCP_FORW: name:enp0s3: saddr:100932208: daddr:33561200
[  270.176900] AAAAA-TCP_FORW: name:enp0s3: saddr:100932208: daddr:33561200
[  270.245933] AAAAA-TCP_FORW: name:enp0s3: saddr:100932208: daddr:33561200
[  270.328919] AAAAA-TCP_FORW: name:enp0s3: saddr:100932208: daddr:33561200
[  270.407489] AAAAA-TCP_FORW: name:enp0s3: saddr:100932208: daddr:33561200
[  270.826573] AAAAA-TCP_FORW: name:enp0s3: saddr:100932208: daddr:33561200
[  270.902901] AAAAA-TCP_FORW: name:enp0s3: saddr:100932208: daddr:33561200
[  293.800584] AAAAA-TCP_FORW: name:enp0s3: saddr:100932208: daddr:33561200
[  293.809011] AAAAA-TCP_FORW: name:enp0s3: saddr:33561200: daddr:100932208
[  293.916589] AAAAA-TCP_FORW: name:enp0s3: saddr:100932208: daddr:33561200
[  293.962946] AAAAA-TCP_FORW: name:enp0s3: saddr:33561200: daddr:100932208
[  294.122671] AAAAA-TCP_FORW: name:enp0s3: saddr:100932208: daddr:33561200
[  294.246937] AAAAA-TCP_FORW: name:enp0s3: saddr:33561200: daddr:100932208
[  294.271532] AAAAA-TCP_FORW: name:enp0s3: saddr:100932208: daddr:33561200
[  294.428478] AAAAA-TCP_FORW: name:enp0s3: saddr:33561200: daddr:100932208
[  294.740590] AAAAA-TCP_FORW: name:enp0s3: saddr:100932208: daddr:33561200
[  294.787873] AAAAA-TCP_FORW: name:enp0s3: saddr:33561200: daddr:100932208
[  294.897603] AAAAA-TCP_FORW: name:enp0s3: saddr:100932208: daddr:33561200
[  294.994694] AAAAA-TCP_FORW: name:enp0s3: saddr:33561200: daddr:100932208
[  295.119023] AAAAA-TCP_FORW: name:enp0s3: saddr:100932208: daddr:33561200
[  295.199474] AAAAA-TCP_FORW: name:enp0s3: saddr:33561200: daddr:100932208
[  295.249730] AAAAA-TCP_FORW: name:enp0s3: saddr:100932208: daddr:33561200
[  295.327813] AAAAA-TCP_FORW: name:enp0s3: saddr:100932208: daddr:33561200
[  295.393114] AAAAA-TCP_FORW: name:enp0s3: saddr:100932208: daddr:33561200
[  295.482066] AAAAA-TCP_FORW: name:enp0s3: saddr:33561200: daddr:100932208
[  295.570206] AAAAA-TCP_FORW: name:enp0s3: saddr:33561200: daddr:100932208
[  295.628972] AAAAA-TCP_FORW: name:enp0s3: saddr:33561200: daddr:100932208
[  295.649030] AAAAA-TCP_FORW: name:enp0s3: saddr:100932208: daddr:33561200
[  295.731871] AAAAA-TCP_FORW: name:enp0s3: saddr:100932208: daddr:33561200
[  295.985837] AAAAA-TCP_FORW: name:enp0s3: saddr:100932208: daddr:33561200
[  296.038372] AAAAA-TCP_FORW: name:enp0s3: saddr:33561200: daddr:100932208
[  296.055846] AAAAA-TCP_FORW: name:enp0s3: saddr:100932208: daddr:33561200
[  296.115107] AAAAA-TCP_FORW: name:enp0s3: saddr:33561200: daddr:100932208
[  296.169809] AAAAA-TCP_FORW: name:enp0s3: saddr:100932208: daddr:33561200
[  296.271314] AAAAA-TCP_FORW: name:enp0s3: saddr:33561200: daddr:100932208
[  296.280200] AAAAA-TCP_FORW: name:enp0s3: saddr:100932208: daddr:16783984
[  296.380099] AAAAA-TCP_FORW: name:enp0s3: saddr:100932208: daddr:16783984
[  296.397197] AAAAA-TCP_FORW: name:enp0s3: saddr:33561200: daddr:100932208
[  296.511760] AAAAA-TCP_FORW: name:enp0s3: saddr:33561200: daddr:100932208
[  296.532058] AAAAA-TCP_FORW: name:enp0s3: saddr:100932208: daddr:16783984
[  296.665000] AAAAA-TCP_FORW: name:enp0s3: saddr:16783984: daddr:100932208
[  296.744947] AAAAA-TCP_FORW: name:enp0s3: saddr:16783984: daddr:100932208
[  296.857586] AAAAA-TCP_FORW: name:enp0s3: saddr:100932208: daddr:16783984
[  296.921605] AAAAA-TCP_FORW: name:enp0s3: saddr:100932208: daddr:16783984
[  297.104218] AAAAA-TCP_FORW: name:enp0s3: saddr:16783984: daddr:100932208
[  297.419540] AAAAA-TCP_FORW: name:enp0s3: saddr:100932208: daddr:16783984
[  297.785186] AAAAA-TCP_FORW: name:enp0s3: saddr:16783984: daddr:100932208
[  297.888099] AAAAA-TCP_FORW: name:enp0s3: saddr:16783984: daddr:100932208
[  297.916291] AAAAA-TCP_FORW: name:enp0s3: saddr:100932208: daddr:16783984
[  298.004277] AAAAA-TCP_FORW: name:enp0s3: saddr:100932208: daddr:16783984
[  298.139148] AAAAA-TCP_FORW: name:enp0s3: saddr:16783984: daddr:100932208
[  298.453069] AAAAA-TCP_FORW: name:enp0s3: saddr:16783984: daddr:100932208
[  298.503778] AAAAA-TCP_FORW: name:enp0s3: saddr:100932208: daddr:16783984
[  298.574118] AAAAA-TCP_FORW: name:enp0s3: saddr:16783984: daddr:100932208
[  298.618115] AAAAA-TCP_FORW: name:enp0s3: saddr:100932208: daddr:16783984
[  298.719639] AAAAA-TCP_FORW: name:enp0s3: saddr:16783984: daddr:100932208
[  298.744698] AAAAA-TCP_FORW: name:enp0s3: saddr:100932208: daddr:16783984
[  298.791129] AAAAA-TCP_FORW: name:enp0s3: saddr:100932208: daddr:16783984
[  298.848727] AAAAA-TCP_FORW: name:enp0s3: saddr:16783984: daddr:100932208
[  298.965573] AAAAA-TCP_FORW: name:enp0s3: saddr:100932208: daddr:16783984
[  298.981180] AAAAA-TCP_FORW: name:enp0s3: saddr:16783984: daddr:100932208
[  299.031833] AAAAA-TCP_FORW: name:enp0s3: saddr:100932208: daddr:16783984
[  299.036712] AAAAA-TCP_FORW: name:enp0s3: saddr:100932208: daddr:16783984
[  299.075933] AAAAA-TCP_FORW: name:enp0s3: saddr:16783984: daddr:100932208
[  299.296829] AAAAA-TCP_FORW: name:enp0s3: saddr:100932208: daddr:16783984
[  299.321532] AAAAA-TCP_FORW: name:enp0s3: saddr:100932208: daddr:16783984
[  299.351191] AAAAA-TCP_FORW: name:enp0s3: saddr:16783984: daddr:100932208
[  299.376697] AAAAA-TCP_FORW: name:enp0s3: saddr:100932208: daddr:16783984
[  299.619108] AAAAA-TCP_FORW: name:enp0s3: saddr:16783984: daddr:100932208
[  299.753320] AAAAA-TCP_FORW: name:enp0s3: saddr:16783984: daddr:100932208
[  300.174458] AAAAA-TCP_FORW: name:enp0s3: saddr:100932208: daddr:33561200
[  300.207878] AAAAA-TCP_FORW: name:enp0s3: saddr:16783984: daddr:100932208
[  300.274082] AAAAA-TCP_FORW: name:enp0s3: saddr:16783984: daddr:100932208
[  300.292465] AAAAA-TCP_FORW: name:enp0s3: saddr:100932208: daddr:33561200
[  300.378202] AAAAA-TCP_FORW: name:enp0s3: saddr:16783984: daddr:100932208
[  300.590526] AAAAA-TCP_FORW: name:enp0s3: saddr:33561200: daddr:100932208
[  300.961197] AAAAA-TCP_FORW: name:enp0s3: saddr:33561200: daddr:100932208
[  301.132109] AAAAA-TCP_FORW: name:enp0s3: saddr:100932208: daddr:33561200
[  301.175119] AAAAA-TCP_FORW: name:enp0s3: saddr:100932208: daddr:33561200
[  301.478266] AAAAA-TCP_FORW: name:enp0s3: saddr:100932208: daddr:33561200
[  301.799737] AAAAA-TCP_FORW: name:enp0s3: saddr:100932208: daddr:33561200
[  302.638220] AAAAA-TCP_FORW: name:enp0s3: saddr:100932208: daddr:33561200
[  302.779655] AAAAA-TCP_FORW: name:enp0s3: saddr:100932208: daddr:33561200
[  303.039160] AAAAA-TCP_FORW: name:enp0s3: saddr:100932208: daddr:33561200
[  303.097913] AAAAA-TCP_FORW: name:enp0s3: saddr:100932208: daddr:33561200
[  303.380560] AAAAA-TCP_FORW: name:enp0s3: saddr:100932208: daddr:33561200
[  303.434975] AAAAA-TCP_FORW: name:enp0s3: saddr:100932208: daddr:33561200
[  303.982349] AAAAA-TCP_FORW: name:enp0s3: saddr:100932208: daddr:33561200
[  304.215487] AAAAA-TCP_FORW: name:enp0s3: saddr:100932208: daddr:33561200
[  304.280313] AAAAA-TCP_FORW: name:enp0s3: saddr:100932208: daddr:33561200
[  304.476355] AAAAA-TCP_FORW: name:enp0s3: saddr:100932208: daddr:33561200
[  304.544882] AAAAA-TCP_FORW: name:enp0s3: saddr:100932208: daddr:33561200
[  304.578101] AAAAA-TCP_FORW: name:enp0s3: saddr:100932208: daddr:33561200
[  304.692396] AAAAA-TCP_FORW: name:enp0s3: saddr:100932208: daddr:33561200
[  304.732548] AAAAA-TCP_FORW: name:enp0s3: saddr:100932208: daddr:33561200
[  304.811908] AAAAA-TCP_FORW: name:enp0s3: saddr:100932208: daddr:33561200
[  304.899507] AAAAA-TCP_FORW: name:enp0s3: saddr:100932208: daddr:33561200
[  304.961175] AAAAA-TCP_FORW: name:enp0s3: saddr:100932208: daddr:33561200
[  305.078239] AAAAA-TCP_FORW: name:enp0s3: saddr:100932208: daddr:16783984
[  305.147567] AAAAA-TCP_FORW: name:enp0s3: saddr:100932208: daddr:16783984
[  305.171171] AAAAA-TCP_FORW: name:enp0s3: saddr:100932208: daddr:16783984
[  305.308797] AAAAA-TCP_FORW: name:enp0s3: saddr:100932208: daddr:16783984
[  305.391648] AAAAA-TCP_FORW: name:enp0s3: saddr:100932208: daddr:16783984
[  305.394353] AAAAA-TCP_FORW: name:enp0s3: saddr:100932208: daddr:16783984
[  305.428365] AAAAA-TCP_FORW: name:enp0s3: saddr:100932208: daddr:16783984
[  305.511088] AAAAA-TCP_FORW: name:enp0s3: saddr:100932208: daddr:16783984
[  305.600950] AAAAA-TCP_FORW: name:enp0s3: saddr:100932208: daddr:16783984
[  305.888485] AAAAA-TCP_FORW: name:enp0s3: saddr:100932208: daddr:16783984
[  305.959102] AAAAA-TCP_FORW: name:enp0s3: saddr:100932208: daddr:16783984
[  306.022028] AAAAA-TCP_FORW: name:enp0s3: saddr:100932208: daddr:16783984
[  306.058012] AAAAA-TCP_FORW: name:enp0s3: saddr:100932208: daddr:16783984
[  306.091846] AAAAA-TCP_FORW: name:enp0s3: saddr:100932208: daddr:16783984
[  306.157346] AAAAA-TCP_FORW: name:enp0s3: saddr:100932208: daddr:16783984
[  306.292595] AAAAA-TCP_FORW: name:enp0s3: saddr:100932208: daddr:16783984
[  306.472852] AAAAA-TCP_FORW: name:enp0s3: saddr:100932208: daddr:16783984
[  306.539096] AAAAA-TCP_FORW: name:enp0s3: saddr:100932208: daddr:16783984
[  306.712230] AAAAA-TCP_FORW: name:enp0s3: saddr:100932208: daddr:16783984
[  306.890340] AAAAA-TCP_FORW: name:enp0s3: saddr:100932208: daddr:16783984
[  307.185200] AAAAA-TCP_FORW: name:enp0s3: saddr:100932208: daddr:16783984
[  307.821313] AAAAA-TCP_FORW: name:enp0s3: saddr:100932208: daddr:16783984
[  307.960877] AAAAA-TCP_FORW: name:enp0s3: saddr:100932208: daddr:16783984
[  308.208561] AAAAA-TCP_FORW: name:enp0s3: saddr:100932208: daddr:16783984
[  308.346586] AAAAA-TCP_FORW: name:enp0s3: saddr:100932208: daddr:33561200
[  308.453217] AAAAA-TCP_FORW: name:enp0s3: saddr:100932208: daddr:33561200
[  308.576253] AAAAA-TCP_FORW: name:enp0s3: saddr:100932208: daddr:33561200
[  308.667403] AAAAA-TCP_FORW: name:enp0s3: saddr:100932208: daddr:33561200
[  308.926643] AAAAA-TCP_FORW: name:enp0s3: saddr:100932208: daddr:33561200
[  309.074351] AAAAA-TCP_FORW: name:enp0s3: saddr:100932208: daddr:16783984
[  309.161037] AAAAA-TCP_FORW: name:enp0s3: saddr:100932208: daddr:33561200
[  309.256930] AAAAA-TCP_FORW: name:enp0s3: saddr:100932208: daddr:33561200
[  309.381702] AAAAA-TCP_FORW: name:enp0s3: saddr:100932208: daddr:33561200
[  309.806261] AAAAA-TCP_FORW: name:enp0s3: saddr:100932208: daddr:16783984
[  309.890108] AAAAA-TCP_FORW: name:enp0s3: saddr:100932208: daddr:16783984
[  310.004296] AAAAA-TCP_FORW: name:enp0s3: saddr:100932208: daddr:16783984
[  310.108736] AAAAA-TCP_FORW: name:enp0s3: saddr:100932208: daddr:16783984
[  326.425525] AAAAA-TCP_FORW: name:enp0s3: saddr:100932208: daddr:16783984
[  326.440403] AAAAA-TCP_FORW: name:enp0s3: saddr:16783984: daddr:100932208
[  326.510757] AAAAA-TCP_FORW: name:enp0s3: saddr:100932208: daddr:16783984
[  326.545193] AAAAA-TCP_FORW: name:enp0s3: saddr:100932208: daddr:16783984
[  326.590099] AAAAA-TCP_FORW: name:enp0s3: saddr:16783984: daddr:100932208
[  326.640475] AAAAA-TCP_FORW: name:enp0s3: saddr:16783984: daddr:100932208
[  326.741990] AAAAA-TCP_FORW: name:enp0s3: saddr:100932208: daddr:16783984
[  326.786854] AAAAA-TCP_FORW: name:enp0s3: saddr:100932208: daddr:16783984
[  326.809067] AAAAA-TCP_FORW: name:enp0s3: saddr:16783984: daddr:100932208
[  326.889741] AAAAA-TCP_FORW: name:enp0s3: saddr:16783984: daddr:100932208
[  326.962793] AAAAA-TCP_FORW: name:enp0s3: saddr:100932208: daddr:16783984
[  327.039165] AAAAA-TCP_FORW: name:enp0s3: saddr:100932208: daddr:16783984
[  327.137418] AAAAA-TCP_FORW: name:enp0s3: saddr:16783984: daddr:100932208
[  327.149260] AAAAA-TCP_FORW: name:enp0s3: saddr:100932208: daddr:16783984
[  327.193023] AAAAA-TCP_FORW: name:enp0s3: saddr:16783984: daddr:100932208
[  327.239642] AAAAA-TCP_FORW: name:enp0s3: saddr:100932208: daddr:16783984
[  327.373528] AAAAA-TCP_FORW: name:enp0s3: saddr:100932208: daddr:16783984
[  327.403367] AAAAA-TCP_FORW: name:enp0s3: saddr:16783984: daddr:100932208
[  327.511516] AAAAA-TCP_FORW: name:enp0s3: saddr:16783984: daddr:100932208
[  327.548815] AAAAA-TCP_FORW: name:enp0s3: saddr:100932208: daddr:16783984
[  327.565706] AAAAA-TCP_FORW: name:enp0s3: saddr:16783984: daddr:100932208
[  327.588850] AAAAA-TCP_FORW: name:enp0s3: saddr:100932208: daddr:16783984
[  327.653374] AAAAA-TCP_FORW: name:enp0s3: saddr:100932208: daddr:16783984
[  327.691531] AAAAA-TCP_FORW: name:enp0s3: saddr:100932208: daddr:16783984
[  327.768163] AAAAA-TCP_FORW: name:enp0s3: saddr:100932208: daddr:16783984
[  327.797152] AAAAA-TCP_FORW: name:enp0s3: saddr:16783984: daddr:100932208
[  327.821404] AAAAA-TCP_FORW: name:enp0s3: saddr:100932208: daddr:16783984
[  327.867603] AAAAA-TCP_FORW: name:enp0s3: saddr:16783984: daddr:100932208
[  327.952713] AAAAA-TCP_FORW: name:enp0s3: saddr:16783984: daddr:100932208
[  328.019964] AAAAA-TCP_FORW: name:enp0s3: saddr:16783984: daddr:100932208
[  328.070232] AAAAA-TCP_FORW: name:enp0s3: saddr:16783984: daddr:100932208
[  328.142828] AAAAA-TCP_FORW: name:enp0s3: saddr:16783984: daddr:100932208
[  328.187887] AAAAA-TCP_FORW: name:enp0s3: saddr:100932208: daddr:33561200
[  328.278975] AAAAA-TCP_FORW: name:enp0s3: saddr:100932208: daddr:33561200
[  328.324999] AAAAA-TCP_FORW: name:enp0s3: saddr:100932208: daddr:33561200
[  328.368848] AAAAA-TCP_FORW: name:enp0s3: saddr:100932208: daddr:33561200
[  328.412276] AAAAA-TCP_FORW: name:enp0s3: saddr:100932208: daddr:33561200
[  328.470825] AAAAA-TCP_FORW: name:enp0s3: saddr:33561200: daddr:100932208
[  328.543251] AAAAA-TCP_FORW: name:enp0s3: saddr:33561200: daddr:100932208
[  328.575699] AAAAA-TCP_FORW: name:enp0s3: saddr:100932208: daddr:33561200
[  328.619466] AAAAA-TCP_FORW: name:enp0s3: saddr:33561200: daddr:100932208
[  328.640408] AAAAA-TCP_FORW: name:enp0s3: saddr:100932208: daddr:33561200
[  328.670674] AAAAA-TCP_FORW: name:enp0s3: saddr:33561200: daddr:100932208
[  328.694885] AAAAA-TCP_FORW: name:enp0s3: saddr:33561200: daddr:100932208
[  328.797974] AAAAA-TCP_FORW: name:enp0s3: saddr:100932208: daddr:33561200
[  328.889161] AAAAA-TCP_FORW: name:enp0s3: saddr:100932208: daddr:33561200
[  328.926521] AAAAA-TCP_FORW: name:enp0s3: saddr:33561200: daddr:100932208
[  329.008686] AAAAA-TCP_FORW: name:enp0s3: saddr:100932208: daddr:33561200
[  329.038433] AAAAA-TCP_FORW: name:enp0s3: saddr:33561200: daddr:100932208
[  329.083547] AAAAA-TCP_FORW: name:enp0s3: saddr:100932208: daddr:33561200
[  329.210130] AAAAA-TCP_FORW: name:enp0s3: saddr:100932208: daddr:33561200
[  329.249140] AAAAA-TCP_FORW: name:enp0s3: saddr:100932208: daddr:33561200
[  329.309921] AAAAA-TCP_FORW: name:enp0s3: saddr:33561200: daddr:100932208
[  329.330291] AAAAA-TCP_FORW: name:enp0s3: saddr:100932208: daddr:33561200
[  329.404931] AAAAA-TCP_FORW: name:enp0s3: saddr:33561200: daddr:100932208
[  329.446136] AAAAA-TCP_FORW: name:enp0s3: saddr:100932208: daddr:33561200
[  329.522933] AAAAA-TCP_FORW: name:enp0s3: saddr:33561200: daddr:100932208
[  329.534931] AAAAA-TCP_FORW: name:enp0s3: saddr:100932208: daddr:33561200
[  329.579435] AAAAA-TCP_FORW: name:enp0s3: saddr:100932208: daddr:33561200
[  329.599573] AAAAA-TCP_FORW: name:enp0s3: saddr:33561200: daddr:100932208
[  329.656181] AAAAA-TCP_FORW: name:enp0s3: saddr:33561200: daddr:100932208
[  329.711677] AAAAA-TCP_FORW: name:enp0s3: saddr:100932208: daddr:33561200
[  329.724260] AAAAA-TCP_FORW: name:enp0s3: saddr:33561200: daddr:100932208
[  329.755054] AAAAA-TCP_FORW: name:enp0s3: saddr:100932208: daddr:33561200
[  329.823954] AAAAA-TCP_FORW: name:enp0s3: saddr:33561200: daddr:100932208
[  329.847768] AAAAA-TCP_FORW: name:enp0s3: saddr:100932208: daddr:16783984
[  329.912660] AAAAA-TCP_FORW: name:enp0s3: saddr:33561200: daddr:100932208
[  329.929380] AAAAA-TCP_FORW: name:enp0s3: saddr:100932208: daddr:16783984
[  330.009604] AAAAA-TCP_FORW: name:enp0s3: saddr:33561200: daddr:100932208
[  330.082153] AAAAA-TCP_FORW: name:enp0s3: saddr:33561200: daddr:100932208
[  330.115269] AAAAA-TCP_FORW: name:enp0s3: saddr:100932208: daddr:16783984
[  330.146631] AAAAA-TCP_FORW: name:enp0s3: saddr:100932208: daddr:16783984
[  330.186237] AAAAA-TCP_FORW: name:enp0s3: saddr:33561200: daddr:100932208
[  330.200286] AAAAA-TCP_FORW: name:enp0s3: saddr:100932208: daddr:16783984
[  330.222538] AAAAA-TCP_FORW: name:enp0s3: saddr:100932208: daddr:16783984
[  330.279353] AAAAA-TCP_FORW: name:enp0s3: saddr:100932208: daddr:16783984
[  330.297953] AAAAA-TCP_FORW: name:enp0s3: saddr:33561200: daddr:100932208
[  330.378402] AAAAA-TCP_FORW: name:enp0s3: saddr:100932208: daddr:16783984
[  330.424309] AAAAA-TCP_FORW: name:enp0s3: saddr:16783984: daddr:100932208
[  330.487460] AAAAA-TCP_FORW: name:enp0s3: saddr:100932208: daddr:16783984
[  330.521379] AAAAA-TCP_FORW: name:enp0s3: saddr:100932208: daddr:16783984
[  330.599806] AAAAA-TCP_FORW: name:enp0s3: saddr:16783984: daddr:100932208
[  330.732945] AAAAA-TCP_FORW: name:enp0s3: saddr:100932208: daddr:16783984
[  330.825087] AAAAA-TCP_FORW: name:enp0s3: saddr:16783984: daddr:100932208
[  330.867363] AAAAA-TCP_FORW: name:enp0s3: saddr:100932208: daddr:16783984
[  330.870860] AAAAA-TCP_FORW: name:enp0s3: saddr:100932208: daddr:16783984
[  330.884407] AAAAA-TCP_FORW: name:enp0s3: saddr:16783984: daddr:100932208
[  330.921938] AAAAA-TCP_FORW: name:enp0s3: saddr:16783984: daddr:100932208
[  330.953683] AAAAA-TCP_FORW: name:enp0s3: saddr:100932208: daddr:16783984
[  330.966470] AAAAA-TCP_FORW: name:enp0s3: saddr:16783984: daddr:100932208
[  331.079520] AAAAA-TCP_FORW: name:enp0s3: saddr:16783984: daddr:100932208
[  331.191100] AAAAA-TCP_FORW: name:enp0s3: saddr:100932208: daddr:16783984
[  331.202809] AAAAA-TCP_FORW: name:enp0s3: saddr:16783984: daddr:100932208
[  331.230656] AAAAA-TCP_FORW: name:enp0s3: saddr:100932208: daddr:16783984
[  331.252785] AAAAA-TCP_FORW: name:enp0s3: saddr:100932208: daddr:16783984
[  331.511359] AAAAA-TCP_FORW: name:enp0s3: saddr:16783984: daddr:100932208
[  331.532366] AAAAA-TCP_FORW: name:enp0s3: saddr:100932208: daddr:16783984
[  331.589534] AAAAA-TCP_FORW: name:enp0s3: saddr:16783984: daddr:100932208
[  331.605173] AAAAA-TCP_FORW: name:enp0s3: saddr:100932208: daddr:16783984
[  331.744038] AAAAA-TCP_FORW: name:enp0s3: saddr:100932208: daddr:16783984
[  331.818522] AAAAA-TCP_FORW: name:enp0s3: saddr:16783984: daddr:100932208
[  331.898072] AAAAA-TCP_FORW: name:enp0s3: saddr:100932208: daddr:16783984
[  331.939855] AAAAA-TCP_FORW: name:enp0s3: saddr:16783984: daddr:100932208
[  331.954984] AAAAA-TCP_FORW: name:enp0s3: saddr:100932208: daddr:16783984
[  331.984409] AAAAA-TCP_FORW: name:enp0s3: saddr:16783984: daddr:100932208
[  332.088978] AAAAA-TCP_FORW: name:enp0s3: saddr:100932208: daddr:16783984
[  332.170270] AAAAA-TCP_FORW: name:enp0s3: saddr:16783984: daddr:100932208
[  332.288509] AAAAA-TCP_FORW: name:enp0s3: saddr:100932208: daddr:16783984
[  332.419439] AAAAA-TCP_FORW: name:enp0s3: saddr:16783984: daddr:100932208
[  332.551675] AAAAA-TCP_FORW: name:enp0s3: saddr:16783984: daddr:100932208
[  332.624900] AAAAA-TCP_FORW: name:enp0s3: saddr:16783984: daddr:100932208
[  332.752121] AAAAA-TCP_FORW: name:enp0s3: saddr:100932208: daddr:33561200
[  332.787407] AAAAA-TCP_FORW: name:enp0s3: saddr:16783984: daddr:100932208
[  332.851853] AAAAA-TCP_FORW: name:enp0s3: saddr:100932208: daddr:33561200
[  332.874003] AAAAA-TCP_FORW: name:enp0s3: saddr:16783984: daddr:100932208
[  333.005263] AAAAA-TCP_FORW: name:enp0s3: saddr:16783984: daddr:100932208
[  333.058111] AAAAA-TCP_FORW: name:enp0s3: saddr:100932208: daddr:33561200
[  333.206894] AAAAA-TCP_FORW: name:enp0s3: saddr:100932208: daddr:33561200
[  333.240058] AAAAA-TCP_FORW: name:enp0s3: saddr:16783984: daddr:100932208
[  333.330033] AAAAA-TCP_FORW: name:enp0s3: saddr:16783984: daddr:100932208
[  333.346777] AAAAA-TCP_FORW: name:enp0s3: saddr:100932208: daddr:33561200
[  333.381620] AAAAA-TCP_FORW: name:enp0s3: saddr:100932208: daddr:33561200
[  333.415074] AAAAA-TCP_FORW: name:enp0s3: saddr:16783984: daddr:100932208
[  333.483233] AAAAA-TCP_FORW: name:enp0s3: saddr:100932208: daddr:33561200
[  333.500124] AAAAA-TCP_FORW: name:enp0s3: saddr:16783984: daddr:100932208
[  333.530134] AAAAA-TCP_FORW: name:enp0s3: saddr:100932208: daddr:33561200
[  333.612854] AAAAA-TCP_FORW: name:enp0s3: saddr:100932208: daddr:33561200
[  333.630112] AAAAA-TCP_FORW: name:enp0s3: saddr:100932208: daddr:33561200
[  333.737450] AAAAA-TCP_FORW: name:enp0s3: saddr:100932208: daddr:33561200
[  333.802578] AAAAA-TCP_FORW: name:enp0s3: saddr:33561200: daddr:100932208
[  333.832741] AAAAA-TCP_FORW: name:enp0s3: saddr:100932208: daddr:33561200
[  333.891118] AAAAA-TCP_FORW: name:enp0s3: saddr:33561200: daddr:100932208
[  333.903584] AAAAA-TCP_FORW: name:enp0s3: saddr:100932208: daddr:33561200
[  334.013568] AAAAA-TCP_FORW: name:enp0s3: saddr:33561200: daddr:100932208
[  334.037568] AAAAA-TCP_FORW: name:enp0s3: saddr:100932208: daddr:33561200
[  334.084165] AAAAA-TCP_FORW: name:enp0s3: saddr:33561200: daddr:100932208
[  334.109159] AAAAA-TCP_FORW: name:enp0s3: saddr:100932208: daddr:33561200
[  334.176821] AAAAA-TCP_FORW: name:enp0s3: saddr:100932208: daddr:33561200
[  334.198292] AAAAA-TCP_FORW: name:enp0s3: saddr:33561200: daddr:100932208
[  334.271252] AAAAA-TCP_FORW: name:enp0s3: saddr:33561200: daddr:100932208
[  334.299213] AAAAA-TCP_FORW: name:enp0s3: saddr:100932208: daddr:33561200
[  334.341280] AAAAA-TCP_FORW: name:enp0s3: saddr:33561200: daddr:100932208
[  334.356649] AAAAA-TCP_FORW: name:enp0s3: saddr:100932208: daddr:33561200
[  334.384864] AAAAA-TCP_FORW: name:enp0s3: saddr:100932208: daddr:33561200
[  334.411634] AAAAA-TCP_FORW: name:enp0s3: saddr:100932208: daddr:33561200
[  334.435025] AAAAA-TCP_FORW: name:enp0s3: saddr:33561200: daddr:100932208
[  334.498923] AAAAA-TCP_FORW: name:enp0s3: saddr:100932208: daddr:33561200
[  334.523508] AAAAA-TCP_FORW: name:enp0s3: saddr:33561200: daddr:100932208
[  334.564387] AAAAA-TCP_FORW: name:enp0s3: saddr:100932208: daddr:33561200
[  334.583866] AAAAA-TCP_FORW: name:enp0s3: saddr:33561200: daddr:100932208
[  334.616890] AAAAA-TCP_FORW: name:enp0s3: saddr:100932208: daddr:33561200
[  334.640932] AAAAA-TCP_FORW: name:enp0s3: saddr:100932208: daddr:33561200
[  334.659148] AAAAA-TCP_FORW: name:enp0s3: saddr:33561200: daddr:100932208
[  334.671999] AAAAA-TCP_FORW: name:enp0s3: saddr:100932208: daddr:33561200
[  334.696777] AAAAA-TCP_FORW: name:enp0s3: saddr:100932208: daddr:33561200
[  334.763465] AAAAA-TCP_FORW: name:enp0s3: saddr:100932208: daddr:33561200
[  334.786034] AAAAA-TCP_FORW: name:enp0s3: saddr:33561200: daddr:100932208
[  334.853939] AAAAA-TCP_FORW: name:enp0s3: saddr:33561200: daddr:100932208
[  334.872378] AAAAA-TCP_FORW: name:enp0s3: saddr:100932208: daddr:33561200
[  334.978413] AAAAA-TCP_FORW: name:enp0s3: saddr:33561200: daddr:100932208
[  335.049052] AAAAA-TCP_FORW: name:enp0s3: saddr:100932208: daddr:16783984
[  335.074437] AAAAA-TCP_FORW: name:enp0s3: saddr:33561200: daddr:100932208
[  335.090621] AAAAA-TCP_FORW: name:enp0s3: saddr:100932208: daddr:16783984
[  335.123398] AAAAA-TCP_FORW: name:enp0s3: saddr:33561200: daddr:100932208
[  335.221748] AAAAA-TCP_FORW: name:enp0s3: saddr:33561200: daddr:100932208
[  335.312617] AAAAA-TCP_FORW: name:enp0s3: saddr:33561200: daddr:100932208
[  335.409748] AAAAA-TCP_FORW: name:enp0s3: saddr:33561200: daddr:100932208
[  335.525423] AAAAA-TCP_FORW: name:enp0s3: saddr:33561200: daddr:100932208
[  335.629098] AAAAA-TCP_FORW: name:enp0s3: saddr:33561200: daddr:100932208
[  335.778570] AAAAA-TCP_FORW: name:enp0s3: saddr:33561200: daddr:100932208
[  335.877622] AAAAA-TCP_FORW: name:enp0s3: saddr:33561200: daddr:100932208
[  335.900033] AAAAA-TCP_FORW: name:enp0s3: saddr:100932208: daddr:16783984
[  335.918643] AAAAA-TCP_FORW: name:enp0s3: saddr:33561200: daddr:100932208
[  335.964177] AAAAA-TCP_FORW: name:enp0s3: saddr:100932208: daddr:16783984
[  335.997530] AAAAA-TCP_FORW: name:enp0s3: saddr:33561200: daddr:100932208
[  336.061971] AAAAA-TCP_FORW: name:enp0s3: saddr:33561200: daddr:100932208
[  336.145296] AAAAA-TCP_FORW: name:enp0s3: saddr:33561200: daddr:100932208
[  336.197633] AAAAA-TCP_FORW: name:enp0s3: saddr:33561200: daddr:100932208
[  336.337208] AAAAA-TCP_FORW: name:enp0s3: saddr:16783984: daddr:100932208
[  336.391562] AAAAA-TCP_FORW: name:enp0s3: saddr:16783984: daddr:100932208
[  336.741475] AAAAA-TCP_FORW: name:enp0s3: saddr:100932208: daddr:33561200
[  337.140869] AAAAA-TCP_FORW: name:enp0s3: saddr:16783984: daddr:100932208
[  337.268173] AAAAA-TCP_FORW: name:enp0s3: saddr:16783984: daddr:100932208
[  337.656878] AAAAA-TCP_FORW: name:enp0s3: saddr:33561200: daddr:100932208
[  359.170939] AAAAA-TCP_FORW: name:enp0s3: saddr:100932208: daddr:33561200
[  359.304376] AAAAA-TCP_FORW: name:enp0s3: saddr:100932208: daddr:33561200
[  359.435093] AAAAA-TCP_FORW: name:enp0s3: saddr:100932208: daddr:33561200
[  359.565247] AAAAA-TCP_FORW: name:enp0s3: saddr:100932208: daddr:33561200
[  359.699040] AAAAA-TCP_FORW: name:enp0s3: saddr:100932208: daddr:33561200
[  359.773691] AAAAA-TCP_FORW: name:enp0s3: saddr:100932208: daddr:33561200
[  359.845466] AAAAA-TCP_FORW: name:enp0s3: saddr:33561200: daddr:100932208
[  359.925748] AAAAA-TCP_FORW: name:enp0s3: saddr:100932208: daddr:33561200
[  360.079085] AAAAA-TCP_FORW: name:enp0s3: saddr:100932208: daddr:33561200
[  360.180620] AAAAA-TCP_FORW: name:enp0s3: saddr:33561200: daddr:100932208
[  360.219265] AAAAA-TCP_FORW: name:enp0s3: saddr:100932208: daddr:33561200
[  360.229600] AAAAA-TCP_FORW: name:enp0s3: saddr:33561200: daddr:100932208
[  360.389824] AAAAA-TCP_FORW: name:enp0s3: saddr:100932208: daddr:33561200
[  360.408427] AAAAA-TCP_FORW: name:enp0s3: saddr:33561200: daddr:100932208
[  360.471996] AAAAA-TCP_FORW: name:enp0s3: saddr:100932208: daddr:33561200
[  360.584226] AAAAA-TCP_FORW: name:enp0s3: saddr:100932208: daddr:33561200
[  360.683891] AAAAA-TCP_FORW: name:enp0s3: saddr:33561200: daddr:100932208
[  360.769704] AAAAA-TCP_FORW: name:enp0s3: saddr:100932208: daddr:33561200
[  360.831376] AAAAA-TCP_FORW: name:enp0s3: saddr:100932208: daddr:33561200
[  360.893335] AAAAA-TCP_FORW: name:enp0s3: saddr:33561200: daddr:100932208
[  361.007738] AAAAA-TCP_FORW: name:enp0s3: saddr:100932208: daddr:33561200
[  361.182268] AAAAA-TCP_FORW: name:enp0s3: saddr:100932208: daddr:33561200
[  361.227168] AAAAA-TCP_FORW: name:enp0s3: saddr:33561200: daddr:100932208
[  361.304234] AAAAA-TCP_FORW: name:enp0s3: saddr:100932208: daddr:16783984
[  361.366197] AAAAA-TCP_FORW: name:enp0s3: saddr:33561200: daddr:100932208
[  361.507607] AAAAA-TCP_FORW: name:enp0s3: saddr:100932208: daddr:16783984
[  361.723956] AAAAA-TCP_FORW: name:enp0s3: saddr:33561200: daddr:100932208
[  362.032016] AAAAA-TCP_FORW: name:enp0s3: saddr:100932208: daddr:16783984
[  362.106419] AAAAA-TCP_FORW: name:enp0s3: saddr:33561200: daddr:100932208
[  362.197398] AAAAA-TCP_FORW: name:enp0s3: saddr:100932208: daddr:16783984
[  362.372127] AAAAA-TCP_FORW: name:enp0s3: saddr:100932208: daddr:16783984
[  362.542666] AAAAA-TCP_FORW: name:enp0s3: saddr:33561200: daddr:100932208
[  362.571556] AAAAA-TCP_FORW: name:enp0s3: saddr:100932208: daddr:16783984
[  362.689599] AAAAA-TCP_FORW: name:enp0s3: saddr:100932208: daddr:16783984
[  362.821966] AAAAA-TCP_FORW: name:enp0s3: saddr:33561200: daddr:100932208
[  363.107641] AAAAA-TCP_FORW: name:enp0s3: saddr:100932208: daddr:16783984
[  363.179072] AAAAA-TCP_FORW: name:enp0s3: saddr:100932208: daddr:16783984
[  363.466976] AAAAA-TCP_FORW: name:enp0s3: saddr:33561200: daddr:100932208
[  363.516170] AAAAA-TCP_FORW: name:enp0s3: saddr:100932208: daddr:16783984
[  363.568768] AAAAA-TCP_FORW: name:enp0s3: saddr:33561200: daddr:100932208
[  363.613774] AAAAA-TCP_FORW: name:enp0s3: saddr:100932208: daddr:16783984
[  363.935796] AAAAA-TCP_FORW: name:enp0s3: saddr:100932208: daddr:16783984
[  364.001285] AAAAA-TCP_FORW: name:enp0s3: saddr:33561200: daddr:100932208
[  364.041047] AAAAA-TCP_FORW: name:enp0s3: saddr:100932208: daddr:16783984
[  364.223680] AAAAA-TCP_FORW: name:enp0s3: saddr:100932208: daddr:16783984
[  364.338641] AAAAA-TCP_FORW: name:enp0s3: saddr:33561200: daddr:100932208
[  364.433004] AAAAA-TCP_FORW: name:enp0s3: saddr:100932208: daddr:16783984
[  364.477150] AAAAA-TCP_FORW: name:enp0s3: saddr:16783984: daddr:100932208
[  364.516708] AAAAA-TCP_FORW: name:enp0s3: saddr:100932208: daddr:33561200
[  364.641785] AAAAA-TCP_FORW: name:enp0s3: saddr:16783984: daddr:100932208
[  364.719791] AAAAA-TCP_FORW: name:enp0s3: saddr:100932208: daddr:33561200
[  364.813926] AAAAA-TCP_FORW: name:enp0s3: saddr:100932208: daddr:16783984
[  364.892645] AAAAA-TCP_FORW: name:enp0s3: saddr:100932208: daddr:33561200
[  365.058402] AAAAA-TCP_FORW: name:enp0s3: saddr:100932208: daddr:33561200
[  365.157436] AAAAA-TCP_FORW: name:enp0s3: saddr:100932208: daddr:16783984
[  365.202152] AAAAA-TCP_FORW: name:enp0s3: saddr:16783984: daddr:100932208
[  365.251140] AAAAA-TCP_FORW: name:enp0s3: saddr:100932208: daddr:33561200
[  365.342347] AAAAA-TCP_FORW: name:enp0s3: saddr:16783984: daddr:100932208
[  365.425765] AAAAA-TCP_FORW: name:enp0s3: saddr:16783984: daddr:100932208
[  365.591708] AAAAA-TCP_FORW: name:enp0s3: saddr:16783984: daddr:100932208
[  365.646100] AAAAA-TCP_FORW: name:enp0s3: saddr:100932208: daddr:33561200
[  365.701922] AAAAA-TCP_FORW: name:enp0s3: saddr:100932208: daddr:16783984
[  365.720146] AAAAA-TCP_FORW: name:enp0s3: saddr:16783984: daddr:100932208
[  365.748195] AAAAA-TCP_FORW: name:enp0s3: saddr:100932208: daddr:33561200
[  365.773334] AAAAA-TCP_FORW: name:enp0s3: saddr:100932208: daddr:33561200
[  365.892662] AAAAA-TCP_FORW: name:enp0s3: saddr:100932208: daddr:33561200
[  365.955293] AAAAA-TCP_FORW: name:enp0s3: saddr:100932208: daddr:33561200
[  365.998379] AAAAA-TCP_FORW: name:enp0s3: saddr:16783984: daddr:100932208
[  366.140535] AAAAA-TCP_FORW: name:enp0s3: saddr:16783984: daddr:100932208
[  366.336166] AAAAA-TCP_FORW: name:enp0s3: saddr:16783984: daddr:100932208
[  366.363874] AAAAA-TCP_FORW: name:enp0s3: saddr:100932208: daddr:33561200
[  366.419263] AAAAA-TCP_FORW: name:enp0s3: saddr:100932208: daddr:16783984
[  366.508807] AAAAA-TCP_FORW: name:enp0s3: saddr:16783984: daddr:100932208
[  366.651327] AAAAA-TCP_FORW: name:enp0s3: saddr:100932208: daddr:16783984
[  366.673766] AAAAA-TCP_FORW: name:enp0s3: saddr:16783984: daddr:100932208
[  366.715690] AAAAA-TCP_FORW: name:enp0s3: saddr:100932208: daddr:33561200
[  366.732071] AAAAA-TCP_FORW: name:enp0s3: saddr:16783984: daddr:100932208
[  366.898160] AAAAA-TCP_FORW: name:enp0s3: saddr:100932208: daddr:33561200
[  366.988499] AAAAA-TCP_FORW: name:enp0s3: saddr:16783984: daddr:100932208
[  367.129890] AAAAA-TCP_FORW: name:enp0s3: saddr:33561200: daddr:100932208
[  367.144762] AAAAA-TCP_FORW: name:enp0s3: saddr:33561200: daddr:100932208
[  367.166285] AAAAA-TCP_FORW: name:enp0s3: saddr:100932208: daddr:33561200
[  367.194127] AAAAA-TCP_FORW: name:enp0s3: saddr:16783984: daddr:100932208
[  367.282997] AAAAA-TCP_FORW: name:enp0s3: saddr:100932208: daddr:33561200
[  367.324559] AAAAA-TCP_FORW: name:enp0s3: saddr:100932208: daddr:33561200
[  367.351523] AAAAA-TCP_FORW: name:enp0s3: saddr:33561200: daddr:100932208
[  367.422683] AAAAA-TCP_FORW: name:enp0s3: saddr:100932208: daddr:33561200
[  367.427784] AAAAA-TCP_FORW: name:enp0s3: saddr:16783984: daddr:100932208
[  367.494235] AAAAA-TCP_FORW: name:enp0s3: saddr:16783984: daddr:100932208
[  367.513479] AAAAA-TCP_FORW: name:enp0s3: saddr:100932208: daddr:33561200
[  367.541160] AAAAA-TCP_FORW: name:enp0s3: saddr:33561200: daddr:100932208
[  367.575360] AAAAA-TCP_FORW: name:enp0s3: saddr:100932208: daddr:33561200
[  367.599326] AAAAA-TCP_FORW: name:enp0s3: saddr:16783984: daddr:100932208
[  367.622982] AAAAA-TCP_FORW: name:enp0s3: saddr:100932208: daddr:33561200
[  367.885518] AAAAA-TCP_FORW: name:enp0s3: saddr:16783984: daddr:100932208
[  367.975346] AAAAA-TCP_FORW: name:enp0s3: saddr:16783984: daddr:100932208
[  367.982895] AAAAA-TCP_FORW: name:enp0s3: saddr:100932208: daddr:33561200
[  368.143604] AAAAA-TCP_FORW: name:enp0s3: saddr:33561200: daddr:100932208
[  368.188508] AAAAA-TCP_FORW: name:enp0s3: saddr:100932208: daddr:33561200
[  368.376060] AAAAA-TCP_FORW: name:enp0s3: saddr:100932208: daddr:33561200
[  368.407551] AAAAA-TCP_FORW: name:enp0s3: saddr:100932208: daddr:33561200
[  368.704239] AAAAA-TCP_FORW: name:enp0s3: saddr:100932208: daddr:33561200
[  368.750414] AAAAA-TCP_FORW: name:enp0s3: saddr:100932208: daddr:16783984
[  368.763307] AAAAA-TCP_FORW: name:enp0s3: saddr:16783984: daddr:100932208
[  368.803541] AAAAA-TCP_FORW: name:enp0s3: saddr:100932208: daddr:16783984
[  368.880797] AAAAA-TCP_FORW: name:enp0s3: saddr:16783984: daddr:100932208
[  369.084089] AAAAA-TCP_FORW: name:enp0s3: saddr:16783984: daddr:100932208
[  369.137549] AAAAA-TCP_FORW: name:enp0s3: saddr:100932208: daddr:16783984
[  369.150873] AAAAA-TCP_FORW: name:enp0s3: saddr:33561200: daddr:100932208
[  369.356765] AAAAA-TCP_FORW: name:enp0s3: saddr:100932208: daddr:16783984
[  369.446259] AAAAA-TCP_FORW: name:enp0s3: saddr:100932208: daddr:16783984
[  369.452858] AAAAA-TCP_FORW: name:enp0s3: saddr:33561200: daddr:100932208
[  369.585705] AAAAA-TCP_FORW: name:enp0s3: saddr:100932208: daddr:16783984
[  369.644218] AAAAA-TCP_FORW: name:enp0s3: saddr:100932208: daddr:16783984
[  369.688369] AAAAA-TCP_FORW: name:enp0s3: saddr:100932208: daddr:16783984
[  369.782633] AAAAA-TCP_FORW: name:enp0s3: saddr:100932208: daddr:16783984
[  369.894915] AAAAA-TCP_FORW: name:enp0s3: saddr:100932208: daddr:16783984
[  369.964409] AAAAA-TCP_FORW: name:enp0s3: saddr:100932208: daddr:16783984
[  370.060726] AAAAA-TCP_FORW: name:enp0s3: saddr:100932208: daddr:16783984
[  370.097808] AAAAA-TCP_FORW: name:enp0s3: saddr:100932208: daddr:16783984
[  370.197243] AAAAA-TCP_FORW: name:enp0s3: saddr:100932208: daddr:16783984
[  370.252783] AAAAA-TCP_FORW: name:enp0s3: saddr:33561200: daddr:100932208
[  370.350966] AAAAA-TCP_FORW: name:enp0s3: saddr:100932208: daddr:16783984
[  370.387376] AAAAA-TCP_FORW: name:enp0s3: saddr:100932208: daddr:16783984
[  370.571118] AAAAA-TCP_FORW: name:enp0s3: saddr:100932208: daddr:16783984
[  370.635649] AAAAA-TCP_FORW: name:enp0s3: saddr:16783984: daddr:100932208
[  370.662885] AAAAA-TCP_FORW: name:enp0s3: saddr:100932208: daddr:16783984
[  370.766913] AAAAA-TCP_FORW: name:enp0s3: saddr:100932208: daddr:16783984
[  370.798656] AAAAA-TCP_FORW: name:enp0s3: saddr:16783984: daddr:100932208
[  370.961308] AAAAA-TCP_FORW: name:enp0s3: saddr:16783984: daddr:100932208
[  371.049593] AAAAA-TCP_FORW: name:enp0s3: saddr:100932208: daddr:16783984
[  371.173778] AAAAA-TCP_FORW: name:enp0s3: saddr:16783984: daddr:100932208
[  371.226888] AAAAA-TCP_FORW: name:enp0s3: saddr:16783984: daddr:100932208
[  371.246914] AAAAA-TCP_FORW: name:enp0s3: saddr:100932208: daddr:16783984
[  371.304427] AAAAA-TCP_FORW: name:enp0s3: saddr:16783984: daddr:100932208
[  371.354106] AAAAA-TCP_FORW: name:enp0s3: saddr:16783984: daddr:100932208
[  371.368530] AAAAA-TCP_FORW: name:enp0s3: saddr:100932208: daddr:33561200
[  371.391677] AAAAA-TCP_FORW: name:enp0s3: saddr:100932208: daddr:16783984
[  371.410432] AAAAA-TCP_FORW: name:enp0s3: saddr:16783984: daddr:100932208
[  371.467833] AAAAA-TCP_FORW: name:enp0s3: saddr:16783984: daddr:100932208
[  371.478096] AAAAA-TCP_FORW: name:enp0s3: saddr:100932208: daddr:33561200
[  371.586026] AAAAA-TCP_FORW: name:enp0s3: saddr:16783984: daddr:100932208
[  371.626612] AAAAA-TCP_FORW: name:enp0s3: saddr:100932208: daddr:33561200
[  371.654962] AAAAA-TCP_FORW: name:enp0s3: saddr:16783984: daddr:100932208
[  371.711054] AAAAA-TCP_FORW: name:enp0s3: saddr:16783984: daddr:100932208
[  371.818838] AAAAA-TCP_FORW: name:enp0s3: saddr:33561200: daddr:100932208
[  371.852661] AAAAA-TCP_FORW: name:enp0s3: saddr:100932208: daddr:16783984
[  371.860184] AAAAA-TCP_FORW: name:enp0s3: saddr:16783984: daddr:100932208
[  371.907323] AAAAA-TCP_FORW: name:enp0s3: saddr:16783984: daddr:100932208
[  371.947929] AAAAA-TCP_FORW: name:enp0s3: saddr:16783984: daddr:100932208
[  372.003375] AAAAA-TCP_FORW: name:enp0s3: saddr:100932208: daddr:33561200
[  372.061935] AAAAA-TCP_FORW: name:enp0s3: saddr:16783984: daddr:100932208
[  372.098925] AAAAA-TCP_FORW: name:enp0s3: saddr:16783984: daddr:100932208
[  372.153194] AAAAA-TCP_FORW: name:enp0s3: saddr:100932208: daddr:16783984
[  372.175975] AAAAA-TCP_FORW: name:enp0s3: saddr:33561200: daddr:100932208
[  372.223674] AAAAA-TCP_FORW: name:enp0s3: saddr:100932208: daddr:33561200
[  372.274483] AAAAA-TCP_FORW: name:enp0s3: saddr:16783984: daddr:100932208
[  372.369465] AAAAA-TCP_FORW: name:enp0s3: saddr:100932208: daddr:33561200
[  372.438649] AAAAA-TCP_FORW: name:enp0s3: saddr:100932208: daddr:33561200
[  372.461304] AAAAA-TCP_FORW: name:enp0s3: saddr:16783984: daddr:100932208
[  372.596054] AAAAA-TCP_FORW: name:enp0s3: saddr:16783984: daddr:100932208
[  372.720595] AAAAA-TCP_FORW: name:enp0s3: saddr:16783984: daddr:100932208
[  372.836985] AAAAA-TCP_FORW: name:enp0s3: saddr:16783984: daddr:100932208
[  372.943806] AAAAA-TCP_FORW: name:enp0s3: saddr:33561200: daddr:100932208
[  373.130597] AAAAA-TCP_FORW: name:enp0s3: saddr:33561200: daddr:100932208
[  373.176369] AAAAA-TCP_FORW: name:enp0s3: saddr:100932208: daddr:16783984
[  373.281496] AAAAA-TCP_FORW: name:enp0s3: saddr:33561200: daddr:100932208
[  373.451864] AAAAA-TCP_FORW: name:enp0s3: saddr:100932208: daddr:33561200
[  373.767390] AAAAA-TCP_FORW: name:enp0s3: saddr:100932208: daddr:33561200
[  374.338288] AAAAA-TCP_FORW: name:enp0s3: saddr:100932208: daddr:33561200
[  374.570393] AAAAA-TCP_FORW: name:enp0s3: saddr:100932208: daddr:33561200
[  374.681958] AAAAA-TCP_FORW: name:enp0s3: saddr:100932208: daddr:33561200
[  374.814527] AAAAA-TCP_FORW: name:enp0s3: saddr:33561200: daddr:100932208
[  374.948260] AAAAA-TCP_FORW: name:enp0s3: saddr:33561200: daddr:100932208
[  374.975604] AAAAA-TCP_FORW: name:enp0s3: saddr:16783984: daddr:100932208
[  375.230195] AAAAA-TCP_FORW: name:enp0s3: saddr:100932208: daddr:16783984
[  375.237804] AAAAA-TCP_FORW: name:enp0s3: saddr:16783984: daddr:100932208
[  375.317206] AAAAA-TCP_FORW: name:enp0s3: saddr:100932208: daddr:16783984
[  375.359739] AAAAA-TCP_FORW: name:enp0s3: saddr:100932208: daddr:33561200
[  375.393840] AAAAA-TCP_FORW: name:enp0s3: saddr:33561200: daddr:100932208
[  375.467309] AAAAA-TCP_FORW: name:enp0s3: saddr:16783984: daddr:100932208
[  375.485059] AAAAA-TCP_FORW: name:enp0s3: saddr:100932208: daddr:33561200
[  375.620865] AAAAA-TCP_FORW: name:enp0s3: saddr:33561200: daddr:100932208
[  375.691721] AAAAA-TCP_FORW: name:enp0s3: saddr:100932208: daddr:16783984
[  375.805649] AAAAA-TCP_FORW: name:enp0s3: saddr:33561200: daddr:100932208
[  375.839222] AAAAA-TCP_FORW: name:enp0s3: saddr:100932208: daddr:33561200
[  375.882936] AAAAA-TCP_FORW: name:enp0s3: saddr:100932208: daddr:16783984
[  375.898306] AAAAA-TCP_FORW: name:enp0s3: saddr:33561200: daddr:100932208
[  375.965855] AAAAA-TCP_FORW: name:enp0s3: saddr:16783984: daddr:100932208
[  375.994325] AAAAA-TCP_FORW: name:enp0s3: saddr:100932208: daddr:33561200
[  594.259572] rfkill: input handler enabled
[  602.214603] rfkill: input handler disabled
[  756.633722] device enp0s3 left promiscuous mode
