[    0.000000] Linux version 5.4.243-dmptcp (root@ztg) (gcc version 12.2.0 (Debian 12.2.0-14+deb12u1)) #119 SMP Wed Dec 24 23:52:51 CST 2025
[    0.000000] Command line: BOOT_IMAGE=/boot/vmlinuz-5.4.243-dmptcp root=UUID=98415a12-53b7-4144-8265-0f7ece09e445 ro quiet splash
[    0.000000] KERNEL supported cpus:
[    0.000000]   Intel GenuineIntel
[    0.000000]   AMD AuthenticAMD
[    0.000000]   Hygon HygonGenuine
[    0.000000]   Centaur CentaurHauls
[    0.000000]   zhaoxin   Shanghai  
[    0.000000] x86/fpu: Supporting XSAVE feature 0x001: 'x87 floating point registers'
[    0.000000] x86/fpu: Supporting XSAVE feature 0x002: 'SSE registers'
[    0.000000] x86/fpu: Supporting XSAVE feature 0x004: 'AVX registers'
[    0.000000] x86/fpu: xstate_offset[2]:  576, xstate_sizes[2]:  256
[    0.000000] x86/fpu: Enabled xstate features 0x7, context size is 832 bytes, using 'standard' format.
[    0.000000] BIOS-provided physical RAM map:
[    0.000000] BIOS-e820: [mem 0x0000000000000000-0x000000000009fbff] usable
[    0.000000] BIOS-e820: [mem 0x000000000009fc00-0x000000000009ffff] reserved
[    0.000000] BIOS-e820: [mem 0x00000000000f0000-0x00000000000fffff] reserved
[    0.000000] BIOS-e820: [mem 0x0000000000100000-0x000000007ffeffff] usable
[    0.000000] BIOS-e820: [mem 0x000000007fff0000-0x000000007fffffff] ACPI data
[    0.000000] BIOS-e820: [mem 0x00000000fec00000-0x00000000fec00fff] reserved
[    0.000000] BIOS-e820: [mem 0x00000000fee00000-0x00000000fee00fff] reserved
[    0.000000] BIOS-e820: [mem 0x00000000fffc0000-0x00000000ffffffff] reserved
[    0.000000] NX (Execute Disable) protection: active
[    0.000000] SMBIOS 2.5 present.
[    0.000000] DMI: innotek GmbH VirtualBox/VirtualBox, BIOS VirtualBox 12/01/2006
[    0.000000] Hypervisor detected: KVM
[    0.000000] kvm-clock: Using msrs 4b564d01 and 4b564d00
[    0.000000] kvm-clock: cpu 0, msr 74001001, primary cpu clock
[    0.000000] kvm-clock: using sched offset of 4529351960 cycles
[    0.000003] clocksource: kvm-clock: mask: 0xffffffffffffffff max_cycles: 0x1cd42e4dffb, max_idle_ns: 881590591483 ns
[    0.000006] tsc: Detected 2100.000 MHz processor
[    0.001959] e820: update [mem 0x00000000-0x00000fff] usable ==> reserved
[    0.001961] e820: remove [mem 0x000a0000-0x000fffff] usable
[    0.001965] last_pfn = 0x7fff0 max_arch_pfn = 0x400000000
[    0.002037] MTRR default type: uncachable
[    0.002038] MTRR fixed ranges enabled:
[    0.002039]   00000-9FFFF write-back
[    0.002040]   A0000-BFFFF uncachable
[    0.002041]   C0000-FFFFF write-protect
[    0.002041] MTRR variable ranges enabled:
[    0.002043]   0 base 000000000000 mask 3FFF80000000 write-back
[    0.002044]   1 disabled
[    0.002044]   2 disabled
[    0.002045]   3 disabled
[    0.002045]   4 disabled
[    0.002045]   5 disabled
[    0.002046]   6 disabled
[    0.002046]   7 disabled
[    0.002047]   8 disabled
[    0.002047]   9 disabled
[    0.002048]   10 disabled
[    0.002048]   11 disabled
[    0.002048]   12 disabled
[    0.002049]   13 disabled
[    0.002049]   14 disabled
[    0.002050]   15 disabled
[    0.002067] x86/PAT: Configuration [0-7]: WB  WC  UC- UC  WB  WP  UC- WT  
[    0.002206] found SMP MP-table at [mem 0x0009fff0-0x0009ffff]
[    0.094020] check: Scanning 1 areas for low memory corruption
[    0.094206] RAMDISK: [mem 0x32271000-0x3512ffff]
[    0.094216] ACPI: Early table checksum verification disabled
[    0.094223] ACPI: RSDP 0x00000000000E0000 000024 (v02 VBOX  )
[    0.094228] ACPI: XSDT 0x000000007FFF0030 00003C (v01 VBOX   VBOXXSDT 00000001 ASL  00000061)
[    0.094236] ACPI: FACP 0x000000007FFF00F0 0000F4 (v04 VBOX   VBOXFACP 00000001 ASL  00000061)
[    0.094243] ACPI: DSDT 0x000000007FFF02E0 002353 (v02 VBOX   VBOXBIOS 00000002 VBOX 00029BF3)
[    0.094247] ACPI: FACS 0x000000007FFF0200 000040
[    0.094250] ACPI: FACS 0x000000007FFF0200 000040
[    0.094254] ACPI: APIC 0x000000007FFF0240 000054 (v02 VBOX   VBOXAPIC 00000001 ASL  00000061)
[    0.094257] ACPI: SSDT 0x000000007FFF02A0 000038 (v01 VBOX   VBOXCPUT 00000002 VBOX 00029BF3)
[    0.094261] ACPI: Reserving FACP table memory at [mem 0x7fff00f0-0x7fff01e3]
[    0.094262] ACPI: Reserving DSDT table memory at [mem 0x7fff02e0-0x7fff2632]
[    0.094262] ACPI: Reserving FACS table memory at [mem 0x7fff0200-0x7fff023f]
[    0.094263] ACPI: Reserving FACS table memory at [mem 0x7fff0200-0x7fff023f]
[    0.094264] ACPI: Reserving APIC table memory at [mem 0x7fff0240-0x7fff0293]
[    0.094264] ACPI: Reserving SSDT table memory at [mem 0x7fff02a0-0x7fff02d7]
[    0.094280] ACPI: Local APIC address 0xfee00000
[    0.094491] No NUMA configuration found
[    0.094492] Faking a node at [mem 0x0000000000000000-0x000000007ffeffff]
[    0.094503] NODE_DATA(0) allocated [mem 0x7ffc5000-0x7ffeffff]
[    0.095912] Zone ranges:
[    0.095914]   DMA      [mem 0x0000000000001000-0x0000000000ffffff]
[    0.095916]   DMA32    [mem 0x0000000001000000-0x000000007ffeffff]
[    0.095917]   Normal   empty
[    0.095917]   Device   empty
[    0.095918] Movable zone start for each node
[    0.095920] Early memory node ranges
[    0.095921]   node   0: [mem 0x0000000000001000-0x000000000009efff]
[    0.095922]   node   0: [mem 0x0000000000100000-0x000000007ffeffff]
[    0.097003] Zeroed struct page in unavailable ranges: 114 pages
[    0.097005] Initmem setup node 0 [mem 0x0000000000001000-0x000000007ffeffff]
[    0.097006] On node 0 totalpages: 524174
[    0.097008]   DMA zone: 64 pages used for memmap
[    0.097008]   DMA zone: 21 pages reserved
[    0.097009]   DMA zone: 3998 pages, LIFO batch:0
[    0.097092]   DMA32 zone: 8128 pages used for memmap
[    0.097093]   DMA32 zone: 520176 pages, LIFO batch:63
[    0.106896] ACPI: PM-Timer IO Port: 0x4008
[    0.106900] ACPI: Local APIC address 0xfee00000
[    0.106974] IOAPIC[0]: apic_id 1, version 32, address 0xfec00000, GSI 0-23
[    0.106978] ACPI: INT_SRC_OVR (bus 0 bus_irq 0 global_irq 2 dfl dfl)
[    0.106980] ACPI: INT_SRC_OVR (bus 0 bus_irq 9 global_irq 9 low level)
[    0.106982] ACPI: IRQ0 used by override.
[    0.106983] ACPI: IRQ9 used by override.
[    0.106986] Using ACPI (MADT) for SMP configuration information
[    0.106994] smpboot: Allowing 1 CPUs, 0 hotplug CPUs
[    0.107021] PM: Registered nosave memory: [mem 0x00000000-0x00000fff]
[    0.107022] PM: Registered nosave memory: [mem 0x0009f000-0x0009ffff]
[    0.107023] PM: Registered nosave memory: [mem 0x000a0000-0x000effff]
[    0.107023] PM: Registered nosave memory: [mem 0x000f0000-0x000fffff]
[    0.107026] [mem 0x80000000-0xfebfffff] available for PCI devices
[    0.107027] Booting paravirtualized kernel on KVM
[    0.107030] clocksource: refined-jiffies: mask: 0xffffffff max_cycles: 0xffffffff, max_idle_ns: 7645519600211568 ns
[    0.107036] setup_percpu: NR_CPUS:8192 nr_cpumask_bits:1 nr_cpu_ids:1 nr_node_ids:1
[    0.108632] percpu: Embedded 60 pages/cpu s208896 r8192 d28672 u2097152
[    0.108637] pcpu-alloc: s208896 r8192 d28672 u2097152 alloc=1*2097152
[    0.108639] pcpu-alloc: [0] 0 
[    0.108670] Built 1 zonelists, mobility grouping on.  Total pages: 515961
[    0.108671] Policy zone: DMA32
[    0.108673] Kernel command line: BOOT_IMAGE=/boot/vmlinuz-5.4.243-dmptcp root=UUID=98415a12-53b7-4144-8265-0f7ece09e445 ro quiet splash
[    0.109997] Dentry cache hash table entries: 262144 (order: 9, 2097152 bytes, linear)
[    0.110266] Inode-cache hash table entries: 131072 (order: 8, 1048576 bytes, linear)
[    0.110322] mem auto-init: stack:off, heap alloc:on, heap free:off
[    0.110325] Calgary: detecting Calgary via BIOS EBDA area
[    0.110327] Calgary: Unable to locate Rio Grande table in EBDA - bailing!
[    0.115660] Memory: 1967332K/2096696K available (14339K kernel code, 2399K rwdata, 4716K rodata, 2728K init, 17260K bss, 129364K reserved, 0K cma-reserved)
[    0.117029] SLUB: HWalign=64, Order=0-3, MinObjects=0, CPUs=1, Nodes=1
[    0.117049] ftrace: allocating 43203 entries in 169 pages
[    0.137786] rcu: Hierarchical RCU implementation.
[    0.137788] rcu: 	RCU restricting CPUs from NR_CPUS=8192 to nr_cpu_ids=1.
[    0.137790] 	Tasks RCU enabled.
[    0.137792] rcu: RCU calculated value of scheduler-enlistment delay is 25 jiffies.
[    0.137793] rcu: Adjusting geometry for rcu_fanout_leaf=16, nr_cpu_ids=1
[    0.140940] NR_IRQS: 524544, nr_irqs: 256, preallocated irqs: 16
[    0.141489] random: crng init done
[    0.150837] Console: colour VGA+ 80x25
[    0.150844] printk: console [tty0] enabled
[    0.150873] ACPI: Core revision 20190816
[    0.150994] APIC: Switch to symmetric I/O mode setup
[    0.151246] x2apic enabled
[    0.151483] Switched APIC routing to physical x2apic.
[    0.152681] ..TIMER: vector=0x30 apic1=0 pin1=2 apic2=-1 pin2=-1
[    0.152709] clocksource: tsc-early: mask: 0xffffffffffffffff max_cycles: 0x1e4530a99b6, max_idle_ns: 440795257976 ns
[    0.152716] Calibrating delay loop (skipped) preset value.. 4200.00 BogoMIPS (lpj=8400000)
[    0.152719] pid_max: default: 32768 minimum: 301
[    0.152751] LSM: Security Framework initializing
[    0.152763] Yama: becoming mindful.
[    0.152796] AppArmor: AppArmor initialized
[    0.152836] Mount-cache hash table entries: 4096 (order: 3, 32768 bytes, linear)
[    0.152842] Mountpoint-cache hash table entries: 4096 (order: 3, 32768 bytes, linear)
[    0.152854] *** VALIDATE tmpfs ***
[    0.152998] *** VALIDATE proc ***
[    0.153047] *** VALIDATE cgroup1 ***
[    0.153048] *** VALIDATE cgroup2 ***
[    0.153200] process: using mwait in idle threads
[    0.153205] Last level iTLB entries: 4KB 64, 2MB 8, 4MB 8
[    0.153205] Last level dTLB entries: 4KB 64, 2MB 0, 4MB 0, 1GB 4
[    0.153227] Spectre V1 : Mitigation: usercopy/swapgs barriers and __user pointer sanitization
[    0.153233] Spectre V2 : Mitigation: Retpolines
[    0.153234] Spectre V2 : Spectre v2 / SpectreRSB mitigation: Filling RSB on context switch
[    0.153235] Spectre V2 : Spectre v2 / SpectreRSB : Filling RSB on VMEXIT
[    0.153235] RETBleed: WARNING: Spectre v2 mitigation leaves CPU vulnerable to RETBleed attacks, data leaks possible!
[    0.153590] RETBleed: Vulnerable
[    0.153591] Speculative Store Bypass: Vulnerable
[    0.153596] TAA: Mitigation: TSX disabled
[    0.153597] MMIO Stale Data: Mitigation: Clear CPU buffers
[    0.161060] Freeing SMP alternatives memory: 40K
[    0.271712] smpboot: CPU0: Intel(R) Xeon(R) Silver 4216 CPU @ 2.10GHz (family: 0x6, model: 0x55, stepping: 0x7)
[    0.271895] Performance Events: unsupported p6 CPU model 85 no PMU driver, software events only.
[    0.271943] rcu: Hierarchical SRCU implementation.
[    0.272493] NMI watchdog: Perf NMI watchdog permanently disabled
[    0.272542] smp: Bringing up secondary CPUs ...
[    0.272543] smp: Brought up 1 node, 1 CPU
[    0.272544] smpboot: Max logical packages: 1
[    0.272545] smpboot: Total of 1 processors activated (4200.00 BogoMIPS)
[    0.272712] devtmpfs: initialized
[    0.272712] x86/mm: Memory block size: 128MB
[    0.272712] clocksource: jiffies: mask: 0xffffffff max_cycles: 0xffffffff, max_idle_ns: 7645041785100000 ns
[    0.272712] futex hash table entries: 256 (order: 2, 16384 bytes, linear)
[    0.272712] pinctrl core: initialized pinctrl subsystem
[    0.272712] PM: RTC time: 09:22:27, date: 2026-01-10
[    0.272712] NET: Registered protocol family 16
[    0.272712] audit: initializing netlink subsys (disabled)
[    0.272712] EISA bus registered
[    0.272712] cpuidle: using governor ladder
[    0.272712] cpuidle: using governor menu
[    0.272712] ACPI: bus type PCI registered
[    0.272712] acpiphp: ACPI Hot Plug PCI Controller Driver version: 0.5
[    0.272712] PCI: Using configuration type 1 for base access
[    0.273933] audit: type=2000 audit(1768008154.030:1): state=initialized audit_enabled=0 res=1
[    0.274029] HugeTLB registered 2.00 MiB page size, pre-allocated 0 pages
[    0.275000] ACPI: Added _OSI(Module Device)
[    0.275000] ACPI: Added _OSI(Processor Device)
[    0.275001] ACPI: Added _OSI(3.0 _SCP Extensions)
[    0.275002] ACPI: Added _OSI(Processor Aggregator Device)
[    0.275003] ACPI: Added _OSI(Linux-Dell-Video)
[    0.275004] ACPI: Added _OSI(Linux-Lenovo-NV-HDMI-Audio)
[    0.275004] ACPI: Added _OSI(Linux-HPI-Hybrid-Graphics)
[    0.276978] ACPI: 2 ACPI AML tables successfully acquired and loaded
[    0.278582] ACPI: Interpreter enabled
[    0.278593] ACPI: (supports S0 S5)
[    0.278594] ACPI: Using IOAPIC for interrupt routing
[    0.278819] PCI: Using host bridge windows from ACPI; if necessary, use "pci=nocrs" and report a bug
[    0.278940] ACPI: Enabled 2 GPEs in block 00 to 07
[    0.284032] ACPI: PCI Root Bridge [PCI0] (domain 0000 [bus 00-ff])
[    0.284038] acpi PNP0A03:00: _OSC: OS supports [ASPM ClockPM Segments MSI HPX-Type3]
[    0.284485] acpi PNP0A03:00: _OSC: not requesting OS control; OS requires [ExtendedConfig ASPM ClockPM MSI]
[    0.284494] acpi PNP0A03:00: fail to add MMCONFIG information, can't access extended PCI configuration space under this bridge.
[    0.284958] PCI host bridge to bus 0000:00
[    0.284960] pci_bus 0000:00: root bus resource [io  0x0000-0x0cf7 window]
[    0.284962] pci_bus 0000:00: root bus resource [io  0x0d00-0xffff window]
[    0.284963] pci_bus 0000:00: root bus resource [mem 0x000a0000-0x000bffff window]
[    0.284964] pci_bus 0000:00: root bus resource [mem 0x80000000-0xfdffffff window]
[    0.284965] pci_bus 0000:00: root bus resource [bus 00-ff]
[    0.285009] pci 0000:00:00.0: [8086:1237] type 00 class 0x060000
[    0.285963] pci 0000:00:01.0: [8086:7000] type 00 class 0x060100
[    0.286723] pci 0000:00:01.1: [8086:7111] type 00 class 0x01018a
[    0.287126] pci 0000:00:01.1: reg 0x20: [io  0xd000-0xd00f]
[    0.287285] pci 0000:00:01.1: legacy IDE quirk: reg 0x10: [io  0x01f0-0x01f7]
[    0.287286] pci 0000:00:01.1: legacy IDE quirk: reg 0x14: [io  0x03f6]
[    0.287287] pci 0000:00:01.1: legacy IDE quirk: reg 0x18: [io  0x0170-0x0177]
[    0.287288] pci 0000:00:01.1: legacy IDE quirk: reg 0x1c: [io  0x0376]
[    0.287825] pci 0000:00:02.0: [15ad:0405] type 00 class 0x030000
[    0.290657] pci 0000:00:02.0: reg 0x10: [io  0xd010-0xd01f]
[    0.294590] pci 0000:00:02.0: reg 0x14: [mem 0xe0000000-0xe7ffffff pref]
[    0.296761] pci 0000:00:02.0: reg 0x18: [mem 0xf0000000-0xf01fffff]
[    0.309223] pci 0000:00:03.0: [1022:2000] type 00 class 0x020000
[    0.309963] pci 0000:00:03.0: reg 0x10: [io  0xd020-0xd03f]
[    0.310611] pci 0000:00:03.0: reg 0x14: [mem 0xf0200000-0xf0200fff]
[    0.314106] pci 0000:00:04.0: [80ee:cafe] type 00 class 0x088000
[    0.314786] pci 0000:00:04.0: reg 0x10: [io  0xd040-0xd05f]
[    0.315427] pci 0000:00:04.0: reg 0x14: [mem 0xf0400000-0xf07fffff]
[    0.316043] pci 0000:00:04.0: reg 0x18: [mem 0xf0800000-0xf0803fff pref]
[    0.319289] pci 0000:00:07.0: [8086:7113] type 00 class 0x068000
[    0.320897] pci 0000:00:07.0: quirk: [io  0x4000-0x403f] claimed by PIIX4 ACPI
[    0.320907] pci 0000:00:07.0: quirk: [io  0x4100-0x410f] claimed by PIIX4 SMB
[    0.321526] pci 0000:00:08.0: [8086:100e] type 00 class 0x020000
[    0.322319] pci 0000:00:08.0: reg 0x10: [mem 0xf0820000-0xf083ffff]
[    0.323561] pci 0000:00:08.0: reg 0x18: [io  0xd060-0xd067]
[    0.326364] pci 0000:00:09.0: [8086:100e] type 00 class 0x020000
[    0.327078] pci 0000:00:09.0: reg 0x10: [mem 0xf0840000-0xf085ffff]
[    0.328277] pci 0000:00:09.0: reg 0x18: [io  0xd068-0xd06f]
[    0.337807] ACPI: PCI Interrupt Link [LNKA] (IRQs 5 9 10 *11)
[    0.338094] ACPI: PCI Interrupt Link [LNKB] (IRQs 5 9 *10 11)
[    0.338196] ACPI: PCI Interrupt Link [LNKC] (IRQs 5 *9 10 11)
[    0.338301] ACPI: PCI Interrupt Link [LNKD] (IRQs 5 9 10 *11)
[    0.338604] iommu: Default domain type: Translated 
[    0.338668] pci 0000:00:02.0: vgaarb: setting as boot VGA device
[    0.338670] pci 0000:00:02.0: vgaarb: VGA device added: decodes=io+mem,owns=io+mem,locks=none
[    0.340715] pci 0000:00:02.0: vgaarb: bridge control possible
[    0.340716] vgaarb: loaded
[    0.340956] SCSI subsystem initialized
[    0.340994] libata version 3.00 loaded.
[    0.341024] ACPI: bus type USB registered
[    0.341039] usbcore: registered new interface driver usbfs
[    0.341050] usbcore: registered new interface driver hub
[    0.341056] usbcore: registered new device driver usb
[    0.341083] pps_core: LinuxPPS API ver. 1 registered
[    0.341084] pps_core: Software ver. 5.3.6 - Copyright 2005-2007 Rodolfo Giometti <giometti@linux.it>
[    0.341088] PTP clock support registered
[    0.341131] EDAC MC: Ver: 3.0.0
[    0.341440] PCI: Using ACPI for IRQ routing
[    0.341442] PCI: pci_cache_line_size set to 64 bytes
[    0.341621] e820: reserve RAM buffer [mem 0x0009fc00-0x0009ffff]
[    0.341625] e820: reserve RAM buffer [mem 0x7fff0000-0x7fffffff]
[    0.342876] NetLabel: Initializing
[    0.342876] NetLabel:  domain hash size = 128
[    0.342877] NetLabel:  protocols = UNLABELED CIPSOv4 CALIPSO
[    0.342898] NetLabel:  unlabeled traffic allowed by default
[    0.343946] clocksource: Switched to clocksource kvm-clock
[    0.355643] *** VALIDATE bpf ***
[    0.355643] VFS: Disk quotas dquot_6.6.0
[    0.355643] VFS: Dquot-cache hash table entries: 512 (order 0, 4096 bytes)
[    0.355643] *** VALIDATE ramfs ***
[    0.355643] *** VALIDATE hugetlbfs ***
[    0.355643] AppArmor: AppArmor Filesystem Enabled
[    0.355643] pnp: PnP ACPI init
[    0.355643] pnp 00:00: Plug and Play ACPI device, IDs PNP0303 (active)
[    0.359287] pnp 00:01: Plug and Play ACPI device, IDs PNP0f03 (active)
[    0.360053] pnp: PnP ACPI: found 2 devices
[    0.361113] thermal_sys: Registered thermal governor 'fair_share'
[    0.361114] thermal_sys: Registered thermal governor 'bang_bang'
[    0.361115] thermal_sys: Registered thermal governor 'step_wise'
[    0.361115] thermal_sys: Registered thermal governor 'user_space'
[    0.361116] thermal_sys: Registered thermal governor 'power_allocator'
[    0.365647] clocksource: acpi_pm: mask: 0xffffff max_cycles: 0xffffff, max_idle_ns: 2085701024 ns
[    0.365691] pci_bus 0000:00: resource 4 [io  0x0000-0x0cf7 window]
[    0.365693] pci_bus 0000:00: resource 5 [io  0x0d00-0xffff window]
[    0.365694] pci_bus 0000:00: resource 6 [mem 0x000a0000-0x000bffff window]
[    0.365696] pci_bus 0000:00: resource 7 [mem 0x80000000-0xfdffffff window]
[    0.365764] NET: Registered protocol family 2
[    0.365877] IP idents hash table entries: 32768 (order: 6, 262144 bytes, linear)
[    0.366358] MPTCP tokens hash table entries: 8192 (order: 4, 65536 bytes, linear)
[    0.366390] MPTCP request tokens hash table entries: 8192 (order: 4, 65536 bytes, linear)
[    0.366416] default registered
[    0.366417] default registered
[    0.366417] MPTCP: Stable release v0.96
[    0.366425] tcp_listen_portaddr_hash hash table entries: 1024 (order: 2, 16384 bytes, linear)
[    0.366559] TCP established hash table entries: 16384 (order: 5, 131072 bytes, linear)
[    0.366659] TCP bind hash table entries: 16384 (order: 6, 262144 bytes, linear)
[    0.366684] TCP: Hash tables configured (established 16384 bind 16384)
[    0.367810] UDP hash table entries: 1024 (order: 3, 32768 bytes, linear)
[    0.367826] UDP-Lite hash table entries: 1024 (order: 3, 32768 bytes, linear)
[    0.367872] NET: Registered protocol family 1
[    0.367881] NET: Registered protocol family 44
[    0.367906] pci 0000:00:00.0: Limiting direct PCI/PCI transfers
[    0.367919] pci 0000:00:01.0: Activating ISA DMA hang workarounds
[    0.367976] pci 0000:00:02.0: Video device with shadowed ROM at [mem 0x000c0000-0x000dffff]
[    0.368044] PCI: CLS 0 bytes, default 64
[    0.368102] Trying to unpack rootfs image as initramfs...
[    0.596492] Freeing initrd memory: 47868K
[    0.596492] clocksource: tsc: mask: 0xffffffffffffffff max_cycles: 0x1e4530a99b6, max_idle_ns: 440795257976 ns
[    0.596492] clocksource: Switched to clocksource tsc
[    0.596492] platform rtc_cmos: registered platform RTC device (no PNP device found)
[    0.596492] check: Scanning for low memory corruption every 60 seconds
[    0.596492] Initialise system trusted keyrings
[    0.596492] Key type blacklist registered
[    0.596492] workingset: timestamp_bits=36 max_order=19 bucket_order=0
[    0.596492] zbud: loaded
[    0.596492] squashfs: version 4.0 (2009/01/31) Phillip Lougher
[    0.596492] fuse: init (API version 7.31)
[    0.596492] *** VALIDATE fuse ***
[    0.596492] *** VALIDATE fuse ***
[    0.596492] Platform Keyring initialized
[    0.596492] Key type asymmetric registered
[    0.596492] Asymmetric key parser 'x509' registered
[    0.596492] Block layer SCSI generic (bsg) driver version 0.4 loaded (major 244)
[    0.596492] io scheduler mq-deadline registered
[    0.596492] shpchp: Standard Hot Plug PCI Controller Driver version: 0.4
[    0.604597] ACPI: AC Adapter [AC] (on-line)
[    0.604655] input: Power Button as /devices/LNXSYSTM:00/LNXPWRBN:00/input/input0
[    0.604685] ACPI: Power Button [PWRF]
[    0.604770] input: Sleep Button as /devices/LNXSYSTM:00/LNXSLPBN:00/input/input1
[    0.604784] ACPI: Sleep Button [SLPF]
[    0.605031] Serial: 8250/16550 driver, 32 ports, IRQ sharing enabled
[    0.606268] Linux agpgart interface v0.103
[    0.695285] loop: module loaded
[    0.695475] ata_piix 0000:00:01.1: version 2.13
[    0.695926] scsi host0: ata_piix
[    0.696030] scsi host1: ata_piix
[    0.696058] ata1: PATA max UDMA/33 cmd 0x1f0 ctl 0x3f6 bmdma 0xd000 irq 14
[    0.696059] ata2: PATA max UDMA/33 cmd 0x170 ctl 0x376 bmdma 0xd008 irq 15
[    0.696152] tun: Universal TUN/TAP device driver, 1.6
[    0.696508] PPP generic driver version 2.4.2
[    0.696564] VFIO - User Level meta-driver version: 0.3
[    0.696824] ehci_hcd: USB 2.0 'Enhanced' Host Controller (EHCI) Driver
[    0.696827] ehci-pci: EHCI PCI platform driver
[    0.696846] ehci-platform: EHCI generic platform driver
[    0.696852] ohci_hcd: USB 1.1 'Open' Host Controller (OHCI) Driver
[    0.696855] ohci-pci: OHCI PCI platform driver
[    0.696860] ohci-platform: OHCI generic platform driver
[    0.696865] uhci_hcd: USB Universal Host Controller Interface driver
[    0.696944] i8042: PNP: PS/2 Controller [PNP0303:PS2K,PNP0f03:PS2M] at 0x60,0x64 irq 1,12
[    0.697395] serio: i8042 KBD port at 0x60,0x64 irq 1
[    0.697399] serio: i8042 AUX port at 0x60,0x64 irq 12
[    0.697494] mousedev: PS/2 mouse device common for all mice
[    0.697769] input: AT Translated Set 2 keyboard as /devices/platform/i8042/serio0/input/input2
[    0.698186] rtc_cmos rtc_cmos: registered as rtc0
[    0.698200] rtc_cmos rtc_cmos: alarms up to one day, 114 bytes nvram
[    0.698205] i2c /dev entries driver
[    0.698291] device-mapper: uevent: version 1.0.3
[    0.698336] device-mapper: ioctl: 4.41.0-ioctl (2019-09-16) initialised: dm-devel@redhat.com
[    0.698362] platform eisa.0: Probing EISA bus 0
[    0.698364] platform eisa.0: EISA: Cannot allocate resource for mainboard
[    0.698365] platform eisa.0: Cannot allocate resource for EISA slot 1
[    0.698366] platform eisa.0: Cannot allocate resource for EISA slot 2
[    0.698367] platform eisa.0: Cannot allocate resource for EISA slot 3
[    0.698368] platform eisa.0: Cannot allocate resource for EISA slot 4
[    0.698369] platform eisa.0: Cannot allocate resource for EISA slot 5
[    0.698370] platform eisa.0: Cannot allocate resource for EISA slot 6
[    0.698371] platform eisa.0: Cannot allocate resource for EISA slot 7
[    0.698372] platform eisa.0: Cannot allocate resource for EISA slot 8
[    0.698373] platform eisa.0: EISA: Detected 0 cards
[    0.698377] intel_pstate: CPU model not supported
[    0.698390] ledtrig-cpu: registered to indicate activity on CPUs
[    0.698456] drop_monitor: Initializing network drop monitor service
[    0.698629] NET: Registered protocol family 10
[    0.703456] Segment Routing with IPv6
[    0.703456] fullmesh registered
[    0.703456] ndiffports registered
[    0.703456] binder registered
[    0.703456] roundrobin registered
[    0.703456] mps registered
[    0.703456] redundant registered
[    0.703456] blest registered
[    0.703456] ecf registered
[    0.703456] NET: Registered protocol family 17
[    0.703456] Key type dns_resolver registered
[    0.703456] RAS: Correctable Errors collector initialized.
[    0.703456] IPI shorthand broadcast: enabled
[    0.703456] sched_clock: Marking stable (688221536, 11234912)->(702983548, -3527100)
[    0.704466] registered taskstats version 1
[    0.704482] Loading compiled-in X.509 certificates
[    0.705083] Loaded X.509 cert 'Build time autogenerated kernel key: 6909f3744cebb3d0de528d5887b96a727de79b1e'
[    0.705106] zswap: loaded using pool lzo/zbud
[    0.705168] Key type ._fscrypt registered
[    0.705169] Key type .fscrypt registered
[    0.709726] Key type big_key registered
[    0.711925] Key type encrypted registered
[    0.711928] AppArmor: AppArmor sha1 policy hashing enabled
[    0.711938] ima: No TPM chip found, activating TPM-bypass!
[    0.711942] ima: Allocated hash algorithm: sha1
[    0.711950] ima: No architecture policies found
[    0.711960] evm: Initialising EVM extended attributes:
[    0.711961] evm: security.selinux
[    0.711961] evm: security.SMACK64
[    0.711962] evm: security.SMACK64EXEC
[    0.711962] evm: security.SMACK64TRANSMUTE
[    0.711963] evm: security.SMACK64MMAP
[    0.711963] evm: security.apparmor
[    0.711964] evm: security.ima
[    0.711964] evm: security.capability
[    0.711965] evm: HMAC attrs: 0x1
[    0.712302] PM:   Magic number: 10:495:373
[    0.712336] vc vcsa1: hash matches
[    0.712467] rtc_cmos rtc_cmos: setting system clock to 2026-01-10T09:22:28 UTC (1768036948)
[    0.868272] ata1.00: ATA-6: VBOX HARDDISK, 1.0, max UDMA/133
[    0.868275] ata1.00: 209715200 sectors, multi 128: LBA 
[    0.868973] scsi 0:0:0:0: Direct-Access     ATA      VBOX HARDDISK    1.0  PQ: 0 ANSI: 5
[    0.869283] sd 0:0:0:0: [sda] 209715200 512-byte logical blocks: (107 GB/100 GiB)
[    0.869295] sd 0:0:0:0: [sda] Write Protect is off
[    0.869298] sd 0:0:0:0: [sda] Mode Sense: 00 3a 00 00
[    0.869317] sd 0:0:0:0: [sda] Write cache: enabled, read cache: enabled, doesn't support DPO or FUA
[    0.869661] sd 0:0:0:0: Attached scsi generic sg0 type 0
[    0.870445]  sda: sda1 sda2
[    0.879471] sd 0:0:0:0: [sda] Attached SCSI disk
[    0.882985] Freeing unused decrypted memory: 2040K
[    0.884304] Freeing unused kernel image memory: 2728K
[    0.884307] Write protecting the kernel read-only data: 22528k
[    0.885610] Freeing unused kernel image memory: 2036K
[    0.886356] Freeing unused kernel image memory: 1428K
[    0.911512] x86/mm: Checked W+X mappings: passed, no W+X pages found.
[    0.911519] Run /init as init process
[    1.028081] ACPI: Video Device [GFX0] (multi-head: yes  rom: no  post: no)
[    1.028163] input: Video Bus as /devices/LNXSYSTM:00/LNXSYBUS:00/PNP0A03:00/LNXVIDEO:00/input/input4
[    1.040340] pcnet32: pcnet32.c:v1.35 21.Apr.2008 tsbogend@alpha.franken.de
[    1.041996] piix4_smbus 0000:00:07.0: SMBus Host Controller at 0x4100, revision 0
[    1.044631] e1000: Intel(R) PRO/1000 Network Driver - version 7.3.21-k8-NAPI
[    1.044632] e1000: Copyright (c) 1999-2006 Intel Corporation.
[    1.057532] pcnet32: PCnet/FAST III 79C973 at 0xd020, 08:00:27:ec:b0:fb assigned IRQ 19
[    1.057579] pcnet32: Found PHY 0022:561b at address 0
[    1.057903] pcnet32: eth0: registered as PCnet/FAST III 79C973
[    1.065059] pcnet32: 1 cards_found
[    1.122993] pcnet32 0000:00:03.0 enp0s3: renamed from eth0
[    1.260968] input: ImExPS/2 Generic Explorer Mouse as /devices/platform/i8042/serio1/input/input5
[    1.467679] e1000 0000:00:08.0 eth0: (PCI:33MHz:32-bit) 08:00:27:59:ee:e9
[    1.467685] e1000 0000:00:08.0 eth0: Intel(R) PRO/1000 Network Connection
[    1.839764] e1000 0000:00:09.0 eth1: (PCI:33MHz:32-bit) 08:00:27:3b:c4:9d
[    1.839768] e1000 0000:00:09.0 eth1: Intel(R) PRO/1000 Network Connection
[    1.841167] e1000 0000:00:09.0 enp0s9: renamed from eth1
[    1.843149] e1000 0000:00:08.0 enp0s8: renamed from eth0
[    2.007816] EXT4-fs (sda2): mounted filesystem with ordered data mode. Opts: (null)
[    2.103814] systemd[1]: Inserted module 'autofs4'
[    2.117517] systemd[1]: systemd 245.4-4ubuntu3 running in system mode. (+PAM +AUDIT +SELINUX +IMA +APPARMOR +SMACK +SYSVINIT +UTMP +LIBCRYPTSETUP +GCRYPT +GNUTLS +ACL +XZ +LZ4 +SECCOMP +BLKID +ELFUTILS +KMOD +IDN2 -IDN +PCRE2 default-hierarchy=hybrid)
[    2.117550] systemd[1]: Detected virtualization oracle.
[    2.117554] systemd[1]: Detected architecture x86-64.
[    2.118944] systemd[1]: Set hostname to <ztg>.
[    2.252228] systemd[1]: /lib/systemd/system/dbus.socket:5: ListenStream= references a path below legacy directory /var/run/, updating /var/run/dbus/system_bus_socket â†’ /run/dbus/system_bus_socket; please update the unit file accordingly.
[    2.307342] systemd[1]: Created slice system-modprobe.slice.
[    2.307555] systemd[1]: Created slice User and Session Slice.
[    2.307601] systemd[1]: Started Forward Password Requests to Wall Directory Watch.
[    2.307777] systemd[1]: Set up automount Arbitrary Executable File Formats File System Automount Point.
[    2.307809] systemd[1]: Reached target User and Group Name Lookups.
[    2.307818] systemd[1]: Reached target Remote File Systems.
[    2.307827] systemd[1]: Reached target Slices.
[    2.308410] systemd[1]: Listening on Syslog Socket.
[    2.308482] systemd[1]: Listening on fsck to fsckd communication Socket.
[    2.308525] systemd[1]: Listening on initctl Compatibility Named Pipe.
[    2.308674] systemd[1]: Listening on Journal Audit Socket.
[    2.308726] systemd[1]: Listening on Journal Socket (/dev/log).
[    2.308798] systemd[1]: Listening on Journal Socket.
[    2.308864] systemd[1]: Listening on udev Control Socket.
[    2.308907] systemd[1]: Listening on udev Kernel Socket.
[    2.309765] systemd[1]: Mounting Huge Pages File System...
[    2.310815] systemd[1]: Mounting POSIX Message Queue File System...
[    2.311818] systemd[1]: Mounting Kernel Debug File System...
[    2.313105] systemd[1]: Mounting Kernel Trace File System...
[    2.336998] systemd[1]: Starting Journal Service...
[    2.339217] systemd[1]: Starting Set the console keyboard layout...
[    2.350216] systemd[1]: Starting Create list of static device nodes for the current kernel...
[    2.352789] systemd[1]: Starting Load Kernel Module drm...
[    2.356624] systemd[1]: Condition check resulted in Set Up Additional Binary Formats being skipped.
[    2.356774] systemd[1]: Condition check resulted in File System Check on Root Device being skipped.
[    2.366700] systemd[1]: Starting Load Kernel Modules...
[    2.367546] systemd[1]: Starting Remount Root and Kernel File Systems...
[    2.368364] systemd[1]: Starting udev Coldplug all Devices...
[    2.369176] systemd[1]: Starting Uncomplicated firewall...
[    2.370877] systemd[1]: Mounted Huge Pages File System.
[    2.370971] systemd[1]: Mounted POSIX Message Queue File System.
[    2.371056] systemd[1]: Mounted Kernel Debug File System.
[    2.371139] systemd[1]: Mounted Kernel Trace File System.
[    2.418542] systemd[1]: Finished Create list of static device nodes for the current kernel.
[    2.420706] systemd[1]: modprobe@drm.service: Succeeded.
[    2.427755] systemd[1]: Finished Load Kernel Module drm.
[    2.428455] systemd[1]: Finished Uncomplicated firewall.
[    2.430116] EXT4-fs (sda2): re-mounted. Opts: errors=remount-ro
[    2.434135] systemd[1]: Finished Remount Root and Kernel File Systems.
[    2.434796] systemd[1]: Condition check resulted in Rebuild Hardware Database being skipped.
[    2.434831] systemd[1]: Condition check resulted in Platform Persistent Storage Archival being skipped.
[    2.437101] systemd[1]: Starting Load/Save Random Seed...
[    2.448057] systemd[1]: Starting Create System Users...
[    2.477905] systemd[1]: Finished Load/Save Random Seed.
[    2.480970] systemd[1]: Finished Create System Users.
[    2.481768] systemd[1]: Starting Create Static Device Nodes in /dev...
[    2.487638] lp: driver loaded but no devices found
[    2.510179] ppdev: user-space parallel port driver
[    2.541391] systemd[1]: Finished Create Static Device Nodes in /dev.
[    2.542686] systemd[1]: Starting udev Kernel Device Manager...
[    2.562418] systemd[1]: Finished udev Coldplug all Devices.
[    2.595511] [drm] DMA map mode: Caching DMA mappings.
[    2.595573] [drm] Capabilities:
[    2.595574] [drm]   Rect copy.
[    2.595574] [drm]   Cursor.
[    2.595574] [drm]   Cursor bypass.
[    2.595575] [drm]   Cursor bypass 2.
[    2.595575] [drm]   Alpha cursor.
[    2.595576] [drm]   Extended Fifo.
[    2.595576] [drm]   Pitchlock.
[    2.595576] [drm]   Irq mask.
[    2.595577] [drm]   GMR.
[    2.595577] [drm]   Traces.
[    2.595577] [drm]   GMR2.
[    2.595578] [drm]   Screen Object 2.
[    2.595578] [drm]   Command Buffers.
[    2.595578] [drm]   Command Buffers 2.
[    2.595579] [drm]   Guest Backed Resources.
[    2.595580] [drm] Max GMR ids is 8192
[    2.595581] [drm] Max number of GMR pages is 1048576
[    2.595581] [drm] Max dedicated hypervisor surface memory is 393216 kiB
[    2.595582] [drm] Maximum display memory size is 131072 kiB
[    2.595582] [drm] VRAM at 0xe0000000 size is 131072 kiB
[    2.595583] [drm] MMIO at 0xf0000000 size is 2048 kiB
[    2.596926] [TTM] Zone  kernel: Available graphics memory: 1011736 KiB
[    2.596927] [TTM] Initializing pool allocator
[    2.596931] [TTM] Initializing DMA pool allocator
[    2.596962] [drm] Supports vblank timestamp caching Rev 2 (21.10.2013).
[    2.596962] [drm] No driver support for vblank timestamp query.
[    2.597200] [drm] Screen Target Display device initialized
[    2.597514] [drm] width 720
[    2.597523] [drm] height 400
[    2.597526] [drm] bpp 32
[    2.598182] [drm] Fifo max 0x00200000 min 0x00001000 cap 0x00000355
[    2.600100] [drm] Using command buffers with DMA pool.
[    2.600106] [drm] DX: no.
[    2.600106] [drm] Atomic: yes.
[    2.600107] [drm] SM4_1: no.
[    2.600127] [drm:vmw_host_log [vmwgfx]] *ERROR* Failed to send host log message.
[    2.601034] [drm:vmw_host_log [vmwgfx]] *ERROR* Failed to send host log message.
[    2.624801] fbcon: svgadrmfb (fb0) is primary device
[    2.628186] systemd[1]: Finished Set the console keyboard layout.
[    2.628312] systemd[1]: Reached target Local File Systems (Pre).
[    2.630835] systemd[1]: Mounting Mount unit for bare, revision 5...
[    2.634846] Console: switching to colour frame buffer device 100x37
[    2.638552] systemd[1]: Mounting Mount unit for core18, revision 1705...
[    2.642649] [drm] Initialized vmwgfx 2.15.0 20180704 for 0000:00:02.0 on minor 0
[    2.653818] systemd[1]: Mounting Mount unit for core22, revision 2193...
[    2.668343] systemd[1]: Mounting Mount unit for gnome-3-34-1804, revision 24...
[    2.673682] systemd[1]: Mounting Mount unit for gnome-42-2204, revision 226...
[    2.696854] systemd[1]: Mounting Mount unit for gtk-common-themes, revision 1506...
[    2.705413] systemd[1]: Mounting Mount unit for gtk-common-themes, revision 1535...
[    2.711322] systemd[1]: Mounting Mount unit for snap-store, revision 1216...
[    2.724670] systemd[1]: Mounting Mount unit for snap-store, revision 433...
[    2.736722] systemd[1]: Mounting Mount unit for snapd, revision 25577...
[    2.765741] systemd[1]: Started udev Kernel Device Manager.
[    2.766172] systemd[1]: Finished Load Kernel Modules.
[    2.766295] systemd[1]: Mounted Mount unit for bare, revision 5.
[    2.766386] systemd[1]: Mounted Mount unit for core18, revision 1705.
[    2.766475] systemd[1]: Mounted Mount unit for core22, revision 2193.
[    2.766561] systemd[1]: Mounted Mount unit for gnome-3-34-1804, revision 24.
[    2.769009] systemd[1]: Mounting FUSE Control File System...
[    2.772001] systemd[1]: Mounting Kernel Configuration File System...
[    2.778565] systemd[1]: Starting Show Plymouth Boot Screen...
[    2.792765] systemd[1]: Starting Apply Kernel Variables...
[    2.794847] systemd[1]: Mounted FUSE Control File System.
[    2.803662] systemd[1]: Mounted Kernel Configuration File System.
[    2.821081] systemd[1]: Mounted Mount unit for gtk-common-themes, revision 1506.
[    2.842750] systemd[1]: Mounted Mount unit for gtk-common-themes, revision 1535.
[    2.844965] systemd[1]: Received SIGRTMIN+20 from PID 282 (plymouthd).
[    2.845066] systemd[1]: Condition check resulted in VMware vmblock fuse mount being skipped.
[    2.849368] systemd[1]: Finished Apply Kernel Variables.
[    2.853972] systemd[1]: Mounted Mount unit for snapd, revision 25577.
[    2.871231] systemd[1]: Started Show Plymouth Boot Screen.
[    2.871427] systemd[1]: Condition check resulted in Dispatch Password Requests to Console Directory Watch being skipped.
[    2.871508] systemd[1]: Started Forward Password Requests to Plymouth Directory Watch.
[    2.871576] systemd[1]: Reached target Local Encrypted Volumes.
[    2.936889] systemd[1]: Mounted Mount unit for snap-store, revision 433.
[    2.963440] systemd[1]: Mounted Mount unit for gnome-42-2204, revision 226.
[    2.963721] systemd[1]: Mounted Mount unit for snap-store, revision 1216.
[    2.963899] systemd[1]: Reached target Local File Systems.
[    2.967058] systemd[1]: Starting Load AppArmor profiles...
[    2.972631] systemd[1]: Starting Set console font and keymap...
[    2.983214] systemd[1]: Starting Tell Plymouth To Write Out Runtime Data...
[    2.987469] systemd[1]: Condition check resulted in Store a System Token in an EFI Variable being skipped.
[    2.987504] systemd[1]: Condition check resulted in Commit a transient machine-id on disk being skipped.
[    2.988514] systemd[1]: Finished Set console font and keymap.
[    3.009265] systemd[1]: Received SIGRTMIN+20 from PID 282 (plymouthd).
[    3.010682] systemd[1]: plymouth-read-write.service: Succeeded.
[    3.010984] systemd[1]: Finished Tell Plymouth To Write Out Runtime Data.
[    3.033344] audit: type=1400 audit(1768036950.816:2): apparmor="STATUS" operation="profile_load" profile="unconfined" name="nvidia_modprobe" pid=306 comm="apparmor_parser"
[    3.033347] audit: type=1400 audit(1768036950.816:3): apparmor="STATUS" operation="profile_load" profile="unconfined" name="nvidia_modprobe//kmod" pid=306 comm="apparmor_parser"
[    3.042515] audit: type=1400 audit(1768036950.824:4): apparmor="STATUS" operation="profile_load" profile="unconfined" name="/usr/sbin/tcpdump" pid=307 comm="apparmor_parser"
[    3.086731] audit: type=1400 audit(1768036950.860:5): apparmor="STATUS" operation="profile_load" profile="unconfined" name="/usr/bin/evince" pid=309 comm="apparmor_parser"
[    3.086733] audit: type=1400 audit(1768036950.860:6): apparmor="STATUS" operation="profile_load" profile="unconfined" name="/usr/bin/evince//sanitized_helper" pid=309 comm="apparmor_parser"
[    3.086735] audit: type=1400 audit(1768036950.860:7): apparmor="STATUS" operation="profile_load" profile="unconfined" name="/usr/bin/evince-previewer" pid=309 comm="apparmor_parser"
[    3.086737] audit: type=1400 audit(1768036950.860:8): apparmor="STATUS" operation="profile_load" profile="unconfined" name="/usr/bin/evince-previewer//sanitized_helper" pid=309 comm="apparmor_parser"
[    3.086738] audit: type=1400 audit(1768036950.860:9): apparmor="STATUS" operation="profile_load" profile="unconfined" name="/usr/bin/evince-thumbnailer" pid=309 comm="apparmor_parser"
[    3.119642] audit: type=1400 audit(1768036950.900:10): apparmor="STATUS" operation="profile_load" profile="unconfined" name="/usr/lib/cups/backend/cups-pdf" pid=310 comm="apparmor_parser"
[    3.183491] systemd[1]: Finished Load AppArmor profiles.
[    3.184645] systemd[1]: Starting Load AppArmor profiles managed internally by snapd...
[    3.322008] systemd[1]: Finished Load AppArmor profiles managed internally by snapd.
[    3.396461] systemd[1]: Started Journal Service.
[    3.406053] systemd-journald[229]: Received client request to flush runtime journal.
[    3.408723] systemd-journald[229]: File /var/log/journal/c455b248004a419c87ce85eea238d727/system.journal corrupted or uncleanly shut down, renaming and replacing.
[    4.803627] RAPL PMU: API unit is 2^-32 Joules, 0 fixed counters, 10737418240 ms ovfl timer
[    4.900763] cryptd: max_cpu_qlen set to 1000
[    4.955155] AVX2 version of gcm_enc/dec engaged.
[    4.955157] AES CTR mode by8 optimization enabled
[    7.049447] Adding 1998844k swap on /dev/sda1.  Priority:-2 extents:1 across:1998844k FS
[    7.741535] AAAAA: Error looking up destination IP: 369098976 - net/ipv4/ip_output.c: 285: dac_mps_nexthops
[    7.850705] AAAAA: Error looking up destination IP: 4211081440 - net/ipv4/ip_output.c: 285: dac_mps_nexthops
[    8.110153] AAAAA: Error looking up destination IP: 4211081440 - net/ipv4/ip_output.c: 285: dac_mps_nexthops
[    8.219687] AAAAA: Error looking up destination IP: 369098976 - net/ipv4/ip_output.c: 285: dac_mps_nexthops
[    8.355795] AAAAA: Error looking up destination IP: 4211081440 - net/ipv4/ip_output.c: 285: dac_mps_nexthops
[    8.509679] kauditd_printk_skb: 31 callbacks suppressed
[    8.509692] audit: type=1400 audit(1768036956.288:42): apparmor="DENIED" operation="capable" profile="/usr/sbin/cups-browsed" pid=574 comm="cups-browsed" capability=23  capname="sys_nice"
[    8.564053] AAAAA: Error looking up destination IP: 4211081440 - net/ipv4/ip_output.c: 285: dac_mps_nexthops
[    8.609649] AAAAA: Error looking up destination IP: 4211081440 - net/ipv4/ip_output.c: 285: dac_mps_nexthops
[    9.621081] AAAAA: Error looking up destination IP: 4211081440 - net/ipv4/ip_output.c: 285: dac_mps_nexthops
[    9.637152] pcnet32 0000:00:03.0 enp0s3: link up, 100Mbps, full-duplex
[    9.637604] AAAAA: Error looking up destination IP: 4211081440 - net/ipv4/ip_output.c: 285: dac_mps_nexthops
[    9.675805] e1000: enp0s8 NIC Link is Up 1000 Mbps Full Duplex, Flow Control: RX
[    9.676104] IPv6: ADDRCONF(NETDEV_CHANGE): enp0s8: link becomes ready
[    9.697074] e1000: enp0s9 NIC Link is Up 1000 Mbps Full Duplex, Flow Control: RX
[    9.697373] IPv6: ADDRCONF(NETDEV_CHANGE): enp0s9: link becomes ready
[   10.412839] device enp0s3 entered promiscuous mode
[   10.451813] audit: type=1400 audit(1768036958.236:43): apparmor="DENIED" operation="open" profile="/usr/sbin/tcpdump" name="/proc/sys/kernel/random/boot_id" pid=708 comm="tcpdump" requested_mask="r" denied_mask="r" fsuid=0 ouid=0
[   10.452077] audit: type=1400 audit(1768036958.236:44): apparmor="DENIED" operation="open" profile="/usr/sbin/tcpdump" name="/proc/sys/kernel/random/boot_id" pid=708 comm="tcpdump" requested_mask="r" denied_mask="r" fsuid=0 ouid=0
[   10.452156] audit: type=1400 audit(1768036958.236:45): apparmor="DENIED" operation="open" profile="/usr/sbin/tcpdump" name="/proc/sys/kernel/random/boot_id" pid=709 comm="tcpdump" requested_mask="r" denied_mask="r" fsuid=0 ouid=0
[   10.452322] audit: type=1400 audit(1768036958.236:46): apparmor="DENIED" operation="open" profile="/usr/sbin/tcpdump" name="/proc/sys/kernel/random/boot_id" pid=708 comm="tcpdump" requested_mask="r" denied_mask="r" fsuid=0 ouid=0
[   10.452380] audit: type=1400 audit(1768036958.236:47): apparmor="DENIED" operation="open" profile="/usr/sbin/tcpdump" name="/proc/sys/kernel/random/boot_id" pid=708 comm="tcpdump" requested_mask="r" denied_mask="r" fsuid=0 ouid=0
[   10.452609] audit: type=1400 audit(1768036958.236:48): apparmor="DENIED" operation="open" profile="/usr/sbin/tcpdump" name="/proc/sys/kernel/random/boot_id" pid=709 comm="tcpdump" requested_mask="r" denied_mask="r" fsuid=0 ouid=0
[   10.452798] audit: type=1400 audit(1768036958.236:49): apparmor="DENIED" operation="open" profile="/usr/sbin/tcpdump" name="/proc/sys/kernel/random/boot_id" pid=709 comm="tcpdump" requested_mask="r" denied_mask="r" fsuid=0 ouid=0
[   10.452959] audit: type=1400 audit(1768036958.236:50): apparmor="DENIED" operation="open" profile="/usr/sbin/tcpdump" name="/proc/sys/kernel/random/boot_id" pid=709 comm="tcpdump" requested_mask="r" denied_mask="r" fsuid=0 ouid=0
[   16.824435] rfkill: input handler disabled
[  139.909538] rfkill: input handler enabled
[  148.905657] rfkill: input handler disabled
[  253.790966] AAAAA-TCP_SEND: name:enp0s3: saddr:100932208: daddr:16783984: srtt_us:0: RTT:0: ssthresh:2147483647: cwnd:10: delivered:0: lost:0: retrans:0: loseo:0: stage:0: conn:0: RTT6:0: RTT7:0: delta:0
[  254.209254] AAAAA-TCP_RECV: name:enp0s3: saddr:16783984: daddr:100932208: srtt_us:0: RTT:0: ssthresh:2147483647: cwnd:10: delivered:0: lost:0: retrans:0: loseo:0: stage:0: conn:0: RTT6:0: RTT7:0: delta:0
[  254.209330] AAAAA-TCP_SEND: name:enp0s3: saddr:100932208: daddr:16783984: srtt_us:4730448: RTT:591306: ssthresh:2147483647: cwnd:10: delivered:1: lost:0: retrans:0: loseo:0: stage:0: conn:0: RTT6:0: RTT7:0: delta:0
[  254.209474] AAAAA-TCP_SEND: name:enp0s3: saddr:100932208: daddr:16783984: srtt_us:4730448: RTT:591306: ssthresh:2147483647: cwnd:10: delivered:1: lost:0: retrans:0: loseo:0: stage:0: conn:0: RTT6:0: RTT7:0: delta:0
[  254.492931] AAAAA-TCP_RECV: name:enp0s3: saddr:16783984: daddr:100932208: srtt_us:4730448: RTT:591306: ssthresh:2147483647: cwnd:10: delivered:1: lost:0: retrans:0: loseo:0: stage:0: conn:0: RTT6:0: RTT7:0: delta:0
[  254.616847] AAAAA-TCP_RECV: name:enp0s3: saddr:16783984: daddr:100932208: srtt_us:4730448: RTT:591306: ssthresh:2147483647: cwnd:10: delivered:1: lost:0: retrans:0: loseo:0: stage:0: conn:0: RTT6:0: RTT7:0: delta:0
[  254.616933] AAAAA-TCP_SEND: name:enp0s3: saddr:100932208: daddr:33561200: srtt_us:0: RTT:0: ssthresh:2147483647: cwnd:10: delivered:0: lost:0: retrans:0: loseo:0: stage:0: conn:0: RTT6:0: RTT7:0: delta:0
[  254.649183] AAAAA-TCP_RECV: name:enp0s3: saddr:16783984: daddr:100932208: srtt_us:4546536: RTT:568317: ssthresh:2147483647: cwnd:10: delivered:2: lost:0: retrans:0: loseo:0: stage:0: conn:0: RTT6:0: RTT7:0: delta:0
[  254.649216] AAAAA-TCP_SEND: name:enp0s3: saddr:100932208: daddr:16783984: srtt_us:4546536: RTT:568317: ssthresh:2147483647: cwnd:10: delivered:2: lost:0: retrans:0: loseo:0: stage:0: conn:0: RTT6:0: RTT7:0: delta:0
[  254.649398] AAAAA-TCP_SEND: name:enp0s3: saddr:100932208: daddr:16783984: srtt_us:4546536: RTT:568317: ssthresh:2147483647: cwnd:10: delivered:2: lost:0: retrans:0: loseo:0: stage:0: conn:0: RTT6:0: RTT7:0: delta:0
[  255.089551] AAAAA-TCP_RECV: name:enp0s3: saddr:33561200: daddr:100932208: srtt_us:0: RTT:0: ssthresh:2147483647: cwnd:10: delivered:0: lost:0: retrans:0: loseo:0: stage:0: conn:0: RTT6:0: RTT7:0: delta:0
[  255.089614] AAAAA-TCP_SEND: name:enp0s3: saddr:100932208: daddr:33561200: srtt_us:3781240: RTT:472655: ssthresh:2147483647: cwnd:10: delivered:1: lost:0: retrans:0: loseo:0: stage:0: conn:0: RTT6:0: RTT7:0: delta:0
[  255.169049] AAAAA-TCP_RECV: name:enp0s3: saddr:16783984: daddr:100932208: srtt_us:4546536: RTT:568317: ssthresh:2147483647: cwnd:10: delivered:2: lost:0: retrans:0: loseo:0: stage:0: conn:0: RTT6:0: RTT7:0: delta:0
[  255.169099] AAAAA-TCP_SEND: name:enp0s3: saddr:100932208: daddr:16783984: srtt_us:4546536: RTT:568317: ssthresh:2147483647: cwnd:10: delivered:2: lost:0: retrans:0: loseo:0: stage:0: conn:0: RTT6:0: RTT7:0: delta:0
[  255.488724] AAAAA-TCP_RECV: name:enp0s3: saddr:33561200: daddr:100932208: srtt_us:3781240: RTT:472655: ssthresh:2147483647: cwnd:10: delivered:1: lost:0: retrans:0: loseo:0: stage:0: conn:0: RTT6:0: RTT7:0: delta:0
[  255.783080] AAAAA-TCP_RECV: name:enp0s3: saddr:16783984: daddr:100932208: srtt_us:4497918: RTT:562239: ssthresh:2147483647: cwnd:10: delivered:3: lost:0: retrans:0: loseo:0: stage:0: conn:0: RTT6:0: RTT7:0: delta:0
[  255.871674] AAAAA-TCP_RECV: name:enp0s3: saddr:16783984: daddr:100932208: srtt_us:4549685: RTT:568710: ssthresh:2147483647: cwnd:10: delivered:4: lost:0: retrans:0: loseo:0: stage:0: conn:0: RTT6:0: RTT7:0: delta:0
[  255.871719] AAAAA-TCP_SEND: name:enp0s3: saddr:100932208: daddr:16783984: srtt_us:4549685: RTT:568710: ssthresh:2147483647: cwnd:10: delivered:4: lost:0: retrans:0: loseo:0: stage:0: conn:0: RTT6:0: RTT7:0: delta:0
[  255.871920] AAAAA-TCP_SEND: name:enp0s3: saddr:100932208: daddr:16783984: srtt_us:0: RTT:0: ssthresh:2147483647: cwnd:10: delivered:0: lost:0: retrans:0: loseo:0: stage:0: conn:0: RTT6:0: RTT7:0: delta:0
[  256.548964] AAAAA-TCP_RECV: name:enp0s3: saddr:16783984: daddr:100932208: srtt_us:4549685: RTT:568710: ssthresh:2147483647: cwnd:10: delivered:4: lost:0: retrans:0: loseo:0: stage:0: conn:0: RTT6:0: RTT7:0: delta:0
[  256.548999] AAAAA-TCP_SEND: name:enp0s3: saddr:100932208: daddr:16783984: srtt_us:4549685: RTT:568710: ssthresh:2147483647: cwnd:10: delivered:4: lost:0: retrans:0: loseo:0: stage:0: conn:0: RTT6:0: RTT7:0: delta:0
[  256.733995] AAAAA-TCP_RECV: name:enp0s3: saddr:16783984: daddr:100932208: srtt_us:0: RTT:0: ssthresh:2147483647: cwnd:10: delivered:0: lost:0: retrans:0: loseo:0: stage:0: conn:0: RTT6:0: RTT7:0: delta:0
[  256.734056] AAAAA-TCP_SEND: name:enp0s3: saddr:100932208: daddr:16783984: srtt_us:6896760: RTT:862095: ssthresh:2147483647: cwnd:10: delivered:1: lost:0: retrans:0: loseo:0: stage:0: conn:0: RTT6:0: RTT7:0: delta:0
[  256.734733] AAAAA-TCP_SEND: name:enp0s3: saddr:100932208: daddr:16783984: srtt_us:6896760: RTT:862095: ssthresh:2147483647: cwnd:10: delivered:1: lost:0: retrans:0: loseo:0: stage:0: conn:0: RTT6:0: RTT7:0: delta:0
[  256.881880] AAAAA-TCP_RECV: name:enp0s3: saddr:16783984: daddr:100932208: srtt_us:6896760: RTT:862095: ssthresh:2147483647: cwnd:10: delivered:1: lost:0: retrans:0: loseo:0: stage:0: conn:0: RTT6:0: RTT7:0: delta:0
[  256.909929] AAAAA-TCP_RECV: name:enp0s3: saddr:16783984: daddr:100932208: srtt_us:6896760: RTT:862095: ssthresh:2147483647: cwnd:10: delivered:1: lost:0: retrans:0: loseo:0: stage:0: conn:0: RTT6:0: RTT7:0: delta:0
[  256.909996] AAAAA-TCP_SEND: name:enp0s3: saddr:100932208: daddr:33561200: srtt_us:0: RTT:0: ssthresh:2147483647: cwnd:10: delivered:0: lost:0: retrans:0: loseo:0: stage:0: conn:0: RTT6:0: RTT7:0: delta:0
[  257.037328] AAAAA-TCP_RECV: name:enp0s3: saddr:16783984: daddr:100932208: srtt_us:4549685: RTT:568710: ssthresh:2147483647: cwnd:10: delivered:4: lost:0: retrans:0: loseo:0: stage:0: conn:0: RTT6:0: RTT7:0: delta:0
[  257.037345] AAAAA-TCP_SEND: name:enp0s3: saddr:100932208: daddr:16783984: srtt_us:4549685: RTT:568710: ssthresh:2147483647: cwnd:10: delivered:4: lost:0: retrans:0: loseo:0: stage:0: conn:0: RTT6:0: RTT7:0: delta:0
[  257.203945] AAAAA-TCP_RECV: name:enp0s3: saddr:33561200: daddr:100932208: srtt_us:0: RTT:0: ssthresh:2147483647: cwnd:10: delivered:0: lost:0: retrans:0: loseo:0: stage:0: conn:0: RTT6:0: RTT7:0: delta:0
[  257.203970] AAAAA-TCP_SEND: name:enp0s3: saddr:100932208: daddr:33561200: srtt_us:2351664: RTT:293958: ssthresh:2147483647: cwnd:10: delivered:1: lost:0: retrans:0: loseo:0: stage:0: conn:0: RTT6:0: RTT7:0: delta:0
[  257.261466] AAAAA-TCP_RECV: name:enp0s3: saddr:16783984: daddr:100932208: srtt_us:4549685: RTT:568710: ssthresh:2147483647: cwnd:10: delivered:4: lost:0: retrans:0: loseo:0: stage:0: conn:0: RTT6:0: RTT7:0: delta:0
[  257.261479] AAAAA-TCP_SEND: name:enp0s3: saddr:100932208: daddr:16783984: srtt_us:4549685: RTT:568710: ssthresh:2147483647: cwnd:10: delivered:4: lost:0: retrans:0: loseo:0: stage:0: conn:0: RTT6:0: RTT7:0: delta:0
[  257.261623] AAAAA-TCP_SEND: name:enp0s3: saddr:100932208: daddr:16783984: srtt_us:6209871: RTT:776233: ssthresh:2147483647: cwnd:10: delivered:2: lost:0: retrans:0: loseo:0: stage:0: conn:0: RTT6:0: RTT7:0: delta:0
[  257.261650] AAAAA-TCP_SEND: name:enp0s3: saddr:100932208: daddr:16783984: srtt_us:6209871: RTT:776233: ssthresh:2147483647: cwnd:10: delivered:2: lost:0: retrans:0: loseo:0: stage:0: conn:0: RTT6:0: RTT7:0: delta:0
[  257.261713] AAAAA-TCP_SEND: name:enp0s3: saddr:100932208: daddr:16783984: srtt_us:6209871: RTT:776233: ssthresh:2147483647: cwnd:10: delivered:2: lost:0: retrans:0: loseo:0: stage:0: conn:0: RTT6:0: RTT7:0: delta:0
[  257.261733] AAAAA-TCP_SEND: name:enp0s3: saddr:100932208: daddr:16783984: srtt_us:6209871: RTT:776233: ssthresh:2147483647: cwnd:10: delivered:2: lost:0: retrans:0: loseo:0: stage:0: conn:0: RTT6:0: RTT7:0: delta:0
[  257.261823] AAAAA-TCP_SEND: name:enp0s3: saddr:100932208: daddr:16783984: srtt_us:6209871: RTT:776233: ssthresh:2147483647: cwnd:10: delivered:2: lost:0: retrans:0: loseo:0: stage:0: conn:0: RTT6:0: RTT7:0: delta:0
[  257.261841] AAAAA-TCP_SEND: name:enp0s3: saddr:100932208: daddr:16783984: srtt_us:6209871: RTT:776233: ssthresh:2147483647: cwnd:10: delivered:2: lost:0: retrans:0: loseo:0: stage:0: conn:0: RTT6:0: RTT7:0: delta:0
[  257.261902] AAAAA-TCP_SEND: name:enp0s3: saddr:100932208: daddr:16783984: srtt_us:6209871: RTT:776233: ssthresh:2147483647: cwnd:10: delivered:2: lost:0: retrans:0: loseo:0: stage:0: conn:0: RTT6:0: RTT7:0: delta:0
[  257.261965] AAAAA-TCP_SEND: name:enp0s3: saddr:100932208: daddr:16783984: srtt_us:6209871: RTT:776233: ssthresh:2147483647: cwnd:10: delivered:2: lost:0: retrans:0: loseo:0: stage:0: conn:0: RTT6:0: RTT7:0: delta:0
[  257.261983] AAAAA-TCP_SEND: name:enp0s3: saddr:100932208: daddr:16783984: srtt_us:6209871: RTT:776233: ssthresh:2147483647: cwnd:10: delivered:2: lost:0: retrans:0: loseo:0: stage:0: conn:0: RTT6:0: RTT7:0: delta:0
[  257.262041] AAAAA-TCP_SEND: name:enp0s3: saddr:100932208: daddr:16783984: srtt_us:6209871: RTT:776233: ssthresh:2147483647: cwnd:10: delivered:2: lost:0: retrans:0: loseo:0: stage:0: conn:0: RTT6:0: RTT7:0: delta:0
[  257.872427] AAAAA-TCP_RECV: name:enp0s3: saddr:33561200: daddr:100932208: srtt_us:2351664: RTT:293958: ssthresh:2147483647: cwnd:10: delivered:1: lost:0: retrans:0: loseo:0: stage:0: conn:0: RTT6:0: RTT7:0: delta:0
[  257.872488] AAAAA-TCP_SEND: name:enp0s3: saddr:100932208: daddr:33561200: srtt_us:2351664: RTT:293958: ssthresh:2147483647: cwnd:10: delivered:1: lost:0: retrans:0: loseo:0: stage:0: conn:0: RTT6:0: RTT7:0: delta:0
[  257.872546] AAAAA-TCP_SEND: name:enp0s3: saddr:100932208: daddr:33561200: srtt_us:2351664: RTT:293958: ssthresh:2147483647: cwnd:10: delivered:1: lost:0: retrans:0: loseo:0: stage:0: conn:0: RTT6:0: RTT7:0: delta:0
[  257.873809] AAAAA-TCP_SEND: name:enp0s3: saddr:100932208: daddr:33561200: srtt_us:2351664: RTT:293958: ssthresh:2147483647: cwnd:10: delivered:1: lost:0: retrans:0: loseo:0: stage:0: conn:0: RTT6:0: RTT7:0: delta:0
[  257.873845] AAAAA-TCP_SEND: name:enp0s3: saddr:100932208: daddr:33561200: srtt_us:2351664: RTT:293958: ssthresh:2147483647: cwnd:10: delivered:1: lost:0: retrans:0: loseo:0: stage:0: conn:0: RTT6:0: RTT7:0: delta:0
[  257.874189] AAAAA-TCP_SEND: name:enp0s3: saddr:100932208: daddr:33561200: srtt_us:2351664: RTT:293958: ssthresh:2147483647: cwnd:10: delivered:1: lost:0: retrans:0: loseo:0: stage:0: conn:0: RTT6:0: RTT7:0: delta:0
[  257.874218] AAAAA-TCP_SEND: name:enp0s3: saddr:100932208: daddr:33561200: srtt_us:2351664: RTT:293958: ssthresh:2147483647: cwnd:10: delivered:1: lost:0: retrans:0: loseo:0: stage:0: conn:0: RTT6:0: RTT7:0: delta:0
[  257.874547] AAAAA-TCP_SEND: name:enp0s3: saddr:100932208: daddr:33561200: srtt_us:2351664: RTT:293958: ssthresh:2147483647: cwnd:10: delivered:1: lost:0: retrans:0: loseo:0: stage:0: conn:0: RTT6:0: RTT7:0: delta:0
[  257.874575] AAAAA-TCP_SEND: name:enp0s3: saddr:100932208: daddr:33561200: srtt_us:2351664: RTT:293958: ssthresh:2147483647: cwnd:10: delivered:1: lost:0: retrans:0: loseo:0: stage:0: conn:0: RTT6:0: RTT7:0: delta:0
[  257.874758] AAAAA-TCP_SEND: name:enp0s3: saddr:100932208: daddr:33561200: srtt_us:2351664: RTT:293958: ssthresh:2147483647: cwnd:10: delivered:1: lost:0: retrans:0: loseo:0: stage:0: conn:0: RTT6:0: RTT7:0: delta:0
[  257.874772] AAAAA-TCP_SEND: name:enp0s3: saddr:100932208: daddr:33561200: srtt_us:2351664: RTT:293958: ssthresh:2147483647: cwnd:10: delivered:1: lost:0: retrans:0: loseo:0: stage:0: conn:0: RTT6:0: RTT7:0: delta:0
[  258.240708] AAAAA-TCP_RECV: name:enp0s3: saddr:16783984: daddr:100932208: srtt_us:6209871: RTT:776233: ssthresh:2147483647: cwnd:10: delivered:2: lost:0: retrans:0: loseo:0: stage:0: conn:0: RTT6:0: RTT7:0: delta:0
[  258.240767] AAAAA-TCP_SEND: name:enp0s3: saddr:100932208: daddr:16783984: srtt_us:6412747: RTT:801593: ssthresh:2147483647: cwnd:11: delivered:3: lost:0: retrans:0: loseo:0: stage:0: conn:0: RTT6:0: RTT7:0: delta:0
[  258.240798] AAAAA-TCP_SEND: name:enp0s3: saddr:100932208: daddr:16783984: srtt_us:6412747: RTT:801593: ssthresh:2147483647: cwnd:11: delivered:3: lost:0: retrans:0: loseo:0: stage:0: conn:0: RTT6:0: RTT7:0: delta:0
[  258.491275] AAAAA-TCP_SEND: name:enp0s3: saddr:100932208: daddr:33561200: srtt_us:2351664: RTT:293958: ssthresh:2147483647: cwnd:10: delivered:1: lost:0: retrans:1: loseo:1: stage:0: conn:0: RTT6:0: RTT7:0: delta:0
[  258.660926] AAAAA-TCP_RECV: name:enp0s3: saddr:16783984: daddr:100932208: srtt_us:6412747: RTT:801593: ssthresh:2147483647: cwnd:11: delivered:3: lost:0: retrans:0: loseo:0: stage:0: conn:0: RTT6:0: RTT7:0: delta:0
[  258.660983] AAAAA-TCP_SEND: name:enp0s3: saddr:100932208: daddr:16783984: srtt_us:7010453: RTT:876306: ssthresh:2147483647: cwnd:12: delivered:4: lost:0: retrans:0: loseo:0: stage:0: conn:0: RTT6:0: RTT7:0: delta:0
[  258.661010] AAAAA-TCP_SEND: name:enp0s3: saddr:100932208: daddr:16783984: srtt_us:7010453: RTT:876306: ssthresh:2147483647: cwnd:12: delivered:4: lost:0: retrans:0: loseo:0: stage:0: conn:0: RTT6:0: RTT7:0: delta:0
[  258.747766] AAAAA-TCP_RECV: name:enp0s3: saddr:16783984: daddr:100932208: srtt_us:7010453: RTT:876306: ssthresh:2147483647: cwnd:12: delivered:4: lost:0: retrans:0: loseo:0: stage:0: conn:0: RTT6:0: RTT7:0: delta:0
[  258.747810] AAAAA-TCP_SEND: name:enp0s3: saddr:100932208: daddr:16783984: srtt_us:7620218: RTT:952527: ssthresh:2147483647: cwnd:13: delivered:5: lost:0: retrans:0: loseo:0: stage:0: conn:0: RTT6:0: RTT7:0: delta:0
[  258.747834] AAAAA-TCP_SEND: name:enp0s3: saddr:100932208: daddr:16783984: srtt_us:7620218: RTT:952527: ssthresh:2147483647: cwnd:13: delivered:5: lost:0: retrans:0: loseo:0: stage:0: conn:0: RTT6:0: RTT7:0: delta:0
[  258.992121] AAAAA-TCP_RECV: name:enp0s3: saddr:16783984: daddr:100932208: srtt_us:7620218: RTT:952527: ssthresh:2147483647: cwnd:13: delivered:5: lost:0: retrans:0: loseo:0: stage:0: conn:0: RTT6:0: RTT7:0: delta:0
[  258.992158] AAAAA-TCP_SEND: name:enp0s3: saddr:100932208: daddr:16783984: srtt_us:8398096: RTT:1049762: ssthresh:2147483647: cwnd:14: delivered:6: lost:0: retrans:0: loseo:0: stage:0: conn:0: RTT6:0: RTT7:0: delta:0
[  258.992183] AAAAA-TCP_SEND: name:enp0s3: saddr:100932208: daddr:16783984: srtt_us:8398096: RTT:1049762: ssthresh:2147483647: cwnd:14: delivered:6: lost:0: retrans:0: loseo:0: stage:0: conn:0: RTT6:0: RTT7:0: delta:0
[  259.224017] AAAAA-TCP_RECV: name:enp0s3: saddr:16783984: daddr:100932208: srtt_us:8398096: RTT:1049762: ssthresh:2147483647: cwnd:14: delivered:6: lost:0: retrans:0: loseo:0: stage:0: conn:0: RTT6:0: RTT7:0: delta:0
[  259.224071] AAAAA-TCP_SEND: name:enp0s3: saddr:100932208: daddr:16783984: srtt_us:9310549: RTT:1163818: ssthresh:2147483647: cwnd:15: delivered:7: lost:0: retrans:0: loseo:0: stage:0: conn:0: RTT6:0: RTT7:0: delta:0
[  259.224098] AAAAA-TCP_SEND: name:enp0s3: saddr:100932208: daddr:16783984: srtt_us:9310549: RTT:1163818: ssthresh:2147483647: cwnd:15: delivered:7: lost:0: retrans:0: loseo:0: stage:0: conn:0: RTT6:0: RTT7:0: delta:0
[  259.296285] AAAAA-TCP_RECV: name:enp0s3: saddr:16783984: daddr:100932208: srtt_us:9310549: RTT:1163818: ssthresh:2147483647: cwnd:15: delivered:7: lost:0: retrans:0: loseo:0: stage:0: conn:0: RTT6:0: RTT7:0: delta:0
[  259.296322] AAAAA-TCP_SEND: name:enp0s3: saddr:100932208: daddr:16783984: srtt_us:10181192: RTT:1272649: ssthresh:2147483647: cwnd:16: delivered:8: lost:0: retrans:0: loseo:0: stage:0: conn:0: RTT6:175206: RTT7:0: delta:0
[  259.296346] AAAAA-TCP_SEND: name:enp0s3: saddr:100932208: daddr:16783984: srtt_us:10181192: RTT:1272649: ssthresh:2147483647: cwnd:16: delivered:8: lost:0: retrans:0: loseo:0: stage:0: conn:0: RTT6:175206: RTT7:0: delta:0
[  259.387274] AAAAA-TCP_SEND: name:enp0s3: saddr:100932208: daddr:33561200: srtt_us:2351664: RTT:293958: ssthresh:7: cwnd:1: delivered:1: lost:10: retrans:2: loseo:1: stage:0: conn:0: RTT6:0: RTT7:0: delta:0
[  259.678078] AAAAA-TCP_RECV: name:enp0s3: saddr:16783984: daddr:100932208: srtt_us:10181192: RTT:1272649: ssthresh:2147483647: cwnd:16: delivered:8: lost:0: retrans:0: loseo:0: stage:0: conn:0: RTT6:175206: RTT7:0: delta:0
[  259.678123] AAAAA-TCP_SEND: name:enp0s3: saddr:100932208: daddr:16783984: srtt_us:11324738: RTT:1415592: ssthresh:2147483647: cwnd:17: delivered:9: lost:0: retrans:0: loseo:1: stage:0: conn:0: RTT6:979109: RTT7:175206: delta:0
[  259.678152] AAAAA-TCP_SEND: name:enp0s3: saddr:100932208: daddr:16783984: srtt_us:11324738: RTT:1415592: ssthresh:2147483647: cwnd:17: delivered:9: lost:0: retrans:0: loseo:0: stage:0: conn:0: RTT6:979109: RTT7:175206: delta:0
[  259.868271] AAAAA-TCP_RECV: name:enp0s3: saddr:16783984: daddr:100932208: srtt_us:11324738: RTT:1415592: ssthresh:2147483647: cwnd:17: delivered:9: lost:0: retrans:0: loseo:0: stage:0: conn:0: RTT6:979109: RTT7:175206: delta:0
[  259.868312] AAAAA-TCP_SEND: name:enp0s3: saddr:100932208: daddr:16783984: srtt_us:12515470: RTT:1564433: ssthresh:2147483647: cwnd:18: delivered:10: lost:0: retrans:0: loseo:0: stage:0: conn:0: RTT6:1399299: RTT7:979109: delta:0
[  259.868339] AAAAA-TCP_SEND: name:enp0s3: saddr:100932208: daddr:16783984: srtt_us:12515470: RTT:1564433: ssthresh:2147483647: cwnd:18: delivered:10: lost:0: retrans:0: loseo:0: stage:0: conn:0: RTT6:1399299: RTT7:979109: delta:0
[  260.012143] AAAAA-TCP_RECV: name:enp0s3: saddr:16783984: daddr:100932208: srtt_us:12515470: RTT:1564433: ssthresh:2147483647: cwnd:18: delivered:10: lost:0: retrans:0: loseo:0: stage:0: conn:0: RTT6:1399299: RTT7:979109: delta:0
[  260.012187] AAAAA-TCP_SEND: name:enp0s3: saddr:100932208: daddr:16783984: srtt_us:13701214: RTT:1712651: ssthresh:2147483647: cwnd:19: delivered:11: lost:0: retrans:0: loseo:0: stage:0: conn:0: RTT6:1486071: RTT7:1399299: delta:0
[  260.012214] AAAAA-TCP_SEND: name:enp0s3: saddr:100932208: daddr:16783984: srtt_us:13701214: RTT:1712651: ssthresh:2147483647: cwnd:19: delivered:11: lost:0: retrans:0: loseo:0: stage:0: conn:0: RTT6:1486071: RTT7:1399299: delta:0
[  260.072499] AAAAA-TCP_RECV: name:enp0s3: saddr:16783984: daddr:100932208: srtt_us:13701214: RTT:1712651: ssthresh:2147483647: cwnd:19: delivered:11: lost:0: retrans:0: loseo:0: stage:0: conn:0: RTT6:1486071: RTT7:1399299: delta:0
[  260.072539] AAAAA-TCP_SEND: name:enp0s3: saddr:100932208: daddr:16783984: srtt_us:14799039: RTT:1849879: ssthresh:2147483647: cwnd:20: delivered:12: lost:0: retrans:0: loseo:0: stage:0: conn:0: RTT6:1730405: RTT7:1486071: delta:0
[  260.072589] AAAAA-TCP_SEND: name:enp0s3: saddr:100932208: daddr:16783984: srtt_us:14799039: RTT:1849879: ssthresh:2147483647: cwnd:20: delivered:12: lost:0: retrans:0: loseo:0: stage:0: conn:0: RTT6:1730405: RTT7:1486071: delta:0
[  260.408147] AAAAA-TCP_RECV: name:enp0s3: saddr:33561200: daddr:100932208: srtt_us:2351664: RTT:293958: ssthresh:7: cwnd:1: delivered:1: lost:10: retrans:2: loseo:0: stage:0: conn:0: RTT6:0: RTT7:0: delta:0
[  260.408185] AAAAA-TCP_SEND: name:enp0s3: saddr:100932208: daddr:33561200: srtt_us:4592706: RTT:574088: ssthresh:2147483647: cwnd:11: delivered:2: lost:10: retrans:2: loseo:0: stage:0: conn:0: RTT6:0: RTT7:0: delta:0
[  260.408207] AAAAA-TCP_SEND: name:enp0s3: saddr:100932208: daddr:33561200: srtt_us:4592706: RTT:574088: ssthresh:2147483647: cwnd:11: delivered:2: lost:10: retrans:2: loseo:1: stage:0: conn:0: RTT6:0: RTT7:0: delta:0
[  260.472364] AAAAA-TCP_RECV: name:enp0s3: saddr:33561200: daddr:100932208: srtt_us:4592706: RTT:574088: ssthresh:2147483647: cwnd:11: delivered:2: lost:10: retrans:2: loseo:0: stage:0: conn:0: RTT6:0: RTT7:0: delta:0
[  260.472404] AAAAA-TCP_SEND: name:enp0s3: saddr:100932208: daddr:33561200: srtt_us:6618516: RTT:827314: ssthresh:2147483647: cwnd:12: delivered:3: lost:10: retrans:2: loseo:0: stage:0: conn:0: RTT6:0: RTT7:0: delta:0
[  260.472431] AAAAA-TCP_SEND: name:enp0s3: saddr:100932208: daddr:33561200: srtt_us:6618516: RTT:827314: ssthresh:2147483647: cwnd:12: delivered:3: lost:10: retrans:2: loseo:0: stage:0: conn:0: RTT6:0: RTT7:0: delta:0
[  260.675139] AAAAA-TCP_RECV: name:enp0s3: saddr:33561200: daddr:100932208: srtt_us:6618516: RTT:827314: ssthresh:2147483647: cwnd:12: delivered:3: lost:10: retrans:2: loseo:0: stage:0: conn:0: RTT6:0: RTT7:0: delta:0
[  260.675181] AAAAA-TCP_SEND: name:enp0s3: saddr:100932208: daddr:33561200: srtt_us:8592554: RTT:1074069: ssthresh:2147483647: cwnd:13: delivered:4: lost:10: retrans:2: loseo:0: stage:0: conn:0: RTT6:0: RTT7:0: delta:0
[  260.675206] AAAAA-TCP_SEND: name:enp0s3: saddr:100932208: daddr:33561200: srtt_us:8592554: RTT:1074069: ssthresh:2147483647: cwnd:13: delivered:4: lost:10: retrans:2: loseo:0: stage:0: conn:0: RTT6:0: RTT7:0: delta:0
[  260.837911] AAAAA-TCP_RECV: name:enp0s3: saddr:33561200: daddr:100932208: srtt_us:8592554: RTT:1074069: ssthresh:2147483647: cwnd:13: delivered:4: lost:10: retrans:2: loseo:0: stage:0: conn:0: RTT6:0: RTT7:0: delta:0
[  260.837953] AAAAA-TCP_SEND: name:enp0s3: saddr:100932208: daddr:33561200: srtt_us:10482609: RTT:1310326: ssthresh:2147483647: cwnd:14: delivered:5: lost:10: retrans:2: loseo:0: stage:0: conn:0: RTT6:0: RTT7:0: delta:0
[  260.837978] AAAAA-TCP_SEND: name:enp0s3: saddr:100932208: daddr:33561200: srtt_us:10482609: RTT:1310326: ssthresh:2147483647: cwnd:14: delivered:5: lost:10: retrans:2: loseo:0: stage:0: conn:0: RTT6:0: RTT7:0: delta:0
[  260.912798] AAAAA-TCP_RECV: name:enp0s3: saddr:33561200: daddr:100932208: srtt_us:10482609: RTT:1310326: ssthresh:2147483647: cwnd:14: delivered:5: lost:10: retrans:2: loseo:0: stage:0: conn:0: RTT6:0: RTT7:0: delta:0
[  260.912840] AAAAA-TCP_SEND: name:enp0s3: saddr:100932208: daddr:33561200: srtt_us:12210911: RTT:1526363: ssthresh:2147483647: cwnd:15: delivered:6: lost:10: retrans:2: loseo:0: stage:0: conn:0: RTT6:0: RTT7:0: delta:0
[  260.912866] AAAAA-TCP_SEND: name:enp0s3: saddr:100932208: daddr:33561200: srtt_us:12210911: RTT:1526363: ssthresh:2147483647: cwnd:15: delivered:6: lost:10: retrans:2: loseo:0: stage:0: conn:0: RTT6:0: RTT7:0: delta:0
[  261.146168] AAAAA-TCP_RECV: name:enp0s3: saddr:33561200: daddr:100932208: srtt_us:12210911: RTT:1526363: ssthresh:2147483647: cwnd:15: delivered:6: lost:10: retrans:2: loseo:0: stage:0: conn:0: RTT6:0: RTT7:0: delta:0
[  261.146215] AAAAA-TCP_SEND: name:enp0s3: saddr:100932208: daddr:33561200: srtt_us:13956546: RTT:1744568: ssthresh:2147483647: cwnd:16: delivered:7: lost:10: retrans:2: loseo:0: stage:0: conn:0: RTT6:0: RTT7:0: delta:0
[  261.146241] AAAAA-TCP_SEND: name:enp0s3: saddr:100932208: daddr:33561200: srtt_us:13956546: RTT:1744568: ssthresh:2147483647: cwnd:16: delivered:7: lost:10: retrans:2: loseo:0: stage:0: conn:0: RTT6:0: RTT7:0: delta:0
[  261.360412] AAAAA-TCP_RECV: name:enp0s3: saddr:33561200: daddr:100932208: srtt_us:13956546: RTT:1744568: ssthresh:2147483647: cwnd:16: delivered:7: lost:10: retrans:2: loseo:0: stage:0: conn:0: RTT6:0: RTT7:0: delta:0
[  261.360470] AAAAA-TCP_SEND: name:enp0s3: saddr:100932208: daddr:33561200: srtt_us:15697876: RTT:1962234: ssthresh:2147483647: cwnd:18: delivered:9: lost:10: retrans:2: loseo:0: stage:0: conn:0: RTT6:2535000: RTT7:0: delta:0
[  261.360525] AAAAA-TCP_SEND: name:enp0s3: saddr:100932208: daddr:33561200: srtt_us:15697876: RTT:1962234: ssthresh:2147483647: cwnd:18: delivered:9: lost:10: retrans:2: loseo:0: stage:0: conn:0: RTT6:2535000: RTT7:0: delta:0
[  261.417095] AAAAA-TCP_RECV: name:enp0s3: saddr:33561200: daddr:100932208: srtt_us:15697876: RTT:1962234: ssthresh:2147483647: cwnd:18: delivered:9: lost:10: retrans:2: loseo:0: stage:0: conn:0: RTT6:2535000: RTT7:0: delta:0
[  261.417128] AAAAA-TCP_SEND: name:enp0s3: saddr:100932208: daddr:33561200: srtt_us:15697876: RTT:1962234: ssthresh:2147483647: cwnd:18: delivered:9: lost:10: retrans:2: loseo:0: stage:0: conn:0: RTT6:2535000: RTT7:0: delta:0
[  261.417151] AAAAA-TCP_SEND: name:enp0s3: saddr:100932208: daddr:33561200: srtt_us:15697876: RTT:1962234: ssthresh:2147483647: cwnd:18: delivered:9: lost:10: retrans:2: loseo:0: stage:0: conn:0: RTT6:2535000: RTT7:0: delta:0
[  261.417916] AAAAA-TCP_SEND: name:enp0s3: saddr:100932208: daddr:33561200: srtt_us:17278010: RTT:2159751: ssthresh:2147483647: cwnd:19: delivered:10: lost:10: retrans:2: loseo:0: stage:0: conn:0: RTT6:2599898: RTT7:2535000: delta:0
[  261.417937] AAAAA-TCP_SEND: name:enp0s3: saddr:100932208: daddr:33561200: srtt_us:17278010: RTT:2159751: ssthresh:2147483647: cwnd:19: delivered:10: lost:10: retrans:2: loseo:0: stage:0: conn:0: RTT6:2599898: RTT7:2535000: delta:0
[  261.617304] AAAAA-TCP_RECV: name:enp0s3: saddr:33561200: daddr:100932208: srtt_us:17278010: RTT:2159751: ssthresh:2147483647: cwnd:19: delivered:10: lost:10: retrans:2: loseo:0: stage:0: conn:0: RTT6:2599898: RTT7:2535000: delta:0
[  261.617349] AAAAA-TCP_SEND: name:enp0s3: saddr:100932208: daddr:33561200: srtt_us:18861259: RTT:2357657: ssthresh:2147483647: cwnd:20: delivered:11: lost:10: retrans:2: loseo:0: stage:0: conn:0: RTT6:2801352: RTT7:2599898: delta:0
[  261.617374] AAAAA-TCP_SEND: name:enp0s3: saddr:100932208: daddr:33561200: srtt_us:18861259: RTT:2357657: ssthresh:2147483647: cwnd:20: delivered:11: lost:10: retrans:2: loseo:0: stage:0: conn:0: RTT6:2801352: RTT7:2599898: delta:0
[  261.859077] AAAAA-TCP_RECV: name:enp0s3: saddr:16783984: daddr:100932208: srtt_us:14799039: RTT:1849879: ssthresh:2147483647: cwnd:20: delivered:12: lost:0: retrans:0: loseo:0: stage:0: conn:0: RTT6:1730405: RTT7:1486071: delta:0
[  261.859122] AAAAA-TCP_SEND: name:enp0s3: saddr:100932208: daddr:16783984: srtt_us:16567495: RTT:2070936: ssthresh:2147483647: cwnd:21: delivered:13: lost:0: retrans:0: loseo:0: stage:0: conn:0: RTT6:1962215: RTT7:1730405: delta:0
[  261.859147] AAAAA-TCP_SEND: name:enp0s3: saddr:100932208: daddr:16783984: srtt_us:16567495: RTT:2070936: ssthresh:2147483647: cwnd:21: delivered:13: lost:0: retrans:0: loseo:0: stage:0: conn:0: RTT6:1962215: RTT7:1730405: delta:0
[  261.886009] AAAAA-TCP_RECV: name:enp0s3: saddr:16783984: daddr:100932208: srtt_us:16567495: RTT:2070936: ssthresh:2147483647: cwnd:21: delivered:13: lost:0: retrans:0: loseo:0: stage:0: conn:0: RTT6:1962215: RTT7:1730405: delta:0
[  261.886046] AAAAA-TCP_SEND: name:enp0s3: saddr:100932208: daddr:16783984: srtt_us:18141824: RTT:2267728: ssthresh:2147483647: cwnd:22: delivered:14: lost:0: retrans:0: loseo:0: stage:0: conn:0: RTT6:2034461: RTT7:1962215: delta:0
[  261.886070] AAAAA-TCP_SEND: name:enp0s3: saddr:100932208: daddr:16783984: srtt_us:18141824: RTT:2267728: ssthresh:2147483647: cwnd:22: delivered:14: lost:0: retrans:0: loseo:0: stage:0: conn:0: RTT6:2034461: RTT7:1962215: delta:0
[  262.056670] AAAAA-TCP_RECV: name:enp0s3: saddr:16783984: daddr:100932208: srtt_us:18141824: RTT:2267728: ssthresh:2147483647: cwnd:22: delivered:14: lost:0: retrans:0: loseo:0: stage:0: conn:0: RTT6:2034461: RTT7:1962215: delta:0
[  262.056696] AAAAA-TCP_SEND: name:enp0s3: saddr:100932208: daddr:16783984: srtt_us:19269794: RTT:2408724: ssthresh:2147483647: cwnd:23: delivered:15: lost:0: retrans:0: loseo:0: stage:0: conn:0: RTT6:2416195: RTT7:2034461: delta:0
[  262.056716] AAAAA-TCP_SEND: name:enp0s3: saddr:100932208: daddr:16783984: srtt_us:19269794: RTT:2408724: ssthresh:2147483647: cwnd:23: delivered:15: lost:0: retrans:0: loseo:0: stage:0: conn:0: RTT6:2416195: RTT7:2034461: delta:0
[  262.065137] AAAAA-TCP_RECV: name:enp0s3: saddr:16783984: daddr:100932208: srtt_us:19269794: RTT:2408724: ssthresh:2147483647: cwnd:23: delivered:15: lost:0: retrans:0: loseo:0: stage:0: conn:0: RTT6:2416195: RTT7:2034461: delta:0
[  262.065161] AAAAA-TCP_SEND: name:enp0s3: saddr:100932208: daddr:16783984: srtt_us:20265236: RTT:2533154: ssthresh:2147483647: cwnd:24: delivered:16: lost:0: retrans:0: loseo:0: stage:0: conn:0: RTT6:2606324: RTT7:2416195: delta:0
[  262.065182] AAAAA-TCP_SEND: name:enp0s3: saddr:100932208: daddr:16783984: srtt_us:20265236: RTT:2533154: ssthresh:2147483647: cwnd:24: delivered:16: lost:0: retrans:0: loseo:0: stage:0: conn:0: RTT6:2606324: RTT7:2416195: delta:0
[  262.101060] AAAAA-TCP_RECV: name:enp0s3: saddr:16783984: daddr:100932208: srtt_us:20265236: RTT:2533154: ssthresh:2147483647: cwnd:24: delivered:16: lost:0: retrans:0: loseo:0: stage:0: conn:0: RTT6:2606324: RTT7:2416195: delta:0
[  262.101096] AAAAA-TCP_SEND: name:enp0s3: saddr:100932208: daddr:16783984: srtt_us:21085354: RTT:2635669: ssthresh:24: cwnd:24: delivered:17: lost:0: retrans:0: loseo:0: stage:0: conn:4: RTT6:2750177: RTT7:2606324: delta:0
[  262.132697] AAAAA-TCP_RECV: name:enp0s3: saddr:16783984: daddr:100932208: srtt_us:21085354: RTT:2635669: ssthresh:24: cwnd:24: delivered:17: lost:0: retrans:0: loseo:0: stage:0: conn:4: RTT6:2750177: RTT7:2606324: delta:0
[  262.132732] AAAAA-TCP_SEND: name:enp0s3: saddr:100932208: daddr:16783984: srtt_us:21834592: RTT:2729324: ssthresh:24: cwnd:24: delivered:18: lost:0: retrans:0: loseo:0: stage:0: conn:4: RTT6:2750177: RTT7:2606324: delta:0
[  262.467874] AAAAA-TCP_RECV: name:enp0s3: saddr:16783984: daddr:100932208: srtt_us:21834592: RTT:2729324: ssthresh:24: cwnd:24: delivered:18: lost:0: retrans:0: loseo:0: stage:0: conn:4: RTT6:2750177: RTT7:2606324: delta:0
[  262.467914] AAAAA-TCP_SEND: name:enp0s3: saddr:100932208: daddr:16783984: srtt_us:22581004: RTT:2822625: ssthresh:24: cwnd:24: delivered:19: lost:0: retrans:0: loseo:0: stage:0: conn:4: RTT6:2750177: RTT7:2606324: delta:0
[  262.574404] AAAAA-TCP_RECV: name:enp0s3: saddr:16783984: daddr:100932208: srtt_us:22581004: RTT:2822625: ssthresh:24: cwnd:24: delivered:19: lost:0: retrans:0: loseo:0: stage:0: conn:4: RTT6:2750177: RTT7:2606324: delta:0
[  262.574441] AAAAA-TCP_SEND: name:enp0s3: saddr:100932208: daddr:16783984: srtt_us:23340645: RTT:2917580: ssthresh:24: cwnd:24: delivered:20: lost:0: retrans:0: loseo:0: stage:0: conn:4: RTT6:2750177: RTT7:2606324: delta:0
[  262.812009] AAAAA-TCP_RECV: name:enp0s3: saddr:16783984: daddr:100932208: srtt_us:23340645: RTT:2917580: ssthresh:24: cwnd:24: delivered:20: lost:0: retrans:0: loseo:0: stage:0: conn:4: RTT6:2750177: RTT7:2606324: delta:0
[  262.812048] AAAAA-TCP_SEND: name:enp0s3: saddr:100932208: daddr:16783984: srtt_us:24011028: RTT:3001378: ssthresh:24: cwnd:24: delivered:21: lost:0: retrans:0: loseo:0: stage:0: conn:4: RTT6:2750177: RTT7:2606324: delta:0
[  262.894578] AAAAA-TCP_RECV: name:enp0s3: saddr:16783984: daddr:100932208: srtt_us:24011028: RTT:3001378: ssthresh:24: cwnd:24: delivered:21: lost:0: retrans:0: loseo:0: stage:0: conn:4: RTT6:2750177: RTT7:2606324: delta:0
[  262.894613] AAAAA-TCP_SEND: name:enp0s3: saddr:100932208: daddr:16783984: srtt_us:24680182: RTT:3085022: ssthresh:24: cwnd:24: delivered:22: lost:0: retrans:0: loseo:0: stage:0: conn:4: RTT6:2750177: RTT7:2606324: delta:0
[  262.959825] AAAAA-TCP_RECV: name:enp0s3: saddr:16783984: daddr:100932208: srtt_us:24680182: RTT:3085022: ssthresh:24: cwnd:24: delivered:22: lost:0: retrans:0: loseo:0: stage:0: conn:4: RTT6:2750177: RTT7:2606324: delta:0
[  262.959859] AAAAA-TCP_SEND: name:enp0s3: saddr:100932208: daddr:16783984: srtt_us:25258683: RTT:3157335: ssthresh:24: cwnd:24: delivered:23: lost:0: retrans:0: loseo:0: stage:0: conn:4: RTT6:2750177: RTT7:2606324: delta:0
[  263.086345] AAAAA-TCP_RECV: name:enp0s3: saddr:16783984: daddr:100932208: srtt_us:25258683: RTT:3157335: ssthresh:24: cwnd:24: delivered:23: lost:0: retrans:0: loseo:0: stage:0: conn:4: RTT6:2750177: RTT7:2606324: delta:0
[  263.086386] AAAAA-TCP_SEND: name:enp0s3: saddr:100932208: daddr:16783984: srtt_us:25891381: RTT:3236422: ssthresh:24: cwnd:24: delivered:24: lost:0: retrans:0: loseo:0: stage:0: conn:4: RTT6:2750177: RTT7:2606324: delta:0
[  263.204158] AAAAA-TCP_RECV: name:enp0s3: saddr:33561200: daddr:100932208: srtt_us:18861259: RTT:2357657: ssthresh:2147483647: cwnd:20: delivered:11: lost:10: retrans:2: loseo:0: stage:0: conn:4: RTT6:2801352: RTT7:2599898: delta:0
[  263.445414] AAAAA-TCP_RECV: name:enp0s3: saddr:16783984: daddr:100932208: srtt_us:25891381: RTT:3236422: ssthresh:24: cwnd:24: delivered:24: lost:0: retrans:0: loseo:0: stage:0: conn:4: RTT6:2750177: RTT7:2606324: delta:0
[  263.445475] AAAAA-TCP_SEND: name:enp0s3: saddr:100932208: daddr:16783984: srtt_us:26422277: RTT:3302784: ssthresh:24: cwnd:24: delivered:25: lost:0: retrans:0: loseo:0: stage:0: conn:4: RTT6:2810476: RTT7:2750177: delta:0
[  263.521010] AAAAA-TCP_RECV: name:enp0s3: saddr:16783984: daddr:100932208: srtt_us:26422277: RTT:3302784: ssthresh:24: cwnd:24: delivered:25: lost:0: retrans:0: loseo:0: stage:0: conn:4: RTT6:2810476: RTT7:2750177: delta:0
[  263.521058] AAAAA-TCP_SEND: name:enp0s3: saddr:100932208: daddr:16783984: srtt_us:26962404: RTT:3370300: ssthresh:24: cwnd:24: delivered:26: lost:0: retrans:0: loseo:0: stage:0: conn:4: RTT6:3618335: RTT7:2810476: delta:0
[  263.590201] AAAAA-TCP_RECV: name:enp0s3: saddr:16783984: daddr:100932208: srtt_us:26962404: RTT:3370300: ssthresh:24: cwnd:24: delivered:26: lost:0: retrans:0: loseo:0: stage:0: conn:4: RTT6:3618335: RTT7:2810476: delta:0
[  263.590245] AAAAA-TCP_SEND: name:enp0s3: saddr:100932208: daddr:16783984: srtt_us:27314016: RTT:3414252: ssthresh:24: cwnd:24: delivered:27: lost:0: retrans:0: loseo:0: stage:0: conn:4: RTT6:3645265: RTT7:3618335: delta:0
[  263.686968] AAAAA-TCP_RECV: name:enp0s3: saddr:16783984: daddr:100932208: srtt_us:27314016: RTT:3414252: ssthresh:24: cwnd:24: delivered:27: lost:0: retrans:0: loseo:0: stage:0: conn:4: RTT6:3645265: RTT7:3618335: delta:0
[  263.687014] AAAAA-TCP_SEND: name:enp0s3: saddr:100932208: daddr:16783984: srtt_us:27718444: RTT:3464805: ssthresh:24: cwnd:25: delivered:28: lost:0: retrans:0: loseo:0: stage:0: conn:4: RTT6:3395698: RTT7:3645265: delta:0
[  263.687039] AAAAA-TCP_SEND: name:enp0s3: saddr:100932208: daddr:16783984: srtt_us:27718444: RTT:3464805: ssthresh:24: cwnd:25: delivered:28: lost:0: retrans:0: loseo:0: stage:0: conn:4: RTT6:3395698: RTT7:3645265: delta:0
[  263.794224] AAAAA-TCP_RECV: name:enp0s3: saddr:16783984: daddr:100932208: srtt_us:27718444: RTT:3464805: ssthresh:24: cwnd:25: delivered:28: lost:0: retrans:0: loseo:0: stage:0: conn:4: RTT6:3395698: RTT7:3645265: delta:0
[  263.794283] AAAAA-TCP_SEND: name:enp0s3: saddr:100932208: daddr:16783984: srtt_us:28035703: RTT:3504462: ssthresh:24: cwnd:25: delivered:30: lost:0: retrans:0: loseo:0: stage:0: conn:4: RTT6:3404166: RTT7:3395698: delta:0
[  263.794315] AAAAA-TCP_SEND: name:enp0s3: saddr:100932208: daddr:16783984: srtt_us:28035703: RTT:3504462: ssthresh:24: cwnd:25: delivered:30: lost:0: retrans:0: loseo:0: stage:0: conn:4: RTT6:3404166: RTT7:3395698: delta:0
[  263.955594] AAAAA-TCP_RECV: name:enp0s3: saddr:16783984: daddr:100932208: srtt_us:28035703: RTT:3504462: ssthresh:24: cwnd:25: delivered:30: lost:0: retrans:0: loseo:0: stage:0: conn:4: RTT6:3404166: RTT7:3395698: delta:0
[  263.955646] AAAAA-TCP_SEND: name:enp0s3: saddr:100932208: daddr:16783984: srtt_us:28414320: RTT:3551790: ssthresh:24: cwnd:25: delivered:32: lost:0: retrans:0: loseo:0: stage:0: conn:4: RTT6:3353272: RTT7:3404166: delta:4294916402
[  263.955688] AAAAA-TCP_SEND: name:enp0s3: saddr:100932208: daddr:16783984: srtt_us:28414320: RTT:3551790: ssthresh:24: cwnd:25: delivered:32: lost:0: retrans:0: loseo:0: stage:0: conn:4: RTT6:3353272: RTT7:3404166: delta:4294916402
[  264.139753] AAAAA-TCP_RECV: name:enp0s3: saddr:33561200: daddr:100932208: srtt_us:18861259: RTT:2357657: ssthresh:2147483647: cwnd:20: delivered:12: lost:10: retrans:2: loseo:0: stage:0: conn:4: RTT6:2801352: RTT7:2599898: delta:0
[  264.139809] AAAAA-TCP_SEND: name:enp0s3: saddr:100932208: daddr:33561200: srtt_us:20235196: RTT:2529399: ssthresh:2147483647: cwnd:21: delivered:13: lost:10: retrans:2: loseo:0: stage:0: conn:4: RTT6:2964124: RTT7:2801352: delta:162772
[  264.139839] AAAAA-TCP_SEND: name:enp0s3: saddr:100932208: daddr:33561200: srtt_us:20235196: RTT:2529399: ssthresh:2147483647: cwnd:21: delivered:13: lost:10: retrans:2: loseo:0: stage:0: conn:4: RTT6:2964124: RTT7:2801352: delta:162772
[  264.314346] AAAAA-TCP_RECV: name:enp0s3: saddr:33561200: daddr:100932208: srtt_us:20235196: RTT:2529399: ssthresh:2147483647: cwnd:21: delivered:13: lost:10: retrans:2: loseo:0: stage:0: conn:4: RTT6:2964124: RTT7:2801352: delta:162772
[  264.314386] AAAAA-TCP_SEND: name:enp0s3: saddr:100932208: daddr:33561200: srtt_us:21611969: RTT:2701496: ssthresh:2147483647: cwnd:22: delivered:14: lost:10: retrans:2: loseo:0: stage:0: conn:4: RTT6:3038628: RTT7:2964124: delta:162772
[  264.314409] AAAAA-TCP_SEND: name:enp0s3: saddr:100932208: daddr:33561200: srtt_us:21611969: RTT:2701496: ssthresh:2147483647: cwnd:22: delivered:14: lost:10: retrans:2: loseo:0: stage:0: conn:4: RTT6:3038628: RTT7:2964124: delta:162772
[  264.395205] AAAAA-TCP_RECV: name:enp0s3: saddr:33561200: daddr:100932208: srtt_us:21611969: RTT:2701496: ssthresh:2147483647: cwnd:22: delivered:14: lost:10: retrans:2: loseo:0: stage:0: conn:4: RTT6:3038628: RTT7:2964124: delta:162772
[  264.395254] AAAAA-TCP_SEND: name:enp0s3: saddr:100932208: daddr:33561200: srtt_us:22833296: RTT:2854162: ssthresh:2147483647: cwnd:23: delivered:15: lost:10: retrans:2: loseo:0: stage:0: conn:4: RTT6:3271998: RTT7:3038628: delta:162772
[  264.395296] AAAAA-TCP_SEND: name:enp0s3: saddr:100932208: daddr:33561200: srtt_us:22833296: RTT:2854162: ssthresh:2147483647: cwnd:23: delivered:15: lost:10: retrans:2: loseo:0: stage:0: conn:4: RTT6:3271998: RTT7:3038628: delta:162772
[  264.621138] AAAAA-TCP_RECV: name:enp0s3: saddr:33561200: daddr:100932208: srtt_us:22833296: RTT:2854162: ssthresh:2147483647: cwnd:23: delivered:15: lost:10: retrans:2: loseo:0: stage:0: conn:4: RTT6:3271998: RTT7:3038628: delta:162772
[  264.621191] AAAAA-TCP_SEND: name:enp0s3: saddr:100932208: daddr:33561200: srtt_us:24127891: RTT:3015986: ssthresh:2147483647: cwnd:24: delivered:16: lost:10: retrans:2: loseo:0: stage:0: conn:4: RTT6:3485898: RTT7:3271998: delta:162772
[  264.621218] AAAAA-TCP_SEND: name:enp0s3: saddr:100932208: daddr:33561200: srtt_us:24127891: RTT:3015986: ssthresh:2147483647: cwnd:24: delivered:16: lost:10: retrans:2: loseo:0: stage:0: conn:4: RTT6:3485898: RTT7:3271998: delta:162772
[  264.648315] AAAAA-TCP_RECV: name:enp0s3: saddr:33561200: daddr:100932208: srtt_us:24127891: RTT:3015986: ssthresh:2147483647: cwnd:24: delivered:16: lost:10: retrans:2: loseo:0: stage:0: conn:4: RTT6:3485898: RTT7:3271998: delta:162772
[  264.648355] AAAAA-TCP_SEND: name:enp0s3: saddr:100932208: daddr:33561200: srtt_us:25085060: RTT:3135632: ssthresh:2147483647: cwnd:25: delivered:17: lost:10: retrans:2: loseo:0: stage:0: conn:4: RTT6:3542368: RTT7:3485898: delta:162772
[  264.648377] AAAAA-TCP_SEND: name:enp0s3: saddr:100932208: daddr:33561200: srtt_us:25085060: RTT:3135632: ssthresh:2147483647: cwnd:25: delivered:17: lost:10: retrans:2: loseo:0: stage:0: conn:4: RTT6:3542368: RTT7:3485898: delta:162772
[  264.731764] AAAAA-TCP_RECV: name:enp0s3: saddr:33561200: daddr:100932208: srtt_us:25085060: RTT:3135632: ssthresh:2147483647: cwnd:25: delivered:17: lost:10: retrans:2: loseo:0: stage:0: conn:4: RTT6:3542368: RTT7:3485898: delta:162772
[  264.731838] AAAAA-TCP_SEND: name:enp0s3: saddr:100932208: daddr:33561200: srtt_us:26006043: RTT:3250755: ssthresh:2147483647: cwnd:26: delivered:18: lost:10: retrans:2: loseo:0: stage:0: conn:4: RTT6:3743000: RTT7:3542368: delta:162772
[  264.731881] AAAAA-TCP_SEND: name:enp0s3: saddr:100932208: daddr:33561200: srtt_us:26006043: RTT:3250755: ssthresh:2147483647: cwnd:26: delivered:18: lost:10: retrans:2: loseo:0: stage:0: conn:4: RTT6:3743000: RTT7:3542368: delta:162772
[  264.789285] AAAAA-TCP_RECV: name:enp0s3: saddr:33561200: daddr:100932208: srtt_us:26006043: RTT:3250755: ssthresh:2147483647: cwnd:26: delivered:18: lost:10: retrans:2: loseo:0: stage:0: conn:4: RTT6:3743000: RTT7:3542368: delta:162772
[  264.789320] AAAAA-TCP_SEND: name:enp0s3: saddr:100932208: daddr:33561200: srtt_us:26706630: RTT:3338328: ssthresh:2147483647: cwnd:27: delivered:19: lost:10: retrans:2: loseo:0: stage:0: conn:4: RTT6:3731594: RTT7:3743000: delta:162772
[  264.789355] AAAAA-TCP_SEND: name:enp0s3: saddr:100932208: daddr:33561200: srtt_us:26706630: RTT:3338328: ssthresh:2147483647: cwnd:27: delivered:19: lost:10: retrans:2: loseo:0: stage:0: conn:4: RTT6:3731594: RTT7:3743000: delta:162772
[  264.812279] AAAAA-TCP_RECV: name:enp0s3: saddr:33561200: daddr:100932208: srtt_us:26706630: RTT:3338328: ssthresh:2147483647: cwnd:27: delivered:19: lost:10: retrans:2: loseo:0: stage:0: conn:4: RTT6:3731594: RTT7:3743000: delta:162772
[  264.812320] AAAAA-TCP_SEND: name:enp0s3: saddr:100932208: daddr:33561200: srtt_us:27342652: RTT:3417831: ssthresh:2147483647: cwnd:28: delivered:20: lost:10: retrans:2: loseo:0: stage:0: conn:4: RTT6:3906172: RTT7:3731594: delta:162772
[  264.812348] AAAAA-TCP_SEND: name:enp0s3: saddr:100932208: daddr:33561200: srtt_us:27342652: RTT:3417831: ssthresh:2147483647: cwnd:28: delivered:20: lost:10: retrans:2: loseo:0: stage:0: conn:4: RTT6:3906172: RTT7:3731594: delta:162772
[  264.955077] AAAAA-TCP_RECV: name:enp0s3: saddr:33561200: daddr:100932208: srtt_us:27342652: RTT:3417831: ssthresh:2147483647: cwnd:28: delivered:20: lost:10: retrans:2: loseo:0: stage:0: conn:4: RTT6:3906172: RTT7:3731594: delta:162772
[  264.955163] AAAAA-TCP_SEND: name:enp0s3: saddr:100932208: daddr:33561200: srtt_us:27967099: RTT:3495887: ssthresh:28: cwnd:28: delivered:21: lost:10: retrans:2: loseo:0: stage:0: conn:2: RTT6:3922823: RTT7:3906172: delta:162772
[  265.167790] AAAAA-TCP_RECV: name:enp0s3: saddr:33561200: daddr:100932208: srtt_us:27967099: RTT:3495887: ssthresh:28: cwnd:28: delivered:21: lost:10: retrans:2: loseo:0: stage:0: conn:2: RTT6:3922823: RTT7:3906172: delta:162772
[  265.210204] AAAAA-TCP_RECV: name:enp0s3: saddr:33561200: daddr:100932208: srtt_us:28726192: RTT:3590774: ssthresh:28: cwnd:28: delivered:22: lost:10: retrans:2: loseo:0: stage:0: conn:2: RTT6:3922823: RTT7:3906172: delta:162772
[  265.284050] AAAAA-TCP_RECV: name:enp0s3: saddr:33561200: daddr:100932208: srtt_us:29199418: RTT:3649927: ssthresh:28: cwnd:29: delivered:23: lost:10: retrans:2: loseo:0: stage:0: conn:2: RTT6:3922823: RTT7:3906172: delta:162772
[  265.336873] AAAAA-TCP_RECV: name:enp0s3: saddr:33561200: daddr:100932208: srtt_us:29687354: RTT:3710919: ssthresh:28: cwnd:29: delivered:24: lost:10: retrans:2: loseo:0: stage:0: conn:2: RTT6:3922823: RTT7:3906172: delta:162772
[  265.394099] AAAAA-TCP_RECV: name:enp0s3: saddr:33561200: daddr:100932208: srtt_us:29952847: RTT:3744105: ssthresh:28: cwnd:29: delivered:25: lost:10: retrans:2: loseo:0: stage:0: conn:2: RTT6:3922823: RTT7:3906172: delta:162772
[  265.434629] AAAAA-TCP_RECV: name:enp0s3: saddr:33561200: daddr:100932208: srtt_us:30242414: RTT:3780301: ssthresh:28: cwnd:30: delivered:26: lost:10: retrans:2: loseo:0: stage:0: conn:2: RTT6:3922823: RTT7:3906172: delta:162772
[  265.495607] AAAAA-TCP_RECV: name:enp0s3: saddr:33561200: daddr:100932208: srtt_us:30479622: RTT:3809952: ssthresh:28: cwnd:30: delivered:27: lost:10: retrans:2: loseo:0: stage:0: conn:2: RTT6:3922823: RTT7:3906172: delta:162772
[  265.586590] AAAAA-TCP_RECV: name:enp0s3: saddr:33561200: daddr:100932208: srtt_us:30748172: RTT:3843521: ssthresh:28: cwnd:30: delivered:28: lost:10: retrans:2: loseo:0: stage:0: conn:2: RTT6:3922823: RTT7:3906172: delta:162772
[  265.703229] AAAAA-TCP_RECV: name:enp0s3: saddr:33561200: daddr:100932208: srtt_us:31073349: RTT:3884168: ssthresh:28: cwnd:31: delivered:29: lost:10: retrans:2: loseo:0: stage:0: conn:2: RTT6:3922823: RTT7:3906172: delta:162772
[  266.000322] AAAAA-TCP_RECV: name:enp0s3: saddr:16783984: daddr:100932208: srtt_us:28414320: RTT:3551790: ssthresh:24: cwnd:25: delivered:32: lost:0: retrans:0: loseo:0: stage:0: conn:2: RTT6:3353272: RTT7:3404166: delta:4294916402
[  266.115169] AAAAA-TCP_RECV: name:enp0s3: saddr:16783984: daddr:100932208: srtt_us:29003759: RTT:3625469: ssthresh:24: cwnd:26: delivered:33: lost:0: retrans:0: loseo:0: stage:0: conn:2: RTT6:3767318: RTT7:3353272: delta:4294916402
[  266.245243] AAAAA-TCP_RECV: name:enp0s3: saddr:33561200: daddr:100932208: srtt_us:31474523: RTT:3934315: ssthresh:28: cwnd:32: delivered:31: lost:10: retrans:2: loseo:0: stage:0: conn:2: RTT6:3922823: RTT7:3906172: delta:162772
[  266.252809] AAAAA-TCP_RECV: name:enp0s3: saddr:16783984: daddr:100932208: srtt_us:29634367: RTT:3704295: ssthresh:24: cwnd:27: delivered:34: lost:0: retrans:0: loseo:0: stage:0: conn:2: RTT6:3842911: RTT7:3767318: delta:4294916402
[  266.272832] AAAAA-TCP_RECV: name:enp0s3: saddr:16783984: daddr:100932208: srtt_us:30296843: RTT:3787105: ssthresh:24: cwnd:27: delivered:35: lost:0: retrans:0: loseo:0: stage:0: conn:2: RTT6:3721912: RTT7:3842911: delta:4294916402
[  266.407609] AAAAA-TCP_RECV: name:enp0s3: saddr:16783984: daddr:100932208: srtt_us:30896532: RTT:3862066: ssthresh:24: cwnd:28: delivered:36: lost:0: retrans:0: loseo:0: stage:0: conn:2: RTT6:3818680: RTT7:3721912: delta:4294916402
[  266.580108] AAAAA-TCP_RECV: name:enp0s3: saddr:16783984: daddr:100932208: srtt_us:31385402: RTT:3923175: ssthresh:24: cwnd:28: delivered:37: lost:0: retrans:0: loseo:0: stage:0: conn:2: RTT6:3782064: RTT7:3818680: delta:4294916402
[  266.668481] AAAAA-TCP_RECV: name:enp0s3: saddr:16783984: daddr:100932208: srtt_us:31985666: RTT:3998208: ssthresh:24: cwnd:29: delivered:38: lost:0: retrans:0: loseo:0: stage:0: conn:2: RTT6:3883079: RTT7:3782064: delta:4294916402
[  266.671370] AAAAA-TCP_RECV: name:enp0s3: saddr:16783984: daddr:100932208: srtt_us:32590803: RTT:4073850: ssthresh:24: cwnd:29: delivered:39: lost:0: retrans:0: loseo:0: stage:0: conn:2: RTT6:4141229: RTT7:3883079: delta:4294916402
[  266.723019] AAAAA-TCP_RECV: name:enp0s3: saddr:16783984: daddr:100932208: srtt_us:33123170: RTT:4140396: ssthresh:24: cwnd:30: delivered:40: lost:0: retrans:0: loseo:0: stage:0: conn:2: RTT6:4256077: RTT7:4141229: delta:4294916402
[  266.770607] AAAAA-TCP_RECV: name:enp0s3: saddr:16783984: daddr:100932208: srtt_us:33604719: RTT:4200589: ssthresh:24: cwnd:30: delivered:41: lost:0: retrans:0: loseo:0: stage:0: conn:2: RTT6:4366771: RTT7:4256077: delta:4294916402
[  266.884713] AAAAA-TCP_RECV: name:enp0s3: saddr:16783984: daddr:100932208: srtt_us:34042026: RTT:4255253: ssthresh:24: cwnd:31: delivered:42: lost:0: retrans:0: loseo:0: stage:0: conn:2: RTT6:4386794: RTT7:4366771: delta:20023
[  267.043644] AAAAA-TCP_RECV: name:enp0s3: saddr:16783984: daddr:100932208: srtt_us:34203613: RTT:4275451: ssthresh:24: cwnd:32: delivered:44: lost:0: retrans:0: loseo:0: stage:0: conn:2: RTT6:4350936: RTT7:4386794: delta:20023
[  267.120493] AAAAA-TCP_RECV: name:enp0s3: saddr:16783984: daddr:100932208: srtt_us:34159783: RTT:4269972: ssthresh:24: cwnd:33: delivered:46: lost:0: retrans:0: loseo:0: stage:0: conn:2: RTT6:4523439: RTT7:4350936: delta:20023
[  267.215582] AAAAA-TCP_RECV: name:enp0s3: saddr:16783984: daddr:100932208: srtt_us:34050454: RTT:4256306: ssthresh:24: cwnd:33: delivered:47: lost:0: retrans:0: loseo:0: stage:0: conn:2: RTT6:4603345: RTT7:4523439: delta:20023
[  267.296142] AAAAA-TCP_RECV: name:enp0s3: saddr:16783984: daddr:100932208: srtt_us:33923381: RTT:4240422: ssthresh:24: cwnd:34: delivered:48: lost:0: retrans:0: loseo:0: stage:0: conn:2: RTT6:4606217: RTT7:4603345: delta:20023
[  267.352279] AAAAA-TCP_RECV: name:enp0s3: saddr:16783984: daddr:100932208: srtt_us:33533678: RTT:4191709: ssthresh:24: cwnd:34: delivered:49: lost:0: retrans:0: loseo:0: stage:0: conn:2: RTT6:4621945: RTT7:4606217: delta:20023
[  267.370766] AAAAA-TCP_RECV: name:enp0s3: saddr:16783984: daddr:100932208: srtt_us:33173251: RTT:4146656: ssthresh:24: cwnd:35: delivered:51: lost:0: retrans:0: loseo:0: stage:0: conn:2: RTT6:4637896: RTT7:4621945: delta:20023
[  267.389920] AAAAA-TCP_RECV: name:enp0s3: saddr:16783984: daddr:100932208: srtt_us:32710382: RTT:4088797: ssthresh:24: cwnd:36: delivered:53: lost:0: retrans:0: loseo:0: stage:0: conn:2: RTT6:4310312: RTT7:4637896: delta:20023
[  267.454874] AAAAA-TCP_RECV: name:enp0s3: saddr:16783984: daddr:100932208: srtt_us:32217236: RTT:4027154: ssthresh:24: cwnd:37: delivered:55: lost:0: retrans:0: loseo:0: stage:0: conn:2: RTT6:4149056: RTT7:4310312: delta:20023
[  267.471365] AAAAA-TCP_RECV: name:enp0s3: saddr:33561200: daddr:100932208: srtt_us:32168130: RTT:4021016: ssthresh:28: cwnd:32: delivered:32: lost:10: retrans:2: loseo:0: stage:0: conn:2: RTT6:4148757: RTT7:3922823: delta:162772
[  267.490353] AAAAA-TCP_RECV: name:enp0s3: saddr:33561200: daddr:100932208: srtt_us:31478686: RTT:3934835: ssthresh:28: cwnd:33: delivered:33: lost:10: retrans:2: loseo:0: stage:0: conn:2: RTT6:3973155: RTT7:4148757: delta:4294791694
[  267.506350] AAAAA-TCP_RECV: name:enp0s3: saddr:33561200: daddr:100932208: srtt_us:30894435: RTT:3861804: ssthresh:28: cwnd:33: delivered:34: lost:10: retrans:2: loseo:0: stage:0: conn:2: RTT6:4056615: RTT7:3973155: delta:4294791694
[  267.525006] AAAAA-TCP_RECV: name:enp0s3: saddr:33561200: daddr:100932208: srtt_us:30224609: RTT:3778076: ssthresh:28: cwnd:34: delivered:35: lost:10: retrans:2: loseo:0: stage:0: conn:2: RTT6:3951342: RTT7:4056615: delta:4294791694
[  267.586173] AAAAA-TCP_RECV: name:enp0s3: saddr:33561200: daddr:100932208: srtt_us:29657191: RTT:3707148: ssthresh:28: cwnd:34: delivered:36: lost:10: retrans:2: loseo:0: stage:0: conn:2: RTT6:3974350: RTT7:3951342: delta:4294791694
[  267.620485] AAAAA-TCP_RECV: name:enp0s3: saddr:33561200: daddr:100932208: srtt_us:29140985: RTT:3642623: ssthresh:28: cwnd:35: delivered:37: lost:10: retrans:2: loseo:0: stage:0: conn:2: RTT6:4042278: RTT7:3974350: delta:4294791694
[  267.640577] AAAAA-TCP_RECV: name:enp0s3: saddr:33561200: daddr:100932208: srtt_us:28723617: RTT:3590452: ssthresh:28: cwnd:35: delivered:38: lost:10: retrans:2: loseo:0: stage:0: conn:2: RTT6:4627922: RTT7:4042278: delta:4294791694
[  267.656568] AAAAA-TCP_RECV: name:enp0s3: saddr:33561200: daddr:100932208: srtt_us:28152565: RTT:3519070: ssthresh:28: cwnd:35: delivered:39: lost:10: retrans:2: loseo:0: stage:0: conn:2: RTT6:3331572: RTT7:4627922: delta:4294791694
[  267.676655] AAAAA-TCP_RECV: name:enp0s3: saddr:33561200: daddr:100932208: srtt_us:27641728: RTT:3455216: ssthresh:28: cwnd:35: delivered:40: lost:10: retrans:2: loseo:0: stage:0: conn:2: RTT6:3350584: RTT7:3331572: delta:4294791694
[  267.676689] AAAAA-TCP_SEND: name:enp0s3: saddr:100932208: daddr:33561200: srtt_us:27214831: RTT:3401853: ssthresh:24: cwnd:8: delivered:41: lost:11: retrans:3: loseo:1: stage:0: conn:2: RTT6:3191978: RTT7:3350584: delta:4294791694
[  267.702528] AAAAA-TCP_RECV: name:enp0s3: saddr:33561200: daddr:100932208: srtt_us:27214831: RTT:3401853: ssthresh:24: cwnd:8: delivered:41: lost:11: retrans:3: loseo:0: stage:0: conn:2: RTT6:3191978: RTT7:3350584: delta:4294791694
[  267.720045] AAAAA-TCP_RECV: name:enp0s3: saddr:33561200: daddr:100932208: srtt_us:26783695: RTT:3347961: ssthresh:24: cwnd:8: delivered:42: lost:11: retrans:3: loseo:0: stage:0: conn:2: RTT6:3210658: RTT7:3191978: delta:4294791694
[  267.749335] AAAAA-TCP_RECV: name:enp0s3: saddr:33561200: daddr:100932208: srtt_us:26423993: RTT:3302999: ssthresh:24: cwnd:7: delivered:43: lost:11: retrans:3: loseo:0: stage:0: conn:2: RTT6:3190942: RTT7:3210658: delta:4294947580
[  267.771648] AAAAA-TCP_RECV: name:enp0s3: saddr:33561200: daddr:100932208: srtt_us:26081056: RTT:3260132: ssthresh:24: cwnd:6: delivered:44: lost:11: retrans:3: loseo:0: stage:0: conn:2: RTT6:3225255: RTT7:3190942: delta:4294947580
[  267.771725] AAAAA-TCP_SEND: name:enp0s3: saddr:100932208: daddr:33561200: srtt_us:25780294: RTT:3222536: ssthresh:24: cwnd:3: delivered:45: lost:13: retrans:4: loseo:1: stage:0: conn:2: RTT6:3019400: RTT7:3225255: delta:4294947580
[  267.830793] AAAAA-TCP_RECV: name:enp0s3: saddr:33561200: daddr:100932208: srtt_us:25780294: RTT:3222536: ssthresh:24: cwnd:3: delivered:45: lost:13: retrans:4: loseo:0: stage:0: conn:2: RTT6:3019400: RTT7:3225255: delta:4294947580
[  267.830835] AAAAA-TCP_SEND: name:enp0s3: saddr:100932208: daddr:33561200: srtt_us:25433408: RTT:3179176: ssthresh:24: cwnd:3: delivered:46: lost:13: retrans:5: loseo:1: stage:0: conn:2: RTT6:3008233: RTT7:3019400: delta:4294947580
[  268.095061] AAAAA-TCP_RECV: name:enp0s3: saddr:33561200: daddr:100932208: srtt_us:25433408: RTT:3179176: ssthresh:24: cwnd:3: delivered:46: lost:13: retrans:5: loseo:0: stage:0: conn:2: RTT6:3008233: RTT7:3019400: delta:4294947580
[  268.113211] AAAAA-TCP_RECV: name:enp0s3: saddr:33561200: daddr:100932208: srtt_us:22672232: RTT:2834029: ssthresh:24: cwnd:7: delivered:47: lost:13: retrans:5: loseo:0: stage:0: conn:2: RTT6:3028319: RTT7:3008233: delta:4294947580
[  268.150621] AAAAA-TCP_RECV: name:enp0s3: saddr:33561200: daddr:100932208: srtt_us:20179203: RTT:2522400: ssthresh:24: cwnd:7: delivered:48: lost:13: retrans:5: loseo:0: stage:0: conn:2: RTT6:2970717: RTT7:3028319: delta:4294947580
[  289.805598] AAAAA-TCP_SEND: name:enp0s3: saddr:100932208: daddr:33561200: srtt_us:17976803: RTT:2247100: ssthresh:24: cwnd:24: delivered:49: lost:13: retrans:5: loseo:0: stage:0: conn:4: RTT6:2988259: RTT7:2970717: delta:4294947580
[  289.805630] AAAAA-TCP_SEND: name:enp0s3: saddr:100932208: daddr:33561200: srtt_us:17976803: RTT:2247100: ssthresh:24: cwnd:17: delivered:49: lost:13: retrans:5: loseo:0: stage:0: conn:4: RTT6:2988259: RTT7:2970717: delta:4294947580
[  289.805694] AAAAA-TCP_SEND: name:enp0s3: saddr:100932208: daddr:33561200: srtt_us:17976803: RTT:2247100: ssthresh:24: cwnd:17: delivered:49: lost:13: retrans:5: loseo:0: stage:0: conn:4: RTT6:2988259: RTT7:2970717: delta:4294947580
[  289.805715] AAAAA-TCP_SEND: name:enp0s3: saddr:100932208: daddr:33561200: srtt_us:17976803: RTT:2247100: ssthresh:24: cwnd:17: delivered:49: lost:13: retrans:5: loseo:0: stage:0: conn:4: RTT6:2988259: RTT7:2970717: delta:4294947580
[  289.805810] AAAAA-TCP_SEND: name:enp0s3: saddr:100932208: daddr:33561200: srtt_us:17976803: RTT:2247100: ssthresh:24: cwnd:17: delivered:49: lost:13: retrans:5: loseo:0: stage:0: conn:4: RTT6:2988259: RTT7:2970717: delta:4294947580
[  289.805830] AAAAA-TCP_SEND: name:enp0s3: saddr:100932208: daddr:33561200: srtt_us:17976803: RTT:2247100: ssthresh:24: cwnd:17: delivered:49: lost:13: retrans:5: loseo:0: stage:0: conn:4: RTT6:2988259: RTT7:2970717: delta:4294947580
[  289.805923] AAAAA-TCP_SEND: name:enp0s3: saddr:100932208: daddr:33561200: srtt_us:17976803: RTT:2247100: ssthresh:24: cwnd:17: delivered:49: lost:13: retrans:5: loseo:0: stage:0: conn:4: RTT6:2988259: RTT7:2970717: delta:4294947580
[  289.805943] AAAAA-TCP_SEND: name:enp0s3: saddr:100932208: daddr:33561200: srtt_us:17976803: RTT:2247100: ssthresh:24: cwnd:17: delivered:49: lost:13: retrans:5: loseo:0: stage:0: conn:4: RTT6:2988259: RTT7:2970717: delta:4294947580
[  289.806034] AAAAA-TCP_SEND: name:enp0s3: saddr:100932208: daddr:33561200: srtt_us:17976803: RTT:2247100: ssthresh:24: cwnd:17: delivered:49: lost:13: retrans:5: loseo:0: stage:0: conn:4: RTT6:2988259: RTT7:2970717: delta:4294947580
[  289.806053] AAAAA-TCP_SEND: name:enp0s3: saddr:100932208: daddr:33561200: srtt_us:17976803: RTT:2247100: ssthresh:24: cwnd:17: delivered:49: lost:13: retrans:5: loseo:0: stage:0: conn:4: RTT6:2988259: RTT7:2970717: delta:4294947580
[  289.806147] AAAAA-TCP_SEND: name:enp0s3: saddr:100932208: daddr:33561200: srtt_us:17976803: RTT:2247100: ssthresh:24: cwnd:17: delivered:49: lost:13: retrans:5: loseo:0: stage:0: conn:4: RTT6:2988259: RTT7:2970717: delta:4294947580
