[    0.000000] Linux version 5.4.243-dmptcp (root@ztg) (gcc version 12.2.0 (Debian 12.2.0-14+deb12u1)) #119 SMP Wed Dec 24 23:52:51 CST 2025
[    0.000000] Command line: BOOT_IMAGE=/boot/vmlinuz-5.4.243-dmptcp root=UUID=98415a12-53b7-4144-8265-0f7ece09e445 ro quiet splash
[    0.000000] KERNEL supported cpus:
[    0.000000]   Intel GenuineIntel
[    0.000000]   AMD AuthenticAMD
[    0.000000]   Hygon HygonGenuine
[    0.000000]   Centaur CentaurHauls
[    0.000000]   zhaoxin   Shanghai  
[    0.000000] x86/fpu: Supporting XSAVE feature 0x001: 'x87 floating point registers'
[    0.000000] x86/fpu: Supporting XSAVE feature 0x002: 'SSE registers'
[    0.000000] x86/fpu: Supporting XSAVE feature 0x004: 'AVX registers'
[    0.000000] x86/fpu: xstate_offset[2]:  576, xstate_sizes[2]:  256
[    0.000000] x86/fpu: Enabled xstate features 0x7, context size is 832 bytes, using 'standard' format.
[    0.000000] BIOS-provided physical RAM map:
[    0.000000] BIOS-e820: [mem 0x0000000000000000-0x000000000009fbff] usable
[    0.000000] BIOS-e820: [mem 0x000000000009fc00-0x000000000009ffff] reserved
[    0.000000] BIOS-e820: [mem 0x00000000000f0000-0x00000000000fffff] reserved
[    0.000000] BIOS-e820: [mem 0x0000000000100000-0x000000007ffeffff] usable
[    0.000000] BIOS-e820: [mem 0x000000007fff0000-0x000000007fffffff] ACPI data
[    0.000000] BIOS-e820: [mem 0x00000000fec00000-0x00000000fec00fff] reserved
[    0.000000] BIOS-e820: [mem 0x00000000fee00000-0x00000000fee00fff] reserved
[    0.000000] BIOS-e820: [mem 0x00000000fffc0000-0x00000000ffffffff] reserved
[    0.000000] NX (Execute Disable) protection: active
[    0.000000] SMBIOS 2.5 present.
[    0.000000] DMI: innotek GmbH VirtualBox/VirtualBox, BIOS VirtualBox 12/01/2006
[    0.000000] Hypervisor detected: KVM
[    0.000000] kvm-clock: Using msrs 4b564d01 and 4b564d00
[    0.000000] kvm-clock: cpu 0, msr 4ba01001, primary cpu clock
[    0.000000] kvm-clock: using sched offset of 4436543943 cycles
[    0.000003] clocksource: kvm-clock: mask: 0xffffffffffffffff max_cycles: 0x1cd42e4dffb, max_idle_ns: 881590591483 ns
[    0.000006] tsc: Detected 2100.000 MHz processor
[    0.001873] e820: update [mem 0x00000000-0x00000fff] usable ==> reserved
[    0.001875] e820: remove [mem 0x000a0000-0x000fffff] usable
[    0.001879] last_pfn = 0x7fff0 max_arch_pfn = 0x400000000
[    0.001947] MTRR default type: uncachable
[    0.001948] MTRR fixed ranges enabled:
[    0.001949]   00000-9FFFF write-back
[    0.001950]   A0000-BFFFF uncachable
[    0.001951]   C0000-FFFFF write-protect
[    0.001951] MTRR variable ranges enabled:
[    0.001953]   0 base 000000000000 mask 3FFF80000000 write-back
[    0.001954]   1 disabled
[    0.001954]   2 disabled
[    0.001954]   3 disabled
[    0.001955]   4 disabled
[    0.001955]   5 disabled
[    0.001956]   6 disabled
[    0.001956]   7 disabled
[    0.001956]   8 disabled
[    0.001957]   9 disabled
[    0.001957]   10 disabled
[    0.001958]   11 disabled
[    0.001958]   12 disabled
[    0.001959]   13 disabled
[    0.001959]   14 disabled
[    0.001960]   15 disabled
[    0.001976] x86/PAT: Configuration [0-7]: WB  WC  UC- UC  WB  WP  UC- WT  
[    0.002109] found SMP MP-table at [mem 0x0009fff0-0x0009ffff]
[    0.091673] check: Scanning 1 areas for low memory corruption
[    0.091862] RAMDISK: [mem 0x32271000-0x3512ffff]
[    0.091870] ACPI: Early table checksum verification disabled
[    0.091877] ACPI: RSDP 0x00000000000E0000 000024 (v02 VBOX  )
[    0.091881] ACPI: XSDT 0x000000007FFF0030 00003C (v01 VBOX   VBOXXSDT 00000001 ASL  00000061)
[    0.091888] ACPI: FACP 0x000000007FFF00F0 0000F4 (v04 VBOX   VBOXFACP 00000001 ASL  00000061)
[    0.091894] ACPI: DSDT 0x000000007FFF02E0 002353 (v02 VBOX   VBOXBIOS 00000002 VBOX 00029BF3)
[    0.091898] ACPI: FACS 0x000000007FFF0200 000040
[    0.091901] ACPI: FACS 0x000000007FFF0200 000040
[    0.091905] ACPI: APIC 0x000000007FFF0240 000054 (v02 VBOX   VBOXAPIC 00000001 ASL  00000061)
[    0.091908] ACPI: SSDT 0x000000007FFF02A0 000038 (v01 VBOX   VBOXCPUT 00000002 VBOX 00029BF3)
[    0.091912] ACPI: Reserving FACP table memory at [mem 0x7fff00f0-0x7fff01e3]
[    0.091913] ACPI: Reserving DSDT table memory at [mem 0x7fff02e0-0x7fff2632]
[    0.091913] ACPI: Reserving FACS table memory at [mem 0x7fff0200-0x7fff023f]
[    0.091914] ACPI: Reserving FACS table memory at [mem 0x7fff0200-0x7fff023f]
[    0.091915] ACPI: Reserving APIC table memory at [mem 0x7fff0240-0x7fff0293]
[    0.091915] ACPI: Reserving SSDT table memory at [mem 0x7fff02a0-0x7fff02d7]
[    0.091929] ACPI: Local APIC address 0xfee00000
[    0.092115] No NUMA configuration found
[    0.092116] Faking a node at [mem 0x0000000000000000-0x000000007ffeffff]
[    0.092126] NODE_DATA(0) allocated [mem 0x7ffc5000-0x7ffeffff]
[    0.093047] Zone ranges:
[    0.093048]   DMA      [mem 0x0000000000001000-0x0000000000ffffff]
[    0.093050]   DMA32    [mem 0x0000000001000000-0x000000007ffeffff]
[    0.093050]   Normal   empty
[    0.093051]   Device   empty
[    0.093052] Movable zone start for each node
[    0.093054] Early memory node ranges
[    0.093055]   node   0: [mem 0x0000000000001000-0x000000000009efff]
[    0.093055]   node   0: [mem 0x0000000000100000-0x000000007ffeffff]
[    0.093710] Zeroed struct page in unavailable ranges: 114 pages
[    0.093711] Initmem setup node 0 [mem 0x0000000000001000-0x000000007ffeffff]
[    0.093712] On node 0 totalpages: 524174
[    0.093714]   DMA zone: 64 pages used for memmap
[    0.093714]   DMA zone: 21 pages reserved
[    0.093715]   DMA zone: 3998 pages, LIFO batch:0
[    0.093788]   DMA32 zone: 8128 pages used for memmap
[    0.093789]   DMA32 zone: 520176 pages, LIFO batch:63
[    0.102718] ACPI: PM-Timer IO Port: 0x4008
[    0.102722] ACPI: Local APIC address 0xfee00000
[    0.102792] IOAPIC[0]: apic_id 1, version 32, address 0xfec00000, GSI 0-23
[    0.102795] ACPI: INT_SRC_OVR (bus 0 bus_irq 0 global_irq 2 dfl dfl)
[    0.102797] ACPI: INT_SRC_OVR (bus 0 bus_irq 9 global_irq 9 low level)
[    0.102799] ACPI: IRQ0 used by override.
[    0.102800] ACPI: IRQ9 used by override.
[    0.102802] Using ACPI (MADT) for SMP configuration information
[    0.102809] smpboot: Allowing 1 CPUs, 0 hotplug CPUs
[    0.102832] PM: Registered nosave memory: [mem 0x00000000-0x00000fff]
[    0.102833] PM: Registered nosave memory: [mem 0x0009f000-0x0009ffff]
[    0.102834] PM: Registered nosave memory: [mem 0x000a0000-0x000effff]
[    0.102834] PM: Registered nosave memory: [mem 0x000f0000-0x000fffff]
[    0.102836] [mem 0x80000000-0xfebfffff] available for PCI devices
[    0.102837] Booting paravirtualized kernel on KVM
[    0.102840] clocksource: refined-jiffies: mask: 0xffffffff max_cycles: 0xffffffff, max_idle_ns: 7645519600211568 ns
[    0.102845] setup_percpu: NR_CPUS:8192 nr_cpumask_bits:1 nr_cpu_ids:1 nr_node_ids:1
[    0.103807] percpu: Embedded 60 pages/cpu s208896 r8192 d28672 u2097152
[    0.103812] pcpu-alloc: s208896 r8192 d28672 u2097152 alloc=1*2097152
[    0.103813] pcpu-alloc: [0] 0 
[    0.103841] Built 1 zonelists, mobility grouping on.  Total pages: 515961
[    0.103841] Policy zone: DMA32
[    0.103842] Kernel command line: BOOT_IMAGE=/boot/vmlinuz-5.4.243-dmptcp root=UUID=98415a12-53b7-4144-8265-0f7ece09e445 ro quiet splash
[    0.104700] Dentry cache hash table entries: 262144 (order: 9, 2097152 bytes, linear)
[    0.104846] Inode-cache hash table entries: 131072 (order: 8, 1048576 bytes, linear)
[    0.104895] mem auto-init: stack:off, heap alloc:on, heap free:off
[    0.104898] Calgary: detecting Calgary via BIOS EBDA area
[    0.104899] Calgary: Unable to locate Rio Grande table in EBDA - bailing!
[    0.108928] Memory: 1967332K/2096696K available (14339K kernel code, 2399K rwdata, 4716K rodata, 2728K init, 17260K bss, 129364K reserved, 0K cma-reserved)
[    0.109838] SLUB: HWalign=64, Order=0-3, MinObjects=0, CPUs=1, Nodes=1
[    0.109854] ftrace: allocating 43203 entries in 169 pages
[    0.127967] rcu: Hierarchical RCU implementation.
[    0.127969] rcu: 	RCU restricting CPUs from NR_CPUS=8192 to nr_cpu_ids=1.
[    0.127970] 	Tasks RCU enabled.
[    0.127972] rcu: RCU calculated value of scheduler-enlistment delay is 25 jiffies.
[    0.127972] rcu: Adjusting geometry for rcu_fanout_leaf=16, nr_cpu_ids=1
[    0.130939] NR_IRQS: 524544, nr_irqs: 256, preallocated irqs: 16
[    0.131155] random: crng init done
[    0.140495] Console: colour VGA+ 80x25
[    0.140499] printk: console [tty0] enabled
[    0.140520] ACPI: Core revision 20190816
[    0.140616] APIC: Switch to symmetric I/O mode setup
[    0.140865] x2apic enabled
[    0.141103] Switched APIC routing to physical x2apic.
[    0.142227] ..TIMER: vector=0x30 apic1=0 pin1=2 apic2=-1 pin2=-1
[    0.142251] clocksource: tsc-early: mask: 0xffffffffffffffff max_cycles: 0x1e4530a99b6, max_idle_ns: 440795257976 ns
[    0.142256] Calibrating delay loop (skipped) preset value.. 4200.00 BogoMIPS (lpj=8400000)
[    0.142258] pid_max: default: 32768 minimum: 301
[    0.142286] LSM: Security Framework initializing
[    0.142296] Yama: becoming mindful.
[    0.142322] AppArmor: AppArmor initialized
[    0.142358] Mount-cache hash table entries: 4096 (order: 3, 32768 bytes, linear)
[    0.142364] Mountpoint-cache hash table entries: 4096 (order: 3, 32768 bytes, linear)
[    0.142374] *** VALIDATE tmpfs ***
[    0.142507] *** VALIDATE proc ***
[    0.142550] *** VALIDATE cgroup1 ***
[    0.142551] *** VALIDATE cgroup2 ***
[    0.142693] process: using mwait in idle threads
[    0.142698] Last level iTLB entries: 4KB 64, 2MB 8, 4MB 8
[    0.142698] Last level dTLB entries: 4KB 64, 2MB 0, 4MB 0, 1GB 4
[    0.142720] Spectre V1 : Mitigation: usercopy/swapgs barriers and __user pointer sanitization
[    0.142725] Spectre V2 : Mitigation: Retpolines
[    0.142725] Spectre V2 : Spectre v2 / SpectreRSB mitigation: Filling RSB on context switch
[    0.142726] Spectre V2 : Spectre v2 / SpectreRSB : Filling RSB on VMEXIT
[    0.142726] RETBleed: WARNING: Spectre v2 mitigation leaves CPU vulnerable to RETBleed attacks, data leaks possible!
[    0.143082] RETBleed: Vulnerable
[    0.143083] Speculative Store Bypass: Vulnerable
[    0.143088] TAA: Mitigation: TSX disabled
[    0.143089] MMIO Stale Data: Mitigation: Clear CPU buffers
[    0.147318] Freeing SMP alternatives memory: 40K
[    0.259801] smpboot: CPU0: Intel(R) Xeon(R) Silver 4216 CPU @ 2.10GHz (family: 0x6, model: 0x55, stepping: 0x7)
[    0.259947] Performance Events: unsupported p6 CPU model 85 no PMU driver, software events only.
[    0.259985] rcu: Hierarchical SRCU implementation.
[    0.260466] NMI watchdog: Perf NMI watchdog permanently disabled
[    0.260505] smp: Bringing up secondary CPUs ...
[    0.260506] smp: Brought up 1 node, 1 CPU
[    0.260507] smpboot: Max logical packages: 1
[    0.260508] smpboot: Total of 1 processors activated (4200.00 BogoMIPS)
[    0.261466] devtmpfs: initialized
[    0.261515] x86/mm: Memory block size: 128MB
[    0.261862] clocksource: jiffies: mask: 0xffffffff max_cycles: 0xffffffff, max_idle_ns: 7645041785100000 ns
[    0.261868] futex hash table entries: 256 (order: 2, 16384 bytes, linear)
[    0.261928] pinctrl core: initialized pinctrl subsystem
[    0.262029] PM: RTC time: 11:25:32, date: 2026-01-11
[    0.262139] NET: Registered protocol family 16
[    0.262213] audit: initializing netlink subsys (disabled)
[    0.262253] EISA bus registered
[    0.262253] cpuidle: using governor ladder
[    0.262253] cpuidle: using governor menu
[    0.262253] ACPI: bus type PCI registered
[    0.262253] acpiphp: ACPI Hot Plug PCI Controller Driver version: 0.5
[    0.262253] PCI: Using configuration type 1 for base access
[    0.262608] audit: type=2000 audit(1768101938.881:1): state=initialized audit_enabled=0 res=1
[    0.262688] HugeTLB registered 2.00 MiB page size, pre-allocated 0 pages
[    0.263506] ACPI: Added _OSI(Module Device)
[    0.263506] ACPI: Added _OSI(Processor Device)
[    0.263507] ACPI: Added _OSI(3.0 _SCP Extensions)
[    0.263508] ACPI: Added _OSI(Processor Aggregator Device)
[    0.263509] ACPI: Added _OSI(Linux-Dell-Video)
[    0.263510] ACPI: Added _OSI(Linux-Lenovo-NV-HDMI-Audio)
[    0.263510] ACPI: Added _OSI(Linux-HPI-Hybrid-Graphics)
[    0.265474] ACPI: 2 ACPI AML tables successfully acquired and loaded
[    0.266992] ACPI: Interpreter enabled
[    0.267002] ACPI: (supports S0 S5)
[    0.267003] ACPI: Using IOAPIC for interrupt routing
[    0.267208] PCI: Using host bridge windows from ACPI; if necessary, use "pci=nocrs" and report a bug
[    0.267313] ACPI: Enabled 2 GPEs in block 00 to 07
[    0.272135] ACPI: PCI Root Bridge [PCI0] (domain 0000 [bus 00-ff])
[    0.272140] acpi PNP0A03:00: _OSC: OS supports [ASPM ClockPM Segments MSI HPX-Type3]
[    0.272599] acpi PNP0A03:00: _OSC: not requesting OS control; OS requires [ExtendedConfig ASPM ClockPM MSI]
[    0.272607] acpi PNP0A03:00: fail to add MMCONFIG information, can't access extended PCI configuration space under this bridge.
[    0.272984] PCI host bridge to bus 0000:00
[    0.272986] pci_bus 0000:00: root bus resource [io  0x0000-0x0cf7 window]
[    0.272987] pci_bus 0000:00: root bus resource [io  0x0d00-0xffff window]
[    0.272988] pci_bus 0000:00: root bus resource [mem 0x000a0000-0x000bffff window]
[    0.272989] pci_bus 0000:00: root bus resource [mem 0x80000000-0xfdffffff window]
[    0.272991] pci_bus 0000:00: root bus resource [bus 00-ff]
[    0.273033] pci 0000:00:00.0: [8086:1237] type 00 class 0x060000
[    0.273966] pci 0000:00:01.0: [8086:7000] type 00 class 0x060100
[    0.274908] pci 0000:00:01.1: [8086:7111] type 00 class 0x01018a
[    0.275276] pci 0000:00:01.1: reg 0x20: [io  0xd000-0xd00f]
[    0.275428] pci 0000:00:01.1: legacy IDE quirk: reg 0x10: [io  0x01f0-0x01f7]
[    0.275429] pci 0000:00:01.1: legacy IDE quirk: reg 0x14: [io  0x03f6]
[    0.275430] pci 0000:00:01.1: legacy IDE quirk: reg 0x18: [io  0x0170-0x0177]
[    0.275431] pci 0000:00:01.1: legacy IDE quirk: reg 0x1c: [io  0x0376]
[    0.275966] pci 0000:00:02.0: [15ad:0405] type 00 class 0x030000
[    0.278333] pci 0000:00:02.0: reg 0x10: [io  0xd010-0xd01f]
[    0.282300] pci 0000:00:02.0: reg 0x14: [mem 0xe0000000-0xe7ffffff pref]
[    0.284990] pci 0000:00:02.0: reg 0x18: [mem 0xf0000000-0xf01fffff]
[    0.295069] pci 0000:00:03.0: [1022:2000] type 00 class 0x020000
[    0.295781] pci 0000:00:03.0: reg 0x10: [io  0xd020-0xd03f]
[    0.296421] pci 0000:00:03.0: reg 0x14: [mem 0xf0200000-0xf0200fff]
[    0.300806] pci 0000:00:04.0: [80ee:cafe] type 00 class 0x088000
[    0.301480] pci 0000:00:04.0: reg 0x10: [io  0xd040-0xd05f]
[    0.302090] pci 0000:00:04.0: reg 0x14: [mem 0xf0400000-0xf07fffff]
[    0.302368] pci 0000:00:04.0: reg 0x18: [mem 0xf0800000-0xf0803fff pref]
[    0.305903] pci 0000:00:07.0: [8086:7113] type 00 class 0x068000
[    0.306631] pci 0000:00:07.0: quirk: [io  0x4000-0x403f] claimed by PIIX4 ACPI
[    0.306641] pci 0000:00:07.0: quirk: [io  0x4100-0x410f] claimed by PIIX4 SMB
[    0.307250] pci 0000:00:08.0: [8086:100e] type 00 class 0x020000
[    0.307974] pci 0000:00:08.0: reg 0x10: [mem 0xf0820000-0xf083ffff]
[    0.309145] pci 0000:00:08.0: reg 0x18: [io  0xd060-0xd067]
[    0.312373] pci 0000:00:09.0: [8086:100e] type 00 class 0x020000
[    0.313082] pci 0000:00:09.0: reg 0x10: [mem 0xf0840000-0xf085ffff]
[    0.314367] pci 0000:00:09.0: reg 0x18: [io  0xd068-0xd06f]
[    0.323362] ACPI: PCI Interrupt Link [LNKA] (IRQs 5 9 10 *11)
[    0.323644] ACPI: PCI Interrupt Link [LNKB] (IRQs 5 9 *10 11)
[    0.323748] ACPI: PCI Interrupt Link [LNKC] (IRQs 5 *9 10 11)
[    0.323849] ACPI: PCI Interrupt Link [LNKD] (IRQs 5 9 10 *11)
[    0.326341] iommu: Default domain type: Translated 
[    0.326399] pci 0000:00:02.0: vgaarb: setting as boot VGA device
[    0.326401] pci 0000:00:02.0: vgaarb: VGA device added: decodes=io+mem,owns=io+mem,locks=none
[    0.326403] pci 0000:00:02.0: vgaarb: bridge control possible
[    0.326403] vgaarb: loaded
[    0.326621] SCSI subsystem initialized
[    0.326653] libata version 3.00 loaded.
[    0.326678] ACPI: bus type USB registered
[    0.326692] usbcore: registered new interface driver usbfs
[    0.326699] usbcore: registered new interface driver hub
[    0.326705] usbcore: registered new device driver usb
[    0.326732] pps_core: LinuxPPS API ver. 1 registered
[    0.326733] pps_core: Software ver. 5.3.6 - Copyright 2005-2007 Rodolfo Giometti <giometti@linux.it>
[    0.326736] PTP clock support registered
[    0.326770] EDAC MC: Ver: 3.0.0
[    0.327056] PCI: Using ACPI for IRQ routing
[    0.327057] PCI: pci_cache_line_size set to 64 bytes
[    0.327225] e820: reserve RAM buffer [mem 0x0009fc00-0x0009ffff]
[    0.327229] e820: reserve RAM buffer [mem 0x7fff0000-0x7fffffff]
[    0.328029] NetLabel: Initializing
[    0.328030] NetLabel:  domain hash size = 128
[    0.328030] NetLabel:  protocols = UNLABELED CIPSOv4 CALIPSO
[    0.328050] NetLabel:  unlabeled traffic allowed by default
[    0.328982] clocksource: Switched to clocksource kvm-clock
[    0.340658] *** VALIDATE bpf ***
[    0.340720] VFS: Disk quotas dquot_6.6.0
[    0.340733] VFS: Dquot-cache hash table entries: 512 (order 0, 4096 bytes)
[    0.340755] *** VALIDATE ramfs ***
[    0.340758] *** VALIDATE hugetlbfs ***
[    0.340842] AppArmor: AppArmor Filesystem Enabled
[    0.340871] pnp: PnP ACPI init
[    0.340943] pnp 00:00: Plug and Play ACPI device, IDs PNP0303 (active)
[    0.341026] pnp 00:01: Plug and Play ACPI device, IDs PNP0f03 (active)
[    0.341778] pnp: PnP ACPI: found 2 devices
[    0.342782] thermal_sys: Registered thermal governor 'fair_share'
[    0.342783] thermal_sys: Registered thermal governor 'bang_bang'
[    0.342783] thermal_sys: Registered thermal governor 'step_wise'
[    0.342784] thermal_sys: Registered thermal governor 'user_space'
[    0.342784] thermal_sys: Registered thermal governor 'power_allocator'
[    0.347331] clocksource: acpi_pm: mask: 0xffffff max_cycles: 0xffffff, max_idle_ns: 2085701024 ns
[    0.347371] pci_bus 0000:00: resource 4 [io  0x0000-0x0cf7 window]
[    0.347373] pci_bus 0000:00: resource 5 [io  0x0d00-0xffff window]
[    0.347374] pci_bus 0000:00: resource 6 [mem 0x000a0000-0x000bffff window]
[    0.347375] pci_bus 0000:00: resource 7 [mem 0x80000000-0xfdffffff window]
[    0.347434] NET: Registered protocol family 2
[    0.347508] IP idents hash table entries: 32768 (order: 6, 262144 bytes, linear)
[    0.347914] MPTCP tokens hash table entries: 8192 (order: 4, 65536 bytes, linear)
[    0.347937] MPTCP request tokens hash table entries: 8192 (order: 4, 65536 bytes, linear)
[    0.347962] default registered
[    0.347963] default registered
[    0.347963] MPTCP: Stable release v0.96
[    0.347969] tcp_listen_portaddr_hash hash table entries: 1024 (order: 2, 16384 bytes, linear)
[    0.348050] TCP established hash table entries: 16384 (order: 5, 131072 bytes, linear)
[    0.348114] TCP bind hash table entries: 16384 (order: 6, 262144 bytes, linear)
[    0.348139] TCP: Hash tables configured (established 16384 bind 16384)
[    0.348849] UDP hash table entries: 1024 (order: 3, 32768 bytes, linear)
[    0.348861] UDP-Lite hash table entries: 1024 (order: 3, 32768 bytes, linear)
[    0.348898] NET: Registered protocol family 1
[    0.348906] NET: Registered protocol family 44
[    0.348930] pci 0000:00:00.0: Limiting direct PCI/PCI transfers
[    0.348943] pci 0000:00:01.0: Activating ISA DMA hang workarounds
[    0.348995] pci 0000:00:02.0: Video device with shadowed ROM at [mem 0x000c0000-0x000dffff]
[    0.349060] PCI: CLS 0 bytes, default 64
[    0.349111] Trying to unpack rootfs image as initramfs...
[    0.523157] Freeing initrd memory: 47868K
[    0.523157] clocksource: tsc: mask: 0xffffffffffffffff max_cycles: 0x1e4530a99b6, max_idle_ns: 440795257976 ns
[    0.523157] clocksource: Switched to clocksource tsc
[    0.523157] platform rtc_cmos: registered platform RTC device (no PNP device found)
[    0.523157] check: Scanning for low memory corruption every 60 seconds
[    0.523157] Initialise system trusted keyrings
[    0.523157] Key type blacklist registered
[    0.523157] workingset: timestamp_bits=36 max_order=19 bucket_order=0
[    0.523157] zbud: loaded
[    0.523157] squashfs: version 4.0 (2009/01/31) Phillip Lougher
[    0.523157] fuse: init (API version 7.31)
[    0.523157] *** VALIDATE fuse ***
[    0.523157] *** VALIDATE fuse ***
[    0.523157] Platform Keyring initialized
[    0.538046] Key type asymmetric registered
[    0.538047] Asymmetric key parser 'x509' registered
[    0.538056] Block layer SCSI generic (bsg) driver version 0.4 loaded (major 244)
[    0.538098] io scheduler mq-deadline registered
[    0.538216] shpchp: Standard Hot Plug PCI Controller Driver version: 0.4
[    0.538425] ACPI: AC Adapter [AC] (on-line)
[    0.538470] input: Power Button as /devices/LNXSYSTM:00/LNXPWRBN:00/input/input0
[    0.538497] ACPI: Power Button [PWRF]
[    0.538584] input: Sleep Button as /devices/LNXSYSTM:00/LNXSLPBN:00/input/input1
[    0.538598] ACPI: Sleep Button [SLPF]
[    0.538824] Serial: 8250/16550 driver, 32 ports, IRQ sharing enabled
[    0.539966] Linux agpgart interface v0.103
[    0.635140] loop: module loaded
[    0.635292] ata_piix 0000:00:01.1: version 2.13
[    0.635701] scsi host0: ata_piix
[    0.635790] scsi host1: ata_piix
[    0.635816] ata1: PATA max UDMA/33 cmd 0x1f0 ctl 0x3f6 bmdma 0xd000 irq 14
[    0.635817] ata2: PATA max UDMA/33 cmd 0x170 ctl 0x376 bmdma 0xd008 irq 15
[    0.635898] tun: Universal TUN/TAP device driver, 1.6
[    0.636200] PPP generic driver version 2.4.2
[    0.636246] VFIO - User Level meta-driver version: 0.3
[    0.636482] ehci_hcd: USB 2.0 'Enhanced' Host Controller (EHCI) Driver
[    0.636485] ehci-pci: EHCI PCI platform driver
[    0.636501] ehci-platform: EHCI generic platform driver
[    0.636507] ohci_hcd: USB 1.1 'Open' Host Controller (OHCI) Driver
[    0.636508] ohci-pci: OHCI PCI platform driver
[    0.636514] ohci-platform: OHCI generic platform driver
[    0.636519] uhci_hcd: USB Universal Host Controller Interface driver
[    0.636583] i8042: PNP: PS/2 Controller [PNP0303:PS2K,PNP0f03:PS2M] at 0x60,0x64 irq 1,12
[    0.637022] serio: i8042 KBD port at 0x60,0x64 irq 1
[    0.637026] serio: i8042 AUX port at 0x60,0x64 irq 12
[    0.637113] mousedev: PS/2 mouse device common for all mice
[    0.637370] input: AT Translated Set 2 keyboard as /devices/platform/i8042/serio0/input/input2
[    0.637772] rtc_cmos rtc_cmos: registered as rtc0
[    0.637784] rtc_cmos rtc_cmos: alarms up to one day, 114 bytes nvram
[    0.637790] i2c /dev entries driver
[    0.637834] device-mapper: uevent: version 1.0.3
[    0.637876] device-mapper: ioctl: 4.41.0-ioctl (2019-09-16) initialised: dm-devel@redhat.com
[    0.637896] platform eisa.0: Probing EISA bus 0
[    0.637897] platform eisa.0: EISA: Cannot allocate resource for mainboard
[    0.637898] platform eisa.0: Cannot allocate resource for EISA slot 1
[    0.637899] platform eisa.0: Cannot allocate resource for EISA slot 2
[    0.637900] platform eisa.0: Cannot allocate resource for EISA slot 3
[    0.637901] platform eisa.0: Cannot allocate resource for EISA slot 4
[    0.637902] platform eisa.0: Cannot allocate resource for EISA slot 5
[    0.637903] platform eisa.0: Cannot allocate resource for EISA slot 6
[    0.637904] platform eisa.0: Cannot allocate resource for EISA slot 7
[    0.637905] platform eisa.0: Cannot allocate resource for EISA slot 8
[    0.637906] platform eisa.0: EISA: Detected 0 cards
[    0.637908] intel_pstate: CPU model not supported
[    0.637919] ledtrig-cpu: registered to indicate activity on CPUs
[    0.637969] drop_monitor: Initializing network drop monitor service
[    0.638142] NET: Registered protocol family 10
[    0.643233] Segment Routing with IPv6
[    0.643264] fullmesh registered
[    0.643264] ndiffports registered
[    0.643266] binder registered
[    0.643267] roundrobin registered
[    0.643267] mps registered
[    0.643268] redundant registered
[    0.643269] blest registered
[    0.643269] ecf registered
[    0.643271] NET: Registered protocol family 17
[    0.643300] Key type dns_resolver registered
[    0.643300] RAS: Correctable Errors collector initialized.
[    0.643300] IPI shorthand broadcast: enabled
[    0.643300] sched_clock: Marking stable (628191785, 11108791)->(641516110, -2215534)
[    0.643477] registered taskstats version 1
[    0.643487] Loading compiled-in X.509 certificates
[    0.644069] Loaded X.509 cert 'Build time autogenerated kernel key: 6909f3744cebb3d0de528d5887b96a727de79b1e'
[    0.644088] zswap: loaded using pool lzo/zbud
[    0.644141] Key type ._fscrypt registered
[    0.644142] Key type .fscrypt registered
[    0.648555] Key type big_key registered
[    0.650737] Key type encrypted registered
[    0.650739] AppArmor: AppArmor sha1 policy hashing enabled
[    0.650747] ima: No TPM chip found, activating TPM-bypass!
[    0.650751] ima: Allocated hash algorithm: sha1
[    0.650757] ima: No architecture policies found
[    0.650766] evm: Initialising EVM extended attributes:
[    0.650766] evm: security.selinux
[    0.650767] evm: security.SMACK64
[    0.650767] evm: security.SMACK64EXEC
[    0.650768] evm: security.SMACK64TRANSMUTE
[    0.650768] evm: security.SMACK64MMAP
[    0.650769] evm: security.apparmor
[    0.650769] evm: security.ima
[    0.650770] evm: security.capability
[    0.650770] evm: HMAC attrs: 0x1
[    0.651064] PM:   Magic number: 10:335:428
[    0.651187] rtc_cmos rtc_cmos: setting system clock to 2026-01-11T11:25:33 UTC (1768130733)
[    0.808204] ata1.00: ATA-6: VBOX HARDDISK, 1.0, max UDMA/133
[    0.808208] ata1.00: 209715200 sectors, multi 128: LBA 
[    0.808887] scsi 0:0:0:0: Direct-Access     ATA      VBOX HARDDISK    1.0  PQ: 0 ANSI: 5
[    0.809183] sd 0:0:0:0: [sda] 209715200 512-byte logical blocks: (107 GB/100 GiB)
[    0.809196] sd 0:0:0:0: [sda] Write Protect is off
[    0.809199] sd 0:0:0:0: [sda] Mode Sense: 00 3a 00 00
[    0.809219] sd 0:0:0:0: [sda] Write cache: enabled, read cache: enabled, doesn't support DPO or FUA
[    0.809551] sd 0:0:0:0: Attached scsi generic sg0 type 0
[    0.810433]  sda: sda1 sda2
[    0.819442] sd 0:0:0:0: [sda] Attached SCSI disk
[    0.824666] Freeing unused decrypted memory: 2040K
[    0.825981] Freeing unused kernel image memory: 2728K
[    0.825985] Write protecting the kernel read-only data: 22528k
[    0.827483] Freeing unused kernel image memory: 2036K
[    0.828271] Freeing unused kernel image memory: 1428K
[    0.863928] x86/mm: Checked W+X mappings: passed, no W+X pages found.
[    0.863932] Run /init as init process
[    0.978699] ACPI: Video Device [GFX0] (multi-head: yes  rom: no  post: no)
[    0.978773] input: Video Bus as /devices/LNXSYSTM:00/LNXSYBUS:00/PNP0A03:00/LNXVIDEO:00/input/input4
[    0.992612] pcnet32: pcnet32.c:v1.35 21.Apr.2008 tsbogend@alpha.franken.de
[    0.994235] piix4_smbus 0000:00:07.0: SMBus Host Controller at 0x4100, revision 0
[    0.996717] e1000: Intel(R) PRO/1000 Network Driver - version 7.3.21-k8-NAPI
[    0.996718] e1000: Copyright (c) 1999-2006 Intel Corporation.
[    1.007895] pcnet32: PCnet/FAST III 79C973 at 0xd020, 08:00:27:43:00:38 assigned IRQ 19
[    1.007937] pcnet32: Found PHY 0022:561b at address 0
[    1.008236] pcnet32: eth0: registered as PCnet/FAST III 79C973
[    1.013951] pcnet32: 1 cards_found
[    1.068107] pcnet32 0000:00:03.0 enp0s3: renamed from eth0
[    1.215733] input: ImExPS/2 Generic Explorer Mouse as /devices/platform/i8042/serio1/input/input5
[    1.403371] e1000 0000:00:08.0 eth0: (PCI:33MHz:32-bit) 08:00:27:58:7a:2c
[    1.403376] e1000 0000:00:08.0 eth0: Intel(R) PRO/1000 Network Connection
[    1.775388] e1000 0000:00:09.0 eth1: (PCI:33MHz:32-bit) 08:00:27:22:91:00
[    1.775390] e1000 0000:00:09.0 eth1: Intel(R) PRO/1000 Network Connection
[    1.776591] e1000 0000:00:09.0 enp0s9: renamed from eth1
[    1.778457] e1000 0000:00:08.0 enp0s8: renamed from eth0
[    1.928914] EXT4-fs (sda2): mounted filesystem with ordered data mode. Opts: (null)
[    2.018480] systemd[1]: Inserted module 'autofs4'
[    2.030364] systemd[1]: systemd 245.4-4ubuntu3 running in system mode. (+PAM +AUDIT +SELINUX +IMA +APPARMOR +SMACK +SYSVINIT +UTMP +LIBCRYPTSETUP +GCRYPT +GNUTLS +ACL +XZ +LZ4 +SECCOMP +BLKID +ELFUTILS +KMOD +IDN2 -IDN +PCRE2 default-hierarchy=hybrid)
[    2.030392] systemd[1]: Detected virtualization oracle.
[    2.030395] systemd[1]: Detected architecture x86-64.
[    2.031751] systemd[1]: Set hostname to <ztg>.
[    2.156167] systemd[1]: /lib/systemd/system/dbus.socket:5: ListenStream= references a path below legacy directory /var/run/, updating /var/run/dbus/system_bus_socket â†’ /run/dbus/system_bus_socket; please update the unit file accordingly.
[    2.210927] systemd[1]: Created slice system-modprobe.slice.
[    2.211114] systemd[1]: Created slice User and Session Slice.
[    2.211222] systemd[1]: Started Forward Password Requests to Wall Directory Watch.
[    2.211389] systemd[1]: Set up automount Arbitrary Executable File Formats File System Automount Point.
[    2.211426] systemd[1]: Reached target User and Group Name Lookups.
[    2.211434] systemd[1]: Reached target Remote File Systems.
[    2.211442] systemd[1]: Reached target Slices.
[    2.212003] systemd[1]: Listening on Syslog Socket.
[    2.212070] systemd[1]: Listening on fsck to fsckd communication Socket.
[    2.212108] systemd[1]: Listening on initctl Compatibility Named Pipe.
[    2.212244] systemd[1]: Listening on Journal Audit Socket.
[    2.212296] systemd[1]: Listening on Journal Socket (/dev/log).
[    2.212363] systemd[1]: Listening on Journal Socket.
[    2.212427] systemd[1]: Listening on udev Control Socket.
[    2.212466] systemd[1]: Listening on udev Kernel Socket.
[    2.213204] systemd[1]: Mounting Huge Pages File System...
[    2.214120] systemd[1]: Mounting POSIX Message Queue File System...
[    2.214984] systemd[1]: Mounting Kernel Debug File System...
[    2.215875] systemd[1]: Mounting Kernel Trace File System...
[    2.217768] systemd[1]: Starting Journal Service...
[    2.242238] systemd[1]: Starting Set the console keyboard layout...
[    2.250492] systemd[1]: Starting Create list of static device nodes for the current kernel...
[    2.252113] systemd[1]: Starting Load Kernel Module drm...
[    2.253263] systemd[1]: Condition check resulted in Set Up Additional Binary Formats being skipped.
[    2.253306] systemd[1]: Condition check resulted in File System Check on Root Device being skipped.
[    2.264732] systemd[1]: Starting Load Kernel Modules...
[    2.270125] systemd[1]: Starting Remount Root and Kernel File Systems...
[    2.281109] systemd[1]: Starting udev Coldplug all Devices...
[    2.292753] systemd[1]: Starting Uncomplicated firewall...
[    2.294322] systemd[1]: Mounted Huge Pages File System.
[    2.294421] systemd[1]: Mounted POSIX Message Queue File System.
[    2.294499] systemd[1]: Mounted Kernel Debug File System.
[    2.294568] systemd[1]: Mounted Kernel Trace File System.
[    2.300329] EXT4-fs (sda2): re-mounted. Opts: errors=remount-ro
[    2.304703] systemd[1]: Finished Create list of static device nodes for the current kernel.
[    2.305638] systemd[1]: modprobe@drm.service: Succeeded.
[    2.309107] systemd[1]: Finished Load Kernel Module drm.
[    2.327186] systemd[1]: Finished Remount Root and Kernel File Systems.
[    2.342575] systemd[1]: Finished Uncomplicated firewall.
[    2.344152] lp: driver loaded but no devices found
[    2.350338] systemd[1]: Condition check resulted in Rebuild Hardware Database being skipped.
[    2.350378] systemd[1]: Condition check resulted in Platform Persistent Storage Archival being skipped.
[    2.351124] systemd[1]: Starting Load/Save Random Seed...
[    2.357380] systemd[1]: Starting Create System Users...
[    2.377491] ppdev: user-space parallel port driver
[    2.377890] systemd[1]: Finished Load/Save Random Seed.
[    2.385053] systemd[1]: Finished Create System Users.
[    2.385819] systemd[1]: Starting Create Static Device Nodes in /dev...
[    2.408882] systemd[1]: Finished Create Static Device Nodes in /dev.
[    2.409665] systemd[1]: Starting udev Kernel Device Manager...
[    2.458243] systemd[1]: Finished udev Coldplug all Devices.
[    2.461502] [drm] DMA map mode: Caching DMA mappings.
[    2.461564] [drm] Capabilities:
[    2.461564] [drm]   Rect copy.
[    2.461565] [drm]   Cursor.
[    2.461565] [drm]   Cursor bypass.
[    2.461565] [drm]   Cursor bypass 2.
[    2.461566] [drm]   Alpha cursor.
[    2.461566] [drm]   Extended Fifo.
[    2.461567] [drm]   Pitchlock.
[    2.461567] [drm]   Irq mask.
[    2.461567] [drm]   GMR.
[    2.461568] [drm]   Traces.
[    2.461568] [drm]   GMR2.
[    2.461568] [drm]   Screen Object 2.
[    2.461569] [drm]   Command Buffers.
[    2.461569] [drm]   Command Buffers 2.
[    2.461569] [drm]   Guest Backed Resources.
[    2.461570] [drm] Max GMR ids is 8192
[    2.461571] [drm] Max number of GMR pages is 1048576
[    2.461571] [drm] Max dedicated hypervisor surface memory is 393216 kiB
[    2.461572] [drm] Maximum display memory size is 131072 kiB
[    2.461573] [drm] VRAM at 0xe0000000 size is 131072 kiB
[    2.461573] [drm] MMIO at 0xf0000000 size is 2048 kiB
[    2.463560] [TTM] Zone  kernel: Available graphics memory: 1011736 KiB
[    2.463561] [TTM] Initializing pool allocator
[    2.463564] [TTM] Initializing DMA pool allocator
[    2.463596] [drm] Supports vblank timestamp caching Rev 2 (21.10.2013).
[    2.463596] [drm] No driver support for vblank timestamp query.
[    2.463842] [drm] Screen Target Display device initialized
[    2.464055] [drm] width 720
[    2.464066] [drm] height 400
[    2.464070] [drm] bpp 32
[    2.464596] [drm] Fifo max 0x00200000 min 0x00001000 cap 0x00000355
[    2.465637] [drm] Using command buffers with DMA pool.
[    2.465641] [drm] DX: no.
[    2.465641] [drm] Atomic: yes.
[    2.465641] [drm] SM4_1: no.
[    2.465660] [drm:vmw_host_log [vmwgfx]] *ERROR* Failed to send host log message.
[    2.466557] [drm:vmw_host_log [vmwgfx]] *ERROR* Failed to send host log message.
[    2.478095] fbcon: svgadrmfb (fb0) is primary device
[    2.485315] Console: switching to colour frame buffer device 100x37
[    2.491959] [drm] Initialized vmwgfx 2.15.0 20180704 for 0000:00:02.0 on minor 0
[    2.495851] systemd[1]: Finished Load Kernel Modules.
[    2.496753] systemd[1]: Mounting FUSE Control File System...
[    2.497905] systemd[1]: Mounting Kernel Configuration File System...
[    2.508079] systemd[1]: Starting Apply Kernel Variables...
[    2.536358] systemd[1]: Mounted FUSE Control File System.
[    2.536435] systemd[1]: Condition check resulted in VMware vmblock fuse mount being skipped.
[    2.539017] systemd[1]: Mounted Kernel Configuration File System.
[    2.545362] systemd[1]: Finished Set the console keyboard layout.
[    2.545452] systemd[1]: Reached target Local File Systems (Pre).
[    2.547747] systemd[1]: Mounting Mount unit for bare, revision 5...
[    2.556780] systemd[1]: Mounting Mount unit for core18, revision 1705...
[    2.558000] systemd[1]: Mounting Mount unit for core22, revision 2193...
[    2.562618] systemd[1]: Mounting Mount unit for gnome-3-34-1804, revision 24...
[    2.570658] systemd[1]: Mounting Mount unit for gnome-42-2204, revision 226...
[    2.590844] systemd[1]: Mounting Mount unit for gtk-common-themes, revision 1506...
[    2.601025] systemd[1]: Mounting Mount unit for gtk-common-themes, revision 1535...
[    2.606922] systemd[1]: Mounting Mount unit for snap-store, revision 1216...
[    2.625764] systemd[1]: Mounting Mount unit for snap-store, revision 433...
[    2.651565] systemd[1]: Mounting Mount unit for snapd, revision 25577...
[    2.655282] systemd[1]: Started udev Kernel Device Manager.
[    2.664302] systemd[1]: Finished Apply Kernel Variables.
[    2.664437] systemd[1]: Mounted Mount unit for bare, revision 5.
[    2.664527] systemd[1]: Mounted Mount unit for core18, revision 1705.
[    2.664603] systemd[1]: Mounted Mount unit for core22, revision 2193.
[    2.664676] systemd[1]: Mounted Mount unit for gnome-3-34-1804, revision 24.
[    2.664746] systemd[1]: Mounted Mount unit for gnome-42-2204, revision 226.
[    2.667031] systemd[1]: Starting Show Plymouth Boot Screen...
[    2.672143] systemd[1]: Received SIGRTMIN+20 from PID 283 (plymouthd).
[    2.691257] systemd[1]: Started Show Plymouth Boot Screen.
[    2.691419] systemd[1]: Condition check resulted in Dispatch Password Requests to Console Directory Watch being skipped.
[    2.691505] systemd[1]: Started Forward Password Requests to Plymouth Directory Watch.
[    2.691536] systemd[1]: Reached target Local Encrypted Volumes.
[    2.758451] systemd[1]: Mounted Mount unit for gtk-common-themes, revision 1506.
[    2.758632] systemd[1]: Mounted Mount unit for gtk-common-themes, revision 1535.
[    2.857494] systemd[1]: Mounted Mount unit for snap-store, revision 433.
[    2.892407] systemd[1]: Mounted Mount unit for snap-store, revision 1216.
[    2.892669] systemd[1]: Mounted Mount unit for snapd, revision 25577.
[    2.892824] systemd[1]: Reached target Local File Systems.
[    2.895206] systemd[1]: Starting Load AppArmor profiles...
[    2.896094] systemd[1]: Starting Set console font and keymap...
[    2.909719] systemd[1]: Starting Tell Plymouth To Write Out Runtime Data...
[    2.914179] systemd[1]: Condition check resulted in Store a System Token in an EFI Variable being skipped.
[    2.914210] systemd[1]: Condition check resulted in Commit a transient machine-id on disk being skipped.
[    2.915135] systemd[1]: Finished Set console font and keymap.
[    2.934934] systemd[1]: Received SIGRTMIN+20 from PID 283 (plymouthd).
[    2.936235] systemd[1]: plymouth-read-write.service: Succeeded.
[    2.936517] systemd[1]: Finished Tell Plymouth To Write Out Runtime Data.
[    2.957862] audit: type=1400 audit(1768130735.804:2): apparmor="STATUS" operation="profile_load" profile="unconfined" name="nvidia_modprobe" pid=305 comm="apparmor_parser"
[    2.957864] audit: type=1400 audit(1768130735.804:3): apparmor="STATUS" operation="profile_load" profile="unconfined" name="nvidia_modprobe//kmod" pid=305 comm="apparmor_parser"
[    2.964346] audit: type=1400 audit(1768130735.808:4): apparmor="STATUS" operation="profile_load" profile="unconfined" name="/usr/sbin/tcpdump" pid=306 comm="apparmor_parser"
[    2.998806] audit: type=1400 audit(1768130735.836:5): apparmor="STATUS" operation="profile_load" profile="unconfined" name="/usr/bin/evince" pid=308 comm="apparmor_parser"
[    2.998808] audit: type=1400 audit(1768130735.836:6): apparmor="STATUS" operation="profile_load" profile="unconfined" name="/usr/bin/evince//sanitized_helper" pid=308 comm="apparmor_parser"
[    2.998810] audit: type=1400 audit(1768130735.836:7): apparmor="STATUS" operation="profile_load" profile="unconfined" name="/usr/bin/evince-previewer" pid=308 comm="apparmor_parser"
[    2.998811] audit: type=1400 audit(1768130735.836:8): apparmor="STATUS" operation="profile_load" profile="unconfined" name="/usr/bin/evince-previewer//sanitized_helper" pid=308 comm="apparmor_parser"
[    2.998813] audit: type=1400 audit(1768130735.836:9): apparmor="STATUS" operation="profile_load" profile="unconfined" name="/usr/bin/evince-thumbnailer" pid=308 comm="apparmor_parser"
[    3.029453] audit: type=1400 audit(1768130735.872:10): apparmor="STATUS" operation="profile_load" profile="unconfined" name="/usr/lib/cups/backend/cups-pdf" pid=309 comm="apparmor_parser"
[    3.107575] systemd[1]: Finished Load AppArmor profiles.
[    3.108510] systemd[1]: Starting Load AppArmor profiles managed internally by snapd...
[    3.233957] systemd[1]: Finished Load AppArmor profiles managed internally by snapd.
[    3.248101] systemd[1]: Started Journal Service.
[    3.255805] systemd-journald[229]: Received client request to flush runtime journal.
[    3.259218] systemd-journald[229]: File /var/log/journal/c455b248004a419c87ce85eea238d727/system.journal corrupted or uncleanly shut down, renaming and replacing.
[    4.601751] RAPL PMU: API unit is 2^-32 Joules, 0 fixed counters, 10737418240 ms ovfl timer
[    4.681041] cryptd: max_cpu_qlen set to 1000
[    4.734777] AVX2 version of gcm_enc/dec engaged.
[    4.734778] AES CTR mode by8 optimization enabled
[    6.699116] Adding 1998844k swap on /dev/sda1.  Priority:-2 extents:1 across:1998844k FS
[    7.331294] AAAAA: Error looking up destination IP: 369098976 - net/ipv4/ip_output.c: 285: dac_mps_nexthops
[    7.389462] AAAAA: Error looking up destination IP: 4211081440 - net/ipv4/ip_output.c: 285: dac_mps_nexthops
[    7.646836] AAAAA: Error looking up destination IP: 4211081440 - net/ipv4/ip_output.c: 285: dac_mps_nexthops
[    7.890649] AAAAA: Error looking up destination IP: 4211081440 - net/ipv4/ip_output.c: 285: dac_mps_nexthops
[    8.030111] AAAAA: Error looking up destination IP: 369098976 - net/ipv4/ip_output.c: 285: dac_mps_nexthops
[    8.103745] AAAAA: Error looking up destination IP: 4211081440 - net/ipv4/ip_output.c: 285: dac_mps_nexthops
[    8.471267] kauditd_printk_skb: 31 callbacks suppressed
[    8.471274] audit: type=1400 audit(1768130741.316:42): apparmor="DENIED" operation="capable" profile="/usr/sbin/cups-browsed" pid=573 comm="cups-browsed" capability=23  capname="sys_nice"
[    8.571650] AAAAA: Error looking up destination IP: 4211081440 - net/ipv4/ip_output.c: 285: dac_mps_nexthops
[    9.123421] AAAAA: Error looking up destination IP: 4211081440 - net/ipv4/ip_output.c: 285: dac_mps_nexthops
[    9.158345] pcnet32 0000:00:03.0 enp0s3: link up, 100Mbps, full-duplex
[    9.206332] e1000: enp0s8 NIC Link is Up 1000 Mbps Full Duplex, Flow Control: RX
[    9.206607] IPv6: ADDRCONF(NETDEV_CHANGE): enp0s8: link becomes ready
[    9.224832] e1000: enp0s9 NIC Link is Up 1000 Mbps Full Duplex, Flow Control: RX
[    9.225124] IPv6: ADDRCONF(NETDEV_CHANGE): enp0s9: link becomes ready
[    9.877457] device enp0s3 entered promiscuous mode
[    9.901715] audit: type=1400 audit(1768130742.732:43): apparmor="DENIED" operation="open" profile="/usr/sbin/tcpdump" name="/proc/sys/kernel/random/boot_id" pid=752 comm="tcpdump" requested_mask="r" denied_mask="r" fsuid=0 ouid=0
[    9.901887] audit: type=1400 audit(1768130742.732:44): apparmor="DENIED" operation="open" profile="/usr/sbin/tcpdump" name="/proc/sys/kernel/random/boot_id" pid=752 comm="tcpdump" requested_mask="r" denied_mask="r" fsuid=0 ouid=0
[    9.901928] audit: type=1400 audit(1768130742.732:45): apparmor="DENIED" operation="open" profile="/usr/sbin/tcpdump" name="/proc/sys/kernel/random/boot_id" pid=752 comm="tcpdump" requested_mask="r" denied_mask="r" fsuid=0 ouid=0
[    9.902421] audit: type=1400 audit(1768130742.732:46): apparmor="DENIED" operation="open" profile="/usr/sbin/tcpdump" name="/proc/sys/kernel/random/boot_id" pid=752 comm="tcpdump" requested_mask="r" denied_mask="r" fsuid=0 ouid=0
[    9.906943] audit: type=1400 audit(1768130742.752:47): apparmor="DENIED" operation="open" profile="/usr/sbin/tcpdump" name="/proc/sys/kernel/random/boot_id" pid=753 comm="tcpdump" requested_mask="r" denied_mask="r" fsuid=0 ouid=0
[    9.907101] audit: type=1400 audit(1768130742.752:48): apparmor="DENIED" operation="open" profile="/usr/sbin/tcpdump" name="/proc/sys/kernel/random/boot_id" pid=753 comm="tcpdump" requested_mask="r" denied_mask="r" fsuid=0 ouid=0
[    9.907171] audit: type=1400 audit(1768130742.752:49): apparmor="DENIED" operation="open" profile="/usr/sbin/tcpdump" name="/proc/sys/kernel/random/boot_id" pid=753 comm="tcpdump" requested_mask="r" denied_mask="r" fsuid=0 ouid=0
[    9.907590] audit: type=1400 audit(1768130742.752:50): apparmor="DENIED" operation="open" profile="/usr/sbin/tcpdump" name="/proc/sys/kernel/random/boot_id" pid=753 comm="tcpdump" requested_mask="r" denied_mask="r" fsuid=0 ouid=0
[   15.782289] rfkill: input handler disabled
[  217.564589] AAAAA-TCP_FORW: name:enp0s3: saddr:16783984: daddr:100932208
[  218.477037] AAAAA-TCP_FORW: name:enp0s3: saddr:16783984: daddr:100932208
[  218.660888] AAAAA-TCP_FORW: name:enp0s3: saddr:16783984: daddr:100932208
[  219.413490] AAAAA-TCP_FORW: name:enp0s3: saddr:16783984: daddr:100932208
[  219.622973] AAAAA-TCP_FORW: name:enp0s3: saddr:16783984: daddr:100932208
[  219.660337] AAAAA-TCP_FORW: name:enp0s3: saddr:16783984: daddr:100932208
[  219.808488] AAAAA-TCP_FORW: name:enp0s3: saddr:16783984: daddr:100932208
[  219.921713] AAAAA-TCP_FORW: name:enp0s3: saddr:16783984: daddr:100932208
[  220.034548] AAAAA-TCP_FORW: name:enp0s3: saddr:16783984: daddr:100932208
[  220.143487] AAAAA-TCP_FORW: name:enp0s3: saddr:16783984: daddr:100932208
[  220.291199] AAAAA-TCP_FORW: name:enp0s3: saddr:33561200: daddr:100932208
[  220.455232] AAAAA-TCP_FORW: name:enp0s3: saddr:16783984: daddr:100932208
[  220.768170] AAAAA-TCP_FORW: name:enp0s3: saddr:33561200: daddr:100932208
[  220.992018] AAAAA-TCP_FORW: name:enp0s3: saddr:16783984: daddr:100932208
[  221.116899] AAAAA-TCP_FORW: name:enp0s3: saddr:16783984: daddr:100932208
[  221.231895] AAAAA-TCP_FORW: name:enp0s3: saddr:16783984: daddr:100932208
[  221.341169] AAAAA-TCP_FORW: name:enp0s3: saddr:16783984: daddr:100932208
[  221.376104] AAAAA-TCP_FORW: name:enp0s3: saddr:16783984: daddr:100932208
[  221.435592] AAAAA-TCP_FORW: name:enp0s3: saddr:16783984: daddr:100932208
[  221.509250] AAAAA-TCP_FORW: name:enp0s3: saddr:16783984: daddr:100932208
[  221.575136] AAAAA-TCP_FORW: name:enp0s3: saddr:16783984: daddr:100932208
[  221.642326] AAAAA-TCP_FORW: name:enp0s3: saddr:16783984: daddr:100932208
[  221.688467] AAAAA-TCP_FORW: name:enp0s3: saddr:16783984: daddr:100932208
[  221.910187] AAAAA-TCP_FORW: name:enp0s3: saddr:33561200: daddr:100932208
[  222.000105] AAAAA-TCP_FORW: name:enp0s3: saddr:33561200: daddr:100932208
[  222.115453] AAAAA-TCP_FORW: name:enp0s3: saddr:33561200: daddr:100932208
[  222.469292] AAAAA-TCP_FORW: name:enp0s3: saddr:33561200: daddr:100932208
[  222.567211] AAAAA-TCP_FORW: name:enp0s3: saddr:33561200: daddr:100932208
[  222.671500] AAAAA-TCP_FORW: name:enp0s3: saddr:33561200: daddr:100932208
[  223.115195] AAAAA-TCP_FORW: name:enp0s3: saddr:33561200: daddr:100932208
[  223.334479] AAAAA-TCP_FORW: name:enp0s3: saddr:33561200: daddr:100932208
[  223.428620] AAAAA-TCP_FORW: name:enp0s3: saddr:33561200: daddr:100932208
[  223.635748] AAAAA-TCP_FORW: name:enp0s3: saddr:33561200: daddr:100932208
[  269.965578] AAAAA-TCP_FORW: name:enp0s3: saddr:16783984: daddr:100932208
[  270.215024] AAAAA-TCP_FORW: name:enp0s3: saddr:33561200: daddr:100932208
[  270.415120] AAAAA-TCP_FORW: name:enp0s3: saddr:33561200: daddr:100932208
[  270.742107] AAAAA-TCP_FORW: name:enp0s3: saddr:33561200: daddr:100932208
[  271.097752] AAAAA-TCP_FORW: name:enp0s3: saddr:16783984: daddr:100932208
[  271.353574] AAAAA-TCP_FORW: name:enp0s3: saddr:16783984: daddr:100932208
[  271.611182] AAAAA-TCP_FORW: name:enp0s3: saddr:16783984: daddr:100932208
[  271.872696] AAAAA-TCP_FORW: name:enp0s3: saddr:33561200: daddr:100932208
[  272.246339] AAAAA-TCP_FORW: name:enp0s3: saddr:33561200: daddr:100932208
[  272.881123] AAAAA-TCP_FORW: name:enp0s3: saddr:16783984: daddr:100932208
[  273.136142] AAAAA-TCP_FORW: name:enp0s3: saddr:16783984: daddr:100932208
[  273.610835] AAAAA-TCP_FORW: name:enp0s3: saddr:33561200: daddr:100932208
[  273.753760] AAAAA-TCP_FORW: name:enp0s3: saddr:33561200: daddr:100932208
[  274.005093] AAAAA-TCP_FORW: name:enp0s3: saddr:33561200: daddr:100932208
[  274.482209] AAAAA-TCP_FORW: name:enp0s3: saddr:33561200: daddr:100932208
[  274.910792] AAAAA-TCP_FORW: name:enp0s3: saddr:33561200: daddr:100932208
[  275.484955] AAAAA-TCP_FORW: name:enp0s3: saddr:33561200: daddr:100932208
[  275.834044] AAAAA-TCP_FORW: name:enp0s3: saddr:33561200: daddr:100932208
[  278.362900] AAAAA-TCP_FORW: name:enp0s3: saddr:33561200: daddr:100932208
[  278.524202] AAAAA-TCP_FORW: name:enp0s3: saddr:33561200: daddr:100932208
[  279.255361] AAAAA-TCP_FORW: name:enp0s3: saddr:16783984: daddr:100932208
[  279.479738] AAAAA-TCP_FORW: name:enp0s3: saddr:16783984: daddr:100932208
[  279.762306] AAAAA-TCP_FORW: name:enp0s3: saddr:16783984: daddr:100932208
[  279.920426] AAAAA-TCP_FORW: name:enp0s3: saddr:16783984: daddr:100932208
[  280.377310] AAAAA-TCP_FORW: name:enp0s3: saddr:16783984: daddr:100932208
[  280.782693] AAAAA-TCP_FORW: name:enp0s3: saddr:16783984: daddr:100932208
[  281.347240] AAAAA-TCP_FORW: name:enp0s3: saddr:16783984: daddr:100932208
[  281.352330] AAAAA-TCP_FORW: name:enp0s3: saddr:100932208: daddr:16783984
[  281.493098] AAAAA-TCP_FORW: name:enp0s3: saddr:100932208: daddr:16783984
[  281.722191] AAAAA-TCP_FORW: name:enp0s3: saddr:16783984: daddr:100932208
[  281.803630] AAAAA-TCP_FORW: name:enp0s3: saddr:100932208: daddr:16783984
[  282.087996] AAAAA-TCP_FORW: name:enp0s3: saddr:16783984: daddr:100932208
[  282.155485] AAAAA-TCP_FORW: name:enp0s3: saddr:100932208: daddr:16783984
[  282.208548] AAAAA-TCP_FORW: name:enp0s3: saddr:16783984: daddr:100932208
[  282.340563] AAAAA-TCP_FORW: name:enp0s3: saddr:100932208: daddr:16783984
[  282.479710] AAAAA-TCP_FORW: name:enp0s3: saddr:100932208: daddr:16783984
[  282.626907] AAAAA-TCP_FORW: name:enp0s3: saddr:16783984: daddr:100932208
[  282.671443] AAAAA-TCP_FORW: name:enp0s3: saddr:16783984: daddr:100932208
[  282.872585] AAAAA-TCP_FORW: name:enp0s3: saddr:100932208: daddr:16783984
[  503.406513] rfkill: input handler enabled
[  512.012149] rfkill: input handler disabled
[  718.051261] device enp0s3 left promiscuous mode
