[    0.000000] Linux version 5.4.243-dmptcp (root@ztg) (gcc version 12.2.0 (Debian 12.2.0-14+deb12u1)) #119 SMP Wed Dec 24 23:52:51 CST 2025
[    0.000000] Command line: BOOT_IMAGE=/boot/vmlinuz-5.4.243-dmptcp root=UUID=98415a12-53b7-4144-8265-0f7ece09e445 ro quiet splash
[    0.000000] KERNEL supported cpus:
[    0.000000]   Intel GenuineIntel
[    0.000000]   AMD AuthenticAMD
[    0.000000]   Hygon HygonGenuine
[    0.000000]   Centaur CentaurHauls
[    0.000000]   zhaoxin   Shanghai  
[    0.000000] x86/fpu: Supporting XSAVE feature 0x001: 'x87 floating point registers'
[    0.000000] x86/fpu: Supporting XSAVE feature 0x002: 'SSE registers'
[    0.000000] x86/fpu: Supporting XSAVE feature 0x004: 'AVX registers'
[    0.000000] x86/fpu: xstate_offset[2]:  576, xstate_sizes[2]:  256
[    0.000000] x86/fpu: Enabled xstate features 0x7, context size is 832 bytes, using 'standard' format.
[    0.000000] BIOS-provided physical RAM map:
[    0.000000] BIOS-e820: [mem 0x0000000000000000-0x000000000009fbff] usable
[    0.000000] BIOS-e820: [mem 0x000000000009fc00-0x000000000009ffff] reserved
[    0.000000] BIOS-e820: [mem 0x00000000000f0000-0x00000000000fffff] reserved
[    0.000000] BIOS-e820: [mem 0x0000000000100000-0x000000007ffeffff] usable
[    0.000000] BIOS-e820: [mem 0x000000007fff0000-0x000000007fffffff] ACPI data
[    0.000000] BIOS-e820: [mem 0x00000000fec00000-0x00000000fec00fff] reserved
[    0.000000] BIOS-e820: [mem 0x00000000fee00000-0x00000000fee00fff] reserved
[    0.000000] BIOS-e820: [mem 0x00000000fffc0000-0x00000000ffffffff] reserved
[    0.000000] NX (Execute Disable) protection: active
[    0.000000] SMBIOS 2.5 present.
[    0.000000] DMI: innotek GmbH VirtualBox/VirtualBox, BIOS VirtualBox 12/01/2006
[    0.000000] Hypervisor detected: KVM
[    0.000000] kvm-clock: Using msrs 4b564d01 and 4b564d00
[    0.000000] kvm-clock: cpu 0, msr 60c01001, primary cpu clock
[    0.000000] kvm-clock: using sched offset of 4550533403 cycles
[    0.000003] clocksource: kvm-clock: mask: 0xffffffffffffffff max_cycles: 0x1cd42e4dffb, max_idle_ns: 881590591483 ns
[    0.000005] tsc: Detected 2100.000 MHz processor
[    0.001872] e820: update [mem 0x00000000-0x00000fff] usable ==> reserved
[    0.001874] e820: remove [mem 0x000a0000-0x000fffff] usable
[    0.001878] last_pfn = 0x7fff0 max_arch_pfn = 0x400000000
[    0.001945] MTRR default type: uncachable
[    0.001946] MTRR fixed ranges enabled:
[    0.001947]   00000-9FFFF write-back
[    0.001948]   A0000-BFFFF uncachable
[    0.001948]   C0000-FFFFF write-protect
[    0.001949] MTRR variable ranges enabled:
[    0.001950]   0 base 000000000000 mask 3FFF80000000 write-back
[    0.001951]   1 disabled
[    0.001951]   2 disabled
[    0.001952]   3 disabled
[    0.001952]   4 disabled
[    0.001953]   5 disabled
[    0.001953]   6 disabled
[    0.001954]   7 disabled
[    0.001954]   8 disabled
[    0.001954]   9 disabled
[    0.001955]   10 disabled
[    0.001955]   11 disabled
[    0.001956]   12 disabled
[    0.001956]   13 disabled
[    0.001957]   14 disabled
[    0.001957]   15 disabled
[    0.001974] x86/PAT: Configuration [0-7]: WB  WC  UC- UC  WB  WP  UC- WT  
[    0.002105] found SMP MP-table at [mem 0x0009fff0-0x0009ffff]
[    0.093476] check: Scanning 1 areas for low memory corruption
[    0.093634] RAMDISK: [mem 0x32271000-0x3512ffff]
[    0.093642] ACPI: Early table checksum verification disabled
[    0.093647] ACPI: RSDP 0x00000000000E0000 000024 (v02 VBOX  )
[    0.093652] ACPI: XSDT 0x000000007FFF0030 00003C (v01 VBOX   VBOXXSDT 00000001 ASL  00000061)
[    0.093658] ACPI: FACP 0x000000007FFF00F0 0000F4 (v04 VBOX   VBOXFACP 00000001 ASL  00000061)
[    0.093664] ACPI: DSDT 0x000000007FFF02E0 002353 (v02 VBOX   VBOXBIOS 00000002 VBOX 00029BF3)
[    0.093668] ACPI: FACS 0x000000007FFF0200 000040
[    0.093671] ACPI: FACS 0x000000007FFF0200 000040
[    0.093675] ACPI: APIC 0x000000007FFF0240 000054 (v02 VBOX   VBOXAPIC 00000001 ASL  00000061)
[    0.093678] ACPI: SSDT 0x000000007FFF02A0 000038 (v01 VBOX   VBOXCPUT 00000002 VBOX 00029BF3)
[    0.093682] ACPI: Reserving FACP table memory at [mem 0x7fff00f0-0x7fff01e3]
[    0.093682] ACPI: Reserving DSDT table memory at [mem 0x7fff02e0-0x7fff2632]
[    0.093683] ACPI: Reserving FACS table memory at [mem 0x7fff0200-0x7fff023f]
[    0.093684] ACPI: Reserving FACS table memory at [mem 0x7fff0200-0x7fff023f]
[    0.093684] ACPI: Reserving APIC table memory at [mem 0x7fff0240-0x7fff0293]
[    0.093685] ACPI: Reserving SSDT table memory at [mem 0x7fff02a0-0x7fff02d7]
[    0.093699] ACPI: Local APIC address 0xfee00000
[    0.093884] No NUMA configuration found
[    0.093885] Faking a node at [mem 0x0000000000000000-0x000000007ffeffff]
[    0.093895] NODE_DATA(0) allocated [mem 0x7ffc5000-0x7ffeffff]
[    0.094812] Zone ranges:
[    0.094813]   DMA      [mem 0x0000000000001000-0x0000000000ffffff]
[    0.094815]   DMA32    [mem 0x0000000001000000-0x000000007ffeffff]
[    0.094816]   Normal   empty
[    0.094816]   Device   empty
[    0.094817] Movable zone start for each node
[    0.094819] Early memory node ranges
[    0.094820]   node   0: [mem 0x0000000000001000-0x000000000009efff]
[    0.094821]   node   0: [mem 0x0000000000100000-0x000000007ffeffff]
[    0.095481] Zeroed struct page in unavailable ranges: 114 pages
[    0.095483] Initmem setup node 0 [mem 0x0000000000001000-0x000000007ffeffff]
[    0.095484] On node 0 totalpages: 524174
[    0.095486]   DMA zone: 64 pages used for memmap
[    0.095486]   DMA zone: 21 pages reserved
[    0.095487]   DMA zone: 3998 pages, LIFO batch:0
[    0.095560]   DMA32 zone: 8128 pages used for memmap
[    0.095560]   DMA32 zone: 520176 pages, LIFO batch:63
[    0.104508] ACPI: PM-Timer IO Port: 0x4008
[    0.104511] ACPI: Local APIC address 0xfee00000
[    0.104576] IOAPIC[0]: apic_id 1, version 32, address 0xfec00000, GSI 0-23
[    0.104579] ACPI: INT_SRC_OVR (bus 0 bus_irq 0 global_irq 2 dfl dfl)
[    0.104581] ACPI: INT_SRC_OVR (bus 0 bus_irq 9 global_irq 9 low level)
[    0.104583] ACPI: IRQ0 used by override.
[    0.104584] ACPI: IRQ9 used by override.
[    0.104586] Using ACPI (MADT) for SMP configuration information
[    0.104592] smpboot: Allowing 1 CPUs, 0 hotplug CPUs
[    0.104615] PM: Registered nosave memory: [mem 0x00000000-0x00000fff]
[    0.104616] PM: Registered nosave memory: [mem 0x0009f000-0x0009ffff]
[    0.104616] PM: Registered nosave memory: [mem 0x000a0000-0x000effff]
[    0.104617] PM: Registered nosave memory: [mem 0x000f0000-0x000fffff]
[    0.104619] [mem 0x80000000-0xfebfffff] available for PCI devices
[    0.104620] Booting paravirtualized kernel on KVM
[    0.104623] clocksource: refined-jiffies: mask: 0xffffffff max_cycles: 0xffffffff, max_idle_ns: 7645519600211568 ns
[    0.104627] setup_percpu: NR_CPUS:8192 nr_cpumask_bits:1 nr_cpu_ids:1 nr_node_ids:1
[    0.105463] percpu: Embedded 60 pages/cpu s208896 r8192 d28672 u2097152
[    0.105468] pcpu-alloc: s208896 r8192 d28672 u2097152 alloc=1*2097152
[    0.105468] pcpu-alloc: [0] 0 
[    0.105494] Built 1 zonelists, mobility grouping on.  Total pages: 515961
[    0.105495] Policy zone: DMA32
[    0.105496] Kernel command line: BOOT_IMAGE=/boot/vmlinuz-5.4.243-dmptcp root=UUID=98415a12-53b7-4144-8265-0f7ece09e445 ro quiet splash
[    0.106319] Dentry cache hash table entries: 262144 (order: 9, 2097152 bytes, linear)
[    0.106465] Inode-cache hash table entries: 131072 (order: 8, 1048576 bytes, linear)
[    0.106515] mem auto-init: stack:off, heap alloc:on, heap free:off
[    0.106518] Calgary: detecting Calgary via BIOS EBDA area
[    0.106519] Calgary: Unable to locate Rio Grande table in EBDA - bailing!
[    0.110476] Memory: 1967332K/2096696K available (14339K kernel code, 2399K rwdata, 4716K rodata, 2728K init, 17260K bss, 129364K reserved, 0K cma-reserved)
[    0.111397] SLUB: HWalign=64, Order=0-3, MinObjects=0, CPUs=1, Nodes=1
[    0.111414] ftrace: allocating 43203 entries in 169 pages
[    0.129385] rcu: Hierarchical RCU implementation.
[    0.129387] rcu: 	RCU restricting CPUs from NR_CPUS=8192 to nr_cpu_ids=1.
[    0.129389] 	Tasks RCU enabled.
[    0.129390] rcu: RCU calculated value of scheduler-enlistment delay is 25 jiffies.
[    0.129390] rcu: Adjusting geometry for rcu_fanout_leaf=16, nr_cpu_ids=1
[    0.132380] NR_IRQS: 524544, nr_irqs: 256, preallocated irqs: 16
[    0.132640] random: crng init done
[    0.175305] Console: colour VGA+ 80x25
[    0.175309] printk: console [tty0] enabled
[    0.175331] ACPI: Core revision 20190816
[    0.175428] APIC: Switch to symmetric I/O mode setup
[    0.175674] x2apic enabled
[    0.175910] Switched APIC routing to physical x2apic.
[    0.177037] ..TIMER: vector=0x30 apic1=0 pin1=2 apic2=-1 pin2=-1
[    0.177064] clocksource: tsc-early: mask: 0xffffffffffffffff max_cycles: 0x1e4530a99b6, max_idle_ns: 440795257976 ns
[    0.177069] Calibrating delay loop (skipped) preset value.. 4200.00 BogoMIPS (lpj=8400000)
[    0.177071] pid_max: default: 32768 minimum: 301
[    0.177099] LSM: Security Framework initializing
[    0.177109] Yama: becoming mindful.
[    0.177134] AppArmor: AppArmor initialized
[    0.177168] Mount-cache hash table entries: 4096 (order: 3, 32768 bytes, linear)
[    0.177173] Mountpoint-cache hash table entries: 4096 (order: 3, 32768 bytes, linear)
[    0.177183] *** VALIDATE tmpfs ***
[    0.177311] *** VALIDATE proc ***
[    0.177353] *** VALIDATE cgroup1 ***
[    0.177354] *** VALIDATE cgroup2 ***
[    0.177494] process: using mwait in idle threads
[    0.177499] Last level iTLB entries: 4KB 64, 2MB 8, 4MB 8
[    0.177500] Last level dTLB entries: 4KB 64, 2MB 0, 4MB 0, 1GB 4
[    0.177520] Spectre V1 : Mitigation: usercopy/swapgs barriers and __user pointer sanitization
[    0.177525] Spectre V2 : Mitigation: Retpolines
[    0.177525] Spectre V2 : Spectre v2 / SpectreRSB mitigation: Filling RSB on context switch
[    0.177526] Spectre V2 : Spectre v2 / SpectreRSB : Filling RSB on VMEXIT
[    0.177526] RETBleed: WARNING: Spectre v2 mitigation leaves CPU vulnerable to RETBleed attacks, data leaks possible!
[    0.177881] RETBleed: Vulnerable
[    0.177882] Speculative Store Bypass: Vulnerable
[    0.177886] TAA: Mitigation: TSX disabled
[    0.177887] MMIO Stale Data: Mitigation: Clear CPU buffers
[    0.182103] Freeing SMP alternatives memory: 40K
[    0.293896] smpboot: CPU0: Intel(R) Xeon(R) Silver 4216 CPU @ 2.10GHz (family: 0x6, model: 0x55, stepping: 0x7)
[    0.294017] Performance Events: unsupported p6 CPU model 85 no PMU driver, software events only.
[    0.294054] rcu: Hierarchical SRCU implementation.
[    0.294530] NMI watchdog: Perf NMI watchdog permanently disabled
[    0.294569] smp: Bringing up secondary CPUs ...
[    0.294570] smp: Brought up 1 node, 1 CPU
[    0.294571] smpboot: Max logical packages: 1
[    0.294572] smpboot: Total of 1 processors activated (4200.00 BogoMIPS)
[    0.295537] devtmpfs: initialized
[    0.295583] x86/mm: Memory block size: 128MB
[    0.295928] clocksource: jiffies: mask: 0xffffffff max_cycles: 0xffffffff, max_idle_ns: 7645041785100000 ns
[    0.295935] futex hash table entries: 256 (order: 2, 16384 bytes, linear)
[    0.295978] pinctrl core: initialized pinctrl subsystem
[    0.296078] PM: RTC time: 09:21:42, date: 2026-01-10
[    0.296196] NET: Registered protocol family 16
[    0.296270] audit: initializing netlink subsys (disabled)
[    0.296396] EISA bus registered
[    0.296398] cpuidle: using governor ladder
[    0.296399] cpuidle: using governor menu
[    0.296435] ACPI: bus type PCI registered
[    0.296437] acpiphp: ACPI Hot Plug PCI Controller Driver version: 0.5
[    0.296538] PCI: Using configuration type 1 for base access
[    0.297367] audit: type=2000 audit(1768008108.995:1): state=initialized audit_enabled=0 res=1
[    0.297447] HugeTLB registered 2.00 MiB page size, pre-allocated 0 pages
[    0.298263] ACPI: Added _OSI(Module Device)
[    0.298264] ACPI: Added _OSI(Processor Device)
[    0.298265] ACPI: Added _OSI(3.0 _SCP Extensions)
[    0.298266] ACPI: Added _OSI(Processor Aggregator Device)
[    0.298266] ACPI: Added _OSI(Linux-Dell-Video)
[    0.298267] ACPI: Added _OSI(Linux-Lenovo-NV-HDMI-Audio)
[    0.298268] ACPI: Added _OSI(Linux-HPI-Hybrid-Graphics)
[    0.300228] ACPI: 2 ACPI AML tables successfully acquired and loaded
[    0.301732] ACPI: Interpreter enabled
[    0.301741] ACPI: (supports S0 S5)
[    0.301742] ACPI: Using IOAPIC for interrupt routing
[    0.301947] PCI: Using host bridge windows from ACPI; if necessary, use "pci=nocrs" and report a bug
[    0.302051] ACPI: Enabled 2 GPEs in block 00 to 07
[    0.306958] ACPI: PCI Root Bridge [PCI0] (domain 0000 [bus 00-ff])
[    0.306963] acpi PNP0A03:00: _OSC: OS supports [ASPM ClockPM Segments MSI HPX-Type3]
[    0.307417] acpi PNP0A03:00: _OSC: not requesting OS control; OS requires [ExtendedConfig ASPM ClockPM MSI]
[    0.307425] acpi PNP0A03:00: fail to add MMCONFIG information, can't access extended PCI configuration space under this bridge.
[    0.307799] PCI host bridge to bus 0000:00
[    0.307801] pci_bus 0000:00: root bus resource [io  0x0000-0x0cf7 window]
[    0.307802] pci_bus 0000:00: root bus resource [io  0x0d00-0xffff window]
[    0.307804] pci_bus 0000:00: root bus resource [mem 0x000a0000-0x000bffff window]
[    0.307805] pci_bus 0000:00: root bus resource [mem 0x80000000-0xfdffffff window]
[    0.307806] pci_bus 0000:00: root bus resource [bus 00-ff]
[    0.307848] pci 0000:00:00.0: [8086:1237] type 00 class 0x060000
[    0.308785] pci 0000:00:01.0: [8086:7000] type 00 class 0x060100
[    0.309584] pci 0000:00:01.1: [8086:7111] type 00 class 0x01018a
[    0.309958] pci 0000:00:01.1: reg 0x20: [io  0xd000-0xd00f]
[    0.310111] pci 0000:00:01.1: legacy IDE quirk: reg 0x10: [io  0x01f0-0x01f7]
[    0.310112] pci 0000:00:01.1: legacy IDE quirk: reg 0x14: [io  0x03f6]
[    0.310113] pci 0000:00:01.1: legacy IDE quirk: reg 0x18: [io  0x0170-0x0177]
[    0.310113] pci 0000:00:01.1: legacy IDE quirk: reg 0x1c: [io  0x0376]
[    0.310647] pci 0000:00:02.0: [15ad:0405] type 00 class 0x030000
[    0.313143] pci 0000:00:02.0: reg 0x10: [io  0xd010-0xd01f]
[    0.317113] pci 0000:00:02.0: reg 0x14: [mem 0xe0000000-0xe7ffffff pref]
[    0.319736] pci 0000:00:02.0: reg 0x18: [mem 0xf0000000-0xf01fffff]
[    0.329853] pci 0000:00:03.0: [1022:2000] type 00 class 0x020000
[    0.330539] pci 0000:00:03.0: reg 0x10: [io  0xd020-0xd03f]
[    0.331168] pci 0000:00:03.0: reg 0x14: [mem 0xf0200000-0xf0200fff]
[    0.335578] pci 0000:00:04.0: [80ee:cafe] type 00 class 0x088000
[    0.336263] pci 0000:00:04.0: reg 0x10: [io  0xd040-0xd05f]
[    0.336877] pci 0000:00:04.0: reg 0x14: [mem 0xf0400000-0xf07fffff]
[    0.337181] pci 0000:00:04.0: reg 0x18: [mem 0xf0800000-0xf0803fff pref]
[    0.340715] pci 0000:00:07.0: [8086:7113] type 00 class 0x068000
[    0.341321] pci 0000:00:07.0: quirk: [io  0x4000-0x403f] claimed by PIIX4 ACPI
[    0.341330] pci 0000:00:07.0: quirk: [io  0x4100-0x410f] claimed by PIIX4 SMB
[    0.341915] pci 0000:00:08.0: [1022:2000] type 00 class 0x020000
[    0.342596] pci 0000:00:08.0: reg 0x10: [io  0xd060-0xd07f]
[    0.343208] pci 0000:00:08.0: reg 0x14: [mem 0xf0804000-0xf0804fff]
[    0.346464] pci 0000:00:09.0: [8086:100e] type 00 class 0x020000
[    0.347195] pci 0000:00:09.0: reg 0x10: [mem 0xf0820000-0xf083ffff]
[    0.349110] pci 0000:00:09.0: reg 0x18: [io  0xd080-0xd087]
[    0.358067] ACPI: PCI Interrupt Link [LNKA] (IRQs 5 9 10 *11)
[    0.358385] ACPI: PCI Interrupt Link [LNKB] (IRQs 5 9 *10 11)
[    0.358488] ACPI: PCI Interrupt Link [LNKC] (IRQs 5 *9 10 11)
[    0.358591] ACPI: PCI Interrupt Link [LNKD] (IRQs 5 9 10 *11)
[    0.358864] iommu: Default domain type: Translated 
[    0.358920] pci 0000:00:02.0: vgaarb: setting as boot VGA device
[    0.358922] pci 0000:00:02.0: vgaarb: VGA device added: decodes=io+mem,owns=io+mem,locks=none
[    0.358924] pci 0000:00:02.0: vgaarb: bridge control possible
[    0.358925] vgaarb: loaded
[    0.359134] SCSI subsystem initialized
[    0.359165] libata version 3.00 loaded.
[    0.359191] ACPI: bus type USB registered
[    0.359205] usbcore: registered new interface driver usbfs
[    0.359212] usbcore: registered new interface driver hub
[    0.359217] usbcore: registered new device driver usb
[    0.359242] pps_core: LinuxPPS API ver. 1 registered
[    0.359243] pps_core: Software ver. 5.3.6 - Copyright 2005-2007 Rodolfo Giometti <giometti@linux.it>
[    0.361071] PTP clock support registered
[    0.361112] EDAC MC: Ver: 3.0.0
[    0.361401] PCI: Using ACPI for IRQ routing
[    0.361402] PCI: pci_cache_line_size set to 64 bytes
[    0.361570] e820: reserve RAM buffer [mem 0x0009fc00-0x0009ffff]
[    0.361574] e820: reserve RAM buffer [mem 0x7fff0000-0x7fffffff]
[    0.362386] NetLabel: Initializing
[    0.362387] NetLabel:  domain hash size = 128
[    0.362387] NetLabel:  protocols = UNLABELED CIPSOv4 CALIPSO
[    0.362407] NetLabel:  unlabeled traffic allowed by default
[    0.363305] clocksource: Switched to clocksource kvm-clock
[    0.372506] *** VALIDATE bpf ***
[    0.372506] VFS: Disk quotas dquot_6.6.0
[    0.372506] VFS: Dquot-cache hash table entries: 512 (order 0, 4096 bytes)
[    0.372506] *** VALIDATE ramfs ***
[    0.372506] *** VALIDATE hugetlbfs ***
[    0.372506] AppArmor: AppArmor Filesystem Enabled
[    0.372506] pnp: PnP ACPI init
[    0.372506] pnp 00:00: Plug and Play ACPI device, IDs PNP0303 (active)
[    0.375813] pnp 00:01: Plug and Play ACPI device, IDs PNP0f03 (active)
[    0.376590] pnp: PnP ACPI: found 2 devices
[    0.377544] thermal_sys: Registered thermal governor 'fair_share'
[    0.377545] thermal_sys: Registered thermal governor 'bang_bang'
[    0.377546] thermal_sys: Registered thermal governor 'step_wise'
[    0.377546] thermal_sys: Registered thermal governor 'user_space'
[    0.377547] thermal_sys: Registered thermal governor 'power_allocator'
[    0.382058] clocksource: acpi_pm: mask: 0xffffff max_cycles: 0xffffff, max_idle_ns: 2085701024 ns
[    0.382098] pci_bus 0000:00: resource 4 [io  0x0000-0x0cf7 window]
[    0.382100] pci_bus 0000:00: resource 5 [io  0x0d00-0xffff window]
[    0.382101] pci_bus 0000:00: resource 6 [mem 0x000a0000-0x000bffff window]
[    0.382102] pci_bus 0000:00: resource 7 [mem 0x80000000-0xfdffffff window]
[    0.382159] NET: Registered protocol family 2
[    0.382232] IP idents hash table entries: 32768 (order: 6, 262144 bytes, linear)
[    0.382632] MPTCP tokens hash table entries: 8192 (order: 4, 65536 bytes, linear)
[    0.382655] MPTCP request tokens hash table entries: 8192 (order: 4, 65536 bytes, linear)
[    0.382679] default registered
[    0.382680] default registered
[    0.382680] MPTCP: Stable release v0.96
[    0.382685] tcp_listen_portaddr_hash hash table entries: 1024 (order: 2, 16384 bytes, linear)
[    0.382763] TCP established hash table entries: 16384 (order: 5, 131072 bytes, linear)
[    0.382827] TCP bind hash table entries: 16384 (order: 6, 262144 bytes, linear)
[    0.382853] TCP: Hash tables configured (established 16384 bind 16384)
[    0.383550] UDP hash table entries: 1024 (order: 3, 32768 bytes, linear)
[    0.383561] UDP-Lite hash table entries: 1024 (order: 3, 32768 bytes, linear)
[    0.383598] NET: Registered protocol family 1
[    0.383606] NET: Registered protocol family 44
[    0.383627] pci 0000:00:00.0: Limiting direct PCI/PCI transfers
[    0.383640] pci 0000:00:01.0: Activating ISA DMA hang workarounds
[    0.383695] pci 0000:00:02.0: Video device with shadowed ROM at [mem 0x000c0000-0x000dffff]
[    0.383759] PCI: CLS 0 bytes, default 64
[    0.383803] Trying to unpack rootfs image as initramfs...
[    0.553686] Freeing initrd memory: 47868K
[    0.553686] clocksource: tsc: mask: 0xffffffffffffffff max_cycles: 0x1e4530a99b6, max_idle_ns: 440795257976 ns
[    0.553686] clocksource: Switched to clocksource tsc
[    0.553686] platform rtc_cmos: registered platform RTC device (no PNP device found)
[    0.553686] check: Scanning for low memory corruption every 60 seconds
[    0.553686] Initialise system trusted keyrings
[    0.553686] Key type blacklist registered
[    0.553686] workingset: timestamp_bits=36 max_order=19 bucket_order=0
[    0.553686] zbud: loaded
[    0.553686] squashfs: version 4.0 (2009/01/31) Phillip Lougher
[    0.553686] fuse: init (API version 7.31)
[    0.553686] *** VALIDATE fuse ***
[    0.553686] *** VALIDATE fuse ***
[    0.553686] Platform Keyring initialized
[    0.565960] Key type asymmetric registered
[    0.565961] Asymmetric key parser 'x509' registered
[    0.565970] Block layer SCSI generic (bsg) driver version 0.4 loaded (major 244)
[    0.566010] io scheduler mq-deadline registered
[    0.566128] shpchp: Standard Hot Plug PCI Controller Driver version: 0.4
[    0.566332] ACPI: AC Adapter [AC] (on-line)
[    0.566375] input: Power Button as /devices/LNXSYSTM:00/LNXPWRBN:00/input/input0
[    0.566402] ACPI: Power Button [PWRF]
[    0.566486] input: Sleep Button as /devices/LNXSYSTM:00/LNXSLPBN:00/input/input1
[    0.566499] ACPI: Sleep Button [SLPF]
[    0.566711] Serial: 8250/16550 driver, 32 ports, IRQ sharing enabled
[    0.567898] Linux agpgart interface v0.103
[    0.672478] loop: module loaded
[    0.672631] ata_piix 0000:00:01.1: version 2.13
[    0.673043] scsi host0: ata_piix
[    0.673132] scsi host1: ata_piix
[    0.673158] ata1: PATA max UDMA/33 cmd 0x1f0 ctl 0x3f6 bmdma 0xd000 irq 14
[    0.673159] ata2: PATA max UDMA/33 cmd 0x170 ctl 0x376 bmdma 0xd008 irq 15
[    0.673242] tun: Universal TUN/TAP device driver, 1.6
[    0.673555] PPP generic driver version 2.4.2
[    0.673601] VFIO - User Level meta-driver version: 0.3
[    0.673855] ehci_hcd: USB 2.0 'Enhanced' Host Controller (EHCI) Driver
[    0.673858] ehci-pci: EHCI PCI platform driver
[    0.673873] ehci-platform: EHCI generic platform driver
[    0.673878] ohci_hcd: USB 1.1 'Open' Host Controller (OHCI) Driver
[    0.673880] ohci-pci: OHCI PCI platform driver
[    0.673886] ohci-platform: OHCI generic platform driver
[    0.673891] uhci_hcd: USB Universal Host Controller Interface driver
[    0.673955] i8042: PNP: PS/2 Controller [PNP0303:PS2K,PNP0f03:PS2M] at 0x60,0x64 irq 1,12
[    0.674393] serio: i8042 KBD port at 0x60,0x64 irq 1
[    0.674397] serio: i8042 AUX port at 0x60,0x64 irq 12
[    0.674483] mousedev: PS/2 mouse device common for all mice
[    0.674739] input: AT Translated Set 2 keyboard as /devices/platform/i8042/serio0/input/input2
[    0.675141] rtc_cmos rtc_cmos: registered as rtc0
[    0.675153] rtc_cmos rtc_cmos: alarms up to one day, 114 bytes nvram
[    0.675159] i2c /dev entries driver
[    0.675206] device-mapper: uevent: version 1.0.3
[    0.675248] device-mapper: ioctl: 4.41.0-ioctl (2019-09-16) initialised: dm-devel@redhat.com
[    0.675268] platform eisa.0: Probing EISA bus 0
[    0.675269] platform eisa.0: EISA: Cannot allocate resource for mainboard
[    0.675271] platform eisa.0: Cannot allocate resource for EISA slot 1
[    0.675272] platform eisa.0: Cannot allocate resource for EISA slot 2
[    0.675273] platform eisa.0: Cannot allocate resource for EISA slot 3
[    0.675273] platform eisa.0: Cannot allocate resource for EISA slot 4
[    0.675274] platform eisa.0: Cannot allocate resource for EISA slot 5
[    0.675275] platform eisa.0: Cannot allocate resource for EISA slot 6
[    0.675276] platform eisa.0: Cannot allocate resource for EISA slot 7
[    0.675277] platform eisa.0: Cannot allocate resource for EISA slot 8
[    0.675278] platform eisa.0: EISA: Detected 0 cards
[    0.675281] intel_pstate: CPU model not supported
[    0.675291] ledtrig-cpu: registered to indicate activity on CPUs
[    0.675342] drop_monitor: Initializing network drop monitor service
[    0.675500] NET: Registered protocol family 10
[    0.680597] Segment Routing with IPv6
[    0.680597] fullmesh registered
[    0.680597] ndiffports registered
[    0.680597] binder registered
[    0.680597] roundrobin registered
[    0.680597] mps registered
[    0.680597] redundant registered
[    0.680597] blest registered
[    0.680597] ecf registered
[    0.680597] NET: Registered protocol family 17
[    0.680597] Key type dns_resolver registered
[    0.680597] RAS: Correctable Errors collector initialized.
[    0.680597] IPI shorthand broadcast: enabled
[    0.680597] sched_clock: Marking stable (632161915, 44435262)->(678041986, -1444809)
[    0.680909] registered taskstats version 1
[    0.680919] Loading compiled-in X.509 certificates
[    0.681503] Loaded X.509 cert 'Build time autogenerated kernel key: 6909f3744cebb3d0de528d5887b96a727de79b1e'
[    0.681520] zswap: loaded using pool lzo/zbud
[    0.681575] Key type ._fscrypt registered
[    0.681575] Key type .fscrypt registered
[    0.686052] Key type big_key registered
[    0.688259] Key type encrypted registered
[    0.688262] AppArmor: AppArmor sha1 policy hashing enabled
[    0.688270] ima: No TPM chip found, activating TPM-bypass!
[    0.688274] ima: Allocated hash algorithm: sha1
[    0.688280] ima: No architecture policies found
[    0.688290] evm: Initialising EVM extended attributes:
[    0.688290] evm: security.selinux
[    0.688291] evm: security.SMACK64
[    0.688291] evm: security.SMACK64EXEC
[    0.688292] evm: security.SMACK64TRANSMUTE
[    0.688292] evm: security.SMACK64MMAP
[    0.688293] evm: security.apparmor
[    0.688293] evm: security.ima
[    0.688294] evm: security.capability
[    0.688294] evm: HMAC attrs: 0x1
[    0.688592] PM:   Magic number: 10:495:373
[    0.688618] vc vcsa1: hash matches
[    0.688735] rtc_cmos rtc_cmos: setting system clock to 2026-01-10T09:21:43 UTC (1768036903)
[    0.844867] ata1.00: ATA-6: VBOX HARDDISK, 1.0, max UDMA/133
[    0.844869] ata1.00: 209715200 sectors, multi 128: LBA 
[    0.845430] scsi 0:0:0:0: Direct-Access     ATA      VBOX HARDDISK    1.0  PQ: 0 ANSI: 5
[    0.845667] sd 0:0:0:0: [sda] 209715200 512-byte logical blocks: (107 GB/100 GiB)
[    0.845677] sd 0:0:0:0: [sda] Write Protect is off
[    0.845679] sd 0:0:0:0: [sda] Mode Sense: 00 3a 00 00
[    0.845694] sd 0:0:0:0: [sda] Write cache: enabled, read cache: enabled, doesn't support DPO or FUA
[    0.845971] sd 0:0:0:0: Attached scsi generic sg0 type 0
[    0.846663]  sda: sda1 sda2
[    0.856595] sd 0:0:0:0: [sda] Attached SCSI disk
[    0.859234] Freeing unused decrypted memory: 2040K
[    0.860075] Freeing unused kernel image memory: 2728K
[    0.860078] Write protecting the kernel read-only data: 22528k
[    0.860934] Freeing unused kernel image memory: 2036K
[    0.861415] Freeing unused kernel image memory: 1428K
[    0.881957] x86/mm: Checked W+X mappings: passed, no W+X pages found.
[    0.881960] Run /init as init process
[    1.047155] ACPI: Video Device [GFX0] (multi-head: yes  rom: no  post: no)
[    1.047224] input: Video Bus as /devices/LNXSYSTM:00/LNXSYBUS:00/PNP0A03:00/LNXVIDEO:00/input/input4
[    1.062856] piix4_smbus 0000:00:07.0: SMBus Host Controller at 0x4100, revision 0
[    1.064339] pcnet32: pcnet32.c:v1.35 21.Apr.2008 tsbogend@alpha.franken.de
[    1.068408] e1000: Intel(R) PRO/1000 Network Driver - version 7.3.21-k8-NAPI
[    1.068408] e1000: Copyright (c) 1999-2006 Intel Corporation.
[    1.084282] pcnet32: PCnet/FAST III 79C973 at 0xd020, 08:00:27:ce:bb:40 assigned IRQ 19
[    1.084325] pcnet32: Found PHY 0022:561b at address 0
[    1.084621] pcnet32: eth0: registered as PCnet/FAST III 79C973
[    1.087888] pcnet32: PCnet/FAST III 79C973 at 0xd060, 08:00:27:42:da:88 assigned IRQ 16
[    1.087930] pcnet32: Found PHY 0022:561b at address 0
[    1.088213] pcnet32: eth1: registered as PCnet/FAST III 79C973
[    1.094076] pcnet32: 2 cards_found
[    1.146885] pcnet32 0000:00:03.0 enp0s3: renamed from eth0
[    1.147605] pcnet32 0000:00:08.0 enp0s8: renamed from eth1
[    1.279696] input: ImExPS/2 Generic Explorer Mouse as /devices/platform/i8042/serio1/input/input5
[    1.582474] e1000 0000:00:09.0 eth0: (PCI:33MHz:32-bit) 08:00:27:92:38:bc
[    1.582479] e1000 0000:00:09.0 eth0: Intel(R) PRO/1000 Network Connection
[    1.584209] e1000 0000:00:09.0 enp0s9: renamed from eth0
[    1.767679] EXT4-fs (sda2): mounted filesystem with ordered data mode. Opts: (null)
[    1.884306] systemd[1]: Inserted module 'autofs4'
[    1.900468] systemd[1]: systemd 245.4-4ubuntu3 running in system mode. (+PAM +AUDIT +SELINUX +IMA +APPARMOR +SMACK +SYSVINIT +UTMP +LIBCRYPTSETUP +GCRYPT +GNUTLS +ACL +XZ +LZ4 +SECCOMP +BLKID +ELFUTILS +KMOD +IDN2 -IDN +PCRE2 default-hierarchy=hybrid)
[    1.900496] systemd[1]: Detected virtualization oracle.
[    1.900498] systemd[1]: Detected architecture x86-64.
[    1.902052] systemd[1]: Set hostname to <ztg>.
[    2.073500] systemd[1]: /lib/systemd/system/dbus.socket:5: ListenStream= references a path below legacy directory /var/run/, updating /var/run/dbus/system_bus_socket â†’ /run/dbus/system_bus_socket; please update the unit file accordingly.
[    2.143674] systemd[1]: Created slice system-modprobe.slice.
[    2.143857] systemd[1]: Created slice User and Session Slice.
[    2.143900] systemd[1]: Started Forward Password Requests to Wall Directory Watch.
[    2.144046] systemd[1]: Set up automount Arbitrary Executable File Formats File System Automount Point.
[    2.144078] systemd[1]: Reached target User and Group Name Lookups.
[    2.144087] systemd[1]: Reached target Remote File Systems.
[    2.144096] systemd[1]: Reached target Slices.
[    2.145028] systemd[1]: Listening on Syslog Socket.
[    2.145095] systemd[1]: Listening on fsck to fsckd communication Socket.
[    2.145130] systemd[1]: Listening on initctl Compatibility Named Pipe.
[    2.145277] systemd[1]: Listening on Journal Audit Socket.
[    2.145332] systemd[1]: Listening on Journal Socket (/dev/log).
[    2.145399] systemd[1]: Listening on Journal Socket.
[    2.145459] systemd[1]: Listening on udev Control Socket.
[    2.145498] systemd[1]: Listening on udev Kernel Socket.
[    2.146160] systemd[1]: Mounting Huge Pages File System...
[    2.147046] systemd[1]: Mounting POSIX Message Queue File System...
[    2.147844] systemd[1]: Mounting Kernel Debug File System...
[    2.148638] systemd[1]: Mounting Kernel Trace File System...
[    2.150475] systemd[1]: Starting Journal Service...
[    2.247127] systemd[1]: Starting Set the console keyboard layout...
[    2.255604] systemd[1]: Starting Create list of static device nodes for the current kernel...
[    2.257368] systemd[1]: Starting Load Kernel Module drm...
[    2.258351] systemd[1]: Condition check resulted in Set Up Additional Binary Formats being skipped.
[    2.258393] systemd[1]: Condition check resulted in File System Check on Root Device being skipped.
[    2.269121] systemd[1]: Starting Load Kernel Modules...
[    2.270057] systemd[1]: Starting Remount Root and Kernel File Systems...
[    2.285742] systemd[1]: Starting udev Coldplug all Devices...
[    2.294906] systemd[1]: Starting Uncomplicated firewall...
[    2.297946] systemd[1]: Mounted Huge Pages File System.
[    2.298029] systemd[1]: Mounted POSIX Message Queue File System.
[    2.298102] systemd[1]: Mounted Kernel Debug File System.
[    2.298166] systemd[1]: Mounted Kernel Trace File System.
[    2.300681] EXT4-fs (sda2): re-mounted. Opts: errors=remount-ro
[    2.321179] systemd[1]: Finished Create list of static device nodes for the current kernel.
[    2.322125] systemd[1]: modprobe@drm.service: Succeeded.
[    2.323790] systemd[1]: Finished Load Kernel Module drm.
[    2.329648] systemd[1]: Finished Remount Root and Kernel File Systems.
[    2.330950] systemd[1]: Finished Uncomplicated firewall.
[    2.346334] systemd[1]: Condition check resulted in Rebuild Hardware Database being skipped.
[    2.346392] systemd[1]: Condition check resulted in Platform Persistent Storage Archival being skipped.
[    2.347034] systemd[1]: Starting Load/Save Random Seed...
[    2.348760] lp: driver loaded but no devices found
[    2.355180] systemd[1]: Starting Create System Users...
[    2.363226] systemd[1]: Finished Load/Save Random Seed.
[    2.365691] ppdev: user-space parallel port driver
[    2.371447] systemd[1]: Finished Create System Users.
[    2.372107] systemd[1]: Starting Create Static Device Nodes in /dev...
[    2.388716] systemd[1]: Finished Create Static Device Nodes in /dev.
[    2.389437] systemd[1]: Starting udev Kernel Device Manager...
[    2.418567] systemd[1]: Finished udev Coldplug all Devices.
[    2.432948] [drm] DMA map mode: Caching DMA mappings.
[    2.433041] [drm] Capabilities:
[    2.433041] [drm]   Rect copy.
[    2.433041] [drm]   Cursor.
[    2.433042] [drm]   Cursor bypass.
[    2.433042] [drm]   Cursor bypass 2.
[    2.433042] [drm]   Alpha cursor.
[    2.433043] [drm]   Extended Fifo.
[    2.433043] [drm]   Pitchlock.
[    2.433043] [drm]   Irq mask.
[    2.433044] [drm]   GMR.
[    2.433044] [drm]   Traces.
[    2.433044] [drm]   GMR2.
[    2.433045] [drm]   Screen Object 2.
[    2.433045] [drm]   Command Buffers.
[    2.433046] [drm]   Command Buffers 2.
[    2.433046] [drm]   Guest Backed Resources.
[    2.433047] [drm] Max GMR ids is 8192
[    2.433048] [drm] Max number of GMR pages is 1048576
[    2.433048] [drm] Max dedicated hypervisor surface memory is 393216 kiB
[    2.433049] [drm] Maximum display memory size is 131072 kiB
[    2.433050] [drm] VRAM at 0xe0000000 size is 131072 kiB
[    2.433050] [drm] MMIO at 0xf0000000 size is 2048 kiB
[    2.433961] [TTM] Zone  kernel: Available graphics memory: 1011736 KiB
[    2.433962] [TTM] Initializing pool allocator
[    2.433965] [TTM] Initializing DMA pool allocator
[    2.433992] [drm] Supports vblank timestamp caching Rev 2 (21.10.2013).
[    2.433992] [drm] No driver support for vblank timestamp query.
[    2.434199] [drm] Screen Target Display device initialized
[    2.434405] [drm] width 720
[    2.434414] [drm] height 400
[    2.434418] [drm] bpp 32
[    2.434912] [drm] Fifo max 0x00200000 min 0x00001000 cap 0x00000355
[    2.435971] [drm] Using command buffers with DMA pool.
[    2.435974] [drm] DX: no.
[    2.435975] [drm] Atomic: yes.
[    2.435975] [drm] SM4_1: no.
[    2.435993] [drm:vmw_host_log [vmwgfx]] *ERROR* Failed to send host log message.
[    2.444719] [drm:vmw_host_log [vmwgfx]] *ERROR* Failed to send host log message.
[    2.453645] fbcon: svgadrmfb (fb0) is primary device
[    2.460876] Console: switching to colour frame buffer device 100x37
[    2.465762] systemd[1]: Finished Set the console keyboard layout.
[    2.465891] systemd[1]: Reached target Local File Systems (Pre).
[    2.469014] systemd[1]: Mounting Mount unit for bare, revision 5...
[    2.469157] [drm] Initialized vmwgfx 2.15.0 20180704 for 0000:00:02.0 on minor 0
[    2.473904] systemd[1]: Mounting Mount unit for core18, revision 1705...
[    2.496649] systemd[1]: Mounting Mount unit for core22, revision 2193...
[    2.503793] systemd[1]: Mounting Mount unit for gnome-3-34-1804, revision 24...
[    2.514926] systemd[1]: Mounting Mount unit for gnome-42-2204, revision 226...
[    2.519622] systemd[1]: Mounting Mount unit for gtk-common-themes, revision 1506...
[    2.525553] systemd[1]: Mounting Mount unit for gtk-common-themes, revision 1535...
[    2.547887] systemd[1]: Mounting Mount unit for snap-store, revision 1216...
[    2.555811] systemd[1]: Mounting Mount unit for snap-store, revision 433...
[    2.568740] systemd[1]: Mounting Mount unit for snapd, revision 25577...
[    2.580470] systemd[1]: Finished Load Kernel Modules.
[    2.580639] systemd[1]: Mounted Mount unit for bare, revision 5.
[    2.580720] systemd[1]: Mounted Mount unit for core18, revision 1705.
[    2.602331] systemd[1]: Mounting FUSE Control File System...
[    2.610734] systemd[1]: Mounting Kernel Configuration File System...
[    2.625047] systemd[1]: Starting Apply Kernel Variables...
[    2.627526] systemd[1]: Started udev Kernel Device Manager.
[    2.643634] systemd[1]: Starting Show Plymouth Boot Screen...
[    2.646385] systemd[1]: Mounted FUSE Control File System.
[    2.646489] systemd[1]: Mounted Kernel Configuration File System.
[    2.646554] systemd[1]: Received SIGRTMIN+20 from PID 286 (plymouthd).
[    2.646584] systemd[1]: Condition check resulted in VMware vmblock fuse mount being skipped.
[    2.656338] systemd[1]: Finished Apply Kernel Variables.
[    2.656611] systemd[1]: Mounted Mount unit for core22, revision 2193.
[    2.668582] systemd[1]: Started Show Plymouth Boot Screen.
[    2.668756] systemd[1]: Condition check resulted in Dispatch Password Requests to Console Directory Watch being skipped.
[    2.668830] systemd[1]: Started Forward Password Requests to Plymouth Directory Watch.
[    2.668895] systemd[1]: Reached target Local Encrypted Volumes.
[    2.687645] systemd[1]: Mounted Mount unit for gnome-42-2204, revision 226.
[    2.707862] systemd[1]: Mounted Mount unit for gnome-3-34-1804, revision 24.
[    2.707997] systemd[1]: Mounted Mount unit for gtk-common-themes, revision 1535.
[    2.807008] systemd[1]: Mounted Mount unit for gtk-common-themes, revision 1506.
[    2.807275] systemd[1]: Mounted Mount unit for snapd, revision 25577.
[    2.854227] systemd[1]: Mounted Mount unit for snap-store, revision 1216.
[    3.019046] systemd[1]: Started Journal Service.
[    3.029421] systemd-journald[229]: Received client request to flush runtime journal.
[    3.034483] systemd-journald[229]: File /var/log/journal/c455b248004a419c87ce85eea238d727/system.journal corrupted or uncleanly shut down, renaming and replacing.
[    3.313656] audit: type=1400 audit(1768036906.120:2): apparmor="STATUS" operation="profile_load" profile="unconfined" name="nvidia_modprobe" pid=314 comm="apparmor_parser"
[    3.313658] audit: type=1400 audit(1768036906.120:3): apparmor="STATUS" operation="profile_load" profile="unconfined" name="nvidia_modprobe//kmod" pid=314 comm="apparmor_parser"
[    3.341229] audit: type=1400 audit(1768036906.148:4): apparmor="STATUS" operation="profile_load" profile="unconfined" name="/usr/sbin/tcpdump" pid=315 comm="apparmor_parser"
[    3.386758] audit: type=1400 audit(1768036906.184:5): apparmor="STATUS" operation="profile_load" profile="unconfined" name="/usr/bin/evince" pid=317 comm="apparmor_parser"
[    3.386761] audit: type=1400 audit(1768036906.184:6): apparmor="STATUS" operation="profile_load" profile="unconfined" name="/usr/bin/evince//sanitized_helper" pid=317 comm="apparmor_parser"
[    3.386764] audit: type=1400 audit(1768036906.184:7): apparmor="STATUS" operation="profile_load" profile="unconfined" name="/usr/bin/evince-previewer" pid=317 comm="apparmor_parser"
[    3.386766] audit: type=1400 audit(1768036906.184:8): apparmor="STATUS" operation="profile_load" profile="unconfined" name="/usr/bin/evince-previewer//sanitized_helper" pid=317 comm="apparmor_parser"
[    3.386767] audit: type=1400 audit(1768036906.184:9): apparmor="STATUS" operation="profile_load" profile="unconfined" name="/usr/bin/evince-thumbnailer" pid=317 comm="apparmor_parser"
[    3.433602] audit: type=1400 audit(1768036906.240:10): apparmor="STATUS" operation="profile_load" profile="unconfined" name="/usr/lib/cups/backend/cups-pdf" pid=318 comm="apparmor_parser"
[    4.508333] RAPL PMU: API unit is 2^-32 Joules, 0 fixed counters, 10737418240 ms ovfl timer
[    4.606774] cryptd: max_cpu_qlen set to 1000
[    4.659065] AVX2 version of gcm_enc/dec engaged.
[    4.659065] AES CTR mode by8 optimization enabled
[    6.554783] Adding 1998844k swap on /dev/sda1.  Priority:-2 extents:1 across:1998844k FS
[    7.184524] AAAAA: Error looking up destination IP: 369098976 - net/ipv4/ip_output.c: 285: dac_mps_nexthops
[    7.301878] AAAAA: Error looking up destination IP: 4211081440 - net/ipv4/ip_output.c: 285: dac_mps_nexthops
[    7.553618] AAAAA: Error looking up destination IP: 4211081440 - net/ipv4/ip_output.c: 285: dac_mps_nexthops
[    7.754728] kauditd_printk_skb: 31 callbacks suppressed
[    7.754729] audit: type=1400 audit(1768036910.560:42): apparmor="DENIED" operation="capable" profile="/usr/sbin/cups-browsed" pid=578 comm="cups-browsed" capability=23  capname="sys_nice"
[    7.809506] AAAAA: Error looking up destination IP: 4211081440 - net/ipv4/ip_output.c: 285: dac_mps_nexthops
[    7.830035] AAAAA: Error looking up destination IP: 369098976 - net/ipv4/ip_output.c: 285: dac_mps_nexthops
[    7.855585] AAAAA: Error looking up destination IP: 4211081440 - net/ipv4/ip_output.c: 285: dac_mps_nexthops
[    8.005403] AAAAA: Error looking up destination IP: 4211081440 - net/ipv4/ip_output.c: 285: dac_mps_nexthops
[    8.862309] AAAAA: Error looking up destination IP: 4211081440 - net/ipv4/ip_output.c: 285: dac_mps_nexthops
[    8.937443] pcnet32 0000:00:03.0 enp0s3: link up, 100Mbps, full-duplex
[    8.956376] pcnet32 0000:00:08.0 enp0s8: link up, 100Mbps, full-duplex
[    8.994359] e1000: enp0s9 NIC Link is Up 1000 Mbps Full Duplex, Flow Control: RX
[    8.994646] IPv6: ADDRCONF(NETDEV_CHANGE): enp0s9: link becomes ready
[    9.079211] AAAAA: Error looking up destination IP: 4211081440 - net/ipv4/ip_output.c: 285: dac_mps_nexthops
[    9.589852] device enp0s8 entered promiscuous mode
[    9.591459] device enp0s3 entered promiscuous mode
[    9.636766] audit: type=1400 audit(1768036912.444:43): apparmor="DENIED" operation="open" profile="/usr/sbin/tcpdump" name="/proc/sys/kernel/random/boot_id" pid=713 comm="tcpdump" requested_mask="r" denied_mask="r" fsuid=0 ouid=0
[    9.636860] audit: type=1400 audit(1768036912.444:44): apparmor="DENIED" operation="open" profile="/usr/sbin/tcpdump" name="/proc/sys/kernel/random/boot_id" pid=712 comm="tcpdump" requested_mask="r" denied_mask="r" fsuid=0 ouid=0
[    9.638479] audit: type=1400 audit(1768036912.444:45): apparmor="DENIED" operation="open" profile="/usr/sbin/tcpdump" name="/proc/sys/kernel/random/boot_id" pid=713 comm="tcpdump" requested_mask="r" denied_mask="r" fsuid=0 ouid=0
[    9.638566] audit: type=1400 audit(1768036912.444:46): apparmor="DENIED" operation="open" profile="/usr/sbin/tcpdump" name="/proc/sys/kernel/random/boot_id" pid=712 comm="tcpdump" requested_mask="r" denied_mask="r" fsuid=0 ouid=0
[    9.638884] audit: type=1400 audit(1768036912.444:47): apparmor="DENIED" operation="open" profile="/usr/sbin/tcpdump" name="/proc/sys/kernel/random/boot_id" pid=713 comm="tcpdump" requested_mask="r" denied_mask="r" fsuid=0 ouid=0
[    9.638963] audit: type=1400 audit(1768036912.444:48): apparmor="DENIED" operation="open" profile="/usr/sbin/tcpdump" name="/proc/sys/kernel/random/boot_id" pid=712 comm="tcpdump" requested_mask="r" denied_mask="r" fsuid=0 ouid=0
[    9.639076] audit: type=1400 audit(1768036912.444:49): apparmor="DENIED" operation="open" profile="/usr/sbin/tcpdump" name="/proc/sys/kernel/random/boot_id" pid=712 comm="tcpdump" requested_mask="r" denied_mask="r" fsuid=0 ouid=0
[    9.639097] audit: type=1400 audit(1768036912.444:50): apparmor="DENIED" operation="open" profile="/usr/sbin/tcpdump" name="/proc/sys/kernel/random/boot_id" pid=713 comm="tcpdump" requested_mask="r" denied_mask="r" fsuid=0 ouid=0
[    9.647979] audit: type=1400 audit(1768036912.456:51): apparmor="DENIED" operation="open" profile="/usr/sbin/tcpdump" name="/proc/sys/kernel/random/boot_id" pid=714 comm="tcpdump" requested_mask="r" denied_mask="r" fsuid=0 ouid=0
[   15.729318] rfkill: input handler disabled
[  298.950508] AAAAA-TCP_RECV: name:enp0s3: saddr:100932208: daddr:16783984: srtt_us:0: RTT:0: ssthresh:2147483647: cwnd:10: delivered:0: lost:0: retrans:0: loseo:0: stage:0: conn:0: RTT6:0: RTT7:0: delta:0
[  298.951218] AAAAA-TCP_SEND: name:enp0s8: saddr:16783984: daddr:100932208: srtt_us:0: RTT:0: ssthresh:0: cwnd:0: delivered:0: lost:0: retrans:0: loseo:0: stage:0: conn:0: RTT6:0: RTT7:0: delta:0
[  299.273862] AAAAA-TCP_SEND: name:enp0s8: saddr:16783984: daddr:100932208: srtt_us:2586392: RTT:323299: ssthresh:2147483647: cwnd:10: delivered:1: lost:0: retrans:0: loseo:0: stage:0: conn:0: RTT6:0: RTT7:0: delta:0
[  299.355755] AAAAA-TCP_RECV: name:enp0s3: saddr:100932208: daddr:16783984: srtt_us:2586392: RTT:323299: ssthresh:2147483647: cwnd:10: delivered:1: lost:0: retrans:0: loseo:0: stage:0: conn:0: RTT6:0: RTT7:0: delta:0
[  299.355797] AAAAA-TCP_SEND: name:enp0s8: saddr:16783984: daddr:100932208: srtt_us:2586392: RTT:323299: ssthresh:2147483647: cwnd:10: delivered:1: lost:0: retrans:0: loseo:0: stage:0: conn:0: RTT6:0: RTT7:0: delta:0
[  299.356066] AAAAA-TCP_SEND: name:enp0s8: saddr:16783984: daddr:100932208: srtt_us:2586392: RTT:323299: ssthresh:2147483647: cwnd:10: delivered:1: lost:0: retrans:0: loseo:0: stage:0: conn:0: RTT6:0: RTT7:0: delta:0
[  299.748617] AAAAA-TCP_RECV: name:enp0s3: saddr:100932208: daddr:33561200: srtt_us:0: RTT:0: ssthresh:2147483647: cwnd:10: delivered:0: lost:0: retrans:0: loseo:0: stage:0: conn:0: RTT6:0: RTT7:0: delta:0
[  299.748660] AAAAA-TCP_SEND: name:enp0s3: saddr:33561200: daddr:100932208: srtt_us:0: RTT:0: ssthresh:0: cwnd:0: delivered:0: lost:0: retrans:0: loseo:0: stage:0: conn:0: RTT6:0: RTT7:0: delta:0
[  299.839573] AAAAA-TCP_RECV: name:enp0s3: saddr:100932208: daddr:16783984: srtt_us:2586392: RTT:323299: ssthresh:2147483647: cwnd:10: delivered:1: lost:0: retrans:0: loseo:0: stage:0: conn:0: RTT6:0: RTT7:0: delta:0
[  299.893430] AAAAA-TCP_RECV: name:enp0s3: saddr:100932208: daddr:16783984: srtt_us:2746621: RTT:343327: ssthresh:2147483647: cwnd:10: delivered:2: lost:0: retrans:0: loseo:0: stage:0: conn:0: RTT6:0: RTT7:0: delta:0
[  299.893465] AAAAA-TCP_SEND: name:enp0s3: saddr:16783984: daddr:100932208: srtt_us:2746621: RTT:343327: ssthresh:2147483647: cwnd:10: delivered:2: lost:0: retrans:0: loseo:0: stage:0: conn:0: RTT6:0: RTT7:0: delta:0
[  300.260729] AAAAA-TCP_SEND: name:enp0s3: saddr:33561200: daddr:100932208: srtt_us:4096400: RTT:512050: ssthresh:2147483647: cwnd:10: delivered:1: lost:0: retrans:0: loseo:0: stage:0: conn:0: RTT6:0: RTT7:0: delta:0
[  300.358896] AAAAA-TCP_RECV: name:enp0s3: saddr:100932208: daddr:16783984: srtt_us:2746621: RTT:343327: ssthresh:2147483647: cwnd:10: delivered:2: lost:0: retrans:0: loseo:0: stage:0: conn:0: RTT6:0: RTT7:0: delta:0
[  300.358940] AAAAA-TCP_SEND: name:enp0s3: saddr:16783984: daddr:100932208: srtt_us:2746621: RTT:343327: ssthresh:2147483647: cwnd:10: delivered:2: lost:0: retrans:0: loseo:0: stage:0: conn:0: RTT6:0: RTT7:0: delta:0
[  300.359170] AAAAA-TCP_SEND: name:enp0s3: saddr:16783984: daddr:100932208: srtt_us:2746621: RTT:343327: ssthresh:2147483647: cwnd:10: delivered:2: lost:0: retrans:0: loseo:0: stage:0: conn:0: RTT6:0: RTT7:0: delta:0
[  301.268478] AAAAA-TCP_SEND: name:enp0s3: saddr:16783984: daddr:100932208: srtt_us:2746621: RTT:343327: ssthresh:2147483647: cwnd:10: delivered:2: lost:0: retrans:1: loseo:1: stage:0: conn:0: RTT6:0: RTT7:0: delta:0
[  301.517619] AAAAA-TCP_RECV: name:enp0s3: saddr:100932208: daddr:16783984: srtt_us:2746621: RTT:343327: ssthresh:2147483647: cwnd:10: delivered:2: lost:0: retrans:1: loseo:0: stage:0: conn:0: RTT6:0: RTT7:0: delta:0
[  301.593517] AAAAA-TCP_RECV: name:enp0s3: saddr:100932208: daddr:16783984: srtt_us:0: RTT:0: ssthresh:2147483647: cwnd:10: delivered:0: lost:0: retrans:0: loseo:0: stage:0: conn:0: RTT6:0: RTT7:0: delta:0
[  301.593568] AAAAA-TCP_SEND: name:enp0s3: saddr:16783984: daddr:100932208: srtt_us:0: RTT:0: ssthresh:0: cwnd:0: delivered:0: lost:0: retrans:0: loseo:0: stage:0: conn:0: RTT6:0: RTT7:0: delta:0
[  301.700287] AAAAA-TCP_RECV: name:enp0s3: saddr:100932208: daddr:16783984: srtt_us:3562294: RTT:445286: ssthresh:2147483647: cwnd:10: delivered:3: lost:0: retrans:1: loseo:0: stage:0: conn:0: RTT6:0: RTT7:0: delta:0
[  301.768363] AAAAA-TCP_SEND: name:enp0s3: saddr:16783984: daddr:100932208: srtt_us:1398232: RTT:174779: ssthresh:2147483647: cwnd:10: delivered:1: lost:0: retrans:0: loseo:0: stage:0: conn:0: RTT6:0: RTT7:0: delta:0
[  301.851733] AAAAA-TCP_RECV: name:enp0s3: saddr:100932208: daddr:16783984: srtt_us:1398232: RTT:174779: ssthresh:2147483647: cwnd:10: delivered:1: lost:0: retrans:0: loseo:0: stage:0: conn:0: RTT6:0: RTT7:0: delta:0
[  301.851768] AAAAA-TCP_SEND: name:enp0s3: saddr:16783984: daddr:100932208: srtt_us:1398232: RTT:174779: ssthresh:2147483647: cwnd:10: delivered:1: lost:0: retrans:0: loseo:0: stage:0: conn:0: RTT6:0: RTT7:0: delta:0
[  301.852964] AAAAA-TCP_SEND: name:enp0s3: saddr:16783984: daddr:100932208: srtt_us:3562294: RTT:445286: ssthresh:2147483647: cwnd:10: delivered:4: lost:0: retrans:1: loseo:0: stage:0: conn:0: RTT6:0: RTT7:0: delta:0
[  302.002536] AAAAA-TCP_RECV: name:enp0s3: saddr:100932208: daddr:33561200: srtt_us:0: RTT:0: ssthresh:2147483647: cwnd:10: delivered:0: lost:0: retrans:0: loseo:0: stage:0: conn:0: RTT6:0: RTT7:0: delta:0
[  302.002594] AAAAA-TCP_SEND: name:enp0s3: saddr:33561200: daddr:100932208: srtt_us:0: RTT:0: ssthresh:0: cwnd:0: delivered:0: lost:0: retrans:0: loseo:0: stage:0: conn:0: RTT6:0: RTT7:0: delta:0
[  302.119511] AAAAA-TCP_RECV: name:enp0s3: saddr:100932208: daddr:16783984: srtt_us:3562294: RTT:445286: ssthresh:2147483647: cwnd:10: delivered:4: lost:0: retrans:1: loseo:0: stage:0: conn:0: RTT6:0: RTT7:0: delta:0
[  302.119554] AAAAA-TCP_SEND: name:enp0s3: saddr:16783984: daddr:100932208: srtt_us:3562294: RTT:445286: ssthresh:2147483647: cwnd:10: delivered:4: lost:0: retrans:1: loseo:0: stage:0: conn:0: RTT6:0: RTT7:0: delta:0
[  302.314781] AAAAA-TCP_SEND: name:enp0s3: saddr:33561200: daddr:100932208: srtt_us:2497384: RTT:312173: ssthresh:2147483647: cwnd:10: delivered:1: lost:0: retrans:0: loseo:0: stage:0: conn:0: RTT6:0: RTT7:0: delta:0
[  302.398999] AAAAA-TCP_RECV: name:enp0s3: saddr:100932208: daddr:16783984: srtt_us:3383596: RTT:422949: ssthresh:2147483647: cwnd:10: delivered:5: lost:0: retrans:1: loseo:0: stage:0: conn:0: RTT6:0: RTT7:0: delta:0
[  302.457949] AAAAA-TCP_RECV: name:enp0s3: saddr:100932208: daddr:16783984: srtt_us:1398232: RTT:174779: ssthresh:2147483647: cwnd:10: delivered:1: lost:0: retrans:0: loseo:0: stage:0: conn:0: RTT6:0: RTT7:0: delta:0
[  302.457980] AAAAA-TCP_SEND: name:enp0s3: saddr:16783984: daddr:100932208: srtt_us:1398232: RTT:174779: ssthresh:2147483647: cwnd:10: delivered:1: lost:0: retrans:0: loseo:0: stage:0: conn:0: RTT6:0: RTT7:0: delta:0
[  302.542415] AAAAA-TCP_RECV: name:enp0s3: saddr:100932208: daddr:16783984: srtt_us:1398232: RTT:174779: ssthresh:2147483647: cwnd:10: delivered:1: lost:0: retrans:0: loseo:0: stage:0: conn:0: RTT6:0: RTT7:0: delta:0
[  302.542447] AAAAA-TCP_SEND: name:enp0s3: saddr:16783984: daddr:100932208: srtt_us:1398232: RTT:174779: ssthresh:2147483647: cwnd:10: delivered:1: lost:0: retrans:0: loseo:0: stage:0: conn:0: RTT6:0: RTT7:0: delta:0
[  302.650423] AAAAA-TCP_RECV: name:enp0s3: saddr:100932208: daddr:16783984: srtt_us:1398232: RTT:174779: ssthresh:2147483647: cwnd:10: delivered:1: lost:0: retrans:0: loseo:0: stage:0: conn:0: RTT6:0: RTT7:0: delta:0
[  302.650457] AAAAA-TCP_SEND: name:enp0s3: saddr:16783984: daddr:100932208: srtt_us:1398232: RTT:174779: ssthresh:2147483647: cwnd:10: delivered:1: lost:0: retrans:0: loseo:0: stage:0: conn:0: RTT6:0: RTT7:0: delta:0
[  302.975512] AAAAA-TCP_RECV: name:enp0s3: saddr:100932208: daddr:16783984: srtt_us:1398232: RTT:174779: ssthresh:2147483647: cwnd:10: delivered:1: lost:0: retrans:0: loseo:0: stage:0: conn:0: RTT6:0: RTT7:0: delta:0
[  302.975556] AAAAA-TCP_SEND: name:enp0s3: saddr:16783984: daddr:100932208: srtt_us:1398232: RTT:174779: ssthresh:2147483647: cwnd:10: delivered:1: lost:0: retrans:0: loseo:0: stage:0: conn:0: RTT6:0: RTT7:0: delta:0
[  303.051151] AAAAA-TCP_RECV: name:enp0s3: saddr:100932208: daddr:16783984: srtt_us:1398232: RTT:174779: ssthresh:2147483647: cwnd:10: delivered:1: lost:0: retrans:0: loseo:0: stage:0: conn:0: RTT6:0: RTT7:0: delta:0
[  303.051179] AAAAA-TCP_SEND: name:enp0s3: saddr:16783984: daddr:100932208: srtt_us:1398232: RTT:174779: ssthresh:2147483647: cwnd:10: delivered:1: lost:0: retrans:0: loseo:0: stage:0: conn:0: RTT6:0: RTT7:0: delta:0
[  303.110206] AAAAA-TCP_RECV: name:enp0s3: saddr:100932208: daddr:16783984: srtt_us:1398232: RTT:174779: ssthresh:2147483647: cwnd:10: delivered:1: lost:0: retrans:0: loseo:0: stage:0: conn:0: RTT6:0: RTT7:0: delta:0
[  303.110247] AAAAA-TCP_SEND: name:enp0s3: saddr:16783984: daddr:100932208: srtt_us:1398232: RTT:174779: ssthresh:2147483647: cwnd:10: delivered:1: lost:0: retrans:0: loseo:0: stage:0: conn:0: RTT6:0: RTT7:0: delta:0
[  303.358666] AAAAA-TCP_RECV: name:enp0s3: saddr:100932208: daddr:16783984: srtt_us:1398232: RTT:174779: ssthresh:2147483647: cwnd:10: delivered:1: lost:0: retrans:0: loseo:0: stage:0: conn:0: RTT6:0: RTT7:0: delta:0
[  303.358710] AAAAA-TCP_SEND: name:enp0s3: saddr:16783984: daddr:100932208: srtt_us:1398232: RTT:174779: ssthresh:2147483647: cwnd:10: delivered:1: lost:0: retrans:0: loseo:0: stage:0: conn:0: RTT6:0: RTT7:0: delta:0
[  303.444891] AAAAA-TCP_RECV: name:enp0s3: saddr:100932208: daddr:16783984: srtt_us:1398232: RTT:174779: ssthresh:2147483647: cwnd:10: delivered:1: lost:0: retrans:0: loseo:0: stage:0: conn:0: RTT6:0: RTT7:0: delta:0
[  303.444933] AAAAA-TCP_SEND: name:enp0s3: saddr:16783984: daddr:100932208: srtt_us:1398232: RTT:174779: ssthresh:2147483647: cwnd:10: delivered:1: lost:0: retrans:0: loseo:0: stage:0: conn:0: RTT6:0: RTT7:0: delta:0
[  303.526086] AAAAA-TCP_RECV: name:enp0s3: saddr:100932208: daddr:16783984: srtt_us:1398232: RTT:174779: ssthresh:2147483647: cwnd:10: delivered:1: lost:0: retrans:0: loseo:0: stage:0: conn:0: RTT6:0: RTT7:0: delta:0
[  303.526121] AAAAA-TCP_SEND: name:enp0s3: saddr:16783984: daddr:100932208: srtt_us:1398232: RTT:174779: ssthresh:2147483647: cwnd:10: delivered:1: lost:0: retrans:0: loseo:0: stage:0: conn:0: RTT6:0: RTT7:0: delta:0
[  303.595082] AAAAA-TCP_RECV: name:enp0s3: saddr:100932208: daddr:16783984: srtt_us:1398232: RTT:174779: ssthresh:2147483647: cwnd:10: delivered:1: lost:0: retrans:0: loseo:0: stage:0: conn:0: RTT6:0: RTT7:0: delta:0
[  303.595111] AAAAA-TCP_SEND: name:enp0s3: saddr:16783984: daddr:100932208: srtt_us:1398232: RTT:174779: ssthresh:2147483647: cwnd:10: delivered:1: lost:0: retrans:0: loseo:0: stage:0: conn:0: RTT6:0: RTT7:0: delta:0
[  303.801906] AAAAA-TCP_RECV: name:enp0s3: saddr:100932208: daddr:33561200: srtt_us:2497384: RTT:312173: ssthresh:2147483647: cwnd:10: delivered:1: lost:0: retrans:0: loseo:0: stage:0: conn:0: RTT6:0: RTT7:0: delta:0
[  303.801954] AAAAA-TCP_SEND: name:enp0s3: saddr:33561200: daddr:100932208: srtt_us:2497384: RTT:312173: ssthresh:2147483647: cwnd:10: delivered:1: lost:0: retrans:0: loseo:0: stage:0: conn:0: RTT6:0: RTT7:0: delta:0
[  303.863887] AAAAA-TCP_RECV: name:enp0s3: saddr:100932208: daddr:33561200: srtt_us:2497384: RTT:312173: ssthresh:2147483647: cwnd:10: delivered:1: lost:0: retrans:0: loseo:0: stage:0: conn:0: RTT6:0: RTT7:0: delta:0
[  303.863921] AAAAA-TCP_SEND: name:enp0s3: saddr:33561200: daddr:100932208: srtt_us:2497384: RTT:312173: ssthresh:2147483647: cwnd:10: delivered:1: lost:0: retrans:0: loseo:0: stage:0: conn:0: RTT6:0: RTT7:0: delta:0
[  303.928262] AAAAA-TCP_RECV: name:enp0s3: saddr:100932208: daddr:33561200: srtt_us:2497384: RTT:312173: ssthresh:2147483647: cwnd:10: delivered:1: lost:0: retrans:0: loseo:0: stage:0: conn:0: RTT6:0: RTT7:0: delta:0
[  303.928304] AAAAA-TCP_SEND: name:enp0s3: saddr:33561200: daddr:100932208: srtt_us:2497384: RTT:312173: ssthresh:2147483647: cwnd:10: delivered:1: lost:0: retrans:0: loseo:0: stage:0: conn:0: RTT6:0: RTT7:0: delta:0
[  304.045388] AAAAA-TCP_RECV: name:enp0s3: saddr:100932208: daddr:33561200: srtt_us:2497384: RTT:312173: ssthresh:2147483647: cwnd:10: delivered:1: lost:0: retrans:0: loseo:0: stage:0: conn:0: RTT6:0: RTT7:0: delta:0
[  304.045433] AAAAA-TCP_SEND: name:enp0s3: saddr:33561200: daddr:100932208: srtt_us:2497384: RTT:312173: ssthresh:2147483647: cwnd:10: delivered:1: lost:0: retrans:0: loseo:0: stage:0: conn:0: RTT6:0: RTT7:0: delta:0
[  304.164699] AAAAA-TCP_RECV: name:enp0s3: saddr:100932208: daddr:33561200: srtt_us:2497384: RTT:312173: ssthresh:2147483647: cwnd:10: delivered:1: lost:0: retrans:0: loseo:0: stage:0: conn:0: RTT6:0: RTT7:0: delta:0
[  304.164737] AAAAA-TCP_SEND: name:enp0s3: saddr:33561200: daddr:100932208: srtt_us:2497384: RTT:312173: ssthresh:2147483647: cwnd:10: delivered:1: lost:0: retrans:0: loseo:0: stage:0: conn:0: RTT6:0: RTT7:0: delta:0
[  304.319373] AAAAA-TCP_RECV: name:enp0s3: saddr:100932208: daddr:33561200: srtt_us:2497384: RTT:312173: ssthresh:2147483647: cwnd:10: delivered:1: lost:0: retrans:0: loseo:0: stage:0: conn:0: RTT6:0: RTT7:0: delta:0
[  304.319413] AAAAA-TCP_SEND: name:enp0s3: saddr:33561200: daddr:100932208: srtt_us:2497384: RTT:312173: ssthresh:2147483647: cwnd:10: delivered:1: lost:0: retrans:0: loseo:0: stage:0: conn:0: RTT6:0: RTT7:0: delta:0
[  304.448752] AAAAA-TCP_RECV: name:enp0s3: saddr:100932208: daddr:33561200: srtt_us:2497384: RTT:312173: ssthresh:2147483647: cwnd:10: delivered:1: lost:0: retrans:0: loseo:0: stage:0: conn:0: RTT6:0: RTT7:0: delta:0
[  304.448796] AAAAA-TCP_SEND: name:enp0s3: saddr:33561200: daddr:100932208: srtt_us:2497384: RTT:312173: ssthresh:2147483647: cwnd:10: delivered:1: lost:0: retrans:0: loseo:0: stage:0: conn:0: RTT6:0: RTT7:0: delta:0
[  304.529253] AAAAA-TCP_RECV: name:enp0s3: saddr:100932208: daddr:33561200: srtt_us:2497384: RTT:312173: ssthresh:2147483647: cwnd:10: delivered:1: lost:0: retrans:0: loseo:0: stage:0: conn:0: RTT6:0: RTT7:0: delta:0
[  304.529292] AAAAA-TCP_SEND: name:enp0s3: saddr:33561200: daddr:100932208: srtt_us:2497384: RTT:312173: ssthresh:2147483647: cwnd:10: delivered:1: lost:0: retrans:0: loseo:0: stage:0: conn:0: RTT6:0: RTT7:0: delta:0
[  304.574894] AAAAA-TCP_RECV: name:enp0s3: saddr:100932208: daddr:33561200: srtt_us:2497384: RTT:312173: ssthresh:2147483647: cwnd:10: delivered:1: lost:0: retrans:0: loseo:0: stage:0: conn:0: RTT6:0: RTT7:0: delta:0
[  304.574928] AAAAA-TCP_SEND: name:enp0s3: saddr:33561200: daddr:100932208: srtt_us:2497384: RTT:312173: ssthresh:2147483647: cwnd:10: delivered:1: lost:0: retrans:0: loseo:0: stage:0: conn:0: RTT6:0: RTT7:0: delta:0
[  304.743052] AAAAA-TCP_RECV: name:enp0s3: saddr:100932208: daddr:33561200: srtt_us:2497384: RTT:312173: ssthresh:2147483647: cwnd:10: delivered:1: lost:0: retrans:0: loseo:0: stage:0: conn:0: RTT6:0: RTT7:0: delta:0
[  304.743087] AAAAA-TCP_SEND: name:enp0s3: saddr:33561200: daddr:100932208: srtt_us:2497384: RTT:312173: ssthresh:2147483647: cwnd:10: delivered:1: lost:0: retrans:0: loseo:0: stage:0: conn:0: RTT6:0: RTT7:0: delta:0
[  304.901713] AAAAA-TCP_RECV: name:enp0s3: saddr:100932208: daddr:16783984: srtt_us:1398232: RTT:174779: ssthresh:2147483647: cwnd:10: delivered:1: lost:0: retrans:0: loseo:0: stage:0: conn:0: RTT6:0: RTT7:0: delta:0
[  304.901755] AAAAA-TCP_SEND: name:enp0s3: saddr:16783984: daddr:100932208: srtt_us:1398232: RTT:174779: ssthresh:2147483647: cwnd:10: delivered:1: lost:0: retrans:0: loseo:0: stage:0: conn:0: RTT6:0: RTT7:0: delta:0
[  304.991669] AAAAA-TCP_RECV: name:enp0s3: saddr:100932208: daddr:16783984: srtt_us:1398232: RTT:174779: ssthresh:2147483647: cwnd:10: delivered:1: lost:0: retrans:0: loseo:0: stage:0: conn:0: RTT6:0: RTT7:0: delta:0
[  304.991710] AAAAA-TCP_SEND: name:enp0s3: saddr:16783984: daddr:100932208: srtt_us:1398232: RTT:174779: ssthresh:2147483647: cwnd:10: delivered:1: lost:0: retrans:0: loseo:0: stage:0: conn:0: RTT6:0: RTT7:0: delta:0
[  305.118709] AAAAA-TCP_RECV: name:enp0s3: saddr:100932208: daddr:33561200: srtt_us:2497384: RTT:312173: ssthresh:2147483647: cwnd:10: delivered:1: lost:0: retrans:0: loseo:0: stage:0: conn:0: RTT6:0: RTT7:0: delta:0
[  305.118747] AAAAA-TCP_SEND: name:enp0s3: saddr:33561200: daddr:100932208: srtt_us:2497384: RTT:312173: ssthresh:2147483647: cwnd:10: delivered:1: lost:0: retrans:0: loseo:0: stage:0: conn:0: RTT6:0: RTT7:0: delta:0
[  305.184473] AAAAA-TCP_RECV: name:enp0s3: saddr:100932208: daddr:16783984: srtt_us:1398232: RTT:174779: ssthresh:2147483647: cwnd:10: delivered:1: lost:0: retrans:0: loseo:0: stage:0: conn:0: RTT6:0: RTT7:0: delta:0
[  305.184515] AAAAA-TCP_SEND: name:enp0s3: saddr:16783984: daddr:100932208: srtt_us:1398232: RTT:174779: ssthresh:2147483647: cwnd:10: delivered:1: lost:0: retrans:0: loseo:0: stage:0: conn:0: RTT6:0: RTT7:0: delta:0
[  305.241990] AAAAA-TCP_RECV: name:enp0s3: saddr:100932208: daddr:16783984: srtt_us:1398232: RTT:174779: ssthresh:2147483647: cwnd:10: delivered:1: lost:0: retrans:0: loseo:0: stage:0: conn:0: RTT6:0: RTT7:0: delta:0
[  305.242022] AAAAA-TCP_SEND: name:enp0s3: saddr:16783984: daddr:100932208: srtt_us:1398232: RTT:174779: ssthresh:2147483647: cwnd:10: delivered:1: lost:0: retrans:0: loseo:0: stage:0: conn:0: RTT6:0: RTT7:0: delta:0
[  305.310136] AAAAA-TCP_RECV: name:enp0s3: saddr:100932208: daddr:16783984: srtt_us:1398232: RTT:174779: ssthresh:2147483647: cwnd:10: delivered:1: lost:0: retrans:0: loseo:0: stage:0: conn:0: RTT6:0: RTT7:0: delta:0
[  305.310165] AAAAA-TCP_SEND: name:enp0s3: saddr:16783984: daddr:100932208: srtt_us:1398232: RTT:174779: ssthresh:2147483647: cwnd:10: delivered:1: lost:0: retrans:0: loseo:0: stage:0: conn:0: RTT6:0: RTT7:0: delta:0
[  305.362228] AAAAA-TCP_RECV: name:enp0s3: saddr:100932208: daddr:16783984: srtt_us:1398232: RTT:174779: ssthresh:2147483647: cwnd:10: delivered:1: lost:0: retrans:0: loseo:0: stage:0: conn:0: RTT6:0: RTT7:0: delta:0
[  305.362258] AAAAA-TCP_SEND: name:enp0s3: saddr:16783984: daddr:100932208: srtt_us:1398232: RTT:174779: ssthresh:2147483647: cwnd:10: delivered:1: lost:0: retrans:0: loseo:0: stage:0: conn:0: RTT6:0: RTT7:0: delta:0
[  305.718151] AAAAA-TCP_RECV: name:enp0s3: saddr:100932208: daddr:16783984: srtt_us:1398232: RTT:174779: ssthresh:2147483647: cwnd:10: delivered:1: lost:0: retrans:0: loseo:0: stage:0: conn:0: RTT6:0: RTT7:0: delta:0
[  305.718228] AAAAA-TCP_SEND: name:enp0s3: saddr:16783984: daddr:100932208: srtt_us:1398232: RTT:174779: ssthresh:2147483647: cwnd:10: delivered:1: lost:0: retrans:0: loseo:0: stage:0: conn:0: RTT6:0: RTT7:0: delta:0
[  305.809065] AAAAA-TCP_RECV: name:enp0s3: saddr:100932208: daddr:16783984: srtt_us:1398232: RTT:174779: ssthresh:2147483647: cwnd:10: delivered:1: lost:0: retrans:0: loseo:0: stage:0: conn:0: RTT6:0: RTT7:0: delta:0
[  305.809161] AAAAA-TCP_SEND: name:enp0s3: saddr:16783984: daddr:100932208: srtt_us:1398232: RTT:174779: ssthresh:2147483647: cwnd:10: delivered:1: lost:0: retrans:0: loseo:0: stage:0: conn:0: RTT6:0: RTT7:0: delta:0
[  305.977876] AAAAA-TCP_RECV: name:enp0s3: saddr:100932208: daddr:16783984: srtt_us:1398232: RTT:174779: ssthresh:2147483647: cwnd:10: delivered:1: lost:0: retrans:0: loseo:0: stage:0: conn:0: RTT6:0: RTT7:0: delta:0
[  305.977956] AAAAA-TCP_SEND: name:enp0s3: saddr:16783984: daddr:100932208: srtt_us:1398232: RTT:174779: ssthresh:2147483647: cwnd:10: delivered:1: lost:0: retrans:0: loseo:0: stage:0: conn:0: RTT6:0: RTT7:0: delta:0
[  306.076889] AAAAA-TCP_RECV: name:enp0s3: saddr:100932208: daddr:16783984: srtt_us:1398232: RTT:174779: ssthresh:2147483647: cwnd:10: delivered:1: lost:0: retrans:0: loseo:0: stage:0: conn:0: RTT6:0: RTT7:0: delta:0
[  306.076934] AAAAA-TCP_SEND: name:enp0s3: saddr:16783984: daddr:100932208: srtt_us:1398232: RTT:174779: ssthresh:2147483647: cwnd:10: delivered:1: lost:0: retrans:0: loseo:0: stage:0: conn:0: RTT6:0: RTT7:0: delta:0
[  306.122293] AAAAA-TCP_RECV: name:enp0s3: saddr:100932208: daddr:16783984: srtt_us:1398232: RTT:174779: ssthresh:2147483647: cwnd:10: delivered:1: lost:0: retrans:0: loseo:0: stage:0: conn:0: RTT6:0: RTT7:0: delta:0
[  306.122327] AAAAA-TCP_SEND: name:enp0s3: saddr:16783984: daddr:100932208: srtt_us:1398232: RTT:174779: ssthresh:2147483647: cwnd:10: delivered:1: lost:0: retrans:0: loseo:0: stage:0: conn:0: RTT6:0: RTT7:0: delta:0
[  306.203422] AAAAA-TCP_RECV: name:enp0s3: saddr:100932208: daddr:16783984: srtt_us:1398232: RTT:174779: ssthresh:2147483647: cwnd:10: delivered:1: lost:0: retrans:0: loseo:0: stage:0: conn:0: RTT6:0: RTT7:0: delta:0
[  306.203456] AAAAA-TCP_SEND: name:enp0s3: saddr:16783984: daddr:100932208: srtt_us:1398232: RTT:174779: ssthresh:2147483647: cwnd:10: delivered:1: lost:0: retrans:0: loseo:0: stage:0: conn:0: RTT6:0: RTT7:0: delta:0
[  306.297682] AAAAA-TCP_RECV: name:enp0s3: saddr:100932208: daddr:33561200: srtt_us:2497384: RTT:312173: ssthresh:2147483647: cwnd:10: delivered:1: lost:0: retrans:0: loseo:0: stage:0: conn:0: RTT6:0: RTT7:0: delta:0
[  306.297717] AAAAA-TCP_SEND: name:enp0s3: saddr:33561200: daddr:100932208: srtt_us:2497384: RTT:312173: ssthresh:2147483647: cwnd:10: delivered:1: lost:0: retrans:0: loseo:0: stage:0: conn:0: RTT6:0: RTT7:0: delta:0
[  306.493530] AAAAA-TCP_RECV: name:enp0s3: saddr:100932208: daddr:16783984: srtt_us:1398232: RTT:174779: ssthresh:2147483647: cwnd:10: delivered:1: lost:0: retrans:0: loseo:0: stage:0: conn:0: RTT6:0: RTT7:0: delta:0
[  306.493575] AAAAA-TCP_SEND: name:enp0s3: saddr:16783984: daddr:100932208: srtt_us:1398232: RTT:174779: ssthresh:2147483647: cwnd:10: delivered:1: lost:0: retrans:0: loseo:0: stage:0: conn:0: RTT6:0: RTT7:0: delta:0
[  306.563480] AAAAA-TCP_RECV: name:enp0s3: saddr:100932208: daddr:16783984: srtt_us:1398232: RTT:174779: ssthresh:2147483647: cwnd:10: delivered:1: lost:0: retrans:0: loseo:0: stage:0: conn:0: RTT6:0: RTT7:0: delta:0
[  306.563534] AAAAA-TCP_SEND: name:enp0s3: saddr:16783984: daddr:100932208: srtt_us:1398232: RTT:174779: ssthresh:2147483647: cwnd:10: delivered:1: lost:0: retrans:0: loseo:0: stage:0: conn:0: RTT6:0: RTT7:0: delta:0
[  306.655847] AAAAA-TCP_RECV: name:enp0s3: saddr:100932208: daddr:16783984: srtt_us:1398232: RTT:174779: ssthresh:2147483647: cwnd:10: delivered:1: lost:0: retrans:0: loseo:0: stage:0: conn:0: RTT6:0: RTT7:0: delta:0
[  306.655893] AAAAA-TCP_SEND: name:enp0s3: saddr:16783984: daddr:100932208: srtt_us:1398232: RTT:174779: ssthresh:2147483647: cwnd:10: delivered:1: lost:0: retrans:0: loseo:0: stage:0: conn:0: RTT6:0: RTT7:0: delta:0
[  306.765671] AAAAA-TCP_RECV: name:enp0s3: saddr:100932208: daddr:16783984: srtt_us:1398232: RTT:174779: ssthresh:2147483647: cwnd:10: delivered:1: lost:0: retrans:0: loseo:0: stage:0: conn:0: RTT6:0: RTT7:0: delta:0
[  306.765715] AAAAA-TCP_SEND: name:enp0s3: saddr:16783984: daddr:100932208: srtt_us:1398232: RTT:174779: ssthresh:2147483647: cwnd:10: delivered:1: lost:0: retrans:0: loseo:0: stage:0: conn:0: RTT6:0: RTT7:0: delta:0
[  306.884797] AAAAA-TCP_RECV: name:enp0s3: saddr:100932208: daddr:16783984: srtt_us:1398232: RTT:174779: ssthresh:2147483647: cwnd:10: delivered:1: lost:0: retrans:0: loseo:0: stage:0: conn:0: RTT6:0: RTT7:0: delta:0
[  306.922420] AAAAA-TCP_RECV: name:enp0s3: saddr:100932208: daddr:16783984: srtt_us:1398232: RTT:174779: ssthresh:2147483647: cwnd:10: delivered:1: lost:0: retrans:0: loseo:0: stage:0: conn:0: RTT6:0: RTT7:0: delta:0
[  306.922450] AAAAA-TCP_SEND: name:enp0s3: saddr:16783984: daddr:100932208: srtt_us:1398232: RTT:174779: ssthresh:2147483647: cwnd:10: delivered:1: lost:0: retrans:0: loseo:0: stage:0: conn:0: RTT6:0: RTT7:0: delta:0
[  306.980680] AAAAA-TCP_RECV: name:enp0s3: saddr:100932208: daddr:16783984: srtt_us:1398232: RTT:174779: ssthresh:2147483647: cwnd:10: delivered:1: lost:0: retrans:0: loseo:0: stage:0: conn:0: RTT6:0: RTT7:0: delta:0
[  307.012244] AAAAA-TCP_RECV: name:enp0s3: saddr:100932208: daddr:16783984: srtt_us:1398232: RTT:174779: ssthresh:2147483647: cwnd:10: delivered:1: lost:0: retrans:0: loseo:0: stage:0: conn:0: RTT6:0: RTT7:0: delta:0
[  307.012288] AAAAA-TCP_SEND: name:enp0s3: saddr:16783984: daddr:100932208: srtt_us:1398232: RTT:174779: ssthresh:2147483647: cwnd:10: delivered:1: lost:0: retrans:0: loseo:0: stage:0: conn:0: RTT6:0: RTT7:0: delta:0
[  307.162902] AAAAA-TCP_RECV: name:enp0s3: saddr:100932208: daddr:33561200: srtt_us:2497384: RTT:312173: ssthresh:2147483647: cwnd:10: delivered:1: lost:0: retrans:0: loseo:0: stage:0: conn:0: RTT6:0: RTT7:0: delta:0
[  307.162986] AAAAA-TCP_SEND: name:enp0s3: saddr:33561200: daddr:100932208: srtt_us:2497384: RTT:312173: ssthresh:2147483647: cwnd:10: delivered:1: lost:0: retrans:0: loseo:0: stage:0: conn:0: RTT6:0: RTT7:0: delta:0
[  307.352563] AAAAA-TCP_RECV: name:enp0s3: saddr:100932208: daddr:33561200: srtt_us:2497384: RTT:312173: ssthresh:2147483647: cwnd:10: delivered:1: lost:0: retrans:0: loseo:0: stage:0: conn:0: RTT6:0: RTT7:0: delta:0
[  307.352607] AAAAA-TCP_SEND: name:enp0s3: saddr:33561200: daddr:100932208: srtt_us:2497384: RTT:312173: ssthresh:2147483647: cwnd:10: delivered:1: lost:0: retrans:0: loseo:0: stage:0: conn:0: RTT6:0: RTT7:0: delta:0
[  307.404914] AAAAA-TCP_RECV: name:enp0s3: saddr:100932208: daddr:33561200: srtt_us:2497384: RTT:312173: ssthresh:2147483647: cwnd:10: delivered:1: lost:0: retrans:0: loseo:0: stage:0: conn:0: RTT6:0: RTT7:0: delta:0
[  307.404947] AAAAA-TCP_SEND: name:enp0s3: saddr:33561200: daddr:100932208: srtt_us:2497384: RTT:312173: ssthresh:2147483647: cwnd:10: delivered:1: lost:0: retrans:0: loseo:0: stage:0: conn:0: RTT6:0: RTT7:0: delta:0
[  307.484928] AAAAA-TCP_RECV: name:enp0s3: saddr:100932208: daddr:33561200: srtt_us:2497384: RTT:312173: ssthresh:2147483647: cwnd:10: delivered:1: lost:0: retrans:0: loseo:0: stage:0: conn:0: RTT6:0: RTT7:0: delta:0
[  307.485022] AAAAA-TCP_SEND: name:enp0s3: saddr:33561200: daddr:100932208: srtt_us:2497384: RTT:312173: ssthresh:2147483647: cwnd:10: delivered:1: lost:0: retrans:0: loseo:0: stage:0: conn:0: RTT6:0: RTT7:0: delta:0
[  307.527309] AAAAA-TCP_RECV: name:enp0s3: saddr:100932208: daddr:33561200: srtt_us:2497384: RTT:312173: ssthresh:2147483647: cwnd:10: delivered:1: lost:0: retrans:0: loseo:0: stage:0: conn:0: RTT6:0: RTT7:0: delta:0
[  307.527379] AAAAA-TCP_SEND: name:enp0s3: saddr:33561200: daddr:100932208: srtt_us:2497384: RTT:312173: ssthresh:2147483647: cwnd:10: delivered:1: lost:0: retrans:0: loseo:0: stage:0: conn:0: RTT6:0: RTT7:0: delta:0
[  307.614660] AAAAA-TCP_RECV: name:enp0s3: saddr:100932208: daddr:33561200: srtt_us:2497384: RTT:312173: ssthresh:2147483647: cwnd:10: delivered:1: lost:0: retrans:0: loseo:0: stage:0: conn:0: RTT6:0: RTT7:0: delta:0
[  307.614711] AAAAA-TCP_SEND: name:enp0s3: saddr:33561200: daddr:100932208: srtt_us:2497384: RTT:312173: ssthresh:2147483647: cwnd:10: delivered:1: lost:0: retrans:0: loseo:0: stage:0: conn:0: RTT6:0: RTT7:0: delta:0
[  307.677519] AAAAA-TCP_RECV: name:enp0s3: saddr:100932208: daddr:33561200: srtt_us:2497384: RTT:312173: ssthresh:2147483647: cwnd:10: delivered:1: lost:0: retrans:0: loseo:0: stage:0: conn:0: RTT6:0: RTT7:0: delta:0
[  307.677552] AAAAA-TCP_SEND: name:enp0s3: saddr:33561200: daddr:100932208: srtt_us:2497384: RTT:312173: ssthresh:2147483647: cwnd:10: delivered:1: lost:0: retrans:0: loseo:0: stage:0: conn:0: RTT6:0: RTT7:0: delta:0
[  307.744684] AAAAA-TCP_RECV: name:enp0s3: saddr:100932208: daddr:33561200: srtt_us:2497384: RTT:312173: ssthresh:2147483647: cwnd:10: delivered:1: lost:0: retrans:0: loseo:0: stage:0: conn:0: RTT6:0: RTT7:0: delta:0
[  307.744736] AAAAA-TCP_SEND: name:enp0s3: saddr:33561200: daddr:100932208: srtt_us:2497384: RTT:312173: ssthresh:2147483647: cwnd:10: delivered:1: lost:0: retrans:0: loseo:0: stage:0: conn:0: RTT6:0: RTT7:0: delta:0
[  307.847370] AAAAA-TCP_RECV: name:enp0s3: saddr:100932208: daddr:33561200: srtt_us:2497384: RTT:312173: ssthresh:2147483647: cwnd:10: delivered:1: lost:0: retrans:0: loseo:0: stage:0: conn:0: RTT6:0: RTT7:0: delta:0
[  307.847423] AAAAA-TCP_SEND: name:enp0s3: saddr:33561200: daddr:100932208: srtt_us:2497384: RTT:312173: ssthresh:2147483647: cwnd:10: delivered:1: lost:0: retrans:0: loseo:0: stage:0: conn:0: RTT6:0: RTT7:0: delta:0
[  307.894667] AAAAA-TCP_RECV: name:enp0s3: saddr:100932208: daddr:33561200: srtt_us:2497384: RTT:312173: ssthresh:2147483647: cwnd:10: delivered:1: lost:0: retrans:0: loseo:0: stage:0: conn:0: RTT6:0: RTT7:0: delta:0
[  307.894696] AAAAA-TCP_SEND: name:enp0s3: saddr:33561200: daddr:100932208: srtt_us:2497384: RTT:312173: ssthresh:2147483647: cwnd:10: delivered:1: lost:0: retrans:0: loseo:0: stage:0: conn:0: RTT6:0: RTT7:0: delta:0
[  308.002957] AAAAA-TCP_RECV: name:enp0s3: saddr:100932208: daddr:33561200: srtt_us:2497384: RTT:312173: ssthresh:2147483647: cwnd:10: delivered:1: lost:0: retrans:0: loseo:0: stage:0: conn:0: RTT6:0: RTT7:0: delta:0
[  308.002986] AAAAA-TCP_SEND: name:enp0s3: saddr:33561200: daddr:100932208: srtt_us:2497384: RTT:312173: ssthresh:2147483647: cwnd:10: delivered:1: lost:0: retrans:0: loseo:0: stage:0: conn:0: RTT6:0: RTT7:0: delta:0
[  308.079152] AAAAA-TCP_RECV: name:enp0s3: saddr:100932208: daddr:33561200: srtt_us:2497384: RTT:312173: ssthresh:2147483647: cwnd:10: delivered:1: lost:0: retrans:0: loseo:0: stage:0: conn:0: RTT6:0: RTT7:0: delta:0
[  308.079218] AAAAA-TCP_SEND: name:enp0s3: saddr:33561200: daddr:100932208: srtt_us:2497384: RTT:312173: ssthresh:2147483647: cwnd:10: delivered:1: lost:0: retrans:0: loseo:0: stage:0: conn:0: RTT6:0: RTT7:0: delta:0
[  308.130821] AAAAA-TCP_RECV: name:enp0s3: saddr:100932208: daddr:33561200: srtt_us:2497384: RTT:312173: ssthresh:2147483647: cwnd:10: delivered:1: lost:0: retrans:0: loseo:0: stage:0: conn:0: RTT6:0: RTT7:0: delta:0
[  308.130854] AAAAA-TCP_SEND: name:enp0s3: saddr:33561200: daddr:100932208: srtt_us:2497384: RTT:312173: ssthresh:2147483647: cwnd:10: delivered:1: lost:0: retrans:0: loseo:0: stage:0: conn:0: RTT6:0: RTT7:0: delta:0
[  308.281251] AAAAA-TCP_RECV: name:enp0s3: saddr:100932208: daddr:33561200: srtt_us:2497384: RTT:312173: ssthresh:2147483647: cwnd:10: delivered:1: lost:0: retrans:0: loseo:0: stage:0: conn:0: RTT6:0: RTT7:0: delta:0
[  308.281317] AAAAA-TCP_SEND: name:enp0s3: saddr:33561200: daddr:100932208: srtt_us:2497384: RTT:312173: ssthresh:2147483647: cwnd:10: delivered:1: lost:0: retrans:0: loseo:0: stage:0: conn:0: RTT6:0: RTT7:0: delta:0
[  308.328927] AAAAA-TCP_RECV: name:enp0s3: saddr:100932208: daddr:33561200: srtt_us:2497384: RTT:312173: ssthresh:2147483647: cwnd:10: delivered:1: lost:0: retrans:0: loseo:0: stage:0: conn:0: RTT6:0: RTT7:0: delta:0
[  308.328964] AAAAA-TCP_SEND: name:enp0s3: saddr:33561200: daddr:100932208: srtt_us:2497384: RTT:312173: ssthresh:2147483647: cwnd:10: delivered:1: lost:0: retrans:0: loseo:0: stage:0: conn:0: RTT6:0: RTT7:0: delta:0
[  308.406318] AAAAA-TCP_RECV: name:enp0s3: saddr:100932208: daddr:33561200: srtt_us:2497384: RTT:312173: ssthresh:2147483647: cwnd:10: delivered:1: lost:0: retrans:0: loseo:0: stage:0: conn:0: RTT6:0: RTT7:0: delta:0
[  308.406351] AAAAA-TCP_SEND: name:enp0s3: saddr:33561200: daddr:100932208: srtt_us:2497384: RTT:312173: ssthresh:2147483647: cwnd:10: delivered:1: lost:0: retrans:0: loseo:0: stage:0: conn:0: RTT6:0: RTT7:0: delta:0
[  308.485317] AAAAA-TCP_RECV: name:enp0s3: saddr:100932208: daddr:33561200: srtt_us:2497384: RTT:312173: ssthresh:2147483647: cwnd:10: delivered:1: lost:0: retrans:0: loseo:0: stage:0: conn:0: RTT6:0: RTT7:0: delta:0
[  308.528474] AAAAA-TCP_SEND: name:enp0s3: saddr:33561200: daddr:100932208: srtt_us:2497384: RTT:312173: ssthresh:2147483647: cwnd:10: delivered:1: lost:0: retrans:0: loseo:0: stage:0: conn:0: RTT6:0: RTT7:0: delta:0
[  308.545635] AAAAA-TCP_RECV: name:enp0s3: saddr:100932208: daddr:33561200: srtt_us:2497384: RTT:312173: ssthresh:2147483647: cwnd:10: delivered:1: lost:0: retrans:0: loseo:0: stage:0: conn:0: RTT6:0: RTT7:0: delta:0
[  308.608953] AAAAA-TCP_RECV: name:enp0s3: saddr:100932208: daddr:33561200: srtt_us:2497384: RTT:312173: ssthresh:2147483647: cwnd:10: delivered:1: lost:0: retrans:0: loseo:0: stage:0: conn:0: RTT6:0: RTT7:0: delta:0
[  308.608987] AAAAA-TCP_SEND: name:enp0s3: saddr:33561200: daddr:100932208: srtt_us:2497384: RTT:312173: ssthresh:2147483647: cwnd:10: delivered:1: lost:0: retrans:0: loseo:0: stage:0: conn:0: RTT6:0: RTT7:0: delta:0
[  308.692283] AAAAA-TCP_RECV: name:enp0s3: saddr:100932208: daddr:33561200: srtt_us:2497384: RTT:312173: ssthresh:2147483647: cwnd:10: delivered:1: lost:0: retrans:0: loseo:0: stage:0: conn:0: RTT6:0: RTT7:0: delta:0
[  308.735455] AAAAA-TCP_RECV: name:enp0s3: saddr:100932208: daddr:16783984: srtt_us:1398232: RTT:174779: ssthresh:2147483647: cwnd:10: delivered:1: lost:0: retrans:0: loseo:0: stage:0: conn:0: RTT6:0: RTT7:0: delta:0
[  308.735493] AAAAA-TCP_SEND: name:enp0s3: saddr:16783984: daddr:100932208: srtt_us:1398232: RTT:174779: ssthresh:2147483647: cwnd:10: delivered:1: lost:0: retrans:0: loseo:0: stage:0: conn:0: RTT6:0: RTT7:0: delta:0
[  308.785277] AAAAA-TCP_RECV: name:enp0s3: saddr:100932208: daddr:16783984: srtt_us:1398232: RTT:174779: ssthresh:2147483647: cwnd:10: delivered:1: lost:0: retrans:0: loseo:0: stage:0: conn:0: RTT6:0: RTT7:0: delta:0
[  308.785301] AAAAA-TCP_SEND: name:enp0s3: saddr:16783984: daddr:100932208: srtt_us:1398232: RTT:174779: ssthresh:2147483647: cwnd:10: delivered:1: lost:0: retrans:0: loseo:0: stage:0: conn:0: RTT6:0: RTT7:0: delta:0
[  308.828474] AAAAA-TCP_SEND: name:enp0s3: saddr:33561200: daddr:100932208: srtt_us:2497384: RTT:312173: ssthresh:2147483647: cwnd:10: delivered:1: lost:0: retrans:0: loseo:0: stage:0: conn:0: RTT6:0: RTT7:0: delta:0
[  308.889788] AAAAA-TCP_RECV: name:enp0s3: saddr:100932208: daddr:16783984: srtt_us:1398232: RTT:174779: ssthresh:2147483647: cwnd:10: delivered:1: lost:0: retrans:0: loseo:0: stage:0: conn:0: RTT6:0: RTT7:0: delta:0
[  308.889821] AAAAA-TCP_SEND: name:enp0s3: saddr:16783984: daddr:100932208: srtt_us:1398232: RTT:174779: ssthresh:2147483647: cwnd:10: delivered:1: lost:0: retrans:0: loseo:0: stage:0: conn:0: RTT6:0: RTT7:0: delta:0
[  308.968145] AAAAA-TCP_RECV: name:enp0s3: saddr:100932208: daddr:16783984: srtt_us:1398232: RTT:174779: ssthresh:2147483647: cwnd:10: delivered:1: lost:0: retrans:0: loseo:0: stage:0: conn:0: RTT6:0: RTT7:0: delta:0
[  308.968186] AAAAA-TCP_SEND: name:enp0s3: saddr:16783984: daddr:100932208: srtt_us:1398232: RTT:174779: ssthresh:2147483647: cwnd:10: delivered:1: lost:0: retrans:0: loseo:0: stage:0: conn:0: RTT6:0: RTT7:0: delta:0
[  309.040484] AAAAA-TCP_RECV: name:enp0s3: saddr:100932208: daddr:16783984: srtt_us:1398232: RTT:174779: ssthresh:2147483647: cwnd:10: delivered:1: lost:0: retrans:0: loseo:0: stage:0: conn:0: RTT6:0: RTT7:0: delta:0
[  309.040514] AAAAA-TCP_SEND: name:enp0s3: saddr:16783984: daddr:100932208: srtt_us:1398232: RTT:174779: ssthresh:2147483647: cwnd:10: delivered:1: lost:0: retrans:0: loseo:0: stage:0: conn:0: RTT6:0: RTT7:0: delta:0
[  309.114547] AAAAA-TCP_RECV: name:enp0s3: saddr:100932208: daddr:16783984: srtt_us:1398232: RTT:174779: ssthresh:2147483647: cwnd:10: delivered:1: lost:0: retrans:0: loseo:0: stage:0: conn:0: RTT6:0: RTT7:0: delta:0
[  309.114599] AAAAA-TCP_SEND: name:enp0s3: saddr:16783984: daddr:100932208: srtt_us:1398232: RTT:174779: ssthresh:2147483647: cwnd:10: delivered:1: lost:0: retrans:0: loseo:0: stage:0: conn:0: RTT6:0: RTT7:0: delta:0
[  309.148293] AAAAA-TCP_RECV: name:enp0s3: saddr:100932208: daddr:16783984: srtt_us:1398232: RTT:174779: ssthresh:2147483647: cwnd:10: delivered:1: lost:0: retrans:0: loseo:0: stage:0: conn:0: RTT6:0: RTT7:0: delta:0
[  309.148326] AAAAA-TCP_SEND: name:enp0s3: saddr:16783984: daddr:100932208: srtt_us:1398232: RTT:174779: ssthresh:2147483647: cwnd:10: delivered:1: lost:0: retrans:0: loseo:0: stage:0: conn:0: RTT6:0: RTT7:0: delta:0
[  309.224701] AAAAA-TCP_RECV: name:enp0s3: saddr:100932208: daddr:16783984: srtt_us:1398232: RTT:174779: ssthresh:2147483647: cwnd:10: delivered:1: lost:0: retrans:0: loseo:0: stage:0: conn:0: RTT6:0: RTT7:0: delta:0
[  309.224732] AAAAA-TCP_SEND: name:enp0s3: saddr:16783984: daddr:100932208: srtt_us:1398232: RTT:174779: ssthresh:2147483647: cwnd:10: delivered:1: lost:0: retrans:0: loseo:0: stage:0: conn:0: RTT6:0: RTT7:0: delta:0
[  309.348456] AAAAA-TCP_RECV: name:enp0s3: saddr:100932208: daddr:16783984: srtt_us:1398232: RTT:174779: ssthresh:2147483647: cwnd:10: delivered:1: lost:0: retrans:0: loseo:0: stage:0: conn:0: RTT6:0: RTT7:0: delta:0
[  309.348488] AAAAA-TCP_SEND: name:enp0s3: saddr:16783984: daddr:100932208: srtt_us:1398232: RTT:174779: ssthresh:2147483647: cwnd:10: delivered:1: lost:0: retrans:0: loseo:0: stage:0: conn:0: RTT6:0: RTT7:0: delta:0
[  309.425242] AAAAA-TCP_RECV: name:enp0s3: saddr:100932208: daddr:16783984: srtt_us:1398232: RTT:174779: ssthresh:2147483647: cwnd:10: delivered:1: lost:0: retrans:0: loseo:0: stage:0: conn:0: RTT6:0: RTT7:0: delta:0
[  309.425273] AAAAA-TCP_SEND: name:enp0s3: saddr:16783984: daddr:100932208: srtt_us:1398232: RTT:174779: ssthresh:2147483647: cwnd:10: delivered:1: lost:0: retrans:0: loseo:0: stage:0: conn:0: RTT6:0: RTT7:0: delta:0
[  309.546937] AAAAA-TCP_RECV: name:enp0s3: saddr:100932208: daddr:16783984: srtt_us:1398232: RTT:174779: ssthresh:2147483647: cwnd:10: delivered:1: lost:0: retrans:0: loseo:0: stage:0: conn:0: RTT6:0: RTT7:0: delta:0
[  309.547012] AAAAA-TCP_SEND: name:enp0s3: saddr:16783984: daddr:100932208: srtt_us:1398232: RTT:174779: ssthresh:2147483647: cwnd:10: delivered:1: lost:0: retrans:0: loseo:0: stage:0: conn:0: RTT6:0: RTT7:0: delta:0
[  309.688981] AAAAA-TCP_RECV: name:enp0s3: saddr:100932208: daddr:16783984: srtt_us:1398232: RTT:174779: ssthresh:2147483647: cwnd:10: delivered:1: lost:0: retrans:0: loseo:0: stage:0: conn:0: RTT6:0: RTT7:0: delta:0
[  309.689042] AAAAA-TCP_SEND: name:enp0s3: saddr:16783984: daddr:100932208: srtt_us:1398232: RTT:174779: ssthresh:2147483647: cwnd:10: delivered:1: lost:0: retrans:0: loseo:0: stage:0: conn:0: RTT6:0: RTT7:0: delta:0
[  309.862791] AAAAA-TCP_RECV: name:enp0s3: saddr:100932208: daddr:16783984: srtt_us:1398232: RTT:174779: ssthresh:2147483647: cwnd:10: delivered:1: lost:0: retrans:0: loseo:0: stage:0: conn:0: RTT6:0: RTT7:0: delta:0
[  309.862877] AAAAA-TCP_SEND: name:enp0s3: saddr:16783984: daddr:100932208: srtt_us:1398232: RTT:174779: ssthresh:2147483647: cwnd:10: delivered:1: lost:0: retrans:0: loseo:0: stage:0: conn:0: RTT6:0: RTT7:0: delta:0
[  309.976505] AAAAA-TCP_RECV: name:enp0s3: saddr:100932208: daddr:16783984: srtt_us:1398232: RTT:174779: ssthresh:2147483647: cwnd:10: delivered:1: lost:0: retrans:0: loseo:0: stage:0: conn:0: RTT6:0: RTT7:0: delta:0
[  309.976544] AAAAA-TCP_SEND: name:enp0s3: saddr:16783984: daddr:100932208: srtt_us:1398232: RTT:174779: ssthresh:2147483647: cwnd:10: delivered:1: lost:0: retrans:0: loseo:0: stage:0: conn:0: RTT6:0: RTT7:0: delta:0
[  310.084007] AAAAA-TCP_RECV: name:enp0s3: saddr:100932208: daddr:16783984: srtt_us:1398232: RTT:174779: ssthresh:2147483647: cwnd:10: delivered:1: lost:0: retrans:0: loseo:0: stage:0: conn:0: RTT6:0: RTT7:0: delta:0
[  310.084111] AAAAA-TCP_SEND: name:enp0s3: saddr:16783984: daddr:100932208: srtt_us:1398232: RTT:174779: ssthresh:2147483647: cwnd:10: delivered:1: lost:0: retrans:0: loseo:0: stage:0: conn:0: RTT6:0: RTT7:0: delta:0
[  310.225204] AAAAA-TCP_RECV: name:enp0s3: saddr:100932208: daddr:16783984: srtt_us:1398232: RTT:174779: ssthresh:2147483647: cwnd:10: delivered:1: lost:0: retrans:0: loseo:0: stage:0: conn:0: RTT6:0: RTT7:0: delta:0
[  310.225258] AAAAA-TCP_SEND: name:enp0s3: saddr:16783984: daddr:100932208: srtt_us:1398232: RTT:174779: ssthresh:2147483647: cwnd:10: delivered:1: lost:0: retrans:0: loseo:0: stage:0: conn:0: RTT6:0: RTT7:0: delta:0
[  310.454874] AAAAA-TCP_RECV: name:enp0s3: saddr:100932208: daddr:16783984: srtt_us:1398232: RTT:174779: ssthresh:2147483647: cwnd:10: delivered:1: lost:0: retrans:0: loseo:0: stage:0: conn:0: RTT6:0: RTT7:0: delta:0
[  310.496485] AAAAA-TCP_SEND: name:enp0s3: saddr:16783984: daddr:100932208: srtt_us:1398232: RTT:174779: ssthresh:2147483647: cwnd:10: delivered:1: lost:0: retrans:0: loseo:0: stage:0: conn:0: RTT6:0: RTT7:0: delta:0
[  310.548624] AAAAA-TCP_RECV: name:enp0s3: saddr:100932208: daddr:16783984: srtt_us:1398232: RTT:174779: ssthresh:2147483647: cwnd:10: delivered:1: lost:0: retrans:0: loseo:0: stage:0: conn:0: RTT6:0: RTT7:0: delta:0
[  310.617469] AAAAA-TCP_RECV: name:enp0s3: saddr:100932208: daddr:16783984: srtt_us:1398232: RTT:174779: ssthresh:2147483647: cwnd:10: delivered:1: lost:0: retrans:0: loseo:0: stage:0: conn:0: RTT6:0: RTT7:0: delta:0
[  310.617512] AAAAA-TCP_SEND: name:enp0s3: saddr:16783984: daddr:100932208: srtt_us:1398232: RTT:174779: ssthresh:2147483647: cwnd:10: delivered:1: lost:0: retrans:0: loseo:0: stage:0: conn:0: RTT6:0: RTT7:0: delta:0
[  310.744839] AAAAA-TCP_RECV: name:enp0s3: saddr:100932208: daddr:16783984: srtt_us:1398232: RTT:174779: ssthresh:2147483647: cwnd:10: delivered:1: lost:0: retrans:0: loseo:0: stage:0: conn:0: RTT6:0: RTT7:0: delta:0
[  310.849003] AAAAA-TCP_RECV: name:enp0s3: saddr:100932208: daddr:16783984: srtt_us:1398232: RTT:174779: ssthresh:2147483647: cwnd:10: delivered:1: lost:0: retrans:0: loseo:0: stage:0: conn:0: RTT6:0: RTT7:0: delta:0
[  310.849056] AAAAA-TCP_SEND: name:enp0s3: saddr:16783984: daddr:100932208: srtt_us:1398232: RTT:174779: ssthresh:2147483647: cwnd:10: delivered:1: lost:0: retrans:0: loseo:0: stage:0: conn:0: RTT6:0: RTT7:0: delta:0
[  310.952914] AAAAA-TCP_RECV: name:enp0s3: saddr:100932208: daddr:16783984: srtt_us:1398232: RTT:174779: ssthresh:2147483647: cwnd:10: delivered:1: lost:0: retrans:0: loseo:0: stage:0: conn:0: RTT6:0: RTT7:0: delta:0
[  311.071451] AAAAA-TCP_RECV: name:enp0s3: saddr:100932208: daddr:16783984: srtt_us:1398232: RTT:174779: ssthresh:2147483647: cwnd:10: delivered:1: lost:0: retrans:0: loseo:0: stage:0: conn:0: RTT6:0: RTT7:0: delta:0
[  311.071494] AAAAA-TCP_SEND: name:enp0s3: saddr:16783984: daddr:100932208: srtt_us:1398232: RTT:174779: ssthresh:2147483647: cwnd:10: delivered:1: lost:0: retrans:0: loseo:0: stage:0: conn:0: RTT6:0: RTT7:0: delta:0
[  311.165885] AAAAA-TCP_RECV: name:enp0s3: saddr:100932208: daddr:16783984: srtt_us:1398232: RTT:174779: ssthresh:2147483647: cwnd:10: delivered:1: lost:0: retrans:0: loseo:0: stage:0: conn:0: RTT6:0: RTT7:0: delta:0
[  311.205760] AAAAA-TCP_RECV: name:enp0s3: saddr:100932208: daddr:16783984: srtt_us:1398232: RTT:174779: ssthresh:2147483647: cwnd:10: delivered:1: lost:0: retrans:0: loseo:0: stage:0: conn:0: RTT6:0: RTT7:0: delta:0
[  311.205796] AAAAA-TCP_SEND: name:enp0s3: saddr:16783984: daddr:100932208: srtt_us:1398232: RTT:174779: ssthresh:2147483647: cwnd:10: delivered:1: lost:0: retrans:0: loseo:0: stage:0: conn:0: RTT6:0: RTT7:0: delta:0
[  311.316921] AAAAA-TCP_RECV: name:enp0s3: saddr:100932208: daddr:33561200: srtt_us:2497384: RTT:312173: ssthresh:2147483647: cwnd:10: delivered:1: lost:0: retrans:0: loseo:0: stage:0: conn:0: RTT6:0: RTT7:0: delta:0
[  311.316968] AAAAA-TCP_SEND: name:enp0s3: saddr:33561200: daddr:100932208: srtt_us:2497384: RTT:312173: ssthresh:2147483647: cwnd:10: delivered:1: lost:0: retrans:0: loseo:0: stage:0: conn:0: RTT6:0: RTT7:0: delta:0
[  311.370347] AAAAA-TCP_RECV: name:enp0s3: saddr:100932208: daddr:33561200: srtt_us:2497384: RTT:312173: ssthresh:2147483647: cwnd:10: delivered:1: lost:0: retrans:0: loseo:0: stage:0: conn:0: RTT6:0: RTT7:0: delta:0
[  311.370417] AAAAA-TCP_SEND: name:enp0s3: saddr:33561200: daddr:100932208: srtt_us:2497384: RTT:312173: ssthresh:2147483647: cwnd:10: delivered:1: lost:0: retrans:0: loseo:0: stage:0: conn:0: RTT6:0: RTT7:0: delta:0
[  311.428414] AAAAA-TCP_RECV: name:enp0s3: saddr:100932208: daddr:33561200: srtt_us:2497384: RTT:312173: ssthresh:2147483647: cwnd:10: delivered:1: lost:0: retrans:0: loseo:0: stage:0: conn:0: RTT6:0: RTT7:0: delta:0
[  311.428481] AAAAA-TCP_SEND: name:enp0s3: saddr:33561200: daddr:100932208: srtt_us:2497384: RTT:312173: ssthresh:2147483647: cwnd:10: delivered:1: lost:0: retrans:0: loseo:0: stage:0: conn:0: RTT6:0: RTT7:0: delta:0
[  311.502256] AAAAA-TCP_RECV: name:enp0s3: saddr:100932208: daddr:33561200: srtt_us:2497384: RTT:312173: ssthresh:2147483647: cwnd:10: delivered:1: lost:0: retrans:0: loseo:0: stage:0: conn:0: RTT6:0: RTT7:0: delta:0
[  311.502298] AAAAA-TCP_SEND: name:enp0s3: saddr:33561200: daddr:100932208: srtt_us:2497384: RTT:312173: ssthresh:2147483647: cwnd:10: delivered:1: lost:0: retrans:0: loseo:0: stage:0: conn:0: RTT6:0: RTT7:0: delta:0
[  311.592833] AAAAA-TCP_RECV: name:enp0s3: saddr:100932208: daddr:33561200: srtt_us:2497384: RTT:312173: ssthresh:2147483647: cwnd:10: delivered:1: lost:0: retrans:0: loseo:0: stage:0: conn:0: RTT6:0: RTT7:0: delta:0
[  311.592885] AAAAA-TCP_SEND: name:enp0s3: saddr:33561200: daddr:100932208: srtt_us:2497384: RTT:312173: ssthresh:2147483647: cwnd:10: delivered:1: lost:0: retrans:0: loseo:0: stage:0: conn:0: RTT6:0: RTT7:0: delta:0
[  311.687164] AAAAA-TCP_RECV: name:enp0s3: saddr:100932208: daddr:33561200: srtt_us:2497384: RTT:312173: ssthresh:2147483647: cwnd:10: delivered:1: lost:0: retrans:0: loseo:0: stage:0: conn:0: RTT6:0: RTT7:0: delta:0
[  311.687285] AAAAA-TCP_SEND: name:enp0s3: saddr:33561200: daddr:100932208: srtt_us:2497384: RTT:312173: ssthresh:2147483647: cwnd:10: delivered:1: lost:0: retrans:0: loseo:0: stage:0: conn:0: RTT6:0: RTT7:0: delta:0
[  311.732579] AAAAA-TCP_RECV: name:enp0s3: saddr:100932208: daddr:33561200: srtt_us:2497384: RTT:312173: ssthresh:2147483647: cwnd:10: delivered:1: lost:0: retrans:0: loseo:0: stage:0: conn:0: RTT6:0: RTT7:0: delta:0
[  311.732650] AAAAA-TCP_SEND: name:enp0s3: saddr:33561200: daddr:100932208: srtt_us:2497384: RTT:312173: ssthresh:2147483647: cwnd:10: delivered:1: lost:0: retrans:0: loseo:0: stage:0: conn:0: RTT6:0: RTT7:0: delta:0
[  311.810717] AAAAA-TCP_RECV: name:enp0s3: saddr:100932208: daddr:33561200: srtt_us:2497384: RTT:312173: ssthresh:2147483647: cwnd:10: delivered:1: lost:0: retrans:0: loseo:0: stage:0: conn:0: RTT6:0: RTT7:0: delta:0
[  311.810785] AAAAA-TCP_SEND: name:enp0s3: saddr:33561200: daddr:100932208: srtt_us:2497384: RTT:312173: ssthresh:2147483647: cwnd:10: delivered:1: lost:0: retrans:0: loseo:0: stage:0: conn:0: RTT6:0: RTT7:0: delta:0
[  311.910313] AAAAA-TCP_RECV: name:enp0s3: saddr:100932208: daddr:33561200: srtt_us:2497384: RTT:312173: ssthresh:2147483647: cwnd:10: delivered:1: lost:0: retrans:0: loseo:0: stage:0: conn:0: RTT6:0: RTT7:0: delta:0
[  311.910396] AAAAA-TCP_SEND: name:enp0s3: saddr:33561200: daddr:100932208: srtt_us:2497384: RTT:312173: ssthresh:2147483647: cwnd:10: delivered:1: lost:0: retrans:0: loseo:0: stage:0: conn:0: RTT6:0: RTT7:0: delta:0
[  311.966560] AAAAA-TCP_RECV: name:enp0s3: saddr:100932208: daddr:33561200: srtt_us:2497384: RTT:312173: ssthresh:2147483647: cwnd:10: delivered:1: lost:0: retrans:0: loseo:0: stage:0: conn:0: RTT6:0: RTT7:0: delta:0
[  311.966594] AAAAA-TCP_SEND: name:enp0s3: saddr:33561200: daddr:100932208: srtt_us:2497384: RTT:312173: ssthresh:2147483647: cwnd:10: delivered:1: lost:0: retrans:0: loseo:0: stage:0: conn:0: RTT6:0: RTT7:0: delta:0
[  312.029123] AAAAA-TCP_RECV: name:enp0s3: saddr:100932208: daddr:33561200: srtt_us:2497384: RTT:312173: ssthresh:2147483647: cwnd:10: delivered:1: lost:0: retrans:0: loseo:0: stage:0: conn:0: RTT6:0: RTT7:0: delta:0
[  312.029158] AAAAA-TCP_SEND: name:enp0s3: saddr:33561200: daddr:100932208: srtt_us:2497384: RTT:312173: ssthresh:2147483647: cwnd:10: delivered:1: lost:0: retrans:0: loseo:0: stage:0: conn:0: RTT6:0: RTT7:0: delta:0
[  312.085140] AAAAA-TCP_RECV: name:enp0s3: saddr:100932208: daddr:33561200: srtt_us:2497384: RTT:312173: ssthresh:2147483647: cwnd:10: delivered:1: lost:0: retrans:0: loseo:0: stage:0: conn:0: RTT6:0: RTT7:0: delta:0
[  312.085186] AAAAA-TCP_SEND: name:enp0s3: saddr:33561200: daddr:100932208: srtt_us:2497384: RTT:312173: ssthresh:2147483647: cwnd:10: delivered:1: lost:0: retrans:0: loseo:0: stage:0: conn:0: RTT6:0: RTT7:0: delta:0
[  312.154325] AAAAA-TCP_RECV: name:enp0s3: saddr:100932208: daddr:33561200: srtt_us:2497384: RTT:312173: ssthresh:2147483647: cwnd:10: delivered:1: lost:0: retrans:0: loseo:0: stage:0: conn:0: RTT6:0: RTT7:0: delta:0
[  312.154373] AAAAA-TCP_SEND: name:enp0s3: saddr:33561200: daddr:100932208: srtt_us:2497384: RTT:312173: ssthresh:2147483647: cwnd:10: delivered:1: lost:0: retrans:0: loseo:0: stage:0: conn:0: RTT6:0: RTT7:0: delta:0
[  312.226646] AAAAA-TCP_RECV: name:enp0s3: saddr:100932208: daddr:33561200: srtt_us:2497384: RTT:312173: ssthresh:2147483647: cwnd:10: delivered:1: lost:0: retrans:0: loseo:0: stage:0: conn:0: RTT6:0: RTT7:0: delta:0
[  312.226682] AAAAA-TCP_SEND: name:enp0s3: saddr:33561200: daddr:100932208: srtt_us:2497384: RTT:312173: ssthresh:2147483647: cwnd:10: delivered:1: lost:0: retrans:0: loseo:0: stage:0: conn:0: RTT6:0: RTT7:0: delta:0
[  312.927411] AAAAA-TCP_RECV: name:enp0s3: saddr:100932208: daddr:33561200: srtt_us:2497384: RTT:312173: ssthresh:2147483647: cwnd:10: delivered:1: lost:0: retrans:0: loseo:0: stage:0: conn:0: RTT6:0: RTT7:0: delta:0
[  312.927477] AAAAA-TCP_SEND: name:enp0s3: saddr:33561200: daddr:100932208: srtt_us:2497384: RTT:312173: ssthresh:2147483647: cwnd:10: delivered:1: lost:0: retrans:0: loseo:0: stage:0: conn:0: RTT6:0: RTT7:0: delta:0
[  312.996778] AAAAA-TCP_RECV: name:enp0s3: saddr:100932208: daddr:33561200: srtt_us:2497384: RTT:312173: ssthresh:2147483647: cwnd:10: delivered:1: lost:0: retrans:0: loseo:0: stage:0: conn:0: RTT6:0: RTT7:0: delta:0
[  312.996821] AAAAA-TCP_SEND: name:enp0s3: saddr:33561200: daddr:100932208: srtt_us:2497384: RTT:312173: ssthresh:2147483647: cwnd:10: delivered:1: lost:0: retrans:0: loseo:0: stage:0: conn:0: RTT6:0: RTT7:0: delta:0
[  313.043148] AAAAA-TCP_RECV: name:enp0s3: saddr:100932208: daddr:33561200: srtt_us:2497384: RTT:312173: ssthresh:2147483647: cwnd:10: delivered:1: lost:0: retrans:0: loseo:0: stage:0: conn:0: RTT6:0: RTT7:0: delta:0
[  313.043187] AAAAA-TCP_SEND: name:enp0s3: saddr:33561200: daddr:100932208: srtt_us:2497384: RTT:312173: ssthresh:2147483647: cwnd:10: delivered:1: lost:0: retrans:0: loseo:0: stage:0: conn:0: RTT6:0: RTT7:0: delta:0
[  335.187809] AAAAA-TCP_RECV: name:enp0s3: saddr:100932208: daddr:33561200: srtt_us:2497384: RTT:312173: ssthresh:2147483647: cwnd:10: delivered:1: lost:0: retrans:0: loseo:0: stage:0: conn:0: RTT6:0: RTT7:0: delta:0
[  335.187871] AAAAA-TCP_SEND: name:enp0s3: saddr:33561200: daddr:100932208: srtt_us:2497384: RTT:312173: ssthresh:2147483647: cwnd:10: delivered:1: lost:0: retrans:0: loseo:0: stage:0: conn:0: RTT6:0: RTT7:0: delta:0
[  335.472969] AAAAA-TCP_RECV: name:enp0s3: saddr:100932208: daddr:33561200: srtt_us:2497384: RTT:312173: ssthresh:2147483647: cwnd:10: delivered:1: lost:0: retrans:0: loseo:0: stage:0: conn:0: RTT6:0: RTT7:0: delta:0
[  335.473029] AAAAA-TCP_SEND: name:enp0s3: saddr:33561200: daddr:100932208: srtt_us:2497384: RTT:312173: ssthresh:2147483647: cwnd:10: delivered:1: lost:0: retrans:0: loseo:0: stage:0: conn:0: RTT6:0: RTT7:0: delta:0
[  335.520251] AAAAA-TCP_RECV: name:enp0s3: saddr:100932208: daddr:33561200: srtt_us:2497384: RTT:312173: ssthresh:2147483647: cwnd:10: delivered:1: lost:0: retrans:0: loseo:0: stage:0: conn:0: RTT6:0: RTT7:0: delta:0
[  335.520297] AAAAA-TCP_SEND: name:enp0s3: saddr:33561200: daddr:100932208: srtt_us:2497384: RTT:312173: ssthresh:2147483647: cwnd:10: delivered:1: lost:0: retrans:0: loseo:0: stage:0: conn:0: RTT6:0: RTT7:0: delta:0
[  335.895646] AAAAA-TCP_RECV: name:enp0s3: saddr:100932208: daddr:33561200: srtt_us:2497384: RTT:312173: ssthresh:2147483647: cwnd:10: delivered:1: lost:0: retrans:0: loseo:0: stage:0: conn:0: RTT6:0: RTT7:0: delta:0
[  335.895687] AAAAA-TCP_SEND: name:enp0s3: saddr:33561200: daddr:100932208: srtt_us:2497384: RTT:312173: ssthresh:2147483647: cwnd:10: delivered:1: lost:0: retrans:0: loseo:0: stage:0: conn:0: RTT6:0: RTT7:0: delta:0
[  336.025780] AAAAA-TCP_RECV: name:enp0s3: saddr:100932208: daddr:33561200: srtt_us:2497384: RTT:312173: ssthresh:2147483647: cwnd:10: delivered:1: lost:0: retrans:0: loseo:0: stage:0: conn:0: RTT6:0: RTT7:0: delta:0
[  336.025812] AAAAA-TCP_SEND: name:enp0s3: saddr:33561200: daddr:100932208: srtt_us:2497384: RTT:312173: ssthresh:2147483647: cwnd:10: delivered:1: lost:0: retrans:0: loseo:0: stage:0: conn:0: RTT6:0: RTT7:0: delta:0
[  336.075512] AAAAA-TCP_RECV: name:enp0s3: saddr:100932208: daddr:33561200: srtt_us:2497384: RTT:312173: ssthresh:2147483647: cwnd:10: delivered:1: lost:0: retrans:0: loseo:0: stage:0: conn:0: RTT6:0: RTT7:0: delta:0
[  336.075541] AAAAA-TCP_SEND: name:enp0s3: saddr:33561200: daddr:100932208: srtt_us:2497384: RTT:312173: ssthresh:2147483647: cwnd:10: delivered:1: lost:0: retrans:0: loseo:0: stage:0: conn:0: RTT6:0: RTT7:0: delta:0
[  336.151767] AAAAA-TCP_RECV: name:enp0s3: saddr:100932208: daddr:33561200: srtt_us:2497384: RTT:312173: ssthresh:2147483647: cwnd:10: delivered:1: lost:0: retrans:0: loseo:0: stage:0: conn:0: RTT6:0: RTT7:0: delta:0
[  336.151799] AAAAA-TCP_SEND: name:enp0s3: saddr:33561200: daddr:100932208: srtt_us:2497384: RTT:312173: ssthresh:2147483647: cwnd:10: delivered:1: lost:0: retrans:0: loseo:0: stage:0: conn:0: RTT6:0: RTT7:0: delta:0
[  336.188779] AAAAA-TCP_RECV: name:enp0s3: saddr:100932208: daddr:33561200: srtt_us:2497384: RTT:312173: ssthresh:2147483647: cwnd:10: delivered:1: lost:0: retrans:0: loseo:0: stage:0: conn:0: RTT6:0: RTT7:0: delta:0
[  336.188806] AAAAA-TCP_SEND: name:enp0s3: saddr:33561200: daddr:100932208: srtt_us:2497384: RTT:312173: ssthresh:2147483647: cwnd:10: delivered:1: lost:0: retrans:0: loseo:0: stage:0: conn:0: RTT6:0: RTT7:0: delta:0
[  336.343115] AAAAA-TCP_RECV: name:enp0s3: saddr:100932208: daddr:33561200: srtt_us:2497384: RTT:312173: ssthresh:2147483647: cwnd:10: delivered:1: lost:0: retrans:0: loseo:0: stage:0: conn:0: RTT6:0: RTT7:0: delta:0
[  336.343189] AAAAA-TCP_SEND: name:enp0s3: saddr:33561200: daddr:100932208: srtt_us:2497384: RTT:312173: ssthresh:2147483647: cwnd:10: delivered:1: lost:0: retrans:0: loseo:0: stage:0: conn:0: RTT6:0: RTT7:0: delta:0
[  336.505938] AAAAA-TCP_RECV: name:enp0s3: saddr:100932208: daddr:33561200: srtt_us:2497384: RTT:312173: ssthresh:2147483647: cwnd:10: delivered:1: lost:0: retrans:0: loseo:0: stage:0: conn:0: RTT6:0: RTT7:0: delta:0
[  336.505977] AAAAA-TCP_SEND: name:enp0s3: saddr:33561200: daddr:100932208: srtt_us:2497384: RTT:312173: ssthresh:2147483647: cwnd:10: delivered:1: lost:0: retrans:0: loseo:0: stage:0: conn:0: RTT6:0: RTT7:0: delta:0
[  336.842708] AAAAA-TCP_RECV: name:enp0s3: saddr:100932208: daddr:33561200: srtt_us:2497384: RTT:312173: ssthresh:2147483647: cwnd:10: delivered:1: lost:0: retrans:0: loseo:0: stage:0: conn:0: RTT6:0: RTT7:0: delta:0
[  336.842752] AAAAA-TCP_SEND: name:enp0s3: saddr:33561200: daddr:100932208: srtt_us:2497384: RTT:312173: ssthresh:2147483647: cwnd:10: delivered:1: lost:0: retrans:0: loseo:0: stage:0: conn:0: RTT6:0: RTT7:0: delta:0
[  336.991676] AAAAA-TCP_RECV: name:enp0s3: saddr:100932208: daddr:33561200: srtt_us:2497384: RTT:312173: ssthresh:2147483647: cwnd:10: delivered:1: lost:0: retrans:0: loseo:0: stage:0: conn:0: RTT6:0: RTT7:0: delta:0
[  336.991719] AAAAA-TCP_SEND: name:enp0s3: saddr:33561200: daddr:100932208: srtt_us:2497384: RTT:312173: ssthresh:2147483647: cwnd:10: delivered:1: lost:0: retrans:0: loseo:0: stage:0: conn:0: RTT6:0: RTT7:0: delta:0
[  337.066953] AAAAA-TCP_RECV: name:enp0s3: saddr:100932208: daddr:33561200: srtt_us:2497384: RTT:312173: ssthresh:2147483647: cwnd:10: delivered:1: lost:0: retrans:0: loseo:0: stage:0: conn:0: RTT6:0: RTT7:0: delta:0
[  337.066992] AAAAA-TCP_SEND: name:enp0s3: saddr:33561200: daddr:100932208: srtt_us:2497384: RTT:312173: ssthresh:2147483647: cwnd:10: delivered:1: lost:0: retrans:0: loseo:0: stage:0: conn:0: RTT6:0: RTT7:0: delta:0
[  337.166085] AAAAA-TCP_RECV: name:enp0s3: saddr:100932208: daddr:33561200: srtt_us:2497384: RTT:312173: ssthresh:2147483647: cwnd:10: delivered:1: lost:0: retrans:0: loseo:0: stage:0: conn:0: RTT6:0: RTT7:0: delta:0
[  337.166117] AAAAA-TCP_SEND: name:enp0s3: saddr:33561200: daddr:100932208: srtt_us:2497384: RTT:312173: ssthresh:2147483647: cwnd:10: delivered:1: lost:0: retrans:0: loseo:0: stage:0: conn:0: RTT6:0: RTT7:0: delta:0
[  337.204305] AAAAA-TCP_RECV: name:enp0s3: saddr:100932208: daddr:33561200: srtt_us:2497384: RTT:312173: ssthresh:2147483647: cwnd:10: delivered:1: lost:0: retrans:0: loseo:0: stage:0: conn:0: RTT6:0: RTT7:0: delta:0
