[    0.000000] Linux version 5.4.243-dmptcp (root@ztg) (gcc version 12.2.0 (Debian 12.2.0-14+deb12u1)) #119 SMP Wed Dec 24 23:52:51 CST 2025
[    0.000000] Command line: BOOT_IMAGE=/boot/vmlinuz-5.4.243-dmptcp root=UUID=98415a12-53b7-4144-8265-0f7ece09e445 ro quiet splash
[    0.000000] KERNEL supported cpus:
[    0.000000]   Intel GenuineIntel
[    0.000000]   AMD AuthenticAMD
[    0.000000]   Hygon HygonGenuine
[    0.000000]   Centaur CentaurHauls
[    0.000000]   zhaoxin   Shanghai  
[    0.000000] x86/fpu: Supporting XSAVE feature 0x001: 'x87 floating point registers'
[    0.000000] x86/fpu: Supporting XSAVE feature 0x002: 'SSE registers'
[    0.000000] x86/fpu: Supporting XSAVE feature 0x004: 'AVX registers'
[    0.000000] x86/fpu: xstate_offset[2]:  576, xstate_sizes[2]:  256
[    0.000000] x86/fpu: Enabled xstate features 0x7, context size is 832 bytes, using 'standard' format.
[    0.000000] BIOS-provided physical RAM map:
[    0.000000] BIOS-e820: [mem 0x0000000000000000-0x000000000009fbff] usable
[    0.000000] BIOS-e820: [mem 0x000000000009fc00-0x000000000009ffff] reserved
[    0.000000] BIOS-e820: [mem 0x00000000000f0000-0x00000000000fffff] reserved
[    0.000000] BIOS-e820: [mem 0x0000000000100000-0x000000007ffeffff] usable
[    0.000000] BIOS-e820: [mem 0x000000007fff0000-0x000000007fffffff] ACPI data
[    0.000000] BIOS-e820: [mem 0x00000000fec00000-0x00000000fec00fff] reserved
[    0.000000] BIOS-e820: [mem 0x00000000fee00000-0x00000000fee00fff] reserved
[    0.000000] BIOS-e820: [mem 0x00000000fffc0000-0x00000000ffffffff] reserved
[    0.000000] NX (Execute Disable) protection: active
[    0.000000] SMBIOS 2.5 present.
[    0.000000] DMI: innotek GmbH VirtualBox/VirtualBox, BIOS VirtualBox 12/01/2006
[    0.000000] Hypervisor detected: KVM
[    0.000000] kvm-clock: Using msrs 4b564d01 and 4b564d00
[    0.000000] kvm-clock: cpu 0, msr 60801001, primary cpu clock
[    0.000000] kvm-clock: using sched offset of 4458682095 cycles
[    0.000003] clocksource: kvm-clock: mask: 0xffffffffffffffff max_cycles: 0x1cd42e4dffb, max_idle_ns: 881590591483 ns
[    0.000005] tsc: Detected 2100.000 MHz processor
[    0.001908] e820: update [mem 0x00000000-0x00000fff] usable ==> reserved
[    0.001910] e820: remove [mem 0x000a0000-0x000fffff] usable
[    0.001914] last_pfn = 0x7fff0 max_arch_pfn = 0x400000000
[    0.001983] MTRR default type: uncachable
[    0.001984] MTRR fixed ranges enabled:
[    0.001985]   00000-9FFFF write-back
[    0.001986]   A0000-BFFFF uncachable
[    0.001987]   C0000-FFFFF write-protect
[    0.001987] MTRR variable ranges enabled:
[    0.001989]   0 base 000000000000 mask 3FFF80000000 write-back
[    0.001990]   1 disabled
[    0.001990]   2 disabled
[    0.001990]   3 disabled
[    0.001991]   4 disabled
[    0.001991]   5 disabled
[    0.001992]   6 disabled
[    0.001992]   7 disabled
[    0.001992]   8 disabled
[    0.001993]   9 disabled
[    0.001993]   10 disabled
[    0.001994]   11 disabled
[    0.001994]   12 disabled
[    0.001995]   13 disabled
[    0.001995]   14 disabled
[    0.001996]   15 disabled
[    0.002011] x86/PAT: Configuration [0-7]: WB  WC  UC- UC  WB  WP  UC- WT  
[    0.002145] found SMP MP-table at [mem 0x0009fff0-0x0009ffff]
[    0.091956] check: Scanning 1 areas for low memory corruption
[    0.092183] RAMDISK: [mem 0x32271000-0x3512ffff]
[    0.092190] ACPI: Early table checksum verification disabled
[    0.092196] ACPI: RSDP 0x00000000000E0000 000024 (v02 VBOX  )
[    0.092200] ACPI: XSDT 0x000000007FFF0030 00003C (v01 VBOX   VBOXXSDT 00000001 ASL  00000061)
[    0.092207] ACPI: FACP 0x000000007FFF00F0 0000F4 (v04 VBOX   VBOXFACP 00000001 ASL  00000061)
[    0.092213] ACPI: DSDT 0x000000007FFF02E0 002353 (v02 VBOX   VBOXBIOS 00000002 VBOX 00029BF3)
[    0.092217] ACPI: FACS 0x000000007FFF0200 000040
[    0.092221] ACPI: FACS 0x000000007FFF0200 000040
[    0.092224] ACPI: APIC 0x000000007FFF0240 000054 (v02 VBOX   VBOXAPIC 00000001 ASL  00000061)
[    0.092227] ACPI: SSDT 0x000000007FFF02A0 000038 (v01 VBOX   VBOXCPUT 00000002 VBOX 00029BF3)
[    0.092231] ACPI: Reserving FACP table memory at [mem 0x7fff00f0-0x7fff01e3]
[    0.092232] ACPI: Reserving DSDT table memory at [mem 0x7fff02e0-0x7fff2632]
[    0.092232] ACPI: Reserving FACS table memory at [mem 0x7fff0200-0x7fff023f]
[    0.092233] ACPI: Reserving FACS table memory at [mem 0x7fff0200-0x7fff023f]
[    0.092234] ACPI: Reserving APIC table memory at [mem 0x7fff0240-0x7fff0293]
[    0.092234] ACPI: Reserving SSDT table memory at [mem 0x7fff02a0-0x7fff02d7]
[    0.092249] ACPI: Local APIC address 0xfee00000
[    0.092434] No NUMA configuration found
[    0.092435] Faking a node at [mem 0x0000000000000000-0x000000007ffeffff]
[    0.092445] NODE_DATA(0) allocated [mem 0x7ffc5000-0x7ffeffff]
[    0.093389] Zone ranges:
[    0.093391]   DMA      [mem 0x0000000000001000-0x0000000000ffffff]
[    0.093392]   DMA32    [mem 0x0000000001000000-0x000000007ffeffff]
[    0.093393]   Normal   empty
[    0.093394]   Device   empty
[    0.093394] Movable zone start for each node
[    0.093396] Early memory node ranges
[    0.093397]   node   0: [mem 0x0000000000001000-0x000000000009efff]
[    0.093398]   node   0: [mem 0x0000000000100000-0x000000007ffeffff]
[    0.094038] Zeroed struct page in unavailable ranges: 114 pages
[    0.094040] Initmem setup node 0 [mem 0x0000000000001000-0x000000007ffeffff]
[    0.094041] On node 0 totalpages: 524174
[    0.094043]   DMA zone: 64 pages used for memmap
[    0.094043]   DMA zone: 21 pages reserved
[    0.094044]   DMA zone: 3998 pages, LIFO batch:0
[    0.094117]   DMA32 zone: 8128 pages used for memmap
[    0.094117]   DMA32 zone: 520176 pages, LIFO batch:63
[    0.103573] ACPI: PM-Timer IO Port: 0x4008
[    0.103576] ACPI: Local APIC address 0xfee00000
[    0.103720] IOAPIC[0]: apic_id 1, version 32, address 0xfec00000, GSI 0-23
[    0.103724] ACPI: INT_SRC_OVR (bus 0 bus_irq 0 global_irq 2 dfl dfl)
[    0.103726] ACPI: INT_SRC_OVR (bus 0 bus_irq 9 global_irq 9 low level)
[    0.103728] ACPI: IRQ0 used by override.
[    0.103729] ACPI: IRQ9 used by override.
[    0.103732] Using ACPI (MADT) for SMP configuration information
[    0.103744] smpboot: Allowing 1 CPUs, 0 hotplug CPUs
[    0.103795] PM: Registered nosave memory: [mem 0x00000000-0x00000fff]
[    0.103796] PM: Registered nosave memory: [mem 0x0009f000-0x0009ffff]
[    0.103797] PM: Registered nosave memory: [mem 0x000a0000-0x000effff]
[    0.103797] PM: Registered nosave memory: [mem 0x000f0000-0x000fffff]
[    0.103799] [mem 0x80000000-0xfebfffff] available for PCI devices
[    0.103800] Booting paravirtualized kernel on KVM
[    0.103803] clocksource: refined-jiffies: mask: 0xffffffff max_cycles: 0xffffffff, max_idle_ns: 7645519600211568 ns
[    0.103808] setup_percpu: NR_CPUS:8192 nr_cpumask_bits:1 nr_cpu_ids:1 nr_node_ids:1
[    0.104668] percpu: Embedded 60 pages/cpu s208896 r8192 d28672 u2097152
[    0.104673] pcpu-alloc: s208896 r8192 d28672 u2097152 alloc=1*2097152
[    0.104674] pcpu-alloc: [0] 0 
[    0.104720] Built 1 zonelists, mobility grouping on.  Total pages: 515961
[    0.104721] Policy zone: DMA32
[    0.104722] Kernel command line: BOOT_IMAGE=/boot/vmlinuz-5.4.243-dmptcp root=UUID=98415a12-53b7-4144-8265-0f7ece09e445 ro quiet splash
[    0.105549] Dentry cache hash table entries: 262144 (order: 9, 2097152 bytes, linear)
[    0.105695] Inode-cache hash table entries: 131072 (order: 8, 1048576 bytes, linear)
[    0.105793] mem auto-init: stack:off, heap alloc:on, heap free:off
[    0.105796] Calgary: detecting Calgary via BIOS EBDA area
[    0.105797] Calgary: Unable to locate Rio Grande table in EBDA - bailing!
[    0.109902] Memory: 1967332K/2096696K available (14339K kernel code, 2399K rwdata, 4716K rodata, 2728K init, 17260K bss, 129364K reserved, 0K cma-reserved)
[    0.110829] SLUB: HWalign=64, Order=0-3, MinObjects=0, CPUs=1, Nodes=1
[    0.110846] ftrace: allocating 43203 entries in 169 pages
[    0.128980] rcu: Hierarchical RCU implementation.
[    0.128982] rcu: 	RCU restricting CPUs from NR_CPUS=8192 to nr_cpu_ids=1.
[    0.128983] 	Tasks RCU enabled.
[    0.128984] rcu: RCU calculated value of scheduler-enlistment delay is 25 jiffies.
[    0.128985] rcu: Adjusting geometry for rcu_fanout_leaf=16, nr_cpu_ids=1
[    0.131983] NR_IRQS: 524544, nr_irqs: 256, preallocated irqs: 16
[    0.132191] random: crng init done
[    0.141569] Console: colour VGA+ 80x25
[    0.141574] printk: console [tty0] enabled
[    0.141594] ACPI: Core revision 20190816
[    0.141688] APIC: Switch to symmetric I/O mode setup
[    0.141950] x2apic enabled
[    0.142186] Switched APIC routing to physical x2apic.
[    0.143325] ..TIMER: vector=0x30 apic1=0 pin1=2 apic2=-1 pin2=-1
[    0.143352] clocksource: tsc-early: mask: 0xffffffffffffffff max_cycles: 0x1e4530a99b6, max_idle_ns: 440795257976 ns
[    0.143357] Calibrating delay loop (skipped) preset value.. 4200.00 BogoMIPS (lpj=8400000)
[    0.143359] pid_max: default: 32768 minimum: 301
[    0.143388] LSM: Security Framework initializing
[    0.143398] Yama: becoming mindful.
[    0.143423] AppArmor: AppArmor initialized
[    0.143456] Mount-cache hash table entries: 4096 (order: 3, 32768 bytes, linear)
[    0.143460] Mountpoint-cache hash table entries: 4096 (order: 3, 32768 bytes, linear)
[    0.143470] *** VALIDATE tmpfs ***
[    0.143597] *** VALIDATE proc ***
[    0.143636] *** VALIDATE cgroup1 ***
[    0.143637] *** VALIDATE cgroup2 ***
[    0.143779] process: using mwait in idle threads
[    0.143783] Last level iTLB entries: 4KB 64, 2MB 8, 4MB 8
[    0.143784] Last level dTLB entries: 4KB 64, 2MB 0, 4MB 0, 1GB 4
[    0.143804] Spectre V1 : Mitigation: usercopy/swapgs barriers and __user pointer sanitization
[    0.143809] Spectre V2 : Mitigation: Retpolines
[    0.143810] Spectre V2 : Spectre v2 / SpectreRSB mitigation: Filling RSB on context switch
[    0.143810] Spectre V2 : Spectre v2 / SpectreRSB : Filling RSB on VMEXIT
[    0.143811] RETBleed: WARNING: Spectre v2 mitigation leaves CPU vulnerable to RETBleed attacks, data leaks possible!
[    0.144172] RETBleed: Vulnerable
[    0.144172] Speculative Store Bypass: Vulnerable
[    0.144177] TAA: Mitigation: TSX disabled
[    0.144178] MMIO Stale Data: Mitigation: Clear CPU buffers
[    0.148366] Freeing SMP alternatives memory: 40K
[    0.260938] smpboot: CPU0: Intel(R) Xeon(R) Silver 4216 CPU @ 2.10GHz (family: 0x6, model: 0x55, stepping: 0x7)
[    0.261087] Performance Events: unsupported p6 CPU model 85 no PMU driver, software events only.
[    0.261126] rcu: Hierarchical SRCU implementation.
[    0.261625] NMI watchdog: Perf NMI watchdog permanently disabled
[    0.261664] smp: Bringing up secondary CPUs ...
[    0.261665] smp: Brought up 1 node, 1 CPU
[    0.261666] smpboot: Max logical packages: 1
[    0.261668] smpboot: Total of 1 processors activated (4200.00 BogoMIPS)
[    0.262688] devtmpfs: initialized
[    0.262736] x86/mm: Memory block size: 128MB
[    0.263128] clocksource: jiffies: mask: 0xffffffff max_cycles: 0xffffffff, max_idle_ns: 7645041785100000 ns
[    0.263134] futex hash table entries: 256 (order: 2, 16384 bytes, linear)
[    0.263182] pinctrl core: initialized pinctrl subsystem
[    0.263290] PM: RTC time: 11:26:18, date: 2026-01-11
[    0.263353] NET: Registered protocol family 16
[    0.263353] audit: initializing netlink subsys (disabled)
[    0.263353] EISA bus registered
[    0.263353] cpuidle: using governor ladder
[    0.263353] cpuidle: using governor menu
[    0.263353] ACPI: bus type PCI registered
[    0.263353] acpiphp: ACPI Hot Plug PCI Controller Driver version: 0.5
[    0.263353] PCI: Using configuration type 1 for base access
[    0.264011] audit: type=2000 audit(1768101984.883:1): state=initialized audit_enabled=0 res=1
[    0.264094] HugeTLB registered 2.00 MiB page size, pre-allocated 0 pages
[    0.265009] ACPI: Added _OSI(Module Device)
[    0.265010] ACPI: Added _OSI(Processor Device)
[    0.265011] ACPI: Added _OSI(3.0 _SCP Extensions)
[    0.265011] ACPI: Added _OSI(Processor Aggregator Device)
[    0.265013] ACPI: Added _OSI(Linux-Dell-Video)
[    0.265014] ACPI: Added _OSI(Linux-Lenovo-NV-HDMI-Audio)
[    0.265015] ACPI: Added _OSI(Linux-HPI-Hybrid-Graphics)
[    0.267128] ACPI: 2 ACPI AML tables successfully acquired and loaded
[    0.268938] ACPI: Interpreter enabled
[    0.268948] ACPI: (supports S0 S5)
[    0.268949] ACPI: Using IOAPIC for interrupt routing
[    0.269154] PCI: Using host bridge windows from ACPI; if necessary, use "pci=nocrs" and report a bug
[    0.269259] ACPI: Enabled 2 GPEs in block 00 to 07
[    0.274482] ACPI: PCI Root Bridge [PCI0] (domain 0000 [bus 00-ff])
[    0.274487] acpi PNP0A03:00: _OSC: OS supports [ASPM ClockPM Segments MSI HPX-Type3]
[    0.274970] acpi PNP0A03:00: _OSC: not requesting OS control; OS requires [ExtendedConfig ASPM ClockPM MSI]
[    0.274979] acpi PNP0A03:00: fail to add MMCONFIG information, can't access extended PCI configuration space under this bridge.
[    0.275419] PCI host bridge to bus 0000:00
[    0.275422] pci_bus 0000:00: root bus resource [io  0x0000-0x0cf7 window]
[    0.275423] pci_bus 0000:00: root bus resource [io  0x0d00-0xffff window]
[    0.275424] pci_bus 0000:00: root bus resource [mem 0x000a0000-0x000bffff window]
[    0.275425] pci_bus 0000:00: root bus resource [mem 0x80000000-0xfdffffff window]
[    0.275427] pci_bus 0000:00: root bus resource [bus 00-ff]
[    0.275474] pci 0000:00:00.0: [8086:1237] type 00 class 0x060000
[    0.276416] pci 0000:00:01.0: [8086:7000] type 00 class 0x060100
[    0.277179] pci 0000:00:01.1: [8086:7111] type 00 class 0x01018a
[    0.277559] pci 0000:00:01.1: reg 0x20: [io  0xd000-0xd00f]
[    0.277715] pci 0000:00:01.1: legacy IDE quirk: reg 0x10: [io  0x01f0-0x01f7]
[    0.277716] pci 0000:00:01.1: legacy IDE quirk: reg 0x14: [io  0x03f6]
[    0.277716] pci 0000:00:01.1: legacy IDE quirk: reg 0x18: [io  0x0170-0x0177]
[    0.277717] pci 0000:00:01.1: legacy IDE quirk: reg 0x1c: [io  0x0376]
[    0.278268] pci 0000:00:02.0: [15ad:0405] type 00 class 0x030000
[    0.281311] pci 0000:00:02.0: reg 0x10: [io  0xd010-0xd01f]
[    0.283402] pci 0000:00:02.0: reg 0x14: [mem 0xe0000000-0xe7ffffff pref]
[    0.287407] pci 0000:00:02.0: reg 0x18: [mem 0xf0000000-0xf01fffff]
[    0.298081] pci 0000:00:03.0: [1022:2000] type 00 class 0x020000
[    0.299499] pci 0000:00:03.0: reg 0x10: [io  0xd020-0xd03f]
[    0.300124] pci 0000:00:03.0: reg 0x14: [mem 0xf0200000-0xf0200fff]
[    0.303762] pci 0000:00:04.0: [80ee:cafe] type 00 class 0x088000
[    0.304428] pci 0000:00:04.0: reg 0x10: [io  0xd040-0xd05f]
[    0.305070] pci 0000:00:04.0: reg 0x14: [mem 0xf0400000-0xf07fffff]
[    0.305691] pci 0000:00:04.0: reg 0x18: [mem 0xf0800000-0xf0803fff pref]
[    0.309287] pci 0000:00:07.0: [8086:7113] type 00 class 0x068000
[    0.309825] pci 0000:00:07.0: quirk: [io  0x4000-0x403f] claimed by PIIX4 ACPI
[    0.309835] pci 0000:00:07.0: quirk: [io  0x4100-0x410f] claimed by PIIX4 SMB
[    0.310454] pci 0000:00:08.0: [8086:100e] type 00 class 0x020000
[    0.311353] pci 0000:00:08.0: reg 0x10: [mem 0xf0820000-0xf083ffff]
[    0.311353] pci 0000:00:08.0: reg 0x18: [io  0xd060-0xd067]
[    0.316660] pci 0000:00:09.0: [8086:100e] type 00 class 0x020000
[    0.317523] pci 0000:00:09.0: reg 0x10: [mem 0xf0840000-0xf085ffff]
[    0.320191] pci 0000:00:09.0: reg 0x18: [io  0xd068-0xd06f]
[    0.332182] ACPI: PCI Interrupt Link [LNKA] (IRQs 5 9 10 *11)
[    0.332462] ACPI: PCI Interrupt Link [LNKB] (IRQs 5 9 *10 11)
[    0.332561] ACPI: PCI Interrupt Link [LNKC] (IRQs 5 *9 10 11)
[    0.332664] ACPI: PCI Interrupt Link [LNKD] (IRQs 5 9 10 *11)
[    0.332934] iommu: Default domain type: Translated 
[    0.332989] pci 0000:00:02.0: vgaarb: setting as boot VGA device
[    0.332990] pci 0000:00:02.0: vgaarb: VGA device added: decodes=io+mem,owns=io+mem,locks=none
[    0.332992] pci 0000:00:02.0: vgaarb: bridge control possible
[    0.332993] vgaarb: loaded
[    0.333202] SCSI subsystem initialized
[    0.333232] libata version 3.00 loaded.
[    0.333256] ACPI: bus type USB registered
[    0.333269] usbcore: registered new interface driver usbfs
[    0.333277] usbcore: registered new interface driver hub
[    0.333282] usbcore: registered new device driver usb
[    0.333311] pps_core: LinuxPPS API ver. 1 registered
[    0.333311] pps_core: Software ver. 5.3.6 - Copyright 2005-2007 Rodolfo Giometti <giometti@linux.it>
[    0.333315] PTP clock support registered
[    0.333349] EDAC MC: Ver: 3.0.0
[    0.333624] PCI: Using ACPI for IRQ routing
[    0.333625] PCI: pci_cache_line_size set to 64 bytes
[    0.333796] e820: reserve RAM buffer [mem 0x0009fc00-0x0009ffff]
[    0.333799] e820: reserve RAM buffer [mem 0x7fff0000-0x7fffffff]
[    0.334570] NetLabel: Initializing
[    0.334570] NetLabel:  domain hash size = 128
[    0.334571] NetLabel:  protocols = UNLABELED CIPSOv4 CALIPSO
[    0.334590] NetLabel:  unlabeled traffic allowed by default
[    0.335394] clocksource: Switched to clocksource kvm-clock
[    0.350319] *** VALIDATE bpf ***
[    0.350396] VFS: Disk quotas dquot_6.6.0
[    0.350412] VFS: Dquot-cache hash table entries: 512 (order 0, 4096 bytes)
[    0.350439] *** VALIDATE ramfs ***
[    0.350444] *** VALIDATE hugetlbfs ***
[    0.350549] AppArmor: AppArmor Filesystem Enabled
[    0.350582] pnp: PnP ACPI init
[    0.350671] pnp 00:00: Plug and Play ACPI device, IDs PNP0303 (active)
[    0.350759] pnp 00:01: Plug and Play ACPI device, IDs PNP0f03 (active)
[    0.351805] pnp: PnP ACPI: found 2 devices
[    0.353145] thermal_sys: Registered thermal governor 'fair_share'
[    0.353146] thermal_sys: Registered thermal governor 'bang_bang'
[    0.353147] thermal_sys: Registered thermal governor 'step_wise'
[    0.353148] thermal_sys: Registered thermal governor 'user_space'
[    0.353149] thermal_sys: Registered thermal governor 'power_allocator'
[    0.357680] clocksource: acpi_pm: mask: 0xffffff max_cycles: 0xffffff, max_idle_ns: 2085701024 ns
[    0.357731] pci_bus 0000:00: resource 4 [io  0x0000-0x0cf7 window]
[    0.357732] pci_bus 0000:00: resource 5 [io  0x0d00-0xffff window]
[    0.357734] pci_bus 0000:00: resource 6 [mem 0x000a0000-0x000bffff window]
[    0.357736] pci_bus 0000:00: resource 7 [mem 0x80000000-0xfdffffff window]
[    0.357811] NET: Registered protocol family 2
[    0.357890] IP idents hash table entries: 32768 (order: 6, 262144 bytes, linear)
[    0.358377] MPTCP tokens hash table entries: 8192 (order: 4, 65536 bytes, linear)
[    0.358403] MPTCP request tokens hash table entries: 8192 (order: 4, 65536 bytes, linear)
[    0.358436] default registered
[    0.358436] default registered
[    0.358437] MPTCP: Stable release v0.96
[    0.358443] tcp_listen_portaddr_hash hash table entries: 1024 (order: 2, 16384 bytes, linear)
[    0.358525] TCP established hash table entries: 16384 (order: 5, 131072 bytes, linear)
[    0.358598] TCP bind hash table entries: 16384 (order: 6, 262144 bytes, linear)
[    0.358632] TCP: Hash tables configured (established 16384 bind 16384)
[    0.359271] UDP hash table entries: 1024 (order: 3, 32768 bytes, linear)
[    0.359271] UDP-Lite hash table entries: 1024 (order: 3, 32768 bytes, linear)
[    0.359271] NET: Registered protocol family 1
[    0.359271] NET: Registered protocol family 44
[    0.359271] pci 0000:00:00.0: Limiting direct PCI/PCI transfers
[    0.359271] pci 0000:00:01.0: Activating ISA DMA hang workarounds
[    0.359271] pci 0000:00:02.0: Video device with shadowed ROM at [mem 0x000c0000-0x000dffff]
[    0.359271] PCI: CLS 0 bytes, default 64
[    0.359271] Trying to unpack rootfs image as initramfs...
[    0.539420] Freeing initrd memory: 47868K
[    0.539420] clocksource: tsc: mask: 0xffffffffffffffff max_cycles: 0x1e4530a99b6, max_idle_ns: 440795257976 ns
[    0.539420] clocksource: Switched to clocksource tsc
[    0.539420] platform rtc_cmos: registered platform RTC device (no PNP device found)
[    0.539420] check: Scanning for low memory corruption every 60 seconds
[    0.539420] Initialise system trusted keyrings
[    0.539420] Key type blacklist registered
[    0.539420] workingset: timestamp_bits=36 max_order=19 bucket_order=0
[    0.539420] zbud: loaded
[    0.539420] squashfs: version 4.0 (2009/01/31) Phillip Lougher
[    0.539420] fuse: init (API version 7.31)
[    0.539420] *** VALIDATE fuse ***
[    0.539420] *** VALIDATE fuse ***
[    0.539420] Platform Keyring initialized
[    0.555940] Key type asymmetric registered
[    0.555942] Asymmetric key parser 'x509' registered
[    0.555954] Block layer SCSI generic (bsg) driver version 0.4 loaded (major 244)
[    0.556009] io scheduler mq-deadline registered
[    0.556164] shpchp: Standard Hot Plug PCI Controller Driver version: 0.4
[    0.556418] ACPI: AC Adapter [AC] (on-line)
[    0.556473] input: Power Button as /devices/LNXSYSTM:00/LNXPWRBN:00/input/input0
[    0.556510] ACPI: Power Button [PWRF]
[    0.556613] input: Sleep Button as /devices/LNXSYSTM:00/LNXSLPBN:00/input/input1
[    0.556632] ACPI: Sleep Button [SLPF]
[    0.556901] Serial: 8250/16550 driver, 32 ports, IRQ sharing enabled
[    0.558520] Linux agpgart interface v0.103
[    0.647217] loop: module loaded
[    0.647379] ata_piix 0000:00:01.1: version 2.13
[    0.647780] scsi host0: ata_piix
[    0.647870] scsi host1: ata_piix
[    0.647896] ata1: PATA max UDMA/33 cmd 0x1f0 ctl 0x3f6 bmdma 0xd000 irq 14
[    0.647897] ata2: PATA max UDMA/33 cmd 0x170 ctl 0x376 bmdma 0xd008 irq 15
[    0.647977] tun: Universal TUN/TAP device driver, 1.6
[    0.648291] PPP generic driver version 2.4.2
[    0.648339] VFIO - User Level meta-driver version: 0.3
[    0.648578] ehci_hcd: USB 2.0 'Enhanced' Host Controller (EHCI) Driver
[    0.648580] ehci-pci: EHCI PCI platform driver
[    0.648594] ehci-platform: EHCI generic platform driver
[    0.648600] ohci_hcd: USB 1.1 'Open' Host Controller (OHCI) Driver
[    0.648602] ohci-pci: OHCI PCI platform driver
[    0.648607] ohci-platform: OHCI generic platform driver
[    0.648612] uhci_hcd: USB Universal Host Controller Interface driver
[    0.648677] i8042: PNP: PS/2 Controller [PNP0303:PS2K,PNP0f03:PS2M] at 0x60,0x64 irq 1,12
[    0.649118] serio: i8042 KBD port at 0x60,0x64 irq 1
[    0.649122] serio: i8042 AUX port at 0x60,0x64 irq 12
[    0.649208] mousedev: PS/2 mouse device common for all mice
[    0.649458] input: AT Translated Set 2 keyboard as /devices/platform/i8042/serio0/input/input2
[    0.649854] rtc_cmos rtc_cmos: registered as rtc0
[    0.649866] rtc_cmos rtc_cmos: alarms up to one day, 114 bytes nvram
[    0.649871] i2c /dev entries driver
[    0.649914] device-mapper: uevent: version 1.0.3
[    0.649955] device-mapper: ioctl: 4.41.0-ioctl (2019-09-16) initialised: dm-devel@redhat.com
[    0.649976] platform eisa.0: Probing EISA bus 0
[    0.649977] platform eisa.0: EISA: Cannot allocate resource for mainboard
[    0.649978] platform eisa.0: Cannot allocate resource for EISA slot 1
[    0.649979] platform eisa.0: Cannot allocate resource for EISA slot 2
[    0.649980] platform eisa.0: Cannot allocate resource for EISA slot 3
[    0.649981] platform eisa.0: Cannot allocate resource for EISA slot 4
[    0.649982] platform eisa.0: Cannot allocate resource for EISA slot 5
[    0.649983] platform eisa.0: Cannot allocate resource for EISA slot 6
[    0.649984] platform eisa.0: Cannot allocate resource for EISA slot 7
[    0.649985] platform eisa.0: Cannot allocate resource for EISA slot 8
[    0.649986] platform eisa.0: EISA: Detected 0 cards
[    0.649989] intel_pstate: CPU model not supported
[    0.650000] ledtrig-cpu: registered to indicate activity on CPUs
[    0.650053] drop_monitor: Initializing network drop monitor service
[    0.650209] NET: Registered protocol family 10
[    0.655322] Segment Routing with IPv6
[    0.655351] fullmesh registered
[    0.655352] ndiffports registered
[    0.655354] binder registered
[    0.655355] roundrobin registered
[    0.655355] mps registered
[    0.655356] redundant registered
[    0.655356] blest registered
[    0.655357] ecf registered
[    0.655359] NET: Registered protocol family 17
[    0.655359] Key type dns_resolver registered
[    0.655359] RAS: Correctable Errors collector initialized.
[    0.655359] IPI shorthand broadcast: enabled
[    0.655359] sched_clock: Marking stable (640187345, 11171861)->(650917835, 441371)
[    0.655560] registered taskstats version 1
[    0.655570] Loading compiled-in X.509 certificates
[    0.656154] Loaded X.509 cert 'Build time autogenerated kernel key: 6909f3744cebb3d0de528d5887b96a727de79b1e'
[    0.656171] zswap: loaded using pool lzo/zbud
[    0.656222] Key type ._fscrypt registered
[    0.656223] Key type .fscrypt registered
[    0.660618] Key type big_key registered
[    0.662821] Key type encrypted registered
[    0.662824] AppArmor: AppArmor sha1 policy hashing enabled
[    0.662830] ima: No TPM chip found, activating TPM-bypass!
[    0.662834] ima: Allocated hash algorithm: sha1
[    0.662841] ima: No architecture policies found
[    0.662849] evm: Initialising EVM extended attributes:
[    0.662850] evm: security.selinux
[    0.662850] evm: security.SMACK64
[    0.662851] evm: security.SMACK64EXEC
[    0.662851] evm: security.SMACK64TRANSMUTE
[    0.662852] evm: security.SMACK64MMAP
[    0.662852] evm: security.apparmor
[    0.662853] evm: security.ima
[    0.662853] evm: security.capability
[    0.662854] evm: HMAC attrs: 0x1
[    0.663138] PM:   Magic number: 10:335:428
[    0.663348] rtc_cmos rtc_cmos: setting system clock to 2026-01-11T11:26:19 UTC (1768130779)
[    0.819148] ata1.00: ATA-6: VBOX HARDDISK, 1.0, max UDMA/133
[    0.819150] ata1.00: 209715200 sectors, multi 128: LBA 
[    0.819652] scsi 0:0:0:0: Direct-Access     ATA      VBOX HARDDISK    1.0  PQ: 0 ANSI: 5
[    0.819851] sd 0:0:0:0: [sda] 209715200 512-byte logical blocks: (107 GB/100 GiB)
[    0.819859] sd 0:0:0:0: [sda] Write Protect is off
[    0.819861] sd 0:0:0:0: [sda] Mode Sense: 00 3a 00 00
[    0.819874] sd 0:0:0:0: [sda] Write cache: enabled, read cache: enabled, doesn't support DPO or FUA
[    0.820100] sd 0:0:0:0: Attached scsi generic sg0 type 0
[    0.820698]  sda: sda1 sda2
[    0.831313] sd 0:0:0:0: [sda] Attached SCSI disk
[    0.833518] Freeing unused decrypted memory: 2040K
[    0.834269] Freeing unused kernel image memory: 2728K
[    0.834271] Write protecting the kernel read-only data: 22528k
[    0.835037] Freeing unused kernel image memory: 2036K
[    0.835468] Freeing unused kernel image memory: 1428K
[    0.852248] x86/mm: Checked W+X mappings: passed, no W+X pages found.
[    0.852253] Run /init as init process
[    0.949368] ACPI: Video Device [GFX0] (multi-head: yes  rom: no  post: no)
[    0.949448] input: Video Bus as /devices/LNXSYSTM:00/LNXSYBUS:00/PNP0A03:00/LNXVIDEO:00/input/input4
[    0.961177] piix4_smbus 0000:00:07.0: SMBus Host Controller at 0x4100, revision 0
[    0.966740] e1000: Intel(R) PRO/1000 Network Driver - version 7.3.21-k8-NAPI
[    0.966741] e1000: Copyright (c) 1999-2006 Intel Corporation.
[    0.975327] pcnet32: pcnet32.c:v1.35 21.Apr.2008 tsbogend@alpha.franken.de
[    0.989614] pcnet32: PCnet/FAST III 79C973 at 0xd020, 08:00:27:88:cf:3a assigned IRQ 19
[    0.989658] pcnet32: Found PHY 0022:561b at address 0
[    0.989962] pcnet32: eth0: registered as PCnet/FAST III 79C973
[    0.995445] pcnet32: 1 cards_found
[    1.052642] pcnet32 0000:00:03.0 enp0s3: renamed from eth0
[    1.188635] input: ImExPS/2 Generic Explorer Mouse as /devices/platform/i8042/serio1/input/input5
[    1.387674] e1000 0000:00:08.0 eth0: (PCI:33MHz:32-bit) 08:00:27:fa:39:a6
[    1.387678] e1000 0000:00:08.0 eth0: Intel(R) PRO/1000 Network Connection
[    1.763540] e1000 0000:00:09.0 eth1: (PCI:33MHz:32-bit) 08:00:27:e6:3e:b5
[    1.763544] e1000 0000:00:09.0 eth1: Intel(R) PRO/1000 Network Connection
[    1.764712] e1000 0000:00:09.0 enp0s9: renamed from eth1
[    1.766553] e1000 0000:00:08.0 enp0s8: renamed from eth0
[    1.922097] EXT4-fs (sda2): mounted filesystem with ordered data mode. Opts: (null)
[    2.006250] systemd[1]: Inserted module 'autofs4'
[    2.015158] systemd[1]: systemd 245.4-4ubuntu3 running in system mode. (+PAM +AUDIT +SELINUX +IMA +APPARMOR +SMACK +SYSVINIT +UTMP +LIBCRYPTSETUP +GCRYPT +GNUTLS +ACL +XZ +LZ4 +SECCOMP +BLKID +ELFUTILS +KMOD +IDN2 -IDN +PCRE2 default-hierarchy=hybrid)
[    2.015185] systemd[1]: Detected virtualization oracle.
[    2.015188] systemd[1]: Detected architecture x86-64.
[    2.016577] systemd[1]: Set hostname to <ztg>.
[    2.140563] systemd[1]: /lib/systemd/system/dbus.socket:5: ListenStream= references a path below legacy directory /var/run/, updating /var/run/dbus/system_bus_socket â†’ /run/dbus/system_bus_socket; please update the unit file accordingly.
[    2.196242] systemd[1]: Created slice system-modprobe.slice.
[    2.196426] systemd[1]: Created slice User and Session Slice.
[    2.196469] systemd[1]: Started Forward Password Requests to Wall Directory Watch.
[    2.196628] systemd[1]: Set up automount Arbitrary Executable File Formats File System Automount Point.
[    2.196661] systemd[1]: Reached target User and Group Name Lookups.
[    2.196670] systemd[1]: Reached target Remote File Systems.
[    2.196679] systemd[1]: Reached target Slices.
[    2.197238] systemd[1]: Listening on Syslog Socket.
[    2.197305] systemd[1]: Listening on fsck to fsckd communication Socket.
[    2.197344] systemd[1]: Listening on initctl Compatibility Named Pipe.
[    2.197484] systemd[1]: Listening on Journal Audit Socket.
[    2.197534] systemd[1]: Listening on Journal Socket (/dev/log).
[    2.197602] systemd[1]: Listening on Journal Socket.
[    2.197666] systemd[1]: Listening on udev Control Socket.
[    2.197706] systemd[1]: Listening on udev Kernel Socket.
[    2.198447] systemd[1]: Mounting Huge Pages File System...
[    2.199409] systemd[1]: Mounting POSIX Message Queue File System...
[    2.200313] systemd[1]: Mounting Kernel Debug File System...
[    2.201183] systemd[1]: Mounting Kernel Trace File System...
[    2.203210] systemd[1]: Starting Journal Service...
[    2.225502] systemd[1]: Starting Set the console keyboard layout...
[    2.230788] systemd[1]: Starting Create list of static device nodes for the current kernel...
[    2.235699] systemd[1]: Starting Load Kernel Module drm...
[    2.239923] systemd[1]: Condition check resulted in Set Up Additional Binary Formats being skipped.
[    2.240374] systemd[1]: Condition check resulted in File System Check on Root Device being skipped.
[    2.250352] systemd[1]: Starting Load Kernel Modules...
[    2.258645] systemd[1]: Starting Remount Root and Kernel File Systems...
[    2.265777] systemd[1]: Starting udev Coldplug all Devices...
[    2.274559] systemd[1]: Starting Uncomplicated firewall...
[    2.284124] systemd[1]: Mounted Huge Pages File System.
[    2.284214] systemd[1]: Mounted POSIX Message Queue File System.
[    2.284286] systemd[1]: Mounted Kernel Debug File System.
[    2.284356] systemd[1]: Mounted Kernel Trace File System.
[    2.285540] EXT4-fs (sda2): re-mounted. Opts: errors=remount-ro
[    2.298061] systemd[1]: Finished Create list of static device nodes for the current kernel.
[    2.298912] systemd[1]: modprobe@drm.service: Succeeded.
[    2.321237] systemd[1]: Finished Load Kernel Module drm.
[    2.321627] systemd[1]: Finished Remount Root and Kernel File Systems.
[    2.323699] lp: driver loaded but no devices found
[    2.323989] systemd[1]: Finished Uncomplicated firewall.
[    2.336209] systemd[1]: Condition check resulted in Rebuild Hardware Database being skipped.
[    2.336242] systemd[1]: Condition check resulted in Platform Persistent Storage Archival being skipped.
[    2.338130] systemd[1]: Starting Load/Save Random Seed...
[    2.342691] systemd[1]: Starting Create System Users...
[    2.347946] ppdev: user-space parallel port driver
[    2.358488] systemd[1]: Finished Load/Save Random Seed.
[    2.362817] systemd[1]: Finished Create System Users.
[    2.363704] systemd[1]: Starting Create Static Device Nodes in /dev...
[    2.404622] systemd[1]: Finished Create Static Device Nodes in /dev.
[    2.405442] systemd[1]: Starting udev Kernel Device Manager...
[    2.427609] systemd[1]: Finished udev Coldplug all Devices.
[    2.427875] [drm] DMA map mode: Caching DMA mappings.
[    2.427936] [drm] Capabilities:
[    2.427937] [drm]   Rect copy.
[    2.427937] [drm]   Cursor.
[    2.427937] [drm]   Cursor bypass.
[    2.427938] [drm]   Cursor bypass 2.
[    2.427938] [drm]   Alpha cursor.
[    2.427938] [drm]   Extended Fifo.
[    2.427939] [drm]   Pitchlock.
[    2.427939] [drm]   Irq mask.
[    2.427939] [drm]   GMR.
[    2.427940] [drm]   Traces.
[    2.427940] [drm]   GMR2.
[    2.427940] [drm]   Screen Object 2.
[    2.427941] [drm]   Command Buffers.
[    2.427941] [drm]   Command Buffers 2.
[    2.427941] [drm]   Guest Backed Resources.
[    2.427942] [drm] Max GMR ids is 8192
[    2.427943] [drm] Max number of GMR pages is 1048576
[    2.427943] [drm] Max dedicated hypervisor surface memory is 393216 kiB
[    2.427944] [drm] Maximum display memory size is 131072 kiB
[    2.427945] [drm] VRAM at 0xe0000000 size is 131072 kiB
[    2.427945] [drm] MMIO at 0xf0000000 size is 2048 kiB
[    2.448754] [TTM] Zone  kernel: Available graphics memory: 1011736 KiB
[    2.448755] [TTM] Initializing pool allocator
[    2.448758] [TTM] Initializing DMA pool allocator
[    2.448792] [drm] Supports vblank timestamp caching Rev 2 (21.10.2013).
[    2.448793] [drm] No driver support for vblank timestamp query.
[    2.449053] [drm] Screen Target Display device initialized
[    2.449259] [drm] width 720
[    2.449279] [drm] height 400
[    2.449282] [drm] bpp 32
[    2.449823] [drm] Fifo max 0x00200000 min 0x00001000 cap 0x00000355
[    2.450891] [drm] Using command buffers with DMA pool.
[    2.450895] [drm] DX: no.
[    2.450895] [drm] Atomic: yes.
[    2.450896] [drm] SM4_1: no.
[    2.450915] [drm:vmw_host_log [vmwgfx]] *ERROR* Failed to send host log message.
[    2.452322] [drm:vmw_host_log [vmwgfx]] *ERROR* Failed to send host log message.
[    2.460935] fbcon: svgadrmfb (fb0) is primary device
[    2.469795] Console: switching to colour frame buffer device 100x37
[    2.480303] [drm] Initialized vmwgfx 2.15.0 20180704 for 0000:00:02.0 on minor 0
[    2.481665] systemd[1]: Finished Load Kernel Modules.
[    2.482584] systemd[1]: Mounting FUSE Control File System...
[    2.486254] systemd[1]: Mounting Kernel Configuration File System...
[    2.491500] systemd[1]: Starting Apply Kernel Variables...
[    2.501468] systemd[1]: Mounted FUSE Control File System.
[    2.501541] systemd[1]: Condition check resulted in VMware vmblock fuse mount being skipped.
[    2.506650] systemd[1]: Mounted Kernel Configuration File System.
[    2.536569] systemd[1]: Finished Set the console keyboard layout.
[    2.536669] systemd[1]: Reached target Local File Systems (Pre).
[    2.539404] systemd[1]: Mounting Mount unit for bare, revision 5...
[    2.543584] systemd[1]: Mounting Mount unit for core18, revision 1705...
[    2.547810] systemd[1]: Mounting Mount unit for core22, revision 2193...
[    2.549289] systemd[1]: Mounting Mount unit for gnome-3-34-1804, revision 24...
[    2.560441] systemd[1]: Mounting Mount unit for gnome-42-2204, revision 226...
[    2.588142] systemd[1]: Mounting Mount unit for gtk-common-themes, revision 1506...
[    2.592568] systemd[1]: Mounting Mount unit for gtk-common-themes, revision 1535...
[    2.601593] systemd[1]: Mounting Mount unit for snap-store, revision 1216...
[    2.609915] systemd[1]: Mounting Mount unit for snap-store, revision 433...
[    2.617280] systemd[1]: Mounting Mount unit for snapd, revision 25577...
[    2.633456] systemd[1]: Finished Apply Kernel Variables.
[    2.633594] systemd[1]: Started udev Kernel Device Manager.
[    2.633676] systemd[1]: Mounted Mount unit for bare, revision 5.
[    2.634387] systemd[1]: Starting Show Plymouth Boot Screen...
[    2.638398] systemd[1]: Received SIGRTMIN+20 from PID 278 (plymouthd).
[    2.660842] systemd[1]: Started Show Plymouth Boot Screen.
[    2.662662] systemd[1]: Condition check resulted in Dispatch Password Requests to Console Directory Watch being skipped.
[    2.662764] systemd[1]: Started Forward Password Requests to Plymouth Directory Watch.
[    2.662837] systemd[1]: Reached target Local Encrypted Volumes.
[    2.696528] systemd[1]: Mounted Mount unit for core18, revision 1705.
[    2.763589] systemd[1]: Mounted Mount unit for core22, revision 2193.
[    2.763887] systemd[1]: Mounted Mount unit for gnome-42-2204, revision 226.
[    2.797025] systemd[1]: Mounted Mount unit for gnome-3-34-1804, revision 24.
[    2.846465] systemd[1]: Mounted Mount unit for gtk-common-themes, revision 1506.
[    2.846799] systemd[1]: Mounted Mount unit for snapd, revision 25577.
[    2.911403] systemd[1]: Mounted Mount unit for gtk-common-themes, revision 1535.
[    2.944282] systemd[1]: Mounted Mount unit for snap-store, revision 1216.
[    2.944538] systemd[1]: Mounted Mount unit for snap-store, revision 433.
[    2.944692] systemd[1]: Reached target Local File Systems.
[    2.948029] systemd[1]: Starting Load AppArmor profiles...
[    2.948902] systemd[1]: Starting Set console font and keymap...
[    2.975262] systemd[1]: Starting Tell Plymouth To Write Out Runtime Data...
[    2.975372] systemd[1]: Condition check resulted in Store a System Token in an EFI Variable being skipped.
[    2.975421] systemd[1]: Condition check resulted in Commit a transient machine-id on disk being skipped.
[    2.979161] systemd[1]: Finished Set console font and keymap.
[    2.987420] systemd[1]: Received SIGRTMIN+20 from PID 278 (plymouthd).
[    2.989018] systemd[1]: plymouth-read-write.service: Succeeded.
[    2.989247] systemd[1]: Finished Tell Plymouth To Write Out Runtime Data.
[    3.007934] audit: type=1400 audit(1768130781.840:2): apparmor="STATUS" operation="profile_load" profile="unconfined" name="nvidia_modprobe" pid=306 comm="apparmor_parser"
[    3.007936] audit: type=1400 audit(1768130781.840:3): apparmor="STATUS" operation="profile_load" profile="unconfined" name="nvidia_modprobe//kmod" pid=306 comm="apparmor_parser"
[    3.019882] audit: type=1400 audit(1768130781.852:4): apparmor="STATUS" operation="profile_load" profile="unconfined" name="/usr/sbin/tcpdump" pid=307 comm="apparmor_parser"
[    3.065689] audit: type=1400 audit(1768130781.892:5): apparmor="STATUS" operation="profile_load" profile="unconfined" name="/usr/bin/evince" pid=309 comm="apparmor_parser"
[    3.065691] audit: type=1400 audit(1768130781.892:6): apparmor="STATUS" operation="profile_load" profile="unconfined" name="/usr/bin/evince//sanitized_helper" pid=309 comm="apparmor_parser"
[    3.065694] audit: type=1400 audit(1768130781.892:7): apparmor="STATUS" operation="profile_load" profile="unconfined" name="/usr/bin/evince-previewer" pid=309 comm="apparmor_parser"
[    3.065696] audit: type=1400 audit(1768130781.892:8): apparmor="STATUS" operation="profile_load" profile="unconfined" name="/usr/bin/evince-previewer//sanitized_helper" pid=309 comm="apparmor_parser"
[    3.065697] audit: type=1400 audit(1768130781.892:9): apparmor="STATUS" operation="profile_load" profile="unconfined" name="/usr/bin/evince-thumbnailer" pid=309 comm="apparmor_parser"
[    3.081151] audit: type=1400 audit(1768130781.916:10): apparmor="STATUS" operation="profile_load" profile="unconfined" name="/usr/lib/cups/backend/cups-pdf" pid=310 comm="apparmor_parser"
[    3.153493] systemd[1]: Finished Load AppArmor profiles.
[    3.154421] systemd[1]: Starting Load AppArmor profiles managed internally by snapd...
[    3.223699] systemd[1]: Started Journal Service.
[    3.232496] systemd-journald[229]: Received client request to flush runtime journal.
[    3.244111] systemd-journald[229]: File /var/log/journal/c455b248004a419c87ce85eea238d727/system.journal corrupted or uncleanly shut down, renaming and replacing.
[    4.555305] RAPL PMU: API unit is 2^-32 Joules, 0 fixed counters, 10737418240 ms ovfl timer
[    4.652345] cryptd: max_cpu_qlen set to 1000
[    4.682827] AVX2 version of gcm_enc/dec engaged.
[    4.682828] AES CTR mode by8 optimization enabled
[    6.727677] Adding 1998844k swap on /dev/sda1.  Priority:-2 extents:1 across:1998844k FS
[    7.385768] AAAAA: Error looking up destination IP: 369098976 - net/ipv4/ip_output.c: 285: dac_mps_nexthops
[    7.494209] AAAAA: Error looking up destination IP: 4211081440 - net/ipv4/ip_output.c: 285: dac_mps_nexthops
[    7.733525] AAAAA: Error looking up destination IP: 4211081440 - net/ipv4/ip_output.c: 285: dac_mps_nexthops
[    7.992588] AAAAA: Error looking up destination IP: 4211081440 - net/ipv4/ip_output.c: 285: dac_mps_nexthops
[    8.032457] AAAAA: Error looking up destination IP: 369098976 - net/ipv4/ip_output.c: 285: dac_mps_nexthops
[    8.200630] AAAAA: Error looking up destination IP: 4211081440 - net/ipv4/ip_output.c: 285: dac_mps_nexthops
[    8.682728] kauditd_printk_skb: 31 callbacks suppressed
[    8.682739] audit: type=1400 audit(1768130787.512:42): apparmor="DENIED" operation="capable" profile="/usr/sbin/cups-browsed" pid=572 comm="cups-browsed" capability=23  capname="sys_nice"
[    8.781795] AAAAA: Error looking up destination IP: 4211081440 - net/ipv4/ip_output.c: 285: dac_mps_nexthops
[    9.265465] AAAAA: Error looking up destination IP: 4211081440 - net/ipv4/ip_output.c: 285: dac_mps_nexthops
[    9.388024] pcnet32 0000:00:03.0 enp0s3: link up, 100Mbps, full-duplex
[    9.436680] e1000: enp0s8 NIC Link is Up 1000 Mbps Full Duplex, Flow Control: RX
[    9.436956] IPv6: ADDRCONF(NETDEV_CHANGE): enp0s8: link becomes ready
[    9.457081] e1000: enp0s9 NIC Link is Up 1000 Mbps Full Duplex, Flow Control: RX
[    9.457377] IPv6: ADDRCONF(NETDEV_CHANGE): enp0s9: link becomes ready
[   10.094475] device enp0s3 entered promiscuous mode
[   10.131880] audit: type=1400 audit(1768130788.960:43): apparmor="DENIED" operation="open" profile="/usr/sbin/tcpdump" name="/proc/sys/kernel/random/boot_id" pid=730 comm="tcpdump" requested_mask="r" denied_mask="r" fsuid=0 ouid=0
[   10.132069] audit: type=1400 audit(1768130788.960:44): apparmor="DENIED" operation="open" profile="/usr/sbin/tcpdump" name="/proc/sys/kernel/random/boot_id" pid=730 comm="tcpdump" requested_mask="r" denied_mask="r" fsuid=0 ouid=0
[   10.132178] audit: type=1400 audit(1768130788.960:45): apparmor="DENIED" operation="open" profile="/usr/sbin/tcpdump" name="/proc/sys/kernel/random/boot_id" pid=730 comm="tcpdump" requested_mask="r" denied_mask="r" fsuid=0 ouid=0
[   10.132231] audit: type=1400 audit(1768130788.960:46): apparmor="DENIED" operation="open" profile="/usr/sbin/tcpdump" name="/proc/sys/kernel/random/boot_id" pid=730 comm="tcpdump" requested_mask="r" denied_mask="r" fsuid=0 ouid=0
[   10.135481] audit: type=1400 audit(1768130788.968:47): apparmor="DENIED" operation="open" profile="/usr/sbin/tcpdump" name="/proc/sys/kernel/random/boot_id" pid=731 comm="tcpdump" requested_mask="r" denied_mask="r" fsuid=0 ouid=0
[   10.137298] audit: type=1400 audit(1768130788.968:48): apparmor="DENIED" operation="open" profile="/usr/sbin/tcpdump" name="/proc/sys/kernel/random/boot_id" pid=731 comm="tcpdump" requested_mask="r" denied_mask="r" fsuid=0 ouid=0
[   10.137373] audit: type=1400 audit(1768130788.968:49): apparmor="DENIED" operation="open" profile="/usr/sbin/tcpdump" name="/proc/sys/kernel/random/boot_id" pid=731 comm="tcpdump" requested_mask="r" denied_mask="r" fsuid=0 ouid=0
[   10.137460] audit: type=1400 audit(1768130788.968:50): apparmor="DENIED" operation="open" profile="/usr/sbin/tcpdump" name="/proc/sys/kernel/random/boot_id" pid=731 comm="tcpdump" requested_mask="r" denied_mask="r" fsuid=0 ouid=0
[   16.301885] rfkill: input handler disabled
[  172.629772] AAAAA-TCP_FORW: name:enp0s3: saddr:16783984: daddr:100932208
[  177.745102] AAAAA-TCP_FORW: name:enp0s3: saddr:16783984: daddr:100932208
[  177.866208] AAAAA-TCP_FORW: name:enp0s3: saddr:16783984: daddr:100932208
[  178.124391] AAAAA-TCP_FORW: name:enp0s3: saddr:16783984: daddr:100932208
[  178.341973] AAAAA-TCP_FORW: name:enp0s3: saddr:16783984: daddr:100932208
[  178.418658] AAAAA-TCP_FORW: name:enp0s3: saddr:16783984: daddr:100932208
[  178.578165] AAAAA-TCP_FORW: name:enp0s3: saddr:16783984: daddr:100932208
[  178.782936] AAAAA-TCP_FORW: name:enp0s3: saddr:16783984: daddr:100932208
[  178.899038] AAAAA-TCP_FORW: name:enp0s3: saddr:16783984: daddr:100932208
[  179.008804] AAAAA-TCP_FORW: name:enp0s3: saddr:16783984: daddr:100932208
[  179.140046] AAAAA-TCP_FORW: name:enp0s3: saddr:16783984: daddr:100932208
[  179.283853] AAAAA-TCP_FORW: name:enp0s3: saddr:33561200: daddr:100932208
[  179.332034] AAAAA-TCP_FORW: name:enp0s3: saddr:16783984: daddr:100932208
[  179.427294] AAAAA-TCP_FORW: name:enp0s3: saddr:16783984: daddr:100932208
[  179.709761] AAAAA-TCP_FORW: name:enp0s3: saddr:16783984: daddr:100932208
[  179.781758] AAAAA-TCP_FORW: name:enp0s3: saddr:16783984: daddr:100932208
[  179.877155] AAAAA-TCP_FORW: name:enp0s3: saddr:16783984: daddr:100932208
[  180.116055] AAAAA-TCP_FORW: name:enp0s3: saddr:16783984: daddr:100932208
[  180.181733] AAAAA-TCP_FORW: name:enp0s3: saddr:16783984: daddr:100932208
[  180.312071] AAAAA-TCP_FORW: name:enp0s3: saddr:33561200: daddr:100932208
[  180.455070] AAAAA-TCP_FORW: name:enp0s3: saddr:33561200: daddr:100932208
[  180.527930] AAAAA-TCP_FORW: name:enp0s3: saddr:33561200: daddr:100932208
[  180.677209] AAAAA-TCP_FORW: name:enp0s3: saddr:33561200: daddr:100932208
[  180.820334] AAAAA-TCP_FORW: name:enp0s3: saddr:33561200: daddr:100932208
[  180.971560] AAAAA-TCP_FORW: name:enp0s3: saddr:33561200: daddr:100932208
[  181.238079] AAAAA-TCP_FORW: name:enp0s3: saddr:33561200: daddr:100932208
[  181.405783] AAAAA-TCP_FORW: name:enp0s3: saddr:33561200: daddr:100932208
[  181.452882] AAAAA-TCP_FORW: name:enp0s3: saddr:33561200: daddr:100932208
[  181.531317] AAAAA-TCP_FORW: name:enp0s3: saddr:33561200: daddr:100932208
[  181.588322] AAAAA-TCP_FORW: name:enp0s3: saddr:33561200: daddr:100932208
[  181.604389] AAAAA-TCP_FORW: name:enp0s3: saddr:33561200: daddr:100932208
[  181.655708] AAAAA-TCP_FORW: name:enp0s3: saddr:33561200: daddr:100932208
[  181.765386] AAAAA-TCP_FORW: name:enp0s3: saddr:33561200: daddr:100932208
[  181.865432] AAAAA-TCP_FORW: name:enp0s3: saddr:33561200: daddr:100932208
[  181.944149] AAAAA-TCP_FORW: name:enp0s3: saddr:33561200: daddr:100932208
[  182.099645] AAAAA-TCP_FORW: name:enp0s3: saddr:33561200: daddr:100932208
[  182.231703] AAAAA-TCP_FORW: name:enp0s3: saddr:33561200: daddr:100932208
[  182.338870] AAAAA-TCP_FORW: name:enp0s3: saddr:33561200: daddr:100932208
[  182.487931] AAAAA-TCP_FORW: name:enp0s3: saddr:16783984: daddr:100932208
[  182.650136] AAAAA-TCP_FORW: name:enp0s3: saddr:16783984: daddr:100932208
[  182.735573] AAAAA-TCP_FORW: name:enp0s3: saddr:16783984: daddr:100932208
[  182.785505] AAAAA-TCP_FORW: name:enp0s3: saddr:16783984: daddr:100932208
[  182.833683] AAAAA-TCP_FORW: name:enp0s3: saddr:16783984: daddr:100932208
[  182.857832] AAAAA-TCP_FORW: name:enp0s3: saddr:16783984: daddr:100932208
[  182.895199] AAAAA-TCP_FORW: name:enp0s3: saddr:100932208: daddr:16783984
[  182.955686] AAAAA-TCP_FORW: name:enp0s3: saddr:100932208: daddr:16783984
[  182.996661] AAAAA-TCP_FORW: name:enp0s3: saddr:16783984: daddr:100932208
[  183.068860] AAAAA-TCP_FORW: name:enp0s3: saddr:16783984: daddr:100932208
[  183.385185] AAAAA-TCP_FORW: name:enp0s3: saddr:16783984: daddr:100932208
[  183.461944] AAAAA-TCP_FORW: name:enp0s3: saddr:16783984: daddr:100932208
[  183.545271] AAAAA-TCP_FORW: name:enp0s3: saddr:16783984: daddr:100932208
[  183.753190] AAAAA-TCP_FORW: name:enp0s3: saddr:16783984: daddr:100932208
[  183.785664] AAAAA-TCP_FORW: name:enp0s3: saddr:16783984: daddr:100932208
[  183.812737] AAAAA-TCP_FORW: name:enp0s3: saddr:16783984: daddr:100932208
[  183.841114] AAAAA-TCP_FORW: name:enp0s3: saddr:16783984: daddr:100932208
[  183.933653] AAAAA-TCP_FORW: name:enp0s3: saddr:16783984: daddr:100932208
[  183.978703] AAAAA-TCP_FORW: name:enp0s3: saddr:16783984: daddr:100932208
[  184.118910] AAAAA-TCP_FORW: name:enp0s3: saddr:16783984: daddr:100932208
[  184.148147] AAAAA-TCP_FORW: name:enp0s3: saddr:16783984: daddr:100932208
[  184.193370] AAAAA-TCP_FORW: name:enp0s3: saddr:16783984: daddr:100932208
[  184.220182] AAAAA-TCP_FORW: name:enp0s3: saddr:16783984: daddr:100932208
[  184.261269] AAAAA-TCP_FORW: name:enp0s3: saddr:16783984: daddr:100932208
[  184.302168] AAAAA-TCP_FORW: name:enp0s3: saddr:16783984: daddr:100932208
[  205.130038] AAAAA-TCP_FORW: name:enp0s3: saddr:16783984: daddr:100932208
[  205.281419] AAAAA-TCP_FORW: name:enp0s3: saddr:16783984: daddr:100932208
[  205.476238] AAAAA-TCP_FORW: name:enp0s3: saddr:16783984: daddr:100932208
[  205.516987] AAAAA-TCP_FORW: name:enp0s3: saddr:16783984: daddr:100932208
[  205.612707] AAAAA-TCP_FORW: name:enp0s3: saddr:16783984: daddr:100932208
[  206.767609] AAAAA-TCP_FORW: name:enp0s3: saddr:100932208: daddr:16783984
[  206.888774] AAAAA-TCP_FORW: name:enp0s3: saddr:100932208: daddr:16783984
[  206.979831] AAAAA-TCP_FORW: name:enp0s3: saddr:100932208: daddr:16783984
[  207.072308] AAAAA-TCP_FORW: name:enp0s3: saddr:100932208: daddr:16783984
[  207.203135] AAAAA-TCP_FORW: name:enp0s3: saddr:100932208: daddr:16783984
[  207.274005] AAAAA-TCP_FORW: name:enp0s3: saddr:100932208: daddr:16783984
[  207.356687] AAAAA-TCP_FORW: name:enp0s3: saddr:100932208: daddr:16783984
[  207.475605] AAAAA-TCP_FORW: name:enp0s3: saddr:100932208: daddr:16783984
[  207.593230] AAAAA-TCP_FORW: name:enp0s3: saddr:100932208: daddr:16783984
[  207.671997] AAAAA-TCP_FORW: name:enp0s3: saddr:100932208: daddr:16783984
[  207.793610] AAAAA-TCP_FORW: name:enp0s3: saddr:100932208: daddr:16783984
[  207.857724] AAAAA-TCP_FORW: name:enp0s3: saddr:100932208: daddr:16783984
[  207.947162] AAAAA-TCP_FORW: name:enp0s3: saddr:100932208: daddr:16783984
[  207.994908] AAAAA-TCP_FORW: name:enp0s3: saddr:100932208: daddr:16783984
[  208.089083] AAAAA-TCP_FORW: name:enp0s3: saddr:100932208: daddr:16783984
[  208.153885] AAAAA-TCP_FORW: name:enp0s3: saddr:100932208: daddr:16783984
[  208.246993] AAAAA-TCP_FORW: name:enp0s3: saddr:100932208: daddr:16783984
[  208.305499] AAAAA-TCP_FORW: name:enp0s3: saddr:100932208: daddr:16783984
[  208.398637] AAAAA-TCP_FORW: name:enp0s3: saddr:100932208: daddr:16783984
[  213.319967] AAAAA-TCP_FORW: name:enp0s3: saddr:16783984: daddr:100932208
[  213.791429] AAAAA-TCP_FORW: name:enp0s3: saddr:16783984: daddr:100932208
[  213.989523] AAAAA-TCP_FORW: name:enp0s3: saddr:16783984: daddr:100932208
[  217.423142] AAAAA-TCP_FORW: name:enp0s3: saddr:16783984: daddr:100932208
[  217.508647] AAAAA-TCP_FORW: name:enp0s3: saddr:16783984: daddr:100932208
[  220.207214] AAAAA-TCP_FORW: name:enp0s3: saddr:16783984: daddr:100932208
[  220.531546] AAAAA-TCP_FORW: name:enp0s3: saddr:16783984: daddr:100932208
[  220.644103] AAAAA-TCP_FORW: name:enp0s3: saddr:16783984: daddr:100932208
[  220.762152] AAAAA-TCP_FORW: name:enp0s3: saddr:16783984: daddr:100932208
[  221.229192] AAAAA-TCP_FORW: name:enp0s3: saddr:16783984: daddr:100932208
[  221.348134] AAAAA-TCP_FORW: name:enp0s3: saddr:16783984: daddr:100932208
[  221.470327] AAAAA-TCP_FORW: name:enp0s3: saddr:16783984: daddr:100932208
[  221.552725] AAAAA-TCP_FORW: name:enp0s3: saddr:16783984: daddr:100932208
[  221.665647] AAAAA-TCP_FORW: name:enp0s3: saddr:16783984: daddr:100932208
[  222.141307] AAAAA-TCP_FORW: name:enp0s3: saddr:33561200: daddr:100932208
[  222.450655] AAAAA-TCP_FORW: name:enp0s3: saddr:16783984: daddr:100932208
[  222.670178] AAAAA-TCP_FORW: name:enp0s3: saddr:16783984: daddr:100932208
[  248.978252] AAAAA-TCP_FORW: name:enp0s3: saddr:16783984: daddr:100932208
[  249.183962] AAAAA-TCP_FORW: name:enp0s3: saddr:16783984: daddr:100932208
[  249.264924] AAAAA-TCP_FORW: name:enp0s3: saddr:16783984: daddr:100932208
[  249.536176] AAAAA-TCP_FORW: name:enp0s3: saddr:16783984: daddr:100932208
[  249.636623] AAAAA-TCP_FORW: name:enp0s3: saddr:16783984: daddr:100932208
[  249.790878] AAAAA-TCP_FORW: name:enp0s3: saddr:16783984: daddr:100932208
[  249.919244] AAAAA-TCP_FORW: name:enp0s3: saddr:16783984: daddr:100932208
[  250.017076] AAAAA-TCP_FORW: name:enp0s3: saddr:16783984: daddr:100932208
[  250.109439] AAAAA-TCP_FORW: name:enp0s3: saddr:16783984: daddr:100932208
[  250.243869] AAAAA-TCP_FORW: name:enp0s3: saddr:16783984: daddr:100932208
[  250.338431] AAAAA-TCP_FORW: name:enp0s3: saddr:16783984: daddr:100932208
[  250.454789] AAAAA-TCP_FORW: name:enp0s3: saddr:16783984: daddr:100932208
[  250.553505] AAAAA-TCP_FORW: name:enp0s3: saddr:16783984: daddr:100932208
[  250.633417] AAAAA-TCP_FORW: name:enp0s3: saddr:16783984: daddr:100932208
[  250.718623] AAAAA-TCP_FORW: name:enp0s3: saddr:16783984: daddr:100932208
[  250.832439] AAAAA-TCP_FORW: name:enp0s3: saddr:16783984: daddr:100932208
[  250.934236] AAAAA-TCP_FORW: name:enp0s3: saddr:16783984: daddr:100932208
[  251.027237] AAAAA-TCP_FORW: name:enp0s3: saddr:16783984: daddr:100932208
[  251.118292] AAAAA-TCP_FORW: name:enp0s3: saddr:16783984: daddr:100932208
[  251.179977] AAAAA-TCP_FORW: name:enp0s3: saddr:16783984: daddr:100932208
[  251.242955] AAAAA-TCP_FORW: name:enp0s3: saddr:16783984: daddr:100932208
[  251.364000] AAAAA-TCP_FORW: name:enp0s3: saddr:16783984: daddr:100932208
[  251.462644] AAAAA-TCP_FORW: name:enp0s3: saddr:16783984: daddr:100932208
[  251.524360] AAAAA-TCP_FORW: name:enp0s3: saddr:16783984: daddr:100932208
[  251.581613] AAAAA-TCP_FORW: name:enp0s3: saddr:16783984: daddr:100932208
[  251.695542] AAAAA-TCP_FORW: name:enp0s3: saddr:16783984: daddr:100932208
[  251.804882] AAAAA-TCP_FORW: name:enp0s3: saddr:16783984: daddr:100932208
[  251.971156] AAAAA-TCP_FORW: name:enp0s3: saddr:16783984: daddr:100932208
[  252.025560] AAAAA-TCP_FORW: name:enp0s3: saddr:33561200: daddr:100932208
[  252.167562] AAAAA-TCP_FORW: name:enp0s3: saddr:16783984: daddr:100932208
[  252.330800] AAAAA-TCP_FORW: name:enp0s3: saddr:16783984: daddr:100932208
[  258.158859] AAAAA-TCP_FORW: name:enp0s3: saddr:16783984: daddr:100932208
[  258.786791] AAAAA-TCP_FORW: name:enp0s3: saddr:16783984: daddr:100932208
[  259.417307] AAAAA-TCP_FORW: name:enp0s3: saddr:16783984: daddr:100932208
[  259.592508] AAAAA-TCP_FORW: name:enp0s3: saddr:16783984: daddr:100932208
[  259.686471] AAAAA-TCP_FORW: name:enp0s3: saddr:16783984: daddr:100932208
[  260.035222] AAAAA-TCP_FORW: name:enp0s3: saddr:16783984: daddr:100932208
[  260.155488] AAAAA-TCP_FORW: name:enp0s3: saddr:16783984: daddr:100932208
[  260.278960] AAAAA-TCP_FORW: name:enp0s3: saddr:16783984: daddr:100932208
[  260.661304] AAAAA-TCP_FORW: name:enp0s3: saddr:16783984: daddr:100932208
[  261.171299] AAAAA-TCP_FORW: name:enp0s3: saddr:16783984: daddr:100932208
[  261.450701] AAAAA-TCP_FORW: name:enp0s3: saddr:16783984: daddr:100932208
[  261.749938] AAAAA-TCP_FORW: name:enp0s3: saddr:16783984: daddr:100932208
[  262.264898] AAAAA-TCP_FORW: name:enp0s3: saddr:16783984: daddr:100932208
[  262.477813] AAAAA-TCP_FORW: name:enp0s3: saddr:16783984: daddr:100932208
[  262.891002] AAAAA-TCP_FORW: name:enp0s3: saddr:16783984: daddr:100932208
[  263.212283] AAAAA-TCP_FORW: name:enp0s3: saddr:33561200: daddr:100932208
[  263.416571] AAAAA-TCP_FORW: name:enp0s3: saddr:33561200: daddr:100932208
[  263.561254] AAAAA-TCP_FORW: name:enp0s3: saddr:33561200: daddr:100932208
[  263.749302] AAAAA-TCP_FORW: name:enp0s3: saddr:33561200: daddr:100932208
[  264.350566] AAAAA-TCP_FORW: name:enp0s3: saddr:16783984: daddr:100932208
[  265.359312] AAAAA-TCP_FORW: name:enp0s3: saddr:16783984: daddr:100932208
[  265.470951] AAAAA-TCP_FORW: name:enp0s3: saddr:16783984: daddr:100932208
[  265.635494] AAAAA-TCP_FORW: name:enp0s3: saddr:16783984: daddr:100932208
[  266.000367] AAAAA-TCP_FORW: name:enp0s3: saddr:16783984: daddr:100932208
[  266.193503] AAAAA-TCP_FORW: name:enp0s3: saddr:16783984: daddr:100932208
[  266.575692] AAAAA-TCP_FORW: name:enp0s3: saddr:16783984: daddr:100932208
[  266.764408] AAAAA-TCP_FORW: name:enp0s3: saddr:16783984: daddr:100932208
[  275.254227] AAAAA-TCP_FORW: name:enp0s3: saddr:16783984: daddr:100932208
[  275.363650] AAAAA-TCP_FORW: name:enp0s3: saddr:16783984: daddr:100932208
[  275.417821] AAAAA-TCP_FORW: name:enp0s3: saddr:16783984: daddr:100932208
[  275.571361] AAAAA-TCP_FORW: name:enp0s3: saddr:33561200: daddr:100932208
[  275.803137] AAAAA-TCP_FORW: name:enp0s3: saddr:16783984: daddr:100932208
[  275.901127] AAAAA-TCP_FORW: name:enp0s3: saddr:16783984: daddr:100932208
[  275.959453] AAAAA-TCP_FORW: name:enp0s3: saddr:16783984: daddr:100932208
[  276.032886] AAAAA-TCP_FORW: name:enp0s3: saddr:16783984: daddr:100932208
[  276.139264] AAAAA-TCP_FORW: name:enp0s3: saddr:16783984: daddr:100932208
[  276.238183] AAAAA-TCP_FORW: name:enp0s3: saddr:16783984: daddr:100932208
[  276.299642] AAAAA-TCP_FORW: name:enp0s3: saddr:16783984: daddr:100932208
[  276.805408] AAAAA-TCP_FORW: name:enp0s3: saddr:16783984: daddr:100932208
[  536.262588] rfkill: input handler enabled
[  545.154872] rfkill: input handler disabled
[  805.885792] device enp0s3 left promiscuous mode
