[    0.000000] Linux version 5.4.243-dmptcp (root@ztg) (gcc version 12.2.0 (Debian 12.2.0-14+deb12u1)) #119 SMP Wed Dec 24 23:52:51 CST 2025
[    0.000000] Command line: BOOT_IMAGE=/boot/vmlinuz-5.4.243-dmptcp root=UUID=98415a12-53b7-4144-8265-0f7ece09e445 ro quiet splash
[    0.000000] KERNEL supported cpus:
[    0.000000]   Intel GenuineIntel
[    0.000000]   AMD AuthenticAMD
[    0.000000]   Hygon HygonGenuine
[    0.000000]   Centaur CentaurHauls
[    0.000000]   zhaoxin   Shanghai  
[    0.000000] x86/fpu: Supporting XSAVE feature 0x001: 'x87 floating point registers'
[    0.000000] x86/fpu: Supporting XSAVE feature 0x002: 'SSE registers'
[    0.000000] x86/fpu: Supporting XSAVE feature 0x004: 'AVX registers'
[    0.000000] x86/fpu: xstate_offset[2]:  576, xstate_sizes[2]:  256
[    0.000000] x86/fpu: Enabled xstate features 0x7, context size is 832 bytes, using 'standard' format.
[    0.000000] BIOS-provided physical RAM map:
[    0.000000] BIOS-e820: [mem 0x0000000000000000-0x000000000009fbff] usable
[    0.000000] BIOS-e820: [mem 0x000000000009fc00-0x000000000009ffff] reserved
[    0.000000] BIOS-e820: [mem 0x00000000000f0000-0x00000000000fffff] reserved
[    0.000000] BIOS-e820: [mem 0x0000000000100000-0x000000007ffeffff] usable
[    0.000000] BIOS-e820: [mem 0x000000007fff0000-0x000000007fffffff] ACPI data
[    0.000000] BIOS-e820: [mem 0x00000000fec00000-0x00000000fec00fff] reserved
[    0.000000] BIOS-e820: [mem 0x00000000fee00000-0x00000000fee00fff] reserved
[    0.000000] BIOS-e820: [mem 0x00000000fffc0000-0x00000000ffffffff] reserved
[    0.000000] NX (Execute Disable) protection: active
[    0.000000] SMBIOS 2.5 present.
[    0.000000] DMI: innotek GmbH VirtualBox/VirtualBox, BIOS VirtualBox 12/01/2006
[    0.000000] Hypervisor detected: KVM
[    0.000000] kvm-clock: Using msrs 4b564d01 and 4b564d00
[    0.000000] kvm-clock: cpu 0, msr 22601001, primary cpu clock
[    0.000000] kvm-clock: using sched offset of 4549556290 cycles
[    0.000003] clocksource: kvm-clock: mask: 0xffffffffffffffff max_cycles: 0x1cd42e4dffb, max_idle_ns: 881590591483 ns
[    0.000006] tsc: Detected 2100.000 MHz processor
[    0.001886] e820: update [mem 0x00000000-0x00000fff] usable ==> reserved
[    0.001888] e820: remove [mem 0x000a0000-0x000fffff] usable
[    0.001892] last_pfn = 0x7fff0 max_arch_pfn = 0x400000000
[    0.001962] MTRR default type: uncachable
[    0.001963] MTRR fixed ranges enabled:
[    0.001965]   00000-9FFFF write-back
[    0.001965]   A0000-BFFFF uncachable
[    0.001966]   C0000-FFFFF write-protect
[    0.001967] MTRR variable ranges enabled:
[    0.001968]   0 base 000000000000 mask 3FFF80000000 write-back
[    0.001969]   1 disabled
[    0.001969]   2 disabled
[    0.001970]   3 disabled
[    0.001970]   4 disabled
[    0.001971]   5 disabled
[    0.001971]   6 disabled
[    0.001971]   7 disabled
[    0.001972]   8 disabled
[    0.001972]   9 disabled
[    0.001973]   10 disabled
[    0.001973]   11 disabled
[    0.001974]   12 disabled
[    0.001974]   13 disabled
[    0.001974]   14 disabled
[    0.001975]   15 disabled
[    0.001993] x86/PAT: Configuration [0-7]: WB  WC  UC- UC  WB  WP  UC- WT  
[    0.002130] found SMP MP-table at [mem 0x0009fff0-0x0009ffff]
[    0.095838] check: Scanning 1 areas for low memory corruption
[    0.096011] RAMDISK: [mem 0x32271000-0x3512ffff]
[    0.096021] ACPI: Early table checksum verification disabled
[    0.096036] ACPI: RSDP 0x00000000000E0000 000024 (v02 VBOX  )
[    0.096041] ACPI: XSDT 0x000000007FFF0030 00003C (v01 VBOX   VBOXXSDT 00000001 ASL  00000061)
[    0.096048] ACPI: FACP 0x000000007FFF00F0 0000F4 (v04 VBOX   VBOXFACP 00000001 ASL  00000061)
[    0.096056] ACPI: DSDT 0x000000007FFF02E0 002353 (v02 VBOX   VBOXBIOS 00000002 VBOX 00029BF3)
[    0.096060] ACPI: FACS 0x000000007FFF0200 000040
[    0.096063] ACPI: FACS 0x000000007FFF0200 000040
[    0.096067] ACPI: APIC 0x000000007FFF0240 000054 (v02 VBOX   VBOXAPIC 00000001 ASL  00000061)
[    0.096070] ACPI: SSDT 0x000000007FFF02A0 000038 (v01 VBOX   VBOXCPUT 00000002 VBOX 00029BF3)
[    0.096074] ACPI: Reserving FACP table memory at [mem 0x7fff00f0-0x7fff01e3]
[    0.096075] ACPI: Reserving DSDT table memory at [mem 0x7fff02e0-0x7fff2632]
[    0.096075] ACPI: Reserving FACS table memory at [mem 0x7fff0200-0x7fff023f]
[    0.096076] ACPI: Reserving FACS table memory at [mem 0x7fff0200-0x7fff023f]
[    0.096077] ACPI: Reserving APIC table memory at [mem 0x7fff0240-0x7fff0293]
[    0.096077] ACPI: Reserving SSDT table memory at [mem 0x7fff02a0-0x7fff02d7]
[    0.096094] ACPI: Local APIC address 0xfee00000
[    0.096310] No NUMA configuration found
[    0.096311] Faking a node at [mem 0x0000000000000000-0x000000007ffeffff]
[    0.096322] NODE_DATA(0) allocated [mem 0x7ffc5000-0x7ffeffff]
[    0.097676] Zone ranges:
[    0.097678]   DMA      [mem 0x0000000000001000-0x0000000000ffffff]
[    0.097679]   DMA32    [mem 0x0000000001000000-0x000000007ffeffff]
[    0.097680]   Normal   empty
[    0.097681]   Device   empty
[    0.097682] Movable zone start for each node
[    0.097684] Early memory node ranges
[    0.097684]   node   0: [mem 0x0000000000001000-0x000000000009efff]
[    0.097685]   node   0: [mem 0x0000000000100000-0x000000007ffeffff]
[    0.098804] Zeroed struct page in unavailable ranges: 114 pages
[    0.098805] Initmem setup node 0 [mem 0x0000000000001000-0x000000007ffeffff]
[    0.098807] On node 0 totalpages: 524174
[    0.098809]   DMA zone: 64 pages used for memmap
[    0.098809]   DMA zone: 21 pages reserved
[    0.098810]   DMA zone: 3998 pages, LIFO batch:0
[    0.098893]   DMA32 zone: 8128 pages used for memmap
[    0.098894]   DMA32 zone: 520176 pages, LIFO batch:63
[    0.108622] ACPI: PM-Timer IO Port: 0x4008
[    0.108626] ACPI: Local APIC address 0xfee00000
[    0.108697] IOAPIC[0]: apic_id 1, version 32, address 0xfec00000, GSI 0-23
[    0.108701] ACPI: INT_SRC_OVR (bus 0 bus_irq 0 global_irq 2 dfl dfl)
[    0.108703] ACPI: INT_SRC_OVR (bus 0 bus_irq 9 global_irq 9 low level)
[    0.108705] ACPI: IRQ0 used by override.
[    0.108706] ACPI: IRQ9 used by override.
[    0.108709] Using ACPI (MADT) for SMP configuration information
[    0.108716] smpboot: Allowing 1 CPUs, 0 hotplug CPUs
[    0.108743] PM: Registered nosave memory: [mem 0x00000000-0x00000fff]
[    0.108745] PM: Registered nosave memory: [mem 0x0009f000-0x0009ffff]
[    0.108745] PM: Registered nosave memory: [mem 0x000a0000-0x000effff]
[    0.108746] PM: Registered nosave memory: [mem 0x000f0000-0x000fffff]
[    0.108748] [mem 0x80000000-0xfebfffff] available for PCI devices
[    0.108750] Booting paravirtualized kernel on KVM
[    0.108754] clocksource: refined-jiffies: mask: 0xffffffff max_cycles: 0xffffffff, max_idle_ns: 7645519600211568 ns
[    0.108759] setup_percpu: NR_CPUS:8192 nr_cpumask_bits:1 nr_cpu_ids:1 nr_node_ids:1
[    0.110244] percpu: Embedded 60 pages/cpu s208896 r8192 d28672 u2097152
[    0.110249] pcpu-alloc: s208896 r8192 d28672 u2097152 alloc=1*2097152
[    0.110250] pcpu-alloc: [0] 0 
[    0.110281] Built 1 zonelists, mobility grouping on.  Total pages: 515961
[    0.110281] Policy zone: DMA32
[    0.110283] Kernel command line: BOOT_IMAGE=/boot/vmlinuz-5.4.243-dmptcp root=UUID=98415a12-53b7-4144-8265-0f7ece09e445 ro quiet splash
[    0.111595] Dentry cache hash table entries: 262144 (order: 9, 2097152 bytes, linear)
[    0.111874] Inode-cache hash table entries: 131072 (order: 8, 1048576 bytes, linear)
[    0.111932] mem auto-init: stack:off, heap alloc:on, heap free:off
[    0.111936] Calgary: detecting Calgary via BIOS EBDA area
[    0.111937] Calgary: Unable to locate Rio Grande table in EBDA - bailing!
[    0.117840] Memory: 1967332K/2096696K available (14339K kernel code, 2399K rwdata, 4716K rodata, 2728K init, 17260K bss, 129364K reserved, 0K cma-reserved)
[    0.119213] SLUB: HWalign=64, Order=0-3, MinObjects=0, CPUs=1, Nodes=1
[    0.119233] ftrace: allocating 43203 entries in 169 pages
[    0.140200] rcu: Hierarchical RCU implementation.
[    0.140201] rcu: 	RCU restricting CPUs from NR_CPUS=8192 to nr_cpu_ids=1.
[    0.140203] 	Tasks RCU enabled.
[    0.140204] rcu: RCU calculated value of scheduler-enlistment delay is 25 jiffies.
[    0.140205] rcu: Adjusting geometry for rcu_fanout_leaf=16, nr_cpu_ids=1
[    0.143306] NR_IRQS: 524544, nr_irqs: 256, preallocated irqs: 16
[    0.143527] random: crng init done
[    0.153118] Console: colour VGA+ 80x25
[    0.153124] printk: console [tty0] enabled
[    0.153149] ACPI: Core revision 20190816
[    0.153260] APIC: Switch to symmetric I/O mode setup
[    0.153515] x2apic enabled
[    0.153754] Switched APIC routing to physical x2apic.
[    0.154913] ..TIMER: vector=0x30 apic1=0 pin1=2 apic2=-1 pin2=-1
[    0.154939] clocksource: tsc-early: mask: 0xffffffffffffffff max_cycles: 0x1e4530a99b6, max_idle_ns: 440795257976 ns
[    0.154947] Calibrating delay loop (skipped) preset value.. 4200.00 BogoMIPS (lpj=8400000)
[    0.154949] pid_max: default: 32768 minimum: 301
[    0.154981] LSM: Security Framework initializing
[    0.154993] Yama: becoming mindful.
[    0.155023] AppArmor: AppArmor initialized
[    0.155061] Mount-cache hash table entries: 4096 (order: 3, 32768 bytes, linear)
[    0.155067] Mountpoint-cache hash table entries: 4096 (order: 3, 32768 bytes, linear)
[    0.155078] *** VALIDATE tmpfs ***
[    0.155222] *** VALIDATE proc ***
[    0.155275] *** VALIDATE cgroup1 ***
[    0.155276] *** VALIDATE cgroup2 ***
[    0.155426] process: using mwait in idle threads
[    0.155431] Last level iTLB entries: 4KB 64, 2MB 8, 4MB 8
[    0.155432] Last level dTLB entries: 4KB 64, 2MB 0, 4MB 0, 1GB 4
[    0.155455] Spectre V1 : Mitigation: usercopy/swapgs barriers and __user pointer sanitization
[    0.155461] Spectre V2 : Mitigation: Retpolines
[    0.155462] Spectre V2 : Spectre v2 / SpectreRSB mitigation: Filling RSB on context switch
[    0.155462] Spectre V2 : Spectre v2 / SpectreRSB : Filling RSB on VMEXIT
[    0.155463] RETBleed: WARNING: Spectre v2 mitigation leaves CPU vulnerable to RETBleed attacks, data leaks possible!
[    0.155816] RETBleed: Vulnerable
[    0.155816] Speculative Store Bypass: Vulnerable
[    0.155822] TAA: Mitigation: TSX disabled
[    0.155823] MMIO Stale Data: Mitigation: Clear CPU buffers
[    0.163224] Freeing SMP alternatives memory: 40K
[    0.273910] smpboot: CPU0: Intel(R) Xeon(R) Silver 4216 CPU @ 2.10GHz (family: 0x6, model: 0x55, stepping: 0x7)
[    0.274105] Performance Events: unsupported p6 CPU model 85 no PMU driver, software events only.
[    0.274151] rcu: Hierarchical SRCU implementation.
[    0.274710] NMI watchdog: Perf NMI watchdog permanently disabled
[    0.274759] smp: Bringing up secondary CPUs ...
[    0.274760] smp: Brought up 1 node, 1 CPU
[    0.274761] smpboot: Max logical packages: 1
[    0.274762] smpboot: Total of 1 processors activated (4200.00 BogoMIPS)
[    0.274942] devtmpfs: initialized
[    0.274942] x86/mm: Memory block size: 128MB
[    0.274942] clocksource: jiffies: mask: 0xffffffff max_cycles: 0xffffffff, max_idle_ns: 7645041785100000 ns
[    0.274942] futex hash table entries: 256 (order: 2, 16384 bytes, linear)
[    0.274942] pinctrl core: initialized pinctrl subsystem
[    0.274942] PM: RTC time: 11:01:29, date: 2026-01-10
[    0.274942] NET: Registered protocol family 16
[    0.274942] audit: initializing netlink subsys (disabled)
[    0.274942] EISA bus registered
[    0.274942] cpuidle: using governor ladder
[    0.274942] cpuidle: using governor menu
[    0.274942] ACPI: bus type PCI registered
[    0.274942] acpiphp: ACPI Hot Plug PCI Controller Driver version: 0.5
[    0.274942] PCI: Using configuration type 1 for base access
[    0.276192] audit: type=2000 audit(1768014095.573:1): state=initialized audit_enabled=0 res=1
[    0.276290] HugeTLB registered 2.00 MiB page size, pre-allocated 0 pages
[    0.277270] ACPI: Added _OSI(Module Device)
[    0.277271] ACPI: Added _OSI(Processor Device)
[    0.277272] ACPI: Added _OSI(3.0 _SCP Extensions)
[    0.277272] ACPI: Added _OSI(Processor Aggregator Device)
[    0.277273] ACPI: Added _OSI(Linux-Dell-Video)
[    0.277274] ACPI: Added _OSI(Linux-Lenovo-NV-HDMI-Audio)
[    0.277275] ACPI: Added _OSI(Linux-HPI-Hybrid-Graphics)
[    0.279209] ACPI: 2 ACPI AML tables successfully acquired and loaded
[    0.281006] ACPI: Interpreter enabled
[    0.281017] ACPI: (supports S0 S5)
[    0.281019] ACPI: Using IOAPIC for interrupt routing
[    0.281225] PCI: Using host bridge windows from ACPI; if necessary, use "pci=nocrs" and report a bug
[    0.281330] ACPI: Enabled 2 GPEs in block 00 to 07
[    0.286190] ACPI: PCI Root Bridge [PCI0] (domain 0000 [bus 00-ff])
[    0.286196] acpi PNP0A03:00: _OSC: OS supports [ASPM ClockPM Segments MSI HPX-Type3]
[    0.286640] acpi PNP0A03:00: _OSC: not requesting OS control; OS requires [ExtendedConfig ASPM ClockPM MSI]
[    0.286649] acpi PNP0A03:00: fail to add MMCONFIG information, can't access extended PCI configuration space under this bridge.
[    0.287202] PCI host bridge to bus 0000:00
[    0.287204] pci_bus 0000:00: root bus resource [io  0x0000-0x0cf7 window]
[    0.287205] pci_bus 0000:00: root bus resource [io  0x0d00-0xffff window]
[    0.287207] pci_bus 0000:00: root bus resource [mem 0x000a0000-0x000bffff window]
[    0.287208] pci_bus 0000:00: root bus resource [mem 0x80000000-0xfdffffff window]
[    0.287209] pci_bus 0000:00: root bus resource [bus 00-ff]
[    0.287256] pci 0000:00:00.0: [8086:1237] type 00 class 0x060000
[    0.288209] pci 0000:00:01.0: [8086:7000] type 00 class 0x060100
[    0.288997] pci 0000:00:01.1: [8086:7111] type 00 class 0x01018a
[    0.289377] pci 0000:00:01.1: reg 0x20: [io  0xd000-0xd00f]
[    0.289532] pci 0000:00:01.1: legacy IDE quirk: reg 0x10: [io  0x01f0-0x01f7]
[    0.289533] pci 0000:00:01.1: legacy IDE quirk: reg 0x14: [io  0x03f6]
[    0.289534] pci 0000:00:01.1: legacy IDE quirk: reg 0x18: [io  0x0170-0x0177]
[    0.289535] pci 0000:00:01.1: legacy IDE quirk: reg 0x1c: [io  0x0376]
[    0.290077] pci 0000:00:02.0: [15ad:0405] type 00 class 0x030000
[    0.292933] pci 0000:00:02.0: reg 0x10: [io  0xd010-0xd01f]
[    0.294989] pci 0000:00:02.0: reg 0x14: [mem 0xe0000000-0xe7ffffff pref]
[    0.298987] pci 0000:00:02.0: reg 0x18: [mem 0xf0000000-0xf01fffff]
[    0.309645] pci 0000:00:03.0: [1022:2000] type 00 class 0x020000
[    0.310369] pci 0000:00:03.0: reg 0x10: [io  0xd020-0xd03f]
[    0.311094] pci 0000:00:03.0: reg 0x14: [mem 0xf0200000-0xf0200fff]
[    0.314778] pci 0000:00:04.0: [80ee:cafe] type 00 class 0x088000
[    0.315061] pci 0000:00:04.0: reg 0x10: [io  0xd040-0xd05f]
[    0.315717] pci 0000:00:04.0: reg 0x14: [mem 0xf0400000-0xf07fffff]
[    0.316441] pci 0000:00:04.0: reg 0x18: [mem 0xf0800000-0xf0803fff pref]
[    0.321086] pci 0000:00:07.0: [8086:7113] type 00 class 0x068000
[    0.321653] pci 0000:00:07.0: quirk: [io  0x4000-0x403f] claimed by PIIX4 ACPI
[    0.321663] pci 0000:00:07.0: quirk: [io  0x4100-0x410f] claimed by PIIX4 SMB
[    0.322281] pci 0000:00:08.0: [8086:100e] type 00 class 0x020000
[    0.323035] pci 0000:00:08.0: reg 0x10: [mem 0xf0820000-0xf083ffff]
[    0.324238] pci 0000:00:08.0: reg 0x18: [io  0xd060-0xd067]
[    0.327015] pci 0000:00:09.0: [8086:100e] type 00 class 0x020000
[    0.327756] pci 0000:00:09.0: reg 0x10: [mem 0xf0840000-0xf085ffff]
[    0.328916] pci 0000:00:09.0: reg 0x18: [io  0xd068-0xd06f]
[    0.339929] ACPI: PCI Interrupt Link [LNKA] (IRQs 5 9 10 *11)
[    0.340212] ACPI: PCI Interrupt Link [LNKB] (IRQs 5 9 *10 11)
[    0.340312] ACPI: PCI Interrupt Link [LNKC] (IRQs 5 *9 10 11)
[    0.340417] ACPI: PCI Interrupt Link [LNKD] (IRQs 5 9 10 *11)
[    0.340752] iommu: Default domain type: Translated 
[    0.340816] pci 0000:00:02.0: vgaarb: setting as boot VGA device
[    0.340818] pci 0000:00:02.0: vgaarb: VGA device added: decodes=io+mem,owns=io+mem,locks=none
[    0.340820] pci 0000:00:02.0: vgaarb: bridge control possible
[    0.340821] vgaarb: loaded
[    0.341066] SCSI subsystem initialized
[    0.341105] libata version 3.00 loaded.
[    0.341133] ACPI: bus type USB registered
[    0.341148] usbcore: registered new interface driver usbfs
[    0.341156] usbcore: registered new interface driver hub
[    0.341165] usbcore: registered new device driver usb
[    0.341196] pps_core: LinuxPPS API ver. 1 registered
[    0.341197] pps_core: Software ver. 5.3.6 - Copyright 2005-2007 Rodolfo Giometti <giometti@linux.it>
[    0.341201] PTP clock support registered
[    0.341243] EDAC MC: Ver: 3.0.0
[    0.341546] PCI: Using ACPI for IRQ routing
[    0.341548] PCI: pci_cache_line_size set to 64 bytes
[    0.341732] e820: reserve RAM buffer [mem 0x0009fc00-0x0009ffff]
[    0.341736] e820: reserve RAM buffer [mem 0x7fff0000-0x7fffffff]
[    0.342963] NetLabel: Initializing
[    0.342964] NetLabel:  domain hash size = 128
[    0.342964] NetLabel:  protocols = UNLABELED CIPSOv4 CALIPSO
[    0.342987] NetLabel:  unlabeled traffic allowed by default
[    0.344063] clocksource: Switched to clocksource kvm-clock
[    0.360856] *** VALIDATE bpf ***
[    0.360931] VFS: Disk quotas dquot_6.6.0
[    0.360946] VFS: Dquot-cache hash table entries: 512 (order 0, 4096 bytes)
[    0.360973] *** VALIDATE ramfs ***
[    0.360977] *** VALIDATE hugetlbfs ***
[    0.361077] AppArmor: AppArmor Filesystem Enabled
[    0.361078] pnp: PnP ACPI init
[    0.361078] pnp 00:00: Plug and Play ACPI device, IDs PNP0303 (active)
[    0.361309] pnp 00:01: Plug and Play ACPI device, IDs PNP0f03 (active)
[    0.362102] pnp: PnP ACPI: found 2 devices
[    0.363167] thermal_sys: Registered thermal governor 'fair_share'
[    0.363167] thermal_sys: Registered thermal governor 'bang_bang'
[    0.363168] thermal_sys: Registered thermal governor 'step_wise'
[    0.363168] thermal_sys: Registered thermal governor 'user_space'
[    0.363169] thermal_sys: Registered thermal governor 'power_allocator'
[    0.367735] clocksource: acpi_pm: mask: 0xffffff max_cycles: 0xffffff, max_idle_ns: 2085701024 ns
[    0.367781] pci_bus 0000:00: resource 4 [io  0x0000-0x0cf7 window]
[    0.367783] pci_bus 0000:00: resource 5 [io  0x0d00-0xffff window]
[    0.367784] pci_bus 0000:00: resource 6 [mem 0x000a0000-0x000bffff window]
[    0.367785] pci_bus 0000:00: resource 7 [mem 0x80000000-0xfdffffff window]
[    0.367853] NET: Registered protocol family 2
[    0.367968] IP idents hash table entries: 32768 (order: 6, 262144 bytes, linear)
[    0.368449] MPTCP tokens hash table entries: 8192 (order: 4, 65536 bytes, linear)
[    0.368481] MPTCP request tokens hash table entries: 8192 (order: 4, 65536 bytes, linear)
[    0.368507] default registered
[    0.368507] default registered
[    0.368508] MPTCP: Stable release v0.96
[    0.368515] tcp_listen_portaddr_hash hash table entries: 1024 (order: 2, 16384 bytes, linear)
[    0.368646] TCP established hash table entries: 16384 (order: 5, 131072 bytes, linear)
[    0.368747] TCP bind hash table entries: 16384 (order: 6, 262144 bytes, linear)
[    0.368773] TCP: Hash tables configured (established 16384 bind 16384)
[    0.369884] UDP hash table entries: 1024 (order: 3, 32768 bytes, linear)
[    0.369900] UDP-Lite hash table entries: 1024 (order: 3, 32768 bytes, linear)
[    0.369941] NET: Registered protocol family 1
[    0.369950] NET: Registered protocol family 44
[    0.369973] pci 0000:00:00.0: Limiting direct PCI/PCI transfers
[    0.369986] pci 0000:00:01.0: Activating ISA DMA hang workarounds
[    0.370044] pci 0000:00:02.0: Video device with shadowed ROM at [mem 0x000c0000-0x000dffff]
[    0.370111] PCI: CLS 0 bytes, default 64
[    0.370167] Trying to unpack rootfs image as initramfs...
[    0.602995] Freeing initrd memory: 47868K
[    0.603110] clocksource: tsc: mask: 0xffffffffffffffff max_cycles: 0x1e4530a99b6, max_idle_ns: 440795257976 ns
[    0.603122] clocksource: Switched to clocksource tsc
[    0.603180] platform rtc_cmos: registered platform RTC device (no PNP device found)
[    0.603204] check: Scanning for low memory corruption every 60 seconds
[    0.603595] Initialise system trusted keyrings
[    0.603607] Key type blacklist registered
[    0.603660] workingset: timestamp_bits=36 max_order=19 bucket_order=0
[    0.605038] zbud: loaded
[    0.605447] squashfs: version 4.0 (2009/01/31) Phillip Lougher
[    0.605596] fuse: init (API version 7.31)
[    0.605611] *** VALIDATE fuse ***
[    0.605612] *** VALIDATE fuse ***
[    0.605753] Platform Keyring initialized
[    0.606657] Key type asymmetric registered
[    0.606657] Asymmetric key parser 'x509' registered
[    0.606657] Block layer SCSI generic (bsg) driver version 0.4 loaded (major 244)
[    0.606657] io scheduler mq-deadline registered
[    0.606657] shpchp: Standard Hot Plug PCI Controller Driver version: 0.4
[    0.609377] ACPI: AC Adapter [AC] (on-line)
[    0.609430] input: Power Button as /devices/LNXSYSTM:00/LNXPWRBN:00/input/input0
[    0.609458] ACPI: Power Button [PWRF]
[    0.609555] input: Sleep Button as /devices/LNXSYSTM:00/LNXSLPBN:00/input/input1
[    0.609569] ACPI: Sleep Button [SLPF]
[    0.609850] Serial: 8250/16550 driver, 32 ports, IRQ sharing enabled
[    0.611224] Linux agpgart interface v0.103
[    0.699483] loop: module loaded
[    0.699674] ata_piix 0000:00:01.1: version 2.13
[    0.700135] scsi host0: ata_piix
[    0.700240] scsi host1: ata_piix
[    0.700268] ata1: PATA max UDMA/33 cmd 0x1f0 ctl 0x3f6 bmdma 0xd000 irq 14
[    0.700269] ata2: PATA max UDMA/33 cmd 0x170 ctl 0x376 bmdma 0xd008 irq 15
[    0.700368] tun: Universal TUN/TAP device driver, 1.6
[    0.700688] PPP generic driver version 2.4.2
[    0.700739] VFIO - User Level meta-driver version: 0.3
[    0.700990] ehci_hcd: USB 2.0 'Enhanced' Host Controller (EHCI) Driver
[    0.700993] ehci-pci: EHCI PCI platform driver
[    0.701012] ehci-platform: EHCI generic platform driver
[    0.701019] ohci_hcd: USB 1.1 'Open' Host Controller (OHCI) Driver
[    0.701021] ohci-pci: OHCI PCI platform driver
[    0.701027] ohci-platform: OHCI generic platform driver
[    0.701032] uhci_hcd: USB Universal Host Controller Interface driver
[    0.701112] i8042: PNP: PS/2 Controller [PNP0303:PS2K,PNP0f03:PS2M] at 0x60,0x64 irq 1,12
[    0.701569] serio: i8042 KBD port at 0x60,0x64 irq 1
[    0.701574] serio: i8042 AUX port at 0x60,0x64 irq 12
[    0.701670] mousedev: PS/2 mouse device common for all mice
[    0.701949] input: AT Translated Set 2 keyboard as /devices/platform/i8042/serio0/input/input2
[    0.702367] rtc_cmos rtc_cmos: registered as rtc0
[    0.702381] rtc_cmos rtc_cmos: alarms up to one day, 114 bytes nvram
[    0.702386] i2c /dev entries driver
[    0.702438] device-mapper: uevent: version 1.0.3
[    0.702482] device-mapper: ioctl: 4.41.0-ioctl (2019-09-16) initialised: dm-devel@redhat.com
[    0.702507] platform eisa.0: Probing EISA bus 0
[    0.702509] platform eisa.0: EISA: Cannot allocate resource for mainboard
[    0.702510] platform eisa.0: Cannot allocate resource for EISA slot 1
[    0.702511] platform eisa.0: Cannot allocate resource for EISA slot 2
[    0.702512] platform eisa.0: Cannot allocate resource for EISA slot 3
[    0.702513] platform eisa.0: Cannot allocate resource for EISA slot 4
[    0.702514] platform eisa.0: Cannot allocate resource for EISA slot 5
[    0.702515] platform eisa.0: Cannot allocate resource for EISA slot 6
[    0.702516] platform eisa.0: Cannot allocate resource for EISA slot 7
[    0.702517] platform eisa.0: Cannot allocate resource for EISA slot 8
[    0.702518] platform eisa.0: EISA: Detected 0 cards
[    0.702521] intel_pstate: CPU model not supported
[    0.702537] ledtrig-cpu: registered to indicate activity on CPUs
[    0.702606] drop_monitor: Initializing network drop monitor service
[    0.702781] NET: Registered protocol family 10
[    0.707670] Segment Routing with IPv6
[    0.707670] fullmesh registered
[    0.707670] ndiffports registered
[    0.707670] binder registered
[    0.707670] roundrobin registered
[    0.707670] mps registered
[    0.707670] redundant registered
[    0.707670] blest registered
[    0.707670] ecf registered
[    0.707670] NET: Registered protocol family 17
[    0.707670] Key type dns_resolver registered
[    0.707670] RAS: Correctable Errors collector initialized.
[    0.707670] IPI shorthand broadcast: enabled
[    0.707670] sched_clock: Marking stable (692244132, 11426736)->(707233936, -3563068)
[    0.708560] registered taskstats version 1
[    0.708573] Loading compiled-in X.509 certificates
[    0.709165] Loaded X.509 cert 'Build time autogenerated kernel key: 6909f3744cebb3d0de528d5887b96a727de79b1e'
[    0.709185] zswap: loaded using pool lzo/zbud
[    0.709244] Key type ._fscrypt registered
[    0.709244] Key type .fscrypt registered
[    0.713701] Key type big_key registered
[    0.715896] Key type encrypted registered
[    0.715898] AppArmor: AppArmor sha1 policy hashing enabled
[    0.715906] ima: No TPM chip found, activating TPM-bypass!
[    0.715910] ima: Allocated hash algorithm: sha1
[    0.715917] ima: No architecture policies found
[    0.715929] evm: Initialising EVM extended attributes:
[    0.715929] evm: security.selinux
[    0.715930] evm: security.SMACK64
[    0.715930] evm: security.SMACK64EXEC
[    0.715931] evm: security.SMACK64TRANSMUTE
[    0.715931] evm: security.SMACK64MMAP
[    0.715932] evm: security.apparmor
[    0.715932] evm: security.ima
[    0.715933] evm: security.capability
[    0.715933] evm: HMAC attrs: 0x1
[    0.716265] PM:   Magic number: 10:845:23
[    0.716380] rtc_cmos rtc_cmos: setting system clock to 2026-01-10T11:01:30 UTC (1768042890)
[    0.871053] ata1.00: ATA-6: VBOX HARDDISK, 1.0, max UDMA/133
[    0.871055] ata1.00: 209715200 sectors, multi 128: LBA 
[    0.871537] scsi 0:0:0:0: Direct-Access     ATA      VBOX HARDDISK    1.0  PQ: 0 ANSI: 5
[    0.871742] sd 0:0:0:0: [sda] 209715200 512-byte logical blocks: (107 GB/100 GiB)
[    0.871748] sd 0:0:0:0: [sda] Write Protect is off
[    0.871750] sd 0:0:0:0: [sda] Mode Sense: 00 3a 00 00
[    0.871761] sd 0:0:0:0: [sda] Write cache: enabled, read cache: enabled, doesn't support DPO or FUA
[    0.871986] sd 0:0:0:0: Attached scsi generic sg0 type 0
[    0.872478]  sda: sda1 sda2
[    0.883571] sd 0:0:0:0: [sda] Attached SCSI disk
[    0.885751] Freeing unused decrypted memory: 2040K
[    0.886910] Freeing unused kernel image memory: 2728K
[    0.886913] Write protecting the kernel read-only data: 22528k
[    0.888017] Freeing unused kernel image memory: 2036K
[    0.888660] Freeing unused kernel image memory: 1428K
[    0.902078] x86/mm: Checked W+X mappings: passed, no W+X pages found.
[    0.902082] Run /init as init process
[    1.015829] ACPI: Video Device [GFX0] (multi-head: yes  rom: no  post: no)
[    1.015913] input: Video Bus as /devices/LNXSYSTM:00/LNXSYBUS:00/PNP0A03:00/LNXVIDEO:00/input/input4
[    1.030077] pcnet32: pcnet32.c:v1.35 21.Apr.2008 tsbogend@alpha.franken.de
[    1.032068] piix4_smbus 0000:00:07.0: SMBus Host Controller at 0x4100, revision 0
[    1.034591] e1000: Intel(R) PRO/1000 Network Driver - version 7.3.21-k8-NAPI
[    1.034592] e1000: Copyright (c) 1999-2006 Intel Corporation.
[    1.045519] pcnet32: PCnet/FAST III 79C973 at 0xd020, 08:00:27:69:84:01 assigned IRQ 19
[    1.045566] pcnet32: Found PHY 0022:561b at address 0
[    1.045882] pcnet32: eth0: registered as PCnet/FAST III 79C973
[    1.052442] pcnet32: 1 cards_found
[    1.105968] pcnet32 0000:00:03.0 enp0s3: renamed from eth0
[    1.245821] input: ImExPS/2 Generic Explorer Mouse as /devices/platform/i8042/serio1/input/input5
[    1.447967] e1000 0000:00:08.0 eth0: (PCI:33MHz:32-bit) 08:00:27:b2:ec:43
[    1.447972] e1000 0000:00:08.0 eth0: Intel(R) PRO/1000 Network Connection
[    1.819987] e1000 0000:00:09.0 eth1: (PCI:33MHz:32-bit) 08:00:27:10:99:9d
[    1.819991] e1000 0000:00:09.0 eth1: Intel(R) PRO/1000 Network Connection
[    1.821311] e1000 0000:00:09.0 enp0s9: renamed from eth1
[    1.823295] e1000 0000:00:08.0 enp0s8: renamed from eth0
[    1.966203] EXT4-fs (sda2): mounted filesystem with ordered data mode. Opts: (null)
[    2.052105] systemd[1]: Inserted module 'autofs4'
[    2.062425] systemd[1]: systemd 245.4-4ubuntu3 running in system mode. (+PAM +AUDIT +SELINUX +IMA +APPARMOR +SMACK +SYSVINIT +UTMP +LIBCRYPTSETUP +GCRYPT +GNUTLS +ACL +XZ +LZ4 +SECCOMP +BLKID +ELFUTILS +KMOD +IDN2 -IDN +PCRE2 default-hierarchy=hybrid)
[    2.062456] systemd[1]: Detected virtualization oracle.
[    2.062460] systemd[1]: Detected architecture x86-64.
[    2.063912] systemd[1]: Set hostname to <ztg>.
[    2.192952] systemd[1]: /lib/systemd/system/dbus.socket:5: ListenStream= references a path below legacy directory /var/run/, updating /var/run/dbus/system_bus_socket â†’ /run/dbus/system_bus_socket; please update the unit file accordingly.
[    2.247573] systemd[1]: Created slice system-modprobe.slice.
[    2.247789] systemd[1]: Created slice User and Session Slice.
[    2.247839] systemd[1]: Started Forward Password Requests to Wall Directory Watch.
[    2.248023] systemd[1]: Set up automount Arbitrary Executable File Formats File System Automount Point.
[    2.248062] systemd[1]: Reached target User and Group Name Lookups.
[    2.248073] systemd[1]: Reached target Remote File Systems.
[    2.248085] systemd[1]: Reached target Slices.
[    2.248770] systemd[1]: Listening on Syslog Socket.
[    2.248848] systemd[1]: Listening on fsck to fsckd communication Socket.
[    2.248897] systemd[1]: Listening on initctl Compatibility Named Pipe.
[    2.249051] systemd[1]: Listening on Journal Audit Socket.
[    2.249112] systemd[1]: Listening on Journal Socket (/dev/log).
[    2.249186] systemd[1]: Listening on Journal Socket.
[    2.249258] systemd[1]: Listening on udev Control Socket.
[    2.249302] systemd[1]: Listening on udev Kernel Socket.
[    2.250192] systemd[1]: Mounting Huge Pages File System...
[    2.251263] systemd[1]: Mounting POSIX Message Queue File System...
[    2.252287] systemd[1]: Mounting Kernel Debug File System...
[    2.253511] systemd[1]: Mounting Kernel Trace File System...
[    2.278977] systemd[1]: Starting Journal Service...
[    2.281225] systemd[1]: Starting Set the console keyboard layout...
[    2.289306] systemd[1]: Starting Create list of static device nodes for the current kernel...
[    2.294638] systemd[1]: Starting Load Kernel Module drm...
[    2.298245] systemd[1]: Condition check resulted in Set Up Additional Binary Formats being skipped.
[    2.298279] systemd[1]: Condition check resulted in File System Check on Root Device being skipped.
[    2.308493] systemd[1]: Starting Load Kernel Modules...
[    2.313545] systemd[1]: Starting Remount Root and Kernel File Systems...
[    2.322580] systemd[1]: Starting udev Coldplug all Devices...
[    2.350888] systemd[1]: Starting Uncomplicated firewall...
[    2.352290] systemd[1]: Mounted Huge Pages File System.
[    2.352395] systemd[1]: Mounted POSIX Message Queue File System.
[    2.352477] systemd[1]: Mounted Kernel Debug File System.
[    2.352562] systemd[1]: Mounted Kernel Trace File System.
[    2.375179] EXT4-fs (sda2): re-mounted. Opts: errors=remount-ro
[    2.376968] systemd[1]: Finished Create list of static device nodes for the current kernel.
[    2.378138] systemd[1]: modprobe@drm.service: Succeeded.
[    2.379974] systemd[1]: Finished Load Kernel Module drm.
[    2.386347] systemd[1]: Finished Remount Root and Kernel File Systems.
[    2.387813] systemd[1]: Finished Uncomplicated firewall.
[    2.405717] lp: driver loaded but no devices found
[    2.407039] systemd[1]: Condition check resulted in Rebuild Hardware Database being skipped.
[    2.407084] systemd[1]: Condition check resulted in Platform Persistent Storage Archival being skipped.
[    2.407800] systemd[1]: Starting Load/Save Random Seed...
[    2.413631] systemd[1]: Starting Create System Users...
[    2.423693] ppdev: user-space parallel port driver
[    2.427356] systemd[1]: Finished Load/Save Random Seed.
[    2.429613] systemd[1]: Finished Create System Users.
[    2.430680] systemd[1]: Starting Create Static Device Nodes in /dev...
[    2.479959] systemd[1]: Finished udev Coldplug all Devices.
[    2.499462] systemd[1]: Finished Create Static Device Nodes in /dev.
[    2.500450] systemd[1]: Starting udev Kernel Device Manager...
[    2.528265] [drm] DMA map mode: Caching DMA mappings.
[    2.528330] [drm] Capabilities:
[    2.528330] [drm]   Rect copy.
[    2.528331] [drm]   Cursor.
[    2.528331] [drm]   Cursor bypass.
[    2.528331] [drm]   Cursor bypass 2.
[    2.528332] [drm]   Alpha cursor.
[    2.528332] [drm]   Extended Fifo.
[    2.528332] [drm]   Pitchlock.
[    2.528333] [drm]   Irq mask.
[    2.528333] [drm]   GMR.
[    2.528333] [drm]   Traces.
[    2.528334] [drm]   GMR2.
[    2.528334] [drm]   Screen Object 2.
[    2.528334] [drm]   Command Buffers.
[    2.528335] [drm]   Command Buffers 2.
[    2.528335] [drm]   Guest Backed Resources.
[    2.528336] [drm] Max GMR ids is 8192
[    2.528337] [drm] Max number of GMR pages is 1048576
[    2.528337] [drm] Max dedicated hypervisor surface memory is 393216 kiB
[    2.528338] [drm] Maximum display memory size is 131072 kiB
[    2.528339] [drm] VRAM at 0xe0000000 size is 131072 kiB
[    2.528339] [drm] MMIO at 0xf0000000 size is 2048 kiB
[    2.548674] [TTM] Zone  kernel: Available graphics memory: 1011736 KiB
[    2.548675] [TTM] Initializing pool allocator
[    2.548679] [TTM] Initializing DMA pool allocator
[    2.548713] [drm] Supports vblank timestamp caching Rev 2 (21.10.2013).
[    2.548713] [drm] No driver support for vblank timestamp query.
[    2.548965] [drm] Screen Target Display device initialized
[    2.549312] [drm] width 720
[    2.549321] [drm] height 400
[    2.549325] [drm] bpp 32
[    2.549995] [drm] Fifo max 0x00200000 min 0x00001000 cap 0x00000355
[    2.551727] [drm] Using command buffers with DMA pool.
[    2.551735] [drm] DX: no.
[    2.551735] [drm] Atomic: yes.
[    2.551736] [drm] SM4_1: no.
[    2.551758] [drm:vmw_host_log [vmwgfx]] *ERROR* Failed to send host log message.
[    2.552911] [drm:vmw_host_log [vmwgfx]] *ERROR* Failed to send host log message.
[    2.560790] systemd[1]: Finished Set the console keyboard layout.
[    2.560923] systemd[1]: Reached target Local File Systems (Pre).
[    2.564117] systemd[1]: Mounting Mount unit for bare, revision 5...
[    2.568925] systemd[1]: Mounting Mount unit for core18, revision 1705...
[    2.577235] fbcon: svgadrmfb (fb0) is primary device
[    2.579727] Console: switching to colour frame buffer device 100x37
[    2.588270] systemd[1]: Mounting Mount unit for core22, revision 2193...
[    2.592203] [drm] Initialized vmwgfx 2.15.0 20180704 for 0000:00:02.0 on minor 0
[    2.612499] systemd[1]: Mounting Mount unit for gnome-3-34-1804, revision 24...
[    2.629205] systemd[1]: Mounting Mount unit for gnome-42-2204, revision 226...
[    2.633309] systemd[1]: Mounting Mount unit for gtk-common-themes, revision 1506...
[    2.634810] systemd[1]: Mounting Mount unit for gtk-common-themes, revision 1535...
[    2.638890] systemd[1]: Mounting Mount unit for snap-store, revision 1216...
[    2.646100] systemd[1]: Mounting Mount unit for snap-store, revision 433...
[    2.668728] systemd[1]: Mounting Mount unit for snapd, revision 25577...
[    2.677969] systemd[1]: Finished Load Kernel Modules.
[    2.683380] systemd[1]: Mounting FUSE Control File System...
[    2.691346] systemd[1]: Mounting Kernel Configuration File System...
[    2.720789] systemd[1]: Starting Apply Kernel Variables...
[    2.723228] systemd[1]: Started udev Kernel Device Manager.
[    2.723400] systemd[1]: Mounted Mount unit for gnome-3-34-1804, revision 24.
[    2.723496] systemd[1]: Mounted FUSE Control File System.
[    2.723569] systemd[1]: Condition check resulted in VMware vmblock fuse mount being skipped.
[    2.746533] systemd[1]: Starting Show Plymouth Boot Screen...
[    2.748301] systemd[1]: Mounted Mount unit for bare, revision 5.
[    2.748461] systemd[1]: Mounted Mount unit for core18, revision 1705.
[    2.748599] systemd[1]: Mounted Mount unit for core22, revision 2193.
[    2.748710] systemd[1]: Mounted Kernel Configuration File System.
[    2.748800] systemd[1]: Received SIGRTMIN+20 from PID 285 (plymouthd).
[    2.755413] systemd[1]: Mounted Mount unit for gnome-42-2204, revision 226.
[    2.755662] systemd[1]: Mounted Mount unit for gtk-common-themes, revision 1506.
[    2.756135] systemd[1]: Finished Apply Kernel Variables.
[    2.775013] systemd[1]: Started Show Plymouth Boot Screen.
[    2.775160] systemd[1]: Condition check resulted in Dispatch Password Requests to Console Directory Watch being skipped.
[    2.775248] systemd[1]: Started Forward Password Requests to Plymouth Directory Watch.
[    2.775280] systemd[1]: Reached target Local Encrypted Volumes.
[    2.862639] systemd[1]: Mounted Mount unit for snap-store, revision 1216.
[    2.862949] systemd[1]: Mounted Mount unit for snapd, revision 25577.
[    2.909567] systemd[1]: Mounted Mount unit for snap-store, revision 433.
[    2.943496] systemd[1]: Mounted Mount unit for gtk-common-themes, revision 1535.
[    2.943767] systemd[1]: Reached target Local File Systems.
[    2.946403] systemd[1]: Starting Load AppArmor profiles...
[    2.954559] systemd[1]: Starting Set console font and keymap...
[    2.966889] systemd[1]: Starting Tell Plymouth To Write Out Runtime Data...
[    2.966984] systemd[1]: Condition check resulted in Store a System Token in an EFI Variable being skipped.
[    2.967019] systemd[1]: Condition check resulted in Commit a transient machine-id on disk being skipped.
[    2.969617] systemd[1]: Finished Set console font and keymap.
[    2.973878] systemd[1]: Received SIGRTMIN+20 from PID 285 (plymouthd).
[    2.975301] systemd[1]: plymouth-read-write.service: Succeeded.
[    2.975575] systemd[1]: Finished Tell Plymouth To Write Out Runtime Data.
[    3.015893] audit: type=1400 audit(1768042892.792:2): apparmor="STATUS" operation="profile_load" profile="unconfined" name="nvidia_modprobe" pid=306 comm="apparmor_parser"
[    3.015895] audit: type=1400 audit(1768042892.792:3): apparmor="STATUS" operation="profile_load" profile="unconfined" name="nvidia_modprobe//kmod" pid=306 comm="apparmor_parser"
[    3.024215] audit: type=1400 audit(1768042892.804:4): apparmor="STATUS" operation="profile_load" profile="unconfined" name="/usr/sbin/tcpdump" pid=307 comm="apparmor_parser"
[    3.055384] audit: type=1400 audit(1768042892.824:5): apparmor="STATUS" operation="profile_load" profile="unconfined" name="/usr/bin/evince" pid=309 comm="apparmor_parser"
[    3.055387] audit: type=1400 audit(1768042892.824:6): apparmor="STATUS" operation="profile_load" profile="unconfined" name="/usr/bin/evince//sanitized_helper" pid=309 comm="apparmor_parser"
[    3.055389] audit: type=1400 audit(1768042892.824:7): apparmor="STATUS" operation="profile_load" profile="unconfined" name="/usr/bin/evince-previewer" pid=309 comm="apparmor_parser"
[    3.055390] audit: type=1400 audit(1768042892.824:8): apparmor="STATUS" operation="profile_load" profile="unconfined" name="/usr/bin/evince-previewer//sanitized_helper" pid=309 comm="apparmor_parser"
[    3.055392] audit: type=1400 audit(1768042892.824:9): apparmor="STATUS" operation="profile_load" profile="unconfined" name="/usr/bin/evince-thumbnailer" pid=309 comm="apparmor_parser"
[    3.087288] audit: type=1400 audit(1768042892.864:10): apparmor="STATUS" operation="profile_load" profile="unconfined" name="/usr/lib/cups/backend/cups-pdf" pid=310 comm="apparmor_parser"
[    3.169403] systemd[1]: Finished Load AppArmor profiles.
[    3.170509] systemd[1]: Starting Load AppArmor profiles managed internally by snapd...
[    3.298286] systemd[1]: Finished Load AppArmor profiles managed internally by snapd.
[    3.301924] systemd[1]: Started Journal Service.
[    3.309418] systemd-journald[229]: Received client request to flush runtime journal.
[    3.313857] systemd-journald[229]: File /var/log/journal/c455b248004a419c87ce85eea238d727/system.journal corrupted or uncleanly shut down, renaming and replacing.
[    4.703782] RAPL PMU: API unit is 2^-32 Joules, 0 fixed counters, 10737418240 ms ovfl timer
[    4.754918] cryptd: max_cpu_qlen set to 1000
[    4.815491] AVX2 version of gcm_enc/dec engaged.
[    4.815492] AES CTR mode by8 optimization enabled
[    6.943016] Adding 1998844k swap on /dev/sda1.  Priority:-2 extents:1 across:1998844k FS
[    7.576850] AAAAA: Error looking up destination IP: 369098976 - net/ipv4/ip_output.c: 285: dac_mps_nexthops
[    7.864587] AAAAA: Error looking up destination IP: 4211081440 - net/ipv4/ip_output.c: 285: dac_mps_nexthops
[    8.061667] AAAAA: Error looking up destination IP: 369098976 - net/ipv4/ip_output.c: 285: dac_mps_nexthops
[    8.118052] AAAAA: Error looking up destination IP: 4211081440 - net/ipv4/ip_output.c: 285: dac_mps_nexthops
[    8.252491] kauditd_printk_skb: 31 callbacks suppressed
[    8.252492] audit: type=1400 audit(1768042898.032:42): apparmor="DENIED" operation="capable" profile="/usr/sbin/cups-browsed" pid=576 comm="cups-browsed" capability=23  capname="sys_nice"
[    8.352212] AAAAA: Error looking up destination IP: 4211081440 - net/ipv4/ip_output.c: 285: dac_mps_nexthops
[    8.378019] AAAAA: Error looking up destination IP: 4211081440 - net/ipv4/ip_output.c: 285: dac_mps_nexthops
[    8.589246] AAAAA: Error looking up destination IP: 4211081440 - net/ipv4/ip_output.c: 285: dac_mps_nexthops
[    9.369276] AAAAA: Error looking up destination IP: 4211081440 - net/ipv4/ip_output.c: 285: dac_mps_nexthops
[    9.377907] pcnet32 0000:00:03.0 enp0s3: link up, 100Mbps, full-duplex
[    9.416081] e1000: enp0s8 NIC Link is Up 1000 Mbps Full Duplex, Flow Control: RX
[    9.416382] IPv6: ADDRCONF(NETDEV_CHANGE): enp0s8: link becomes ready
[    9.443212] e1000: enp0s9 NIC Link is Up 1000 Mbps Full Duplex, Flow Control: RX
[    9.443558] IPv6: ADDRCONF(NETDEV_CHANGE): enp0s9: link becomes ready
[   10.105371] device enp0s3 entered promiscuous mode
[   10.132309] audit: type=1400 audit(1768042899.912:43): apparmor="DENIED" operation="open" profile="/usr/sbin/tcpdump" name="/proc/sys/kernel/random/boot_id" pid=711 comm="tcpdump" requested_mask="r" denied_mask="r" fsuid=0 ouid=0
[   10.132553] audit: type=1400 audit(1768042899.912:44): apparmor="DENIED" operation="open" profile="/usr/sbin/tcpdump" name="/proc/sys/kernel/random/boot_id" pid=711 comm="tcpdump" requested_mask="r" denied_mask="r" fsuid=0 ouid=0
[   10.132594] audit: type=1400 audit(1768042899.912:45): apparmor="DENIED" operation="open" profile="/usr/sbin/tcpdump" name="/proc/sys/kernel/random/boot_id" pid=711 comm="tcpdump" requested_mask="r" denied_mask="r" fsuid=0 ouid=0
[   10.132941] audit: type=1400 audit(1768042899.912:46): apparmor="DENIED" operation="open" profile="/usr/sbin/tcpdump" name="/proc/sys/kernel/random/boot_id" pid=711 comm="tcpdump" requested_mask="r" denied_mask="r" fsuid=0 ouid=0
[   10.146148] audit: type=1400 audit(1768042899.916:47): apparmor="DENIED" operation="open" profile="/usr/sbin/tcpdump" name="/proc/sys/kernel/random/boot_id" pid=712 comm="tcpdump" requested_mask="r" denied_mask="r" fsuid=0 ouid=0
[   10.146518] audit: type=1400 audit(1768042899.916:48): apparmor="DENIED" operation="open" profile="/usr/sbin/tcpdump" name="/proc/sys/kernel/random/boot_id" pid=712 comm="tcpdump" requested_mask="r" denied_mask="r" fsuid=0 ouid=0
[   10.146591] audit: type=1400 audit(1768042899.916:49): apparmor="DENIED" operation="open" profile="/usr/sbin/tcpdump" name="/proc/sys/kernel/random/boot_id" pid=712 comm="tcpdump" requested_mask="r" denied_mask="r" fsuid=0 ouid=0
[   10.146680] audit: type=1400 audit(1768042899.916:50): apparmor="DENIED" operation="open" profile="/usr/sbin/tcpdump" name="/proc/sys/kernel/random/boot_id" pid=712 comm="tcpdump" requested_mask="r" denied_mask="r" fsuid=0 ouid=0
[   16.225217] rfkill: input handler disabled
[  610.806635] rfkill: input handler enabled
[  619.457354] rfkill: input handler disabled
[  784.269627] device enp0s3 left promiscuous mode
