[    0.000000] Linux version 5.4.243-dmptcp (root@ztg) (gcc version 12.2.0 (Debian 12.2.0-14+deb12u1)) #119 SMP Wed Dec 24 23:52:51 CST 2025
[    0.000000] Command line: BOOT_IMAGE=/boot/vmlinuz-5.4.243-dmptcp root=UUID=98415a12-53b7-4144-8265-0f7ece09e445 ro quiet splash
[    0.000000] KERNEL supported cpus:
[    0.000000]   Intel GenuineIntel
[    0.000000]   AMD AuthenticAMD
[    0.000000]   Hygon HygonGenuine
[    0.000000]   Centaur CentaurHauls
[    0.000000]   zhaoxin   Shanghai  
[    0.000000] x86/fpu: Supporting XSAVE feature 0x001: 'x87 floating point registers'
[    0.000000] x86/fpu: Supporting XSAVE feature 0x002: 'SSE registers'
[    0.000000] x86/fpu: Supporting XSAVE feature 0x004: 'AVX registers'
[    0.000000] x86/fpu: xstate_offset[2]:  576, xstate_sizes[2]:  256
[    0.000000] x86/fpu: Enabled xstate features 0x7, context size is 832 bytes, using 'standard' format.
[    0.000000] BIOS-provided physical RAM map:
[    0.000000] BIOS-e820: [mem 0x0000000000000000-0x000000000009fbff] usable
[    0.000000] BIOS-e820: [mem 0x000000000009fc00-0x000000000009ffff] reserved
[    0.000000] BIOS-e820: [mem 0x00000000000f0000-0x00000000000fffff] reserved
[    0.000000] BIOS-e820: [mem 0x0000000000100000-0x000000007ffeffff] usable
[    0.000000] BIOS-e820: [mem 0x000000007fff0000-0x000000007fffffff] ACPI data
[    0.000000] BIOS-e820: [mem 0x00000000fec00000-0x00000000fec00fff] reserved
[    0.000000] BIOS-e820: [mem 0x00000000fee00000-0x00000000fee00fff] reserved
[    0.000000] BIOS-e820: [mem 0x00000000fffc0000-0x00000000ffffffff] reserved
[    0.000000] NX (Execute Disable) protection: active
[    0.000000] SMBIOS 2.5 present.
[    0.000000] DMI: innotek GmbH VirtualBox/VirtualBox, BIOS VirtualBox 12/01/2006
[    0.000000] Hypervisor detected: KVM
[    0.000000] kvm-clock: Using msrs 4b564d01 and 4b564d00
[    0.000000] kvm-clock: cpu 0, msr b001001, primary cpu clock
[    0.000000] kvm-clock: using sched offset of 4501066315 cycles
[    0.000003] clocksource: kvm-clock: mask: 0xffffffffffffffff max_cycles: 0x1cd42e4dffb, max_idle_ns: 881590591483 ns
[    0.000006] tsc: Detected 2100.000 MHz processor
[    0.001921] e820: update [mem 0x00000000-0x00000fff] usable ==> reserved
[    0.001923] e820: remove [mem 0x000a0000-0x000fffff] usable
[    0.001928] last_pfn = 0x7fff0 max_arch_pfn = 0x400000000
[    0.001998] MTRR default type: uncachable
[    0.001999] MTRR fixed ranges enabled:
[    0.002001]   00000-9FFFF write-back
[    0.002001]   A0000-BFFFF uncachable
[    0.002002]   C0000-FFFFF write-protect
[    0.002003] MTRR variable ranges enabled:
[    0.002004]   0 base 000000000000 mask 3FFF80000000 write-back
[    0.002005]   1 disabled
[    0.002005]   2 disabled
[    0.002006]   3 disabled
[    0.002006]   4 disabled
[    0.002007]   5 disabled
[    0.002007]   6 disabled
[    0.002007]   7 disabled
[    0.002008]   8 disabled
[    0.002008]   9 disabled
[    0.002009]   10 disabled
[    0.002009]   11 disabled
[    0.002010]   12 disabled
[    0.002010]   13 disabled
[    0.002010]   14 disabled
[    0.002011]   15 disabled
[    0.002028] x86/PAT: Configuration [0-7]: WB  WC  UC- UC  WB  WP  UC- WT  
[    0.002165] found SMP MP-table at [mem 0x0009fff0-0x0009ffff]
[    0.092208] check: Scanning 1 areas for low memory corruption
[    0.092471] RAMDISK: [mem 0x32271000-0x3512ffff]
[    0.092480] ACPI: Early table checksum verification disabled
[    0.092486] ACPI: RSDP 0x00000000000E0000 000024 (v02 VBOX  )
[    0.092491] ACPI: XSDT 0x000000007FFF0030 00003C (v01 VBOX   VBOXXSDT 00000001 ASL  00000061)
[    0.092498] ACPI: FACP 0x000000007FFF00F0 0000F4 (v04 VBOX   VBOXFACP 00000001 ASL  00000061)
[    0.092505] ACPI: DSDT 0x000000007FFF02E0 002353 (v02 VBOX   VBOXBIOS 00000002 VBOX 00029BF3)
[    0.092509] ACPI: FACS 0x000000007FFF0200 000040
[    0.092512] ACPI: FACS 0x000000007FFF0200 000040
[    0.092516] ACPI: APIC 0x000000007FFF0240 000054 (v02 VBOX   VBOXAPIC 00000001 ASL  00000061)
[    0.092519] ACPI: SSDT 0x000000007FFF02A0 000038 (v01 VBOX   VBOXCPUT 00000002 VBOX 00029BF3)
[    0.092523] ACPI: Reserving FACP table memory at [mem 0x7fff00f0-0x7fff01e3]
[    0.092523] ACPI: Reserving DSDT table memory at [mem 0x7fff02e0-0x7fff2632]
[    0.092524] ACPI: Reserving FACS table memory at [mem 0x7fff0200-0x7fff023f]
[    0.092525] ACPI: Reserving FACS table memory at [mem 0x7fff0200-0x7fff023f]
[    0.092525] ACPI: Reserving APIC table memory at [mem 0x7fff0240-0x7fff0293]
[    0.092526] ACPI: Reserving SSDT table memory at [mem 0x7fff02a0-0x7fff02d7]
[    0.092541] ACPI: Local APIC address 0xfee00000
[    0.092742] No NUMA configuration found
[    0.092743] Faking a node at [mem 0x0000000000000000-0x000000007ffeffff]
[    0.092758] NODE_DATA(0) allocated [mem 0x7ffc5000-0x7ffeffff]
[    0.094104] Zone ranges:
[    0.094106]   DMA      [mem 0x0000000000001000-0x0000000000ffffff]
[    0.094107]   DMA32    [mem 0x0000000001000000-0x000000007ffeffff]
[    0.094108]   Normal   empty
[    0.094109]   Device   empty
[    0.094110] Movable zone start for each node
[    0.094111] Early memory node ranges
[    0.094112]   node   0: [mem 0x0000000000001000-0x000000000009efff]
[    0.094113]   node   0: [mem 0x0000000000100000-0x000000007ffeffff]
[    0.095149] Zeroed struct page in unavailable ranges: 114 pages
[    0.095150] Initmem setup node 0 [mem 0x0000000000001000-0x000000007ffeffff]
[    0.095152] On node 0 totalpages: 524174
[    0.095153]   DMA zone: 64 pages used for memmap
[    0.095154]   DMA zone: 21 pages reserved
[    0.095155]   DMA zone: 3998 pages, LIFO batch:0
[    0.095240]   DMA32 zone: 8128 pages used for memmap
[    0.095241]   DMA32 zone: 520176 pages, LIFO batch:63
[    0.104901] ACPI: PM-Timer IO Port: 0x4008
[    0.104905] ACPI: Local APIC address 0xfee00000
[    0.104976] IOAPIC[0]: apic_id 1, version 32, address 0xfec00000, GSI 0-23
[    0.104980] ACPI: INT_SRC_OVR (bus 0 bus_irq 0 global_irq 2 dfl dfl)
[    0.104983] ACPI: INT_SRC_OVR (bus 0 bus_irq 9 global_irq 9 low level)
[    0.104985] ACPI: IRQ0 used by override.
[    0.104986] ACPI: IRQ9 used by override.
[    0.104989] Using ACPI (MADT) for SMP configuration information
[    0.104996] smpboot: Allowing 1 CPUs, 0 hotplug CPUs
[    0.105021] PM: Registered nosave memory: [mem 0x00000000-0x00000fff]
[    0.105023] PM: Registered nosave memory: [mem 0x0009f000-0x0009ffff]
[    0.105023] PM: Registered nosave memory: [mem 0x000a0000-0x000effff]
[    0.105024] PM: Registered nosave memory: [mem 0x000f0000-0x000fffff]
[    0.105026] [mem 0x80000000-0xfebfffff] available for PCI devices
[    0.105027] Booting paravirtualized kernel on KVM
[    0.105031] clocksource: refined-jiffies: mask: 0xffffffff max_cycles: 0xffffffff, max_idle_ns: 7645519600211568 ns
[    0.105037] setup_percpu: NR_CPUS:8192 nr_cpumask_bits:1 nr_cpu_ids:1 nr_node_ids:1
[    0.106409] percpu: Embedded 60 pages/cpu s208896 r8192 d28672 u2097152
[    0.106414] pcpu-alloc: s208896 r8192 d28672 u2097152 alloc=1*2097152
[    0.106415] pcpu-alloc: [0] 0 
[    0.106446] Built 1 zonelists, mobility grouping on.  Total pages: 515961
[    0.106447] Policy zone: DMA32
[    0.106448] Kernel command line: BOOT_IMAGE=/boot/vmlinuz-5.4.243-dmptcp root=UUID=98415a12-53b7-4144-8265-0f7ece09e445 ro quiet splash
[    0.107805] Dentry cache hash table entries: 262144 (order: 9, 2097152 bytes, linear)
[    0.108081] Inode-cache hash table entries: 131072 (order: 8, 1048576 bytes, linear)
[    0.108137] mem auto-init: stack:off, heap alloc:on, heap free:off
[    0.108140] Calgary: detecting Calgary via BIOS EBDA area
[    0.108141] Calgary: Unable to locate Rio Grande table in EBDA - bailing!
[    0.113523] Memory: 1967332K/2096696K available (14339K kernel code, 2399K rwdata, 4716K rodata, 2728K init, 17260K bss, 129364K reserved, 0K cma-reserved)
[    0.114831] SLUB: HWalign=64, Order=0-3, MinObjects=0, CPUs=1, Nodes=1
[    0.114849] ftrace: allocating 43203 entries in 169 pages
[    0.135321] rcu: Hierarchical RCU implementation.
[    0.135323] rcu: 	RCU restricting CPUs from NR_CPUS=8192 to nr_cpu_ids=1.
[    0.135324] 	Tasks RCU enabled.
[    0.135325] rcu: RCU calculated value of scheduler-enlistment delay is 25 jiffies.
[    0.135326] rcu: Adjusting geometry for rcu_fanout_leaf=16, nr_cpu_ids=1
[    0.138413] NR_IRQS: 524544, nr_irqs: 256, preallocated irqs: 16
[    0.138639] random: crng init done
[    0.148082] Console: colour VGA+ 80x25
[    0.148087] printk: console [tty0] enabled
[    0.148111] ACPI: Core revision 20190816
[    0.148215] APIC: Switch to symmetric I/O mode setup
[    0.148465] x2apic enabled
[    0.148704] Switched APIC routing to physical x2apic.
[    0.149855] ..TIMER: vector=0x30 apic1=0 pin1=2 apic2=-1 pin2=-1
[    0.149880] clocksource: tsc-early: mask: 0xffffffffffffffff max_cycles: 0x1e4530a99b6, max_idle_ns: 440795257976 ns
[    0.149888] Calibrating delay loop (skipped) preset value.. 4200.00 BogoMIPS (lpj=8400000)
[    0.149891] pid_max: default: 32768 minimum: 301
[    0.149921] LSM: Security Framework initializing
[    0.149931] Yama: becoming mindful.
[    0.149962] AppArmor: AppArmor initialized
[    0.149999] Mount-cache hash table entries: 4096 (order: 3, 32768 bytes, linear)
[    0.150004] Mountpoint-cache hash table entries: 4096 (order: 3, 32768 bytes, linear)
[    0.150016] *** VALIDATE tmpfs ***
[    0.150157] *** VALIDATE proc ***
[    0.150206] *** VALIDATE cgroup1 ***
[    0.150207] *** VALIDATE cgroup2 ***
[    0.150358] process: using mwait in idle threads
[    0.150363] Last level iTLB entries: 4KB 64, 2MB 8, 4MB 8
[    0.150364] Last level dTLB entries: 4KB 64, 2MB 0, 4MB 0, 1GB 4
[    0.150387] Spectre V1 : Mitigation: usercopy/swapgs barriers and __user pointer sanitization
[    0.150393] Spectre V2 : Mitigation: Retpolines
[    0.150393] Spectre V2 : Spectre v2 / SpectreRSB mitigation: Filling RSB on context switch
[    0.150394] Spectre V2 : Spectre v2 / SpectreRSB : Filling RSB on VMEXIT
[    0.150395] RETBleed: WARNING: Spectre v2 mitigation leaves CPU vulnerable to RETBleed attacks, data leaks possible!
[    0.150745] RETBleed: Vulnerable
[    0.150746] Speculative Store Bypass: Vulnerable
[    0.150751] TAA: Mitigation: TSX disabled
[    0.150752] MMIO Stale Data: Mitigation: Clear CPU buffers
[    0.158023] Freeing SMP alternatives memory: 40K
[    0.268273] smpboot: CPU0: Intel(R) Xeon(R) Silver 4216 CPU @ 2.10GHz (family: 0x6, model: 0x55, stepping: 0x7)
[    0.268441] Performance Events: unsupported p6 CPU model 85 no PMU driver, software events only.
[    0.268487] rcu: Hierarchical SRCU implementation.
[    0.269036] NMI watchdog: Perf NMI watchdog permanently disabled
[    0.269086] smp: Bringing up secondary CPUs ...
[    0.269087] smp: Brought up 1 node, 1 CPU
[    0.269088] smpboot: Max logical packages: 1
[    0.269089] smpboot: Total of 1 processors activated (4200.00 BogoMIPS)
[    0.269884] devtmpfs: initialized
[    0.269884] x86/mm: Memory block size: 128MB
[    0.269884] clocksource: jiffies: mask: 0xffffffff max_cycles: 0xffffffff, max_idle_ns: 7645041785100000 ns
[    0.269884] futex hash table entries: 256 (order: 2, 16384 bytes, linear)
[    0.269884] pinctrl core: initialized pinctrl subsystem
[    0.269884] PM: RTC time: 11:01:00, date: 2026-01-10
[    0.269884] NET: Registered protocol family 16
[    0.269884] audit: initializing netlink subsys (disabled)
[    0.269884] EISA bus registered
[    0.269884] cpuidle: using governor ladder
[    0.269884] cpuidle: using governor menu
[    0.269884] ACPI: bus type PCI registered
[    0.269884] acpiphp: ACPI Hot Plug PCI Controller Driver version: 0.5
[    0.269884] PCI: Using configuration type 1 for base access
[    0.271139] audit: type=2000 audit(1768014067.220:1): state=initialized audit_enabled=0 res=1
[    0.271239] HugeTLB registered 2.00 MiB page size, pre-allocated 0 pages
[    0.272166] ACPI: Added _OSI(Module Device)
[    0.272166] ACPI: Added _OSI(Processor Device)
[    0.272167] ACPI: Added _OSI(3.0 _SCP Extensions)
[    0.272168] ACPI: Added _OSI(Processor Aggregator Device)
[    0.272169] ACPI: Added _OSI(Linux-Dell-Video)
[    0.272169] ACPI: Added _OSI(Linux-Lenovo-NV-HDMI-Audio)
[    0.272170] ACPI: Added _OSI(Linux-HPI-Hybrid-Graphics)
[    0.274196] ACPI: 2 ACPI AML tables successfully acquired and loaded
[    0.275723] ACPI: Interpreter enabled
[    0.275734] ACPI: (supports S0 S5)
[    0.275736] ACPI: Using IOAPIC for interrupt routing
[    0.275943] PCI: Using host bridge windows from ACPI; if necessary, use "pci=nocrs" and report a bug
[    0.276050] ACPI: Enabled 2 GPEs in block 00 to 07
[    0.281040] ACPI: PCI Root Bridge [PCI0] (domain 0000 [bus 00-ff])
[    0.281046] acpi PNP0A03:00: _OSC: OS supports [ASPM ClockPM Segments MSI HPX-Type3]
[    0.281494] acpi PNP0A03:00: _OSC: not requesting OS control; OS requires [ExtendedConfig ASPM ClockPM MSI]
[    0.281502] acpi PNP0A03:00: fail to add MMCONFIG information, can't access extended PCI configuration space under this bridge.
[    0.281876] PCI host bridge to bus 0000:00
[    0.281878] pci_bus 0000:00: root bus resource [io  0x0000-0x0cf7 window]
[    0.281879] pci_bus 0000:00: root bus resource [io  0x0d00-0xffff window]
[    0.281881] pci_bus 0000:00: root bus resource [mem 0x000a0000-0x000bffff window]
[    0.281882] pci_bus 0000:00: root bus resource [mem 0x80000000-0xfdffffff window]
[    0.281883] pci_bus 0000:00: root bus resource [bus 00-ff]
[    0.281976] pci 0000:00:00.0: [8086:1237] type 00 class 0x060000
[    0.282919] pci 0000:00:01.0: [8086:7000] type 00 class 0x060100
[    0.283664] pci 0000:00:01.1: [8086:7111] type 00 class 0x01018a
[    0.284036] pci 0000:00:01.1: reg 0x20: [io  0xd000-0xd00f]
[    0.284188] pci 0000:00:01.1: legacy IDE quirk: reg 0x10: [io  0x01f0-0x01f7]
[    0.284189] pci 0000:00:01.1: legacy IDE quirk: reg 0x14: [io  0x03f6]
[    0.284190] pci 0000:00:01.1: legacy IDE quirk: reg 0x18: [io  0x0170-0x0177]
[    0.284191] pci 0000:00:01.1: legacy IDE quirk: reg 0x1c: [io  0x0376]
[    0.284743] pci 0000:00:02.0: [15ad:0405] type 00 class 0x030000
[    0.287896] pci 0000:00:02.0: reg 0x10: [io  0xd010-0xd01f]
[    0.291745] pci 0000:00:02.0: reg 0x14: [mem 0xe0000000-0xe7ffffff pref]
[    0.293931] pci 0000:00:02.0: reg 0x18: [mem 0xf0000000-0xf01fffff]
[    0.305166] pci 0000:00:03.0: [1022:2000] type 00 class 0x020000
[    0.305848] pci 0000:00:03.0: reg 0x10: [io  0xd020-0xd03f]
[    0.306546] pci 0000:00:03.0: reg 0x14: [mem 0xf0200000-0xf0200fff]
[    0.310382] pci 0000:00:04.0: [80ee:cafe] type 00 class 0x088000
[    0.311056] pci 0000:00:04.0: reg 0x10: [io  0xd040-0xd05f]
[    0.311667] pci 0000:00:04.0: reg 0x14: [mem 0xf0400000-0xf07fffff]
[    0.312279] pci 0000:00:04.0: reg 0x18: [mem 0xf0800000-0xf0803fff pref]
[    0.315829] pci 0000:00:07.0: [8086:7113] type 00 class 0x068000
[    0.316368] pci 0000:00:07.0: quirk: [io  0x4000-0x403f] claimed by PIIX4 ACPI
[    0.316381] pci 0000:00:07.0: quirk: [io  0x4100-0x410f] claimed by PIIX4 SMB
[    0.317013] pci 0000:00:08.0: [8086:100e] type 00 class 0x020000
[    0.317724] pci 0000:00:08.0: reg 0x10: [mem 0xf0820000-0xf083ffff]
[    0.318561] pci 0000:00:08.0: reg 0x18: [io  0xd060-0xd067]
[    0.321956] pci 0000:00:09.0: [8086:100e] type 00 class 0x020000
[    0.322669] pci 0000:00:09.0: reg 0x10: [mem 0xf0840000-0xf085ffff]
[    0.323829] pci 0000:00:09.0: reg 0x18: [io  0xd068-0xd06f]
[    0.334800] ACPI: PCI Interrupt Link [LNKA] (IRQs 5 9 10 *11)
[    0.335110] ACPI: PCI Interrupt Link [LNKB] (IRQs 5 9 *10 11)
[    0.335210] ACPI: PCI Interrupt Link [LNKC] (IRQs 5 *9 10 11)
[    0.335315] ACPI: PCI Interrupt Link [LNKD] (IRQs 5 9 10 *11)
[    0.335625] iommu: Default domain type: Translated 
[    0.335686] pci 0000:00:02.0: vgaarb: setting as boot VGA device
[    0.335688] pci 0000:00:02.0: vgaarb: VGA device added: decodes=io+mem,owns=io+mem,locks=none
[    0.335690] pci 0000:00:02.0: vgaarb: bridge control possible
[    0.335691] vgaarb: loaded
[    0.335930] SCSI subsystem initialized
[    0.335968] libata version 3.00 loaded.
[    0.335999] ACPI: bus type USB registered
[    0.336014] usbcore: registered new interface driver usbfs
[    0.336022] usbcore: registered new interface driver hub
[    0.336028] usbcore: registered new device driver usb
[    0.336060] pps_core: LinuxPPS API ver. 1 registered
[    0.336061] pps_core: Software ver. 5.3.6 - Copyright 2005-2007 Rodolfo Giometti <giometti@linux.it>
[    0.336065] PTP clock support registered
[    0.336104] EDAC MC: Ver: 3.0.0
[    0.336433] PCI: Using ACPI for IRQ routing
[    0.336435] PCI: pci_cache_line_size set to 64 bytes
[    0.336609] e820: reserve RAM buffer [mem 0x0009fc00-0x0009ffff]
[    0.336613] e820: reserve RAM buffer [mem 0x7fff0000-0x7fffffff]
[    0.337905] NetLabel: Initializing
[    0.337905] NetLabel:  domain hash size = 128
[    0.337906] NetLabel:  protocols = UNLABELED CIPSOv4 CALIPSO
[    0.337929] NetLabel:  unlabeled traffic allowed by default
[    0.338954] clocksource: Switched to clocksource kvm-clock
[    0.355630] *** VALIDATE bpf ***
[    0.355707] VFS: Disk quotas dquot_6.6.0
[    0.355737] VFS: Dquot-cache hash table entries: 512 (order 0, 4096 bytes)
[    0.355771] *** VALIDATE ramfs ***
[    0.355776] *** VALIDATE hugetlbfs ***
[    0.355848] AppArmor: AppArmor Filesystem Enabled
[    0.355848] pnp: PnP ACPI init
[    0.355848] pnp 00:00: Plug and Play ACPI device, IDs PNP0303 (active)
[    0.356082] pnp 00:01: Plug and Play ACPI device, IDs PNP0f03 (active)
[    0.356866] pnp: PnP ACPI: found 2 devices
[    0.357945] thermal_sys: Registered thermal governor 'fair_share'
[    0.357945] thermal_sys: Registered thermal governor 'bang_bang'
[    0.357946] thermal_sys: Registered thermal governor 'step_wise'
[    0.357947] thermal_sys: Registered thermal governor 'user_space'
[    0.357947] thermal_sys: Registered thermal governor 'power_allocator'
[    0.362462] clocksource: acpi_pm: mask: 0xffffff max_cycles: 0xffffff, max_idle_ns: 2085701024 ns
[    0.362504] pci_bus 0000:00: resource 4 [io  0x0000-0x0cf7 window]
[    0.362505] pci_bus 0000:00: resource 5 [io  0x0d00-0xffff window]
[    0.362507] pci_bus 0000:00: resource 6 [mem 0x000a0000-0x000bffff window]
[    0.362508] pci_bus 0000:00: resource 7 [mem 0x80000000-0xfdffffff window]
[    0.362577] NET: Registered protocol family 2
[    0.362689] IP idents hash table entries: 32768 (order: 6, 262144 bytes, linear)
[    0.363166] MPTCP tokens hash table entries: 8192 (order: 4, 65536 bytes, linear)
[    0.363198] MPTCP request tokens hash table entries: 8192 (order: 4, 65536 bytes, linear)
[    0.363224] default registered
[    0.363225] default registered
[    0.363225] MPTCP: Stable release v0.96
[    0.363233] tcp_listen_portaddr_hash hash table entries: 1024 (order: 2, 16384 bytes, linear)
[    0.363326] TCP established hash table entries: 16384 (order: 5, 131072 bytes, linear)
[    0.363326] TCP bind hash table entries: 16384 (order: 6, 262144 bytes, linear)
[    0.363326] TCP: Hash tables configured (established 16384 bind 16384)
[    0.364689] UDP hash table entries: 1024 (order: 3, 32768 bytes, linear)
[    0.364706] UDP-Lite hash table entries: 1024 (order: 3, 32768 bytes, linear)
[    0.364754] NET: Registered protocol family 1
[    0.364765] NET: Registered protocol family 44
[    0.364789] pci 0000:00:00.0: Limiting direct PCI/PCI transfers
[    0.364803] pci 0000:00:01.0: Activating ISA DMA hang workarounds
[    0.364860] pci 0000:00:02.0: Video device with shadowed ROM at [mem 0x000c0000-0x000dffff]
[    0.364925] PCI: CLS 0 bytes, default 64
[    0.364982] Trying to unpack rootfs image as initramfs...
[    0.597704] Freeing initrd memory: 47868K
[    0.597816] clocksource: tsc: mask: 0xffffffffffffffff max_cycles: 0x1e4530a99b6, max_idle_ns: 440795257976 ns
[    0.597830] clocksource: Switched to clocksource tsc
[    0.597887] platform rtc_cmos: registered platform RTC device (no PNP device found)
[    0.597910] check: Scanning for low memory corruption every 60 seconds
[    0.598300] Initialise system trusted keyrings
[    0.598312] Key type blacklist registered
[    0.598362] workingset: timestamp_bits=36 max_order=19 bucket_order=0
[    0.599745] zbud: loaded
[    0.600128] squashfs: version 4.0 (2009/01/31) Phillip Lougher
[    0.600141] fuse: init (API version 7.31)
[    0.600141] *** VALIDATE fuse ***
[    0.600141] *** VALIDATE fuse ***
[    0.600141] Platform Keyring initialized
[    0.600141] Key type asymmetric registered
[    0.600141] Asymmetric key parser 'x509' registered
[    0.600141] Block layer SCSI generic (bsg) driver version 0.4 loaded (major 244)
[    0.600141] io scheduler mq-deadline registered
[    0.600141] shpchp: Standard Hot Plug PCI Controller Driver version: 0.4
[    0.603957] ACPI: AC Adapter [AC] (on-line)
[    0.604012] input: Power Button as /devices/LNXSYSTM:00/LNXPWRBN:00/input/input0
[    0.604042] ACPI: Power Button [PWRF]
[    0.604125] input: Sleep Button as /devices/LNXSYSTM:00/LNXSLPBN:00/input/input1
[    0.604140] ACPI: Sleep Button [SLPF]
[    0.604379] Serial: 8250/16550 driver, 32 ports, IRQ sharing enabled
[    0.605777] Linux agpgart interface v0.103
[    0.695296] loop: module loaded
[    0.695487] ata_piix 0000:00:01.1: version 2.13
[    0.695940] scsi host0: ata_piix
[    0.696046] scsi host1: ata_piix
[    0.696074] ata1: PATA max UDMA/33 cmd 0x1f0 ctl 0x3f6 bmdma 0xd000 irq 14
[    0.696075] ata2: PATA max UDMA/33 cmd 0x170 ctl 0x376 bmdma 0xd008 irq 15
[    0.696174] tun: Universal TUN/TAP device driver, 1.6
[    0.696490] PPP generic driver version 2.4.2
[    0.696542] VFIO - User Level meta-driver version: 0.3
[    0.696802] ehci_hcd: USB 2.0 'Enhanced' Host Controller (EHCI) Driver
[    0.696805] ehci-pci: EHCI PCI platform driver
[    0.696826] ehci-platform: EHCI generic platform driver
[    0.696832] ohci_hcd: USB 1.1 'Open' Host Controller (OHCI) Driver
[    0.696834] ohci-pci: OHCI PCI platform driver
[    0.696840] ohci-platform: OHCI generic platform driver
[    0.696844] uhci_hcd: USB Universal Host Controller Interface driver
[    0.696924] i8042: PNP: PS/2 Controller [PNP0303:PS2K,PNP0f03:PS2M] at 0x60,0x64 irq 1,12
[    0.697394] serio: i8042 KBD port at 0x60,0x64 irq 1
[    0.697399] serio: i8042 AUX port at 0x60,0x64 irq 12
[    0.697496] mousedev: PS/2 mouse device common for all mice
[    0.697768] input: AT Translated Set 2 keyboard as /devices/platform/i8042/serio0/input/input2
[    0.698205] rtc_cmos rtc_cmos: registered as rtc0
[    0.698218] rtc_cmos rtc_cmos: alarms up to one day, 114 bytes nvram
[    0.698224] i2c /dev entries driver
[    0.698277] device-mapper: uevent: version 1.0.3
[    0.698322] device-mapper: ioctl: 4.41.0-ioctl (2019-09-16) initialised: dm-devel@redhat.com
[    0.698346] platform eisa.0: Probing EISA bus 0
[    0.698348] platform eisa.0: EISA: Cannot allocate resource for mainboard
[    0.698349] platform eisa.0: Cannot allocate resource for EISA slot 1
[    0.698350] platform eisa.0: Cannot allocate resource for EISA slot 2
[    0.698351] platform eisa.0: Cannot allocate resource for EISA slot 3
[    0.698352] platform eisa.0: Cannot allocate resource for EISA slot 4
[    0.698353] platform eisa.0: Cannot allocate resource for EISA slot 5
[    0.698354] platform eisa.0: Cannot allocate resource for EISA slot 6
[    0.698355] platform eisa.0: Cannot allocate resource for EISA slot 7
[    0.698356] platform eisa.0: Cannot allocate resource for EISA slot 8
[    0.698357] platform eisa.0: EISA: Detected 0 cards
[    0.698361] intel_pstate: CPU model not supported
[    0.698376] ledtrig-cpu: registered to indicate activity on CPUs
[    0.698441] drop_monitor: Initializing network drop monitor service
[    0.698714] NET: Registered protocol family 10
[    0.704810] Segment Routing with IPv6
[    0.704844] fullmesh registered
[    0.704844] ndiffports registered
[    0.704847] binder registered
[    0.704847] roundrobin registered
[    0.704848] mps registered
[    0.704848] redundant registered
[    0.704849] blest registered
[    0.704850] ecf registered
[    0.704861] NET: Registered protocol family 17
[    0.704919] Key type dns_resolver registered
[    0.705029] RAS: Correctable Errors collector initialized.
[    0.705044] IPI shorthand broadcast: enabled
[    0.705061] sched_clock: Marking stable (692174681, 11255362)->(705677645, -2247602)
[    0.705113] registered taskstats version 1
[    0.705126] Loading compiled-in X.509 certificates
[    0.705796] Loaded X.509 cert 'Build time autogenerated kernel key: 6909f3744cebb3d0de528d5887b96a727de79b1e'
[    0.705819] zswap: loaded using pool lzo/zbud
[    0.705881] Key type ._fscrypt registered
[    0.705881] Key type .fscrypt registered
[    0.710382] Key type big_key registered
[    0.712582] Key type encrypted registered
[    0.712585] AppArmor: AppArmor sha1 policy hashing enabled
[    0.712593] ima: No TPM chip found, activating TPM-bypass!
[    0.712597] ima: Allocated hash algorithm: sha1
[    0.712604] ima: No architecture policies found
[    0.712615] evm: Initialising EVM extended attributes:
[    0.712615] evm: security.selinux
[    0.712616] evm: security.SMACK64
[    0.712616] evm: security.SMACK64EXEC
[    0.712617] evm: security.SMACK64TRANSMUTE
[    0.712618] evm: security.SMACK64MMAP
[    0.712618] evm: security.apparmor
[    0.712618] evm: security.ima
[    0.712619] evm: security.capability
[    0.712620] evm: HMAC attrs: 0x1
[    0.712949] PM:   Magic number: 10:845:23
[    0.713066] rtc_cmos rtc_cmos: setting system clock to 2026-01-10T11:01:01 UTC (1768042861)
[    0.867277] ata1.00: ATA-6: VBOX HARDDISK, 1.0, max UDMA/133
[    0.867280] ata1.00: 209715200 sectors, multi 128: LBA 
[    0.867942] scsi 0:0:0:0: Direct-Access     ATA      VBOX HARDDISK    1.0  PQ: 0 ANSI: 5
[    0.868235] sd 0:0:0:0: [sda] 209715200 512-byte logical blocks: (107 GB/100 GiB)
[    0.868247] sd 0:0:0:0: [sda] Write Protect is off
[    0.868250] sd 0:0:0:0: [sda] Mode Sense: 00 3a 00 00
[    0.868267] sd 0:0:0:0: [sda] Write cache: enabled, read cache: enabled, doesn't support DPO or FUA
[    0.868633] sd 0:0:0:0: Attached scsi generic sg0 type 0
[    0.869290]  sda: sda1 sda2
[    0.879461] sd 0:0:0:0: [sda] Attached SCSI disk
[    0.882731] Freeing unused decrypted memory: 2040K
[    0.883987] Freeing unused kernel image memory: 2728K
[    0.883990] Write protecting the kernel read-only data: 22528k
[    0.885227] Freeing unused kernel image memory: 2036K
[    0.885914] Freeing unused kernel image memory: 1428K
[    0.911195] x86/mm: Checked W+X mappings: passed, no W+X pages found.
[    0.911200] Run /init as init process
[    1.030468] ACPI: Video Device [GFX0] (multi-head: yes  rom: no  post: no)
[    1.030562] input: Video Bus as /devices/LNXSYSTM:00/LNXSYBUS:00/PNP0A03:00/LNXVIDEO:00/input/input4
[    1.042556] pcnet32: pcnet32.c:v1.35 21.Apr.2008 tsbogend@alpha.franken.de
[    1.044263] piix4_smbus 0000:00:07.0: SMBus Host Controller at 0x4100, revision 0
[    1.046839] e1000: Intel(R) PRO/1000 Network Driver - version 7.3.21-k8-NAPI
[    1.046840] e1000: Copyright (c) 1999-2006 Intel Corporation.
[    1.062696] pcnet32: PCnet/FAST III 79C973 at 0xd020, 08:00:27:da:2c:71 assigned IRQ 19
[    1.062741] pcnet32: Found PHY 0022:561b at address 0
[    1.063055] pcnet32: eth0: registered as PCnet/FAST III 79C973
[    1.065683] pcnet32: 1 cards_found
[    1.126153] pcnet32 0000:00:03.0 enp0s3: renamed from eth0
[    1.265864] input: ImExPS/2 Generic Explorer Mouse as /devices/platform/i8042/serio1/input/input5
[    1.463624] e1000 0000:00:08.0 eth0: (PCI:33MHz:32-bit) 08:00:27:43:8d:da
[    1.463628] e1000 0000:00:08.0 eth0: Intel(R) PRO/1000 Network Connection
[    1.835811] e1000 0000:00:09.0 eth1: (PCI:33MHz:32-bit) 08:00:27:65:5a:22
[    1.835814] e1000 0000:00:09.0 eth1: Intel(R) PRO/1000 Network Connection
[    1.837109] e1000 0000:00:09.0 enp0s9: renamed from eth1
[    1.839088] e1000 0000:00:08.0 enp0s8: renamed from eth0
[    1.986828] EXT4-fs (sda2): mounted filesystem with ordered data mode. Opts: (null)
[    2.083270] systemd[1]: Inserted module 'autofs4'
[    2.097729] systemd[1]: systemd 245.4-4ubuntu3 running in system mode. (+PAM +AUDIT +SELINUX +IMA +APPARMOR +SMACK +SYSVINIT +UTMP +LIBCRYPTSETUP +GCRYPT +GNUTLS +ACL +XZ +LZ4 +SECCOMP +BLKID +ELFUTILS +KMOD +IDN2 -IDN +PCRE2 default-hierarchy=hybrid)
[    2.097762] systemd[1]: Detected virtualization oracle.
[    2.097765] systemd[1]: Detected architecture x86-64.
[    2.099196] systemd[1]: Set hostname to <ztg>.
[    2.234433] systemd[1]: /lib/systemd/system/dbus.socket:5: ListenStream= references a path below legacy directory /var/run/, updating /var/run/dbus/system_bus_socket â†’ /run/dbus/system_bus_socket; please update the unit file accordingly.
[    2.290763] systemd[1]: Created slice system-modprobe.slice.
[    2.290965] systemd[1]: Created slice User and Session Slice.
[    2.291011] systemd[1]: Started Forward Password Requests to Wall Directory Watch.
[    2.291190] systemd[1]: Set up automount Arbitrary Executable File Formats File System Automount Point.
[    2.291224] systemd[1]: Reached target User and Group Name Lookups.
[    2.291234] systemd[1]: Reached target Remote File Systems.
[    2.291243] systemd[1]: Reached target Slices.
[    2.291915] systemd[1]: Listening on Syslog Socket.
[    2.291984] systemd[1]: Listening on fsck to fsckd communication Socket.
[    2.292025] systemd[1]: Listening on initctl Compatibility Named Pipe.
[    2.292176] systemd[1]: Listening on Journal Audit Socket.
[    2.292229] systemd[1]: Listening on Journal Socket (/dev/log).
[    2.292303] systemd[1]: Listening on Journal Socket.
[    2.292370] systemd[1]: Listening on udev Control Socket.
[    2.292412] systemd[1]: Listening on udev Kernel Socket.
[    2.293266] systemd[1]: Mounting Huge Pages File System...
[    2.294289] systemd[1]: Mounting POSIX Message Queue File System...
[    2.295235] systemd[1]: Mounting Kernel Debug File System...
[    2.296250] systemd[1]: Mounting Kernel Trace File System...
[    2.298836] systemd[1]: Starting Journal Service...
[    2.326147] systemd[1]: Starting Set the console keyboard layout...
[    2.334401] systemd[1]: Starting Create list of static device nodes for the current kernel...
[    2.336534] systemd[1]: Starting Load Kernel Module drm...
[    2.337566] systemd[1]: Condition check resulted in Set Up Additional Binary Formats being skipped.
[    2.337624] systemd[1]: Condition check resulted in File System Check on Root Device being skipped.
[    2.349582] systemd[1]: Starting Load Kernel Modules...
[    2.355403] systemd[1]: Starting Remount Root and Kernel File Systems...
[    2.365284] systemd[1]: Starting udev Coldplug all Devices...
[    2.379499] systemd[1]: Starting Uncomplicated firewall...
[    2.381020] systemd[1]: Mounted Huge Pages File System.
[    2.381127] systemd[1]: Mounted POSIX Message Queue File System.
[    2.381214] systemd[1]: Mounted Kernel Debug File System.
[    2.381294] systemd[1]: Mounted Kernel Trace File System.
[    2.383638] EXT4-fs (sda2): re-mounted. Opts: errors=remount-ro
[    2.420753] systemd[1]: Finished Create list of static device nodes for the current kernel.
[    2.422078] systemd[1]: modprobe@drm.service: Succeeded.
[    2.422529] systemd[1]: Finished Load Kernel Module drm.
[    2.429858] systemd[1]: Finished Remount Root and Kernel File Systems.
[    2.432256] lp: driver loaded but no devices found
[    2.433608] systemd[1]: Finished Uncomplicated firewall.
[    2.451311] systemd[1]: Condition check resulted in Rebuild Hardware Database being skipped.
[    2.451352] systemd[1]: Condition check resulted in Platform Persistent Storage Archival being skipped.
[    2.452202] systemd[1]: Starting Load/Save Random Seed...
[    2.454140] ppdev: user-space parallel port driver
[    2.462975] systemd[1]: Starting Create System Users...
[    2.476543] systemd[1]: Finished Load/Save Random Seed.
[    2.483646] systemd[1]: Finished Create System Users.
[    2.484526] systemd[1]: Starting Create Static Device Nodes in /dev...
[    2.535766] systemd[1]: Finished udev Coldplug all Devices.
[    2.538741] systemd[1]: Finished Create Static Device Nodes in /dev.
[    2.539806] systemd[1]: Starting udev Kernel Device Manager...
[    2.548296] [drm] DMA map mode: Caching DMA mappings.
[    2.548358] [drm] Capabilities:
[    2.548358] [drm]   Rect copy.
[    2.548359] [drm]   Cursor.
[    2.548359] [drm]   Cursor bypass.
[    2.548359] [drm]   Cursor bypass 2.
[    2.548360] [drm]   Alpha cursor.
[    2.548360] [drm]   Extended Fifo.
[    2.548360] [drm]   Pitchlock.
[    2.548361] [drm]   Irq mask.
[    2.548361] [drm]   GMR.
[    2.548361] [drm]   Traces.
[    2.548362] [drm]   GMR2.
[    2.548362] [drm]   Screen Object 2.
[    2.548362] [drm]   Command Buffers.
[    2.548363] [drm]   Command Buffers 2.
[    2.548363] [drm]   Guest Backed Resources.
[    2.548365] [drm] Max GMR ids is 8192
[    2.548365] [drm] Max number of GMR pages is 1048576
[    2.548366] [drm] Max dedicated hypervisor surface memory is 393216 kiB
[    2.548366] [drm] Maximum display memory size is 131072 kiB
[    2.548367] [drm] VRAM at 0xe0000000 size is 131072 kiB
[    2.548368] [drm] MMIO at 0xf0000000 size is 2048 kiB
[    2.566327] [TTM] Zone  kernel: Available graphics memory: 1011736 KiB
[    2.566328] [TTM] Initializing pool allocator
[    2.566331] [TTM] Initializing DMA pool allocator
[    2.566363] [drm] Supports vblank timestamp caching Rev 2 (21.10.2013).
[    2.566363] [drm] No driver support for vblank timestamp query.
[    2.566616] [drm] Screen Target Display device initialized
[    2.566998] [drm] width 720
[    2.567012] [drm] height 400
[    2.567016] [drm] bpp 32
[    2.567675] [drm] Fifo max 0x00200000 min 0x00001000 cap 0x00000355
[    2.569409] [drm] Using command buffers with DMA pool.
[    2.569414] [drm] DX: no.
[    2.569414] [drm] Atomic: yes.
[    2.569415] [drm] SM4_1: no.
[    2.569437] [drm:vmw_host_log [vmwgfx]] *ERROR* Failed to send host log message.
[    2.570355] [drm:vmw_host_log [vmwgfx]] *ERROR* Failed to send host log message.
[    2.593872] fbcon: svgadrmfb (fb0) is primary device
[    2.597061] Console: switching to colour frame buffer device 100x37
[    2.602911] [drm] Initialized vmwgfx 2.15.0 20180704 for 0000:00:02.0 on minor 0
[    2.604120] systemd[1]: Finished Load Kernel Modules.
[    2.605225] systemd[1]: Mounting FUSE Control File System...
[    2.606229] systemd[1]: Mounting Kernel Configuration File System...
[    2.607143] systemd[1]: Starting Apply Kernel Variables...
[    2.643839] systemd[1]: Finished Set the console keyboard layout.
[    2.644679] systemd[1]: Mounted FUSE Control File System.
[    2.644779] systemd[1]: Reached target Local File Systems (Pre).
[    2.644804] systemd[1]: Condition check resulted in VMware vmblock fuse mount being skipped.
[    2.650565] systemd[1]: Mounting Mount unit for bare, revision 5...
[    2.656131] systemd[1]: Mounting Mount unit for core18, revision 1705...
[    2.667450] systemd[1]: Mounting Mount unit for core22, revision 2193...
[    2.675722] systemd[1]: Mounting Mount unit for gnome-3-34-1804, revision 24...
[    2.704023] systemd[1]: Mounting Mount unit for gnome-42-2204, revision 226...
[    2.707286] systemd[1]: Mounting Mount unit for gtk-common-themes, revision 1506...
[    2.710690] systemd[1]: Mounting Mount unit for gtk-common-themes, revision 1535...
[    2.716959] systemd[1]: Mounting Mount unit for snap-store, revision 1216...
[    2.722259] systemd[1]: Mounting Mount unit for snap-store, revision 433...
[    2.735350] systemd[1]: Mounting Mount unit for snapd, revision 25577...
[    2.736691] systemd[1]: Mounted Kernel Configuration File System.
[    2.774120] systemd[1]: Finished Apply Kernel Variables.
[    2.776454] systemd[1]: Mounted Mount unit for bare, revision 5.
[    2.776558] systemd[1]: Mounted Mount unit for core18, revision 1705.
[    2.776646] systemd[1]: Mounted Mount unit for core22, revision 2193.
[    2.776730] systemd[1]: Mounted Mount unit for gnome-3-34-1804, revision 24.
[    2.780071] systemd[1]: Started udev Kernel Device Manager.
[    2.780818] systemd[1]: Starting Show Plymouth Boot Screen...
[    2.788725] systemd[1]: Received SIGRTMIN+20 from PID 277 (plymouthd).
[    2.811479] systemd[1]: Started Show Plymouth Boot Screen.
[    2.811646] systemd[1]: Condition check resulted in Dispatch Password Requests to Console Directory Watch being skipped.
[    2.811735] systemd[1]: Started Forward Password Requests to Plymouth Directory Watch.
[    2.811769] systemd[1]: Reached target Local Encrypted Volumes.
[    2.830233] systemd[1]: Mounted Mount unit for gnome-42-2204, revision 226.
[    2.880253] systemd[1]: Mounted Mount unit for gtk-common-themes, revision 1506.
[    2.977052] systemd[1]: Mounted Mount unit for gtk-common-themes, revision 1535.
[    2.977252] systemd[1]: Mounted Mount unit for snap-store, revision 1216.
[    3.040823] systemd[1]: Mounted Mount unit for snap-store, revision 433.
[    3.075261] systemd[1]: Mounted Mount unit for snapd, revision 25577.
[    3.075532] systemd[1]: Reached target Local File Systems.
[    3.078978] systemd[1]: Starting Load AppArmor profiles...
[    3.086291] systemd[1]: Starting Set console font and keymap...
[    3.095132] systemd[1]: Starting Tell Plymouth To Write Out Runtime Data...
[    3.097590] systemd[1]: Condition check resulted in Store a System Token in an EFI Variable being skipped.
[    3.097624] systemd[1]: Condition check resulted in Commit a transient machine-id on disk being skipped.
[    3.100152] systemd[1]: Finished Set console font and keymap.
[    3.107296] systemd[1]: Received SIGRTMIN+20 from PID 277 (plymouthd).
[    3.113057] systemd[1]: plymouth-read-write.service: Succeeded.
[    3.113307] systemd[1]: Finished Tell Plymouth To Write Out Runtime Data.
[    3.133953] audit: type=1400 audit(1768042863.916:2): apparmor="STATUS" operation="profile_load" profile="unconfined" name="nvidia_modprobe" pid=306 comm="apparmor_parser"
[    3.133955] audit: type=1400 audit(1768042863.916:3): apparmor="STATUS" operation="profile_load" profile="unconfined" name="nvidia_modprobe//kmod" pid=306 comm="apparmor_parser"
[    3.143988] audit: type=1400 audit(1768042863.928:4): apparmor="STATUS" operation="profile_load" profile="unconfined" name="/usr/sbin/tcpdump" pid=307 comm="apparmor_parser"
[    3.192344] audit: type=1400 audit(1768042863.968:5): apparmor="STATUS" operation="profile_load" profile="unconfined" name="/usr/bin/evince" pid=309 comm="apparmor_parser"
[    3.192346] audit: type=1400 audit(1768042863.968:6): apparmor="STATUS" operation="profile_load" profile="unconfined" name="/usr/bin/evince//sanitized_helper" pid=309 comm="apparmor_parser"
[    3.192348] audit: type=1400 audit(1768042863.968:7): apparmor="STATUS" operation="profile_load" profile="unconfined" name="/usr/bin/evince-previewer" pid=309 comm="apparmor_parser"
[    3.192349] audit: type=1400 audit(1768042863.968:8): apparmor="STATUS" operation="profile_load" profile="unconfined" name="/usr/bin/evince-previewer//sanitized_helper" pid=309 comm="apparmor_parser"
[    3.192351] audit: type=1400 audit(1768042863.968:9): apparmor="STATUS" operation="profile_load" profile="unconfined" name="/usr/bin/evince-thumbnailer" pid=309 comm="apparmor_parser"
[    3.205597] audit: type=1400 audit(1768042863.988:10): apparmor="STATUS" operation="profile_load" profile="unconfined" name="/usr/lib/cups/backend/cups-pdf" pid=310 comm="apparmor_parser"
[    3.272007] systemd[1]: Started Journal Service.
[    3.294287] systemd-journald[229]: Received client request to flush runtime journal.
[    3.298463] systemd-journald[229]: File /var/log/journal/c455b248004a419c87ce85eea238d727/system.journal corrupted or uncleanly shut down, renaming and replacing.
[    4.712803] RAPL PMU: API unit is 2^-32 Joules, 0 fixed counters, 10737418240 ms ovfl timer
[    4.806750] cryptd: max_cpu_qlen set to 1000
[    4.859950] AVX2 version of gcm_enc/dec engaged.
[    4.859952] AES CTR mode by8 optimization enabled
[    6.928903] Adding 1998844k swap on /dev/sda1.  Priority:-2 extents:1 across:1998844k FS
[    7.603791] AAAAA: Error looking up destination IP: 369098976 - net/ipv4/ip_output.c: 285: dac_mps_nexthops
[    7.746283] AAAAA: Error looking up destination IP: 4211081440 - net/ipv4/ip_output.c: 285: dac_mps_nexthops
[    7.997227] AAAAA: Error looking up destination IP: 4211081440 - net/ipv4/ip_output.c: 285: dac_mps_nexthops
[    8.087373] AAAAA: Error looking up destination IP: 369098976 - net/ipv4/ip_output.c: 285: dac_mps_nexthops
[    8.263828] AAAAA: Error looking up destination IP: 4211081440 - net/ipv4/ip_output.c: 285: dac_mps_nexthops
[    8.356818] kauditd_printk_skb: 31 callbacks suppressed
[    8.356819] audit: type=1400 audit(1768042869.136:42): apparmor="DENIED" operation="capable" profile="/usr/sbin/cups-browsed" pid=572 comm="cups-browsed" capability=23  capname="sys_nice"
[    8.462864] AAAAA: Error looking up destination IP: 4211081440 - net/ipv4/ip_output.c: 285: dac_mps_nexthops
[    8.465355] AAAAA: Error looking up destination IP: 4211081440 - net/ipv4/ip_output.c: 285: dac_mps_nexthops
[    9.409275] pcnet32 0000:00:03.0 enp0s3: link up, 100Mbps, full-duplex
[    9.449535] e1000: enp0s8 NIC Link is Up 1000 Mbps Full Duplex, Flow Control: RX
[    9.449854] IPv6: ADDRCONF(NETDEV_CHANGE): enp0s8: link becomes ready
[    9.464122] AAAAA: Error looking up destination IP: 4211081440 - net/ipv4/ip_output.c: 285: dac_mps_nexthops
[    9.478654] e1000: enp0s9 NIC Link is Up 1000 Mbps Full Duplex, Flow Control: RX
[    9.478949] IPv6: ADDRCONF(NETDEV_CHANGE): enp0s9: link becomes ready
[    9.569953] AAAAA: Error looking up destination IP: 4211081440 - net/ipv4/ip_output.c: 285: dac_mps_nexthops
[   10.184303] device enp0s3 entered promiscuous mode
[   10.210413] audit: type=1400 audit(1768042870.988:43): apparmor="DENIED" operation="open" profile="/usr/sbin/tcpdump" name="/proc/sys/kernel/random/boot_id" pid=713 comm="tcpdump" requested_mask="r" denied_mask="r" fsuid=0 ouid=0
[   10.210507] audit: type=1400 audit(1768042870.988:44): apparmor="DENIED" operation="open" profile="/usr/sbin/tcpdump" name="/proc/sys/kernel/random/boot_id" pid=713 comm="tcpdump" requested_mask="r" denied_mask="r" fsuid=0 ouid=0
[   10.210733] audit: type=1400 audit(1768042870.988:45): apparmor="DENIED" operation="open" profile="/usr/sbin/tcpdump" name="/proc/sys/kernel/random/boot_id" pid=713 comm="tcpdump" requested_mask="r" denied_mask="r" fsuid=0 ouid=0
[   10.210752] audit: type=1400 audit(1768042870.988:46): apparmor="DENIED" operation="open" profile="/usr/sbin/tcpdump" name="/proc/sys/kernel/random/boot_id" pid=713 comm="tcpdump" requested_mask="r" denied_mask="r" fsuid=0 ouid=0
[   10.214955] audit: type=1400 audit(1768042870.988:47): apparmor="DENIED" operation="open" profile="/usr/sbin/tcpdump" name="/proc/sys/kernel/random/boot_id" pid=714 comm="tcpdump" requested_mask="r" denied_mask="r" fsuid=0 ouid=0
[   10.215146] audit: type=1400 audit(1768042870.988:48): apparmor="DENIED" operation="open" profile="/usr/sbin/tcpdump" name="/proc/sys/kernel/random/boot_id" pid=714 comm="tcpdump" requested_mask="r" denied_mask="r" fsuid=0 ouid=0
[   10.215220] audit: type=1400 audit(1768042870.988:49): apparmor="DENIED" operation="open" profile="/usr/sbin/tcpdump" name="/proc/sys/kernel/random/boot_id" pid=714 comm="tcpdump" requested_mask="r" denied_mask="r" fsuid=0 ouid=0
[   10.215319] audit: type=1400 audit(1768042870.988:50): apparmor="DENIED" operation="open" profile="/usr/sbin/tcpdump" name="/proc/sys/kernel/random/boot_id" pid=714 comm="tcpdump" requested_mask="r" denied_mask="r" fsuid=0 ouid=0
[   16.512624] rfkill: input handler disabled
[  268.711111] AAAAA-TCP_FORW: name:enp0s3: saddr:100932208: daddr:16783984
[  268.874677] AAAAA-TCP_FORW: name:enp0s3: saddr:100932208: daddr:16783984
[  268.917233] AAAAA-TCP_FORW: name:enp0s3: saddr:100932208: daddr:16783984
[  269.089562] AAAAA-TCP_FORW: name:enp0s3: saddr:100932208: daddr:16783984
[  269.234385] AAAAA-TCP_FORW: name:enp0s3: saddr:100932208: daddr:16783984
[  269.454614] AAAAA-TCP_FORW: name:enp0s3: saddr:100932208: daddr:16783984
[  269.630957] AAAAA-TCP_FORW: name:enp0s3: saddr:100932208: daddr:16783984
[  269.713747] AAAAA-TCP_FORW: name:enp0s3: saddr:100932208: daddr:16783984
[  269.871568] AAAAA-TCP_FORW: name:enp0s3: saddr:100932208: daddr:16783984
[  576.503895] rfkill: input handler enabled
[  585.531188] rfkill: input handler disabled
[  741.682641] device enp0s3 left promiscuous mode
