[    0.000000] Linux version 5.4.243-dmptcp (root@ztg) (gcc version 12.2.0 (Debian 12.2.0-14+deb12u1)) #119 SMP Wed Dec 24 23:52:51 CST 2025
[    0.000000] Command line: BOOT_IMAGE=/boot/vmlinuz-5.4.243-dmptcp root=UUID=98415a12-53b7-4144-8265-0f7ece09e445 ro quiet splash
[    0.000000] KERNEL supported cpus:
[    0.000000]   Intel GenuineIntel
[    0.000000]   AMD AuthenticAMD
[    0.000000]   Hygon HygonGenuine
[    0.000000]   Centaur CentaurHauls
[    0.000000]   zhaoxin   Shanghai  
[    0.000000] x86/fpu: Supporting XSAVE feature 0x001: 'x87 floating point registers'
[    0.000000] x86/fpu: Supporting XSAVE feature 0x002: 'SSE registers'
[    0.000000] x86/fpu: Supporting XSAVE feature 0x004: 'AVX registers'
[    0.000000] x86/fpu: xstate_offset[2]:  576, xstate_sizes[2]:  256
[    0.000000] x86/fpu: Enabled xstate features 0x7, context size is 832 bytes, using 'standard' format.
[    0.000000] BIOS-provided physical RAM map:
[    0.000000] BIOS-e820: [mem 0x0000000000000000-0x000000000009fbff] usable
[    0.000000] BIOS-e820: [mem 0x000000000009fc00-0x000000000009ffff] reserved
[    0.000000] BIOS-e820: [mem 0x00000000000f0000-0x00000000000fffff] reserved
[    0.000000] BIOS-e820: [mem 0x0000000000100000-0x000000007ffeffff] usable
[    0.000000] BIOS-e820: [mem 0x000000007fff0000-0x000000007fffffff] ACPI data
[    0.000000] BIOS-e820: [mem 0x00000000fec00000-0x00000000fec00fff] reserved
[    0.000000] BIOS-e820: [mem 0x00000000fee00000-0x00000000fee00fff] reserved
[    0.000000] BIOS-e820: [mem 0x00000000fffc0000-0x00000000ffffffff] reserved
[    0.000000] NX (Execute Disable) protection: active
[    0.000000] SMBIOS 2.5 present.
[    0.000000] DMI: innotek GmbH VirtualBox/VirtualBox, BIOS VirtualBox 12/01/2006
[    0.000000] Hypervisor detected: KVM
[    0.000000] kvm-clock: Using msrs 4b564d01 and 4b564d00
[    0.000000] kvm-clock: cpu 0, msr 1fa01001, primary cpu clock
[    0.000000] kvm-clock: using sched offset of 4457914143 cycles
[    0.000003] clocksource: kvm-clock: mask: 0xffffffffffffffff max_cycles: 0x1cd42e4dffb, max_idle_ns: 881590591483 ns
[    0.000006] tsc: Detected 2100.000 MHz processor
[    0.001915] e820: update [mem 0x00000000-0x00000fff] usable ==> reserved
[    0.001917] e820: remove [mem 0x000a0000-0x000fffff] usable
[    0.001922] last_pfn = 0x7fff0 max_arch_pfn = 0x400000000
[    0.001991] MTRR default type: uncachable
[    0.001991] MTRR fixed ranges enabled:
[    0.001993]   00000-9FFFF write-back
[    0.001993]   A0000-BFFFF uncachable
[    0.001994]   C0000-FFFFF write-protect
[    0.001995] MTRR variable ranges enabled:
[    0.001996]   0 base 000000000000 mask 3FFF80000000 write-back
[    0.001997]   1 disabled
[    0.001997]   2 disabled
[    0.001998]   3 disabled
[    0.001998]   4 disabled
[    0.001999]   5 disabled
[    0.001999]   6 disabled
[    0.001999]   7 disabled
[    0.002000]   8 disabled
[    0.002000]   9 disabled
[    0.002001]   10 disabled
[    0.002001]   11 disabled
[    0.002002]   12 disabled
[    0.002002]   13 disabled
[    0.002003]   14 disabled
[    0.002003]   15 disabled
[    0.002019] x86/PAT: Configuration [0-7]: WB  WC  UC- UC  WB  WP  UC- WT  
[    0.002153] found SMP MP-table at [mem 0x0009fff0-0x0009ffff]
[    0.093015] check: Scanning 1 areas for low memory corruption
[    0.093146] RAMDISK: [mem 0x32271000-0x3512ffff]
[    0.093154] ACPI: Early table checksum verification disabled
[    0.093160] ACPI: RSDP 0x00000000000E0000 000024 (v02 VBOX  )
[    0.093165] ACPI: XSDT 0x000000007FFF0030 00003C (v01 VBOX   VBOXXSDT 00000001 ASL  00000061)
[    0.093171] ACPI: FACP 0x000000007FFF00F0 0000F4 (v04 VBOX   VBOXFACP 00000001 ASL  00000061)
[    0.093178] ACPI: DSDT 0x000000007FFF02E0 002353 (v02 VBOX   VBOXBIOS 00000002 VBOX 00029BF3)
[    0.093182] ACPI: FACS 0x000000007FFF0200 000040
[    0.093185] ACPI: FACS 0x000000007FFF0200 000040
[    0.093188] ACPI: APIC 0x000000007FFF0240 000054 (v02 VBOX   VBOXAPIC 00000001 ASL  00000061)
[    0.093192] ACPI: SSDT 0x000000007FFF02A0 000038 (v01 VBOX   VBOXCPUT 00000002 VBOX 00029BF3)
[    0.093196] ACPI: Reserving FACP table memory at [mem 0x7fff00f0-0x7fff01e3]
[    0.093196] ACPI: Reserving DSDT table memory at [mem 0x7fff02e0-0x7fff2632]
[    0.093197] ACPI: Reserving FACS table memory at [mem 0x7fff0200-0x7fff023f]
[    0.093198] ACPI: Reserving FACS table memory at [mem 0x7fff0200-0x7fff023f]
[    0.093198] ACPI: Reserving APIC table memory at [mem 0x7fff0240-0x7fff0293]
[    0.093199] ACPI: Reserving SSDT table memory at [mem 0x7fff02a0-0x7fff02d7]
[    0.093214] ACPI: Local APIC address 0xfee00000
[    0.093403] No NUMA configuration found
[    0.093405] Faking a node at [mem 0x0000000000000000-0x000000007ffeffff]
[    0.093415] NODE_DATA(0) allocated [mem 0x7ffc5000-0x7ffeffff]
[    0.094352] Zone ranges:
[    0.094354]   DMA      [mem 0x0000000000001000-0x0000000000ffffff]
[    0.094355]   DMA32    [mem 0x0000000001000000-0x000000007ffeffff]
[    0.094356]   Normal   empty
[    0.094357]   Device   empty
[    0.094357] Movable zone start for each node
[    0.094359] Early memory node ranges
[    0.094360]   node   0: [mem 0x0000000000001000-0x000000000009efff]
[    0.094361]   node   0: [mem 0x0000000000100000-0x000000007ffeffff]
[    0.095037] Zeroed struct page in unavailable ranges: 114 pages
[    0.095038] Initmem setup node 0 [mem 0x0000000000001000-0x000000007ffeffff]
[    0.095040] On node 0 totalpages: 524174
[    0.095041]   DMA zone: 64 pages used for memmap
[    0.095042]   DMA zone: 21 pages reserved
[    0.095043]   DMA zone: 3998 pages, LIFO batch:0
[    0.095116]   DMA32 zone: 8128 pages used for memmap
[    0.095117]   DMA32 zone: 520176 pages, LIFO batch:63
[    0.104101] ACPI: PM-Timer IO Port: 0x4008
[    0.104105] ACPI: Local APIC address 0xfee00000
[    0.104171] IOAPIC[0]: apic_id 1, version 32, address 0xfec00000, GSI 0-23
[    0.104175] ACPI: INT_SRC_OVR (bus 0 bus_irq 0 global_irq 2 dfl dfl)
[    0.104177] ACPI: INT_SRC_OVR (bus 0 bus_irq 9 global_irq 9 low level)
[    0.104179] ACPI: IRQ0 used by override.
[    0.104180] ACPI: IRQ9 used by override.
[    0.104182] Using ACPI (MADT) for SMP configuration information
[    0.104189] smpboot: Allowing 1 CPUs, 0 hotplug CPUs
[    0.104213] PM: Registered nosave memory: [mem 0x00000000-0x00000fff]
[    0.104214] PM: Registered nosave memory: [mem 0x0009f000-0x0009ffff]
[    0.104215] PM: Registered nosave memory: [mem 0x000a0000-0x000effff]
[    0.104216] PM: Registered nosave memory: [mem 0x000f0000-0x000fffff]
[    0.104217] [mem 0x80000000-0xfebfffff] available for PCI devices
[    0.104218] Booting paravirtualized kernel on KVM
[    0.104221] clocksource: refined-jiffies: mask: 0xffffffff max_cycles: 0xffffffff, max_idle_ns: 7645519600211568 ns
[    0.104226] setup_percpu: NR_CPUS:8192 nr_cpumask_bits:1 nr_cpu_ids:1 nr_node_ids:1
[    0.105060] percpu: Embedded 60 pages/cpu s208896 r8192 d28672 u2097152
[    0.105065] pcpu-alloc: s208896 r8192 d28672 u2097152 alloc=1*2097152
[    0.105066] pcpu-alloc: [0] 0 
[    0.105093] Built 1 zonelists, mobility grouping on.  Total pages: 515961
[    0.105094] Policy zone: DMA32
[    0.105095] Kernel command line: BOOT_IMAGE=/boot/vmlinuz-5.4.243-dmptcp root=UUID=98415a12-53b7-4144-8265-0f7ece09e445 ro quiet splash
[    0.105945] Dentry cache hash table entries: 262144 (order: 9, 2097152 bytes, linear)
[    0.106092] Inode-cache hash table entries: 131072 (order: 8, 1048576 bytes, linear)
[    0.106143] mem auto-init: stack:off, heap alloc:on, heap free:off
[    0.106146] Calgary: detecting Calgary via BIOS EBDA area
[    0.106147] Calgary: Unable to locate Rio Grande table in EBDA - bailing!
[    0.110269] Memory: 1967332K/2096696K available (14339K kernel code, 2399K rwdata, 4716K rodata, 2728K init, 17260K bss, 129364K reserved, 0K cma-reserved)
[    0.111222] SLUB: HWalign=64, Order=0-3, MinObjects=0, CPUs=1, Nodes=1
[    0.111240] ftrace: allocating 43203 entries in 169 pages
[    0.129511] rcu: Hierarchical RCU implementation.
[    0.129513] rcu: 	RCU restricting CPUs from NR_CPUS=8192 to nr_cpu_ids=1.
[    0.129514] 	Tasks RCU enabled.
[    0.129515] rcu: RCU calculated value of scheduler-enlistment delay is 25 jiffies.
[    0.129516] rcu: Adjusting geometry for rcu_fanout_leaf=16, nr_cpu_ids=1
[    0.132497] NR_IRQS: 524544, nr_irqs: 256, preallocated irqs: 16
[    0.132718] random: crng init done
[    0.141943] Console: colour VGA+ 80x25
[    0.141947] printk: console [tty0] enabled
[    0.141968] ACPI: Core revision 20190816
[    0.142109] APIC: Switch to symmetric I/O mode setup
[    0.142358] x2apic enabled
[    0.142604] Switched APIC routing to physical x2apic.
[    0.143732] ..TIMER: vector=0x30 apic1=0 pin1=2 apic2=-1 pin2=-1
[    0.143756] clocksource: tsc-early: mask: 0xffffffffffffffff max_cycles: 0x1e4530a99b6, max_idle_ns: 440795257976 ns
[    0.143762] Calibrating delay loop (skipped) preset value.. 4200.00 BogoMIPS (lpj=8400000)
[    0.143764] pid_max: default: 32768 minimum: 301
[    0.143793] LSM: Security Framework initializing
[    0.143804] Yama: becoming mindful.
[    0.143830] AppArmor: AppArmor initialized
[    0.143865] Mount-cache hash table entries: 4096 (order: 3, 32768 bytes, linear)
[    0.143870] Mountpoint-cache hash table entries: 4096 (order: 3, 32768 bytes, linear)
[    0.143880] *** VALIDATE tmpfs ***
[    0.144010] *** VALIDATE proc ***
[    0.144051] *** VALIDATE cgroup1 ***
[    0.144052] *** VALIDATE cgroup2 ***
[    0.144195] process: using mwait in idle threads
[    0.144200] Last level iTLB entries: 4KB 64, 2MB 8, 4MB 8
[    0.144201] Last level dTLB entries: 4KB 64, 2MB 0, 4MB 0, 1GB 4
[    0.144221] Spectre V1 : Mitigation: usercopy/swapgs barriers and __user pointer sanitization
[    0.144226] Spectre V2 : Mitigation: Retpolines
[    0.144227] Spectre V2 : Spectre v2 / SpectreRSB mitigation: Filling RSB on context switch
[    0.144227] Spectre V2 : Spectre v2 / SpectreRSB : Filling RSB on VMEXIT
[    0.144228] RETBleed: WARNING: Spectre v2 mitigation leaves CPU vulnerable to RETBleed attacks, data leaks possible!
[    0.144582] RETBleed: Vulnerable
[    0.144583] Speculative Store Bypass: Vulnerable
[    0.144587] TAA: Mitigation: TSX disabled
[    0.144588] MMIO Stale Data: Mitigation: Clear CPU buffers
[    0.148873] Freeing SMP alternatives memory: 40K
[    0.261547] smpboot: CPU0: Intel(R) Xeon(R) Silver 4216 CPU @ 2.10GHz (family: 0x6, model: 0x55, stepping: 0x7)
[    0.261715] Performance Events: unsupported p6 CPU model 85 no PMU driver, software events only.
[    0.261762] rcu: Hierarchical SRCU implementation.
[    0.262358] NMI watchdog: Perf NMI watchdog permanently disabled
[    0.262410] smp: Bringing up secondary CPUs ...
[    0.262412] smp: Brought up 1 node, 1 CPU
[    0.262413] smpboot: Max logical packages: 1
[    0.262414] smpboot: Total of 1 processors activated (4200.00 BogoMIPS)
[    0.263544] devtmpfs: initialized
[    0.263594] x86/mm: Memory block size: 128MB
[    0.263759] clocksource: jiffies: mask: 0xffffffff max_cycles: 0xffffffff, max_idle_ns: 7645041785100000 ns
[    0.263759] futex hash table entries: 256 (order: 2, 16384 bytes, linear)
[    0.263759] pinctrl core: initialized pinctrl subsystem
[    0.263759] PM: RTC time: 11:02:03, date: 2026-01-10
[    0.263759] NET: Registered protocol family 16
[    0.263759] audit: initializing netlink subsys (disabled)
[    0.263759] EISA bus registered
[    0.263759] cpuidle: using governor ladder
[    0.263759] cpuidle: using governor menu
[    0.263759] ACPI: bus type PCI registered
[    0.263759] acpiphp: ACPI Hot Plug PCI Controller Driver version: 0.5
[    0.263759] PCI: Using configuration type 1 for base access
[    0.264774] audit: type=2000 audit(1768014130.199:1): state=initialized audit_enabled=0 res=1
[    0.264867] HugeTLB registered 2.00 MiB page size, pre-allocated 0 pages
[    0.265860] ACPI: Added _OSI(Module Device)
[    0.265860] ACPI: Added _OSI(Processor Device)
[    0.265861] ACPI: Added _OSI(3.0 _SCP Extensions)
[    0.265862] ACPI: Added _OSI(Processor Aggregator Device)
[    0.265863] ACPI: Added _OSI(Linux-Dell-Video)
[    0.265865] ACPI: Added _OSI(Linux-Lenovo-NV-HDMI-Audio)
[    0.265866] ACPI: Added _OSI(Linux-HPI-Hybrid-Graphics)
[    0.267759] ACPI: 2 ACPI AML tables successfully acquired and loaded
[    0.267797] ACPI: Interpreter enabled
[    0.267808] ACPI: (supports S0 S5)
[    0.267809] ACPI: Using IOAPIC for interrupt routing
[    0.268074] PCI: Using host bridge windows from ACPI; if necessary, use "pci=nocrs" and report a bug
[    0.268195] ACPI: Enabled 2 GPEs in block 00 to 07
[    0.276648] ACPI: PCI Root Bridge [PCI0] (domain 0000 [bus 00-ff])
[    0.276655] acpi PNP0A03:00: _OSC: OS supports [ASPM ClockPM Segments MSI HPX-Type3]
[    0.277209] acpi PNP0A03:00: _OSC: not requesting OS control; OS requires [ExtendedConfig ASPM ClockPM MSI]
[    0.277218] acpi PNP0A03:00: fail to add MMCONFIG information, can't access extended PCI configuration space under this bridge.
[    0.277654] PCI host bridge to bus 0000:00
[    0.277657] pci_bus 0000:00: root bus resource [io  0x0000-0x0cf7 window]
[    0.277658] pci_bus 0000:00: root bus resource [io  0x0d00-0xffff window]
[    0.277660] pci_bus 0000:00: root bus resource [mem 0x000a0000-0x000bffff window]
[    0.277661] pci_bus 0000:00: root bus resource [mem 0x80000000-0xfdffffff window]
[    0.277663] pci_bus 0000:00: root bus resource [bus 00-ff]
[    0.277713] pci 0000:00:00.0: [8086:1237] type 00 class 0x060000
[    0.278784] pci 0000:00:01.0: [8086:7000] type 00 class 0x060100
[    0.279639] pci 0000:00:01.1: [8086:7111] type 00 class 0x01018a
[    0.279990] pci 0000:00:01.1: reg 0x20: [io  0xd000-0xd00f]
[    0.280151] pci 0000:00:01.1: legacy IDE quirk: reg 0x10: [io  0x01f0-0x01f7]
[    0.280152] pci 0000:00:01.1: legacy IDE quirk: reg 0x14: [io  0x03f6]
[    0.280153] pci 0000:00:01.1: legacy IDE quirk: reg 0x18: [io  0x0170-0x0177]
[    0.280154] pci 0000:00:01.1: legacy IDE quirk: reg 0x1c: [io  0x0376]
[    0.280715] pci 0000:00:02.0: [15ad:0405] type 00 class 0x030000
[    0.283847] pci 0000:00:02.0: reg 0x10: [io  0xd010-0xd01f]
[    0.286940] pci 0000:00:02.0: reg 0x14: [mem 0xe0000000-0xe7ffffff pref]
[    0.289699] pci 0000:00:02.0: reg 0x18: [mem 0xf0000000-0xf01fffff]
[    0.300581] pci 0000:00:03.0: [1022:2000] type 00 class 0x020000
[    0.301256] pci 0000:00:03.0: reg 0x10: [io  0xd020-0xd03f]
[    0.301877] pci 0000:00:03.0: reg 0x14: [mem 0xf0200000-0xf0200fff]
[    0.305126] pci 0000:00:04.0: [80ee:cafe] type 00 class 0x088000
[    0.305807] pci 0000:00:04.0: reg 0x10: [io  0xd040-0xd05f]
[    0.306418] pci 0000:00:04.0: reg 0x14: [mem 0xf0400000-0xf07fffff]
[    0.307026] pci 0000:00:04.0: reg 0x18: [mem 0xf0800000-0xf0803fff pref]
[    0.310274] pci 0000:00:07.0: [8086:7113] type 00 class 0x068000
[    0.311852] pci 0000:00:07.0: quirk: [io  0x4000-0x403f] claimed by PIIX4 ACPI
[    0.311863] pci 0000:00:07.0: quirk: [io  0x4100-0x410f] claimed by PIIX4 SMB
[    0.312471] pci 0000:00:08.0: [8086:100e] type 00 class 0x020000
[    0.313172] pci 0000:00:08.0: reg 0x10: [mem 0xf0820000-0xf083ffff]
[    0.314336] pci 0000:00:08.0: reg 0x18: [io  0xd060-0xd067]
[    0.315829] pci 0000:00:09.0: [8086:100e] type 00 class 0x020000
[    0.316537] pci 0000:00:09.0: reg 0x10: [mem 0xf0840000-0xf085ffff]
[    0.320438] pci 0000:00:09.0: reg 0x18: [io  0xd068-0xd06f]
[    0.328903] ACPI: PCI Interrupt Link [LNKA] (IRQs 5 9 10 *11)
[    0.329184] ACPI: PCI Interrupt Link [LNKB] (IRQs 5 9 *10 11)
[    0.329283] ACPI: PCI Interrupt Link [LNKC] (IRQs 5 *9 10 11)
[    0.331849] ACPI: PCI Interrupt Link [LNKD] (IRQs 5 9 10 *11)
[    0.332121] iommu: Default domain type: Translated 
[    0.332179] pci 0000:00:02.0: vgaarb: setting as boot VGA device
[    0.332181] pci 0000:00:02.0: vgaarb: VGA device added: decodes=io+mem,owns=io+mem,locks=none
[    0.332182] pci 0000:00:02.0: vgaarb: bridge control possible
[    0.332183] vgaarb: loaded
[    0.332396] SCSI subsystem initialized
[    0.332428] libata version 3.00 loaded.
[    0.332455] ACPI: bus type USB registered
[    0.332469] usbcore: registered new interface driver usbfs
[    0.332476] usbcore: registered new interface driver hub
[    0.332481] usbcore: registered new device driver usb
[    0.332511] pps_core: LinuxPPS API ver. 1 registered
[    0.332511] pps_core: Software ver. 5.3.6 - Copyright 2005-2007 Rodolfo Giometti <giometti@linux.it>
[    0.332515] PTP clock support registered
[    0.332550] EDAC MC: Ver: 3.0.0
[    0.332836] PCI: Using ACPI for IRQ routing
[    0.332838] PCI: pci_cache_line_size set to 64 bytes
[    0.333009] e820: reserve RAM buffer [mem 0x0009fc00-0x0009ffff]
[    0.333012] e820: reserve RAM buffer [mem 0x7fff0000-0x7fffffff]
[    0.333831] NetLabel: Initializing
[    0.333831] NetLabel:  domain hash size = 128
[    0.333832] NetLabel:  protocols = UNLABELED CIPSOv4 CALIPSO
[    0.333854] NetLabel:  unlabeled traffic allowed by default
[    0.334785] clocksource: Switched to clocksource kvm-clock
[    0.346212] *** VALIDATE bpf ***
[    0.346273] VFS: Disk quotas dquot_6.6.0
[    0.346286] VFS: Dquot-cache hash table entries: 512 (order 0, 4096 bytes)
[    0.346308] *** VALIDATE ramfs ***
[    0.346311] *** VALIDATE hugetlbfs ***
[    0.346391] AppArmor: AppArmor Filesystem Enabled
[    0.346417] pnp: PnP ACPI init
[    0.346483] pnp 00:00: Plug and Play ACPI device, IDs PNP0303 (active)
[    0.346545] pnp 00:01: Plug and Play ACPI device, IDs PNP0f03 (active)
[    0.347317] pnp: PnP ACPI: found 2 devices
[    0.348270] thermal_sys: Registered thermal governor 'fair_share'
[    0.348271] thermal_sys: Registered thermal governor 'bang_bang'
[    0.348271] thermal_sys: Registered thermal governor 'step_wise'
[    0.348272] thermal_sys: Registered thermal governor 'user_space'
[    0.348272] thermal_sys: Registered thermal governor 'power_allocator'
[    0.352786] clocksource: acpi_pm: mask: 0xffffff max_cycles: 0xffffff, max_idle_ns: 2085701024 ns
[    0.352839] pci_bus 0000:00: resource 4 [io  0x0000-0x0cf7 window]
[    0.352841] pci_bus 0000:00: resource 5 [io  0x0d00-0xffff window]
[    0.352843] pci_bus 0000:00: resource 6 [mem 0x000a0000-0x000bffff window]
[    0.352844] pci_bus 0000:00: resource 7 [mem 0x80000000-0xfdffffff window]
[    0.352917] NET: Registered protocol family 2
[    0.353000] IP idents hash table entries: 32768 (order: 6, 262144 bytes, linear)
[    0.353521] MPTCP tokens hash table entries: 8192 (order: 4, 65536 bytes, linear)
[    0.353545] MPTCP request tokens hash table entries: 8192 (order: 4, 65536 bytes, linear)
[    0.353571] default registered
[    0.353572] default registered
[    0.353572] MPTCP: Stable release v0.96
[    0.353579] tcp_listen_portaddr_hash hash table entries: 1024 (order: 2, 16384 bytes, linear)
[    0.353665] TCP established hash table entries: 16384 (order: 5, 131072 bytes, linear)
[    0.353740] TCP bind hash table entries: 16384 (order: 6, 262144 bytes, linear)
[    0.353766] TCP: Hash tables configured (established 16384 bind 16384)
[    0.354485] UDP hash table entries: 1024 (order: 3, 32768 bytes, linear)
[    0.354496] UDP-Lite hash table entries: 1024 (order: 3, 32768 bytes, linear)
[    0.354535] NET: Registered protocol family 1
[    0.354544] NET: Registered protocol family 44
[    0.354566] pci 0000:00:00.0: Limiting direct PCI/PCI transfers
[    0.354578] pci 0000:00:01.0: Activating ISA DMA hang workarounds
[    0.354628] pci 0000:00:02.0: Video device with shadowed ROM at [mem 0x000c0000-0x000dffff]
[    0.354691] PCI: CLS 0 bytes, default 64
[    0.354740] Trying to unpack rootfs image as initramfs...
[    0.535305] Freeing initrd memory: 47868K
[    0.535305] clocksource: tsc: mask: 0xffffffffffffffff max_cycles: 0x1e4530a99b6, max_idle_ns: 440795257976 ns
[    0.535305] clocksource: Switched to clocksource tsc
[    0.535305] platform rtc_cmos: registered platform RTC device (no PNP device found)
[    0.535305] check: Scanning for low memory corruption every 60 seconds
[    0.535305] Initialise system trusted keyrings
[    0.535305] Key type blacklist registered
[    0.535305] workingset: timestamp_bits=36 max_order=19 bucket_order=0
[    0.535305] zbud: loaded
[    0.535305] squashfs: version 4.0 (2009/01/31) Phillip Lougher
[    0.535305] fuse: init (API version 7.31)
[    0.535305] *** VALIDATE fuse ***
[    0.535305] *** VALIDATE fuse ***
[    0.535305] Platform Keyring initialized
[    0.535305] Key type asymmetric registered
[    0.535305] Asymmetric key parser 'x509' registered
[    0.535305] Block layer SCSI generic (bsg) driver version 0.4 loaded (major 244)
[    0.535305] io scheduler mq-deadline registered
[    0.535305] shpchp: Standard Hot Plug PCI Controller Driver version: 0.4
[    0.544279] ACPI: AC Adapter [AC] (on-line)
[    0.544327] input: Power Button as /devices/LNXSYSTM:00/LNXPWRBN:00/input/input0
[    0.544354] ACPI: Power Button [PWRF]
[    0.544430] input: Sleep Button as /devices/LNXSYSTM:00/LNXSLPBN:00/input/input1
[    0.544445] ACPI: Sleep Button [SLPF]
[    0.544675] Serial: 8250/16550 driver, 32 ports, IRQ sharing enabled
[    0.545805] Linux agpgart interface v0.103
[    0.635133] loop: module loaded
[    0.635333] ata_piix 0000:00:01.1: version 2.13
[    0.635862] scsi host0: ata_piix
[    0.635981] scsi host1: ata_piix
[    0.636017] ata1: PATA max UDMA/33 cmd 0x1f0 ctl 0x3f6 bmdma 0xd000 irq 14
[    0.636018] ata2: PATA max UDMA/33 cmd 0x170 ctl 0x376 bmdma 0xd008 irq 15
[    0.636124] tun: Universal TUN/TAP device driver, 1.6
[    0.636487] PPP generic driver version 2.4.2
[    0.636547] VFIO - User Level meta-driver version: 0.3
[    0.636835] ehci_hcd: USB 2.0 'Enhanced' Host Controller (EHCI) Driver
[    0.636839] ehci-pci: EHCI PCI platform driver
[    0.636857] ehci-platform: EHCI generic platform driver
[    0.636865] ohci_hcd: USB 1.1 'Open' Host Controller (OHCI) Driver
[    0.636868] ohci-pci: OHCI PCI platform driver
[    0.636875] ohci-platform: OHCI generic platform driver
[    0.636880] uhci_hcd: USB Universal Host Controller Interface driver
[    0.636962] i8042: PNP: PS/2 Controller [PNP0303:PS2K,PNP0f03:PS2M] at 0x60,0x64 irq 1,12
[    0.637492] serio: i8042 KBD port at 0x60,0x64 irq 1
[    0.637496] serio: i8042 AUX port at 0x60,0x64 irq 12
[    0.637611] mousedev: PS/2 mouse device common for all mice
[    0.637942] input: AT Translated Set 2 keyboard as /devices/platform/i8042/serio0/input/input2
[    0.638426] rtc_cmos rtc_cmos: registered as rtc0
[    0.638442] rtc_cmos rtc_cmos: alarms up to one day, 114 bytes nvram
[    0.638449] i2c /dev entries driver
[    0.638504] device-mapper: uevent: version 1.0.3
[    0.638557] device-mapper: ioctl: 4.41.0-ioctl (2019-09-16) initialised: dm-devel@redhat.com
[    0.638583] platform eisa.0: Probing EISA bus 0
[    0.638584] platform eisa.0: EISA: Cannot allocate resource for mainboard
[    0.638586] platform eisa.0: Cannot allocate resource for EISA slot 1
[    0.638588] platform eisa.0: Cannot allocate resource for EISA slot 2
[    0.638589] platform eisa.0: Cannot allocate resource for EISA slot 3
[    0.638591] platform eisa.0: Cannot allocate resource for EISA slot 4
[    0.638592] platform eisa.0: Cannot allocate resource for EISA slot 5
[    0.638593] platform eisa.0: Cannot allocate resource for EISA slot 6
[    0.638595] platform eisa.0: Cannot allocate resource for EISA slot 7
[    0.638596] platform eisa.0: Cannot allocate resource for EISA slot 8
[    0.638597] platform eisa.0: EISA: Detected 0 cards
[    0.638601] intel_pstate: CPU model not supported
[    0.638615] ledtrig-cpu: registered to indicate activity on CPUs
[    0.638678] drop_monitor: Initializing network drop monitor service
[    0.638905] NET: Registered protocol family 10
[    0.643318] Segment Routing with IPv6
[    0.643318] fullmesh registered
[    0.643318] ndiffports registered
[    0.643318] binder registered
[    0.643318] roundrobin registered
[    0.643318] mps registered
[    0.643318] redundant registered
[    0.643318] blest registered
[    0.643318] ecf registered
[    0.643318] NET: Registered protocol family 17
[    0.643318] Key type dns_resolver registered
[    0.643318] RAS: Correctable Errors collector initialized.
[    0.643318] IPI shorthand broadcast: enabled
[    0.643318] sched_clock: Marking stable (628266955, 11051318)->(642374247, -3055974)
[    0.646059] registered taskstats version 1
[    0.646073] Loading compiled-in X.509 certificates
[    0.647002] Loaded X.509 cert 'Build time autogenerated kernel key: 6909f3744cebb3d0de528d5887b96a727de79b1e'
[    0.647022] zswap: loaded using pool lzo/zbud
[    0.647091] Key type ._fscrypt registered
[    0.647092] Key type .fscrypt registered
[    0.653053] Key type big_key registered
[    0.656280] Key type encrypted registered
[    0.656284] AppArmor: AppArmor sha1 policy hashing enabled
[    0.656293] ima: No TPM chip found, activating TPM-bypass!
[    0.656299] ima: Allocated hash algorithm: sha1
[    0.656307] ima: No architecture policies found
[    0.656318] evm: Initialising EVM extended attributes:
[    0.656319] evm: security.selinux
[    0.656319] evm: security.SMACK64
[    0.656320] evm: security.SMACK64EXEC
[    0.656321] evm: security.SMACK64TRANSMUTE
[    0.656321] evm: security.SMACK64MMAP
[    0.656322] evm: security.apparmor
[    0.656322] evm: security.ima
[    0.656323] evm: security.capability
[    0.656324] evm: HMAC attrs: 0x1
[    0.656681] PM:   Magic number: 10:845:23
[    0.656776] rtc_cmos rtc_cmos: setting system clock to 2026-01-10T11:02:04 UTC (1768042924)
[    0.807447] ata1.00: ATA-6: VBOX HARDDISK, 1.0, max UDMA/133
[    0.807449] ata1.00: 209715200 sectors, multi 128: LBA 
[    0.807942] scsi 0:0:0:0: Direct-Access     ATA      VBOX HARDDISK    1.0  PQ: 0 ANSI: 5
[    0.808168] sd 0:0:0:0: [sda] 209715200 512-byte logical blocks: (107 GB/100 GiB)
[    0.808179] sd 0:0:0:0: [sda] Write Protect is off
[    0.808181] sd 0:0:0:0: [sda] Mode Sense: 00 3a 00 00
[    0.808195] sd 0:0:0:0: [sda] Write cache: enabled, read cache: enabled, doesn't support DPO or FUA
[    0.808442] sd 0:0:0:0: Attached scsi generic sg0 type 0
[    0.809103]  sda: sda1 sda2
[    0.819245] sd 0:0:0:0: [sda] Attached SCSI disk
[    0.821654] Freeing unused decrypted memory: 2040K
[    0.822431] Freeing unused kernel image memory: 2728K
[    0.822433] Write protecting the kernel read-only data: 22528k
[    0.823234] Freeing unused kernel image memory: 2036K
[    0.823671] Freeing unused kernel image memory: 1428K
[    0.842234] x86/mm: Checked W+X mappings: passed, no W+X pages found.
[    0.842237] Run /init as init process
[    0.950334] ACPI: Video Device [GFX0] (multi-head: yes  rom: no  post: no)
[    0.950406] input: Video Bus as /devices/LNXSYSTM:00/LNXSYBUS:00/PNP0A03:00/LNXVIDEO:00/input/input4
[    0.964571] pcnet32: pcnet32.c:v1.35 21.Apr.2008 tsbogend@alpha.franken.de
[    0.966286] piix4_smbus 0000:00:07.0: SMBus Host Controller at 0x4100, revision 0
[    0.968792] e1000: Intel(R) PRO/1000 Network Driver - version 7.3.21-k8-NAPI
[    0.968793] e1000: Copyright (c) 1999-2006 Intel Corporation.
[    0.972456] pcnet32: PCnet/FAST III 79C973 at 0xd020, 08:00:27:ce:34:02 assigned IRQ 19
[    0.972501] pcnet32: Found PHY 0022:561b at address 0
[    0.972801] pcnet32: eth0: registered as PCnet/FAST III 79C973
[    0.981323] pcnet32: 1 cards_found
[    1.050337] pcnet32 0000:00:03.0 enp0s3: renamed from eth0
[    1.188270] input: ImExPS/2 Generic Explorer Mouse as /devices/platform/i8042/serio1/input/input5
[    1.383513] e1000 0000:00:08.0 eth0: (PCI:33MHz:32-bit) 08:00:27:4d:57:76
[    1.383518] e1000 0000:00:08.0 eth0: Intel(R) PRO/1000 Network Connection
[    1.759556] e1000 0000:00:09.0 eth1: (PCI:33MHz:32-bit) 08:00:27:75:9c:ea
[    1.759559] e1000 0000:00:09.0 eth1: Intel(R) PRO/1000 Network Connection
[    1.760722] e1000 0000:00:09.0 enp0s9: renamed from eth1
[    1.762626] e1000 0000:00:08.0 enp0s8: renamed from eth0
[    1.902208] EXT4-fs (sda2): mounted filesystem with ordered data mode. Opts: (null)
[    1.985196] systemd[1]: Inserted module 'autofs4'
[    1.995841] systemd[1]: systemd 245.4-4ubuntu3 running in system mode. (+PAM +AUDIT +SELINUX +IMA +APPARMOR +SMACK +SYSVINIT +UTMP +LIBCRYPTSETUP +GCRYPT +GNUTLS +ACL +XZ +LZ4 +SECCOMP +BLKID +ELFUTILS +KMOD +IDN2 -IDN +PCRE2 default-hierarchy=hybrid)
[    1.995869] systemd[1]: Detected virtualization oracle.
[    1.995872] systemd[1]: Detected architecture x86-64.
[    1.997166] systemd[1]: Set hostname to <ztg>.
[    2.124784] systemd[1]: /lib/systemd/system/dbus.socket:5: ListenStream= references a path below legacy directory /var/run/, updating /var/run/dbus/system_bus_socket â†’ /run/dbus/system_bus_socket; please update the unit file accordingly.
[    2.180876] systemd[1]: Created slice system-modprobe.slice.
[    2.181065] systemd[1]: Created slice User and Session Slice.
[    2.181109] systemd[1]: Started Forward Password Requests to Wall Directory Watch.
[    2.181272] systemd[1]: Set up automount Arbitrary Executable File Formats File System Automount Point.
[    2.181307] systemd[1]: Reached target User and Group Name Lookups.
[    2.181316] systemd[1]: Reached target Remote File Systems.
[    2.181324] systemd[1]: Reached target Slices.
[    2.181811] systemd[1]: Listening on Syslog Socket.
[    2.181876] systemd[1]: Listening on fsck to fsckd communication Socket.
[    2.181915] systemd[1]: Listening on initctl Compatibility Named Pipe.
[    2.182052] systemd[1]: Listening on Journal Audit Socket.
[    2.182102] systemd[1]: Listening on Journal Socket (/dev/log).
[    2.182171] systemd[1]: Listening on Journal Socket.
[    2.182235] systemd[1]: Listening on udev Control Socket.
[    2.182274] systemd[1]: Listening on udev Kernel Socket.
[    2.183024] systemd[1]: Mounting Huge Pages File System...
[    2.184010] systemd[1]: Mounting POSIX Message Queue File System...
[    2.184907] systemd[1]: Mounting Kernel Debug File System...
[    2.185739] systemd[1]: Mounting Kernel Trace File System...
[    2.187670] systemd[1]: Starting Journal Service...
[    2.209956] systemd[1]: Starting Set the console keyboard layout...
[    2.218335] systemd[1]: Starting Create list of static device nodes for the current kernel...
[    2.220399] systemd[1]: Starting Load Kernel Module drm...
[    2.228939] systemd[1]: Condition check resulted in Set Up Additional Binary Formats being skipped.
[    2.228979] systemd[1]: Condition check resulted in File System Check on Root Device being skipped.
[    2.234672] systemd[1]: Starting Load Kernel Modules...
[    2.240100] systemd[1]: Starting Remount Root and Kernel File Systems...
[    2.247656] systemd[1]: Starting udev Coldplug all Devices...
[    2.258590] systemd[1]: Starting Uncomplicated firewall...
[    2.260144] systemd[1]: Mounted Huge Pages File System.
[    2.260283] systemd[1]: Mounted POSIX Message Queue File System.
[    2.260424] systemd[1]: Mounted Kernel Debug File System.
[    2.260560] systemd[1]: Mounted Kernel Trace File System.
[    2.286672] EXT4-fs (sda2): re-mounted. Opts: errors=remount-ro
[    2.303078] systemd[1]: Finished Create list of static device nodes for the current kernel.
[    2.304139] systemd[1]: modprobe@drm.service: Succeeded.
[    2.310901] systemd[1]: Finished Load Kernel Module drm.
[    2.311674] systemd[1]: Finished Remount Root and Kernel File Systems.
[    2.312185] systemd[1]: Finished Uncomplicated firewall.
[    2.312836] systemd[1]: Condition check resulted in Rebuild Hardware Database being skipped.
[    2.312875] systemd[1]: Condition check resulted in Platform Persistent Storage Archival being skipped.
[    2.313556] systemd[1]: Starting Load/Save Random Seed...
[    2.314312] systemd[1]: Starting Create System Users...
[    2.326613] systemd[1]: Finished Load/Save Random Seed.
[    2.346161] lp: driver loaded but no devices found
[    2.349293] systemd[1]: Finished Create System Users.
[    2.350019] systemd[1]: Starting Create Static Device Nodes in /dev...
[    2.358339] ppdev: user-space parallel port driver
[    2.373213] systemd[1]: Finished Create Static Device Nodes in /dev.
[    2.373981] systemd[1]: Starting udev Kernel Device Manager...
[    2.418337] systemd[1]: Finished udev Coldplug all Devices.
[    2.434316] [drm] DMA map mode: Caching DMA mappings.
[    2.434379] [drm] Capabilities:
[    2.434379] [drm]   Rect copy.
[    2.434380] [drm]   Cursor.
[    2.434380] [drm]   Cursor bypass.
[    2.434380] [drm]   Cursor bypass 2.
[    2.434381] [drm]   Alpha cursor.
[    2.434381] [drm]   Extended Fifo.
[    2.434381] [drm]   Pitchlock.
[    2.434382] [drm]   Irq mask.
[    2.434382] [drm]   GMR.
[    2.434382] [drm]   Traces.
[    2.434383] [drm]   GMR2.
[    2.434383] [drm]   Screen Object 2.
[    2.434383] [drm]   Command Buffers.
[    2.434384] [drm]   Command Buffers 2.
[    2.434384] [drm]   Guest Backed Resources.
[    2.434386] [drm] Max GMR ids is 8192
[    2.434386] [drm] Max number of GMR pages is 1048576
[    2.434387] [drm] Max dedicated hypervisor surface memory is 393216 kiB
[    2.434387] [drm] Maximum display memory size is 131072 kiB
[    2.434388] [drm] VRAM at 0xe0000000 size is 131072 kiB
[    2.434389] [drm] MMIO at 0xf0000000 size is 2048 kiB
[    2.437237] [TTM] Zone  kernel: Available graphics memory: 1011736 KiB
[    2.437238] [TTM] Initializing pool allocator
[    2.437243] [TTM] Initializing DMA pool allocator
[    2.437272] [drm] Supports vblank timestamp caching Rev 2 (21.10.2013).
[    2.437272] [drm] No driver support for vblank timestamp query.
[    2.437494] [drm] Screen Target Display device initialized
[    2.437698] [drm] width 720
[    2.437710] [drm] height 400
[    2.437713] [drm] bpp 32
[    2.438240] [drm] Fifo max 0x00200000 min 0x00001000 cap 0x00000355
[    2.439773] [drm] Using command buffers with DMA pool.
[    2.439777] [drm] DX: no.
[    2.439777] [drm] Atomic: yes.
[    2.439778] [drm] SM4_1: no.
[    2.439797] [drm:vmw_host_log [vmwgfx]] *ERROR* Failed to send host log message.
[    2.440686] [drm:vmw_host_log [vmwgfx]] *ERROR* Failed to send host log message.
[    2.480977] fbcon: svgadrmfb (fb0) is primary device
[    2.483103] Console: switching to colour frame buffer device 100x37
[    2.487444] [drm] Initialized vmwgfx 2.15.0 20180704 for 0000:00:02.0 on minor 0
[    2.488298] systemd[1]: Finished Set the console keyboard layout.
[    2.488695] systemd[1]: Finished Load Kernel Modules.
[    2.488785] systemd[1]: Reached target Local File Systems (Pre).
[    2.492063] systemd[1]: Mounting Mount unit for bare, revision 5...
[    2.499464] systemd[1]: Mounting Mount unit for core18, revision 1705...
[    2.502320] systemd[1]: Mounting Mount unit for core22, revision 2193...
[    2.513604] systemd[1]: Mounting Mount unit for gnome-3-34-1804, revision 24...
[    2.550398] systemd[1]: Mounting Mount unit for gnome-42-2204, revision 226...
[    2.552506] systemd[1]: Mounting Mount unit for gtk-common-themes, revision 1506...
[    2.562011] systemd[1]: Mounting Mount unit for gtk-common-themes, revision 1535...
[    2.564959] systemd[1]: Mounting Mount unit for snap-store, revision 1216...
[    2.574399] systemd[1]: Mounting Mount unit for snap-store, revision 433...
[    2.578559] systemd[1]: Mounting Mount unit for snapd, revision 25577...
[    2.606787] systemd[1]: Mounting FUSE Control File System...
[    2.614543] systemd[1]: Mounting Kernel Configuration File System...
[    2.618376] systemd[1]: Starting Apply Kernel Variables...
[    2.626945] systemd[1]: Started udev Kernel Device Manager.
[    2.627060] systemd[1]: Mounted FUSE Control File System.
[    2.627115] systemd[1]: Condition check resulted in VMware vmblock fuse mount being skipped.
[    2.644811] systemd[1]: Starting Show Plymouth Boot Screen...
[    2.653098] systemd[1]: Mounted Mount unit for bare, revision 5.
[    2.664647] systemd[1]: Mounted Mount unit for core22, revision 2193.
[    2.664785] systemd[1]: Mounted Mount unit for gnome-3-34-1804, revision 24.
[    2.664909] systemd[1]: Mounted Mount unit for gnome-42-2204, revision 226.
[    2.665030] systemd[1]: Mounted Mount unit for gtk-common-themes, revision 1506.
[    2.665146] systemd[1]: Mounted Kernel Configuration File System.
[    2.665519] systemd[1]: Finished Apply Kernel Variables.
[    2.666098] systemd[1]: Received SIGRTMIN+20 from PID 292 (plymouthd).
[    2.686325] systemd[1]: Mounted Mount unit for core18, revision 1705.
[    2.686592] systemd[1]: Started Show Plymouth Boot Screen.
[    2.686766] systemd[1]: Condition check resulted in Dispatch Password Requests to Console Directory Watch being skipped.
[    2.686844] systemd[1]: Started Forward Password Requests to Plymouth Directory Watch.
[    2.686911] systemd[1]: Reached target Local Encrypted Volumes.
[    2.735301] systemd[1]: Mounted Mount unit for snap-store, revision 1216.
[    2.768988] systemd[1]: Mounted Mount unit for gtk-common-themes, revision 1535.
[    2.783331] systemd[1]: Mounted Mount unit for snapd, revision 25577.
[    2.817601] systemd[1]: Mounted Mount unit for snap-store, revision 433.
[    2.817888] systemd[1]: Reached target Local File Systems.
[    2.820407] systemd[1]: Starting Load AppArmor profiles...
[    2.824749] systemd[1]: Starting Set console font and keymap...
[    2.832742] systemd[1]: Starting Tell Plymouth To Write Out Runtime Data...
[    2.838548] systemd[1]: Condition check resulted in Store a System Token in an EFI Variable being skipped.
[    2.838578] systemd[1]: Condition check resulted in Commit a transient machine-id on disk being skipped.
[    2.841209] systemd[1]: Finished Set console font and keymap.
[    2.850588] systemd[1]: Received SIGRTMIN+20 from PID 292 (plymouthd).
[    2.851366] systemd[1]: plymouth-read-write.service: Succeeded.
[    2.851617] systemd[1]: Finished Tell Plymouth To Write Out Runtime Data.
[    2.893005] audit: type=1400 audit(1768042926.732:2): apparmor="STATUS" operation="profile_load" profile="unconfined" name="nvidia_modprobe" pid=313 comm="apparmor_parser"
[    2.893007] audit: type=1400 audit(1768042926.732:3): apparmor="STATUS" operation="profile_load" profile="unconfined" name="nvidia_modprobe//kmod" pid=313 comm="apparmor_parser"
[    2.899849] audit: type=1400 audit(1768042926.740:4): apparmor="STATUS" operation="profile_load" profile="unconfined" name="/usr/sbin/tcpdump" pid=314 comm="apparmor_parser"
[    2.941070] audit: type=1400 audit(1768042926.776:5): apparmor="STATUS" operation="profile_load" profile="unconfined" name="/usr/bin/evince" pid=316 comm="apparmor_parser"
[    2.941072] audit: type=1400 audit(1768042926.776:6): apparmor="STATUS" operation="profile_load" profile="unconfined" name="/usr/bin/evince//sanitized_helper" pid=316 comm="apparmor_parser"
[    2.941074] audit: type=1400 audit(1768042926.776:7): apparmor="STATUS" operation="profile_load" profile="unconfined" name="/usr/bin/evince-previewer" pid=316 comm="apparmor_parser"
[    2.941078] audit: type=1400 audit(1768042926.776:8): apparmor="STATUS" operation="profile_load" profile="unconfined" name="/usr/bin/evince-previewer//sanitized_helper" pid=316 comm="apparmor_parser"
[    2.941079] audit: type=1400 audit(1768042926.776:9): apparmor="STATUS" operation="profile_load" profile="unconfined" name="/usr/bin/evince-thumbnailer" pid=316 comm="apparmor_parser"
[    2.952436] audit: type=1400 audit(1768042926.792:10): apparmor="STATUS" operation="profile_load" profile="unconfined" name="/usr/lib/cups/backend/cups-pdf" pid=317 comm="apparmor_parser"
[    3.036244] systemd[1]: Finished Load AppArmor profiles.
[    3.037190] systemd[1]: Starting Load AppArmor profiles managed internally by snapd...
[    3.160306] systemd[1]: Finished Load AppArmor profiles managed internally by snapd.
[    3.210588] systemd[1]: Started Journal Service.
[    3.218035] systemd-journald[229]: Received client request to flush runtime journal.
[    3.222124] systemd-journald[229]: File /var/log/journal/c455b248004a419c87ce85eea238d727/system.journal corrupted or uncleanly shut down, renaming and replacing.
[    4.517806] RAPL PMU: API unit is 2^-32 Joules, 0 fixed counters, 10737418240 ms ovfl timer
[    4.604927] cryptd: max_cpu_qlen set to 1000
[    4.657995] AVX2 version of gcm_enc/dec engaged.
[    4.657996] AES CTR mode by8 optimization enabled
[    6.596597] Adding 1998844k swap on /dev/sda1.  Priority:-2 extents:1 across:1998844k FS
[    7.235130] AAAAA: Error looking up destination IP: 369098976 - net/ipv4/ip_output.c: 285: dac_mps_nexthops
[    7.365953] AAAAA: Error looking up destination IP: 4211081440 - net/ipv4/ip_output.c: 285: dac_mps_nexthops
[    7.621514] AAAAA: Error looking up destination IP: 4211081440 - net/ipv4/ip_output.c: 285: dac_mps_nexthops
[    7.876979] AAAAA: Error looking up destination IP: 4211081440 - net/ipv4/ip_output.c: 285: dac_mps_nexthops
[    7.955597] kauditd_printk_skb: 31 callbacks suppressed
[    7.955598] audit: type=1400 audit(1768042931.792:42): apparmor="DENIED" operation="capable" profile="/usr/sbin/cups-browsed" pid=581 comm="cups-browsed" capability=23  capname="sys_nice"
[    8.020630] AAAAA: Error looking up destination IP: 369098976 - net/ipv4/ip_output.c: 285: dac_mps_nexthops
[    8.056674] AAAAA: Error looking up destination IP: 4211081440 - net/ipv4/ip_output.c: 285: dac_mps_nexthops
[    8.088188] AAAAA: Error looking up destination IP: 4211081440 - net/ipv4/ip_output.c: 285: dac_mps_nexthops
[    9.067471] AAAAA: Error looking up destination IP: 4211081440 - net/ipv4/ip_output.c: 285: dac_mps_nexthops
[    9.082794] pcnet32 0000:00:03.0 enp0s3: link up, 100Mbps, full-duplex
[    9.123611] e1000: enp0s8 NIC Link is Up 1000 Mbps Full Duplex, Flow Control: RX
[    9.123921] IPv6: ADDRCONF(NETDEV_CHANGE): enp0s8: link becomes ready
[    9.150641] e1000: enp0s9 NIC Link is Up 1000 Mbps Full Duplex, Flow Control: RX
[    9.150937] IPv6: ADDRCONF(NETDEV_CHANGE): enp0s9: link becomes ready
[    9.175142] AAAAA: Error looking up destination IP: 4211081440 - net/ipv4/ip_output.c: 285: dac_mps_nexthops
[    9.821214] device enp0s3 entered promiscuous mode
[    9.834790] audit: type=1400 audit(1768042933.672:43): apparmor="DENIED" operation="open" profile="/usr/sbin/tcpdump" name="/proc/sys/kernel/random/boot_id" pid=719 comm="tcpdump" requested_mask="r" denied_mask="r" fsuid=0 ouid=0
[    9.835017] audit: type=1400 audit(1768042933.672:44): apparmor="DENIED" operation="open" profile="/usr/sbin/tcpdump" name="/proc/sys/kernel/random/boot_id" pid=719 comm="tcpdump" requested_mask="r" denied_mask="r" fsuid=0 ouid=0
[    9.835059] audit: type=1400 audit(1768042933.672:45): apparmor="DENIED" operation="open" profile="/usr/sbin/tcpdump" name="/proc/sys/kernel/random/boot_id" pid=719 comm="tcpdump" requested_mask="r" denied_mask="r" fsuid=0 ouid=0
[    9.835119] audit: type=1400 audit(1768042933.672:46): apparmor="DENIED" operation="open" profile="/usr/sbin/tcpdump" name="/proc/sys/kernel/random/boot_id" pid=719 comm="tcpdump" requested_mask="r" denied_mask="r" fsuid=0 ouid=0
[    9.841991] audit: type=1400 audit(1768042933.680:47): apparmor="DENIED" operation="open" profile="/usr/sbin/tcpdump" name="/proc/sys/kernel/random/boot_id" pid=720 comm="tcpdump" requested_mask="r" denied_mask="r" fsuid=0 ouid=0
[    9.842212] audit: type=1400 audit(1768042933.680:48): apparmor="DENIED" operation="open" profile="/usr/sbin/tcpdump" name="/proc/sys/kernel/random/boot_id" pid=720 comm="tcpdump" requested_mask="r" denied_mask="r" fsuid=0 ouid=0
[    9.842254] audit: type=1400 audit(1768042933.680:49): apparmor="DENIED" operation="open" profile="/usr/sbin/tcpdump" name="/proc/sys/kernel/random/boot_id" pid=720 comm="tcpdump" requested_mask="r" denied_mask="r" fsuid=0 ouid=0
[    9.842310] audit: type=1400 audit(1768042933.680:50): apparmor="DENIED" operation="open" profile="/usr/sbin/tcpdump" name="/proc/sys/kernel/random/boot_id" pid=720 comm="tcpdump" requested_mask="r" denied_mask="r" fsuid=0 ouid=0
[   15.714022] rfkill: input handler disabled
[  249.885224] AAAAA-TCP_FORW: name:enp0s3: saddr:33561200: daddr:100932208
[  249.971497] AAAAA-TCP_FORW: name:enp0s3: saddr:33561200: daddr:100932208
[  250.327815] AAAAA-TCP_FORW: name:enp0s3: saddr:33561200: daddr:100932208
[  250.540218] AAAAA-TCP_FORW: name:enp0s3: saddr:33561200: daddr:100932208
[  250.814104] AAAAA-TCP_FORW: name:enp0s3: saddr:33561200: daddr:100932208
[  250.921301] AAAAA-TCP_FORW: name:enp0s3: saddr:33561200: daddr:100932208
[  251.150914] AAAAA-TCP_FORW: name:enp0s3: saddr:33561200: daddr:100932208
[  251.232432] AAAAA-TCP_FORW: name:enp0s3: saddr:33561200: daddr:100932208
[  251.515273] AAAAA-TCP_FORW: name:enp0s3: saddr:33561200: daddr:100932208
[  649.065769] rfkill: input handler enabled
[  657.480281] rfkill: input handler disabled
[  854.654577] device enp0s3 left promiscuous mode
