[    0.000000] Linux version 5.4.243-dmptcp (root@ztg) (gcc version 12.2.0 (Debian 12.2.0-14+deb12u1)) #119 SMP Wed Dec 24 23:52:51 CST 2025
[    0.000000] Command line: BOOT_IMAGE=/boot/vmlinuz-5.4.243-dmptcp root=UUID=98415a12-53b7-4144-8265-0f7ece09e445 ro quiet splash
[    0.000000] KERNEL supported cpus:
[    0.000000]   Intel GenuineIntel
[    0.000000]   AMD AuthenticAMD
[    0.000000]   Hygon HygonGenuine
[    0.000000]   Centaur CentaurHauls
[    0.000000]   zhaoxin   Shanghai  
[    0.000000] x86/fpu: Supporting XSAVE feature 0x001: 'x87 floating point registers'
[    0.000000] x86/fpu: Supporting XSAVE feature 0x002: 'SSE registers'
[    0.000000] x86/fpu: Supporting XSAVE feature 0x004: 'AVX registers'
[    0.000000] x86/fpu: xstate_offset[2]:  576, xstate_sizes[2]:  256
[    0.000000] x86/fpu: Enabled xstate features 0x7, context size is 832 bytes, using 'standard' format.
[    0.000000] BIOS-provided physical RAM map:
[    0.000000] BIOS-e820: [mem 0x0000000000000000-0x000000000009fbff] usable
[    0.000000] BIOS-e820: [mem 0x000000000009fc00-0x000000000009ffff] reserved
[    0.000000] BIOS-e820: [mem 0x00000000000f0000-0x00000000000fffff] reserved
[    0.000000] BIOS-e820: [mem 0x0000000000100000-0x000000007ffeffff] usable
[    0.000000] BIOS-e820: [mem 0x000000007fff0000-0x000000007fffffff] ACPI data
[    0.000000] BIOS-e820: [mem 0x00000000fec00000-0x00000000fec00fff] reserved
[    0.000000] BIOS-e820: [mem 0x00000000fee00000-0x00000000fee00fff] reserved
[    0.000000] BIOS-e820: [mem 0x00000000fffc0000-0x00000000ffffffff] reserved
[    0.000000] NX (Execute Disable) protection: active
[    0.000000] SMBIOS 2.5 present.
[    0.000000] DMI: innotek GmbH VirtualBox/VirtualBox, BIOS VirtualBox 12/01/2006
[    0.000000] Hypervisor detected: KVM
[    0.000000] kvm-clock: Using msrs 4b564d01 and 4b564d00
[    0.000000] kvm-clock: cpu 0, msr 40801001, primary cpu clock
[    0.000000] kvm-clock: using sched offset of 4447226703 cycles
[    0.000003] clocksource: kvm-clock: mask: 0xffffffffffffffff max_cycles: 0x1cd42e4dffb, max_idle_ns: 881590591483 ns
[    0.000005] tsc: Detected 2100.000 MHz processor
[    0.001898] e820: update [mem 0x00000000-0x00000fff] usable ==> reserved
[    0.001900] e820: remove [mem 0x000a0000-0x000fffff] usable
[    0.001904] last_pfn = 0x7fff0 max_arch_pfn = 0x400000000
[    0.001972] MTRR default type: uncachable
[    0.001972] MTRR fixed ranges enabled:
[    0.001974]   00000-9FFFF write-back
[    0.001974]   A0000-BFFFF uncachable
[    0.001975]   C0000-FFFFF write-protect
[    0.001976] MTRR variable ranges enabled:
[    0.001977]   0 base 000000000000 mask 3FFF80000000 write-back
[    0.001978]   1 disabled
[    0.001978]   2 disabled
[    0.001979]   3 disabled
[    0.001979]   4 disabled
[    0.001979]   5 disabled
[    0.001980]   6 disabled
[    0.001980]   7 disabled
[    0.001981]   8 disabled
[    0.001981]   9 disabled
[    0.001982]   10 disabled
[    0.001982]   11 disabled
[    0.001982]   12 disabled
[    0.001983]   13 disabled
[    0.001983]   14 disabled
[    0.001984]   15 disabled
[    0.002001] x86/PAT: Configuration [0-7]: WB  WC  UC- UC  WB  WP  UC- WT  
[    0.002133] found SMP MP-table at [mem 0x0009fff0-0x0009ffff]
[    0.094622] check: Scanning 1 areas for low memory corruption
[    0.094778] RAMDISK: [mem 0x32271000-0x3512ffff]
[    0.094786] ACPI: Early table checksum verification disabled
[    0.094792] ACPI: RSDP 0x00000000000E0000 000024 (v02 VBOX  )
[    0.094797] ACPI: XSDT 0x000000007FFF0030 00003C (v01 VBOX   VBOXXSDT 00000001 ASL  00000061)
[    0.094804] ACPI: FACP 0x000000007FFF00F0 0000F4 (v04 VBOX   VBOXFACP 00000001 ASL  00000061)
[    0.094810] ACPI: DSDT 0x000000007FFF02E0 002353 (v02 VBOX   VBOXBIOS 00000002 VBOX 00029BF3)
[    0.094814] ACPI: FACS 0x000000007FFF0200 000040
[    0.094817] ACPI: FACS 0x000000007FFF0200 000040
[    0.094821] ACPI: APIC 0x000000007FFF0240 000054 (v02 VBOX   VBOXAPIC 00000001 ASL  00000061)
[    0.094824] ACPI: SSDT 0x000000007FFF02A0 000038 (v01 VBOX   VBOXCPUT 00000002 VBOX 00029BF3)
[    0.094828] ACPI: Reserving FACP table memory at [mem 0x7fff00f0-0x7fff01e3]
[    0.094828] ACPI: Reserving DSDT table memory at [mem 0x7fff02e0-0x7fff2632]
[    0.094829] ACPI: Reserving FACS table memory at [mem 0x7fff0200-0x7fff023f]
[    0.094830] ACPI: Reserving FACS table memory at [mem 0x7fff0200-0x7fff023f]
[    0.094830] ACPI: Reserving APIC table memory at [mem 0x7fff0240-0x7fff0293]
[    0.094831] ACPI: Reserving SSDT table memory at [mem 0x7fff02a0-0x7fff02d7]
[    0.094846] ACPI: Local APIC address 0xfee00000
[    0.095033] No NUMA configuration found
[    0.095034] Faking a node at [mem 0x0000000000000000-0x000000007ffeffff]
[    0.095044] NODE_DATA(0) allocated [mem 0x7ffc5000-0x7ffeffff]
[    0.095979] Zone ranges:
[    0.095980]   DMA      [mem 0x0000000000001000-0x0000000000ffffff]
[    0.095982]   DMA32    [mem 0x0000000001000000-0x000000007ffeffff]
[    0.095983]   Normal   empty
[    0.095983]   Device   empty
[    0.095984] Movable zone start for each node
[    0.095986] Early memory node ranges
[    0.095987]   node   0: [mem 0x0000000000001000-0x000000000009efff]
[    0.095988]   node   0: [mem 0x0000000000100000-0x000000007ffeffff]
[    0.096656] Zeroed struct page in unavailable ranges: 114 pages
[    0.096658] Initmem setup node 0 [mem 0x0000000000001000-0x000000007ffeffff]
[    0.096659] On node 0 totalpages: 524174
[    0.096661]   DMA zone: 64 pages used for memmap
[    0.096661]   DMA zone: 21 pages reserved
[    0.096663]   DMA zone: 3998 pages, LIFO batch:0
[    0.096737]   DMA32 zone: 8128 pages used for memmap
[    0.096738]   DMA32 zone: 520176 pages, LIFO batch:63
[    0.105755] ACPI: PM-Timer IO Port: 0x4008
[    0.105759] ACPI: Local APIC address 0xfee00000
[    0.105831] IOAPIC[0]: apic_id 1, version 32, address 0xfec00000, GSI 0-23
[    0.105834] ACPI: INT_SRC_OVR (bus 0 bus_irq 0 global_irq 2 dfl dfl)
[    0.105836] ACPI: INT_SRC_OVR (bus 0 bus_irq 9 global_irq 9 low level)
[    0.105838] ACPI: IRQ0 used by override.
[    0.105839] ACPI: IRQ9 used by override.
[    0.105842] Using ACPI (MADT) for SMP configuration information
[    0.105848] smpboot: Allowing 1 CPUs, 0 hotplug CPUs
[    0.105872] PM: Registered nosave memory: [mem 0x00000000-0x00000fff]
[    0.105873] PM: Registered nosave memory: [mem 0x0009f000-0x0009ffff]
[    0.105873] PM: Registered nosave memory: [mem 0x000a0000-0x000effff]
[    0.105874] PM: Registered nosave memory: [mem 0x000f0000-0x000fffff]
[    0.105876] [mem 0x80000000-0xfebfffff] available for PCI devices
[    0.105877] Booting paravirtualized kernel on KVM
[    0.105880] clocksource: refined-jiffies: mask: 0xffffffff max_cycles: 0xffffffff, max_idle_ns: 7645519600211568 ns
[    0.105885] setup_percpu: NR_CPUS:8192 nr_cpumask_bits:1 nr_cpu_ids:1 nr_node_ids:1
[    0.106846] percpu: Embedded 60 pages/cpu s208896 r8192 d28672 u2097152
[    0.106851] pcpu-alloc: s208896 r8192 d28672 u2097152 alloc=1*2097152
[    0.106852] pcpu-alloc: [0] 0 
[    0.106879] Built 1 zonelists, mobility grouping on.  Total pages: 515961
[    0.106880] Policy zone: DMA32
[    0.106881] Kernel command line: BOOT_IMAGE=/boot/vmlinuz-5.4.243-dmptcp root=UUID=98415a12-53b7-4144-8265-0f7ece09e445 ro quiet splash
[    0.107751] Dentry cache hash table entries: 262144 (order: 9, 2097152 bytes, linear)
[    0.107898] Inode-cache hash table entries: 131072 (order: 8, 1048576 bytes, linear)
[    0.107950] mem auto-init: stack:off, heap alloc:on, heap free:off
[    0.107953] Calgary: detecting Calgary via BIOS EBDA area
[    0.107954] Calgary: Unable to locate Rio Grande table in EBDA - bailing!
[    0.112179] Memory: 1967332K/2096696K available (14339K kernel code, 2399K rwdata, 4716K rodata, 2728K init, 17260K bss, 129364K reserved, 0K cma-reserved)
[    0.113117] SLUB: HWalign=64, Order=0-3, MinObjects=0, CPUs=1, Nodes=1
[    0.113135] ftrace: allocating 43203 entries in 169 pages
[    0.131357] rcu: Hierarchical RCU implementation.
[    0.131359] rcu: 	RCU restricting CPUs from NR_CPUS=8192 to nr_cpu_ids=1.
[    0.131360] 	Tasks RCU enabled.
[    0.131362] rcu: RCU calculated value of scheduler-enlistment delay is 25 jiffies.
[    0.131362] rcu: Adjusting geometry for rcu_fanout_leaf=16, nr_cpu_ids=1
[    0.134335] NR_IRQS: 524544, nr_irqs: 256, preallocated irqs: 16
[    0.134552] random: crng init done
[    0.143830] Console: colour VGA+ 80x25
[    0.143835] printk: console [tty0] enabled
[    0.143856] ACPI: Core revision 20190816
[    0.143958] APIC: Switch to symmetric I/O mode setup
[    0.144209] x2apic enabled
[    0.144452] Switched APIC routing to physical x2apic.
[    0.145580] ..TIMER: vector=0x30 apic1=0 pin1=2 apic2=-1 pin2=-1
[    0.145604] clocksource: tsc-early: mask: 0xffffffffffffffff max_cycles: 0x1e4530a99b6, max_idle_ns: 440795257976 ns
[    0.145610] Calibrating delay loop (skipped) preset value.. 4200.00 BogoMIPS (lpj=8400000)
[    0.145612] pid_max: default: 32768 minimum: 301
[    0.145640] LSM: Security Framework initializing
[    0.145649] Yama: becoming mindful.
[    0.145675] AppArmor: AppArmor initialized
[    0.145708] Mount-cache hash table entries: 4096 (order: 3, 32768 bytes, linear)
[    0.145713] Mountpoint-cache hash table entries: 4096 (order: 3, 32768 bytes, linear)
[    0.145722] *** VALIDATE tmpfs ***
[    0.145853] *** VALIDATE proc ***
[    0.145893] *** VALIDATE cgroup1 ***
[    0.145895] *** VALIDATE cgroup2 ***
[    0.146036] process: using mwait in idle threads
[    0.146042] Last level iTLB entries: 4KB 64, 2MB 8, 4MB 8
[    0.146042] Last level dTLB entries: 4KB 64, 2MB 0, 4MB 0, 1GB 4
[    0.146063] Spectre V1 : Mitigation: usercopy/swapgs barriers and __user pointer sanitization
[    0.146069] Spectre V2 : Mitigation: Retpolines
[    0.146069] Spectre V2 : Spectre v2 / SpectreRSB mitigation: Filling RSB on context switch
[    0.146070] Spectre V2 : Spectre v2 / SpectreRSB : Filling RSB on VMEXIT
[    0.146071] RETBleed: WARNING: Spectre v2 mitigation leaves CPU vulnerable to RETBleed attacks, data leaks possible!
[    0.146425] RETBleed: Vulnerable
[    0.146425] Speculative Store Bypass: Vulnerable
[    0.146430] TAA: Mitigation: TSX disabled
[    0.146431] MMIO Stale Data: Mitigation: Clear CPU buffers
[    0.150703] Freeing SMP alternatives memory: 40K
[    0.262824] smpboot: CPU0: Intel(R) Xeon(R) Silver 4216 CPU @ 2.10GHz (family: 0x6, model: 0x55, stepping: 0x7)
[    0.262971] Performance Events: unsupported p6 CPU model 85 no PMU driver, software events only.
[    0.263009] rcu: Hierarchical SRCU implementation.
[    0.263489] NMI watchdog: Perf NMI watchdog permanently disabled
[    0.263528] smp: Bringing up secondary CPUs ...
[    0.263529] smp: Brought up 1 node, 1 CPU
[    0.263530] smpboot: Max logical packages: 1
[    0.263531] smpboot: Total of 1 processors activated (4200.00 BogoMIPS)
[    0.264501] devtmpfs: initialized
[    0.264549] x86/mm: Memory block size: 128MB
[    0.264896] clocksource: jiffies: mask: 0xffffffff max_cycles: 0xffffffff, max_idle_ns: 7645041785100000 ns
[    0.264903] futex hash table entries: 256 (order: 2, 16384 bytes, linear)
[    0.264946] pinctrl core: initialized pinctrl subsystem
[    0.265048] PM: RTC time: 11:01:34, date: 2026-01-10
[    0.265158] NET: Registered protocol family 16
[    0.265232] audit: initializing netlink subsys (disabled)
[    0.265360] EISA bus registered
[    0.265361] cpuidle: using governor ladder
[    0.265362] cpuidle: using governor menu
[    0.265399] ACPI: bus type PCI registered
[    0.265400] acpiphp: ACPI Hot Plug PCI Controller Driver version: 0.5
[    0.265520] PCI: Using configuration type 1 for base access
[    0.265982] audit: type=2000 audit(1768014101.151:1): state=initialized audit_enabled=0 res=1
[    0.266061] HugeTLB registered 2.00 MiB page size, pre-allocated 0 pages
[    0.266876] ACPI: Added _OSI(Module Device)
[    0.266877] ACPI: Added _OSI(Processor Device)
[    0.266878] ACPI: Added _OSI(3.0 _SCP Extensions)
[    0.266878] ACPI: Added _OSI(Processor Aggregator Device)
[    0.266879] ACPI: Added _OSI(Linux-Dell-Video)
[    0.266880] ACPI: Added _OSI(Linux-Lenovo-NV-HDMI-Audio)
[    0.266881] ACPI: Added _OSI(Linux-HPI-Hybrid-Graphics)
[    0.268843] ACPI: 2 ACPI AML tables successfully acquired and loaded
[    0.269606] ACPI: Interpreter enabled
[    0.269606] ACPI: (supports S0 S5)
[    0.269606] ACPI: Using IOAPIC for interrupt routing
[    0.269606] PCI: Using host bridge windows from ACPI; if necessary, use "pci=nocrs" and report a bug
[    0.269606] ACPI: Enabled 2 GPEs in block 00 to 07
[    0.276807] ACPI: PCI Root Bridge [PCI0] (domain 0000 [bus 00-ff])
[    0.276812] acpi PNP0A03:00: _OSC: OS supports [ASPM ClockPM Segments MSI HPX-Type3]
[    0.277262] acpi PNP0A03:00: _OSC: not requesting OS control; OS requires [ExtendedConfig ASPM ClockPM MSI]
[    0.277270] acpi PNP0A03:00: fail to add MMCONFIG information, can't access extended PCI configuration space under this bridge.
[    0.277688] PCI host bridge to bus 0000:00
[    0.277690] pci_bus 0000:00: root bus resource [io  0x0000-0x0cf7 window]
[    0.277692] pci_bus 0000:00: root bus resource [io  0x0d00-0xffff window]
[    0.277693] pci_bus 0000:00: root bus resource [mem 0x000a0000-0x000bffff window]
[    0.277694] pci_bus 0000:00: root bus resource [mem 0x80000000-0xfdffffff window]
[    0.277695] pci_bus 0000:00: root bus resource [bus 00-ff]
[    0.277742] pci 0000:00:00.0: [8086:1237] type 00 class 0x060000
[    0.278687] pci 0000:00:01.0: [8086:7000] type 00 class 0x060100
[    0.279448] pci 0000:00:01.1: [8086:7111] type 00 class 0x01018a
[    0.279825] pci 0000:00:01.1: reg 0x20: [io  0xd000-0xd00f]
[    0.279980] pci 0000:00:01.1: legacy IDE quirk: reg 0x10: [io  0x01f0-0x01f7]
[    0.279981] pci 0000:00:01.1: legacy IDE quirk: reg 0x14: [io  0x03f6]
[    0.279982] pci 0000:00:01.1: legacy IDE quirk: reg 0x18: [io  0x0170-0x0177]
[    0.279983] pci 0000:00:01.1: legacy IDE quirk: reg 0x1c: [io  0x0376]
[    0.280521] pci 0000:00:02.0: [15ad:0405] type 00 class 0x030000
[    0.283506] pci 0000:00:02.0: reg 0x10: [io  0xd010-0xd01f]
[    0.285655] pci 0000:00:02.0: reg 0x14: [mem 0xe0000000-0xe7ffffff pref]
[    0.288292] pci 0000:00:02.0: reg 0x18: [mem 0xf0000000-0xf01fffff]
[    0.298417] pci 0000:00:03.0: [1022:2000] type 00 class 0x020000
[    0.299112] pci 0000:00:03.0: reg 0x10: [io  0xd020-0xd03f]
[    0.299740] pci 0000:00:03.0: reg 0x14: [mem 0xf0200000-0xf0200fff]
[    0.304699] pci 0000:00:04.0: [80ee:cafe] type 00 class 0x088000
[    0.305372] pci 0000:00:04.0: reg 0x10: [io  0xd040-0xd05f]
[    0.305724] pci 0000:00:04.0: reg 0x14: [mem 0xf0400000-0xf07fffff]
[    0.306334] pci 0000:00:04.0: reg 0x18: [mem 0xf0800000-0xf0803fff pref]
[    0.309649] pci 0000:00:07.0: [8086:7113] type 00 class 0x068000
[    0.310207] pci 0000:00:07.0: quirk: [io  0x4000-0x403f] claimed by PIIX4 ACPI
[    0.310219] pci 0000:00:07.0: quirk: [io  0x4100-0x410f] claimed by PIIX4 SMB
[    0.310832] pci 0000:00:08.0: [8086:100e] type 00 class 0x020000
[    0.311541] pci 0000:00:08.0: reg 0x10: [mem 0xf0820000-0xf083ffff]
[    0.313725] pci 0000:00:08.0: reg 0x18: [io  0xd060-0xd067]
[    0.316948] pci 0000:00:09.0: [8086:100e] type 00 class 0x020000
[    0.317606] pci 0000:00:09.0: reg 0x10: [mem 0xf0840000-0xf085ffff]
[    0.318289] pci 0000:00:09.0: reg 0x18: [io  0xd068-0xd06f]
[    0.329749] ACPI: PCI Interrupt Link [LNKA] (IRQs 5 9 10 *11)
[    0.330028] ACPI: PCI Interrupt Link [LNKB] (IRQs 5 9 *10 11)
[    0.330129] ACPI: PCI Interrupt Link [LNKC] (IRQs 5 *9 10 11)
[    0.330232] ACPI: PCI Interrupt Link [LNKD] (IRQs 5 9 10 *11)
[    0.330501] iommu: Default domain type: Translated 
[    0.330558] pci 0000:00:02.0: vgaarb: setting as boot VGA device
[    0.330560] pci 0000:00:02.0: vgaarb: VGA device added: decodes=io+mem,owns=io+mem,locks=none
[    0.330562] pci 0000:00:02.0: vgaarb: bridge control possible
[    0.330563] vgaarb: loaded
[    0.330777] SCSI subsystem initialized
[    0.330807] libata version 3.00 loaded.
[    0.330833] ACPI: bus type USB registered
[    0.330847] usbcore: registered new interface driver usbfs
[    0.330854] usbcore: registered new interface driver hub
[    0.330860] usbcore: registered new device driver usb
[    0.330889] pps_core: LinuxPPS API ver. 1 registered
[    0.330889] pps_core: Software ver. 5.3.6 - Copyright 2005-2007 Rodolfo Giometti <giometti@linux.it>
[    0.330893] PTP clock support registered
[    0.330928] EDAC MC: Ver: 3.0.0
[    0.331212] PCI: Using ACPI for IRQ routing
[    0.331213] PCI: pci_cache_line_size set to 64 bytes
[    0.331387] e820: reserve RAM buffer [mem 0x0009fc00-0x0009ffff]
[    0.331391] e820: reserve RAM buffer [mem 0x7fff0000-0x7fffffff]
[    0.332186] NetLabel: Initializing
[    0.332187] NetLabel:  domain hash size = 128
[    0.332188] NetLabel:  protocols = UNLABELED CIPSOv4 CALIPSO
[    0.332207] NetLabel:  unlabeled traffic allowed by default
[    0.333113] clocksource: Switched to clocksource kvm-clock
[    0.344272] *** VALIDATE bpf ***
[    0.344336] VFS: Disk quotas dquot_6.6.0
[    0.344348] VFS: Dquot-cache hash table entries: 512 (order 0, 4096 bytes)
[    0.344373] *** VALIDATE ramfs ***
[    0.344376] *** VALIDATE hugetlbfs ***
[    0.344457] AppArmor: AppArmor Filesystem Enabled
[    0.344488] pnp: PnP ACPI init
[    0.344567] pnp 00:00: Plug and Play ACPI device, IDs PNP0303 (active)
[    0.344629] pnp 00:01: Plug and Play ACPI device, IDs PNP0f03 (active)
[    0.345371] pnp: PnP ACPI: found 2 devices
[    0.346333] thermal_sys: Registered thermal governor 'fair_share'
[    0.346334] thermal_sys: Registered thermal governor 'bang_bang'
[    0.346334] thermal_sys: Registered thermal governor 'step_wise'
[    0.346335] thermal_sys: Registered thermal governor 'user_space'
[    0.346336] thermal_sys: Registered thermal governor 'power_allocator'
[    0.350847] clocksource: acpi_pm: mask: 0xffffff max_cycles: 0xffffff, max_idle_ns: 2085701024 ns
[    0.350888] pci_bus 0000:00: resource 4 [io  0x0000-0x0cf7 window]
[    0.350890] pci_bus 0000:00: resource 5 [io  0x0d00-0xffff window]
[    0.350891] pci_bus 0000:00: resource 6 [mem 0x000a0000-0x000bffff window]
[    0.350892] pci_bus 0000:00: resource 7 [mem 0x80000000-0xfdffffff window]
[    0.350949] NET: Registered protocol family 2
[    0.351026] IP idents hash table entries: 32768 (order: 6, 262144 bytes, linear)
[    0.351112] MPTCP tokens hash table entries: 8192 (order: 4, 65536 bytes, linear)
[    0.351112] MPTCP request tokens hash table entries: 8192 (order: 4, 65536 bytes, linear)
[    0.351112] default registered
[    0.351112] default registered
[    0.351112] MPTCP: Stable release v0.96
[    0.351112] tcp_listen_portaddr_hash hash table entries: 1024 (order: 2, 16384 bytes, linear)
[    0.351112] TCP established hash table entries: 16384 (order: 5, 131072 bytes, linear)
[    0.351112] TCP bind hash table entries: 16384 (order: 6, 262144 bytes, linear)
[    0.351112] TCP: Hash tables configured (established 16384 bind 16384)
[    0.352396] UDP hash table entries: 1024 (order: 3, 32768 bytes, linear)
[    0.352408] UDP-Lite hash table entries: 1024 (order: 3, 32768 bytes, linear)
[    0.352446] NET: Registered protocol family 1
[    0.352454] NET: Registered protocol family 44
[    0.352478] pci 0000:00:00.0: Limiting direct PCI/PCI transfers
[    0.352490] pci 0000:00:01.0: Activating ISA DMA hang workarounds
[    0.352545] pci 0000:00:02.0: Video device with shadowed ROM at [mem 0x000c0000-0x000dffff]
[    0.352608] PCI: CLS 0 bytes, default 64
[    0.352657] Trying to unpack rootfs image as initramfs...
[    0.524041] Freeing initrd memory: 47868K
[    0.524041] clocksource: tsc: mask: 0xffffffffffffffff max_cycles: 0x1e4530a99b6, max_idle_ns: 440795257976 ns
[    0.524041] clocksource: Switched to clocksource tsc
[    0.524041] platform rtc_cmos: registered platform RTC device (no PNP device found)
[    0.524041] check: Scanning for low memory corruption every 60 seconds
[    0.524041] Initialise system trusted keyrings
[    0.524041] Key type blacklist registered
[    0.524041] workingset: timestamp_bits=36 max_order=19 bucket_order=0
[    0.524041] zbud: loaded
[    0.524041] squashfs: version 4.0 (2009/01/31) Phillip Lougher
[    0.524041] fuse: init (API version 7.31)
[    0.524041] *** VALIDATE fuse ***
[    0.524041] *** VALIDATE fuse ***
[    0.524041] Platform Keyring initialized
[    0.537775] Key type asymmetric registered
[    0.537777] Asymmetric key parser 'x509' registered
[    0.537786] Block layer SCSI generic (bsg) driver version 0.4 loaded (major 244)
[    0.537825] io scheduler mq-deadline registered
[    0.537944] shpchp: Standard Hot Plug PCI Controller Driver version: 0.4
[    0.538151] ACPI: AC Adapter [AC] (on-line)
[    0.538197] input: Power Button as /devices/LNXSYSTM:00/LNXPWRBN:00/input/input0
[    0.538224] ACPI: Power Button [PWRF]
[    0.538310] input: Sleep Button as /devices/LNXSYSTM:00/LNXSLPBN:00/input/input1
[    0.538323] ACPI: Sleep Button [SLPF]
[    0.538555] Serial: 8250/16550 driver, 32 ports, IRQ sharing enabled
[    0.539724] Linux agpgart interface v0.103
[    0.635123] loop: module loaded
[    0.635311] ata_piix 0000:00:01.1: version 2.13
[    0.635801] scsi host0: ata_piix
[    0.635911] scsi host1: ata_piix
[    0.635942] ata1: PATA max UDMA/33 cmd 0x1f0 ctl 0x3f6 bmdma 0xd000 irq 14
[    0.635943] ata2: PATA max UDMA/33 cmd 0x170 ctl 0x376 bmdma 0xd008 irq 15
[    0.636042] tun: Universal TUN/TAP device driver, 1.6
[    0.636398] PPP generic driver version 2.4.2
[    0.636453] VFIO - User Level meta-driver version: 0.3
[    0.636731] ehci_hcd: USB 2.0 'Enhanced' Host Controller (EHCI) Driver
[    0.636734] ehci-pci: EHCI PCI platform driver
[    0.636752] ehci-platform: EHCI generic platform driver
[    0.636759] ohci_hcd: USB 1.1 'Open' Host Controller (OHCI) Driver
[    0.636761] ohci-pci: OHCI PCI platform driver
[    0.636768] ohci-platform: OHCI generic platform driver
[    0.636773] uhci_hcd: USB Universal Host Controller Interface driver
[    0.636850] i8042: PNP: PS/2 Controller [PNP0303:PS2K,PNP0f03:PS2M] at 0x60,0x64 irq 1,12
[    0.637380] serio: i8042 KBD port at 0x60,0x64 irq 1
[    0.637385] serio: i8042 AUX port at 0x60,0x64 irq 12
[    0.637492] mousedev: PS/2 mouse device common for all mice
[    0.637793] input: AT Translated Set 2 keyboard as /devices/platform/i8042/serio0/input/input2
[    0.638258] rtc_cmos rtc_cmos: registered as rtc0
[    0.638272] rtc_cmos rtc_cmos: alarms up to one day, 114 bytes nvram
[    0.638279] i2c /dev entries driver
[    0.638332] device-mapper: uevent: version 1.0.3
[    0.638382] device-mapper: ioctl: 4.41.0-ioctl (2019-09-16) initialised: dm-devel@redhat.com
[    0.638405] platform eisa.0: Probing EISA bus 0
[    0.638407] platform eisa.0: EISA: Cannot allocate resource for mainboard
[    0.638408] platform eisa.0: Cannot allocate resource for EISA slot 1
[    0.638409] platform eisa.0: Cannot allocate resource for EISA slot 2
[    0.638411] platform eisa.0: Cannot allocate resource for EISA slot 3
[    0.638412] platform eisa.0: Cannot allocate resource for EISA slot 4
[    0.638413] platform eisa.0: Cannot allocate resource for EISA slot 5
[    0.638414] platform eisa.0: Cannot allocate resource for EISA slot 6
[    0.638415] platform eisa.0: Cannot allocate resource for EISA slot 7
[    0.638416] platform eisa.0: Cannot allocate resource for EISA slot 8
[    0.638417] platform eisa.0: EISA: Detected 0 cards
[    0.638421] intel_pstate: CPU model not supported
[    0.638433] ledtrig-cpu: registered to indicate activity on CPUs
[    0.638495] drop_monitor: Initializing network drop monitor service
[    0.638686] NET: Registered protocol family 10
[    0.643317] Segment Routing with IPv6
[    0.643317] fullmesh registered
[    0.643317] ndiffports registered
[    0.643317] binder registered
[    0.643317] roundrobin registered
[    0.643317] mps registered
[    0.643317] redundant registered
[    0.643317] blest registered
[    0.643317] ecf registered
[    0.643317] NET: Registered protocol family 17
[    0.643317] Key type dns_resolver registered
[    0.643317] RAS: Correctable Errors collector initialized.
[    0.643317] IPI shorthand broadcast: enabled
[    0.643317] sched_clock: Marking stable (628253137, 11064345)->(641693798, -2376316)
[    0.645306] registered taskstats version 1
[    0.645319] Loading compiled-in X.509 certificates
[    0.646090] Loaded X.509 cert 'Build time autogenerated kernel key: 6909f3744cebb3d0de528d5887b96a727de79b1e'
[    0.646109] zswap: loaded using pool lzo/zbud
[    0.646173] Key type ._fscrypt registered
[    0.646174] Key type .fscrypt registered
[    0.651638] Key type big_key registered
[    0.654387] Key type encrypted registered
[    0.654390] AppArmor: AppArmor sha1 policy hashing enabled
[    0.654399] ima: No TPM chip found, activating TPM-bypass!
[    0.654403] ima: Allocated hash algorithm: sha1
[    0.654411] ima: No architecture policies found
[    0.654421] evm: Initialising EVM extended attributes:
[    0.654422] evm: security.selinux
[    0.654422] evm: security.SMACK64
[    0.654423] evm: security.SMACK64EXEC
[    0.654424] evm: security.SMACK64TRANSMUTE
[    0.654424] evm: security.SMACK64MMAP
[    0.654425] evm: security.apparmor
[    0.654425] evm: security.ima
[    0.654426] evm: security.capability
[    0.654426] evm: HMAC attrs: 0x1
[    0.654761] PM:   Magic number: 10:845:23
[    0.654899] rtc_cmos rtc_cmos: setting system clock to 2026-01-10T11:01:35 UTC (1768042895)
[    0.806940] ata1.00: ATA-6: VBOX HARDDISK, 1.0, max UDMA/133
[    0.806942] ata1.00: 209715200 sectors, multi 128: LBA 
[    0.807443] scsi 0:0:0:0: Direct-Access     ATA      VBOX HARDDISK    1.0  PQ: 0 ANSI: 5
[    0.807653] sd 0:0:0:0: [sda] 209715200 512-byte logical blocks: (107 GB/100 GiB)
[    0.807662] sd 0:0:0:0: [sda] Write Protect is off
[    0.807663] sd 0:0:0:0: [sda] Mode Sense: 00 3a 00 00
[    0.807677] sd 0:0:0:0: [sda] Write cache: enabled, read cache: enabled, doesn't support DPO or FUA
[    0.807910] sd 0:0:0:0: Attached scsi generic sg0 type 0
[    0.808408]  sda: sda1 sda2
[    0.819201] sd 0:0:0:0: [sda] Attached SCSI disk
[    0.821358] Freeing unused decrypted memory: 2040K
[    0.822139] Freeing unused kernel image memory: 2728K
[    0.822141] Write protecting the kernel read-only data: 22528k
[    0.822903] Freeing unused kernel image memory: 2036K
[    0.823345] Freeing unused kernel image memory: 1428K
[    0.838971] x86/mm: Checked W+X mappings: passed, no W+X pages found.
[    0.838979] Run /init as init process
[    0.950436] ACPI: Video Device [GFX0] (multi-head: yes  rom: no  post: no)
[    0.950520] input: Video Bus as /devices/LNXSYSTM:00/LNXSYBUS:00/PNP0A03:00/LNXVIDEO:00/input/input4
[    0.962523] pcnet32: pcnet32.c:v1.35 21.Apr.2008 tsbogend@alpha.franken.de
[    0.964208] piix4_smbus 0000:00:07.0: SMBus Host Controller at 0x4100, revision 0
[    0.966742] e1000: Intel(R) PRO/1000 Network Driver - version 7.3.21-k8-NAPI
[    0.966743] e1000: Copyright (c) 1999-2006 Intel Corporation.
[    0.981858] pcnet32: PCnet/FAST III 79C973 at 0xd020, 08:00:27:56:63:f1 assigned IRQ 19
[    0.981903] pcnet32: Found PHY 0022:561b at address 0
[    0.982227] pcnet32: eth0: registered as PCnet/FAST III 79C973
[    0.984933] pcnet32: 1 cards_found
[    1.040772] pcnet32 0000:00:03.0 enp0s3: renamed from eth0
[    1.184136] input: ImExPS/2 Generic Explorer Mouse as /devices/platform/i8042/serio1/input/input5
[    1.387595] e1000 0000:00:08.0 eth0: (PCI:33MHz:32-bit) 08:00:27:6e:0c:83
[    1.387599] e1000 0000:00:08.0 eth0: Intel(R) PRO/1000 Network Connection
[    1.759483] e1000 0000:00:09.0 eth1: (PCI:33MHz:32-bit) 08:00:27:23:e6:72
[    1.759486] e1000 0000:00:09.0 eth1: Intel(R) PRO/1000 Network Connection
[    1.760692] e1000 0000:00:09.0 enp0s9: renamed from eth1
[    1.762636] e1000 0000:00:08.0 enp0s8: renamed from eth0
[    1.905346] EXT4-fs (sda2): mounted filesystem with ordered data mode. Opts: (null)
[    1.990876] systemd[1]: Inserted module 'autofs4'
[    2.002374] systemd[1]: systemd 245.4-4ubuntu3 running in system mode. (+PAM +AUDIT +SELINUX +IMA +APPARMOR +SMACK +SYSVINIT +UTMP +LIBCRYPTSETUP +GCRYPT +GNUTLS +ACL +XZ +LZ4 +SECCOMP +BLKID +ELFUTILS +KMOD +IDN2 -IDN +PCRE2 default-hierarchy=hybrid)
[    2.002404] systemd[1]: Detected virtualization oracle.
[    2.002407] systemd[1]: Detected architecture x86-64.
[    2.003803] systemd[1]: Set hostname to <ztg>.
[    2.130192] systemd[1]: /lib/systemd/system/dbus.socket:5: ListenStream= references a path below legacy directory /var/run/, updating /var/run/dbus/system_bus_socket â†’ /run/dbus/system_bus_socket; please update the unit file accordingly.
[    2.183290] systemd[1]: Created slice system-modprobe.slice.
[    2.183502] systemd[1]: Created slice User and Session Slice.
[    2.183549] systemd[1]: Started Forward Password Requests to Wall Directory Watch.
[    2.183717] systemd[1]: Set up automount Arbitrary Executable File Formats File System Automount Point.
[    2.183752] systemd[1]: Reached target User and Group Name Lookups.
[    2.183762] systemd[1]: Reached target Remote File Systems.
[    2.183771] systemd[1]: Reached target Slices.
[    2.184254] systemd[1]: Listening on Syslog Socket.
[    2.184319] systemd[1]: Listening on fsck to fsckd communication Socket.
[    2.184359] systemd[1]: Listening on initctl Compatibility Named Pipe.
[    2.184497] systemd[1]: Listening on Journal Audit Socket.
[    2.184547] systemd[1]: Listening on Journal Socket (/dev/log).
[    2.184617] systemd[1]: Listening on Journal Socket.
[    2.184680] systemd[1]: Listening on udev Control Socket.
[    2.184719] systemd[1]: Listening on udev Kernel Socket.
[    2.185471] systemd[1]: Mounting Huge Pages File System...
[    2.186377] systemd[1]: Mounting POSIX Message Queue File System...
[    2.187283] systemd[1]: Mounting Kernel Debug File System...
[    2.188152] systemd[1]: Mounting Kernel Trace File System...
[    2.190100] systemd[1]: Starting Journal Service...
[    2.213964] systemd[1]: Starting Set the console keyboard layout...
[    2.222036] systemd[1]: Starting Create list of static device nodes for the current kernel...
[    2.223954] systemd[1]: Starting Load Kernel Module drm...
[    2.224916] systemd[1]: Condition check resulted in Set Up Additional Binary Formats being skipped.
[    2.225003] systemd[1]: Condition check resulted in File System Check on Root Device being skipped.
[    2.239037] systemd[1]: Starting Load Kernel Modules...
[    2.248179] systemd[1]: Starting Remount Root and Kernel File Systems...
[    2.255711] systemd[1]: Starting udev Coldplug all Devices...
[    2.265788] systemd[1]: Starting Uncomplicated firewall...
[    2.267416] systemd[1]: Mounted Huge Pages File System.
[    2.267504] systemd[1]: Mounted POSIX Message Queue File System.
[    2.267577] systemd[1]: Mounted Kernel Debug File System.
[    2.267647] systemd[1]: Mounted Kernel Trace File System.
[    2.268535] EXT4-fs (sda2): re-mounted. Opts: errors=remount-ro
[    2.311222] systemd[1]: Finished Create list of static device nodes for the current kernel.
[    2.312229] systemd[1]: modprobe@drm.service: Succeeded.
[    2.312669] systemd[1]: Finished Load Kernel Module drm.
[    2.319691] systemd[1]: Finished Remount Root and Kernel File Systems.
[    2.320763] systemd[1]: Finished Uncomplicated firewall.
[    2.322736] lp: driver loaded but no devices found
[    2.339917] systemd[1]: Condition check resulted in Rebuild Hardware Database being skipped.
[    2.339967] systemd[1]: Condition check resulted in Platform Persistent Storage Archival being skipped.
[    2.342075] systemd[1]: Starting Load/Save Random Seed...
[    2.344285] ppdev: user-space parallel port driver
[    2.351235] systemd[1]: Starting Create System Users...
[    2.363676] systemd[1]: Finished Load/Save Random Seed.
[    2.374389] systemd[1]: Finished Create System Users.
[    2.375280] systemd[1]: Starting Create Static Device Nodes in /dev...
[    2.403785] [drm] DMA map mode: Caching DMA mappings.
[    2.403847] [drm] Capabilities:
[    2.403847] [drm]   Rect copy.
[    2.403847] [drm]   Cursor.
[    2.403848] [drm]   Cursor bypass.
[    2.403848] [drm]   Cursor bypass 2.
[    2.403848] [drm]   Alpha cursor.
[    2.403849] [drm]   Extended Fifo.
[    2.403849] [drm]   Pitchlock.
[    2.403849] [drm]   Irq mask.
[    2.403850] [drm]   GMR.
[    2.403850] [drm]   Traces.
[    2.403850] [drm]   GMR2.
[    2.403851] [drm]   Screen Object 2.
[    2.403851] [drm]   Command Buffers.
[    2.403851] [drm]   Command Buffers 2.
[    2.403852] [drm]   Guest Backed Resources.
[    2.403853] [drm] Max GMR ids is 8192
[    2.403853] [drm] Max number of GMR pages is 1048576
[    2.403854] [drm] Max dedicated hypervisor surface memory is 393216 kiB
[    2.403854] [drm] Maximum display memory size is 131072 kiB
[    2.403855] [drm] VRAM at 0xe0000000 size is 131072 kiB
[    2.403856] [drm] MMIO at 0xf0000000 size is 2048 kiB
[    2.408649] systemd[1]: Finished Create Static Device Nodes in /dev.
[    2.409568] systemd[1]: Starting udev Kernel Device Manager...
[    2.416456] [TTM] Zone  kernel: Available graphics memory: 1011736 KiB
[    2.416457] [TTM] Initializing pool allocator
[    2.416460] [TTM] Initializing DMA pool allocator
[    2.416490] [drm] Supports vblank timestamp caching Rev 2 (21.10.2013).
[    2.416491] [drm] No driver support for vblank timestamp query.
[    2.416721] [drm] Screen Target Display device initialized
[    2.416960] [drm] width 720
[    2.416972] [drm] height 400
[    2.416976] [drm] bpp 32
[    2.417534] [drm] Fifo max 0x00200000 min 0x00001000 cap 0x00000355
[    2.418643] [drm] Using command buffers with DMA pool.
[    2.418647] [drm] DX: no.
[    2.418647] [drm] Atomic: yes.
[    2.418648] [drm] SM4_1: no.
[    2.418668] [drm:vmw_host_log [vmwgfx]] *ERROR* Failed to send host log message.
[    2.436011] systemd[1]: Finished udev Coldplug all Devices.
[    2.451012] [drm:vmw_host_log [vmwgfx]] *ERROR* Failed to send host log message.
[    2.458915] fbcon: svgadrmfb (fb0) is primary device
[    2.464068] Console: switching to colour frame buffer device 100x37
[    2.469543] [drm] Initialized vmwgfx 2.15.0 20180704 for 0000:00:02.0 on minor 0
[    2.470497] systemd[1]: Finished Load Kernel Modules.
[    2.471697] systemd[1]: Mounting FUSE Control File System...
[    2.472861] systemd[1]: Mounting Kernel Configuration File System...
[    2.506130] systemd[1]: Starting Apply Kernel Variables...
[    2.511461] systemd[1]: Mounted FUSE Control File System.
[    2.511538] systemd[1]: Condition check resulted in VMware vmblock fuse mount being skipped.
[    2.516067] systemd[1]: Mounted Kernel Configuration File System.
[    2.517082] systemd[1]: Finished Set the console keyboard layout.
[    2.517174] systemd[1]: Reached target Local File Systems (Pre).
[    2.521243] systemd[1]: Mounting Mount unit for bare, revision 5...
[    2.526168] systemd[1]: Mounting Mount unit for core18, revision 1705...
[    2.532330] systemd[1]: Mounting Mount unit for core22, revision 2193...
[    2.547389] systemd[1]: Mounting Mount unit for gnome-3-34-1804, revision 24...
[    2.573582] systemd[1]: Mounting Mount unit for gnome-42-2204, revision 226...
[    2.579620] systemd[1]: Mounting Mount unit for gtk-common-themes, revision 1506...
[    2.581479] systemd[1]: Mounting Mount unit for gtk-common-themes, revision 1535...
[    2.588809] systemd[1]: Mounting Mount unit for snap-store, revision 1216...
[    2.594810] systemd[1]: Mounting Mount unit for snap-store, revision 433...
[    2.628766] systemd[1]: Mounting Mount unit for snapd, revision 25577...
[    2.642931] systemd[1]: Finished Apply Kernel Variables.
[    2.645382] systemd[1]: Started udev Kernel Device Manager.
[    2.645473] systemd[1]: Mounted Mount unit for bare, revision 5.
[    2.645560] systemd[1]: Mounted Mount unit for core18, revision 1705.
[    2.645636] systemd[1]: Mounted Mount unit for core22, revision 2193.
[    2.645710] systemd[1]: Mounted Mount unit for gnome-3-34-1804, revision 24.
[    2.645785] systemd[1]: Mounted Mount unit for gnome-42-2204, revision 226.
[    2.652187] systemd[1]: Starting Show Plymouth Boot Screen...
[    2.659945] systemd[1]: Received SIGRTMIN+20 from PID 282 (plymouthd).
[    2.680859] systemd[1]: Started Show Plymouth Boot Screen.
[    2.681035] systemd[1]: Condition check resulted in Dispatch Password Requests to Console Directory Watch being skipped.
[    2.681121] systemd[1]: Started Forward Password Requests to Plymouth Directory Watch.
[    2.681225] systemd[1]: Reached target Local Encrypted Volumes.
[    2.761717] systemd[1]: Mounted Mount unit for gtk-common-themes, revision 1535.
[    2.797904] systemd[1]: Mounted Mount unit for gtk-common-themes, revision 1506.
[    2.798231] systemd[1]: Mounted Mount unit for snap-store, revision 433.
[    2.828372] systemd[1]: Mounted Mount unit for snapd, revision 25577.
[    2.878172] systemd[1]: Mounted Mount unit for snap-store, revision 1216.
[    2.878417] systemd[1]: Reached target Local File Systems.
[    2.880765] systemd[1]: Starting Load AppArmor profiles...
[    2.881678] systemd[1]: Starting Set console font and keymap...
[    2.896300] systemd[1]: Starting Tell Plymouth To Write Out Runtime Data...
[    2.896418] systemd[1]: Condition check resulted in Store a System Token in an EFI Variable being skipped.
[    2.896467] systemd[1]: Condition check resulted in Commit a transient machine-id on disk being skipped.
[    2.900447] systemd[1]: Finished Set console font and keymap.
[    2.907877] systemd[1]: Received SIGRTMIN+20 from PID 282 (plymouthd).
[    2.909391] systemd[1]: plymouth-read-write.service: Succeeded.
[    2.909646] systemd[1]: Finished Tell Plymouth To Write Out Runtime Data.
[    2.934534] audit: type=1400 audit(1768042897.776:2): apparmor="STATUS" operation="profile_load" profile="unconfined" name="nvidia_modprobe" pid=307 comm="apparmor_parser"
[    2.934536] audit: type=1400 audit(1768042897.776:3): apparmor="STATUS" operation="profile_load" profile="unconfined" name="nvidia_modprobe//kmod" pid=307 comm="apparmor_parser"
[    2.941979] audit: type=1400 audit(1768042897.784:4): apparmor="STATUS" operation="profile_load" profile="unconfined" name="/usr/sbin/tcpdump" pid=308 comm="apparmor_parser"
[    2.982886] audit: type=1400 audit(1768042897.820:5): apparmor="STATUS" operation="profile_load" profile="unconfined" name="/usr/bin/evince" pid=310 comm="apparmor_parser"
[    2.982888] audit: type=1400 audit(1768042897.820:6): apparmor="STATUS" operation="profile_load" profile="unconfined" name="/usr/bin/evince//sanitized_helper" pid=310 comm="apparmor_parser"
[    2.982890] audit: type=1400 audit(1768042897.820:7): apparmor="STATUS" operation="profile_load" profile="unconfined" name="/usr/bin/evince-previewer" pid=310 comm="apparmor_parser"
[    2.982893] audit: type=1400 audit(1768042897.820:8): apparmor="STATUS" operation="profile_load" profile="unconfined" name="/usr/bin/evince-previewer//sanitized_helper" pid=310 comm="apparmor_parser"
[    2.982895] audit: type=1400 audit(1768042897.820:9): apparmor="STATUS" operation="profile_load" profile="unconfined" name="/usr/bin/evince-thumbnailer" pid=310 comm="apparmor_parser"
[    3.014031] audit: type=1400 audit(1768042897.856:10): apparmor="STATUS" operation="profile_load" profile="unconfined" name="/usr/lib/cups/backend/cups-pdf" pid=311 comm="apparmor_parser"
[    3.087472] systemd[1]: Finished Load AppArmor profiles.
[    3.088404] systemd[1]: Starting Load AppArmor profiles managed internally by snapd...
[    3.214180] systemd[1]: Finished Load AppArmor profiles managed internally by snapd.
[    3.219757] systemd[1]: Started Journal Service.
[    3.226651] systemd-journald[229]: Received client request to flush runtime journal.
[    3.231075] systemd-journald[229]: File /var/log/journal/c455b248004a419c87ce85eea238d727/system.journal corrupted or uncleanly shut down, renaming and replacing.
[    4.527940] RAPL PMU: API unit is 2^-32 Joules, 0 fixed counters, 10737418240 ms ovfl timer
[    4.586126] cryptd: max_cpu_qlen set to 1000
[    4.668787] AVX2 version of gcm_enc/dec engaged.
[    4.668788] AES CTR mode by8 optimization enabled
[    6.835543] Adding 1998844k swap on /dev/sda1.  Priority:-2 extents:1 across:1998844k FS
[    7.487637] AAAAA: Error looking up destination IP: 369098976 - net/ipv4/ip_output.c: 285: dac_mps_nexthops
[    7.674187] AAAAA: Error looking up destination IP: 4211081440 - net/ipv4/ip_output.c: 285: dac_mps_nexthops
[    7.926565] AAAAA: Error looking up destination IP: 4211081440 - net/ipv4/ip_output.c: 285: dac_mps_nexthops
[    8.181819] AAAAA: Error looking up destination IP: 4211081440 - net/ipv4/ip_output.c: 285: dac_mps_nexthops
[    8.228243] kauditd_printk_skb: 31 callbacks suppressed
[    8.228245] audit: type=1400 audit(1768042903.068:42): apparmor="DENIED" operation="capable" profile="/usr/sbin/cups-browsed" pid=575 comm="cups-browsed" capability=23  capname="sys_nice"
[    8.313768] AAAAA: Error looking up destination IP: 369098976 - net/ipv4/ip_output.c: 285: dac_mps_nexthops
[    8.333116] AAAAA: Error looking up destination IP: 4211081440 - net/ipv4/ip_output.c: 285: dac_mps_nexthops
[    8.383323] AAAAA: Error looking up destination IP: 4211081440 - net/ipv4/ip_output.c: 285: dac_mps_nexthops
[    9.338093] AAAAA: Error looking up destination IP: 4211081440 - net/ipv4/ip_output.c: 285: dac_mps_nexthops
[    9.341676] pcnet32 0000:00:03.0 enp0s3: link up, 100Mbps, full-duplex
[    9.374298] e1000: enp0s8 NIC Link is Up 1000 Mbps Full Duplex, Flow Control: RX
[    9.374589] IPv6: ADDRCONF(NETDEV_CHANGE): enp0s8: link becomes ready
[    9.404639] e1000: enp0s9 NIC Link is Up 1000 Mbps Full Duplex, Flow Control: RX
[    9.404963] IPv6: ADDRCONF(NETDEV_CHANGE): enp0s9: link becomes ready
[    9.527969] AAAAA: Error looking up destination IP: 4211081440 - net/ipv4/ip_output.c: 285: dac_mps_nexthops
[   10.060058] device enp0s3 entered promiscuous mode
[   10.095899] audit: type=1400 audit(1768042904.936:43): apparmor="DENIED" operation="open" profile="/usr/sbin/tcpdump" name="/proc/sys/kernel/random/boot_id" pid=713 comm="tcpdump" requested_mask="r" denied_mask="r" fsuid=0 ouid=0
[   10.096258] audit: type=1400 audit(1768042904.936:44): apparmor="DENIED" operation="open" profile="/usr/sbin/tcpdump" name="/proc/sys/kernel/random/boot_id" pid=713 comm="tcpdump" requested_mask="r" denied_mask="r" fsuid=0 ouid=0
[   10.102176] audit: type=1400 audit(1768042904.944:45): apparmor="DENIED" operation="open" profile="/usr/sbin/tcpdump" name="/proc/sys/kernel/random/boot_id" pid=713 comm="tcpdump" requested_mask="r" denied_mask="r" fsuid=0 ouid=0
[   10.102350] audit: type=1400 audit(1768042904.944:46): apparmor="DENIED" operation="open" profile="/usr/sbin/tcpdump" name="/proc/sys/kernel/random/boot_id" pid=713 comm="tcpdump" requested_mask="r" denied_mask="r" fsuid=0 ouid=0
[   10.107572] audit: type=1400 audit(1768042904.948:47): apparmor="DENIED" operation="open" profile="/usr/sbin/tcpdump" name="/proc/sys/kernel/random/boot_id" pid=714 comm="tcpdump" requested_mask="r" denied_mask="r" fsuid=0 ouid=0
[   10.108039] audit: type=1400 audit(1768042904.948:48): apparmor="DENIED" operation="open" profile="/usr/sbin/tcpdump" name="/proc/sys/kernel/random/boot_id" pid=714 comm="tcpdump" requested_mask="r" denied_mask="r" fsuid=0 ouid=0
[   10.110616] audit: type=1400 audit(1768042904.952:49): apparmor="DENIED" operation="open" profile="/usr/sbin/tcpdump" name="/proc/sys/kernel/random/boot_id" pid=714 comm="tcpdump" requested_mask="r" denied_mask="r" fsuid=0 ouid=0
[   10.110806] audit: type=1400 audit(1768042904.952:50): apparmor="DENIED" operation="open" profile="/usr/sbin/tcpdump" name="/proc/sys/kernel/random/boot_id" pid=714 comm="tcpdump" requested_mask="r" denied_mask="r" fsuid=0 ouid=0
[   16.334234] rfkill: input handler disabled
[  617.415737] rfkill: input handler enabled
[  626.300811] rfkill: input handler disabled
[  790.693159] device enp0s3 left promiscuous mode
