[    0.000000] Linux version 5.4.243-dmptcp (root@ztg) (gcc version 12.2.0 (Debian 12.2.0-14+deb12u1)) #119 SMP Wed Dec 24 23:52:51 CST 2025
[    0.000000] Command line: BOOT_IMAGE=/boot/vmlinuz-5.4.243-dmptcp root=UUID=98415a12-53b7-4144-8265-0f7ece09e445 ro quiet splash
[    0.000000] KERNEL supported cpus:
[    0.000000]   Intel GenuineIntel
[    0.000000]   AMD AuthenticAMD
[    0.000000]   Hygon HygonGenuine
[    0.000000]   Centaur CentaurHauls
[    0.000000]   zhaoxin   Shanghai  
[    0.000000] x86/fpu: Supporting XSAVE feature 0x001: 'x87 floating point registers'
[    0.000000] x86/fpu: Supporting XSAVE feature 0x002: 'SSE registers'
[    0.000000] x86/fpu: Supporting XSAVE feature 0x004: 'AVX registers'
[    0.000000] x86/fpu: xstate_offset[2]:  576, xstate_sizes[2]:  256
[    0.000000] x86/fpu: Enabled xstate features 0x7, context size is 832 bytes, using 'standard' format.
[    0.000000] BIOS-provided physical RAM map:
[    0.000000] BIOS-e820: [mem 0x0000000000000000-0x000000000009fbff] usable
[    0.000000] BIOS-e820: [mem 0x000000000009fc00-0x000000000009ffff] reserved
[    0.000000] BIOS-e820: [mem 0x00000000000f0000-0x00000000000fffff] reserved
[    0.000000] BIOS-e820: [mem 0x0000000000100000-0x000000007ffeffff] usable
[    0.000000] BIOS-e820: [mem 0x000000007fff0000-0x000000007fffffff] ACPI data
[    0.000000] BIOS-e820: [mem 0x00000000fec00000-0x00000000fec00fff] reserved
[    0.000000] BIOS-e820: [mem 0x00000000fee00000-0x00000000fee00fff] reserved
[    0.000000] BIOS-e820: [mem 0x00000000fffc0000-0x00000000ffffffff] reserved
[    0.000000] NX (Execute Disable) protection: active
[    0.000000] SMBIOS 2.5 present.
[    0.000000] DMI: innotek GmbH VirtualBox/VirtualBox, BIOS VirtualBox 12/01/2006
[    0.000000] Hypervisor detected: KVM
[    0.000000] kvm-clock: Using msrs 4b564d01 and 4b564d00
[    0.000000] kvm-clock: cpu 0, msr 3f001001, primary cpu clock
[    0.000000] kvm-clock: using sched offset of 4461322206 cycles
[    0.000003] clocksource: kvm-clock: mask: 0xffffffffffffffff max_cycles: 0x1cd42e4dffb, max_idle_ns: 881590591483 ns
[    0.000005] tsc: Detected 2100.000 MHz processor
[    0.001898] e820: update [mem 0x00000000-0x00000fff] usable ==> reserved
[    0.001900] e820: remove [mem 0x000a0000-0x000fffff] usable
[    0.001904] last_pfn = 0x7fff0 max_arch_pfn = 0x400000000
[    0.001971] MTRR default type: uncachable
[    0.001972] MTRR fixed ranges enabled:
[    0.001973]   00000-9FFFF write-back
[    0.001974]   A0000-BFFFF uncachable
[    0.001975]   C0000-FFFFF write-protect
[    0.001975] MTRR variable ranges enabled:
[    0.001977]   0 base 000000000000 mask 3FFF80000000 write-back
[    0.001977]   1 disabled
[    0.001978]   2 disabled
[    0.001978]   3 disabled
[    0.001979]   4 disabled
[    0.001979]   5 disabled
[    0.001979]   6 disabled
[    0.001980]   7 disabled
[    0.001980]   8 disabled
[    0.001981]   9 disabled
[    0.001981]   10 disabled
[    0.001982]   11 disabled
[    0.001982]   12 disabled
[    0.001983]   13 disabled
[    0.001983]   14 disabled
[    0.001983]   15 disabled
[    0.002000] x86/PAT: Configuration [0-7]: WB  WC  UC- UC  WB  WP  UC- WT  
[    0.002132] found SMP MP-table at [mem 0x0009fff0-0x0009ffff]
[    0.093658] check: Scanning 1 areas for low memory corruption
[    0.093910] RAMDISK: [mem 0x32271000-0x3512ffff]
[    0.093918] ACPI: Early table checksum verification disabled
[    0.093955] ACPI: RSDP 0x00000000000E0000 000024 (v02 VBOX  )
[    0.093960] ACPI: XSDT 0x000000007FFF0030 00003C (v01 VBOX   VBOXXSDT 00000001 ASL  00000061)
[    0.093967] ACPI: FACP 0x000000007FFF00F0 0000F4 (v04 VBOX   VBOXFACP 00000001 ASL  00000061)
[    0.093974] ACPI: DSDT 0x000000007FFF02E0 002353 (v02 VBOX   VBOXBIOS 00000002 VBOX 00029BF3)
[    0.093978] ACPI: FACS 0x000000007FFF0200 000040
[    0.093981] ACPI: FACS 0x000000007FFF0200 000040
[    0.093984] ACPI: APIC 0x000000007FFF0240 000054 (v02 VBOX   VBOXAPIC 00000001 ASL  00000061)
[    0.093988] ACPI: SSDT 0x000000007FFF02A0 000038 (v01 VBOX   VBOXCPUT 00000002 VBOX 00029BF3)
[    0.093991] ACPI: Reserving FACP table memory at [mem 0x7fff00f0-0x7fff01e3]
[    0.093992] ACPI: Reserving DSDT table memory at [mem 0x7fff02e0-0x7fff2632]
[    0.093993] ACPI: Reserving FACS table memory at [mem 0x7fff0200-0x7fff023f]
[    0.093994] ACPI: Reserving FACS table memory at [mem 0x7fff0200-0x7fff023f]
[    0.093994] ACPI: Reserving APIC table memory at [mem 0x7fff0240-0x7fff0293]
[    0.093995] ACPI: Reserving SSDT table memory at [mem 0x7fff02a0-0x7fff02d7]
[    0.094009] ACPI: Local APIC address 0xfee00000
[    0.094194] No NUMA configuration found
[    0.094195] Faking a node at [mem 0x0000000000000000-0x000000007ffeffff]
[    0.094205] NODE_DATA(0) allocated [mem 0x7ffc5000-0x7ffeffff]
[    0.095125] Zone ranges:
[    0.095126]   DMA      [mem 0x0000000000001000-0x0000000000ffffff]
[    0.095127]   DMA32    [mem 0x0000000001000000-0x000000007ffeffff]
[    0.095129]   Normal   empty
[    0.095129]   Device   empty
[    0.095130] Movable zone start for each node
[    0.095132] Early memory node ranges
[    0.095133]   node   0: [mem 0x0000000000001000-0x000000000009efff]
[    0.095133]   node   0: [mem 0x0000000000100000-0x000000007ffeffff]
[    0.095776] Zeroed struct page in unavailable ranges: 114 pages
[    0.095778] Initmem setup node 0 [mem 0x0000000000001000-0x000000007ffeffff]
[    0.095779] On node 0 totalpages: 524174
[    0.095781]   DMA zone: 64 pages used for memmap
[    0.095781]   DMA zone: 21 pages reserved
[    0.095782]   DMA zone: 3998 pages, LIFO batch:0
[    0.095854]   DMA32 zone: 8128 pages used for memmap
[    0.095855]   DMA32 zone: 520176 pages, LIFO batch:63
[    0.104777] ACPI: PM-Timer IO Port: 0x4008
[    0.104782] ACPI: Local APIC address 0xfee00000
[    0.104853] IOAPIC[0]: apic_id 1, version 32, address 0xfec00000, GSI 0-23
[    0.104857] ACPI: INT_SRC_OVR (bus 0 bus_irq 0 global_irq 2 dfl dfl)
[    0.104859] ACPI: INT_SRC_OVR (bus 0 bus_irq 9 global_irq 9 low level)
[    0.104861] ACPI: IRQ0 used by override.
[    0.104862] ACPI: IRQ9 used by override.
[    0.104865] Using ACPI (MADT) for SMP configuration information
[    0.104872] smpboot: Allowing 1 CPUs, 0 hotplug CPUs
[    0.104897] PM: Registered nosave memory: [mem 0x00000000-0x00000fff]
[    0.104898] PM: Registered nosave memory: [mem 0x0009f000-0x0009ffff]
[    0.104898] PM: Registered nosave memory: [mem 0x000a0000-0x000effff]
[    0.104899] PM: Registered nosave memory: [mem 0x000f0000-0x000fffff]
[    0.104901] [mem 0x80000000-0xfebfffff] available for PCI devices
[    0.104901] Booting paravirtualized kernel on KVM
[    0.104905] clocksource: refined-jiffies: mask: 0xffffffff max_cycles: 0xffffffff, max_idle_ns: 7645519600211568 ns
[    0.104910] setup_percpu: NR_CPUS:8192 nr_cpumask_bits:1 nr_cpu_ids:1 nr_node_ids:1
[    0.105868] percpu: Embedded 60 pages/cpu s208896 r8192 d28672 u2097152
[    0.105873] pcpu-alloc: s208896 r8192 d28672 u2097152 alloc=1*2097152
[    0.105874] pcpu-alloc: [0] 0 
[    0.105903] Built 1 zonelists, mobility grouping on.  Total pages: 515961
[    0.105903] Policy zone: DMA32
[    0.105905] Kernel command line: BOOT_IMAGE=/boot/vmlinuz-5.4.243-dmptcp root=UUID=98415a12-53b7-4144-8265-0f7ece09e445 ro quiet splash
[    0.106735] Dentry cache hash table entries: 262144 (order: 9, 2097152 bytes, linear)
[    0.106881] Inode-cache hash table entries: 131072 (order: 8, 1048576 bytes, linear)
[    0.106932] mem auto-init: stack:off, heap alloc:on, heap free:off
[    0.106935] Calgary: detecting Calgary via BIOS EBDA area
[    0.106936] Calgary: Unable to locate Rio Grande table in EBDA - bailing!
[    0.111043] Memory: 1967332K/2096696K available (14339K kernel code, 2399K rwdata, 4716K rodata, 2728K init, 17260K bss, 129364K reserved, 0K cma-reserved)
[    0.111946] SLUB: HWalign=64, Order=0-3, MinObjects=0, CPUs=1, Nodes=1
[    0.111964] ftrace: allocating 43203 entries in 169 pages
[    0.130040] rcu: Hierarchical RCU implementation.
[    0.130042] rcu: 	RCU restricting CPUs from NR_CPUS=8192 to nr_cpu_ids=1.
[    0.130044] 	Tasks RCU enabled.
[    0.130045] rcu: RCU calculated value of scheduler-enlistment delay is 25 jiffies.
[    0.130046] rcu: Adjusting geometry for rcu_fanout_leaf=16, nr_cpu_ids=1
[    0.133008] NR_IRQS: 524544, nr_irqs: 256, preallocated irqs: 16
[    0.133229] random: crng init done
[    0.142456] Console: colour VGA+ 80x25
[    0.142460] printk: console [tty0] enabled
[    0.142483] ACPI: Core revision 20190816
[    0.142584] APIC: Switch to symmetric I/O mode setup
[    0.142832] x2apic enabled
[    0.143069] Switched APIC routing to physical x2apic.
[    0.144190] ..TIMER: vector=0x30 apic1=0 pin1=2 apic2=-1 pin2=-1
[    0.144215] clocksource: tsc-early: mask: 0xffffffffffffffff max_cycles: 0x1e4530a99b6, max_idle_ns: 440795257976 ns
[    0.144221] Calibrating delay loop (skipped) preset value.. 4200.00 BogoMIPS (lpj=8400000)
[    0.144223] pid_max: default: 32768 minimum: 301
[    0.144251] LSM: Security Framework initializing
[    0.144261] Yama: becoming mindful.
[    0.144288] AppArmor: AppArmor initialized
[    0.144322] Mount-cache hash table entries: 4096 (order: 3, 32768 bytes, linear)
[    0.144327] Mountpoint-cache hash table entries: 4096 (order: 3, 32768 bytes, linear)
[    0.144337] *** VALIDATE tmpfs ***
[    0.144467] *** VALIDATE proc ***
[    0.144508] *** VALIDATE cgroup1 ***
[    0.144509] *** VALIDATE cgroup2 ***
[    0.144662] process: using mwait in idle threads
[    0.144667] Last level iTLB entries: 4KB 64, 2MB 8, 4MB 8
[    0.144668] Last level dTLB entries: 4KB 64, 2MB 0, 4MB 0, 1GB 4
[    0.144688] Spectre V1 : Mitigation: usercopy/swapgs barriers and __user pointer sanitization
[    0.144694] Spectre V2 : Mitigation: Retpolines
[    0.144695] Spectre V2 : Spectre v2 / SpectreRSB mitigation: Filling RSB on context switch
[    0.144695] Spectre V2 : Spectre v2 / SpectreRSB : Filling RSB on VMEXIT
[    0.144696] RETBleed: WARNING: Spectre v2 mitigation leaves CPU vulnerable to RETBleed attacks, data leaks possible!
[    0.145048] RETBleed: Vulnerable
[    0.145048] Speculative Store Bypass: Vulnerable
[    0.145053] TAA: Mitigation: TSX disabled
[    0.145053] MMIO Stale Data: Mitigation: Clear CPU buffers
[    0.149279] Freeing SMP alternatives memory: 40K
[    0.261395] smpboot: CPU0: Intel(R) Xeon(R) Silver 4216 CPU @ 2.10GHz (family: 0x6, model: 0x55, stepping: 0x7)
[    0.261542] Performance Events: unsupported p6 CPU model 85 no PMU driver, software events only.
[    0.261579] rcu: Hierarchical SRCU implementation.
[    0.262108] NMI watchdog: Perf NMI watchdog permanently disabled
[    0.262150] smp: Bringing up secondary CPUs ...
[    0.262151] smp: Brought up 1 node, 1 CPU
[    0.262151] smpboot: Max logical packages: 1
[    0.262153] smpboot: Total of 1 processors activated (4200.00 BogoMIPS)
[    0.263114] devtmpfs: initialized
[    0.263162] x86/mm: Memory block size: 128MB
[    0.263516] clocksource: jiffies: mask: 0xffffffff max_cycles: 0xffffffff, max_idle_ns: 7645041785100000 ns
[    0.263522] futex hash table entries: 256 (order: 2, 16384 bytes, linear)
[    0.263567] pinctrl core: initialized pinctrl subsystem
[    0.263668] PM: RTC time: 09:22:16, date: 2026-01-10
[    0.263775] NET: Registered protocol family 16
[    0.263849] audit: initializing netlink subsys (disabled)
[    0.263976] EISA bus registered
[    0.263978] cpuidle: using governor ladder
[    0.263978] cpuidle: using governor menu
[    0.264015] ACPI: bus type PCI registered
[    0.264017] acpiphp: ACPI Hot Plug PCI Controller Driver version: 0.5
[    0.264122] PCI: Using configuration type 1 for base access
[    0.264605] audit: type=2000 audit(1768008142.406:1): state=initialized audit_enabled=0 res=1
[    0.264696] HugeTLB registered 2.00 MiB page size, pre-allocated 0 pages
[    0.265512] ACPI: Added _OSI(Module Device)
[    0.265512] ACPI: Added _OSI(Processor Device)
[    0.265513] ACPI: Added _OSI(3.0 _SCP Extensions)
[    0.265514] ACPI: Added _OSI(Processor Aggregator Device)
[    0.265515] ACPI: Added _OSI(Linux-Dell-Video)
[    0.265516] ACPI: Added _OSI(Linux-Lenovo-NV-HDMI-Audio)
[    0.265516] ACPI: Added _OSI(Linux-HPI-Hybrid-Graphics)
[    0.267474] ACPI: 2 ACPI AML tables successfully acquired and loaded
[    0.269078] ACPI: Interpreter enabled
[    0.269088] ACPI: (supports S0 S5)
[    0.269089] ACPI: Using IOAPIC for interrupt routing
[    0.269322] PCI: Using host bridge windows from ACPI; if necessary, use "pci=nocrs" and report a bug
[    0.269446] ACPI: Enabled 2 GPEs in block 00 to 07
[    0.274573] ACPI: PCI Root Bridge [PCI0] (domain 0000 [bus 00-ff])
[    0.274579] acpi PNP0A03:00: _OSC: OS supports [ASPM ClockPM Segments MSI HPX-Type3]
[    0.275021] acpi PNP0A03:00: _OSC: not requesting OS control; OS requires [ExtendedConfig ASPM ClockPM MSI]
[    0.275030] acpi PNP0A03:00: fail to add MMCONFIG information, can't access extended PCI configuration space under this bridge.
[    0.275395] PCI host bridge to bus 0000:00
[    0.275397] pci_bus 0000:00: root bus resource [io  0x0000-0x0cf7 window]
[    0.275399] pci_bus 0000:00: root bus resource [io  0x0d00-0xffff window]
[    0.275400] pci_bus 0000:00: root bus resource [mem 0x000a0000-0x000bffff window]
[    0.275401] pci_bus 0000:00: root bus resource [mem 0x80000000-0xfdffffff window]
[    0.275402] pci_bus 0000:00: root bus resource [bus 00-ff]
[    0.275447] pci 0000:00:00.0: [8086:1237] type 00 class 0x060000
[    0.276305] pci 0000:00:01.0: [8086:7000] type 00 class 0x060100
[    0.277074] pci 0000:00:01.1: [8086:7111] type 00 class 0x01018a
[    0.277442] pci 0000:00:01.1: reg 0x20: [io  0xd000-0xd00f]
[    0.277592] pci 0000:00:01.1: legacy IDE quirk: reg 0x10: [io  0x01f0-0x01f7]
[    0.277593] pci 0000:00:01.1: legacy IDE quirk: reg 0x14: [io  0x03f6]
[    0.277594] pci 0000:00:01.1: legacy IDE quirk: reg 0x18: [io  0x0170-0x0177]
[    0.277595] pci 0000:00:01.1: legacy IDE quirk: reg 0x1c: [io  0x0376]
[    0.278129] pci 0000:00:02.0: [15ad:0405] type 00 class 0x030000
[    0.280294] pci 0000:00:02.0: reg 0x10: [io  0xd010-0xd01f]
[    0.284263] pci 0000:00:02.0: reg 0x14: [mem 0xe0000000-0xe7ffffff pref]
[    0.286898] pci 0000:00:02.0: reg 0x18: [mem 0xf0000000-0xf01fffff]
[    0.297017] pci 0000:00:03.0: [1022:2000] type 00 class 0x020000
[    0.297700] pci 0000:00:03.0: reg 0x10: [io  0xd020-0xd03f]
[    0.298307] pci 0000:00:03.0: reg 0x14: [mem 0xf0200000-0xf0200fff]
[    0.302722] pci 0000:00:04.0: [80ee:cafe] type 00 class 0x088000
[    0.303388] pci 0000:00:04.0: reg 0x10: [io  0xd040-0xd05f]
[    0.303994] pci 0000:00:04.0: reg 0x14: [mem 0xf0400000-0xf07fffff]
[    0.304335] pci 0000:00:04.0: reg 0x18: [mem 0xf0800000-0xf0803fff pref]
[    0.307841] pci 0000:00:07.0: [8086:7113] type 00 class 0x068000
[    0.308437] pci 0000:00:07.0: quirk: [io  0x4000-0x403f] claimed by PIIX4 ACPI
[    0.308447] pci 0000:00:07.0: quirk: [io  0x4100-0x410f] claimed by PIIX4 SMB
[    0.309064] pci 0000:00:08.0: [8086:100e] type 00 class 0x020000
[    0.309761] pci 0000:00:08.0: reg 0x10: [mem 0xf0820000-0xf083ffff]
[    0.310912] pci 0000:00:08.0: reg 0x18: [io  0xd060-0xd067]
[    0.313849] pci 0000:00:09.0: [8086:100e] type 00 class 0x020000
[    0.314605] pci 0000:00:09.0: reg 0x10: [mem 0xf0840000-0xf085ffff]
[    0.316336] pci 0000:00:09.0: reg 0x18: [io  0xd068-0xd06f]
[    0.325249] ACPI: PCI Interrupt Link [LNKA] (IRQs 5 9 10 *11)
[    0.325529] ACPI: PCI Interrupt Link [LNKB] (IRQs 5 9 *10 11)
[    0.325632] ACPI: PCI Interrupt Link [LNKC] (IRQs 5 *9 10 11)
[    0.325736] ACPI: PCI Interrupt Link [LNKD] (IRQs 5 9 10 *11)
[    0.326005] iommu: Default domain type: Translated 
[    0.326060] pci 0000:00:02.0: vgaarb: setting as boot VGA device
[    0.326062] pci 0000:00:02.0: vgaarb: VGA device added: decodes=io+mem,owns=io+mem,locks=none
[    0.326064] pci 0000:00:02.0: vgaarb: bridge control possible
[    0.326064] vgaarb: loaded
[    0.328385] SCSI subsystem initialized
[    0.328417] libata version 3.00 loaded.
[    0.328440] ACPI: bus type USB registered
[    0.328454] usbcore: registered new interface driver usbfs
[    0.328461] usbcore: registered new interface driver hub
[    0.328466] usbcore: registered new device driver usb
[    0.328493] pps_core: LinuxPPS API ver. 1 registered
[    0.328494] pps_core: Software ver. 5.3.6 - Copyright 2005-2007 Rodolfo Giometti <giometti@linux.it>
[    0.328497] PTP clock support registered
[    0.328533] EDAC MC: Ver: 3.0.0
[    0.328820] PCI: Using ACPI for IRQ routing
[    0.328822] PCI: pci_cache_line_size set to 64 bytes
[    0.328989] e820: reserve RAM buffer [mem 0x0009fc00-0x0009ffff]
[    0.328993] e820: reserve RAM buffer [mem 0x7fff0000-0x7fffffff]
[    0.329813] NetLabel: Initializing
[    0.329813] NetLabel:  domain hash size = 128
[    0.329814] NetLabel:  protocols = UNLABELED CIPSOv4 CALIPSO
[    0.329834] NetLabel:  unlabeled traffic allowed by default
[    0.330726] clocksource: Switched to clocksource kvm-clock
[    0.340298] *** VALIDATE bpf ***
[    0.340298] VFS: Disk quotas dquot_6.6.0
[    0.340298] VFS: Dquot-cache hash table entries: 512 (order 0, 4096 bytes)
[    0.340298] *** VALIDATE ramfs ***
[    0.340298] *** VALIDATE hugetlbfs ***
[    0.340298] AppArmor: AppArmor Filesystem Enabled
[    0.340298] pnp: PnP ACPI init
[    0.340298] pnp 00:00: Plug and Play ACPI device, IDs PNP0303 (active)
[    0.342924] pnp 00:01: Plug and Play ACPI device, IDs PNP0f03 (active)
[    0.343700] pnp: PnP ACPI: found 2 devices
[    0.344653] thermal_sys: Registered thermal governor 'fair_share'
[    0.344654] thermal_sys: Registered thermal governor 'bang_bang'
[    0.344654] thermal_sys: Registered thermal governor 'step_wise'
[    0.344655] thermal_sys: Registered thermal governor 'user_space'
[    0.344656] thermal_sys: Registered thermal governor 'power_allocator'
[    0.349200] clocksource: acpi_pm: mask: 0xffffff max_cycles: 0xffffff, max_idle_ns: 2085701024 ns
[    0.349241] pci_bus 0000:00: resource 4 [io  0x0000-0x0cf7 window]
[    0.349242] pci_bus 0000:00: resource 5 [io  0x0d00-0xffff window]
[    0.349243] pci_bus 0000:00: resource 6 [mem 0x000a0000-0x000bffff window]
[    0.349245] pci_bus 0000:00: resource 7 [mem 0x80000000-0xfdffffff window]
[    0.349303] NET: Registered protocol family 2
[    0.349378] IP idents hash table entries: 32768 (order: 6, 262144 bytes, linear)
[    0.349785] MPTCP tokens hash table entries: 8192 (order: 4, 65536 bytes, linear)
[    0.349808] MPTCP request tokens hash table entries: 8192 (order: 4, 65536 bytes, linear)
[    0.349832] default registered
[    0.349833] default registered
[    0.349833] MPTCP: Stable release v0.96
[    0.349839] tcp_listen_portaddr_hash hash table entries: 1024 (order: 2, 16384 bytes, linear)
[    0.349917] TCP established hash table entries: 16384 (order: 5, 131072 bytes, linear)
[    0.349982] TCP bind hash table entries: 16384 (order: 6, 262144 bytes, linear)
[    0.350008] TCP: Hash tables configured (established 16384 bind 16384)
[    0.350718] UDP hash table entries: 1024 (order: 3, 32768 bytes, linear)
[    0.350730] UDP-Lite hash table entries: 1024 (order: 3, 32768 bytes, linear)
[    0.350766] NET: Registered protocol family 1
[    0.350775] NET: Registered protocol family 44
[    0.350797] pci 0000:00:00.0: Limiting direct PCI/PCI transfers
[    0.350810] pci 0000:00:01.0: Activating ISA DMA hang workarounds
[    0.350861] pci 0000:00:02.0: Video device with shadowed ROM at [mem 0x000c0000-0x000dffff]
[    0.350924] PCI: CLS 0 bytes, default 64
[    0.350971] Trying to unpack rootfs image as initramfs...
[    0.531465] Freeing initrd memory: 47868K
[    0.531565] clocksource: tsc: mask: 0xffffffffffffffff max_cycles: 0x1e4530a99b6, max_idle_ns: 440795257976 ns
[    0.531575] clocksource: Switched to clocksource tsc
[    0.531622] platform rtc_cmos: registered platform RTC device (no PNP device found)
[    0.531643] check: Scanning for low memory corruption every 60 seconds
[    0.531955] Initialise system trusted keyrings
[    0.531964] Key type blacklist registered
[    0.532005] workingset: timestamp_bits=36 max_order=19 bucket_order=0
[    0.533297] zbud: loaded
[    0.533656] squashfs: version 4.0 (2009/01/31) Phillip Lougher
[    0.533785] fuse: init (API version 7.31)
[    0.533800] *** VALIDATE fuse ***
[    0.533802] *** VALIDATE fuse ***
[    0.533902] Platform Keyring initialized
[    0.535267] Key type asymmetric registered
[    0.535267] Asymmetric key parser 'x509' registered
[    0.535267] Block layer SCSI generic (bsg) driver version 0.4 loaded (major 244)
[    0.535267] io scheduler mq-deadline registered
[    0.535267] shpchp: Standard Hot Plug PCI Controller Driver version: 0.4
[    0.537086] ACPI: AC Adapter [AC] (on-line)
[    0.537133] input: Power Button as /devices/LNXSYSTM:00/LNXPWRBN:00/input/input0
[    0.537159] ACPI: Power Button [PWRF]
[    0.537241] input: Sleep Button as /devices/LNXSYSTM:00/LNXSLPBN:00/input/input1
[    0.537254] ACPI: Sleep Button [SLPF]
[    0.537475] Serial: 8250/16550 driver, 32 ports, IRQ sharing enabled
[    0.538655] Linux agpgart interface v0.103
[    0.627071] loop: module loaded
[    0.627244] ata_piix 0000:00:01.1: version 2.13
[    0.627667] scsi host0: ata_piix
[    0.627759] scsi host1: ata_piix
[    0.627786] ata1: PATA max UDMA/33 cmd 0x1f0 ctl 0x3f6 bmdma 0xd000 irq 14
[    0.627787] ata2: PATA max UDMA/33 cmd 0x170 ctl 0x376 bmdma 0xd008 irq 15
[    0.627871] tun: Universal TUN/TAP device driver, 1.6
[    0.628200] PPP generic driver version 2.4.2
[    0.628253] VFIO - User Level meta-driver version: 0.3
[    0.628513] ehci_hcd: USB 2.0 'Enhanced' Host Controller (EHCI) Driver
[    0.628516] ehci-pci: EHCI PCI platform driver
[    0.628533] ehci-platform: EHCI generic platform driver
[    0.628538] ohci_hcd: USB 1.1 'Open' Host Controller (OHCI) Driver
[    0.628540] ohci-pci: OHCI PCI platform driver
[    0.628545] ohci-platform: OHCI generic platform driver
[    0.628550] uhci_hcd: USB Universal Host Controller Interface driver
[    0.628624] i8042: PNP: PS/2 Controller [PNP0303:PS2K,PNP0f03:PS2M] at 0x60,0x64 irq 1,12
[    0.629097] serio: i8042 KBD port at 0x60,0x64 irq 1
[    0.629102] serio: i8042 AUX port at 0x60,0x64 irq 12
[    0.629201] mousedev: PS/2 mouse device common for all mice
[    0.629466] input: AT Translated Set 2 keyboard as /devices/platform/i8042/serio0/input/input2
[    0.629881] rtc_cmos rtc_cmos: registered as rtc0
[    0.629893] rtc_cmos rtc_cmos: alarms up to one day, 114 bytes nvram
[    0.629898] i2c /dev entries driver
[    0.629948] device-mapper: uevent: version 1.0.3
[    0.629991] device-mapper: ioctl: 4.41.0-ioctl (2019-09-16) initialised: dm-devel@redhat.com
[    0.630011] platform eisa.0: Probing EISA bus 0
[    0.630013] platform eisa.0: EISA: Cannot allocate resource for mainboard
[    0.630014] platform eisa.0: Cannot allocate resource for EISA slot 1
[    0.630015] platform eisa.0: Cannot allocate resource for EISA slot 2
[    0.630016] platform eisa.0: Cannot allocate resource for EISA slot 3
[    0.630017] platform eisa.0: Cannot allocate resource for EISA slot 4
[    0.630018] platform eisa.0: Cannot allocate resource for EISA slot 5
[    0.630019] platform eisa.0: Cannot allocate resource for EISA slot 6
[    0.630020] platform eisa.0: Cannot allocate resource for EISA slot 7
[    0.630021] platform eisa.0: Cannot allocate resource for EISA slot 8
[    0.630022] platform eisa.0: EISA: Detected 0 cards
[    0.630024] intel_pstate: CPU model not supported
[    0.630036] ledtrig-cpu: registered to indicate activity on CPUs
[    0.630092] drop_monitor: Initializing network drop monitor service
[    0.630261] NET: Registered protocol family 10
[    0.635218] Segment Routing with IPv6
[    0.635218] fullmesh registered
[    0.635218] ndiffports registered
[    0.635218] binder registered
[    0.635218] roundrobin registered
[    0.635218] mps registered
[    0.635218] redundant registered
[    0.635218] blest registered
[    0.635218] ecf registered
[    0.635218] NET: Registered protocol family 17
[    0.635218] Key type dns_resolver registered
[    0.635218] RAS: Correctable Errors collector initialized.
[    0.635218] IPI shorthand broadcast: enabled
[    0.635218] sched_clock: Marking stable (620218680, 10999390)->(632970367, -1752297)
[    0.635975] registered taskstats version 1
[    0.635986] Loading compiled-in X.509 certificates
[    0.636600] Loaded X.509 cert 'Build time autogenerated kernel key: 6909f3744cebb3d0de528d5887b96a727de79b1e'
[    0.636617] zswap: loaded using pool lzo/zbud
[    0.636673] Key type ._fscrypt registered
[    0.636674] Key type .fscrypt registered
[    0.641166] Key type big_key registered
[    0.643356] Key type encrypted registered
[    0.643358] AppArmor: AppArmor sha1 policy hashing enabled
[    0.643366] ima: No TPM chip found, activating TPM-bypass!
[    0.643370] ima: Allocated hash algorithm: sha1
[    0.643377] ima: No architecture policies found
[    0.643386] evm: Initialising EVM extended attributes:
[    0.643387] evm: security.selinux
[    0.643387] evm: security.SMACK64
[    0.643387] evm: security.SMACK64EXEC
[    0.643388] evm: security.SMACK64TRANSMUTE
[    0.643388] evm: security.SMACK64MMAP
[    0.643389] evm: security.apparmor
[    0.643389] evm: security.ima
[    0.643390] evm: security.capability
[    0.643390] evm: HMAC attrs: 0x1
[    0.643684] PM:   Magic number: 10:495:373
[    0.643708] vc vcsa1: hash matches
[    0.643793] rtc_cmos rtc_cmos: setting system clock to 2026-01-10T09:22:17 UTC (1768036937)
[    0.798773] ata1.00: ATA-6: VBOX HARDDISK, 1.0, max UDMA/133
[    0.798775] ata1.00: 209715200 sectors, multi 128: LBA 
[    0.799241] scsi 0:0:0:0: Direct-Access     ATA      VBOX HARDDISK    1.0  PQ: 0 ANSI: 5
[    0.799428] sd 0:0:0:0: [sda] 209715200 512-byte logical blocks: (107 GB/100 GiB)
[    0.799436] sd 0:0:0:0: [sda] Write Protect is off
[    0.799438] sd 0:0:0:0: [sda] Mode Sense: 00 3a 00 00
[    0.799449] sd 0:0:0:0: [sda] Write cache: enabled, read cache: enabled, doesn't support DPO or FUA
[    0.799654] sd 0:0:0:0: Attached scsi generic sg0 type 0
[    0.800096]  sda: sda1 sda2
[    0.811140] sd 0:0:0:0: [sda] Attached SCSI disk
[    0.813108] Freeing unused decrypted memory: 2040K
[    0.813830] Freeing unused kernel image memory: 2728K
[    0.813832] Write protecting the kernel read-only data: 22528k
[    0.814541] Freeing unused kernel image memory: 2036K
[    0.814943] Freeing unused kernel image memory: 1428K
[    0.829520] x86/mm: Checked W+X mappings: passed, no W+X pages found.
[    0.829524] Run /init as init process
[    0.931283] ACPI: Video Device [GFX0] (multi-head: yes  rom: no  post: no)
[    0.931355] input: Video Bus as /devices/LNXSYSTM:00/LNXSYBUS:00/PNP0A03:00/LNXVIDEO:00/input/input4
[    0.945459] pcnet32: pcnet32.c:v1.35 21.Apr.2008 tsbogend@alpha.franken.de
[    0.947403] piix4_smbus 0000:00:07.0: SMBus Host Controller at 0x4100, revision 0
[    0.949892] e1000: Intel(R) PRO/1000 Network Driver - version 7.3.21-k8-NAPI
[    0.949892] e1000: Copyright (c) 1999-2006 Intel Corporation.
[    0.961702] pcnet32: PCnet/FAST III 79C973 at 0xd020, 08:00:27:87:52:76 assigned IRQ 19
[    0.961746] pcnet32: Found PHY 0022:561b at address 0
[    0.962046] pcnet32: eth0: registered as PCnet/FAST III 79C973
[    0.968293] pcnet32: 1 cards_found
[    1.022873] pcnet32 0000:00:03.0 enp0s3: renamed from eth0
[    1.160761] input: ImExPS/2 Generic Explorer Mouse as /devices/platform/i8042/serio1/input/input5
[    1.363278] e1000 0000:00:08.0 eth0: (PCI:33MHz:32-bit) 08:00:27:bc:c7:48
[    1.363283] e1000 0000:00:08.0 eth0: Intel(R) PRO/1000 Network Connection
[    1.735297] e1000 0000:00:09.0 eth1: (PCI:33MHz:32-bit) 08:00:27:d0:89:25
[    1.735300] e1000 0000:00:09.0 eth1: Intel(R) PRO/1000 Network Connection
[    1.736512] e1000 0000:00:09.0 enp0s9: renamed from eth1
[    1.738415] e1000 0000:00:08.0 enp0s8: renamed from eth0
[    1.884802] EXT4-fs (sda2): mounted filesystem with ordered data mode. Opts: (null)
[    1.975022] systemd[1]: Inserted module 'autofs4'
[    1.988293] systemd[1]: systemd 245.4-4ubuntu3 running in system mode. (+PAM +AUDIT +SELINUX +IMA +APPARMOR +SMACK +SYSVINIT +UTMP +LIBCRYPTSETUP +GCRYPT +GNUTLS +ACL +XZ +LZ4 +SECCOMP +BLKID +ELFUTILS +KMOD +IDN2 -IDN +PCRE2 default-hierarchy=hybrid)
[    1.988320] systemd[1]: Detected virtualization oracle.
[    1.988323] systemd[1]: Detected architecture x86-64.
[    1.989612] systemd[1]: Set hostname to <ztg>.
[    2.115331] systemd[1]: /lib/systemd/system/dbus.socket:5: ListenStream= references a path below legacy directory /var/run/, updating /var/run/dbus/system_bus_socket â†’ /run/dbus/system_bus_socket; please update the unit file accordingly.
[    2.169588] systemd[1]: Created slice system-modprobe.slice.
[    2.169789] systemd[1]: Created slice User and Session Slice.
[    2.169832] systemd[1]: Started Forward Password Requests to Wall Directory Watch.
[    2.169992] systemd[1]: Set up automount Arbitrary Executable File Formats File System Automount Point.
[    2.170025] systemd[1]: Reached target User and Group Name Lookups.
[    2.170033] systemd[1]: Reached target Remote File Systems.
[    2.170042] systemd[1]: Reached target Slices.
[    2.170587] systemd[1]: Listening on Syslog Socket.
[    2.170661] systemd[1]: Listening on fsck to fsckd communication Socket.
[    2.170700] systemd[1]: Listening on initctl Compatibility Named Pipe.
[    2.170837] systemd[1]: Listening on Journal Audit Socket.
[    2.170892] systemd[1]: Listening on Journal Socket (/dev/log).
[    2.170997] systemd[1]: Listening on Journal Socket.
[    2.171062] systemd[1]: Listening on udev Control Socket.
[    2.171103] systemd[1]: Listening on udev Kernel Socket.
[    2.171854] systemd[1]: Mounting Huge Pages File System...
[    2.172757] systemd[1]: Mounting POSIX Message Queue File System...
[    2.173601] systemd[1]: Mounting Kernel Debug File System...
[    2.174443] systemd[1]: Mounting Kernel Trace File System...
[    2.176341] systemd[1]: Starting Journal Service...
[    2.197823] systemd[1]: Starting Set the console keyboard layout...
[    2.205649] systemd[1]: Starting Create list of static device nodes for the current kernel...
[    2.207516] systemd[1]: Starting Load Kernel Module drm...
[    2.208497] systemd[1]: Condition check resulted in Set Up Additional Binary Formats being skipped.
[    2.208544] systemd[1]: Condition check resulted in File System Check on Root Device being skipped.
[    2.222137] systemd[1]: Starting Load Kernel Modules...
[    2.227408] systemd[1]: Starting Remount Root and Kernel File Systems...
[    2.236745] systemd[1]: Starting udev Coldplug all Devices...
[    2.247475] systemd[1]: Starting Uncomplicated firewall...
[    2.248792] systemd[1]: Mounted Huge Pages File System.
[    2.248883] systemd[1]: Mounted POSIX Message Queue File System.
[    2.248956] systemd[1]: Mounted Kernel Debug File System.
[    2.249025] systemd[1]: Mounted Kernel Trace File System.
[    2.268017] EXT4-fs (sda2): re-mounted. Opts: errors=remount-ro
[    2.289105] systemd[1]: Finished Create list of static device nodes for the current kernel.
[    2.290249] systemd[1]: modprobe@drm.service: Succeeded.
[    2.290652] systemd[1]: Finished Load Kernel Module drm.
[    2.297233] systemd[1]: Finished Remount Root and Kernel File Systems.
[    2.299360] lp: driver loaded but no devices found
[    2.300817] systemd[1]: Finished Uncomplicated firewall.
[    2.317752] systemd[1]: Condition check resulted in Rebuild Hardware Database being skipped.
[    2.317795] systemd[1]: Condition check resulted in Platform Persistent Storage Archival being skipped.
[    2.318477] systemd[1]: Starting Load/Save Random Seed...
[    2.320529] ppdev: user-space parallel port driver
[    2.328204] systemd[1]: Starting Create System Users...
[    2.340412] systemd[1]: Finished Load/Save Random Seed.
[    2.344191] systemd[1]: Finished Create System Users.
[    2.344918] systemd[1]: Starting Create Static Device Nodes in /dev...
[    2.376414] systemd[1]: Finished udev Coldplug all Devices.
[    2.403194] systemd[1]: Finished Create Static Device Nodes in /dev.
[    2.404033] systemd[1]: Starting udev Kernel Device Manager...
[    2.427374] [drm] DMA map mode: Caching DMA mappings.
[    2.427438] [drm] Capabilities:
[    2.427439] [drm]   Rect copy.
[    2.427439] [drm]   Cursor.
[    2.427439] [drm]   Cursor bypass.
[    2.427440] [drm]   Cursor bypass 2.
[    2.427440] [drm]   Alpha cursor.
[    2.427440] [drm]   Extended Fifo.
[    2.427441] [drm]   Pitchlock.
[    2.427441] [drm]   Irq mask.
[    2.427441] [drm]   GMR.
[    2.427442] [drm]   Traces.
[    2.427442] [drm]   GMR2.
[    2.427443] [drm]   Screen Object 2.
[    2.427443] [drm]   Command Buffers.
[    2.427443] [drm]   Command Buffers 2.
[    2.427444] [drm]   Guest Backed Resources.
[    2.427445] [drm] Max GMR ids is 8192
[    2.427445] [drm] Max number of GMR pages is 1048576
[    2.427446] [drm] Max dedicated hypervisor surface memory is 393216 kiB
[    2.427446] [drm] Maximum display memory size is 131072 kiB
[    2.427447] [drm] VRAM at 0xe0000000 size is 131072 kiB
[    2.427448] [drm] MMIO at 0xf0000000 size is 2048 kiB
[    2.428026] [TTM] Zone  kernel: Available graphics memory: 1011736 KiB
[    2.428027] [TTM] Initializing pool allocator
[    2.428031] [TTM] Initializing DMA pool allocator
[    2.428062] [drm] Supports vblank timestamp caching Rev 2 (21.10.2013).
[    2.428063] [drm] No driver support for vblank timestamp query.
[    2.428315] [drm] Screen Target Display device initialized
[    2.428548] [drm] width 720
[    2.428557] [drm] height 400
[    2.428560] [drm] bpp 32
[    2.429070] [drm] Fifo max 0x00200000 min 0x00001000 cap 0x00000355
[    2.430139] [drm] Using command buffers with DMA pool.
[    2.430143] [drm] DX: no.
[    2.430143] [drm] Atomic: yes.
[    2.430143] [drm] SM4_1: no.
[    2.430165] [drm:vmw_host_log [vmwgfx]] *ERROR* Failed to send host log message.
[    2.432447] [drm:vmw_host_log [vmwgfx]] *ERROR* Failed to send host log message.
[    2.442107] fbcon: svgadrmfb (fb0) is primary device
[    2.446963] Console: switching to colour frame buffer device 100x37
[    2.451948] [drm] Initialized vmwgfx 2.15.0 20180704 for 0000:00:02.0 on minor 0
[    2.453847] systemd[1]: Finished Load Kernel Modules.
[    2.454782] systemd[1]: Mounting FUSE Control File System...
[    2.455991] systemd[1]: Mounting Kernel Configuration File System...
[    2.477211] systemd[1]: Starting Apply Kernel Variables...
[    2.490110] systemd[1]: Mounted FUSE Control File System.
[    2.490177] systemd[1]: Condition check resulted in VMware vmblock fuse mount being skipped.
[    2.496027] systemd[1]: Finished Set the console keyboard layout.
[    2.496171] systemd[1]: Mounted Kernel Configuration File System.
[    2.496230] systemd[1]: Reached target Local File Systems (Pre).
[    2.499867] systemd[1]: Mounting Mount unit for bare, revision 5...
[    2.506776] systemd[1]: Mounting Mount unit for core18, revision 1705...
[    2.515614] systemd[1]: Mounting Mount unit for core22, revision 2193...
[    2.524835] systemd[1]: Mounting Mount unit for gnome-3-34-1804, revision 24...
[    2.548434] systemd[1]: Mounting Mount unit for gnome-42-2204, revision 226...
[    2.551874] systemd[1]: Mounting Mount unit for gtk-common-themes, revision 1506...
[    2.556044] systemd[1]: Mounting Mount unit for gtk-common-themes, revision 1535...
[    2.563701] systemd[1]: Mounting Mount unit for snap-store, revision 1216...
[    2.573524] systemd[1]: Mounting Mount unit for snap-store, revision 433...
[    2.591778] systemd[1]: Mounting Mount unit for snapd, revision 25577...
[    2.607535] systemd[1]: Finished Apply Kernel Variables.
[    2.607670] systemd[1]: Started udev Kernel Device Manager.
[    2.607755] systemd[1]: Mounted Mount unit for bare, revision 5.
[    2.607837] systemd[1]: Mounted Mount unit for core22, revision 2193.
[    2.609400] systemd[1]: Starting Show Plymouth Boot Screen...
[    2.633483] systemd[1]: Mounted Mount unit for core18, revision 1705.
[    2.633632] systemd[1]: Mounted Mount unit for gnome-3-34-1804, revision 24.
[    2.634179] systemd[1]: Received SIGRTMIN+20 from PID 278 (plymouthd).
[    2.651343] systemd[1]: Started Show Plymouth Boot Screen.
[    2.651496] systemd[1]: Condition check resulted in Dispatch Password Requests to Console Directory Watch being skipped.
[    2.651579] systemd[1]: Started Forward Password Requests to Plymouth Directory Watch.
[    2.651610] systemd[1]: Reached target Local Encrypted Volumes.
[    2.705816] systemd[1]: Mounted Mount unit for gnome-42-2204, revision 226.
[    2.755376] systemd[1]: Mounted Mount unit for gtk-common-themes, revision 1506.
[    2.755687] systemd[1]: Mounted Mount unit for snapd, revision 25577.
[    2.835116] systemd[1]: Mounted Mount unit for snap-store, revision 433.
[    2.867908] systemd[1]: Mounted Mount unit for gtk-common-themes, revision 1535.
[    2.868167] systemd[1]: Mounted Mount unit for snap-store, revision 1216.
[    2.868322] systemd[1]: Reached target Local File Systems.
[    2.871578] systemd[1]: Starting Load AppArmor profiles...
[    2.872476] systemd[1]: Starting Set console font and keymap...
[    2.886958] systemd[1]: Starting Tell Plymouth To Write Out Runtime Data...
[    2.887070] systemd[1]: Condition check resulted in Store a System Token in an EFI Variable being skipped.
[    2.887123] systemd[1]: Condition check resulted in Commit a transient machine-id on disk being skipped.
[    2.890907] systemd[1]: Finished Set console font and keymap.
[    2.911508] systemd[1]: Received SIGRTMIN+20 from PID 278 (plymouthd).
[    2.913591] systemd[1]: plymouth-read-write.service: Succeeded.
[    2.913833] systemd[1]: Finished Tell Plymouth To Write Out Runtime Data.
[    2.933240] audit: type=1400 audit(1768036939.784:2): apparmor="STATUS" operation="profile_load" profile="unconfined" name="nvidia_modprobe" pid=306 comm="apparmor_parser"
[    2.933243] audit: type=1400 audit(1768036939.784:3): apparmor="STATUS" operation="profile_load" profile="unconfined" name="nvidia_modprobe//kmod" pid=306 comm="apparmor_parser"
[    2.939622] audit: type=1400 audit(1768036939.788:4): apparmor="STATUS" operation="profile_load" profile="unconfined" name="/usr/sbin/tcpdump" pid=307 comm="apparmor_parser"
[    2.980356] audit: type=1400 audit(1768036939.824:5): apparmor="STATUS" operation="profile_load" profile="unconfined" name="/usr/bin/evince" pid=309 comm="apparmor_parser"
[    2.980359] audit: type=1400 audit(1768036939.824:6): apparmor="STATUS" operation="profile_load" profile="unconfined" name="/usr/bin/evince//sanitized_helper" pid=309 comm="apparmor_parser"
[    2.980360] audit: type=1400 audit(1768036939.824:7): apparmor="STATUS" operation="profile_load" profile="unconfined" name="/usr/bin/evince-previewer" pid=309 comm="apparmor_parser"
[    2.980362] audit: type=1400 audit(1768036939.824:8): apparmor="STATUS" operation="profile_load" profile="unconfined" name="/usr/bin/evince-previewer//sanitized_helper" pid=309 comm="apparmor_parser"
[    2.980363] audit: type=1400 audit(1768036939.824:9): apparmor="STATUS" operation="profile_load" profile="unconfined" name="/usr/bin/evince-thumbnailer" pid=309 comm="apparmor_parser"
[    2.996516] audit: type=1400 audit(1768036939.848:10): apparmor="STATUS" operation="profile_load" profile="unconfined" name="/usr/lib/cups/backend/cups-pdf" pid=310 comm="apparmor_parser"
[    3.076381] systemd[1]: Finished Load AppArmor profiles.
[    3.077292] systemd[1]: Starting Load AppArmor profiles managed internally by snapd...
[    3.164613] systemd[1]: Started Journal Service.
[    3.177100] systemd-journald[229]: Received client request to flush runtime journal.
[    3.180442] systemd-journald[229]: File /var/log/journal/c455b248004a419c87ce85eea238d727/system.journal corrupted or uncleanly shut down, renaming and replacing.
[    4.482075] RAPL PMU: API unit is 2^-32 Joules, 0 fixed counters, 10737418240 ms ovfl timer
[    4.523703] cryptd: max_cpu_qlen set to 1000
[    4.611732] AVX2 version of gcm_enc/dec engaged.
[    4.611734] AES CTR mode by8 optimization enabled
[    6.641210] Adding 1998844k swap on /dev/sda1.  Priority:-2 extents:1 across:1998844k FS
[    7.292116] AAAAA: Error looking up destination IP: 369098976 - net/ipv4/ip_output.c: 285: dac_mps_nexthops
[    7.556022] AAAAA: Error looking up destination IP: 4211081440 - net/ipv4/ip_output.c: 285: dac_mps_nexthops
[    7.810864] AAAAA: Error looking up destination IP: 4211081440 - net/ipv4/ip_output.c: 285: dac_mps_nexthops
[    7.920620] kauditd_printk_skb: 31 callbacks suppressed
[    7.920621] audit: type=1400 audit(1768036944.772:42): apparmor="DENIED" operation="capable" profile="/usr/sbin/cups-browsed" pid=573 comm="cups-browsed" capability=23  capname="sys_nice"
[    8.024893] AAAAA: Error looking up destination IP: 4211081440 - net/ipv4/ip_output.c: 285: dac_mps_nexthops
[    8.077227] AAAAA: Error looking up destination IP: 4211081440 - net/ipv4/ip_output.c: 285: dac_mps_nexthops
[    8.283617] AAAAA: Error looking up destination IP: 369098976 - net/ipv4/ip_output.c: 285: dac_mps_nexthops
[    8.284106] AAAAA: Error looking up destination IP: 4211081440 - net/ipv4/ip_output.c: 285: dac_mps_nexthops
[    9.042405] AAAAA: Error looking up destination IP: 4211081440 - net/ipv4/ip_output.c: 285: dac_mps_nexthops
[    9.044441] pcnet32 0000:00:03.0 enp0s3: link up, 100Mbps, full-duplex
[    9.083090] e1000: enp0s8 NIC Link is Up 1000 Mbps Full Duplex, Flow Control: RX
[    9.083383] IPv6: ADDRCONF(NETDEV_CHANGE): enp0s8: link becomes ready
[    9.106398] e1000: enp0s9 NIC Link is Up 1000 Mbps Full Duplex, Flow Control: RX
[    9.106686] IPv6: ADDRCONF(NETDEV_CHANGE): enp0s9: link becomes ready
[    9.745990] device enp0s3 entered promiscuous mode
[    9.768071] audit: type=1400 audit(1768036946.608:43): apparmor="DENIED" operation="open" profile="/usr/sbin/tcpdump" name="/proc/sys/kernel/random/boot_id" pid=707 comm="tcpdump" requested_mask="r" denied_mask="r" fsuid=0 ouid=0
[    9.768407] audit: type=1400 audit(1768036946.608:44): apparmor="DENIED" operation="open" profile="/usr/sbin/tcpdump" name="/proc/sys/kernel/random/boot_id" pid=707 comm="tcpdump" requested_mask="r" denied_mask="r" fsuid=0 ouid=0
[    9.768454] audit: type=1400 audit(1768036946.608:45): apparmor="DENIED" operation="open" profile="/usr/sbin/tcpdump" name="/proc/sys/kernel/random/boot_id" pid=707 comm="tcpdump" requested_mask="r" denied_mask="r" fsuid=0 ouid=0
[    9.768607] audit: type=1400 audit(1768036946.608:46): apparmor="DENIED" operation="open" profile="/usr/sbin/tcpdump" name="/proc/sys/kernel/random/boot_id" pid=707 comm="tcpdump" requested_mask="r" denied_mask="r" fsuid=0 ouid=0
[    9.771692] audit: type=1400 audit(1768036946.608:47): apparmor="DENIED" operation="open" profile="/usr/sbin/tcpdump" name="/proc/sys/kernel/random/boot_id" pid=708 comm="tcpdump" requested_mask="r" denied_mask="r" fsuid=0 ouid=0
[    9.771800] audit: type=1400 audit(1768036946.608:48): apparmor="DENIED" operation="open" profile="/usr/sbin/tcpdump" name="/proc/sys/kernel/random/boot_id" pid=708 comm="tcpdump" requested_mask="r" denied_mask="r" fsuid=0 ouid=0
[    9.771869] audit: type=1400 audit(1768036946.608:49): apparmor="DENIED" operation="open" profile="/usr/sbin/tcpdump" name="/proc/sys/kernel/random/boot_id" pid=708 comm="tcpdump" requested_mask="r" denied_mask="r" fsuid=0 ouid=0
[    9.771978] audit: type=1400 audit(1768036946.608:50): apparmor="DENIED" operation="open" profile="/usr/sbin/tcpdump" name="/proc/sys/kernel/random/boot_id" pid=708 comm="tcpdump" requested_mask="r" denied_mask="r" fsuid=0 ouid=0
[   15.706683] rfkill: input handler disabled
[  265.430633] AAAAA-TCP_FORW: name:enp0s3: saddr:100932208: daddr:16783984
[  265.807980] AAAAA-TCP_FORW: name:enp0s3: saddr:100932208: daddr:16783984
[  265.864203] AAAAA-TCP_FORW: name:enp0s3: saddr:100932208: daddr:16783984
[  266.244938] AAAAA-TCP_FORW: name:enp0s3: saddr:100932208: daddr:33561200
[  266.311455] AAAAA-TCP_FORW: name:enp0s3: saddr:100932208: daddr:16783984
[  266.387744] AAAAA-TCP_FORW: name:enp0s3: saddr:100932208: daddr:16783984
[  266.754123] AAAAA-TCP_FORW: name:enp0s3: saddr:100932208: daddr:33561200
[  266.799438] AAAAA-TCP_FORW: name:enp0s3: saddr:100932208: daddr:16783984
[  267.796057] AAAAA-TCP_FORW: name:enp0s3: saddr:100932208: daddr:16783984
[  267.907015] AAAAA-TCP_FORW: name:enp0s3: saddr:100932208: daddr:16783984
[  268.239937] AAAAA-TCP_FORW: name:enp0s3: saddr:100932208: daddr:16783984
[  268.307980] AAAAA-TCP_FORW: name:enp0s3: saddr:100932208: daddr:16783984
[  268.360441] AAAAA-TCP_FORW: name:enp0s3: saddr:100932208: daddr:16783984
[  268.500136] AAAAA-TCP_FORW: name:enp0s3: saddr:100932208: daddr:33561200
[  268.657015] AAAAA-TCP_FORW: name:enp0s3: saddr:100932208: daddr:16783984
[  268.853966] AAAAA-TCP_FORW: name:enp0s3: saddr:100932208: daddr:33561200
[  268.911758] AAAAA-TCP_FORW: name:enp0s3: saddr:100932208: daddr:16783984
[  268.996200] AAAAA-TCP_FORW: name:enp0s3: saddr:100932208: daddr:16783984
[  269.081788] AAAAA-TCP_FORW: name:enp0s3: saddr:100932208: daddr:16783984
[  269.177604] AAAAA-TCP_FORW: name:enp0s3: saddr:100932208: daddr:16783984
[  269.467468] AAAAA-TCP_FORW: name:enp0s3: saddr:100932208: daddr:16783984
[  269.562171] AAAAA-TCP_FORW: name:enp0s3: saddr:100932208: daddr:16783984
[  269.650153] AAAAA-TCP_FORW: name:enp0s3: saddr:100932208: daddr:16783984
[  269.861226] AAAAA-TCP_FORW: name:enp0s3: saddr:100932208: daddr:16783984
[  269.965925] AAAAA-TCP_FORW: name:enp0s3: saddr:100932208: daddr:16783984
[  270.055151] AAAAA-TCP_FORW: name:enp0s3: saddr:100932208: daddr:16783984
[  270.123417] AAAAA-TCP_FORW: name:enp0s3: saddr:100932208: daddr:16783984
[  270.341250] AAAAA-TCP_FORW: name:enp0s3: saddr:100932208: daddr:33561200
[  270.401642] AAAAA-TCP_FORW: name:enp0s3: saddr:100932208: daddr:33561200
[  270.468119] AAAAA-TCP_FORW: name:enp0s3: saddr:100932208: daddr:33561200
[  270.582309] AAAAA-TCP_FORW: name:enp0s3: saddr:100932208: daddr:33561200
[  270.680018] AAAAA-TCP_FORW: name:enp0s3: saddr:100932208: daddr:33561200
[  270.858843] AAAAA-TCP_FORW: name:enp0s3: saddr:100932208: daddr:33561200
[  270.941301] AAAAA-TCP_FORW: name:enp0s3: saddr:100932208: daddr:33561200
[  271.054365] AAAAA-TCP_FORW: name:enp0s3: saddr:100932208: daddr:33561200
[  271.108209] AAAAA-TCP_FORW: name:enp0s3: saddr:100932208: daddr:33561200
[  271.275580] AAAAA-TCP_FORW: name:enp0s3: saddr:100932208: daddr:33561200
[  271.441015] AAAAA-TCP_FORW: name:enp0s3: saddr:100932208: daddr:16783984
[  271.486538] AAAAA-TCP_FORW: name:enp0s3: saddr:100932208: daddr:16783984
[  271.657534] AAAAA-TCP_FORW: name:enp0s3: saddr:100932208: daddr:33561200
[  271.709710] AAAAA-TCP_FORW: name:enp0s3: saddr:100932208: daddr:16783984
[  271.768099] AAAAA-TCP_FORW: name:enp0s3: saddr:100932208: daddr:16783984
[  271.803347] AAAAA-TCP_FORW: name:enp0s3: saddr:100932208: daddr:16783984
[  271.841421] AAAAA-TCP_FORW: name:enp0s3: saddr:100932208: daddr:16783984
[  272.257431] AAAAA-TCP_FORW: name:enp0s3: saddr:100932208: daddr:16783984
[  272.316868] AAAAA-TCP_FORW: name:enp0s3: saddr:100932208: daddr:16783984
[  272.477131] AAAAA-TCP_FORW: name:enp0s3: saddr:100932208: daddr:16783984
[  272.559506] AAAAA-TCP_FORW: name:enp0s3: saddr:100932208: daddr:16783984
[  272.597992] AAAAA-TCP_FORW: name:enp0s3: saddr:100932208: daddr:16783984
[  272.743312] AAAAA-TCP_FORW: name:enp0s3: saddr:100932208: daddr:16783984
[  272.837117] AAAAA-TCP_FORW: name:enp0s3: saddr:100932208: daddr:33561200
[  273.026970] AAAAA-TCP_FORW: name:enp0s3: saddr:100932208: daddr:16783984
[  273.032424] AAAAA-TCP_FORW: name:enp0s3: saddr:100932208: daddr:16783984
[  273.192583] AAAAA-TCP_FORW: name:enp0s3: saddr:100932208: daddr:16783984
[  273.195147] AAAAA-TCP_FORW: name:enp0s3: saddr:100932208: daddr:16783984
[  273.421407] AAAAA-TCP_FORW: name:enp0s3: saddr:100932208: daddr:16783984
[  273.461008] AAAAA-TCP_FORW: name:enp0s3: saddr:100932208: daddr:16783984
[  273.517413] AAAAA-TCP_FORW: name:enp0s3: saddr:100932208: daddr:16783984
[  273.520031] AAAAA-TCP_FORW: name:enp0s3: saddr:100932208: daddr:16783984
[  273.699881] AAAAA-TCP_FORW: name:enp0s3: saddr:100932208: daddr:33561200
[  273.891491] AAAAA-TCP_FORW: name:enp0s3: saddr:100932208: daddr:33561200
[  273.938614] AAAAA-TCP_FORW: name:enp0s3: saddr:100932208: daddr:33561200
[  273.941263] AAAAA-TCP_FORW: name:enp0s3: saddr:100932208: daddr:33561200
[  273.987084] AAAAA-TCP_FORW: name:enp0s3: saddr:100932208: daddr:33561200
[  274.078088] AAAAA-TCP_FORW: name:enp0s3: saddr:100932208: daddr:33561200
[  274.201960] AAAAA-TCP_FORW: name:enp0s3: saddr:100932208: daddr:33561200
[  274.244441] AAAAA-TCP_FORW: name:enp0s3: saddr:100932208: daddr:33561200
[  274.330909] AAAAA-TCP_FORW: name:enp0s3: saddr:100932208: daddr:33561200
[  274.354483] AAAAA-TCP_FORW: name:enp0s3: saddr:100932208: daddr:33561200
[  274.509798] AAAAA-TCP_FORW: name:enp0s3: saddr:100932208: daddr:33561200
[  274.619070] AAAAA-TCP_FORW: name:enp0s3: saddr:100932208: daddr:33561200
[  274.668900] AAAAA-TCP_FORW: name:enp0s3: saddr:100932208: daddr:33561200
[  274.778596] AAAAA-TCP_FORW: name:enp0s3: saddr:100932208: daddr:33561200
[  274.814222] AAAAA-TCP_FORW: name:enp0s3: saddr:100932208: daddr:33561200
[  274.946270] AAAAA-TCP_FORW: name:enp0s3: saddr:100932208: daddr:33561200
[  274.952078] AAAAA-TCP_FORW: name:enp0s3: saddr:100932208: daddr:33561200
[  274.986108] AAAAA-TCP_FORW: name:enp0s3: saddr:100932208: daddr:33561200
[  275.146485] AAAAA-TCP_FORW: name:enp0s3: saddr:100932208: daddr:33561200
[  275.231661] AAAAA-TCP_FORW: name:enp0s3: saddr:100932208: daddr:33561200
[  275.274792] AAAAA-TCP_FORW: name:enp0s3: saddr:100932208: daddr:16783984
[  275.291855] AAAAA-TCP_FORW: name:enp0s3: saddr:100932208: daddr:16783984
[  275.397110] AAAAA-TCP_FORW: name:enp0s3: saddr:100932208: daddr:16783984
[  275.462449] AAAAA-TCP_FORW: name:enp0s3: saddr:100932208: daddr:16783984
[  275.580383] AAAAA-TCP_FORW: name:enp0s3: saddr:100932208: daddr:16783984
[  275.585665] AAAAA-TCP_FORW: name:enp0s3: saddr:100932208: daddr:16783984
[  275.631253] AAAAA-TCP_FORW: name:enp0s3: saddr:100932208: daddr:16783984
[  275.633811] AAAAA-TCP_FORW: name:enp0s3: saddr:100932208: daddr:16783984
[  275.773441] AAAAA-TCP_FORW: name:enp0s3: saddr:100932208: daddr:16783984
[  275.812223] AAAAA-TCP_FORW: name:enp0s3: saddr:100932208: daddr:16783984
[  276.077797] AAAAA-TCP_FORW: name:enp0s3: saddr:100932208: daddr:16783984
[  276.228658] AAAAA-TCP_FORW: name:enp0s3: saddr:100932208: daddr:16783984
[  276.399460] AAAAA-TCP_FORW: name:enp0s3: saddr:100932208: daddr:16783984
[  276.515106] AAAAA-TCP_FORW: name:enp0s3: saddr:100932208: daddr:16783984
[  276.622880] AAAAA-TCP_FORW: name:enp0s3: saddr:100932208: daddr:16783984
[  276.762396] AAAAA-TCP_FORW: name:enp0s3: saddr:100932208: daddr:16783984
[  276.993257] AAAAA-TCP_FORW: name:enp0s3: saddr:100932208: daddr:16783984
[  277.084777] AAAAA-TCP_FORW: name:enp0s3: saddr:100932208: daddr:16783984
[  277.153020] AAAAA-TCP_FORW: name:enp0s3: saddr:100932208: daddr:16783984
[  277.280390] AAAAA-TCP_FORW: name:enp0s3: saddr:100932208: daddr:16783984
[  277.388165] AAAAA-TCP_FORW: name:enp0s3: saddr:100932208: daddr:16783984
[  277.447866] AAAAA-TCP_FORW: name:enp0s3: saddr:100932208: daddr:16783984
[  277.592941] AAAAA-TCP_FORW: name:enp0s3: saddr:100932208: daddr:16783984
[  277.656151] AAAAA-TCP_FORW: name:enp0s3: saddr:100932208: daddr:16783984
[  277.694469] AAAAA-TCP_FORW: name:enp0s3: saddr:100932208: daddr:16783984
[  277.840531] AAAAA-TCP_FORW: name:enp0s3: saddr:100932208: daddr:33561200
[  277.887016] AAAAA-TCP_FORW: name:enp0s3: saddr:100932208: daddr:33561200
[  277.948467] AAAAA-TCP_FORW: name:enp0s3: saddr:100932208: daddr:33561200
[  277.977674] AAAAA-TCP_FORW: name:enp0s3: saddr:100932208: daddr:33561200
[  278.024664] AAAAA-TCP_FORW: name:enp0s3: saddr:100932208: daddr:33561200
[  278.120668] AAAAA-TCP_FORW: name:enp0s3: saddr:100932208: daddr:33561200
[  278.267311] AAAAA-TCP_FORW: name:enp0s3: saddr:100932208: daddr:33561200
[  278.346463] AAAAA-TCP_FORW: name:enp0s3: saddr:100932208: daddr:33561200
[  278.425253] AAAAA-TCP_FORW: name:enp0s3: saddr:100932208: daddr:33561200
[  278.494573] AAAAA-TCP_FORW: name:enp0s3: saddr:100932208: daddr:33561200
[  278.497331] AAAAA-TCP_FORW: name:enp0s3: saddr:100932208: daddr:33561200
[  278.592231] AAAAA-TCP_FORW: name:enp0s3: saddr:100932208: daddr:33561200
[  278.693100] AAAAA-TCP_FORW: name:enp0s3: saddr:100932208: daddr:33561200
[  278.719780] AAAAA-TCP_FORW: name:enp0s3: saddr:100932208: daddr:33561200
[  279.466682] AAAAA-TCP_FORW: name:enp0s3: saddr:100932208: daddr:33561200
[  279.527455] AAAAA-TCP_FORW: name:enp0s3: saddr:100932208: daddr:33561200
[  279.582102] AAAAA-TCP_FORW: name:enp0s3: saddr:100932208: daddr:33561200
[  301.670465] AAAAA-TCP_FORW: name:enp0s3: saddr:100932208: daddr:33561200
[  301.736478] AAAAA-TCP_FORW: name:enp0s3: saddr:33561200: daddr:100932208
[  301.825759] AAAAA-TCP_FORW: name:enp0s3: saddr:100932208: daddr:33561200
[  301.885319] AAAAA-TCP_FORW: name:enp0s3: saddr:100932208: daddr:33561200
[  302.019833] AAAAA-TCP_FORW: name:enp0s3: saddr:33561200: daddr:100932208
[  302.132342] AAAAA-TCP_FORW: name:enp0s3: saddr:33561200: daddr:100932208
[  302.144047] AAAAA-TCP_FORW: name:enp0s3: saddr:100932208: daddr:33561200
[  302.309338] AAAAA-TCP_FORW: name:enp0s3: saddr:100932208: daddr:33561200
[  302.347070] AAAAA-TCP_FORW: name:enp0s3: saddr:100932208: daddr:33561200
[  302.412440] AAAAA-TCP_FORW: name:enp0s3: saddr:100932208: daddr:33561200
[  302.435000] AAAAA-TCP_FORW: name:enp0s3: saddr:100932208: daddr:33561200
[  302.449405] AAAAA-TCP_FORW: name:enp0s3: saddr:33561200: daddr:100932208
[  302.514986] AAAAA-TCP_FORW: name:enp0s3: saddr:100932208: daddr:33561200
[  302.573059] AAAAA-TCP_FORW: name:enp0s3: saddr:33561200: daddr:100932208
[  302.606976] AAAAA-TCP_FORW: name:enp0s3: saddr:100932208: daddr:33561200
[  302.634325] AAAAA-TCP_FORW: name:enp0s3: saddr:33561200: daddr:100932208
[  302.700136] AAAAA-TCP_FORW: name:enp0s3: saddr:33561200: daddr:100932208
[  302.764384] AAAAA-TCP_FORW: name:enp0s3: saddr:33561200: daddr:100932208
[  302.808255] AAAAA-TCP_FORW: name:enp0s3: saddr:100932208: daddr:33561200
[  302.889727] AAAAA-TCP_FORW: name:enp0s3: saddr:33561200: daddr:100932208
[  302.924202] AAAAA-TCP_FORW: name:enp0s3: saddr:100932208: daddr:33561200
[  302.995186] AAAAA-TCP_FORW: name:enp0s3: saddr:100932208: daddr:33561200
[  303.054108] AAAAA-TCP_FORW: name:enp0s3: saddr:33561200: daddr:100932208
[  303.094722] AAAAA-TCP_FORW: name:enp0s3: saddr:100932208: daddr:33561200
[  303.190051] AAAAA-TCP_FORW: name:enp0s3: saddr:100932208: daddr:33561200
[  303.257284] AAAAA-TCP_FORW: name:enp0s3: saddr:100932208: daddr:33561200
[  303.313240] AAAAA-TCP_FORW: name:enp0s3: saddr:100932208: daddr:33561200
[  303.365262] AAAAA-TCP_FORW: name:enp0s3: saddr:100932208: daddr:16783984
[  303.391568] AAAAA-TCP_FORW: name:enp0s3: saddr:33561200: daddr:100932208
[  303.429973] AAAAA-TCP_FORW: name:enp0s3: saddr:100932208: daddr:16783984
[  303.537316] AAAAA-TCP_FORW: name:enp0s3: saddr:33561200: daddr:100932208
[  303.613773] AAAAA-TCP_FORW: name:enp0s3: saddr:33561200: daddr:100932208
[  303.668003] AAAAA-TCP_FORW: name:enp0s3: saddr:100932208: daddr:16783984
[  303.711831] AAAAA-TCP_FORW: name:enp0s3: saddr:33561200: daddr:100932208
[  303.769650] AAAAA-TCP_FORW: name:enp0s3: saddr:33561200: daddr:100932208
[  303.827942] AAAAA-TCP_FORW: name:enp0s3: saddr:33561200: daddr:100932208
[  303.875670] AAAAA-TCP_FORW: name:enp0s3: saddr:100932208: daddr:16783984
[  303.957654] AAAAA-TCP_FORW: name:enp0s3: saddr:33561200: daddr:100932208
[  303.970511] AAAAA-TCP_FORW: name:enp0s3: saddr:100932208: daddr:16783984
[  304.038532] AAAAA-TCP_FORW: name:enp0s3: saddr:100932208: daddr:16783984
[  304.040143] AAAAA-TCP_FORW: name:enp0s3: saddr:16783984: daddr:100932208
[  304.146563] AAAAA-TCP_FORW: name:enp0s3: saddr:16783984: daddr:100932208
[  304.293885] AAAAA-TCP_FORW: name:enp0s3: saddr:100932208: daddr:16783984
[  304.377922] AAAAA-TCP_FORW: name:enp0s3: saddr:100932208: daddr:16783984
[  304.491502] AAAAA-TCP_FORW: name:enp0s3: saddr:100932208: daddr:16783984
[  304.537174] AAAAA-TCP_FORW: name:enp0s3: saddr:16783984: daddr:100932208
[  304.657441] AAAAA-TCP_FORW: name:enp0s3: saddr:100932208: daddr:16783984
[  304.726627] AAAAA-TCP_FORW: name:enp0s3: saddr:16783984: daddr:100932208
[  304.801232] AAAAA-TCP_FORW: name:enp0s3: saddr:100932208: daddr:16783984
[  304.828106] AAAAA-TCP_FORW: name:enp0s3: saddr:16783984: daddr:100932208
[  304.847381] AAAAA-TCP_FORW: name:enp0s3: saddr:100932208: daddr:16783984
[  304.900541] AAAAA-TCP_FORW: name:enp0s3: saddr:16783984: daddr:100932208
[  304.956581] AAAAA-TCP_FORW: name:enp0s3: saddr:100932208: daddr:16783984
[  305.114395] AAAAA-TCP_FORW: name:enp0s3: saddr:100932208: daddr:16783984
[  305.154804] AAAAA-TCP_FORW: name:enp0s3: saddr:100932208: daddr:16783984
[  305.189825] AAAAA-TCP_FORW: name:enp0s3: saddr:100932208: daddr:16783984
[  305.234693] AAAAA-TCP_FORW: name:enp0s3: saddr:16783984: daddr:100932208
[  305.285532] AAAAA-TCP_FORW: name:enp0s3: saddr:100932208: daddr:16783984
[  305.320062] AAAAA-TCP_FORW: name:enp0s3: saddr:16783984: daddr:100932208
[  305.354922] AAAAA-TCP_FORW: name:enp0s3: saddr:100932208: daddr:16783984
[  305.386075] AAAAA-TCP_FORW: name:enp0s3: saddr:16783984: daddr:100932208
[  305.425605] AAAAA-TCP_FORW: name:enp0s3: saddr:100932208: daddr:33561200
[  305.485485] AAAAA-TCP_FORW: name:enp0s3: saddr:100932208: daddr:33561200
[  305.519789] AAAAA-TCP_FORW: name:enp0s3: saddr:100932208: daddr:33561200
[  305.540095] AAAAA-TCP_FORW: name:enp0s3: saddr:16783984: daddr:100932208
[  305.576381] AAAAA-TCP_FORW: name:enp0s3: saddr:100932208: daddr:33561200
[  305.699392] AAAAA-TCP_FORW: name:enp0s3: saddr:100932208: daddr:33561200
[  305.736348] AAAAA-TCP_FORW: name:enp0s3: saddr:100932208: daddr:33561200
[  305.757216] AAAAA-TCP_FORW: name:enp0s3: saddr:16783984: daddr:100932208
[  305.818120] AAAAA-TCP_FORW: name:enp0s3: saddr:100932208: daddr:33561200
[  305.854574] AAAAA-TCP_FORW: name:enp0s3: saddr:100932208: daddr:33561200
[  305.891652] AAAAA-TCP_FORW: name:enp0s3: saddr:16783984: daddr:100932208
[  306.042224] AAAAA-TCP_FORW: name:enp0s3: saddr:16783984: daddr:100932208
[  306.060350] AAAAA-TCP_FORW: name:enp0s3: saddr:100932208: daddr:33561200
[  306.127606] AAAAA-TCP_FORW: name:enp0s3: saddr:100932208: daddr:33561200
[  306.155866] AAAAA-TCP_FORW: name:enp0s3: saddr:16783984: daddr:100932208
[  306.180643] AAAAA-TCP_FORW: name:enp0s3: saddr:100932208: daddr:33561200
[  306.256966] AAAAA-TCP_FORW: name:enp0s3: saddr:16783984: daddr:100932208
[  306.282712] AAAAA-TCP_FORW: name:enp0s3: saddr:100932208: daddr:33561200
[  306.302000] AAAAA-TCP_FORW: name:enp0s3: saddr:16783984: daddr:100932208
[  306.412668] AAAAA-TCP_FORW: name:enp0s3: saddr:100932208: daddr:33561200
[  306.445984] AAAAA-TCP_FORW: name:enp0s3: saddr:16783984: daddr:100932208
[  306.535833] AAAAA-TCP_FORW: name:enp0s3: saddr:100932208: daddr:33561200
[  306.571260] AAAAA-TCP_FORW: name:enp0s3: saddr:33561200: daddr:100932208
[  306.649662] AAAAA-TCP_FORW: name:enp0s3: saddr:16783984: daddr:100932208
[  306.661376] AAAAA-TCP_FORW: name:enp0s3: saddr:100932208: daddr:33561200
[  306.729756] AAAAA-TCP_FORW: name:enp0s3: saddr:33561200: daddr:100932208
[  306.750958] AAAAA-TCP_FORW: name:enp0s3: saddr:100932208: daddr:33561200
[  306.776364] AAAAA-TCP_FORW: name:enp0s3: saddr:33561200: daddr:100932208
[  306.878754] AAAAA-TCP_FORW: name:enp0s3: saddr:33561200: daddr:100932208
[  306.920664] AAAAA-TCP_FORW: name:enp0s3: saddr:100932208: daddr:33561200
[  306.940011] AAAAA-TCP_FORW: name:enp0s3: saddr:33561200: daddr:100932208
[  306.990935] AAAAA-TCP_FORW: name:enp0s3: saddr:33561200: daddr:100932208
[  307.085386] AAAAA-TCP_FORW: name:enp0s3: saddr:33561200: daddr:100932208
[  307.110223] AAAAA-TCP_FORW: name:enp0s3: saddr:100932208: daddr:33561200
[  307.153380] AAAAA-TCP_FORW: name:enp0s3: saddr:100932208: daddr:33561200
[  307.178626] AAAAA-TCP_FORW: name:enp0s3: saddr:33561200: daddr:100932208
[  307.371255] AAAAA-TCP_FORW: name:enp0s3: saddr:33561200: daddr:100932208
[  307.392261] AAAAA-TCP_FORW: name:enp0s3: saddr:100932208: daddr:33561200
[  307.430509] AAAAA-TCP_FORW: name:enp0s3: saddr:33561200: daddr:100932208
[  307.499902] AAAAA-TCP_FORW: name:enp0s3: saddr:33561200: daddr:100932208
[  307.594893] AAAAA-TCP_FORW: name:enp0s3: saddr:33561200: daddr:100932208
[  307.677997] AAAAA-TCP_FORW: name:enp0s3: saddr:100932208: daddr:33561200
[  307.693315] AAAAA-TCP_FORW: name:enp0s3: saddr:33561200: daddr:100932208
[  307.790261] AAAAA-TCP_FORW: name:enp0s3: saddr:33561200: daddr:100932208
[  307.820852] AAAAA-TCP_FORW: name:enp0s3: saddr:100932208: daddr:33561200
[  307.898365] AAAAA-TCP_FORW: name:enp0s3: saddr:100932208: daddr:33561200
[  307.925327] AAAAA-TCP_FORW: name:enp0s3: saddr:100932208: daddr:33561200
[  307.955366] AAAAA-TCP_FORW: name:enp0s3: saddr:100932208: daddr:33561200
[  308.008016] AAAAA-TCP_FORW: name:enp0s3: saddr:33561200: daddr:100932208
[  308.019284] AAAAA-TCP_FORW: name:enp0s3: saddr:100932208: daddr:33561200
[  308.100765] AAAAA-TCP_FORW: name:enp0s3: saddr:33561200: daddr:100932208
[  308.167781] AAAAA-TCP_FORW: name:enp0s3: saddr:100932208: daddr:33561200
[  308.374014] AAAAA-TCP_FORW: name:enp0s3: saddr:100932208: daddr:33561200
[  308.436838] AAAAA-TCP_FORW: name:enp0s3: saddr:33561200: daddr:100932208
[  308.458143] AAAAA-TCP_FORW: name:enp0s3: saddr:100932208: daddr:33561200
[  308.618786] AAAAA-TCP_FORW: name:enp0s3: saddr:33561200: daddr:100932208
[  308.646838] AAAAA-TCP_FORW: name:enp0s3: saddr:100932208: daddr:16783984
[  308.681544] AAAAA-TCP_FORW: name:enp0s3: saddr:100932208: daddr:16783984
[  308.721530] AAAAA-TCP_FORW: name:enp0s3: saddr:100932208: daddr:16783984
[  308.867180] AAAAA-TCP_FORW: name:enp0s3: saddr:33561200: daddr:100932208
[  308.888763] AAAAA-TCP_FORW: name:enp0s3: saddr:100932208: daddr:16783984
[  308.931577] AAAAA-TCP_FORW: name:enp0s3: saddr:100932208: daddr:16783984
[  309.134746] AAAAA-TCP_FORW: name:enp0s3: saddr:100932208: daddr:16783984
[  309.466799] AAAAA-TCP_FORW: name:enp0s3: saddr:33561200: daddr:100932208
[  309.485640] AAAAA-TCP_FORW: name:enp0s3: saddr:100932208: daddr:16783984
[  309.526900] AAAAA-TCP_FORW: name:enp0s3: saddr:100932208: daddr:16783984
[  309.625519] AAAAA-TCP_FORW: name:enp0s3: saddr:100932208: daddr:16783984
[  309.661598] AAAAA-TCP_FORW: name:enp0s3: saddr:100932208: daddr:16783984
[  309.720602] AAAAA-TCP_FORW: name:enp0s3: saddr:100932208: daddr:16783984
[  309.741168] AAAAA-TCP_FORW: name:enp0s3: saddr:33561200: daddr:100932208
[  309.861572] AAAAA-TCP_FORW: name:enp0s3: saddr:33561200: daddr:100932208
[  310.124402] AAAAA-TCP_FORW: name:enp0s3: saddr:100932208: daddr:16783984
[  310.146856] AAAAA-TCP_FORW: name:enp0s3: saddr:33561200: daddr:100932208
[  310.221623] AAAAA-TCP_FORW: name:enp0s3: saddr:100932208: daddr:16783984
[  310.319190] AAAAA-TCP_FORW: name:enp0s3: saddr:33561200: daddr:100932208
[  310.328597] AAAAA-TCP_FORW: name:enp0s3: saddr:100932208: daddr:16783984
[  310.399922] AAAAA-TCP_FORW: name:enp0s3: saddr:100932208: daddr:16783984
[  310.417034] AAAAA-TCP_FORW: name:enp0s3: saddr:16783984: daddr:100932208
[  310.443956] AAAAA-TCP_FORW: name:enp0s3: saddr:16783984: daddr:100932208
[  310.475962] AAAAA-TCP_FORW: name:enp0s3: saddr:100932208: daddr:16783984
[  310.490586] AAAAA-TCP_FORW: name:enp0s3: saddr:16783984: daddr:100932208
[  310.650466] AAAAA-TCP_FORW: name:enp0s3: saddr:16783984: daddr:100932208
[  310.665713] AAAAA-TCP_FORW: name:enp0s3: saddr:100932208: daddr:16783984
[  310.692864] AAAAA-TCP_FORW: name:enp0s3: saddr:16783984: daddr:100932208
[  310.771491] AAAAA-TCP_FORW: name:enp0s3: saddr:100932208: daddr:16783984
[  310.790106] AAAAA-TCP_FORW: name:enp0s3: saddr:16783984: daddr:100932208
[  310.888654] AAAAA-TCP_FORW: name:enp0s3: saddr:16783984: daddr:100932208
[  310.905291] AAAAA-TCP_FORW: name:enp0s3: saddr:100932208: daddr:16783984
[  310.940855] AAAAA-TCP_FORW: name:enp0s3: saddr:16783984: daddr:100932208
[  311.004226] AAAAA-TCP_FORW: name:enp0s3: saddr:16783984: daddr:100932208
[  311.042007] AAAAA-TCP_FORW: name:enp0s3: saddr:16783984: daddr:100932208
[  311.068935] AAAAA-TCP_FORW: name:enp0s3: saddr:100932208: daddr:16783984
[  311.090547] AAAAA-TCP_FORW: name:enp0s3: saddr:16783984: daddr:100932208
[  311.144046] AAAAA-TCP_FORW: name:enp0s3: saddr:100932208: daddr:16783984
[  311.189692] AAAAA-TCP_FORW: name:enp0s3: saddr:100932208: daddr:16783984
[  311.227953] AAAAA-TCP_FORW: name:enp0s3: saddr:16783984: daddr:100932208
[  311.297343] AAAAA-TCP_FORW: name:enp0s3: saddr:16783984: daddr:100932208
[  311.339014] AAAAA-TCP_FORW: name:enp0s3: saddr:16783984: daddr:100932208
[  311.439675] AAAAA-TCP_FORW: name:enp0s3: saddr:16783984: daddr:100932208
[  311.605347] AAAAA-TCP_FORW: name:enp0s3: saddr:16783984: daddr:100932208
[  311.731938] AAAAA-TCP_FORW: name:enp0s3: saddr:16783984: daddr:100932208
[  311.827674] AAAAA-TCP_FORW: name:enp0s3: saddr:16783984: daddr:100932208
[  312.065806] AAAAA-TCP_FORW: name:enp0s3: saddr:16783984: daddr:100932208
[  312.214076] AAAAA-TCP_FORW: name:enp0s3: saddr:16783984: daddr:100932208
[  312.271382] AAAAA-TCP_FORW: name:enp0s3: saddr:16783984: daddr:100932208
[  312.334512] AAAAA-TCP_FORW: name:enp0s3: saddr:16783984: daddr:100932208
[  312.348935] AAAAA-TCP_FORW: name:enp0s3: saddr:100932208: daddr:16783984
[  312.429836] AAAAA-TCP_FORW: name:enp0s3: saddr:100932208: daddr:16783984
[  312.470075] AAAAA-TCP_FORW: name:enp0s3: saddr:100932208: daddr:16783984
[  312.543174] AAAAA-TCP_FORW: name:enp0s3: saddr:100932208: daddr:16783984
[  312.643724] AAAAA-TCP_FORW: name:enp0s3: saddr:100932208: daddr:16783984
[  312.697226] AAAAA-TCP_FORW: name:enp0s3: saddr:100932208: daddr:16783984
[  312.816384] AAAAA-TCP_FORW: name:enp0s3: saddr:16783984: daddr:100932208
[  312.867952] AAAAA-TCP_FORW: name:enp0s3: saddr:16783984: daddr:100932208
[  312.918821] AAAAA-TCP_FORW: name:enp0s3: saddr:16783984: daddr:100932208
[  312.994777] AAAAA-TCP_FORW: name:enp0s3: saddr:16783984: daddr:100932208
[  313.036660] AAAAA-TCP_FORW: name:enp0s3: saddr:16783984: daddr:100932208
[  313.092359] AAAAA-TCP_FORW: name:enp0s3: saddr:16783984: daddr:100932208
[  334.207981] AAAAA-TCP_FORW: name:enp0s3: saddr:100932208: daddr:16783984
[  334.246739] AAAAA-TCP_FORW: name:enp0s3: saddr:16783984: daddr:100932208
[  334.385477] AAAAA-TCP_FORW: name:enp0s3: saddr:100932208: daddr:16783984
[  334.443528] AAAAA-TCP_FORW: name:enp0s3: saddr:100932208: daddr:16783984
[  334.516850] AAAAA-TCP_FORW: name:enp0s3: saddr:16783984: daddr:100932208
[  334.541364] AAAAA-TCP_FORW: name:enp0s3: saddr:100932208: daddr:16783984
[  334.558837] AAAAA-TCP_FORW: name:enp0s3: saddr:16783984: daddr:100932208
[  334.710413] AAAAA-TCP_FORW: name:enp0s3: saddr:100932208: daddr:16783984
[  334.770597] AAAAA-TCP_FORW: name:enp0s3: saddr:16783984: daddr:100932208
[  334.800186] AAAAA-TCP_FORW: name:enp0s3: saddr:100932208: daddr:16783984
[  334.830550] AAAAA-TCP_FORW: name:enp0s3: saddr:100932208: daddr:16783984
[  334.892581] AAAAA-TCP_FORW: name:enp0s3: saddr:100932208: daddr:16783984
[  334.935081] AAAAA-TCP_FORW: name:enp0s3: saddr:100932208: daddr:16783984
[  334.974102] AAAAA-TCP_FORW: name:enp0s3: saddr:16783984: daddr:100932208
[  335.008024] AAAAA-TCP_FORW: name:enp0s3: saddr:100932208: daddr:16783984
[  335.106995] AAAAA-TCP_FORW: name:enp0s3: saddr:16783984: daddr:100932208
[  335.180107] AAAAA-TCP_FORW: name:enp0s3: saddr:16783984: daddr:100932208
[  335.218042] AAAAA-TCP_FORW: name:enp0s3: saddr:16783984: daddr:100932208
[  335.230434] AAAAA-TCP_FORW: name:enp0s3: saddr:100932208: daddr:16783984
[  335.269113] AAAAA-TCP_FORW: name:enp0s3: saddr:16783984: daddr:100932208
[  335.321535] AAAAA-TCP_FORW: name:enp0s3: saddr:100932208: daddr:16783984
[  335.375163] AAAAA-TCP_FORW: name:enp0s3: saddr:100932208: daddr:16783984
[  335.413175] AAAAA-TCP_FORW: name:enp0s3: saddr:16783984: daddr:100932208
[  335.520305] AAAAA-TCP_FORW: name:enp0s3: saddr:100932208: daddr:16783984
[  335.586506] AAAAA-TCP_FORW: name:enp0s3: saddr:100932208: daddr:16783984
[  335.693157] AAAAA-TCP_FORW: name:enp0s3: saddr:16783984: daddr:100932208
[  335.753387] AAAAA-TCP_FORW: name:enp0s3: saddr:100932208: daddr:16783984
[  335.786376] AAAAA-TCP_FORW: name:enp0s3: saddr:16783984: daddr:100932208
[  335.850900] AAAAA-TCP_FORW: name:enp0s3: saddr:16783984: daddr:100932208
[  335.968715] AAAAA-TCP_FORW: name:enp0s3: saddr:100932208: daddr:16783984
[  336.042669] AAAAA-TCP_FORW: name:enp0s3: saddr:16783984: daddr:100932208
[  336.142861] AAAAA-TCP_FORW: name:enp0s3: saddr:16783984: daddr:100932208
[  336.166480] AAAAA-TCP_FORW: name:enp0s3: saddr:100932208: daddr:33561200
[  336.186378] AAAAA-TCP_FORW: name:enp0s3: saddr:100932208: daddr:33561200
[  336.212464] AAAAA-TCP_FORW: name:enp0s3: saddr:16783984: daddr:100932208
[  336.246395] AAAAA-TCP_FORW: name:enp0s3: saddr:100932208: daddr:33561200
[  336.287666] AAAAA-TCP_FORW: name:enp0s3: saddr:100932208: daddr:33561200
[  336.341211] AAAAA-TCP_FORW: name:enp0s3: saddr:16783984: daddr:100932208
[  336.493481] AAAAA-TCP_FORW: name:enp0s3: saddr:100932208: daddr:33561200
[  336.519602] AAAAA-TCP_FORW: name:enp0s3: saddr:100932208: daddr:33561200
[  336.545197] AAAAA-TCP_FORW: name:enp0s3: saddr:33561200: daddr:100932208
[  336.562169] AAAAA-TCP_FORW: name:enp0s3: saddr:100932208: daddr:33561200
[  336.580432] AAAAA-TCP_FORW: name:enp0s3: saddr:33561200: daddr:100932208
[  336.667660] AAAAA-TCP_FORW: name:enp0s3: saddr:33561200: daddr:100932208
[  336.694366] AAAAA-TCP_FORW: name:enp0s3: saddr:100932208: daddr:33561200
[  336.758952] AAAAA-TCP_FORW: name:enp0s3: saddr:33561200: daddr:100932208
[  336.805873] AAAAA-TCP_FORW: name:enp0s3: saddr:100932208: daddr:33561200
[  336.875048] AAAAA-TCP_FORW: name:enp0s3: saddr:33561200: daddr:100932208
[  336.909793] AAAAA-TCP_FORW: name:enp0s3: saddr:100932208: daddr:33561200
[  336.923765] AAAAA-TCP_FORW: name:enp0s3: saddr:33561200: daddr:100932208
[  337.003559] AAAAA-TCP_FORW: name:enp0s3: saddr:33561200: daddr:100932208
[  337.051128] AAAAA-TCP_FORW: name:enp0s3: saddr:100932208: daddr:33561200
[  337.152899] AAAAA-TCP_FORW: name:enp0s3: saddr:33561200: daddr:100932208
[  337.246265] AAAAA-TCP_FORW: name:enp0s3: saddr:100932208: daddr:33561200
[  337.279480] AAAAA-TCP_FORW: name:enp0s3: saddr:100932208: daddr:33561200
[  337.306897] AAAAA-TCP_FORW: name:enp0s3: saddr:100932208: daddr:33561200
[  337.313082] AAAAA-TCP_FORW: name:enp0s3: saddr:33561200: daddr:100932208
[  337.387875] AAAAA-TCP_FORW: name:enp0s3: saddr:33561200: daddr:100932208
[  337.402854] AAAAA-TCP_FORW: name:enp0s3: saddr:100932208: daddr:33561200
[  337.435491] AAAAA-TCP_FORW: name:enp0s3: saddr:100932208: daddr:33561200
[  337.476731] AAAAA-TCP_FORW: name:enp0s3: saddr:100932208: daddr:33561200
[  337.510439] AAAAA-TCP_FORW: name:enp0s3: saddr:100932208: daddr:33561200
[  337.522913] AAAAA-TCP_FORW: name:enp0s3: saddr:33561200: daddr:100932208
[  337.588538] AAAAA-TCP_FORW: name:enp0s3: saddr:100932208: daddr:33561200
[  337.616567] AAAAA-TCP_FORW: name:enp0s3: saddr:33561200: daddr:100932208
[  337.650853] AAAAA-TCP_FORW: name:enp0s3: saddr:100932208: daddr:33561200
[  337.655650] AAAAA-TCP_FORW: name:enp0s3: saddr:100932208: daddr:33561200
[  337.704629] AAAAA-TCP_FORW: name:enp0s3: saddr:100932208: daddr:16783984
[  337.713694] AAAAA-TCP_FORW: name:enp0s3: saddr:33561200: daddr:100932208
[  337.756005] AAAAA-TCP_FORW: name:enp0s3: saddr:33561200: daddr:100932208
[  337.820309] AAAAA-TCP_FORW: name:enp0s3: saddr:100932208: daddr:16783984
[  337.822927] AAAAA-TCP_FORW: name:enp0s3: saddr:100932208: daddr:16783984
[  337.971711] AAAAA-TCP_FORW: name:enp0s3: saddr:100932208: daddr:16783984
[  337.983882] AAAAA-TCP_FORW: name:enp0s3: saddr:33561200: daddr:100932208
[  338.016059] AAAAA-TCP_FORW: name:enp0s3: saddr:100932208: daddr:16783984
[  338.043384] AAAAA-TCP_FORW: name:enp0s3: saddr:33561200: daddr:100932208
[  338.077891] AAAAA-TCP_FORW: name:enp0s3: saddr:100932208: daddr:16783984
[  338.082657] AAAAA-TCP_FORW: name:enp0s3: saddr:100932208: daddr:16783984
[  338.085659] AAAAA-TCP_FORW: name:enp0s3: saddr:33561200: daddr:100932208
[  338.148902] AAAAA-TCP_FORW: name:enp0s3: saddr:33561200: daddr:100932208
[  338.228347] AAAAA-TCP_FORW: name:enp0s3: saddr:33561200: daddr:100932208
[  338.266948] AAAAA-TCP_FORW: name:enp0s3: saddr:100932208: daddr:16783984
[  338.331411] AAAAA-TCP_FORW: name:enp0s3: saddr:33561200: daddr:100932208
[  338.355303] AAAAA-TCP_FORW: name:enp0s3: saddr:100932208: daddr:16783984
[  338.373178] AAAAA-TCP_FORW: name:enp0s3: saddr:33561200: daddr:100932208
[  338.438877] AAAAA-TCP_FORW: name:enp0s3: saddr:16783984: daddr:100932208
[  338.450762] AAAAA-TCP_FORW: name:enp0s3: saddr:100932208: daddr:16783984
[  338.486215] AAAAA-TCP_FORW: name:enp0s3: saddr:100932208: daddr:16783984
[  338.581498] AAAAA-TCP_FORW: name:enp0s3: saddr:16783984: daddr:100932208
[  338.644288] AAAAA-TCP_FORW: name:enp0s3: saddr:16783984: daddr:100932208
[  338.686108] AAAAA-TCP_FORW: name:enp0s3: saddr:100932208: daddr:16783984
[  338.718029] AAAAA-TCP_FORW: name:enp0s3: saddr:100932208: daddr:16783984
[  338.733601] AAAAA-TCP_FORW: name:enp0s3: saddr:16783984: daddr:100932208
[  338.848405] AAAAA-TCP_FORW: name:enp0s3: saddr:100932208: daddr:16783984
[  338.952084] AAAAA-TCP_FORW: name:enp0s3: saddr:16783984: daddr:100932208
[  339.021782] AAAAA-TCP_FORW: name:enp0s3: saddr:100932208: daddr:16783984
[  339.145435] AAAAA-TCP_FORW: name:enp0s3: saddr:16783984: daddr:100932208
[  339.199004] AAAAA-TCP_FORW: name:enp0s3: saddr:16783984: daddr:100932208
[  339.285204] AAAAA-TCP_FORW: name:enp0s3: saddr:100932208: daddr:16783984
[  339.423020] AAAAA-TCP_FORW: name:enp0s3: saddr:16783984: daddr:100932208
[  339.515814] AAAAA-TCP_FORW: name:enp0s3: saddr:100932208: daddr:16783984
[  339.531391] AAAAA-TCP_FORW: name:enp0s3: saddr:16783984: daddr:100932208
[  339.602820] AAAAA-TCP_FORW: name:enp0s3: saddr:100932208: daddr:16783984
[  339.732257] AAAAA-TCP_FORW: name:enp0s3: saddr:16783984: daddr:100932208
[  339.781474] AAAAA-TCP_FORW: name:enp0s3: saddr:16783984: daddr:100932208
[  339.856817] AAAAA-TCP_FORW: name:enp0s3: saddr:100932208: daddr:16783984
[  339.859455] AAAAA-TCP_FORW: name:enp0s3: saddr:100932208: daddr:16783984
[  339.924267] AAAAA-TCP_FORW: name:enp0s3: saddr:100932208: daddr:16783984
[  339.954782] AAAAA-TCP_FORW: name:enp0s3: saddr:16783984: daddr:100932208
[  340.023625] AAAAA-TCP_FORW: name:enp0s3: saddr:16783984: daddr:100932208
[  340.062805] AAAAA-TCP_FORW: name:enp0s3: saddr:100932208: daddr:16783984
[  340.105850] AAAAA-TCP_FORW: name:enp0s3: saddr:100932208: daddr:16783984
[  340.149100] AAAAA-TCP_FORW: name:enp0s3: saddr:100932208: daddr:16783984
[  340.169551] AAAAA-TCP_FORW: name:enp0s3: saddr:16783984: daddr:100932208
[  340.210299] AAAAA-TCP_FORW: name:enp0s3: saddr:100932208: daddr:16783984
[  340.258826] AAAAA-TCP_FORW: name:enp0s3: saddr:16783984: daddr:100932208
[  340.325727] AAAAA-TCP_FORW: name:enp0s3: saddr:100932208: daddr:33561200
[  340.365349] AAAAA-TCP_FORW: name:enp0s3: saddr:100932208: daddr:33561200
[  340.403395] AAAAA-TCP_FORW: name:enp0s3: saddr:100932208: daddr:33561200
[  340.440117] AAAAA-TCP_FORW: name:enp0s3: saddr:16783984: daddr:100932208
[  340.550714] AAAAA-TCP_FORW: name:enp0s3: saddr:100932208: daddr:33561200
[  340.572318] AAAAA-TCP_FORW: name:enp0s3: saddr:16783984: daddr:100932208
[  340.591359] AAAAA-TCP_FORW: name:enp0s3: saddr:100932208: daddr:33561200
[  340.625191] AAAAA-TCP_FORW: name:enp0s3: saddr:100932208: daddr:33561200
[  340.648974] AAAAA-TCP_FORW: name:enp0s3: saddr:16783984: daddr:100932208
[  340.719923] AAAAA-TCP_FORW: name:enp0s3: saddr:100932208: daddr:33561200
[  340.767006] AAAAA-TCP_FORW: name:enp0s3: saddr:100932208: daddr:33561200
[  340.810745] AAAAA-TCP_FORW: name:enp0s3: saddr:100932208: daddr:33561200
[  340.915589] AAAAA-TCP_FORW: name:enp0s3: saddr:100932208: daddr:33561200
[  340.934162] AAAAA-TCP_FORW: name:enp0s3: saddr:16783984: daddr:100932208
[  340.979951] AAAAA-TCP_FORW: name:enp0s3: saddr:16783984: daddr:100932208
[  340.997032] AAAAA-TCP_FORW: name:enp0s3: saddr:100932208: daddr:33561200
[  341.042840] AAAAA-TCP_FORW: name:enp0s3: saddr:100932208: daddr:33561200
[  341.062415] AAAAA-TCP_FORW: name:enp0s3: saddr:16783984: daddr:100932208
[  341.110416] AAAAA-TCP_FORW: name:enp0s3: saddr:100932208: daddr:33561200
[  341.165325] AAAAA-TCP_FORW: name:enp0s3: saddr:16783984: daddr:100932208
[  341.178868] AAAAA-TCP_FORW: name:enp0s3: saddr:100932208: daddr:33561200
[  341.208086] AAAAA-TCP_FORW: name:enp0s3: saddr:100932208: daddr:33561200
[  341.272594] AAAAA-TCP_FORW: name:enp0s3: saddr:16783984: daddr:100932208
[  341.320789] AAAAA-TCP_FORW: name:enp0s3: saddr:16783984: daddr:100932208
[  341.357395] AAAAA-TCP_FORW: name:enp0s3: saddr:100932208: daddr:33561200
[  341.384179] AAAAA-TCP_FORW: name:enp0s3: saddr:16783984: daddr:100932208
[  341.416223] AAAAA-TCP_FORW: name:enp0s3: saddr:100932208: daddr:33561200
[  341.472840] AAAAA-TCP_FORW: name:enp0s3: saddr:33561200: daddr:100932208
[  341.594281] AAAAA-TCP_FORW: name:enp0s3: saddr:33561200: daddr:100932208
[  341.646155] AAAAA-TCP_FORW: name:enp0s3: saddr:100932208: daddr:33561200
[  341.675999] AAAAA-TCP_FORW: name:enp0s3: saddr:100932208: daddr:33561200
[  341.679705] AAAAA-TCP_FORW: name:enp0s3: saddr:33561200: daddr:100932208
[  341.770891] AAAAA-TCP_FORW: name:enp0s3: saddr:100932208: daddr:33561200
[  341.806015] AAAAA-TCP_FORW: name:enp0s3: saddr:33561200: daddr:100932208
[  341.898154] AAAAA-TCP_FORW: name:enp0s3: saddr:33561200: daddr:100932208
[  341.958523] AAAAA-TCP_FORW: name:enp0s3: saddr:33561200: daddr:100932208
[  342.070675] AAAAA-TCP_FORW: name:enp0s3: saddr:33561200: daddr:100932208
[  342.150226] AAAAA-TCP_FORW: name:enp0s3: saddr:33561200: daddr:100932208
[  342.217977] AAAAA-TCP_FORW: name:enp0s3: saddr:33561200: daddr:100932208
[  342.359667] AAAAA-TCP_FORW: name:enp0s3: saddr:33561200: daddr:100932208
[  342.494548] AAAAA-TCP_FORW: name:enp0s3: saddr:33561200: daddr:100932208
[  342.557856] AAAAA-TCP_FORW: name:enp0s3: saddr:33561200: daddr:100932208
[  342.782091] AAAAA-TCP_FORW: name:enp0s3: saddr:33561200: daddr:100932208
[  342.894922] AAAAA-TCP_FORW: name:enp0s3: saddr:33561200: daddr:100932208
[  342.923765] AAAAA-TCP_FORW: name:enp0s3: saddr:100932208: daddr:16783984
[  342.952065] AAAAA-TCP_FORW: name:enp0s3: saddr:33561200: daddr:100932208
[  343.163299] AAAAA-TCP_FORW: name:enp0s3: saddr:33561200: daddr:100932208
[  343.252062] AAAAA-TCP_FORW: name:enp0s3: saddr:33561200: daddr:100932208
[  343.267521] AAAAA-TCP_FORW: name:enp0s3: saddr:100932208: daddr:16783984
[  343.423363] AAAAA-TCP_FORW: name:enp0s3: saddr:33561200: daddr:100932208
[  343.465500] AAAAA-TCP_FORW: name:enp0s3: saddr:33561200: daddr:100932208
[  343.547562] AAAAA-TCP_FORW: name:enp0s3: saddr:33561200: daddr:100932208
[  343.674388] AAAAA-TCP_FORW: name:enp0s3: saddr:100932208: daddr:16783984
[  344.258866] AAAAA-TCP_FORW: name:enp0s3: saddr:16783984: daddr:100932208
[  344.412841] AAAAA-TCP_FORW: name:enp0s3: saddr:100932208: daddr:33561200
[  344.463173] AAAAA-TCP_FORW: name:enp0s3: saddr:16783984: daddr:100932208
[  344.519702] AAAAA-TCP_FORW: name:enp0s3: saddr:100932208: daddr:33561200
[  344.614696] AAAAA-TCP_FORW: name:enp0s3: saddr:16783984: daddr:100932208
[  344.646168] AAAAA-TCP_FORW: name:enp0s3: saddr:100932208: daddr:33561200
[  344.677986] AAAAA-TCP_FORW: name:enp0s3: saddr:100932208: daddr:33561200
[  344.759179] AAAAA-TCP_FORW: name:enp0s3: saddr:33561200: daddr:100932208
[  344.807643] AAAAA-TCP_FORW: name:enp0s3: saddr:100932208: daddr:33561200
[  344.845596] AAAAA-TCP_FORW: name:enp0s3: saddr:100932208: daddr:33561200
[  344.860319] AAAAA-TCP_FORW: name:enp0s3: saddr:33561200: daddr:100932208
[  344.963067] AAAAA-TCP_FORW: name:enp0s3: saddr:33561200: daddr:100932208
[  345.013823] AAAAA-TCP_FORW: name:enp0s3: saddr:33561200: daddr:100932208
[  345.114767] AAAAA-TCP_FORW: name:enp0s3: saddr:33561200: daddr:100932208
[  345.183921] AAAAA-TCP_FORW: name:enp0s3: saddr:33561200: daddr:100932208
[  367.029567] AAAAA-TCP_FORW: name:enp0s3: saddr:100932208: daddr:33561200
[  367.094410] AAAAA-TCP_FORW: name:enp0s3: saddr:33561200: daddr:100932208
[  367.116385] AAAAA-TCP_FORW: name:enp0s3: saddr:100932208: daddr:33561200
[  367.149345] AAAAA-TCP_FORW: name:enp0s3: saddr:100932208: daddr:33561200
[  367.216466] AAAAA-TCP_FORW: name:enp0s3: saddr:100932208: daddr:33561200
[  367.298778] AAAAA-TCP_FORW: name:enp0s3: saddr:33561200: daddr:100932208
[  367.323728] AAAAA-TCP_FORW: name:enp0s3: saddr:100932208: daddr:33561200
[  367.372672] AAAAA-TCP_FORW: name:enp0s3: saddr:33561200: daddr:100932208
[  367.436320] AAAAA-TCP_FORW: name:enp0s3: saddr:100932208: daddr:33561200
[  367.479444] AAAAA-TCP_FORW: name:enp0s3: saddr:100932208: daddr:33561200
[  367.502945] AAAAA-TCP_FORW: name:enp0s3: saddr:33561200: daddr:100932208
[  367.571752] AAAAA-TCP_FORW: name:enp0s3: saddr:100932208: daddr:33561200
[  367.656792] AAAAA-TCP_FORW: name:enp0s3: saddr:33561200: daddr:100932208
[  367.759582] AAAAA-TCP_FORW: name:enp0s3: saddr:100932208: daddr:33561200
[  367.794888] AAAAA-TCP_FORW: name:enp0s3: saddr:33561200: daddr:100932208
[  367.856750] AAAAA-TCP_FORW: name:enp0s3: saddr:33561200: daddr:100932208
[  367.878479] AAAAA-TCP_FORW: name:enp0s3: saddr:100932208: daddr:33561200
[  367.973110] AAAAA-TCP_FORW: name:enp0s3: saddr:100932208: daddr:33561200
[  368.026045] AAAAA-TCP_FORW: name:enp0s3: saddr:33561200: daddr:100932208
[  368.038123] AAAAA-TCP_FORW: name:enp0s3: saddr:100932208: daddr:33561200
[  368.079880] AAAAA-TCP_FORW: name:enp0s3: saddr:100932208: daddr:33561200
[  368.197149] AAAAA-TCP_FORW: name:enp0s3: saddr:33561200: daddr:100932208
[  368.264438] AAAAA-TCP_FORW: name:enp0s3: saddr:100932208: daddr:33561200
[  368.386869] AAAAA-TCP_FORW: name:enp0s3: saddr:100932208: daddr:33561200
[  368.448082] AAAAA-TCP_FORW: name:enp0s3: saddr:33561200: daddr:100932208
[  368.478576] AAAAA-TCP_FORW: name:enp0s3: saddr:100932208: daddr:33561200
[  368.533405] AAAAA-TCP_FORW: name:enp0s3: saddr:33561200: daddr:100932208
[  368.627449] AAAAA-TCP_FORW: name:enp0s3: saddr:33561200: daddr:100932208
[  368.692840] AAAAA-TCP_FORW: name:enp0s3: saddr:33561200: daddr:100932208
[  368.705580] AAAAA-TCP_FORW: name:enp0s3: saddr:100932208: daddr:33561200
[  368.766199] AAAAA-TCP_FORW: name:enp0s3: saddr:100932208: daddr:33561200
[  368.879451] AAAAA-TCP_FORW: name:enp0s3: saddr:33561200: daddr:100932208
[  368.927035] AAAAA-TCP_FORW: name:enp0s3: saddr:33561200: daddr:100932208
[  369.059988] AAAAA-TCP_FORW: name:enp0s3: saddr:100932208: daddr:33561200
[  369.087970] AAAAA-TCP_FORW: name:enp0s3: saddr:100932208: daddr:16783984
[  369.137893] AAAAA-TCP_FORW: name:enp0s3: saddr:100932208: daddr:16783984
[  369.202942] AAAAA-TCP_FORW: name:enp0s3: saddr:33561200: daddr:100932208
[  369.258187] AAAAA-TCP_FORW: name:enp0s3: saddr:100932208: daddr:16783984
[  369.468664] AAAAA-TCP_FORW: name:enp0s3: saddr:100932208: daddr:16783984
[  369.498677] AAAAA-TCP_FORW: name:enp0s3: saddr:100932208: daddr:16783984
[  369.543993] AAAAA-TCP_FORW: name:enp0s3: saddr:33561200: daddr:100932208
[  369.560569] AAAAA-TCP_FORW: name:enp0s3: saddr:100932208: daddr:16783984
[  369.630861] AAAAA-TCP_FORW: name:enp0s3: saddr:33561200: daddr:100932208
[  369.680069] AAAAA-TCP_FORW: name:enp0s3: saddr:100932208: daddr:16783984
[  369.782448] AAAAA-TCP_FORW: name:enp0s3: saddr:100932208: daddr:16783984
[  369.848574] AAAAA-TCP_FORW: name:enp0s3: saddr:100932208: daddr:16783984
[  369.962055] AAAAA-TCP_FORW: name:enp0s3: saddr:33561200: daddr:100932208
[  370.074453] AAAAA-TCP_FORW: name:enp0s3: saddr:16783984: daddr:100932208
[  370.136212] AAAAA-TCP_FORW: name:enp0s3: saddr:16783984: daddr:100932208
[  370.231841] AAAAA-TCP_FORW: name:enp0s3: saddr:100932208: daddr:16783984
[  370.252497] AAAAA-TCP_FORW: name:enp0s3: saddr:16783984: daddr:100932208
[  370.293058] AAAAA-TCP_FORW: name:enp0s3: saddr:100932208: daddr:16783984
[  370.383266] AAAAA-TCP_FORW: name:enp0s3: saddr:100932208: daddr:16783984
[  370.431029] AAAAA-TCP_FORW: name:enp0s3: saddr:16783984: daddr:100932208
[  370.493675] AAAAA-TCP_FORW: name:enp0s3: saddr:16783984: daddr:100932208
[  370.511510] AAAAA-TCP_FORW: name:enp0s3: saddr:100932208: daddr:16783984
[  370.558426] AAAAA-TCP_FORW: name:enp0s3: saddr:16783984: daddr:100932208
[  370.575813] AAAAA-TCP_FORW: name:enp0s3: saddr:100932208: daddr:16783984
[  370.618738] AAAAA-TCP_FORW: name:enp0s3: saddr:100932208: daddr:16783984
[  370.642203] AAAAA-TCP_FORW: name:enp0s3: saddr:16783984: daddr:100932208
[  370.667437] AAAAA-TCP_FORW: name:enp0s3: saddr:100932208: daddr:33561200
[  370.727478] AAAAA-TCP_FORW: name:enp0s3: saddr:100932208: daddr:33561200
[  370.764818] AAAAA-TCP_FORW: name:enp0s3: saddr:100932208: daddr:33561200
[  370.783351] AAAAA-TCP_FORW: name:enp0s3: saddr:16783984: daddr:100932208
[  370.839340] AAAAA-TCP_FORW: name:enp0s3: saddr:16783984: daddr:100932208
[  370.871450] AAAAA-TCP_FORW: name:enp0s3: saddr:100932208: daddr:33561200
[  370.965281] AAAAA-TCP_FORW: name:enp0s3: saddr:100932208: daddr:33561200
[  371.075203] AAAAA-TCP_FORW: name:enp0s3: saddr:100932208: daddr:33561200
[  371.155340] AAAAA-TCP_FORW: name:enp0s3: saddr:16783984: daddr:100932208
[  371.298504] AAAAA-TCP_FORW: name:enp0s3: saddr:16783984: daddr:100932208
[  371.319571] AAAAA-TCP_FORW: name:enp0s3: saddr:100932208: daddr:33561200
[  371.337703] AAAAA-TCP_FORW: name:enp0s3: saddr:100932208: daddr:33561200
[  371.358921] AAAAA-TCP_FORW: name:enp0s3: saddr:16783984: daddr:100932208
[  371.393335] AAAAA-TCP_FORW: name:enp0s3: saddr:100932208: daddr:33561200
[  371.535383] AAAAA-TCP_FORW: name:enp0s3: saddr:16783984: daddr:100932208
[  371.553198] AAAAA-TCP_FORW: name:enp0s3: saddr:100932208: daddr:33561200
[  371.625833] AAAAA-TCP_FORW: name:enp0s3: saddr:100932208: daddr:33561200
[  371.653287] AAAAA-TCP_FORW: name:enp0s3: saddr:100932208: daddr:16783984
[  371.669932] AAAAA-TCP_FORW: name:enp0s3: saddr:16783984: daddr:100932208
[  371.696845] AAAAA-TCP_FORW: name:enp0s3: saddr:100932208: daddr:33561200
[  371.699972] AAAAA-TCP_FORW: name:enp0s3: saddr:100932208: daddr:33561200
[  371.722521] AAAAA-TCP_FORW: name:enp0s3: saddr:16783984: daddr:100932208
[  371.822312] AAAAA-TCP_FORW: name:enp0s3: saddr:33561200: daddr:100932208
[  371.842629] AAAAA-TCP_FORW: name:enp0s3: saddr:100932208: daddr:33561200
[  371.872865] AAAAA-TCP_FORW: name:enp0s3: saddr:16783984: daddr:100932208
[  371.901603] AAAAA-TCP_FORW: name:enp0s3: saddr:16783984: daddr:100932208
[  371.915616] AAAAA-TCP_FORW: name:enp0s3: saddr:100932208: daddr:33561200
[  371.935437] AAAAA-TCP_FORW: name:enp0s3: saddr:33561200: daddr:100932208
[  371.971770] AAAAA-TCP_FORW: name:enp0s3: saddr:16783984: daddr:100932208
[  372.037735] AAAAA-TCP_FORW: name:enp0s3: saddr:33561200: daddr:100932208
[  372.080643] AAAAA-TCP_FORW: name:enp0s3: saddr:100932208: daddr:33561200
[  372.186777] AAAAA-TCP_FORW: name:enp0s3: saddr:33561200: daddr:100932208
[  372.195756] AAAAA-TCP_FORW: name:enp0s3: saddr:100932208: daddr:33561200
[  372.256511] AAAAA-TCP_FORW: name:enp0s3: saddr:33561200: daddr:100932208
[  372.273983] AAAAA-TCP_FORW: name:enp0s3: saddr:100932208: daddr:16783984
[  372.312817] AAAAA-TCP_FORW: name:enp0s3: saddr:33561200: daddr:100932208
[  372.343150] AAAAA-TCP_FORW: name:enp0s3: saddr:100932208: daddr:33561200
[  372.376728] AAAAA-TCP_FORW: name:enp0s3: saddr:100932208: daddr:33561200
[  372.422621] AAAAA-TCP_FORW: name:enp0s3: saddr:16783984: daddr:100932208
[  372.489126] AAAAA-TCP_FORW: name:enp0s3: saddr:33561200: daddr:100932208
[  372.557740] AAAAA-TCP_FORW: name:enp0s3: saddr:33561200: daddr:100932208
[  372.619315] AAAAA-TCP_FORW: name:enp0s3: saddr:33561200: daddr:100932208
[  372.628541] AAAAA-TCP_FORW: name:enp0s3: saddr:100932208: daddr:33561200
[  372.653609] AAAAA-TCP_FORW: name:enp0s3: saddr:100932208: daddr:33561200
[  372.784390] AAAAA-TCP_FORW: name:enp0s3: saddr:33561200: daddr:100932208
[  372.843472] AAAAA-TCP_FORW: name:enp0s3: saddr:16783984: daddr:100932208
[  372.868207] AAAAA-TCP_FORW: name:enp0s3: saddr:33561200: daddr:100932208
[  372.912428] AAAAA-TCP_FORW: name:enp0s3: saddr:16783984: daddr:100932208
[  372.927562] AAAAA-TCP_FORW: name:enp0s3: saddr:100932208: daddr:33561200
[  372.991337] AAAAA-TCP_FORW: name:enp0s3: saddr:33561200: daddr:100932208
[  373.044229] AAAAA-TCP_FORW: name:enp0s3: saddr:33561200: daddr:100932208
[  373.072173] AAAAA-TCP_FORW: name:enp0s3: saddr:100932208: daddr:33561200
[  373.116779] AAAAA-TCP_FORW: name:enp0s3: saddr:100932208: daddr:16783984
[  373.138163] AAAAA-TCP_FORW: name:enp0s3: saddr:100932208: daddr:33561200
[  373.218237] AAAAA-TCP_FORW: name:enp0s3: saddr:33561200: daddr:100932208
[  373.274933] AAAAA-TCP_FORW: name:enp0s3: saddr:100932208: daddr:33561200
[  373.340503] AAAAA-TCP_FORW: name:enp0s3: saddr:100932208: daddr:33561200
[  373.357019] AAAAA-TCP_FORW: name:enp0s3: saddr:33561200: daddr:100932208
[  373.441391] AAAAA-TCP_FORW: name:enp0s3: saddr:100932208: daddr:33561200
[  373.509335] AAAAA-TCP_FORW: name:enp0s3: saddr:16783984: daddr:100932208
[  373.534588] AAAAA-TCP_FORW: name:enp0s3: saddr:100932208: daddr:33561200
[  373.548463] AAAAA-TCP_FORW: name:enp0s3: saddr:33561200: daddr:100932208
[  373.692428] AAAAA-TCP_FORW: name:enp0s3: saddr:100932208: daddr:33561200
[  373.709446] AAAAA-TCP_FORW: name:enp0s3: saddr:33561200: daddr:100932208
[  373.732663] AAAAA-TCP_FORW: name:enp0s3: saddr:100932208: daddr:33561200
[  373.788609] AAAAA-TCP_FORW: name:enp0s3: saddr:16783984: daddr:100932208
[  373.916757] AAAAA-TCP_FORW: name:enp0s3: saddr:33561200: daddr:100932208
[  373.953349] AAAAA-TCP_FORW: name:enp0s3: saddr:100932208: daddr:33561200
[  373.990403] AAAAA-TCP_FORW: name:enp0s3: saddr:33561200: daddr:100932208
[  373.998047] AAAAA-TCP_FORW: name:enp0s3: saddr:100932208: daddr:33561200
[  374.037756] AAAAA-TCP_FORW: name:enp0s3: saddr:100932208: daddr:33561200
[  374.073743] AAAAA-TCP_FORW: name:enp0s3: saddr:100932208: daddr:16783984
[  374.263604] AAAAA-TCP_FORW: name:enp0s3: saddr:100932208: daddr:33561200
[  374.282382] AAAAA-TCP_FORW: name:enp0s3: saddr:33561200: daddr:100932208
[  374.352039] AAAAA-TCP_FORW: name:enp0s3: saddr:33561200: daddr:100932208
[  374.401240] AAAAA-TCP_FORW: name:enp0s3: saddr:100932208: daddr:33561200
[  374.439216] AAAAA-TCP_FORW: name:enp0s3: saddr:100932208: daddr:33561200
[  374.448787] AAAAA-TCP_FORW: name:enp0s3: saddr:100932208: daddr:33561200
[  374.524457] AAAAA-TCP_FORW: name:enp0s3: saddr:100932208: daddr:16783984
[  374.533665] AAAAA-TCP_FORW: name:enp0s3: saddr:16783984: daddr:100932208
[  374.573360] AAAAA-TCP_FORW: name:enp0s3: saddr:33561200: daddr:100932208
[  374.583256] AAAAA-TCP_FORW: name:enp0s3: saddr:100932208: daddr:16783984
[  374.623666] AAAAA-TCP_FORW: name:enp0s3: saddr:100932208: daddr:16783984
[  374.669062] AAAAA-TCP_FORW: name:enp0s3: saddr:100932208: daddr:16783984
[  374.688405] AAAAA-TCP_FORW: name:enp0s3: saddr:33561200: daddr:100932208
[  374.702521] AAAAA-TCP_FORW: name:enp0s3: saddr:100932208: daddr:16783984
[  374.778239] AAAAA-TCP_FORW: name:enp0s3: saddr:100932208: daddr:16783984
[  374.793097] AAAAA-TCP_FORW: name:enp0s3: saddr:33561200: daddr:100932208
[  374.882043] AAAAA-TCP_FORW: name:enp0s3: saddr:16783984: daddr:100932208
[  374.900302] AAAAA-TCP_FORW: name:enp0s3: saddr:100932208: daddr:16783984
[  374.925213] AAAAA-TCP_FORW: name:enp0s3: saddr:33561200: daddr:100932208
[  374.933209] AAAAA-TCP_FORW: name:enp0s3: saddr:100932208: daddr:16783984
[  374.990767] AAAAA-TCP_FORW: name:enp0s3: saddr:33561200: daddr:100932208
[  375.058589] AAAAA-TCP_FORW: name:enp0s3: saddr:33561200: daddr:100932208
[  375.104962] AAAAA-TCP_FORW: name:enp0s3: saddr:100932208: daddr:16783984
[  375.158605] AAAAA-TCP_FORW: name:enp0s3: saddr:100932208: daddr:16783984
[  375.185341] AAAAA-TCP_FORW: name:enp0s3: saddr:33561200: daddr:100932208
[  375.303896] AAAAA-TCP_FORW: name:enp0s3: saddr:100932208: daddr:16783984
[  375.378932] AAAAA-TCP_FORW: name:enp0s3: saddr:33561200: daddr:100932208
[  375.391338] AAAAA-TCP_FORW: name:enp0s3: saddr:100932208: daddr:16783984
[  375.404151] AAAAA-TCP_FORW: name:enp0s3: saddr:100932208: daddr:16783984
[  375.406754] AAAAA-TCP_FORW: name:enp0s3: saddr:100932208: daddr:16783984
[  375.510996] AAAAA-TCP_FORW: name:enp0s3: saddr:33561200: daddr:100932208
[  375.529114] AAAAA-TCP_FORW: name:enp0s3: saddr:100932208: daddr:16783984
[  375.582556] AAAAA-TCP_FORW: name:enp0s3: saddr:33561200: daddr:100932208
[  375.641418] AAAAA-TCP_FORW: name:enp0s3: saddr:100932208: daddr:16783984
[  375.670852] AAAAA-TCP_FORW: name:enp0s3: saddr:100932208: daddr:16783984
[  375.690886] AAAAA-TCP_FORW: name:enp0s3: saddr:33561200: daddr:100932208
[  375.709876] AAAAA-TCP_FORW: name:enp0s3: saddr:100932208: daddr:16783984
[  375.790036] AAAAA-TCP_FORW: name:enp0s3: saddr:16783984: daddr:100932208
[  375.814725] AAAAA-TCP_FORW: name:enp0s3: saddr:33561200: daddr:100932208
[  375.863863] AAAAA-TCP_FORW: name:enp0s3: saddr:33561200: daddr:100932208
[  375.890781] AAAAA-TCP_FORW: name:enp0s3: saddr:33561200: daddr:100932208
[  375.937300] AAAAA-TCP_FORW: name:enp0s3: saddr:16783984: daddr:100932208
[  375.968688] AAAAA-TCP_FORW: name:enp0s3: saddr:100932208: daddr:16783984
[  375.995672] AAAAA-TCP_FORW: name:enp0s3: saddr:33561200: daddr:100932208
[  376.010803] AAAAA-TCP_FORW: name:enp0s3: saddr:100932208: daddr:16783984
[  376.084395] AAAAA-TCP_FORW: name:enp0s3: saddr:33561200: daddr:100932208
[  376.102861] AAAAA-TCP_FORW: name:enp0s3: saddr:100932208: daddr:16783984
[  376.152567] AAAAA-TCP_FORW: name:enp0s3: saddr:33561200: daddr:100932208
[  376.207860] AAAAA-TCP_FORW: name:enp0s3: saddr:33561200: daddr:100932208
[  376.232352] AAAAA-TCP_FORW: name:enp0s3: saddr:100932208: daddr:16783984
[  376.262200] AAAAA-TCP_FORW: name:enp0s3: saddr:100932208: daddr:16783984
[  376.321571] AAAAA-TCP_FORW: name:enp0s3: saddr:100932208: daddr:16783984
[  376.490764] AAAAA-TCP_FORW: name:enp0s3: saddr:100932208: daddr:16783984
[  376.568718] AAAAA-TCP_FORW: name:enp0s3: saddr:100932208: daddr:16783984
[  376.602578] AAAAA-TCP_FORW: name:enp0s3: saddr:100932208: daddr:16783984
[  376.722639] AAAAA-TCP_FORW: name:enp0s3: saddr:100932208: daddr:33561200
[  376.807223] AAAAA-TCP_FORW: name:enp0s3: saddr:100932208: daddr:16783984
[  376.859230] AAAAA-TCP_FORW: name:enp0s3: saddr:100932208: daddr:16783984
[  377.103155] AAAAA-TCP_FORW: name:enp0s3: saddr:16783984: daddr:100932208
[  377.202133] AAAAA-TCP_FORW: name:enp0s3: saddr:100932208: daddr:16783984
[  377.349031] AAAAA-TCP_FORW: name:enp0s3: saddr:33561200: daddr:100932208
[  377.453654] AAAAA-TCP_FORW: name:enp0s3: saddr:100932208: daddr:16783984
[  377.992445] AAAAA-TCP_FORW: name:enp0s3: saddr:100932208: daddr:16783984
[  378.047345] AAAAA-TCP_FORW: name:enp0s3: saddr:33561200: daddr:100932208
[  378.125982] AAAAA-TCP_FORW: name:enp0s3: saddr:16783984: daddr:100932208
[  378.285867] AAAAA-TCP_FORW: name:enp0s3: saddr:100932208: daddr:16783984
[  378.357757] AAAAA-TCP_FORW: name:enp0s3: saddr:100932208: daddr:33561200
[  378.652721] AAAAA-TCP_FORW: name:enp0s3: saddr:100932208: daddr:33561200
[  378.659371] AAAAA-TCP_FORW: name:enp0s3: saddr:33561200: daddr:100932208
[  378.693883] AAAAA-TCP_FORW: name:enp0s3: saddr:100932208: daddr:16783984
[  378.857566] AAAAA-TCP_FORW: name:enp0s3: saddr:100932208: daddr:33561200
[  378.888244] AAAAA-TCP_FORW: name:enp0s3: saddr:100932208: daddr:33561200
[  378.965860] AAAAA-TCP_FORW: name:enp0s3: saddr:100932208: daddr:33561200
[  378.972951] AAAAA-TCP_FORW: name:enp0s3: saddr:33561200: daddr:100932208
[  379.014039] AAAAA-TCP_FORW: name:enp0s3: saddr:33561200: daddr:100932208
[  379.032889] AAAAA-TCP_FORW: name:enp0s3: saddr:100932208: daddr:16783984
[  379.124743] AAAAA-TCP_FORW: name:enp0s3: saddr:100932208: daddr:33561200
[  379.131516] AAAAA-TCP_FORW: name:enp0s3: saddr:33561200: daddr:100932208
[  379.213076] AAAAA-TCP_FORW: name:enp0s3: saddr:100932208: daddr:33561200
[  379.244014] AAAAA-TCP_FORW: name:enp0s3: saddr:100932208: daddr:33561200
[  379.261912] AAAAA-TCP_FORW: name:enp0s3: saddr:33561200: daddr:100932208
[  379.296313] AAAAA-TCP_FORW: name:enp0s3: saddr:100932208: daddr:33561200
[  379.309254] AAAAA-TCP_FORW: name:enp0s3: saddr:33561200: daddr:100932208
[  379.370391] AAAAA-TCP_FORW: name:enp0s3: saddr:33561200: daddr:100932208
[  379.468296] AAAAA-TCP_FORW: name:enp0s3: saddr:100932208: daddr:33561200
[  379.487638] AAAAA-TCP_FORW: name:enp0s3: saddr:16783984: daddr:100932208
[  379.586422] AAAAA-TCP_FORW: name:enp0s3: saddr:100932208: daddr:33561200
[  379.596002] AAAAA-TCP_FORW: name:enp0s3: saddr:33561200: daddr:100932208
[  379.668815] AAAAA-TCP_FORW: name:enp0s3: saddr:100932208: daddr:16783984
[  379.689292] AAAAA-TCP_FORW: name:enp0s3: saddr:16783984: daddr:100932208
[  379.718793] AAAAA-TCP_FORW: name:enp0s3: saddr:100932208: daddr:16783984
[  571.154796] rfkill: input handler enabled
[  580.158469] rfkill: input handler disabled
[  776.000471] device enp0s3 left promiscuous mode
