[    0.000000] Linux version 5.4.243-dmptcp (root@ztg) (gcc version 12.2.0 (Debian 12.2.0-14+deb12u1)) #119 SMP Wed Dec 24 23:52:51 CST 2025
[    0.000000] Command line: BOOT_IMAGE=/boot/vmlinuz-5.4.243-dmptcp root=UUID=98415a12-53b7-4144-8265-0f7ece09e445 ro quiet splash
[    0.000000] KERNEL supported cpus:
[    0.000000]   Intel GenuineIntel
[    0.000000]   AMD AuthenticAMD
[    0.000000]   Hygon HygonGenuine
[    0.000000]   Centaur CentaurHauls
[    0.000000]   zhaoxin   Shanghai  
[    0.000000] x86/fpu: Supporting XSAVE feature 0x001: 'x87 floating point registers'
[    0.000000] x86/fpu: Supporting XSAVE feature 0x002: 'SSE registers'
[    0.000000] x86/fpu: Supporting XSAVE feature 0x004: 'AVX registers'
[    0.000000] x86/fpu: xstate_offset[2]:  576, xstate_sizes[2]:  256
[    0.000000] x86/fpu: Enabled xstate features 0x7, context size is 832 bytes, using 'standard' format.
[    0.000000] BIOS-provided physical RAM map:
[    0.000000] BIOS-e820: [mem 0x0000000000000000-0x000000000009fbff] usable
[    0.000000] BIOS-e820: [mem 0x000000000009fc00-0x000000000009ffff] reserved
[    0.000000] BIOS-e820: [mem 0x00000000000f0000-0x00000000000fffff] reserved
[    0.000000] BIOS-e820: [mem 0x0000000000100000-0x000000007ffeffff] usable
[    0.000000] BIOS-e820: [mem 0x000000007fff0000-0x000000007fffffff] ACPI data
[    0.000000] BIOS-e820: [mem 0x00000000fec00000-0x00000000fec00fff] reserved
[    0.000000] BIOS-e820: [mem 0x00000000fee00000-0x00000000fee00fff] reserved
[    0.000000] BIOS-e820: [mem 0x00000000fffc0000-0x00000000ffffffff] reserved
[    0.000000] NX (Execute Disable) protection: active
[    0.000000] SMBIOS 2.5 present.
[    0.000000] DMI: innotek GmbH VirtualBox/VirtualBox, BIOS VirtualBox 12/01/2006
[    0.000000] Hypervisor detected: KVM
[    0.000000] kvm-clock: Using msrs 4b564d01 and 4b564d00
[    0.000000] kvm-clock: cpu 0, msr 48c01001, primary cpu clock
[    0.000000] kvm-clock: using sched offset of 4441292329 cycles
[    0.000003] clocksource: kvm-clock: mask: 0xffffffffffffffff max_cycles: 0x1cd42e4dffb, max_idle_ns: 881590591483 ns
[    0.000005] tsc: Detected 2100.000 MHz processor
[    0.001907] e820: update [mem 0x00000000-0x00000fff] usable ==> reserved
[    0.001909] e820: remove [mem 0x000a0000-0x000fffff] usable
[    0.001913] last_pfn = 0x7fff0 max_arch_pfn = 0x400000000
[    0.001981] MTRR default type: uncachable
[    0.001981] MTRR fixed ranges enabled:
[    0.001983]   00000-9FFFF write-back
[    0.001983]   A0000-BFFFF uncachable
[    0.001984]   C0000-FFFFF write-protect
[    0.001985] MTRR variable ranges enabled:
[    0.001986]   0 base 000000000000 mask 3FFF80000000 write-back
[    0.001987]   1 disabled
[    0.001987]   2 disabled
[    0.001988]   3 disabled
[    0.001988]   4 disabled
[    0.001989]   5 disabled
[    0.001989]   6 disabled
[    0.001989]   7 disabled
[    0.001990]   8 disabled
[    0.001990]   9 disabled
[    0.001991]   10 disabled
[    0.001991]   11 disabled
[    0.001992]   12 disabled
[    0.001992]   13 disabled
[    0.001992]   14 disabled
[    0.001993]   15 disabled
[    0.002010] x86/PAT: Configuration [0-7]: WB  WC  UC- UC  WB  WP  UC- WT  
[    0.002142] found SMP MP-table at [mem 0x0009fff0-0x0009ffff]
[    0.094235] check: Scanning 1 areas for low memory corruption
[    0.094430] RAMDISK: [mem 0x32271000-0x3512ffff]
[    0.094438] ACPI: Early table checksum verification disabled
[    0.094442] ACPI: RSDP 0x00000000000E0000 000024 (v02 VBOX  )
[    0.094446] ACPI: XSDT 0x000000007FFF0030 00003C (v01 VBOX   VBOXXSDT 00000001 ASL  00000061)
[    0.094453] ACPI: FACP 0x000000007FFF00F0 0000F4 (v04 VBOX   VBOXFACP 00000001 ASL  00000061)
[    0.094459] ACPI: DSDT 0x000000007FFF02E0 002353 (v02 VBOX   VBOXBIOS 00000002 VBOX 00029BF3)
[    0.094463] ACPI: FACS 0x000000007FFF0200 000040
[    0.094466] ACPI: FACS 0x000000007FFF0200 000040
[    0.094470] ACPI: APIC 0x000000007FFF0240 000054 (v02 VBOX   VBOXAPIC 00000001 ASL  00000061)
[    0.094473] ACPI: SSDT 0x000000007FFF02A0 000038 (v01 VBOX   VBOXCPUT 00000002 VBOX 00029BF3)
[    0.094476] ACPI: Reserving FACP table memory at [mem 0x7fff00f0-0x7fff01e3]
[    0.094477] ACPI: Reserving DSDT table memory at [mem 0x7fff02e0-0x7fff2632]
[    0.094478] ACPI: Reserving FACS table memory at [mem 0x7fff0200-0x7fff023f]
[    0.094479] ACPI: Reserving FACS table memory at [mem 0x7fff0200-0x7fff023f]
[    0.094479] ACPI: Reserving APIC table memory at [mem 0x7fff0240-0x7fff0293]
[    0.094480] ACPI: Reserving SSDT table memory at [mem 0x7fff02a0-0x7fff02d7]
[    0.094494] ACPI: Local APIC address 0xfee00000
[    0.094673] No NUMA configuration found
[    0.094674] Faking a node at [mem 0x0000000000000000-0x000000007ffeffff]
[    0.094684] NODE_DATA(0) allocated [mem 0x7ffc5000-0x7ffeffff]
[    0.095618] Zone ranges:
[    0.095619]   DMA      [mem 0x0000000000001000-0x0000000000ffffff]
[    0.095620]   DMA32    [mem 0x0000000001000000-0x000000007ffeffff]
[    0.095621]   Normal   empty
[    0.095622]   Device   empty
[    0.095623] Movable zone start for each node
[    0.095625] Early memory node ranges
[    0.095626]   node   0: [mem 0x0000000000001000-0x000000000009efff]
[    0.095627]   node   0: [mem 0x0000000000100000-0x000000007ffeffff]
[    0.096281] Zeroed struct page in unavailable ranges: 114 pages
[    0.096282] Initmem setup node 0 [mem 0x0000000000001000-0x000000007ffeffff]
[    0.096283] On node 0 totalpages: 524174
[    0.096285]   DMA zone: 64 pages used for memmap
[    0.096285]   DMA zone: 21 pages reserved
[    0.096286]   DMA zone: 3998 pages, LIFO batch:0
[    0.096360]   DMA32 zone: 8128 pages used for memmap
[    0.096360]   DMA32 zone: 520176 pages, LIFO batch:63
[    0.105191] ACPI: PM-Timer IO Port: 0x4008
[    0.105194] ACPI: Local APIC address 0xfee00000
[    0.105261] IOAPIC[0]: apic_id 1, version 32, address 0xfec00000, GSI 0-23
[    0.105265] ACPI: INT_SRC_OVR (bus 0 bus_irq 0 global_irq 2 dfl dfl)
[    0.105267] ACPI: INT_SRC_OVR (bus 0 bus_irq 9 global_irq 9 low level)
[    0.105269] ACPI: IRQ0 used by override.
[    0.105270] ACPI: IRQ9 used by override.
[    0.105272] Using ACPI (MADT) for SMP configuration information
[    0.105278] smpboot: Allowing 1 CPUs, 0 hotplug CPUs
[    0.105299] PM: Registered nosave memory: [mem 0x00000000-0x00000fff]
[    0.105301] PM: Registered nosave memory: [mem 0x0009f000-0x0009ffff]
[    0.105301] PM: Registered nosave memory: [mem 0x000a0000-0x000effff]
[    0.105302] PM: Registered nosave memory: [mem 0x000f0000-0x000fffff]
[    0.105303] [mem 0x80000000-0xfebfffff] available for PCI devices
[    0.105304] Booting paravirtualized kernel on KVM
[    0.105306] clocksource: refined-jiffies: mask: 0xffffffff max_cycles: 0xffffffff, max_idle_ns: 7645519600211568 ns
[    0.105311] setup_percpu: NR_CPUS:8192 nr_cpumask_bits:1 nr_cpu_ids:1 nr_node_ids:1
[    0.106120] percpu: Embedded 60 pages/cpu s208896 r8192 d28672 u2097152
[    0.106124] pcpu-alloc: s208896 r8192 d28672 u2097152 alloc=1*2097152
[    0.106125] pcpu-alloc: [0] 0 
[    0.106150] Built 1 zonelists, mobility grouping on.  Total pages: 515961
[    0.106151] Policy zone: DMA32
[    0.106152] Kernel command line: BOOT_IMAGE=/boot/vmlinuz-5.4.243-dmptcp root=UUID=98415a12-53b7-4144-8265-0f7ece09e445 ro quiet splash
[    0.106972] Dentry cache hash table entries: 262144 (order: 9, 2097152 bytes, linear)
[    0.107117] Inode-cache hash table entries: 131072 (order: 8, 1048576 bytes, linear)
[    0.107165] mem auto-init: stack:off, heap alloc:on, heap free:off
[    0.107167] Calgary: detecting Calgary via BIOS EBDA area
[    0.107168] Calgary: Unable to locate Rio Grande table in EBDA - bailing!
[    0.111162] Memory: 1967332K/2096696K available (14339K kernel code, 2399K rwdata, 4716K rodata, 2728K init, 17260K bss, 129364K reserved, 0K cma-reserved)
[    0.112081] SLUB: HWalign=64, Order=0-3, MinObjects=0, CPUs=1, Nodes=1
[    0.112096] ftrace: allocating 43203 entries in 169 pages
[    0.130108] rcu: Hierarchical RCU implementation.
[    0.130110] rcu: 	RCU restricting CPUs from NR_CPUS=8192 to nr_cpu_ids=1.
[    0.130111] 	Tasks RCU enabled.
[    0.130112] rcu: RCU calculated value of scheduler-enlistment delay is 25 jiffies.
[    0.130113] rcu: Adjusting geometry for rcu_fanout_leaf=16, nr_cpu_ids=1
[    0.133072] NR_IRQS: 524544, nr_irqs: 256, preallocated irqs: 16
[    0.133276] random: crng init done
[    0.142555] Console: colour VGA+ 80x25
[    0.142558] printk: console [tty0] enabled
[    0.142576] ACPI: Core revision 20190816
[    0.142667] APIC: Switch to symmetric I/O mode setup
[    0.142909] x2apic enabled
[    0.143147] Switched APIC routing to physical x2apic.
[    0.144271] ..TIMER: vector=0x30 apic1=0 pin1=2 apic2=-1 pin2=-1
[    0.144294] clocksource: tsc-early: mask: 0xffffffffffffffff max_cycles: 0x1e4530a99b6, max_idle_ns: 440795257976 ns
[    0.144299] Calibrating delay loop (skipped) preset value.. 4200.00 BogoMIPS (lpj=8400000)
[    0.144301] pid_max: default: 32768 minimum: 301
[    0.144328] LSM: Security Framework initializing
[    0.144337] Yama: becoming mindful.
[    0.144362] AppArmor: AppArmor initialized
[    0.144395] Mount-cache hash table entries: 4096 (order: 3, 32768 bytes, linear)
[    0.144399] Mountpoint-cache hash table entries: 4096 (order: 3, 32768 bytes, linear)
[    0.144409] *** VALIDATE tmpfs ***
[    0.144538] *** VALIDATE proc ***
[    0.144578] *** VALIDATE cgroup1 ***
[    0.144579] *** VALIDATE cgroup2 ***
[    0.144717] process: using mwait in idle threads
[    0.144722] Last level iTLB entries: 4KB 64, 2MB 8, 4MB 8
[    0.144722] Last level dTLB entries: 4KB 64, 2MB 0, 4MB 0, 1GB 4
[    0.144742] Spectre V1 : Mitigation: usercopy/swapgs barriers and __user pointer sanitization
[    0.144748] Spectre V2 : Mitigation: Retpolines
[    0.144748] Spectre V2 : Spectre v2 / SpectreRSB mitigation: Filling RSB on context switch
[    0.144749] Spectre V2 : Spectre v2 / SpectreRSB : Filling RSB on VMEXIT
[    0.144749] RETBleed: WARNING: Spectre v2 mitigation leaves CPU vulnerable to RETBleed attacks, data leaks possible!
[    0.145102] RETBleed: Vulnerable
[    0.145102] Speculative Store Bypass: Vulnerable
[    0.145107] TAA: Mitigation: TSX disabled
[    0.145108] MMIO Stale Data: Mitigation: Clear CPU buffers
[    0.149273] Freeing SMP alternatives memory: 40K
[    0.261531] smpboot: CPU0: Intel(R) Xeon(R) Silver 4216 CPU @ 2.10GHz (family: 0x6, model: 0x55, stepping: 0x7)
[    0.261628] Performance Events: unsupported p6 CPU model 85 no PMU driver, software events only.
[    0.261660] rcu: Hierarchical SRCU implementation.
[    0.262113] NMI watchdog: Perf NMI watchdog permanently disabled
[    0.262145] smp: Bringing up secondary CPUs ...
[    0.262146] smp: Brought up 1 node, 1 CPU
[    0.262147] smpboot: Max logical packages: 1
[    0.262148] smpboot: Total of 1 processors activated (4200.00 BogoMIPS)
[    0.263075] devtmpfs: initialized
[    0.263116] x86/mm: Memory block size: 128MB
[    0.263435] clocksource: jiffies: mask: 0xffffffff max_cycles: 0xffffffff, max_idle_ns: 7645041785100000 ns
[    0.263438] futex hash table entries: 256 (order: 2, 16384 bytes, linear)
[    0.263475] pinctrl core: initialized pinctrl subsystem
[    0.263568] PM: RTC time: 11:25:04, date: 2026-01-11
[    0.263665] NET: Registered protocol family 16
[    0.263736] audit: initializing netlink subsys (disabled)
[    0.263853] EISA bus registered
[    0.263854] cpuidle: using governor ladder
[    0.263855] cpuidle: using governor menu
[    0.263888] ACPI: bus type PCI registered
[    0.263890] acpiphp: ACPI Hot Plug PCI Controller Driver version: 0.5
[    0.263988] PCI: Using configuration type 1 for base access
[    0.264387] audit: type=2000 audit(1768101910.923:1): state=initialized audit_enabled=0 res=1
[    0.264458] HugeTLB registered 2.00 MiB page size, pre-allocated 0 pages
[    0.265222] ACPI: Added _OSI(Module Device)
[    0.265223] ACPI: Added _OSI(Processor Device)
[    0.265223] ACPI: Added _OSI(3.0 _SCP Extensions)
[    0.265224] ACPI: Added _OSI(Processor Aggregator Device)
[    0.265225] ACPI: Added _OSI(Linux-Dell-Video)
[    0.265226] ACPI: Added _OSI(Linux-Lenovo-NV-HDMI-Audio)
[    0.265227] ACPI: Added _OSI(Linux-HPI-Hybrid-Graphics)
[    0.267151] ACPI: 2 ACPI AML tables successfully acquired and loaded
[    0.268633] ACPI: Interpreter enabled
[    0.268642] ACPI: (supports S0 S5)
[    0.268643] ACPI: Using IOAPIC for interrupt routing
[    0.268847] PCI: Using host bridge windows from ACPI; if necessary, use "pci=nocrs" and report a bug
[    0.268949] ACPI: Enabled 2 GPEs in block 00 to 07
[    0.273708] ACPI: PCI Root Bridge [PCI0] (domain 0000 [bus 00-ff])
[    0.273713] acpi PNP0A03:00: _OSC: OS supports [ASPM ClockPM Segments MSI HPX-Type3]
[    0.274153] acpi PNP0A03:00: _OSC: not requesting OS control; OS requires [ExtendedConfig ASPM ClockPM MSI]
[    0.274161] acpi PNP0A03:00: fail to add MMCONFIG information, can't access extended PCI configuration space under this bridge.
[    0.274526] PCI host bridge to bus 0000:00
[    0.274528] pci_bus 0000:00: root bus resource [io  0x0000-0x0cf7 window]
[    0.274529] pci_bus 0000:00: root bus resource [io  0x0d00-0xffff window]
[    0.274530] pci_bus 0000:00: root bus resource [mem 0x000a0000-0x000bffff window]
[    0.274531] pci_bus 0000:00: root bus resource [mem 0x80000000-0xfdffffff window]
[    0.274533] pci_bus 0000:00: root bus resource [bus 00-ff]
[    0.274576] pci 0000:00:00.0: [8086:1237] type 00 class 0x060000
[    0.275502] pci 0000:00:01.0: [8086:7000] type 00 class 0x060100
[    0.276381] pci 0000:00:01.1: [8086:7111] type 00 class 0x01018a
[    0.276745] pci 0000:00:01.1: reg 0x20: [io  0xd000-0xd00f]
[    0.276895] pci 0000:00:01.1: legacy IDE quirk: reg 0x10: [io  0x01f0-0x01f7]
[    0.276896] pci 0000:00:01.1: legacy IDE quirk: reg 0x14: [io  0x03f6]
[    0.276897] pci 0000:00:01.1: legacy IDE quirk: reg 0x18: [io  0x0170-0x0177]
[    0.276898] pci 0000:00:01.1: legacy IDE quirk: reg 0x1c: [io  0x0376]
[    0.277428] pci 0000:00:02.0: [15ad:0405] type 00 class 0x030000
[    0.280375] pci 0000:00:02.0: reg 0x10: [io  0xd010-0xd01f]
[    0.283196] pci 0000:00:02.0: reg 0x14: [mem 0xe0000000-0xe7ffffff pref]
[    0.284343] pci 0000:00:02.0: reg 0x18: [mem 0xf0000000-0xf01fffff]
[    0.296930] pci 0000:00:03.0: [1022:2000] type 00 class 0x020000
[    0.297596] pci 0000:00:03.0: reg 0x10: [io  0xd020-0xd03f]
[    0.298198] pci 0000:00:03.0: reg 0x14: [mem 0xf0200000-0xf0200fff]
[    0.301625] pci 0000:00:04.0: [80ee:cafe] type 00 class 0x088000
[    0.302289] pci 0000:00:04.0: reg 0x10: [io  0xd040-0xd05f]
[    0.302896] pci 0000:00:04.0: reg 0x14: [mem 0xf0400000-0xf07fffff]
[    0.303503] pci 0000:00:04.0: reg 0x18: [mem 0xf0800000-0xf0803fff pref]
[    0.306768] pci 0000:00:07.0: [8086:7113] type 00 class 0x068000
[    0.307317] pci 0000:00:07.0: quirk: [io  0x4000-0x403f] claimed by PIIX4 ACPI
[    0.307327] pci 0000:00:07.0: quirk: [io  0x4100-0x410f] claimed by PIIX4 SMB
[    0.307915] pci 0000:00:08.0: [1022:2000] type 00 class 0x020000
[    0.308410] pci 0000:00:08.0: reg 0x10: [io  0xd060-0xd07f]
[    0.309016] pci 0000:00:08.0: reg 0x14: [mem 0xf0804000-0xf0804fff]
[    0.313087] pci 0000:00:09.0: [8086:100e] type 00 class 0x020000
[    0.313786] pci 0000:00:09.0: reg 0x10: [mem 0xf0820000-0xf083ffff]
[    0.314936] pci 0000:00:09.0: reg 0x18: [io  0xd080-0xd087]
[    0.325216] ACPI: PCI Interrupt Link [LNKA] (IRQs 5 9 10 *11)
[    0.325495] ACPI: PCI Interrupt Link [LNKB] (IRQs 5 9 *10 11)
[    0.325599] ACPI: PCI Interrupt Link [LNKC] (IRQs 5 *9 10 11)
[    0.325696] ACPI: PCI Interrupt Link [LNKD] (IRQs 5 9 10 *11)
[    0.325926] iommu: Default domain type: Translated 
[    0.325974] pci 0000:00:02.0: vgaarb: setting as boot VGA device
[    0.325976] pci 0000:00:02.0: vgaarb: VGA device added: decodes=io+mem,owns=io+mem,locks=none
[    0.325978] pci 0000:00:02.0: vgaarb: bridge control possible
[    0.325978] vgaarb: loaded
[    0.326167] SCSI subsystem initialized
[    0.326197] libata version 3.00 loaded.
[    0.326219] ACPI: bus type USB registered
[    0.326232] usbcore: registered new interface driver usbfs
[    0.326239] usbcore: registered new interface driver hub
[    0.326244] usbcore: registered new device driver usb
[    0.326266] pps_core: LinuxPPS API ver. 1 registered
[    0.326266] pps_core: Software ver. 5.3.6 - Copyright 2005-2007 Rodolfo Giometti <giometti@linux.it>
[    0.326272] PTP clock support registered
[    0.326306] EDAC MC: Ver: 3.0.0
[    0.326578] PCI: Using ACPI for IRQ routing
[    0.326579] PCI: pci_cache_line_size set to 64 bytes
[    0.326747] e820: reserve RAM buffer [mem 0x0009fc00-0x0009ffff]
[    0.326750] e820: reserve RAM buffer [mem 0x7fff0000-0x7fffffff]
[    0.328310] NetLabel: Initializing
[    0.328311] NetLabel:  domain hash size = 128
[    0.328311] NetLabel:  protocols = UNLABELED CIPSOv4 CALIPSO
[    0.328330] NetLabel:  unlabeled traffic allowed by default
[    0.329228] clocksource: Switched to clocksource kvm-clock
[    0.339088] *** VALIDATE bpf ***
[    0.339088] VFS: Disk quotas dquot_6.6.0
[    0.339088] VFS: Dquot-cache hash table entries: 512 (order 0, 4096 bytes)
[    0.339088] *** VALIDATE ramfs ***
[    0.339088] *** VALIDATE hugetlbfs ***
[    0.339088] AppArmor: AppArmor Filesystem Enabled
[    0.339088] pnp: PnP ACPI init
[    0.339088] pnp 00:00: Plug and Play ACPI device, IDs PNP0303 (active)
[    0.342758] pnp 00:01: Plug and Play ACPI device, IDs PNP0f03 (active)
[    0.343540] pnp: PnP ACPI: found 2 devices
[    0.344483] thermal_sys: Registered thermal governor 'fair_share'
[    0.344484] thermal_sys: Registered thermal governor 'bang_bang'
[    0.344485] thermal_sys: Registered thermal governor 'step_wise'
[    0.344485] thermal_sys: Registered thermal governor 'user_space'
[    0.344486] thermal_sys: Registered thermal governor 'power_allocator'
[    0.348997] clocksource: acpi_pm: mask: 0xffffff max_cycles: 0xffffff, max_idle_ns: 2085701024 ns
[    0.349036] pci_bus 0000:00: resource 4 [io  0x0000-0x0cf7 window]
[    0.349037] pci_bus 0000:00: resource 5 [io  0x0d00-0xffff window]
[    0.349038] pci_bus 0000:00: resource 6 [mem 0x000a0000-0x000bffff window]
[    0.349039] pci_bus 0000:00: resource 7 [mem 0x80000000-0xfdffffff window]
[    0.349094] NET: Registered protocol family 2
[    0.349164] IP idents hash table entries: 32768 (order: 6, 262144 bytes, linear)
[    0.349547] MPTCP tokens hash table entries: 8192 (order: 4, 65536 bytes, linear)
[    0.349569] MPTCP request tokens hash table entries: 8192 (order: 4, 65536 bytes, linear)
[    0.349594] default registered
[    0.349594] default registered
[    0.349594] MPTCP: Stable release v0.96
[    0.349599] tcp_listen_portaddr_hash hash table entries: 1024 (order: 2, 16384 bytes, linear)
[    0.349673] TCP established hash table entries: 16384 (order: 5, 131072 bytes, linear)
[    0.349736] TCP bind hash table entries: 16384 (order: 6, 262144 bytes, linear)
[    0.349762] TCP: Hash tables configured (established 16384 bind 16384)
[    0.350465] UDP hash table entries: 1024 (order: 3, 32768 bytes, linear)
[    0.350477] UDP-Lite hash table entries: 1024 (order: 3, 32768 bytes, linear)
[    0.350509] NET: Registered protocol family 1
[    0.350519] NET: Registered protocol family 44
[    0.350539] pci 0000:00:00.0: Limiting direct PCI/PCI transfers
[    0.350551] pci 0000:00:01.0: Activating ISA DMA hang workarounds
[    0.350604] pci 0000:00:02.0: Video device with shadowed ROM at [mem 0x000c0000-0x000dffff]
[    0.350664] PCI: CLS 0 bytes, default 64
[    0.350706] Trying to unpack rootfs image as initramfs...
[    0.516100] Freeing initrd memory: 47868K
[    0.516100] clocksource: tsc: mask: 0xffffffffffffffff max_cycles: 0x1e4530a99b6, max_idle_ns: 440795257976 ns
[    0.516100] clocksource: Switched to clocksource tsc
[    0.516100] platform rtc_cmos: registered platform RTC device (no PNP device found)
[    0.516100] check: Scanning for low memory corruption every 60 seconds
[    0.516100] Initialise system trusted keyrings
[    0.516100] Key type blacklist registered
[    0.516100] workingset: timestamp_bits=36 max_order=19 bucket_order=0
[    0.516100] zbud: loaded
[    0.516100] squashfs: version 4.0 (2009/01/31) Phillip Lougher
[    0.516100] fuse: init (API version 7.31)
[    0.516100] *** VALIDATE fuse ***
[    0.516100] *** VALIDATE fuse ***
[    0.516100] Platform Keyring initialized
[    0.530732] Key type asymmetric registered
[    0.530733] Asymmetric key parser 'x509' registered
[    0.530743] Block layer SCSI generic (bsg) driver version 0.4 loaded (major 244)
[    0.530785] io scheduler mq-deadline registered
[    0.530902] shpchp: Standard Hot Plug PCI Controller Driver version: 0.4
[    0.531113] ACPI: AC Adapter [AC] (on-line)
[    0.531157] input: Power Button as /devices/LNXSYSTM:00/LNXPWRBN:00/input/input0
[    0.531184] ACPI: Power Button [PWRF]
[    0.531264] input: Sleep Button as /devices/LNXSYSTM:00/LNXSLPBN:00/input/input1
[    0.531277] ACPI: Sleep Button [SLPF]
[    0.531497] Serial: 8250/16550 driver, 32 ports, IRQ sharing enabled
[    0.532638] Linux agpgart interface v0.103
[    0.623139] loop: module loaded
[    0.623305] ata_piix 0000:00:01.1: version 2.13
[    0.623692] scsi host0: ata_piix
[    0.623774] scsi host1: ata_piix
[    0.623800] ata1: PATA max UDMA/33 cmd 0x1f0 ctl 0x3f6 bmdma 0xd000 irq 14
[    0.623801] ata2: PATA max UDMA/33 cmd 0x170 ctl 0x376 bmdma 0xd008 irq 15
[    0.623874] tun: Universal TUN/TAP device driver, 1.6
[    0.624189] PPP generic driver version 2.4.2
[    0.624233] VFIO - User Level meta-driver version: 0.3
[    0.624466] ehci_hcd: USB 2.0 'Enhanced' Host Controller (EHCI) Driver
[    0.624469] ehci-pci: EHCI PCI platform driver
[    0.624481] ehci-platform: EHCI generic platform driver
[    0.624486] ohci_hcd: USB 1.1 'Open' Host Controller (OHCI) Driver
[    0.624488] ohci-pci: OHCI PCI platform driver
[    0.624493] ohci-platform: OHCI generic platform driver
[    0.624497] uhci_hcd: USB Universal Host Controller Interface driver
[    0.624556] i8042: PNP: PS/2 Controller [PNP0303:PS2K,PNP0f03:PS2M] at 0x60,0x64 irq 1,12
[    0.624986] serio: i8042 KBD port at 0x60,0x64 irq 1
[    0.624989] serio: i8042 AUX port at 0x60,0x64 irq 12
[    0.625070] mousedev: PS/2 mouse device common for all mice
[    0.625316] input: AT Translated Set 2 keyboard as /devices/platform/i8042/serio0/input/input2
[    0.625705] rtc_cmos rtc_cmos: registered as rtc0
[    0.625717] rtc_cmos rtc_cmos: alarms up to one day, 114 bytes nvram
[    0.625722] i2c /dev entries driver
[    0.625762] device-mapper: uevent: version 1.0.3
[    0.625800] device-mapper: ioctl: 4.41.0-ioctl (2019-09-16) initialised: dm-devel@redhat.com
[    0.625819] platform eisa.0: Probing EISA bus 0
[    0.625821] platform eisa.0: EISA: Cannot allocate resource for mainboard
[    0.625822] platform eisa.0: Cannot allocate resource for EISA slot 1
[    0.625823] platform eisa.0: Cannot allocate resource for EISA slot 2
[    0.625824] platform eisa.0: Cannot allocate resource for EISA slot 3
[    0.625825] platform eisa.0: Cannot allocate resource for EISA slot 4
[    0.625826] platform eisa.0: Cannot allocate resource for EISA slot 5
[    0.625826] platform eisa.0: Cannot allocate resource for EISA slot 6
[    0.625827] platform eisa.0: Cannot allocate resource for EISA slot 7
[    0.625828] platform eisa.0: Cannot allocate resource for EISA slot 8
[    0.625829] platform eisa.0: EISA: Detected 0 cards
[    0.625832] intel_pstate: CPU model not supported
[    0.625841] ledtrig-cpu: registered to indicate activity on CPUs
[    0.625884] drop_monitor: Initializing network drop monitor service
[    0.626039] NET: Registered protocol family 10
[    0.627070] Segment Routing with IPv6
[    0.627070] fullmesh registered
[    0.627070] ndiffports registered
[    0.627070] binder registered
[    0.627070] roundrobin registered
[    0.627070] mps registered
[    0.627070] redundant registered
[    0.627070] blest registered
[    0.627070] ecf registered
[    0.627070] NET: Registered protocol family 17
[    0.627070] Key type dns_resolver registered
[    0.627070] RAS: Correctable Errors collector initialized.
[    0.627070] IPI shorthand broadcast: enabled
[    0.627070] sched_clock: Marking stable (612040421, 11030044)->(623219996, -149531)
[    0.631235] registered taskstats version 1
[    0.631244] Loading compiled-in X.509 certificates
[    0.631836] Loaded X.509 cert 'Build time autogenerated kernel key: 6909f3744cebb3d0de528d5887b96a727de79b1e'
[    0.631851] zswap: loaded using pool lzo/zbud
[    0.631900] Key type ._fscrypt registered
[    0.631901] Key type .fscrypt registered
[    0.636317] Key type big_key registered
[    0.638480] Key type encrypted registered
[    0.638482] AppArmor: AppArmor sha1 policy hashing enabled
[    0.638488] ima: No TPM chip found, activating TPM-bypass!
[    0.638492] ima: Allocated hash algorithm: sha1
[    0.638499] ima: No architecture policies found
[    0.638507] evm: Initialising EVM extended attributes:
[    0.638508] evm: security.selinux
[    0.638508] evm: security.SMACK64
[    0.638509] evm: security.SMACK64EXEC
[    0.638509] evm: security.SMACK64TRANSMUTE
[    0.638510] evm: security.SMACK64MMAP
[    0.638510] evm: security.apparmor
[    0.638511] evm: security.ima
[    0.638511] evm: security.capability
[    0.638512] evm: HMAC attrs: 0x1
[    0.638798] PM:   Magic number: 10:335:428
[    0.638899] rtc_cmos rtc_cmos: setting system clock to 2026-01-11T11:25:05 UTC (1768130705)
[    0.795099] ata1.00: ATA-6: VBOX HARDDISK, 1.0, max UDMA/133
[    0.795101] ata1.00: 209715200 sectors, multi 128: LBA 
[    0.795596] scsi 0:0:0:0: Direct-Access     ATA      VBOX HARDDISK    1.0  PQ: 0 ANSI: 5
[    0.795742] sd 0:0:0:0: Attached scsi generic sg0 type 0
[    0.795812] sd 0:0:0:0: [sda] 209715200 512-byte logical blocks: (107 GB/100 GiB)
[    0.795821] sd 0:0:0:0: [sda] Write Protect is off
[    0.795823] sd 0:0:0:0: [sda] Mode Sense: 00 3a 00 00
[    0.795836] sd 0:0:0:0: [sda] Write cache: enabled, read cache: enabled, doesn't support DPO or FUA
[    0.796897]  sda: sda1 sda2
[    0.807176] sd 0:0:0:0: [sda] Attached SCSI disk
[    0.809448] Freeing unused decrypted memory: 2040K
[    0.810209] Freeing unused kernel image memory: 2728K
[    0.810211] Write protecting the kernel read-only data: 22528k
[    0.810975] Freeing unused kernel image memory: 2036K
[    0.811420] Freeing unused kernel image memory: 1428K
[    0.828824] x86/mm: Checked W+X mappings: passed, no W+X pages found.
[    0.828827] Run /init as init process
[    0.935759] ACPI: Video Device [GFX0] (multi-head: yes  rom: no  post: no)
[    0.935826] input: Video Bus as /devices/LNXSYSTM:00/LNXSYBUS:00/PNP0A03:00/LNXVIDEO:00/input/input4
[    0.947166] pcnet32: pcnet32.c:v1.35 21.Apr.2008 tsbogend@alpha.franken.de
[    0.948828] piix4_smbus 0000:00:07.0: SMBus Host Controller at 0x4100, revision 0
[    0.952570] e1000: Intel(R) PRO/1000 Network Driver - version 7.3.21-k8-NAPI
[    0.952570] e1000: Copyright (c) 1999-2006 Intel Corporation.
[    0.958598] pcnet32: PCnet/FAST III 79C973 at 0xd020, 08:00:27:e6:49:73 assigned IRQ 19
[    0.958641] pcnet32: Found PHY 0022:561b at address 0
[    0.958955] pcnet32: eth0: registered as PCnet/FAST III 79C973
[    0.968300] pcnet32: PCnet/FAST III 79C973 at 0xd060, 08:00:27:4c:08:59 assigned IRQ 16
[    0.968342] pcnet32: Found PHY 0022:561b at address 0
[    0.968634] pcnet32: eth1: registered as PCnet/FAST III 79C973
[    0.968655] pcnet32: 2 cards_found
[    1.036537] pcnet32 0000:00:03.0 enp0s3: renamed from eth0
[    1.039021] pcnet32 0000:00:08.0 enp0s8: renamed from eth1
[    1.168874] input: ImExPS/2 Generic Explorer Mouse as /devices/platform/i8042/serio1/input/input5
[    1.363377] e1000 0000:00:09.0 eth0: (PCI:33MHz:32-bit) 08:00:27:2c:a0:5b
[    1.363381] e1000 0000:00:09.0 eth0: Intel(R) PRO/1000 Network Connection
[    1.364332] e1000 0000:00:09.0 enp0s9: renamed from eth0
[    1.507152] EXT4-fs (sda2): mounted filesystem with ordered data mode. Opts: (null)
[    1.595391] systemd[1]: Inserted module 'autofs4'
[    1.607619] systemd[1]: systemd 245.4-4ubuntu3 running in system mode. (+PAM +AUDIT +SELINUX +IMA +APPARMOR +SMACK +SYSVINIT +UTMP +LIBCRYPTSETUP +GCRYPT +GNUTLS +ACL +XZ +LZ4 +SECCOMP +BLKID +ELFUTILS +KMOD +IDN2 -IDN +PCRE2 default-hierarchy=hybrid)
[    1.607643] systemd[1]: Detected virtualization oracle.
[    1.607647] systemd[1]: Detected architecture x86-64.
[    1.608924] systemd[1]: Set hostname to <ztg>.
[    1.731350] systemd[1]: /lib/systemd/system/dbus.socket:5: ListenStream= references a path below legacy directory /var/run/, updating /var/run/dbus/system_bus_socket â†’ /run/dbus/system_bus_socket; please update the unit file accordingly.
[    1.785201] systemd[1]: Created slice system-modprobe.slice.
[    1.785386] systemd[1]: Created slice User and Session Slice.
[    1.785427] systemd[1]: Started Forward Password Requests to Wall Directory Watch.
[    1.785573] systemd[1]: Set up automount Arbitrary Executable File Formats File System Automount Point.
[    1.785604] systemd[1]: Reached target User and Group Name Lookups.
[    1.785612] systemd[1]: Reached target Remote File Systems.
[    1.785620] systemd[1]: Reached target Slices.
[    1.786167] systemd[1]: Listening on Syslog Socket.
[    1.786233] systemd[1]: Listening on fsck to fsckd communication Socket.
[    1.786269] systemd[1]: Listening on initctl Compatibility Named Pipe.
[    1.786397] systemd[1]: Listening on Journal Audit Socket.
[    1.786450] systemd[1]: Listening on Journal Socket (/dev/log).
[    1.786515] systemd[1]: Listening on Journal Socket.
[    1.786575] systemd[1]: Listening on udev Control Socket.
[    1.786614] systemd[1]: Listening on udev Kernel Socket.
[    1.787337] systemd[1]: Mounting Huge Pages File System...
[    1.788207] systemd[1]: Mounting POSIX Message Queue File System...
[    1.789015] systemd[1]: Mounting Kernel Debug File System...
[    1.789798] systemd[1]: Mounting Kernel Trace File System...
[    1.791659] systemd[1]: Starting Journal Service...
[    1.813443] systemd[1]: Starting Set the console keyboard layout...
[    1.821515] systemd[1]: Starting Create list of static device nodes for the current kernel...
[    1.823520] systemd[1]: Starting Load Kernel Module drm...
[    1.824614] systemd[1]: Condition check resulted in Set Up Additional Binary Formats being skipped.
[    1.824655] systemd[1]: Condition check resulted in File System Check on Root Device being skipped.
[    1.835854] systemd[1]: Starting Load Kernel Modules...
[    1.843465] systemd[1]: Starting Remount Root and Kernel File Systems...
[    1.852255] systemd[1]: Starting udev Coldplug all Devices...
[    1.865083] EXT4-fs (sda2): re-mounted. Opts: errors=remount-ro
[    1.865263] systemd[1]: Starting Uncomplicated firewall...
[    1.866694] systemd[1]: Mounted Huge Pages File System.
[    1.866773] systemd[1]: Mounted POSIX Message Queue File System.
[    1.866840] systemd[1]: Mounted Kernel Debug File System.
[    1.866902] systemd[1]: Mounted Kernel Trace File System.
[    1.900147] systemd[1]: Finished Create list of static device nodes for the current kernel.
[    1.900443] systemd[1]: modprobe@drm.service: Succeeded.
[    1.900802] systemd[1]: Finished Load Kernel Module drm.
[    1.901356] systemd[1]: Finished Remount Root and Kernel File Systems.
[    1.907285] systemd[1]: Finished Uncomplicated firewall.
[    1.909393] lp: driver loaded but no devices found
[    1.910597] systemd[1]: Condition check resulted in Rebuild Hardware Database being skipped.
[    1.910635] systemd[1]: Condition check resulted in Platform Persistent Storage Archival being skipped.
[    1.915601] systemd[1]: Starting Load/Save Random Seed...
[    1.922490] systemd[1]: Starting Create System Users...
[    1.934421] ppdev: user-space parallel port driver
[    1.945709] systemd[1]: Finished Load/Save Random Seed.
[    1.955190] systemd[1]: Finished Create System Users.
[    1.955885] systemd[1]: Starting Create Static Device Nodes in /dev...
[    1.999992] systemd[1]: Finished Create Static Device Nodes in /dev.
[    2.000704] systemd[1]: Starting udev Kernel Device Manager...
[    2.010611] systemd[1]: Finished udev Coldplug all Devices.
[    2.010831] [drm] DMA map mode: Caching DMA mappings.
[    2.010893] [drm] Capabilities:
[    2.010893] [drm]   Rect copy.
[    2.010894] [drm]   Cursor.
[    2.010894] [drm]   Cursor bypass.
[    2.010894] [drm]   Cursor bypass 2.
[    2.010895] [drm]   Alpha cursor.
[    2.010895] [drm]   Extended Fifo.
[    2.010895] [drm]   Pitchlock.
[    2.010896] [drm]   Irq mask.
[    2.010896] [drm]   GMR.
[    2.010896] [drm]   Traces.
[    2.010897] [drm]   GMR2.
[    2.010897] [drm]   Screen Object 2.
[    2.010897] [drm]   Command Buffers.
[    2.010898] [drm]   Command Buffers 2.
[    2.010898] [drm]   Guest Backed Resources.
[    2.010899] [drm] Max GMR ids is 8192
[    2.010900] [drm] Max number of GMR pages is 1048576
[    2.010900] [drm] Max dedicated hypervisor surface memory is 393216 kiB
[    2.010901] [drm] Maximum display memory size is 131072 kiB
[    2.010902] [drm] VRAM at 0xe0000000 size is 131072 kiB
[    2.010902] [drm] MMIO at 0xf0000000 size is 2048 kiB
[    2.011019] [TTM] Zone  kernel: Available graphics memory: 1011736 KiB
[    2.011019] [TTM] Initializing pool allocator
[    2.011022] [TTM] Initializing DMA pool allocator
[    2.011049] [drm] Supports vblank timestamp caching Rev 2 (21.10.2013).
[    2.011049] [drm] No driver support for vblank timestamp query.
[    2.011293] [drm] Screen Target Display device initialized
[    2.011526] [drm] width 720
[    2.011535] [drm] height 400
[    2.011538] [drm] bpp 32
[    2.012033] [drm] Fifo max 0x00200000 min 0x00001000 cap 0x00000355
[    2.013076] [drm] Using command buffers with DMA pool.
[    2.013080] [drm] DX: no.
[    2.013080] [drm] Atomic: yes.
[    2.013081] [drm] SM4_1: no.
[    2.013099] [drm:vmw_host_log [vmwgfx]] *ERROR* Failed to send host log message.
[    2.013995] [drm:vmw_host_log [vmwgfx]] *ERROR* Failed to send host log message.
[    2.039019] fbcon: svgadrmfb (fb0) is primary device
[    2.069547] Console: switching to colour frame buffer device 100x37
[    2.078656] [drm] Initialized vmwgfx 2.15.0 20180704 for 0000:00:02.0 on minor 0
[    2.079522] systemd[1]: Finished Load Kernel Modules.
[    2.080359] systemd[1]: Mounting FUSE Control File System...
[    2.081463] systemd[1]: Mounting Kernel Configuration File System...
[    2.090832] systemd[1]: Starting Apply Kernel Variables...
[    2.112826] systemd[1]: Finished Set the console keyboard layout.
[    2.113496] systemd[1]: Mounted FUSE Control File System.
[    2.113561] systemd[1]: Reached target Local File Systems (Pre).
[    2.113580] systemd[1]: Condition check resulted in VMware vmblock fuse mount being skipped.
[    2.122085] systemd[1]: Mounting Mount unit for bare, revision 5...
[    2.130382] systemd[1]: Mounting Mount unit for core18, revision 1705...
[    2.157338] systemd[1]: Mounting Mount unit for core22, revision 2193...
[    2.160768] systemd[1]: Mounting Mount unit for gnome-3-34-1804, revision 24...
[    2.164596] systemd[1]: Mounting Mount unit for gnome-42-2204, revision 226...
[    2.172633] systemd[1]: Mounting Mount unit for gtk-common-themes, revision 1506...
[    2.174741] systemd[1]: Mounting Mount unit for gtk-common-themes, revision 1535...
[    2.182724] systemd[1]: Mounting Mount unit for snap-store, revision 1216...
[    2.208646] systemd[1]: Mounting Mount unit for snap-store, revision 433...
[    2.218247] systemd[1]: Mounting Mount unit for snapd, revision 25577...
[    2.228278] systemd[1]: Started udev Kernel Device Manager.
[    2.228383] systemd[1]: Mounted Kernel Configuration File System.
[    2.234551] systemd[1]: Finished Apply Kernel Variables.
[    2.234685] systemd[1]: Mounted Mount unit for bare, revision 5.
[    2.234763] systemd[1]: Mounted Mount unit for core18, revision 1705.
[    2.234833] systemd[1]: Mounted Mount unit for core22, revision 2193.
[    2.234900] systemd[1]: Mounted Mount unit for gnome-3-34-1804, revision 24.
[    2.242780] systemd[1]: Starting Show Plymouth Boot Screen...
[    2.251034] systemd[1]: Received SIGRTMIN+20 from PID 283 (plymouthd).
[    2.274834] systemd[1]: Started Show Plymouth Boot Screen.
[    2.274968] systemd[1]: Condition check resulted in Dispatch Password Requests to Console Directory Watch being skipped.
[    2.275056] systemd[1]: Started Forward Password Requests to Plymouth Directory Watch.
[    2.275087] systemd[1]: Reached target Local Encrypted Volumes.
[    2.341493] systemd[1]: Mounted Mount unit for gnome-42-2204, revision 226.
[    2.341745] systemd[1]: Mounted Mount unit for snapd, revision 25577.
[    2.372140] systemd[1]: Mounted Mount unit for gtk-common-themes, revision 1506.
[    2.372277] systemd[1]: Mounted Mount unit for snap-store, revision 1216.
[    2.435795] systemd[1]: Mounted Mount unit for gtk-common-themes, revision 1535.
[    2.485598] systemd[1]: Mounted Mount unit for snap-store, revision 433.
[    2.485791] systemd[1]: Reached target Local File Systems.
[    2.486651] systemd[1]: Starting Load AppArmor profiles...
[    2.502082] systemd[1]: Starting Set console font and keymap...
[    2.514988] systemd[1]: Starting Tell Plymouth To Write Out Runtime Data...
[    2.517268] systemd[1]: Condition check resulted in Store a System Token in an EFI Variable being skipped.
[    2.517331] systemd[1]: Condition check resulted in Commit a transient machine-id on disk being skipped.
[    2.521146] systemd[1]: Finished Set console font and keymap.
[    2.528813] systemd[1]: Received SIGRTMIN+20 from PID 283 (plymouthd).
[    2.530198] systemd[1]: plymouth-read-write.service: Succeeded.
[    2.530435] systemd[1]: Finished Tell Plymouth To Write Out Runtime Data.
[    2.546003] audit: type=1400 audit(1768130707.404:2): apparmor="STATUS" operation="profile_load" profile="unconfined" name="nvidia_modprobe" pid=306 comm="apparmor_parser"
[    2.546005] audit: type=1400 audit(1768130707.404:3): apparmor="STATUS" operation="profile_load" profile="unconfined" name="nvidia_modprobe//kmod" pid=306 comm="apparmor_parser"
[    2.558332] audit: type=1400 audit(1768130707.416:4): apparmor="STATUS" operation="profile_load" profile="unconfined" name="/usr/sbin/tcpdump" pid=307 comm="apparmor_parser"
[    2.601739] audit: type=1400 audit(1768130707.452:5): apparmor="STATUS" operation="profile_load" profile="unconfined" name="/usr/bin/evince" pid=309 comm="apparmor_parser"
[    2.601741] audit: type=1400 audit(1768130707.452:6): apparmor="STATUS" operation="profile_load" profile="unconfined" name="/usr/bin/evince//sanitized_helper" pid=309 comm="apparmor_parser"
[    2.601743] audit: type=1400 audit(1768130707.452:7): apparmor="STATUS" operation="profile_load" profile="unconfined" name="/usr/bin/evince-previewer" pid=309 comm="apparmor_parser"
[    2.601744] audit: type=1400 audit(1768130707.452:8): apparmor="STATUS" operation="profile_load" profile="unconfined" name="/usr/bin/evince-previewer//sanitized_helper" pid=309 comm="apparmor_parser"
[    2.601746] audit: type=1400 audit(1768130707.452:9): apparmor="STATUS" operation="profile_load" profile="unconfined" name="/usr/bin/evince-thumbnailer" pid=309 comm="apparmor_parser"
[    2.631183] audit: type=1400 audit(1768130707.488:10): apparmor="STATUS" operation="profile_load" profile="unconfined" name="/usr/lib/cups/backend/cups-pdf" pid=310 comm="apparmor_parser"
[    2.692979] systemd[1]: Finished Load AppArmor profiles.
[    2.693816] systemd[1]: Starting Load AppArmor profiles managed internally by snapd...
[    2.773388] systemd[1]: Started Journal Service.
[    2.782379] systemd-journald[229]: Received client request to flush runtime journal.
[    2.786528] systemd-journald[229]: File /var/log/journal/c455b248004a419c87ce85eea238d727/system.journal corrupted or uncleanly shut down, renaming and replacing.
[    4.070056] RAPL PMU: API unit is 2^-32 Joules, 0 fixed counters, 10737418240 ms ovfl timer
[    4.149677] cryptd: max_cpu_qlen set to 1000
[    4.197092] AVX2 version of gcm_enc/dec engaged.
[    4.197093] AES CTR mode by8 optimization enabled
[    6.141895] Adding 1998844k swap on /dev/sda1.  Priority:-2 extents:1 across:1998844k FS
[    6.748115] AAAAA: Error looking up destination IP: 369098976 - net/ipv4/ip_output.c: 285: dac_mps_nexthops
[    6.848751] AAAAA: Error looking up destination IP: 4211081440 - net/ipv4/ip_output.c: 285: dac_mps_nexthops
[    7.108121] AAAAA: Error looking up destination IP: 4211081440 - net/ipv4/ip_output.c: 285: dac_mps_nexthops
[    7.230860] AAAAA: Error looking up destination IP: 369098976 - net/ipv4/ip_output.c: 285: dac_mps_nexthops
[    7.353927] AAAAA: Error looking up destination IP: 4211081440 - net/ipv4/ip_output.c: 285: dac_mps_nexthops
[    7.563197] AAAAA: Error looking up destination IP: 4211081440 - net/ipv4/ip_output.c: 285: dac_mps_nexthops
[    7.953556] kauditd_printk_skb: 31 callbacks suppressed
[    7.953568] audit: type=1400 audit(1768130712.808:42): apparmor="DENIED" operation="capable" profile="/usr/sbin/cups-browsed" pid=575 comm="cups-browsed" capability=23  capname="sys_nice"
[    8.056789] AAAAA: Error looking up destination IP: 4211081440 - net/ipv4/ip_output.c: 285: dac_mps_nexthops
[    8.624506] AAAAA: Error looking up destination IP: 4211081440 - net/ipv4/ip_output.c: 285: dac_mps_nexthops
[    8.666155] pcnet32 0000:00:03.0 enp0s3: link up, 100Mbps, full-duplex
[    8.687757] pcnet32 0000:00:08.0 enp0s8: link up, 100Mbps, full-duplex
[    8.718888] e1000: enp0s9 NIC Link is Up 1000 Mbps Full Duplex, Flow Control: RX
[    8.719215] IPv6: ADDRCONF(NETDEV_CHANGE): enp0s9: link becomes ready
[    9.229663] device enp0s8 entered promiscuous mode
[    9.253297] device enp0s3 entered promiscuous mode
[    9.281664] audit: type=1400 audit(1768130714.140:43): apparmor="DENIED" operation="open" profile="/usr/sbin/tcpdump" name="/proc/sys/kernel/random/boot_id" pid=723 comm="tcpdump" requested_mask="r" denied_mask="r" fsuid=0 ouid=0
[    9.282153] audit: type=1400 audit(1768130714.140:44): apparmor="DENIED" operation="open" profile="/usr/sbin/tcpdump" name="/proc/sys/kernel/random/boot_id" pid=724 comm="tcpdump" requested_mask="r" denied_mask="r" fsuid=0 ouid=0
[    9.282417] audit: type=1400 audit(1768130714.140:45): apparmor="DENIED" operation="open" profile="/usr/sbin/tcpdump" name="/proc/sys/kernel/random/boot_id" pid=723 comm="tcpdump" requested_mask="r" denied_mask="r" fsuid=0 ouid=0
[    9.282456] audit: type=1400 audit(1768130714.140:46): apparmor="DENIED" operation="open" profile="/usr/sbin/tcpdump" name="/proc/sys/kernel/random/boot_id" pid=723 comm="tcpdump" requested_mask="r" denied_mask="r" fsuid=0 ouid=0
[    9.282573] audit: type=1400 audit(1768130714.140:47): apparmor="DENIED" operation="open" profile="/usr/sbin/tcpdump" name="/proc/sys/kernel/random/boot_id" pid=723 comm="tcpdump" requested_mask="r" denied_mask="r" fsuid=0 ouid=0
[    9.282654] audit: type=1400 audit(1768130714.140:48): apparmor="DENIED" operation="open" profile="/usr/sbin/tcpdump" name="/proc/sys/kernel/random/boot_id" pid=724 comm="tcpdump" requested_mask="r" denied_mask="r" fsuid=0 ouid=0
[    9.284568] audit: type=1400 audit(1768130714.144:49): apparmor="DENIED" operation="open" profile="/usr/sbin/tcpdump" name="/proc/sys/kernel/random/boot_id" pid=724 comm="tcpdump" requested_mask="r" denied_mask="r" fsuid=0 ouid=0
[    9.284954] audit: type=1400 audit(1768130714.144:50): apparmor="DENIED" operation="open" profile="/usr/sbin/tcpdump" name="/proc/sys/kernel/random/boot_id" pid=724 comm="tcpdump" requested_mask="r" denied_mask="r" fsuid=0 ouid=0
[    9.292573] audit: type=1400 audit(1768130714.152:51): apparmor="DENIED" operation="open" profile="/usr/sbin/tcpdump" name="/proc/sys/kernel/random/boot_id" pid=726 comm="tcpdump" requested_mask="r" denied_mask="r" fsuid=0 ouid=0
[   15.220752] rfkill: input handler disabled
[  245.354782] AAAAA-TCP_RECV: name:enp0s3: saddr:100932208: daddr:16783984: srtt_us:0: RTT:0: ssthresh:2147483647: cwnd:10: delivered:0: lost:0: retrans:0: loseo:0: stage:0: conn:0: RTT6:0: RTT7:0: delta:0
[  245.354814] AAAAA-TCP_SEND: name:enp0s3: saddr:16783984: daddr:100932208: srtt_us:0: RTT:0: ssthresh:0: cwnd:0: delivered:0: lost:0: retrans:0: loseo:0: stage:0: conn:0: RTT6:0: RTT7:0: delta:0
[  245.905991] AAAAA-TCP_SEND: name:enp0s3: saddr:16783984: daddr:100932208: srtt_us:4409280: RTT:551160: ssthresh:2147483647: cwnd:10: delivered:1: lost:0: retrans:0: loseo:0: stage:0: conn:0: RTT6:0: RTT7:0: delta:0
[  246.204495] AAAAA-TCP_RECV: name:enp0s3: saddr:100932208: daddr:16783984: srtt_us:4409280: RTT:551160: ssthresh:2147483647: cwnd:10: delivered:1: lost:0: retrans:0: loseo:0: stage:0: conn:0: RTT6:0: RTT7:0: delta:0
[  246.204537] AAAAA-TCP_SEND: name:enp0s3: saddr:16783984: daddr:100932208: srtt_us:4409280: RTT:551160: ssthresh:2147483647: cwnd:10: delivered:1: lost:0: retrans:0: loseo:0: stage:0: conn:0: RTT6:0: RTT7:0: delta:0
[  246.204685] AAAAA-TCP_SEND: name:enp0s3: saddr:16783984: daddr:100932208: srtt_us:4409280: RTT:551160: ssthresh:2147483647: cwnd:10: delivered:1: lost:0: retrans:0: loseo:0: stage:0: conn:0: RTT6:0: RTT7:0: delta:0
[  247.203432] AAAAA-TCP_RECV: name:enp0s3: saddr:100932208: daddr:16783984: srtt_us:4409280: RTT:551160: ssthresh:2147483647: cwnd:10: delivered:1: lost:0: retrans:0: loseo:0: stage:0: conn:0: RTT6:0: RTT7:0: delta:0
[  247.311088] AAAAA-TCP_RECV: name:enp0s3: saddr:100932208: daddr:16783984: srtt_us:4409280: RTT:551160: ssthresh:2147483647: cwnd:10: delivered:1: lost:0: retrans:0: loseo:0: stage:0: conn:0: RTT6:0: RTT7:0: delta:0
[  247.325333] AAAAA-TCP_RECV: name:enp0s3: saddr:100932208: daddr:16783984: srtt_us:4964542: RTT:620567: ssthresh:2147483647: cwnd:10: delivered:2: lost:0: retrans:0: loseo:0: stage:0: conn:0: RTT6:0: RTT7:0: delta:0
[  247.325361] AAAAA-TCP_SEND: name:enp0s3: saddr:16783984: daddr:100932208: srtt_us:4964542: RTT:620567: ssthresh:2147483647: cwnd:10: delivered:2: lost:0: retrans:0: loseo:0: stage:0: conn:0: RTT6:0: RTT7:0: delta:0
[  247.534150] AAAAA-TCP_RECV: name:enp0s3: saddr:100932208: daddr:16783984: srtt_us:4964542: RTT:620567: ssthresh:2147483647: cwnd:10: delivered:2: lost:0: retrans:0: loseo:0: stage:0: conn:0: RTT6:0: RTT7:0: delta:0
[  247.534195] AAAAA-TCP_SEND: name:enp0s3: saddr:16783984: daddr:100932208: srtt_us:4964542: RTT:620567: ssthresh:2147483647: cwnd:10: delivered:2: lost:0: retrans:0: loseo:0: stage:0: conn:0: RTT6:0: RTT7:0: delta:0
[  247.534516] AAAAA-TCP_SEND: name:enp0s3: saddr:16783984: daddr:100932208: srtt_us:4964542: RTT:620567: ssthresh:2147483647: cwnd:10: delivered:2: lost:0: retrans:0: loseo:0: stage:0: conn:0: RTT6:0: RTT7:0: delta:0
[  247.644640] AAAAA-TCP_RECV: name:enp0s3: saddr:100932208: daddr:16783984: srtt_us:4964542: RTT:620567: ssthresh:2147483647: cwnd:10: delivered:2: lost:0: retrans:0: loseo:0: stage:0: conn:0: RTT6:0: RTT7:0: delta:0
[  247.705712] AAAAA-TCP_RECV: name:enp0s3: saddr:100932208: daddr:16783984: srtt_us:0: RTT:0: ssthresh:2147483647: cwnd:10: delivered:0: lost:0: retrans:0: loseo:0: stage:0: conn:0: RTT6:0: RTT7:0: delta:0
[  247.705744] AAAAA-TCP_SEND: name:enp0s3: saddr:16783984: daddr:100932208: srtt_us:0: RTT:0: ssthresh:0: cwnd:0: delivered:0: lost:0: retrans:0: loseo:0: stage:0: conn:0: RTT6:0: RTT7:0: delta:0
[  247.831933] AAAAA-TCP_SEND: name:enp0s3: saddr:16783984: daddr:100932208: srtt_us:1009400: RTT:126175: ssthresh:2147483647: cwnd:10: delivered:1: lost:0: retrans:0: loseo:0: stage:0: conn:0: RTT6:0: RTT7:0: delta:0
[  247.922307] AAAAA-TCP_RECV: name:enp0s3: saddr:100932208: daddr:16783984: srtt_us:1009400: RTT:126175: ssthresh:2147483647: cwnd:10: delivered:1: lost:0: retrans:0: loseo:0: stage:0: conn:0: RTT6:0: RTT7:0: delta:0
[  247.922348] AAAAA-TCP_SEND: name:enp0s3: saddr:16783984: daddr:100932208: srtt_us:1009400: RTT:126175: ssthresh:2147483647: cwnd:10: delivered:1: lost:0: retrans:0: loseo:0: stage:0: conn:0: RTT6:0: RTT7:0: delta:0
[  247.923717] AAAAA-TCP_SEND: name:enp0s3: saddr:16783984: daddr:100932208: srtt_us:4454120: RTT:556765: ssthresh:2147483647: cwnd:10: delivered:3: lost:0: retrans:0: loseo:0: stage:0: conn:0: RTT6:0: RTT7:0: delta:0
[  248.036831] AAAAA-TCP_RECV: name:enp0s3: saddr:100932208: daddr:33561200: srtt_us:0: RTT:0: ssthresh:2147483647: cwnd:10: delivered:0: lost:0: retrans:0: loseo:0: stage:0: conn:0: RTT6:0: RTT7:0: delta:0
[  248.036867] AAAAA-TCP_SEND: name:enp0s3: saddr:33561200: daddr:100932208: srtt_us:0: RTT:0: ssthresh:0: cwnd:0: delivered:0: lost:0: retrans:0: loseo:0: stage:0: conn:0: RTT6:0: RTT7:0: delta:0
[  248.266392] AAAAA-TCP_RECV: name:enp0s3: saddr:100932208: daddr:16783984: srtt_us:4454120: RTT:556765: ssthresh:2147483647: cwnd:10: delivered:3: lost:0: retrans:0: loseo:0: stage:0: conn:0: RTT6:0: RTT7:0: delta:0
[  248.266426] AAAAA-TCP_SEND: name:enp0s3: saddr:16783984: daddr:100932208: srtt_us:4454120: RTT:556765: ssthresh:2147483647: cwnd:10: delivered:3: lost:0: retrans:0: loseo:0: stage:0: conn:0: RTT6:0: RTT7:0: delta:0
[  248.405346] AAAAA-TCP_SEND: name:enp0s3: saddr:33561200: daddr:100932208: srtt_us:2947736: RTT:368467: ssthresh:2147483647: cwnd:10: delivered:1: lost:0: retrans:0: loseo:0: stage:0: conn:0: RTT6:0: RTT7:0: delta:0
[  248.662980] AAAAA-TCP_RECV: name:enp0s3: saddr:100932208: daddr:16783984: srtt_us:4240064: RTT:530008: ssthresh:2147483647: cwnd:10: delivered:4: lost:0: retrans:0: loseo:0: stage:0: conn:0: RTT6:0: RTT7:0: delta:0
[  248.777873] AAAAA-TCP_RECV: name:enp0s3: saddr:100932208: daddr:16783984: srtt_us:1009400: RTT:126175: ssthresh:2147483647: cwnd:10: delivered:1: lost:0: retrans:0: loseo:0: stage:0: conn:0: RTT6:0: RTT7:0: delta:0
[  248.777910] AAAAA-TCP_SEND: name:enp0s3: saddr:16783984: daddr:100932208: srtt_us:1009400: RTT:126175: ssthresh:2147483647: cwnd:10: delivered:1: lost:0: retrans:0: loseo:0: stage:0: conn:0: RTT6:0: RTT7:0: delta:0
[  248.884014] AAAAA-TCP_RECV: name:enp0s3: saddr:100932208: daddr:16783984: srtt_us:1009400: RTT:126175: ssthresh:2147483647: cwnd:10: delivered:1: lost:0: retrans:0: loseo:0: stage:0: conn:0: RTT6:0: RTT7:0: delta:0
[  248.884046] AAAAA-TCP_SEND: name:enp0s3: saddr:16783984: daddr:100932208: srtt_us:1009400: RTT:126175: ssthresh:2147483647: cwnd:10: delivered:1: lost:0: retrans:0: loseo:0: stage:0: conn:0: RTT6:0: RTT7:0: delta:0
[  248.950503] AAAAA-TCP_RECV: name:enp0s3: saddr:100932208: daddr:16783984: srtt_us:1009400: RTT:126175: ssthresh:2147483647: cwnd:10: delivered:1: lost:0: retrans:0: loseo:0: stage:0: conn:0: RTT6:0: RTT7:0: delta:0
[  248.950535] AAAAA-TCP_SEND: name:enp0s3: saddr:16783984: daddr:100932208: srtt_us:1009400: RTT:126175: ssthresh:2147483647: cwnd:10: delivered:1: lost:0: retrans:0: loseo:0: stage:0: conn:0: RTT6:0: RTT7:0: delta:0
[  249.048193] AAAAA-TCP_RECV: name:enp0s3: saddr:100932208: daddr:16783984: srtt_us:1009400: RTT:126175: ssthresh:2147483647: cwnd:10: delivered:1: lost:0: retrans:0: loseo:0: stage:0: conn:0: RTT6:0: RTT7:0: delta:0
[  249.048236] AAAAA-TCP_SEND: name:enp0s3: saddr:16783984: daddr:100932208: srtt_us:1009400: RTT:126175: ssthresh:2147483647: cwnd:10: delivered:1: lost:0: retrans:0: loseo:0: stage:0: conn:0: RTT6:0: RTT7:0: delta:0
[  249.155418] AAAAA-TCP_RECV: name:enp0s3: saddr:100932208: daddr:16783984: srtt_us:1009400: RTT:126175: ssthresh:2147483647: cwnd:10: delivered:1: lost:0: retrans:0: loseo:0: stage:0: conn:0: RTT6:0: RTT7:0: delta:0
[  249.155459] AAAAA-TCP_SEND: name:enp0s3: saddr:16783984: daddr:100932208: srtt_us:1009400: RTT:126175: ssthresh:2147483647: cwnd:10: delivered:1: lost:0: retrans:0: loseo:0: stage:0: conn:0: RTT6:0: RTT7:0: delta:0
[  249.194518] AAAAA-TCP_RECV: name:enp0s3: saddr:100932208: daddr:16783984: srtt_us:1009400: RTT:126175: ssthresh:2147483647: cwnd:10: delivered:1: lost:0: retrans:0: loseo:0: stage:0: conn:0: RTT6:0: RTT7:0: delta:0
[  249.194551] AAAAA-TCP_SEND: name:enp0s3: saddr:16783984: daddr:100932208: srtt_us:1009400: RTT:126175: ssthresh:2147483647: cwnd:10: delivered:1: lost:0: retrans:0: loseo:0: stage:0: conn:0: RTT6:0: RTT7:0: delta:0
[  249.265397] AAAAA-TCP_RECV: name:enp0s3: saddr:100932208: daddr:16783984: srtt_us:1009400: RTT:126175: ssthresh:2147483647: cwnd:10: delivered:1: lost:0: retrans:0: loseo:0: stage:0: conn:0: RTT6:0: RTT7:0: delta:0
[  249.265424] AAAAA-TCP_SEND: name:enp0s3: saddr:16783984: daddr:100932208: srtt_us:1009400: RTT:126175: ssthresh:2147483647: cwnd:10: delivered:1: lost:0: retrans:0: loseo:0: stage:0: conn:0: RTT6:0: RTT7:0: delta:0
[  249.371670] AAAAA-TCP_RECV: name:enp0s3: saddr:100932208: daddr:16783984: srtt_us:1009400: RTT:126175: ssthresh:2147483647: cwnd:10: delivered:1: lost:0: retrans:0: loseo:0: stage:0: conn:0: RTT6:0: RTT7:0: delta:0
[  249.371696] AAAAA-TCP_SEND: name:enp0s3: saddr:16783984: daddr:100932208: srtt_us:1009400: RTT:126175: ssthresh:2147483647: cwnd:10: delivered:1: lost:0: retrans:0: loseo:0: stage:0: conn:0: RTT6:0: RTT7:0: delta:0
[  249.452554] AAAAA-TCP_RECV: name:enp0s3: saddr:100932208: daddr:16783984: srtt_us:1009400: RTT:126175: ssthresh:2147483647: cwnd:10: delivered:1: lost:0: retrans:0: loseo:0: stage:0: conn:0: RTT6:0: RTT7:0: delta:0
[  249.452583] AAAAA-TCP_SEND: name:enp0s3: saddr:16783984: daddr:100932208: srtt_us:1009400: RTT:126175: ssthresh:2147483647: cwnd:10: delivered:1: lost:0: retrans:0: loseo:0: stage:0: conn:0: RTT6:0: RTT7:0: delta:0
[  249.619101] AAAAA-TCP_RECV: name:enp0s3: saddr:100932208: daddr:16783984: srtt_us:1009400: RTT:126175: ssthresh:2147483647: cwnd:10: delivered:1: lost:0: retrans:0: loseo:0: stage:0: conn:0: RTT6:0: RTT7:0: delta:0
[  249.619132] AAAAA-TCP_SEND: name:enp0s3: saddr:16783984: daddr:100932208: srtt_us:1009400: RTT:126175: ssthresh:2147483647: cwnd:10: delivered:1: lost:0: retrans:0: loseo:0: stage:0: conn:0: RTT6:0: RTT7:0: delta:0
[  249.733348] AAAAA-TCP_RECV: name:enp0s3: saddr:100932208: daddr:33561200: srtt_us:2947736: RTT:368467: ssthresh:2147483647: cwnd:10: delivered:1: lost:0: retrans:0: loseo:0: stage:0: conn:0: RTT6:0: RTT7:0: delta:0
[  249.733380] AAAAA-TCP_SEND: name:enp0s3: saddr:33561200: daddr:100932208: srtt_us:2947736: RTT:368467: ssthresh:2147483647: cwnd:10: delivered:1: lost:0: retrans:0: loseo:0: stage:0: conn:0: RTT6:0: RTT7:0: delta:0
[  249.780277] AAAAA-TCP_RECV: name:enp0s3: saddr:100932208: daddr:33561200: srtt_us:2947736: RTT:368467: ssthresh:2147483647: cwnd:10: delivered:1: lost:0: retrans:0: loseo:0: stage:0: conn:0: RTT6:0: RTT7:0: delta:0
[  249.780305] AAAAA-TCP_SEND: name:enp0s3: saddr:33561200: daddr:100932208: srtt_us:2947736: RTT:368467: ssthresh:2147483647: cwnd:10: delivered:1: lost:0: retrans:0: loseo:0: stage:0: conn:0: RTT6:0: RTT7:0: delta:0
[  249.883850] AAAAA-TCP_RECV: name:enp0s3: saddr:100932208: daddr:33561200: srtt_us:2947736: RTT:368467: ssthresh:2147483647: cwnd:10: delivered:1: lost:0: retrans:0: loseo:0: stage:0: conn:0: RTT6:0: RTT7:0: delta:0
[  249.883877] AAAAA-TCP_SEND: name:enp0s3: saddr:33561200: daddr:100932208: srtt_us:2947736: RTT:368467: ssthresh:2147483647: cwnd:10: delivered:1: lost:0: retrans:0: loseo:0: stage:0: conn:0: RTT6:0: RTT7:0: delta:0
[  250.046736] AAAAA-TCP_RECV: name:enp0s3: saddr:100932208: daddr:33561200: srtt_us:2947736: RTT:368467: ssthresh:2147483647: cwnd:10: delivered:1: lost:0: retrans:0: loseo:0: stage:0: conn:0: RTT6:0: RTT7:0: delta:0
[  250.046763] AAAAA-TCP_SEND: name:enp0s3: saddr:33561200: daddr:100932208: srtt_us:2947736: RTT:368467: ssthresh:2147483647: cwnd:10: delivered:1: lost:0: retrans:0: loseo:0: stage:0: conn:0: RTT6:0: RTT7:0: delta:0
[  250.114316] AAAAA-TCP_RECV: name:enp0s3: saddr:100932208: daddr:33561200: srtt_us:2947736: RTT:368467: ssthresh:2147483647: cwnd:10: delivered:1: lost:0: retrans:0: loseo:0: stage:0: conn:0: RTT6:0: RTT7:0: delta:0
[  250.114342] AAAAA-TCP_SEND: name:enp0s3: saddr:33561200: daddr:100932208: srtt_us:2947736: RTT:368467: ssthresh:2147483647: cwnd:10: delivered:1: lost:0: retrans:0: loseo:0: stage:0: conn:0: RTT6:0: RTT7:0: delta:0
[  250.288231] AAAAA-TCP_RECV: name:enp0s3: saddr:100932208: daddr:33561200: srtt_us:2947736: RTT:368467: ssthresh:2147483647: cwnd:10: delivered:1: lost:0: retrans:0: loseo:0: stage:0: conn:0: RTT6:0: RTT7:0: delta:0
[  250.288268] AAAAA-TCP_SEND: name:enp0s3: saddr:33561200: daddr:100932208: srtt_us:2947736: RTT:368467: ssthresh:2147483647: cwnd:10: delivered:1: lost:0: retrans:0: loseo:0: stage:0: conn:0: RTT6:0: RTT7:0: delta:0
[  250.409082] AAAAA-TCP_RECV: name:enp0s3: saddr:100932208: daddr:33561200: srtt_us:2947736: RTT:368467: ssthresh:2147483647: cwnd:10: delivered:1: lost:0: retrans:0: loseo:0: stage:0: conn:0: RTT6:0: RTT7:0: delta:0
[  250.409114] AAAAA-TCP_SEND: name:enp0s3: saddr:33561200: daddr:100932208: srtt_us:2947736: RTT:368467: ssthresh:2147483647: cwnd:10: delivered:1: lost:0: retrans:0: loseo:0: stage:0: conn:0: RTT6:0: RTT7:0: delta:0
[  250.580619] AAAAA-TCP_RECV: name:enp0s3: saddr:100932208: daddr:33561200: srtt_us:2947736: RTT:368467: ssthresh:2147483647: cwnd:10: delivered:1: lost:0: retrans:0: loseo:0: stage:0: conn:0: RTT6:0: RTT7:0: delta:0
[  250.580649] AAAAA-TCP_SEND: name:enp0s3: saddr:33561200: daddr:100932208: srtt_us:2947736: RTT:368467: ssthresh:2147483647: cwnd:10: delivered:1: lost:0: retrans:0: loseo:0: stage:0: conn:0: RTT6:0: RTT7:0: delta:0
[  250.713529] AAAAA-TCP_RECV: name:enp0s3: saddr:100932208: daddr:33561200: srtt_us:2947736: RTT:368467: ssthresh:2147483647: cwnd:10: delivered:1: lost:0: retrans:0: loseo:0: stage:0: conn:0: RTT6:0: RTT7:0: delta:0
[  250.713561] AAAAA-TCP_SEND: name:enp0s3: saddr:33561200: daddr:100932208: srtt_us:2947736: RTT:368467: ssthresh:2147483647: cwnd:10: delivered:1: lost:0: retrans:0: loseo:0: stage:0: conn:0: RTT6:0: RTT7:0: delta:0
[  250.778347] AAAAA-TCP_RECV: name:enp0s3: saddr:100932208: daddr:33561200: srtt_us:2947736: RTT:368467: ssthresh:2147483647: cwnd:10: delivered:1: lost:0: retrans:0: loseo:0: stage:0: conn:0: RTT6:0: RTT7:0: delta:0
[  250.778375] AAAAA-TCP_SEND: name:enp0s3: saddr:33561200: daddr:100932208: srtt_us:2947736: RTT:368467: ssthresh:2147483647: cwnd:10: delivered:1: lost:0: retrans:0: loseo:0: stage:0: conn:0: RTT6:0: RTT7:0: delta:0
[  250.874066] AAAAA-TCP_RECV: name:enp0s3: saddr:100932208: daddr:16783984: srtt_us:1009400: RTT:126175: ssthresh:2147483647: cwnd:10: delivered:1: lost:0: retrans:0: loseo:0: stage:0: conn:0: RTT6:0: RTT7:0: delta:0
[  250.875160] AAAAA-TCP_SEND: name:enp0s8: saddr:16783984: daddr:100932208: srtt_us:1009400: RTT:126175: ssthresh:2147483647: cwnd:10: delivered:1: lost:0: retrans:0: loseo:0: stage:0: conn:0: RTT6:0: RTT7:0: delta:0
[  251.055383] AAAAA-TCP_RECV: name:enp0s3: saddr:100932208: daddr:16783984: srtt_us:1009400: RTT:126175: ssthresh:2147483647: cwnd:10: delivered:1: lost:0: retrans:0: loseo:0: stage:0: conn:0: RTT6:0: RTT7:0: delta:0
[  251.055414] AAAAA-TCP_SEND: name:enp0s8: saddr:16783984: daddr:100932208: srtt_us:1009400: RTT:126175: ssthresh:2147483647: cwnd:10: delivered:1: lost:0: retrans:0: loseo:0: stage:0: conn:0: RTT6:0: RTT7:0: delta:0
[  251.227153] AAAAA-TCP_RECV: name:enp0s3: saddr:100932208: daddr:16783984: srtt_us:1009400: RTT:126175: ssthresh:2147483647: cwnd:10: delivered:1: lost:0: retrans:0: loseo:0: stage:0: conn:0: RTT6:0: RTT7:0: delta:0
[  251.227191] AAAAA-TCP_SEND: name:enp0s8: saddr:16783984: daddr:100932208: srtt_us:1009400: RTT:126175: ssthresh:2147483647: cwnd:10: delivered:1: lost:0: retrans:0: loseo:0: stage:0: conn:0: RTT6:0: RTT7:0: delta:0
[  251.456033] AAAAA-TCP_RECV: name:enp0s3: saddr:100932208: daddr:16783984: srtt_us:1009400: RTT:126175: ssthresh:2147483647: cwnd:10: delivered:1: lost:0: retrans:0: loseo:0: stage:0: conn:0: RTT6:0: RTT7:0: delta:0
[  251.456073] AAAAA-TCP_SEND: name:enp0s3: saddr:16783984: daddr:100932208: srtt_us:1009400: RTT:126175: ssthresh:2147483647: cwnd:10: delivered:1: lost:0: retrans:0: loseo:0: stage:0: conn:0: RTT6:0: RTT7:0: delta:0
[  251.627394] AAAAA-TCP_RECV: name:enp0s3: saddr:100932208: daddr:16783984: srtt_us:1009400: RTT:126175: ssthresh:2147483647: cwnd:10: delivered:1: lost:0: retrans:0: loseo:0: stage:0: conn:0: RTT6:0: RTT7:0: delta:0
[  251.627475] AAAAA-TCP_SEND: name:enp0s3: saddr:16783984: daddr:100932208: srtt_us:1009400: RTT:126175: ssthresh:2147483647: cwnd:10: delivered:1: lost:0: retrans:0: loseo:0: stage:0: conn:0: RTT6:0: RTT7:0: delta:0
[  251.919905] AAAAA-TCP_RECV: name:enp0s3: saddr:100932208: daddr:16783984: srtt_us:1009400: RTT:126175: ssthresh:2147483647: cwnd:10: delivered:1: lost:0: retrans:0: loseo:0: stage:0: conn:0: RTT6:0: RTT7:0: delta:0
[  251.919998] AAAAA-TCP_SEND: name:enp0s3: saddr:16783984: daddr:100932208: srtt_us:1009400: RTT:126175: ssthresh:2147483647: cwnd:10: delivered:1: lost:0: retrans:0: loseo:0: stage:0: conn:0: RTT6:0: RTT7:0: delta:0
[  251.983341] AAAAA-TCP_RECV: name:enp0s3: saddr:100932208: daddr:16783984: srtt_us:1009400: RTT:126175: ssthresh:2147483647: cwnd:10: delivered:1: lost:0: retrans:0: loseo:0: stage:0: conn:0: RTT6:0: RTT7:0: delta:0
[  251.983417] AAAAA-TCP_SEND: name:enp0s3: saddr:16783984: daddr:100932208: srtt_us:1009400: RTT:126175: ssthresh:2147483647: cwnd:10: delivered:1: lost:0: retrans:0: loseo:0: stage:0: conn:0: RTT6:0: RTT7:0: delta:0
[  252.043655] AAAAA-TCP_RECV: name:enp0s3: saddr:100932208: daddr:16783984: srtt_us:1009400: RTT:126175: ssthresh:2147483647: cwnd:10: delivered:1: lost:0: retrans:0: loseo:0: stage:0: conn:0: RTT6:0: RTT7:0: delta:0
[  252.043703] AAAAA-TCP_SEND: name:enp0s3: saddr:16783984: daddr:100932208: srtt_us:1009400: RTT:126175: ssthresh:2147483647: cwnd:10: delivered:1: lost:0: retrans:0: loseo:0: stage:0: conn:0: RTT6:0: RTT7:0: delta:0
[  252.154875] AAAAA-TCP_RECV: name:enp0s3: saddr:100932208: daddr:16783984: srtt_us:1009400: RTT:126175: ssthresh:2147483647: cwnd:10: delivered:1: lost:0: retrans:0: loseo:0: stage:0: conn:0: RTT6:0: RTT7:0: delta:0
[  252.154939] AAAAA-TCP_SEND: name:enp0s3: saddr:16783984: daddr:100932208: srtt_us:1009400: RTT:126175: ssthresh:2147483647: cwnd:10: delivered:1: lost:0: retrans:0: loseo:0: stage:0: conn:0: RTT6:0: RTT7:0: delta:0
[  252.292479] AAAAA-TCP_RECV: name:enp0s3: saddr:100932208: daddr:16783984: srtt_us:1009400: RTT:126175: ssthresh:2147483647: cwnd:10: delivered:1: lost:0: retrans:0: loseo:0: stage:0: conn:0: RTT6:0: RTT7:0: delta:0
[  252.292557] AAAAA-TCP_SEND: name:enp0s3: saddr:16783984: daddr:100932208: srtt_us:1009400: RTT:126175: ssthresh:2147483647: cwnd:10: delivered:1: lost:0: retrans:0: loseo:0: stage:0: conn:0: RTT6:0: RTT7:0: delta:0
[  252.380900] AAAAA-TCP_RECV: name:enp0s3: saddr:100932208: daddr:16783984: srtt_us:1009400: RTT:126175: ssthresh:2147483647: cwnd:10: delivered:1: lost:0: retrans:0: loseo:0: stage:0: conn:0: RTT6:0: RTT7:0: delta:0
[  252.380937] AAAAA-TCP_SEND: name:enp0s3: saddr:16783984: daddr:100932208: srtt_us:1009400: RTT:126175: ssthresh:2147483647: cwnd:10: delivered:1: lost:0: retrans:0: loseo:0: stage:0: conn:0: RTT6:0: RTT7:0: delta:0
[  252.461312] AAAAA-TCP_RECV: name:enp0s3: saddr:100932208: daddr:16783984: srtt_us:1009400: RTT:126175: ssthresh:2147483647: cwnd:10: delivered:1: lost:0: retrans:0: loseo:0: stage:0: conn:0: RTT6:0: RTT7:0: delta:0
[  252.461347] AAAAA-TCP_SEND: name:enp0s3: saddr:16783984: daddr:100932208: srtt_us:1009400: RTT:126175: ssthresh:2147483647: cwnd:10: delivered:1: lost:0: retrans:0: loseo:0: stage:0: conn:0: RTT6:0: RTT7:0: delta:0
[  252.541271] AAAAA-TCP_RECV: name:enp0s3: saddr:100932208: daddr:16783984: srtt_us:1009400: RTT:126175: ssthresh:2147483647: cwnd:10: delivered:1: lost:0: retrans:0: loseo:0: stage:0: conn:0: RTT6:0: RTT7:0: delta:0
[  252.541308] AAAAA-TCP_SEND: name:enp0s3: saddr:16783984: daddr:100932208: srtt_us:1009400: RTT:126175: ssthresh:2147483647: cwnd:10: delivered:1: lost:0: retrans:0: loseo:0: stage:0: conn:0: RTT6:0: RTT7:0: delta:0
[  252.617221] AAAAA-TCP_RECV: name:enp0s3: saddr:100932208: daddr:33561200: srtt_us:2947736: RTT:368467: ssthresh:2147483647: cwnd:10: delivered:1: lost:0: retrans:0: loseo:0: stage:0: conn:0: RTT6:0: RTT7:0: delta:0
[  252.617258] AAAAA-TCP_SEND: name:enp0s3: saddr:33561200: daddr:100932208: srtt_us:2947736: RTT:368467: ssthresh:2147483647: cwnd:10: delivered:1: lost:0: retrans:0: loseo:0: stage:0: conn:0: RTT6:0: RTT7:0: delta:0
[  252.697536] AAAAA-TCP_RECV: name:enp0s3: saddr:100932208: daddr:16783984: srtt_us:1009400: RTT:126175: ssthresh:2147483647: cwnd:10: delivered:1: lost:0: retrans:0: loseo:0: stage:0: conn:0: RTT6:0: RTT7:0: delta:0
[  252.697570] AAAAA-TCP_SEND: name:enp0s3: saddr:16783984: daddr:100932208: srtt_us:1009400: RTT:126175: ssthresh:2147483647: cwnd:10: delivered:1: lost:0: retrans:0: loseo:0: stage:0: conn:0: RTT6:0: RTT7:0: delta:0
[  252.811767] AAAAA-TCP_RECV: name:enp0s3: saddr:100932208: daddr:16783984: srtt_us:1009400: RTT:126175: ssthresh:2147483647: cwnd:10: delivered:1: lost:0: retrans:0: loseo:0: stage:0: conn:0: RTT6:0: RTT7:0: delta:0
[  252.811805] AAAAA-TCP_SEND: name:enp0s3: saddr:16783984: daddr:100932208: srtt_us:1009400: RTT:126175: ssthresh:2147483647: cwnd:10: delivered:1: lost:0: retrans:0: loseo:0: stage:0: conn:0: RTT6:0: RTT7:0: delta:0
[  253.018126] AAAAA-TCP_RECV: name:enp0s3: saddr:100932208: daddr:16783984: srtt_us:1009400: RTT:126175: ssthresh:2147483647: cwnd:10: delivered:1: lost:0: retrans:0: loseo:0: stage:0: conn:0: RTT6:0: RTT7:0: delta:0
[  253.018148] AAAAA-TCP_SEND: name:enp0s3: saddr:16783984: daddr:100932208: srtt_us:1009400: RTT:126175: ssthresh:2147483647: cwnd:10: delivered:1: lost:0: retrans:0: loseo:0: stage:0: conn:0: RTT6:0: RTT7:0: delta:0
[  253.132765] AAAAA-TCP_RECV: name:enp0s3: saddr:100932208: daddr:16783984: srtt_us:1009400: RTT:126175: ssthresh:2147483647: cwnd:10: delivered:1: lost:0: retrans:0: loseo:0: stage:0: conn:0: RTT6:0: RTT7:0: delta:0
[  253.132806] AAAAA-TCP_SEND: name:enp0s3: saddr:16783984: daddr:100932208: srtt_us:1009400: RTT:126175: ssthresh:2147483647: cwnd:10: delivered:1: lost:0: retrans:0: loseo:0: stage:0: conn:0: RTT6:0: RTT7:0: delta:0
[  253.303254] AAAAA-TCP_RECV: name:enp0s3: saddr:100932208: daddr:16783984: srtt_us:1009400: RTT:126175: ssthresh:2147483647: cwnd:10: delivered:1: lost:0: retrans:0: loseo:0: stage:0: conn:0: RTT6:0: RTT7:0: delta:0
[  253.347066] AAAAA-TCP_SEND: name:enp0s3: saddr:16783984: daddr:100932208: srtt_us:1009400: RTT:126175: ssthresh:2147483647: cwnd:10: delivered:1: lost:0: retrans:0: loseo:0: stage:0: conn:0: RTT6:0: RTT7:0: delta:0
[  253.603013] AAAAA-TCP_RECV: name:enp0s3: saddr:100932208: daddr:16783984: srtt_us:1009400: RTT:126175: ssthresh:2147483647: cwnd:10: delivered:1: lost:0: retrans:0: loseo:0: stage:0: conn:0: RTT6:0: RTT7:0: delta:0
[  253.683089] AAAAA-TCP_SEND: name:enp0s3: saddr:16783984: daddr:100932208: srtt_us:1009400: RTT:126175: ssthresh:2147483647: cwnd:10: delivered:1: lost:0: retrans:0: loseo:0: stage:0: conn:0: RTT6:0: RTT7:0: delta:0
[  253.877867] AAAAA-TCP_RECV: name:enp0s3: saddr:100932208: daddr:16783984: srtt_us:1009400: RTT:126175: ssthresh:2147483647: cwnd:10: delivered:1: lost:0: retrans:0: loseo:0: stage:0: conn:0: RTT6:0: RTT7:0: delta:0
[  253.927610] AAAAA-TCP_RECV: name:enp0s3: saddr:100932208: daddr:16783984: srtt_us:1009400: RTT:126175: ssthresh:2147483647: cwnd:10: delivered:1: lost:0: retrans:0: loseo:0: stage:0: conn:0: RTT6:0: RTT7:0: delta:0
[  253.927643] AAAAA-TCP_SEND: name:enp0s3: saddr:16783984: daddr:100932208: srtt_us:1009400: RTT:126175: ssthresh:2147483647: cwnd:10: delivered:1: lost:0: retrans:0: loseo:0: stage:0: conn:0: RTT6:0: RTT7:0: delta:0
[  254.002316] AAAAA-TCP_RECV: name:enp0s3: saddr:100932208: daddr:33561200: srtt_us:2947736: RTT:368467: ssthresh:2147483647: cwnd:10: delivered:1: lost:0: retrans:0: loseo:0: stage:0: conn:0: RTT6:0: RTT7:0: delta:0
[  254.002365] AAAAA-TCP_SEND: name:enp0s3: saddr:33561200: daddr:100932208: srtt_us:2947736: RTT:368467: ssthresh:2147483647: cwnd:10: delivered:1: lost:0: retrans:0: loseo:0: stage:0: conn:0: RTT6:0: RTT7:0: delta:0
[  254.087365] AAAAA-TCP_RECV: name:enp0s3: saddr:100932208: daddr:33561200: srtt_us:2947736: RTT:368467: ssthresh:2147483647: cwnd:10: delivered:1: lost:0: retrans:0: loseo:0: stage:0: conn:0: RTT6:0: RTT7:0: delta:0
[  254.087400] AAAAA-TCP_SEND: name:enp0s3: saddr:33561200: daddr:100932208: srtt_us:2947736: RTT:368467: ssthresh:2147483647: cwnd:10: delivered:1: lost:0: retrans:0: loseo:0: stage:0: conn:0: RTT6:0: RTT7:0: delta:0
[  254.192494] AAAAA-TCP_RECV: name:enp0s3: saddr:100932208: daddr:33561200: srtt_us:2947736: RTT:368467: ssthresh:2147483647: cwnd:10: delivered:1: lost:0: retrans:0: loseo:0: stage:0: conn:0: RTT6:0: RTT7:0: delta:0
[  254.192535] AAAAA-TCP_SEND: name:enp0s3: saddr:33561200: daddr:100932208: srtt_us:2947736: RTT:368467: ssthresh:2147483647: cwnd:10: delivered:1: lost:0: retrans:0: loseo:0: stage:0: conn:0: RTT6:0: RTT7:0: delta:0
[  254.294252] AAAAA-TCP_RECV: name:enp0s3: saddr:100932208: daddr:33561200: srtt_us:2947736: RTT:368467: ssthresh:2147483647: cwnd:10: delivered:1: lost:0: retrans:0: loseo:0: stage:0: conn:0: RTT6:0: RTT7:0: delta:0
[  254.294288] AAAAA-TCP_SEND: name:enp0s3: saddr:33561200: daddr:100932208: srtt_us:2947736: RTT:368467: ssthresh:2147483647: cwnd:10: delivered:1: lost:0: retrans:0: loseo:0: stage:0: conn:0: RTT6:0: RTT7:0: delta:0
[  254.382220] AAAAA-TCP_RECV: name:enp0s3: saddr:100932208: daddr:33561200: srtt_us:2947736: RTT:368467: ssthresh:2147483647: cwnd:10: delivered:1: lost:0: retrans:0: loseo:0: stage:0: conn:0: RTT6:0: RTT7:0: delta:0
[  254.382251] AAAAA-TCP_SEND: name:enp0s3: saddr:33561200: daddr:100932208: srtt_us:2947736: RTT:368467: ssthresh:2147483647: cwnd:10: delivered:1: lost:0: retrans:0: loseo:0: stage:0: conn:0: RTT6:0: RTT7:0: delta:0
[  254.484739] AAAAA-TCP_RECV: name:enp0s3: saddr:100932208: daddr:33561200: srtt_us:2947736: RTT:368467: ssthresh:2147483647: cwnd:10: delivered:1: lost:0: retrans:0: loseo:0: stage:0: conn:0: RTT6:0: RTT7:0: delta:0
[  254.484773] AAAAA-TCP_SEND: name:enp0s3: saddr:33561200: daddr:100932208: srtt_us:2947736: RTT:368467: ssthresh:2147483647: cwnd:10: delivered:1: lost:0: retrans:0: loseo:0: stage:0: conn:0: RTT6:0: RTT7:0: delta:0
[  254.661128] AAAAA-TCP_RECV: name:enp0s3: saddr:100932208: daddr:33561200: srtt_us:2947736: RTT:368467: ssthresh:2147483647: cwnd:10: delivered:1: lost:0: retrans:0: loseo:0: stage:0: conn:0: RTT6:0: RTT7:0: delta:0
[  254.661156] AAAAA-TCP_SEND: name:enp0s3: saddr:33561200: daddr:100932208: srtt_us:2947736: RTT:368467: ssthresh:2147483647: cwnd:10: delivered:1: lost:0: retrans:0: loseo:0: stage:0: conn:0: RTT6:0: RTT7:0: delta:0
[  254.736951] AAAAA-TCP_RECV: name:enp0s3: saddr:100932208: daddr:33561200: srtt_us:2947736: RTT:368467: ssthresh:2147483647: cwnd:10: delivered:1: lost:0: retrans:0: loseo:0: stage:0: conn:0: RTT6:0: RTT7:0: delta:0
[  254.736986] AAAAA-TCP_SEND: name:enp0s3: saddr:33561200: daddr:100932208: srtt_us:2947736: RTT:368467: ssthresh:2147483647: cwnd:10: delivered:1: lost:0: retrans:0: loseo:0: stage:0: conn:0: RTT6:0: RTT7:0: delta:0
[  254.837151] AAAAA-TCP_RECV: name:enp0s3: saddr:100932208: daddr:33561200: srtt_us:2947736: RTT:368467: ssthresh:2147483647: cwnd:10: delivered:1: lost:0: retrans:0: loseo:0: stage:0: conn:0: RTT6:0: RTT7:0: delta:0
[  254.837181] AAAAA-TCP_SEND: name:enp0s3: saddr:33561200: daddr:100932208: srtt_us:2947736: RTT:368467: ssthresh:2147483647: cwnd:10: delivered:1: lost:0: retrans:0: loseo:0: stage:0: conn:0: RTT6:0: RTT7:0: delta:0
[  254.892525] AAAAA-TCP_RECV: name:enp0s3: saddr:100932208: daddr:33561200: srtt_us:2947736: RTT:368467: ssthresh:2147483647: cwnd:10: delivered:1: lost:0: retrans:0: loseo:0: stage:0: conn:0: RTT6:0: RTT7:0: delta:0
[  254.892551] AAAAA-TCP_SEND: name:enp0s3: saddr:33561200: daddr:100932208: srtt_us:2947736: RTT:368467: ssthresh:2147483647: cwnd:10: delivered:1: lost:0: retrans:0: loseo:0: stage:0: conn:0: RTT6:0: RTT7:0: delta:0
[  254.944484] AAAAA-TCP_RECV: name:enp0s3: saddr:100932208: daddr:33561200: srtt_us:2947736: RTT:368467: ssthresh:2147483647: cwnd:10: delivered:1: lost:0: retrans:0: loseo:0: stage:0: conn:0: RTT6:0: RTT7:0: delta:0
[  254.944513] AAAAA-TCP_SEND: name:enp0s3: saddr:33561200: daddr:100932208: srtt_us:2947736: RTT:368467: ssthresh:2147483647: cwnd:10: delivered:1: lost:0: retrans:0: loseo:0: stage:0: conn:0: RTT6:0: RTT7:0: delta:0
[  254.981968] AAAAA-TCP_RECV: name:enp0s3: saddr:100932208: daddr:33561200: srtt_us:2947736: RTT:368467: ssthresh:2147483647: cwnd:10: delivered:1: lost:0: retrans:0: loseo:0: stage:0: conn:0: RTT6:0: RTT7:0: delta:0
[  254.981993] AAAAA-TCP_SEND: name:enp0s3: saddr:33561200: daddr:100932208: srtt_us:2947736: RTT:368467: ssthresh:2147483647: cwnd:10: delivered:1: lost:0: retrans:0: loseo:0: stage:0: conn:0: RTT6:0: RTT7:0: delta:0
[  255.017750] AAAAA-TCP_RECV: name:enp0s3: saddr:100932208: daddr:33561200: srtt_us:2947736: RTT:368467: ssthresh:2147483647: cwnd:10: delivered:1: lost:0: retrans:0: loseo:0: stage:0: conn:0: RTT6:0: RTT7:0: delta:0
[  255.017764] AAAAA-TCP_SEND: name:enp0s3: saddr:33561200: daddr:100932208: srtt_us:2947736: RTT:368467: ssthresh:2147483647: cwnd:10: delivered:1: lost:0: retrans:0: loseo:0: stage:0: conn:0: RTT6:0: RTT7:0: delta:0
[  255.132407] AAAAA-TCP_RECV: name:enp0s3: saddr:100932208: daddr:33561200: srtt_us:2947736: RTT:368467: ssthresh:2147483647: cwnd:10: delivered:1: lost:0: retrans:0: loseo:0: stage:0: conn:0: RTT6:0: RTT7:0: delta:0
[  255.132432] AAAAA-TCP_SEND: name:enp0s3: saddr:33561200: daddr:100932208: srtt_us:2947736: RTT:368467: ssthresh:2147483647: cwnd:10: delivered:1: lost:0: retrans:0: loseo:0: stage:0: conn:0: RTT6:0: RTT7:0: delta:0
[  255.206675] AAAAA-TCP_RECV: name:enp0s3: saddr:100932208: daddr:33561200: srtt_us:2947736: RTT:368467: ssthresh:2147483647: cwnd:10: delivered:1: lost:0: retrans:0: loseo:0: stage:0: conn:0: RTT6:0: RTT7:0: delta:0
[  255.206719] AAAAA-TCP_SEND: name:enp0s3: saddr:33561200: daddr:100932208: srtt_us:2947736: RTT:368467: ssthresh:2147483647: cwnd:10: delivered:1: lost:0: retrans:0: loseo:0: stage:0: conn:0: RTT6:0: RTT7:0: delta:0
[  255.279288] AAAAA-TCP_RECV: name:enp0s3: saddr:100932208: daddr:33561200: srtt_us:2947736: RTT:368467: ssthresh:2147483647: cwnd:10: delivered:1: lost:0: retrans:0: loseo:0: stage:0: conn:0: RTT6:0: RTT7:0: delta:0
[  255.279324] AAAAA-TCP_SEND: name:enp0s3: saddr:33561200: daddr:100932208: srtt_us:2947736: RTT:368467: ssthresh:2147483647: cwnd:10: delivered:1: lost:0: retrans:0: loseo:0: stage:0: conn:0: RTT6:0: RTT7:0: delta:0
[  255.362968] AAAAA-TCP_RECV: name:enp0s3: saddr:100932208: daddr:33561200: srtt_us:2947736: RTT:368467: ssthresh:2147483647: cwnd:10: delivered:1: lost:0: retrans:0: loseo:0: stage:0: conn:0: RTT6:0: RTT7:0: delta:0
[  255.403065] AAAAA-TCP_SEND: name:enp0s3: saddr:33561200: daddr:100932208: srtt_us:2947736: RTT:368467: ssthresh:2147483647: cwnd:10: delivered:1: lost:0: retrans:0: loseo:0: stage:0: conn:0: RTT6:0: RTT7:0: delta:0
[  255.403574] AAAAA-TCP_RECV: name:enp0s3: saddr:100932208: daddr:33561200: srtt_us:2947736: RTT:368467: ssthresh:2147483647: cwnd:10: delivered:1: lost:0: retrans:0: loseo:0: stage:0: conn:0: RTT6:0: RTT7:0: delta:0
[  255.452817] AAAAA-TCP_RECV: name:enp0s3: saddr:100932208: daddr:33561200: srtt_us:2947736: RTT:368467: ssthresh:2147483647: cwnd:10: delivered:1: lost:0: retrans:0: loseo:0: stage:0: conn:0: RTT6:0: RTT7:0: delta:0
[  255.452845] AAAAA-TCP_SEND: name:enp0s3: saddr:33561200: daddr:100932208: srtt_us:2947736: RTT:368467: ssthresh:2147483647: cwnd:10: delivered:1: lost:0: retrans:0: loseo:0: stage:0: conn:0: RTT6:0: RTT7:0: delta:0
[  255.557289] AAAAA-TCP_RECV: name:enp0s3: saddr:100932208: daddr:33561200: srtt_us:2947736: RTT:368467: ssthresh:2147483647: cwnd:10: delivered:1: lost:0: retrans:0: loseo:0: stage:0: conn:0: RTT6:0: RTT7:0: delta:0
[  255.647064] AAAAA-TCP_SEND: name:enp0s3: saddr:33561200: daddr:100932208: srtt_us:2947736: RTT:368467: ssthresh:2147483647: cwnd:10: delivered:1: lost:0: retrans:0: loseo:0: stage:0: conn:0: RTT6:0: RTT7:0: delta:0
[  255.743981] AAAAA-TCP_RECV: name:enp0s3: saddr:100932208: daddr:16783984: srtt_us:1009400: RTT:126175: ssthresh:2147483647: cwnd:10: delivered:1: lost:0: retrans:0: loseo:0: stage:0: conn:0: RTT6:0: RTT7:0: delta:0
[  255.744001] AAAAA-TCP_SEND: name:enp0s3: saddr:16783984: daddr:100932208: srtt_us:1009400: RTT:126175: ssthresh:2147483647: cwnd:10: delivered:1: lost:0: retrans:0: loseo:0: stage:0: conn:0: RTT6:0: RTT7:0: delta:0
[  255.942475] AAAAA-TCP_RECV: name:enp0s3: saddr:100932208: daddr:16783984: srtt_us:1009400: RTT:126175: ssthresh:2147483647: cwnd:10: delivered:1: lost:0: retrans:0: loseo:0: stage:0: conn:0: RTT6:0: RTT7:0: delta:0
[  255.942504] AAAAA-TCP_SEND: name:enp0s3: saddr:16783984: daddr:100932208: srtt_us:1009400: RTT:126175: ssthresh:2147483647: cwnd:10: delivered:1: lost:0: retrans:0: loseo:0: stage:0: conn:0: RTT6:0: RTT7:0: delta:0
[  255.997409] AAAAA-TCP_RECV: name:enp0s3: saddr:100932208: daddr:16783984: srtt_us:1009400: RTT:126175: ssthresh:2147483647: cwnd:10: delivered:1: lost:0: retrans:0: loseo:0: stage:0: conn:0: RTT6:0: RTT7:0: delta:0
[  255.997433] AAAAA-TCP_SEND: name:enp0s3: saddr:16783984: daddr:100932208: srtt_us:1009400: RTT:126175: ssthresh:2147483647: cwnd:10: delivered:1: lost:0: retrans:0: loseo:0: stage:0: conn:0: RTT6:0: RTT7:0: delta:0
[  256.055015] AAAAA-TCP_RECV: name:enp0s3: saddr:100932208: daddr:16783984: srtt_us:1009400: RTT:126175: ssthresh:2147483647: cwnd:10: delivered:1: lost:0: retrans:0: loseo:0: stage:0: conn:0: RTT6:0: RTT7:0: delta:0
[  256.055038] AAAAA-TCP_SEND: name:enp0s3: saddr:16783984: daddr:100932208: srtt_us:1009400: RTT:126175: ssthresh:2147483647: cwnd:10: delivered:1: lost:0: retrans:0: loseo:0: stage:0: conn:0: RTT6:0: RTT7:0: delta:0
[  256.186502] AAAAA-TCP_RECV: name:enp0s3: saddr:100932208: daddr:16783984: srtt_us:1009400: RTT:126175: ssthresh:2147483647: cwnd:10: delivered:1: lost:0: retrans:0: loseo:0: stage:0: conn:0: RTT6:0: RTT7:0: delta:0
[  256.186532] AAAAA-TCP_SEND: name:enp0s3: saddr:16783984: daddr:100932208: srtt_us:1009400: RTT:126175: ssthresh:2147483647: cwnd:10: delivered:1: lost:0: retrans:0: loseo:0: stage:0: conn:0: RTT6:0: RTT7:0: delta:0
[  256.256796] AAAAA-TCP_RECV: name:enp0s3: saddr:100932208: daddr:16783984: srtt_us:1009400: RTT:126175: ssthresh:2147483647: cwnd:10: delivered:1: lost:0: retrans:0: loseo:0: stage:0: conn:0: RTT6:0: RTT7:0: delta:0
[  256.256825] AAAAA-TCP_SEND: name:enp0s3: saddr:16783984: daddr:100932208: srtt_us:1009400: RTT:126175: ssthresh:2147483647: cwnd:10: delivered:1: lost:0: retrans:0: loseo:0: stage:0: conn:0: RTT6:0: RTT7:0: delta:0
[  256.329191] AAAAA-TCP_RECV: name:enp0s3: saddr:100932208: daddr:16783984: srtt_us:1009400: RTT:126175: ssthresh:2147483647: cwnd:10: delivered:1: lost:0: retrans:0: loseo:0: stage:0: conn:0: RTT6:0: RTT7:0: delta:0
[  256.329214] AAAAA-TCP_SEND: name:enp0s3: saddr:16783984: daddr:100932208: srtt_us:1009400: RTT:126175: ssthresh:2147483647: cwnd:10: delivered:1: lost:0: retrans:0: loseo:0: stage:0: conn:0: RTT6:0: RTT7:0: delta:0
[  256.393517] AAAAA-TCP_RECV: name:enp0s3: saddr:100932208: daddr:16783984: srtt_us:1009400: RTT:126175: ssthresh:2147483647: cwnd:10: delivered:1: lost:0: retrans:0: loseo:0: stage:0: conn:0: RTT6:0: RTT7:0: delta:0
[  256.393539] AAAAA-TCP_SEND: name:enp0s3: saddr:16783984: daddr:100932208: srtt_us:1009400: RTT:126175: ssthresh:2147483647: cwnd:10: delivered:1: lost:0: retrans:0: loseo:0: stage:0: conn:0: RTT6:0: RTT7:0: delta:0
[  256.423616] AAAAA-TCP_RECV: name:enp0s3: saddr:100932208: daddr:16783984: srtt_us:1009400: RTT:126175: ssthresh:2147483647: cwnd:10: delivered:1: lost:0: retrans:0: loseo:0: stage:0: conn:0: RTT6:0: RTT7:0: delta:0
[  256.423653] AAAAA-TCP_SEND: name:enp0s3: saddr:16783984: daddr:100932208: srtt_us:1009400: RTT:126175: ssthresh:2147483647: cwnd:10: delivered:1: lost:0: retrans:0: loseo:0: stage:0: conn:0: RTT6:0: RTT7:0: delta:0
[  256.508498] AAAAA-TCP_RECV: name:enp0s3: saddr:100932208: daddr:16783984: srtt_us:1009400: RTT:126175: ssthresh:2147483647: cwnd:10: delivered:1: lost:0: retrans:0: loseo:0: stage:0: conn:0: RTT6:0: RTT7:0: delta:0
[  256.508523] AAAAA-TCP_SEND: name:enp0s3: saddr:16783984: daddr:100932208: srtt_us:1009400: RTT:126175: ssthresh:2147483647: cwnd:10: delivered:1: lost:0: retrans:0: loseo:0: stage:0: conn:0: RTT6:0: RTT7:0: delta:0
[  256.556836] AAAAA-TCP_RECV: name:enp0s3: saddr:100932208: daddr:16783984: srtt_us:1009400: RTT:126175: ssthresh:2147483647: cwnd:10: delivered:1: lost:0: retrans:0: loseo:0: stage:0: conn:0: RTT6:0: RTT7:0: delta:0
[  256.556861] AAAAA-TCP_SEND: name:enp0s3: saddr:16783984: daddr:100932208: srtt_us:1009400: RTT:126175: ssthresh:2147483647: cwnd:10: delivered:1: lost:0: retrans:0: loseo:0: stage:0: conn:0: RTT6:0: RTT7:0: delta:0
[  256.662947] AAAAA-TCP_RECV: name:enp0s3: saddr:100932208: daddr:16783984: srtt_us:1009400: RTT:126175: ssthresh:2147483647: cwnd:10: delivered:1: lost:0: retrans:0: loseo:0: stage:0: conn:0: RTT6:0: RTT7:0: delta:0
[  256.662972] AAAAA-TCP_SEND: name:enp0s3: saddr:16783984: daddr:100932208: srtt_us:1009400: RTT:126175: ssthresh:2147483647: cwnd:10: delivered:1: lost:0: retrans:0: loseo:0: stage:0: conn:0: RTT6:0: RTT7:0: delta:0
[  256.744436] AAAAA-TCP_RECV: name:enp0s3: saddr:100932208: daddr:16783984: srtt_us:1009400: RTT:126175: ssthresh:2147483647: cwnd:10: delivered:1: lost:0: retrans:0: loseo:0: stage:0: conn:0: RTT6:0: RTT7:0: delta:0
[  256.744459] AAAAA-TCP_SEND: name:enp0s3: saddr:16783984: daddr:100932208: srtt_us:1009400: RTT:126175: ssthresh:2147483647: cwnd:10: delivered:1: lost:0: retrans:0: loseo:0: stage:0: conn:0: RTT6:0: RTT7:0: delta:0
[  256.820499] AAAAA-TCP_RECV: name:enp0s3: saddr:100932208: daddr:16783984: srtt_us:1009400: RTT:126175: ssthresh:2147483647: cwnd:10: delivered:1: lost:0: retrans:0: loseo:0: stage:0: conn:0: RTT6:0: RTT7:0: delta:0
[  256.820522] AAAAA-TCP_SEND: name:enp0s3: saddr:16783984: daddr:100932208: srtt_us:1009400: RTT:126175: ssthresh:2147483647: cwnd:10: delivered:1: lost:0: retrans:0: loseo:0: stage:0: conn:0: RTT6:0: RTT7:0: delta:0
[  256.876275] AAAAA-TCP_RECV: name:enp0s3: saddr:100932208: daddr:16783984: srtt_us:1009400: RTT:126175: ssthresh:2147483647: cwnd:10: delivered:1: lost:0: retrans:0: loseo:0: stage:0: conn:0: RTT6:0: RTT7:0: delta:0
[  256.876300] AAAAA-TCP_SEND: name:enp0s3: saddr:16783984: daddr:100932208: srtt_us:1009400: RTT:126175: ssthresh:2147483647: cwnd:10: delivered:1: lost:0: retrans:0: loseo:0: stage:0: conn:0: RTT6:0: RTT7:0: delta:0
[  256.996138] AAAAA-TCP_RECV: name:enp0s3: saddr:100932208: daddr:16783984: srtt_us:1009400: RTT:126175: ssthresh:2147483647: cwnd:10: delivered:1: lost:0: retrans:0: loseo:0: stage:0: conn:0: RTT6:0: RTT7:0: delta:0
[  257.063033] AAAAA-TCP_RECV: name:enp0s3: saddr:100932208: daddr:16783984: srtt_us:1009400: RTT:126175: ssthresh:2147483647: cwnd:10: delivered:1: lost:0: retrans:0: loseo:0: stage:0: conn:0: RTT6:0: RTT7:0: delta:0
[  257.063057] AAAAA-TCP_SEND: name:enp0s3: saddr:16783984: daddr:100932208: srtt_us:1009400: RTT:126175: ssthresh:2147483647: cwnd:10: delivered:1: lost:0: retrans:0: loseo:0: stage:0: conn:0: RTT6:0: RTT7:0: delta:0
[  257.123291] AAAAA-TCP_RECV: name:enp0s3: saddr:100932208: daddr:16783984: srtt_us:1009400: RTT:126175: ssthresh:2147483647: cwnd:10: delivered:1: lost:0: retrans:0: loseo:0: stage:0: conn:0: RTT6:0: RTT7:0: delta:0
[  257.123314] AAAAA-TCP_SEND: name:enp0s3: saddr:16783984: daddr:100932208: srtt_us:1009400: RTT:126175: ssthresh:2147483647: cwnd:10: delivered:1: lost:0: retrans:0: loseo:0: stage:0: conn:0: RTT6:0: RTT7:0: delta:0
[  257.233356] AAAAA-TCP_RECV: name:enp0s3: saddr:100932208: daddr:16783984: srtt_us:1009400: RTT:126175: ssthresh:2147483647: cwnd:10: delivered:1: lost:0: retrans:0: loseo:0: stage:0: conn:0: RTT6:0: RTT7:0: delta:0
[  257.233386] AAAAA-TCP_SEND: name:enp0s3: saddr:16783984: daddr:100932208: srtt_us:1009400: RTT:126175: ssthresh:2147483647: cwnd:10: delivered:1: lost:0: retrans:0: loseo:0: stage:0: conn:0: RTT6:0: RTT7:0: delta:0
[  257.294763] AAAAA-TCP_RECV: name:enp0s3: saddr:100932208: daddr:16783984: srtt_us:1009400: RTT:126175: ssthresh:2147483647: cwnd:10: delivered:1: lost:0: retrans:0: loseo:0: stage:0: conn:0: RTT6:0: RTT7:0: delta:0
[  257.294789] AAAAA-TCP_SEND: name:enp0s3: saddr:16783984: daddr:100932208: srtt_us:1009400: RTT:126175: ssthresh:2147483647: cwnd:10: delivered:1: lost:0: retrans:0: loseo:0: stage:0: conn:0: RTT6:0: RTT7:0: delta:0
[  257.445386] AAAAA-TCP_RECV: name:enp0s3: saddr:100932208: daddr:16783984: srtt_us:1009400: RTT:126175: ssthresh:2147483647: cwnd:10: delivered:1: lost:0: retrans:0: loseo:0: stage:0: conn:0: RTT6:0: RTT7:0: delta:0
[  257.445411] AAAAA-TCP_SEND: name:enp0s3: saddr:16783984: daddr:100932208: srtt_us:1009400: RTT:126175: ssthresh:2147483647: cwnd:10: delivered:1: lost:0: retrans:0: loseo:0: stage:0: conn:0: RTT6:0: RTT7:0: delta:0
[  257.528010] AAAAA-TCP_RECV: name:enp0s3: saddr:100932208: daddr:16783984: srtt_us:1009400: RTT:126175: ssthresh:2147483647: cwnd:10: delivered:1: lost:0: retrans:0: loseo:0: stage:0: conn:0: RTT6:0: RTT7:0: delta:0
[  257.529067] AAAAA-TCP_SEND: name:enp0s3: saddr:16783984: daddr:100932208: srtt_us:1009400: RTT:126175: ssthresh:2147483647: cwnd:10: delivered:1: lost:0: retrans:0: loseo:0: stage:0: conn:0: RTT6:0: RTT7:0: delta:0
[  257.835974] AAAAA-TCP_RECV: name:enp0s3: saddr:100932208: daddr:16783984: srtt_us:1009400: RTT:126175: ssthresh:2147483647: cwnd:10: delivered:1: lost:0: retrans:0: loseo:0: stage:0: conn:0: RTT6:0: RTT7:0: delta:0
[  257.836007] AAAAA-TCP_SEND: name:enp0s3: saddr:16783984: daddr:100932208: srtt_us:1009400: RTT:126175: ssthresh:2147483647: cwnd:10: delivered:1: lost:0: retrans:0: loseo:0: stage:0: conn:0: RTT6:0: RTT7:0: delta:0
[  258.026591] AAAAA-TCP_RECV: name:enp0s3: saddr:100932208: daddr:16783984: srtt_us:1009400: RTT:126175: ssthresh:2147483647: cwnd:10: delivered:1: lost:0: retrans:0: loseo:0: stage:0: conn:0: RTT6:0: RTT7:0: delta:0
[  258.026642] AAAAA-TCP_SEND: name:enp0s3: saddr:16783984: daddr:100932208: srtt_us:1009400: RTT:126175: ssthresh:2147483647: cwnd:10: delivered:1: lost:0: retrans:0: loseo:0: stage:0: conn:0: RTT6:0: RTT7:0: delta:0
[  273.365237] AAAAA-TCP_RECV: name:enp0s3: saddr:100932208: daddr:16783984: srtt_us:1009400: RTT:126175: ssthresh:2147483647: cwnd:10: delivered:1: lost:0: retrans:0: loseo:0: stage:0: conn:0: RTT6:0: RTT7:0: delta:0
[  273.365280] AAAAA-TCP_SEND: name:enp0s3: saddr:16783984: daddr:100932208: srtt_us:1009400: RTT:126175: ssthresh:2147483647: cwnd:10: delivered:1: lost:0: retrans:0: loseo:0: stage:0: conn:0: RTT6:0: RTT7:0: delta:0
[  273.572712] AAAAA-TCP_RECV: name:enp0s3: saddr:100932208: daddr:16783984: srtt_us:1009400: RTT:126175: ssthresh:2147483647: cwnd:10: delivered:1: lost:0: retrans:0: loseo:0: stage:0: conn:0: RTT6:0: RTT7:0: delta:0
[  273.572753] AAAAA-TCP_SEND: name:enp0s3: saddr:16783984: daddr:100932208: srtt_us:1009400: RTT:126175: ssthresh:2147483647: cwnd:10: delivered:1: lost:0: retrans:0: loseo:0: stage:0: conn:0: RTT6:0: RTT7:0: delta:0
[  273.736714] AAAAA-TCP_RECV: name:enp0s3: saddr:100932208: daddr:16783984: srtt_us:1009400: RTT:126175: ssthresh:2147483647: cwnd:10: delivered:1: lost:0: retrans:0: loseo:0: stage:0: conn:0: RTT6:0: RTT7:0: delta:0
[  273.736743] AAAAA-TCP_SEND: name:enp0s3: saddr:16783984: daddr:100932208: srtt_us:1009400: RTT:126175: ssthresh:2147483647: cwnd:10: delivered:1: lost:0: retrans:0: loseo:0: stage:0: conn:0: RTT6:0: RTT7:0: delta:0
[  273.978062] AAAAA-TCP_RECV: name:enp0s3: saddr:100932208: daddr:16783984: srtt_us:1009400: RTT:126175: ssthresh:2147483647: cwnd:10: delivered:1: lost:0: retrans:0: loseo:0: stage:0: conn:0: RTT6:0: RTT7:0: delta:0
[  273.978098] AAAAA-TCP_SEND: name:enp0s3: saddr:16783984: daddr:100932208: srtt_us:1009400: RTT:126175: ssthresh:2147483647: cwnd:10: delivered:1: lost:0: retrans:0: loseo:0: stage:0: conn:0: RTT6:0: RTT7:0: delta:0
[  274.505952] AAAAA-TCP_RECV: name:enp0s3: saddr:100932208: daddr:16783984: srtt_us:1009400: RTT:126175: ssthresh:2147483647: cwnd:10: delivered:1: lost:0: retrans:0: loseo:0: stage:0: conn:0: RTT6:0: RTT7:0: delta:0
[  274.505994] AAAAA-TCP_SEND: name:enp0s3: saddr:16783984: daddr:100932208: srtt_us:1009400: RTT:126175: ssthresh:2147483647: cwnd:10: delivered:1: lost:0: retrans:0: loseo:0: stage:0: conn:0: RTT6:0: RTT7:0: delta:0
[  274.564499] AAAAA-TCP_RECV: name:enp0s3: saddr:100932208: daddr:16783984: srtt_us:1009400: RTT:126175: ssthresh:2147483647: cwnd:10: delivered:1: lost:0: retrans:0: loseo:0: stage:0: conn:0: RTT6:0: RTT7:0: delta:0
[  274.564532] AAAAA-TCP_SEND: name:enp0s3: saddr:16783984: daddr:100932208: srtt_us:1009400: RTT:126175: ssthresh:2147483647: cwnd:10: delivered:1: lost:0: retrans:0: loseo:0: stage:0: conn:0: RTT6:0: RTT7:0: delta:0
[  274.888570] AAAAA-TCP_RECV: name:enp0s3: saddr:100932208: daddr:16783984: srtt_us:1009400: RTT:126175: ssthresh:2147483647: cwnd:10: delivered:1: lost:0: retrans:0: loseo:0: stage:0: conn:0: RTT6:0: RTT7:0: delta:0
[  274.888601] AAAAA-TCP_SEND: name:enp0s3: saddr:16783984: daddr:100932208: srtt_us:1009400: RTT:126175: ssthresh:2147483647: cwnd:10: delivered:1: lost:0: retrans:0: loseo:0: stage:0: conn:0: RTT6:0: RTT7:0: delta:0
[  275.417435] AAAAA-TCP_RECV: name:enp0s3: saddr:100932208: daddr:16783984: srtt_us:1009400: RTT:126175: ssthresh:2147483647: cwnd:10: delivered:1: lost:0: retrans:0: loseo:0: stage:0: conn:0: RTT6:0: RTT7:0: delta:0
[  275.417476] AAAAA-TCP_SEND: name:enp0s3: saddr:16783984: daddr:100932208: srtt_us:1009400: RTT:126175: ssthresh:2147483647: cwnd:10: delivered:1: lost:0: retrans:0: loseo:0: stage:0: conn:0: RTT6:0: RTT7:0: delta:0
[  275.541692] AAAAA-TCP_RECV: name:enp0s3: saddr:100932208: daddr:16783984: srtt_us:1009400: RTT:126175: ssthresh:2147483647: cwnd:10: delivered:1: lost:0: retrans:0: loseo:0: stage:0: conn:0: RTT6:0: RTT7:0: delta:0
[  275.541744] AAAAA-TCP_SEND: name:enp0s3: saddr:16783984: daddr:100932208: srtt_us:1009400: RTT:126175: ssthresh:2147483647: cwnd:10: delivered:1: lost:0: retrans:0: loseo:0: stage:0: conn:0: RTT6:0: RTT7:0: delta:0
[  275.618599] AAAAA-TCP_RECV: name:enp0s3: saddr:100932208: daddr:16783984: srtt_us:1009400: RTT:126175: ssthresh:2147483647: cwnd:10: delivered:1: lost:0: retrans:0: loseo:0: stage:0: conn:0: RTT6:0: RTT7:0: delta:0
[  275.618633] AAAAA-TCP_SEND: name:enp0s3: saddr:16783984: daddr:100932208: srtt_us:1009400: RTT:126175: ssthresh:2147483647: cwnd:10: delivered:1: lost:0: retrans:0: loseo:0: stage:0: conn:0: RTT6:0: RTT7:0: delta:0
[  275.699194] AAAAA-TCP_RECV: name:enp0s3: saddr:100932208: daddr:16783984: srtt_us:1009400: RTT:126175: ssthresh:2147483647: cwnd:10: delivered:1: lost:0: retrans:0: loseo:0: stage:0: conn:0: RTT6:0: RTT7:0: delta:0
[  275.699227] AAAAA-TCP_SEND: name:enp0s3: saddr:16783984: daddr:100932208: srtt_us:1009400: RTT:126175: ssthresh:2147483647: cwnd:10: delivered:1: lost:0: retrans:0: loseo:0: stage:0: conn:0: RTT6:0: RTT7:0: delta:0
[  275.786452] AAAAA-TCP_RECV: name:enp0s3: saddr:100932208: daddr:16783984: srtt_us:1009400: RTT:126175: ssthresh:2147483647: cwnd:10: delivered:1: lost:0: retrans:0: loseo:0: stage:0: conn:0: RTT6:0: RTT7:0: delta:0
[  275.786480] AAAAA-TCP_SEND: name:enp0s3: saddr:16783984: daddr:100932208: srtt_us:1009400: RTT:126175: ssthresh:2147483647: cwnd:10: delivered:1: lost:0: retrans:0: loseo:0: stage:0: conn:0: RTT6:0: RTT7:0: delta:0
[  275.879662] AAAAA-TCP_RECV: name:enp0s3: saddr:100932208: daddr:16783984: srtt_us:1009400: RTT:126175: ssthresh:2147483647: cwnd:10: delivered:1: lost:0: retrans:0: loseo:0: stage:0: conn:0: RTT6:0: RTT7:0: delta:0
[  275.879688] AAAAA-TCP_SEND: name:enp0s3: saddr:16783984: daddr:100932208: srtt_us:1009400: RTT:126175: ssthresh:2147483647: cwnd:10: delivered:1: lost:0: retrans:0: loseo:0: stage:0: conn:0: RTT6:0: RTT7:0: delta:0
[  275.960542] AAAAA-TCP_RECV: name:enp0s3: saddr:100932208: daddr:16783984: srtt_us:1009400: RTT:126175: ssthresh:2147483647: cwnd:10: delivered:1: lost:0: retrans:0: loseo:0: stage:0: conn:0: RTT6:0: RTT7:0: delta:0
[  275.960570] AAAAA-TCP_SEND: name:enp0s3: saddr:16783984: daddr:100932208: srtt_us:1009400: RTT:126175: ssthresh:2147483647: cwnd:10: delivered:1: lost:0: retrans:0: loseo:0: stage:0: conn:0: RTT6:0: RTT7:0: delta:0
[  276.146774] AAAAA-TCP_RECV: name:enp0s3: saddr:100932208: daddr:16783984: srtt_us:1009400: RTT:126175: ssthresh:2147483647: cwnd:10: delivered:1: lost:0: retrans:0: loseo:0: stage:0: conn:0: RTT6:0: RTT7:0: delta:0
[  276.146811] AAAAA-TCP_SEND: name:enp0s3: saddr:16783984: daddr:100932208: srtt_us:1009400: RTT:126175: ssthresh:2147483647: cwnd:10: delivered:1: lost:0: retrans:0: loseo:0: stage:0: conn:0: RTT6:0: RTT7:0: delta:0
[  276.233440] AAAAA-TCP_RECV: name:enp0s3: saddr:100932208: daddr:16783984: srtt_us:1009400: RTT:126175: ssthresh:2147483647: cwnd:10: delivered:1: lost:0: retrans:0: loseo:0: stage:0: conn:0: RTT6:0: RTT7:0: delta:0
[  276.233487] AAAAA-TCP_SEND: name:enp0s3: saddr:16783984: daddr:100932208: srtt_us:1009400: RTT:126175: ssthresh:2147483647: cwnd:10: delivered:1: lost:0: retrans:0: loseo:0: stage:0: conn:0: RTT6:0: RTT7:0: delta:0
[  276.509992] AAAAA-TCP_RECV: name:enp0s3: saddr:100932208: daddr:16783984: srtt_us:1009400: RTT:126175: ssthresh:2147483647: cwnd:10: delivered:1: lost:0: retrans:0: loseo:0: stage:0: conn:0: RTT6:0: RTT7:0: delta:0
[  276.510031] AAAAA-TCP_SEND: name:enp0s3: saddr:16783984: daddr:100932208: srtt_us:1009400: RTT:126175: ssthresh:2147483647: cwnd:10: delivered:1: lost:0: retrans:0: loseo:0: stage:0: conn:0: RTT6:0: RTT7:0: delta:0
[  276.573220] AAAAA-TCP_RECV: name:enp0s3: saddr:100932208: daddr:33561200: srtt_us:2947736: RTT:368467: ssthresh:2147483647: cwnd:10: delivered:1: lost:0: retrans:0: loseo:0: stage:0: conn:0: RTT6:0: RTT7:0: delta:0
[  276.573253] AAAAA-TCP_SEND: name:enp0s3: saddr:33561200: daddr:100932208: srtt_us:2947736: RTT:368467: ssthresh:2147483647: cwnd:10: delivered:1: lost:0: retrans:0: loseo:0: stage:0: conn:0: RTT6:0: RTT7:0: delta:0
[  276.754638] AAAAA-TCP_RECV: name:enp0s3: saddr:100932208: daddr:33561200: srtt_us:2947736: RTT:368467: ssthresh:2147483647: cwnd:10: delivered:1: lost:0: retrans:0: loseo:0: stage:0: conn:0: RTT6:0: RTT7:0: delta:0
[  276.754669] AAAAA-TCP_SEND: name:enp0s3: saddr:33561200: daddr:100932208: srtt_us:2947736: RTT:368467: ssthresh:2147483647: cwnd:10: delivered:1: lost:0: retrans:0: loseo:0: stage:0: conn:0: RTT6:0: RTT7:0: delta:0
[  276.887740] AAAAA-TCP_RECV: name:enp0s3: saddr:100932208: daddr:33561200: srtt_us:2947736: RTT:368467: ssthresh:2147483647: cwnd:10: delivered:1: lost:0: retrans:0: loseo:0: stage:0: conn:0: RTT6:0: RTT7:0: delta:0
[  276.887786] AAAAA-TCP_SEND: name:enp0s3: saddr:33561200: daddr:100932208: srtt_us:2947736: RTT:368467: ssthresh:2147483647: cwnd:10: delivered:1: lost:0: retrans:0: loseo:0: stage:0: conn:0: RTT6:0: RTT7:0: delta:0
[  277.052512] AAAAA-TCP_RECV: name:enp0s3: saddr:100932208: daddr:33561200: srtt_us:2947736: RTT:368467: ssthresh:2147483647: cwnd:10: delivered:1: lost:0: retrans:0: loseo:0: stage:0: conn:0: RTT6:0: RTT7:0: delta:0
[  277.052545] AAAAA-TCP_SEND: name:enp0s3: saddr:33561200: daddr:100932208: srtt_us:2947736: RTT:368467: ssthresh:2147483647: cwnd:10: delivered:1: lost:0: retrans:0: loseo:0: stage:0: conn:0: RTT6:0: RTT7:0: delta:0
[  277.229487] AAAAA-TCP_RECV: name:enp0s3: saddr:100932208: daddr:33561200: srtt_us:2947736: RTT:368467: ssthresh:2147483647: cwnd:10: delivered:1: lost:0: retrans:0: loseo:0: stage:0: conn:0: RTT6:0: RTT7:0: delta:0
[  277.229528] AAAAA-TCP_SEND: name:enp0s3: saddr:33561200: daddr:100932208: srtt_us:2947736: RTT:368467: ssthresh:2147483647: cwnd:10: delivered:1: lost:0: retrans:0: loseo:0: stage:0: conn:0: RTT6:0: RTT7:0: delta:0
[  277.385612] AAAAA-TCP_RECV: name:enp0s3: saddr:100932208: daddr:33561200: srtt_us:2947736: RTT:368467: ssthresh:2147483647: cwnd:10: delivered:1: lost:0: retrans:0: loseo:0: stage:0: conn:0: RTT6:0: RTT7:0: delta:0
[  277.385652] AAAAA-TCP_SEND: name:enp0s3: saddr:33561200: daddr:100932208: srtt_us:2947736: RTT:368467: ssthresh:2147483647: cwnd:10: delivered:1: lost:0: retrans:0: loseo:0: stage:0: conn:0: RTT6:0: RTT7:0: delta:0
[  277.451215] AAAAA-TCP_RECV: name:enp0s3: saddr:100932208: daddr:33561200: srtt_us:2947736: RTT:368467: ssthresh:2147483647: cwnd:10: delivered:1: lost:0: retrans:0: loseo:0: stage:0: conn:0: RTT6:0: RTT7:0: delta:0
[  277.451247] AAAAA-TCP_SEND: name:enp0s3: saddr:33561200: daddr:100932208: srtt_us:2947736: RTT:368467: ssthresh:2147483647: cwnd:10: delivered:1: lost:0: retrans:0: loseo:0: stage:0: conn:0: RTT6:0: RTT7:0: delta:0
[  277.867152] AAAAA-TCP_RECV: name:enp0s3: saddr:100932208: daddr:33561200: srtt_us:2947736: RTT:368467: ssthresh:2147483647: cwnd:10: delivered:1: lost:0: retrans:0: loseo:0: stage:0: conn:0: RTT6:0: RTT7:0: delta:0
[  277.867183] AAAAA-TCP_SEND: name:enp0s3: saddr:33561200: daddr:100932208: srtt_us:2947736: RTT:368467: ssthresh:2147483647: cwnd:10: delivered:1: lost:0: retrans:0: loseo:0: stage:0: conn:0: RTT6:0: RTT7:0: delta:0
[  278.155813] AAAAA-TCP_RECV: name:enp0s3: saddr:100932208: daddr:33561200: srtt_us:2947736: RTT:368467: ssthresh:2147483647: cwnd:10: delivered:1: lost:0: retrans:0: loseo:0: stage:0: conn:0: RTT6:0: RTT7:0: delta:0
[  278.155853] AAAAA-TCP_SEND: name:enp0s3: saddr:33561200: daddr:100932208: srtt_us:2947736: RTT:368467: ssthresh:2147483647: cwnd:10: delivered:1: lost:0: retrans:0: loseo:0: stage:0: conn:0: RTT6:0: RTT7:0: delta:0
[  282.228139] AAAAA-TCP_RECV: name:enp0s3: saddr:100932208: daddr:16783984: srtt_us:1009400: RTT:126175: ssthresh:2147483647: cwnd:10: delivered:1: lost:0: retrans:0: loseo:0: stage:0: conn:0: RTT6:0: RTT7:0: delta:0
[  282.228180] AAAAA-TCP_SEND: name:enp0s8: saddr:16783984: daddr:100932208: srtt_us:1009400: RTT:126175: ssthresh:2147483647: cwnd:10: delivered:1: lost:0: retrans:0: loseo:0: stage:0: conn:0: RTT6:0: RTT7:0: delta:0
[  282.458550] AAAAA-TCP_RECV: name:enp0s3: saddr:100932208: daddr:16783984: srtt_us:1009400: RTT:126175: ssthresh:2147483647: cwnd:10: delivered:1: lost:0: retrans:0: loseo:0: stage:0: conn:0: RTT6:0: RTT7:0: delta:0
[  282.458569] AAAAA-TCP_SEND: name:enp0s8: saddr:16783984: daddr:100932208: srtt_us:1009400: RTT:126175: ssthresh:2147483647: cwnd:10: delivered:1: lost:0: retrans:0: loseo:0: stage:0: conn:0: RTT6:0: RTT7:0: delta:0
[  282.612967] AAAAA-TCP_RECV: name:enp0s3: saddr:100932208: daddr:16783984: srtt_us:1009400: RTT:126175: ssthresh:2147483647: cwnd:10: delivered:1: lost:0: retrans:0: loseo:0: stage:0: conn:0: RTT6:0: RTT7:0: delta:0
[  282.613003] AAAAA-TCP_SEND: name:enp0s8: saddr:16783984: daddr:100932208: srtt_us:1009400: RTT:126175: ssthresh:2147483647: cwnd:10: delivered:1: lost:0: retrans:0: loseo:0: stage:0: conn:0: RTT6:0: RTT7:0: delta:0
[  282.998510] AAAAA-TCP_RECV: name:enp0s3: saddr:100932208: daddr:16783984: srtt_us:1009400: RTT:126175: ssthresh:2147483647: cwnd:10: delivered:1: lost:0: retrans:0: loseo:0: stage:0: conn:0: RTT6:0: RTT7:0: delta:0
[  282.998545] AAAAA-TCP_SEND: name:enp0s8: saddr:16783984: daddr:100932208: srtt_us:1009400: RTT:126175: ssthresh:2147483647: cwnd:10: delivered:1: lost:0: retrans:0: loseo:0: stage:0: conn:0: RTT6:0: RTT7:0: delta:0
[  283.083856] AAAAA-TCP_RECV: name:enp0s3: saddr:100932208: daddr:16783984: srtt_us:1009400: RTT:126175: ssthresh:2147483647: cwnd:10: delivered:1: lost:0: retrans:0: loseo:0: stage:0: conn:0: RTT6:0: RTT7:0: delta:0
