[    0.000000] Linux version 5.4.243-dmptcp (root@ztg) (gcc version 12.2.0 (Debian 12.2.0-14+deb12u1)) #119 SMP Wed Dec 24 23:52:51 CST 2025
[    0.000000] Command line: BOOT_IMAGE=/boot/vmlinuz-5.4.243-dmptcp root=UUID=98415a12-53b7-4144-8265-0f7ece09e445 ro quiet splash
[    0.000000] KERNEL supported cpus:
[    0.000000]   Intel GenuineIntel
[    0.000000]   AMD AuthenticAMD
[    0.000000]   Hygon HygonGenuine
[    0.000000]   Centaur CentaurHauls
[    0.000000]   zhaoxin   Shanghai  
[    0.000000] x86/fpu: Supporting XSAVE feature 0x001: 'x87 floating point registers'
[    0.000000] x86/fpu: Supporting XSAVE feature 0x002: 'SSE registers'
[    0.000000] x86/fpu: Supporting XSAVE feature 0x004: 'AVX registers'
[    0.000000] x86/fpu: xstate_offset[2]:  576, xstate_sizes[2]:  256
[    0.000000] x86/fpu: Enabled xstate features 0x7, context size is 832 bytes, using 'standard' format.
[    0.000000] BIOS-provided physical RAM map:
[    0.000000] BIOS-e820: [mem 0x0000000000000000-0x000000000009fbff] usable
[    0.000000] BIOS-e820: [mem 0x000000000009fc00-0x000000000009ffff] reserved
[    0.000000] BIOS-e820: [mem 0x00000000000f0000-0x00000000000fffff] reserved
[    0.000000] BIOS-e820: [mem 0x0000000000100000-0x000000007ffeffff] usable
[    0.000000] BIOS-e820: [mem 0x000000007fff0000-0x000000007fffffff] ACPI data
[    0.000000] BIOS-e820: [mem 0x00000000fec00000-0x00000000fec00fff] reserved
[    0.000000] BIOS-e820: [mem 0x00000000fee00000-0x00000000fee00fff] reserved
[    0.000000] BIOS-e820: [mem 0x00000000fffc0000-0x00000000ffffffff] reserved
[    0.000000] NX (Execute Disable) protection: active
[    0.000000] SMBIOS 2.5 present.
[    0.000000] DMI: innotek GmbH VirtualBox/VirtualBox, BIOS VirtualBox 12/01/2006
[    0.000000] Hypervisor detected: KVM
[    0.000000] kvm-clock: Using msrs 4b564d01 and 4b564d00
[    0.000000] kvm-clock: cpu 0, msr ca01001, primary cpu clock
[    0.000000] kvm-clock: using sched offset of 4444865480 cycles
[    0.000003] clocksource: kvm-clock: mask: 0xffffffffffffffff max_cycles: 0x1cd42e4dffb, max_idle_ns: 881590591483 ns
[    0.000005] tsc: Detected 2100.000 MHz processor
[    0.001933] e820: update [mem 0x00000000-0x00000fff] usable ==> reserved
[    0.001936] e820: remove [mem 0x000a0000-0x000fffff] usable
[    0.001940] last_pfn = 0x7fff0 max_arch_pfn = 0x400000000
[    0.002055] MTRR default type: uncachable
[    0.002056] MTRR fixed ranges enabled:
[    0.002057]   00000-9FFFF write-back
[    0.002058]   A0000-BFFFF uncachable
[    0.002059]   C0000-FFFFF write-protect
[    0.002060] MTRR variable ranges enabled:
[    0.002061]   0 base 000000000000 mask 3FFF80000000 write-back
[    0.002062]   1 disabled
[    0.002062]   2 disabled
[    0.002063]   3 disabled
[    0.002063]   4 disabled
[    0.002063]   5 disabled
[    0.002064]   6 disabled
[    0.002064]   7 disabled
[    0.002065]   8 disabled
[    0.002065]   9 disabled
[    0.002066]   10 disabled
[    0.002066]   11 disabled
[    0.002067]   12 disabled
[    0.002067]   13 disabled
[    0.002067]   14 disabled
[    0.002068]   15 disabled
[    0.002084] x86/PAT: Configuration [0-7]: WB  WC  UC- UC  WB  WP  UC- WT  
[    0.002218] found SMP MP-table at [mem 0x0009fff0-0x0009ffff]
[    0.092318] check: Scanning 1 areas for low memory corruption
[    0.092522] RAMDISK: [mem 0x32271000-0x3512ffff]
[    0.092531] ACPI: Early table checksum verification disabled
[    0.092537] ACPI: RSDP 0x00000000000E0000 000024 (v02 VBOX  )
[    0.092542] ACPI: XSDT 0x000000007FFF0030 00003C (v01 VBOX   VBOXXSDT 00000001 ASL  00000061)
[    0.092548] ACPI: FACP 0x000000007FFF00F0 0000F4 (v04 VBOX   VBOXFACP 00000001 ASL  00000061)
[    0.092554] ACPI: DSDT 0x000000007FFF02E0 002353 (v02 VBOX   VBOXBIOS 00000002 VBOX 00029BF3)
[    0.092558] ACPI: FACS 0x000000007FFF0200 000040
[    0.092562] ACPI: FACS 0x000000007FFF0200 000040
[    0.092565] ACPI: APIC 0x000000007FFF0240 000054 (v02 VBOX   VBOXAPIC 00000001 ASL  00000061)
[    0.092569] ACPI: SSDT 0x000000007FFF02A0 000038 (v01 VBOX   VBOXCPUT 00000002 VBOX 00029BF3)
[    0.092572] ACPI: Reserving FACP table memory at [mem 0x7fff00f0-0x7fff01e3]
[    0.092573] ACPI: Reserving DSDT table memory at [mem 0x7fff02e0-0x7fff2632]
[    0.092573] ACPI: Reserving FACS table memory at [mem 0x7fff0200-0x7fff023f]
[    0.092574] ACPI: Reserving FACS table memory at [mem 0x7fff0200-0x7fff023f]
[    0.092575] ACPI: Reserving APIC table memory at [mem 0x7fff0240-0x7fff0293]
[    0.092576] ACPI: Reserving SSDT table memory at [mem 0x7fff02a0-0x7fff02d7]
[    0.092590] ACPI: Local APIC address 0xfee00000
[    0.092777] No NUMA configuration found
[    0.092778] Faking a node at [mem 0x0000000000000000-0x000000007ffeffff]
[    0.092788] NODE_DATA(0) allocated [mem 0x7ffc5000-0x7ffeffff]
[    0.093704] Zone ranges:
[    0.093705]   DMA      [mem 0x0000000000001000-0x0000000000ffffff]
[    0.093706]   DMA32    [mem 0x0000000001000000-0x000000007ffeffff]
[    0.093707]   Normal   empty
[    0.093708]   Device   empty
[    0.093709] Movable zone start for each node
[    0.093711] Early memory node ranges
[    0.093712]   node   0: [mem 0x0000000000001000-0x000000000009efff]
[    0.093712]   node   0: [mem 0x0000000000100000-0x000000007ffeffff]
[    0.094353] Zeroed struct page in unavailable ranges: 114 pages
[    0.094355] Initmem setup node 0 [mem 0x0000000000001000-0x000000007ffeffff]
[    0.094357] On node 0 totalpages: 524174
[    0.094358]   DMA zone: 64 pages used for memmap
[    0.094359]   DMA zone: 21 pages reserved
[    0.094359]   DMA zone: 3998 pages, LIFO batch:0
[    0.094447]   DMA32 zone: 8128 pages used for memmap
[    0.094447]   DMA32 zone: 520176 pages, LIFO batch:63
[    0.103376] ACPI: PM-Timer IO Port: 0x4008
[    0.103379] ACPI: Local APIC address 0xfee00000
[    0.103446] IOAPIC[0]: apic_id 1, version 32, address 0xfec00000, GSI 0-23
[    0.103449] ACPI: INT_SRC_OVR (bus 0 bus_irq 0 global_irq 2 dfl dfl)
[    0.103451] ACPI: INT_SRC_OVR (bus 0 bus_irq 9 global_irq 9 low level)
[    0.103453] ACPI: IRQ0 used by override.
[    0.103454] ACPI: IRQ9 used by override.
[    0.103456] Using ACPI (MADT) for SMP configuration information
[    0.103463] smpboot: Allowing 1 CPUs, 0 hotplug CPUs
[    0.103487] PM: Registered nosave memory: [mem 0x00000000-0x00000fff]
[    0.103489] PM: Registered nosave memory: [mem 0x0009f000-0x0009ffff]
[    0.103489] PM: Registered nosave memory: [mem 0x000a0000-0x000effff]
[    0.103490] PM: Registered nosave memory: [mem 0x000f0000-0x000fffff]
[    0.103491] [mem 0x80000000-0xfebfffff] available for PCI devices
[    0.103492] Booting paravirtualized kernel on KVM
[    0.103496] clocksource: refined-jiffies: mask: 0xffffffff max_cycles: 0xffffffff, max_idle_ns: 7645519600211568 ns
[    0.103500] setup_percpu: NR_CPUS:8192 nr_cpumask_bits:1 nr_cpu_ids:1 nr_node_ids:1
[    0.104393] percpu: Embedded 60 pages/cpu s208896 r8192 d28672 u2097152
[    0.104398] pcpu-alloc: s208896 r8192 d28672 u2097152 alloc=1*2097152
[    0.104399] pcpu-alloc: [0] 0 
[    0.104425] Built 1 zonelists, mobility grouping on.  Total pages: 515961
[    0.104425] Policy zone: DMA32
[    0.104426] Kernel command line: BOOT_IMAGE=/boot/vmlinuz-5.4.243-dmptcp root=UUID=98415a12-53b7-4144-8265-0f7ece09e445 ro quiet splash
[    0.105260] Dentry cache hash table entries: 262144 (order: 9, 2097152 bytes, linear)
[    0.105407] Inode-cache hash table entries: 131072 (order: 8, 1048576 bytes, linear)
[    0.105457] mem auto-init: stack:off, heap alloc:on, heap free:off
[    0.105460] Calgary: detecting Calgary via BIOS EBDA area
[    0.105461] Calgary: Unable to locate Rio Grande table in EBDA - bailing!
[    0.109537] Memory: 1967332K/2096696K available (14339K kernel code, 2399K rwdata, 4716K rodata, 2728K init, 17260K bss, 129364K reserved, 0K cma-reserved)
[    0.110456] SLUB: HWalign=64, Order=0-3, MinObjects=0, CPUs=1, Nodes=1
[    0.110473] ftrace: allocating 43203 entries in 169 pages
[    0.128538] rcu: Hierarchical RCU implementation.
[    0.128540] rcu: 	RCU restricting CPUs from NR_CPUS=8192 to nr_cpu_ids=1.
[    0.128542] 	Tasks RCU enabled.
[    0.128543] rcu: RCU calculated value of scheduler-enlistment delay is 25 jiffies.
[    0.128544] rcu: Adjusting geometry for rcu_fanout_leaf=16, nr_cpu_ids=1
[    0.131511] NR_IRQS: 524544, nr_irqs: 256, preallocated irqs: 16
[    0.131723] random: crng init done
[    0.140988] Console: colour VGA+ 80x25
[    0.140992] printk: console [tty0] enabled
[    0.141012] ACPI: Core revision 20190816
[    0.141106] APIC: Switch to symmetric I/O mode setup
[    0.141355] x2apic enabled
[    0.141593] Switched APIC routing to physical x2apic.
[    0.142731] ..TIMER: vector=0x30 apic1=0 pin1=2 apic2=-1 pin2=-1
[    0.142757] clocksource: tsc-early: mask: 0xffffffffffffffff max_cycles: 0x1e4530a99b6, max_idle_ns: 440795257976 ns
[    0.142762] Calibrating delay loop (skipped) preset value.. 4200.00 BogoMIPS (lpj=8400000)
[    0.142765] pid_max: default: 32768 minimum: 301
[    0.142793] LSM: Security Framework initializing
[    0.142802] Yama: becoming mindful.
[    0.142826] AppArmor: AppArmor initialized
[    0.142859] Mount-cache hash table entries: 4096 (order: 3, 32768 bytes, linear)
[    0.142863] Mountpoint-cache hash table entries: 4096 (order: 3, 32768 bytes, linear)
[    0.142873] *** VALIDATE tmpfs ***
[    0.143002] *** VALIDATE proc ***
[    0.143041] *** VALIDATE cgroup1 ***
[    0.143042] *** VALIDATE cgroup2 ***
[    0.143182] process: using mwait in idle threads
[    0.143186] Last level iTLB entries: 4KB 64, 2MB 8, 4MB 8
[    0.143187] Last level dTLB entries: 4KB 64, 2MB 0, 4MB 0, 1GB 4
[    0.143207] Spectre V1 : Mitigation: usercopy/swapgs barriers and __user pointer sanitization
[    0.143213] Spectre V2 : Mitigation: Retpolines
[    0.143213] Spectre V2 : Spectre v2 / SpectreRSB mitigation: Filling RSB on context switch
[    0.143214] Spectre V2 : Spectre v2 / SpectreRSB : Filling RSB on VMEXIT
[    0.143214] RETBleed: WARNING: Spectre v2 mitigation leaves CPU vulnerable to RETBleed attacks, data leaks possible!
[    0.143568] RETBleed: Vulnerable
[    0.143568] Speculative Store Bypass: Vulnerable
[    0.143573] TAA: Mitigation: TSX disabled
[    0.143573] MMIO Stale Data: Mitigation: Clear CPU buffers
[    0.147802] Freeing SMP alternatives memory: 40K
[    0.260121] smpboot: CPU0: Intel(R) Xeon(R) Silver 4216 CPU @ 2.10GHz (family: 0x6, model: 0x55, stepping: 0x7)
[    0.260251] Performance Events: unsupported p6 CPU model 85 no PMU driver, software events only.
[    0.260288] rcu: Hierarchical SRCU implementation.
[    0.260763] NMI watchdog: Perf NMI watchdog permanently disabled
[    0.260801] smp: Bringing up secondary CPUs ...
[    0.260802] smp: Brought up 1 node, 1 CPU
[    0.260803] smpboot: Max logical packages: 1
[    0.260804] smpboot: Total of 1 processors activated (4200.00 BogoMIPS)
[    0.261857] devtmpfs: initialized
[    0.261918] x86/mm: Memory block size: 128MB
[    0.262284] clocksource: jiffies: mask: 0xffffffff max_cycles: 0xffffffff, max_idle_ns: 7645041785100000 ns
[    0.262290] futex hash table entries: 256 (order: 2, 16384 bytes, linear)
[    0.262336] pinctrl core: initialized pinctrl subsystem
[    0.262441] PM: RTC time: 11:25:55, date: 2026-01-11
[    0.262570] NET: Registered protocol family 16
[    0.262658] audit: initializing netlink subsys (disabled)
[    0.262759] EISA bus registered
[    0.262759] cpuidle: using governor ladder
[    0.262759] cpuidle: using governor menu
[    0.262759] ACPI: bus type PCI registered
[    0.262759] acpiphp: ACPI Hot Plug PCI Controller Driver version: 0.5
[    0.262759] PCI: Using configuration type 1 for base access
[    0.263534] audit: type=2000 audit(1768101961.737:1): state=initialized audit_enabled=0 res=1
[    0.263622] HugeTLB registered 2.00 MiB page size, pre-allocated 0 pages
[    0.264534] ACPI: Added _OSI(Module Device)
[    0.264535] ACPI: Added _OSI(Processor Device)
[    0.264536] ACPI: Added _OSI(3.0 _SCP Extensions)
[    0.264536] ACPI: Added _OSI(Processor Aggregator Device)
[    0.264537] ACPI: Added _OSI(Linux-Dell-Video)
[    0.264538] ACPI: Added _OSI(Linux-Lenovo-NV-HDMI-Audio)
[    0.264539] ACPI: Added _OSI(Linux-HPI-Hybrid-Graphics)
[    0.266710] ACPI: 2 ACPI AML tables successfully acquired and loaded
[    0.268317] ACPI: Interpreter enabled
[    0.268327] ACPI: (supports S0 S5)
[    0.268328] ACPI: Using IOAPIC for interrupt routing
[    0.268548] PCI: Using host bridge windows from ACPI; if necessary, use "pci=nocrs" and report a bug
[    0.268658] ACPI: Enabled 2 GPEs in block 00 to 07
[    0.273944] ACPI: PCI Root Bridge [PCI0] (domain 0000 [bus 00-ff])
[    0.273949] acpi PNP0A03:00: _OSC: OS supports [ASPM ClockPM Segments MSI HPX-Type3]
[    0.274392] acpi PNP0A03:00: _OSC: not requesting OS control; OS requires [ExtendedConfig ASPM ClockPM MSI]
[    0.274401] acpi PNP0A03:00: fail to add MMCONFIG information, can't access extended PCI configuration space under this bridge.
[    0.274949] PCI host bridge to bus 0000:00
[    0.274952] pci_bus 0000:00: root bus resource [io  0x0000-0x0cf7 window]
[    0.274953] pci_bus 0000:00: root bus resource [io  0x0d00-0xffff window]
[    0.274954] pci_bus 0000:00: root bus resource [mem 0x000a0000-0x000bffff window]
[    0.274955] pci_bus 0000:00: root bus resource [mem 0x80000000-0xfdffffff window]
[    0.274957] pci_bus 0000:00: root bus resource [bus 00-ff]
[    0.275005] pci 0000:00:00.0: [8086:1237] type 00 class 0x060000
[    0.275968] pci 0000:00:01.0: [8086:7000] type 00 class 0x060100
[    0.276738] pci 0000:00:01.1: [8086:7111] type 00 class 0x01018a
[    0.277117] pci 0000:00:01.1: reg 0x20: [io  0xd000-0xd00f]
[    0.277271] pci 0000:00:01.1: legacy IDE quirk: reg 0x10: [io  0x01f0-0x01f7]
[    0.277272] pci 0000:00:01.1: legacy IDE quirk: reg 0x14: [io  0x03f6]
[    0.277273] pci 0000:00:01.1: legacy IDE quirk: reg 0x18: [io  0x0170-0x0177]
[    0.277274] pci 0000:00:01.1: legacy IDE quirk: reg 0x1c: [io  0x0376]
[    0.277817] pci 0000:00:02.0: [15ad:0405] type 00 class 0x030000
[    0.280658] pci 0000:00:02.0: reg 0x10: [io  0xd010-0xd01f]
[    0.282810] pci 0000:00:02.0: reg 0x14: [mem 0xe0000000-0xe7ffffff pref]
[    0.285451] pci 0000:00:02.0: reg 0x18: [mem 0xf0000000-0xf01fffff]
[    0.295548] pci 0000:00:03.0: [1022:2000] type 00 class 0x020000
[    0.296222] pci 0000:00:03.0: reg 0x10: [io  0xd020-0xd03f]
[    0.296832] pci 0000:00:03.0: reg 0x14: [mem 0xf0200000-0xf0200fff]
[    0.301843] pci 0000:00:04.0: [80ee:cafe] type 00 class 0x088000
[    0.302536] pci 0000:00:04.0: reg 0x10: [io  0xd040-0xd05f]
[    0.302873] pci 0000:00:04.0: reg 0x14: [mem 0xf0400000-0xf07fffff]
[    0.303478] pci 0000:00:04.0: reg 0x18: [mem 0xf0800000-0xf0803fff pref]
[    0.306759] pci 0000:00:07.0: [8086:7113] type 00 class 0x068000
[    0.306759] pci 0000:00:07.0: quirk: [io  0x4000-0x403f] claimed by PIIX4 ACPI
[    0.306759] pci 0000:00:07.0: quirk: [io  0x4100-0x410f] claimed by PIIX4 SMB
[    0.306759] pci 0000:00:08.0: [8086:100e] type 00 class 0x020000
[    0.310834] pci 0000:00:08.0: reg 0x10: [mem 0xf0820000-0xf083ffff]
[    0.312009] pci 0000:00:08.0: reg 0x18: [io  0xd060-0xd067]
[    0.315806] pci 0000:00:09.0: [8086:100e] type 00 class 0x020000
[    0.316521] pci 0000:00:09.0: reg 0x10: [mem 0xf0840000-0xf085ffff]
[    0.317677] pci 0000:00:09.0: reg 0x18: [io  0xd068-0xd06f]
[    0.327738] ACPI: PCI Interrupt Link [LNKA] (IRQs 5 9 10 *11)
[    0.328019] ACPI: PCI Interrupt Link [LNKB] (IRQs 5 9 *10 11)
[    0.328121] ACPI: PCI Interrupt Link [LNKC] (IRQs 5 *9 10 11)
[    0.328223] ACPI: PCI Interrupt Link [LNKD] (IRQs 5 9 10 *11)
[    0.328491] iommu: Default domain type: Translated 
[    0.328546] pci 0000:00:02.0: vgaarb: setting as boot VGA device
[    0.328548] pci 0000:00:02.0: vgaarb: VGA device added: decodes=io+mem,owns=io+mem,locks=none
[    0.328550] pci 0000:00:02.0: vgaarb: bridge control possible
[    0.328551] vgaarb: loaded
[    0.328762] SCSI subsystem initialized
[    0.328793] libata version 3.00 loaded.
[    0.328817] ACPI: bus type USB registered
[    0.328831] usbcore: registered new interface driver usbfs
[    0.328841] usbcore: registered new interface driver hub
[    0.328846] usbcore: registered new device driver usb
[    0.328873] pps_core: LinuxPPS API ver. 1 registered
[    0.328873] pps_core: Software ver. 5.3.6 - Copyright 2005-2007 Rodolfo Giometti <giometti@linux.it>
[    0.328877] PTP clock support registered
[    0.328911] EDAC MC: Ver: 3.0.0
[    0.329190] PCI: Using ACPI for IRQ routing
[    0.329191] PCI: pci_cache_line_size set to 64 bytes
[    0.329362] e820: reserve RAM buffer [mem 0x0009fc00-0x0009ffff]
[    0.329366] e820: reserve RAM buffer [mem 0x7fff0000-0x7fffffff]
[    0.330775] NetLabel: Initializing
[    0.330775] NetLabel:  domain hash size = 128
[    0.330776] NetLabel:  protocols = UNLABELED CIPSOv4 CALIPSO
[    0.330797] NetLabel:  unlabeled traffic allowed by default
[    0.331700] clocksource: Switched to clocksource kvm-clock
[    0.345123] *** VALIDATE bpf ***
[    0.345191] VFS: Disk quotas dquot_6.6.0
[    0.345203] VFS: Dquot-cache hash table entries: 512 (order 0, 4096 bytes)
[    0.345226] *** VALIDATE ramfs ***
[    0.345229] *** VALIDATE hugetlbfs ***
[    0.345311] AppArmor: AppArmor Filesystem Enabled
[    0.345339] pnp: PnP ACPI init
[    0.345415] pnp 00:00: Plug and Play ACPI device, IDs PNP0303 (active)
[    0.345510] pnp 00:01: Plug and Play ACPI device, IDs PNP0f03 (active)
[    0.346271] pnp: PnP ACPI: found 2 devices
[    0.347260] thermal_sys: Registered thermal governor 'fair_share'
[    0.347260] thermal_sys: Registered thermal governor 'bang_bang'
[    0.347261] thermal_sys: Registered thermal governor 'step_wise'
[    0.347262] thermal_sys: Registered thermal governor 'user_space'
[    0.347262] thermal_sys: Registered thermal governor 'power_allocator'
[    0.351810] clocksource: acpi_pm: mask: 0xffffff max_cycles: 0xffffff, max_idle_ns: 2085701024 ns
[    0.351850] pci_bus 0000:00: resource 4 [io  0x0000-0x0cf7 window]
[    0.351852] pci_bus 0000:00: resource 5 [io  0x0d00-0xffff window]
[    0.351853] pci_bus 0000:00: resource 6 [mem 0x000a0000-0x000bffff window]
[    0.351854] pci_bus 0000:00: resource 7 [mem 0x80000000-0xfdffffff window]
[    0.351914] NET: Registered protocol family 2
[    0.351989] IP idents hash table entries: 32768 (order: 6, 262144 bytes, linear)
[    0.352397] MPTCP tokens hash table entries: 8192 (order: 4, 65536 bytes, linear)
[    0.352420] MPTCP request tokens hash table entries: 8192 (order: 4, 65536 bytes, linear)
[    0.352446] default registered
[    0.352446] default registered
[    0.352447] MPTCP: Stable release v0.96
[    0.352452] tcp_listen_portaddr_hash hash table entries: 1024 (order: 2, 16384 bytes, linear)
[    0.352531] TCP established hash table entries: 16384 (order: 5, 131072 bytes, linear)
[    0.352597] TCP bind hash table entries: 16384 (order: 6, 262144 bytes, linear)
[    0.352623] TCP: Hash tables configured (established 16384 bind 16384)
[    0.353328] UDP hash table entries: 1024 (order: 3, 32768 bytes, linear)
[    0.353339] UDP-Lite hash table entries: 1024 (order: 3, 32768 bytes, linear)
[    0.353375] NET: Registered protocol family 1
[    0.353383] NET: Registered protocol family 44
[    0.353405] pci 0000:00:00.0: Limiting direct PCI/PCI transfers
[    0.353417] pci 0000:00:01.0: Activating ISA DMA hang workarounds
[    0.353477] pci 0000:00:02.0: Video device with shadowed ROM at [mem 0x000c0000-0x000dffff]
[    0.353550] PCI: CLS 0 bytes, default 64
[    0.353600] Trying to unpack rootfs image as initramfs...
[    0.523462] Freeing initrd memory: 47868K
[    0.523462] clocksource: tsc: mask: 0xffffffffffffffff max_cycles: 0x1e4530a99b6, max_idle_ns: 440795257976 ns
[    0.523462] clocksource: Switched to clocksource tsc
[    0.523462] platform rtc_cmos: registered platform RTC device (no PNP device found)
[    0.523462] check: Scanning for low memory corruption every 60 seconds
[    0.523462] Initialise system trusted keyrings
[    0.523462] Key type blacklist registered
[    0.523462] workingset: timestamp_bits=36 max_order=19 bucket_order=0
[    0.523462] zbud: loaded
[    0.523462] squashfs: version 4.0 (2009/01/31) Phillip Lougher
[    0.523462] fuse: init (API version 7.31)
[    0.523462] *** VALIDATE fuse ***
[    0.523462] *** VALIDATE fuse ***
[    0.523462] Platform Keyring initialized
[    0.538512] Key type asymmetric registered
[    0.538513] Asymmetric key parser 'x509' registered
[    0.538524] Block layer SCSI generic (bsg) driver version 0.4 loaded (major 244)
[    0.538562] io scheduler mq-deadline registered
[    0.538685] shpchp: Standard Hot Plug PCI Controller Driver version: 0.4
[    0.538890] ACPI: AC Adapter [AC] (on-line)
[    0.538935] input: Power Button as /devices/LNXSYSTM:00/LNXPWRBN:00/input/input0
[    0.538963] ACPI: Power Button [PWRF]
[    0.539055] input: Sleep Button as /devices/LNXSYSTM:00/LNXSLPBN:00/input/input1
[    0.539068] ACPI: Sleep Button [SLPF]
[    0.539300] Serial: 8250/16550 driver, 32 ports, IRQ sharing enabled
[    0.540444] Linux agpgart interface v0.103
[    0.631088] loop: module loaded
[    0.631239] ata_piix 0000:00:01.1: version 2.13
[    0.631646] scsi host0: ata_piix
[    0.631734] scsi host1: ata_piix
[    0.631760] ata1: PATA max UDMA/33 cmd 0x1f0 ctl 0x3f6 bmdma 0xd000 irq 14
[    0.631761] ata2: PATA max UDMA/33 cmd 0x170 ctl 0x376 bmdma 0xd008 irq 15
[    0.631839] tun: Universal TUN/TAP device driver, 1.6
[    0.632142] PPP generic driver version 2.4.2
[    0.632188] VFIO - User Level meta-driver version: 0.3
[    0.632428] ehci_hcd: USB 2.0 'Enhanced' Host Controller (EHCI) Driver
[    0.632431] ehci-pci: EHCI PCI platform driver
[    0.632447] ehci-platform: EHCI generic platform driver
[    0.632453] ohci_hcd: USB 1.1 'Open' Host Controller (OHCI) Driver
[    0.632455] ohci-pci: OHCI PCI platform driver
[    0.632460] ohci-platform: OHCI generic platform driver
[    0.632465] uhci_hcd: USB Universal Host Controller Interface driver
[    0.632529] i8042: PNP: PS/2 Controller [PNP0303:PS2K,PNP0f03:PS2M] at 0x60,0x64 irq 1,12
[    0.632966] serio: i8042 KBD port at 0x60,0x64 irq 1
[    0.632970] serio: i8042 AUX port at 0x60,0x64 irq 12
[    0.633055] mousedev: PS/2 mouse device common for all mice
[    0.633305] input: AT Translated Set 2 keyboard as /devices/platform/i8042/serio0/input/input2
[    0.633728] rtc_cmos rtc_cmos: registered as rtc0
[    0.633740] rtc_cmos rtc_cmos: alarms up to one day, 114 bytes nvram
[    0.633746] i2c /dev entries driver
[    0.633789] device-mapper: uevent: version 1.0.3
[    0.633830] device-mapper: ioctl: 4.41.0-ioctl (2019-09-16) initialised: dm-devel@redhat.com
[    0.633851] platform eisa.0: Probing EISA bus 0
[    0.633852] platform eisa.0: EISA: Cannot allocate resource for mainboard
[    0.633853] platform eisa.0: Cannot allocate resource for EISA slot 1
[    0.633855] platform eisa.0: Cannot allocate resource for EISA slot 2
[    0.633856] platform eisa.0: Cannot allocate resource for EISA slot 3
[    0.633856] platform eisa.0: Cannot allocate resource for EISA slot 4
[    0.633857] platform eisa.0: Cannot allocate resource for EISA slot 5
[    0.633858] platform eisa.0: Cannot allocate resource for EISA slot 6
[    0.633859] platform eisa.0: Cannot allocate resource for EISA slot 7
[    0.633860] platform eisa.0: Cannot allocate resource for EISA slot 8
[    0.633861] platform eisa.0: EISA: Detected 0 cards
[    0.633865] intel_pstate: CPU model not supported
[    0.633875] ledtrig-cpu: registered to indicate activity on CPUs
[    0.633925] drop_monitor: Initializing network drop monitor service
[    0.634087] NET: Registered protocol family 10
[    0.639212] Segment Routing with IPv6
[    0.639230] fullmesh registered
[    0.639230] ndiffports registered
[    0.639230] binder registered
[    0.639230] roundrobin registered
[    0.639230] mps registered
[    0.639230] redundant registered
[    0.639230] blest registered
[    0.639230] ecf registered
[    0.639230] NET: Registered protocol family 17
[    0.639230] Key type dns_resolver registered
[    0.639230] RAS: Correctable Errors collector initialized.
[    0.639230] IPI shorthand broadcast: enabled
[    0.639230] sched_clock: Marking stable (624184648, 11045915)->(636149635, -919072)
[    0.639452] registered taskstats version 1
[    0.639462] Loading compiled-in X.509 certificates
[    0.640046] Loaded X.509 cert 'Build time autogenerated kernel key: 6909f3744cebb3d0de528d5887b96a727de79b1e'
[    0.640063] zswap: loaded using pool lzo/zbud
[    0.640116] Key type ._fscrypt registered
[    0.640116] Key type .fscrypt registered
[    0.644590] Key type big_key registered
[    0.646811] Key type encrypted registered
[    0.646814] AppArmor: AppArmor sha1 policy hashing enabled
[    0.646821] ima: No TPM chip found, activating TPM-bypass!
[    0.646825] ima: Allocated hash algorithm: sha1
[    0.646832] ima: No architecture policies found
[    0.646841] evm: Initialising EVM extended attributes:
[    0.646841] evm: security.selinux
[    0.646842] evm: security.SMACK64
[    0.646842] evm: security.SMACK64EXEC
[    0.646843] evm: security.SMACK64TRANSMUTE
[    0.646843] evm: security.SMACK64MMAP
[    0.646843] evm: security.apparmor
[    0.646844] evm: security.ima
[    0.646844] evm: security.capability
[    0.646845] evm: HMAC attrs: 0x1
[    0.647135] PM:   Magic number: 10:335:428
[    0.647249] rtc_cmos rtc_cmos: setting system clock to 2026-01-11T11:25:56 UTC (1768130756)
[    0.802662] ata1.00: ATA-6: VBOX HARDDISK, 1.0, max UDMA/133
[    0.802664] ata1.00: 209715200 sectors, multi 128: LBA 
[    0.803109] scsi 0:0:0:0: Direct-Access     ATA      VBOX HARDDISK    1.0  PQ: 0 ANSI: 5
[    0.803290] sd 0:0:0:0: [sda] 209715200 512-byte logical blocks: (107 GB/100 GiB)
[    0.803297] sd 0:0:0:0: [sda] Write Protect is off
[    0.803299] sd 0:0:0:0: [sda] Mode Sense: 00 3a 00 00
[    0.803309] sd 0:0:0:0: [sda] Write cache: enabled, read cache: enabled, doesn't support DPO or FUA
[    0.803500] sd 0:0:0:0: Attached scsi generic sg0 type 0
[    0.803979]  sda: sda1 sda2
[    0.815209] sd 0:0:0:0: [sda] Attached SCSI disk
[    0.817005] Freeing unused decrypted memory: 2040K
[    0.817691] Freeing unused kernel image memory: 2728K
[    0.817693] Write protecting the kernel read-only data: 22528k
[    0.818338] Freeing unused kernel image memory: 2036K
[    0.818716] Freeing unused kernel image memory: 1428K
[    0.831685] x86/mm: Checked W+X mappings: passed, no W+X pages found.
[    0.831688] Run /init as init process
[    0.927149] ACPI: Video Device [GFX0] (multi-head: yes  rom: no  post: no)
[    0.927223] input: Video Bus as /devices/LNXSYSTM:00/LNXSYBUS:00/PNP0A03:00/LNXVIDEO:00/input/input4
[    0.941449] pcnet32: pcnet32.c:v1.35 21.Apr.2008 tsbogend@alpha.franken.de
[    0.942590] pcnet32: PCnet/FAST III 79C973 at 0xd020, 08:00:27:ed:c3:ed assigned IRQ 19
[    0.942643] pcnet32: Found PHY 0022:561b at address 0
[    0.942943] pcnet32: eth0: registered as PCnet/FAST III 79C973
[    0.944393] piix4_smbus 0000:00:07.0: SMBus Host Controller at 0x4100, revision 0
[    0.947055] e1000: Intel(R) PRO/1000 Network Driver - version 7.3.21-k8-NAPI
[    0.947055] e1000: Copyright (c) 1999-2006 Intel Corporation.
[    0.949864] pcnet32: 1 cards_found
[    1.028193] pcnet32 0000:00:03.0 enp0s3: renamed from eth0
[    1.156809] input: ImExPS/2 Generic Explorer Mouse as /devices/platform/i8042/serio1/input/input5
[    1.363378] e1000 0000:00:08.0 eth0: (PCI:33MHz:32-bit) 08:00:27:8f:aa:fd
[    1.363382] e1000 0000:00:08.0 eth0: Intel(R) PRO/1000 Network Connection
[    1.739352] e1000 0000:00:09.0 eth1: (PCI:33MHz:32-bit) 08:00:27:62:e8:03
[    1.739355] e1000 0000:00:09.0 eth1: Intel(R) PRO/1000 Network Connection
[    1.740540] e1000 0000:00:08.0 enp0s8: renamed from eth0
[    1.742372] e1000 0000:00:09.0 enp0s9: renamed from eth1
[    1.897968] EXT4-fs (sda2): mounted filesystem with ordered data mode. Opts: (null)
[    1.993923] systemd[1]: Inserted module 'autofs4'
[    2.006026] systemd[1]: systemd 245.4-4ubuntu3 running in system mode. (+PAM +AUDIT +SELINUX +IMA +APPARMOR +SMACK +SYSVINIT +UTMP +LIBCRYPTSETUP +GCRYPT +GNUTLS +ACL +XZ +LZ4 +SECCOMP +BLKID +ELFUTILS +KMOD +IDN2 -IDN +PCRE2 default-hierarchy=hybrid)
[    2.006057] systemd[1]: Detected virtualization oracle.
[    2.006060] systemd[1]: Detected architecture x86-64.
[    2.007529] systemd[1]: Set hostname to <ztg>.
[    2.140545] systemd[1]: /lib/systemd/system/dbus.socket:5: ListenStream= references a path below legacy directory /var/run/, updating /var/run/dbus/system_bus_socket â†’ /run/dbus/system_bus_socket; please update the unit file accordingly.
[    2.196409] systemd[1]: Created slice system-modprobe.slice.
[    2.196612] systemd[1]: Created slice User and Session Slice.
[    2.196662] systemd[1]: Started Forward Password Requests to Wall Directory Watch.
[    2.196836] systemd[1]: Set up automount Arbitrary Executable File Formats File System Automount Point.
[    2.196875] systemd[1]: Reached target User and Group Name Lookups.
[    2.196886] systemd[1]: Reached target Remote File Systems.
[    2.196895] systemd[1]: Reached target Slices.
[    2.197500] systemd[1]: Listening on Syslog Socket.
[    2.197578] systemd[1]: Listening on fsck to fsckd communication Socket.
[    2.197623] systemd[1]: Listening on initctl Compatibility Named Pipe.
[    2.197771] systemd[1]: Listening on Journal Audit Socket.
[    2.197826] systemd[1]: Listening on Journal Socket (/dev/log).
[    2.197904] systemd[1]: Listening on Journal Socket.
[    2.197976] systemd[1]: Listening on udev Control Socket.
[    2.198020] systemd[1]: Listening on udev Kernel Socket.
[    2.198845] systemd[1]: Mounting Huge Pages File System...
[    2.199942] systemd[1]: Mounting POSIX Message Queue File System...
[    2.200899] systemd[1]: Mounting Kernel Debug File System...
[    2.202143] systemd[1]: Mounting Kernel Trace File System...
[    2.225406] systemd[1]: Starting Journal Service...
[    2.234460] systemd[1]: Starting Set the console keyboard layout...
[    2.237793] systemd[1]: Starting Create list of static device nodes for the current kernel...
[    2.242411] systemd[1]: Starting Load Kernel Module drm...
[    2.246592] systemd[1]: Condition check resulted in Set Up Additional Binary Formats being skipped.
[    2.246645] systemd[1]: Condition check resulted in File System Check on Root Device being skipped.
[    2.251470] systemd[1]: Starting Load Kernel Modules...
[    2.252352] systemd[1]: Starting Remount Root and Kernel File Systems...
[    2.253258] systemd[1]: Starting udev Coldplug all Devices...
[    2.254182] systemd[1]: Starting Uncomplicated firewall...
[    2.255932] systemd[1]: Mounted Huge Pages File System.
[    2.256040] systemd[1]: Mounted POSIX Message Queue File System.
[    2.256122] systemd[1]: Mounted Kernel Debug File System.
[    2.256201] systemd[1]: Mounted Kernel Trace File System.
[    2.311644] systemd[1]: Finished Create list of static device nodes for the current kernel.
[    2.312035] systemd[1]: modprobe@drm.service: Succeeded.
[    2.315177] systemd[1]: Finished Load Kernel Module drm.
[    2.316976] systemd[1]: Finished Uncomplicated firewall.
[    2.318647] EXT4-fs (sda2): re-mounted. Opts: errors=remount-ro
[    2.324328] systemd[1]: Finished Remount Root and Kernel File Systems.
[    2.326984] systemd[1]: Condition check resulted in Rebuild Hardware Database being skipped.
[    2.327050] systemd[1]: Condition check resulted in Platform Persistent Storage Archival being skipped.
[    2.327803] systemd[1]: Starting Load/Save Random Seed...
[    2.339666] systemd[1]: Starting Create System Users...
[    2.368739] lp: driver loaded but no devices found
[    2.370446] systemd[1]: Finished Load/Save Random Seed.
[    2.375592] systemd[1]: Finished Create System Users.
[    2.376459] systemd[1]: Starting Create Static Device Nodes in /dev...
[    2.381859] ppdev: user-space parallel port driver
[    2.416957] systemd[1]: Finished Create Static Device Nodes in /dev.
[    2.417937] systemd[1]: Starting udev Kernel Device Manager...
[    2.438111] systemd[1]: Finished udev Coldplug all Devices.
[    2.465362] [drm] DMA map mode: Caching DMA mappings.
[    2.465436] [drm] Capabilities:
[    2.465436] [drm]   Rect copy.
[    2.465436] [drm]   Cursor.
[    2.465437] [drm]   Cursor bypass.
[    2.465437] [drm]   Cursor bypass 2.
[    2.465438] [drm]   Alpha cursor.
[    2.465438] [drm]   Extended Fifo.
[    2.465438] [drm]   Pitchlock.
[    2.465439] [drm]   Irq mask.
[    2.465439] [drm]   GMR.
[    2.465439] [drm]   Traces.
[    2.465440] [drm]   GMR2.
[    2.465440] [drm]   Screen Object 2.
[    2.465440] [drm]   Command Buffers.
[    2.465441] [drm]   Command Buffers 2.
[    2.465441] [drm]   Guest Backed Resources.
[    2.465442] [drm] Max GMR ids is 8192
[    2.465443] [drm] Max number of GMR pages is 1048576
[    2.465443] [drm] Max dedicated hypervisor surface memory is 393216 kiB
[    2.465444] [drm] Maximum display memory size is 131072 kiB
[    2.465445] [drm] VRAM at 0xe0000000 size is 131072 kiB
[    2.465445] [drm] MMIO at 0xf0000000 size is 2048 kiB
[    2.483945] [TTM] Zone  kernel: Available graphics memory: 1011736 KiB
[    2.483946] [TTM] Initializing pool allocator
[    2.483950] [TTM] Initializing DMA pool allocator
[    2.483981] [drm] Supports vblank timestamp caching Rev 2 (21.10.2013).
[    2.483982] [drm] No driver support for vblank timestamp query.
[    2.484215] [drm] Screen Target Display device initialized
[    2.484429] [drm] width 720
[    2.484441] [drm] height 400
[    2.484444] [drm] bpp 32
[    2.484984] [drm] Fifo max 0x00200000 min 0x00001000 cap 0x00000355
[    2.486059] [drm] Using command buffers with DMA pool.
[    2.486065] [drm] DX: no.
[    2.486065] [drm] Atomic: yes.
[    2.486066] [drm] SM4_1: no.
[    2.486088] [drm:vmw_host_log [vmwgfx]] *ERROR* Failed to send host log message.
[    2.487472] [drm:vmw_host_log [vmwgfx]] *ERROR* Failed to send host log message.
[    2.497474] fbcon: svgadrmfb (fb0) is primary device
[    2.501545] Console: switching to colour frame buffer device 100x37
[    2.506766] [drm] Initialized vmwgfx 2.15.0 20180704 for 0000:00:02.0 on minor 0
[    2.507833] systemd[1]: Finished Load Kernel Modules.
[    2.508883] systemd[1]: Mounting FUSE Control File System...
[    2.510199] systemd[1]: Mounting Kernel Configuration File System...
[    2.543908] systemd[1]: Starting Apply Kernel Variables...
[    2.548579] systemd[1]: Finished Set the console keyboard layout.
[    2.548742] systemd[1]: Mounted FUSE Control File System.
[    2.548833] systemd[1]: Mounted Kernel Configuration File System.
[    2.548894] systemd[1]: Reached target Local File Systems (Pre).
[    2.548919] systemd[1]: Condition check resulted in VMware vmblock fuse mount being skipped.
[    2.552698] systemd[1]: Mounting Mount unit for bare, revision 5...
[    2.559278] systemd[1]: Mounting Mount unit for core18, revision 1705...
[    2.571759] systemd[1]: Mounting Mount unit for core22, revision 2193...
[    2.592573] systemd[1]: Mounting Mount unit for gnome-3-34-1804, revision 24...
[    2.595705] systemd[1]: Mounting Mount unit for gnome-42-2204, revision 226...
[    2.605364] systemd[1]: Mounting Mount unit for gtk-common-themes, revision 1506...
[    2.609603] systemd[1]: Mounting Mount unit for gtk-common-themes, revision 1535...
[    2.620091] systemd[1]: Mounting Mount unit for snap-store, revision 1216...
[    2.643357] systemd[1]: Mounting Mount unit for snap-store, revision 433...
[    2.657144] systemd[1]: Mounting Mount unit for snapd, revision 25577...
[    2.682634] systemd[1]: Started udev Kernel Device Manager.
[    2.687310] systemd[1]: Finished Apply Kernel Variables.
[    2.687459] systemd[1]: Mounted Mount unit for bare, revision 5.
[    2.687554] systemd[1]: Mounted Mount unit for core18, revision 1705.
[    2.687640] systemd[1]: Mounted Mount unit for core22, revision 2193.
[    2.687725] systemd[1]: Mounted Mount unit for gnome-3-34-1804, revision 24.
[    2.687808] systemd[1]: Mounted Mount unit for gnome-42-2204, revision 226.
[    2.688930] systemd[1]: Starting Show Plymouth Boot Screen...
[    2.693841] systemd[1]: Received SIGRTMIN+20 from PID 285 (plymouthd).
[    2.715148] systemd[1]: Started Show Plymouth Boot Screen.
[    2.715317] systemd[1]: Condition check resulted in Dispatch Password Requests to Console Directory Watch being skipped.
[    2.715406] systemd[1]: Started Forward Password Requests to Plymouth Directory Watch.
[    2.715442] systemd[1]: Reached target Local Encrypted Volumes.
[    2.750821] systemd[1]: Mounted Mount unit for gtk-common-themes, revision 1506.
[    2.814075] systemd[1]: Mounted Mount unit for gtk-common-themes, revision 1535.
[    2.814260] systemd[1]: Mounted Mount unit for snap-store, revision 1216.
[    2.877849] systemd[1]: Mounted Mount unit for snapd, revision 25577.
[    2.911839] systemd[1]: Mounted Mount unit for snap-store, revision 433.
[    2.912099] systemd[1]: Reached target Local File Systems.
[    2.914512] systemd[1]: Starting Load AppArmor profiles...
[    2.920072] systemd[1]: Starting Set console font and keymap...
[    2.929607] systemd[1]: Starting Tell Plymouth To Write Out Runtime Data...
[    2.933706] systemd[1]: Condition check resulted in Store a System Token in an EFI Variable being skipped.
[    2.933740] systemd[1]: Condition check resulted in Commit a transient machine-id on disk being skipped.
[    2.934677] systemd[1]: Finished Set console font and keymap.
[    2.957511] systemd[1]: Received SIGRTMIN+20 from PID 285 (plymouthd).
[    2.959678] systemd[1]: plymouth-read-write.service: Succeeded.
[    2.959924] systemd[1]: Finished Tell Plymouth To Write Out Runtime Data.
[    2.978778] audit: type=1400 audit(1768130758.824:2): apparmor="STATUS" operation="profile_load" profile="unconfined" name="nvidia_modprobe" pid=307 comm="apparmor_parser"
[    2.978780] audit: type=1400 audit(1768130758.824:3): apparmor="STATUS" operation="profile_load" profile="unconfined" name="nvidia_modprobe//kmod" pid=307 comm="apparmor_parser"
[    2.987511] audit: type=1400 audit(1768130758.836:4): apparmor="STATUS" operation="profile_load" profile="unconfined" name="/usr/sbin/tcpdump" pid=308 comm="apparmor_parser"
[    3.034172] audit: type=1400 audit(1768130758.872:5): apparmor="STATUS" operation="profile_load" profile="unconfined" name="/usr/bin/evince" pid=310 comm="apparmor_parser"
[    3.034174] audit: type=1400 audit(1768130758.872:6): apparmor="STATUS" operation="profile_load" profile="unconfined" name="/usr/bin/evince//sanitized_helper" pid=310 comm="apparmor_parser"
[    3.034176] audit: type=1400 audit(1768130758.872:7): apparmor="STATUS" operation="profile_load" profile="unconfined" name="/usr/bin/evince-previewer" pid=310 comm="apparmor_parser"
[    3.034178] audit: type=1400 audit(1768130758.872:8): apparmor="STATUS" operation="profile_load" profile="unconfined" name="/usr/bin/evince-previewer//sanitized_helper" pid=310 comm="apparmor_parser"
[    3.034179] audit: type=1400 audit(1768130758.872:9): apparmor="STATUS" operation="profile_load" profile="unconfined" name="/usr/bin/evince-thumbnailer" pid=310 comm="apparmor_parser"
[    3.049330] audit: type=1400 audit(1768130758.900:10): apparmor="STATUS" operation="profile_load" profile="unconfined" name="/usr/lib/cups/backend/cups-pdf" pid=311 comm="apparmor_parser"
[    3.129025] systemd[1]: Finished Load AppArmor profiles.
[    3.130029] systemd[1]: Starting Load AppArmor profiles managed internally by snapd...
[    3.248149] systemd[1]: Started Journal Service.
[    3.259941] systemd-journald[229]: Received client request to flush runtime journal.
[    3.264372] systemd-journald[229]: File /var/log/journal/c455b248004a419c87ce85eea238d727/system.journal corrupted or uncleanly shut down, renaming and replacing.
[    4.692648] RAPL PMU: API unit is 2^-32 Joules, 0 fixed counters, 10737418240 ms ovfl timer
[    4.803402] cryptd: max_cpu_qlen set to 1000
[    4.847327] AVX2 version of gcm_enc/dec engaged.
[    4.847328] AES CTR mode by8 optimization enabled
[    6.889692] Adding 1998844k swap on /dev/sda1.  Priority:-2 extents:1 across:1998844k FS
[    7.551378] AAAAA: Error looking up destination IP: 369098976 - net/ipv4/ip_output.c: 285: dac_mps_nexthops
[    7.671320] AAAAA: Error looking up destination IP: 4211081440 - net/ipv4/ip_output.c: 285: dac_mps_nexthops
[    7.922632] AAAAA: Error looking up destination IP: 4211081440 - net/ipv4/ip_output.c: 285: dac_mps_nexthops
[    8.176236] AAAAA: Error looking up destination IP: 4211081440 - net/ipv4/ip_output.c: 285: dac_mps_nexthops
[    8.374738] AAAAA: Error looking up destination IP: 4211081440 - net/ipv4/ip_output.c: 285: dac_mps_nexthops
[    8.440976] AAAAA: Error looking up destination IP: 369098976 - net/ipv4/ip_output.c: 285: dac_mps_nexthops
[    8.747290] kauditd_printk_skb: 31 callbacks suppressed
[    8.747296] audit: type=1400 audit(1768130764.592:42): apparmor="DENIED" operation="capable" profile="/usr/sbin/cups-browsed" pid=574 comm="cups-browsed" capability=23  capname="sys_nice"
[    8.846274] AAAAA: Error looking up destination IP: 4211081440 - net/ipv4/ip_output.c: 285: dac_mps_nexthops
[    9.430179] pcnet32 0000:00:03.0 enp0s3: link up, 100Mbps, full-duplex
[    9.459456] AAAAA: Error looking up destination IP: 4211081440 - net/ipv4/ip_output.c: 285: dac_mps_nexthops
[    9.475744] e1000: enp0s8 NIC Link is Up 1000 Mbps Full Duplex, Flow Control: RX
[    9.476035] IPv6: ADDRCONF(NETDEV_CHANGE): enp0s8: link becomes ready
[    9.492717] e1000: enp0s9 NIC Link is Up 1000 Mbps Full Duplex, Flow Control: RX
[    9.493030] IPv6: ADDRCONF(NETDEV_CHANGE): enp0s9: link becomes ready
[   10.140900] device enp0s3 entered promiscuous mode
[   10.174139] audit: type=1400 audit(1768130766.016:43): apparmor="DENIED" operation="open" profile="/usr/sbin/tcpdump" name="/proc/sys/kernel/random/boot_id" pid=733 comm="tcpdump" requested_mask="r" denied_mask="r" fsuid=0 ouid=0
[   10.174222] audit: type=1400 audit(1768130766.016:44): apparmor="DENIED" operation="open" profile="/usr/sbin/tcpdump" name="/proc/sys/kernel/random/boot_id" pid=733 comm="tcpdump" requested_mask="r" denied_mask="r" fsuid=0 ouid=0
[   10.174259] audit: type=1400 audit(1768130766.016:45): apparmor="DENIED" operation="open" profile="/usr/sbin/tcpdump" name="/proc/sys/kernel/random/boot_id" pid=733 comm="tcpdump" requested_mask="r" denied_mask="r" fsuid=0 ouid=0
[   10.174483] audit: type=1400 audit(1768130766.016:46): apparmor="DENIED" operation="open" profile="/usr/sbin/tcpdump" name="/proc/sys/kernel/random/boot_id" pid=733 comm="tcpdump" requested_mask="r" denied_mask="r" fsuid=0 ouid=0
[   10.177498] audit: type=1400 audit(1768130766.024:47): apparmor="DENIED" operation="open" profile="/usr/sbin/tcpdump" name="/proc/sys/kernel/random/boot_id" pid=734 comm="tcpdump" requested_mask="r" denied_mask="r" fsuid=0 ouid=0
[   10.177771] audit: type=1400 audit(1768130766.024:48): apparmor="DENIED" operation="open" profile="/usr/sbin/tcpdump" name="/proc/sys/kernel/random/boot_id" pid=734 comm="tcpdump" requested_mask="r" denied_mask="r" fsuid=0 ouid=0
[   10.177811] audit: type=1400 audit(1768130766.024:49): apparmor="DENIED" operation="open" profile="/usr/sbin/tcpdump" name="/proc/sys/kernel/random/boot_id" pid=734 comm="tcpdump" requested_mask="r" denied_mask="r" fsuid=0 ouid=0
[   10.177896] audit: type=1400 audit(1768130766.024:50): apparmor="DENIED" operation="open" profile="/usr/sbin/tcpdump" name="/proc/sys/kernel/random/boot_id" pid=734 comm="tcpdump" requested_mask="r" denied_mask="r" fsuid=0 ouid=0
[   16.234896] rfkill: input handler disabled
[  245.660840] AAAAA-TCP_FORW: name:enp0s3: saddr:100932208: daddr:33561200
[  245.767895] AAAAA-TCP_FORW: name:enp0s3: saddr:100932208: daddr:33561200
[  245.914564] AAAAA-TCP_FORW: name:enp0s3: saddr:100932208: daddr:33561200
[  275.921201] AAAAA-TCP_FORW: name:enp0s3: saddr:16783984: daddr:100932208
[  276.313004] AAAAA-TCP_FORW: name:enp0s3: saddr:16783984: daddr:100932208
[  277.309623] AAAAA-TCP_FORW: name:enp0s3: saddr:16783984: daddr:100932208
[  278.587526] AAAAA-TCP_FORW: name:enp0s3: saddr:16783984: daddr:100932208
[  515.613871] rfkill: input handler enabled
[  523.611740] rfkill: input handler disabled
[  753.611393] device enp0s3 left promiscuous mode
