[    0.000000] Linux version 5.4.243-dmptcp (root@ztg) (gcc version 12.2.0 (Debian 12.2.0-14+deb12u1)) #119 SMP Wed Dec 24 23:52:51 CST 2025
[    0.000000] Command line: BOOT_IMAGE=/boot/vmlinuz-5.4.243-dmptcp root=UUID=98415a12-53b7-4144-8265-0f7ece09e445 ro quiet splash
[    0.000000] KERNEL supported cpus:
[    0.000000]   Intel GenuineIntel
[    0.000000]   AMD AuthenticAMD
[    0.000000]   Hygon HygonGenuine
[    0.000000]   Centaur CentaurHauls
[    0.000000]   zhaoxin   Shanghai  
[    0.000000] x86/fpu: Supporting XSAVE feature 0x001: 'x87 floating point registers'
[    0.000000] x86/fpu: Supporting XSAVE feature 0x002: 'SSE registers'
[    0.000000] x86/fpu: Supporting XSAVE feature 0x004: 'AVX registers'
[    0.000000] x86/fpu: xstate_offset[2]:  576, xstate_sizes[2]:  256
[    0.000000] x86/fpu: Enabled xstate features 0x7, context size is 832 bytes, using 'standard' format.
[    0.000000] BIOS-provided physical RAM map:
[    0.000000] BIOS-e820: [mem 0x0000000000000000-0x000000000009fbff] usable
[    0.000000] BIOS-e820: [mem 0x000000000009fc00-0x000000000009ffff] reserved
[    0.000000] BIOS-e820: [mem 0x00000000000f0000-0x00000000000fffff] reserved
[    0.000000] BIOS-e820: [mem 0x0000000000100000-0x000000007ffeffff] usable
[    0.000000] BIOS-e820: [mem 0x000000007fff0000-0x000000007fffffff] ACPI data
[    0.000000] BIOS-e820: [mem 0x00000000fec00000-0x00000000fec00fff] reserved
[    0.000000] BIOS-e820: [mem 0x00000000fee00000-0x00000000fee00fff] reserved
[    0.000000] BIOS-e820: [mem 0x00000000fffc0000-0x00000000ffffffff] reserved
[    0.000000] NX (Execute Disable) protection: active
[    0.000000] SMBIOS 2.5 present.
[    0.000000] DMI: innotek GmbH VirtualBox/VirtualBox, BIOS VirtualBox 12/01/2006
[    0.000000] Hypervisor detected: KVM
[    0.000000] kvm-clock: Using msrs 4b564d01 and 4b564d00
[    0.000000] kvm-clock: cpu 0, msr 5d201001, primary cpu clock
[    0.000000] kvm-clock: using sched offset of 4488036297 cycles
[    0.000003] clocksource: kvm-clock: mask: 0xffffffffffffffff max_cycles: 0x1cd42e4dffb, max_idle_ns: 881590591483 ns
[    0.000006] tsc: Detected 2100.000 MHz processor
[    0.001855] e820: update [mem 0x00000000-0x00000fff] usable ==> reserved
[    0.001856] e820: remove [mem 0x000a0000-0x000fffff] usable
[    0.001861] last_pfn = 0x7fff0 max_arch_pfn = 0x400000000
[    0.001928] MTRR default type: uncachable
[    0.001929] MTRR fixed ranges enabled:
[    0.001930]   00000-9FFFF write-back
[    0.001931]   A0000-BFFFF uncachable
[    0.001931]   C0000-FFFFF write-protect
[    0.001932] MTRR variable ranges enabled:
[    0.001934]   0 base 000000000000 mask 3FFF80000000 write-back
[    0.001934]   1 disabled
[    0.001935]   2 disabled
[    0.001935]   3 disabled
[    0.001936]   4 disabled
[    0.001936]   5 disabled
[    0.001936]   6 disabled
[    0.001937]   7 disabled
[    0.001937]   8 disabled
[    0.001938]   9 disabled
[    0.001938]   10 disabled
[    0.001938]   11 disabled
[    0.001939]   12 disabled
[    0.001939]   13 disabled
[    0.001940]   14 disabled
[    0.001940]   15 disabled
[    0.001957] x86/PAT: Configuration [0-7]: WB  WC  UC- UC  WB  WP  UC- WT  
[    0.002089] found SMP MP-table at [mem 0x0009fff0-0x0009ffff]
[    0.091277] check: Scanning 1 areas for low memory corruption
[    0.091460] RAMDISK: [mem 0x32271000-0x3512ffff]
[    0.091468] ACPI: Early table checksum verification disabled
[    0.091474] ACPI: RSDP 0x00000000000E0000 000024 (v02 VBOX  )
[    0.091478] ACPI: XSDT 0x000000007FFF0030 00003C (v01 VBOX   VBOXXSDT 00000001 ASL  00000061)
[    0.091485] ACPI: FACP 0x000000007FFF00F0 0000F4 (v04 VBOX   VBOXFACP 00000001 ASL  00000061)
[    0.091492] ACPI: DSDT 0x000000007FFF02E0 002353 (v02 VBOX   VBOXBIOS 00000002 VBOX 00029BF3)
[    0.091496] ACPI: FACS 0x000000007FFF0200 000040
[    0.091499] ACPI: FACS 0x000000007FFF0200 000040
[    0.091502] ACPI: APIC 0x000000007FFF0240 000054 (v02 VBOX   VBOXAPIC 00000001 ASL  00000061)
[    0.091506] ACPI: SSDT 0x000000007FFF02A0 000038 (v01 VBOX   VBOXCPUT 00000002 VBOX 00029BF3)
[    0.091509] ACPI: Reserving FACP table memory at [mem 0x7fff00f0-0x7fff01e3]
[    0.091510] ACPI: Reserving DSDT table memory at [mem 0x7fff02e0-0x7fff2632]
[    0.091511] ACPI: Reserving FACS table memory at [mem 0x7fff0200-0x7fff023f]
[    0.091511] ACPI: Reserving FACS table memory at [mem 0x7fff0200-0x7fff023f]
[    0.091512] ACPI: Reserving APIC table memory at [mem 0x7fff0240-0x7fff0293]
[    0.091513] ACPI: Reserving SSDT table memory at [mem 0x7fff02a0-0x7fff02d7]
[    0.091527] ACPI: Local APIC address 0xfee00000
[    0.091714] No NUMA configuration found
[    0.091715] Faking a node at [mem 0x0000000000000000-0x000000007ffeffff]
[    0.091725] NODE_DATA(0) allocated [mem 0x7ffc5000-0x7ffeffff]
[    0.092677] Zone ranges:
[    0.092678]   DMA      [mem 0x0000000000001000-0x0000000000ffffff]
[    0.092680]   DMA32    [mem 0x0000000001000000-0x000000007ffeffff]
[    0.092681]   Normal   empty
[    0.092681]   Device   empty
[    0.092682] Movable zone start for each node
[    0.092684] Early memory node ranges
[    0.092685]   node   0: [mem 0x0000000000001000-0x000000000009efff]
[    0.092686]   node   0: [mem 0x0000000000100000-0x000000007ffeffff]
[    0.093349] Zeroed struct page in unavailable ranges: 114 pages
[    0.093350] Initmem setup node 0 [mem 0x0000000000001000-0x000000007ffeffff]
[    0.093352] On node 0 totalpages: 524174
[    0.093353]   DMA zone: 64 pages used for memmap
[    0.093354]   DMA zone: 21 pages reserved
[    0.093355]   DMA zone: 3998 pages, LIFO batch:0
[    0.093429]   DMA32 zone: 8128 pages used for memmap
[    0.093429]   DMA32 zone: 520176 pages, LIFO batch:63
[    0.102448] ACPI: PM-Timer IO Port: 0x4008
[    0.102451] ACPI: Local APIC address 0xfee00000
[    0.102517] IOAPIC[0]: apic_id 1, version 32, address 0xfec00000, GSI 0-23
[    0.102520] ACPI: INT_SRC_OVR (bus 0 bus_irq 0 global_irq 2 dfl dfl)
[    0.102522] ACPI: INT_SRC_OVR (bus 0 bus_irq 9 global_irq 9 low level)
[    0.102523] ACPI: IRQ0 used by override.
[    0.102524] ACPI: IRQ9 used by override.
[    0.102527] Using ACPI (MADT) for SMP configuration information
[    0.102533] smpboot: Allowing 1 CPUs, 0 hotplug CPUs
[    0.102555] PM: Registered nosave memory: [mem 0x00000000-0x00000fff]
[    0.102557] PM: Registered nosave memory: [mem 0x0009f000-0x0009ffff]
[    0.102557] PM: Registered nosave memory: [mem 0x000a0000-0x000effff]
[    0.102558] PM: Registered nosave memory: [mem 0x000f0000-0x000fffff]
[    0.102559] [mem 0x80000000-0xfebfffff] available for PCI devices
[    0.102560] Booting paravirtualized kernel on KVM
[    0.102563] clocksource: refined-jiffies: mask: 0xffffffff max_cycles: 0xffffffff, max_idle_ns: 7645519600211568 ns
[    0.102568] setup_percpu: NR_CPUS:8192 nr_cpumask_bits:1 nr_cpu_ids:1 nr_node_ids:1
[    0.103450] percpu: Embedded 60 pages/cpu s208896 r8192 d28672 u2097152
[    0.103455] pcpu-alloc: s208896 r8192 d28672 u2097152 alloc=1*2097152
[    0.103456] pcpu-alloc: [0] 0 
[    0.103483] Built 1 zonelists, mobility grouping on.  Total pages: 515961
[    0.103483] Policy zone: DMA32
[    0.103485] Kernel command line: BOOT_IMAGE=/boot/vmlinuz-5.4.243-dmptcp root=UUID=98415a12-53b7-4144-8265-0f7ece09e445 ro quiet splash
[    0.104316] Dentry cache hash table entries: 262144 (order: 9, 2097152 bytes, linear)
[    0.104467] Inode-cache hash table entries: 131072 (order: 8, 1048576 bytes, linear)
[    0.104523] mem auto-init: stack:off, heap alloc:on, heap free:off
[    0.104526] Calgary: detecting Calgary via BIOS EBDA area
[    0.104527] Calgary: Unable to locate Rio Grande table in EBDA - bailing!
[    0.108884] Memory: 1967332K/2096696K available (14339K kernel code, 2399K rwdata, 4716K rodata, 2728K init, 17260K bss, 129364K reserved, 0K cma-reserved)
[    0.109833] SLUB: HWalign=64, Order=0-3, MinObjects=0, CPUs=1, Nodes=1
[    0.109850] ftrace: allocating 43203 entries in 169 pages
[    0.128220] rcu: Hierarchical RCU implementation.
[    0.128222] rcu: 	RCU restricting CPUs from NR_CPUS=8192 to nr_cpu_ids=1.
[    0.128223] 	Tasks RCU enabled.
[    0.128224] rcu: RCU calculated value of scheduler-enlistment delay is 25 jiffies.
[    0.128225] rcu: Adjusting geometry for rcu_fanout_leaf=16, nr_cpu_ids=1
[    0.131251] NR_IRQS: 524544, nr_irqs: 256, preallocated irqs: 16
[    0.131465] random: crng init done
[    0.140796] Console: colour VGA+ 80x25
[    0.140801] printk: console [tty0] enabled
[    0.140823] ACPI: Core revision 20190816
[    0.140925] APIC: Switch to symmetric I/O mode setup
[    0.141188] x2apic enabled
[    0.141431] Switched APIC routing to physical x2apic.
[    0.142636] ..TIMER: vector=0x30 apic1=0 pin1=2 apic2=-1 pin2=-1
[    0.142661] clocksource: tsc-early: mask: 0xffffffffffffffff max_cycles: 0x1e4530a99b6, max_idle_ns: 440795257976 ns
[    0.142666] Calibrating delay loop (skipped) preset value.. 4200.00 BogoMIPS (lpj=8400000)
[    0.142668] pid_max: default: 32768 minimum: 301
[    0.142700] LSM: Security Framework initializing
[    0.142709] Yama: becoming mindful.
[    0.142736] AppArmor: AppArmor initialized
[    0.142779] Mount-cache hash table entries: 4096 (order: 3, 32768 bytes, linear)
[    0.142784] Mountpoint-cache hash table entries: 4096 (order: 3, 32768 bytes, linear)
[    0.142794] *** VALIDATE tmpfs ***
[    0.142924] *** VALIDATE proc ***
[    0.142964] *** VALIDATE cgroup1 ***
[    0.142965] *** VALIDATE cgroup2 ***
[    0.143109] process: using mwait in idle threads
[    0.143114] Last level iTLB entries: 4KB 64, 2MB 8, 4MB 8
[    0.143115] Last level dTLB entries: 4KB 64, 2MB 0, 4MB 0, 1GB 4
[    0.143138] Spectre V1 : Mitigation: usercopy/swapgs barriers and __user pointer sanitization
[    0.143144] Spectre V2 : Mitigation: Retpolines
[    0.143144] Spectre V2 : Spectre v2 / SpectreRSB mitigation: Filling RSB on context switch
[    0.143145] Spectre V2 : Spectre v2 / SpectreRSB : Filling RSB on VMEXIT
[    0.143145] RETBleed: WARNING: Spectre v2 mitigation leaves CPU vulnerable to RETBleed attacks, data leaks possible!
[    0.143513] RETBleed: Vulnerable
[    0.143514] Speculative Store Bypass: Vulnerable
[    0.143519] TAA: Mitigation: TSX disabled
[    0.143519] MMIO Stale Data: Mitigation: Clear CPU buffers
[    0.147769] Freeing SMP alternatives memory: 40K
[    0.260602] smpboot: CPU0: Intel(R) Xeon(R) Silver 4216 CPU @ 2.10GHz (family: 0x6, model: 0x55, stepping: 0x7)
[    0.260773] Performance Events: unsupported p6 CPU model 85 no PMU driver, software events only.
[    0.260821] rcu: Hierarchical SRCU implementation.
[    0.261394] NMI watchdog: Perf NMI watchdog permanently disabled
[    0.261436] smp: Bringing up secondary CPUs ...
[    0.261437] smp: Brought up 1 node, 1 CPU
[    0.261438] smpboot: Max logical packages: 1
[    0.261440] smpboot: Total of 1 processors activated (4200.00 BogoMIPS)
[    0.262524] devtmpfs: initialized
[    0.262580] x86/mm: Memory block size: 128MB
[    0.262663] clocksource: jiffies: mask: 0xffffffff max_cycles: 0xffffffff, max_idle_ns: 7645041785100000 ns
[    0.262663] futex hash table entries: 256 (order: 2, 16384 bytes, linear)
[    0.262663] pinctrl core: initialized pinctrl subsystem
[    0.262663] PM: RTC time: 11:01:57, date: 2026-01-10
[    0.262663] NET: Registered protocol family 16
[    0.262663] audit: initializing netlink subsys (disabled)
[    0.262663] EISA bus registered
[    0.262663] cpuidle: using governor ladder
[    0.262663] cpuidle: using governor menu
[    0.262663] ACPI: bus type PCI registered
[    0.262663] acpiphp: ACPI Hot Plug PCI Controller Driver version: 0.5
[    0.262663] PCI: Using configuration type 1 for base access
[    0.263570] audit: type=2000 audit(1768014124.339:1): state=initialized audit_enabled=0 res=1
[    0.263669] HugeTLB registered 2.00 MiB page size, pre-allocated 0 pages
[    0.264586] ACPI: Added _OSI(Module Device)
[    0.264587] ACPI: Added _OSI(Processor Device)
[    0.264588] ACPI: Added _OSI(3.0 _SCP Extensions)
[    0.264589] ACPI: Added _OSI(Processor Aggregator Device)
[    0.264589] ACPI: Added _OSI(Linux-Dell-Video)
[    0.264590] ACPI: Added _OSI(Linux-Lenovo-NV-HDMI-Audio)
[    0.264591] ACPI: Added _OSI(Linux-HPI-Hybrid-Graphics)
[    0.266672] ACPI: 2 ACPI AML tables successfully acquired and loaded
[    0.268236] ACPI: Interpreter enabled
[    0.268246] ACPI: (supports S0 S5)
[    0.268247] ACPI: Using IOAPIC for interrupt routing
[    0.268477] PCI: Using host bridge windows from ACPI; if necessary, use "pci=nocrs" and report a bug
[    0.268588] ACPI: Enabled 2 GPEs in block 00 to 07
[    0.274021] ACPI: PCI Root Bridge [PCI0] (domain 0000 [bus 00-ff])
[    0.274027] acpi PNP0A03:00: _OSC: OS supports [ASPM ClockPM Segments MSI HPX-Type3]
[    0.274591] acpi PNP0A03:00: _OSC: not requesting OS control; OS requires [ExtendedConfig ASPM ClockPM MSI]
[    0.274600] acpi PNP0A03:00: fail to add MMCONFIG information, can't access extended PCI configuration space under this bridge.
[    0.275015] PCI host bridge to bus 0000:00
[    0.275017] pci_bus 0000:00: root bus resource [io  0x0000-0x0cf7 window]
[    0.275018] pci_bus 0000:00: root bus resource [io  0x0d00-0xffff window]
[    0.275020] pci_bus 0000:00: root bus resource [mem 0x000a0000-0x000bffff window]
[    0.275021] pci_bus 0000:00: root bus resource [mem 0x80000000-0xfdffffff window]
[    0.275022] pci_bus 0000:00: root bus resource [bus 00-ff]
[    0.275068] pci 0000:00:00.0: [8086:1237] type 00 class 0x060000
[    0.276057] pci 0000:00:01.0: [8086:7000] type 00 class 0x060100
[    0.276896] pci 0000:00:01.1: [8086:7111] type 00 class 0x01018a
[    0.277294] pci 0000:00:01.1: reg 0x20: [io  0xd000-0xd00f]
[    0.277455] pci 0000:00:01.1: legacy IDE quirk: reg 0x10: [io  0x01f0-0x01f7]
[    0.277456] pci 0000:00:01.1: legacy IDE quirk: reg 0x14: [io  0x03f6]
[    0.277457] pci 0000:00:01.1: legacy IDE quirk: reg 0x18: [io  0x0170-0x0177]
[    0.277458] pci 0000:00:01.1: legacy IDE quirk: reg 0x1c: [io  0x0376]
[    0.278021] pci 0000:00:02.0: [15ad:0405] type 00 class 0x030000
[    0.280572] pci 0000:00:02.0: reg 0x10: [io  0xd010-0xd01f]
[    0.282710] pci 0000:00:02.0: reg 0x14: [mem 0xe0000000-0xe7ffffff pref]
[    0.285278] pci 0000:00:02.0: reg 0x18: [mem 0xf0000000-0xf01fffff]
[    0.295438] pci 0000:00:03.0: [1022:2000] type 00 class 0x020000
[    0.296121] pci 0000:00:03.0: reg 0x10: [io  0xd020-0xd03f]
[    0.298805] pci 0000:00:03.0: reg 0x14: [mem 0xf0200000-0xf0200fff]
[    0.302300] pci 0000:00:04.0: [80ee:cafe] type 00 class 0x088000
[    0.302777] pci 0000:00:04.0: reg 0x10: [io  0xd040-0xd05f]
[    0.303378] pci 0000:00:04.0: reg 0x14: [mem 0xf0400000-0xf07fffff]
[    0.303991] pci 0000:00:04.0: reg 0x18: [mem 0xf0800000-0xf0803fff pref]
[    0.307077] pci 0000:00:07.0: [8086:7113] type 00 class 0x068000
[    0.307638] pci 0000:00:07.0: quirk: [io  0x4000-0x403f] claimed by PIIX4 ACPI
[    0.307649] pci 0000:00:07.0: quirk: [io  0x4100-0x410f] claimed by PIIX4 SMB
[    0.308257] pci 0000:00:08.0: [8086:100e] type 00 class 0x020000
[    0.308960] pci 0000:00:08.0: reg 0x10: [mem 0xf0820000-0xf083ffff]
[    0.310777] pci 0000:00:08.0: reg 0x18: [io  0xd060-0xd067]
[    0.314001] pci 0000:00:09.0: [8086:100e] type 00 class 0x020000
[    0.314779] pci 0000:00:09.0: reg 0x10: [mem 0xf0840000-0xf085ffff]
[    0.315928] pci 0000:00:09.0: reg 0x18: [io  0xd068-0xd06f]
[    0.326907] ACPI: PCI Interrupt Link [LNKA] (IRQs 5 9 10 *11)
[    0.327241] ACPI: PCI Interrupt Link [LNKB] (IRQs 5 9 *10 11)
[    0.327353] ACPI: PCI Interrupt Link [LNKC] (IRQs 5 *9 10 11)
[    0.327454] ACPI: PCI Interrupt Link [LNKD] (IRQs 5 9 10 *11)
[    0.327735] iommu: Default domain type: Translated 
[    0.327793] pci 0000:00:02.0: vgaarb: setting as boot VGA device
[    0.327795] pci 0000:00:02.0: vgaarb: VGA device added: decodes=io+mem,owns=io+mem,locks=none
[    0.327797] pci 0000:00:02.0: vgaarb: bridge control possible
[    0.327798] vgaarb: loaded
[    0.328009] SCSI subsystem initialized
[    0.328040] libata version 3.00 loaded.
[    0.328064] ACPI: bus type USB registered
[    0.328077] usbcore: registered new interface driver usbfs
[    0.328084] usbcore: registered new interface driver hub
[    0.328089] usbcore: registered new device driver usb
[    0.328119] pps_core: LinuxPPS API ver. 1 registered
[    0.328119] pps_core: Software ver. 5.3.6 - Copyright 2005-2007 Rodolfo Giometti <giometti@linux.it>
[    0.328123] PTP clock support registered
[    0.328160] EDAC MC: Ver: 3.0.0
[    0.328455] PCI: Using ACPI for IRQ routing
[    0.328457] PCI: pci_cache_line_size set to 64 bytes
[    0.328628] e820: reserve RAM buffer [mem 0x0009fc00-0x0009ffff]
[    0.328632] e820: reserve RAM buffer [mem 0x7fff0000-0x7fffffff]
[    0.329431] NetLabel: Initializing
[    0.329432] NetLabel:  domain hash size = 128
[    0.329432] NetLabel:  protocols = UNLABELED CIPSOv4 CALIPSO
[    0.329452] NetLabel:  unlabeled traffic allowed by default
[    0.330383] clocksource: Switched to clocksource kvm-clock
[    0.341258] *** VALIDATE bpf ***
[    0.341318] VFS: Disk quotas dquot_6.6.0
[    0.341331] VFS: Dquot-cache hash table entries: 512 (order 0, 4096 bytes)
[    0.341353] *** VALIDATE ramfs ***
[    0.341356] *** VALIDATE hugetlbfs ***
[    0.341437] AppArmor: AppArmor Filesystem Enabled
[    0.341462] pnp: PnP ACPI init
[    0.341524] pnp 00:00: Plug and Play ACPI device, IDs PNP0303 (active)
[    0.341585] pnp 00:01: Plug and Play ACPI device, IDs PNP0f03 (active)
[    0.342318] pnp: PnP ACPI: found 2 devices
[    0.343331] thermal_sys: Registered thermal governor 'fair_share'
[    0.343331] thermal_sys: Registered thermal governor 'bang_bang'
[    0.343332] thermal_sys: Registered thermal governor 'step_wise'
[    0.343333] thermal_sys: Registered thermal governor 'user_space'
[    0.343333] thermal_sys: Registered thermal governor 'power_allocator'
[    0.347864] clocksource: acpi_pm: mask: 0xffffff max_cycles: 0xffffff, max_idle_ns: 2085701024 ns
[    0.347904] pci_bus 0000:00: resource 4 [io  0x0000-0x0cf7 window]
[    0.347905] pci_bus 0000:00: resource 5 [io  0x0d00-0xffff window]
[    0.347906] pci_bus 0000:00: resource 6 [mem 0x000a0000-0x000bffff window]
[    0.347907] pci_bus 0000:00: resource 7 [mem 0x80000000-0xfdffffff window]
[    0.347966] NET: Registered protocol family 2
[    0.348043] IP idents hash table entries: 32768 (order: 6, 262144 bytes, linear)
[    0.348450] MPTCP tokens hash table entries: 8192 (order: 4, 65536 bytes, linear)
[    0.348474] MPTCP request tokens hash table entries: 8192 (order: 4, 65536 bytes, linear)
[    0.348499] default registered
[    0.348499] default registered
[    0.348500] MPTCP: Stable release v0.96
[    0.348505] tcp_listen_portaddr_hash hash table entries: 1024 (order: 2, 16384 bytes, linear)
[    0.348586] TCP established hash table entries: 16384 (order: 5, 131072 bytes, linear)
[    0.348651] TCP bind hash table entries: 16384 (order: 6, 262144 bytes, linear)
[    0.348677] TCP: Hash tables configured (established 16384 bind 16384)
[    0.349401] UDP hash table entries: 1024 (order: 3, 32768 bytes, linear)
[    0.349414] UDP-Lite hash table entries: 1024 (order: 3, 32768 bytes, linear)
[    0.349453] NET: Registered protocol family 1
[    0.349462] NET: Registered protocol family 44
[    0.349481] pci 0000:00:00.0: Limiting direct PCI/PCI transfers
[    0.349493] pci 0000:00:01.0: Activating ISA DMA hang workarounds
[    0.349549] pci 0000:00:02.0: Video device with shadowed ROM at [mem 0x000c0000-0x000dffff]
[    0.349608] PCI: CLS 0 bytes, default 64
[    0.349656] Trying to unpack rootfs image as initramfs...
[    0.523217] Freeing initrd memory: 47868K
[    0.523217] clocksource: tsc: mask: 0xffffffffffffffff max_cycles: 0x1e4530a99b6, max_idle_ns: 440795257976 ns
[    0.523217] clocksource: Switched to clocksource tsc
[    0.523217] platform rtc_cmos: registered platform RTC device (no PNP device found)
[    0.523217] check: Scanning for low memory corruption every 60 seconds
[    0.523217] Initialise system trusted keyrings
[    0.523217] Key type blacklist registered
[    0.523217] workingset: timestamp_bits=36 max_order=19 bucket_order=0
[    0.523217] zbud: loaded
[    0.523217] squashfs: version 4.0 (2009/01/31) Phillip Lougher
[    0.523217] fuse: init (API version 7.31)
[    0.523217] *** VALIDATE fuse ***
[    0.523217] *** VALIDATE fuse ***
[    0.523217] Platform Keyring initialized
[    0.538419] Key type asymmetric registered
[    0.538420] Asymmetric key parser 'x509' registered
[    0.538430] Block layer SCSI generic (bsg) driver version 0.4 loaded (major 244)
[    0.538482] io scheduler mq-deadline registered
[    0.538609] shpchp: Standard Hot Plug PCI Controller Driver version: 0.4
[    0.538823] ACPI: AC Adapter [AC] (on-line)
[    0.538877] input: Power Button as /devices/LNXSYSTM:00/LNXPWRBN:00/input/input0
[    0.538905] ACPI: Power Button [PWRF]
[    0.538994] input: Sleep Button as /devices/LNXSYSTM:00/LNXSLPBN:00/input/input1
[    0.539008] ACPI: Sleep Button [SLPF]
[    0.539277] Serial: 8250/16550 driver, 32 ports, IRQ sharing enabled
[    0.540432] Linux agpgart interface v0.103
[    0.635265] loop: module loaded
[    0.635441] ata_piix 0000:00:01.1: version 2.13
[    0.635849] scsi host0: ata_piix
[    0.635942] scsi host1: ata_piix
[    0.635968] ata1: PATA max UDMA/33 cmd 0x1f0 ctl 0x3f6 bmdma 0xd000 irq 14
[    0.635969] ata2: PATA max UDMA/33 cmd 0x170 ctl 0x376 bmdma 0xd008 irq 15
[    0.636053] tun: Universal TUN/TAP device driver, 1.6
[    0.636364] PPP generic driver version 2.4.2
[    0.636410] VFIO - User Level meta-driver version: 0.3
[    0.636660] ehci_hcd: USB 2.0 'Enhanced' Host Controller (EHCI) Driver
[    0.636664] ehci-pci: EHCI PCI platform driver
[    0.636680] ehci-platform: EHCI generic platform driver
[    0.636686] ohci_hcd: USB 1.1 'Open' Host Controller (OHCI) Driver
[    0.636689] ohci-pci: OHCI PCI platform driver
[    0.636694] ohci-platform: OHCI generic platform driver
[    0.636699] uhci_hcd: USB Universal Host Controller Interface driver
[    0.636764] i8042: PNP: PS/2 Controller [PNP0303:PS2K,PNP0f03:PS2M] at 0x60,0x64 irq 1,12
[    0.637207] serio: i8042 KBD port at 0x60,0x64 irq 1
[    0.637211] serio: i8042 AUX port at 0x60,0x64 irq 12
[    0.637298] mousedev: PS/2 mouse device common for all mice
[    0.637551] input: AT Translated Set 2 keyboard as /devices/platform/i8042/serio0/input/input2
[    0.637955] rtc_cmos rtc_cmos: registered as rtc0
[    0.637967] rtc_cmos rtc_cmos: alarms up to one day, 114 bytes nvram
[    0.637972] i2c /dev entries driver
[    0.638018] device-mapper: uevent: version 1.0.3
[    0.638059] device-mapper: ioctl: 4.41.0-ioctl (2019-09-16) initialised: dm-devel@redhat.com
[    0.638080] platform eisa.0: Probing EISA bus 0
[    0.638082] platform eisa.0: EISA: Cannot allocate resource for mainboard
[    0.638083] platform eisa.0: Cannot allocate resource for EISA slot 1
[    0.638084] platform eisa.0: Cannot allocate resource for EISA slot 2
[    0.638085] platform eisa.0: Cannot allocate resource for EISA slot 3
[    0.638086] platform eisa.0: Cannot allocate resource for EISA slot 4
[    0.638087] platform eisa.0: Cannot allocate resource for EISA slot 5
[    0.638088] platform eisa.0: Cannot allocate resource for EISA slot 6
[    0.638089] platform eisa.0: Cannot allocate resource for EISA slot 7
[    0.638090] platform eisa.0: Cannot allocate resource for EISA slot 8
[    0.638091] platform eisa.0: EISA: Detected 0 cards
[    0.638094] intel_pstate: CPU model not supported
[    0.638104] ledtrig-cpu: registered to indicate activity on CPUs
[    0.638157] drop_monitor: Initializing network drop monitor service
[    0.638329] NET: Registered protocol family 10
[    0.643403] Segment Routing with IPv6
[    0.643403] fullmesh registered
[    0.643403] ndiffports registered
[    0.643403] binder registered
[    0.643403] roundrobin registered
[    0.643403] mps registered
[    0.643403] redundant registered
[    0.643403] blest registered
[    0.643403] ecf registered
[    0.643403] NET: Registered protocol family 17
[    0.643403] Key type dns_resolver registered
[    0.643403] RAS: Correctable Errors collector initialized.
[    0.643403] IPI shorthand broadcast: enabled
[    0.643403] sched_clock: Marking stable (628195626, 11207611)->(642894874, -3491637)
[    0.643802] registered taskstats version 1
[    0.643813] Loading compiled-in X.509 certificates
[    0.644399] Loaded X.509 cert 'Build time autogenerated kernel key: 6909f3744cebb3d0de528d5887b96a727de79b1e'
[    0.644417] zswap: loaded using pool lzo/zbud
[    0.644470] Key type ._fscrypt registered
[    0.644471] Key type .fscrypt registered
[    0.648913] Key type big_key registered
[    0.651113] Key type encrypted registered
[    0.651116] AppArmor: AppArmor sha1 policy hashing enabled
[    0.651123] ima: No TPM chip found, activating TPM-bypass!
[    0.651126] ima: Allocated hash algorithm: sha1
[    0.651133] ima: No architecture policies found
[    0.651142] evm: Initialising EVM extended attributes:
[    0.651143] evm: security.selinux
[    0.651143] evm: security.SMACK64
[    0.651143] evm: security.SMACK64EXEC
[    0.651144] evm: security.SMACK64TRANSMUTE
[    0.651144] evm: security.SMACK64MMAP
[    0.651145] evm: security.apparmor
[    0.651145] evm: security.ima
[    0.651146] evm: security.capability
[    0.651146] evm: HMAC attrs: 0x1
[    0.651444] PM:   Magic number: 10:845:23
[    0.651556] rtc_cmos rtc_cmos: setting system clock to 2026-01-10T11:01:58 UTC (1768042918)
[    0.807064] ata1.00: ATA-6: VBOX HARDDISK, 1.0, max UDMA/133
[    0.807067] ata1.00: 209715200 sectors, multi 128: LBA 
[    0.807542] scsi 0:0:0:0: Direct-Access     ATA      VBOX HARDDISK    1.0  PQ: 0 ANSI: 5
[    0.807742] sd 0:0:0:0: [sda] 209715200 512-byte logical blocks: (107 GB/100 GiB)
[    0.807749] sd 0:0:0:0: [sda] Write Protect is off
[    0.807751] sd 0:0:0:0: [sda] Mode Sense: 00 3a 00 00
[    0.807763] sd 0:0:0:0: [sda] Write cache: enabled, read cache: enabled, doesn't support DPO or FUA
[    0.808005] sd 0:0:0:0: Attached scsi generic sg0 type 0
[    0.808675]  sda: sda1 sda2
[    0.819416] sd 0:0:0:0: [sda] Attached SCSI disk
[    0.821337] Freeing unused decrypted memory: 2040K
[    0.822061] Freeing unused kernel image memory: 2728K
[    0.822063] Write protecting the kernel read-only data: 22528k
[    0.822750] Freeing unused kernel image memory: 2036K
[    0.823152] Freeing unused kernel image memory: 1428K
[    0.837118] x86/mm: Checked W+X mappings: passed, no W+X pages found.
[    0.837121] Run /init as init process
[    0.949944] ACPI: Video Device [GFX0] (multi-head: yes  rom: no  post: no)
[    0.950022] input: Video Bus as /devices/LNXSYSTM:00/LNXSYBUS:00/PNP0A03:00/LNXVIDEO:00/input/input4
[    0.964645] pcnet32: pcnet32.c:v1.35 21.Apr.2008 tsbogend@alpha.franken.de
[    0.966003] piix4_smbus 0000:00:07.0: SMBus Host Controller at 0x4100, revision 0
[    0.968718] e1000: Intel(R) PRO/1000 Network Driver - version 7.3.21-k8-NAPI
[    0.968719] e1000: Copyright (c) 1999-2006 Intel Corporation.
[    0.980498] pcnet32: PCnet/FAST III 79C973 at 0xd020, 08:00:27:b9:3d:e2 assigned IRQ 19
[    0.980542] pcnet32: Found PHY 0022:561b at address 0
[    0.980845] pcnet32: eth0: registered as PCnet/FAST III 79C973
[    0.986703] pcnet32: 1 cards_found
[    1.044397] pcnet32 0000:00:03.0 enp0s3: renamed from eth0
[    1.180938] input: ImExPS/2 Generic Explorer Mouse as /devices/platform/i8042/serio1/input/input5
[    1.379642] e1000 0000:00:08.0 eth0: (PCI:33MHz:32-bit) 08:00:27:87:75:88
[    1.379646] e1000 0000:00:08.0 eth0: Intel(R) PRO/1000 Network Connection
[    1.767968] e1000 0000:00:09.0 eth1: (PCI:33MHz:32-bit) 08:00:27:26:74:ed
[    1.767972] e1000 0000:00:09.0 eth1: Intel(R) PRO/1000 Network Connection
[    1.769290] e1000 0000:00:09.0 enp0s9: renamed from eth1
[    1.771391] e1000 0000:00:08.0 enp0s8: renamed from eth0
[    1.918368] EXT4-fs (sda2): mounted filesystem with ordered data mode. Opts: (null)
[    2.008646] systemd[1]: Inserted module 'autofs4'
[    2.020269] systemd[1]: systemd 245.4-4ubuntu3 running in system mode. (+PAM +AUDIT +SELINUX +IMA +APPARMOR +SMACK +SYSVINIT +UTMP +LIBCRYPTSETUP +GCRYPT +GNUTLS +ACL +XZ +LZ4 +SECCOMP +BLKID +ELFUTILS +KMOD +IDN2 -IDN +PCRE2 default-hierarchy=hybrid)
[    2.020295] systemd[1]: Detected virtualization oracle.
[    2.020298] systemd[1]: Detected architecture x86-64.
[    2.021571] systemd[1]: Set hostname to <ztg>.
[    2.145190] systemd[1]: /lib/systemd/system/dbus.socket:5: ListenStream= references a path below legacy directory /var/run/, updating /var/run/dbus/system_bus_socket â†’ /run/dbus/system_bus_socket; please update the unit file accordingly.
[    2.199095] systemd[1]: Created slice system-modprobe.slice.
[    2.199338] systemd[1]: Created slice User and Session Slice.
[    2.199386] systemd[1]: Started Forward Password Requests to Wall Directory Watch.
[    2.199554] systemd[1]: Set up automount Arbitrary Executable File Formats File System Automount Point.
[    2.199585] systemd[1]: Reached target User and Group Name Lookups.
[    2.199594] systemd[1]: Reached target Remote File Systems.
[    2.199602] systemd[1]: Reached target Slices.
[    2.200087] systemd[1]: Listening on Syslog Socket.
[    2.200153] systemd[1]: Listening on fsck to fsckd communication Socket.
[    2.200190] systemd[1]: Listening on initctl Compatibility Named Pipe.
[    2.200327] systemd[1]: Listening on Journal Audit Socket.
[    2.200377] systemd[1]: Listening on Journal Socket (/dev/log).
[    2.200443] systemd[1]: Listening on Journal Socket.
[    2.200506] systemd[1]: Listening on udev Control Socket.
[    2.200542] systemd[1]: Listening on udev Kernel Socket.
[    2.201271] systemd[1]: Mounting Huge Pages File System...
[    2.202176] systemd[1]: Mounting POSIX Message Queue File System...
[    2.203025] systemd[1]: Mounting Kernel Debug File System...
[    2.203903] systemd[1]: Mounting Kernel Trace File System...
[    2.205823] systemd[1]: Starting Journal Service...
[    2.229906] systemd[1]: Starting Set the console keyboard layout...
[    2.235110] systemd[1]: Starting Create list of static device nodes for the current kernel...
[    2.240084] systemd[1]: Starting Load Kernel Module drm...
[    2.243976] systemd[1]: Condition check resulted in Set Up Additional Binary Formats being skipped.
[    2.244277] systemd[1]: Condition check resulted in File System Check on Root Device being skipped.
[    2.254763] systemd[1]: Starting Load Kernel Modules...
[    2.262908] systemd[1]: Starting Remount Root and Kernel File Systems...
[    2.267453] systemd[1]: Starting udev Coldplug all Devices...
[    2.276727] systemd[1]: Starting Uncomplicated firewall...
[    2.277960] systemd[1]: Mounted Huge Pages File System.
[    2.278044] systemd[1]: Mounted POSIX Message Queue File System.
[    2.278119] systemd[1]: Mounted Kernel Debug File System.
[    2.278187] systemd[1]: Mounted Kernel Trace File System.
[    2.288372] EXT4-fs (sda2): re-mounted. Opts: errors=remount-ro
[    2.289007] systemd[1]: Finished Create list of static device nodes for the current kernel.
[    2.290038] systemd[1]: modprobe@drm.service: Succeeded.
[    2.293190] systemd[1]: Finished Load Kernel Module drm.
[    2.311314] systemd[1]: Finished Remount Root and Kernel File Systems.
[    2.326729] systemd[1]: Finished Uncomplicated firewall.
[    2.331257] systemd[1]: Condition check resulted in Rebuild Hardware Database being skipped.
[    2.331295] systemd[1]: Condition check resulted in Platform Persistent Storage Archival being skipped.
[    2.331970] systemd[1]: Starting Load/Save Random Seed...
[    2.337182] systemd[1]: Starting Create System Users...
[    2.345261] lp: driver loaded but no devices found
[    2.347771] systemd[1]: Finished Load/Save Random Seed.
[    2.369121] systemd[1]: Finished Create System Users.
[    2.369861] systemd[1]: Starting Create Static Device Nodes in /dev...
[    2.376094] ppdev: user-space parallel port driver
[    2.401224] systemd[1]: Finished Create Static Device Nodes in /dev.
[    2.402015] systemd[1]: Starting udev Kernel Device Manager...
[    2.426767] systemd[1]: Finished udev Coldplug all Devices.
[    2.479864] [drm] DMA map mode: Caching DMA mappings.
[    2.479925] [drm] Capabilities:
[    2.479926] [drm]   Rect copy.
[    2.479926] [drm]   Cursor.
[    2.479926] [drm]   Cursor bypass.
[    2.479927] [drm]   Cursor bypass 2.
[    2.479927] [drm]   Alpha cursor.
[    2.479927] [drm]   Extended Fifo.
[    2.479928] [drm]   Pitchlock.
[    2.479928] [drm]   Irq mask.
[    2.479928] [drm]   GMR.
[    2.479929] [drm]   Traces.
[    2.479929] [drm]   GMR2.
[    2.479929] [drm]   Screen Object 2.
[    2.479930] [drm]   Command Buffers.
[    2.479930] [drm]   Command Buffers 2.
[    2.479931] [drm]   Guest Backed Resources.
[    2.479932] [drm] Max GMR ids is 8192
[    2.479932] [drm] Max number of GMR pages is 1048576
[    2.479933] [drm] Max dedicated hypervisor surface memory is 393216 kiB
[    2.479933] [drm] Maximum display memory size is 131072 kiB
[    2.479934] [drm] VRAM at 0xe0000000 size is 131072 kiB
[    2.479935] [drm] MMIO at 0xf0000000 size is 2048 kiB
[    2.483580] [TTM] Zone  kernel: Available graphics memory: 1011736 KiB
[    2.483581] [TTM] Initializing pool allocator
[    2.483584] [TTM] Initializing DMA pool allocator
[    2.483612] [drm] Supports vblank timestamp caching Rev 2 (21.10.2013).
[    2.483613] [drm] No driver support for vblank timestamp query.
[    2.483825] [drm] Screen Target Display device initialized
[    2.484027] [drm] width 720
[    2.484036] [drm] height 400
[    2.484039] [drm] bpp 32
[    2.484543] [drm] Fifo max 0x00200000 min 0x00001000 cap 0x00000355
[    2.485637] [drm] Using command buffers with DMA pool.
[    2.485641] [drm] DX: no.
[    2.485641] [drm] Atomic: yes.
[    2.485642] [drm] SM4_1: no.
[    2.485660] [drm:vmw_host_log [vmwgfx]] *ERROR* Failed to send host log message.
[    2.486548] [drm:vmw_host_log [vmwgfx]] *ERROR* Failed to send host log message.
[    2.496327] systemd[1]: Finished Set the console keyboard layout.
[    2.496422] systemd[1]: Reached target Local File Systems (Pre).
[    2.497287] fbcon: svgadrmfb (fb0) is primary device
[    2.500333] systemd[1]: Mounting Mount unit for bare, revision 5...
[    2.502789] systemd[1]: Mounting Mount unit for core18, revision 1705...
[    2.506317] Console: switching to colour frame buffer device 100x37
[    2.514542] [drm] Initialized vmwgfx 2.15.0 20180704 for 0000:00:02.0 on minor 0
[    2.516946] systemd[1]: Mounting Mount unit for core22, revision 2193...
[    2.524703] systemd[1]: Mounting Mount unit for gnome-3-34-1804, revision 24...
[    2.554388] systemd[1]: Mounting Mount unit for gnome-42-2204, revision 226...
[    2.560075] systemd[1]: Mounting Mount unit for gtk-common-themes, revision 1506...
[    2.562394] systemd[1]: Mounting Mount unit for gtk-common-themes, revision 1535...
[    2.572381] systemd[1]: Mounting Mount unit for snap-store, revision 1216...
[    2.574586] systemd[1]: Mounting Mount unit for snap-store, revision 433...
[    2.590564] systemd[1]: Mounting Mount unit for snapd, revision 25577...
[    2.611831] systemd[1]: Finished Load Kernel Modules.
[    2.612870] systemd[1]: Mounted Mount unit for bare, revision 5.
[    2.612962] systemd[1]: Mounted Mount unit for core18, revision 1705.
[    2.613047] systemd[1]: Mounted Mount unit for core22, revision 2193.
[    2.613125] systemd[1]: Mounted Mount unit for gnome-3-34-1804, revision 24.
[    2.622023] systemd[1]: Mounting FUSE Control File System...
[    2.623732] systemd[1]: Mounting Kernel Configuration File System...
[    2.651164] systemd[1]: Starting Apply Kernel Variables...
[    2.652824] systemd[1]: Started udev Kernel Device Manager.
[    2.665892] systemd[1]: Starting Show Plymouth Boot Screen...
[    2.670879] systemd[1]: Mounted Mount unit for gnome-42-2204, revision 226.
[    2.670998] systemd[1]: Mounted FUSE Control File System.
[    2.671091] systemd[1]: Mounted Kernel Configuration File System.
[    2.680523] systemd[1]: Mounted Mount unit for snap-store, revision 1216.
[    2.685591] systemd[1]: Finished Apply Kernel Variables.
[    2.685749] systemd[1]: Received SIGRTMIN+20 from PID 285 (plymouthd).
[    2.685783] systemd[1]: Condition check resulted in VMware vmblock fuse mount being skipped.
[    2.704781] systemd[1]: Started Show Plymouth Boot Screen.
[    2.719248] systemd[1]: Condition check resulted in Dispatch Password Requests to Console Directory Watch being skipped.
[    2.719336] systemd[1]: Started Forward Password Requests to Plymouth Directory Watch.
[    2.719407] systemd[1]: Reached target Local Encrypted Volumes.
[    2.753636] systemd[1]: Mounted Mount unit for gtk-common-themes, revision 1506.
[    2.753858] systemd[1]: Mounted Mount unit for gtk-common-themes, revision 1535.
[    2.783814] systemd[1]: Mounted Mount unit for snap-store, revision 433.
[    2.833402] systemd[1]: Mounted Mount unit for snapd, revision 25577.
[    2.833631] systemd[1]: Reached target Local File Systems.
[    2.835733] systemd[1]: Starting Load AppArmor profiles...
[    2.843087] systemd[1]: Starting Set console font and keymap...
[    2.847630] systemd[1]: Starting Tell Plymouth To Write Out Runtime Data...
[    2.854920] systemd[1]: Condition check resulted in Store a System Token in an EFI Variable being skipped.
[    2.854950] systemd[1]: Condition check resulted in Commit a transient machine-id on disk being skipped.
[    2.855828] systemd[1]: Finished Set console font and keymap.
[    2.860570] systemd[1]: Received SIGRTMIN+20 from PID 285 (plymouthd).
[    2.861943] systemd[1]: plymouth-read-write.service: Succeeded.
[    2.862188] systemd[1]: Finished Tell Plymouth To Write Out Runtime Data.
[    2.898962] audit: type=1400 audit(1768042920.740:2): apparmor="STATUS" operation="profile_load" profile="unconfined" name="nvidia_modprobe" pid=308 comm="apparmor_parser"
[    2.898965] audit: type=1400 audit(1768042920.740:3): apparmor="STATUS" operation="profile_load" profile="unconfined" name="nvidia_modprobe//kmod" pid=308 comm="apparmor_parser"
[    2.905700] audit: type=1400 audit(1768042920.748:4): apparmor="STATUS" operation="profile_load" profile="unconfined" name="/usr/sbin/tcpdump" pid=309 comm="apparmor_parser"
[    2.934993] audit: type=1400 audit(1768042920.772:5): apparmor="STATUS" operation="profile_load" profile="unconfined" name="/usr/bin/evince" pid=311 comm="apparmor_parser"
[    2.934995] audit: type=1400 audit(1768042920.772:6): apparmor="STATUS" operation="profile_load" profile="unconfined" name="/usr/bin/evince//sanitized_helper" pid=311 comm="apparmor_parser"
[    2.934996] audit: type=1400 audit(1768042920.772:7): apparmor="STATUS" operation="profile_load" profile="unconfined" name="/usr/bin/evince-previewer" pid=311 comm="apparmor_parser"
[    2.934999] audit: type=1400 audit(1768042920.772:8): apparmor="STATUS" operation="profile_load" profile="unconfined" name="/usr/bin/evince-previewer//sanitized_helper" pid=311 comm="apparmor_parser"
[    2.935001] audit: type=1400 audit(1768042920.772:9): apparmor="STATUS" operation="profile_load" profile="unconfined" name="/usr/bin/evince-thumbnailer" pid=311 comm="apparmor_parser"
[    2.966174] audit: type=1400 audit(1768042920.812:10): apparmor="STATUS" operation="profile_load" profile="unconfined" name="/usr/lib/cups/backend/cups-pdf" pid=312 comm="apparmor_parser"
[    3.029961] systemd[1]: Finished Load AppArmor profiles.
[    3.030911] systemd[1]: Starting Load AppArmor profiles managed internally by snapd...
[    3.164595] systemd[1]: Finished Load AppArmor profiles managed internally by snapd.
[    3.218599] systemd[1]: Started Journal Service.
[    3.225457] systemd-journald[229]: Received client request to flush runtime journal.
[    3.228837] systemd-journald[229]: File /var/log/journal/c455b248004a419c87ce85eea238d727/system.journal corrupted or uncleanly shut down, renaming and replacing.
[    4.529363] RAPL PMU: API unit is 2^-32 Joules, 0 fixed counters, 10737418240 ms ovfl timer
[    4.637612] cryptd: max_cpu_qlen set to 1000
[    4.694882] AVX2 version of gcm_enc/dec engaged.
[    4.694883] AES CTR mode by8 optimization enabled
[    6.623352] Adding 1998844k swap on /dev/sda1.  Priority:-2 extents:1 across:1998844k FS
[    7.267489] AAAAA: Error looking up destination IP: 369098976 - net/ipv4/ip_output.c: 285: dac_mps_nexthops
[    7.510966] AAAAA: Error looking up destination IP: 4211081440 - net/ipv4/ip_output.c: 285: dac_mps_nexthops
[    7.664685] AAAAA: Error looking up destination IP: 369098976 - net/ipv4/ip_output.c: 285: dac_mps_nexthops
[    7.768791] AAAAA: Error looking up destination IP: 4211081440 - net/ipv4/ip_output.c: 285: dac_mps_nexthops
[    8.019061] AAAAA: Error looking up destination IP: 4211081440 - net/ipv4/ip_output.c: 285: dac_mps_nexthops
[    8.025426] kauditd_printk_skb: 31 callbacks suppressed
[    8.025427] audit: type=1400 audit(1768042925.864:42): apparmor="DENIED" operation="capable" profile="/usr/sbin/cups-browsed" pid=577 comm="cups-browsed" capability=23  capname="sys_nice"
[    8.125745] AAAAA: Error looking up destination IP: 4211081440 - net/ipv4/ip_output.c: 285: dac_mps_nexthops
[    8.218761] AAAAA: Error looking up destination IP: 4211081440 - net/ipv4/ip_output.c: 285: dac_mps_nexthops
[    9.128165] pcnet32 0000:00:03.0 enp0s3: link up, 100Mbps, full-duplex
[    9.147302] AAAAA: Error looking up destination IP: 4211081440 - net/ipv4/ip_output.c: 285: dac_mps_nexthops
[    9.170185] e1000: enp0s8 NIC Link is Up 1000 Mbps Full Duplex, Flow Control: RX
[    9.170462] IPv6: ADDRCONF(NETDEV_CHANGE): enp0s8: link becomes ready
[    9.194641] e1000: enp0s9 NIC Link is Up 1000 Mbps Full Duplex, Flow Control: RX
[    9.194929] IPv6: ADDRCONF(NETDEV_CHANGE): enp0s9: link becomes ready
[    9.844163] device enp0s3 entered promiscuous mode
[    9.861811] audit: type=1400 audit(1768042927.704:43): apparmor="DENIED" operation="open" profile="/usr/sbin/tcpdump" name="/proc/sys/kernel/random/boot_id" pid=714 comm="tcpdump" requested_mask="r" denied_mask="r" fsuid=0 ouid=0
[    9.862042] audit: type=1400 audit(1768042927.704:44): apparmor="DENIED" operation="open" profile="/usr/sbin/tcpdump" name="/proc/sys/kernel/random/boot_id" pid=714 comm="tcpdump" requested_mask="r" denied_mask="r" fsuid=0 ouid=0
[    9.862081] audit: type=1400 audit(1768042927.704:45): apparmor="DENIED" operation="open" profile="/usr/sbin/tcpdump" name="/proc/sys/kernel/random/boot_id" pid=714 comm="tcpdump" requested_mask="r" denied_mask="r" fsuid=0 ouid=0
[    9.862235] audit: type=1400 audit(1768042927.704:46): apparmor="DENIED" operation="open" profile="/usr/sbin/tcpdump" name="/proc/sys/kernel/random/boot_id" pid=714 comm="tcpdump" requested_mask="r" denied_mask="r" fsuid=0 ouid=0
[    9.864708] audit: type=1400 audit(1768042927.704:47): apparmor="DENIED" operation="open" profile="/usr/sbin/tcpdump" name="/proc/sys/kernel/random/boot_id" pid=715 comm="tcpdump" requested_mask="r" denied_mask="r" fsuid=0 ouid=0
[    9.864890] audit: type=1400 audit(1768042927.704:48): apparmor="DENIED" operation="open" profile="/usr/sbin/tcpdump" name="/proc/sys/kernel/random/boot_id" pid=715 comm="tcpdump" requested_mask="r" denied_mask="r" fsuid=0 ouid=0
[    9.864928] audit: type=1400 audit(1768042927.704:49): apparmor="DENIED" operation="open" profile="/usr/sbin/tcpdump" name="/proc/sys/kernel/random/boot_id" pid=715 comm="tcpdump" requested_mask="r" denied_mask="r" fsuid=0 ouid=0
[    9.864983] audit: type=1400 audit(1768042927.704:50): apparmor="DENIED" operation="open" profile="/usr/sbin/tcpdump" name="/proc/sys/kernel/random/boot_id" pid=715 comm="tcpdump" requested_mask="r" denied_mask="r" fsuid=0 ouid=0
[   15.870311] rfkill: input handler disabled
[  255.518962] AAAAA-TCP_FORW: name:enp0s3: saddr:33561200: daddr:100932208
[  255.645160] AAAAA-TCP_FORW: name:enp0s3: saddr:33561200: daddr:100932208
[  255.816438] AAAAA-TCP_FORW: name:enp0s3: saddr:33561200: daddr:100932208
[  256.002706] AAAAA-TCP_FORW: name:enp0s3: saddr:33561200: daddr:100932208
[  256.612514] AAAAA-TCP_FORW: name:enp0s3: saddr:33561200: daddr:100932208
[  256.742606] AAAAA-TCP_FORW: name:enp0s3: saddr:33561200: daddr:100932208
[  257.002151] AAAAA-TCP_FORW: name:enp0s3: saddr:33561200: daddr:100932208
[  257.065113] AAAAA-TCP_FORW: name:enp0s3: saddr:33561200: daddr:100932208
[  257.343504] AAAAA-TCP_FORW: name:enp0s3: saddr:33561200: daddr:100932208
[  643.794068] rfkill: input handler enabled
[  652.109576] rfkill: input handler disabled
[  846.498215] device enp0s3 left promiscuous mode
