[    0.000000] Linux version 5.4.243-dmptcp (root@ztg) (gcc version 12.2.0 (Debian 12.2.0-14+deb12u1)) #119 SMP Wed Dec 24 23:52:51 CST 2025
[    0.000000] Command line: BOOT_IMAGE=/boot/vmlinuz-5.4.243-dmptcp root=UUID=98415a12-53b7-4144-8265-0f7ece09e445 ro quiet splash
[    0.000000] KERNEL supported cpus:
[    0.000000]   Intel GenuineIntel
[    0.000000]   AMD AuthenticAMD
[    0.000000]   Hygon HygonGenuine
[    0.000000]   Centaur CentaurHauls
[    0.000000]   zhaoxin   Shanghai  
[    0.000000] x86/fpu: Supporting XSAVE feature 0x001: 'x87 floating point registers'
[    0.000000] x86/fpu: Supporting XSAVE feature 0x002: 'SSE registers'
[    0.000000] x86/fpu: Supporting XSAVE feature 0x004: 'AVX registers'
[    0.000000] x86/fpu: xstate_offset[2]:  576, xstate_sizes[2]:  256
[    0.000000] x86/fpu: Enabled xstate features 0x7, context size is 832 bytes, using 'standard' format.
[    0.000000] BIOS-provided physical RAM map:
[    0.000000] BIOS-e820: [mem 0x0000000000000000-0x000000000009fbff] usable
[    0.000000] BIOS-e820: [mem 0x000000000009fc00-0x000000000009ffff] reserved
[    0.000000] BIOS-e820: [mem 0x00000000000f0000-0x00000000000fffff] reserved
[    0.000000] BIOS-e820: [mem 0x0000000000100000-0x000000007ffeffff] usable
[    0.000000] BIOS-e820: [mem 0x000000007fff0000-0x000000007fffffff] ACPI data
[    0.000000] BIOS-e820: [mem 0x00000000fec00000-0x00000000fec00fff] reserved
[    0.000000] BIOS-e820: [mem 0x00000000fee00000-0x00000000fee00fff] reserved
[    0.000000] BIOS-e820: [mem 0x00000000fffc0000-0x00000000ffffffff] reserved
[    0.000000] NX (Execute Disable) protection: active
[    0.000000] SMBIOS 2.5 present.
[    0.000000] DMI: innotek GmbH VirtualBox/VirtualBox, BIOS VirtualBox 12/01/2006
[    0.000000] Hypervisor detected: KVM
[    0.000000] kvm-clock: Using msrs 4b564d01 and 4b564d00
[    0.000000] kvm-clock: cpu 0, msr 71201001, primary cpu clock
[    0.000000] kvm-clock: using sched offset of 4446843594 cycles
[    0.000003] clocksource: kvm-clock: mask: 0xffffffffffffffff max_cycles: 0x1cd42e4dffb, max_idle_ns: 881590591483 ns
[    0.000005] tsc: Detected 2100.000 MHz processor
[    0.001888] e820: update [mem 0x00000000-0x00000fff] usable ==> reserved
[    0.001890] e820: remove [mem 0x000a0000-0x000fffff] usable
[    0.001894] last_pfn = 0x7fff0 max_arch_pfn = 0x400000000
[    0.001961] MTRR default type: uncachable
[    0.001962] MTRR fixed ranges enabled:
[    0.001963]   00000-9FFFF write-back
[    0.001964]   A0000-BFFFF uncachable
[    0.001965]   C0000-FFFFF write-protect
[    0.001965] MTRR variable ranges enabled:
[    0.001967]   0 base 000000000000 mask 3FFF80000000 write-back
[    0.001967]   1 disabled
[    0.001968]   2 disabled
[    0.001968]   3 disabled
[    0.001969]   4 disabled
[    0.001969]   5 disabled
[    0.001970]   6 disabled
[    0.001971]   7 disabled
[    0.001971]   8 disabled
[    0.001972]   9 disabled
[    0.001973]   10 disabled
[    0.001973]   11 disabled
[    0.001974]   12 disabled
[    0.001974]   13 disabled
[    0.001975]   14 disabled
[    0.001976]   15 disabled
[    0.001996] x86/PAT: Configuration [0-7]: WB  WC  UC- UC  WB  WP  UC- WT  
[    0.002143] found SMP MP-table at [mem 0x0009fff0-0x0009ffff]
[    0.092978] check: Scanning 1 areas for low memory corruption
[    0.093160] RAMDISK: [mem 0x32271000-0x3512ffff]
[    0.093168] ACPI: Early table checksum verification disabled
[    0.093174] ACPI: RSDP 0x00000000000E0000 000024 (v02 VBOX  )
[    0.093179] ACPI: XSDT 0x000000007FFF0030 00003C (v01 VBOX   VBOXXSDT 00000001 ASL  00000061)
[    0.093185] ACPI: FACP 0x000000007FFF00F0 0000F4 (v04 VBOX   VBOXFACP 00000001 ASL  00000061)
[    0.093192] ACPI: DSDT 0x000000007FFF02E0 002353 (v02 VBOX   VBOXBIOS 00000002 VBOX 00029BF3)
[    0.093196] ACPI: FACS 0x000000007FFF0200 000040
[    0.093200] ACPI: FACS 0x000000007FFF0200 000040
[    0.093203] ACPI: APIC 0x000000007FFF0240 000054 (v02 VBOX   VBOXAPIC 00000001 ASL  00000061)
[    0.093207] ACPI: SSDT 0x000000007FFF02A0 000038 (v01 VBOX   VBOXCPUT 00000002 VBOX 00029BF3)
[    0.093210] ACPI: Reserving FACP table memory at [mem 0x7fff00f0-0x7fff01e3]
[    0.093211] ACPI: Reserving DSDT table memory at [mem 0x7fff02e0-0x7fff2632]
[    0.093211] ACPI: Reserving FACS table memory at [mem 0x7fff0200-0x7fff023f]
[    0.093212] ACPI: Reserving FACS table memory at [mem 0x7fff0200-0x7fff023f]
[    0.093213] ACPI: Reserving APIC table memory at [mem 0x7fff0240-0x7fff0293]
[    0.093214] ACPI: Reserving SSDT table memory at [mem 0x7fff02a0-0x7fff02d7]
[    0.093228] ACPI: Local APIC address 0xfee00000
[    0.093417] No NUMA configuration found
[    0.093418] Faking a node at [mem 0x0000000000000000-0x000000007ffeffff]
[    0.093428] NODE_DATA(0) allocated [mem 0x7ffc5000-0x7ffeffff]
[    0.094362] Zone ranges:
[    0.094363]   DMA      [mem 0x0000000000001000-0x0000000000ffffff]
[    0.094365]   DMA32    [mem 0x0000000001000000-0x000000007ffeffff]
[    0.094366]   Normal   empty
[    0.094366]   Device   empty
[    0.094367] Movable zone start for each node
[    0.094369] Early memory node ranges
[    0.094370]   node   0: [mem 0x0000000000001000-0x000000000009efff]
[    0.094371]   node   0: [mem 0x0000000000100000-0x000000007ffeffff]
[    0.095037] Zeroed struct page in unavailable ranges: 114 pages
[    0.095039] Initmem setup node 0 [mem 0x0000000000001000-0x000000007ffeffff]
[    0.095040] On node 0 totalpages: 524174
[    0.095042]   DMA zone: 64 pages used for memmap
[    0.095042]   DMA zone: 21 pages reserved
[    0.095043]   DMA zone: 3998 pages, LIFO batch:0
[    0.095117]   DMA32 zone: 8128 pages used for memmap
[    0.095118]   DMA32 zone: 520176 pages, LIFO batch:63
[    0.104215] ACPI: PM-Timer IO Port: 0x4008
[    0.104219] ACPI: Local APIC address 0xfee00000
[    0.104288] IOAPIC[0]: apic_id 1, version 32, address 0xfec00000, GSI 0-23
[    0.104292] ACPI: INT_SRC_OVR (bus 0 bus_irq 0 global_irq 2 dfl dfl)
[    0.104294] ACPI: INT_SRC_OVR (bus 0 bus_irq 9 global_irq 9 low level)
[    0.104295] ACPI: IRQ0 used by override.
[    0.104296] ACPI: IRQ9 used by override.
[    0.104299] Using ACPI (MADT) for SMP configuration information
[    0.104306] smpboot: Allowing 1 CPUs, 0 hotplug CPUs
[    0.104330] PM: Registered nosave memory: [mem 0x00000000-0x00000fff]
[    0.104331] PM: Registered nosave memory: [mem 0x0009f000-0x0009ffff]
[    0.104332] PM: Registered nosave memory: [mem 0x000a0000-0x000effff]
[    0.104333] PM: Registered nosave memory: [mem 0x000f0000-0x000fffff]
[    0.104335] [mem 0x80000000-0xfebfffff] available for PCI devices
[    0.104335] Booting paravirtualized kernel on KVM
[    0.104339] clocksource: refined-jiffies: mask: 0xffffffff max_cycles: 0xffffffff, max_idle_ns: 7645519600211568 ns
[    0.104344] setup_percpu: NR_CPUS:8192 nr_cpumask_bits:1 nr_cpu_ids:1 nr_node_ids:1
[    0.105297] percpu: Embedded 60 pages/cpu s208896 r8192 d28672 u2097152
[    0.105302] pcpu-alloc: s208896 r8192 d28672 u2097152 alloc=1*2097152
[    0.105304] pcpu-alloc: [0] 0 
[    0.105330] Built 1 zonelists, mobility grouping on.  Total pages: 515961
[    0.105331] Policy zone: DMA32
[    0.105332] Kernel command line: BOOT_IMAGE=/boot/vmlinuz-5.4.243-dmptcp root=UUID=98415a12-53b7-4144-8265-0f7ece09e445 ro quiet splash
[    0.106193] Dentry cache hash table entries: 262144 (order: 9, 2097152 bytes, linear)
[    0.106340] Inode-cache hash table entries: 131072 (order: 8, 1048576 bytes, linear)
[    0.106391] mem auto-init: stack:off, heap alloc:on, heap free:off
[    0.106394] Calgary: detecting Calgary via BIOS EBDA area
[    0.106395] Calgary: Unable to locate Rio Grande table in EBDA - bailing!
[    0.110571] Memory: 1967332K/2096696K available (14339K kernel code, 2399K rwdata, 4716K rodata, 2728K init, 17260K bss, 129364K reserved, 0K cma-reserved)
[    0.111507] SLUB: HWalign=64, Order=0-3, MinObjects=0, CPUs=1, Nodes=1
[    0.111524] ftrace: allocating 43203 entries in 169 pages
[    0.129790] rcu: Hierarchical RCU implementation.
[    0.129792] rcu: 	RCU restricting CPUs from NR_CPUS=8192 to nr_cpu_ids=1.
[    0.129793] 	Tasks RCU enabled.
[    0.129794] rcu: RCU calculated value of scheduler-enlistment delay is 25 jiffies.
[    0.129795] rcu: Adjusting geometry for rcu_fanout_leaf=16, nr_cpu_ids=1
[    0.132773] NR_IRQS: 524544, nr_irqs: 256, preallocated irqs: 16
[    0.132990] random: crng init done
[    0.142395] Console: colour VGA+ 80x25
[    0.142400] printk: console [tty0] enabled
[    0.142422] ACPI: Core revision 20190816
[    0.142527] APIC: Switch to symmetric I/O mode setup
[    0.142775] x2apic enabled
[    0.143013] Switched APIC routing to physical x2apic.
[    0.144158] ..TIMER: vector=0x30 apic1=0 pin1=2 apic2=-1 pin2=-1
[    0.144183] clocksource: tsc-early: mask: 0xffffffffffffffff max_cycles: 0x1e4530a99b6, max_idle_ns: 440795257976 ns
[    0.144189] Calibrating delay loop (skipped) preset value.. 4200.00 BogoMIPS (lpj=8400000)
[    0.144191] pid_max: default: 32768 minimum: 301
[    0.144220] LSM: Security Framework initializing
[    0.144230] Yama: becoming mindful.
[    0.144258] AppArmor: AppArmor initialized
[    0.144293] Mount-cache hash table entries: 4096 (order: 3, 32768 bytes, linear)
[    0.144297] Mountpoint-cache hash table entries: 4096 (order: 3, 32768 bytes, linear)
[    0.144309] *** VALIDATE tmpfs ***
[    0.144440] *** VALIDATE proc ***
[    0.144480] *** VALIDATE cgroup1 ***
[    0.144482] *** VALIDATE cgroup2 ***
[    0.144624] process: using mwait in idle threads
[    0.144629] Last level iTLB entries: 4KB 64, 2MB 8, 4MB 8
[    0.144630] Last level dTLB entries: 4KB 64, 2MB 0, 4MB 0, 1GB 4
[    0.144650] Spectre V1 : Mitigation: usercopy/swapgs barriers and __user pointer sanitization
[    0.144656] Spectre V2 : Mitigation: Retpolines
[    0.144657] Spectre V2 : Spectre v2 / SpectreRSB mitigation: Filling RSB on context switch
[    0.144657] Spectre V2 : Spectre v2 / SpectreRSB : Filling RSB on VMEXIT
[    0.144658] RETBleed: WARNING: Spectre v2 mitigation leaves CPU vulnerable to RETBleed attacks, data leaks possible!
[    0.145016] RETBleed: Vulnerable
[    0.145016] Speculative Store Bypass: Vulnerable
[    0.145022] TAA: Mitigation: TSX disabled
[    0.145022] MMIO Stale Data: Mitigation: Clear CPU buffers
[    0.149368] Freeing SMP alternatives memory: 40K
[    0.262792] smpboot: CPU0: Intel(R) Xeon(R) Silver 4216 CPU @ 2.10GHz (family: 0x6, model: 0x55, stepping: 0x7)
[    0.262963] Performance Events: unsupported p6 CPU model 85 no PMU driver, software events only.
[    0.263012] rcu: Hierarchical SRCU implementation.
[    0.263659] NMI watchdog: Perf NMI watchdog permanently disabled
[    0.263720] smp: Bringing up secondary CPUs ...
[    0.263721] smp: Brought up 1 node, 1 CPU
[    0.263723] smpboot: Max logical packages: 1
[    0.263724] smpboot: Total of 1 processors activated (4200.00 BogoMIPS)
[    0.264185] devtmpfs: initialized
[    0.264185] x86/mm: Memory block size: 128MB
[    0.264185] clocksource: jiffies: mask: 0xffffffff max_cycles: 0xffffffff, max_idle_ns: 7645041785100000 ns
[    0.264185] futex hash table entries: 256 (order: 2, 16384 bytes, linear)
[    0.264185] pinctrl core: initialized pinctrl subsystem
[    0.264185] PM: RTC time: 09:23:01, date: 2026-01-10
[    0.264185] NET: Registered protocol family 16
[    0.264185] audit: initializing netlink subsys (disabled)
[    0.264185] EISA bus registered
[    0.264185] cpuidle: using governor ladder
[    0.264185] cpuidle: using governor menu
[    0.264185] ACPI: bus type PCI registered
[    0.264185] acpiphp: ACPI Hot Plug PCI Controller Driver version: 0.5
[    0.264185] PCI: Using configuration type 1 for base access
[    0.265545] audit: type=2000 audit(1768008188.205:1): state=initialized audit_enabled=0 res=1
[    0.265651] HugeTLB registered 2.00 MiB page size, pre-allocated 0 pages
[    0.266783] ACPI: Added _OSI(Module Device)
[    0.266784] ACPI: Added _OSI(Processor Device)
[    0.266785] ACPI: Added _OSI(3.0 _SCP Extensions)
[    0.266786] ACPI: Added _OSI(Processor Aggregator Device)
[    0.266787] ACPI: Added _OSI(Linux-Dell-Video)
[    0.266788] ACPI: Added _OSI(Linux-Lenovo-NV-HDMI-Audio)
[    0.266789] ACPI: Added _OSI(Linux-HPI-Hybrid-Graphics)
[    0.268988] ACPI: 2 ACPI AML tables successfully acquired and loaded
[    0.270584] ACPI: Interpreter enabled
[    0.270594] ACPI: (supports S0 S5)
[    0.270595] ACPI: Using IOAPIC for interrupt routing
[    0.270811] PCI: Using host bridge windows from ACPI; if necessary, use "pci=nocrs" and report a bug
[    0.270916] ACPI: Enabled 2 GPEs in block 00 to 07
[    0.276185] ACPI: PCI Root Bridge [PCI0] (domain 0000 [bus 00-ff])
[    0.276185] acpi PNP0A03:00: _OSC: OS supports [ASPM ClockPM Segments MSI HPX-Type3]
[    0.276644] acpi PNP0A03:00: _OSC: not requesting OS control; OS requires [ExtendedConfig ASPM ClockPM MSI]
[    0.276653] acpi PNP0A03:00: fail to add MMCONFIG information, can't access extended PCI configuration space under this bridge.
[    0.277050] PCI host bridge to bus 0000:00
[    0.277052] pci_bus 0000:00: root bus resource [io  0x0000-0x0cf7 window]
[    0.277053] pci_bus 0000:00: root bus resource [io  0x0d00-0xffff window]
[    0.277054] pci_bus 0000:00: root bus resource [mem 0x000a0000-0x000bffff window]
[    0.277055] pci_bus 0000:00: root bus resource [mem 0x80000000-0xfdffffff window]
[    0.277057] pci_bus 0000:00: root bus resource [bus 00-ff]
[    0.277098] pci 0000:00:00.0: [8086:1237] type 00 class 0x060000
[    0.278036] pci 0000:00:01.0: [8086:7000] type 00 class 0x060100
[    0.278785] pci 0000:00:01.1: [8086:7111] type 00 class 0x01018a
[    0.279156] pci 0000:00:01.1: reg 0x20: [io  0xd000-0xd00f]
[    0.279308] pci 0000:00:01.1: legacy IDE quirk: reg 0x10: [io  0x01f0-0x01f7]
[    0.279309] pci 0000:00:01.1: legacy IDE quirk: reg 0x14: [io  0x03f6]
[    0.279310] pci 0000:00:01.1: legacy IDE quirk: reg 0x18: [io  0x0170-0x0177]
[    0.279311] pci 0000:00:01.1: legacy IDE quirk: reg 0x1c: [io  0x0376]
[    0.279847] pci 0000:00:02.0: [15ad:0405] type 00 class 0x030000
[    0.282094] pci 0000:00:02.0: reg 0x10: [io  0xd010-0xd01f]
[    0.284234] pci 0000:00:02.0: reg 0x14: [mem 0xe0000000-0xe7ffffff pref]
[    0.288232] pci 0000:00:02.0: reg 0x18: [mem 0xf0000000-0xf01fffff]
[    0.298884] pci 0000:00:03.0: [1022:2000] type 00 class 0x020000
[    0.299624] pci 0000:00:03.0: reg 0x10: [io  0xd020-0xd03f]
[    0.300349] pci 0000:00:03.0: reg 0x14: [mem 0xf0200000-0xf0200fff]
[    0.304228] pci 0000:00:04.0: [80ee:cafe] type 00 class 0x088000
[    0.304910] pci 0000:00:04.0: reg 0x10: [io  0xd040-0xd05f]
[    0.305516] pci 0000:00:04.0: reg 0x14: [mem 0xf0400000-0xf07fffff]
[    0.306123] pci 0000:00:04.0: reg 0x18: [mem 0xf0800000-0xf0803fff pref]
[    0.309560] pci 0000:00:07.0: [8086:7113] type 00 class 0x068000
[    0.310386] pci 0000:00:07.0: quirk: [io  0x4000-0x403f] claimed by PIIX4 ACPI
[    0.310403] pci 0000:00:07.0: quirk: [io  0x4100-0x410f] claimed by PIIX4 SMB
[    0.312200] pci 0000:00:08.0: [8086:100e] type 00 class 0x020000
[    0.312913] pci 0000:00:08.0: reg 0x10: [mem 0xf0820000-0xf083ffff]
[    0.314063] pci 0000:00:08.0: reg 0x18: [io  0xd060-0xd067]
[    0.317824] pci 0000:00:09.0: [8086:100e] type 00 class 0x020000
[    0.318537] pci 0000:00:09.0: reg 0x10: [mem 0xf0840000-0xf085ffff]
[    0.319684] pci 0000:00:09.0: reg 0x18: [io  0xd068-0xd06f]
[    0.329196] ACPI: PCI Interrupt Link [LNKA] (IRQs 5 9 10 *11)
[    0.329478] ACPI: PCI Interrupt Link [LNKB] (IRQs 5 9 *10 11)
[    0.329586] ACPI: PCI Interrupt Link [LNKC] (IRQs 5 *9 10 11)
[    0.329687] ACPI: PCI Interrupt Link [LNKD] (IRQs 5 9 10 *11)
[    0.329953] iommu: Default domain type: Translated 
[    0.330009] pci 0000:00:02.0: vgaarb: setting as boot VGA device
[    0.330011] pci 0000:00:02.0: vgaarb: VGA device added: decodes=io+mem,owns=io+mem,locks=none
[    0.330013] pci 0000:00:02.0: vgaarb: bridge control possible
[    0.330014] vgaarb: loaded
[    0.330224] SCSI subsystem initialized
[    0.330255] libata version 3.00 loaded.
[    0.330278] ACPI: bus type USB registered
[    0.330292] usbcore: registered new interface driver usbfs
[    0.330301] usbcore: registered new interface driver hub
[    0.330307] usbcore: registered new device driver usb
[    0.330333] pps_core: LinuxPPS API ver. 1 registered
[    0.330334] pps_core: Software ver. 5.3.6 - Copyright 2005-2007 Rodolfo Giometti <giometti@linux.it>
[    0.330337] PTP clock support registered
[    0.330372] EDAC MC: Ver: 3.0.0
[    0.330658] PCI: Using ACPI for IRQ routing
[    0.330659] PCI: pci_cache_line_size set to 64 bytes
[    0.332306] e820: reserve RAM buffer [mem 0x0009fc00-0x0009ffff]
[    0.332310] e820: reserve RAM buffer [mem 0x7fff0000-0x7fffffff]
[    0.333143] NetLabel: Initializing
[    0.333143] NetLabel:  domain hash size = 128
[    0.333144] NetLabel:  protocols = UNLABELED CIPSOv4 CALIPSO
[    0.333165] NetLabel:  unlabeled traffic allowed by default
[    0.334073] clocksource: Switched to clocksource kvm-clock
[    0.347157] *** VALIDATE bpf ***
[    0.347224] VFS: Disk quotas dquot_6.6.0
[    0.347237] VFS: Dquot-cache hash table entries: 512 (order 0, 4096 bytes)
[    0.347261] *** VALIDATE ramfs ***
[    0.347264] *** VALIDATE hugetlbfs ***
[    0.347348] AppArmor: AppArmor Filesystem Enabled
[    0.347378] pnp: PnP ACPI init
[    0.347457] pnp 00:00: Plug and Play ACPI device, IDs PNP0303 (active)
[    0.347542] pnp 00:01: Plug and Play ACPI device, IDs PNP0f03 (active)
[    0.348308] pnp: PnP ACPI: found 2 devices
[    0.349268] thermal_sys: Registered thermal governor 'fair_share'
[    0.349269] thermal_sys: Registered thermal governor 'bang_bang'
[    0.349270] thermal_sys: Registered thermal governor 'step_wise'
[    0.349270] thermal_sys: Registered thermal governor 'user_space'
[    0.349271] thermal_sys: Registered thermal governor 'power_allocator'
[    0.353818] clocksource: acpi_pm: mask: 0xffffff max_cycles: 0xffffff, max_idle_ns: 2085701024 ns
[    0.353861] pci_bus 0000:00: resource 4 [io  0x0000-0x0cf7 window]
[    0.353862] pci_bus 0000:00: resource 5 [io  0x0d00-0xffff window]
[    0.353863] pci_bus 0000:00: resource 6 [mem 0x000a0000-0x000bffff window]
[    0.353865] pci_bus 0000:00: resource 7 [mem 0x80000000-0xfdffffff window]
[    0.353927] NET: Registered protocol family 2
[    0.354006] IP idents hash table entries: 32768 (order: 6, 262144 bytes, linear)
[    0.354427] MPTCP tokens hash table entries: 8192 (order: 4, 65536 bytes, linear)
[    0.354450] MPTCP request tokens hash table entries: 8192 (order: 4, 65536 bytes, linear)
[    0.354476] default registered
[    0.354476] default registered
[    0.354477] MPTCP: Stable release v0.96
[    0.354482] tcp_listen_portaddr_hash hash table entries: 1024 (order: 2, 16384 bytes, linear)
[    0.354567] TCP established hash table entries: 16384 (order: 5, 131072 bytes, linear)
[    0.354634] TCP bind hash table entries: 16384 (order: 6, 262144 bytes, linear)
[    0.354660] TCP: Hash tables configured (established 16384 bind 16384)
[    0.355405] UDP hash table entries: 1024 (order: 3, 32768 bytes, linear)
[    0.355416] UDP-Lite hash table entries: 1024 (order: 3, 32768 bytes, linear)
[    0.355457] NET: Registered protocol family 1
[    0.355465] NET: Registered protocol family 44
[    0.355490] pci 0000:00:00.0: Limiting direct PCI/PCI transfers
[    0.355503] pci 0000:00:01.0: Activating ISA DMA hang workarounds
[    0.355561] pci 0000:00:02.0: Video device with shadowed ROM at [mem 0x000c0000-0x000dffff]
[    0.355623] PCI: CLS 0 bytes, default 64
[    0.355675] Trying to unpack rootfs image as initramfs...
[    0.539178] Freeing initrd memory: 47868K
[    0.539282] clocksource: tsc: mask: 0xffffffffffffffff max_cycles: 0x1e4530a99b6, max_idle_ns: 440795257976 ns
[    0.539292] clocksource: Switched to clocksource tsc
[    0.539339] platform rtc_cmos: registered platform RTC device (no PNP device found)
[    0.539361] check: Scanning for low memory corruption every 60 seconds
[    0.539698] Initialise system trusted keyrings
[    0.539708] Key type blacklist registered
[    0.539752] workingset: timestamp_bits=36 max_order=19 bucket_order=0
[    0.541052] zbud: loaded
[    0.541411] squashfs: version 4.0 (2009/01/31) Phillip Lougher
[    0.541542] fuse: init (API version 7.31)
[    0.541556] *** VALIDATE fuse ***
[    0.541558] *** VALIDATE fuse ***
[    0.541662] Platform Keyring initialized
[    0.542101] Key type asymmetric registered
[    0.542101] Asymmetric key parser 'x509' registered
[    0.542101] Block layer SCSI generic (bsg) driver version 0.4 loaded (major 244)
[    0.542101] io scheduler mq-deadline registered
[    0.542101] shpchp: Standard Hot Plug PCI Controller Driver version: 0.4
[    0.545075] ACPI: AC Adapter [AC] (on-line)
[    0.545122] input: Power Button as /devices/LNXSYSTM:00/LNXPWRBN:00/input/input0
[    0.545148] ACPI: Power Button [PWRF]
[    0.545227] input: Sleep Button as /devices/LNXSYSTM:00/LNXSLPBN:00/input/input1
[    0.545241] ACPI: Sleep Button [SLPF]
[    0.545473] Serial: 8250/16550 driver, 32 ports, IRQ sharing enabled
[    0.546627] Linux agpgart interface v0.103
[    0.635263] loop: module loaded
[    0.635425] ata_piix 0000:00:01.1: version 2.13
[    0.635833] scsi host0: ata_piix
[    0.635920] scsi host1: ata_piix
[    0.635946] ata1: PATA max UDMA/33 cmd 0x1f0 ctl 0x3f6 bmdma 0xd000 irq 14
[    0.635947] ata2: PATA max UDMA/33 cmd 0x170 ctl 0x376 bmdma 0xd008 irq 15
[    0.636030] tun: Universal TUN/TAP device driver, 1.6
[    0.636340] PPP generic driver version 2.4.2
[    0.636386] VFIO - User Level meta-driver version: 0.3
[    0.636624] ehci_hcd: USB 2.0 'Enhanced' Host Controller (EHCI) Driver
[    0.636627] ehci-pci: EHCI PCI platform driver
[    0.636643] ehci-platform: EHCI generic platform driver
[    0.636648] ohci_hcd: USB 1.1 'Open' Host Controller (OHCI) Driver
[    0.636650] ohci-pci: OHCI PCI platform driver
[    0.636656] ohci-platform: OHCI generic platform driver
[    0.636660] uhci_hcd: USB Universal Host Controller Interface driver
[    0.636725] i8042: PNP: PS/2 Controller [PNP0303:PS2K,PNP0f03:PS2M] at 0x60,0x64 irq 1,12
[    0.637154] serio: i8042 KBD port at 0x60,0x64 irq 1
[    0.637159] serio: i8042 AUX port at 0x60,0x64 irq 12
[    0.637243] mousedev: PS/2 mouse device common for all mice
[    0.637508] input: AT Translated Set 2 keyboard as /devices/platform/i8042/serio0/input/input2
[    0.637942] rtc_cmos rtc_cmos: registered as rtc0
[    0.637954] rtc_cmos rtc_cmos: alarms up to one day, 114 bytes nvram
[    0.637960] i2c /dev entries driver
[    0.638010] device-mapper: uevent: version 1.0.3
[    0.638053] device-mapper: ioctl: 4.41.0-ioctl (2019-09-16) initialised: dm-devel@redhat.com
[    0.638074] platform eisa.0: Probing EISA bus 0
[    0.638075] platform eisa.0: EISA: Cannot allocate resource for mainboard
[    0.638076] platform eisa.0: Cannot allocate resource for EISA slot 1
[    0.638077] platform eisa.0: Cannot allocate resource for EISA slot 2
[    0.638078] platform eisa.0: Cannot allocate resource for EISA slot 3
[    0.638079] platform eisa.0: Cannot allocate resource for EISA slot 4
[    0.638080] platform eisa.0: Cannot allocate resource for EISA slot 5
[    0.638081] platform eisa.0: Cannot allocate resource for EISA slot 6
[    0.638082] platform eisa.0: Cannot allocate resource for EISA slot 7
[    0.638083] platform eisa.0: Cannot allocate resource for EISA slot 8
[    0.638084] platform eisa.0: EISA: Detected 0 cards
[    0.638087] intel_pstate: CPU model not supported
[    0.638097] ledtrig-cpu: registered to indicate activity on CPUs
[    0.638150] drop_monitor: Initializing network drop monitor service
[    0.638310] NET: Registered protocol family 10
[    0.643398] Segment Routing with IPv6
[    0.643398] fullmesh registered
[    0.643398] ndiffports registered
[    0.643398] binder registered
[    0.643398] roundrobin registered
[    0.643398] mps registered
[    0.643398] redundant registered
[    0.643398] blest registered
[    0.643398] ecf registered
[    0.643398] NET: Registered protocol family 17
[    0.643398] Key type dns_resolver registered
[    0.643398] RAS: Correctable Errors collector initialized.
[    0.643398] IPI shorthand broadcast: enabled
[    0.643398] sched_clock: Marking stable (628193089, 11205360)->(641087913, -1689464)
[    0.643775] registered taskstats version 1
[    0.643785] Loading compiled-in X.509 certificates
[    0.644371] Loaded X.509 cert 'Build time autogenerated kernel key: 6909f3744cebb3d0de528d5887b96a727de79b1e'
[    0.644388] zswap: loaded using pool lzo/zbud
[    0.644441] Key type ._fscrypt registered
[    0.644441] Key type .fscrypt registered
[    0.648934] Key type big_key registered
[    0.651176] Key type encrypted registered
[    0.651179] AppArmor: AppArmor sha1 policy hashing enabled
[    0.651190] ima: No TPM chip found, activating TPM-bypass!
[    0.651194] ima: Allocated hash algorithm: sha1
[    0.651202] ima: No architecture policies found
[    0.651212] evm: Initialising EVM extended attributes:
[    0.651212] evm: security.selinux
[    0.651213] evm: security.SMACK64
[    0.651214] evm: security.SMACK64EXEC
[    0.651214] evm: security.SMACK64TRANSMUTE
[    0.651215] evm: security.SMACK64MMAP
[    0.651215] evm: security.apparmor
[    0.651215] evm: security.ima
[    0.651216] evm: security.capability
[    0.651217] evm: HMAC attrs: 0x1
[    0.651577] PM:   Magic number: 10:495:373
[    0.651607] vc vcsa1: hash matches
[    0.651707] rtc_cmos rtc_cmos: setting system clock to 2026-01-10T09:23:02 UTC (1768036982)
[    0.806961] ata1.00: ATA-6: VBOX HARDDISK, 1.0, max UDMA/133
[    0.806963] ata1.00: 209715200 sectors, multi 128: LBA 
[    0.807400] scsi 0:0:0:0: Direct-Access     ATA      VBOX HARDDISK    1.0  PQ: 0 ANSI: 5
[    0.807607] sd 0:0:0:0: [sda] 209715200 512-byte logical blocks: (107 GB/100 GiB)
[    0.807616] sd 0:0:0:0: [sda] Write Protect is off
[    0.807618] sd 0:0:0:0: [sda] Mode Sense: 00 3a 00 00
[    0.807628] sd 0:0:0:0: [sda] Write cache: enabled, read cache: enabled, doesn't support DPO or FUA
[    0.807842] sd 0:0:0:0: Attached scsi generic sg0 type 0
[    0.808703]  sda: sda1 sda2
[    0.821632] sd 0:0:0:0: [sda] Attached SCSI disk
[    0.823456] Freeing unused decrypted memory: 2040K
[    0.824150] Freeing unused kernel image memory: 2728K
[    0.824152] Write protecting the kernel read-only data: 22528k
[    0.824830] Freeing unused kernel image memory: 2036K
[    0.825239] Freeing unused kernel image memory: 1428K
[    0.838232] x86/mm: Checked W+X mappings: passed, no W+X pages found.
[    0.838235] Run /init as init process
[    0.932575] ACPI: Video Device [GFX0] (multi-head: yes  rom: no  post: no)
[    0.932652] input: Video Bus as /devices/LNXSYSTM:00/LNXSYBUS:00/PNP0A03:00/LNXVIDEO:00/input/input4
[    0.947509] pcnet32: pcnet32.c:v1.35 21.Apr.2008 tsbogend@alpha.franken.de
[    0.948516] pcnet32: PCnet/FAST III 79C973 at 0xd020, 08:00:27:28:4e:46 assigned IRQ 19
[    0.948559] pcnet32: Found PHY 0022:561b at address 0
[    0.948864] pcnet32: eth0: registered as PCnet/FAST III 79C973
[    0.951515] e1000: Intel(R) PRO/1000 Network Driver - version 7.3.21-k8-NAPI
[    0.951516] e1000: Copyright (c) 1999-2006 Intel Corporation.
[    0.952881] piix4_smbus 0000:00:07.0: SMBus Host Controller at 0x4100, revision 0
[    0.956526] pcnet32: 1 cards_found
[    1.027267] pcnet32 0000:00:03.0 enp0s3: renamed from eth0
[    1.165535] input: ImExPS/2 Generic Explorer Mouse as /devices/platform/i8042/serio1/input/input5
[    1.368152] e1000 0000:00:08.0 eth0: (PCI:33MHz:32-bit) 08:00:27:b9:80:a2
[    1.368156] e1000 0000:00:08.0 eth0: Intel(R) PRO/1000 Network Connection
[    1.755966] e1000 0000:00:09.0 eth1: (PCI:33MHz:32-bit) 08:00:27:d6:b8:48
[    1.755970] e1000 0000:00:09.0 eth1: Intel(R) PRO/1000 Network Connection
[    1.757192] e1000 0000:00:09.0 enp0s9: renamed from eth1
[    1.759272] e1000 0000:00:08.0 enp0s8: renamed from eth0
[    1.893436] EXT4-fs (sda2): mounted filesystem with ordered data mode. Opts: (null)
[    1.982826] systemd[1]: Inserted module 'autofs4'
[    1.994992] systemd[1]: systemd 245.4-4ubuntu3 running in system mode. (+PAM +AUDIT +SELINUX +IMA +APPARMOR +SMACK +SYSVINIT +UTMP +LIBCRYPTSETUP +GCRYPT +GNUTLS +ACL +XZ +LZ4 +SECCOMP +BLKID +ELFUTILS +KMOD +IDN2 -IDN +PCRE2 default-hierarchy=hybrid)
[    1.995022] systemd[1]: Detected virtualization oracle.
[    1.995025] systemd[1]: Detected architecture x86-64.
[    1.996416] systemd[1]: Set hostname to <ztg>.
[    2.121562] systemd[1]: /lib/systemd/system/dbus.socket:5: ListenStream= references a path below legacy directory /var/run/, updating /var/run/dbus/system_bus_socket â†’ /run/dbus/system_bus_socket; please update the unit file accordingly.
[    2.177093] systemd[1]: Created slice system-modprobe.slice.
[    2.177282] systemd[1]: Created slice User and Session Slice.
[    2.177328] systemd[1]: Started Forward Password Requests to Wall Directory Watch.
[    2.177495] systemd[1]: Set up automount Arbitrary Executable File Formats File System Automount Point.
[    2.177528] systemd[1]: Reached target User and Group Name Lookups.
[    2.177538] systemd[1]: Reached target Remote File Systems.
[    2.177546] systemd[1]: Reached target Slices.
[    2.178037] systemd[1]: Listening on Syslog Socket.
[    2.178110] systemd[1]: Listening on fsck to fsckd communication Socket.
[    2.178149] systemd[1]: Listening on initctl Compatibility Named Pipe.
[    2.178288] systemd[1]: Listening on Journal Audit Socket.
[    2.178351] systemd[1]: Listening on Journal Socket (/dev/log).
[    2.178424] systemd[1]: Listening on Journal Socket.
[    2.178488] systemd[1]: Listening on udev Control Socket.
[    2.178527] systemd[1]: Listening on udev Kernel Socket.
[    2.179360] systemd[1]: Mounting Huge Pages File System...
[    2.180321] systemd[1]: Mounting POSIX Message Queue File System...
[    2.181190] systemd[1]: Mounting Kernel Debug File System...
[    2.182010] systemd[1]: Mounting Kernel Trace File System...
[    2.183977] systemd[1]: Starting Journal Service...
[    2.205960] systemd[1]: Starting Set the console keyboard layout...
[    2.213881] systemd[1]: Starting Create list of static device nodes for the current kernel...
[    2.215793] systemd[1]: Starting Load Kernel Module drm...
[    2.216775] systemd[1]: Condition check resulted in Set Up Additional Binary Formats being skipped.
[    2.216825] systemd[1]: Condition check resulted in File System Check on Root Device being skipped.
[    2.230354] systemd[1]: Starting Load Kernel Modules...
[    2.239508] systemd[1]: Starting Remount Root and Kernel File Systems...
[    2.245342] systemd[1]: Starting udev Coldplug all Devices...
[    2.259414] systemd[1]: Starting Uncomplicated firewall...
[    2.260711] systemd[1]: Mounted Huge Pages File System.
[    2.260807] systemd[1]: Mounted POSIX Message Queue File System.
[    2.260885] systemd[1]: Mounted Kernel Debug File System.
[    2.260962] systemd[1]: Mounted Kernel Trace File System.
[    2.263427] EXT4-fs (sda2): re-mounted. Opts: errors=remount-ro
[    2.272291] systemd[1]: Finished Create list of static device nodes for the current kernel.
[    2.273357] systemd[1]: modprobe@drm.service: Succeeded.
[    2.281989] systemd[1]: Finished Load Kernel Module drm.
[    2.282399] systemd[1]: Finished Remount Root and Kernel File Systems.
[    2.302966] systemd[1]: Finished Uncomplicated firewall.
[    2.335953] lp: driver loaded but no devices found
[    2.338322] systemd[1]: Condition check resulted in Rebuild Hardware Database being skipped.
[    2.338370] systemd[1]: Condition check resulted in Platform Persistent Storage Archival being skipped.
[    2.339143] systemd[1]: Starting Load/Save Random Seed...
[    2.345116] systemd[1]: Starting Create System Users...
[    2.354423] systemd[1]: Finished Load/Save Random Seed.
[    2.355057] ppdev: user-space parallel port driver
[    2.362867] systemd[1]: Finished Create System Users.
[    2.364533] systemd[1]: Starting Create Static Device Nodes in /dev...
[    2.379985] systemd[1]: Finished udev Coldplug all Devices.
[    2.427084] systemd[1]: Finished Create Static Device Nodes in /dev.
[    2.428244] systemd[1]: Starting udev Kernel Device Manager...
[    2.451499] [drm] DMA map mode: Caching DMA mappings.
[    2.451563] [drm] Capabilities:
[    2.451564] [drm]   Rect copy.
[    2.451564] [drm]   Cursor.
[    2.451564] [drm]   Cursor bypass.
[    2.451565] [drm]   Cursor bypass 2.
[    2.451565] [drm]   Alpha cursor.
[    2.451566] [drm]   Extended Fifo.
[    2.451566] [drm]   Pitchlock.
[    2.451566] [drm]   Irq mask.
[    2.451567] [drm]   GMR.
[    2.451567] [drm]   Traces.
[    2.451567] [drm]   GMR2.
[    2.451568] [drm]   Screen Object 2.
[    2.451568] [drm]   Command Buffers.
[    2.451568] [drm]   Command Buffers 2.
[    2.451569] [drm]   Guest Backed Resources.
[    2.451570] [drm] Max GMR ids is 8192
[    2.451571] [drm] Max number of GMR pages is 1048576
[    2.451571] [drm] Max dedicated hypervisor surface memory is 393216 kiB
[    2.451572] [drm] Maximum display memory size is 131072 kiB
[    2.451572] [drm] VRAM at 0xe0000000 size is 131072 kiB
[    2.451573] [drm] MMIO at 0xf0000000 size is 2048 kiB
[    2.452189] [TTM] Zone  kernel: Available graphics memory: 1011736 KiB
[    2.452189] [TTM] Initializing pool allocator
[    2.452193] [TTM] Initializing DMA pool allocator
[    2.452225] [drm] Supports vblank timestamp caching Rev 2 (21.10.2013).
[    2.452225] [drm] No driver support for vblank timestamp query.
[    2.452490] [drm] Screen Target Display device initialized
[    2.452699] [drm] width 720
[    2.452708] [drm] height 400
[    2.452711] [drm] bpp 32
[    2.453236] [drm] Fifo max 0x00200000 min 0x00001000 cap 0x00000355
[    2.454352] [drm] Using command buffers with DMA pool.
[    2.454356] [drm] DX: no.
[    2.454357] [drm] Atomic: yes.
[    2.454357] [drm] SM4_1: no.
[    2.454377] [drm:vmw_host_log [vmwgfx]] *ERROR* Failed to send host log message.
[    2.456801] [drm:vmw_host_log [vmwgfx]] *ERROR* Failed to send host log message.
[    2.459437] systemd[1]: Finished Set the console keyboard layout.
[    2.459548] systemd[1]: Reached target Local File Systems (Pre).
[    2.462523] systemd[1]: Mounting Mount unit for bare, revision 5...
[    2.464656] systemd[1]: Mounting Mount unit for core18, revision 1705...
[    2.478985] systemd[1]: Mounting Mount unit for core22, revision 2193...
[    2.499024] fbcon: svgadrmfb (fb0) is primary device
[    2.499901] systemd[1]: Mounting Mount unit for gnome-3-34-1804, revision 24...
[    2.502299] Console: switching to colour frame buffer device 100x37
[    2.511071] [drm] Initialized vmwgfx 2.15.0 20180704 for 0000:00:02.0 on minor 0
[    2.518316] systemd[1]: Mounting Mount unit for gnome-42-2204, revision 226...
[    2.524913] systemd[1]: Mounting Mount unit for gtk-common-themes, revision 1506...
[    2.531713] systemd[1]: Mounting Mount unit for gtk-common-themes, revision 1535...
[    2.538997] systemd[1]: Mounting Mount unit for snap-store, revision 1216...
[    2.565949] systemd[1]: Mounting Mount unit for snap-store, revision 433...
[    2.573001] systemd[1]: Mounting Mount unit for snapd, revision 25577...
[    2.588091] systemd[1]: Finished Load Kernel Modules.
[    2.588244] systemd[1]: Mounted Mount unit for bare, revision 5.
[    2.588330] systemd[1]: Mounted Mount unit for core18, revision 1705.
[    2.588411] systemd[1]: Mounted Mount unit for core22, revision 2193.
[    2.592811] systemd[1]: Mounting FUSE Control File System...
[    2.596187] systemd[1]: Mounting Kernel Configuration File System...
[    2.600744] systemd[1]: Starting Apply Kernel Variables...
[    2.600973] systemd[1]: Mounted Mount unit for gnome-3-34-1804, revision 24.
[    2.638605] systemd[1]: Mounted FUSE Control File System.
[    2.638692] systemd[1]: Mounted Kernel Configuration File System.
[    2.638750] systemd[1]: Condition check resulted in VMware vmblock fuse mount being skipped.
[    2.645490] systemd[1]: Mounted Mount unit for gnome-42-2204, revision 226.
[    2.648571] systemd[1]: Finished Apply Kernel Variables.
[    2.649334] systemd[1]: Started udev Kernel Device Manager.
[    2.653078] systemd[1]: Starting Show Plymouth Boot Screen...
[    2.657218] systemd[1]: Received SIGRTMIN+20 from PID 281 (plymouthd).
[    2.687075] systemd[1]: Mounted Mount unit for gtk-common-themes, revision 1535.
[    2.688476] systemd[1]: Started Show Plymouth Boot Screen.
[    2.688676] systemd[1]: Condition check resulted in Dispatch Password Requests to Console Directory Watch being skipped.
[    2.688758] systemd[1]: Started Forward Password Requests to Plymouth Directory Watch.
[    2.688825] systemd[1]: Reached target Local Encrypted Volumes.
[    2.721365] systemd[1]: Mounted Mount unit for gtk-common-themes, revision 1506.
[    2.721622] systemd[1]: Mounted Mount unit for snap-store, revision 433.
[    2.737287] systemd[1]: Mounted Mount unit for snap-store, revision 1216.
[    2.787210] systemd[1]: Mounted Mount unit for snapd, revision 25577.
[    2.787454] systemd[1]: Reached target Local File Systems.
[    2.788364] systemd[1]: Starting Load AppArmor profiles...
[    2.790506] systemd[1]: Starting Set console font and keymap...
[    2.803931] systemd[1]: Starting Tell Plymouth To Write Out Runtime Data...
[    2.806888] systemd[1]: Condition check resulted in Store a System Token in an EFI Variable being skipped.
[    2.806923] systemd[1]: Condition check resulted in Commit a transient machine-id on disk being skipped.
[    2.809379] systemd[1]: Finished Set console font and keymap.
[    2.818637] systemd[1]: Received SIGRTMIN+20 from PID 281 (plymouthd).
[    2.820096] systemd[1]: plymouth-read-write.service: Succeeded.
[    2.820336] systemd[1]: Finished Tell Plymouth To Write Out Runtime Data.
[    2.841165] audit: type=1400 audit(1768036984.684:2): apparmor="STATUS" operation="profile_load" profile="unconfined" name="nvidia_modprobe" pid=306 comm="apparmor_parser"
[    2.841167] audit: type=1400 audit(1768036984.684:3): apparmor="STATUS" operation="profile_load" profile="unconfined" name="nvidia_modprobe//kmod" pid=306 comm="apparmor_parser"
[    2.866111] audit: type=1400 audit(1768036984.712:4): apparmor="STATUS" operation="profile_load" profile="unconfined" name="/usr/sbin/tcpdump" pid=307 comm="apparmor_parser"
[    2.890157] audit: type=1400 audit(1768036984.728:5): apparmor="STATUS" operation="profile_load" profile="unconfined" name="/usr/bin/evince" pid=309 comm="apparmor_parser"
[    2.890160] audit: type=1400 audit(1768036984.728:6): apparmor="STATUS" operation="profile_load" profile="unconfined" name="/usr/bin/evince//sanitized_helper" pid=309 comm="apparmor_parser"
[    2.890162] audit: type=1400 audit(1768036984.728:7): apparmor="STATUS" operation="profile_load" profile="unconfined" name="/usr/bin/evince-previewer" pid=309 comm="apparmor_parser"
[    2.890163] audit: type=1400 audit(1768036984.728:8): apparmor="STATUS" operation="profile_load" profile="unconfined" name="/usr/bin/evince-previewer//sanitized_helper" pid=309 comm="apparmor_parser"
[    2.890165] audit: type=1400 audit(1768036984.728:9): apparmor="STATUS" operation="profile_load" profile="unconfined" name="/usr/bin/evince-thumbnailer" pid=309 comm="apparmor_parser"
[    2.923318] audit: type=1400 audit(1768036984.768:10): apparmor="STATUS" operation="profile_load" profile="unconfined" name="/usr/lib/cups/backend/cups-pdf" pid=310 comm="apparmor_parser"
[    2.988629] systemd[1]: Finished Load AppArmor profiles.
[    2.989577] systemd[1]: Starting Load AppArmor profiles managed internally by snapd...
[    3.125499] systemd[1]: Finished Load AppArmor profiles managed internally by snapd.
[    3.199066] systemd[1]: Started Journal Service.
[    3.206087] systemd-journald[229]: Received client request to flush runtime journal.
[    3.210230] systemd-journald[229]: File /var/log/journal/c455b248004a419c87ce85eea238d727/system.journal corrupted or uncleanly shut down, renaming and replacing.
[    4.621310] RAPL PMU: API unit is 2^-32 Joules, 0 fixed counters, 10737418240 ms ovfl timer
[    4.698739] cryptd: max_cpu_qlen set to 1000
[    4.766501] AVX2 version of gcm_enc/dec engaged.
[    4.766502] AES CTR mode by8 optimization enabled
[    6.763144] Adding 1998844k swap on /dev/sda1.  Priority:-2 extents:1 across:1998844k FS
[    7.416913] AAAAA: Error looking up destination IP: 369098976 - net/ipv4/ip_output.c: 285: dac_mps_nexthops
[    7.511204] AAAAA: Error looking up destination IP: 4211081440 - net/ipv4/ip_output.c: 285: dac_mps_nexthops
[    7.567240] AAAAA: Error looking up destination IP: 369098976 - net/ipv4/ip_output.c: 285: dac_mps_nexthops
[    7.765536] AAAAA: Error looking up destination IP: 4211081440 - net/ipv4/ip_output.c: 285: dac_mps_nexthops
[    7.973231] kauditd_printk_skb: 31 callbacks suppressed
[    7.973233] audit: type=1400 audit(1768036989.812:42): apparmor="DENIED" operation="capable" profile="/usr/sbin/cups-browsed" pid=571 comm="cups-browsed" capability=23  capname="sys_nice"
[    8.021568] AAAAA: Error looking up destination IP: 4211081440 - net/ipv4/ip_output.c: 285: dac_mps_nexthops
[    8.078150] AAAAA: Error looking up destination IP: 4211081440 - net/ipv4/ip_output.c: 285: dac_mps_nexthops
[    8.217998] AAAAA: Error looking up destination IP: 4211081440 - net/ipv4/ip_output.c: 285: dac_mps_nexthops
[    9.081919] AAAAA: Error looking up destination IP: 4211081440 - net/ipv4/ip_output.c: 285: dac_mps_nexthops
[    9.209676] pcnet32 0000:00:03.0 enp0s3: link up, 100Mbps, full-duplex
[    9.258088] e1000: enp0s8 NIC Link is Up 1000 Mbps Full Duplex, Flow Control: RX
[    9.258366] IPv6: ADDRCONF(NETDEV_CHANGE): enp0s8: link becomes ready
[    9.273833] AAAAA: Error looking up destination IP: 4211081440 - net/ipv4/ip_output.c: 285: dac_mps_nexthops
[    9.282347] e1000: enp0s9 NIC Link is Up 1000 Mbps Full Duplex, Flow Control: RX
[    9.282641] IPv6: ADDRCONF(NETDEV_CHANGE): enp0s9: link becomes ready
[    9.937664] device enp0s3 entered promiscuous mode
[    9.957457] audit: type=1400 audit(1768036991.804:43): apparmor="DENIED" operation="open" profile="/usr/sbin/tcpdump" name="/proc/sys/kernel/random/boot_id" pid=705 comm="tcpdump" requested_mask="r" denied_mask="r" fsuid=0 ouid=0
[    9.957706] audit: type=1400 audit(1768036991.804:44): apparmor="DENIED" operation="open" profile="/usr/sbin/tcpdump" name="/proc/sys/kernel/random/boot_id" pid=705 comm="tcpdump" requested_mask="r" denied_mask="r" fsuid=0 ouid=0
[    9.957749] audit: type=1400 audit(1768036991.804:45): apparmor="DENIED" operation="open" profile="/usr/sbin/tcpdump" name="/proc/sys/kernel/random/boot_id" pid=705 comm="tcpdump" requested_mask="r" denied_mask="r" fsuid=0 ouid=0
[    9.957874] audit: type=1400 audit(1768036991.804:46): apparmor="DENIED" operation="open" profile="/usr/sbin/tcpdump" name="/proc/sys/kernel/random/boot_id" pid=705 comm="tcpdump" requested_mask="r" denied_mask="r" fsuid=0 ouid=0
[    9.962665] audit: type=1400 audit(1768036991.808:47): apparmor="DENIED" operation="open" profile="/usr/sbin/tcpdump" name="/proc/sys/kernel/random/boot_id" pid=706 comm="tcpdump" requested_mask="r" denied_mask="r" fsuid=0 ouid=0
[    9.962926] audit: type=1400 audit(1768036991.808:48): apparmor="DENIED" operation="open" profile="/usr/sbin/tcpdump" name="/proc/sys/kernel/random/boot_id" pid=706 comm="tcpdump" requested_mask="r" denied_mask="r" fsuid=0 ouid=0
[    9.962968] audit: type=1400 audit(1768036991.808:49): apparmor="DENIED" operation="open" profile="/usr/sbin/tcpdump" name="/proc/sys/kernel/random/boot_id" pid=706 comm="tcpdump" requested_mask="r" denied_mask="r" fsuid=0 ouid=0
[    9.963480] audit: type=1400 audit(1768036991.808:50): apparmor="DENIED" operation="open" profile="/usr/sbin/tcpdump" name="/proc/sys/kernel/random/boot_id" pid=706 comm="tcpdump" requested_mask="r" denied_mask="r" fsuid=0 ouid=0
[   17.566476] rfkill: input handler disabled
[  219.784631] AAAAA-TCP_FORW: name:enp0s3: saddr:16783984: daddr:100932208
[  220.121250] AAAAA-TCP_FORW: name:enp0s3: saddr:16783984: daddr:100932208
[  220.212182] AAAAA-TCP_FORW: name:enp0s3: saddr:16783984: daddr:100932208
[  220.248149] AAAAA-TCP_FORW: name:enp0s3: saddr:16783984: daddr:100932208
[  615.200166] rfkill: input handler enabled
[  624.092868] rfkill: input handler disabled
[  843.540357] device enp0s3 left promiscuous mode
