[    0.000000] Linux version 5.4.243-dmptcp (root@ztg) (gcc version 12.2.0 (Debian 12.2.0-14+deb12u1)) #119 SMP Wed Dec 24 23:52:51 CST 2025
[    0.000000] Command line: BOOT_IMAGE=/boot/vmlinuz-5.4.243-dmptcp root=UUID=98415a12-53b7-4144-8265-0f7ece09e445 ro quiet splash
[    0.000000] KERNEL supported cpus:
[    0.000000]   Intel GenuineIntel
[    0.000000]   AMD AuthenticAMD
[    0.000000]   Hygon HygonGenuine
[    0.000000]   Centaur CentaurHauls
[    0.000000]   zhaoxin   Shanghai  
[    0.000000] x86/fpu: Supporting XSAVE feature 0x001: 'x87 floating point registers'
[    0.000000] x86/fpu: Supporting XSAVE feature 0x002: 'SSE registers'
[    0.000000] x86/fpu: Supporting XSAVE feature 0x004: 'AVX registers'
[    0.000000] x86/fpu: xstate_offset[2]:  576, xstate_sizes[2]:  256
[    0.000000] x86/fpu: Enabled xstate features 0x7, context size is 832 bytes, using 'standard' format.
[    0.000000] BIOS-provided physical RAM map:
[    0.000000] BIOS-e820: [mem 0x0000000000000000-0x000000000009fbff] usable
[    0.000000] BIOS-e820: [mem 0x000000000009fc00-0x000000000009ffff] reserved
[    0.000000] BIOS-e820: [mem 0x00000000000f0000-0x00000000000fffff] reserved
[    0.000000] BIOS-e820: [mem 0x0000000000100000-0x000000007ffeffff] usable
[    0.000000] BIOS-e820: [mem 0x000000007fff0000-0x000000007fffffff] ACPI data
[    0.000000] BIOS-e820: [mem 0x00000000fec00000-0x00000000fec00fff] reserved
[    0.000000] BIOS-e820: [mem 0x00000000fee00000-0x00000000fee00fff] reserved
[    0.000000] BIOS-e820: [mem 0x00000000fffc0000-0x00000000ffffffff] reserved
[    0.000000] NX (Execute Disable) protection: active
[    0.000000] SMBIOS 2.5 present.
[    0.000000] DMI: innotek GmbH VirtualBox/VirtualBox, BIOS VirtualBox 12/01/2006
[    0.000000] Hypervisor detected: KVM
[    0.000000] kvm-clock: Using msrs 4b564d01 and 4b564d00
[    0.000000] kvm-clock: cpu 0, msr 7ec01001, primary cpu clock
[    0.000000] kvm-clock: using sched offset of 4473411553 cycles
[    0.000002] clocksource: kvm-clock: mask: 0xffffffffffffffff max_cycles: 0x1cd42e4dffb, max_idle_ns: 881590591483 ns
[    0.000005] tsc: Detected 2100.000 MHz processor
[    0.001897] e820: update [mem 0x00000000-0x00000fff] usable ==> reserved
[    0.001899] e820: remove [mem 0x000a0000-0x000fffff] usable
[    0.001903] last_pfn = 0x7fff0 max_arch_pfn = 0x400000000
[    0.001972] MTRR default type: uncachable
[    0.001972] MTRR fixed ranges enabled:
[    0.001974]   00000-9FFFF write-back
[    0.001974]   A0000-BFFFF uncachable
[    0.001975]   C0000-FFFFF write-protect
[    0.001976] MTRR variable ranges enabled:
[    0.001977]   0 base 000000000000 mask 3FFF80000000 write-back
[    0.001978]   1 disabled
[    0.001978]   2 disabled
[    0.001979]   3 disabled
[    0.001979]   4 disabled
[    0.001980]   5 disabled
[    0.001980]   6 disabled
[    0.001980]   7 disabled
[    0.001981]   8 disabled
[    0.001981]   9 disabled
[    0.001982]   10 disabled
[    0.001982]   11 disabled
[    0.001983]   12 disabled
[    0.001983]   13 disabled
[    0.001983]   14 disabled
[    0.001984]   15 disabled
[    0.002000] x86/PAT: Configuration [0-7]: WB  WC  UC- UC  WB  WP  UC- WT  
[    0.002133] found SMP MP-table at [mem 0x0009fff0-0x0009ffff]
[    0.093321] check: Scanning 1 areas for low memory corruption
[    0.093559] RAMDISK: [mem 0x32271000-0x3512ffff]
[    0.093568] ACPI: Early table checksum verification disabled
[    0.093574] ACPI: RSDP 0x00000000000E0000 000024 (v02 VBOX  )
[    0.093578] ACPI: XSDT 0x000000007FFF0030 00003C (v01 VBOX   VBOXXSDT 00000001 ASL  00000061)
[    0.093585] ACPI: FACP 0x000000007FFF00F0 0000F4 (v04 VBOX   VBOXFACP 00000001 ASL  00000061)
[    0.093592] ACPI: DSDT 0x000000007FFF02E0 002353 (v02 VBOX   VBOXBIOS 00000002 VBOX 00029BF3)
[    0.093596] ACPI: FACS 0x000000007FFF0200 000040
[    0.093599] ACPI: FACS 0x000000007FFF0200 000040
[    0.093602] ACPI: APIC 0x000000007FFF0240 000054 (v02 VBOX   VBOXAPIC 00000001 ASL  00000061)
[    0.093606] ACPI: SSDT 0x000000007FFF02A0 000038 (v01 VBOX   VBOXCPUT 00000002 VBOX 00029BF3)
[    0.093609] ACPI: Reserving FACP table memory at [mem 0x7fff00f0-0x7fff01e3]
[    0.093610] ACPI: Reserving DSDT table memory at [mem 0x7fff02e0-0x7fff2632]
[    0.093611] ACPI: Reserving FACS table memory at [mem 0x7fff0200-0x7fff023f]
[    0.093611] ACPI: Reserving FACS table memory at [mem 0x7fff0200-0x7fff023f]
[    0.093612] ACPI: Reserving APIC table memory at [mem 0x7fff0240-0x7fff0293]
[    0.093613] ACPI: Reserving SSDT table memory at [mem 0x7fff02a0-0x7fff02d7]
[    0.093627] ACPI: Local APIC address 0xfee00000
[    0.093818] No NUMA configuration found
[    0.093819] Faking a node at [mem 0x0000000000000000-0x000000007ffeffff]
[    0.093829] NODE_DATA(0) allocated [mem 0x7ffc5000-0x7ffeffff]
[    0.094089] Zone ranges:
[    0.094090]   DMA      [mem 0x0000000000001000-0x0000000000ffffff]
[    0.094091]   DMA32    [mem 0x0000000001000000-0x000000007ffeffff]
[    0.094092]   Normal   empty
[    0.094092]   Device   empty
[    0.094093] Movable zone start for each node
[    0.094095] Early memory node ranges
[    0.094096]   node   0: [mem 0x0000000000001000-0x000000000009efff]
[    0.094096]   node   0: [mem 0x0000000000100000-0x000000007ffeffff]
[    0.095401] Zeroed struct page in unavailable ranges: 114 pages
[    0.095403] Initmem setup node 0 [mem 0x0000000000001000-0x000000007ffeffff]
[    0.095404] On node 0 totalpages: 524174
[    0.095405]   DMA zone: 64 pages used for memmap
[    0.095406]   DMA zone: 21 pages reserved
[    0.095407]   DMA zone: 3998 pages, LIFO batch:0
[    0.095479]   DMA32 zone: 8128 pages used for memmap
[    0.095480]   DMA32 zone: 520176 pages, LIFO batch:63
[    0.113153] ACPI: PM-Timer IO Port: 0x4008
[    0.113157] ACPI: Local APIC address 0xfee00000
[    0.113238] IOAPIC[0]: apic_id 1, version 32, address 0xfec00000, GSI 0-23
[    0.113241] ACPI: INT_SRC_OVR (bus 0 bus_irq 0 global_irq 2 dfl dfl)
[    0.113243] ACPI: INT_SRC_OVR (bus 0 bus_irq 9 global_irq 9 low level)
[    0.113246] ACPI: IRQ0 used by override.
[    0.113247] ACPI: IRQ9 used by override.
[    0.113250] Using ACPI (MADT) for SMP configuration information
[    0.113257] smpboot: Allowing 1 CPUs, 0 hotplug CPUs
[    0.113282] PM: Registered nosave memory: [mem 0x00000000-0x00000fff]
[    0.113283] PM: Registered nosave memory: [mem 0x0009f000-0x0009ffff]
[    0.113284] PM: Registered nosave memory: [mem 0x000a0000-0x000effff]
[    0.113285] PM: Registered nosave memory: [mem 0x000f0000-0x000fffff]
[    0.113286] [mem 0x80000000-0xfebfffff] available for PCI devices
[    0.113287] Booting paravirtualized kernel on KVM
[    0.113291] clocksource: refined-jiffies: mask: 0xffffffff max_cycles: 0xffffffff, max_idle_ns: 7645519600211568 ns
[    0.113295] setup_percpu: NR_CPUS:8192 nr_cpumask_bits:1 nr_cpu_ids:1 nr_node_ids:1
[    0.113630] percpu: Embedded 60 pages/cpu s208896 r8192 d28672 u2097152
[    0.113634] pcpu-alloc: s208896 r8192 d28672 u2097152 alloc=1*2097152
[    0.113635] pcpu-alloc: [0] 0 
[    0.113662] Built 1 zonelists, mobility grouping on.  Total pages: 515961
[    0.113663] Policy zone: DMA32
[    0.113664] Kernel command line: BOOT_IMAGE=/boot/vmlinuz-5.4.243-dmptcp root=UUID=98415a12-53b7-4144-8265-0f7ece09e445 ro quiet splash
[    0.113992] Dentry cache hash table entries: 262144 (order: 9, 2097152 bytes, linear)
[    0.114045] Inode-cache hash table entries: 131072 (order: 8, 1048576 bytes, linear)
[    0.114094] mem auto-init: stack:off, heap alloc:on, heap free:off
[    0.114096] Calgary: detecting Calgary via BIOS EBDA area
[    0.114098] Calgary: Unable to locate Rio Grande table in EBDA - bailing!
[    0.117909] Memory: 1967332K/2096696K available (14339K kernel code, 2399K rwdata, 4716K rodata, 2728K init, 17260K bss, 129364K reserved, 0K cma-reserved)
[    0.118163] SLUB: HWalign=64, Order=0-3, MinObjects=0, CPUs=1, Nodes=1
[    0.118181] ftrace: allocating 43203 entries in 169 pages
[    0.135605] rcu: Hierarchical RCU implementation.
[    0.135607] rcu: 	RCU restricting CPUs from NR_CPUS=8192 to nr_cpu_ids=1.
[    0.135608] 	Tasks RCU enabled.
[    0.135608] rcu: RCU calculated value of scheduler-enlistment delay is 25 jiffies.
[    0.135609] rcu: Adjusting geometry for rcu_fanout_leaf=16, nr_cpu_ids=1
[    0.138669] NR_IRQS: 524544, nr_irqs: 256, preallocated irqs: 16
[    0.138882] random: crng init done
[    0.148184] Console: colour VGA+ 80x25
[    0.148188] printk: console [tty0] enabled
[    0.148210] ACPI: Core revision 20190816
[    0.148308] APIC: Switch to symmetric I/O mode setup
[    0.148556] x2apic enabled
[    0.148791] Switched APIC routing to physical x2apic.
[    0.149916] ..TIMER: vector=0x30 apic1=0 pin1=2 apic2=-1 pin2=-1
[    0.149941] clocksource: tsc-early: mask: 0xffffffffffffffff max_cycles: 0x1e4530a99b6, max_idle_ns: 440795257976 ns
[    0.149947] Calibrating delay loop (skipped) preset value.. 4200.00 BogoMIPS (lpj=8400000)
[    0.149949] pid_max: default: 32768 minimum: 301
[    0.149978] LSM: Security Framework initializing
[    0.149987] Yama: becoming mindful.
[    0.150013] AppArmor: AppArmor initialized
[    0.150048] Mount-cache hash table entries: 4096 (order: 3, 32768 bytes, linear)
[    0.150052] Mountpoint-cache hash table entries: 4096 (order: 3, 32768 bytes, linear)
[    0.150062] *** VALIDATE tmpfs ***
[    0.150198] *** VALIDATE proc ***
[    0.150240] *** VALIDATE cgroup1 ***
[    0.150241] *** VALIDATE cgroup2 ***
[    0.150385] process: using mwait in idle threads
[    0.150390] Last level iTLB entries: 4KB 64, 2MB 8, 4MB 8
[    0.150391] Last level dTLB entries: 4KB 64, 2MB 0, 4MB 0, 1GB 4
[    0.150411] Spectre V1 : Mitigation: usercopy/swapgs barriers and __user pointer sanitization
[    0.150417] Spectre V2 : Mitigation: Retpolines
[    0.150417] Spectre V2 : Spectre v2 / SpectreRSB mitigation: Filling RSB on context switch
[    0.150418] Spectre V2 : Spectre v2 / SpectreRSB : Filling RSB on VMEXIT
[    0.150418] RETBleed: WARNING: Spectre v2 mitigation leaves CPU vulnerable to RETBleed attacks, data leaks possible!
[    0.150771] RETBleed: Vulnerable
[    0.150772] Speculative Store Bypass: Vulnerable
[    0.150776] TAA: Mitigation: TSX disabled
[    0.150777] MMIO Stale Data: Mitigation: Clear CPU buffers
[    0.155018] Freeing SMP alternatives memory: 40K
[    0.267474] smpboot: CPU0: Intel(R) Xeon(R) Silver 4216 CPU @ 2.10GHz (family: 0x6, model: 0x55, stepping: 0x7)
[    0.267610] Performance Events: unsupported p6 CPU model 85 no PMU driver, software events only.
[    0.267650] rcu: Hierarchical SRCU implementation.
[    0.268142] NMI watchdog: Perf NMI watchdog permanently disabled
[    0.268180] smp: Bringing up secondary CPUs ...
[    0.268182] smp: Brought up 1 node, 1 CPU
[    0.268182] smpboot: Max logical packages: 1
[    0.268184] smpboot: Total of 1 processors activated (4200.00 BogoMIPS)
[    0.268489] devtmpfs: initialized
[    0.268536] x86/mm: Memory block size: 128MB
[    0.268900] clocksource: jiffies: mask: 0xffffffff max_cycles: 0xffffffff, max_idle_ns: 7645041785100000 ns
[    0.268906] futex hash table entries: 256 (order: 2, 16384 bytes, linear)
[    0.268949] pinctrl core: initialized pinctrl subsystem
[    0.269053] PM: RTC time: 11:25:38, date: 2026-01-11
[    0.269172] NET: Registered protocol family 16
[    0.269254] audit: initializing netlink subsys (disabled)
[    0.269390] EISA bus registered
[    0.269391] cpuidle: using governor ladder
[    0.269392] cpuidle: using governor menu
[    0.269429] ACPI: bus type PCI registered
[    0.269431] acpiphp: ACPI Hot Plug PCI Controller Driver version: 0.5
[    0.269538] PCI: Using configuration type 1 for base access
[    0.269943] audit: type=2000 audit(1768101944.728:1): state=initialized audit_enabled=0 res=1
[    0.269943] HugeTLB registered 2.00 MiB page size, pre-allocated 0 pages
[    0.270649] ACPI: Added _OSI(Module Device)
[    0.270650] ACPI: Added _OSI(Processor Device)
[    0.270651] ACPI: Added _OSI(3.0 _SCP Extensions)
[    0.270651] ACPI: Added _OSI(Processor Aggregator Device)
[    0.270652] ACPI: Added _OSI(Linux-Dell-Video)
[    0.270653] ACPI: Added _OSI(Linux-Lenovo-NV-HDMI-Audio)
[    0.270654] ACPI: Added _OSI(Linux-HPI-Hybrid-Graphics)
[    0.272613] ACPI: 2 ACPI AML tables successfully acquired and loaded
[    0.274338] ACPI: Interpreter enabled
[    0.274349] ACPI: (supports S0 S5)
[    0.274351] ACPI: Using IOAPIC for interrupt routing
[    0.274569] PCI: Using host bridge windows from ACPI; if necessary, use "pci=nocrs" and report a bug
[    0.274683] ACPI: Enabled 2 GPEs in block 00 to 07
[    0.279801] ACPI: PCI Root Bridge [PCI0] (domain 0000 [bus 00-ff])
[    0.279806] acpi PNP0A03:00: _OSC: OS supports [ASPM ClockPM Segments MSI HPX-Type3]
[    0.280248] acpi PNP0A03:00: _OSC: not requesting OS control; OS requires [ExtendedConfig ASPM ClockPM MSI]
[    0.280257] acpi PNP0A03:00: fail to add MMCONFIG information, can't access extended PCI configuration space under this bridge.
[    0.280631] PCI host bridge to bus 0000:00
[    0.280633] pci_bus 0000:00: root bus resource [io  0x0000-0x0cf7 window]
[    0.280634] pci_bus 0000:00: root bus resource [io  0x0d00-0xffff window]
[    0.280635] pci_bus 0000:00: root bus resource [mem 0x000a0000-0x000bffff window]
[    0.280637] pci_bus 0000:00: root bus resource [mem 0x80000000-0xfdffffff window]
[    0.280638] pci_bus 0000:00: root bus resource [bus 00-ff]
[    0.280680] pci 0000:00:00.0: [8086:1237] type 00 class 0x060000
[    0.281634] pci 0000:00:01.0: [8086:7000] type 00 class 0x060100
[    0.282395] pci 0000:00:01.1: [8086:7111] type 00 class 0x01018a
[    0.282780] pci 0000:00:01.1: reg 0x20: [io  0xd000-0xd00f]
[    0.282938] pci 0000:00:01.1: legacy IDE quirk: reg 0x10: [io  0x01f0-0x01f7]
[    0.282939] pci 0000:00:01.1: legacy IDE quirk: reg 0x14: [io  0x03f6]
[    0.282940] pci 0000:00:01.1: legacy IDE quirk: reg 0x18: [io  0x0170-0x0177]
[    0.282941] pci 0000:00:01.1: legacy IDE quirk: reg 0x1c: [io  0x0376]
[    0.283480] pci 0000:00:02.0: [15ad:0405] type 00 class 0x030000
[    0.286024] pci 0000:00:02.0: reg 0x10: [io  0xd010-0xd01f]
[    0.289995] pci 0000:00:02.0: reg 0x14: [mem 0xe0000000-0xe7ffffff pref]
[    0.292796] pci 0000:00:02.0: reg 0x18: [mem 0xf0000000-0xf01fffff]
[    0.302776] pci 0000:00:03.0: [1022:2000] type 00 class 0x020000
[    0.303513] pci 0000:00:03.0: reg 0x10: [io  0xd020-0xd03f]
[    0.304154] pci 0000:00:03.0: reg 0x14: [mem 0xf0200000-0xf0200fff]
[    0.308971] pci 0000:00:04.0: [80ee:cafe] type 00 class 0x088000
[    0.309656] pci 0000:00:04.0: reg 0x10: [io  0xd040-0xd05f]
[    0.310063] pci 0000:00:04.0: reg 0x14: [mem 0xf0400000-0xf07fffff]
[    0.310669] pci 0000:00:04.0: reg 0x18: [mem 0xf0800000-0xf0803fff pref]
[    0.313987] pci 0000:00:07.0: [8086:7113] type 00 class 0x068000
[    0.314556] pci 0000:00:07.0: quirk: [io  0x4000-0x403f] claimed by PIIX4 ACPI
[    0.314566] pci 0000:00:07.0: quirk: [io  0x4100-0x410f] claimed by PIIX4 SMB
[    0.315184] pci 0000:00:08.0: [8086:100e] type 00 class 0x020000
[    0.315926] pci 0000:00:08.0: reg 0x10: [mem 0xf0820000-0xf083ffff]
[    0.318009] pci 0000:00:08.0: reg 0x18: [io  0xd060-0xd067]
[    0.321232] pci 0000:00:09.0: [8086:100e] type 00 class 0x020000
[    0.321943] pci 0000:00:09.0: reg 0x10: [mem 0xf0840000-0xf085ffff]
[    0.322623] pci 0000:00:09.0: reg 0x18: [io  0xd068-0xd06f]
[    0.331094] ACPI: PCI Interrupt Link [LNKA] (IRQs 5 9 10 *11)
[    0.334207] ACPI: PCI Interrupt Link [LNKB] (IRQs 5 9 *10 11)
[    0.334312] ACPI: PCI Interrupt Link [LNKC] (IRQs 5 *9 10 11)
[    0.334413] ACPI: PCI Interrupt Link [LNKD] (IRQs 5 9 10 *11)
[    0.334688] iommu: Default domain type: Translated 
[    0.334746] pci 0000:00:02.0: vgaarb: setting as boot VGA device
[    0.334748] pci 0000:00:02.0: vgaarb: VGA device added: decodes=io+mem,owns=io+mem,locks=none
[    0.334750] pci 0000:00:02.0: vgaarb: bridge control possible
[    0.334751] vgaarb: loaded
[    0.334966] SCSI subsystem initialized
[    0.334996] libata version 3.00 loaded.
[    0.335024] ACPI: bus type USB registered
[    0.335038] usbcore: registered new interface driver usbfs
[    0.335045] usbcore: registered new interface driver hub
[    0.335050] usbcore: registered new device driver usb
[    0.335077] pps_core: LinuxPPS API ver. 1 registered
[    0.335078] pps_core: Software ver. 5.3.6 - Copyright 2005-2007 Rodolfo Giometti <giometti@linux.it>
[    0.335083] PTP clock support registered
[    0.335120] EDAC MC: Ver: 3.0.0
[    0.335408] PCI: Using ACPI for IRQ routing
[    0.335410] PCI: pci_cache_line_size set to 64 bytes
[    0.335581] e820: reserve RAM buffer [mem 0x0009fc00-0x0009ffff]
[    0.335585] e820: reserve RAM buffer [mem 0x7fff0000-0x7fffffff]
[    0.335717] NetLabel: Initializing
[    0.335718] NetLabel:  domain hash size = 128
[    0.335718] NetLabel:  protocols = UNLABELED CIPSOv4 CALIPSO
[    0.335740] NetLabel:  unlabeled traffic allowed by default
[    0.336640] clocksource: Switched to clocksource kvm-clock
[    0.348134] *** VALIDATE bpf ***
[    0.348192] VFS: Disk quotas dquot_6.6.0
[    0.348204] VFS: Dquot-cache hash table entries: 512 (order 0, 4096 bytes)
[    0.348227] *** VALIDATE ramfs ***
[    0.348229] *** VALIDATE hugetlbfs ***
[    0.348309] AppArmor: AppArmor Filesystem Enabled
[    0.348334] pnp: PnP ACPI init
[    0.348401] pnp 00:00: Plug and Play ACPI device, IDs PNP0303 (active)
[    0.348461] pnp 00:01: Plug and Play ACPI device, IDs PNP0f03 (active)
[    0.349199] pnp: PnP ACPI: found 2 devices
[    0.350161] thermal_sys: Registered thermal governor 'fair_share'
[    0.350162] thermal_sys: Registered thermal governor 'bang_bang'
[    0.350163] thermal_sys: Registered thermal governor 'step_wise'
[    0.350163] thermal_sys: Registered thermal governor 'user_space'
[    0.350164] thermal_sys: Registered thermal governor 'power_allocator'
[    0.354704] clocksource: acpi_pm: mask: 0xffffff max_cycles: 0xffffff, max_idle_ns: 2085701024 ns
[    0.354744] pci_bus 0000:00: resource 4 [io  0x0000-0x0cf7 window]
[    0.354745] pci_bus 0000:00: resource 5 [io  0x0d00-0xffff window]
[    0.354746] pci_bus 0000:00: resource 6 [mem 0x000a0000-0x000bffff window]
[    0.354747] pci_bus 0000:00: resource 7 [mem 0x80000000-0xfdffffff window]
[    0.354805] NET: Registered protocol family 2
[    0.354889] IP idents hash table entries: 32768 (order: 6, 262144 bytes, linear)
[    0.355207] MPTCP tokens hash table entries: 8192 (order: 4, 65536 bytes, linear)
[    0.355207] MPTCP request tokens hash table entries: 8192 (order: 4, 65536 bytes, linear)
[    0.355207] default registered
[    0.355207] default registered
[    0.355207] MPTCP: Stable release v0.96
[    0.355207] tcp_listen_portaddr_hash hash table entries: 1024 (order: 2, 16384 bytes, linear)
[    0.355207] TCP established hash table entries: 16384 (order: 5, 131072 bytes, linear)
[    0.355207] TCP bind hash table entries: 16384 (order: 6, 262144 bytes, linear)
[    0.355207] TCP: Hash tables configured (established 16384 bind 16384)
[    0.355207] UDP hash table entries: 1024 (order: 3, 32768 bytes, linear)
[    0.355207] UDP-Lite hash table entries: 1024 (order: 3, 32768 bytes, linear)
[    0.355207] NET: Registered protocol family 1
[    0.355207] NET: Registered protocol family 44
[    0.355698] pci 0000:00:00.0: Limiting direct PCI/PCI transfers
[    0.355714] pci 0000:00:01.0: Activating ISA DMA hang workarounds
[    0.355769] pci 0000:00:02.0: Video device with shadowed ROM at [mem 0x000c0000-0x000dffff]
[    0.355834] PCI: CLS 0 bytes, default 64
[    0.355890] Trying to unpack rootfs image as initramfs...
[    0.528084] Freeing initrd memory: 47868K
[    0.528084] clocksource: tsc: mask: 0xffffffffffffffff max_cycles: 0x1e4530a99b6, max_idle_ns: 440795257976 ns
[    0.528084] clocksource: Switched to clocksource tsc
[    0.528084] platform rtc_cmos: registered platform RTC device (no PNP device found)
[    0.528084] check: Scanning for low memory corruption every 60 seconds
[    0.528084] Initialise system trusted keyrings
[    0.528084] Key type blacklist registered
[    0.528084] workingset: timestamp_bits=36 max_order=19 bucket_order=0
[    0.528084] zbud: loaded
[    0.528084] squashfs: version 4.0 (2009/01/31) Phillip Lougher
[    0.528084] fuse: init (API version 7.31)
[    0.528084] *** VALIDATE fuse ***
[    0.528084] *** VALIDATE fuse ***
[    0.528084] Platform Keyring initialized
[    0.542955] Key type asymmetric registered
[    0.542956] Asymmetric key parser 'x509' registered
[    0.542966] Block layer SCSI generic (bsg) driver version 0.4 loaded (major 244)
[    0.543006] io scheduler mq-deadline registered
[    0.543129] shpchp: Standard Hot Plug PCI Controller Driver version: 0.4
[    0.543358] ACPI: AC Adapter [AC] (on-line)
[    0.543403] input: Power Button as /devices/LNXSYSTM:00/LNXPWRBN:00/input/input0
[    0.543431] ACPI: Power Button [PWRF]
[    0.543511] input: Sleep Button as /devices/LNXSYSTM:00/LNXSLPBN:00/input/input1
[    0.543524] ACPI: Sleep Button [SLPF]
[    0.543763] Serial: 8250/16550 driver, 32 ports, IRQ sharing enabled
[    0.544905] Linux agpgart interface v0.103
[    0.635118] loop: module loaded
[    0.635291] ata_piix 0000:00:01.1: version 2.13
[    0.635701] scsi host0: ata_piix
[    0.635790] scsi host1: ata_piix
[    0.635816] ata1: PATA max UDMA/33 cmd 0x1f0 ctl 0x3f6 bmdma 0xd000 irq 14
[    0.635817] ata2: PATA max UDMA/33 cmd 0x170 ctl 0x376 bmdma 0xd008 irq 15
[    0.635896] tun: Universal TUN/TAP device driver, 1.6
[    0.636211] PPP generic driver version 2.4.2
[    0.636257] VFIO - User Level meta-driver version: 0.3
[    0.636500] ehci_hcd: USB 2.0 'Enhanced' Host Controller (EHCI) Driver
[    0.636503] ehci-pci: EHCI PCI platform driver
[    0.636519] ehci-platform: EHCI generic platform driver
[    0.636524] ohci_hcd: USB 1.1 'Open' Host Controller (OHCI) Driver
[    0.636526] ohci-pci: OHCI PCI platform driver
[    0.636531] ohci-platform: OHCI generic platform driver
[    0.636536] uhci_hcd: USB Universal Host Controller Interface driver
[    0.636605] i8042: PNP: PS/2 Controller [PNP0303:PS2K,PNP0f03:PS2M] at 0x60,0x64 irq 1,12
[    0.637047] serio: i8042 KBD port at 0x60,0x64 irq 1
[    0.637052] serio: i8042 AUX port at 0x60,0x64 irq 12
[    0.637139] mousedev: PS/2 mouse device common for all mice
[    0.637396] input: AT Translated Set 2 keyboard as /devices/platform/i8042/serio0/input/input2
[    0.637793] rtc_cmos rtc_cmos: registered as rtc0
[    0.637805] rtc_cmos rtc_cmos: alarms up to one day, 114 bytes nvram
[    0.637810] i2c /dev entries driver
[    0.637858] device-mapper: uevent: version 1.0.3
[    0.637899] device-mapper: ioctl: 4.41.0-ioctl (2019-09-16) initialised: dm-devel@redhat.com
[    0.637920] platform eisa.0: Probing EISA bus 0
[    0.637921] platform eisa.0: EISA: Cannot allocate resource for mainboard
[    0.637922] platform eisa.0: Cannot allocate resource for EISA slot 1
[    0.637923] platform eisa.0: Cannot allocate resource for EISA slot 2
[    0.637924] platform eisa.0: Cannot allocate resource for EISA slot 3
[    0.637925] platform eisa.0: Cannot allocate resource for EISA slot 4
[    0.637926] platform eisa.0: Cannot allocate resource for EISA slot 5
[    0.637927] platform eisa.0: Cannot allocate resource for EISA slot 6
[    0.637928] platform eisa.0: Cannot allocate resource for EISA slot 7
[    0.637929] platform eisa.0: Cannot allocate resource for EISA slot 8
[    0.637930] platform eisa.0: EISA: Detected 0 cards
[    0.637933] intel_pstate: CPU model not supported
[    0.637944] ledtrig-cpu: registered to indicate activity on CPUs
[    0.637997] drop_monitor: Initializing network drop monitor service
[    0.638156] NET: Registered protocol family 10
[    0.643101] Segment Routing with IPv6
[    0.643101] fullmesh registered
[    0.643101] ndiffports registered
[    0.643101] binder registered
[    0.643101] roundrobin registered
[    0.643101] mps registered
[    0.643101] redundant registered
[    0.643101] blest registered
[    0.643101] ecf registered
[    0.643101] NET: Registered protocol family 17
[    0.643101] Key type dns_resolver registered
[    0.643101] RAS: Correctable Errors collector initialized.
[    0.643101] IPI shorthand broadcast: enabled
[    0.643101] sched_clock: Marking stable (628030985, 11070954)->(641104953, -2003014)
[    0.643588] registered taskstats version 1
[    0.643598] Loading compiled-in X.509 certificates
[    0.644184] Loaded X.509 cert 'Build time autogenerated kernel key: 6909f3744cebb3d0de528d5887b96a727de79b1e'
[    0.644203] zswap: loaded using pool lzo/zbud
[    0.644258] Key type ._fscrypt registered
[    0.644258] Key type .fscrypt registered
[    0.648716] Key type big_key registered
[    0.650904] Key type encrypted registered
[    0.650906] AppArmor: AppArmor sha1 policy hashing enabled
[    0.650913] ima: No TPM chip found, activating TPM-bypass!
[    0.650917] ima: Allocated hash algorithm: sha1
[    0.650924] ima: No architecture policies found
[    0.650932] evm: Initialising EVM extended attributes:
[    0.650933] evm: security.selinux
[    0.650934] evm: security.SMACK64
[    0.650934] evm: security.SMACK64EXEC
[    0.650934] evm: security.SMACK64TRANSMUTE
[    0.650935] evm: security.SMACK64MMAP
[    0.650935] evm: security.apparmor
[    0.650936] evm: security.ima
[    0.650936] evm: security.capability
[    0.650937] evm: HMAC attrs: 0x1
[    0.651245] PM:   Magic number: 10:335:428
[    0.651374] rtc_cmos rtc_cmos: setting system clock to 2026-01-11T11:25:39 UTC (1768130739)
[    0.808073] ata1.00: ATA-6: VBOX HARDDISK, 1.0, max UDMA/133
[    0.808076] ata1.00: 209715200 sectors, multi 128: LBA 
[    0.808723] scsi 0:0:0:0: Direct-Access     ATA      VBOX HARDDISK    1.0  PQ: 0 ANSI: 5
[    0.808999] sd 0:0:0:0: [sda] 209715200 512-byte logical blocks: (107 GB/100 GiB)
[    0.809010] sd 0:0:0:0: [sda] Write Protect is off
[    0.809013] sd 0:0:0:0: [sda] Mode Sense: 00 3a 00 00
[    0.809032] sd 0:0:0:0: [sda] Write cache: enabled, read cache: enabled, doesn't support DPO or FUA
[    0.809357] sd 0:0:0:0: Attached scsi generic sg0 type 0
[    0.810200]  sda: sda1 sda2
[    0.819510] sd 0:0:0:0: [sda] Attached SCSI disk
[    0.825532] Freeing unused decrypted memory: 2040K
[    0.827033] Freeing unused kernel image memory: 2728K
[    0.827038] Write protecting the kernel read-only data: 22528k
[    0.828706] Freeing unused kernel image memory: 2036K
[    0.829495] Freeing unused kernel image memory: 1428K
[    0.864824] x86/mm: Checked W+X mappings: passed, no W+X pages found.
[    0.864830] Run /init as init process
[    0.979859] ACPI: Video Device [GFX0] (multi-head: yes  rom: no  post: no)
[    0.979933] input: Video Bus as /devices/LNXSYSTM:00/LNXSYBUS:00/PNP0A03:00/LNXVIDEO:00/input/input4
[    0.993679] pcnet32: pcnet32.c:v1.35 21.Apr.2008 tsbogend@alpha.franken.de
[    0.995491] piix4_smbus 0000:00:07.0: SMBus Host Controller at 0x4100, revision 0
[    0.997955] e1000: Intel(R) PRO/1000 Network Driver - version 7.3.21-k8-NAPI
[    0.997956] e1000: Copyright (c) 1999-2006 Intel Corporation.
[    1.008994] pcnet32: PCnet/FAST III 79C973 at 0xd020, 08:00:27:8a:90:1b assigned IRQ 19
[    1.009037] pcnet32: Found PHY 0022:561b at address 0
[    1.009341] pcnet32: eth0: registered as PCnet/FAST III 79C973
[    1.015880] pcnet32: 1 cards_found
[    1.082196] pcnet32 0000:00:03.0 enp0s3: renamed from eth0
[    1.210042] input: ImExPS/2 Generic Explorer Mouse as /devices/platform/i8042/serio1/input/input5
[    1.415523] e1000 0000:00:08.0 eth0: (PCI:33MHz:32-bit) 08:00:27:24:a1:cd
[    1.415527] e1000 0000:00:08.0 eth0: Intel(R) PRO/1000 Network Connection
[    1.787520] e1000 0000:00:09.0 eth1: (PCI:33MHz:32-bit) 08:00:27:1f:93:85
[    1.787523] e1000 0000:00:09.0 eth1: Intel(R) PRO/1000 Network Connection
[    1.788821] e1000 0000:00:09.0 enp0s9: renamed from eth1
[    1.790791] e1000 0000:00:08.0 enp0s8: renamed from eth0
[    1.947100] EXT4-fs (sda2): mounted filesystem with ordered data mode. Opts: (null)
[    2.044331] systemd[1]: Inserted module 'autofs4'
[    2.056559] systemd[1]: systemd 245.4-4ubuntu3 running in system mode. (+PAM +AUDIT +SELINUX +IMA +APPARMOR +SMACK +SYSVINIT +UTMP +LIBCRYPTSETUP +GCRYPT +GNUTLS +ACL +XZ +LZ4 +SECCOMP +BLKID +ELFUTILS +KMOD +IDN2 -IDN +PCRE2 default-hierarchy=hybrid)
[    2.056590] systemd[1]: Detected virtualization oracle.
[    2.056594] systemd[1]: Detected architecture x86-64.
[    2.058004] systemd[1]: Set hostname to <ztg>.
[    2.189378] systemd[1]: /lib/systemd/system/dbus.socket:5: ListenStream= references a path below legacy directory /var/run/, updating /var/run/dbus/system_bus_socket â†’ /run/dbus/system_bus_socket; please update the unit file accordingly.
[    2.244706] systemd[1]: Created slice system-modprobe.slice.
[    2.244911] systemd[1]: Created slice User and Session Slice.
[    2.244957] systemd[1]: Started Forward Password Requests to Wall Directory Watch.
[    2.245140] systemd[1]: Set up automount Arbitrary Executable File Formats File System Automount Point.
[    2.245177] systemd[1]: Reached target User and Group Name Lookups.
[    2.245185] systemd[1]: Reached target Remote File Systems.
[    2.245192] systemd[1]: Reached target Slices.
[    2.245775] systemd[1]: Listening on Syslog Socket.
[    2.245845] systemd[1]: Listening on fsck to fsckd communication Socket.
[    2.245890] systemd[1]: Listening on initctl Compatibility Named Pipe.
[    2.246034] systemd[1]: Listening on Journal Audit Socket.
[    2.246087] systemd[1]: Listening on Journal Socket (/dev/log).
[    2.246162] systemd[1]: Listening on Journal Socket.
[    2.246229] systemd[1]: Listening on udev Control Socket.
[    2.246273] systemd[1]: Listening on udev Kernel Socket.
[    2.247223] systemd[1]: Mounting Huge Pages File System...
[    2.248250] systemd[1]: Mounting POSIX Message Queue File System...
[    2.249196] systemd[1]: Mounting Kernel Debug File System...
[    2.250104] systemd[1]: Mounting Kernel Trace File System...
[    2.252749] systemd[1]: Starting Journal Service...
[    2.269920] systemd[1]: Starting Set the console keyboard layout...
[    2.287080] systemd[1]: Starting Create list of static device nodes for the current kernel...
[    2.292055] systemd[1]: Starting Load Kernel Module drm...
[    2.294469] systemd[1]: Condition check resulted in Set Up Additional Binary Formats being skipped.
[    2.294522] systemd[1]: Condition check resulted in File System Check on Root Device being skipped.
[    2.301132] systemd[1]: Starting Load Kernel Modules...
[    2.301959] systemd[1]: Starting Remount Root and Kernel File Systems...
[    2.302809] systemd[1]: Starting udev Coldplug all Devices...
[    2.364478] systemd[1]: Starting Uncomplicated firewall...
[    2.366262] systemd[1]: Mounted Huge Pages File System.
[    2.366365] systemd[1]: Mounted POSIX Message Queue File System.
[    2.366457] systemd[1]: Mounted Kernel Debug File System.
[    2.366542] systemd[1]: Mounted Kernel Trace File System.
[    2.368619] EXT4-fs (sda2): re-mounted. Opts: errors=remount-ro
[    2.376554] systemd[1]: Finished Create list of static device nodes for the current kernel.
[    2.377691] systemd[1]: modprobe@drm.service: Succeeded.
[    2.385484] systemd[1]: Finished Load Kernel Module drm.
[    2.385940] systemd[1]: Finished Remount Root and Kernel File Systems.
[    2.387058] systemd[1]: Finished Uncomplicated firewall.
[    2.404744] systemd[1]: Condition check resulted in Rebuild Hardware Database being skipped.
[    2.404796] systemd[1]: Condition check resulted in Platform Persistent Storage Archival being skipped.
[    2.405669] systemd[1]: Starting Load/Save Random Seed...
[    2.407731] lp: driver loaded but no devices found
[    2.415045] systemd[1]: Starting Create System Users...
[    2.424801] systemd[1]: Finished Load/Save Random Seed.
[    2.425756] ppdev: user-space parallel port driver
[    2.430553] systemd[1]: Finished Create System Users.
[    2.431533] systemd[1]: Starting Create Static Device Nodes in /dev...
[    2.488812] systemd[1]: Finished Create Static Device Nodes in /dev.
[    2.492380] systemd[1]: Starting udev Kernel Device Manager...
[    2.502866] systemd[1]: Finished udev Coldplug all Devices.
[    2.511182] [drm] DMA map mode: Caching DMA mappings.
[    2.511245] [drm] Capabilities:
[    2.511246] [drm]   Rect copy.
[    2.511246] [drm]   Cursor.
[    2.511246] [drm]   Cursor bypass.
[    2.511247] [drm]   Cursor bypass 2.
[    2.511247] [drm]   Alpha cursor.
[    2.511247] [drm]   Extended Fifo.
[    2.511248] [drm]   Pitchlock.
[    2.511248] [drm]   Irq mask.
[    2.511248] [drm]   GMR.
[    2.511249] [drm]   Traces.
[    2.511249] [drm]   GMR2.
[    2.511250] [drm]   Screen Object 2.
[    2.511250] [drm]   Command Buffers.
[    2.511250] [drm]   Command Buffers 2.
[    2.511251] [drm]   Guest Backed Resources.
[    2.511252] [drm] Max GMR ids is 8192
[    2.511252] [drm] Max number of GMR pages is 1048576
[    2.511253] [drm] Max dedicated hypervisor surface memory is 393216 kiB
[    2.511254] [drm] Maximum display memory size is 131072 kiB
[    2.511254] [drm] VRAM at 0xe0000000 size is 131072 kiB
[    2.511255] [drm] MMIO at 0xf0000000 size is 2048 kiB
[    2.516755] [TTM] Zone  kernel: Available graphics memory: 1011736 KiB
[    2.516756] [TTM] Initializing pool allocator
[    2.516760] [TTM] Initializing DMA pool allocator
[    2.516838] [drm] Supports vblank timestamp caching Rev 2 (21.10.2013).
[    2.516838] [drm] No driver support for vblank timestamp query.
[    2.517114] [drm] Screen Target Display device initialized
[    2.517403] [drm] width 720
[    2.517415] [drm] height 400
[    2.517418] [drm] bpp 32
[    2.517994] [drm] Fifo max 0x00200000 min 0x00001000 cap 0x00000355
[    2.519702] [drm] Using command buffers with DMA pool.
[    2.519707] [drm] DX: no.
[    2.519707] [drm] Atomic: yes.
[    2.519708] [drm] SM4_1: no.
[    2.519728] [drm:vmw_host_log [vmwgfx]] *ERROR* Failed to send host log message.
[    2.524353] [drm:vmw_host_log [vmwgfx]] *ERROR* Failed to send host log message.
[    2.551899] fbcon: svgadrmfb (fb0) is primary device
[    2.557407] Console: switching to colour frame buffer device 100x37
[    2.571013] systemd[1]: Finished Set the console keyboard layout.
[    2.571150] systemd[1]: Reached target Local File Systems (Pre).
[    2.572155] [drm] Initialized vmwgfx 2.15.0 20180704 for 0000:00:02.0 on minor 0
[    2.573654] systemd[1]: Mounting Mount unit for bare, revision 5...
[    2.577560] systemd[1]: Mounting Mount unit for core18, revision 1705...
[    2.586734] systemd[1]: Mounting Mount unit for core22, revision 2193...
[    2.603659] systemd[1]: Mounting Mount unit for gnome-3-34-1804, revision 24...
[    2.616537] systemd[1]: Mounting Mount unit for gnome-42-2204, revision 226...
[    2.620300] systemd[1]: Mounting Mount unit for gtk-common-themes, revision 1506...
[    2.634389] systemd[1]: Mounting Mount unit for gtk-common-themes, revision 1535...
[    2.639812] systemd[1]: Mounting Mount unit for snap-store, revision 1216...
[    2.649375] systemd[1]: Mounting Mount unit for snap-store, revision 433...
[    2.669754] systemd[1]: Mounting Mount unit for snapd, revision 25577...
[    2.693084] systemd[1]: Finished Load Kernel Modules.
[    2.694253] systemd[1]: Started udev Kernel Device Manager.
[    2.694351] systemd[1]: Mounted Mount unit for bare, revision 5.
[    2.694444] systemd[1]: Mounted Mount unit for core18, revision 1705.
[    2.694530] systemd[1]: Mounted Mount unit for core22, revision 2193.
[    2.694612] systemd[1]: Mounted Mount unit for gnome-3-34-1804, revision 24.
[    2.694688] systemd[1]: Mounted Mount unit for gtk-common-themes, revision 1506.
[    2.713679] systemd[1]: Mounting FUSE Control File System...
[    2.718226] systemd[1]: Mounting Kernel Configuration File System...
[    2.732640] systemd[1]: Starting Show Plymouth Boot Screen...
[    2.741968] systemd[1]: Starting Apply Kernel Variables...
[    2.743419] systemd[1]: Mounted FUSE Control File System.
[    2.744159] systemd[1]: Mounted Kernel Configuration File System.
[    2.746962] systemd[1]: Received SIGRTMIN+20 from PID 284 (plymouthd).
[    2.747049] systemd[1]: Condition check resulted in VMware vmblock fuse mount being skipped.
[    2.769878] systemd[1]: Mounted Mount unit for gnome-42-2204, revision 226.
[    2.771631] systemd[1]: Started Show Plymouth Boot Screen.
[    2.773624] systemd[1]: Condition check resulted in Dispatch Password Requests to Console Directory Watch being skipped.
[    2.773738] systemd[1]: Started Forward Password Requests to Plymouth Directory Watch.
[    2.773821] systemd[1]: Reached target Local Encrypted Volumes.
[    2.792070] systemd[1]: Finished Apply Kernel Variables.
[    2.810694] systemd[1]: Mounted Mount unit for gtk-common-themes, revision 1535.
[    2.842620] systemd[1]: Mounted Mount unit for snap-store, revision 433.
[    2.842784] systemd[1]: Mounted Mount unit for snapd, revision 25577.
[    2.876930] systemd[1]: Mounted Mount unit for snap-store, revision 1216.
[    2.877174] systemd[1]: Reached target Local File Systems.
[    2.879636] systemd[1]: Starting Load AppArmor profiles...
[    2.886923] systemd[1]: Starting Set console font and keymap...
[    2.893879] systemd[1]: Starting Tell Plymouth To Write Out Runtime Data...
[    2.899851] systemd[1]: Condition check resulted in Store a System Token in an EFI Variable being skipped.
[    2.899885] systemd[1]: Condition check resulted in Commit a transient machine-id on disk being skipped.
[    2.900814] systemd[1]: Finished Set console font and keymap.
[    2.909548] systemd[1]: Received SIGRTMIN+20 from PID 284 (plymouthd).
[    2.911195] systemd[1]: plymouth-read-write.service: Succeeded.
[    2.911510] systemd[1]: Finished Tell Plymouth To Write Out Runtime Data.
[    2.932533] audit: type=1400 audit(1768130741.776:2): apparmor="STATUS" operation="profile_load" profile="unconfined" name="nvidia_modprobe" pid=306 comm="apparmor_parser"
[    2.932536] audit: type=1400 audit(1768130741.776:3): apparmor="STATUS" operation="profile_load" profile="unconfined" name="nvidia_modprobe//kmod" pid=306 comm="apparmor_parser"
[    2.956071] audit: type=1400 audit(1768130741.804:4): apparmor="STATUS" operation="profile_load" profile="unconfined" name="/usr/sbin/tcpdump" pid=307 comm="apparmor_parser"
[    2.982563] audit: type=1400 audit(1768130741.820:5): apparmor="STATUS" operation="profile_load" profile="unconfined" name="/usr/bin/evince" pid=309 comm="apparmor_parser"
[    2.982565] audit: type=1400 audit(1768130741.820:6): apparmor="STATUS" operation="profile_load" profile="unconfined" name="/usr/bin/evince//sanitized_helper" pid=309 comm="apparmor_parser"
[    2.982569] audit: type=1400 audit(1768130741.820:7): apparmor="STATUS" operation="profile_load" profile="unconfined" name="/usr/bin/evince-previewer" pid=309 comm="apparmor_parser"
[    2.982570] audit: type=1400 audit(1768130741.820:8): apparmor="STATUS" operation="profile_load" profile="unconfined" name="/usr/bin/evince-previewer//sanitized_helper" pid=309 comm="apparmor_parser"
[    2.982572] audit: type=1400 audit(1768130741.820:9): apparmor="STATUS" operation="profile_load" profile="unconfined" name="/usr/bin/evince-thumbnailer" pid=309 comm="apparmor_parser"
[    3.014036] audit: type=1400 audit(1768130741.856:10): apparmor="STATUS" operation="profile_load" profile="unconfined" name="/usr/lib/cups/backend/cups-pdf" pid=310 comm="apparmor_parser"
[    3.087171] systemd[1]: Finished Load AppArmor profiles.
[    3.088315] systemd[1]: Starting Load AppArmor profiles managed internally by snapd...
[    3.221508] systemd[1]: Finished Load AppArmor profiles managed internally by snapd.
[    3.294209] systemd[1]: Started Journal Service.
[    3.303112] systemd-journald[229]: Received client request to flush runtime journal.
[    3.305938] systemd-journald[229]: File /var/log/journal/c455b248004a419c87ce85eea238d727/system.journal corrupted or uncleanly shut down, renaming and replacing.
[    4.694653] RAPL PMU: API unit is 2^-32 Joules, 0 fixed counters, 10737418240 ms ovfl timer
[    4.801878] cryptd: max_cpu_qlen set to 1000
[    4.861865] AVX2 version of gcm_enc/dec engaged.
[    4.861866] AES CTR mode by8 optimization enabled
[    6.908094] Adding 1998844k swap on /dev/sda1.  Priority:-2 extents:1 across:1998844k FS
[    7.587218] AAAAA: Error looking up destination IP: 369098976 - net/ipv4/ip_output.c: 285: dac_mps_nexthops
[    7.756655] AAAAA: Error looking up destination IP: 4211081440 - net/ipv4/ip_output.c: 285: dac_mps_nexthops
[    7.999395] AAAAA: Error looking up destination IP: 4211081440 - net/ipv4/ip_output.c: 285: dac_mps_nexthops
[    8.247255] AAAAA: Error looking up destination IP: 369098976 - net/ipv4/ip_output.c: 285: dac_mps_nexthops
[    8.275038] AAAAA: Error looking up destination IP: 4211081440 - net/ipv4/ip_output.c: 285: dac_mps_nexthops
[    8.466960] AAAAA: Error looking up destination IP: 4211081440 - net/ipv4/ip_output.c: 285: dac_mps_nexthops
[    8.812732] kauditd_printk_skb: 31 callbacks suppressed
[    8.812744] audit: type=1400 audit(1768130747.656:42): apparmor="DENIED" operation="capable" profile="/usr/sbin/cups-browsed" pid=574 comm="cups-browsed" capability=23  capname="sys_nice"
[    8.927183] AAAAA: Error looking up destination IP: 4211081440 - net/ipv4/ip_output.c: 285: dac_mps_nexthops
[    9.509468] pcnet32 0000:00:03.0 enp0s3: link up, 100Mbps, full-duplex
[    9.556787] e1000: enp0s8 NIC Link is Up 1000 Mbps Full Duplex, Flow Control: RX
[    9.557084] IPv6: ADDRCONF(NETDEV_CHANGE): enp0s8: link becomes ready
[    9.580201] e1000: enp0s9 NIC Link is Up 1000 Mbps Full Duplex, Flow Control: RX
[    9.580487] IPv6: ADDRCONF(NETDEV_CHANGE): enp0s9: link becomes ready
[    9.584759] AAAAA: Error looking up destination IP: 4211081440 - net/ipv4/ip_output.c: 285: dac_mps_nexthops
[   10.259030] device enp0s3 entered promiscuous mode
[   10.312274] audit: type=1400 audit(1768130749.144:43): apparmor="DENIED" operation="open" profile="/usr/sbin/tcpdump" name="/proc/sys/kernel/random/boot_id" pid=737 comm="tcpdump" requested_mask="r" denied_mask="r" fsuid=0 ouid=0
[   10.313017] audit: type=1400 audit(1768130749.144:44): apparmor="DENIED" operation="open" profile="/usr/sbin/tcpdump" name="/proc/sys/kernel/random/boot_id" pid=737 comm="tcpdump" requested_mask="r" denied_mask="r" fsuid=0 ouid=0
[   10.314136] audit: type=1400 audit(1768130749.160:45): apparmor="DENIED" operation="open" profile="/usr/sbin/tcpdump" name="/proc/sys/kernel/random/boot_id" pid=737 comm="tcpdump" requested_mask="r" denied_mask="r" fsuid=0 ouid=0
[   10.316996] audit: type=1400 audit(1768130749.164:46): apparmor="DENIED" operation="open" profile="/usr/sbin/tcpdump" name="/proc/sys/kernel/random/boot_id" pid=737 comm="tcpdump" requested_mask="r" denied_mask="r" fsuid=0 ouid=0
[   10.327580] audit: type=1400 audit(1768130749.164:47): apparmor="DENIED" operation="open" profile="/usr/sbin/tcpdump" name="/proc/sys/kernel/random/boot_id" pid=738 comm="tcpdump" requested_mask="r" denied_mask="r" fsuid=0 ouid=0
[   10.330525] audit: type=1400 audit(1768130749.164:48): apparmor="DENIED" operation="open" profile="/usr/sbin/tcpdump" name="/proc/sys/kernel/random/boot_id" pid=738 comm="tcpdump" requested_mask="r" denied_mask="r" fsuid=0 ouid=0
[   10.330702] audit: type=1400 audit(1768130749.164:49): apparmor="DENIED" operation="open" profile="/usr/sbin/tcpdump" name="/proc/sys/kernel/random/boot_id" pid=738 comm="tcpdump" requested_mask="r" denied_mask="r" fsuid=0 ouid=0
[   10.332482] audit: type=1400 audit(1768130749.180:50): apparmor="DENIED" operation="open" profile="/usr/sbin/tcpdump" name="/proc/sys/kernel/random/boot_id" pid=738 comm="tcpdump" requested_mask="r" denied_mask="r" fsuid=0 ouid=0
[   16.474692] rfkill: input handler disabled
[  211.487262] AAAAA-TCP_FORW: name:enp0s3: saddr:100932208: daddr:16783984
[  212.008785] AAAAA-TCP_FORW: name:enp0s3: saddr:100932208: daddr:16783984
[  212.221796] AAAAA-TCP_FORW: name:enp0s3: saddr:100932208: daddr:16783984
[  213.101722] AAAAA-TCP_FORW: name:enp0s3: saddr:100932208: daddr:16783984
[  213.328050] AAAAA-TCP_FORW: name:enp0s3: saddr:100932208: daddr:16783984
[  213.387632] AAAAA-TCP_FORW: name:enp0s3: saddr:100932208: daddr:16783984
[  213.728905] AAAAA-TCP_FORW: name:enp0s3: saddr:100932208: daddr:16783984
[  213.876231] AAAAA-TCP_FORW: name:enp0s3: saddr:100932208: daddr:16783984
[  213.940177] AAAAA-TCP_FORW: name:enp0s3: saddr:100932208: daddr:16783984
[  214.061232] AAAAA-TCP_FORW: name:enp0s3: saddr:100932208: daddr:16783984
[  214.142536] AAAAA-TCP_FORW: name:enp0s3: saddr:100932208: daddr:16783984
[  214.268207] AAAAA-TCP_FORW: name:enp0s3: saddr:100932208: daddr:33561200
[  214.427544] AAAAA-TCP_FORW: name:enp0s3: saddr:100932208: daddr:16783984
[  214.569596] AAAAA-TCP_FORW: name:enp0s3: saddr:100932208: daddr:33561200
[  214.748266] AAAAA-TCP_FORW: name:enp0s3: saddr:100932208: daddr:16783984
[  214.935941] AAAAA-TCP_FORW: name:enp0s3: saddr:100932208: daddr:16783984
[  214.992926] AAAAA-TCP_FORW: name:enp0s3: saddr:100932208: daddr:16783984
[  215.098723] AAAAA-TCP_FORW: name:enp0s3: saddr:100932208: daddr:16783984
[  215.182867] AAAAA-TCP_FORW: name:enp0s3: saddr:100932208: daddr:16783984
[  215.276732] AAAAA-TCP_FORW: name:enp0s3: saddr:100932208: daddr:16783984
[  215.346661] AAAAA-TCP_FORW: name:enp0s3: saddr:100932208: daddr:16783984
[  215.499860] AAAAA-TCP_FORW: name:enp0s3: saddr:100932208: daddr:16783984
[  215.606129] AAAAA-TCP_FORW: name:enp0s3: saddr:100932208: daddr:16783984
[  215.679500] AAAAA-TCP_FORW: name:enp0s3: saddr:100932208: daddr:16783984
[  215.768073] AAAAA-TCP_FORW: name:enp0s3: saddr:100932208: daddr:16783984
[  215.908843] AAAAA-TCP_FORW: name:enp0s3: saddr:100932208: daddr:33561200
[  215.957214] AAAAA-TCP_FORW: name:enp0s3: saddr:100932208: daddr:33561200
[  216.094894] AAAAA-TCP_FORW: name:enp0s3: saddr:100932208: daddr:33561200
[  216.281176] AAAAA-TCP_FORW: name:enp0s3: saddr:100932208: daddr:33561200
[  216.344168] AAAAA-TCP_FORW: name:enp0s3: saddr:100932208: daddr:33561200
[  216.519921] AAAAA-TCP_FORW: name:enp0s3: saddr:100932208: daddr:33561200
[  216.631118] AAAAA-TCP_FORW: name:enp0s3: saddr:100932208: daddr:33561200
[  216.725274] AAAAA-TCP_FORW: name:enp0s3: saddr:100932208: daddr:33561200
[  216.866883] AAAAA-TCP_FORW: name:enp0s3: saddr:100932208: daddr:33561200
[  217.007267] AAAAA-TCP_FORW: name:enp0s3: saddr:100932208: daddr:33561200
[  217.099978] AAAAA-TCP_FORW: name:enp0s3: saddr:100932208: daddr:16783984
[  217.289780] AAAAA-TCP_FORW: name:enp0s3: saddr:100932208: daddr:16783984
[  217.449089] AAAAA-TCP_FORW: name:enp0s3: saddr:100932208: daddr:16783984
[  217.687939] AAAAA-TCP_FORW: name:enp0s3: saddr:100932208: daddr:16783984
[  217.783663] AAAAA-TCP_FORW: name:enp0s3: saddr:100932208: daddr:16783984
[  218.009309] AAAAA-TCP_FORW: name:enp0s3: saddr:100932208: daddr:16783984
[  218.063359] AAAAA-TCP_FORW: name:enp0s3: saddr:100932208: daddr:16783984
[  218.137917] AAAAA-TCP_FORW: name:enp0s3: saddr:100932208: daddr:16783984
[  218.291087] AAAAA-TCP_FORW: name:enp0s3: saddr:100932208: daddr:16783984
[  218.371745] AAAAA-TCP_FORW: name:enp0s3: saddr:100932208: daddr:16783984
[  218.576832] AAAAA-TCP_FORW: name:enp0s3: saddr:100932208: daddr:16783984
[  218.661882] AAAAA-TCP_FORW: name:enp0s3: saddr:100932208: daddr:16783984
[  218.773763] AAAAA-TCP_FORW: name:enp0s3: saddr:100932208: daddr:16783984
[  218.850765] AAAAA-TCP_FORW: name:enp0s3: saddr:100932208: daddr:33561200
[  218.929785] AAAAA-TCP_FORW: name:enp0s3: saddr:100932208: daddr:16783984
[  219.046152] AAAAA-TCP_FORW: name:enp0s3: saddr:100932208: daddr:16783984
[  219.127495] AAAAA-TCP_FORW: name:enp0s3: saddr:100932208: daddr:16783984
[  219.231799] AAAAA-TCP_FORW: name:enp0s3: saddr:100932208: daddr:16783984
[  219.534830] AAAAA-TCP_FORW: name:enp0s3: saddr:100932208: daddr:16783984
[  219.677340] AAAAA-TCP_FORW: name:enp0s3: saddr:100932208: daddr:16783984
[  219.903900] AAAAA-TCP_FORW: name:enp0s3: saddr:100932208: daddr:16783984
[  220.016988] AAAAA-TCP_FORW: name:enp0s3: saddr:100932208: daddr:16783984
[  220.193890] AAAAA-TCP_FORW: name:enp0s3: saddr:100932208: daddr:33561200
[  220.321730] AAAAA-TCP_FORW: name:enp0s3: saddr:100932208: daddr:33561200
[  220.426176] AAAAA-TCP_FORW: name:enp0s3: saddr:100932208: daddr:33561200
[  220.500451] AAAAA-TCP_FORW: name:enp0s3: saddr:100932208: daddr:33561200
[  220.576636] AAAAA-TCP_FORW: name:enp0s3: saddr:100932208: daddr:33561200
[  220.685296] AAAAA-TCP_FORW: name:enp0s3: saddr:100932208: daddr:33561200
[  220.895590] AAAAA-TCP_FORW: name:enp0s3: saddr:100932208: daddr:33561200
[  220.934926] AAAAA-TCP_FORW: name:enp0s3: saddr:100932208: daddr:33561200
[  221.011589] AAAAA-TCP_FORW: name:enp0s3: saddr:100932208: daddr:33561200
[  221.109820] AAAAA-TCP_FORW: name:enp0s3: saddr:100932208: daddr:33561200
[  221.112399] AAAAA-TCP_FORW: name:enp0s3: saddr:100932208: daddr:33561200
[  221.214375] AAAAA-TCP_FORW: name:enp0s3: saddr:100932208: daddr:33561200
[  221.223673] AAAAA-TCP_FORW: name:enp0s3: saddr:100932208: daddr:33561200
[  221.287396] AAAAA-TCP_FORW: name:enp0s3: saddr:100932208: daddr:33561200
[  221.329883] AAAAA-TCP_FORW: name:enp0s3: saddr:100932208: daddr:33561200
[  221.485348] AAAAA-TCP_FORW: name:enp0s3: saddr:100932208: daddr:33561200
[  221.554904] AAAAA-TCP_FORW: name:enp0s3: saddr:100932208: daddr:33561200
[  221.575926] AAAAA-TCP_FORW: name:enp0s3: saddr:100932208: daddr:33561200
[  221.676452] AAAAA-TCP_FORW: name:enp0s3: saddr:100932208: daddr:33561200
[  221.721256] AAAAA-TCP_FORW: name:enp0s3: saddr:100932208: daddr:33561200
[  221.905388] AAAAA-TCP_FORW: name:enp0s3: saddr:100932208: daddr:16783984
[  222.097614] AAAAA-TCP_FORW: name:enp0s3: saddr:100932208: daddr:16783984
[  222.204603] AAAAA-TCP_FORW: name:enp0s3: saddr:100932208: daddr:16783984
[  222.289414] AAAAA-TCP_FORW: name:enp0s3: saddr:100932208: daddr:16783984
[  222.355761] AAAAA-TCP_FORW: name:enp0s3: saddr:100932208: daddr:16783984
[  222.454872] AAAAA-TCP_FORW: name:enp0s3: saddr:100932208: daddr:16783984
[  222.513415] AAAAA-TCP_FORW: name:enp0s3: saddr:100932208: daddr:16783984
[  222.556092] AAAAA-TCP_FORW: name:enp0s3: saddr:100932208: daddr:16783984
[  222.614264] AAAAA-TCP_FORW: name:enp0s3: saddr:100932208: daddr:16783984
[  222.706614] AAAAA-TCP_FORW: name:enp0s3: saddr:100932208: daddr:16783984
[  222.791256] AAAAA-TCP_FORW: name:enp0s3: saddr:100932208: daddr:16783984
[  222.796523] AAAAA-TCP_FORW: name:enp0s3: saddr:100932208: daddr:16783984
[  222.883558] AAAAA-TCP_FORW: name:enp0s3: saddr:100932208: daddr:16783984
[  222.952285] AAAAA-TCP_FORW: name:enp0s3: saddr:100932208: daddr:16783984
[  223.046734] AAAAA-TCP_FORW: name:enp0s3: saddr:100932208: daddr:16783984
[  223.196419] AAAAA-TCP_FORW: name:enp0s3: saddr:100932208: daddr:16783984
[  223.199073] AAAAA-TCP_FORW: name:enp0s3: saddr:100932208: daddr:16783984
[  223.279082] AAAAA-TCP_FORW: name:enp0s3: saddr:100932208: daddr:16783984
[  223.376040] AAAAA-TCP_FORW: name:enp0s3: saddr:100932208: daddr:16783984
[  223.436322] AAAAA-TCP_FORW: name:enp0s3: saddr:100932208: daddr:16783984
[  223.503713] AAAAA-TCP_FORW: name:enp0s3: saddr:100932208: daddr:16783984
[  223.591468] AAAAA-TCP_FORW: name:enp0s3: saddr:100932208: daddr:16783984
[  239.595322] AAAAA-TCP_FORW: name:enp0s3: saddr:100932208: daddr:16783984
[  239.614108] AAAAA-TCP_FORW: name:enp0s3: saddr:16783984: daddr:100932208
[  239.805208] AAAAA-TCP_FORW: name:enp0s3: saddr:100932208: daddr:16783984
[  239.822841] AAAAA-TCP_FORW: name:enp0s3: saddr:16783984: daddr:100932208
[  239.953277] AAAAA-TCP_FORW: name:enp0s3: saddr:100932208: daddr:16783984
[  239.976953] AAAAA-TCP_FORW: name:enp0s3: saddr:16783984: daddr:100932208
[  240.131289] AAAAA-TCP_FORW: name:enp0s3: saddr:100932208: daddr:16783984
[  240.219628] AAAAA-TCP_FORW: name:enp0s3: saddr:16783984: daddr:100932208
[  240.428969] AAAAA-TCP_FORW: name:enp0s3: saddr:100932208: daddr:16783984
[  240.555713] AAAAA-TCP_FORW: name:enp0s3: saddr:100932208: daddr:16783984
[  240.706782] AAAAA-TCP_FORW: name:enp0s3: saddr:100932208: daddr:16783984
[  240.748597] AAAAA-TCP_FORW: name:enp0s3: saddr:16783984: daddr:100932208
[  240.819212] AAAAA-TCP_FORW: name:enp0s3: saddr:16783984: daddr:100932208
[  240.957858] AAAAA-TCP_FORW: name:enp0s3: saddr:100932208: daddr:16783984
[  241.129309] AAAAA-TCP_FORW: name:enp0s3: saddr:16783984: daddr:100932208
[  241.141031] AAAAA-TCP_FORW: name:enp0s3: saddr:100932208: daddr:16783984
[  241.229115] AAAAA-TCP_FORW: name:enp0s3: saddr:100932208: daddr:16783984
[  241.323880] AAAAA-TCP_FORW: name:enp0s3: saddr:100932208: daddr:16783984
[  241.377979] AAAAA-TCP_FORW: name:enp0s3: saddr:100932208: daddr:16783984
[  241.449423] AAAAA-TCP_FORW: name:enp0s3: saddr:100932208: daddr:16783984
[  241.598443] AAAAA-TCP_FORW: name:enp0s3: saddr:100932208: daddr:16783984
[  241.660000] AAAAA-TCP_FORW: name:enp0s3: saddr:16783984: daddr:100932208
[  241.734352] AAAAA-TCP_FORW: name:enp0s3: saddr:100932208: daddr:16783984
[  241.768224] AAAAA-TCP_FORW: name:enp0s3: saddr:100932208: daddr:16783984
[  241.784458] AAAAA-TCP_FORW: name:enp0s3: saddr:16783984: daddr:100932208
[  241.858703] AAAAA-TCP_FORW: name:enp0s3: saddr:16783984: daddr:100932208
[  241.938825] AAAAA-TCP_FORW: name:enp0s3: saddr:16783984: daddr:100932208
[  242.003302] AAAAA-TCP_FORW: name:enp0s3: saddr:100932208: daddr:16783984
[  242.051076] AAAAA-TCP_FORW: name:enp0s3: saddr:16783984: daddr:100932208
[  242.099007] AAAAA-TCP_FORW: name:enp0s3: saddr:100932208: daddr:33561200
[  242.120739] AAAAA-TCP_FORW: name:enp0s3: saddr:16783984: daddr:100932208
[  242.205041] AAAAA-TCP_FORW: name:enp0s3: saddr:16783984: daddr:100932208
[  242.240069] AAAAA-TCP_FORW: name:enp0s3: saddr:100932208: daddr:33561200
[  242.281107] AAAAA-TCP_FORW: name:enp0s3: saddr:100932208: daddr:33561200
[  242.386871] AAAAA-TCP_FORW: name:enp0s3: saddr:16783984: daddr:100932208
[  242.411123] AAAAA-TCP_FORW: name:enp0s3: saddr:100932208: daddr:33561200
[  242.485994] AAAAA-TCP_FORW: name:enp0s3: saddr:16783984: daddr:100932208
[  242.603485] AAAAA-TCP_FORW: name:enp0s3: saddr:100932208: daddr:33561200
[  242.649017] AAAAA-TCP_FORW: name:enp0s3: saddr:100932208: daddr:33561200
[  242.722711] AAAAA-TCP_FORW: name:enp0s3: saddr:100932208: daddr:33561200
[  242.749836] AAAAA-TCP_FORW: name:enp0s3: saddr:16783984: daddr:100932208
[  242.821688] AAAAA-TCP_FORW: name:enp0s3: saddr:100932208: daddr:33561200
[  242.832749] AAAAA-TCP_FORW: name:enp0s3: saddr:33561200: daddr:100932208
[  242.849638] AAAAA-TCP_FORW: name:enp0s3: saddr:100932208: daddr:33561200
[  242.998404] AAAAA-TCP_FORW: name:enp0s3: saddr:33561200: daddr:100932208
[  243.128462] AAAAA-TCP_FORW: name:enp0s3: saddr:33561200: daddr:100932208
[  243.292724] AAAAA-TCP_FORW: name:enp0s3: saddr:33561200: daddr:100932208
[  243.476345] AAAAA-TCP_FORW: name:enp0s3: saddr:33561200: daddr:100932208
[  243.624976] AAAAA-TCP_FORW: name:enp0s3: saddr:33561200: daddr:100932208
[  243.734884] AAAAA-TCP_FORW: name:enp0s3: saddr:33561200: daddr:100932208
[  244.106521] AAAAA-TCP_FORW: name:enp0s3: saddr:33561200: daddr:100932208
[  244.396781] AAAAA-TCP_FORW: name:enp0s3: saddr:33561200: daddr:100932208
[  253.344973] AAAAA-TCP_FORW: name:enp0s3: saddr:100932208: daddr:16783984
[  253.765955] AAAAA-TCP_FORW: name:enp0s3: saddr:100932208: daddr:16783984
[  253.882153] AAAAA-TCP_FORW: name:enp0s3: saddr:100932208: daddr:16783984
[  254.101952] AAAAA-TCP_FORW: name:enp0s3: saddr:100932208: daddr:16783984
[  254.242945] AAAAA-TCP_FORW: name:enp0s3: saddr:100932208: daddr:16783984
[  254.402623] AAAAA-TCP_FORW: name:enp0s3: saddr:100932208: daddr:16783984
[  254.519835] AAAAA-TCP_FORW: name:enp0s3: saddr:16783984: daddr:100932208
[  254.619031] AAAAA-TCP_FORW: name:enp0s3: saddr:16783984: daddr:100932208
[  254.639512] AAAAA-TCP_FORW: name:enp0s3: saddr:100932208: daddr:33561200
[  254.770421] AAAAA-TCP_FORW: name:enp0s3: saddr:100932208: daddr:16783984
[  254.900112] AAAAA-TCP_FORW: name:enp0s3: saddr:33561200: daddr:100932208
[  254.952936] AAAAA-TCP_FORW: name:enp0s3: saddr:100932208: daddr:16783984
[  255.020775] AAAAA-TCP_FORW: name:enp0s3: saddr:100932208: daddr:16783984
[  255.038877] AAAAA-TCP_FORW: name:enp0s3: saddr:16783984: daddr:100932208
[  255.153225] AAAAA-TCP_FORW: name:enp0s3: saddr:100932208: daddr:33561200
[  255.249972] AAAAA-TCP_FORW: name:enp0s3: saddr:100932208: daddr:16783984
[  255.344832] AAAAA-TCP_FORW: name:enp0s3: saddr:100932208: daddr:33561200
[  255.425632] AAAAA-TCP_FORW: name:enp0s3: saddr:16783984: daddr:100932208
[  255.472227] AAAAA-TCP_FORW: name:enp0s3: saddr:100932208: daddr:33561200
[  255.541667] AAAAA-TCP_FORW: name:enp0s3: saddr:16783984: daddr:100932208
[  255.566787] AAAAA-TCP_FORW: name:enp0s3: saddr:100932208: daddr:33561200
[  255.597787] AAAAA-TCP_FORW: name:enp0s3: saddr:100932208: daddr:33561200
[  255.652676] AAAAA-TCP_FORW: name:enp0s3: saddr:100932208: daddr:33561200
[  255.752481] AAAAA-TCP_FORW: name:enp0s3: saddr:100932208: daddr:33561200
[  255.783650] AAAAA-TCP_FORW: name:enp0s3: saddr:33561200: daddr:100932208
[  255.876771] AAAAA-TCP_FORW: name:enp0s3: saddr:100932208: daddr:33561200
[  256.122401] AAAAA-TCP_FORW: name:enp0s3: saddr:100932208: daddr:33561200
[  256.194690] AAAAA-TCP_FORW: name:enp0s3: saddr:33561200: daddr:100932208
[  256.225300] AAAAA-TCP_FORW: name:enp0s3: saddr:100932208: daddr:33561200
[  256.470976] AAAAA-TCP_FORW: name:enp0s3: saddr:33561200: daddr:100932208
[  256.490874] AAAAA-TCP_FORW: name:enp0s3: saddr:100932208: daddr:16783984
[  256.720490] AAAAA-TCP_FORW: name:enp0s3: saddr:33561200: daddr:100932208
[  256.836147] AAAAA-TCP_FORW: name:enp0s3: saddr:100932208: daddr:33561200
[  256.855681] AAAAA-TCP_FORW: name:enp0s3: saddr:33561200: daddr:100932208
[  256.933537] AAAAA-TCP_FORW: name:enp0s3: saddr:33561200: daddr:100932208
[  256.990931] AAAAA-TCP_FORW: name:enp0s3: saddr:100932208: daddr:16783984
[  257.197985] AAAAA-TCP_FORW: name:enp0s3: saddr:100932208: daddr:16783984
[  257.344055] AAAAA-TCP_FORW: name:enp0s3: saddr:33561200: daddr:100932208
[  257.375597] AAAAA-TCP_FORW: name:enp0s3: saddr:100932208: daddr:16783984
[  257.452579] AAAAA-TCP_FORW: name:enp0s3: saddr:100932208: daddr:16783984
[  257.455953] AAAAA-TCP_FORW: name:enp0s3: saddr:100932208: daddr:16783984
[  257.489711] AAAAA-TCP_FORW: name:enp0s3: saddr:33561200: daddr:100932208
[  257.523128] AAAAA-TCP_FORW: name:enp0s3: saddr:100932208: daddr:16783984
[  257.583951] AAAAA-TCP_FORW: name:enp0s3: saddr:33561200: daddr:100932208
[  257.781459] AAAAA-TCP_FORW: name:enp0s3: saddr:100932208: daddr:16783984
[  257.792490] AAAAA-TCP_FORW: name:enp0s3: saddr:33561200: daddr:100932208
[  257.955442] AAAAA-TCP_FORW: name:enp0s3: saddr:100932208: daddr:16783984
[  258.112289] AAAAA-TCP_FORW: name:enp0s3: saddr:100932208: daddr:16783984
[  258.115605] AAAAA-TCP_FORW: name:enp0s3: saddr:100932208: daddr:16783984
[  258.270266] AAAAA-TCP_FORW: name:enp0s3: saddr:16783984: daddr:100932208
[  258.420489] AAAAA-TCP_FORW: name:enp0s3: saddr:100932208: daddr:16783984
[  258.493027] AAAAA-TCP_FORW: name:enp0s3: saddr:33561200: daddr:100932208
[  258.527255] AAAAA-TCP_FORW: name:enp0s3: saddr:100932208: daddr:16783984
[  258.611138] AAAAA-TCP_FORW: name:enp0s3: saddr:100932208: daddr:16783984
[  258.788865] AAAAA-TCP_FORW: name:enp0s3: saddr:100932208: daddr:16783984
[  258.807312] AAAAA-TCP_FORW: name:enp0s3: saddr:100932208: daddr:16783984
[  258.843104] AAAAA-TCP_FORW: name:enp0s3: saddr:16783984: daddr:100932208
[  260.365799] AAAAA-TCP_FORW: name:enp0s3: saddr:100932208: daddr:33561200
[  260.677441] AAAAA-TCP_FORW: name:enp0s3: saddr:100932208: daddr:16783984
[  260.769610] AAAAA-TCP_FORW: name:enp0s3: saddr:100932208: daddr:16783984
[  261.008448] AAAAA-TCP_FORW: name:enp0s3: saddr:100932208: daddr:16783984
[  261.087871] AAAAA-TCP_FORW: name:enp0s3: saddr:100932208: daddr:33561200
[  261.181507] AAAAA-TCP_FORW: name:enp0s3: saddr:100932208: daddr:33561200
[  261.255294] AAAAA-TCP_FORW: name:enp0s3: saddr:100932208: daddr:16783984
[  261.935511] AAAAA-TCP_FORW: name:enp0s3: saddr:100932208: daddr:16783984
[  261.996673] AAAAA-TCP_FORW: name:enp0s3: saddr:100932208: daddr:16783984
[  262.048467] AAAAA-TCP_FORW: name:enp0s3: saddr:100932208: daddr:33561200
[  263.073783] AAAAA-TCP_FORW: name:enp0s3: saddr:100932208: daddr:33561200
[  263.313303] AAAAA-TCP_FORW: name:enp0s3: saddr:100932208: daddr:16783984
[  263.390341] AAAAA-TCP_FORW: name:enp0s3: saddr:100932208: daddr:16783984
[  263.463237] AAAAA-TCP_FORW: name:enp0s3: saddr:100932208: daddr:33561200
[  263.820760] AAAAA-TCP_FORW: name:enp0s3: saddr:100932208: daddr:33561200
[  263.941639] AAAAA-TCP_FORW: name:enp0s3: saddr:100932208: daddr:33561200
[  264.240471] AAAAA-TCP_FORW: name:enp0s3: saddr:100932208: daddr:33561200
[  264.446916] AAAAA-TCP_FORW: name:enp0s3: saddr:100932208: daddr:33561200
[  264.882875] AAAAA-TCP_FORW: name:enp0s3: saddr:100932208: daddr:33561200
[  265.028639] AAAAA-TCP_FORW: name:enp0s3: saddr:100932208: daddr:33561200
[  265.430982] AAAAA-TCP_FORW: name:enp0s3: saddr:100932208: daddr:33561200
[  265.972790] AAAAA-TCP_FORW: name:enp0s3: saddr:100932208: daddr:16783984
[  267.677530] AAAAA-TCP_FORW: name:enp0s3: saddr:100932208: daddr:33561200
[  268.388014] AAAAA-TCP_FORW: name:enp0s3: saddr:100932208: daddr:33561200
[  270.083397] AAAAA-TCP_FORW: name:enp0s3: saddr:100932208: daddr:16783984
[  270.488124] AAAAA-TCP_FORW: name:enp0s3: saddr:100932208: daddr:16783984
[  270.811457] AAAAA-TCP_FORW: name:enp0s3: saddr:100932208: daddr:16783984
[  271.048364] AAAAA-TCP_FORW: name:enp0s3: saddr:100932208: daddr:16783984
[  271.308661] AAAAA-TCP_FORW: name:enp0s3: saddr:100932208: daddr:16783984
[  271.625106] AAAAA-TCP_FORW: name:enp0s3: saddr:100932208: daddr:16783984
[  271.805090] AAAAA-TCP_FORW: name:enp0s3: saddr:100932208: daddr:16783984
[  272.000497] AAAAA-TCP_FORW: name:enp0s3: saddr:100932208: daddr:16783984
[  272.341593] AAAAA-TCP_FORW: name:enp0s3: saddr:100932208: daddr:16783984
[  272.549984] AAAAA-TCP_FORW: name:enp0s3: saddr:100932208: daddr:16783984
[  272.699554] AAAAA-TCP_FORW: name:enp0s3: saddr:100932208: daddr:16783984
[  272.981054] AAAAA-TCP_FORW: name:enp0s3: saddr:100932208: daddr:16783984
[  273.129543] AAAAA-TCP_FORW: name:enp0s3: saddr:100932208: daddr:16783984
[  273.369990] AAAAA-TCP_FORW: name:enp0s3: saddr:100932208: daddr:16783984
[  273.801726] AAAAA-TCP_FORW: name:enp0s3: saddr:100932208: daddr:16783984
[  273.867807] AAAAA-TCP_FORW: name:enp0s3: saddr:100932208: daddr:16783984
[  274.102204] AAAAA-TCP_FORW: name:enp0s3: saddr:100932208: daddr:16783984
[  274.466197] AAAAA-TCP_FORW: name:enp0s3: saddr:100932208: daddr:16783984
[  274.674431] AAAAA-TCP_FORW: name:enp0s3: saddr:100932208: daddr:16783984
[  274.679727] AAAAA-TCP_FORW: name:enp0s3: saddr:100932208: daddr:16783984
[  274.824440] AAAAA-TCP_FORW: name:enp0s3: saddr:100932208: daddr:16783984
[  274.902462] AAAAA-TCP_FORW: name:enp0s3: saddr:100932208: daddr:16783984
[  275.099404] AAAAA-TCP_FORW: name:enp0s3: saddr:100932208: daddr:16783984
[  275.143913] AAAAA-TCP_FORW: name:enp0s3: saddr:100932208: daddr:16783984
[  275.267257] AAAAA-TCP_FORW: name:enp0s3: saddr:100932208: daddr:16783984
[  275.417831] AAAAA-TCP_FORW: name:enp0s3: saddr:100932208: daddr:16783984
[  275.492797] AAAAA-TCP_FORW: name:enp0s3: saddr:100932208: daddr:33561200
[  275.613081] AAAAA-TCP_FORW: name:enp0s3: saddr:100932208: daddr:33561200
[  275.962630] AAAAA-TCP_FORW: name:enp0s3: saddr:100932208: daddr:33561200
[  275.977233] AAAAA-TCP_FORW: name:enp0s3: saddr:100932208: daddr:33561200
[  276.085031] AAAAA-TCP_FORW: name:enp0s3: saddr:100932208: daddr:33561200
[  276.150763] AAAAA-TCP_FORW: name:enp0s3: saddr:100932208: daddr:33561200
[  276.305401] AAAAA-TCP_FORW: name:enp0s3: saddr:100932208: daddr:33561200
[  276.432997] AAAAA-TCP_FORW: name:enp0s3: saddr:100932208: daddr:33561200
[  276.531178] AAAAA-TCP_FORW: name:enp0s3: saddr:100932208: daddr:33561200
[  276.569721] AAAAA-TCP_FORW: name:enp0s3: saddr:100932208: daddr:33561200
[  276.693913] AAAAA-TCP_FORW: name:enp0s3: saddr:100932208: daddr:33561200
[  276.711188] AAAAA-TCP_FORW: name:enp0s3: saddr:100932208: daddr:33561200
[  276.801555] AAAAA-TCP_FORW: name:enp0s3: saddr:100932208: daddr:33561200
[  276.920833] AAAAA-TCP_FORW: name:enp0s3: saddr:100932208: daddr:33561200
[  277.033444] AAAAA-TCP_FORW: name:enp0s3: saddr:100932208: daddr:33561200
[  277.236034] AAAAA-TCP_FORW: name:enp0s3: saddr:100932208: daddr:16783984
[  277.427709] AAAAA-TCP_FORW: name:enp0s3: saddr:100932208: daddr:16783984
[  277.477339] AAAAA-TCP_FORW: name:enp0s3: saddr:100932208: daddr:16783984
[  277.547198] AAAAA-TCP_FORW: name:enp0s3: saddr:100932208: daddr:16783984
[  277.656986] AAAAA-TCP_FORW: name:enp0s3: saddr:100932208: daddr:16783984
[  277.793582] AAAAA-TCP_FORW: name:enp0s3: saddr:100932208: daddr:16783984
[  277.943954] AAAAA-TCP_FORW: name:enp0s3: saddr:100932208: daddr:16783984
[  277.997550] AAAAA-TCP_FORW: name:enp0s3: saddr:100932208: daddr:16783984
[  278.203631] AAAAA-TCP_FORW: name:enp0s3: saddr:100932208: daddr:16783984
[  289.065770] AAAAA-TCP_FORW: name:enp0s3: saddr:100932208: daddr:16783984
[  289.171757] AAAAA-TCP_FORW: name:enp0s3: saddr:100932208: daddr:16783984
[  289.236417] AAAAA-TCP_FORW: name:enp0s3: saddr:100932208: daddr:16783984
[  289.534385] AAAAA-TCP_FORW: name:enp0s3: saddr:100932208: daddr:16783984
[  289.653527] AAAAA-TCP_FORW: name:enp0s3: saddr:100932208: daddr:16783984
[  289.728590] AAAAA-TCP_FORW: name:enp0s3: saddr:100932208: daddr:16783984
[  289.783729] AAAAA-TCP_FORW: name:enp0s3: saddr:100932208: daddr:16783984
[  289.879945] AAAAA-TCP_FORW: name:enp0s3: saddr:100932208: daddr:16783984
[  289.949776] AAAAA-TCP_FORW: name:enp0s3: saddr:100932208: daddr:16783984
[  290.003880] AAAAA-TCP_FORW: name:enp0s3: saddr:100932208: daddr:16783984
[  290.126257] AAAAA-TCP_FORW: name:enp0s3: saddr:100932208: daddr:16783984
[  290.177935] AAAAA-TCP_FORW: name:enp0s3: saddr:100932208: daddr:16783984
[  290.325734] AAAAA-TCP_FORW: name:enp0s3: saddr:100932208: daddr:16783984
[  290.444469] AAAAA-TCP_FORW: name:enp0s3: saddr:100932208: daddr:16783984
[  290.487701] AAAAA-TCP_FORW: name:enp0s3: saddr:100932208: daddr:16783984
[  290.555193] AAAAA-TCP_FORW: name:enp0s3: saddr:100932208: daddr:16783984
[  290.663477] AAAAA-TCP_FORW: name:enp0s3: saddr:100932208: daddr:16783984
[  290.794215] AAAAA-TCP_FORW: name:enp0s3: saddr:100932208: daddr:16783984
[  290.934915] AAAAA-TCP_FORW: name:enp0s3: saddr:100932208: daddr:16783984
[  291.065754] AAAAA-TCP_FORW: name:enp0s3: saddr:100932208: daddr:16783984
[  291.146548] AAAAA-TCP_FORW: name:enp0s3: saddr:100932208: daddr:16783984
[  291.272306] AAAAA-TCP_FORW: name:enp0s3: saddr:100932208: daddr:16783984
[  291.371765] AAAAA-TCP_FORW: name:enp0s3: saddr:100932208: daddr:16783984
[  291.598241] AAAAA-TCP_FORW: name:enp0s3: saddr:100932208: daddr:16783984
[  291.634579] AAAAA-TCP_FORW: name:enp0s3: saddr:100932208: daddr:16783984
[  291.678983] AAAAA-TCP_FORW: name:enp0s3: saddr:100932208: daddr:16783984
[  291.783133] AAAAA-TCP_FORW: name:enp0s3: saddr:100932208: daddr:16783984
[  291.901898] AAAAA-TCP_FORW: name:enp0s3: saddr:100932208: daddr:16783984
[  291.953641] AAAAA-TCP_FORW: name:enp0s3: saddr:100932208: daddr:33561200
[  292.121775] AAAAA-TCP_FORW: name:enp0s3: saddr:100932208: daddr:16783984
[  292.220687] AAAAA-TCP_FORW: name:enp0s3: saddr:100932208: daddr:16783984
[  292.364120] AAAAA-TCP_FORW: name:enp0s3: saddr:100932208: daddr:16783984
[  292.464678] AAAAA-TCP_FORW: name:enp0s3: saddr:100932208: daddr:16783984
[  292.667796] AAAAA-TCP_FORW: name:enp0s3: saddr:100932208: daddr:16783984
[  293.150635] AAAAA-TCP_FORW: name:enp0s3: saddr:100932208: daddr:16783984
[  293.541186] AAAAA-TCP_FORW: name:enp0s3: saddr:100932208: daddr:16783984
[  294.792244] AAAAA-TCP_FORW: name:enp0s3: saddr:100932208: daddr:16783984
[  295.516469] AAAAA-TCP_FORW: name:enp0s3: saddr:100932208: daddr:16783984
[  295.730878] AAAAA-TCP_FORW: name:enp0s3: saddr:100932208: daddr:16783984
[  295.872021] AAAAA-TCP_FORW: name:enp0s3: saddr:100932208: daddr:16783984
[  296.297737] AAAAA-TCP_FORW: name:enp0s3: saddr:100932208: daddr:16783984
[  296.795699] AAAAA-TCP_FORW: name:enp0s3: saddr:100932208: daddr:16783984
[  296.943047] AAAAA-TCP_FORW: name:enp0s3: saddr:100932208: daddr:16783984
[  297.432788] AAAAA-TCP_FORW: name:enp0s3: saddr:100932208: daddr:16783984
[  297.518841] AAAAA-TCP_FORW: name:enp0s3: saddr:100932208: daddr:16783984
[  297.555808] AAAAA-TCP_FORW: name:enp0s3: saddr:100932208: daddr:16783984
[  297.921932] AAAAA-TCP_FORW: name:enp0s3: saddr:100932208: daddr:16783984
[  298.316177] AAAAA-TCP_FORW: name:enp0s3: saddr:100932208: daddr:16783984
[  298.529221] AAAAA-TCP_FORW: name:enp0s3: saddr:100932208: daddr:16783984
[  299.280034] AAAAA-TCP_FORW: name:enp0s3: saddr:100932208: daddr:16783984
[  299.627586] AAAAA-TCP_FORW: name:enp0s3: saddr:100932208: daddr:16783984
[  299.825029] AAAAA-TCP_FORW: name:enp0s3: saddr:100932208: daddr:33561200
[  300.078636] AAAAA-TCP_FORW: name:enp0s3: saddr:100932208: daddr:33561200
[  300.174037] AAAAA-TCP_FORW: name:enp0s3: saddr:100932208: daddr:33561200
[  300.400890] AAAAA-TCP_FORW: name:enp0s3: saddr:100932208: daddr:33561200
[  301.160808] AAAAA-TCP_FORW: name:enp0s3: saddr:100932208: daddr:16783984
[  303.097850] AAAAA-TCP_FORW: name:enp0s3: saddr:100932208: daddr:16783984
[  303.105425] AAAAA-TCP_FORW: name:enp0s3: saddr:100932208: daddr:16783984
[  303.231756] AAAAA-TCP_FORW: name:enp0s3: saddr:100932208: daddr:16783984
[  303.463232] AAAAA-TCP_FORW: name:enp0s3: saddr:100932208: daddr:16783984
[  303.775962] AAAAA-TCP_FORW: name:enp0s3: saddr:100932208: daddr:16783984
[  304.106484] AAAAA-TCP_FORW: name:enp0s3: saddr:100932208: daddr:16783984
[  304.279166] AAAAA-TCP_FORW: name:enp0s3: saddr:100932208: daddr:16783984
[  304.926977] AAAAA-TCP_FORW: name:enp0s3: saddr:100932208: daddr:16783984
[  305.193881] AAAAA-TCP_FORW: name:enp0s3: saddr:100932208: daddr:16783984
[  305.454465] AAAAA-TCP_FORW: name:enp0s3: saddr:100932208: daddr:16783984
[  306.104186] AAAAA-TCP_FORW: name:enp0s3: saddr:100932208: daddr:16783984
[  306.143156] AAAAA-TCP_FORW: name:enp0s3: saddr:100932208: daddr:16783984
[  307.032177] AAAAA-TCP_FORW: name:enp0s3: saddr:100932208: daddr:33561200
[  307.117254] AAAAA-TCP_FORW: name:enp0s3: saddr:100932208: daddr:33561200
[  307.229689] AAAAA-TCP_FORW: name:enp0s3: saddr:100932208: daddr:33561200
[  307.314473] AAAAA-TCP_FORW: name:enp0s3: saddr:100932208: daddr:33561200
[  307.514631] AAAAA-TCP_FORW: name:enp0s3: saddr:100932208: daddr:33561200
[  307.577661] AAAAA-TCP_FORW: name:enp0s3: saddr:100932208: daddr:33561200
[  307.665728] AAAAA-TCP_FORW: name:enp0s3: saddr:100932208: daddr:33561200
[  307.827055] AAAAA-TCP_FORW: name:enp0s3: saddr:100932208: daddr:33561200
[  307.870835] AAAAA-TCP_FORW: name:enp0s3: saddr:100932208: daddr:16783984
[  307.950794] AAAAA-TCP_FORW: name:enp0s3: saddr:100932208: daddr:16783984
[  308.094477] AAAAA-TCP_FORW: name:enp0s3: saddr:100932208: daddr:16783984
[  308.609578] AAAAA-TCP_FORW: name:enp0s3: saddr:100932208: daddr:16783984
[  308.660244] AAAAA-TCP_FORW: name:enp0s3: saddr:100932208: daddr:16783984
[  308.741321] AAAAA-TCP_FORW: name:enp0s3: saddr:100932208: daddr:16783984
[  308.791200] AAAAA-TCP_FORW: name:enp0s3: saddr:100932208: daddr:16783984
[  308.855632] AAAAA-TCP_FORW: name:enp0s3: saddr:100932208: daddr:16783984
[  309.013734] AAAAA-TCP_FORW: name:enp0s3: saddr:100932208: daddr:16783984
[  309.036483] AAAAA-TCP_FORW: name:enp0s3: saddr:100932208: daddr:16783984
[  309.039179] AAAAA-TCP_FORW: name:enp0s3: saddr:100932208: daddr:16783984
[  315.406848] AAAAA-TCP_FORW: name:enp0s3: saddr:100932208: daddr:16783984
[  315.623920] AAAAA-TCP_FORW: name:enp0s3: saddr:100932208: daddr:16783984
[  315.790807] AAAAA-TCP_FORW: name:enp0s3: saddr:100932208: daddr:16783984
[  315.894125] AAAAA-TCP_FORW: name:enp0s3: saddr:100932208: daddr:16783984
[  315.957740] AAAAA-TCP_FORW: name:enp0s3: saddr:100932208: daddr:33561200
[  316.051572] AAAAA-TCP_FORW: name:enp0s3: saddr:100932208: daddr:16783984
[  316.152450] AAAAA-TCP_FORW: name:enp0s3: saddr:100932208: daddr:16783984
[  316.238956] AAAAA-TCP_FORW: name:enp0s3: saddr:100932208: daddr:16783984
[  316.303960] AAAAA-TCP_FORW: name:enp0s3: saddr:100932208: daddr:16783984
[  316.390460] AAAAA-TCP_FORW: name:enp0s3: saddr:100932208: daddr:16783984
[  316.464430] AAAAA-TCP_FORW: name:enp0s3: saddr:100932208: daddr:16783984
[  316.739257] AAAAA-TCP_FORW: name:enp0s3: saddr:100932208: daddr:16783984
[  508.637786] rfkill: input handler enabled
[  517.642424] rfkill: input handler disabled
[  731.356602] device enp0s3 left promiscuous mode
