[    0.000000] Linux version 5.4.243-dmptcp (root@ztg) (gcc version 12.2.0 (Debian 12.2.0-14+deb12u1)) #119 SMP Wed Dec 24 23:52:51 CST 2025
[    0.000000] Command line: BOOT_IMAGE=/boot/vmlinuz-5.4.243-dmptcp root=UUID=98415a12-53b7-4144-8265-0f7ece09e445 ro quiet splash
[    0.000000] KERNEL supported cpus:
[    0.000000]   Intel GenuineIntel
[    0.000000]   AMD AuthenticAMD
[    0.000000]   Hygon HygonGenuine
[    0.000000]   Centaur CentaurHauls
[    0.000000]   zhaoxin   Shanghai  
[    0.000000] x86/fpu: Supporting XSAVE feature 0x001: 'x87 floating point registers'
[    0.000000] x86/fpu: Supporting XSAVE feature 0x002: 'SSE registers'
[    0.000000] x86/fpu: Supporting XSAVE feature 0x004: 'AVX registers'
[    0.000000] x86/fpu: xstate_offset[2]:  576, xstate_sizes[2]:  256
[    0.000000] x86/fpu: Enabled xstate features 0x7, context size is 832 bytes, using 'standard' format.
[    0.000000] BIOS-provided physical RAM map:
[    0.000000] BIOS-e820: [mem 0x0000000000000000-0x000000000009fbff] usable
[    0.000000] BIOS-e820: [mem 0x000000000009fc00-0x000000000009ffff] reserved
[    0.000000] BIOS-e820: [mem 0x00000000000f0000-0x00000000000fffff] reserved
[    0.000000] BIOS-e820: [mem 0x0000000000100000-0x000000007ffeffff] usable
[    0.000000] BIOS-e820: [mem 0x000000007fff0000-0x000000007fffffff] ACPI data
[    0.000000] BIOS-e820: [mem 0x00000000fec00000-0x00000000fec00fff] reserved
[    0.000000] BIOS-e820: [mem 0x00000000fee00000-0x00000000fee00fff] reserved
[    0.000000] BIOS-e820: [mem 0x00000000fffc0000-0x00000000ffffffff] reserved
[    0.000000] NX (Execute Disable) protection: active
[    0.000000] SMBIOS 2.5 present.
[    0.000000] DMI: innotek GmbH VirtualBox/VirtualBox, BIOS VirtualBox 12/01/2006
[    0.000000] Hypervisor detected: KVM
[    0.000000] kvm-clock: Using msrs 4b564d01 and 4b564d00
[    0.000000] kvm-clock: cpu 0, msr 73401001, primary cpu clock
[    0.000000] kvm-clock: using sched offset of 4415147797 cycles
[    0.000002] clocksource: kvm-clock: mask: 0xffffffffffffffff max_cycles: 0x1cd42e4dffb, max_idle_ns: 881590591483 ns
[    0.000005] tsc: Detected 2100.000 MHz processor
[    0.001883] e820: update [mem 0x00000000-0x00000fff] usable ==> reserved
[    0.001885] e820: remove [mem 0x000a0000-0x000fffff] usable
[    0.001889] last_pfn = 0x7fff0 max_arch_pfn = 0x400000000
[    0.001958] MTRR default type: uncachable
[    0.001959] MTRR fixed ranges enabled:
[    0.001960]   00000-9FFFF write-back
[    0.001961]   A0000-BFFFF uncachable
[    0.001962]   C0000-FFFFF write-protect
[    0.001962] MTRR variable ranges enabled:
[    0.001964]   0 base 000000000000 mask 3FFF80000000 write-back
[    0.001965]   1 disabled
[    0.001965]   2 disabled
[    0.001965]   3 disabled
[    0.001966]   4 disabled
[    0.001966]   5 disabled
[    0.001967]   6 disabled
[    0.001967]   7 disabled
[    0.001968]   8 disabled
[    0.001968]   9 disabled
[    0.001968]   10 disabled
[    0.001969]   11 disabled
[    0.001969]   12 disabled
[    0.001970]   13 disabled
[    0.001970]   14 disabled
[    0.001971]   15 disabled
[    0.001994] x86/PAT: Configuration [0-7]: WB  WC  UC- UC  WB  WP  UC- WT  
[    0.002127] found SMP MP-table at [mem 0x0009fff0-0x0009ffff]
[    0.093339] check: Scanning 1 areas for low memory corruption
[    0.093552] RAMDISK: [mem 0x32271000-0x3512ffff]
[    0.093560] ACPI: Early table checksum verification disabled
[    0.093566] ACPI: RSDP 0x00000000000E0000 000024 (v02 VBOX  )
[    0.093571] ACPI: XSDT 0x000000007FFF0030 00003C (v01 VBOX   VBOXXSDT 00000001 ASL  00000061)
[    0.093577] ACPI: FACP 0x000000007FFF00F0 0000F4 (v04 VBOX   VBOXFACP 00000001 ASL  00000061)
[    0.093584] ACPI: DSDT 0x000000007FFF02E0 002353 (v02 VBOX   VBOXBIOS 00000002 VBOX 00029BF3)
[    0.093588] ACPI: FACS 0x000000007FFF0200 000040
[    0.093591] ACPI: FACS 0x000000007FFF0200 000040
[    0.093595] ACPI: APIC 0x000000007FFF0240 000054 (v02 VBOX   VBOXAPIC 00000001 ASL  00000061)
[    0.093598] ACPI: SSDT 0x000000007FFF02A0 000038 (v01 VBOX   VBOXCPUT 00000002 VBOX 00029BF3)
[    0.093601] ACPI: Reserving FACP table memory at [mem 0x7fff00f0-0x7fff01e3]
[    0.093602] ACPI: Reserving DSDT table memory at [mem 0x7fff02e0-0x7fff2632]
[    0.093603] ACPI: Reserving FACS table memory at [mem 0x7fff0200-0x7fff023f]
[    0.093604] ACPI: Reserving FACS table memory at [mem 0x7fff0200-0x7fff023f]
[    0.093604] ACPI: Reserving APIC table memory at [mem 0x7fff0240-0x7fff0293]
[    0.093605] ACPI: Reserving SSDT table memory at [mem 0x7fff02a0-0x7fff02d7]
[    0.093619] ACPI: Local APIC address 0xfee00000
[    0.093803] No NUMA configuration found
[    0.093804] Faking a node at [mem 0x0000000000000000-0x000000007ffeffff]
[    0.093814] NODE_DATA(0) allocated [mem 0x7ffc5000-0x7ffeffff]
[    0.094737] Zone ranges:
[    0.094738]   DMA      [mem 0x0000000000001000-0x0000000000ffffff]
[    0.094739]   DMA32    [mem 0x0000000001000000-0x000000007ffeffff]
[    0.094740]   Normal   empty
[    0.094741]   Device   empty
[    0.094742] Movable zone start for each node
[    0.094744] Early memory node ranges
[    0.094744]   node   0: [mem 0x0000000000001000-0x000000000009efff]
[    0.094745]   node   0: [mem 0x0000000000100000-0x000000007ffeffff]
[    0.095409] Zeroed struct page in unavailable ranges: 114 pages
[    0.095410] Initmem setup node 0 [mem 0x0000000000001000-0x000000007ffeffff]
[    0.095411] On node 0 totalpages: 524174
[    0.095413]   DMA zone: 64 pages used for memmap
[    0.095413]   DMA zone: 21 pages reserved
[    0.095414]   DMA zone: 3998 pages, LIFO batch:0
[    0.095488]   DMA32 zone: 8128 pages used for memmap
[    0.095489]   DMA32 zone: 520176 pages, LIFO batch:63
[    0.104851] ACPI: PM-Timer IO Port: 0x4008
[    0.104856] ACPI: Local APIC address 0xfee00000
[    0.104925] IOAPIC[0]: apic_id 1, version 32, address 0xfec00000, GSI 0-23
[    0.104928] ACPI: INT_SRC_OVR (bus 0 bus_irq 0 global_irq 2 dfl dfl)
[    0.104930] ACPI: INT_SRC_OVR (bus 0 bus_irq 9 global_irq 9 low level)
[    0.104932] ACPI: IRQ0 used by override.
[    0.104933] ACPI: IRQ9 used by override.
[    0.104936] Using ACPI (MADT) for SMP configuration information
[    0.104943] smpboot: Allowing 1 CPUs, 0 hotplug CPUs
[    0.104966] PM: Registered nosave memory: [mem 0x00000000-0x00000fff]
[    0.104967] PM: Registered nosave memory: [mem 0x0009f000-0x0009ffff]
[    0.104968] PM: Registered nosave memory: [mem 0x000a0000-0x000effff]
[    0.104968] PM: Registered nosave memory: [mem 0x000f0000-0x000fffff]
[    0.104970] [mem 0x80000000-0xfebfffff] available for PCI devices
[    0.104971] Booting paravirtualized kernel on KVM
[    0.104974] clocksource: refined-jiffies: mask: 0xffffffff max_cycles: 0xffffffff, max_idle_ns: 7645519600211568 ns
[    0.104979] setup_percpu: NR_CPUS:8192 nr_cpumask_bits:1 nr_cpu_ids:1 nr_node_ids:1
[    0.105942] percpu: Embedded 60 pages/cpu s208896 r8192 d28672 u2097152
[    0.105947] pcpu-alloc: s208896 r8192 d28672 u2097152 alloc=1*2097152
[    0.105948] pcpu-alloc: [0] 0 
[    0.105976] Built 1 zonelists, mobility grouping on.  Total pages: 515961
[    0.105976] Policy zone: DMA32
[    0.105977] Kernel command line: BOOT_IMAGE=/boot/vmlinuz-5.4.243-dmptcp root=UUID=98415a12-53b7-4144-8265-0f7ece09e445 ro quiet splash
[    0.106842] Dentry cache hash table entries: 262144 (order: 9, 2097152 bytes, linear)
[    0.107002] Inode-cache hash table entries: 131072 (order: 8, 1048576 bytes, linear)
[    0.107052] mem auto-init: stack:off, heap alloc:on, heap free:off
[    0.107055] Calgary: detecting Calgary via BIOS EBDA area
[    0.107056] Calgary: Unable to locate Rio Grande table in EBDA - bailing!
[    0.111081] Memory: 1967332K/2096696K available (14339K kernel code, 2399K rwdata, 4716K rodata, 2728K init, 17260K bss, 129364K reserved, 0K cma-reserved)
[    0.112013] SLUB: HWalign=64, Order=0-3, MinObjects=0, CPUs=1, Nodes=1
[    0.112031] ftrace: allocating 43203 entries in 169 pages
[    0.130069] rcu: Hierarchical RCU implementation.
[    0.130071] rcu: 	RCU restricting CPUs from NR_CPUS=8192 to nr_cpu_ids=1.
[    0.130072] 	Tasks RCU enabled.
[    0.130073] rcu: RCU calculated value of scheduler-enlistment delay is 25 jiffies.
[    0.130074] rcu: Adjusting geometry for rcu_fanout_leaf=16, nr_cpu_ids=1
[    0.133043] NR_IRQS: 524544, nr_irqs: 256, preallocated irqs: 16
[    0.133259] random: crng init done
[    0.143055] Console: colour VGA+ 80x25
[    0.143060] printk: console [tty0] enabled
[    0.143083] ACPI: Core revision 20190816
[    0.143190] APIC: Switch to symmetric I/O mode setup
[    0.143449] x2apic enabled
[    0.143684] Switched APIC routing to physical x2apic.
[    0.144818] ..TIMER: vector=0x30 apic1=0 pin1=2 apic2=-1 pin2=-1
[    0.144845] clocksource: tsc-early: mask: 0xffffffffffffffff max_cycles: 0x1e4530a99b6, max_idle_ns: 440795257976 ns
[    0.144851] Calibrating delay loop (skipped) preset value.. 4200.00 BogoMIPS (lpj=8400000)
[    0.144853] pid_max: default: 32768 minimum: 301
[    0.144881] LSM: Security Framework initializing
[    0.144891] Yama: becoming mindful.
[    0.144919] AppArmor: AppArmor initialized
[    0.144953] Mount-cache hash table entries: 4096 (order: 3, 32768 bytes, linear)
[    0.144957] Mountpoint-cache hash table entries: 4096 (order: 3, 32768 bytes, linear)
[    0.144967] *** VALIDATE tmpfs ***
[    0.145095] *** VALIDATE proc ***
[    0.145136] *** VALIDATE cgroup1 ***
[    0.145137] *** VALIDATE cgroup2 ***
[    0.145277] process: using mwait in idle threads
[    0.145282] Last level iTLB entries: 4KB 64, 2MB 8, 4MB 8
[    0.145283] Last level dTLB entries: 4KB 64, 2MB 0, 4MB 0, 1GB 4
[    0.145303] Spectre V1 : Mitigation: usercopy/swapgs barriers and __user pointer sanitization
[    0.145308] Spectre V2 : Mitigation: Retpolines
[    0.145309] Spectre V2 : Spectre v2 / SpectreRSB mitigation: Filling RSB on context switch
[    0.145310] Spectre V2 : Spectre v2 / SpectreRSB : Filling RSB on VMEXIT
[    0.145310] RETBleed: WARNING: Spectre v2 mitigation leaves CPU vulnerable to RETBleed attacks, data leaks possible!
[    0.145664] RETBleed: Vulnerable
[    0.145664] Speculative Store Bypass: Vulnerable
[    0.145669] TAA: Mitigation: TSX disabled
[    0.145669] MMIO Stale Data: Mitigation: Clear CPU buffers
[    0.149892] Freeing SMP alternatives memory: 40K
[    0.260763] APIC calibration not consistent with PM-Timer: 98ms instead of 100ms
[    0.260764] APIC delta adjusted to PM-Timer: 6249944 (6168091)
[    0.260825] smpboot: CPU0: Intel(R) Xeon(R) Silver 4216 CPU @ 2.10GHz (family: 0x6, model: 0x55, stepping: 0x7)
[    0.260847] Performance Events: unsupported p6 CPU model 85 no PMU driver, software events only.
[    0.260847] rcu: Hierarchical SRCU implementation.
[    0.260847] NMI watchdog: Perf NMI watchdog permanently disabled
[    0.260847] smp: Bringing up secondary CPUs ...
[    0.260847] smp: Brought up 1 node, 1 CPU
[    0.260847] smpboot: Max logical packages: 1
[    0.260847] smpboot: Total of 1 processors activated (4200.00 BogoMIPS)
[    0.260847] devtmpfs: initialized
[    0.260847] x86/mm: Memory block size: 128MB
[    0.260847] clocksource: jiffies: mask: 0xffffffff max_cycles: 0xffffffff, max_idle_ns: 7645041785100000 ns
[    0.260847] futex hash table entries: 256 (order: 2, 16384 bytes, linear)
[    0.260847] pinctrl core: initialized pinctrl subsystem
[    0.260847] PM: RTC time: 11:00:55, date: 2026-01-10
[    0.260847] NET: Registered protocol family 16
[    0.260847] audit: initializing netlink subsys (disabled)
[    0.260847] EISA bus registered
[    0.260847] cpuidle: using governor ladder
[    0.260847] cpuidle: using governor menu
[    0.260847] ACPI: bus type PCI registered
[    0.260847] acpiphp: ACPI Hot Plug PCI Controller Driver version: 0.5
[    0.260847] PCI: Using configuration type 1 for base access
[    0.261193] audit: type=2000 audit(1768014061.681:1): state=initialized audit_enabled=0 res=1
[    0.261273] HugeTLB registered 2.00 MiB page size, pre-allocated 0 pages
[    0.262083] ACPI: Added _OSI(Module Device)
[    0.262083] ACPI: Added _OSI(Processor Device)
[    0.262084] ACPI: Added _OSI(3.0 _SCP Extensions)
[    0.262085] ACPI: Added _OSI(Processor Aggregator Device)
[    0.262086] ACPI: Added _OSI(Linux-Dell-Video)
[    0.262087] ACPI: Added _OSI(Linux-Lenovo-NV-HDMI-Audio)
[    0.262087] ACPI: Added _OSI(Linux-HPI-Hybrid-Graphics)
[    0.264031] ACPI: 2 ACPI AML tables successfully acquired and loaded
[    0.265537] ACPI: Interpreter enabled
[    0.265546] ACPI: (supports S0 S5)
[    0.265547] ACPI: Using IOAPIC for interrupt routing
[    0.265752] PCI: Using host bridge windows from ACPI; if necessary, use "pci=nocrs" and report a bug
[    0.265857] ACPI: Enabled 2 GPEs in block 00 to 07
[    0.270616] ACPI: PCI Root Bridge [PCI0] (domain 0000 [bus 00-ff])
[    0.270621] acpi PNP0A03:00: _OSC: OS supports [ASPM ClockPM Segments MSI HPX-Type3]
[    0.271064] acpi PNP0A03:00: _OSC: not requesting OS control; OS requires [ExtendedConfig ASPM ClockPM MSI]
[    0.271072] acpi PNP0A03:00: fail to add MMCONFIG information, can't access extended PCI configuration space under this bridge.
[    0.271441] PCI host bridge to bus 0000:00
[    0.271443] pci_bus 0000:00: root bus resource [io  0x0000-0x0cf7 window]
[    0.271444] pci_bus 0000:00: root bus resource [io  0x0d00-0xffff window]
[    0.271445] pci_bus 0000:00: root bus resource [mem 0x000a0000-0x000bffff window]
[    0.271446] pci_bus 0000:00: root bus resource [mem 0x80000000-0xfdffffff window]
[    0.271447] pci_bus 0000:00: root bus resource [bus 00-ff]
[    0.271487] pci 0000:00:00.0: [8086:1237] type 00 class 0x060000
[    0.272413] pci 0000:00:01.0: [8086:7000] type 00 class 0x060100
[    0.273216] pci 0000:00:01.1: [8086:7111] type 00 class 0x01018a
[    0.273590] pci 0000:00:01.1: reg 0x20: [io  0xd000-0xd00f]
[    0.273743] pci 0000:00:01.1: legacy IDE quirk: reg 0x10: [io  0x01f0-0x01f7]
[    0.273744] pci 0000:00:01.1: legacy IDE quirk: reg 0x14: [io  0x03f6]
[    0.273745] pci 0000:00:01.1: legacy IDE quirk: reg 0x18: [io  0x0170-0x0177]
[    0.273745] pci 0000:00:01.1: legacy IDE quirk: reg 0x1c: [io  0x0376]
[    0.274276] pci 0000:00:02.0: [15ad:0405] type 00 class 0x030000
[    0.276976] pci 0000:00:02.0: reg 0x10: [io  0xd010-0xd01f]
[    0.280897] pci 0000:00:02.0: reg 0x14: [mem 0xe0000000-0xe7ffffff pref]
[    0.283574] pci 0000:00:02.0: reg 0x18: [mem 0xf0000000-0xf01fffff]
[    0.293640] pci 0000:00:03.0: [1022:2000] type 00 class 0x020000
[    0.294330] pci 0000:00:03.0: reg 0x10: [io  0xd020-0xd03f]
[    0.294951] pci 0000:00:03.0: reg 0x14: [mem 0xf0200000-0xf0200fff]
[    0.299417] pci 0000:00:04.0: [80ee:cafe] type 00 class 0x088000
[    0.300088] pci 0000:00:04.0: reg 0x10: [io  0xd040-0xd05f]
[    0.300701] pci 0000:00:04.0: reg 0x14: [mem 0xf0400000-0xf07fffff]
[    0.300964] pci 0000:00:04.0: reg 0x18: [mem 0xf0800000-0xf0803fff pref]
[    0.304488] pci 0000:00:07.0: [8086:7113] type 00 class 0x068000
[    0.305077] pci 0000:00:07.0: quirk: [io  0x4000-0x403f] claimed by PIIX4 ACPI
[    0.305087] pci 0000:00:07.0: quirk: [io  0x4100-0x410f] claimed by PIIX4 SMB
[    0.305690] pci 0000:00:08.0: [8086:100e] type 00 class 0x020000
[    0.306397] pci 0000:00:08.0: reg 0x10: [mem 0xf0820000-0xf083ffff]
[    0.307550] pci 0000:00:08.0: reg 0x18: [io  0xd060-0xd067]
[    0.310457] pci 0000:00:09.0: [8086:100e] type 00 class 0x020000
[    0.311159] pci 0000:00:09.0: reg 0x10: [mem 0xf0840000-0xf085ffff]
[    0.312375] pci 0000:00:09.0: reg 0x18: [io  0xd068-0xd06f]
[    0.321971] ACPI: PCI Interrupt Link [LNKA] (IRQs 5 9 10 *11)
[    0.322251] ACPI: PCI Interrupt Link [LNKB] (IRQs 5 9 *10 11)
[    0.324936] ACPI: PCI Interrupt Link [LNKC] (IRQs 5 *9 10 11)
[    0.325047] ACPI: PCI Interrupt Link [LNKD] (IRQs 5 9 10 *11)
[    0.325319] iommu: Default domain type: Translated 
[    0.325374] pci 0000:00:02.0: vgaarb: setting as boot VGA device
[    0.325376] pci 0000:00:02.0: vgaarb: VGA device added: decodes=io+mem,owns=io+mem,locks=none
[    0.325378] pci 0000:00:02.0: vgaarb: bridge control possible
[    0.325379] vgaarb: loaded
[    0.325592] SCSI subsystem initialized
[    0.325622] libata version 3.00 loaded.
[    0.325647] ACPI: bus type USB registered
[    0.325661] usbcore: registered new interface driver usbfs
[    0.325668] usbcore: registered new interface driver hub
[    0.325673] usbcore: registered new device driver usb
[    0.325700] pps_core: LinuxPPS API ver. 1 registered
[    0.325700] pps_core: Software ver. 5.3.6 - Copyright 2005-2007 Rodolfo Giometti <giometti@linux.it>
[    0.325704] PTP clock support registered
[    0.325737] EDAC MC: Ver: 3.0.0
[    0.326022] PCI: Using ACPI for IRQ routing
[    0.326024] PCI: pci_cache_line_size set to 64 bytes
[    0.326191] e820: reserve RAM buffer [mem 0x0009fc00-0x0009ffff]
[    0.326194] e820: reserve RAM buffer [mem 0x7fff0000-0x7fffffff]
[    0.326992] NetLabel: Initializing
[    0.326993] NetLabel:  domain hash size = 128
[    0.326993] NetLabel:  protocols = UNLABELED CIPSOv4 CALIPSO
[    0.327013] NetLabel:  unlabeled traffic allowed by default
[    0.327909] clocksource: Switched to clocksource kvm-clock
[    0.339119] *** VALIDATE bpf ***
[    0.339178] VFS: Disk quotas dquot_6.6.0
[    0.339190] VFS: Dquot-cache hash table entries: 512 (order 0, 4096 bytes)
[    0.339212] *** VALIDATE ramfs ***
[    0.339214] *** VALIDATE hugetlbfs ***
[    0.339292] AppArmor: AppArmor Filesystem Enabled
[    0.339318] pnp: PnP ACPI init
[    0.339382] pnp 00:00: Plug and Play ACPI device, IDs PNP0303 (active)
[    0.339444] pnp 00:01: Plug and Play ACPI device, IDs PNP0f03 (active)
[    0.340190] pnp: PnP ACPI: found 2 devices
[    0.341141] thermal_sys: Registered thermal governor 'fair_share'
[    0.341142] thermal_sys: Registered thermal governor 'bang_bang'
[    0.341142] thermal_sys: Registered thermal governor 'step_wise'
[    0.341143] thermal_sys: Registered thermal governor 'user_space'
[    0.341144] thermal_sys: Registered thermal governor 'power_allocator'
[    0.345655] clocksource: acpi_pm: mask: 0xffffff max_cycles: 0xffffff, max_idle_ns: 2085701024 ns
[    0.345694] pci_bus 0000:00: resource 4 [io  0x0000-0x0cf7 window]
[    0.345695] pci_bus 0000:00: resource 5 [io  0x0d00-0xffff window]
[    0.345696] pci_bus 0000:00: resource 6 [mem 0x000a0000-0x000bffff window]
[    0.345698] pci_bus 0000:00: resource 7 [mem 0x80000000-0xfdffffff window]
[    0.345753] NET: Registered protocol family 2
[    0.345826] IP idents hash table entries: 32768 (order: 6, 262144 bytes, linear)
[    0.346235] MPTCP tokens hash table entries: 8192 (order: 4, 65536 bytes, linear)
[    0.346258] MPTCP request tokens hash table entries: 8192 (order: 4, 65536 bytes, linear)
[    0.346283] default registered
[    0.346284] default registered
[    0.346284] MPTCP: Stable release v0.96
[    0.346289] tcp_listen_portaddr_hash hash table entries: 1024 (order: 2, 16384 bytes, linear)
[    0.346368] TCP established hash table entries: 16384 (order: 5, 131072 bytes, linear)
[    0.346432] TCP bind hash table entries: 16384 (order: 6, 262144 bytes, linear)
[    0.346457] TCP: Hash tables configured (established 16384 bind 16384)
[    0.347147] UDP hash table entries: 1024 (order: 3, 32768 bytes, linear)
[    0.347158] UDP-Lite hash table entries: 1024 (order: 3, 32768 bytes, linear)
[    0.347194] NET: Registered protocol family 1
[    0.347203] NET: Registered protocol family 44
[    0.347223] pci 0000:00:00.0: Limiting direct PCI/PCI transfers
[    0.347238] pci 0000:00:01.0: Activating ISA DMA hang workarounds
[    0.347289] pci 0000:00:02.0: Video device with shadowed ROM at [mem 0x000c0000-0x000dffff]
[    0.347352] PCI: CLS 0 bytes, default 64
[    0.347398] Trying to unpack rootfs image as initramfs...
[    0.520423] Freeing initrd memory: 47868K
[    0.520423] clocksource: tsc: mask: 0xffffffffffffffff max_cycles: 0x1e4530a99b6, max_idle_ns: 440795257976 ns
[    0.520423] clocksource: Switched to clocksource tsc
[    0.520423] platform rtc_cmos: registered platform RTC device (no PNP device found)
[    0.520423] check: Scanning for low memory corruption every 60 seconds
[    0.520423] Initialise system trusted keyrings
[    0.520423] Key type blacklist registered
[    0.520423] workingset: timestamp_bits=36 max_order=19 bucket_order=0
[    0.520423] zbud: loaded
[    0.520423] squashfs: version 4.0 (2009/01/31) Phillip Lougher
[    0.520423] fuse: init (API version 7.31)
[    0.520423] *** VALIDATE fuse ***
[    0.520423] *** VALIDATE fuse ***
[    0.520423] Platform Keyring initialized
[    0.533969] Key type asymmetric registered
[    0.533971] Asymmetric key parser 'x509' registered
[    0.533981] Block layer SCSI generic (bsg) driver version 0.4 loaded (major 244)
[    0.534022] io scheduler mq-deadline registered
[    0.534146] shpchp: Standard Hot Plug PCI Controller Driver version: 0.4
[    0.534355] ACPI: AC Adapter [AC] (on-line)
[    0.534401] input: Power Button as /devices/LNXSYSTM:00/LNXPWRBN:00/input/input0
[    0.534428] ACPI: Power Button [PWRF]
[    0.534509] input: Sleep Button as /devices/LNXSYSTM:00/LNXSLPBN:00/input/input1
[    0.534522] ACPI: Sleep Button [SLPF]
[    0.534748] Serial: 8250/16550 driver, 32 ports, IRQ sharing enabled
[    0.535951] Linux agpgart interface v0.103
[    0.631682] loop: module loaded
[    0.631841] ata_piix 0000:00:01.1: version 2.13
[    0.632244] scsi host0: ata_piix
[    0.632335] scsi host1: ata_piix
[    0.632362] ata1: PATA max UDMA/33 cmd 0x1f0 ctl 0x3f6 bmdma 0xd000 irq 14
[    0.632363] ata2: PATA max UDMA/33 cmd 0x170 ctl 0x376 bmdma 0xd008 irq 15
[    0.632443] tun: Universal TUN/TAP device driver, 1.6
[    0.632749] PPP generic driver version 2.4.2
[    0.632796] VFIO - User Level meta-driver version: 0.3
[    0.633031] ehci_hcd: USB 2.0 'Enhanced' Host Controller (EHCI) Driver
[    0.633034] ehci-pci: EHCI PCI platform driver
[    0.633049] ehci-platform: EHCI generic platform driver
[    0.633055] ohci_hcd: USB 1.1 'Open' Host Controller (OHCI) Driver
[    0.633056] ohci-pci: OHCI PCI platform driver
[    0.633062] ohci-platform: OHCI generic platform driver
[    0.633066] uhci_hcd: USB Universal Host Controller Interface driver
[    0.633129] i8042: PNP: PS/2 Controller [PNP0303:PS2K,PNP0f03:PS2M] at 0x60,0x64 irq 1,12
[    0.633566] serio: i8042 KBD port at 0x60,0x64 irq 1
[    0.633570] serio: i8042 AUX port at 0x60,0x64 irq 12
[    0.633655] mousedev: PS/2 mouse device common for all mice
[    0.633902] input: AT Translated Set 2 keyboard as /devices/platform/i8042/serio0/input/input2
[    0.634300] rtc_cmos rtc_cmos: registered as rtc0
[    0.634312] rtc_cmos rtc_cmos: alarms up to one day, 114 bytes nvram
[    0.634317] i2c /dev entries driver
[    0.634360] device-mapper: uevent: version 1.0.3
[    0.634402] device-mapper: ioctl: 4.41.0-ioctl (2019-09-16) initialised: dm-devel@redhat.com
[    0.634422] platform eisa.0: Probing EISA bus 0
[    0.634423] platform eisa.0: EISA: Cannot allocate resource for mainboard
[    0.634424] platform eisa.0: Cannot allocate resource for EISA slot 1
[    0.634425] platform eisa.0: Cannot allocate resource for EISA slot 2
[    0.634426] platform eisa.0: Cannot allocate resource for EISA slot 3
[    0.634427] platform eisa.0: Cannot allocate resource for EISA slot 4
[    0.634428] platform eisa.0: Cannot allocate resource for EISA slot 5
[    0.634429] platform eisa.0: Cannot allocate resource for EISA slot 6
[    0.634430] platform eisa.0: Cannot allocate resource for EISA slot 7
[    0.634431] platform eisa.0: Cannot allocate resource for EISA slot 8
[    0.634432] platform eisa.0: EISA: Detected 0 cards
[    0.634435] intel_pstate: CPU model not supported
[    0.634446] ledtrig-cpu: registered to indicate activity on CPUs
[    0.634496] drop_monitor: Initializing network drop monitor service
[    0.634655] NET: Registered protocol family 10
[    0.639738] Segment Routing with IPv6
[    0.639747] fullmesh registered
[    0.639747] ndiffports registered
[    0.639747] binder registered
[    0.639747] roundrobin registered
[    0.639747] mps registered
[    0.639747] redundant registered
[    0.639747] blest registered
[    0.639747] ecf registered
[    0.639747] NET: Registered protocol family 17
[    0.639747] Key type dns_resolver registered
[    0.639747] RAS: Correctable Errors collector initialized.
[    0.639747] IPI shorthand broadcast: enabled
[    0.639747] sched_clock: Marking stable (624149233, 11598050)->(642577252, -6829969)
[    0.639980] registered taskstats version 1
[    0.639990] Loading compiled-in X.509 certificates
[    0.640576] Loaded X.509 cert 'Build time autogenerated kernel key: 6909f3744cebb3d0de528d5887b96a727de79b1e'
[    0.640602] zswap: loaded using pool lzo/zbud
[    0.640656] Key type ._fscrypt registered
[    0.640657] Key type .fscrypt registered
[    0.645084] Key type big_key registered
[    0.647300] Key type encrypted registered
[    0.647303] AppArmor: AppArmor sha1 policy hashing enabled
[    0.647310] ima: No TPM chip found, activating TPM-bypass!
[    0.647314] ima: Allocated hash algorithm: sha1
[    0.647320] ima: No architecture policies found
[    0.647329] evm: Initialising EVM extended attributes:
[    0.647329] evm: security.selinux
[    0.647330] evm: security.SMACK64
[    0.647330] evm: security.SMACK64EXEC
[    0.647331] evm: security.SMACK64TRANSMUTE
[    0.647331] evm: security.SMACK64MMAP
[    0.647332] evm: security.apparmor
[    0.647332] evm: security.ima
[    0.647333] evm: security.capability
[    0.647333] evm: HMAC attrs: 0x1
[    0.647627] PM:   Magic number: 10:845:23
[    0.647735] rtc_cmos rtc_cmos: setting system clock to 2026-01-10T11:00:56 UTC (1768042856)
[    0.805174] ata1.00: ATA-6: VBOX HARDDISK, 1.0, max UDMA/133
[    0.805177] ata1.00: 209715200 sectors, multi 128: LBA 
[    0.805718] scsi 0:0:0:0: Direct-Access     ATA      VBOX HARDDISK    1.0  PQ: 0 ANSI: 5
[    0.806006] sd 0:0:0:0: [sda] 209715200 512-byte logical blocks: (107 GB/100 GiB)
[    0.806020] sd 0:0:0:0: [sda] Write Protect is off
[    0.806023] sd 0:0:0:0: [sda] Mode Sense: 00 3a 00 00
[    0.806043] sd 0:0:0:0: [sda] Write cache: enabled, read cache: enabled, doesn't support DPO or FUA
[    0.806206] sd 0:0:0:0: Attached scsi generic sg0 type 0
[    0.807115]  sda: sda1 sda2
[    0.815901] sd 0:0:0:0: [sda] Attached SCSI disk
[    0.819269] Freeing unused decrypted memory: 2040K
[    0.820245] Freeing unused kernel image memory: 2728K
[    0.820248] Write protecting the kernel read-only data: 22528k
[    0.821275] Freeing unused kernel image memory: 2036K
[    0.821839] Freeing unused kernel image memory: 1428K
[    0.848685] x86/mm: Checked W+X mappings: passed, no W+X pages found.
[    0.848690] Run /init as init process
[    0.957764] ACPI: Video Device [GFX0] (multi-head: yes  rom: no  post: no)
[    0.957836] input: Video Bus as /devices/LNXSYSTM:00/LNXSYBUS:00/PNP0A03:00/LNXVIDEO:00/input/input4
[    0.970375] pcnet32: pcnet32.c:v1.35 21.Apr.2008 tsbogend@alpha.franken.de
[    0.971165] pcnet32: PCnet/FAST III 79C973 at 0xd020, 08:00:27:e2:08:86 assigned IRQ 19
[    0.971209] pcnet32: Found PHY 0022:561b at address 0
[    0.971532] pcnet32: eth0: registered as PCnet/FAST III 79C973
[    0.973121] piix4_smbus 0000:00:07.0: SMBus Host Controller at 0x4100, revision 0
[    0.975751] e1000: Intel(R) PRO/1000 Network Driver - version 7.3.21-k8-NAPI
[    0.975752] e1000: Copyright (c) 1999-2006 Intel Corporation.
[    0.981816] pcnet32: 1 cards_found
[    1.050569] pcnet32 0000:00:03.0 enp0s3: renamed from eth0
[    1.190925] input: ImExPS/2 Generic Explorer Mouse as /devices/platform/i8042/serio1/input/input5
[    1.388024] e1000 0000:00:08.0 eth0: (PCI:33MHz:32-bit) 08:00:27:90:08:4d
[    1.388029] e1000 0000:00:08.0 eth0: Intel(R) PRO/1000 Network Connection
[    1.760046] e1000 0000:00:09.0 eth1: (PCI:33MHz:32-bit) 08:00:27:57:6e:a7
[    1.760050] e1000 0000:00:09.0 eth1: Intel(R) PRO/1000 Network Connection
[    1.761234] e1000 0000:00:09.0 enp0s9: renamed from eth1
[    1.763051] e1000 0000:00:08.0 enp0s8: renamed from eth0
[    1.916159] EXT4-fs (sda2): mounted filesystem with ordered data mode. Opts: (null)
[    1.997241] systemd[1]: Inserted module 'autofs4'
[    2.006444] systemd[1]: systemd 245.4-4ubuntu3 running in system mode. (+PAM +AUDIT +SELINUX +IMA +APPARMOR +SMACK +SYSVINIT +UTMP +LIBCRYPTSETUP +GCRYPT +GNUTLS +ACL +XZ +LZ4 +SECCOMP +BLKID +ELFUTILS +KMOD +IDN2 -IDN +PCRE2 default-hierarchy=hybrid)
[    2.006472] systemd[1]: Detected virtualization oracle.
[    2.006475] systemd[1]: Detected architecture x86-64.
[    2.007837] systemd[1]: Set hostname to <ztg>.
[    2.132960] systemd[1]: /lib/systemd/system/dbus.socket:5: ListenStream= references a path below legacy directory /var/run/, updating /var/run/dbus/system_bus_socket â†’ /run/dbus/system_bus_socket; please update the unit file accordingly.
[    2.186330] systemd[1]: Created slice system-modprobe.slice.
[    2.186514] systemd[1]: Created slice User and Session Slice.
[    2.186557] systemd[1]: Started Forward Password Requests to Wall Directory Watch.
[    2.186713] systemd[1]: Set up automount Arbitrary Executable File Formats File System Automount Point.
[    2.186744] systemd[1]: Reached target User and Group Name Lookups.
[    2.186753] systemd[1]: Reached target Remote File Systems.
[    2.186761] systemd[1]: Reached target Slices.
[    2.187266] systemd[1]: Listening on Syslog Socket.
[    2.187336] systemd[1]: Listening on fsck to fsckd communication Socket.
[    2.187373] systemd[1]: Listening on initctl Compatibility Named Pipe.
[    2.187508] systemd[1]: Listening on Journal Audit Socket.
[    2.187560] systemd[1]: Listening on Journal Socket (/dev/log).
[    2.187625] systemd[1]: Listening on Journal Socket.
[    2.187744] systemd[1]: Listening on udev Control Socket.
[    2.187787] systemd[1]: Listening on udev Kernel Socket.
[    2.188538] systemd[1]: Mounting Huge Pages File System...
[    2.189430] systemd[1]: Mounting POSIX Message Queue File System...
[    2.190291] systemd[1]: Mounting Kernel Debug File System...
[    2.191103] systemd[1]: Mounting Kernel Trace File System...
[    2.192987] systemd[1]: Starting Journal Service...
[    2.217803] systemd[1]: Starting Set the console keyboard layout...
[    2.226211] systemd[1]: Starting Create list of static device nodes for the current kernel...
[    2.228246] systemd[1]: Starting Load Kernel Module drm...
[    2.236826] systemd[1]: Condition check resulted in Set Up Additional Binary Formats being skipped.
[    2.236862] systemd[1]: Condition check resulted in File System Check on Root Device being skipped.
[    2.239925] systemd[1]: Starting Load Kernel Modules...
[    2.243830] systemd[1]: Starting Remount Root and Kernel File Systems...
[    2.256510] systemd[1]: Starting udev Coldplug all Devices...
[    2.266641] systemd[1]: Starting Uncomplicated firewall...
[    2.269093] systemd[1]: Mounted Huge Pages File System.
[    2.269183] systemd[1]: Mounted POSIX Message Queue File System.
[    2.269254] systemd[1]: Mounted Kernel Debug File System.
[    2.269324] systemd[1]: Mounted Kernel Trace File System.
[    2.271882] EXT4-fs (sda2): re-mounted. Opts: errors=remount-ro
[    2.280789] systemd[1]: Finished Create list of static device nodes for the current kernel.
[    2.281843] systemd[1]: modprobe@drm.service: Succeeded.
[    2.283340] systemd[1]: Finished Load Kernel Module drm.
[    2.289605] systemd[1]: Finished Remount Root and Kernel File Systems.
[    2.300230] systemd[1]: Finished Uncomplicated firewall.
[    2.319429] lp: driver loaded but no devices found
[    2.321046] systemd[1]: Condition check resulted in Rebuild Hardware Database being skipped.
[    2.321095] systemd[1]: Condition check resulted in Platform Persistent Storage Archival being skipped.
[    2.321776] systemd[1]: Starting Load/Save Random Seed...
[    2.326849] systemd[1]: Starting Create System Users...
[    2.338809] ppdev: user-space parallel port driver
[    2.343753] systemd[1]: Finished Load/Save Random Seed.
[    2.347442] systemd[1]: Finished Create System Users.
[    2.348280] systemd[1]: Starting Create Static Device Nodes in /dev...
[    2.381785] systemd[1]: Finished Create Static Device Nodes in /dev.
[    2.382537] systemd[1]: Starting udev Kernel Device Manager...
[    2.411599] systemd[1]: Finished udev Coldplug all Devices.
[    2.416307] [drm] DMA map mode: Caching DMA mappings.
[    2.416368] [drm] Capabilities:
[    2.416368] [drm]   Rect copy.
[    2.416369] [drm]   Cursor.
[    2.416369] [drm]   Cursor bypass.
[    2.416369] [drm]   Cursor bypass 2.
[    2.416370] [drm]   Alpha cursor.
[    2.416370] [drm]   Extended Fifo.
[    2.416371] [drm]   Pitchlock.
[    2.416371] [drm]   Irq mask.
[    2.416371] [drm]   GMR.
[    2.416372] [drm]   Traces.
[    2.416372] [drm]   GMR2.
[    2.416372] [drm]   Screen Object 2.
[    2.416373] [drm]   Command Buffers.
[    2.416373] [drm]   Command Buffers 2.
[    2.416373] [drm]   Guest Backed Resources.
[    2.416374] [drm] Max GMR ids is 8192
[    2.416375] [drm] Max number of GMR pages is 1048576
[    2.416375] [drm] Max dedicated hypervisor surface memory is 393216 kiB
[    2.416376] [drm] Maximum display memory size is 131072 kiB
[    2.416377] [drm] VRAM at 0xe0000000 size is 131072 kiB
[    2.416377] [drm] MMIO at 0xf0000000 size is 2048 kiB
[    2.439502] [TTM] Zone  kernel: Available graphics memory: 1011736 KiB
[    2.439503] [TTM] Initializing pool allocator
[    2.439506] [TTM] Initializing DMA pool allocator
[    2.439536] [drm] Supports vblank timestamp caching Rev 2 (21.10.2013).
[    2.439536] [drm] No driver support for vblank timestamp query.
[    2.439752] [drm] Screen Target Display device initialized
[    2.439975] [drm] width 720
[    2.439985] [drm] height 400
[    2.439988] [drm] bpp 32
[    2.440503] [drm] Fifo max 0x00200000 min 0x00001000 cap 0x00000355
[    2.441661] [drm] Using command buffers with DMA pool.
[    2.441665] [drm] DX: no.
[    2.441666] [drm] Atomic: yes.
[    2.441666] [drm] SM4_1: no.
[    2.441685] [drm:vmw_host_log [vmwgfx]] *ERROR* Failed to send host log message.
[    2.442567] [drm:vmw_host_log [vmwgfx]] *ERROR* Failed to send host log message.
[    2.458360] fbcon: svgadrmfb (fb0) is primary device
[    2.460484] Console: switching to colour frame buffer device 100x37
[    2.465863] [drm] Initialized vmwgfx 2.15.0 20180704 for 0000:00:02.0 on minor 0
[    2.467250] systemd[1]: Finished Load Kernel Modules.
[    2.468201] systemd[1]: Mounting FUSE Control File System...
[    2.469342] systemd[1]: Mounting Kernel Configuration File System...
[    2.479960] systemd[1]: Starting Apply Kernel Variables...
[    2.501785] systemd[1]: Mounted Kernel Configuration File System.
[    2.504310] systemd[1]: Mounted FUSE Control File System.
[    2.504370] systemd[1]: Condition check resulted in VMware vmblock fuse mount being skipped.
[    2.519806] systemd[1]: Finished Apply Kernel Variables.
[    2.520582] systemd[1]: Finished Set the console keyboard layout.
[    2.520658] systemd[1]: Reached target Local File Systems (Pre).
[    2.522481] systemd[1]: Mounting Mount unit for bare, revision 5...
[    2.524431] systemd[1]: Mounting Mount unit for core18, revision 1705...
[    2.528566] systemd[1]: Mounting Mount unit for core22, revision 2193...
[    2.535433] systemd[1]: Mounting Mount unit for gnome-3-34-1804, revision 24...
[    2.562639] systemd[1]: Mounting Mount unit for gnome-42-2204, revision 226...
[    2.568863] systemd[1]: Mounting Mount unit for gtk-common-themes, revision 1506...
[    2.576338] systemd[1]: Mounting Mount unit for gtk-common-themes, revision 1535...
[    2.586679] systemd[1]: Mounting Mount unit for snap-store, revision 1216...
[    2.590500] systemd[1]: Mounting Mount unit for snap-store, revision 433...
[    2.602838] systemd[1]: Mounting Mount unit for snapd, revision 25577...
[    2.626412] systemd[1]: Started udev Kernel Device Manager.
[    2.626566] systemd[1]: Mounted Mount unit for bare, revision 5.
[    2.626649] systemd[1]: Mounted Mount unit for core18, revision 1705.
[    2.626729] systemd[1]: Mounted Mount unit for core22, revision 2193.
[    2.644249] systemd[1]: Starting Show Plymouth Boot Screen...
[    2.644361] systemd[1]: Mounted Mount unit for gnome-3-34-1804, revision 24.
[    2.644922] systemd[1]: Received SIGRTMIN+20 from PID 285 (plymouthd).
[    2.667185] systemd[1]: Started Show Plymouth Boot Screen.
[    2.667457] systemd[1]: Condition check resulted in Dispatch Password Requests to Console Directory Watch being skipped.
[    2.667549] systemd[1]: Started Forward Password Requests to Plymouth Directory Watch.
[    2.667620] systemd[1]: Reached target Local Encrypted Volumes.
[    2.731902] systemd[1]: Mounted Mount unit for gnome-42-2204, revision 226.
[    2.795921] systemd[1]: Mounted Mount unit for gtk-common-themes, revision 1506.
[    2.796223] systemd[1]: Mounted Mount unit for snap-store, revision 433.
[    2.828927] systemd[1]: Mounted Mount unit for snapd, revision 25577.
[    2.859330] systemd[1]: Mounted Mount unit for gtk-common-themes, revision 1535.
[    2.893181] systemd[1]: Mounted Mount unit for snap-store, revision 1216.
[    2.893390] systemd[1]: Reached target Local File Systems.
[    2.896388] systemd[1]: Starting Load AppArmor profiles...
[    2.897317] systemd[1]: Starting Set console font and keymap...
[    2.907582] systemd[1]: Starting Tell Plymouth To Write Out Runtime Data...
[    2.909955] systemd[1]: Condition check resulted in Store a System Token in an EFI Variable being skipped.
[    2.910018] systemd[1]: Condition check resulted in Commit a transient machine-id on disk being skipped.
[    2.916000] systemd[1]: Finished Set console font and keymap.
[    2.921572] systemd[1]: Received SIGRTMIN+20 from PID 285 (plymouthd).
[    2.922949] systemd[1]: plymouth-read-write.service: Succeeded.
[    2.923178] systemd[1]: Finished Tell Plymouth To Write Out Runtime Data.
[    2.945563] audit: type=1400 audit(1768042858.792:2): apparmor="STATUS" operation="profile_load" profile="unconfined" name="nvidia_modprobe" pid=308 comm="apparmor_parser"
[    2.945565] audit: type=1400 audit(1768042858.792:3): apparmor="STATUS" operation="profile_load" profile="unconfined" name="nvidia_modprobe//kmod" pid=308 comm="apparmor_parser"
[    2.955535] audit: type=1400 audit(1768042858.800:4): apparmor="STATUS" operation="profile_load" profile="unconfined" name="/usr/sbin/tcpdump" pid=309 comm="apparmor_parser"
[    3.001157] audit: type=1400 audit(1768042858.844:5): apparmor="STATUS" operation="profile_load" profile="unconfined" name="/usr/bin/evince" pid=311 comm="apparmor_parser"
[    3.001160] audit: type=1400 audit(1768042858.844:6): apparmor="STATUS" operation="profile_load" profile="unconfined" name="/usr/bin/evince//sanitized_helper" pid=311 comm="apparmor_parser"
[    3.001162] audit: type=1400 audit(1768042858.844:7): apparmor="STATUS" operation="profile_load" profile="unconfined" name="/usr/bin/evince-previewer" pid=311 comm="apparmor_parser"
[    3.001163] audit: type=1400 audit(1768042858.844:8): apparmor="STATUS" operation="profile_load" profile="unconfined" name="/usr/bin/evince-previewer//sanitized_helper" pid=311 comm="apparmor_parser"
[    3.001165] audit: type=1400 audit(1768042858.844:9): apparmor="STATUS" operation="profile_load" profile="unconfined" name="/usr/bin/evince-thumbnailer" pid=311 comm="apparmor_parser"
[    3.017067] audit: type=1400 audit(1768042858.868:10): apparmor="STATUS" operation="profile_load" profile="unconfined" name="/usr/lib/cups/backend/cups-pdf" pid=312 comm="apparmor_parser"
[    3.101295] systemd[1]: Finished Load AppArmor profiles.
[    3.102222] systemd[1]: Starting Load AppArmor profiles managed internally by snapd...
[    3.208062] systemd[1]: Started Journal Service.
[    3.219533] systemd-journald[229]: Received client request to flush runtime journal.
[    3.225619] systemd-journald[229]: File /var/log/journal/c455b248004a419c87ce85eea238d727/system.journal corrupted or uncleanly shut down, renaming and replacing.
[    4.580947] RAPL PMU: API unit is 2^-32 Joules, 0 fixed counters, 10737418240 ms ovfl timer
[    4.630188] cryptd: max_cpu_qlen set to 1000
[    4.708670] AVX2 version of gcm_enc/dec engaged.
[    4.708671] AES CTR mode by8 optimization enabled
[    6.566380] Adding 1998844k swap on /dev/sda1.  Priority:-2 extents:1 across:1998844k FS
[    7.209721] AAAAA: Error looking up destination IP: 369098976 - net/ipv4/ip_output.c: 285: dac_mps_nexthops
[    7.221827] AAAAA: Error looking up destination IP: 369098976 - net/ipv4/ip_output.c: 285: dac_mps_nexthops
[    7.299323] AAAAA: Error looking up destination IP: 4211081440 - net/ipv4/ip_output.c: 285: dac_mps_nexthops
[    7.545647] AAAAA: Error looking up destination IP: 4211081440 - net/ipv4/ip_output.c: 285: dac_mps_nexthops
[    7.789676] AAAAA: Error looking up destination IP: 4211081440 - net/ipv4/ip_output.c: 285: dac_mps_nexthops
[    7.900303] kauditd_printk_skb: 31 callbacks suppressed
[    7.900314] audit: type=1400 audit(1768042863.748:42): apparmor="DENIED" operation="capable" profile="/usr/sbin/cups-browsed" pid=576 comm="cups-browsed" capability=23  capname="sys_nice"
[    7.990516] AAAAA: Error looking up destination IP: 4211081440 - net/ipv4/ip_output.c: 285: dac_mps_nexthops
[    7.999676] AAAAA: Error looking up destination IP: 4211081440 - net/ipv4/ip_output.c: 285: dac_mps_nexthops
[    8.973110] pcnet32 0000:00:03.0 enp0s3: link up, 100Mbps, full-duplex
[    9.001261] AAAAA: Error looking up destination IP: 4211081440 - net/ipv4/ip_output.c: 285: dac_mps_nexthops
[    9.022949] e1000: enp0s8 NIC Link is Up 1000 Mbps Full Duplex, Flow Control: RX
[    9.023224] IPv6: ADDRCONF(NETDEV_CHANGE): enp0s8: link becomes ready
[    9.038410] AAAAA: Error looking up destination IP: 4211081440 - net/ipv4/ip_output.c: 285: dac_mps_nexthops
[    9.049110] e1000: enp0s9 NIC Link is Up 1000 Mbps Full Duplex, Flow Control: RX
[    9.049404] IPv6: ADDRCONF(NETDEV_CHANGE): enp0s9: link becomes ready
[    9.682434] device enp0s3 entered promiscuous mode
[    9.722747] audit: type=1400 audit(1768042865.568:43): apparmor="DENIED" operation="open" profile="/usr/sbin/tcpdump" name="/proc/sys/kernel/random/boot_id" pid=710 comm="tcpdump" requested_mask="r" denied_mask="r" fsuid=0 ouid=0
[    9.723555] audit: type=1400 audit(1768042865.568:44): apparmor="DENIED" operation="open" profile="/usr/sbin/tcpdump" name="/proc/sys/kernel/random/boot_id" pid=710 comm="tcpdump" requested_mask="r" denied_mask="r" fsuid=0 ouid=0
[    9.723625] audit: type=1400 audit(1768042865.568:45): apparmor="DENIED" operation="open" profile="/usr/sbin/tcpdump" name="/proc/sys/kernel/random/boot_id" pid=710 comm="tcpdump" requested_mask="r" denied_mask="r" fsuid=0 ouid=0
[    9.723855] audit: type=1400 audit(1768042865.568:46): apparmor="DENIED" operation="open" profile="/usr/sbin/tcpdump" name="/proc/sys/kernel/random/boot_id" pid=710 comm="tcpdump" requested_mask="r" denied_mask="r" fsuid=0 ouid=0
[    9.747108] audit: type=1400 audit(1768042865.596:47): apparmor="DENIED" operation="open" profile="/usr/sbin/tcpdump" name="/proc/sys/kernel/random/boot_id" pid=711 comm="tcpdump" requested_mask="r" denied_mask="r" fsuid=0 ouid=0
[    9.747977] audit: type=1400 audit(1768042865.596:48): apparmor="DENIED" operation="open" profile="/usr/sbin/tcpdump" name="/proc/sys/kernel/random/boot_id" pid=711 comm="tcpdump" requested_mask="r" denied_mask="r" fsuid=0 ouid=0
[    9.748021] audit: type=1400 audit(1768042865.596:49): apparmor="DENIED" operation="open" profile="/usr/sbin/tcpdump" name="/proc/sys/kernel/random/boot_id" pid=711 comm="tcpdump" requested_mask="r" denied_mask="r" fsuid=0 ouid=0
[    9.748407] audit: type=1400 audit(1768042865.600:50): apparmor="DENIED" operation="open" profile="/usr/sbin/tcpdump" name="/proc/sys/kernel/random/boot_id" pid=711 comm="tcpdump" requested_mask="r" denied_mask="r" fsuid=0 ouid=0
[   15.769320] rfkill: input handler disabled
[  130.363473] rfkill: input handler enabled
[  140.975349] rfkill: input handler disabled
[  274.287366] AAAAA-TCP_FORW: name:enp0s3: saddr:100932208: daddr:16783984
[  274.570376] AAAAA-TCP_FORW: name:enp0s3: saddr:100932208: daddr:16783984
[  274.810028] AAAAA-TCP_FORW: name:enp0s3: saddr:100932208: daddr:16783984
[  274.977453] AAAAA-TCP_FORW: name:enp0s3: saddr:100932208: daddr:16783984
[  275.289561] AAAAA-TCP_FORW: name:enp0s3: saddr:100932208: daddr:16783984
[  275.544700] AAAAA-TCP_FORW: name:enp0s3: saddr:100932208: daddr:16783984
[  275.797834] AAAAA-TCP_FORW: name:enp0s3: saddr:100932208: daddr:16783984
[  275.911035] AAAAA-TCP_FORW: name:enp0s3: saddr:100932208: daddr:16783984
[  276.169906] AAAAA-TCP_FORW: name:enp0s3: saddr:100932208: daddr:16783984
[  458.110891] device enp0s3 left promiscuous mode
