[    0.000000] Linux version 5.4.243-dmptcp (root@ztg) (gcc version 12.2.0 (Debian 12.2.0-14+deb12u1)) #119 SMP Wed Dec 24 23:52:51 CST 2025
[    0.000000] Command line: BOOT_IMAGE=/boot/vmlinuz-5.4.243-dmptcp root=UUID=98415a12-53b7-4144-8265-0f7ece09e445 ro quiet splash
[    0.000000] KERNEL supported cpus:
[    0.000000]   Intel GenuineIntel
[    0.000000]   AMD AuthenticAMD
[    0.000000]   Hygon HygonGenuine
[    0.000000]   Centaur CentaurHauls
[    0.000000]   zhaoxin   Shanghai  
[    0.000000] x86/fpu: Supporting XSAVE feature 0x001: 'x87 floating point registers'
[    0.000000] x86/fpu: Supporting XSAVE feature 0x002: 'SSE registers'
[    0.000000] x86/fpu: Supporting XSAVE feature 0x004: 'AVX registers'
[    0.000000] x86/fpu: xstate_offset[2]:  576, xstate_sizes[2]:  256
[    0.000000] x86/fpu: Enabled xstate features 0x7, context size is 832 bytes, using 'standard' format.
[    0.000000] BIOS-provided physical RAM map:
[    0.000000] BIOS-e820: [mem 0x0000000000000000-0x000000000009fbff] usable
[    0.000000] BIOS-e820: [mem 0x000000000009fc00-0x000000000009ffff] reserved
[    0.000000] BIOS-e820: [mem 0x00000000000f0000-0x00000000000fffff] reserved
[    0.000000] BIOS-e820: [mem 0x0000000000100000-0x000000007ffeffff] usable
[    0.000000] BIOS-e820: [mem 0x000000007fff0000-0x000000007fffffff] ACPI data
[    0.000000] BIOS-e820: [mem 0x00000000fec00000-0x00000000fec00fff] reserved
[    0.000000] BIOS-e820: [mem 0x00000000fee00000-0x00000000fee00fff] reserved
[    0.000000] BIOS-e820: [mem 0x00000000fffc0000-0x00000000ffffffff] reserved
[    0.000000] NX (Execute Disable) protection: active
[    0.000000] SMBIOS 2.5 present.
[    0.000000] DMI: innotek GmbH VirtualBox/VirtualBox, BIOS VirtualBox 12/01/2006
[    0.000000] Hypervisor detected: KVM
[    0.000000] kvm-clock: Using msrs 4b564d01 and 4b564d00
[    0.000000] kvm-clock: cpu 0, msr 6d401001, primary cpu clock
[    0.000000] kvm-clock: using sched offset of 4440544668 cycles
[    0.000003] clocksource: kvm-clock: mask: 0xffffffffffffffff max_cycles: 0x1cd42e4dffb, max_idle_ns: 881590591483 ns
[    0.000005] tsc: Detected 2100.000 MHz processor
[    0.001878] e820: update [mem 0x00000000-0x00000fff] usable ==> reserved
[    0.001880] e820: remove [mem 0x000a0000-0x000fffff] usable
[    0.001884] last_pfn = 0x7fff0 max_arch_pfn = 0x400000000
[    0.001951] MTRR default type: uncachable
[    0.001952] MTRR fixed ranges enabled:
[    0.001954]   00000-9FFFF write-back
[    0.001954]   A0000-BFFFF uncachable
[    0.001955]   C0000-FFFFF write-protect
[    0.001956] MTRR variable ranges enabled:
[    0.001957]   0 base 000000000000 mask 3FFF80000000 write-back
[    0.001958]   1 disabled
[    0.001958]   2 disabled
[    0.001958]   3 disabled
[    0.001959]   4 disabled
[    0.001959]   5 disabled
[    0.001960]   6 disabled
[    0.001960]   7 disabled
[    0.001961]   8 disabled
[    0.001961]   9 disabled
[    0.001961]   10 disabled
[    0.001962]   11 disabled
[    0.001962]   12 disabled
[    0.001963]   13 disabled
[    0.001963]   14 disabled
[    0.001964]   15 disabled
[    0.001981] x86/PAT: Configuration [0-7]: WB  WC  UC- UC  WB  WP  UC- WT  
[    0.002113] found SMP MP-table at [mem 0x0009fff0-0x0009ffff]
[    0.092220] check: Scanning 1 areas for low memory corruption
[    0.092336] RAMDISK: [mem 0x32271000-0x3512ffff]
[    0.092344] ACPI: Early table checksum verification disabled
[    0.092349] ACPI: RSDP 0x00000000000E0000 000024 (v02 VBOX  )
[    0.092354] ACPI: XSDT 0x000000007FFF0030 00003C (v01 VBOX   VBOXXSDT 00000001 ASL  00000061)
[    0.092360] ACPI: FACP 0x000000007FFF00F0 0000F4 (v04 VBOX   VBOXFACP 00000001 ASL  00000061)
[    0.092367] ACPI: DSDT 0x000000007FFF02E0 002353 (v02 VBOX   VBOXBIOS 00000002 VBOX 00029BF3)
[    0.092371] ACPI: FACS 0x000000007FFF0200 000040
[    0.092374] ACPI: FACS 0x000000007FFF0200 000040
[    0.092378] ACPI: APIC 0x000000007FFF0240 000054 (v02 VBOX   VBOXAPIC 00000001 ASL  00000061)
[    0.092381] ACPI: SSDT 0x000000007FFF02A0 000038 (v01 VBOX   VBOXCPUT 00000002 VBOX 00029BF3)
[    0.092385] ACPI: Reserving FACP table memory at [mem 0x7fff00f0-0x7fff01e3]
[    0.092386] ACPI: Reserving DSDT table memory at [mem 0x7fff02e0-0x7fff2632]
[    0.092386] ACPI: Reserving FACS table memory at [mem 0x7fff0200-0x7fff023f]
[    0.092387] ACPI: Reserving FACS table memory at [mem 0x7fff0200-0x7fff023f]
[    0.092388] ACPI: Reserving APIC table memory at [mem 0x7fff0240-0x7fff0293]
[    0.092388] ACPI: Reserving SSDT table memory at [mem 0x7fff02a0-0x7fff02d7]
[    0.092402] ACPI: Local APIC address 0xfee00000
[    0.092585] No NUMA configuration found
[    0.092586] Faking a node at [mem 0x0000000000000000-0x000000007ffeffff]
[    0.092597] NODE_DATA(0) allocated [mem 0x7ffc5000-0x7ffeffff]
[    0.093543] Zone ranges:
[    0.093545]   DMA      [mem 0x0000000000001000-0x0000000000ffffff]
[    0.093546]   DMA32    [mem 0x0000000001000000-0x000000007ffeffff]
[    0.093547]   Normal   empty
[    0.093548]   Device   empty
[    0.093549] Movable zone start for each node
[    0.093551] Early memory node ranges
[    0.093552]   node   0: [mem 0x0000000000001000-0x000000000009efff]
[    0.093552]   node   0: [mem 0x0000000000100000-0x000000007ffeffff]
[    0.094209] Zeroed struct page in unavailable ranges: 114 pages
[    0.094210] Initmem setup node 0 [mem 0x0000000000001000-0x000000007ffeffff]
[    0.094211] On node 0 totalpages: 524174
[    0.094213]   DMA zone: 64 pages used for memmap
[    0.094214]   DMA zone: 21 pages reserved
[    0.094215]   DMA zone: 3998 pages, LIFO batch:0
[    0.094287]   DMA32 zone: 8128 pages used for memmap
[    0.094288]   DMA32 zone: 520176 pages, LIFO batch:63
[    0.103300] ACPI: PM-Timer IO Port: 0x4008
[    0.103303] ACPI: Local APIC address 0xfee00000
[    0.103370] IOAPIC[0]: apic_id 1, version 32, address 0xfec00000, GSI 0-23
[    0.103373] ACPI: INT_SRC_OVR (bus 0 bus_irq 0 global_irq 2 dfl dfl)
[    0.103376] ACPI: INT_SRC_OVR (bus 0 bus_irq 9 global_irq 9 low level)
[    0.103377] ACPI: IRQ0 used by override.
[    0.103378] ACPI: IRQ9 used by override.
[    0.103381] Using ACPI (MADT) for SMP configuration information
[    0.103387] smpboot: Allowing 1 CPUs, 0 hotplug CPUs
[    0.103410] PM: Registered nosave memory: [mem 0x00000000-0x00000fff]
[    0.103412] PM: Registered nosave memory: [mem 0x0009f000-0x0009ffff]
[    0.103412] PM: Registered nosave memory: [mem 0x000a0000-0x000effff]
[    0.103413] PM: Registered nosave memory: [mem 0x000f0000-0x000fffff]
[    0.103414] [mem 0x80000000-0xfebfffff] available for PCI devices
[    0.103415] Booting paravirtualized kernel on KVM
[    0.103418] clocksource: refined-jiffies: mask: 0xffffffff max_cycles: 0xffffffff, max_idle_ns: 7645519600211568 ns
[    0.103423] setup_percpu: NR_CPUS:8192 nr_cpumask_bits:1 nr_cpu_ids:1 nr_node_ids:1
[    0.104321] percpu: Embedded 60 pages/cpu s208896 r8192 d28672 u2097152
[    0.104325] pcpu-alloc: s208896 r8192 d28672 u2097152 alloc=1*2097152
[    0.104326] pcpu-alloc: [0] 0 
[    0.104353] Built 1 zonelists, mobility grouping on.  Total pages: 515961
[    0.104354] Policy zone: DMA32
[    0.104355] Kernel command line: BOOT_IMAGE=/boot/vmlinuz-5.4.243-dmptcp root=UUID=98415a12-53b7-4144-8265-0f7ece09e445 ro quiet splash
[    0.105197] Dentry cache hash table entries: 262144 (order: 9, 2097152 bytes, linear)
[    0.105345] Inode-cache hash table entries: 131072 (order: 8, 1048576 bytes, linear)
[    0.105406] mem auto-init: stack:off, heap alloc:on, heap free:off
[    0.105408] Calgary: detecting Calgary via BIOS EBDA area
[    0.105409] Calgary: Unable to locate Rio Grande table in EBDA - bailing!
[    0.109473] Memory: 1967332K/2096696K available (14339K kernel code, 2399K rwdata, 4716K rodata, 2728K init, 17260K bss, 129364K reserved, 0K cma-reserved)
[    0.110389] SLUB: HWalign=64, Order=0-3, MinObjects=0, CPUs=1, Nodes=1
[    0.110406] ftrace: allocating 43203 entries in 169 pages
[    0.128562] rcu: Hierarchical RCU implementation.
[    0.128564] rcu: 	RCU restricting CPUs from NR_CPUS=8192 to nr_cpu_ids=1.
[    0.128565] 	Tasks RCU enabled.
[    0.128566] rcu: RCU calculated value of scheduler-enlistment delay is 25 jiffies.
[    0.128566] rcu: Adjusting geometry for rcu_fanout_leaf=16, nr_cpu_ids=1
[    0.131542] NR_IRQS: 524544, nr_irqs: 256, preallocated irqs: 16
[    0.131757] random: crng init done
[    0.141011] Console: colour VGA+ 80x25
[    0.141015] printk: console [tty0] enabled
[    0.141035] ACPI: Core revision 20190816
[    0.141140] APIC: Switch to symmetric I/O mode setup
[    0.141394] x2apic enabled
[    0.141632] Switched APIC routing to physical x2apic.
[    0.142760] ..TIMER: vector=0x30 apic1=0 pin1=2 apic2=-1 pin2=-1
[    0.142784] clocksource: tsc-early: mask: 0xffffffffffffffff max_cycles: 0x1e4530a99b6, max_idle_ns: 440795257976 ns
[    0.142789] Calibrating delay loop (skipped) preset value.. 4200.00 BogoMIPS (lpj=8400000)
[    0.142792] pid_max: default: 32768 minimum: 301
[    0.142820] LSM: Security Framework initializing
[    0.142830] Yama: becoming mindful.
[    0.142856] AppArmor: AppArmor initialized
[    0.142890] Mount-cache hash table entries: 4096 (order: 3, 32768 bytes, linear)
[    0.142895] Mountpoint-cache hash table entries: 4096 (order: 3, 32768 bytes, linear)
[    0.142905] *** VALIDATE tmpfs ***
[    0.143035] *** VALIDATE proc ***
[    0.143075] *** VALIDATE cgroup1 ***
[    0.143076] *** VALIDATE cgroup2 ***
[    0.143220] process: using mwait in idle threads
[    0.143225] Last level iTLB entries: 4KB 64, 2MB 8, 4MB 8
[    0.143225] Last level dTLB entries: 4KB 64, 2MB 0, 4MB 0, 1GB 4
[    0.143246] Spectre V1 : Mitigation: usercopy/swapgs barriers and __user pointer sanitization
[    0.143252] Spectre V2 : Mitigation: Retpolines
[    0.143252] Spectre V2 : Spectre v2 / SpectreRSB mitigation: Filling RSB on context switch
[    0.143253] Spectre V2 : Spectre v2 / SpectreRSB : Filling RSB on VMEXIT
[    0.143254] RETBleed: WARNING: Spectre v2 mitigation leaves CPU vulnerable to RETBleed attacks, data leaks possible!
[    0.143608] RETBleed: Vulnerable
[    0.143608] Speculative Store Bypass: Vulnerable
[    0.143613] TAA: Mitigation: TSX disabled
[    0.143613] MMIO Stale Data: Mitigation: Clear CPU buffers
[    0.147887] Freeing SMP alternatives memory: 40K
[    0.260530] smpboot: CPU0: Intel(R) Xeon(R) Silver 4216 CPU @ 2.10GHz (family: 0x6, model: 0x55, stepping: 0x7)
[    0.260669] Performance Events: unsupported p6 CPU model 85 no PMU driver, software events only.
[    0.260708] rcu: Hierarchical SRCU implementation.
[    0.261191] NMI watchdog: Perf NMI watchdog permanently disabled
[    0.261230] smp: Bringing up secondary CPUs ...
[    0.261231] smp: Brought up 1 node, 1 CPU
[    0.261232] smpboot: Max logical packages: 1
[    0.261233] smpboot: Total of 1 processors activated (4200.00 BogoMIPS)
[    0.262215] devtmpfs: initialized
[    0.262263] x86/mm: Memory block size: 128MB
[    0.262614] clocksource: jiffies: mask: 0xffffffff max_cycles: 0xffffffff, max_idle_ns: 7645041785100000 ns
[    0.262620] futex hash table entries: 256 (order: 2, 16384 bytes, linear)
[    0.262665] pinctrl core: initialized pinctrl subsystem
[    0.262768] PM: RTC time: 09:22:33, date: 2026-01-10
[    0.262786] NET: Registered protocol family 16
[    0.262786] audit: initializing netlink subsys (disabled)
[    0.262786] EISA bus registered
[    0.262786] cpuidle: using governor ladder
[    0.262786] cpuidle: using governor menu
[    0.262786] ACPI: bus type PCI registered
[    0.262786] acpiphp: ACPI Hot Plug PCI Controller Driver version: 0.5
[    0.262786] PCI: Using configuration type 1 for base access
[    0.263156] audit: type=2000 audit(1768008159.481:1): state=initialized audit_enabled=0 res=1
[    0.263234] HugeTLB registered 2.00 MiB page size, pre-allocated 0 pages
[    0.264050] ACPI: Added _OSI(Module Device)
[    0.264051] ACPI: Added _OSI(Processor Device)
[    0.264051] ACPI: Added _OSI(3.0 _SCP Extensions)
[    0.264052] ACPI: Added _OSI(Processor Aggregator Device)
[    0.264053] ACPI: Added _OSI(Linux-Dell-Video)
[    0.264054] ACPI: Added _OSI(Linux-Lenovo-NV-HDMI-Audio)
[    0.264055] ACPI: Added _OSI(Linux-HPI-Hybrid-Graphics)
[    0.266204] ACPI: 2 ACPI AML tables successfully acquired and loaded
[    0.267720] ACPI: Interpreter enabled
[    0.267730] ACPI: (supports S0 S5)
[    0.267731] ACPI: Using IOAPIC for interrupt routing
[    0.267936] PCI: Using host bridge windows from ACPI; if necessary, use "pci=nocrs" and report a bug
[    0.268041] ACPI: Enabled 2 GPEs in block 00 to 07
[    0.272829] ACPI: PCI Root Bridge [PCI0] (domain 0000 [bus 00-ff])
[    0.272834] acpi PNP0A03:00: _OSC: OS supports [ASPM ClockPM Segments MSI HPX-Type3]
[    0.273289] acpi PNP0A03:00: _OSC: not requesting OS control; OS requires [ExtendedConfig ASPM ClockPM MSI]
[    0.273297] acpi PNP0A03:00: fail to add MMCONFIG information, can't access extended PCI configuration space under this bridge.
[    0.273664] PCI host bridge to bus 0000:00
[    0.273666] pci_bus 0000:00: root bus resource [io  0x0000-0x0cf7 window]
[    0.273667] pci_bus 0000:00: root bus resource [io  0x0d00-0xffff window]
[    0.273668] pci_bus 0000:00: root bus resource [mem 0x000a0000-0x000bffff window]
[    0.273669] pci_bus 0000:00: root bus resource [mem 0x80000000-0xfdffffff window]
[    0.273671] pci_bus 0000:00: root bus resource [bus 00-ff]
[    0.273714] pci 0000:00:00.0: [8086:1237] type 00 class 0x060000
[    0.274646] pci 0000:00:01.0: [8086:7000] type 00 class 0x060100
[    0.275570] pci 0000:00:01.1: [8086:7111] type 00 class 0x01018a
[    0.275942] pci 0000:00:01.1: reg 0x20: [io  0xd000-0xd00f]
[    0.276095] pci 0000:00:01.1: legacy IDE quirk: reg 0x10: [io  0x01f0-0x01f7]
[    0.276096] pci 0000:00:01.1: legacy IDE quirk: reg 0x14: [io  0x03f6]
[    0.276097] pci 0000:00:01.1: legacy IDE quirk: reg 0x18: [io  0x0170-0x0177]
[    0.276098] pci 0000:00:01.1: legacy IDE quirk: reg 0x1c: [io  0x0376]
[    0.276628] pci 0000:00:02.0: [15ad:0405] type 00 class 0x030000
[    0.278866] pci 0000:00:02.0: reg 0x10: [io  0xd010-0xd01f]
[    0.282833] pci 0000:00:02.0: reg 0x14: [mem 0xe0000000-0xe7ffffff pref]
[    0.285411] pci 0000:00:02.0: reg 0x18: [mem 0xf0000000-0xf01fffff]
[    0.295559] pci 0000:00:03.0: [1022:2000] type 00 class 0x020000
[    0.296234] pci 0000:00:03.0: reg 0x10: [io  0xd020-0xd03f]
[    0.296841] pci 0000:00:03.0: reg 0x14: [mem 0xf0200000-0xf0200fff]
[    0.300213] pci 0000:00:04.0: [80ee:cafe] type 00 class 0x088000
[    0.300895] pci 0000:00:04.0: reg 0x10: [io  0xd040-0xd05f]
[    0.301502] pci 0000:00:04.0: reg 0x14: [mem 0xf0400000-0xf07fffff]
[    0.302110] pci 0000:00:04.0: reg 0x18: [mem 0xf0800000-0xf0803fff pref]
[    0.305296] pci 0000:00:07.0: [8086:7113] type 00 class 0x068000
[    0.307153] pci 0000:00:07.0: quirk: [io  0x4000-0x403f] claimed by PIIX4 ACPI
[    0.307166] pci 0000:00:07.0: quirk: [io  0x4100-0x410f] claimed by PIIX4 SMB
[    0.307772] pci 0000:00:08.0: [8086:100e] type 00 class 0x020000
[    0.308481] pci 0000:00:08.0: reg 0x10: [mem 0xf0820000-0xf083ffff]
[    0.309651] pci 0000:00:08.0: reg 0x18: [io  0xd060-0xd067]
[    0.312403] pci 0000:00:09.0: [8086:100e] type 00 class 0x020000
[    0.313112] pci 0000:00:09.0: reg 0x10: [mem 0xf0840000-0xf085ffff]
[    0.314339] pci 0000:00:09.0: reg 0x18: [io  0xd068-0xd06f]
[    0.323792] ACPI: PCI Interrupt Link [LNKA] (IRQs 5 9 10 *11)
[    0.324076] ACPI: PCI Interrupt Link [LNKB] (IRQs 5 9 *10 11)
[    0.324183] ACPI: PCI Interrupt Link [LNKC] (IRQs 5 *9 10 11)
[    0.324281] ACPI: PCI Interrupt Link [LNKD] (IRQs 5 9 10 *11)
[    0.324544] iommu: Default domain type: Translated 
[    0.324598] pci 0000:00:02.0: vgaarb: setting as boot VGA device
[    0.324600] pci 0000:00:02.0: vgaarb: VGA device added: decodes=io+mem,owns=io+mem,locks=none
[    0.324602] pci 0000:00:02.0: vgaarb: bridge control possible
[    0.324603] vgaarb: loaded
[    0.324813] SCSI subsystem initialized
[    0.324844] libata version 3.00 loaded.
[    0.324871] ACPI: bus type USB registered
[    0.324885] usbcore: registered new interface driver usbfs
[    0.324892] usbcore: registered new interface driver hub
[    0.324897] usbcore: registered new device driver usb
[    0.324922] pps_core: LinuxPPS API ver. 1 registered
[    0.324922] pps_core: Software ver. 5.3.6 - Copyright 2005-2007 Rodolfo Giometti <giometti@linux.it>
[    0.324926] PTP clock support registered
[    0.324959] EDAC MC: Ver: 3.0.0
[    0.326977] PCI: Using ACPI for IRQ routing
[    0.326978] PCI: pci_cache_line_size set to 64 bytes
[    0.327146] e820: reserve RAM buffer [mem 0x0009fc00-0x0009ffff]
[    0.327150] e820: reserve RAM buffer [mem 0x7fff0000-0x7fffffff]
[    0.327959] NetLabel: Initializing
[    0.327960] NetLabel:  domain hash size = 128
[    0.327960] NetLabel:  protocols = UNLABELED CIPSOv4 CALIPSO
[    0.327979] NetLabel:  unlabeled traffic allowed by default
[    0.328877] clocksource: Switched to clocksource kvm-clock
[    0.341306] *** VALIDATE bpf ***
[    0.341363] VFS: Disk quotas dquot_6.6.0
[    0.341376] VFS: Dquot-cache hash table entries: 512 (order 0, 4096 bytes)
[    0.341399] *** VALIDATE ramfs ***
[    0.341402] *** VALIDATE hugetlbfs ***
[    0.341481] AppArmor: AppArmor Filesystem Enabled
[    0.341506] pnp: PnP ACPI init
[    0.341570] pnp 00:00: Plug and Play ACPI device, IDs PNP0303 (active)
[    0.341651] pnp 00:01: Plug and Play ACPI device, IDs PNP0f03 (active)
[    0.342410] pnp: PnP ACPI: found 2 devices
[    0.343378] thermal_sys: Registered thermal governor 'fair_share'
[    0.343379] thermal_sys: Registered thermal governor 'bang_bang'
[    0.343379] thermal_sys: Registered thermal governor 'step_wise'
[    0.343380] thermal_sys: Registered thermal governor 'user_space'
[    0.343380] thermal_sys: Registered thermal governor 'power_allocator'
[    0.347927] clocksource: acpi_pm: mask: 0xffffff max_cycles: 0xffffff, max_idle_ns: 2085701024 ns
[    0.347966] pci_bus 0000:00: resource 4 [io  0x0000-0x0cf7 window]
[    0.347967] pci_bus 0000:00: resource 5 [io  0x0d00-0xffff window]
[    0.347968] pci_bus 0000:00: resource 6 [mem 0x000a0000-0x000bffff window]
[    0.347969] pci_bus 0000:00: resource 7 [mem 0x80000000-0xfdffffff window]
[    0.348027] NET: Registered protocol family 2
[    0.348101] IP idents hash table entries: 32768 (order: 6, 262144 bytes, linear)
[    0.348504] MPTCP tokens hash table entries: 8192 (order: 4, 65536 bytes, linear)
[    0.348527] MPTCP request tokens hash table entries: 8192 (order: 4, 65536 bytes, linear)
[    0.348552] default registered
[    0.348552] default registered
[    0.348553] MPTCP: Stable release v0.96
[    0.348558] tcp_listen_portaddr_hash hash table entries: 1024 (order: 2, 16384 bytes, linear)
[    0.348639] TCP established hash table entries: 16384 (order: 5, 131072 bytes, linear)
[    0.348706] TCP bind hash table entries: 16384 (order: 6, 262144 bytes, linear)
[    0.348731] TCP: Hash tables configured (established 16384 bind 16384)
[    0.349433] UDP hash table entries: 1024 (order: 3, 32768 bytes, linear)
[    0.349445] UDP-Lite hash table entries: 1024 (order: 3, 32768 bytes, linear)
[    0.349480] NET: Registered protocol family 1
[    0.349490] NET: Registered protocol family 44
[    0.349511] pci 0000:00:00.0: Limiting direct PCI/PCI transfers
[    0.349525] pci 0000:00:01.0: Activating ISA DMA hang workarounds
[    0.349576] pci 0000:00:02.0: Video device with shadowed ROM at [mem 0x000c0000-0x000dffff]
[    0.349641] PCI: CLS 0 bytes, default 64
[    0.349685] Trying to unpack rootfs image as initramfs...
[    0.516073] Freeing initrd memory: 47868K
[    0.516073] clocksource: tsc: mask: 0xffffffffffffffff max_cycles: 0x1e4530a99b6, max_idle_ns: 440795257976 ns
[    0.516073] clocksource: Switched to clocksource tsc
[    0.516073] platform rtc_cmos: registered platform RTC device (no PNP device found)
[    0.516073] check: Scanning for low memory corruption every 60 seconds
[    0.516073] Initialise system trusted keyrings
[    0.516073] Key type blacklist registered
[    0.516073] workingset: timestamp_bits=36 max_order=19 bucket_order=0
[    0.516073] zbud: loaded
[    0.516073] squashfs: version 4.0 (2009/01/31) Phillip Lougher
[    0.516073] fuse: init (API version 7.31)
[    0.516073] *** VALIDATE fuse ***
[    0.516073] *** VALIDATE fuse ***
[    0.516073] Platform Keyring initialized
[    0.531012] Key type asymmetric registered
[    0.531014] Asymmetric key parser 'x509' registered
[    0.531023] Block layer SCSI generic (bsg) driver version 0.4 loaded (major 244)
[    0.531062] io scheduler mq-deadline registered
[    0.531183] shpchp: Standard Hot Plug PCI Controller Driver version: 0.4
[    0.531390] ACPI: AC Adapter [AC] (on-line)
[    0.531435] input: Power Button as /devices/LNXSYSTM:00/LNXPWRBN:00/input/input0
[    0.531464] ACPI: Power Button [PWRF]
[    0.531562] input: Sleep Button as /devices/LNXSYSTM:00/LNXSLPBN:00/input/input1
[    0.531576] ACPI: Sleep Button [SLPF]
[    0.531797] Serial: 8250/16550 driver, 32 ports, IRQ sharing enabled
[    0.532941] Linux agpgart interface v0.103
[    0.623094] loop: module loaded
[    0.623261] ata_piix 0000:00:01.1: version 2.13
[    0.623688] scsi host0: ata_piix
[    0.623779] scsi host1: ata_piix
[    0.623805] ata1: PATA max UDMA/33 cmd 0x1f0 ctl 0x3f6 bmdma 0xd000 irq 14
[    0.623806] ata2: PATA max UDMA/33 cmd 0x170 ctl 0x376 bmdma 0xd008 irq 15
[    0.623888] tun: Universal TUN/TAP device driver, 1.6
[    0.624192] PPP generic driver version 2.4.2
[    0.624240] VFIO - User Level meta-driver version: 0.3
[    0.624479] ehci_hcd: USB 2.0 'Enhanced' Host Controller (EHCI) Driver
[    0.624481] ehci-pci: EHCI PCI platform driver
[    0.624498] ehci-platform: EHCI generic platform driver
[    0.624504] ohci_hcd: USB 1.1 'Open' Host Controller (OHCI) Driver
[    0.624506] ohci-pci: OHCI PCI platform driver
[    0.624511] ohci-platform: OHCI generic platform driver
[    0.624516] uhci_hcd: USB Universal Host Controller Interface driver
[    0.624581] i8042: PNP: PS/2 Controller [PNP0303:PS2K,PNP0f03:PS2M] at 0x60,0x64 irq 1,12
[    0.625015] serio: i8042 KBD port at 0x60,0x64 irq 1
[    0.625019] serio: i8042 AUX port at 0x60,0x64 irq 12
[    0.625106] mousedev: PS/2 mouse device common for all mice
[    0.625358] input: AT Translated Set 2 keyboard as /devices/platform/i8042/serio0/input/input2
[    0.625759] rtc_cmos rtc_cmos: registered as rtc0
[    0.625771] rtc_cmos rtc_cmos: alarms up to one day, 114 bytes nvram
[    0.625776] i2c /dev entries driver
[    0.625822] device-mapper: uevent: version 1.0.3
[    0.625863] device-mapper: ioctl: 4.41.0-ioctl (2019-09-16) initialised: dm-devel@redhat.com
[    0.625883] platform eisa.0: Probing EISA bus 0
[    0.625884] platform eisa.0: EISA: Cannot allocate resource for mainboard
[    0.625885] platform eisa.0: Cannot allocate resource for EISA slot 1
[    0.625886] platform eisa.0: Cannot allocate resource for EISA slot 2
[    0.625887] platform eisa.0: Cannot allocate resource for EISA slot 3
[    0.625888] platform eisa.0: Cannot allocate resource for EISA slot 4
[    0.625889] platform eisa.0: Cannot allocate resource for EISA slot 5
[    0.625890] platform eisa.0: Cannot allocate resource for EISA slot 6
[    0.625891] platform eisa.0: Cannot allocate resource for EISA slot 7
[    0.625892] platform eisa.0: Cannot allocate resource for EISA slot 8
[    0.625893] platform eisa.0: EISA: Detected 0 cards
[    0.625896] intel_pstate: CPU model not supported
[    0.625906] ledtrig-cpu: registered to indicate activity on CPUs
[    0.625958] drop_monitor: Initializing network drop monitor service
[    0.626116] NET: Registered protocol family 10
[    0.631073] Segment Routing with IPv6
[    0.631073] fullmesh registered
[    0.631073] ndiffports registered
[    0.631073] binder registered
[    0.631073] roundrobin registered
[    0.631073] mps registered
[    0.631073] redundant registered
[    0.631073] blest registered
[    0.631073] ecf registered
[    0.631073] NET: Registered protocol family 17
[    0.631073] Key type dns_resolver registered
[    0.631073] RAS: Correctable Errors collector initialized.
[    0.631073] IPI shorthand broadcast: enabled
[    0.631073] sched_clock: Marking stable (616034109, 11039090)->(628864544, -1791345)
[    0.631574] registered taskstats version 1
[    0.631585] Loading compiled-in X.509 certificates
[    0.632220] Loaded X.509 cert 'Build time autogenerated kernel key: 6909f3744cebb3d0de528d5887b96a727de79b1e'
[    0.632244] zswap: loaded using pool lzo/zbud
[    0.632322] Key type ._fscrypt registered
[    0.632323] Key type .fscrypt registered
[    0.636975] Key type big_key registered
[    0.639155] Key type encrypted registered
[    0.639158] AppArmor: AppArmor sha1 policy hashing enabled
[    0.639165] ima: No TPM chip found, activating TPM-bypass!
[    0.639169] ima: Allocated hash algorithm: sha1
[    0.639175] ima: No architecture policies found
[    0.639185] evm: Initialising EVM extended attributes:
[    0.639186] evm: security.selinux
[    0.639186] evm: security.SMACK64
[    0.639187] evm: security.SMACK64EXEC
[    0.639187] evm: security.SMACK64TRANSMUTE
[    0.639188] evm: security.SMACK64MMAP
[    0.639188] evm: security.apparmor
[    0.639188] evm: security.ima
[    0.639189] evm: security.capability
[    0.639190] evm: HMAC attrs: 0x1
[    0.639493] PM:   Magic number: 10:495:373
[    0.639529] vc vcsa1: hash matches
[    0.639616] rtc_cmos rtc_cmos: setting system clock to 2026-01-10T09:22:34 UTC (1768036954)
[    0.796209] ata1.00: ATA-6: VBOX HARDDISK, 1.0, max UDMA/133
[    0.796212] ata1.00: 209715200 sectors, multi 128: LBA 
[    0.796848] scsi 0:0:0:0: Direct-Access     ATA      VBOX HARDDISK    1.0  PQ: 0 ANSI: 5
[    0.797126] sd 0:0:0:0: [sda] 209715200 512-byte logical blocks: (107 GB/100 GiB)
[    0.797138] sd 0:0:0:0: [sda] Write Protect is off
[    0.797141] sd 0:0:0:0: [sda] Mode Sense: 00 3a 00 00
[    0.797159] sd 0:0:0:0: [sda] Write cache: enabled, read cache: enabled, doesn't support DPO or FUA
[    0.797469] sd 0:0:0:0: Attached scsi generic sg0 type 0
[    0.798079]  sda: sda1 sda2
[    0.807277] sd 0:0:0:0: [sda] Attached SCSI disk
[    0.812080] Freeing unused decrypted memory: 2040K
[    0.813359] Freeing unused kernel image memory: 2728K
[    0.813363] Write protecting the kernel read-only data: 22528k
[    0.814838] Freeing unused kernel image memory: 2036K
[    0.815558] Freeing unused kernel image memory: 1428K
[    0.849569] x86/mm: Checked W+X mappings: passed, no W+X pages found.
[    0.849575] Run /init as init process
[    0.965813] ACPI: Video Device [GFX0] (multi-head: yes  rom: no  post: no)
[    0.965889] input: Video Bus as /devices/LNXSYSTM:00/LNXSYBUS:00/PNP0A03:00/LNXVIDEO:00/input/input4
[    0.978428] pcnet32: pcnet32.c:v1.35 21.Apr.2008 tsbogend@alpha.franken.de
[    0.982543] piix4_smbus 0000:00:07.0: SMBus Host Controller at 0x4100, revision 0
[    0.985062] e1000: Intel(R) PRO/1000 Network Driver - version 7.3.21-k8-NAPI
[    0.985062] e1000: Copyright (c) 1999-2006 Intel Corporation.
[    0.988275] pcnet32: PCnet/FAST III 79C973 at 0xd020, 08:00:27:48:26:8a assigned IRQ 19
[    0.988320] pcnet32: Found PHY 0022:561b at address 0
[    0.988622] pcnet32: eth0: registered as PCnet/FAST III 79C973
[    0.998195] pcnet32: 1 cards_found
[    1.068041] pcnet32 0000:00:03.0 enp0s3: renamed from eth0
[    1.208315] input: ImExPS/2 Generic Explorer Mouse as /devices/platform/i8042/serio1/input/input5
[    1.403279] e1000 0000:00:08.0 eth0: (PCI:33MHz:32-bit) 08:00:27:1e:03:e2
[    1.403283] e1000 0000:00:08.0 eth0: Intel(R) PRO/1000 Network Connection
[    1.775338] e1000 0000:00:09.0 eth1: (PCI:33MHz:32-bit) 08:00:27:57:c9:eb
[    1.775341] e1000 0000:00:09.0 eth1: Intel(R) PRO/1000 Network Connection
[    1.776556] e1000 0000:00:09.0 enp0s9: renamed from eth1
[    1.778400] e1000 0000:00:08.0 enp0s8: renamed from eth0
[    1.916386] EXT4-fs (sda2): mounted filesystem with ordered data mode. Opts: (null)
[    2.006035] systemd[1]: Inserted module 'autofs4'
[    2.017255] systemd[1]: systemd 245.4-4ubuntu3 running in system mode. (+PAM +AUDIT +SELINUX +IMA +APPARMOR +SMACK +SYSVINIT +UTMP +LIBCRYPTSETUP +GCRYPT +GNUTLS +ACL +XZ +LZ4 +SECCOMP +BLKID +ELFUTILS +KMOD +IDN2 -IDN +PCRE2 default-hierarchy=hybrid)
[    2.017282] systemd[1]: Detected virtualization oracle.
[    2.017285] systemd[1]: Detected architecture x86-64.
[    2.018555] systemd[1]: Set hostname to <ztg>.
[    2.143233] systemd[1]: /lib/systemd/system/dbus.socket:5: ListenStream= references a path below legacy directory /var/run/, updating /var/run/dbus/system_bus_socket â†’ /run/dbus/system_bus_socket; please update the unit file accordingly.
[    2.196746] systemd[1]: Created slice system-modprobe.slice.
[    2.196934] systemd[1]: Created slice User and Session Slice.
[    2.196979] systemd[1]: Started Forward Password Requests to Wall Directory Watch.
[    2.197135] systemd[1]: Set up automount Arbitrary Executable File Formats File System Automount Point.
[    2.197167] systemd[1]: Reached target User and Group Name Lookups.
[    2.197176] systemd[1]: Reached target Remote File Systems.
[    2.197184] systemd[1]: Reached target Slices.
[    2.197994] systemd[1]: Listening on Syslog Socket.
[    2.198063] systemd[1]: Listening on fsck to fsckd communication Socket.
[    2.198100] systemd[1]: Listening on initctl Compatibility Named Pipe.
[    2.198234] systemd[1]: Listening on Journal Audit Socket.
[    2.198286] systemd[1]: Listening on Journal Socket (/dev/log).
[    2.198354] systemd[1]: Listening on Journal Socket.
[    2.198414] systemd[1]: Listening on udev Control Socket.
[    2.198452] systemd[1]: Listening on udev Kernel Socket.
[    2.199227] systemd[1]: Mounting Huge Pages File System...
[    2.200133] systemd[1]: Mounting POSIX Message Queue File System...
[    2.200986] systemd[1]: Mounting Kernel Debug File System...
[    2.201813] systemd[1]: Mounting Kernel Trace File System...
[    2.203757] systemd[1]: Starting Journal Service...
[    2.225469] systemd[1]: Starting Set the console keyboard layout...
[    2.233245] systemd[1]: Starting Create list of static device nodes for the current kernel...
[    2.235059] systemd[1]: Starting Load Kernel Module drm...
[    2.236436] systemd[1]: Condition check resulted in Set Up Additional Binary Formats being skipped.
[    2.236477] systemd[1]: Condition check resulted in File System Check on Root Device being skipped.
[    2.247611] systemd[1]: Starting Load Kernel Modules...
[    2.248887] systemd[1]: Starting Remount Root and Kernel File Systems...
[    2.262836] systemd[1]: Starting udev Coldplug all Devices...
[    2.272370] systemd[1]: Starting Uncomplicated firewall...
[    2.273946] systemd[1]: Mounted Huge Pages File System.
[    2.274070] systemd[1]: Mounted POSIX Message Queue File System.
[    2.274182] systemd[1]: Mounted Kernel Debug File System.
[    2.274286] systemd[1]: Mounted Kernel Trace File System.
[    2.297802] EXT4-fs (sda2): re-mounted. Opts: errors=remount-ro
[    2.318450] systemd[1]: Finished Create list of static device nodes for the current kernel.
[    2.319475] systemd[1]: modprobe@drm.service: Succeeded.
[    2.326560] systemd[1]: Finished Load Kernel Module drm.
[    2.326935] systemd[1]: Finished Remount Root and Kernel File Systems.
[    2.328428] systemd[1]: Finished Uncomplicated firewall.
[    2.343848] systemd[1]: Condition check resulted in Rebuild Hardware Database being skipped.
[    2.343887] systemd[1]: Condition check resulted in Platform Persistent Storage Archival being skipped.
[    2.344553] systemd[1]: Starting Load/Save Random Seed...
[    2.346353] lp: driver loaded but no devices found
[    2.352255] systemd[1]: Starting Create System Users...
[    2.362509] systemd[1]: Finished Load/Save Random Seed.
[    2.364571] ppdev: user-space parallel port driver
[    2.369785] systemd[1]: Finished Create System Users.
[    2.370729] systemd[1]: Starting Create Static Device Nodes in /dev...
[    2.393788] systemd[1]: Finished udev Coldplug all Devices.
[    2.428595] systemd[1]: Finished Create Static Device Nodes in /dev.
[    2.429415] systemd[1]: Starting udev Kernel Device Manager...
[    2.455868] [drm] DMA map mode: Caching DMA mappings.
[    2.455931] [drm] Capabilities:
[    2.455932] [drm]   Rect copy.
[    2.455932] [drm]   Cursor.
[    2.455932] [drm]   Cursor bypass.
[    2.455933] [drm]   Cursor bypass 2.
[    2.455933] [drm]   Alpha cursor.
[    2.455933] [drm]   Extended Fifo.
[    2.455934] [drm]   Pitchlock.
[    2.455934] [drm]   Irq mask.
[    2.455934] [drm]   GMR.
[    2.455935] [drm]   Traces.
[    2.455935] [drm]   GMR2.
[    2.455935] [drm]   Screen Object 2.
[    2.455936] [drm]   Command Buffers.
[    2.455936] [drm]   Command Buffers 2.
[    2.455936] [drm]   Guest Backed Resources.
[    2.455937] [drm] Max GMR ids is 8192
[    2.455938] [drm] Max number of GMR pages is 1048576
[    2.455939] [drm] Max dedicated hypervisor surface memory is 393216 kiB
[    2.455939] [drm] Maximum display memory size is 131072 kiB
[    2.455940] [drm] VRAM at 0xe0000000 size is 131072 kiB
[    2.455940] [drm] MMIO at 0xf0000000 size is 2048 kiB
[    2.456969] [TTM] Zone  kernel: Available graphics memory: 1011736 KiB
[    2.456970] [TTM] Initializing pool allocator
[    2.456973] [TTM] Initializing DMA pool allocator
[    2.457002] [drm] Supports vblank timestamp caching Rev 2 (21.10.2013).
[    2.457002] [drm] No driver support for vblank timestamp query.
[    2.457255] [drm] Screen Target Display device initialized
[    2.457464] [drm] width 720
[    2.457472] [drm] height 400
[    2.457476] [drm] bpp 32
[    2.457998] [drm] Fifo max 0x00200000 min 0x00001000 cap 0x00000355
[    2.459109] [drm] Using command buffers with DMA pool.
[    2.459112] [drm] DX: no.
[    2.459113] [drm] Atomic: yes.
[    2.459113] [drm] SM4_1: no.
[    2.459131] [drm:vmw_host_log [vmwgfx]] *ERROR* Failed to send host log message.
[    2.460230] [drm:vmw_host_log [vmwgfx]] *ERROR* Failed to send host log message.
[    2.471788] fbcon: svgadrmfb (fb0) is primary device
[    2.476006] Console: switching to colour frame buffer device 100x37
[    2.480926] [drm] Initialized vmwgfx 2.15.0 20180704 for 0000:00:02.0 on minor 0
[    2.481825] systemd[1]: Finished Load Kernel Modules.
[    2.482825] systemd[1]: Mounting FUSE Control File System...
[    2.485998] systemd[1]: Mounting Kernel Configuration File System...
[    2.510757] systemd[1]: Starting Apply Kernel Variables...
[    2.520039] systemd[1]: Mounted FUSE Control File System.
[    2.520105] systemd[1]: Condition check resulted in VMware vmblock fuse mount being skipped.
[    2.526475] systemd[1]: Finished Set the console keyboard layout.
[    2.526630] systemd[1]: Mounted Kernel Configuration File System.
[    2.526683] systemd[1]: Reached target Local File Systems (Pre).
[    2.529283] systemd[1]: Mounting Mount unit for bare, revision 5...
[    2.539403] systemd[1]: Mounting Mount unit for core18, revision 1705...
[    2.545153] systemd[1]: Mounting Mount unit for core22, revision 2193...
[    2.553104] systemd[1]: Mounting Mount unit for gnome-3-34-1804, revision 24...
[    2.559812] systemd[1]: Mounting Mount unit for gnome-42-2204, revision 226...
[    2.590827] systemd[1]: Mounting Mount unit for gtk-common-themes, revision 1506...
[    2.597594] systemd[1]: Mounting Mount unit for gtk-common-themes, revision 1535...
[    2.600974] systemd[1]: Mounting Mount unit for snap-store, revision 1216...
[    2.608360] systemd[1]: Mounting Mount unit for snap-store, revision 433...
[    2.623757] systemd[1]: Mounting Mount unit for snapd, revision 25577...
[    2.656476] systemd[1]: Finished Apply Kernel Variables.
[    2.656614] systemd[1]: Started udev Kernel Device Manager.
[    2.656700] systemd[1]: Mounted Mount unit for bare, revision 5.
[    2.656781] systemd[1]: Mounted Mount unit for core18, revision 1705.
[    2.656853] systemd[1]: Mounted Mount unit for core22, revision 2193.
[    2.657857] systemd[1]: Starting Show Plymouth Boot Screen...
[    2.665996] systemd[1]: Mounted Mount unit for gnome-3-34-1804, revision 24.
[    2.666520] systemd[1]: Received SIGRTMIN+20 from PID 282 (plymouthd).
[    2.686771] systemd[1]: Started Show Plymouth Boot Screen.
[    2.686916] systemd[1]: Condition check resulted in Dispatch Password Requests to Console Directory Watch being skipped.
[    2.686996] systemd[1]: Started Forward Password Requests to Plymouth Directory Watch.
[    2.687028] systemd[1]: Reached target Local Encrypted Volumes.
[    2.741368] systemd[1]: Mounted Mount unit for gnome-42-2204, revision 226.
[    2.790866] systemd[1]: Mounted Mount unit for gtk-common-themes, revision 1535.
[    2.791164] systemd[1]: Mounted Mount unit for snapd, revision 25577.
[    2.824151] systemd[1]: Mounted Mount unit for snap-store, revision 433.
[    2.854690] systemd[1]: Mounted Mount unit for snap-store, revision 1216.
[    2.888308] systemd[1]: Mounted Mount unit for gtk-common-themes, revision 1506.
[    2.888522] systemd[1]: Reached target Local File Systems.
[    2.889394] systemd[1]: Starting Load AppArmor profiles...
[    2.892348] systemd[1]: Starting Set console font and keymap...
[    2.903894] systemd[1]: Starting Tell Plymouth To Write Out Runtime Data...
[    2.906236] systemd[1]: Condition check resulted in Store a System Token in an EFI Variable being skipped.
[    2.906294] systemd[1]: Condition check resulted in Commit a transient machine-id on disk being skipped.
[    2.910126] systemd[1]: Finished Set console font and keymap.
[    2.917982] systemd[1]: Received SIGRTMIN+20 from PID 282 (plymouthd).
[    2.919757] systemd[1]: plymouth-read-write.service: Succeeded.
[    2.919987] systemd[1]: Finished Tell Plymouth To Write Out Runtime Data.
[    2.951387] audit: type=1400 audit(1768036956.808:2): apparmor="STATUS" operation="profile_load" profile="unconfined" name="nvidia_modprobe" pid=305 comm="apparmor_parser"
[    2.951389] audit: type=1400 audit(1768036956.808:3): apparmor="STATUS" operation="profile_load" profile="unconfined" name="nvidia_modprobe//kmod" pid=305 comm="apparmor_parser"
[    2.957440] audit: type=1400 audit(1768036956.812:4): apparmor="STATUS" operation="profile_load" profile="unconfined" name="/usr/sbin/tcpdump" pid=306 comm="apparmor_parser"
[    2.996758] audit: type=1400 audit(1768036956.848:5): apparmor="STATUS" operation="profile_load" profile="unconfined" name="/usr/bin/evince" pid=308 comm="apparmor_parser"
[    2.996760] audit: type=1400 audit(1768036956.848:6): apparmor="STATUS" operation="profile_load" profile="unconfined" name="/usr/bin/evince//sanitized_helper" pid=308 comm="apparmor_parser"
[    2.996761] audit: type=1400 audit(1768036956.848:7): apparmor="STATUS" operation="profile_load" profile="unconfined" name="/usr/bin/evince-previewer" pid=308 comm="apparmor_parser"
[    2.996763] audit: type=1400 audit(1768036956.848:8): apparmor="STATUS" operation="profile_load" profile="unconfined" name="/usr/bin/evince-previewer//sanitized_helper" pid=308 comm="apparmor_parser"
[    2.996765] audit: type=1400 audit(1768036956.848:9): apparmor="STATUS" operation="profile_load" profile="unconfined" name="/usr/bin/evince-thumbnailer" pid=308 comm="apparmor_parser"
[    3.012082] audit: type=1400 audit(1768036956.868:10): apparmor="STATUS" operation="profile_load" profile="unconfined" name="/usr/lib/cups/backend/cups-pdf" pid=309 comm="apparmor_parser"
[    3.092394] systemd[1]: Finished Load AppArmor profiles.
[    3.093256] systemd[1]: Starting Load AppArmor profiles managed internally by snapd...
[    3.211187] systemd[1]: Finished Load AppArmor profiles managed internally by snapd.
[    3.214648] systemd[1]: Started Journal Service.
[    3.221100] systemd-journald[229]: Received client request to flush runtime journal.
[    3.239872] systemd-journald[229]: File /var/log/journal/c455b248004a419c87ce85eea238d727/system.journal corrupted or uncleanly shut down, renaming and replacing.
[    4.511179] RAPL PMU: API unit is 2^-32 Joules, 0 fixed counters, 10737418240 ms ovfl timer
[    4.571321] cryptd: max_cpu_qlen set to 1000
[    4.661288] AVX2 version of gcm_enc/dec engaged.
[    4.661290] AES CTR mode by8 optimization enabled
[    6.765785] Adding 1998844k swap on /dev/sda1.  Priority:-2 extents:1 across:1998844k FS
[    7.513174] AAAAA: Error looking up destination IP: 369098976 - net/ipv4/ip_output.c: 285: dac_mps_nexthops
[    7.774590] AAAAA: Error looking up destination IP: 4211081440 - net/ipv4/ip_output.c: 285: dac_mps_nexthops
[    8.027367] AAAAA: Error looking up destination IP: 4211081440 - net/ipv4/ip_output.c: 285: dac_mps_nexthops
[    8.133991] kauditd_printk_skb: 31 callbacks suppressed
[    8.133992] audit: type=1400 audit(1768036961.984:42): apparmor="DENIED" operation="capable" profile="/usr/sbin/cups-browsed" pid=571 comm="cups-browsed" capability=23  capname="sys_nice"
[    8.238545] AAAAA: Error looking up destination IP: 4211081440 - net/ipv4/ip_output.c: 285: dac_mps_nexthops
[    8.293894] AAAAA: Error looking up destination IP: 4211081440 - net/ipv4/ip_output.c: 285: dac_mps_nexthops
[    8.349222] AAAAA: Error looking up destination IP: 369098976 - net/ipv4/ip_output.c: 285: dac_mps_nexthops
[    8.502373] AAAAA: Error looking up destination IP: 4211081440 - net/ipv4/ip_output.c: 285: dac_mps_nexthops
[    9.238728] AAAAA: Error looking up destination IP: 4211081440 - net/ipv4/ip_output.c: 285: dac_mps_nexthops
[    9.275857] pcnet32 0000:00:03.0 enp0s3: link up, 100Mbps, full-duplex
[    9.321850] e1000: enp0s8 NIC Link is Up 1000 Mbps Full Duplex, Flow Control: RX
[    9.322140] IPv6: ADDRCONF(NETDEV_CHANGE): enp0s8: link becomes ready
[    9.346601] e1000: enp0s9 NIC Link is Up 1000 Mbps Full Duplex, Flow Control: RX
[    9.346889] IPv6: ADDRCONF(NETDEV_CHANGE): enp0s9: link becomes ready
[   10.036278] device enp0s3 entered promiscuous mode
[   10.051000] audit: type=1400 audit(1768036963.900:43): apparmor="DENIED" operation="open" profile="/usr/sbin/tcpdump" name="/proc/sys/kernel/random/boot_id" pid=706 comm="tcpdump" requested_mask="r" denied_mask="r" fsuid=0 ouid=0
[   10.051202] audit: type=1400 audit(1768036963.900:44): apparmor="DENIED" operation="open" profile="/usr/sbin/tcpdump" name="/proc/sys/kernel/random/boot_id" pid=706 comm="tcpdump" requested_mask="r" denied_mask="r" fsuid=0 ouid=0
[   10.051305] audit: type=1400 audit(1768036963.900:45): apparmor="DENIED" operation="open" profile="/usr/sbin/tcpdump" name="/proc/sys/kernel/random/boot_id" pid=706 comm="tcpdump" requested_mask="r" denied_mask="r" fsuid=0 ouid=0
[   10.051360] audit: type=1400 audit(1768036963.900:46): apparmor="DENIED" operation="open" profile="/usr/sbin/tcpdump" name="/proc/sys/kernel/random/boot_id" pid=706 comm="tcpdump" requested_mask="r" denied_mask="r" fsuid=0 ouid=0
[   10.060791] audit: type=1400 audit(1768036963.912:47): apparmor="DENIED" operation="open" profile="/usr/sbin/tcpdump" name="/proc/sys/kernel/random/boot_id" pid=707 comm="tcpdump" requested_mask="r" denied_mask="r" fsuid=0 ouid=0
[   10.062197] audit: type=1400 audit(1768036963.912:48): apparmor="DENIED" operation="open" profile="/usr/sbin/tcpdump" name="/proc/sys/kernel/random/boot_id" pid=707 comm="tcpdump" requested_mask="r" denied_mask="r" fsuid=0 ouid=0
[   10.062275] audit: type=1400 audit(1768036963.912:49): apparmor="DENIED" operation="open" profile="/usr/sbin/tcpdump" name="/proc/sys/kernel/random/boot_id" pid=707 comm="tcpdump" requested_mask="r" denied_mask="r" fsuid=0 ouid=0
[   10.062361] audit: type=1400 audit(1768036963.912:50): apparmor="DENIED" operation="open" profile="/usr/sbin/tcpdump" name="/proc/sys/kernel/random/boot_id" pid=707 comm="tcpdump" requested_mask="r" denied_mask="r" fsuid=0 ouid=0
[   16.149144] rfkill: input handler disabled
[  579.188280] rfkill: input handler enabled
[  587.712760] rfkill: input handler disabled
[  792.622499] device enp0s3 left promiscuous mode
