[    0.000000] Linux version 5.4.243-dmptcp (root@ztg) (gcc version 12.2.0 (Debian 12.2.0-14+deb12u1)) #119 SMP Wed Dec 24 23:52:51 CST 2025
[    0.000000] Command line: BOOT_IMAGE=/boot/vmlinuz-5.4.243-dmptcp root=UUID=98415a12-53b7-4144-8265-0f7ece09e445 ro quiet splash
[    0.000000] KERNEL supported cpus:
[    0.000000]   Intel GenuineIntel
[    0.000000]   AMD AuthenticAMD
[    0.000000]   Hygon HygonGenuine
[    0.000000]   Centaur CentaurHauls
[    0.000000]   zhaoxin   Shanghai  
[    0.000000] x86/fpu: Supporting XSAVE feature 0x001: 'x87 floating point registers'
[    0.000000] x86/fpu: Supporting XSAVE feature 0x002: 'SSE registers'
[    0.000000] x86/fpu: Supporting XSAVE feature 0x004: 'AVX registers'
[    0.000000] x86/fpu: xstate_offset[2]:  576, xstate_sizes[2]:  256
[    0.000000] x86/fpu: Enabled xstate features 0x7, context size is 832 bytes, using 'standard' format.
[    0.000000] BIOS-provided physical RAM map:
[    0.000000] BIOS-e820: [mem 0x0000000000000000-0x000000000009fbff] usable
[    0.000000] BIOS-e820: [mem 0x000000000009fc00-0x000000000009ffff] reserved
[    0.000000] BIOS-e820: [mem 0x00000000000f0000-0x00000000000fffff] reserved
[    0.000000] BIOS-e820: [mem 0x0000000000100000-0x000000007ffeffff] usable
[    0.000000] BIOS-e820: [mem 0x000000007fff0000-0x000000007fffffff] ACPI data
[    0.000000] BIOS-e820: [mem 0x00000000fec00000-0x00000000fec00fff] reserved
[    0.000000] BIOS-e820: [mem 0x00000000fee00000-0x00000000fee00fff] reserved
[    0.000000] BIOS-e820: [mem 0x00000000fffc0000-0x00000000ffffffff] reserved
[    0.000000] NX (Execute Disable) protection: active
[    0.000000] SMBIOS 2.5 present.
[    0.000000] DMI: innotek GmbH VirtualBox/VirtualBox, BIOS VirtualBox 12/01/2006
[    0.000000] Hypervisor detected: KVM
[    0.000000] kvm-clock: Using msrs 4b564d01 and 4b564d00
[    0.000000] kvm-clock: cpu 0, msr 75201001, primary cpu clock
[    0.000000] kvm-clock: using sched offset of 4453792374 cycles
[    0.000003] clocksource: kvm-clock: mask: 0xffffffffffffffff max_cycles: 0x1cd42e4dffb, max_idle_ns: 881590591483 ns
[    0.000006] tsc: Detected 2100.000 MHz processor
[    0.001873] e820: update [mem 0x00000000-0x00000fff] usable ==> reserved
[    0.001875] e820: remove [mem 0x000a0000-0x000fffff] usable
[    0.001879] last_pfn = 0x7fff0 max_arch_pfn = 0x400000000
[    0.001947] MTRR default type: uncachable
[    0.001948] MTRR fixed ranges enabled:
[    0.001949]   00000-9FFFF write-back
[    0.001950]   A0000-BFFFF uncachable
[    0.001951]   C0000-FFFFF write-protect
[    0.001951] MTRR variable ranges enabled:
[    0.001953]   0 base 000000000000 mask 3FFF80000000 write-back
[    0.001953]   1 disabled
[    0.001954]   2 disabled
[    0.001954]   3 disabled
[    0.001955]   4 disabled
[    0.001955]   5 disabled
[    0.001956]   6 disabled
[    0.001956]   7 disabled
[    0.001956]   8 disabled
[    0.001957]   9 disabled
[    0.001957]   10 disabled
[    0.001958]   11 disabled
[    0.001958]   12 disabled
[    0.001959]   13 disabled
[    0.001959]   14 disabled
[    0.001959]   15 disabled
[    0.001976] x86/PAT: Configuration [0-7]: WB  WC  UC- UC  WB  WP  UC- WT  
[    0.002111] found SMP MP-table at [mem 0x0009fff0-0x0009ffff]
[    0.090245] check: Scanning 1 areas for low memory corruption
[    0.090361] RAMDISK: [mem 0x32271000-0x3512ffff]
[    0.090370] ACPI: Early table checksum verification disabled
[    0.090375] ACPI: RSDP 0x00000000000E0000 000024 (v02 VBOX  )
[    0.090380] ACPI: XSDT 0x000000007FFF0030 00003C (v01 VBOX   VBOXXSDT 00000001 ASL  00000061)
[    0.090386] ACPI: FACP 0x000000007FFF00F0 0000F4 (v04 VBOX   VBOXFACP 00000001 ASL  00000061)
[    0.090393] ACPI: DSDT 0x000000007FFF02E0 002353 (v02 VBOX   VBOXBIOS 00000002 VBOX 00029BF3)
[    0.090397] ACPI: FACS 0x000000007FFF0200 000040
[    0.090400] ACPI: FACS 0x000000007FFF0200 000040
[    0.090404] ACPI: APIC 0x000000007FFF0240 000054 (v02 VBOX   VBOXAPIC 00000001 ASL  00000061)
[    0.090407] ACPI: SSDT 0x000000007FFF02A0 000038 (v01 VBOX   VBOXCPUT 00000002 VBOX 00029BF3)
[    0.090411] ACPI: Reserving FACP table memory at [mem 0x7fff00f0-0x7fff01e3]
[    0.090411] ACPI: Reserving DSDT table memory at [mem 0x7fff02e0-0x7fff2632]
[    0.090412] ACPI: Reserving FACS table memory at [mem 0x7fff0200-0x7fff023f]
[    0.090413] ACPI: Reserving FACS table memory at [mem 0x7fff0200-0x7fff023f]
[    0.090414] ACPI: Reserving APIC table memory at [mem 0x7fff0240-0x7fff0293]
[    0.090414] ACPI: Reserving SSDT table memory at [mem 0x7fff02a0-0x7fff02d7]
[    0.090428] ACPI: Local APIC address 0xfee00000
[    0.090614] No NUMA configuration found
[    0.090615] Faking a node at [mem 0x0000000000000000-0x000000007ffeffff]
[    0.090625] NODE_DATA(0) allocated [mem 0x7ffc5000-0x7ffeffff]
[    0.091542] Zone ranges:
[    0.091544]   DMA      [mem 0x0000000000001000-0x0000000000ffffff]
[    0.091545]   DMA32    [mem 0x0000000001000000-0x000000007ffeffff]
[    0.091546]   Normal   empty
[    0.091547]   Device   empty
[    0.091548] Movable zone start for each node
[    0.091549] Early memory node ranges
[    0.091550]   node   0: [mem 0x0000000000001000-0x000000000009efff]
[    0.091551]   node   0: [mem 0x0000000000100000-0x000000007ffeffff]
[    0.092201] Zeroed struct page in unavailable ranges: 114 pages
[    0.092203] Initmem setup node 0 [mem 0x0000000000001000-0x000000007ffeffff]
[    0.092204] On node 0 totalpages: 524174
[    0.092206]   DMA zone: 64 pages used for memmap
[    0.092206]   DMA zone: 21 pages reserved
[    0.092207]   DMA zone: 3998 pages, LIFO batch:0
[    0.092281]   DMA32 zone: 8128 pages used for memmap
[    0.092282]   DMA32 zone: 520176 pages, LIFO batch:63
[    0.101179] ACPI: PM-Timer IO Port: 0x4008
[    0.101182] ACPI: Local APIC address 0xfee00000
[    0.101252] IOAPIC[0]: apic_id 1, version 32, address 0xfec00000, GSI 0-23
[    0.101255] ACPI: INT_SRC_OVR (bus 0 bus_irq 0 global_irq 2 dfl dfl)
[    0.101257] ACPI: INT_SRC_OVR (bus 0 bus_irq 9 global_irq 9 low level)
[    0.101259] ACPI: IRQ0 used by override.
[    0.101260] ACPI: IRQ9 used by override.
[    0.101262] Using ACPI (MADT) for SMP configuration information
[    0.101269] smpboot: Allowing 1 CPUs, 0 hotplug CPUs
[    0.101293] PM: Registered nosave memory: [mem 0x00000000-0x00000fff]
[    0.101294] PM: Registered nosave memory: [mem 0x0009f000-0x0009ffff]
[    0.101295] PM: Registered nosave memory: [mem 0x000a0000-0x000effff]
[    0.101296] PM: Registered nosave memory: [mem 0x000f0000-0x000fffff]
[    0.101298] [mem 0x80000000-0xfebfffff] available for PCI devices
[    0.101298] Booting paravirtualized kernel on KVM
[    0.101302] clocksource: refined-jiffies: mask: 0xffffffff max_cycles: 0xffffffff, max_idle_ns: 7645519600211568 ns
[    0.101307] setup_percpu: NR_CPUS:8192 nr_cpumask_bits:1 nr_cpu_ids:1 nr_node_ids:1
[    0.102207] percpu: Embedded 60 pages/cpu s208896 r8192 d28672 u2097152
[    0.102212] pcpu-alloc: s208896 r8192 d28672 u2097152 alloc=1*2097152
[    0.102213] pcpu-alloc: [0] 0 
[    0.102240] Built 1 zonelists, mobility grouping on.  Total pages: 515961
[    0.102241] Policy zone: DMA32
[    0.102242] Kernel command line: BOOT_IMAGE=/boot/vmlinuz-5.4.243-dmptcp root=UUID=98415a12-53b7-4144-8265-0f7ece09e445 ro quiet splash
[    0.103084] Dentry cache hash table entries: 262144 (order: 9, 2097152 bytes, linear)
[    0.103231] Inode-cache hash table entries: 131072 (order: 8, 1048576 bytes, linear)
[    0.103281] mem auto-init: stack:off, heap alloc:on, heap free:off
[    0.103284] Calgary: detecting Calgary via BIOS EBDA area
[    0.103285] Calgary: Unable to locate Rio Grande table in EBDA - bailing!
[    0.107354] Memory: 1967332K/2096696K available (14339K kernel code, 2399K rwdata, 4716K rodata, 2728K init, 17260K bss, 129364K reserved, 0K cma-reserved)
[    0.108287] SLUB: HWalign=64, Order=0-3, MinObjects=0, CPUs=1, Nodes=1
[    0.108304] ftrace: allocating 43203 entries in 169 pages
[    0.126390] rcu: Hierarchical RCU implementation.
[    0.126392] rcu: 	RCU restricting CPUs from NR_CPUS=8192 to nr_cpu_ids=1.
[    0.126393] 	Tasks RCU enabled.
[    0.126394] rcu: RCU calculated value of scheduler-enlistment delay is 25 jiffies.
[    0.126395] rcu: Adjusting geometry for rcu_fanout_leaf=16, nr_cpu_ids=1
[    0.129350] NR_IRQS: 524544, nr_irqs: 256, preallocated irqs: 16
[    0.129564] random: crng init done
[    0.138850] Console: colour VGA+ 80x25
[    0.138855] printk: console [tty0] enabled
[    0.138873] ACPI: Core revision 20190816
[    0.138967] APIC: Switch to symmetric I/O mode setup
[    0.139217] x2apic enabled
[    0.139457] Switched APIC routing to physical x2apic.
[    0.140584] ..TIMER: vector=0x30 apic1=0 pin1=2 apic2=-1 pin2=-1
[    0.140608] clocksource: tsc-early: mask: 0xffffffffffffffff max_cycles: 0x1e4530a99b6, max_idle_ns: 440795257976 ns
[    0.140614] Calibrating delay loop (skipped) preset value.. 4200.00 BogoMIPS (lpj=8400000)
[    0.140616] pid_max: default: 32768 minimum: 301
[    0.140644] LSM: Security Framework initializing
[    0.140653] Yama: becoming mindful.
[    0.140678] AppArmor: AppArmor initialized
[    0.140712] Mount-cache hash table entries: 4096 (order: 3, 32768 bytes, linear)
[    0.140716] Mountpoint-cache hash table entries: 4096 (order: 3, 32768 bytes, linear)
[    0.140726] *** VALIDATE tmpfs ***
[    0.140854] *** VALIDATE proc ***
[    0.140894] *** VALIDATE cgroup1 ***
[    0.140895] *** VALIDATE cgroup2 ***
[    0.141035] process: using mwait in idle threads
[    0.141040] Last level iTLB entries: 4KB 64, 2MB 8, 4MB 8
[    0.141040] Last level dTLB entries: 4KB 64, 2MB 0, 4MB 0, 1GB 4
[    0.141060] Spectre V1 : Mitigation: usercopy/swapgs barriers and __user pointer sanitization
[    0.141066] Spectre V2 : Mitigation: Retpolines
[    0.141066] Spectre V2 : Spectre v2 / SpectreRSB mitigation: Filling RSB on context switch
[    0.141067] Spectre V2 : Spectre v2 / SpectreRSB : Filling RSB on VMEXIT
[    0.141067] RETBleed: WARNING: Spectre v2 mitigation leaves CPU vulnerable to RETBleed attacks, data leaks possible!
[    0.141420] RETBleed: Vulnerable
[    0.141421] Speculative Store Bypass: Vulnerable
[    0.141425] TAA: Mitigation: TSX disabled
[    0.141426] MMIO Stale Data: Mitigation: Clear CPU buffers
[    0.145676] Freeing SMP alternatives memory: 40K
[    0.258063] smpboot: CPU0: Intel(R) Xeon(R) Silver 4216 CPU @ 2.10GHz (family: 0x6, model: 0x55, stepping: 0x7)
[    0.258210] Performance Events: unsupported p6 CPU model 85 no PMU driver, software events only.
[    0.258247] rcu: Hierarchical SRCU implementation.
[    0.258729] NMI watchdog: Perf NMI watchdog permanently disabled
[    0.258767] smp: Bringing up secondary CPUs ...
[    0.258768] smp: Brought up 1 node, 1 CPU
[    0.258769] smpboot: Max logical packages: 1
[    0.258770] smpboot: Total of 1 processors activated (4200.00 BogoMIPS)
[    0.259744] devtmpfs: initialized
[    0.259795] x86/mm: Memory block size: 128MB
[    0.260143] clocksource: jiffies: mask: 0xffffffff max_cycles: 0xffffffff, max_idle_ns: 7645041785100000 ns
[    0.260150] futex hash table entries: 256 (order: 2, 16384 bytes, linear)
[    0.260195] pinctrl core: initialized pinctrl subsystem
[    0.260299] PM: RTC time: 11:26:01, date: 2026-01-11
[    0.260408] NET: Registered protocol family 16
[    0.260482] audit: initializing netlink subsys (disabled)
[    0.260607] EISA bus registered
[    0.260609] cpuidle: using governor ladder
[    0.260609] cpuidle: using governor menu
[    0.260610] ACPI: bus type PCI registered
[    0.260610] acpiphp: ACPI Hot Plug PCI Controller Driver version: 0.5
[    0.260610] PCI: Using configuration type 1 for base access
[    0.261094] audit: type=2000 audit(1768101967.586:1): state=initialized audit_enabled=0 res=1
[    0.261174] HugeTLB registered 2.00 MiB page size, pre-allocated 0 pages
[    0.262016] ACPI: Added _OSI(Module Device)
[    0.262017] ACPI: Added _OSI(Processor Device)
[    0.262018] ACPI: Added _OSI(3.0 _SCP Extensions)
[    0.262019] ACPI: Added _OSI(Processor Aggregator Device)
[    0.262019] ACPI: Added _OSI(Linux-Dell-Video)
[    0.262020] ACPI: Added _OSI(Linux-Lenovo-NV-HDMI-Audio)
[    0.262021] ACPI: Added _OSI(Linux-HPI-Hybrid-Graphics)
[    0.263974] ACPI: 2 ACPI AML tables successfully acquired and loaded
[    0.265490] ACPI: Interpreter enabled
[    0.265499] ACPI: (supports S0 S5)
[    0.265501] ACPI: Using IOAPIC for interrupt routing
[    0.265707] PCI: Using host bridge windows from ACPI; if necessary, use "pci=nocrs" and report a bug
[    0.265811] ACPI: Enabled 2 GPEs in block 00 to 07
[    0.270633] ACPI: PCI Root Bridge [PCI0] (domain 0000 [bus 00-ff])
[    0.270638] acpi PNP0A03:00: _OSC: OS supports [ASPM ClockPM Segments MSI HPX-Type3]
[    0.271080] acpi PNP0A03:00: _OSC: not requesting OS control; OS requires [ExtendedConfig ASPM ClockPM MSI]
[    0.271088] acpi PNP0A03:00: fail to add MMCONFIG information, can't access extended PCI configuration space under this bridge.
[    0.271454] PCI host bridge to bus 0000:00
[    0.271456] pci_bus 0000:00: root bus resource [io  0x0000-0x0cf7 window]
[    0.271457] pci_bus 0000:00: root bus resource [io  0x0d00-0xffff window]
[    0.271458] pci_bus 0000:00: root bus resource [mem 0x000a0000-0x000bffff window]
[    0.271460] pci_bus 0000:00: root bus resource [mem 0x80000000-0xfdffffff window]
[    0.271461] pci_bus 0000:00: root bus resource [bus 00-ff]
[    0.271507] pci 0000:00:00.0: [8086:1237] type 00 class 0x060000
[    0.272441] pci 0000:00:01.0: [8086:7000] type 00 class 0x060100
[    0.273234] pci 0000:00:01.1: [8086:7111] type 00 class 0x01018a
[    0.273600] pci 0000:00:01.1: reg 0x20: [io  0xd000-0xd00f]
[    0.273749] pci 0000:00:01.1: legacy IDE quirk: reg 0x10: [io  0x01f0-0x01f7]
[    0.273750] pci 0000:00:01.1: legacy IDE quirk: reg 0x14: [io  0x03f6]
[    0.273751] pci 0000:00:01.1: legacy IDE quirk: reg 0x18: [io  0x0170-0x0177]
[    0.273752] pci 0000:00:01.1: legacy IDE quirk: reg 0x1c: [io  0x0376]
[    0.274294] pci 0000:00:02.0: [15ad:0405] type 00 class 0x030000
[    0.276701] pci 0000:00:02.0: reg 0x10: [io  0xd010-0xd01f]
[    0.280659] pci 0000:00:02.0: reg 0x14: [mem 0xe0000000-0xe7ffffff pref]
[    0.283332] pci 0000:00:02.0: reg 0x18: [mem 0xf0000000-0xf01fffff]
[    0.293418] pci 0000:00:03.0: [1022:2000] type 00 class 0x020000
[    0.294120] pci 0000:00:03.0: reg 0x10: [io  0xd020-0xd03f]
[    0.294745] pci 0000:00:03.0: reg 0x14: [mem 0xf0200000-0xf0200fff]
[    0.299234] pci 0000:00:04.0: [80ee:cafe] type 00 class 0x088000
[    0.299937] pci 0000:00:04.0: reg 0x10: [io  0xd040-0xd05f]
[    0.300559] pci 0000:00:04.0: reg 0x14: [mem 0xf0400000-0xf07fffff]
[    0.301238] pci 0000:00:04.0: reg 0x18: [mem 0xf0800000-0xf0803fff pref]
[    0.304660] pci 0000:00:07.0: [8086:7113] type 00 class 0x068000
[    0.305207] pci 0000:00:07.0: quirk: [io  0x4000-0x403f] claimed by PIIX4 ACPI
[    0.305219] pci 0000:00:07.0: quirk: [io  0x4100-0x410f] claimed by PIIX4 SMB
[    0.305846] pci 0000:00:08.0: [8086:100e] type 00 class 0x020000
[    0.306632] pci 0000:00:08.0: reg 0x10: [mem 0xf0820000-0xf083ffff]
[    0.307861] pci 0000:00:08.0: reg 0x18: [io  0xd060-0xd067]
[    0.310840] pci 0000:00:09.0: [8086:100e] type 00 class 0x020000
[    0.311550] pci 0000:00:09.0: reg 0x10: [mem 0xf0840000-0xf085ffff]
[    0.313289] pci 0000:00:09.0: reg 0x18: [io  0xd068-0xd06f]
[    0.321742] ACPI: PCI Interrupt Link [LNKA] (IRQs 5 9 10 *11)
[    0.324760] ACPI: PCI Interrupt Link [LNKB] (IRQs 5 9 *10 11)
[    0.324863] ACPI: PCI Interrupt Link [LNKC] (IRQs 5 *9 10 11)
[    0.324965] ACPI: PCI Interrupt Link [LNKD] (IRQs 5 9 10 *11)
[    0.325239] iommu: Default domain type: Translated 
[    0.325293] pci 0000:00:02.0: vgaarb: setting as boot VGA device
[    0.325295] pci 0000:00:02.0: vgaarb: VGA device added: decodes=io+mem,owns=io+mem,locks=none
[    0.325297] pci 0000:00:02.0: vgaarb: bridge control possible
[    0.325298] vgaarb: loaded
[    0.325512] SCSI subsystem initialized
[    0.325543] libata version 3.00 loaded.
[    0.325568] ACPI: bus type USB registered
[    0.325582] usbcore: registered new interface driver usbfs
[    0.325589] usbcore: registered new interface driver hub
[    0.325594] usbcore: registered new device driver usb
[    0.325621] pps_core: LinuxPPS API ver. 1 registered
[    0.325622] pps_core: Software ver. 5.3.6 - Copyright 2005-2007 Rodolfo Giometti <giometti@linux.it>
[    0.325625] PTP clock support registered
[    0.325661] EDAC MC: Ver: 3.0.0
[    0.325946] PCI: Using ACPI for IRQ routing
[    0.325947] PCI: pci_cache_line_size set to 64 bytes
[    0.326117] e820: reserve RAM buffer [mem 0x0009fc00-0x0009ffff]
[    0.326120] e820: reserve RAM buffer [mem 0x7fff0000-0x7fffffff]
[    0.326940] NetLabel: Initializing
[    0.326941] NetLabel:  domain hash size = 128
[    0.326941] NetLabel:  protocols = UNLABELED CIPSOv4 CALIPSO
[    0.326961] NetLabel:  unlabeled traffic allowed by default
[    0.327859] clocksource: Switched to clocksource kvm-clock
[    0.339042] *** VALIDATE bpf ***
[    0.339100] VFS: Disk quotas dquot_6.6.0
[    0.339112] VFS: Dquot-cache hash table entries: 512 (order 0, 4096 bytes)
[    0.339135] *** VALIDATE ramfs ***
[    0.339138] *** VALIDATE hugetlbfs ***
[    0.339228] AppArmor: AppArmor Filesystem Enabled
[    0.339255] pnp: PnP ACPI init
[    0.339326] pnp 00:00: Plug and Play ACPI device, IDs PNP0303 (active)
[    0.339408] pnp 00:01: Plug and Play ACPI device, IDs PNP0f03 (active)
[    0.340138] pnp: PnP ACPI: found 2 devices
[    0.341089] thermal_sys: Registered thermal governor 'fair_share'
[    0.341090] thermal_sys: Registered thermal governor 'bang_bang'
[    0.341091] thermal_sys: Registered thermal governor 'step_wise'
[    0.341091] thermal_sys: Registered thermal governor 'user_space'
[    0.341092] thermal_sys: Registered thermal governor 'power_allocator'
[    0.345610] clocksource: acpi_pm: mask: 0xffffff max_cycles: 0xffffff, max_idle_ns: 2085701024 ns
[    0.345650] pci_bus 0000:00: resource 4 [io  0x0000-0x0cf7 window]
[    0.345651] pci_bus 0000:00: resource 5 [io  0x0d00-0xffff window]
[    0.345652] pci_bus 0000:00: resource 6 [mem 0x000a0000-0x000bffff window]
[    0.345653] pci_bus 0000:00: resource 7 [mem 0x80000000-0xfdffffff window]
[    0.345711] NET: Registered protocol family 2
[    0.345785] IP idents hash table entries: 32768 (order: 6, 262144 bytes, linear)
[    0.346185] MPTCP tokens hash table entries: 8192 (order: 4, 65536 bytes, linear)
[    0.346208] MPTCP request tokens hash table entries: 8192 (order: 4, 65536 bytes, linear)
[    0.346233] default registered
[    0.346233] default registered
[    0.346234] MPTCP: Stable release v0.96
[    0.346239] tcp_listen_portaddr_hash hash table entries: 1024 (order: 2, 16384 bytes, linear)
[    0.346316] TCP established hash table entries: 16384 (order: 5, 131072 bytes, linear)
[    0.346383] TCP bind hash table entries: 16384 (order: 6, 262144 bytes, linear)
[    0.346408] TCP: Hash tables configured (established 16384 bind 16384)
[    0.347109] UDP hash table entries: 1024 (order: 3, 32768 bytes, linear)
[    0.347150] UDP-Lite hash table entries: 1024 (order: 3, 32768 bytes, linear)
[    0.347189] NET: Registered protocol family 1
[    0.347198] NET: Registered protocol family 44
[    0.347228] pci 0000:00:00.0: Limiting direct PCI/PCI transfers
[    0.347240] pci 0000:00:01.0: Activating ISA DMA hang workarounds
[    0.347293] pci 0000:00:02.0: Video device with shadowed ROM at [mem 0x000c0000-0x000dffff]
[    0.347351] PCI: CLS 0 bytes, default 64
[    0.347397] Trying to unpack rootfs image as initramfs...
[    0.515558] Freeing initrd memory: 47868K
[    0.515558] clocksource: tsc: mask: 0xffffffffffffffff max_cycles: 0x1e4530a99b6, max_idle_ns: 440795257976 ns
[    0.515558] clocksource: Switched to clocksource tsc
[    0.515558] platform rtc_cmos: registered platform RTC device (no PNP device found)
[    0.515558] check: Scanning for low memory corruption every 60 seconds
[    0.515558] Initialise system trusted keyrings
[    0.515558] Key type blacklist registered
[    0.515558] workingset: timestamp_bits=36 max_order=19 bucket_order=0
[    0.515558] zbud: loaded
[    0.515558] squashfs: version 4.0 (2009/01/31) Phillip Lougher
[    0.515558] fuse: init (API version 7.31)
[    0.515558] *** VALIDATE fuse ***
[    0.515558] *** VALIDATE fuse ***
[    0.515558] Platform Keyring initialized
[    0.527920] Key type asymmetric registered
[    0.527921] Asymmetric key parser 'x509' registered
[    0.527931] Block layer SCSI generic (bsg) driver version 0.4 loaded (major 244)
[    0.527969] io scheduler mq-deadline registered
[    0.528088] shpchp: Standard Hot Plug PCI Controller Driver version: 0.4
[    0.528290] ACPI: AC Adapter [AC] (on-line)
[    0.528334] input: Power Button as /devices/LNXSYSTM:00/LNXPWRBN:00/input/input0
[    0.528362] ACPI: Power Button [PWRF]
[    0.528436] input: Sleep Button as /devices/LNXSYSTM:00/LNXSLPBN:00/input/input1
[    0.528449] ACPI: Sleep Button [SLPF]
[    0.528666] Serial: 8250/16550 driver, 32 ports, IRQ sharing enabled
[    0.529839] Linux agpgart interface v0.103
[    0.619121] loop: module loaded
[    0.619363] ata_piix 0000:00:01.1: version 2.13
[    0.620027] scsi host0: ata_piix
[    0.620169] scsi host1: ata_piix
[    0.620215] ata1: PATA max UDMA/33 cmd 0x1f0 ctl 0x3f6 bmdma 0xd000 irq 14
[    0.620217] ata2: PATA max UDMA/33 cmd 0x170 ctl 0x376 bmdma 0xd008 irq 15
[    0.620343] tun: Universal TUN/TAP device driver, 1.6
[    0.620821] PPP generic driver version 2.4.2
[    0.620896] VFIO - User Level meta-driver version: 0.3
[    0.621271] ehci_hcd: USB 2.0 'Enhanced' Host Controller (EHCI) Driver
[    0.621276] ehci-pci: EHCI PCI platform driver
[    0.621298] ehci-platform: EHCI generic platform driver
[    0.621308] ohci_hcd: USB 1.1 'Open' Host Controller (OHCI) Driver
[    0.621310] ohci-pci: OHCI PCI platform driver
[    0.621320] ohci-platform: OHCI generic platform driver
[    0.621327] uhci_hcd: USB Universal Host Controller Interface driver
[    0.621424] i8042: PNP: PS/2 Controller [PNP0303:PS2K,PNP0f03:PS2M] at 0x60,0x64 irq 1,12
[    0.622089] serio: i8042 KBD port at 0x60,0x64 irq 1
[    0.622095] serio: i8042 AUX port at 0x60,0x64 irq 12
[    0.622243] mousedev: PS/2 mouse device common for all mice
[    0.622664] input: AT Translated Set 2 keyboard as /devices/platform/i8042/serio0/input/input2
[    0.623393] rtc_cmos rtc_cmos: registered as rtc0
[    0.623413] rtc_cmos rtc_cmos: alarms up to one day, 114 bytes nvram
[    0.623422] i2c /dev entries driver
[    0.623491] device-mapper: uevent: version 1.0.3
[    0.623561] device-mapper: ioctl: 4.41.0-ioctl (2019-09-16) initialised: dm-devel@redhat.com
[    0.623593] platform eisa.0: Probing EISA bus 0
[    0.623596] platform eisa.0: EISA: Cannot allocate resource for mainboard
[    0.623598] platform eisa.0: Cannot allocate resource for EISA slot 1
[    0.623600] platform eisa.0: Cannot allocate resource for EISA slot 2
[    0.623601] platform eisa.0: Cannot allocate resource for EISA slot 3
[    0.623603] platform eisa.0: Cannot allocate resource for EISA slot 4
[    0.623605] platform eisa.0: Cannot allocate resource for EISA slot 5
[    0.623606] platform eisa.0: Cannot allocate resource for EISA slot 6
[    0.623608] platform eisa.0: Cannot allocate resource for EISA slot 7
[    0.623610] platform eisa.0: Cannot allocate resource for EISA slot 8
[    0.623611] platform eisa.0: EISA: Detected 0 cards
[    0.623616] intel_pstate: CPU model not supported
[    0.623631] ledtrig-cpu: registered to indicate activity on CPUs
[    0.623706] drop_monitor: Initializing network drop monitor service
[    0.623973] NET: Registered protocol family 10
[    0.627149] Segment Routing with IPv6
[    0.627149] fullmesh registered
[    0.627149] ndiffports registered
[    0.627149] binder registered
[    0.627149] roundrobin registered
[    0.627149] mps registered
[    0.627149] redundant registered
[    0.627149] blest registered
[    0.627149] ecf registered
[    0.627149] NET: Registered protocol family 17
[    0.627149] Key type dns_resolver registered
[    0.627149] RAS: Correctable Errors collector initialized.
[    0.627149] IPI shorthand broadcast: enabled
[    0.627149] sched_clock: Marking stable (612093062, 11056673)->(625529665, -2379930)
[    0.633632] registered taskstats version 1
[    0.633646] Loading compiled-in X.509 certificates
[    0.634685] Loaded X.509 cert 'Build time autogenerated kernel key: 6909f3744cebb3d0de528d5887b96a727de79b1e'
[    0.634710] zswap: loaded using pool lzo/zbud
[    0.634796] Key type ._fscrypt registered
[    0.634797] Key type .fscrypt registered
[    0.642932] Key type big_key registered
[    0.646753] Key type encrypted registered
[    0.646757] AppArmor: AppArmor sha1 policy hashing enabled
[    0.646767] ima: No TPM chip found, activating TPM-bypass!
[    0.646773] ima: Allocated hash algorithm: sha1
[    0.646782] ima: No architecture policies found
[    0.646795] evm: Initialising EVM extended attributes:
[    0.646796] evm: security.selinux
[    0.646797] evm: security.SMACK64
[    0.646798] evm: security.SMACK64EXEC
[    0.646799] evm: security.SMACK64TRANSMUTE
[    0.646799] evm: security.SMACK64MMAP
[    0.646800] evm: security.apparmor
[    0.646801] evm: security.ima
[    0.646802] evm: security.capability
[    0.646803] evm: HMAC attrs: 0x1
[    0.647319] PM:   Magic number: 10:335:428
[    0.647488] rtc_cmos rtc_cmos: setting system clock to 2026-01-11T11:26:02 UTC (1768130762)
[    0.791151] ata1.00: ATA-6: VBOX HARDDISK, 1.0, max UDMA/133
[    0.791153] ata1.00: 209715200 sectors, multi 128: LBA 
[    0.791651] scsi 0:0:0:0: Direct-Access     ATA      VBOX HARDDISK    1.0  PQ: 0 ANSI: 5
[    0.791859] sd 0:0:0:0: [sda] 209715200 512-byte logical blocks: (107 GB/100 GiB)
[    0.791867] sd 0:0:0:0: [sda] Write Protect is off
[    0.791869] sd 0:0:0:0: [sda] Mode Sense: 00 3a 00 00
[    0.791881] sd 0:0:0:0: [sda] Write cache: enabled, read cache: enabled, doesn't support DPO or FUA
[    0.792103] sd 0:0:0:0: Attached scsi generic sg0 type 0
[    0.792667]  sda: sda1 sda2
[    0.803231] sd 0:0:0:0: [sda] Attached SCSI disk
[    0.805452] Freeing unused decrypted memory: 2040K
[    0.806213] Freeing unused kernel image memory: 2728K
[    0.806215] Write protecting the kernel read-only data: 22528k
[    0.806960] Freeing unused kernel image memory: 2036K
[    0.807402] Freeing unused kernel image memory: 1428K
[    0.824024] x86/mm: Checked W+X mappings: passed, no W+X pages found.
[    0.824028] Run /init as init process
[    0.929909] ACPI: Video Device [GFX0] (multi-head: yes  rom: no  post: no)
[    0.929984] input: Video Bus as /devices/LNXSYSTM:00/LNXSYBUS:00/PNP0A03:00/LNXVIDEO:00/input/input4
[    0.942370] pcnet32: pcnet32.c:v1.35 21.Apr.2008 tsbogend@alpha.franken.de
[    0.944155] piix4_smbus 0000:00:07.0: SMBus Host Controller at 0x4100, revision 0
[    0.946652] e1000: Intel(R) PRO/1000 Network Driver - version 7.3.21-k8-NAPI
[    0.946652] e1000: Copyright (c) 1999-2006 Intel Corporation.
[    0.963507] pcnet32: PCnet/FAST III 79C973 at 0xd020, 08:00:27:a1:f6:ae assigned IRQ 19
[    0.963551] pcnet32: Found PHY 0022:561b at address 0
[    0.963855] pcnet32: eth0: registered as PCnet/FAST III 79C973
[    0.966258] pcnet32: 1 cards_found
[    1.030677] pcnet32 0000:00:03.0 enp0s3: renamed from eth0
[    1.164674] input: ImExPS/2 Generic Explorer Mouse as /devices/platform/i8042/serio1/input/input5
[    1.363552] e1000 0000:00:08.0 eth0: (PCI:33MHz:32-bit) 08:00:27:34:d6:cf
[    1.363557] e1000 0000:00:08.0 eth0: Intel(R) PRO/1000 Network Connection
[    1.735373] e1000 0000:00:09.0 eth1: (PCI:33MHz:32-bit) 08:00:27:bb:92:f3
[    1.735376] e1000 0000:00:09.0 eth1: Intel(R) PRO/1000 Network Connection
[    1.736590] e1000 0000:00:09.0 enp0s9: renamed from eth1
[    1.738449] e1000 0000:00:08.0 enp0s8: renamed from eth0
[    1.893337] EXT4-fs (sda2): mounted filesystem with ordered data mode. Opts: (null)
[    1.985313] systemd[1]: Inserted module 'autofs4'
[    1.997798] systemd[1]: systemd 245.4-4ubuntu3 running in system mode. (+PAM +AUDIT +SELINUX +IMA +APPARMOR +SMACK +SYSVINIT +UTMP +LIBCRYPTSETUP +GCRYPT +GNUTLS +ACL +XZ +LZ4 +SECCOMP +BLKID +ELFUTILS +KMOD +IDN2 -IDN +PCRE2 default-hierarchy=hybrid)
[    1.997834] systemd[1]: Detected virtualization oracle.
[    1.997839] systemd[1]: Detected architecture x86-64.
[    1.999273] systemd[1]: Set hostname to <ztg>.
[    2.138802] systemd[1]: /lib/systemd/system/dbus.socket:5: ListenStream= references a path below legacy directory /var/run/, updating /var/run/dbus/system_bus_socket â†’ /run/dbus/system_bus_socket; please update the unit file accordingly.
[    2.193699] systemd[1]: Created slice system-modprobe.slice.
[    2.193904] systemd[1]: Created slice User and Session Slice.
[    2.193950] systemd[1]: Started Forward Password Requests to Wall Directory Watch.
[    2.194128] systemd[1]: Set up automount Arbitrary Executable File Formats File System Automount Point.
[    2.194161] systemd[1]: Reached target User and Group Name Lookups.
[    2.194169] systemd[1]: Reached target Remote File Systems.
[    2.194177] systemd[1]: Reached target Slices.
[    2.195018] systemd[1]: Listening on Syslog Socket.
[    2.195088] systemd[1]: Listening on fsck to fsckd communication Socket.
[    2.195193] systemd[1]: Listening on initctl Compatibility Named Pipe.
[    2.195343] systemd[1]: Listening on Journal Audit Socket.
[    2.195395] systemd[1]: Listening on Journal Socket (/dev/log).
[    2.195466] systemd[1]: Listening on Journal Socket.
[    2.195531] systemd[1]: Listening on udev Control Socket.
[    2.195572] systemd[1]: Listening on udev Kernel Socket.
[    2.196428] systemd[1]: Mounting Huge Pages File System...
[    2.197475] systemd[1]: Mounting POSIX Message Queue File System...
[    2.198523] systemd[1]: Mounting Kernel Debug File System...
[    2.200014] systemd[1]: Mounting Kernel Trace File System...
[    2.207338] systemd[1]: Starting Journal Service...
[    2.224382] systemd[1]: Starting Set the console keyboard layout...
[    2.229903] systemd[1]: Starting Create list of static device nodes for the current kernel...
[    2.234838] systemd[1]: Starting Load Kernel Module drm...
[    2.237310] systemd[1]: Condition check resulted in Set Up Additional Binary Formats being skipped.
[    2.237369] systemd[1]: Condition check resulted in File System Check on Root Device being skipped.
[    2.242791] systemd[1]: Starting Load Kernel Modules...
[    2.255719] systemd[1]: Starting Remount Root and Kernel File Systems...
[    2.263772] systemd[1]: Starting udev Coldplug all Devices...
[    2.300463] systemd[1]: Starting Uncomplicated firewall...
[    2.301860] systemd[1]: Mounted Huge Pages File System.
[    2.301960] systemd[1]: Mounted POSIX Message Queue File System.
[    2.302040] systemd[1]: Mounted Kernel Debug File System.
[    2.302115] systemd[1]: Mounted Kernel Trace File System.
[    2.308726] EXT4-fs (sda2): re-mounted. Opts: errors=remount-ro
[    2.310788] systemd[1]: Finished Create list of static device nodes for the current kernel.
[    2.320366] systemd[1]: Finished Remount Root and Kernel File Systems.
[    2.320623] systemd[1]: modprobe@drm.service: Succeeded.
[    2.320855] systemd[1]: Finished Load Kernel Module drm.
[    2.323430] systemd[1]: Finished Uncomplicated firewall.
[    2.340362] systemd[1]: Condition check resulted in Rebuild Hardware Database being skipped.
[    2.340396] systemd[1]: Condition check resulted in Platform Persistent Storage Archival being skipped.
[    2.341350] systemd[1]: Starting Load/Save Random Seed...
[    2.347289] systemd[1]: Starting Create System Users...
[    2.352910] lp: driver loaded but no devices found
[    2.357154] systemd[1]: Finished Load/Save Random Seed.
[    2.377155] ppdev: user-space parallel port driver
[    2.385295] systemd[1]: Finished Create System Users.
[    2.386708] systemd[1]: Starting Create Static Device Nodes in /dev...
[    2.423355] systemd[1]: Finished Create Static Device Nodes in /dev.
[    2.424310] systemd[1]: Starting udev Kernel Device Manager...
[    2.435290] systemd[1]: Finished udev Coldplug all Devices.
[    2.459736] [drm] DMA map mode: Caching DMA mappings.
[    2.459960] [drm] Capabilities:
[    2.459961] [drm]   Rect copy.
[    2.459961] [drm]   Cursor.
[    2.459961] [drm]   Cursor bypass.
[    2.459962] [drm]   Cursor bypass 2.
[    2.459962] [drm]   Alpha cursor.
[    2.459962] [drm]   Extended Fifo.
[    2.459963] [drm]   Pitchlock.
[    2.459963] [drm]   Irq mask.
[    2.459963] [drm]   GMR.
[    2.459964] [drm]   Traces.
[    2.459964] [drm]   GMR2.
[    2.459964] [drm]   Screen Object 2.
[    2.459965] [drm]   Command Buffers.
[    2.459965] [drm]   Command Buffers 2.
[    2.459966] [drm]   Guest Backed Resources.
[    2.459967] [drm] Max GMR ids is 8192
[    2.459967] [drm] Max number of GMR pages is 1048576
[    2.459968] [drm] Max dedicated hypervisor surface memory is 393216 kiB
[    2.459968] [drm] Maximum display memory size is 131072 kiB
[    2.459969] [drm] VRAM at 0xe0000000 size is 131072 kiB
[    2.459970] [drm] MMIO at 0xf0000000 size is 2048 kiB
[    2.462328] [TTM] Zone  kernel: Available graphics memory: 1011736 KiB
[    2.462329] [TTM] Initializing pool allocator
[    2.462333] [TTM] Initializing DMA pool allocator
[    2.462414] [drm] Supports vblank timestamp caching Rev 2 (21.10.2013).
[    2.462414] [drm] No driver support for vblank timestamp query.
[    2.462860] [drm] Screen Target Display device initialized
[    2.463455] [drm] width 720
[    2.463467] [drm] height 400
[    2.463470] [drm] bpp 32
[    2.464002] [drm] Fifo max 0x00200000 min 0x00001000 cap 0x00000355
[    2.465692] [drm] Using command buffers with DMA pool.
[    2.465697] [drm] DX: no.
[    2.465698] [drm] Atomic: yes.
[    2.465698] [drm] SM4_1: no.
[    2.465717] [drm:vmw_host_log [vmwgfx]] *ERROR* Failed to send host log message.
[    2.466626] [drm:vmw_host_log [vmwgfx]] *ERROR* Failed to send host log message.
[    2.494296] fbcon: svgadrmfb (fb0) is primary device
[    2.499927] Console: switching to colour frame buffer device 100x37
[    2.507603] systemd[1]: Finished Set the console keyboard layout.
[    2.507711] systemd[1]: Reached target Local File Systems (Pre).
[    2.510239] systemd[1]: Mounting Mount unit for bare, revision 5...
[    2.512678] [drm] Initialized vmwgfx 2.15.0 20180704 for 0000:00:02.0 on minor 0
[    2.512989] systemd[1]: Mounting Mount unit for core18, revision 1705...
[    2.524390] systemd[1]: Mounting Mount unit for core22, revision 2193...
[    2.536076] systemd[1]: Mounting Mount unit for gnome-3-34-1804, revision 24...
[    2.551506] systemd[1]: Mounting Mount unit for gnome-42-2204, revision 226...
[    2.558554] systemd[1]: Mounting Mount unit for gtk-common-themes, revision 1506...
[    2.584513] systemd[1]: Mounting Mount unit for gtk-common-themes, revision 1535...
[    2.586110] systemd[1]: Mounting Mount unit for snap-store, revision 1216...
[    2.596872] systemd[1]: Mounting Mount unit for snap-store, revision 433...
[    2.606612] systemd[1]: Mounting Mount unit for snapd, revision 25577...
[    2.628288] systemd[1]: Finished Load Kernel Modules.
[    2.629423] systemd[1]: Mounted Mount unit for bare, revision 5.
[    2.629510] systemd[1]: Mounted Mount unit for core18, revision 1705.
[    2.629592] systemd[1]: Mounted Mount unit for core22, revision 2193.
[    2.629668] systemd[1]: Mounted Mount unit for gnome-3-34-1804, revision 24.
[    2.629745] systemd[1]: Mounted Mount unit for gnome-42-2204, revision 226.
[    2.663808] systemd[1]: Mounting FUSE Control File System...
[    2.665158] systemd[1]: Mounting Kernel Configuration File System...
[    2.666056] systemd[1]: Starting Apply Kernel Variables...
[    2.667956] systemd[1]: Started udev Kernel Device Manager.
[    2.669094] systemd[1]: Starting Show Plymouth Boot Screen...
[    2.686247] systemd[1]: Mounted FUSE Control File System.
[    2.686353] systemd[1]: Mounted Kernel Configuration File System.
[    2.686423] systemd[1]: Received SIGRTMIN+20 from PID 292 (plymouthd).
[    2.686450] systemd[1]: Condition check resulted in VMware vmblock fuse mount being skipped.
[    2.698027] systemd[1]: Finished Apply Kernel Variables.
[    2.720190] systemd[1]: Mounted Mount unit for gtk-common-themes, revision 1506.
[    2.722166] systemd[1]: Mounted Mount unit for gtk-common-themes, revision 1535.
[    2.722380] systemd[1]: Mounted Mount unit for snap-store, revision 1216.
[    2.722563] systemd[1]: Started Show Plymouth Boot Screen.
[    2.722728] systemd[1]: Condition check resulted in Dispatch Password Requests to Console Directory Watch being skipped.
[    2.722804] systemd[1]: Started Forward Password Requests to Plymouth Directory Watch.
[    2.722867] systemd[1]: Reached target Local Encrypted Volumes.
[    2.800663] systemd[1]: Mounted Mount unit for snap-store, revision 433.
[    2.850309] systemd[1]: Mounted Mount unit for snapd, revision 25577.
[    2.850560] systemd[1]: Reached target Local File Systems.
[    2.853227] systemd[1]: Starting Load AppArmor profiles...
[    2.860187] systemd[1]: Starting Set console font and keymap...
[    2.862519] systemd[1]: Starting Tell Plymouth To Write Out Runtime Data...
[    2.872898] systemd[1]: Condition check resulted in Store a System Token in an EFI Variable being skipped.
[    2.872930] systemd[1]: Condition check resulted in Commit a transient machine-id on disk being skipped.
[    2.873823] systemd[1]: Finished Set console font and keymap.
[    2.882578] systemd[1]: Received SIGRTMIN+20 from PID 292 (plymouthd).
[    2.883993] systemd[1]: plymouth-read-write.service: Succeeded.
[    2.884235] systemd[1]: Finished Tell Plymouth To Write Out Runtime Data.
[    2.904328] audit: type=1400 audit(1768130764.752:2): apparmor="STATUS" operation="profile_load" profile="unconfined" name="nvidia_modprobe" pid=307 comm="apparmor_parser"
[    2.904330] audit: type=1400 audit(1768130764.752:3): apparmor="STATUS" operation="profile_load" profile="unconfined" name="nvidia_modprobe//kmod" pid=307 comm="apparmor_parser"
[    2.915711] audit: type=1400 audit(1768130764.764:4): apparmor="STATUS" operation="profile_load" profile="unconfined" name="/usr/sbin/tcpdump" pid=308 comm="apparmor_parser"
[    2.963411] audit: type=1400 audit(1768130764.804:5): apparmor="STATUS" operation="profile_load" profile="unconfined" name="/usr/bin/evince" pid=310 comm="apparmor_parser"
[    2.963414] audit: type=1400 audit(1768130764.804:6): apparmor="STATUS" operation="profile_load" profile="unconfined" name="/usr/bin/evince//sanitized_helper" pid=310 comm="apparmor_parser"
[    2.963415] audit: type=1400 audit(1768130764.804:7): apparmor="STATUS" operation="profile_load" profile="unconfined" name="/usr/bin/evince-previewer" pid=310 comm="apparmor_parser"
[    2.963417] audit: type=1400 audit(1768130764.804:8): apparmor="STATUS" operation="profile_load" profile="unconfined" name="/usr/bin/evince-previewer//sanitized_helper" pid=310 comm="apparmor_parser"
[    2.963420] audit: type=1400 audit(1768130764.804:9): apparmor="STATUS" operation="profile_load" profile="unconfined" name="/usr/bin/evince-thumbnailer" pid=310 comm="apparmor_parser"
[    2.991628] audit: type=1400 audit(1768130764.840:10): apparmor="STATUS" operation="profile_load" profile="unconfined" name="/usr/lib/cups/backend/cups-pdf" pid=311 comm="apparmor_parser"
[    3.054087] systemd[1]: Finished Load AppArmor profiles.
[    3.055377] systemd[1]: Starting Load AppArmor profiles managed internally by snapd...
[    3.192520] systemd[1]: Finished Load AppArmor profiles managed internally by snapd.
[    3.260055] systemd[1]: Started Journal Service.
[    3.267235] systemd-journald[229]: Received client request to flush runtime journal.
[    3.270706] systemd-journald[229]: File /var/log/journal/c455b248004a419c87ce85eea238d727/system.journal corrupted or uncleanly shut down, renaming and replacing.
[    4.615450] RAPL PMU: API unit is 2^-32 Joules, 0 fixed counters, 10737418240 ms ovfl timer
[    4.623563] cryptd: max_cpu_qlen set to 1000
[    4.631886] AVX2 version of gcm_enc/dec engaged.
[    4.631887] AES CTR mode by8 optimization enabled
[    6.837227] Adding 1998844k swap on /dev/sda1.  Priority:-2 extents:1 across:1998844k FS
[    7.511175] AAAAA: Error looking up destination IP: 369098976 - net/ipv4/ip_output.c: 285: dac_mps_nexthops
[    7.744637] AAAAA: Error looking up destination IP: 4211081440 - net/ipv4/ip_output.c: 285: dac_mps_nexthops
[    7.887152] AAAAA: Error looking up destination IP: 369098976 - net/ipv4/ip_output.c: 285: dac_mps_nexthops
[    8.001815] AAAAA: Error looking up destination IP: 4211081440 - net/ipv4/ip_output.c: 285: dac_mps_nexthops
[    8.255468] AAAAA: Error looking up destination IP: 4211081440 - net/ipv4/ip_output.c: 285: dac_mps_nexthops
[    8.449116] AAAAA: Error looking up destination IP: 4211081440 - net/ipv4/ip_output.c: 285: dac_mps_nexthops
[    8.749612] kauditd_printk_skb: 31 callbacks suppressed
[    8.749625] audit: type=1400 audit(1768130770.596:42): apparmor="DENIED" operation="capable" profile="/usr/sbin/cups-browsed" pid=576 comm="cups-browsed" capability=23  capname="sys_nice"
[    8.848706] AAAAA: Error looking up destination IP: 4211081440 - net/ipv4/ip_output.c: 285: dac_mps_nexthops
[    9.445882] pcnet32 0000:00:03.0 enp0s3: link up, 100Mbps, full-duplex
[    9.477002] e1000: enp0s8 NIC Link is Up 1000 Mbps Full Duplex, Flow Control: RX
[    9.477968] IPv6: ADDRCONF(NETDEV_CHANGE): enp0s8: link becomes ready
[    9.512882] e1000: enp0s9 NIC Link is Up 1000 Mbps Full Duplex, Flow Control: RX
[    9.513181] IPv6: ADDRCONF(NETDEV_CHANGE): enp0s9: link becomes ready
[   10.167052] device enp0s3 entered promiscuous mode
[   10.208609] audit: type=1400 audit(1768130772.056:43): apparmor="DENIED" operation="open" profile="/usr/sbin/tcpdump" name="/proc/sys/kernel/random/boot_id" pid=736 comm="tcpdump" requested_mask="r" denied_mask="r" fsuid=0 ouid=0
[   10.208837] audit: type=1400 audit(1768130772.056:44): apparmor="DENIED" operation="open" profile="/usr/sbin/tcpdump" name="/proc/sys/kernel/random/boot_id" pid=736 comm="tcpdump" requested_mask="r" denied_mask="r" fsuid=0 ouid=0
[   10.208878] audit: type=1400 audit(1768130772.056:45): apparmor="DENIED" operation="open" profile="/usr/sbin/tcpdump" name="/proc/sys/kernel/random/boot_id" pid=736 comm="tcpdump" requested_mask="r" denied_mask="r" fsuid=0 ouid=0
[   10.208964] audit: type=1400 audit(1768130772.056:46): apparmor="DENIED" operation="open" profile="/usr/sbin/tcpdump" name="/proc/sys/kernel/random/boot_id" pid=736 comm="tcpdump" requested_mask="r" denied_mask="r" fsuid=0 ouid=0
[   10.209996] audit: type=1400 audit(1768130772.056:47): apparmor="DENIED" operation="open" profile="/usr/sbin/tcpdump" name="/proc/sys/kernel/random/boot_id" pid=737 comm="tcpdump" requested_mask="r" denied_mask="r" fsuid=0 ouid=0
[   10.210215] audit: type=1400 audit(1768130772.056:48): apparmor="DENIED" operation="open" profile="/usr/sbin/tcpdump" name="/proc/sys/kernel/random/boot_id" pid=737 comm="tcpdump" requested_mask="r" denied_mask="r" fsuid=0 ouid=0
[   10.210255] audit: type=1400 audit(1768130772.056:49): apparmor="DENIED" operation="open" profile="/usr/sbin/tcpdump" name="/proc/sys/kernel/random/boot_id" pid=737 comm="tcpdump" requested_mask="r" denied_mask="r" fsuid=0 ouid=0
[   10.212004] audit: type=1400 audit(1768130772.056:50): apparmor="DENIED" operation="open" profile="/usr/sbin/tcpdump" name="/proc/sys/kernel/random/boot_id" pid=737 comm="tcpdump" requested_mask="r" denied_mask="r" fsuid=0 ouid=0
[   16.201216] rfkill: input handler disabled
[  520.095627] rfkill: input handler enabled
[  528.651762] rfkill: input handler disabled
[  768.177205] device enp0s3 left promiscuous mode
