[    0.000000] Linux version 5.4.243-dmptcp (root@ztg) (gcc version 12.2.0 (Debian 12.2.0-14+deb12u1)) #119 SMP Wed Dec 24 23:52:51 CST 2025
[    0.000000] Command line: BOOT_IMAGE=/boot/vmlinuz-5.4.243-dmptcp root=UUID=98415a12-53b7-4144-8265-0f7ece09e445 ro quiet splash
[    0.000000] KERNEL supported cpus:
[    0.000000]   Intel GenuineIntel
[    0.000000]   AMD AuthenticAMD
[    0.000000]   Hygon HygonGenuine
[    0.000000]   Centaur CentaurHauls
[    0.000000]   zhaoxin   Shanghai  
[    0.000000] x86/fpu: Supporting XSAVE feature 0x001: 'x87 floating point registers'
[    0.000000] x86/fpu: Supporting XSAVE feature 0x002: 'SSE registers'
[    0.000000] x86/fpu: Supporting XSAVE feature 0x004: 'AVX registers'
[    0.000000] x86/fpu: xstate_offset[2]:  576, xstate_sizes[2]:  256
[    0.000000] x86/fpu: Enabled xstate features 0x7, context size is 832 bytes, using 'standard' format.
[    0.000000] BIOS-provided physical RAM map:
[    0.000000] BIOS-e820: [mem 0x0000000000000000-0x000000000009fbff] usable
[    0.000000] BIOS-e820: [mem 0x000000000009fc00-0x000000000009ffff] reserved
[    0.000000] BIOS-e820: [mem 0x00000000000f0000-0x00000000000fffff] reserved
[    0.000000] BIOS-e820: [mem 0x0000000000100000-0x000000007ffeffff] usable
[    0.000000] BIOS-e820: [mem 0x000000007fff0000-0x000000007fffffff] ACPI data
[    0.000000] BIOS-e820: [mem 0x00000000fec00000-0x00000000fec00fff] reserved
[    0.000000] BIOS-e820: [mem 0x00000000fee00000-0x00000000fee00fff] reserved
[    0.000000] BIOS-e820: [mem 0x00000000fffc0000-0x00000000ffffffff] reserved
[    0.000000] NX (Execute Disable) protection: active
[    0.000000] SMBIOS 2.5 present.
[    0.000000] DMI: innotek GmbH VirtualBox/VirtualBox, BIOS VirtualBox 12/01/2006
[    0.000000] Hypervisor detected: KVM
[    0.000000] kvm-clock: Using msrs 4b564d01 and 4b564d00
[    0.000000] kvm-clock: cpu 0, msr 1d801001, primary cpu clock
[    0.000000] kvm-clock: using sched offset of 4500366703 cycles
[    0.000003] clocksource: kvm-clock: mask: 0xffffffffffffffff max_cycles: 0x1cd42e4dffb, max_idle_ns: 881590591483 ns
[    0.000005] tsc: Detected 2100.000 MHz processor
[    0.001896] e820: update [mem 0x00000000-0x00000fff] usable ==> reserved
[    0.001898] e820: remove [mem 0x000a0000-0x000fffff] usable
[    0.001902] last_pfn = 0x7fff0 max_arch_pfn = 0x400000000
[    0.001972] MTRR default type: uncachable
[    0.001973] MTRR fixed ranges enabled:
[    0.001974]   00000-9FFFF write-back
[    0.001975]   A0000-BFFFF uncachable
[    0.001976]   C0000-FFFFF write-protect
[    0.001976] MTRR variable ranges enabled:
[    0.001977]   0 base 000000000000 mask 3FFF80000000 write-back
[    0.001978]   1 disabled
[    0.001979]   2 disabled
[    0.001979]   3 disabled
[    0.001979]   4 disabled
[    0.001980]   5 disabled
[    0.001980]   6 disabled
[    0.001981]   7 disabled
[    0.001981]   8 disabled
[    0.001981]   9 disabled
[    0.001982]   10 disabled
[    0.001982]   11 disabled
[    0.001983]   12 disabled
[    0.001983]   13 disabled
[    0.001984]   14 disabled
[    0.001984]   15 disabled
[    0.002001] x86/PAT: Configuration [0-7]: WB  WC  UC- UC  WB  WP  UC- WT  
[    0.002135] found SMP MP-table at [mem 0x0009fff0-0x0009ffff]
[    0.093939] check: Scanning 1 areas for low memory corruption
[    0.094074] RAMDISK: [mem 0x32271000-0x3512ffff]
[    0.094082] ACPI: Early table checksum verification disabled
[    0.094086] ACPI: RSDP 0x00000000000E0000 000024 (v02 VBOX  )
[    0.094090] ACPI: XSDT 0x000000007FFF0030 00003C (v01 VBOX   VBOXXSDT 00000001 ASL  00000061)
[    0.094097] ACPI: FACP 0x000000007FFF00F0 0000F4 (v04 VBOX   VBOXFACP 00000001 ASL  00000061)
[    0.094103] ACPI: DSDT 0x000000007FFF02E0 002353 (v02 VBOX   VBOXBIOS 00000002 VBOX 00029BF3)
[    0.094107] ACPI: FACS 0x000000007FFF0200 000040
[    0.094110] ACPI: FACS 0x000000007FFF0200 000040
[    0.094113] ACPI: APIC 0x000000007FFF0240 000054 (v02 VBOX   VBOXAPIC 00000001 ASL  00000061)
[    0.094117] ACPI: SSDT 0x000000007FFF02A0 000038 (v01 VBOX   VBOXCPUT 00000002 VBOX 00029BF3)
[    0.094120] ACPI: Reserving FACP table memory at [mem 0x7fff00f0-0x7fff01e3]
[    0.094121] ACPI: Reserving DSDT table memory at [mem 0x7fff02e0-0x7fff2632]
[    0.094122] ACPI: Reserving FACS table memory at [mem 0x7fff0200-0x7fff023f]
[    0.094123] ACPI: Reserving FACS table memory at [mem 0x7fff0200-0x7fff023f]
[    0.094123] ACPI: Reserving APIC table memory at [mem 0x7fff0240-0x7fff0293]
[    0.094124] ACPI: Reserving SSDT table memory at [mem 0x7fff02a0-0x7fff02d7]
[    0.094137] ACPI: Local APIC address 0xfee00000
[    0.094325] No NUMA configuration found
[    0.094326] Faking a node at [mem 0x0000000000000000-0x000000007ffeffff]
[    0.094337] NODE_DATA(0) allocated [mem 0x7ffc5000-0x7ffeffff]
[    0.095273] Zone ranges:
[    0.095274]   DMA      [mem 0x0000000000001000-0x0000000000ffffff]
[    0.095275]   DMA32    [mem 0x0000000001000000-0x000000007ffeffff]
[    0.095276]   Normal   empty
[    0.095277]   Device   empty
[    0.095278] Movable zone start for each node
[    0.095280] Early memory node ranges
[    0.095281]   node   0: [mem 0x0000000000001000-0x000000000009efff]
[    0.095281]   node   0: [mem 0x0000000000100000-0x000000007ffeffff]
[    0.095930] Zeroed struct page in unavailable ranges: 114 pages
[    0.095931] Initmem setup node 0 [mem 0x0000000000001000-0x000000007ffeffff]
[    0.095933] On node 0 totalpages: 524174
[    0.095934]   DMA zone: 64 pages used for memmap
[    0.095934]   DMA zone: 21 pages reserved
[    0.095935]   DMA zone: 3998 pages, LIFO batch:0
[    0.096007]   DMA32 zone: 8128 pages used for memmap
[    0.096008]   DMA32 zone: 520176 pages, LIFO batch:63
[    0.105264] ACPI: PM-Timer IO Port: 0x4008
[    0.105267] ACPI: Local APIC address 0xfee00000
[    0.105333] IOAPIC[0]: apic_id 1, version 32, address 0xfec00000, GSI 0-23
[    0.105336] ACPI: INT_SRC_OVR (bus 0 bus_irq 0 global_irq 2 dfl dfl)
[    0.105338] ACPI: INT_SRC_OVR (bus 0 bus_irq 9 global_irq 9 low level)
[    0.105339] ACPI: IRQ0 used by override.
[    0.105340] ACPI: IRQ9 used by override.
[    0.105343] Using ACPI (MADT) for SMP configuration information
[    0.105350] smpboot: Allowing 1 CPUs, 0 hotplug CPUs
[    0.105370] PM: Registered nosave memory: [mem 0x00000000-0x00000fff]
[    0.105372] PM: Registered nosave memory: [mem 0x0009f000-0x0009ffff]
[    0.105372] PM: Registered nosave memory: [mem 0x000a0000-0x000effff]
[    0.105373] PM: Registered nosave memory: [mem 0x000f0000-0x000fffff]
[    0.105374] [mem 0x80000000-0xfebfffff] available for PCI devices
[    0.105375] Booting paravirtualized kernel on KVM
[    0.105378] clocksource: refined-jiffies: mask: 0xffffffff max_cycles: 0xffffffff, max_idle_ns: 7645519600211568 ns
[    0.105382] setup_percpu: NR_CPUS:8192 nr_cpumask_bits:1 nr_cpu_ids:1 nr_node_ids:1
[    0.106193] percpu: Embedded 60 pages/cpu s208896 r8192 d28672 u2097152
[    0.106197] pcpu-alloc: s208896 r8192 d28672 u2097152 alloc=1*2097152
[    0.106198] pcpu-alloc: [0] 0 
[    0.106223] Built 1 zonelists, mobility grouping on.  Total pages: 515961
[    0.106224] Policy zone: DMA32
[    0.106225] Kernel command line: BOOT_IMAGE=/boot/vmlinuz-5.4.243-dmptcp root=UUID=98415a12-53b7-4144-8265-0f7ece09e445 ro quiet splash
[    0.107046] Dentry cache hash table entries: 262144 (order: 9, 2097152 bytes, linear)
[    0.107311] Inode-cache hash table entries: 131072 (order: 8, 1048576 bytes, linear)
[    0.107361] mem auto-init: stack:off, heap alloc:on, heap free:off
[    0.107364] Calgary: detecting Calgary via BIOS EBDA area
[    0.107365] Calgary: Unable to locate Rio Grande table in EBDA - bailing!
[    0.112020] Memory: 1967332K/2096696K available (14339K kernel code, 2399K rwdata, 4716K rodata, 2728K init, 17260K bss, 129364K reserved, 0K cma-reserved)
[    0.112933] SLUB: HWalign=64, Order=0-3, MinObjects=0, CPUs=1, Nodes=1
[    0.112949] ftrace: allocating 43203 entries in 169 pages
[    0.130962] rcu: Hierarchical RCU implementation.
[    0.130964] rcu: 	RCU restricting CPUs from NR_CPUS=8192 to nr_cpu_ids=1.
[    0.130964] 	Tasks RCU enabled.
[    0.130966] rcu: RCU calculated value of scheduler-enlistment delay is 25 jiffies.
[    0.130967] rcu: Adjusting geometry for rcu_fanout_leaf=16, nr_cpu_ids=1
[    0.133926] NR_IRQS: 524544, nr_irqs: 256, preallocated irqs: 16
[    0.134133] random: crng init done
[    0.143386] Console: colour VGA+ 80x25
[    0.143389] printk: console [tty0] enabled
[    0.143405] ACPI: Core revision 20190816
[    0.143502] APIC: Switch to symmetric I/O mode setup
[    0.143747] x2apic enabled
[    0.143986] Switched APIC routing to physical x2apic.
[    0.145099] ..TIMER: vector=0x30 apic1=0 pin1=2 apic2=-1 pin2=-1
[    0.145123] clocksource: tsc-early: mask: 0xffffffffffffffff max_cycles: 0x1e4530a99b6, max_idle_ns: 440795257976 ns
[    0.145127] Calibrating delay loop (skipped) preset value.. 4200.00 BogoMIPS (lpj=8400000)
[    0.145130] pid_max: default: 32768 minimum: 301
[    0.145156] LSM: Security Framework initializing
[    0.145165] Yama: becoming mindful.
[    0.145188] AppArmor: AppArmor initialized
[    0.145221] Mount-cache hash table entries: 4096 (order: 3, 32768 bytes, linear)
[    0.145226] Mountpoint-cache hash table entries: 4096 (order: 3, 32768 bytes, linear)
[    0.145235] *** VALIDATE tmpfs ***
[    0.145363] *** VALIDATE proc ***
[    0.145404] *** VALIDATE cgroup1 ***
[    0.145405] *** VALIDATE cgroup2 ***
[    0.145544] process: using mwait in idle threads
[    0.145549] Last level iTLB entries: 4KB 64, 2MB 8, 4MB 8
[    0.145550] Last level dTLB entries: 4KB 64, 2MB 0, 4MB 0, 1GB 4
[    0.145570] Spectre V1 : Mitigation: usercopy/swapgs barriers and __user pointer sanitization
[    0.145575] Spectre V2 : Mitigation: Retpolines
[    0.145575] Spectre V2 : Spectre v2 / SpectreRSB mitigation: Filling RSB on context switch
[    0.145576] Spectre V2 : Spectre v2 / SpectreRSB : Filling RSB on VMEXIT
[    0.145576] RETBleed: WARNING: Spectre v2 mitigation leaves CPU vulnerable to RETBleed attacks, data leaks possible!
[    0.145928] RETBleed: Vulnerable
[    0.145928] Speculative Store Bypass: Vulnerable
[    0.145933] TAA: Mitigation: TSX disabled
[    0.145933] MMIO Stale Data: Mitigation: Clear CPU buffers
[    0.150094] Freeing SMP alternatives memory: 40K
[    0.262212] smpboot: CPU0: Intel(R) Xeon(R) Silver 4216 CPU @ 2.10GHz (family: 0x6, model: 0x55, stepping: 0x7)
[    0.262298] Performance Events: unsupported p6 CPU model 85 no PMU driver, software events only.
[    0.262332] rcu: Hierarchical SRCU implementation.
[    0.262787] NMI watchdog: Perf NMI watchdog permanently disabled
[    0.262820] smp: Bringing up secondary CPUs ...
[    0.262821] smp: Brought up 1 node, 1 CPU
[    0.262822] smpboot: Max logical packages: 1
[    0.262823] smpboot: Total of 1 processors activated (4200.00 BogoMIPS)
[    0.263739] devtmpfs: initialized
[    0.263780] x86/mm: Memory block size: 128MB
[    0.264092] clocksource: jiffies: mask: 0xffffffff max_cycles: 0xffffffff, max_idle_ns: 7645041785100000 ns
[    0.264095] futex hash table entries: 256 (order: 2, 16384 bytes, linear)
[    0.264131] pinctrl core: initialized pinctrl subsystem
[    0.264223] PM: RTC time: 11:00:39, date: 2026-01-10
[    0.264319] NET: Registered protocol family 16
[    0.264389] audit: initializing netlink subsys (disabled)
[    0.264505] EISA bus registered
[    0.264507] cpuidle: using governor ladder
[    0.264507] cpuidle: using governor menu
[    0.264541] ACPI: bus type PCI registered
[    0.264542] acpiphp: ACPI Hot Plug PCI Controller Driver version: 0.5
[    0.264637] PCI: Using configuration type 1 for base access
[    0.265166] audit: type=2000 audit(1768014045.843:1): state=initialized audit_enabled=0 res=1
[    0.265235] HugeTLB registered 2.00 MiB page size, pre-allocated 0 pages
[    0.265977] ACPI: Added _OSI(Module Device)
[    0.265977] ACPI: Added _OSI(Processor Device)
[    0.265978] ACPI: Added _OSI(3.0 _SCP Extensions)
[    0.265979] ACPI: Added _OSI(Processor Aggregator Device)
[    0.265980] ACPI: Added _OSI(Linux-Dell-Video)
[    0.265980] ACPI: Added _OSI(Linux-Lenovo-NV-HDMI-Audio)
[    0.265981] ACPI: Added _OSI(Linux-HPI-Hybrid-Graphics)
[    0.267910] ACPI: 2 ACPI AML tables successfully acquired and loaded
[    0.269554] ACPI: Interpreter enabled
[    0.269563] ACPI: (supports S0 S5)
[    0.269564] ACPI: Using IOAPIC for interrupt routing
[    0.269766] PCI: Using host bridge windows from ACPI; if necessary, use "pci=nocrs" and report a bug
[    0.269871] ACPI: Enabled 2 GPEs in block 00 to 07
[    0.274663] ACPI: PCI Root Bridge [PCI0] (domain 0000 [bus 00-ff])
[    0.274668] acpi PNP0A03:00: _OSC: OS supports [ASPM ClockPM Segments MSI HPX-Type3]
[    0.275108] acpi PNP0A03:00: _OSC: not requesting OS control; OS requires [ExtendedConfig ASPM ClockPM MSI]
[    0.275116] acpi PNP0A03:00: fail to add MMCONFIG information, can't access extended PCI configuration space under this bridge.
[    0.275487] PCI host bridge to bus 0000:00
[    0.275489] pci_bus 0000:00: root bus resource [io  0x0000-0x0cf7 window]
[    0.275490] pci_bus 0000:00: root bus resource [io  0x0d00-0xffff window]
[    0.275492] pci_bus 0000:00: root bus resource [mem 0x000a0000-0x000bffff window]
[    0.275493] pci_bus 0000:00: root bus resource [mem 0x80000000-0xfdffffff window]
[    0.275494] pci_bus 0000:00: root bus resource [bus 00-ff]
[    0.275536] pci 0000:00:00.0: [8086:1237] type 00 class 0x060000
[    0.276483] pci 0000:00:01.0: [8086:7000] type 00 class 0x060100
[    0.277237] pci 0000:00:01.1: [8086:7111] type 00 class 0x01018a
[    0.277617] pci 0000:00:01.1: reg 0x20: [io  0xd000-0xd00f]
[    0.277774] pci 0000:00:01.1: legacy IDE quirk: reg 0x10: [io  0x01f0-0x01f7]
[    0.277775] pci 0000:00:01.1: legacy IDE quirk: reg 0x14: [io  0x03f6]
[    0.277776] pci 0000:00:01.1: legacy IDE quirk: reg 0x18: [io  0x0170-0x0177]
[    0.277776] pci 0000:00:01.1: legacy IDE quirk: reg 0x1c: [io  0x0376]
[    0.278314] pci 0000:00:02.0: [15ad:0405] type 00 class 0x030000
[    0.281209] pci 0000:00:02.0: reg 0x10: [io  0xd010-0xd01f]
[    0.285174] pci 0000:00:02.0: reg 0x14: [mem 0xe0000000-0xe7ffffff pref]
[    0.287848] pci 0000:00:02.0: reg 0x18: [mem 0xf0000000-0xf01fffff]
[    0.297908] pci 0000:00:03.0: [1022:2000] type 00 class 0x020000
[    0.298610] pci 0000:00:03.0: reg 0x10: [io  0xd020-0xd03f]
[    0.299249] pci 0000:00:03.0: reg 0x14: [mem 0xf0200000-0xf0200fff]
[    0.303646] pci 0000:00:04.0: [80ee:cafe] type 00 class 0x088000
[    0.304352] pci 0000:00:04.0: reg 0x10: [io  0xd040-0xd05f]
[    0.304989] pci 0000:00:04.0: reg 0x14: [mem 0xf0400000-0xf07fffff]
[    0.305243] pci 0000:00:04.0: reg 0x18: [mem 0xf0800000-0xf0803fff pref]
[    0.308841] pci 0000:00:07.0: [8086:7113] type 00 class 0x068000
[    0.309447] pci 0000:00:07.0: quirk: [io  0x4000-0x403f] claimed by PIIX4 ACPI
[    0.309458] pci 0000:00:07.0: quirk: [io  0x4100-0x410f] claimed by PIIX4 SMB
[    0.310045] pci 0000:00:08.0: [1022:2000] type 00 class 0x020000
[    0.310736] pci 0000:00:08.0: reg 0x10: [io  0xd060-0xd07f]
[    0.311362] pci 0000:00:08.0: reg 0x14: [mem 0xf0804000-0xf0804fff]
[    0.314553] pci 0000:00:09.0: [8086:100e] type 00 class 0x020000
[    0.315327] pci 0000:00:09.0: reg 0x10: [mem 0xf0820000-0xf083ffff]
[    0.317241] pci 0000:00:09.0: reg 0x18: [io  0xd080-0xd087]
[    0.326152] ACPI: PCI Interrupt Link [LNKA] (IRQs 5 9 10 *11)
[    0.326445] ACPI: PCI Interrupt Link [LNKB] (IRQs 5 9 *10 11)
[    0.326547] ACPI: PCI Interrupt Link [LNKC] (IRQs 5 *9 10 11)
[    0.326650] ACPI: PCI Interrupt Link [LNKD] (IRQs 5 9 10 *11)
[    0.329271] iommu: Default domain type: Translated 
[    0.329321] pci 0000:00:02.0: vgaarb: setting as boot VGA device
[    0.329323] pci 0000:00:02.0: vgaarb: VGA device added: decodes=io+mem,owns=io+mem,locks=none
[    0.329325] pci 0000:00:02.0: vgaarb: bridge control possible
[    0.329325] vgaarb: loaded
[    0.329511] SCSI subsystem initialized
[    0.329538] libata version 3.00 loaded.
[    0.329562] ACPI: bus type USB registered
[    0.329575] usbcore: registered new interface driver usbfs
[    0.329582] usbcore: registered new interface driver hub
[    0.329589] usbcore: registered new device driver usb
[    0.329614] pps_core: LinuxPPS API ver. 1 registered
[    0.329615] pps_core: Software ver. 5.3.6 - Copyright 2005-2007 Rodolfo Giometti <giometti@linux.it>
[    0.329618] PTP clock support registered
[    0.329650] EDAC MC: Ver: 3.0.0
[    0.329925] PCI: Using ACPI for IRQ routing
[    0.329926] PCI: pci_cache_line_size set to 64 bytes
[    0.330100] e820: reserve RAM buffer [mem 0x0009fc00-0x0009ffff]
[    0.330103] e820: reserve RAM buffer [mem 0x7fff0000-0x7fffffff]
[    0.330893] NetLabel: Initializing
[    0.330894] NetLabel:  domain hash size = 128
[    0.330894] NetLabel:  protocols = UNLABELED CIPSOv4 CALIPSO
[    0.330913] NetLabel:  unlabeled traffic allowed by default
[    0.331786] clocksource: Switched to clocksource kvm-clock
[    0.343215] *** VALIDATE bpf ***
[    0.343270] VFS: Disk quotas dquot_6.6.0
[    0.343281] VFS: Dquot-cache hash table entries: 512 (order 0, 4096 bytes)
[    0.343301] *** VALIDATE ramfs ***
[    0.343304] *** VALIDATE hugetlbfs ***
[    0.343378] AppArmor: AppArmor Filesystem Enabled
[    0.343401] pnp: PnP ACPI init
[    0.343458] pnp 00:00: Plug and Play ACPI device, IDs PNP0303 (active)
[    0.343538] pnp 00:01: Plug and Play ACPI device, IDs PNP0f03 (active)
[    0.344280] pnp: PnP ACPI: found 2 devices
[    0.345214] thermal_sys: Registered thermal governor 'fair_share'
[    0.345214] thermal_sys: Registered thermal governor 'bang_bang'
[    0.345215] thermal_sys: Registered thermal governor 'step_wise'
[    0.345216] thermal_sys: Registered thermal governor 'user_space'
[    0.345217] thermal_sys: Registered thermal governor 'power_allocator'
[    0.349740] clocksource: acpi_pm: mask: 0xffffff max_cycles: 0xffffff, max_idle_ns: 2085701024 ns
[    0.349779] pci_bus 0000:00: resource 4 [io  0x0000-0x0cf7 window]
[    0.349780] pci_bus 0000:00: resource 5 [io  0x0d00-0xffff window]
[    0.349781] pci_bus 0000:00: resource 6 [mem 0x000a0000-0x000bffff window]
[    0.349783] pci_bus 0000:00: resource 7 [mem 0x80000000-0xfdffffff window]
[    0.349836] NET: Registered protocol family 2
[    0.349909] IP idents hash table entries: 32768 (order: 6, 262144 bytes, linear)
[    0.350300] MPTCP tokens hash table entries: 8192 (order: 4, 65536 bytes, linear)
[    0.350322] MPTCP request tokens hash table entries: 8192 (order: 4, 65536 bytes, linear)
[    0.350347] default registered
[    0.350347] default registered
[    0.350348] MPTCP: Stable release v0.96
[    0.350353] tcp_listen_portaddr_hash hash table entries: 1024 (order: 2, 16384 bytes, linear)
[    0.350427] TCP established hash table entries: 16384 (order: 5, 131072 bytes, linear)
[    0.350486] TCP bind hash table entries: 16384 (order: 6, 262144 bytes, linear)
[    0.350511] TCP: Hash tables configured (established 16384 bind 16384)
[    0.351229] UDP hash table entries: 1024 (order: 3, 32768 bytes, linear)
[    0.351240] UDP-Lite hash table entries: 1024 (order: 3, 32768 bytes, linear)
[    0.351276] NET: Registered protocol family 1
[    0.351284] NET: Registered protocol family 44
[    0.351305] pci 0000:00:00.0: Limiting direct PCI/PCI transfers
[    0.351317] pci 0000:00:01.0: Activating ISA DMA hang workarounds
[    0.351374] pci 0000:00:02.0: Video device with shadowed ROM at [mem 0x000c0000-0x000dffff]
[    0.351439] PCI: CLS 0 bytes, default 64
[    0.351482] Trying to unpack rootfs image as initramfs...
[    0.515688] Freeing initrd memory: 47868K
[    0.515688] clocksource: tsc: mask: 0xffffffffffffffff max_cycles: 0x1e4530a99b6, max_idle_ns: 440795257976 ns
[    0.515688] clocksource: Switched to clocksource tsc
[    0.515688] platform rtc_cmos: registered platform RTC device (no PNP device found)
[    0.515688] check: Scanning for low memory corruption every 60 seconds
[    0.515688] Initialise system trusted keyrings
[    0.515688] Key type blacklist registered
[    0.515688] workingset: timestamp_bits=36 max_order=19 bucket_order=0
[    0.515688] zbud: loaded
[    0.515688] squashfs: version 4.0 (2009/01/31) Phillip Lougher
[    0.515688] fuse: init (API version 7.31)
[    0.515688] *** VALIDATE fuse ***
[    0.515688] *** VALIDATE fuse ***
[    0.515688] Platform Keyring initialized
[    0.530284] Key type asymmetric registered
[    0.530285] Asymmetric key parser 'x509' registered
[    0.530295] Block layer SCSI generic (bsg) driver version 0.4 loaded (major 244)
[    0.530337] io scheduler mq-deadline registered
[    0.530453] shpchp: Standard Hot Plug PCI Controller Driver version: 0.4
[    0.530662] ACPI: AC Adapter [AC] (on-line)
[    0.530706] input: Power Button as /devices/LNXSYSTM:00/LNXPWRBN:00/input/input0
[    0.530733] ACPI: Power Button [PWRF]
[    0.530824] input: Sleep Button as /devices/LNXSYSTM:00/LNXSLPBN:00/input/input1
[    0.530838] ACPI: Sleep Button [SLPF]
[    0.531070] Serial: 8250/16550 driver, 32 ports, IRQ sharing enabled
[    0.532202] Linux agpgart interface v0.103
[    0.627031] loop: module loaded
[    0.627163] ata_piix 0000:00:01.1: version 2.13
[    0.627554] scsi host0: ata_piix
[    0.627639] scsi host1: ata_piix
[    0.627664] ata1: PATA max UDMA/33 cmd 0x1f0 ctl 0x3f6 bmdma 0xd000 irq 14
[    0.627665] ata2: PATA max UDMA/33 cmd 0x170 ctl 0x376 bmdma 0xd008 irq 15
[    0.627738] tun: Universal TUN/TAP device driver, 1.6
[    0.628043] PPP generic driver version 2.4.2
[    0.628087] VFIO - User Level meta-driver version: 0.3
[    0.628326] ehci_hcd: USB 2.0 'Enhanced' Host Controller (EHCI) Driver
[    0.628329] ehci-pci: EHCI PCI platform driver
[    0.628341] ehci-platform: EHCI generic platform driver
[    0.628346] ohci_hcd: USB 1.1 'Open' Host Controller (OHCI) Driver
[    0.628348] ohci-pci: OHCI PCI platform driver
[    0.628353] ohci-platform: OHCI generic platform driver
[    0.628358] uhci_hcd: USB Universal Host Controller Interface driver
[    0.628418] i8042: PNP: PS/2 Controller [PNP0303:PS2K,PNP0f03:PS2M] at 0x60,0x64 irq 1,12
[    0.628854] serio: i8042 KBD port at 0x60,0x64 irq 1
[    0.628858] serio: i8042 AUX port at 0x60,0x64 irq 12
[    0.628941] mousedev: PS/2 mouse device common for all mice
[    0.629202] input: AT Translated Set 2 keyboard as /devices/platform/i8042/serio0/input/input2
[    0.629599] rtc_cmos rtc_cmos: registered as rtc0
[    0.629612] rtc_cmos rtc_cmos: alarms up to one day, 114 bytes nvram
[    0.629617] i2c /dev entries driver
[    0.629659] device-mapper: uevent: version 1.0.3
[    0.629699] device-mapper: ioctl: 4.41.0-ioctl (2019-09-16) initialised: dm-devel@redhat.com
[    0.629718] platform eisa.0: Probing EISA bus 0
[    0.629720] platform eisa.0: EISA: Cannot allocate resource for mainboard
[    0.629721] platform eisa.0: Cannot allocate resource for EISA slot 1
[    0.629722] platform eisa.0: Cannot allocate resource for EISA slot 2
[    0.629723] platform eisa.0: Cannot allocate resource for EISA slot 3
[    0.629724] platform eisa.0: Cannot allocate resource for EISA slot 4
[    0.629725] platform eisa.0: Cannot allocate resource for EISA slot 5
[    0.629726] platform eisa.0: Cannot allocate resource for EISA slot 6
[    0.629727] platform eisa.0: Cannot allocate resource for EISA slot 7
[    0.629728] platform eisa.0: Cannot allocate resource for EISA slot 8
[    0.629729] platform eisa.0: EISA: Detected 0 cards
[    0.629731] intel_pstate: CPU model not supported
[    0.629741] ledtrig-cpu: registered to indicate activity on CPUs
[    0.629787] drop_monitor: Initializing network drop monitor service
[    0.629954] NET: Registered protocol family 10
[    0.635039] Segment Routing with IPv6
[    0.635069] fullmesh registered
[    0.635070] ndiffports registered
[    0.635072] binder registered
[    0.635073] roundrobin registered
[    0.635074] mps registered
[    0.635074] redundant registered
[    0.635075] blest registered
[    0.635075] ecf registered
[    0.635077] NET: Registered protocol family 17
[    0.635106] Key type dns_resolver registered
[    0.635202] RAS: Correctable Errors collector initialized.
[    0.635207] IPI shorthand broadcast: enabled
[    0.635207] sched_clock: Marking stable (620206053, 11001091)->(633150011, -1942867)
[    0.635273] registered taskstats version 1
[    0.635283] Loading compiled-in X.509 certificates
[    0.635865] Loaded X.509 cert 'Build time autogenerated kernel key: 6909f3744cebb3d0de528d5887b96a727de79b1e'
[    0.635881] zswap: loaded using pool lzo/zbud
[    0.635931] Key type ._fscrypt registered
[    0.635932] Key type .fscrypt registered
[    0.640374] Key type big_key registered
[    0.642581] Key type encrypted registered
[    0.642584] AppArmor: AppArmor sha1 policy hashing enabled
[    0.642591] ima: No TPM chip found, activating TPM-bypass!
[    0.642594] ima: Allocated hash algorithm: sha1
[    0.642601] ima: No architecture policies found
[    0.642609] evm: Initialising EVM extended attributes:
[    0.642610] evm: security.selinux
[    0.642610] evm: security.SMACK64
[    0.642611] evm: security.SMACK64EXEC
[    0.642611] evm: security.SMACK64TRANSMUTE
[    0.642611] evm: security.SMACK64MMAP
[    0.642612] evm: security.apparmor
[    0.642612] evm: security.ima
[    0.642613] evm: security.capability
[    0.642613] evm: HMAC attrs: 0x1
[    0.642897] PM:   Magic number: 10:845:23
[    0.643006] rtc_cmos rtc_cmos: setting system clock to 2026-01-10T11:00:40 UTC (1768042840)
[    0.799957] ata1.00: ATA-6: VBOX HARDDISK, 1.0, max UDMA/133
[    0.799960] ata1.00: 209715200 sectors, multi 128: LBA 
[    0.800573] scsi 0:0:0:0: Direct-Access     ATA      VBOX HARDDISK    1.0  PQ: 0 ANSI: 5
[    0.800813] sd 0:0:0:0: [sda] 209715200 512-byte logical blocks: (107 GB/100 GiB)
[    0.800825] sd 0:0:0:0: [sda] Write Protect is off
[    0.800828] sd 0:0:0:0: [sda] Mode Sense: 00 3a 00 00
[    0.800846] sd 0:0:0:0: [sda] Write cache: enabled, read cache: enabled, doesn't support DPO or FUA
[    0.801032] sd 0:0:0:0: Attached scsi generic sg0 type 0
[    0.801868]  sda: sda1 sda2
[    0.811315] sd 0:0:0:0: [sda] Attached SCSI disk
[    0.816546] Freeing unused decrypted memory: 2040K
[    0.817914] Freeing unused kernel image memory: 2728K
[    0.817918] Write protecting the kernel read-only data: 22528k
[    0.819402] Freeing unused kernel image memory: 2036K
[    0.820195] Freeing unused kernel image memory: 1428K
[    0.856637] x86/mm: Checked W+X mappings: passed, no W+X pages found.
[    0.856641] Run /init as init process
[    0.973269] ACPI: Video Device [GFX0] (multi-head: yes  rom: no  post: no)
[    0.973336] input: Video Bus as /devices/LNXSYSTM:00/LNXSYBUS:00/PNP0A03:00/LNXVIDEO:00/input/input4
[    0.986557] pcnet32: pcnet32.c:v1.35 21.Apr.2008 tsbogend@alpha.franken.de
[    0.988266] piix4_smbus 0000:00:07.0: SMBus Host Controller at 0x4100, revision 0
[    0.992081] e1000: Intel(R) PRO/1000 Network Driver - version 7.3.21-k8-NAPI
[    0.992082] e1000: Copyright (c) 1999-2006 Intel Corporation.
[    1.000204] pcnet32: PCnet/FAST III 79C973 at 0xd020, 08:00:27:41:13:46 assigned IRQ 19
[    1.000248] pcnet32: Found PHY 0022:561b at address 0
[    1.000540] pcnet32: eth0: registered as PCnet/FAST III 79C973
[    1.012694] pcnet32: PCnet/FAST III 79C973 at 0xd060, 08:00:27:e1:9e:73 assigned IRQ 16
[    1.012737] pcnet32: Found PHY 0022:561b at address 0
[    1.013025] pcnet32: eth1: registered as PCnet/FAST III 79C973
[    1.018067] pcnet32: 2 cards_found
[    1.074969] pcnet32 0000:00:03.0 enp0s3: renamed from eth0
[    1.076408] pcnet32 0000:00:08.0 enp0s8: renamed from eth1
[    1.200867] input: ImExPS/2 Generic Explorer Mouse as /devices/platform/i8042/serio1/input/input5
[    1.403180] e1000 0000:00:09.0 eth0: (PCI:33MHz:32-bit) 08:00:27:b0:6b:31
[    1.403183] e1000 0000:00:09.0 eth0: Intel(R) PRO/1000 Network Connection
[    1.404124] e1000 0000:00:09.0 enp0s9: renamed from eth0
[    1.554023] EXT4-fs (sda2): mounted filesystem with ordered data mode. Opts: (null)
[    1.647910] systemd[1]: Inserted module 'autofs4'
[    1.661090] systemd[1]: systemd 245.4-4ubuntu3 running in system mode. (+PAM +AUDIT +SELINUX +IMA +APPARMOR +SMACK +SYSVINIT +UTMP +LIBCRYPTSETUP +GCRYPT +GNUTLS +ACL +XZ +LZ4 +SECCOMP +BLKID +ELFUTILS +KMOD +IDN2 -IDN +PCRE2 default-hierarchy=hybrid)
[    1.661116] systemd[1]: Detected virtualization oracle.
[    1.661119] systemd[1]: Detected architecture x86-64.
[    1.662425] systemd[1]: Set hostname to <ztg>.
[    1.789067] systemd[1]: /lib/systemd/system/dbus.socket:5: ListenStream= references a path below legacy directory /var/run/, updating /var/run/dbus/system_bus_socket â†’ /run/dbus/system_bus_socket; please update the unit file accordingly.
[    1.843804] systemd[1]: Created slice system-modprobe.slice.
[    1.843988] systemd[1]: Created slice User and Session Slice.
[    1.844029] systemd[1]: Started Forward Password Requests to Wall Directory Watch.
[    1.844174] systemd[1]: Set up automount Arbitrary Executable File Formats File System Automount Point.
[    1.844206] systemd[1]: Reached target User and Group Name Lookups.
[    1.844215] systemd[1]: Reached target Remote File Systems.
[    1.844223] systemd[1]: Reached target Slices.
[    1.844792] systemd[1]: Listening on Syslog Socket.
[    1.844857] systemd[1]: Listening on fsck to fsckd communication Socket.
[    1.844896] systemd[1]: Listening on initctl Compatibility Named Pipe.
[    1.845022] systemd[1]: Listening on Journal Audit Socket.
[    1.845072] systemd[1]: Listening on Journal Socket (/dev/log).
[    1.845138] systemd[1]: Listening on Journal Socket.
[    1.845199] systemd[1]: Listening on udev Control Socket.
[    1.845236] systemd[1]: Listening on udev Kernel Socket.
[    1.845919] systemd[1]: Mounting Huge Pages File System...
[    1.846753] systemd[1]: Mounting POSIX Message Queue File System...
[    1.847614] systemd[1]: Mounting Kernel Debug File System...
[    1.848400] systemd[1]: Mounting Kernel Trace File System...
[    1.850248] systemd[1]: Starting Journal Service...
[    1.873033] systemd[1]: Starting Set the console keyboard layout...
[    1.881114] systemd[1]: Starting Create list of static device nodes for the current kernel...
[    1.883448] systemd[1]: Starting Load Kernel Module drm...
[    1.887460] systemd[1]: Condition check resulted in Set Up Additional Binary Formats being skipped.
[    1.888169] systemd[1]: Condition check resulted in File System Check on Root Device being skipped.
[    1.896194] systemd[1]: Starting Load Kernel Modules...
[    1.904300] systemd[1]: Starting Remount Root and Kernel File Systems...
[    1.910232] systemd[1]: Starting udev Coldplug all Devices...
[    1.920154] systemd[1]: Starting Uncomplicated firewall...
[    1.928052] systemd[1]: Mounted Huge Pages File System.
[    1.928135] systemd[1]: Mounted POSIX Message Queue File System.
[    1.928200] systemd[1]: Mounted Kernel Debug File System.
[    1.928261] systemd[1]: Mounted Kernel Trace File System.
[    1.930121] EXT4-fs (sda2): re-mounted. Opts: errors=remount-ro
[    1.964396] systemd[1]: Finished Create list of static device nodes for the current kernel.
[    1.965307] systemd[1]: modprobe@drm.service: Succeeded.
[    1.971470] systemd[1]: Finished Load Kernel Module drm.
[    1.972046] systemd[1]: Finished Remount Root and Kernel File Systems.
[    1.972815] systemd[1]: Finished Uncomplicated firewall.
[    1.988789] lp: driver loaded but no devices found
[    1.991351] systemd[1]: Condition check resulted in Rebuild Hardware Database being skipped.
[    1.991382] systemd[1]: Condition check resulted in Platform Persistent Storage Archival being skipped.
[    1.992014] systemd[1]: Starting Load/Save Random Seed...
[    1.997374] systemd[1]: Starting Create System Users...
[    2.003285] ppdev: user-space parallel port driver
[    2.009830] systemd[1]: Finished Load/Save Random Seed.
[    2.012203] systemd[1]: Finished Create System Users.
[    2.012870] systemd[1]: Starting Create Static Device Nodes in /dev...
[    2.047792] systemd[1]: Finished udev Coldplug all Devices.
[    2.072710] systemd[1]: Finished Create Static Device Nodes in /dev.
[    2.073429] systemd[1]: Starting udev Kernel Device Manager...
[    2.112564] [drm] DMA map mode: Caching DMA mappings.
[    2.112628] [drm] Capabilities:
[    2.112629] [drm]   Rect copy.
[    2.112629] [drm]   Cursor.
[    2.112630] [drm]   Cursor bypass.
[    2.112630] [drm]   Cursor bypass 2.
[    2.112630] [drm]   Alpha cursor.
[    2.112631] [drm]   Extended Fifo.
[    2.112631] [drm]   Pitchlock.
[    2.112631] [drm]   Irq mask.
[    2.112632] [drm]   GMR.
[    2.112632] [drm]   Traces.
[    2.112632] [drm]   GMR2.
[    2.112633] [drm]   Screen Object 2.
[    2.112633] [drm]   Command Buffers.
[    2.112633] [drm]   Command Buffers 2.
[    2.112634] [drm]   Guest Backed Resources.
[    2.112635] [drm] Max GMR ids is 8192
[    2.112635] [drm] Max number of GMR pages is 1048576
[    2.112636] [drm] Max dedicated hypervisor surface memory is 393216 kiB
[    2.112636] [drm] Maximum display memory size is 131072 kiB
[    2.112637] [drm] VRAM at 0xe0000000 size is 131072 kiB
[    2.112638] [drm] MMIO at 0xf0000000 size is 2048 kiB
[    2.113194] [TTM] Zone  kernel: Available graphics memory: 1011736 KiB
[    2.113195] [TTM] Initializing pool allocator
[    2.113198] [TTM] Initializing DMA pool allocator
[    2.113225] [drm] Supports vblank timestamp caching Rev 2 (21.10.2013).
[    2.113225] [drm] No driver support for vblank timestamp query.
[    2.113431] [drm] Screen Target Display device initialized
[    2.113616] [drm] width 720
[    2.113627] [drm] height 400
[    2.113631] [drm] bpp 32
[    2.114182] [drm] Fifo max 0x00200000 min 0x00001000 cap 0x00000355
[    2.115274] [drm] Using command buffers with DMA pool.
[    2.115825] [drm] DX: no.
[    2.115826] [drm] Atomic: yes.
[    2.115826] [drm] SM4_1: no.
[    2.115844] [drm:vmw_host_log [vmwgfx]] *ERROR* Failed to send host log message.
[    2.117164] [drm:vmw_host_log [vmwgfx]] *ERROR* Failed to send host log message.
[    2.128937] systemd[1]: Finished Set the console keyboard layout.
[    2.129035] systemd[1]: Reached target Local File Systems (Pre).
[    2.129954] fbcon: svgadrmfb (fb0) is primary device
[    2.132458] systemd[1]: Mounting Mount unit for bare, revision 5...
[    2.136063] systemd[1]: Mounting Mount unit for core18, revision 1705...
[    2.139273] Console: switching to colour frame buffer device 100x37
[    2.145765] systemd[1]: Mounting Mount unit for core22, revision 2193...
[    2.163830] [drm] Initialized vmwgfx 2.15.0 20180704 for 0000:00:02.0 on minor 0
[    2.168718] systemd[1]: Mounting Mount unit for gnome-3-34-1804, revision 24...
[    2.182001] systemd[1]: Mounting Mount unit for gnome-42-2204, revision 226...
[    2.194805] systemd[1]: Mounting Mount unit for gtk-common-themes, revision 1506...
[    2.197857] systemd[1]: Mounting Mount unit for gtk-common-themes, revision 1535...
[    2.201691] systemd[1]: Mounting Mount unit for snap-store, revision 1216...
[    2.220053] systemd[1]: Mounting Mount unit for snap-store, revision 433...
[    2.230327] systemd[1]: Mounting Mount unit for snapd, revision 25577...
[    2.237913] systemd[1]: Finished Load Kernel Modules.
[    2.238054] systemd[1]: Mounted Mount unit for bare, revision 5.
[    2.238133] systemd[1]: Mounted Mount unit for core22, revision 2193.
[    2.240384] systemd[1]: Mounting FUSE Control File System...
[    2.242743] systemd[1]: Mounting Kernel Configuration File System...
[    2.270897] systemd[1]: Starting Apply Kernel Variables...
[    2.290925] systemd[1]: Mounted Mount unit for core18, revision 1705.
[    2.291018] systemd[1]: Mounted Mount unit for gnome-3-34-1804, revision 24.
[    2.292972] systemd[1]: Mounted Mount unit for gnome-42-2204, revision 226.
[    2.293058] systemd[1]: Mounted FUSE Control File System.
[    2.293128] systemd[1]: Mounted Kernel Configuration File System.
[    2.293181] systemd[1]: Condition check resulted in VMware vmblock fuse mount being skipped.
[    2.294688] systemd[1]: Started udev Kernel Device Manager.
[    2.298200] systemd[1]: Starting Show Plymouth Boot Screen...
[    2.306069] systemd[1]: Finished Apply Kernel Variables.
[    2.306614] systemd[1]: Received SIGRTMIN+20 from PID 286 (plymouthd).
[    2.327210] systemd[1]: Started Show Plymouth Boot Screen.
[    2.327346] systemd[1]: Condition check resulted in Dispatch Password Requests to Console Directory Watch being skipped.
[    2.327426] systemd[1]: Started Forward Password Requests to Plymouth Directory Watch.
[    2.327455] systemd[1]: Reached target Local Encrypted Volumes.
[    2.333572] systemd[1]: Mounted Mount unit for gtk-common-themes, revision 1535.
[    2.333823] systemd[1]: Mounted Mount unit for snap-store, revision 1216.
[    2.333998] systemd[1]: Mounted Mount unit for snapd, revision 25577.
[    2.401652] systemd[1]: Mounted Mount unit for snap-store, revision 433.
[    2.435234] systemd[1]: Mounted Mount unit for gtk-common-themes, revision 1506.
[    2.435420] systemd[1]: Reached target Local File Systems.
[    2.436218] systemd[1]: Starting Load AppArmor profiles...
[    2.439032] systemd[1]: Starting Set console font and keymap...
[    2.447931] systemd[1]: Starting Tell Plymouth To Write Out Runtime Data...
[    2.454999] systemd[1]: Condition check resulted in Store a System Token in an EFI Variable being skipped.
[    2.455029] systemd[1]: Condition check resulted in Commit a transient machine-id on disk being skipped.
[    2.455880] systemd[1]: Finished Set console font and keymap.
[    2.463356] systemd[1]: Received SIGRTMIN+20 from PID 286 (plymouthd).
[    2.464626] systemd[1]: plymouth-read-write.service: Succeeded.
[    2.464870] systemd[1]: Finished Tell Plymouth To Write Out Runtime Data.
[    2.498924] audit: type=1400 audit(1768042842.352:2): apparmor="STATUS" operation="profile_load" profile="unconfined" name="nvidia_modprobe" pid=306 comm="apparmor_parser"
[    2.498926] audit: type=1400 audit(1768042842.352:3): apparmor="STATUS" operation="profile_load" profile="unconfined" name="nvidia_modprobe//kmod" pid=306 comm="apparmor_parser"
[    2.506146] audit: type=1400 audit(1768042842.360:4): apparmor="STATUS" operation="profile_load" profile="unconfined" name="/usr/sbin/tcpdump" pid=307 comm="apparmor_parser"
[    2.549434] audit: type=1400 audit(1768042842.396:5): apparmor="STATUS" operation="profile_load" profile="unconfined" name="/usr/bin/evince" pid=309 comm="apparmor_parser"
[    2.549436] audit: type=1400 audit(1768042842.396:6): apparmor="STATUS" operation="profile_load" profile="unconfined" name="/usr/bin/evince//sanitized_helper" pid=309 comm="apparmor_parser"
[    2.549437] audit: type=1400 audit(1768042842.396:7): apparmor="STATUS" operation="profile_load" profile="unconfined" name="/usr/bin/evince-previewer" pid=309 comm="apparmor_parser"
[    2.549439] audit: type=1400 audit(1768042842.396:8): apparmor="STATUS" operation="profile_load" profile="unconfined" name="/usr/bin/evince-previewer//sanitized_helper" pid=309 comm="apparmor_parser"
[    2.549440] audit: type=1400 audit(1768042842.396:9): apparmor="STATUS" operation="profile_load" profile="unconfined" name="/usr/bin/evince-thumbnailer" pid=309 comm="apparmor_parser"
[    2.563099] audit: type=1400 audit(1768042842.416:10): apparmor="STATUS" operation="profile_load" profile="unconfined" name="/usr/lib/cups/backend/cups-pdf" pid=310 comm="apparmor_parser"
[    2.631870] systemd[1]: Finished Load AppArmor profiles.
[    2.632708] systemd[1]: Starting Load AppArmor profiles managed internally by snapd...
[    2.761943] systemd[1]: Finished Load AppArmor profiles managed internally by snapd.
[    2.842678] systemd[1]: Started Journal Service.
[    2.849169] systemd-journald[229]: Received client request to flush runtime journal.
[    2.853214] systemd-journald[229]: File /var/log/journal/c455b248004a419c87ce85eea238d727/system.journal corrupted or uncleanly shut down, renaming and replacing.
[    4.134437] RAPL PMU: API unit is 2^-32 Joules, 0 fixed counters, 10737418240 ms ovfl timer
[    4.198948] cryptd: max_cpu_qlen set to 1000
[    4.265970] AVX2 version of gcm_enc/dec engaged.
[    4.265971] AES CTR mode by8 optimization enabled
[    6.317290] Adding 1998844k swap on /dev/sda1.  Priority:-2 extents:1 across:1998844k FS
[    6.920898] AAAAA: Error looking up destination IP: 369098976 - net/ipv4/ip_output.c: 285: dac_mps_nexthops
[    6.964048] AAAAA: Error looking up destination IP: 4211081440 - net/ipv4/ip_output.c: 285: dac_mps_nexthops
[    7.226609] AAAAA: Error looking up destination IP: 4211081440 - net/ipv4/ip_output.c: 285: dac_mps_nexthops
[    7.467237] AAAAA: Error looking up destination IP: 4211081440 - net/ipv4/ip_output.c: 285: dac_mps_nexthops
[    7.597830] kauditd_printk_skb: 31 callbacks suppressed
[    7.597831] audit: type=1400 audit(1768042847.444:42): apparmor="DENIED" operation="capable" profile="/usr/sbin/cups-browsed" pid=574 comm="cups-browsed" capability=23  capname="sys_nice"
[    7.672299] AAAAA: Error looking up destination IP: 4211081440 - net/ipv4/ip_output.c: 285: dac_mps_nexthops
[    7.697551] AAAAA: Error looking up destination IP: 4211081440 - net/ipv4/ip_output.c: 285: dac_mps_nexthops
[    7.872584] AAAAA: Error looking up destination IP: 369098976 - net/ipv4/ip_output.c: 285: dac_mps_nexthops
[    8.676733] AAAAA: Error looking up destination IP: 4211081440 - net/ipv4/ip_output.c: 285: dac_mps_nexthops
[    8.706956] AAAAA: Error looking up destination IP: 4211081440 - net/ipv4/ip_output.c: 285: dac_mps_nexthops
[    8.709568] pcnet32 0000:00:03.0 enp0s3: link up, 100Mbps, full-duplex
[    8.727276] pcnet32 0000:00:08.0 enp0s8: link up, 100Mbps, full-duplex
[    8.768307] e1000: enp0s9 NIC Link is Up 1000 Mbps Full Duplex, Flow Control: RX
[    8.768595] IPv6: ADDRCONF(NETDEV_CHANGE): enp0s9: link becomes ready
[    9.277950] device enp0s8 entered promiscuous mode
[    9.282719] device enp0s3 entered promiscuous mode
[    9.334854] audit: type=1400 audit(1768042849.176:43): apparmor="DENIED" operation="open" profile="/usr/sbin/tcpdump" name="/proc/sys/kernel/random/boot_id" pid=707 comm="tcpdump" requested_mask="r" denied_mask="r" fsuid=0 ouid=0
[    9.335560] audit: type=1400 audit(1768042849.176:44): apparmor="DENIED" operation="open" profile="/usr/sbin/tcpdump" name="/proc/sys/kernel/random/boot_id" pid=707 comm="tcpdump" requested_mask="r" denied_mask="r" fsuid=0 ouid=0
[    9.335829] audit: type=1400 audit(1768042849.176:45): apparmor="DENIED" operation="open" profile="/usr/sbin/tcpdump" name="/proc/sys/kernel/random/boot_id" pid=707 comm="tcpdump" requested_mask="r" denied_mask="r" fsuid=0 ouid=0
[    9.336665] audit: type=1400 audit(1768042849.176:46): apparmor="DENIED" operation="open" profile="/usr/sbin/tcpdump" name="/proc/sys/kernel/random/boot_id" pid=707 comm="tcpdump" requested_mask="r" denied_mask="r" fsuid=0 ouid=0
[    9.337827] audit: type=1400 audit(1768042849.192:47): apparmor="DENIED" operation="open" profile="/usr/sbin/tcpdump" name="/proc/sys/kernel/random/boot_id" pid=706 comm="tcpdump" requested_mask="r" denied_mask="r" fsuid=0 ouid=0
[    9.339197] audit: type=1400 audit(1768042849.192:48): apparmor="DENIED" operation="open" profile="/usr/sbin/tcpdump" name="/proc/sys/kernel/random/boot_id" pid=706 comm="tcpdump" requested_mask="r" denied_mask="r" fsuid=0 ouid=0
[    9.339613] audit: type=1400 audit(1768042849.192:49): apparmor="DENIED" operation="open" profile="/usr/sbin/tcpdump" name="/proc/sys/kernel/random/boot_id" pid=706 comm="tcpdump" requested_mask="r" denied_mask="r" fsuid=0 ouid=0
[    9.340210] audit: type=1400 audit(1768042849.192:50): apparmor="DENIED" operation="open" profile="/usr/sbin/tcpdump" name="/proc/sys/kernel/random/boot_id" pid=706 comm="tcpdump" requested_mask="r" denied_mask="r" fsuid=0 ouid=0
[    9.356476] audit: type=1400 audit(1768042849.208:51): apparmor="DENIED" operation="open" profile="/usr/sbin/tcpdump" name="/proc/sys/kernel/random/boot_id" pid=709 comm="tcpdump" requested_mask="r" denied_mask="r" fsuid=0 ouid=0
[   15.061217] rfkill: input handler disabled
[  289.184677] AAAAA-TCP_RECV: name:enp0s3: saddr:100932208: daddr:16783984: srtt_us:0: RTT:0: ssthresh:2147483647: cwnd:10: delivered:0: lost:0: retrans:0: loseo:0: stage:0: conn:0: RTT6:0: RTT7:0: delta:0
[  289.184703] AAAAA-TCP_SEND: name:enp0s3: saddr:16783984: daddr:100932208: srtt_us:0: RTT:0: ssthresh:0: cwnd:0: delivered:0: lost:0: retrans:0: loseo:0: stage:0: conn:0: RTT6:0: RTT7:0: delta:0
[  289.355369] AAAAA-TCP_SEND: name:enp0s3: saddr:16783984: daddr:100932208: srtt_us:1365224: RTT:170653: ssthresh:2147483647: cwnd:10: delivered:1: lost:0: retrans:0: loseo:0: stage:0: conn:0: RTT6:0: RTT7:0: delta:0
[  289.482547] AAAAA-TCP_RECV: name:enp0s3: saddr:100932208: daddr:16783984: srtt_us:1365224: RTT:170653: ssthresh:2147483647: cwnd:10: delivered:1: lost:0: retrans:0: loseo:0: stage:0: conn:0: RTT6:0: RTT7:0: delta:0
[  289.482574] AAAAA-TCP_SEND: name:enp0s3: saddr:16783984: daddr:100932208: srtt_us:1365224: RTT:170653: ssthresh:2147483647: cwnd:10: delivered:1: lost:0: retrans:0: loseo:0: stage:0: conn:0: RTT6:0: RTT7:0: delta:0
[  289.482773] AAAAA-TCP_SEND: name:enp0s3: saddr:16783984: daddr:100932208: srtt_us:1365224: RTT:170653: ssthresh:2147483647: cwnd:10: delivered:1: lost:0: retrans:0: loseo:0: stage:0: conn:0: RTT6:0: RTT7:0: delta:0
[  289.720150] AAAAA-TCP_RECV: name:enp0s3: saddr:100932208: daddr:33561200: srtt_us:0: RTT:0: ssthresh:2147483647: cwnd:10: delivered:0: lost:0: retrans:0: loseo:0: stage:0: conn:0: RTT6:0: RTT7:0: delta:0
[  289.720183] AAAAA-TCP_SEND: name:enp0s3: saddr:33561200: daddr:100932208: srtt_us:0: RTT:0: ssthresh:0: cwnd:0: delivered:0: lost:0: retrans:0: loseo:0: stage:0: conn:0: RTT6:0: RTT7:0: delta:0
[  289.885359] AAAAA-TCP_RECV: name:enp0s3: saddr:100932208: daddr:16783984: srtt_us:1365224: RTT:170653: ssthresh:2147483647: cwnd:10: delivered:1: lost:0: retrans:0: loseo:0: stage:0: conn:0: RTT6:0: RTT7:0: delta:0
[  289.931148] AAAAA-TCP_RECV: name:enp0s3: saddr:100932208: daddr:16783984: srtt_us:1597178: RTT:199647: ssthresh:2147483647: cwnd:10: delivered:2: lost:0: retrans:0: loseo:0: stage:0: conn:0: RTT6:0: RTT7:0: delta:0
[  289.931167] AAAAA-TCP_SEND: name:enp0s3: saddr:16783984: daddr:100932208: srtt_us:1597178: RTT:199647: ssthresh:2147483647: cwnd:10: delivered:2: lost:0: retrans:0: loseo:0: stage:0: conn:0: RTT6:0: RTT7:0: delta:0
[  290.207528] AAAAA-TCP_SEND: name:enp0s3: saddr:33561200: daddr:100932208: srtt_us:3898632: RTT:487329: ssthresh:2147483647: cwnd:10: delivered:1: lost:0: retrans:0: loseo:0: stage:0: conn:0: RTT6:0: RTT7:0: delta:0
[  290.603189] AAAAA-TCP_RECV: name:enp0s3: saddr:100932208: daddr:16783984: srtt_us:1597178: RTT:199647: ssthresh:2147483647: cwnd:10: delivered:2: lost:0: retrans:0: loseo:0: stage:0: conn:0: RTT6:0: RTT7:0: delta:0
[  290.603221] AAAAA-TCP_SEND: name:enp0s3: saddr:16783984: daddr:100932208: srtt_us:1597178: RTT:199647: ssthresh:2147483647: cwnd:10: delivered:2: lost:0: retrans:0: loseo:0: stage:0: conn:0: RTT6:0: RTT7:0: delta:0
[  290.923158] AAAAA-TCP_RECV: name:enp0s3: saddr:100932208: daddr:16783984: srtt_us:1597178: RTT:199647: ssthresh:2147483647: cwnd:10: delivered:2: lost:0: retrans:0: loseo:0: stage:0: conn:0: RTT6:0: RTT7:0: delta:0
[  290.923186] AAAAA-TCP_SEND: name:enp0s3: saddr:16783984: daddr:100932208: srtt_us:1597178: RTT:199647: ssthresh:2147483647: cwnd:10: delivered:2: lost:0: retrans:0: loseo:0: stage:0: conn:0: RTT6:0: RTT7:0: delta:0
[  291.115587] AAAAA-TCP_RECV: name:enp0s3: saddr:100932208: daddr:16783984: srtt_us:1597178: RTT:199647: ssthresh:2147483647: cwnd:10: delivered:2: lost:0: retrans:0: loseo:0: stage:0: conn:0: RTT6:0: RTT7:0: delta:0
[  291.115615] AAAAA-TCP_SEND: name:enp0s3: saddr:16783984: daddr:100932208: srtt_us:1597178: RTT:199647: ssthresh:2147483647: cwnd:10: delivered:2: lost:0: retrans:0: loseo:0: stage:0: conn:0: RTT6:0: RTT7:0: delta:0
[  291.143443] AAAAA-TCP_RECV: name:enp0s3: saddr:100932208: daddr:16783984: srtt_us:1597178: RTT:199647: ssthresh:2147483647: cwnd:10: delivered:2: lost:0: retrans:0: loseo:0: stage:0: conn:0: RTT6:0: RTT7:0: delta:0
[  291.143467] AAAAA-TCP_SEND: name:enp0s3: saddr:16783984: daddr:100932208: srtt_us:1597178: RTT:199647: ssthresh:2147483647: cwnd:10: delivered:2: lost:0: retrans:0: loseo:0: stage:0: conn:0: RTT6:0: RTT7:0: delta:0
[  291.300969] AAAAA-TCP_RECV: name:enp0s3: saddr:100932208: daddr:16783984: srtt_us:1597178: RTT:199647: ssthresh:2147483647: cwnd:10: delivered:2: lost:0: retrans:0: loseo:0: stage:0: conn:0: RTT6:0: RTT7:0: delta:0
[  291.300994] AAAAA-TCP_SEND: name:enp0s3: saddr:16783984: daddr:100932208: srtt_us:1597178: RTT:199647: ssthresh:2147483647: cwnd:10: delivered:2: lost:0: retrans:0: loseo:0: stage:0: conn:0: RTT6:0: RTT7:0: delta:0
[  291.444931] AAAAA-TCP_RECV: name:enp0s3: saddr:100932208: daddr:16783984: srtt_us:1597178: RTT:199647: ssthresh:2147483647: cwnd:10: delivered:2: lost:0: retrans:0: loseo:0: stage:0: conn:0: RTT6:0: RTT7:0: delta:0
[  291.444944] AAAAA-TCP_SEND: name:enp0s3: saddr:16783984: daddr:100932208: srtt_us:1597178: RTT:199647: ssthresh:2147483647: cwnd:10: delivered:2: lost:0: retrans:0: loseo:0: stage:0: conn:0: RTT6:0: RTT7:0: delta:0
[  291.686434] AAAAA-TCP_RECV: name:enp0s3: saddr:100932208: daddr:16783984: srtt_us:1597178: RTT:199647: ssthresh:2147483647: cwnd:10: delivered:2: lost:0: retrans:0: loseo:0: stage:0: conn:0: RTT6:0: RTT7:0: delta:0
[  291.686458] AAAAA-TCP_SEND: name:enp0s3: saddr:16783984: daddr:100932208: srtt_us:1597178: RTT:199647: ssthresh:2147483647: cwnd:10: delivered:2: lost:0: retrans:0: loseo:0: stage:0: conn:0: RTT6:0: RTT7:0: delta:0
[  291.903810] AAAAA-TCP_RECV: name:enp0s3: saddr:100932208: daddr:33561200: srtt_us:3898632: RTT:487329: ssthresh:2147483647: cwnd:10: delivered:1: lost:0: retrans:0: loseo:0: stage:0: conn:0: RTT6:0: RTT7:0: delta:0
[  291.903842] AAAAA-TCP_SEND: name:enp0s3: saddr:33561200: daddr:100932208: srtt_us:3898632: RTT:487329: ssthresh:2147483647: cwnd:10: delivered:1: lost:0: retrans:0: loseo:0: stage:0: conn:0: RTT6:0: RTT7:0: delta:0
[  291.903975] AAAAA-TCP_SEND: name:enp0s3: saddr:16783984: daddr:100932208: srtt_us:1597178: RTT:199647: ssthresh:2147483647: cwnd:10: delivered:2: lost:0: retrans:0: loseo:0: stage:0: conn:0: RTT6:0: RTT7:0: delta:0
[  291.985273] AAAAA-TCP_RECV: name:enp0s3: saddr:100932208: daddr:16783984: srtt_us:1597178: RTT:199647: ssthresh:2147483647: cwnd:10: delivered:2: lost:0: retrans:0: loseo:0: stage:0: conn:0: RTT6:0: RTT7:0: delta:0
[  291.985294] AAAAA-TCP_SEND: name:enp0s3: saddr:16783984: daddr:100932208: srtt_us:1597178: RTT:199647: ssthresh:2147483647: cwnd:10: delivered:2: lost:0: retrans:0: loseo:0: stage:0: conn:0: RTT6:0: RTT7:0: delta:0
[  292.090896] AAAAA-TCP_RECV: name:enp0s3: saddr:100932208: daddr:16783984: srtt_us:1597178: RTT:199647: ssthresh:2147483647: cwnd:10: delivered:2: lost:0: retrans:0: loseo:0: stage:0: conn:0: RTT6:0: RTT7:0: delta:0
[  292.090925] AAAAA-TCP_SEND: name:enp0s3: saddr:16783984: daddr:100932208: srtt_us:1597178: RTT:199647: ssthresh:2147483647: cwnd:10: delivered:2: lost:0: retrans:0: loseo:0: stage:0: conn:0: RTT6:0: RTT7:0: delta:0
[  292.185604] AAAAA-TCP_RECV: name:enp0s3: saddr:100932208: daddr:16783984: srtt_us:1597178: RTT:199647: ssthresh:2147483647: cwnd:10: delivered:2: lost:0: retrans:0: loseo:0: stage:0: conn:0: RTT6:0: RTT7:0: delta:0
[  292.185625] AAAAA-TCP_SEND: name:enp0s3: saddr:16783984: daddr:100932208: srtt_us:1597178: RTT:199647: ssthresh:2147483647: cwnd:10: delivered:2: lost:0: retrans:0: loseo:0: stage:0: conn:0: RTT6:0: RTT7:0: delta:0
[  292.229883] AAAAA-TCP_RECV: name:enp0s3: saddr:100932208: daddr:16783984: srtt_us:1597178: RTT:199647: ssthresh:2147483647: cwnd:10: delivered:2: lost:0: retrans:0: loseo:0: stage:0: conn:0: RTT6:0: RTT7:0: delta:0
[  292.229908] AAAAA-TCP_SEND: name:enp0s3: saddr:16783984: daddr:100932208: srtt_us:1597178: RTT:199647: ssthresh:2147483647: cwnd:10: delivered:2: lost:0: retrans:0: loseo:0: stage:0: conn:0: RTT6:0: RTT7:0: delta:0
[  292.254180] AAAAA-TCP_RECV: name:enp0s3: saddr:100932208: daddr:16783984: srtt_us:1597178: RTT:199647: ssthresh:2147483647: cwnd:10: delivered:2: lost:0: retrans:0: loseo:0: stage:0: conn:0: RTT6:0: RTT7:0: delta:0
[  292.254199] AAAAA-TCP_SEND: name:enp0s3: saddr:16783984: daddr:100932208: srtt_us:1597178: RTT:199647: ssthresh:2147483647: cwnd:10: delivered:2: lost:0: retrans:0: loseo:0: stage:0: conn:0: RTT6:0: RTT7:0: delta:0
[  292.459605] AAAAA-TCP_RECV: name:enp0s3: saddr:100932208: daddr:16783984: srtt_us:1597178: RTT:199647: ssthresh:2147483647: cwnd:10: delivered:2: lost:0: retrans:0: loseo:0: stage:0: conn:0: RTT6:0: RTT7:0: delta:0
[  292.459625] AAAAA-TCP_SEND: name:enp0s3: saddr:16783984: daddr:100932208: srtt_us:1597178: RTT:199647: ssthresh:2147483647: cwnd:10: delivered:2: lost:0: retrans:0: loseo:0: stage:0: conn:0: RTT6:0: RTT7:0: delta:0
[  292.470312] AAAAA-TCP_RECV: name:enp0s3: saddr:100932208: daddr:16783984: srtt_us:1597178: RTT:199647: ssthresh:2147483647: cwnd:10: delivered:2: lost:0: retrans:0: loseo:0: stage:0: conn:0: RTT6:0: RTT7:0: delta:0
[  292.470335] AAAAA-TCP_SEND: name:enp0s3: saddr:16783984: daddr:100932208: srtt_us:1597178: RTT:199647: ssthresh:2147483647: cwnd:10: delivered:2: lost:0: retrans:0: loseo:0: stage:0: conn:0: RTT6:0: RTT7:0: delta:0
[  292.531078] AAAAA-TCP_SEND: name:enp0s3: saddr:16783984: daddr:100932208: srtt_us:1597178: RTT:199647: ssthresh:2147483647: cwnd:10: delivered:2: lost:0: retrans:1: loseo:1: stage:0: conn:0: RTT6:0: RTT7:0: delta:0
[  292.574699] AAAAA-TCP_RECV: name:enp0s3: saddr:100932208: daddr:33561200: srtt_us:3898632: RTT:487329: ssthresh:2147483647: cwnd:10: delivered:1: lost:0: retrans:0: loseo:0: stage:0: conn:0: RTT6:0: RTT7:0: delta:0
[  292.574723] AAAAA-TCP_SEND: name:enp0s3: saddr:33561200: daddr:100932208: srtt_us:3898632: RTT:487329: ssthresh:2147483647: cwnd:10: delivered:1: lost:0: retrans:0: loseo:0: stage:0: conn:0: RTT6:0: RTT7:0: delta:0
[  292.683640] AAAAA-TCP_RECV: name:enp0s3: saddr:100932208: daddr:16783984: srtt_us:1597178: RTT:199647: ssthresh:2147483647: cwnd:10: delivered:2: lost:0: retrans:1: loseo:0: stage:0: conn:0: RTT6:0: RTT7:0: delta:0
[  292.746548] AAAAA-TCP_RECV: name:enp0s3: saddr:100932208: daddr:16783984: srtt_us:0: RTT:0: ssthresh:2147483647: cwnd:10: delivered:0: lost:0: retrans:0: loseo:0: stage:0: conn:0: RTT6:0: RTT7:0: delta:0
[  292.746581] AAAAA-TCP_SEND: name:enp0s3: saddr:16783984: daddr:100932208: srtt_us:0: RTT:0: ssthresh:0: cwnd:0: delivered:0: lost:0: retrans:0: loseo:0: stage:0: conn:0: RTT6:0: RTT7:0: delta:0
[  293.137080] AAAAA-TCP_RECV: name:enp0s3: saddr:100932208: daddr:16783984: srtt_us:2177531: RTT:272191: ssthresh:2147483647: cwnd:10: delivered:3: lost:0: retrans:1: loseo:0: stage:0: conn:0: RTT6:0: RTT7:0: delta:0
[  293.269384] AAAAA-TCP_SEND: name:enp0s3: saddr:16783984: daddr:100932208: srtt_us:4182336: RTT:522792: ssthresh:2147483647: cwnd:10: delivered:1: lost:0: retrans:0: loseo:0: stage:0: conn:0: RTT6:0: RTT7:0: delta:0
[  293.349876] AAAAA-TCP_RECV: name:enp0s3: saddr:100932208: daddr:16783984: srtt_us:4182336: RTT:522792: ssthresh:2147483647: cwnd:10: delivered:1: lost:0: retrans:0: loseo:0: stage:0: conn:0: RTT6:0: RTT7:0: delta:0
[  293.349902] AAAAA-TCP_SEND: name:enp0s3: saddr:16783984: daddr:100932208: srtt_us:4182336: RTT:522792: ssthresh:2147483647: cwnd:10: delivered:1: lost:0: retrans:0: loseo:0: stage:0: conn:0: RTT6:0: RTT7:0: delta:0
[  293.351058] AAAAA-TCP_SEND: name:enp0s3: saddr:16783984: daddr:100932208: srtt_us:2177531: RTT:272191: ssthresh:2147483647: cwnd:10: delivered:4: lost:0: retrans:1: loseo:0: stage:0: conn:0: RTT6:0: RTT7:0: delta:0
[  293.473271] AAAAA-TCP_RECV: name:enp0s3: saddr:100932208: daddr:33561200: srtt_us:0: RTT:0: ssthresh:2147483647: cwnd:10: delivered:0: lost:0: retrans:0: loseo:0: stage:0: conn:0: RTT6:0: RTT7:0: delta:0
[  293.473307] AAAAA-TCP_SEND: name:enp0s3: saddr:33561200: daddr:100932208: srtt_us:0: RTT:0: ssthresh:0: cwnd:0: delivered:0: lost:0: retrans:0: loseo:0: stage:0: conn:0: RTT6:0: RTT7:0: delta:0
[  293.568599] AAAAA-TCP_RECV: name:enp0s3: saddr:100932208: daddr:16783984: srtt_us:2177531: RTT:272191: ssthresh:2147483647: cwnd:10: delivered:4: lost:0: retrans:1: loseo:0: stage:0: conn:0: RTT6:0: RTT7:0: delta:0
[  293.568673] AAAAA-TCP_SEND: name:enp0s3: saddr:16783984: daddr:100932208: srtt_us:2177531: RTT:272191: ssthresh:2147483647: cwnd:10: delivered:4: lost:0: retrans:1: loseo:0: stage:0: conn:0: RTT6:0: RTT7:0: delta:0
[  293.690237] AAAAA-TCP_SEND: name:enp0s3: saddr:33561200: daddr:100932208: srtt_us:1735176: RTT:216897: ssthresh:2147483647: cwnd:10: delivered:1: lost:0: retrans:0: loseo:0: stage:0: conn:0: RTT6:0: RTT7:0: delta:0
[  293.796955] AAAAA-TCP_RECV: name:enp0s3: saddr:100932208: daddr:16783984: srtt_us:2122946: RTT:265368: ssthresh:2147483647: cwnd:10: delivered:5: lost:0: retrans:1: loseo:0: stage:0: conn:0: RTT6:0: RTT7:0: delta:0
[  293.882453] AAAAA-TCP_RECV: name:enp0s3: saddr:100932208: daddr:16783984: srtt_us:4182336: RTT:522792: ssthresh:2147483647: cwnd:10: delivered:1: lost:0: retrans:0: loseo:0: stage:0: conn:0: RTT6:0: RTT7:0: delta:0
[  293.882479] AAAAA-TCP_SEND: name:enp0s3: saddr:16783984: daddr:100932208: srtt_us:4182336: RTT:522792: ssthresh:2147483647: cwnd:10: delivered:1: lost:0: retrans:0: loseo:0: stage:0: conn:0: RTT6:0: RTT7:0: delta:0
[  293.987900] AAAAA-TCP_RECV: name:enp0s3: saddr:100932208: daddr:16783984: srtt_us:4182336: RTT:522792: ssthresh:2147483647: cwnd:10: delivered:1: lost:0: retrans:0: loseo:0: stage:0: conn:0: RTT6:0: RTT7:0: delta:0
[  293.987928] AAAAA-TCP_SEND: name:enp0s3: saddr:16783984: daddr:100932208: srtt_us:4182336: RTT:522792: ssthresh:2147483647: cwnd:10: delivered:1: lost:0: retrans:0: loseo:0: stage:0: conn:0: RTT6:0: RTT7:0: delta:0
[  294.061981] AAAAA-TCP_RECV: name:enp0s3: saddr:100932208: daddr:16783984: srtt_us:4182336: RTT:522792: ssthresh:2147483647: cwnd:10: delivered:1: lost:0: retrans:0: loseo:0: stage:0: conn:0: RTT6:0: RTT7:0: delta:0
[  294.062006] AAAAA-TCP_SEND: name:enp0s3: saddr:16783984: daddr:100932208: srtt_us:4182336: RTT:522792: ssthresh:2147483647: cwnd:10: delivered:1: lost:0: retrans:0: loseo:0: stage:0: conn:0: RTT6:0: RTT7:0: delta:0
[  294.167620] AAAAA-TCP_RECV: name:enp0s3: saddr:100932208: daddr:16783984: srtt_us:4182336: RTT:522792: ssthresh:2147483647: cwnd:10: delivered:1: lost:0: retrans:0: loseo:0: stage:0: conn:0: RTT6:0: RTT7:0: delta:0
[  294.167644] AAAAA-TCP_SEND: name:enp0s3: saddr:16783984: daddr:100932208: srtt_us:4182336: RTT:522792: ssthresh:2147483647: cwnd:10: delivered:1: lost:0: retrans:0: loseo:0: stage:0: conn:0: RTT6:0: RTT7:0: delta:0
[  294.286283] AAAAA-TCP_RECV: name:enp0s3: saddr:100932208: daddr:16783984: srtt_us:4182336: RTT:522792: ssthresh:2147483647: cwnd:10: delivered:1: lost:0: retrans:0: loseo:0: stage:0: conn:0: RTT6:0: RTT7:0: delta:0
[  294.286308] AAAAA-TCP_SEND: name:enp0s3: saddr:16783984: daddr:100932208: srtt_us:4182336: RTT:522792: ssthresh:2147483647: cwnd:10: delivered:1: lost:0: retrans:0: loseo:0: stage:0: conn:0: RTT6:0: RTT7:0: delta:0
[  294.355791] AAAAA-TCP_RECV: name:enp0s3: saddr:100932208: daddr:16783984: srtt_us:4182336: RTT:522792: ssthresh:2147483647: cwnd:10: delivered:1: lost:0: retrans:0: loseo:0: stage:0: conn:0: RTT6:0: RTT7:0: delta:0
[  294.355815] AAAAA-TCP_SEND: name:enp0s3: saddr:16783984: daddr:100932208: srtt_us:4182336: RTT:522792: ssthresh:2147483647: cwnd:10: delivered:1: lost:0: retrans:0: loseo:0: stage:0: conn:0: RTT6:0: RTT7:0: delta:0
[  294.578617] AAAAA-TCP_RECV: name:enp0s3: saddr:100932208: daddr:16783984: srtt_us:4182336: RTT:522792: ssthresh:2147483647: cwnd:10: delivered:1: lost:0: retrans:0: loseo:0: stage:0: conn:0: RTT6:0: RTT7:0: delta:0
[  294.578644] AAAAA-TCP_SEND: name:enp0s3: saddr:16783984: daddr:100932208: srtt_us:4182336: RTT:522792: ssthresh:2147483647: cwnd:10: delivered:1: lost:0: retrans:0: loseo:0: stage:0: conn:0: RTT6:0: RTT7:0: delta:0
[  294.697354] AAAAA-TCP_RECV: name:enp0s3: saddr:100932208: daddr:16783984: srtt_us:4182336: RTT:522792: ssthresh:2147483647: cwnd:10: delivered:1: lost:0: retrans:0: loseo:0: stage:0: conn:0: RTT6:0: RTT7:0: delta:0
[  294.697379] AAAAA-TCP_SEND: name:enp0s3: saddr:16783984: daddr:100932208: srtt_us:4182336: RTT:522792: ssthresh:2147483647: cwnd:10: delivered:1: lost:0: retrans:0: loseo:0: stage:0: conn:0: RTT6:0: RTT7:0: delta:0
[  294.768279] AAAAA-TCP_RECV: name:enp0s3: saddr:100932208: daddr:16783984: srtt_us:4182336: RTT:522792: ssthresh:2147483647: cwnd:10: delivered:1: lost:0: retrans:0: loseo:0: stage:0: conn:0: RTT6:0: RTT7:0: delta:0
[  294.768304] AAAAA-TCP_SEND: name:enp0s3: saddr:16783984: daddr:100932208: srtt_us:4182336: RTT:522792: ssthresh:2147483647: cwnd:10: delivered:1: lost:0: retrans:0: loseo:0: stage:0: conn:0: RTT6:0: RTT7:0: delta:0
[  294.930018] AAAAA-TCP_RECV: name:enp0s3: saddr:100932208: daddr:16783984: srtt_us:4182336: RTT:522792: ssthresh:2147483647: cwnd:10: delivered:1: lost:0: retrans:0: loseo:0: stage:0: conn:0: RTT6:0: RTT7:0: delta:0
[  294.930044] AAAAA-TCP_SEND: name:enp0s3: saddr:16783984: daddr:100932208: srtt_us:4182336: RTT:522792: ssthresh:2147483647: cwnd:10: delivered:1: lost:0: retrans:0: loseo:0: stage:0: conn:0: RTT6:0: RTT7:0: delta:0
[  295.016416] AAAAA-TCP_RECV: name:enp0s3: saddr:100932208: daddr:33561200: srtt_us:1735176: RTT:216897: ssthresh:2147483647: cwnd:10: delivered:1: lost:0: retrans:0: loseo:0: stage:0: conn:0: RTT6:0: RTT7:0: delta:0
[  295.016431] AAAAA-TCP_SEND: name:enp0s3: saddr:33561200: daddr:100932208: srtt_us:1735176: RTT:216897: ssthresh:2147483647: cwnd:10: delivered:1: lost:0: retrans:0: loseo:0: stage:0: conn:0: RTT6:0: RTT7:0: delta:0
[  295.124957] AAAAA-TCP_RECV: name:enp0s3: saddr:100932208: daddr:33561200: srtt_us:1735176: RTT:216897: ssthresh:2147483647: cwnd:10: delivered:1: lost:0: retrans:0: loseo:0: stage:0: conn:0: RTT6:0: RTT7:0: delta:0
[  295.124985] AAAAA-TCP_SEND: name:enp0s3: saddr:33561200: daddr:100932208: srtt_us:1735176: RTT:216897: ssthresh:2147483647: cwnd:10: delivered:1: lost:0: retrans:0: loseo:0: stage:0: conn:0: RTT6:0: RTT7:0: delta:0
[  295.261894] AAAAA-TCP_RECV: name:enp0s3: saddr:100932208: daddr:33561200: srtt_us:1735176: RTT:216897: ssthresh:2147483647: cwnd:10: delivered:1: lost:0: retrans:0: loseo:0: stage:0: conn:0: RTT6:0: RTT7:0: delta:0
[  295.261919] AAAAA-TCP_SEND: name:enp0s3: saddr:33561200: daddr:100932208: srtt_us:1735176: RTT:216897: ssthresh:2147483647: cwnd:10: delivered:1: lost:0: retrans:0: loseo:0: stage:0: conn:0: RTT6:0: RTT7:0: delta:0
[  295.370447] AAAAA-TCP_RECV: name:enp0s3: saddr:100932208: daddr:33561200: srtt_us:1735176: RTT:216897: ssthresh:2147483647: cwnd:10: delivered:1: lost:0: retrans:0: loseo:0: stage:0: conn:0: RTT6:0: RTT7:0: delta:0
[  295.370472] AAAAA-TCP_SEND: name:enp0s3: saddr:33561200: daddr:100932208: srtt_us:1735176: RTT:216897: ssthresh:2147483647: cwnd:10: delivered:1: lost:0: retrans:0: loseo:0: stage:0: conn:0: RTT6:0: RTT7:0: delta:0
[  295.462297] AAAAA-TCP_RECV: name:enp0s3: saddr:100932208: daddr:33561200: srtt_us:1735176: RTT:216897: ssthresh:2147483647: cwnd:10: delivered:1: lost:0: retrans:0: loseo:0: stage:0: conn:0: RTT6:0: RTT7:0: delta:0
[  295.462321] AAAAA-TCP_SEND: name:enp0s3: saddr:33561200: daddr:100932208: srtt_us:1735176: RTT:216897: ssthresh:2147483647: cwnd:10: delivered:1: lost:0: retrans:0: loseo:0: stage:0: conn:0: RTT6:0: RTT7:0: delta:0
[  295.553949] AAAAA-TCP_RECV: name:enp0s3: saddr:100932208: daddr:33561200: srtt_us:1735176: RTT:216897: ssthresh:2147483647: cwnd:10: delivered:1: lost:0: retrans:0: loseo:0: stage:0: conn:0: RTT6:0: RTT7:0: delta:0
[  295.553978] AAAAA-TCP_SEND: name:enp0s3: saddr:33561200: daddr:100932208: srtt_us:1735176: RTT:216897: ssthresh:2147483647: cwnd:10: delivered:1: lost:0: retrans:0: loseo:0: stage:0: conn:0: RTT6:0: RTT7:0: delta:0
[  295.672274] AAAAA-TCP_RECV: name:enp0s3: saddr:100932208: daddr:33561200: srtt_us:1735176: RTT:216897: ssthresh:2147483647: cwnd:10: delivered:1: lost:0: retrans:0: loseo:0: stage:0: conn:0: RTT6:0: RTT7:0: delta:0
[  295.672300] AAAAA-TCP_SEND: name:enp0s3: saddr:33561200: daddr:100932208: srtt_us:1735176: RTT:216897: ssthresh:2147483647: cwnd:10: delivered:1: lost:0: retrans:0: loseo:0: stage:0: conn:0: RTT6:0: RTT7:0: delta:0
[  295.847627] AAAAA-TCP_RECV: name:enp0s3: saddr:100932208: daddr:33561200: srtt_us:1735176: RTT:216897: ssthresh:2147483647: cwnd:10: delivered:1: lost:0: retrans:0: loseo:0: stage:0: conn:0: RTT6:0: RTT7:0: delta:0
[  295.847655] AAAAA-TCP_SEND: name:enp0s3: saddr:33561200: daddr:100932208: srtt_us:1735176: RTT:216897: ssthresh:2147483647: cwnd:10: delivered:1: lost:0: retrans:0: loseo:0: stage:0: conn:0: RTT6:0: RTT7:0: delta:0
[  295.950143] AAAAA-TCP_RECV: name:enp0s3: saddr:100932208: daddr:33561200: srtt_us:1735176: RTT:216897: ssthresh:2147483647: cwnd:10: delivered:1: lost:0: retrans:0: loseo:0: stage:0: conn:0: RTT6:0: RTT7:0: delta:0
[  295.950168] AAAAA-TCP_SEND: name:enp0s3: saddr:33561200: daddr:100932208: srtt_us:1735176: RTT:216897: ssthresh:2147483647: cwnd:10: delivered:1: lost:0: retrans:0: loseo:0: stage:0: conn:0: RTT6:0: RTT7:0: delta:0
[  296.091074] AAAAA-TCP_RECV: name:enp0s3: saddr:100932208: daddr:33561200: srtt_us:1735176: RTT:216897: ssthresh:2147483647: cwnd:10: delivered:1: lost:0: retrans:0: loseo:0: stage:0: conn:0: RTT6:0: RTT7:0: delta:0
[  296.091114] AAAAA-TCP_SEND: name:enp0s3: saddr:33561200: daddr:100932208: srtt_us:1735176: RTT:216897: ssthresh:2147483647: cwnd:10: delivered:1: lost:0: retrans:0: loseo:0: stage:0: conn:0: RTT6:0: RTT7:0: delta:0
[  296.242115] AAAAA-TCP_RECV: name:enp0s3: saddr:100932208: daddr:16783984: srtt_us:4182336: RTT:522792: ssthresh:2147483647: cwnd:10: delivered:1: lost:0: retrans:0: loseo:0: stage:0: conn:0: RTT6:0: RTT7:0: delta:0
[  296.242141] AAAAA-TCP_SEND: name:enp0s3: saddr:16783984: daddr:100932208: srtt_us:4182336: RTT:522792: ssthresh:2147483647: cwnd:10: delivered:1: lost:0: retrans:0: loseo:0: stage:0: conn:0: RTT6:0: RTT7:0: delta:0
[  296.412167] AAAAA-TCP_RECV: name:enp0s3: saddr:100932208: daddr:16783984: srtt_us:4182336: RTT:522792: ssthresh:2147483647: cwnd:10: delivered:1: lost:0: retrans:0: loseo:0: stage:0: conn:0: RTT6:0: RTT7:0: delta:0
[  296.412213] AAAAA-TCP_SEND: name:enp0s3: saddr:16783984: daddr:100932208: srtt_us:4182336: RTT:522792: ssthresh:2147483647: cwnd:10: delivered:1: lost:0: retrans:0: loseo:0: stage:0: conn:0: RTT6:0: RTT7:0: delta:0
[  296.469151] AAAAA-TCP_RECV: name:enp0s3: saddr:100932208: daddr:16783984: srtt_us:4182336: RTT:522792: ssthresh:2147483647: cwnd:10: delivered:1: lost:0: retrans:0: loseo:0: stage:0: conn:0: RTT6:0: RTT7:0: delta:0
[  296.469176] AAAAA-TCP_SEND: name:enp0s3: saddr:16783984: daddr:100932208: srtt_us:4182336: RTT:522792: ssthresh:2147483647: cwnd:10: delivered:1: lost:0: retrans:0: loseo:0: stage:0: conn:0: RTT6:0: RTT7:0: delta:0
[  296.555417] AAAAA-TCP_RECV: name:enp0s3: saddr:100932208: daddr:16783984: srtt_us:4182336: RTT:522792: ssthresh:2147483647: cwnd:10: delivered:1: lost:0: retrans:0: loseo:0: stage:0: conn:0: RTT6:0: RTT7:0: delta:0
[  296.555440] AAAAA-TCP_SEND: name:enp0s3: saddr:16783984: daddr:100932208: srtt_us:4182336: RTT:522792: ssthresh:2147483647: cwnd:10: delivered:1: lost:0: retrans:0: loseo:0: stage:0: conn:0: RTT6:0: RTT7:0: delta:0
[  296.640851] AAAAA-TCP_RECV: name:enp0s3: saddr:100932208: daddr:16783984: srtt_us:4182336: RTT:522792: ssthresh:2147483647: cwnd:10: delivered:1: lost:0: retrans:0: loseo:0: stage:0: conn:0: RTT6:0: RTT7:0: delta:0
[  296.640876] AAAAA-TCP_SEND: name:enp0s3: saddr:16783984: daddr:100932208: srtt_us:4182336: RTT:522792: ssthresh:2147483647: cwnd:10: delivered:1: lost:0: retrans:0: loseo:0: stage:0: conn:0: RTT6:0: RTT7:0: delta:0
[  296.709402] AAAAA-TCP_RECV: name:enp0s3: saddr:100932208: daddr:16783984: srtt_us:4182336: RTT:522792: ssthresh:2147483647: cwnd:10: delivered:1: lost:0: retrans:0: loseo:0: stage:0: conn:0: RTT6:0: RTT7:0: delta:0
[  296.741385] AAAAA-TCP_RECV: name:enp0s3: saddr:100932208: daddr:33561200: srtt_us:1735176: RTT:216897: ssthresh:2147483647: cwnd:10: delivered:1: lost:0: retrans:0: loseo:0: stage:0: conn:0: RTT6:0: RTT7:0: delta:0
[  296.741407] AAAAA-TCP_SEND: name:enp0s3: saddr:33561200: daddr:100932208: srtt_us:1735176: RTT:216897: ssthresh:2147483647: cwnd:10: delivered:1: lost:0: retrans:0: loseo:0: stage:0: conn:0: RTT6:0: RTT7:0: delta:0
[  296.751051] AAAAA-TCP_SEND: name:enp0s3: saddr:16783984: daddr:100932208: srtt_us:4182336: RTT:522792: ssthresh:2147483647: cwnd:10: delivered:1: lost:0: retrans:0: loseo:0: stage:0: conn:0: RTT6:0: RTT7:0: delta:0
[  296.862396] AAAAA-TCP_RECV: name:enp0s3: saddr:100932208: daddr:16783984: srtt_us:4182336: RTT:522792: ssthresh:2147483647: cwnd:10: delivered:1: lost:0: retrans:0: loseo:0: stage:0: conn:0: RTT6:0: RTT7:0: delta:0
[  296.944343] AAAAA-TCP_SEND: name:enp0s3: saddr:16783984: daddr:100932208: srtt_us:4182336: RTT:522792: ssthresh:2147483647: cwnd:10: delivered:1: lost:0: retrans:0: loseo:0: stage:0: conn:0: RTT6:0: RTT7:0: delta:0
[  297.035639] AAAAA-TCP_RECV: name:enp0s3: saddr:100932208: daddr:16783984: srtt_us:4182336: RTT:522792: ssthresh:2147483647: cwnd:10: delivered:1: lost:0: retrans:0: loseo:0: stage:0: conn:0: RTT6:0: RTT7:0: delta:0
[  297.112797] AAAAA-TCP_RECV: name:enp0s3: saddr:100932208: daddr:16783984: srtt_us:4182336: RTT:522792: ssthresh:2147483647: cwnd:10: delivered:1: lost:0: retrans:0: loseo:0: stage:0: conn:0: RTT6:0: RTT7:0: delta:0
[  297.112827] AAAAA-TCP_SEND: name:enp0s3: saddr:16783984: daddr:100932208: srtt_us:4182336: RTT:522792: ssthresh:2147483647: cwnd:10: delivered:1: lost:0: retrans:0: loseo:0: stage:0: conn:0: RTT6:0: RTT7:0: delta:0
[  297.244406] AAAAA-TCP_RECV: name:enp0s3: saddr:100932208: daddr:16783984: srtt_us:4182336: RTT:522792: ssthresh:2147483647: cwnd:10: delivered:1: lost:0: retrans:0: loseo:0: stage:0: conn:0: RTT6:0: RTT7:0: delta:0
[  297.369133] AAAAA-TCP_RECV: name:enp0s3: saddr:100932208: daddr:16783984: srtt_us:4182336: RTT:522792: ssthresh:2147483647: cwnd:10: delivered:1: lost:0: retrans:0: loseo:0: stage:0: conn:0: RTT6:0: RTT7:0: delta:0
[  297.369159] AAAAA-TCP_SEND: name:enp0s3: saddr:16783984: daddr:100932208: srtt_us:4182336: RTT:522792: ssthresh:2147483647: cwnd:10: delivered:1: lost:0: retrans:0: loseo:0: stage:0: conn:0: RTT6:0: RTT7:0: delta:0
[  297.511909] AAAAA-TCP_RECV: name:enp0s3: saddr:100932208: daddr:16783984: srtt_us:4182336: RTT:522792: ssthresh:2147483647: cwnd:10: delivered:1: lost:0: retrans:0: loseo:0: stage:0: conn:0: RTT6:0: RTT7:0: delta:0
[  297.567631] AAAAA-TCP_RECV: name:enp0s3: saddr:100932208: daddr:16783984: srtt_us:4182336: RTT:522792: ssthresh:2147483647: cwnd:10: delivered:1: lost:0: retrans:0: loseo:0: stage:0: conn:0: RTT6:0: RTT7:0: delta:0
[  297.567656] AAAAA-TCP_SEND: name:enp0s3: saddr:16783984: daddr:100932208: srtt_us:4182336: RTT:522792: ssthresh:2147483647: cwnd:10: delivered:1: lost:0: retrans:0: loseo:0: stage:0: conn:0: RTT6:0: RTT7:0: delta:0
[  297.695982] AAAAA-TCP_RECV: name:enp0s3: saddr:100932208: daddr:16783984: srtt_us:4182336: RTT:522792: ssthresh:2147483647: cwnd:10: delivered:1: lost:0: retrans:0: loseo:0: stage:0: conn:0: RTT6:0: RTT7:0: delta:0
[  297.736736] AAAAA-TCP_RECV: name:enp0s3: saddr:100932208: daddr:16783984: srtt_us:4182336: RTT:522792: ssthresh:2147483647: cwnd:10: delivered:1: lost:0: retrans:0: loseo:0: stage:0: conn:0: RTT6:0: RTT7:0: delta:0
[  297.736762] AAAAA-TCP_SEND: name:enp0s3: saddr:16783984: daddr:100932208: srtt_us:4182336: RTT:522792: ssthresh:2147483647: cwnd:10: delivered:1: lost:0: retrans:0: loseo:0: stage:0: conn:0: RTT6:0: RTT7:0: delta:0
[  297.815537] AAAAA-TCP_RECV: name:enp0s3: saddr:100932208: daddr:16783984: srtt_us:4182336: RTT:522792: ssthresh:2147483647: cwnd:10: delivered:1: lost:0: retrans:0: loseo:0: stage:0: conn:0: RTT6:0: RTT7:0: delta:0
[  297.868763] AAAAA-TCP_RECV: name:enp0s3: saddr:100932208: daddr:16783984: srtt_us:4182336: RTT:522792: ssthresh:2147483647: cwnd:10: delivered:1: lost:0: retrans:0: loseo:0: stage:0: conn:0: RTT6:0: RTT7:0: delta:0
[  297.868791] AAAAA-TCP_SEND: name:enp0s3: saddr:16783984: daddr:100932208: srtt_us:4182336: RTT:522792: ssthresh:2147483647: cwnd:10: delivered:1: lost:0: retrans:0: loseo:0: stage:0: conn:0: RTT6:0: RTT7:0: delta:0
[  297.955701] AAAAA-TCP_RECV: name:enp0s3: saddr:100932208: daddr:16783984: srtt_us:4182336: RTT:522792: ssthresh:2147483647: cwnd:10: delivered:1: lost:0: retrans:0: loseo:0: stage:0: conn:0: RTT6:0: RTT7:0: delta:0
[  298.032538] AAAAA-TCP_RECV: name:enp0s3: saddr:100932208: daddr:16783984: srtt_us:4182336: RTT:522792: ssthresh:2147483647: cwnd:10: delivered:1: lost:0: retrans:0: loseo:0: stage:0: conn:0: RTT6:0: RTT7:0: delta:0
[  298.032568] AAAAA-TCP_SEND: name:enp0s3: saddr:16783984: daddr:100932208: srtt_us:4182336: RTT:522792: ssthresh:2147483647: cwnd:10: delivered:1: lost:0: retrans:0: loseo:0: stage:0: conn:0: RTT6:0: RTT7:0: delta:0
[  298.122107] AAAAA-TCP_RECV: name:enp0s3: saddr:100932208: daddr:16783984: srtt_us:4182336: RTT:522792: ssthresh:2147483647: cwnd:10: delivered:1: lost:0: retrans:0: loseo:0: stage:0: conn:0: RTT6:0: RTT7:0: delta:0
[  298.202002] AAAAA-TCP_RECV: name:enp0s3: saddr:100932208: daddr:33561200: srtt_us:1735176: RTT:216897: ssthresh:2147483647: cwnd:10: delivered:1: lost:0: retrans:0: loseo:0: stage:0: conn:0: RTT6:0: RTT7:0: delta:0
[  298.202025] AAAAA-TCP_SEND: name:enp0s3: saddr:33561200: daddr:100932208: srtt_us:1735176: RTT:216897: ssthresh:2147483647: cwnd:10: delivered:1: lost:0: retrans:0: loseo:0: stage:0: conn:0: RTT6:0: RTT7:0: delta:0
[  298.287033] AAAAA-TCP_SEND: name:enp0s3: saddr:16783984: daddr:100932208: srtt_us:4182336: RTT:522792: ssthresh:2147483647: cwnd:10: delivered:1: lost:0: retrans:0: loseo:0: stage:0: conn:0: RTT6:0: RTT7:0: delta:0
[  298.326272] AAAAA-TCP_RECV: name:enp0s3: saddr:100932208: daddr:33561200: srtt_us:1735176: RTT:216897: ssthresh:2147483647: cwnd:10: delivered:1: lost:0: retrans:0: loseo:0: stage:0: conn:0: RTT6:0: RTT7:0: delta:0
[  298.326296] AAAAA-TCP_SEND: name:enp0s3: saddr:33561200: daddr:100932208: srtt_us:1735176: RTT:216897: ssthresh:2147483647: cwnd:10: delivered:1: lost:0: retrans:0: loseo:0: stage:0: conn:0: RTT6:0: RTT7:0: delta:0
[  298.459914] AAAAA-TCP_RECV: name:enp0s3: saddr:100932208: daddr:33561200: srtt_us:1735176: RTT:216897: ssthresh:2147483647: cwnd:10: delivered:1: lost:0: retrans:0: loseo:0: stage:0: conn:0: RTT6:0: RTT7:0: delta:0
[  298.459938] AAAAA-TCP_SEND: name:enp0s3: saddr:33561200: daddr:100932208: srtt_us:1735176: RTT:216897: ssthresh:2147483647: cwnd:10: delivered:1: lost:0: retrans:0: loseo:0: stage:0: conn:0: RTT6:0: RTT7:0: delta:0
[  298.534651] AAAAA-TCP_RECV: name:enp0s3: saddr:100932208: daddr:33561200: srtt_us:1735176: RTT:216897: ssthresh:2147483647: cwnd:10: delivered:1: lost:0: retrans:0: loseo:0: stage:0: conn:0: RTT6:0: RTT7:0: delta:0
[  298.534675] AAAAA-TCP_SEND: name:enp0s3: saddr:33561200: daddr:100932208: srtt_us:1735176: RTT:216897: ssthresh:2147483647: cwnd:10: delivered:1: lost:0: retrans:0: loseo:0: stage:0: conn:0: RTT6:0: RTT7:0: delta:0
[  298.608110] AAAAA-TCP_RECV: name:enp0s3: saddr:100932208: daddr:33561200: srtt_us:1735176: RTT:216897: ssthresh:2147483647: cwnd:10: delivered:1: lost:0: retrans:0: loseo:0: stage:0: conn:0: RTT6:0: RTT7:0: delta:0
[  298.608151] AAAAA-TCP_SEND: name:enp0s3: saddr:33561200: daddr:100932208: srtt_us:1735176: RTT:216897: ssthresh:2147483647: cwnd:10: delivered:1: lost:0: retrans:0: loseo:0: stage:0: conn:0: RTT6:0: RTT7:0: delta:0
[  298.719674] AAAAA-TCP_RECV: name:enp0s3: saddr:100932208: daddr:33561200: srtt_us:1735176: RTT:216897: ssthresh:2147483647: cwnd:10: delivered:1: lost:0: retrans:0: loseo:0: stage:0: conn:0: RTT6:0: RTT7:0: delta:0
[  298.719700] AAAAA-TCP_SEND: name:enp0s3: saddr:33561200: daddr:100932208: srtt_us:1735176: RTT:216897: ssthresh:2147483647: cwnd:10: delivered:1: lost:0: retrans:0: loseo:0: stage:0: conn:0: RTT6:0: RTT7:0: delta:0
[  298.818558] AAAAA-TCP_RECV: name:enp0s3: saddr:100932208: daddr:33561200: srtt_us:1735176: RTT:216897: ssthresh:2147483647: cwnd:10: delivered:1: lost:0: retrans:0: loseo:0: stage:0: conn:0: RTT6:0: RTT7:0: delta:0
[  298.818583] AAAAA-TCP_SEND: name:enp0s3: saddr:33561200: daddr:100932208: srtt_us:1735176: RTT:216897: ssthresh:2147483647: cwnd:10: delivered:1: lost:0: retrans:0: loseo:0: stage:0: conn:0: RTT6:0: RTT7:0: delta:0
[  298.907941] AAAAA-TCP_RECV: name:enp0s3: saddr:100932208: daddr:33561200: srtt_us:1735176: RTT:216897: ssthresh:2147483647: cwnd:10: delivered:1: lost:0: retrans:0: loseo:0: stage:0: conn:0: RTT6:0: RTT7:0: delta:0
[  298.907965] AAAAA-TCP_SEND: name:enp0s3: saddr:33561200: daddr:100932208: srtt_us:1735176: RTT:216897: ssthresh:2147483647: cwnd:10: delivered:1: lost:0: retrans:0: loseo:0: stage:0: conn:0: RTT6:0: RTT7:0: delta:0
[  299.001444] AAAAA-TCP_RECV: name:enp0s3: saddr:100932208: daddr:33561200: srtt_us:1735176: RTT:216897: ssthresh:2147483647: cwnd:10: delivered:1: lost:0: retrans:0: loseo:0: stage:0: conn:0: RTT6:0: RTT7:0: delta:0
[  299.001468] AAAAA-TCP_SEND: name:enp0s3: saddr:33561200: daddr:100932208: srtt_us:1735176: RTT:216897: ssthresh:2147483647: cwnd:10: delivered:1: lost:0: retrans:0: loseo:0: stage:0: conn:0: RTT6:0: RTT7:0: delta:0
[  299.073055] AAAAA-TCP_RECV: name:enp0s3: saddr:100932208: daddr:33561200: srtt_us:1735176: RTT:216897: ssthresh:2147483647: cwnd:10: delivered:1: lost:0: retrans:0: loseo:0: stage:0: conn:0: RTT6:0: RTT7:0: delta:0
[  299.073079] AAAAA-TCP_SEND: name:enp0s3: saddr:33561200: daddr:100932208: srtt_us:1735176: RTT:216897: ssthresh:2147483647: cwnd:10: delivered:1: lost:0: retrans:0: loseo:0: stage:0: conn:0: RTT6:0: RTT7:0: delta:0
[  299.159047] AAAAA-TCP_RECV: name:enp0s3: saddr:100932208: daddr:33561200: srtt_us:1735176: RTT:216897: ssthresh:2147483647: cwnd:10: delivered:1: lost:0: retrans:0: loseo:0: stage:0: conn:0: RTT6:0: RTT7:0: delta:0
[  299.159071] AAAAA-TCP_SEND: name:enp0s3: saddr:33561200: daddr:100932208: srtt_us:1735176: RTT:216897: ssthresh:2147483647: cwnd:10: delivered:1: lost:0: retrans:0: loseo:0: stage:0: conn:0: RTT6:0: RTT7:0: delta:0
[  299.234026] AAAAA-TCP_RECV: name:enp0s3: saddr:100932208: daddr:33561200: srtt_us:1735176: RTT:216897: ssthresh:2147483647: cwnd:10: delivered:1: lost:0: retrans:0: loseo:0: stage:0: conn:0: RTT6:0: RTT7:0: delta:0
[  299.234049] AAAAA-TCP_SEND: name:enp0s3: saddr:33561200: daddr:100932208: srtt_us:1735176: RTT:216897: ssthresh:2147483647: cwnd:10: delivered:1: lost:0: retrans:0: loseo:0: stage:0: conn:0: RTT6:0: RTT7:0: delta:0
[  299.344699] AAAAA-TCP_RECV: name:enp0s3: saddr:100932208: daddr:33561200: srtt_us:1735176: RTT:216897: ssthresh:2147483647: cwnd:10: delivered:1: lost:0: retrans:0: loseo:0: stage:0: conn:0: RTT6:0: RTT7:0: delta:0
[  299.344723] AAAAA-TCP_SEND: name:enp0s3: saddr:33561200: daddr:100932208: srtt_us:1735176: RTT:216897: ssthresh:2147483647: cwnd:10: delivered:1: lost:0: retrans:0: loseo:0: stage:0: conn:0: RTT6:0: RTT7:0: delta:0
[  299.540335] AAAAA-TCP_RECV: name:enp0s3: saddr:100932208: daddr:33561200: srtt_us:1735176: RTT:216897: ssthresh:2147483647: cwnd:10: delivered:1: lost:0: retrans:0: loseo:0: stage:0: conn:0: RTT6:0: RTT7:0: delta:0
[  299.540359] AAAAA-TCP_SEND: name:enp0s3: saddr:33561200: daddr:100932208: srtt_us:1735176: RTT:216897: ssthresh:2147483647: cwnd:10: delivered:1: lost:0: retrans:0: loseo:0: stage:0: conn:0: RTT6:0: RTT7:0: delta:0
[  299.755591] AAAAA-TCP_RECV: name:enp0s3: saddr:100932208: daddr:33561200: srtt_us:1735176: RTT:216897: ssthresh:2147483647: cwnd:10: delivered:1: lost:0: retrans:0: loseo:0: stage:0: conn:0: RTT6:0: RTT7:0: delta:0
[  299.755616] AAAAA-TCP_SEND: name:enp0s3: saddr:33561200: daddr:100932208: srtt_us:1735176: RTT:216897: ssthresh:2147483647: cwnd:10: delivered:1: lost:0: retrans:0: loseo:0: stage:0: conn:0: RTT6:0: RTT7:0: delta:0
[  299.869885] AAAAA-TCP_RECV: name:enp0s3: saddr:100932208: daddr:33561200: srtt_us:1735176: RTT:216897: ssthresh:2147483647: cwnd:10: delivered:1: lost:0: retrans:0: loseo:0: stage:0: conn:0: RTT6:0: RTT7:0: delta:0
[  299.869910] AAAAA-TCP_SEND: name:enp0s3: saddr:33561200: daddr:100932208: srtt_us:1735176: RTT:216897: ssthresh:2147483647: cwnd:10: delivered:1: lost:0: retrans:0: loseo:0: stage:0: conn:0: RTT6:0: RTT7:0: delta:0
[  300.043561] AAAAA-TCP_RECV: name:enp0s3: saddr:100932208: daddr:33561200: srtt_us:1735176: RTT:216897: ssthresh:2147483647: cwnd:10: delivered:1: lost:0: retrans:0: loseo:0: stage:0: conn:0: RTT6:0: RTT7:0: delta:0
[  300.043586] AAAAA-TCP_SEND: name:enp0s3: saddr:33561200: daddr:100932208: srtt_us:1735176: RTT:216897: ssthresh:2147483647: cwnd:10: delivered:1: lost:0: retrans:0: loseo:0: stage:0: conn:0: RTT6:0: RTT7:0: delta:0
[  300.173129] AAAAA-TCP_RECV: name:enp0s3: saddr:100932208: daddr:33561200: srtt_us:1735176: RTT:216897: ssthresh:2147483647: cwnd:10: delivered:1: lost:0: retrans:0: loseo:0: stage:0: conn:0: RTT6:0: RTT7:0: delta:0
[  300.215033] AAAAA-TCP_SEND: name:enp0s3: saddr:33561200: daddr:100932208: srtt_us:1735176: RTT:216897: ssthresh:2147483647: cwnd:10: delivered:1: lost:0: retrans:0: loseo:0: stage:0: conn:0: RTT6:0: RTT7:0: delta:0
[  300.255490] AAAAA-TCP_RECV: name:enp0s3: saddr:100932208: daddr:33561200: srtt_us:1735176: RTT:216897: ssthresh:2147483647: cwnd:10: delivered:1: lost:0: retrans:0: loseo:0: stage:0: conn:0: RTT6:0: RTT7:0: delta:0
[  300.320706] AAAAA-TCP_RECV: name:enp0s3: saddr:100932208: daddr:33561200: srtt_us:1735176: RTT:216897: ssthresh:2147483647: cwnd:10: delivered:1: lost:0: retrans:0: loseo:0: stage:0: conn:0: RTT6:0: RTT7:0: delta:0
[  300.320733] AAAAA-TCP_SEND: name:enp0s3: saddr:33561200: daddr:100932208: srtt_us:1735176: RTT:216897: ssthresh:2147483647: cwnd:10: delivered:1: lost:0: retrans:0: loseo:0: stage:0: conn:0: RTT6:0: RTT7:0: delta:0
[  300.400355] AAAAA-TCP_RECV: name:enp0s3: saddr:100932208: daddr:33561200: srtt_us:1735176: RTT:216897: ssthresh:2147483647: cwnd:10: delivered:1: lost:0: retrans:0: loseo:0: stage:0: conn:0: RTT6:0: RTT7:0: delta:0
[  300.491159] AAAAA-TCP_RECV: name:enp0s3: saddr:100932208: daddr:16783984: srtt_us:4182336: RTT:522792: ssthresh:2147483647: cwnd:10: delivered:1: lost:0: retrans:0: loseo:0: stage:0: conn:0: RTT6:0: RTT7:0: delta:0
[  300.491181] AAAAA-TCP_SEND: name:enp0s3: saddr:16783984: daddr:100932208: srtt_us:4182336: RTT:522792: ssthresh:2147483647: cwnd:10: delivered:1: lost:0: retrans:0: loseo:0: stage:0: conn:0: RTT6:0: RTT7:0: delta:0
[  300.535029] AAAAA-TCP_SEND: name:enp0s3: saddr:33561200: daddr:100932208: srtt_us:1735176: RTT:216897: ssthresh:2147483647: cwnd:10: delivered:1: lost:0: retrans:0: loseo:0: stage:0: conn:0: RTT6:0: RTT7:0: delta:0
[  300.571807] AAAAA-TCP_RECV: name:enp0s3: saddr:100932208: daddr:16783984: srtt_us:4182336: RTT:522792: ssthresh:2147483647: cwnd:10: delivered:1: lost:0: retrans:0: loseo:0: stage:0: conn:0: RTT6:0: RTT7:0: delta:0
[  300.571830] AAAAA-TCP_SEND: name:enp0s3: saddr:16783984: daddr:100932208: srtt_us:4182336: RTT:522792: ssthresh:2147483647: cwnd:10: delivered:1: lost:0: retrans:0: loseo:0: stage:0: conn:0: RTT6:0: RTT7:0: delta:0
[  300.643118] AAAAA-TCP_RECV: name:enp0s3: saddr:100932208: daddr:16783984: srtt_us:4182336: RTT:522792: ssthresh:2147483647: cwnd:10: delivered:1: lost:0: retrans:0: loseo:0: stage:0: conn:0: RTT6:0: RTT7:0: delta:0
[  300.643142] AAAAA-TCP_SEND: name:enp0s3: saddr:16783984: daddr:100932208: srtt_us:4182336: RTT:522792: ssthresh:2147483647: cwnd:10: delivered:1: lost:0: retrans:0: loseo:0: stage:0: conn:0: RTT6:0: RTT7:0: delta:0
[  300.745820] AAAAA-TCP_RECV: name:enp0s3: saddr:100932208: daddr:16783984: srtt_us:4182336: RTT:522792: ssthresh:2147483647: cwnd:10: delivered:1: lost:0: retrans:0: loseo:0: stage:0: conn:0: RTT6:0: RTT7:0: delta:0
[  300.745844] AAAAA-TCP_SEND: name:enp0s3: saddr:16783984: daddr:100932208: srtt_us:4182336: RTT:522792: ssthresh:2147483647: cwnd:10: delivered:1: lost:0: retrans:0: loseo:0: stage:0: conn:0: RTT6:0: RTT7:0: delta:0
[  300.787618] AAAAA-TCP_RECV: name:enp0s3: saddr:100932208: daddr:16783984: srtt_us:4182336: RTT:522792: ssthresh:2147483647: cwnd:10: delivered:1: lost:0: retrans:0: loseo:0: stage:0: conn:0: RTT6:0: RTT7:0: delta:0
[  300.787640] AAAAA-TCP_SEND: name:enp0s3: saddr:16783984: daddr:100932208: srtt_us:4182336: RTT:522792: ssthresh:2147483647: cwnd:10: delivered:1: lost:0: retrans:0: loseo:0: stage:0: conn:0: RTT6:0: RTT7:0: delta:0
[  300.856723] AAAAA-TCP_RECV: name:enp0s3: saddr:100932208: daddr:16783984: srtt_us:4182336: RTT:522792: ssthresh:2147483647: cwnd:10: delivered:1: lost:0: retrans:0: loseo:0: stage:0: conn:0: RTT6:0: RTT7:0: delta:0
[  300.856747] AAAAA-TCP_SEND: name:enp0s3: saddr:16783984: daddr:100932208: srtt_us:4182336: RTT:522792: ssthresh:2147483647: cwnd:10: delivered:1: lost:0: retrans:0: loseo:0: stage:0: conn:0: RTT6:0: RTT7:0: delta:0
[  300.929241] AAAAA-TCP_RECV: name:enp0s3: saddr:100932208: daddr:16783984: srtt_us:4182336: RTT:522792: ssthresh:2147483647: cwnd:10: delivered:1: lost:0: retrans:0: loseo:0: stage:0: conn:0: RTT6:0: RTT7:0: delta:0
[  300.929264] AAAAA-TCP_SEND: name:enp0s3: saddr:16783984: daddr:100932208: srtt_us:4182336: RTT:522792: ssthresh:2147483647: cwnd:10: delivered:1: lost:0: retrans:0: loseo:0: stage:0: conn:0: RTT6:0: RTT7:0: delta:0
[  301.032705] AAAAA-TCP_RECV: name:enp0s3: saddr:100932208: daddr:16783984: srtt_us:4182336: RTT:522792: ssthresh:2147483647: cwnd:10: delivered:1: lost:0: retrans:0: loseo:0: stage:0: conn:0: RTT6:0: RTT7:0: delta:0
[  301.032728] AAAAA-TCP_SEND: name:enp0s3: saddr:16783984: daddr:100932208: srtt_us:4182336: RTT:522792: ssthresh:2147483647: cwnd:10: delivered:1: lost:0: retrans:0: loseo:0: stage:0: conn:0: RTT6:0: RTT7:0: delta:0
[  301.172259] AAAAA-TCP_RECV: name:enp0s3: saddr:100932208: daddr:16783984: srtt_us:4182336: RTT:522792: ssthresh:2147483647: cwnd:10: delivered:1: lost:0: retrans:0: loseo:0: stage:0: conn:0: RTT6:0: RTT7:0: delta:0
[  301.172297] AAAAA-TCP_SEND: name:enp0s3: saddr:16783984: daddr:100932208: srtt_us:4182336: RTT:522792: ssthresh:2147483647: cwnd:10: delivered:1: lost:0: retrans:0: loseo:0: stage:0: conn:0: RTT6:0: RTT7:0: delta:0
[  301.243828] AAAAA-TCP_RECV: name:enp0s3: saddr:100932208: daddr:16783984: srtt_us:4182336: RTT:522792: ssthresh:2147483647: cwnd:10: delivered:1: lost:0: retrans:0: loseo:0: stage:0: conn:0: RTT6:0: RTT7:0: delta:0
[  301.243853] AAAAA-TCP_SEND: name:enp0s3: saddr:16783984: daddr:100932208: srtt_us:4182336: RTT:522792: ssthresh:2147483647: cwnd:10: delivered:1: lost:0: retrans:0: loseo:0: stage:0: conn:0: RTT6:0: RTT7:0: delta:0
[  301.320264] AAAAA-TCP_RECV: name:enp0s3: saddr:100932208: daddr:16783984: srtt_us:4182336: RTT:522792: ssthresh:2147483647: cwnd:10: delivered:1: lost:0: retrans:0: loseo:0: stage:0: conn:0: RTT6:0: RTT7:0: delta:0
[  301.320286] AAAAA-TCP_SEND: name:enp0s3: saddr:16783984: daddr:100932208: srtt_us:4182336: RTT:522792: ssthresh:2147483647: cwnd:10: delivered:1: lost:0: retrans:0: loseo:0: stage:0: conn:0: RTT6:0: RTT7:0: delta:0
[  301.384660] AAAAA-TCP_RECV: name:enp0s3: saddr:100932208: daddr:16783984: srtt_us:4182336: RTT:522792: ssthresh:2147483647: cwnd:10: delivered:1: lost:0: retrans:0: loseo:0: stage:0: conn:0: RTT6:0: RTT7:0: delta:0
[  301.384682] AAAAA-TCP_SEND: name:enp0s3: saddr:16783984: daddr:100932208: srtt_us:4182336: RTT:522792: ssthresh:2147483647: cwnd:10: delivered:1: lost:0: retrans:0: loseo:0: stage:0: conn:0: RTT6:0: RTT7:0: delta:0
[  301.432346] AAAAA-TCP_RECV: name:enp0s3: saddr:100932208: daddr:16783984: srtt_us:4182336: RTT:522792: ssthresh:2147483647: cwnd:10: delivered:1: lost:0: retrans:0: loseo:0: stage:0: conn:0: RTT6:0: RTT7:0: delta:0
[  301.432370] AAAAA-TCP_SEND: name:enp0s3: saddr:16783984: daddr:100932208: srtt_us:4182336: RTT:522792: ssthresh:2147483647: cwnd:10: delivered:1: lost:0: retrans:0: loseo:0: stage:0: conn:0: RTT6:0: RTT7:0: delta:0
[  301.527344] AAAAA-TCP_RECV: name:enp0s3: saddr:100932208: daddr:16783984: srtt_us:4182336: RTT:522792: ssthresh:2147483647: cwnd:10: delivered:1: lost:0: retrans:0: loseo:0: stage:0: conn:0: RTT6:0: RTT7:0: delta:0
[  301.527367] AAAAA-TCP_SEND: name:enp0s3: saddr:16783984: daddr:100932208: srtt_us:4182336: RTT:522792: ssthresh:2147483647: cwnd:10: delivered:1: lost:0: retrans:0: loseo:0: stage:0: conn:0: RTT6:0: RTT7:0: delta:0
[  301.633498] AAAAA-TCP_RECV: name:enp0s3: saddr:100932208: daddr:16783984: srtt_us:4182336: RTT:522792: ssthresh:2147483647: cwnd:10: delivered:1: lost:0: retrans:0: loseo:0: stage:0: conn:0: RTT6:0: RTT7:0: delta:0
[  301.633521] AAAAA-TCP_SEND: name:enp0s3: saddr:16783984: daddr:100932208: srtt_us:4182336: RTT:522792: ssthresh:2147483647: cwnd:10: delivered:1: lost:0: retrans:0: loseo:0: stage:0: conn:0: RTT6:0: RTT7:0: delta:0
[  301.715570] AAAAA-TCP_RECV: name:enp0s3: saddr:100932208: daddr:16783984: srtt_us:4182336: RTT:522792: ssthresh:2147483647: cwnd:10: delivered:1: lost:0: retrans:0: loseo:0: stage:0: conn:0: RTT6:0: RTT7:0: delta:0
[  301.715596] AAAAA-TCP_SEND: name:enp0s3: saddr:16783984: daddr:100932208: srtt_us:4182336: RTT:522792: ssthresh:2147483647: cwnd:10: delivered:1: lost:0: retrans:0: loseo:0: stage:0: conn:0: RTT6:0: RTT7:0: delta:0
[  301.788671] AAAAA-TCP_RECV: name:enp0s3: saddr:100932208: daddr:16783984: srtt_us:4182336: RTT:522792: ssthresh:2147483647: cwnd:10: delivered:1: lost:0: retrans:0: loseo:0: stage:0: conn:0: RTT6:0: RTT7:0: delta:0
[  301.788695] AAAAA-TCP_SEND: name:enp0s3: saddr:16783984: daddr:100932208: srtt_us:4182336: RTT:522792: ssthresh:2147483647: cwnd:10: delivered:1: lost:0: retrans:0: loseo:0: stage:0: conn:0: RTT6:0: RTT7:0: delta:0
[  301.840997] AAAAA-TCP_RECV: name:enp0s3: saddr:100932208: daddr:16783984: srtt_us:4182336: RTT:522792: ssthresh:2147483647: cwnd:10: delivered:1: lost:0: retrans:0: loseo:0: stage:0: conn:0: RTT6:0: RTT7:0: delta:0
[  301.883040] AAAAA-TCP_SEND: name:enp0s3: saddr:16783984: daddr:100932208: srtt_us:4182336: RTT:522792: ssthresh:2147483647: cwnd:10: delivered:1: lost:0: retrans:0: loseo:0: stage:0: conn:0: RTT6:0: RTT7:0: delta:0
[  301.912857] AAAAA-TCP_RECV: name:enp0s3: saddr:100932208: daddr:16783984: srtt_us:4182336: RTT:522792: ssthresh:2147483647: cwnd:10: delivered:1: lost:0: retrans:0: loseo:0: stage:0: conn:0: RTT6:0: RTT7:0: delta:0
[  301.957713] AAAAA-TCP_RECV: name:enp0s3: saddr:100932208: daddr:16783984: srtt_us:4182336: RTT:522792: ssthresh:2147483647: cwnd:10: delivered:1: lost:0: retrans:0: loseo:0: stage:0: conn:0: RTT6:0: RTT7:0: delta:0
[  301.957752] AAAAA-TCP_SEND: name:enp0s3: saddr:16783984: daddr:100932208: srtt_us:4182336: RTT:522792: ssthresh:2147483647: cwnd:10: delivered:1: lost:0: retrans:0: loseo:0: stage:0: conn:0: RTT6:0: RTT7:0: delta:0
[  301.995365] AAAAA-TCP_RECV: name:enp0s3: saddr:100932208: daddr:16783984: srtt_us:4182336: RTT:522792: ssthresh:2147483647: cwnd:10: delivered:1: lost:0: retrans:0: loseo:0: stage:0: conn:0: RTT6:0: RTT7:0: delta:0
[  302.026995] AAAAA-TCP_RECV: name:enp0s3: saddr:100932208: daddr:16783984: srtt_us:4182336: RTT:522792: ssthresh:2147483647: cwnd:10: delivered:1: lost:0: retrans:0: loseo:0: stage:0: conn:0: RTT6:0: RTT7:0: delta:0
[  302.027018] AAAAA-TCP_SEND: name:enp0s3: saddr:16783984: daddr:100932208: srtt_us:4182336: RTT:522792: ssthresh:2147483647: cwnd:10: delivered:1: lost:0: retrans:0: loseo:0: stage:0: conn:0: RTT6:0: RTT7:0: delta:0
[  302.104699] AAAAA-TCP_RECV: name:enp0s3: saddr:100932208: daddr:16783984: srtt_us:4182336: RTT:522792: ssthresh:2147483647: cwnd:10: delivered:1: lost:0: retrans:0: loseo:0: stage:0: conn:0: RTT6:0: RTT7:0: delta:0
[  302.153750] AAAAA-TCP_RECV: name:enp0s3: saddr:100932208: daddr:16783984: srtt_us:4182336: RTT:522792: ssthresh:2147483647: cwnd:10: delivered:1: lost:0: retrans:0: loseo:0: stage:0: conn:0: RTT6:0: RTT7:0: delta:0
[  302.153774] AAAAA-TCP_SEND: name:enp0s3: saddr:16783984: daddr:100932208: srtt_us:4182336: RTT:522792: ssthresh:2147483647: cwnd:10: delivered:1: lost:0: retrans:0: loseo:0: stage:0: conn:0: RTT6:0: RTT7:0: delta:0
[  302.230495] AAAAA-TCP_RECV: name:enp0s3: saddr:100932208: daddr:16783984: srtt_us:4182336: RTT:522792: ssthresh:2147483647: cwnd:10: delivered:1: lost:0: retrans:0: loseo:0: stage:0: conn:0: RTT6:0: RTT7:0: delta:0
[  302.324707] AAAAA-TCP_RECV: name:enp0s3: saddr:100932208: daddr:33561200: srtt_us:1735176: RTT:216897: ssthresh:2147483647: cwnd:10: delivered:1: lost:0: retrans:0: loseo:0: stage:0: conn:0: RTT6:0: RTT7:0: delta:0
[  302.324731] AAAAA-TCP_SEND: name:enp0s3: saddr:33561200: daddr:100932208: srtt_us:1735176: RTT:216897: ssthresh:2147483647: cwnd:10: delivered:1: lost:0: retrans:0: loseo:0: stage:0: conn:0: RTT6:0: RTT7:0: delta:0
[  302.347032] AAAAA-TCP_SEND: name:enp0s3: saddr:16783984: daddr:100932208: srtt_us:4182336: RTT:522792: ssthresh:2147483647: cwnd:10: delivered:1: lost:0: retrans:0: loseo:0: stage:0: conn:0: RTT6:0: RTT7:0: delta:0
[  302.394651] AAAAA-TCP_RECV: name:enp0s3: saddr:100932208: daddr:33561200: srtt_us:1735176: RTT:216897: ssthresh:2147483647: cwnd:10: delivered:1: lost:0: retrans:0: loseo:0: stage:0: conn:0: RTT6:0: RTT7:0: delta:0
[  302.394674] AAAAA-TCP_SEND: name:enp0s3: saddr:33561200: daddr:100932208: srtt_us:1735176: RTT:216897: ssthresh:2147483647: cwnd:10: delivered:1: lost:0: retrans:0: loseo:0: stage:0: conn:0: RTT6:0: RTT7:0: delta:0
[  302.453724] AAAAA-TCP_RECV: name:enp0s3: saddr:100932208: daddr:33561200: srtt_us:1735176: RTT:216897: ssthresh:2147483647: cwnd:10: delivered:1: lost:0: retrans:0: loseo:0: stage:0: conn:0: RTT6:0: RTT7:0: delta:0
[  302.453747] AAAAA-TCP_SEND: name:enp0s3: saddr:33561200: daddr:100932208: srtt_us:1735176: RTT:216897: ssthresh:2147483647: cwnd:10: delivered:1: lost:0: retrans:0: loseo:0: stage:0: conn:0: RTT6:0: RTT7:0: delta:0
[  302.598935] AAAAA-TCP_RECV: name:enp0s3: saddr:100932208: daddr:33561200: srtt_us:1735176: RTT:216897: ssthresh:2147483647: cwnd:10: delivered:1: lost:0: retrans:0: loseo:0: stage:0: conn:0: RTT6:0: RTT7:0: delta:0
[  302.598959] AAAAA-TCP_SEND: name:enp0s3: saddr:33561200: daddr:100932208: srtt_us:1735176: RTT:216897: ssthresh:2147483647: cwnd:10: delivered:1: lost:0: retrans:0: loseo:0: stage:0: conn:0: RTT6:0: RTT7:0: delta:0
[  302.652177] AAAAA-TCP_RECV: name:enp0s3: saddr:100932208: daddr:33561200: srtt_us:1735176: RTT:216897: ssthresh:2147483647: cwnd:10: delivered:1: lost:0: retrans:0: loseo:0: stage:0: conn:0: RTT6:0: RTT7:0: delta:0
[  302.652201] AAAAA-TCP_SEND: name:enp0s3: saddr:33561200: daddr:100932208: srtt_us:1735176: RTT:216897: ssthresh:2147483647: cwnd:10: delivered:1: lost:0: retrans:0: loseo:0: stage:0: conn:0: RTT6:0: RTT7:0: delta:0
[  302.711784] AAAAA-TCP_RECV: name:enp0s3: saddr:100932208: daddr:33561200: srtt_us:1735176: RTT:216897: ssthresh:2147483647: cwnd:10: delivered:1: lost:0: retrans:0: loseo:0: stage:0: conn:0: RTT6:0: RTT7:0: delta:0
[  302.711807] AAAAA-TCP_SEND: name:enp0s3: saddr:33561200: daddr:100932208: srtt_us:1735176: RTT:216897: ssthresh:2147483647: cwnd:10: delivered:1: lost:0: retrans:0: loseo:0: stage:0: conn:0: RTT6:0: RTT7:0: delta:0
[  302.831913] AAAAA-TCP_RECV: name:enp0s3: saddr:100932208: daddr:33561200: srtt_us:1735176: RTT:216897: ssthresh:2147483647: cwnd:10: delivered:1: lost:0: retrans:0: loseo:0: stage:0: conn:0: RTT6:0: RTT7:0: delta:0
[  302.831937] AAAAA-TCP_SEND: name:enp0s3: saddr:33561200: daddr:100932208: srtt_us:1735176: RTT:216897: ssthresh:2147483647: cwnd:10: delivered:1: lost:0: retrans:0: loseo:0: stage:0: conn:0: RTT6:0: RTT7:0: delta:0
[  302.898570] AAAAA-TCP_RECV: name:enp0s3: saddr:100932208: daddr:33561200: srtt_us:1735176: RTT:216897: ssthresh:2147483647: cwnd:10: delivered:1: lost:0: retrans:0: loseo:0: stage:0: conn:0: RTT6:0: RTT7:0: delta:0
[  302.898594] AAAAA-TCP_SEND: name:enp0s3: saddr:33561200: daddr:100932208: srtt_us:1735176: RTT:216897: ssthresh:2147483647: cwnd:10: delivered:1: lost:0: retrans:0: loseo:0: stage:0: conn:0: RTT6:0: RTT7:0: delta:0
[  302.952557] AAAAA-TCP_RECV: name:enp0s3: saddr:100932208: daddr:33561200: srtt_us:1735176: RTT:216897: ssthresh:2147483647: cwnd:10: delivered:1: lost:0: retrans:0: loseo:0: stage:0: conn:0: RTT6:0: RTT7:0: delta:0
[  302.952581] AAAAA-TCP_SEND: name:enp0s3: saddr:33561200: daddr:100932208: srtt_us:1735176: RTT:216897: ssthresh:2147483647: cwnd:10: delivered:1: lost:0: retrans:0: loseo:0: stage:0: conn:0: RTT6:0: RTT7:0: delta:0
[  303.041704] AAAAA-TCP_RECV: name:enp0s3: saddr:100932208: daddr:33561200: srtt_us:1735176: RTT:216897: ssthresh:2147483647: cwnd:10: delivered:1: lost:0: retrans:0: loseo:0: stage:0: conn:0: RTT6:0: RTT7:0: delta:0
[  303.041728] AAAAA-TCP_SEND: name:enp0s3: saddr:33561200: daddr:100932208: srtt_us:1735176: RTT:216897: ssthresh:2147483647: cwnd:10: delivered:1: lost:0: retrans:0: loseo:0: stage:0: conn:0: RTT6:0: RTT7:0: delta:0
[  303.080250] AAAAA-TCP_RECV: name:enp0s3: saddr:100932208: daddr:33561200: srtt_us:1735176: RTT:216897: ssthresh:2147483647: cwnd:10: delivered:1: lost:0: retrans:0: loseo:0: stage:0: conn:0: RTT6:0: RTT7:0: delta:0
[  303.080273] AAAAA-TCP_SEND: name:enp0s3: saddr:33561200: daddr:100932208: srtt_us:1735176: RTT:216897: ssthresh:2147483647: cwnd:10: delivered:1: lost:0: retrans:0: loseo:0: stage:0: conn:0: RTT6:0: RTT7:0: delta:0
[  303.167673] AAAAA-TCP_RECV: name:enp0s3: saddr:100932208: daddr:33561200: srtt_us:1735176: RTT:216897: ssthresh:2147483647: cwnd:10: delivered:1: lost:0: retrans:0: loseo:0: stage:0: conn:0: RTT6:0: RTT7:0: delta:0
[  303.167697] AAAAA-TCP_SEND: name:enp0s3: saddr:33561200: daddr:100932208: srtt_us:1735176: RTT:216897: ssthresh:2147483647: cwnd:10: delivered:1: lost:0: retrans:0: loseo:0: stage:0: conn:0: RTT6:0: RTT7:0: delta:0
[  303.278195] AAAAA-TCP_RECV: name:enp0s3: saddr:100932208: daddr:33561200: srtt_us:1735176: RTT:216897: ssthresh:2147483647: cwnd:10: delivered:1: lost:0: retrans:0: loseo:0: stage:0: conn:0: RTT6:0: RTT7:0: delta:0
[  303.278225] AAAAA-TCP_SEND: name:enp0s3: saddr:33561200: daddr:100932208: srtt_us:1735176: RTT:216897: ssthresh:2147483647: cwnd:10: delivered:1: lost:0: retrans:0: loseo:0: stage:0: conn:0: RTT6:0: RTT7:0: delta:0
[  303.327944] AAAAA-TCP_RECV: name:enp0s3: saddr:100932208: daddr:33561200: srtt_us:1735176: RTT:216897: ssthresh:2147483647: cwnd:10: delivered:1: lost:0: retrans:0: loseo:0: stage:0: conn:0: RTT6:0: RTT7:0: delta:0
[  303.327970] AAAAA-TCP_SEND: name:enp0s3: saddr:33561200: daddr:100932208: srtt_us:1735176: RTT:216897: ssthresh:2147483647: cwnd:10: delivered:1: lost:0: retrans:0: loseo:0: stage:0: conn:0: RTT6:0: RTT7:0: delta:0
[  303.363493] AAAAA-TCP_RECV: name:enp0s3: saddr:100932208: daddr:33561200: srtt_us:1735176: RTT:216897: ssthresh:2147483647: cwnd:10: delivered:1: lost:0: retrans:0: loseo:0: stage:0: conn:0: RTT6:0: RTT7:0: delta:0
[  303.363515] AAAAA-TCP_SEND: name:enp0s3: saddr:33561200: daddr:100932208: srtt_us:1735176: RTT:216897: ssthresh:2147483647: cwnd:10: delivered:1: lost:0: retrans:0: loseo:0: stage:0: conn:0: RTT6:0: RTT7:0: delta:0
[  303.513121] AAAAA-TCP_RECV: name:enp0s3: saddr:100932208: daddr:33561200: srtt_us:1735176: RTT:216897: ssthresh:2147483647: cwnd:10: delivered:1: lost:0: retrans:0: loseo:0: stage:0: conn:0: RTT6:0: RTT7:0: delta:0
