[    0.000000] Linux version 5.4.243-dmptcp (root@ztg) (gcc version 12.2.0 (Debian 12.2.0-14+deb12u1)) #119 SMP Wed Dec 24 23:52:51 CST 2025
[    0.000000] Command line: BOOT_IMAGE=/boot/vmlinuz-5.4.243-dmptcp root=UUID=98415a12-53b7-4144-8265-0f7ece09e445 ro quiet splash
[    0.000000] KERNEL supported cpus:
[    0.000000]   Intel GenuineIntel
[    0.000000]   AMD AuthenticAMD
[    0.000000]   Hygon HygonGenuine
[    0.000000]   Centaur CentaurHauls
[    0.000000]   zhaoxin   Shanghai  
[    0.000000] x86/fpu: Supporting XSAVE feature 0x001: 'x87 floating point registers'
[    0.000000] x86/fpu: Supporting XSAVE feature 0x002: 'SSE registers'
[    0.000000] x86/fpu: Supporting XSAVE feature 0x004: 'AVX registers'
[    0.000000] x86/fpu: xstate_offset[2]:  576, xstate_sizes[2]:  256
[    0.000000] x86/fpu: Enabled xstate features 0x7, context size is 832 bytes, using 'standard' format.
[    0.000000] BIOS-provided physical RAM map:
[    0.000000] BIOS-e820: [mem 0x0000000000000000-0x000000000009fbff] usable
[    0.000000] BIOS-e820: [mem 0x000000000009fc00-0x000000000009ffff] reserved
[    0.000000] BIOS-e820: [mem 0x00000000000f0000-0x00000000000fffff] reserved
[    0.000000] BIOS-e820: [mem 0x0000000000100000-0x000000007ffeffff] usable
[    0.000000] BIOS-e820: [mem 0x000000007fff0000-0x000000007fffffff] ACPI data
[    0.000000] BIOS-e820: [mem 0x00000000fec00000-0x00000000fec00fff] reserved
[    0.000000] BIOS-e820: [mem 0x00000000fee00000-0x00000000fee00fff] reserved
[    0.000000] BIOS-e820: [mem 0x00000000fffc0000-0x00000000ffffffff] reserved
[    0.000000] NX (Execute Disable) protection: active
[    0.000000] SMBIOS 2.5 present.
[    0.000000] DMI: innotek GmbH VirtualBox/VirtualBox, BIOS VirtualBox 12/01/2006
[    0.000000] Hypervisor detected: KVM
[    0.000000] kvm-clock: Using msrs 4b564d01 and 4b564d00
[    0.000000] kvm-clock: cpu 0, msr 55801001, primary cpu clock
[    0.000000] kvm-clock: using sched offset of 4468648526 cycles
[    0.000003] clocksource: kvm-clock: mask: 0xffffffffffffffff max_cycles: 0x1cd42e4dffb, max_idle_ns: 881590591483 ns
[    0.000005] tsc: Detected 2100.000 MHz processor
[    0.001859] e820: update [mem 0x00000000-0x00000fff] usable ==> reserved
[    0.001861] e820: remove [mem 0x000a0000-0x000fffff] usable
[    0.001864] last_pfn = 0x7fff0 max_arch_pfn = 0x400000000
[    0.001934] MTRR default type: uncachable
[    0.001935] MTRR fixed ranges enabled:
[    0.001936]   00000-9FFFF write-back
[    0.001937]   A0000-BFFFF uncachable
[    0.001938]   C0000-FFFFF write-protect
[    0.001938] MTRR variable ranges enabled:
[    0.001940]   0 base 000000000000 mask 3FFF80000000 write-back
[    0.001940]   1 disabled
[    0.001941]   2 disabled
[    0.001941]   3 disabled
[    0.001942]   4 disabled
[    0.001942]   5 disabled
[    0.001943]   6 disabled
[    0.001943]   7 disabled
[    0.001943]   8 disabled
[    0.001944]   9 disabled
[    0.001944]   10 disabled
[    0.001945]   11 disabled
[    0.001945]   12 disabled
[    0.001946]   13 disabled
[    0.001946]   14 disabled
[    0.001946]   15 disabled
[    0.001962] x86/PAT: Configuration [0-7]: WB  WC  UC- UC  WB  WP  UC- WT  
[    0.002094] found SMP MP-table at [mem 0x0009fff0-0x0009ffff]
[    0.093259] check: Scanning 1 areas for low memory corruption
[    0.093501] RAMDISK: [mem 0x32271000-0x3512ffff]
[    0.093509] ACPI: Early table checksum verification disabled
[    0.093514] ACPI: RSDP 0x00000000000E0000 000024 (v02 VBOX  )
[    0.093519] ACPI: XSDT 0x000000007FFF0030 00003C (v01 VBOX   VBOXXSDT 00000001 ASL  00000061)
[    0.093525] ACPI: FACP 0x000000007FFF00F0 0000F4 (v04 VBOX   VBOXFACP 00000001 ASL  00000061)
[    0.093531] ACPI: DSDT 0x000000007FFF02E0 002353 (v02 VBOX   VBOXBIOS 00000002 VBOX 00029BF3)
[    0.093535] ACPI: FACS 0x000000007FFF0200 000040
[    0.093538] ACPI: FACS 0x000000007FFF0200 000040
[    0.093542] ACPI: APIC 0x000000007FFF0240 000054 (v02 VBOX   VBOXAPIC 00000001 ASL  00000061)
[    0.093545] ACPI: SSDT 0x000000007FFF02A0 000038 (v01 VBOX   VBOXCPUT 00000002 VBOX 00029BF3)
[    0.093549] ACPI: Reserving FACP table memory at [mem 0x7fff00f0-0x7fff01e3]
[    0.093550] ACPI: Reserving DSDT table memory at [mem 0x7fff02e0-0x7fff2632]
[    0.093550] ACPI: Reserving FACS table memory at [mem 0x7fff0200-0x7fff023f]
[    0.093551] ACPI: Reserving FACS table memory at [mem 0x7fff0200-0x7fff023f]
[    0.093552] ACPI: Reserving APIC table memory at [mem 0x7fff0240-0x7fff0293]
[    0.093552] ACPI: Reserving SSDT table memory at [mem 0x7fff02a0-0x7fff02d7]
[    0.093566] ACPI: Local APIC address 0xfee00000
[    0.093754] No NUMA configuration found
[    0.093755] Faking a node at [mem 0x0000000000000000-0x000000007ffeffff]
[    0.093765] NODE_DATA(0) allocated [mem 0x7ffc5000-0x7ffeffff]
[    0.094703] Zone ranges:
[    0.094704]   DMA      [mem 0x0000000000001000-0x0000000000ffffff]
[    0.094705]   DMA32    [mem 0x0000000001000000-0x000000007ffeffff]
[    0.094706]   Normal   empty
[    0.094707]   Device   empty
[    0.094708] Movable zone start for each node
[    0.094710] Early memory node ranges
[    0.094711]   node   0: [mem 0x0000000000001000-0x000000000009efff]
[    0.094711]   node   0: [mem 0x0000000000100000-0x000000007ffeffff]
[    0.095353] Zeroed struct page in unavailable ranges: 114 pages
[    0.095355] Initmem setup node 0 [mem 0x0000000000001000-0x000000007ffeffff]
[    0.095356] On node 0 totalpages: 524174
[    0.095358]   DMA zone: 64 pages used for memmap
[    0.095358]   DMA zone: 21 pages reserved
[    0.095359]   DMA zone: 3998 pages, LIFO batch:0
[    0.095434]   DMA32 zone: 8128 pages used for memmap
[    0.095435]   DMA32 zone: 520176 pages, LIFO batch:63
[    0.104419] ACPI: PM-Timer IO Port: 0x4008
[    0.104423] ACPI: Local APIC address 0xfee00000
[    0.104494] IOAPIC[0]: apic_id 1, version 32, address 0xfec00000, GSI 0-23
[    0.104497] ACPI: INT_SRC_OVR (bus 0 bus_irq 0 global_irq 2 dfl dfl)
[    0.104499] ACPI: INT_SRC_OVR (bus 0 bus_irq 9 global_irq 9 low level)
[    0.104501] ACPI: IRQ0 used by override.
[    0.104502] ACPI: IRQ9 used by override.
[    0.104505] Using ACPI (MADT) for SMP configuration information
[    0.104511] smpboot: Allowing 1 CPUs, 0 hotplug CPUs
[    0.104536] PM: Registered nosave memory: [mem 0x00000000-0x00000fff]
[    0.104537] PM: Registered nosave memory: [mem 0x0009f000-0x0009ffff]
[    0.104538] PM: Registered nosave memory: [mem 0x000a0000-0x000effff]
[    0.104538] PM: Registered nosave memory: [mem 0x000f0000-0x000fffff]
[    0.104540] [mem 0x80000000-0xfebfffff] available for PCI devices
[    0.104541] Booting paravirtualized kernel on KVM
[    0.104544] clocksource: refined-jiffies: mask: 0xffffffff max_cycles: 0xffffffff, max_idle_ns: 7645519600211568 ns
[    0.104549] setup_percpu: NR_CPUS:8192 nr_cpumask_bits:1 nr_cpu_ids:1 nr_node_ids:1
[    0.105521] percpu: Embedded 60 pages/cpu s208896 r8192 d28672 u2097152
[    0.105526] pcpu-alloc: s208896 r8192 d28672 u2097152 alloc=1*2097152
[    0.105527] pcpu-alloc: [0] 0 
[    0.105554] Built 1 zonelists, mobility grouping on.  Total pages: 515961
[    0.105555] Policy zone: DMA32
[    0.105556] Kernel command line: BOOT_IMAGE=/boot/vmlinuz-5.4.243-dmptcp root=UUID=98415a12-53b7-4144-8265-0f7ece09e445 ro quiet splash
[    0.106372] Dentry cache hash table entries: 262144 (order: 9, 2097152 bytes, linear)
[    0.106530] Inode-cache hash table entries: 131072 (order: 8, 1048576 bytes, linear)
[    0.106581] mem auto-init: stack:off, heap alloc:on, heap free:off
[    0.106584] Calgary: detecting Calgary via BIOS EBDA area
[    0.106585] Calgary: Unable to locate Rio Grande table in EBDA - bailing!
[    0.110617] Memory: 1967332K/2096696K available (14339K kernel code, 2399K rwdata, 4716K rodata, 2728K init, 17260K bss, 129364K reserved, 0K cma-reserved)
[    0.111535] SLUB: HWalign=64, Order=0-3, MinObjects=0, CPUs=1, Nodes=1
[    0.111552] ftrace: allocating 43203 entries in 169 pages
[    0.129638] rcu: Hierarchical RCU implementation.
[    0.129640] rcu: 	RCU restricting CPUs from NR_CPUS=8192 to nr_cpu_ids=1.
[    0.129641] 	Tasks RCU enabled.
[    0.129642] rcu: RCU calculated value of scheduler-enlistment delay is 25 jiffies.
[    0.129642] rcu: Adjusting geometry for rcu_fanout_leaf=16, nr_cpu_ids=1
[    0.132610] NR_IRQS: 524544, nr_irqs: 256, preallocated irqs: 16
[    0.132831] random: crng init done
[    0.142116] Console: colour VGA+ 80x25
[    0.142120] printk: console [tty0] enabled
[    0.142143] ACPI: Core revision 20190816
[    0.142243] APIC: Switch to symmetric I/O mode setup
[    0.142507] x2apic enabled
[    0.142744] Switched APIC routing to physical x2apic.
[    0.143875] ..TIMER: vector=0x30 apic1=0 pin1=2 apic2=-1 pin2=-1
[    0.143901] clocksource: tsc-early: mask: 0xffffffffffffffff max_cycles: 0x1e4530a99b6, max_idle_ns: 440795257976 ns
[    0.143906] Calibrating delay loop (skipped) preset value.. 4200.00 BogoMIPS (lpj=8400000)
[    0.143908] pid_max: default: 32768 minimum: 301
[    0.143938] LSM: Security Framework initializing
[    0.143947] Yama: becoming mindful.
[    0.143973] AppArmor: AppArmor initialized
[    0.144007] Mount-cache hash table entries: 4096 (order: 3, 32768 bytes, linear)
[    0.144012] Mountpoint-cache hash table entries: 4096 (order: 3, 32768 bytes, linear)
[    0.144023] *** VALIDATE tmpfs ***
[    0.144151] *** VALIDATE proc ***
[    0.144192] *** VALIDATE cgroup1 ***
[    0.144193] *** VALIDATE cgroup2 ***
[    0.144334] process: using mwait in idle threads
[    0.144339] Last level iTLB entries: 4KB 64, 2MB 8, 4MB 8
[    0.144339] Last level dTLB entries: 4KB 64, 2MB 0, 4MB 0, 1GB 4
[    0.144359] Spectre V1 : Mitigation: usercopy/swapgs barriers and __user pointer sanitization
[    0.144364] Spectre V2 : Mitigation: Retpolines
[    0.144365] Spectre V2 : Spectre v2 / SpectreRSB mitigation: Filling RSB on context switch
[    0.144365] Spectre V2 : Spectre v2 / SpectreRSB : Filling RSB on VMEXIT
[    0.144366] RETBleed: WARNING: Spectre v2 mitigation leaves CPU vulnerable to RETBleed attacks, data leaks possible!
[    0.144720] RETBleed: Vulnerable
[    0.144721] Speculative Store Bypass: Vulnerable
[    0.144726] TAA: Mitigation: TSX disabled
[    0.144726] MMIO Stale Data: Mitigation: Clear CPU buffers
[    0.148954] Freeing SMP alternatives memory: 40K
[    0.261265] smpboot: CPU0: Intel(R) Xeon(R) Silver 4216 CPU @ 2.10GHz (family: 0x6, model: 0x55, stepping: 0x7)
[    0.261401] Performance Events: unsupported p6 CPU model 85 no PMU driver, software events only.
[    0.261438] rcu: Hierarchical SRCU implementation.
[    0.261907] NMI watchdog: Perf NMI watchdog permanently disabled
[    0.261944] smp: Bringing up secondary CPUs ...
[    0.261945] smp: Brought up 1 node, 1 CPU
[    0.261946] smpboot: Max logical packages: 1
[    0.261947] smpboot: Total of 1 processors activated (4200.00 BogoMIPS)
[    0.262909] devtmpfs: initialized
[    0.262960] x86/mm: Memory block size: 128MB
[    0.263309] clocksource: jiffies: mask: 0xffffffff max_cycles: 0xffffffff, max_idle_ns: 7645041785100000 ns
[    0.263315] futex hash table entries: 256 (order: 2, 16384 bytes, linear)
[    0.263359] pinctrl core: initialized pinctrl subsystem
[    0.263459] PM: RTC time: 11:26:30, date: 2026-01-11
[    0.263565] NET: Registered protocol family 16
[    0.263638] audit: initializing netlink subsys (disabled)
[    0.263762] EISA bus registered
[    0.263764] cpuidle: using governor ladder
[    0.263765] cpuidle: using governor menu
[    0.263801] ACPI: bus type PCI registered
[    0.263802] acpiphp: ACPI Hot Plug PCI Controller Driver version: 0.5
[    0.263902] PCI: Using configuration type 1 for base access
[    0.264257] audit: type=2000 audit(1768101996.742:1): state=initialized audit_enabled=0 res=1
[    0.264335] HugeTLB registered 2.00 MiB page size, pre-allocated 0 pages
[    0.265148] ACPI: Added _OSI(Module Device)
[    0.265148] ACPI: Added _OSI(Processor Device)
[    0.265149] ACPI: Added _OSI(3.0 _SCP Extensions)
[    0.265150] ACPI: Added _OSI(Processor Aggregator Device)
[    0.265151] ACPI: Added _OSI(Linux-Dell-Video)
[    0.265152] ACPI: Added _OSI(Linux-Lenovo-NV-HDMI-Audio)
[    0.265152] ACPI: Added _OSI(Linux-HPI-Hybrid-Graphics)
[    0.267127] ACPI: 2 ACPI AML tables successfully acquired and loaded
[    0.268673] ACPI: Interpreter enabled
[    0.268684] ACPI: (supports S0 S5)
[    0.268685] ACPI: Using IOAPIC for interrupt routing
[    0.268889] PCI: Using host bridge windows from ACPI; if necessary, use "pci=nocrs" and report a bug
[    0.268993] ACPI: Enabled 2 GPEs in block 00 to 07
[    0.274631] ACPI: PCI Root Bridge [PCI0] (domain 0000 [bus 00-ff])
[    0.274636] acpi PNP0A03:00: _OSC: OS supports [ASPM ClockPM Segments MSI HPX-Type3]
[    0.275125] acpi PNP0A03:00: _OSC: not requesting OS control; OS requires [ExtendedConfig ASPM ClockPM MSI]
[    0.275134] acpi PNP0A03:00: fail to add MMCONFIG information, can't access extended PCI configuration space under this bridge.
[    0.275615] PCI host bridge to bus 0000:00
[    0.275618] pci_bus 0000:00: root bus resource [io  0x0000-0x0cf7 window]
[    0.275620] pci_bus 0000:00: root bus resource [io  0x0d00-0xffff window]
[    0.275622] pci_bus 0000:00: root bus resource [mem 0x000a0000-0x000bffff window]
[    0.275623] pci_bus 0000:00: root bus resource [mem 0x80000000-0xfdffffff window]
[    0.275624] pci_bus 0000:00: root bus resource [bus 00-ff]
[    0.275669] pci 0000:00:00.0: [8086:1237] type 00 class 0x060000
[    0.276954] pci 0000:00:01.0: [8086:7000] type 00 class 0x060100
[    0.277802] pci 0000:00:01.1: [8086:7111] type 00 class 0x01018a
[    0.278188] pci 0000:00:01.1: reg 0x20: [io  0xd000-0xd00f]
[    0.278346] pci 0000:00:01.1: legacy IDE quirk: reg 0x10: [io  0x01f0-0x01f7]
[    0.278347] pci 0000:00:01.1: legacy IDE quirk: reg 0x14: [io  0x03f6]
[    0.278348] pci 0000:00:01.1: legacy IDE quirk: reg 0x18: [io  0x0170-0x0177]
[    0.278349] pci 0000:00:01.1: legacy IDE quirk: reg 0x1c: [io  0x0376]
[    0.278930] pci 0000:00:02.0: [15ad:0405] type 00 class 0x030000
[    0.281981] pci 0000:00:02.0: reg 0x10: [io  0xd010-0xd01f]
[    0.283952] pci 0000:00:02.0: reg 0x14: [mem 0xe0000000-0xe7ffffff pref]
[    0.286576] pci 0000:00:02.0: reg 0x18: [mem 0xf0000000-0xf01fffff]
[    0.296699] pci 0000:00:03.0: [1022:2000] type 00 class 0x020000
[    0.297386] pci 0000:00:03.0: reg 0x10: [io  0xd020-0xd03f]
[    0.300051] pci 0000:00:03.0: reg 0x14: [mem 0xf0200000-0xf0200fff]
[    0.303949] pci 0000:00:04.0: [80ee:cafe] type 00 class 0x088000
[    0.304688] pci 0000:00:04.0: reg 0x10: [io  0xd040-0xd05f]
[    0.305333] pci 0000:00:04.0: reg 0x14: [mem 0xf0400000-0xf07fffff]
[    0.305977] pci 0000:00:04.0: reg 0x18: [mem 0xf0800000-0xf0803fff pref]
[    0.309295] pci 0000:00:07.0: [8086:7113] type 00 class 0x068000
[    0.309879] pci 0000:00:07.0: quirk: [io  0x4000-0x403f] claimed by PIIX4 ACPI
[    0.309890] pci 0000:00:07.0: quirk: [io  0x4100-0x410f] claimed by PIIX4 SMB
[    0.310547] pci 0000:00:08.0: [8086:100e] type 00 class 0x020000
[    0.311277] pci 0000:00:08.0: reg 0x10: [mem 0xf0820000-0xf083ffff]
[    0.312580] pci 0000:00:08.0: reg 0x18: [io  0xd060-0xd067]
[    0.315979] pci 0000:00:09.0: [8086:100e] type 00 class 0x020000
[    0.316743] pci 0000:00:09.0: reg 0x10: [mem 0xf0840000-0xf085ffff]
[    0.317969] pci 0000:00:09.0: reg 0x18: [io  0xd068-0xd06f]
[    0.329084] ACPI: PCI Interrupt Link [LNKA] (IRQs 5 9 10 *11)
[    0.329382] ACPI: PCI Interrupt Link [LNKB] (IRQs 5 9 *10 11)
[    0.329497] ACPI: PCI Interrupt Link [LNKC] (IRQs 5 *9 10 11)
[    0.329620] ACPI: PCI Interrupt Link [LNKD] (IRQs 5 9 10 *11)
[    0.329931] iommu: Default domain type: Translated 
[    0.329998] pci 0000:00:02.0: vgaarb: setting as boot VGA device
[    0.330000] pci 0000:00:02.0: vgaarb: VGA device added: decodes=io+mem,owns=io+mem,locks=none
[    0.330002] pci 0000:00:02.0: vgaarb: bridge control possible
[    0.330003] vgaarb: loaded
[    0.330255] SCSI subsystem initialized
[    0.330291] libata version 3.00 loaded.
[    0.330319] ACPI: bus type USB registered
[    0.330333] usbcore: registered new interface driver usbfs
[    0.330340] usbcore: registered new interface driver hub
[    0.330348] usbcore: registered new device driver usb
[    0.330377] pps_core: LinuxPPS API ver. 1 registered
[    0.330378] pps_core: Software ver. 5.3.6 - Copyright 2005-2007 Rodolfo Giometti <giometti@linux.it>
[    0.330382] PTP clock support registered
[    0.330425] EDAC MC: Ver: 3.0.0
[    0.332062] PCI: Using ACPI for IRQ routing
[    0.332063] PCI: pci_cache_line_size set to 64 bytes
[    0.332232] e820: reserve RAM buffer [mem 0x0009fc00-0x0009ffff]
[    0.332236] e820: reserve RAM buffer [mem 0x7fff0000-0x7fffffff]
[    0.333013] NetLabel: Initializing
[    0.333014] NetLabel:  domain hash size = 128
[    0.333014] NetLabel:  protocols = UNLABELED CIPSOv4 CALIPSO
[    0.333033] NetLabel:  unlabeled traffic allowed by default
[    0.333981] clocksource: Switched to clocksource kvm-clock
[    0.348339] *** VALIDATE bpf ***
[    0.348339] VFS: Disk quotas dquot_6.6.0
[    0.348339] VFS: Dquot-cache hash table entries: 512 (order 0, 4096 bytes)
[    0.348339] *** VALIDATE ramfs ***
[    0.348339] *** VALIDATE hugetlbfs ***
[    0.348339] AppArmor: AppArmor Filesystem Enabled
[    0.348339] pnp: PnP ACPI init
[    0.348339] pnp 00:00: Plug and Play ACPI device, IDs PNP0303 (active)
[    0.348746] pnp 00:01: Plug and Play ACPI device, IDs PNP0f03 (active)
[    0.349499] pnp: PnP ACPI: found 2 devices
[    0.350498] thermal_sys: Registered thermal governor 'fair_share'
[    0.350499] thermal_sys: Registered thermal governor 'bang_bang'
[    0.350499] thermal_sys: Registered thermal governor 'step_wise'
[    0.350500] thermal_sys: Registered thermal governor 'user_space'
[    0.350501] thermal_sys: Registered thermal governor 'power_allocator'
[    0.355031] clocksource: acpi_pm: mask: 0xffffff max_cycles: 0xffffff, max_idle_ns: 2085701024 ns
[    0.355072] pci_bus 0000:00: resource 4 [io  0x0000-0x0cf7 window]
[    0.355074] pci_bus 0000:00: resource 5 [io  0x0d00-0xffff window]
[    0.355075] pci_bus 0000:00: resource 6 [mem 0x000a0000-0x000bffff window]
[    0.355076] pci_bus 0000:00: resource 7 [mem 0x80000000-0xfdffffff window]
[    0.355134] NET: Registered protocol family 2
[    0.355134] IP idents hash table entries: 32768 (order: 6, 262144 bytes, linear)
[    0.355134] MPTCP tokens hash table entries: 8192 (order: 4, 65536 bytes, linear)
[    0.355134] MPTCP request tokens hash table entries: 8192 (order: 4, 65536 bytes, linear)
[    0.355134] default registered
[    0.355134] default registered
[    0.355134] MPTCP: Stable release v0.96
[    0.355134] tcp_listen_portaddr_hash hash table entries: 1024 (order: 2, 16384 bytes, linear)
[    0.355134] TCP established hash table entries: 16384 (order: 5, 131072 bytes, linear)
[    0.355134] TCP bind hash table entries: 16384 (order: 6, 262144 bytes, linear)
[    0.355134] TCP: Hash tables configured (established 16384 bind 16384)
[    0.356568] UDP hash table entries: 1024 (order: 3, 32768 bytes, linear)
[    0.356579] UDP-Lite hash table entries: 1024 (order: 3, 32768 bytes, linear)
[    0.356617] NET: Registered protocol family 1
[    0.356626] NET: Registered protocol family 44
[    0.356649] pci 0000:00:00.0: Limiting direct PCI/PCI transfers
[    0.356662] pci 0000:00:01.0: Activating ISA DMA hang workarounds
[    0.356714] pci 0000:00:02.0: Video device with shadowed ROM at [mem 0x000c0000-0x000dffff]
[    0.356779] PCI: CLS 0 bytes, default 64
[    0.356825] Trying to unpack rootfs image as initramfs...
[    0.527853] Freeing initrd memory: 47868K
[    0.527853] clocksource: tsc: mask: 0xffffffffffffffff max_cycles: 0x1e4530a99b6, max_idle_ns: 440795257976 ns
[    0.527853] clocksource: Switched to clocksource tsc
[    0.527853] platform rtc_cmos: registered platform RTC device (no PNP device found)
[    0.527853] check: Scanning for low memory corruption every 60 seconds
[    0.527853] Initialise system trusted keyrings
[    0.527853] Key type blacklist registered
[    0.527853] workingset: timestamp_bits=36 max_order=19 bucket_order=0
[    0.527853] zbud: loaded
[    0.527853] squashfs: version 4.0 (2009/01/31) Phillip Lougher
[    0.527853] fuse: init (API version 7.31)
[    0.527853] *** VALIDATE fuse ***
[    0.527853] *** VALIDATE fuse ***
[    0.527853] Platform Keyring initialized
[    0.527853] Key type asymmetric registered
[    0.527853] Asymmetric key parser 'x509' registered
[    0.527853] Block layer SCSI generic (bsg) driver version 0.4 loaded (major 244)
[    0.527853] io scheduler mq-deadline registered
[    0.527853] shpchp: Standard Hot Plug PCI Controller Driver version: 0.4
[    0.539555] ACPI: AC Adapter [AC] (on-line)
[    0.539605] input: Power Button as /devices/LNXSYSTM:00/LNXPWRBN:00/input/input0
[    0.539629] ACPI: Power Button [PWRF]
[    0.539710] input: Sleep Button as /devices/LNXSYSTM:00/LNXSLPBN:00/input/input1
[    0.539723] ACPI: Sleep Button [SLPF]
[    0.539951] Serial: 8250/16550 driver, 32 ports, IRQ sharing enabled
[    0.541080] Linux agpgart interface v0.103
[    0.631114] loop: module loaded
[    0.631263] ata_piix 0000:00:01.1: version 2.13
[    0.631659] scsi host0: ata_piix
[    0.631746] scsi host1: ata_piix
[    0.631771] ata1: PATA max UDMA/33 cmd 0x1f0 ctl 0x3f6 bmdma 0xd000 irq 14
[    0.631772] ata2: PATA max UDMA/33 cmd 0x170 ctl 0x376 bmdma 0xd008 irq 15
[    0.631849] tun: Universal TUN/TAP device driver, 1.6
[    0.632159] PPP generic driver version 2.4.2
[    0.632205] VFIO - User Level meta-driver version: 0.3
[    0.632440] ehci_hcd: USB 2.0 'Enhanced' Host Controller (EHCI) Driver
[    0.632443] ehci-pci: EHCI PCI platform driver
[    0.632458] ehci-platform: EHCI generic platform driver
[    0.632463] ohci_hcd: USB 1.1 'Open' Host Controller (OHCI) Driver
[    0.632465] ohci-pci: OHCI PCI platform driver
[    0.632470] ohci-platform: OHCI generic platform driver
[    0.632475] uhci_hcd: USB Universal Host Controller Interface driver
[    0.632539] i8042: PNP: PS/2 Controller [PNP0303:PS2K,PNP0f03:PS2M] at 0x60,0x64 irq 1,12
[    0.632976] serio: i8042 KBD port at 0x60,0x64 irq 1
[    0.632979] serio: i8042 AUX port at 0x60,0x64 irq 12
[    0.633065] mousedev: PS/2 mouse device common for all mice
[    0.633326] input: AT Translated Set 2 keyboard as /devices/platform/i8042/serio0/input/input2
[    0.633741] rtc_cmos rtc_cmos: registered as rtc0
[    0.633753] rtc_cmos rtc_cmos: alarms up to one day, 114 bytes nvram
[    0.633758] i2c /dev entries driver
[    0.633804] device-mapper: uevent: version 1.0.3
[    0.633845] device-mapper: ioctl: 4.41.0-ioctl (2019-09-16) initialised: dm-devel@redhat.com
[    0.633866] platform eisa.0: Probing EISA bus 0
[    0.633867] platform eisa.0: EISA: Cannot allocate resource for mainboard
[    0.633869] platform eisa.0: Cannot allocate resource for EISA slot 1
[    0.633870] platform eisa.0: Cannot allocate resource for EISA slot 2
[    0.633871] platform eisa.0: Cannot allocate resource for EISA slot 3
[    0.633872] platform eisa.0: Cannot allocate resource for EISA slot 4
[    0.633873] platform eisa.0: Cannot allocate resource for EISA slot 5
[    0.633874] platform eisa.0: Cannot allocate resource for EISA slot 6
[    0.633874] platform eisa.0: Cannot allocate resource for EISA slot 7
[    0.633875] platform eisa.0: Cannot allocate resource for EISA slot 8
[    0.633876] platform eisa.0: EISA: Detected 0 cards
[    0.633879] intel_pstate: CPU model not supported
[    0.633889] ledtrig-cpu: registered to indicate activity on CPUs
[    0.633941] drop_monitor: Initializing network drop monitor service
[    0.634101] NET: Registered protocol family 10
[    0.639162] Segment Routing with IPv6
[    0.639192] fullmesh registered
[    0.639193] ndiffports registered
[    0.639195] binder registered
[    0.639196] roundrobin registered
[    0.639196] mps registered
[    0.639197] redundant registered
[    0.639197] blest registered
[    0.639198] ecf registered
[    0.639200] NET: Registered protocol family 17
[    0.639230] Key type dns_resolver registered
[    0.639259] RAS: Correctable Errors collector initialized.
[    0.639259] IPI shorthand broadcast: enabled
[    0.639259] sched_clock: Marking stable (624178464, 11081179)->(635991079, -731436)
[    0.639403] registered taskstats version 1
[    0.639413] Loading compiled-in X.509 certificates
[    0.639995] Loaded X.509 cert 'Build time autogenerated kernel key: 6909f3744cebb3d0de528d5887b96a727de79b1e'
[    0.640013] zswap: loaded using pool lzo/zbud
[    0.640064] Key type ._fscrypt registered
[    0.640065] Key type .fscrypt registered
[    0.644515] Key type big_key registered
[    0.646724] Key type encrypted registered
[    0.646726] AppArmor: AppArmor sha1 policy hashing enabled
[    0.646734] ima: No TPM chip found, activating TPM-bypass!
[    0.646737] ima: Allocated hash algorithm: sha1
[    0.646743] ima: No architecture policies found
[    0.646752] evm: Initialising EVM extended attributes:
[    0.646752] evm: security.selinux
[    0.646753] evm: security.SMACK64
[    0.646753] evm: security.SMACK64EXEC
[    0.646754] evm: security.SMACK64TRANSMUTE
[    0.646754] evm: security.SMACK64MMAP
[    0.646755] evm: security.apparmor
[    0.646755] evm: security.ima
[    0.646756] evm: security.capability
[    0.646756] evm: HMAC attrs: 0x1
[    0.647044] PM:   Magic number: 10:335:428
[    0.647158] rtc_cmos rtc_cmos: setting system clock to 2026-01-11T11:26:31 UTC (1768130791)
[    0.804237] ata1.00: ATA-6: VBOX HARDDISK, 1.0, max UDMA/133
[    0.804240] ata1.00: 209715200 sectors, multi 128: LBA 
[    0.804898] scsi 0:0:0:0: Direct-Access     ATA      VBOX HARDDISK    1.0  PQ: 0 ANSI: 5
[    0.805186] sd 0:0:0:0: [sda] 209715200 512-byte logical blocks: (107 GB/100 GiB)
[    0.805199] sd 0:0:0:0: [sda] Write Protect is off
[    0.805202] sd 0:0:0:0: [sda] Mode Sense: 00 3a 00 00
[    0.805222] sd 0:0:0:0: [sda] Write cache: enabled, read cache: enabled, doesn't support DPO or FUA
[    0.805542] sd 0:0:0:0: Attached scsi generic sg0 type 0
[    0.806364]  sda: sda1 sda2
[    0.815416] sd 0:0:0:0: [sda] Attached SCSI disk
[    0.820661] Freeing unused decrypted memory: 2040K
[    0.822026] Freeing unused kernel image memory: 2728K
[    0.822030] Write protecting the kernel read-only data: 22528k
[    0.823505] Freeing unused kernel image memory: 2036K
[    0.824287] Freeing unused kernel image memory: 1428K
[    0.860751] x86/mm: Checked W+X mappings: passed, no W+X pages found.
[    0.860757] Run /init as init process
[    0.970902] ACPI: Video Device [GFX0] (multi-head: yes  rom: no  post: no)
[    0.970973] input: Video Bus as /devices/LNXSYSTM:00/LNXSYBUS:00/PNP0A03:00/LNXVIDEO:00/input/input4
[    0.982417] pcnet32: pcnet32.c:v1.35 21.Apr.2008 tsbogend@alpha.franken.de
[    0.984076] piix4_smbus 0000:00:07.0: SMBus Host Controller at 0x4100, revision 0
[    0.986570] e1000: Intel(R) PRO/1000 Network Driver - version 7.3.21-k8-NAPI
[    0.986571] e1000: Copyright (c) 1999-2006 Intel Corporation.
[    1.001554] pcnet32: PCnet/FAST III 79C973 at 0xd020, 08:00:27:72:1a:a5 assigned IRQ 19
[    1.001601] pcnet32: Found PHY 0022:561b at address 0
[    1.001909] pcnet32: eth0: registered as PCnet/FAST III 79C973
[    1.004912] pcnet32: 1 cards_found
[    1.061583] pcnet32 0000:00:03.0 enp0s3: renamed from eth0
[    1.205409] input: ImExPS/2 Generic Explorer Mouse as /devices/platform/i8042/serio1/input/input5
[    1.400939] e1000 0000:00:08.0 eth0: (PCI:33MHz:32-bit) 08:00:27:bb:84:73
[    1.400942] e1000 0000:00:08.0 eth0: Intel(R) PRO/1000 Network Connection
[    1.775352] e1000 0000:00:09.0 eth1: (PCI:33MHz:32-bit) 08:00:27:45:fb:e2
[    1.775355] e1000 0000:00:09.0 eth1: Intel(R) PRO/1000 Network Connection
[    1.776520] e1000 0000:00:09.0 enp0s9: renamed from eth1
[    1.778363] e1000 0000:00:08.0 enp0s8: renamed from eth0
[    1.932093] EXT4-fs (sda2): mounted filesystem with ordered data mode. Opts: (null)
[    2.029580] systemd[1]: Inserted module 'autofs4'
[    2.043969] systemd[1]: systemd 245.4-4ubuntu3 running in system mode. (+PAM +AUDIT +SELINUX +IMA +APPARMOR +SMACK +SYSVINIT +UTMP +LIBCRYPTSETUP +GCRYPT +GNUTLS +ACL +XZ +LZ4 +SECCOMP +BLKID +ELFUTILS +KMOD +IDN2 -IDN +PCRE2 default-hierarchy=hybrid)
[    2.043996] systemd[1]: Detected virtualization oracle.
[    2.043999] systemd[1]: Detected architecture x86-64.
[    2.045296] systemd[1]: Set hostname to <ztg>.
[    2.174090] systemd[1]: /lib/systemd/system/dbus.socket:5: ListenStream= references a path below legacy directory /var/run/, updating /var/run/dbus/system_bus_socket â†’ /run/dbus/system_bus_socket; please update the unit file accordingly.
[    2.233198] systemd[1]: Created slice system-modprobe.slice.
[    2.233384] systemd[1]: Created slice User and Session Slice.
[    2.233430] systemd[1]: Started Forward Password Requests to Wall Directory Watch.
[    2.233582] systemd[1]: Set up automount Arbitrary Executable File Formats File System Automount Point.
[    2.233613] systemd[1]: Reached target User and Group Name Lookups.
[    2.233641] systemd[1]: Reached target Remote File Systems.
[    2.233651] systemd[1]: Reached target Slices.
[    2.234252] systemd[1]: Listening on Syslog Socket.
[    2.234319] systemd[1]: Listening on fsck to fsckd communication Socket.
[    2.234356] systemd[1]: Listening on initctl Compatibility Named Pipe.
[    2.234489] systemd[1]: Listening on Journal Audit Socket.
[    2.234538] systemd[1]: Listening on Journal Socket (/dev/log).
[    2.234606] systemd[1]: Listening on Journal Socket.
[    2.234670] systemd[1]: Listening on udev Control Socket.
[    2.234708] systemd[1]: Listening on udev Kernel Socket.
[    2.235478] systemd[1]: Mounting Huge Pages File System...
[    2.236379] systemd[1]: Mounting POSIX Message Queue File System...
[    2.237210] systemd[1]: Mounting Kernel Debug File System...
[    2.238045] systemd[1]: Mounting Kernel Trace File System...
[    2.239908] systemd[1]: Starting Journal Service...
[    2.261428] systemd[1]: Starting Set the console keyboard layout...
[    2.269501] systemd[1]: Starting Create list of static device nodes for the current kernel...
[    2.271337] systemd[1]: Starting Load Kernel Module drm...
[    2.272364] systemd[1]: Condition check resulted in Set Up Additional Binary Formats being skipped.
[    2.272409] systemd[1]: Condition check resulted in File System Check on Root Device being skipped.
[    2.287088] systemd[1]: Starting Load Kernel Modules...
[    2.295850] systemd[1]: Starting Remount Root and Kernel File Systems...
[    2.303026] systemd[1]: Starting udev Coldplug all Devices...
[    2.328883] systemd[1]: Starting Uncomplicated firewall...
[    2.330538] systemd[1]: Mounted Huge Pages File System.
[    2.330626] systemd[1]: Mounted POSIX Message Queue File System.
[    2.330698] systemd[1]: Mounted Kernel Debug File System.
[    2.330766] systemd[1]: Mounted Kernel Trace File System.
[    2.331257] EXT4-fs (sda2): re-mounted. Opts: errors=remount-ro
[    2.340508] systemd[1]: Finished Create list of static device nodes for the current kernel.
[    2.341358] systemd[1]: modprobe@drm.service: Succeeded.
[    2.342745] systemd[1]: Finished Load Kernel Module drm.
[    2.347428] systemd[1]: Finished Remount Root and Kernel File Systems.
[    2.363285] systemd[1]: Finished Uncomplicated firewall.
[    2.365245] lp: driver loaded but no devices found
[    2.365490] systemd[1]: Condition check resulted in Rebuild Hardware Database being skipped.
[    2.366515] systemd[1]: Condition check resulted in Platform Persistent Storage Archival being skipped.
[    2.367167] systemd[1]: Starting Load/Save Random Seed...
[    2.372912] systemd[1]: Starting Create System Users...
[    2.381532] systemd[1]: Finished Load/Save Random Seed.
[    2.383943] ppdev: user-space parallel port driver
[    2.391836] systemd[1]: Finished Create System Users.
[    2.392535] systemd[1]: Starting Create Static Device Nodes in /dev...
[    2.424623] systemd[1]: Finished Create Static Device Nodes in /dev.
[    2.425385] systemd[1]: Starting udev Kernel Device Manager...
[    2.483474] systemd[1]: Finished udev Coldplug all Devices.
[    2.483821] [drm] DMA map mode: Caching DMA mappings.
[    2.483883] [drm] Capabilities:
[    2.483883] [drm]   Rect copy.
[    2.483883] [drm]   Cursor.
[    2.483884] [drm]   Cursor bypass.
[    2.483884] [drm]   Cursor bypass 2.
[    2.483884] [drm]   Alpha cursor.
[    2.483885] [drm]   Extended Fifo.
[    2.483885] [drm]   Pitchlock.
[    2.483885] [drm]   Irq mask.
[    2.483886] [drm]   GMR.
[    2.483886] [drm]   Traces.
[    2.483886] [drm]   GMR2.
[    2.483887] [drm]   Screen Object 2.
[    2.483887] [drm]   Command Buffers.
[    2.483887] [drm]   Command Buffers 2.
[    2.483888] [drm]   Guest Backed Resources.
[    2.483889] [drm] Max GMR ids is 8192
[    2.483889] [drm] Max number of GMR pages is 1048576
[    2.483890] [drm] Max dedicated hypervisor surface memory is 393216 kiB
[    2.483890] [drm] Maximum display memory size is 131072 kiB
[    2.483891] [drm] VRAM at 0xe0000000 size is 131072 kiB
[    2.483892] [drm] MMIO at 0xf0000000 size is 2048 kiB
[    2.484838] [TTM] Zone  kernel: Available graphics memory: 1011736 KiB
[    2.484838] [TTM] Initializing pool allocator
[    2.484843] [TTM] Initializing DMA pool allocator
[    2.484870] [drm] Supports vblank timestamp caching Rev 2 (21.10.2013).
[    2.484870] [drm] No driver support for vblank timestamp query.
[    2.485087] [drm] Screen Target Display device initialized
[    2.485319] [drm] width 720
[    2.485329] [drm] height 400
[    2.485332] [drm] bpp 32
[    2.485855] [drm] Fifo max 0x00200000 min 0x00001000 cap 0x00000355
[    2.486892] [drm] Using command buffers with DMA pool.
[    2.486895] [drm] DX: no.
[    2.486895] [drm] Atomic: yes.
[    2.486896] [drm] SM4_1: no.
[    2.486915] [drm:vmw_host_log [vmwgfx]] *ERROR* Failed to send host log message.
[    2.487988] [drm:vmw_host_log [vmwgfx]] *ERROR* Failed to send host log message.
[    2.497825] fbcon: svgadrmfb (fb0) is primary device
[    2.501231] Console: switching to colour frame buffer device 100x37
[    2.520626] [drm] Initialized vmwgfx 2.15.0 20180704 for 0000:00:02.0 on minor 0
[    2.522331] systemd[1]: Finished Load Kernel Modules.
[    2.523219] systemd[1]: Mounting FUSE Control File System...
[    2.524353] systemd[1]: Mounting Kernel Configuration File System...
[    2.529745] systemd[1]: Starting Apply Kernel Variables...
[    2.543812] systemd[1]: Mounted FUSE Control File System.
[    2.543880] systemd[1]: Condition check resulted in VMware vmblock fuse mount being skipped.
[    2.546349] systemd[1]: Mounted Kernel Configuration File System.
[    2.575616] systemd[1]: Finished Set the console keyboard layout.
[    2.575724] systemd[1]: Reached target Local File Systems (Pre).
[    2.577739] systemd[1]: Mounting Mount unit for bare, revision 5...
[    2.580997] systemd[1]: Mounting Mount unit for core18, revision 1705...
[    2.586096] systemd[1]: Mounting Mount unit for core22, revision 2193...
[    2.591683] systemd[1]: Mounting Mount unit for gnome-3-34-1804, revision 24...
[    2.601065] systemd[1]: Mounting Mount unit for gnome-42-2204, revision 226...
[    2.607414] systemd[1]: Mounting Mount unit for gtk-common-themes, revision 1506...
[    2.613284] systemd[1]: Mounting Mount unit for gtk-common-themes, revision 1535...
[    2.628203] systemd[1]: Mounting Mount unit for snap-store, revision 1216...
[    2.643656] systemd[1]: Mounting Mount unit for snap-store, revision 433...
[    2.655636] systemd[1]: Mounting Mount unit for snapd, revision 25577...
[    2.659477] systemd[1]: Started udev Kernel Device Manager.
[    2.677943] systemd[1]: Finished Apply Kernel Variables.
[    2.678073] systemd[1]: Mounted Mount unit for bare, revision 5.
[    2.678160] systemd[1]: Mounted Mount unit for core18, revision 1705.
[    2.678236] systemd[1]: Mounted Mount unit for core22, revision 2193.
[    2.678309] systemd[1]: Mounted Mount unit for gnome-3-34-1804, revision 24.
[    2.680879] systemd[1]: Starting Show Plymouth Boot Screen...
[    2.685279] systemd[1]: Received SIGRTMIN+20 from PID 284 (plymouthd).
[    2.710878] systemd[1]: Started Show Plymouth Boot Screen.
[    2.711127] systemd[1]: Condition check resulted in Dispatch Password Requests to Console Directory Watch being skipped.
[    2.711214] systemd[1]: Started Forward Password Requests to Plymouth Directory Watch.
[    2.711282] systemd[1]: Reached target Local Encrypted Volumes.
[    2.746769] systemd[1]: Mounted Mount unit for gnome-42-2204, revision 226.
[    2.800708] systemd[1]: Mounted Mount unit for gtk-common-themes, revision 1506.
[    2.801005] systemd[1]: Mounted Mount unit for snap-store, revision 1216.
[    2.836089] systemd[1]: Mounted Mount unit for snap-store, revision 433.
[    2.866194] systemd[1]: Mounted Mount unit for gtk-common-themes, revision 1535.
[    2.900068] systemd[1]: Mounted Mount unit for snapd, revision 25577.
[    2.900284] systemd[1]: Reached target Local File Systems.
[    2.901150] systemd[1]: Starting Load AppArmor profiles...
[    2.903426] systemd[1]: Starting Set console font and keymap...
[    2.916442] systemd[1]: Starting Tell Plymouth To Write Out Runtime Data...
[    2.917824] systemd[1]: Condition check resulted in Store a System Token in an EFI Variable being skipped.
[    2.917887] systemd[1]: Condition check resulted in Commit a transient machine-id on disk being skipped.
[    2.921640] systemd[1]: Finished Set console font and keymap.
[    2.940957] systemd[1]: Received SIGRTMIN+20 from PID 284 (plymouthd).
[    2.943335] systemd[1]: plymouth-read-write.service: Succeeded.
[    2.943574] systemd[1]: Finished Tell Plymouth To Write Out Runtime Data.
[    2.962591] audit: type=1400 audit(1768130793.812:2): apparmor="STATUS" operation="profile_load" profile="unconfined" name="nvidia_modprobe" pid=306 comm="apparmor_parser"
[    2.962593] audit: type=1400 audit(1768130793.812:3): apparmor="STATUS" operation="profile_load" profile="unconfined" name="nvidia_modprobe//kmod" pid=306 comm="apparmor_parser"
[    2.969210] audit: type=1400 audit(1768130793.820:4): apparmor="STATUS" operation="profile_load" profile="unconfined" name="/usr/sbin/tcpdump" pid=307 comm="apparmor_parser"
[    3.014433] audit: type=1400 audit(1768130793.856:5): apparmor="STATUS" operation="profile_load" profile="unconfined" name="/usr/bin/evince" pid=309 comm="apparmor_parser"
[    3.014435] audit: type=1400 audit(1768130793.856:6): apparmor="STATUS" operation="profile_load" profile="unconfined" name="/usr/bin/evince//sanitized_helper" pid=309 comm="apparmor_parser"
[    3.014436] audit: type=1400 audit(1768130793.856:7): apparmor="STATUS" operation="profile_load" profile="unconfined" name="/usr/bin/evince-previewer" pid=309 comm="apparmor_parser"
[    3.014439] audit: type=1400 audit(1768130793.856:8): apparmor="STATUS" operation="profile_load" profile="unconfined" name="/usr/bin/evince-previewer//sanitized_helper" pid=309 comm="apparmor_parser"
[    3.014440] audit: type=1400 audit(1768130793.856:9): apparmor="STATUS" operation="profile_load" profile="unconfined" name="/usr/bin/evince-thumbnailer" pid=309 comm="apparmor_parser"
[    3.029430] audit: type=1400 audit(1768130793.876:10): apparmor="STATUS" operation="profile_load" profile="unconfined" name="/usr/lib/cups/backend/cups-pdf" pid=310 comm="apparmor_parser"
[    3.107358] systemd[1]: Finished Load AppArmor profiles.
[    3.108261] systemd[1]: Starting Load AppArmor profiles managed internally by snapd...
[    3.228416] systemd[1]: Finished Load AppArmor profiles managed internally by snapd.
[    3.276736] systemd[1]: Started Journal Service.
[    3.285346] systemd-journald[229]: Received client request to flush runtime journal.
[    3.287688] systemd-journald[229]: File /var/log/journal/c455b248004a419c87ce85eea238d727/system.journal corrupted or uncleanly shut down, renaming and replacing.
[    4.708244] RAPL PMU: API unit is 2^-32 Joules, 0 fixed counters, 10737418240 ms ovfl timer
[    4.749423] cryptd: max_cpu_qlen set to 1000
[    4.761179] AVX2 version of gcm_enc/dec engaged.
[    4.761180] AES CTR mode by8 optimization enabled
[    6.728789] Adding 1998844k swap on /dev/sda1.  Priority:-2 extents:1 across:1998844k FS
[    7.455888] AAAAA: Error looking up destination IP: 369098976 - net/ipv4/ip_output.c: 285: dac_mps_nexthops
[    7.665172] AAAAA: Error looking up destination IP: 4211081440 - net/ipv4/ip_output.c: 285: dac_mps_nexthops
[    7.921941] AAAAA: Error looking up destination IP: 4211081440 - net/ipv4/ip_output.c: 285: dac_mps_nexthops
[    8.178824] AAAAA: Error looking up destination IP: 4211081440 - net/ipv4/ip_output.c: 285: dac_mps_nexthops
[    8.181493] AAAAA: Error looking up destination IP: 369098976 - net/ipv4/ip_output.c: 285: dac_mps_nexthops
[    8.366362] AAAAA: Error looking up destination IP: 4211081440 - net/ipv4/ip_output.c: 285: dac_mps_nexthops
[    8.783459] kauditd_printk_skb: 31 callbacks suppressed
[    8.783472] audit: type=1400 audit(1768130799.632:42): apparmor="DENIED" operation="capable" profile="/usr/sbin/cups-browsed" pid=577 comm="cups-browsed" capability=23  capname="sys_nice"
[    8.884068] AAAAA: Error looking up destination IP: 4211081440 - net/ipv4/ip_output.c: 285: dac_mps_nexthops
[    9.480212] pcnet32 0000:00:03.0 enp0s3: link up, 100Mbps, full-duplex
[    9.522440] e1000: enp0s8 NIC Link is Up 1000 Mbps Full Duplex, Flow Control: RX
[    9.522741] IPv6: ADDRCONF(NETDEV_CHANGE): enp0s8: link becomes ready
[    9.536189] AAAAA: Error looking up destination IP: 4211081440 - net/ipv4/ip_output.c: 285: dac_mps_nexthops
[    9.546778] e1000: enp0s9 NIC Link is Up 1000 Mbps Full Duplex, Flow Control: RX
[    9.547077] IPv6: ADDRCONF(NETDEV_CHANGE): enp0s9: link becomes ready
[   10.254539] device enp0s3 entered promiscuous mode
[   10.275752] audit: type=1400 audit(1768130801.120:43): apparmor="DENIED" operation="open" profile="/usr/sbin/tcpdump" name="/proc/sys/kernel/random/boot_id" pid=736 comm="tcpdump" requested_mask="r" denied_mask="r" fsuid=0 ouid=0
[   10.275986] audit: type=1400 audit(1768130801.120:44): apparmor="DENIED" operation="open" profile="/usr/sbin/tcpdump" name="/proc/sys/kernel/random/boot_id" pid=736 comm="tcpdump" requested_mask="r" denied_mask="r" fsuid=0 ouid=0
[   10.276029] audit: type=1400 audit(1768130801.120:45): apparmor="DENIED" operation="open" profile="/usr/sbin/tcpdump" name="/proc/sys/kernel/random/boot_id" pid=736 comm="tcpdump" requested_mask="r" denied_mask="r" fsuid=0 ouid=0
[   10.276089] audit: type=1400 audit(1768130801.120:46): apparmor="DENIED" operation="open" profile="/usr/sbin/tcpdump" name="/proc/sys/kernel/random/boot_id" pid=736 comm="tcpdump" requested_mask="r" denied_mask="r" fsuid=0 ouid=0
[   10.277174] audit: type=1400 audit(1768130801.120:47): apparmor="DENIED" operation="open" profile="/usr/sbin/tcpdump" name="/proc/sys/kernel/random/boot_id" pid=737 comm="tcpdump" requested_mask="r" denied_mask="r" fsuid=0 ouid=0
[   10.279101] audit: type=1400 audit(1768130801.120:48): apparmor="DENIED" operation="open" profile="/usr/sbin/tcpdump" name="/proc/sys/kernel/random/boot_id" pid=737 comm="tcpdump" requested_mask="r" denied_mask="r" fsuid=0 ouid=0
[   10.279188] audit: type=1400 audit(1768130801.120:49): apparmor="DENIED" operation="open" profile="/usr/sbin/tcpdump" name="/proc/sys/kernel/random/boot_id" pid=737 comm="tcpdump" requested_mask="r" denied_mask="r" fsuid=0 ouid=0
[   10.279207] audit: type=1400 audit(1768130801.120:50): apparmor="DENIED" operation="open" profile="/usr/sbin/tcpdump" name="/proc/sys/kernel/random/boot_id" pid=737 comm="tcpdump" requested_mask="r" denied_mask="r" fsuid=0 ouid=0
[   16.247102] rfkill: input handler disabled
[  165.379057] AAAAA-TCP_FORW: name:enp0s3: saddr:16783984: daddr:100932208
[  165.473675] AAAAA-TCP_FORW: name:enp0s3: saddr:16783984: daddr:100932208
[  165.684425] AAAAA-TCP_FORW: name:enp0s3: saddr:16783984: daddr:100932208
[  194.990628] AAAAA-TCP_FORW: name:enp0s3: saddr:16783984: daddr:100932208
[  195.188342] AAAAA-TCP_FORW: name:enp0s3: saddr:33561200: daddr:100932208
[  195.665932] AAAAA-TCP_FORW: name:enp0s3: saddr:33561200: daddr:100932208
[  196.574538] AAAAA-TCP_FORW: name:enp0s3: saddr:16783984: daddr:100932208
[  197.065096] AAAAA-TCP_FORW: name:enp0s3: saddr:16783984: daddr:100932208
[  197.358616] AAAAA-TCP_FORW: name:enp0s3: saddr:16783984: daddr:100932208
[  197.890768] AAAAA-TCP_FORW: name:enp0s3: saddr:16783984: daddr:100932208
[  197.946102] AAAAA-TCP_FORW: name:enp0s3: saddr:16783984: daddr:100932208
[  198.062802] AAAAA-TCP_FORW: name:enp0s3: saddr:16783984: daddr:100932208
[  198.264013] AAAAA-TCP_FORW: name:enp0s3: saddr:16783984: daddr:100932208
[  198.629704] AAAAA-TCP_FORW: name:enp0s3: saddr:16783984: daddr:100932208
[  198.953132] AAAAA-TCP_FORW: name:enp0s3: saddr:16783984: daddr:100932208
[  199.199182] AAAAA-TCP_FORW: name:enp0s3: saddr:16783984: daddr:100932208
[  199.263723] AAAAA-TCP_FORW: name:enp0s3: saddr:16783984: daddr:100932208
[  199.607338] AAAAA-TCP_FORW: name:enp0s3: saddr:16783984: daddr:100932208
[  199.832025] AAAAA-TCP_FORW: name:enp0s3: saddr:16783984: daddr:100932208
[  199.963503] AAAAA-TCP_FORW: name:enp0s3: saddr:16783984: daddr:100932208
[  200.023998] AAAAA-TCP_FORW: name:enp0s3: saddr:16783984: daddr:100932208
[  200.252309] AAAAA-TCP_FORW: name:enp0s3: saddr:16783984: daddr:100932208
[  200.384131] AAAAA-TCP_FORW: name:enp0s3: saddr:16783984: daddr:100932208
[  200.995852] AAAAA-TCP_FORW: name:enp0s3: saddr:16783984: daddr:100932208
[  201.122547] AAAAA-TCP_FORW: name:enp0s3: saddr:16783984: daddr:100932208
[  207.158594] AAAAA-TCP_FORW: name:enp0s3: saddr:16783984: daddr:100932208
[  207.498647] AAAAA-TCP_FORW: name:enp0s3: saddr:16783984: daddr:100932208
[  207.644664] AAAAA-TCP_FORW: name:enp0s3: saddr:16783984: daddr:100932208
[  207.837675] AAAAA-TCP_FORW: name:enp0s3: saddr:16783984: daddr:100932208
[  208.106793] AAAAA-TCP_FORW: name:enp0s3: saddr:16783984: daddr:100932208
[  240.701932] AAAAA-TCP_FORW: name:enp0s3: saddr:16783984: daddr:100932208
[  241.521288] AAAAA-TCP_FORW: name:enp0s3: saddr:16783984: daddr:100932208
[  241.692696] AAAAA-TCP_FORW: name:enp0s3: saddr:16783984: daddr:100932208
[  242.595466] AAAAA-TCP_FORW: name:enp0s3: saddr:16783984: daddr:100932208
[  243.786148] AAAAA-TCP_FORW: name:enp0s3: saddr:16783984: daddr:100932208
[  546.255516] rfkill: input handler enabled
[  555.398530] rfkill: input handler disabled
[  828.728329] device enp0s3 left promiscuous mode
