[    0.000000] Linux version 5.4.243-dmptcp (root@ztg) (gcc version 12.2.0 (Debian 12.2.0-14+deb12u1)) #119 SMP Wed Dec 24 23:52:51 CST 2025
[    0.000000] Command line: BOOT_IMAGE=/boot/vmlinuz-5.4.243-dmptcp root=UUID=98415a12-53b7-4144-8265-0f7ece09e445 ro quiet splash
[    0.000000] KERNEL supported cpus:
[    0.000000]   Intel GenuineIntel
[    0.000000]   AMD AuthenticAMD
[    0.000000]   Hygon HygonGenuine
[    0.000000]   Centaur CentaurHauls
[    0.000000]   zhaoxin   Shanghai  
[    0.000000] x86/fpu: Supporting XSAVE feature 0x001: 'x87 floating point registers'
[    0.000000] x86/fpu: Supporting XSAVE feature 0x002: 'SSE registers'
[    0.000000] x86/fpu: Supporting XSAVE feature 0x004: 'AVX registers'
[    0.000000] x86/fpu: xstate_offset[2]:  576, xstate_sizes[2]:  256
[    0.000000] x86/fpu: Enabled xstate features 0x7, context size is 832 bytes, using 'standard' format.
[    0.000000] BIOS-provided physical RAM map:
[    0.000000] BIOS-e820: [mem 0x0000000000000000-0x000000000009fbff] usable
[    0.000000] BIOS-e820: [mem 0x000000000009fc00-0x000000000009ffff] reserved
[    0.000000] BIOS-e820: [mem 0x00000000000f0000-0x00000000000fffff] reserved
[    0.000000] BIOS-e820: [mem 0x0000000000100000-0x000000007ffeffff] usable
[    0.000000] BIOS-e820: [mem 0x000000007fff0000-0x000000007fffffff] ACPI data
[    0.000000] BIOS-e820: [mem 0x00000000fec00000-0x00000000fec00fff] reserved
[    0.000000] BIOS-e820: [mem 0x00000000fee00000-0x00000000fee00fff] reserved
[    0.000000] BIOS-e820: [mem 0x00000000fffc0000-0x00000000ffffffff] reserved
[    0.000000] NX (Execute Disable) protection: active
[    0.000000] SMBIOS 2.5 present.
[    0.000000] DMI: innotek GmbH VirtualBox/VirtualBox, BIOS VirtualBox 12/01/2006
[    0.000000] Hypervisor detected: KVM
[    0.000000] kvm-clock: Using msrs 4b564d01 and 4b564d00
[    0.000000] kvm-clock: cpu 0, msr 16201001, primary cpu clock
[    0.000000] kvm-clock: using sched offset of 4430058517 cycles
[    0.000002] clocksource: kvm-clock: mask: 0xffffffffffffffff max_cycles: 0x1cd42e4dffb, max_idle_ns: 881590591483 ns
[    0.000005] tsc: Detected 2100.000 MHz processor
[    0.001883] e820: update [mem 0x00000000-0x00000fff] usable ==> reserved
[    0.001885] e820: remove [mem 0x000a0000-0x000fffff] usable
[    0.001889] last_pfn = 0x7fff0 max_arch_pfn = 0x400000000
[    0.001956] MTRR default type: uncachable
[    0.001957] MTRR fixed ranges enabled:
[    0.001958]   00000-9FFFF write-back
[    0.001959]   A0000-BFFFF uncachable
[    0.001960]   C0000-FFFFF write-protect
[    0.001960] MTRR variable ranges enabled:
[    0.001962]   0 base 000000000000 mask 3FFF80000000 write-back
[    0.001962]   1 disabled
[    0.001963]   2 disabled
[    0.001963]   3 disabled
[    0.001964]   4 disabled
[    0.001964]   5 disabled
[    0.001965]   6 disabled
[    0.001965]   7 disabled
[    0.001965]   8 disabled
[    0.001966]   9 disabled
[    0.001966]   10 disabled
[    0.001967]   11 disabled
[    0.001967]   12 disabled
[    0.001968]   13 disabled
[    0.001968]   14 disabled
[    0.001968]   15 disabled
[    0.001984] x86/PAT: Configuration [0-7]: WB  WC  UC- UC  WB  WP  UC- WT  
[    0.002117] found SMP MP-table at [mem 0x0009fff0-0x0009ffff]
[    0.090794] check: Scanning 1 areas for low memory corruption
[    0.090954] RAMDISK: [mem 0x32271000-0x3512ffff]
[    0.090962] ACPI: Early table checksum verification disabled
[    0.090966] ACPI: RSDP 0x00000000000E0000 000024 (v02 VBOX  )
[    0.090971] ACPI: XSDT 0x000000007FFF0030 00003C (v01 VBOX   VBOXXSDT 00000001 ASL  00000061)
[    0.090978] ACPI: FACP 0x000000007FFF00F0 0000F4 (v04 VBOX   VBOXFACP 00000001 ASL  00000061)
[    0.090984] ACPI: DSDT 0x000000007FFF02E0 002353 (v02 VBOX   VBOXBIOS 00000002 VBOX 00029BF3)
[    0.090988] ACPI: FACS 0x000000007FFF0200 000040
[    0.090991] ACPI: FACS 0x000000007FFF0200 000040
[    0.090994] ACPI: APIC 0x000000007FFF0240 000054 (v02 VBOX   VBOXAPIC 00000001 ASL  00000061)
[    0.090998] ACPI: SSDT 0x000000007FFF02A0 000038 (v01 VBOX   VBOXCPUT 00000002 VBOX 00029BF3)
[    0.091001] ACPI: Reserving FACP table memory at [mem 0x7fff00f0-0x7fff01e3]
[    0.091002] ACPI: Reserving DSDT table memory at [mem 0x7fff02e0-0x7fff2632]
[    0.091003] ACPI: Reserving FACS table memory at [mem 0x7fff0200-0x7fff023f]
[    0.091003] ACPI: Reserving FACS table memory at [mem 0x7fff0200-0x7fff023f]
[    0.091004] ACPI: Reserving APIC table memory at [mem 0x7fff0240-0x7fff0293]
[    0.091005] ACPI: Reserving SSDT table memory at [mem 0x7fff02a0-0x7fff02d7]
[    0.091019] ACPI: Local APIC address 0xfee00000
[    0.091202] No NUMA configuration found
[    0.091204] Faking a node at [mem 0x0000000000000000-0x000000007ffeffff]
[    0.091214] NODE_DATA(0) allocated [mem 0x7ffc5000-0x7ffeffff]
[    0.091903] Zone ranges:
[    0.091904]   DMA      [mem 0x0000000000001000-0x0000000000ffffff]
[    0.091905]   DMA32    [mem 0x0000000001000000-0x000000007ffeffff]
[    0.091906]   Normal   empty
[    0.091907]   Device   empty
[    0.091908] Movable zone start for each node
[    0.091910] Early memory node ranges
[    0.091910]   node   0: [mem 0x0000000000001000-0x000000000009efff]
[    0.091911]   node   0: [mem 0x0000000000100000-0x000000007ffeffff]
[    0.092403] Zeroed struct page in unavailable ranges: 114 pages
[    0.092404] Initmem setup node 0 [mem 0x0000000000001000-0x000000007ffeffff]
[    0.092405] On node 0 totalpages: 524174
[    0.092407]   DMA zone: 64 pages used for memmap
[    0.092407]   DMA zone: 21 pages reserved
[    0.092408]   DMA zone: 3998 pages, LIFO batch:0
[    0.092482]   DMA32 zone: 8128 pages used for memmap
[    0.092482]   DMA32 zone: 520176 pages, LIFO batch:63
[    0.101777] ACPI: PM-Timer IO Port: 0x4008
[    0.101780] ACPI: Local APIC address 0xfee00000
[    0.101845] IOAPIC[0]: apic_id 1, version 32, address 0xfec00000, GSI 0-23
[    0.101848] ACPI: INT_SRC_OVR (bus 0 bus_irq 0 global_irq 2 dfl dfl)
[    0.101850] ACPI: INT_SRC_OVR (bus 0 bus_irq 9 global_irq 9 low level)
[    0.101852] ACPI: IRQ0 used by override.
[    0.101853] ACPI: IRQ9 used by override.
[    0.101855] Using ACPI (MADT) for SMP configuration information
[    0.101861] smpboot: Allowing 1 CPUs, 0 hotplug CPUs
[    0.101882] PM: Registered nosave memory: [mem 0x00000000-0x00000fff]
[    0.101883] PM: Registered nosave memory: [mem 0x0009f000-0x0009ffff]
[    0.101883] PM: Registered nosave memory: [mem 0x000a0000-0x000effff]
[    0.101884] PM: Registered nosave memory: [mem 0x000f0000-0x000fffff]
[    0.101885] [mem 0x80000000-0xfebfffff] available for PCI devices
[    0.101886] Booting paravirtualized kernel on KVM
[    0.101888] clocksource: refined-jiffies: mask: 0xffffffff max_cycles: 0xffffffff, max_idle_ns: 7645519600211568 ns
[    0.101893] setup_percpu: NR_CPUS:8192 nr_cpumask_bits:1 nr_cpu_ids:1 nr_node_ids:1
[    0.102451] percpu: Embedded 60 pages/cpu s208896 r8192 d28672 u2097152
[    0.102456] pcpu-alloc: s208896 r8192 d28672 u2097152 alloc=1*2097152
[    0.102457] pcpu-alloc: [0] 0 
[    0.102482] Built 1 zonelists, mobility grouping on.  Total pages: 515961
[    0.102483] Policy zone: DMA32
[    0.102484] Kernel command line: BOOT_IMAGE=/boot/vmlinuz-5.4.243-dmptcp root=UUID=98415a12-53b7-4144-8265-0f7ece09e445 ro quiet splash
[    0.103061] Dentry cache hash table entries: 262144 (order: 9, 2097152 bytes, linear)
[    0.103209] Inode-cache hash table entries: 131072 (order: 8, 1048576 bytes, linear)
[    0.103257] mem auto-init: stack:off, heap alloc:on, heap free:off
[    0.103259] Calgary: detecting Calgary via BIOS EBDA area
[    0.103260] Calgary: Unable to locate Rio Grande table in EBDA - bailing!
[    0.107837] Memory: 1967332K/2096696K available (14339K kernel code, 2399K rwdata, 4716K rodata, 2728K init, 17260K bss, 129364K reserved, 0K cma-reserved)
[    0.108582] SLUB: HWalign=64, Order=0-3, MinObjects=0, CPUs=1, Nodes=1
[    0.108598] ftrace: allocating 43203 entries in 169 pages
[    0.126462] rcu: Hierarchical RCU implementation.
[    0.126464] rcu: 	RCU restricting CPUs from NR_CPUS=8192 to nr_cpu_ids=1.
[    0.126465] 	Tasks RCU enabled.
[    0.126466] rcu: RCU calculated value of scheduler-enlistment delay is 25 jiffies.
[    0.126467] rcu: Adjusting geometry for rcu_fanout_leaf=16, nr_cpu_ids=1
[    0.129438] NR_IRQS: 524544, nr_irqs: 256, preallocated irqs: 16
[    0.129638] random: crng init done
[    0.138910] Console: colour VGA+ 80x25
[    0.138913] printk: console [tty0] enabled
[    0.138932] ACPI: Core revision 20190816
[    0.139020] APIC: Switch to symmetric I/O mode setup
[    0.139268] x2apic enabled
[    0.139508] Switched APIC routing to physical x2apic.
[    0.140634] ..TIMER: vector=0x30 apic1=0 pin1=2 apic2=-1 pin2=-1
[    0.140659] clocksource: tsc-early: mask: 0xffffffffffffffff max_cycles: 0x1e4530a99b6, max_idle_ns: 440795257976 ns
[    0.140664] Calibrating delay loop (skipped) preset value.. 4200.00 BogoMIPS (lpj=8400000)
[    0.140666] pid_max: default: 32768 minimum: 301
[    0.140692] LSM: Security Framework initializing
[    0.140701] Yama: becoming mindful.
[    0.140724] AppArmor: AppArmor initialized
[    0.140756] Mount-cache hash table entries: 4096 (order: 3, 32768 bytes, linear)
[    0.140760] Mountpoint-cache hash table entries: 4096 (order: 3, 32768 bytes, linear)
[    0.140770] *** VALIDATE tmpfs ***
[    0.140896] *** VALIDATE proc ***
[    0.140936] *** VALIDATE cgroup1 ***
[    0.140938] *** VALIDATE cgroup2 ***
[    0.141077] process: using mwait in idle threads
[    0.141081] Last level iTLB entries: 4KB 64, 2MB 8, 4MB 8
[    0.141082] Last level dTLB entries: 4KB 64, 2MB 0, 4MB 0, 1GB 4
[    0.141109] Spectre V1 : Mitigation: usercopy/swapgs barriers and __user pointer sanitization
[    0.141115] Spectre V2 : Mitigation: Retpolines
[    0.141115] Spectre V2 : Spectre v2 / SpectreRSB mitigation: Filling RSB on context switch
[    0.141116] Spectre V2 : Spectre v2 / SpectreRSB : Filling RSB on VMEXIT
[    0.141116] RETBleed: WARNING: Spectre v2 mitigation leaves CPU vulnerable to RETBleed attacks, data leaks possible!
[    0.141468] RETBleed: Vulnerable
[    0.141468] Speculative Store Bypass: Vulnerable
[    0.141473] TAA: Mitigation: TSX disabled
[    0.141474] MMIO Stale Data: Mitigation: Clear CPU buffers
[    0.145657] Freeing SMP alternatives memory: 40K
[    0.258260] smpboot: CPU0: Intel(R) Xeon(R) Silver 4216 CPU @ 2.10GHz (family: 0x6, model: 0x55, stepping: 0x7)
[    0.258392] Performance Events: unsupported p6 CPU model 85 no PMU driver, software events only.
[    0.258427] rcu: Hierarchical SRCU implementation.
[    0.259013] NMI watchdog: Perf NMI watchdog permanently disabled
[    0.259060] smp: Bringing up secondary CPUs ...
[    0.259061] smp: Brought up 1 node, 1 CPU
[    0.259062] smpboot: Max logical packages: 1
[    0.259063] smpboot: Total of 1 processors activated (4200.00 BogoMIPS)
[    0.259873] devtmpfs: initialized
[    0.259920] x86/mm: Memory block size: 128MB
[    0.260324] clocksource: jiffies: mask: 0xffffffff max_cycles: 0xffffffff, max_idle_ns: 7645041785100000 ns
[    0.260331] futex hash table entries: 256 (order: 2, 16384 bytes, linear)
[    0.260377] pinctrl core: initialized pinctrl subsystem
[    0.260492] PM: RTC time: 11:26:59, date: 2026-01-11
[    0.260603] NET: Registered protocol family 16
[    0.260660] audit: initializing netlink subsys (disabled)
[    0.260660] EISA bus registered
[    0.260660] cpuidle: using governor ladder
[    0.260660] cpuidle: using governor menu
[    0.260660] ACPI: bus type PCI registered
[    0.260660] acpiphp: ACPI Hot Plug PCI Controller Driver version: 0.5
[    0.260660] PCI: Using configuration type 1 for base access
[    0.261400] audit: type=2000 audit(1768102024.659:1): state=initialized audit_enabled=0 res=1
[    0.261495] HugeTLB registered 2.00 MiB page size, pre-allocated 0 pages
[    0.262389] ACPI: Added _OSI(Module Device)
[    0.262390] ACPI: Added _OSI(Processor Device)
[    0.262390] ACPI: Added _OSI(3.0 _SCP Extensions)
[    0.262391] ACPI: Added _OSI(Processor Aggregator Device)
[    0.262392] ACPI: Added _OSI(Linux-Dell-Video)
[    0.262393] ACPI: Added _OSI(Linux-Lenovo-NV-HDMI-Audio)
[    0.262393] ACPI: Added _OSI(Linux-HPI-Hybrid-Graphics)
[    0.264749] ACPI: 2 ACPI AML tables successfully acquired and loaded
[    0.266508] ACPI: Interpreter enabled
[    0.266518] ACPI: (supports S0 S5)
[    0.266519] ACPI: Using IOAPIC for interrupt routing
[    0.266757] PCI: Using host bridge windows from ACPI; if necessary, use "pci=nocrs" and report a bug
[    0.266872] ACPI: Enabled 2 GPEs in block 00 to 07
[    0.272285] ACPI: PCI Root Bridge [PCI0] (domain 0000 [bus 00-ff])
[    0.272290] acpi PNP0A03:00: _OSC: OS supports [ASPM ClockPM Segments MSI HPX-Type3]
[    0.272780] acpi PNP0A03:00: _OSC: not requesting OS control; OS requires [ExtendedConfig ASPM ClockPM MSI]
[    0.272789] acpi PNP0A03:00: fail to add MMCONFIG information, can't access extended PCI configuration space under this bridge.
[    0.273162] PCI host bridge to bus 0000:00
[    0.273165] pci_bus 0000:00: root bus resource [io  0x0000-0x0cf7 window]
[    0.273166] pci_bus 0000:00: root bus resource [io  0x0d00-0xffff window]
[    0.273167] pci_bus 0000:00: root bus resource [mem 0x000a0000-0x000bffff window]
[    0.273168] pci_bus 0000:00: root bus resource [mem 0x80000000-0xfdffffff window]
[    0.273169] pci_bus 0000:00: root bus resource [bus 00-ff]
[    0.273212] pci 0000:00:00.0: [8086:1237] type 00 class 0x060000
[    0.274168] pci 0000:00:01.0: [8086:7000] type 00 class 0x060100
[    0.274989] pci 0000:00:01.1: [8086:7111] type 00 class 0x01018a
[    0.275387] pci 0000:00:01.1: reg 0x20: [io  0xd000-0xd00f]
[    0.275539] pci 0000:00:01.1: legacy IDE quirk: reg 0x10: [io  0x01f0-0x01f7]
[    0.275540] pci 0000:00:01.1: legacy IDE quirk: reg 0x14: [io  0x03f6]
[    0.275541] pci 0000:00:01.1: legacy IDE quirk: reg 0x18: [io  0x0170-0x0177]
[    0.275542] pci 0000:00:01.1: legacy IDE quirk: reg 0x1c: [io  0x0376]
[    0.276080] pci 0000:00:02.0: [15ad:0405] type 00 class 0x030000
[    0.278818] pci 0000:00:02.0: reg 0x10: [io  0xd010-0xd01f]
[    0.280709] pci 0000:00:02.0: reg 0x14: [mem 0xe0000000-0xe7ffffff pref]
[    0.284708] pci 0000:00:02.0: reg 0x18: [mem 0xf0000000-0xf01fffff]
[    0.295851] pci 0000:00:03.0: [1022:2000] type 00 class 0x020000
[    0.296524] pci 0000:00:03.0: reg 0x10: [io  0xd020-0xd03f]
[    0.296808] pci 0000:00:03.0: reg 0x14: [mem 0xf0200000-0xf0200fff]
[    0.301288] pci 0000:00:04.0: [80ee:cafe] type 00 class 0x088000
[    0.301967] pci 0000:00:04.0: reg 0x10: [io  0xd040-0xd05f]
[    0.302577] pci 0000:00:04.0: reg 0x14: [mem 0xf0400000-0xf07fffff]
[    0.303186] pci 0000:00:04.0: reg 0x18: [mem 0xf0800000-0xf0803fff pref]
[    0.306596] pci 0000:00:07.0: [8086:7113] type 00 class 0x068000
[    0.307023] pci 0000:00:07.0: quirk: [io  0x4000-0x403f] claimed by PIIX4 ACPI
[    0.307033] pci 0000:00:07.0: quirk: [io  0x4100-0x410f] claimed by PIIX4 SMB
[    0.307645] pci 0000:00:08.0: [8086:100e] type 00 class 0x020000
[    0.308338] pci 0000:00:08.0: reg 0x10: [mem 0xf0820000-0xf083ffff]
[    0.309339] pci 0000:00:08.0: reg 0x18: [io  0xd060-0xd067]
[    0.312538] pci 0000:00:09.0: [8086:100e] type 00 class 0x020000
[    0.313297] pci 0000:00:09.0: reg 0x10: [mem 0xf0840000-0xf085ffff]
[    0.314459] pci 0000:00:09.0: reg 0x18: [io  0xd068-0xd06f]
[    0.325445] ACPI: PCI Interrupt Link [LNKA] (IRQs 5 9 10 *11)
[    0.325725] ACPI: PCI Interrupt Link [LNKB] (IRQs 5 9 *10 11)
[    0.325834] ACPI: PCI Interrupt Link [LNKC] (IRQs 5 *9 10 11)
[    0.325935] ACPI: PCI Interrupt Link [LNKD] (IRQs 5 9 10 *11)
[    0.326182] iommu: Default domain type: Translated 
[    0.326236] pci 0000:00:02.0: vgaarb: setting as boot VGA device
[    0.326238] pci 0000:00:02.0: vgaarb: VGA device added: decodes=io+mem,owns=io+mem,locks=none
[    0.326240] pci 0000:00:02.0: vgaarb: bridge control possible
[    0.326241] vgaarb: loaded
[    0.326443] SCSI subsystem initialized
[    0.326472] libata version 3.00 loaded.
[    0.326498] ACPI: bus type USB registered
[    0.326511] usbcore: registered new interface driver usbfs
[    0.326520] usbcore: registered new interface driver hub
[    0.326525] usbcore: registered new device driver usb
[    0.326548] pps_core: LinuxPPS API ver. 1 registered
[    0.326548] pps_core: Software ver. 5.3.6 - Copyright 2005-2007 Rodolfo Giometti <giometti@linux.it>
[    0.326552] PTP clock support registered
[    0.326586] EDAC MC: Ver: 3.0.0
[    0.326861] PCI: Using ACPI for IRQ routing
[    0.326862] PCI: pci_cache_line_size set to 64 bytes
[    0.327031] e820: reserve RAM buffer [mem 0x0009fc00-0x0009ffff]
[    0.327035] e820: reserve RAM buffer [mem 0x7fff0000-0x7fffffff]
[    0.327571] NetLabel: Initializing
[    0.327571] NetLabel:  domain hash size = 128
[    0.327572] NetLabel:  protocols = UNLABELED CIPSOv4 CALIPSO
[    0.327591] NetLabel:  unlabeled traffic allowed by default
[    0.328487] clocksource: Switched to clocksource kvm-clock
[    0.335976] *** VALIDATE bpf ***
[    0.335976] VFS: Disk quotas dquot_6.6.0
[    0.335976] VFS: Dquot-cache hash table entries: 512 (order 0, 4096 bytes)
[    0.335976] *** VALIDATE ramfs ***
[    0.335976] *** VALIDATE hugetlbfs ***
[    0.335976] AppArmor: AppArmor Filesystem Enabled
[    0.335976] pnp: PnP ACPI init
[    0.335976] pnp 00:00: Plug and Play ACPI device, IDs PNP0303 (active)
[    0.338386] pnp 00:01: Plug and Play ACPI device, IDs PNP0f03 (active)
[    0.339158] pnp: PnP ACPI: found 2 devices
[    0.340092] thermal_sys: Registered thermal governor 'fair_share'
[    0.340093] thermal_sys: Registered thermal governor 'bang_bang'
[    0.340093] thermal_sys: Registered thermal governor 'step_wise'
[    0.340094] thermal_sys: Registered thermal governor 'user_space'
[    0.340095] thermal_sys: Registered thermal governor 'power_allocator'
[    0.344606] clocksource: acpi_pm: mask: 0xffffff max_cycles: 0xffffff, max_idle_ns: 2085701024 ns
[    0.344644] pci_bus 0000:00: resource 4 [io  0x0000-0x0cf7 window]
[    0.344646] pci_bus 0000:00: resource 5 [io  0x0d00-0xffff window]
[    0.344647] pci_bus 0000:00: resource 6 [mem 0x000a0000-0x000bffff window]
[    0.344648] pci_bus 0000:00: resource 7 [mem 0x80000000-0xfdffffff window]
[    0.344702] NET: Registered protocol family 2
[    0.344775] IP idents hash table entries: 32768 (order: 6, 262144 bytes, linear)
[    0.345175] MPTCP tokens hash table entries: 8192 (order: 4, 65536 bytes, linear)
[    0.345198] MPTCP request tokens hash table entries: 8192 (order: 4, 65536 bytes, linear)
[    0.345223] default registered
[    0.345223] default registered
[    0.345224] MPTCP: Stable release v0.96
[    0.345229] tcp_listen_portaddr_hash hash table entries: 1024 (order: 2, 16384 bytes, linear)
[    0.345308] TCP established hash table entries: 16384 (order: 5, 131072 bytes, linear)
[    0.345372] TCP bind hash table entries: 16384 (order: 6, 262144 bytes, linear)
[    0.345398] TCP: Hash tables configured (established 16384 bind 16384)
[    0.345843] UDP hash table entries: 1024 (order: 3, 32768 bytes, linear)
[    0.345854] UDP-Lite hash table entries: 1024 (order: 3, 32768 bytes, linear)
[    0.345888] NET: Registered protocol family 1
[    0.345896] NET: Registered protocol family 44
[    0.345914] pci 0000:00:00.0: Limiting direct PCI/PCI transfers
[    0.345927] pci 0000:00:01.0: Activating ISA DMA hang workarounds
[    0.345991] pci 0000:00:02.0: Video device with shadowed ROM at [mem 0x000c0000-0x000dffff]
[    0.346056] PCI: CLS 0 bytes, default 64
[    0.346099] Trying to unpack rootfs image as initramfs...
[    0.496047] Freeing initrd memory: 47868K
[    0.496047] clocksource: tsc: mask: 0xffffffffffffffff max_cycles: 0x1e4530a99b6, max_idle_ns: 440795257976 ns
[    0.496047] clocksource: Switched to clocksource tsc
[    0.496047] platform rtc_cmos: registered platform RTC device (no PNP device found)
[    0.496047] check: Scanning for low memory corruption every 60 seconds
[    0.496047] Initialise system trusted keyrings
[    0.496047] Key type blacklist registered
[    0.496047] workingset: timestamp_bits=36 max_order=19 bucket_order=0
[    0.496047] zbud: loaded
[    0.496047] squashfs: version 4.0 (2009/01/31) Phillip Lougher
[    0.496047] fuse: init (API version 7.31)
[    0.496047] *** VALIDATE fuse ***
[    0.496047] *** VALIDATE fuse ***
[    0.496047] Platform Keyring initialized
[    0.496047] Key type asymmetric registered
[    0.496047] Asymmetric key parser 'x509' registered
[    0.496047] Block layer SCSI generic (bsg) driver version 0.4 loaded (major 244)
[    0.496047] io scheduler mq-deadline registered
[    0.510147] shpchp: Standard Hot Plug PCI Controller Driver version: 0.4
[    0.510356] ACPI: AC Adapter [AC] (on-line)
[    0.510402] input: Power Button as /devices/LNXSYSTM:00/LNXPWRBN:00/input/input0
[    0.510428] ACPI: Power Button [PWRF]
[    0.510521] input: Sleep Button as /devices/LNXSYSTM:00/LNXSLPBN:00/input/input1
[    0.510534] ACPI: Sleep Button [SLPF]
[    0.510756] Serial: 8250/16550 driver, 32 ports, IRQ sharing enabled
[    0.511918] Linux agpgart interface v0.103
[    0.607060] loop: module loaded
[    0.607191] ata_piix 0000:00:01.1: version 2.13
[    0.607583] scsi host0: ata_piix
[    0.607668] scsi host1: ata_piix
[    0.607694] ata1: PATA max UDMA/33 cmd 0x1f0 ctl 0x3f6 bmdma 0xd000 irq 14
[    0.607695] ata2: PATA max UDMA/33 cmd 0x170 ctl 0x376 bmdma 0xd008 irq 15
[    0.607767] tun: Universal TUN/TAP device driver, 1.6
[    0.608053] PPP generic driver version 2.4.2
[    0.608097] VFIO - User Level meta-driver version: 0.3
[    0.608330] ehci_hcd: USB 2.0 'Enhanced' Host Controller (EHCI) Driver
[    0.608333] ehci-pci: EHCI PCI platform driver
[    0.608346] ehci-platform: EHCI generic platform driver
[    0.608352] ohci_hcd: USB 1.1 'Open' Host Controller (OHCI) Driver
[    0.608353] ohci-pci: OHCI PCI platform driver
[    0.608358] ohci-platform: OHCI generic platform driver
[    0.608363] uhci_hcd: USB Universal Host Controller Interface driver
[    0.608423] i8042: PNP: PS/2 Controller [PNP0303:PS2K,PNP0f03:PS2M] at 0x60,0x64 irq 1,12
[    0.608854] serio: i8042 KBD port at 0x60,0x64 irq 1
[    0.608857] serio: i8042 AUX port at 0x60,0x64 irq 12
[    0.608938] mousedev: PS/2 mouse device common for all mice
[    0.609178] input: AT Translated Set 2 keyboard as /devices/platform/i8042/serio0/input/input2
[    0.609569] rtc_cmos rtc_cmos: registered as rtc0
[    0.609581] rtc_cmos rtc_cmos: alarms up to one day, 114 bytes nvram
[    0.609586] i2c /dev entries driver
[    0.609626] device-mapper: uevent: version 1.0.3
[    0.609665] device-mapper: ioctl: 4.41.0-ioctl (2019-09-16) initialised: dm-devel@redhat.com
[    0.609685] platform eisa.0: Probing EISA bus 0
[    0.609686] platform eisa.0: EISA: Cannot allocate resource for mainboard
[    0.609688] platform eisa.0: Cannot allocate resource for EISA slot 1
[    0.609689] platform eisa.0: Cannot allocate resource for EISA slot 2
[    0.609690] platform eisa.0: Cannot allocate resource for EISA slot 3
[    0.609691] platform eisa.0: Cannot allocate resource for EISA slot 4
[    0.609692] platform eisa.0: Cannot allocate resource for EISA slot 5
[    0.609692] platform eisa.0: Cannot allocate resource for EISA slot 6
[    0.609693] platform eisa.0: Cannot allocate resource for EISA slot 7
[    0.609694] platform eisa.0: Cannot allocate resource for EISA slot 8
[    0.609695] platform eisa.0: EISA: Detected 0 cards
[    0.609698] intel_pstate: CPU model not supported
[    0.609707] ledtrig-cpu: registered to indicate activity on CPUs
[    0.609753] drop_monitor: Initializing network drop monitor service
[    0.609908] NET: Registered protocol family 10
[    0.615113] Segment Routing with IPv6
[    0.615141] fullmesh registered
[    0.615142] ndiffports registered
[    0.615143] binder registered
[    0.615144] roundrobin registered
[    0.615145] mps registered
[    0.615145] redundant registered
[    0.615146] blest registered
[    0.615147] ecf registered
[    0.615148] NET: Registered protocol family 17
[    0.615178] Key type dns_resolver registered
[    0.615188] RAS: Correctable Errors collector initialized.
[    0.615188] IPI shorthand broadcast: enabled
[    0.615188] sched_clock: Marking stable (600156219, 11032291)->(614319731, -3131221)
[    0.615345] registered taskstats version 1
[    0.615354] Loading compiled-in X.509 certificates
[    0.615937] Loaded X.509 cert 'Build time autogenerated kernel key: 6909f3744cebb3d0de528d5887b96a727de79b1e'
[    0.615952] zswap: loaded using pool lzo/zbud
[    0.616002] Key type ._fscrypt registered
[    0.616002] Key type .fscrypt registered
[    0.620423] Key type big_key registered
[    0.622609] Key type encrypted registered
[    0.622612] AppArmor: AppArmor sha1 policy hashing enabled
[    0.622619] ima: No TPM chip found, activating TPM-bypass!
[    0.622622] ima: Allocated hash algorithm: sha1
[    0.622629] ima: No architecture policies found
[    0.622637] evm: Initialising EVM extended attributes:
[    0.622637] evm: security.selinux
[    0.622638] evm: security.SMACK64
[    0.622638] evm: security.SMACK64EXEC
[    0.622639] evm: security.SMACK64TRANSMUTE
[    0.622639] evm: security.SMACK64MMAP
[    0.622640] evm: security.apparmor
[    0.622640] evm: security.ima
[    0.622641] evm: security.capability
[    0.622641] evm: HMAC attrs: 0x1
[    0.622923] PM:   Magic number: 10:335:428
[    0.623045] rtc_cmos rtc_cmos: setting system clock to 2026-01-11T11:26:59 UTC (1768130819)
[    0.778973] ata1.00: ATA-6: VBOX HARDDISK, 1.0, max UDMA/133
[    0.778975] ata1.00: 209715200 sectors, multi 128: LBA 
[    0.779451] scsi 0:0:0:0: Direct-Access     ATA      VBOX HARDDISK    1.0  PQ: 0 ANSI: 5
[    0.779633] sd 0:0:0:0: [sda] 209715200 512-byte logical blocks: (107 GB/100 GiB)
[    0.779642] sd 0:0:0:0: [sda] Write Protect is off
[    0.779644] sd 0:0:0:0: [sda] Mode Sense: 00 3a 00 00
[    0.779659] sd 0:0:0:0: [sda] Write cache: enabled, read cache: enabled, doesn't support DPO or FUA
[    0.779798] sd 0:0:0:0: Attached scsi generic sg0 type 0
[    0.780511]  sda: sda1 sda2
[    0.791165] sd 0:0:0:0: [sda] Attached SCSI disk
[    0.793592] Freeing unused decrypted memory: 2040K
[    0.794374] Freeing unused kernel image memory: 2728K
[    0.794375] Write protecting the kernel read-only data: 22528k
[    0.795166] Freeing unused kernel image memory: 2036K
[    0.795600] Freeing unused kernel image memory: 1428K
[    0.814592] x86/mm: Checked W+X mappings: passed, no W+X pages found.
[    0.814595] Run /init as init process
[    0.938476] ACPI: Video Device [GFX0] (multi-head: yes  rom: no  post: no)
[    0.938566] input: Video Bus as /devices/LNXSYSTM:00/LNXSYBUS:00/PNP0A03:00/LNXVIDEO:00/input/input4
[    0.959876] piix4_smbus 0000:00:07.0: SMBus Host Controller at 0x4100, revision 0
[    0.963621] e1000: Intel(R) PRO/1000 Network Driver - version 7.3.21-k8-NAPI
[    0.963622] e1000: Copyright (c) 1999-2006 Intel Corporation.
[    0.979490] pcnet32: pcnet32.c:v1.35 21.Apr.2008 tsbogend@alpha.franken.de
[    0.987891] pcnet32: PCnet/FAST III 79C973 at 0xd020, 08:00:27:b9:62:0d assigned IRQ 19
[    0.987932] pcnet32: Found PHY 0022:561b at address 0
[    0.988229] pcnet32: eth0: registered as PCnet/FAST III 79C973
[    0.991950] pcnet32: 1 cards_found
[    1.043299] pcnet32 0000:00:03.0 enp0s3: renamed from eth0
[    1.177373] input: ImExPS/2 Generic Explorer Mouse as /devices/platform/i8042/serio1/input/input5
[    1.375391] e1000 0000:00:08.0 eth0: (PCI:33MHz:32-bit) 08:00:27:72:28:de
[    1.375405] e1000 0000:00:08.0 eth0: Intel(R) PRO/1000 Network Connection
[    1.747417] e1000 0000:00:09.0 eth1: (PCI:33MHz:32-bit) 08:00:27:e1:8e:bc
[    1.747421] e1000 0000:00:09.0 eth1: Intel(R) PRO/1000 Network Connection
[    1.748609] e1000 0000:00:08.0 enp0s8: renamed from eth0
[    1.750508] e1000 0000:00:09.0 enp0s9: renamed from eth1
[    1.916082] EXT4-fs (sda2): mounted filesystem with ordered data mode. Opts: (null)
[    2.015490] systemd[1]: Inserted module 'autofs4'
[    2.025567] systemd[1]: systemd 245.4-4ubuntu3 running in system mode. (+PAM +AUDIT +SELINUX +IMA +APPARMOR +SMACK +SYSVINIT +UTMP +LIBCRYPTSETUP +GCRYPT +GNUTLS +ACL +XZ +LZ4 +SECCOMP +BLKID +ELFUTILS +KMOD +IDN2 -IDN +PCRE2 default-hierarchy=hybrid)
[    2.025594] systemd[1]: Detected virtualization oracle.
[    2.025597] systemd[1]: Detected architecture x86-64.
[    2.026876] systemd[1]: Set hostname to <ztg>.
[    2.147779] systemd[1]: /lib/systemd/system/dbus.socket:5: ListenStream= references a path below legacy directory /var/run/, updating /var/run/dbus/system_bus_socket â†’ /run/dbus/system_bus_socket; please update the unit file accordingly.
[    2.199256] systemd[1]: Created slice system-modprobe.slice.
[    2.199438] systemd[1]: Created slice User and Session Slice.
[    2.199479] systemd[1]: Started Forward Password Requests to Wall Directory Watch.
[    2.199630] systemd[1]: Set up automount Arbitrary Executable File Formats File System Automount Point.
[    2.199661] systemd[1]: Reached target User and Group Name Lookups.
[    2.199669] systemd[1]: Reached target Remote File Systems.
[    2.199677] systemd[1]: Reached target Slices.
[    2.200164] systemd[1]: Listening on Syslog Socket.
[    2.200228] systemd[1]: Listening on fsck to fsckd communication Socket.
[    2.200264] systemd[1]: Listening on initctl Compatibility Named Pipe.
[    2.200393] systemd[1]: Listening on Journal Audit Socket.
[    2.200444] systemd[1]: Listening on Journal Socket (/dev/log).
[    2.200511] systemd[1]: Listening on Journal Socket.
[    2.200573] systemd[1]: Listening on udev Control Socket.
[    2.200611] systemd[1]: Listening on udev Kernel Socket.
[    2.201295] systemd[1]: Mounting Huge Pages File System...
[    2.202179] systemd[1]: Mounting POSIX Message Queue File System...
[    2.203034] systemd[1]: Mounting Kernel Debug File System...
[    2.203833] systemd[1]: Mounting Kernel Trace File System...
[    2.205697] systemd[1]: Starting Journal Service...
[    2.228646] systemd[1]: Starting Set the console keyboard layout...
[    2.236208] systemd[1]: Starting Create list of static device nodes for the current kernel...
[    2.237050] systemd[1]: Starting Load Kernel Module drm...
[    2.238960] systemd[1]: Condition check resulted in Set Up Additional Binary Formats being skipped.
[    2.238991] systemd[1]: Condition check resulted in File System Check on Root Device being skipped.
[    2.241901] systemd[1]: Starting Load Kernel Modules...
[    2.242630] systemd[1]: Starting Remount Root and Kernel File Systems...
[    2.254503] systemd[1]: Starting udev Coldplug all Devices...
[    2.283729] systemd[1]: Starting Uncomplicated firewall...
[    2.285241] systemd[1]: Mounted Huge Pages File System.
[    2.285339] systemd[1]: Mounted POSIX Message Queue File System.
[    2.285419] systemd[1]: Mounted Kernel Debug File System.
[    2.285489] systemd[1]: Mounted Kernel Trace File System.
[    2.286792] EXT4-fs (sda2): re-mounted. Opts: errors=remount-ro
[    2.293233] systemd[1]: Finished Create list of static device nodes for the current kernel.
[    2.302112] systemd[1]: Finished Remount Root and Kernel File Systems.
[    2.305046] systemd[1]: Finished Uncomplicated firewall.
[    2.321180] systemd[1]: Condition check resulted in Rebuild Hardware Database being skipped.
[    2.321214] systemd[1]: Condition check resulted in Platform Persistent Storage Archival being skipped.
[    2.321852] systemd[1]: Starting Load/Save Random Seed...
[    2.353997] lp: driver loaded but no devices found
[    2.359147] systemd[1]: Starting Create System Users...
[    2.359507] systemd[1]: modprobe@drm.service: Succeeded.
[    2.366329] systemd[1]: Finished Load Kernel Module drm.
[    2.369218] systemd[1]: Finished Load/Save Random Seed.
[    2.370154] ppdev: user-space parallel port driver
[    2.379916] systemd[1]: Finished Create System Users.
[    2.380658] systemd[1]: Starting Create Static Device Nodes in /dev...
[    2.400025] systemd[1]: Finished udev Coldplug all Devices.
[    2.422884] systemd[1]: Finished Create Static Device Nodes in /dev.
[    2.423628] systemd[1]: Starting udev Kernel Device Manager...
[    2.454320] [drm] DMA map mode: Caching DMA mappings.
[    2.454384] [drm] Capabilities:
[    2.454384] [drm]   Rect copy.
[    2.454385] [drm]   Cursor.
[    2.454385] [drm]   Cursor bypass.
[    2.454385] [drm]   Cursor bypass 2.
[    2.454386] [drm]   Alpha cursor.
[    2.454386] [drm]   Extended Fifo.
[    2.454386] [drm]   Pitchlock.
[    2.454387] [drm]   Irq mask.
[    2.454387] [drm]   GMR.
[    2.454387] [drm]   Traces.
[    2.454388] [drm]   GMR2.
[    2.454388] [drm]   Screen Object 2.
[    2.454388] [drm]   Command Buffers.
[    2.454389] [drm]   Command Buffers 2.
[    2.454389] [drm]   Guest Backed Resources.
[    2.454390] [drm] Max GMR ids is 8192
[    2.454391] [drm] Max number of GMR pages is 1048576
[    2.454391] [drm] Max dedicated hypervisor surface memory is 393216 kiB
[    2.454392] [drm] Maximum display memory size is 131072 kiB
[    2.454393] [drm] VRAM at 0xe0000000 size is 131072 kiB
[    2.454393] [drm] MMIO at 0xf0000000 size is 2048 kiB
[    2.455526] [TTM] Zone  kernel: Available graphics memory: 1011736 KiB
[    2.455527] [TTM] Initializing pool allocator
[    2.455530] [TTM] Initializing DMA pool allocator
[    2.455586] [drm] Supports vblank timestamp caching Rev 2 (21.10.2013).
[    2.455586] [drm] No driver support for vblank timestamp query.
[    2.455802] [drm] Screen Target Display device initialized
[    2.455979] [drm] width 720
[    2.455988] [drm] height 400
[    2.455992] [drm] bpp 32
[    2.456279] [drm] Fifo max 0x00200000 min 0x00001000 cap 0x00000355
[    2.457613] [drm] Using command buffers with DMA pool.
[    2.457617] [drm] DX: no.
[    2.457617] [drm] Atomic: yes.
[    2.457617] [drm] SM4_1: no.
[    2.457635] [drm:vmw_host_log [vmwgfx]] *ERROR* Failed to send host log message.
[    2.458583] [drm:vmw_host_log [vmwgfx]] *ERROR* Failed to send host log message.
[    2.471314] fbcon: svgadrmfb (fb0) is primary device
[    2.474169] Console: switching to colour frame buffer device 100x37
[    2.495412] [drm] Initialized vmwgfx 2.15.0 20180704 for 0000:00:02.0 on minor 0
[    2.497347] systemd[1]: Finished Load Kernel Modules.
[    2.498449] systemd[1]: Mounting FUSE Control File System...
[    2.499662] systemd[1]: Mounting Kernel Configuration File System...
[    2.512301] systemd[1]: Starting Apply Kernel Variables...
[    2.523954] systemd[1]: Mounted FUSE Control File System.
[    2.524019] systemd[1]: Condition check resulted in VMware vmblock fuse mount being skipped.
[    2.525361] systemd[1]: Mounted Kernel Configuration File System.
[    2.532010] systemd[1]: Finished Set the console keyboard layout.
[    2.532101] systemd[1]: Reached target Local File Systems (Pre).
[    2.535590] systemd[1]: Mounting Mount unit for bare, revision 5...
[    2.538799] systemd[1]: Mounting Mount unit for core18, revision 1705...
[    2.544833] systemd[1]: Mounting Mount unit for core22, revision 2193...
[    2.569464] systemd[1]: Mounting Mount unit for gnome-3-34-1804, revision 24...
[    2.579505] systemd[1]: Mounting Mount unit for gnome-42-2204, revision 226...
[    2.584364] systemd[1]: Mounting Mount unit for gtk-common-themes, revision 1506...
[    2.588442] systemd[1]: Mounting Mount unit for gtk-common-themes, revision 1535...
[    2.599727] systemd[1]: Mounting Mount unit for snap-store, revision 1216...
[    2.602561] systemd[1]: Mounting Mount unit for snap-store, revision 433...
[    2.624183] systemd[1]: Mounting Mount unit for snapd, revision 25577...
[    2.630136] systemd[1]: Started udev Kernel Device Manager.
[    2.646856] systemd[1]: Finished Apply Kernel Variables.
[    2.646988] systemd[1]: Mounted Mount unit for bare, revision 5.
[    2.647073] systemd[1]: Mounted Mount unit for core18, revision 1705.
[    2.647147] systemd[1]: Mounted Mount unit for core22, revision 2193.
[    2.647220] systemd[1]: Mounted Mount unit for gnome-3-34-1804, revision 24.
[    2.651401] systemd[1]: Starting Show Plymouth Boot Screen...
[    2.655288] systemd[1]: Received SIGRTMIN+20 from PID 283 (plymouthd).
[    2.679135] systemd[1]: Started Show Plymouth Boot Screen.
[    2.679278] systemd[1]: Condition check resulted in Dispatch Password Requests to Console Directory Watch being skipped.
[    2.679361] systemd[1]: Started Forward Password Requests to Plymouth Directory Watch.
[    2.679393] systemd[1]: Reached target Local Encrypted Volumes.
[    2.697258] systemd[1]: Mounted Mount unit for gnome-42-2204, revision 226.
[    2.797033] systemd[1]: Mounted Mount unit for gtk-common-themes, revision 1506.
[    2.797339] systemd[1]: Mounted Mount unit for gtk-common-themes, revision 1535.
[    2.815190] systemd[1]: Mounted Mount unit for snap-store, revision 1216.
[    2.834253] systemd[1]: Mounted Mount unit for snap-store, revision 433.
[    2.867849] systemd[1]: Mounted Mount unit for snapd, revision 25577.
[    2.868052] systemd[1]: Reached target Local File Systems.
[    2.868937] systemd[1]: Starting Load AppArmor profiles...
[    2.871795] systemd[1]: Starting Set console font and keymap...
[    2.885017] systemd[1]: Starting Tell Plymouth To Write Out Runtime Data...
[    2.886524] systemd[1]: Condition check resulted in Store a System Token in an EFI Variable being skipped.
[    2.886570] systemd[1]: Condition check resulted in Commit a transient machine-id on disk being skipped.
[    2.888960] systemd[1]: Finished Set console font and keymap.
[    2.898021] systemd[1]: Received SIGRTMIN+20 from PID 283 (plymouthd).
[    2.899753] systemd[1]: plymouth-read-write.service: Succeeded.
[    2.900023] systemd[1]: Finished Tell Plymouth To Write Out Runtime Data.
[    2.933718] audit: type=1400 audit(1768130821.804:2): apparmor="STATUS" operation="profile_load" profile="unconfined" name="nvidia_modprobe" pid=306 comm="apparmor_parser"
[    2.933720] audit: type=1400 audit(1768130821.804:3): apparmor="STATUS" operation="profile_load" profile="unconfined" name="nvidia_modprobe//kmod" pid=306 comm="apparmor_parser"
[    2.941184] audit: type=1400 audit(1768130821.816:4): apparmor="STATUS" operation="profile_load" profile="unconfined" name="/usr/sbin/tcpdump" pid=307 comm="apparmor_parser"
[    2.982197] audit: type=1400 audit(1768130821.848:5): apparmor="STATUS" operation="profile_load" profile="unconfined" name="/usr/bin/evince" pid=309 comm="apparmor_parser"
[    2.982200] audit: type=1400 audit(1768130821.848:6): apparmor="STATUS" operation="profile_load" profile="unconfined" name="/usr/bin/evince//sanitized_helper" pid=309 comm="apparmor_parser"
[    2.982201] audit: type=1400 audit(1768130821.848:7): apparmor="STATUS" operation="profile_load" profile="unconfined" name="/usr/bin/evince-previewer" pid=309 comm="apparmor_parser"
[    2.982203] audit: type=1400 audit(1768130821.848:8): apparmor="STATUS" operation="profile_load" profile="unconfined" name="/usr/bin/evince-previewer//sanitized_helper" pid=309 comm="apparmor_parser"
[    2.982204] audit: type=1400 audit(1768130821.848:9): apparmor="STATUS" operation="profile_load" profile="unconfined" name="/usr/bin/evince-thumbnailer" pid=309 comm="apparmor_parser"
[    2.997934] audit: type=1400 audit(1768130821.872:10): apparmor="STATUS" operation="profile_load" profile="unconfined" name="/usr/lib/cups/backend/cups-pdf" pid=310 comm="apparmor_parser"
[    3.080961] systemd[1]: Finished Load AppArmor profiles.
[    3.081914] systemd[1]: Starting Load AppArmor profiles managed internally by snapd...
[    3.211402] systemd[1]: Finished Load AppArmor profiles managed internally by snapd.
[    3.225037] systemd[1]: Started Journal Service.
[    3.232317] systemd-journald[229]: Received client request to flush runtime journal.
[    3.236181] systemd-journald[229]: File /var/log/journal/c455b248004a419c87ce85eea238d727/system.journal corrupted or uncleanly shut down, renaming and replacing.
[    4.508011] RAPL PMU: API unit is 2^-32 Joules, 0 fixed counters, 10737418240 ms ovfl timer
[    4.580291] cryptd: max_cpu_qlen set to 1000
[    4.639551] AVX2 version of gcm_enc/dec engaged.
[    4.639552] AES CTR mode by8 optimization enabled
[    6.600233] Adding 1998844k swap on /dev/sda1.  Priority:-2 extents:1 across:1998844k FS
[    7.295167] AAAAA: Error looking up destination IP: 369098976 - net/ipv4/ip_output.c: 285: dac_mps_nexthops
[    7.356627] AAAAA: Error looking up destination IP: 4211081440 - net/ipv4/ip_output.c: 285: dac_mps_nexthops
[    7.620027] AAAAA: Error looking up destination IP: 4211081440 - net/ipv4/ip_output.c: 285: dac_mps_nexthops
[    7.870569] AAAAA: Error looking up destination IP: 4211081440 - net/ipv4/ip_output.c: 285: dac_mps_nexthops
[    8.075469] AAAAA: Error looking up destination IP: 4211081440 - net/ipv4/ip_output.c: 285: dac_mps_nexthops
[    8.306054] AAAAA: Error looking up destination IP: 369098976 - net/ipv4/ip_output.c: 285: dac_mps_nexthops
[    8.663575] kauditd_printk_skb: 31 callbacks suppressed
[    8.663586] audit: type=1400 audit(1768130827.536:42): apparmor="DENIED" operation="capable" profile="/usr/sbin/cups-browsed" pid=572 comm="cups-browsed" capability=23  capname="sys_nice"
[    8.771804] AAAAA: Error looking up destination IP: 4211081440 - net/ipv4/ip_output.c: 285: dac_mps_nexthops
[    9.094851] AAAAA: Error looking up destination IP: 4211081440 - net/ipv4/ip_output.c: 285: dac_mps_nexthops
[    9.430634] pcnet32 0000:00:03.0 enp0s3: link up, 100Mbps, full-duplex
[    9.474579] e1000: enp0s8 NIC Link is Up 1000 Mbps Full Duplex, Flow Control: RX
[    9.474874] IPv6: ADDRCONF(NETDEV_CHANGE): enp0s8: link becomes ready
[    9.493755] e1000: enp0s9 NIC Link is Up 1000 Mbps Full Duplex, Flow Control: RX
[    9.494043] IPv6: ADDRCONF(NETDEV_CHANGE): enp0s9: link becomes ready
[   10.137098] device enp0s3 entered promiscuous mode
[   10.154989] audit: type=1400 audit(1768130829.028:43): apparmor="DENIED" operation="open" profile="/usr/sbin/tcpdump" name="/proc/sys/kernel/random/boot_id" pid=732 comm="tcpdump" requested_mask="r" denied_mask="r" fsuid=0 ouid=0
[   10.155191] audit: type=1400 audit(1768130829.028:44): apparmor="DENIED" operation="open" profile="/usr/sbin/tcpdump" name="/proc/sys/kernel/random/boot_id" pid=732 comm="tcpdump" requested_mask="r" denied_mask="r" fsuid=0 ouid=0
[   10.155266] audit: type=1400 audit(1768130829.028:45): apparmor="DENIED" operation="open" profile="/usr/sbin/tcpdump" name="/proc/sys/kernel/random/boot_id" pid=732 comm="tcpdump" requested_mask="r" denied_mask="r" fsuid=0 ouid=0
[   10.155351] audit: type=1400 audit(1768130829.028:46): apparmor="DENIED" operation="open" profile="/usr/sbin/tcpdump" name="/proc/sys/kernel/random/boot_id" pid=732 comm="tcpdump" requested_mask="r" denied_mask="r" fsuid=0 ouid=0
[   10.156562] audit: type=1400 audit(1768130829.028:47): apparmor="DENIED" operation="open" profile="/usr/sbin/tcpdump" name="/proc/sys/kernel/random/boot_id" pid=733 comm="tcpdump" requested_mask="r" denied_mask="r" fsuid=0 ouid=0
[   10.156868] audit: type=1400 audit(1768130829.028:48): apparmor="DENIED" operation="open" profile="/usr/sbin/tcpdump" name="/proc/sys/kernel/random/boot_id" pid=733 comm="tcpdump" requested_mask="r" denied_mask="r" fsuid=0 ouid=0
[   10.156911] audit: type=1400 audit(1768130829.028:49): apparmor="DENIED" operation="open" profile="/usr/sbin/tcpdump" name="/proc/sys/kernel/random/boot_id" pid=733 comm="tcpdump" requested_mask="r" denied_mask="r" fsuid=0 ouid=0
[   10.156966] audit: type=1400 audit(1768130829.028:50): apparmor="DENIED" operation="open" profile="/usr/sbin/tcpdump" name="/proc/sys/kernel/random/boot_id" pid=733 comm="tcpdump" requested_mask="r" denied_mask="r" fsuid=0 ouid=0
[   15.921816] rfkill: input handler disabled
[  474.250748] rfkill: input handler enabled
[  482.695713] rfkill: input handler disabled
[  730.014989] device enp0s3 left promiscuous mode
