[    0.000000] Linux version 5.4.243-dmptcp (root@ztg) (gcc version 12.2.0 (Debian 12.2.0-14+deb12u1)) #119 SMP Wed Dec 24 23:52:51 CST 2025
[    0.000000] Command line: BOOT_IMAGE=/boot/vmlinuz-5.4.243-dmptcp root=UUID=98415a12-53b7-4144-8265-0f7ece09e445 ro quiet splash
[    0.000000] KERNEL supported cpus:
[    0.000000]   Intel GenuineIntel
[    0.000000]   AMD AuthenticAMD
[    0.000000]   Hygon HygonGenuine
[    0.000000]   Centaur CentaurHauls
[    0.000000]   zhaoxin   Shanghai  
[    0.000000] x86/fpu: Supporting XSAVE feature 0x001: 'x87 floating point registers'
[    0.000000] x86/fpu: Supporting XSAVE feature 0x002: 'SSE registers'
[    0.000000] x86/fpu: Supporting XSAVE feature 0x004: 'AVX registers'
[    0.000000] x86/fpu: xstate_offset[2]:  576, xstate_sizes[2]:  256
[    0.000000] x86/fpu: Enabled xstate features 0x7, context size is 832 bytes, using 'standard' format.
[    0.000000] BIOS-provided physical RAM map:
[    0.000000] BIOS-e820: [mem 0x0000000000000000-0x000000000009fbff] usable
[    0.000000] BIOS-e820: [mem 0x000000000009fc00-0x000000000009ffff] reserved
[    0.000000] BIOS-e820: [mem 0x00000000000f0000-0x00000000000fffff] reserved
[    0.000000] BIOS-e820: [mem 0x0000000000100000-0x000000007ffeffff] usable
[    0.000000] BIOS-e820: [mem 0x000000007fff0000-0x000000007fffffff] ACPI data
[    0.000000] BIOS-e820: [mem 0x00000000fec00000-0x00000000fec00fff] reserved
[    0.000000] BIOS-e820: [mem 0x00000000fee00000-0x00000000fee00fff] reserved
[    0.000000] BIOS-e820: [mem 0x00000000fffc0000-0x00000000ffffffff] reserved
[    0.000000] NX (Execute Disable) protection: active
[    0.000000] SMBIOS 2.5 present.
[    0.000000] DMI: innotek GmbH VirtualBox/VirtualBox, BIOS VirtualBox 12/01/2006
[    0.000000] Hypervisor detected: KVM
[    0.000000] kvm-clock: Using msrs 4b564d01 and 4b564d00
[    0.000000] kvm-clock: cpu 0, msr 42201001, primary cpu clock
[    0.000000] kvm-clock: using sched offset of 4392975799 cycles
[    0.000003] clocksource: kvm-clock: mask: 0xffffffffffffffff max_cycles: 0x1cd42e4dffb, max_idle_ns: 881590591483 ns
[    0.000006] tsc: Detected 2100.000 MHz processor
[    0.001861] e820: update [mem 0x00000000-0x00000fff] usable ==> reserved
[    0.001863] e820: remove [mem 0x000a0000-0x000fffff] usable
[    0.001867] last_pfn = 0x7fff0 max_arch_pfn = 0x400000000
[    0.001935] MTRR default type: uncachable
[    0.001936] MTRR fixed ranges enabled:
[    0.001937]   00000-9FFFF write-back
[    0.001938]   A0000-BFFFF uncachable
[    0.001939]   C0000-FFFFF write-protect
[    0.001939] MTRR variable ranges enabled:
[    0.001941]   0 base 000000000000 mask 3FFF80000000 write-back
[    0.001942]   1 disabled
[    0.001942]   2 disabled
[    0.001943]   3 disabled
[    0.001943]   4 disabled
[    0.001943]   5 disabled
[    0.001944]   6 disabled
[    0.001944]   7 disabled
[    0.001945]   8 disabled
[    0.001945]   9 disabled
[    0.001945]   10 disabled
[    0.001946]   11 disabled
[    0.001946]   12 disabled
[    0.001947]   13 disabled
[    0.001947]   14 disabled
[    0.001948]   15 disabled
[    0.001963] x86/PAT: Configuration [0-7]: WB  WC  UC- UC  WB  WP  UC- WT  
[    0.002097] found SMP MP-table at [mem 0x0009fff0-0x0009ffff]
[    0.090720] check: Scanning 1 areas for low memory corruption
[    0.090865] RAMDISK: [mem 0x32271000-0x3512ffff]
[    0.090874] ACPI: Early table checksum verification disabled
[    0.090880] ACPI: RSDP 0x00000000000E0000 000024 (v02 VBOX  )
[    0.090885] ACPI: XSDT 0x000000007FFF0030 00003C (v01 VBOX   VBOXXSDT 00000001 ASL  00000061)
[    0.090891] ACPI: FACP 0x000000007FFF00F0 0000F4 (v04 VBOX   VBOXFACP 00000001 ASL  00000061)
[    0.090898] ACPI: DSDT 0x000000007FFF02E0 002353 (v02 VBOX   VBOXBIOS 00000002 VBOX 00029BF3)
[    0.090902] ACPI: FACS 0x000000007FFF0200 000040
[    0.090905] ACPI: FACS 0x000000007FFF0200 000040
[    0.090908] ACPI: APIC 0x000000007FFF0240 000054 (v02 VBOX   VBOXAPIC 00000001 ASL  00000061)
[    0.090912] ACPI: SSDT 0x000000007FFF02A0 000038 (v01 VBOX   VBOXCPUT 00000002 VBOX 00029BF3)
[    0.090915] ACPI: Reserving FACP table memory at [mem 0x7fff00f0-0x7fff01e3]
[    0.090916] ACPI: Reserving DSDT table memory at [mem 0x7fff02e0-0x7fff2632]
[    0.090917] ACPI: Reserving FACS table memory at [mem 0x7fff0200-0x7fff023f]
[    0.090917] ACPI: Reserving FACS table memory at [mem 0x7fff0200-0x7fff023f]
[    0.090918] ACPI: Reserving APIC table memory at [mem 0x7fff0240-0x7fff0293]
[    0.090919] ACPI: Reserving SSDT table memory at [mem 0x7fff02a0-0x7fff02d7]
[    0.090933] ACPI: Local APIC address 0xfee00000
[    0.091118] No NUMA configuration found
[    0.091119] Faking a node at [mem 0x0000000000000000-0x000000007ffeffff]
[    0.091129] NODE_DATA(0) allocated [mem 0x7ffc5000-0x7ffeffff]
[    0.092070] Zone ranges:
[    0.092072]   DMA      [mem 0x0000000000001000-0x0000000000ffffff]
[    0.092073]   DMA32    [mem 0x0000000001000000-0x000000007ffeffff]
[    0.092074]   Normal   empty
[    0.092074]   Device   empty
[    0.092075] Movable zone start for each node
[    0.092077] Early memory node ranges
[    0.092078]   node   0: [mem 0x0000000000001000-0x000000000009efff]
[    0.092079]   node   0: [mem 0x0000000000100000-0x000000007ffeffff]
[    0.092744] Zeroed struct page in unavailable ranges: 114 pages
[    0.092745] Initmem setup node 0 [mem 0x0000000000001000-0x000000007ffeffff]
[    0.092747] On node 0 totalpages: 524174
[    0.092748]   DMA zone: 64 pages used for memmap
[    0.092749]   DMA zone: 21 pages reserved
[    0.092750]   DMA zone: 3998 pages, LIFO batch:0
[    0.092827]   DMA32 zone: 8128 pages used for memmap
[    0.092828]   DMA32 zone: 520176 pages, LIFO batch:63
[    0.101944] ACPI: PM-Timer IO Port: 0x4008
[    0.101947] ACPI: Local APIC address 0xfee00000
[    0.102018] IOAPIC[0]: apic_id 1, version 32, address 0xfec00000, GSI 0-23
[    0.102022] ACPI: INT_SRC_OVR (bus 0 bus_irq 0 global_irq 2 dfl dfl)
[    0.102024] ACPI: INT_SRC_OVR (bus 0 bus_irq 9 global_irq 9 low level)
[    0.102026] ACPI: IRQ0 used by override.
[    0.102027] ACPI: IRQ9 used by override.
[    0.102029] Using ACPI (MADT) for SMP configuration information
[    0.102036] smpboot: Allowing 1 CPUs, 0 hotplug CPUs
[    0.102059] PM: Registered nosave memory: [mem 0x00000000-0x00000fff]
[    0.102060] PM: Registered nosave memory: [mem 0x0009f000-0x0009ffff]
[    0.102061] PM: Registered nosave memory: [mem 0x000a0000-0x000effff]
[    0.102061] PM: Registered nosave memory: [mem 0x000f0000-0x000fffff]
[    0.102063] [mem 0x80000000-0xfebfffff] available for PCI devices
[    0.102064] Booting paravirtualized kernel on KVM
[    0.102068] clocksource: refined-jiffies: mask: 0xffffffff max_cycles: 0xffffffff, max_idle_ns: 7645519600211568 ns
[    0.102087] setup_percpu: NR_CPUS:8192 nr_cpumask_bits:1 nr_cpu_ids:1 nr_node_ids:1
[    0.103093] percpu: Embedded 60 pages/cpu s208896 r8192 d28672 u2097152
[    0.103098] pcpu-alloc: s208896 r8192 d28672 u2097152 alloc=1*2097152
[    0.103099] pcpu-alloc: [0] 0 
[    0.103126] Built 1 zonelists, mobility grouping on.  Total pages: 515961
[    0.103127] Policy zone: DMA32
[    0.103128] Kernel command line: BOOT_IMAGE=/boot/vmlinuz-5.4.243-dmptcp root=UUID=98415a12-53b7-4144-8265-0f7ece09e445 ro quiet splash
[    0.103978] Dentry cache hash table entries: 262144 (order: 9, 2097152 bytes, linear)
[    0.104125] Inode-cache hash table entries: 131072 (order: 8, 1048576 bytes, linear)
[    0.104176] mem auto-init: stack:off, heap alloc:on, heap free:off
[    0.104179] Calgary: detecting Calgary via BIOS EBDA area
[    0.104180] Calgary: Unable to locate Rio Grande table in EBDA - bailing!
[    0.108422] Memory: 1967332K/2096696K available (14339K kernel code, 2399K rwdata, 4716K rodata, 2728K init, 17260K bss, 129364K reserved, 0K cma-reserved)
[    0.109353] SLUB: HWalign=64, Order=0-3, MinObjects=0, CPUs=1, Nodes=1
[    0.109370] ftrace: allocating 43203 entries in 169 pages
[    0.127691] rcu: Hierarchical RCU implementation.
[    0.127693] rcu: 	RCU restricting CPUs from NR_CPUS=8192 to nr_cpu_ids=1.
[    0.127694] 	Tasks RCU enabled.
[    0.127695] rcu: RCU calculated value of scheduler-enlistment delay is 25 jiffies.
[    0.127696] rcu: Adjusting geometry for rcu_fanout_leaf=16, nr_cpu_ids=1
[    0.130675] NR_IRQS: 524544, nr_irqs: 256, preallocated irqs: 16
[    0.130893] random: crng init done
[    0.140233] Console: colour VGA+ 80x25
[    0.140238] printk: console [tty0] enabled
[    0.140262] ACPI: Core revision 20190816
[    0.140362] APIC: Switch to symmetric I/O mode setup
[    0.140612] x2apic enabled
[    0.140849] Switched APIC routing to physical x2apic.
[    0.141987] ..TIMER: vector=0x30 apic1=0 pin1=2 apic2=-1 pin2=-1
[    0.142011] clocksource: tsc-early: mask: 0xffffffffffffffff max_cycles: 0x1e4530a99b6, max_idle_ns: 440795257976 ns
[    0.142017] Calibrating delay loop (skipped) preset value.. 4200.00 BogoMIPS (lpj=8400000)
[    0.142019] pid_max: default: 32768 minimum: 301
[    0.142047] LSM: Security Framework initializing
[    0.142056] Yama: becoming mindful.
[    0.142083] AppArmor: AppArmor initialized
[    0.142117] Mount-cache hash table entries: 4096 (order: 3, 32768 bytes, linear)
[    0.142122] Mountpoint-cache hash table entries: 4096 (order: 3, 32768 bytes, linear)
[    0.142133] *** VALIDATE tmpfs ***
[    0.142264] *** VALIDATE proc ***
[    0.142305] *** VALIDATE cgroup1 ***
[    0.142307] *** VALIDATE cgroup2 ***
[    0.142449] process: using mwait in idle threads
[    0.142454] Last level iTLB entries: 4KB 64, 2MB 8, 4MB 8
[    0.142454] Last level dTLB entries: 4KB 64, 2MB 0, 4MB 0, 1GB 4
[    0.142474] Spectre V1 : Mitigation: usercopy/swapgs barriers and __user pointer sanitization
[    0.142480] Spectre V2 : Mitigation: Retpolines
[    0.142480] Spectre V2 : Spectre v2 / SpectreRSB mitigation: Filling RSB on context switch
[    0.142481] Spectre V2 : Spectre v2 / SpectreRSB : Filling RSB on VMEXIT
[    0.142481] RETBleed: WARNING: Spectre v2 mitigation leaves CPU vulnerable to RETBleed attacks, data leaks possible!
[    0.142833] RETBleed: Vulnerable
[    0.142833] Speculative Store Bypass: Vulnerable
[    0.142838] TAA: Mitigation: TSX disabled
[    0.142839] MMIO Stale Data: Mitigation: Clear CPU buffers
[    0.147150] Freeing SMP alternatives memory: 40K
[    0.260203] smpboot: CPU0: Intel(R) Xeon(R) Silver 4216 CPU @ 2.10GHz (family: 0x6, model: 0x55, stepping: 0x7)
[    0.260346] Performance Events: unsupported p6 CPU model 85 no PMU driver, software events only.
[    0.260385] rcu: Hierarchical SRCU implementation.
[    0.260875] NMI watchdog: Perf NMI watchdog permanently disabled
[    0.260914] smp: Bringing up secondary CPUs ...
[    0.260915] smp: Brought up 1 node, 1 CPU
[    0.260916] smpboot: Max logical packages: 1
[    0.260917] smpboot: Total of 1 processors activated (4200.00 BogoMIPS)
[    0.261910] devtmpfs: initialized
[    0.261959] x86/mm: Memory block size: 128MB
[    0.262013] clocksource: jiffies: mask: 0xffffffff max_cycles: 0xffffffff, max_idle_ns: 7645041785100000 ns
[    0.262013] futex hash table entries: 256 (order: 2, 16384 bytes, linear)
[    0.262013] pinctrl core: initialized pinctrl subsystem
[    0.262013] PM: RTC time: 09:23:07, date: 2026-01-10
[    0.262013] NET: Registered protocol family 16
[    0.262013] audit: initializing netlink subsys (disabled)
[    0.262013] EISA bus registered
[    0.262013] cpuidle: using governor ladder
[    0.262013] cpuidle: using governor menu
[    0.262013] ACPI: bus type PCI registered
[    0.262013] acpiphp: ACPI Hot Plug PCI Controller Driver version: 0.5
[    0.262013] PCI: Using configuration type 1 for base access
[    0.262410] audit: type=2000 audit(1768008194.051:1): state=initialized audit_enabled=0 res=1
[    0.262490] HugeTLB registered 2.00 MiB page size, pre-allocated 0 pages
[    0.263308] ACPI: Added _OSI(Module Device)
[    0.263309] ACPI: Added _OSI(Processor Device)
[    0.263310] ACPI: Added _OSI(3.0 _SCP Extensions)
[    0.263311] ACPI: Added _OSI(Processor Aggregator Device)
[    0.263312] ACPI: Added _OSI(Linux-Dell-Video)
[    0.263312] ACPI: Added _OSI(Linux-Lenovo-NV-HDMI-Audio)
[    0.263313] ACPI: Added _OSI(Linux-HPI-Hybrid-Graphics)
[    0.265259] ACPI: 2 ACPI AML tables successfully acquired and loaded
[    0.266808] ACPI: Interpreter enabled
[    0.266820] ACPI: (supports S0 S5)
[    0.266821] ACPI: Using IOAPIC for interrupt routing
[    0.267093] PCI: Using host bridge windows from ACPI; if necessary, use "pci=nocrs" and report a bug
[    0.267203] ACPI: Enabled 2 GPEs in block 00 to 07
[    0.272619] ACPI: PCI Root Bridge [PCI0] (domain 0000 [bus 00-ff])
[    0.272625] acpi PNP0A03:00: _OSC: OS supports [ASPM ClockPM Segments MSI HPX-Type3]
[    0.273087] acpi PNP0A03:00: _OSC: not requesting OS control; OS requires [ExtendedConfig ASPM ClockPM MSI]
[    0.273095] acpi PNP0A03:00: fail to add MMCONFIG information, can't access extended PCI configuration space under this bridge.
[    0.273477] PCI host bridge to bus 0000:00
[    0.273479] pci_bus 0000:00: root bus resource [io  0x0000-0x0cf7 window]
[    0.273480] pci_bus 0000:00: root bus resource [io  0x0d00-0xffff window]
[    0.273481] pci_bus 0000:00: root bus resource [mem 0x000a0000-0x000bffff window]
[    0.273482] pci_bus 0000:00: root bus resource [mem 0x80000000-0xfdffffff window]
[    0.273484] pci_bus 0000:00: root bus resource [bus 00-ff]
[    0.273529] pci 0000:00:00.0: [8086:1237] type 00 class 0x060000
[    0.274496] pci 0000:00:01.0: [8086:7000] type 00 class 0x060100
[    0.275247] pci 0000:00:01.1: [8086:7111] type 00 class 0x01018a
[    0.275618] pci 0000:00:01.1: reg 0x20: [io  0xd000-0xd00f]
[    0.275775] pci 0000:00:01.1: legacy IDE quirk: reg 0x10: [io  0x01f0-0x01f7]
[    0.275776] pci 0000:00:01.1: legacy IDE quirk: reg 0x14: [io  0x03f6]
[    0.275777] pci 0000:00:01.1: legacy IDE quirk: reg 0x18: [io  0x0170-0x0177]
[    0.275779] pci 0000:00:01.1: legacy IDE quirk: reg 0x1c: [io  0x0376]
[    0.276341] pci 0000:00:02.0: [15ad:0405] type 00 class 0x030000
[    0.278093] pci 0000:00:02.0: reg 0x10: [io  0xd010-0xd01f]
[    0.282064] pci 0000:00:02.0: reg 0x14: [mem 0xe0000000-0xe7ffffff pref]
[    0.284745] pci 0000:00:02.0: reg 0x18: [mem 0xf0000000-0xf01fffff]
[    0.296704] pci 0000:00:03.0: [1022:2000] type 00 class 0x020000
[    0.297383] pci 0000:00:03.0: reg 0x10: [io  0xd020-0xd03f]
[    0.298013] pci 0000:00:03.0: reg 0x14: [mem 0xf0200000-0xf0200fff]
[    0.301627] pci 0000:00:04.0: [80ee:cafe] type 00 class 0x088000
[    0.302131] pci 0000:00:04.0: reg 0x10: [io  0xd040-0xd05f]
[    0.302740] pci 0000:00:04.0: reg 0x14: [mem 0xf0400000-0xf07fffff]
[    0.303349] pci 0000:00:04.0: reg 0x18: [mem 0xf0800000-0xf0803fff pref]
[    0.307080] pci 0000:00:07.0: [8086:7113] type 00 class 0x068000
[    0.307631] pci 0000:00:07.0: quirk: [io  0x4000-0x403f] claimed by PIIX4 ACPI
[    0.307642] pci 0000:00:07.0: quirk: [io  0x4100-0x410f] claimed by PIIX4 SMB
[    0.308258] pci 0000:00:08.0: [8086:100e] type 00 class 0x020000
[    0.308967] pci 0000:00:08.0: reg 0x10: [mem 0xf0820000-0xf083ffff]
[    0.310137] pci 0000:00:08.0: reg 0x18: [io  0xd060-0xd067]
[    0.313482] pci 0000:00:09.0: [8086:100e] type 00 class 0x020000
[    0.314730] pci 0000:00:09.0: reg 0x10: [mem 0xf0840000-0xf085ffff]
[    0.315925] pci 0000:00:09.0: reg 0x18: [io  0xd068-0xd06f]
[    0.326883] ACPI: PCI Interrupt Link [LNKA] (IRQs 5 9 10 *11)
[    0.327165] ACPI: PCI Interrupt Link [LNKB] (IRQs 5 9 *10 11)
[    0.327264] ACPI: PCI Interrupt Link [LNKC] (IRQs 5 *9 10 11)
[    0.327385] ACPI: PCI Interrupt Link [LNKD] (IRQs 5 9 10 *11)
[    0.327686] iommu: Default domain type: Translated 
[    0.327746] pci 0000:00:02.0: vgaarb: setting as boot VGA device
[    0.327748] pci 0000:00:02.0: vgaarb: VGA device added: decodes=io+mem,owns=io+mem,locks=none
[    0.327750] pci 0000:00:02.0: vgaarb: bridge control possible
[    0.327751] vgaarb: loaded
[    0.327969] SCSI subsystem initialized
[    0.328002] libata version 3.00 loaded.
[    0.328030] ACPI: bus type USB registered
[    0.328043] usbcore: registered new interface driver usbfs
[    0.328051] usbcore: registered new interface driver hub
[    0.328056] usbcore: registered new device driver usb
[    0.328086] pps_core: LinuxPPS API ver. 1 registered
[    0.328087] pps_core: Software ver. 5.3.6 - Copyright 2005-2007 Rodolfo Giometti <giometti@linux.it>
[    0.328090] PTP clock support registered
[    0.328124] EDAC MC: Ver: 3.0.0
[    0.328413] PCI: Using ACPI for IRQ routing
[    0.328414] PCI: pci_cache_line_size set to 64 bytes
[    0.328587] e820: reserve RAM buffer [mem 0x0009fc00-0x0009ffff]
[    0.328591] e820: reserve RAM buffer [mem 0x7fff0000-0x7fffffff]
[    0.329400] NetLabel: Initializing
[    0.329401] NetLabel:  domain hash size = 128
[    0.329401] NetLabel:  protocols = UNLABELED CIPSOv4 CALIPSO
[    0.329421] NetLabel:  unlabeled traffic allowed by default
[    0.330236] clocksource: Switched to clocksource kvm-clock
[    0.344779] *** VALIDATE bpf ***
[    0.344843] VFS: Disk quotas dquot_6.6.0
[    0.344855] VFS: Dquot-cache hash table entries: 512 (order 0, 4096 bytes)
[    0.344879] *** VALIDATE ramfs ***
[    0.344882] *** VALIDATE hugetlbfs ***
[    0.344963] AppArmor: AppArmor Filesystem Enabled
[    0.344992] pnp: PnP ACPI init
[    0.345065] pnp 00:00: Plug and Play ACPI device, IDs PNP0303 (active)
[    0.345159] pnp 00:01: Plug and Play ACPI device, IDs PNP0f03 (active)
[    0.345917] pnp: PnP ACPI: found 2 devices
[    0.346869] thermal_sys: Registered thermal governor 'fair_share'
[    0.346869] thermal_sys: Registered thermal governor 'bang_bang'
[    0.346870] thermal_sys: Registered thermal governor 'step_wise'
[    0.346871] thermal_sys: Registered thermal governor 'user_space'
[    0.346871] thermal_sys: Registered thermal governor 'power_allocator'
[    0.351409] clocksource: acpi_pm: mask: 0xffffff max_cycles: 0xffffff, max_idle_ns: 2085701024 ns
[    0.351449] pci_bus 0000:00: resource 4 [io  0x0000-0x0cf7 window]
[    0.351451] pci_bus 0000:00: resource 5 [io  0x0d00-0xffff window]
[    0.351452] pci_bus 0000:00: resource 6 [mem 0x000a0000-0x000bffff window]
[    0.351453] pci_bus 0000:00: resource 7 [mem 0x80000000-0xfdffffff window]
[    0.351512] NET: Registered protocol family 2
[    0.351587] IP idents hash table entries: 32768 (order: 6, 262144 bytes, linear)
[    0.351998] MPTCP tokens hash table entries: 8192 (order: 4, 65536 bytes, linear)
[    0.352021] MPTCP request tokens hash table entries: 8192 (order: 4, 65536 bytes, linear)
[    0.352047] default registered
[    0.352048] default registered
[    0.352048] MPTCP: Stable release v0.96
[    0.352053] tcp_listen_portaddr_hash hash table entries: 1024 (order: 2, 16384 bytes, linear)
[    0.352136] TCP established hash table entries: 16384 (order: 5, 131072 bytes, linear)
[    0.352202] TCP bind hash table entries: 16384 (order: 6, 262144 bytes, linear)
[    0.352228] TCP: Hash tables configured (established 16384 bind 16384)
[    0.352942] UDP hash table entries: 1024 (order: 3, 32768 bytes, linear)
[    0.352953] UDP-Lite hash table entries: 1024 (order: 3, 32768 bytes, linear)
[    0.352989] NET: Registered protocol family 1
[    0.352998] NET: Registered protocol family 44
[    0.353018] pci 0000:00:00.0: Limiting direct PCI/PCI transfers
[    0.353030] pci 0000:00:01.0: Activating ISA DMA hang workarounds
[    0.353086] pci 0000:00:02.0: Video device with shadowed ROM at [mem 0x000c0000-0x000dffff]
[    0.353195] PCI: CLS 0 bytes, default 64
[    0.353246] Trying to unpack rootfs image as initramfs...
[    0.527727] Freeing initrd memory: 47868K
[    0.527727] clocksource: tsc: mask: 0xffffffffffffffff max_cycles: 0x1e4530a99b6, max_idle_ns: 440795257976 ns
[    0.527727] clocksource: Switched to clocksource tsc
[    0.527727] platform rtc_cmos: registered platform RTC device (no PNP device found)
[    0.527727] check: Scanning for low memory corruption every 60 seconds
[    0.527727] Initialise system trusted keyrings
[    0.527727] Key type blacklist registered
[    0.527727] workingset: timestamp_bits=36 max_order=19 bucket_order=0
[    0.527727] zbud: loaded
[    0.527727] squashfs: version 4.0 (2009/01/31) Phillip Lougher
[    0.527727] fuse: init (API version 7.31)
[    0.527727] *** VALIDATE fuse ***
[    0.527727] *** VALIDATE fuse ***
[    0.527727] Platform Keyring initialized
[    0.527727] Key type asymmetric registered
[    0.527727] Asymmetric key parser 'x509' registered
[    0.527727] Block layer SCSI generic (bsg) driver version 0.4 loaded (major 244)
[    0.527727] io scheduler mq-deadline registered
[    0.527727] shpchp: Standard Hot Plug PCI Controller Driver version: 0.4
[    0.541935] ACPI: AC Adapter [AC] (on-line)
[    0.541982] input: Power Button as /devices/LNXSYSTM:00/LNXPWRBN:00/input/input0
[    0.542005] ACPI: Power Button [PWRF]
[    0.542092] input: Sleep Button as /devices/LNXSYSTM:00/LNXSLPBN:00/input/input1
[    0.542106] ACPI: Sleep Button [SLPF]
[    0.542342] Serial: 8250/16550 driver, 32 ports, IRQ sharing enabled
[    0.543473] Linux agpgart interface v0.103
[    0.639178] loop: module loaded
[    0.639339] ata_piix 0000:00:01.1: version 2.13
[    0.639739] scsi host0: ata_piix
[    0.639830] scsi host1: ata_piix
[    0.639855] ata1: PATA max UDMA/33 cmd 0x1f0 ctl 0x3f6 bmdma 0xd000 irq 14
[    0.639857] ata2: PATA max UDMA/33 cmd 0x170 ctl 0x376 bmdma 0xd008 irq 15
[    0.639940] tun: Universal TUN/TAP device driver, 1.6
[    0.640251] PPP generic driver version 2.4.2
[    0.640300] VFIO - User Level meta-driver version: 0.3
[    0.640543] ehci_hcd: USB 2.0 'Enhanced' Host Controller (EHCI) Driver
[    0.640545] ehci-pci: EHCI PCI platform driver
[    0.640561] ehci-platform: EHCI generic platform driver
[    0.640567] ohci_hcd: USB 1.1 'Open' Host Controller (OHCI) Driver
[    0.640569] ohci-pci: OHCI PCI platform driver
[    0.640575] ohci-platform: OHCI generic platform driver
[    0.640579] uhci_hcd: USB Universal Host Controller Interface driver
[    0.640645] i8042: PNP: PS/2 Controller [PNP0303:PS2K,PNP0f03:PS2M] at 0x60,0x64 irq 1,12
[    0.641084] serio: i8042 KBD port at 0x60,0x64 irq 1
[    0.641087] serio: i8042 AUX port at 0x60,0x64 irq 12
[    0.641174] mousedev: PS/2 mouse device common for all mice
[    0.641427] input: AT Translated Set 2 keyboard as /devices/platform/i8042/serio0/input/input2
[    0.641826] rtc_cmos rtc_cmos: registered as rtc0
[    0.641838] rtc_cmos rtc_cmos: alarms up to one day, 114 bytes nvram
[    0.641844] i2c /dev entries driver
[    0.641892] device-mapper: uevent: version 1.0.3
[    0.641933] device-mapper: ioctl: 4.41.0-ioctl (2019-09-16) initialised: dm-devel@redhat.com
[    0.641954] platform eisa.0: Probing EISA bus 0
[    0.641955] platform eisa.0: EISA: Cannot allocate resource for mainboard
[    0.641956] platform eisa.0: Cannot allocate resource for EISA slot 1
[    0.641957] platform eisa.0: Cannot allocate resource for EISA slot 2
[    0.641958] platform eisa.0: Cannot allocate resource for EISA slot 3
[    0.641959] platform eisa.0: Cannot allocate resource for EISA slot 4
[    0.641960] platform eisa.0: Cannot allocate resource for EISA slot 5
[    0.641961] platform eisa.0: Cannot allocate resource for EISA slot 6
[    0.641962] platform eisa.0: Cannot allocate resource for EISA slot 7
[    0.641963] platform eisa.0: Cannot allocate resource for EISA slot 8
[    0.641964] platform eisa.0: EISA: Detected 0 cards
[    0.641966] intel_pstate: CPU model not supported
[    0.641976] ledtrig-cpu: registered to indicate activity on CPUs
[    0.642030] drop_monitor: Initializing network drop monitor service
[    0.642189] NET: Registered protocol family 10
[    0.647333] Segment Routing with IPv6
[    0.647333] fullmesh registered
[    0.647333] ndiffports registered
[    0.647333] binder registered
[    0.647333] roundrobin registered
[    0.647333] mps registered
[    0.647333] redundant registered
[    0.647333] blest registered
[    0.647333] ecf registered
[    0.647333] NET: Registered protocol family 17
[    0.647333] Key type dns_resolver registered
[    0.647333] RAS: Correctable Errors collector initialized.
[    0.647333] IPI shorthand broadcast: enabled
[    0.647333] sched_clock: Marking stable (632202715, 11130854)->(643510614, -177045)
[    0.647623] registered taskstats version 1
[    0.647635] Loading compiled-in X.509 certificates
[    0.648295] Loaded X.509 cert 'Build time autogenerated kernel key: 6909f3744cebb3d0de528d5887b96a727de79b1e'
[    0.648316] zswap: loaded using pool lzo/zbud
[    0.648377] Key type ._fscrypt registered
[    0.648378] Key type .fscrypt registered
[    0.652833] Key type big_key registered
[    0.655001] Key type encrypted registered
[    0.655003] AppArmor: AppArmor sha1 policy hashing enabled
[    0.655010] ima: No TPM chip found, activating TPM-bypass!
[    0.655014] ima: Allocated hash algorithm: sha1
[    0.655020] ima: No architecture policies found
[    0.655029] evm: Initialising EVM extended attributes:
[    0.655030] evm: security.selinux
[    0.655030] evm: security.SMACK64
[    0.655031] evm: security.SMACK64EXEC
[    0.655031] evm: security.SMACK64TRANSMUTE
[    0.655032] evm: security.SMACK64MMAP
[    0.655032] evm: security.apparmor
[    0.655033] evm: security.ima
[    0.655033] evm: security.capability
[    0.655034] evm: HMAC attrs: 0x1
[    0.655327] PM:   Magic number: 10:495:373
[    0.655352] vc vcsa1: hash matches
[    0.655436] rtc_cmos rtc_cmos: setting system clock to 2026-01-10T09:23:08 UTC (1768036988)
[    0.812164] ata1.00: ATA-6: VBOX HARDDISK, 1.0, max UDMA/133
[    0.812169] ata1.00: 209715200 sectors, multi 128: LBA 
[    0.812847] scsi 0:0:0:0: Direct-Access     ATA      VBOX HARDDISK    1.0  PQ: 0 ANSI: 5
[    0.813129] sd 0:0:0:0: [sda] 209715200 512-byte logical blocks: (107 GB/100 GiB)
[    0.813141] sd 0:0:0:0: [sda] Write Protect is off
[    0.813145] sd 0:0:0:0: [sda] Mode Sense: 00 3a 00 00
[    0.813163] sd 0:0:0:0: [sda] Write cache: enabled, read cache: enabled, doesn't support DPO or FUA
[    0.813474] sd 0:0:0:0: Attached scsi generic sg0 type 0
[    0.814281]  sda: sda1 sda2
[    0.826680] sd 0:0:0:0: [sda] Attached SCSI disk
[    0.829825] Freeing unused decrypted memory: 2040K
[    0.830760] Freeing unused kernel image memory: 2728K
[    0.830762] Write protecting the kernel read-only data: 22528k
[    0.831750] Freeing unused kernel image memory: 2036K
[    0.832294] Freeing unused kernel image memory: 1428K
[    0.857174] x86/mm: Checked W+X mappings: passed, no W+X pages found.
[    0.857178] Run /init as init process
[    0.971865] ACPI: Video Device [GFX0] (multi-head: yes  rom: no  post: no)
[    0.971939] input: Video Bus as /devices/LNXSYSTM:00/LNXSYBUS:00/PNP0A03:00/LNXVIDEO:00/input/input4
[    0.986950] pcnet32: pcnet32.c:v1.35 21.Apr.2008 tsbogend@alpha.franken.de
[    0.988633] piix4_smbus 0000:00:07.0: SMBus Host Controller at 0x4100, revision 0
[    0.991287] e1000: Intel(R) PRO/1000 Network Driver - version 7.3.21-k8-NAPI
[    0.991288] e1000: Copyright (c) 1999-2006 Intel Corporation.
[    1.004381] pcnet32: PCnet/FAST III 79C973 at 0xd020, 08:00:27:49:7e:59 assigned IRQ 19
[    1.004426] pcnet32: Found PHY 0022:561b at address 0
[    1.004728] pcnet32: eth0: registered as PCnet/FAST III 79C973
[    1.010631] pcnet32: 1 cards_found
[    1.073031] pcnet32 0000:00:03.0 enp0s3: renamed from eth0
[    1.201809] input: ImExPS/2 Generic Explorer Mouse as /devices/platform/i8042/serio1/input/input5
[    1.403408] e1000 0000:00:08.0 eth0: (PCI:33MHz:32-bit) 08:00:27:f4:fc:4c
[    1.403413] e1000 0000:00:08.0 eth0: Intel(R) PRO/1000 Network Connection
[    1.775520] e1000 0000:00:09.0 eth1: (PCI:33MHz:32-bit) 08:00:27:6d:73:ec
[    1.775524] e1000 0000:00:09.0 eth1: Intel(R) PRO/1000 Network Connection
[    1.776719] e1000 0000:00:09.0 enp0s9: renamed from eth1
[    1.778607] e1000 0000:00:08.0 enp0s8: renamed from eth0
[    1.923818] EXT4-fs (sda2): mounted filesystem with ordered data mode. Opts: (null)
[    2.014081] systemd[1]: Inserted module 'autofs4'
[    2.024416] systemd[1]: systemd 245.4-4ubuntu3 running in system mode. (+PAM +AUDIT +SELINUX +IMA +APPARMOR +SMACK +SYSVINIT +UTMP +LIBCRYPTSETUP +GCRYPT +GNUTLS +ACL +XZ +LZ4 +SECCOMP +BLKID +ELFUTILS +KMOD +IDN2 -IDN +PCRE2 default-hierarchy=hybrid)
[    2.024448] systemd[1]: Detected virtualization oracle.
[    2.024453] systemd[1]: Detected architecture x86-64.
[    2.025789] systemd[1]: Set hostname to <ztg>.
[    2.165739] systemd[1]: /lib/systemd/system/dbus.socket:5: ListenStream= references a path below legacy directory /var/run/, updating /var/run/dbus/system_bus_socket â†’ /run/dbus/system_bus_socket; please update the unit file accordingly.
[    2.219514] systemd[1]: Created slice system-modprobe.slice.
[    2.219834] systemd[1]: Created slice User and Session Slice.
[    2.219914] systemd[1]: Started Forward Password Requests to Wall Directory Watch.
[    2.220162] systemd[1]: Set up automount Arbitrary Executable File Formats File System Automount Point.
[    2.220223] systemd[1]: Reached target User and Group Name Lookups.
[    2.220240] systemd[1]: Reached target Remote File Systems.
[    2.220257] systemd[1]: Reached target Slices.
[    2.220870] systemd[1]: Listening on Syslog Socket.
[    2.220943] systemd[1]: Listening on fsck to fsckd communication Socket.
[    2.220981] systemd[1]: Listening on initctl Compatibility Named Pipe.
[    2.221125] systemd[1]: Listening on Journal Audit Socket.
[    2.221177] systemd[1]: Listening on Journal Socket (/dev/log).
[    2.221280] systemd[1]: Listening on Journal Socket.
[    2.221354] systemd[1]: Listening on udev Control Socket.
[    2.221399] systemd[1]: Listening on udev Kernel Socket.
[    2.222207] systemd[1]: Mounting Huge Pages File System...
[    2.223135] systemd[1]: Mounting POSIX Message Queue File System...
[    2.224065] systemd[1]: Mounting Kernel Debug File System...
[    2.224910] systemd[1]: Mounting Kernel Trace File System...
[    2.226859] systemd[1]: Starting Journal Service...
[    2.250141] systemd[1]: Starting Set the console keyboard layout...
[    2.258195] systemd[1]: Starting Create list of static device nodes for the current kernel...
[    2.260305] systemd[1]: Starting Load Kernel Module drm...
[    2.264511] systemd[1]: Condition check resulted in Set Up Additional Binary Formats being skipped.
[    2.269063] systemd[1]: Condition check resulted in File System Check on Root Device being skipped.
[    2.272493] systemd[1]: Starting Load Kernel Modules...
[    2.282994] systemd[1]: Starting Remount Root and Kernel File Systems...
[    2.290290] systemd[1]: Starting udev Coldplug all Devices...
[    2.300823] systemd[1]: Starting Uncomplicated firewall...
[    2.302461] systemd[1]: Mounted Huge Pages File System.
[    2.302549] systemd[1]: Mounted POSIX Message Queue File System.
[    2.302625] systemd[1]: Mounted Kernel Debug File System.
[    2.302694] systemd[1]: Mounted Kernel Trace File System.
[    2.303190] EXT4-fs (sda2): re-mounted. Opts: errors=remount-ro
[    2.316197] systemd[1]: Finished Create list of static device nodes for the current kernel.
[    2.317073] systemd[1]: modprobe@drm.service: Succeeded.
[    2.319344] systemd[1]: Finished Load Kernel Module drm.
[    2.319860] systemd[1]: Finished Remount Root and Kernel File Systems.
[    2.325694] systemd[1]: Finished Uncomplicated firewall.
[    2.358127] systemd[1]: Condition check resulted in Rebuild Hardware Database being skipped.
[    2.358183] systemd[1]: Condition check resulted in Platform Persistent Storage Archival being skipped.
[    2.360136] lp: driver loaded but no devices found
[    2.376512] systemd[1]: Starting Load/Save Random Seed...
[    2.383011] systemd[1]: Starting Create System Users...
[    2.389375] ppdev: user-space parallel port driver
[    2.395147] systemd[1]: Finished Load/Save Random Seed.
[    2.398003] systemd[1]: Finished Create System Users.
[    2.398714] systemd[1]: Starting Create Static Device Nodes in /dev...
[    2.427567] systemd[1]: Finished udev Coldplug all Devices.
[    2.430395] systemd[1]: Finished Create Static Device Nodes in /dev.
[    2.431478] systemd[1]: Starting udev Kernel Device Manager...
[    2.512178] [drm] DMA map mode: Caching DMA mappings.
[    2.512247] [drm] Capabilities:
[    2.512248] [drm]   Rect copy.
[    2.512248] [drm]   Cursor.
[    2.512248] [drm]   Cursor bypass.
[    2.512249] [drm]   Cursor bypass 2.
[    2.512249] [drm]   Alpha cursor.
[    2.512249] [drm]   Extended Fifo.
[    2.512250] [drm]   Pitchlock.
[    2.512250] [drm]   Irq mask.
[    2.512250] [drm]   GMR.
[    2.512251] [drm]   Traces.
[    2.512251] [drm]   GMR2.
[    2.512251] [drm]   Screen Object 2.
[    2.512252] [drm]   Command Buffers.
[    2.512252] [drm]   Command Buffers 2.
[    2.512252] [drm]   Guest Backed Resources.
[    2.512253] [drm] Max GMR ids is 8192
[    2.512254] [drm] Max number of GMR pages is 1048576
[    2.512254] [drm] Max dedicated hypervisor surface memory is 393216 kiB
[    2.512255] [drm] Maximum display memory size is 131072 kiB
[    2.512256] [drm] VRAM at 0xe0000000 size is 131072 kiB
[    2.512256] [drm] MMIO at 0xf0000000 size is 2048 kiB
[    2.512892] [TTM] Zone  kernel: Available graphics memory: 1011736 KiB
[    2.512893] [TTM] Initializing pool allocator
[    2.512897] [TTM] Initializing DMA pool allocator
[    2.512927] [drm] Supports vblank timestamp caching Rev 2 (21.10.2013).
[    2.512928] [drm] No driver support for vblank timestamp query.
[    2.513157] [drm] Screen Target Display device initialized
[    2.513382] [drm] width 720
[    2.513391] [drm] height 400
[    2.513394] [drm] bpp 32
[    2.513930] [drm] Fifo max 0x00200000 min 0x00001000 cap 0x00000355
[    2.515037] [drm] Using command buffers with DMA pool.
[    2.515044] [drm] DX: no.
[    2.515044] [drm] Atomic: yes.
[    2.515044] [drm] SM4_1: no.
[    2.515064] [drm:vmw_host_log [vmwgfx]] *ERROR* Failed to send host log message.
[    2.516914] [drm:vmw_host_log [vmwgfx]] *ERROR* Failed to send host log message.
[    2.524330] systemd[1]: Finished Set the console keyboard layout.
[    2.524447] systemd[1]: Reached target Local File Systems (Pre).
[    2.525152] fbcon: svgadrmfb (fb0) is primary device
[    2.528022] systemd[1]: Mounting Mount unit for bare, revision 5...
[    2.534976] Console: switching to colour frame buffer device 100x37
[    2.536556] systemd[1]: Mounting Mount unit for core18, revision 1705...
[    2.540025] [drm] Initialized vmwgfx 2.15.0 20180704 for 0000:00:02.0 on minor 0
[    2.541995] systemd[1]: Mounting Mount unit for core22, revision 2193...
[    2.552021] systemd[1]: Mounting Mount unit for gnome-3-34-1804, revision 24...
[    2.565131] systemd[1]: Mounting Mount unit for gnome-42-2204, revision 226...
[    2.596379] systemd[1]: Mounting Mount unit for gtk-common-themes, revision 1506...
[    2.598330] systemd[1]: Mounting Mount unit for gtk-common-themes, revision 1535...
[    2.604384] systemd[1]: Mounting Mount unit for snap-store, revision 1216...
[    2.608932] systemd[1]: Mounting Mount unit for snap-store, revision 433...
[    2.621661] systemd[1]: Mounting Mount unit for snapd, revision 25577...
[    2.656066] systemd[1]: Finished Load Kernel Modules.
[    2.657490] systemd[1]: Mounted Mount unit for bare, revision 5.
[    2.657583] systemd[1]: Mounted Mount unit for core18, revision 1705.
[    2.657667] systemd[1]: Mounted Mount unit for core22, revision 2193.
[    2.657745] systemd[1]: Mounted Mount unit for gnome-3-34-1804, revision 24.
[    2.661170] systemd[1]: Mounting FUSE Control File System...
[    2.664095] systemd[1]: Mounting Kernel Configuration File System...
[    2.678823] systemd[1]: Starting Apply Kernel Variables...
[    2.685141] systemd[1]: Started udev Kernel Device Manager.
[    2.700045] systemd[1]: Starting Show Plymouth Boot Screen...
[    2.702789] systemd[1]: Mounted Mount unit for gtk-common-themes, revision 1506.
[    2.702908] systemd[1]: Mounted FUSE Control File System.
[    2.703008] systemd[1]: Mounted Kernel Configuration File System.
[    2.710908] systemd[1]: Finished Apply Kernel Variables.
[    2.711581] systemd[1]: Received SIGRTMIN+20 from PID 286 (plymouthd).
[    2.711668] systemd[1]: Condition check resulted in VMware vmblock fuse mount being skipped.
[    2.720592] systemd[1]: Mounted Mount unit for snap-store, revision 433.
[    2.736746] systemd[1]: Started Show Plymouth Boot Screen.
[    2.736943] systemd[1]: Condition check resulted in Dispatch Password Requests to Console Directory Watch being skipped.
[    2.737024] systemd[1]: Started Forward Password Requests to Plymouth Directory Watch.
[    2.737090] systemd[1]: Reached target Local Encrypted Volumes.
[    2.800942] systemd[1]: Mounted Mount unit for gnome-42-2204, revision 226.
[    2.801239] systemd[1]: Mounted Mount unit for gtk-common-themes, revision 1535.
[    2.801421] systemd[1]: Mounted Mount unit for snapd, revision 25577.
[    2.833661] systemd[1]: Mounted Mount unit for snap-store, revision 1216.
[    2.833906] systemd[1]: Reached target Local File Systems.
[    2.836270] systemd[1]: Starting Load AppArmor profiles...
[    2.837175] systemd[1]: Starting Set console font and keymap...
[    2.851810] systemd[1]: Starting Tell Plymouth To Write Out Runtime Data...
[    2.854344] systemd[1]: Condition check resulted in Store a System Token in an EFI Variable being skipped.
[    2.854377] systemd[1]: Condition check resulted in Commit a transient machine-id on disk being skipped.
[    2.856727] systemd[1]: Finished Set console font and keymap.
[    2.866221] systemd[1]: Received SIGRTMIN+20 from PID 286 (plymouthd).
[    2.867453] systemd[1]: plymouth-read-write.service: Succeeded.
[    2.867731] systemd[1]: Finished Tell Plymouth To Write Out Runtime Data.
[    2.902689] audit: type=1400 audit(1768036990.740:2): apparmor="STATUS" operation="profile_load" profile="unconfined" name="nvidia_modprobe" pid=306 comm="apparmor_parser"
[    2.902692] audit: type=1400 audit(1768036990.740:3): apparmor="STATUS" operation="profile_load" profile="unconfined" name="nvidia_modprobe//kmod" pid=306 comm="apparmor_parser"
[    2.908703] audit: type=1400 audit(1768036990.748:4): apparmor="STATUS" operation="profile_load" profile="unconfined" name="/usr/sbin/tcpdump" pid=307 comm="apparmor_parser"
[    2.933771] audit: type=1400 audit(1768036990.764:5): apparmor="STATUS" operation="profile_load" profile="unconfined" name="/usr/bin/evince" pid=309 comm="apparmor_parser"
[    2.933773] audit: type=1400 audit(1768036990.764:6): apparmor="STATUS" operation="profile_load" profile="unconfined" name="/usr/bin/evince//sanitized_helper" pid=309 comm="apparmor_parser"
[    2.933776] audit: type=1400 audit(1768036990.764:7): apparmor="STATUS" operation="profile_load" profile="unconfined" name="/usr/bin/evince-previewer" pid=309 comm="apparmor_parser"
[    2.933778] audit: type=1400 audit(1768036990.764:8): apparmor="STATUS" operation="profile_load" profile="unconfined" name="/usr/bin/evince-previewer//sanitized_helper" pid=309 comm="apparmor_parser"
[    2.933779] audit: type=1400 audit(1768036990.764:9): apparmor="STATUS" operation="profile_load" profile="unconfined" name="/usr/bin/evince-thumbnailer" pid=309 comm="apparmor_parser"
[    2.973774] audit: type=1400 audit(1768036990.816:10): apparmor="STATUS" operation="profile_load" profile="unconfined" name="/usr/lib/cups/backend/cups-pdf" pid=310 comm="apparmor_parser"
[    3.039439] systemd[1]: Finished Load AppArmor profiles.
[    3.040399] systemd[1]: Starting Load AppArmor profiles managed internally by snapd...
[    3.173178] systemd[1]: Finished Load AppArmor profiles managed internally by snapd.
[    3.275377] systemd[1]: Started Journal Service.
[    3.282640] systemd-journald[229]: Received client request to flush runtime journal.
[    3.286968] systemd-journald[229]: File /var/log/journal/c455b248004a419c87ce85eea238d727/system.journal corrupted or uncleanly shut down, renaming and replacing.
[    4.609779] RAPL PMU: API unit is 2^-32 Joules, 0 fixed counters, 10737418240 ms ovfl timer
[    4.673274] cryptd: max_cpu_qlen set to 1000
[    4.750563] AVX2 version of gcm_enc/dec engaged.
[    4.750564] AES CTR mode by8 optimization enabled
[    6.801953] Adding 1998844k swap on /dev/sda1.  Priority:-2 extents:1 across:1998844k FS
[    7.447314] AAAAA: Error looking up destination IP: 369098976 - net/ipv4/ip_output.c: 285: dac_mps_nexthops
[    7.692752] AAAAA: Error looking up destination IP: 4211081440 - net/ipv4/ip_output.c: 285: dac_mps_nexthops
[    7.958181] AAAAA: Error looking up destination IP: 4211081440 - net/ipv4/ip_output.c: 285: dac_mps_nexthops
[    8.013100] kauditd_printk_skb: 31 callbacks suppressed
[    8.013101] audit: type=1400 audit(1768036995.852:42): apparmor="DENIED" operation="capable" profile="/usr/sbin/cups-browsed" pid=575 comm="cups-browsed" capability=23  capname="sys_nice"
[    8.112224] AAAAA: Error looking up destination IP: 4211081440 - net/ipv4/ip_output.c: 285: dac_mps_nexthops
[    8.199244] AAAAA: Error looking up destination IP: 4211081440 - net/ipv4/ip_output.c: 285: dac_mps_nexthops
[    8.341734] AAAAA: Error looking up destination IP: 369098976 - net/ipv4/ip_output.c: 285: dac_mps_nexthops
[    8.412146] AAAAA: Error looking up destination IP: 4211081440 - net/ipv4/ip_output.c: 285: dac_mps_nexthops
[    9.125370] AAAAA: Error looking up destination IP: 4211081440 - net/ipv4/ip_output.c: 285: dac_mps_nexthops
[    9.224646] pcnet32 0000:00:03.0 enp0s3: link up, 100Mbps, full-duplex
[    9.269318] e1000: enp0s8 NIC Link is Up 1000 Mbps Full Duplex, Flow Control: RX
[    9.269620] IPv6: ADDRCONF(NETDEV_CHANGE): enp0s8: link becomes ready
[    9.292360] e1000: enp0s9 NIC Link is Up 1000 Mbps Full Duplex, Flow Control: RX
[    9.292648] IPv6: ADDRCONF(NETDEV_CHANGE): enp0s9: link becomes ready
[    9.933937] device enp0s3 entered promiscuous mode
[    9.976585] audit: type=1400 audit(1768036997.812:43): apparmor="DENIED" operation="open" profile="/usr/sbin/tcpdump" name="/proc/sys/kernel/random/boot_id" pid=707 comm="tcpdump" requested_mask="r" denied_mask="r" fsuid=0 ouid=0
[    9.977210] audit: type=1400 audit(1768036997.812:44): apparmor="DENIED" operation="open" profile="/usr/sbin/tcpdump" name="/proc/sys/kernel/random/boot_id" pid=707 comm="tcpdump" requested_mask="r" denied_mask="r" fsuid=0 ouid=0
[    9.977389] audit: type=1400 audit(1768036997.812:45): apparmor="DENIED" operation="open" profile="/usr/sbin/tcpdump" name="/proc/sys/kernel/random/boot_id" pid=707 comm="tcpdump" requested_mask="r" denied_mask="r" fsuid=0 ouid=0
[    9.977586] audit: type=1400 audit(1768036997.812:46): apparmor="DENIED" operation="open" profile="/usr/sbin/tcpdump" name="/proc/sys/kernel/random/boot_id" pid=707 comm="tcpdump" requested_mask="r" denied_mask="r" fsuid=0 ouid=0
[    9.984654] audit: type=1400 audit(1768036997.812:47): apparmor="DENIED" operation="open" profile="/usr/sbin/tcpdump" name="/proc/sys/kernel/random/boot_id" pid=708 comm="tcpdump" requested_mask="r" denied_mask="r" fsuid=0 ouid=0
[    9.986298] audit: type=1400 audit(1768036997.828:48): apparmor="DENIED" operation="open" profile="/usr/sbin/tcpdump" name="/proc/sys/kernel/random/boot_id" pid=708 comm="tcpdump" requested_mask="r" denied_mask="r" fsuid=0 ouid=0
[    9.986548] audit: type=1400 audit(1768036997.828:49): apparmor="DENIED" operation="open" profile="/usr/sbin/tcpdump" name="/proc/sys/kernel/random/boot_id" pid=708 comm="tcpdump" requested_mask="r" denied_mask="r" fsuid=0 ouid=0
[    9.987502] audit: type=1400 audit(1768036997.828:50): apparmor="DENIED" operation="open" profile="/usr/sbin/tcpdump" name="/proc/sys/kernel/random/boot_id" pid=708 comm="tcpdump" requested_mask="r" denied_mask="r" fsuid=0 ouid=0
[   15.860258] rfkill: input handler disabled
[  214.054404] AAAAA-TCP_FORW: name:enp0s3: saddr:16783984: daddr:100932208
[  623.657397] rfkill: input handler enabled
[  632.407656] rfkill: input handler disabled
[  850.456754] device enp0s3 left promiscuous mode
