[    0.000000] Linux version 5.4.243-dmptcp (root@ztg) (gcc version 12.2.0 (Debian 12.2.0-14+deb12u1)) #119 SMP Wed Dec 24 23:52:51 CST 2025
[    0.000000] Command line: BOOT_IMAGE=/boot/vmlinuz-5.4.243-dmptcp root=UUID=98415a12-53b7-4144-8265-0f7ece09e445 ro quiet splash
[    0.000000] KERNEL supported cpus:
[    0.000000]   Intel GenuineIntel
[    0.000000]   AMD AuthenticAMD
[    0.000000]   Hygon HygonGenuine
[    0.000000]   Centaur CentaurHauls
[    0.000000]   zhaoxin   Shanghai  
[    0.000000] x86/fpu: Supporting XSAVE feature 0x001: 'x87 floating point registers'
[    0.000000] x86/fpu: Supporting XSAVE feature 0x002: 'SSE registers'
[    0.000000] x86/fpu: Supporting XSAVE feature 0x004: 'AVX registers'
[    0.000000] x86/fpu: xstate_offset[2]:  576, xstate_sizes[2]:  256
[    0.000000] x86/fpu: Enabled xstate features 0x7, context size is 832 bytes, using 'standard' format.
[    0.000000] BIOS-provided physical RAM map:
[    0.000000] BIOS-e820: [mem 0x0000000000000000-0x000000000009fbff] usable
[    0.000000] BIOS-e820: [mem 0x000000000009fc00-0x000000000009ffff] reserved
[    0.000000] BIOS-e820: [mem 0x00000000000f0000-0x00000000000fffff] reserved
[    0.000000] BIOS-e820: [mem 0x0000000000100000-0x000000007ffeffff] usable
[    0.000000] BIOS-e820: [mem 0x000000007fff0000-0x000000007fffffff] ACPI data
[    0.000000] BIOS-e820: [mem 0x00000000fec00000-0x00000000fec00fff] reserved
[    0.000000] BIOS-e820: [mem 0x00000000fee00000-0x00000000fee00fff] reserved
[    0.000000] BIOS-e820: [mem 0x00000000fffc0000-0x00000000ffffffff] reserved
[    0.000000] NX (Execute Disable) protection: active
[    0.000000] SMBIOS 2.5 present.
[    0.000000] DMI: innotek GmbH VirtualBox/VirtualBox, BIOS VirtualBox 12/01/2006
[    0.000000] Hypervisor detected: KVM
[    0.000000] kvm-clock: Using msrs 4b564d01 and 4b564d00
[    0.000000] kvm-clock: cpu 0, msr 1c801001, primary cpu clock
[    0.000000] kvm-clock: using sched offset of 4435086296 cycles
[    0.000003] clocksource: kvm-clock: mask: 0xffffffffffffffff max_cycles: 0x1cd42e4dffb, max_idle_ns: 881590591483 ns
[    0.000006] tsc: Detected 2100.000 MHz processor
[    0.001877] e820: update [mem 0x00000000-0x00000fff] usable ==> reserved
[    0.001879] e820: remove [mem 0x000a0000-0x000fffff] usable
[    0.001883] last_pfn = 0x7fff0 max_arch_pfn = 0x400000000
[    0.001951] MTRR default type: uncachable
[    0.001952] MTRR fixed ranges enabled:
[    0.001954]   00000-9FFFF write-back
[    0.001954]   A0000-BFFFF uncachable
[    0.001955]   C0000-FFFFF write-protect
[    0.001956] MTRR variable ranges enabled:
[    0.001957]   0 base 000000000000 mask 3FFF80000000 write-back
[    0.001958]   1 disabled
[    0.001958]   2 disabled
[    0.001959]   3 disabled
[    0.001959]   4 disabled
[    0.001960]   5 disabled
[    0.001960]   6 disabled
[    0.001960]   7 disabled
[    0.001961]   8 disabled
[    0.001961]   9 disabled
[    0.001962]   10 disabled
[    0.001962]   11 disabled
[    0.001963]   12 disabled
[    0.001963]   13 disabled
[    0.001963]   14 disabled
[    0.001964]   15 disabled
[    0.001981] x86/PAT: Configuration [0-7]: WB  WC  UC- UC  WB  WP  UC- WT  
[    0.002114] found SMP MP-table at [mem 0x0009fff0-0x0009ffff]
[    0.092457] check: Scanning 1 areas for low memory corruption
[    0.092587] RAMDISK: [mem 0x32271000-0x3512ffff]
[    0.092595] ACPI: Early table checksum verification disabled
[    0.092601] ACPI: RSDP 0x00000000000E0000 000024 (v02 VBOX  )
[    0.092605] ACPI: XSDT 0x000000007FFF0030 00003C (v01 VBOX   VBOXXSDT 00000001 ASL  00000061)
[    0.092612] ACPI: FACP 0x000000007FFF00F0 0000F4 (v04 VBOX   VBOXFACP 00000001 ASL  00000061)
[    0.092619] ACPI: DSDT 0x000000007FFF02E0 002353 (v02 VBOX   VBOXBIOS 00000002 VBOX 00029BF3)
[    0.092623] ACPI: FACS 0x000000007FFF0200 000040
[    0.092626] ACPI: FACS 0x000000007FFF0200 000040
[    0.092629] ACPI: APIC 0x000000007FFF0240 000054 (v02 VBOX   VBOXAPIC 00000001 ASL  00000061)
[    0.092633] ACPI: SSDT 0x000000007FFF02A0 000038 (v01 VBOX   VBOXCPUT 00000002 VBOX 00029BF3)
[    0.092636] ACPI: Reserving FACP table memory at [mem 0x7fff00f0-0x7fff01e3]
[    0.092637] ACPI: Reserving DSDT table memory at [mem 0x7fff02e0-0x7fff2632]
[    0.092638] ACPI: Reserving FACS table memory at [mem 0x7fff0200-0x7fff023f]
[    0.092638] ACPI: Reserving FACS table memory at [mem 0x7fff0200-0x7fff023f]
[    0.092639] ACPI: Reserving APIC table memory at [mem 0x7fff0240-0x7fff0293]
[    0.092640] ACPI: Reserving SSDT table memory at [mem 0x7fff02a0-0x7fff02d7]
[    0.092653] ACPI: Local APIC address 0xfee00000
[    0.092841] No NUMA configuration found
[    0.092843] Faking a node at [mem 0x0000000000000000-0x000000007ffeffff]
[    0.092853] NODE_DATA(0) allocated [mem 0x7ffc5000-0x7ffeffff]
[    0.093798] Zone ranges:
[    0.093800]   DMA      [mem 0x0000000000001000-0x0000000000ffffff]
[    0.093802]   DMA32    [mem 0x0000000001000000-0x000000007ffeffff]
[    0.093803]   Normal   empty
[    0.093803]   Device   empty
[    0.093804] Movable zone start for each node
[    0.093806] Early memory node ranges
[    0.093807]   node   0: [mem 0x0000000000001000-0x000000000009efff]
[    0.093808]   node   0: [mem 0x0000000000100000-0x000000007ffeffff]
[    0.094475] Zeroed struct page in unavailable ranges: 114 pages
[    0.094477] Initmem setup node 0 [mem 0x0000000000001000-0x000000007ffeffff]
[    0.094478] On node 0 totalpages: 524174
[    0.094480]   DMA zone: 64 pages used for memmap
[    0.094480]   DMA zone: 21 pages reserved
[    0.094481]   DMA zone: 3998 pages, LIFO batch:0
[    0.094554]   DMA32 zone: 8128 pages used for memmap
[    0.094554]   DMA32 zone: 520176 pages, LIFO batch:63
[    0.103484] ACPI: PM-Timer IO Port: 0x4008
[    0.103487] ACPI: Local APIC address 0xfee00000
[    0.103556] IOAPIC[0]: apic_id 1, version 32, address 0xfec00000, GSI 0-23
[    0.103560] ACPI: INT_SRC_OVR (bus 0 bus_irq 0 global_irq 2 dfl dfl)
[    0.103562] ACPI: INT_SRC_OVR (bus 0 bus_irq 9 global_irq 9 low level)
[    0.103564] ACPI: IRQ0 used by override.
[    0.103565] ACPI: IRQ9 used by override.
[    0.103567] Using ACPI (MADT) for SMP configuration information
[    0.103574] smpboot: Allowing 1 CPUs, 0 hotplug CPUs
[    0.103596] PM: Registered nosave memory: [mem 0x00000000-0x00000fff]
[    0.103597] PM: Registered nosave memory: [mem 0x0009f000-0x0009ffff]
[    0.103598] PM: Registered nosave memory: [mem 0x000a0000-0x000effff]
[    0.103599] PM: Registered nosave memory: [mem 0x000f0000-0x000fffff]
[    0.103600] [mem 0x80000000-0xfebfffff] available for PCI devices
[    0.103601] Booting paravirtualized kernel on KVM
[    0.103605] clocksource: refined-jiffies: mask: 0xffffffff max_cycles: 0xffffffff, max_idle_ns: 7645519600211568 ns
[    0.103610] setup_percpu: NR_CPUS:8192 nr_cpumask_bits:1 nr_cpu_ids:1 nr_node_ids:1
[    0.104556] percpu: Embedded 60 pages/cpu s208896 r8192 d28672 u2097152
[    0.104561] pcpu-alloc: s208896 r8192 d28672 u2097152 alloc=1*2097152
[    0.104562] pcpu-alloc: [0] 0 
[    0.104590] Built 1 zonelists, mobility grouping on.  Total pages: 515961
[    0.104590] Policy zone: DMA32
[    0.104592] Kernel command line: BOOT_IMAGE=/boot/vmlinuz-5.4.243-dmptcp root=UUID=98415a12-53b7-4144-8265-0f7ece09e445 ro quiet splash
[    0.105456] Dentry cache hash table entries: 262144 (order: 9, 2097152 bytes, linear)
[    0.105603] Inode-cache hash table entries: 131072 (order: 8, 1048576 bytes, linear)
[    0.105652] mem auto-init: stack:off, heap alloc:on, heap free:off
[    0.105666] Calgary: detecting Calgary via BIOS EBDA area
[    0.105667] Calgary: Unable to locate Rio Grande table in EBDA - bailing!
[    0.109718] Memory: 1967332K/2096696K available (14339K kernel code, 2399K rwdata, 4716K rodata, 2728K init, 17260K bss, 129364K reserved, 0K cma-reserved)
[    0.110640] SLUB: HWalign=64, Order=0-3, MinObjects=0, CPUs=1, Nodes=1
[    0.110657] ftrace: allocating 43203 entries in 169 pages
[    0.128754] rcu: Hierarchical RCU implementation.
[    0.128756] rcu: 	RCU restricting CPUs from NR_CPUS=8192 to nr_cpu_ids=1.
[    0.128757] 	Tasks RCU enabled.
[    0.128758] rcu: RCU calculated value of scheduler-enlistment delay is 25 jiffies.
[    0.128759] rcu: Adjusting geometry for rcu_fanout_leaf=16, nr_cpu_ids=1
[    0.131726] NR_IRQS: 524544, nr_irqs: 256, preallocated irqs: 16
[    0.131939] random: crng init done
[    0.141245] Console: colour VGA+ 80x25
[    0.141250] printk: console [tty0] enabled
[    0.141271] ACPI: Core revision 20190816
[    0.141367] APIC: Switch to symmetric I/O mode setup
[    0.141619] x2apic enabled
[    0.141858] Switched APIC routing to physical x2apic.
[    0.142989] ..TIMER: vector=0x30 apic1=0 pin1=2 apic2=-1 pin2=-1
[    0.143015] clocksource: tsc-early: mask: 0xffffffffffffffff max_cycles: 0x1e4530a99b6, max_idle_ns: 440795257976 ns
[    0.143020] Calibrating delay loop (skipped) preset value.. 4200.00 BogoMIPS (lpj=8400000)
[    0.143022] pid_max: default: 32768 minimum: 301
[    0.143050] LSM: Security Framework initializing
[    0.143059] Yama: becoming mindful.
[    0.143085] AppArmor: AppArmor initialized
[    0.143118] Mount-cache hash table entries: 4096 (order: 3, 32768 bytes, linear)
[    0.143123] Mountpoint-cache hash table entries: 4096 (order: 3, 32768 bytes, linear)
[    0.143133] *** VALIDATE tmpfs ***
[    0.143262] *** VALIDATE proc ***
[    0.143304] *** VALIDATE cgroup1 ***
[    0.143305] *** VALIDATE cgroup2 ***
[    0.143445] process: using mwait in idle threads
[    0.143450] Last level iTLB entries: 4KB 64, 2MB 8, 4MB 8
[    0.143450] Last level dTLB entries: 4KB 64, 2MB 0, 4MB 0, 1GB 4
[    0.143470] Spectre V1 : Mitigation: usercopy/swapgs barriers and __user pointer sanitization
[    0.143476] Spectre V2 : Mitigation: Retpolines
[    0.143476] Spectre V2 : Spectre v2 / SpectreRSB mitigation: Filling RSB on context switch
[    0.143477] Spectre V2 : Spectre v2 / SpectreRSB : Filling RSB on VMEXIT
[    0.143477] RETBleed: WARNING: Spectre v2 mitigation leaves CPU vulnerable to RETBleed attacks, data leaks possible!
[    0.143829] RETBleed: Vulnerable
[    0.143829] Speculative Store Bypass: Vulnerable
[    0.143834] TAA: Mitigation: TSX disabled
[    0.143835] MMIO Stale Data: Mitigation: Clear CPU buffers
[    0.148054] Freeing SMP alternatives memory: 40K
[    0.260426] APIC calibration not consistent with PM-Timer: 98ms instead of 100ms
[    0.260428] APIC delta adjusted to PM-Timer: 6250235 (6186800)
[    0.260547] smpboot: CPU0: Intel(R) Xeon(R) Silver 4216 CPU @ 2.10GHz (family: 0x6, model: 0x55, stepping: 0x7)
[    0.260685] Performance Events: unsupported p6 CPU model 85 no PMU driver, software events only.
[    0.260729] rcu: Hierarchical SRCU implementation.
[    0.261209] NMI watchdog: Perf NMI watchdog permanently disabled
[    0.261248] smp: Bringing up secondary CPUs ...
[    0.261249] smp: Brought up 1 node, 1 CPU
[    0.261250] smpboot: Max logical packages: 1
[    0.261251] smpboot: Total of 1 processors activated (4200.00 BogoMIPS)
[    0.262494] devtmpfs: initialized
[    0.262542] x86/mm: Memory block size: 128MB
[    0.262892] clocksource: jiffies: mask: 0xffffffff max_cycles: 0xffffffff, max_idle_ns: 7645041785100000 ns
[    0.262898] futex hash table entries: 256 (order: 2, 16384 bytes, linear)
[    0.262940] pinctrl core: initialized pinctrl subsystem
[    0.263017] PM: RTC time: 09:22:04, date: 2026-01-10
[    0.263062] NET: Registered protocol family 16
[    0.263140] audit: initializing netlink subsys (disabled)
[    0.263274] EISA bus registered
[    0.263275] cpuidle: using governor ladder
[    0.263276] cpuidle: using governor menu
[    0.263312] ACPI: bus type PCI registered
[    0.263314] acpiphp: ACPI Hot Plug PCI Controller Driver version: 0.5
[    0.263414] PCI: Using configuration type 1 for base access
[    0.265108] audit: type=2000 audit(1768008130.888:1): state=initialized audit_enabled=0 res=1
[    0.265185] HugeTLB registered 2.00 MiB page size, pre-allocated 0 pages
[    0.266005] ACPI: Added _OSI(Module Device)
[    0.266005] ACPI: Added _OSI(Processor Device)
[    0.266006] ACPI: Added _OSI(3.0 _SCP Extensions)
[    0.266007] ACPI: Added _OSI(Processor Aggregator Device)
[    0.266007] ACPI: Added _OSI(Linux-Dell-Video)
[    0.266009] ACPI: Added _OSI(Linux-Lenovo-NV-HDMI-Audio)
[    0.266009] ACPI: Added _OSI(Linux-HPI-Hybrid-Graphics)
[    0.267948] ACPI: 2 ACPI AML tables successfully acquired and loaded
[    0.269455] ACPI: Interpreter enabled
[    0.269465] ACPI: (supports S0 S5)
[    0.269466] ACPI: Using IOAPIC for interrupt routing
[    0.269669] PCI: Using host bridge windows from ACPI; if necessary, use "pci=nocrs" and report a bug
[    0.269774] ACPI: Enabled 2 GPEs in block 00 to 07
[    0.274589] ACPI: PCI Root Bridge [PCI0] (domain 0000 [bus 00-ff])
[    0.274594] acpi PNP0A03:00: _OSC: OS supports [ASPM ClockPM Segments MSI HPX-Type3]
[    0.275017] acpi PNP0A03:00: _OSC: not requesting OS control; OS requires [ExtendedConfig ASPM ClockPM MSI]
[    0.275017] acpi PNP0A03:00: fail to add MMCONFIG information, can't access extended PCI configuration space under this bridge.
[    0.275441] PCI host bridge to bus 0000:00
[    0.275443] pci_bus 0000:00: root bus resource [io  0x0000-0x0cf7 window]
[    0.275444] pci_bus 0000:00: root bus resource [io  0x0d00-0xffff window]
[    0.275445] pci_bus 0000:00: root bus resource [mem 0x000a0000-0x000bffff window]
[    0.275447] pci_bus 0000:00: root bus resource [mem 0x80000000-0xfdffffff window]
[    0.275448] pci_bus 0000:00: root bus resource [bus 00-ff]
[    0.275493] pci 0000:00:00.0: [8086:1237] type 00 class 0x060000
[    0.276423] pci 0000:00:01.0: [8086:7000] type 00 class 0x060100
[    0.277167] pci 0000:00:01.1: [8086:7111] type 00 class 0x01018a
[    0.277545] pci 0000:00:01.1: reg 0x20: [io  0xd000-0xd00f]
[    0.277701] pci 0000:00:01.1: legacy IDE quirk: reg 0x10: [io  0x01f0-0x01f7]
[    0.277702] pci 0000:00:01.1: legacy IDE quirk: reg 0x14: [io  0x03f6]
[    0.277703] pci 0000:00:01.1: legacy IDE quirk: reg 0x18: [io  0x0170-0x0177]
[    0.277703] pci 0000:00:01.1: legacy IDE quirk: reg 0x1c: [io  0x0376]
[    0.278236] pci 0000:00:02.0: [15ad:0405] type 00 class 0x030000
[    0.280895] pci 0000:00:02.0: reg 0x10: [io  0xd010-0xd01f]
[    0.283064] pci 0000:00:02.0: reg 0x14: [mem 0xe0000000-0xe7ffffff pref]
[    0.285608] pci 0000:00:02.0: reg 0x18: [mem 0xf0000000-0xf01fffff]
[    0.295809] pci 0000:00:03.0: [1022:2000] type 00 class 0x020000
[    0.296496] pci 0000:00:03.0: reg 0x10: [io  0xd020-0xd03f]
[    0.297110] pci 0000:00:03.0: reg 0x14: [mem 0xf0200000-0xf0200fff]
[    0.302129] pci 0000:00:04.0: [80ee:cafe] type 00 class 0x088000
[    0.302817] pci 0000:00:04.0: reg 0x10: [io  0xd040-0xd05f]
[    0.303138] pci 0000:00:04.0: reg 0x14: [mem 0xf0400000-0xf07fffff]
[    0.303745] pci 0000:00:04.0: reg 0x18: [mem 0xf0800000-0xf0803fff pref]
[    0.307061] pci 0000:00:07.0: [8086:7113] type 00 class 0x068000
[    0.307624] pci 0000:00:07.0: quirk: [io  0x4000-0x403f] claimed by PIIX4 ACPI
[    0.307634] pci 0000:00:07.0: quirk: [io  0x4100-0x410f] claimed by PIIX4 SMB
[    0.308244] pci 0000:00:08.0: [8086:100e] type 00 class 0x020000
[    0.308957] pci 0000:00:08.0: reg 0x10: [mem 0xf0820000-0xf083ffff]
[    0.311109] pci 0000:00:08.0: reg 0x18: [io  0xd060-0xd067]
[    0.314336] pci 0000:00:09.0: [8086:100e] type 00 class 0x020000
[    0.315017] pci 0000:00:09.0: reg 0x10: [mem 0xf0840000-0xf085ffff]
[    0.315694] pci 0000:00:09.0: reg 0x18: [io  0xd068-0xd06f]
[    0.327042] ACPI: PCI Interrupt Link [LNKA] (IRQs 5 9 10 *11)
[    0.327326] ACPI: PCI Interrupt Link [LNKB] (IRQs 5 9 *10 11)
[    0.327426] ACPI: PCI Interrupt Link [LNKC] (IRQs 5 *9 10 11)
[    0.327529] ACPI: PCI Interrupt Link [LNKD] (IRQs 5 9 10 *11)
[    0.327796] iommu: Default domain type: Translated 
[    0.327851] pci 0000:00:02.0: vgaarb: setting as boot VGA device
[    0.327853] pci 0000:00:02.0: vgaarb: VGA device added: decodes=io+mem,owns=io+mem,locks=none
[    0.327855] pci 0000:00:02.0: vgaarb: bridge control possible
[    0.327855] vgaarb: loaded
[    0.328066] SCSI subsystem initialized
[    0.328099] libata version 3.00 loaded.
[    0.328126] ACPI: bus type USB registered
[    0.328139] usbcore: registered new interface driver usbfs
[    0.328149] usbcore: registered new interface driver hub
[    0.328154] usbcore: registered new device driver usb
[    0.328181] pps_core: LinuxPPS API ver. 1 registered
[    0.328182] pps_core: Software ver. 5.3.6 - Copyright 2005-2007 Rodolfo Giometti <giometti@linux.it>
[    0.328185] PTP clock support registered
[    0.328220] EDAC MC: Ver: 3.0.0
[    0.328498] PCI: Using ACPI for IRQ routing
[    0.328500] PCI: pci_cache_line_size set to 64 bytes
[    0.328674] e820: reserve RAM buffer [mem 0x0009fc00-0x0009ffff]
[    0.328678] e820: reserve RAM buffer [mem 0x7fff0000-0x7fffffff]
[    0.329465] NetLabel: Initializing
[    0.329465] NetLabel:  domain hash size = 128
[    0.329466] NetLabel:  protocols = UNLABELED CIPSOv4 CALIPSO
[    0.329485] NetLabel:  unlabeled traffic allowed by default
[    0.330380] clocksource: Switched to clocksource kvm-clock
[    0.341514] *** VALIDATE bpf ***
[    0.341581] VFS: Disk quotas dquot_6.6.0
[    0.341594] VFS: Dquot-cache hash table entries: 512 (order 0, 4096 bytes)
[    0.341617] *** VALIDATE ramfs ***
[    0.341620] *** VALIDATE hugetlbfs ***
[    0.341703] AppArmor: AppArmor Filesystem Enabled
[    0.341731] pnp: PnP ACPI init
[    0.341803] pnp 00:00: Plug and Play ACPI device, IDs PNP0303 (active)
[    0.341868] pnp 00:01: Plug and Play ACPI device, IDs PNP0f03 (active)
[    0.342603] pnp: PnP ACPI: found 2 devices
[    0.343184] thermal_sys: Registered thermal governor 'fair_share'
[    0.343184] thermal_sys: Registered thermal governor 'bang_bang'
[    0.343184] thermal_sys: Registered thermal governor 'step_wise'
[    0.343184] thermal_sys: Registered thermal governor 'user_space'
[    0.343184] thermal_sys: Registered thermal governor 'power_allocator'
[    0.348143] clocksource: acpi_pm: mask: 0xffffff max_cycles: 0xffffff, max_idle_ns: 2085701024 ns
[    0.348183] pci_bus 0000:00: resource 4 [io  0x0000-0x0cf7 window]
[    0.348184] pci_bus 0000:00: resource 5 [io  0x0d00-0xffff window]
[    0.348186] pci_bus 0000:00: resource 6 [mem 0x000a0000-0x000bffff window]
[    0.348187] pci_bus 0000:00: resource 7 [mem 0x80000000-0xfdffffff window]
[    0.348245] NET: Registered protocol family 2
[    0.348318] IP idents hash table entries: 32768 (order: 6, 262144 bytes, linear)
[    0.348723] MPTCP tokens hash table entries: 8192 (order: 4, 65536 bytes, linear)
[    0.348746] MPTCP request tokens hash table entries: 8192 (order: 4, 65536 bytes, linear)
[    0.348771] default registered
[    0.348772] default registered
[    0.348772] MPTCP: Stable release v0.96
[    0.348777] tcp_listen_portaddr_hash hash table entries: 1024 (order: 2, 16384 bytes, linear)
[    0.348857] TCP established hash table entries: 16384 (order: 5, 131072 bytes, linear)
[    0.348923] TCP bind hash table entries: 16384 (order: 6, 262144 bytes, linear)
[    0.348949] TCP: Hash tables configured (established 16384 bind 16384)
[    0.349638] UDP hash table entries: 1024 (order: 3, 32768 bytes, linear)
[    0.349649] UDP-Lite hash table entries: 1024 (order: 3, 32768 bytes, linear)
[    0.349685] NET: Registered protocol family 1
[    0.349693] NET: Registered protocol family 44
[    0.349714] pci 0000:00:00.0: Limiting direct PCI/PCI transfers
[    0.349730] pci 0000:00:01.0: Activating ISA DMA hang workarounds
[    0.349784] pci 0000:00:02.0: Video device with shadowed ROM at [mem 0x000c0000-0x000dffff]
[    0.349847] PCI: CLS 0 bytes, default 64
[    0.349893] Trying to unpack rootfs image as initramfs...
[    0.515171] Freeing initrd memory: 47868K
[    0.515171] clocksource: tsc: mask: 0xffffffffffffffff max_cycles: 0x1e4530a99b6, max_idle_ns: 440795257976 ns
[    0.515171] clocksource: Switched to clocksource tsc
[    0.515171] platform rtc_cmos: registered platform RTC device (no PNP device found)
[    0.515171] check: Scanning for low memory corruption every 60 seconds
[    0.515171] Initialise system trusted keyrings
[    0.515171] Key type blacklist registered
[    0.515171] workingset: timestamp_bits=36 max_order=19 bucket_order=0
[    0.515171] zbud: loaded
[    0.515171] squashfs: version 4.0 (2009/01/31) Phillip Lougher
[    0.515171] fuse: init (API version 7.31)
[    0.515171] *** VALIDATE fuse ***
[    0.515171] *** VALIDATE fuse ***
[    0.515171] Platform Keyring initialized
[    0.531440] Key type asymmetric registered
[    0.531441] Asymmetric key parser 'x509' registered
[    0.531450] Block layer SCSI generic (bsg) driver version 0.4 loaded (major 244)
[    0.531492] io scheduler mq-deadline registered
[    0.531614] shpchp: Standard Hot Plug PCI Controller Driver version: 0.4
[    0.531845] ACPI: AC Adapter [AC] (on-line)
[    0.531890] input: Power Button as /devices/LNXSYSTM:00/LNXPWRBN:00/input/input0
[    0.531918] ACPI: Power Button [PWRF]
[    0.531996] input: Sleep Button as /devices/LNXSYSTM:00/LNXSLPBN:00/input/input1
[    0.532010] ACPI: Sleep Button [SLPF]
[    0.532233] Serial: 8250/16550 driver, 32 ports, IRQ sharing enabled
[    0.533369] Linux agpgart interface v0.103
[    0.630866] loop: module loaded
[    0.631050] ata_piix 0000:00:01.1: version 2.13
[    0.631598] scsi host0: ata_piix
[    0.631714] scsi host1: ata_piix
[    0.631750] ata1: PATA max UDMA/33 cmd 0x1f0 ctl 0x3f6 bmdma 0xd000 irq 14
[    0.631751] ata2: PATA max UDMA/33 cmd 0x170 ctl 0x376 bmdma 0xd008 irq 15
[    0.631851] tun: Universal TUN/TAP device driver, 1.6
[    0.632210] PPP generic driver version 2.4.2
[    0.632270] VFIO - User Level meta-driver version: 0.3
[    0.632554] ehci_hcd: USB 2.0 'Enhanced' Host Controller (EHCI) Driver
[    0.632557] ehci-pci: EHCI PCI platform driver
[    0.632574] ehci-platform: EHCI generic platform driver
[    0.632581] ohci_hcd: USB 1.1 'Open' Host Controller (OHCI) Driver
[    0.632583] ohci-pci: OHCI PCI platform driver
[    0.632591] ohci-platform: OHCI generic platform driver
[    0.632596] uhci_hcd: USB Universal Host Controller Interface driver
[    0.632677] i8042: PNP: PS/2 Controller [PNP0303:PS2K,PNP0f03:PS2M] at 0x60,0x64 irq 1,12
[    0.633201] serio: i8042 KBD port at 0x60,0x64 irq 1
[    0.633206] serio: i8042 AUX port at 0x60,0x64 irq 12
[    0.633320] mousedev: PS/2 mouse device common for all mice
[    0.633639] input: AT Translated Set 2 keyboard as /devices/platform/i8042/serio0/input/input2
[    0.634124] rtc_cmos rtc_cmos: registered as rtc0
[    0.634139] rtc_cmos rtc_cmos: alarms up to one day, 114 bytes nvram
[    0.634146] i2c /dev entries driver
[    0.634202] device-mapper: uevent: version 1.0.3
[    0.634257] device-mapper: ioctl: 4.41.0-ioctl (2019-09-16) initialised: dm-devel@redhat.com
[    0.634282] platform eisa.0: Probing EISA bus 0
[    0.634283] platform eisa.0: EISA: Cannot allocate resource for mainboard
[    0.634285] platform eisa.0: Cannot allocate resource for EISA slot 1
[    0.634287] platform eisa.0: Cannot allocate resource for EISA slot 2
[    0.634288] platform eisa.0: Cannot allocate resource for EISA slot 3
[    0.634289] platform eisa.0: Cannot allocate resource for EISA slot 4
[    0.634291] platform eisa.0: Cannot allocate resource for EISA slot 5
[    0.634292] platform eisa.0: Cannot allocate resource for EISA slot 6
[    0.634293] platform eisa.0: Cannot allocate resource for EISA slot 7
[    0.634295] platform eisa.0: Cannot allocate resource for EISA slot 8
[    0.634296] platform eisa.0: EISA: Detected 0 cards
[    0.634299] intel_pstate: CPU model not supported
[    0.634312] ledtrig-cpu: registered to indicate activity on CPUs
[    0.634375] drop_monitor: Initializing network drop monitor service
[    0.634584] NET: Registered protocol family 10
[    0.635103] Segment Routing with IPv6
[    0.635103] fullmesh registered
[    0.635103] ndiffports registered
[    0.635103] binder registered
[    0.635103] roundrobin registered
[    0.635103] mps registered
[    0.635103] redundant registered
[    0.635103] blest registered
[    0.635103] ecf registered
[    0.635103] NET: Registered protocol family 17
[    0.635103] Key type dns_resolver registered
[    0.635103] RAS: Correctable Errors collector initialized.
[    0.635103] IPI shorthand broadcast: enabled
[    0.635103] sched_clock: Marking stable (620016336, 11087327)->(632903997, -1800334)
[    0.641552] registered taskstats version 1
[    0.641564] Loading compiled-in X.509 certificates
[    0.642477] Loaded X.509 cert 'Build time autogenerated kernel key: 6909f3744cebb3d0de528d5887b96a727de79b1e'
[    0.642495] zswap: loaded using pool lzo/zbud
[    0.642559] Key type ._fscrypt registered
[    0.642559] Key type .fscrypt registered
[    0.648507] Key type big_key registered
[    0.651664] Key type encrypted registered
[    0.651667] AppArmor: AppArmor sha1 policy hashing enabled
[    0.651676] ima: No TPM chip found, activating TPM-bypass!
[    0.651680] ima: Allocated hash algorithm: sha1
[    0.651687] ima: No architecture policies found
[    0.651699] evm: Initialising EVM extended attributes:
[    0.651700] evm: security.selinux
[    0.651701] evm: security.SMACK64
[    0.651701] evm: security.SMACK64EXEC
[    0.651702] evm: security.SMACK64TRANSMUTE
[    0.651703] evm: security.SMACK64MMAP
[    0.651703] evm: security.apparmor
[    0.651704] evm: security.ima
[    0.651704] evm: security.capability
[    0.651705] evm: HMAC attrs: 0x1
[    0.652046] PM:   Magic number: 10:495:373
[    0.652068] vc vcsa1: hash matches
[    0.652142] rtc_cmos rtc_cmos: setting system clock to 2026-01-10T09:22:05 UTC (1768036925)
[    0.803013] ata1.00: ATA-6: VBOX HARDDISK, 1.0, max UDMA/133
[    0.803015] ata1.00: 209715200 sectors, multi 128: LBA 
[    0.803515] scsi 0:0:0:0: Direct-Access     ATA      VBOX HARDDISK    1.0  PQ: 0 ANSI: 5
[    0.803728] sd 0:0:0:0: [sda] 209715200 512-byte logical blocks: (107 GB/100 GiB)
[    0.803737] sd 0:0:0:0: [sda] Write Protect is off
[    0.803739] sd 0:0:0:0: [sda] Mode Sense: 00 3a 00 00
[    0.803754] sd 0:0:0:0: [sda] Write cache: enabled, read cache: enabled, doesn't support DPO or FUA
[    0.803990] sd 0:0:0:0: Attached scsi generic sg0 type 0
[    0.805461]  sda: sda1 sda2
[    0.815233] sd 0:0:0:0: [sda] Attached SCSI disk
[    0.817620] Freeing unused decrypted memory: 2040K
[    0.818387] Freeing unused kernel image memory: 2728K
[    0.818388] Write protecting the kernel read-only data: 22528k
[    0.819177] Freeing unused kernel image memory: 2036K
[    0.819611] Freeing unused kernel image memory: 1428K
[    0.837688] x86/mm: Checked W+X mappings: passed, no W+X pages found.
[    0.837691] Run /init as init process
[    0.967712] ACPI: Video Device [GFX0] (multi-head: yes  rom: no  post: no)
[    0.967795] input: Video Bus as /devices/LNXSYSTM:00/LNXSYBUS:00/PNP0A03:00/LNXVIDEO:00/input/input4
[    0.979572] pcnet32: pcnet32.c:v1.35 21.Apr.2008 tsbogend@alpha.franken.de
[    0.981191] piix4_smbus 0000:00:07.0: SMBus Host Controller at 0x4100, revision 0
[    0.983755] e1000: Intel(R) PRO/1000 Network Driver - version 7.3.21-k8-NAPI
[    0.983756] e1000: Copyright (c) 1999-2006 Intel Corporation.
[    1.000844] pcnet32: PCnet/FAST III 79C973 at 0xd020, 08:00:27:17:27:81 assigned IRQ 19
[    1.000889] pcnet32: Found PHY 0022:561b at address 0
[    1.001220] pcnet32: eth0: registered as PCnet/FAST III 79C973
[    1.006048] pcnet32: 1 cards_found
[    1.063834] pcnet32 0000:00:03.0 enp0s3: renamed from eth0
[    1.196582] input: ImExPS/2 Generic Explorer Mouse as /devices/platform/i8042/serio1/input/input5
[    1.406930] e1000 0000:00:08.0 eth0: (PCI:33MHz:32-bit) 08:00:27:d6:89:35
[    1.406936] e1000 0000:00:08.0 eth0: Intel(R) PRO/1000 Network Connection
[    1.783509] e1000 0000:00:09.0 eth1: (PCI:33MHz:32-bit) 08:00:27:32:4a:fc
[    1.783512] e1000 0000:00:09.0 eth1: Intel(R) PRO/1000 Network Connection
[    1.784848] e1000 0000:00:09.0 enp0s9: renamed from eth1
[    1.786821] e1000 0000:00:08.0 enp0s8: renamed from eth0
[    1.940745] EXT4-fs (sda2): mounted filesystem with ordered data mode. Opts: (null)
[    2.040202] systemd[1]: Inserted module 'autofs4'
[    2.051656] systemd[1]: systemd 245.4-4ubuntu3 running in system mode. (+PAM +AUDIT +SELINUX +IMA +APPARMOR +SMACK +SYSVINIT +UTMP +LIBCRYPTSETUP +GCRYPT +GNUTLS +ACL +XZ +LZ4 +SECCOMP +BLKID +ELFUTILS +KMOD +IDN2 -IDN +PCRE2 default-hierarchy=hybrid)
[    2.051688] systemd[1]: Detected virtualization oracle.
[    2.051695] systemd[1]: Detected architecture x86-64.
[    2.053057] systemd[1]: Set hostname to <ztg>.
[    2.189301] systemd[1]: /lib/systemd/system/dbus.socket:5: ListenStream= references a path below legacy directory /var/run/, updating /var/run/dbus/system_bus_socket â†’ /run/dbus/system_bus_socket; please update the unit file accordingly.
[    2.246064] systemd[1]: Created slice system-modprobe.slice.
[    2.246265] systemd[1]: Created slice User and Session Slice.
[    2.246317] systemd[1]: Started Forward Password Requests to Wall Directory Watch.
[    2.246496] systemd[1]: Set up automount Arbitrary Executable File Formats File System Automount Point.
[    2.246529] systemd[1]: Reached target User and Group Name Lookups.
[    2.246537] systemd[1]: Reached target Remote File Systems.
[    2.246546] systemd[1]: Reached target Slices.
[    2.247187] systemd[1]: Listening on Syslog Socket.
[    2.247264] systemd[1]: Listening on fsck to fsckd communication Socket.
[    2.247304] systemd[1]: Listening on initctl Compatibility Named Pipe.
[    2.247447] systemd[1]: Listening on Journal Audit Socket.
[    2.247502] systemd[1]: Listening on Journal Socket (/dev/log).
[    2.247574] systemd[1]: Listening on Journal Socket.
[    2.247640] systemd[1]: Listening on udev Control Socket.
[    2.247683] systemd[1]: Listening on udev Kernel Socket.
[    2.248543] systemd[1]: Mounting Huge Pages File System...
[    2.249578] systemd[1]: Mounting POSIX Message Queue File System...
[    2.250510] systemd[1]: Mounting Kernel Debug File System...
[    2.251392] systemd[1]: Mounting Kernel Trace File System...
[    2.254050] systemd[1]: Starting Journal Service...
[    2.285026] systemd[1]: Starting Set the console keyboard layout...
[    2.288611] systemd[1]: Starting Create list of static device nodes for the current kernel...
[    2.294477] systemd[1]: Starting Load Kernel Module drm...
[    2.298321] systemd[1]: Condition check resulted in Set Up Additional Binary Formats being skipped.
[    2.298472] systemd[1]: Condition check resulted in File System Check on Root Device being skipped.
[    2.305983] systemd[1]: Starting Load Kernel Modules...
[    2.306844] systemd[1]: Starting Remount Root and Kernel File Systems...
[    2.335101] systemd[1]: Starting udev Coldplug all Devices...
[    2.359691] systemd[1]: Starting Uncomplicated firewall...
[    2.365771] systemd[1]: Mounted Huge Pages File System.
[    2.365882] systemd[1]: Mounted POSIX Message Queue File System.
[    2.365970] systemd[1]: Mounted Kernel Debug File System.
[    2.366053] systemd[1]: Mounted Kernel Trace File System.
[    2.369717] EXT4-fs (sda2): re-mounted. Opts: errors=remount-ro
[    2.370848] systemd[1]: Finished Create list of static device nodes for the current kernel.
[    2.372056] systemd[1]: modprobe@drm.service: Succeeded.
[    2.375504] systemd[1]: Finished Load Kernel Module drm.
[    2.381820] systemd[1]: Finished Remount Root and Kernel File Systems.
[    2.382813] systemd[1]: Finished Uncomplicated firewall.
[    2.402457] lp: driver loaded but no devices found
[    2.403800] systemd[1]: Condition check resulted in Rebuild Hardware Database being skipped.
[    2.403857] systemd[1]: Condition check resulted in Platform Persistent Storage Archival being skipped.
[    2.404659] systemd[1]: Starting Load/Save Random Seed...
[    2.411170] systemd[1]: Starting Create System Users...
[    2.422613] systemd[1]: Finished Load/Save Random Seed.
[    2.437993] ppdev: user-space parallel port driver
[    2.445164] systemd[1]: Finished Create System Users.
[    2.446086] systemd[1]: Starting Create Static Device Nodes in /dev...
[    2.489048] systemd[1]: Finished Create Static Device Nodes in /dev.
[    2.490129] systemd[1]: Starting udev Kernel Device Manager...
[    2.501444] systemd[1]: Finished udev Coldplug all Devices.
[    2.531937] [drm] DMA map mode: Caching DMA mappings.
[    2.532002] [drm] Capabilities:
[    2.532002] [drm]   Rect copy.
[    2.532003] [drm]   Cursor.
[    2.532003] [drm]   Cursor bypass.
[    2.532003] [drm]   Cursor bypass 2.
[    2.532004] [drm]   Alpha cursor.
[    2.532004] [drm]   Extended Fifo.
[    2.532004] [drm]   Pitchlock.
[    2.532005] [drm]   Irq mask.
[    2.532005] [drm]   GMR.
[    2.532005] [drm]   Traces.
[    2.532006] [drm]   GMR2.
[    2.532006] [drm]   Screen Object 2.
[    2.532006] [drm]   Command Buffers.
[    2.532007] [drm]   Command Buffers 2.
[    2.532007] [drm]   Guest Backed Resources.
[    2.532008] [drm] Max GMR ids is 8192
[    2.532009] [drm] Max number of GMR pages is 1048576
[    2.532010] [drm] Max dedicated hypervisor surface memory is 393216 kiB
[    2.532010] [drm] Maximum display memory size is 131072 kiB
[    2.532011] [drm] VRAM at 0xe0000000 size is 131072 kiB
[    2.532012] [drm] MMIO at 0xf0000000 size is 2048 kiB
[    2.532666] [TTM] Zone  kernel: Available graphics memory: 1011736 KiB
[    2.532667] [TTM] Initializing pool allocator
[    2.532672] [TTM] Initializing DMA pool allocator
[    2.532704] [drm] Supports vblank timestamp caching Rev 2 (21.10.2013).
[    2.532704] [drm] No driver support for vblank timestamp query.
[    2.532954] [drm] Screen Target Display device initialized
[    2.533311] [drm] width 720
[    2.533320] [drm] height 400
[    2.533323] [drm] bpp 32
[    2.533950] [drm] Fifo max 0x00200000 min 0x00001000 cap 0x00000355
[    2.536057] [drm] Using command buffers with DMA pool.
[    2.536144] [drm] DX: no.
[    2.536144] [drm] Atomic: yes.
[    2.536145] [drm] SM4_1: no.
[    2.536172] [drm:vmw_host_log [vmwgfx]] *ERROR* Failed to send host log message.
[    2.537191] [drm:vmw_host_log [vmwgfx]] *ERROR* Failed to send host log message.
[    2.559646] fbcon: svgadrmfb (fb0) is primary device
[    2.562126] Console: switching to colour frame buffer device 100x37
[    2.572297] [drm] Initialized vmwgfx 2.15.0 20180704 for 0000:00:02.0 on minor 0
[    2.574661] systemd[1]: Finished Load Kernel Modules.
[    2.575818] systemd[1]: Mounting FUSE Control File System...
[    2.577372] systemd[1]: Mounting Kernel Configuration File System...
[    2.600972] systemd[1]: Starting Apply Kernel Variables...
[    2.611332] systemd[1]: Finished Set the console keyboard layout.
[    2.611460] systemd[1]: Reached target Local File Systems (Pre).
[    2.622830] systemd[1]: Mounting Mount unit for bare, revision 5...
[    2.631448] systemd[1]: Mounting Mount unit for core18, revision 1705...
[    2.640111] systemd[1]: Mounting Mount unit for core22, revision 2193...
[    2.668939] systemd[1]: Mounting Mount unit for gnome-3-34-1804, revision 24...
[    2.681172] systemd[1]: Mounting Mount unit for gnome-42-2204, revision 226...
[    2.687535] systemd[1]: Mounting Mount unit for gtk-common-themes, revision 1506...
[    2.694702] systemd[1]: Mounting Mount unit for gtk-common-themes, revision 1535...
[    2.705432] systemd[1]: Mounting Mount unit for snap-store, revision 1216...
[    2.729923] systemd[1]: Mounting Mount unit for snap-store, revision 433...
[    2.742145] systemd[1]: Mounting Mount unit for snapd, revision 25577...
[    2.745288] systemd[1]: Started udev Kernel Device Manager.
[    2.745475] systemd[1]: Mounted FUSE Control File System.
[    2.745571] systemd[1]: Mounted Kernel Configuration File System.
[    2.753604] systemd[1]: Finished Apply Kernel Variables.
[    2.753762] systemd[1]: Mounted Mount unit for bare, revision 5.
[    2.753857] systemd[1]: Mounted Mount unit for core18, revision 1705.
[    2.753943] systemd[1]: Mounted Mount unit for core22, revision 2193.
[    2.754012] systemd[1]: Condition check resulted in VMware vmblock fuse mount being skipped.
[    2.758094] systemd[1]: Starting Show Plymouth Boot Screen...
[    2.762742] systemd[1]: Received SIGRTMIN+20 from PID 288 (plymouthd).
[    2.765688] systemd[1]: Mounted Mount unit for gnome-42-2204, revision 226.
[    2.785225] systemd[1]: Started Show Plymouth Boot Screen.
[    2.785439] systemd[1]: Condition check resulted in Dispatch Password Requests to Console Directory Watch being skipped.
[    2.785531] systemd[1]: Started Forward Password Requests to Plymouth Directory Watch.
[    2.785621] systemd[1]: Reached target Local Encrypted Volumes.
[    2.902261] systemd[1]: Mounted Mount unit for gnome-3-34-1804, revision 24.
[    2.902576] systemd[1]: Mounted Mount unit for snap-store, revision 1216.
[    2.904687] systemd[1]: Mounted Mount unit for gtk-common-themes, revision 1535.
[    2.932471] systemd[1]: Mounted Mount unit for snapd, revision 25577.
[    3.015468] systemd[1]: Mounted Mount unit for gtk-common-themes, revision 1506.
[    3.017246] systemd[1]: Mounted Mount unit for snap-store, revision 433.
[    3.017421] systemd[1]: Reached target Local File Systems.
[    3.020221] systemd[1]: Starting Load AppArmor profiles...
[    3.027584] systemd[1]: Starting Set console font and keymap...
[    3.036549] systemd[1]: Starting Tell Plymouth To Write Out Runtime Data...
[    3.040705] systemd[1]: Condition check resulted in Store a System Token in an EFI Variable being skipped.
[    3.040739] systemd[1]: Condition check resulted in Commit a transient machine-id on disk being skipped.
[    3.041714] systemd[1]: Finished Set console font and keymap.
[    3.050617] systemd[1]: Received SIGRTMIN+20 from PID 288 (plymouthd).
[    3.052118] systemd[1]: plymouth-read-write.service: Succeeded.
[    3.052367] systemd[1]: Finished Tell Plymouth To Write Out Runtime Data.
[    3.080210] audit: type=1400 audit(1768036927.924:2): apparmor="STATUS" operation="profile_load" profile="unconfined" name="nvidia_modprobe" pid=305 comm="apparmor_parser"
[    3.080212] audit: type=1400 audit(1768036927.924:3): apparmor="STATUS" operation="profile_load" profile="unconfined" name="nvidia_modprobe//kmod" pid=305 comm="apparmor_parser"
[    3.090340] audit: type=1400 audit(1768036927.932:4): apparmor="STATUS" operation="profile_load" profile="unconfined" name="/usr/sbin/tcpdump" pid=306 comm="apparmor_parser"
[    3.137243] audit: type=1400 audit(1768036927.972:5): apparmor="STATUS" operation="profile_load" profile="unconfined" name="/usr/bin/evince" pid=308 comm="apparmor_parser"
[    3.137245] audit: type=1400 audit(1768036927.972:6): apparmor="STATUS" operation="profile_load" profile="unconfined" name="/usr/bin/evince//sanitized_helper" pid=308 comm="apparmor_parser"
[    3.137247] audit: type=1400 audit(1768036927.972:7): apparmor="STATUS" operation="profile_load" profile="unconfined" name="/usr/bin/evince-previewer" pid=308 comm="apparmor_parser"
[    3.137249] audit: type=1400 audit(1768036927.972:8): apparmor="STATUS" operation="profile_load" profile="unconfined" name="/usr/bin/evince-previewer//sanitized_helper" pid=308 comm="apparmor_parser"
[    3.137250] audit: type=1400 audit(1768036927.972:9): apparmor="STATUS" operation="profile_load" profile="unconfined" name="/usr/bin/evince-thumbnailer" pid=308 comm="apparmor_parser"
[    3.155367] audit: type=1400 audit(1768036927.996:10): apparmor="STATUS" operation="profile_load" profile="unconfined" name="/usr/lib/cups/backend/cups-pdf" pid=309 comm="apparmor_parser"
[    3.225186] systemd[1]: Finished Load AppArmor profiles.
[    3.226294] systemd[1]: Starting Load AppArmor profiles managed internally by snapd...
[    3.300966] systemd[1]: Started Journal Service.
[    3.309989] systemd-journald[229]: Received client request to flush runtime journal.
[    3.315943] systemd-journald[229]: File /var/log/journal/c455b248004a419c87ce85eea238d727/system.journal corrupted or uncleanly shut down, renaming and replacing.
[    4.770589] RAPL PMU: API unit is 2^-32 Joules, 0 fixed counters, 10737418240 ms ovfl timer
[    4.802476] cryptd: max_cpu_qlen set to 1000
[    4.812775] AVX2 version of gcm_enc/dec engaged.
[    4.812776] AES CTR mode by8 optimization enabled
[    6.951227] Adding 1998844k swap on /dev/sda1.  Priority:-2 extents:1 across:1998844k FS
[    7.611203] AAAAA: Error looking up destination IP: 369098976 - net/ipv4/ip_output.c: 285: dac_mps_nexthops
[    7.882498] AAAAA: Error looking up destination IP: 4211081440 - net/ipv4/ip_output.c: 285: dac_mps_nexthops
[    8.102267] kauditd_printk_skb: 31 callbacks suppressed
[    8.102269] audit: type=1400 audit(1768036932.944:42): apparmor="DENIED" operation="capable" profile="/usr/sbin/cups-browsed" pid=575 comm="cups-browsed" capability=23  capname="sys_nice"
[    8.138354] AAAAA: Error looking up destination IP: 4211081440 - net/ipv4/ip_output.c: 285: dac_mps_nexthops
[    8.202791] AAAAA: Error looking up destination IP: 4211081440 - net/ipv4/ip_output.c: 285: dac_mps_nexthops
[    8.404155] AAAAA: Error looking up destination IP: 4211081440 - net/ipv4/ip_output.c: 285: dac_mps_nexthops
[    8.597707] AAAAA: Error looking up destination IP: 4211081440 - net/ipv4/ip_output.c: 285: dac_mps_nexthops
[    8.638137] AAAAA: Error looking up destination IP: 369098976 - net/ipv4/ip_output.c: 285: dac_mps_nexthops
[    9.203197] AAAAA: Error looking up destination IP: 4211081440 - net/ipv4/ip_output.c: 285: dac_mps_nexthops
[    9.431514] pcnet32 0000:00:03.0 enp0s3: link up, 100Mbps, full-duplex
[    9.473044] e1000: enp0s8 NIC Link is Up 1000 Mbps Full Duplex, Flow Control: RX
[    9.481790] IPv6: ADDRCONF(NETDEV_CHANGE): enp0s8: link becomes ready
[    9.486499] e1000: enp0s9 NIC Link is Up 1000 Mbps Full Duplex, Flow Control: RX
[    9.486794] IPv6: ADDRCONF(NETDEV_CHANGE): enp0s9: link becomes ready
[   10.144213] device enp0s3 entered promiscuous mode
[   10.174175] audit: type=1400 audit(1768036935.012:43): apparmor="DENIED" operation="open" profile="/usr/sbin/tcpdump" name="/proc/sys/kernel/random/boot_id" pid=708 comm="tcpdump" requested_mask="r" denied_mask="r" fsuid=0 ouid=0
[   10.174384] audit: type=1400 audit(1768036935.012:44): apparmor="DENIED" operation="open" profile="/usr/sbin/tcpdump" name="/proc/sys/kernel/random/boot_id" pid=708 comm="tcpdump" requested_mask="r" denied_mask="r" fsuid=0 ouid=0
[   10.174424] audit: type=1400 audit(1768036935.012:45): apparmor="DENIED" operation="open" profile="/usr/sbin/tcpdump" name="/proc/sys/kernel/random/boot_id" pid=708 comm="tcpdump" requested_mask="r" denied_mask="r" fsuid=0 ouid=0
[   10.174513] audit: type=1400 audit(1768036935.012:46): apparmor="DENIED" operation="open" profile="/usr/sbin/tcpdump" name="/proc/sys/kernel/random/boot_id" pid=708 comm="tcpdump" requested_mask="r" denied_mask="r" fsuid=0 ouid=0
[   10.176465] audit: type=1400 audit(1768036935.020:47): apparmor="DENIED" operation="open" profile="/usr/sbin/tcpdump" name="/proc/sys/kernel/random/boot_id" pid=709 comm="tcpdump" requested_mask="r" denied_mask="r" fsuid=0 ouid=0
[   10.176660] audit: type=1400 audit(1768036935.020:48): apparmor="DENIED" operation="open" profile="/usr/sbin/tcpdump" name="/proc/sys/kernel/random/boot_id" pid=709 comm="tcpdump" requested_mask="r" denied_mask="r" fsuid=0 ouid=0
[   10.176699] audit: type=1400 audit(1768036935.020:49): apparmor="DENIED" operation="open" profile="/usr/sbin/tcpdump" name="/proc/sys/kernel/random/boot_id" pid=709 comm="tcpdump" requested_mask="r" denied_mask="r" fsuid=0 ouid=0
[   10.176796] audit: type=1400 audit(1768036935.020:50): apparmor="DENIED" operation="open" profile="/usr/sbin/tcpdump" name="/proc/sys/kernel/random/boot_id" pid=709 comm="tcpdump" requested_mask="r" denied_mask="r" fsuid=0 ouid=0
[   16.355217] rfkill: input handler disabled
[  558.016882] rfkill: input handler enabled
[  566.273385] rfkill: input handler disabled
[  753.637761] device enp0s3 left promiscuous mode
