[    0.000000] Linux version 5.4.243-dmptcp (root@ztg) (gcc version 12.2.0 (Debian 12.2.0-14+deb12u1)) #119 SMP Wed Dec 24 23:52:51 CST 2025
[    0.000000] Command line: BOOT_IMAGE=/boot/vmlinuz-5.4.243-dmptcp root=UUID=98415a12-53b7-4144-8265-0f7ece09e445 ro quiet splash
[    0.000000] KERNEL supported cpus:
[    0.000000]   Intel GenuineIntel
[    0.000000]   AMD AuthenticAMD
[    0.000000]   Hygon HygonGenuine
[    0.000000]   Centaur CentaurHauls
[    0.000000]   zhaoxin   Shanghai  
[    0.000000] x86/fpu: Supporting XSAVE feature 0x001: 'x87 floating point registers'
[    0.000000] x86/fpu: Supporting XSAVE feature 0x002: 'SSE registers'
[    0.000000] x86/fpu: Supporting XSAVE feature 0x004: 'AVX registers'
[    0.000000] x86/fpu: xstate_offset[2]:  576, xstate_sizes[2]:  256
[    0.000000] x86/fpu: Enabled xstate features 0x7, context size is 832 bytes, using 'standard' format.
[    0.000000] BIOS-provided physical RAM map:
[    0.000000] BIOS-e820: [mem 0x0000000000000000-0x000000000009fbff] usable
[    0.000000] BIOS-e820: [mem 0x000000000009fc00-0x000000000009ffff] reserved
[    0.000000] BIOS-e820: [mem 0x00000000000f0000-0x00000000000fffff] reserved
[    0.000000] BIOS-e820: [mem 0x0000000000100000-0x000000007ffeffff] usable
[    0.000000] BIOS-e820: [mem 0x000000007fff0000-0x000000007fffffff] ACPI data
[    0.000000] BIOS-e820: [mem 0x00000000fec00000-0x00000000fec00fff] reserved
[    0.000000] BIOS-e820: [mem 0x00000000fee00000-0x00000000fee00fff] reserved
[    0.000000] BIOS-e820: [mem 0x00000000fffc0000-0x00000000ffffffff] reserved
[    0.000000] NX (Execute Disable) protection: active
[    0.000000] SMBIOS 2.5 present.
[    0.000000] DMI: innotek GmbH VirtualBox/VirtualBox, BIOS VirtualBox 12/01/2006
[    0.000000] Hypervisor detected: KVM
[    0.000000] kvm-clock: Using msrs 4b564d01 and 4b564d00
[    0.000000] kvm-clock: cpu 0, msr d201001, primary cpu clock
[    0.000000] kvm-clock: using sched offset of 4567713989 cycles
[    0.000003] clocksource: kvm-clock: mask: 0xffffffffffffffff max_cycles: 0x1cd42e4dffb, max_idle_ns: 881590591483 ns
[    0.000007] tsc: Detected 2100.000 MHz processor
[    0.001895] e820: update [mem 0x00000000-0x00000fff] usable ==> reserved
[    0.001897] e820: remove [mem 0x000a0000-0x000fffff] usable
[    0.001901] last_pfn = 0x7fff0 max_arch_pfn = 0x400000000
[    0.001971] MTRR default type: uncachable
[    0.001972] MTRR fixed ranges enabled:
[    0.001974]   00000-9FFFF write-back
[    0.001975]   A0000-BFFFF uncachable
[    0.001975]   C0000-FFFFF write-protect
[    0.001976] MTRR variable ranges enabled:
[    0.001978]   0 base 000000000000 mask 3FFF80000000 write-back
[    0.001978]   1 disabled
[    0.001979]   2 disabled
[    0.001979]   3 disabled
[    0.001979]   4 disabled
[    0.001980]   5 disabled
[    0.001980]   6 disabled
[    0.001981]   7 disabled
[    0.001981]   8 disabled
[    0.001981]   9 disabled
[    0.001982]   10 disabled
[    0.001982]   11 disabled
[    0.001983]   12 disabled
[    0.001983]   13 disabled
[    0.001984]   14 disabled
[    0.001984]   15 disabled
[    0.002002] x86/PAT: Configuration [0-7]: WB  WC  UC- UC  WB  WP  UC- WT  
[    0.002140] found SMP MP-table at [mem 0x0009fff0-0x0009ffff]
[    0.091820] check: Scanning 1 areas for low memory corruption
[    0.091949] RAMDISK: [mem 0x32271000-0x3512ffff]
[    0.091958] ACPI: Early table checksum verification disabled
[    0.091963] ACPI: RSDP 0x00000000000E0000 000024 (v02 VBOX  )
[    0.091968] ACPI: XSDT 0x000000007FFF0030 00003C (v01 VBOX   VBOXXSDT 00000001 ASL  00000061)
[    0.091975] ACPI: FACP 0x000000007FFF00F0 0000F4 (v04 VBOX   VBOXFACP 00000001 ASL  00000061)
[    0.091983] ACPI: DSDT 0x000000007FFF02E0 002353 (v02 VBOX   VBOXBIOS 00000002 VBOX 00029BF3)
[    0.091987] ACPI: FACS 0x000000007FFF0200 000040
[    0.091991] ACPI: FACS 0x000000007FFF0200 000040
[    0.091994] ACPI: APIC 0x000000007FFF0240 000054 (v02 VBOX   VBOXAPIC 00000001 ASL  00000061)
[    0.091997] ACPI: SSDT 0x000000007FFF02A0 000038 (v01 VBOX   VBOXCPUT 00000002 VBOX 00029BF3)
[    0.092001] ACPI: Reserving FACP table memory at [mem 0x7fff00f0-0x7fff01e3]
[    0.092002] ACPI: Reserving DSDT table memory at [mem 0x7fff02e0-0x7fff2632]
[    0.092002] ACPI: Reserving FACS table memory at [mem 0x7fff0200-0x7fff023f]
[    0.092003] ACPI: Reserving FACS table memory at [mem 0x7fff0200-0x7fff023f]
[    0.092004] ACPI: Reserving APIC table memory at [mem 0x7fff0240-0x7fff0293]
[    0.092005] ACPI: Reserving SSDT table memory at [mem 0x7fff02a0-0x7fff02d7]
[    0.092021] ACPI: Local APIC address 0xfee00000
[    0.092223] No NUMA configuration found
[    0.092224] Faking a node at [mem 0x0000000000000000-0x000000007ffeffff]
[    0.092235] NODE_DATA(0) allocated [mem 0x7ffc5000-0x7ffeffff]
[    0.093592] Zone ranges:
[    0.093594]   DMA      [mem 0x0000000000001000-0x0000000000ffffff]
[    0.093595]   DMA32    [mem 0x0000000001000000-0x000000007ffeffff]
[    0.093596]   Normal   empty
[    0.093597]   Device   empty
[    0.093598] Movable zone start for each node
[    0.093600] Early memory node ranges
[    0.093601]   node   0: [mem 0x0000000000001000-0x000000000009efff]
[    0.093601]   node   0: [mem 0x0000000000100000-0x000000007ffeffff]
[    0.094670] Zeroed struct page in unavailable ranges: 114 pages
[    0.094671] Initmem setup node 0 [mem 0x0000000000001000-0x000000007ffeffff]
[    0.094673] On node 0 totalpages: 524174
[    0.094674]   DMA zone: 64 pages used for memmap
[    0.094675]   DMA zone: 21 pages reserved
[    0.094676]   DMA zone: 3998 pages, LIFO batch:0
[    0.094760]   DMA32 zone: 8128 pages used for memmap
[    0.094761]   DMA32 zone: 520176 pages, LIFO batch:63
[    0.104391] ACPI: PM-Timer IO Port: 0x4008
[    0.104395] ACPI: Local APIC address 0xfee00000
[    0.104475] IOAPIC[0]: apic_id 1, version 32, address 0xfec00000, GSI 0-23
[    0.104479] ACPI: INT_SRC_OVR (bus 0 bus_irq 0 global_irq 2 dfl dfl)
[    0.104481] ACPI: INT_SRC_OVR (bus 0 bus_irq 9 global_irq 9 low level)
[    0.104483] ACPI: IRQ0 used by override.
[    0.104484] ACPI: IRQ9 used by override.
[    0.104487] Using ACPI (MADT) for SMP configuration information
[    0.104495] smpboot: Allowing 1 CPUs, 0 hotplug CPUs
[    0.104521] PM: Registered nosave memory: [mem 0x00000000-0x00000fff]
[    0.104522] PM: Registered nosave memory: [mem 0x0009f000-0x0009ffff]
[    0.104523] PM: Registered nosave memory: [mem 0x000a0000-0x000effff]
[    0.104523] PM: Registered nosave memory: [mem 0x000f0000-0x000fffff]
[    0.104525] [mem 0x80000000-0xfebfffff] available for PCI devices
[    0.104526] Booting paravirtualized kernel on KVM
[    0.104530] clocksource: refined-jiffies: mask: 0xffffffff max_cycles: 0xffffffff, max_idle_ns: 7645519600211568 ns
[    0.104535] setup_percpu: NR_CPUS:8192 nr_cpumask_bits:1 nr_cpu_ids:1 nr_node_ids:1
[    0.105940] percpu: Embedded 60 pages/cpu s208896 r8192 d28672 u2097152
[    0.105945] pcpu-alloc: s208896 r8192 d28672 u2097152 alloc=1*2097152
[    0.105946] pcpu-alloc: [0] 0 
[    0.105976] Built 1 zonelists, mobility grouping on.  Total pages: 515961
[    0.105977] Policy zone: DMA32
[    0.105978] Kernel command line: BOOT_IMAGE=/boot/vmlinuz-5.4.243-dmptcp root=UUID=98415a12-53b7-4144-8265-0f7ece09e445 ro quiet splash
[    0.107277] Dentry cache hash table entries: 262144 (order: 9, 2097152 bytes, linear)
[    0.107553] Inode-cache hash table entries: 131072 (order: 8, 1048576 bytes, linear)
[    0.107608] mem auto-init: stack:off, heap alloc:on, heap free:off
[    0.107610] Calgary: detecting Calgary via BIOS EBDA area
[    0.107612] Calgary: Unable to locate Rio Grande table in EBDA - bailing!
[    0.113156] Memory: 1967332K/2096696K available (14339K kernel code, 2399K rwdata, 4716K rodata, 2728K init, 17260K bss, 129364K reserved, 0K cma-reserved)
[    0.114531] SLUB: HWalign=64, Order=0-3, MinObjects=0, CPUs=1, Nodes=1
[    0.114550] ftrace: allocating 43203 entries in 169 pages
[    0.135016] rcu: Hierarchical RCU implementation.
[    0.135018] rcu: 	RCU restricting CPUs from NR_CPUS=8192 to nr_cpu_ids=1.
[    0.135019] 	Tasks RCU enabled.
[    0.135021] rcu: RCU calculated value of scheduler-enlistment delay is 25 jiffies.
[    0.135022] rcu: Adjusting geometry for rcu_fanout_leaf=16, nr_cpu_ids=1
[    0.138073] NR_IRQS: 524544, nr_irqs: 256, preallocated irqs: 16
[    0.138305] random: crng init done
[    0.147535] Console: colour VGA+ 80x25
[    0.147541] printk: console [tty0] enabled
[    0.147565] ACPI: Core revision 20190816
[    0.147694] APIC: Switch to symmetric I/O mode setup
[    0.147944] x2apic enabled
[    0.148180] Switched APIC routing to physical x2apic.
[    0.149321] ..TIMER: vector=0x30 apic1=0 pin1=2 apic2=-1 pin2=-1
[    0.149347] clocksource: tsc-early: mask: 0xffffffffffffffff max_cycles: 0x1e4530a99b6, max_idle_ns: 440795257976 ns
[    0.149354] Calibrating delay loop (skipped) preset value.. 4200.00 BogoMIPS (lpj=8400000)
[    0.149356] pid_max: default: 32768 minimum: 301
[    0.149386] LSM: Security Framework initializing
[    0.149396] Yama: becoming mindful.
[    0.149427] AppArmor: AppArmor initialized
[    0.149467] Mount-cache hash table entries: 4096 (order: 3, 32768 bytes, linear)
[    0.149472] Mountpoint-cache hash table entries: 4096 (order: 3, 32768 bytes, linear)
[    0.149484] *** VALIDATE tmpfs ***
[    0.149627] *** VALIDATE proc ***
[    0.149674] *** VALIDATE cgroup1 ***
[    0.149676] *** VALIDATE cgroup2 ***
[    0.149828] process: using mwait in idle threads
[    0.149833] Last level iTLB entries: 4KB 64, 2MB 8, 4MB 8
[    0.149834] Last level dTLB entries: 4KB 64, 2MB 0, 4MB 0, 1GB 4
[    0.149856] Spectre V1 : Mitigation: usercopy/swapgs barriers and __user pointer sanitization
[    0.149863] Spectre V2 : Mitigation: Retpolines
[    0.149864] Spectre V2 : Spectre v2 / SpectreRSB mitigation: Filling RSB on context switch
[    0.149865] Spectre V2 : Spectre v2 / SpectreRSB : Filling RSB on VMEXIT
[    0.149865] RETBleed: WARNING: Spectre v2 mitigation leaves CPU vulnerable to RETBleed attacks, data leaks possible!
[    0.150220] RETBleed: Vulnerable
[    0.150221] Speculative Store Bypass: Vulnerable
[    0.150226] TAA: Mitigation: TSX disabled
[    0.150227] MMIO Stale Data: Mitigation: Clear CPU buffers
[    0.155022] Freeing SMP alternatives memory: 40K
[    0.267121] smpboot: CPU0: Intel(R) Xeon(R) Silver 4216 CPU @ 2.10GHz (family: 0x6, model: 0x55, stepping: 0x7)
[    0.267312] Performance Events: unsupported p6 CPU model 85 no PMU driver, software events only.
[    0.267360] rcu: Hierarchical SRCU implementation.
[    0.267912] NMI watchdog: Perf NMI watchdog permanently disabled
[    0.267961] smp: Bringing up secondary CPUs ...
[    0.267962] smp: Brought up 1 node, 1 CPU
[    0.267963] smpboot: Max logical packages: 1
[    0.267964] smpboot: Total of 1 processors activated (4200.00 BogoMIPS)
[    0.269350] devtmpfs: initialized
[    0.269350] x86/mm: Memory block size: 128MB
[    0.269350] clocksource: jiffies: mask: 0xffffffff max_cycles: 0xffffffff, max_idle_ns: 7645041785100000 ns
[    0.269350] futex hash table entries: 256 (order: 2, 16384 bytes, linear)
[    0.269350] pinctrl core: initialized pinctrl subsystem
[    0.269350] PM: RTC time: 09:22:50, date: 2026-01-10
[    0.269350] NET: Registered protocol family 16
[    0.269350] audit: initializing netlink subsys (disabled)
[    0.269350] EISA bus registered
[    0.269350] cpuidle: using governor ladder
[    0.269350] cpuidle: using governor menu
[    0.269350] ACPI: bus type PCI registered
[    0.269350] acpiphp: ACPI Hot Plug PCI Controller Driver version: 0.5
[    0.269350] PCI: Using configuration type 1 for base access
[    0.270528] audit: type=2000 audit(1768008176.950:1): state=initialized audit_enabled=0 res=1
[    0.270625] HugeTLB registered 2.00 MiB page size, pre-allocated 0 pages
[    0.271549] ACPI: Added _OSI(Module Device)
[    0.271549] ACPI: Added _OSI(Processor Device)
[    0.271550] ACPI: Added _OSI(3.0 _SCP Extensions)
[    0.271551] ACPI: Added _OSI(Processor Aggregator Device)
[    0.271552] ACPI: Added _OSI(Linux-Dell-Video)
[    0.271552] ACPI: Added _OSI(Linux-Lenovo-NV-HDMI-Audio)
[    0.271553] ACPI: Added _OSI(Linux-HPI-Hybrid-Graphics)
[    0.273655] ACPI: 2 ACPI AML tables successfully acquired and loaded
[    0.275177] ACPI: Interpreter enabled
[    0.275188] ACPI: (supports S0 S5)
[    0.275189] ACPI: Using IOAPIC for interrupt routing
[    0.275393] PCI: Using host bridge windows from ACPI; if necessary, use "pci=nocrs" and report a bug
[    0.275498] ACPI: Enabled 2 GPEs in block 00 to 07
[    0.281127] ACPI: PCI Root Bridge [PCI0] (domain 0000 [bus 00-ff])
[    0.281133] acpi PNP0A03:00: _OSC: OS supports [ASPM ClockPM Segments MSI HPX-Type3]
[    0.281625] acpi PNP0A03:00: _OSC: not requesting OS control; OS requires [ExtendedConfig ASPM ClockPM MSI]
[    0.281633] acpi PNP0A03:00: fail to add MMCONFIG information, can't access extended PCI configuration space under this bridge.
[    0.282008] PCI host bridge to bus 0000:00
[    0.282010] pci_bus 0000:00: root bus resource [io  0x0000-0x0cf7 window]
[    0.282011] pci_bus 0000:00: root bus resource [io  0x0d00-0xffff window]
[    0.282012] pci_bus 0000:00: root bus resource [mem 0x000a0000-0x000bffff window]
[    0.282014] pci_bus 0000:00: root bus resource [mem 0x80000000-0xfdffffff window]
[    0.282015] pci_bus 0000:00: root bus resource [bus 00-ff]
[    0.282058] pci 0000:00:00.0: [8086:1237] type 00 class 0x060000
[    0.283010] pci 0000:00:01.0: [8086:7000] type 00 class 0x060100
[    0.283773] pci 0000:00:01.1: [8086:7111] type 00 class 0x01018a
[    0.284145] pci 0000:00:01.1: reg 0x20: [io  0xd000-0xd00f]
[    0.284309] pci 0000:00:01.1: legacy IDE quirk: reg 0x10: [io  0x01f0-0x01f7]
[    0.284310] pci 0000:00:01.1: legacy IDE quirk: reg 0x14: [io  0x03f6]
[    0.284311] pci 0000:00:01.1: legacy IDE quirk: reg 0x18: [io  0x0170-0x0177]
[    0.284312] pci 0000:00:01.1: legacy IDE quirk: reg 0x1c: [io  0x0376]
[    0.284843] pci 0000:00:02.0: [15ad:0405] type 00 class 0x030000
[    0.287267] pci 0000:00:02.0: reg 0x10: [io  0xd010-0xd01f]
[    0.291227] pci 0000:00:02.0: reg 0x14: [mem 0xe0000000-0xe7ffffff pref]
[    0.293397] pci 0000:00:02.0: reg 0x18: [mem 0xf0000000-0xf01fffff]
[    0.306124] pci 0000:00:03.0: [1022:2000] type 00 class 0x020000
[    0.306853] pci 0000:00:03.0: reg 0x10: [io  0xd020-0xd03f]
[    0.307497] pci 0000:00:03.0: reg 0x14: [mem 0xf0200000-0xf0200fff]
[    0.310764] pci 0000:00:04.0: [80ee:cafe] type 00 class 0x088000
[    0.311433] pci 0000:00:04.0: reg 0x10: [io  0xd040-0xd05f]
[    0.312049] pci 0000:00:04.0: reg 0x14: [mem 0xf0400000-0xf07fffff]
[    0.312661] pci 0000:00:04.0: reg 0x18: [mem 0xf0800000-0xf0803fff pref]
[    0.315863] pci 0000:00:07.0: [8086:7113] type 00 class 0x068000
[    0.317553] pci 0000:00:07.0: quirk: [io  0x4000-0x403f] claimed by PIIX4 ACPI
[    0.317564] pci 0000:00:07.0: quirk: [io  0x4100-0x410f] claimed by PIIX4 SMB
[    0.318181] pci 0000:00:08.0: [8086:100e] type 00 class 0x020000
[    0.318886] pci 0000:00:08.0: reg 0x10: [mem 0xf0820000-0xf083ffff]
[    0.320045] pci 0000:00:08.0: reg 0x18: [io  0xd060-0xd067]
[    0.322982] pci 0000:00:09.0: [8086:100e] type 00 class 0x020000
[    0.323687] pci 0000:00:09.0: reg 0x10: [mem 0xf0840000-0xf085ffff]
[    0.324852] pci 0000:00:09.0: reg 0x18: [io  0xd068-0xd06f]
[    0.334375] ACPI: PCI Interrupt Link [LNKA] (IRQs 5 9 10 *11)
[    0.334655] ACPI: PCI Interrupt Link [LNKB] (IRQs 5 9 *10 11)
[    0.334771] ACPI: PCI Interrupt Link [LNKC] (IRQs 5 *9 10 11)
[    0.334870] ACPI: PCI Interrupt Link [LNKD] (IRQs 5 9 10 *11)
[    0.335193] iommu: Default domain type: Translated 
[    0.335257] pci 0000:00:02.0: vgaarb: setting as boot VGA device
[    0.335260] pci 0000:00:02.0: vgaarb: VGA device added: decodes=io+mem,owns=io+mem,locks=none
[    0.335261] pci 0000:00:02.0: vgaarb: bridge control possible
[    0.335262] vgaarb: loaded
[    0.337397] SCSI subsystem initialized
[    0.337438] libata version 3.00 loaded.
[    0.337469] ACPI: bus type USB registered
[    0.337484] usbcore: registered new interface driver usbfs
[    0.337492] usbcore: registered new interface driver hub
[    0.337501] usbcore: registered new device driver usb
[    0.337533] pps_core: LinuxPPS API ver. 1 registered
[    0.337533] pps_core: Software ver. 5.3.6 - Copyright 2005-2007 Rodolfo Giometti <giometti@linux.it>
[    0.337538] PTP clock support registered
[    0.337580] EDAC MC: Ver: 3.0.0
[    0.337894] PCI: Using ACPI for IRQ routing
[    0.337896] PCI: pci_cache_line_size set to 64 bytes
[    0.338070] e820: reserve RAM buffer [mem 0x0009fc00-0x0009ffff]
[    0.338074] e820: reserve RAM buffer [mem 0x7fff0000-0x7fffffff]
[    0.339298] NetLabel: Initializing
[    0.339299] NetLabel:  domain hash size = 128
[    0.339299] NetLabel:  protocols = UNLABELED CIPSOv4 CALIPSO
[    0.339321] NetLabel:  unlabeled traffic allowed by default
[    0.340346] clocksource: Switched to clocksource kvm-clock
[    0.355420] *** VALIDATE bpf ***
[    0.355500] VFS: Disk quotas dquot_6.6.0
[    0.355516] VFS: Dquot-cache hash table entries: 512 (order 0, 4096 bytes)
[    0.355542] *** VALIDATE ramfs ***
[    0.355546] *** VALIDATE hugetlbfs ***
[    0.355644] AppArmor: AppArmor Filesystem Enabled
[    0.355678] pnp: PnP ACPI init
[    0.355696] pnp 00:00: Plug and Play ACPI device, IDs PNP0303 (active)
[    0.355844] pnp 00:01: Plug and Play ACPI device, IDs PNP0f03 (active)
[    0.356593] pnp: PnP ACPI: found 2 devices
[    0.357632] thermal_sys: Registered thermal governor 'fair_share'
[    0.357633] thermal_sys: Registered thermal governor 'bang_bang'
[    0.357634] thermal_sys: Registered thermal governor 'step_wise'
[    0.357634] thermal_sys: Registered thermal governor 'user_space'
[    0.357635] thermal_sys: Registered thermal governor 'power_allocator'
[    0.362163] clocksource: acpi_pm: mask: 0xffffff max_cycles: 0xffffff, max_idle_ns: 2085701024 ns
[    0.362208] pci_bus 0000:00: resource 4 [io  0x0000-0x0cf7 window]
[    0.362210] pci_bus 0000:00: resource 5 [io  0x0d00-0xffff window]
[    0.362211] pci_bus 0000:00: resource 6 [mem 0x000a0000-0x000bffff window]
[    0.362213] pci_bus 0000:00: resource 7 [mem 0x80000000-0xfdffffff window]
[    0.362279] NET: Registered protocol family 2
[    0.362395] IP idents hash table entries: 32768 (order: 6, 262144 bytes, linear)
[    0.362894] MPTCP tokens hash table entries: 8192 (order: 4, 65536 bytes, linear)
[    0.362927] MPTCP request tokens hash table entries: 8192 (order: 4, 65536 bytes, linear)
[    0.362954] default registered
[    0.362954] default registered
[    0.362955] MPTCP: Stable release v0.96
[    0.362963] tcp_listen_portaddr_hash hash table entries: 1024 (order: 2, 16384 bytes, linear)
[    0.363106] TCP established hash table entries: 16384 (order: 5, 131072 bytes, linear)
[    0.363165] TCP bind hash table entries: 16384 (order: 6, 262144 bytes, linear)
[    0.363165] TCP: Hash tables configured (established 16384 bind 16384)
[    0.364416] UDP hash table entries: 1024 (order: 3, 32768 bytes, linear)
[    0.364432] UDP-Lite hash table entries: 1024 (order: 3, 32768 bytes, linear)
[    0.364478] NET: Registered protocol family 1
[    0.364487] NET: Registered protocol family 44
[    0.364514] pci 0000:00:00.0: Limiting direct PCI/PCI transfers
[    0.364527] pci 0000:00:01.0: Activating ISA DMA hang workarounds
[    0.364581] pci 0000:00:02.0: Video device with shadowed ROM at [mem 0x000c0000-0x000dffff]
[    0.364647] PCI: CLS 0 bytes, default 64
[    0.364710] Trying to unpack rootfs image as initramfs...
[    0.589435] Freeing initrd memory: 47868K
[    0.589550] clocksource: tsc: mask: 0xffffffffffffffff max_cycles: 0x1e4530a99b6, max_idle_ns: 440795257976 ns
[    0.589563] clocksource: Switched to clocksource tsc
[    0.589633] platform rtc_cmos: registered platform RTC device (no PNP device found)
[    0.589657] check: Scanning for low memory corruption every 60 seconds
[    0.590053] Initialise system trusted keyrings
[    0.590064] Key type blacklist registered
[    0.590117] workingset: timestamp_bits=36 max_order=19 bucket_order=0
[    0.591501] zbud: loaded
[    0.591592] squashfs: version 4.0 (2009/01/31) Phillip Lougher
[    0.591592] fuse: init (API version 7.31)
[    0.591592] *** VALIDATE fuse ***
[    0.591592] *** VALIDATE fuse ***
[    0.591592] Platform Keyring initialized
[    0.591592] Key type asymmetric registered
[    0.591592] Asymmetric key parser 'x509' registered
[    0.591592] Block layer SCSI generic (bsg) driver version 0.4 loaded (major 244)
[    0.591592] io scheduler mq-deadline registered
[    0.591592] shpchp: Standard Hot Plug PCI Controller Driver version: 0.4
[    0.595540] ACPI: AC Adapter [AC] (on-line)
[    0.595592] input: Power Button as /devices/LNXSYSTM:00/LNXPWRBN:00/input/input0
[    0.595621] ACPI: Power Button [PWRF]
[    0.595706] input: Sleep Button as /devices/LNXSYSTM:00/LNXSLPBN:00/input/input1
[    0.595720] ACPI: Sleep Button [SLPF]
[    0.595960] Serial: 8250/16550 driver, 32 ports, IRQ sharing enabled
[    0.597143] Linux agpgart interface v0.103
[    0.687095] loop: module loaded
[    0.687247] ata_piix 0000:00:01.1: version 2.13
[    0.687673] scsi host0: ata_piix
[    0.687772] scsi host1: ata_piix
[    0.687800] ata1: PATA max UDMA/33 cmd 0x1f0 ctl 0x3f6 bmdma 0xd000 irq 14
[    0.687801] ata2: PATA max UDMA/33 cmd 0x170 ctl 0x376 bmdma 0xd008 irq 15
[    0.687886] tun: Universal TUN/TAP device driver, 1.6
[    0.688200] PPP generic driver version 2.4.2
[    0.688252] VFIO - User Level meta-driver version: 0.3
[    0.688501] ehci_hcd: USB 2.0 'Enhanced' Host Controller (EHCI) Driver
[    0.688504] ehci-pci: EHCI PCI platform driver
[    0.688518] ehci-platform: EHCI generic platform driver
[    0.688524] ohci_hcd: USB 1.1 'Open' Host Controller (OHCI) Driver
[    0.688526] ohci-pci: OHCI PCI platform driver
[    0.688533] ohci-platform: OHCI generic platform driver
[    0.688537] uhci_hcd: USB Universal Host Controller Interface driver
[    0.688611] i8042: PNP: PS/2 Controller [PNP0303:PS2K,PNP0f03:PS2M] at 0x60,0x64 irq 1,12
[    0.689056] serio: i8042 KBD port at 0x60,0x64 irq 1
[    0.689060] serio: i8042 AUX port at 0x60,0x64 irq 12
[    0.689150] mousedev: PS/2 mouse device common for all mice
[    0.689415] input: AT Translated Set 2 keyboard as /devices/platform/i8042/serio0/input/input2
[    0.689833] rtc_cmos rtc_cmos: registered as rtc0
[    0.689847] rtc_cmos rtc_cmos: alarms up to one day, 114 bytes nvram
[    0.689852] i2c /dev entries driver
[    0.689899] device-mapper: uevent: version 1.0.3
[    0.689940] device-mapper: ioctl: 4.41.0-ioctl (2019-09-16) initialised: dm-devel@redhat.com
[    0.689963] platform eisa.0: Probing EISA bus 0
[    0.689964] platform eisa.0: EISA: Cannot allocate resource for mainboard
[    0.689966] platform eisa.0: Cannot allocate resource for EISA slot 1
[    0.689967] platform eisa.0: Cannot allocate resource for EISA slot 2
[    0.689968] platform eisa.0: Cannot allocate resource for EISA slot 3
[    0.689969] platform eisa.0: Cannot allocate resource for EISA slot 4
[    0.689970] platform eisa.0: Cannot allocate resource for EISA slot 5
[    0.689971] platform eisa.0: Cannot allocate resource for EISA slot 6
[    0.689972] platform eisa.0: Cannot allocate resource for EISA slot 7
[    0.689972] platform eisa.0: Cannot allocate resource for EISA slot 8
[    0.689973] platform eisa.0: EISA: Detected 0 cards
[    0.689977] intel_pstate: CPU model not supported
[    0.689988] ledtrig-cpu: registered to indicate activity on CPUs
[    0.690044] drop_monitor: Initializing network drop monitor service
[    0.690214] NET: Registered protocol family 10
[    0.695206] Segment Routing with IPv6
[    0.695206] fullmesh registered
[    0.695206] ndiffports registered
[    0.695206] binder registered
[    0.695206] roundrobin registered
[    0.695206] mps registered
[    0.695206] redundant registered
[    0.695206] blest registered
[    0.695206] ecf registered
[    0.695206] NET: Registered protocol family 17
[    0.695206] Key type dns_resolver registered
[    0.695206] RAS: Correctable Errors collector initialized.
[    0.695206] IPI shorthand broadcast: enabled
[    0.695206] sched_clock: Marking stable (680150176, 11056025)->(694052721, -2846520)
[    0.695909] registered taskstats version 1
[    0.695921] Loading compiled-in X.509 certificates
[    0.696515] Loaded X.509 cert 'Build time autogenerated kernel key: 6909f3744cebb3d0de528d5887b96a727de79b1e'
[    0.696535] zswap: loaded using pool lzo/zbud
[    0.696591] Key type ._fscrypt registered
[    0.696592] Key type .fscrypt registered
[    0.701056] Key type big_key registered
[    0.703276] Key type encrypted registered
[    0.703279] AppArmor: AppArmor sha1 policy hashing enabled
[    0.703288] ima: No TPM chip found, activating TPM-bypass!
[    0.703292] ima: Allocated hash algorithm: sha1
[    0.703300] ima: No architecture policies found
[    0.703310] evm: Initialising EVM extended attributes:
[    0.703310] evm: security.selinux
[    0.703311] evm: security.SMACK64
[    0.703311] evm: security.SMACK64EXEC
[    0.703312] evm: security.SMACK64TRANSMUTE
[    0.703312] evm: security.SMACK64MMAP
[    0.703313] evm: security.apparmor
[    0.703313] evm: security.ima
[    0.703314] evm: security.capability
[    0.703315] evm: HMAC attrs: 0x1
[    0.703633] PM:   Magic number: 10:495:373
[    0.703659] vc vcsa1: hash matches
[    0.703847] rtc_cmos rtc_cmos: setting system clock to 2026-01-10T09:22:51 UTC (1768036971)
[    0.858904] ata1.00: ATA-6: VBOX HARDDISK, 1.0, max UDMA/133
[    0.858907] ata1.00: 209715200 sectors, multi 128: LBA 
[    0.859416] scsi 0:0:0:0: Direct-Access     ATA      VBOX HARDDISK    1.0  PQ: 0 ANSI: 5
[    0.859644] sd 0:0:0:0: [sda] 209715200 512-byte logical blocks: (107 GB/100 GiB)
[    0.859652] sd 0:0:0:0: [sda] Write Protect is off
[    0.859654] sd 0:0:0:0: [sda] Mode Sense: 00 3a 00 00
[    0.859666] sd 0:0:0:0: [sda] Write cache: enabled, read cache: enabled, doesn't support DPO or FUA
[    0.859922] sd 0:0:0:0: Attached scsi generic sg0 type 0
[    0.860611]  sda: sda1 sda2
[    0.871178] sd 0:0:0:0: [sda] Attached SCSI disk
[    0.873521] Freeing unused decrypted memory: 2040K
[    0.874649] Freeing unused kernel image memory: 2728K
[    0.874651] Write protecting the kernel read-only data: 22528k
[    0.875651] Freeing unused kernel image memory: 2036K
[    0.876251] Freeing unused kernel image memory: 1428K
[    0.891631] x86/mm: Checked W+X mappings: passed, no W+X pages found.
[    0.891635] Run /init as init process
[    0.999845] ACPI: Video Device [GFX0] (multi-head: yes  rom: no  post: no)
[    0.999930] input: Video Bus as /devices/LNXSYSTM:00/LNXSYBUS:00/PNP0A03:00/LNXVIDEO:00/input/input4
[    1.012625] pcnet32: pcnet32.c:v1.35 21.Apr.2008 tsbogend@alpha.franken.de
[    1.014270] piix4_smbus 0000:00:07.0: SMBus Host Controller at 0x4100, revision 0
[    1.016877] e1000: Intel(R) PRO/1000 Network Driver - version 7.3.21-k8-NAPI
[    1.016877] e1000: Copyright (c) 1999-2006 Intel Corporation.
[    1.033604] pcnet32: PCnet/FAST III 79C973 at 0xd020, 08:00:27:ee:f8:4e assigned IRQ 19
[    1.033652] pcnet32: Found PHY 0022:561b at address 0
[    1.033985] pcnet32: eth0: registered as PCnet/FAST III 79C973
[    1.038194] pcnet32: 1 cards_found
[    1.101152] pcnet32 0000:00:03.0 enp0s3: renamed from eth0
[    1.232859] input: ImExPS/2 Generic Explorer Mouse as /devices/platform/i8042/serio1/input/input5
[    1.443498] e1000 0000:00:08.0 eth0: (PCI:33MHz:32-bit) 08:00:27:14:86:26
[    1.443503] e1000 0000:00:08.0 eth0: Intel(R) PRO/1000 Network Connection
[    1.819619] e1000 0000:00:09.0 eth1: (PCI:33MHz:32-bit) 08:00:27:a1:95:13
[    1.819622] e1000 0000:00:09.0 eth1: Intel(R) PRO/1000 Network Connection
[    1.820959] e1000 0000:00:09.0 enp0s9: renamed from eth1
[    1.822960] e1000 0000:00:08.0 enp0s8: renamed from eth0
[    1.978128] EXT4-fs (sda2): mounted filesystem with ordered data mode. Opts: (null)
[    2.069314] systemd[1]: Inserted module 'autofs4'
[    2.080260] systemd[1]: systemd 245.4-4ubuntu3 running in system mode. (+PAM +AUDIT +SELINUX +IMA +APPARMOR +SMACK +SYSVINIT +UTMP +LIBCRYPTSETUP +GCRYPT +GNUTLS +ACL +XZ +LZ4 +SECCOMP +BLKID +ELFUTILS +KMOD +IDN2 -IDN +PCRE2 default-hierarchy=hybrid)
[    2.080293] systemd[1]: Detected virtualization oracle.
[    2.080297] systemd[1]: Detected architecture x86-64.
[    2.081665] systemd[1]: Set hostname to <ztg>.
[    2.212207] systemd[1]: /lib/systemd/system/dbus.socket:5: ListenStream= references a path below legacy directory /var/run/, updating /var/run/dbus/system_bus_socket â†’ /run/dbus/system_bus_socket; please update the unit file accordingly.
[    2.264746] systemd[1]: Created slice system-modprobe.slice.
[    2.264948] systemd[1]: Created slice User and Session Slice.
[    2.264998] systemd[1]: Started Forward Password Requests to Wall Directory Watch.
[    2.265175] systemd[1]: Set up automount Arbitrary Executable File Formats File System Automount Point.
[    2.265208] systemd[1]: Reached target User and Group Name Lookups.
[    2.265215] systemd[1]: Reached target Remote File Systems.
[    2.265223] systemd[1]: Reached target Slices.
[    2.265740] systemd[1]: Listening on Syslog Socket.
[    2.265812] systemd[1]: Listening on fsck to fsckd communication Socket.
[    2.265852] systemd[1]: Listening on initctl Compatibility Named Pipe.
[    2.265998] systemd[1]: Listening on Journal Audit Socket.
[    2.266050] systemd[1]: Listening on Journal Socket (/dev/log).
[    2.266123] systemd[1]: Listening on Journal Socket.
[    2.266190] systemd[1]: Listening on udev Control Socket.
[    2.266232] systemd[1]: Listening on udev Kernel Socket.
[    2.267145] systemd[1]: Mounting Huge Pages File System...
[    2.268242] systemd[1]: Mounting POSIX Message Queue File System...
[    2.269208] systemd[1]: Mounting Kernel Debug File System...
[    2.270476] systemd[1]: Mounting Kernel Trace File System...
[    2.294750] systemd[1]: Starting Journal Service...
[    2.297179] systemd[1]: Starting Set the console keyboard layout...
[    2.305326] systemd[1]: Starting Create list of static device nodes for the current kernel...
[    2.311250] systemd[1]: Starting Load Kernel Module drm...
[    2.316799] systemd[1]: Condition check resulted in Set Up Additional Binary Formats being skipped.
[    2.317210] systemd[1]: Condition check resulted in File System Check on Root Device being skipped.
[    2.327471] systemd[1]: Starting Load Kernel Modules...
[    2.328318] systemd[1]: Starting Remount Root and Kernel File Systems...
[    2.329153] systemd[1]: Starting udev Coldplug all Devices...
[    2.330023] systemd[1]: Starting Uncomplicated firewall...
[    2.331641] systemd[1]: Mounted Huge Pages File System.
[    2.331756] systemd[1]: Mounted POSIX Message Queue File System.
[    2.331843] systemd[1]: Mounted Kernel Debug File System.
[    2.331921] systemd[1]: Mounted Kernel Trace File System.
[    2.374618] systemd[1]: Finished Create list of static device nodes for the current kernel.
[    2.374991] systemd[1]: modprobe@drm.service: Succeeded.
[    2.380831] systemd[1]: Finished Load Kernel Module drm.
[    2.381808] systemd[1]: Finished Uncomplicated firewall.
[    2.383783] EXT4-fs (sda2): re-mounted. Opts: errors=remount-ro
[    2.388503] systemd[1]: Finished Remount Root and Kernel File Systems.
[    2.389559] systemd[1]: Condition check resulted in Rebuild Hardware Database being skipped.
[    2.389605] systemd[1]: Condition check resulted in Platform Persistent Storage Archival being skipped.
[    2.390622] systemd[1]: Starting Load/Save Random Seed...
[    2.410065] systemd[1]: Starting Create System Users...
[    2.447721] systemd[1]: Finished Load/Save Random Seed.
[    2.452324] systemd[1]: Finished Create System Users.
[    2.453235] systemd[1]: Starting Create Static Device Nodes in /dev...
[    2.466172] lp: driver loaded but no devices found
[    2.490032] ppdev: user-space parallel port driver
[    2.504728] systemd[1]: Finished Create Static Device Nodes in /dev.
[    2.505901] systemd[1]: Starting udev Kernel Device Manager...
[    2.521644] systemd[1]: Finished udev Coldplug all Devices.
[    2.569625] [drm] DMA map mode: Caching DMA mappings.
[    2.569690] [drm] Capabilities:
[    2.569690] [drm]   Rect copy.
[    2.569691] [drm]   Cursor.
[    2.569691] [drm]   Cursor bypass.
[    2.569691] [drm]   Cursor bypass 2.
[    2.569692] [drm]   Alpha cursor.
[    2.569692] [drm]   Extended Fifo.
[    2.569693] [drm]   Pitchlock.
[    2.569693] [drm]   Irq mask.
[    2.569693] [drm]   GMR.
[    2.569694] [drm]   Traces.
[    2.569694] [drm]   GMR2.
[    2.569694] [drm]   Screen Object 2.
[    2.569695] [drm]   Command Buffers.
[    2.569695] [drm]   Command Buffers 2.
[    2.569695] [drm]   Guest Backed Resources.
[    2.569697] [drm] Max GMR ids is 8192
[    2.569697] [drm] Max number of GMR pages is 1048576
[    2.569698] [drm] Max dedicated hypervisor surface memory is 393216 kiB
[    2.569698] [drm] Maximum display memory size is 131072 kiB
[    2.569699] [drm] VRAM at 0xe0000000 size is 131072 kiB
[    2.569700] [drm] MMIO at 0xf0000000 size is 2048 kiB
[    2.571370] [TTM] Zone  kernel: Available graphics memory: 1011736 KiB
[    2.571371] [TTM] Initializing pool allocator
[    2.571375] [TTM] Initializing DMA pool allocator
[    2.571408] [drm] Supports vblank timestamp caching Rev 2 (21.10.2013).
[    2.571408] [drm] No driver support for vblank timestamp query.
[    2.571666] [drm] Screen Target Display device initialized
[    2.572017] [drm] width 720
[    2.572026] [drm] height 400
[    2.572030] [drm] bpp 32
[    2.572683] [drm] Fifo max 0x00200000 min 0x00001000 cap 0x00000355
[    2.574450] [drm] Using command buffers with DMA pool.
[    2.574458] [drm] DX: no.
[    2.574458] [drm] Atomic: yes.
[    2.574459] [drm] SM4_1: no.
[    2.574484] [drm:vmw_host_log [vmwgfx]] *ERROR* Failed to send host log message.
[    2.576014] [drm:vmw_host_log [vmwgfx]] *ERROR* Failed to send host log message.
[    2.588960] systemd[1]: Finished Set the console keyboard layout.
[    2.589094] systemd[1]: Reached target Local File Systems (Pre).
[    2.591407] systemd[1]: Mounting Mount unit for bare, revision 5...
[    2.595485] systemd[1]: Mounting Mount unit for core18, revision 1705...
[    2.598013] fbcon: svgadrmfb (fb0) is primary device
[    2.602919] Console: switching to colour frame buffer device 100x37
[    2.609916] [drm] Initialized vmwgfx 2.15.0 20180704 for 0000:00:02.0 on minor 0
[    2.628414] systemd[1]: Mounting Mount unit for core22, revision 2193...
[    2.638320] systemd[1]: Mounting Mount unit for gnome-3-34-1804, revision 24...
[    2.648678] systemd[1]: Mounting Mount unit for gnome-42-2204, revision 226...
[    2.652338] systemd[1]: Mounting Mount unit for gtk-common-themes, revision 1506...
[    2.658242] systemd[1]: Mounting Mount unit for gtk-common-themes, revision 1535...
[    2.664256] systemd[1]: Mounting Mount unit for snap-store, revision 1216...
[    2.684451] systemd[1]: Mounting Mount unit for snap-store, revision 433...
[    2.696808] systemd[1]: Mounting Mount unit for snapd, revision 25577...
[    2.702455] systemd[1]: Finished Load Kernel Modules.
[    2.706491] systemd[1]: Mounting FUSE Control File System...
[    2.727184] systemd[1]: Mounting Kernel Configuration File System...
[    2.754318] systemd[1]: Starting Apply Kernel Variables...
[    2.756825] systemd[1]: Started udev Kernel Device Manager.
[    2.756955] systemd[1]: Mounted Mount unit for bare, revision 5.
[    2.757051] systemd[1]: Mounted Mount unit for core22, revision 2193.
[    2.757140] systemd[1]: Mounted Mount unit for gnome-3-34-1804, revision 24.
[    2.757234] systemd[1]: Mounted Mount unit for gnome-42-2204, revision 226.
[    2.757316] systemd[1]: Mounted FUSE Control File System.
[    2.757402] systemd[1]: Condition check resulted in VMware vmblock fuse mount being skipped.
[    2.769752] systemd[1]: Starting Show Plymouth Boot Screen...
[    2.777455] systemd[1]: Mounted Mount unit for core18, revision 1705.
[    2.780396] systemd[1]: Mounted Kernel Configuration File System.
[    2.780827] systemd[1]: Finished Apply Kernel Variables.
[    2.781509] systemd[1]: Received SIGRTMIN+20 from PID 288 (plymouthd).
[    2.803372] systemd[1]: Mounted Mount unit for gtk-common-themes, revision 1506.
[    2.818322] systemd[1]: Started Show Plymouth Boot Screen.
[    2.818532] systemd[1]: Condition check resulted in Dispatch Password Requests to Console Directory Watch being skipped.
[    2.818621] systemd[1]: Started Forward Password Requests to Plymouth Directory Watch.
[    2.818689] systemd[1]: Reached target Local Encrypted Volumes.
[    2.865561] systemd[1]: Mounted Mount unit for snap-store, revision 433.
[    2.899393] systemd[1]: Mounted Mount unit for snapd, revision 25577.
[    2.932814] systemd[1]: Mounted Mount unit for gtk-common-themes, revision 1535.
[    2.933088] systemd[1]: Mounted Mount unit for snap-store, revision 1216.
[    2.933268] systemd[1]: Reached target Local File Systems.
[    2.936096] systemd[1]: Starting Load AppArmor profiles...
[    2.944947] systemd[1]: Starting Set console font and keymap...
[    2.952343] systemd[1]: Starting Tell Plymouth To Write Out Runtime Data...
[    2.956626] systemd[1]: Condition check resulted in Store a System Token in an EFI Variable being skipped.
[    2.956660] systemd[1]: Condition check resulted in Commit a transient machine-id on disk being skipped.
[    2.960381] systemd[1]: Finished Set console font and keymap.
[    2.972020] systemd[1]: Received SIGRTMIN+20 from PID 288 (plymouthd).
[    2.973198] systemd[1]: plymouth-read-write.service: Succeeded.
[    2.973498] systemd[1]: Finished Tell Plymouth To Write Out Runtime Data.
[    3.014999] audit: type=1400 audit(1768036973.804:2): apparmor="STATUS" operation="profile_load" profile="unconfined" name="nvidia_modprobe" pid=309 comm="apparmor_parser"
[    3.015001] audit: type=1400 audit(1768036973.804:3): apparmor="STATUS" operation="profile_load" profile="unconfined" name="nvidia_modprobe//kmod" pid=309 comm="apparmor_parser"
[    3.022750] audit: type=1400 audit(1768036973.812:4): apparmor="STATUS" operation="profile_load" profile="unconfined" name="/usr/sbin/tcpdump" pid=310 comm="apparmor_parser"
[    3.066478] audit: type=1400 audit(1768036973.852:5): apparmor="STATUS" operation="profile_load" profile="unconfined" name="/usr/bin/evince" pid=312 comm="apparmor_parser"
[    3.066480] audit: type=1400 audit(1768036973.852:6): apparmor="STATUS" operation="profile_load" profile="unconfined" name="/usr/bin/evince//sanitized_helper" pid=312 comm="apparmor_parser"
[    3.066482] audit: type=1400 audit(1768036973.852:7): apparmor="STATUS" operation="profile_load" profile="unconfined" name="/usr/bin/evince-previewer" pid=312 comm="apparmor_parser"
[    3.066484] audit: type=1400 audit(1768036973.852:8): apparmor="STATUS" operation="profile_load" profile="unconfined" name="/usr/bin/evince-previewer//sanitized_helper" pid=312 comm="apparmor_parser"
[    3.066485] audit: type=1400 audit(1768036973.852:9): apparmor="STATUS" operation="profile_load" profile="unconfined" name="/usr/bin/evince-thumbnailer" pid=312 comm="apparmor_parser"
[    3.078244] audit: type=1400 audit(1768036973.868:10): apparmor="STATUS" operation="profile_load" profile="unconfined" name="/usr/lib/cups/backend/cups-pdf" pid=313 comm="apparmor_parser"
[    3.159675] systemd[1]: Finished Load AppArmor profiles.
[    3.160867] systemd[1]: Starting Load AppArmor profiles managed internally by snapd...
[    3.291825] systemd[1]: Finished Load AppArmor profiles managed internally by snapd.
[    3.337245] systemd[1]: Started Journal Service.
[    3.347316] systemd-journald[229]: Received client request to flush runtime journal.
[    3.350443] systemd-journald[229]: File /var/log/journal/c455b248004a419c87ce85eea238d727/system.journal corrupted or uncleanly shut down, renaming and replacing.
[    4.745655] RAPL PMU: API unit is 2^-32 Joules, 0 fixed counters, 10737418240 ms ovfl timer
[    4.848713] cryptd: max_cpu_qlen set to 1000
[    4.913586] AVX2 version of gcm_enc/dec engaged.
[    4.913588] AES CTR mode by8 optimization enabled
[    7.003448] Adding 1998844k swap on /dev/sda1.  Priority:-2 extents:1 across:1998844k FS
[    7.689239] AAAAA: Error looking up destination IP: 369098976 - net/ipv4/ip_output.c: 285: dac_mps_nexthops
[    7.747491] AAAAA: Error looking up destination IP: 369098976 - net/ipv4/ip_output.c: 285: dac_mps_nexthops
[    7.860156] AAAAA: Error looking up destination IP: 4211081440 - net/ipv4/ip_output.c: 285: dac_mps_nexthops
[    8.117700] AAAAA: Error looking up destination IP: 4211081440 - net/ipv4/ip_output.c: 285: dac_mps_nexthops
[    8.263442] kauditd_printk_skb: 31 callbacks suppressed
[    8.263443] audit: type=1400 audit(1768036979.052:42): apparmor="DENIED" operation="capable" profile="/usr/sbin/cups-browsed" pid=576 comm="cups-browsed" capability=23  capname="sys_nice"
[    8.363289] AAAAA: Error looking up destination IP: 4211081440 - net/ipv4/ip_output.c: 285: dac_mps_nexthops
[    8.379214] AAAAA: Error looking up destination IP: 4211081440 - net/ipv4/ip_output.c: 285: dac_mps_nexthops
[    8.582738] AAAAA: Error looking up destination IP: 4211081440 - net/ipv4/ip_output.c: 285: dac_mps_nexthops
[    9.376429] AAAAA: Error looking up destination IP: 4211081440 - net/ipv4/ip_output.c: 285: dac_mps_nexthops
[    9.533947] pcnet32 0000:00:03.0 enp0s3: link up, 100Mbps, full-duplex
[    9.571970] e1000: enp0s8 NIC Link is Up 1000 Mbps Full Duplex, Flow Control: RX
[    9.572267] IPv6: ADDRCONF(NETDEV_CHANGE): enp0s8: link becomes ready
[    9.606196] e1000: enp0s9 NIC Link is Up 1000 Mbps Full Duplex, Flow Control: RX
[    9.606497] IPv6: ADDRCONF(NETDEV_CHANGE): enp0s9: link becomes ready
[    9.714408] AAAAA: Error looking up destination IP: 4211081440 - net/ipv4/ip_output.c: 285: dac_mps_nexthops
[   10.313898] device enp0s3 entered promiscuous mode
[   10.363284] audit: type=1400 audit(1768036981.144:43): apparmor="DENIED" operation="open" profile="/usr/sbin/tcpdump" name="/proc/sys/kernel/random/boot_id" pid=710 comm="tcpdump" requested_mask="r" denied_mask="r" fsuid=0 ouid=0
[   10.365280] audit: type=1400 audit(1768036981.144:44): apparmor="DENIED" operation="open" profile="/usr/sbin/tcpdump" name="/proc/sys/kernel/random/boot_id" pid=710 comm="tcpdump" requested_mask="r" denied_mask="r" fsuid=0 ouid=0
[   10.365392] audit: type=1400 audit(1768036981.144:45): apparmor="DENIED" operation="open" profile="/usr/sbin/tcpdump" name="/proc/sys/kernel/random/boot_id" pid=710 comm="tcpdump" requested_mask="r" denied_mask="r" fsuid=0 ouid=0
[   10.365533] audit: type=1400 audit(1768036981.144:46): apparmor="DENIED" operation="open" profile="/usr/sbin/tcpdump" name="/proc/sys/kernel/random/boot_id" pid=710 comm="tcpdump" requested_mask="r" denied_mask="r" fsuid=0 ouid=0
[   10.366972] audit: type=1400 audit(1768036981.144:47): apparmor="DENIED" operation="open" profile="/usr/sbin/tcpdump" name="/proc/sys/kernel/random/boot_id" pid=711 comm="tcpdump" requested_mask="r" denied_mask="r" fsuid=0 ouid=0
[   10.367195] audit: type=1400 audit(1768036981.144:48): apparmor="DENIED" operation="open" profile="/usr/sbin/tcpdump" name="/proc/sys/kernel/random/boot_id" pid=711 comm="tcpdump" requested_mask="r" denied_mask="r" fsuid=0 ouid=0
[   10.367238] audit: type=1400 audit(1768036981.144:49): apparmor="DENIED" operation="open" profile="/usr/sbin/tcpdump" name="/proc/sys/kernel/random/boot_id" pid=711 comm="tcpdump" requested_mask="r" denied_mask="r" fsuid=0 ouid=0
[   10.367293] audit: type=1400 audit(1768036981.144:50): apparmor="DENIED" operation="open" profile="/usr/sbin/tcpdump" name="/proc/sys/kernel/random/boot_id" pid=711 comm="tcpdump" requested_mask="r" denied_mask="r" fsuid=0 ouid=0
[   16.810682] rfkill: input handler disabled
[  231.880857] AAAAA-TCP_FORW: name:enp0s3: saddr:33561200: daddr:100932208
[  232.019821] AAAAA-TCP_FORW: name:enp0s3: saddr:16783984: daddr:100932208
[  232.392664] AAAAA-TCP_FORW: name:enp0s3: saddr:33561200: daddr:100932208
[  232.481696] AAAAA-TCP_FORW: name:enp0s3: saddr:16783984: daddr:100932208
[  232.565598] AAAAA-TCP_FORW: name:enp0s3: saddr:16783984: daddr:100932208
[  233.391037] AAAAA-TCP_FORW: name:enp0s3: saddr:16783984: daddr:100932208
[  233.716312] AAAAA-TCP_FORW: name:enp0s3: saddr:16783984: daddr:100932208
[  233.893849] AAAAA-TCP_FORW: name:enp0s3: saddr:16783984: daddr:100932208
[  233.974911] AAAAA-TCP_FORW: name:enp0s3: saddr:16783984: daddr:100932208
[  234.019172] AAAAA-TCP_FORW: name:enp0s3: saddr:16783984: daddr:100932208
[  234.125222] AAAAA-TCP_FORW: name:enp0s3: saddr:33561200: daddr:100932208
[  234.244997] AAAAA-TCP_FORW: name:enp0s3: saddr:16783984: daddr:100932208
[  234.440515] AAAAA-TCP_FORW: name:enp0s3: saddr:33561200: daddr:100932208
[  234.586981] AAAAA-TCP_FORW: name:enp0s3: saddr:16783984: daddr:100932208
[  234.673308] AAAAA-TCP_FORW: name:enp0s3: saddr:16783984: daddr:100932208
[  234.774908] AAAAA-TCP_FORW: name:enp0s3: saddr:16783984: daddr:100932208
[  235.096914] AAAAA-TCP_FORW: name:enp0s3: saddr:16783984: daddr:100932208
[  235.173583] AAAAA-TCP_FORW: name:enp0s3: saddr:16783984: daddr:100932208
[  235.235512] AAAAA-TCP_FORW: name:enp0s3: saddr:16783984: daddr:100932208
[  235.490381] AAAAA-TCP_FORW: name:enp0s3: saddr:16783984: daddr:100932208
[  235.569277] AAAAA-TCP_FORW: name:enp0s3: saddr:16783984: daddr:100932208
[  235.668898] AAAAA-TCP_FORW: name:enp0s3: saddr:16783984: daddr:100932208
[  235.721090] AAAAA-TCP_FORW: name:enp0s3: saddr:16783984: daddr:100932208
[  235.924393] AAAAA-TCP_FORW: name:enp0s3: saddr:33561200: daddr:100932208
[  235.987783] AAAAA-TCP_FORW: name:enp0s3: saddr:33561200: daddr:100932208
[  236.052769] AAAAA-TCP_FORW: name:enp0s3: saddr:33561200: daddr:100932208
[  236.171191] AAAAA-TCP_FORW: name:enp0s3: saddr:33561200: daddr:100932208
[  236.287669] AAAAA-TCP_FORW: name:enp0s3: saddr:33561200: daddr:100932208
[  236.447121] AAAAA-TCP_FORW: name:enp0s3: saddr:33561200: daddr:100932208
[  236.571849] AAAAA-TCP_FORW: name:enp0s3: saddr:33561200: daddr:100932208
[  236.651796] AAAAA-TCP_FORW: name:enp0s3: saddr:33561200: daddr:100932208
[  236.699354] AAAAA-TCP_FORW: name:enp0s3: saddr:33561200: daddr:100932208
[  236.866446] AAAAA-TCP_FORW: name:enp0s3: saddr:33561200: daddr:100932208
[  237.029854] AAAAA-TCP_FORW: name:enp0s3: saddr:16783984: daddr:100932208
[  237.114114] AAAAA-TCP_FORW: name:enp0s3: saddr:16783984: daddr:100932208
[  237.240131] AAAAA-TCP_FORW: name:enp0s3: saddr:33561200: daddr:100932208
[  237.306970] AAAAA-TCP_FORW: name:enp0s3: saddr:16783984: daddr:100932208
[  237.366031] AAAAA-TCP_FORW: name:enp0s3: saddr:16783984: daddr:100932208
[  237.433093] AAAAA-TCP_FORW: name:enp0s3: saddr:16783984: daddr:100932208
[  237.484732] AAAAA-TCP_FORW: name:enp0s3: saddr:16783984: daddr:100932208
[  237.847701] AAAAA-TCP_FORW: name:enp0s3: saddr:16783984: daddr:100932208
[  237.931468] AAAAA-TCP_FORW: name:enp0s3: saddr:16783984: daddr:100932208
[  238.101848] AAAAA-TCP_FORW: name:enp0s3: saddr:16783984: daddr:100932208
[  238.198883] AAAAA-TCP_FORW: name:enp0s3: saddr:16783984: daddr:100932208
[  238.254678] AAAAA-TCP_FORW: name:enp0s3: saddr:16783984: daddr:100932208
[  238.327383] AAAAA-TCP_FORW: name:enp0s3: saddr:16783984: daddr:100932208
[  238.420234] AAAAA-TCP_FORW: name:enp0s3: saddr:33561200: daddr:100932208
[  238.617730] AAAAA-TCP_FORW: name:enp0s3: saddr:16783984: daddr:100932208
[  238.686039] AAAAA-TCP_FORW: name:enp0s3: saddr:16783984: daddr:100932208
[  238.778264] AAAAA-TCP_FORW: name:enp0s3: saddr:16783984: daddr:100932208
[  238.888114] AAAAA-TCP_FORW: name:enp0s3: saddr:16783984: daddr:100932208
[  239.045502] AAAAA-TCP_FORW: name:enp0s3: saddr:16783984: daddr:100932208
[  239.136571] AAAAA-TCP_FORW: name:enp0s3: saddr:16783984: daddr:100932208
[  239.292125] AAAAA-TCP_FORW: name:enp0s3: saddr:33561200: daddr:100932208
[  239.475716] AAAAA-TCP_FORW: name:enp0s3: saddr:33561200: daddr:100932208
[  239.527361] AAAAA-TCP_FORW: name:enp0s3: saddr:33561200: daddr:100932208
[  239.608529] AAAAA-TCP_FORW: name:enp0s3: saddr:33561200: daddr:100932208
[  239.676538] AAAAA-TCP_FORW: name:enp0s3: saddr:33561200: daddr:100932208
[  239.758526] AAAAA-TCP_FORW: name:enp0s3: saddr:33561200: daddr:100932208
[  239.805253] AAAAA-TCP_FORW: name:enp0s3: saddr:33561200: daddr:100932208
[  239.867045] AAAAA-TCP_FORW: name:enp0s3: saddr:33561200: daddr:100932208
[  239.969877] AAAAA-TCP_FORW: name:enp0s3: saddr:33561200: daddr:100932208
[  240.016363] AAAAA-TCP_FORW: name:enp0s3: saddr:33561200: daddr:100932208
[  240.125945] AAAAA-TCP_FORW: name:enp0s3: saddr:33561200: daddr:100932208
[  240.206248] AAAAA-TCP_FORW: name:enp0s3: saddr:33561200: daddr:100932208
[  240.253936] AAAAA-TCP_FORW: name:enp0s3: saddr:33561200: daddr:100932208
[  240.404341] AAAAA-TCP_FORW: name:enp0s3: saddr:33561200: daddr:100932208
[  240.469684] AAAAA-TCP_FORW: name:enp0s3: saddr:33561200: daddr:100932208
[  240.542242] AAAAA-TCP_FORW: name:enp0s3: saddr:33561200: daddr:100932208
[  240.649897] AAAAA-TCP_FORW: name:enp0s3: saddr:33561200: daddr:100932208
[  240.738115] AAAAA-TCP_FORW: name:enp0s3: saddr:33561200: daddr:100932208
[  240.859167] AAAAA-TCP_FORW: name:enp0s3: saddr:16783984: daddr:100932208
[  240.948407] AAAAA-TCP_FORW: name:enp0s3: saddr:16783984: daddr:100932208
[  241.018662] AAAAA-TCP_FORW: name:enp0s3: saddr:33561200: daddr:100932208
[  241.062929] AAAAA-TCP_FORW: name:enp0s3: saddr:16783984: daddr:100932208
[  241.123931] AAAAA-TCP_FORW: name:enp0s3: saddr:16783984: daddr:100932208
[  241.201377] AAAAA-TCP_FORW: name:enp0s3: saddr:16783984: daddr:100932208
[  241.286590] AAAAA-TCP_FORW: name:enp0s3: saddr:16783984: daddr:100932208
[  241.357446] AAAAA-TCP_FORW: name:enp0s3: saddr:16783984: daddr:100932208
[  241.406239] AAAAA-TCP_FORW: name:enp0s3: saddr:16783984: daddr:100932208
[  241.471461] AAAAA-TCP_FORW: name:enp0s3: saddr:16783984: daddr:100932208
[  241.546942] AAAAA-TCP_FORW: name:enp0s3: saddr:16783984: daddr:100932208
[  241.699333] AAAAA-TCP_FORW: name:enp0s3: saddr:16783984: daddr:100932208
[  241.813393] AAAAA-TCP_FORW: name:enp0s3: saddr:16783984: daddr:100932208
[  241.985399] AAAAA-TCP_FORW: name:enp0s3: saddr:16783984: daddr:100932208
[  242.102058] AAAAA-TCP_FORW: name:enp0s3: saddr:16783984: daddr:100932208
[  242.208535] AAAAA-TCP_FORW: name:enp0s3: saddr:16783984: daddr:100932208
[  242.348927] AAAAA-TCP_FORW: name:enp0s3: saddr:16783984: daddr:100932208
[  242.622002] AAAAA-TCP_FORW: name:enp0s3: saddr:16783984: daddr:100932208
[  242.741460] AAAAA-TCP_FORW: name:enp0s3: saddr:16783984: daddr:100932208
[  242.972969] AAAAA-TCP_FORW: name:enp0s3: saddr:16783984: daddr:100932208
[  243.199551] AAAAA-TCP_FORW: name:enp0s3: saddr:16783984: daddr:100932208
[  243.328849] AAAAA-TCP_FORW: name:enp0s3: saddr:16783984: daddr:100932208
[  243.439580] AAAAA-TCP_FORW: name:enp0s3: saddr:33561200: daddr:100932208
[  243.492861] AAAAA-TCP_FORW: name:enp0s3: saddr:33561200: daddr:100932208
[  243.551874] AAAAA-TCP_FORW: name:enp0s3: saddr:33561200: daddr:100932208
[  243.624756] AAAAA-TCP_FORW: name:enp0s3: saddr:33561200: daddr:100932208
[  243.715375] AAAAA-TCP_FORW: name:enp0s3: saddr:33561200: daddr:100932208
[  243.810518] AAAAA-TCP_FORW: name:enp0s3: saddr:33561200: daddr:100932208
[  243.883406] AAAAA-TCP_FORW: name:enp0s3: saddr:33561200: daddr:100932208
[  243.935286] AAAAA-TCP_FORW: name:enp0s3: saddr:33561200: daddr:100932208
[  244.035236] AAAAA-TCP_FORW: name:enp0s3: saddr:33561200: daddr:100932208
[  244.089827] AAAAA-TCP_FORW: name:enp0s3: saddr:33561200: daddr:100932208
[  244.159946] AAAAA-TCP_FORW: name:enp0s3: saddr:33561200: daddr:100932208
[  244.220584] AAAAA-TCP_FORW: name:enp0s3: saddr:33561200: daddr:100932208
[  244.282597] AAAAA-TCP_FORW: name:enp0s3: saddr:33561200: daddr:100932208
[  244.352555] AAAAA-TCP_FORW: name:enp0s3: saddr:33561200: daddr:100932208
[  245.054471] AAAAA-TCP_FORW: name:enp0s3: saddr:33561200: daddr:100932208
[  245.121638] AAAAA-TCP_FORW: name:enp0s3: saddr:33561200: daddr:100932208
[  245.166792] AAAAA-TCP_FORW: name:enp0s3: saddr:33561200: daddr:100932208
[  604.015252] rfkill: input handler enabled
[  612.050910] rfkill: input handler disabled
[  823.460057] device enp0s3 left promiscuous mode
