[    0.000000] Linux version 5.4.243-dmptcp (root@ztg) (gcc version 12.2.0 (Debian 12.2.0-14+deb12u1)) #119 SMP Wed Dec 24 23:52:51 CST 2025
[    0.000000] Command line: BOOT_IMAGE=/boot/vmlinuz-5.4.243-dmptcp root=UUID=98415a12-53b7-4144-8265-0f7ece09e445 ro quiet splash
[    0.000000] KERNEL supported cpus:
[    0.000000]   Intel GenuineIntel
[    0.000000]   AMD AuthenticAMD
[    0.000000]   Hygon HygonGenuine
[    0.000000]   Centaur CentaurHauls
[    0.000000]   zhaoxin   Shanghai  
[    0.000000] x86/fpu: Supporting XSAVE feature 0x001: 'x87 floating point registers'
[    0.000000] x86/fpu: Supporting XSAVE feature 0x002: 'SSE registers'
[    0.000000] x86/fpu: Supporting XSAVE feature 0x004: 'AVX registers'
[    0.000000] x86/fpu: xstate_offset[2]:  576, xstate_sizes[2]:  256
[    0.000000] x86/fpu: Enabled xstate features 0x7, context size is 832 bytes, using 'standard' format.
[    0.000000] BIOS-provided physical RAM map:
[    0.000000] BIOS-e820: [mem 0x0000000000000000-0x000000000009fbff] usable
[    0.000000] BIOS-e820: [mem 0x000000000009fc00-0x000000000009ffff] reserved
[    0.000000] BIOS-e820: [mem 0x00000000000f0000-0x00000000000fffff] reserved
[    0.000000] BIOS-e820: [mem 0x0000000000100000-0x000000007ffeffff] usable
[    0.000000] BIOS-e820: [mem 0x000000007fff0000-0x000000007fffffff] ACPI data
[    0.000000] BIOS-e820: [mem 0x00000000fec00000-0x00000000fec00fff] reserved
[    0.000000] BIOS-e820: [mem 0x00000000fee00000-0x00000000fee00fff] reserved
[    0.000000] BIOS-e820: [mem 0x00000000fffc0000-0x00000000ffffffff] reserved
[    0.000000] NX (Execute Disable) protection: active
[    0.000000] SMBIOS 2.5 present.
[    0.000000] DMI: innotek GmbH VirtualBox/VirtualBox, BIOS VirtualBox 12/01/2006
[    0.000000] Hypervisor detected: KVM
[    0.000000] kvm-clock: Using msrs 4b564d01 and 4b564d00
[    0.000001] kvm-clock: cpu 0, msr 6f001001, primary cpu clock
[    0.000001] kvm-clock: using sched offset of 4472832331 cycles
[    0.000003] clocksource: kvm-clock: mask: 0xffffffffffffffff max_cycles: 0x1cd42e4dffb, max_idle_ns: 881590591483 ns
[    0.000006] tsc: Detected 2100.000 MHz processor
[    0.001876] e820: update [mem 0x00000000-0x00000fff] usable ==> reserved
[    0.001878] e820: remove [mem 0x000a0000-0x000fffff] usable
[    0.001882] last_pfn = 0x7fff0 max_arch_pfn = 0x400000000
[    0.001951] MTRR default type: uncachable
[    0.001951] MTRR fixed ranges enabled:
[    0.001953]   00000-9FFFF write-back
[    0.001953]   A0000-BFFFF uncachable
[    0.001954]   C0000-FFFFF write-protect
[    0.001955] MTRR variable ranges enabled:
[    0.001956]   0 base 000000000000 mask 3FFF80000000 write-back
[    0.001957]   1 disabled
[    0.001957]   2 disabled
[    0.001958]   3 disabled
[    0.001958]   4 disabled
[    0.001959]   5 disabled
[    0.001959]   6 disabled
[    0.001959]   7 disabled
[    0.001960]   8 disabled
[    0.001960]   9 disabled
[    0.001961]   10 disabled
[    0.001961]   11 disabled
[    0.001962]   12 disabled
[    0.001962]   13 disabled
[    0.001962]   14 disabled
[    0.001963]   15 disabled
[    0.001979] x86/PAT: Configuration [0-7]: WB  WC  UC- UC  WB  WP  UC- WT  
[    0.002112] found SMP MP-table at [mem 0x0009fff0-0x0009ffff]
[    0.091564] check: Scanning 1 areas for low memory corruption
[    0.091836] RAMDISK: [mem 0x32271000-0x3512ffff]
[    0.091844] ACPI: Early table checksum verification disabled
[    0.091850] ACPI: RSDP 0x00000000000E0000 000024 (v02 VBOX  )
[    0.091854] ACPI: XSDT 0x000000007FFF0030 00003C (v01 VBOX   VBOXXSDT 00000001 ASL  00000061)
[    0.091861] ACPI: FACP 0x000000007FFF00F0 0000F4 (v04 VBOX   VBOXFACP 00000001 ASL  00000061)
[    0.091867] ACPI: DSDT 0x000000007FFF02E0 002353 (v02 VBOX   VBOXBIOS 00000002 VBOX 00029BF3)
[    0.091871] ACPI: FACS 0x000000007FFF0200 000040
[    0.091875] ACPI: FACS 0x000000007FFF0200 000040
[    0.091878] ACPI: APIC 0x000000007FFF0240 000054 (v02 VBOX   VBOXAPIC 00000001 ASL  00000061)
[    0.091882] ACPI: SSDT 0x000000007FFF02A0 000038 (v01 VBOX   VBOXCPUT 00000002 VBOX 00029BF3)
[    0.091885] ACPI: Reserving FACP table memory at [mem 0x7fff00f0-0x7fff01e3]
[    0.091886] ACPI: Reserving DSDT table memory at [mem 0x7fff02e0-0x7fff2632]
[    0.091886] ACPI: Reserving FACS table memory at [mem 0x7fff0200-0x7fff023f]
[    0.091887] ACPI: Reserving FACS table memory at [mem 0x7fff0200-0x7fff023f]
[    0.091888] ACPI: Reserving APIC table memory at [mem 0x7fff0240-0x7fff0293]
[    0.091888] ACPI: Reserving SSDT table memory at [mem 0x7fff02a0-0x7fff02d7]
[    0.091904] ACPI: Local APIC address 0xfee00000
[    0.092095] No NUMA configuration found
[    0.092096] Faking a node at [mem 0x0000000000000000-0x000000007ffeffff]
[    0.092106] NODE_DATA(0) allocated [mem 0x7ffc5000-0x7ffeffff]
[    0.093043] Zone ranges:
[    0.093044]   DMA      [mem 0x0000000000001000-0x0000000000ffffff]
[    0.093046]   DMA32    [mem 0x0000000001000000-0x000000007ffeffff]
[    0.093046]   Normal   empty
[    0.093047]   Device   empty
[    0.093048] Movable zone start for each node
[    0.093050] Early memory node ranges
[    0.093051]   node   0: [mem 0x0000000000001000-0x000000000009efff]
[    0.093052]   node   0: [mem 0x0000000000100000-0x000000007ffeffff]
[    0.093704] Zeroed struct page in unavailable ranges: 114 pages
[    0.093705] Initmem setup node 0 [mem 0x0000000000001000-0x000000007ffeffff]
[    0.093707] On node 0 totalpages: 524174
[    0.093708]   DMA zone: 64 pages used for memmap
[    0.093708]   DMA zone: 21 pages reserved
[    0.093709]   DMA zone: 3998 pages, LIFO batch:0
[    0.093782]   DMA32 zone: 8128 pages used for memmap
[    0.093783]   DMA32 zone: 520176 pages, LIFO batch:63
[    0.102803] ACPI: PM-Timer IO Port: 0x4008
[    0.102806] ACPI: Local APIC address 0xfee00000
[    0.102876] IOAPIC[0]: apic_id 1, version 32, address 0xfec00000, GSI 0-23
[    0.102879] ACPI: INT_SRC_OVR (bus 0 bus_irq 0 global_irq 2 dfl dfl)
[    0.102881] ACPI: INT_SRC_OVR (bus 0 bus_irq 9 global_irq 9 low level)
[    0.102883] ACPI: IRQ0 used by override.
[    0.102884] ACPI: IRQ9 used by override.
[    0.102886] Using ACPI (MADT) for SMP configuration information
[    0.102893] smpboot: Allowing 1 CPUs, 0 hotplug CPUs
[    0.102915] PM: Registered nosave memory: [mem 0x00000000-0x00000fff]
[    0.102917] PM: Registered nosave memory: [mem 0x0009f000-0x0009ffff]
[    0.102917] PM: Registered nosave memory: [mem 0x000a0000-0x000effff]
[    0.102918] PM: Registered nosave memory: [mem 0x000f0000-0x000fffff]
[    0.102920] [mem 0x80000000-0xfebfffff] available for PCI devices
[    0.102921] Booting paravirtualized kernel on KVM
[    0.102924] clocksource: refined-jiffies: mask: 0xffffffff max_cycles: 0xffffffff, max_idle_ns: 7645519600211568 ns
[    0.102929] setup_percpu: NR_CPUS:8192 nr_cpumask_bits:1 nr_cpu_ids:1 nr_node_ids:1
[    0.103826] percpu: Embedded 60 pages/cpu s208896 r8192 d28672 u2097152
[    0.103831] pcpu-alloc: s208896 r8192 d28672 u2097152 alloc=1*2097152
[    0.103832] pcpu-alloc: [0] 0 
[    0.103857] Built 1 zonelists, mobility grouping on.  Total pages: 515961
[    0.103858] Policy zone: DMA32
[    0.103859] Kernel command line: BOOT_IMAGE=/boot/vmlinuz-5.4.243-dmptcp root=UUID=98415a12-53b7-4144-8265-0f7ece09e445 ro quiet splash
[    0.104698] Dentry cache hash table entries: 262144 (order: 9, 2097152 bytes, linear)
[    0.104844] Inode-cache hash table entries: 131072 (order: 8, 1048576 bytes, linear)
[    0.104895] mem auto-init: stack:off, heap alloc:on, heap free:off
[    0.104898] Calgary: detecting Calgary via BIOS EBDA area
[    0.104899] Calgary: Unable to locate Rio Grande table in EBDA - bailing!
[    0.109164] Memory: 1967332K/2096696K available (14339K kernel code, 2399K rwdata, 4716K rodata, 2728K init, 17260K bss, 129364K reserved, 0K cma-reserved)
[    0.110062] SLUB: HWalign=64, Order=0-3, MinObjects=0, CPUs=1, Nodes=1
[    0.110078] ftrace: allocating 43203 entries in 169 pages
[    0.128177] rcu: Hierarchical RCU implementation.
[    0.128179] rcu: 	RCU restricting CPUs from NR_CPUS=8192 to nr_cpu_ids=1.
[    0.128180] 	Tasks RCU enabled.
[    0.128181] rcu: RCU calculated value of scheduler-enlistment delay is 25 jiffies.
[    0.128182] rcu: Adjusting geometry for rcu_fanout_leaf=16, nr_cpu_ids=1
[    0.131141] NR_IRQS: 524544, nr_irqs: 256, preallocated irqs: 16
[    0.131358] random: crng init done
[    0.140666] Console: colour VGA+ 80x25
[    0.140670] printk: console [tty0] enabled
[    0.140689] ACPI: Core revision 20190816
[    0.140784] APIC: Switch to symmetric I/O mode setup
[    0.141032] x2apic enabled
[    0.141268] Switched APIC routing to physical x2apic.
[    0.142384] ..TIMER: vector=0x30 apic1=0 pin1=2 apic2=-1 pin2=-1
[    0.142408] clocksource: tsc-early: mask: 0xffffffffffffffff max_cycles: 0x1e4530a99b6, max_idle_ns: 440795257976 ns
[    0.142413] Calibrating delay loop (skipped) preset value.. 4200.00 BogoMIPS (lpj=8400000)
[    0.142422] pid_max: default: 32768 minimum: 301
[    0.142451] LSM: Security Framework initializing
[    0.142460] Yama: becoming mindful.
[    0.142486] AppArmor: AppArmor initialized
[    0.142521] Mount-cache hash table entries: 4096 (order: 3, 32768 bytes, linear)
[    0.142526] Mountpoint-cache hash table entries: 4096 (order: 3, 32768 bytes, linear)
[    0.142536] *** VALIDATE tmpfs ***
[    0.142668] *** VALIDATE proc ***
[    0.142710] *** VALIDATE cgroup1 ***
[    0.142711] *** VALIDATE cgroup2 ***
[    0.142854] process: using mwait in idle threads
[    0.142858] Last level iTLB entries: 4KB 64, 2MB 8, 4MB 8
[    0.142859] Last level dTLB entries: 4KB 64, 2MB 0, 4MB 0, 1GB 4
[    0.142879] Spectre V1 : Mitigation: usercopy/swapgs barriers and __user pointer sanitization
[    0.142884] Spectre V2 : Mitigation: Retpolines
[    0.142885] Spectre V2 : Spectre v2 / SpectreRSB mitigation: Filling RSB on context switch
[    0.142885] Spectre V2 : Spectre v2 / SpectreRSB : Filling RSB on VMEXIT
[    0.142886] RETBleed: WARNING: Spectre v2 mitigation leaves CPU vulnerable to RETBleed attacks, data leaks possible!
[    0.143235] RETBleed: Vulnerable
[    0.143236] Speculative Store Bypass: Vulnerable
[    0.143240] TAA: Mitigation: TSX disabled
[    0.143241] MMIO Stale Data: Mitigation: Clear CPU buffers
[    0.147448] Freeing SMP alternatives memory: 40K
[    0.260000] smpboot: CPU0: Intel(R) Xeon(R) Silver 4216 CPU @ 2.10GHz (family: 0x6, model: 0x55, stepping: 0x7)
[    0.260131] Performance Events: unsupported p6 CPU model 85 no PMU driver, software events only.
[    0.260167] rcu: Hierarchical SRCU implementation.
[    0.260668] NMI watchdog: Perf NMI watchdog permanently disabled
[    0.260708] smp: Bringing up secondary CPUs ...
[    0.260709] smp: Brought up 1 node, 1 CPU
[    0.260710] smpboot: Max logical packages: 1
[    0.260711] smpboot: Total of 1 processors activated (4200.00 BogoMIPS)
[    0.261682] devtmpfs: initialized
[    0.261730] x86/mm: Memory block size: 128MB
[    0.262077] clocksource: jiffies: mask: 0xffffffff max_cycles: 0xffffffff, max_idle_ns: 7645041785100000 ns
[    0.262083] futex hash table entries: 256 (order: 2, 16384 bytes, linear)
[    0.262124] pinctrl core: initialized pinctrl subsystem
[    0.262225] PM: RTC time: 11:25:26, date: 2026-01-11
[    0.262333] NET: Registered protocol family 16
[    0.262409] audit: initializing netlink subsys (disabled)
[    0.262410] EISA bus registered
[    0.262410] cpuidle: using governor ladder
[    0.262410] cpuidle: using governor menu
[    0.262410] ACPI: bus type PCI registered
[    0.262410] acpiphp: ACPI Hot Plug PCI Controller Driver version: 0.5
[    0.262410] PCI: Using configuration type 1 for base access
[    0.262769] audit: type=2000 audit(1768101933.199:1): state=initialized audit_enabled=0 res=1
[    0.262852] HugeTLB registered 2.00 MiB page size, pre-allocated 0 pages
[    0.263697] ACPI: Added _OSI(Module Device)
[    0.263697] ACPI: Added _OSI(Processor Device)
[    0.263698] ACPI: Added _OSI(3.0 _SCP Extensions)
[    0.263699] ACPI: Added _OSI(Processor Aggregator Device)
[    0.263700] ACPI: Added _OSI(Linux-Dell-Video)
[    0.263700] ACPI: Added _OSI(Linux-Lenovo-NV-HDMI-Audio)
[    0.263701] ACPI: Added _OSI(Linux-HPI-Hybrid-Graphics)
[    0.265762] ACPI: 2 ACPI AML tables successfully acquired and loaded
[    0.267420] ACPI: Interpreter enabled
[    0.267429] ACPI: (supports S0 S5)
[    0.267430] ACPI: Using IOAPIC for interrupt routing
[    0.267635] PCI: Using host bridge windows from ACPI; if necessary, use "pci=nocrs" and report a bug
[    0.267739] ACPI: Enabled 2 GPEs in block 00 to 07
[    0.272551] ACPI: PCI Root Bridge [PCI0] (domain 0000 [bus 00-ff])
[    0.272556] acpi PNP0A03:00: _OSC: OS supports [ASPM ClockPM Segments MSI HPX-Type3]
[    0.272996] acpi PNP0A03:00: _OSC: not requesting OS control; OS requires [ExtendedConfig ASPM ClockPM MSI]
[    0.273004] acpi PNP0A03:00: fail to add MMCONFIG information, can't access extended PCI configuration space under this bridge.
[    0.273374] PCI host bridge to bus 0000:00
[    0.273377] pci_bus 0000:00: root bus resource [io  0x0000-0x0cf7 window]
[    0.273378] pci_bus 0000:00: root bus resource [io  0x0d00-0xffff window]
[    0.273379] pci_bus 0000:00: root bus resource [mem 0x000a0000-0x000bffff window]
[    0.273380] pci_bus 0000:00: root bus resource [mem 0x80000000-0xfdffffff window]
[    0.273381] pci_bus 0000:00: root bus resource [bus 00-ff]
[    0.273426] pci 0000:00:00.0: [8086:1237] type 00 class 0x060000
[    0.274362] pci 0000:00:01.0: [8086:7000] type 00 class 0x060100
[    0.275173] pci 0000:00:01.1: [8086:7111] type 00 class 0x01018a
[    0.275537] pci 0000:00:01.1: reg 0x20: [io  0xd000-0xd00f]
[    0.275687] pci 0000:00:01.1: legacy IDE quirk: reg 0x10: [io  0x01f0-0x01f7]
[    0.275688] pci 0000:00:01.1: legacy IDE quirk: reg 0x14: [io  0x03f6]
[    0.275689] pci 0000:00:01.1: legacy IDE quirk: reg 0x18: [io  0x0170-0x0177]
[    0.275690] pci 0000:00:01.1: legacy IDE quirk: reg 0x1c: [io  0x0376]
[    0.276229] pci 0000:00:02.0: [15ad:0405] type 00 class 0x030000
[    0.278491] pci 0000:00:02.0: reg 0x10: [io  0xd010-0xd01f]
[    0.282459] pci 0000:00:02.0: reg 0x14: [mem 0xe0000000-0xe7ffffff pref]
[    0.284982] pci 0000:00:02.0: reg 0x18: [mem 0xf0000000-0xf01fffff]
[    0.295211] pci 0000:00:03.0: [1022:2000] type 00 class 0x020000
[    0.295907] pci 0000:00:03.0: reg 0x10: [io  0xd020-0xd03f]
[    0.296531] pci 0000:00:03.0: reg 0x14: [mem 0xf0200000-0xf0200fff]
[    0.299862] pci 0000:00:04.0: [80ee:cafe] type 00 class 0x088000
[    0.300535] pci 0000:00:04.0: reg 0x10: [io  0xd040-0xd05f]
[    0.301142] pci 0000:00:04.0: reg 0x14: [mem 0xf0400000-0xf07fffff]
[    0.302530] pci 0000:00:04.0: reg 0x18: [mem 0xf0800000-0xf0803fff pref]
[    0.306049] pci 0000:00:07.0: [8086:7113] type 00 class 0x068000
[    0.306652] pci 0000:00:07.0: quirk: [io  0x4000-0x403f] claimed by PIIX4 ACPI
[    0.306663] pci 0000:00:07.0: quirk: [io  0x4100-0x410f] claimed by PIIX4 SMB
[    0.307283] pci 0000:00:08.0: [8086:100e] type 00 class 0x020000
[    0.307981] pci 0000:00:08.0: reg 0x10: [mem 0xf0820000-0xf083ffff]
[    0.309134] pci 0000:00:08.0: reg 0x18: [io  0xd060-0xd067]
[    0.312029] pci 0000:00:09.0: [8086:100e] type 00 class 0x020000
[    0.312732] pci 0000:00:09.0: reg 0x10: [mem 0xf0840000-0xf085ffff]
[    0.313941] pci 0000:00:09.0: reg 0x18: [io  0xd068-0xd06f]
[    0.323454] ACPI: PCI Interrupt Link [LNKA] (IRQs 5 9 10 *11)
[    0.323738] ACPI: PCI Interrupt Link [LNKB] (IRQs 5 9 *10 11)
[    0.323838] ACPI: PCI Interrupt Link [LNKC] (IRQs 5 *9 10 11)
[    0.323944] ACPI: PCI Interrupt Link [LNKD] (IRQs 5 9 10 *11)
[    0.324215] iommu: Default domain type: Translated 
[    0.324269] pci 0000:00:02.0: vgaarb: setting as boot VGA device
[    0.324271] pci 0000:00:02.0: vgaarb: VGA device added: decodes=io+mem,owns=io+mem,locks=none
[    0.324273] pci 0000:00:02.0: vgaarb: bridge control possible
[    0.324273] vgaarb: loaded
[    0.324485] SCSI subsystem initialized
[    0.324516] libata version 3.00 loaded.
[    0.324541] ACPI: bus type USB registered
[    0.324555] usbcore: registered new interface driver usbfs
[    0.324562] usbcore: registered new interface driver hub
[    0.324568] usbcore: registered new device driver usb
[    0.326440] pps_core: LinuxPPS API ver. 1 registered
[    0.326441] pps_core: Software ver. 5.3.6 - Copyright 2005-2007 Rodolfo Giometti <giometti@linux.it>
[    0.326444] PTP clock support registered
[    0.326483] EDAC MC: Ver: 3.0.0
[    0.326770] PCI: Using ACPI for IRQ routing
[    0.326771] PCI: pci_cache_line_size set to 64 bytes
[    0.326940] e820: reserve RAM buffer [mem 0x0009fc00-0x0009ffff]
[    0.326943] e820: reserve RAM buffer [mem 0x7fff0000-0x7fffffff]
[    0.327748] NetLabel: Initializing
[    0.327749] NetLabel:  domain hash size = 128
[    0.327749] NetLabel:  protocols = UNLABELED CIPSOv4 CALIPSO
[    0.327769] NetLabel:  unlabeled traffic allowed by default
[    0.328675] clocksource: Switched to clocksource kvm-clock
[    0.340970] *** VALIDATE bpf ***
[    0.341032] VFS: Disk quotas dquot_6.6.0
[    0.341044] VFS: Dquot-cache hash table entries: 512 (order 0, 4096 bytes)
[    0.341066] *** VALIDATE ramfs ***
[    0.341069] *** VALIDATE hugetlbfs ***
[    0.341150] AppArmor: AppArmor Filesystem Enabled
[    0.341179] pnp: PnP ACPI init
[    0.341251] pnp 00:00: Plug and Play ACPI device, IDs PNP0303 (active)
[    0.341315] pnp 00:01: Plug and Play ACPI device, IDs PNP0f03 (active)
[    0.342052] pnp: PnP ACPI: found 2 devices
[    0.343024] thermal_sys: Registered thermal governor 'fair_share'
[    0.343024] thermal_sys: Registered thermal governor 'bang_bang'
[    0.343025] thermal_sys: Registered thermal governor 'step_wise'
[    0.343026] thermal_sys: Registered thermal governor 'user_space'
[    0.343026] thermal_sys: Registered thermal governor 'power_allocator'
[    0.347571] clocksource: acpi_pm: mask: 0xffffff max_cycles: 0xffffff, max_idle_ns: 2085701024 ns
[    0.347610] pci_bus 0000:00: resource 4 [io  0x0000-0x0cf7 window]
[    0.347612] pci_bus 0000:00: resource 5 [io  0x0d00-0xffff window]
[    0.347613] pci_bus 0000:00: resource 6 [mem 0x000a0000-0x000bffff window]
[    0.347614] pci_bus 0000:00: resource 7 [mem 0x80000000-0xfdffffff window]
[    0.347673] NET: Registered protocol family 2
[    0.347746] IP idents hash table entries: 32768 (order: 6, 262144 bytes, linear)
[    0.348142] MPTCP tokens hash table entries: 8192 (order: 4, 65536 bytes, linear)
[    0.348165] MPTCP request tokens hash table entries: 8192 (order: 4, 65536 bytes, linear)
[    0.348190] default registered
[    0.348190] default registered
[    0.348190] MPTCP: Stable release v0.96
[    0.348196] tcp_listen_portaddr_hash hash table entries: 1024 (order: 2, 16384 bytes, linear)
[    0.348274] TCP established hash table entries: 16384 (order: 5, 131072 bytes, linear)
[    0.348338] TCP bind hash table entries: 16384 (order: 6, 262144 bytes, linear)
[    0.348364] TCP: Hash tables configured (established 16384 bind 16384)
[    0.349065] UDP hash table entries: 1024 (order: 3, 32768 bytes, linear)
[    0.349076] UDP-Lite hash table entries: 1024 (order: 3, 32768 bytes, linear)
[    0.349114] NET: Registered protocol family 1
[    0.349123] NET: Registered protocol family 44
[    0.349145] pci 0000:00:00.0: Limiting direct PCI/PCI transfers
[    0.349157] pci 0000:00:01.0: Activating ISA DMA hang workarounds
[    0.349209] pci 0000:00:02.0: Video device with shadowed ROM at [mem 0x000c0000-0x000dffff]
[    0.349272] PCI: CLS 0 bytes, default 64
[    0.349318] Trying to unpack rootfs image as initramfs...
[    0.523083] Freeing initrd memory: 47868K
[    0.523083] clocksource: tsc: mask: 0xffffffffffffffff max_cycles: 0x1e4530a99b6, max_idle_ns: 440795257976 ns
[    0.523083] clocksource: Switched to clocksource tsc
[    0.523083] platform rtc_cmos: registered platform RTC device (no PNP device found)
[    0.523083] check: Scanning for low memory corruption every 60 seconds
[    0.523083] Initialise system trusted keyrings
[    0.523083] Key type blacklist registered
[    0.523083] workingset: timestamp_bits=36 max_order=19 bucket_order=0
[    0.523083] zbud: loaded
[    0.523083] squashfs: version 4.0 (2009/01/31) Phillip Lougher
[    0.523083] fuse: init (API version 7.31)
[    0.523083] *** VALIDATE fuse ***
[    0.523083] *** VALIDATE fuse ***
[    0.523083] Platform Keyring initialized
[    0.523083] Key type asymmetric registered
[    0.523083] Asymmetric key parser 'x509' registered
[    0.523083] Block layer SCSI generic (bsg) driver version 0.4 loaded (major 244)
[    0.523083] io scheduler mq-deadline registered
[    0.523083] shpchp: Standard Hot Plug PCI Controller Driver version: 0.4
[    0.532677] ACPI: AC Adapter [AC] (on-line)
[    0.532727] input: Power Button as /devices/LNXSYSTM:00/LNXPWRBN:00/input/input0
[    0.532753] ACPI: Power Button [PWRF]
[    0.532840] input: Sleep Button as /devices/LNXSYSTM:00/LNXSLPBN:00/input/input1
[    0.532854] ACPI: Sleep Button [SLPF]
[    0.533085] Serial: 8250/16550 driver, 32 ports, IRQ sharing enabled
[    0.534244] Linux agpgart interface v0.103
[    0.623096] loop: module loaded
[    0.623242] ata_piix 0000:00:01.1: version 2.13
[    0.623646] scsi host0: ata_piix
[    0.623731] scsi host1: ata_piix
[    0.623757] ata1: PATA max UDMA/33 cmd 0x1f0 ctl 0x3f6 bmdma 0xd000 irq 14
[    0.623758] ata2: PATA max UDMA/33 cmd 0x170 ctl 0x376 bmdma 0xd008 irq 15
[    0.623836] tun: Universal TUN/TAP device driver, 1.6
[    0.624142] PPP generic driver version 2.4.2
[    0.624186] VFIO - User Level meta-driver version: 0.3
[    0.624419] ehci_hcd: USB 2.0 'Enhanced' Host Controller (EHCI) Driver
[    0.624422] ehci-pci: EHCI PCI platform driver
[    0.624436] ehci-platform: EHCI generic platform driver
[    0.624442] ohci_hcd: USB 1.1 'Open' Host Controller (OHCI) Driver
[    0.624443] ohci-pci: OHCI PCI platform driver
[    0.624449] ohci-platform: OHCI generic platform driver
[    0.624453] uhci_hcd: USB Universal Host Controller Interface driver
[    0.624515] i8042: PNP: PS/2 Controller [PNP0303:PS2K,PNP0f03:PS2M] at 0x60,0x64 irq 1,12
[    0.624961] serio: i8042 KBD port at 0x60,0x64 irq 1
[    0.624965] serio: i8042 AUX port at 0x60,0x64 irq 12
[    0.625051] mousedev: PS/2 mouse device common for all mice
[    0.625302] input: AT Translated Set 2 keyboard as /devices/platform/i8042/serio0/input/input2
[    0.625699] rtc_cmos rtc_cmos: registered as rtc0
[    0.625711] rtc_cmos rtc_cmos: alarms up to one day, 114 bytes nvram
[    0.625716] i2c /dev entries driver
[    0.625758] device-mapper: uevent: version 1.0.3
[    0.625799] device-mapper: ioctl: 4.41.0-ioctl (2019-09-16) initialised: dm-devel@redhat.com
[    0.625819] platform eisa.0: Probing EISA bus 0
[    0.625821] platform eisa.0: EISA: Cannot allocate resource for mainboard
[    0.625822] platform eisa.0: Cannot allocate resource for EISA slot 1
[    0.625823] platform eisa.0: Cannot allocate resource for EISA slot 2
[    0.625824] platform eisa.0: Cannot allocate resource for EISA slot 3
[    0.625825] platform eisa.0: Cannot allocate resource for EISA slot 4
[    0.625826] platform eisa.0: Cannot allocate resource for EISA slot 5
[    0.625827] platform eisa.0: Cannot allocate resource for EISA slot 6
[    0.625828] platform eisa.0: Cannot allocate resource for EISA slot 7
[    0.625828] platform eisa.0: Cannot allocate resource for EISA slot 8
[    0.625829] platform eisa.0: EISA: Detected 0 cards
[    0.625832] intel_pstate: CPU model not supported
[    0.625842] ledtrig-cpu: registered to indicate activity on CPUs
[    0.625894] drop_monitor: Initializing network drop monitor service
[    0.626051] NET: Registered protocol family 10
[    0.631183] Segment Routing with IPv6
[    0.631212] fullmesh registered
[    0.631213] ndiffports registered
[    0.631215] binder registered
[    0.631216] roundrobin registered
[    0.631217] mps registered
[    0.631217] redundant registered
[    0.631218] blest registered
[    0.631218] ecf registered
[    0.631220] NET: Registered protocol family 17
[    0.631242] Key type dns_resolver registered
[    0.631242] RAS: Correctable Errors collector initialized.
[    0.631242] IPI shorthand broadcast: enabled
[    0.631242] sched_clock: Marking stable (616181236, 11061706)->(628765549, -1522607)
[    0.631423] registered taskstats version 1
[    0.631433] Loading compiled-in X.509 certificates
[    0.632018] Loaded X.509 cert 'Build time autogenerated kernel key: 6909f3744cebb3d0de528d5887b96a727de79b1e'
[    0.632034] zswap: loaded using pool lzo/zbud
[    0.632085] Key type ._fscrypt registered
[    0.632086] Key type .fscrypt registered
[    0.636545] Key type big_key registered
[    0.638734] Key type encrypted registered
[    0.638737] AppArmor: AppArmor sha1 policy hashing enabled
[    0.638744] ima: No TPM chip found, activating TPM-bypass!
[    0.638748] ima: Allocated hash algorithm: sha1
[    0.638754] ima: No architecture policies found
[    0.638763] evm: Initialising EVM extended attributes:
[    0.638764] evm: security.selinux
[    0.638764] evm: security.SMACK64
[    0.638765] evm: security.SMACK64EXEC
[    0.638765] evm: security.SMACK64TRANSMUTE
[    0.638766] evm: security.SMACK64MMAP
[    0.638766] evm: security.apparmor
[    0.638767] evm: security.ima
[    0.638767] evm: security.capability
[    0.638768] evm: HMAC attrs: 0x1
[    0.639055] PM:   Magic number: 10:335:428
[    0.639166] rtc_cmos rtc_cmos: setting system clock to 2026-01-11T11:25:27 UTC (1768130727)
[    0.796130] ata1.00: ATA-6: VBOX HARDDISK, 1.0, max UDMA/133
[    0.796134] ata1.00: 209715200 sectors, multi 128: LBA 
[    0.796771] scsi 0:0:0:0: Direct-Access     ATA      VBOX HARDDISK    1.0  PQ: 0 ANSI: 5
[    0.797064] sd 0:0:0:0: [sda] 209715200 512-byte logical blocks: (107 GB/100 GiB)
[    0.797076] sd 0:0:0:0: [sda] Write Protect is off
[    0.797079] sd 0:0:0:0: [sda] Mode Sense: 00 3a 00 00
[    0.797097] sd 0:0:0:0: [sda] Write cache: enabled, read cache: enabled, doesn't support DPO or FUA
[    0.797395] sd 0:0:0:0: Attached scsi generic sg0 type 0
[    0.798169]  sda: sda1 sda2
[    0.807246] sd 0:0:0:0: [sda] Attached SCSI disk
[    0.810377] Freeing unused decrypted memory: 2040K
[    0.811313] Freeing unused kernel image memory: 2728K
[    0.811315] Write protecting the kernel read-only data: 22528k
[    0.812290] Freeing unused kernel image memory: 2036K
[    0.812831] Freeing unused kernel image memory: 1428K
[    0.837918] x86/mm: Checked W+X mappings: passed, no W+X pages found.
[    0.837925] Run /init as init process
[    0.942799] ACPI: Video Device [GFX0] (multi-head: yes  rom: no  post: no)
[    0.942871] input: Video Bus as /devices/LNXSYSTM:00/LNXSYBUS:00/PNP0A03:00/LNXVIDEO:00/input/input4
[    0.958396] pcnet32: pcnet32.c:v1.35 21.Apr.2008 tsbogend@alpha.franken.de
[    0.960253] piix4_smbus 0000:00:07.0: SMBus Host Controller at 0x4100, revision 0
[    0.961230] pcnet32: PCnet/FAST III 79C973 at 0xd020, 08:00:27:2e:b3:5e assigned IRQ 19
[    0.961273] pcnet32: Found PHY 0022:561b at address 0
[    0.961574] pcnet32: eth0: registered as PCnet/FAST III 79C973
[    0.965717] e1000: Intel(R) PRO/1000 Network Driver - version 7.3.21-k8-NAPI
[    0.965718] e1000: Copyright (c) 1999-2006 Intel Corporation.
[    0.975133] pcnet32: 1 cards_found
[    1.032709] pcnet32 0000:00:03.0 enp0s3: renamed from eth0
[    1.178706] input: ImExPS/2 Generic Explorer Mouse as /devices/platform/i8042/serio1/input/input5
[    1.371450] e1000 0000:00:08.0 eth0: (PCI:33MHz:32-bit) 08:00:27:a4:e0:fa
[    1.371456] e1000 0000:00:08.0 eth0: Intel(R) PRO/1000 Network Connection
[    1.743536] e1000 0000:00:09.0 eth1: (PCI:33MHz:32-bit) 08:00:27:39:2b:9e
[    1.743539] e1000 0000:00:09.0 eth1: Intel(R) PRO/1000 Network Connection
[    1.744932] e1000 0000:00:09.0 enp0s9: renamed from eth1
[    1.746898] e1000 0000:00:08.0 enp0s8: renamed from eth0
[    1.912159] EXT4-fs (sda2): mounted filesystem with ordered data mode. Opts: (null)
[    2.012478] systemd[1]: Inserted module 'autofs4'
[    2.025594] systemd[1]: systemd 245.4-4ubuntu3 running in system mode. (+PAM +AUDIT +SELINUX +IMA +APPARMOR +SMACK +SYSVINIT +UTMP +LIBCRYPTSETUP +GCRYPT +GNUTLS +ACL +XZ +LZ4 +SECCOMP +BLKID +ELFUTILS +KMOD +IDN2 -IDN +PCRE2 default-hierarchy=hybrid)
[    2.025627] systemd[1]: Detected virtualization oracle.
[    2.025631] systemd[1]: Detected architecture x86-64.
[    2.026991] systemd[1]: Set hostname to <ztg>.
[    2.163840] systemd[1]: /lib/systemd/system/dbus.socket:5: ListenStream= references a path below legacy directory /var/run/, updating /var/run/dbus/system_bus_socket â†’ /run/dbus/system_bus_socket; please update the unit file accordingly.
[    2.221477] systemd[1]: Created slice system-modprobe.slice.
[    2.221679] systemd[1]: Created slice User and Session Slice.
[    2.221724] systemd[1]: Started Forward Password Requests to Wall Directory Watch.
[    2.221918] systemd[1]: Set up automount Arbitrary Executable File Formats File System Automount Point.
[    2.221956] systemd[1]: Reached target User and Group Name Lookups.
[    2.221965] systemd[1]: Reached target Remote File Systems.
[    2.221974] systemd[1]: Reached target Slices.
[    2.222837] systemd[1]: Listening on Syslog Socket.
[    2.222911] systemd[1]: Listening on fsck to fsckd communication Socket.
[    2.222956] systemd[1]: Listening on initctl Compatibility Named Pipe.
[    2.223119] systemd[1]: Listening on Journal Audit Socket.
[    2.223213] systemd[1]: Listening on Journal Socket (/dev/log).
[    2.223287] systemd[1]: Listening on Journal Socket.
[    2.223354] systemd[1]: Listening on udev Control Socket.
[    2.223396] systemd[1]: Listening on udev Kernel Socket.
[    2.224279] systemd[1]: Mounting Huge Pages File System...
[    2.225312] systemd[1]: Mounting POSIX Message Queue File System...
[    2.226241] systemd[1]: Mounting Kernel Debug File System...
[    2.227119] systemd[1]: Mounting Kernel Trace File System...
[    2.229800] systemd[1]: Starting Journal Service...
[    2.256921] systemd[1]: Starting Set the console keyboard layout...
[    2.265115] systemd[1]: Starting Create list of static device nodes for the current kernel...
[    2.267201] systemd[1]: Starting Load Kernel Module drm...
[    2.268271] systemd[1]: Condition check resulted in Set Up Additional Binary Formats being skipped.
[    2.268327] systemd[1]: Condition check resulted in File System Check on Root Device being skipped.
[    2.281245] systemd[1]: Starting Load Kernel Modules...
[    2.287304] systemd[1]: Starting Remount Root and Kernel File Systems...
[    2.297517] systemd[1]: Starting udev Coldplug all Devices...
[    2.311486] systemd[1]: Starting Uncomplicated firewall...
[    2.312958] systemd[1]: Mounted Huge Pages File System.
[    2.313061] systemd[1]: Mounted POSIX Message Queue File System.
[    2.313142] systemd[1]: Mounted Kernel Debug File System.
[    2.313225] systemd[1]: Mounted Kernel Trace File System.
[    2.319650] EXT4-fs (sda2): re-mounted. Opts: errors=remount-ro
[    2.328739] systemd[1]: Finished Create list of static device nodes for the current kernel.
[    2.330082] systemd[1]: modprobe@drm.service: Succeeded.
[    2.331266] systemd[1]: Finished Load Kernel Module drm.
[    2.335411] systemd[1]: Finished Remount Root and Kernel File Systems.
[    2.351169] systemd[1]: Finished Uncomplicated firewall.
[    2.354424] lp: driver loaded but no devices found
[    2.356193] systemd[1]: Condition check resulted in Rebuild Hardware Database being skipped.
[    2.356254] systemd[1]: Condition check resulted in Platform Persistent Storage Archival being skipped.
[    2.392274] systemd[1]: Starting Load/Save Random Seed...
[    2.393171] systemd[1]: Starting Create System Users...
[    2.399211] ppdev: user-space parallel port driver
[    2.409121] systemd[1]: Finished Load/Save Random Seed.
[    2.412708] systemd[1]: Finished Create System Users.
[    2.413556] systemd[1]: Starting Create Static Device Nodes in /dev...
[    2.453101] systemd[1]: Finished Create Static Device Nodes in /dev.
[    2.454130] systemd[1]: Starting udev Kernel Device Manager...
[    2.470589] systemd[1]: Finished udev Coldplug all Devices.
[    2.487907] [drm] DMA map mode: Caching DMA mappings.
[    2.487972] [drm] Capabilities:
[    2.487972] [drm]   Rect copy.
[    2.487972] [drm]   Cursor.
[    2.487973] [drm]   Cursor bypass.
[    2.487973] [drm]   Cursor bypass 2.
[    2.487974] [drm]   Alpha cursor.
[    2.487974] [drm]   Extended Fifo.
[    2.487975] [drm]   Pitchlock.
[    2.487975] [drm]   Irq mask.
[    2.487976] [drm]   GMR.
[    2.487976] [drm]   Traces.
[    2.487976] [drm]   GMR2.
[    2.487977] [drm]   Screen Object 2.
[    2.487977] [drm]   Command Buffers.
[    2.487977] [drm]   Command Buffers 2.
[    2.487978] [drm]   Guest Backed Resources.
[    2.487979] [drm] Max GMR ids is 8192
[    2.487979] [drm] Max number of GMR pages is 1048576
[    2.487980] [drm] Max dedicated hypervisor surface memory is 393216 kiB
[    2.487981] [drm] Maximum display memory size is 131072 kiB
[    2.487981] [drm] VRAM at 0xe0000000 size is 131072 kiB
[    2.487982] [drm] MMIO at 0xf0000000 size is 2048 kiB
[    2.507934] [TTM] Zone  kernel: Available graphics memory: 1011736 KiB
[    2.507936] [TTM] Initializing pool allocator
[    2.507940] [TTM] Initializing DMA pool allocator
[    2.507980] [drm] Supports vblank timestamp caching Rev 2 (21.10.2013).
[    2.507981] [drm] No driver support for vblank timestamp query.
[    2.508242] [drm] Screen Target Display device initialized
[    2.508655] [drm] width 720
[    2.508664] [drm] height 400
[    2.508667] [drm] bpp 32
[    2.509286] [drm] Fifo max 0x00200000 min 0x00001000 cap 0x00000355
[    2.510998] [drm] Using command buffers with DMA pool.
[    2.511008] [drm] DX: no.
[    2.511009] [drm] Atomic: yes.
[    2.511009] [drm] SM4_1: no.
[    2.511039] [drm:vmw_host_log [vmwgfx]] *ERROR* Failed to send host log message.
[    2.512275] [drm:vmw_host_log [vmwgfx]] *ERROR* Failed to send host log message.
[    2.527372] fbcon: svgadrmfb (fb0) is primary device
[    2.532114] Console: switching to colour frame buffer device 100x37
[    2.537350] [drm] Initialized vmwgfx 2.15.0 20180704 for 0000:00:02.0 on minor 0
[    2.538523] systemd[1]: Finished Load Kernel Modules.
[    2.539707] systemd[1]: Mounting FUSE Control File System...
[    2.541018] systemd[1]: Mounting Kernel Configuration File System...
[    2.565317] systemd[1]: Starting Apply Kernel Variables...
[    2.572841] systemd[1]: Mounted FUSE Control File System.
[    2.572929] systemd[1]: Condition check resulted in VMware vmblock fuse mount being skipped.
[    2.580523] systemd[1]: Finished Set the console keyboard layout.
[    2.580678] systemd[1]: Mounted Kernel Configuration File System.
[    2.580746] systemd[1]: Reached target Local File Systems (Pre).
[    2.588351] systemd[1]: Mounting Mount unit for bare, revision 5...
[    2.590528] systemd[1]: Mounting Mount unit for core18, revision 1705...
[    2.617841] systemd[1]: Mounting Mount unit for core22, revision 2193...
[    2.624264] systemd[1]: Mounting Mount unit for gnome-3-34-1804, revision 24...
[    2.632473] systemd[1]: Mounting Mount unit for gnome-42-2204, revision 226...
[    2.641573] systemd[1]: Mounting Mount unit for gtk-common-themes, revision 1506...
[    2.665919] systemd[1]: Mounting Mount unit for gtk-common-themes, revision 1535...
[    2.674896] systemd[1]: Mounting Mount unit for snap-store, revision 1216...
[    2.686096] systemd[1]: Mounting Mount unit for snap-store, revision 433...
[    2.698869] systemd[1]: Mounting Mount unit for snapd, revision 25577...
[    2.701819] systemd[1]: Started udev Kernel Device Manager.
[    2.716726] systemd[1]: Finished Apply Kernel Variables.
[    2.716913] systemd[1]: Mounted Mount unit for bare, revision 5.
[    2.717011] systemd[1]: Mounted Mount unit for core18, revision 1705.
[    2.717104] systemd[1]: Mounted Mount unit for core22, revision 2193.
[    2.717197] systemd[1]: Mounted Mount unit for gnome-3-34-1804, revision 24.
[    2.721827] systemd[1]: Starting Show Plymouth Boot Screen...
[    2.726765] systemd[1]: Received SIGRTMIN+20 from PID 285 (plymouthd).
[    2.767998] systemd[1]: Started Show Plymouth Boot Screen.
[    2.782600] systemd[1]: Condition check resulted in Dispatch Password Requests to Console Directory Watch being skipped.
[    2.782741] systemd[1]: Started Forward Password Requests to Plymouth Directory Watch.
[    2.784529] systemd[1]: Reached target Local Encrypted Volumes.
[    2.820960] systemd[1]: Mounted Mount unit for gnome-42-2204, revision 226.
[    2.854149] systemd[1]: Mounted Mount unit for gtk-common-themes, revision 1535.
[    2.854493] systemd[1]: Mounted Mount unit for snapd, revision 25577.
[    2.888849] systemd[1]: Mounted Mount unit for gtk-common-themes, revision 1506.
[    2.919033] systemd[1]: Mounted Mount unit for snap-store, revision 1216.
[    2.953181] systemd[1]: Mounted Mount unit for snap-store, revision 433.
[    2.953457] systemd[1]: Reached target Local File Systems.
[    2.956364] systemd[1]: Starting Load AppArmor profiles...
[    2.964020] systemd[1]: Starting Set console font and keymap...
[    2.976197] systemd[1]: Starting Tell Plymouth To Write Out Runtime Data...
[    2.976429] systemd[1]: Condition check resulted in Store a System Token in an EFI Variable being skipped.
[    2.976465] systemd[1]: Condition check resulted in Commit a transient machine-id on disk being skipped.
[    2.978231] systemd[1]: Finished Set console font and keymap.
[    2.981971] systemd[1]: Received SIGRTMIN+20 from PID 285 (plymouthd).
[    2.983955] systemd[1]: plymouth-read-write.service: Succeeded.
[    2.984284] systemd[1]: Finished Tell Plymouth To Write Out Runtime Data.
[    3.011043] audit: type=1400 audit(1768130729.864:2): apparmor="STATUS" operation="profile_load" profile="unconfined" name="nvidia_modprobe" pid=307 comm="apparmor_parser"
[    3.011045] audit: type=1400 audit(1768130729.864:3): apparmor="STATUS" operation="profile_load" profile="unconfined" name="nvidia_modprobe//kmod" pid=307 comm="apparmor_parser"
[    3.022013] audit: type=1400 audit(1768130729.876:4): apparmor="STATUS" operation="profile_load" profile="unconfined" name="/usr/sbin/tcpdump" pid=308 comm="apparmor_parser"
[    3.071043] audit: type=1400 audit(1768130729.920:5): apparmor="STATUS" operation="profile_load" profile="unconfined" name="/usr/bin/evince" pid=310 comm="apparmor_parser"
[    3.071045] audit: type=1400 audit(1768130729.920:6): apparmor="STATUS" operation="profile_load" profile="unconfined" name="/usr/bin/evince//sanitized_helper" pid=310 comm="apparmor_parser"
[    3.071046] audit: type=1400 audit(1768130729.920:7): apparmor="STATUS" operation="profile_load" profile="unconfined" name="/usr/bin/evince-previewer" pid=310 comm="apparmor_parser"
[    3.071048] audit: type=1400 audit(1768130729.920:8): apparmor="STATUS" operation="profile_load" profile="unconfined" name="/usr/bin/evince-previewer//sanitized_helper" pid=310 comm="apparmor_parser"
[    3.071049] audit: type=1400 audit(1768130729.920:9): apparmor="STATUS" operation="profile_load" profile="unconfined" name="/usr/bin/evince-thumbnailer" pid=310 comm="apparmor_parser"
[    3.101646] audit: type=1400 audit(1768130729.960:10): apparmor="STATUS" operation="profile_load" profile="unconfined" name="/usr/lib/cups/backend/cups-pdf" pid=311 comm="apparmor_parser"
[    3.156915] systemd[1]: Finished Load AppArmor profiles.
[    3.158034] systemd[1]: Starting Load AppArmor profiles managed internally by snapd...
[    3.290755] systemd[1]: Started Journal Service.
[    3.303445] systemd-journald[229]: Received client request to flush runtime journal.
[    3.308169] systemd-journald[229]: File /var/log/journal/c455b248004a419c87ce85eea238d727/system.journal corrupted or uncleanly shut down, renaming and replacing.
[    4.716476] RAPL PMU: API unit is 2^-32 Joules, 0 fixed counters, 10737418240 ms ovfl timer
[    4.800923] cryptd: max_cpu_qlen set to 1000
[    4.848997] AVX2 version of gcm_enc/dec engaged.
[    4.848998] AES CTR mode by8 optimization enabled
[    6.786928] Adding 1998844k swap on /dev/sda1.  Priority:-2 extents:1 across:1998844k FS
[    7.439167] AAAAA: Error looking up destination IP: 369098976 - net/ipv4/ip_output.c: 285: dac_mps_nexthops
[    7.451201] AAAAA: Error looking up destination IP: 369098976 - net/ipv4/ip_output.c: 285: dac_mps_nexthops
[    7.646264] AAAAA: Error looking up destination IP: 4211081440 - net/ipv4/ip_output.c: 285: dac_mps_nexthops
[    7.905521] AAAAA: Error looking up destination IP: 4211081440 - net/ipv4/ip_output.c: 285: dac_mps_nexthops
[    8.158864] AAAAA: Error looking up destination IP: 4211081440 - net/ipv4/ip_output.c: 285: dac_mps_nexthops
[    8.369743] AAAAA: Error looking up destination IP: 4211081440 - net/ipv4/ip_output.c: 285: dac_mps_nexthops
[    8.622923] kauditd_printk_skb: 31 callbacks suppressed
[    8.622936] audit: type=1400 audit(1768130735.476:42): apparmor="DENIED" operation="capable" profile="/usr/sbin/cups-browsed" pid=576 comm="cups-browsed" capability=23  capname="sys_nice"
[    8.722589] AAAAA: Error looking up destination IP: 4211081440 - net/ipv4/ip_output.c: 285: dac_mps_nexthops
[    9.302955] pcnet32 0000:00:03.0 enp0s3: link up, 100Mbps, full-duplex
[    9.349635] e1000: enp0s8 NIC Link is Up 1000 Mbps Full Duplex, Flow Control: RX
[    9.349908] IPv6: ADDRCONF(NETDEV_CHANGE): enp0s8: link becomes ready
[    9.369737] e1000: enp0s9 NIC Link is Up 1000 Mbps Full Duplex, Flow Control: RX
[    9.370033] IPv6: ADDRCONF(NETDEV_CHANGE): enp0s9: link becomes ready
[   10.013058] device enp0s3 entered promiscuous mode
[   10.066903] audit: type=1400 audit(1768130736.924:43): apparmor="DENIED" operation="open" profile="/usr/sbin/tcpdump" name="/proc/sys/kernel/random/boot_id" pid=737 comm="tcpdump" requested_mask="r" denied_mask="r" fsuid=0 ouid=0
[   10.069785] audit: type=1400 audit(1768130736.924:44): apparmor="DENIED" operation="open" profile="/usr/sbin/tcpdump" name="/proc/sys/kernel/random/boot_id" pid=737 comm="tcpdump" requested_mask="r" denied_mask="r" fsuid=0 ouid=0
[   10.069948] audit: type=1400 audit(1768130736.924:45): apparmor="DENIED" operation="open" profile="/usr/sbin/tcpdump" name="/proc/sys/kernel/random/boot_id" pid=737 comm="tcpdump" requested_mask="r" denied_mask="r" fsuid=0 ouid=0
[   10.070375] audit: type=1400 audit(1768130736.924:46): apparmor="DENIED" operation="open" profile="/usr/sbin/tcpdump" name="/proc/sys/kernel/random/boot_id" pid=737 comm="tcpdump" requested_mask="r" denied_mask="r" fsuid=0 ouid=0
[   10.071941] audit: type=1400 audit(1768130736.924:47): apparmor="DENIED" operation="open" profile="/usr/sbin/tcpdump" name="/proc/sys/kernel/random/boot_id" pid=738 comm="tcpdump" requested_mask="r" denied_mask="r" fsuid=0 ouid=0
[   10.073389] audit: type=1400 audit(1768130736.924:48): apparmor="DENIED" operation="open" profile="/usr/sbin/tcpdump" name="/proc/sys/kernel/random/boot_id" pid=738 comm="tcpdump" requested_mask="r" denied_mask="r" fsuid=0 ouid=0
[   10.073627] audit: type=1400 audit(1768130736.924:49): apparmor="DENIED" operation="open" profile="/usr/sbin/tcpdump" name="/proc/sys/kernel/random/boot_id" pid=738 comm="tcpdump" requested_mask="r" denied_mask="r" fsuid=0 ouid=0
[   10.074077] audit: type=1400 audit(1768130736.924:50): apparmor="DENIED" operation="open" profile="/usr/sbin/tcpdump" name="/proc/sys/kernel/random/boot_id" pid=738 comm="tcpdump" requested_mask="r" denied_mask="r" fsuid=0 ouid=0
[   16.012308] rfkill: input handler disabled
[  223.195269] AAAAA-TCP_FORW: name:enp0s3: saddr:16783984: daddr:100932208
[  224.084558] AAAAA-TCP_FORW: name:enp0s3: saddr:16783984: daddr:100932208
[  224.282251] AAAAA-TCP_FORW: name:enp0s3: saddr:16783984: daddr:100932208
[  225.112600] AAAAA-TCP_FORW: name:enp0s3: saddr:16783984: daddr:100932208
[  225.334927] AAAAA-TCP_FORW: name:enp0s3: saddr:16783984: daddr:100932208
[  225.369271] AAAAA-TCP_FORW: name:enp0s3: saddr:16783984: daddr:100932208
[  225.462745] AAAAA-TCP_FORW: name:enp0s3: saddr:16783984: daddr:100932208
[  225.593586] AAAAA-TCP_FORW: name:enp0s3: saddr:16783984: daddr:100932208
[  225.727920] AAAAA-TCP_FORW: name:enp0s3: saddr:16783984: daddr:100932208
[  225.859686] AAAAA-TCP_FORW: name:enp0s3: saddr:16783984: daddr:100932208
[  225.965794] AAAAA-TCP_FORW: name:enp0s3: saddr:33561200: daddr:100932208
[  226.052230] AAAAA-TCP_FORW: name:enp0s3: saddr:16783984: daddr:100932208
[  226.277199] AAAAA-TCP_FORW: name:enp0s3: saddr:33561200: daddr:100932208
[  226.662473] AAAAA-TCP_FORW: name:enp0s3: saddr:16783984: daddr:100932208
[  226.832482] AAAAA-TCP_FORW: name:enp0s3: saddr:16783984: daddr:100932208
[  226.947872] AAAAA-TCP_FORW: name:enp0s3: saddr:16783984: daddr:100932208
[  227.050386] AAAAA-TCP_FORW: name:enp0s3: saddr:16783984: daddr:100932208
[  227.088877] AAAAA-TCP_FORW: name:enp0s3: saddr:16783984: daddr:100932208
[  227.140593] AAAAA-TCP_FORW: name:enp0s3: saddr:16783984: daddr:100932208
[  227.224724] AAAAA-TCP_FORW: name:enp0s3: saddr:16783984: daddr:100932208
[  227.267527] AAAAA-TCP_FORW: name:enp0s3: saddr:16783984: daddr:100932208
[  227.331004] AAAAA-TCP_FORW: name:enp0s3: saddr:16783984: daddr:100932208
[  227.375267] AAAAA-TCP_FORW: name:enp0s3: saddr:16783984: daddr:100932208
[  227.537620] AAAAA-TCP_FORW: name:enp0s3: saddr:33561200: daddr:100932208
[  227.623499] AAAAA-TCP_FORW: name:enp0s3: saddr:33561200: daddr:100932208
[  227.690799] AAAAA-TCP_FORW: name:enp0s3: saddr:33561200: daddr:100932208
[  227.927955] AAAAA-TCP_FORW: name:enp0s3: saddr:33561200: daddr:100932208
[  227.990571] AAAAA-TCP_FORW: name:enp0s3: saddr:33561200: daddr:100932208
[  228.049317] AAAAA-TCP_FORW: name:enp0s3: saddr:33561200: daddr:100932208
[  228.420542] AAAAA-TCP_FORW: name:enp0s3: saddr:33561200: daddr:100932208
[  228.499428] AAAAA-TCP_FORW: name:enp0s3: saddr:33561200: daddr:100932208
[  228.627107] AAAAA-TCP_FORW: name:enp0s3: saddr:33561200: daddr:100932208
[  228.989794] AAAAA-TCP_FORW: name:enp0s3: saddr:33561200: daddr:100932208
[  275.322320] AAAAA-TCP_FORW: name:enp0s3: saddr:16783984: daddr:100932208
[  275.420691] AAAAA-TCP_FORW: name:enp0s3: saddr:33561200: daddr:100932208
[  275.542025] AAAAA-TCP_FORW: name:enp0s3: saddr:33561200: daddr:100932208
[  275.657649] AAAAA-TCP_FORW: name:enp0s3: saddr:33561200: daddr:100932208
[  275.730695] AAAAA-TCP_FORW: name:enp0s3: saddr:16783984: daddr:100932208
[  275.822665] AAAAA-TCP_FORW: name:enp0s3: saddr:16783984: daddr:100932208
[  275.897550] AAAAA-TCP_FORW: name:enp0s3: saddr:16783984: daddr:100932208
[  276.014969] AAAAA-TCP_FORW: name:enp0s3: saddr:33561200: daddr:100932208
[  276.462528] AAAAA-TCP_FORW: name:enp0s3: saddr:33561200: daddr:100932208
[  277.081562] AAAAA-TCP_FORW: name:enp0s3: saddr:16783984: daddr:100932208
[  277.168471] AAAAA-TCP_FORW: name:enp0s3: saddr:16783984: daddr:100932208
[  277.454663] AAAAA-TCP_FORW: name:enp0s3: saddr:33561200: daddr:100932208
[  277.581601] AAAAA-TCP_FORW: name:enp0s3: saddr:33561200: daddr:100932208
[  277.698630] AAAAA-TCP_FORW: name:enp0s3: saddr:33561200: daddr:100932208
[  278.207669] AAAAA-TCP_FORW: name:enp0s3: saddr:33561200: daddr:100932208
[  278.532141] AAAAA-TCP_FORW: name:enp0s3: saddr:33561200: daddr:100932208
[  278.974935] AAAAA-TCP_FORW: name:enp0s3: saddr:33561200: daddr:100932208
[  279.499285] AAAAA-TCP_FORW: name:enp0s3: saddr:33561200: daddr:100932208
[  282.667592] AAAAA-TCP_FORW: name:enp0s3: saddr:33561200: daddr:100932208
[  282.856761] AAAAA-TCP_FORW: name:enp0s3: saddr:33561200: daddr:100932208
[  284.288243] AAAAA-TCP_FORW: name:enp0s3: saddr:16783984: daddr:100932208
[  284.829803] AAAAA-TCP_FORW: name:enp0s3: saddr:16783984: daddr:100932208
[  285.345499] AAAAA-TCP_FORW: name:enp0s3: saddr:16783984: daddr:100932208
[  285.520778] AAAAA-TCP_FORW: name:enp0s3: saddr:16783984: daddr:100932208
[  286.091898] AAAAA-TCP_FORW: name:enp0s3: saddr:16783984: daddr:100932208
[  286.497388] AAAAA-TCP_FORW: name:enp0s3: saddr:16783984: daddr:100932208
[  286.975647] AAAAA-TCP_FORW: name:enp0s3: saddr:16783984: daddr:100932208
[  287.198760] AAAAA-TCP_FORW: name:enp0s3: saddr:16783984: daddr:100932208
[  287.326979] AAAAA-TCP_FORW: name:enp0s3: saddr:100932208: daddr:16783984
[  287.458523] AAAAA-TCP_FORW: name:enp0s3: saddr:100932208: daddr:16783984
[  287.547356] AAAAA-TCP_FORW: name:enp0s3: saddr:16783984: daddr:100932208
[  287.694449] AAAAA-TCP_FORW: name:enp0s3: saddr:16783984: daddr:100932208
[  287.710912] AAAAA-TCP_FORW: name:enp0s3: saddr:100932208: daddr:16783984
[  287.783773] AAAAA-TCP_FORW: name:enp0s3: saddr:16783984: daddr:100932208
[  287.893521] AAAAA-TCP_FORW: name:enp0s3: saddr:16783984: daddr:100932208
[  287.957812] AAAAA-TCP_FORW: name:enp0s3: saddr:16783984: daddr:100932208
[  287.976140] AAAAA-TCP_FORW: name:enp0s3: saddr:100932208: daddr:16783984
[  288.188056] AAAAA-TCP_FORW: name:enp0s3: saddr:16783984: daddr:100932208
[  288.240716] AAAAA-TCP_FORW: name:enp0s3: saddr:16783984: daddr:100932208
[  288.255171] AAAAA-TCP_FORW: name:enp0s3: saddr:100932208: daddr:16783984
[  288.373974] AAAAA-TCP_FORW: name:enp0s3: saddr:16783984: daddr:100932208
[  288.461986] AAAAA-TCP_FORW: name:enp0s3: saddr:16783984: daddr:100932208
[  288.484839] AAAAA-TCP_FORW: name:enp0s3: saddr:100932208: daddr:16783984
[  288.685892] AAAAA-TCP_FORW: name:enp0s3: saddr:16783984: daddr:100932208
[  288.766679] AAAAA-TCP_FORW: name:enp0s3: saddr:16783984: daddr:100932208
[  288.973397] AAAAA-TCP_FORW: name:enp0s3: saddr:16783984: daddr:100932208
[  289.045008] AAAAA-TCP_FORW: name:enp0s3: saddr:16783984: daddr:100932208
[  289.126402] AAAAA-TCP_FORW: name:enp0s3: saddr:16783984: daddr:100932208
[  289.400084] AAAAA-TCP_FORW: name:enp0s3: saddr:16783984: daddr:100932208
[  289.543514] AAAAA-TCP_FORW: name:enp0s3: saddr:16783984: daddr:100932208
[  289.636831] AAAAA-TCP_FORW: name:enp0s3: saddr:16783984: daddr:100932208
[  289.708308] AAAAA-TCP_FORW: name:enp0s3: saddr:16783984: daddr:100932208
[  289.763475] AAAAA-TCP_FORW: name:enp0s3: saddr:16783984: daddr:100932208
[  289.826189] AAAAA-TCP_FORW: name:enp0s3: saddr:16783984: daddr:100932208
[  289.953239] AAAAA-TCP_FORW: name:enp0s3: saddr:16783984: daddr:100932208
[  290.020943] AAAAA-TCP_FORW: name:enp0s3: saddr:16783984: daddr:100932208
[  290.064114] AAAAA-TCP_FORW: name:enp0s3: saddr:16783984: daddr:100932208
[  290.110277] AAAAA-TCP_FORW: name:enp0s3: saddr:16783984: daddr:100932208
[  290.208323] AAAAA-TCP_FORW: name:enp0s3: saddr:33561200: daddr:100932208
[  290.349377] AAAAA-TCP_FORW: name:enp0s3: saddr:33561200: daddr:100932208
[  290.471960] AAAAA-TCP_FORW: name:enp0s3: saddr:33561200: daddr:100932208
[  290.549916] AAAAA-TCP_FORW: name:enp0s3: saddr:33561200: daddr:100932208
[  290.632763] AAAAA-TCP_FORW: name:enp0s3: saddr:33561200: daddr:100932208
[  290.730194] AAAAA-TCP_FORW: name:enp0s3: saddr:33561200: daddr:100932208
[  290.801604] AAAAA-TCP_FORW: name:enp0s3: saddr:33561200: daddr:100932208
[  290.895920] AAAAA-TCP_FORW: name:enp0s3: saddr:33561200: daddr:100932208
[  291.006012] AAAAA-TCP_FORW: name:enp0s3: saddr:33561200: daddr:100932208
[  291.111739] AAAAA-TCP_FORW: name:enp0s3: saddr:33561200: daddr:100932208
[  291.183651] AAAAA-TCP_FORW: name:enp0s3: saddr:33561200: daddr:100932208
[  291.276985] AAAAA-TCP_FORW: name:enp0s3: saddr:33561200: daddr:100932208
[  291.440819] AAAAA-TCP_FORW: name:enp0s3: saddr:16783984: daddr:100932208
[  291.561259] AAAAA-TCP_FORW: name:enp0s3: saddr:16783984: daddr:100932208
[  291.642681] AAAAA-TCP_FORW: name:enp0s3: saddr:16783984: daddr:100932208
[  291.682884] AAAAA-TCP_FORW: name:enp0s3: saddr:16783984: daddr:100932208
[  291.803592] AAAAA-TCP_FORW: name:enp0s3: saddr:16783984: daddr:100932208
[  291.903274] AAAAA-TCP_FORW: name:enp0s3: saddr:16783984: daddr:100932208
[  292.074419] AAAAA-TCP_FORW: name:enp0s3: saddr:16783984: daddr:100932208
[  292.197041] AAAAA-TCP_FORW: name:enp0s3: saddr:16783984: daddr:100932208
[  300.590474] AAAAA-TCP_FORW: name:enp0s3: saddr:16783984: daddr:100932208
[  300.815457] AAAAA-TCP_FORW: name:enp0s3: saddr:16783984: daddr:100932208
[  300.921764] AAAAA-TCP_FORW: name:enp0s3: saddr:16783984: daddr:100932208
[  301.220958] AAAAA-TCP_FORW: name:enp0s3: saddr:16783984: daddr:100932208
[  301.327052] AAAAA-TCP_FORW: name:enp0s3: saddr:16783984: daddr:100932208
[  301.481404] AAAAA-TCP_FORW: name:enp0s3: saddr:16783984: daddr:100932208
[  301.587578] AAAAA-TCP_FORW: name:enp0s3: saddr:16783984: daddr:100932208
[  301.635647] AAAAA-TCP_FORW: name:enp0s3: saddr:16783984: daddr:100932208
[  301.768413] AAAAA-TCP_FORW: name:enp0s3: saddr:16783984: daddr:100932208
[  301.931946] AAAAA-TCP_FORW: name:enp0s3: saddr:16783984: daddr:100932208
[  302.028998] AAAAA-TCP_FORW: name:enp0s3: saddr:16783984: daddr:100932208
[  302.145264] AAAAA-TCP_FORW: name:enp0s3: saddr:16783984: daddr:100932208
[  302.231810] AAAAA-TCP_FORW: name:enp0s3: saddr:16783984: daddr:100932208
[  302.291262] AAAAA-TCP_FORW: name:enp0s3: saddr:16783984: daddr:100932208
[  302.409187] AAAAA-TCP_FORW: name:enp0s3: saddr:16783984: daddr:100932208
[  302.516941] AAAAA-TCP_FORW: name:enp0s3: saddr:16783984: daddr:100932208
[  302.564139] AAAAA-TCP_FORW: name:enp0s3: saddr:16783984: daddr:100932208
[  302.655335] AAAAA-TCP_FORW: name:enp0s3: saddr:16783984: daddr:100932208
[  302.743650] AAAAA-TCP_FORW: name:enp0s3: saddr:16783984: daddr:100932208
[  302.858776] AAAAA-TCP_FORW: name:enp0s3: saddr:16783984: daddr:100932208
[  302.881003] AAAAA-TCP_FORW: name:enp0s3: saddr:16783984: daddr:100932208
[  303.012799] AAAAA-TCP_FORW: name:enp0s3: saddr:16783984: daddr:100932208
[  303.092011] AAAAA-TCP_FORW: name:enp0s3: saddr:16783984: daddr:100932208
[  303.180611] AAAAA-TCP_FORW: name:enp0s3: saddr:16783984: daddr:100932208
[  303.235285] AAAAA-TCP_FORW: name:enp0s3: saddr:16783984: daddr:100932208
[  303.386125] AAAAA-TCP_FORW: name:enp0s3: saddr:16783984: daddr:100932208
[  303.493861] AAAAA-TCP_FORW: name:enp0s3: saddr:16783984: daddr:100932208
[  303.595058] AAAAA-TCP_FORW: name:enp0s3: saddr:16783984: daddr:100932208
[  303.698736] AAAAA-TCP_FORW: name:enp0s3: saddr:33561200: daddr:100932208
[  303.814826] AAAAA-TCP_FORW: name:enp0s3: saddr:16783984: daddr:100932208
[  303.915659] AAAAA-TCP_FORW: name:enp0s3: saddr:16783984: daddr:100932208
[  304.199726] AAAAA-TCP_FORW: name:enp0s3: saddr:16783984: daddr:100932208
[  309.848103] AAAAA-TCP_FORW: name:enp0s3: saddr:16783984: daddr:100932208
[  310.476592] AAAAA-TCP_FORW: name:enp0s3: saddr:16783984: daddr:100932208
[  311.107894] AAAAA-TCP_FORW: name:enp0s3: saddr:16783984: daddr:100932208
[  311.273326] AAAAA-TCP_FORW: name:enp0s3: saddr:16783984: daddr:100932208
[  311.375986] AAAAA-TCP_FORW: name:enp0s3: saddr:16783984: daddr:100932208
[  311.724845] AAAAA-TCP_FORW: name:enp0s3: saddr:16783984: daddr:100932208
[  311.845211] AAAAA-TCP_FORW: name:enp0s3: saddr:16783984: daddr:100932208
[  311.962950] AAAAA-TCP_FORW: name:enp0s3: saddr:16783984: daddr:100932208
[  312.347036] AAAAA-TCP_FORW: name:enp0s3: saddr:16783984: daddr:100932208
[  312.856124] AAAAA-TCP_FORW: name:enp0s3: saddr:16783984: daddr:100932208
[  313.138321] AAAAA-TCP_FORW: name:enp0s3: saddr:16783984: daddr:100932208
[  313.269048] AAAAA-TCP_FORW: name:enp0s3: saddr:16783984: daddr:100932208
[  313.952688] AAAAA-TCP_FORW: name:enp0s3: saddr:16783984: daddr:100932208
[  314.161943] AAAAA-TCP_FORW: name:enp0s3: saddr:16783984: daddr:100932208
[  314.579250] AAAAA-TCP_FORW: name:enp0s3: saddr:16783984: daddr:100932208
[  314.808462] AAAAA-TCP_FORW: name:enp0s3: saddr:33561200: daddr:100932208
[  315.056495] AAAAA-TCP_FORW: name:enp0s3: saddr:33561200: daddr:100932208
[  315.194357] AAAAA-TCP_FORW: name:enp0s3: saddr:33561200: daddr:100932208
[  315.307825] AAAAA-TCP_FORW: name:enp0s3: saddr:33561200: daddr:100932208
[  316.037484] AAAAA-TCP_FORW: name:enp0s3: saddr:16783984: daddr:100932208
[  317.049665] AAAAA-TCP_FORW: name:enp0s3: saddr:16783984: daddr:100932208
[  317.161418] AAAAA-TCP_FORW: name:enp0s3: saddr:16783984: daddr:100932208
[  317.302116] AAAAA-TCP_FORW: name:enp0s3: saddr:16783984: daddr:100932208
[  317.675608] AAAAA-TCP_FORW: name:enp0s3: saddr:16783984: daddr:100932208
[  317.884050] AAAAA-TCP_FORW: name:enp0s3: saddr:16783984: daddr:100932208
[  318.264745] AAAAA-TCP_FORW: name:enp0s3: saddr:16783984: daddr:100932208
[  318.454961] AAAAA-TCP_FORW: name:enp0s3: saddr:16783984: daddr:100932208
[  326.939434] AAAAA-TCP_FORW: name:enp0s3: saddr:16783984: daddr:100932208
[  327.036601] AAAAA-TCP_FORW: name:enp0s3: saddr:16783984: daddr:100932208
[  327.065832] AAAAA-TCP_FORW: name:enp0s3: saddr:16783984: daddr:100932208
[  327.259366] AAAAA-TCP_FORW: name:enp0s3: saddr:33561200: daddr:100932208
[  327.480234] AAAAA-TCP_FORW: name:enp0s3: saddr:16783984: daddr:100932208
[  327.589138] AAAAA-TCP_FORW: name:enp0s3: saddr:16783984: daddr:100932208
[  327.626467] AAAAA-TCP_FORW: name:enp0s3: saddr:16783984: daddr:100932208
[  327.675754] AAAAA-TCP_FORW: name:enp0s3: saddr:16783984: daddr:100932208
[  327.826833] AAAAA-TCP_FORW: name:enp0s3: saddr:16783984: daddr:100932208
[  327.895622] AAAAA-TCP_FORW: name:enp0s3: saddr:16783984: daddr:100932208
[  327.990134] AAAAA-TCP_FORW: name:enp0s3: saddr:16783984: daddr:100932208
[  328.269623] AAAAA-TCP_FORW: name:enp0s3: saddr:100932208: daddr:16783984
[  328.452283] AAAAA-TCP_FORW: name:enp0s3: saddr:16783984: daddr:100932208
[  498.839669] rfkill: input handler enabled
[  507.153955] rfkill: input handler disabled
[  703.188073] device enp0s3 left promiscuous mode
