[    0.000000] Linux version 5.4.243-dmptcp (root@ztg) (gcc version 12.2.0 (Debian 12.2.0-14+deb12u1)) #119 SMP Wed Dec 24 23:52:51 CST 2025
[    0.000000] Command line: BOOT_IMAGE=/boot/vmlinuz-5.4.243-dmptcp root=UUID=98415a12-53b7-4144-8265-0f7ece09e445 ro quiet splash
[    0.000000] KERNEL supported cpus:
[    0.000000]   Intel GenuineIntel
[    0.000000]   AMD AuthenticAMD
[    0.000000]   Hygon HygonGenuine
[    0.000000]   Centaur CentaurHauls
[    0.000000]   zhaoxin   Shanghai  
[    0.000000] x86/fpu: Supporting XSAVE feature 0x001: 'x87 floating point registers'
[    0.000000] x86/fpu: Supporting XSAVE feature 0x002: 'SSE registers'
[    0.000000] x86/fpu: Supporting XSAVE feature 0x004: 'AVX registers'
[    0.000000] x86/fpu: xstate_offset[2]:  576, xstate_sizes[2]:  256
[    0.000000] x86/fpu: Enabled xstate features 0x7, context size is 832 bytes, using 'standard' format.
[    0.000000] BIOS-provided physical RAM map:
[    0.000000] BIOS-e820: [mem 0x0000000000000000-0x000000000009fbff] usable
[    0.000000] BIOS-e820: [mem 0x000000000009fc00-0x000000000009ffff] reserved
[    0.000000] BIOS-e820: [mem 0x00000000000f0000-0x00000000000fffff] reserved
[    0.000000] BIOS-e820: [mem 0x0000000000100000-0x000000007ffeffff] usable
[    0.000000] BIOS-e820: [mem 0x000000007fff0000-0x000000007fffffff] ACPI data
[    0.000000] BIOS-e820: [mem 0x00000000fec00000-0x00000000fec00fff] reserved
[    0.000000] BIOS-e820: [mem 0x00000000fee00000-0x00000000fee00fff] reserved
[    0.000000] BIOS-e820: [mem 0x00000000fffc0000-0x00000000ffffffff] reserved
[    0.000000] NX (Execute Disable) protection: active
[    0.000000] SMBIOS 2.5 present.
[    0.000000] DMI: innotek GmbH VirtualBox/VirtualBox, BIOS VirtualBox 12/01/2006
[    0.000000] Hypervisor detected: KVM
[    0.000000] kvm-clock: Using msrs 4b564d01 and 4b564d00
[    0.000000] kvm-clock: cpu 0, msr 5b001001, primary cpu clock
[    0.000000] kvm-clock: using sched offset of 4499582587 cycles
[    0.000003] clocksource: kvm-clock: mask: 0xffffffffffffffff max_cycles: 0x1cd42e4dffb, max_idle_ns: 881590591483 ns
[    0.000006] tsc: Detected 2100.000 MHz processor
[    0.001878] e820: update [mem 0x00000000-0x00000fff] usable ==> reserved
[    0.001880] e820: remove [mem 0x000a0000-0x000fffff] usable
[    0.001885] last_pfn = 0x7fff0 max_arch_pfn = 0x400000000
[    0.001954] MTRR default type: uncachable
[    0.001955] MTRR fixed ranges enabled:
[    0.001956]   00000-9FFFF write-back
[    0.001957]   A0000-BFFFF uncachable
[    0.001958]   C0000-FFFFF write-protect
[    0.001959] MTRR variable ranges enabled:
[    0.001960]   0 base 000000000000 mask 3FFF80000000 write-back
[    0.001961]   1 disabled
[    0.001961]   2 disabled
[    0.001962]   3 disabled
[    0.001962]   4 disabled
[    0.001963]   5 disabled
[    0.001963]   6 disabled
[    0.001963]   7 disabled
[    0.001964]   8 disabled
[    0.001964]   9 disabled
[    0.001965]   10 disabled
[    0.001965]   11 disabled
[    0.001966]   12 disabled
[    0.001966]   13 disabled
[    0.001966]   14 disabled
[    0.001967]   15 disabled
[    0.001984] x86/PAT: Configuration [0-7]: WB  WC  UC- UC  WB  WP  UC- WT  
[    0.002117] found SMP MP-table at [mem 0x0009fff0-0x0009ffff]
[    0.092988] check: Scanning 1 areas for low memory corruption
[    0.093191] RAMDISK: [mem 0x32271000-0x3512ffff]
[    0.093199] ACPI: Early table checksum verification disabled
[    0.093205] ACPI: RSDP 0x00000000000E0000 000024 (v02 VBOX  )
[    0.093210] ACPI: XSDT 0x000000007FFF0030 00003C (v01 VBOX   VBOXXSDT 00000001 ASL  00000061)
[    0.093216] ACPI: FACP 0x000000007FFF00F0 0000F4 (v04 VBOX   VBOXFACP 00000001 ASL  00000061)
[    0.093223] ACPI: DSDT 0x000000007FFF02E0 002353 (v02 VBOX   VBOXBIOS 00000002 VBOX 00029BF3)
[    0.093227] ACPI: FACS 0x000000007FFF0200 000040
[    0.093230] ACPI: FACS 0x000000007FFF0200 000040
[    0.093234] ACPI: APIC 0x000000007FFF0240 000054 (v02 VBOX   VBOXAPIC 00000001 ASL  00000061)
[    0.093237] ACPI: SSDT 0x000000007FFF02A0 000038 (v01 VBOX   VBOXCPUT 00000002 VBOX 00029BF3)
[    0.093241] ACPI: Reserving FACP table memory at [mem 0x7fff00f0-0x7fff01e3]
[    0.093241] ACPI: Reserving DSDT table memory at [mem 0x7fff02e0-0x7fff2632]
[    0.093242] ACPI: Reserving FACS table memory at [mem 0x7fff0200-0x7fff023f]
[    0.093243] ACPI: Reserving FACS table memory at [mem 0x7fff0200-0x7fff023f]
[    0.093243] ACPI: Reserving APIC table memory at [mem 0x7fff0240-0x7fff0293]
[    0.093244] ACPI: Reserving SSDT table memory at [mem 0x7fff02a0-0x7fff02d7]
[    0.093259] ACPI: Local APIC address 0xfee00000
[    0.093447] No NUMA configuration found
[    0.093448] Faking a node at [mem 0x0000000000000000-0x000000007ffeffff]
[    0.093458] NODE_DATA(0) allocated [mem 0x7ffc5000-0x7ffeffff]
[    0.094410] Zone ranges:
[    0.094412]   DMA      [mem 0x0000000000001000-0x0000000000ffffff]
[    0.094413]   DMA32    [mem 0x0000000001000000-0x000000007ffeffff]
[    0.094414]   Normal   empty
[    0.094415]   Device   empty
[    0.094415] Movable zone start for each node
[    0.094417] Early memory node ranges
[    0.094418]   node   0: [mem 0x0000000000001000-0x000000000009efff]
[    0.094419]   node   0: [mem 0x0000000000100000-0x000000007ffeffff]
[    0.095090] Zeroed struct page in unavailable ranges: 114 pages
[    0.095092] Initmem setup node 0 [mem 0x0000000000001000-0x000000007ffeffff]
[    0.095093] On node 0 totalpages: 524174
[    0.095095]   DMA zone: 64 pages used for memmap
[    0.095095]   DMA zone: 21 pages reserved
[    0.095096]   DMA zone: 3998 pages, LIFO batch:0
[    0.095184]   DMA32 zone: 8128 pages used for memmap
[    0.095185]   DMA32 zone: 520176 pages, LIFO batch:63
[    0.104401] ACPI: PM-Timer IO Port: 0x4008
[    0.104405] ACPI: Local APIC address 0xfee00000
[    0.104474] IOAPIC[0]: apic_id 1, version 32, address 0xfec00000, GSI 0-23
[    0.104477] ACPI: INT_SRC_OVR (bus 0 bus_irq 0 global_irq 2 dfl dfl)
[    0.104479] ACPI: INT_SRC_OVR (bus 0 bus_irq 9 global_irq 9 low level)
[    0.104481] ACPI: IRQ0 used by override.
[    0.104482] ACPI: IRQ9 used by override.
[    0.104485] Using ACPI (MADT) for SMP configuration information
[    0.104492] smpboot: Allowing 1 CPUs, 0 hotplug CPUs
[    0.104516] PM: Registered nosave memory: [mem 0x00000000-0x00000fff]
[    0.104517] PM: Registered nosave memory: [mem 0x0009f000-0x0009ffff]
[    0.104518] PM: Registered nosave memory: [mem 0x000a0000-0x000effff]
[    0.104518] PM: Registered nosave memory: [mem 0x000f0000-0x000fffff]
[    0.104520] [mem 0x80000000-0xfebfffff] available for PCI devices
[    0.104521] Booting paravirtualized kernel on KVM
[    0.104524] clocksource: refined-jiffies: mask: 0xffffffff max_cycles: 0xffffffff, max_idle_ns: 7645519600211568 ns
[    0.104529] setup_percpu: NR_CPUS:8192 nr_cpumask_bits:1 nr_cpu_ids:1 nr_node_ids:1
[    0.105520] percpu: Embedded 60 pages/cpu s208896 r8192 d28672 u2097152
[    0.105525] pcpu-alloc: s208896 r8192 d28672 u2097152 alloc=1*2097152
[    0.105526] pcpu-alloc: [0] 0 
[    0.105554] Built 1 zonelists, mobility grouping on.  Total pages: 515961
[    0.105555] Policy zone: DMA32
[    0.105556] Kernel command line: BOOT_IMAGE=/boot/vmlinuz-5.4.243-dmptcp root=UUID=98415a12-53b7-4144-8265-0f7ece09e445 ro quiet splash
[    0.106415] Dentry cache hash table entries: 262144 (order: 9, 2097152 bytes, linear)
[    0.106564] Inode-cache hash table entries: 131072 (order: 8, 1048576 bytes, linear)
[    0.106616] mem auto-init: stack:off, heap alloc:on, heap free:off
[    0.106619] Calgary: detecting Calgary via BIOS EBDA area
[    0.106620] Calgary: Unable to locate Rio Grande table in EBDA - bailing!
[    0.110798] Memory: 1967332K/2096696K available (14339K kernel code, 2399K rwdata, 4716K rodata, 2728K init, 17260K bss, 129364K reserved, 0K cma-reserved)
[    0.111746] SLUB: HWalign=64, Order=0-3, MinObjects=0, CPUs=1, Nodes=1
[    0.111763] ftrace: allocating 43203 entries in 169 pages
[    0.130158] rcu: Hierarchical RCU implementation.
[    0.130160] rcu: 	RCU restricting CPUs from NR_CPUS=8192 to nr_cpu_ids=1.
[    0.130161] 	Tasks RCU enabled.
[    0.130162] rcu: RCU calculated value of scheduler-enlistment delay is 25 jiffies.
[    0.130163] rcu: Adjusting geometry for rcu_fanout_leaf=16, nr_cpu_ids=1
[    0.133188] NR_IRQS: 524544, nr_irqs: 256, preallocated irqs: 16
[    0.133403] random: crng init done
[    0.142762] Console: colour VGA+ 80x25
[    0.142767] printk: console [tty0] enabled
[    0.142789] ACPI: Core revision 20190816
[    0.142905] APIC: Switch to symmetric I/O mode setup
[    0.143157] x2apic enabled
[    0.143391] Switched APIC routing to physical x2apic.
[    0.144538] ..TIMER: vector=0x30 apic1=0 pin1=2 apic2=-1 pin2=-1
[    0.144562] clocksource: tsc-early: mask: 0xffffffffffffffff max_cycles: 0x1e4530a99b6, max_idle_ns: 440795257976 ns
[    0.144568] Calibrating delay loop (skipped) preset value.. 4200.00 BogoMIPS (lpj=8400000)
[    0.144570] pid_max: default: 32768 minimum: 301
[    0.144600] LSM: Security Framework initializing
[    0.144609] Yama: becoming mindful.
[    0.144637] AppArmor: AppArmor initialized
[    0.144672] Mount-cache hash table entries: 4096 (order: 3, 32768 bytes, linear)
[    0.144677] Mountpoint-cache hash table entries: 4096 (order: 3, 32768 bytes, linear)
[    0.144687] *** VALIDATE tmpfs ***
[    0.144816] *** VALIDATE proc ***
[    0.144857] *** VALIDATE cgroup1 ***
[    0.144858] *** VALIDATE cgroup2 ***
[    0.145000] process: using mwait in idle threads
[    0.145005] Last level iTLB entries: 4KB 64, 2MB 8, 4MB 8
[    0.145006] Last level dTLB entries: 4KB 64, 2MB 0, 4MB 0, 1GB 4
[    0.145026] Spectre V1 : Mitigation: usercopy/swapgs barriers and __user pointer sanitization
[    0.145032] Spectre V2 : Mitigation: Retpolines
[    0.145033] Spectre V2 : Spectre v2 / SpectreRSB mitigation: Filling RSB on context switch
[    0.145033] Spectre V2 : Spectre v2 / SpectreRSB : Filling RSB on VMEXIT
[    0.145034] RETBleed: WARNING: Spectre v2 mitigation leaves CPU vulnerable to RETBleed attacks, data leaks possible!
[    0.145386] RETBleed: Vulnerable
[    0.145386] Speculative Store Bypass: Vulnerable
[    0.145391] TAA: Mitigation: TSX disabled
[    0.145391] MMIO Stale Data: Mitigation: Clear CPU buffers
[    0.149691] Freeing SMP alternatives memory: 40K
[    0.262887] smpboot: CPU0: Intel(R) Xeon(R) Silver 4216 CPU @ 2.10GHz (family: 0x6, model: 0x55, stepping: 0x7)
[    0.263038] Performance Events: unsupported p6 CPU model 85 no PMU driver, software events only.
[    0.263077] rcu: Hierarchical SRCU implementation.
[    0.263558] NMI watchdog: Perf NMI watchdog permanently disabled
[    0.263597] smp: Bringing up secondary CPUs ...
[    0.263598] smp: Brought up 1 node, 1 CPU
[    0.263599] smpboot: Max logical packages: 1
[    0.263600] smpboot: Total of 1 processors activated (4200.00 BogoMIPS)
[    0.264564] devtmpfs: initialized
[    0.264564] x86/mm: Memory block size: 128MB
[    0.264564] clocksource: jiffies: mask: 0xffffffff max_cycles: 0xffffffff, max_idle_ns: 7645041785100000 ns
[    0.264564] futex hash table entries: 256 (order: 2, 16384 bytes, linear)
[    0.264564] pinctrl core: initialized pinctrl subsystem
[    0.264564] PM: RTC time: 09:22:56, date: 2026-01-10
[    0.264564] NET: Registered protocol family 16
[    0.264564] audit: initializing netlink subsys (disabled)
[    0.264564] EISA bus registered
[    0.264564] cpuidle: using governor ladder
[    0.264564] cpuidle: using governor menu
[    0.264564] ACPI: bus type PCI registered
[    0.264564] acpiphp: ACPI Hot Plug PCI Controller Driver version: 0.5
[    0.264564] PCI: Using configuration type 1 for base access
[    0.264992] audit: type=2000 audit(1768008182.638:1): state=initialized audit_enabled=0 res=1
[    0.265073] HugeTLB registered 2.00 MiB page size, pre-allocated 0 pages
[    0.265891] ACPI: Added _OSI(Module Device)
[    0.265892] ACPI: Added _OSI(Processor Device)
[    0.265893] ACPI: Added _OSI(3.0 _SCP Extensions)
[    0.265893] ACPI: Added _OSI(Processor Aggregator Device)
[    0.265894] ACPI: Added _OSI(Linux-Dell-Video)
[    0.265895] ACPI: Added _OSI(Linux-Lenovo-NV-HDMI-Audio)
[    0.265896] ACPI: Added _OSI(Linux-HPI-Hybrid-Graphics)
[    0.267867] ACPI: 2 ACPI AML tables successfully acquired and loaded
[    0.269340] ACPI: Interpreter enabled
[    0.269350] ACPI: (supports S0 S5)
[    0.269351] ACPI: Using IOAPIC for interrupt routing
[    0.269565] PCI: Using host bridge windows from ACPI; if necessary, use "pci=nocrs" and report a bug
[    0.269670] ACPI: Enabled 2 GPEs in block 00 to 07
[    0.274704] ACPI: PCI Root Bridge [PCI0] (domain 0000 [bus 00-ff])
[    0.274709] acpi PNP0A03:00: _OSC: OS supports [ASPM ClockPM Segments MSI HPX-Type3]
[    0.275152] acpi PNP0A03:00: _OSC: not requesting OS control; OS requires [ExtendedConfig ASPM ClockPM MSI]
[    0.275160] acpi PNP0A03:00: fail to add MMCONFIG information, can't access extended PCI configuration space under this bridge.
[    0.275536] PCI host bridge to bus 0000:00
[    0.275538] pci_bus 0000:00: root bus resource [io  0x0000-0x0cf7 window]
[    0.275539] pci_bus 0000:00: root bus resource [io  0x0d00-0xffff window]
[    0.275540] pci_bus 0000:00: root bus resource [mem 0x000a0000-0x000bffff window]
[    0.275541] pci_bus 0000:00: root bus resource [mem 0x80000000-0xfdffffff window]
[    0.275543] pci_bus 0000:00: root bus resource [bus 00-ff]
[    0.275586] pci 0000:00:00.0: [8086:1237] type 00 class 0x060000
[    0.276527] pci 0000:00:01.0: [8086:7000] type 00 class 0x060100
[    0.277298] pci 0000:00:01.1: [8086:7111] type 00 class 0x01018a
[    0.277672] pci 0000:00:01.1: reg 0x20: [io  0xd000-0xd00f]
[    0.277825] pci 0000:00:01.1: legacy IDE quirk: reg 0x10: [io  0x01f0-0x01f7]
[    0.277826] pci 0000:00:01.1: legacy IDE quirk: reg 0x14: [io  0x03f6]
[    0.277827] pci 0000:00:01.1: legacy IDE quirk: reg 0x18: [io  0x0170-0x0177]
[    0.277827] pci 0000:00:01.1: legacy IDE quirk: reg 0x1c: [io  0x0376]
[    0.278373] pci 0000:00:02.0: [15ad:0405] type 00 class 0x030000
[    0.280643] pci 0000:00:02.0: reg 0x10: [io  0xd010-0xd01f]
[    0.283491] pci 0000:00:02.0: reg 0x14: [mem 0xe0000000-0xe7ffffff pref]
[    0.286440] pci 0000:00:02.0: reg 0x18: [mem 0xf0000000-0xf01fffff]
[    0.297271] pci 0000:00:03.0: [1022:2000] type 00 class 0x020000
[    0.297948] pci 0000:00:03.0: reg 0x10: [io  0xd020-0xd03f]
[    0.298561] pci 0000:00:03.0: reg 0x14: [mem 0xf0200000-0xf0200fff]
[    0.301963] pci 0000:00:04.0: [80ee:cafe] type 00 class 0x088000
[    0.302635] pci 0000:00:04.0: reg 0x10: [io  0xd040-0xd05f]
[    0.303251] pci 0000:00:04.0: reg 0x14: [mem 0xf0400000-0xf07fffff]
[    0.303866] pci 0000:00:04.0: reg 0x18: [mem 0xf0800000-0xf0803fff pref]
[    0.307638] pci 0000:00:07.0: [8086:7113] type 00 class 0x068000
[    0.308183] pci 0000:00:07.0: quirk: [io  0x4000-0x403f] claimed by PIIX4 ACPI
[    0.308193] pci 0000:00:07.0: quirk: [io  0x4100-0x410f] claimed by PIIX4 SMB
[    0.308627] pci 0000:00:08.0: [8086:100e] type 00 class 0x020000
[    0.309351] pci 0000:00:08.0: reg 0x10: [mem 0xf0820000-0xf083ffff]
[    0.310513] pci 0000:00:08.0: reg 0x18: [io  0xd060-0xd067]
[    0.313609] pci 0000:00:09.0: [8086:100e] type 00 class 0x020000
[    0.314402] pci 0000:00:09.0: reg 0x10: [mem 0xf0840000-0xf085ffff]
[    0.315558] pci 0000:00:09.0: reg 0x18: [io  0xd068-0xd06f]
[    0.325555] ACPI: PCI Interrupt Link [LNKA] (IRQs 5 9 10 *11)
[    0.325837] ACPI: PCI Interrupt Link [LNKB] (IRQs 5 9 *10 11)
[    0.325943] ACPI: PCI Interrupt Link [LNKC] (IRQs 5 *9 10 11)
[    0.326045] ACPI: PCI Interrupt Link [LNKD] (IRQs 5 9 10 *11)
[    0.326319] iommu: Default domain type: Translated 
[    0.326374] pci 0000:00:02.0: vgaarb: setting as boot VGA device
[    0.326376] pci 0000:00:02.0: vgaarb: VGA device added: decodes=io+mem,owns=io+mem,locks=none
[    0.326378] pci 0000:00:02.0: vgaarb: bridge control possible
[    0.326379] vgaarb: loaded
[    0.326588] SCSI subsystem initialized
[    0.326622] libata version 3.00 loaded.
[    0.326648] ACPI: bus type USB registered
[    0.326661] usbcore: registered new interface driver usbfs
[    0.326668] usbcore: registered new interface driver hub
[    0.326673] usbcore: registered new device driver usb
[    0.326701] pps_core: LinuxPPS API ver. 1 registered
[    0.326702] pps_core: Software ver. 5.3.6 - Copyright 2005-2007 Rodolfo Giometti <giometti@linux.it>
[    0.326705] PTP clock support registered
[    0.326739] EDAC MC: Ver: 3.0.0
[    0.327030] PCI: Using ACPI for IRQ routing
[    0.328567] PCI: pci_cache_line_size set to 64 bytes
[    0.328737] e820: reserve RAM buffer [mem 0x0009fc00-0x0009ffff]
[    0.328741] e820: reserve RAM buffer [mem 0x7fff0000-0x7fffffff]
[    0.329587] NetLabel: Initializing
[    0.329587] NetLabel:  domain hash size = 128
[    0.329588] NetLabel:  protocols = UNLABELED CIPSOv4 CALIPSO
[    0.329608] NetLabel:  unlabeled traffic allowed by default
[    0.330520] clocksource: Switched to clocksource kvm-clock
[    0.343068] *** VALIDATE bpf ***
[    0.343128] VFS: Disk quotas dquot_6.6.0
[    0.343141] VFS: Dquot-cache hash table entries: 512 (order 0, 4096 bytes)
[    0.343163] *** VALIDATE ramfs ***
[    0.343167] *** VALIDATE hugetlbfs ***
[    0.343245] AppArmor: AppArmor Filesystem Enabled
[    0.343270] pnp: PnP ACPI init
[    0.343335] pnp 00:00: Plug and Play ACPI device, IDs PNP0303 (active)
[    0.343423] pnp 00:01: Plug and Play ACPI device, IDs PNP0f03 (active)
[    0.344169] pnp: PnP ACPI: found 2 devices
[    0.345117] thermal_sys: Registered thermal governor 'fair_share'
[    0.345118] thermal_sys: Registered thermal governor 'bang_bang'
[    0.345118] thermal_sys: Registered thermal governor 'step_wise'
[    0.345119] thermal_sys: Registered thermal governor 'user_space'
[    0.345119] thermal_sys: Registered thermal governor 'power_allocator'
[    0.349649] clocksource: acpi_pm: mask: 0xffffff max_cycles: 0xffffff, max_idle_ns: 2085701024 ns
[    0.349690] pci_bus 0000:00: resource 4 [io  0x0000-0x0cf7 window]
[    0.349692] pci_bus 0000:00: resource 5 [io  0x0d00-0xffff window]
[    0.349693] pci_bus 0000:00: resource 6 [mem 0x000a0000-0x000bffff window]
[    0.349694] pci_bus 0000:00: resource 7 [mem 0x80000000-0xfdffffff window]
[    0.349753] NET: Registered protocol family 2
[    0.349829] IP idents hash table entries: 32768 (order: 6, 262144 bytes, linear)
[    0.350239] MPTCP tokens hash table entries: 8192 (order: 4, 65536 bytes, linear)
[    0.350262] MPTCP request tokens hash table entries: 8192 (order: 4, 65536 bytes, linear)
[    0.350287] default registered
[    0.350288] default registered
[    0.350288] MPTCP: Stable release v0.96
[    0.350294] tcp_listen_portaddr_hash hash table entries: 1024 (order: 2, 16384 bytes, linear)
[    0.350373] TCP established hash table entries: 16384 (order: 5, 131072 bytes, linear)
[    0.350438] TCP bind hash table entries: 16384 (order: 6, 262144 bytes, linear)
[    0.350463] TCP: Hash tables configured (established 16384 bind 16384)
[    0.351192] UDP hash table entries: 1024 (order: 3, 32768 bytes, linear)
[    0.351204] UDP-Lite hash table entries: 1024 (order: 3, 32768 bytes, linear)
[    0.351242] NET: Registered protocol family 1
[    0.351250] NET: Registered protocol family 44
[    0.351284] pci 0000:00:00.0: Limiting direct PCI/PCI transfers
[    0.351298] pci 0000:00:01.0: Activating ISA DMA hang workarounds
[    0.351366] pci 0000:00:02.0: Video device with shadowed ROM at [mem 0x000c0000-0x000dffff]
[    0.351430] PCI: CLS 0 bytes, default 64
[    0.351483] Trying to unpack rootfs image as initramfs...
[    0.528752] Freeing initrd memory: 47868K
[    0.528752] clocksource: tsc: mask: 0xffffffffffffffff max_cycles: 0x1e4530a99b6, max_idle_ns: 440795257976 ns
[    0.528752] clocksource: Switched to clocksource tsc
[    0.528752] platform rtc_cmos: registered platform RTC device (no PNP device found)
[    0.528752] check: Scanning for low memory corruption every 60 seconds
[    0.528752] Initialise system trusted keyrings
[    0.528752] Key type blacklist registered
[    0.528752] workingset: timestamp_bits=36 max_order=19 bucket_order=0
[    0.528752] zbud: loaded
[    0.528752] squashfs: version 4.0 (2009/01/31) Phillip Lougher
[    0.528752] fuse: init (API version 7.31)
[    0.528752] *** VALIDATE fuse ***
[    0.528752] *** VALIDATE fuse ***
[    0.528752] Platform Keyring initialized
[    0.542201] Key type asymmetric registered
[    0.542202] Asymmetric key parser 'x509' registered
[    0.542226] Block layer SCSI generic (bsg) driver version 0.4 loaded (major 244)
[    0.542270] io scheduler mq-deadline registered
[    0.542401] shpchp: Standard Hot Plug PCI Controller Driver version: 0.4
[    0.542615] ACPI: AC Adapter [AC] (on-line)
[    0.542663] input: Power Button as /devices/LNXSYSTM:00/LNXPWRBN:00/input/input0
[    0.542692] ACPI: Power Button [PWRF]
[    0.542786] input: Sleep Button as /devices/LNXSYSTM:00/LNXSLPBN:00/input/input1
[    0.542800] ACPI: Sleep Button [SLPF]
[    0.543052] Serial: 8250/16550 driver, 32 ports, IRQ sharing enabled
[    0.544218] Linux agpgart interface v0.103
[    0.639247] loop: module loaded
[    0.639416] ata_piix 0000:00:01.1: version 2.13
[    0.639836] scsi host0: ata_piix
[    0.639927] scsi host1: ata_piix
[    0.639953] ata1: PATA max UDMA/33 cmd 0x1f0 ctl 0x3f6 bmdma 0xd000 irq 14
[    0.639954] ata2: PATA max UDMA/33 cmd 0x170 ctl 0x376 bmdma 0xd008 irq 15
[    0.640038] tun: Universal TUN/TAP device driver, 1.6
[    0.640347] PPP generic driver version 2.4.2
[    0.640394] VFIO - User Level meta-driver version: 0.3
[    0.640632] ehci_hcd: USB 2.0 'Enhanced' Host Controller (EHCI) Driver
[    0.640635] ehci-pci: EHCI PCI platform driver
[    0.640652] ehci-platform: EHCI generic platform driver
[    0.640657] ohci_hcd: USB 1.1 'Open' Host Controller (OHCI) Driver
[    0.640659] ohci-pci: OHCI PCI platform driver
[    0.640664] ohci-platform: OHCI generic platform driver
[    0.640669] uhci_hcd: USB Universal Host Controller Interface driver
[    0.640735] i8042: PNP: PS/2 Controller [PNP0303:PS2K,PNP0f03:PS2M] at 0x60,0x64 irq 1,12
[    0.641176] serio: i8042 KBD port at 0x60,0x64 irq 1
[    0.641180] serio: i8042 AUX port at 0x60,0x64 irq 12
[    0.641267] mousedev: PS/2 mouse device common for all mice
[    0.641518] input: AT Translated Set 2 keyboard as /devices/platform/i8042/serio0/input/input2
[    0.641932] rtc_cmos rtc_cmos: registered as rtc0
[    0.641944] rtc_cmos rtc_cmos: alarms up to one day, 114 bytes nvram
[    0.641950] i2c /dev entries driver
[    0.641997] device-mapper: uevent: version 1.0.3
[    0.642039] device-mapper: ioctl: 4.41.0-ioctl (2019-09-16) initialised: dm-devel@redhat.com
[    0.642060] platform eisa.0: Probing EISA bus 0
[    0.642061] platform eisa.0: EISA: Cannot allocate resource for mainboard
[    0.642063] platform eisa.0: Cannot allocate resource for EISA slot 1
[    0.642064] platform eisa.0: Cannot allocate resource for EISA slot 2
[    0.642065] platform eisa.0: Cannot allocate resource for EISA slot 3
[    0.642066] platform eisa.0: Cannot allocate resource for EISA slot 4
[    0.642066] platform eisa.0: Cannot allocate resource for EISA slot 5
[    0.642067] platform eisa.0: Cannot allocate resource for EISA slot 6
[    0.642068] platform eisa.0: Cannot allocate resource for EISA slot 7
[    0.642069] platform eisa.0: Cannot allocate resource for EISA slot 8
[    0.642070] platform eisa.0: EISA: Detected 0 cards
[    0.642073] intel_pstate: CPU model not supported
[    0.642084] ledtrig-cpu: registered to indicate activity on CPUs
[    0.642138] drop_monitor: Initializing network drop monitor service
[    0.642299] NET: Registered protocol family 10
[    0.647388] Segment Routing with IPv6
[    0.647388] fullmesh registered
[    0.647388] ndiffports registered
[    0.647388] binder registered
[    0.647388] roundrobin registered
[    0.647388] mps registered
[    0.647388] redundant registered
[    0.647388] blest registered
[    0.647388] ecf registered
[    0.647388] NET: Registered protocol family 17
[    0.647388] Key type dns_resolver registered
[    0.647388] RAS: Correctable Errors collector initialized.
[    0.647388] IPI shorthand broadcast: enabled
[    0.647388] sched_clock: Marking stable (632217486, 11171358)->(645641524, -2252680)
[    0.647753] registered taskstats version 1
[    0.647764] Loading compiled-in X.509 certificates
[    0.648350] Loaded X.509 cert 'Build time autogenerated kernel key: 6909f3744cebb3d0de528d5887b96a727de79b1e'
[    0.648367] zswap: loaded using pool lzo/zbud
[    0.648421] Key type ._fscrypt registered
[    0.648422] Key type .fscrypt registered
[    0.652919] Key type big_key registered
[    0.655449] Key type encrypted registered
[    0.655452] AppArmor: AppArmor sha1 policy hashing enabled
[    0.655460] ima: No TPM chip found, activating TPM-bypass!
[    0.655464] ima: Allocated hash algorithm: sha1
[    0.655471] ima: No architecture policies found
[    0.655480] evm: Initialising EVM extended attributes:
[    0.655480] evm: security.selinux
[    0.655481] evm: security.SMACK64
[    0.655481] evm: security.SMACK64EXEC
[    0.655482] evm: security.SMACK64TRANSMUTE
[    0.655482] evm: security.SMACK64MMAP
[    0.655483] evm: security.apparmor
[    0.655484] evm: security.ima
[    0.655484] evm: security.capability
[    0.655485] evm: HMAC attrs: 0x1
[    0.655782] PM:   Magic number: 10:495:373
[    0.655808] vc vcsa1: hash matches
[    0.655894] rtc_cmos rtc_cmos: setting system clock to 2026-01-10T09:22:57 UTC (1768036977)
[    0.811245] ata1.00: ATA-6: VBOX HARDDISK, 1.0, max UDMA/133
[    0.811247] ata1.00: 209715200 sectors, multi 128: LBA 
[    0.811686] scsi 0:0:0:0: Direct-Access     ATA      VBOX HARDDISK    1.0  PQ: 0 ANSI: 5
[    0.811863] sd 0:0:0:0: [sda] 209715200 512-byte logical blocks: (107 GB/100 GiB)
[    0.811870] sd 0:0:0:0: [sda] Write Protect is off
[    0.811872] sd 0:0:0:0: [sda] Mode Sense: 00 3a 00 00
[    0.811881] sd 0:0:0:0: [sda] Write cache: enabled, read cache: enabled, doesn't support DPO or FUA
[    0.812079] sd 0:0:0:0: Attached scsi generic sg0 type 0
[    0.812679]  sda: sda1 sda2
[    0.823370] sd 0:0:0:0: [sda] Attached SCSI disk
[    0.825563] Freeing unused decrypted memory: 2040K
[    0.826329] Freeing unused kernel image memory: 2728K
[    0.826331] Write protecting the kernel read-only data: 22528k
[    0.827086] Freeing unused kernel image memory: 2036K
[    0.827522] Freeing unused kernel image memory: 1428K
[    0.842921] x86/mm: Checked W+X mappings: passed, no W+X pages found.
[    0.842924] Run /init as init process
[    0.959056] ACPI: Video Device [GFX0] (multi-head: yes  rom: no  post: no)
[    0.959131] input: Video Bus as /devices/LNXSYSTM:00/LNXSYBUS:00/PNP0A03:00/LNXVIDEO:00/input/input4
[    0.970792] pcnet32: pcnet32.c:v1.35 21.Apr.2008 tsbogend@alpha.franken.de
[    0.972610] piix4_smbus 0000:00:07.0: SMBus Host Controller at 0x4100, revision 0
[    0.975095] e1000: Intel(R) PRO/1000 Network Driver - version 7.3.21-k8-NAPI
[    0.975096] e1000: Copyright (c) 1999-2006 Intel Corporation.
[    0.987756] pcnet32: PCnet/FAST III 79C973 at 0xd020, 08:00:27:c4:13:22 assigned IRQ 19
[    0.987800] pcnet32: Found PHY 0022:561b at address 0
[    0.988113] pcnet32: eth0: registered as PCnet/FAST III 79C973
[    0.993572] pcnet32: 1 cards_found
[    1.059982] pcnet32 0000:00:03.0 enp0s3: renamed from eth0
[    1.190596] input: ImExPS/2 Generic Explorer Mouse as /devices/platform/i8042/serio1/input/input5
[    1.399777] e1000 0000:00:08.0 eth0: (PCI:33MHz:32-bit) 08:00:27:de:77:c8
[    1.399781] e1000 0000:00:08.0 eth0: Intel(R) PRO/1000 Network Connection
[    1.775721] e1000 0000:00:09.0 eth1: (PCI:33MHz:32-bit) 08:00:27:bc:7f:f6
[    1.775724] e1000 0000:00:09.0 eth1: Intel(R) PRO/1000 Network Connection
[    1.776911] e1000 0000:00:09.0 enp0s9: renamed from eth1
[    1.778798] e1000 0000:00:08.0 enp0s8: renamed from eth0
[    1.918303] EXT4-fs (sda2): mounted filesystem with ordered data mode. Opts: (null)
[    1.999690] systemd[1]: Inserted module 'autofs4'
[    2.009023] systemd[1]: systemd 245.4-4ubuntu3 running in system mode. (+PAM +AUDIT +SELINUX +IMA +APPARMOR +SMACK +SYSVINIT +UTMP +LIBCRYPTSETUP +GCRYPT +GNUTLS +ACL +XZ +LZ4 +SECCOMP +BLKID +ELFUTILS +KMOD +IDN2 -IDN +PCRE2 default-hierarchy=hybrid)
[    2.009050] systemd[1]: Detected virtualization oracle.
[    2.009053] systemd[1]: Detected architecture x86-64.
[    2.010346] systemd[1]: Set hostname to <ztg>.
[    2.134481] systemd[1]: /lib/systemd/system/dbus.socket:5: ListenStream= references a path below legacy directory /var/run/, updating /var/run/dbus/system_bus_socket â†’ /run/dbus/system_bus_socket; please update the unit file accordingly.
[    2.187593] systemd[1]: Created slice system-modprobe.slice.
[    2.187784] systemd[1]: Created slice User and Session Slice.
[    2.187828] systemd[1]: Started Forward Password Requests to Wall Directory Watch.
[    2.187989] systemd[1]: Set up automount Arbitrary Executable File Formats File System Automount Point.
[    2.188021] systemd[1]: Reached target User and Group Name Lookups.
[    2.188030] systemd[1]: Reached target Remote File Systems.
[    2.188038] systemd[1]: Reached target Slices.
[    2.188531] systemd[1]: Listening on Syslog Socket.
[    2.188595] systemd[1]: Listening on fsck to fsckd communication Socket.
[    2.188633] systemd[1]: Listening on initctl Compatibility Named Pipe.
[    2.188768] systemd[1]: Listening on Journal Audit Socket.
[    2.188819] systemd[1]: Listening on Journal Socket (/dev/log).
[    2.188903] systemd[1]: Listening on Journal Socket.
[    2.188966] systemd[1]: Listening on udev Control Socket.
[    2.189005] systemd[1]: Listening on udev Kernel Socket.
[    2.189758] systemd[1]: Mounting Huge Pages File System...
[    2.190727] systemd[1]: Mounting POSIX Message Queue File System...
[    2.191654] systemd[1]: Mounting Kernel Debug File System...
[    2.192464] systemd[1]: Mounting Kernel Trace File System...
[    2.194390] systemd[1]: Starting Journal Service...
[    2.217945] systemd[1]: Starting Set the console keyboard layout...
[    2.222749] systemd[1]: Starting Create list of static device nodes for the current kernel...
[    2.223594] systemd[1]: Starting Load Kernel Module drm...
[    2.226510] systemd[1]: Condition check resulted in Set Up Additional Binary Formats being skipped.
[    2.226568] systemd[1]: Condition check resulted in File System Check on Root Device being skipped.
[    2.230623] systemd[1]: Starting Load Kernel Modules...
[    2.236044] systemd[1]: Starting Remount Root and Kernel File Systems...
[    2.251466] systemd[1]: Starting udev Coldplug all Devices...
[    2.264311] systemd[1]: Starting Uncomplicated firewall...
[    2.265579] systemd[1]: Mounted Huge Pages File System.
[    2.265674] systemd[1]: Mounted POSIX Message Queue File System.
[    2.265748] systemd[1]: Mounted Kernel Debug File System.
[    2.265819] systemd[1]: Mounted Kernel Trace File System.
[    2.270102] EXT4-fs (sda2): re-mounted. Opts: errors=remount-ro
[    2.281321] systemd[1]: Finished Create list of static device nodes for the current kernel.
[    2.297186] systemd[1]: Finished Remount Root and Kernel File Systems.
[    2.303435] systemd[1]: Finished Uncomplicated firewall.
[    2.305613] systemd[1]: Condition check resulted in Rebuild Hardware Database being skipped.
[    2.305666] systemd[1]: Condition check resulted in Platform Persistent Storage Archival being skipped.
[    2.342546] systemd[1]: Starting Load/Save Random Seed...
[    2.343292] systemd[1]: Starting Create System Users...
[    2.343625] systemd[1]: modprobe@drm.service: Succeeded.
[    2.345150] lp: driver loaded but no devices found
[    2.354289] systemd[1]: Finished Load Kernel Module drm.
[    2.355041] systemd[1]: Finished Load/Save Random Seed.
[    2.356715] ppdev: user-space parallel port driver
[    2.365080] systemd[1]: Finished Create System Users.
[    2.365827] systemd[1]: Starting Create Static Device Nodes in /dev...
[    2.418457] systemd[1]: Finished udev Coldplug all Devices.
[    2.419824] systemd[1]: Finished Create Static Device Nodes in /dev.
[    2.420639] systemd[1]: Starting udev Kernel Device Manager...
[    2.440904] [drm] DMA map mode: Caching DMA mappings.
[    2.440966] [drm] Capabilities:
[    2.440967] [drm]   Rect copy.
[    2.440967] [drm]   Cursor.
[    2.440968] [drm]   Cursor bypass.
[    2.440968] [drm]   Cursor bypass 2.
[    2.440968] [drm]   Alpha cursor.
[    2.440969] [drm]   Extended Fifo.
[    2.440969] [drm]   Pitchlock.
[    2.440969] [drm]   Irq mask.
[    2.440970] [drm]   GMR.
[    2.440970] [drm]   Traces.
[    2.440970] [drm]   GMR2.
[    2.440971] [drm]   Screen Object 2.
[    2.440971] [drm]   Command Buffers.
[    2.440971] [drm]   Command Buffers 2.
[    2.440972] [drm]   Guest Backed Resources.
[    2.440973] [drm] Max GMR ids is 8192
[    2.440973] [drm] Max number of GMR pages is 1048576
[    2.440974] [drm] Max dedicated hypervisor surface memory is 393216 kiB
[    2.440974] [drm] Maximum display memory size is 131072 kiB
[    2.440975] [drm] VRAM at 0xe0000000 size is 131072 kiB
[    2.440975] [drm] MMIO at 0xf0000000 size is 2048 kiB
[    2.442161] [TTM] Zone  kernel: Available graphics memory: 1011736 KiB
[    2.442162] [TTM] Initializing pool allocator
[    2.442165] [TTM] Initializing DMA pool allocator
[    2.442192] [drm] Supports vblank timestamp caching Rev 2 (21.10.2013).
[    2.442192] [drm] No driver support for vblank timestamp query.
[    2.442410] [drm] Screen Target Display device initialized
[    2.442637] [drm] width 720
[    2.442647] [drm] height 400
[    2.442650] [drm] bpp 32
[    2.443189] [drm] Fifo max 0x00200000 min 0x00001000 cap 0x00000355
[    2.445303] [drm] Using command buffers with DMA pool.
[    2.445307] [drm] DX: no.
[    2.445307] [drm] Atomic: yes.
[    2.445308] [drm] SM4_1: no.
[    2.445327] [drm:vmw_host_log [vmwgfx]] *ERROR* Failed to send host log message.
[    2.446228] [drm:vmw_host_log [vmwgfx]] *ERROR* Failed to send host log message.
[    2.483785] fbcon: svgadrmfb (fb0) is primary device
[    2.486584] Console: switching to colour frame buffer device 100x37
[    2.492214] [drm] Initialized vmwgfx 2.15.0 20180704 for 0000:00:02.0 on minor 0
[    2.494315] systemd[1]: Finished Load Kernel Modules.
[    2.495323] systemd[1]: Mounting FUSE Control File System...
[    2.496498] systemd[1]: Mounting Kernel Configuration File System...
[    2.507497] systemd[1]: Starting Apply Kernel Variables...
[    2.512545] systemd[1]: Mounted FUSE Control File System.
[    2.512619] systemd[1]: Condition check resulted in VMware vmblock fuse mount being skipped.
[    2.516140] systemd[1]: Mounted Kernel Configuration File System.
[    2.523977] systemd[1]: Finished Set the console keyboard layout.
[    2.524092] systemd[1]: Reached target Local File Systems (Pre).
[    2.527051] systemd[1]: Mounting Mount unit for bare, revision 5...
[    2.536561] systemd[1]: Mounting Mount unit for core18, revision 1705...
[    2.555954] systemd[1]: Mounting Mount unit for core22, revision 2193...
[    2.565942] systemd[1]: Mounting Mount unit for gnome-3-34-1804, revision 24...
[    2.575560] systemd[1]: Mounting Mount unit for gnome-42-2204, revision 226...
[    2.582092] systemd[1]: Mounting Mount unit for gtk-common-themes, revision 1506...
[    2.585905] systemd[1]: Mounting Mount unit for gtk-common-themes, revision 1535...
[    2.609068] systemd[1]: Mounting Mount unit for snap-store, revision 1216...
[    2.618896] systemd[1]: Mounting Mount unit for snap-store, revision 433...
[    2.625119] systemd[1]: Mounting Mount unit for snapd, revision 25577...
[    2.635012] systemd[1]: Started udev Kernel Device Manager.
[    2.649873] systemd[1]: Finished Apply Kernel Variables.
[    2.650019] systemd[1]: Mounted Mount unit for bare, revision 5.
[    2.650103] systemd[1]: Mounted Mount unit for core22, revision 2193.
[    2.653114] systemd[1]: Starting Show Plymouth Boot Screen...
[    2.656889] systemd[1]: Mounted Mount unit for core18, revision 1705.
[    2.656984] systemd[1]: Mounted Mount unit for gnome-3-34-1804, revision 24.
[    2.659537] systemd[1]: Received SIGRTMIN+20 from PID 284 (plymouthd).
[    2.683294] systemd[1]: Started Show Plymouth Boot Screen.
[    2.683556] systemd[1]: Condition check resulted in Dispatch Password Requests to Console Directory Watch being skipped.
[    2.683654] systemd[1]: Started Forward Password Requests to Plymouth Directory Watch.
[    2.685107] systemd[1]: Reached target Local Encrypted Volumes.
[    2.719243] systemd[1]: Mounted Mount unit for gnome-42-2204, revision 226.
[    2.768566] systemd[1]: Mounted Mount unit for gtk-common-themes, revision 1506.
[    2.768875] systemd[1]: Mounted Mount unit for snap-store, revision 1216.
[    2.816881] systemd[1]: Mounted Mount unit for snap-store, revision 433.
[    2.831290] systemd[1]: Mounted Mount unit for snapd, revision 25577.
[    2.880954] systemd[1]: Mounted Mount unit for gtk-common-themes, revision 1535.
[    2.881189] systemd[1]: Reached target Local File Systems.
[    2.883575] systemd[1]: Starting Load AppArmor profiles...
[    2.889021] systemd[1]: Starting Set console font and keymap...
[    2.897978] systemd[1]: Starting Tell Plymouth To Write Out Runtime Data...
[    2.902633] systemd[1]: Condition check resulted in Store a System Token in an EFI Variable being skipped.
[    2.902664] systemd[1]: Condition check resulted in Commit a transient machine-id on disk being skipped.
[    2.903538] systemd[1]: Finished Set console font and keymap.
[    2.909549] systemd[1]: Received SIGRTMIN+20 from PID 284 (plymouthd).
[    2.910621] systemd[1]: plymouth-read-write.service: Succeeded.
[    2.910894] systemd[1]: Finished Tell Plymouth To Write Out Runtime Data.
[    2.947780] audit: type=1400 audit(1768036979.788:2): apparmor="STATUS" operation="profile_load" profile="unconfined" name="nvidia_modprobe" pid=306 comm="apparmor_parser"
[    2.947782] audit: type=1400 audit(1768036979.788:3): apparmor="STATUS" operation="profile_load" profile="unconfined" name="nvidia_modprobe//kmod" pid=306 comm="apparmor_parser"
[    2.953837] audit: type=1400 audit(1768036979.792:4): apparmor="STATUS" operation="profile_load" profile="unconfined" name="/usr/sbin/tcpdump" pid=307 comm="apparmor_parser"
[    2.997631] audit: type=1400 audit(1768036979.832:5): apparmor="STATUS" operation="profile_load" profile="unconfined" name="/usr/bin/evince" pid=309 comm="apparmor_parser"
[    2.997633] audit: type=1400 audit(1768036979.832:6): apparmor="STATUS" operation="profile_load" profile="unconfined" name="/usr/bin/evince//sanitized_helper" pid=309 comm="apparmor_parser"
[    2.997635] audit: type=1400 audit(1768036979.832:7): apparmor="STATUS" operation="profile_load" profile="unconfined" name="/usr/bin/evince-previewer" pid=309 comm="apparmor_parser"
[    2.997637] audit: type=1400 audit(1768036979.832:8): apparmor="STATUS" operation="profile_load" profile="unconfined" name="/usr/bin/evince-previewer//sanitized_helper" pid=309 comm="apparmor_parser"
[    2.997639] audit: type=1400 audit(1768036979.832:9): apparmor="STATUS" operation="profile_load" profile="unconfined" name="/usr/bin/evince-thumbnailer" pid=309 comm="apparmor_parser"
[    3.008612] audit: type=1400 audit(1768036979.848:10): apparmor="STATUS" operation="profile_load" profile="unconfined" name="/usr/lib/cups/backend/cups-pdf" pid=310 comm="apparmor_parser"
[    3.075386] systemd[1]: Finished Load AppArmor profiles.
[    3.076371] systemd[1]: Starting Load AppArmor profiles managed internally by snapd...
[    3.221258] systemd[1]: Finished Load AppArmor profiles managed internally by snapd.
[    3.235241] systemd[1]: Started Journal Service.
[    3.242279] systemd-journald[229]: Received client request to flush runtime journal.
[    3.244728] systemd-journald[229]: File /var/log/journal/c455b248004a419c87ce85eea238d727/system.journal corrupted or uncleanly shut down, renaming and replacing.
[    4.633374] RAPL PMU: API unit is 2^-32 Joules, 0 fixed counters, 10737418240 ms ovfl timer
[    4.692332] cryptd: max_cpu_qlen set to 1000
[    4.750481] AVX2 version of gcm_enc/dec engaged.
[    4.750482] AES CTR mode by8 optimization enabled
[    6.901427] Adding 1998844k swap on /dev/sda1.  Priority:-2 extents:1 across:1998844k FS
[    7.600655] AAAAA: Error looking up destination IP: 369098976 - net/ipv4/ip_output.c: 285: dac_mps_nexthops
[    7.668418] AAAAA: Error looking up destination IP: 4211081440 - net/ipv4/ip_output.c: 285: dac_mps_nexthops
[    7.927594] AAAAA: Error looking up destination IP: 4211081440 - net/ipv4/ip_output.c: 285: dac_mps_nexthops
[    7.957591] AAAAA: Error looking up destination IP: 369098976 - net/ipv4/ip_output.c: 285: dac_mps_nexthops
[    8.173413] AAAAA: Error looking up destination IP: 4211081440 - net/ipv4/ip_output.c: 285: dac_mps_nexthops
[    8.179954] kauditd_printk_skb: 31 callbacks suppressed
[    8.179964] audit: type=1400 audit(1768036985.016:42): apparmor="DENIED" operation="capable" profile="/usr/sbin/cups-browsed" pid=576 comm="cups-browsed" capability=23  capname="sys_nice"
[    8.281814] AAAAA: Error looking up destination IP: 4211081440 - net/ipv4/ip_output.c: 285: dac_mps_nexthops
[    8.387118] AAAAA: Error looking up destination IP: 4211081440 - net/ipv4/ip_output.c: 285: dac_mps_nexthops
[    9.288340] AAAAA: Error looking up destination IP: 4211081440 - net/ipv4/ip_output.c: 285: dac_mps_nexthops
[    9.383117] pcnet32 0000:00:03.0 enp0s3: link up, 100Mbps, full-duplex
[    9.429245] AAAAA: Error looking up destination IP: 4211081440 - net/ipv4/ip_output.c: 285: dac_mps_nexthops
[    9.429714] e1000: enp0s8 NIC Link is Up 1000 Mbps Full Duplex, Flow Control: RX
[    9.429989] IPv6: ADDRCONF(NETDEV_CHANGE): enp0s8: link becomes ready
[    9.449117] e1000: enp0s9 NIC Link is Up 1000 Mbps Full Duplex, Flow Control: RX
[    9.449410] IPv6: ADDRCONF(NETDEV_CHANGE): enp0s9: link becomes ready
[   10.117147] device enp0s3 entered promiscuous mode
[   10.150188] audit: type=1400 audit(1768036986.992:43): apparmor="DENIED" operation="open" profile="/usr/sbin/tcpdump" name="/proc/sys/kernel/random/boot_id" pid=708 comm="tcpdump" requested_mask="r" denied_mask="r" fsuid=0 ouid=0
[   10.150568] audit: type=1400 audit(1768036986.992:44): apparmor="DENIED" operation="open" profile="/usr/sbin/tcpdump" name="/proc/sys/kernel/random/boot_id" pid=708 comm="tcpdump" requested_mask="r" denied_mask="r" fsuid=0 ouid=0
[   10.150609] audit: type=1400 audit(1768036986.992:45): apparmor="DENIED" operation="open" profile="/usr/sbin/tcpdump" name="/proc/sys/kernel/random/boot_id" pid=708 comm="tcpdump" requested_mask="r" denied_mask="r" fsuid=0 ouid=0
[   10.150628] audit: type=1400 audit(1768036986.992:46): apparmor="DENIED" operation="open" profile="/usr/sbin/tcpdump" name="/proc/sys/kernel/random/boot_id" pid=708 comm="tcpdump" requested_mask="r" denied_mask="r" fsuid=0 ouid=0
[   10.155274] audit: type=1400 audit(1768036986.992:47): apparmor="DENIED" operation="open" profile="/usr/sbin/tcpdump" name="/proc/sys/kernel/random/boot_id" pid=709 comm="tcpdump" requested_mask="r" denied_mask="r" fsuid=0 ouid=0
[   10.155484] audit: type=1400 audit(1768036986.992:48): apparmor="DENIED" operation="open" profile="/usr/sbin/tcpdump" name="/proc/sys/kernel/random/boot_id" pid=709 comm="tcpdump" requested_mask="r" denied_mask="r" fsuid=0 ouid=0
[   10.155528] audit: type=1400 audit(1768036986.992:49): apparmor="DENIED" operation="open" profile="/usr/sbin/tcpdump" name="/proc/sys/kernel/random/boot_id" pid=709 comm="tcpdump" requested_mask="r" denied_mask="r" fsuid=0 ouid=0
[   10.155614] audit: type=1400 audit(1768036986.992:50): apparmor="DENIED" operation="open" profile="/usr/sbin/tcpdump" name="/proc/sys/kernel/random/boot_id" pid=709 comm="tcpdump" requested_mask="r" denied_mask="r" fsuid=0 ouid=0
[   16.234989] rfkill: input handler disabled
[  609.366417] rfkill: input handler enabled
[  617.965961] rfkill: input handler disabled
[  834.184586] device enp0s3 left promiscuous mode
