[    0.000000] Linux version 5.4.243-dmptcp (root@ztg) (gcc version 12.2.0 (Debian 12.2.0-14+deb12u1)) #119 SMP Wed Dec 24 23:52:51 CST 2025
[    0.000000] Command line: BOOT_IMAGE=/boot/vmlinuz-5.4.243-dmptcp root=UUID=98415a12-53b7-4144-8265-0f7ece09e445 ro quiet splash
[    0.000000] KERNEL supported cpus:
[    0.000000]   Intel GenuineIntel
[    0.000000]   AMD AuthenticAMD
[    0.000000]   Hygon HygonGenuine
[    0.000000]   Centaur CentaurHauls
[    0.000000]   zhaoxin   Shanghai  
[    0.000000] x86/fpu: Supporting XSAVE feature 0x001: 'x87 floating point registers'
[    0.000000] x86/fpu: Supporting XSAVE feature 0x002: 'SSE registers'
[    0.000000] x86/fpu: Supporting XSAVE feature 0x004: 'AVX registers'
[    0.000000] x86/fpu: xstate_offset[2]:  576, xstate_sizes[2]:  256
[    0.000000] x86/fpu: Enabled xstate features 0x7, context size is 832 bytes, using 'standard' format.
[    0.000000] BIOS-provided physical RAM map:
[    0.000000] BIOS-e820: [mem 0x0000000000000000-0x000000000009fbff] usable
[    0.000000] BIOS-e820: [mem 0x000000000009fc00-0x000000000009ffff] reserved
[    0.000000] BIOS-e820: [mem 0x00000000000f0000-0x00000000000fffff] reserved
[    0.000000] BIOS-e820: [mem 0x0000000000100000-0x000000007ffeffff] usable
[    0.000000] BIOS-e820: [mem 0x000000007fff0000-0x000000007fffffff] ACPI data
[    0.000000] BIOS-e820: [mem 0x00000000fec00000-0x00000000fec00fff] reserved
[    0.000000] BIOS-e820: [mem 0x00000000fee00000-0x00000000fee00fff] reserved
[    0.000000] BIOS-e820: [mem 0x00000000fffc0000-0x00000000ffffffff] reserved
[    0.000000] NX (Execute Disable) protection: active
[    0.000000] SMBIOS 2.5 present.
[    0.000000] DMI: innotek GmbH VirtualBox/VirtualBox, BIOS VirtualBox 12/01/2006
[    0.000000] Hypervisor detected: KVM
[    0.000000] kvm-clock: Using msrs 4b564d01 and 4b564d00
[    0.000000] kvm-clock: cpu 0, msr 6c601001, primary cpu clock
[    0.000000] kvm-clock: using sched offset of 4477446998 cycles
[    0.000003] clocksource: kvm-clock: mask: 0xffffffffffffffff max_cycles: 0x1cd42e4dffb, max_idle_ns: 881590591483 ns
[    0.000006] tsc: Detected 2100.000 MHz processor
[    0.001896] e820: update [mem 0x00000000-0x00000fff] usable ==> reserved
[    0.001898] e820: remove [mem 0x000a0000-0x000fffff] usable
[    0.001902] last_pfn = 0x7fff0 max_arch_pfn = 0x400000000
[    0.001973] MTRR default type: uncachable
[    0.001974] MTRR fixed ranges enabled:
[    0.001975]   00000-9FFFF write-back
[    0.001976]   A0000-BFFFF uncachable
[    0.001976]   C0000-FFFFF write-protect
[    0.001977] MTRR variable ranges enabled:
[    0.001978]   0 base 000000000000 mask 3FFF80000000 write-back
[    0.001979]   1 disabled
[    0.001979]   2 disabled
[    0.001980]   3 disabled
[    0.001980]   4 disabled
[    0.001981]   5 disabled
[    0.001981]   6 disabled
[    0.001981]   7 disabled
[    0.001982]   8 disabled
[    0.001982]   9 disabled
[    0.001983]   10 disabled
[    0.001983]   11 disabled
[    0.001984]   12 disabled
[    0.001984]   13 disabled
[    0.001984]   14 disabled
[    0.001985]   15 disabled
[    0.002002] x86/PAT: Configuration [0-7]: WB  WC  UC- UC  WB  WP  UC- WT  
[    0.002138] found SMP MP-table at [mem 0x0009fff0-0x0009ffff]
[    0.092985] check: Scanning 1 areas for low memory corruption
[    0.093119] RAMDISK: [mem 0x32271000-0x3512ffff]
[    0.093128] ACPI: Early table checksum verification disabled
[    0.093135] ACPI: RSDP 0x00000000000E0000 000024 (v02 VBOX  )
[    0.093140] ACPI: XSDT 0x000000007FFF0030 00003C (v01 VBOX   VBOXXSDT 00000001 ASL  00000061)
[    0.093147] ACPI: FACP 0x000000007FFF00F0 0000F4 (v04 VBOX   VBOXFACP 00000001 ASL  00000061)
[    0.093154] ACPI: DSDT 0x000000007FFF02E0 002353 (v02 VBOX   VBOXBIOS 00000002 VBOX 00029BF3)
[    0.093158] ACPI: FACS 0x000000007FFF0200 000040
[    0.093161] ACPI: FACS 0x000000007FFF0200 000040
[    0.093165] ACPI: APIC 0x000000007FFF0240 000054 (v02 VBOX   VBOXAPIC 00000001 ASL  00000061)
[    0.093169] ACPI: SSDT 0x000000007FFF02A0 000038 (v01 VBOX   VBOXCPUT 00000002 VBOX 00029BF3)
[    0.093172] ACPI: Reserving FACP table memory at [mem 0x7fff00f0-0x7fff01e3]
[    0.093173] ACPI: Reserving DSDT table memory at [mem 0x7fff02e0-0x7fff2632]
[    0.093173] ACPI: Reserving FACS table memory at [mem 0x7fff0200-0x7fff023f]
[    0.093174] ACPI: Reserving FACS table memory at [mem 0x7fff0200-0x7fff023f]
[    0.093175] ACPI: Reserving APIC table memory at [mem 0x7fff0240-0x7fff0293]
[    0.093176] ACPI: Reserving SSDT table memory at [mem 0x7fff02a0-0x7fff02d7]
[    0.093192] ACPI: Local APIC address 0xfee00000
[    0.093395] No NUMA configuration found
[    0.093397] Faking a node at [mem 0x0000000000000000-0x000000007ffeffff]
[    0.093408] NODE_DATA(0) allocated [mem 0x7ffc5000-0x7ffeffff]
[    0.094715] Zone ranges:
[    0.094716]   DMA      [mem 0x0000000000001000-0x0000000000ffffff]
[    0.094717]   DMA32    [mem 0x0000000001000000-0x000000007ffeffff]
[    0.094718]   Normal   empty
[    0.094719]   Device   empty
[    0.094720] Movable zone start for each node
[    0.094722] Early memory node ranges
[    0.094723]   node   0: [mem 0x0000000000001000-0x000000000009efff]
[    0.094724]   node   0: [mem 0x0000000000100000-0x000000007ffeffff]
[    0.095788] Zeroed struct page in unavailable ranges: 114 pages
[    0.095789] Initmem setup node 0 [mem 0x0000000000001000-0x000000007ffeffff]
[    0.095791] On node 0 totalpages: 524174
[    0.095792]   DMA zone: 64 pages used for memmap
[    0.095793]   DMA zone: 21 pages reserved
[    0.095794]   DMA zone: 3998 pages, LIFO batch:0
[    0.095876]   DMA32 zone: 8128 pages used for memmap
[    0.095877]   DMA32 zone: 520176 pages, LIFO batch:63
[    0.105836] ACPI: PM-Timer IO Port: 0x4008
[    0.105840] ACPI: Local APIC address 0xfee00000
[    0.105981] IOAPIC[0]: apic_id 1, version 32, address 0xfec00000, GSI 0-23
[    0.105985] ACPI: INT_SRC_OVR (bus 0 bus_irq 0 global_irq 2 dfl dfl)
[    0.105987] ACPI: INT_SRC_OVR (bus 0 bus_irq 9 global_irq 9 low level)
[    0.105990] ACPI: IRQ0 used by override.
[    0.105991] ACPI: IRQ9 used by override.
[    0.105993] Using ACPI (MADT) for SMP configuration information
[    0.106006] smpboot: Allowing 1 CPUs, 0 hotplug CPUs
[    0.106063] PM: Registered nosave memory: [mem 0x00000000-0x00000fff]
[    0.106064] PM: Registered nosave memory: [mem 0x0009f000-0x0009ffff]
[    0.106065] PM: Registered nosave memory: [mem 0x000a0000-0x000effff]
[    0.106066] PM: Registered nosave memory: [mem 0x000f0000-0x000fffff]
[    0.106068] [mem 0x80000000-0xfebfffff] available for PCI devices
[    0.106069] Booting paravirtualized kernel on KVM
[    0.106072] clocksource: refined-jiffies: mask: 0xffffffff max_cycles: 0xffffffff, max_idle_ns: 7645519600211568 ns
[    0.106078] setup_percpu: NR_CPUS:8192 nr_cpumask_bits:1 nr_cpu_ids:1 nr_node_ids:1
[    0.107379] percpu: Embedded 60 pages/cpu s208896 r8192 d28672 u2097152
[    0.107383] pcpu-alloc: s208896 r8192 d28672 u2097152 alloc=1*2097152
[    0.107384] pcpu-alloc: [0] 0 
[    0.107435] Built 1 zonelists, mobility grouping on.  Total pages: 515961
[    0.107436] Policy zone: DMA32
[    0.107437] Kernel command line: BOOT_IMAGE=/boot/vmlinuz-5.4.243-dmptcp root=UUID=98415a12-53b7-4144-8265-0f7ece09e445 ro quiet splash
[    0.108682] Dentry cache hash table entries: 262144 (order: 9, 2097152 bytes, linear)
[    0.108947] Inode-cache hash table entries: 131072 (order: 8, 1048576 bytes, linear)
[    0.109003] mem auto-init: stack:off, heap alloc:on, heap free:off
[    0.109006] Calgary: detecting Calgary via BIOS EBDA area
[    0.109007] Calgary: Unable to locate Rio Grande table in EBDA - bailing!
[    0.114141] Memory: 1967332K/2096696K available (14339K kernel code, 2399K rwdata, 4716K rodata, 2728K init, 17260K bss, 129364K reserved, 0K cma-reserved)
[    0.115455] SLUB: HWalign=64, Order=0-3, MinObjects=0, CPUs=1, Nodes=1
[    0.115474] ftrace: allocating 43203 entries in 169 pages
[    0.135768] rcu: Hierarchical RCU implementation.
[    0.135770] rcu: 	RCU restricting CPUs from NR_CPUS=8192 to nr_cpu_ids=1.
[    0.135771] 	Tasks RCU enabled.
[    0.135772] rcu: RCU calculated value of scheduler-enlistment delay is 25 jiffies.
[    0.135773] rcu: Adjusting geometry for rcu_fanout_leaf=16, nr_cpu_ids=1
[    0.138797] NR_IRQS: 524544, nr_irqs: 256, preallocated irqs: 16
[    0.139023] random: crng init done
[    0.148272] Console: colour VGA+ 80x25
[    0.148278] printk: console [tty0] enabled
[    0.148300] ACPI: Core revision 20190816
[    0.148402] APIC: Switch to symmetric I/O mode setup
[    0.148657] x2apic enabled
[    0.148892] Switched APIC routing to physical x2apic.
[    0.150025] ..TIMER: vector=0x30 apic1=0 pin1=2 apic2=-1 pin2=-1
[    0.150050] clocksource: tsc-early: mask: 0xffffffffffffffff max_cycles: 0x1e4530a99b6, max_idle_ns: 440795257976 ns
[    0.150057] Calibrating delay loop (skipped) preset value.. 4200.00 BogoMIPS (lpj=8400000)
[    0.150060] pid_max: default: 32768 minimum: 301
[    0.150088] LSM: Security Framework initializing
[    0.150098] Yama: becoming mindful.
[    0.150128] AppArmor: AppArmor initialized
[    0.150165] Mount-cache hash table entries: 4096 (order: 3, 32768 bytes, linear)
[    0.150172] Mountpoint-cache hash table entries: 4096 (order: 3, 32768 bytes, linear)
[    0.150184] *** VALIDATE tmpfs ***
[    0.150325] *** VALIDATE proc ***
[    0.150371] *** VALIDATE cgroup1 ***
[    0.150373] *** VALIDATE cgroup2 ***
[    0.150521] process: using mwait in idle threads
[    0.150526] Last level iTLB entries: 4KB 64, 2MB 8, 4MB 8
[    0.150527] Last level dTLB entries: 4KB 64, 2MB 0, 4MB 0, 1GB 4
[    0.150548] Spectre V1 : Mitigation: usercopy/swapgs barriers and __user pointer sanitization
[    0.150554] Spectre V2 : Mitigation: Retpolines
[    0.150555] Spectre V2 : Spectre v2 / SpectreRSB mitigation: Filling RSB on context switch
[    0.150556] Spectre V2 : Spectre v2 / SpectreRSB : Filling RSB on VMEXIT
[    0.150556] RETBleed: WARNING: Spectre v2 mitigation leaves CPU vulnerable to RETBleed attacks, data leaks possible!
[    0.150914] RETBleed: Vulnerable
[    0.150915] Speculative Store Bypass: Vulnerable
[    0.150920] TAA: Mitigation: TSX disabled
[    0.150920] MMIO Stale Data: Mitigation: Clear CPU buffers
[    0.158128] Freeing SMP alternatives memory: 40K
[    0.268760] smpboot: CPU0: Intel(R) Xeon(R) Silver 4216 CPU @ 2.10GHz (family: 0x6, model: 0x55, stepping: 0x7)
[    0.268927] Performance Events: unsupported p6 CPU model 85 no PMU driver, software events only.
[    0.268973] rcu: Hierarchical SRCU implementation.
[    0.269535] NMI watchdog: Perf NMI watchdog permanently disabled
[    0.269583] smp: Bringing up secondary CPUs ...
[    0.269584] smp: Brought up 1 node, 1 CPU
[    0.269585] smpboot: Max logical packages: 1
[    0.269586] smpboot: Total of 1 processors activated (4200.00 BogoMIPS)
[    0.270053] devtmpfs: initialized
[    0.270053] x86/mm: Memory block size: 128MB
[    0.270053] clocksource: jiffies: mask: 0xffffffff max_cycles: 0xffffffff, max_idle_ns: 7645041785100000 ns
[    0.270053] futex hash table entries: 256 (order: 2, 16384 bytes, linear)
[    0.270053] pinctrl core: initialized pinctrl subsystem
[    0.270053] PM: RTC time: 09:22:10, date: 2026-01-10
[    0.270053] NET: Registered protocol family 16
[    0.270053] audit: initializing netlink subsys (disabled)
[    0.270053] EISA bus registered
[    0.270053] cpuidle: using governor ladder
[    0.270053] cpuidle: using governor menu
[    0.270053] ACPI: bus type PCI registered
[    0.270053] acpiphp: ACPI Hot Plug PCI Controller Driver version: 0.5
[    0.270053] PCI: Using configuration type 1 for base access
[    0.271162] audit: type=2000 audit(1768008136.870:1): state=initialized audit_enabled=0 res=1
[    0.271259] HugeTLB registered 2.00 MiB page size, pre-allocated 0 pages
[    0.272167] ACPI: Added _OSI(Module Device)
[    0.272168] ACPI: Added _OSI(Processor Device)
[    0.272168] ACPI: Added _OSI(3.0 _SCP Extensions)
[    0.272169] ACPI: Added _OSI(Processor Aggregator Device)
[    0.272170] ACPI: Added _OSI(Linux-Dell-Video)
[    0.272171] ACPI: Added _OSI(Linux-Lenovo-NV-HDMI-Audio)
[    0.272172] ACPI: Added _OSI(Linux-HPI-Hybrid-Graphics)
[    0.274128] ACPI: 2 ACPI AML tables successfully acquired and loaded
[    0.275674] ACPI: Interpreter enabled
[    0.275684] ACPI: (supports S0 S5)
[    0.275685] ACPI: Using IOAPIC for interrupt routing
[    0.275890] PCI: Using host bridge windows from ACPI; if necessary, use "pci=nocrs" and report a bug
[    0.275996] ACPI: Enabled 2 GPEs in block 00 to 07
[    0.281027] ACPI: PCI Root Bridge [PCI0] (domain 0000 [bus 00-ff])
[    0.281033] acpi PNP0A03:00: _OSC: OS supports [ASPM ClockPM Segments MSI HPX-Type3]
[    0.281616] acpi PNP0A03:00: _OSC: not requesting OS control; OS requires [ExtendedConfig ASPM ClockPM MSI]
[    0.281624] acpi PNP0A03:00: fail to add MMCONFIG information, can't access extended PCI configuration space under this bridge.
[    0.282029] PCI host bridge to bus 0000:00
[    0.282031] pci_bus 0000:00: root bus resource [io  0x0000-0x0cf7 window]
[    0.282032] pci_bus 0000:00: root bus resource [io  0x0d00-0xffff window]
[    0.282033] pci_bus 0000:00: root bus resource [mem 0x000a0000-0x000bffff window]
[    0.282034] pci_bus 0000:00: root bus resource [mem 0x80000000-0xfdffffff window]
[    0.282036] pci_bus 0000:00: root bus resource [bus 00-ff]
[    0.282053] pci 0000:00:00.0: [8086:1237] type 00 class 0x060000
[    0.282916] pci 0000:00:01.0: [8086:7000] type 00 class 0x060100
[    0.283690] pci 0000:00:01.1: [8086:7111] type 00 class 0x01018a
[    0.284062] pci 0000:00:01.1: reg 0x20: [io  0xd000-0xd00f]
[    0.284216] pci 0000:00:01.1: legacy IDE quirk: reg 0x10: [io  0x01f0-0x01f7]
[    0.284217] pci 0000:00:01.1: legacy IDE quirk: reg 0x14: [io  0x03f6]
[    0.284218] pci 0000:00:01.1: legacy IDE quirk: reg 0x18: [io  0x0170-0x0177]
[    0.284219] pci 0000:00:01.1: legacy IDE quirk: reg 0x1c: [io  0x0376]
[    0.284749] pci 0000:00:02.0: [15ad:0405] type 00 class 0x030000
[    0.289351] pci 0000:00:02.0: reg 0x10: [io  0xd010-0xd01f]
[    0.291945] pci 0000:00:02.0: reg 0x14: [mem 0xe0000000-0xe7ffffff pref]
[    0.294102] pci 0000:00:02.0: reg 0x18: [mem 0xf0000000-0xf01fffff]
[    0.306130] pci 0000:00:03.0: [1022:2000] type 00 class 0x020000
[    0.306817] pci 0000:00:03.0: reg 0x10: [io  0xd020-0xd03f]
[    0.307427] pci 0000:00:03.0: reg 0x14: [mem 0xf0200000-0xf0200fff]
[    0.310899] pci 0000:00:04.0: [80ee:cafe] type 00 class 0x088000
[    0.311860] pci 0000:00:04.0: reg 0x10: [io  0xd040-0xd05f]
[    0.312732] pci 0000:00:04.0: reg 0x14: [mem 0xf0400000-0xf07fffff]
[    0.313606] pci 0000:00:04.0: reg 0x18: [mem 0xf0800000-0xf0803fff pref]
[    0.316571] pci 0000:00:07.0: [8086:7113] type 00 class 0x068000
[    0.318565] pci 0000:00:07.0: quirk: [io  0x4000-0x403f] claimed by PIIX4 ACPI
[    0.318576] pci 0000:00:07.0: quirk: [io  0x4100-0x410f] claimed by PIIX4 SMB
[    0.319189] pci 0000:00:08.0: [8086:100e] type 00 class 0x020000
[    0.319921] pci 0000:00:08.0: reg 0x10: [mem 0xf0820000-0xf083ffff]
[    0.321081] pci 0000:00:08.0: reg 0x18: [io  0xd060-0xd067]
[    0.324241] pci 0000:00:09.0: [8086:100e] type 00 class 0x020000
[    0.324945] pci 0000:00:09.0: reg 0x10: [mem 0xf0840000-0xf085ffff]
[    0.326145] pci 0000:00:09.0: reg 0x18: [io  0xd068-0xd06f]
[    0.335107] ACPI: PCI Interrupt Link [LNKA] (IRQs 5 9 10 *11)
[    0.335391] ACPI: PCI Interrupt Link [LNKB] (IRQs 5 9 *10 11)
[    0.335493] ACPI: PCI Interrupt Link [LNKC] (IRQs 5 *9 10 11)
[    0.335599] ACPI: PCI Interrupt Link [LNKD] (IRQs 5 9 10 *11)
[    0.335895] iommu: Default domain type: Translated 
[    0.335953] pci 0000:00:02.0: vgaarb: setting as boot VGA device
[    0.335955] pci 0000:00:02.0: vgaarb: VGA device added: decodes=io+mem,owns=io+mem,locks=none
[    0.335957] pci 0000:00:02.0: vgaarb: bridge control possible
[    0.335958] vgaarb: loaded
[    0.338264] SCSI subsystem initialized
[    0.338303] libata version 3.00 loaded.
[    0.338332] ACPI: bus type USB registered
[    0.338347] usbcore: registered new interface driver usbfs
[    0.338355] usbcore: registered new interface driver hub
[    0.338364] usbcore: registered new device driver usb
[    0.338393] pps_core: LinuxPPS API ver. 1 registered
[    0.338394] pps_core: Software ver. 5.3.6 - Copyright 2005-2007 Rodolfo Giometti <giometti@linux.it>
[    0.338398] PTP clock support registered
[    0.338440] EDAC MC: Ver: 3.0.0
[    0.338750] PCI: Using ACPI for IRQ routing
[    0.338751] PCI: pci_cache_line_size set to 64 bytes
[    0.338924] e820: reserve RAM buffer [mem 0x0009fc00-0x0009ffff]
[    0.338928] e820: reserve RAM buffer [mem 0x7fff0000-0x7fffffff]
[    0.340146] NetLabel: Initializing
[    0.340147] NetLabel:  domain hash size = 128
[    0.340147] NetLabel:  protocols = UNLABELED CIPSOv4 CALIPSO
[    0.340171] NetLabel:  unlabeled traffic allowed by default
[    0.341181] clocksource: Switched to clocksource kvm-clock
[    0.355451] *** VALIDATE bpf ***
[    0.355525] VFS: Disk quotas dquot_6.6.0
[    0.355540] VFS: Dquot-cache hash table entries: 512 (order 0, 4096 bytes)
[    0.355567] *** VALIDATE ramfs ***
[    0.355570] *** VALIDATE hugetlbfs ***
[    0.355668] AppArmor: AppArmor Filesystem Enabled
[    0.355701] pnp: PnP ACPI init
[    0.355719] pnp 00:00: Plug and Play ACPI device, IDs PNP0303 (active)
[    0.355866] pnp 00:01: Plug and Play ACPI device, IDs PNP0f03 (active)
[    0.356633] pnp: PnP ACPI: found 2 devices
[    0.357654] thermal_sys: Registered thermal governor 'fair_share'
[    0.357654] thermal_sys: Registered thermal governor 'bang_bang'
[    0.357655] thermal_sys: Registered thermal governor 'step_wise'
[    0.357656] thermal_sys: Registered thermal governor 'user_space'
[    0.357656] thermal_sys: Registered thermal governor 'power_allocator'
[    0.362203] clocksource: acpi_pm: mask: 0xffffff max_cycles: 0xffffff, max_idle_ns: 2085701024 ns
[    0.362248] pci_bus 0000:00: resource 4 [io  0x0000-0x0cf7 window]
[    0.362249] pci_bus 0000:00: resource 5 [io  0x0d00-0xffff window]
[    0.362251] pci_bus 0000:00: resource 6 [mem 0x000a0000-0x000bffff window]
[    0.362252] pci_bus 0000:00: resource 7 [mem 0x80000000-0xfdffffff window]
[    0.362317] NET: Registered protocol family 2
[    0.362429] IP idents hash table entries: 32768 (order: 6, 262144 bytes, linear)
[    0.362899] MPTCP tokens hash table entries: 8192 (order: 4, 65536 bytes, linear)
[    0.362930] MPTCP request tokens hash table entries: 8192 (order: 4, 65536 bytes, linear)
[    0.362957] default registered
[    0.362958] default registered
[    0.362958] MPTCP: Stable release v0.96
[    0.362966] tcp_listen_portaddr_hash hash table entries: 1024 (order: 2, 16384 bytes, linear)
[    0.363099] TCP established hash table entries: 16384 (order: 5, 131072 bytes, linear)
[    0.363194] TCP bind hash table entries: 16384 (order: 6, 262144 bytes, linear)
[    0.363206] TCP: Hash tables configured (established 16384 bind 16384)
[    0.364348] UDP hash table entries: 1024 (order: 3, 32768 bytes, linear)
[    0.364365] UDP-Lite hash table entries: 1024 (order: 3, 32768 bytes, linear)
[    0.364411] NET: Registered protocol family 1
[    0.364421] NET: Registered protocol family 44
[    0.364444] pci 0000:00:00.0: Limiting direct PCI/PCI transfers
[    0.364458] pci 0000:00:01.0: Activating ISA DMA hang workarounds
[    0.364514] pci 0000:00:02.0: Video device with shadowed ROM at [mem 0x000c0000-0x000dffff]
[    0.364579] PCI: CLS 0 bytes, default 64
[    0.364637] Trying to unpack rootfs image as initramfs...
[    0.587145] Freeing initrd memory: 47868K
[    0.587260] clocksource: tsc: mask: 0xffffffffffffffff max_cycles: 0x1e4530a99b6, max_idle_ns: 440795257976 ns
[    0.587272] clocksource: Switched to clocksource tsc
[    0.587330] platform rtc_cmos: registered platform RTC device (no PNP device found)
[    0.587353] check: Scanning for low memory corruption every 60 seconds
[    0.587742] Initialise system trusted keyrings
[    0.587754] Key type blacklist registered
[    0.587808] workingset: timestamp_bits=36 max_order=19 bucket_order=0
[    0.589202] zbud: loaded
[    0.589588] squashfs: version 4.0 (2009/01/31) Phillip Lougher
[    0.589731] fuse: init (API version 7.31)
[    0.589745] *** VALIDATE fuse ***
[    0.589747] *** VALIDATE fuse ***
[    0.589862] Platform Keyring initialized
[    0.590026] Key type asymmetric registered
[    0.590026] Asymmetric key parser 'x509' registered
[    0.590026] Block layer SCSI generic (bsg) driver version 0.4 loaded (major 244)
[    0.590026] io scheduler mq-deadline registered
[    0.590026] shpchp: Standard Hot Plug PCI Controller Driver version: 0.4
[    0.593350] ACPI: AC Adapter [AC] (on-line)
[    0.593400] input: Power Button as /devices/LNXSYSTM:00/LNXPWRBN:00/input/input0
[    0.593429] ACPI: Power Button [PWRF]
[    0.593516] input: Sleep Button as /devices/LNXSYSTM:00/LNXSLPBN:00/input/input1
[    0.593530] ACPI: Sleep Button [SLPF]
[    0.593780] Serial: 8250/16550 driver, 32 ports, IRQ sharing enabled
[    0.595009] Linux agpgart interface v0.103
[    0.691074] loop: module loaded
[    0.691266] ata_piix 0000:00:01.1: version 2.13
[    0.691727] scsi host0: ata_piix
[    0.691832] scsi host1: ata_piix
[    0.691860] ata1: PATA max UDMA/33 cmd 0x1f0 ctl 0x3f6 bmdma 0xd000 irq 14
[    0.691861] ata2: PATA max UDMA/33 cmd 0x170 ctl 0x376 bmdma 0xd008 irq 15
[    0.691969] tun: Universal TUN/TAP device driver, 1.6
[    0.692483] PPP generic driver version 2.4.2
[    0.692540] VFIO - User Level meta-driver version: 0.3
[    0.693011] ehci_hcd: USB 2.0 'Enhanced' Host Controller (EHCI) Driver
[    0.693014] ehci-pci: EHCI PCI platform driver
[    0.693042] ehci-platform: EHCI generic platform driver
[    0.693049] ohci_hcd: USB 1.1 'Open' Host Controller (OHCI) Driver
[    0.693051] ohci-pci: OHCI PCI platform driver
[    0.693057] ohci-platform: OHCI generic platform driver
[    0.693062] uhci_hcd: USB Universal Host Controller Interface driver
[    0.693161] i8042: PNP: PS/2 Controller [PNP0303:PS2K,PNP0f03:PS2M] at 0x60,0x64 irq 1,12
[    0.694294] serio: i8042 KBD port at 0x60,0x64 irq 1
[    0.694299] serio: i8042 AUX port at 0x60,0x64 irq 12
[    0.694400] mousedev: PS/2 mouse device common for all mice
[    0.694922] input: AT Translated Set 2 keyboard as /devices/platform/i8042/serio0/input/input2
[    0.695048] rtc_cmos rtc_cmos: registered as rtc0
[    0.695048] rtc_cmos rtc_cmos: alarms up to one day, 114 bytes nvram
[    0.695048] i2c /dev entries driver
[    0.695992] device-mapper: uevent: version 1.0.3
[    0.696041] device-mapper: ioctl: 4.41.0-ioctl (2019-09-16) initialised: dm-devel@redhat.com
[    0.696066] platform eisa.0: Probing EISA bus 0
[    0.696068] platform eisa.0: EISA: Cannot allocate resource for mainboard
[    0.696069] platform eisa.0: Cannot allocate resource for EISA slot 1
[    0.696070] platform eisa.0: Cannot allocate resource for EISA slot 2
[    0.696071] platform eisa.0: Cannot allocate resource for EISA slot 3
[    0.696072] platform eisa.0: Cannot allocate resource for EISA slot 4
[    0.696073] platform eisa.0: Cannot allocate resource for EISA slot 5
[    0.696074] platform eisa.0: Cannot allocate resource for EISA slot 6
[    0.696075] platform eisa.0: Cannot allocate resource for EISA slot 7
[    0.696076] platform eisa.0: Cannot allocate resource for EISA slot 8
[    0.696077] platform eisa.0: EISA: Detected 0 cards
[    0.696081] intel_pstate: CPU model not supported
[    0.696096] ledtrig-cpu: registered to indicate activity on CPUs
[    0.696161] drop_monitor: Initializing network drop monitor service
[    0.696335] NET: Registered protocol family 10
[    0.699970] Segment Routing with IPv6
[    0.699970] fullmesh registered
[    0.699970] ndiffports registered
[    0.699970] binder registered
[    0.699970] roundrobin registered
[    0.699970] mps registered
[    0.699970] redundant registered
[    0.699970] blest registered
[    0.699970] ecf registered
[    0.699970] NET: Registered protocol family 17
[    0.699970] Key type dns_resolver registered
[    0.699970] RAS: Correctable Errors collector initialized.
[    0.699970] IPI shorthand broadcast: enabled
[    0.699970] sched_clock: Marking stable (684930146, 11040635)->(699203031, -3232250)
[    0.702062] registered taskstats version 1
[    0.702075] Loading compiled-in X.509 certificates
[    0.702666] Loaded X.509 cert 'Build time autogenerated kernel key: 6909f3744cebb3d0de528d5887b96a727de79b1e'
[    0.702688] zswap: loaded using pool lzo/zbud
[    0.702749] Key type ._fscrypt registered
[    0.702750] Key type .fscrypt registered
[    0.707291] Key type big_key registered
[    0.709525] Key type encrypted registered
[    0.709528] AppArmor: AppArmor sha1 policy hashing enabled
[    0.709536] ima: No TPM chip found, activating TPM-bypass!
[    0.709540] ima: Allocated hash algorithm: sha1
[    0.709548] ima: No architecture policies found
[    0.709558] evm: Initialising EVM extended attributes:
[    0.709559] evm: security.selinux
[    0.709560] evm: security.SMACK64
[    0.709560] evm: security.SMACK64EXEC
[    0.709560] evm: security.SMACK64TRANSMUTE
[    0.709561] evm: security.SMACK64MMAP
[    0.709561] evm: security.apparmor
[    0.709562] evm: security.ima
[    0.709562] evm: security.capability
[    0.709563] evm: HMAC attrs: 0x1
[    0.709897] PM:   Magic number: 10:495:373
[    0.709928] vc vcsa1: hash matches
[    0.710050] rtc_cmos rtc_cmos: setting system clock to 2026-01-10T09:22:11 UTC (1768036931)
[    0.863024] ata1.00: ATA-6: VBOX HARDDISK, 1.0, max UDMA/133
[    0.863027] ata1.00: 209715200 sectors, multi 128: LBA 
[    0.863562] scsi 0:0:0:0: Direct-Access     ATA      VBOX HARDDISK    1.0  PQ: 0 ANSI: 5
[    0.863808] sd 0:0:0:0: [sda] 209715200 512-byte logical blocks: (107 GB/100 GiB)
[    0.863818] sd 0:0:0:0: [sda] Write Protect is off
[    0.863820] sd 0:0:0:0: [sda] Mode Sense: 00 3a 00 00
[    0.863837] sd 0:0:0:0: [sda] Write cache: enabled, read cache: enabled, doesn't support DPO or FUA
[    0.864141] sd 0:0:0:0: Attached scsi generic sg0 type 0
[    0.865157]  sda: sda1 sda2
[    0.875241] sd 0:0:0:0: [sda] Attached SCSI disk
[    0.878488] Freeing unused decrypted memory: 2040K
[    0.879735] Freeing unused kernel image memory: 2728K
[    0.879738] Write protecting the kernel read-only data: 22528k
[    0.880954] Freeing unused kernel image memory: 2036K
[    0.881639] Freeing unused kernel image memory: 1428K
[    0.904865] x86/mm: Checked W+X mappings: passed, no W+X pages found.
[    0.904871] Run /init as init process
[    1.010250] ACPI: Video Device [GFX0] (multi-head: yes  rom: no  post: no)
[    1.010328] input: Video Bus as /devices/LNXSYSTM:00/LNXSYBUS:00/PNP0A03:00/LNXVIDEO:00/input/input4
[    1.023588] piix4_smbus 0000:00:07.0: SMBus Host Controller at 0x4100, revision 0
[    1.027244] e1000: Intel(R) PRO/1000 Network Driver - version 7.3.21-k8-NAPI
[    1.027245] e1000: Copyright (c) 1999-2006 Intel Corporation.
[    1.038293] pcnet32: pcnet32.c:v1.35 21.Apr.2008 tsbogend@alpha.franken.de
[    1.039012] pcnet32: PCnet/FAST III 79C973 at 0xd020, 08:00:27:85:96:4f assigned IRQ 19
[    1.039056] pcnet32: Found PHY 0022:561b at address 0
[    1.053226] pcnet32: eth0: registered as PCnet/FAST III 79C973
[    1.055363] pcnet32: 1 cards_found
[    1.107752] pcnet32 0000:00:03.0 enp0s3: renamed from eth0
[    1.237995] input: ImExPS/2 Generic Explorer Mouse as /devices/platform/i8042/serio1/input/input5
[    1.439487] e1000 0000:00:08.0 eth0: (PCI:33MHz:32-bit) 08:00:27:5c:60:32
[    1.439492] e1000 0000:00:08.0 eth0: Intel(R) PRO/1000 Network Connection
[    1.811458] e1000 0000:00:09.0 eth1: (PCI:33MHz:32-bit) 08:00:27:4f:65:98
[    1.811461] e1000 0000:00:09.0 eth1: Intel(R) PRO/1000 Network Connection
[    1.812734] e1000 0000:00:08.0 enp0s8: renamed from eth0
[    1.814676] e1000 0000:00:09.0 enp0s9: renamed from eth1
[    1.959625] EXT4-fs (sda2): mounted filesystem with ordered data mode. Opts: (null)
[    2.054406] systemd[1]: Inserted module 'autofs4'
[    2.067243] systemd[1]: systemd 245.4-4ubuntu3 running in system mode. (+PAM +AUDIT +SELINUX +IMA +APPARMOR +SMACK +SYSVINIT +UTMP +LIBCRYPTSETUP +GCRYPT +GNUTLS +ACL +XZ +LZ4 +SECCOMP +BLKID +ELFUTILS +KMOD +IDN2 -IDN +PCRE2 default-hierarchy=hybrid)
[    2.067272] systemd[1]: Detected virtualization oracle.
[    2.067275] systemd[1]: Detected architecture x86-64.
[    2.068598] systemd[1]: Set hostname to <ztg>.
[    2.197842] systemd[1]: /lib/systemd/system/dbus.socket:5: ListenStream= references a path below legacy directory /var/run/, updating /var/run/dbus/system_bus_socket â†’ /run/dbus/system_bus_socket; please update the unit file accordingly.
[    2.253350] systemd[1]: Created slice system-modprobe.slice.
[    2.253549] systemd[1]: Created slice User and Session Slice.
[    2.253599] systemd[1]: Started Forward Password Requests to Wall Directory Watch.
[    2.253782] systemd[1]: Set up automount Arbitrary Executable File Formats File System Automount Point.
[    2.253821] systemd[1]: Reached target User and Group Name Lookups.
[    2.253829] systemd[1]: Reached target Remote File Systems.
[    2.253837] systemd[1]: Reached target Slices.
[    2.254398] systemd[1]: Listening on Syslog Socket.
[    2.254474] systemd[1]: Listening on fsck to fsckd communication Socket.
[    2.254516] systemd[1]: Listening on initctl Compatibility Named Pipe.
[    2.254663] systemd[1]: Listening on Journal Audit Socket.
[    2.254713] systemd[1]: Listening on Journal Socket (/dev/log).
[    2.254789] systemd[1]: Listening on Journal Socket.
[    2.254871] systemd[1]: Listening on udev Control Socket.
[    2.254914] systemd[1]: Listening on udev Kernel Socket.
[    2.255832] systemd[1]: Mounting Huge Pages File System...
[    2.256853] systemd[1]: Mounting POSIX Message Queue File System...
[    2.257787] systemd[1]: Mounting Kernel Debug File System...
[    2.258710] systemd[1]: Mounting Kernel Trace File System...
[    2.261339] systemd[1]: Starting Journal Service...
[    2.288482] systemd[1]: Starting Set the console keyboard layout...
[    2.294172] systemd[1]: Starting Create list of static device nodes for the current kernel...
[    2.299061] systemd[1]: Starting Load Kernel Module drm...
[    2.303576] systemd[1]: Condition check resulted in Set Up Additional Binary Formats being skipped.
[    2.304270] systemd[1]: Condition check resulted in File System Check on Root Device being skipped.
[    2.311704] systemd[1]: Starting Load Kernel Modules...
[    2.323714] systemd[1]: Starting Remount Root and Kernel File Systems...
[    2.329748] systemd[1]: Starting udev Coldplug all Devices...
[    2.341049] systemd[1]: Starting Uncomplicated firewall...
[    2.342393] systemd[1]: Mounted Huge Pages File System.
[    2.342494] systemd[1]: Mounted POSIX Message Queue File System.
[    2.342574] systemd[1]: Mounted Kernel Debug File System.
[    2.342701] systemd[1]: Mounted Kernel Trace File System.
[    2.344544] EXT4-fs (sda2): re-mounted. Opts: errors=remount-ro
[    2.352840] systemd[1]: Finished Create list of static device nodes for the current kernel.
[    2.353987] systemd[1]: modprobe@drm.service: Succeeded.
[    2.370316] systemd[1]: Finished Load Kernel Module drm.
[    2.371386] systemd[1]: Finished Remount Root and Kernel File Systems.
[    2.386625] systemd[1]: Finished Uncomplicated firewall.
[    2.388951] lp: driver loaded but no devices found
[    2.405932] systemd[1]: Condition check resulted in Rebuild Hardware Database being skipped.
[    2.405970] systemd[1]: Condition check resulted in Platform Persistent Storage Archival being skipped.
[    2.406672] systemd[1]: Starting Load/Save Random Seed...
[    2.413672] systemd[1]: Starting Create System Users...
[    2.419379] ppdev: user-space parallel port driver
[    2.429303] systemd[1]: Finished Load/Save Random Seed.
[    2.432287] systemd[1]: Finished Create System Users.
[    2.433104] systemd[1]: Starting Create Static Device Nodes in /dev...
[    2.473307] systemd[1]: Finished Create Static Device Nodes in /dev.
[    2.474134] systemd[1]: Starting udev Kernel Device Manager...
[    2.485461] systemd[1]: Finished udev Coldplug all Devices.
[    2.501299] [drm] DMA map mode: Caching DMA mappings.
[    2.501362] [drm] Capabilities:
[    2.501362] [drm]   Rect copy.
[    2.501362] [drm]   Cursor.
[    2.501363] [drm]   Cursor bypass.
[    2.501363] [drm]   Cursor bypass 2.
[    2.501363] [drm]   Alpha cursor.
[    2.501364] [drm]   Extended Fifo.
[    2.501364] [drm]   Pitchlock.
[    2.501364] [drm]   Irq mask.
[    2.501365] [drm]   GMR.
[    2.501365] [drm]   Traces.
[    2.501365] [drm]   GMR2.
[    2.501366] [drm]   Screen Object 2.
[    2.501366] [drm]   Command Buffers.
[    2.501367] [drm]   Command Buffers 2.
[    2.501367] [drm]   Guest Backed Resources.
[    2.501368] [drm] Max GMR ids is 8192
[    2.501369] [drm] Max number of GMR pages is 1048576
[    2.501369] [drm] Max dedicated hypervisor surface memory is 393216 kiB
[    2.501370] [drm] Maximum display memory size is 131072 kiB
[    2.501370] [drm] VRAM at 0xe0000000 size is 131072 kiB
[    2.501371] [drm] MMIO at 0xf0000000 size is 2048 kiB
[    2.507860] [TTM] Zone  kernel: Available graphics memory: 1011736 KiB
[    2.507861] [TTM] Initializing pool allocator
[    2.507865] [TTM] Initializing DMA pool allocator
[    2.507894] [drm] Supports vblank timestamp caching Rev 2 (21.10.2013).
[    2.507894] [drm] No driver support for vblank timestamp query.
[    2.508125] [drm] Screen Target Display device initialized
[    2.508422] [drm] width 720
[    2.508434] [drm] height 400
[    2.508437] [drm] bpp 32
[    2.509089] [drm] Fifo max 0x00200000 min 0x00001000 cap 0x00000355
[    2.510760] [drm] Using command buffers with DMA pool.
[    2.510765] [drm] DX: no.
[    2.510766] [drm] Atomic: yes.
[    2.510766] [drm] SM4_1: no.
[    2.510786] [drm:vmw_host_log [vmwgfx]] *ERROR* Failed to send host log message.
[    2.512212] [drm:vmw_host_log [vmwgfx]] *ERROR* Failed to send host log message.
[    2.559397] fbcon: svgadrmfb (fb0) is primary device
[    2.563861] Console: switching to colour frame buffer device 100x37
[    2.570171] systemd[1]: Finished Set the console keyboard layout.
[    2.570325] systemd[1]: Reached target Local File Systems (Pre).
[    2.572946] [drm] Initialized vmwgfx 2.15.0 20180704 for 0000:00:02.0 on minor 0
[    2.575964] systemd[1]: Mounting Mount unit for bare, revision 5...
[    2.590993] systemd[1]: Mounting Mount unit for core18, revision 1705...
[    2.598291] systemd[1]: Mounting Mount unit for core22, revision 2193...
[    2.611854] systemd[1]: Mounting Mount unit for gnome-3-34-1804, revision 24...
[    2.615578] systemd[1]: Mounting Mount unit for gnome-42-2204, revision 226...
[    2.641869] systemd[1]: Mounting Mount unit for gtk-common-themes, revision 1506...
[    2.643684] systemd[1]: Mounting Mount unit for gtk-common-themes, revision 1535...
[    2.649317] systemd[1]: Mounting Mount unit for snap-store, revision 1216...
[    2.662818] systemd[1]: Mounting Mount unit for snap-store, revision 433...
[    2.679541] systemd[1]: Mounting Mount unit for snapd, revision 25577...
[    2.694999] systemd[1]: Finished Load Kernel Modules.
[    2.695152] systemd[1]: Started udev Kernel Device Manager.
[    2.695243] systemd[1]: Mounted Mount unit for bare, revision 5.
[    2.695332] systemd[1]: Mounted Mount unit for core18, revision 1705.
[    2.695420] systemd[1]: Mounted Mount unit for core22, revision 2193.
[    2.695503] systemd[1]: Mounted Mount unit for gnome-3-34-1804, revision 24.
[    2.709183] systemd[1]: Mounting FUSE Control File System...
[    2.710473] systemd[1]: Mounting Kernel Configuration File System...
[    2.726353] systemd[1]: Starting Show Plymouth Boot Screen...
[    2.730865] systemd[1]: Starting Apply Kernel Variables...
[    2.732823] systemd[1]: Mounted FUSE Control File System.
[    2.751294] systemd[1]: Mounted Mount unit for gtk-common-themes, revision 1506.
[    2.754547] systemd[1]: Mounted Kernel Configuration File System.
[    2.755918] systemd[1]: Received SIGRTMIN+20 from PID 281 (plymouthd).
[    2.756010] systemd[1]: Condition check resulted in VMware vmblock fuse mount being skipped.
[    2.767924] systemd[1]: Started Show Plymouth Boot Screen.
[    2.769693] systemd[1]: Condition check resulted in Dispatch Password Requests to Console Directory Watch being skipped.
[    2.769793] systemd[1]: Started Forward Password Requests to Plymouth Directory Watch.
[    2.770598] systemd[1]: Reached target Local Encrypted Volumes.
[    2.774964] systemd[1]: Mounted Mount unit for gnome-42-2204, revision 226.
[    2.790482] systemd[1]: Mounted Mount unit for gtk-common-themes, revision 1535.
[    2.790958] systemd[1]: Finished Apply Kernel Variables.
[    2.822469] systemd[1]: Mounted Mount unit for snap-store, revision 433.
[    2.852328] systemd[1]: Mounted Mount unit for snap-store, revision 1216.
[    2.854787] systemd[1]: Mounted Mount unit for snapd, revision 25577.
[    2.854953] systemd[1]: Reached target Local File Systems.
[    2.855903] systemd[1]: Starting Load AppArmor profiles...
[    2.862813] systemd[1]: Starting Set console font and keymap...
[    2.872751] systemd[1]: Starting Tell Plymouth To Write Out Runtime Data...
[    2.875739] systemd[1]: Condition check resulted in Store a System Token in an EFI Variable being skipped.
[    2.875770] systemd[1]: Condition check resulted in Commit a transient machine-id on disk being skipped.
[    2.889597] systemd[1]: Received SIGRTMIN+20 from PID 281 (plymouthd).
[    2.890444] systemd[1]: plymouth-read-write.service: Succeeded.
[    2.890960] systemd[1]: Finished Tell Plymouth To Write Out Runtime Data.
[    2.891462] systemd[1]: Finished Set console font and keymap.
[    2.921566] audit: type=1400 audit(1768036933.708:2): apparmor="STATUS" operation="profile_load" profile="unconfined" name="nvidia_modprobe" pid=305 comm="apparmor_parser"
[    2.921568] audit: type=1400 audit(1768036933.708:3): apparmor="STATUS" operation="profile_load" profile="unconfined" name="nvidia_modprobe//kmod" pid=305 comm="apparmor_parser"
[    2.927779] audit: type=1400 audit(1768036933.716:4): apparmor="STATUS" operation="profile_load" profile="unconfined" name="/usr/sbin/tcpdump" pid=306 comm="apparmor_parser"
[    2.962606] audit: type=1400 audit(1768036933.740:5): apparmor="STATUS" operation="profile_load" profile="unconfined" name="/usr/bin/evince" pid=308 comm="apparmor_parser"
[    2.962608] audit: type=1400 audit(1768036933.740:6): apparmor="STATUS" operation="profile_load" profile="unconfined" name="/usr/bin/evince//sanitized_helper" pid=308 comm="apparmor_parser"
[    2.962609] audit: type=1400 audit(1768036933.740:7): apparmor="STATUS" operation="profile_load" profile="unconfined" name="/usr/bin/evince-previewer" pid=308 comm="apparmor_parser"
[    2.962611] audit: type=1400 audit(1768036933.740:8): apparmor="STATUS" operation="profile_load" profile="unconfined" name="/usr/bin/evince-previewer//sanitized_helper" pid=308 comm="apparmor_parser"
[    2.962612] audit: type=1400 audit(1768036933.740:9): apparmor="STATUS" operation="profile_load" profile="unconfined" name="/usr/bin/evince-thumbnailer" pid=308 comm="apparmor_parser"
[    2.995642] audit: type=1400 audit(1768036933.780:10): apparmor="STATUS" operation="profile_load" profile="unconfined" name="/usr/lib/cups/backend/cups-pdf" pid=309 comm="apparmor_parser"
[    3.060432] systemd[1]: Finished Load AppArmor profiles.
[    3.061592] systemd[1]: Starting Load AppArmor profiles managed internally by snapd...
[    3.209248] systemd[1]: Finished Load AppArmor profiles managed internally by snapd.
[    3.296599] systemd[1]: Started Journal Service.
[    3.304269] systemd-journald[229]: Received client request to flush runtime journal.
[    3.308540] systemd-journald[229]: File /var/log/journal/c455b248004a419c87ce85eea238d727/system.journal corrupted or uncleanly shut down, renaming and replacing.
[    4.645923] RAPL PMU: API unit is 2^-32 Joules, 0 fixed counters, 10737418240 ms ovfl timer
[    4.731543] cryptd: max_cpu_qlen set to 1000
[    4.795225] AVX2 version of gcm_enc/dec engaged.
[    4.795226] AES CTR mode by8 optimization enabled
[    6.807437] Adding 1998844k swap on /dev/sda1.  Priority:-2 extents:1 across:1998844k FS
[    7.483990] AAAAA: Error looking up destination IP: 369098976 - net/ipv4/ip_output.c: 285: dac_mps_nexthops
[    7.738825] AAAAA: Error looking up destination IP: 4211081440 - net/ipv4/ip_output.c: 285: dac_mps_nexthops
[    7.959863] AAAAA: Error looking up destination IP: 369098976 - net/ipv4/ip_output.c: 285: dac_mps_nexthops
[    7.995223] AAAAA: Error looking up destination IP: 4211081440 - net/ipv4/ip_output.c: 285: dac_mps_nexthops
[    8.046880] kauditd_printk_skb: 31 callbacks suppressed
[    8.046881] audit: type=1400 audit(1768036938.832:42): apparmor="DENIED" operation="capable" profile="/usr/sbin/cups-browsed" pid=572 comm="cups-browsed" capability=23  capname="sys_nice"
[    8.153861] AAAAA: Error looking up destination IP: 4211081440 - net/ipv4/ip_output.c: 285: dac_mps_nexthops
[    8.249816] AAAAA: Error looking up destination IP: 4211081440 - net/ipv4/ip_output.c: 285: dac_mps_nexthops
[    8.442421] AAAAA: Error looking up destination IP: 4211081440 - net/ipv4/ip_output.c: 285: dac_mps_nexthops
[    9.162560] AAAAA: Error looking up destination IP: 4211081440 - net/ipv4/ip_output.c: 285: dac_mps_nexthops
[    9.292476] pcnet32 0000:00:03.0 enp0s3: link up, 100Mbps, full-duplex
[    9.335357] e1000: enp0s8 NIC Link is Up 1000 Mbps Full Duplex, Flow Control: RX
[    9.335674] IPv6: ADDRCONF(NETDEV_CHANGE): enp0s8: link becomes ready
[    9.360261] e1000: enp0s9 NIC Link is Up 1000 Mbps Full Duplex, Flow Control: RX
[    9.360545] IPv6: ADDRCONF(NETDEV_CHANGE): enp0s9: link becomes ready
[   10.025289] device enp0s3 entered promiscuous mode
[   10.052762] audit: type=1400 audit(1768036940.836:43): apparmor="DENIED" operation="open" profile="/usr/sbin/tcpdump" name="/proc/sys/kernel/random/boot_id" pid=705 comm="tcpdump" requested_mask="r" denied_mask="r" fsuid=0 ouid=0
[   10.054498] audit: type=1400 audit(1768036940.836:44): apparmor="DENIED" operation="open" profile="/usr/sbin/tcpdump" name="/proc/sys/kernel/random/boot_id" pid=705 comm="tcpdump" requested_mask="r" denied_mask="r" fsuid=0 ouid=0
[   10.054585] audit: type=1400 audit(1768036940.836:45): apparmor="DENIED" operation="open" profile="/usr/sbin/tcpdump" name="/proc/sys/kernel/random/boot_id" pid=705 comm="tcpdump" requested_mask="r" denied_mask="r" fsuid=0 ouid=0
[   10.054693] audit: type=1400 audit(1768036940.836:46): apparmor="DENIED" operation="open" profile="/usr/sbin/tcpdump" name="/proc/sys/kernel/random/boot_id" pid=705 comm="tcpdump" requested_mask="r" denied_mask="r" fsuid=0 ouid=0
[   10.057143] audit: type=1400 audit(1768036940.836:47): apparmor="DENIED" operation="open" profile="/usr/sbin/tcpdump" name="/proc/sys/kernel/random/boot_id" pid=706 comm="tcpdump" requested_mask="r" denied_mask="r" fsuid=0 ouid=0
[   10.057310] audit: type=1400 audit(1768036940.836:48): apparmor="DENIED" operation="open" profile="/usr/sbin/tcpdump" name="/proc/sys/kernel/random/boot_id" pid=706 comm="tcpdump" requested_mask="r" denied_mask="r" fsuid=0 ouid=0
[   10.057382] audit: type=1400 audit(1768036940.836:49): apparmor="DENIED" operation="open" profile="/usr/sbin/tcpdump" name="/proc/sys/kernel/random/boot_id" pid=706 comm="tcpdump" requested_mask="r" denied_mask="r" fsuid=0 ouid=0
[   10.057466] audit: type=1400 audit(1768036940.836:50): apparmor="DENIED" operation="open" profile="/usr/sbin/tcpdump" name="/proc/sys/kernel/random/boot_id" pid=706 comm="tcpdump" requested_mask="r" denied_mask="r" fsuid=0 ouid=0
[   16.238357] rfkill: input handler disabled
[  564.274726] rfkill: input handler enabled
[  573.964532] rfkill: input handler disabled
[  763.557278] device enp0s3 left promiscuous mode
