[    0.000000] Linux version 5.4.243-dmptcp (root@ztg) (gcc version 12.2.0 (Debian 12.2.0-14+deb12u1)) #119 SMP Wed Dec 24 23:52:51 CST 2025
[    0.000000] Command line: BOOT_IMAGE=/boot/vmlinuz-5.4.243-dmptcp root=UUID=98415a12-53b7-4144-8265-0f7ece09e445 ro quiet splash
[    0.000000] KERNEL supported cpus:
[    0.000000]   Intel GenuineIntel
[    0.000000]   AMD AuthenticAMD
[    0.000000]   Hygon HygonGenuine
[    0.000000]   Centaur CentaurHauls
[    0.000000]   zhaoxin   Shanghai  
[    0.000000] x86/fpu: Supporting XSAVE feature 0x001: 'x87 floating point registers'
[    0.000000] x86/fpu: Supporting XSAVE feature 0x002: 'SSE registers'
[    0.000000] x86/fpu: Supporting XSAVE feature 0x004: 'AVX registers'
[    0.000000] x86/fpu: xstate_offset[2]:  576, xstate_sizes[2]:  256
[    0.000000] x86/fpu: Enabled xstate features 0x7, context size is 832 bytes, using 'standard' format.
[    0.000000] BIOS-provided physical RAM map:
[    0.000000] BIOS-e820: [mem 0x0000000000000000-0x000000000009fbff] usable
[    0.000000] BIOS-e820: [mem 0x000000000009fc00-0x000000000009ffff] reserved
[    0.000000] BIOS-e820: [mem 0x00000000000f0000-0x00000000000fffff] reserved
[    0.000000] BIOS-e820: [mem 0x0000000000100000-0x000000007ffeffff] usable
[    0.000000] BIOS-e820: [mem 0x000000007fff0000-0x000000007fffffff] ACPI data
[    0.000000] BIOS-e820: [mem 0x00000000fec00000-0x00000000fec00fff] reserved
[    0.000000] BIOS-e820: [mem 0x00000000fee00000-0x00000000fee00fff] reserved
[    0.000000] BIOS-e820: [mem 0x00000000fffc0000-0x00000000ffffffff] reserved
[    0.000000] NX (Execute Disable) protection: active
[    0.000000] SMBIOS 2.5 present.
[    0.000000] DMI: innotek GmbH VirtualBox/VirtualBox, BIOS VirtualBox 12/01/2006
[    0.000000] Hypervisor detected: KVM
[    0.000000] kvm-clock: Using msrs 4b564d01 and 4b564d00
[    0.000000] kvm-clock: cpu 0, msr 62a01001, primary cpu clock
[    0.000000] kvm-clock: using sched offset of 4465418736 cycles
[    0.000003] clocksource: kvm-clock: mask: 0xffffffffffffffff max_cycles: 0x1cd42e4dffb, max_idle_ns: 881590591483 ns
[    0.000006] tsc: Detected 2100.000 MHz processor
[    0.001899] e820: update [mem 0x00000000-0x00000fff] usable ==> reserved
[    0.001901] e820: remove [mem 0x000a0000-0x000fffff] usable
[    0.001906] last_pfn = 0x7fff0 max_arch_pfn = 0x400000000
[    0.001974] MTRR default type: uncachable
[    0.001975] MTRR fixed ranges enabled:
[    0.001976]   00000-9FFFF write-back
[    0.001977]   A0000-BFFFF uncachable
[    0.001978]   C0000-FFFFF write-protect
[    0.001978] MTRR variable ranges enabled:
[    0.001980]   0 base 000000000000 mask 3FFF80000000 write-back
[    0.001980]   1 disabled
[    0.001981]   2 disabled
[    0.001981]   3 disabled
[    0.001982]   4 disabled
[    0.001982]   5 disabled
[    0.001983]   6 disabled
[    0.001983]   7 disabled
[    0.001983]   8 disabled
[    0.001984]   9 disabled
[    0.001984]   10 disabled
[    0.001985]   11 disabled
[    0.001985]   12 disabled
[    0.001986]   13 disabled
[    0.001986]   14 disabled
[    0.001986]   15 disabled
[    0.002003] x86/PAT: Configuration [0-7]: WB  WC  UC- UC  WB  WP  UC- WT  
[    0.002138] found SMP MP-table at [mem 0x0009fff0-0x0009ffff]
[    0.094129] check: Scanning 1 areas for low memory corruption
[    0.094275] RAMDISK: [mem 0x32271000-0x3512ffff]
[    0.094284] ACPI: Early table checksum verification disabled
[    0.094289] ACPI: RSDP 0x00000000000E0000 000024 (v02 VBOX  )
[    0.094294] ACPI: XSDT 0x000000007FFF0030 00003C (v01 VBOX   VBOXXSDT 00000001 ASL  00000061)
[    0.094300] ACPI: FACP 0x000000007FFF00F0 0000F4 (v04 VBOX   VBOXFACP 00000001 ASL  00000061)
[    0.094307] ACPI: DSDT 0x000000007FFF02E0 002353 (v02 VBOX   VBOXBIOS 00000002 VBOX 00029BF3)
[    0.094311] ACPI: FACS 0x000000007FFF0200 000040
[    0.094314] ACPI: FACS 0x000000007FFF0200 000040
[    0.094318] ACPI: APIC 0x000000007FFF0240 000054 (v02 VBOX   VBOXAPIC 00000001 ASL  00000061)
[    0.094321] ACPI: SSDT 0x000000007FFF02A0 000038 (v01 VBOX   VBOXCPUT 00000002 VBOX 00029BF3)
[    0.094325] ACPI: Reserving FACP table memory at [mem 0x7fff00f0-0x7fff01e3]
[    0.094325] ACPI: Reserving DSDT table memory at [mem 0x7fff02e0-0x7fff2632]
[    0.094326] ACPI: Reserving FACS table memory at [mem 0x7fff0200-0x7fff023f]
[    0.094327] ACPI: Reserving FACS table memory at [mem 0x7fff0200-0x7fff023f]
[    0.094327] ACPI: Reserving APIC table memory at [mem 0x7fff0240-0x7fff0293]
[    0.094328] ACPI: Reserving SSDT table memory at [mem 0x7fff02a0-0x7fff02d7]
[    0.094343] ACPI: Local APIC address 0xfee00000
[    0.094531] No NUMA configuration found
[    0.094532] Faking a node at [mem 0x0000000000000000-0x000000007ffeffff]
[    0.094543] NODE_DATA(0) allocated [mem 0x7ffc5000-0x7ffeffff]
[    0.095508] Zone ranges:
[    0.095509]   DMA      [mem 0x0000000000001000-0x0000000000ffffff]
[    0.095511]   DMA32    [mem 0x0000000001000000-0x000000007ffeffff]
[    0.095511]   Normal   empty
[    0.095512]   Device   empty
[    0.095513] Movable zone start for each node
[    0.095515] Early memory node ranges
[    0.095516]   node   0: [mem 0x0000000000001000-0x000000000009efff]
[    0.095516]   node   0: [mem 0x0000000000100000-0x000000007ffeffff]
[    0.096161] Zeroed struct page in unavailable ranges: 114 pages
[    0.096162] Initmem setup node 0 [mem 0x0000000000001000-0x000000007ffeffff]
[    0.096164] On node 0 totalpages: 524174
[    0.096165]   DMA zone: 64 pages used for memmap
[    0.096166]   DMA zone: 21 pages reserved
[    0.096167]   DMA zone: 3998 pages, LIFO batch:0
[    0.096240]   DMA32 zone: 8128 pages used for memmap
[    0.096240]   DMA32 zone: 520176 pages, LIFO batch:63
[    0.105166] ACPI: PM-Timer IO Port: 0x4008
[    0.105169] ACPI: Local APIC address 0xfee00000
[    0.105241] IOAPIC[0]: apic_id 1, version 32, address 0xfec00000, GSI 0-23
[    0.105244] ACPI: INT_SRC_OVR (bus 0 bus_irq 0 global_irq 2 dfl dfl)
[    0.105246] ACPI: INT_SRC_OVR (bus 0 bus_irq 9 global_irq 9 low level)
[    0.105248] ACPI: IRQ0 used by override.
[    0.105249] ACPI: IRQ9 used by override.
[    0.105251] Using ACPI (MADT) for SMP configuration information
[    0.105259] smpboot: Allowing 1 CPUs, 0 hotplug CPUs
[    0.105282] PM: Registered nosave memory: [mem 0x00000000-0x00000fff]
[    0.105284] PM: Registered nosave memory: [mem 0x0009f000-0x0009ffff]
[    0.105284] PM: Registered nosave memory: [mem 0x000a0000-0x000effff]
[    0.105285] PM: Registered nosave memory: [mem 0x000f0000-0x000fffff]
[    0.105287] [mem 0x80000000-0xfebfffff] available for PCI devices
[    0.105287] Booting paravirtualized kernel on KVM
[    0.105291] clocksource: refined-jiffies: mask: 0xffffffff max_cycles: 0xffffffff, max_idle_ns: 7645519600211568 ns
[    0.105296] setup_percpu: NR_CPUS:8192 nr_cpumask_bits:1 nr_cpu_ids:1 nr_node_ids:1
[    0.106253] percpu: Embedded 60 pages/cpu s208896 r8192 d28672 u2097152
[    0.106257] pcpu-alloc: s208896 r8192 d28672 u2097152 alloc=1*2097152
[    0.106258] pcpu-alloc: [0] 0 
[    0.106286] Built 1 zonelists, mobility grouping on.  Total pages: 515961
[    0.106286] Policy zone: DMA32
[    0.106288] Kernel command line: BOOT_IMAGE=/boot/vmlinuz-5.4.243-dmptcp root=UUID=98415a12-53b7-4144-8265-0f7ece09e445 ro quiet splash
[    0.107160] Dentry cache hash table entries: 262144 (order: 9, 2097152 bytes, linear)
[    0.107422] Inode-cache hash table entries: 131072 (order: 8, 1048576 bytes, linear)
[    0.107474] mem auto-init: stack:off, heap alloc:on, heap free:off
[    0.107477] Calgary: detecting Calgary via BIOS EBDA area
[    0.107478] Calgary: Unable to locate Rio Grande table in EBDA - bailing!
[    0.111541] Memory: 1967332K/2096696K available (14339K kernel code, 2399K rwdata, 4716K rodata, 2728K init, 17260K bss, 129364K reserved, 0K cma-reserved)
[    0.112464] SLUB: HWalign=64, Order=0-3, MinObjects=0, CPUs=1, Nodes=1
[    0.112480] ftrace: allocating 43203 entries in 169 pages
[    0.130639] rcu: Hierarchical RCU implementation.
[    0.130641] rcu: 	RCU restricting CPUs from NR_CPUS=8192 to nr_cpu_ids=1.
[    0.130642] 	Tasks RCU enabled.
[    0.130643] rcu: RCU calculated value of scheduler-enlistment delay is 25 jiffies.
[    0.130643] rcu: Adjusting geometry for rcu_fanout_leaf=16, nr_cpu_ids=1
[    0.133614] NR_IRQS: 524544, nr_irqs: 256, preallocated irqs: 16
[    0.133837] random: crng init done
[    0.143100] Console: colour VGA+ 80x25
[    0.143105] printk: console [tty0] enabled
[    0.143125] ACPI: Core revision 20190816
[    0.143223] APIC: Switch to symmetric I/O mode setup
[    0.143471] x2apic enabled
[    0.143707] Switched APIC routing to physical x2apic.
[    0.144835] ..TIMER: vector=0x30 apic1=0 pin1=2 apic2=-1 pin2=-1
[    0.144863] clocksource: tsc-early: mask: 0xffffffffffffffff max_cycles: 0x1e4530a99b6, max_idle_ns: 440795257976 ns
[    0.144868] Calibrating delay loop (skipped) preset value.. 4200.00 BogoMIPS (lpj=8400000)
[    0.144871] pid_max: default: 32768 minimum: 301
[    0.144897] LSM: Security Framework initializing
[    0.144906] Yama: becoming mindful.
[    0.144933] AppArmor: AppArmor initialized
[    0.144965] Mount-cache hash table entries: 4096 (order: 3, 32768 bytes, linear)
[    0.144969] Mountpoint-cache hash table entries: 4096 (order: 3, 32768 bytes, linear)
[    0.144979] *** VALIDATE tmpfs ***
[    0.145110] *** VALIDATE proc ***
[    0.145151] *** VALIDATE cgroup1 ***
[    0.145152] *** VALIDATE cgroup2 ***
[    0.145294] process: using mwait in idle threads
[    0.145298] Last level iTLB entries: 4KB 64, 2MB 8, 4MB 8
[    0.145299] Last level dTLB entries: 4KB 64, 2MB 0, 4MB 0, 1GB 4
[    0.145319] Spectre V1 : Mitigation: usercopy/swapgs barriers and __user pointer sanitization
[    0.145325] Spectre V2 : Mitigation: Retpolines
[    0.145325] Spectre V2 : Spectre v2 / SpectreRSB mitigation: Filling RSB on context switch
[    0.145326] Spectre V2 : Spectre v2 / SpectreRSB : Filling RSB on VMEXIT
[    0.145327] RETBleed: WARNING: Spectre v2 mitigation leaves CPU vulnerable to RETBleed attacks, data leaks possible!
[    0.145683] RETBleed: Vulnerable
[    0.145683] Speculative Store Bypass: Vulnerable
[    0.145688] TAA: Mitigation: TSX disabled
[    0.145688] MMIO Stale Data: Mitigation: Clear CPU buffers
[    0.149886] Freeing SMP alternatives memory: 40K
[    0.262424] smpboot: CPU0: Intel(R) Xeon(R) Silver 4216 CPU @ 2.10GHz (family: 0x6, model: 0x55, stepping: 0x7)
[    0.262558] Performance Events: unsupported p6 CPU model 85 no PMU driver, software events only.
[    0.262596] rcu: Hierarchical SRCU implementation.
[    0.263071] NMI watchdog: Perf NMI watchdog permanently disabled
[    0.263108] smp: Bringing up secondary CPUs ...
[    0.263109] smp: Brought up 1 node, 1 CPU
[    0.263110] smpboot: Max logical packages: 1
[    0.263111] smpboot: Total of 1 processors activated (4200.00 BogoMIPS)
[    0.264073] devtmpfs: initialized
[    0.264120] x86/mm: Memory block size: 128MB
[    0.264465] clocksource: jiffies: mask: 0xffffffff max_cycles: 0xffffffff, max_idle_ns: 7645041785100000 ns
[    0.264471] futex hash table entries: 256 (order: 2, 16384 bytes, linear)
[    0.264512] pinctrl core: initialized pinctrl subsystem
[    0.264625] PM: RTC time: 11:25:44, date: 2026-01-11
[    0.264733] NET: Registered protocol family 16
[    0.264807] audit: initializing netlink subsys (disabled)
[    0.264865] EISA bus registered
[    0.264865] cpuidle: using governor ladder
[    0.264865] cpuidle: using governor menu
[    0.264865] ACPI: bus type PCI registered
[    0.264865] acpiphp: ACPI Hot Plug PCI Controller Driver version: 0.5
[    0.264865] PCI: Using configuration type 1 for base access
[    0.265182] audit: type=2000 audit(1768101950.357:1): state=initialized audit_enabled=0 res=1
[    0.265261] HugeTLB registered 2.00 MiB page size, pre-allocated 0 pages
[    0.266105] ACPI: Added _OSI(Module Device)
[    0.266106] ACPI: Added _OSI(Processor Device)
[    0.266106] ACPI: Added _OSI(3.0 _SCP Extensions)
[    0.266107] ACPI: Added _OSI(Processor Aggregator Device)
[    0.266108] ACPI: Added _OSI(Linux-Dell-Video)
[    0.266109] ACPI: Added _OSI(Linux-Lenovo-NV-HDMI-Audio)
[    0.266109] ACPI: Added _OSI(Linux-HPI-Hybrid-Graphics)
[    0.268123] ACPI: 2 ACPI AML tables successfully acquired and loaded
[    0.269708] ACPI: Interpreter enabled
[    0.269719] ACPI: (supports S0 S5)
[    0.269720] ACPI: Using IOAPIC for interrupt routing
[    0.269949] PCI: Using host bridge windows from ACPI; if necessary, use "pci=nocrs" and report a bug
[    0.270054] ACPI: Enabled 2 GPEs in block 00 to 07
[    0.275246] ACPI: PCI Root Bridge [PCI0] (domain 0000 [bus 00-ff])
[    0.275251] acpi PNP0A03:00: _OSC: OS supports [ASPM ClockPM Segments MSI HPX-Type3]
[    0.275695] acpi PNP0A03:00: _OSC: not requesting OS control; OS requires [ExtendedConfig ASPM ClockPM MSI]
[    0.275703] acpi PNP0A03:00: fail to add MMCONFIG information, can't access extended PCI configuration space under this bridge.
[    0.276076] PCI host bridge to bus 0000:00
[    0.276078] pci_bus 0000:00: root bus resource [io  0x0000-0x0cf7 window]
[    0.276079] pci_bus 0000:00: root bus resource [io  0x0d00-0xffff window]
[    0.276080] pci_bus 0000:00: root bus resource [mem 0x000a0000-0x000bffff window]
[    0.276082] pci_bus 0000:00: root bus resource [mem 0x80000000-0xfdffffff window]
[    0.276083] pci_bus 0000:00: root bus resource [bus 00-ff]
[    0.276124] pci 0000:00:00.0: [8086:1237] type 00 class 0x060000
[    0.276945] pci 0000:00:01.0: [8086:7000] type 00 class 0x060100
[    0.277699] pci 0000:00:01.1: [8086:7111] type 00 class 0x01018a
[    0.278083] pci 0000:00:01.1: reg 0x20: [io  0xd000-0xd00f]
[    0.278239] pci 0000:00:01.1: legacy IDE quirk: reg 0x10: [io  0x01f0-0x01f7]
[    0.278240] pci 0000:00:01.1: legacy IDE quirk: reg 0x14: [io  0x03f6]
[    0.278241] pci 0000:00:01.1: legacy IDE quirk: reg 0x18: [io  0x0170-0x0177]
[    0.278242] pci 0000:00:01.1: legacy IDE quirk: reg 0x1c: [io  0x0376]
[    0.278787] pci 0000:00:02.0: [15ad:0405] type 00 class 0x030000
[    0.280948] pci 0000:00:02.0: reg 0x10: [io  0xd010-0xd01f]
[    0.284925] pci 0000:00:02.0: reg 0x14: [mem 0xe0000000-0xe7ffffff pref]
[    0.288089] pci 0000:00:02.0: reg 0x18: [mem 0xf0000000-0xf01fffff]
[    0.301420] pci 0000:00:03.0: [1022:2000] type 00 class 0x020000
[    0.302146] pci 0000:00:03.0: reg 0x10: [io  0xd020-0xd03f]
[    0.302815] pci 0000:00:03.0: reg 0x14: [mem 0xf0200000-0xf0200fff]
[    0.305222] pci 0000:00:04.0: [80ee:cafe] type 00 class 0x088000
[    0.305894] pci 0000:00:04.0: reg 0x10: [io  0xd040-0xd05f]
[    0.308984] pci 0000:00:04.0: reg 0x14: [mem 0xf0400000-0xf07fffff]
[    0.309590] pci 0000:00:04.0: reg 0x18: [mem 0xf0800000-0xf0803fff pref]
[    0.312908] pci 0000:00:07.0: [8086:7113] type 00 class 0x068000
[    0.313453] pci 0000:00:07.0: quirk: [io  0x4000-0x403f] claimed by PIIX4 ACPI
[    0.313463] pci 0000:00:07.0: quirk: [io  0x4100-0x410f] claimed by PIIX4 SMB
[    0.314076] pci 0000:00:08.0: [8086:100e] type 00 class 0x020000
[    0.314781] pci 0000:00:08.0: reg 0x10: [mem 0xf0820000-0xf083ffff]
[    0.316067] pci 0000:00:08.0: reg 0x18: [io  0xd060-0xd067]
[    0.319048] pci 0000:00:09.0: [8086:100e] type 00 class 0x020000
[    0.319765] pci 0000:00:09.0: reg 0x10: [mem 0xf0840000-0xf085ffff]
[    0.320988] pci 0000:00:09.0: reg 0x18: [io  0xd068-0xd06f]
[    0.330015] ACPI: PCI Interrupt Link [LNKA] (IRQs 5 9 10 *11)
[    0.330295] ACPI: PCI Interrupt Link [LNKB] (IRQs 5 9 *10 11)
[    0.332918] ACPI: PCI Interrupt Link [LNKC] (IRQs 5 *9 10 11)
[    0.333017] ACPI: PCI Interrupt Link [LNKD] (IRQs 5 9 10 *11)
[    0.333287] iommu: Default domain type: Translated 
[    0.333342] pci 0000:00:02.0: vgaarb: setting as boot VGA device
[    0.333343] pci 0000:00:02.0: vgaarb: VGA device added: decodes=io+mem,owns=io+mem,locks=none
[    0.333345] pci 0000:00:02.0: vgaarb: bridge control possible
[    0.333346] vgaarb: loaded
[    0.333555] SCSI subsystem initialized
[    0.333589] libata version 3.00 loaded.
[    0.333614] ACPI: bus type USB registered
[    0.333627] usbcore: registered new interface driver usbfs
[    0.333635] usbcore: registered new interface driver hub
[    0.333640] usbcore: registered new device driver usb
[    0.333667] pps_core: LinuxPPS API ver. 1 registered
[    0.333667] pps_core: Software ver. 5.3.6 - Copyright 2005-2007 Rodolfo Giometti <giometti@linux.it>
[    0.333671] PTP clock support registered
[    0.333705] EDAC MC: Ver: 3.0.0
[    0.333989] PCI: Using ACPI for IRQ routing
[    0.333991] PCI: pci_cache_line_size set to 64 bytes
[    0.334164] e820: reserve RAM buffer [mem 0x0009fc00-0x0009ffff]
[    0.334168] e820: reserve RAM buffer [mem 0x7fff0000-0x7fffffff]
[    0.334970] NetLabel: Initializing
[    0.334970] NetLabel:  domain hash size = 128
[    0.334971] NetLabel:  protocols = UNLABELED CIPSOv4 CALIPSO
[    0.334990] NetLabel:  unlabeled traffic allowed by default
[    0.335906] clocksource: Switched to clocksource kvm-clock
[    0.347214] *** VALIDATE bpf ***
[    0.347271] VFS: Disk quotas dquot_6.6.0
[    0.347283] VFS: Dquot-cache hash table entries: 512 (order 0, 4096 bytes)
[    0.347306] *** VALIDATE ramfs ***
[    0.347309] *** VALIDATE hugetlbfs ***
[    0.347385] AppArmor: AppArmor Filesystem Enabled
[    0.347410] pnp: PnP ACPI init
[    0.347473] pnp 00:00: Plug and Play ACPI device, IDs PNP0303 (active)
[    0.347553] pnp 00:01: Plug and Play ACPI device, IDs PNP0f03 (active)
[    0.348298] pnp: PnP ACPI: found 2 devices
[    0.349257] thermal_sys: Registered thermal governor 'fair_share'
[    0.349258] thermal_sys: Registered thermal governor 'bang_bang'
[    0.349258] thermal_sys: Registered thermal governor 'step_wise'
[    0.349259] thermal_sys: Registered thermal governor 'user_space'
[    0.349260] thermal_sys: Registered thermal governor 'power_allocator'
[    0.353790] clocksource: acpi_pm: mask: 0xffffff max_cycles: 0xffffff, max_idle_ns: 2085701024 ns
[    0.353834] pci_bus 0000:00: resource 4 [io  0x0000-0x0cf7 window]
[    0.353835] pci_bus 0000:00: resource 5 [io  0x0d00-0xffff window]
[    0.353836] pci_bus 0000:00: resource 6 [mem 0x000a0000-0x000bffff window]
[    0.353837] pci_bus 0000:00: resource 7 [mem 0x80000000-0xfdffffff window]
[    0.353898] NET: Registered protocol family 2
[    0.353972] IP idents hash table entries: 32768 (order: 6, 262144 bytes, linear)
[    0.354375] MPTCP tokens hash table entries: 8192 (order: 4, 65536 bytes, linear)
[    0.354398] MPTCP request tokens hash table entries: 8192 (order: 4, 65536 bytes, linear)
[    0.354424] default registered
[    0.354424] default registered
[    0.354425] MPTCP: Stable release v0.96
[    0.354430] tcp_listen_portaddr_hash hash table entries: 1024 (order: 2, 16384 bytes, linear)
[    0.354507] TCP established hash table entries: 16384 (order: 5, 131072 bytes, linear)
[    0.354570] TCP bind hash table entries: 16384 (order: 6, 262144 bytes, linear)
[    0.354596] TCP: Hash tables configured (established 16384 bind 16384)
[    0.355299] UDP hash table entries: 1024 (order: 3, 32768 bytes, linear)
[    0.355310] UDP-Lite hash table entries: 1024 (order: 3, 32768 bytes, linear)
[    0.355347] NET: Registered protocol family 1
[    0.355356] NET: Registered protocol family 44
[    0.355375] pci 0000:00:00.0: Limiting direct PCI/PCI transfers
[    0.355388] pci 0000:00:01.0: Activating ISA DMA hang workarounds
[    0.355446] pci 0000:00:02.0: Video device with shadowed ROM at [mem 0x000c0000-0x000dffff]
[    0.355510] PCI: CLS 0 bytes, default 64
[    0.355555] Trying to unpack rootfs image as initramfs...
[    0.527399] Freeing initrd memory: 47868K
[    0.527399] clocksource: tsc: mask: 0xffffffffffffffff max_cycles: 0x1e4530a99b6, max_idle_ns: 440795257976 ns
[    0.527399] clocksource: Switched to clocksource tsc
[    0.527399] platform rtc_cmos: registered platform RTC device (no PNP device found)
[    0.527399] check: Scanning for low memory corruption every 60 seconds
[    0.527399] Initialise system trusted keyrings
[    0.527399] Key type blacklist registered
[    0.527399] workingset: timestamp_bits=36 max_order=19 bucket_order=0
[    0.527399] zbud: loaded
[    0.527399] squashfs: version 4.0 (2009/01/31) Phillip Lougher
[    0.527399] fuse: init (API version 7.31)
[    0.527399] *** VALIDATE fuse ***
[    0.527399] *** VALIDATE fuse ***
[    0.527399] Platform Keyring initialized
[    0.527399] Key type asymmetric registered
[    0.527399] Asymmetric key parser 'x509' registered
[    0.527399] Block layer SCSI generic (bsg) driver version 0.4 loaded (major 244)
[    0.527399] io scheduler mq-deadline registered
[    0.527399] shpchp: Standard Hot Plug PCI Controller Driver version: 0.4
[    0.540247] ACPI: AC Adapter [AC] (on-line)
[    0.540296] input: Power Button as /devices/LNXSYSTM:00/LNXPWRBN:00/input/input0
[    0.540321] ACPI: Power Button [PWRF]
[    0.540419] input: Sleep Button as /devices/LNXSYSTM:00/LNXSLPBN:00/input/input1
[    0.540433] ACPI: Sleep Button [SLPF]
[    0.540660] Serial: 8250/16550 driver, 32 ports, IRQ sharing enabled
[    0.541823] Linux agpgart interface v0.103
[    0.631108] loop: module loaded
[    0.631352] ata_piix 0000:00:01.1: version 2.13
[    0.632066] scsi host0: ata_piix
[    0.632216] scsi host1: ata_piix
[    0.632263] ata1: PATA max UDMA/33 cmd 0x1f0 ctl 0x3f6 bmdma 0xd000 irq 14
[    0.632265] ata2: PATA max UDMA/33 cmd 0x170 ctl 0x376 bmdma 0xd008 irq 15
[    0.632419] tun: Universal TUN/TAP device driver, 1.6
[    0.632933] PPP generic driver version 2.4.2
[    0.633016] VFIO - User Level meta-driver version: 0.3
[    0.633420] ehci_hcd: USB 2.0 'Enhanced' Host Controller (EHCI) Driver
[    0.633425] ehci-pci: EHCI PCI platform driver
[    0.633450] ehci-platform: EHCI generic platform driver
[    0.633459] ohci_hcd: USB 1.1 'Open' Host Controller (OHCI) Driver
[    0.633462] ohci-pci: OHCI PCI platform driver
[    0.633472] ohci-platform: OHCI generic platform driver
[    0.633480] uhci_hcd: USB Universal Host Controller Interface driver
[    0.633586] i8042: PNP: PS/2 Controller [PNP0303:PS2K,PNP0f03:PS2M] at 0x60,0x64 irq 1,12
[    0.634282] serio: i8042 KBD port at 0x60,0x64 irq 1
[    0.634288] serio: i8042 AUX port at 0x60,0x64 irq 12
[    0.634442] mousedev: PS/2 mouse device common for all mice
[    0.634893] input: AT Translated Set 2 keyboard as /devices/platform/i8042/serio0/input/input2
[    0.635608] rtc_cmos rtc_cmos: registered as rtc0
[    0.635629] rtc_cmos rtc_cmos: alarms up to one day, 114 bytes nvram
[    0.635638] i2c /dev entries driver
[    0.635713] device-mapper: uevent: version 1.0.3
[    0.635787] device-mapper: ioctl: 4.41.0-ioctl (2019-09-16) initialised: dm-devel@redhat.com
[    0.635822] platform eisa.0: Probing EISA bus 0
[    0.635824] platform eisa.0: EISA: Cannot allocate resource for mainboard
[    0.635827] platform eisa.0: Cannot allocate resource for EISA slot 1
[    0.635829] platform eisa.0: Cannot allocate resource for EISA slot 2
[    0.635830] platform eisa.0: Cannot allocate resource for EISA slot 3
[    0.635832] platform eisa.0: Cannot allocate resource for EISA slot 4
[    0.635834] platform eisa.0: Cannot allocate resource for EISA slot 5
[    0.635836] platform eisa.0: Cannot allocate resource for EISA slot 6
[    0.635838] platform eisa.0: Cannot allocate resource for EISA slot 7
[    0.635839] platform eisa.0: Cannot allocate resource for EISA slot 8
[    0.635841] platform eisa.0: EISA: Detected 0 cards
[    0.635846] intel_pstate: CPU model not supported
[    0.635862] ledtrig-cpu: registered to indicate activity on CPUs
[    0.635940] drop_monitor: Initializing network drop monitor service
[    0.636227] NET: Registered protocol family 10
[    0.643713] Segment Routing with IPv6
[    0.643713] fullmesh registered
[    0.643713] ndiffports registered
[    0.643713] binder registered
[    0.643713] roundrobin registered
[    0.643713] mps registered
[    0.643713] redundant registered
[    0.643713] blest registered
[    0.643713] ecf registered
[    0.643713] NET: Registered protocol family 17
[    0.643713] Key type dns_resolver registered
[    0.643713] RAS: Correctable Errors collector initialized.
[    0.643713] IPI shorthand broadcast: enabled
[    0.643713] sched_clock: Marking stable (628673483, 11039523)->(642036242, -2323236)
[    0.646975] registered taskstats version 1
[    0.646990] Loading compiled-in X.509 certificates
[    0.648572] Loaded X.509 cert 'Build time autogenerated kernel key: 6909f3744cebb3d0de528d5887b96a727de79b1e'
[    0.648606] zswap: loaded using pool lzo/zbud
[    0.648725] Key type ._fscrypt registered
[    0.648727] Key type .fscrypt registered
[    0.657221] Key type big_key registered
[    0.661113] Key type encrypted registered
[    0.661118] AppArmor: AppArmor sha1 policy hashing enabled
[    0.661130] ima: No TPM chip found, activating TPM-bypass!
[    0.661136] ima: Allocated hash algorithm: sha1
[    0.661146] ima: No architecture policies found
[    0.661159] evm: Initialising EVM extended attributes:
[    0.661160] evm: security.selinux
[    0.661161] evm: security.SMACK64
[    0.661162] evm: security.SMACK64EXEC
[    0.661162] evm: security.SMACK64TRANSMUTE
[    0.661163] evm: security.SMACK64MMAP
[    0.661164] evm: security.apparmor
[    0.661164] evm: security.ima
[    0.661165] evm: security.capability
[    0.661166] evm: HMAC attrs: 0x1
[    0.661622] PM:   Magic number: 10:335:428
[    0.661810] rtc_cmos rtc_cmos: setting system clock to 2026-01-11T11:25:45 UTC (1768130745)
[    0.804632] ata1.00: ATA-6: VBOX HARDDISK, 1.0, max UDMA/133
[    0.804635] ata1.00: 209715200 sectors, multi 128: LBA 
[    0.805443] scsi 0:0:0:0: Direct-Access     ATA      VBOX HARDDISK    1.0  PQ: 0 ANSI: 5
[    0.805817] sd 0:0:0:0: [sda] 209715200 512-byte logical blocks: (107 GB/100 GiB)
[    0.805837] sd 0:0:0:0: [sda] Write Protect is off
[    0.805841] sd 0:0:0:0: [sda] Mode Sense: 00 3a 00 00
[    0.805871] sd 0:0:0:0: [sda] Write cache: enabled, read cache: enabled, doesn't support DPO or FUA
[    0.806170] sd 0:0:0:0: Attached scsi generic sg0 type 0
[    0.807003]  sda: sda1 sda2
[    0.819267] sd 0:0:0:0: [sda] Attached SCSI disk
[    0.822680] Freeing unused decrypted memory: 2040K
[    0.823679] Freeing unused kernel image memory: 2728K
[    0.823683] Write protecting the kernel read-only data: 22528k
[    0.824877] Freeing unused kernel image memory: 2036K
[    0.825438] Freeing unused kernel image memory: 1428K
[    0.859929] x86/mm: Checked W+X mappings: passed, no W+X pages found.
[    0.859935] Run /init as init process
[    0.962037] ACPI: Video Device [GFX0] (multi-head: yes  rom: no  post: no)
[    0.962111] input: Video Bus as /devices/LNXSYSTM:00/LNXSYBUS:00/PNP0A03:00/LNXVIDEO:00/input/input4
[    0.976350] pcnet32: pcnet32.c:v1.35 21.Apr.2008 tsbogend@alpha.franken.de
[    0.977505] pcnet32: PCnet/FAST III 79C973 at 0xd020, 08:00:27:6a:aa:1b assigned IRQ 19
[    0.977548] pcnet32: Found PHY 0022:561b at address 0
[    0.977846] pcnet32: eth0: registered as PCnet/FAST III 79C973
[    0.979345] piix4_smbus 0000:00:07.0: SMBus Host Controller at 0x4100, revision 0
[    0.982134] e1000: Intel(R) PRO/1000 Network Driver - version 7.3.21-k8-NAPI
[    0.982134] e1000: Copyright (c) 1999-2006 Intel Corporation.
[    0.985386] pcnet32: 1 cards_found
[    1.066829] pcnet32 0000:00:03.0 enp0s3: renamed from eth0
[    1.199738] input: ImExPS/2 Generic Explorer Mouse as /devices/platform/i8042/serio1/input/input5
[    1.395312] e1000 0000:00:08.0 eth0: (PCI:33MHz:32-bit) 08:00:27:fe:cf:f4
[    1.395316] e1000 0000:00:08.0 eth0: Intel(R) PRO/1000 Network Connection
[    1.767356] e1000 0000:00:09.0 eth1: (PCI:33MHz:32-bit) 08:00:27:c2:7f:25
[    1.767359] e1000 0000:00:09.0 eth1: Intel(R) PRO/1000 Network Connection
[    1.768578] e1000 0000:00:08.0 enp0s8: renamed from eth0
[    1.770412] e1000 0000:00:09.0 enp0s9: renamed from eth1
[    1.916285] EXT4-fs (sda2): mounted filesystem with ordered data mode. Opts: (null)
[    1.996225] systemd[1]: Inserted module 'autofs4'
[    2.007853] systemd[1]: systemd 245.4-4ubuntu3 running in system mode. (+PAM +AUDIT +SELINUX +IMA +APPARMOR +SMACK +SYSVINIT +UTMP +LIBCRYPTSETUP +GCRYPT +GNUTLS +ACL +XZ +LZ4 +SECCOMP +BLKID +ELFUTILS +KMOD +IDN2 -IDN +PCRE2 default-hierarchy=hybrid)
[    2.007881] systemd[1]: Detected virtualization oracle.
[    2.007884] systemd[1]: Detected architecture x86-64.
[    2.009196] systemd[1]: Set hostname to <ztg>.
[    2.134439] systemd[1]: /lib/systemd/system/dbus.socket:5: ListenStream= references a path below legacy directory /var/run/, updating /var/run/dbus/system_bus_socket â†’ /run/dbus/system_bus_socket; please update the unit file accordingly.
[    2.187818] systemd[1]: Created slice system-modprobe.slice.
[    2.187999] systemd[1]: Created slice User and Session Slice.
[    2.188042] systemd[1]: Started Forward Password Requests to Wall Directory Watch.
[    2.188198] systemd[1]: Set up automount Arbitrary Executable File Formats File System Automount Point.
[    2.188229] systemd[1]: Reached target User and Group Name Lookups.
[    2.188237] systemd[1]: Reached target Remote File Systems.
[    2.188245] systemd[1]: Reached target Slices.
[    2.189079] systemd[1]: Listening on Syslog Socket.
[    2.189145] systemd[1]: Listening on fsck to fsckd communication Socket.
[    2.189185] systemd[1]: Listening on initctl Compatibility Named Pipe.
[    2.189324] systemd[1]: Listening on Journal Audit Socket.
[    2.189375] systemd[1]: Listening on Journal Socket (/dev/log).
[    2.189445] systemd[1]: Listening on Journal Socket.
[    2.189510] systemd[1]: Listening on udev Control Socket.
[    2.189549] systemd[1]: Listening on udev Kernel Socket.
[    2.190290] systemd[1]: Mounting Huge Pages File System...
[    2.191230] systemd[1]: Mounting POSIX Message Queue File System...
[    2.192092] systemd[1]: Mounting Kernel Debug File System...
[    2.192942] systemd[1]: Mounting Kernel Trace File System...
[    2.194880] systemd[1]: Starting Journal Service...
[    2.217312] systemd[1]: Starting Set the console keyboard layout...
[    2.222668] systemd[1]: Starting Create list of static device nodes for the current kernel...
[    2.227584] systemd[1]: Starting Load Kernel Module drm...
[    2.233141] systemd[1]: Condition check resulted in Set Up Additional Binary Formats being skipped.
[    2.237162] systemd[1]: Condition check resulted in File System Check on Root Device being skipped.
[    2.239387] systemd[1]: Starting Load Kernel Modules...
[    2.251071] systemd[1]: Starting Remount Root and Kernel File Systems...
[    2.255844] systemd[1]: Starting udev Coldplug all Devices...
[    2.266602] systemd[1]: Starting Uncomplicated firewall...
[    2.267926] systemd[1]: Mounted Huge Pages File System.
[    2.268009] systemd[1]: Mounted POSIX Message Queue File System.
[    2.268079] systemd[1]: Mounted Kernel Debug File System.
[    2.268150] systemd[1]: Mounted Kernel Trace File System.
[    2.269962] EXT4-fs (sda2): re-mounted. Opts: errors=remount-ro
[    2.307039] systemd[1]: Finished Create list of static device nodes for the current kernel.
[    2.308114] systemd[1]: modprobe@drm.service: Succeeded.
[    2.315616] systemd[1]: Finished Load Kernel Module drm.
[    2.316018] systemd[1]: Finished Remount Root and Kernel File Systems.
[    2.317369] systemd[1]: Finished Uncomplicated firewall.
[    2.334263] lp: driver loaded but no devices found
[    2.335516] systemd[1]: Condition check resulted in Rebuild Hardware Database being skipped.
[    2.335551] systemd[1]: Condition check resulted in Platform Persistent Storage Archival being skipped.
[    2.336206] systemd[1]: Starting Load/Save Random Seed...
[    2.341528] systemd[1]: Starting Create System Users...
[    2.351049] systemd[1]: Finished Load/Save Random Seed.
[    2.352479] ppdev: user-space parallel port driver
[    2.359309] systemd[1]: Finished Create System Users.
[    2.360020] systemd[1]: Starting Create Static Device Nodes in /dev...
[    2.412842] systemd[1]: Finished udev Coldplug all Devices.
[    2.428451] systemd[1]: Finished Create Static Device Nodes in /dev.
[    2.429260] systemd[1]: Starting udev Kernel Device Manager...
[    2.447397] [drm] DMA map mode: Caching DMA mappings.
[    2.447460] [drm] Capabilities:
[    2.447460] [drm]   Rect copy.
[    2.447461] [drm]   Cursor.
[    2.447461] [drm]   Cursor bypass.
[    2.447462] [drm]   Cursor bypass 2.
[    2.447462] [drm]   Alpha cursor.
[    2.447462] [drm]   Extended Fifo.
[    2.447463] [drm]   Pitchlock.
[    2.447463] [drm]   Irq mask.
[    2.447463] [drm]   GMR.
[    2.447464] [drm]   Traces.
[    2.447464] [drm]   GMR2.
[    2.447464] [drm]   Screen Object 2.
[    2.447465] [drm]   Command Buffers.
[    2.447465] [drm]   Command Buffers 2.
[    2.447465] [drm]   Guest Backed Resources.
[    2.447467] [drm] Max GMR ids is 8192
[    2.447467] [drm] Max number of GMR pages is 1048576
[    2.447468] [drm] Max dedicated hypervisor surface memory is 393216 kiB
[    2.447468] [drm] Maximum display memory size is 131072 kiB
[    2.447469] [drm] VRAM at 0xe0000000 size is 131072 kiB
[    2.447470] [drm] MMIO at 0xf0000000 size is 2048 kiB
[    2.465165] [TTM] Zone  kernel: Available graphics memory: 1011736 KiB
[    2.465166] [TTM] Initializing pool allocator
[    2.465170] [TTM] Initializing DMA pool allocator
[    2.465200] [drm] Supports vblank timestamp caching Rev 2 (21.10.2013).
[    2.465201] [drm] No driver support for vblank timestamp query.
[    2.465461] [drm] Screen Target Display device initialized
[    2.465660] [drm] width 720
[    2.465679] [drm] height 400
[    2.465683] [drm] bpp 32
[    2.466281] [drm] Fifo max 0x00200000 min 0x00001000 cap 0x00000355
[    2.467355] [drm] Using command buffers with DMA pool.
[    2.467359] [drm] DX: no.
[    2.467359] [drm] Atomic: yes.
[    2.467360] [drm] SM4_1: no.
[    2.467379] [drm:vmw_host_log [vmwgfx]] *ERROR* Failed to send host log message.
[    2.468665] [drm:vmw_host_log [vmwgfx]] *ERROR* Failed to send host log message.
[    2.476441] systemd[1]: Finished Set the console keyboard layout.
[    2.476548] systemd[1]: Reached target Local File Systems (Pre).
[    2.480350] systemd[1]: Mounting Mount unit for bare, revision 5...
[    2.484603] systemd[1]: Mounting Mount unit for core18, revision 1705...
[    2.487272] fbcon: svgadrmfb (fb0) is primary device
[    2.489389] Console: switching to colour frame buffer device 100x37
[    2.492671] systemd[1]: Mounting Mount unit for core22, revision 2193...
[    2.497101] [drm] Initialized vmwgfx 2.15.0 20180704 for 0000:00:02.0 on minor 0
[    2.503507] systemd[1]: Mounting Mount unit for gnome-3-34-1804, revision 24...
[    2.524794] systemd[1]: Mounting Mount unit for gnome-42-2204, revision 226...
[    2.533442] systemd[1]: Mounting Mount unit for gtk-common-themes, revision 1506...
[    2.546726] systemd[1]: Mounting Mount unit for gtk-common-themes, revision 1535...
[    2.550043] systemd[1]: Mounting Mount unit for snap-store, revision 1216...
[    2.566464] systemd[1]: Mounting Mount unit for snap-store, revision 433...
[    2.580053] systemd[1]: Mounting Mount unit for snapd, revision 25577...
[    2.590070] systemd[1]: Finished Load Kernel Modules.
[    2.590222] systemd[1]: Mounted Mount unit for bare, revision 5.
[    2.590305] systemd[1]: Mounted Mount unit for core18, revision 1705.
[    2.590377] systemd[1]: Mounted Mount unit for core22, revision 2193.
[    2.590452] systemd[1]: Mounted Mount unit for gnome-3-34-1804, revision 24.
[    2.592485] systemd[1]: Mounting FUSE Control File System...
[    2.611635] systemd[1]: Mounting Kernel Configuration File System...
[    2.614613] systemd[1]: Starting Apply Kernel Variables...
[    2.641628] systemd[1]: Mounted Mount unit for gnome-42-2204, revision 226.
[    2.641719] systemd[1]: Mounted FUSE Control File System.
[    2.641790] systemd[1]: Mounted Kernel Configuration File System.
[    2.641846] systemd[1]: Condition check resulted in VMware vmblock fuse mount being skipped.
[    2.645974] systemd[1]: Finished Apply Kernel Variables.
[    2.646093] systemd[1]: Started udev Kernel Device Manager.
[    2.649299] systemd[1]: Starting Show Plymouth Boot Screen...
[    2.653221] systemd[1]: Received SIGRTMIN+20 from PID 286 (plymouthd).
[    2.662808] systemd[1]: Mounted Mount unit for gtk-common-themes, revision 1506.
[    2.679066] systemd[1]: Started Show Plymouth Boot Screen.
[    2.679266] systemd[1]: Condition check resulted in Dispatch Password Requests to Console Directory Watch being skipped.
[    2.679345] systemd[1]: Started Forward Password Requests to Plymouth Directory Watch.
[    2.679412] systemd[1]: Reached target Local Encrypted Volumes.
[    2.712998] systemd[1]: Mounted Mount unit for gtk-common-themes, revision 1535.
[    2.713245] systemd[1]: Mounted Mount unit for snap-store, revision 1216.
[    2.744555] systemd[1]: Mounted Mount unit for snapd, revision 25577.
[    2.777517] systemd[1]: Mounted Mount unit for snap-store, revision 433.
[    2.777736] systemd[1]: Reached target Local File Systems.
[    2.778612] systemd[1]: Starting Load AppArmor profiles...
[    2.780900] systemd[1]: Starting Set console font and keymap...
[    2.794724] systemd[1]: Starting Tell Plymouth To Write Out Runtime Data...
[    2.795283] systemd[1]: Condition check resulted in Store a System Token in an EFI Variable being skipped.
[    2.795347] systemd[1]: Condition check resulted in Commit a transient machine-id on disk being skipped.
[    2.799793] systemd[1]: Finished Set console font and keymap.
[    2.806789] systemd[1]: Received SIGRTMIN+20 from PID 286 (plymouthd).
[    2.808191] systemd[1]: plymouth-read-write.service: Succeeded.
[    2.808442] systemd[1]: Finished Tell Plymouth To Write Out Runtime Data.
[    2.842729] audit: type=1400 audit(1768130747.676:2): apparmor="STATUS" operation="profile_load" profile="unconfined" name="nvidia_modprobe" pid=306 comm="apparmor_parser"
[    2.842732] audit: type=1400 audit(1768130747.676:3): apparmor="STATUS" operation="profile_load" profile="unconfined" name="nvidia_modprobe//kmod" pid=306 comm="apparmor_parser"
[    2.850359] audit: type=1400 audit(1768130747.684:4): apparmor="STATUS" operation="profile_load" profile="unconfined" name="/usr/sbin/tcpdump" pid=307 comm="apparmor_parser"
[    2.893927] audit: type=1400 audit(1768130747.720:5): apparmor="STATUS" operation="profile_load" profile="unconfined" name="/usr/bin/evince" pid=309 comm="apparmor_parser"
[    2.893929] audit: type=1400 audit(1768130747.720:6): apparmor="STATUS" operation="profile_load" profile="unconfined" name="/usr/bin/evince//sanitized_helper" pid=309 comm="apparmor_parser"
[    2.893931] audit: type=1400 audit(1768130747.720:7): apparmor="STATUS" operation="profile_load" profile="unconfined" name="/usr/bin/evince-previewer" pid=309 comm="apparmor_parser"
[    2.893933] audit: type=1400 audit(1768130747.720:8): apparmor="STATUS" operation="profile_load" profile="unconfined" name="/usr/bin/evince-previewer//sanitized_helper" pid=309 comm="apparmor_parser"
[    2.893935] audit: type=1400 audit(1768130747.720:9): apparmor="STATUS" operation="profile_load" profile="unconfined" name="/usr/bin/evince-thumbnailer" pid=309 comm="apparmor_parser"
[    2.908614] audit: type=1400 audit(1768130747.744:10): apparmor="STATUS" operation="profile_load" profile="unconfined" name="/usr/lib/cups/backend/cups-pdf" pid=310 comm="apparmor_parser"
[    2.986782] systemd[1]: Finished Load AppArmor profiles.
[    2.987716] systemd[1]: Starting Load AppArmor profiles managed internally by snapd...
[    3.105291] systemd[1]: Finished Load AppArmor profiles managed internally by snapd.
[    3.198537] systemd[1]: Started Journal Service.
[    3.205521] systemd-journald[229]: Received client request to flush runtime journal.
[    3.224014] systemd-journald[229]: File /var/log/journal/c455b248004a419c87ce85eea238d727/system.journal corrupted or uncleanly shut down, renaming and replacing.
[    4.551886] RAPL PMU: API unit is 2^-32 Joules, 0 fixed counters, 10737418240 ms ovfl timer
[    4.617085] cryptd: max_cpu_qlen set to 1000
[    4.701642] AVX2 version of gcm_enc/dec engaged.
[    4.701644] AES CTR mode by8 optimization enabled
[    6.756466] Adding 1998844k swap on /dev/sda1.  Priority:-2 extents:1 across:1998844k FS
[    7.443711] AAAAA: Error looking up destination IP: 369098976 - net/ipv4/ip_output.c: 285: dac_mps_nexthops
[    7.481299] AAAAA: Error looking up destination IP: 369098976 - net/ipv4/ip_output.c: 285: dac_mps_nexthops
[    7.580088] AAAAA: Error looking up destination IP: 4211081440 - net/ipv4/ip_output.c: 285: dac_mps_nexthops
[    7.829844] AAAAA: Error looking up destination IP: 4211081440 - net/ipv4/ip_output.c: 285: dac_mps_nexthops
[    8.084311] AAAAA: Error looking up destination IP: 4211081440 - net/ipv4/ip_output.c: 285: dac_mps_nexthops
[    8.283862] AAAAA: Error looking up destination IP: 4211081440 - net/ipv4/ip_output.c: 285: dac_mps_nexthops
[    8.755870] kauditd_printk_skb: 31 callbacks suppressed
[    8.755882] audit: type=1400 audit(1768130753.588:42): apparmor="DENIED" operation="capable" profile="/usr/sbin/cups-browsed" pid=577 comm="cups-browsed" capability=23  capname="sys_nice"
[    8.855634] AAAAA: Error looking up destination IP: 4211081440 - net/ipv4/ip_output.c: 285: dac_mps_nexthops
[    9.378343] AAAAA: Error looking up destination IP: 4211081440 - net/ipv4/ip_output.c: 285: dac_mps_nexthops
[    9.428183] pcnet32 0000:00:03.0 enp0s3: link up, 100Mbps, full-duplex
[    9.462433] e1000: enp0s8 NIC Link is Up 1000 Mbps Full Duplex, Flow Control: RX
[    9.462710] IPv6: ADDRCONF(NETDEV_CHANGE): enp0s8: link becomes ready
[    9.494546] e1000: enp0s9 NIC Link is Up 1000 Mbps Full Duplex, Flow Control: RX
[    9.494858] IPv6: ADDRCONF(NETDEV_CHANGE): enp0s9: link becomes ready
[   10.165796] device enp0s3 entered promiscuous mode
[   10.195708] audit: type=1400 audit(1768130755.020:43): apparmor="DENIED" operation="open" profile="/usr/sbin/tcpdump" name="/proc/sys/kernel/random/boot_id" pid=737 comm="tcpdump" requested_mask="r" denied_mask="r" fsuid=0 ouid=0
[   10.206837] audit: type=1400 audit(1768130755.036:44): apparmor="DENIED" operation="open" profile="/usr/sbin/tcpdump" name="/proc/sys/kernel/random/boot_id" pid=737 comm="tcpdump" requested_mask="r" denied_mask="r" fsuid=0 ouid=0
[   10.207009] audit: type=1400 audit(1768130755.036:45): apparmor="DENIED" operation="open" profile="/usr/sbin/tcpdump" name="/proc/sys/kernel/random/boot_id" pid=737 comm="tcpdump" requested_mask="r" denied_mask="r" fsuid=0 ouid=0
[   10.207032] audit: type=1400 audit(1768130755.036:46): apparmor="DENIED" operation="open" profile="/usr/sbin/tcpdump" name="/proc/sys/kernel/random/boot_id" pid=737 comm="tcpdump" requested_mask="r" denied_mask="r" fsuid=0 ouid=0
[   10.213847] audit: type=1400 audit(1768130755.048:47): apparmor="DENIED" operation="open" profile="/usr/sbin/tcpdump" name="/proc/sys/kernel/random/boot_id" pid=738 comm="tcpdump" requested_mask="r" denied_mask="r" fsuid=0 ouid=0
[   10.214128] audit: type=1400 audit(1768130755.048:48): apparmor="DENIED" operation="open" profile="/usr/sbin/tcpdump" name="/proc/sys/kernel/random/boot_id" pid=738 comm="tcpdump" requested_mask="r" denied_mask="r" fsuid=0 ouid=0
[   10.214167] audit: type=1400 audit(1768130755.048:49): apparmor="DENIED" operation="open" profile="/usr/sbin/tcpdump" name="/proc/sys/kernel/random/boot_id" pid=738 comm="tcpdump" requested_mask="r" denied_mask="r" fsuid=0 ouid=0
[   10.214226] audit: type=1400 audit(1768130755.048:50): apparmor="DENIED" operation="open" profile="/usr/sbin/tcpdump" name="/proc/sys/kernel/random/boot_id" pid=738 comm="tcpdump" requested_mask="r" denied_mask="r" fsuid=0 ouid=0
[   16.349222] rfkill: input handler disabled
[  205.722732] AAAAA-TCP_FORW: name:enp0s3: saddr:100932208: daddr:16783984
[  206.286230] AAAAA-TCP_FORW: name:enp0s3: saddr:100932208: daddr:16783984
[  206.394286] AAAAA-TCP_FORW: name:enp0s3: saddr:100932208: daddr:16783984
[  207.370811] AAAAA-TCP_FORW: name:enp0s3: saddr:100932208: daddr:16783984
[  207.463056] AAAAA-TCP_FORW: name:enp0s3: saddr:100932208: daddr:16783984
[  207.515568] AAAAA-TCP_FORW: name:enp0s3: saddr:100932208: daddr:16783984
[  208.014644] AAAAA-TCP_FORW: name:enp0s3: saddr:100932208: daddr:16783984
[  208.224665] AAAAA-TCP_FORW: name:enp0s3: saddr:100932208: daddr:16783984
[  208.289588] AAAAA-TCP_FORW: name:enp0s3: saddr:100932208: daddr:16783984
[  208.410664] AAAAA-TCP_FORW: name:enp0s3: saddr:100932208: daddr:16783984
[  208.470256] AAAAA-TCP_FORW: name:enp0s3: saddr:100932208: daddr:16783984
[  208.601676] AAAAA-TCP_FORW: name:enp0s3: saddr:100932208: daddr:33561200
[  208.707759] AAAAA-TCP_FORW: name:enp0s3: saddr:100932208: daddr:16783984
[  208.918034] AAAAA-TCP_FORW: name:enp0s3: saddr:100932208: daddr:33561200
[  209.092755] AAAAA-TCP_FORW: name:enp0s3: saddr:100932208: daddr:16783984
[  209.267477] AAAAA-TCP_FORW: name:enp0s3: saddr:100932208: daddr:16783984
[  209.314904] AAAAA-TCP_FORW: name:enp0s3: saddr:100932208: daddr:16783984
[  209.401930] AAAAA-TCP_FORW: name:enp0s3: saddr:100932208: daddr:16783984
[  209.465816] AAAAA-TCP_FORW: name:enp0s3: saddr:100932208: daddr:16783984
[  209.521197] AAAAA-TCP_FORW: name:enp0s3: saddr:100932208: daddr:16783984
[  209.573726] AAAAA-TCP_FORW: name:enp0s3: saddr:100932208: daddr:16783984
[  209.603646] AAAAA-TCP_FORW: name:enp0s3: saddr:100932208: daddr:16783984
[  209.658454] AAAAA-TCP_FORW: name:enp0s3: saddr:100932208: daddr:16783984
[  209.730152] AAAAA-TCP_FORW: name:enp0s3: saddr:100932208: daddr:16783984
[  209.762579] AAAAA-TCP_FORW: name:enp0s3: saddr:100932208: daddr:16783984
[  209.805821] AAAAA-TCP_FORW: name:enp0s3: saddr:100932208: daddr:33561200
[  209.874631] AAAAA-TCP_FORW: name:enp0s3: saddr:100932208: daddr:33561200
[  209.983860] AAAAA-TCP_FORW: name:enp0s3: saddr:100932208: daddr:33561200
[  210.088322] AAAAA-TCP_FORW: name:enp0s3: saddr:100932208: daddr:33561200
[  210.126223] AAAAA-TCP_FORW: name:enp0s3: saddr:100932208: daddr:33561200
[  210.186097] AAAAA-TCP_FORW: name:enp0s3: saddr:100932208: daddr:33561200
[  210.257335] AAAAA-TCP_FORW: name:enp0s3: saddr:100932208: daddr:33561200
[  210.304410] AAAAA-TCP_FORW: name:enp0s3: saddr:100932208: daddr:33561200
[  210.363971] AAAAA-TCP_FORW: name:enp0s3: saddr:100932208: daddr:33561200
[  210.403793] AAAAA-TCP_FORW: name:enp0s3: saddr:100932208: daddr:33561200
[  210.440086] AAAAA-TCP_FORW: name:enp0s3: saddr:100932208: daddr:16783984
[  210.519452] AAAAA-TCP_FORW: name:enp0s3: saddr:100932208: daddr:16783984
[  210.604042] AAAAA-TCP_FORW: name:enp0s3: saddr:100932208: daddr:16783984
[  210.691288] AAAAA-TCP_FORW: name:enp0s3: saddr:100932208: daddr:16783984
[  210.784815] AAAAA-TCP_FORW: name:enp0s3: saddr:100932208: daddr:16783984
[  210.846233] AAAAA-TCP_FORW: name:enp0s3: saddr:100932208: daddr:16783984
[  210.896327] AAAAA-TCP_FORW: name:enp0s3: saddr:100932208: daddr:16783984
[  210.934797] AAAAA-TCP_FORW: name:enp0s3: saddr:100932208: daddr:16783984
[  211.012699] AAAAA-TCP_FORW: name:enp0s3: saddr:100932208: daddr:16783984
[  211.063227] AAAAA-TCP_FORW: name:enp0s3: saddr:100932208: daddr:16783984
[  211.208610] AAAAA-TCP_FORW: name:enp0s3: saddr:100932208: daddr:16783984
[  211.210415] AAAAA-TCP_FORW: name:enp0s3: saddr:100932208: daddr:16783984
[  211.250319] AAAAA-TCP_FORW: name:enp0s3: saddr:100932208: daddr:16783984
[  211.328886] AAAAA-TCP_FORW: name:enp0s3: saddr:100932208: daddr:33561200
[  211.430287] AAAAA-TCP_FORW: name:enp0s3: saddr:100932208: daddr:16783984
[  211.606266] AAAAA-TCP_FORW: name:enp0s3: saddr:100932208: daddr:16783984
[  211.689578] AAAAA-TCP_FORW: name:enp0s3: saddr:100932208: daddr:16783984
[  211.784958] AAAAA-TCP_FORW: name:enp0s3: saddr:100932208: daddr:16783984
[  211.888820] AAAAA-TCP_FORW: name:enp0s3: saddr:100932208: daddr:16783984
[  211.918748] AAAAA-TCP_FORW: name:enp0s3: saddr:100932208: daddr:16783984
[  211.979637] AAAAA-TCP_FORW: name:enp0s3: saddr:100932208: daddr:16783984
[  212.090383] AAAAA-TCP_FORW: name:enp0s3: saddr:100932208: daddr:16783984
[  212.183830] AAAAA-TCP_FORW: name:enp0s3: saddr:100932208: daddr:33561200
[  212.247720] AAAAA-TCP_FORW: name:enp0s3: saddr:100932208: daddr:33561200
[  212.351554] AAAAA-TCP_FORW: name:enp0s3: saddr:100932208: daddr:33561200
[  212.459121] AAAAA-TCP_FORW: name:enp0s3: saddr:100932208: daddr:33561200
[  212.501029] AAAAA-TCP_FORW: name:enp0s3: saddr:100932208: daddr:33561200
[  212.593689] AAAAA-TCP_FORW: name:enp0s3: saddr:100932208: daddr:33561200
[  212.674317] AAAAA-TCP_FORW: name:enp0s3: saddr:100932208: daddr:33561200
[  212.764363] AAAAA-TCP_FORW: name:enp0s3: saddr:100932208: daddr:33561200
[  212.809826] AAAAA-TCP_FORW: name:enp0s3: saddr:100932208: daddr:33561200
[  212.892739] AAAAA-TCP_FORW: name:enp0s3: saddr:100932208: daddr:33561200
[  212.956065] AAAAA-TCP_FORW: name:enp0s3: saddr:100932208: daddr:33561200
[  213.042418] AAAAA-TCP_FORW: name:enp0s3: saddr:100932208: daddr:33561200
[  213.085515] AAAAA-TCP_FORW: name:enp0s3: saddr:100932208: daddr:33561200
[  213.156030] AAAAA-TCP_FORW: name:enp0s3: saddr:100932208: daddr:33561200
[  213.305920] AAAAA-TCP_FORW: name:enp0s3: saddr:100932208: daddr:33561200
[  213.455240] AAAAA-TCP_FORW: name:enp0s3: saddr:100932208: daddr:33561200
[  213.517464] AAAAA-TCP_FORW: name:enp0s3: saddr:100932208: daddr:33561200
[  213.572270] AAAAA-TCP_FORW: name:enp0s3: saddr:100932208: daddr:33561200
[  213.646489] AAAAA-TCP_FORW: name:enp0s3: saddr:100932208: daddr:33561200
[  213.714165] AAAAA-TCP_FORW: name:enp0s3: saddr:100932208: daddr:33561200
[  213.831786] AAAAA-TCP_FORW: name:enp0s3: saddr:100932208: daddr:16783984
[  213.994238] AAAAA-TCP_FORW: name:enp0s3: saddr:100932208: daddr:16783984
[  213.998086] AAAAA-TCP_FORW: name:enp0s3: saddr:100932208: daddr:16783984
[  214.091071] AAAAA-TCP_FORW: name:enp0s3: saddr:100932208: daddr:16783984
[  214.178547] AAAAA-TCP_FORW: name:enp0s3: saddr:100932208: daddr:16783984
[  214.266997] AAAAA-TCP_FORW: name:enp0s3: saddr:100932208: daddr:16783984
[  214.344579] AAAAA-TCP_FORW: name:enp0s3: saddr:100932208: daddr:16783984
[  214.388144] AAAAA-TCP_FORW: name:enp0s3: saddr:100932208: daddr:16783984
[  214.438284] AAAAA-TCP_FORW: name:enp0s3: saddr:100932208: daddr:16783984
[  214.508994] AAAAA-TCP_FORW: name:enp0s3: saddr:100932208: daddr:16783984
[  214.585175] AAAAA-TCP_FORW: name:enp0s3: saddr:100932208: daddr:16783984
[  214.661225] AAAAA-TCP_FORW: name:enp0s3: saddr:100932208: daddr:16783984
[  214.705341] AAAAA-TCP_FORW: name:enp0s3: saddr:100932208: daddr:16783984
[  214.826658] AAAAA-TCP_FORW: name:enp0s3: saddr:100932208: daddr:16783984
[  214.862943] AAAAA-TCP_FORW: name:enp0s3: saddr:100932208: daddr:16783984
[  214.957214] AAAAA-TCP_FORW: name:enp0s3: saddr:100932208: daddr:16783984
[  215.018268] AAAAA-TCP_FORW: name:enp0s3: saddr:100932208: daddr:16783984
[  215.163580] AAAAA-TCP_FORW: name:enp0s3: saddr:100932208: daddr:16783984
[  215.220856] AAAAA-TCP_FORW: name:enp0s3: saddr:100932208: daddr:16783984
[  215.310995] AAAAA-TCP_FORW: name:enp0s3: saddr:100932208: daddr:16783984
[  215.385316] AAAAA-TCP_FORW: name:enp0s3: saddr:100932208: daddr:16783984
[  215.455850] AAAAA-TCP_FORW: name:enp0s3: saddr:100932208: daddr:16783984
[  215.545793] AAAAA-TCP_FORW: name:enp0s3: saddr:100932208: daddr:16783984
[  215.635998] AAAAA-TCP_FORW: name:enp0s3: saddr:100932208: daddr:16783984
[  232.642126] AAAAA-TCP_FORW: name:enp0s3: saddr:100932208: daddr:16783984
[  232.753533] AAAAA-TCP_FORW: name:enp0s3: saddr:100932208: daddr:16783984
[  232.866963] AAAAA-TCP_FORW: name:enp0s3: saddr:100932208: daddr:16783984
[  232.945712] AAAAA-TCP_FORW: name:enp0s3: saddr:100932208: daddr:16783984
[  233.080809] AAAAA-TCP_FORW: name:enp0s3: saddr:100932208: daddr:16783984
[  233.206525] AAAAA-TCP_FORW: name:enp0s3: saddr:100932208: daddr:16783984
[  233.361103] AAAAA-TCP_FORW: name:enp0s3: saddr:100932208: daddr:16783984
[  233.419312] AAAAA-TCP_FORW: name:enp0s3: saddr:100932208: daddr:16783984
[  233.535649] AAAAA-TCP_FORW: name:enp0s3: saddr:100932208: daddr:16783984
[  233.562861] AAAAA-TCP_FORW: name:enp0s3: saddr:100932208: daddr:16783984
[  233.642275] AAAAA-TCP_FORW: name:enp0s3: saddr:100932208: daddr:16783984
[  233.703157] AAAAA-TCP_FORW: name:enp0s3: saddr:100932208: daddr:16783984
[  233.725903] AAAAA-TCP_FORW: name:enp0s3: saddr:100932208: daddr:16783984
[  233.749416] AAAAA-TCP_FORW: name:enp0s3: saddr:100932208: daddr:16783984
[  233.767864] AAAAA-TCP_FORW: name:enp0s3: saddr:100932208: daddr:16783984
[  233.795868] AAAAA-TCP_FORW: name:enp0s3: saddr:100932208: daddr:16783984
[  233.840506] AAAAA-TCP_FORW: name:enp0s3: saddr:100932208: daddr:16783984
[  233.888635] AAAAA-TCP_FORW: name:enp0s3: saddr:100932208: daddr:33561200
[  233.931396] AAAAA-TCP_FORW: name:enp0s3: saddr:100932208: daddr:33561200
[  233.973898] AAAAA-TCP_FORW: name:enp0s3: saddr:100932208: daddr:33561200
[  234.085568] AAAAA-TCP_FORW: name:enp0s3: saddr:100932208: daddr:33561200
[  234.125147] AAAAA-TCP_FORW: name:enp0s3: saddr:16783984: daddr:100932208
[  234.142173] AAAAA-TCP_FORW: name:enp0s3: saddr:100932208: daddr:33561200
[  234.176810] AAAAA-TCP_FORW: name:enp0s3: saddr:100932208: daddr:33561200
[  234.267875] AAAAA-TCP_FORW: name:enp0s3: saddr:100932208: daddr:33561200
[  234.285041] AAAAA-TCP_FORW: name:enp0s3: saddr:16783984: daddr:100932208
[  234.299983] AAAAA-TCP_FORW: name:enp0s3: saddr:100932208: daddr:33561200
[  234.342332] AAAAA-TCP_FORW: name:enp0s3: saddr:100932208: daddr:33561200
[  234.469267] AAAAA-TCP_FORW: name:enp0s3: saddr:16783984: daddr:100932208
[  234.763903] AAAAA-TCP_FORW: name:enp0s3: saddr:16783984: daddr:100932208
[  235.615688] AAAAA-TCP_FORW: name:enp0s3: saddr:16783984: daddr:100932208
[  235.922203] AAAAA-TCP_FORW: name:enp0s3: saddr:16783984: daddr:100932208
[  236.058513] AAAAA-TCP_FORW: name:enp0s3: saddr:16783984: daddr:100932208
[  236.674115] AAAAA-TCP_FORW: name:enp0s3: saddr:16783984: daddr:100932208
[  236.873346] AAAAA-TCP_FORW: name:enp0s3: saddr:16783984: daddr:100932208
[  236.940132] AAAAA-TCP_FORW: name:enp0s3: saddr:16783984: daddr:100932208
[  237.022709] AAAAA-TCP_FORW: name:enp0s3: saddr:16783984: daddr:100932208
[  237.135172] AAAAA-TCP_FORW: name:enp0s3: saddr:16783984: daddr:100932208
[  237.232882] AAAAA-TCP_FORW: name:enp0s3: saddr:16783984: daddr:100932208
[  237.301473] AAAAA-TCP_FORW: name:enp0s3: saddr:16783984: daddr:100932208
[  237.581563] AAAAA-TCP_FORW: name:enp0s3: saddr:16783984: daddr:100932208
[  237.683876] AAAAA-TCP_FORW: name:enp0s3: saddr:16783984: daddr:100932208
[  238.221989] AAAAA-TCP_FORW: name:enp0s3: saddr:16783984: daddr:100932208
[  238.647918] AAAAA-TCP_FORW: name:enp0s3: saddr:33561200: daddr:100932208
[  239.076197] AAAAA-TCP_FORW: name:enp0s3: saddr:33561200: daddr:100932208
[  239.514807] AAAAA-TCP_FORW: name:enp0s3: saddr:33561200: daddr:100932208
[  239.730024] AAAAA-TCP_FORW: name:enp0s3: saddr:33561200: daddr:100932208
[  239.843658] AAAAA-TCP_FORW: name:enp0s3: saddr:33561200: daddr:100932208
[  239.991196] AAAAA-TCP_FORW: name:enp0s3: saddr:33561200: daddr:100932208
[  240.098301] AAAAA-TCP_FORW: name:enp0s3: saddr:33561200: daddr:100932208
[  240.292370] AAAAA-TCP_FORW: name:enp0s3: saddr:33561200: daddr:100932208
[  240.432998] AAAAA-TCP_FORW: name:enp0s3: saddr:33561200: daddr:100932208
[  243.807997] AAAAA-TCP_FORW: name:enp0s3: saddr:100932208: daddr:16783984
[  243.909648] AAAAA-TCP_FORW: name:enp0s3: saddr:100932208: daddr:16783984
[  243.960750] AAAAA-TCP_FORW: name:enp0s3: saddr:100932208: daddr:16783984
[  244.290890] AAAAA-TCP_FORW: name:enp0s3: saddr:100932208: daddr:16783984
[  244.396652] AAAAA-TCP_FORW: name:enp0s3: saddr:100932208: daddr:16783984
[  244.636898] AAAAA-TCP_FORW: name:enp0s3: saddr:100932208: daddr:16783984
[  244.840041] AAAAA-TCP_FORW: name:enp0s3: saddr:100932208: daddr:16783984
[  244.842742] AAAAA-TCP_FORW: name:enp0s3: saddr:100932208: daddr:33561200
[  245.316298] AAAAA-TCP_FORW: name:enp0s3: saddr:100932208: daddr:16783984
[  245.421357] AAAAA-TCP_FORW: name:enp0s3: saddr:100932208: daddr:16783984
[  245.529769] AAAAA-TCP_FORW: name:enp0s3: saddr:100932208: daddr:16783984
[  245.859108] AAAAA-TCP_FORW: name:enp0s3: saddr:100932208: daddr:33561200
[  245.999403] AAAAA-TCP_FORW: name:enp0s3: saddr:100932208: daddr:16783984
[  246.147267] AAAAA-TCP_FORW: name:enp0s3: saddr:100932208: daddr:33561200
[  246.215225] AAAAA-TCP_FORW: name:enp0s3: saddr:100932208: daddr:33561200
[  246.332064] AAAAA-TCP_FORW: name:enp0s3: saddr:100932208: daddr:33561200
[  246.391766] AAAAA-TCP_FORW: name:enp0s3: saddr:100932208: daddr:33561200
[  246.593081] AAAAA-TCP_FORW: name:enp0s3: saddr:100932208: daddr:33561200
[  246.881747] AAAAA-TCP_FORW: name:enp0s3: saddr:100932208: daddr:33561200
[  247.152728] AAAAA-TCP_FORW: name:enp0s3: saddr:100932208: daddr:33561200
[  247.435007] AAAAA-TCP_FORW: name:enp0s3: saddr:100932208: daddr:33561200
[  247.438713] AAAAA-TCP_FORW: name:enp0s3: saddr:100932208: daddr:33561200
[  247.557206] AAAAA-TCP_FORW: name:enp0s3: saddr:100932208: daddr:33561200
[  247.642463] AAAAA-TCP_FORW: name:enp0s3: saddr:100932208: daddr:33561200
[  247.879879] AAAAA-TCP_FORW: name:enp0s3: saddr:100932208: daddr:16783984
[  248.056345] AAAAA-TCP_FORW: name:enp0s3: saddr:100932208: daddr:33561200
[  248.295731] AAAAA-TCP_FORW: name:enp0s3: saddr:100932208: daddr:16783984
[  248.377521] AAAAA-TCP_FORW: name:enp0s3: saddr:100932208: daddr:33561200
[  248.792557] AAAAA-TCP_FORW: name:enp0s3: saddr:100932208: daddr:16783984
[  248.831166] AAAAA-TCP_FORW: name:enp0s3: saddr:16783984: daddr:100932208
[  248.845512] AAAAA-TCP_FORW: name:enp0s3: saddr:100932208: daddr:16783984
[  248.910758] AAAAA-TCP_FORW: name:enp0s3: saddr:100932208: daddr:16783984
[  248.912684] AAAAA-TCP_FORW: name:enp0s3: saddr:100932208: daddr:16783984
[  248.980944] AAAAA-TCP_FORW: name:enp0s3: saddr:100932208: daddr:16783984
[  249.154517] AAAAA-TCP_FORW: name:enp0s3: saddr:16783984: daddr:100932208
[  249.198859] AAAAA-TCP_FORW: name:enp0s3: saddr:16783984: daddr:100932208
[  249.227032] AAAAA-TCP_FORW: name:enp0s3: saddr:100932208: daddr:16783984
[  249.297091] AAAAA-TCP_FORW: name:enp0s3: saddr:100932208: daddr:16783984
[  249.367803] AAAAA-TCP_FORW: name:enp0s3: saddr:100932208: daddr:16783984
[  249.376437] AAAAA-TCP_FORW: name:enp0s3: saddr:100932208: daddr:16783984
[  249.431429] AAAAA-TCP_FORW: name:enp0s3: saddr:100932208: daddr:16783984
[  249.489880] AAAAA-TCP_FORW: name:enp0s3: saddr:100932208: daddr:16783984
[  249.667282] AAAAA-TCP_FORW: name:enp0s3: saddr:33561200: daddr:100932208
[  249.722931] AAAAA-TCP_FORW: name:enp0s3: saddr:100932208: daddr:16783984
[  249.865404] AAAAA-TCP_FORW: name:enp0s3: saddr:100932208: daddr:16783984
[  249.944633] AAAAA-TCP_FORW: name:enp0s3: saddr:100932208: daddr:16783984
[  249.974388] AAAAA-TCP_FORW: name:enp0s3: saddr:16783984: daddr:100932208
[  249.994029] AAAAA-TCP_FORW: name:enp0s3: saddr:100932208: daddr:16783984
[  250.121481] AAAAA-TCP_FORW: name:enp0s3: saddr:100932208: daddr:16783984
[  250.657805] AAAAA-TCP_FORW: name:enp0s3: saddr:16783984: daddr:100932208
[  250.992949] AAAAA-TCP_FORW: name:enp0s3: saddr:16783984: daddr:100932208
[  251.752521] AAAAA-TCP_FORW: name:enp0s3: saddr:33561200: daddr:100932208
[  251.992110] AAAAA-TCP_FORW: name:enp0s3: saddr:33561200: daddr:100932208
[  252.510903] AAAAA-TCP_FORW: name:enp0s3: saddr:33561200: daddr:100932208
[  252.747083] AAAAA-TCP_FORW: name:enp0s3: saddr:33561200: daddr:100932208
[  253.006554] AAAAA-TCP_FORW: name:enp0s3: saddr:33561200: daddr:100932208
[  253.094397] AAAAA-TCP_FORW: name:enp0s3: saddr:33561200: daddr:100932208
[  253.550625] AAAAA-TCP_FORW: name:enp0s3: saddr:100932208: daddr:33561200
[  253.702363] AAAAA-TCP_FORW: name:enp0s3: saddr:100932208: daddr:16783984
[  253.793097] AAAAA-TCP_FORW: name:enp0s3: saddr:100932208: daddr:16783984
[  253.812630] AAAAA-TCP_FORW: name:enp0s3: saddr:33561200: daddr:100932208
[  253.846671] AAAAA-TCP_FORW: name:enp0s3: saddr:100932208: daddr:16783984
[  253.997817] AAAAA-TCP_FORW: name:enp0s3: saddr:100932208: daddr:33561200
[  254.080101] AAAAA-TCP_FORW: name:enp0s3: saddr:100932208: daddr:33561200
[  254.113767] AAAAA-TCP_FORW: name:enp0s3: saddr:100932208: daddr:16783984
[  254.203244] AAAAA-TCP_FORW: name:enp0s3: saddr:100932208: daddr:33561200
[  254.280326] AAAAA-TCP_FORW: name:enp0s3: saddr:33561200: daddr:100932208
[  254.350722] AAAAA-TCP_FORW: name:enp0s3: saddr:100932208: daddr:33561200
[  254.451154] AAAAA-TCP_FORW: name:enp0s3: saddr:33561200: daddr:100932208
[  254.475945] AAAAA-TCP_FORW: name:enp0s3: saddr:100932208: daddr:33561200
[  254.858966] AAAAA-TCP_FORW: name:enp0s3: saddr:33561200: daddr:100932208
[  255.081462] AAAAA-TCP_FORW: name:enp0s3: saddr:100932208: daddr:16783984
[  255.197374] AAAAA-TCP_FORW: name:enp0s3: saddr:100932208: daddr:16783984
[  255.269490] AAAAA-TCP_FORW: name:enp0s3: saddr:100932208: daddr:33561200
[  255.510119] AAAAA-TCP_FORW: name:enp0s3: saddr:16783984: daddr:100932208
[  255.709975] AAAAA-TCP_FORW: name:enp0s3: saddr:100932208: daddr:33561200
[  255.791415] AAAAA-TCP_FORW: name:enp0s3: saddr:33561200: daddr:100932208
[  255.816471] AAAAA-TCP_FORW: name:enp0s3: saddr:100932208: daddr:16783984
[  255.908153] AAAAA-TCP_FORW: name:enp0s3: saddr:100932208: daddr:16783984
[  256.031069] AAAAA-TCP_FORW: name:enp0s3: saddr:100932208: daddr:33561200
[  256.105852] AAAAA-TCP_FORW: name:enp0s3: saddr:16783984: daddr:100932208
[  256.759695] AAAAA-TCP_FORW: name:enp0s3: saddr:100932208: daddr:33561200
[  256.800850] AAAAA-TCP_FORW: name:enp0s3: saddr:100932208: daddr:33561200
[  256.963910] AAAAA-TCP_FORW: name:enp0s3: saddr:100932208: daddr:33561200
[  257.009589] AAAAA-TCP_FORW: name:enp0s3: saddr:100932208: daddr:33561200
[  257.512488] AAAAA-TCP_FORW: name:enp0s3: saddr:100932208: daddr:33561200
[  257.890386] AAAAA-TCP_FORW: name:enp0s3: saddr:100932208: daddr:16783984
[  259.375105] AAAAA-TCP_FORW: name:enp0s3: saddr:100932208: daddr:33561200
[  260.517912] AAAAA-TCP_FORW: name:enp0s3: saddr:100932208: daddr:33561200
[  262.977433] AAAAA-TCP_FORW: name:enp0s3: saddr:100932208: daddr:16783984
[  263.110390] AAAAA-TCP_FORW: name:enp0s3: saddr:100932208: daddr:16783984
[  263.185321] AAAAA-TCP_FORW: name:enp0s3: saddr:100932208: daddr:16783984
[  263.304536] AAAAA-TCP_FORW: name:enp0s3: saddr:100932208: daddr:16783984
[  263.421223] AAAAA-TCP_FORW: name:enp0s3: saddr:100932208: daddr:16783984
[  263.615728] AAAAA-TCP_FORW: name:enp0s3: saddr:100932208: daddr:16783984
[  263.624423] AAAAA-TCP_FORW: name:enp0s3: saddr:100932208: daddr:16783984
[  263.694224] AAAAA-TCP_FORW: name:enp0s3: saddr:100932208: daddr:16783984
[  263.840482] AAAAA-TCP_FORW: name:enp0s3: saddr:100932208: daddr:16783984
[  263.995558] AAAAA-TCP_FORW: name:enp0s3: saddr:100932208: daddr:16783984
[  264.088419] AAAAA-TCP_FORW: name:enp0s3: saddr:100932208: daddr:16783984
[  264.211625] AAAAA-TCP_FORW: name:enp0s3: saddr:100932208: daddr:16783984
[  264.364075] AAAAA-TCP_FORW: name:enp0s3: saddr:100932208: daddr:16783984
[  264.515856] AAAAA-TCP_FORW: name:enp0s3: saddr:100932208: daddr:16783984
[  264.631360] AAAAA-TCP_FORW: name:enp0s3: saddr:100932208: daddr:16783984
[  264.681565] AAAAA-TCP_FORW: name:enp0s3: saddr:100932208: daddr:16783984
[  264.791083] AAAAA-TCP_FORW: name:enp0s3: saddr:100932208: daddr:16783984
[  264.902928] AAAAA-TCP_FORW: name:enp0s3: saddr:100932208: daddr:16783984
[  264.951739] AAAAA-TCP_FORW: name:enp0s3: saddr:100932208: daddr:16783984
[  264.987100] AAAAA-TCP_FORW: name:enp0s3: saddr:100932208: daddr:16783984
[  265.146631] AAAAA-TCP_FORW: name:enp0s3: saddr:100932208: daddr:16783984
[  265.198602] AAAAA-TCP_FORW: name:enp0s3: saddr:100932208: daddr:16783984
[  265.309852] AAAAA-TCP_FORW: name:enp0s3: saddr:100932208: daddr:16783984
[  265.351348] AAAAA-TCP_FORW: name:enp0s3: saddr:100932208: daddr:16783984
[  265.463468] AAAAA-TCP_FORW: name:enp0s3: saddr:100932208: daddr:16783984
[  265.509728] AAAAA-TCP_FORW: name:enp0s3: saddr:100932208: daddr:16783984
[  265.600229] AAAAA-TCP_FORW: name:enp0s3: saddr:100932208: daddr:16783984
[  265.656456] AAAAA-TCP_FORW: name:enp0s3: saddr:100932208: daddr:16783984
[  265.777749] AAAAA-TCP_FORW: name:enp0s3: saddr:100932208: daddr:16783984
[  265.962197] AAAAA-TCP_FORW: name:enp0s3: saddr:100932208: daddr:16783984
[  266.074158] AAAAA-TCP_FORW: name:enp0s3: saddr:100932208: daddr:33561200
[  266.199307] AAAAA-TCP_FORW: name:enp0s3: saddr:100932208: daddr:33561200
[  266.277889] AAAAA-TCP_FORW: name:enp0s3: saddr:100932208: daddr:33561200
[  266.432291] AAAAA-TCP_FORW: name:enp0s3: saddr:100932208: daddr:33561200
[  266.473453] AAAAA-TCP_FORW: name:enp0s3: saddr:100932208: daddr:33561200
[  266.626665] AAAAA-TCP_FORW: name:enp0s3: saddr:100932208: daddr:33561200
[  266.786872] AAAAA-TCP_FORW: name:enp0s3: saddr:100932208: daddr:33561200
[  266.954616] AAAAA-TCP_FORW: name:enp0s3: saddr:100932208: daddr:33561200
[  267.026114] AAAAA-TCP_FORW: name:enp0s3: saddr:100932208: daddr:33561200
[  267.142840] AAAAA-TCP_FORW: name:enp0s3: saddr:100932208: daddr:33561200
[  267.207726] AAAAA-TCP_FORW: name:enp0s3: saddr:100932208: daddr:33561200
[  267.256829] AAAAA-TCP_FORW: name:enp0s3: saddr:100932208: daddr:33561200
[  267.283248] AAAAA-TCP_FORW: name:enp0s3: saddr:100932208: daddr:33561200
[  267.321802] AAAAA-TCP_FORW: name:enp0s3: saddr:100932208: daddr:33561200
[  267.442650] AAAAA-TCP_FORW: name:enp0s3: saddr:100932208: daddr:33561200
[  267.470672] AAAAA-TCP_FORW: name:enp0s3: saddr:100932208: daddr:33561200
[  267.582953] AAAAA-TCP_FORW: name:enp0s3: saddr:100932208: daddr:33561200
[  267.942794] AAAAA-TCP_FORW: name:enp0s3: saddr:100932208: daddr:16783984
[  268.097007] AAAAA-TCP_FORW: name:enp0s3: saddr:100932208: daddr:16783984
[  268.198678] AAAAA-TCP_FORW: name:enp0s3: saddr:100932208: daddr:16783984
[  268.338747] AAAAA-TCP_FORW: name:enp0s3: saddr:100932208: daddr:16783984
[  268.440583] AAAAA-TCP_FORW: name:enp0s3: saddr:100932208: daddr:16783984
[  268.641503] AAAAA-TCP_FORW: name:enp0s3: saddr:100932208: daddr:16783984
[  269.023572] AAAAA-TCP_FORW: name:enp0s3: saddr:100932208: daddr:16783984
[  269.199431] AAAAA-TCP_FORW: name:enp0s3: saddr:100932208: daddr:16783984
[  269.598708] AAAAA-TCP_FORW: name:enp0s3: saddr:100932208: daddr:16783984
[  283.412172] AAAAA-TCP_FORW: name:enp0s3: saddr:100932208: daddr:16783984
[  283.519960] AAAAA-TCP_FORW: name:enp0s3: saddr:100932208: daddr:16783984
[  283.585470] AAAAA-TCP_FORW: name:enp0s3: saddr:100932208: daddr:16783984
[  283.686561] AAAAA-TCP_FORW: name:enp0s3: saddr:100932208: daddr:16783984
[  283.800825] AAAAA-TCP_FORW: name:enp0s3: saddr:100932208: daddr:16783984
[  283.832975] AAAAA-TCP_FORW: name:enp0s3: saddr:100932208: daddr:16783984
[  283.974697] AAAAA-TCP_FORW: name:enp0s3: saddr:100932208: daddr:16783984
[  284.034491] AAAAA-TCP_FORW: name:enp0s3: saddr:100932208: daddr:16783984
[  284.126789] AAAAA-TCP_FORW: name:enp0s3: saddr:100932208: daddr:16783984
[  284.198508] AAAAA-TCP_FORW: name:enp0s3: saddr:100932208: daddr:16783984
[  284.286205] AAAAA-TCP_FORW: name:enp0s3: saddr:100932208: daddr:16783984
[  284.385595] AAAAA-TCP_FORW: name:enp0s3: saddr:100932208: daddr:16783984
[  284.447068] AAAAA-TCP_FORW: name:enp0s3: saddr:100932208: daddr:16783984
[  284.575142] AAAAA-TCP_FORW: name:enp0s3: saddr:100932208: daddr:16783984
[  284.656725] AAAAA-TCP_FORW: name:enp0s3: saddr:100932208: daddr:16783984
[  284.705037] AAAAA-TCP_FORW: name:enp0s3: saddr:100932208: daddr:16783984
[  284.817276] AAAAA-TCP_FORW: name:enp0s3: saddr:100932208: daddr:16783984
[  284.928138] AAAAA-TCP_FORW: name:enp0s3: saddr:100932208: daddr:16783984
[  285.027323] AAAAA-TCP_FORW: name:enp0s3: saddr:100932208: daddr:16783984
[  285.091252] AAAAA-TCP_FORW: name:enp0s3: saddr:100932208: daddr:16783984
[  285.133702] AAAAA-TCP_FORW: name:enp0s3: saddr:100932208: daddr:16783984
[  285.234452] AAAAA-TCP_FORW: name:enp0s3: saddr:100932208: daddr:16783984
[  285.308677] AAAAA-TCP_FORW: name:enp0s3: saddr:100932208: daddr:16783984
[  285.455794] AAAAA-TCP_FORW: name:enp0s3: saddr:100932208: daddr:16783984
[  285.535893] AAAAA-TCP_FORW: name:enp0s3: saddr:100932208: daddr:16783984
[  285.584610] AAAAA-TCP_FORW: name:enp0s3: saddr:100932208: daddr:16783984
[  285.659906] AAAAA-TCP_FORW: name:enp0s3: saddr:100932208: daddr:16783984
[  285.757869] AAAAA-TCP_FORW: name:enp0s3: saddr:100932208: daddr:16783984
[  285.869623] AAAAA-TCP_FORW: name:enp0s3: saddr:100932208: daddr:33561200
[  285.942302] AAAAA-TCP_FORW: name:enp0s3: saddr:100932208: daddr:16783984
[  286.047940] AAAAA-TCP_FORW: name:enp0s3: saddr:100932208: daddr:16783984
[  286.100205] AAAAA-TCP_FORW: name:enp0s3: saddr:100932208: daddr:16783984
[  286.386017] AAAAA-TCP_FORW: name:enp0s3: saddr:100932208: daddr:16783984
[  286.494138] AAAAA-TCP_FORW: name:enp0s3: saddr:100932208: daddr:16783984
[  286.663028] AAAAA-TCP_FORW: name:enp0s3: saddr:16783984: daddr:100932208
[  286.777487] AAAAA-TCP_FORW: name:enp0s3: saddr:100932208: daddr:16783984
[  286.788223] AAAAA-TCP_FORW: name:enp0s3: saddr:16783984: daddr:100932208
[  286.877215] AAAAA-TCP_FORW: name:enp0s3: saddr:100932208: daddr:16783984
[  286.900523] AAAAA-TCP_FORW: name:enp0s3: saddr:16783984: daddr:100932208
[  287.137641] AAAAA-TCP_FORW: name:enp0s3: saddr:16783984: daddr:100932208
[  287.405177] AAAAA-TCP_FORW: name:enp0s3: saddr:16783984: daddr:100932208
[  287.489194] AAAAA-TCP_FORW: name:enp0s3: saddr:100932208: daddr:16783984
[  287.536848] AAAAA-TCP_FORW: name:enp0s3: saddr:16783984: daddr:100932208
[  287.599713] AAAAA-TCP_FORW: name:enp0s3: saddr:100932208: daddr:16783984
[  287.674888] AAAAA-TCP_FORW: name:enp0s3: saddr:100932208: daddr:16783984
[  287.733393] AAAAA-TCP_FORW: name:enp0s3: saddr:100932208: daddr:16783984
[  287.761708] AAAAA-TCP_FORW: name:enp0s3: saddr:16783984: daddr:100932208
[  287.826092] AAAAA-TCP_FORW: name:enp0s3: saddr:100932208: daddr:16783984
[  287.980348] AAAAA-TCP_FORW: name:enp0s3: saddr:33561200: daddr:100932208
[  287.995937] AAAAA-TCP_FORW: name:enp0s3: saddr:100932208: daddr:16783984
[  288.058876] AAAAA-TCP_FORW: name:enp0s3: saddr:100932208: daddr:16783984
[  288.177297] AAAAA-TCP_FORW: name:enp0s3: saddr:16783984: daddr:100932208
[  288.208114] AAAAA-TCP_FORW: name:enp0s3: saddr:100932208: daddr:16783984
[  288.297489] AAAAA-TCP_FORW: name:enp0s3: saddr:100932208: daddr:16783984
[  288.372966] AAAAA-TCP_FORW: name:enp0s3: saddr:100932208: daddr:16783984
[  288.408570] AAAAA-TCP_FORW: name:enp0s3: saddr:16783984: daddr:100932208
[  288.443346] AAAAA-TCP_FORW: name:enp0s3: saddr:100932208: daddr:16783984
[  289.041373] AAAAA-TCP_FORW: name:enp0s3: saddr:100932208: daddr:16783984
[  289.321966] AAAAA-TCP_FORW: name:enp0s3: saddr:100932208: daddr:16783984
[  290.413408] AAAAA-TCP_FORW: name:enp0s3: saddr:100932208: daddr:16783984
[  290.893622] AAAAA-TCP_FORW: name:enp0s3: saddr:100932208: daddr:16783984
[  291.076022] AAAAA-TCP_FORW: name:enp0s3: saddr:100932208: daddr:33561200
[  291.112177] AAAAA-TCP_FORW: name:enp0s3: saddr:100932208: daddr:33561200
[  291.216725] AAAAA-TCP_FORW: name:enp0s3: saddr:100932208: daddr:33561200
[  291.250420] AAAAA-TCP_FORW: name:enp0s3: saddr:100932208: daddr:33561200
[  291.355063] AAAAA-TCP_FORW: name:enp0s3: saddr:100932208: daddr:33561200
[  291.409891] AAAAA-TCP_FORW: name:enp0s3: saddr:100932208: daddr:33561200
[  291.571005] AAAAA-TCP_FORW: name:enp0s3: saddr:100932208: daddr:33561200
[  291.587648] AAAAA-TCP_FORW: name:enp0s3: saddr:100932208: daddr:33561200
[  292.251428] AAAAA-TCP_FORW: name:enp0s3: saddr:100932208: daddr:16783984
[  292.829827] AAAAA-TCP_FORW: name:enp0s3: saddr:100932208: daddr:16783984
[  293.332312] AAAAA-TCP_FORW: name:enp0s3: saddr:100932208: daddr:16783984
[  294.116871] AAAAA-TCP_FORW: name:enp0s3: saddr:100932208: daddr:16783984
[  294.244571] AAAAA-TCP_FORW: name:enp0s3: saddr:100932208: daddr:16783984
[  294.299088] AAAAA-TCP_FORW: name:enp0s3: saddr:100932208: daddr:16783984
[  294.612453] AAAAA-TCP_FORW: name:enp0s3: saddr:100932208: daddr:16783984
[  294.764271] AAAAA-TCP_FORW: name:enp0s3: saddr:100932208: daddr:16783984
[  294.918286] AAAAA-TCP_FORW: name:enp0s3: saddr:100932208: daddr:16783984
[  295.208791] AAAAA-TCP_FORW: name:enp0s3: saddr:100932208: daddr:16783984
[  295.723578] AAAAA-TCP_FORW: name:enp0s3: saddr:100932208: daddr:16783984
[  296.027730] AAAAA-TCP_FORW: name:enp0s3: saddr:100932208: daddr:16783984
[  296.291961] AAAAA-TCP_FORW: name:enp0s3: saddr:100932208: daddr:16783984
[  296.810538] AAAAA-TCP_FORW: name:enp0s3: saddr:100932208: daddr:16783984
[  297.068712] AAAAA-TCP_FORW: name:enp0s3: saddr:100932208: daddr:16783984
[  297.513922] AAAAA-TCP_FORW: name:enp0s3: saddr:100932208: daddr:16783984
[  297.966263] AAAAA-TCP_FORW: name:enp0s3: saddr:100932208: daddr:33561200
[  297.988678] AAAAA-TCP_FORW: name:enp0s3: saddr:100932208: daddr:33561200
[  298.322628] AAAAA-TCP_FORW: name:enp0s3: saddr:100932208: daddr:33561200
[  298.403696] AAAAA-TCP_FORW: name:enp0s3: saddr:100932208: daddr:33561200
[  298.616934] AAAAA-TCP_FORW: name:enp0s3: saddr:100932208: daddr:33561200
[  298.706404] AAAAA-TCP_FORW: name:enp0s3: saddr:100932208: daddr:33561200
[  298.843977] AAAAA-TCP_FORW: name:enp0s3: saddr:100932208: daddr:33561200
[  298.984695] AAAAA-TCP_FORW: name:enp0s3: saddr:100932208: daddr:33561200
[  299.286581] AAAAA-TCP_FORW: name:enp0s3: saddr:100932208: daddr:16783984
[  299.438019] AAAAA-TCP_FORW: name:enp0s3: saddr:100932208: daddr:16783984
[  299.589649] AAAAA-TCP_FORW: name:enp0s3: saddr:100932208: daddr:16783984
[  300.013325] AAAAA-TCP_FORW: name:enp0s3: saddr:100932208: daddr:16783984
[  300.101649] AAAAA-TCP_FORW: name:enp0s3: saddr:100932208: daddr:16783984
[  300.206890] AAAAA-TCP_FORW: name:enp0s3: saddr:100932208: daddr:16783984
[  300.282531] AAAAA-TCP_FORW: name:enp0s3: saddr:100932208: daddr:16783984
[  300.365864] AAAAA-TCP_FORW: name:enp0s3: saddr:100932208: daddr:16783984
[  300.571715] AAAAA-TCP_FORW: name:enp0s3: saddr:100932208: daddr:16783984
[  300.669989] AAAAA-TCP_FORW: name:enp0s3: saddr:100932208: daddr:16783984
[  300.767793] AAAAA-TCP_FORW: name:enp0s3: saddr:100932208: daddr:16783984
[  309.755170] AAAAA-TCP_FORW: name:enp0s3: saddr:100932208: daddr:16783984
[  309.972213] AAAAA-TCP_FORW: name:enp0s3: saddr:100932208: daddr:16783984
[  310.116401] AAAAA-TCP_FORW: name:enp0s3: saddr:100932208: daddr:16783984
[  310.197638] AAAAA-TCP_FORW: name:enp0s3: saddr:100932208: daddr:16783984
[  310.264122] AAAAA-TCP_FORW: name:enp0s3: saddr:100932208: daddr:33561200
[  310.361278] AAAAA-TCP_FORW: name:enp0s3: saddr:100932208: daddr:16783984
[  310.497333] AAAAA-TCP_FORW: name:enp0s3: saddr:100932208: daddr:16783984
[  310.588503] AAAAA-TCP_FORW: name:enp0s3: saddr:100932208: daddr:16783984
[  310.630351] AAAAA-TCP_FORW: name:enp0s3: saddr:100932208: daddr:16783984
[  310.683012] AAAAA-TCP_FORW: name:enp0s3: saddr:100932208: daddr:16783984
[  310.777226] AAAAA-TCP_FORW: name:enp0s3: saddr:100932208: daddr:16783984
[  310.944141] AAAAA-TCP_FORW: name:enp0s3: saddr:100932208: daddr:16783984
[  313.251177] AAAAA-TCP_FORW: name:enp0s3: saddr:100932208: daddr:16783984
[  513.687531] rfkill: input handler enabled
[  522.321811] rfkill: input handler disabled
[  742.394716] device enp0s3 left promiscuous mode
