[    0.000000] Linux version 5.4.243-dmptcp (root@ztg) (gcc version 12.2.0 (Debian 12.2.0-14+deb12u1)) #119 SMP Wed Dec 24 23:52:51 CST 2025
[    0.000000] Command line: BOOT_IMAGE=/boot/vmlinuz-5.4.243-dmptcp root=UUID=98415a12-53b7-4144-8265-0f7ece09e445 ro quiet splash
[    0.000000] KERNEL supported cpus:
[    0.000000]   Intel GenuineIntel
[    0.000000]   AMD AuthenticAMD
[    0.000000]   Hygon HygonGenuine
[    0.000000]   Centaur CentaurHauls
[    0.000000]   zhaoxin   Shanghai  
[    0.000000] x86/fpu: Supporting XSAVE feature 0x001: 'x87 floating point registers'
[    0.000000] x86/fpu: Supporting XSAVE feature 0x002: 'SSE registers'
[    0.000000] x86/fpu: Supporting XSAVE feature 0x004: 'AVX registers'
[    0.000000] x86/fpu: xstate_offset[2]:  576, xstate_sizes[2]:  256
[    0.000000] x86/fpu: Enabled xstate features 0x7, context size is 832 bytes, using 'standard' format.
[    0.000000] BIOS-provided physical RAM map:
[    0.000000] BIOS-e820: [mem 0x0000000000000000-0x000000000009fbff] usable
[    0.000000] BIOS-e820: [mem 0x000000000009fc00-0x000000000009ffff] reserved
[    0.000000] BIOS-e820: [mem 0x00000000000f0000-0x00000000000fffff] reserved
[    0.000000] BIOS-e820: [mem 0x0000000000100000-0x000000007ffeffff] usable
[    0.000000] BIOS-e820: [mem 0x000000007fff0000-0x000000007fffffff] ACPI data
[    0.000000] BIOS-e820: [mem 0x00000000fec00000-0x00000000fec00fff] reserved
[    0.000000] BIOS-e820: [mem 0x00000000fee00000-0x00000000fee00fff] reserved
[    0.000000] BIOS-e820: [mem 0x00000000fffc0000-0x00000000ffffffff] reserved
[    0.000000] NX (Execute Disable) protection: active
[    0.000000] SMBIOS 2.5 present.
[    0.000000] DMI: innotek GmbH VirtualBox/VirtualBox, BIOS VirtualBox 12/01/2006
[    0.000000] Hypervisor detected: KVM
[    0.000000] kvm-clock: Using msrs 4b564d01 and 4b564d00
[    0.000000] kvm-clock: cpu 0, msr 5e201001, primary cpu clock
[    0.000000] kvm-clock: using sched offset of 4463330144 cycles
[    0.000003] clocksource: kvm-clock: mask: 0xffffffffffffffff max_cycles: 0x1cd42e4dffb, max_idle_ns: 881590591483 ns
[    0.000006] tsc: Detected 2100.000 MHz processor
[    0.001860] e820: update [mem 0x00000000-0x00000fff] usable ==> reserved
[    0.001862] e820: remove [mem 0x000a0000-0x000fffff] usable
[    0.001866] last_pfn = 0x7fff0 max_arch_pfn = 0x400000000
[    0.001933] MTRR default type: uncachable
[    0.001934] MTRR fixed ranges enabled:
[    0.001936]   00000-9FFFF write-back
[    0.001936]   A0000-BFFFF uncachable
[    0.001937]   C0000-FFFFF write-protect
[    0.001938] MTRR variable ranges enabled:
[    0.001939]   0 base 000000000000 mask 3FFF80000000 write-back
[    0.001940]   1 disabled
[    0.001940]   2 disabled
[    0.001941]   3 disabled
[    0.001941]   4 disabled
[    0.001941]   5 disabled
[    0.001942]   6 disabled
[    0.001942]   7 disabled
[    0.001943]   8 disabled
[    0.001943]   9 disabled
[    0.001943]   10 disabled
[    0.001944]   11 disabled
[    0.001944]   12 disabled
[    0.001945]   13 disabled
[    0.001945]   14 disabled
[    0.001946]   15 disabled
[    0.001962] x86/PAT: Configuration [0-7]: WB  WC  UC- UC  WB  WP  UC- WT  
[    0.002095] found SMP MP-table at [mem 0x0009fff0-0x0009ffff]
[    0.090560] check: Scanning 1 areas for low memory corruption
[    0.090811] RAMDISK: [mem 0x32271000-0x3512ffff]
[    0.090819] ACPI: Early table checksum verification disabled
[    0.090824] ACPI: RSDP 0x00000000000E0000 000024 (v02 VBOX  )
[    0.090829] ACPI: XSDT 0x000000007FFF0030 00003C (v01 VBOX   VBOXXSDT 00000001 ASL  00000061)
[    0.090835] ACPI: FACP 0x000000007FFF00F0 0000F4 (v04 VBOX   VBOXFACP 00000001 ASL  00000061)
[    0.090842] ACPI: DSDT 0x000000007FFF02E0 002353 (v02 VBOX   VBOXBIOS 00000002 VBOX 00029BF3)
[    0.090846] ACPI: FACS 0x000000007FFF0200 000040
[    0.090849] ACPI: FACS 0x000000007FFF0200 000040
[    0.090853] ACPI: APIC 0x000000007FFF0240 000054 (v02 VBOX   VBOXAPIC 00000001 ASL  00000061)
[    0.090857] ACPI: SSDT 0x000000007FFF02A0 000038 (v01 VBOX   VBOXCPUT 00000002 VBOX 00029BF3)
[    0.090860] ACPI: Reserving FACP table memory at [mem 0x7fff00f0-0x7fff01e3]
[    0.090861] ACPI: Reserving DSDT table memory at [mem 0x7fff02e0-0x7fff2632]
[    0.090861] ACPI: Reserving FACS table memory at [mem 0x7fff0200-0x7fff023f]
[    0.090862] ACPI: Reserving FACS table memory at [mem 0x7fff0200-0x7fff023f]
[    0.090863] ACPI: Reserving APIC table memory at [mem 0x7fff0240-0x7fff0293]
[    0.090863] ACPI: Reserving SSDT table memory at [mem 0x7fff02a0-0x7fff02d7]
[    0.090878] ACPI: Local APIC address 0xfee00000
[    0.091066] No NUMA configuration found
[    0.091067] Faking a node at [mem 0x0000000000000000-0x000000007ffeffff]
[    0.091078] NODE_DATA(0) allocated [mem 0x7ffc5000-0x7ffeffff]
[    0.092001] Zone ranges:
[    0.092002]   DMA      [mem 0x0000000000001000-0x0000000000ffffff]
[    0.092004]   DMA32    [mem 0x0000000001000000-0x000000007ffeffff]
[    0.092004]   Normal   empty
[    0.092005]   Device   empty
[    0.092006] Movable zone start for each node
[    0.092008] Early memory node ranges
[    0.092009]   node   0: [mem 0x0000000000001000-0x000000000009efff]
[    0.092009]   node   0: [mem 0x0000000000100000-0x000000007ffeffff]
[    0.092677] Zeroed struct page in unavailable ranges: 114 pages
[    0.092678] Initmem setup node 0 [mem 0x0000000000001000-0x000000007ffeffff]
[    0.092679] On node 0 totalpages: 524174
[    0.092681]   DMA zone: 64 pages used for memmap
[    0.092681]   DMA zone: 21 pages reserved
[    0.092682]   DMA zone: 3998 pages, LIFO batch:0
[    0.092756]   DMA32 zone: 8128 pages used for memmap
[    0.092757]   DMA32 zone: 520176 pages, LIFO batch:63
[    0.101703] ACPI: PM-Timer IO Port: 0x4008
[    0.101706] ACPI: Local APIC address 0xfee00000
[    0.101772] IOAPIC[0]: apic_id 1, version 32, address 0xfec00000, GSI 0-23
[    0.101775] ACPI: INT_SRC_OVR (bus 0 bus_irq 0 global_irq 2 dfl dfl)
[    0.101777] ACPI: INT_SRC_OVR (bus 0 bus_irq 9 global_irq 9 low level)
[    0.101779] ACPI: IRQ0 used by override.
[    0.101780] ACPI: IRQ9 used by override.
[    0.101782] Using ACPI (MADT) for SMP configuration information
[    0.101790] smpboot: Allowing 1 CPUs, 0 hotplug CPUs
[    0.101813] PM: Registered nosave memory: [mem 0x00000000-0x00000fff]
[    0.101814] PM: Registered nosave memory: [mem 0x0009f000-0x0009ffff]
[    0.101815] PM: Registered nosave memory: [mem 0x000a0000-0x000effff]
[    0.101815] PM: Registered nosave memory: [mem 0x000f0000-0x000fffff]
[    0.101817] [mem 0x80000000-0xfebfffff] available for PCI devices
[    0.101818] Booting paravirtualized kernel on KVM
[    0.101821] clocksource: refined-jiffies: mask: 0xffffffff max_cycles: 0xffffffff, max_idle_ns: 7645519600211568 ns
[    0.101825] setup_percpu: NR_CPUS:8192 nr_cpumask_bits:1 nr_cpu_ids:1 nr_node_ids:1
[    0.102743] percpu: Embedded 60 pages/cpu s208896 r8192 d28672 u2097152
[    0.102748] pcpu-alloc: s208896 r8192 d28672 u2097152 alloc=1*2097152
[    0.102749] pcpu-alloc: [0] 0 
[    0.102775] Built 1 zonelists, mobility grouping on.  Total pages: 515961
[    0.102775] Policy zone: DMA32
[    0.102776] Kernel command line: BOOT_IMAGE=/boot/vmlinuz-5.4.243-dmptcp root=UUID=98415a12-53b7-4144-8265-0f7ece09e445 ro quiet splash
[    0.103612] Dentry cache hash table entries: 262144 (order: 9, 2097152 bytes, linear)
[    0.103758] Inode-cache hash table entries: 131072 (order: 8, 1048576 bytes, linear)
[    0.103809] mem auto-init: stack:off, heap alloc:on, heap free:off
[    0.103812] Calgary: detecting Calgary via BIOS EBDA area
[    0.103814] Calgary: Unable to locate Rio Grande table in EBDA - bailing!
[    0.107781] Memory: 1967332K/2096696K available (14339K kernel code, 2399K rwdata, 4716K rodata, 2728K init, 17260K bss, 129364K reserved, 0K cma-reserved)
[    0.108696] SLUB: HWalign=64, Order=0-3, MinObjects=0, CPUs=1, Nodes=1
[    0.108713] ftrace: allocating 43203 entries in 169 pages
[    0.126758] rcu: Hierarchical RCU implementation.
[    0.126760] rcu: 	RCU restricting CPUs from NR_CPUS=8192 to nr_cpu_ids=1.
[    0.126761] 	Tasks RCU enabled.
[    0.126762] rcu: RCU calculated value of scheduler-enlistment delay is 25 jiffies.
[    0.126762] rcu: Adjusting geometry for rcu_fanout_leaf=16, nr_cpu_ids=1
[    0.129709] NR_IRQS: 524544, nr_irqs: 256, preallocated irqs: 16
[    0.129927] random: crng init done
[    0.139177] Console: colour VGA+ 80x25
[    0.139182] printk: console [tty0] enabled
[    0.139200] ACPI: Core revision 20190816
[    0.139292] APIC: Switch to symmetric I/O mode setup
[    0.139540] x2apic enabled
[    0.139776] Switched APIC routing to physical x2apic.
[    0.140906] ..TIMER: vector=0x30 apic1=0 pin1=2 apic2=-1 pin2=-1
[    0.140932] clocksource: tsc-early: mask: 0xffffffffffffffff max_cycles: 0x1e4530a99b6, max_idle_ns: 440795257976 ns
[    0.140937] Calibrating delay loop (skipped) preset value.. 4200.00 BogoMIPS (lpj=8400000)
[    0.140939] pid_max: default: 32768 minimum: 301
[    0.140966] LSM: Security Framework initializing
[    0.140976] Yama: becoming mindful.
[    0.141002] AppArmor: AppArmor initialized
[    0.141035] Mount-cache hash table entries: 4096 (order: 3, 32768 bytes, linear)
[    0.141041] Mountpoint-cache hash table entries: 4096 (order: 3, 32768 bytes, linear)
[    0.141051] *** VALIDATE tmpfs ***
[    0.141176] *** VALIDATE proc ***
[    0.141216] *** VALIDATE cgroup1 ***
[    0.141217] *** VALIDATE cgroup2 ***
[    0.141355] process: using mwait in idle threads
[    0.141360] Last level iTLB entries: 4KB 64, 2MB 8, 4MB 8
[    0.141360] Last level dTLB entries: 4KB 64, 2MB 0, 4MB 0, 1GB 4
[    0.141380] Spectre V1 : Mitigation: usercopy/swapgs barriers and __user pointer sanitization
[    0.141385] Spectre V2 : Mitigation: Retpolines
[    0.141386] Spectre V2 : Spectre v2 / SpectreRSB mitigation: Filling RSB on context switch
[    0.141386] Spectre V2 : Spectre v2 / SpectreRSB : Filling RSB on VMEXIT
[    0.141387] RETBleed: WARNING: Spectre v2 mitigation leaves CPU vulnerable to RETBleed attacks, data leaks possible!
[    0.141742] RETBleed: Vulnerable
[    0.141742] Speculative Store Bypass: Vulnerable
[    0.141747] TAA: Mitigation: TSX disabled
[    0.141747] MMIO Stale Data: Mitigation: Clear CPU buffers
[    0.145956] Freeing SMP alternatives memory: 40K
[    0.258323] smpboot: CPU0: Intel(R) Xeon(R) Silver 4216 CPU @ 2.10GHz (family: 0x6, model: 0x55, stepping: 0x7)
[    0.258443] Performance Events: unsupported p6 CPU model 85 no PMU driver, software events only.
[    0.258478] rcu: Hierarchical SRCU implementation.
[    0.258951] NMI watchdog: Perf NMI watchdog permanently disabled
[    0.258989] smp: Bringing up secondary CPUs ...
[    0.258990] smp: Brought up 1 node, 1 CPU
[    0.258990] smpboot: Max logical packages: 1
[    0.258991] smpboot: Total of 1 processors activated (4200.00 BogoMIPS)
[    0.259942] devtmpfs: initialized
[    0.259988] x86/mm: Memory block size: 128MB
[    0.260334] clocksource: jiffies: mask: 0xffffffff max_cycles: 0xffffffff, max_idle_ns: 7645041785100000 ns
[    0.260340] futex hash table entries: 256 (order: 2, 16384 bytes, linear)
[    0.260382] pinctrl core: initialized pinctrl subsystem
[    0.260484] PM: RTC time: 09:21:53, date: 2026-01-10
[    0.260589] NET: Registered protocol family 16
[    0.260663] audit: initializing netlink subsys (disabled)
[    0.260788] EISA bus registered
[    0.260790] cpuidle: using governor ladder
[    0.260790] cpuidle: using governor menu
[    0.260827] ACPI: bus type PCI registered
[    0.260829] acpiphp: ACPI Hot Plug PCI Controller Driver version: 0.5
[    0.260933] PCI: Using configuration type 1 for base access
[    0.261198] audit: type=2000 audit(1768008119.652:1): state=initialized audit_enabled=0 res=1
[    0.261276] HugeTLB registered 2.00 MiB page size, pre-allocated 0 pages
[    0.262102] ACPI: Added _OSI(Module Device)
[    0.262103] ACPI: Added _OSI(Processor Device)
[    0.262103] ACPI: Added _OSI(3.0 _SCP Extensions)
[    0.262104] ACPI: Added _OSI(Processor Aggregator Device)
[    0.262105] ACPI: Added _OSI(Linux-Dell-Video)
[    0.262106] ACPI: Added _OSI(Linux-Lenovo-NV-HDMI-Audio)
[    0.262107] ACPI: Added _OSI(Linux-HPI-Hybrid-Graphics)
[    0.264042] ACPI: 2 ACPI AML tables successfully acquired and loaded
[    0.265556] ACPI: Interpreter enabled
[    0.265566] ACPI: (supports S0 S5)
[    0.265567] ACPI: Using IOAPIC for interrupt routing
[    0.265781] PCI: Using host bridge windows from ACPI; if necessary, use "pci=nocrs" and report a bug
[    0.265884] ACPI: Enabled 2 GPEs in block 00 to 07
[    0.270836] ACPI: PCI Root Bridge [PCI0] (domain 0000 [bus 00-ff])
[    0.270841] acpi PNP0A03:00: _OSC: OS supports [ASPM ClockPM Segments MSI HPX-Type3]
[    0.271283] acpi PNP0A03:00: _OSC: not requesting OS control; OS requires [ExtendedConfig ASPM ClockPM MSI]
[    0.271290] acpi PNP0A03:00: fail to add MMCONFIG information, can't access extended PCI configuration space under this bridge.
[    0.271661] PCI host bridge to bus 0000:00
[    0.271663] pci_bus 0000:00: root bus resource [io  0x0000-0x0cf7 window]
[    0.271664] pci_bus 0000:00: root bus resource [io  0x0d00-0xffff window]
[    0.271666] pci_bus 0000:00: root bus resource [mem 0x000a0000-0x000bffff window]
[    0.271667] pci_bus 0000:00: root bus resource [mem 0x80000000-0xfdffffff window]
[    0.271668] pci_bus 0000:00: root bus resource [bus 00-ff]
[    0.271713] pci 0000:00:00.0: [8086:1237] type 00 class 0x060000
[    0.272641] pci 0000:00:01.0: [8086:7000] type 00 class 0x060100
[    0.273435] pci 0000:00:01.1: [8086:7111] type 00 class 0x01018a
[    0.273818] pci 0000:00:01.1: reg 0x20: [io  0xd000-0xd00f]
[    0.273974] pci 0000:00:01.1: legacy IDE quirk: reg 0x10: [io  0x01f0-0x01f7]
[    0.273975] pci 0000:00:01.1: legacy IDE quirk: reg 0x14: [io  0x03f6]
[    0.273976] pci 0000:00:01.1: legacy IDE quirk: reg 0x18: [io  0x0170-0x0177]
[    0.273977] pci 0000:00:01.1: legacy IDE quirk: reg 0x1c: [io  0x0376]
[    0.274516] pci 0000:00:02.0: [15ad:0405] type 00 class 0x030000
[    0.277022] pci 0000:00:02.0: reg 0x10: [io  0xd010-0xd01f]
[    0.280980] pci 0000:00:02.0: reg 0x14: [mem 0xe0000000-0xe7ffffff pref]
[    0.283566] pci 0000:00:02.0: reg 0x18: [mem 0xf0000000-0xf01fffff]
[    0.293713] pci 0000:00:03.0: [1022:2000] type 00 class 0x020000
[    0.294387] pci 0000:00:03.0: reg 0x10: [io  0xd020-0xd03f]
[    0.294993] pci 0000:00:03.0: reg 0x14: [mem 0xf0200000-0xf0200fff]
[    0.298367] pci 0000:00:04.0: [80ee:cafe] type 00 class 0x088000
[    0.299036] pci 0000:00:04.0: reg 0x10: [io  0xd040-0xd05f]
[    0.299643] pci 0000:00:04.0: reg 0x14: [mem 0xf0400000-0xf07fffff]
[    0.301051] pci 0000:00:04.0: reg 0x18: [mem 0xf0800000-0xf0803fff pref]
[    0.304559] pci 0000:00:07.0: [8086:7113] type 00 class 0x068000
[    0.305170] pci 0000:00:07.0: quirk: [io  0x4000-0x403f] claimed by PIIX4 ACPI
[    0.305181] pci 0000:00:07.0: quirk: [io  0x4100-0x410f] claimed by PIIX4 SMB
[    0.305756] pci 0000:00:08.0: [1022:2000] type 00 class 0x020000
[    0.306431] pci 0000:00:08.0: reg 0x10: [io  0xd060-0xd07f]
[    0.307036] pci 0000:00:08.0: reg 0x14: [mem 0xf0804000-0xf0804fff]
[    0.310319] pci 0000:00:09.0: [8086:100e] type 00 class 0x020000
[    0.311026] pci 0000:00:09.0: reg 0x10: [mem 0xf0820000-0xf083ffff]
[    0.312220] pci 0000:00:09.0: reg 0x18: [io  0xd080-0xd087]
[    0.321916] ACPI: PCI Interrupt Link [LNKA] (IRQs 5 9 10 *11)
[    0.322195] ACPI: PCI Interrupt Link [LNKB] (IRQs 5 9 *10 11)
[    0.322302] ACPI: PCI Interrupt Link [LNKC] (IRQs 5 *9 10 11)
[    0.322400] ACPI: PCI Interrupt Link [LNKD] (IRQs 5 9 10 *11)
[    0.322659] iommu: Default domain type: Translated 
[    0.322713] pci 0000:00:02.0: vgaarb: setting as boot VGA device
[    0.322715] pci 0000:00:02.0: vgaarb: VGA device added: decodes=io+mem,owns=io+mem,locks=none
[    0.322717] pci 0000:00:02.0: vgaarb: bridge control possible
[    0.322718] vgaarb: loaded
[    0.322922] SCSI subsystem initialized
[    0.322952] libata version 3.00 loaded.
[    0.322975] ACPI: bus type USB registered
[    0.322988] usbcore: registered new interface driver usbfs
[    0.322995] usbcore: registered new interface driver hub
[    0.323000] usbcore: registered new device driver usb
[    0.323024] pps_core: LinuxPPS API ver. 1 registered
[    0.323024] pps_core: Software ver. 5.3.6 - Copyright 2005-2007 Rodolfo Giometti <giometti@linux.it>
[    0.323028] PTP clock support registered
[    0.323061] EDAC MC: Ver: 3.0.0
[    0.324996] PCI: Using ACPI for IRQ routing
[    0.324997] PCI: pci_cache_line_size set to 64 bytes
[    0.325171] e820: reserve RAM buffer [mem 0x0009fc00-0x0009ffff]
[    0.325175] e820: reserve RAM buffer [mem 0x7fff0000-0x7fffffff]
[    0.325979] NetLabel: Initializing
[    0.325979] NetLabel:  domain hash size = 128
[    0.325980] NetLabel:  protocols = UNLABELED CIPSOv4 CALIPSO
[    0.325999] NetLabel:  unlabeled traffic allowed by default
[    0.326949] clocksource: Switched to clocksource kvm-clock
[    0.339201] *** VALIDATE bpf ***
[    0.339260] VFS: Disk quotas dquot_6.6.0
[    0.339273] VFS: Dquot-cache hash table entries: 512 (order 0, 4096 bytes)
[    0.339294] *** VALIDATE ramfs ***
[    0.339297] *** VALIDATE hugetlbfs ***
[    0.339372] AppArmor: AppArmor Filesystem Enabled
[    0.339399] pnp: PnP ACPI init
[    0.339463] pnp 00:00: Plug and Play ACPI device, IDs PNP0303 (active)
[    0.339546] pnp 00:01: Plug and Play ACPI device, IDs PNP0f03 (active)
[    0.340288] pnp: PnP ACPI: found 2 devices
[    0.341282] thermal_sys: Registered thermal governor 'fair_share'
[    0.341282] thermal_sys: Registered thermal governor 'bang_bang'
[    0.341283] thermal_sys: Registered thermal governor 'step_wise'
[    0.341284] thermal_sys: Registered thermal governor 'user_space'
[    0.341284] thermal_sys: Registered thermal governor 'power_allocator'
[    0.345813] clocksource: acpi_pm: mask: 0xffffff max_cycles: 0xffffff, max_idle_ns: 2085701024 ns
[    0.345851] pci_bus 0000:00: resource 4 [io  0x0000-0x0cf7 window]
[    0.345853] pci_bus 0000:00: resource 5 [io  0x0d00-0xffff window]
[    0.345854] pci_bus 0000:00: resource 6 [mem 0x000a0000-0x000bffff window]
[    0.345855] pci_bus 0000:00: resource 7 [mem 0x80000000-0xfdffffff window]
[    0.345911] NET: Registered protocol family 2
[    0.345983] IP idents hash table entries: 32768 (order: 6, 262144 bytes, linear)
[    0.346376] MPTCP tokens hash table entries: 8192 (order: 4, 65536 bytes, linear)
[    0.346399] MPTCP request tokens hash table entries: 8192 (order: 4, 65536 bytes, linear)
[    0.346423] default registered
[    0.346424] default registered
[    0.346424] MPTCP: Stable release v0.96
[    0.346429] tcp_listen_portaddr_hash hash table entries: 1024 (order: 2, 16384 bytes, linear)
[    0.346506] TCP established hash table entries: 16384 (order: 5, 131072 bytes, linear)
[    0.346570] TCP bind hash table entries: 16384 (order: 6, 262144 bytes, linear)
[    0.346595] TCP: Hash tables configured (established 16384 bind 16384)
[    0.347295] UDP hash table entries: 1024 (order: 3, 32768 bytes, linear)
[    0.347306] UDP-Lite hash table entries: 1024 (order: 3, 32768 bytes, linear)
[    0.347342] NET: Registered protocol family 1
[    0.347350] NET: Registered protocol family 44
[    0.347371] pci 0000:00:00.0: Limiting direct PCI/PCI transfers
[    0.347383] pci 0000:00:01.0: Activating ISA DMA hang workarounds
[    0.347439] pci 0000:00:02.0: Video device with shadowed ROM at [mem 0x000c0000-0x000dffff]
[    0.347504] PCI: CLS 0 bytes, default 64
[    0.347549] Trying to unpack rootfs image as initramfs...
[    0.515219] Freeing initrd memory: 47868K
[    0.515219] clocksource: tsc: mask: 0xffffffffffffffff max_cycles: 0x1e4530a99b6, max_idle_ns: 440795257976 ns
[    0.515219] clocksource: Switched to clocksource tsc
[    0.515219] platform rtc_cmos: registered platform RTC device (no PNP device found)
[    0.515219] check: Scanning for low memory corruption every 60 seconds
[    0.515219] Initialise system trusted keyrings
[    0.515219] Key type blacklist registered
[    0.515219] workingset: timestamp_bits=36 max_order=19 bucket_order=0
[    0.523879] zbud: loaded
[    0.524249] squashfs: version 4.0 (2009/01/31) Phillip Lougher
[    0.524380] fuse: init (API version 7.31)
[    0.524394] *** VALIDATE fuse ***
[    0.524395] *** VALIDATE fuse ***
[    0.524494] Platform Keyring initialized
[    0.527293] Key type asymmetric registered
[    0.527293] Asymmetric key parser 'x509' registered
[    0.527293] Block layer SCSI generic (bsg) driver version 0.4 loaded (major 244)
[    0.527293] io scheduler mq-deadline registered
[    0.527293] shpchp: Standard Hot Plug PCI Controller Driver version: 0.4
[    0.527970] ACPI: AC Adapter [AC] (on-line)
[    0.528016] input: Power Button as /devices/LNXSYSTM:00/LNXPWRBN:00/input/input0
[    0.528041] ACPI: Power Button [PWRF]
[    0.528124] input: Sleep Button as /devices/LNXSYSTM:00/LNXSLPBN:00/input/input1
[    0.528138] ACPI: Sleep Button [SLPF]
[    0.528360] Serial: 8250/16550 driver, 32 ports, IRQ sharing enabled
[    0.529539] Linux agpgart interface v0.103
[    0.623070] loop: module loaded
[    0.623223] ata_piix 0000:00:01.1: version 2.13
[    0.623623] scsi host0: ata_piix
[    0.623726] scsi host1: ata_piix
[    0.623752] ata1: PATA max UDMA/33 cmd 0x1f0 ctl 0x3f6 bmdma 0xd000 irq 14
[    0.623753] ata2: PATA max UDMA/33 cmd 0x170 ctl 0x376 bmdma 0xd008 irq 15
[    0.623831] tun: Universal TUN/TAP device driver, 1.6
[    0.624130] PPP generic driver version 2.4.2
[    0.624176] VFIO - User Level meta-driver version: 0.3
[    0.624415] ehci_hcd: USB 2.0 'Enhanced' Host Controller (EHCI) Driver
[    0.624417] ehci-pci: EHCI PCI platform driver
[    0.624434] ehci-platform: EHCI generic platform driver
[    0.624439] ohci_hcd: USB 1.1 'Open' Host Controller (OHCI) Driver
[    0.624441] ohci-pci: OHCI PCI platform driver
[    0.624446] ohci-platform: OHCI generic platform driver
[    0.624451] uhci_hcd: USB Universal Host Controller Interface driver
[    0.624512] i8042: PNP: PS/2 Controller [PNP0303:PS2K,PNP0f03:PS2M] at 0x60,0x64 irq 1,12
[    0.624946] serio: i8042 KBD port at 0x60,0x64 irq 1
[    0.624950] serio: i8042 AUX port at 0x60,0x64 irq 12
[    0.625036] mousedev: PS/2 mouse device common for all mice
[    0.625321] input: AT Translated Set 2 keyboard as /devices/platform/i8042/serio0/input/input2
[    0.625734] rtc_cmos rtc_cmos: registered as rtc0
[    0.625746] rtc_cmos rtc_cmos: alarms up to one day, 114 bytes nvram
[    0.625752] i2c /dev entries driver
[    0.625796] device-mapper: uevent: version 1.0.3
[    0.625838] device-mapper: ioctl: 4.41.0-ioctl (2019-09-16) initialised: dm-devel@redhat.com
[    0.625858] platform eisa.0: Probing EISA bus 0
[    0.625860] platform eisa.0: EISA: Cannot allocate resource for mainboard
[    0.625861] platform eisa.0: Cannot allocate resource for EISA slot 1
[    0.625862] platform eisa.0: Cannot allocate resource for EISA slot 2
[    0.625863] platform eisa.0: Cannot allocate resource for EISA slot 3
[    0.625864] platform eisa.0: Cannot allocate resource for EISA slot 4
[    0.625865] platform eisa.0: Cannot allocate resource for EISA slot 5
[    0.625866] platform eisa.0: Cannot allocate resource for EISA slot 6
[    0.625867] platform eisa.0: Cannot allocate resource for EISA slot 7
[    0.625868] platform eisa.0: Cannot allocate resource for EISA slot 8
[    0.625869] platform eisa.0: EISA: Detected 0 cards
[    0.625871] intel_pstate: CPU model not supported
[    0.625882] ledtrig-cpu: registered to indicate activity on CPUs
[    0.625933] drop_monitor: Initializing network drop monitor service
[    0.626092] NET: Registered protocol family 10
[    0.631206] Segment Routing with IPv6
[    0.631206] fullmesh registered
[    0.631206] ndiffports registered
[    0.631206] binder registered
[    0.631206] roundrobin registered
[    0.631206] mps registered
[    0.631206] redundant registered
[    0.631206] blest registered
[    0.631206] ecf registered
[    0.631206] NET: Registered protocol family 17
[    0.631206] Key type dns_resolver registered
[    0.631206] RAS: Correctable Errors collector initialized.
[    0.631206] IPI shorthand broadcast: enabled
[    0.631206] sched_clock: Marking stable (616189395, 11017557)->(628117314, -910362)
[    0.631570] registered taskstats version 1
[    0.631580] Loading compiled-in X.509 certificates
[    0.632180] Loaded X.509 cert 'Build time autogenerated kernel key: 6909f3744cebb3d0de528d5887b96a727de79b1e'
[    0.632197] zswap: loaded using pool lzo/zbud
[    0.632253] Key type ._fscrypt registered
[    0.632253] Key type .fscrypt registered
[    0.636693] Key type big_key registered
[    0.638868] Key type encrypted registered
[    0.638871] AppArmor: AppArmor sha1 policy hashing enabled
[    0.638878] ima: No TPM chip found, activating TPM-bypass!
[    0.638881] ima: Allocated hash algorithm: sha1
[    0.638888] ima: No architecture policies found
[    0.638897] evm: Initialising EVM extended attributes:
[    0.638898] evm: security.selinux
[    0.638898] evm: security.SMACK64
[    0.638899] evm: security.SMACK64EXEC
[    0.638899] evm: security.SMACK64TRANSMUTE
[    0.638900] evm: security.SMACK64MMAP
[    0.638900] evm: security.apparmor
[    0.638900] evm: security.ima
[    0.638901] evm: security.capability
[    0.638902] evm: HMAC attrs: 0x1
[    0.639193] PM:   Magic number: 10:495:373
[    0.639215] vc vcsa1: hash matches
[    0.639297] rtc_cmos rtc_cmos: setting system clock to 2026-01-10T09:21:54 UTC (1768036914)
[    0.796156] ata1.00: ATA-6: VBOX HARDDISK, 1.0, max UDMA/133
[    0.796159] ata1.00: 209715200 sectors, multi 128: LBA 
[    0.796827] scsi 0:0:0:0: Direct-Access     ATA      VBOX HARDDISK    1.0  PQ: 0 ANSI: 5
[    0.797115] sd 0:0:0:0: [sda] 209715200 512-byte logical blocks: (107 GB/100 GiB)
[    0.797127] sd 0:0:0:0: [sda] Write Protect is off
[    0.797130] sd 0:0:0:0: [sda] Mode Sense: 00 3a 00 00
[    0.797150] sd 0:0:0:0: [sda] Write cache: enabled, read cache: enabled, doesn't support DPO or FUA
[    0.797466] sd 0:0:0:0: Attached scsi generic sg0 type 0
[    0.798422]  sda: sda1 sda2
[    0.807483] sd 0:0:0:0: [sda] Attached SCSI disk
[    0.812724] Freeing unused decrypted memory: 2040K
[    0.814071] Freeing unused kernel image memory: 2728K
[    0.814075] Write protecting the kernel read-only data: 22528k
[    0.815578] Freeing unused kernel image memory: 2036K
[    0.816359] Freeing unused kernel image memory: 1428K
[    0.852498] x86/mm: Checked W+X mappings: passed, no W+X pages found.
[    0.852503] Run /init as init process
[    0.959197] ACPI: Video Device [GFX0] (multi-head: yes  rom: no  post: no)
[    0.959267] input: Video Bus as /devices/LNXSYSTM:00/LNXSYBUS:00/PNP0A03:00/LNXVIDEO:00/input/input4
[    0.972977] pcnet32: pcnet32.c:v1.35 21.Apr.2008 tsbogend@alpha.franken.de
[    0.974509] piix4_smbus 0000:00:07.0: SMBus Host Controller at 0x4100, revision 0
[    0.978146] e1000: Intel(R) PRO/1000 Network Driver - version 7.3.21-k8-NAPI
[    0.978147] e1000: Copyright (c) 1999-2006 Intel Corporation.
[    0.987931] pcnet32: PCnet/FAST III 79C973 at 0xd020, 08:00:27:e9:6e:a4 assigned IRQ 19
[    0.987975] pcnet32: Found PHY 0022:561b at address 0
[    0.988273] pcnet32: eth0: registered as PCnet/FAST III 79C973
[    1.000971] pcnet32: PCnet/FAST III 79C973 at 0xd060, 08:00:27:d4:5a:ae assigned IRQ 16
[    1.001659] pcnet32: Found PHY 0022:561b at address 0
[    1.001962] pcnet32: eth1: registered as PCnet/FAST III 79C973
[    1.005010] pcnet32: 2 cards_found
[    1.059773] pcnet32 0000:00:03.0 enp0s3: renamed from eth0
[    1.062757] pcnet32 0000:00:08.0 enp0s8: renamed from eth1
[    1.195520] input: ImExPS/2 Generic Explorer Mouse as /devices/platform/i8042/serio1/input/input5
[    1.387471] e1000 0000:00:09.0 eth0: (PCI:33MHz:32-bit) 08:00:27:58:b5:88
[    1.387475] e1000 0000:00:09.0 eth0: Intel(R) PRO/1000 Network Connection
[    1.388515] e1000 0000:00:09.0 enp0s9: renamed from eth0
[    1.532073] EXT4-fs (sda2): mounted filesystem with ordered data mode. Opts: (null)
[    1.621212] systemd[1]: Inserted module 'autofs4'
[    1.634143] systemd[1]: systemd 245.4-4ubuntu3 running in system mode. (+PAM +AUDIT +SELINUX +IMA +APPARMOR +SMACK +SYSVINIT +UTMP +LIBCRYPTSETUP +GCRYPT +GNUTLS +ACL +XZ +LZ4 +SECCOMP +BLKID +ELFUTILS +KMOD +IDN2 -IDN +PCRE2 default-hierarchy=hybrid)
[    1.634170] systemd[1]: Detected virtualization oracle.
[    1.634175] systemd[1]: Detected architecture x86-64.
[    1.635491] systemd[1]: Set hostname to <ztg>.
[    1.754435] systemd[1]: /lib/systemd/system/dbus.socket:5: ListenStream= references a path below legacy directory /var/run/, updating /var/run/dbus/system_bus_socket â†’ /run/dbus/system_bus_socket; please update the unit file accordingly.
[    1.805540] systemd[1]: Created slice system-modprobe.slice.
[    1.805724] systemd[1]: Created slice User and Session Slice.
[    1.805766] systemd[1]: Started Forward Password Requests to Wall Directory Watch.
[    1.805907] systemd[1]: Set up automount Arbitrary Executable File Formats File System Automount Point.
[    1.805937] systemd[1]: Reached target User and Group Name Lookups.
[    1.805946] systemd[1]: Reached target Remote File Systems.
[    1.805953] systemd[1]: Reached target Slices.
[    1.806428] systemd[1]: Listening on Syslog Socket.
[    1.806493] systemd[1]: Listening on fsck to fsckd communication Socket.
[    1.806528] systemd[1]: Listening on initctl Compatibility Named Pipe.
[    1.806655] systemd[1]: Listening on Journal Audit Socket.
[    1.806706] systemd[1]: Listening on Journal Socket (/dev/log).
[    1.806773] systemd[1]: Listening on Journal Socket.
[    1.806832] systemd[1]: Listening on udev Control Socket.
[    1.806871] systemd[1]: Listening on udev Kernel Socket.
[    1.807626] systemd[1]: Mounting Huge Pages File System...
[    1.808498] systemd[1]: Mounting POSIX Message Queue File System...
[    1.809342] systemd[1]: Mounting Kernel Debug File System...
[    1.810130] systemd[1]: Mounting Kernel Trace File System...
[    1.811962] systemd[1]: Starting Journal Service...
[    1.833257] systemd[1]: Starting Set the console keyboard layout...
[    1.840960] systemd[1]: Starting Create list of static device nodes for the current kernel...
[    1.842708] systemd[1]: Starting Load Kernel Module drm...
[    1.843752] systemd[1]: Condition check resulted in Set Up Additional Binary Formats being skipped.
[    1.843799] systemd[1]: Condition check resulted in File System Check on Root Device being skipped.
[    1.855421] systemd[1]: Starting Load Kernel Modules...
[    1.856653] systemd[1]: Starting Remount Root and Kernel File Systems...
[    1.868141] systemd[1]: Starting udev Coldplug all Devices...
[    1.882608] systemd[1]: Starting Uncomplicated firewall...
[    1.888078] EXT4-fs (sda2): re-mounted. Opts: errors=remount-ro
[    1.893152] systemd[1]: Mounted Huge Pages File System.
[    1.893233] systemd[1]: Mounted POSIX Message Queue File System.
[    1.893301] systemd[1]: Mounted Kernel Debug File System.
[    1.893368] systemd[1]: Mounted Kernel Trace File System.
[    1.912266] systemd[1]: Finished Create list of static device nodes for the current kernel.
[    1.912566] systemd[1]: modprobe@drm.service: Succeeded.
[    1.913609] systemd[1]: Finished Load Kernel Module drm.
[    1.919734] systemd[1]: Finished Remount Root and Kernel File Systems.
[    1.930537] lp: driver loaded but no devices found
[    1.931750] systemd[1]: Finished Uncomplicated firewall.
[    1.948180] systemd[1]: Condition check resulted in Rebuild Hardware Database being skipped.
[    1.948212] systemd[1]: Condition check resulted in Platform Persistent Storage Archival being skipped.
[    1.948835] systemd[1]: Starting Load/Save Random Seed...
[    1.953761] systemd[1]: Starting Create System Users...
[    1.959122] ppdev: user-space parallel port driver
[    1.968964] systemd[1]: Finished Load/Save Random Seed.
[    1.971877] systemd[1]: Finished Create System Users.
[    1.972550] systemd[1]: Starting Create Static Device Nodes in /dev...
[    2.012268] systemd[1]: Finished Create Static Device Nodes in /dev.
[    2.013025] systemd[1]: Starting udev Kernel Device Manager...
[    2.023009] systemd[1]: Finished udev Coldplug all Devices.
[    2.044440] [drm] DMA map mode: Caching DMA mappings.
[    2.044503] [drm] Capabilities:
[    2.044503] [drm]   Rect copy.
[    2.044503] [drm]   Cursor.
[    2.044504] [drm]   Cursor bypass.
[    2.044504] [drm]   Cursor bypass 2.
[    2.044504] [drm]   Alpha cursor.
[    2.044505] [drm]   Extended Fifo.
[    2.044505] [drm]   Pitchlock.
[    2.044505] [drm]   Irq mask.
[    2.044506] [drm]   GMR.
[    2.044506] [drm]   Traces.
[    2.044506] [drm]   GMR2.
[    2.044507] [drm]   Screen Object 2.
[    2.044507] [drm]   Command Buffers.
[    2.044507] [drm]   Command Buffers 2.
[    2.044508] [drm]   Guest Backed Resources.
[    2.044509] [drm] Max GMR ids is 8192
[    2.044509] [drm] Max number of GMR pages is 1048576
[    2.044510] [drm] Max dedicated hypervisor surface memory is 393216 kiB
[    2.044510] [drm] Maximum display memory size is 131072 kiB
[    2.044511] [drm] VRAM at 0xe0000000 size is 131072 kiB
[    2.044512] [drm] MMIO at 0xf0000000 size is 2048 kiB
[    2.045483] [TTM] Zone  kernel: Available graphics memory: 1011736 KiB
[    2.045483] [TTM] Initializing pool allocator
[    2.045486] [TTM] Initializing DMA pool allocator
[    2.045517] [drm] Supports vblank timestamp caching Rev 2 (21.10.2013).
[    2.045517] [drm] No driver support for vblank timestamp query.
[    2.045761] [drm] Screen Target Display device initialized
[    2.045938] [drm] width 720
[    2.045947] [drm] height 400
[    2.045950] [drm] bpp 32
[    2.046469] [drm] Fifo max 0x00200000 min 0x00001000 cap 0x00000355
[    2.047553] [drm] Using command buffers with DMA pool.
[    2.047557] [drm] DX: no.
[    2.047557] [drm] Atomic: yes.
[    2.047558] [drm] SM4_1: no.
[    2.047575] [drm:vmw_host_log [vmwgfx]] *ERROR* Failed to send host log message.
[    2.048918] [drm:vmw_host_log [vmwgfx]] *ERROR* Failed to send host log message.
[    2.073081] fbcon: svgadrmfb (fb0) is primary device
[    2.075613] Console: switching to colour frame buffer device 100x37
[    2.081080] [drm] Initialized vmwgfx 2.15.0 20180704 for 0000:00:02.0 on minor 0
[    2.082929] systemd[1]: Finished Load Kernel Modules.
[    2.083841] systemd[1]: Mounting FUSE Control File System...
[    2.084953] systemd[1]: Mounting Kernel Configuration File System...
[    2.101395] systemd[1]: Starting Apply Kernel Variables...
[    2.110227] systemd[1]: Mounted FUSE Control File System.
[    2.110305] systemd[1]: Condition check resulted in VMware vmblock fuse mount being skipped.
[    2.113015] systemd[1]: Mounted Kernel Configuration File System.
[    2.141259] systemd[1]: Finished Apply Kernel Variables.
[    2.142001] systemd[1]: Finished Set the console keyboard layout.
[    2.142081] systemd[1]: Reached target Local File Systems (Pre).
[    2.144043] systemd[1]: Mounting Mount unit for bare, revision 5...
[    2.145947] systemd[1]: Mounting Mount unit for core18, revision 1705...
[    2.156305] systemd[1]: Mounting Mount unit for core22, revision 2193...
[    2.160231] systemd[1]: Mounting Mount unit for gnome-3-34-1804, revision 24...
[    2.165069] systemd[1]: Mounting Mount unit for gnome-42-2204, revision 226...
[    2.179435] systemd[1]: Mounting Mount unit for gtk-common-themes, revision 1506...
[    2.183077] systemd[1]: Mounting Mount unit for gtk-common-themes, revision 1535...
[    2.190454] systemd[1]: Mounting Mount unit for snap-store, revision 1216...
[    2.209807] systemd[1]: Mounting Mount unit for snap-store, revision 433...
[    2.216113] systemd[1]: Mounting Mount unit for snapd, revision 25577...
[    2.236281] systemd[1]: Started udev Kernel Device Manager.
[    2.236394] systemd[1]: Mounted Mount unit for bare, revision 5.
[    2.236475] systemd[1]: Mounted Mount unit for core18, revision 1705.
[    2.236548] systemd[1]: Mounted Mount unit for core22, revision 2193.
[    2.236616] systemd[1]: Mounted Mount unit for gnome-3-34-1804, revision 24.
[    2.249890] systemd[1]: Starting Show Plymouth Boot Screen...
[    2.254029] systemd[1]: Received SIGRTMIN+20 from PID 286 (plymouthd).
[    2.275751] systemd[1]: Started Show Plymouth Boot Screen.
[    2.276019] systemd[1]: Condition check resulted in Dispatch Password Requests to Console Directory Watch being skipped.
[    2.276111] systemd[1]: Started Forward Password Requests to Plymouth Directory Watch.
[    2.276179] systemd[1]: Reached target Local Encrypted Volumes.
[    2.309719] systemd[1]: Mounted Mount unit for gnome-42-2204, revision 226.
[    2.346005] systemd[1]: Mounted Mount unit for gtk-common-themes, revision 1535.
[    2.346266] systemd[1]: Mounted Mount unit for snap-store, revision 433.
[    2.376700] systemd[1]: Mounted Mount unit for snapd, revision 25577.
[    2.391268] systemd[1]: Mounted Mount unit for gtk-common-themes, revision 1506.
[    2.425701] systemd[1]: Mounted Mount unit for snap-store, revision 1216.
[    2.425895] systemd[1]: Reached target Local File Systems.
[    2.427051] systemd[1]: Starting Load AppArmor profiles...
[    2.429455] systemd[1]: Starting Set console font and keymap...
[    2.442452] systemd[1]: Starting Tell Plymouth To Write Out Runtime Data...
[    2.443863] systemd[1]: Condition check resulted in Store a System Token in an EFI Variable being skipped.
[    2.443929] systemd[1]: Condition check resulted in Commit a transient machine-id on disk being skipped.
[    2.447587] systemd[1]: Finished Set console font and keymap.
[    2.459022] systemd[1]: Received SIGRTMIN+20 from PID 286 (plymouthd).
[    2.459989] systemd[1]: plymouth-read-write.service: Succeeded.
[    2.460219] systemd[1]: Finished Tell Plymouth To Write Out Runtime Data.
[    2.483328] audit: type=1400 audit(1768036916.340:2): apparmor="STATUS" operation="profile_load" profile="unconfined" name="nvidia_modprobe" pid=308 comm="apparmor_parser"
[    2.483330] audit: type=1400 audit(1768036916.340:3): apparmor="STATUS" operation="profile_load" profile="unconfined" name="nvidia_modprobe//kmod" pid=308 comm="apparmor_parser"
[    2.507751] audit: type=1400 audit(1768036916.364:4): apparmor="STATUS" operation="profile_load" profile="unconfined" name="/usr/sbin/tcpdump" pid=309 comm="apparmor_parser"
[    2.535900] audit: type=1400 audit(1768036916.388:5): apparmor="STATUS" operation="profile_load" profile="unconfined" name="/usr/bin/evince" pid=311 comm="apparmor_parser"
[    2.535902] audit: type=1400 audit(1768036916.388:6): apparmor="STATUS" operation="profile_load" profile="unconfined" name="/usr/bin/evince//sanitized_helper" pid=311 comm="apparmor_parser"
[    2.535904] audit: type=1400 audit(1768036916.388:7): apparmor="STATUS" operation="profile_load" profile="unconfined" name="/usr/bin/evince-previewer" pid=311 comm="apparmor_parser"
[    2.535905] audit: type=1400 audit(1768036916.388:8): apparmor="STATUS" operation="profile_load" profile="unconfined" name="/usr/bin/evince-previewer//sanitized_helper" pid=311 comm="apparmor_parser"
[    2.535907] audit: type=1400 audit(1768036916.388:9): apparmor="STATUS" operation="profile_load" profile="unconfined" name="/usr/bin/evince-thumbnailer" pid=311 comm="apparmor_parser"
[    2.564124] audit: type=1400 audit(1768036916.420:10): apparmor="STATUS" operation="profile_load" profile="unconfined" name="/usr/lib/cups/backend/cups-pdf" pid=312 comm="apparmor_parser"
[    2.625989] systemd[1]: Finished Load AppArmor profiles.
[    2.626899] systemd[1]: Starting Load AppArmor profiles managed internally by snapd...
[    2.756558] systemd[1]: Finished Load AppArmor profiles managed internally by snapd.
[    2.817374] systemd[1]: Started Journal Service.
[    2.823960] systemd-journald[229]: Received client request to flush runtime journal.
[    2.827296] systemd-journald[229]: File /var/log/journal/c455b248004a419c87ce85eea238d727/system.journal corrupted or uncleanly shut down, renaming and replacing.
[    4.067670] RAPL PMU: API unit is 2^-32 Joules, 0 fixed counters, 10737418240 ms ovfl timer
[    4.141730] cryptd: max_cpu_qlen set to 1000
[    4.192223] AVX2 version of gcm_enc/dec engaged.
[    4.192224] AES CTR mode by8 optimization enabled
[    6.180679] Adding 1998844k swap on /dev/sda1.  Priority:-2 extents:1 across:1998844k FS
[    6.835129] AAAAA: Error looking up destination IP: 369098976 - net/ipv4/ip_output.c: 285: dac_mps_nexthops
[    6.970747] AAAAA: Error looking up destination IP: 4211081440 - net/ipv4/ip_output.c: 285: dac_mps_nexthops
[    7.191682] AAAAA: Error looking up destination IP: 369098976 - net/ipv4/ip_output.c: 285: dac_mps_nexthops
[    7.220260] AAAAA: Error looking up destination IP: 4211081440 - net/ipv4/ip_output.c: 285: dac_mps_nexthops
[    7.446020] kauditd_printk_skb: 31 callbacks suppressed
[    7.446021] audit: type=1400 audit(1768036921.300:42): apparmor="DENIED" operation="capable" profile="/usr/sbin/cups-browsed" pid=575 comm="cups-browsed" capability=23  capname="sys_nice"
[    7.488123] AAAAA: Error looking up destination IP: 4211081440 - net/ipv4/ip_output.c: 285: dac_mps_nexthops
[    7.551252] AAAAA: Error looking up destination IP: 4211081440 - net/ipv4/ip_output.c: 285: dac_mps_nexthops
[    7.684207] AAAAA: Error looking up destination IP: 4211081440 - net/ipv4/ip_output.c: 285: dac_mps_nexthops
[    8.546606] AAAAA: Error looking up destination IP: 4211081440 - net/ipv4/ip_output.c: 285: dac_mps_nexthops
[    8.605672] pcnet32 0000:00:03.0 enp0s3: link up, 100Mbps, full-duplex
[    8.624964] pcnet32 0000:00:08.0 enp0s8: link up, 100Mbps, full-duplex
[    8.660920] e1000: enp0s9 NIC Link is Up 1000 Mbps Full Duplex, Flow Control: RX
[    8.661209] IPv6: ADDRCONF(NETDEV_CHANGE): enp0s9: link becomes ready
[    9.174123] device enp0s3 entered promiscuous mode
[    9.208522] device enp0s8 entered promiscuous mode
[    9.227231] audit: type=1400 audit(1768036923.080:43): apparmor="DENIED" operation="open" profile="/usr/sbin/tcpdump" name="/proc/sys/kernel/random/boot_id" pid=696 comm="tcpdump" requested_mask="r" denied_mask="r" fsuid=0 ouid=0
[    9.227885] audit: type=1400 audit(1768036923.088:44): apparmor="DENIED" operation="open" profile="/usr/sbin/tcpdump" name="/proc/sys/kernel/random/boot_id" pid=696 comm="tcpdump" requested_mask="r" denied_mask="r" fsuid=0 ouid=0
[    9.227960] audit: type=1400 audit(1768036923.088:45): apparmor="DENIED" operation="open" profile="/usr/sbin/tcpdump" name="/proc/sys/kernel/random/boot_id" pid=696 comm="tcpdump" requested_mask="r" denied_mask="r" fsuid=0 ouid=0
[    9.228051] audit: type=1400 audit(1768036923.088:46): apparmor="DENIED" operation="open" profile="/usr/sbin/tcpdump" name="/proc/sys/kernel/random/boot_id" pid=696 comm="tcpdump" requested_mask="r" denied_mask="r" fsuid=0 ouid=0
[    9.228424] audit: type=1400 audit(1768036923.088:47): apparmor="DENIED" operation="open" profile="/usr/sbin/tcpdump" name="/proc/sys/kernel/random/boot_id" pid=697 comm="tcpdump" requested_mask="r" denied_mask="r" fsuid=0 ouid=0
[    9.229100] audit: type=1400 audit(1768036923.088:48): apparmor="DENIED" operation="open" profile="/usr/sbin/tcpdump" name="/proc/sys/kernel/random/boot_id" pid=697 comm="tcpdump" requested_mask="r" denied_mask="r" fsuid=0 ouid=0
[    9.229140] audit: type=1400 audit(1768036923.088:49): apparmor="DENIED" operation="open" profile="/usr/sbin/tcpdump" name="/proc/sys/kernel/random/boot_id" pid=697 comm="tcpdump" requested_mask="r" denied_mask="r" fsuid=0 ouid=0
[    9.229229] audit: type=1400 audit(1768036923.088:50): apparmor="DENIED" operation="open" profile="/usr/sbin/tcpdump" name="/proc/sys/kernel/random/boot_id" pid=697 comm="tcpdump" requested_mask="r" denied_mask="r" fsuid=0 ouid=0
[    9.232495] audit: type=1400 audit(1768036923.088:51): apparmor="DENIED" operation="open" profile="/usr/sbin/tcpdump" name="/proc/sys/kernel/random/boot_id" pid=698 comm="tcpdump" requested_mask="r" denied_mask="r" fsuid=0 ouid=0
[   15.471707] rfkill: input handler disabled
[  288.214833] AAAAA-TCP_FORW: name:enp0s3: saddr:16783984: daddr:100932208
[  288.537408] AAAAA-TCP_FORW: name:enp0s3: saddr:16783984: daddr:100932208
[  288.619436] AAAAA-TCP_FORW: name:enp0s3: saddr:16783984: daddr:100932208
[  288.619466] AAAAA-TCP_FORW: name:enp0s3: saddr:16783984: daddr:100932208
[  555.957769] rfkill: input handler enabled
[  564.055117] rfkill: input handler disabled
[  747.431930] device enp0s3 left promiscuous mode
[  747.433568] device enp0s8 left promiscuous mode
