[    0.000000] Linux version 5.4.243-dmptcp (root@ztg) (gcc version 12.2.0 (Debian 12.2.0-14+deb12u1)) #119 SMP Wed Dec 24 23:52:51 CST 2025
[    0.000000] Command line: BOOT_IMAGE=/boot/vmlinuz-5.4.243-dmptcp root=UUID=98415a12-53b7-4144-8265-0f7ece09e445 ro quiet splash
[    0.000000] KERNEL supported cpus:
[    0.000000]   Intel GenuineIntel
[    0.000000]   AMD AuthenticAMD
[    0.000000]   Hygon HygonGenuine
[    0.000000]   Centaur CentaurHauls
[    0.000000]   zhaoxin   Shanghai  
[    0.000000] x86/fpu: Supporting XSAVE feature 0x001: 'x87 floating point registers'
[    0.000000] x86/fpu: Supporting XSAVE feature 0x002: 'SSE registers'
[    0.000000] x86/fpu: Supporting XSAVE feature 0x004: 'AVX registers'
[    0.000000] x86/fpu: xstate_offset[2]:  576, xstate_sizes[2]:  256
[    0.000000] x86/fpu: Enabled xstate features 0x7, context size is 832 bytes, using 'standard' format.
[    0.000000] BIOS-provided physical RAM map:
[    0.000000] BIOS-e820: [mem 0x0000000000000000-0x000000000009fbff] usable
[    0.000000] BIOS-e820: [mem 0x000000000009fc00-0x000000000009ffff] reserved
[    0.000000] BIOS-e820: [mem 0x00000000000f0000-0x00000000000fffff] reserved
[    0.000000] BIOS-e820: [mem 0x0000000000100000-0x000000007ffeffff] usable
[    0.000000] BIOS-e820: [mem 0x000000007fff0000-0x000000007fffffff] ACPI data
[    0.000000] BIOS-e820: [mem 0x00000000fec00000-0x00000000fec00fff] reserved
[    0.000000] BIOS-e820: [mem 0x00000000fee00000-0x00000000fee00fff] reserved
[    0.000000] BIOS-e820: [mem 0x00000000fffc0000-0x00000000ffffffff] reserved
[    0.000000] NX (Execute Disable) protection: active
[    0.000000] SMBIOS 2.5 present.
[    0.000000] DMI: innotek GmbH VirtualBox/VirtualBox, BIOS VirtualBox 12/01/2006
[    0.000000] Hypervisor detected: KVM
[    0.000000] kvm-clock: Using msrs 4b564d01 and 4b564d00
[    0.000000] kvm-clock: cpu 0, msr 1a001001, primary cpu clock
[    0.000000] kvm-clock: using sched offset of 4469496678 cycles
[    0.000003] clocksource: kvm-clock: mask: 0xffffffffffffffff max_cycles: 0x1cd42e4dffb, max_idle_ns: 881590591483 ns
[    0.000005] tsc: Detected 2100.000 MHz processor
[    0.001875] e820: update [mem 0x00000000-0x00000fff] usable ==> reserved
[    0.001877] e820: remove [mem 0x000a0000-0x000fffff] usable
[    0.001881] last_pfn = 0x7fff0 max_arch_pfn = 0x400000000
[    0.001950] MTRR default type: uncachable
[    0.001951] MTRR fixed ranges enabled:
[    0.001952]   00000-9FFFF write-back
[    0.001953]   A0000-BFFFF uncachable
[    0.001953]   C0000-FFFFF write-protect
[    0.001954] MTRR variable ranges enabled:
[    0.001956]   0 base 000000000000 mask 3FFF80000000 write-back
[    0.001956]   1 disabled
[    0.001957]   2 disabled
[    0.001957]   3 disabled
[    0.001958]   4 disabled
[    0.001958]   5 disabled
[    0.001958]   6 disabled
[    0.001959]   7 disabled
[    0.001959]   8 disabled
[    0.001960]   9 disabled
[    0.001960]   10 disabled
[    0.001960]   11 disabled
[    0.001961]   12 disabled
[    0.001961]   13 disabled
[    0.001962]   14 disabled
[    0.001962]   15 disabled
[    0.001980] x86/PAT: Configuration [0-7]: WB  WC  UC- UC  WB  WP  UC- WT  
[    0.002113] found SMP MP-table at [mem 0x0009fff0-0x0009ffff]
[    0.093731] check: Scanning 1 areas for low memory corruption
[    0.093871] RAMDISK: [mem 0x32271000-0x3512ffff]
[    0.093879] ACPI: Early table checksum verification disabled
[    0.093884] ACPI: RSDP 0x00000000000E0000 000024 (v02 VBOX  )
[    0.093888] ACPI: XSDT 0x000000007FFF0030 00003C (v01 VBOX   VBOXXSDT 00000001 ASL  00000061)
[    0.093894] ACPI: FACP 0x000000007FFF00F0 0000F4 (v04 VBOX   VBOXFACP 00000001 ASL  00000061)
[    0.093901] ACPI: DSDT 0x000000007FFF02E0 002353 (v02 VBOX   VBOXBIOS 00000002 VBOX 00029BF3)
[    0.093905] ACPI: FACS 0x000000007FFF0200 000040
[    0.093908] ACPI: FACS 0x000000007FFF0200 000040
[    0.093911] ACPI: APIC 0x000000007FFF0240 000054 (v02 VBOX   VBOXAPIC 00000001 ASL  00000061)
[    0.093915] ACPI: SSDT 0x000000007FFF02A0 000038 (v01 VBOX   VBOXCPUT 00000002 VBOX 00029BF3)
[    0.093918] ACPI: Reserving FACP table memory at [mem 0x7fff00f0-0x7fff01e3]
[    0.093919] ACPI: Reserving DSDT table memory at [mem 0x7fff02e0-0x7fff2632]
[    0.093920] ACPI: Reserving FACS table memory at [mem 0x7fff0200-0x7fff023f]
[    0.093920] ACPI: Reserving FACS table memory at [mem 0x7fff0200-0x7fff023f]
[    0.093921] ACPI: Reserving APIC table memory at [mem 0x7fff0240-0x7fff0293]
[    0.093922] ACPI: Reserving SSDT table memory at [mem 0x7fff02a0-0x7fff02d7]
[    0.093936] ACPI: Local APIC address 0xfee00000
[    0.094123] No NUMA configuration found
[    0.094124] Faking a node at [mem 0x0000000000000000-0x000000007ffeffff]
[    0.094134] NODE_DATA(0) allocated [mem 0x7ffc5000-0x7ffeffff]
[    0.095064] Zone ranges:
[    0.095066]   DMA      [mem 0x0000000000001000-0x0000000000ffffff]
[    0.095067]   DMA32    [mem 0x0000000001000000-0x000000007ffeffff]
[    0.095068]   Normal   empty
[    0.095069]   Device   empty
[    0.095069] Movable zone start for each node
[    0.095071] Early memory node ranges
[    0.095072]   node   0: [mem 0x0000000000001000-0x000000000009efff]
[    0.095073]   node   0: [mem 0x0000000000100000-0x000000007ffeffff]
[    0.095719] Zeroed struct page in unavailable ranges: 114 pages
[    0.095720] Initmem setup node 0 [mem 0x0000000000001000-0x000000007ffeffff]
[    0.095721] On node 0 totalpages: 524174
[    0.095723]   DMA zone: 64 pages used for memmap
[    0.095723]   DMA zone: 21 pages reserved
[    0.095724]   DMA zone: 3998 pages, LIFO batch:0
[    0.095798]   DMA32 zone: 8128 pages used for memmap
[    0.095799]   DMA32 zone: 520176 pages, LIFO batch:63
[    0.104697] ACPI: PM-Timer IO Port: 0x4008
[    0.104701] ACPI: Local APIC address 0xfee00000
[    0.104769] IOAPIC[0]: apic_id 1, version 32, address 0xfec00000, GSI 0-23
[    0.104773] ACPI: INT_SRC_OVR (bus 0 bus_irq 0 global_irq 2 dfl dfl)
[    0.104775] ACPI: INT_SRC_OVR (bus 0 bus_irq 9 global_irq 9 low level)
[    0.104777] ACPI: IRQ0 used by override.
[    0.104778] ACPI: IRQ9 used by override.
[    0.104780] Using ACPI (MADT) for SMP configuration information
[    0.104787] smpboot: Allowing 1 CPUs, 0 hotplug CPUs
[    0.104809] PM: Registered nosave memory: [mem 0x00000000-0x00000fff]
[    0.104810] PM: Registered nosave memory: [mem 0x0009f000-0x0009ffff]
[    0.104811] PM: Registered nosave memory: [mem 0x000a0000-0x000effff]
[    0.104811] PM: Registered nosave memory: [mem 0x000f0000-0x000fffff]
[    0.104813] [mem 0x80000000-0xfebfffff] available for PCI devices
[    0.104814] Booting paravirtualized kernel on KVM
[    0.104816] clocksource: refined-jiffies: mask: 0xffffffff max_cycles: 0xffffffff, max_idle_ns: 7645519600211568 ns
[    0.104821] setup_percpu: NR_CPUS:8192 nr_cpumask_bits:1 nr_cpu_ids:1 nr_node_ids:1
[    0.105698] percpu: Embedded 60 pages/cpu s208896 r8192 d28672 u2097152
[    0.105703] pcpu-alloc: s208896 r8192 d28672 u2097152 alloc=1*2097152
[    0.105703] pcpu-alloc: [0] 0 
[    0.105730] Built 1 zonelists, mobility grouping on.  Total pages: 515961
[    0.105730] Policy zone: DMA32
[    0.105731] Kernel command line: BOOT_IMAGE=/boot/vmlinuz-5.4.243-dmptcp root=UUID=98415a12-53b7-4144-8265-0f7ece09e445 ro quiet splash
[    0.106548] Dentry cache hash table entries: 262144 (order: 9, 2097152 bytes, linear)
[    0.106695] Inode-cache hash table entries: 131072 (order: 8, 1048576 bytes, linear)
[    0.106745] mem auto-init: stack:off, heap alloc:on, heap free:off
[    0.106747] Calgary: detecting Calgary via BIOS EBDA area
[    0.106748] Calgary: Unable to locate Rio Grande table in EBDA - bailing!
[    0.110763] Memory: 1967332K/2096696K available (14339K kernel code, 2399K rwdata, 4716K rodata, 2728K init, 17260K bss, 129364K reserved, 0K cma-reserved)
[    0.111675] SLUB: HWalign=64, Order=0-3, MinObjects=0, CPUs=1, Nodes=1
[    0.111691] ftrace: allocating 43203 entries in 169 pages
[    0.129671] rcu: Hierarchical RCU implementation.
[    0.129673] rcu: 	RCU restricting CPUs from NR_CPUS=8192 to nr_cpu_ids=1.
[    0.129674] 	Tasks RCU enabled.
[    0.129675] rcu: RCU calculated value of scheduler-enlistment delay is 25 jiffies.
[    0.129675] rcu: Adjusting geometry for rcu_fanout_leaf=16, nr_cpu_ids=1
[    0.132622] NR_IRQS: 524544, nr_irqs: 256, preallocated irqs: 16
[    0.132842] random: crng init done
[    0.142748] Console: colour VGA+ 80x25
[    0.142756] printk: console [tty0] enabled
[    0.142796] ACPI: Core revision 20190816
[    0.142953] APIC: Switch to symmetric I/O mode setup
[    0.143770] x2apic enabled
[    0.144553] Switched APIC routing to physical x2apic.
[    0.145865] ..TIMER: vector=0x30 apic1=0 pin1=2 apic2=-1 pin2=-1
[    0.145910] clocksource: tsc-early: mask: 0xffffffffffffffff max_cycles: 0x1e4530a99b6, max_idle_ns: 440795257976 ns
[    0.145916] Calibrating delay loop (skipped) preset value.. 4200.00 BogoMIPS (lpj=8400000)
[    0.145919] pid_max: default: 32768 minimum: 301
[    0.145956] LSM: Security Framework initializing
[    0.145967] Yama: becoming mindful.
[    0.146001] AppArmor: AppArmor initialized
[    0.146040] Mount-cache hash table entries: 4096 (order: 3, 32768 bytes, linear)
[    0.146047] Mountpoint-cache hash table entries: 4096 (order: 3, 32768 bytes, linear)
[    0.146059] *** VALIDATE tmpfs ***
[    0.146206] *** VALIDATE proc ***
[    0.146253] *** VALIDATE cgroup1 ***
[    0.146255] *** VALIDATE cgroup2 ***
[    0.146409] process: using mwait in idle threads
[    0.146414] Last level iTLB entries: 4KB 64, 2MB 8, 4MB 8
[    0.146415] Last level dTLB entries: 4KB 64, 2MB 0, 4MB 0, 1GB 4
[    0.146438] Spectre V1 : Mitigation: usercopy/swapgs barriers and __user pointer sanitization
[    0.146444] Spectre V2 : Mitigation: Retpolines
[    0.146445] Spectre V2 : Spectre v2 / SpectreRSB mitigation: Filling RSB on context switch
[    0.146445] Spectre V2 : Spectre v2 / SpectreRSB : Filling RSB on VMEXIT
[    0.146446] RETBleed: WARNING: Spectre v2 mitigation leaves CPU vulnerable to RETBleed attacks, data leaks possible!
[    0.146805] RETBleed: Vulnerable
[    0.146806] Speculative Store Bypass: Vulnerable
[    0.146812] TAA: Mitigation: TSX disabled
[    0.146812] MMIO Stale Data: Mitigation: Clear CPU buffers
[    0.151947] Freeing SMP alternatives memory: 40K
[    0.264078] smpboot: CPU0: Intel(R) Xeon(R) Silver 4216 CPU @ 2.10GHz (family: 0x6, model: 0x55, stepping: 0x7)
[    0.264290] Performance Events: unsupported p6 CPU model 85 no PMU driver, software events only.
[    0.264339] rcu: Hierarchical SRCU implementation.
[    0.264932] NMI watchdog: Perf NMI watchdog permanently disabled
[    0.264982] smp: Bringing up secondary CPUs ...
[    0.264984] smp: Brought up 1 node, 1 CPU
[    0.264985] smpboot: Max logical packages: 1
[    0.264986] smpboot: Total of 1 processors activated (4200.00 BogoMIPS)
[    0.265911] devtmpfs: initialized
[    0.265911] x86/mm: Memory block size: 128MB
[    0.265911] clocksource: jiffies: mask: 0xffffffff max_cycles: 0xffffffff, max_idle_ns: 7645041785100000 ns
[    0.265911] futex hash table entries: 256 (order: 2, 16384 bytes, linear)
[    0.265911] pinctrl core: initialized pinctrl subsystem
[    0.265911] PM: RTC time: 11:26:24, date: 2026-01-11
[    0.265911] NET: Registered protocol family 16
[    0.265911] audit: initializing netlink subsys (disabled)
[    0.265911] EISA bus registered
[    0.265911] cpuidle: using governor ladder
[    0.265911] cpuidle: using governor menu
[    0.265911] ACPI: bus type PCI registered
[    0.265911] acpiphp: ACPI Hot Plug PCI Controller Driver version: 0.5
[    0.265911] PCI: Using configuration type 1 for base access
[    0.266980] audit: type=2000 audit(1768101990.797:1): state=initialized audit_enabled=0 res=1
[    0.267082] HugeTLB registered 2.00 MiB page size, pre-allocated 0 pages
[    0.268027] ACPI: Added _OSI(Module Device)
[    0.268028] ACPI: Added _OSI(Processor Device)
[    0.268028] ACPI: Added _OSI(3.0 _SCP Extensions)
[    0.268029] ACPI: Added _OSI(Processor Aggregator Device)
[    0.268030] ACPI: Added _OSI(Linux-Dell-Video)
[    0.268031] ACPI: Added _OSI(Linux-Lenovo-NV-HDMI-Audio)
[    0.268032] ACPI: Added _OSI(Linux-HPI-Hybrid-Graphics)
[    0.270049] ACPI: 2 ACPI AML tables successfully acquired and loaded
[    0.271617] ACPI: Interpreter enabled
[    0.271628] ACPI: (supports S0 S5)
[    0.271629] ACPI: Using IOAPIC for interrupt routing
[    0.271835] PCI: Using host bridge windows from ACPI; if necessary, use "pci=nocrs" and report a bug
[    0.271941] ACPI: Enabled 2 GPEs in block 00 to 07
[    0.276978] ACPI: PCI Root Bridge [PCI0] (domain 0000 [bus 00-ff])
[    0.276983] acpi PNP0A03:00: _OSC: OS supports [ASPM ClockPM Segments MSI HPX-Type3]
[    0.277428] acpi PNP0A03:00: _OSC: not requesting OS control; OS requires [ExtendedConfig ASPM ClockPM MSI]
[    0.277437] acpi PNP0A03:00: fail to add MMCONFIG information, can't access extended PCI configuration space under this bridge.
[    0.277827] PCI host bridge to bus 0000:00
[    0.277830] pci_bus 0000:00: root bus resource [io  0x0000-0x0cf7 window]
[    0.277831] pci_bus 0000:00: root bus resource [io  0x0d00-0xffff window]
[    0.277832] pci_bus 0000:00: root bus resource [mem 0x000a0000-0x000bffff window]
[    0.277833] pci_bus 0000:00: root bus resource [mem 0x80000000-0xfdffffff window]
[    0.277835] pci_bus 0000:00: root bus resource [bus 00-ff]
[    0.277878] pci 0000:00:00.0: [8086:1237] type 00 class 0x060000
[    0.278872] pci 0000:00:01.0: [8086:7000] type 00 class 0x060100
[    0.279663] pci 0000:00:01.1: [8086:7111] type 00 class 0x01018a
[    0.280034] pci 0000:00:01.1: reg 0x20: [io  0xd000-0xd00f]
[    0.280192] pci 0000:00:01.1: legacy IDE quirk: reg 0x10: [io  0x01f0-0x01f7]
[    0.280193] pci 0000:00:01.1: legacy IDE quirk: reg 0x14: [io  0x03f6]
[    0.280194] pci 0000:00:01.1: legacy IDE quirk: reg 0x18: [io  0x0170-0x0177]
[    0.280195] pci 0000:00:01.1: legacy IDE quirk: reg 0x1c: [io  0x0376]
[    0.280729] pci 0000:00:02.0: [15ad:0405] type 00 class 0x030000
[    0.283907] pci 0000:00:02.0: reg 0x10: [io  0xd010-0xd01f]
[    0.287954] pci 0000:00:02.0: reg 0x14: [mem 0xe0000000-0xe7ffffff pref]
[    0.289959] pci 0000:00:02.0: reg 0x18: [mem 0xf0000000-0xf01fffff]
[    0.302115] pci 0000:00:03.0: [1022:2000] type 00 class 0x020000
[    0.302813] pci 0000:00:03.0: reg 0x10: [io  0xd020-0xd03f]
[    0.303431] pci 0000:00:03.0: reg 0x14: [mem 0xf0200000-0xf0200fff]
[    0.309032] pci 0000:00:04.0: [80ee:cafe] type 00 class 0x088000
[    0.309772] pci 0000:00:04.0: reg 0x10: [io  0xd040-0xd05f]
[    0.310043] pci 0000:00:04.0: reg 0x14: [mem 0xf0400000-0xf07fffff]
[    0.310672] pci 0000:00:04.0: reg 0x18: [mem 0xf0800000-0xf0803fff pref]
[    0.313959] pci 0000:00:07.0: [8086:7113] type 00 class 0x068000
[    0.314513] pci 0000:00:07.0: quirk: [io  0x4000-0x403f] claimed by PIIX4 ACPI
[    0.314523] pci 0000:00:07.0: quirk: [io  0x4100-0x410f] claimed by PIIX4 SMB
[    0.315157] pci 0000:00:08.0: [8086:100e] type 00 class 0x020000
[    0.315862] pci 0000:00:08.0: reg 0x10: [mem 0xf0820000-0xf083ffff]
[    0.317073] pci 0000:00:08.0: reg 0x18: [io  0xd060-0xd067]
[    0.320630] pci 0000:00:09.0: [8086:100e] type 00 class 0x020000
[    0.321338] pci 0000:00:09.0: reg 0x10: [mem 0xf0840000-0xf085ffff]
[    0.322556] pci 0000:00:09.0: reg 0x18: [io  0xd068-0xd06f]
[    0.331336] ACPI: PCI Interrupt Link [LNKA] (IRQs 5 9 10 *11)
[    0.331715] ACPI: PCI Interrupt Link [LNKB] (IRQs 5 9 *10 11)
[    0.331839] ACPI: PCI Interrupt Link [LNKC] (IRQs 5 *9 10 11)
[    0.331967] ACPI: PCI Interrupt Link [LNKD] (IRQs 5 9 10 *11)
[    0.332511] iommu: Default domain type: Translated 
[    0.332610] pci 0000:00:02.0: vgaarb: setting as boot VGA device
[    0.332612] pci 0000:00:02.0: vgaarb: VGA device added: decodes=io+mem,owns=io+mem,locks=none
[    0.332615] pci 0000:00:02.0: vgaarb: bridge control possible
[    0.332616] vgaarb: loaded
[    0.333952] SCSI subsystem initialized
[    0.333994] libata version 3.00 loaded.
[    0.334026] ACPI: bus type USB registered
[    0.334043] usbcore: registered new interface driver usbfs
[    0.334051] usbcore: registered new interface driver hub
[    0.334057] usbcore: registered new device driver usb
[    0.334090] pps_core: LinuxPPS API ver. 1 registered
[    0.334090] pps_core: Software ver. 5.3.6 - Copyright 2005-2007 Rodolfo Giometti <giometti@linux.it>
[    0.334094] PTP clock support registered
[    0.334135] EDAC MC: Ver: 3.0.0
[    0.334449] PCI: Using ACPI for IRQ routing
[    0.334451] PCI: pci_cache_line_size set to 64 bytes
[    0.334630] e820: reserve RAM buffer [mem 0x0009fc00-0x0009ffff]
[    0.334634] e820: reserve RAM buffer [mem 0x7fff0000-0x7fffffff]
[    0.335438] NetLabel: Initializing
[    0.335439] NetLabel:  domain hash size = 128
[    0.335439] NetLabel:  protocols = UNLABELED CIPSOv4 CALIPSO
[    0.335462] NetLabel:  unlabeled traffic allowed by default
[    0.338550] clocksource: Switched to clocksource kvm-clock
[    0.353572] *** VALIDATE bpf ***
[    0.353650] VFS: Disk quotas dquot_6.6.0
[    0.353665] VFS: Dquot-cache hash table entries: 512 (order 0, 4096 bytes)
[    0.353693] *** VALIDATE ramfs ***
[    0.353697] *** VALIDATE hugetlbfs ***
[    0.353788] AppArmor: AppArmor Filesystem Enabled
[    0.353821] pnp: PnP ACPI init
[    0.353825] pnp 00:00: Plug and Play ACPI device, IDs PNP0303 (active)
[    0.353988] pnp 00:01: Plug and Play ACPI device, IDs PNP0f03 (active)
[    0.354744] pnp: PnP ACPI: found 2 devices
[    0.355732] thermal_sys: Registered thermal governor 'fair_share'
[    0.355732] thermal_sys: Registered thermal governor 'bang_bang'
[    0.355733] thermal_sys: Registered thermal governor 'step_wise'
[    0.355733] thermal_sys: Registered thermal governor 'user_space'
[    0.355734] thermal_sys: Registered thermal governor 'power_allocator'
[    0.360263] clocksource: acpi_pm: mask: 0xffffff max_cycles: 0xffffff, max_idle_ns: 2085701024 ns
[    0.360308] pci_bus 0000:00: resource 4 [io  0x0000-0x0cf7 window]
[    0.360310] pci_bus 0000:00: resource 5 [io  0x0d00-0xffff window]
[    0.360311] pci_bus 0000:00: resource 6 [mem 0x000a0000-0x000bffff window]
[    0.360312] pci_bus 0000:00: resource 7 [mem 0x80000000-0xfdffffff window]
[    0.360379] NET: Registered protocol family 2
[    0.360456] IP idents hash table entries: 32768 (order: 6, 262144 bytes, linear)
[    0.360919] MPTCP tokens hash table entries: 8192 (order: 4, 65536 bytes, linear)
[    0.360942] MPTCP request tokens hash table entries: 8192 (order: 4, 65536 bytes, linear)
[    0.360968] default registered
[    0.360969] default registered
[    0.360969] MPTCP: Stable release v0.96
[    0.360975] tcp_listen_portaddr_hash hash table entries: 1024 (order: 2, 16384 bytes, linear)
[    0.361061] TCP established hash table entries: 16384 (order: 5, 131072 bytes, linear)
[    0.361127] TCP bind hash table entries: 16384 (order: 6, 262144 bytes, linear)
[    0.361152] TCP: Hash tables configured (established 16384 bind 16384)
[    0.361894] UDP hash table entries: 1024 (order: 3, 32768 bytes, linear)
[    0.361906] UDP-Lite hash table entries: 1024 (order: 3, 32768 bytes, linear)
[    0.361948] NET: Registered protocol family 1
[    0.361957] NET: Registered protocol family 44
[    0.361983] pci 0000:00:00.0: Limiting direct PCI/PCI transfers
[    0.361996] pci 0000:00:01.0: Activating ISA DMA hang workarounds
[    0.362051] pci 0000:00:02.0: Video device with shadowed ROM at [mem 0x000c0000-0x000dffff]
[    0.362116] PCI: CLS 0 bytes, default 64
[    0.362172] Trying to unpack rootfs image as initramfs...
[    0.546757] Freeing initrd memory: 47868K
[    0.546855] clocksource: tsc: mask: 0xffffffffffffffff max_cycles: 0x1e4530a99b6, max_idle_ns: 440795257976 ns
[    0.546870] clocksource: Switched to clocksource tsc
[    0.546932] platform rtc_cmos: registered platform RTC device (no PNP device found)
[    0.546955] check: Scanning for low memory corruption every 60 seconds
[    0.547341] Initialise system trusted keyrings
[    0.547352] Key type blacklist registered
[    0.547404] workingset: timestamp_bits=36 max_order=19 bucket_order=0
[    0.548708] zbud: loaded
[    0.549082] squashfs: version 4.0 (2009/01/31) Phillip Lougher
[    0.549219] fuse: init (API version 7.31)
[    0.549234] *** VALIDATE fuse ***
[    0.549236] *** VALIDATE fuse ***
[    0.549350] Platform Keyring initialized
[    0.549989] Key type asymmetric registered
[    0.549989] Asymmetric key parser 'x509' registered
[    0.549989] Block layer SCSI generic (bsg) driver version 0.4 loaded (major 244)
[    0.549989] io scheduler mq-deadline registered
[    0.549989] shpchp: Standard Hot Plug PCI Controller Driver version: 0.4
[    0.552808] ACPI: AC Adapter [AC] (on-line)
[    0.552861] input: Power Button as /devices/LNXSYSTM:00/LNXPWRBN:00/input/input0
[    0.552889] ACPI: Power Button [PWRF]
[    0.552982] input: Sleep Button as /devices/LNXSYSTM:00/LNXSLPBN:00/input/input1
[    0.552996] ACPI: Sleep Button [SLPF]
[    0.553258] Serial: 8250/16550 driver, 32 ports, IRQ sharing enabled
[    0.554411] Linux agpgart interface v0.103
[    0.649148] loop: module loaded
[    0.649334] ata_piix 0000:00:01.1: version 2.13
[    0.649786] scsi host0: ata_piix
[    0.649886] scsi host1: ata_piix
[    0.649913] ata1: PATA max UDMA/33 cmd 0x1f0 ctl 0x3f6 bmdma 0xd000 irq 14
[    0.649913] ata2: PATA max UDMA/33 cmd 0x170 ctl 0x376 bmdma 0xd008 irq 15
[    0.650010] tun: Universal TUN/TAP device driver, 1.6
[    0.650340] PPP generic driver version 2.4.2
[    0.650406] VFIO - User Level meta-driver version: 0.3
[    0.650694] ehci_hcd: USB 2.0 'Enhanced' Host Controller (EHCI) Driver
[    0.650698] ehci-pci: EHCI PCI platform driver
[    0.650720] ehci-platform: EHCI generic platform driver
[    0.650729] ohci_hcd: USB 1.1 'Open' Host Controller (OHCI) Driver
[    0.650731] ohci-pci: OHCI PCI platform driver
[    0.650736] ohci-platform: OHCI generic platform driver
[    0.650743] uhci_hcd: USB Universal Host Controller Interface driver
[    0.650829] i8042: PNP: PS/2 Controller [PNP0303:PS2K,PNP0f03:PS2M] at 0x60,0x64 irq 1,12
[    0.651278] serio: i8042 KBD port at 0x60,0x64 irq 1
[    0.651284] serio: i8042 AUX port at 0x60,0x64 irq 12
[    0.651395] mousedev: PS/2 mouse device common for all mice
[    0.651789] input: AT Translated Set 2 keyboard as /devices/platform/i8042/serio0/input/input2
[    0.652810] rtc_cmos rtc_cmos: registered as rtc0
[    0.652825] rtc_cmos rtc_cmos: alarms up to one day, 114 bytes nvram
[    0.652833] i2c /dev entries driver
[    0.652902] device-mapper: uevent: version 1.0.3
[    0.652956] device-mapper: ioctl: 4.41.0-ioctl (2019-09-16) initialised: dm-devel@redhat.com
[    0.652984] platform eisa.0: Probing EISA bus 0
[    0.652986] platform eisa.0: EISA: Cannot allocate resource for mainboard
[    0.652987] platform eisa.0: Cannot allocate resource for EISA slot 1
[    0.652988] platform eisa.0: Cannot allocate resource for EISA slot 2
[    0.652989] platform eisa.0: Cannot allocate resource for EISA slot 3
[    0.652990] platform eisa.0: Cannot allocate resource for EISA slot 4
[    0.652991] platform eisa.0: Cannot allocate resource for EISA slot 5
[    0.652992] platform eisa.0: Cannot allocate resource for EISA slot 6
[    0.652993] platform eisa.0: Cannot allocate resource for EISA slot 7
[    0.652994] platform eisa.0: Cannot allocate resource for EISA slot 8
[    0.652995] platform eisa.0: EISA: Detected 0 cards
[    0.652998] intel_pstate: CPU model not supported
[    0.653013] ledtrig-cpu: registered to indicate activity on CPUs
[    0.653100] drop_monitor: Initializing network drop monitor service
[    0.653100] NET: Registered protocol family 10
[    0.659340] Segment Routing with IPv6
[    0.659340] fullmesh registered
[    0.659340] ndiffports registered
[    0.659340] binder registered
[    0.659340] roundrobin registered
[    0.659340] mps registered
[    0.659340] redundant registered
[    0.659340] blest registered
[    0.659340] ecf registered
[    0.659340] NET: Registered protocol family 17
[    0.659340] Key type dns_resolver registered
[    0.659340] RAS: Correctable Errors collector initialized.
[    0.659340] IPI shorthand broadcast: enabled
[    0.659340] sched_clock: Marking stable (646260178, 9080308)->(656691230, -1350744)
[    0.661147] registered taskstats version 1
[    0.661165] Loading compiled-in X.509 certificates
[    0.662015] Loaded X.509 cert 'Build time autogenerated kernel key: 6909f3744cebb3d0de528d5887b96a727de79b1e'
[    0.662041] zswap: loaded using pool lzo/zbud
[    0.662129] Key type ._fscrypt registered
[    0.662130] Key type .fscrypt registered
[    0.668445] Key type big_key registered
[    0.671776] Key type encrypted registered
[    0.671780] AppArmor: AppArmor sha1 policy hashing enabled
[    0.671791] ima: No TPM chip found, activating TPM-bypass!
[    0.671796] ima: Allocated hash algorithm: sha1
[    0.671807] ima: No architecture policies found
[    0.671820] evm: Initialising EVM extended attributes:
[    0.671821] evm: security.selinux
[    0.671822] evm: security.SMACK64
[    0.671823] evm: security.SMACK64EXEC
[    0.671823] evm: security.SMACK64TRANSMUTE
[    0.671824] evm: security.SMACK64MMAP
[    0.671825] evm: security.apparmor
[    0.671825] evm: security.ima
[    0.671826] evm: security.capability
[    0.671827] evm: HMAC attrs: 0x1
[    0.672240] PM:   Magic number: 10:335:428
[    0.672388] rtc_cmos rtc_cmos: setting system clock to 2026-01-11T11:26:25 UTC (1768130785)
[    0.820702] ata1.00: ATA-6: VBOX HARDDISK, 1.0, max UDMA/133
[    0.820704] ata1.00: 209715200 sectors, multi 128: LBA 
[    0.821174] scsi 0:0:0:0: Direct-Access     ATA      VBOX HARDDISK    1.0  PQ: 0 ANSI: 5
[    0.821371] sd 0:0:0:0: [sda] 209715200 512-byte logical blocks: (107 GB/100 GiB)
[    0.821377] sd 0:0:0:0: [sda] Write Protect is off
[    0.821379] sd 0:0:0:0: [sda] Mode Sense: 00 3a 00 00
[    0.821389] sd 0:0:0:0: [sda] Write cache: enabled, read cache: enabled, doesn't support DPO or FUA
[    0.821605] sd 0:0:0:0: Attached scsi generic sg0 type 0
[    0.822249]  sda: sda1 sda2
[    0.833205] sd 0:0:0:0: [sda] Attached SCSI disk
[    0.835286] Freeing unused decrypted memory: 2040K
[    0.836345] Freeing unused kernel image memory: 2728K
[    0.836347] Write protecting the kernel read-only data: 22528k
[    0.837277] Freeing unused kernel image memory: 2036K
[    0.837854] Freeing unused kernel image memory: 1428K
[    0.851660] x86/mm: Checked W+X mappings: passed, no W+X pages found.
[    0.851664] Run /init as init process
[    0.960716] ACPI: Video Device [GFX0] (multi-head: yes  rom: no  post: no)
[    0.960818] input: Video Bus as /devices/LNXSYSTM:00/LNXSYBUS:00/PNP0A03:00/LNXVIDEO:00/input/input4
[    0.973142] pcnet32: pcnet32.c:v1.35 21.Apr.2008 tsbogend@alpha.franken.de
[    0.974086] pcnet32: PCnet/FAST III 79C973 at 0xd020, 08:00:27:74:9a:e8 assigned IRQ 19
[    0.974129] pcnet32: Found PHY 0022:561b at address 0
[    0.974452] pcnet32: eth0: registered as PCnet/FAST III 79C973
[    0.978511] e1000: Intel(R) PRO/1000 Network Driver - version 7.3.21-k8-NAPI
[    0.978512] e1000: Copyright (c) 1999-2006 Intel Corporation.
[    0.984223] pcnet32: 1 cards_found
[    0.988689] piix4_smbus 0000:00:07.0: SMBus Host Controller at 0x4100, revision 0
[    1.059759] pcnet32 0000:00:03.0 enp0s3: renamed from eth0
[    1.192037] input: ImExPS/2 Generic Explorer Mouse as /devices/platform/i8042/serio1/input/input5
[    1.401939] e1000 0000:00:08.0 eth0: (PCI:33MHz:32-bit) 08:00:27:91:bf:38
[    1.401945] e1000 0000:00:08.0 eth0: Intel(R) PRO/1000 Network Connection
[    1.777865] e1000 0000:00:09.0 eth1: (PCI:33MHz:32-bit) 08:00:27:ee:1a:f1
[    1.777869] e1000 0000:00:09.0 eth1: Intel(R) PRO/1000 Network Connection
[    1.779218] e1000 0000:00:09.0 enp0s9: renamed from eth1
[    1.781204] e1000 0000:00:08.0 enp0s8: renamed from eth0
[    1.931969] EXT4-fs (sda2): mounted filesystem with ordered data mode. Opts: (null)
[    2.050032] systemd[1]: Inserted module 'autofs4'
[    2.063236] systemd[1]: systemd 245.4-4ubuntu3 running in system mode. (+PAM +AUDIT +SELINUX +IMA +APPARMOR +SMACK +SYSVINIT +UTMP +LIBCRYPTSETUP +GCRYPT +GNUTLS +ACL +XZ +LZ4 +SECCOMP +BLKID +ELFUTILS +KMOD +IDN2 -IDN +PCRE2 default-hierarchy=hybrid)
[    2.063300] systemd[1]: Detected virtualization oracle.
[    2.063305] systemd[1]: Detected architecture x86-64.
[    2.065215] systemd[1]: Set hostname to <ztg>.
[    2.231837] systemd[1]: /lib/systemd/system/dbus.socket:5: ListenStream= references a path below legacy directory /var/run/, updating /var/run/dbus/system_bus_socket â†’ /run/dbus/system_bus_socket; please update the unit file accordingly.
[    2.285988] systemd[1]: Created slice system-modprobe.slice.
[    2.286183] systemd[1]: Created slice User and Session Slice.
[    2.286229] systemd[1]: Started Forward Password Requests to Wall Directory Watch.
[    2.286418] systemd[1]: Set up automount Arbitrary Executable File Formats File System Automount Point.
[    2.286453] systemd[1]: Reached target User and Group Name Lookups.
[    2.286462] systemd[1]: Reached target Remote File Systems.
[    2.286470] systemd[1]: Reached target Slices.
[    2.286969] systemd[1]: Listening on Syslog Socket.
[    2.287036] systemd[1]: Listening on fsck to fsckd communication Socket.
[    2.287079] systemd[1]: Listening on initctl Compatibility Named Pipe.
[    2.287223] systemd[1]: Listening on Journal Audit Socket.
[    2.287286] systemd[1]: Listening on Journal Socket (/dev/log).
[    2.287359] systemd[1]: Listening on Journal Socket.
[    2.287425] systemd[1]: Listening on udev Control Socket.
[    2.287467] systemd[1]: Listening on udev Kernel Socket.
[    2.288272] systemd[1]: Mounting Huge Pages File System...
[    2.289279] systemd[1]: Mounting POSIX Message Queue File System...
[    2.290189] systemd[1]: Mounting Kernel Debug File System...
[    2.291015] systemd[1]: Mounting Kernel Trace File System...
[    2.293285] systemd[1]: Starting Journal Service...
[    2.316422] systemd[1]: Starting Set the console keyboard layout...
[    2.324570] systemd[1]: Starting Create list of static device nodes for the current kernel...
[    2.326671] systemd[1]: Starting Load Kernel Module drm...
[    2.327694] systemd[1]: Condition check resulted in Set Up Additional Binary Formats being skipped.
[    2.327751] systemd[1]: Condition check resulted in File System Check on Root Device being skipped.
[    2.339757] systemd[1]: Starting Load Kernel Modules...
[    2.345338] systemd[1]: Starting Remount Root and Kernel File Systems...
[    2.355361] systemd[1]: Starting udev Coldplug all Devices...
[    2.368717] systemd[1]: Starting Uncomplicated firewall...
[    2.370068] systemd[1]: Mounted Huge Pages File System.
[    2.370158] systemd[1]: Mounted POSIX Message Queue File System.
[    2.370230] systemd[1]: Mounted Kernel Debug File System.
[    2.370299] systemd[1]: Mounted Kernel Trace File System.
[    2.377293] EXT4-fs (sda2): re-mounted. Opts: errors=remount-ro
[    2.382798] systemd[1]: Finished Create list of static device nodes for the current kernel.
[    2.384028] systemd[1]: modprobe@drm.service: Succeeded.
[    2.401556] systemd[1]: Finished Load Kernel Module drm.
[    2.409172] systemd[1]: Finished Remount Root and Kernel File Systems.
[    2.419586] systemd[1]: Finished Uncomplicated firewall.
[    2.421517] lp: driver loaded but no devices found
[    2.440764] systemd[1]: Condition check resulted in Rebuild Hardware Database being skipped.
[    2.440818] systemd[1]: Condition check resulted in Platform Persistent Storage Archival being skipped.
[    2.441660] systemd[1]: Starting Load/Save Random Seed...
[    2.443996] ppdev: user-space parallel port driver
[    2.451503] systemd[1]: Starting Create System Users...
[    2.465663] systemd[1]: Finished Load/Save Random Seed.
[    2.471629] systemd[1]: Finished Create System Users.
[    2.472462] systemd[1]: Starting Create Static Device Nodes in /dev...
[    2.529712] systemd[1]: Finished udev Coldplug all Devices.
[    2.531273] systemd[1]: Finished Create Static Device Nodes in /dev.
[    2.532250] systemd[1]: Starting udev Kernel Device Manager...
[    2.542096] [drm] DMA map mode: Caching DMA mappings.
[    2.542162] [drm] Capabilities:
[    2.542162] [drm]   Rect copy.
[    2.542162] [drm]   Cursor.
[    2.542163] [drm]   Cursor bypass.
[    2.542163] [drm]   Cursor bypass 2.
[    2.542163] [drm]   Alpha cursor.
[    2.542164] [drm]   Extended Fifo.
[    2.542164] [drm]   Pitchlock.
[    2.542164] [drm]   Irq mask.
[    2.542165] [drm]   GMR.
[    2.542165] [drm]   Traces.
[    2.542165] [drm]   GMR2.
[    2.542166] [drm]   Screen Object 2.
[    2.542166] [drm]   Command Buffers.
[    2.542167] [drm]   Command Buffers 2.
[    2.542167] [drm]   Guest Backed Resources.
[    2.542168] [drm] Max GMR ids is 8192
[    2.542169] [drm] Max number of GMR pages is 1048576
[    2.542169] [drm] Max dedicated hypervisor surface memory is 393216 kiB
[    2.542170] [drm] Maximum display memory size is 131072 kiB
[    2.542170] [drm] VRAM at 0xe0000000 size is 131072 kiB
[    2.542171] [drm] MMIO at 0xf0000000 size is 2048 kiB
[    2.544317] [TTM] Zone  kernel: Available graphics memory: 1011736 KiB
[    2.544318] [TTM] Initializing pool allocator
[    2.544322] [TTM] Initializing DMA pool allocator
[    2.544381] [drm] Supports vblank timestamp caching Rev 2 (21.10.2013).
[    2.544382] [drm] No driver support for vblank timestamp query.
[    2.544620] [drm] Screen Target Display device initialized
[    2.544832] [drm] width 720
[    2.544844] [drm] height 400
[    2.544848] [drm] bpp 32
[    2.545428] [drm] Fifo max 0x00200000 min 0x00001000 cap 0x00000355
[    2.546478] [drm] Using command buffers with DMA pool.
[    2.546482] [drm] DX: no.
[    2.546482] [drm] Atomic: yes.
[    2.546483] [drm] SM4_1: no.
[    2.546503] [drm:vmw_host_log [vmwgfx]] *ERROR* Failed to send host log message.
[    2.547458] [drm:vmw_host_log [vmwgfx]] *ERROR* Failed to send host log message.
[    2.571433] fbcon: svgadrmfb (fb0) is primary device
[    2.577695] Console: switching to colour frame buffer device 100x37
[    2.583655] [drm] Initialized vmwgfx 2.15.0 20180704 for 0000:00:02.0 on minor 0
[    2.584780] systemd[1]: Finished Load Kernel Modules.
[    2.585794] systemd[1]: Mounting FUSE Control File System...
[    2.587286] systemd[1]: Mounting Kernel Configuration File System...
[    2.611426] systemd[1]: Starting Apply Kernel Variables...
[    2.622306] systemd[1]: Mounted FUSE Control File System.
[    2.622383] systemd[1]: Condition check resulted in VMware vmblock fuse mount being skipped.
[    2.625878] systemd[1]: Mounted Kernel Configuration File System.
[    2.629824] systemd[1]: Finished Set the console keyboard layout.
[    2.629923] systemd[1]: Reached target Local File Systems (Pre).
[    2.634621] systemd[1]: Mounting Mount unit for bare, revision 5...
[    2.637522] systemd[1]: Mounting Mount unit for core18, revision 1705...
[    2.645774] systemd[1]: Mounting Mount unit for core22, revision 2193...
[    2.662402] systemd[1]: Mounting Mount unit for gnome-3-34-1804, revision 24...
[    2.682239] systemd[1]: Mounting Mount unit for gnome-42-2204, revision 226...
[    2.690896] systemd[1]: Mounting Mount unit for gtk-common-themes, revision 1506...
[    2.692428] systemd[1]: Mounting Mount unit for gtk-common-themes, revision 1535...
[    2.700811] systemd[1]: Mounting Mount unit for snap-store, revision 1216...
[    2.708689] systemd[1]: Mounting Mount unit for snap-store, revision 433...
[    2.741434] systemd[1]: Mounting Mount unit for snapd, revision 25577...
[    2.756383] systemd[1]: Finished Apply Kernel Variables.
[    2.757641] systemd[1]: Started udev Kernel Device Manager.
[    2.757741] systemd[1]: Mounted Mount unit for bare, revision 5.
[    2.757831] systemd[1]: Mounted Mount unit for core18, revision 1705.
[    2.757910] systemd[1]: Mounted Mount unit for core22, revision 2193.
[    2.757992] systemd[1]: Mounted Mount unit for gnome-3-34-1804, revision 24.
[    2.758068] systemd[1]: Mounted Mount unit for gtk-common-themes, revision 1506.
[    2.762355] systemd[1]: Starting Show Plymouth Boot Screen...
[    2.767294] systemd[1]: Received SIGRTMIN+20 from PID 284 (plymouthd).
[    2.793500] systemd[1]: Started Show Plymouth Boot Screen.
[    2.793741] systemd[1]: Condition check resulted in Dispatch Password Requests to Console Directory Watch being skipped.
[    2.793837] systemd[1]: Started Forward Password Requests to Plymouth Directory Watch.
[    2.795782] systemd[1]: Reached target Local Encrypted Volumes.
[    2.891453] systemd[1]: Mounted Mount unit for gnome-42-2204, revision 226.
[    2.891781] systemd[1]: Mounted Mount unit for gtk-common-themes, revision 1535.
[    2.925732] systemd[1]: Mounted Mount unit for snapd, revision 25577.
[    2.941815] systemd[1]: Mounted Mount unit for snap-store, revision 1216.
[    2.993535] systemd[1]: Mounted Mount unit for snap-store, revision 433.
[    2.993798] systemd[1]: Reached target Local File Systems.
[    2.997308] systemd[1]: Starting Load AppArmor profiles...
[    2.999467] systemd[1]: Starting Set console font and keymap...
[    3.002851] systemd[1]: Starting Tell Plymouth To Write Out Runtime Data...
[    3.002972] systemd[1]: Condition check resulted in Store a System Token in an EFI Variable being skipped.
[    3.003022] systemd[1]: Condition check resulted in Commit a transient machine-id on disk being skipped.
[    3.014988] systemd[1]: Finished Set console font and keymap.
[    3.022051] systemd[1]: Received SIGRTMIN+20 from PID 284 (plymouthd).
[    3.023399] systemd[1]: plymouth-read-write.service: Succeeded.
[    3.023694] systemd[1]: Finished Tell Plymouth To Write Out Runtime Data.
[    3.063469] audit: type=1400 audit(1768130787.888:2): apparmor="STATUS" operation="profile_load" profile="unconfined" name="nvidia_modprobe" pid=305 comm="apparmor_parser"
[    3.063471] audit: type=1400 audit(1768130787.888:3): apparmor="STATUS" operation="profile_load" profile="unconfined" name="nvidia_modprobe//kmod" pid=305 comm="apparmor_parser"
[    3.070446] audit: type=1400 audit(1768130787.896:4): apparmor="STATUS" operation="profile_load" profile="unconfined" name="/usr/sbin/tcpdump" pid=306 comm="apparmor_parser"
[    3.098857] audit: type=1400 audit(1768130787.916:5): apparmor="STATUS" operation="profile_load" profile="unconfined" name="/usr/bin/evince" pid=308 comm="apparmor_parser"
[    3.098859] audit: type=1400 audit(1768130787.916:6): apparmor="STATUS" operation="profile_load" profile="unconfined" name="/usr/bin/evince//sanitized_helper" pid=308 comm="apparmor_parser"
[    3.098862] audit: type=1400 audit(1768130787.916:7): apparmor="STATUS" operation="profile_load" profile="unconfined" name="/usr/bin/evince-previewer" pid=308 comm="apparmor_parser"
[    3.098864] audit: type=1400 audit(1768130787.916:8): apparmor="STATUS" operation="profile_load" profile="unconfined" name="/usr/bin/evince-previewer//sanitized_helper" pid=308 comm="apparmor_parser"
[    3.098865] audit: type=1400 audit(1768130787.916:9): apparmor="STATUS" operation="profile_load" profile="unconfined" name="/usr/bin/evince-thumbnailer" pid=308 comm="apparmor_parser"
[    3.133465] audit: type=1400 audit(1768130787.956:10): apparmor="STATUS" operation="profile_load" profile="unconfined" name="/usr/lib/cups/backend/cups-pdf" pid=309 comm="apparmor_parser"
[    3.194784] systemd[1]: Finished Load AppArmor profiles.
[    3.195866] systemd[1]: Starting Load AppArmor profiles managed internally by snapd...
[    3.334129] systemd[1]: Finished Load AppArmor profiles managed internally by snapd.
[    3.340787] systemd[1]: Started Journal Service.
[    3.348440] systemd-journald[229]: Received client request to flush runtime journal.
[    3.352136] systemd-journald[229]: File /var/log/journal/c455b248004a419c87ce85eea238d727/system.journal corrupted or uncleanly shut down, renaming and replacing.
[    4.742713] RAPL PMU: API unit is 2^-32 Joules, 0 fixed counters, 10737418240 ms ovfl timer
[    4.809196] cryptd: max_cpu_qlen set to 1000
[    4.817348] AVX2 version of gcm_enc/dec engaged.
[    4.817348] AES CTR mode by8 optimization enabled
[    6.916299] Adding 1998844k swap on /dev/sda1.  Priority:-2 extents:1 across:1998844k FS
[    7.569245] AAAAA: Error looking up destination IP: 369098976 - net/ipv4/ip_output.c: 285: dac_mps_nexthops
[    7.656564] AAAAA: Error looking up destination IP: 4211081440 - net/ipv4/ip_output.c: 285: dac_mps_nexthops
[    7.911037] AAAAA: Error looking up destination IP: 4211081440 - net/ipv4/ip_output.c: 285: dac_mps_nexthops
[    8.162031] AAAAA: Error looking up destination IP: 4211081440 - net/ipv4/ip_output.c: 285: dac_mps_nexthops
[    8.368776] AAAAA: Error looking up destination IP: 4211081440 - net/ipv4/ip_output.c: 285: dac_mps_nexthops
[    8.512937] AAAAA: Error looking up destination IP: 369098976 - net/ipv4/ip_output.c: 285: dac_mps_nexthops
[    8.770746] kauditd_printk_skb: 31 callbacks suppressed
[    8.770757] audit: type=1400 audit(1768130793.592:42): apparmor="DENIED" operation="capable" profile="/usr/sbin/cups-browsed" pid=577 comm="cups-browsed" capability=23  capname="sys_nice"
[    8.875579] AAAAA: Error looking up destination IP: 4211081440 - net/ipv4/ip_output.c: 285: dac_mps_nexthops
[    9.415459] AAAAA: Error looking up destination IP: 4211081440 - net/ipv4/ip_output.c: 285: dac_mps_nexthops
[    9.478831] pcnet32 0000:00:03.0 enp0s3: link up, 100Mbps, full-duplex
[    9.529842] e1000: enp0s8 NIC Link is Up 1000 Mbps Full Duplex, Flow Control: RX
[    9.530303] IPv6: ADDRCONF(NETDEV_CHANGE): enp0s8: link becomes ready
[    9.566990] e1000: enp0s9 NIC Link is Up 1000 Mbps Full Duplex, Flow Control: RX
[   10.267074] device enp0s3 entered promiscuous mode
[   10.299650] audit: type=1400 audit(1768130795.116:43): apparmor="DENIED" operation="open" profile="/usr/sbin/tcpdump" name="/proc/sys/kernel/random/boot_id" pid=737 comm="tcpdump" requested_mask="r" denied_mask="r" fsuid=0 ouid=0
[   10.299890] audit: type=1400 audit(1768130795.116:44): apparmor="DENIED" operation="open" profile="/usr/sbin/tcpdump" name="/proc/sys/kernel/random/boot_id" pid=737 comm="tcpdump" requested_mask="r" denied_mask="r" fsuid=0 ouid=0
[   10.299932] audit: type=1400 audit(1768130795.116:45): apparmor="DENIED" operation="open" profile="/usr/sbin/tcpdump" name="/proc/sys/kernel/random/boot_id" pid=737 comm="tcpdump" requested_mask="r" denied_mask="r" fsuid=0 ouid=0
[   10.300279] audit: type=1400 audit(1768130795.116:46): apparmor="DENIED" operation="open" profile="/usr/sbin/tcpdump" name="/proc/sys/kernel/random/boot_id" pid=737 comm="tcpdump" requested_mask="r" denied_mask="r" fsuid=0 ouid=0
[   10.301369] audit: type=1400 audit(1768130795.116:47): apparmor="DENIED" operation="open" profile="/usr/sbin/tcpdump" name="/proc/sys/kernel/random/boot_id" pid=738 comm="tcpdump" requested_mask="r" denied_mask="r" fsuid=0 ouid=0
[   10.301529] audit: type=1400 audit(1768130795.116:48): apparmor="DENIED" operation="open" profile="/usr/sbin/tcpdump" name="/proc/sys/kernel/random/boot_id" pid=738 comm="tcpdump" requested_mask="r" denied_mask="r" fsuid=0 ouid=0
[   10.301568] audit: type=1400 audit(1768130795.116:49): apparmor="DENIED" operation="open" profile="/usr/sbin/tcpdump" name="/proc/sys/kernel/random/boot_id" pid=738 comm="tcpdump" requested_mask="r" denied_mask="r" fsuid=0 ouid=0
[   10.301649] audit: type=1400 audit(1768130795.116:50): apparmor="DENIED" operation="open" profile="/usr/sbin/tcpdump" name="/proc/sys/kernel/random/boot_id" pid=738 comm="tcpdump" requested_mask="r" denied_mask="r" fsuid=0 ouid=0
[   16.295510] rfkill: input handler disabled
[  171.066602] AAAAA-TCP_FORW: name:enp0s3: saddr:16783984: daddr:100932208
[  171.221025] AAAAA-TCP_FORW: name:enp0s3: saddr:16783984: daddr:100932208
[  171.389519] AAAAA-TCP_FORW: name:enp0s3: saddr:16783984: daddr:100932208
[  202.390111] AAAAA-TCP_FORW: name:enp0s3: saddr:16783984: daddr:100932208
[  202.623907] AAAAA-TCP_FORW: name:enp0s3: saddr:16783984: daddr:100932208
[  202.775437] AAAAA-TCP_FORW: name:enp0s3: saddr:16783984: daddr:100932208
[  203.164297] AAAAA-TCP_FORW: name:enp0s3: saddr:16783984: daddr:100932208
[  203.325853] AAAAA-TCP_FORW: name:enp0s3: saddr:16783984: daddr:100932208
[  203.414265] AAAAA-TCP_FORW: name:enp0s3: saddr:16783984: daddr:100932208
[  203.586777] AAAAA-TCP_FORW: name:enp0s3: saddr:16783984: daddr:100932208
[  203.793969] AAAAA-TCP_FORW: name:enp0s3: saddr:16783984: daddr:100932208
[  204.228610] AAAAA-TCP_FORW: name:enp0s3: saddr:16783984: daddr:100932208
[  204.396615] AAAAA-TCP_FORW: name:enp0s3: saddr:16783984: daddr:100932208
[  204.482544] AAAAA-TCP_FORW: name:enp0s3: saddr:16783984: daddr:100932208
[  204.631551] AAAAA-TCP_FORW: name:enp0s3: saddr:16783984: daddr:100932208
[  204.938903] AAAAA-TCP_FORW: name:enp0s3: saddr:16783984: daddr:100932208
[  205.030072] AAAAA-TCP_FORW: name:enp0s3: saddr:16783984: daddr:100932208
[  205.155064] AAAAA-TCP_FORW: name:enp0s3: saddr:16783984: daddr:100932208
[  205.385777] AAAAA-TCP_FORW: name:enp0s3: saddr:16783984: daddr:100932208
[  205.485277] AAAAA-TCP_FORW: name:enp0s3: saddr:16783984: daddr:100932208
[  205.857027] AAAAA-TCP_FORW: name:enp0s3: saddr:16783984: daddr:100932208
[  205.940088] AAAAA-TCP_FORW: name:enp0s3: saddr:16783984: daddr:100932208
[  541.721611] rfkill: input handler enabled
[  550.057633] rfkill: input handler disabled
[  816.182061] device enp0s3 left promiscuous mode
