[    0.000000] Linux version 5.4.243-dmptcp (root@ztg) (gcc version 12.2.0 (Debian 12.2.0-14+deb12u1)) #119 SMP Wed Dec 24 23:52:51 CST 2025
[    0.000000] Command line: BOOT_IMAGE=/boot/vmlinuz-5.4.243-dmptcp root=UUID=98415a12-53b7-4144-8265-0f7ece09e445 ro quiet splash
[    0.000000] KERNEL supported cpus:
[    0.000000]   Intel GenuineIntel
[    0.000000]   AMD AuthenticAMD
[    0.000000]   Hygon HygonGenuine
[    0.000000]   Centaur CentaurHauls
[    0.000000]   zhaoxin   Shanghai  
[    0.000000] x86/fpu: Supporting XSAVE feature 0x001: 'x87 floating point registers'
[    0.000000] x86/fpu: Supporting XSAVE feature 0x002: 'SSE registers'
[    0.000000] x86/fpu: Supporting XSAVE feature 0x004: 'AVX registers'
[    0.000000] x86/fpu: xstate_offset[2]:  576, xstate_sizes[2]:  256
[    0.000000] x86/fpu: Enabled xstate features 0x7, context size is 832 bytes, using 'standard' format.
[    0.000000] BIOS-provided physical RAM map:
[    0.000000] BIOS-e820: [mem 0x0000000000000000-0x000000000009fbff] usable
[    0.000000] BIOS-e820: [mem 0x000000000009fc00-0x000000000009ffff] reserved
[    0.000000] BIOS-e820: [mem 0x00000000000f0000-0x00000000000fffff] reserved
[    0.000000] BIOS-e820: [mem 0x0000000000100000-0x000000007ffeffff] usable
[    0.000000] BIOS-e820: [mem 0x000000007fff0000-0x000000007fffffff] ACPI data
[    0.000000] BIOS-e820: [mem 0x00000000fec00000-0x00000000fec00fff] reserved
[    0.000000] BIOS-e820: [mem 0x00000000fee00000-0x00000000fee00fff] reserved
[    0.000000] BIOS-e820: [mem 0x00000000fffc0000-0x00000000ffffffff] reserved
[    0.000000] NX (Execute Disable) protection: active
[    0.000000] SMBIOS 2.5 present.
[    0.000000] DMI: innotek GmbH VirtualBox/VirtualBox, BIOS VirtualBox 12/01/2006
[    0.000000] Hypervisor detected: KVM
[    0.000000] kvm-clock: Using msrs 4b564d01 and 4b564d00
[    0.000000] kvm-clock: cpu 0, msr 30401001, primary cpu clock
[    0.000000] kvm-clock: using sched offset of 4467515930 cycles
[    0.000003] clocksource: kvm-clock: mask: 0xffffffffffffffff max_cycles: 0x1cd42e4dffb, max_idle_ns: 881590591483 ns
[    0.000006] tsc: Detected 2100.000 MHz processor
[    0.001895] e820: update [mem 0x00000000-0x00000fff] usable ==> reserved
[    0.001897] e820: remove [mem 0x000a0000-0x000fffff] usable
[    0.001902] last_pfn = 0x7fff0 max_arch_pfn = 0x400000000
[    0.001969] MTRR default type: uncachable
[    0.001970] MTRR fixed ranges enabled:
[    0.001972]   00000-9FFFF write-back
[    0.001972]   A0000-BFFFF uncachable
[    0.001973]   C0000-FFFFF write-protect
[    0.001974] MTRR variable ranges enabled:
[    0.001975]   0 base 000000000000 mask 3FFF80000000 write-back
[    0.001976]   1 disabled
[    0.001976]   2 disabled
[    0.001977]   3 disabled
[    0.001977]   4 disabled
[    0.001977]   5 disabled
[    0.001978]   6 disabled
[    0.001978]   7 disabled
[    0.001979]   8 disabled
[    0.001979]   9 disabled
[    0.001979]   10 disabled
[    0.001980]   11 disabled
[    0.001980]   12 disabled
[    0.001981]   13 disabled
[    0.001981]   14 disabled
[    0.001982]   15 disabled
[    0.001998] x86/PAT: Configuration [0-7]: WB  WC  UC- UC  WB  WP  UC- WT  
[    0.002130] found SMP MP-table at [mem 0x0009fff0-0x0009ffff]
[    0.093754] check: Scanning 1 areas for low memory corruption
[    0.093965] RAMDISK: [mem 0x32271000-0x3512ffff]
[    0.093973] ACPI: Early table checksum verification disabled
[    0.093980] ACPI: RSDP 0x00000000000E0000 000024 (v02 VBOX  )
[    0.093984] ACPI: XSDT 0x000000007FFF0030 00003C (v01 VBOX   VBOXXSDT 00000001 ASL  00000061)
[    0.093991] ACPI: FACP 0x000000007FFF00F0 0000F4 (v04 VBOX   VBOXFACP 00000001 ASL  00000061)
[    0.093997] ACPI: DSDT 0x000000007FFF02E0 002353 (v02 VBOX   VBOXBIOS 00000002 VBOX 00029BF3)
[    0.094001] ACPI: FACS 0x000000007FFF0200 000040
[    0.094005] ACPI: FACS 0x000000007FFF0200 000040
[    0.094008] ACPI: APIC 0x000000007FFF0240 000054 (v02 VBOX   VBOXAPIC 00000001 ASL  00000061)
[    0.094012] ACPI: SSDT 0x000000007FFF02A0 000038 (v01 VBOX   VBOXCPUT 00000002 VBOX 00029BF3)
[    0.094015] ACPI: Reserving FACP table memory at [mem 0x7fff00f0-0x7fff01e3]
[    0.094016] ACPI: Reserving DSDT table memory at [mem 0x7fff02e0-0x7fff2632]
[    0.094016] ACPI: Reserving FACS table memory at [mem 0x7fff0200-0x7fff023f]
[    0.094017] ACPI: Reserving FACS table memory at [mem 0x7fff0200-0x7fff023f]
[    0.094018] ACPI: Reserving APIC table memory at [mem 0x7fff0240-0x7fff0293]
[    0.094018] ACPI: Reserving SSDT table memory at [mem 0x7fff02a0-0x7fff02d7]
[    0.094032] ACPI: Local APIC address 0xfee00000
[    0.094217] No NUMA configuration found
[    0.094218] Faking a node at [mem 0x0000000000000000-0x000000007ffeffff]
[    0.094228] NODE_DATA(0) allocated [mem 0x7ffc5000-0x7ffeffff]
[    0.095169] Zone ranges:
[    0.095170]   DMA      [mem 0x0000000000001000-0x0000000000ffffff]
[    0.095172]   DMA32    [mem 0x0000000001000000-0x000000007ffeffff]
[    0.095173]   Normal   empty
[    0.095173]   Device   empty
[    0.095174] Movable zone start for each node
[    0.095176] Early memory node ranges
[    0.095177]   node   0: [mem 0x0000000000001000-0x000000000009efff]
[    0.095177]   node   0: [mem 0x0000000000100000-0x000000007ffeffff]
[    0.095841] Zeroed struct page in unavailable ranges: 114 pages
[    0.095842] Initmem setup node 0 [mem 0x0000000000001000-0x000000007ffeffff]
[    0.095843] On node 0 totalpages: 524174
[    0.095845]   DMA zone: 64 pages used for memmap
[    0.095846]   DMA zone: 21 pages reserved
[    0.095847]   DMA zone: 3998 pages, LIFO batch:0
[    0.095920]   DMA32 zone: 8128 pages used for memmap
[    0.095920]   DMA32 zone: 520176 pages, LIFO batch:63
[    0.104812] ACPI: PM-Timer IO Port: 0x4008
[    0.104815] ACPI: Local APIC address 0xfee00000
[    0.104883] IOAPIC[0]: apic_id 1, version 32, address 0xfec00000, GSI 0-23
[    0.104887] ACPI: INT_SRC_OVR (bus 0 bus_irq 0 global_irq 2 dfl dfl)
[    0.104888] ACPI: INT_SRC_OVR (bus 0 bus_irq 9 global_irq 9 low level)
[    0.104890] ACPI: IRQ0 used by override.
[    0.104891] ACPI: IRQ9 used by override.
[    0.104894] Using ACPI (MADT) for SMP configuration information
[    0.104900] smpboot: Allowing 1 CPUs, 0 hotplug CPUs
[    0.104922] PM: Registered nosave memory: [mem 0x00000000-0x00000fff]
[    0.104923] PM: Registered nosave memory: [mem 0x0009f000-0x0009ffff]
[    0.104924] PM: Registered nosave memory: [mem 0x000a0000-0x000effff]
[    0.104925] PM: Registered nosave memory: [mem 0x000f0000-0x000fffff]
[    0.104927] [mem 0x80000000-0xfebfffff] available for PCI devices
[    0.104928] Booting paravirtualized kernel on KVM
[    0.104930] clocksource: refined-jiffies: mask: 0xffffffff max_cycles: 0xffffffff, max_idle_ns: 7645519600211568 ns
[    0.104935] setup_percpu: NR_CPUS:8192 nr_cpumask_bits:1 nr_cpu_ids:1 nr_node_ids:1
[    0.105790] percpu: Embedded 60 pages/cpu s208896 r8192 d28672 u2097152
[    0.105795] pcpu-alloc: s208896 r8192 d28672 u2097152 alloc=1*2097152
[    0.105795] pcpu-alloc: [0] 0 
[    0.105822] Built 1 zonelists, mobility grouping on.  Total pages: 515961
[    0.105822] Policy zone: DMA32
[    0.105823] Kernel command line: BOOT_IMAGE=/boot/vmlinuz-5.4.243-dmptcp root=UUID=98415a12-53b7-4144-8265-0f7ece09e445 ro quiet splash
[    0.106669] Dentry cache hash table entries: 262144 (order: 9, 2097152 bytes, linear)
[    0.106815] Inode-cache hash table entries: 131072 (order: 8, 1048576 bytes, linear)
[    0.106864] mem auto-init: stack:off, heap alloc:on, heap free:off
[    0.106867] Calgary: detecting Calgary via BIOS EBDA area
[    0.106868] Calgary: Unable to locate Rio Grande table in EBDA - bailing!
[    0.110822] Memory: 1967332K/2096696K available (14339K kernel code, 2399K rwdata, 4716K rodata, 2728K init, 17260K bss, 129364K reserved, 0K cma-reserved)
[    0.111744] SLUB: HWalign=64, Order=0-3, MinObjects=0, CPUs=1, Nodes=1
[    0.111761] ftrace: allocating 43203 entries in 169 pages
[    0.129764] rcu: Hierarchical RCU implementation.
[    0.129766] rcu: 	RCU restricting CPUs from NR_CPUS=8192 to nr_cpu_ids=1.
[    0.129767] 	Tasks RCU enabled.
[    0.129768] rcu: RCU calculated value of scheduler-enlistment delay is 25 jiffies.
[    0.129769] rcu: Adjusting geometry for rcu_fanout_leaf=16, nr_cpu_ids=1
[    0.132736] NR_IRQS: 524544, nr_irqs: 256, preallocated irqs: 16
[    0.132950] random: crng init done
[    0.142300] Console: colour VGA+ 80x25
[    0.142304] printk: console [tty0] enabled
[    0.142322] ACPI: Core revision 20190816
[    0.142416] APIC: Switch to symmetric I/O mode setup
[    0.142667] x2apic enabled
[    0.142905] Switched APIC routing to physical x2apic.
[    0.144024] ..TIMER: vector=0x30 apic1=0 pin1=2 apic2=-1 pin2=-1
[    0.144048] clocksource: tsc-early: mask: 0xffffffffffffffff max_cycles: 0x1e4530a99b6, max_idle_ns: 440795257976 ns
[    0.144054] Calibrating delay loop (skipped) preset value.. 4200.00 BogoMIPS (lpj=8400000)
[    0.144056] pid_max: default: 32768 minimum: 301
[    0.144085] LSM: Security Framework initializing
[    0.144094] Yama: becoming mindful.
[    0.144119] AppArmor: AppArmor initialized
[    0.144155] Mount-cache hash table entries: 4096 (order: 3, 32768 bytes, linear)
[    0.144160] Mountpoint-cache hash table entries: 4096 (order: 3, 32768 bytes, linear)
[    0.144170] *** VALIDATE tmpfs ***
[    0.144300] *** VALIDATE proc ***
[    0.144342] *** VALIDATE cgroup1 ***
[    0.144343] *** VALIDATE cgroup2 ***
[    0.144483] process: using mwait in idle threads
[    0.144488] Last level iTLB entries: 4KB 64, 2MB 8, 4MB 8
[    0.144489] Last level dTLB entries: 4KB 64, 2MB 0, 4MB 0, 1GB 4
[    0.144509] Spectre V1 : Mitigation: usercopy/swapgs barriers and __user pointer sanitization
[    0.144514] Spectre V2 : Mitigation: Retpolines
[    0.144515] Spectre V2 : Spectre v2 / SpectreRSB mitigation: Filling RSB on context switch
[    0.144515] Spectre V2 : Spectre v2 / SpectreRSB : Filling RSB on VMEXIT
[    0.144516] RETBleed: WARNING: Spectre v2 mitigation leaves CPU vulnerable to RETBleed attacks, data leaks possible!
[    0.144873] RETBleed: Vulnerable
[    0.144873] Speculative Store Bypass: Vulnerable
[    0.144878] TAA: Mitigation: TSX disabled
[    0.144878] MMIO Stale Data: Mitigation: Clear CPU buffers
[    0.149037] Freeing SMP alternatives memory: 40K
[    0.261803] smpboot: CPU0: Intel(R) Xeon(R) Silver 4216 CPU @ 2.10GHz (family: 0x6, model: 0x55, stepping: 0x7)
[    0.261916] Performance Events: unsupported p6 CPU model 85 no PMU driver, software events only.
[    0.261950] rcu: Hierarchical SRCU implementation.
[    0.262423] NMI watchdog: Perf NMI watchdog permanently disabled
[    0.262460] smp: Bringing up secondary CPUs ...
[    0.262461] smp: Brought up 1 node, 1 CPU
[    0.262462] smpboot: Max logical packages: 1
[    0.262463] smpboot: Total of 1 processors activated (4200.00 BogoMIPS)
[    0.263418] devtmpfs: initialized
[    0.263463] x86/mm: Memory block size: 128MB
[    0.263807] clocksource: jiffies: mask: 0xffffffff max_cycles: 0xffffffff, max_idle_ns: 7645041785100000 ns
[    0.263813] futex hash table entries: 256 (order: 2, 16384 bytes, linear)
[    0.263854] pinctrl core: initialized pinctrl subsystem
[    0.263953] PM: RTC time: 11:25:10, date: 2026-01-11
[    0.264050] NET: Registered protocol family 16
[    0.264050] audit: initializing netlink subsys (disabled)
[    0.264050] EISA bus registered
[    0.264050] cpuidle: using governor ladder
[    0.264050] cpuidle: using governor menu
[    0.264050] ACPI: bus type PCI registered
[    0.264050] acpiphp: ACPI Hot Plug PCI Controller Driver version: 0.5
[    0.264050] PCI: Using configuration type 1 for base access
[    0.264306] audit: type=2000 audit(1768101916.485:1): state=initialized audit_enabled=0 res=1
[    0.264384] HugeTLB registered 2.00 MiB page size, pre-allocated 0 pages
[    0.265189] ACPI: Added _OSI(Module Device)
[    0.265190] ACPI: Added _OSI(Processor Device)
[    0.265191] ACPI: Added _OSI(3.0 _SCP Extensions)
[    0.265191] ACPI: Added _OSI(Processor Aggregator Device)
[    0.265192] ACPI: Added _OSI(Linux-Dell-Video)
[    0.265193] ACPI: Added _OSI(Linux-Lenovo-NV-HDMI-Audio)
[    0.265194] ACPI: Added _OSI(Linux-HPI-Hybrid-Graphics)
[    0.267151] ACPI: 2 ACPI AML tables successfully acquired and loaded
[    0.268666] ACPI: Interpreter enabled
[    0.268675] ACPI: (supports S0 S5)
[    0.268676] ACPI: Using IOAPIC for interrupt routing
[    0.268879] PCI: Using host bridge windows from ACPI; if necessary, use "pci=nocrs" and report a bug
[    0.268983] ACPI: Enabled 2 GPEs in block 00 to 07
[    0.273917] ACPI: PCI Root Bridge [PCI0] (domain 0000 [bus 00-ff])
[    0.273922] acpi PNP0A03:00: _OSC: OS supports [ASPM ClockPM Segments MSI HPX-Type3]
[    0.274363] acpi PNP0A03:00: _OSC: not requesting OS control; OS requires [ExtendedConfig ASPM ClockPM MSI]
[    0.274372] acpi PNP0A03:00: fail to add MMCONFIG information, can't access extended PCI configuration space under this bridge.
[    0.274742] PCI host bridge to bus 0000:00
[    0.274744] pci_bus 0000:00: root bus resource [io  0x0000-0x0cf7 window]
[    0.274745] pci_bus 0000:00: root bus resource [io  0x0d00-0xffff window]
[    0.274746] pci_bus 0000:00: root bus resource [mem 0x000a0000-0x000bffff window]
[    0.274748] pci_bus 0000:00: root bus resource [mem 0x80000000-0xfdffffff window]
[    0.274749] pci_bus 0000:00: root bus resource [bus 00-ff]
[    0.274793] pci 0000:00:00.0: [8086:1237] type 00 class 0x060000
[    0.275738] pci 0000:00:01.0: [8086:7000] type 00 class 0x060100
[    0.276551] pci 0000:00:01.1: [8086:7111] type 00 class 0x01018a
[    0.276921] pci 0000:00:01.1: reg 0x20: [io  0xd000-0xd00f]
[    0.277072] pci 0000:00:01.1: legacy IDE quirk: reg 0x10: [io  0x01f0-0x01f7]
[    0.277073] pci 0000:00:01.1: legacy IDE quirk: reg 0x14: [io  0x03f6]
[    0.277074] pci 0000:00:01.1: legacy IDE quirk: reg 0x18: [io  0x0170-0x0177]
[    0.277075] pci 0000:00:01.1: legacy IDE quirk: reg 0x1c: [io  0x0376]
[    0.277614] pci 0000:00:02.0: [15ad:0405] type 00 class 0x030000
[    0.280128] pci 0000:00:02.0: reg 0x10: [io  0xd010-0xd01f]
[    0.282927] pci 0000:00:02.0: reg 0x14: [mem 0xe0000000-0xe7ffffff pref]
[    0.285911] pci 0000:00:02.0: reg 0x18: [mem 0xf0000000-0xf01fffff]
[    0.296728] pci 0000:00:03.0: [1022:2000] type 00 class 0x020000
[    0.297394] pci 0000:00:03.0: reg 0x10: [io  0xd020-0xd03f]
[    0.297998] pci 0000:00:03.0: reg 0x14: [mem 0xf0200000-0xf0200fff]
[    0.301408] pci 0000:00:04.0: [80ee:cafe] type 00 class 0x088000
[    0.302077] pci 0000:00:04.0: reg 0x10: [io  0xd040-0xd05f]
[    0.302683] pci 0000:00:04.0: reg 0x14: [mem 0xf0400000-0xf07fffff]
[    0.303301] pci 0000:00:04.0: reg 0x18: [mem 0xf0800000-0xf0803fff pref]
[    0.306533] pci 0000:00:07.0: [8086:7113] type 00 class 0x068000
[    0.307072] pci 0000:00:07.0: quirk: [io  0x4000-0x403f] claimed by PIIX4 ACPI
[    0.307081] pci 0000:00:07.0: quirk: [io  0x4100-0x410f] claimed by PIIX4 SMB
[    0.308086] pci 0000:00:08.0: [1022:2000] type 00 class 0x020000
[    0.308745] pci 0000:00:08.0: reg 0x10: [io  0xd060-0xd07f]
[    0.309347] pci 0000:00:08.0: reg 0x14: [mem 0xf0804000-0xf0804fff]
[    0.312811] pci 0000:00:09.0: [8086:100e] type 00 class 0x020000
[    0.313508] pci 0000:00:09.0: reg 0x10: [mem 0xf0820000-0xf083ffff]
[    0.314656] pci 0000:00:09.0: reg 0x18: [io  0xd080-0xd087]
[    0.325006] ACPI: PCI Interrupt Link [LNKA] (IRQs 5 9 10 *11)
[    0.325288] ACPI: PCI Interrupt Link [LNKB] (IRQs 5 9 *10 11)
[    0.325389] ACPI: PCI Interrupt Link [LNKC] (IRQs 5 *9 10 11)
[    0.325495] ACPI: PCI Interrupt Link [LNKD] (IRQs 5 9 10 *11)
[    0.325752] iommu: Default domain type: Translated 
[    0.325807] pci 0000:00:02.0: vgaarb: setting as boot VGA device
[    0.325809] pci 0000:00:02.0: vgaarb: VGA device added: decodes=io+mem,owns=io+mem,locks=none
[    0.325811] pci 0000:00:02.0: vgaarb: bridge control possible
[    0.325812] vgaarb: loaded
[    0.326020] SCSI subsystem initialized
[    0.326053] libata version 3.00 loaded.
[    0.326078] ACPI: bus type USB registered
[    0.326092] usbcore: registered new interface driver usbfs
[    0.326099] usbcore: registered new interface driver hub
[    0.326104] usbcore: registered new device driver usb
[    0.326128] pps_core: LinuxPPS API ver. 1 registered
[    0.326129] pps_core: Software ver. 5.3.6 - Copyright 2005-2007 Rodolfo Giometti <giometti@linux.it>
[    0.326132] PTP clock support registered
[    0.326167] EDAC MC: Ver: 3.0.0
[    0.326458] PCI: Using ACPI for IRQ routing
[    0.326460] PCI: pci_cache_line_size set to 64 bytes
[    0.326629] e820: reserve RAM buffer [mem 0x0009fc00-0x0009ffff]
[    0.326633] e820: reserve RAM buffer [mem 0x7fff0000-0x7fffffff]
[    0.328066] NetLabel: Initializing
[    0.328066] NetLabel:  domain hash size = 128
[    0.328067] NetLabel:  protocols = UNLABELED CIPSOv4 CALIPSO
[    0.328087] NetLabel:  unlabeled traffic allowed by default
[    0.328988] clocksource: Switched to clocksource kvm-clock
[    0.342591] *** VALIDATE bpf ***
[    0.342651] VFS: Disk quotas dquot_6.6.0
[    0.342664] VFS: Dquot-cache hash table entries: 512 (order 0, 4096 bytes)
[    0.342686] *** VALIDATE ramfs ***
[    0.342689] *** VALIDATE hugetlbfs ***
[    0.342768] AppArmor: AppArmor Filesystem Enabled
[    0.342796] pnp: PnP ACPI init
[    0.342866] pnp 00:00: Plug and Play ACPI device, IDs PNP0303 (active)
[    0.342932] pnp 00:01: Plug and Play ACPI device, IDs PNP0f03 (active)
[    0.343687] pnp: PnP ACPI: found 2 devices
[    0.344627] thermal_sys: Registered thermal governor 'fair_share'
[    0.344628] thermal_sys: Registered thermal governor 'bang_bang'
[    0.344629] thermal_sys: Registered thermal governor 'step_wise'
[    0.344629] thermal_sys: Registered thermal governor 'user_space'
[    0.344630] thermal_sys: Registered thermal governor 'power_allocator'
[    0.349142] clocksource: acpi_pm: mask: 0xffffff max_cycles: 0xffffff, max_idle_ns: 2085701024 ns
[    0.349183] pci_bus 0000:00: resource 4 [io  0x0000-0x0cf7 window]
[    0.349184] pci_bus 0000:00: resource 5 [io  0x0d00-0xffff window]
[    0.349185] pci_bus 0000:00: resource 6 [mem 0x000a0000-0x000bffff window]
[    0.349187] pci_bus 0000:00: resource 7 [mem 0x80000000-0xfdffffff window]
[    0.349245] NET: Registered protocol family 2
[    0.349317] IP idents hash table entries: 32768 (order: 6, 262144 bytes, linear)
[    0.349720] MPTCP tokens hash table entries: 8192 (order: 4, 65536 bytes, linear)
[    0.349743] MPTCP request tokens hash table entries: 8192 (order: 4, 65536 bytes, linear)
[    0.349767] default registered
[    0.349768] default registered
[    0.349768] MPTCP: Stable release v0.96
[    0.349773] tcp_listen_portaddr_hash hash table entries: 1024 (order: 2, 16384 bytes, linear)
[    0.349852] TCP established hash table entries: 16384 (order: 5, 131072 bytes, linear)
[    0.349918] TCP bind hash table entries: 16384 (order: 6, 262144 bytes, linear)
[    0.349943] TCP: Hash tables configured (established 16384 bind 16384)
[    0.350669] UDP hash table entries: 1024 (order: 3, 32768 bytes, linear)
[    0.350680] UDP-Lite hash table entries: 1024 (order: 3, 32768 bytes, linear)
[    0.350717] NET: Registered protocol family 1
[    0.350726] NET: Registered protocol family 44
[    0.350746] pci 0000:00:00.0: Limiting direct PCI/PCI transfers
[    0.350762] pci 0000:00:01.0: Activating ISA DMA hang workarounds
[    0.350816] pci 0000:00:02.0: Video device with shadowed ROM at [mem 0x000c0000-0x000dffff]
[    0.350880] PCI: CLS 0 bytes, default 64
[    0.350926] Trying to unpack rootfs image as initramfs...
[    0.527215] Freeing initrd memory: 47868K
[    0.527215] clocksource: tsc: mask: 0xffffffffffffffff max_cycles: 0x1e4530a99b6, max_idle_ns: 440795257976 ns
[    0.527215] clocksource: Switched to clocksource tsc
[    0.527215] platform rtc_cmos: registered platform RTC device (no PNP device found)
[    0.527215] check: Scanning for low memory corruption every 60 seconds
[    0.527215] Initialise system trusted keyrings
[    0.527215] Key type blacklist registered
[    0.527215] workingset: timestamp_bits=36 max_order=19 bucket_order=0
[    0.527215] zbud: loaded
[    0.527215] squashfs: version 4.0 (2009/01/31) Phillip Lougher
[    0.527215] fuse: init (API version 7.31)
[    0.527215] *** VALIDATE fuse ***
[    0.527215] *** VALIDATE fuse ***
[    0.527215] Platform Keyring initialized
[    0.533536] Key type asymmetric registered
[    0.533537] Asymmetric key parser 'x509' registered
[    0.533547] Block layer SCSI generic (bsg) driver version 0.4 loaded (major 244)
[    0.533587] io scheduler mq-deadline registered
[    0.533711] shpchp: Standard Hot Plug PCI Controller Driver version: 0.4
[    0.533919] ACPI: AC Adapter [AC] (on-line)
[    0.533964] input: Power Button as /devices/LNXSYSTM:00/LNXPWRBN:00/input/input0
[    0.534000] ACPI: Power Button [PWRF]
[    0.534079] input: Sleep Button as /devices/LNXSYSTM:00/LNXSLPBN:00/input/input1
[    0.534092] ACPI: Sleep Button [SLPF]
[    0.534313] Serial: 8250/16550 driver, 32 ports, IRQ sharing enabled
[    0.535475] Linux agpgart interface v0.103
[    0.631138] loop: module loaded
[    0.631278] ata_piix 0000:00:01.1: version 2.13
[    0.631671] scsi host0: ata_piix
[    0.631755] scsi host1: ata_piix
[    0.631780] ata1: PATA max UDMA/33 cmd 0x1f0 ctl 0x3f6 bmdma 0xd000 irq 14
[    0.631781] ata2: PATA max UDMA/33 cmd 0x170 ctl 0x376 bmdma 0xd008 irq 15
[    0.631857] tun: Universal TUN/TAP device driver, 1.6
[    0.632157] PPP generic driver version 2.4.2
[    0.632202] VFIO - User Level meta-driver version: 0.3
[    0.632437] ehci_hcd: USB 2.0 'Enhanced' Host Controller (EHCI) Driver
[    0.632439] ehci-pci: EHCI PCI platform driver
[    0.632453] ehci-platform: EHCI generic platform driver
[    0.632458] ohci_hcd: USB 1.1 'Open' Host Controller (OHCI) Driver
[    0.632460] ohci-pci: OHCI PCI platform driver
[    0.632465] ohci-platform: OHCI generic platform driver
[    0.632470] uhci_hcd: USB Universal Host Controller Interface driver
[    0.632532] i8042: PNP: PS/2 Controller [PNP0303:PS2K,PNP0f03:PS2M] at 0x60,0x64 irq 1,12
[    0.632963] serio: i8042 KBD port at 0x60,0x64 irq 1
[    0.632967] serio: i8042 AUX port at 0x60,0x64 irq 12
[    0.633050] mousedev: PS/2 mouse device common for all mice
[    0.633300] input: AT Translated Set 2 keyboard as /devices/platform/i8042/serio0/input/input2
[    0.633691] rtc_cmos rtc_cmos: registered as rtc0
[    0.633703] rtc_cmos rtc_cmos: alarms up to one day, 114 bytes nvram
[    0.633708] i2c /dev entries driver
[    0.633753] device-mapper: uevent: version 1.0.3
[    0.633792] device-mapper: ioctl: 4.41.0-ioctl (2019-09-16) initialised: dm-devel@redhat.com
[    0.633812] platform eisa.0: Probing EISA bus 0
[    0.633813] platform eisa.0: EISA: Cannot allocate resource for mainboard
[    0.633814] platform eisa.0: Cannot allocate resource for EISA slot 1
[    0.633815] platform eisa.0: Cannot allocate resource for EISA slot 2
[    0.633816] platform eisa.0: Cannot allocate resource for EISA slot 3
[    0.633817] platform eisa.0: Cannot allocate resource for EISA slot 4
[    0.633818] platform eisa.0: Cannot allocate resource for EISA slot 5
[    0.633819] platform eisa.0: Cannot allocate resource for EISA slot 6
[    0.633820] platform eisa.0: Cannot allocate resource for EISA slot 7
[    0.633821] platform eisa.0: Cannot allocate resource for EISA slot 8
[    0.633822] platform eisa.0: EISA: Detected 0 cards
[    0.633824] intel_pstate: CPU model not supported
[    0.633835] ledtrig-cpu: registered to indicate activity on CPUs
[    0.633883] drop_monitor: Initializing network drop monitor service
[    0.634048] NET: Registered protocol family 10
[    0.639088] Segment Routing with IPv6
[    0.639118] fullmesh registered
[    0.639119] ndiffports registered
[    0.639121] binder registered
[    0.639122] roundrobin registered
[    0.639122] mps registered
[    0.639123] redundant registered
[    0.639123] blest registered
[    0.639124] ecf registered
[    0.639126] NET: Registered protocol family 17
[    0.639155] Key type dns_resolver registered
[    0.639256] RAS: Correctable Errors collector initialized.
[    0.639266] IPI shorthand broadcast: enabled
[    0.639266] sched_clock: Marking stable (624155662, 11110509)->(635868509, -602338)
[    0.639327] registered taskstats version 1
[    0.639336] Loading compiled-in X.509 certificates
[    0.639919] Loaded X.509 cert 'Build time autogenerated kernel key: 6909f3744cebb3d0de528d5887b96a727de79b1e'
[    0.639936] zswap: loaded using pool lzo/zbud
[    0.639986] Key type ._fscrypt registered
[    0.639987] Key type .fscrypt registered
[    0.644380] Key type big_key registered
[    0.646572] Key type encrypted registered
[    0.646574] AppArmor: AppArmor sha1 policy hashing enabled
[    0.646581] ima: No TPM chip found, activating TPM-bypass!
[    0.646585] ima: Allocated hash algorithm: sha1
[    0.646592] ima: No architecture policies found
[    0.646600] evm: Initialising EVM extended attributes:
[    0.646601] evm: security.selinux
[    0.646601] evm: security.SMACK64
[    0.646602] evm: security.SMACK64EXEC
[    0.646602] evm: security.SMACK64TRANSMUTE
[    0.646602] evm: security.SMACK64MMAP
[    0.646603] evm: security.apparmor
[    0.646604] evm: security.ima
[    0.646604] evm: security.capability
[    0.646605] evm: HMAC attrs: 0x1
[    0.646898] PM:   Magic number: 10:335:428
[    0.647020] rtc_cmos rtc_cmos: setting system clock to 2026-01-11T11:25:11 UTC (1768130711)
[    0.804141] ata1.00: ATA-6: VBOX HARDDISK, 1.0, max UDMA/133
[    0.804144] ata1.00: 209715200 sectors, multi 128: LBA 
[    0.804771] scsi 0:0:0:0: Direct-Access     ATA      VBOX HARDDISK    1.0  PQ: 0 ANSI: 5
[    0.805036] sd 0:0:0:0: [sda] 209715200 512-byte logical blocks: (107 GB/100 GiB)
[    0.805048] sd 0:0:0:0: [sda] Write Protect is off
[    0.805051] sd 0:0:0:0: [sda] Mode Sense: 00 3a 00 00
[    0.805070] sd 0:0:0:0: [sda] Write cache: enabled, read cache: enabled, doesn't support DPO or FUA
[    0.805285] sd 0:0:0:0: Attached scsi generic sg0 type 0
[    0.806398]  sda: sda1 sda2
[    0.815552] sd 0:0:0:0: [sda] Attached SCSI disk
[    0.820813] Freeing unused decrypted memory: 2040K
[    0.822189] Freeing unused kernel image memory: 2728K
[    0.822193] Write protecting the kernel read-only data: 22528k
[    0.823689] Freeing unused kernel image memory: 2036K
[    0.824483] Freeing unused kernel image memory: 1428K
[    0.861079] x86/mm: Checked W+X mappings: passed, no W+X pages found.
[    0.861084] Run /init as init process
[    0.971949] ACPI: Video Device [GFX0] (multi-head: yes  rom: no  post: no)
[    0.972022] input: Video Bus as /devices/LNXSYSTM:00/LNXSYBUS:00/PNP0A03:00/LNXVIDEO:00/input/input4
[    0.983720] pcnet32: pcnet32.c:v1.35 21.Apr.2008 tsbogend@alpha.franken.de
[    0.985321] piix4_smbus 0000:00:07.0: SMBus Host Controller at 0x4100, revision 0
[    0.989054] e1000: Intel(R) PRO/1000 Network Driver - version 7.3.21-k8-NAPI
[    0.989055] e1000: Copyright (c) 1999-2006 Intel Corporation.
[    0.996499] pcnet32: PCnet/FAST III 79C973 at 0xd020, 08:00:27:80:48:7e assigned IRQ 19
[    0.996543] pcnet32: Found PHY 0022:561b at address 0
[    0.996844] pcnet32: eth0: registered as PCnet/FAST III 79C973
[    1.006320] pcnet32: PCnet/FAST III 79C973 at 0xd060, 08:00:27:b7:eb:c0 assigned IRQ 16
[    1.006372] pcnet32: Found PHY 0022:561b at address 0
[    1.006715] pcnet32: eth1: registered as PCnet/FAST III 79C973
[    1.006742] pcnet32: 2 cards_found
[    1.061679] pcnet32 0000:00:03.0 enp0s3: renamed from eth0
[    1.063095] pcnet32 0000:00:08.0 enp0s8: renamed from eth1
[    1.205655] input: ImExPS/2 Generic Explorer Mouse as /devices/platform/i8042/serio1/input/input5
[    1.403410] e1000 0000:00:09.0 eth0: (PCI:33MHz:32-bit) 08:00:27:48:a1:4f
[    1.403414] e1000 0000:00:09.0 eth0: Intel(R) PRO/1000 Network Connection
[    1.404569] e1000 0000:00:09.0 enp0s9: renamed from eth0
[    1.563796] EXT4-fs (sda2): mounted filesystem with ordered data mode. Opts: (null)
[    1.662816] systemd[1]: Inserted module 'autofs4'
[    1.680346] systemd[1]: systemd 245.4-4ubuntu3 running in system mode. (+PAM +AUDIT +SELINUX +IMA +APPARMOR +SMACK +SYSVINIT +UTMP +LIBCRYPTSETUP +GCRYPT +GNUTLS +ACL +XZ +LZ4 +SECCOMP +BLKID +ELFUTILS +KMOD +IDN2 -IDN +PCRE2 default-hierarchy=hybrid)
[    1.680374] systemd[1]: Detected virtualization oracle.
[    1.680378] systemd[1]: Detected architecture x86-64.
[    1.681710] systemd[1]: Set hostname to <ztg>.
[    1.810444] systemd[1]: /lib/systemd/system/dbus.socket:5: ListenStream= references a path below legacy directory /var/run/, updating /var/run/dbus/system_bus_socket â†’ /run/dbus/system_bus_socket; please update the unit file accordingly.
[    1.867797] systemd[1]: Created slice system-modprobe.slice.
[    1.867985] systemd[1]: Created slice User and Session Slice.
[    1.868027] systemd[1]: Started Forward Password Requests to Wall Directory Watch.
[    1.868191] systemd[1]: Set up automount Arbitrary Executable File Formats File System Automount Point.
[    1.868223] systemd[1]: Reached target User and Group Name Lookups.
[    1.868231] systemd[1]: Reached target Remote File Systems.
[    1.868240] systemd[1]: Reached target Slices.
[    1.868811] systemd[1]: Listening on Syslog Socket.
[    1.868877] systemd[1]: Listening on fsck to fsckd communication Socket.
[    1.868917] systemd[1]: Listening on initctl Compatibility Named Pipe.
[    1.869052] systemd[1]: Listening on Journal Audit Socket.
[    1.869104] systemd[1]: Listening on Journal Socket (/dev/log).
[    1.869173] systemd[1]: Listening on Journal Socket.
[    1.869237] systemd[1]: Listening on udev Control Socket.
[    1.869275] systemd[1]: Listening on udev Kernel Socket.
[    1.870040] systemd[1]: Mounting Huge Pages File System...
[    1.870964] systemd[1]: Mounting POSIX Message Queue File System...
[    1.871862] systemd[1]: Mounting Kernel Debug File System...
[    1.872686] systemd[1]: Mounting Kernel Trace File System...
[    1.874641] systemd[1]: Starting Journal Service...
[    1.897618] systemd[1]: Starting Set the console keyboard layout...
[    1.905632] systemd[1]: Starting Create list of static device nodes for the current kernel...
[    1.907539] systemd[1]: Starting Load Kernel Module drm...
[    1.908556] systemd[1]: Condition check resulted in Set Up Additional Binary Formats being skipped.
[    1.908610] systemd[1]: Condition check resulted in File System Check on Root Device being skipped.
[    1.919534] systemd[1]: Starting Load Kernel Modules...
[    1.928329] systemd[1]: Starting Remount Root and Kernel File Systems...
[    1.936705] systemd[1]: Starting udev Coldplug all Devices...
[    1.947765] systemd[1]: Starting Uncomplicated firewall...
[    1.949000] systemd[1]: Mounted Huge Pages File System.
[    1.949086] systemd[1]: Mounted POSIX Message Queue File System.
[    1.949166] systemd[1]: Mounted Kernel Debug File System.
[    1.949241] systemd[1]: Mounted Kernel Trace File System.
[    1.955723] EXT4-fs (sda2): re-mounted. Opts: errors=remount-ro
[    1.991332] systemd[1]: Finished Create list of static device nodes for the current kernel.
[    1.992439] systemd[1]: modprobe@drm.service: Succeeded.
[    1.992839] systemd[1]: Finished Load Kernel Module drm.
[    1.999304] systemd[1]: Finished Remount Root and Kernel File Systems.
[    2.000207] systemd[1]: Finished Uncomplicated firewall.
[    2.016735] lp: driver loaded but no devices found
[    2.018164] systemd[1]: Condition check resulted in Rebuild Hardware Database being skipped.
[    2.018201] systemd[1]: Condition check resulted in Platform Persistent Storage Archival being skipped.
[    2.018899] systemd[1]: Starting Load/Save Random Seed...
[    2.025672] systemd[1]: Starting Create System Users...
[    2.030931] ppdev: user-space parallel port driver
[    2.043298] systemd[1]: Finished Load/Save Random Seed.
[    2.046651] systemd[1]: Finished Create System Users.
[    2.047543] systemd[1]: Starting Create Static Device Nodes in /dev...
[    2.089267] systemd[1]: Finished Create Static Device Nodes in /dev.
[    2.090072] systemd[1]: Starting udev Kernel Device Manager...
[    2.097484] systemd[1]: Finished udev Coldplug all Devices.
[    2.117576] [drm] DMA map mode: Caching DMA mappings.
[    2.117668] [drm] Capabilities:
[    2.117669] [drm]   Rect copy.
[    2.117669] [drm]   Cursor.
[    2.117669] [drm]   Cursor bypass.
[    2.117670] [drm]   Cursor bypass 2.
[    2.117670] [drm]   Alpha cursor.
[    2.117670] [drm]   Extended Fifo.
[    2.117671] [drm]   Pitchlock.
[    2.117671] [drm]   Irq mask.
[    2.117671] [drm]   GMR.
[    2.117672] [drm]   Traces.
[    2.117672] [drm]   GMR2.
[    2.117672] [drm]   Screen Object 2.
[    2.117673] [drm]   Command Buffers.
[    2.117673] [drm]   Command Buffers 2.
[    2.117673] [drm]   Guest Backed Resources.
[    2.117674] [drm] Max GMR ids is 8192
[    2.117675] [drm] Max number of GMR pages is 1048576
[    2.117675] [drm] Max dedicated hypervisor surface memory is 393216 kiB
[    2.117676] [drm] Maximum display memory size is 131072 kiB
[    2.117677] [drm] VRAM at 0xe0000000 size is 131072 kiB
[    2.117677] [drm] MMIO at 0xf0000000 size is 2048 kiB
[    2.118039] [TTM] Zone  kernel: Available graphics memory: 1011736 KiB
[    2.118039] [TTM] Initializing pool allocator
[    2.118045] [TTM] Initializing DMA pool allocator
[    2.118202] [drm] Supports vblank timestamp caching Rev 2 (21.10.2013).
[    2.118202] [drm] No driver support for vblank timestamp query.
[    2.118470] [drm] Screen Target Display device initialized
[    2.118650] [drm] width 720
[    2.118659] [drm] height 400
[    2.118663] [drm] bpp 32
[    2.119245] [drm] Fifo max 0x00200000 min 0x00001000 cap 0x00000355
[    2.121170] [drm] Using command buffers with DMA pool.
[    2.121175] [drm] DX: no.
[    2.121175] [drm] Atomic: yes.
[    2.121175] [drm] SM4_1: no.
[    2.121194] [drm:vmw_host_log [vmwgfx]] *ERROR* Failed to send host log message.
[    2.122107] [drm:vmw_host_log [vmwgfx]] *ERROR* Failed to send host log message.
[    2.158373] fbcon: svgadrmfb (fb0) is primary device
[    2.161467] Console: switching to colour frame buffer device 100x37
[    2.166289] systemd[1]: Finished Set the console keyboard layout.
[    2.166425] [drm] Initialized vmwgfx 2.15.0 20180704 for 0000:00:02.0 on minor 0
[    2.169654] systemd[1]: Finished Load Kernel Modules.
[    2.169753] systemd[1]: Reached target Local File Systems (Pre).
[    2.171884] systemd[1]: Mounting Mount unit for bare, revision 5...
[    2.175879] systemd[1]: Mounting Mount unit for core18, revision 1705...
[    2.195301] systemd[1]: Mounting Mount unit for core22, revision 2193...
[    2.204278] systemd[1]: Mounting Mount unit for gnome-3-34-1804, revision 24...
[    2.224986] systemd[1]: Mounting Mount unit for gnome-42-2204, revision 226...
[    2.227016] systemd[1]: Mounting Mount unit for gtk-common-themes, revision 1506...
[    2.231273] systemd[1]: Mounting Mount unit for gtk-common-themes, revision 1535...
[    2.233044] systemd[1]: Mounting Mount unit for snap-store, revision 1216...
[    2.256119] systemd[1]: Mounting Mount unit for snap-store, revision 433...
[    2.265434] systemd[1]: Mounting Mount unit for snapd, revision 25577...
[    2.269595] systemd[1]: Mounting FUSE Control File System...
[    2.279438] systemd[1]: Mounting Kernel Configuration File System...
[    2.282131] systemd[1]: Starting Apply Kernel Variables...
[    2.303405] systemd[1]: Mounted FUSE Control File System.
[    2.303497] systemd[1]: Mounted Kernel Configuration File System.
[    2.303545] systemd[1]: Condition check resulted in VMware vmblock fuse mount being skipped.
[    2.319024] systemd[1]: Started udev Kernel Device Manager.
[    2.319135] systemd[1]: Mounted Mount unit for core18, revision 1705.
[    2.335024] systemd[1]: Mounted Mount unit for core22, revision 2193.
[    2.335383] systemd[1]: Finished Apply Kernel Variables.
[    2.338088] systemd[1]: Starting Show Plymouth Boot Screen...
[    2.342449] systemd[1]: Received SIGRTMIN+20 from PID 285 (plymouthd).
[    2.346611] systemd[1]: Mounted Mount unit for bare, revision 5.
[    2.349792] systemd[1]: Mounted Mount unit for gnome-3-34-1804, revision 24.
[    2.349999] systemd[1]: Mounted Mount unit for gnome-42-2204, revision 226.
[    2.356710] systemd[1]: Mounted Mount unit for gtk-common-themes, revision 1506.
[    2.371200] systemd[1]: Started Show Plymouth Boot Screen.
[    2.371329] systemd[1]: Condition check resulted in Dispatch Password Requests to Console Directory Watch being skipped.
[    2.371404] systemd[1]: Started Forward Password Requests to Plymouth Directory Watch.
[    2.371433] systemd[1]: Reached target Local Encrypted Volumes.
[    2.387104] systemd[1]: Mounted Mount unit for snap-store, revision 1216.
[    2.437380] systemd[1]: Mounted Mount unit for gtk-common-themes, revision 1535.
[    2.437534] systemd[1]: Mounted Mount unit for snap-store, revision 433.
[    2.471076] systemd[1]: Mounted Mount unit for snapd, revision 25577.
[    2.471295] systemd[1]: Reached target Local File Systems.
[    2.472167] systemd[1]: Starting Load AppArmor profiles...
[    2.475056] systemd[1]: Starting Set console font and keymap...
[    2.484013] systemd[1]: Starting Tell Plymouth To Write Out Runtime Data...
[    2.487608] systemd[1]: Condition check resulted in Store a System Token in an EFI Variable being skipped.
[    2.487651] systemd[1]: Condition check resulted in Commit a transient machine-id on disk being skipped.
[    2.492082] systemd[1]: Finished Set console font and keymap.
[    2.502627] systemd[1]: Received SIGRTMIN+20 from PID 285 (plymouthd).
[    2.503649] systemd[1]: plymouth-read-write.service: Succeeded.
[    2.503883] systemd[1]: Finished Tell Plymouth To Write Out Runtime Data.
[    2.532353] audit: type=1400 audit(1768130713.384:2): apparmor="STATUS" operation="profile_load" profile="unconfined" name="nvidia_modprobe" pid=306 comm="apparmor_parser"
[    2.532355] audit: type=1400 audit(1768130713.384:3): apparmor="STATUS" operation="profile_load" profile="unconfined" name="nvidia_modprobe//kmod" pid=306 comm="apparmor_parser"
[    2.539729] audit: type=1400 audit(1768130713.392:4): apparmor="STATUS" operation="profile_load" profile="unconfined" name="/usr/sbin/tcpdump" pid=307 comm="apparmor_parser"
[    2.581869] audit: type=1400 audit(1768130713.428:5): apparmor="STATUS" operation="profile_load" profile="unconfined" name="/usr/bin/evince" pid=309 comm="apparmor_parser"
[    2.581871] audit: type=1400 audit(1768130713.428:6): apparmor="STATUS" operation="profile_load" profile="unconfined" name="/usr/bin/evince//sanitized_helper" pid=309 comm="apparmor_parser"
[    2.581873] audit: type=1400 audit(1768130713.428:7): apparmor="STATUS" operation="profile_load" profile="unconfined" name="/usr/bin/evince-previewer" pid=309 comm="apparmor_parser"
[    2.581874] audit: type=1400 audit(1768130713.428:8): apparmor="STATUS" operation="profile_load" profile="unconfined" name="/usr/bin/evince-previewer//sanitized_helper" pid=309 comm="apparmor_parser"
[    2.581876] audit: type=1400 audit(1768130713.428:9): apparmor="STATUS" operation="profile_load" profile="unconfined" name="/usr/bin/evince-thumbnailer" pid=309 comm="apparmor_parser"
[    2.597308] audit: type=1400 audit(1768130713.448:10): apparmor="STATUS" operation="profile_load" profile="unconfined" name="/usr/lib/cups/backend/cups-pdf" pid=310 comm="apparmor_parser"
[    2.676377] systemd[1]: Finished Load AppArmor profiles.
[    2.677280] systemd[1]: Starting Load AppArmor profiles managed internally by snapd...
[    2.811537] systemd[1]: Finished Load AppArmor profiles managed internally by snapd.
[    2.888270] systemd[1]: Started Journal Service.
[    2.896377] systemd-journald[229]: Received client request to flush runtime journal.
[    2.899349] systemd-journald[229]: File /var/log/journal/c455b248004a419c87ce85eea238d727/system.journal corrupted or uncleanly shut down, renaming and replacing.
[    4.124372] RAPL PMU: API unit is 2^-32 Joules, 0 fixed counters, 10737418240 ms ovfl timer
[    4.148917] cryptd: max_cpu_qlen set to 1000
[    4.187838] AVX2 version of gcm_enc/dec engaged.
[    4.187839] AES CTR mode by8 optimization enabled
[    6.313781] Adding 1998844k swap on /dev/sda1.  Priority:-2 extents:1 across:1998844k FS
[    6.955226] AAAAA: Error looking up destination IP: 369098976 - net/ipv4/ip_output.c: 285: dac_mps_nexthops
[    7.128626] AAAAA: Error looking up destination IP: 4211081440 - net/ipv4/ip_output.c: 285: dac_mps_nexthops
[    7.378980] AAAAA: Error looking up destination IP: 4211081440 - net/ipv4/ip_output.c: 285: dac_mps_nexthops
[    7.615646] AAAAA: Error looking up destination IP: 369098976 - net/ipv4/ip_output.c: 285: dac_mps_nexthops
[    7.637540] AAAAA: Error looking up destination IP: 4211081440 - net/ipv4/ip_output.c: 285: dac_mps_nexthops
[    7.842746] AAAAA: Error looking up destination IP: 4211081440 - net/ipv4/ip_output.c: 285: dac_mps_nexthops
[    8.141952] kauditd_printk_skb: 31 callbacks suppressed
[    8.141962] audit: type=1400 audit(1768130718.984:42): apparmor="DENIED" operation="capable" profile="/usr/sbin/cups-browsed" pid=574 comm="cups-browsed" capability=23  capname="sys_nice"
[    8.242092] AAAAA: Error looking up destination IP: 4211081440 - net/ipv4/ip_output.c: 285: dac_mps_nexthops
[    8.854893] pcnet32 0000:00:03.0 enp0s3: link up, 100Mbps, full-duplex
[    8.869071] pcnet32 0000:00:08.0 enp0s8: link up, 100Mbps, full-duplex
[    8.907075] e1000: enp0s9 NIC Link is Up 1000 Mbps Full Duplex, Flow Control: RX
[    8.907388] IPv6: ADDRCONF(NETDEV_CHANGE): enp0s9: link becomes ready
[    8.976286] AAAAA: Error looking up destination IP: 4211081440 - net/ipv4/ip_output.c: 285: dac_mps_nexthops
[    9.452257] device enp0s8 entered promiscuous mode
[    9.477259] device enp0s3 entered promiscuous mode
[    9.496394] audit: type=1400 audit(1768130720.340:43): apparmor="DENIED" operation="open" profile="/usr/sbin/tcpdump" name="/proc/sys/kernel/random/boot_id" pid=729 comm="tcpdump" requested_mask="r" denied_mask="r" fsuid=0 ouid=0
[    9.504855] audit: type=1400 audit(1768130720.356:44): apparmor="DENIED" operation="open" profile="/usr/sbin/tcpdump" name="/proc/sys/kernel/random/boot_id" pid=729 comm="tcpdump" requested_mask="r" denied_mask="r" fsuid=0 ouid=0
[    9.504898] audit: type=1400 audit(1768130720.356:45): apparmor="DENIED" operation="open" profile="/usr/sbin/tcpdump" name="/proc/sys/kernel/random/boot_id" pid=729 comm="tcpdump" requested_mask="r" denied_mask="r" fsuid=0 ouid=0
[    9.504993] audit: type=1400 audit(1768130720.356:46): apparmor="DENIED" operation="open" profile="/usr/sbin/tcpdump" name="/proc/sys/kernel/random/boot_id" pid=728 comm="tcpdump" requested_mask="r" denied_mask="r" fsuid=0 ouid=0
[    9.506869] audit: type=1400 audit(1768130720.356:47): apparmor="DENIED" operation="open" profile="/usr/sbin/tcpdump" name="/proc/sys/kernel/random/boot_id" pid=729 comm="tcpdump" requested_mask="r" denied_mask="r" fsuid=0 ouid=0
[    9.507416] audit: type=1400 audit(1768130720.356:48): apparmor="DENIED" operation="open" profile="/usr/sbin/tcpdump" name="/proc/sys/kernel/random/boot_id" pid=728 comm="tcpdump" requested_mask="r" denied_mask="r" fsuid=0 ouid=0
[    9.507456] audit: type=1400 audit(1768130720.356:49): apparmor="DENIED" operation="open" profile="/usr/sbin/tcpdump" name="/proc/sys/kernel/random/boot_id" pid=728 comm="tcpdump" requested_mask="r" denied_mask="r" fsuid=0 ouid=0
[    9.508403] audit: type=1400 audit(1768130720.360:50): apparmor="DENIED" operation="open" profile="/usr/sbin/tcpdump" name="/proc/sys/kernel/random/boot_id" pid=728 comm="tcpdump" requested_mask="r" denied_mask="r" fsuid=0 ouid=0
[    9.526654] audit: type=1400 audit(1768130720.376:51): apparmor="DENIED" operation="open" profile="/usr/sbin/tcpdump" name="/proc/sys/kernel/random/boot_id" pid=730 comm="tcpdump" requested_mask="r" denied_mask="r" fsuid=0 ouid=0
[   15.443014] rfkill: input handler disabled
[  239.815916] AAAAA-TCP_FORW: name:enp0s8: saddr:100932208: daddr:16783984
[  239.817873] AAAAA-TCP_FORW: name:enp0s3: saddr:16783984: daddr:100932208
[  240.368072] AAAAA-TCP_FORW: name:enp0s8: saddr:100932208: daddr:16783984
[  240.369299] AAAAA-TCP_FORW: name:enp0s3: saddr:16783984: daddr:100932208
[  240.666746] AAAAA-TCP_FORW: name:enp0s8: saddr:100932208: daddr:16783984
[  240.667665] AAAAA-TCP_FORW: name:enp0s3: saddr:16783984: daddr:100932208
[  240.667930] AAAAA-TCP_FORW: name:enp0s3: saddr:16783984: daddr:100932208
[  241.665698] AAAAA-TCP_FORW: name:enp0s8: saddr:100932208: daddr:16783984
[  241.773419] AAAAA-TCP_FORW: name:enp0s8: saddr:100932208: daddr:16783984
[  241.787625] AAAAA-TCP_FORW: name:enp0s8: saddr:100932208: daddr:16783984
[  241.788491] AAAAA-TCP_FORW: name:enp0s3: saddr:16783984: daddr:100932208
[  241.996441] AAAAA-TCP_FORW: name:enp0s8: saddr:100932208: daddr:16783984
[  241.997380] AAAAA-TCP_FORW: name:enp0s3: saddr:16783984: daddr:100932208
[  241.997738] AAAAA-TCP_FORW: name:enp0s3: saddr:16783984: daddr:100932208
[  242.107061] AAAAA-TCP_FORW: name:enp0s8: saddr:100932208: daddr:16783984
[  242.168226] AAAAA-TCP_FORW: name:enp0s8: saddr:100932208: daddr:16783984
[  242.168924] AAAAA-TCP_FORW: name:enp0s3: saddr:16783984: daddr:100932208
[  242.294261] AAAAA-TCP_FORW: name:enp0s8: saddr:100932208: daddr:16783984
[  242.294979] AAAAA-TCP_FORW: name:enp0s3: saddr:16783984: daddr:100932208
[  242.384413] AAAAA-TCP_FORW: name:enp0s8: saddr:100932208: daddr:16783984
[  242.385408] AAAAA-TCP_FORW: name:enp0s3: saddr:16783984: daddr:100932208
[  242.387023] AAAAA-TCP_FORW: name:enp0s3: saddr:16783984: daddr:100932208
[  242.499282] AAAAA-TCP_FORW: name:enp0s8: saddr:100932208: daddr:33561200
[  242.500019] AAAAA-TCP_FORW: name:enp0s3: saddr:33561200: daddr:100932208
[  242.728900] AAAAA-TCP_FORW: name:enp0s8: saddr:100932208: daddr:16783984
[  242.729654] AAAAA-TCP_FORW: name:enp0s3: saddr:16783984: daddr:100932208
[  242.867837] AAAAA-TCP_FORW: name:enp0s8: saddr:100932208: daddr:33561200
[  242.868553] AAAAA-TCP_FORW: name:enp0s3: saddr:33561200: daddr:100932208
[  243.125376] AAAAA-TCP_FORW: name:enp0s8: saddr:100932208: daddr:16783984
[  243.240385] AAAAA-TCP_FORW: name:enp0s8: saddr:100932208: daddr:16783984
[  243.241112] AAAAA-TCP_FORW: name:enp0s3: saddr:16783984: daddr:100932208
[  243.346519] AAAAA-TCP_FORW: name:enp0s8: saddr:100932208: daddr:16783984
[  243.347239] AAAAA-TCP_FORW: name:enp0s3: saddr:16783984: daddr:100932208
[  243.412951] AAAAA-TCP_FORW: name:enp0s8: saddr:100932208: daddr:16783984
[  243.413730] AAAAA-TCP_FORW: name:enp0s3: saddr:16783984: daddr:100932208
[  243.510205] AAAAA-TCP_FORW: name:enp0s8: saddr:100932208: daddr:16783984
[  243.511507] AAAAA-TCP_FORW: name:enp0s3: saddr:16783984: daddr:100932208
[  243.617920] AAAAA-TCP_FORW: name:enp0s8: saddr:100932208: daddr:16783984
[  243.618646] AAAAA-TCP_FORW: name:enp0s3: saddr:16783984: daddr:100932208
[  243.657022] AAAAA-TCP_FORW: name:enp0s8: saddr:100932208: daddr:16783984
[  243.657744] AAAAA-TCP_FORW: name:enp0s3: saddr:16783984: daddr:100932208
[  243.727908] AAAAA-TCP_FORW: name:enp0s8: saddr:100932208: daddr:16783984
[  243.728620] AAAAA-TCP_FORW: name:enp0s3: saddr:16783984: daddr:100932208
[  243.834157] AAAAA-TCP_FORW: name:enp0s8: saddr:100932208: daddr:16783984
[  243.834880] AAAAA-TCP_FORW: name:enp0s3: saddr:16783984: daddr:100932208
[  243.915057] AAAAA-TCP_FORW: name:enp0s8: saddr:100932208: daddr:16783984
[  243.915763] AAAAA-TCP_FORW: name:enp0s3: saddr:16783984: daddr:100932208
[  244.081605] AAAAA-TCP_FORW: name:enp0s8: saddr:100932208: daddr:16783984
[  244.082318] AAAAA-TCP_FORW: name:enp0s3: saddr:16783984: daddr:100932208
[  244.195871] AAAAA-TCP_FORW: name:enp0s8: saddr:100932208: daddr:33561200
[  244.196426] AAAAA-TCP_FORW: name:enp0s3: saddr:33561200: daddr:100932208
[  244.242798] AAAAA-TCP_FORW: name:enp0s8: saddr:100932208: daddr:33561200
[  244.243358] AAAAA-TCP_FORW: name:enp0s3: saddr:33561200: daddr:100932208
[  244.345954] AAAAA-TCP_FORW: name:enp0s8: saddr:100932208: daddr:33561200
[  244.347001] AAAAA-TCP_FORW: name:enp0s3: saddr:33561200: daddr:100932208
[  244.509250] AAAAA-TCP_FORW: name:enp0s8: saddr:100932208: daddr:33561200
[  244.509966] AAAAA-TCP_FORW: name:enp0s3: saddr:33561200: daddr:100932208
[  244.576820] AAAAA-TCP_FORW: name:enp0s8: saddr:100932208: daddr:33561200
[  244.577569] AAAAA-TCP_FORW: name:enp0s3: saddr:33561200: daddr:100932208
[  244.750244] AAAAA-TCP_FORW: name:enp0s8: saddr:100932208: daddr:33561200
[  244.751337] AAAAA-TCP_FORW: name:enp0s3: saddr:33561200: daddr:100932208
[  244.871579] AAAAA-TCP_FORW: name:enp0s8: saddr:100932208: daddr:33561200
[  244.872177] AAAAA-TCP_FORW: name:enp0s3: saddr:33561200: daddr:100932208
[  245.043130] AAAAA-TCP_FORW: name:enp0s8: saddr:100932208: daddr:33561200
[  245.043835] AAAAA-TCP_FORW: name:enp0s3: saddr:33561200: daddr:100932208
[  245.175495] AAAAA-TCP_FORW: name:enp0s8: saddr:100932208: daddr:33561200
[  245.176592] AAAAA-TCP_FORW: name:enp0s3: saddr:33561200: daddr:100932208
[  245.240350] AAAAA-TCP_FORW: name:enp0s8: saddr:100932208: daddr:33561200
[  245.241413] AAAAA-TCP_FORW: name:enp0s3: saddr:33561200: daddr:100932208
[  245.336477] AAAAA-TCP_FORW: name:enp0s8: saddr:100932208: daddr:16783984
[  245.517837] AAAAA-TCP_FORW: name:enp0s8: saddr:100932208: daddr:16783984
[  245.689622] AAAAA-TCP_FORW: name:enp0s8: saddr:100932208: daddr:16783984
[  245.917830] AAAAA-TCP_FORW: name:enp0s8: saddr:100932208: daddr:16783984
[  245.919261] AAAAA-TCP_FORW: name:enp0s3: saddr:16783984: daddr:100932208
[  246.089816] AAAAA-TCP_FORW: name:enp0s8: saddr:100932208: daddr:16783984
[  246.090606] AAAAA-TCP_FORW: name:enp0s3: saddr:16783984: daddr:100932208
[  246.382292] AAAAA-TCP_FORW: name:enp0s8: saddr:100932208: daddr:16783984
[  246.383111] AAAAA-TCP_FORW: name:enp0s3: saddr:16783984: daddr:100932208
[  246.445734] AAAAA-TCP_FORW: name:enp0s8: saddr:100932208: daddr:16783984
[  246.446523] AAAAA-TCP_FORW: name:enp0s3: saddr:16783984: daddr:100932208
[  246.506085] AAAAA-TCP_FORW: name:enp0s8: saddr:100932208: daddr:16783984
[  246.506878] AAAAA-TCP_FORW: name:enp0s3: saddr:16783984: daddr:100932208
[  246.617283] AAAAA-TCP_FORW: name:enp0s8: saddr:100932208: daddr:16783984
[  246.618224] AAAAA-TCP_FORW: name:enp0s3: saddr:16783984: daddr:100932208
[  246.754918] AAAAA-TCP_FORW: name:enp0s8: saddr:100932208: daddr:16783984
[  246.755671] AAAAA-TCP_FORW: name:enp0s3: saddr:16783984: daddr:100932208
[  246.843364] AAAAA-TCP_FORW: name:enp0s8: saddr:100932208: daddr:16783984
[  246.844120] AAAAA-TCP_FORW: name:enp0s3: saddr:16783984: daddr:100932208
[  246.923817] AAAAA-TCP_FORW: name:enp0s8: saddr:100932208: daddr:16783984
[  246.924580] AAAAA-TCP_FORW: name:enp0s3: saddr:16783984: daddr:100932208
[  247.003746] AAAAA-TCP_FORW: name:enp0s8: saddr:100932208: daddr:16783984
[  247.004500] AAAAA-TCP_FORW: name:enp0s3: saddr:16783984: daddr:100932208
[  247.079157] AAAAA-TCP_FORW: name:enp0s8: saddr:100932208: daddr:33561200
[  247.080315] AAAAA-TCP_FORW: name:enp0s3: saddr:33561200: daddr:100932208
[  247.160058] AAAAA-TCP_FORW: name:enp0s8: saddr:100932208: daddr:16783984
[  247.160824] AAAAA-TCP_FORW: name:enp0s3: saddr:16783984: daddr:100932208
[  247.274237] AAAAA-TCP_FORW: name:enp0s8: saddr:100932208: daddr:16783984
[  247.275025] AAAAA-TCP_FORW: name:enp0s3: saddr:16783984: daddr:100932208
[  247.480585] AAAAA-TCP_FORW: name:enp0s8: saddr:100932208: daddr:16783984
[  247.481398] AAAAA-TCP_FORW: name:enp0s3: saddr:16783984: daddr:100932208
[  247.595250] AAAAA-TCP_FORW: name:enp0s8: saddr:100932208: daddr:16783984
[  247.596019] AAAAA-TCP_FORW: name:enp0s3: saddr:16783984: daddr:100932208
[  247.765722] AAAAA-TCP_FORW: name:enp0s8: saddr:100932208: daddr:16783984
[  247.810161] AAAAA-TCP_FORW: name:enp0s3: saddr:16783984: daddr:100932208
[  248.065428] AAAAA-TCP_FORW: name:enp0s8: saddr:100932208: daddr:16783984
[  248.146295] AAAAA-TCP_FORW: name:enp0s3: saddr:16783984: daddr:100932208
[  248.339851] AAAAA-TCP_FORW: name:enp0s8: saddr:100932208: daddr:16783984
[  248.390131] AAAAA-TCP_FORW: name:enp0s8: saddr:100932208: daddr:16783984
[  248.390836] AAAAA-TCP_FORW: name:enp0s3: saddr:16783984: daddr:100932208
[  248.464798] AAAAA-TCP_FORW: name:enp0s8: saddr:100932208: daddr:33561200
[  248.465509] AAAAA-TCP_FORW: name:enp0s3: saddr:33561200: daddr:100932208
[  248.549809] AAAAA-TCP_FORW: name:enp0s8: saddr:100932208: daddr:33561200
[  248.550516] AAAAA-TCP_FORW: name:enp0s3: saddr:33561200: daddr:100932208
[  248.654403] AAAAA-TCP_FORW: name:enp0s8: saddr:100932208: daddr:33561200
[  248.655635] AAAAA-TCP_FORW: name:enp0s3: saddr:33561200: daddr:100932208
[  248.756224] AAAAA-TCP_FORW: name:enp0s8: saddr:100932208: daddr:33561200
[  248.757358] AAAAA-TCP_FORW: name:enp0s3: saddr:33561200: daddr:100932208
[  248.844703] AAAAA-TCP_FORW: name:enp0s8: saddr:100932208: daddr:33561200
[  248.845538] AAAAA-TCP_FORW: name:enp0s3: saddr:33561200: daddr:100932208
[  248.946895] AAAAA-TCP_FORW: name:enp0s8: saddr:100932208: daddr:33561200
[  248.948001] AAAAA-TCP_FORW: name:enp0s3: saddr:33561200: daddr:100932208
[  249.123621] AAAAA-TCP_FORW: name:enp0s8: saddr:100932208: daddr:33561200
[  249.124347] AAAAA-TCP_FORW: name:enp0s3: saddr:33561200: daddr:100932208
[  249.199448] AAAAA-TCP_FORW: name:enp0s8: saddr:100932208: daddr:33561200
[  249.200164] AAAAA-TCP_FORW: name:enp0s3: saddr:33561200: daddr:100932208
[  249.299192] AAAAA-TCP_FORW: name:enp0s8: saddr:100932208: daddr:33561200
[  249.300228] AAAAA-TCP_FORW: name:enp0s3: saddr:33561200: daddr:100932208
[  249.355017] AAAAA-TCP_FORW: name:enp0s8: saddr:100932208: daddr:33561200
[  249.355635] AAAAA-TCP_FORW: name:enp0s3: saddr:33561200: daddr:100932208
[  249.406981] AAAAA-TCP_FORW: name:enp0s8: saddr:100932208: daddr:33561200
[  249.407693] AAAAA-TCP_FORW: name:enp0s3: saddr:33561200: daddr:100932208
[  249.444473] AAAAA-TCP_FORW: name:enp0s8: saddr:100932208: daddr:33561200
[  249.445184] AAAAA-TCP_FORW: name:enp0s3: saddr:33561200: daddr:100932208
[  249.480256] AAAAA-TCP_FORW: name:enp0s8: saddr:100932208: daddr:33561200
[  249.480832] AAAAA-TCP_FORW: name:enp0s3: saddr:33561200: daddr:100932208
[  249.594943] AAAAA-TCP_FORW: name:enp0s8: saddr:100932208: daddr:33561200
[  249.595640] AAAAA-TCP_FORW: name:enp0s3: saddr:33561200: daddr:100932208
[  249.668614] AAAAA-TCP_FORW: name:enp0s8: saddr:100932208: daddr:33561200
[  249.669764] AAAAA-TCP_FORW: name:enp0s3: saddr:33561200: daddr:100932208
[  249.741775] AAAAA-TCP_FORW: name:enp0s8: saddr:100932208: daddr:33561200
[  249.742505] AAAAA-TCP_FORW: name:enp0s3: saddr:33561200: daddr:100932208
[  249.825452] AAAAA-TCP_FORW: name:enp0s8: saddr:100932208: daddr:33561200
[  249.866020] AAAAA-TCP_FORW: name:enp0s8: saddr:100932208: daddr:33561200
[  249.866273] AAAAA-TCP_FORW: name:enp0s3: saddr:33561200: daddr:100932208
[  249.914782] AAAAA-TCP_FORW: name:enp0s8: saddr:100932208: daddr:33561200
[  249.915910] AAAAA-TCP_FORW: name:enp0s3: saddr:33561200: daddr:100932208
[  250.019771] AAAAA-TCP_FORW: name:enp0s8: saddr:100932208: daddr:33561200
[  250.110226] AAAAA-TCP_FORW: name:enp0s3: saddr:33561200: daddr:100932208
[  250.206502] AAAAA-TCP_FORW: name:enp0s8: saddr:100932208: daddr:16783984
[  250.207238] AAAAA-TCP_FORW: name:enp0s3: saddr:16783984: daddr:100932208
[  250.404979] AAAAA-TCP_FORW: name:enp0s8: saddr:100932208: daddr:16783984
[  250.405691] AAAAA-TCP_FORW: name:enp0s3: saddr:16783984: daddr:100932208
[  250.459940] AAAAA-TCP_FORW: name:enp0s8: saddr:100932208: daddr:16783984
[  250.460659] AAAAA-TCP_FORW: name:enp0s3: saddr:16783984: daddr:100932208
[  250.517523] AAAAA-TCP_FORW: name:enp0s8: saddr:100932208: daddr:16783984
[  250.518237] AAAAA-TCP_FORW: name:enp0s3: saddr:16783984: daddr:100932208
[  250.648441] AAAAA-TCP_FORW: name:enp0s8: saddr:100932208: daddr:16783984
[  250.649722] AAAAA-TCP_FORW: name:enp0s3: saddr:16783984: daddr:100932208
[  250.719011] AAAAA-TCP_FORW: name:enp0s8: saddr:100932208: daddr:16783984
[  250.720102] AAAAA-TCP_FORW: name:enp0s3: saddr:16783984: daddr:100932208
[  250.791129] AAAAA-TCP_FORW: name:enp0s8: saddr:100932208: daddr:16783984
[  250.792349] AAAAA-TCP_FORW: name:enp0s3: saddr:16783984: daddr:100932208
[  250.854936] AAAAA-TCP_FORW: name:enp0s8: saddr:100932208: daddr:16783984
[  250.856723] AAAAA-TCP_FORW: name:enp0s3: saddr:16783984: daddr:100932208
[  250.885704] AAAAA-TCP_FORW: name:enp0s8: saddr:100932208: daddr:16783984
[  250.886897] AAAAA-TCP_FORW: name:enp0s3: saddr:16783984: daddr:100932208
[  250.971001] AAAAA-TCP_FORW: name:enp0s8: saddr:100932208: daddr:16783984
[  250.971713] AAAAA-TCP_FORW: name:enp0s3: saddr:16783984: daddr:100932208
[  251.019327] AAAAA-TCP_FORW: name:enp0s8: saddr:100932208: daddr:16783984
[  251.020044] AAAAA-TCP_FORW: name:enp0s3: saddr:16783984: daddr:100932208
[  251.124850] AAAAA-TCP_FORW: name:enp0s8: saddr:100932208: daddr:16783984
[  251.126246] AAAAA-TCP_FORW: name:enp0s3: saddr:16783984: daddr:100932208
[  251.206940] AAAAA-TCP_FORW: name:enp0s8: saddr:100932208: daddr:16783984
[  251.207672] AAAAA-TCP_FORW: name:enp0s3: saddr:16783984: daddr:100932208
[  251.282985] AAAAA-TCP_FORW: name:enp0s8: saddr:100932208: daddr:16783984
[  251.283838] AAAAA-TCP_FORW: name:enp0s3: saddr:16783984: daddr:100932208
[  251.338770] AAAAA-TCP_FORW: name:enp0s8: saddr:100932208: daddr:16783984
[  251.339535] AAAAA-TCP_FORW: name:enp0s3: saddr:16783984: daddr:100932208
[  251.458626] AAAAA-TCP_FORW: name:enp0s8: saddr:100932208: daddr:16783984
[  251.525528] AAAAA-TCP_FORW: name:enp0s8: saddr:100932208: daddr:16783984
[  251.526241] AAAAA-TCP_FORW: name:enp0s3: saddr:16783984: daddr:100932208
[  251.585780] AAAAA-TCP_FORW: name:enp0s8: saddr:100932208: daddr:16783984
[  251.586497] AAAAA-TCP_FORW: name:enp0s3: saddr:16783984: daddr:100932208
[  251.695358] AAAAA-TCP_FORW: name:enp0s8: saddr:100932208: daddr:16783984
[  251.696504] AAAAA-TCP_FORW: name:enp0s3: saddr:16783984: daddr:100932208
[  251.756821] AAAAA-TCP_FORW: name:enp0s8: saddr:100932208: daddr:16783984
[  251.757926] AAAAA-TCP_FORW: name:enp0s3: saddr:16783984: daddr:100932208
[  251.907438] AAAAA-TCP_FORW: name:enp0s8: saddr:100932208: daddr:16783984
[  251.908557] AAAAA-TCP_FORW: name:enp0s3: saddr:16783984: daddr:100932208
[  251.990521] AAAAA-TCP_FORW: name:enp0s8: saddr:100932208: daddr:16783984
[  251.992407] AAAAA-TCP_FORW: name:enp0s3: saddr:16783984: daddr:100932208
[  252.298015] AAAAA-TCP_FORW: name:enp0s8: saddr:100932208: daddr:16783984
[  252.299089] AAAAA-TCP_FORW: name:enp0s3: saddr:16783984: daddr:100932208
[  252.488429] AAAAA-TCP_FORW: name:enp0s8: saddr:100932208: daddr:16783984
[  252.489798] AAAAA-TCP_FORW: name:enp0s3: saddr:16783984: daddr:100932208
[  267.827195] AAAAA-TCP_FORW: name:enp0s8: saddr:100932208: daddr:16783984
[  267.828487] AAAAA-TCP_FORW: name:enp0s3: saddr:16783984: daddr:100932208
[  268.034664] AAAAA-TCP_FORW: name:enp0s8: saddr:100932208: daddr:16783984
[  268.035895] AAAAA-TCP_FORW: name:enp0s3: saddr:16783984: daddr:100932208
[  268.198721] AAAAA-TCP_FORW: name:enp0s8: saddr:100932208: daddr:16783984
[  268.199833] AAAAA-TCP_FORW: name:enp0s3: saddr:16783984: daddr:100932208
[  268.440048] AAAAA-TCP_FORW: name:enp0s8: saddr:100932208: daddr:16783984
[  268.441232] AAAAA-TCP_FORW: name:enp0s3: saddr:16783984: daddr:100932208
[  268.968081] AAAAA-TCP_FORW: name:enp0s8: saddr:100932208: daddr:16783984
[  268.969220] AAAAA-TCP_FORW: name:enp0s3: saddr:16783984: daddr:100932208
[  269.026547] AAAAA-TCP_FORW: name:enp0s8: saddr:100932208: daddr:16783984
[  269.027668] AAAAA-TCP_FORW: name:enp0s3: saddr:16783984: daddr:100932208
[  269.350783] AAAAA-TCP_FORW: name:enp0s8: saddr:100932208: daddr:16783984
[  269.351822] AAAAA-TCP_FORW: name:enp0s3: saddr:16783984: daddr:100932208
[  269.879818] AAAAA-TCP_FORW: name:enp0s8: saddr:100932208: daddr:16783984
[  269.880718] AAAAA-TCP_FORW: name:enp0s3: saddr:16783984: daddr:100932208
[  270.003588] AAAAA-TCP_FORW: name:enp0s8: saddr:100932208: daddr:16783984
[  270.005169] AAAAA-TCP_FORW: name:enp0s3: saddr:16783984: daddr:100932208
[  270.080642] AAAAA-TCP_FORW: name:enp0s8: saddr:100932208: daddr:16783984
[  270.081737] AAAAA-TCP_FORW: name:enp0s3: saddr:16783984: daddr:100932208
[  270.161546] AAAAA-TCP_FORW: name:enp0s8: saddr:100932208: daddr:16783984
[  270.162350] AAAAA-TCP_FORW: name:enp0s3: saddr:16783984: daddr:100932208
[  270.248434] AAAAA-TCP_FORW: name:enp0s8: saddr:100932208: daddr:16783984
[  270.249574] AAAAA-TCP_FORW: name:enp0s3: saddr:16783984: daddr:100932208
[  270.341692] AAAAA-TCP_FORW: name:enp0s8: saddr:100932208: daddr:16783984
[  270.342773] AAAAA-TCP_FORW: name:enp0s3: saddr:16783984: daddr:100932208
[  270.422549] AAAAA-TCP_FORW: name:enp0s8: saddr:100932208: daddr:16783984
[  270.423697] AAAAA-TCP_FORW: name:enp0s3: saddr:16783984: daddr:100932208
[  270.608822] AAAAA-TCP_FORW: name:enp0s8: saddr:100932208: daddr:16783984
[  270.609897] AAAAA-TCP_FORW: name:enp0s3: saddr:16783984: daddr:100932208
[  270.695475] AAAAA-TCP_FORW: name:enp0s8: saddr:100932208: daddr:16783984
[  270.696568] AAAAA-TCP_FORW: name:enp0s3: saddr:16783984: daddr:100932208
[  270.972021] AAAAA-TCP_FORW: name:enp0s8: saddr:100932208: daddr:16783984
[  270.973090] AAAAA-TCP_FORW: name:enp0s3: saddr:16783984: daddr:100932208
[  271.035234] AAAAA-TCP_FORW: name:enp0s8: saddr:100932208: daddr:33561200
[  271.036344] AAAAA-TCP_FORW: name:enp0s3: saddr:33561200: daddr:100932208
[  271.216643] AAAAA-TCP_FORW: name:enp0s8: saddr:100932208: daddr:33561200
[  271.217774] AAAAA-TCP_FORW: name:enp0s3: saddr:33561200: daddr:100932208
[  271.349759] AAAAA-TCP_FORW: name:enp0s8: saddr:100932208: daddr:33561200
[  271.350933] AAAAA-TCP_FORW: name:enp0s3: saddr:33561200: daddr:100932208
[  271.514533] AAAAA-TCP_FORW: name:enp0s8: saddr:100932208: daddr:33561200
[  271.515630] AAAAA-TCP_FORW: name:enp0s3: saddr:33561200: daddr:100932208
[  271.691812] AAAAA-TCP_FORW: name:enp0s8: saddr:100932208: daddr:33561200
[  271.692841] AAAAA-TCP_FORW: name:enp0s3: saddr:33561200: daddr:100932208
[  271.847619] AAAAA-TCP_FORW: name:enp0s8: saddr:100932208: daddr:33561200
[  271.848783] AAAAA-TCP_FORW: name:enp0s3: saddr:33561200: daddr:100932208
[  271.913153] AAAAA-TCP_FORW: name:enp0s8: saddr:100932208: daddr:33561200
[  271.914363] AAAAA-TCP_FORW: name:enp0s3: saddr:33561200: daddr:100932208
[  272.329612] AAAAA-TCP_FORW: name:enp0s8: saddr:100932208: daddr:33561200
[  272.330426] AAAAA-TCP_FORW: name:enp0s3: saddr:33561200: daddr:100932208
[  272.606340] AAAAA-TCP_FORW: name:enp0s8: saddr:100932208: daddr:33561200
[  272.619014] AAAAA-TCP_FORW: name:enp0s3: saddr:33561200: daddr:100932208
[  276.689954] AAAAA-TCP_FORW: name:enp0s8: saddr:100932208: daddr:16783984
[  276.920811] AAAAA-TCP_FORW: name:enp0s8: saddr:100932208: daddr:16783984
[  277.075215] AAAAA-TCP_FORW: name:enp0s8: saddr:100932208: daddr:16783984
[  277.460882] AAAAA-TCP_FORW: name:enp0s8: saddr:100932208: daddr:16783984
[  277.546128] AAAAA-TCP_FORW: name:enp0s8: saddr:100932208: daddr:16783984
[  277.663801] AAAAA-TCP_FORW: name:enp0s8: saddr:100932208: daddr:16783984
[  277.886902] AAAAA-TCP_FORW: name:enp0s8: saddr:100932208: daddr:16783984
[  278.076780] AAAAA-TCP_FORW: name:enp0s8: saddr:100932208: daddr:16783984
[  278.524782] AAAAA-TCP_FORW: name:enp0s8: saddr:100932208: daddr:16783984
[  278.573697] AAAAA-TCP_FORW: name:enp0s8: saddr:100932208: daddr:16783984
[  278.747390] AAAAA-TCP_FORW: name:enp0s8: saddr:100932208: daddr:16783984
[  278.924567] AAAAA-TCP_FORW: name:enp0s8: saddr:100932208: daddr:16783984
[  279.225201] AAAAA-TCP_FORW: name:enp0s8: saddr:100932208: daddr:16783984
[  279.304203] AAAAA-TCP_FORW: name:enp0s8: saddr:100932208: daddr:16783984
[  279.454826] AAAAA-TCP_FORW: name:enp0s8: saddr:100932208: daddr:16783984
[  279.682366] AAAAA-TCP_FORW: name:enp0s8: saddr:100932208: daddr:16783984
[  279.784475] AAAAA-TCP_FORW: name:enp0s8: saddr:100932208: daddr:16783984
[  280.120399] AAAAA-TCP_FORW: name:enp0s8: saddr:100932208: daddr:16783984
[  280.238785] AAAAA-TCP_FORW: name:enp0s8: saddr:100932208: daddr:16783984
[  281.573362] AAAAA-TCP_FORW: name:enp0s8: saddr:100932208: daddr:16783984
[  281.574487] AAAAA-TCP_FORW: name:enp0s3: saddr:16783984: daddr:100932208
[  281.994257] AAAAA-TCP_FORW: name:enp0s8: saddr:100932208: daddr:16783984
[  281.995029] AAAAA-TCP_FORW: name:enp0s3: saddr:16783984: daddr:100932208
[  282.280207] AAAAA-TCP_FORW: name:enp0s8: saddr:100932208: daddr:16783984
[  282.280944] AAAAA-TCP_FORW: name:enp0s3: saddr:16783984: daddr:100932208
[  282.583749] AAAAA-TCP_FORW: name:enp0s8: saddr:100932208: daddr:16783984
[  282.585024] AAAAA-TCP_FORW: name:enp0s3: saddr:16783984: daddr:100932208
[  282.741178] AAAAA-TCP_FORW: name:enp0s8: saddr:100932208: daddr:16783984
[  282.742516] AAAAA-TCP_FORW: name:enp0s3: saddr:16783984: daddr:100932208
[  282.832687] AAAAA-TCP_FORW: name:enp0s8: saddr:100932208: daddr:16783984
[  282.834073] AAAAA-TCP_FORW: name:enp0s3: saddr:16783984: daddr:100932208
[  283.121405] AAAAA-TCP_FORW: name:enp0s8: saddr:100932208: daddr:33561200
[  283.122179] AAAAA-TCP_FORW: name:enp0s3: saddr:33561200: daddr:100932208
[  283.255380] AAAAA-TCP_FORW: name:enp0s8: saddr:100932208: daddr:16783984
[  283.256855] AAAAA-TCP_FORW: name:enp0s3: saddr:16783984: daddr:100932208
[  283.647016] AAAAA-TCP_FORW: name:enp0s8: saddr:100932208: daddr:16783984
[  283.648341] AAAAA-TCP_FORW: name:enp0s3: saddr:16783984: daddr:100932208
[  283.762944] AAAAA-TCP_FORW: name:enp0s8: saddr:100932208: daddr:16783984
[  283.764289] AAAAA-TCP_FORW: name:enp0s3: saddr:16783984: daddr:100932208
[  284.005975] AAAAA-TCP_FORW: name:enp0s8: saddr:100932208: daddr:33561200
[  284.007089] AAAAA-TCP_FORW: name:enp0s3: saddr:33561200: daddr:100932208
[  284.206485] AAAAA-TCP_FORW: name:enp0s8: saddr:100932208: daddr:16783984
[  284.413710] AAAAA-TCP_FORW: name:enp0s8: saddr:100932208: daddr:33561200
[  284.415088] AAAAA-TCP_FORW: name:enp0s3: saddr:33561200: daddr:100932208
[  284.690070] AAAAA-TCP_FORW: name:enp0s8: saddr:100932208: daddr:33561200
[  284.691264] AAAAA-TCP_FORW: name:enp0s3: saddr:33561200: daddr:100932208
[  284.941715] AAAAA-TCP_FORW: name:enp0s8: saddr:100932208: daddr:33561200
[  284.943176] AAAAA-TCP_FORW: name:enp0s3: saddr:33561200: daddr:100932208
[  285.074534] AAAAA-TCP_FORW: name:enp0s8: saddr:100932208: daddr:33561200
[  285.075803] AAAAA-TCP_FORW: name:enp0s3: saddr:33561200: daddr:100932208
[  285.154975] AAAAA-TCP_FORW: name:enp0s8: saddr:100932208: daddr:33561200
[  285.156275] AAAAA-TCP_FORW: name:enp0s3: saddr:33561200: daddr:100932208
[  285.565401] AAAAA-TCP_FORW: name:enp0s8: saddr:100932208: daddr:33561200
[  285.566230] AAAAA-TCP_FORW: name:enp0s3: saddr:33561200: daddr:100932208
[  285.710986] AAAAA-TCP_FORW: name:enp0s8: saddr:100932208: daddr:33561200
[  285.712263] AAAAA-TCP_FORW: name:enp0s3: saddr:33561200: daddr:100932208
[  285.805542] AAAAA-TCP_FORW: name:enp0s8: saddr:100932208: daddr:33561200
[  285.806770] AAAAA-TCP_FORW: name:enp0s3: saddr:33561200: daddr:100932208
[  286.013842] AAAAA-TCP_FORW: name:enp0s8: saddr:100932208: daddr:33561200
[  286.016305] AAAAA-TCP_FORW: name:enp0s3: saddr:33561200: daddr:100932208
[  286.491038] AAAAA-TCP_FORW: name:enp0s8: saddr:100932208: daddr:16783984
[  286.493660] AAAAA-TCP_FORW: name:enp0s3: saddr:16783984: daddr:100932208
[  286.712092] AAAAA-TCP_FORW: name:enp0s8: saddr:100932208: daddr:33561200
[  286.714845] AAAAA-TCP_FORW: name:enp0s3: saddr:33561200: daddr:100932208
[  287.057401] AAAAA-TCP_FORW: name:enp0s8: saddr:100932208: daddr:16783984
[  287.058280] AAAAA-TCP_FORW: name:enp0s3: saddr:16783984: daddr:100932208
[  287.294227] AAAAA-TCP_FORW: name:enp0s8: saddr:100932208: daddr:16783984
[  287.295052] AAAAA-TCP_FORW: name:enp0s3: saddr:16783984: daddr:100932208
[  287.734913] AAAAA-TCP_FORW: name:enp0s8: saddr:100932208: daddr:16783984
[  287.736289] AAAAA-TCP_FORW: name:enp0s3: saddr:16783984: daddr:100932208
[  287.882637] AAAAA-TCP_FORW: name:enp0s8: saddr:100932208: daddr:16783984
[  287.883929] AAAAA-TCP_FORW: name:enp0s3: saddr:16783984: daddr:100932208
[  287.993268] AAAAA-TCP_FORW: name:enp0s8: saddr:100932208: daddr:16783984
[  287.994439] AAAAA-TCP_FORW: name:enp0s3: saddr:16783984: daddr:100932208
[  288.250171] AAAAA-TCP_FORW: name:enp0s8: saddr:100932208: daddr:16783984
[  288.251567] AAAAA-TCP_FORW: name:enp0s3: saddr:16783984: daddr:100932208
[  288.599838] AAAAA-TCP_FORW: name:enp0s8: saddr:100932208: daddr:16783984
[  288.601206] AAAAA-TCP_FORW: name:enp0s3: saddr:16783984: daddr:100932208
[  288.927105] AAAAA-TCP_FORW: name:enp0s8: saddr:100932208: daddr:16783984
[  288.928677] AAAAA-TCP_FORW: name:enp0s3: saddr:16783984: daddr:100932208
[  289.022829] AAAAA-TCP_FORW: name:enp0s8: saddr:100932208: daddr:16783984
[  289.023598] AAAAA-TCP_FORW: name:enp0s3: saddr:16783984: daddr:100932208
[  289.119031] AAAAA-TCP_FORW: name:enp0s8: saddr:100932208: daddr:16783984
[  289.120391] AAAAA-TCP_FORW: name:enp0s3: saddr:16783984: daddr:100932208
[  289.519236] AAAAA-TCP_FORW: name:enp0s8: saddr:100932208: daddr:16783984
[  289.520573] AAAAA-TCP_FORW: name:enp0s3: saddr:16783984: daddr:100932208
[  289.667968] AAAAA-TCP_FORW: name:enp0s8: saddr:100932208: daddr:16783984
[  289.669371] AAAAA-TCP_FORW: name:enp0s3: saddr:16783984: daddr:100932208
[  289.804641] AAAAA-TCP_FORW: name:enp0s8: saddr:100932208: daddr:16783984
[  289.805992] AAAAA-TCP_FORW: name:enp0s3: saddr:16783984: daddr:100932208
[  289.813114] AAAAA-TCP_FORW: name:enp0s8: saddr:100932208: daddr:16783984
[  289.813872] AAAAA-TCP_FORW: name:enp0s3: saddr:16783984: daddr:100932208
[  289.894235] AAAAA-TCP_FORW: name:enp0s8: saddr:100932208: daddr:16783984
[  289.895454] AAAAA-TCP_FORW: name:enp0s3: saddr:16783984: daddr:100932208
[  290.424456] AAAAA-TCP_FORW: name:enp0s8: saddr:100932208: daddr:33561200
[  290.425296] AAAAA-TCP_FORW: name:enp0s3: saddr:33561200: daddr:100932208
[  290.582960] AAAAA-TCP_FORW: name:enp0s8: saddr:100932208: daddr:16783984
[  290.583863] AAAAA-TCP_FORW: name:enp0s3: saddr:16783984: daddr:100932208
[  290.696107] AAAAA-TCP_FORW: name:enp0s8: saddr:100932208: daddr:16783984
[  290.696963] AAAAA-TCP_FORW: name:enp0s3: saddr:16783984: daddr:100932208
[  290.903436] AAAAA-TCP_FORW: name:enp0s8: saddr:100932208: daddr:16783984
[  290.904339] AAAAA-TCP_FORW: name:enp0s3: saddr:16783984: daddr:100932208
[  291.100299] AAAAA-TCP_FORW: name:enp0s8: saddr:100932208: daddr:33561200
[  291.101188] AAAAA-TCP_FORW: name:enp0s3: saddr:33561200: daddr:100932208
[  291.146026] AAAAA-TCP_FORW: name:enp0s8: saddr:100932208: daddr:33561200
[  291.146911] AAAAA-TCP_FORW: name:enp0s3: saddr:33561200: daddr:100932208
[  291.236331] AAAAA-TCP_FORW: name:enp0s3: saddr:33561200: daddr:100932208
[  291.355376] AAAAA-TCP_FORW: name:enp0s8: saddr:100932208: daddr:16783984
[  291.356250] AAAAA-TCP_FORW: name:enp0s3: saddr:16783984: daddr:100932208
[  291.705271] AAAAA-TCP_FORW: name:enp0s8: saddr:100932208: daddr:16783984
[  291.706763] AAAAA-TCP_FORW: name:enp0s3: saddr:16783984: daddr:100932208
[  291.823828] AAAAA-TCP_FORW: name:enp0s8: saddr:100932208: daddr:16783984
[  291.824723] AAAAA-TCP_FORW: name:enp0s3: saddr:16783984: daddr:100932208
[  292.004685] AAAAA-TCP_FORW: name:enp0s8: saddr:100932208: daddr:33561200
[  292.006120] AAAAA-TCP_FORW: name:enp0s3: saddr:33561200: daddr:100932208
[  293.170367] AAAAA-TCP_FORW: name:enp0s8: saddr:100932208: daddr:33561200
[  293.171294] AAAAA-TCP_FORW: name:enp0s3: saddr:33561200: daddr:100932208
[  293.710265] AAAAA-TCP_FORW: name:enp0s8: saddr:100932208: daddr:16783984
[  293.711194] AAAAA-TCP_FORW: name:enp0s3: saddr:16783984: daddr:100932208
[  293.871850] AAAAA-TCP_FORW: name:enp0s8: saddr:100932208: daddr:16783984
[  293.873130] AAAAA-TCP_FORW: name:enp0s3: saddr:16783984: daddr:100932208
[  294.104157] AAAAA-TCP_FORW: name:enp0s8: saddr:100932208: daddr:33561200
[  294.104958] AAAAA-TCP_FORW: name:enp0s3: saddr:33561200: daddr:100932208
[  294.289180] AAAAA-TCP_FORW: name:enp0s8: saddr:100932208: daddr:33561200
[  294.290014] AAAAA-TCP_FORW: name:enp0s3: saddr:33561200: daddr:100932208
[  294.405495] AAAAA-TCP_FORW: name:enp0s8: saddr:100932208: daddr:33561200
[  294.406390] AAAAA-TCP_FORW: name:enp0s3: saddr:33561200: daddr:100932208
[  294.915607] AAAAA-TCP_FORW: name:enp0s8: saddr:100932208: daddr:33561200
[  294.917061] AAAAA-TCP_FORW: name:enp0s3: saddr:33561200: daddr:100932208
[  295.239765] AAAAA-TCP_FORW: name:enp0s8: saddr:100932208: daddr:33561200
[  295.240590] AAAAA-TCP_FORW: name:enp0s3: saddr:33561200: daddr:100932208
[  295.682281] AAAAA-TCP_FORW: name:enp0s8: saddr:100932208: daddr:33561200
[  295.683198] AAAAA-TCP_FORW: name:enp0s3: saddr:33561200: daddr:100932208
[  296.204267] AAAAA-TCP_FORW: name:enp0s8: saddr:100932208: daddr:33561200
[  296.205695] AAAAA-TCP_FORW: name:enp0s3: saddr:33561200: daddr:100932208
[  296.882514] AAAAA-TCP_FORW: name:enp0s8: saddr:100932208: daddr:33561200
[  297.432590] AAAAA-TCP_FORW: name:enp0s8: saddr:100932208: daddr:16783984
[  299.372760] AAAAA-TCP_FORW: name:enp0s8: saddr:100932208: daddr:33561200
[  299.374045] AAAAA-TCP_FORW: name:enp0s3: saddr:33561200: daddr:100932208
[  299.565733] AAAAA-TCP_FORW: name:enp0s8: saddr:100932208: daddr:33561200
[  299.566612] AAAAA-TCP_FORW: name:enp0s3: saddr:33561200: daddr:100932208
[  300.994102] AAAAA-TCP_FORW: name:enp0s8: saddr:100932208: daddr:16783984
[  300.995216] AAAAA-TCP_FORW: name:enp0s3: saddr:16783984: daddr:100932208
[  301.537963] AAAAA-TCP_FORW: name:enp0s8: saddr:100932208: daddr:16783984
[  301.539114] AAAAA-TCP_FORW: name:enp0s3: saddr:16783984: daddr:100932208
[  302.054739] AAAAA-TCP_FORW: name:enp0s8: saddr:100932208: daddr:16783984
[  302.055611] AAAAA-TCP_FORW: name:enp0s3: saddr:16783984: daddr:100932208
[  302.223512] AAAAA-TCP_FORW: name:enp0s8: saddr:100932208: daddr:16783984
[  302.224865] AAAAA-TCP_FORW: name:enp0s3: saddr:16783984: daddr:100932208
[  302.800927] AAAAA-TCP_FORW: name:enp0s8: saddr:100932208: daddr:16783984
[  302.802242] AAAAA-TCP_FORW: name:enp0s3: saddr:16783984: daddr:100932208
[  303.203136] AAAAA-TCP_FORW: name:enp0s8: saddr:100932208: daddr:16783984
[  303.204954] AAAAA-TCP_FORW: name:enp0s3: saddr:16783984: daddr:100932208
[  303.670790] AAAAA-TCP_FORW: name:enp0s8: saddr:100932208: daddr:16783984
[  303.672277] AAAAA-TCP_FORW: name:enp0s3: saddr:16783984: daddr:100932208
[  303.906570] AAAAA-TCP_FORW: name:enp0s8: saddr:100932208: daddr:16783984
[  303.907886] AAAAA-TCP_FORW: name:enp0s3: saddr:16783984: daddr:100932208
[  304.255600] AAAAA-TCP_FORW: name:enp0s8: saddr:100932208: daddr:16783984
[  304.256633] AAAAA-TCP_FORW: name:enp0s3: saddr:16783984: daddr:100932208
[  304.397346] AAAAA-TCP_FORW: name:enp0s8: saddr:100932208: daddr:16783984
[  304.398721] AAAAA-TCP_FORW: name:enp0s3: saddr:16783984: daddr:100932208
[  304.436730] AAAAA-TCP_FORW: name:enp0s8: saddr:100932208: daddr:16783984
[  304.437790] AAAAA-TCP_FORW: name:enp0s3: saddr:16783984: daddr:100932208
[  304.569919] AAAAA-TCP_FORW: name:enp0s8: saddr:100932208: daddr:16783984
[  304.570763] AAAAA-TCP_FORW: name:enp0s3: saddr:16783984: daddr:100932208
[  304.573447] AAAAA-TCP_FORW: name:enp0s8: saddr:100932208: daddr:16783984
[  304.574190] AAAAA-TCP_FORW: name:enp0s3: saddr:16783984: daddr:100932208
[  304.894749] AAAAA-TCP_FORW: name:enp0s8: saddr:100932208: daddr:16783984
[  304.895840] AAAAA-TCP_FORW: name:enp0s3: saddr:16783984: daddr:100932208
[  304.944105] AAAAA-TCP_FORW: name:enp0s8: saddr:100932208: daddr:16783984
[  304.945394] AAAAA-TCP_FORW: name:enp0s3: saddr:16783984: daddr:100932208
[  305.076551] AAAAA-TCP_FORW: name:enp0s8: saddr:100932208: daddr:16783984
[  305.077515] AAAAA-TCP_FORW: name:enp0s3: saddr:16783984: daddr:100932208
[  305.169948] AAAAA-TCP_FORW: name:enp0s8: saddr:100932208: daddr:16783984
[  305.170684] AAAAA-TCP_FORW: name:enp0s3: saddr:16783984: daddr:100932208
[  305.393153] AAAAA-TCP_FORW: name:enp0s8: saddr:100932208: daddr:16783984
[  305.394472] AAAAA-TCP_FORW: name:enp0s3: saddr:16783984: daddr:100932208
[  305.475531] AAAAA-TCP_FORW: name:enp0s8: saddr:100932208: daddr:16783984
[  305.476359] AAAAA-TCP_FORW: name:enp0s3: saddr:16783984: daddr:100932208
[  305.677519] AAAAA-TCP_FORW: name:enp0s8: saddr:100932208: daddr:16783984
[  305.678972] AAAAA-TCP_FORW: name:enp0s3: saddr:16783984: daddr:100932208
[  305.752886] AAAAA-TCP_FORW: name:enp0s8: saddr:100932208: daddr:16783984
[  305.753627] AAAAA-TCP_FORW: name:enp0s3: saddr:16783984: daddr:100932208
[  305.810591] AAAAA-TCP_FORW: name:enp0s8: saddr:100932208: daddr:16783984
[  305.811520] AAAAA-TCP_FORW: name:enp0s3: saddr:16783984: daddr:100932208
[  306.107253] AAAAA-TCP_FORW: name:enp0s8: saddr:100932208: daddr:16783984
[  306.108603] AAAAA-TCP_FORW: name:enp0s3: saddr:16783984: daddr:100932208
[  306.250445] AAAAA-TCP_FORW: name:enp0s8: saddr:100932208: daddr:16783984
[  306.251863] AAAAA-TCP_FORW: name:enp0s3: saddr:16783984: daddr:100932208
[  306.254015] AAAAA-TCP_FORW: name:enp0s8: saddr:100932208: daddr:16783984
[  306.254831] AAAAA-TCP_FORW: name:enp0s3: saddr:16783984: daddr:100932208
[  306.370182] AAAAA-TCP_FORW: name:enp0s8: saddr:100932208: daddr:16783984
[  306.371569] AAAAA-TCP_FORW: name:enp0s3: saddr:16783984: daddr:100932208
[  306.398511] AAAAA-TCP_FORW: name:enp0s8: saddr:100932208: daddr:16783984
[  306.399259] AAAAA-TCP_FORW: name:enp0s3: saddr:16783984: daddr:100932208
[  306.435341] AAAAA-TCP_FORW: name:enp0s8: saddr:100932208: daddr:16783984
[  306.436550] AAAAA-TCP_FORW: name:enp0s3: saddr:16783984: daddr:100932208
[  306.495204] AAAAA-TCP_FORW: name:enp0s8: saddr:100932208: daddr:16783984
[  306.496557] AAAAA-TCP_FORW: name:enp0s3: saddr:16783984: daddr:100932208
[  306.498715] AAAAA-TCP_FORW: name:enp0s8: saddr:100932208: daddr:16783984
[  306.499807] AAAAA-TCP_FORW: name:enp0s3: saddr:16783984: daddr:100932208
[  306.644368] AAAAA-TCP_FORW: name:enp0s8: saddr:100932208: daddr:16783984
[  306.645738] AAAAA-TCP_FORW: name:enp0s3: saddr:16783984: daddr:100932208
[  306.680968] AAAAA-TCP_FORW: name:enp0s8: saddr:100932208: daddr:16783984
[  306.682040] AAAAA-TCP_FORW: name:enp0s3: saddr:16783984: daddr:100932208
[  306.696705] AAAAA-TCP_FORW: name:enp0s8: saddr:100932208: daddr:33561200
[  306.697839] AAAAA-TCP_FORW: name:enp0s3: saddr:33561200: daddr:100932208
[  306.783925] AAAAA-TCP_FORW: name:enp0s8: saddr:100932208: daddr:33561200
[  306.785001] AAAAA-TCP_FORW: name:enp0s3: saddr:33561200: daddr:100932208
[  307.039288] AAAAA-TCP_FORW: name:enp0s8: saddr:100932208: daddr:33561200
[  307.040591] AAAAA-TCP_FORW: name:enp0s3: saddr:33561200: daddr:100932208
[  307.197694] AAAAA-TCP_FORW: name:enp0s8: saddr:100932208: daddr:33561200
[  307.199256] AAAAA-TCP_FORW: name:enp0s3: saddr:33561200: daddr:100932208
[  307.203982] AAAAA-TCP_FORW: name:enp0s8: saddr:100932208: daddr:33561200
[  307.205354] AAAAA-TCP_FORW: name:enp0s3: saddr:33561200: daddr:100932208
[  307.375835] AAAAA-TCP_FORW: name:enp0s8: saddr:100932208: daddr:33561200
[  307.377422] AAAAA-TCP_FORW: name:enp0s3: saddr:33561200: daddr:100932208
[  307.400446] AAAAA-TCP_FORW: name:enp0s8: saddr:100932208: daddr:33561200
[  307.401274] AAAAA-TCP_FORW: name:enp0s3: saddr:33561200: daddr:100932208
[  307.454817] AAAAA-TCP_FORW: name:enp0s8: saddr:100932208: daddr:33561200
[  307.455607] AAAAA-TCP_FORW: name:enp0s3: saddr:33561200: daddr:100932208
[  307.588132] AAAAA-TCP_FORW: name:enp0s8: saddr:100932208: daddr:33561200
[  307.589499] AAAAA-TCP_FORW: name:enp0s3: saddr:33561200: daddr:100932208
[  307.669138] AAAAA-TCP_FORW: name:enp0s8: saddr:100932208: daddr:33561200
[  307.669931] AAAAA-TCP_FORW: name:enp0s3: saddr:33561200: daddr:100932208
[  307.847157] AAAAA-TCP_FORW: name:enp0s8: saddr:100932208: daddr:33561200
[  307.848552] AAAAA-TCP_FORW: name:enp0s3: saddr:33561200: daddr:100932208
[  307.940737] AAAAA-TCP_FORW: name:enp0s8: saddr:100932208: daddr:33561200
[  307.941495] AAAAA-TCP_FORW: name:enp0s3: saddr:33561200: daddr:100932208
[  308.149803] AAAAA-TCP_FORW: name:enp0s8: saddr:100932208: daddr:16783984
[  308.150575] AAAAA-TCP_FORW: name:enp0s3: saddr:16783984: daddr:100932208
[  308.268393] AAAAA-TCP_FORW: name:enp0s8: saddr:100932208: daddr:16783984
[  308.269757] AAAAA-TCP_FORW: name:enp0s3: saddr:16783984: daddr:100932208
[  308.271863] AAAAA-TCP_FORW: name:enp0s8: saddr:100932208: daddr:16783984
[  308.272655] AAAAA-TCP_FORW: name:enp0s3: saddr:16783984: daddr:100932208
[  308.367214] AAAAA-TCP_FORW: name:enp0s8: saddr:100932208: daddr:16783984
[  308.367986] AAAAA-TCP_FORW: name:enp0s3: saddr:16783984: daddr:100932208
[  308.511516] AAAAA-TCP_FORW: name:enp0s8: saddr:100932208: daddr:16783984
[  308.512299] AAAAA-TCP_FORW: name:enp0s3: saddr:16783984: daddr:100932208
[  308.603724] AAAAA-TCP_FORW: name:enp0s8: saddr:100932208: daddr:16783984
[  308.604527] AAAAA-TCP_FORW: name:enp0s3: saddr:16783984: daddr:100932208
[  308.780222] AAAAA-TCP_FORW: name:enp0s8: saddr:100932208: daddr:16783984
[  308.781627] AAAAA-TCP_FORW: name:enp0s3: saddr:16783984: daddr:100932208
[  308.903562] AAAAA-TCP_FORW: name:enp0s8: saddr:100932208: daddr:16783984
[  308.904375] AAAAA-TCP_FORW: name:enp0s3: saddr:16783984: daddr:100932208
[  317.296283] AAAAA-TCP_FORW: name:enp0s8: saddr:100932208: daddr:16783984
[  317.297907] AAAAA-TCP_FORW: name:enp0s3: saddr:16783984: daddr:100932208
[  317.523515] AAAAA-TCP_FORW: name:enp0s8: saddr:100932208: daddr:16783984
[  317.524514] AAAAA-TCP_FORW: name:enp0s3: saddr:16783984: daddr:100932208
[  317.630490] AAAAA-TCP_FORW: name:enp0s8: saddr:100932208: daddr:16783984
[  317.631664] AAAAA-TCP_FORW: name:enp0s3: saddr:16783984: daddr:100932208
[  317.930066] AAAAA-TCP_FORW: name:enp0s8: saddr:100932208: daddr:16783984
[  317.931319] AAAAA-TCP_FORW: name:enp0s3: saddr:16783984: daddr:100932208
[  318.035061] AAAAA-TCP_FORW: name:enp0s8: saddr:100932208: daddr:16783984
[  318.036338] AAAAA-TCP_FORW: name:enp0s3: saddr:16783984: daddr:100932208
[  318.189393] AAAAA-TCP_FORW: name:enp0s8: saddr:100932208: daddr:16783984
[  318.190712] AAAAA-TCP_FORW: name:enp0s3: saddr:16783984: daddr:100932208
[  318.284338] AAAAA-TCP_FORW: name:enp0s8: saddr:100932208: daddr:16783984
[  318.285573] AAAAA-TCP_FORW: name:enp0s3: saddr:16783984: daddr:100932208
[  318.340568] AAAAA-TCP_FORW: name:enp0s8: saddr:100932208: daddr:16783984
[  318.341862] AAAAA-TCP_FORW: name:enp0s3: saddr:16783984: daddr:100932208
[  318.476463] AAAAA-TCP_FORW: name:enp0s8: saddr:100932208: daddr:16783984
[  318.477754] AAAAA-TCP_FORW: name:enp0s3: saddr:16783984: daddr:100932208
[  318.636472] AAAAA-TCP_FORW: name:enp0s8: saddr:100932208: daddr:16783984
[  318.637789] AAAAA-TCP_FORW: name:enp0s3: saddr:16783984: daddr:100932208
[  318.737870] AAAAA-TCP_FORW: name:enp0s8: saddr:100932208: daddr:16783984
[  318.738896] AAAAA-TCP_FORW: name:enp0s3: saddr:16783984: daddr:100932208
[  318.853387] AAAAA-TCP_FORW: name:enp0s8: saddr:100932208: daddr:16783984
[  318.854688] AAAAA-TCP_FORW: name:enp0s3: saddr:16783984: daddr:100932208
[  318.937433] AAAAA-TCP_FORW: name:enp0s8: saddr:100932208: daddr:16783984
[  318.938741] AAAAA-TCP_FORW: name:enp0s3: saddr:16783984: daddr:100932208
[  319.000618] AAAAA-TCP_FORW: name:enp0s8: saddr:100932208: daddr:16783984
[  319.001605] AAAAA-TCP_FORW: name:enp0s3: saddr:16783984: daddr:100932208
[  319.078802] AAAAA-TCP_FORW: name:enp0s8: saddr:100932208: daddr:16783984
[  319.080016] AAAAA-TCP_FORW: name:enp0s3: saddr:16783984: daddr:100932208
[  319.146167] AAAAA-TCP_FORW: name:enp0s8: saddr:100932208: daddr:16783984
[  319.147357] AAAAA-TCP_FORW: name:enp0s3: saddr:16783984: daddr:100932208
[  319.272175] AAAAA-TCP_FORW: name:enp0s8: saddr:100932208: daddr:16783984
[  319.273461] AAAAA-TCP_FORW: name:enp0s3: saddr:16783984: daddr:100932208
[  319.362987] AAAAA-TCP_FORW: name:enp0s8: saddr:100932208: daddr:16783984
[  319.364113] AAAAA-TCP_FORW: name:enp0s3: saddr:16783984: daddr:100932208
[  319.448804] AAAAA-TCP_FORW: name:enp0s8: saddr:100932208: daddr:16783984
[  319.449872] AAAAA-TCP_FORW: name:enp0s3: saddr:16783984: daddr:100932208
[  319.508488] AAAAA-TCP_FORW: name:enp0s8: saddr:100932208: daddr:16783984
[  319.509812] AAAAA-TCP_FORW: name:enp0s3: saddr:16783984: daddr:100932208
[  319.554154] AAAAA-TCP_FORW: name:enp0s8: saddr:100932208: daddr:16783984
[  319.555091] AAAAA-TCP_FORW: name:enp0s3: saddr:16783984: daddr:100932208
[  319.668606] AAAAA-TCP_FORW: name:enp0s8: saddr:100932208: daddr:16783984
[  319.670261] AAAAA-TCP_FORW: name:enp0s3: saddr:16783984: daddr:100932208
[  319.782150] AAAAA-TCP_FORW: name:enp0s8: saddr:100932208: daddr:16783984
[  319.783193] AAAAA-TCP_FORW: name:enp0s3: saddr:16783984: daddr:100932208
[  319.839925] AAAAA-TCP_FORW: name:enp0s8: saddr:100932208: daddr:16783984
[  319.841129] AAAAA-TCP_FORW: name:enp0s3: saddr:16783984: daddr:100932208
[  319.942928] AAAAA-TCP_FORW: name:enp0s8: saddr:100932208: daddr:16783984
[  319.943962] AAAAA-TCP_FORW: name:enp0s3: saddr:16783984: daddr:100932208
[  320.094247] AAAAA-TCP_FORW: name:enp0s8: saddr:100932208: daddr:16783984
[  320.095546] AAAAA-TCP_FORW: name:enp0s3: saddr:16783984: daddr:100932208
[  320.201995] AAAAA-TCP_FORW: name:enp0s8: saddr:100932208: daddr:16783984
[  320.203296] AAAAA-TCP_FORW: name:enp0s3: saddr:16783984: daddr:100932208
[  320.298418] AAAAA-TCP_FORW: name:enp0s8: saddr:100932208: daddr:16783984
[  320.299979] AAAAA-TCP_FORW: name:enp0s3: saddr:16783984: daddr:100932208
[  320.404063] AAAAA-TCP_FORW: name:enp0s8: saddr:100932208: daddr:33561200
[  320.405349] AAAAA-TCP_FORW: name:enp0s3: saddr:33561200: daddr:100932208
[  320.469565] AAAAA-TCP_FORW: name:enp0s8: saddr:100932208: daddr:16783984
[  320.470541] AAAAA-TCP_FORW: name:enp0s3: saddr:16783984: daddr:100932208
[  320.596426] AAAAA-TCP_FORW: name:enp0s8: saddr:100932208: daddr:16783984
[  320.597345] AAAAA-TCP_FORW: name:enp0s3: saddr:16783984: daddr:100932208
[  320.907525] AAAAA-TCP_FORW: name:enp0s8: saddr:100932208: daddr:16783984
[  320.908813] AAAAA-TCP_FORW: name:enp0s3: saddr:16783984: daddr:100932208
[  321.184806] AAAAA-TCP_FORW: name:enp0s8: saddr:100932208: daddr:16783984
[  321.578872] AAAAA-TCP_FORW: name:enp0s8: saddr:100932208: daddr:16783984
[  322.580611] AAAAA-TCP_FORW: name:enp0s8: saddr:100932208: daddr:16783984
[  323.855392] AAAAA-TCP_FORW: name:enp0s8: saddr:100932208: daddr:16783984
[  326.553979] AAAAA-TCP_FORW: name:enp0s8: saddr:100932208: daddr:16783984
[  326.555053] AAAAA-TCP_FORW: name:enp0s3: saddr:16783984: daddr:100932208
[  327.181201] AAAAA-TCP_FORW: name:enp0s8: saddr:100932208: daddr:16783984
[  327.182546] AAAAA-TCP_FORW: name:enp0s3: saddr:16783984: daddr:100932208
[  327.808556] AAAAA-TCP_FORW: name:enp0s8: saddr:100932208: daddr:16783984
[  327.809765] AAAAA-TCP_FORW: name:enp0s3: saddr:16783984: daddr:100932208
[  327.981184] AAAAA-TCP_FORW: name:enp0s8: saddr:100932208: daddr:16783984
[  327.982637] AAAAA-TCP_FORW: name:enp0s3: saddr:16783984: daddr:100932208
[  328.069124] AAAAA-TCP_FORW: name:enp0s8: saddr:100932208: daddr:16783984
[  328.070265] AAAAA-TCP_FORW: name:enp0s3: saddr:16783984: daddr:100932208
[  328.431347] AAAAA-TCP_FORW: name:enp0s8: saddr:100932208: daddr:16783984
[  328.432680] AAAAA-TCP_FORW: name:enp0s3: saddr:16783984: daddr:100932208
[  328.551117] AAAAA-TCP_FORW: name:enp0s8: saddr:100932208: daddr:16783984
[  328.552175] AAAAA-TCP_FORW: name:enp0s3: saddr:16783984: daddr:100932208
[  328.670811] AAAAA-TCP_FORW: name:enp0s8: saddr:100932208: daddr:16783984
[  328.672153] AAAAA-TCP_FORW: name:enp0s3: saddr:16783984: daddr:100932208
[  329.054952] AAAAA-TCP_FORW: name:enp0s8: saddr:100932208: daddr:16783984
[  329.056013] AAAAA-TCP_FORW: name:enp0s3: saddr:16783984: daddr:100932208
[  329.562198] AAAAA-TCP_FORW: name:enp0s8: saddr:100932208: daddr:16783984
[  329.564362] AAAAA-TCP_FORW: name:enp0s3: saddr:16783984: daddr:100932208
[  329.846137] AAAAA-TCP_FORW: name:enp0s8: saddr:100932208: daddr:16783984
[  329.848787] AAAAA-TCP_FORW: name:enp0s3: saddr:16783984: daddr:100932208
[  329.979331] AAAAA-TCP_FORW: name:enp0s3: saddr:16783984: daddr:100932208
[  330.661009] AAAAA-TCP_FORW: name:enp0s8: saddr:100932208: daddr:16783984
[  330.663511] AAAAA-TCP_FORW: name:enp0s3: saddr:16783984: daddr:100932208
[  330.872683] AAAAA-TCP_FORW: name:enp0s3: saddr:16783984: daddr:100932208
[  331.286663] AAAAA-TCP_FORW: name:enp0s8: saddr:100932208: daddr:16783984
[  331.288992] AAAAA-TCP_FORW: name:enp0s3: saddr:16783984: daddr:100932208
[  331.512379] AAAAA-TCP_FORW: name:enp0s8: saddr:100932208: daddr:33561200
[  331.513679] AAAAA-TCP_FORW: name:enp0s3: saddr:33561200: daddr:100932208
[  331.765028] AAAAA-TCP_FORW: name:enp0s8: saddr:100932208: daddr:33561200
[  331.766305] AAAAA-TCP_FORW: name:enp0s3: saddr:33561200: daddr:100932208
[  331.780756] AAAAA-TCP_FORW: name:enp0s8: saddr:100932208: daddr:33561200
[  331.781994] AAAAA-TCP_FORW: name:enp0s3: saddr:33561200: daddr:100932208
[  331.933161] AAAAA-TCP_FORW: name:enp0s8: saddr:100932208: daddr:33561200
[  331.934446] AAAAA-TCP_FORW: name:enp0s3: saddr:33561200: daddr:100932208
[  332.743692] AAAAA-TCP_FORW: name:enp0s8: saddr:100932208: daddr:16783984
[  332.745094] AAAAA-TCP_FORW: name:enp0s3: saddr:16783984: daddr:100932208
[  333.757563] AAAAA-TCP_FORW: name:enp0s8: saddr:100932208: daddr:16783984
[  333.758894] AAAAA-TCP_FORW: name:enp0s3: saddr:16783984: daddr:100932208
[  333.850794] AAAAA-TCP_FORW: name:enp0s8: saddr:100932208: daddr:16783984
[  333.851949] AAAAA-TCP_FORW: name:enp0s3: saddr:16783984: daddr:100932208
[  334.010180] AAAAA-TCP_FORW: name:enp0s8: saddr:100932208: daddr:16783984
[  334.011450] AAAAA-TCP_FORW: name:enp0s3: saddr:16783984: daddr:100932208
[  334.385127] AAAAA-TCP_FORW: name:enp0s8: saddr:100932208: daddr:16783984
[  334.386064] AAAAA-TCP_FORW: name:enp0s3: saddr:16783984: daddr:100932208
[  334.592092] AAAAA-TCP_FORW: name:enp0s8: saddr:100932208: daddr:16783984
[  334.593378] AAAAA-TCP_FORW: name:enp0s3: saddr:16783984: daddr:100932208
[  334.971751] AAAAA-TCP_FORW: name:enp0s8: saddr:100932208: daddr:16783984
[  334.973335] AAAAA-TCP_FORW: name:enp0s3: saddr:16783984: daddr:100932208
[  335.162969] AAAAA-TCP_FORW: name:enp0s8: saddr:100932208: daddr:16783984
[  335.164263] AAAAA-TCP_FORW: name:enp0s3: saddr:16783984: daddr:100932208
[  343.647588] AAAAA-TCP_FORW: name:enp0s3: saddr:16783984: daddr:100932208
[  343.647990] AAAAA-TCP_FORW: name:enp0s3: saddr:16783984: daddr:100932208
[  343.648081] AAAAA-TCP_FORW: name:enp0s3: saddr:16783984: daddr:100932208
[  343.967756] AAAAA-TCP_FORW: name:enp0s3: saddr:33561200: daddr:100932208
[  344.190286] AAAAA-TCP_FORW: name:enp0s3: saddr:16783984: daddr:100932208
[  344.297375] AAAAA-TCP_FORW: name:enp0s3: saddr:16783984: daddr:100932208
[  344.297506] AAAAA-TCP_FORW: name:enp0s3: saddr:16783984: daddr:100932208
[  344.385723] AAAAA-TCP_FORW: name:enp0s3: saddr:16783984: daddr:100932208
[  344.535720] AAAAA-TCP_FORW: name:enp0s3: saddr:16783984: daddr:100932208
[  344.535759] AAAAA-TCP_FORW: name:enp0s3: saddr:16783984: daddr:100932208
[  344.619797] AAAAA-TCP_FORW: name:enp0s3: saddr:16783984: daddr:100932208
[  345.119809] AAAAA-TCP_FORW: name:enp0s8: saddr:100932208: daddr:16783984
[  345.120500] AAAAA-TCP_FORW: name:enp0s3: saddr:16783984: daddr:100932208
[  488.440454] rfkill: input handler enabled
[  496.516414] rfkill: input handler disabled
[  670.013695] device enp0s3 left promiscuous mode
[  670.014928] device enp0s8 left promiscuous mode
