[    0.000000] Linux version 5.4.243-dmptcp (root@ztg) (gcc version 12.2.0 (Debian 12.2.0-14+deb12u1)) #119 SMP Wed Dec 24 23:52:51 CST 2025
[    0.000000] Command line: BOOT_IMAGE=/boot/vmlinuz-5.4.243-dmptcp root=UUID=98415a12-53b7-4144-8265-0f7ece09e445 ro quiet splash
[    0.000000] KERNEL supported cpus:
[    0.000000]   Intel GenuineIntel
[    0.000000]   AMD AuthenticAMD
[    0.000000]   Hygon HygonGenuine
[    0.000000]   Centaur CentaurHauls
[    0.000000]   zhaoxin   Shanghai  
[    0.000000] x86/fpu: Supporting XSAVE feature 0x001: 'x87 floating point registers'
[    0.000000] x86/fpu: Supporting XSAVE feature 0x002: 'SSE registers'
[    0.000000] x86/fpu: Supporting XSAVE feature 0x004: 'AVX registers'
[    0.000000] x86/fpu: xstate_offset[2]:  576, xstate_sizes[2]:  256
[    0.000000] x86/fpu: Enabled xstate features 0x7, context size is 832 bytes, using 'standard' format.
[    0.000000] BIOS-provided physical RAM map:
[    0.000000] BIOS-e820: [mem 0x0000000000000000-0x000000000009fbff] usable
[    0.000000] BIOS-e820: [mem 0x000000000009fc00-0x000000000009ffff] reserved
[    0.000000] BIOS-e820: [mem 0x00000000000f0000-0x00000000000fffff] reserved
[    0.000000] BIOS-e820: [mem 0x0000000000100000-0x000000007ffeffff] usable
[    0.000000] BIOS-e820: [mem 0x000000007fff0000-0x000000007fffffff] ACPI data
[    0.000000] BIOS-e820: [mem 0x00000000fec00000-0x00000000fec00fff] reserved
[    0.000000] BIOS-e820: [mem 0x00000000fee00000-0x00000000fee00fff] reserved
[    0.000000] BIOS-e820: [mem 0x00000000fffc0000-0x00000000ffffffff] reserved
[    0.000000] NX (Execute Disable) protection: active
[    0.000000] SMBIOS 2.5 present.
[    0.000000] DMI: innotek GmbH VirtualBox/VirtualBox, BIOS VirtualBox 12/01/2006
[    0.000000] Hypervisor detected: KVM
[    0.000000] kvm-clock: Using msrs 4b564d01 and 4b564d00
[    0.000000] kvm-clock: cpu 0, msr 28801001, primary cpu clock
[    0.000000] kvm-clock: using sched offset of 4465277362 cycles
[    0.000003] clocksource: kvm-clock: mask: 0xffffffffffffffff max_cycles: 0x1cd42e4dffb, max_idle_ns: 881590591483 ns
[    0.000005] tsc: Detected 2100.000 MHz processor
[    0.001881] e820: update [mem 0x00000000-0x00000fff] usable ==> reserved
[    0.001883] e820: remove [mem 0x000a0000-0x000fffff] usable
[    0.001887] last_pfn = 0x7fff0 max_arch_pfn = 0x400000000
[    0.001956] MTRR default type: uncachable
[    0.001957] MTRR fixed ranges enabled:
[    0.001958]   00000-9FFFF write-back
[    0.001959]   A0000-BFFFF uncachable
[    0.001960]   C0000-FFFFF write-protect
[    0.001960] MTRR variable ranges enabled:
[    0.001962]   0 base 000000000000 mask 3FFF80000000 write-back
[    0.001963]   1 disabled
[    0.001963]   2 disabled
[    0.001963]   3 disabled
[    0.001964]   4 disabled
[    0.001964]   5 disabled
[    0.001965]   6 disabled
[    0.001965]   7 disabled
[    0.001965]   8 disabled
[    0.001966]   9 disabled
[    0.001966]   10 disabled
[    0.001967]   11 disabled
[    0.001967]   12 disabled
[    0.001968]   13 disabled
[    0.001968]   14 disabled
[    0.001969]   15 disabled
[    0.001984] x86/PAT: Configuration [0-7]: WB  WC  UC- UC  WB  WP  UC- WT  
[    0.002119] found SMP MP-table at [mem 0x0009fff0-0x0009ffff]
[    0.092272] check: Scanning 1 areas for low memory corruption
[    0.092538] RAMDISK: [mem 0x32271000-0x3512ffff]
[    0.092547] ACPI: Early table checksum verification disabled
[    0.092553] ACPI: RSDP 0x00000000000E0000 000024 (v02 VBOX  )
[    0.092557] ACPI: XSDT 0x000000007FFF0030 00003C (v01 VBOX   VBOXXSDT 00000001 ASL  00000061)
[    0.092564] ACPI: FACP 0x000000007FFF00F0 0000F4 (v04 VBOX   VBOXFACP 00000001 ASL  00000061)
[    0.092570] ACPI: DSDT 0x000000007FFF02E0 002353 (v02 VBOX   VBOXBIOS 00000002 VBOX 00029BF3)
[    0.092574] ACPI: FACS 0x000000007FFF0200 000040
[    0.092577] ACPI: FACS 0x000000007FFF0200 000040
[    0.092581] ACPI: APIC 0x000000007FFF0240 000054 (v02 VBOX   VBOXAPIC 00000001 ASL  00000061)
[    0.092584] ACPI: SSDT 0x000000007FFF02A0 000038 (v01 VBOX   VBOXCPUT 00000002 VBOX 00029BF3)
[    0.092588] ACPI: Reserving FACP table memory at [mem 0x7fff00f0-0x7fff01e3]
[    0.092588] ACPI: Reserving DSDT table memory at [mem 0x7fff02e0-0x7fff2632]
[    0.092589] ACPI: Reserving FACS table memory at [mem 0x7fff0200-0x7fff023f]
[    0.092590] ACPI: Reserving FACS table memory at [mem 0x7fff0200-0x7fff023f]
[    0.092590] ACPI: Reserving APIC table memory at [mem 0x7fff0240-0x7fff0293]
[    0.092592] ACPI: Reserving SSDT table memory at [mem 0x7fff02a0-0x7fff02d7]
[    0.092605] ACPI: Local APIC address 0xfee00000
[    0.092793] No NUMA configuration found
[    0.092794] Faking a node at [mem 0x0000000000000000-0x000000007ffeffff]
[    0.092804] NODE_DATA(0) allocated [mem 0x7ffc5000-0x7ffeffff]
[    0.093759] Zone ranges:
[    0.093760]   DMA      [mem 0x0000000000001000-0x0000000000ffffff]
[    0.093761]   DMA32    [mem 0x0000000001000000-0x000000007ffeffff]
[    0.093762]   Normal   empty
[    0.093763]   Device   empty
[    0.093763] Movable zone start for each node
[    0.093765] Early memory node ranges
[    0.093766]   node   0: [mem 0x0000000000001000-0x000000000009efff]
[    0.093767]   node   0: [mem 0x0000000000100000-0x000000007ffeffff]
[    0.094422] Zeroed struct page in unavailable ranges: 114 pages
[    0.094423] Initmem setup node 0 [mem 0x0000000000001000-0x000000007ffeffff]
[    0.094425] On node 0 totalpages: 524174
[    0.094426]   DMA zone: 64 pages used for memmap
[    0.094427]   DMA zone: 21 pages reserved
[    0.094428]   DMA zone: 3998 pages, LIFO batch:0
[    0.094502]   DMA32 zone: 8128 pages used for memmap
[    0.094503]   DMA32 zone: 520176 pages, LIFO batch:63
[    0.103619] ACPI: PM-Timer IO Port: 0x4008
[    0.103623] ACPI: Local APIC address 0xfee00000
[    0.103693] IOAPIC[0]: apic_id 1, version 32, address 0xfec00000, GSI 0-23
[    0.103697] ACPI: INT_SRC_OVR (bus 0 bus_irq 0 global_irq 2 dfl dfl)
[    0.103699] ACPI: INT_SRC_OVR (bus 0 bus_irq 9 global_irq 9 low level)
[    0.103701] ACPI: IRQ0 used by override.
[    0.103702] ACPI: IRQ9 used by override.
[    0.103704] Using ACPI (MADT) for SMP configuration information
[    0.103712] smpboot: Allowing 1 CPUs, 0 hotplug CPUs
[    0.103737] PM: Registered nosave memory: [mem 0x00000000-0x00000fff]
[    0.103738] PM: Registered nosave memory: [mem 0x0009f000-0x0009ffff]
[    0.103739] PM: Registered nosave memory: [mem 0x000a0000-0x000effff]
[    0.103740] PM: Registered nosave memory: [mem 0x000f0000-0x000fffff]
[    0.103741] [mem 0x80000000-0xfebfffff] available for PCI devices
[    0.103742] Booting paravirtualized kernel on KVM
[    0.103746] clocksource: refined-jiffies: mask: 0xffffffff max_cycles: 0xffffffff, max_idle_ns: 7645519600211568 ns
[    0.103751] setup_percpu: NR_CPUS:8192 nr_cpumask_bits:1 nr_cpu_ids:1 nr_node_ids:1
[    0.104786] percpu: Embedded 60 pages/cpu s208896 r8192 d28672 u2097152
[    0.104791] pcpu-alloc: s208896 r8192 d28672 u2097152 alloc=1*2097152
[    0.104792] pcpu-alloc: [0] 0 
[    0.104818] Built 1 zonelists, mobility grouping on.  Total pages: 515961
[    0.104819] Policy zone: DMA32
[    0.104820] Kernel command line: BOOT_IMAGE=/boot/vmlinuz-5.4.243-dmptcp root=UUID=98415a12-53b7-4144-8265-0f7ece09e445 ro quiet splash
[    0.105701] Dentry cache hash table entries: 262144 (order: 9, 2097152 bytes, linear)
[    0.105847] Inode-cache hash table entries: 131072 (order: 8, 1048576 bytes, linear)
[    0.105898] mem auto-init: stack:off, heap alloc:on, heap free:off
[    0.105900] Calgary: detecting Calgary via BIOS EBDA area
[    0.105902] Calgary: Unable to locate Rio Grande table in EBDA - bailing!
[    0.110012] Memory: 1967332K/2096696K available (14339K kernel code, 2399K rwdata, 4716K rodata, 2728K init, 17260K bss, 129364K reserved, 0K cma-reserved)
[    0.111004] SLUB: HWalign=64, Order=0-3, MinObjects=0, CPUs=1, Nodes=1
[    0.111022] ftrace: allocating 43203 entries in 169 pages
[    0.129489] rcu: Hierarchical RCU implementation.
[    0.129491] rcu: 	RCU restricting CPUs from NR_CPUS=8192 to nr_cpu_ids=1.
[    0.129492] 	Tasks RCU enabled.
[    0.129493] rcu: RCU calculated value of scheduler-enlistment delay is 25 jiffies.
[    0.129494] rcu: Adjusting geometry for rcu_fanout_leaf=16, nr_cpu_ids=1
[    0.132535] NR_IRQS: 524544, nr_irqs: 256, preallocated irqs: 16
[    0.132750] random: crng init done
[    0.142198] Console: colour VGA+ 80x25
[    0.142203] printk: console [tty0] enabled
[    0.142227] ACPI: Core revision 20190816
[    0.142343] APIC: Switch to symmetric I/O mode setup
[    0.142592] x2apic enabled
[    0.142828] Switched APIC routing to physical x2apic.
[    0.143958] ..TIMER: vector=0x30 apic1=0 pin1=2 apic2=-1 pin2=-1
[    0.143985] clocksource: tsc-early: mask: 0xffffffffffffffff max_cycles: 0x1e4530a99b6, max_idle_ns: 440795257976 ns
[    0.143991] Calibrating delay loop (skipped) preset value.. 4200.00 BogoMIPS (lpj=8400000)
[    0.143994] pid_max: default: 32768 minimum: 301
[    0.144021] LSM: Security Framework initializing
[    0.144031] Yama: becoming mindful.
[    0.144058] AppArmor: AppArmor initialized
[    0.144093] Mount-cache hash table entries: 4096 (order: 3, 32768 bytes, linear)
[    0.144097] Mountpoint-cache hash table entries: 4096 (order: 3, 32768 bytes, linear)
[    0.144108] *** VALIDATE tmpfs ***
[    0.144237] *** VALIDATE proc ***
[    0.144280] *** VALIDATE cgroup1 ***
[    0.144281] *** VALIDATE cgroup2 ***
[    0.144423] process: using mwait in idle threads
[    0.144428] Last level iTLB entries: 4KB 64, 2MB 8, 4MB 8
[    0.144429] Last level dTLB entries: 4KB 64, 2MB 0, 4MB 0, 1GB 4
[    0.144449] Spectre V1 : Mitigation: usercopy/swapgs barriers and __user pointer sanitization
[    0.144455] Spectre V2 : Mitigation: Retpolines
[    0.144455] Spectre V2 : Spectre v2 / SpectreRSB mitigation: Filling RSB on context switch
[    0.144456] Spectre V2 : Spectre v2 / SpectreRSB : Filling RSB on VMEXIT
[    0.144456] RETBleed: WARNING: Spectre v2 mitigation leaves CPU vulnerable to RETBleed attacks, data leaks possible!
[    0.144821] RETBleed: Vulnerable
[    0.144822] Speculative Store Bypass: Vulnerable
[    0.144827] TAA: Mitigation: TSX disabled
[    0.144828] MMIO Stale Data: Mitigation: Clear CPU buffers
[    0.149096] Freeing SMP alternatives memory: 40K
[    0.262541] smpboot: CPU0: Intel(R) Xeon(R) Silver 4216 CPU @ 2.10GHz (family: 0x6, model: 0x55, stepping: 0x7)
[    0.262691] Performance Events: unsupported p6 CPU model 85 no PMU driver, software events only.
[    0.262728] rcu: Hierarchical SRCU implementation.
[    0.263343] NMI watchdog: Perf NMI watchdog permanently disabled
[    0.263386] smp: Bringing up secondary CPUs ...
[    0.263387] smp: Brought up 1 node, 1 CPU
[    0.263388] smpboot: Max logical packages: 1
[    0.263389] smpboot: Total of 1 processors activated (4200.00 BogoMIPS)
[    0.263987] devtmpfs: initialized
[    0.263987] x86/mm: Memory block size: 128MB
[    0.263987] clocksource: jiffies: mask: 0xffffffff max_cycles: 0xffffffff, max_idle_ns: 7645041785100000 ns
[    0.263987] futex hash table entries: 256 (order: 2, 16384 bytes, linear)
[    0.263987] pinctrl core: initialized pinctrl subsystem
[    0.263987] PM: RTC time: 11:01:23, date: 2026-01-10
[    0.263987] NET: Registered protocol family 16
[    0.263987] audit: initializing netlink subsys (disabled)
[    0.263987] EISA bus registered
[    0.263987] cpuidle: using governor ladder
[    0.263987] cpuidle: using governor menu
[    0.263987] ACPI: bus type PCI registered
[    0.263987] acpiphp: ACPI Hot Plug PCI Controller Driver version: 0.5
[    0.263987] PCI: Using configuration type 1 for base access
[    0.264718] audit: type=2000 audit(1768014089.596:1): state=initialized audit_enabled=0 res=1
[    0.264801] HugeTLB registered 2.00 MiB page size, pre-allocated 0 pages
[    0.265613] ACPI: Added _OSI(Module Device)
[    0.265614] ACPI: Added _OSI(Processor Device)
[    0.265615] ACPI: Added _OSI(3.0 _SCP Extensions)
[    0.265615] ACPI: Added _OSI(Processor Aggregator Device)
[    0.265616] ACPI: Added _OSI(Linux-Dell-Video)
[    0.265617] ACPI: Added _OSI(Linux-Lenovo-NV-HDMI-Audio)
[    0.265618] ACPI: Added _OSI(Linux-HPI-Hybrid-Graphics)
[    0.267565] ACPI: 2 ACPI AML tables successfully acquired and loaded
[    0.269222] ACPI: Interpreter enabled
[    0.269232] ACPI: (supports S0 S5)
[    0.269234] ACPI: Using IOAPIC for interrupt routing
[    0.269516] PCI: Using host bridge windows from ACPI; if necessary, use "pci=nocrs" and report a bug
[    0.269623] ACPI: Enabled 2 GPEs in block 00 to 07
[    0.274522] ACPI: PCI Root Bridge [PCI0] (domain 0000 [bus 00-ff])
[    0.274527] acpi PNP0A03:00: _OSC: OS supports [ASPM ClockPM Segments MSI HPX-Type3]
[    0.274968] acpi PNP0A03:00: _OSC: not requesting OS control; OS requires [ExtendedConfig ASPM ClockPM MSI]
[    0.274976] acpi PNP0A03:00: fail to add MMCONFIG information, can't access extended PCI configuration space under this bridge.
[    0.275352] PCI host bridge to bus 0000:00
[    0.275354] pci_bus 0000:00: root bus resource [io  0x0000-0x0cf7 window]
[    0.275355] pci_bus 0000:00: root bus resource [io  0x0d00-0xffff window]
[    0.275357] pci_bus 0000:00: root bus resource [mem 0x000a0000-0x000bffff window]
[    0.275358] pci_bus 0000:00: root bus resource [mem 0x80000000-0xfdffffff window]
[    0.275359] pci_bus 0000:00: root bus resource [bus 00-ff]
[    0.275401] pci 0000:00:00.0: [8086:1237] type 00 class 0x060000
[    0.276381] pci 0000:00:01.0: [8086:7000] type 00 class 0x060100
[    0.277141] pci 0000:00:01.1: [8086:7111] type 00 class 0x01018a
[    0.277520] pci 0000:00:01.1: reg 0x20: [io  0xd000-0xd00f]
[    0.277675] pci 0000:00:01.1: legacy IDE quirk: reg 0x10: [io  0x01f0-0x01f7]
[    0.277676] pci 0000:00:01.1: legacy IDE quirk: reg 0x14: [io  0x03f6]
[    0.277677] pci 0000:00:01.1: legacy IDE quirk: reg 0x18: [io  0x0170-0x0177]
[    0.277678] pci 0000:00:01.1: legacy IDE quirk: reg 0x1c: [io  0x0376]
[    0.278215] pci 0000:00:02.0: [15ad:0405] type 00 class 0x030000
[    0.280068] pci 0000:00:02.0: reg 0x10: [io  0xd010-0xd01f]
[    0.284039] pci 0000:00:02.0: reg 0x14: [mem 0xe0000000-0xe7ffffff pref]
[    0.286747] pci 0000:00:02.0: reg 0x18: [mem 0xf0000000-0xf01fffff]
[    0.296784] pci 0000:00:03.0: [1022:2000] type 00 class 0x020000
[    0.297464] pci 0000:00:03.0: reg 0x10: [io  0xd020-0xd03f]
[    0.298069] pci 0000:00:03.0: reg 0x14: [mem 0xf0200000-0xf0200fff]
[    0.303067] pci 0000:00:04.0: [80ee:cafe] type 00 class 0x088000
[    0.303737] pci 0000:00:04.0: reg 0x10: [io  0xd040-0xd05f]
[    0.304105] pci 0000:00:04.0: reg 0x14: [mem 0xf0400000-0xf07fffff]
[    0.304709] pci 0000:00:04.0: reg 0x18: [mem 0xf0800000-0xf0803fff pref]
[    0.308033] pci 0000:00:07.0: [8086:7113] type 00 class 0x068000
[    0.308619] pci 0000:00:07.0: quirk: [io  0x4000-0x403f] claimed by PIIX4 ACPI
[    0.308633] pci 0000:00:07.0: quirk: [io  0x4100-0x410f] claimed by PIIX4 SMB
[    0.309259] pci 0000:00:08.0: [8086:100e] type 00 class 0x020000
[    0.310001] pci 0000:00:08.0: reg 0x10: [mem 0xf0820000-0xf083ffff]
[    0.312104] pci 0000:00:08.0: reg 0x18: [io  0xd060-0xd067]
[    0.315341] pci 0000:00:09.0: [8086:100e] type 00 class 0x020000
[    0.316062] pci 0000:00:09.0: reg 0x10: [mem 0xf0840000-0xf085ffff]
[    0.317218] pci 0000:00:09.0: reg 0x18: [io  0xd068-0xd06f]
[    0.328077] ACPI: PCI Interrupt Link [LNKA] (IRQs 5 9 10 *11)
[    0.328372] ACPI: PCI Interrupt Link [LNKB] (IRQs 5 9 *10 11)
[    0.328472] ACPI: PCI Interrupt Link [LNKC] (IRQs 5 *9 10 11)
[    0.328594] ACPI: PCI Interrupt Link [LNKD] (IRQs 5 9 10 *11)
[    0.328885] iommu: Default domain type: Translated 
[    0.328942] pci 0000:00:02.0: vgaarb: setting as boot VGA device
[    0.328944] pci 0000:00:02.0: vgaarb: VGA device added: decodes=io+mem,owns=io+mem,locks=none
[    0.328946] pci 0000:00:02.0: vgaarb: bridge control possible
[    0.328947] vgaarb: loaded
[    0.329159] SCSI subsystem initialized
[    0.329190] libata version 3.00 loaded.
[    0.329217] ACPI: bus type USB registered
[    0.329230] usbcore: registered new interface driver usbfs
[    0.329237] usbcore: registered new interface driver hub
[    0.329242] usbcore: registered new device driver usb
[    0.329270] pps_core: LinuxPPS API ver. 1 registered
[    0.329271] pps_core: Software ver. 5.3.6 - Copyright 2005-2007 Rodolfo Giometti <giometti@linux.it>
[    0.329275] PTP clock support registered
[    0.329308] EDAC MC: Ver: 3.0.0
[    0.329587] PCI: Using ACPI for IRQ routing
[    0.329589] PCI: pci_cache_line_size set to 64 bytes
[    0.329772] e820: reserve RAM buffer [mem 0x0009fc00-0x0009ffff]
[    0.329776] e820: reserve RAM buffer [mem 0x7fff0000-0x7fffffff]
[    0.330594] NetLabel: Initializing
[    0.330595] NetLabel:  domain hash size = 128
[    0.330596] NetLabel:  protocols = UNLABELED CIPSOv4 CALIPSO
[    0.330619] NetLabel:  unlabeled traffic allowed by default
[    0.331534] clocksource: Switched to clocksource kvm-clock
[    0.342713] *** VALIDATE bpf ***
[    0.342778] VFS: Disk quotas dquot_6.6.0
[    0.342791] VFS: Dquot-cache hash table entries: 512 (order 0, 4096 bytes)
[    0.342813] *** VALIDATE ramfs ***
[    0.342816] *** VALIDATE hugetlbfs ***
[    0.342898] AppArmor: AppArmor Filesystem Enabled
[    0.342927] pnp: PnP ACPI init
[    0.342999] pnp 00:00: Plug and Play ACPI device, IDs PNP0303 (active)
[    0.343062] pnp 00:01: Plug and Play ACPI device, IDs PNP0f03 (active)
[    0.343818] pnp: PnP ACPI: found 2 devices
[    0.344820] thermal_sys: Registered thermal governor 'fair_share'
[    0.344821] thermal_sys: Registered thermal governor 'bang_bang'
[    0.344822] thermal_sys: Registered thermal governor 'step_wise'
[    0.344822] thermal_sys: Registered thermal governor 'user_space'
[    0.344823] thermal_sys: Registered thermal governor 'power_allocator'
[    0.349337] clocksource: acpi_pm: mask: 0xffffff max_cycles: 0xffffff, max_idle_ns: 2085701024 ns
[    0.349378] pci_bus 0000:00: resource 4 [io  0x0000-0x0cf7 window]
[    0.349379] pci_bus 0000:00: resource 5 [io  0x0d00-0xffff window]
[    0.349381] pci_bus 0000:00: resource 6 [mem 0x000a0000-0x000bffff window]
[    0.349382] pci_bus 0000:00: resource 7 [mem 0x80000000-0xfdffffff window]
[    0.349444] NET: Registered protocol family 2
[    0.349522] IP idents hash table entries: 32768 (order: 6, 262144 bytes, linear)
[    0.349943] MPTCP tokens hash table entries: 8192 (order: 4, 65536 bytes, linear)
[    0.349966] MPTCP request tokens hash table entries: 8192 (order: 4, 65536 bytes, linear)
[    0.349991] default registered
[    0.349991] default registered
[    0.349992] MPTCP: Stable release v0.96
[    0.349997] tcp_listen_portaddr_hash hash table entries: 1024 (order: 2, 16384 bytes, linear)
[    0.350079] TCP established hash table entries: 16384 (order: 5, 131072 bytes, linear)
[    0.350145] TCP bind hash table entries: 16384 (order: 6, 262144 bytes, linear)
[    0.350170] TCP: Hash tables configured (established 16384 bind 16384)
[    0.350882] UDP hash table entries: 1024 (order: 3, 32768 bytes, linear)
[    0.350893] UDP-Lite hash table entries: 1024 (order: 3, 32768 bytes, linear)
[    0.350929] NET: Registered protocol family 1
[    0.350937] NET: Registered protocol family 44
[    0.350959] pci 0000:00:00.0: Limiting direct PCI/PCI transfers
[    0.350971] pci 0000:00:01.0: Activating ISA DMA hang workarounds
[    0.351028] pci 0000:00:02.0: Video device with shadowed ROM at [mem 0x000c0000-0x000dffff]
[    0.351094] PCI: CLS 0 bytes, default 64
[    0.351142] Trying to unpack rootfs image as initramfs...
[    0.527356] Freeing initrd memory: 47868K
[    0.527356] clocksource: tsc: mask: 0xffffffffffffffff max_cycles: 0x1e4530a99b6, max_idle_ns: 440795257976 ns
[    0.527356] clocksource: Switched to clocksource tsc
[    0.527356] platform rtc_cmos: registered platform RTC device (no PNP device found)
[    0.527356] check: Scanning for low memory corruption every 60 seconds
[    0.527356] Initialise system trusted keyrings
[    0.527356] Key type blacklist registered
[    0.527356] workingset: timestamp_bits=36 max_order=19 bucket_order=0
[    0.527356] zbud: loaded
[    0.527356] squashfs: version 4.0 (2009/01/31) Phillip Lougher
[    0.527356] fuse: init (API version 7.31)
[    0.527356] *** VALIDATE fuse ***
[    0.527356] *** VALIDATE fuse ***
[    0.527356] Platform Keyring initialized
[    0.539783] Key type asymmetric registered
[    0.539784] Asymmetric key parser 'x509' registered
[    0.539794] Block layer SCSI generic (bsg) driver version 0.4 loaded (major 244)
[    0.539833] io scheduler mq-deadline registered
[    0.539953] shpchp: Standard Hot Plug PCI Controller Driver version: 0.4
[    0.540169] ACPI: AC Adapter [AC] (on-line)
[    0.540215] input: Power Button as /devices/LNXSYSTM:00/LNXPWRBN:00/input/input0
[    0.540243] ACPI: Power Button [PWRF]
[    0.540322] input: Sleep Button as /devices/LNXSYSTM:00/LNXSLPBN:00/input/input1
[    0.540336] ACPI: Sleep Button [SLPF]
[    0.540560] Serial: 8250/16550 driver, 32 ports, IRQ sharing enabled
[    0.541705] Linux agpgart interface v0.103
[    0.631305] loop: module loaded
[    0.631473] ata_piix 0000:00:01.1: version 2.13
[    0.631885] scsi host0: ata_piix
[    0.631975] scsi host1: ata_piix
[    0.632001] ata1: PATA max UDMA/33 cmd 0x1f0 ctl 0x3f6 bmdma 0xd000 irq 14
[    0.632002] ata2: PATA max UDMA/33 cmd 0x170 ctl 0x376 bmdma 0xd008 irq 15
[    0.632085] tun: Universal TUN/TAP device driver, 1.6
[    0.632398] PPP generic driver version 2.4.2
[    0.632447] VFIO - User Level meta-driver version: 0.3
[    0.632689] ehci_hcd: USB 2.0 'Enhanced' Host Controller (EHCI) Driver
[    0.632691] ehci-pci: EHCI PCI platform driver
[    0.632707] ehci-platform: EHCI generic platform driver
[    0.632713] ohci_hcd: USB 1.1 'Open' Host Controller (OHCI) Driver
[    0.632715] ohci-pci: OHCI PCI platform driver
[    0.632721] ohci-platform: OHCI generic platform driver
[    0.632725] uhci_hcd: USB Universal Host Controller Interface driver
[    0.632791] i8042: PNP: PS/2 Controller [PNP0303:PS2K,PNP0f03:PS2M] at 0x60,0x64 irq 1,12
[    0.633229] serio: i8042 KBD port at 0x60,0x64 irq 1
[    0.633233] serio: i8042 AUX port at 0x60,0x64 irq 12
[    0.633320] mousedev: PS/2 mouse device common for all mice
[    0.633578] input: AT Translated Set 2 keyboard as /devices/platform/i8042/serio0/input/input2
[    0.633981] rtc_cmos rtc_cmos: registered as rtc0
[    0.633994] rtc_cmos rtc_cmos: alarms up to one day, 114 bytes nvram
[    0.633999] i2c /dev entries driver
[    0.634043] device-mapper: uevent: version 1.0.3
[    0.634085] device-mapper: ioctl: 4.41.0-ioctl (2019-09-16) initialised: dm-devel@redhat.com
[    0.634107] platform eisa.0: Probing EISA bus 0
[    0.634108] platform eisa.0: EISA: Cannot allocate resource for mainboard
[    0.634109] platform eisa.0: Cannot allocate resource for EISA slot 1
[    0.634110] platform eisa.0: Cannot allocate resource for EISA slot 2
[    0.634111] platform eisa.0: Cannot allocate resource for EISA slot 3
[    0.634112] platform eisa.0: Cannot allocate resource for EISA slot 4
[    0.634113] platform eisa.0: Cannot allocate resource for EISA slot 5
[    0.634114] platform eisa.0: Cannot allocate resource for EISA slot 6
[    0.634115] platform eisa.0: Cannot allocate resource for EISA slot 7
[    0.634116] platform eisa.0: Cannot allocate resource for EISA slot 8
[    0.634117] platform eisa.0: EISA: Detected 0 cards
[    0.634120] intel_pstate: CPU model not supported
[    0.634130] ledtrig-cpu: registered to indicate activity on CPUs
[    0.634185] drop_monitor: Initializing network drop monitor service
[    0.634346] NET: Registered protocol family 10
[    0.635280] Segment Routing with IPv6
[    0.635280] fullmesh registered
[    0.635280] ndiffports registered
[    0.635280] binder registered
[    0.635280] roundrobin registered
[    0.635280] mps registered
[    0.635280] redundant registered
[    0.635280] blest registered
[    0.635280] ecf registered
[    0.635280] NET: Registered protocol family 17
[    0.635280] Key type dns_resolver registered
[    0.635280] RAS: Correctable Errors collector initialized.
[    0.635280] IPI shorthand broadcast: enabled
[    0.635280] sched_clock: Marking stable (620032931, 11247159)->(634637100, -3357010)
[    0.639802] registered taskstats version 1
[    0.639813] Loading compiled-in X.509 certificates
[    0.640396] Loaded X.509 cert 'Build time autogenerated kernel key: 6909f3744cebb3d0de528d5887b96a727de79b1e'
[    0.640414] zswap: loaded using pool lzo/zbud
[    0.640468] Key type ._fscrypt registered
[    0.640469] Key type .fscrypt registered
[    0.644936] Key type big_key registered
[    0.647152] Key type encrypted registered
[    0.647155] AppArmor: AppArmor sha1 policy hashing enabled
[    0.647163] ima: No TPM chip found, activating TPM-bypass!
[    0.647167] ima: Allocated hash algorithm: sha1
[    0.647173] ima: No architecture policies found
[    0.647182] evm: Initialising EVM extended attributes:
[    0.647183] evm: security.selinux
[    0.647183] evm: security.SMACK64
[    0.647184] evm: security.SMACK64EXEC
[    0.647184] evm: security.SMACK64TRANSMUTE
[    0.647185] evm: security.SMACK64MMAP
[    0.647185] evm: security.apparmor
[    0.647185] evm: security.ima
[    0.647186] evm: security.capability
[    0.647187] evm: HMAC attrs: 0x1
[    0.647504] PM:   Magic number: 10:845:23
[    0.647641] rtc_cmos rtc_cmos: setting system clock to 2026-01-10T11:01:24 UTC (1768042884)
[    0.804388] ata1.00: ATA-6: VBOX HARDDISK, 1.0, max UDMA/133
[    0.804391] ata1.00: 209715200 sectors, multi 128: LBA 
[    0.805036] scsi 0:0:0:0: Direct-Access     ATA      VBOX HARDDISK    1.0  PQ: 0 ANSI: 5
[    0.805322] sd 0:0:0:0: [sda] 209715200 512-byte logical blocks: (107 GB/100 GiB)
[    0.805334] sd 0:0:0:0: [sda] Write Protect is off
[    0.805337] sd 0:0:0:0: [sda] Mode Sense: 00 3a 00 00
[    0.805356] sd 0:0:0:0: [sda] Write cache: enabled, read cache: enabled, doesn't support DPO or FUA
[    0.805667] sd 0:0:0:0: Attached scsi generic sg0 type 0
[    0.806355]  sda: sda1 sda2
[    0.815570] sd 0:0:0:0: [sda] Attached SCSI disk
[    0.819837] Freeing unused decrypted memory: 2040K
[    0.820999] Freeing unused kernel image memory: 2728K
[    0.821002] Write protecting the kernel read-only data: 22528k
[    0.822256] Freeing unused kernel image memory: 2036K
[    0.822963] Freeing unused kernel image memory: 1428K
[    0.855374] x86/mm: Checked W+X mappings: passed, no W+X pages found.
[    0.855381] Run /init as init process
[    0.976569] ACPI: Video Device [GFX0] (multi-head: yes  rom: no  post: no)
[    0.976647] input: Video Bus as /devices/LNXSYSTM:00/LNXSYBUS:00/PNP0A03:00/LNXVIDEO:00/input/input4
[    0.990617] pcnet32: pcnet32.c:v1.35 21.Apr.2008 tsbogend@alpha.franken.de
[    0.992372] piix4_smbus 0000:00:07.0: SMBus Host Controller at 0x4100, revision 0
[    0.994849] e1000: Intel(R) PRO/1000 Network Driver - version 7.3.21-k8-NAPI
[    0.994849] e1000: Copyright (c) 1999-2006 Intel Corporation.
[    1.009303] pcnet32: PCnet/FAST III 79C973 at 0xd020, 08:00:27:cf:f7:0e assigned IRQ 19
[    1.009345] pcnet32: Found PHY 0022:561b at address 0
[    1.009652] pcnet32: eth0: registered as PCnet/FAST III 79C973
[    1.012721] pcnet32: 1 cards_found
[    1.066710] pcnet32 0000:00:03.0 enp0s3: renamed from eth0
[    1.213008] input: ImExPS/2 Generic Explorer Mouse as /devices/platform/i8042/serio1/input/input5
[    1.411676] e1000 0000:00:08.0 eth0: (PCI:33MHz:32-bit) 08:00:27:af:73:66
[    1.411681] e1000 0000:00:08.0 eth0: Intel(R) PRO/1000 Network Connection
[    1.787699] e1000 0000:00:09.0 eth1: (PCI:33MHz:32-bit) 08:00:27:6c:69:83
[    1.787702] e1000 0000:00:09.0 eth1: Intel(R) PRO/1000 Network Connection
[    1.788887] e1000 0000:00:09.0 enp0s9: renamed from eth1
[    1.790757] e1000 0000:00:08.0 enp0s8: renamed from eth0
[    1.951308] EXT4-fs (sda2): mounted filesystem with ordered data mode. Opts: (null)
[    2.042964] systemd[1]: Inserted module 'autofs4'
[    2.055236] systemd[1]: systemd 245.4-4ubuntu3 running in system mode. (+PAM +AUDIT +SELINUX +IMA +APPARMOR +SMACK +SYSVINIT +UTMP +LIBCRYPTSETUP +GCRYPT +GNUTLS +ACL +XZ +LZ4 +SECCOMP +BLKID +ELFUTILS +KMOD +IDN2 -IDN +PCRE2 default-hierarchy=hybrid)
[    2.055263] systemd[1]: Detected virtualization oracle.
[    2.055267] systemd[1]: Detected architecture x86-64.
[    2.056569] systemd[1]: Set hostname to <ztg>.
[    2.183820] systemd[1]: /lib/systemd/system/dbus.socket:5: ListenStream= references a path below legacy directory /var/run/, updating /var/run/dbus/system_bus_socket â†’ /run/dbus/system_bus_socket; please update the unit file accordingly.
[    2.237963] systemd[1]: Created slice system-modprobe.slice.
[    2.238154] systemd[1]: Created slice User and Session Slice.
[    2.238198] systemd[1]: Started Forward Password Requests to Wall Directory Watch.
[    2.238360] systemd[1]: Set up automount Arbitrary Executable File Formats File System Automount Point.
[    2.238392] systemd[1]: Reached target User and Group Name Lookups.
[    2.238400] systemd[1]: Reached target Remote File Systems.
[    2.238409] systemd[1]: Reached target Slices.
[    2.238942] systemd[1]: Listening on Syslog Socket.
[    2.239011] systemd[1]: Listening on fsck to fsckd communication Socket.
[    2.239050] systemd[1]: Listening on initctl Compatibility Named Pipe.
[    2.239188] systemd[1]: Listening on Journal Audit Socket.
[    2.239241] systemd[1]: Listening on Journal Socket (/dev/log).
[    2.239326] systemd[1]: Listening on Journal Socket.
[    2.239436] systemd[1]: Listening on udev Control Socket.
[    2.239476] systemd[1]: Listening on udev Kernel Socket.
[    2.240242] systemd[1]: Mounting Huge Pages File System...
[    2.241170] systemd[1]: Mounting POSIX Message Queue File System...
[    2.242033] systemd[1]: Mounting Kernel Debug File System...
[    2.242826] systemd[1]: Mounting Kernel Trace File System...
[    2.244742] systemd[1]: Starting Journal Service...
[    2.270037] systemd[1]: Starting Set the console keyboard layout...
[    2.277901] systemd[1]: Starting Create list of static device nodes for the current kernel...
[    2.279702] systemd[1]: Starting Load Kernel Module drm...
[    2.280667] systemd[1]: Condition check resulted in Set Up Additional Binary Formats being skipped.
[    2.280723] systemd[1]: Condition check resulted in File System Check on Root Device being skipped.
[    2.291812] systemd[1]: Starting Load Kernel Modules...
[    2.300740] systemd[1]: Starting Remount Root and Kernel File Systems...
[    2.309155] systemd[1]: Starting udev Coldplug all Devices...
[    2.319554] systemd[1]: Starting Uncomplicated firewall...
[    2.320864] systemd[1]: Mounted Huge Pages File System.
[    2.320955] systemd[1]: Mounted POSIX Message Queue File System.
[    2.321026] systemd[1]: Mounted Kernel Debug File System.
[    2.321097] systemd[1]: Mounted Kernel Trace File System.
[    2.323093] EXT4-fs (sda2): re-mounted. Opts: errors=remount-ro
[    2.341110] systemd[1]: Finished Create list of static device nodes for the current kernel.
[    2.342243] systemd[1]: modprobe@drm.service: Succeeded.
[    2.342631] systemd[1]: Finished Load Kernel Module drm.
[    2.358901] systemd[1]: Finished Remount Root and Kernel File Systems.
[    2.359800] systemd[1]: Finished Uncomplicated firewall.
[    2.361585] lp: driver loaded but no devices found
[    2.379460] systemd[1]: Condition check resulted in Rebuild Hardware Database being skipped.
[    2.379499] systemd[1]: Condition check resulted in Platform Persistent Storage Archival being skipped.
[    2.380209] systemd[1]: Starting Load/Save Random Seed...
[    2.385775] systemd[1]: Starting Create System Users...
[    2.390885] ppdev: user-space parallel port driver
[    2.401530] systemd[1]: Finished Load/Save Random Seed.
[    2.404483] systemd[1]: Finished Create System Users.
[    2.405199] systemd[1]: Starting Create Static Device Nodes in /dev...
[    2.459385] systemd[1]: Finished Create Static Device Nodes in /dev.
[    2.460283] systemd[1]: Starting udev Kernel Device Manager...
[    2.472502] systemd[1]: Finished udev Coldplug all Devices.
[    2.481365] [drm] DMA map mode: Caching DMA mappings.
[    2.481426] [drm] Capabilities:
[    2.481426] [drm]   Rect copy.
[    2.481427] [drm]   Cursor.
[    2.481427] [drm]   Cursor bypass.
[    2.481428] [drm]   Cursor bypass 2.
[    2.481428] [drm]   Alpha cursor.
[    2.481428] [drm]   Extended Fifo.
[    2.481429] [drm]   Pitchlock.
[    2.481429] [drm]   Irq mask.
[    2.481429] [drm]   GMR.
[    2.481430] [drm]   Traces.
[    2.481430] [drm]   GMR2.
[    2.481430] [drm]   Screen Object 2.
[    2.481431] [drm]   Command Buffers.
[    2.481431] [drm]   Command Buffers 2.
[    2.481431] [drm]   Guest Backed Resources.
[    2.481435] [drm] Max GMR ids is 8192
[    2.481463] [drm] Max number of GMR pages is 1048576
[    2.481464] [drm] Max dedicated hypervisor surface memory is 393216 kiB
[    2.481464] [drm] Maximum display memory size is 131072 kiB
[    2.481465] [drm] VRAM at 0xe0000000 size is 131072 kiB
[    2.481466] [drm] MMIO at 0xf0000000 size is 2048 kiB
[    2.482639] [TTM] Zone  kernel: Available graphics memory: 1011736 KiB
[    2.482640] [TTM] Initializing pool allocator
[    2.482643] [TTM] Initializing DMA pool allocator
[    2.482676] [drm] Supports vblank timestamp caching Rev 2 (21.10.2013).
[    2.482676] [drm] No driver support for vblank timestamp query.
[    2.482921] [drm] Screen Target Display device initialized
[    2.483119] [drm] width 720
[    2.483129] [drm] height 400
[    2.483132] [drm] bpp 32
[    2.483661] [drm] Fifo max 0x00200000 min 0x00001000 cap 0x00000355
[    2.485415] [drm] Using command buffers with DMA pool.
[    2.485419] [drm] DX: no.
[    2.485419] [drm] Atomic: yes.
[    2.485420] [drm] SM4_1: no.
[    2.485438] [drm:vmw_host_log [vmwgfx]] *ERROR* Failed to send host log message.
[    2.486321] [drm:vmw_host_log [vmwgfx]] *ERROR* Failed to send host log message.
[    2.505155] fbcon: svgadrmfb (fb0) is primary device
[    2.507255] Console: switching to colour frame buffer device 100x37
[    2.538203] [drm] Initialized vmwgfx 2.15.0 20180704 for 0000:00:02.0 on minor 0
[    2.539265] systemd[1]: Finished Load Kernel Modules.
[    2.540213] systemd[1]: Mounting FUSE Control File System...
[    2.541432] systemd[1]: Mounting Kernel Configuration File System...
[    2.547412] systemd[1]: Starting Apply Kernel Variables...
[    2.557812] systemd[1]: Mounted FUSE Control File System.
[    2.557876] systemd[1]: Condition check resulted in VMware vmblock fuse mount being skipped.
[    2.560764] systemd[1]: Mounted Kernel Configuration File System.
[    2.568023] systemd[1]: Finished Set the console keyboard layout.
[    2.568119] systemd[1]: Reached target Local File Systems (Pre).
[    2.570374] systemd[1]: Mounting Mount unit for bare, revision 5...
[    2.572287] systemd[1]: Mounting Mount unit for core18, revision 1705...
[    2.585501] systemd[1]: Mounting Mount unit for core22, revision 2193...
[    2.601028] systemd[1]: Mounting Mount unit for gnome-3-34-1804, revision 24...
[    2.605232] systemd[1]: Mounting Mount unit for gnome-42-2204, revision 226...
[    2.615005] systemd[1]: Mounting Mount unit for gtk-common-themes, revision 1506...
[    2.617804] systemd[1]: Mounting Mount unit for gtk-common-themes, revision 1535...
[    2.629413] systemd[1]: Mounting Mount unit for snap-store, revision 1216...
[    2.657316] systemd[1]: Mounting Mount unit for snap-store, revision 433...
[    2.667275] systemd[1]: Mounting Mount unit for snapd, revision 25577...
[    2.679161] systemd[1]: Started udev Kernel Device Manager.
[    2.681154] systemd[1]: Finished Apply Kernel Variables.
[    2.681283] systemd[1]: Mounted Mount unit for bare, revision 5.
[    2.681369] systemd[1]: Mounted Mount unit for core18, revision 1705.
[    2.681442] systemd[1]: Mounted Mount unit for core22, revision 2193.
[    2.681516] systemd[1]: Mounted Mount unit for gnome-3-34-1804, revision 24.
[    2.684184] systemd[1]: Starting Show Plymouth Boot Screen...
[    2.708199] systemd[1]: Received SIGRTMIN+20 from PID 283 (plymouthd).
[    2.725166] systemd[1]: Started Show Plymouth Boot Screen.
[    2.725325] systemd[1]: Condition check resulted in Dispatch Password Requests to Console Directory Watch being skipped.
[    2.725412] systemd[1]: Started Forward Password Requests to Plymouth Directory Watch.
[    2.725444] systemd[1]: Reached target Local Encrypted Volumes.
[    2.780302] systemd[1]: Mounted Mount unit for gtk-common-themes, revision 1506.
[    2.828874] systemd[1]: Mounted Mount unit for gnome-42-2204, revision 226.
[    2.829181] systemd[1]: Mounted Mount unit for snapd, revision 25577.
[    2.861895] systemd[1]: Mounted Mount unit for snap-store, revision 433.
[    2.909986] systemd[1]: Mounted Mount unit for gtk-common-themes, revision 1535.
[    2.943794] systemd[1]: Mounted Mount unit for snap-store, revision 1216.
[    2.944025] systemd[1]: Reached target Local File Systems.
[    2.944924] systemd[1]: Starting Load AppArmor profiles...
[    2.947140] systemd[1]: Starting Set console font and keymap...
[    2.961689] systemd[1]: Starting Tell Plymouth To Write Out Runtime Data...
[    2.961795] systemd[1]: Condition check resulted in Store a System Token in an EFI Variable being skipped.
[    2.961850] systemd[1]: Condition check resulted in Commit a transient machine-id on disk being skipped.
[    2.965646] systemd[1]: Finished Set console font and keymap.
[    2.975024] systemd[1]: Received SIGRTMIN+20 from PID 283 (plymouthd).
[    2.976209] systemd[1]: plymouth-read-write.service: Succeeded.
[    2.976437] systemd[1]: Finished Tell Plymouth To Write Out Runtime Data.
[    3.009023] audit: type=1400 audit(1768042886.856:2): apparmor="STATUS" operation="profile_load" profile="unconfined" name="nvidia_modprobe" pid=305 comm="apparmor_parser"
[    3.009025] audit: type=1400 audit(1768042886.856:3): apparmor="STATUS" operation="profile_load" profile="unconfined" name="nvidia_modprobe//kmod" pid=305 comm="apparmor_parser"
[    3.015779] audit: type=1400 audit(1768042886.864:4): apparmor="STATUS" operation="profile_load" profile="unconfined" name="/usr/sbin/tcpdump" pid=306 comm="apparmor_parser"
[    3.057340] audit: type=1400 audit(1768042886.900:5): apparmor="STATUS" operation="profile_load" profile="unconfined" name="/usr/bin/evince" pid=308 comm="apparmor_parser"
[    3.057343] audit: type=1400 audit(1768042886.900:6): apparmor="STATUS" operation="profile_load" profile="unconfined" name="/usr/bin/evince//sanitized_helper" pid=308 comm="apparmor_parser"
[    3.057344] audit: type=1400 audit(1768042886.900:7): apparmor="STATUS" operation="profile_load" profile="unconfined" name="/usr/bin/evince-previewer" pid=308 comm="apparmor_parser"
[    3.057347] audit: type=1400 audit(1768042886.900:8): apparmor="STATUS" operation="profile_load" profile="unconfined" name="/usr/bin/evince-previewer//sanitized_helper" pid=308 comm="apparmor_parser"
[    3.057348] audit: type=1400 audit(1768042886.900:9): apparmor="STATUS" operation="profile_load" profile="unconfined" name="/usr/bin/evince-thumbnailer" pid=308 comm="apparmor_parser"
[    3.073225] audit: type=1400 audit(1768042886.924:10): apparmor="STATUS" operation="profile_load" profile="unconfined" name="/usr/lib/cups/backend/cups-pdf" pid=309 comm="apparmor_parser"
[    3.139438] systemd[1]: Finished Load AppArmor profiles.
[    3.140380] systemd[1]: Starting Load AppArmor profiles managed internally by snapd...
[    3.265849] systemd[1]: Started Journal Service.
[    3.274659] systemd-journald[229]: Received client request to flush runtime journal.
[    3.278848] systemd-journald[229]: File /var/log/journal/c455b248004a419c87ce85eea238d727/system.journal corrupted or uncleanly shut down, renaming and replacing.
[    4.587166] RAPL PMU: API unit is 2^-32 Joules, 0 fixed counters, 10737418240 ms ovfl timer
[    4.681549] cryptd: max_cpu_qlen set to 1000
[    4.720171] AVX2 version of gcm_enc/dec engaged.
[    4.720172] AES CTR mode by8 optimization enabled
[    6.732722] Adding 1998844k swap on /dev/sda1.  Priority:-2 extents:1 across:1998844k FS
[    7.392874] AAAAA: Error looking up destination IP: 369098976 - net/ipv4/ip_output.c: 285: dac_mps_nexthops
[    7.555491] AAAAA: Error looking up destination IP: 4211081440 - net/ipv4/ip_output.c: 285: dac_mps_nexthops
[    7.804874] AAAAA: Error looking up destination IP: 4211081440 - net/ipv4/ip_output.c: 285: dac_mps_nexthops
[    7.827814] AAAAA: Error looking up destination IP: 369098976 - net/ipv4/ip_output.c: 285: dac_mps_nexthops
[    8.077756] AAAAA: Error looking up destination IP: 4211081440 - net/ipv4/ip_output.c: 285: dac_mps_nexthops
[    8.106442] kauditd_printk_skb: 31 callbacks suppressed
[    8.106443] audit: type=1400 audit(1768042891.952:42): apparmor="DENIED" operation="capable" profile="/usr/sbin/cups-browsed" pid=573 comm="cups-browsed" capability=23  capname="sys_nice"
[    8.207074] AAAAA: Error looking up destination IP: 4211081440 - net/ipv4/ip_output.c: 285: dac_mps_nexthops
[    8.272274] AAAAA: Error looking up destination IP: 4211081440 - net/ipv4/ip_output.c: 285: dac_mps_nexthops
[    9.203894] pcnet32 0000:00:03.0 enp0s3: link up, 100Mbps, full-duplex
[    9.216867] AAAAA: Error looking up destination IP: 4211081440 - net/ipv4/ip_output.c: 285: dac_mps_nexthops
[    9.244748] e1000: enp0s8 NIC Link is Up 1000 Mbps Full Duplex, Flow Control: RX
[    9.245041] IPv6: ADDRCONF(NETDEV_CHANGE): enp0s8: link becomes ready
[    9.266962] e1000: enp0s9 NIC Link is Up 1000 Mbps Full Duplex, Flow Control: RX
[    9.267251] IPv6: ADDRCONF(NETDEV_CHANGE): enp0s9: link becomes ready
[    9.925007] device enp0s3 entered promiscuous mode
[    9.942432] audit: type=1400 audit(1768042893.792:43): apparmor="DENIED" operation="open" profile="/usr/sbin/tcpdump" name="/proc/sys/kernel/random/boot_id" pid=712 comm="tcpdump" requested_mask="r" denied_mask="r" fsuid=0 ouid=0
[    9.945647] audit: type=1400 audit(1768042893.796:44): apparmor="DENIED" operation="open" profile="/usr/sbin/tcpdump" name="/proc/sys/kernel/random/boot_id" pid=712 comm="tcpdump" requested_mask="r" denied_mask="r" fsuid=0 ouid=0
[    9.946832] audit: type=1400 audit(1768042893.796:45): apparmor="DENIED" operation="open" profile="/usr/sbin/tcpdump" name="/proc/sys/kernel/random/boot_id" pid=712 comm="tcpdump" requested_mask="r" denied_mask="r" fsuid=0 ouid=0
[    9.954958] audit: type=1400 audit(1768042893.796:46): apparmor="DENIED" operation="open" profile="/usr/sbin/tcpdump" name="/proc/sys/kernel/random/boot_id" pid=712 comm="tcpdump" requested_mask="r" denied_mask="r" fsuid=0 ouid=0
[    9.958122] audit: type=1400 audit(1768042893.796:47): apparmor="DENIED" operation="open" profile="/usr/sbin/tcpdump" name="/proc/sys/kernel/random/boot_id" pid=713 comm="tcpdump" requested_mask="r" denied_mask="r" fsuid=0 ouid=0
[    9.958599] audit: type=1400 audit(1768042893.796:48): apparmor="DENIED" operation="open" profile="/usr/sbin/tcpdump" name="/proc/sys/kernel/random/boot_id" pid=713 comm="tcpdump" requested_mask="r" denied_mask="r" fsuid=0 ouid=0
[    9.958643] audit: type=1400 audit(1768042893.796:49): apparmor="DENIED" operation="open" profile="/usr/sbin/tcpdump" name="/proc/sys/kernel/random/boot_id" pid=713 comm="tcpdump" requested_mask="r" denied_mask="r" fsuid=0 ouid=0
[    9.958661] audit: type=1400 audit(1768042893.796:50): apparmor="DENIED" operation="open" profile="/usr/sbin/tcpdump" name="/proc/sys/kernel/random/boot_id" pid=713 comm="tcpdump" requested_mask="r" denied_mask="r" fsuid=0 ouid=0
[   15.981173] rfkill: input handler disabled
[  120.813483] rfkill: input handler enabled
[  129.694562] rfkill: input handler disabled
[  244.996561] AAAAA-TCP_SEND: name:enp0s3: saddr:100932208: daddr:16783984: srtt_us:0: RTT:0: ssthresh:2147483647: cwnd:10: delivered:0: lost:0: retrans:0: loseo:0: stage:0: conn:0: RTT6:0: RTT7:0: delta:0
[  245.185155] AAAAA-TCP_RECV: name:enp0s3: saddr:16783984: daddr:100932208: srtt_us:0: RTT:0: ssthresh:2147483647: cwnd:10: delivered:0: lost:0: retrans:0: loseo:0: stage:0: conn:0: RTT6:0: RTT7:0: delta:0
[  245.185223] AAAAA-TCP_SEND: name:enp0s3: saddr:100932208: daddr:16783984: srtt_us:1564008: RTT:195501: ssthresh:2147483647: cwnd:10: delivered:1: lost:0: retrans:0: loseo:0: stage:0: conn:0: RTT6:0: RTT7:0: delta:0
[  245.186014] AAAAA-TCP_SEND: name:enp0s3: saddr:100932208: daddr:16783984: srtt_us:1564008: RTT:195501: ssthresh:2147483647: cwnd:10: delivered:1: lost:0: retrans:0: loseo:0: stage:0: conn:0: RTT6:0: RTT7:0: delta:0
[  245.396414] AAAAA-TCP_RECV: name:enp0s3: saddr:16783984: daddr:100932208: srtt_us:1564008: RTT:195501: ssthresh:2147483647: cwnd:10: delivered:1: lost:0: retrans:0: loseo:0: stage:0: conn:0: RTT6:0: RTT7:0: delta:0
[  245.523137] AAAAA-TCP_RECV: name:enp0s3: saddr:16783984: daddr:100932208: srtt_us:1564008: RTT:195501: ssthresh:2147483647: cwnd:10: delivered:1: lost:0: retrans:0: loseo:0: stage:0: conn:0: RTT6:0: RTT7:0: delta:0
[  245.523229] AAAAA-TCP_SEND: name:enp0s3: saddr:100932208: daddr:33561200: srtt_us:0: RTT:0: ssthresh:2147483647: cwnd:10: delivered:0: lost:0: retrans:0: loseo:0: stage:0: conn:0: RTT6:0: RTT7:0: delta:0
[  245.565255] AAAAA-TCP_RECV: name:enp0s3: saddr:16783984: daddr:100932208: srtt_us:1705658: RTT:213207: ssthresh:2147483647: cwnd:10: delivered:2: lost:0: retrans:0: loseo:0: stage:0: conn:0: RTT6:0: RTT7:0: delta:0
[  245.565339] AAAAA-TCP_SEND: name:enp0s3: saddr:100932208: daddr:16783984: srtt_us:1705658: RTT:213207: ssthresh:2147483647: cwnd:10: delivered:2: lost:0: retrans:0: loseo:0: stage:0: conn:0: RTT6:0: RTT7:0: delta:0
[  245.565647] AAAAA-TCP_SEND: name:enp0s3: saddr:100932208: daddr:16783984: srtt_us:1705658: RTT:213207: ssthresh:2147483647: cwnd:10: delivered:2: lost:0: retrans:0: loseo:0: stage:0: conn:0: RTT6:0: RTT7:0: delta:0
[  245.842038] AAAAA-TCP_RECV: name:enp0s3: saddr:33561200: daddr:100932208: srtt_us:0: RTT:0: ssthresh:2147483647: cwnd:10: delivered:0: lost:0: retrans:0: loseo:0: stage:0: conn:0: RTT6:0: RTT7:0: delta:0
[  245.842100] AAAAA-TCP_SEND: name:enp0s3: saddr:100932208: daddr:33561200: srtt_us:2550768: RTT:318846: ssthresh:2147483647: cwnd:10: delivered:1: lost:0: retrans:0: loseo:0: stage:0: conn:0: RTT6:0: RTT7:0: delta:0
[  246.103741] AAAAA-TCP_RECV: name:enp0s3: saddr:16783984: daddr:100932208: srtt_us:1705658: RTT:213207: ssthresh:2147483647: cwnd:10: delivered:2: lost:0: retrans:0: loseo:0: stage:0: conn:0: RTT6:0: RTT7:0: delta:0
[  246.110837] AAAAA-TCP_SEND: name:enp0s3: saddr:100932208: daddr:16783984: srtt_us:2030603: RTT:253825: ssthresh:2147483647: cwnd:11: delivered:3: lost:0: retrans:0: loseo:0: stage:0: conn:0: RTT6:0: RTT7:0: delta:0
[  246.110980] AAAAA-TCP_SEND: name:enp0s3: saddr:100932208: daddr:16783984: srtt_us:2030603: RTT:253825: ssthresh:2147483647: cwnd:11: delivered:3: lost:0: retrans:0: loseo:0: stage:0: conn:0: RTT6:0: RTT7:0: delta:0
[  246.333761] AAAAA-TCP_RECV: name:enp0s3: saddr:33561200: daddr:100932208: srtt_us:2550768: RTT:318846: ssthresh:2147483647: cwnd:10: delivered:1: lost:0: retrans:0: loseo:0: stage:0: conn:0: RTT6:0: RTT7:0: delta:0
[  246.720103] AAAAA-TCP_SEND: name:enp0s3: saddr:100932208: daddr:16783984: srtt_us:2030603: RTT:253825: ssthresh:2147483647: cwnd:11: delivered:3: lost:0: retrans:1: loseo:1: stage:0: conn:0: RTT6:0: RTT7:0: delta:0
[  246.863972] AAAAA-TCP_RECV: name:enp0s3: saddr:16783984: daddr:100932208: srtt_us:2030603: RTT:253825: ssthresh:2147483647: cwnd:11: delivered:3: lost:0: retrans:1: loseo:0: stage:0: conn:0: RTT6:0: RTT7:0: delta:0
[  246.946639] AAAAA-TCP_RECV: name:enp0s3: saddr:16783984: daddr:100932208: srtt_us:2536985: RTT:317123: ssthresh:2147483647: cwnd:12: delivered:4: lost:0: retrans:1: loseo:0: stage:0: conn:0: RTT6:0: RTT7:0: delta:0
[  247.157038] AAAAA-TCP_RECV: name:enp0s3: saddr:16783984: daddr:100932208: srtt_us:3062733: RTT:382841: ssthresh:2147483647: cwnd:13: delivered:5: lost:0: retrans:1: loseo:0: stage:0: conn:0: RTT6:0: RTT7:0: delta:0
[  247.157082] AAAAA-TCP_SEND: name:enp0s3: saddr:100932208: daddr:16783984: srtt_us:3062733: RTT:382841: ssthresh:9: cwnd:1: delivered:6: lost:6: retrans:2: loseo:1: stage:0: conn:0: RTT6:0: RTT7:0: delta:0
[  247.411354] AAAAA-TCP_SEND: name:enp0s3: saddr:100932208: daddr:33561200: srtt_us:2550768: RTT:318846: ssthresh:2147483647: cwnd:10: delivered:1: lost:0: retrans:0: loseo:0: stage:0: conn:0: RTT6:0: RTT7:0: delta:0
[  247.529326] AAAAA-TCP_RECV: name:enp0s3: saddr:16783984: daddr:100932208: srtt_us:3062733: RTT:382841: ssthresh:9: cwnd:1: delivered:6: lost:6: retrans:2: loseo:0: stage:0: conn:0: RTT6:0: RTT7:0: delta:0
[  247.686209] AAAAA-TCP_RECV: name:enp0s3: saddr:16783984: daddr:100932208: srtt_us:3062733: RTT:382841: ssthresh:9: cwnd:1: delivered:6: lost:6: retrans:2: loseo:0: stage:0: conn:0: RTT6:0: RTT7:0: delta:0
[  247.777952] AAAAA-TCP_RECV: name:enp0s3: saddr:16783984: daddr:100932208: srtt_us:3062733: RTT:382841: ssthresh:9: cwnd:1: delivered:6: lost:6: retrans:2: loseo:0: stage:0: conn:0: RTT6:0: RTT7:0: delta:0
[  247.778004] AAAAA-TCP_SEND: name:enp0s3: saddr:100932208: daddr:16783984: srtt_us:3300892: RTT:412611: ssthresh:2147483647: cwnd:15: delivered:8: lost:6: retrans:2: loseo:0: stage:0: conn:0: RTT6:0: RTT7:0: delta:0
[  247.995784] AAAAA-TCP_RECV: name:enp0s3: saddr:16783984: daddr:100932208: srtt_us:3300892: RTT:412611: ssthresh:2147483647: cwnd:15: delivered:8: lost:6: retrans:2: loseo:0: stage:0: conn:0: RTT6:0: RTT7:0: delta:0
[  247.995822] AAAAA-TCP_SEND: name:enp0s3: saddr:100932208: daddr:16783984: srtt_us:3300892: RTT:412611: ssthresh:2147483647: cwnd:15: delivered:8: lost:6: retrans:2: loseo:0: stage:0: conn:0: RTT6:0: RTT7:0: delta:0
[  247.995856] AAAAA-TCP_SEND: name:enp0s3: saddr:100932208: daddr:16783984: srtt_us:3300892: RTT:412611: ssthresh:10: cwnd:3: delivered:9: lost:6: retrans:3: loseo:1: stage:0: conn:0: RTT6:0: RTT7:0: delta:0
[  248.275367] AAAAA-TCP_SEND: name:enp0s3: saddr:100932208: daddr:33561200: srtt_us:2550768: RTT:318846: ssthresh:2147483647: cwnd:10: delivered:1: lost:0: retrans:1: loseo:1: stage:0: conn:0: RTT6:0: RTT7:0: delta:0
[  248.298814] AAAAA-TCP_RECV: name:enp0s3: saddr:33561200: daddr:100932208: srtt_us:2550768: RTT:318846: ssthresh:2147483647: cwnd:10: delivered:1: lost:0: retrans:1: loseo:0: stage:0: conn:0: RTT6:0: RTT7:0: delta:0
[  248.407964] AAAAA-TCP_RECV: name:enp0s3: saddr:16783984: daddr:100932208: srtt_us:3300892: RTT:412611: ssthresh:10: cwnd:3: delivered:9: lost:6: retrans:3: loseo:0: stage:0: conn:0: RTT6:0: RTT7:0: delta:0
[  248.408002] AAAAA-TCP_SEND: name:enp0s3: saddr:100932208: daddr:16783984: srtt_us:3300892: RTT:412611: ssthresh:10: cwnd:3: delivered:9: lost:6: retrans:3: loseo:0: stage:0: conn:0: RTT6:0: RTT7:0: delta:0
[  248.408153] AAAAA-TCP_SEND: name:enp0s3: saddr:100932208: daddr:16783984: srtt_us:0: RTT:0: ssthresh:2147483647: cwnd:10: delivered:0: lost:0: retrans:0: loseo:0: stage:0: conn:0: RTT6:0: RTT7:0: delta:0
[  248.514108] AAAAA-TCP_RECV: name:enp0s3: saddr:16783984: daddr:100932208: srtt_us:3300892: RTT:412611: ssthresh:10: cwnd:3: delivered:9: lost:6: retrans:3: loseo:0: stage:0: conn:0: RTT6:0: RTT7:0: delta:0
[  248.649264] AAAAA-TCP_RECV: name:enp0s3: saddr:16783984: daddr:100932208: srtt_us:3300892: RTT:412611: ssthresh:10: cwnd:3: delivered:9: lost:6: retrans:3: loseo:0: stage:0: conn:0: RTT6:0: RTT7:0: delta:0
[  248.712360] AAAAA-TCP_RECV: name:enp0s3: saddr:16783984: daddr:100932208: srtt_us:3759571: RTT:469946: ssthresh:10: cwnd:3: delivered:10: lost:6: retrans:3: loseo:0: stage:0: conn:0: RTT6:0: RTT7:0: delta:0
[  248.847057] AAAAA-TCP_RECV: name:enp0s3: saddr:16783984: daddr:100932208: srtt_us:3759571: RTT:469946: ssthresh:10: cwnd:3: delivered:10: lost:6: retrans:3: loseo:0: stage:0: conn:0: RTT6:0: RTT7:0: delta:0
[  248.870317] AAAAA-TCP_RECV: name:enp0s3: saddr:16783984: daddr:100932208: srtt_us:4140901: RTT:517612: ssthresh:10: cwnd:2: delivered:11: lost:6: retrans:3: loseo:0: stage:0: conn:0: RTT6:337151: RTT7:0: delta:0
[  248.898061] AAAAA-TCP_RECV: name:enp0s3: saddr:16783984: daddr:100932208: srtt_us:4140901: RTT:517612: ssthresh:10: cwnd:2: delivered:11: lost:6: retrans:3: loseo:0: stage:0: conn:0: RTT6:337151: RTT7:0: delta:0
[  248.927527] AAAAA-TCP_RECV: name:enp0s3: saddr:16783984: daddr:100932208: srtt_us:4140901: RTT:517612: ssthresh:10: cwnd:2: delivered:11: lost:6: retrans:3: loseo:0: stage:0: conn:0: RTT6:337151: RTT7:0: delta:0
[  248.948494] AAAAA-TCP_RECV: name:enp0s3: saddr:16783984: daddr:100932208: srtt_us:4555289: RTT:569411: ssthresh:10: cwnd:10: delivered:12: lost:6: retrans:3: loseo:0: stage:0: conn:4: RTT6:538152: RTT7:337151: delta:0
[  248.948525] AAAAA-TCP_SEND: name:enp0s3: saddr:100932208: daddr:16783984: srtt_us:4555289: RTT:569411: ssthresh:10: cwnd:10: delivered:12: lost:6: retrans:3: loseo:0: stage:0: conn:4: RTT6:538152: RTT7:337151: delta:0
[  249.076174] AAAAA-TCP_RECV: name:enp0s3: saddr:33561200: daddr:100932208: srtt_us:3118922: RTT:389865: ssthresh:2147483647: cwnd:10: delivered:2: lost:0: retrans:1: loseo:0: stage:0: conn:4: RTT6:0: RTT7:0: delta:0
[  249.125978] AAAAA-TCP_RECV: name:enp0s3: saddr:16783984: daddr:100932208: srtt_us:0: RTT:0: ssthresh:2147483647: cwnd:10: delivered:0: lost:0: retrans:0: loseo:0: stage:0: conn:0: RTT6:0: RTT7:0: delta:0
[  249.126033] AAAAA-TCP_SEND: name:enp0s3: saddr:100932208: daddr:16783984: srtt_us:5742752: RTT:717844: ssthresh:2147483647: cwnd:10: delivered:1: lost:0: retrans:0: loseo:0: stage:0: conn:0: RTT6:0: RTT7:0: delta:0
[  249.126104] AAAAA-TCP_SEND: name:enp0s3: saddr:100932208: daddr:16783984: srtt_us:5742752: RTT:717844: ssthresh:2147483647: cwnd:10: delivered:1: lost:0: retrans:0: loseo:0: stage:0: conn:0: RTT6:0: RTT7:0: delta:0
[  249.349358] AAAAA-TCP_RECV: name:enp0s3: saddr:16783984: daddr:100932208: srtt_us:5742752: RTT:717844: ssthresh:2147483647: cwnd:10: delivered:1: lost:0: retrans:0: loseo:0: stage:0: conn:0: RTT6:0: RTT7:0: delta:0
[  249.391610] AAAAA-TCP_RECV: name:enp0s3: saddr:16783984: daddr:100932208: srtt_us:5742752: RTT:717844: ssthresh:2147483647: cwnd:10: delivered:1: lost:0: retrans:0: loseo:0: stage:0: conn:0: RTT6:0: RTT7:0: delta:0
[  249.391666] AAAAA-TCP_SEND: name:enp0s3: saddr:100932208: daddr:33561200: srtt_us:0: RTT:0: ssthresh:2147483647: cwnd:10: delivered:0: lost:0: retrans:0: loseo:0: stage:0: conn:0: RTT6:0: RTT7:0: delta:0
[  249.466580] AAAAA-TCP_RECV: name:enp0s3: saddr:16783984: daddr:100932208: srtt_us:4555289: RTT:569411: ssthresh:10: cwnd:10: delivered:12: lost:6: retrans:3: loseo:0: stage:0: conn:4: RTT6:538152: RTT7:337151: delta:0
[  249.466594] AAAAA-TCP_SEND: name:enp0s3: saddr:100932208: daddr:16783984: srtt_us:4555289: RTT:569411: ssthresh:10: cwnd:10: delivered:12: lost:6: retrans:3: loseo:0: stage:0: conn:4: RTT6:538152: RTT7:337151: delta:0
[  249.607547] AAAAA-TCP_RECV: name:enp0s3: saddr:33561200: daddr:100932208: srtt_us:0: RTT:0: ssthresh:2147483647: cwnd:10: delivered:0: lost:0: retrans:0: loseo:0: stage:0: conn:0: RTT6:0: RTT7:0: delta:0
[  249.607572] AAAAA-TCP_SEND: name:enp0s3: saddr:100932208: daddr:33561200: srtt_us:1727104: RTT:215888: ssthresh:2147483647: cwnd:10: delivered:1: lost:0: retrans:0: loseo:0: stage:0: conn:0: RTT6:0: RTT7:0: delta:0
[  249.663853] AAAAA-TCP_RECV: name:enp0s3: saddr:16783984: daddr:100932208: srtt_us:4555289: RTT:569411: ssthresh:10: cwnd:10: delivered:12: lost:6: retrans:3: loseo:0: stage:0: conn:4: RTT6:538152: RTT7:337151: delta:0
[  249.663867] AAAAA-TCP_SEND: name:enp0s3: saddr:100932208: daddr:16783984: srtt_us:4555289: RTT:569411: ssthresh:10: cwnd:10: delivered:12: lost:6: retrans:3: loseo:0: stage:0: conn:4: RTT6:538152: RTT7:337151: delta:0
[  249.663921] AAAAA-TCP_SEND: name:enp0s3: saddr:100932208: daddr:16783984: srtt_us:5290420: RTT:661302: ssthresh:2147483647: cwnd:10: delivered:2: lost:0: retrans:0: loseo:0: stage:0: conn:0: RTT6:0: RTT7:0: delta:0
[  249.664032] AAAAA-TCP_SEND: name:enp0s3: saddr:100932208: daddr:16783984: srtt_us:5290420: RTT:661302: ssthresh:2147483647: cwnd:10: delivered:2: lost:0: retrans:0: loseo:0: stage:0: conn:0: RTT6:0: RTT7:0: delta:0
[  249.664047] AAAAA-TCP_SEND: name:enp0s3: saddr:100932208: daddr:16783984: srtt_us:5290420: RTT:661302: ssthresh:2147483647: cwnd:10: delivered:2: lost:0: retrans:0: loseo:0: stage:0: conn:0: RTT6:0: RTT7:0: delta:0
[  249.664139] AAAAA-TCP_SEND: name:enp0s3: saddr:100932208: daddr:16783984: srtt_us:5290420: RTT:661302: ssthresh:2147483647: cwnd:10: delivered:2: lost:0: retrans:0: loseo:0: stage:0: conn:0: RTT6:0: RTT7:0: delta:0
[  249.664158] AAAAA-TCP_SEND: name:enp0s3: saddr:100932208: daddr:16783984: srtt_us:5290420: RTT:661302: ssthresh:2147483647: cwnd:10: delivered:2: lost:0: retrans:0: loseo:0: stage:0: conn:0: RTT6:0: RTT7:0: delta:0
[  249.664242] AAAAA-TCP_SEND: name:enp0s3: saddr:100932208: daddr:16783984: srtt_us:5290420: RTT:661302: ssthresh:2147483647: cwnd:10: delivered:2: lost:0: retrans:0: loseo:0: stage:0: conn:0: RTT6:0: RTT7:0: delta:0
[  249.664257] AAAAA-TCP_SEND: name:enp0s3: saddr:100932208: daddr:16783984: srtt_us:5290420: RTT:661302: ssthresh:2147483647: cwnd:10: delivered:2: lost:0: retrans:0: loseo:0: stage:0: conn:0: RTT6:0: RTT7:0: delta:0
[  249.664333] AAAAA-TCP_SEND: name:enp0s3: saddr:100932208: daddr:16783984: srtt_us:5290420: RTT:661302: ssthresh:2147483647: cwnd:10: delivered:2: lost:0: retrans:0: loseo:0: stage:0: conn:0: RTT6:0: RTT7:0: delta:0
[  249.664347] AAAAA-TCP_SEND: name:enp0s3: saddr:100932208: daddr:16783984: srtt_us:5290420: RTT:661302: ssthresh:2147483647: cwnd:10: delivered:2: lost:0: retrans:0: loseo:0: stage:0: conn:0: RTT6:0: RTT7:0: delta:0
[  249.664417] AAAAA-TCP_SEND: name:enp0s3: saddr:100932208: daddr:16783984: srtt_us:5290420: RTT:661302: ssthresh:2147483647: cwnd:10: delivered:2: lost:0: retrans:0: loseo:0: stage:0: conn:0: RTT6:0: RTT7:0: delta:0
[  249.782020] AAAAA-TCP_RECV: name:enp0s3: saddr:33561200: daddr:100932208: srtt_us:1727104: RTT:215888: ssthresh:2147483647: cwnd:10: delivered:1: lost:0: retrans:0: loseo:0: stage:0: conn:0: RTT6:0: RTT7:0: delta:0
[  249.782057] AAAAA-TCP_SEND: name:enp0s3: saddr:100932208: daddr:33561200: srtt_us:1727104: RTT:215888: ssthresh:2147483647: cwnd:10: delivered:1: lost:0: retrans:0: loseo:0: stage:0: conn:0: RTT6:0: RTT7:0: delta:0
[  249.782078] AAAAA-TCP_SEND: name:enp0s3: saddr:100932208: daddr:33561200: srtt_us:1727104: RTT:215888: ssthresh:2147483647: cwnd:10: delivered:1: lost:0: retrans:0: loseo:0: stage:0: conn:0: RTT6:0: RTT7:0: delta:0
[  249.782728] AAAAA-TCP_SEND: name:enp0s3: saddr:100932208: daddr:33561200: srtt_us:1727104: RTT:215888: ssthresh:2147483647: cwnd:10: delivered:1: lost:0: retrans:0: loseo:0: stage:0: conn:0: RTT6:0: RTT7:0: delta:0
[  249.782747] AAAAA-TCP_SEND: name:enp0s3: saddr:100932208: daddr:33561200: srtt_us:1727104: RTT:215888: ssthresh:2147483647: cwnd:10: delivered:1: lost:0: retrans:0: loseo:0: stage:0: conn:0: RTT6:0: RTT7:0: delta:0
[  249.782816] AAAAA-TCP_SEND: name:enp0s3: saddr:100932208: daddr:33561200: srtt_us:1727104: RTT:215888: ssthresh:2147483647: cwnd:10: delivered:1: lost:0: retrans:0: loseo:0: stage:0: conn:0: RTT6:0: RTT7:0: delta:0
[  249.782827] AAAAA-TCP_SEND: name:enp0s3: saddr:100932208: daddr:33561200: srtt_us:1727104: RTT:215888: ssthresh:2147483647: cwnd:10: delivered:1: lost:0: retrans:0: loseo:0: stage:0: conn:0: RTT6:0: RTT7:0: delta:0
[  249.782901] AAAAA-TCP_SEND: name:enp0s3: saddr:100932208: daddr:33561200: srtt_us:1727104: RTT:215888: ssthresh:2147483647: cwnd:10: delivered:1: lost:0: retrans:0: loseo:0: stage:0: conn:0: RTT6:0: RTT7:0: delta:0
[  249.782912] AAAAA-TCP_SEND: name:enp0s3: saddr:100932208: daddr:33561200: srtt_us:1727104: RTT:215888: ssthresh:2147483647: cwnd:10: delivered:1: lost:0: retrans:0: loseo:0: stage:0: conn:0: RTT6:0: RTT7:0: delta:0
[  249.782973] AAAAA-TCP_SEND: name:enp0s3: saddr:100932208: daddr:33561200: srtt_us:1727104: RTT:215888: ssthresh:2147483647: cwnd:10: delivered:1: lost:0: retrans:0: loseo:0: stage:0: conn:0: RTT6:0: RTT7:0: delta:0
[  249.782985] AAAAA-TCP_SEND: name:enp0s3: saddr:100932208: daddr:33561200: srtt_us:1727104: RTT:215888: ssthresh:2147483647: cwnd:10: delivered:1: lost:0: retrans:0: loseo:0: stage:0: conn:0: RTT6:0: RTT7:0: delta:0
[  249.863288] AAAAA-TCP_RECV: name:enp0s3: saddr:16783984: daddr:100932208: srtt_us:5290420: RTT:661302: ssthresh:2147483647: cwnd:10: delivered:2: lost:0: retrans:0: loseo:0: stage:0: conn:0: RTT6:0: RTT7:0: delta:0
[  249.863328] AAAAA-TCP_SEND: name:enp0s3: saddr:100932208: daddr:16783984: srtt_us:4828503: RTT:603562: ssthresh:2147483647: cwnd:11: delivered:3: lost:0: retrans:0: loseo:0: stage:0: conn:0: RTT6:0: RTT7:0: delta:0
[  249.863348] AAAAA-TCP_SEND: name:enp0s3: saddr:100932208: daddr:16783984: srtt_us:4828503: RTT:603562: ssthresh:2147483647: cwnd:11: delivered:3: lost:0: retrans:0: loseo:0: stage:0: conn:0: RTT6:0: RTT7:0: delta:0
[  250.014195] AAAAA-TCP_RECV: name:enp0s3: saddr:16783984: daddr:100932208: srtt_us:4828503: RTT:603562: ssthresh:2147483647: cwnd:11: delivered:3: lost:0: retrans:0: loseo:0: stage:0: conn:0: RTT6:0: RTT7:0: delta:0
[  250.014219] AAAAA-TCP_SEND: name:enp0s3: saddr:100932208: daddr:16783984: srtt_us:4575109: RTT:571888: ssthresh:2147483647: cwnd:12: delivered:4: lost:0: retrans:0: loseo:0: stage:0: conn:0: RTT6:0: RTT7:0: delta:0
[  250.014236] AAAAA-TCP_SEND: name:enp0s3: saddr:100932208: daddr:16783984: srtt_us:4575109: RTT:571888: ssthresh:2147483647: cwnd:12: delivered:4: lost:0: retrans:0: loseo:0: stage:0: conn:0: RTT6:0: RTT7:0: delta:0
[  250.104048] AAAAA-TCP_RECV: name:enp0s3: saddr:16783984: daddr:100932208: srtt_us:4575109: RTT:571888: ssthresh:2147483647: cwnd:12: delivered:4: lost:0: retrans:0: loseo:0: stage:0: conn:0: RTT6:0: RTT7:0: delta:0
[  250.104091] AAAAA-TCP_SEND: name:enp0s3: saddr:100932208: daddr:16783984: srtt_us:4443238: RTT:555404: ssthresh:2147483647: cwnd:13: delivered:5: lost:0: retrans:0: loseo:0: stage:0: conn:0: RTT6:0: RTT7:0: delta:0
[  250.104113] AAAAA-TCP_SEND: name:enp0s3: saddr:100932208: daddr:16783984: srtt_us:4443238: RTT:555404: ssthresh:2147483647: cwnd:13: delivered:5: lost:0: retrans:0: loseo:0: stage:0: conn:0: RTT6:0: RTT7:0: delta:0
[  250.227293] AAAAA-TCP_SEND: name:enp0s3: saddr:100932208: daddr:33561200: srtt_us:1727104: RTT:215888: ssthresh:2147483647: cwnd:10: delivered:1: lost:0: retrans:1: loseo:1: stage:0: conn:0: RTT6:0: RTT7:0: delta:0
[  250.308972] AAAAA-TCP_RECV: name:enp0s3: saddr:16783984: daddr:100932208: srtt_us:4443238: RTT:555404: ssthresh:2147483647: cwnd:13: delivered:5: lost:0: retrans:0: loseo:0: stage:0: conn:0: RTT6:0: RTT7:0: delta:0
[  250.309016] AAAAA-TCP_SEND: name:enp0s3: saddr:100932208: daddr:16783984: srtt_us:4532686: RTT:566585: ssthresh:2147483647: cwnd:14: delivered:6: lost:0: retrans:0: loseo:0: stage:0: conn:0: RTT6:0: RTT7:0: delta:0
[  250.309041] AAAAA-TCP_SEND: name:enp0s3: saddr:100932208: daddr:16783984: srtt_us:4532686: RTT:566585: ssthresh:2147483647: cwnd:14: delivered:6: lost:0: retrans:0: loseo:0: stage:0: conn:0: RTT6:0: RTT7:0: delta:0
[  250.453987] AAAAA-TCP_RECV: name:enp0s3: saddr:16783984: daddr:100932208: srtt_us:4532686: RTT:566585: ssthresh:2147483647: cwnd:14: delivered:6: lost:0: retrans:0: loseo:0: stage:0: conn:0: RTT6:0: RTT7:0: delta:0
[  250.454083] AAAAA-TCP_SEND: name:enp0s3: saddr:100932208: daddr:16783984: srtt_us:4755972: RTT:594496: ssthresh:2147483647: cwnd:15: delivered:7: lost:0: retrans:0: loseo:0: stage:0: conn:0: RTT6:0: RTT7:0: delta:0
[  250.454154] AAAAA-TCP_SEND: name:enp0s3: saddr:100932208: daddr:16783984: srtt_us:4755972: RTT:594496: ssthresh:2147483647: cwnd:15: delivered:7: lost:0: retrans:0: loseo:0: stage:0: conn:0: RTT6:0: RTT7:0: delta:0
[  250.531921] AAAAA-TCP_RECV: name:enp0s3: saddr:16783984: daddr:100932208: srtt_us:4755972: RTT:594496: ssthresh:2147483647: cwnd:15: delivered:7: lost:0: retrans:0: loseo:0: stage:0: conn:0: RTT6:0: RTT7:0: delta:0
[  250.531985] AAAAA-TCP_SEND: name:enp0s3: saddr:100932208: daddr:16783984: srtt_us:5029161: RTT:628645: ssthresh:2147483647: cwnd:16: delivered:8: lost:0: retrans:0: loseo:0: stage:0: conn:0: RTT6:265512: RTT7:0: delta:0
[  250.532127] AAAAA-TCP_SEND: name:enp0s3: saddr:100932208: daddr:16783984: srtt_us:5029161: RTT:628645: ssthresh:2147483647: cwnd:16: delivered:8: lost:0: retrans:0: loseo:0: stage:0: conn:0: RTT6:265512: RTT7:0: delta:0
[  250.655589] AAAAA-TCP_RECV: name:enp0s3: saddr:16783984: daddr:100932208: srtt_us:5029161: RTT:628645: ssthresh:2147483647: cwnd:16: delivered:8: lost:0: retrans:0: loseo:0: stage:0: conn:0: RTT6:265512: RTT7:0: delta:0
[  250.655692] AAAAA-TCP_SEND: name:enp0s3: saddr:100932208: daddr:16783984: srtt_us:5391891: RTT:673986: ssthresh:2147483647: cwnd:17: delivered:9: lost:0: retrans:0: loseo:0: stage:0: conn:0: RTT6:199385: RTT7:265512: delta:0
[  250.655842] AAAAA-TCP_SEND: name:enp0s3: saddr:100932208: daddr:16783984: srtt_us:5391891: RTT:673986: ssthresh:2147483647: cwnd:17: delivered:9: lost:0: retrans:0: loseo:0: stage:0: conn:0: RTT6:199385: RTT7:265512: delta:0
[  250.750609] AAAAA-TCP_RECV: name:enp0s3: saddr:16783984: daddr:100932208: srtt_us:5391891: RTT:673986: ssthresh:2147483647: cwnd:17: delivered:9: lost:0: retrans:0: loseo:0: stage:0: conn:0: RTT6:199385: RTT7:265512: delta:0
[  250.750672] AAAAA-TCP_SEND: name:enp0s3: saddr:100932208: daddr:16783984: srtt_us:5804188: RTT:725523: ssthresh:2147483647: cwnd:18: delivered:10: lost:0: retrans:0: loseo:0: stage:0: conn:0: RTT6:350168: RTT7:199385: delta:0
[  250.750806] AAAAA-TCP_SEND: name:enp0s3: saddr:100932208: daddr:16783984: srtt_us:5804188: RTT:725523: ssthresh:2147483647: cwnd:18: delivered:10: lost:0: retrans:0: loseo:0: stage:0: conn:0: RTT6:350168: RTT7:199385: delta:0
[  250.804775] AAAAA-TCP_RECV: name:enp0s3: saddr:16783984: daddr:100932208: srtt_us:5804188: RTT:725523: ssthresh:2147483647: cwnd:18: delivered:10: lost:0: retrans:0: loseo:0: stage:0: conn:0: RTT6:350168: RTT7:199385: delta:0
[  250.804864] AAAAA-TCP_SEND: name:enp0s3: saddr:100932208: daddr:16783984: srtt_us:6219129: RTT:777391: ssthresh:2147483647: cwnd:19: delivered:11: lost:0: retrans:0: loseo:0: stage:0: conn:0: RTT6:440017: RTT7:350168: delta:0
[  250.804928] AAAAA-TCP_SEND: name:enp0s3: saddr:100932208: daddr:16783984: srtt_us:6219129: RTT:777391: ssthresh:2147483647: cwnd:19: delivered:11: lost:0: retrans:0: loseo:0: stage:0: conn:0: RTT6:440017: RTT7:350168: delta:0
[  250.880914] AAAAA-TCP_RECV: name:enp0s3: saddr:16783984: daddr:100932208: srtt_us:6219129: RTT:777391: ssthresh:2147483647: cwnd:19: delivered:11: lost:0: retrans:0: loseo:0: stage:0: conn:0: RTT6:440017: RTT7:350168: delta:0
[  250.880958] AAAAA-TCP_SEND: name:enp0s3: saddr:100932208: daddr:16783984: srtt_us:6658256: RTT:832282: ssthresh:2147483647: cwnd:20: delivered:12: lost:0: retrans:0: loseo:0: stage:0: conn:0: RTT6:644852: RTT7:440017: delta:0
[  250.880987] AAAAA-TCP_SEND: name:enp0s3: saddr:100932208: daddr:16783984: srtt_us:6658256: RTT:832282: ssthresh:2147483647: cwnd:20: delivered:12: lost:0: retrans:0: loseo:0: stage:0: conn:0: RTT6:644852: RTT7:440017: delta:0
[  250.899358] AAAAA-TCP_SEND: name:enp0s3: saddr:100932208: daddr:33561200: srtt_us:1727104: RTT:215888: ssthresh:7: cwnd:1: delivered:1: lost:10: retrans:2: loseo:1: stage:0: conn:0: RTT6:0: RTT7:0: delta:0
[  251.110458] AAAAA-TCP_RECV: name:enp0s3: saddr:33561200: daddr:100932208: srtt_us:1727104: RTT:215888: ssthresh:7: cwnd:1: delivered:1: lost:10: retrans:2: loseo:0: stage:0: conn:0: RTT6:0: RTT7:0: delta:0
[  251.110535] AAAAA-TCP_SEND: name:enp0s3: saddr:100932208: daddr:33561200: srtt_us:2840216: RTT:355027: ssthresh:2147483647: cwnd:11: delivered:2: lost:10: retrans:2: loseo:0: stage:0: conn:0: RTT6:0: RTT7:0: delta:0
[  251.110595] AAAAA-TCP_SEND: name:enp0s3: saddr:100932208: daddr:33561200: srtt_us:2840216: RTT:355027: ssthresh:2147483647: cwnd:11: delivered:2: lost:10: retrans:2: loseo:0: stage:0: conn:0: RTT6:0: RTT7:0: delta:0
[  251.227690] AAAAA-TCP_RECV: name:enp0s3: saddr:33561200: daddr:100932208: srtt_us:2840216: RTT:355027: ssthresh:2147483647: cwnd:11: delivered:2: lost:10: retrans:2: loseo:0: stage:0: conn:0: RTT6:0: RTT7:0: delta:0
[  251.227808] AAAAA-TCP_SEND: name:enp0s3: saddr:100932208: daddr:33561200: srtt_us:3930858: RTT:491357: ssthresh:2147483647: cwnd:12: delivered:3: lost:10: retrans:2: loseo:0: stage:0: conn:0: RTT6:0: RTT7:0: delta:0
[  251.227852] AAAAA-TCP_SEND: name:enp0s3: saddr:100932208: daddr:33561200: srtt_us:3930858: RTT:491357: ssthresh:2147483647: cwnd:12: delivered:3: lost:10: retrans:2: loseo:0: stage:0: conn:0: RTT6:0: RTT7:0: delta:0
[  251.325980] AAAAA-TCP_RECV: name:enp0s3: saddr:33561200: daddr:100932208: srtt_us:3930858: RTT:491357: ssthresh:2147483647: cwnd:12: delivered:3: lost:10: retrans:2: loseo:0: stage:0: conn:0: RTT6:0: RTT7:0: delta:0
[  251.326085] AAAAA-TCP_SEND: name:enp0s3: saddr:100932208: daddr:33561200: srtt_us:4982796: RTT:622849: ssthresh:2147483647: cwnd:13: delivered:4: lost:10: retrans:2: loseo:0: stage:0: conn:0: RTT6:0: RTT7:0: delta:0
[  251.326152] AAAAA-TCP_SEND: name:enp0s3: saddr:100932208: daddr:33561200: srtt_us:4982796: RTT:622849: ssthresh:2147483647: cwnd:13: delivered:4: lost:10: retrans:2: loseo:0: stage:0: conn:0: RTT6:0: RTT7:0: delta:0
[  251.449163] AAAAA-TCP_RECV: name:enp0s3: saddr:33561200: daddr:100932208: srtt_us:4982796: RTT:622849: ssthresh:2147483647: cwnd:13: delivered:4: lost:10: retrans:2: loseo:0: stage:0: conn:0: RTT6:0: RTT7:0: delta:0
[  251.449260] AAAAA-TCP_SEND: name:enp0s3: saddr:100932208: daddr:33561200: srtt_us:6026427: RTT:753303: ssthresh:2147483647: cwnd:14: delivered:5: lost:10: retrans:2: loseo:0: stage:0: conn:0: RTT6:0: RTT7:0: delta:0
[  251.449324] AAAAA-TCP_SEND: name:enp0s3: saddr:100932208: daddr:33561200: srtt_us:6026427: RTT:753303: ssthresh:2147483647: cwnd:14: delivered:5: lost:10: retrans:2: loseo:0: stage:0: conn:0: RTT6:0: RTT7:0: delta:0
[  251.579034] AAAAA-TCP_RECV: name:enp0s3: saddr:33561200: daddr:100932208: srtt_us:6026427: RTT:753303: ssthresh:2147483647: cwnd:14: delivered:5: lost:10: retrans:2: loseo:0: stage:0: conn:0: RTT6:0: RTT7:0: delta:0
[  251.579137] AAAAA-TCP_SEND: name:enp0s3: saddr:100932208: daddr:33561200: srtt_us:7069383: RTT:883672: ssthresh:2147483647: cwnd:15: delivered:6: lost:10: retrans:2: loseo:1: stage:0: conn:0: RTT6:0: RTT7:0: delta:0
[  251.579200] AAAAA-TCP_SEND: name:enp0s3: saddr:100932208: daddr:33561200: srtt_us:7069383: RTT:883672: ssthresh:2147483647: cwnd:15: delivered:6: lost:10: retrans:2: loseo:0: stage:0: conn:0: RTT6:0: RTT7:0: delta:0
[  251.703484] AAAAA-TCP_RECV: name:enp0s3: saddr:33561200: daddr:100932208: srtt_us:7069383: RTT:883672: ssthresh:2147483647: cwnd:15: delivered:6: lost:10: retrans:2: loseo:0: stage:0: conn:0: RTT6:0: RTT7:0: delta:0
[  251.703611] AAAAA-TCP_SEND: name:enp0s3: saddr:100932208: daddr:33561200: srtt_us:8106448: RTT:1013306: ssthresh:2147483647: cwnd:16: delivered:7: lost:10: retrans:2: loseo:0: stage:0: conn:0: RTT6:0: RTT7:0: delta:0
[  251.703674] AAAAA-TCP_SEND: name:enp0s3: saddr:100932208: daddr:33561200: srtt_us:8106448: RTT:1013306: ssthresh:2147483647: cwnd:16: delivered:7: lost:10: retrans:2: loseo:0: stage:0: conn:0: RTT6:0: RTT7:0: delta:0
[  251.799742] AAAAA-TCP_RECV: name:enp0s3: saddr:33561200: daddr:100932208: srtt_us:8106448: RTT:1013306: ssthresh:2147483647: cwnd:16: delivered:7: lost:10: retrans:2: loseo:0: stage:0: conn:0: RTT6:0: RTT7:0: delta:0
[  251.799941] AAAAA-TCP_SEND: name:enp0s3: saddr:100932208: daddr:33561200: srtt_us:9110036: RTT:1138754: ssthresh:2147483647: cwnd:17: delivered:8: lost:10: retrans:2: loseo:0: stage:0: conn:0: RTT6:1329000: RTT7:0: delta:0
[  251.800011] AAAAA-TCP_SEND: name:enp0s3: saddr:100932208: daddr:33561200: srtt_us:9110036: RTT:1138754: ssthresh:2147483647: cwnd:17: delivered:8: lost:10: retrans:2: loseo:0: stage:0: conn:0: RTT6:1329000: RTT7:0: delta:0
[  251.897246] AAAAA-TCP_RECV: name:enp0s3: saddr:33561200: daddr:100932208: srtt_us:9110036: RTT:1138754: ssthresh:2147483647: cwnd:17: delivered:8: lost:10: retrans:2: loseo:0: stage:0: conn:0: RTT6:1329000: RTT7:0: delta:0
[  251.897341] AAAAA-TCP_SEND: name:enp0s3: saddr:100932208: daddr:33561200: srtt_us:10085666: RTT:1260708: ssthresh:2147483647: cwnd:18: delivered:9: lost:10: retrans:2: loseo:0: stage:0: conn:0: RTT6:1445669: RTT7:1329000: delta:0
[  251.897406] AAAAA-TCP_SEND: name:enp0s3: saddr:100932208: daddr:33561200: srtt_us:10085666: RTT:1260708: ssthresh:2147483647: cwnd:18: delivered:9: lost:10: retrans:2: loseo:0: stage:0: conn:0: RTT6:1445669: RTT7:1329000: delta:0
[  252.087869] AAAAA-TCP_RECV: name:enp0s3: saddr:33561200: daddr:100932208: srtt_us:10085666: RTT:1260708: ssthresh:2147483647: cwnd:18: delivered:9: lost:10: retrans:2: loseo:0: stage:0: conn:0: RTT6:1445669: RTT7:1329000: delta:0
[  252.087970] AAAAA-TCP_SEND: name:enp0s3: saddr:100932208: daddr:33561200: srtt_us:11129892: RTT:1391236: ssthresh:2147483647: cwnd:19: delivered:10: lost:10: retrans:2: loseo:0: stage:0: conn:0: RTT6:1543295: RTT7:1445669: delta:0
[  252.088037] AAAAA-TCP_SEND: name:enp0s3: saddr:100932208: daddr:33561200: srtt_us:11129892: RTT:1391236: ssthresh:2147483647: cwnd:19: delivered:10: lost:10: retrans:2: loseo:0: stage:0: conn:0: RTT6:1543295: RTT7:1445669: delta:0
[  252.161154] AAAAA-TCP_RECV: name:enp0s3: saddr:33561200: daddr:100932208: srtt_us:11129892: RTT:1391236: ssthresh:2147483647: cwnd:19: delivered:10: lost:10: retrans:2: loseo:0: stage:0: conn:0: RTT6:1543295: RTT7:1445669: delta:0
[  252.161246] AAAAA-TCP_SEND: name:enp0s3: saddr:100932208: daddr:33561200: srtt_us:12116656: RTT:1514582: ssthresh:2147483647: cwnd:20: delivered:11: lost:10: retrans:2: loseo:0: stage:0: conn:0: RTT6:1666480: RTT7:1543295: delta:123185
[  252.161349] AAAAA-TCP_SEND: name:enp0s3: saddr:100932208: daddr:33561200: srtt_us:12116656: RTT:1514582: ssthresh:2147483647: cwnd:20: delivered:11: lost:10: retrans:2: loseo:0: stage:0: conn:0: RTT6:1666480: RTT7:1543295: delta:123185
[  252.179356] AAAAA-TCP_SEND: name:enp0s3: saddr:100932208: daddr:16783984: srtt_us:6658256: RTT:832282: ssthresh:2147483647: cwnd:20: delivered:12: lost:0: retrans:1: loseo:1: stage:0: conn:0: RTT6:644852: RTT7:440017: delta:0
[  252.375540] AAAAA-TCP_RECV: name:enp0s3: saddr:16783984: daddr:100932208: srtt_us:6658256: RTT:832282: ssthresh:2147483647: cwnd:20: delivered:12: lost:0: retrans:1: loseo:0: stage:0: conn:0: RTT6:644852: RTT7:440017: delta:0
[  252.375609] AAAAA-TCP_SEND: name:enp0s3: saddr:100932208: daddr:16783984: srtt_us:8338217: RTT:1042277: ssthresh:2147483647: cwnd:21: delivered:13: lost:0: retrans:1: loseo:0: stage:0: conn:0: RTT6:789871: RTT7:644852: delta:0
[  252.375646] AAAAA-TCP_SEND: name:enp0s3: saddr:100932208: daddr:16783984: srtt_us:8338217: RTT:1042277: ssthresh:2147483647: cwnd:21: delivered:13: lost:0: retrans:1: loseo:0: stage:0: conn:0: RTT6:789871: RTT7:644852: delta:0
[  252.454560] AAAAA-TCP_RECV: name:enp0s3: saddr:16783984: daddr:100932208: srtt_us:8338217: RTT:1042277: ssthresh:2147483647: cwnd:21: delivered:13: lost:0: retrans:1: loseo:0: stage:0: conn:0: RTT6:789871: RTT7:644852: delta:0
[  252.454623] AAAAA-TCP_SEND: name:enp0s3: saddr:100932208: daddr:16783984: srtt_us:9887203: RTT:1235900: ssthresh:2147483647: cwnd:22: delivered:14: lost:0: retrans:1: loseo:0: stage:0: conn:0: RTT6:867685: RTT7:789871: delta:0
[  252.454656] AAAAA-TCP_SEND: name:enp0s3: saddr:100932208: daddr:16783984: srtt_us:9887203: RTT:1235900: ssthresh:2147483647: cwnd:22: delivered:14: lost:0: retrans:1: loseo:0: stage:0: conn:0: RTT6:867685: RTT7:789871: delta:0
[  252.544443] AAAAA-TCP_RECV: name:enp0s3: saddr:16783984: daddr:100932208: srtt_us:9887203: RTT:1235900: ssthresh:2147483647: cwnd:22: delivered:14: lost:0: retrans:1: loseo:0: stage:0: conn:0: RTT6:867685: RTT7:789871: delta:0
[  252.544498] AAAAA-TCP_SEND: name:enp0s3: saddr:100932208: daddr:16783984: srtt_us:11181552: RTT:1397694: ssthresh:2147483647: cwnd:23: delivered:15: lost:0: retrans:1: loseo:0: stage:0: conn:0: RTT6:991375: RTT7:867685: delta:0
[  252.544527] AAAAA-TCP_SEND: name:enp0s3: saddr:100932208: daddr:16783984: srtt_us:11181552: RTT:1397694: ssthresh:2147483647: cwnd:23: delivered:15: lost:0: retrans:1: loseo:0: stage:0: conn:0: RTT6:991375: RTT7:867685: delta:0
[  252.820555] AAAAA-TCP_RECV: name:enp0s3: saddr:16783984: daddr:100932208: srtt_us:11181552: RTT:1397694: ssthresh:2147483647: cwnd:23: delivered:15: lost:0: retrans:1: loseo:0: stage:0: conn:0: RTT6:991375: RTT7:867685: delta:0
[  252.820610] AAAAA-TCP_SEND: name:enp0s3: saddr:100932208: daddr:16783984: srtt_us:12590203: RTT:1573775: ssthresh:2147483647: cwnd:24: delivered:16: lost:0: retrans:1: loseo:0: stage:0: conn:0: RTT6:1086283: RTT7:991375: delta:0
[  252.820650] AAAAA-TCP_SEND: name:enp0s3: saddr:100932208: daddr:16783984: srtt_us:12590203: RTT:1573775: ssthresh:2147483647: cwnd:24: delivered:16: lost:0: retrans:1: loseo:0: stage:0: conn:0: RTT6:1086283: RTT7:991375: delta:0
[  252.884809] AAAAA-TCP_RECV: name:enp0s3: saddr:16783984: daddr:100932208: srtt_us:12590203: RTT:1573775: ssthresh:2147483647: cwnd:24: delivered:16: lost:0: retrans:1: loseo:0: stage:0: conn:0: RTT6:1086283: RTT7:991375: delta:0
[  252.884885] AAAAA-TCP_SEND: name:enp0s3: saddr:100932208: daddr:16783984: srtt_us:13797181: RTT:1724647: ssthresh:24: cwnd:24: delivered:17: lost:0: retrans:1: loseo:0: stage:0: conn:4: RTT6:1140464: RTT7:1086283: delta:0
[  253.081157] AAAAA-TCP_RECV: name:enp0s3: saddr:33561200: daddr:100932208: srtt_us:12116656: RTT:1514582: ssthresh:2147483647: cwnd:20: delivered:11: lost:10: retrans:2: loseo:0: stage:0: conn:4: RTT6:1666480: RTT7:1543295: delta:123185
[  253.163022] AAAAA-TCP_RECV: name:enp0s3: saddr:16783984: daddr:100932208: srtt_us:13797181: RTT:1724647: ssthresh:24: cwnd:24: delivered:17: lost:0: retrans:1: loseo:0: stage:0: conn:4: RTT6:1140464: RTT7:1086283: delta:0
[  253.163068] AAAAA-TCP_SEND: name:enp0s3: saddr:100932208: daddr:16783984: srtt_us:15131488: RTT:1891436: ssthresh:24: cwnd:24: delivered:18: lost:0: retrans:1: loseo:0: stage:0: conn:4: RTT6:1140464: RTT7:1086283: delta:0
[  253.206384] AAAAA-TCP_RECV: name:enp0s3: saddr:16783984: daddr:100932208: srtt_us:15131488: RTT:1891436: ssthresh:24: cwnd:24: delivered:18: lost:0: retrans:1: loseo:0: stage:0: conn:4: RTT6:1140464: RTT7:1086283: delta:0
[  253.206421] AAAAA-TCP_SEND: name:enp0s3: saddr:100932208: daddr:16783984: srtt_us:16137441: RTT:2017180: ssthresh:24: cwnd:24: delivered:19: lost:0: retrans:1: loseo:0: stage:0: conn:4: RTT6:1140464: RTT7:1086283: delta:0
[  253.327335] AAAAA-TCP_RECV: name:enp0s3: saddr:16783984: daddr:100932208: srtt_us:16137441: RTT:2017180: ssthresh:24: cwnd:24: delivered:19: lost:0: retrans:1: loseo:0: stage:0: conn:4: RTT6:1140464: RTT7:1086283: delta:0
[  253.327386] AAAAA-TCP_SEND: name:enp0s3: saddr:100932208: daddr:16783984: srtt_us:17138605: RTT:2142325: ssthresh:24: cwnd:24: delivered:21: lost:0: retrans:1: loseo:0: stage:0: conn:4: RTT6:1140464: RTT7:1086283: delta:0
[  253.327410] AAAAA-TCP_SEND: name:enp0s3: saddr:100932208: daddr:16783984: srtt_us:17138605: RTT:2142325: ssthresh:24: cwnd:24: delivered:21: lost:0: retrans:1: loseo:0: stage:0: conn:4: RTT6:1140464: RTT7:1086283: delta:0
[  253.379424] AAAAA-TCP_RECV: name:enp0s3: saddr:16783984: daddr:100932208: srtt_us:17138605: RTT:2142325: ssthresh:24: cwnd:24: delivered:21: lost:0: retrans:1: loseo:0: stage:0: conn:4: RTT6:1140464: RTT7:1086283: delta:0
[  253.379466] AAAAA-TCP_SEND: name:enp0s3: saddr:100932208: daddr:16783984: srtt_us:17921653: RTT:2240206: ssthresh:24: cwnd:24: delivered:23: lost:0: retrans:1: loseo:0: stage:0: conn:4: RTT6:1140464: RTT7:1086283: delta:0
[  253.379489] AAAAA-TCP_SEND: name:enp0s3: saddr:100932208: daddr:16783984: srtt_us:17921653: RTT:2240206: ssthresh:24: cwnd:24: delivered:23: lost:0: retrans:1: loseo:0: stage:0: conn:4: RTT6:1140464: RTT7:1086283: delta:0
[  253.511441] AAAAA-TCP_RECV: name:enp0s3: saddr:16783984: daddr:100932208: srtt_us:17921653: RTT:2240206: ssthresh:24: cwnd:24: delivered:23: lost:0: retrans:1: loseo:0: stage:0: conn:4: RTT6:1140464: RTT7:1086283: delta:0
[  253.511491] AAAAA-TCP_SEND: name:enp0s3: saddr:100932208: daddr:16783984: srtt_us:18660925: RTT:2332615: ssthresh:24: cwnd:24: delivered:25: lost:0: retrans:1: loseo:0: stage:0: conn:4: RTT6:1140464: RTT7:1086283: delta:0
[  253.511520] AAAAA-TCP_SEND: name:enp0s3: saddr:100932208: daddr:16783984: srtt_us:18660925: RTT:2332615: ssthresh:24: cwnd:24: delivered:25: lost:0: retrans:1: loseo:0: stage:0: conn:4: RTT6:1140464: RTT7:1086283: delta:0
[  253.682442] AAAAA-TCP_RECV: name:enp0s3: saddr:16783984: daddr:100932208: srtt_us:18660925: RTT:2332615: ssthresh:24: cwnd:24: delivered:25: lost:0: retrans:1: loseo:0: stage:0: conn:4: RTT6:1140464: RTT7:1086283: delta:0
[  253.682498] AAAAA-TCP_SEND: name:enp0s3: saddr:100932208: daddr:16783984: srtt_us:19355097: RTT:2419387: ssthresh:24: cwnd:24: delivered:27: lost:0: retrans:1: loseo:0: stage:0: conn:4: RTT6:1140464: RTT7:1086283: delta:0
[  253.682523] AAAAA-TCP_SEND: name:enp0s3: saddr:100932208: daddr:16783984: srtt_us:19355097: RTT:2419387: ssthresh:24: cwnd:24: delivered:27: lost:0: retrans:1: loseo:0: stage:0: conn:4: RTT6:1140464: RTT7:1086283: delta:0
[  253.812844] AAAAA-TCP_RECV: name:enp0s3: saddr:16783984: daddr:100932208: srtt_us:19355097: RTT:2419387: ssthresh:24: cwnd:24: delivered:27: lost:0: retrans:1: loseo:0: stage:0: conn:4: RTT6:1140464: RTT7:1086283: delta:0
[  253.812890] AAAAA-TCP_SEND: name:enp0s3: saddr:100932208: daddr:16783984: srtt_us:19997915: RTT:2499739: ssthresh:24: cwnd:24: delivered:29: lost:0: retrans:1: loseo:0: stage:0: conn:4: RTT6:1140464: RTT7:1086283: delta:0
[  253.812911] AAAAA-TCP_SEND: name:enp0s3: saddr:100932208: daddr:16783984: srtt_us:19997915: RTT:2499739: ssthresh:24: cwnd:24: delivered:29: lost:0: retrans:1: loseo:0: stage:0: conn:4: RTT6:1140464: RTT7:1086283: delta:0
[  253.974625] AAAAA-TCP_RECV: name:enp0s3: saddr:16783984: daddr:100932208: srtt_us:19997915: RTT:2499739: ssthresh:24: cwnd:24: delivered:29: lost:0: retrans:1: loseo:0: stage:0: conn:4: RTT6:1140464: RTT7:1086283: delta:0
[  253.974674] AAAAA-TCP_SEND: name:enp0s3: saddr:100932208: daddr:16783984: srtt_us:20667970: RTT:2583496: ssthresh:24: cwnd:24: delivered:31: lost:0: retrans:1: loseo:0: stage:0: conn:4: RTT6:1216518: RTT7:1140464: delta:76054
[  253.974719] AAAAA-TCP_SEND: name:enp0s3: saddr:100932208: daddr:16783984: srtt_us:20667970: RTT:2583496: ssthresh:24: cwnd:24: delivered:31: lost:0: retrans:1: loseo:0: stage:0: conn:4: RTT6:1216518: RTT7:1140464: delta:76054
[  254.142926] AAAAA-TCP_RECV: name:enp0s3: saddr:33561200: daddr:100932208: srtt_us:12116656: RTT:1514582: ssthresh:2147483647: cwnd:20: delivered:12: lost:10: retrans:2: loseo:0: stage:0: conn:4: RTT6:1666480: RTT7:1543295: delta:123185
[  254.226096] AAAAA-TCP_RECV: name:enp0s3: saddr:16783984: daddr:100932208: srtt_us:20667970: RTT:2583496: ssthresh:24: cwnd:24: delivered:31: lost:0: retrans:1: loseo:0: stage:0: conn:4: RTT6:1216518: RTT7:1140464: delta:76054
[  254.226142] AAAAA-TCP_SEND: name:enp0s3: saddr:100932208: daddr:16783984: srtt_us:21429474: RTT:2678684: ssthresh:24: cwnd:24: delivered:32: lost:0: retrans:1: loseo:0: stage:0: conn:4: RTT6:2512243: RTT7:1216518: delta:76054
[  254.305832] AAAAA-TCP_RECV: name:enp0s3: saddr:33561200: daddr:100932208: srtt_us:12116656: RTT:1514582: ssthresh:2147483647: cwnd:20: delivered:13: lost:10: retrans:2: loseo:0: stage:0: conn:4: RTT6:1666480: RTT7:1543295: delta:123185
[  254.305879] AAAAA-TCP_SEND: name:enp0s3: saddr:100932208: daddr:33561200: srtt_us:13797400: RTT:1724675: ssthresh:2147483647: cwnd:21: delivered:14: lost:10: retrans:2: loseo:0: stage:0: conn:4: RTT6:1796259: RTT7:1666480: delta:123185
[  254.305903] AAAAA-TCP_SEND: name:enp0s3: saddr:100932208: daddr:33561200: srtt_us:13797400: RTT:1724675: ssthresh:2147483647: cwnd:21: delivered:14: lost:10: retrans:2: loseo:0: stage:0: conn:4: RTT6:1796259: RTT7:1666480: delta:123185
[  254.400013] AAAAA-TCP_RECV: name:enp0s3: saddr:33561200: daddr:100932208: srtt_us:13797400: RTT:1724675: ssthresh:2147483647: cwnd:21: delivered:14: lost:10: retrans:2: loseo:0: stage:0: conn:4: RTT6:1796259: RTT7:1666480: delta:123185
[  254.400055] AAAAA-TCP_SEND: name:enp0s3: saddr:100932208: daddr:33561200: srtt_us:15362232: RTT:1920279: ssthresh:2147483647: cwnd:22: delivered:15: lost:10: retrans:2: loseo:0: stage:0: conn:4: RTT6:1920737: RTT7:1796259: delta:123185
[  254.400080] AAAAA-TCP_SEND: name:enp0s3: saddr:100932208: daddr:33561200: srtt_us:15362232: RTT:1920279: ssthresh:2147483647: cwnd:22: delivered:15: lost:10: retrans:2: loseo:0: stage:0: conn:4: RTT6:1920737: RTT7:1796259: delta:123185
[  254.503507] AAAAA-TCP_RECV: name:enp0s3: saddr:33561200: daddr:100932208: srtt_us:15362232: RTT:1920279: ssthresh:2147483647: cwnd:22: delivered:15: lost:10: retrans:2: loseo:0: stage:0: conn:4: RTT6:1920737: RTT7:1796259: delta:123185
[  254.503561] AAAAA-TCP_SEND: name:enp0s3: saddr:100932208: daddr:33561200: srtt_us:16717685: RTT:2089710: ssthresh:2147483647: cwnd:23: delivered:16: lost:10: retrans:2: loseo:0: stage:0: conn:4: RTT6:2016894: RTT7:1920737: delta:123185
[  254.503588] AAAAA-TCP_SEND: name:enp0s3: saddr:100932208: daddr:33561200: srtt_us:16717685: RTT:2089710: ssthresh:2147483647: cwnd:23: delivered:16: lost:10: retrans:2: loseo:0: stage:0: conn:4: RTT6:2016894: RTT7:1920737: delta:123185
[  254.593184] AAAAA-TCP_RECV: name:enp0s3: saddr:33561200: daddr:100932208: srtt_us:16717685: RTT:2089710: ssthresh:2147483647: cwnd:23: delivered:16: lost:10: retrans:2: loseo:0: stage:0: conn:4: RTT6:2016894: RTT7:1920737: delta:123185
[  254.593243] AAAAA-TCP_SEND: name:enp0s3: saddr:100932208: daddr:33561200: srtt_us:17993385: RTT:2249173: ssthresh:2147483647: cwnd:24: delivered:17: lost:10: retrans:2: loseo:0: stage:0: conn:4: RTT6:2114384: RTT7:2016894: delta:123185
[  254.593271] AAAAA-TCP_SEND: name:enp0s3: saddr:100932208: daddr:33561200: srtt_us:17993385: RTT:2249173: ssthresh:2147483647: cwnd:24: delivered:17: lost:10: retrans:2: loseo:0: stage:0: conn:4: RTT6:2114384: RTT7:2016894: delta:123185
[  254.661566] AAAAA-TCP_RECV: name:enp0s3: saddr:33561200: daddr:100932208: srtt_us:17993385: RTT:2249173: ssthresh:2147483647: cwnd:24: delivered:17: lost:10: retrans:2: loseo:0: stage:0: conn:4: RTT6:2114384: RTT7:2016894: delta:123185
[  254.661619] AAAAA-TCP_SEND: name:enp0s3: saddr:100932208: daddr:33561200: srtt_us:19079732: RTT:2384966: ssthresh:2147483647: cwnd:25: delivered:18: lost:10: retrans:2: loseo:0: stage:0: conn:4: RTT6:2304934: RTT7:2114384: delta:123185
[  254.661645] AAAAA-TCP_SEND: name:enp0s3: saddr:100932208: daddr:33561200: srtt_us:19079732: RTT:2384966: ssthresh:2147483647: cwnd:25: delivered:18: lost:10: retrans:2: loseo:0: stage:0: conn:4: RTT6:2304934: RTT7:2114384: delta:123185
[  254.778825] AAAAA-TCP_RECV: name:enp0s3: saddr:33561200: daddr:100932208: srtt_us:19079732: RTT:2384966: ssthresh:2147483647: cwnd:25: delivered:18: lost:10: retrans:2: loseo:0: stage:0: conn:4: RTT6:2304934: RTT7:2114384: delta:123185
[  254.778893] AAAAA-TCP_SEND: name:enp0s3: saddr:100932208: daddr:33561200: srtt_us:20147561: RTT:2518445: ssthresh:2147483647: cwnd:26: delivered:19: lost:10: retrans:2: loseo:0: stage:0: conn:4: RTT6:2378000: RTT7:2304934: delta:123185
[  254.778949] AAAAA-TCP_SEND: name:enp0s3: saddr:100932208: daddr:33561200: srtt_us:20147561: RTT:2518445: ssthresh:2147483647: cwnd:26: delivered:19: lost:10: retrans:2: loseo:0: stage:0: conn:4: RTT6:2378000: RTT7:2304934: delta:123185
[  254.847454] AAAAA-TCP_RECV: name:enp0s3: saddr:33561200: daddr:100932208: srtt_us:20147561: RTT:2518445: ssthresh:2147483647: cwnd:26: delivered:19: lost:10: retrans:2: loseo:0: stage:0: conn:4: RTT6:2378000: RTT7:2304934: delta:123185
[  254.847498] AAAAA-TCP_SEND: name:enp0s3: saddr:100932208: daddr:33561200: srtt_us:21027342: RTT:2628417: ssthresh:2147483647: cwnd:27: delivered:20: lost:10: retrans:2: loseo:0: stage:0: conn:4: RTT6:3195326: RTT7:2378000: delta:123185
[  254.847523] AAAAA-TCP_SEND: name:enp0s3: saddr:100932208: daddr:33561200: srtt_us:21027342: RTT:2628417: ssthresh:2147483647: cwnd:27: delivered:20: lost:10: retrans:2: loseo:0: stage:0: conn:4: RTT6:3195326: RTT7:2378000: delta:123185
[  254.967990] AAAAA-TCP_RECV: name:enp0s3: saddr:33561200: daddr:100932208: srtt_us:21027342: RTT:2628417: ssthresh:2147483647: cwnd:27: delivered:20: lost:10: retrans:2: loseo:0: stage:0: conn:4: RTT6:3195326: RTT7:2378000: delta:123185
[  254.968032] AAAAA-TCP_SEND: name:enp0s3: saddr:100932208: daddr:33561200: srtt_us:21917687: RTT:2739710: ssthresh:2147483647: cwnd:28: delivered:21: lost:10: retrans:2: loseo:0: stage:0: conn:4: RTT6:3289507: RTT7:3195326: delta:123185
[  254.968057] AAAAA-TCP_SEND: name:enp0s3: saddr:100932208: daddr:33561200: srtt_us:21917687: RTT:2739710: ssthresh:2147483647: cwnd:28: delivered:21: lost:10: retrans:2: loseo:0: stage:0: conn:4: RTT6:3289507: RTT7:3195326: delta:123185
[  255.053394] AAAAA-TCP_RECV: name:enp0s3: saddr:33561200: daddr:100932208: srtt_us:21917687: RTT:2739710: ssthresh:2147483647: cwnd:28: delivered:21: lost:10: retrans:2: loseo:0: stage:0: conn:4: RTT6:3289507: RTT7:3195326: delta:123185
[  255.053435] AAAAA-TCP_SEND: name:enp0s3: saddr:100932208: daddr:33561200: srtt_us:22652265: RTT:2831533: ssthresh:28: cwnd:28: delivered:22: lost:10: retrans:2: loseo:0: stage:0: conn:2: RTT6:3275732: RTT7:3289507: delta:123185
[  255.137510] AAAAA-TCP_RECV: name:enp0s3: saddr:33561200: daddr:100932208: srtt_us:22652265: RTT:2831533: ssthresh:28: cwnd:28: delivered:22: lost:10: retrans:2: loseo:0: stage:0: conn:2: RTT6:3275732: RTT7:3289507: delta:123185
[  255.286510] AAAAA-TCP_RECV: name:enp0s3: saddr:33561200: daddr:100932208: srtt_us:23379136: RTT:2922392: ssthresh:28: cwnd:28: delivered:23: lost:10: retrans:2: loseo:0: stage:0: conn:2: RTT6:3275732: RTT7:3289507: delta:123185
[  255.491664] AAAAA-TCP_RECV: name:enp0s3: saddr:33561200: daddr:100932208: srtt_us:24039678: RTT:3004959: ssthresh:28: cwnd:28: delivered:24: lost:10: retrans:2: loseo:0: stage:0: conn:2: RTT6:3275732: RTT7:3289507: delta:123185
[  255.734301] AAAAA-TCP_RECV: name:enp0s3: saddr:33561200: daddr:100932208: srtt_us:24822792: RTT:3102849: ssthresh:28: cwnd:28: delivered:25: lost:10: retrans:2: loseo:0: stage:0: conn:2: RTT6:3275732: RTT7:3289507: delta:123185
[  255.839401] AAAAA-TCP_RECV: name:enp0s3: saddr:33561200: daddr:100932208: srtt_us:25654341: RTT:3206792: ssthresh:28: cwnd:28: delivered:26: lost:10: retrans:2: loseo:0: stage:0: conn:2: RTT6:3275732: RTT7:3289507: delta:123185
[  255.955023] AAAAA-TCP_RECV: name:enp0s3: saddr:33561200: daddr:100932208: srtt_us:26487031: RTT:3310878: ssthresh:28: cwnd:28: delivered:27: lost:10: retrans:2: loseo:0: stage:0: conn:2: RTT6:3275732: RTT7:3289507: delta:123185
[  256.034977] AAAAA-TCP_RECV: name:enp0s3: saddr:33561200: daddr:100932208: srtt_us:27233870: RTT:3404233: ssthresh:28: cwnd:29: delivered:28: lost:10: retrans:2: loseo:0: stage:0: conn:2: RTT6:3275732: RTT7:3289507: delta:123185
[  256.155028] AAAAA-TCP_RECV: name:enp0s3: saddr:33561200: daddr:100932208: srtt_us:27967308: RTT:3495913: ssthresh:28: cwnd:29: delivered:29: lost:10: retrans:2: loseo:0: stage:0: conn:2: RTT6:3275732: RTT7:3289507: delta:123185
[  256.297895] AAAAA-TCP_RECV: name:enp0s3: saddr:33561200: daddr:100932208: srtt_us:28538474: RTT:3567309: ssthresh:28: cwnd:29: delivered:30: lost:10: retrans:2: loseo:0: stage:0: conn:2: RTT6:3365410: RTT7:3275732: delta:89678
[  256.431775] AAAAA-TCP_RECV: name:enp0s3: saddr:16783984: daddr:100932208: srtt_us:21429474: RTT:2678684: ssthresh:24: cwnd:24: delivered:32: lost:0: retrans:1: loseo:0: stage:0: conn:2: RTT6:2512243: RTT7:1216518: delta:76054
[  256.543867] AAAAA-TCP_RECV: name:enp0s3: saddr:33561200: daddr:100932208: srtt_us:29181126: RTT:3647640: ssthresh:28: cwnd:29: delivered:32: lost:10: retrans:2: loseo:0: stage:0: conn:2: RTT6:3335520: RTT7:3365410: delta:89678
[  256.631199] AAAAA-TCP_RECV: name:enp0s3: saddr:16783984: daddr:100932208: srtt_us:21429474: RTT:2678684: ssthresh:24: cwnd:24: delivered:33: lost:0: retrans:1: loseo:0: stage:0: conn:2: RTT6:2512243: RTT7:1216518: delta:76054
[  256.760053] AAAAA-TCP_RECV: name:enp0s3: saddr:16783984: daddr:100932208: srtt_us:23006412: RTT:2875801: ssthresh:24: cwnd:25: delivered:34: lost:0: retrans:1: loseo:0: stage:0: conn:2: RTT6:2591263: RTT7:2512243: delta:76054
[  256.818270] AAAAA-TCP_RECV: name:enp0s3: saddr:16783984: daddr:100932208: srtt_us:24515087: RTT:3064385: ssthresh:24: cwnd:26: delivered:35: lost:0: retrans:1: loseo:0: stage:0: conn:2: RTT6:2530249: RTT7:2591263: delta:76054
[  256.922752] AAAAA-TCP_RECV: name:enp0s3: saddr:16783984: daddr:100932208: srtt_us:25814376: RTT:3226797: ssthresh:24: cwnd:26: delivered:36: lost:0: retrans:1: loseo:0: stage:0: conn:2: RTT6:2806345: RTT7:2530249: delta:76054
[  257.016532] AAAAA-TCP_RECV: name:enp0s3: saddr:16783984: daddr:100932208: srtt_us:27055735: RTT:3381966: ssthresh:24: cwnd:27: delivered:37: lost:0: retrans:1: loseo:0: stage:0: conn:2: RTT6:2780753: RTT7:2806345: delta:76054
[  257.103584] AAAAA-TCP_RECV: name:enp0s3: saddr:16783984: daddr:100932208: srtt_us:28145830: RTT:3518228: ssthresh:24: cwnd:27: delivered:38: lost:0: retrans:1: loseo:0: stage:0: conn:2: RTT6:3093690: RTT7:2780753: delta:76054
[  257.157134] AAAAA-TCP_RECV: name:enp0s3: saddr:16783984: daddr:100932208: srtt_us:29186728: RTT:3648341: ssthresh:24: cwnd:28: delivered:39: lost:0: retrans:1: loseo:0: stage:0: conn:2: RTT6:3345000: RTT7:3093690: delta:76054
[  257.214607] AAAAA-TCP_RECV: name:enp0s3: saddr:16783984: daddr:100932208: srtt_us:29874941: RTT:3734367: ssthresh:24: cwnd:28: delivered:40: lost:0: retrans:1: loseo:0: stage:0: conn:2: RTT6:4255622: RTT7:3345000: delta:76054
[  257.283364] AAAAA-TCP_RECV: name:enp0s3: saddr:16783984: daddr:100932208: srtt_us:30534600: RTT:3816825: ssthresh:24: cwnd:29: delivered:41: lost:0: retrans:1: loseo:0: stage:0: conn:2: RTT6:4384476: RTT7:4255622: delta:76054
[  257.420615] AAAAA-TCP_RECV: name:enp0s3: saddr:16783984: daddr:100932208: srtt_us:31116281: RTT:3889535: ssthresh:24: cwnd:29: delivered:42: lost:0: retrans:1: loseo:0: stage:0: conn:2: RTT6:4363674: RTT7:4384476: delta:4294946494
[  257.520717] AAAAA-TCP_RECV: name:enp0s3: saddr:16783984: daddr:100932208: srtt_us:31484318: RTT:3935539: ssthresh:24: cwnd:30: delivered:43: lost:0: retrans:1: loseo:0: stage:0: conn:2: RTT6:4468156: RTT7:4363674: delta:4294946494
[  257.625271] AAAAA-TCP_RECV: name:enp0s3: saddr:16783984: daddr:100932208: srtt_us:31863085: RTT:3982885: ssthresh:24: cwnd:30: delivered:44: lost:0: retrans:1: loseo:0: stage:0: conn:2: RTT6:4472061: RTT7:4468156: delta:4294946494
[  257.693476] AAAAA-TCP_RECV: name:enp0s3: saddr:16783984: daddr:100932208: srtt_us:32178110: RTT:4022263: ssthresh:24: cwnd:31: delivered:45: lost:0: retrans:1: loseo:0: stage:0: conn:2: RTT6:4559126: RTT7:4472061: delta:4294946494
[  257.767658] AAAAA-TCP_RECV: name:enp0s3: saddr:16783984: daddr:100932208: srtt_us:32521948: RTT:4065243: ssthresh:24: cwnd:31: delivered:46: lost:0: retrans:1: loseo:0: stage:0: conn:2: RTT6:4336554: RTT7:4559126: delta:4294946494
[  257.871030] AAAAA-TCP_RECV: name:enp0s3: saddr:16783984: daddr:100932208: srtt_us:32844920: RTT:4105615: ssthresh:24: cwnd:32: delivered:47: lost:0: retrans:1: loseo:0: stage:0: conn:2: RTT6:4394026: RTT7:4336554: delta:4294946494
[  257.973593] AAAAA-TCP_RECV: name:enp0s3: saddr:16783984: daddr:100932208: srtt_us:33230891: RTT:4153861: ssthresh:24: cwnd:32: delivered:48: lost:0: retrans:1: loseo:0: stage:0: conn:2: RTT6:4398506: RTT7:4394026: delta:4294946494
[  258.074754] AAAAA-TCP_RECV: name:enp0s3: saddr:16783984: daddr:100932208: srtt_us:33539161: RTT:4192395: ssthresh:24: cwnd:33: delivered:49: lost:0: retrans:1: loseo:0: stage:0: conn:2: RTT6:4257572: RTT7:4398506: delta:4294946494
[  258.142138] AAAAA-TCP_RECV: name:enp0s3: saddr:16783984: daddr:100932208: srtt_us:33910057: RTT:4238757: ssthresh:24: cwnd:33: delivered:50: lost:0: retrans:1: loseo:0: stage:0: conn:2: RTT6:4314306: RTT7:4257572: delta:4294946494
[  258.192876] AAAAA-TCP_RECV: name:enp0s3: saddr:16783984: daddr:100932208: srtt_us:34130981: RTT:4266372: ssthresh:24: cwnd:34: delivered:52: lost:0: retrans:1: loseo:0: stage:0: conn:2: RTT6:4297910: RTT7:4314306: delta:4294946494
[  258.233670] AAAAA-TCP_RECV: name:enp0s3: saddr:16783984: daddr:100932208: srtt_us:34244618: RTT:4280577: ssthresh:24: cwnd:35: delivered:54: lost:0: retrans:1: loseo:0: stage:0: conn:2: RTT6:4366101: RTT7:4297910: delta:68191
[  258.356009] AAAAA-TCP_RECV: name:enp0s3: saddr:33561200: daddr:100932208: srtt_us:29916144: RTT:3739518: ssthresh:28: cwnd:20: delivered:33: lost:10: retrans:2: loseo:0: stage:0: conn:2: RTT6:3452795: RTT7:3335520: delta:89678
[  258.419034] AAAAA-TCP_RECV: name:enp0s3: saddr:16783984: daddr:100932208: srtt_us:34223058: RTT:4277882: ssthresh:24: cwnd:36: delivered:56: lost:0: retrans:1: loseo:0: stage:0: conn:2: RTT6:4388215: RTT7:4366101: delta:68191
[  258.497934] AAAAA-TCP_RECV: name:enp0s3: saddr:33561200: daddr:100932208: srtt_us:30226788: RTT:3778348: ssthresh:28: cwnd:21: delivered:34: lost:10: retrans:2: loseo:0: stage:0: conn:2: RTT6:3398226: RTT7:3452795: delta:89678
[  258.547763] AAAAA-TCP_RECV: name:enp0s3: saddr:33561200: daddr:100932208: srtt_us:30640510: RTT:3830063: ssthresh:28: cwnd:22: delivered:35: lost:10: retrans:2: loseo:0: stage:0: conn:2: RTT6:3518762: RTT7:3398226: delta:89678
[  258.627746] AAAAA-TCP_RECV: name:enp0s3: saddr:33561200: daddr:100932208: srtt_us:30958183: RTT:3869772: ssthresh:28: cwnd:23: delivered:36: lost:10: retrans:2: loseo:0: stage:0: conn:2: RTT6:3474288: RTT7:3518762: delta:89678
[  258.696163] AAAAA-TCP_RECV: name:enp0s3: saddr:33561200: daddr:100932208: srtt_us:31316128: RTT:3914516: ssthresh:28: cwnd:24: delivered:37: lost:10: retrans:2: loseo:0: stage:0: conn:2: RTT6:4067079: RTT7:3474288: delta:89678
[  258.749403] AAAAA-TCP_RECV: name:enp0s3: saddr:33561200: daddr:100932208: srtt_us:31594240: RTT:3949280: ssthresh:28: cwnd:25: delivered:38: lost:10: retrans:2: loseo:0: stage:0: conn:2: RTT6:4136684: RTT7:4067079: delta:89678
[  258.871924] AAAAA-TCP_RECV: name:enp0s3: saddr:33561200: daddr:100932208: srtt_us:31890814: RTT:3986351: ssthresh:28: cwnd:26: delivered:39: lost:10: retrans:2: loseo:0: stage:0: conn:2: RTT6:4382658: RTT7:4136684: delta:89678
[  258.947942] AAAAA-TCP_RECV: name:enp0s3: saddr:33561200: daddr:100932208: srtt_us:32183170: RTT:4022896: ssthresh:28: cwnd:27: delivered:40: lost:10: retrans:2: loseo:0: stage:0: conn:2: RTT6:4050162: RTT7:4382658: delta:89678
[  258.999674] AAAAA-TCP_RECV: name:enp0s3: saddr:33561200: daddr:100932208: srtt_us:32515000: RTT:4064375: ssthresh:28: cwnd:28: delivered:41: lost:10: retrans:2: loseo:0: stage:0: conn:2: RTT6:4192070: RTT7:4050162: delta:141908
[  259.055002] AAAAA-TCP_RECV: name:enp0s3: saddr:33561200: daddr:100932208: srtt_us:32788705: RTT:4098588: ssthresh:28: cwnd:29: delivered:42: lost:10: retrans:2: loseo:0: stage:0: conn:2: RTT6:4147736: RTT7:4192070: delta:141908
[  259.154161] AAAAA-TCP_RECV: name:enp0s3: saddr:33561200: daddr:100932208: srtt_us:33083526: RTT:4135440: ssthresh:28: cwnd:29: delivered:43: lost:10: retrans:2: loseo:0: stage:0: conn:2: RTT6:4227717: RTT7:4147736: delta:141908
