[    0.000000] Linux version 5.4.243-dmptcp (root@ztg) (gcc version 12.2.0 (Debian 12.2.0-14+deb12u1)) #119 SMP Wed Dec 24 23:52:51 CST 2025
[    0.000000] Command line: BOOT_IMAGE=/boot/vmlinuz-5.4.243-dmptcp root=UUID=98415a12-53b7-4144-8265-0f7ece09e445 ro quiet splash
[    0.000000] KERNEL supported cpus:
[    0.000000]   Intel GenuineIntel
[    0.000000]   AMD AuthenticAMD
[    0.000000]   Hygon HygonGenuine
[    0.000000]   Centaur CentaurHauls
[    0.000000]   zhaoxin   Shanghai  
[    0.000000] x86/fpu: Supporting XSAVE feature 0x001: 'x87 floating point registers'
[    0.000000] x86/fpu: Supporting XSAVE feature 0x002: 'SSE registers'
[    0.000000] x86/fpu: Supporting XSAVE feature 0x004: 'AVX registers'
[    0.000000] x86/fpu: xstate_offset[2]:  576, xstate_sizes[2]:  256
[    0.000000] x86/fpu: Enabled xstate features 0x7, context size is 832 bytes, using 'standard' format.
[    0.000000] BIOS-provided physical RAM map:
[    0.000000] BIOS-e820: [mem 0x0000000000000000-0x000000000009fbff] usable
[    0.000000] BIOS-e820: [mem 0x000000000009fc00-0x000000000009ffff] reserved
[    0.000000] BIOS-e820: [mem 0x00000000000f0000-0x00000000000fffff] reserved
[    0.000000] BIOS-e820: [mem 0x0000000000100000-0x000000007ffeffff] usable
[    0.000000] BIOS-e820: [mem 0x000000007fff0000-0x000000007fffffff] ACPI data
[    0.000000] BIOS-e820: [mem 0x00000000fec00000-0x00000000fec00fff] reserved
[    0.000000] BIOS-e820: [mem 0x00000000fee00000-0x00000000fee00fff] reserved
[    0.000000] BIOS-e820: [mem 0x00000000fffc0000-0x00000000ffffffff] reserved
[    0.000000] NX (Execute Disable) protection: active
[    0.000000] SMBIOS 2.5 present.
[    0.000000] DMI: innotek GmbH VirtualBox/VirtualBox, BIOS VirtualBox 12/01/2006
[    0.000000] Hypervisor detected: KVM
[    0.000000] kvm-clock: Using msrs 4b564d01 and 4b564d00
[    0.000000] kvm-clock: cpu 0, msr 76001001, primary cpu clock
[    0.000000] kvm-clock: using sched offset of 4446861551 cycles
[    0.000003] clocksource: kvm-clock: mask: 0xffffffffffffffff max_cycles: 0x1cd42e4dffb, max_idle_ns: 881590591483 ns
[    0.000006] tsc: Detected 2100.000 MHz processor
[    0.001872] e820: update [mem 0x00000000-0x00000fff] usable ==> reserved
[    0.001874] e820: remove [mem 0x000a0000-0x000fffff] usable
[    0.001879] last_pfn = 0x7fff0 max_arch_pfn = 0x400000000
[    0.001948] MTRR default type: uncachable
[    0.001949] MTRR fixed ranges enabled:
[    0.001950]   00000-9FFFF write-back
[    0.001950]   A0000-BFFFF uncachable
[    0.001951]   C0000-FFFFF write-protect
[    0.001952] MTRR variable ranges enabled:
[    0.001953]   0 base 000000000000 mask 3FFF80000000 write-back
[    0.001954]   1 disabled
[    0.001954]   2 disabled
[    0.001955]   3 disabled
[    0.001955]   4 disabled
[    0.001956]   5 disabled
[    0.001956]   6 disabled
[    0.001956]   7 disabled
[    0.001957]   8 disabled
[    0.001957]   9 disabled
[    0.001958]   10 disabled
[    0.001958]   11 disabled
[    0.001959]   12 disabled
[    0.001959]   13 disabled
[    0.001959]   14 disabled
[    0.001960]   15 disabled
[    0.001976] x86/PAT: Configuration [0-7]: WB  WC  UC- UC  WB  WP  UC- WT  
[    0.002110] found SMP MP-table at [mem 0x0009fff0-0x0009ffff]
[    0.091855] check: Scanning 1 areas for low memory corruption
[    0.092090] RAMDISK: [mem 0x32271000-0x3512ffff]
[    0.092099] ACPI: Early table checksum verification disabled
[    0.092105] ACPI: RSDP 0x00000000000E0000 000024 (v02 VBOX  )
[    0.092109] ACPI: XSDT 0x000000007FFF0030 00003C (v01 VBOX   VBOXXSDT 00000001 ASL  00000061)
[    0.092116] ACPI: FACP 0x000000007FFF00F0 0000F4 (v04 VBOX   VBOXFACP 00000001 ASL  00000061)
[    0.092122] ACPI: DSDT 0x000000007FFF02E0 002353 (v02 VBOX   VBOXBIOS 00000002 VBOX 00029BF3)
[    0.092126] ACPI: FACS 0x000000007FFF0200 000040
[    0.092130] ACPI: FACS 0x000000007FFF0200 000040
[    0.092133] ACPI: APIC 0x000000007FFF0240 000054 (v02 VBOX   VBOXAPIC 00000001 ASL  00000061)
[    0.092137] ACPI: SSDT 0x000000007FFF02A0 000038 (v01 VBOX   VBOXCPUT 00000002 VBOX 00029BF3)
[    0.092140] ACPI: Reserving FACP table memory at [mem 0x7fff00f0-0x7fff01e3]
[    0.092141] ACPI: Reserving DSDT table memory at [mem 0x7fff02e0-0x7fff2632]
[    0.092141] ACPI: Reserving FACS table memory at [mem 0x7fff0200-0x7fff023f]
[    0.092142] ACPI: Reserving FACS table memory at [mem 0x7fff0200-0x7fff023f]
[    0.092144] ACPI: Reserving APIC table memory at [mem 0x7fff0240-0x7fff0293]
[    0.092144] ACPI: Reserving SSDT table memory at [mem 0x7fff02a0-0x7fff02d7]
[    0.092158] ACPI: Local APIC address 0xfee00000
[    0.092345] No NUMA configuration found
[    0.092346] Faking a node at [mem 0x0000000000000000-0x000000007ffeffff]
[    0.092357] NODE_DATA(0) allocated [mem 0x7ffc5000-0x7ffeffff]
[    0.093304] Zone ranges:
[    0.093306]   DMA      [mem 0x0000000000001000-0x0000000000ffffff]
[    0.093307]   DMA32    [mem 0x0000000001000000-0x000000007ffeffff]
[    0.093308]   Normal   empty
[    0.093309]   Device   empty
[    0.093310] Movable zone start for each node
[    0.093312] Early memory node ranges
[    0.093312]   node   0: [mem 0x0000000000001000-0x000000000009efff]
[    0.093313]   node   0: [mem 0x0000000000100000-0x000000007ffeffff]
[    0.093983] Zeroed struct page in unavailable ranges: 114 pages
[    0.093985] Initmem setup node 0 [mem 0x0000000000001000-0x000000007ffeffff]
[    0.093987] On node 0 totalpages: 524174
[    0.093988]   DMA zone: 64 pages used for memmap
[    0.093988]   DMA zone: 21 pages reserved
[    0.093989]   DMA zone: 3998 pages, LIFO batch:0
[    0.094064]   DMA32 zone: 8128 pages used for memmap
[    0.094065]   DMA32 zone: 520176 pages, LIFO batch:63
[    0.103055] ACPI: PM-Timer IO Port: 0x4008
[    0.103058] ACPI: Local APIC address 0xfee00000
[    0.103128] IOAPIC[0]: apic_id 1, version 32, address 0xfec00000, GSI 0-23
[    0.103131] ACPI: INT_SRC_OVR (bus 0 bus_irq 0 global_irq 2 dfl dfl)
[    0.103133] ACPI: INT_SRC_OVR (bus 0 bus_irq 9 global_irq 9 low level)
[    0.103136] ACPI: IRQ0 used by override.
[    0.103137] ACPI: IRQ9 used by override.
[    0.103139] Using ACPI (MADT) for SMP configuration information
[    0.103148] smpboot: Allowing 1 CPUs, 0 hotplug CPUs
[    0.103171] PM: Registered nosave memory: [mem 0x00000000-0x00000fff]
[    0.103172] PM: Registered nosave memory: [mem 0x0009f000-0x0009ffff]
[    0.103173] PM: Registered nosave memory: [mem 0x000a0000-0x000effff]
[    0.103173] PM: Registered nosave memory: [mem 0x000f0000-0x000fffff]
[    0.103175] [mem 0x80000000-0xfebfffff] available for PCI devices
[    0.103176] Booting paravirtualized kernel on KVM
[    0.103179] clocksource: refined-jiffies: mask: 0xffffffff max_cycles: 0xffffffff, max_idle_ns: 7645519600211568 ns
[    0.103184] setup_percpu: NR_CPUS:8192 nr_cpumask_bits:1 nr_cpu_ids:1 nr_node_ids:1
[    0.104161] percpu: Embedded 60 pages/cpu s208896 r8192 d28672 u2097152
[    0.104166] pcpu-alloc: s208896 r8192 d28672 u2097152 alloc=1*2097152
[    0.104167] pcpu-alloc: [0] 0 
[    0.104193] Built 1 zonelists, mobility grouping on.  Total pages: 515961
[    0.104194] Policy zone: DMA32
[    0.104195] Kernel command line: BOOT_IMAGE=/boot/vmlinuz-5.4.243-dmptcp root=UUID=98415a12-53b7-4144-8265-0f7ece09e445 ro quiet splash
[    0.105036] Dentry cache hash table entries: 262144 (order: 9, 2097152 bytes, linear)
[    0.105183] Inode-cache hash table entries: 131072 (order: 8, 1048576 bytes, linear)
[    0.105236] mem auto-init: stack:off, heap alloc:on, heap free:off
[    0.105239] Calgary: detecting Calgary via BIOS EBDA area
[    0.105240] Calgary: Unable to locate Rio Grande table in EBDA - bailing!
[    0.109386] Memory: 1967332K/2096696K available (14339K kernel code, 2399K rwdata, 4716K rodata, 2728K init, 17260K bss, 129364K reserved, 0K cma-reserved)
[    0.110337] SLUB: HWalign=64, Order=0-3, MinObjects=0, CPUs=1, Nodes=1
[    0.110355] ftrace: allocating 43203 entries in 169 pages
[    0.128509] rcu: Hierarchical RCU implementation.
[    0.128511] rcu: 	RCU restricting CPUs from NR_CPUS=8192 to nr_cpu_ids=1.
[    0.128512] 	Tasks RCU enabled.
[    0.128513] rcu: RCU calculated value of scheduler-enlistment delay is 25 jiffies.
[    0.128514] rcu: Adjusting geometry for rcu_fanout_leaf=16, nr_cpu_ids=1
[    0.131489] NR_IRQS: 524544, nr_irqs: 256, preallocated irqs: 16
[    0.131707] random: crng init done
[    0.141025] Console: colour VGA+ 80x25
[    0.141030] printk: console [tty0] enabled
[    0.141051] ACPI: Core revision 20190816
[    0.141147] APIC: Switch to symmetric I/O mode setup
[    0.141399] x2apic enabled
[    0.141635] Switched APIC routing to physical x2apic.
[    0.142776] ..TIMER: vector=0x30 apic1=0 pin1=2 apic2=-1 pin2=-1
[    0.142801] clocksource: tsc-early: mask: 0xffffffffffffffff max_cycles: 0x1e4530a99b6, max_idle_ns: 440795257976 ns
[    0.142806] Calibrating delay loop (skipped) preset value.. 4200.00 BogoMIPS (lpj=8400000)
[    0.142808] pid_max: default: 32768 minimum: 301
[    0.142837] LSM: Security Framework initializing
[    0.142848] Yama: becoming mindful.
[    0.142875] AppArmor: AppArmor initialized
[    0.142909] Mount-cache hash table entries: 4096 (order: 3, 32768 bytes, linear)
[    0.142913] Mountpoint-cache hash table entries: 4096 (order: 3, 32768 bytes, linear)
[    0.142924] *** VALIDATE tmpfs ***
[    0.143054] *** VALIDATE proc ***
[    0.143096] *** VALIDATE cgroup1 ***
[    0.143097] *** VALIDATE cgroup2 ***
[    0.143239] process: using mwait in idle threads
[    0.143243] Last level iTLB entries: 4KB 64, 2MB 8, 4MB 8
[    0.143244] Last level dTLB entries: 4KB 64, 2MB 0, 4MB 0, 1GB 4
[    0.143264] Spectre V1 : Mitigation: usercopy/swapgs barriers and __user pointer sanitization
[    0.143269] Spectre V2 : Mitigation: Retpolines
[    0.143270] Spectre V2 : Spectre v2 / SpectreRSB mitigation: Filling RSB on context switch
[    0.143270] Spectre V2 : Spectre v2 / SpectreRSB : Filling RSB on VMEXIT
[    0.143271] RETBleed: WARNING: Spectre v2 mitigation leaves CPU vulnerable to RETBleed attacks, data leaks possible!
[    0.143626] RETBleed: Vulnerable
[    0.143626] Speculative Store Bypass: Vulnerable
[    0.143631] TAA: Mitigation: TSX disabled
[    0.143632] MMIO Stale Data: Mitigation: Clear CPU buffers
[    0.147903] Freeing SMP alternatives memory: 40K
[    0.261069] smpboot: CPU0: Intel(R) Xeon(R) Silver 4216 CPU @ 2.10GHz (family: 0x6, model: 0x55, stepping: 0x7)
[    0.261201] Performance Events: unsupported p6 CPU model 85 no PMU driver, software events only.
[    0.261238] rcu: Hierarchical SRCU implementation.
[    0.261721] NMI watchdog: Perf NMI watchdog permanently disabled
[    0.261760] smp: Bringing up secondary CPUs ...
[    0.261761] smp: Brought up 1 node, 1 CPU
[    0.261762] smpboot: Max logical packages: 1
[    0.261763] smpboot: Total of 1 processors activated (4200.00 BogoMIPS)
[    0.262788] devtmpfs: initialized
[    0.262803] x86/mm: Memory block size: 128MB
[    0.262803] clocksource: jiffies: mask: 0xffffffff max_cycles: 0xffffffff, max_idle_ns: 7645041785100000 ns
[    0.262803] futex hash table entries: 256 (order: 2, 16384 bytes, linear)
[    0.262803] pinctrl core: initialized pinctrl subsystem
[    0.262803] PM: RTC time: 11:01:17, date: 2026-01-10
[    0.262803] NET: Registered protocol family 16
[    0.262803] audit: initializing netlink subsys (disabled)
[    0.262803] EISA bus registered
[    0.262803] cpuidle: using governor ladder
[    0.262803] cpuidle: using governor menu
[    0.262803] ACPI: bus type PCI registered
[    0.262803] acpiphp: ACPI Hot Plug PCI Controller Driver version: 0.5
[    0.262803] PCI: Using configuration type 1 for base access
[    0.263244] audit: type=2000 audit(1768014083.703:1): state=initialized audit_enabled=0 res=1
[    0.263324] HugeTLB registered 2.00 MiB page size, pre-allocated 0 pages
[    0.264141] ACPI: Added _OSI(Module Device)
[    0.264142] ACPI: Added _OSI(Processor Device)
[    0.264143] ACPI: Added _OSI(3.0 _SCP Extensions)
[    0.264143] ACPI: Added _OSI(Processor Aggregator Device)
[    0.264144] ACPI: Added _OSI(Linux-Dell-Video)
[    0.264145] ACPI: Added _OSI(Linux-Lenovo-NV-HDMI-Audio)
[    0.264146] ACPI: Added _OSI(Linux-HPI-Hybrid-Graphics)
[    0.266109] ACPI: 2 ACPI AML tables successfully acquired and loaded
[    0.267585] ACPI: Interpreter enabled
[    0.267594] ACPI: (supports S0 S5)
[    0.267596] ACPI: Using IOAPIC for interrupt routing
[    0.267799] PCI: Using host bridge windows from ACPI; if necessary, use "pci=nocrs" and report a bug
[    0.267903] ACPI: Enabled 2 GPEs in block 00 to 07
[    0.272948] ACPI: PCI Root Bridge [PCI0] (domain 0000 [bus 00-ff])
[    0.272953] acpi PNP0A03:00: _OSC: OS supports [ASPM ClockPM Segments MSI HPX-Type3]
[    0.273407] acpi PNP0A03:00: _OSC: not requesting OS control; OS requires [ExtendedConfig ASPM ClockPM MSI]
[    0.273415] acpi PNP0A03:00: fail to add MMCONFIG information, can't access extended PCI configuration space under this bridge.
[    0.273785] PCI host bridge to bus 0000:00
[    0.273787] pci_bus 0000:00: root bus resource [io  0x0000-0x0cf7 window]
[    0.273788] pci_bus 0000:00: root bus resource [io  0x0d00-0xffff window]
[    0.273789] pci_bus 0000:00: root bus resource [mem 0x000a0000-0x000bffff window]
[    0.273790] pci_bus 0000:00: root bus resource [mem 0x80000000-0xfdffffff window]
[    0.273792] pci_bus 0000:00: root bus resource [bus 00-ff]
[    0.273838] pci 0000:00:00.0: [8086:1237] type 00 class 0x060000
[    0.274772] pci 0000:00:01.0: [8086:7000] type 00 class 0x060100
[    0.275510] pci 0000:00:01.1: [8086:7111] type 00 class 0x01018a
[    0.275886] pci 0000:00:01.1: reg 0x20: [io  0xd000-0xd00f]
[    0.276042] pci 0000:00:01.1: legacy IDE quirk: reg 0x10: [io  0x01f0-0x01f7]
[    0.276043] pci 0000:00:01.1: legacy IDE quirk: reg 0x14: [io  0x03f6]
[    0.276044] pci 0000:00:01.1: legacy IDE quirk: reg 0x18: [io  0x0170-0x0177]
[    0.276045] pci 0000:00:01.1: legacy IDE quirk: reg 0x1c: [io  0x0376]
[    0.276580] pci 0000:00:02.0: [15ad:0405] type 00 class 0x030000
[    0.278883] pci 0000:00:02.0: reg 0x10: [io  0xd010-0xd01f]
[    0.281700] pci 0000:00:02.0: reg 0x14: [mem 0xe0000000-0xe7ffffff pref]
[    0.284682] pci 0000:00:02.0: reg 0x18: [mem 0xf0000000-0xf01fffff]
[    0.295611] pci 0000:00:03.0: [1022:2000] type 00 class 0x020000
[    0.296368] pci 0000:00:03.0: reg 0x10: [io  0xd020-0xd03f]
[    0.297019] pci 0000:00:03.0: reg 0x14: [mem 0xf0200000-0xf0200fff]
[    0.300271] pci 0000:00:04.0: [80ee:cafe] type 00 class 0x088000
[    0.300948] pci 0000:00:04.0: reg 0x10: [io  0xd040-0xd05f]
[    0.301555] pci 0000:00:04.0: reg 0x14: [mem 0xf0400000-0xf07fffff]
[    0.302922] pci 0000:00:04.0: reg 0x18: [mem 0xf0800000-0xf0803fff pref]
[    0.306439] pci 0000:00:07.0: [8086:7113] type 00 class 0x068000
[    0.306999] pci 0000:00:07.0: quirk: [io  0x4000-0x403f] claimed by PIIX4 ACPI
[    0.307009] pci 0000:00:07.0: quirk: [io  0x4100-0x410f] claimed by PIIX4 SMB
[    0.307620] pci 0000:00:08.0: [8086:100e] type 00 class 0x020000
[    0.308339] pci 0000:00:08.0: reg 0x10: [mem 0xf0820000-0xf083ffff]
[    0.309499] pci 0000:00:08.0: reg 0x18: [io  0xd060-0xd067]
[    0.312432] pci 0000:00:09.0: [8086:100e] type 00 class 0x020000
[    0.313132] pci 0000:00:09.0: reg 0x10: [mem 0xf0840000-0xf085ffff]
[    0.314344] pci 0000:00:09.0: reg 0x18: [io  0xd068-0xd06f]
[    0.323816] ACPI: PCI Interrupt Link [LNKA] (IRQs 5 9 10 *11)
[    0.324097] ACPI: PCI Interrupt Link [LNKB] (IRQs 5 9 *10 11)
[    0.324198] ACPI: PCI Interrupt Link [LNKC] (IRQs 5 *9 10 11)
[    0.324304] ACPI: PCI Interrupt Link [LNKD] (IRQs 5 9 10 *11)
[    0.324577] iommu: Default domain type: Translated 
[    0.324635] pci 0000:00:02.0: vgaarb: setting as boot VGA device
[    0.324637] pci 0000:00:02.0: vgaarb: VGA device added: decodes=io+mem,owns=io+mem,locks=none
[    0.324639] pci 0000:00:02.0: vgaarb: bridge control possible
[    0.324640] vgaarb: loaded
[    0.324856] SCSI subsystem initialized
[    0.324888] libata version 3.00 loaded.
[    0.326834] ACPI: bus type USB registered
[    0.326848] usbcore: registered new interface driver usbfs
[    0.326856] usbcore: registered new interface driver hub
[    0.326862] usbcore: registered new device driver usb
[    0.326890] pps_core: LinuxPPS API ver. 1 registered
[    0.326890] pps_core: Software ver. 5.3.6 - Copyright 2005-2007 Rodolfo Giometti <giometti@linux.it>
[    0.326894] PTP clock support registered
[    0.326931] EDAC MC: Ver: 3.0.0
[    0.327211] PCI: Using ACPI for IRQ routing
[    0.327213] PCI: pci_cache_line_size set to 64 bytes
[    0.327385] e820: reserve RAM buffer [mem 0x0009fc00-0x0009ffff]
[    0.327389] e820: reserve RAM buffer [mem 0x7fff0000-0x7fffffff]
[    0.328203] NetLabel: Initializing
[    0.328203] NetLabel:  domain hash size = 128
[    0.328204] NetLabel:  protocols = UNLABELED CIPSOv4 CALIPSO
[    0.328224] NetLabel:  unlabeled traffic allowed by default
[    0.329143] clocksource: Switched to clocksource kvm-clock
[    0.341381] *** VALIDATE bpf ***
[    0.341445] VFS: Disk quotas dquot_6.6.0
[    0.341457] VFS: Dquot-cache hash table entries: 512 (order 0, 4096 bytes)
[    0.341479] *** VALIDATE ramfs ***
[    0.341482] *** VALIDATE hugetlbfs ***
[    0.341564] AppArmor: AppArmor Filesystem Enabled
[    0.341593] pnp: PnP ACPI init
[    0.341669] pnp 00:00: Plug and Play ACPI device, IDs PNP0303 (active)
[    0.341731] pnp 00:01: Plug and Play ACPI device, IDs PNP0f03 (active)
[    0.342480] pnp: PnP ACPI: found 2 devices
[    0.343464] thermal_sys: Registered thermal governor 'fair_share'
[    0.343465] thermal_sys: Registered thermal governor 'bang_bang'
[    0.343465] thermal_sys: Registered thermal governor 'step_wise'
[    0.343466] thermal_sys: Registered thermal governor 'user_space'
[    0.343466] thermal_sys: Registered thermal governor 'power_allocator'
[    0.348006] clocksource: acpi_pm: mask: 0xffffff max_cycles: 0xffffff, max_idle_ns: 2085701024 ns
[    0.348046] pci_bus 0000:00: resource 4 [io  0x0000-0x0cf7 window]
[    0.348047] pci_bus 0000:00: resource 5 [io  0x0d00-0xffff window]
[    0.348049] pci_bus 0000:00: resource 6 [mem 0x000a0000-0x000bffff window]
[    0.348050] pci_bus 0000:00: resource 7 [mem 0x80000000-0xfdffffff window]
[    0.348109] NET: Registered protocol family 2
[    0.348184] IP idents hash table entries: 32768 (order: 6, 262144 bytes, linear)
[    0.348592] MPTCP tokens hash table entries: 8192 (order: 4, 65536 bytes, linear)
[    0.348615] MPTCP request tokens hash table entries: 8192 (order: 4, 65536 bytes, linear)
[    0.348641] default registered
[    0.348642] default registered
[    0.348642] MPTCP: Stable release v0.96
[    0.348647] tcp_listen_portaddr_hash hash table entries: 1024 (order: 2, 16384 bytes, linear)
[    0.348726] TCP established hash table entries: 16384 (order: 5, 131072 bytes, linear)
[    0.348792] TCP bind hash table entries: 16384 (order: 6, 262144 bytes, linear)
[    0.348817] TCP: Hash tables configured (established 16384 bind 16384)
[    0.349525] UDP hash table entries: 1024 (order: 3, 32768 bytes, linear)
[    0.349536] UDP-Lite hash table entries: 1024 (order: 3, 32768 bytes, linear)
[    0.349573] NET: Registered protocol family 1
[    0.349581] NET: Registered protocol family 44
[    0.349604] pci 0000:00:00.0: Limiting direct PCI/PCI transfers
[    0.349616] pci 0000:00:01.0: Activating ISA DMA hang workarounds
[    0.349672] pci 0000:00:02.0: Video device with shadowed ROM at [mem 0x000c0000-0x000dffff]
[    0.349733] PCI: CLS 0 bytes, default 64
[    0.349783] Trying to unpack rootfs image as initramfs...
[    0.519327] Freeing initrd memory: 47868K
[    0.519327] clocksource: tsc: mask: 0xffffffffffffffff max_cycles: 0x1e4530a99b6, max_idle_ns: 440795257976 ns
[    0.519327] clocksource: Switched to clocksource tsc
[    0.519327] platform rtc_cmos: registered platform RTC device (no PNP device found)
[    0.519327] check: Scanning for low memory corruption every 60 seconds
[    0.519327] Initialise system trusted keyrings
[    0.519327] Key type blacklist registered
[    0.519327] workingset: timestamp_bits=36 max_order=19 bucket_order=0
[    0.519327] zbud: loaded
[    0.519327] squashfs: version 4.0 (2009/01/31) Phillip Lougher
[    0.519327] fuse: init (API version 7.31)
[    0.519327] *** VALIDATE fuse ***
[    0.519327] *** VALIDATE fuse ***
[    0.519327] Platform Keyring initialized
[    0.519327] Key type asymmetric registered
[    0.519327] Asymmetric key parser 'x509' registered
[    0.519327] Block layer SCSI generic (bsg) driver version 0.4 loaded (major 244)
[    0.519327] io scheduler mq-deadline registered
[    0.533384] shpchp: Standard Hot Plug PCI Controller Driver version: 0.4
[    0.533592] ACPI: AC Adapter [AC] (on-line)
[    0.533636] input: Power Button as /devices/LNXSYSTM:00/LNXPWRBN:00/input/input0
[    0.533662] ACPI: Power Button [PWRF]
[    0.533738] input: Sleep Button as /devices/LNXSYSTM:00/LNXSLPBN:00/input/input1
[    0.533751] ACPI: Sleep Button [SLPF]
[    0.533988] Serial: 8250/16550 driver, 32 ports, IRQ sharing enabled
[    0.535121] Linux agpgart interface v0.103
[    0.631177] loop: module loaded
[    0.631329] ata_piix 0000:00:01.1: version 2.13
[    0.631743] scsi host0: ata_piix
[    0.631832] scsi host1: ata_piix
[    0.631858] ata1: PATA max UDMA/33 cmd 0x1f0 ctl 0x3f6 bmdma 0xd000 irq 14
[    0.631859] ata2: PATA max UDMA/33 cmd 0x170 ctl 0x376 bmdma 0xd008 irq 15
[    0.631939] tun: Universal TUN/TAP device driver, 1.6
[    0.632240] PPP generic driver version 2.4.2
[    0.632286] VFIO - User Level meta-driver version: 0.3
[    0.632521] ehci_hcd: USB 2.0 'Enhanced' Host Controller (EHCI) Driver
[    0.632524] ehci-pci: EHCI PCI platform driver
[    0.632538] ehci-platform: EHCI generic platform driver
[    0.632544] ohci_hcd: USB 1.1 'Open' Host Controller (OHCI) Driver
[    0.632545] ohci-pci: OHCI PCI platform driver
[    0.632551] ohci-platform: OHCI generic platform driver
[    0.632556] uhci_hcd: USB Universal Host Controller Interface driver
[    0.632620] i8042: PNP: PS/2 Controller [PNP0303:PS2K,PNP0f03:PS2M] at 0x60,0x64 irq 1,12
[    0.633055] serio: i8042 KBD port at 0x60,0x64 irq 1
[    0.633058] serio: i8042 AUX port at 0x60,0x64 irq 12
[    0.633142] mousedev: PS/2 mouse device common for all mice
[    0.633398] input: AT Translated Set 2 keyboard as /devices/platform/i8042/serio0/input/input2
[    0.633798] rtc_cmos rtc_cmos: registered as rtc0
[    0.633810] rtc_cmos rtc_cmos: alarms up to one day, 114 bytes nvram
[    0.633815] i2c /dev entries driver
[    0.633860] device-mapper: uevent: version 1.0.3
[    0.633900] device-mapper: ioctl: 4.41.0-ioctl (2019-09-16) initialised: dm-devel@redhat.com
[    0.633920] platform eisa.0: Probing EISA bus 0
[    0.633921] platform eisa.0: EISA: Cannot allocate resource for mainboard
[    0.633922] platform eisa.0: Cannot allocate resource for EISA slot 1
[    0.633923] platform eisa.0: Cannot allocate resource for EISA slot 2
[    0.633924] platform eisa.0: Cannot allocate resource for EISA slot 3
[    0.633925] platform eisa.0: Cannot allocate resource for EISA slot 4
[    0.633926] platform eisa.0: Cannot allocate resource for EISA slot 5
[    0.633927] platform eisa.0: Cannot allocate resource for EISA slot 6
[    0.633928] platform eisa.0: Cannot allocate resource for EISA slot 7
[    0.633929] platform eisa.0: Cannot allocate resource for EISA slot 8
[    0.633930] platform eisa.0: EISA: Detected 0 cards
[    0.633933] intel_pstate: CPU model not supported
[    0.633944] ledtrig-cpu: registered to indicate activity on CPUs
[    0.633995] drop_monitor: Initializing network drop monitor service
[    0.634153] NET: Registered protocol family 10
[    0.635154] Segment Routing with IPv6
[    0.635154] fullmesh registered
[    0.635154] ndiffports registered
[    0.635154] binder registered
[    0.635154] roundrobin registered
[    0.635154] mps registered
[    0.635154] redundant registered
[    0.635154] blest registered
[    0.635154] ecf registered
[    0.635154] NET: Registered protocol family 17
[    0.635154] Key type dns_resolver registered
[    0.635154] RAS: Correctable Errors collector initialized.
[    0.635154] IPI shorthand broadcast: enabled
[    0.635154] sched_clock: Marking stable (620047819, 11106553)->(633453592, -2299220)
[    0.639555] registered taskstats version 1
[    0.639565] Loading compiled-in X.509 certificates
[    0.640149] Loaded X.509 cert 'Build time autogenerated kernel key: 6909f3744cebb3d0de528d5887b96a727de79b1e'
[    0.640166] zswap: loaded using pool lzo/zbud
[    0.640219] Key type ._fscrypt registered
[    0.640220] Key type .fscrypt registered
[    0.644690] Key type big_key registered
[    0.646853] Key type encrypted registered
[    0.646856] AppArmor: AppArmor sha1 policy hashing enabled
[    0.646864] ima: No TPM chip found, activating TPM-bypass!
[    0.646868] ima: Allocated hash algorithm: sha1
[    0.646875] ima: No architecture policies found
[    0.646883] evm: Initialising EVM extended attributes:
[    0.646884] evm: security.selinux
[    0.646884] evm: security.SMACK64
[    0.646885] evm: security.SMACK64EXEC
[    0.646885] evm: security.SMACK64TRANSMUTE
[    0.646885] evm: security.SMACK64MMAP
[    0.646886] evm: security.apparmor
[    0.646886] evm: security.ima
[    0.646887] evm: security.capability
[    0.646887] evm: HMAC attrs: 0x1
[    0.647180] PM:   Magic number: 10:845:23
[    0.647286] rtc_cmos rtc_cmos: setting system clock to 2026-01-10T11:01:18 UTC (1768042878)
[    0.804556] ata1.00: ATA-6: VBOX HARDDISK, 1.0, max UDMA/133
[    0.804560] ata1.00: 209715200 sectors, multi 128: LBA 
[    0.805233] scsi 0:0:0:0: Direct-Access     ATA      VBOX HARDDISK    1.0  PQ: 0 ANSI: 5
[    0.805568] sd 0:0:0:0: [sda] 209715200 512-byte logical blocks: (107 GB/100 GiB)
[    0.805580] sd 0:0:0:0: [sda] Write Protect is off
[    0.805583] sd 0:0:0:0: [sda] Mode Sense: 00 3a 00 00
[    0.805604] sd 0:0:0:0: [sda] Write cache: enabled, read cache: enabled, doesn't support DPO or FUA
[    0.805959] sd 0:0:0:0: Attached scsi generic sg0 type 0
[    0.807026]  sda: sda1 sda2
[    0.815374] sd 0:0:0:0: [sda] Attached SCSI disk
[    0.818741] Freeing unused decrypted memory: 2040K
[    0.819731] Freeing unused kernel image memory: 2728K
[    0.819734] Write protecting the kernel read-only data: 22528k
[    0.820776] Freeing unused kernel image memory: 2036K
[    0.821356] Freeing unused kernel image memory: 1428K
[    0.848437] x86/mm: Checked W+X mappings: passed, no W+X pages found.
[    0.848444] Run /init as init process
[    0.958889] ACPI: Video Device [GFX0] (multi-head: yes  rom: no  post: no)
[    0.958960] input: Video Bus as /devices/LNXSYSTM:00/LNXSYBUS:00/PNP0A03:00/LNXVIDEO:00/input/input4
[    0.972953] pcnet32: pcnet32.c:v1.35 21.Apr.2008 tsbogend@alpha.franken.de
[    0.974560] piix4_smbus 0000:00:07.0: SMBus Host Controller at 0x4100, revision 0
[    0.977044] e1000: Intel(R) PRO/1000 Network Driver - version 7.3.21-k8-NAPI
[    0.977045] e1000: Copyright (c) 1999-2006 Intel Corporation.
[    0.989315] pcnet32: PCnet/FAST III 79C973 at 0xd020, 08:00:27:22:cf:f3 assigned IRQ 19
[    0.989361] pcnet32: Found PHY 0022:561b at address 0
[    0.989661] pcnet32: eth0: registered as PCnet/FAST III 79C973
[    0.996601] pcnet32: 1 cards_found
[    1.042342] pcnet32 0000:00:03.0 enp0s3: renamed from eth0
[    1.196854] input: ImExPS/2 Generic Explorer Mouse as /devices/platform/i8042/serio1/input/input5
[    1.391717] e1000 0000:00:08.0 eth0: (PCI:33MHz:32-bit) 08:00:27:af:b1:56
[    1.391722] e1000 0000:00:08.0 eth0: Intel(R) PRO/1000 Network Connection
[    1.763687] e1000 0000:00:09.0 eth1: (PCI:33MHz:32-bit) 08:00:27:8c:b5:86
[    1.763690] e1000 0000:00:09.0 eth1: Intel(R) PRO/1000 Network Connection
[    1.764859] e1000 0000:00:09.0 enp0s9: renamed from eth1
[    1.766700] e1000 0000:00:08.0 enp0s8: renamed from eth0
[    1.918841] EXT4-fs (sda2): mounted filesystem with ordered data mode. Opts: (null)
[    2.008813] systemd[1]: Inserted module 'autofs4'
[    2.020278] systemd[1]: systemd 245.4-4ubuntu3 running in system mode. (+PAM +AUDIT +SELINUX +IMA +APPARMOR +SMACK +SYSVINIT +UTMP +LIBCRYPTSETUP +GCRYPT +GNUTLS +ACL +XZ +LZ4 +SECCOMP +BLKID +ELFUTILS +KMOD +IDN2 -IDN +PCRE2 default-hierarchy=hybrid)
[    2.020305] systemd[1]: Detected virtualization oracle.
[    2.020308] systemd[1]: Detected architecture x86-64.
[    2.021600] systemd[1]: Set hostname to <ztg>.
[    2.150114] systemd[1]: /lib/systemd/system/dbus.socket:5: ListenStream= references a path below legacy directory /var/run/, updating /var/run/dbus/system_bus_socket â†’ /run/dbus/system_bus_socket; please update the unit file accordingly.
[    2.203444] systemd[1]: Created slice system-modprobe.slice.
[    2.203635] systemd[1]: Created slice User and Session Slice.
[    2.203681] systemd[1]: Started Forward Password Requests to Wall Directory Watch.
[    2.203845] systemd[1]: Set up automount Arbitrary Executable File Formats File System Automount Point.
[    2.203879] systemd[1]: Reached target User and Group Name Lookups.
[    2.203889] systemd[1]: Reached target Remote File Systems.
[    2.203897] systemd[1]: Reached target Slices.
[    2.204428] systemd[1]: Listening on Syslog Socket.
[    2.204496] systemd[1]: Listening on fsck to fsckd communication Socket.
[    2.204534] systemd[1]: Listening on initctl Compatibility Named Pipe.
[    2.204676] systemd[1]: Listening on Journal Audit Socket.
[    2.204728] systemd[1]: Listening on Journal Socket (/dev/log).
[    2.204799] systemd[1]: Listening on Journal Socket.
[    2.204861] systemd[1]: Listening on udev Control Socket.
[    2.204901] systemd[1]: Listening on udev Kernel Socket.
[    2.205645] systemd[1]: Mounting Huge Pages File System...
[    2.206572] systemd[1]: Mounting POSIX Message Queue File System...
[    2.207511] systemd[1]: Mounting Kernel Debug File System...
[    2.208354] systemd[1]: Mounting Kernel Trace File System...
[    2.210282] systemd[1]: Starting Journal Service...
[    2.233819] systemd[1]: Starting Set the console keyboard layout...
[    2.242085] systemd[1]: Starting Create list of static device nodes for the current kernel...
[    2.243943] systemd[1]: Starting Load Kernel Module drm...
[    2.244926] systemd[1]: Condition check resulted in Set Up Additional Binary Formats being skipped.
[    2.245005] systemd[1]: Condition check resulted in File System Check on Root Device being skipped.
[    2.256081] systemd[1]: Starting Load Kernel Modules...
[    2.257327] systemd[1]: Starting Remount Root and Kernel File Systems...
[    2.275977] systemd[1]: Starting udev Coldplug all Devices...
[    2.283720] systemd[1]: Starting Uncomplicated firewall...
[    2.285281] systemd[1]: Mounted Huge Pages File System.
[    2.285377] systemd[1]: Mounted POSIX Message Queue File System.
[    2.285468] systemd[1]: Mounted Kernel Debug File System.
[    2.285548] systemd[1]: Mounted Kernel Trace File System.
[    2.306753] EXT4-fs (sda2): re-mounted. Opts: errors=remount-ro
[    2.328850] systemd[1]: Finished Create list of static device nodes for the current kernel.
[    2.330005] systemd[1]: modprobe@drm.service: Succeeded.
[    2.337396] systemd[1]: Finished Load Kernel Module drm.
[    2.337810] systemd[1]: Finished Remount Root and Kernel File Systems.
[    2.338847] systemd[1]: Finished Uncomplicated firewall.
[    2.349555] systemd[1]: Condition check resulted in Rebuild Hardware Database being skipped.
[    2.349605] systemd[1]: Condition check resulted in Platform Persistent Storage Archival being skipped.
[    2.350351] systemd[1]: Starting Load/Save Random Seed...
[    2.352311] lp: driver loaded but no devices found
[    2.358813] systemd[1]: Starting Create System Users...
[    2.368453] systemd[1]: Finished Load/Save Random Seed.
[    2.370074] ppdev: user-space parallel port driver
[    2.374834] systemd[1]: Finished Create System Users.
[    2.375728] systemd[1]: Starting Create Static Device Nodes in /dev...
[    2.400095] systemd[1]: Finished Create Static Device Nodes in /dev.
[    2.400874] systemd[1]: Starting udev Kernel Device Manager...
[    2.454716] systemd[1]: Finished udev Coldplug all Devices.
[    2.459781] [drm] DMA map mode: Caching DMA mappings.
[    2.459842] [drm] Capabilities:
[    2.459843] [drm]   Rect copy.
[    2.459843] [drm]   Cursor.
[    2.459843] [drm]   Cursor bypass.
[    2.459844] [drm]   Cursor bypass 2.
[    2.459844] [drm]   Alpha cursor.
[    2.459844] [drm]   Extended Fifo.
[    2.459845] [drm]   Pitchlock.
[    2.459845] [drm]   Irq mask.
[    2.459845] [drm]   GMR.
[    2.459846] [drm]   Traces.
[    2.459846] [drm]   GMR2.
[    2.459846] [drm]   Screen Object 2.
[    2.459847] [drm]   Command Buffers.
[    2.459847] [drm]   Command Buffers 2.
[    2.459847] [drm]   Guest Backed Resources.
[    2.459848] [drm] Max GMR ids is 8192
[    2.459849] [drm] Max number of GMR pages is 1048576
[    2.459850] [drm] Max dedicated hypervisor surface memory is 393216 kiB
[    2.459850] [drm] Maximum display memory size is 131072 kiB
[    2.459851] [drm] VRAM at 0xe0000000 size is 131072 kiB
[    2.459852] [drm] MMIO at 0xf0000000 size is 2048 kiB
[    2.460458] [TTM] Zone  kernel: Available graphics memory: 1011736 KiB
[    2.460459] [TTM] Initializing pool allocator
[    2.460463] [TTM] Initializing DMA pool allocator
[    2.460490] [drm] Supports vblank timestamp caching Rev 2 (21.10.2013).
[    2.460491] [drm] No driver support for vblank timestamp query.
[    2.460716] [drm] Screen Target Display device initialized
[    2.460942] [drm] width 720
[    2.460951] [drm] height 400
[    2.460954] [drm] bpp 32
[    2.461501] [drm] Fifo max 0x00200000 min 0x00001000 cap 0x00000355
[    2.462660] [drm] Using command buffers with DMA pool.
[    2.462664] [drm] DX: no.
[    2.462664] [drm] Atomic: yes.
[    2.462664] [drm] SM4_1: no.
[    2.462685] [drm:vmw_host_log [vmwgfx]] *ERROR* Failed to send host log message.
[    2.463927] [drm:vmw_host_log [vmwgfx]] *ERROR* Failed to send host log message.
[    2.474933] fbcon: svgadrmfb (fb0) is primary device
[    2.478039] Console: switching to colour frame buffer device 100x37
[    2.492059] [drm] Initialized vmwgfx 2.15.0 20180704 for 0000:00:02.0 on minor 0
[    2.493854] systemd[1]: Finished Load Kernel Modules.
[    2.494794] systemd[1]: Mounting FUSE Control File System...
[    2.496048] systemd[1]: Mounting Kernel Configuration File System...
[    2.524726] systemd[1]: Starting Apply Kernel Variables...
[    2.530283] systemd[1]: Mounted FUSE Control File System.
[    2.530353] systemd[1]: Condition check resulted in VMware vmblock fuse mount being skipped.
[    2.537253] systemd[1]: Mounted Kernel Configuration File System.
[    2.539828] systemd[1]: Finished Set the console keyboard layout.
[    2.539924] systemd[1]: Reached target Local File Systems (Pre).
[    2.544730] systemd[1]: Mounting Mount unit for bare, revision 5...
[    2.547530] systemd[1]: Mounting Mount unit for core18, revision 1705...
[    2.557262] systemd[1]: Mounting Mount unit for core22, revision 2193...
[    2.563615] systemd[1]: Mounting Mount unit for gnome-3-34-1804, revision 24...
[    2.589556] systemd[1]: Mounting Mount unit for gnome-42-2204, revision 226...
[    2.594420] systemd[1]: Mounting Mount unit for gtk-common-themes, revision 1506...
[    2.599775] systemd[1]: Mounting Mount unit for gtk-common-themes, revision 1535...
[    2.606101] systemd[1]: Mounting Mount unit for snap-store, revision 1216...
[    2.615129] systemd[1]: Mounting Mount unit for snap-store, revision 433...
[    2.633025] systemd[1]: Mounting Mount unit for snapd, revision 25577...
[    2.652871] systemd[1]: Started udev Kernel Device Manager.
[    2.656957] systemd[1]: Finished Apply Kernel Variables.
[    2.657098] systemd[1]: Mounted Mount unit for bare, revision 5.
[    2.657186] systemd[1]: Mounted Mount unit for core18, revision 1705.
[    2.657261] systemd[1]: Mounted Mount unit for core22, revision 2193.
[    2.658287] systemd[1]: Starting Show Plymouth Boot Screen...
[    2.665128] systemd[1]: Received SIGRTMIN+20 from PID 283 (plymouthd).
[    2.687308] systemd[1]: Mounted Mount unit for gnome-42-2204, revision 226.
[    2.687590] systemd[1]: Started Show Plymouth Boot Screen.
[    2.701619] systemd[1]: Condition check resulted in Dispatch Password Requests to Console Directory Watch being skipped.
[    2.701704] systemd[1]: Started Forward Password Requests to Plymouth Directory Watch.
[    2.701776] systemd[1]: Reached target Local Encrypted Volumes.
[    2.733760] systemd[1]: Mounted Mount unit for gnome-3-34-1804, revision 24.
[    2.835011] systemd[1]: Mounted Mount unit for gtk-common-themes, revision 1506.
[    2.835221] systemd[1]: Mounted Mount unit for snap-store, revision 1216.
[    2.835365] systemd[1]: Mounted Mount unit for snap-store, revision 433.
[    2.898589] systemd[1]: Mounted Mount unit for snapd, revision 25577.
[    2.932195] systemd[1]: Mounted Mount unit for gtk-common-themes, revision 1535.
[    2.932420] systemd[1]: Reached target Local File Systems.
[    2.933313] systemd[1]: Starting Load AppArmor profiles...
[    2.935645] systemd[1]: Starting Set console font and keymap...
[    2.948990] systemd[1]: Starting Tell Plymouth To Write Out Runtime Data...
[    2.952150] systemd[1]: Condition check resulted in Store a System Token in an EFI Variable being skipped.
[    2.952183] systemd[1]: Condition check resulted in Commit a transient machine-id on disk being skipped.
[    2.954507] systemd[1]: Finished Set console font and keymap.
[    2.960554] systemd[1]: Received SIGRTMIN+20 from PID 283 (plymouthd).
[    2.961666] systemd[1]: plymouth-read-write.service: Succeeded.
[    2.961890] systemd[1]: Finished Tell Plymouth To Write Out Runtime Data.
[    2.981608] audit: type=1400 audit(1768042880.828:2): apparmor="STATUS" operation="profile_load" profile="unconfined" name="nvidia_modprobe" pid=306 comm="apparmor_parser"
[    2.981610] audit: type=1400 audit(1768042880.828:3): apparmor="STATUS" operation="profile_load" profile="unconfined" name="nvidia_modprobe//kmod" pid=306 comm="apparmor_parser"
[    2.993674] audit: type=1400 audit(1768042880.840:4): apparmor="STATUS" operation="profile_load" profile="unconfined" name="/usr/sbin/tcpdump" pid=307 comm="apparmor_parser"
[    3.026805] audit: type=1400 audit(1768042880.868:5): apparmor="STATUS" operation="profile_load" profile="unconfined" name="/usr/bin/evince" pid=309 comm="apparmor_parser"
[    3.026808] audit: type=1400 audit(1768042880.868:6): apparmor="STATUS" operation="profile_load" profile="unconfined" name="/usr/bin/evince//sanitized_helper" pid=309 comm="apparmor_parser"
[    3.026810] audit: type=1400 audit(1768042880.868:7): apparmor="STATUS" operation="profile_load" profile="unconfined" name="/usr/bin/evince-previewer" pid=309 comm="apparmor_parser"
[    3.026811] audit: type=1400 audit(1768042880.868:8): apparmor="STATUS" operation="profile_load" profile="unconfined" name="/usr/bin/evince-previewer//sanitized_helper" pid=309 comm="apparmor_parser"
[    3.026813] audit: type=1400 audit(1768042880.868:9): apparmor="STATUS" operation="profile_load" profile="unconfined" name="/usr/bin/evince-thumbnailer" pid=309 comm="apparmor_parser"
[    3.065402] audit: type=1400 audit(1768042880.916:10): apparmor="STATUS" operation="profile_load" profile="unconfined" name="/usr/lib/cups/backend/cups-pdf" pid=310 comm="apparmor_parser"
[    3.130528] systemd[1]: Finished Load AppArmor profiles.
[    3.131451] systemd[1]: Starting Load AppArmor profiles managed internally by snapd...
[    3.238000] systemd[1]: Started Journal Service.
[    3.251023] systemd-journald[229]: Received client request to flush runtime journal.
[    3.253937] systemd-journald[229]: File /var/log/journal/c455b248004a419c87ce85eea238d727/system.journal corrupted or uncleanly shut down, renaming and replacing.
[    4.567837] RAPL PMU: API unit is 2^-32 Joules, 0 fixed counters, 10737418240 ms ovfl timer
[    4.662033] cryptd: max_cpu_qlen set to 1000
[    4.711268] AVX2 version of gcm_enc/dec engaged.
[    4.711269] AES CTR mode by8 optimization enabled
[    6.738311] Adding 1998844k swap on /dev/sda1.  Priority:-2 extents:1 across:1998844k FS
[    7.391201] AAAAA: Error looking up destination IP: 369098976 - net/ipv4/ip_output.c: 285: dac_mps_nexthops
[    7.477015] AAAAA: Error looking up destination IP: 4211081440 - net/ipv4/ip_output.c: 285: dac_mps_nexthops
[    7.732267] AAAAA: Error looking up destination IP: 4211081440 - net/ipv4/ip_output.c: 285: dac_mps_nexthops
[    7.985210] AAAAA: Error looking up destination IP: 369098976 - net/ipv4/ip_output.c: 285: dac_mps_nexthops
[    7.985345] AAAAA: Error looking up destination IP: 4211081440 - net/ipv4/ip_output.c: 285: dac_mps_nexthops
[    8.182693] kauditd_printk_skb: 31 callbacks suppressed
[    8.182694] audit: type=1400 audit(1768042886.020:42): apparmor="DENIED" operation="capable" profile="/usr/sbin/cups-browsed" pid=572 comm="cups-browsed" capability=23  capname="sys_nice"
[    8.187141] AAAAA: Error looking up destination IP: 4211081440 - net/ipv4/ip_output.c: 285: dac_mps_nexthops
[    8.282255] AAAAA: Error looking up destination IP: 4211081440 - net/ipv4/ip_output.c: 285: dac_mps_nexthops
[    9.230738] AAAAA: Error looking up destination IP: 4211081440 - net/ipv4/ip_output.c: 285: dac_mps_nexthops
[    9.270002] pcnet32 0000:00:03.0 enp0s3: link up, 100Mbps, full-duplex
[    9.292269] AAAAA: Error looking up destination IP: 4211081440 - net/ipv4/ip_output.c: 285: dac_mps_nexthops
[    9.320798] e1000: enp0s8 NIC Link is Up 1000 Mbps Full Duplex, Flow Control: RX
[    9.321093] IPv6: ADDRCONF(NETDEV_CHANGE): enp0s8: link becomes ready
[    9.338665] e1000: enp0s9 NIC Link is Up 1000 Mbps Full Duplex, Flow Control: RX
[    9.338960] IPv6: ADDRCONF(NETDEV_CHANGE): enp0s9: link becomes ready
[   10.053318] device enp0s3 entered promiscuous mode
[   10.077762] audit: type=1400 audit(1768042887.924:43): apparmor="DENIED" operation="open" profile="/usr/sbin/tcpdump" name="/proc/sys/kernel/random/boot_id" pid=711 comm="tcpdump" requested_mask="r" denied_mask="r" fsuid=0 ouid=0
[   10.079639] audit: type=1400 audit(1768042887.924:44): apparmor="DENIED" operation="open" profile="/usr/sbin/tcpdump" name="/proc/sys/kernel/random/boot_id" pid=711 comm="tcpdump" requested_mask="r" denied_mask="r" fsuid=0 ouid=0
[   10.079680] audit: type=1400 audit(1768042887.924:45): apparmor="DENIED" operation="open" profile="/usr/sbin/tcpdump" name="/proc/sys/kernel/random/boot_id" pid=711 comm="tcpdump" requested_mask="r" denied_mask="r" fsuid=0 ouid=0
[   10.079777] audit: type=1400 audit(1768042887.924:46): apparmor="DENIED" operation="open" profile="/usr/sbin/tcpdump" name="/proc/sys/kernel/random/boot_id" pid=711 comm="tcpdump" requested_mask="r" denied_mask="r" fsuid=0 ouid=0
[   10.079859] audit: type=1400 audit(1768042887.924:47): apparmor="DENIED" operation="open" profile="/usr/sbin/tcpdump" name="/proc/sys/kernel/random/boot_id" pid=710 comm="tcpdump" requested_mask="r" denied_mask="r" fsuid=0 ouid=0
[   10.080170] audit: type=1400 audit(1768042887.924:48): apparmor="DENIED" operation="open" profile="/usr/sbin/tcpdump" name="/proc/sys/kernel/random/boot_id" pid=710 comm="tcpdump" requested_mask="r" denied_mask="r" fsuid=0 ouid=0
[   10.080283] audit: type=1400 audit(1768042887.924:49): apparmor="DENIED" operation="open" profile="/usr/sbin/tcpdump" name="/proc/sys/kernel/random/boot_id" pid=710 comm="tcpdump" requested_mask="r" denied_mask="r" fsuid=0 ouid=0
[   10.080337] audit: type=1400 audit(1768042887.924:50): apparmor="DENIED" operation="open" profile="/usr/sbin/tcpdump" name="/proc/sys/kernel/random/boot_id" pid=710 comm="tcpdump" requested_mask="r" denied_mask="r" fsuid=0 ouid=0
[   16.348751] rfkill: input handler disabled
[  252.562466] AAAAA-TCP_FORW: name:enp0s3: saddr:100932208: daddr:16783984
[  253.019422] AAAAA-TCP_FORW: name:enp0s3: saddr:100932208: daddr:16783984
[  253.251932] AAAAA-TCP_FORW: name:enp0s3: saddr:100932208: daddr:33561200
[  253.619991] AAAAA-TCP_FORW: name:enp0s3: saddr:100932208: daddr:16783984
[  253.835650] AAAAA-TCP_FORW: name:enp0s3: saddr:100932208: daddr:16783984
[  253.977145] AAAAA-TCP_FORW: name:enp0s3: saddr:100932208: daddr:16783984
[  254.116539] AAAAA-TCP_FORW: name:enp0s3: saddr:100932208: daddr:33561200
[  254.248231] AAAAA-TCP_FORW: name:enp0s3: saddr:100932208: daddr:16783984
[  254.386992] AAAAA-TCP_FORW: name:enp0s3: saddr:100932208: daddr:16783984
[  254.786657] AAAAA-TCP_FORW: name:enp0s3: saddr:100932208: daddr:16783984
[  254.964163] AAAAA-TCP_FORW: name:enp0s3: saddr:100932208: daddr:16783984
[  255.068231] AAAAA-TCP_FORW: name:enp0s3: saddr:100932208: daddr:16783984
[  255.229710] AAAAA-TCP_FORW: name:enp0s3: saddr:100932208: daddr:33561200
[  255.321147] AAAAA-TCP_FORW: name:enp0s3: saddr:100932208: daddr:16783984
[  255.445647] AAAAA-TCP_FORW: name:enp0s3: saddr:100932208: daddr:33561200
[  255.553594] AAAAA-TCP_FORW: name:enp0s3: saddr:100932208: daddr:16783984
[  255.609014] AAAAA-TCP_FORW: name:enp0s3: saddr:100932208: daddr:16783984
[  255.706788] AAAAA-TCP_FORW: name:enp0s3: saddr:100932208: daddr:16783984
[  255.816455] AAAAA-TCP_FORW: name:enp0s3: saddr:100932208: daddr:16783984
[  255.887992] AAAAA-TCP_FORW: name:enp0s3: saddr:100932208: daddr:16783984
[  255.956190] AAAAA-TCP_FORW: name:enp0s3: saddr:100932208: daddr:16783984
[  256.033210] AAAAA-TCP_FORW: name:enp0s3: saddr:100932208: daddr:16783984
[  256.110618] AAAAA-TCP_FORW: name:enp0s3: saddr:100932208: daddr:16783984
[  256.168647] AAAAA-TCP_FORW: name:enp0s3: saddr:100932208: daddr:16783984
[  256.243133] AAAAA-TCP_FORW: name:enp0s3: saddr:100932208: daddr:16783984
[  256.328798] AAAAA-TCP_FORW: name:enp0s3: saddr:100932208: daddr:16783984
[  256.425884] AAAAA-TCP_FORW: name:enp0s3: saddr:100932208: daddr:33561200
[  256.485941] AAAAA-TCP_FORW: name:enp0s3: saddr:100932208: daddr:33561200
[  256.563740] AAAAA-TCP_FORW: name:enp0s3: saddr:100932208: daddr:33561200
[  256.618788] AAAAA-TCP_FORW: name:enp0s3: saddr:100932208: daddr:33561200
[  256.677415] AAAAA-TCP_FORW: name:enp0s3: saddr:100932208: daddr:33561200
[  256.759036] AAAAA-TCP_FORW: name:enp0s3: saddr:100932208: daddr:33561200
[  256.760856] AAAAA-TCP_FORW: name:enp0s3: saddr:100932208: daddr:33561200
[  256.824665] AAAAA-TCP_FORW: name:enp0s3: saddr:100932208: daddr:33561200
[  256.865917] AAAAA-TCP_FORW: name:enp0s3: saddr:100932208: daddr:33561200
[  256.965259] AAAAA-TCP_FORW: name:enp0s3: saddr:100932208: daddr:33561200
[  256.991098] AAAAA-TCP_FORW: name:enp0s3: saddr:100932208: daddr:16783984
[  257.095282] AAAAA-TCP_FORW: name:enp0s3: saddr:100932208: daddr:16783984
[  257.176553] AAAAA-TCP_FORW: name:enp0s3: saddr:100932208: daddr:16783984
[  257.263611] AAAAA-TCP_FORW: name:enp0s3: saddr:100932208: daddr:16783984
[  257.330436] AAAAA-TCP_FORW: name:enp0s3: saddr:100932208: daddr:16783984
[  257.368905] AAAAA-TCP_FORW: name:enp0s3: saddr:100932208: daddr:16783984
[  257.459050] AAAAA-TCP_FORW: name:enp0s3: saddr:100932208: daddr:33561200
[  257.574717] AAAAA-TCP_FORW: name:enp0s3: saddr:100932208: daddr:16783984
[  257.678898] AAAAA-TCP_FORW: name:enp0s3: saddr:100932208: daddr:16783984
[  257.789094] AAAAA-TCP_FORW: name:enp0s3: saddr:100932208: daddr:16783984
[  257.847259] AAAAA-TCP_FORW: name:enp0s3: saddr:100932208: daddr:16783984
[  257.900332] AAAAA-TCP_FORW: name:enp0s3: saddr:100932208: daddr:16783984
[  257.967961] AAAAA-TCP_FORW: name:enp0s3: saddr:100932208: daddr:16783984
[  258.025855] AAAAA-TCP_FORW: name:enp0s3: saddr:100932208: daddr:16783984
[  258.183228] AAAAA-TCP_FORW: name:enp0s3: saddr:100932208: daddr:16783984
[  258.264682] AAAAA-TCP_FORW: name:enp0s3: saddr:100932208: daddr:16783984
[  258.325778] AAAAA-TCP_FORW: name:enp0s3: saddr:100932208: daddr:16783984
[  258.367514] AAAAA-TCP_FORW: name:enp0s3: saddr:100932208: daddr:16783984
[  258.448156] AAAAA-TCP_FORW: name:enp0s3: saddr:100932208: daddr:16783984
[  258.532141] AAAAA-TCP_FORW: name:enp0s3: saddr:100932208: daddr:16783984
[  258.612216] AAAAA-TCP_FORW: name:enp0s3: saddr:100932208: daddr:16783984
[  258.687372] AAAAA-TCP_FORW: name:enp0s3: saddr:100932208: daddr:33561200
[  258.752446] AAAAA-TCP_FORW: name:enp0s3: saddr:100932208: daddr:33561200
[  258.818973] AAAAA-TCP_FORW: name:enp0s3: saddr:100932208: daddr:33561200
[  258.895134] AAAAA-TCP_FORW: name:enp0s3: saddr:100932208: daddr:33561200
[  258.931887] AAAAA-TCP_FORW: name:enp0s3: saddr:100932208: daddr:33561200
[  259.155324] AAAAA-TCP_FORW: name:enp0s3: saddr:100932208: daddr:33561200
[  259.198437] AAAAA-TCP_FORW: name:enp0s3: saddr:100932208: daddr:33561200
[  259.244973] AAAAA-TCP_FORW: name:enp0s3: saddr:100932208: daddr:33561200
[  259.262450] AAAAA-TCP_FORW: name:enp0s3: saddr:100932208: daddr:33561200
[  259.306588] AAAAA-TCP_FORW: name:enp0s3: saddr:100932208: daddr:33561200
[  259.317842] AAAAA-TCP_FORW: name:enp0s3: saddr:100932208: daddr:33561200
[  259.391546] AAAAA-TCP_FORW: name:enp0s3: saddr:100932208: daddr:33561200
[  259.426595] AAAAA-TCP_FORW: name:enp0s3: saddr:100932208: daddr:33561200
[  259.474254] AAAAA-TCP_FORW: name:enp0s3: saddr:100932208: daddr:33561200
[  259.532475] AAAAA-TCP_FORW: name:enp0s3: saddr:100932208: daddr:33561200
[  259.596221] AAAAA-TCP_FORW: name:enp0s3: saddr:100932208: daddr:33561200
[  259.620724] AAAAA-TCP_FORW: name:enp0s3: saddr:100932208: daddr:33561200
[  259.704680] AAAAA-TCP_FORW: name:enp0s3: saddr:100932208: daddr:33561200
[  259.732426] AAAAA-TCP_FORW: name:enp0s3: saddr:100932208: daddr:33561200
[  259.782138] AAAAA-TCP_FORW: name:enp0s3: saddr:100932208: daddr:33561200
[  259.834110] AAAAA-TCP_FORW: name:enp0s3: saddr:100932208: daddr:33561200
[  259.875536] AAAAA-TCP_FORW: name:enp0s3: saddr:100932208: daddr:16783984
[  259.956661] AAAAA-TCP_FORW: name:enp0s3: saddr:100932208: daddr:16783984
[  260.038143] AAAAA-TCP_FORW: name:enp0s3: saddr:100932208: daddr:16783984
[  260.049656] AAAAA-TCP_FORW: name:enp0s3: saddr:100932208: daddr:16783984
[  260.121463] AAAAA-TCP_FORW: name:enp0s3: saddr:100932208: daddr:16783984
[  260.203954] AAAAA-TCP_FORW: name:enp0s3: saddr:100932208: daddr:16783984
[  260.258851] AAAAA-TCP_FORW: name:enp0s3: saddr:100932208: daddr:16783984
[  260.311247] AAAAA-TCP_FORW: name:enp0s3: saddr:100932208: daddr:16783984
[  260.424162] AAAAA-TCP_FORW: name:enp0s3: saddr:100932208: daddr:16783984
[  260.533811] AAAAA-TCP_FORW: name:enp0s3: saddr:100932208: daddr:16783984
[  260.612989] AAAAA-TCP_FORW: name:enp0s3: saddr:100932208: daddr:16783984
[  260.695794] AAAAA-TCP_FORW: name:enp0s3: saddr:100932208: daddr:16783984
[  260.735901] AAAAA-TCP_FORW: name:enp0s3: saddr:100932208: daddr:16783984
[  260.755215] AAAAA-TCP_FORW: name:enp0s3: saddr:100932208: daddr:16783984
[  260.849272] AAAAA-TCP_FORW: name:enp0s3: saddr:100932208: daddr:16783984
[  260.911497] AAAAA-TCP_FORW: name:enp0s3: saddr:100932208: daddr:16783984
[  261.029673] AAAAA-TCP_FORW: name:enp0s3: saddr:100932208: daddr:16783984
[  261.094418] AAAAA-TCP_FORW: name:enp0s3: saddr:100932208: daddr:16783984
[  261.149605] AAAAA-TCP_FORW: name:enp0s3: saddr:100932208: daddr:16783984
[  261.199824] AAAAA-TCP_FORW: name:enp0s3: saddr:100932208: daddr:16783984
[  261.245188] AAAAA-TCP_FORW: name:enp0s3: saddr:100932208: daddr:16783984
[  261.269656] AAAAA-TCP_FORW: name:enp0s3: saddr:100932208: daddr:16783984
[  261.342185] AAAAA-TCP_FORW: name:enp0s3: saddr:100932208: daddr:16783984
[  261.456195] AAAAA-TCP_FORW: name:enp0s3: saddr:100932208: daddr:16783984
[  261.661061] AAAAA-TCP_FORW: name:enp0s3: saddr:100932208: daddr:16783984
[  261.746131] AAAAA-TCP_FORW: name:enp0s3: saddr:100932208: daddr:33561200
[  261.782022] AAAAA-TCP_FORW: name:enp0s3: saddr:100932208: daddr:33561200
[  261.863670] AAAAA-TCP_FORW: name:enp0s3: saddr:100932208: daddr:33561200
[  261.909674] AAAAA-TCP_FORW: name:enp0s3: saddr:100932208: daddr:33561200
[  261.959784] AAAAA-TCP_FORW: name:enp0s3: saddr:100932208: daddr:33561200
[  262.026410] AAAAA-TCP_FORW: name:enp0s3: saddr:100932208: daddr:33561200
[  262.058549] AAAAA-TCP_FORW: name:enp0s3: saddr:100932208: daddr:33561200
[  262.159752] AAAAA-TCP_FORW: name:enp0s3: saddr:100932208: daddr:33561200
[  262.219649] AAAAA-TCP_FORW: name:enp0s3: saddr:100932208: daddr:33561200
[  262.317802] AAAAA-TCP_FORW: name:enp0s3: saddr:100932208: daddr:33561200
[  262.359402] AAAAA-TCP_FORW: name:enp0s3: saddr:100932208: daddr:33561200
[  262.444757] AAAAA-TCP_FORW: name:enp0s3: saddr:100932208: daddr:33561200
[  262.481682] AAAAA-TCP_FORW: name:enp0s3: saddr:100932208: daddr:33561200
[  262.538903] AAAAA-TCP_FORW: name:enp0s3: saddr:100932208: daddr:33561200
[  262.719569] AAAAA-TCP_FORW: name:enp0s3: saddr:100932208: daddr:33561200
[  262.741484] AAAAA-TCP_FORW: name:enp0s3: saddr:100932208: daddr:33561200
[  265.245619] AAAAA-TCP_FORW: name:enp0s3: saddr:100932208: daddr:33561200
[  265.296748] AAAAA-TCP_FORW: name:enp0s3: saddr:100932208: daddr:33561200
[  288.193979] AAAAA-TCP_FORW: name:enp0s3: saddr:100932208: daddr:33561200
[  288.207050] AAAAA-TCP_FORW: name:enp0s3: saddr:100932208: daddr:33561200
[  288.289157] AAAAA-TCP_FORW: name:enp0s3: saddr:100932208: daddr:33561200
[  288.329832] AAAAA-TCP_FORW: name:enp0s3: saddr:100932208: daddr:33561200
[  288.373624] AAAAA-TCP_FORW: name:enp0s3: saddr:33561200: daddr:100932208
[  288.397085] AAAAA-TCP_FORW: name:enp0s3: saddr:100932208: daddr:33561200
[  288.511748] AAAAA-TCP_FORW: name:enp0s3: saddr:100932208: daddr:33561200
[  288.537170] AAAAA-TCP_FORW: name:enp0s3: saddr:33561200: daddr:100932208
[  288.634588] AAAAA-TCP_FORW: name:enp0s3: saddr:100932208: daddr:33561200
[  288.708024] AAAAA-TCP_FORW: name:enp0s3: saddr:100932208: daddr:33561200
[  288.749264] AAAAA-TCP_FORW: name:enp0s3: saddr:100932208: daddr:33561200
[  288.799967] AAAAA-TCP_FORW: name:enp0s3: saddr:100932208: daddr:33561200
[  288.830961] AAAAA-TCP_FORW: name:enp0s3: saddr:33561200: daddr:100932208
[  288.840649] AAAAA-TCP_FORW: name:enp0s3: saddr:100932208: daddr:33561200
[  288.946627] AAAAA-TCP_FORW: name:enp0s3: saddr:100932208: daddr:33561200
[  289.042849] AAAAA-TCP_FORW: name:enp0s3: saddr:33561200: daddr:100932208
[  289.048771] AAAAA-TCP_FORW: name:enp0s3: saddr:100932208: daddr:33561200
[  289.088268] AAAAA-TCP_FORW: name:enp0s3: saddr:100932208: daddr:33561200
[  289.162027] AAAAA-TCP_FORW: name:enp0s3: saddr:100932208: daddr:33561200
[  289.222971] AAAAA-TCP_FORW: name:enp0s3: saddr:100932208: daddr:16783984
[  289.267603] AAAAA-TCP_FORW: name:enp0s3: saddr:100932208: daddr:16783984
[  289.325032] AAAAA-TCP_FORW: name:enp0s3: saddr:100932208: daddr:16783984
[  289.381384] AAAAA-TCP_FORW: name:enp0s3: saddr:33561200: daddr:100932208
[  289.383203] AAAAA-TCP_FORW: name:enp0s3: saddr:100932208: daddr:16783984
[  289.443169] AAAAA-TCP_FORW: name:enp0s3: saddr:100932208: daddr:16783984
[  289.533266] AAAAA-TCP_FORW: name:enp0s3: saddr:100932208: daddr:16783984
[  289.600233] AAAAA-TCP_FORW: name:enp0s3: saddr:33561200: daddr:100932208
[  289.616704] AAAAA-TCP_FORW: name:enp0s3: saddr:100932208: daddr:16783984
[  289.749312] AAAAA-TCP_FORW: name:enp0s3: saddr:100932208: daddr:16783984
[  289.803291] AAAAA-TCP_FORW: name:enp0s3: saddr:33561200: daddr:100932208
[  289.826807] AAAAA-TCP_FORW: name:enp0s3: saddr:100932208: daddr:16783984
[  289.884522] AAAAA-TCP_FORW: name:enp0s3: saddr:100932208: daddr:16783984
[  289.944540] AAAAA-TCP_FORW: name:enp0s3: saddr:100932208: daddr:16783984
[  290.036078] AAAAA-TCP_FORW: name:enp0s3: saddr:100932208: daddr:16783984
[  290.070181] AAAAA-TCP_FORW: name:enp0s3: saddr:100932208: daddr:16783984
[  290.135690] AAAAA-TCP_FORW: name:enp0s3: saddr:100932208: daddr:16783984
[  290.215519] AAAAA-TCP_FORW: name:enp0s3: saddr:100932208: daddr:16783984
[  290.275009] AAAAA-TCP_FORW: name:enp0s3: saddr:100932208: daddr:16783984
[  290.282876] AAAAA-TCP_FORW: name:enp0s3: saddr:33561200: daddr:100932208
[  290.321722] AAAAA-TCP_FORW: name:enp0s3: saddr:100932208: daddr:16783984
[  290.379842] AAAAA-TCP_FORW: name:enp0s3: saddr:33561200: daddr:100932208
[  290.393335] AAAAA-TCP_FORW: name:enp0s3: saddr:100932208: daddr:16783984
[  290.419194] AAAAA-TCP_FORW: name:enp0s3: saddr:33561200: daddr:100932208
[  290.459250] AAAAA-TCP_FORW: name:enp0s3: saddr:100932208: daddr:16783984
[  290.570168] AAAAA-TCP_FORW: name:enp0s3: saddr:100932208: daddr:16783984
[  290.802077] AAAAA-TCP_FORW: name:enp0s3: saddr:33561200: daddr:100932208
[  290.911411] AAAAA-TCP_FORW: name:enp0s3: saddr:33561200: daddr:100932208
[  291.036110] AAAAA-TCP_FORW: name:enp0s3: saddr:33561200: daddr:100932208
[  291.309769] AAAAA-TCP_FORW: name:enp0s3: saddr:33561200: daddr:100932208
[  291.409424] AAAAA-TCP_FORW: name:enp0s3: saddr:33561200: daddr:100932208
[  291.703910] AAAAA-TCP_FORW: name:enp0s3: saddr:100932208: daddr:33561200
[  291.785801] AAAAA-TCP_FORW: name:enp0s3: saddr:100932208: daddr:33561200
[  291.903772] AAAAA-TCP_FORW: name:enp0s3: saddr:16783984: daddr:100932208
[  292.059036] AAAAA-TCP_FORW: name:enp0s3: saddr:16783984: daddr:100932208
[  292.520102] AAAAA-TCP_FORW: name:enp0s3: saddr:16783984: daddr:100932208
[  292.537248] AAAAA-TCP_FORW: name:enp0s3: saddr:100932208: daddr:33561200
[  292.685606] AAAAA-TCP_FORW: name:enp0s3: saddr:100932208: daddr:33561200
[  292.761294] AAAAA-TCP_FORW: name:enp0s3: saddr:16783984: daddr:100932208
[  292.832180] AAAAA-TCP_FORW: name:enp0s3: saddr:16783984: daddr:100932208
[  292.851142] AAAAA-TCP_FORW: name:enp0s3: saddr:100932208: daddr:33561200
[  292.966907] AAAAA-TCP_FORW: name:enp0s3: saddr:100932208: daddr:33561200
[  293.069964] AAAAA-TCP_FORW: name:enp0s3: saddr:16783984: daddr:100932208
[  293.149770] AAAAA-TCP_FORW: name:enp0s3: saddr:16783984: daddr:100932208
[  293.200879] AAAAA-TCP_FORW: name:enp0s3: saddr:100932208: daddr:33561200
[  293.224472] AAAAA-TCP_FORW: name:enp0s3: saddr:16783984: daddr:100932208
[  293.274053] AAAAA-TCP_FORW: name:enp0s3: saddr:100932208: daddr:33561200
[  293.368033] AAAAA-TCP_FORW: name:enp0s3: saddr:16783984: daddr:100932208
[  293.654095] AAAAA-TCP_FORW: name:enp0s3: saddr:16783984: daddr:100932208
[  293.880542] AAAAA-TCP_FORW: name:enp0s3: saddr:16783984: daddr:100932208
[  294.053901] AAAAA-TCP_FORW: name:enp0s3: saddr:100932208: daddr:33561200
[  294.129427] AAAAA-TCP_FORW: name:enp0s3: saddr:100932208: daddr:33561200
[  294.293343] AAAAA-TCP_FORW: name:enp0s3: saddr:16783984: daddr:100932208
[  294.519808] AAAAA-TCP_FORW: name:enp0s3: saddr:100932208: daddr:33561200
[  294.607558] AAAAA-TCP_FORW: name:enp0s3: saddr:100932208: daddr:33561200
[  294.776175] AAAAA-TCP_FORW: name:enp0s3: saddr:16783984: daddr:100932208
[  294.857894] AAAAA-TCP_FORW: name:enp0s3: saddr:16783984: daddr:100932208
[  294.989108] AAAAA-TCP_FORW: name:enp0s3: saddr:16783984: daddr:100932208
[  295.013441] AAAAA-TCP_FORW: name:enp0s3: saddr:100932208: daddr:33561200
[  295.075339] AAAAA-TCP_FORW: name:enp0s3: saddr:100932208: daddr:33561200
[  295.292534] AAAAA-TCP_FORW: name:enp0s3: saddr:16783984: daddr:100932208
[  295.343876] AAAAA-TCP_FORW: name:enp0s3: saddr:16783984: daddr:100932208
[  295.596091] AAAAA-TCP_FORW: name:enp0s3: saddr:16783984: daddr:100932208
[  295.704742] AAAAA-TCP_FORW: name:enp0s3: saddr:33561200: daddr:100932208
[  295.976750] AAAAA-TCP_FORW: name:enp0s3: saddr:100932208: daddr:33561200
[  295.981507] AAAAA-TCP_FORW: name:enp0s3: saddr:33561200: daddr:100932208
[  296.061453] AAAAA-TCP_FORW: name:enp0s3: saddr:100932208: daddr:33561200
[  296.163310] AAAAA-TCP_FORW: name:enp0s3: saddr:100932208: daddr:33561200
[  296.241826] AAAAA-TCP_FORW: name:enp0s3: saddr:100932208: daddr:33561200
[  296.471620] AAAAA-TCP_FORW: name:enp0s3: saddr:100932208: daddr:33561200
[  296.551873] AAAAA-TCP_FORW: name:enp0s3: saddr:100932208: daddr:33561200
[  296.644758] AAAAA-TCP_FORW: name:enp0s3: saddr:100932208: daddr:33561200
[  296.732655] AAAAA-TCP_FORW: name:enp0s3: saddr:100932208: daddr:33561200
[  296.808886] AAAAA-TCP_FORW: name:enp0s3: saddr:100932208: daddr:33561200
[  296.821513] AAAAA-TCP_FORW: name:enp0s3: saddr:100932208: daddr:33561200
[  296.895451] AAAAA-TCP_FORW: name:enp0s3: saddr:100932208: daddr:33561200
[  296.987921] AAAAA-TCP_FORW: name:enp0s3: saddr:100932208: daddr:33561200
[  297.116492] AAAAA-TCP_FORW: name:enp0s3: saddr:100932208: daddr:16783984
[  297.159844] AAAAA-TCP_FORW: name:enp0s3: saddr:100932208: daddr:16783984
[  297.266731] AAAAA-TCP_FORW: name:enp0s3: saddr:100932208: daddr:16783984
[  297.337964] AAAAA-TCP_FORW: name:enp0s3: saddr:100932208: daddr:16783984
[  297.434759] AAAAA-TCP_FORW: name:enp0s3: saddr:100932208: daddr:16783984
[  297.447677] AAAAA-TCP_FORW: name:enp0s3: saddr:100932208: daddr:16783984
[  297.519434] AAAAA-TCP_FORW: name:enp0s3: saddr:100932208: daddr:16783984
[  297.570932] AAAAA-TCP_FORW: name:enp0s3: saddr:100932208: daddr:16783984
[  297.637508] AAAAA-TCP_FORW: name:enp0s3: saddr:100932208: daddr:16783984
[  297.774323] AAAAA-TCP_FORW: name:enp0s3: saddr:100932208: daddr:16783984
[  297.797757] AAAAA-TCP_FORW: name:enp0s3: saddr:100932208: daddr:16783984
[  297.813797] AAAAA-TCP_FORW: name:enp0s3: saddr:100932208: daddr:16783984
[  297.855481] AAAAA-TCP_FORW: name:enp0s3: saddr:100932208: daddr:16783984
[  298.051737] AAAAA-TCP_FORW: name:enp0s3: saddr:100932208: daddr:16783984
[  298.061196] AAAAA-TCP_FORW: name:enp0s3: saddr:100932208: daddr:16783984
[  298.374841] AAAAA-TCP_FORW: name:enp0s3: saddr:100932208: daddr:16783984
[  298.410943] AAAAA-TCP_FORW: name:enp0s3: saddr:100932208: daddr:16783984
[  298.649393] AAAAA-TCP_FORW: name:enp0s3: saddr:100932208: daddr:16783984
[  298.833788] AAAAA-TCP_FORW: name:enp0s3: saddr:100932208: daddr:16783984
[  298.864233] AAAAA-TCP_FORW: name:enp0s3: saddr:100932208: daddr:16783984
[  299.305190] AAAAA-TCP_FORW: name:enp0s3: saddr:100932208: daddr:16783984
[  299.478540] AAAAA-TCP_FORW: name:enp0s3: saddr:100932208: daddr:16783984
[  299.571458] AAAAA-TCP_FORW: name:enp0s3: saddr:100932208: daddr:16783984
[  299.745532] AAAAA-TCP_FORW: name:enp0s3: saddr:100932208: daddr:16783984
[  299.911588] AAAAA-TCP_FORW: name:enp0s3: saddr:100932208: daddr:33561200
[  299.948966] AAAAA-TCP_FORW: name:enp0s3: saddr:100932208: daddr:33561200
[  300.024922] AAAAA-TCP_FORW: name:enp0s3: saddr:100932208: daddr:33561200
[  300.137452] AAAAA-TCP_FORW: name:enp0s3: saddr:100932208: daddr:33561200
[  300.236538] AAAAA-TCP_FORW: name:enp0s3: saddr:100932208: daddr:33561200
[  300.354849] AAAAA-TCP_FORW: name:enp0s3: saddr:100932208: daddr:16783984
[  300.462021] AAAAA-TCP_FORW: name:enp0s3: saddr:100932208: daddr:33561200
[  300.850402] AAAAA-TCP_FORW: name:enp0s3: saddr:100932208: daddr:33561200
[  301.491775] AAAAA-TCP_FORW: name:enp0s3: saddr:100932208: daddr:33561200
[  302.382405] AAAAA-TCP_FORW: name:enp0s3: saddr:100932208: daddr:16783984
[  302.569047] AAAAA-TCP_FORW: name:enp0s3: saddr:100932208: daddr:16783984
[  302.844575] AAAAA-TCP_FORW: name:enp0s3: saddr:100932208: daddr:16783984
[  303.088162] AAAAA-TCP_FORW: name:enp0s3: saddr:100932208: daddr:16783984
[  320.867814] AAAAA-TCP_FORW: name:enp0s3: saddr:100932208: daddr:16783984
[  320.951105] AAAAA-TCP_FORW: name:enp0s3: saddr:100932208: daddr:16783984
[  320.987299] AAAAA-TCP_FORW: name:enp0s3: saddr:100932208: daddr:16783984
[  321.006534] AAAAA-TCP_FORW: name:enp0s3: saddr:16783984: daddr:100932208
[  321.068038] AAAAA-TCP_FORW: name:enp0s3: saddr:100932208: daddr:16783984
[  321.103656] AAAAA-TCP_FORW: name:enp0s3: saddr:100932208: daddr:16783984
[  321.148700] AAAAA-TCP_FORW: name:enp0s3: saddr:16783984: daddr:100932208
[  321.166451] AAAAA-TCP_FORW: name:enp0s3: saddr:100932208: daddr:16783984
[  321.211526] AAAAA-TCP_FORW: name:enp0s3: saddr:100932208: daddr:16783984
[  321.221919] AAAAA-TCP_FORW: name:enp0s3: saddr:16783984: daddr:100932208
[  321.261294] AAAAA-TCP_FORW: name:enp0s3: saddr:100932208: daddr:16783984
[  321.306111] AAAAA-TCP_FORW: name:enp0s3: saddr:100932208: daddr:16783984
[  321.362583] AAAAA-TCP_FORW: name:enp0s3: saddr:100932208: daddr:16783984
[  321.406250] AAAAA-TCP_FORW: name:enp0s3: saddr:16783984: daddr:100932208
[  321.431546] AAAAA-TCP_FORW: name:enp0s3: saddr:100932208: daddr:16783984
[  321.519287] AAAAA-TCP_FORW: name:enp0s3: saddr:100932208: daddr:16783984
[  321.542844] AAAAA-TCP_FORW: name:enp0s3: saddr:16783984: daddr:100932208
[  321.568329] AAAAA-TCP_FORW: name:enp0s3: saddr:100932208: daddr:16783984
[  321.618526] AAAAA-TCP_FORW: name:enp0s3: saddr:100932208: daddr:16783984
[  321.677502] AAAAA-TCP_FORW: name:enp0s3: saddr:100932208: daddr:16783984
[  321.791421] AAAAA-TCP_FORW: name:enp0s3: saddr:100932208: daddr:16783984
[  321.802904] AAAAA-TCP_FORW: name:enp0s3: saddr:16783984: daddr:100932208
[  321.856788] AAAAA-TCP_FORW: name:enp0s3: saddr:100932208: daddr:33561200
[  321.893605] AAAAA-TCP_FORW: name:enp0s3: saddr:16783984: daddr:100932208
[  321.906149] AAAAA-TCP_FORW: name:enp0s3: saddr:100932208: daddr:33561200
[  321.939105] AAAAA-TCP_FORW: name:enp0s3: saddr:100932208: daddr:33561200
[  321.982210] AAAAA-TCP_FORW: name:enp0s3: saddr:100932208: daddr:33561200
[  322.054269] AAAAA-TCP_FORW: name:enp0s3: saddr:100932208: daddr:33561200
[  322.083787] AAAAA-TCP_FORW: name:enp0s3: saddr:16783984: daddr:100932208
[  322.115554] AAAAA-TCP_FORW: name:enp0s3: saddr:100932208: daddr:33561200
[  322.169845] AAAAA-TCP_FORW: name:enp0s3: saddr:100932208: daddr:33561200
[  322.198297] AAAAA-TCP_FORW: name:enp0s3: saddr:16783984: daddr:100932208
[  322.207879] AAAAA-TCP_FORW: name:enp0s3: saddr:100932208: daddr:33561200
[  322.274746] AAAAA-TCP_FORW: name:enp0s3: saddr:16783984: daddr:100932208
[  322.285929] AAAAA-TCP_FORW: name:enp0s3: saddr:100932208: daddr:33561200
[  322.330004] AAAAA-TCP_FORW: name:enp0s3: saddr:100932208: daddr:33561200
[  322.423585] AAAAA-TCP_FORW: name:enp0s3: saddr:100932208: daddr:33561200
[  322.456947] AAAAA-TCP_FORW: name:enp0s3: saddr:100932208: daddr:33561200
[  322.507558] AAAAA-TCP_FORW: name:enp0s3: saddr:100932208: daddr:33561200
[  322.530317] AAAAA-TCP_FORW: name:enp0s3: saddr:100932208: daddr:33561200
[  322.540078] AAAAA-TCP_FORW: name:enp0s3: saddr:16783984: daddr:100932208
[  322.603296] AAAAA-TCP_FORW: name:enp0s3: saddr:100932208: daddr:33561200
[  322.616911] AAAAA-TCP_FORW: name:enp0s3: saddr:16783984: daddr:100932208
[  322.650310] AAAAA-TCP_FORW: name:enp0s3: saddr:100932208: daddr:33561200
[  322.711245] AAAAA-TCP_FORW: name:enp0s3: saddr:100932208: daddr:33561200
[  322.713217] AAAAA-TCP_FORW: name:enp0s3: saddr:16783984: daddr:100932208
[  322.752199] AAAAA-TCP_FORW: name:enp0s3: saddr:100932208: daddr:33561200
[  322.780169] AAAAA-TCP_FORW: name:enp0s3: saddr:100932208: daddr:33561200
[  322.793665] AAAAA-TCP_FORW: name:enp0s3: saddr:16783984: daddr:100932208
[  322.824024] AAAAA-TCP_FORW: name:enp0s3: saddr:100932208: daddr:16783984
[  322.833360] AAAAA-TCP_FORW: name:enp0s3: saddr:16783984: daddr:100932208
[  322.869786] AAAAA-TCP_FORW: name:enp0s3: saddr:100932208: daddr:16783984
[  322.877893] AAAAA-TCP_FORW: name:enp0s3: saddr:16783984: daddr:100932208
[  322.902871] AAAAA-TCP_FORW: name:enp0s3: saddr:100932208: daddr:16783984
[  322.956874] AAAAA-TCP_FORW: name:enp0s3: saddr:100932208: daddr:16783984
[  322.994279] AAAAA-TCP_FORW: name:enp0s3: saddr:100932208: daddr:16783984
[  323.038572] AAAAA-TCP_FORW: name:enp0s3: saddr:100932208: daddr:16783984
[  323.067857] AAAAA-TCP_FORW: name:enp0s3: saddr:100932208: daddr:16783984
[  323.105427] AAAAA-TCP_FORW: name:enp0s3: saddr:100932208: daddr:16783984
[  323.137292] AAAAA-TCP_FORW: name:enp0s3: saddr:100932208: daddr:16783984
[  323.193351] AAAAA-TCP_FORW: name:enp0s3: saddr:100932208: daddr:16783984
[  323.224029] AAAAA-TCP_FORW: name:enp0s3: saddr:33561200: daddr:100932208
[  323.268885] AAAAA-TCP_FORW: name:enp0s3: saddr:100932208: daddr:16783984
[  323.314113] AAAAA-TCP_FORW: name:enp0s3: saddr:33561200: daddr:100932208
[  323.320523] AAAAA-TCP_FORW: name:enp0s3: saddr:100932208: daddr:16783984
[  323.389825] AAAAA-TCP_FORW: name:enp0s3: saddr:100932208: daddr:16783984
[  323.409978] AAAAA-TCP_FORW: name:enp0s3: saddr:100932208: daddr:16783984
[  323.414342] AAAAA-TCP_FORW: name:enp0s3: saddr:33561200: daddr:100932208
[  323.497330] AAAAA-TCP_FORW: name:enp0s3: saddr:100932208: daddr:16783984
[  323.570018] AAAAA-TCP_FORW: name:enp0s3: saddr:33561200: daddr:100932208
[  323.599397] AAAAA-TCP_FORW: name:enp0s3: saddr:100932208: daddr:16783984
[  323.625959] AAAAA-TCP_FORW: name:enp0s3: saddr:33561200: daddr:100932208
[  323.645559] AAAAA-TCP_FORW: name:enp0s3: saddr:100932208: daddr:16783984
[  323.723909] AAAAA-TCP_FORW: name:enp0s3: saddr:100932208: daddr:16783984
[  323.827042] AAAAA-TCP_FORW: name:enp0s3: saddr:100932208: daddr:16783984
[  323.913962] AAAAA-TCP_FORW: name:enp0s3: saddr:33561200: daddr:100932208
[  323.932223] AAAAA-TCP_FORW: name:enp0s3: saddr:100932208: daddr:16783984
[  323.987380] AAAAA-TCP_FORW: name:enp0s3: saddr:100932208: daddr:16783984
[  324.008451] AAAAA-TCP_FORW: name:enp0s3: saddr:33561200: daddr:100932208
[  324.066293] AAAAA-TCP_FORW: name:enp0s3: saddr:100932208: daddr:16783984
[  324.223521] AAAAA-TCP_FORW: name:enp0s3: saddr:33561200: daddr:100932208
[  324.241178] AAAAA-TCP_FORW: name:enp0s3: saddr:100932208: daddr:16783984
[  324.324084] AAAAA-TCP_FORW: name:enp0s3: saddr:100932208: daddr:16783984
[  324.332122] AAAAA-TCP_FORW: name:enp0s3: saddr:33561200: daddr:100932208
[  324.397590] AAAAA-TCP_FORW: name:enp0s3: saddr:100932208: daddr:16783984
[  324.409155] AAAAA-TCP_FORW: name:enp0s3: saddr:33561200: daddr:100932208
[  324.539718] AAAAA-TCP_FORW: name:enp0s3: saddr:100932208: daddr:16783984
[  324.566190] AAAAA-TCP_FORW: name:enp0s3: saddr:33561200: daddr:100932208
[  324.604351] AAAAA-TCP_FORW: name:enp0s3: saddr:33561200: daddr:100932208
[  324.685943] AAAAA-TCP_FORW: name:enp0s3: saddr:33561200: daddr:100932208
[  324.777625] AAAAA-TCP_FORW: name:enp0s3: saddr:33561200: daddr:100932208
[  324.996392] AAAAA-TCP_FORW: name:enp0s3: saddr:33561200: daddr:100932208
[  325.079973] AAAAA-TCP_FORW: name:enp0s3: saddr:100932208: daddr:33561200
[  325.112611] AAAAA-TCP_FORW: name:enp0s3: saddr:100932208: daddr:33561200
[  325.172395] AAAAA-TCP_FORW: name:enp0s3: saddr:33561200: daddr:100932208
[  325.229046] AAAAA-TCP_FORW: name:enp0s3: saddr:33561200: daddr:100932208
[  325.345790] AAAAA-TCP_FORW: name:enp0s3: saddr:33561200: daddr:100932208
[  325.407428] AAAAA-TCP_FORW: name:enp0s3: saddr:100932208: daddr:33561200
[  325.534417] AAAAA-TCP_FORW: name:enp0s3: saddr:100932208: daddr:33561200
[  325.574521] AAAAA-TCP_FORW: name:enp0s3: saddr:33561200: daddr:100932208
[  325.664878] AAAAA-TCP_FORW: name:enp0s3: saddr:100932208: daddr:33561200
[  325.719971] AAAAA-TCP_FORW: name:enp0s3: saddr:100932208: daddr:33561200
[  325.767423] AAAAA-TCP_FORW: name:enp0s3: saddr:100932208: daddr:33561200
[  325.858658] AAAAA-TCP_FORW: name:enp0s3: saddr:100932208: daddr:33561200
[  325.902900] AAAAA-TCP_FORW: name:enp0s3: saddr:16783984: daddr:100932208
[  325.938384] AAAAA-TCP_FORW: name:enp0s3: saddr:100932208: daddr:33561200
[  326.162016] AAAAA-TCP_FORW: name:enp0s3: saddr:100932208: daddr:33561200
[  326.213079] AAAAA-TCP_FORW: name:enp0s3: saddr:16783984: daddr:100932208
[  326.234891] AAAAA-TCP_FORW: name:enp0s3: saddr:100932208: daddr:33561200
[  326.287752] AAAAA-TCP_FORW: name:enp0s3: saddr:100932208: daddr:33561200
[  326.366984] AAAAA-TCP_FORW: name:enp0s3: saddr:16783984: daddr:100932208
[  326.477348] AAAAA-TCP_FORW: name:enp0s3: saddr:100932208: daddr:33561200
[  326.517291] AAAAA-TCP_FORW: name:enp0s3: saddr:100932208: daddr:33561200
[  326.527936] AAAAA-TCP_FORW: name:enp0s3: saddr:16783984: daddr:100932208
[  326.561068] AAAAA-TCP_FORW: name:enp0s3: saddr:16783984: daddr:100932208
[  326.580997] AAAAA-TCP_FORW: name:enp0s3: saddr:100932208: daddr:33561200
[  326.660317] AAAAA-TCP_FORW: name:enp0s3: saddr:16783984: daddr:100932208
[  326.717557] AAAAA-TCP_FORW: name:enp0s3: saddr:16783984: daddr:100932208
[  326.757153] AAAAA-TCP_FORW: name:enp0s3: saddr:100932208: daddr:33561200
[  326.812937] AAAAA-TCP_FORW: name:enp0s3: saddr:100932208: daddr:33561200
[  326.914905] AAAAA-TCP_FORW: name:enp0s3: saddr:100932208: daddr:33561200
[  326.918487] AAAAA-TCP_FORW: name:enp0s3: saddr:16783984: daddr:100932208
[  327.019795] AAAAA-TCP_FORW: name:enp0s3: saddr:100932208: daddr:33561200
[  327.060575] AAAAA-TCP_FORW: name:enp0s3: saddr:100932208: daddr:33561200
[  327.114381] AAAAA-TCP_FORW: name:enp0s3: saddr:100932208: daddr:33561200
[  327.168162] AAAAA-TCP_FORW: name:enp0s3: saddr:16783984: daddr:100932208
[  327.175511] AAAAA-TCP_FORW: name:enp0s3: saddr:100932208: daddr:33561200
[  327.247484] AAAAA-TCP_FORW: name:enp0s3: saddr:100932208: daddr:33561200
[  327.278026] AAAAA-TCP_FORW: name:enp0s3: saddr:16783984: daddr:100932208
[  327.379518] AAAAA-TCP_FORW: name:enp0s3: saddr:100932208: daddr:33561200
[  327.431514] AAAAA-TCP_FORW: name:enp0s3: saddr:100932208: daddr:33561200
[  327.475294] AAAAA-TCP_FORW: name:enp0s3: saddr:100932208: daddr:33561200
[  327.556989] AAAAA-TCP_FORW: name:enp0s3: saddr:100932208: daddr:33561200
[  327.564355] AAAAA-TCP_FORW: name:enp0s3: saddr:16783984: daddr:100932208
[  327.721325] AAAAA-TCP_FORW: name:enp0s3: saddr:100932208: daddr:33561200
[  327.744355] AAAAA-TCP_FORW: name:enp0s3: saddr:16783984: daddr:100932208
[  327.756468] AAAAA-TCP_FORW: name:enp0s3: saddr:100932208: daddr:33561200
[  327.814907] AAAAA-TCP_FORW: name:enp0s3: saddr:16783984: daddr:100932208
[  327.878447] AAAAA-TCP_FORW: name:enp0s3: saddr:16783984: daddr:100932208
[  327.986008] AAAAA-TCP_FORW: name:enp0s3: saddr:16783984: daddr:100932208
[  328.052341] AAAAA-TCP_FORW: name:enp0s3: saddr:100932208: daddr:16783984
[  328.090453] AAAAA-TCP_FORW: name:enp0s3: saddr:100932208: daddr:16783984
[  328.153116] AAAAA-TCP_FORW: name:enp0s3: saddr:16783984: daddr:100932208
[  328.174353] AAAAA-TCP_FORW: name:enp0s3: saddr:16783984: daddr:100932208
[  328.301299] AAAAA-TCP_FORW: name:enp0s3: saddr:16783984: daddr:100932208
[  328.388402] AAAAA-TCP_FORW: name:enp0s3: saddr:16783984: daddr:100932208
[  328.433224] AAAAA-TCP_FORW: name:enp0s3: saddr:16783984: daddr:100932208
[  328.569959] AAAAA-TCP_FORW: name:enp0s3: saddr:16783984: daddr:100932208
[  328.605216] AAAAA-TCP_FORW: name:enp0s3: saddr:16783984: daddr:100932208
[  328.766555] AAAAA-TCP_FORW: name:enp0s3: saddr:16783984: daddr:100932208
[  328.823746] AAAAA-TCP_FORW: name:enp0s3: saddr:16783984: daddr:100932208
[  329.196083] AAAAA-TCP_FORW: name:enp0s3: saddr:33561200: daddr:100932208
[  329.251962] AAAAA-TCP_FORW: name:enp0s3: saddr:33561200: daddr:100932208
[  329.276788] AAAAA-TCP_FORW: name:enp0s3: saddr:100932208: daddr:16783984
[  329.338060] AAAAA-TCP_FORW: name:enp0s3: saddr:33561200: daddr:100932208
[  329.414801] AAAAA-TCP_FORW: name:enp0s3: saddr:100932208: daddr:16783984
[  329.461417] AAAAA-TCP_FORW: name:enp0s3: saddr:33561200: daddr:100932208
[  329.605181] AAAAA-TCP_FORW: name:enp0s3: saddr:33561200: daddr:100932208
[  329.635905] AAAAA-TCP_FORW: name:enp0s3: saddr:33561200: daddr:100932208
[  329.723867] AAAAA-TCP_FORW: name:enp0s3: saddr:33561200: daddr:100932208
[  329.998538] AAAAA-TCP_FORW: name:enp0s3: saddr:33561200: daddr:100932208
[  330.176018] AAAAA-TCP_FORW: name:enp0s3: saddr:33561200: daddr:100932208
[  330.257484] AAAAA-TCP_FORW: name:enp0s3: saddr:33561200: daddr:100932208
[  330.413198] AAAAA-TCP_FORW: name:enp0s3: saddr:33561200: daddr:100932208
[  330.873315] AAAAA-TCP_FORW: name:enp0s3: saddr:33561200: daddr:100932208
[  330.901158] AAAAA-TCP_FORW: name:enp0s3: saddr:33561200: daddr:100932208
[  330.955483] AAAAA-TCP_FORW: name:enp0s3: saddr:33561200: daddr:100932208
[  331.016676] AAAAA-TCP_FORW: name:enp0s3: saddr:33561200: daddr:100932208
[  331.070791] AAAAA-TCP_FORW: name:enp0s3: saddr:33561200: daddr:100932208
[  331.100340] AAAAA-TCP_FORW: name:enp0s3: saddr:33561200: daddr:100932208
[  331.127473] AAAAA-TCP_FORW: name:enp0s3: saddr:100932208: daddr:33561200
[  331.147057] AAAAA-TCP_FORW: name:enp0s3: saddr:33561200: daddr:100932208
[  331.168673] AAAAA-TCP_FORW: name:enp0s3: saddr:33561200: daddr:100932208
[  331.228383] AAAAA-TCP_FORW: name:enp0s3: saddr:33561200: daddr:100932208
[  331.315257] AAAAA-TCP_FORW: name:enp0s3: saddr:33561200: daddr:100932208
[  331.470261] AAAAA-TCP_FORW: name:enp0s3: saddr:33561200: daddr:100932208
[  331.528942] AAAAA-TCP_FORW: name:enp0s3: saddr:33561200: daddr:100932208
[  331.646351] AAAAA-TCP_FORW: name:enp0s3: saddr:33561200: daddr:100932208
[  331.749396] AAAAA-TCP_FORW: name:enp0s3: saddr:33561200: daddr:100932208
[  331.777919] AAAAA-TCP_FORW: name:enp0s3: saddr:33561200: daddr:100932208
[  331.896823] AAAAA-TCP_FORW: name:enp0s3: saddr:33561200: daddr:100932208
[  331.947690] AAAAA-TCP_FORW: name:enp0s3: saddr:33561200: daddr:100932208
[  332.044010] AAAAA-TCP_FORW: name:enp0s3: saddr:16783984: daddr:100932208
[  332.063606] AAAAA-TCP_FORW: name:enp0s3: saddr:16783984: daddr:100932208
[  332.170781] AAAAA-TCP_FORW: name:enp0s3: saddr:16783984: daddr:100932208
[  332.212057] AAAAA-TCP_FORW: name:enp0s3: saddr:16783984: daddr:100932208
[  332.352482] AAAAA-TCP_FORW: name:enp0s3: saddr:33561200: daddr:100932208
[  353.611690] AAAAA-TCP_FORW: name:enp0s3: saddr:100932208: daddr:33561200
[  353.661418] AAAAA-TCP_FORW: name:enp0s3: saddr:100932208: daddr:33561200
[  353.778501] AAAAA-TCP_FORW: name:enp0s3: saddr:100932208: daddr:33561200
[  353.841979] AAAAA-TCP_FORW: name:enp0s3: saddr:100932208: daddr:33561200
[  353.986303] AAAAA-TCP_FORW: name:enp0s3: saddr:100932208: daddr:33561200
[  354.082332] AAAAA-TCP_FORW: name:enp0s3: saddr:100932208: daddr:33561200
[  354.206718] AAAAA-TCP_FORW: name:enp0s3: saddr:100932208: daddr:33561200
[  354.315159] AAAAA-TCP_FORW: name:enp0s3: saddr:100932208: daddr:33561200
[  354.499328] AAAAA-TCP_FORW: name:enp0s3: saddr:100932208: daddr:33561200
[  354.638028] AAAAA-TCP_FORW: name:enp0s3: saddr:100932208: daddr:33561200
[  354.732629] AAAAA-TCP_FORW: name:enp0s3: saddr:100932208: daddr:33561200
[  354.825340] AAAAA-TCP_FORW: name:enp0s3: saddr:100932208: daddr:33561200
[  354.926175] AAAAA-TCP_FORW: name:enp0s3: saddr:100932208: daddr:33561200
[  355.039364] AAAAA-TCP_FORW: name:enp0s3: saddr:100932208: daddr:33561200
[  355.150922] AAAAA-TCP_FORW: name:enp0s3: saddr:100932208: daddr:33561200
[  355.252782] AAAAA-TCP_FORW: name:enp0s3: saddr:100932208: daddr:33561200
[  355.366081] AAAAA-TCP_FORW: name:enp0s3: saddr:100932208: daddr:16783984
[  355.468345] AAAAA-TCP_FORW: name:enp0s3: saddr:100932208: daddr:16783984
[  355.571969] AAAAA-TCP_FORW: name:enp0s3: saddr:33561200: daddr:100932208
[  355.587943] AAAAA-TCP_FORW: name:enp0s3: saddr:100932208: daddr:16783984
[  355.675443] AAAAA-TCP_FORW: name:enp0s3: saddr:100932208: daddr:16783984
[  355.732135] AAAAA-TCP_FORW: name:enp0s3: saddr:100932208: daddr:16783984
[  355.827424] AAAAA-TCP_FORW: name:enp0s3: saddr:100932208: daddr:16783984
[  355.988619] AAAAA-TCP_FORW: name:enp0s3: saddr:100932208: daddr:16783984
[  356.075970] AAAAA-TCP_FORW: name:enp0s3: saddr:33561200: daddr:100932208
[  356.119103] AAAAA-TCP_FORW: name:enp0s3: saddr:100932208: daddr:16783984
[  356.221673] AAAAA-TCP_FORW: name:enp0s3: saddr:100932208: daddr:16783984
[  356.288003] AAAAA-TCP_FORW: name:enp0s3: saddr:33561200: daddr:100932208
[  356.334766] AAAAA-TCP_FORW: name:enp0s3: saddr:100932208: daddr:16783984
[  356.415815] AAAAA-TCP_FORW: name:enp0s3: saddr:100932208: daddr:16783984
[  356.590173] AAAAA-TCP_FORW: name:enp0s3: saddr:100932208: daddr:16783984
[  356.620165] AAAAA-TCP_FORW: name:enp0s3: saddr:100932208: daddr:16783984
[  356.761399] AAAAA-TCP_FORW: name:enp0s3: saddr:100932208: daddr:16783984
[  356.805616] AAAAA-TCP_FORW: name:enp0s3: saddr:33561200: daddr:100932208
[  356.807727] AAAAA-TCP_FORW: name:enp0s3: saddr:100932208: daddr:16783984
[  356.906711] AAAAA-TCP_FORW: name:enp0s3: saddr:100932208: daddr:33561200
[  357.076133] AAAAA-TCP_FORW: name:enp0s3: saddr:100932208: daddr:33561200
[  357.112491] AAAAA-TCP_FORW: name:enp0s3: saddr:100932208: daddr:16783984
[  357.181632] AAAAA-TCP_FORW: name:enp0s3: saddr:100932208: daddr:33561200
[  357.253896] AAAAA-TCP_FORW: name:enp0s3: saddr:100932208: daddr:33561200
[  357.572759] AAAAA-TCP_FORW: name:enp0s3: saddr:100932208: daddr:16783984
[  357.646366] AAAAA-TCP_FORW: name:enp0s3: saddr:100932208: daddr:33561200
[  357.654343] AAAAA-TCP_FORW: name:enp0s3: saddr:33561200: daddr:100932208
[  357.749484] AAAAA-TCP_FORW: name:enp0s3: saddr:100932208: daddr:33561200
[  357.942347] AAAAA-TCP_FORW: name:enp0s3: saddr:100932208: daddr:16783984
[  358.051362] AAAAA-TCP_FORW: name:enp0s3: saddr:100932208: daddr:33561200
[  358.186627] AAAAA-TCP_FORW: name:enp0s3: saddr:100932208: daddr:33561200
[  358.207851] AAAAA-TCP_FORW: name:enp0s3: saddr:33561200: daddr:100932208
[  358.787369] AAAAA-TCP_FORW: name:enp0s3: saddr:100932208: daddr:33561200
[  358.857775] AAAAA-TCP_FORW: name:enp0s3: saddr:100932208: daddr:33561200
[  358.865952] AAAAA-TCP_FORW: name:enp0s3: saddr:33561200: daddr:100932208
[  358.927268] AAAAA-TCP_FORW: name:enp0s3: saddr:33561200: daddr:100932208
[  358.982925] AAAAA-TCP_FORW: name:enp0s3: saddr:100932208: daddr:33561200
[  359.050369] AAAAA-TCP_FORW: name:enp0s3: saddr:100932208: daddr:16783984
[  359.331259] AAAAA-TCP_FORW: name:enp0s3: saddr:33561200: daddr:100932208
[  359.517400] AAAAA-TCP_FORW: name:enp0s3: saddr:100932208: daddr:16783984
[  359.943424] AAAAA-TCP_FORW: name:enp0s3: saddr:100932208: daddr:33561200
[  359.952265] AAAAA-TCP_FORW: name:enp0s3: saddr:33561200: daddr:100932208
[  360.018452] AAAAA-TCP_FORW: name:enp0s3: saddr:100932208: daddr:33561200
[  360.184296] AAAAA-TCP_FORW: name:enp0s3: saddr:33561200: daddr:100932208
[  360.293520] AAAAA-TCP_FORW: name:enp0s3: saddr:100932208: daddr:33561200
[  360.388582] AAAAA-TCP_FORW: name:enp0s3: saddr:100932208: daddr:33561200
[  360.555679] AAAAA-TCP_FORW: name:enp0s3: saddr:100932208: daddr:33561200
[  360.638108] AAAAA-TCP_FORW: name:enp0s3: saddr:100932208: daddr:33561200
[  360.734570] AAAAA-TCP_FORW: name:enp0s3: saddr:33561200: daddr:100932208
[  360.759645] AAAAA-TCP_FORW: name:enp0s3: saddr:100932208: daddr:33561200
[  360.848413] AAAAA-TCP_FORW: name:enp0s3: saddr:100932208: daddr:33561200
[  361.041158] AAAAA-TCP_FORW: name:enp0s3: saddr:100932208: daddr:33561200
[  361.080575] AAAAA-TCP_FORW: name:enp0s3: saddr:33561200: daddr:100932208
[  361.306790] AAAAA-TCP_FORW: name:enp0s3: saddr:33561200: daddr:100932208
[  361.537191] AAAAA-TCP_FORW: name:enp0s3: saddr:16783984: daddr:100932208
[  361.559806] AAAAA-TCP_FORW: name:enp0s3: saddr:100932208: daddr:33561200
[  361.651696] AAAAA-TCP_FORW: name:enp0s3: saddr:100932208: daddr:33561200
[  362.115028] AAAAA-TCP_FORW: name:enp0s3: saddr:100932208: daddr:33561200
[  362.186883] AAAAA-TCP_FORW: name:enp0s3: saddr:100932208: daddr:33561200
[  362.211351] AAAAA-TCP_FORW: name:enp0s3: saddr:16783984: daddr:100932208
[  362.255182] AAAAA-TCP_FORW: name:enp0s3: saddr:16783984: daddr:100932208
[  362.287070] AAAAA-TCP_FORW: name:enp0s3: saddr:16783984: daddr:100932208
[  362.317773] AAAAA-TCP_FORW: name:enp0s3: saddr:100932208: daddr:33561200
[  362.389584] AAAAA-TCP_FORW: name:enp0s3: saddr:100932208: daddr:16783984
[  362.476675] AAAAA-TCP_FORW: name:enp0s3: saddr:100932208: daddr:16783984
[  362.505069] AAAAA-TCP_FORW: name:enp0s3: saddr:16783984: daddr:100932208
[  362.960260] AAAAA-TCP_FORW: name:enp0s3: saddr:100932208: daddr:16783984
[  362.983803] AAAAA-TCP_FORW: name:enp0s3: saddr:16783984: daddr:100932208
[  363.016131] AAAAA-TCP_FORW: name:enp0s3: saddr:100932208: daddr:16783984
[  363.069168] AAAAA-TCP_FORW: name:enp0s3: saddr:100932208: daddr:16783984
[  363.120076] AAAAA-TCP_FORW: name:enp0s3: saddr:16783984: daddr:100932208
[  363.137226] AAAAA-TCP_FORW: name:enp0s3: saddr:100932208: daddr:16783984
[  363.187338] AAAAA-TCP_FORW: name:enp0s3: saddr:100932208: daddr:16783984
[  363.240869] AAAAA-TCP_FORW: name:enp0s3: saddr:100932208: daddr:16783984
[  363.267430] AAAAA-TCP_FORW: name:enp0s3: saddr:16783984: daddr:100932208
[  363.340884] AAAAA-TCP_FORW: name:enp0s3: saddr:100932208: daddr:16783984
[  363.384743] AAAAA-TCP_FORW: name:enp0s3: saddr:16783984: daddr:100932208
[  363.413520] AAAAA-TCP_FORW: name:enp0s3: saddr:100932208: daddr:16783984
[  363.466683] AAAAA-TCP_FORW: name:enp0s3: saddr:100932208: daddr:16783984
[  363.480515] AAAAA-TCP_FORW: name:enp0s3: saddr:16783984: daddr:100932208
[  363.534235] AAAAA-TCP_FORW: name:enp0s3: saddr:100932208: daddr:16783984
[  363.607739] AAAAA-TCP_FORW: name:enp0s3: saddr:100932208: daddr:16783984
[  363.622255] AAAAA-TCP_FORW: name:enp0s3: saddr:16783984: daddr:100932208
[  363.665204] AAAAA-TCP_FORW: name:enp0s3: saddr:100932208: daddr:16783984
[  363.779527] AAAAA-TCP_FORW: name:enp0s3: saddr:100932208: daddr:16783984
[  363.854679] AAAAA-TCP_FORW: name:enp0s3: saddr:100932208: daddr:16783984
[  363.865505] AAAAA-TCP_FORW: name:enp0s3: saddr:33561200: daddr:100932208
[  363.924263] AAAAA-TCP_FORW: name:enp0s3: saddr:100932208: daddr:16783984
[  363.950082] AAAAA-TCP_FORW: name:enp0s3: saddr:16783984: daddr:100932208
[  363.985675] AAAAA-TCP_FORW: name:enp0s3: saddr:100932208: daddr:16783984
[  364.054310] AAAAA-TCP_FORW: name:enp0s3: saddr:100932208: daddr:16783984
[  364.079810] AAAAA-TCP_FORW: name:enp0s3: saddr:33561200: daddr:100932208
[  364.145454] AAAAA-TCP_FORW: name:enp0s3: saddr:16783984: daddr:100932208
[  364.176390] AAAAA-TCP_FORW: name:enp0s3: saddr:33561200: daddr:100932208
[  364.212888] AAAAA-TCP_FORW: name:enp0s3: saddr:16783984: daddr:100932208
[  364.290769] AAAAA-TCP_FORW: name:enp0s3: saddr:100932208: daddr:16783984
[  364.486482] AAAAA-TCP_FORW: name:enp0s3: saddr:16783984: daddr:100932208
[  364.525372] AAAAA-TCP_FORW: name:enp0s3: saddr:16783984: daddr:100932208
[  364.585045] AAAAA-TCP_FORW: name:enp0s3: saddr:100932208: daddr:16783984
[  364.587548] AAAAA-TCP_FORW: name:enp0s3: saddr:33561200: daddr:100932208
[  364.869601] AAAAA-TCP_FORW: name:enp0s3: saddr:100932208: daddr:33561200
[  365.054556] AAAAA-TCP_FORW: name:enp0s3: saddr:100932208: daddr:16783984
[  365.136209] AAAAA-TCP_FORW: name:enp0s3: saddr:16783984: daddr:100932208
[  365.147650] AAAAA-TCP_FORW: name:enp0s3: saddr:100932208: daddr:33561200
[  365.341295] AAAAA-TCP_FORW: name:enp0s3: saddr:16783984: daddr:100932208
[  365.381625] AAAAA-TCP_FORW: name:enp0s3: saddr:100932208: daddr:33561200
[  365.398838] AAAAA-TCP_FORW: name:enp0s3: saddr:16783984: daddr:100932208
[  365.439855] AAAAA-TCP_FORW: name:enp0s3: saddr:33561200: daddr:100932208
[  365.590549] AAAAA-TCP_FORW: name:enp0s3: saddr:100932208: daddr:16783984
[  365.710758] AAAAA-TCP_FORW: name:enp0s3: saddr:33561200: daddr:100932208
[  365.738936] AAAAA-TCP_FORW: name:enp0s3: saddr:100932208: daddr:33561200
[  366.143718] AAAAA-TCP_FORW: name:enp0s3: saddr:100932208: daddr:16783984
[  366.242601] AAAAA-TCP_FORW: name:enp0s3: saddr:100932208: daddr:33561200
[  366.372834] AAAAA-TCP_FORW: name:enp0s3: saddr:33561200: daddr:100932208
[  366.393726] AAAAA-TCP_FORW: name:enp0s3: saddr:100932208: daddr:33561200
[  366.756286] AAAAA-TCP_FORW: name:enp0s3: saddr:100932208: daddr:33561200
[  366.802952] AAAAA-TCP_FORW: name:enp0s3: saddr:16783984: daddr:100932208
[  367.066508] AAAAA-TCP_FORW: name:enp0s3: saddr:16783984: daddr:100932208
[  367.131694] AAAAA-TCP_FORW: name:enp0s3: saddr:16783984: daddr:100932208
[  367.196387] AAAAA-TCP_FORW: name:enp0s3: saddr:16783984: daddr:100932208
[  367.235004] AAAAA-TCP_FORW: name:enp0s3: saddr:16783984: daddr:100932208
[  367.313878] AAAAA-TCP_FORW: name:enp0s3: saddr:16783984: daddr:100932208
[  367.354048] AAAAA-TCP_FORW: name:enp0s3: saddr:16783984: daddr:100932208
[  367.474004] AAAAA-TCP_FORW: name:enp0s3: saddr:16783984: daddr:100932208
[  367.508952] AAAAA-TCP_FORW: name:enp0s3: saddr:16783984: daddr:100932208
[  367.545668] AAAAA-TCP_FORW: name:enp0s3: saddr:100932208: daddr:16783984
[  367.682800] AAAAA-TCP_FORW: name:enp0s3: saddr:16783984: daddr:100932208
[  367.752675] AAAAA-TCP_FORW: name:enp0s3: saddr:16783984: daddr:100932208
[  367.808270] AAAAA-TCP_FORW: name:enp0s3: saddr:16783984: daddr:100932208
[  367.841514] AAAAA-TCP_FORW: name:enp0s3: saddr:33561200: daddr:100932208
[  367.858910] AAAAA-TCP_FORW: name:enp0s3: saddr:100932208: daddr:33561200
[  367.927796] AAAAA-TCP_FORW: name:enp0s3: saddr:16783984: daddr:100932208
[  367.976203] AAAAA-TCP_FORW: name:enp0s3: saddr:16783984: daddr:100932208
[  368.011114] AAAAA-TCP_FORW: name:enp0s3: saddr:16783984: daddr:100932208
[  368.080868] AAAAA-TCP_FORW: name:enp0s3: saddr:16783984: daddr:100932208
[  368.116874] AAAAA-TCP_FORW: name:enp0s3: saddr:16783984: daddr:100932208
[  368.167083] AAAAA-TCP_FORW: name:enp0s3: saddr:33561200: daddr:100932208
[  368.175899] AAAAA-TCP_FORW: name:enp0s3: saddr:100932208: daddr:33561200
[  368.285182] AAAAA-TCP_FORW: name:enp0s3: saddr:16783984: daddr:100932208
[  368.401786] AAAAA-TCP_FORW: name:enp0s3: saddr:16783984: daddr:100932208
[  368.508446] AAAAA-TCP_FORW: name:enp0s3: saddr:16783984: daddr:100932208
[  368.656348] AAAAA-TCP_FORW: name:enp0s3: saddr:16783984: daddr:100932208
[  368.695355] AAAAA-TCP_FORW: name:enp0s3: saddr:16783984: daddr:100932208
[  368.705787] AAAAA-TCP_FORW: name:enp0s3: saddr:100932208: daddr:33561200
[  368.841065] AAAAA-TCP_FORW: name:enp0s3: saddr:33561200: daddr:100932208
[  368.917070] AAAAA-TCP_FORW: name:enp0s3: saddr:33561200: daddr:100932208
[  368.924717] AAAAA-TCP_FORW: name:enp0s3: saddr:100932208: daddr:33561200
[  369.040985] AAAAA-TCP_FORW: name:enp0s3: saddr:33561200: daddr:100932208
[  369.085722] AAAAA-TCP_FORW: name:enp0s3: saddr:100932208: daddr:33561200
[  369.464775] AAAAA-TCP_FORW: name:enp0s3: saddr:33561200: daddr:100932208
[  369.533221] AAAAA-TCP_FORW: name:enp0s3: saddr:33561200: daddr:100932208
[  369.565912] AAAAA-TCP_FORW: name:enp0s3: saddr:16783984: daddr:100932208
[  369.643955] AAAAA-TCP_FORW: name:enp0s3: saddr:100932208: daddr:16783984
[  369.721659] AAAAA-TCP_FORW: name:enp0s3: saddr:16783984: daddr:100932208
[  369.731227] AAAAA-TCP_FORW: name:enp0s3: saddr:100932208: daddr:16783984
[  369.803424] AAAAA-TCP_FORW: name:enp0s3: saddr:100932208: daddr:33561200
[  369.886530] AAAAA-TCP_FORW: name:enp0s3: saddr:100932208: daddr:33561200
[  369.894928] AAAAA-TCP_FORW: name:enp0s3: saddr:33561200: daddr:100932208
[  369.977719] AAAAA-TCP_FORW: name:enp0s3: saddr:16783984: daddr:100932208
[  370.077622] AAAAA-TCP_FORW: name:enp0s3: saddr:100932208: daddr:16783984
[  370.112455] AAAAA-TCP_FORW: name:enp0s3: saddr:33561200: daddr:100932208
[  370.218848] AAAAA-TCP_FORW: name:enp0s3: saddr:100932208: daddr:33561200
[  370.260395] AAAAA-TCP_FORW: name:enp0s3: saddr:100932208: daddr:16783984
[  370.291185] AAAAA-TCP_FORW: name:enp0s3: saddr:33561200: daddr:100932208
[  370.371351] AAAAA-TCP_FORW: name:enp0s3: saddr:100932208: daddr:33561200
[  370.430472] AAAAA-TCP_FORW: name:enp0s3: saddr:33561200: daddr:100932208
[  370.535228] AAAAA-TCP_FORW: name:enp0s3: saddr:16783984: daddr:100932208
[  601.559893] rfkill: input handler enabled
[  610.340001] rfkill: input handler disabled
[  764.969745] device enp0s3 left promiscuous mode
