[    0.000000] Linux version 5.4.243-dmptcp (root@ztg) (gcc version 12.2.0 (Debian 12.2.0-14+deb12u1)) #119 SMP Wed Dec 24 23:52:51 CST 2025
[    0.000000] Command line: BOOT_IMAGE=/boot/vmlinuz-5.4.243-dmptcp root=UUID=98415a12-53b7-4144-8265-0f7ece09e445 ro quiet splash
[    0.000000] KERNEL supported cpus:
[    0.000000]   Intel GenuineIntel
[    0.000000]   AMD AuthenticAMD
[    0.000000]   Hygon HygonGenuine
[    0.000000]   Centaur CentaurHauls
[    0.000000]   zhaoxin   Shanghai  
[    0.000000] x86/fpu: Supporting XSAVE feature 0x001: 'x87 floating point registers'
[    0.000000] x86/fpu: Supporting XSAVE feature 0x002: 'SSE registers'
[    0.000000] x86/fpu: Supporting XSAVE feature 0x004: 'AVX registers'
[    0.000000] x86/fpu: xstate_offset[2]:  576, xstate_sizes[2]:  256
[    0.000000] x86/fpu: Enabled xstate features 0x7, context size is 832 bytes, using 'standard' format.
[    0.000000] BIOS-provided physical RAM map:
[    0.000000] BIOS-e820: [mem 0x0000000000000000-0x000000000009fbff] usable
[    0.000000] BIOS-e820: [mem 0x000000000009fc00-0x000000000009ffff] reserved
[    0.000000] BIOS-e820: [mem 0x00000000000f0000-0x00000000000fffff] reserved
[    0.000000] BIOS-e820: [mem 0x0000000000100000-0x000000007ffeffff] usable
[    0.000000] BIOS-e820: [mem 0x000000007fff0000-0x000000007fffffff] ACPI data
[    0.000000] BIOS-e820: [mem 0x00000000fec00000-0x00000000fec00fff] reserved
[    0.000000] BIOS-e820: [mem 0x00000000fee00000-0x00000000fee00fff] reserved
[    0.000000] BIOS-e820: [mem 0x00000000fffc0000-0x00000000ffffffff] reserved
[    0.000000] NX (Execute Disable) protection: active
[    0.000000] SMBIOS 2.5 present.
[    0.000000] DMI: innotek GmbH VirtualBox/VirtualBox, BIOS VirtualBox 12/01/2006
[    0.000000] Hypervisor detected: KVM
[    0.000000] kvm-clock: Using msrs 4b564d01 and 4b564d00
[    0.000000] kvm-clock: cpu 0, msr 3f601001, primary cpu clock
[    0.000000] kvm-clock: using sched offset of 4507132106 cycles
[    0.000002] clocksource: kvm-clock: mask: 0xffffffffffffffff max_cycles: 0x1cd42e4dffb, max_idle_ns: 881590591483 ns
[    0.000005] tsc: Detected 2100.000 MHz processor
[    0.001871] e820: update [mem 0x00000000-0x00000fff] usable ==> reserved
[    0.001873] e820: remove [mem 0x000a0000-0x000fffff] usable
[    0.001877] last_pfn = 0x7fff0 max_arch_pfn = 0x400000000
[    0.001944] MTRR default type: uncachable
[    0.001945] MTRR fixed ranges enabled:
[    0.001946]   00000-9FFFF write-back
[    0.001947]   A0000-BFFFF uncachable
[    0.001948]   C0000-FFFFF write-protect
[    0.001948] MTRR variable ranges enabled:
[    0.001950]   0 base 000000000000 mask 3FFF80000000 write-back
[    0.001950]   1 disabled
[    0.001951]   2 disabled
[    0.001951]   3 disabled
[    0.001952]   4 disabled
[    0.001952]   5 disabled
[    0.001952]   6 disabled
[    0.001953]   7 disabled
[    0.001953]   8 disabled
[    0.001954]   9 disabled
[    0.001954]   10 disabled
[    0.001955]   11 disabled
[    0.001955]   12 disabled
[    0.001955]   13 disabled
[    0.001956]   14 disabled
[    0.001956]   15 disabled
[    0.001974] x86/PAT: Configuration [0-7]: WB  WC  UC- UC  WB  WP  UC- WT  
[    0.002108] found SMP MP-table at [mem 0x0009fff0-0x0009ffff]
[    0.093080] check: Scanning 1 areas for low memory corruption
[    0.093219] RAMDISK: [mem 0x32271000-0x3512ffff]
[    0.093228] ACPI: Early table checksum verification disabled
[    0.093233] ACPI: RSDP 0x00000000000E0000 000024 (v02 VBOX  )
[    0.093238] ACPI: XSDT 0x000000007FFF0030 00003C (v01 VBOX   VBOXXSDT 00000001 ASL  00000061)
[    0.093244] ACPI: FACP 0x000000007FFF00F0 0000F4 (v04 VBOX   VBOXFACP 00000001 ASL  00000061)
[    0.093251] ACPI: DSDT 0x000000007FFF02E0 002353 (v02 VBOX   VBOXBIOS 00000002 VBOX 00029BF3)
[    0.093255] ACPI: FACS 0x000000007FFF0200 000040
[    0.093258] ACPI: FACS 0x000000007FFF0200 000040
[    0.093261] ACPI: APIC 0x000000007FFF0240 000054 (v02 VBOX   VBOXAPIC 00000001 ASL  00000061)
[    0.093265] ACPI: SSDT 0x000000007FFF02A0 000038 (v01 VBOX   VBOXCPUT 00000002 VBOX 00029BF3)
[    0.093268] ACPI: Reserving FACP table memory at [mem 0x7fff00f0-0x7fff01e3]
[    0.093269] ACPI: Reserving DSDT table memory at [mem 0x7fff02e0-0x7fff2632]
[    0.093270] ACPI: Reserving FACS table memory at [mem 0x7fff0200-0x7fff023f]
[    0.093270] ACPI: Reserving FACS table memory at [mem 0x7fff0200-0x7fff023f]
[    0.093271] ACPI: Reserving APIC table memory at [mem 0x7fff0240-0x7fff0293]
[    0.093272] ACPI: Reserving SSDT table memory at [mem 0x7fff02a0-0x7fff02d7]
[    0.093286] ACPI: Local APIC address 0xfee00000
[    0.093477] No NUMA configuration found
[    0.093478] Faking a node at [mem 0x0000000000000000-0x000000007ffeffff]
[    0.093488] NODE_DATA(0) allocated [mem 0x7ffc5000-0x7ffeffff]
[    0.094453] Zone ranges:
[    0.094454]   DMA      [mem 0x0000000000001000-0x0000000000ffffff]
[    0.094456]   DMA32    [mem 0x0000000001000000-0x000000007ffeffff]
[    0.094457]   Normal   empty
[    0.094458]   Device   empty
[    0.094458] Movable zone start for each node
[    0.094460] Early memory node ranges
[    0.094461]   node   0: [mem 0x0000000000001000-0x000000000009efff]
[    0.094462]   node   0: [mem 0x0000000000100000-0x000000007ffeffff]
[    0.095120] Zeroed struct page in unavailable ranges: 114 pages
[    0.095121] Initmem setup node 0 [mem 0x0000000000001000-0x000000007ffeffff]
[    0.095123] On node 0 totalpages: 524174
[    0.095124]   DMA zone: 64 pages used for memmap
[    0.095125]   DMA zone: 21 pages reserved
[    0.095126]   DMA zone: 3998 pages, LIFO batch:0
[    0.095199]   DMA32 zone: 8128 pages used for memmap
[    0.095200]   DMA32 zone: 520176 pages, LIFO batch:63
[    0.104353] ACPI: PM-Timer IO Port: 0x4008
[    0.104357] ACPI: Local APIC address 0xfee00000
[    0.104428] IOAPIC[0]: apic_id 1, version 32, address 0xfec00000, GSI 0-23
[    0.104431] ACPI: INT_SRC_OVR (bus 0 bus_irq 0 global_irq 2 dfl dfl)
[    0.104433] ACPI: INT_SRC_OVR (bus 0 bus_irq 9 global_irq 9 low level)
[    0.104435] ACPI: IRQ0 used by override.
[    0.104436] ACPI: IRQ9 used by override.
[    0.104439] Using ACPI (MADT) for SMP configuration information
[    0.104446] smpboot: Allowing 1 CPUs, 0 hotplug CPUs
[    0.104470] PM: Registered nosave memory: [mem 0x00000000-0x00000fff]
[    0.104471] PM: Registered nosave memory: [mem 0x0009f000-0x0009ffff]
[    0.104471] PM: Registered nosave memory: [mem 0x000a0000-0x000effff]
[    0.104472] PM: Registered nosave memory: [mem 0x000f0000-0x000fffff]
[    0.104474] [mem 0x80000000-0xfebfffff] available for PCI devices
[    0.104475] Booting paravirtualized kernel on KVM
[    0.104478] clocksource: refined-jiffies: mask: 0xffffffff max_cycles: 0xffffffff, max_idle_ns: 7645519600211568 ns
[    0.104484] setup_percpu: NR_CPUS:8192 nr_cpumask_bits:1 nr_cpu_ids:1 nr_node_ids:1
[    0.105475] percpu: Embedded 60 pages/cpu s208896 r8192 d28672 u2097152
[    0.105480] pcpu-alloc: s208896 r8192 d28672 u2097152 alloc=1*2097152
[    0.105480] pcpu-alloc: [0] 0 
[    0.105507] Built 1 zonelists, mobility grouping on.  Total pages: 515961
[    0.105508] Policy zone: DMA32
[    0.105509] Kernel command line: BOOT_IMAGE=/boot/vmlinuz-5.4.243-dmptcp root=UUID=98415a12-53b7-4144-8265-0f7ece09e445 ro quiet splash
[    0.106364] Dentry cache hash table entries: 262144 (order: 9, 2097152 bytes, linear)
[    0.106568] Inode-cache hash table entries: 131072 (order: 8, 1048576 bytes, linear)
[    0.106622] mem auto-init: stack:off, heap alloc:on, heap free:off
[    0.106625] Calgary: detecting Calgary via BIOS EBDA area
[    0.106627] Calgary: Unable to locate Rio Grande table in EBDA - bailing!
[    0.110925] Memory: 1967332K/2096696K available (14339K kernel code, 2399K rwdata, 4716K rodata, 2728K init, 17260K bss, 129364K reserved, 0K cma-reserved)
[    0.111857] SLUB: HWalign=64, Order=0-3, MinObjects=0, CPUs=1, Nodes=1
[    0.111874] ftrace: allocating 43203 entries in 169 pages
[    0.130138] rcu: Hierarchical RCU implementation.
[    0.130140] rcu: 	RCU restricting CPUs from NR_CPUS=8192 to nr_cpu_ids=1.
[    0.130142] 	Tasks RCU enabled.
[    0.130142] rcu: RCU calculated value of scheduler-enlistment delay is 25 jiffies.
[    0.130143] rcu: Adjusting geometry for rcu_fanout_leaf=16, nr_cpu_ids=1
[    0.133122] NR_IRQS: 524544, nr_irqs: 256, preallocated irqs: 16
[    0.133341] random: crng init done
[    0.142637] Console: colour VGA+ 80x25
[    0.142641] printk: console [tty0] enabled
[    0.142664] ACPI: Core revision 20190816
[    0.142764] APIC: Switch to symmetric I/O mode setup
[    0.143018] x2apic enabled
[    0.143260] Switched APIC routing to physical x2apic.
[    0.144406] ..TIMER: vector=0x30 apic1=0 pin1=2 apic2=-1 pin2=-1
[    0.144432] clocksource: tsc-early: mask: 0xffffffffffffffff max_cycles: 0x1e4530a99b6, max_idle_ns: 440795257976 ns
[    0.144438] Calibrating delay loop (skipped) preset value.. 4200.00 BogoMIPS (lpj=8400000)
[    0.144440] pid_max: default: 32768 minimum: 301
[    0.144469] LSM: Security Framework initializing
[    0.144479] Yama: becoming mindful.
[    0.144507] AppArmor: AppArmor initialized
[    0.144542] Mount-cache hash table entries: 4096 (order: 3, 32768 bytes, linear)
[    0.144547] Mountpoint-cache hash table entries: 4096 (order: 3, 32768 bytes, linear)
[    0.144558] *** VALIDATE tmpfs ***
[    0.144688] *** VALIDATE proc ***
[    0.144729] *** VALIDATE cgroup1 ***
[    0.144730] *** VALIDATE cgroup2 ***
[    0.144873] process: using mwait in idle threads
[    0.144878] Last level iTLB entries: 4KB 64, 2MB 8, 4MB 8
[    0.144879] Last level dTLB entries: 4KB 64, 2MB 0, 4MB 0, 1GB 4
[    0.144899] Spectre V1 : Mitigation: usercopy/swapgs barriers and __user pointer sanitization
[    0.144905] Spectre V2 : Mitigation: Retpolines
[    0.144906] Spectre V2 : Spectre v2 / SpectreRSB mitigation: Filling RSB on context switch
[    0.144907] Spectre V2 : Spectre v2 / SpectreRSB : Filling RSB on VMEXIT
[    0.144907] RETBleed: WARNING: Spectre v2 mitigation leaves CPU vulnerable to RETBleed attacks, data leaks possible!
[    0.145262] RETBleed: Vulnerable
[    0.145263] Speculative Store Bypass: Vulnerable
[    0.145268] TAA: Mitigation: TSX disabled
[    0.145269] MMIO Stale Data: Mitigation: Clear CPU buffers
[    0.149579] Freeing SMP alternatives memory: 40K
[    0.262171] smpboot: CPU0: Intel(R) Xeon(R) Silver 4216 CPU @ 2.10GHz (family: 0x6, model: 0x55, stepping: 0x7)
[    0.262299] Performance Events: unsupported p6 CPU model 85 no PMU driver, software events only.
[    0.262335] rcu: Hierarchical SRCU implementation.
[    0.262816] NMI watchdog: Perf NMI watchdog permanently disabled
[    0.262854] smp: Bringing up secondary CPUs ...
[    0.262855] smp: Brought up 1 node, 1 CPU
[    0.262856] smpboot: Max logical packages: 1
[    0.262858] smpboot: Total of 1 processors activated (4200.00 BogoMIPS)
[    0.263841] devtmpfs: initialized
[    0.263889] x86/mm: Memory block size: 128MB
[    0.264249] clocksource: jiffies: mask: 0xffffffff max_cycles: 0xffffffff, max_idle_ns: 7645041785100000 ns
[    0.264255] futex hash table entries: 256 (order: 2, 16384 bytes, linear)
[    0.264299] pinctrl core: initialized pinctrl subsystem
[    0.264400] PM: RTC time: 09:22:44, date: 2026-01-10
[    0.264434] NET: Registered protocol family 16
[    0.264434] audit: initializing netlink subsys (disabled)
[    0.264434] EISA bus registered
[    0.264434] cpuidle: using governor ladder
[    0.264434] cpuidle: using governor menu
[    0.264434] ACPI: bus type PCI registered
[    0.264434] acpiphp: ACPI Hot Plug PCI Controller Driver version: 0.5
[    0.264434] PCI: Using configuration type 1 for base access
[    0.264819] audit: type=2000 audit(1768008171.094:1): state=initialized audit_enabled=0 res=1
[    0.264903] HugeTLB registered 2.00 MiB page size, pre-allocated 0 pages
[    0.265781] ACPI: Added _OSI(Module Device)
[    0.265782] ACPI: Added _OSI(Processor Device)
[    0.265783] ACPI: Added _OSI(3.0 _SCP Extensions)
[    0.265784] ACPI: Added _OSI(Processor Aggregator Device)
[    0.265785] ACPI: Added _OSI(Linux-Dell-Video)
[    0.265785] ACPI: Added _OSI(Linux-Lenovo-NV-HDMI-Audio)
[    0.265786] ACPI: Added _OSI(Linux-HPI-Hybrid-Graphics)
[    0.267751] ACPI: 2 ACPI AML tables successfully acquired and loaded
[    0.269400] ACPI: Interpreter enabled
[    0.269410] ACPI: (supports S0 S5)
[    0.269411] ACPI: Using IOAPIC for interrupt routing
[    0.269616] PCI: Using host bridge windows from ACPI; if necessary, use "pci=nocrs" and report a bug
[    0.269721] ACPI: Enabled 2 GPEs in block 00 to 07
[    0.274722] ACPI: PCI Root Bridge [PCI0] (domain 0000 [bus 00-ff])
[    0.274727] acpi PNP0A03:00: _OSC: OS supports [ASPM ClockPM Segments MSI HPX-Type3]
[    0.275171] acpi PNP0A03:00: _OSC: not requesting OS control; OS requires [ExtendedConfig ASPM ClockPM MSI]
[    0.275179] acpi PNP0A03:00: fail to add MMCONFIG information, can't access extended PCI configuration space under this bridge.
[    0.275608] PCI host bridge to bus 0000:00
[    0.275611] pci_bus 0000:00: root bus resource [io  0x0000-0x0cf7 window]
[    0.275612] pci_bus 0000:00: root bus resource [io  0x0d00-0xffff window]
[    0.275614] pci_bus 0000:00: root bus resource [mem 0x000a0000-0x000bffff window]
[    0.275616] pci_bus 0000:00: root bus resource [mem 0x80000000-0xfdffffff window]
[    0.275618] pci_bus 0000:00: root bus resource [bus 00-ff]
[    0.275662] pci 0000:00:00.0: [8086:1237] type 00 class 0x060000
[    0.276554] pci 0000:00:01.0: [8086:7000] type 00 class 0x060100
[    0.277406] pci 0000:00:01.1: [8086:7111] type 00 class 0x01018a
[    0.277859] pci 0000:00:01.1: reg 0x20: [io  0xd000-0xd00f]
[    0.278051] pci 0000:00:01.1: legacy IDE quirk: reg 0x10: [io  0x01f0-0x01f7]
[    0.278053] pci 0000:00:01.1: legacy IDE quirk: reg 0x14: [io  0x03f6]
[    0.278054] pci 0000:00:01.1: legacy IDE quirk: reg 0x18: [io  0x0170-0x0177]
[    0.278056] pci 0000:00:01.1: legacy IDE quirk: reg 0x1c: [io  0x0376]
[    0.278703] pci 0000:00:02.0: [15ad:0405] type 00 class 0x030000
[    0.280523] pci 0000:00:02.0: reg 0x10: [io  0xd010-0xd01f]
[    0.284482] pci 0000:00:02.0: reg 0x14: [mem 0xe0000000-0xe7ffffff pref]
[    0.287212] pci 0000:00:02.0: reg 0x18: [mem 0xf0000000-0xf01fffff]
[    0.299478] pci 0000:00:03.0: [1022:2000] type 00 class 0x020000
[    0.300629] pci 0000:00:03.0: reg 0x10: [io  0xd020-0xd03f]
[    0.301528] pci 0000:00:03.0: reg 0x14: [mem 0xf0200000-0xf0200fff]
[    0.305897] pci 0000:00:04.0: [80ee:cafe] type 00 class 0x088000
[    0.306590] pci 0000:00:04.0: reg 0x10: [io  0xd040-0xd05f]
[    0.307332] pci 0000:00:04.0: reg 0x14: [mem 0xf0400000-0xf07fffff]
[    0.308080] pci 0000:00:04.0: reg 0x18: [mem 0xf0800000-0xf0803fff pref]
[    0.312178] pci 0000:00:07.0: [8086:7113] type 00 class 0x068000
[    0.312961] pci 0000:00:07.0: quirk: [io  0x4000-0x403f] claimed by PIIX4 ACPI
[    0.312974] pci 0000:00:07.0: quirk: [io  0x4100-0x410f] claimed by PIIX4 SMB
[    0.313731] pci 0000:00:08.0: [8086:100e] type 00 class 0x020000
[    0.314638] pci 0000:00:08.0: reg 0x10: [mem 0xf0820000-0xf083ffff]
[    0.316131] pci 0000:00:08.0: reg 0x18: [io  0xd060-0xd067]
[    0.319779] pci 0000:00:09.0: [8086:100e] type 00 class 0x020000
[    0.320585] pci 0000:00:09.0: reg 0x10: [mem 0xf0840000-0xf085ffff]
[    0.321993] pci 0000:00:09.0: reg 0x18: [io  0xd068-0xd06f]
[    0.333576] ACPI: PCI Interrupt Link [LNKA] (IRQs 5 9 10 *11)
[    0.333857] ACPI: PCI Interrupt Link [LNKB] (IRQs 5 9 *10 11)
[    0.333963] ACPI: PCI Interrupt Link [LNKC] (IRQs 5 *9 10 11)
[    0.336453] ACPI: PCI Interrupt Link [LNKD] (IRQs 5 9 10 *11)
[    0.336740] iommu: Default domain type: Translated 
[    0.336796] pci 0000:00:02.0: vgaarb: setting as boot VGA device
[    0.336798] pci 0000:00:02.0: vgaarb: VGA device added: decodes=io+mem,owns=io+mem,locks=none
[    0.336800] pci 0000:00:02.0: vgaarb: bridge control possible
[    0.336801] vgaarb: loaded
[    0.337013] SCSI subsystem initialized
[    0.337051] libata version 3.00 loaded.
[    0.337072] ACPI: bus type USB registered
[    0.337086] usbcore: registered new interface driver usbfs
[    0.337093] usbcore: registered new interface driver hub
[    0.337098] usbcore: registered new device driver usb
[    0.337126] pps_core: LinuxPPS API ver. 1 registered
[    0.337127] pps_core: Software ver. 5.3.6 - Copyright 2005-2007 Rodolfo Giometti <giometti@linux.it>
[    0.337130] PTP clock support registered
[    0.337165] EDAC MC: Ver: 3.0.0
[    0.337454] PCI: Using ACPI for IRQ routing
[    0.337455] PCI: pci_cache_line_size set to 64 bytes
[    0.337632] e820: reserve RAM buffer [mem 0x0009fc00-0x0009ffff]
[    0.337636] e820: reserve RAM buffer [mem 0x7fff0000-0x7fffffff]
[    0.338429] NetLabel: Initializing
[    0.338430] NetLabel:  domain hash size = 128
[    0.338430] NetLabel:  protocols = UNLABELED CIPSOv4 CALIPSO
[    0.338450] NetLabel:  unlabeled traffic allowed by default
[    0.339376] clocksource: Switched to clocksource kvm-clock
[    0.350948] *** VALIDATE bpf ***
[    0.351009] VFS: Disk quotas dquot_6.6.0
[    0.351023] VFS: Dquot-cache hash table entries: 512 (order 0, 4096 bytes)
[    0.351046] *** VALIDATE ramfs ***
[    0.351049] *** VALIDATE hugetlbfs ***
[    0.351129] AppArmor: AppArmor Filesystem Enabled
[    0.351157] pnp: PnP ACPI init
[    0.351228] pnp 00:00: Plug and Play ACPI device, IDs PNP0303 (active)
[    0.351311] pnp 00:01: Plug and Play ACPI device, IDs PNP0f03 (active)
[    0.352062] pnp: PnP ACPI: found 2 devices
[    0.353014] thermal_sys: Registered thermal governor 'fair_share'
[    0.353015] thermal_sys: Registered thermal governor 'bang_bang'
[    0.353015] thermal_sys: Registered thermal governor 'step_wise'
[    0.353016] thermal_sys: Registered thermal governor 'user_space'
[    0.353017] thermal_sys: Registered thermal governor 'power_allocator'
[    0.357549] clocksource: acpi_pm: mask: 0xffffff max_cycles: 0xffffff, max_idle_ns: 2085701024 ns
[    0.357589] pci_bus 0000:00: resource 4 [io  0x0000-0x0cf7 window]
[    0.357590] pci_bus 0000:00: resource 5 [io  0x0d00-0xffff window]
[    0.357592] pci_bus 0000:00: resource 6 [mem 0x000a0000-0x000bffff window]
[    0.357593] pci_bus 0000:00: resource 7 [mem 0x80000000-0xfdffffff window]
[    0.357652] NET: Registered protocol family 2
[    0.357727] IP idents hash table entries: 32768 (order: 6, 262144 bytes, linear)
[    0.358131] MPTCP tokens hash table entries: 8192 (order: 4, 65536 bytes, linear)
[    0.358155] MPTCP request tokens hash table entries: 8192 (order: 4, 65536 bytes, linear)
[    0.358180] default registered
[    0.358181] default registered
[    0.358181] MPTCP: Stable release v0.96
[    0.358186] tcp_listen_portaddr_hash hash table entries: 1024 (order: 2, 16384 bytes, linear)
[    0.358267] TCP established hash table entries: 16384 (order: 5, 131072 bytes, linear)
[    0.358335] TCP bind hash table entries: 16384 (order: 6, 262144 bytes, linear)
[    0.358360] TCP: Hash tables configured (established 16384 bind 16384)
[    0.359070] UDP hash table entries: 1024 (order: 3, 32768 bytes, linear)
[    0.359081] UDP-Lite hash table entries: 1024 (order: 3, 32768 bytes, linear)
[    0.359116] NET: Registered protocol family 1
[    0.359125] NET: Registered protocol family 44
[    0.359180] pci 0000:00:00.0: Limiting direct PCI/PCI transfers
[    0.359193] pci 0000:00:01.0: Activating ISA DMA hang workarounds
[    0.359250] pci 0000:00:02.0: Video device with shadowed ROM at [mem 0x000c0000-0x000dffff]
[    0.359313] PCI: CLS 0 bytes, default 64
[    0.359364] Trying to unpack rootfs image as initramfs...
[    0.540417] Freeing initrd memory: 47868K
[    0.540417] clocksource: tsc: mask: 0xffffffffffffffff max_cycles: 0x1e4530a99b6, max_idle_ns: 440795257976 ns
[    0.540417] clocksource: Switched to clocksource tsc
[    0.540417] platform rtc_cmos: registered platform RTC device (no PNP device found)
[    0.540417] check: Scanning for low memory corruption every 60 seconds
[    0.540417] Initialise system trusted keyrings
[    0.540417] Key type blacklist registered
[    0.540417] workingset: timestamp_bits=36 max_order=19 bucket_order=0
[    0.540417] zbud: loaded
[    0.540417] squashfs: version 4.0 (2009/01/31) Phillip Lougher
[    0.540417] fuse: init (API version 7.31)
[    0.540417] *** VALIDATE fuse ***
[    0.540417] *** VALIDATE fuse ***
[    0.540417] Platform Keyring initialized
[    0.555010] Key type asymmetric registered
[    0.555011] Asymmetric key parser 'x509' registered
[    0.555022] Block layer SCSI generic (bsg) driver version 0.4 loaded (major 244)
[    0.555075] io scheduler mq-deadline registered
[    0.555227] shpchp: Standard Hot Plug PCI Controller Driver version: 0.4
[    0.555515] ACPI: AC Adapter [AC] (on-line)
[    0.555573] input: Power Button as /devices/LNXSYSTM:00/LNXPWRBN:00/input/input0
[    0.555609] ACPI: Power Button [PWRF]
[    0.555707] input: Sleep Button as /devices/LNXSYSTM:00/LNXSLPBN:00/input/input1
[    0.555725] ACPI: Sleep Button [SLPF]
[    0.556028] Serial: 8250/16550 driver, 32 ports, IRQ sharing enabled
[    0.557617] Linux agpgart interface v0.103
[    0.651165] loop: module loaded
[    0.651354] ata_piix 0000:00:01.1: version 2.13
[    0.651772] scsi host0: ata_piix
[    0.651881] scsi host1: ata_piix
[    0.651909] ata1: PATA max UDMA/33 cmd 0x1f0 ctl 0x3f6 bmdma 0xd000 irq 14
[    0.651910] ata2: PATA max UDMA/33 cmd 0x170 ctl 0x376 bmdma 0xd008 irq 15
[    0.652000] tun: Universal TUN/TAP device driver, 1.6
[    0.652318] PPP generic driver version 2.4.2
[    0.652366] VFIO - User Level meta-driver version: 0.3
[    0.652612] ehci_hcd: USB 2.0 'Enhanced' Host Controller (EHCI) Driver
[    0.652615] ehci-pci: EHCI PCI platform driver
[    0.652631] ehci-platform: EHCI generic platform driver
[    0.652637] ohci_hcd: USB 1.1 'Open' Host Controller (OHCI) Driver
[    0.652638] ohci-pci: OHCI PCI platform driver
[    0.652644] ohci-platform: OHCI generic platform driver
[    0.652649] uhci_hcd: USB Universal Host Controller Interface driver
[    0.652716] i8042: PNP: PS/2 Controller [PNP0303:PS2K,PNP0f03:PS2M] at 0x60,0x64 irq 1,12
[    0.653162] serio: i8042 KBD port at 0x60,0x64 irq 1
[    0.653165] serio: i8042 AUX port at 0x60,0x64 irq 12
[    0.653255] mousedev: PS/2 mouse device common for all mice
[    0.653512] input: AT Translated Set 2 keyboard as /devices/platform/i8042/serio0/input/input2
[    0.653913] rtc_cmos rtc_cmos: registered as rtc0
[    0.653925] rtc_cmos rtc_cmos: alarms up to one day, 114 bytes nvram
[    0.653930] i2c /dev entries driver
[    0.653979] device-mapper: uevent: version 1.0.3
[    0.654020] device-mapper: ioctl: 4.41.0-ioctl (2019-09-16) initialised: dm-devel@redhat.com
[    0.654042] platform eisa.0: Probing EISA bus 0
[    0.654044] platform eisa.0: EISA: Cannot allocate resource for mainboard
[    0.654045] platform eisa.0: Cannot allocate resource for EISA slot 1
[    0.654046] platform eisa.0: Cannot allocate resource for EISA slot 2
[    0.654047] platform eisa.0: Cannot allocate resource for EISA slot 3
[    0.654048] platform eisa.0: Cannot allocate resource for EISA slot 4
[    0.654049] platform eisa.0: Cannot allocate resource for EISA slot 5
[    0.654050] platform eisa.0: Cannot allocate resource for EISA slot 6
[    0.654051] platform eisa.0: Cannot allocate resource for EISA slot 7
[    0.654052] platform eisa.0: Cannot allocate resource for EISA slot 8
[    0.654053] platform eisa.0: EISA: Detected 0 cards
[    0.654056] intel_pstate: CPU model not supported
[    0.654067] ledtrig-cpu: registered to indicate activity on CPUs
[    0.654121] drop_monitor: Initializing network drop monitor service
[    0.654283] NET: Registered protocol family 10
[    0.659283] Segment Routing with IPv6
[    0.659283] fullmesh registered
[    0.659283] ndiffports registered
[    0.659283] binder registered
[    0.659283] roundrobin registered
[    0.659283] mps registered
[    0.659283] redundant registered
[    0.659283] blest registered
[    0.659283] ecf registered
[    0.659283] NET: Registered protocol family 17
[    0.659283] Key type dns_resolver registered
[    0.659283] RAS: Correctable Errors collector initialized.
[    0.659283] IPI shorthand broadcast: enabled
[    0.659283] sched_clock: Marking stable (644180370, 11103224)->(657713880, -2430286)
[    0.659838] registered taskstats version 1
[    0.659865] Loading compiled-in X.509 certificates
[    0.660452] Loaded X.509 cert 'Build time autogenerated kernel key: 6909f3744cebb3d0de528d5887b96a727de79b1e'
[    0.660472] zswap: loaded using pool lzo/zbud
[    0.660531] Key type ._fscrypt registered
[    0.660532] Key type .fscrypt registered
[    0.665028] Key type big_key registered
[    0.667251] Key type encrypted registered
[    0.667254] AppArmor: AppArmor sha1 policy hashing enabled
[    0.667262] ima: No TPM chip found, activating TPM-bypass!
[    0.667266] ima: Allocated hash algorithm: sha1
[    0.667274] ima: No architecture policies found
[    0.667283] evm: Initialising EVM extended attributes:
[    0.667284] evm: security.selinux
[    0.667285] evm: security.SMACK64
[    0.667285] evm: security.SMACK64EXEC
[    0.667285] evm: security.SMACK64TRANSMUTE
[    0.667286] evm: security.SMACK64MMAP
[    0.667286] evm: security.apparmor
[    0.667287] evm: security.ima
[    0.667287] evm: security.capability
[    0.667288] evm: HMAC attrs: 0x1
[    0.667594] PM:   Magic number: 10:495:373
[    0.667623] vc vcsa1: hash matches
[    0.667717] rtc_cmos rtc_cmos: setting system clock to 2026-01-10T09:22:45 UTC (1768036965)
[    0.825100] ata1.00: ATA-6: VBOX HARDDISK, 1.0, max UDMA/133
[    0.825105] ata1.00: 209715200 sectors, multi 128: LBA 
[    0.825880] scsi 0:0:0:0: Direct-Access     ATA      VBOX HARDDISK    1.0  PQ: 0 ANSI: 5
[    0.826230] sd 0:0:0:0: [sda] 209715200 512-byte logical blocks: (107 GB/100 GiB)
[    0.826246] sd 0:0:0:0: [sda] Write Protect is off
[    0.826249] sd 0:0:0:0: [sda] Mode Sense: 00 3a 00 00
[    0.826273] sd 0:0:0:0: [sda] Write cache: enabled, read cache: enabled, doesn't support DPO or FUA
[    0.826659] sd 0:0:0:0: Attached scsi generic sg0 type 0
[    0.827630]  sda: sda1 sda2
[    0.839392] sd 0:0:0:0: [sda] Attached SCSI disk
[    0.843331] Freeing unused decrypted memory: 2040K
[    0.844449] Freeing unused kernel image memory: 2728K
[    0.844453] Write protecting the kernel read-only data: 22528k
[    0.845634] Freeing unused kernel image memory: 2036K
[    0.846270] Freeing unused kernel image memory: 1428K
[    0.877300] x86/mm: Checked W+X mappings: passed, no W+X pages found.
[    0.877308] Run /init as init process
[    0.986913] ACPI: Video Device [GFX0] (multi-head: yes  rom: no  post: no)
[    0.986988] input: Video Bus as /devices/LNXSYSTM:00/LNXSYBUS:00/PNP0A03:00/LNXVIDEO:00/input/input4
[    1.002978] piix4_smbus 0000:00:07.0: SMBus Host Controller at 0x4100, revision 0
[    1.005561] e1000: Intel(R) PRO/1000 Network Driver - version 7.3.21-k8-NAPI
[    1.005561] e1000: Copyright (c) 1999-2006 Intel Corporation.
[    1.012057] pcnet32: pcnet32.c:v1.35 21.Apr.2008 tsbogend@alpha.franken.de
[    1.026482] pcnet32: PCnet/FAST III 79C973 at 0xd020, 08:00:27:d2:05:65 assigned IRQ 19
[    1.026526] pcnet32: Found PHY 0022:561b at address 0
[    1.026830] pcnet32: eth0: registered as PCnet/FAST III 79C973
[    1.031564] pcnet32: 1 cards_found
[    1.093897] pcnet32 0000:00:03.0 enp0s3: renamed from eth0
[    1.222016] input: ImExPS/2 Generic Explorer Mouse as /devices/platform/i8042/serio1/input/input5
[    1.423386] e1000 0000:00:08.0 eth0: (PCI:33MHz:32-bit) 08:00:27:d7:63:0b
[    1.423391] e1000 0000:00:08.0 eth0: Intel(R) PRO/1000 Network Connection
[    1.795744] e1000 0000:00:09.0 eth1: (PCI:33MHz:32-bit) 08:00:27:71:8c:e8
[    1.795747] e1000 0000:00:09.0 eth1: Intel(R) PRO/1000 Network Connection
[    1.797100] e1000 0000:00:08.0 enp0s8: renamed from eth0
[    1.798954] e1000 0000:00:09.0 enp0s9: renamed from eth1
[    1.949759] EXT4-fs (sda2): mounted filesystem with ordered data mode. Opts: (null)
[    2.043881] systemd[1]: Inserted module 'autofs4'
[    2.056641] systemd[1]: systemd 245.4-4ubuntu3 running in system mode. (+PAM +AUDIT +SELINUX +IMA +APPARMOR +SMACK +SYSVINIT +UTMP +LIBCRYPTSETUP +GCRYPT +GNUTLS +ACL +XZ +LZ4 +SECCOMP +BLKID +ELFUTILS +KMOD +IDN2 -IDN +PCRE2 default-hierarchy=hybrid)
[    2.056671] systemd[1]: Detected virtualization oracle.
[    2.056674] systemd[1]: Detected architecture x86-64.
[    2.057973] systemd[1]: Set hostname to <ztg>.
[    2.190879] systemd[1]: /lib/systemd/system/dbus.socket:5: ListenStream= references a path below legacy directory /var/run/, updating /var/run/dbus/system_bus_socket â†’ /run/dbus/system_bus_socket; please update the unit file accordingly.
[    2.246013] systemd[1]: Created slice system-modprobe.slice.
[    2.246203] systemd[1]: Created slice User and Session Slice.
[    2.246250] systemd[1]: Started Forward Password Requests to Wall Directory Watch.
[    2.246415] systemd[1]: Set up automount Arbitrary Executable File Formats File System Automount Point.
[    2.246451] systemd[1]: Reached target User and Group Name Lookups.
[    2.246461] systemd[1]: Reached target Remote File Systems.
[    2.246469] systemd[1]: Reached target Slices.
[    2.247042] systemd[1]: Listening on Syslog Socket.
[    2.247114] systemd[1]: Listening on fsck to fsckd communication Socket.
[    2.247204] systemd[1]: Listening on initctl Compatibility Named Pipe.
[    2.247350] systemd[1]: Listening on Journal Audit Socket.
[    2.247403] systemd[1]: Listening on Journal Socket (/dev/log).
[    2.247473] systemd[1]: Listening on Journal Socket.
[    2.247538] systemd[1]: Listening on udev Control Socket.
[    2.247580] systemd[1]: Listening on udev Kernel Socket.
[    2.248379] systemd[1]: Mounting Huge Pages File System...
[    2.249789] systemd[1]: Mounting POSIX Message Queue File System...
[    2.251137] systemd[1]: Mounting Kernel Debug File System...
[    2.252532] systemd[1]: Mounting Kernel Trace File System...
[    2.261013] systemd[1]: Starting Journal Service...
[    2.274737] systemd[1]: Starting Set the console keyboard layout...
[    2.279727] systemd[1]: Starting Create list of static device nodes for the current kernel...
[    2.284608] systemd[1]: Starting Load Kernel Module drm...
[    2.285731] systemd[1]: Condition check resulted in Set Up Additional Binary Formats being skipped.
[    2.285778] systemd[1]: Condition check resulted in File System Check on Root Device being skipped.
[    2.297750] systemd[1]: Starting Load Kernel Modules...
[    2.305190] systemd[1]: Starting Remount Root and Kernel File Systems...
[    2.315175] systemd[1]: Starting udev Coldplug all Devices...
[    2.327034] systemd[1]: Starting Uncomplicated firewall...
[    2.328890] systemd[1]: Mounted Huge Pages File System.
[    2.328982] systemd[1]: Mounted POSIX Message Queue File System.
[    2.329056] systemd[1]: Mounted Kernel Debug File System.
[    2.329127] systemd[1]: Mounted Kernel Trace File System.
[    2.347100] EXT4-fs (sda2): re-mounted. Opts: errors=remount-ro
[    2.364093] systemd[1]: Finished Create list of static device nodes for the current kernel.
[    2.366105] systemd[1]: modprobe@drm.service: Succeeded.
[    2.373874] systemd[1]: Finished Load Kernel Module drm.
[    2.374292] systemd[1]: Finished Remount Root and Kernel File Systems.
[    2.375741] systemd[1]: Finished Uncomplicated firewall.
[    2.394449] lp: driver loaded but no devices found
[    2.395782] systemd[1]: Condition check resulted in Rebuild Hardware Database being skipped.
[    2.395844] systemd[1]: Condition check resulted in Platform Persistent Storage Archival being skipped.
[    2.396640] systemd[1]: Starting Load/Save Random Seed...
[    2.402590] systemd[1]: Starting Create System Users...
[    2.416856] systemd[1]: Finished Load/Save Random Seed.
[    2.418127] systemd[1]: Finished Create System Users.
[    2.418863] systemd[1]: Starting Create Static Device Nodes in /dev...
[    2.444261] ppdev: user-space parallel port driver
[    2.465666] systemd[1]: Finished Create Static Device Nodes in /dev.
[    2.470169] systemd[1]: Starting udev Kernel Device Manager...
[    2.485660] systemd[1]: Finished udev Coldplug all Devices.
[    2.518305] [drm] DMA map mode: Caching DMA mappings.
[    2.518399] [drm] Capabilities:
[    2.518400] [drm]   Rect copy.
[    2.518400] [drm]   Cursor.
[    2.518400] [drm]   Cursor bypass.
[    2.518401] [drm]   Cursor bypass 2.
[    2.518401] [drm]   Alpha cursor.
[    2.518401] [drm]   Extended Fifo.
[    2.518402] [drm]   Pitchlock.
[    2.518402] [drm]   Irq mask.
[    2.518402] [drm]   GMR.
[    2.518403] [drm]   Traces.
[    2.518403] [drm]   GMR2.
[    2.518404] [drm]   Screen Object 2.
[    2.518404] [drm]   Command Buffers.
[    2.518404] [drm]   Command Buffers 2.
[    2.518405] [drm]   Guest Backed Resources.
[    2.518406] [drm] Max GMR ids is 8192
[    2.518407] [drm] Max number of GMR pages is 1048576
[    2.518408] [drm] Max dedicated hypervisor surface memory is 393216 kiB
[    2.518408] [drm] Maximum display memory size is 131072 kiB
[    2.518409] [drm] VRAM at 0xe0000000 size is 131072 kiB
[    2.518409] [drm] MMIO at 0xf0000000 size is 2048 kiB
[    2.534956] [TTM] Zone  kernel: Available graphics memory: 1011736 KiB
[    2.534957] [TTM] Initializing pool allocator
[    2.534961] [TTM] Initializing DMA pool allocator
[    2.534993] [drm] Supports vblank timestamp caching Rev 2 (21.10.2013).
[    2.534994] [drm] No driver support for vblank timestamp query.
[    2.535233] [drm] Screen Target Display device initialized
[    2.535515] [drm] width 720
[    2.535526] [drm] height 400
[    2.535529] [drm] bpp 32
[    2.536064] [drm] Fifo max 0x00200000 min 0x00001000 cap 0x00000355
[    2.537344] [drm] Using command buffers with DMA pool.
[    2.537348] [drm] DX: no.
[    2.537348] [drm] Atomic: yes.
[    2.537349] [drm] SM4_1: no.
[    2.537369] [drm:vmw_host_log [vmwgfx]] *ERROR* Failed to send host log message.
[    2.538282] [drm:vmw_host_log [vmwgfx]] *ERROR* Failed to send host log message.
[    2.545625] fbcon: svgadrmfb (fb0) is primary device
[    2.547890] Console: switching to colour frame buffer device 100x37
[    2.551009] [drm] Initialized vmwgfx 2.15.0 20180704 for 0000:00:02.0 on minor 0
[    2.552474] systemd[1]: Finished Load Kernel Modules.
[    2.555729] systemd[1]: Mounting FUSE Control File System...
[    2.558863] systemd[1]: Mounting Kernel Configuration File System...
[    2.597496] systemd[1]: Starting Apply Kernel Variables...
[    2.600498] systemd[1]: Finished Set the console keyboard layout.
[    2.601100] systemd[1]: Mounted FUSE Control File System.
[    2.601228] systemd[1]: Mounted Kernel Configuration File System.
[    2.601295] systemd[1]: Reached target Local File Systems (Pre).
[    2.601318] systemd[1]: Condition check resulted in VMware vmblock fuse mount being skipped.
[    2.604956] systemd[1]: Mounting Mount unit for bare, revision 5...
[    2.610181] systemd[1]: Mounting Mount unit for core18, revision 1705...
[    2.653441] systemd[1]: Mounting Mount unit for core22, revision 2193...
[    2.658658] systemd[1]: Mounting Mount unit for gnome-3-34-1804, revision 24...
[    2.661260] systemd[1]: Mounting Mount unit for gnome-42-2204, revision 226...
[    2.670274] systemd[1]: Mounting Mount unit for gtk-common-themes, revision 1506...
[    2.672556] systemd[1]: Mounting Mount unit for gtk-common-themes, revision 1535...
[    2.683401] systemd[1]: Mounting Mount unit for snap-store, revision 1216...
[    2.688533] systemd[1]: Mounting Mount unit for snap-store, revision 433...
[    2.709086] systemd[1]: Mounting Mount unit for snapd, revision 25577...
[    2.722807] systemd[1]: Started udev Kernel Device Manager.
[    2.742330] systemd[1]: Finished Apply Kernel Variables.
[    2.743489] systemd[1]: Mounted Mount unit for bare, revision 5.
[    2.743586] systemd[1]: Mounted Mount unit for core18, revision 1705.
[    2.743667] systemd[1]: Mounted Mount unit for core22, revision 2193.
[    2.743743] systemd[1]: Mounted Mount unit for gnome-3-34-1804, revision 24.
[    2.743833] systemd[1]: Mounted Mount unit for gtk-common-themes, revision 1506.
[    2.747833] systemd[1]: Starting Show Plymouth Boot Screen...
[    2.752357] systemd[1]: Received SIGRTMIN+20 from PID 284 (plymouthd).
[    2.771195] systemd[1]: Started Show Plymouth Boot Screen.
[    2.771356] systemd[1]: Condition check resulted in Dispatch Password Requests to Console Directory Watch being skipped.
[    2.771442] systemd[1]: Started Forward Password Requests to Plymouth Directory Watch.
[    2.771474] systemd[1]: Reached target Local Encrypted Volumes.
[    2.856809] systemd[1]: Mounted Mount unit for gnome-42-2204, revision 226.
[    2.857114] systemd[1]: Mounted Mount unit for snap-store, revision 433.
[    2.890126] systemd[1]: Mounted Mount unit for gtk-common-themes, revision 1535.
[    2.924556] systemd[1]: Mounted Mount unit for snapd, revision 25577.
[    2.958541] systemd[1]: Mounted Mount unit for snap-store, revision 1216.
[    2.958779] systemd[1]: Reached target Local File Systems.
[    2.961414] systemd[1]: Starting Load AppArmor profiles...
[    2.962327] systemd[1]: Starting Set console font and keymap...
[    2.972945] systemd[1]: Starting Tell Plymouth To Write Out Runtime Data...
[    2.978695] systemd[1]: Condition check resulted in Store a System Token in an EFI Variable being skipped.
[    2.978753] systemd[1]: Condition check resulted in Commit a transient machine-id on disk being skipped.
[    2.981264] systemd[1]: Finished Set console font and keymap.
[    3.004675] systemd[1]: Received SIGRTMIN+20 from PID 284 (plymouthd).
[    3.007104] systemd[1]: plymouth-read-write.service: Succeeded.
[    3.007723] systemd[1]: Finished Tell Plymouth To Write Out Runtime Data.
[    3.029411] audit: type=1400 audit(1768036967.856:2): apparmor="STATUS" operation="profile_load" profile="unconfined" name="nvidia_modprobe" pid=306 comm="apparmor_parser"
[    3.029414] audit: type=1400 audit(1768036967.856:3): apparmor="STATUS" operation="profile_load" profile="unconfined" name="nvidia_modprobe//kmod" pid=306 comm="apparmor_parser"
[    3.036295] audit: type=1400 audit(1768036967.864:4): apparmor="STATUS" operation="profile_load" profile="unconfined" name="/usr/sbin/tcpdump" pid=307 comm="apparmor_parser"
[    3.081632] audit: type=1400 audit(1768036967.904:5): apparmor="STATUS" operation="profile_load" profile="unconfined" name="/usr/bin/evince" pid=309 comm="apparmor_parser"
[    3.081634] audit: type=1400 audit(1768036967.904:6): apparmor="STATUS" operation="profile_load" profile="unconfined" name="/usr/bin/evince//sanitized_helper" pid=309 comm="apparmor_parser"
[    3.081638] audit: type=1400 audit(1768036967.904:7): apparmor="STATUS" operation="profile_load" profile="unconfined" name="/usr/bin/evince-previewer" pid=309 comm="apparmor_parser"
[    3.081639] audit: type=1400 audit(1768036967.904:8): apparmor="STATUS" operation="profile_load" profile="unconfined" name="/usr/bin/evince-previewer//sanitized_helper" pid=309 comm="apparmor_parser"
[    3.081641] audit: type=1400 audit(1768036967.904:9): apparmor="STATUS" operation="profile_load" profile="unconfined" name="/usr/bin/evince-thumbnailer" pid=309 comm="apparmor_parser"
[    3.097307] audit: type=1400 audit(1768036967.928:10): apparmor="STATUS" operation="profile_load" profile="unconfined" name="/usr/lib/cups/backend/cups-pdf" pid=310 comm="apparmor_parser"
[    3.179947] systemd[1]: Finished Load AppArmor profiles.
[    3.181070] systemd[1]: Starting Load AppArmor profiles managed internally by snapd...
[    3.310861] systemd[1]: Finished Load AppArmor profiles managed internally by snapd.
[    3.318575] systemd[1]: Started Journal Service.
[    3.326059] systemd-journald[229]: Received client request to flush runtime journal.
[    3.330148] systemd-journald[229]: File /var/log/journal/c455b248004a419c87ce85eea238d727/system.journal corrupted or uncleanly shut down, renaming and replacing.
[    4.650876] RAPL PMU: API unit is 2^-32 Joules, 0 fixed counters, 10737418240 ms ovfl timer
[    4.740673] cryptd: max_cpu_qlen set to 1000
[    4.806320] AVX2 version of gcm_enc/dec engaged.
[    4.806321] AES CTR mode by8 optimization enabled
[    6.889459] Adding 1998844k swap on /dev/sda1.  Priority:-2 extents:1 across:1998844k FS
[    7.576063] AAAAA: Error looking up destination IP: 369098976 - net/ipv4/ip_output.c: 285: dac_mps_nexthops
[    7.828647] AAAAA: Error looking up destination IP: 4211081440 - net/ipv4/ip_output.c: 285: dac_mps_nexthops
[    8.090230] AAAAA: Error looking up destination IP: 4211081440 - net/ipv4/ip_output.c: 285: dac_mps_nexthops
[    8.250973] kauditd_printk_skb: 31 callbacks suppressed
[    8.250975] audit: type=1400 audit(1768036973.076:42): apparmor="DENIED" operation="capable" profile="/usr/sbin/cups-browsed" pid=576 comm="cups-browsed" capability=23  capname="sys_nice"
[    8.312761] AAAAA: Error looking up destination IP: 369098976 - net/ipv4/ip_output.c: 285: dac_mps_nexthops
[    8.339069] AAAAA: Error looking up destination IP: 4211081440 - net/ipv4/ip_output.c: 285: dac_mps_nexthops
[    8.355023] AAAAA: Error looking up destination IP: 4211081440 - net/ipv4/ip_output.c: 285: dac_mps_nexthops
[    8.539257] AAAAA: Error looking up destination IP: 4211081440 - net/ipv4/ip_output.c: 285: dac_mps_nexthops
[    9.357201] AAAAA: Error looking up destination IP: 4211081440 - net/ipv4/ip_output.c: 285: dac_mps_nexthops
[    9.421010] pcnet32 0000:00:03.0 enp0s3: link up, 100Mbps, full-duplex
[    9.451299] e1000: enp0s8 NIC Link is Up 1000 Mbps Full Duplex, Flow Control: RX
[    9.451610] IPv6: ADDRCONF(NETDEV_CHANGE): enp0s8: link becomes ready
[    9.490989] e1000: enp0s9 NIC Link is Up 1000 Mbps Full Duplex, Flow Control: RX
[    9.491364] IPv6: ADDRCONF(NETDEV_CHANGE): enp0s9: link becomes ready
[   10.199891] device enp0s3 entered promiscuous mode
[   10.224866] audit: type=1400 audit(1768036975.056:43): apparmor="DENIED" operation="open" profile="/usr/sbin/tcpdump" name="/proc/sys/kernel/random/boot_id" pid=732 comm="tcpdump" requested_mask="r" denied_mask="r" fsuid=0 ouid=0
[   10.225118] audit: type=1400 audit(1768036975.056:44): apparmor="DENIED" operation="open" profile="/usr/sbin/tcpdump" name="/proc/sys/kernel/random/boot_id" pid=732 comm="tcpdump" requested_mask="r" denied_mask="r" fsuid=0 ouid=0
[   10.225195] audit: type=1400 audit(1768036975.056:45): apparmor="DENIED" operation="open" profile="/usr/sbin/tcpdump" name="/proc/sys/kernel/random/boot_id" pid=732 comm="tcpdump" requested_mask="r" denied_mask="r" fsuid=0 ouid=0
[   10.225366] audit: type=1400 audit(1768036975.056:46): apparmor="DENIED" operation="open" profile="/usr/sbin/tcpdump" name="/proc/sys/kernel/random/boot_id" pid=732 comm="tcpdump" requested_mask="r" denied_mask="r" fsuid=0 ouid=0
[   10.241851] audit: type=1400 audit(1768036975.072:47): apparmor="DENIED" operation="open" profile="/usr/sbin/tcpdump" name="/proc/sys/kernel/random/boot_id" pid=733 comm="tcpdump" requested_mask="r" denied_mask="r" fsuid=0 ouid=0
[   10.242022] audit: type=1400 audit(1768036975.072:48): apparmor="DENIED" operation="open" profile="/usr/sbin/tcpdump" name="/proc/sys/kernel/random/boot_id" pid=733 comm="tcpdump" requested_mask="r" denied_mask="r" fsuid=0 ouid=0
[   10.242120] audit: type=1400 audit(1768036975.072:49): apparmor="DENIED" operation="open" profile="/usr/sbin/tcpdump" name="/proc/sys/kernel/random/boot_id" pid=733 comm="tcpdump" requested_mask="r" denied_mask="r" fsuid=0 ouid=0
[   10.242174] audit: type=1400 audit(1768036975.072:50): apparmor="DENIED" operation="open" profile="/usr/sbin/tcpdump" name="/proc/sys/kernel/random/boot_id" pid=733 comm="tcpdump" requested_mask="r" denied_mask="r" fsuid=0 ouid=0
[   16.773662] rfkill: input handler disabled
[  598.299278] rfkill: input handler enabled
[  607.056486] rfkill: input handler disabled
[  811.242842] device enp0s3 left promiscuous mode
