[    0.000000] Linux version 5.4.243-dmptcp (root@ztg) (gcc version 12.2.0 (Debian 12.2.0-14+deb12u1)) #119 SMP Wed Dec 24 23:52:51 CST 2025
[    0.000000] Command line: BOOT_IMAGE=/boot/vmlinuz-5.4.243-dmptcp root=UUID=98415a12-53b7-4144-8265-0f7ece09e445 ro quiet splash
[    0.000000] KERNEL supported cpus:
[    0.000000]   Intel GenuineIntel
[    0.000000]   AMD AuthenticAMD
[    0.000000]   Hygon HygonGenuine
[    0.000000]   Centaur CentaurHauls
[    0.000000]   zhaoxin   Shanghai  
[    0.000000] x86/fpu: Supporting XSAVE feature 0x001: 'x87 floating point registers'
[    0.000000] x86/fpu: Supporting XSAVE feature 0x002: 'SSE registers'
[    0.000000] x86/fpu: Supporting XSAVE feature 0x004: 'AVX registers'
[    0.000000] x86/fpu: xstate_offset[2]:  576, xstate_sizes[2]:  256
[    0.000000] x86/fpu: Enabled xstate features 0x7, context size is 832 bytes, using 'standard' format.
[    0.000000] BIOS-provided physical RAM map:
[    0.000000] BIOS-e820: [mem 0x0000000000000000-0x000000000009fbff] usable
[    0.000000] BIOS-e820: [mem 0x000000000009fc00-0x000000000009ffff] reserved
[    0.000000] BIOS-e820: [mem 0x00000000000f0000-0x00000000000fffff] reserved
[    0.000000] BIOS-e820: [mem 0x0000000000100000-0x000000007ffeffff] usable
[    0.000000] BIOS-e820: [mem 0x000000007fff0000-0x000000007fffffff] ACPI data
[    0.000000] BIOS-e820: [mem 0x00000000fec00000-0x00000000fec00fff] reserved
[    0.000000] BIOS-e820: [mem 0x00000000fee00000-0x00000000fee00fff] reserved
[    0.000000] BIOS-e820: [mem 0x00000000fffc0000-0x00000000ffffffff] reserved
[    0.000000] NX (Execute Disable) protection: active
[    0.000000] SMBIOS 2.5 present.
[    0.000000] DMI: innotek GmbH VirtualBox/VirtualBox, BIOS VirtualBox 12/01/2006
[    0.000000] Hypervisor detected: KVM
[    0.000000] kvm-clock: Using msrs 4b564d01 and 4b564d00
[    0.000000] kvm-clock: cpu 0, msr 20601001, primary cpu clock
[    0.000000] kvm-clock: using sched offset of 4512424061 cycles
[    0.000003] clocksource: kvm-clock: mask: 0xffffffffffffffff max_cycles: 0x1cd42e4dffb, max_idle_ns: 881590591483 ns
[    0.000006] tsc: Detected 2100.000 MHz processor
[    0.001907] e820: update [mem 0x00000000-0x00000fff] usable ==> reserved
[    0.001909] e820: remove [mem 0x000a0000-0x000fffff] usable
[    0.001913] last_pfn = 0x7fff0 max_arch_pfn = 0x400000000
[    0.001983] MTRR default type: uncachable
[    0.001984] MTRR fixed ranges enabled:
[    0.001985]   00000-9FFFF write-back
[    0.001986]   A0000-BFFFF uncachable
[    0.001987]   C0000-FFFFF write-protect
[    0.001987] MTRR variable ranges enabled:
[    0.001989]   0 base 000000000000 mask 3FFF80000000 write-back
[    0.001990]   1 disabled
[    0.001990]   2 disabled
[    0.001991]   3 disabled
[    0.001991]   4 disabled
[    0.001991]   5 disabled
[    0.001992]   6 disabled
[    0.001992]   7 disabled
[    0.001993]   8 disabled
[    0.001993]   9 disabled
[    0.001994]   10 disabled
[    0.001994]   11 disabled
[    0.001995]   12 disabled
[    0.001995]   13 disabled
[    0.001996]   14 disabled
[    0.001996]   15 disabled
[    0.002013] x86/PAT: Configuration [0-7]: WB  WC  UC- UC  WB  WP  UC- WT  
[    0.002151] found SMP MP-table at [mem 0x0009fff0-0x0009ffff]
[    0.092358] check: Scanning 1 areas for low memory corruption
[    0.092515] RAMDISK: [mem 0x32271000-0x3512ffff]
[    0.092524] ACPI: Early table checksum verification disabled
[    0.092531] ACPI: RSDP 0x00000000000E0000 000024 (v02 VBOX  )
[    0.092536] ACPI: XSDT 0x000000007FFF0030 00003C (v01 VBOX   VBOXXSDT 00000001 ASL  00000061)
[    0.092543] ACPI: FACP 0x000000007FFF00F0 0000F4 (v04 VBOX   VBOXFACP 00000001 ASL  00000061)
[    0.092551] ACPI: DSDT 0x000000007FFF02E0 002353 (v02 VBOX   VBOXBIOS 00000002 VBOX 00029BF3)
[    0.092555] ACPI: FACS 0x000000007FFF0200 000040
[    0.092558] ACPI: FACS 0x000000007FFF0200 000040
[    0.092562] ACPI: APIC 0x000000007FFF0240 000054 (v02 VBOX   VBOXAPIC 00000001 ASL  00000061)
[    0.092565] ACPI: SSDT 0x000000007FFF02A0 000038 (v01 VBOX   VBOXCPUT 00000002 VBOX 00029BF3)
[    0.092569] ACPI: Reserving FACP table memory at [mem 0x7fff00f0-0x7fff01e3]
[    0.092570] ACPI: Reserving DSDT table memory at [mem 0x7fff02e0-0x7fff2632]
[    0.092570] ACPI: Reserving FACS table memory at [mem 0x7fff0200-0x7fff023f]
[    0.092571] ACPI: Reserving FACS table memory at [mem 0x7fff0200-0x7fff023f]
[    0.092572] ACPI: Reserving APIC table memory at [mem 0x7fff0240-0x7fff0293]
[    0.092573] ACPI: Reserving SSDT table memory at [mem 0x7fff02a0-0x7fff02d7]
[    0.092590] ACPI: Local APIC address 0xfee00000
[    0.092798] No NUMA configuration found
[    0.092799] Faking a node at [mem 0x0000000000000000-0x000000007ffeffff]
[    0.092811] NODE_DATA(0) allocated [mem 0x7ffc5000-0x7ffeffff]
[    0.094174] Zone ranges:
[    0.094176]   DMA      [mem 0x0000000000001000-0x0000000000ffffff]
[    0.094177]   DMA32    [mem 0x0000000001000000-0x000000007ffeffff]
[    0.094178]   Normal   empty
[    0.094179]   Device   empty
[    0.094180] Movable zone start for each node
[    0.094181] Early memory node ranges
[    0.094182]   node   0: [mem 0x0000000000001000-0x000000000009efff]
[    0.094183]   node   0: [mem 0x0000000000100000-0x000000007ffeffff]
[    0.095279] Zeroed struct page in unavailable ranges: 114 pages
[    0.095281] Initmem setup node 0 [mem 0x0000000000001000-0x000000007ffeffff]
[    0.095282] On node 0 totalpages: 524174
[    0.095284]   DMA zone: 64 pages used for memmap
[    0.095285]   DMA zone: 21 pages reserved
[    0.095286]   DMA zone: 3998 pages, LIFO batch:0
[    0.095370]   DMA32 zone: 8128 pages used for memmap
[    0.095371]   DMA32 zone: 520176 pages, LIFO batch:63
[    0.105325] ACPI: PM-Timer IO Port: 0x4008
[    0.105330] ACPI: Local APIC address 0xfee00000
[    0.105407] IOAPIC[0]: apic_id 1, version 32, address 0xfec00000, GSI 0-23
[    0.105411] ACPI: INT_SRC_OVR (bus 0 bus_irq 0 global_irq 2 dfl dfl)
[    0.105413] ACPI: INT_SRC_OVR (bus 0 bus_irq 9 global_irq 9 low level)
[    0.105415] ACPI: IRQ0 used by override.
[    0.105416] ACPI: IRQ9 used by override.
[    0.105419] Using ACPI (MADT) for SMP configuration information
[    0.105428] smpboot: Allowing 1 CPUs, 0 hotplug CPUs
[    0.105455] PM: Registered nosave memory: [mem 0x00000000-0x00000fff]
[    0.105457] PM: Registered nosave memory: [mem 0x0009f000-0x0009ffff]
[    0.105457] PM: Registered nosave memory: [mem 0x000a0000-0x000effff]
[    0.105458] PM: Registered nosave memory: [mem 0x000f0000-0x000fffff]
[    0.105461] [mem 0x80000000-0xfebfffff] available for PCI devices
[    0.105462] Booting paravirtualized kernel on KVM
[    0.105466] clocksource: refined-jiffies: mask: 0xffffffff max_cycles: 0xffffffff, max_idle_ns: 7645519600211568 ns
[    0.105471] setup_percpu: NR_CPUS:8192 nr_cpumask_bits:1 nr_cpu_ids:1 nr_node_ids:1
[    0.107193] percpu: Embedded 60 pages/cpu s208896 r8192 d28672 u2097152
[    0.107199] pcpu-alloc: s208896 r8192 d28672 u2097152 alloc=1*2097152
[    0.107201] pcpu-alloc: [0] 0 
[    0.107241] Built 1 zonelists, mobility grouping on.  Total pages: 515961
[    0.107242] Policy zone: DMA32
[    0.107243] Kernel command line: BOOT_IMAGE=/boot/vmlinuz-5.4.243-dmptcp root=UUID=98415a12-53b7-4144-8265-0f7ece09e445 ro quiet splash
[    0.108682] Dentry cache hash table entries: 262144 (order: 9, 2097152 bytes, linear)
[    0.108953] Inode-cache hash table entries: 131072 (order: 8, 1048576 bytes, linear)
[    0.109010] mem auto-init: stack:off, heap alloc:on, heap free:off
[    0.109014] Calgary: detecting Calgary via BIOS EBDA area
[    0.109015] Calgary: Unable to locate Rio Grande table in EBDA - bailing!
[    0.114511] Memory: 1967332K/2096696K available (14339K kernel code, 2399K rwdata, 4716K rodata, 2728K init, 17260K bss, 129364K reserved, 0K cma-reserved)
[    0.115878] SLUB: HWalign=64, Order=0-3, MinObjects=0, CPUs=1, Nodes=1
[    0.115898] ftrace: allocating 43203 entries in 169 pages
[    0.136485] rcu: Hierarchical RCU implementation.
[    0.136488] rcu: 	RCU restricting CPUs from NR_CPUS=8192 to nr_cpu_ids=1.
[    0.136489] 	Tasks RCU enabled.
[    0.136490] rcu: RCU calculated value of scheduler-enlistment delay is 25 jiffies.
[    0.136491] rcu: Adjusting geometry for rcu_fanout_leaf=16, nr_cpu_ids=1
[    0.139542] NR_IRQS: 524544, nr_irqs: 256, preallocated irqs: 16
[    0.139775] random: crng init done
[    0.149309] Console: colour VGA+ 80x25
[    0.149316] printk: console [tty0] enabled
[    0.149348] ACPI: Core revision 20190816
[    0.149472] APIC: Switch to symmetric I/O mode setup
[    0.149738] x2apic enabled
[    0.149989] Switched APIC routing to physical x2apic.
[    0.151159] ..TIMER: vector=0x30 apic1=0 pin1=2 apic2=-1 pin2=-1
[    0.151185] clocksource: tsc-early: mask: 0xffffffffffffffff max_cycles: 0x1e4530a99b6, max_idle_ns: 440795257976 ns
[    0.151192] Calibrating delay loop (skipped) preset value.. 4200.00 BogoMIPS (lpj=8400000)
[    0.151195] pid_max: default: 32768 minimum: 301
[    0.151229] LSM: Security Framework initializing
[    0.151240] Yama: becoming mindful.
[    0.151274] AppArmor: AppArmor initialized
[    0.151314] Mount-cache hash table entries: 4096 (order: 3, 32768 bytes, linear)
[    0.151320] Mountpoint-cache hash table entries: 4096 (order: 3, 32768 bytes, linear)
[    0.151332] *** VALIDATE tmpfs ***
[    0.151478] *** VALIDATE proc ***
[    0.151528] *** VALIDATE cgroup1 ***
[    0.151529] *** VALIDATE cgroup2 ***
[    0.151701] process: using mwait in idle threads
[    0.151707] Last level iTLB entries: 4KB 64, 2MB 8, 4MB 8
[    0.151708] Last level dTLB entries: 4KB 64, 2MB 0, 4MB 0, 1GB 4
[    0.151734] Spectre V1 : Mitigation: usercopy/swapgs barriers and __user pointer sanitization
[    0.151741] Spectre V2 : Mitigation: Retpolines
[    0.151741] Spectre V2 : Spectre v2 / SpectreRSB mitigation: Filling RSB on context switch
[    0.151742] Spectre V2 : Spectre v2 / SpectreRSB : Filling RSB on VMEXIT
[    0.151743] RETBleed: WARNING: Spectre v2 mitigation leaves CPU vulnerable to RETBleed attacks, data leaks possible!
[    0.152127] RETBleed: Vulnerable
[    0.152127] Speculative Store Bypass: Vulnerable
[    0.152133] TAA: Mitigation: TSX disabled
[    0.152133] MMIO Stale Data: Mitigation: Clear CPU buffers
[    0.157025] Freeing SMP alternatives memory: 40K
[    0.270197] smpboot: CPU0: Intel(R) Xeon(R) Silver 4216 CPU @ 2.10GHz (family: 0x6, model: 0x55, stepping: 0x7)
[    0.270397] Performance Events: unsupported p6 CPU model 85 no PMU driver, software events only.
[    0.270445] rcu: Hierarchical SRCU implementation.
[    0.270998] NMI watchdog: Perf NMI watchdog permanently disabled
[    0.271047] smp: Bringing up secondary CPUs ...
[    0.271048] smp: Brought up 1 node, 1 CPU
[    0.271049] smpboot: Max logical packages: 1
[    0.271051] smpboot: Total of 1 processors activated (4200.00 BogoMIPS)
[    0.271188] devtmpfs: initialized
[    0.271188] x86/mm: Memory block size: 128MB
[    0.271188] clocksource: jiffies: mask: 0xffffffff max_cycles: 0xffffffff, max_idle_ns: 7645041785100000 ns
[    0.271188] futex hash table entries: 256 (order: 2, 16384 bytes, linear)
[    0.271188] pinctrl core: initialized pinctrl subsystem
[    0.271188] PM: RTC time: 11:01:52, date: 2026-01-10
[    0.271188] NET: Registered protocol family 16
[    0.271188] audit: initializing netlink subsys (disabled)
[    0.271188] EISA bus registered
[    0.271188] cpuidle: using governor ladder
[    0.271188] cpuidle: using governor menu
[    0.271188] ACPI: bus type PCI registered
[    0.271188] acpiphp: ACPI Hot Plug PCI Controller Driver version: 0.5
[    0.271188] PCI: Using configuration type 1 for base access
[    0.272715] audit: type=2000 audit(1768014118.604:1): state=initialized audit_enabled=0 res=1
[    0.272819] HugeTLB registered 2.00 MiB page size, pre-allocated 0 pages
[    0.273770] ACPI: Added _OSI(Module Device)
[    0.273770] ACPI: Added _OSI(Processor Device)
[    0.273771] ACPI: Added _OSI(3.0 _SCP Extensions)
[    0.273772] ACPI: Added _OSI(Processor Aggregator Device)
[    0.273773] ACPI: Added _OSI(Linux-Dell-Video)
[    0.273774] ACPI: Added _OSI(Linux-Lenovo-NV-HDMI-Audio)
[    0.273774] ACPI: Added _OSI(Linux-HPI-Hybrid-Graphics)
[    0.275768] ACPI: 2 ACPI AML tables successfully acquired and loaded
[    0.277342] ACPI: Interpreter enabled
[    0.277354] ACPI: (supports S0 S5)
[    0.277355] ACPI: Using IOAPIC for interrupt routing
[    0.277564] PCI: Using host bridge windows from ACPI; if necessary, use "pci=nocrs" and report a bug
[    0.277671] ACPI: Enabled 2 GPEs in block 00 to 07
[    0.282706] ACPI: PCI Root Bridge [PCI0] (domain 0000 [bus 00-ff])
[    0.282712] acpi PNP0A03:00: _OSC: OS supports [ASPM ClockPM Segments MSI HPX-Type3]
[    0.283188] acpi PNP0A03:00: _OSC: not requesting OS control; OS requires [ExtendedConfig ASPM ClockPM MSI]
[    0.283188] acpi PNP0A03:00: fail to add MMCONFIG information, can't access extended PCI configuration space under this bridge.
[    0.283188] PCI host bridge to bus 0000:00
[    0.283188] pci_bus 0000:00: root bus resource [io  0x0000-0x0cf7 window]
[    0.283188] pci_bus 0000:00: root bus resource [io  0x0d00-0xffff window]
[    0.283188] pci_bus 0000:00: root bus resource [mem 0x000a0000-0x000bffff window]
[    0.283188] pci_bus 0000:00: root bus resource [mem 0x80000000-0xfdffffff window]
[    0.283188] pci_bus 0000:00: root bus resource [bus 00-ff]
[    0.283188] pci 0000:00:00.0: [8086:1237] type 00 class 0x060000
[    0.283781] pci 0000:00:01.0: [8086:7000] type 00 class 0x060100
[    0.284540] pci 0000:00:01.1: [8086:7111] type 00 class 0x01018a
[    0.284921] pci 0000:00:01.1: reg 0x20: [io  0xd000-0xd00f]
[    0.285078] pci 0000:00:01.1: legacy IDE quirk: reg 0x10: [io  0x01f0-0x01f7]
[    0.285079] pci 0000:00:01.1: legacy IDE quirk: reg 0x14: [io  0x03f6]
[    0.285080] pci 0000:00:01.1: legacy IDE quirk: reg 0x18: [io  0x0170-0x0177]
[    0.285081] pci 0000:00:01.1: legacy IDE quirk: reg 0x1c: [io  0x0376]
[    0.287224] pci 0000:00:02.0: [15ad:0405] type 00 class 0x030000
[    0.290978] pci 0000:00:02.0: reg 0x10: [io  0xd010-0xd01f]
[    0.293128] pci 0000:00:02.0: reg 0x14: [mem 0xe0000000-0xe7ffffff pref]
[    0.297104] pci 0000:00:02.0: reg 0x18: [mem 0xf0000000-0xf01fffff]
[    0.308128] pci 0000:00:03.0: [1022:2000] type 00 class 0x020000
[    0.309007] pci 0000:00:03.0: reg 0x10: [io  0xd020-0xd03f]
[    0.309800] pci 0000:00:03.0: reg 0x14: [mem 0xf0200000-0xf0200fff]
[    0.314407] pci 0000:00:04.0: [80ee:cafe] type 00 class 0x088000
[    0.315145] pci 0000:00:04.0: reg 0x10: [io  0xd040-0xd05f]
[    0.315820] pci 0000:00:04.0: reg 0x14: [mem 0xf0400000-0xf07fffff]
[    0.316454] pci 0000:00:04.0: reg 0x18: [mem 0xf0800000-0xf0803fff pref]
[    0.320142] pci 0000:00:07.0: [8086:7113] type 00 class 0x068000
[    0.320725] pci 0000:00:07.0: quirk: [io  0x4000-0x403f] claimed by PIIX4 ACPI
[    0.320735] pci 0000:00:07.0: quirk: [io  0x4100-0x410f] claimed by PIIX4 SMB
[    0.321359] pci 0000:00:08.0: [8086:100e] type 00 class 0x020000
[    0.322410] pci 0000:00:08.0: reg 0x10: [mem 0xf0820000-0xf083ffff]
[    0.323917] pci 0000:00:08.0: reg 0x18: [io  0xd060-0xd067]
[    0.327238] pci 0000:00:09.0: [8086:100e] type 00 class 0x020000
[    0.327945] pci 0000:00:09.0: reg 0x10: [mem 0xf0840000-0xf085ffff]
[    0.329111] pci 0000:00:09.0: reg 0x18: [io  0xd068-0xd06f]
[    0.340052] ACPI: PCI Interrupt Link [LNKA] (IRQs 5 9 10 *11)
[    0.340334] ACPI: PCI Interrupt Link [LNKB] (IRQs 5 9 *10 11)
[    0.340440] ACPI: PCI Interrupt Link [LNKC] (IRQs 5 *9 10 11)
[    0.340555] ACPI: PCI Interrupt Link [LNKD] (IRQs 5 9 10 *11)
[    0.340884] iommu: Default domain type: Translated 
[    0.340950] pci 0000:00:02.0: vgaarb: setting as boot VGA device
[    0.340953] pci 0000:00:02.0: vgaarb: VGA device added: decodes=io+mem,owns=io+mem,locks=none
[    0.340956] pci 0000:00:02.0: vgaarb: bridge control possible
[    0.340957] vgaarb: loaded
[    0.341206] SCSI subsystem initialized
[    0.341245] libata version 3.00 loaded.
[    0.341275] ACPI: bus type USB registered
[    0.341290] usbcore: registered new interface driver usbfs
[    0.341298] usbcore: registered new interface driver hub
[    0.341304] usbcore: registered new device driver usb
[    0.341333] pps_core: LinuxPPS API ver. 1 registered
[    0.341334] pps_core: Software ver. 5.3.6 - Copyright 2005-2007 Rodolfo Giometti <giometti@linux.it>
[    0.341338] PTP clock support registered
[    0.341379] EDAC MC: Ver: 3.0.0
[    0.341687] PCI: Using ACPI for IRQ routing
[    0.341688] PCI: pci_cache_line_size set to 64 bytes
[    0.341858] e820: reserve RAM buffer [mem 0x0009fc00-0x0009ffff]
[    0.341862] e820: reserve RAM buffer [mem 0x7fff0000-0x7fffffff]
[    0.343096] NetLabel: Initializing
[    0.343097] NetLabel:  domain hash size = 128
[    0.343097] NetLabel:  protocols = UNLABELED CIPSOv4 CALIPSO
[    0.343120] NetLabel:  unlabeled traffic allowed by default
[    0.344099] clocksource: Switched to clocksource kvm-clock
[    0.361685] *** VALIDATE bpf ***
[    0.361765] VFS: Disk quotas dquot_6.6.0
[    0.361782] VFS: Dquot-cache hash table entries: 512 (order 0, 4096 bytes)
[    0.361812] *** VALIDATE ramfs ***
[    0.361815] *** VALIDATE hugetlbfs ***
[    0.361889] AppArmor: AppArmor Filesystem Enabled
[    0.361889] pnp: PnP ACPI init
[    0.361889] pnp 00:00: Plug and Play ACPI device, IDs PNP0303 (active)
[    0.362150] pnp 00:01: Plug and Play ACPI device, IDs PNP0f03 (active)
[    0.362936] pnp: PnP ACPI: found 2 devices
[    0.364015] thermal_sys: Registered thermal governor 'fair_share'
[    0.364015] thermal_sys: Registered thermal governor 'bang_bang'
[    0.364016] thermal_sys: Registered thermal governor 'step_wise'
[    0.364017] thermal_sys: Registered thermal governor 'user_space'
[    0.364018] thermal_sys: Registered thermal governor 'power_allocator'
[    0.368561] clocksource: acpi_pm: mask: 0xffffff max_cycles: 0xffffff, max_idle_ns: 2085701024 ns
[    0.368610] pci_bus 0000:00: resource 4 [io  0x0000-0x0cf7 window]
[    0.368611] pci_bus 0000:00: resource 5 [io  0x0d00-0xffff window]
[    0.368613] pci_bus 0000:00: resource 6 [mem 0x000a0000-0x000bffff window]
[    0.368614] pci_bus 0000:00: resource 7 [mem 0x80000000-0xfdffffff window]
[    0.368689] NET: Registered protocol family 2
[    0.368804] IP idents hash table entries: 32768 (order: 6, 262144 bytes, linear)
[    0.369298] MPTCP tokens hash table entries: 8192 (order: 4, 65536 bytes, linear)
[    0.369330] MPTCP request tokens hash table entries: 8192 (order: 4, 65536 bytes, linear)
[    0.369357] default registered
[    0.369357] default registered
[    0.369358] MPTCP: Stable release v0.96
[    0.369365] tcp_listen_portaddr_hash hash table entries: 1024 (order: 2, 16384 bytes, linear)
[    0.369500] TCP established hash table entries: 16384 (order: 5, 131072 bytes, linear)
[    0.369600] TCP bind hash table entries: 16384 (order: 6, 262144 bytes, linear)
[    0.369626] TCP: Hash tables configured (established 16384 bind 16384)
[    0.370750] UDP hash table entries: 1024 (order: 3, 32768 bytes, linear)
[    0.370766] UDP-Lite hash table entries: 1024 (order: 3, 32768 bytes, linear)
[    0.370810] NET: Registered protocol family 1
[    0.370820] NET: Registered protocol family 44
[    0.370845] pci 0000:00:00.0: Limiting direct PCI/PCI transfers
[    0.370859] pci 0000:00:01.0: Activating ISA DMA hang workarounds
[    0.370918] pci 0000:00:02.0: Video device with shadowed ROM at [mem 0x000c0000-0x000dffff]
[    0.371000] PCI: CLS 0 bytes, default 64
[    0.371078] Trying to unpack rootfs image as initramfs...
[    0.613969] Freeing initrd memory: 47868K
[    0.614077] clocksource: tsc: mask: 0xffffffffffffffff max_cycles: 0x1e4530a99b6, max_idle_ns: 440795257976 ns
[    0.614091] clocksource: Switched to clocksource tsc
[    0.614152] platform rtc_cmos: registered platform RTC device (no PNP device found)
[    0.614176] check: Scanning for low memory corruption every 60 seconds
[    0.614586] Initialise system trusted keyrings
[    0.614601] Key type blacklist registered
[    0.614652] workingset: timestamp_bits=36 max_order=19 bucket_order=0
[    0.616074] zbud: loaded
[    0.616074] squashfs: version 4.0 (2009/01/31) Phillip Lougher
[    0.616074] fuse: init (API version 7.31)
[    0.616074] *** VALIDATE fuse ***
[    0.616074] *** VALIDATE fuse ***
[    0.616074] Platform Keyring initialized
[    0.616074] Key type asymmetric registered
[    0.616074] Asymmetric key parser 'x509' registered
[    0.616074] Block layer SCSI generic (bsg) driver version 0.4 loaded (major 244)
[    0.616074] io scheduler mq-deadline registered
[    0.616074] shpchp: Standard Hot Plug PCI Controller Driver version: 0.4
[    0.620431] ACPI: AC Adapter [AC] (on-line)
[    0.620485] input: Power Button as /devices/LNXSYSTM:00/LNXPWRBN:00/input/input0
[    0.620515] ACPI: Power Button [PWRF]
[    0.620608] input: Sleep Button as /devices/LNXSYSTM:00/LNXSLPBN:00/input/input1
[    0.620630] ACPI: Sleep Button [SLPF]
[    0.620895] Serial: 8250/16550 driver, 32 ports, IRQ sharing enabled
[    0.622133] Linux agpgart interface v0.103
[    0.711482] loop: module loaded
[    0.711727] ata_piix 0000:00:01.1: version 2.13
[    0.712306] scsi host0: ata_piix
[    0.712442] scsi host1: ata_piix
[    0.712481] ata1: PATA max UDMA/33 cmd 0x1f0 ctl 0x3f6 bmdma 0xd000 irq 14
[    0.712482] ata2: PATA max UDMA/33 cmd 0x170 ctl 0x376 bmdma 0xd008 irq 15
[    0.712607] tun: Universal TUN/TAP device driver, 1.6
[    0.712989] PPP generic driver version 2.4.2
[    0.713058] VFIO - User Level meta-driver version: 0.3
[    0.713355] ehci_hcd: USB 2.0 'Enhanced' Host Controller (EHCI) Driver
[    0.713360] ehci-pci: EHCI PCI platform driver
[    0.713384] ehci-platform: EHCI generic platform driver
[    0.713393] ohci_hcd: USB 1.1 'Open' Host Controller (OHCI) Driver
[    0.713396] ohci-pci: OHCI PCI platform driver
[    0.713404] ohci-platform: OHCI generic platform driver
[    0.713410] uhci_hcd: USB Universal Host Controller Interface driver
[    0.713508] i8042: PNP: PS/2 Controller [PNP0303:PS2K,PNP0f03:PS2M] at 0x60,0x64 irq 1,12
[    0.714051] serio: i8042 KBD port at 0x60,0x64 irq 1
[    0.714056] serio: i8042 AUX port at 0x60,0x64 irq 12
[    0.714184] mousedev: PS/2 mouse device common for all mice
[    0.714532] input: AT Translated Set 2 keyboard as /devices/platform/i8042/serio0/input/input2
[    0.715052] rtc_cmos rtc_cmos: registered as rtc0
[    0.715070] rtc_cmos rtc_cmos: alarms up to one day, 114 bytes nvram
[    0.715078] i2c /dev entries driver
[    0.715142] device-mapper: uevent: version 1.0.3
[    0.715201] device-mapper: ioctl: 4.41.0-ioctl (2019-09-16) initialised: dm-devel@redhat.com
[    0.715230] platform eisa.0: Probing EISA bus 0
[    0.715233] platform eisa.0: EISA: Cannot allocate resource for mainboard
[    0.715234] platform eisa.0: Cannot allocate resource for EISA slot 1
[    0.715236] platform eisa.0: Cannot allocate resource for EISA slot 2
[    0.715238] platform eisa.0: Cannot allocate resource for EISA slot 3
[    0.715239] platform eisa.0: Cannot allocate resource for EISA slot 4
[    0.715240] platform eisa.0: Cannot allocate resource for EISA slot 5
[    0.715242] platform eisa.0: Cannot allocate resource for EISA slot 6
[    0.715243] platform eisa.0: Cannot allocate resource for EISA slot 7
[    0.715244] platform eisa.0: Cannot allocate resource for EISA slot 8
[    0.715246] platform eisa.0: EISA: Detected 0 cards
[    0.715250] intel_pstate: CPU model not supported
[    0.715267] ledtrig-cpu: registered to indicate activity on CPUs
[    0.715346] drop_monitor: Initializing network drop monitor service
[    0.715641] NET: Registered protocol family 10
[    0.719500] Segment Routing with IPv6
[    0.719500] fullmesh registered
[    0.719500] ndiffports registered
[    0.719500] binder registered
[    0.719500] roundrobin registered
[    0.719500] mps registered
[    0.719500] redundant registered
[    0.719500] blest registered
[    0.719500] ecf registered
[    0.719500] NET: Registered protocol family 17
[    0.719500] Key type dns_resolver registered
[    0.719500] RAS: Correctable Errors collector initialized.
[    0.719500] IPI shorthand broadcast: enabled
[    0.719500] sched_clock: Marking stable (704076260, 11424163)->(717753167, -2252744)
[    0.723238] registered taskstats version 1
[    0.723256] Loading compiled-in X.509 certificates
[    0.724195] Loaded X.509 cert 'Build time autogenerated kernel key: 6909f3744cebb3d0de528d5887b96a727de79b1e'
[    0.724222] zswap: loaded using pool lzo/zbud
[    0.724300] Key type ._fscrypt registered
[    0.724301] Key type .fscrypt registered
[    0.730357] Key type big_key registered
[    0.733621] Key type encrypted registered
[    0.733624] AppArmor: AppArmor sha1 policy hashing enabled
[    0.733637] ima: No TPM chip found, activating TPM-bypass!
[    0.733642] ima: Allocated hash algorithm: sha1
[    0.733652] ima: No architecture policies found
[    0.733666] evm: Initialising EVM extended attributes:
[    0.733667] evm: security.selinux
[    0.733668] evm: security.SMACK64
[    0.733668] evm: security.SMACK64EXEC
[    0.733669] evm: security.SMACK64TRANSMUTE
[    0.733669] evm: security.SMACK64MMAP
[    0.733670] evm: security.apparmor
[    0.733671] evm: security.ima
[    0.733672] evm: security.capability
[    0.733672] evm: HMAC attrs: 0x1
[    0.734081] PM:   Magic number: 10:845:23
[    0.734230] rtc_cmos rtc_cmos: setting system clock to 2026-01-10T11:01:53 UTC (1768042913)
[    0.886908] ata1.00: ATA-6: VBOX HARDDISK, 1.0, max UDMA/133
[    0.886912] ata1.00: 209715200 sectors, multi 128: LBA 
[    0.887474] scsi 0:0:0:0: Direct-Access     ATA      VBOX HARDDISK    1.0  PQ: 0 ANSI: 5
[    0.887734] sd 0:0:0:0: [sda] 209715200 512-byte logical blocks: (107 GB/100 GiB)
[    0.887745] sd 0:0:0:0: [sda] Write Protect is off
[    0.887747] sd 0:0:0:0: [sda] Mode Sense: 00 3a 00 00
[    0.887762] sd 0:0:0:0: [sda] Write cache: enabled, read cache: enabled, doesn't support DPO or FUA
[    0.888052] sd 0:0:0:0: Attached scsi generic sg0 type 0
[    0.888741]  sda: sda1 sda2
[    0.899597] sd 0:0:0:0: [sda] Attached SCSI disk
[    0.902343] Freeing unused decrypted memory: 2040K
[    0.903482] Freeing unused kernel image memory: 2728K
[    0.903484] Write protecting the kernel read-only data: 22528k
[    0.904570] Freeing unused kernel image memory: 2036K
[    0.905188] Freeing unused kernel image memory: 1428K
[    0.923685] x86/mm: Checked W+X mappings: passed, no W+X pages found.
[    0.923689] Run /init as init process
[    1.064420] ACPI: Video Device [GFX0] (multi-head: yes  rom: no  post: no)
[    1.064526] input: Video Bus as /devices/LNXSYSTM:00/LNXSYBUS:00/PNP0A03:00/LNXVIDEO:00/input/input4
[    1.082201] piix4_smbus 0000:00:07.0: SMBus Host Controller at 0x4100, revision 0
[    1.087814] e1000: Intel(R) PRO/1000 Network Driver - version 7.3.21-k8-NAPI
[    1.087815] e1000: Copyright (c) 1999-2006 Intel Corporation.
[    1.095558] pcnet32: pcnet32.c:v1.35 21.Apr.2008 tsbogend@alpha.franken.de
[    1.118286] pcnet32: PCnet/FAST III 79C973 at 0xd020, 08:00:27:1d:48:1d assigned IRQ 19
[    1.118345] pcnet32: Found PHY 0022:561b at address 0
[    1.118763] pcnet32: eth0: registered as PCnet/FAST III 79C973
[    1.129852] pcnet32: 1 cards_found
[    1.186020] pcnet32 0000:00:03.0 enp0s3: renamed from eth0
[    1.309875] input: ImExPS/2 Generic Explorer Mouse as /devices/platform/i8042/serio1/input/input5
[    1.557444] e1000 0000:00:08.0 eth0: (PCI:33MHz:32-bit) 08:00:27:97:b9:4c
[    1.557450] e1000 0000:00:08.0 eth0: Intel(R) PRO/1000 Network Connection
[    1.949338] e1000 0000:00:09.0 eth1: (PCI:33MHz:32-bit) 08:00:27:1e:a7:dc
[    1.949342] e1000 0000:00:09.0 eth1: Intel(R) PRO/1000 Network Connection
[    1.951053] e1000 0000:00:08.0 enp0s8: renamed from eth0
[    1.953744] e1000 0000:00:09.0 enp0s9: renamed from eth1
[    2.123066] EXT4-fs (sda2): mounted filesystem with ordered data mode. Opts: (null)
[    2.231050] systemd[1]: Inserted module 'autofs4'
[    2.244268] systemd[1]: systemd 245.4-4ubuntu3 running in system mode. (+PAM +AUDIT +SELINUX +IMA +APPARMOR +SMACK +SYSVINIT +UTMP +LIBCRYPTSETUP +GCRYPT +GNUTLS +ACL +XZ +LZ4 +SECCOMP +BLKID +ELFUTILS +KMOD +IDN2 -IDN +PCRE2 default-hierarchy=hybrid)
[    2.244301] systemd[1]: Detected virtualization oracle.
[    2.244305] systemd[1]: Detected architecture x86-64.
[    2.245669] systemd[1]: Set hostname to <ztg>.
[    2.376931] systemd[1]: /lib/systemd/system/dbus.socket:5: ListenStream= references a path below legacy directory /var/run/, updating /var/run/dbus/system_bus_socket â†’ /run/dbus/system_bus_socket; please update the unit file accordingly.
[    2.429970] systemd[1]: Created slice system-modprobe.slice.
[    2.430172] systemd[1]: Created slice User and Session Slice.
[    2.430224] systemd[1]: Started Forward Password Requests to Wall Directory Watch.
[    2.430428] systemd[1]: Set up automount Arbitrary Executable File Formats File System Automount Point.
[    2.430469] systemd[1]: Reached target User and Group Name Lookups.
[    2.430478] systemd[1]: Reached target Remote File Systems.
[    2.430487] systemd[1]: Reached target Slices.
[    2.431009] systemd[1]: Listening on Syslog Socket.
[    2.431082] systemd[1]: Listening on fsck to fsckd communication Socket.
[    2.431125] systemd[1]: Listening on initctl Compatibility Named Pipe.
[    2.431277] systemd[1]: Listening on Journal Audit Socket.
[    2.431328] systemd[1]: Listening on Journal Socket (/dev/log).
[    2.431404] systemd[1]: Listening on Journal Socket.
[    2.431473] systemd[1]: Listening on udev Control Socket.
[    2.431575] systemd[1]: Listening on udev Kernel Socket.
[    2.432466] systemd[1]: Mounting Huge Pages File System...
[    2.433503] systemd[1]: Mounting POSIX Message Queue File System...
[    2.434480] systemd[1]: Mounting Kernel Debug File System...
[    2.435401] systemd[1]: Mounting Kernel Trace File System...
[    2.438101] systemd[1]: Starting Journal Service...
[    2.468687] systemd[1]: Starting Set the console keyboard layout...
[    2.472565] systemd[1]: Starting Create list of static device nodes for the current kernel...
[    2.478928] systemd[1]: Starting Load Kernel Module drm...
[    2.480520] systemd[1]: Condition check resulted in Set Up Additional Binary Formats being skipped.
[    2.480581] systemd[1]: Condition check resulted in File System Check on Root Device being skipped.
[    2.492761] systemd[1]: Starting Load Kernel Modules...
[    2.499723] systemd[1]: Starting Remount Root and Kernel File Systems...
[    2.508034] systemd[1]: Starting udev Coldplug all Devices...
[    2.522715] systemd[1]: Starting Uncomplicated firewall...
[    2.528680] EXT4-fs (sda2): re-mounted. Opts: errors=remount-ro
[    2.533667] systemd[1]: Mounted Huge Pages File System.
[    2.533770] systemd[1]: Mounted POSIX Message Queue File System.
[    2.533854] systemd[1]: Mounted Kernel Debug File System.
[    2.533937] systemd[1]: Mounted Kernel Trace File System.
[    2.578136] systemd[1]: Finished Create list of static device nodes for the current kernel.
[    2.578561] systemd[1]: modprobe@drm.service: Succeeded.
[    2.578853] systemd[1]: Finished Load Kernel Module drm.
[    2.579246] systemd[1]: Finished Remount Root and Kernel File Systems.
[    2.581852] lp: driver loaded but no devices found
[    2.583257] systemd[1]: Finished Uncomplicated firewall.
[    2.600488] systemd[1]: Condition check resulted in Rebuild Hardware Database being skipped.
[    2.600537] systemd[1]: Condition check resulted in Platform Persistent Storage Archival being skipped.
[    2.602983] systemd[1]: Starting Load/Save Random Seed...
[    2.605361] ppdev: user-space parallel port driver
[    2.619044] systemd[1]: Starting Create System Users...
[    2.628757] systemd[1]: Finished Load/Save Random Seed.
[    2.631332] systemd[1]: Finished Create System Users.
[    2.635814] systemd[1]: Starting Create Static Device Nodes in /dev...
[    2.672887] systemd[1]: Finished Create Static Device Nodes in /dev.
[    2.674032] systemd[1]: Starting udev Kernel Device Manager...
[    2.700873] systemd[1]: Finished udev Coldplug all Devices.
[    2.702557] [drm] DMA map mode: Caching DMA mappings.
[    2.702652] [drm] Capabilities:
[    2.702653] [drm]   Rect copy.
[    2.702653] [drm]   Cursor.
[    2.702653] [drm]   Cursor bypass.
[    2.702654] [drm]   Cursor bypass 2.
[    2.702654] [drm]   Alpha cursor.
[    2.702655] [drm]   Extended Fifo.
[    2.702655] [drm]   Pitchlock.
[    2.702655] [drm]   Irq mask.
[    2.702656] [drm]   GMR.
[    2.702656] [drm]   Traces.
[    2.702657] [drm]   GMR2.
[    2.702657] [drm]   Screen Object 2.
[    2.702658] [drm]   Command Buffers.
[    2.702658] [drm]   Command Buffers 2.
[    2.702658] [drm]   Guest Backed Resources.
[    2.702660] [drm] Max GMR ids is 8192
[    2.702660] [drm] Max number of GMR pages is 1048576
[    2.702661] [drm] Max dedicated hypervisor surface memory is 393216 kiB
[    2.702661] [drm] Maximum display memory size is 131072 kiB
[    2.702662] [drm] VRAM at 0xe0000000 size is 131072 kiB
[    2.702663] [drm] MMIO at 0xf0000000 size is 2048 kiB
[    2.704814] [TTM] Zone  kernel: Available graphics memory: 1011736 KiB
[    2.704815] [TTM] Initializing pool allocator
[    2.704819] [TTM] Initializing DMA pool allocator
[    2.704855] [drm] Supports vblank timestamp caching Rev 2 (21.10.2013).
[    2.704856] [drm] No driver support for vblank timestamp query.
[    2.705255] [drm] Screen Target Display device initialized
[    2.705651] [drm] width 720
[    2.705660] [drm] height 400
[    2.705663] [drm] bpp 32
[    2.706351] [drm] Fifo max 0x00200000 min 0x00001000 cap 0x00000355
[    2.708076] [drm] Using command buffers with DMA pool.
[    2.708081] [drm] DX: no.
[    2.708082] [drm] Atomic: yes.
[    2.708082] [drm] SM4_1: no.
[    2.708105] [drm:vmw_host_log [vmwgfx]] *ERROR* Failed to send host log message.
[    2.724265] [drm:vmw_host_log [vmwgfx]] *ERROR* Failed to send host log message.
[    2.755197] fbcon: svgadrmfb (fb0) is primary device
[    2.758496] Console: switching to colour frame buffer device 100x37
[    2.764055] systemd[1]: Finished Set the console keyboard layout.
[    2.764242] systemd[1]: Reached target Local File Systems (Pre).
[    2.768316] [drm] Initialized vmwgfx 2.15.0 20180704 for 0000:00:02.0 on minor 0
[    2.770022] systemd[1]: Mounting Mount unit for bare, revision 5...
[    2.776167] systemd[1]: Mounting Mount unit for core18, revision 1705...
[    2.781290] systemd[1]: Mounting Mount unit for core22, revision 2193...
[    2.822933] systemd[1]: Mounting Mount unit for gnome-3-34-1804, revision 24...
[    2.826630] systemd[1]: Mounting Mount unit for gnome-42-2204, revision 226...
[    2.836462] systemd[1]: Mounting Mount unit for gtk-common-themes, revision 1506...
[    2.840501] systemd[1]: Mounting Mount unit for gtk-common-themes, revision 1535...
[    2.845237] systemd[1]: Mounting Mount unit for snap-store, revision 1216...
[    2.861082] systemd[1]: Mounting Mount unit for snap-store, revision 433...
[    2.886077] systemd[1]: Mounting Mount unit for snapd, revision 25577...
[    2.904297] systemd[1]: Started udev Kernel Device Manager.
[    2.906383] systemd[1]: Finished Load Kernel Modules.
[    2.906541] systemd[1]: Mounted Mount unit for bare, revision 5.
[    2.906638] systemd[1]: Mounted Mount unit for core22, revision 2193.
[    2.909289] systemd[1]: Mounting FUSE Control File System...
[    2.910602] systemd[1]: Mounting Kernel Configuration File System...
[    2.945608] systemd[1]: Starting Show Plymouth Boot Screen...
[    2.947225] systemd[1]: Starting Apply Kernel Variables...
[    2.949567] systemd[1]: Mounted Mount unit for gnome-42-2204, revision 226.
[    2.965181] systemd[1]: Mounted Mount unit for gtk-common-themes, revision 1506.
[    2.967575] systemd[1]: Mounted FUSE Control File System.
[    2.967736] systemd[1]: Mounted Kernel Configuration File System.
[    2.968437] systemd[1]: Received SIGRTMIN+20 from PID 284 (plymouthd).
[    2.968543] systemd[1]: Condition check resulted in VMware vmblock fuse mount being skipped.
[    2.991800] systemd[1]: Mounted Mount unit for core18, revision 1705.
[    3.010707] systemd[1]: Finished Apply Kernel Variables.
[    3.010999] systemd[1]: Started Show Plymouth Boot Screen.
[    3.011196] systemd[1]: Condition check resulted in Dispatch Password Requests to Console Directory Watch being skipped.
[    3.011287] systemd[1]: Started Forward Password Requests to Plymouth Directory Watch.
[    3.011364] systemd[1]: Reached target Local Encrypted Volumes.
[    3.043625] systemd[1]: Mounted Mount unit for gnome-3-34-1804, revision 24.
[    3.112545] systemd[1]: Mounted Mount unit for gtk-common-themes, revision 1535.
[    3.112923] systemd[1]: Mounted Mount unit for snap-store, revision 433.
[    3.145805] systemd[1]: Mounted Mount unit for snap-store, revision 1216.
[    3.146091] systemd[1]: Mounted Mount unit for snapd, revision 25577.
[    3.146254] systemd[1]: Reached target Local File Systems.
[    3.149661] systemd[1]: Starting Load AppArmor profiles...
[    3.155551] systemd[1]: Starting Set console font and keymap...
[    3.168095] systemd[1]: Starting Tell Plymouth To Write Out Runtime Data...
[    3.169003] systemd[1]: Condition check resulted in Store a System Token in an EFI Variable being skipped.
[    3.169039] systemd[1]: Condition check resulted in Commit a transient machine-id on disk being skipped.
[    3.171561] systemd[1]: Finished Set console font and keymap.
[    3.183731] systemd[1]: Received SIGRTMIN+20 from PID 284 (plymouthd).
[    3.184671] systemd[1]: plymouth-read-write.service: Succeeded.
[    3.184959] systemd[1]: Finished Tell Plymouth To Write Out Runtime Data.
[    3.214388] audit: type=1400 audit(1768042915.976:2): apparmor="STATUS" operation="profile_load" profile="unconfined" name="nvidia_modprobe" pid=307 comm="apparmor_parser"
[    3.214390] audit: type=1400 audit(1768042915.976:3): apparmor="STATUS" operation="profile_load" profile="unconfined" name="nvidia_modprobe//kmod" pid=307 comm="apparmor_parser"
[    3.226628] audit: type=1400 audit(1768042915.988:4): apparmor="STATUS" operation="profile_load" profile="unconfined" name="/usr/sbin/tcpdump" pid=308 comm="apparmor_parser"
[    3.269577] audit: type=1400 audit(1768042916.024:5): apparmor="STATUS" operation="profile_load" profile="unconfined" name="/usr/bin/evince" pid=310 comm="apparmor_parser"
[    3.269580] audit: type=1400 audit(1768042916.024:6): apparmor="STATUS" operation="profile_load" profile="unconfined" name="/usr/bin/evince//sanitized_helper" pid=310 comm="apparmor_parser"
[    3.269582] audit: type=1400 audit(1768042916.024:7): apparmor="STATUS" operation="profile_load" profile="unconfined" name="/usr/bin/evince-previewer" pid=310 comm="apparmor_parser"
[    3.269583] audit: type=1400 audit(1768042916.024:8): apparmor="STATUS" operation="profile_load" profile="unconfined" name="/usr/bin/evince-previewer//sanitized_helper" pid=310 comm="apparmor_parser"
[    3.269585] audit: type=1400 audit(1768042916.024:9): apparmor="STATUS" operation="profile_load" profile="unconfined" name="/usr/bin/evince-thumbnailer" pid=310 comm="apparmor_parser"
[    3.301156] audit: type=1400 audit(1768042916.064:10): apparmor="STATUS" operation="profile_load" profile="unconfined" name="/usr/lib/cups/backend/cups-pdf" pid=311 comm="apparmor_parser"
[    3.361894] systemd[1]: Finished Load AppArmor profiles.
[    3.363010] systemd[1]: Starting Load AppArmor profiles managed internally by snapd...
[    3.492779] systemd[1]: Started Journal Service.
[    3.501988] systemd-journald[229]: Received client request to flush runtime journal.
[    3.506059] systemd-journald[229]: File /var/log/journal/c455b248004a419c87ce85eea238d727/system.journal corrupted or uncleanly shut down, renaming and replacing.
[    4.936641] RAPL PMU: API unit is 2^-32 Joules, 0 fixed counters, 10737418240 ms ovfl timer
[    5.031800] cryptd: max_cpu_qlen set to 1000
[    5.070055] AVX2 version of gcm_enc/dec engaged.
[    5.070056] AES CTR mode by8 optimization enabled
[    7.393855] Adding 1998844k swap on /dev/sda1.  Priority:-2 extents:1 across:1998844k FS
[    8.232017] AAAAA: Error looking up destination IP: 369098976 - net/ipv4/ip_output.c: 285: dac_mps_nexthops
[    8.394918] AAAAA: Error looking up destination IP: 4211081440 - net/ipv4/ip_output.c: 285: dac_mps_nexthops
[    8.647532] AAAAA: Error looking up destination IP: 4211081440 - net/ipv4/ip_output.c: 285: dac_mps_nexthops
[    8.905442] AAAAA: Error looking up destination IP: 4211081440 - net/ipv4/ip_output.c: 285: dac_mps_nexthops
[    8.951663] AAAAA: Error looking up destination IP: 369098976 - net/ipv4/ip_output.c: 285: dac_mps_nexthops
[    9.087841] kauditd_printk_skb: 31 callbacks suppressed
[    9.087842] audit: type=1400 audit(1768042921.848:42): apparmor="DENIED" operation="capable" profile="/usr/sbin/cups-browsed" pid=576 comm="cups-browsed" capability=23  capname="sys_nice"
[    9.101540] AAAAA: Error looking up destination IP: 4211081440 - net/ipv4/ip_output.c: 285: dac_mps_nexthops
[    9.190224] AAAAA: Error looking up destination IP: 4211081440 - net/ipv4/ip_output.c: 285: dac_mps_nexthops
[   10.147166] pcnet32 0000:00:03.0 enp0s3: link up, 100Mbps, full-duplex
[   10.186445] e1000: enp0s8 NIC Link is Up 1000 Mbps Full Duplex, Flow Control: RX
[   10.186894] IPv6: ADDRCONF(NETDEV_CHANGE): enp0s8: link becomes ready
[   10.202378] AAAAA: Error looking up destination IP: 4211081440 - net/ipv4/ip_output.c: 285: dac_mps_nexthops
[   10.211308] e1000: enp0s9 NIC Link is Up 1000 Mbps Full Duplex, Flow Control: RX
[   10.211652] IPv6: ADDRCONF(NETDEV_CHANGE): enp0s9: link becomes ready
[   10.223467] AAAAA: Error looking up destination IP: 4211081440 - net/ipv4/ip_output.c: 285: dac_mps_nexthops
[   10.858465] device enp0s3 entered promiscuous mode
[   10.908082] audit: type=1400 audit(1768042923.672:43): apparmor="DENIED" operation="open" profile="/usr/sbin/tcpdump" name="/proc/sys/kernel/random/boot_id" pid=714 comm="tcpdump" requested_mask="r" denied_mask="r" fsuid=0 ouid=0
[   10.909822] audit: type=1400 audit(1768042923.672:44): apparmor="DENIED" operation="open" profile="/usr/sbin/tcpdump" name="/proc/sys/kernel/random/boot_id" pid=714 comm="tcpdump" requested_mask="r" denied_mask="r" fsuid=0 ouid=0
[   10.909864] audit: type=1400 audit(1768042923.672:45): apparmor="DENIED" operation="open" profile="/usr/sbin/tcpdump" name="/proc/sys/kernel/random/boot_id" pid=714 comm="tcpdump" requested_mask="r" denied_mask="r" fsuid=0 ouid=0
[   10.909954] audit: type=1400 audit(1768042923.672:46): apparmor="DENIED" operation="open" profile="/usr/sbin/tcpdump" name="/proc/sys/kernel/random/boot_id" pid=714 comm="tcpdump" requested_mask="r" denied_mask="r" fsuid=0 ouid=0
[   10.912460] audit: type=1400 audit(1768042923.672:47): apparmor="DENIED" operation="open" profile="/usr/sbin/tcpdump" name="/proc/sys/kernel/random/boot_id" pid=715 comm="tcpdump" requested_mask="r" denied_mask="r" fsuid=0 ouid=0
[   10.912672] audit: type=1400 audit(1768042923.672:48): apparmor="DENIED" operation="open" profile="/usr/sbin/tcpdump" name="/proc/sys/kernel/random/boot_id" pid=715 comm="tcpdump" requested_mask="r" denied_mask="r" fsuid=0 ouid=0
[   10.912714] audit: type=1400 audit(1768042923.672:49): apparmor="DENIED" operation="open" profile="/usr/sbin/tcpdump" name="/proc/sys/kernel/random/boot_id" pid=715 comm="tcpdump" requested_mask="r" denied_mask="r" fsuid=0 ouid=0
[   10.912800] audit: type=1400 audit(1768042923.672:50): apparmor="DENIED" operation="open" profile="/usr/sbin/tcpdump" name="/proc/sys/kernel/random/boot_id" pid=715 comm="tcpdump" requested_mask="r" denied_mask="r" fsuid=0 ouid=0
[   17.154303] rfkill: input handler disabled
[  216.105041] AAAAA-TCP_FORW: name:enp0s3: saddr:100932208: daddr:16783984
[  216.268985] AAAAA-TCP_FORW: name:enp0s3: saddr:16783984: daddr:100932208
[  216.293766] AAAAA-TCP_FORW: name:enp0s3: saddr:100932208: daddr:16783984
[  216.330808] AAAAA-TCP_FORW: name:enp0s3: saddr:100932208: daddr:16783984
[  216.458877] AAAAA-TCP_FORW: name:enp0s3: saddr:16783984: daddr:100932208
[  216.583750] AAAAA-TCP_FORW: name:enp0s3: saddr:16783984: daddr:100932208
[  216.614215] AAAAA-TCP_FORW: name:enp0s3: saddr:16783984: daddr:100932208
[  216.631603] AAAAA-TCP_FORW: name:enp0s3: saddr:100932208: daddr:33561200
[  216.686100] AAAAA-TCP_FORW: name:enp0s3: saddr:100932208: daddr:16783984
[  216.716573] AAAAA-TCP_FORW: name:enp0s3: saddr:100932208: daddr:16783984
[  216.878539] AAAAA-TCP_FORW: name:enp0s3: saddr:33561200: daddr:100932208
[  216.950479] AAAAA-TCP_FORW: name:enp0s3: saddr:100932208: daddr:33561200
[  217.130378] AAAAA-TCP_FORW: name:enp0s3: saddr:16783984: daddr:100932208
[  217.432602] AAAAA-TCP_FORW: name:enp0s3: saddr:33561200: daddr:100932208
[  217.841959] AAAAA-TCP_FORW: name:enp0s3: saddr:16783984: daddr:100932208
[  217.967155] AAAAA-TCP_FORW: name:enp0s3: saddr:16783984: daddr:100932208
[  218.258226] AAAAA-TCP_FORW: name:enp0s3: saddr:16783984: daddr:100932208
[  218.538626] AAAAA-TCP_FORW: name:enp0s3: saddr:16783984: daddr:100932208
[  218.674835] AAAAA-TCP_FORW: name:enp0s3: saddr:16783984: daddr:100932208
[  218.855738] AAAAA-TCP_FORW: name:enp0s3: saddr:16783984: daddr:100932208
[  219.100529] AAAAA-TCP_FORW: name:enp0s3: saddr:16783984: daddr:100932208
[  219.304735] AAAAA-TCP_FORW: name:enp0s3: saddr:33561200: daddr:100932208
[  219.448144] AAAAA-TCP_FORW: name:enp0s3: saddr:16783984: daddr:100932208
[  219.547501] AAAAA-TCP_FORW: name:enp0s3: saddr:16783984: daddr:100932208
[  219.686095] AAAAA-TCP_FORW: name:enp0s3: saddr:16783984: daddr:100932208
[  219.795196] AAAAA-TCP_FORW: name:enp0s3: saddr:16783984: daddr:100932208
[  219.828649] AAAAA-TCP_FORW: name:enp0s3: saddr:16783984: daddr:100932208
[  219.890851] AAAAA-TCP_FORW: name:enp0s3: saddr:16783984: daddr:100932208
[  219.935828] AAAAA-TCP_FORW: name:enp0s3: saddr:16783984: daddr:100932208
[  219.963554] AAAAA-TCP_FORW: name:enp0s3: saddr:16783984: daddr:100932208
[  220.022728] AAAAA-TCP_FORW: name:enp0s3: saddr:16783984: daddr:100932208
[  220.135297] AAAAA-TCP_FORW: name:enp0s3: saddr:33561200: daddr:100932208
[  220.212445] AAAAA-TCP_FORW: name:enp0s3: saddr:16783984: daddr:100932208
[  220.454111] AAAAA-TCP_FORW: name:enp0s3: saddr:16783984: daddr:100932208
[  220.496389] AAAAA-TCP_FORW: name:enp0s3: saddr:16783984: daddr:100932208
[  220.571351] AAAAA-TCP_FORW: name:enp0s3: saddr:16783984: daddr:100932208
[  220.667354] AAAAA-TCP_FORW: name:enp0s3: saddr:33561200: daddr:100932208
[  220.752674] AAAAA-TCP_FORW: name:enp0s3: saddr:16783984: daddr:100932208
[  220.886782] AAAAA-TCP_FORW: name:enp0s3: saddr:33561200: daddr:100932208
[  220.963389] AAAAA-TCP_FORW: name:enp0s3: saddr:16783984: daddr:100932208
[  221.064387] AAAAA-TCP_FORW: name:enp0s3: saddr:16783984: daddr:100932208
[  221.147929] AAAAA-TCP_FORW: name:enp0s3: saddr:16783984: daddr:100932208
[  221.274711] AAAAA-TCP_FORW: name:enp0s3: saddr:16783984: daddr:100932208
[  221.558681] AAAAA-TCP_FORW: name:enp0s3: saddr:16783984: daddr:100932208
[  221.636629] AAAAA-TCP_FORW: name:enp0s3: saddr:16783984: daddr:100932208
[  221.667923] AAAAA-TCP_FORW: name:enp0s3: saddr:16783984: daddr:100932208
[  221.777841] AAAAA-TCP_FORW: name:enp0s3: saddr:16783984: daddr:100932208
[  221.882416] AAAAA-TCP_FORW: name:enp0s3: saddr:16783984: daddr:100932208
[  221.982030] AAAAA-TCP_FORW: name:enp0s3: saddr:16783984: daddr:100932208
[  222.124232] AAAAA-TCP_FORW: name:enp0s3: saddr:33561200: daddr:100932208
[  222.324205] AAAAA-TCP_FORW: name:enp0s3: saddr:33561200: daddr:100932208
[  222.387858] AAAAA-TCP_FORW: name:enp0s3: saddr:33561200: daddr:100932208
[  222.551837] AAAAA-TCP_FORW: name:enp0s3: saddr:33561200: daddr:100932208
[  222.681975] AAAAA-TCP_FORW: name:enp0s3: saddr:33561200: daddr:100932208
[  222.807069] AAAAA-TCP_FORW: name:enp0s3: saddr:33561200: daddr:100932208
[  222.892473] AAAAA-TCP_FORW: name:enp0s3: saddr:33561200: daddr:100932208
[  223.001265] AAAAA-TCP_FORW: name:enp0s3: saddr:33561200: daddr:100932208
[  223.065578] AAAAA-TCP_FORW: name:enp0s3: saddr:33561200: daddr:100932208
[  223.206390] AAAAA-TCP_FORW: name:enp0s3: saddr:33561200: daddr:100932208
[  223.367066] AAAAA-TCP_FORW: name:enp0s3: saddr:16783984: daddr:100932208
[  223.558357] AAAAA-TCP_FORW: name:enp0s3: saddr:16783984: daddr:100932208
[  223.646819] AAAAA-TCP_FORW: name:enp0s3: saddr:16783984: daddr:100932208
[  223.866681] AAAAA-TCP_FORW: name:enp0s3: saddr:16783984: daddr:100932208
[  223.946153] AAAAA-TCP_FORW: name:enp0s3: saddr:16783984: daddr:100932208
[  224.100358] AAAAA-TCP_FORW: name:enp0s3: saddr:33561200: daddr:100932208
[  224.138072] AAAAA-TCP_FORW: name:enp0s3: saddr:16783984: daddr:100932208
[  224.216946] AAAAA-TCP_FORW: name:enp0s3: saddr:16783984: daddr:100932208
[  224.348836] AAAAA-TCP_FORW: name:enp0s3: saddr:16783984: daddr:100932208
[  224.428220] AAAAA-TCP_FORW: name:enp0s3: saddr:16783984: daddr:100932208
[  224.612627] AAAAA-TCP_FORW: name:enp0s3: saddr:16783984: daddr:100932208
[  224.787239] AAAAA-TCP_FORW: name:enp0s3: saddr:16783984: daddr:100932208
[  224.915614] AAAAA-TCP_FORW: name:enp0s3: saddr:16783984: daddr:100932208
[  225.078047] AAAAA-TCP_FORW: name:enp0s3: saddr:16783984: daddr:100932208
[  225.244492] AAAAA-TCP_FORW: name:enp0s3: saddr:33561200: daddr:100932208
[  225.329943] AAAAA-TCP_FORW: name:enp0s3: saddr:16783984: daddr:100932208
[  225.410613] AAAAA-TCP_FORW: name:enp0s3: saddr:33561200: daddr:100932208
[  225.503127] AAAAA-TCP_FORW: name:enp0s3: saddr:33561200: daddr:100932208
[  225.596627] AAAAA-TCP_FORW: name:enp0s3: saddr:33561200: daddr:100932208
[  225.667551] AAAAA-TCP_FORW: name:enp0s3: saddr:33561200: daddr:100932208
[  225.765477] AAAAA-TCP_FORW: name:enp0s3: saddr:33561200: daddr:100932208
[  225.881771] AAAAA-TCP_FORW: name:enp0s3: saddr:33561200: daddr:100932208
[  225.951288] AAAAA-TCP_FORW: name:enp0s3: saddr:33561200: daddr:100932208
[  226.072781] AAAAA-TCP_FORW: name:enp0s3: saddr:33561200: daddr:100932208
[  226.126845] AAAAA-TCP_FORW: name:enp0s3: saddr:33561200: daddr:100932208
[  226.202891] AAAAA-TCP_FORW: name:enp0s3: saddr:33561200: daddr:100932208
[  226.390435] AAAAA-TCP_FORW: name:enp0s3: saddr:33561200: daddr:100932208
[  226.587556] AAAAA-TCP_FORW: name:enp0s3: saddr:33561200: daddr:100932208
[  226.736030] AAAAA-TCP_FORW: name:enp0s3: saddr:33561200: daddr:100932208
[  226.891948] AAAAA-TCP_FORW: name:enp0s3: saddr:33561200: daddr:100932208
[  227.026189] AAAAA-TCP_FORW: name:enp0s3: saddr:33561200: daddr:100932208
[  227.108502] AAAAA-TCP_FORW: name:enp0s3: saddr:33561200: daddr:100932208
[  227.259212] AAAAA-TCP_FORW: name:enp0s3: saddr:33561200: daddr:100932208
[  227.402652] AAAAA-TCP_FORW: name:enp0s3: saddr:33561200: daddr:100932208
[  227.536495] AAAAA-TCP_FORW: name:enp0s3: saddr:16783984: daddr:100932208
[  227.647563] AAAAA-TCP_FORW: name:enp0s3: saddr:33561200: daddr:100932208
[  227.735951] AAAAA-TCP_FORW: name:enp0s3: saddr:16783984: daddr:100932208
[  227.847854] AAAAA-TCP_FORW: name:enp0s3: saddr:16783984: daddr:100932208
[  227.921898] AAAAA-TCP_FORW: name:enp0s3: saddr:16783984: daddr:100932208
[  228.019355] AAAAA-TCP_FORW: name:enp0s3: saddr:16783984: daddr:100932208
[  228.121293] AAAAA-TCP_FORW: name:enp0s3: saddr:16783984: daddr:100932208
[  228.166964] AAAAA-TCP_FORW: name:enp0s3: saddr:16783984: daddr:100932208
[  228.253807] AAAAA-TCP_FORW: name:enp0s3: saddr:16783984: daddr:100932208
[  228.313294] AAAAA-TCP_FORW: name:enp0s3: saddr:16783984: daddr:100932208
[  228.378527] AAAAA-TCP_FORW: name:enp0s3: saddr:16783984: daddr:100932208
[  228.493400] AAAAA-TCP_FORW: name:enp0s3: saddr:16783984: daddr:100932208
[  228.625429] AAAAA-TCP_FORW: name:enp0s3: saddr:16783984: daddr:100932208
[  228.730069] AAAAA-TCP_FORW: name:enp0s3: saddr:16783984: daddr:100932208
[  228.794173] AAAAA-TCP_FORW: name:enp0s3: saddr:16783984: daddr:100932208
[  228.872334] AAAAA-TCP_FORW: name:enp0s3: saddr:16783984: daddr:100932208
[  228.975854] AAAAA-TCP_FORW: name:enp0s3: saddr:16783984: daddr:100932208
[  229.077917] AAAAA-TCP_FORW: name:enp0s3: saddr:16783984: daddr:100932208
[  229.164170] AAAAA-TCP_FORW: name:enp0s3: saddr:16783984: daddr:100932208
[  229.223340] AAAAA-TCP_FORW: name:enp0s3: saddr:16783984: daddr:100932208
[  229.285459] AAAAA-TCP_FORW: name:enp0s3: saddr:16783984: daddr:100932208
[  229.336407] AAAAA-TCP_FORW: name:enp0s3: saddr:16783984: daddr:100932208
[  229.456768] AAAAA-TCP_FORW: name:enp0s3: saddr:33561200: daddr:100932208
[  229.516891] AAAAA-TCP_FORW: name:enp0s3: saddr:16783984: daddr:100932208
[  229.600710] AAAAA-TCP_FORW: name:enp0s3: saddr:33561200: daddr:100932208
[  229.652568] AAAAA-TCP_FORW: name:enp0s3: saddr:33561200: daddr:100932208
[  229.728632] AAAAA-TCP_FORW: name:enp0s3: saddr:33561200: daddr:100932208
[  229.800779] AAAAA-TCP_FORW: name:enp0s3: saddr:33561200: daddr:100932208
[  229.844555] AAAAA-TCP_FORW: name:enp0s3: saddr:33561200: daddr:100932208
[  229.906899] AAAAA-TCP_FORW: name:enp0s3: saddr:33561200: daddr:100932208
[  230.005736] AAAAA-TCP_FORW: name:enp0s3: saddr:33561200: daddr:100932208
[  230.066632] AAAAA-TCP_FORW: name:enp0s3: saddr:33561200: daddr:100932208
[  230.147715] AAAAA-TCP_FORW: name:enp0s3: saddr:33561200: daddr:100932208
[  230.258890] AAAAA-TCP_FORW: name:enp0s3: saddr:33561200: daddr:100932208
[  230.301721] AAAAA-TCP_FORW: name:enp0s3: saddr:33561200: daddr:100932208
[  230.350063] AAAAA-TCP_FORW: name:enp0s3: saddr:33561200: daddr:100932208
[  230.414652] AAAAA-TCP_FORW: name:enp0s3: saddr:33561200: daddr:100932208
[  230.453191] AAAAA-TCP_FORW: name:enp0s3: saddr:33561200: daddr:100932208
[  230.560174] AAAAA-TCP_FORW: name:enp0s3: saddr:33561200: daddr:100932208
[  230.634499] AAAAA-TCP_FORW: name:enp0s3: saddr:33561200: daddr:100932208
[  263.358225] AAAAA-TCP_FORW: name:enp0s3: saddr:33561200: daddr:100932208
[  263.801108] AAAAA-TCP_FORW: name:enp0s3: saddr:33561200: daddr:100932208
[  264.080822] AAAAA-TCP_FORW: name:enp0s3: saddr:33561200: daddr:100932208
[  264.144131] AAAAA-TCP_FORW: name:enp0s3: saddr:33561200: daddr:100932208
[  264.341110] AAAAA-TCP_FORW: name:enp0s3: saddr:33561200: daddr:100932208
[  264.424772] AAAAA-TCP_FORW: name:enp0s3: saddr:33561200: daddr:100932208
[  264.602576] AAAAA-TCP_FORW: name:enp0s3: saddr:33561200: daddr:100932208
[  264.848820] AAAAA-TCP_FORW: name:enp0s3: saddr:33561200: daddr:100932208
[  264.902694] AAAAA-TCP_FORW: name:enp0s3: saddr:33561200: daddr:100932208
[  264.966387] AAAAA-TCP_FORW: name:enp0s3: saddr:33561200: daddr:100932208
[  265.066079] AAAAA-TCP_FORW: name:enp0s3: saddr:33561200: daddr:100932208
[  265.205571] AAAAA-TCP_FORW: name:enp0s3: saddr:33561200: daddr:100932208
[  265.392778] AAAAA-TCP_FORW: name:enp0s3: saddr:16783984: daddr:100932208
[  265.633629] AAAAA-TCP_FORW: name:enp0s3: saddr:16783984: daddr:100932208
[  265.899882] AAAAA-TCP_FORW: name:enp0s3: saddr:16783984: daddr:100932208
[  266.131724] AAAAA-TCP_FORW: name:enp0s3: saddr:16783984: daddr:100932208
[  266.448511] AAAAA-TCP_FORW: name:enp0s3: saddr:16783984: daddr:100932208
[  266.586711] AAAAA-TCP_FORW: name:enp0s3: saddr:16783984: daddr:100932208
[  266.812675] AAAAA-TCP_FORW: name:enp0s3: saddr:16783984: daddr:100932208
[  266.868605] AAAAA-TCP_FORW: name:enp0s3: saddr:16783984: daddr:100932208
[  267.145108] AAAAA-TCP_FORW: name:enp0s3: saddr:16783984: daddr:100932208
[  267.261130] AAAAA-TCP_FORW: name:enp0s3: saddr:16783984: daddr:100932208
[  267.492205] AAAAA-TCP_FORW: name:enp0s3: saddr:16783984: daddr:100932208
[  267.632579] AAAAA-TCP_FORW: name:enp0s3: saddr:16783984: daddr:100932208
[  267.811284] AAAAA-TCP_FORW: name:enp0s3: saddr:16783984: daddr:100932208
[  267.896038] AAAAA-TCP_FORW: name:enp0s3: saddr:16783984: daddr:100932208
[  268.030681] AAAAA-TCP_FORW: name:enp0s3: saddr:16783984: daddr:100932208
[  268.210438] AAAAA-TCP_FORW: name:enp0s3: saddr:16783984: daddr:100932208
[  268.441935] AAAAA-TCP_FORW: name:enp0s3: saddr:16783984: daddr:100932208
[  268.495436] AAAAA-TCP_FORW: name:enp0s3: saddr:16783984: daddr:100932208
[  268.561022] AAAAA-TCP_FORW: name:enp0s3: saddr:16783984: daddr:100932208
[  268.678080] AAAAA-TCP_FORW: name:enp0s3: saddr:16783984: daddr:100932208
[  268.823472] AAAAA-TCP_FORW: name:enp0s3: saddr:16783984: daddr:100932208
[  269.259100] AAAAA-TCP_FORW: name:enp0s3: saddr:16783984: daddr:100932208
[  269.391500] AAAAA-TCP_FORW: name:enp0s3: saddr:16783984: daddr:100932208
[  269.650087] AAAAA-TCP_FORW: name:enp0s3: saddr:16783984: daddr:100932208
[  269.844675] AAAAA-TCP_FORW: name:enp0s3: saddr:33561200: daddr:100932208
[  269.938603] AAAAA-TCP_FORW: name:enp0s3: saddr:33561200: daddr:100932208
[  269.991116] AAAAA-TCP_FORW: name:enp0s3: saddr:33561200: daddr:100932208
[  270.071572] AAAAA-TCP_FORW: name:enp0s3: saddr:33561200: daddr:100932208
[  270.144474] AAAAA-TCP_FORW: name:enp0s3: saddr:33561200: daddr:100932208
[  270.231314] AAAAA-TCP_FORW: name:enp0s3: saddr:16783984: daddr:100932208
[  270.258959] AAAAA-TCP_FORW: name:enp0s3: saddr:33561200: daddr:100932208
[  270.301390] AAAAA-TCP_FORW: name:enp0s3: saddr:33561200: daddr:100932208
[  270.347663] AAAAA-TCP_FORW: name:enp0s3: saddr:16783984: daddr:100932208
[  270.398186] AAAAA-TCP_FORW: name:enp0s3: saddr:16783984: daddr:100932208
[  270.422937] AAAAA-TCP_FORW: name:enp0s3: saddr:16783984: daddr:100932208
[  270.507707] AAAAA-TCP_FORW: name:enp0s3: saddr:16783984: daddr:100932208
[  638.192726] rfkill: input handler enabled
[  647.210978] rfkill: input handler disabled
[  833.848197] device enp0s3 left promiscuous mode
