[    0.000000] Linux version 5.4.243-dmptcp (root@ztg) (gcc version 12.2.0 (Debian 12.2.0-14+deb12u1)) #119 SMP Wed Dec 24 23:52:51 CST 2025
[    0.000000] Command line: BOOT_IMAGE=/boot/vmlinuz-5.4.243-dmptcp root=UUID=98415a12-53b7-4144-8265-0f7ece09e445 ro quiet splash
[    0.000000] KERNEL supported cpus:
[    0.000000]   Intel GenuineIntel
[    0.000000]   AMD AuthenticAMD
[    0.000000]   Hygon HygonGenuine
[    0.000000]   Centaur CentaurHauls
[    0.000000]   zhaoxin   Shanghai  
[    0.000000] x86/fpu: Supporting XSAVE feature 0x001: 'x87 floating point registers'
[    0.000000] x86/fpu: Supporting XSAVE feature 0x002: 'SSE registers'
[    0.000000] x86/fpu: Supporting XSAVE feature 0x004: 'AVX registers'
[    0.000000] x86/fpu: xstate_offset[2]:  576, xstate_sizes[2]:  256
[    0.000000] x86/fpu: Enabled xstate features 0x7, context size is 832 bytes, using 'standard' format.
[    0.000000] BIOS-provided physical RAM map:
[    0.000000] BIOS-e820: [mem 0x0000000000000000-0x000000000009fbff] usable
[    0.000000] BIOS-e820: [mem 0x000000000009fc00-0x000000000009ffff] reserved
[    0.000000] BIOS-e820: [mem 0x00000000000f0000-0x00000000000fffff] reserved
[    0.000000] BIOS-e820: [mem 0x0000000000100000-0x000000007ffeffff] usable
[    0.000000] BIOS-e820: [mem 0x000000007fff0000-0x000000007fffffff] ACPI data
[    0.000000] BIOS-e820: [mem 0x00000000fec00000-0x00000000fec00fff] reserved
[    0.000000] BIOS-e820: [mem 0x00000000fee00000-0x00000000fee00fff] reserved
[    0.000000] BIOS-e820: [mem 0x00000000fffc0000-0x00000000ffffffff] reserved
[    0.000000] NX (Execute Disable) protection: active
[    0.000000] SMBIOS 2.5 present.
[    0.000000] DMI: innotek GmbH VirtualBox/VirtualBox, BIOS VirtualBox 12/01/2006
[    0.000000] Hypervisor detected: KVM
[    0.000000] kvm-clock: Using msrs 4b564d01 and 4b564d00
[    0.000000] kvm-clock: cpu 0, msr 58601001, primary cpu clock
[    0.000000] kvm-clock: using sched offset of 8192488171 cycles
[    0.000003] clocksource: kvm-clock: mask: 0xffffffffffffffff max_cycles: 0x1cd42e4dffb, max_idle_ns: 881590591483 ns
[    0.000005] tsc: Detected 2100.000 MHz processor
[    0.001884] e820: update [mem 0x00000000-0x00000fff] usable ==> reserved
[    0.001886] e820: remove [mem 0x000a0000-0x000fffff] usable
[    0.001890] last_pfn = 0x7fff0 max_arch_pfn = 0x400000000
[    0.001960] MTRR default type: uncachable
[    0.001960] MTRR fixed ranges enabled:
[    0.001962]   00000-9FFFF write-back
[    0.001962]   A0000-BFFFF uncachable
[    0.001963]   C0000-FFFFF write-protect
[    0.001964] MTRR variable ranges enabled:
[    0.001965]   0 base 000000000000 mask 3FFF80000000 write-back
[    0.001966]   1 disabled
[    0.001966]   2 disabled
[    0.001967]   3 disabled
[    0.001967]   4 disabled
[    0.001968]   5 disabled
[    0.001968]   6 disabled
[    0.001968]   7 disabled
[    0.001969]   8 disabled
[    0.001969]   9 disabled
[    0.001970]   10 disabled
[    0.001970]   11 disabled
[    0.001971]   12 disabled
[    0.001971]   13 disabled
[    0.001971]   14 disabled
[    0.001972]   15 disabled
[    0.001988] x86/PAT: Configuration [0-7]: WB  WC  UC- UC  WB  WP  UC- WT  
[    0.002121] found SMP MP-table at [mem 0x0009fff0-0x0009ffff]
[    0.093615] check: Scanning 1 areas for low memory corruption
[    0.093880] RAMDISK: [mem 0x32271000-0x3512ffff]
[    0.093888] ACPI: Early table checksum verification disabled
[    0.093892] ACPI: RSDP 0x00000000000E0000 000024 (v02 VBOX  )
[    0.093896] ACPI: XSDT 0x000000007FFF0030 00003C (v01 VBOX   VBOXXSDT 00000001 ASL  00000061)
[    0.093902] ACPI: FACP 0x000000007FFF00F0 0000F4 (v04 VBOX   VBOXFACP 00000001 ASL  00000061)
[    0.093909] ACPI: DSDT 0x000000007FFF02E0 002353 (v02 VBOX   VBOXBIOS 00000002 VBOX 00029BF3)
[    0.093913] ACPI: FACS 0x000000007FFF0200 000040
[    0.093916] ACPI: FACS 0x000000007FFF0200 000040
[    0.093919] ACPI: APIC 0x000000007FFF0240 000054 (v02 VBOX   VBOXAPIC 00000001 ASL  00000061)
[    0.093923] ACPI: SSDT 0x000000007FFF02A0 000038 (v01 VBOX   VBOXCPUT 00000002 VBOX 00029BF3)
[    0.093926] ACPI: Reserving FACP table memory at [mem 0x7fff00f0-0x7fff01e3]
[    0.093927] ACPI: Reserving DSDT table memory at [mem 0x7fff02e0-0x7fff2632]
[    0.093928] ACPI: Reserving FACS table memory at [mem 0x7fff0200-0x7fff023f]
[    0.093928] ACPI: Reserving FACS table memory at [mem 0x7fff0200-0x7fff023f]
[    0.093929] ACPI: Reserving APIC table memory at [mem 0x7fff0240-0x7fff0293]
[    0.093930] ACPI: Reserving SSDT table memory at [mem 0x7fff02a0-0x7fff02d7]
[    0.093944] ACPI: Local APIC address 0xfee00000
[    0.094128] No NUMA configuration found
[    0.094129] Faking a node at [mem 0x0000000000000000-0x000000007ffeffff]
[    0.094140] NODE_DATA(0) allocated [mem 0x7ffc5000-0x7ffeffff]
[    0.095096] Zone ranges:
[    0.095097]   DMA      [mem 0x0000000000001000-0x0000000000ffffff]
[    0.095098]   DMA32    [mem 0x0000000001000000-0x000000007ffeffff]
[    0.095099]   Normal   empty
[    0.095100]   Device   empty
[    0.095100] Movable zone start for each node
[    0.095102] Early memory node ranges
[    0.095103]   node   0: [mem 0x0000000000001000-0x000000000009efff]
[    0.095104]   node   0: [mem 0x0000000000100000-0x000000007ffeffff]
[    0.095746] Zeroed struct page in unavailable ranges: 114 pages
[    0.095747] Initmem setup node 0 [mem 0x0000000000001000-0x000000007ffeffff]
[    0.095749] On node 0 totalpages: 524174
[    0.095750]   DMA zone: 64 pages used for memmap
[    0.095750]   DMA zone: 21 pages reserved
[    0.095751]   DMA zone: 3998 pages, LIFO batch:0
[    0.095822]   DMA32 zone: 8128 pages used for memmap
[    0.095823]   DMA32 zone: 520176 pages, LIFO batch:63
[    0.104793] ACPI: PM-Timer IO Port: 0x4008
[    0.104796] ACPI: Local APIC address 0xfee00000
[    0.104864] IOAPIC[0]: apic_id 1, version 32, address 0xfec00000, GSI 0-23
[    0.104867] ACPI: INT_SRC_OVR (bus 0 bus_irq 0 global_irq 2 dfl dfl)
[    0.104868] ACPI: INT_SRC_OVR (bus 0 bus_irq 9 global_irq 9 low level)
[    0.104870] ACPI: IRQ0 used by override.
[    0.104871] ACPI: IRQ9 used by override.
[    0.104874] Using ACPI (MADT) for SMP configuration information
[    0.104880] smpboot: Allowing 1 CPUs, 0 hotplug CPUs
[    0.104902] PM: Registered nosave memory: [mem 0x00000000-0x00000fff]
[    0.104904] PM: Registered nosave memory: [mem 0x0009f000-0x0009ffff]
[    0.104904] PM: Registered nosave memory: [mem 0x000a0000-0x000effff]
[    0.104905] PM: Registered nosave memory: [mem 0x000f0000-0x000fffff]
[    0.104906] [mem 0x80000000-0xfebfffff] available for PCI devices
[    0.104907] Booting paravirtualized kernel on KVM
[    0.104909] clocksource: refined-jiffies: mask: 0xffffffff max_cycles: 0xffffffff, max_idle_ns: 7645519600211568 ns
[    0.104914] setup_percpu: NR_CPUS:8192 nr_cpumask_bits:1 nr_cpu_ids:1 nr_node_ids:1
[    0.105730] percpu: Embedded 60 pages/cpu s208896 r8192 d28672 u2097152
[    0.105735] pcpu-alloc: s208896 r8192 d28672 u2097152 alloc=1*2097152
[    0.105736] pcpu-alloc: [0] 0 
[    0.105760] Built 1 zonelists, mobility grouping on.  Total pages: 515961
[    0.105761] Policy zone: DMA32
[    0.105762] Kernel command line: BOOT_IMAGE=/boot/vmlinuz-5.4.243-dmptcp root=UUID=98415a12-53b7-4144-8265-0f7ece09e445 ro quiet splash
[    0.106567] Dentry cache hash table entries: 262144 (order: 9, 2097152 bytes, linear)
[    0.106827] Inode-cache hash table entries: 131072 (order: 8, 1048576 bytes, linear)
[    0.106879] mem auto-init: stack:off, heap alloc:on, heap free:off
[    0.106881] Calgary: detecting Calgary via BIOS EBDA area
[    0.106882] Calgary: Unable to locate Rio Grande table in EBDA - bailing!
[    0.111105] Memory: 1967332K/2096696K available (14339K kernel code, 2399K rwdata, 4716K rodata, 2728K init, 17260K bss, 129364K reserved, 0K cma-reserved)
[    0.112052] SLUB: HWalign=64, Order=0-3, MinObjects=0, CPUs=1, Nodes=1
[    0.112068] ftrace: allocating 43203 entries in 169 pages
[    0.130008] rcu: Hierarchical RCU implementation.
[    0.130009] rcu: 	RCU restricting CPUs from NR_CPUS=8192 to nr_cpu_ids=1.
[    0.130010] 	Tasks RCU enabled.
[    0.130011] rcu: RCU calculated value of scheduler-enlistment delay is 25 jiffies.
[    0.130012] rcu: Adjusting geometry for rcu_fanout_leaf=16, nr_cpu_ids=1
[    0.132968] NR_IRQS: 524544, nr_irqs: 256, preallocated irqs: 16
[    0.133172] random: crng init done
[    0.142405] Console: colour VGA+ 80x25
[    0.142408] printk: console [tty0] enabled
[    0.142424] ACPI: Core revision 20190816
[    0.142514] APIC: Switch to symmetric I/O mode setup
[    0.142760] x2apic enabled
[    0.143002] Switched APIC routing to physical x2apic.
[    0.144113] ..TIMER: vector=0x30 apic1=0 pin1=2 apic2=-1 pin2=-1
[    0.144140] clocksource: tsc-early: mask: 0xffffffffffffffff max_cycles: 0x1e4530a99b6, max_idle_ns: 440795257976 ns
[    0.144144] Calibrating delay loop (skipped) preset value.. 4200.00 BogoMIPS (lpj=8400000)
[    0.144146] pid_max: default: 32768 minimum: 301
[    0.144173] LSM: Security Framework initializing
[    0.144182] Yama: becoming mindful.
[    0.144206] AppArmor: AppArmor initialized
[    0.144240] Mount-cache hash table entries: 4096 (order: 3, 32768 bytes, linear)
[    0.144244] Mountpoint-cache hash table entries: 4096 (order: 3, 32768 bytes, linear)
[    0.144254] *** VALIDATE tmpfs ***
[    0.144382] *** VALIDATE proc ***
[    0.144423] *** VALIDATE cgroup1 ***
[    0.144424] *** VALIDATE cgroup2 ***
[    0.144562] process: using mwait in idle threads
[    0.144567] Last level iTLB entries: 4KB 64, 2MB 8, 4MB 8
[    0.144568] Last level dTLB entries: 4KB 64, 2MB 0, 4MB 0, 1GB 4
[    0.144588] Spectre V1 : Mitigation: usercopy/swapgs barriers and __user pointer sanitization
[    0.144594] Spectre V2 : Mitigation: Retpolines
[    0.144594] Spectre V2 : Spectre v2 / SpectreRSB mitigation: Filling RSB on context switch
[    0.144595] Spectre V2 : Spectre v2 / SpectreRSB : Filling RSB on VMEXIT
[    0.144595] RETBleed: WARNING: Spectre v2 mitigation leaves CPU vulnerable to RETBleed attacks, data leaks possible!
[    0.144949] RETBleed: Vulnerable
[    0.144949] Speculative Store Bypass: Vulnerable
[    0.144954] TAA: Mitigation: TSX disabled
[    0.144954] MMIO Stale Data: Mitigation: Clear CPU buffers
[    0.149083] Freeing SMP alternatives memory: 40K
[    0.261822] smpboot: CPU0: Intel(R) Xeon(R) Silver 4216 CPU @ 2.10GHz (family: 0x6, model: 0x55, stepping: 0x7)
[    0.261914] Performance Events: unsupported p6 CPU model 85 no PMU driver, software events only.
[    0.261947] rcu: Hierarchical SRCU implementation.
[    0.262404] NMI watchdog: Perf NMI watchdog permanently disabled
[    0.262436] smp: Bringing up secondary CPUs ...
[    0.262437] smp: Brought up 1 node, 1 CPU
[    0.262438] smpboot: Max logical packages: 1
[    0.262439] smpboot: Total of 1 processors activated (4200.00 BogoMIPS)
[    0.263352] devtmpfs: initialized
[    0.263394] x86/mm: Memory block size: 128MB
[    0.263705] clocksource: jiffies: mask: 0xffffffff max_cycles: 0xffffffff, max_idle_ns: 7645041785100000 ns
[    0.263708] futex hash table entries: 256 (order: 2, 16384 bytes, linear)
[    0.263744] pinctrl core: initialized pinctrl subsystem
[    0.263836] PM: RTC time: 09:21:51, date: 2026-01-10
[    0.263931] NET: Registered protocol family 16
[    0.264001] audit: initializing netlink subsys (disabled)
[    0.264116] EISA bus registered
[    0.264117] cpuidle: using governor ladder
[    0.264118] cpuidle: using governor menu
[    0.264141] ACPI: bus type PCI registered
[    0.264141] acpiphp: ACPI Hot Plug PCI Controller Driver version: 0.5
[    0.264141] PCI: Using configuration type 1 for base access
[    0.264171] audit: type=2000 audit(1768008121.575:1): state=initialized audit_enabled=0 res=1
[    0.264239] HugeTLB registered 2.00 MiB page size, pre-allocated 0 pages
[    0.264996] ACPI: Added _OSI(Module Device)
[    0.264997] ACPI: Added _OSI(Processor Device)
[    0.264998] ACPI: Added _OSI(3.0 _SCP Extensions)
[    0.264998] ACPI: Added _OSI(Processor Aggregator Device)
[    0.264999] ACPI: Added _OSI(Linux-Dell-Video)
[    0.265000] ACPI: Added _OSI(Linux-Lenovo-NV-HDMI-Audio)
[    0.265001] ACPI: Added _OSI(Linux-HPI-Hybrid-Graphics)
[    0.266937] ACPI: 2 ACPI AML tables successfully acquired and loaded
[    0.268418] ACPI: Interpreter enabled
[    0.268428] ACPI: (supports S0 S5)
[    0.268429] ACPI: Using IOAPIC for interrupt routing
[    0.268631] PCI: Using host bridge windows from ACPI; if necessary, use "pci=nocrs" and report a bug
[    0.268734] ACPI: Enabled 2 GPEs in block 00 to 07
[    0.272141] ACPI: PCI Root Bridge [PCI0] (domain 0000 [bus 00-ff])
[    0.272141] acpi PNP0A03:00: _OSC: OS supports [ASPM ClockPM Segments MSI HPX-Type3]
[    0.272141] acpi PNP0A03:00: _OSC: not requesting OS control; OS requires [ExtendedConfig ASPM ClockPM MSI]
[    0.272141] acpi PNP0A03:00: fail to add MMCONFIG information, can't access extended PCI configuration space under this bridge.
[    0.272285] PCI host bridge to bus 0000:00
[    0.272287] pci_bus 0000:00: root bus resource [io  0x0000-0x0cf7 window]
[    0.272288] pci_bus 0000:00: root bus resource [io  0x0d00-0xffff window]
[    0.272289] pci_bus 0000:00: root bus resource [mem 0x000a0000-0x000bffff window]
[    0.272290] pci_bus 0000:00: root bus resource [mem 0x80000000-0xfdffffff window]
[    0.272292] pci_bus 0000:00: root bus resource [bus 00-ff]
[    0.272334] pci 0000:00:00.0: [8086:1237] type 00 class 0x060000
[    0.273256] pci 0000:00:01.0: [8086:7000] type 00 class 0x060100
[    0.276851] pci 0000:00:01.1: [8086:7111] type 00 class 0x01018a
[    0.277218] pci 0000:00:01.1: reg 0x20: [io  0xd000-0xd00f]
[    0.277370] pci 0000:00:01.1: legacy IDE quirk: reg 0x10: [io  0x01f0-0x01f7]
[    0.277371] pci 0000:00:01.1: legacy IDE quirk: reg 0x14: [io  0x03f6]
[    0.277372] pci 0000:00:01.1: legacy IDE quirk: reg 0x18: [io  0x0170-0x0177]
[    0.277373] pci 0000:00:01.1: legacy IDE quirk: reg 0x1c: [io  0x0376]
[    0.277903] pci 0000:00:02.0: [15ad:0405] type 00 class 0x030000
[    0.280225] pci 0000:00:02.0: reg 0x10: [io  0xd010-0xd01f]
[    0.283331] pci 0000:00:02.0: reg 0x14: [mem 0xe0000000-0xe7ffffff pref]
[    0.286008] pci 0000:00:02.0: reg 0x18: [mem 0xf0000000-0xf01fffff]
[    0.296923] pci 0000:00:03.0: [1022:2000] type 00 class 0x020000
[    0.297603] pci 0000:00:03.0: reg 0x10: [io  0xd020-0xd03f]
[    0.298224] pci 0000:00:03.0: reg 0x14: [mem 0xf0200000-0xf0200fff]
[    0.302527] pci 0000:00:04.0: [80ee:cafe] type 00 class 0x088000
[    0.303370] pci 0000:00:04.0: reg 0x10: [io  0xd040-0xd05f]
[    0.304141] pci 0000:00:04.0: reg 0x14: [mem 0xf0400000-0xf07fffff]
[    0.304141] pci 0000:00:04.0: reg 0x18: [mem 0xf0800000-0xf0803fff pref]
[    0.309116] pci 0000:00:07.0: [8086:7113] type 00 class 0x068000
[    0.309641] pci 0000:00:07.0: quirk: [io  0x4000-0x403f] claimed by PIIX4 ACPI
[    0.309650] pci 0000:00:07.0: quirk: [io  0x4100-0x410f] claimed by PIIX4 SMB
[    0.310229] pci 0000:00:08.0: [1022:2000] type 00 class 0x020000
[    0.310904] pci 0000:00:08.0: reg 0x10: [io  0xd060-0xd07f]
[    0.311514] pci 0000:00:08.0: reg 0x14: [mem 0xf0804000-0xf0804fff]
[    0.314633] pci 0000:00:09.0: [8086:100e] type 00 class 0x020000
[    0.315379] pci 0000:00:09.0: reg 0x10: [mem 0xf0820000-0xf083ffff]
[    0.316795] pci 0000:00:09.0: reg 0x18: [io  0xd080-0xd087]
[    0.325266] ACPI: PCI Interrupt Link [LNKA] (IRQs 5 9 10 *11)
[    0.325547] ACPI: PCI Interrupt Link [LNKB] (IRQs 5 9 *10 11)
[    0.328160] ACPI: PCI Interrupt Link [LNKC] (IRQs 5 *9 10 11)
[    0.328260] ACPI: PCI Interrupt Link [LNKD] (IRQs 5 9 10 *11)
[    0.328488] iommu: Default domain type: Translated 
[    0.328538] pci 0000:00:02.0: vgaarb: setting as boot VGA device
[    0.328540] pci 0000:00:02.0: vgaarb: VGA device added: decodes=io+mem,owns=io+mem,locks=none
[    0.328542] pci 0000:00:02.0: vgaarb: bridge control possible
[    0.328542] vgaarb: loaded
[    0.328731] SCSI subsystem initialized
[    0.328759] libata version 3.00 loaded.
[    0.328782] ACPI: bus type USB registered
[    0.328795] usbcore: registered new interface driver usbfs
[    0.328802] usbcore: registered new interface driver hub
[    0.328807] usbcore: registered new device driver usb
[    0.328829] pps_core: LinuxPPS API ver. 1 registered
[    0.328830] pps_core: Software ver. 5.3.6 - Copyright 2005-2007 Rodolfo Giometti <giometti@linux.it>
[    0.328835] PTP clock support registered
[    0.328869] EDAC MC: Ver: 3.0.0
[    0.329135] PCI: Using ACPI for IRQ routing
[    0.329136] PCI: pci_cache_line_size set to 64 bytes
[    0.329305] e820: reserve RAM buffer [mem 0x0009fc00-0x0009ffff]
[    0.329308] e820: reserve RAM buffer [mem 0x7fff0000-0x7fffffff]
[    0.330096] NetLabel: Initializing
[    0.330097] NetLabel:  domain hash size = 128
[    0.330097] NetLabel:  protocols = UNLABELED CIPSOv4 CALIPSO
[    0.330116] NetLabel:  unlabeled traffic allowed by default
[    0.331011] clocksource: Switched to clocksource kvm-clock
[    0.339071] *** VALIDATE bpf ***
[    0.339071] VFS: Disk quotas dquot_6.6.0
[    0.339071] VFS: Dquot-cache hash table entries: 512 (order 0, 4096 bytes)
[    0.339071] *** VALIDATE ramfs ***
[    0.339071] *** VALIDATE hugetlbfs ***
[    0.339071] AppArmor: AppArmor Filesystem Enabled
[    0.339071] pnp: PnP ACPI init
[    0.339071] pnp 00:00: Plug and Play ACPI device, IDs PNP0303 (active)
[    0.342634] pnp 00:01: Plug and Play ACPI device, IDs PNP0f03 (active)
[    0.343405] pnp: PnP ACPI: found 2 devices
[    0.344382] thermal_sys: Registered thermal governor 'fair_share'
[    0.344383] thermal_sys: Registered thermal governor 'bang_bang'
[    0.344384] thermal_sys: Registered thermal governor 'step_wise'
[    0.344385] thermal_sys: Registered thermal governor 'user_space'
[    0.344385] thermal_sys: Registered thermal governor 'power_allocator'
[    0.348896] clocksource: acpi_pm: mask: 0xffffff max_cycles: 0xffffff, max_idle_ns: 2085701024 ns
[    0.348934] pci_bus 0000:00: resource 4 [io  0x0000-0x0cf7 window]
[    0.348936] pci_bus 0000:00: resource 5 [io  0x0d00-0xffff window]
[    0.348937] pci_bus 0000:00: resource 6 [mem 0x000a0000-0x000bffff window]
[    0.348938] pci_bus 0000:00: resource 7 [mem 0x80000000-0xfdffffff window]
[    0.348994] NET: Registered protocol family 2
[    0.349061] IP idents hash table entries: 32768 (order: 6, 262144 bytes, linear)
[    0.349454] MPTCP tokens hash table entries: 8192 (order: 4, 65536 bytes, linear)
[    0.349477] MPTCP request tokens hash table entries: 8192 (order: 4, 65536 bytes, linear)
[    0.349501] default registered
[    0.349502] default registered
[    0.349502] MPTCP: Stable release v0.96
[    0.349507] tcp_listen_portaddr_hash hash table entries: 1024 (order: 2, 16384 bytes, linear)
[    0.349581] TCP established hash table entries: 16384 (order: 5, 131072 bytes, linear)
[    0.349643] TCP bind hash table entries: 16384 (order: 6, 262144 bytes, linear)
[    0.349668] TCP: Hash tables configured (established 16384 bind 16384)
[    0.350368] UDP hash table entries: 1024 (order: 3, 32768 bytes, linear)
[    0.350379] UDP-Lite hash table entries: 1024 (order: 3, 32768 bytes, linear)
[    0.350413] NET: Registered protocol family 1
[    0.350421] NET: Registered protocol family 44
[    0.350440] pci 0000:00:00.0: Limiting direct PCI/PCI transfers
[    0.350451] pci 0000:00:01.0: Activating ISA DMA hang workarounds
[    0.350507] pci 0000:00:02.0: Video device with shadowed ROM at [mem 0x000c0000-0x000dffff]
[    0.350568] PCI: CLS 0 bytes, default 64
[    0.350611] Trying to unpack rootfs image as initramfs...
[    0.523871] Freeing initrd memory: 47868K
[    0.523871] clocksource: tsc: mask: 0xffffffffffffffff max_cycles: 0x1e4530a99b6, max_idle_ns: 440795257976 ns
[    0.523871] clocksource: Switched to clocksource tsc
[    0.523871] platform rtc_cmos: registered platform RTC device (no PNP device found)
[    0.523871] check: Scanning for low memory corruption every 60 seconds
[    0.523871] Initialise system trusted keyrings
[    0.523871] Key type blacklist registered
[    0.523871] workingset: timestamp_bits=36 max_order=19 bucket_order=0
[    0.523871] zbud: loaded
[    0.523871] squashfs: version 4.0 (2009/01/31) Phillip Lougher
[    0.523871] fuse: init (API version 7.31)
[    0.523871] *** VALIDATE fuse ***
[    0.523871] *** VALIDATE fuse ***
[    0.523871] Platform Keyring initialized
[    0.536232] Key type asymmetric registered
[    0.536233] Asymmetric key parser 'x509' registered
[    0.536242] Block layer SCSI generic (bsg) driver version 0.4 loaded (major 244)
[    0.536281] io scheduler mq-deadline registered
[    0.536400] shpchp: Standard Hot Plug PCI Controller Driver version: 0.4
[    0.536604] ACPI: AC Adapter [AC] (on-line)
[    0.536648] input: Power Button as /devices/LNXSYSTM:00/LNXPWRBN:00/input/input0
[    0.536675] ACPI: Power Button [PWRF]
[    0.536753] input: Sleep Button as /devices/LNXSYSTM:00/LNXSLPBN:00/input/input1
[    0.536766] ACPI: Sleep Button [SLPF]
[    0.536989] Serial: 8250/16550 driver, 32 ports, IRQ sharing enabled
[    0.538133] Linux agpgart interface v0.103
[    0.627040] loop: module loaded
[    0.627204] ata_piix 0000:00:01.1: version 2.13
[    0.627613] scsi host0: ata_piix
[    0.627702] scsi host1: ata_piix
[    0.627728] ata1: PATA max UDMA/33 cmd 0x1f0 ctl 0x3f6 bmdma 0xd000 irq 14
[    0.627728] ata2: PATA max UDMA/33 cmd 0x170 ctl 0x376 bmdma 0xd008 irq 15
[    0.627807] tun: Universal TUN/TAP device driver, 1.6
[    0.628119] PPP generic driver version 2.4.2
[    0.628164] VFIO - User Level meta-driver version: 0.3
[    0.628404] ehci_hcd: USB 2.0 'Enhanced' Host Controller (EHCI) Driver
[    0.628407] ehci-pci: EHCI PCI platform driver
[    0.628423] ehci-platform: EHCI generic platform driver
[    0.628428] ohci_hcd: USB 1.1 'Open' Host Controller (OHCI) Driver
[    0.628430] ohci-pci: OHCI PCI platform driver
[    0.628435] ohci-platform: OHCI generic platform driver
[    0.628440] uhci_hcd: USB Universal Host Controller Interface driver
[    0.628504] i8042: PNP: PS/2 Controller [PNP0303:PS2K,PNP0f03:PS2M] at 0x60,0x64 irq 1,12
[    0.628944] serio: i8042 KBD port at 0x60,0x64 irq 1
[    0.628948] serio: i8042 AUX port at 0x60,0x64 irq 12
[    0.629034] mousedev: PS/2 mouse device common for all mice
[    0.629304] input: AT Translated Set 2 keyboard as /devices/platform/i8042/serio0/input/input2
[    0.629698] rtc_cmos rtc_cmos: registered as rtc0
[    0.629710] rtc_cmos rtc_cmos: alarms up to one day, 114 bytes nvram
[    0.629715] i2c /dev entries driver
[    0.629761] device-mapper: uevent: version 1.0.3
[    0.629802] device-mapper: ioctl: 4.41.0-ioctl (2019-09-16) initialised: dm-devel@redhat.com
[    0.629823] platform eisa.0: Probing EISA bus 0
[    0.629824] platform eisa.0: EISA: Cannot allocate resource for mainboard
[    0.629825] platform eisa.0: Cannot allocate resource for EISA slot 1
[    0.629826] platform eisa.0: Cannot allocate resource for EISA slot 2
[    0.629827] platform eisa.0: Cannot allocate resource for EISA slot 3
[    0.629828] platform eisa.0: Cannot allocate resource for EISA slot 4
[    0.629829] platform eisa.0: Cannot allocate resource for EISA slot 5
[    0.629830] platform eisa.0: Cannot allocate resource for EISA slot 6
[    0.629831] platform eisa.0: Cannot allocate resource for EISA slot 7
[    0.629832] platform eisa.0: Cannot allocate resource for EISA slot 8
[    0.629833] platform eisa.0: EISA: Detected 0 cards
[    0.629836] intel_pstate: CPU model not supported
[    0.629846] ledtrig-cpu: registered to indicate activity on CPUs
[    0.629899] drop_monitor: Initializing network drop monitor service
[    0.630056] NET: Registered protocol family 10
[    0.635185] Segment Routing with IPv6
[    0.635185] fullmesh registered
[    0.635185] ndiffports registered
[    0.635185] binder registered
[    0.635185] roundrobin registered
[    0.635185] mps registered
[    0.635185] redundant registered
[    0.635185] blest registered
[    0.635185] ecf registered
[    0.635185] NET: Registered protocol family 17
[    0.635185] Key type dns_resolver registered
[    0.635185] RAS: Correctable Errors collector initialized.
[    0.635185] IPI shorthand broadcast: enabled
[    0.635185] sched_clock: Marking stable (620207332, 10978489)->(633537322, -2351501)
[    0.635453] registered taskstats version 1
[    0.635463] Loading compiled-in X.509 certificates
[    0.636047] Loaded X.509 cert 'Build time autogenerated kernel key: 6909f3744cebb3d0de528d5887b96a727de79b1e'
[    0.636064] zswap: loaded using pool lzo/zbud
[    0.636116] Key type ._fscrypt registered
[    0.636117] Key type .fscrypt registered
[    0.640582] Key type big_key registered
[    0.642760] Key type encrypted registered
[    0.642762] AppArmor: AppArmor sha1 policy hashing enabled
[    0.642769] ima: No TPM chip found, activating TPM-bypass!
[    0.642773] ima: Allocated hash algorithm: sha1
[    0.642779] ima: No architecture policies found
[    0.642788] evm: Initialising EVM extended attributes:
[    0.642788] evm: security.selinux
[    0.642789] evm: security.SMACK64
[    0.642789] evm: security.SMACK64EXEC
[    0.642790] evm: security.SMACK64TRANSMUTE
[    0.642790] evm: security.SMACK64MMAP
[    0.642791] evm: security.apparmor
[    0.642791] evm: security.ima
[    0.642792] evm: security.capability
[    0.642792] evm: HMAC attrs: 0x1
[    0.643093] PM:   Magic number: 10:495:373
[    0.643116] vc vcsa1: hash matches
[    0.643219] rtc_cmos rtc_cmos: setting system clock to 2026-01-10T09:21:51 UTC (1768036911)
[    0.800853] ata1.00: ATA-6: VBOX HARDDISK, 1.0, max UDMA/133
[    0.800857] ata1.00: 209715200 sectors, multi 128: LBA 
[    0.801623] scsi 0:0:0:0: Direct-Access     ATA      VBOX HARDDISK    1.0  PQ: 0 ANSI: 5
[    0.801958] sd 0:0:0:0: [sda] 209715200 512-byte logical blocks: (107 GB/100 GiB)
[    0.801973] sd 0:0:0:0: [sda] Write Protect is off
[    0.801976] sd 0:0:0:0: [sda] Mode Sense: 00 3a 00 00
[    0.802000] sd 0:0:0:0: [sda] Write cache: enabled, read cache: enabled, doesn't support DPO or FUA
[    0.802245] sd 0:0:0:0: Attached scsi generic sg0 type 0
[    0.803287]  sda: sda1 sda2
[    0.815240] sd 0:0:0:0: [sda] Attached SCSI disk
[    0.819491] Freeing unused decrypted memory: 2040K
[    0.820640] Freeing unused kernel image memory: 2728K
[    0.820643] Write protecting the kernel read-only data: 22528k
[    0.821882] Freeing unused kernel image memory: 2036K
[    0.822564] Freeing unused kernel image memory: 1428K
[    0.855939] x86/mm: Checked W+X mappings: passed, no W+X pages found.
[    0.855944] Run /init as init process
[    0.963790] ACPI: Video Device [GFX0] (multi-head: yes  rom: no  post: no)
[    0.963861] input: Video Bus as /devices/LNXSYSTM:00/LNXSYBUS:00/PNP0A03:00/LNXVIDEO:00/input/input4
[    0.977317] pcnet32: pcnet32.c:v1.35 21.Apr.2008 tsbogend@alpha.franken.de
[    0.978825] piix4_smbus 0000:00:07.0: SMBus Host Controller at 0x4100, revision 0
[    0.982666] e1000: Intel(R) PRO/1000 Network Driver - version 7.3.21-k8-NAPI
[    0.982667] e1000: Copyright (c) 1999-2006 Intel Corporation.
[    0.983740] pcnet32: PCnet/FAST III 79C973 at 0xd020, 08:00:27:84:63:c4 assigned IRQ 19
[    0.983785] pcnet32: Found PHY 0022:561b at address 0
[    0.984080] pcnet32: eth0: registered as PCnet/FAST III 79C973
[    0.993148] pcnet32: PCnet/FAST III 79C973 at 0xd060, 08:00:27:d3:1a:b4 assigned IRQ 16
[    0.993191] pcnet32: Found PHY 0022:561b at address 0
[    0.993482] pcnet32: eth1: registered as PCnet/FAST III 79C973
[    0.999750] pcnet32: 2 cards_found
[    1.058812] pcnet32 0000:00:03.0 enp0s3: renamed from eth0
[    1.061337] pcnet32 0000:00:08.0 enp0s8: renamed from eth1
[    1.194561] input: ImExPS/2 Generic Explorer Mouse as /devices/platform/i8042/serio1/input/input5
[    1.391255] e1000 0000:00:09.0 eth0: (PCI:33MHz:32-bit) 08:00:27:fb:73:42
[    1.391258] e1000 0000:00:09.0 eth0: Intel(R) PRO/1000 Network Connection
[    1.392340] e1000 0000:00:09.0 enp0s9: renamed from eth0
[    1.545520] EXT4-fs (sda2): mounted filesystem with ordered data mode. Opts: (null)
[    1.639671] systemd[1]: Inserted module 'autofs4'
[    1.652821] systemd[1]: systemd 245.4-4ubuntu3 running in system mode. (+PAM +AUDIT +SELINUX +IMA +APPARMOR +SMACK +SYSVINIT +UTMP +LIBCRYPTSETUP +GCRYPT +GNUTLS +ACL +XZ +LZ4 +SECCOMP +BLKID +ELFUTILS +KMOD +IDN2 -IDN +PCRE2 default-hierarchy=hybrid)
[    1.652848] systemd[1]: Detected virtualization oracle.
[    1.652851] systemd[1]: Detected architecture x86-64.
[    1.654138] systemd[1]: Set hostname to <ztg>.
[    1.782617] systemd[1]: /lib/systemd/system/dbus.socket:5: ListenStream= references a path below legacy directory /var/run/, updating /var/run/dbus/system_bus_socket â†’ /run/dbus/system_bus_socket; please update the unit file accordingly.
[    1.838621] systemd[1]: Created slice system-modprobe.slice.
[    1.838808] systemd[1]: Created slice User and Session Slice.
[    1.838852] systemd[1]: Started Forward Password Requests to Wall Directory Watch.
[    1.839008] systemd[1]: Set up automount Arbitrary Executable File Formats File System Automount Point.
[    1.839102] systemd[1]: Reached target User and Group Name Lookups.
[    1.839113] systemd[1]: Reached target Remote File Systems.
[    1.839121] systemd[1]: Reached target Slices.
[    1.839704] systemd[1]: Listening on Syslog Socket.
[    1.839770] systemd[1]: Listening on fsck to fsckd communication Socket.
[    1.839807] systemd[1]: Listening on initctl Compatibility Named Pipe.
[    1.839958] systemd[1]: Listening on Journal Audit Socket.
[    1.840012] systemd[1]: Listening on Journal Socket (/dev/log).
[    1.840079] systemd[1]: Listening on Journal Socket.
[    1.840144] systemd[1]: Listening on udev Control Socket.
[    1.840182] systemd[1]: Listening on udev Kernel Socket.
[    1.840921] systemd[1]: Mounting Huge Pages File System...
[    1.841818] systemd[1]: Mounting POSIX Message Queue File System...
[    1.842655] systemd[1]: Mounting Kernel Debug File System...
[    1.843534] systemd[1]: Mounting Kernel Trace File System...
[    1.845412] systemd[1]: Starting Journal Service...
[    1.869610] systemd[1]: Starting Set the console keyboard layout...
[    1.877621] systemd[1]: Starting Create list of static device nodes for the current kernel...
[    1.879488] systemd[1]: Starting Load Kernel Module drm...
[    1.880533] systemd[1]: Condition check resulted in Set Up Additional Binary Formats being skipped.
[    1.880585] systemd[1]: Condition check resulted in File System Check on Root Device being skipped.
[    1.891839] systemd[1]: Starting Load Kernel Modules...
[    1.893102] systemd[1]: Starting Remount Root and Kernel File Systems...
[    1.909050] systemd[1]: Starting udev Coldplug all Devices...
[    1.919845] systemd[1]: Starting Uncomplicated firewall...
[    1.921392] systemd[1]: Mounted Huge Pages File System.
[    1.921479] systemd[1]: Mounted POSIX Message Queue File System.
[    1.921554] systemd[1]: Mounted Kernel Debug File System.
[    1.921622] systemd[1]: Mounted Kernel Trace File System.
[    1.924213] EXT4-fs (sda2): re-mounted. Opts: errors=remount-ro
[    1.947541] systemd[1]: Finished Create list of static device nodes for the current kernel.
[    1.948558] systemd[1]: modprobe@drm.service: Succeeded.
[    1.964264] systemd[1]: Finished Load Kernel Module drm.
[    1.964688] systemd[1]: Finished Remount Root and Kernel File Systems.
[    1.965869] systemd[1]: Finished Uncomplicated firewall.
[    1.981454] systemd[1]: Condition check resulted in Rebuild Hardware Database being skipped.
[    1.981490] systemd[1]: Condition check resulted in Platform Persistent Storage Archival being skipped.
[    1.982168] systemd[1]: Starting Load/Save Random Seed...
[    1.984022] lp: driver loaded but no devices found
[    1.990505] systemd[1]: Starting Create System Users...
[    1.999963] systemd[1]: Finished Load/Save Random Seed.
[    2.001131] ppdev: user-space parallel port driver
[    2.007162] systemd[1]: Finished Create System Users.
[    2.008005] systemd[1]: Starting Create Static Device Nodes in /dev...
[    2.043200] systemd[1]: Finished Create Static Device Nodes in /dev.
[    2.043972] systemd[1]: Starting udev Kernel Device Manager...
[    2.073394] systemd[1]: Finished udev Coldplug all Devices.
[    2.083998] [drm] DMA map mode: Caching DMA mappings.
[    2.084061] [drm] Capabilities:
[    2.084061] [drm]   Rect copy.
[    2.084061] [drm]   Cursor.
[    2.084062] [drm]   Cursor bypass.
[    2.084062] [drm]   Cursor bypass 2.
[    2.084062] [drm]   Alpha cursor.
[    2.084063] [drm]   Extended Fifo.
[    2.084063] [drm]   Pitchlock.
[    2.084063] [drm]   Irq mask.
[    2.084064] [drm]   GMR.
[    2.084064] [drm]   Traces.
[    2.084064] [drm]   GMR2.
[    2.084065] [drm]   Screen Object 2.
[    2.084065] [drm]   Command Buffers.
[    2.084065] [drm]   Command Buffers 2.
[    2.084066] [drm]   Guest Backed Resources.
[    2.084067] [drm] Max GMR ids is 8192
[    2.084067] [drm] Max number of GMR pages is 1048576
[    2.084068] [drm] Max dedicated hypervisor surface memory is 393216 kiB
[    2.084068] [drm] Maximum display memory size is 131072 kiB
[    2.084069] [drm] VRAM at 0xe0000000 size is 131072 kiB
[    2.084070] [drm] MMIO at 0xf0000000 size is 2048 kiB
[    2.084692] [TTM] Zone  kernel: Available graphics memory: 1011736 KiB
[    2.084692] [TTM] Initializing pool allocator
[    2.084696] [TTM] Initializing DMA pool allocator
[    2.084729] [drm] Supports vblank timestamp caching Rev 2 (21.10.2013).
[    2.084730] [drm] No driver support for vblank timestamp query.
[    2.085191] [drm] Screen Target Display device initialized
[    2.085419] [drm] width 720
[    2.085427] [drm] height 400
[    2.085430] [drm] bpp 32
[    2.085978] [drm] Fifo max 0x00200000 min 0x00001000 cap 0x00000355
[    2.087207] [drm] Using command buffers with DMA pool.
[    2.087817] [drm] DX: no.
[    2.087818] [drm] Atomic: yes.
[    2.087818] [drm] SM4_1: no.
[    2.087859] [drm:vmw_host_log [vmwgfx]] *ERROR* Failed to send host log message.
[    2.088860] [drm:vmw_host_log [vmwgfx]] *ERROR* Failed to send host log message.
[    2.113064] fbcon: svgadrmfb (fb0) is primary device
[    2.115746] Console: switching to colour frame buffer device 100x37
[    2.124985] [drm] Initialized vmwgfx 2.15.0 20180704 for 0000:00:02.0 on minor 0
[    2.128167] systemd[1]: Finished Load Kernel Modules.
[    2.129077] systemd[1]: Mounting FUSE Control File System...
[    2.130241] systemd[1]: Mounting Kernel Configuration File System...
[    2.135016] systemd[1]: Starting Apply Kernel Variables...
[    2.144410] systemd[1]: Mounted FUSE Control File System.
[    2.144486] systemd[1]: Condition check resulted in VMware vmblock fuse mount being skipped.
[    2.152052] systemd[1]: Mounted Kernel Configuration File System.
[    2.179444] systemd[1]: Finished Set the console keyboard layout.
[    2.179546] systemd[1]: Reached target Local File Systems (Pre).
[    2.181966] systemd[1]: Mounting Mount unit for bare, revision 5...
[    2.184015] systemd[1]: Mounting Mount unit for core18, revision 1705...
[    2.192379] systemd[1]: Mounting Mount unit for core22, revision 2193...
[    2.199189] systemd[1]: Mounting Mount unit for gnome-3-34-1804, revision 24...
[    2.211411] systemd[1]: Mounting Mount unit for gnome-42-2204, revision 226...
[    2.216643] systemd[1]: Mounting Mount unit for gtk-common-themes, revision 1506...
[    2.224174] systemd[1]: Mounting Mount unit for gtk-common-themes, revision 1535...
[    2.239158] systemd[1]: Mounting Mount unit for snap-store, revision 1216...
[    2.250298] systemd[1]: Mounting Mount unit for snap-store, revision 433...
[    2.254143] systemd[1]: Mounting Mount unit for snapd, revision 25577...
[    2.268289] systemd[1]: Started udev Kernel Device Manager.
[    2.285925] systemd[1]: Finished Apply Kernel Variables.
[    2.286063] systemd[1]: Mounted Mount unit for bare, revision 5.
[    2.286148] systemd[1]: Mounted Mount unit for core18, revision 1705.
[    2.286224] systemd[1]: Mounted Mount unit for core22, revision 2193.
[    2.286297] systemd[1]: Mounted Mount unit for gnome-3-34-1804, revision 24.
[    2.288928] systemd[1]: Starting Show Plymouth Boot Screen...
[    2.293712] systemd[1]: Received SIGRTMIN+20 from PID 287 (plymouthd).
[    2.314872] systemd[1]: Started Show Plymouth Boot Screen.
[    2.315018] systemd[1]: Condition check resulted in Dispatch Password Requests to Console Directory Watch being skipped.
[    2.315100] systemd[1]: Started Forward Password Requests to Plymouth Directory Watch.
[    2.315131] systemd[1]: Reached target Local Encrypted Volumes.
[    2.334602] systemd[1]: Mounted Mount unit for gtk-common-themes, revision 1506.
[    2.421079] systemd[1]: Mounted Mount unit for gtk-common-themes, revision 1535.
[    2.421376] systemd[1]: Mounted Mount unit for snap-store, revision 433.
[    2.453954] systemd[1]: Mounted Mount unit for snap-store, revision 1216.
[    2.500028] systemd[1]: Mounted Mount unit for snapd, revision 25577.
[    2.533587] systemd[1]: Mounted Mount unit for gnome-42-2204, revision 226.
[    2.533850] systemd[1]: Reached target Local File Systems.
[    2.534748] systemd[1]: Starting Load AppArmor profiles...
[    2.537640] systemd[1]: Starting Set console font and keymap...
[    2.540628] systemd[1]: Starting Tell Plymouth To Write Out Runtime Data...
[    2.541993] systemd[1]: Condition check resulted in Store a System Token in an EFI Variable being skipped.
[    2.542049] systemd[1]: Condition check resulted in Commit a transient machine-id on disk being skipped.
[    2.552273] systemd[1]: Finished Set console font and keymap.
[    2.570708] systemd[1]: Received SIGRTMIN+20 from PID 287 (plymouthd).
[    2.571668] systemd[1]: plymouth-read-write.service: Succeeded.
[    2.571923] systemd[1]: Finished Tell Plymouth To Write Out Runtime Data.
[    2.596031] audit: type=1400 audit(1768036913.448:2): apparmor="STATUS" operation="profile_load" profile="unconfined" name="nvidia_modprobe" pid=309 comm="apparmor_parser"
[    2.596034] audit: type=1400 audit(1768036913.448:3): apparmor="STATUS" operation="profile_load" profile="unconfined" name="nvidia_modprobe//kmod" pid=309 comm="apparmor_parser"
[    2.618914] audit: type=1400 audit(1768036913.472:4): apparmor="STATUS" operation="profile_load" profile="unconfined" name="/usr/sbin/tcpdump" pid=310 comm="apparmor_parser"
[    2.645659] audit: type=1400 audit(1768036913.492:5): apparmor="STATUS" operation="profile_load" profile="unconfined" name="/usr/bin/evince" pid=312 comm="apparmor_parser"
[    2.645661] audit: type=1400 audit(1768036913.492:6): apparmor="STATUS" operation="profile_load" profile="unconfined" name="/usr/bin/evince//sanitized_helper" pid=312 comm="apparmor_parser"
[    2.645663] audit: type=1400 audit(1768036913.492:7): apparmor="STATUS" operation="profile_load" profile="unconfined" name="/usr/bin/evince-previewer" pid=312 comm="apparmor_parser"
[    2.645665] audit: type=1400 audit(1768036913.492:8): apparmor="STATUS" operation="profile_load" profile="unconfined" name="/usr/bin/evince-previewer//sanitized_helper" pid=312 comm="apparmor_parser"
[    2.645666] audit: type=1400 audit(1768036913.492:9): apparmor="STATUS" operation="profile_load" profile="unconfined" name="/usr/bin/evince-thumbnailer" pid=312 comm="apparmor_parser"
[    2.677929] audit: type=1400 audit(1768036913.532:10): apparmor="STATUS" operation="profile_load" profile="unconfined" name="/usr/lib/cups/backend/cups-pdf" pid=313 comm="apparmor_parser"
[    2.752884] systemd[1]: Finished Load AppArmor profiles.
[    2.753800] systemd[1]: Starting Load AppArmor profiles managed internally by snapd...
[    2.866860] systemd[1]: Started Journal Service.
[    2.876028] systemd-journald[229]: Received client request to flush runtime journal.
[    2.880103] systemd-journald[229]: File /var/log/journal/c455b248004a419c87ce85eea238d727/system.journal corrupted or uncleanly shut down, renaming and replacing.
[    4.203466] RAPL PMU: API unit is 2^-32 Joules, 0 fixed counters, 10737418240 ms ovfl timer
[    4.220881] cryptd: max_cpu_qlen set to 1000
[    4.273611] AVX2 version of gcm_enc/dec engaged.
[    4.273612] AES CTR mode by8 optimization enabled
[    6.213449] Adding 1998844k swap on /dev/sda1.  Priority:-2 extents:1 across:1998844k FS
[    6.847081] AAAAA: Error looking up destination IP: 369098976 - net/ipv4/ip_output.c: 285: dac_mps_nexthops
[    7.037812] AAAAA: Error looking up destination IP: 4211081440 - net/ipv4/ip_output.c: 285: dac_mps_nexthops
[    7.289359] AAAAA: Error looking up destination IP: 4211081440 - net/ipv4/ip_output.c: 285: dac_mps_nexthops
[    7.449657] AAAAA: Error looking up destination IP: 369098976 - net/ipv4/ip_output.c: 285: dac_mps_nexthops
[    7.462082] kauditd_printk_skb: 31 callbacks suppressed
[    7.462083] audit: type=1400 audit(1768036918.316:42): apparmor="DENIED" operation="capable" profile="/usr/sbin/cups-browsed" pid=577 comm="cups-browsed" capability=23  capname="sys_nice"
[    7.556324] AAAAA: Error looking up destination IP: 4211081440 - net/ipv4/ip_output.c: 285: dac_mps_nexthops
[    7.563325] AAAAA: Error looking up destination IP: 4211081440 - net/ipv4/ip_output.c: 285: dac_mps_nexthops
[    7.752720] AAAAA: Error looking up destination IP: 4211081440 - net/ipv4/ip_output.c: 285: dac_mps_nexthops
[    8.578352] AAAAA: Error looking up destination IP: 4211081440 - net/ipv4/ip_output.c: 285: dac_mps_nexthops
[    8.626790] pcnet32 0000:00:03.0 enp0s3: link up, 100Mbps, full-duplex
[    8.653428] pcnet32 0000:00:08.0 enp0s8: link up, 100Mbps, full-duplex
[    8.691439] e1000: enp0s9 NIC Link is Up 1000 Mbps Full Duplex, Flow Control: RX
[    8.691755] IPv6: ADDRCONF(NETDEV_CHANGE): enp0s9: link becomes ready
[    9.254062] device enp0s8 entered promiscuous mode
[    9.287503] device enp0s3 entered promiscuous mode
[    9.305628] audit: type=1400 audit(1768036920.160:43): apparmor="DENIED" operation="open" profile="/usr/sbin/tcpdump" name="/proc/sys/kernel/random/boot_id" pid=708 comm="tcpdump" requested_mask="r" denied_mask="r" fsuid=0 ouid=0
[    9.305797] audit: type=1400 audit(1768036920.160:44): apparmor="DENIED" operation="open" profile="/usr/sbin/tcpdump" name="/proc/sys/kernel/random/boot_id" pid=708 comm="tcpdump" requested_mask="r" denied_mask="r" fsuid=0 ouid=0
[    9.305836] audit: type=1400 audit(1768036920.160:45): apparmor="DENIED" operation="open" profile="/usr/sbin/tcpdump" name="/proc/sys/kernel/random/boot_id" pid=708 comm="tcpdump" requested_mask="r" denied_mask="r" fsuid=0 ouid=0
[    9.306100] audit: type=1400 audit(1768036920.160:46): apparmor="DENIED" operation="open" profile="/usr/sbin/tcpdump" name="/proc/sys/kernel/random/boot_id" pid=708 comm="tcpdump" requested_mask="r" denied_mask="r" fsuid=0 ouid=0
[    9.310341] audit: type=1400 audit(1768036920.160:47): apparmor="DENIED" operation="open" profile="/usr/sbin/tcpdump" name="/proc/sys/kernel/random/boot_id" pid=707 comm="tcpdump" requested_mask="r" denied_mask="r" fsuid=0 ouid=0
[    9.310901] audit: type=1400 audit(1768036920.160:48): apparmor="DENIED" operation="open" profile="/usr/sbin/tcpdump" name="/proc/sys/kernel/random/boot_id" pid=707 comm="tcpdump" requested_mask="r" denied_mask="r" fsuid=0 ouid=0
[    9.310940] audit: type=1400 audit(1768036920.160:49): apparmor="DENIED" operation="open" profile="/usr/sbin/tcpdump" name="/proc/sys/kernel/random/boot_id" pid=707 comm="tcpdump" requested_mask="r" denied_mask="r" fsuid=0 ouid=0
[    9.310991] audit: type=1400 audit(1768036920.160:50): apparmor="DENIED" operation="open" profile="/usr/sbin/tcpdump" name="/proc/sys/kernel/random/boot_id" pid=707 comm="tcpdump" requested_mask="r" denied_mask="r" fsuid=0 ouid=0
[    9.323837] audit: type=1400 audit(1768036920.172:51): apparmor="DENIED" operation="open" profile="/usr/sbin/tcpdump" name="/proc/sys/kernel/random/boot_id" pid=710 comm="tcpdump" requested_mask="r" denied_mask="r" fsuid=0 ouid=0
[   15.353760] rfkill: input handler disabled
[  290.018497] AAAAA-TCP_FORW: name:enp0s8: saddr:100932208: daddr:16783984
[  290.343308] AAAAA-TCP_FORW: name:enp0s8: saddr:100932208: daddr:16783984
[  290.425339] AAAAA-TCP_FORW: name:enp0s8: saddr:100932208: daddr:16783984
[  290.818200] AAAAA-TCP_FORW: name:enp0s8: saddr:100932208: daddr:33561200
[  290.818987] AAAAA-TCP_FORW: name:enp0s3: saddr:33561200: daddr:100932208
[  290.909201] AAAAA-TCP_FORW: name:enp0s8: saddr:100932208: daddr:16783984
[  290.962728] AAAAA-TCP_FORW: name:enp0s8: saddr:100932208: daddr:16783984
[  290.963668] AAAAA-TCP_FORW: name:enp0s3: saddr:16783984: daddr:100932208
[  291.330206] AAAAA-TCP_FORW: name:enp0s8: saddr:100932208: daddr:33561200
[  291.331192] AAAAA-TCP_FORW: name:enp0s3: saddr:33561200: daddr:100932208
[  291.428206] AAAAA-TCP_FORW: name:enp0s8: saddr:100932208: daddr:16783984
[  291.429077] AAAAA-TCP_FORW: name:enp0s3: saddr:16783984: daddr:100932208
[  291.429325] AAAAA-TCP_FORW: name:enp0s3: saddr:16783984: daddr:100932208
[  292.338748] AAAAA-TCP_FORW: name:enp0s3: saddr:16783984: daddr:100932208
[  292.586875] AAAAA-TCP_FORW: name:enp0s8: saddr:100932208: daddr:16783984
[  292.662700] AAAAA-TCP_FORW: name:enp0s8: saddr:100932208: daddr:16783984
[  292.663785] AAAAA-TCP_FORW: name:enp0s3: saddr:16783984: daddr:100932208
[  292.769563] AAAAA-TCP_FORW: name:enp0s8: saddr:100932208: daddr:16783984
[  292.837607] AAAAA-TCP_FORW: name:enp0s8: saddr:100932208: daddr:16783984
[  292.838538] AAAAA-TCP_FORW: name:enp0s3: saddr:16783984: daddr:100932208
[  292.921026] AAAAA-TCP_FORW: name:enp0s8: saddr:100932208: daddr:16783984
[  292.921964] AAAAA-TCP_FORW: name:enp0s3: saddr:16783984: daddr:100932208
[  292.923088] AAAAA-TCP_FORW: name:enp0s3: saddr:16783984: daddr:100932208
[  293.071741] AAAAA-TCP_FORW: name:enp0s8: saddr:100932208: daddr:33561200
[  293.072995] AAAAA-TCP_FORW: name:enp0s3: saddr:33561200: daddr:100932208
[  293.188800] AAAAA-TCP_FORW: name:enp0s8: saddr:100932208: daddr:16783984
[  293.189680] AAAAA-TCP_FORW: name:enp0s3: saddr:16783984: daddr:100932208
[  293.384012] AAAAA-TCP_FORW: name:enp0s8: saddr:100932208: daddr:33561200
[  293.384939] AAAAA-TCP_FORW: name:enp0s3: saddr:33561200: daddr:100932208
[  293.468564] AAAAA-TCP_FORW: name:enp0s8: saddr:100932208: daddr:16783984
[  293.527172] AAAAA-TCP_FORW: name:enp0s8: saddr:100932208: daddr:16783984
[  293.528317] AAAAA-TCP_FORW: name:enp0s3: saddr:16783984: daddr:100932208
[  293.611427] AAAAA-TCP_FORW: name:enp0s8: saddr:100932208: daddr:16783984
[  293.612664] AAAAA-TCP_FORW: name:enp0s3: saddr:16783984: daddr:100932208
[  293.719622] AAAAA-TCP_FORW: name:enp0s8: saddr:100932208: daddr:16783984
[  293.720770] AAAAA-TCP_FORW: name:enp0s3: saddr:16783984: daddr:100932208
[  294.045055] AAAAA-TCP_FORW: name:enp0s8: saddr:100932208: daddr:16783984
[  294.045737] AAAAA-TCP_FORW: name:enp0s3: saddr:16783984: daddr:100932208
[  294.120184] AAAAA-TCP_FORW: name:enp0s8: saddr:100932208: daddr:16783984
[  294.121378] AAAAA-TCP_FORW: name:enp0s3: saddr:16783984: daddr:100932208
[  294.179781] AAAAA-TCP_FORW: name:enp0s8: saddr:100932208: daddr:16783984
[  294.180545] AAAAA-TCP_FORW: name:enp0s3: saddr:16783984: daddr:100932208
[  294.427989] AAAAA-TCP_FORW: name:enp0s8: saddr:100932208: daddr:16783984
[  294.429049] AAAAA-TCP_FORW: name:enp0s3: saddr:16783984: daddr:100932208
[  294.513893] AAAAA-TCP_FORW: name:enp0s8: saddr:100932208: daddr:16783984
[  294.515228] AAAAA-TCP_FORW: name:enp0s3: saddr:16783984: daddr:100932208
[  294.595083] AAAAA-TCP_FORW: name:enp0s8: saddr:100932208: daddr:16783984
[  294.596356] AAAAA-TCP_FORW: name:enp0s3: saddr:16783984: daddr:100932208
[  294.664655] AAAAA-TCP_FORW: name:enp0s8: saddr:100932208: daddr:16783984
[  294.665428] AAAAA-TCP_FORW: name:enp0s3: saddr:16783984: daddr:100932208
[  294.870924] AAAAA-TCP_FORW: name:enp0s8: saddr:100932208: daddr:33561200
[  294.872118] AAAAA-TCP_FORW: name:enp0s3: saddr:33561200: daddr:100932208
[  294.933487] AAAAA-TCP_FORW: name:enp0s8: saddr:100932208: daddr:33561200
[  294.934208] AAAAA-TCP_FORW: name:enp0s3: saddr:33561200: daddr:100932208
[  294.997835] AAAAA-TCP_FORW: name:enp0s8: saddr:100932208: daddr:33561200
[  294.999106] AAAAA-TCP_FORW: name:enp0s3: saddr:33561200: daddr:100932208
[  295.114408] AAAAA-TCP_FORW: name:enp0s8: saddr:100932208: daddr:33561200
[  295.115597] AAAAA-TCP_FORW: name:enp0s3: saddr:33561200: daddr:100932208
[  295.234310] AAAAA-TCP_FORW: name:enp0s8: saddr:100932208: daddr:33561200
[  295.235068] AAAAA-TCP_FORW: name:enp0s3: saddr:33561200: daddr:100932208
[  295.388496] AAAAA-TCP_FORW: name:enp0s8: saddr:100932208: daddr:33561200
[  295.389569] AAAAA-TCP_FORW: name:enp0s3: saddr:33561200: daddr:100932208
[  295.517951] AAAAA-TCP_FORW: name:enp0s8: saddr:100932208: daddr:33561200
[  295.519287] AAAAA-TCP_FORW: name:enp0s3: saddr:33561200: daddr:100932208
[  295.598326] AAAAA-TCP_FORW: name:enp0s8: saddr:100932208: daddr:33561200
[  295.599564] AAAAA-TCP_FORW: name:enp0s3: saddr:33561200: daddr:100932208
[  295.644458] AAAAA-TCP_FORW: name:enp0s8: saddr:100932208: daddr:33561200
[  295.645217] AAAAA-TCP_FORW: name:enp0s3: saddr:33561200: daddr:100932208
[  295.812073] AAAAA-TCP_FORW: name:enp0s8: saddr:100932208: daddr:33561200
[  295.813349] AAAAA-TCP_FORW: name:enp0s3: saddr:33561200: daddr:100932208
[  295.970663] AAAAA-TCP_FORW: name:enp0s8: saddr:100932208: daddr:16783984
[  295.971916] AAAAA-TCP_FORW: name:enp0s3: saddr:16783984: daddr:100932208
[  296.060723] AAAAA-TCP_FORW: name:enp0s8: saddr:100932208: daddr:16783984
[  296.061913] AAAAA-TCP_FORW: name:enp0s3: saddr:16783984: daddr:100932208
[  296.187825] AAAAA-TCP_FORW: name:enp0s8: saddr:100932208: daddr:33561200
[  296.188965] AAAAA-TCP_FORW: name:enp0s3: saddr:33561200: daddr:100932208
[  296.253515] AAAAA-TCP_FORW: name:enp0s8: saddr:100932208: daddr:16783984
[  296.254696] AAAAA-TCP_FORW: name:enp0s3: saddr:16783984: daddr:100932208
[  296.311571] AAAAA-TCP_FORW: name:enp0s8: saddr:100932208: daddr:16783984
[  296.312327] AAAAA-TCP_FORW: name:enp0s3: saddr:16783984: daddr:100932208
[  296.379720] AAAAA-TCP_FORW: name:enp0s8: saddr:100932208: daddr:16783984
[  296.380470] AAAAA-TCP_FORW: name:enp0s3: saddr:16783984: daddr:100932208
[  296.431293] AAAAA-TCP_FORW: name:enp0s8: saddr:100932208: daddr:16783984
[  296.432436] AAAAA-TCP_FORW: name:enp0s3: saddr:16783984: daddr:100932208
[  296.787154] AAAAA-TCP_FORW: name:enp0s8: saddr:100932208: daddr:16783984
[  296.788516] AAAAA-TCP_FORW: name:enp0s3: saddr:16783984: daddr:100932208
[  296.878026] AAAAA-TCP_FORW: name:enp0s8: saddr:100932208: daddr:16783984
[  296.879502] AAAAA-TCP_FORW: name:enp0s3: saddr:16783984: daddr:100932208
[  297.046868] AAAAA-TCP_FORW: name:enp0s8: saddr:100932208: daddr:16783984
[  297.048244] AAAAA-TCP_FORW: name:enp0s3: saddr:16783984: daddr:100932208
[  297.145992] AAAAA-TCP_FORW: name:enp0s8: saddr:100932208: daddr:16783984
[  297.147068] AAAAA-TCP_FORW: name:enp0s3: saddr:16783984: daddr:100932208
[  297.191850] AAAAA-TCP_FORW: name:enp0s8: saddr:100932208: daddr:16783984
[  297.192617] AAAAA-TCP_FORW: name:enp0s3: saddr:16783984: daddr:100932208
[  297.273000] AAAAA-TCP_FORW: name:enp0s8: saddr:100932208: daddr:16783984
[  297.273761] AAAAA-TCP_FORW: name:enp0s3: saddr:16783984: daddr:100932208
[  297.366712] AAAAA-TCP_FORW: name:enp0s8: saddr:100932208: daddr:33561200
[  297.367990] AAAAA-TCP_FORW: name:enp0s3: saddr:33561200: daddr:100932208
[  297.562676] AAAAA-TCP_FORW: name:enp0s8: saddr:100932208: daddr:16783984
[  297.563904] AAAAA-TCP_FORW: name:enp0s3: saddr:16783984: daddr:100932208
[  297.632507] AAAAA-TCP_FORW: name:enp0s8: saddr:100932208: daddr:16783984
[  297.633738] AAAAA-TCP_FORW: name:enp0s3: saddr:16783984: daddr:100932208
[  297.724832] AAAAA-TCP_FORW: name:enp0s8: saddr:100932208: daddr:16783984
[  297.726067] AAAAA-TCP_FORW: name:enp0s3: saddr:16783984: daddr:100932208
[  297.834657] AAAAA-TCP_FORW: name:enp0s8: saddr:100932208: daddr:16783984
[  297.835857] AAAAA-TCP_FORW: name:enp0s3: saddr:16783984: daddr:100932208
[  297.953816] AAAAA-TCP_FORW: name:enp0s8: saddr:100932208: daddr:16783984
[  297.991709] AAAAA-TCP_FORW: name:enp0s8: saddr:100932208: daddr:16783984
[  297.992779] AAAAA-TCP_FORW: name:enp0s3: saddr:16783984: daddr:100932208
[  298.049758] AAAAA-TCP_FORW: name:enp0s8: saddr:100932208: daddr:16783984
[  298.081226] AAAAA-TCP_FORW: name:enp0s8: saddr:100932208: daddr:16783984
[  298.082486] AAAAA-TCP_FORW: name:enp0s3: saddr:16783984: daddr:100932208
[  298.231876] AAAAA-TCP_FORW: name:enp0s8: saddr:100932208: daddr:33561200
[  298.233316] AAAAA-TCP_FORW: name:enp0s3: saddr:33561200: daddr:100932208
[  298.421709] AAAAA-TCP_FORW: name:enp0s8: saddr:100932208: daddr:33561200
[  298.422915] AAAAA-TCP_FORW: name:enp0s3: saddr:33561200: daddr:100932208
[  298.473977] AAAAA-TCP_FORW: name:enp0s8: saddr:100932208: daddr:33561200
[  298.475111] AAAAA-TCP_FORW: name:enp0s3: saddr:33561200: daddr:100932208
[  298.553885] AAAAA-TCP_FORW: name:enp0s8: saddr:100932208: daddr:33561200
[  298.555349] AAAAA-TCP_FORW: name:enp0s3: saddr:33561200: daddr:100932208
[  298.596313] AAAAA-TCP_FORW: name:enp0s8: saddr:100932208: daddr:33561200
[  298.597726] AAAAA-TCP_FORW: name:enp0s3: saddr:33561200: daddr:100932208
[  298.683669] AAAAA-TCP_FORW: name:enp0s8: saddr:100932208: daddr:33561200
[  298.684930] AAAAA-TCP_FORW: name:enp0s3: saddr:33561200: daddr:100932208
[  298.746570] AAAAA-TCP_FORW: name:enp0s8: saddr:100932208: daddr:33561200
[  298.747733] AAAAA-TCP_FORW: name:enp0s3: saddr:33561200: daddr:100932208
[  298.813636] AAAAA-TCP_FORW: name:enp0s8: saddr:100932208: daddr:33561200
[  298.814925] AAAAA-TCP_FORW: name:enp0s3: saddr:33561200: daddr:100932208
[  298.916408] AAAAA-TCP_FORW: name:enp0s8: saddr:100932208: daddr:33561200
[  298.917710] AAAAA-TCP_FORW: name:enp0s3: saddr:33561200: daddr:100932208
[  298.963763] AAAAA-TCP_FORW: name:enp0s8: saddr:100932208: daddr:33561200
[  298.964825] AAAAA-TCP_FORW: name:enp0s3: saddr:33561200: daddr:100932208
[  299.072546] AAAAA-TCP_FORW: name:enp0s8: saddr:100932208: daddr:33561200
[  299.073265] AAAAA-TCP_FORW: name:enp0s3: saddr:33561200: daddr:100932208
[  299.148683] AAAAA-TCP_FORW: name:enp0s8: saddr:100932208: daddr:33561200
[  299.149433] AAAAA-TCP_FORW: name:enp0s3: saddr:33561200: daddr:100932208
[  299.199832] AAAAA-TCP_FORW: name:enp0s8: saddr:100932208: daddr:33561200
[  299.201047] AAAAA-TCP_FORW: name:enp0s3: saddr:33561200: daddr:100932208
[  299.350744] AAAAA-TCP_FORW: name:enp0s8: saddr:100932208: daddr:33561200
[  299.351496] AAAAA-TCP_FORW: name:enp0s3: saddr:33561200: daddr:100932208
[  299.398026] AAAAA-TCP_FORW: name:enp0s8: saddr:100932208: daddr:33561200
[  299.399225] AAAAA-TCP_FORW: name:enp0s3: saddr:33561200: daddr:100932208
[  299.475906] AAAAA-TCP_FORW: name:enp0s8: saddr:100932208: daddr:33561200
[  299.477081] AAAAA-TCP_FORW: name:enp0s3: saddr:33561200: daddr:100932208
[  299.554362] AAAAA-TCP_FORW: name:enp0s8: saddr:100932208: daddr:33561200
[  299.598822] AAAAA-TCP_FORW: name:enp0s3: saddr:33561200: daddr:100932208
[  299.615231] AAAAA-TCP_FORW: name:enp0s8: saddr:100932208: daddr:33561200
[  299.678518] AAAAA-TCP_FORW: name:enp0s8: saddr:100932208: daddr:33561200
[  299.679272] AAAAA-TCP_FORW: name:enp0s3: saddr:33561200: daddr:100932208
[  299.761418] AAAAA-TCP_FORW: name:enp0s8: saddr:100932208: daddr:33561200
[  299.804490] AAAAA-TCP_FORW: name:enp0s8: saddr:100932208: daddr:16783984
[  299.805685] AAAAA-TCP_FORW: name:enp0s3: saddr:16783984: daddr:100932208
[  299.854291] AAAAA-TCP_FORW: name:enp0s8: saddr:100932208: daddr:16783984
[  299.855534] AAAAA-TCP_FORW: name:enp0s3: saddr:16783984: daddr:100932208
[  299.898852] AAAAA-TCP_FORW: name:enp0s3: saddr:33561200: daddr:100932208
[  299.958899] AAAAA-TCP_FORW: name:enp0s8: saddr:100932208: daddr:16783984
[  299.959978] AAAAA-TCP_FORW: name:enp0s3: saddr:16783984: daddr:100932208
[  300.037281] AAAAA-TCP_FORW: name:enp0s8: saddr:100932208: daddr:16783984
[  300.038502] AAAAA-TCP_FORW: name:enp0s3: saddr:16783984: daddr:100932208
[  300.110077] AAAAA-TCP_FORW: name:enp0s8: saddr:100932208: daddr:16783984
[  300.110802] AAAAA-TCP_FORW: name:enp0s3: saddr:16783984: daddr:100932208
[  300.183583] AAAAA-TCP_FORW: name:enp0s8: saddr:100932208: daddr:16783984
[  300.184778] AAAAA-TCP_FORW: name:enp0s3: saddr:16783984: daddr:100932208
[  300.217601] AAAAA-TCP_FORW: name:enp0s8: saddr:100932208: daddr:16783984
[  300.218726] AAAAA-TCP_FORW: name:enp0s3: saddr:16783984: daddr:100932208
[  300.293962] AAAAA-TCP_FORW: name:enp0s8: saddr:100932208: daddr:16783984
[  300.294990] AAAAA-TCP_FORW: name:enp0s3: saddr:16783984: daddr:100932208
[  300.417785] AAAAA-TCP_FORW: name:enp0s8: saddr:100932208: daddr:16783984
[  300.418865] AAAAA-TCP_FORW: name:enp0s3: saddr:16783984: daddr:100932208
[  300.494328] AAAAA-TCP_FORW: name:enp0s8: saddr:100932208: daddr:16783984
[  300.495454] AAAAA-TCP_FORW: name:enp0s3: saddr:16783984: daddr:100932208
[  300.616370] AAAAA-TCP_FORW: name:enp0s8: saddr:100932208: daddr:16783984
[  300.617257] AAAAA-TCP_FORW: name:enp0s3: saddr:16783984: daddr:100932208
[  300.758484] AAAAA-TCP_FORW: name:enp0s8: saddr:100932208: daddr:16783984
[  300.759289] AAAAA-TCP_FORW: name:enp0s3: saddr:16783984: daddr:100932208
[  300.931744] AAAAA-TCP_FORW: name:enp0s8: saddr:100932208: daddr:16783984
[  300.933242] AAAAA-TCP_FORW: name:enp0s3: saddr:16783984: daddr:100932208
[  301.046054] AAAAA-TCP_FORW: name:enp0s8: saddr:100932208: daddr:16783984
[  301.047059] AAAAA-TCP_FORW: name:enp0s3: saddr:16783984: daddr:100932208
[  301.153137] AAAAA-TCP_FORW: name:enp0s8: saddr:100932208: daddr:16783984
[  301.154315] AAAAA-TCP_FORW: name:enp0s3: saddr:16783984: daddr:100932208
[  301.294206] AAAAA-TCP_FORW: name:enp0s8: saddr:100932208: daddr:16783984
[  301.295543] AAAAA-TCP_FORW: name:enp0s3: saddr:16783984: daddr:100932208
[  301.523675] AAAAA-TCP_FORW: name:enp0s8: saddr:100932208: daddr:16783984
[  301.567317] AAAAA-TCP_FORW: name:enp0s3: saddr:16783984: daddr:100932208
[  301.618168] AAAAA-TCP_FORW: name:enp0s8: saddr:100932208: daddr:16783984
[  301.686961] AAAAA-TCP_FORW: name:enp0s8: saddr:100932208: daddr:16783984
[  301.687932] AAAAA-TCP_FORW: name:enp0s3: saddr:16783984: daddr:100932208
[  301.813687] AAAAA-TCP_FORW: name:enp0s8: saddr:100932208: daddr:16783984
[  301.918521] AAAAA-TCP_FORW: name:enp0s8: saddr:100932208: daddr:16783984
[  301.919500] AAAAA-TCP_FORW: name:enp0s3: saddr:16783984: daddr:100932208
[  302.022454] AAAAA-TCP_FORW: name:enp0s8: saddr:100932208: daddr:16783984
[  302.140211] AAAAA-TCP_FORW: name:enp0s8: saddr:100932208: daddr:16783984
[  302.141758] AAAAA-TCP_FORW: name:enp0s3: saddr:16783984: daddr:100932208
[  302.234888] AAAAA-TCP_FORW: name:enp0s8: saddr:100932208: daddr:16783984
[  302.275345] AAAAA-TCP_FORW: name:enp0s8: saddr:100932208: daddr:16783984
[  302.276119] AAAAA-TCP_FORW: name:enp0s3: saddr:16783984: daddr:100932208
[  302.386002] AAAAA-TCP_FORW: name:enp0s8: saddr:100932208: daddr:33561200
[  302.387202] AAAAA-TCP_FORW: name:enp0s3: saddr:33561200: daddr:100932208
[  302.439291] AAAAA-TCP_FORW: name:enp0s8: saddr:100932208: daddr:33561200
[  302.440610] AAAAA-TCP_FORW: name:enp0s3: saddr:33561200: daddr:100932208
[  302.497295] AAAAA-TCP_FORW: name:enp0s8: saddr:100932208: daddr:33561200
[  302.498722] AAAAA-TCP_FORW: name:enp0s3: saddr:33561200: daddr:100932208
[  302.571076] AAAAA-TCP_FORW: name:enp0s8: saddr:100932208: daddr:33561200
[  302.572624] AAAAA-TCP_FORW: name:enp0s3: saddr:33561200: daddr:100932208
[  302.661860] AAAAA-TCP_FORW: name:enp0s8: saddr:100932208: daddr:33561200
[  302.663170] AAAAA-TCP_FORW: name:enp0s3: saddr:33561200: daddr:100932208
[  302.756021] AAAAA-TCP_FORW: name:enp0s8: saddr:100932208: daddr:33561200
[  302.757649] AAAAA-TCP_FORW: name:enp0s3: saddr:33561200: daddr:100932208
[  302.801450] AAAAA-TCP_FORW: name:enp0s8: saddr:100932208: daddr:33561200
[  302.803041] AAAAA-TCP_FORW: name:enp0s3: saddr:33561200: daddr:100932208
[  302.879783] AAAAA-TCP_FORW: name:enp0s8: saddr:100932208: daddr:33561200
[  302.880997] AAAAA-TCP_FORW: name:enp0s3: saddr:33561200: daddr:100932208
[  302.979229] AAAAA-TCP_FORW: name:enp0s8: saddr:100932208: daddr:33561200
[  302.980713] AAAAA-TCP_FORW: name:enp0s3: saddr:33561200: daddr:100932208
[  303.036154] AAAAA-TCP_FORW: name:enp0s8: saddr:100932208: daddr:33561200
[  303.036893] AAAAA-TCP_FORW: name:enp0s3: saddr:33561200: daddr:100932208
[  303.098145] AAAAA-TCP_FORW: name:enp0s8: saddr:100932208: daddr:33561200
[  303.099384] AAAAA-TCP_FORW: name:enp0s3: saddr:33561200: daddr:100932208
[  303.154631] AAAAA-TCP_FORW: name:enp0s8: saddr:100932208: daddr:33561200
[  303.155421] AAAAA-TCP_FORW: name:enp0s3: saddr:33561200: daddr:100932208
[  303.223303] AAAAA-TCP_FORW: name:enp0s8: saddr:100932208: daddr:33561200
[  303.224613] AAAAA-TCP_FORW: name:enp0s3: saddr:33561200: daddr:100932208
[  303.296249] AAAAA-TCP_FORW: name:enp0s8: saddr:100932208: daddr:33561200
[  303.297027] AAAAA-TCP_FORW: name:enp0s3: saddr:33561200: daddr:100932208
[  303.996401] AAAAA-TCP_FORW: name:enp0s8: saddr:100932208: daddr:33561200
[  303.997744] AAAAA-TCP_FORW: name:enp0s3: saddr:33561200: daddr:100932208
[  304.065851] AAAAA-TCP_FORW: name:enp0s8: saddr:100932208: daddr:33561200
[  304.067129] AAAAA-TCP_FORW: name:enp0s3: saddr:33561200: daddr:100932208
[  304.112384] AAAAA-TCP_FORW: name:enp0s8: saddr:100932208: daddr:33561200
[  304.113715] AAAAA-TCP_FORW: name:enp0s3: saddr:33561200: daddr:100932208
[  326.256929] AAAAA-TCP_FORW: name:enp0s8: saddr:100932208: daddr:33561200
[  326.258314] AAAAA-TCP_FORW: name:enp0s3: saddr:33561200: daddr:100932208
[  326.542444] AAAAA-TCP_FORW: name:enp0s8: saddr:100932208: daddr:33561200
[  326.543389] AAAAA-TCP_FORW: name:enp0s3: saddr:33561200: daddr:100932208
[  326.589169] AAAAA-TCP_FORW: name:enp0s8: saddr:100932208: daddr:33561200
[  326.590615] AAAAA-TCP_FORW: name:enp0s3: saddr:33561200: daddr:100932208
[  326.965145] AAAAA-TCP_FORW: name:enp0s8: saddr:100932208: daddr:33561200
[  326.966049] AAAAA-TCP_FORW: name:enp0s3: saddr:33561200: daddr:100932208
[  327.095280] AAAAA-TCP_FORW: name:enp0s8: saddr:100932208: daddr:33561200
[  327.096133] AAAAA-TCP_FORW: name:enp0s3: saddr:33561200: daddr:100932208
[  327.144975] AAAAA-TCP_FORW: name:enp0s8: saddr:100932208: daddr:33561200
[  327.145955] AAAAA-TCP_FORW: name:enp0s3: saddr:33561200: daddr:100932208
[  327.221267] AAAAA-TCP_FORW: name:enp0s8: saddr:100932208: daddr:33561200
[  327.222146] AAAAA-TCP_FORW: name:enp0s3: saddr:33561200: daddr:100932208
[  327.258240] AAAAA-TCP_FORW: name:enp0s8: saddr:100932208: daddr:33561200
[  327.259227] AAAAA-TCP_FORW: name:enp0s3: saddr:33561200: daddr:100932208
[  327.412501] AAAAA-TCP_FORW: name:enp0s8: saddr:100932208: daddr:33561200
[  327.413412] AAAAA-TCP_FORW: name:enp0s3: saddr:33561200: daddr:100932208
[  327.575490] AAAAA-TCP_FORW: name:enp0s8: saddr:100932208: daddr:33561200
[  327.576376] AAAAA-TCP_FORW: name:enp0s3: saddr:33561200: daddr:100932208
[  327.912234] AAAAA-TCP_FORW: name:enp0s8: saddr:100932208: daddr:33561200
[  327.913169] AAAAA-TCP_FORW: name:enp0s3: saddr:33561200: daddr:100932208
[  328.060592] AAAAA-TCP_FORW: name:enp0s8: saddr:100932208: daddr:33561200
[  328.061950] AAAAA-TCP_FORW: name:enp0s3: saddr:33561200: daddr:100932208
[  328.136490] AAAAA-TCP_FORW: name:enp0s8: saddr:100932208: daddr:33561200
[  328.137419] AAAAA-TCP_FORW: name:enp0s3: saddr:33561200: daddr:100932208
[  328.235239] AAAAA-TCP_FORW: name:enp0s8: saddr:100932208: daddr:33561200
[  328.236606] AAAAA-TCP_FORW: name:enp0s3: saddr:33561200: daddr:100932208
[  328.273919] AAAAA-TCP_FORW: name:enp0s8: saddr:100932208: daddr:33561200
[  328.274785] AAAAA-TCP_FORW: name:enp0s3: saddr:33561200: daddr:100932208
[  328.346770] AAAAA-TCP_FORW: name:enp0s8: saddr:100932208: daddr:33561200
[  328.347922] AAAAA-TCP_FORW: name:enp0s3: saddr:33561200: daddr:100932208
[  328.438209] AAAAA-TCP_FORW: name:enp0s8: saddr:100932208: daddr:33561200
[  328.482970] AAAAA-TCP_FORW: name:enp0s3: saddr:33561200: daddr:100932208
[  328.514357] AAAAA-TCP_FORW: name:enp0s8: saddr:100932208: daddr:16783984
[  328.515829] AAAAA-TCP_FORW: name:enp0s3: saddr:16783984: daddr:100932208
[  328.668221] AAAAA-TCP_FORW: name:enp0s8: saddr:100932208: daddr:16783984
[  328.669583] AAAAA-TCP_FORW: name:enp0s3: saddr:16783984: daddr:100932208
[  329.059867] AAAAA-TCP_FORW: name:enp0s8: saddr:100932208: daddr:16783984
[  329.060759] AAAAA-TCP_FORW: name:enp0s3: saddr:16783984: daddr:100932208
[  329.249402] AAAAA-TCP_FORW: name:enp0s8: saddr:100932208: daddr:16783984
[  329.250966] AAAAA-TCP_FORW: name:enp0s3: saddr:16783984: daddr:100932208
[  329.350973] AAAAA-TCP_FORW: name:enp0s8: saddr:100932208: daddr:16783984
[  329.351872] AAAAA-TCP_FORW: name:enp0s3: saddr:16783984: daddr:100932208
[  329.408011] AAAAA-TCP_FORW: name:enp0s8: saddr:100932208: daddr:16783984
[  329.408892] AAAAA-TCP_FORW: name:enp0s3: saddr:16783984: daddr:100932208
[  329.759077] AAAAA-TCP_FORW: name:enp0s8: saddr:100932208: daddr:16783984
[  329.759818] AAAAA-TCP_FORW: name:enp0s3: saddr:16783984: daddr:100932208
[  329.841756] AAAAA-TCP_FORW: name:enp0s8: saddr:100932208: daddr:16783984
[  329.842611] AAAAA-TCP_FORW: name:enp0s3: saddr:16783984: daddr:100932208
[  329.908904] AAAAA-TCP_FORW: name:enp0s8: saddr:100932208: daddr:16783984
[  329.909801] AAAAA-TCP_FORW: name:enp0s3: saddr:16783984: daddr:100932208
[  330.062902] AAAAA-TCP_FORW: name:enp0s8: saddr:100932208: daddr:16783984
[  330.063785] AAAAA-TCP_FORW: name:enp0s3: saddr:16783984: daddr:100932208
[  330.279897] AAAAA-TCP_FORW: name:enp0s8: saddr:100932208: daddr:16783984
[  330.281418] AAAAA-TCP_FORW: name:enp0s3: saddr:16783984: daddr:100932208
[  330.414414] AAAAA-TCP_FORW: name:enp0s8: saddr:100932208: daddr:16783984
[  330.415826] AAAAA-TCP_FORW: name:enp0s3: saddr:16783984: daddr:100932208
[  330.562583] AAAAA-TCP_FORW: name:enp0s8: saddr:100932208: daddr:16783984
[  330.564076] AAAAA-TCP_FORW: name:enp0s3: saddr:16783984: daddr:100932208
[  330.678556] AAAAA-TCP_FORW: name:enp0s8: saddr:100932208: daddr:16783984
[  330.679427] AAAAA-TCP_FORW: name:enp0s3: saddr:16783984: daddr:100932208
[  330.710847] AAAAA-TCP_FORW: name:enp0s8: saddr:100932208: daddr:16783984
[  330.711707] AAAAA-TCP_FORW: name:enp0s3: saddr:16783984: daddr:100932208
[  330.744926] AAAAA-TCP_FORW: name:enp0s8: saddr:100932208: daddr:16783984
[  330.745771] AAAAA-TCP_FORW: name:enp0s3: saddr:16783984: daddr:100932208
[  330.924289] AAAAA-TCP_FORW: name:enp0s8: saddr:100932208: daddr:16783984
[  330.966837] AAAAA-TCP_FORW: name:enp0s3: saddr:16783984: daddr:100932208
[  331.021146] AAAAA-TCP_FORW: name:enp0s8: saddr:100932208: daddr:16783984
[  331.093906] AAAAA-TCP_FORW: name:enp0s8: saddr:100932208: daddr:33561200
[  331.094809] AAAAA-TCP_FORW: name:enp0s3: saddr:33561200: daddr:100932208
[  331.102670] AAAAA-TCP_FORW: name:enp0s3: saddr:16783984: daddr:100932208
[  331.164504] AAAAA-TCP_FORW: name:enp0s8: saddr:100932208: daddr:33561200
[  331.166072] AAAAA-TCP_FORW: name:enp0s3: saddr:33561200: daddr:100932208
[  331.299046] AAAAA-TCP_FORW: name:enp0s8: saddr:100932208: daddr:33561200
[  331.300465] AAAAA-TCP_FORW: name:enp0s3: saddr:33561200: daddr:100932208
[  331.393316] AAAAA-TCP_FORW: name:enp0s8: saddr:100932208: daddr:33561200
[  331.394224] AAAAA-TCP_FORW: name:enp0s3: saddr:33561200: daddr:100932208
[  331.461431] AAAAA-TCP_FORW: name:enp0s8: saddr:100932208: daddr:33561200
[  331.462331] AAAAA-TCP_FORW: name:enp0s3: saddr:33561200: daddr:100932208
[  331.513729] AAAAA-TCP_FORW: name:enp0s8: saddr:100932208: daddr:33561200
[  331.514620] AAAAA-TCP_FORW: name:enp0s3: saddr:33561200: daddr:100932208
[  331.608135] AAAAA-TCP_FORW: name:enp0s8: saddr:100932208: daddr:33561200
[  331.609162] AAAAA-TCP_FORW: name:enp0s3: saddr:33561200: daddr:100932208
[  331.694107] AAAAA-TCP_FORW: name:enp0s8: saddr:100932208: daddr:33561200
[  331.695066] AAAAA-TCP_FORW: name:enp0s3: saddr:33561200: daddr:100932208
[  331.894014] AAAAA-TCP_FORW: name:enp0s8: saddr:100932208: daddr:33561200
[  331.894930] AAAAA-TCP_FORW: name:enp0s3: saddr:33561200: daddr:100932208
[  331.944613] AAAAA-TCP_FORW: name:enp0s8: saddr:100932208: daddr:33561200
[  331.945523] AAAAA-TCP_FORW: name:enp0s3: saddr:33561200: daddr:100932208
[  332.022659] AAAAA-TCP_FORW: name:enp0s8: saddr:100932208: daddr:33561200
[  332.023563] AAAAA-TCP_FORW: name:enp0s3: saddr:33561200: daddr:100932208
[  332.117675] AAAAA-TCP_FORW: name:enp0s8: saddr:100932208: daddr:33561200
[  332.118599] AAAAA-TCP_FORW: name:enp0s3: saddr:33561200: daddr:100932208
[  332.216113] AAAAA-TCP_FORW: name:enp0s8: saddr:100932208: daddr:33561200
[  332.217030] AAAAA-TCP_FORW: name:enp0s3: saddr:33561200: daddr:100932208
[  332.311810] AAAAA-TCP_FORW: name:enp0s8: saddr:100932208: daddr:33561200
[  332.312701] AAAAA-TCP_FORW: name:enp0s3: saddr:33561200: daddr:100932208
[  332.529823] AAAAA-TCP_FORW: name:enp0s8: saddr:100932208: daddr:33561200
[  332.531540] AAAAA-TCP_FORW: name:enp0s3: saddr:33561200: daddr:100932208
[  332.622634] AAAAA-TCP_FORW: name:enp0s8: saddr:100932208: daddr:33561200
[  332.623837] AAAAA-TCP_FORW: name:enp0s3: saddr:33561200: daddr:100932208
[  332.917632] AAAAA-TCP_FORW: name:enp0s8: saddr:100932208: daddr:33561200
[  332.959027] AAAAA-TCP_FORW: name:enp0s3: saddr:33561200: daddr:100932208
[  333.116169] AAAAA-TCP_FORW: name:enp0s8: saddr:100932208: daddr:33561200
[  333.141053] AAAAA-TCP_FORW: name:enp0s8: saddr:100932208: daddr:33561200
[  333.142269] AAAAA-TCP_FORW: name:enp0s3: saddr:33561200: daddr:100932208
[  333.324439] AAAAA-TCP_FORW: name:enp0s8: saddr:100932208: daddr:33561200
[  333.390736] AAAAA-TCP_FORW: name:enp0s3: saddr:33561200: daddr:100932208
[  333.861186] AAAAA-TCP_FORW: name:enp0s8: saddr:100932208: daddr:33561200
[  333.990764] AAAAA-TCP_FORW: name:enp0s3: saddr:33561200: daddr:100932208
[  334.090439] AAAAA-TCP_FORW: name:enp0s8: saddr:100932208: daddr:33561200
[  334.260857] AAAAA-TCP_FORW: name:enp0s8: saddr:100932208: daddr:33561200
[  334.262227] AAAAA-TCP_FORW: name:enp0s3: saddr:33561200: daddr:100932208
[  334.335885] AAAAA-TCP_FORW: name:enp0s8: saddr:100932208: daddr:33561200
[  334.383420] AAAAA-TCP_FORW: name:enp0s8: saddr:100932208: daddr:33561200
[  334.384427] AAAAA-TCP_FORW: name:enp0s3: saddr:33561200: daddr:100932208
[  334.544504] AAAAA-TCP_FORW: name:enp0s8: saddr:100932208: daddr:33561200
[  334.665548] AAAAA-TCP_FORW: name:enp0s8: saddr:100932208: daddr:33561200
[  334.666261] AAAAA-TCP_FORW: name:enp0s3: saddr:33561200: daddr:100932208
[  334.726859] AAAAA-TCP_FORW: name:enp0s8: saddr:100932208: daddr:33561200
[  334.840228] AAAAA-TCP_FORW: name:enp0s8: saddr:100932208: daddr:33561200
[  334.841939] AAAAA-TCP_FORW: name:enp0s3: saddr:33561200: daddr:100932208
[  334.940496] AAAAA-TCP_FORW: name:enp0s8: saddr:100932208: daddr:16783984
[  334.941611] AAAAA-TCP_FORW: name:enp0s3: saddr:16783984: daddr:100932208
[  334.964432] AAAAA-TCP_FORW: name:enp0s8: saddr:100932208: daddr:16783984
[  334.965139] AAAAA-TCP_FORW: name:enp0s3: saddr:16783984: daddr:100932208
[  335.009767] AAAAA-TCP_FORW: name:enp0s8: saddr:100932208: daddr:16783984
[  335.010450] AAAAA-TCP_FORW: name:enp0s3: saddr:16783984: daddr:100932208
[  335.172103] AAAAA-TCP_FORW: name:enp0s8: saddr:100932208: daddr:16783984
[  335.174494] AAAAA-TCP_FORW: name:enp0s3: saddr:16783984: daddr:100932208
[  335.214315] AAAAA-TCP_FORW: name:enp0s8: saddr:100932208: daddr:16783984
[  335.216739] AAAAA-TCP_FORW: name:enp0s3: saddr:16783984: daddr:100932208
[  335.282399] AAAAA-TCP_FORW: name:enp0s8: saddr:100932208: daddr:16783984
[  335.284262] AAAAA-TCP_FORW: name:enp0s3: saddr:16783984: daddr:100932208
[  335.412153] AAAAA-TCP_FORW: name:enp0s8: saddr:100932208: daddr:16783984
[  335.414097] AAAAA-TCP_FORW: name:enp0s3: saddr:16783984: daddr:100932208
[  335.463828] AAAAA-TCP_FORW: name:enp0s8: saddr:100932208: daddr:16783984
[  335.466280] AAAAA-TCP_FORW: name:enp0s3: saddr:16783984: daddr:100932208
[  335.512921] AAAAA-TCP_FORW: name:enp0s8: saddr:100932208: daddr:16783984
[  335.514648] AAAAA-TCP_FORW: name:enp0s3: saddr:16783984: daddr:100932208
[  335.565541] AAAAA-TCP_FORW: name:enp0s8: saddr:100932208: daddr:16783984
[  335.567445] AAAAA-TCP_FORW: name:enp0s3: saddr:16783984: daddr:100932208
[  335.612134] AAAAA-TCP_FORW: name:enp0s8: saddr:100932208: daddr:16783984
[  335.614037] AAAAA-TCP_FORW: name:enp0s3: saddr:16783984: daddr:100932208
[  335.746515] AAAAA-TCP_FORW: name:enp0s8: saddr:100932208: daddr:16783984
[  335.748138] AAAAA-TCP_FORW: name:enp0s3: saddr:16783984: daddr:100932208
[  335.789659] AAAAA-TCP_FORW: name:enp0s8: saddr:100932208: daddr:16783984
[  335.791550] AAAAA-TCP_FORW: name:enp0s3: saddr:16783984: daddr:100932208
[  335.856503] AAAAA-TCP_FORW: name:enp0s8: saddr:100932208: daddr:16783984
[  335.858214] AAAAA-TCP_FORW: name:enp0s3: saddr:16783984: daddr:100932208
[  335.961240] AAAAA-TCP_FORW: name:enp0s8: saddr:100932208: daddr:16783984
[  335.963718] AAAAA-TCP_FORW: name:enp0s3: saddr:16783984: daddr:100932208
[  336.126701] AAAAA-TCP_FORW: name:enp0s8: saddr:100932208: daddr:16783984
[  336.129157] AAAAA-TCP_FORW: name:enp0s3: saddr:16783984: daddr:100932208
[  336.253624] AAAAA-TCP_FORW: name:enp0s8: saddr:100932208: daddr:16783984
[  336.256024] AAAAA-TCP_FORW: name:enp0s3: saddr:16783984: daddr:100932208
[  336.351045] AAAAA-TCP_FORW: name:enp0s8: saddr:100932208: daddr:16783984
[  336.353377] AAAAA-TCP_FORW: name:enp0s3: saddr:16783984: daddr:100932208
[  336.588815] AAAAA-TCP_FORW: name:enp0s8: saddr:100932208: daddr:16783984
[  336.590639] AAAAA-TCP_FORW: name:enp0s3: saddr:16783984: daddr:100932208
[  336.736344] AAAAA-TCP_FORW: name:enp0s8: saddr:100932208: daddr:16783984
[  336.738244] AAAAA-TCP_FORW: name:enp0s3: saddr:16783984: daddr:100932208
[  336.794948] AAAAA-TCP_FORW: name:enp0s8: saddr:100932208: daddr:16783984
[  336.796860] AAAAA-TCP_FORW: name:enp0s3: saddr:16783984: daddr:100932208
[  336.858057] AAAAA-TCP_FORW: name:enp0s8: saddr:100932208: daddr:16783984
[  336.859981] AAAAA-TCP_FORW: name:enp0s3: saddr:16783984: daddr:100932208
[  337.339884] AAAAA-TCP_FORW: name:enp0s8: saddr:100932208: daddr:16783984
[  337.341102] AAAAA-TCP_FORW: name:enp0s3: saddr:16783984: daddr:100932208
[  337.391540] AAAAA-TCP_FORW: name:enp0s8: saddr:100932208: daddr:16783984
[  337.392271] AAAAA-TCP_FORW: name:enp0s3: saddr:16783984: daddr:100932208
[  337.442402] AAAAA-TCP_FORW: name:enp0s8: saddr:100932208: daddr:16783984
[  337.443125] AAAAA-TCP_FORW: name:enp0s3: saddr:16783984: daddr:100932208
[  337.518311] AAAAA-TCP_FORW: name:enp0s8: saddr:100932208: daddr:16783984
[  337.519079] AAAAA-TCP_FORW: name:enp0s3: saddr:16783984: daddr:100932208
[  337.558564] AAAAA-TCP_FORW: name:enp0s8: saddr:100932208: daddr:16783984
[  337.559333] AAAAA-TCP_FORW: name:enp0s3: saddr:16783984: daddr:100932208
[  337.615938] AAAAA-TCP_FORW: name:enp0s8: saddr:100932208: daddr:16783984
[  337.616696] AAAAA-TCP_FORW: name:enp0s3: saddr:16783984: daddr:100932208
[  358.770310] AAAAA-TCP_FORW: name:enp0s8: saddr:100932208: daddr:16783984
[  358.771453] AAAAA-TCP_FORW: name:enp0s3: saddr:16783984: daddr:100932208
[  359.039074] AAAAA-TCP_FORW: name:enp0s8: saddr:100932208: daddr:16783984
[  359.040728] AAAAA-TCP_FORW: name:enp0s3: saddr:16783984: daddr:100932208
[  359.081386] AAAAA-TCP_FORW: name:enp0s8: saddr:100932208: daddr:16783984
[  359.083190] AAAAA-TCP_FORW: name:enp0s3: saddr:16783984: daddr:100932208
[  359.294171] AAAAA-TCP_FORW: name:enp0s8: saddr:100932208: daddr:16783984
[  359.295311] AAAAA-TCP_FORW: name:enp0s3: saddr:16783984: daddr:100932208
[  359.497489] AAAAA-TCP_FORW: name:enp0s8: saddr:100932208: daddr:16783984
[  359.498294] AAAAA-TCP_FORW: name:enp0s3: saddr:16783984: daddr:100932208
[  359.630584] AAAAA-TCP_FORW: name:enp0s8: saddr:100932208: daddr:16783984
[  359.631803] AAAAA-TCP_FORW: name:enp0s3: saddr:16783984: daddr:100932208
[  359.693333] AAAAA-TCP_FORW: name:enp0s8: saddr:100932208: daddr:16783984
[  359.694397] AAAAA-TCP_FORW: name:enp0s3: saddr:16783984: daddr:100932208
[  359.739999] AAAAA-TCP_FORW: name:enp0s8: saddr:100932208: daddr:16783984
[  359.741047] AAAAA-TCP_FORW: name:enp0s3: saddr:16783984: daddr:100932208
[  359.793615] AAAAA-TCP_FORW: name:enp0s8: saddr:100932208: daddr:16783984
[  359.794927] AAAAA-TCP_FORW: name:enp0s3: saddr:16783984: daddr:100932208
[  359.936621] AAAAA-TCP_FORW: name:enp0s8: saddr:100932208: daddr:16783984
[  359.937784] AAAAA-TCP_FORW: name:enp0s3: saddr:16783984: daddr:100932208
[  360.215372] AAAAA-TCP_FORW: name:enp0s8: saddr:100932208: daddr:16783984
[  360.216589] AAAAA-TCP_FORW: name:enp0s3: saddr:16783984: daddr:100932208
[  360.308014] AAAAA-TCP_FORW: name:enp0s8: saddr:100932208: daddr:16783984
[  360.309190] AAAAA-TCP_FORW: name:enp0s3: saddr:16783984: daddr:100932208
[  360.342738] AAAAA-TCP_FORW: name:enp0s8: saddr:100932208: daddr:16783984
[  360.343912] AAAAA-TCP_FORW: name:enp0s3: saddr:16783984: daddr:100932208
[  360.565854] AAAAA-TCP_FORW: name:enp0s8: saddr:100932208: daddr:16783984
[  360.566971] AAAAA-TCP_FORW: name:enp0s3: saddr:16783984: daddr:100932208
[  360.607784] AAAAA-TCP_FORW: name:enp0s8: saddr:100932208: daddr:16783984
[  360.609023] AAAAA-TCP_FORW: name:enp0s3: saddr:16783984: daddr:100932208
[  360.734765] AAAAA-TCP_FORW: name:enp0s8: saddr:100932208: daddr:16783984
[  360.735841] AAAAA-TCP_FORW: name:enp0s3: saddr:16783984: daddr:100932208
[  360.860600] AAAAA-TCP_FORW: name:enp0s8: saddr:100932208: daddr:16783984
[  360.861747] AAAAA-TCP_FORW: name:enp0s3: saddr:16783984: daddr:100932208
[  361.068749] AAAAA-TCP_FORW: name:enp0s8: saddr:100932208: daddr:33561200
[  361.069928] AAAAA-TCP_FORW: name:enp0s3: saddr:33561200: daddr:100932208
[  361.103916] AAAAA-TCP_FORW: name:enp0s8: saddr:100932208: daddr:33561200
[  361.104753] AAAAA-TCP_FORW: name:enp0s3: saddr:33561200: daddr:100932208
[  361.191187] AAAAA-TCP_FORW: name:enp0s8: saddr:100932208: daddr:33561200
[  361.192640] AAAAA-TCP_FORW: name:enp0s3: saddr:33561200: daddr:100932208
[  361.281937] AAAAA-TCP_FORW: name:enp0s8: saddr:100932208: daddr:33561200
[  361.282739] AAAAA-TCP_FORW: name:enp0s3: saddr:33561200: daddr:100932208
[  361.397491] AAAAA-TCP_FORW: name:enp0s8: saddr:100932208: daddr:33561200
[  361.398644] AAAAA-TCP_FORW: name:enp0s3: saddr:33561200: daddr:100932208
[  361.443622] AAAAA-TCP_FORW: name:enp0s8: saddr:100932208: daddr:33561200
[  361.444394] AAAAA-TCP_FORW: name:enp0s3: saddr:33561200: daddr:100932208
[  361.525842] AAAAA-TCP_FORW: name:enp0s8: saddr:100932208: daddr:33561200
[  361.526940] AAAAA-TCP_FORW: name:enp0s3: saddr:33561200: daddr:100932208
[  361.676105] AAAAA-TCP_FORW: name:enp0s8: saddr:100932208: daddr:33561200
[  361.677187] AAAAA-TCP_FORW: name:enp0s3: saddr:33561200: daddr:100932208
[  361.822309] AAAAA-TCP_FORW: name:enp0s8: saddr:100932208: daddr:33561200
[  361.823644] AAAAA-TCP_FORW: name:enp0s3: saddr:33561200: daddr:100932208
[  361.911542] AAAAA-TCP_FORW: name:enp0s8: saddr:100932208: daddr:33561200
[  361.912715] AAAAA-TCP_FORW: name:enp0s3: saddr:33561200: daddr:100932208
[  362.046560] AAAAA-TCP_FORW: name:enp0s8: saddr:100932208: daddr:33561200
[  362.047974] AAAAA-TCP_FORW: name:enp0s3: saddr:33561200: daddr:100932208
[  362.140202] AAAAA-TCP_FORW: name:enp0s8: saddr:100932208: daddr:33561200
[  362.141660] AAAAA-TCP_FORW: name:enp0s3: saddr:33561200: daddr:100932208
[  362.236298] AAAAA-TCP_FORW: name:enp0s8: saddr:100932208: daddr:33561200
[  362.237670] AAAAA-TCP_FORW: name:enp0s3: saddr:33561200: daddr:100932208
[  362.279583] AAAAA-TCP_FORW: name:enp0s8: saddr:100932208: daddr:33561200
[  362.280747] AAAAA-TCP_FORW: name:enp0s3: saddr:33561200: daddr:100932208
[  362.507453] AAAAA-TCP_FORW: name:enp0s8: saddr:100932208: daddr:33561200
[  362.508611] AAAAA-TCP_FORW: name:enp0s3: saddr:33561200: daddr:100932208
[  362.567038] AAAAA-TCP_FORW: name:enp0s8: saddr:100932208: daddr:33561200
[  362.568204] AAAAA-TCP_FORW: name:enp0s3: saddr:33561200: daddr:100932208
[  362.602088] AAAAA-TCP_FORW: name:enp0s8: saddr:100932208: daddr:33561200
[  362.603353] AAAAA-TCP_FORW: name:enp0s3: saddr:33561200: daddr:100932208
[  362.663926] AAAAA-TCP_FORW: name:enp0s8: saddr:100932208: daddr:33561200
[  362.665137] AAAAA-TCP_FORW: name:enp0s3: saddr:33561200: daddr:100932208
[  362.752801] AAAAA-TCP_FORW: name:enp0s8: saddr:100932208: daddr:33561200
[  362.753947] AAAAA-TCP_FORW: name:enp0s3: saddr:33561200: daddr:100932208
[  362.854556] AAAAA-TCP_FORW: name:enp0s8: saddr:100932208: daddr:33561200
[  362.855690] AAAAA-TCP_FORW: name:enp0s3: saddr:33561200: daddr:100932208
[  362.895697] AAAAA-TCP_FORW: name:enp0s8: saddr:100932208: daddr:33561200
[  362.896955] AAAAA-TCP_FORW: name:enp0s3: saddr:33561200: daddr:100932208
[  362.962525] AAAAA-TCP_FORW: name:enp0s8: saddr:100932208: daddr:16783984
[  362.963701] AAAAA-TCP_FORW: name:enp0s3: saddr:16783984: daddr:100932208
[  363.103989] AAAAA-TCP_FORW: name:enp0s8: saddr:100932208: daddr:16783984
[  363.105222] AAAAA-TCP_FORW: name:enp0s3: saddr:16783984: daddr:100932208
[  363.140617] AAAAA-TCP_FORW: name:enp0s8: saddr:100932208: daddr:16783984
[  363.141858] AAAAA-TCP_FORW: name:enp0s3: saddr:16783984: daddr:100932208
[  363.256935] AAAAA-TCP_FORW: name:enp0s8: saddr:100932208: daddr:16783984
[  363.257809] AAAAA-TCP_FORW: name:enp0s3: saddr:16783984: daddr:100932208
[  363.471921] AAAAA-TCP_FORW: name:enp0s8: saddr:100932208: daddr:16783984
[  363.473173] AAAAA-TCP_FORW: name:enp0s3: saddr:16783984: daddr:100932208
[  363.667566] AAAAA-TCP_FORW: name:enp0s8: saddr:100932208: daddr:16783984
[  363.668941] AAAAA-TCP_FORW: name:enp0s3: saddr:16783984: daddr:100932208
[  363.717803] AAAAA-TCP_FORW: name:enp0s8: saddr:100932208: daddr:16783984
[  363.719041] AAAAA-TCP_FORW: name:enp0s3: saddr:16783984: daddr:100932208
[  363.944376] AAAAA-TCP_FORW: name:enp0s8: saddr:100932208: daddr:16783984
[  363.945608] AAAAA-TCP_FORW: name:enp0s3: saddr:16783984: daddr:100932208
[  364.054904] AAAAA-TCP_FORW: name:enp0s8: saddr:100932208: daddr:16783984
[  364.056118] AAAAA-TCP_FORW: name:enp0s3: saddr:16783984: daddr:100932208
[  364.252843] AAAAA-TCP_FORW: name:enp0s8: saddr:100932208: daddr:16783984
[  364.254093] AAAAA-TCP_FORW: name:enp0s3: saddr:16783984: daddr:100932208
[  364.289941] AAAAA-TCP_FORW: name:enp0s8: saddr:100932208: daddr:16783984
[  364.291174] AAAAA-TCP_FORW: name:enp0s3: saddr:16783984: daddr:100932208
[  364.476464] AAAAA-TCP_FORW: name:enp0s8: saddr:100932208: daddr:16783984
[  364.477741] AAAAA-TCP_FORW: name:enp0s3: saddr:16783984: daddr:100932208
[  364.529362] AAAAA-TCP_FORW: name:enp0s8: saddr:100932208: daddr:16783984
[  364.530626] AAAAA-TCP_FORW: name:enp0s3: saddr:16783984: daddr:100932208
[  364.692734] AAAAA-TCP_FORW: name:enp0s8: saddr:100932208: daddr:16783984
[  364.693861] AAAAA-TCP_FORW: name:enp0s3: saddr:16783984: daddr:100932208
[  364.782497] AAAAA-TCP_FORW: name:enp0s8: saddr:100932208: daddr:16783984
[  364.783614] AAAAA-TCP_FORW: name:enp0s3: saddr:16783984: daddr:100932208
[  364.960387] AAAAA-TCP_FORW: name:enp0s8: saddr:100932208: daddr:16783984
[  364.961529] AAAAA-TCP_FORW: name:enp0s3: saddr:16783984: daddr:100932208
[  365.095753] AAAAA-TCP_FORW: name:enp0s8: saddr:100932208: daddr:16783984
[  365.096578] AAAAA-TCP_FORW: name:enp0s3: saddr:16783984: daddr:100932208
[  365.170215] AAAAA-TCP_FORW: name:enp0s8: saddr:100932208: daddr:16783984
[  365.171416] AAAAA-TCP_FORW: name:enp0s3: saddr:16783984: daddr:100932208
[  365.457765] AAAAA-TCP_FORW: name:enp0s8: saddr:100932208: daddr:16783984
[  365.458947] AAAAA-TCP_FORW: name:enp0s3: saddr:16783984: daddr:100932208
[  365.503479] AAAAA-TCP_FORW: name:enp0s8: saddr:100932208: daddr:16783984
[  365.504640] AAAAA-TCP_FORW: name:enp0s3: saddr:16783984: daddr:100932208
[  365.585965] AAAAA-TCP_FORW: name:enp0s8: saddr:100932208: daddr:16783984
[  365.587156] AAAAA-TCP_FORW: name:enp0s3: saddr:16783984: daddr:100932208
[  365.688849] AAAAA-TCP_FORW: name:enp0s8: saddr:100932208: daddr:16783984
[  365.690016] AAAAA-TCP_FORW: name:enp0s3: saddr:16783984: daddr:100932208
[  365.796174] AAAAA-TCP_FORW: name:enp0s8: saddr:100932208: daddr:16783984
[  365.797332] AAAAA-TCP_FORW: name:enp0s3: saddr:16783984: daddr:100932208
[  365.820220] AAAAA-TCP_FORW: name:enp0s8: saddr:100932208: daddr:16783984
[  365.820949] AAAAA-TCP_FORW: name:enp0s3: saddr:16783984: daddr:100932208
[  365.906106] AAAAA-TCP_FORW: name:enp0s8: saddr:100932208: daddr:16783984
[  365.907105] AAAAA-TCP_FORW: name:enp0s3: saddr:16783984: daddr:100932208
[  365.992132] AAAAA-TCP_FORW: name:enp0s8: saddr:100932208: daddr:33561200
[  365.993176] AAAAA-TCP_FORW: name:enp0s3: saddr:33561200: daddr:100932208
[  366.115408] AAAAA-TCP_FORW: name:enp0s8: saddr:100932208: daddr:33561200
[  366.116579] AAAAA-TCP_FORW: name:enp0s3: saddr:33561200: daddr:100932208
[  366.160474] AAAAA-TCP_FORW: name:enp0s8: saddr:100932208: daddr:33561200
[  366.161443] AAAAA-TCP_FORW: name:enp0s3: saddr:33561200: daddr:100932208
[  366.317914] AAAAA-TCP_FORW: name:enp0s8: saddr:100932208: daddr:33561200
[  366.318910] AAAAA-TCP_FORW: name:enp0s3: saddr:33561200: daddr:100932208
[  366.420569] AAAAA-TCP_FORW: name:enp0s8: saddr:100932208: daddr:33561200
[  366.421334] AAAAA-TCP_FORW: name:enp0s3: saddr:33561200: daddr:100932208
[  366.472403] AAAAA-TCP_FORW: name:enp0s8: saddr:100932208: daddr:33561200
[  366.473569] AAAAA-TCP_FORW: name:enp0s3: saddr:33561200: daddr:100932208
[  366.594189] AAAAA-TCP_FORW: name:enp0s8: saddr:100932208: daddr:33561200
[  366.595387] AAAAA-TCP_FORW: name:enp0s3: saddr:33561200: daddr:100932208
[  366.648209] AAAAA-TCP_FORW: name:enp0s8: saddr:100932208: daddr:33561200
[  366.649340] AAAAA-TCP_FORW: name:enp0s3: saddr:33561200: daddr:100932208
[  366.694321] AAAAA-TCP_FORW: name:enp0s8: saddr:100932208: daddr:33561200
[  366.695086] AAAAA-TCP_FORW: name:enp0s3: saddr:33561200: daddr:100932208
[  366.874575] AAAAA-TCP_FORW: name:enp0s8: saddr:100932208: daddr:33561200
[  366.875767] AAAAA-TCP_FORW: name:enp0s3: saddr:33561200: daddr:100932208
[  367.018099] AAAAA-TCP_FORW: name:enp0s8: saddr:100932208: daddr:33561200
[  367.018838] AAAAA-TCP_FORW: name:enp0s3: saddr:33561200: daddr:100932208
[  367.071783] AAAAA-TCP_FORW: name:enp0s8: saddr:100932208: daddr:33561200
[  367.072766] AAAAA-TCP_FORW: name:enp0s3: saddr:33561200: daddr:100932208
[  367.305617] AAAAA-TCP_FORW: name:enp0s8: saddr:100932208: daddr:33561200
[  367.306803] AAAAA-TCP_FORW: name:enp0s3: saddr:33561200: daddr:100932208
[  367.418485] AAAAA-TCP_FORW: name:enp0s8: saddr:100932208: daddr:33561200
[  367.419663] AAAAA-TCP_FORW: name:enp0s3: saddr:33561200: daddr:100932208
[  367.475564] AAAAA-TCP_FORW: name:enp0s8: saddr:100932208: daddr:33561200
[  367.476309] AAAAA-TCP_FORW: name:enp0s3: saddr:33561200: daddr:100932208
[  367.676577] AAAAA-TCP_FORW: name:enp0s8: saddr:100932208: daddr:33561200
[  367.677268] AAAAA-TCP_FORW: name:enp0s3: saddr:33561200: daddr:100932208
[  367.775569] AAAAA-TCP_FORW: name:enp0s8: saddr:100932208: daddr:33561200
[  367.776317] AAAAA-TCP_FORW: name:enp0s3: saddr:33561200: daddr:100932208
[  367.947068] AAAAA-TCP_FORW: name:enp0s8: saddr:100932208: daddr:33561200
[  367.948195] AAAAA-TCP_FORW: name:enp0s3: saddr:33561200: daddr:100932208
[  367.988601] AAAAA-TCP_FORW: name:enp0s8: saddr:100932208: daddr:33561200
[  367.989311] AAAAA-TCP_FORW: name:enp0s3: saddr:33561200: daddr:100932208
[  368.069191] AAAAA-TCP_FORW: name:enp0s8: saddr:100932208: daddr:33561200
[  368.072143] AAAAA-TCP_FORW: name:enp0s3: saddr:33561200: daddr:100932208
[  368.781467] AAAAA-TCP_FORW: name:enp0s8: saddr:100932208: daddr:16783984
[  368.782603] AAAAA-TCP_FORW: name:enp0s3: saddr:16783984: daddr:100932208
[  368.986810] AAAAA-TCP_FORW: name:enp0s8: saddr:100932208: daddr:16783984
[  368.987951] AAAAA-TCP_FORW: name:enp0s3: saddr:16783984: daddr:100932208
[  369.138259] AAAAA-TCP_FORW: name:enp0s8: saddr:100932208: daddr:16783984
[  369.138989] AAAAA-TCP_FORW: name:enp0s3: saddr:16783984: daddr:100932208
[  369.282776] AAAAA-TCP_FORW: name:enp0s8: saddr:100932208: daddr:33561200
[  369.283512] AAAAA-TCP_FORW: name:enp0s3: saddr:33561200: daddr:100932208
[  369.383845] AAAAA-TCP_FORW: name:enp0s8: saddr:100932208: daddr:33561200
[  369.384636] AAAAA-TCP_FORW: name:enp0s3: saddr:33561200: daddr:100932208
[  369.484261] AAAAA-TCP_FORW: name:enp0s8: saddr:100932208: daddr:33561200
[  369.485501] AAAAA-TCP_FORW: name:enp0s3: saddr:33561200: daddr:100932208
[  369.534250] AAAAA-TCP_FORW: name:enp0s8: saddr:100932208: daddr:33561200
[  369.534979] AAAAA-TCP_FORW: name:enp0s3: saddr:33561200: daddr:100932208
[  369.638371] AAAAA-TCP_FORW: name:enp0s8: saddr:100932208: daddr:33561200
[  369.639519] AAAAA-TCP_FORW: name:enp0s3: saddr:33561200: daddr:100932208
[  369.707127] AAAAA-TCP_FORW: name:enp0s8: saddr:100932208: daddr:33561200
[  369.708117] AAAAA-TCP_FORW: name:enp0s3: saddr:33561200: daddr:100932208
[  391.615117] AAAAA-TCP_FORW: name:enp0s8: saddr:100932208: daddr:33561200
[  391.616993] AAAAA-TCP_FORW: name:enp0s3: saddr:33561200: daddr:100932208
[  391.822589] AAAAA-TCP_FORW: name:enp0s8: saddr:100932208: daddr:33561200
[  391.823880] AAAAA-TCP_FORW: name:enp0s3: saddr:33561200: daddr:100932208
[  391.895426] AAAAA-TCP_FORW: name:enp0s8: saddr:100932208: daddr:33561200
[  391.896312] AAAAA-TCP_FORW: name:enp0s3: saddr:33561200: daddr:100932208
[  392.025133] AAAAA-TCP_FORW: name:enp0s8: saddr:100932208: daddr:33561200
[  392.026422] AAAAA-TCP_FORW: name:enp0s3: saddr:33561200: daddr:100932208
[  392.179326] AAAAA-TCP_FORW: name:enp0s8: saddr:100932208: daddr:33561200
[  392.180798] AAAAA-TCP_FORW: name:enp0s3: saddr:33561200: daddr:100932208
[  392.315148] AAAAA-TCP_FORW: name:enp0s8: saddr:100932208: daddr:33561200
[  392.316622] AAAAA-TCP_FORW: name:enp0s3: saddr:33561200: daddr:100932208
[  392.376826] AAAAA-TCP_FORW: name:enp0s8: saddr:100932208: daddr:33561200
[  392.378268] AAAAA-TCP_FORW: name:enp0s3: saddr:33561200: daddr:100932208
[  392.536263] AAAAA-TCP_FORW: name:enp0s8: saddr:100932208: daddr:33561200
[  392.537717] AAAAA-TCP_FORW: name:enp0s3: saddr:33561200: daddr:100932208
[  392.718735] AAAAA-TCP_FORW: name:enp0s8: saddr:100932208: daddr:33561200
[  392.720336] AAAAA-TCP_FORW: name:enp0s3: saddr:33561200: daddr:100932208
[  392.963832] AAAAA-TCP_FORW: name:enp0s8: saddr:100932208: daddr:33561200
[  392.965799] AAAAA-TCP_FORW: name:enp0s3: saddr:33561200: daddr:100932208
[  393.049401] AAAAA-TCP_FORW: name:enp0s8: saddr:100932208: daddr:33561200
[  393.050839] AAAAA-TCP_FORW: name:enp0s3: saddr:33561200: daddr:100932208
[  393.149051] AAAAA-TCP_FORW: name:enp0s8: saddr:100932208: daddr:33561200
[  393.149935] AAAAA-TCP_FORW: name:enp0s3: saddr:33561200: daddr:100932208
[  393.214029] AAAAA-TCP_FORW: name:enp0s8: saddr:100932208: daddr:33561200
[  393.215330] AAAAA-TCP_FORW: name:enp0s3: saddr:33561200: daddr:100932208
[  393.401716] AAAAA-TCP_FORW: name:enp0s8: saddr:100932208: daddr:33561200
[  393.403176] AAAAA-TCP_FORW: name:enp0s3: saddr:33561200: daddr:100932208
[  393.449598] AAAAA-TCP_FORW: name:enp0s8: saddr:100932208: daddr:33561200
[  393.450511] AAAAA-TCP_FORW: name:enp0s3: saddr:33561200: daddr:100932208
[  393.725605] AAAAA-TCP_FORW: name:enp0s8: saddr:100932208: daddr:33561200
[  393.727068] AAAAA-TCP_FORW: name:enp0s3: saddr:33561200: daddr:100932208
[  394.066640] AAAAA-TCP_FORW: name:enp0s8: saddr:100932208: daddr:33561200
[  394.068087] AAAAA-TCP_FORW: name:enp0s3: saddr:33561200: daddr:100932208
[  394.153694] AAAAA-TCP_FORW: name:enp0s8: saddr:100932208: daddr:33561200
[  394.155192] AAAAA-TCP_FORW: name:enp0s3: saddr:33561200: daddr:100932208
[  394.479507] AAAAA-TCP_FORW: name:enp0s8: saddr:100932208: daddr:33561200
[  394.480427] AAAAA-TCP_FORW: name:enp0s3: saddr:33561200: daddr:100932208
[  394.574571] AAAAA-TCP_FORW: name:enp0s8: saddr:100932208: daddr:16783984
[  394.576051] AAAAA-TCP_FORW: name:enp0s3: saddr:16783984: daddr:100932208
[  394.632729] AAAAA-TCP_FORW: name:enp0s8: saddr:100932208: daddr:16783984
[  394.634144] AAAAA-TCP_FORW: name:enp0s3: saddr:16783984: daddr:100932208
[  394.764412] AAAAA-TCP_FORW: name:enp0s8: saddr:100932208: daddr:16783984
[  394.765960] AAAAA-TCP_FORW: name:enp0s3: saddr:16783984: daddr:100932208
[  394.951256] AAAAA-TCP_FORW: name:enp0s8: saddr:100932208: daddr:16783984
[  394.952202] AAAAA-TCP_FORW: name:enp0s3: saddr:16783984: daddr:100932208
[  394.995202] AAAAA-TCP_FORW: name:enp0s8: saddr:100932208: daddr:16783984
[  394.996102] AAAAA-TCP_FORW: name:enp0s3: saddr:16783984: daddr:100932208
[  395.081178] AAAAA-TCP_FORW: name:enp0s8: saddr:100932208: daddr:16783984
[  395.082088] AAAAA-TCP_FORW: name:enp0s3: saddr:16783984: daddr:100932208
[  395.165207] AAAAA-TCP_FORW: name:enp0s8: saddr:100932208: daddr:16783984
[  395.166154] AAAAA-TCP_FORW: name:enp0s3: saddr:16783984: daddr:100932208
[  395.306002] AAAAA-TCP_FORW: name:enp0s8: saddr:100932208: daddr:16783984
[  395.306933] AAAAA-TCP_FORW: name:enp0s3: saddr:16783984: daddr:100932208
[  395.361996] AAAAA-TCP_FORW: name:enp0s8: saddr:100932208: daddr:16783984
[  395.362923] AAAAA-TCP_FORW: name:enp0s3: saddr:16783984: daddr:100932208
[  395.678131] AAAAA-TCP_FORW: name:enp0s8: saddr:100932208: daddr:16783984
[  395.679572] AAAAA-TCP_FORW: name:enp0s3: saddr:16783984: daddr:100932208
[  395.819557] AAAAA-TCP_FORW: name:enp0s8: saddr:100932208: daddr:16783984
[  395.821000] AAAAA-TCP_FORW: name:enp0s3: saddr:16783984: daddr:100932208
[  395.878891] AAAAA-TCP_FORW: name:enp0s8: saddr:100932208: daddr:16783984
[  395.880552] AAAAA-TCP_FORW: name:enp0s3: saddr:16783984: daddr:100932208
[  396.056395] AAAAA-TCP_FORW: name:enp0s8: saddr:100932208: daddr:16783984
[  396.057329] AAAAA-TCP_FORW: name:enp0s3: saddr:16783984: daddr:100932208
[  396.188665] AAAAA-TCP_FORW: name:enp0s8: saddr:100932208: daddr:16783984
[  396.189620] AAAAA-TCP_FORW: name:enp0s3: saddr:16783984: daddr:100932208
[  396.245324] AAAAA-TCP_FORW: name:enp0s8: saddr:100932208: daddr:16783984
[  396.246214] AAAAA-TCP_FORW: name:enp0s3: saddr:16783984: daddr:100932208
[  396.344887] AAAAA-TCP_FORW: name:enp0s8: saddr:100932208: daddr:33561200
[  396.345674] AAAAA-TCP_FORW: name:enp0s3: saddr:33561200: daddr:100932208
[  396.345698] AAAAA-TCP_FORW: name:enp0s3: saddr:16783984: daddr:100932208
[  396.346016] AAAAA-TCP_FORW: name:enp0s3: saddr:16783984: daddr:100932208
[  396.407146] AAAAA-TCP_FORW: name:enp0s8: saddr:100932208: daddr:33561200
[  396.408352] AAAAA-TCP_FORW: name:enp0s3: saddr:33561200: daddr:100932208
[  396.408372] AAAAA-TCP_FORW: name:enp0s3: saddr:16783984: daddr:100932208
[  396.449396] AAAAA-TCP_FORW: name:enp0s8: saddr:100932208: daddr:33561200
[  396.450205] AAAAA-TCP_FORW: name:enp0s3: saddr:33561200: daddr:100932208
[  396.710404] AAAAA-TCP_FORW: name:enp0s8: saddr:100932208: daddr:33561200
[  396.711198] AAAAA-TCP_FORW: name:enp0s3: saddr:33561200: daddr:100932208
[  396.778065] AAAAA-TCP_FORW: name:enp0s8: saddr:100932208: daddr:33561200
[  396.780525] AAAAA-TCP_FORW: name:enp0s3: saddr:33561200: daddr:100932208
[  396.827590] AAAAA-TCP_FORW: name:enp0s8: saddr:100932208: daddr:33561200
[  396.828811] AAAAA-TCP_FORW: name:enp0s3: saddr:33561200: daddr:100932208
[  396.946970] AAAAA-TCP_FORW: name:enp0s3: saddr:16783984: daddr:100932208
[  397.012598] AAAAA-TCP_FORW: name:enp0s8: saddr:100932208: daddr:33561200
[  397.013856] AAAAA-TCP_FORW: name:enp0s3: saddr:33561200: daddr:100932208
[  397.059337] AAAAA-TCP_FORW: name:enp0s8: saddr:100932208: daddr:33561200
[  397.060566] AAAAA-TCP_FORW: name:enp0s3: saddr:33561200: daddr:100932208
[  397.142378] AAAAA-TCP_FORW: name:enp0s8: saddr:100932208: daddr:33561200
[  397.143520] AAAAA-TCP_FORW: name:enp0s3: saddr:33561200: daddr:100932208
[  397.307980] AAAAA-TCP_FORW: name:enp0s8: saddr:100932208: daddr:33561200
[  397.309294] AAAAA-TCP_FORW: name:enp0s3: saddr:33561200: daddr:100932208
[  397.366767] AAAAA-TCP_FORW: name:enp0s3: saddr:16783984: daddr:100932208
[  397.369028] AAAAA-TCP_FORW: name:enp0s8: saddr:100932208: daddr:33561200
[  397.369797] AAAAA-TCP_FORW: name:enp0s3: saddr:33561200: daddr:100932208
[  397.424098] AAAAA-TCP_FORW: name:enp0s8: saddr:100932208: daddr:16783984
[  397.424853] AAAAA-TCP_FORW: name:enp0s3: saddr:16783984: daddr:100932208
[  397.510126] AAAAA-TCP_FORW: name:enp0s8: saddr:100932208: daddr:33561200
[  397.510938] AAAAA-TCP_FORW: name:enp0s3: saddr:33561200: daddr:100932208
[  397.567838] AAAAA-TCP_FORW: name:enp0s8: saddr:100932208: daddr:33561200
[  397.568563] AAAAA-TCP_FORW: name:enp0s3: saddr:33561200: daddr:100932208
[  397.741152] AAAAA-TCP_FORW: name:enp0s8: saddr:100932208: daddr:33561200
[  397.742354] AAAAA-TCP_FORW: name:enp0s3: saddr:33561200: daddr:100932208
[  397.879913] AAAAA-TCP_FORW: name:enp0s8: saddr:100932208: daddr:33561200
[  397.880653] AAAAA-TCP_FORW: name:enp0s3: saddr:33561200: daddr:100932208
[  398.034724] AAAAA-TCP_FORW: name:enp0s3: saddr:16783984: daddr:100932208
[  398.070921] AAAAA-TCP_FORW: name:enp0s8: saddr:100932208: daddr:33561200
[  398.071676] AAAAA-TCP_FORW: name:enp0s3: saddr:33561200: daddr:100932208
[  398.232971] AAAAA-TCP_FORW: name:enp0s8: saddr:100932208: daddr:33561200
[  398.233716] AAAAA-TCP_FORW: name:enp0s3: saddr:33561200: daddr:100932208
[  398.312349] AAAAA-TCP_FORW: name:enp0s8: saddr:100932208: daddr:16783984
[  398.313248] AAAAA-TCP_FORW: name:enp0s3: saddr:16783984: daddr:100932208
[  398.440208] AAAAA-TCP_FORW: name:enp0s8: saddr:100932208: daddr:33561200
[  398.440982] AAAAA-TCP_FORW: name:enp0s3: saddr:33561200: daddr:100932208
[  398.514713] AAAAA-TCP_FORW: name:enp0s8: saddr:100932208: daddr:33561200
[  398.516105] AAAAA-TCP_FORW: name:enp0s3: saddr:33561200: daddr:100932208
[  398.797517] AAAAA-TCP_FORW: name:enp0s8: saddr:100932208: daddr:33561200
[  398.799044] AAAAA-TCP_FORW: name:enp0s3: saddr:33561200: daddr:100932208
[  398.875852] AAAAA-TCP_FORW: name:enp0s8: saddr:100932208: daddr:33561200
[  398.877431] AAAAA-TCP_FORW: name:enp0s3: saddr:33561200: daddr:100932208
[  399.058946] AAAAA-TCP_FORW: name:enp0s3: saddr:16783984: daddr:100932208
[  399.059012] AAAAA-TCP_FORW: name:enp0s3: saddr:33561200: daddr:100932208
[  399.212005] AAAAA-TCP_FORW: name:enp0s8: saddr:100932208: daddr:33561200
[  399.212744] AAAAA-TCP_FORW: name:enp0s3: saddr:33561200: daddr:100932208
[  399.316641] AAAAA-TCP_FORW: name:enp0s8: saddr:100932208: daddr:33561200
[  399.317410] AAAAA-TCP_FORW: name:enp0s3: saddr:33561200: daddr:100932208
[  399.405654] AAAAA-TCP_FORW: name:enp0s8: saddr:100932208: daddr:16783984
[  399.406389] AAAAA-TCP_FORW: name:enp0s3: saddr:16783984: daddr:100932208
[  399.447488] AAAAA-TCP_FORW: name:enp0s8: saddr:100932208: daddr:33561200
[  399.449153] AAAAA-TCP_FORW: name:enp0s3: saddr:33561200: daddr:100932208
[  399.514330] AAAAA-TCP_FORW: name:enp0s8: saddr:100932208: daddr:33561200
[  399.515072] AAAAA-TCP_FORW: name:enp0s3: saddr:33561200: daddr:100932208
[  399.571426] AAAAA-TCP_FORW: name:enp0s8: saddr:100932208: daddr:33561200
[  399.572615] AAAAA-TCP_FORW: name:enp0s3: saddr:33561200: daddr:100932208
[  399.708862] AAAAA-TCP_FORW: name:enp0s8: saddr:100932208: daddr:33561200
[  399.709905] AAAAA-TCP_FORW: name:enp0s3: saddr:33561200: daddr:100932208
[  399.891107] AAAAA-TCP_FORW: name:enp0s8: saddr:100932208: daddr:33561200
[  399.892256] AAAAA-TCP_FORW: name:enp0s3: saddr:33561200: daddr:100932208
[  400.034185] AAAAA-TCP_FORW: name:enp0s8: saddr:100932208: daddr:33561200
