[    0.000000] Linux version 5.4.243-mptcp (root@ztg) (gcc version 12.2.0 (Debian 12.2.0-14+deb12u1)) #53 SMP Wed Dec 24 23:28:15 CST 2025
[    0.000000] Command line: BOOT_IMAGE=/boot/vmlinuz-5.4.243-mptcp root=UUID=98415a12-53b7-4144-8265-0f7ece09e445 ro quiet splash
[    0.000000] KERNEL supported cpus:
[    0.000000]   Intel GenuineIntel
[    0.000000]   AMD AuthenticAMD
[    0.000000]   Hygon HygonGenuine
[    0.000000]   Centaur CentaurHauls
[    0.000000]   zhaoxin   Shanghai  
[    0.000000] x86/fpu: Supporting XSAVE feature 0x001: 'x87 floating point registers'
[    0.000000] x86/fpu: Supporting XSAVE feature 0x002: 'SSE registers'
[    0.000000] x86/fpu: Supporting XSAVE feature 0x004: 'AVX registers'
[    0.000000] x86/fpu: xstate_offset[2]:  576, xstate_sizes[2]:  256
[    0.000000] x86/fpu: Enabled xstate features 0x7, context size is 832 bytes, using 'standard' format.
[    0.000000] BIOS-provided physical RAM map:
[    0.000000] BIOS-e820: [mem 0x0000000000000000-0x000000000009fbff] usable
[    0.000000] BIOS-e820: [mem 0x000000000009fc00-0x000000000009ffff] reserved
[    0.000000] BIOS-e820: [mem 0x00000000000f0000-0x00000000000fffff] reserved
[    0.000000] BIOS-e820: [mem 0x0000000000100000-0x000000007ffeffff] usable
[    0.000000] BIOS-e820: [mem 0x000000007fff0000-0x000000007fffffff] ACPI data
[    0.000000] BIOS-e820: [mem 0x00000000fec00000-0x00000000fec00fff] reserved
[    0.000000] BIOS-e820: [mem 0x00000000fee00000-0x00000000fee00fff] reserved
[    0.000000] BIOS-e820: [mem 0x00000000fffc0000-0x00000000ffffffff] reserved
[    0.000000] NX (Execute Disable) protection: active
[    0.000000] SMBIOS 2.5 present.
[    0.000000] DMI: innotek GmbH VirtualBox/VirtualBox, BIOS VirtualBox 12/01/2006
[    0.000000] Hypervisor detected: KVM
[    0.000000] kvm-clock: Using msrs 4b564d01 and 4b564d00
[    0.000000] kvm-clock: cpu 0, msr 27a01001, primary cpu clock
[    0.000000] kvm-clock: using sched offset of 4445223231 cycles
[    0.000003] clocksource: kvm-clock: mask: 0xffffffffffffffff max_cycles: 0x1cd42e4dffb, max_idle_ns: 881590591483 ns
[    0.000005] tsc: Detected 2100.000 MHz processor
[    0.001852] e820: update [mem 0x00000000-0x00000fff] usable ==> reserved
[    0.001854] e820: remove [mem 0x000a0000-0x000fffff] usable
[    0.001858] last_pfn = 0x7fff0 max_arch_pfn = 0x400000000
[    0.001926] MTRR default type: uncachable
[    0.001927] MTRR fixed ranges enabled:
[    0.001928]   00000-9FFFF write-back
[    0.001929]   A0000-BFFFF uncachable
[    0.001930]   C0000-FFFFF write-protect
[    0.001931] MTRR variable ranges enabled:
[    0.001932]   0 base 000000000000 mask 3FFF80000000 write-back
[    0.001933]   1 disabled
[    0.001933]   2 disabled
[    0.001934]   3 disabled
[    0.001934]   4 disabled
[    0.001934]   5 disabled
[    0.001935]   6 disabled
[    0.001935]   7 disabled
[    0.001936]   8 disabled
[    0.001936]   9 disabled
[    0.001937]   10 disabled
[    0.001937]   11 disabled
[    0.001937]   12 disabled
[    0.001938]   13 disabled
[    0.001938]   14 disabled
[    0.001939]   15 disabled
[    0.001955] x86/PAT: Configuration [0-7]: WB  WC  UC- UC  WB  WP  UC- WT  
[    0.002090] found SMP MP-table at [mem 0x0009fff0-0x0009ffff]
[    0.090557] check: Scanning 1 areas for low memory corruption
[    0.090807] RAMDISK: [mem 0x32271000-0x3512ffff]
[    0.090816] ACPI: Early table checksum verification disabled
[    0.090821] ACPI: RSDP 0x00000000000E0000 000024 (v02 VBOX  )
[    0.090826] ACPI: XSDT 0x000000007FFF0030 00003C (v01 VBOX   VBOXXSDT 00000001 ASL  00000061)
[    0.090832] ACPI: FACP 0x000000007FFF00F0 0000F4 (v04 VBOX   VBOXFACP 00000001 ASL  00000061)
[    0.090839] ACPI: DSDT 0x000000007FFF02E0 002353 (v02 VBOX   VBOXBIOS 00000002 VBOX 00029BF3)
[    0.090843] ACPI: FACS 0x000000007FFF0200 000040
[    0.090846] ACPI: FACS 0x000000007FFF0200 000040
[    0.090849] ACPI: APIC 0x000000007FFF0240 000054 (v02 VBOX   VBOXAPIC 00000001 ASL  00000061)
[    0.090853] ACPI: SSDT 0x000000007FFF02A0 000038 (v01 VBOX   VBOXCPUT 00000002 VBOX 00029BF3)
[    0.090857] ACPI: Reserving FACP table memory at [mem 0x7fff00f0-0x7fff01e3]
[    0.090857] ACPI: Reserving DSDT table memory at [mem 0x7fff02e0-0x7fff2632]
[    0.090858] ACPI: Reserving FACS table memory at [mem 0x7fff0200-0x7fff023f]
[    0.090859] ACPI: Reserving FACS table memory at [mem 0x7fff0200-0x7fff023f]
[    0.090860] ACPI: Reserving APIC table memory at [mem 0x7fff0240-0x7fff0293]
[    0.090860] ACPI: Reserving SSDT table memory at [mem 0x7fff02a0-0x7fff02d7]
[    0.090875] ACPI: Local APIC address 0xfee00000
[    0.091069] No NUMA configuration found
[    0.091070] Faking a node at [mem 0x0000000000000000-0x000000007ffeffff]
[    0.091080] NODE_DATA(0) allocated [mem 0x7ffc5000-0x7ffeffff]
[    0.091341] Zone ranges:
[    0.091342]   DMA      [mem 0x0000000000001000-0x0000000000ffffff]
[    0.091343]   DMA32    [mem 0x0000000001000000-0x000000007ffeffff]
[    0.091344]   Normal   empty
[    0.091345]   Device   empty
[    0.091346] Movable zone start for each node
[    0.091347] Early memory node ranges
[    0.091348]   node   0: [mem 0x0000000000001000-0x000000000009efff]
[    0.091349]   node   0: [mem 0x0000000000100000-0x000000007ffeffff]
[    0.091352] Zeroed struct page in unavailable ranges: 114 pages
[    0.091353] Initmem setup node 0 [mem 0x0000000000001000-0x000000007ffeffff]
[    0.091354] On node 0 totalpages: 524174
[    0.091355]   DMA zone: 64 pages used for memmap
[    0.091356]   DMA zone: 21 pages reserved
[    0.091357]   DMA zone: 3998 pages, LIFO batch:0
[    0.091427]   DMA32 zone: 8128 pages used for memmap
[    0.091428]   DMA32 zone: 520176 pages, LIFO batch:63
[    0.100419] ACPI: PM-Timer IO Port: 0x4008
[    0.100422] ACPI: Local APIC address 0xfee00000
[    0.100489] IOAPIC[0]: apic_id 1, version 32, address 0xfec00000, GSI 0-23
[    0.100493] ACPI: INT_SRC_OVR (bus 0 bus_irq 0 global_irq 2 dfl dfl)
[    0.100494] ACPI: INT_SRC_OVR (bus 0 bus_irq 9 global_irq 9 low level)
[    0.100496] ACPI: IRQ0 used by override.
[    0.100497] ACPI: IRQ9 used by override.
[    0.100500] Using ACPI (MADT) for SMP configuration information
[    0.100508] smpboot: Allowing 1 CPUs, 0 hotplug CPUs
[    0.100529] PM: Registered nosave memory: [mem 0x00000000-0x00000fff]
[    0.100530] PM: Registered nosave memory: [mem 0x0009f000-0x0009ffff]
[    0.100531] PM: Registered nosave memory: [mem 0x000a0000-0x000effff]
[    0.100531] PM: Registered nosave memory: [mem 0x000f0000-0x000fffff]
[    0.100534] [mem 0x80000000-0xfebfffff] available for PCI devices
[    0.100535] Booting paravirtualized kernel on KVM
[    0.100537] clocksource: refined-jiffies: mask: 0xffffffff max_cycles: 0xffffffff, max_idle_ns: 7645519600211568 ns
[    0.100542] setup_percpu: NR_CPUS:8192 nr_cpumask_bits:1 nr_cpu_ids:1 nr_node_ids:1
[    0.101544] percpu: Embedded 60 pages/cpu s208896 r8192 d28672 u2097152
[    0.101549] pcpu-alloc: s208896 r8192 d28672 u2097152 alloc=1*2097152
[    0.101550] pcpu-alloc: [0] 0 
[    0.101575] Built 1 zonelists, mobility grouping on.  Total pages: 515961
[    0.101576] Policy zone: DMA32
[    0.101577] Kernel command line: BOOT_IMAGE=/boot/vmlinuz-5.4.243-mptcp root=UUID=98415a12-53b7-4144-8265-0f7ece09e445 ro quiet splash
[    0.102417] Dentry cache hash table entries: 262144 (order: 9, 2097152 bytes, linear)
[    0.102565] Inode-cache hash table entries: 131072 (order: 8, 1048576 bytes, linear)
[    0.102614] mem auto-init: stack:off, heap alloc:on, heap free:off
[    0.102617] Calgary: detecting Calgary via BIOS EBDA area
[    0.102618] Calgary: Unable to locate Rio Grande table in EBDA - bailing!
[    0.106710] Memory: 1967332K/2096696K available (14339K kernel code, 2398K rwdata, 4712K rodata, 2728K init, 17260K bss, 129364K reserved, 0K cma-reserved)
[    0.107639] SLUB: HWalign=64, Order=0-3, MinObjects=0, CPUs=1, Nodes=1
[    0.107656] ftrace: allocating 43186 entries in 169 pages
[    0.125765] rcu: Hierarchical RCU implementation.
[    0.125767] rcu: 	RCU restricting CPUs from NR_CPUS=8192 to nr_cpu_ids=1.
[    0.125768] 	Tasks RCU enabled.
[    0.125769] rcu: RCU calculated value of scheduler-enlistment delay is 25 jiffies.
[    0.125770] rcu: Adjusting geometry for rcu_fanout_leaf=16, nr_cpu_ids=1
[    0.128741] NR_IRQS: 524544, nr_irqs: 256, preallocated irqs: 16
[    0.128948] random: crng init done
[    0.138271] Console: colour VGA+ 80x25
[    0.138275] printk: console [tty0] enabled
[    0.138294] ACPI: Core revision 20190816
[    0.138384] APIC: Switch to symmetric I/O mode setup
[    0.138634] x2apic enabled
[    0.138874] Switched APIC routing to physical x2apic.
[    0.140017] ..TIMER: vector=0x30 apic1=0 pin1=2 apic2=-1 pin2=-1
[    0.140045] clocksource: tsc-early: mask: 0xffffffffffffffff max_cycles: 0x1e4530a99b6, max_idle_ns: 440795257976 ns
[    0.140050] Calibrating delay loop (skipped) preset value.. 4200.00 BogoMIPS (lpj=8400000)
[    0.140052] pid_max: default: 32768 minimum: 301
[    0.140079] LSM: Security Framework initializing
[    0.140088] Yama: becoming mindful.
[    0.140113] AppArmor: AppArmor initialized
[    0.140145] Mount-cache hash table entries: 4096 (order: 3, 32768 bytes, linear)
[    0.140149] Mountpoint-cache hash table entries: 4096 (order: 3, 32768 bytes, linear)
[    0.140159] *** VALIDATE tmpfs ***
[    0.140287] *** VALIDATE proc ***
[    0.140326] *** VALIDATE cgroup1 ***
[    0.140328] *** VALIDATE cgroup2 ***
[    0.140466] process: using mwait in idle threads
[    0.140471] Last level iTLB entries: 4KB 64, 2MB 8, 4MB 8
[    0.140471] Last level dTLB entries: 4KB 64, 2MB 0, 4MB 0, 1GB 4
[    0.140493] Spectre V1 : Mitigation: usercopy/swapgs barriers and __user pointer sanitization
[    0.140498] Spectre V2 : Mitigation: Retpolines
[    0.140499] Spectre V2 : Spectre v2 / SpectreRSB mitigation: Filling RSB on context switch
[    0.140499] Spectre V2 : Spectre v2 / SpectreRSB : Filling RSB on VMEXIT
[    0.140500] RETBleed: WARNING: Spectre v2 mitigation leaves CPU vulnerable to RETBleed attacks, data leaks possible!
[    0.140859] RETBleed: Vulnerable
[    0.140860] Speculative Store Bypass: Vulnerable
[    0.140864] TAA: Mitigation: TSX disabled
[    0.140865] MMIO Stale Data: Mitigation: Clear CPU buffers
[    0.145071] Freeing SMP alternatives memory: 40K
[    0.257237] smpboot: CPU0: Intel(R) Xeon(R) Silver 4216 CPU @ 2.10GHz (family: 0x6, model: 0x55, stepping: 0x7)
[    0.257356] Performance Events: unsupported p6 CPU model 85 no PMU driver, software events only.
[    0.257390] rcu: Hierarchical SRCU implementation.
[    0.257871] NMI watchdog: Perf NMI watchdog permanently disabled
[    0.257909] smp: Bringing up secondary CPUs ...
[    0.257910] smp: Brought up 1 node, 1 CPU
[    0.257911] smpboot: Max logical packages: 1
[    0.257912] smpboot: Total of 1 processors activated (4200.00 BogoMIPS)
[    0.258859] devtmpfs: initialized
[    0.258906] x86/mm: Memory block size: 128MB
[    0.259251] clocksource: jiffies: mask: 0xffffffff max_cycles: 0xffffffff, max_idle_ns: 7645041785100000 ns
[    0.259257] futex hash table entries: 256 (order: 2, 16384 bytes, linear)
[    0.259299] pinctrl core: initialized pinctrl subsystem
[    0.259399] PM: RTC time: 14:51:14, date: 2026-01-13
[    0.259505] NET: Registered protocol family 16
[    0.259577] audit: initializing netlink subsys (disabled)
[    0.259702] EISA bus registered
[    0.259704] cpuidle: using governor ladder
[    0.259704] cpuidle: using governor menu
[    0.259739] ACPI: bus type PCI registered
[    0.259741] acpiphp: ACPI Hot Plug PCI Controller Driver version: 0.5
[    0.259841] PCI: Using configuration type 1 for base access
[    0.260277] audit: type=2000 audit(1768287080.459:1): state=initialized audit_enabled=0 res=1
[    0.260356] HugeTLB registered 2.00 MiB page size, pre-allocated 0 pages
[    0.261167] ACPI: Added _OSI(Module Device)
[    0.261168] ACPI: Added _OSI(Processor Device)
[    0.261168] ACPI: Added _OSI(3.0 _SCP Extensions)
[    0.261169] ACPI: Added _OSI(Processor Aggregator Device)
[    0.261170] ACPI: Added _OSI(Linux-Dell-Video)
[    0.261171] ACPI: Added _OSI(Linux-Lenovo-NV-HDMI-Audio)
[    0.261171] ACPI: Added _OSI(Linux-HPI-Hybrid-Graphics)
[    0.263113] ACPI: 2 ACPI AML tables successfully acquired and loaded
[    0.264759] ACPI: Interpreter enabled
[    0.264768] ACPI: (supports S0 S5)
[    0.264769] ACPI: Using IOAPIC for interrupt routing
[    0.264975] PCI: Using host bridge windows from ACPI; if necessary, use "pci=nocrs" and report a bug
[    0.265081] ACPI: Enabled 2 GPEs in block 00 to 07
[    0.269873] ACPI: PCI Root Bridge [PCI0] (domain 0000 [bus 00-ff])
[    0.269878] acpi PNP0A03:00: _OSC: OS supports [ASPM ClockPM Segments MSI HPX-Type3]
[    0.270320] acpi PNP0A03:00: _OSC: not requesting OS control; OS requires [ExtendedConfig ASPM ClockPM MSI]
[    0.270328] acpi PNP0A03:00: fail to add MMCONFIG information, can't access extended PCI configuration space under this bridge.
[    0.270756] PCI host bridge to bus 0000:00
[    0.270759] pci_bus 0000:00: root bus resource [io  0x0000-0x0cf7 window]
[    0.270761] pci_bus 0000:00: root bus resource [io  0x0d00-0xffff window]
[    0.270763] pci_bus 0000:00: root bus resource [mem 0x000a0000-0x000bffff window]
[    0.270764] pci_bus 0000:00: root bus resource [mem 0x80000000-0xfdffffff window]
[    0.270765] pci_bus 0000:00: root bus resource [bus 00-ff]
[    0.270804] pci 0000:00:00.0: [8086:1237] type 00 class 0x060000
[    0.271866] pci 0000:00:01.0: [8086:7000] type 00 class 0x060100
[    0.272747] pci 0000:00:01.1: [8086:7111] type 00 class 0x01018a
[    0.273147] pci 0000:00:01.1: reg 0x20: [io  0xd000-0xd00f]
[    0.273304] pci 0000:00:01.1: legacy IDE quirk: reg 0x10: [io  0x01f0-0x01f7]
[    0.273305] pci 0000:00:01.1: legacy IDE quirk: reg 0x14: [io  0x03f6]
[    0.273306] pci 0000:00:01.1: legacy IDE quirk: reg 0x18: [io  0x0170-0x0177]
[    0.273307] pci 0000:00:01.1: legacy IDE quirk: reg 0x1c: [io  0x0376]
[    0.273923] pci 0000:00:02.0: [15ad:0405] type 00 class 0x030000
[    0.276133] pci 0000:00:02.0: reg 0x10: [io  0xd010-0xd01f]
[    0.279224] pci 0000:00:02.0: reg 0x14: [mem 0xe0000000-0xe7ffffff pref]
[    0.280096] pci 0000:00:02.0: reg 0x18: [mem 0xf0000000-0xf01fffff]
[    0.295011] pci 0000:00:03.0: [1022:2000] type 00 class 0x020000
[    0.295870] pci 0000:00:03.0: reg 0x10: [io  0xd020-0xd03f]
[    0.296225] pci 0000:00:03.0: reg 0x14: [mem 0xf0200000-0xf0200fff]
[    0.300945] pci 0000:00:04.0: [80ee:cafe] type 00 class 0x088000
[    0.301736] pci 0000:00:04.0: reg 0x10: [io  0xd040-0xd05f]
[    0.302379] pci 0000:00:04.0: reg 0x14: [mem 0xf0400000-0xf07fffff]
[    0.303022] pci 0000:00:04.0: reg 0x18: [mem 0xf0800000-0xf0803fff pref]
[    0.306812] pci 0000:00:07.0: [8086:7113] type 00 class 0x068000
[    0.307469] pci 0000:00:07.0: quirk: [io  0x4000-0x403f] claimed by PIIX4 ACPI
[    0.307482] pci 0000:00:07.0: quirk: [io  0x4100-0x410f] claimed by PIIX4 SMB
[    0.308129] pci 0000:00:08.0: [8086:100e] type 00 class 0x020000
[    0.309035] pci 0000:00:08.0: reg 0x10: [mem 0xf0820000-0xf083ffff]
[    0.310380] pci 0000:00:08.0: reg 0x18: [io  0xd060-0xd067]
[    0.314001] pci 0000:00:09.0: [8086:100e] type 00 class 0x020000
[    0.314852] pci 0000:00:09.0: reg 0x10: [mem 0xf0840000-0xf085ffff]
[    0.316910] pci 0000:00:09.0: reg 0x18: [io  0xd068-0xd06f]
[    0.328570] ACPI: PCI Interrupt Link [LNKA] (IRQs 5 9 10 *11)
[    0.328902] ACPI: PCI Interrupt Link [LNKB] (IRQs 5 9 *10 11)
[    0.329004] ACPI: PCI Interrupt Link [LNKC] (IRQs 5 *9 10 11)
[    0.329106] ACPI: PCI Interrupt Link [LNKD] (IRQs 5 9 10 *11)
[    0.329379] iommu: Default domain type: Translated 
[    0.329441] pci 0000:00:02.0: vgaarb: setting as boot VGA device
[    0.329442] pci 0000:00:02.0: vgaarb: VGA device added: decodes=io+mem,owns=io+mem,locks=none
[    0.329444] pci 0000:00:02.0: vgaarb: bridge control possible
[    0.329445] vgaarb: loaded
[    0.329658] SCSI subsystem initialized
[    0.329692] libata version 3.00 loaded.
[    0.329714] ACPI: bus type USB registered
[    0.329730] usbcore: registered new interface driver usbfs
[    0.329736] usbcore: registered new interface driver hub
[    0.329741] usbcore: registered new device driver usb
[    0.329767] pps_core: LinuxPPS API ver. 1 registered
[    0.329768] pps_core: Software ver. 5.3.6 - Copyright 2005-2007 Rodolfo Giometti <giometti@linux.it>
[    0.329770] PTP clock support registered
[    0.329806] EDAC MC: Ver: 3.0.0
[    0.330089] PCI: Using ACPI for IRQ routing
[    0.330090] PCI: pci_cache_line_size set to 64 bytes
[    0.330262] e820: reserve RAM buffer [mem 0x0009fc00-0x0009ffff]
[    0.330265] e820: reserve RAM buffer [mem 0x7fff0000-0x7fffffff]
[    0.331060] NetLabel: Initializing
[    0.331060] NetLabel:  domain hash size = 128
[    0.331061] NetLabel:  protocols = UNLABELED CIPSOv4 CALIPSO
[    0.331080] NetLabel:  unlabeled traffic allowed by default
[    0.331996] clocksource: Switched to clocksource kvm-clock
[    0.342707] *** VALIDATE bpf ***
[    0.342773] VFS: Disk quotas dquot_6.6.0
[    0.342786] VFS: Dquot-cache hash table entries: 512 (order 0, 4096 bytes)
[    0.342809] *** VALIDATE ramfs ***
[    0.342812] *** VALIDATE hugetlbfs ***
[    0.342897] AppArmor: AppArmor Filesystem Enabled
[    0.342926] pnp: PnP ACPI init
[    0.343000] pnp 00:00: Plug and Play ACPI device, IDs PNP0303 (active)
[    0.343083] pnp 00:01: Plug and Play ACPI device, IDs PNP0f03 (active)
[    0.343843] pnp: PnP ACPI: found 2 devices
[    0.344804] thermal_sys: Registered thermal governor 'fair_share'
[    0.344805] thermal_sys: Registered thermal governor 'bang_bang'
[    0.344805] thermal_sys: Registered thermal governor 'step_wise'
[    0.344806] thermal_sys: Registered thermal governor 'user_space'
[    0.344807] thermal_sys: Registered thermal governor 'power_allocator'
[    0.349321] clocksource: acpi_pm: mask: 0xffffff max_cycles: 0xffffff, max_idle_ns: 2085701024 ns
[    0.349363] pci_bus 0000:00: resource 4 [io  0x0000-0x0cf7 window]
[    0.349364] pci_bus 0000:00: resource 5 [io  0x0d00-0xffff window]
[    0.349365] pci_bus 0000:00: resource 6 [mem 0x000a0000-0x000bffff window]
[    0.349366] pci_bus 0000:00: resource 7 [mem 0x80000000-0xfdffffff window]
[    0.349427] NET: Registered protocol family 2
[    0.349503] IP idents hash table entries: 32768 (order: 6, 262144 bytes, linear)
[    0.349913] MPTCP tokens hash table entries: 8192 (order: 4, 65536 bytes, linear)
[    0.349933] MPTCP request tokens hash table entries: 8192 (order: 4, 65536 bytes, linear)
[    0.349958] default registered
[    0.349959] default registered
[    0.349959] MPTCP: Stable release v0.96
[    0.349964] tcp_listen_portaddr_hash hash table entries: 1024 (order: 2, 16384 bytes, linear)
[    0.350046] TCP established hash table entries: 16384 (order: 5, 131072 bytes, linear)
[    0.350113] TCP bind hash table entries: 16384 (order: 6, 262144 bytes, linear)
[    0.350138] TCP: Hash tables configured (established 16384 bind 16384)
[    0.350854] UDP hash table entries: 1024 (order: 3, 32768 bytes, linear)
[    0.350866] UDP-Lite hash table entries: 1024 (order: 3, 32768 bytes, linear)
[    0.350901] NET: Registered protocol family 1
[    0.350910] NET: Registered protocol family 44
[    0.350933] pci 0000:00:00.0: Limiting direct PCI/PCI transfers
[    0.350945] pci 0000:00:01.0: Activating ISA DMA hang workarounds
[    0.351002] pci 0000:00:02.0: Video device with shadowed ROM at [mem 0x000c0000-0x000dffff]
[    0.351068] PCI: CLS 0 bytes, default 64
[    0.351117] Trying to unpack rootfs image as initramfs...
[    0.523409] Freeing initrd memory: 47868K
[    0.523409] clocksource: tsc: mask: 0xffffffffffffffff max_cycles: 0x1e4530a99b6, max_idle_ns: 440795257976 ns
[    0.523409] clocksource: Switched to clocksource tsc
[    0.523409] platform rtc_cmos: registered platform RTC device (no PNP device found)
[    0.523409] check: Scanning for low memory corruption every 60 seconds
[    0.523409] Initialise system trusted keyrings
[    0.523409] Key type blacklist registered
[    0.523409] workingset: timestamp_bits=36 max_order=19 bucket_order=0
[    0.523409] zbud: loaded
[    0.523409] squashfs: version 4.0 (2009/01/31) Phillip Lougher
[    0.523409] fuse: init (API version 7.31)
[    0.523409] *** VALIDATE fuse ***
[    0.523409] *** VALIDATE fuse ***
[    0.523409] Platform Keyring initialized
[    0.538467] Key type asymmetric registered
[    0.538468] Asymmetric key parser 'x509' registered
[    0.538478] Block layer SCSI generic (bsg) driver version 0.4 loaded (major 244)
[    0.538519] io scheduler mq-deadline registered
[    0.538644] shpchp: Standard Hot Plug PCI Controller Driver version: 0.4
[    0.538872] ACPI: AC Adapter [AC] (on-line)
[    0.538917] input: Power Button as /devices/LNXSYSTM:00/LNXPWRBN:00/input/input0
[    0.538947] ACPI: Power Button [PWRF]
[    0.539038] input: Sleep Button as /devices/LNXSYSTM:00/LNXSLPBN:00/input/input1
[    0.539053] ACPI: Sleep Button [SLPF]
[    0.539297] Serial: 8250/16550 driver, 32 ports, IRQ sharing enabled
[    0.540462] Linux agpgart interface v0.103
[    0.635150] loop: module loaded
[    0.635313] ata_piix 0000:00:01.1: version 2.13
[    0.635721] scsi host0: ata_piix
[    0.635825] scsi host1: ata_piix
[    0.635852] ata1: PATA max UDMA/33 cmd 0x1f0 ctl 0x3f6 bmdma 0xd000 irq 14
[    0.635853] ata2: PATA max UDMA/33 cmd 0x170 ctl 0x376 bmdma 0xd008 irq 15
[    0.635939] tun: Universal TUN/TAP device driver, 1.6
[    0.636250] PPP generic driver version 2.4.2
[    0.636293] VFIO - User Level meta-driver version: 0.3
[    0.636529] ehci_hcd: USB 2.0 'Enhanced' Host Controller (EHCI) Driver
[    0.636534] ehci-pci: EHCI PCI platform driver
[    0.636549] ehci-platform: EHCI generic platform driver
[    0.636555] ohci_hcd: USB 1.1 'Open' Host Controller (OHCI) Driver
[    0.636556] ohci-pci: OHCI PCI platform driver
[    0.636563] ohci-platform: OHCI generic platform driver
[    0.636568] uhci_hcd: USB Universal Host Controller Interface driver
[    0.636633] i8042: PNP: PS/2 Controller [PNP0303:PS2K,PNP0f03:PS2M] at 0x60,0x64 irq 1,12
[    0.637078] serio: i8042 KBD port at 0x60,0x64 irq 1
[    0.637082] serio: i8042 AUX port at 0x60,0x64 irq 12
[    0.637167] mousedev: PS/2 mouse device common for all mice
[    0.637433] input: AT Translated Set 2 keyboard as /devices/platform/i8042/serio0/input/input2
[    0.637833] rtc_cmos rtc_cmos: registered as rtc0
[    0.637847] rtc_cmos rtc_cmos: alarms up to one day, 114 bytes nvram
[    0.637852] i2c /dev entries driver
[    0.637897] device-mapper: uevent: version 1.0.3
[    0.637940] device-mapper: ioctl: 4.41.0-ioctl (2019-09-16) initialised: dm-devel@redhat.com
[    0.637955] platform eisa.0: Probing EISA bus 0
[    0.637957] platform eisa.0: EISA: Cannot allocate resource for mainboard
[    0.637958] platform eisa.0: Cannot allocate resource for EISA slot 1
[    0.637959] platform eisa.0: Cannot allocate resource for EISA slot 2
[    0.637960] platform eisa.0: Cannot allocate resource for EISA slot 3
[    0.637961] platform eisa.0: Cannot allocate resource for EISA slot 4
[    0.637962] platform eisa.0: Cannot allocate resource for EISA slot 5
[    0.637963] platform eisa.0: Cannot allocate resource for EISA slot 6
[    0.637964] platform eisa.0: Cannot allocate resource for EISA slot 7
[    0.637965] platform eisa.0: Cannot allocate resource for EISA slot 8
[    0.637966] platform eisa.0: EISA: Detected 0 cards
[    0.637969] intel_pstate: CPU model not supported
[    0.637977] ledtrig-cpu: registered to indicate activity on CPUs
[    0.638032] drop_monitor: Initializing network drop monitor service
[    0.638193] NET: Registered protocol family 10
[    0.643278] Segment Routing with IPv6
[    0.643278] fullmesh registered
[    0.643278] ndiffports registered
[    0.643278] binder registered
[    0.643278] roundrobin registered
[    0.643278] redundant registered
[    0.643278] blest registered
[    0.643278] ecf registered
[    0.643278] NET: Registered protocol family 17
[    0.643278] Key type dns_resolver registered
[    0.643278] RAS: Correctable Errors collector initialized.
[    0.643278] IPI shorthand broadcast: enabled
[    0.643278] sched_clock: Marking stable (628169494, 11109186)->(642598872, -3320192)
[    0.643638] registered taskstats version 1
[    0.643647] Loading compiled-in X.509 certificates
[    0.644248] Loaded X.509 cert 'Build time autogenerated kernel key: 6909f3744cebb3d0de528d5887b96a727de79b1e'
[    0.644267] zswap: loaded using pool lzo/zbud
[    0.644323] Key type ._fscrypt registered
[    0.644323] Key type .fscrypt registered
[    0.648913] Key type big_key registered
[    0.651140] Key type encrypted registered
[    0.651142] AppArmor: AppArmor sha1 policy hashing enabled
[    0.651150] ima: No TPM chip found, activating TPM-bypass!
[    0.651154] ima: Allocated hash algorithm: sha1
[    0.651159] ima: No architecture policies found
[    0.651169] evm: Initialising EVM extended attributes:
[    0.651169] evm: security.selinux
[    0.651170] evm: security.SMACK64
[    0.651170] evm: security.SMACK64EXEC
[    0.651171] evm: security.SMACK64TRANSMUTE
[    0.651171] evm: security.SMACK64MMAP
[    0.651172] evm: security.apparmor
[    0.651172] evm: security.ima
[    0.651173] evm: security.capability
[    0.651173] evm: HMAC attrs: 0x1
[    0.651468] PM:   Magic number: 10:768:889
[    0.651572] rtc_cmos rtc_cmos: setting system clock to 2026-01-13T14:51:15 UTC (1768315875)
[    0.807097] ata1.00: ATA-6: VBOX HARDDISK, 1.0, max UDMA/133
[    0.807099] ata1.00: 209715200 sectors, multi 128: LBA 
[    0.807600] scsi 0:0:0:0: Direct-Access     ATA      VBOX HARDDISK    1.0  PQ: 0 ANSI: 5
[    0.807844] sd 0:0:0:0: [sda] 209715200 512-byte logical blocks: (107 GB/100 GiB)
[    0.807854] sd 0:0:0:0: [sda] Write Protect is off
[    0.807856] sd 0:0:0:0: [sda] Mode Sense: 00 3a 00 00
[    0.807871] sd 0:0:0:0: [sda] Write cache: enabled, read cache: enabled, doesn't support DPO or FUA
[    0.808124] sd 0:0:0:0: Attached scsi generic sg0 type 0
[    0.808898]  sda: sda1 sda2
[    0.819291] sd 0:0:0:0: [sda] Attached SCSI disk
[    0.821751] Freeing unused decrypted memory: 2040K
[    0.822526] Freeing unused kernel image memory: 2728K
[    0.822528] Write protecting the kernel read-only data: 22528k
[    0.823323] Freeing unused kernel image memory: 2036K
[    0.823775] Freeing unused kernel image memory: 1432K
[    0.842788] x86/mm: Checked W+X mappings: passed, no W+X pages found.
[    0.842791] Run /init as init process
[    0.939151] ACPI: Video Device [GFX0] (multi-head: yes  rom: no  post: no)
[    0.939224] input: Video Bus as /devices/LNXSYSTM:00/LNXSYBUS:00/PNP0A03:00/LNXVIDEO:00/input/input4
[    0.954337] piix4_smbus 0000:00:07.0: SMBus Host Controller at 0x4100, revision 0
[    0.956869] e1000: Intel(R) PRO/1000 Network Driver - version 7.3.21-k8-NAPI
[    0.956870] e1000: Copyright (c) 1999-2006 Intel Corporation.
[    0.967829] pcnet32: pcnet32.c:v1.35 21.Apr.2008 tsbogend@alpha.franken.de
[    0.977628] pcnet32: PCnet/FAST III 79C973 at 0xd020, 08:00:27:1d:f6:b4 assigned IRQ 19
[    0.977671] pcnet32: Found PHY 0022:561b at address 0
[    0.977972] pcnet32: eth0: registered as PCnet/FAST III 79C973
[    0.982850] pcnet32: 1 cards_found
[    1.038268] pcnet32 0000:00:03.0 enp0s3: renamed from eth0
[    1.176748] input: ImExPS/2 Generic Explorer Mouse as /devices/platform/i8042/serio1/input/input5
[    1.367471] e1000 0000:00:08.0 eth0: (PCI:33MHz:32-bit) 08:00:27:ca:98:50
[    1.367474] e1000 0000:00:08.0 eth0: Intel(R) PRO/1000 Network Connection
[    1.739478] e1000 0000:00:09.0 eth1: (PCI:33MHz:32-bit) 08:00:27:08:a6:93
[    1.739481] e1000 0000:00:09.0 eth1: Intel(R) PRO/1000 Network Connection
[    1.740632] e1000 0000:00:08.0 enp0s8: renamed from eth0
[    1.742417] e1000 0000:00:09.0 enp0s9: renamed from eth1
[    1.886113] EXT4-fs (sda2): mounted filesystem with ordered data mode. Opts: (null)
[    1.966499] systemd[1]: Inserted module 'autofs4'
[    1.976125] systemd[1]: systemd 245.4-4ubuntu3 running in system mode. (+PAM +AUDIT +SELINUX +IMA +APPARMOR +SMACK +SYSVINIT +UTMP +LIBCRYPTSETUP +GCRYPT +GNUTLS +ACL +XZ +LZ4 +SECCOMP +BLKID +ELFUTILS +KMOD +IDN2 -IDN +PCRE2 default-hierarchy=hybrid)
[    1.976156] systemd[1]: Detected virtualization oracle.
[    1.976159] systemd[1]: Detected architecture x86-64.
[    1.977423] systemd[1]: Set hostname to <ztg>.
[    2.102511] systemd[1]: /lib/systemd/system/dbus.socket:5: ListenStream= references a path below legacy directory /var/run/, updating /var/run/dbus/system_bus_socket â†’ /run/dbus/system_bus_socket; please update the unit file accordingly.
[    2.155397] systemd[1]: Created slice system-modprobe.slice.
[    2.155582] systemd[1]: Created slice User and Session Slice.
[    2.155627] systemd[1]: Started Forward Password Requests to Wall Directory Watch.
[    2.155784] systemd[1]: Set up automount Arbitrary Executable File Formats File System Automount Point.
[    2.155832] systemd[1]: Reached target User and Group Name Lookups.
[    2.155841] systemd[1]: Reached target Remote File Systems.
[    2.155849] systemd[1]: Reached target Slices.
[    2.156404] systemd[1]: Listening on Syslog Socket.
[    2.156470] systemd[1]: Listening on fsck to fsckd communication Socket.
[    2.156506] systemd[1]: Listening on initctl Compatibility Named Pipe.
[    2.156636] systemd[1]: Listening on Journal Audit Socket.
[    2.156688] systemd[1]: Listening on Journal Socket (/dev/log).
[    2.156753] systemd[1]: Listening on Journal Socket.
[    2.156815] systemd[1]: Listening on udev Control Socket.
[    2.156853] systemd[1]: Listening on udev Kernel Socket.
[    2.157577] systemd[1]: Mounting Huge Pages File System...
[    2.158463] systemd[1]: Mounting POSIX Message Queue File System...
[    2.159400] systemd[1]: Mounting Kernel Debug File System...
[    2.160236] systemd[1]: Mounting Kernel Trace File System...
[    2.162148] systemd[1]: Starting Journal Service...
[    2.185715] systemd[1]: Starting Set the console keyboard layout...
[    2.193502] systemd[1]: Starting Create list of static device nodes for the current kernel...
[    2.195535] systemd[1]: Starting Load Kernel Module drm...
[    2.196914] systemd[1]: Condition check resulted in Set Up Additional Binary Formats being skipped.
[    2.196958] systemd[1]: Condition check resulted in File System Check on Root Device being skipped.
[    2.208821] systemd[1]: Starting Load Kernel Modules...
[    2.209565] systemd[1]: Starting Remount Root and Kernel File Systems...
[    2.210320] systemd[1]: Starting udev Coldplug all Devices...
[    2.211081] systemd[1]: Starting Uncomplicated firewall...
[    2.245721] systemd[1]: Mounted Huge Pages File System.
[    2.245814] systemd[1]: Mounted POSIX Message Queue File System.
[    2.245886] systemd[1]: Mounted Kernel Debug File System.
[    2.245955] systemd[1]: Mounted Kernel Trace File System.
[    2.263915] EXT4-fs (sda2): re-mounted. Opts: errors=remount-ro
[    2.264054] systemd[1]: Finished Create list of static device nodes for the current kernel.
[    2.265053] systemd[1]: modprobe@drm.service: Succeeded.
[    2.267515] systemd[1]: Finished Load Kernel Module drm.
[    2.272250] systemd[1]: Finished Remount Root and Kernel File Systems.
[    2.272606] systemd[1]: Finished Uncomplicated firewall.
[    2.274355] systemd[1]: Condition check resulted in Rebuild Hardware Database being skipped.
[    2.274387] systemd[1]: Condition check resulted in Platform Persistent Storage Archival being skipped.
[    2.275062] systemd[1]: Starting Load/Save Random Seed...
[    2.279942] systemd[1]: Starting Create System Users...
[    2.291712] systemd[1]: Finished Load/Save Random Seed.
[    2.292896] lp: driver loaded but no devices found
[    2.330885] systemd[1]: Finished Create System Users.
[    2.331616] systemd[1]: Starting Create Static Device Nodes in /dev...
[    2.337118] ppdev: user-space parallel port driver
[    2.357181] systemd[1]: Finished Create Static Device Nodes in /dev.
[    2.357992] systemd[1]: Starting udev Kernel Device Manager...
[    2.397779] systemd[1]: Finished udev Coldplug all Devices.
[    2.399490] [drm] DMA map mode: Caching DMA mappings.
[    2.399552] [drm] Capabilities:
[    2.399552] [drm]   Rect copy.
[    2.399553] [drm]   Cursor.
[    2.399553] [drm]   Cursor bypass.
[    2.399553] [drm]   Cursor bypass 2.
[    2.399554] [drm]   Alpha cursor.
[    2.399554] [drm]   Extended Fifo.
[    2.399555] [drm]   Pitchlock.
[    2.399555] [drm]   Irq mask.
[    2.399555] [drm]   GMR.
[    2.399556] [drm]   Traces.
[    2.399556] [drm]   GMR2.
[    2.399556] [drm]   Screen Object 2.
[    2.399557] [drm]   Command Buffers.
[    2.399557] [drm]   Command Buffers 2.
[    2.399557] [drm]   Guest Backed Resources.
[    2.399558] [drm] Max GMR ids is 8192
[    2.399559] [drm] Max number of GMR pages is 1048576
[    2.399559] [drm] Max dedicated hypervisor surface memory is 393216 kiB
[    2.399560] [drm] Maximum display memory size is 131072 kiB
[    2.399561] [drm] VRAM at 0xe0000000 size is 131072 kiB
[    2.399561] [drm] MMIO at 0xf0000000 size is 2048 kiB
[    2.405855] [TTM] Zone  kernel: Available graphics memory: 1011738 KiB
[    2.405856] [TTM] Initializing pool allocator
[    2.405860] [TTM] Initializing DMA pool allocator
[    2.405890] [drm] Supports vblank timestamp caching Rev 2 (21.10.2013).
[    2.405891] [drm] No driver support for vblank timestamp query.
[    2.406109] [drm] Screen Target Display device initialized
[    2.406326] [drm] width 720
[    2.406335] [drm] height 400
[    2.406338] [drm] bpp 32
[    2.406868] [drm] Fifo max 0x00200000 min 0x00001000 cap 0x00000355
[    2.407983] [drm] Using command buffers with DMA pool.
[    2.407988] [drm] DX: no.
[    2.407988] [drm] Atomic: yes.
[    2.407989] [drm] SM4_1: no.
[    2.408010] [drm:vmw_host_log [vmwgfx]] *ERROR* Failed to send host log message.
[    2.424943] [drm:vmw_host_log [vmwgfx]] *ERROR* Failed to send host log message.
[    2.437473] fbcon: svgadrmfb (fb0) is primary device
[    2.439598] Console: switching to colour frame buffer device 100x37
[    2.444541] [drm] Initialized vmwgfx 2.15.0 20180704 for 0000:00:02.0 on minor 0
[    2.446751] systemd[1]: Finished Load Kernel Modules.
[    2.447732] systemd[1]: Mounting FUSE Control File System...
[    2.448649] systemd[1]: Mounting Kernel Configuration File System...
[    2.449457] systemd[1]: Starting Apply Kernel Variables...
[    2.473622] systemd[1]: Mounted FUSE Control File System.
[    2.473695] systemd[1]: Condition check resulted in VMware vmblock fuse mount being skipped.
[    2.477886] systemd[1]: Mounted Kernel Configuration File System.
[    2.507557] systemd[1]: Finished Set the console keyboard layout.
[    2.507657] systemd[1]: Reached target Local File Systems (Pre).
[    2.510277] systemd[1]: Mounting Mount unit for bare, revision 5...
[    2.513830] systemd[1]: Mounting Mount unit for core18, revision 1705...
[    2.521324] systemd[1]: Mounting Mount unit for gnome-3-34-1804, revision 24...
[    2.529919] systemd[1]: Mounting Mount unit for gtk-common-themes, revision 1506...
[    2.535624] systemd[1]: Mounting Mount unit for gtk-common-themes, revision 1535...
[    2.547003] systemd[1]: Mounting Mount unit for snap-store, revision 433...
[    2.563749] systemd[1]: Mounting Mount unit for snapd, revision 25935...
[    2.595302] systemd[1]: Finished Apply Kernel Variables.
[    2.596906] systemd[1]: Started udev Kernel Device Manager.
[    2.597001] systemd[1]: Mounted Mount unit for bare, revision 5.
[    2.597099] systemd[1]: Mounted Mount unit for core18, revision 1705.
[    2.597172] systemd[1]: Mounted Mount unit for gnome-3-34-1804, revision 24.
[    2.604832] systemd[1]: Starting Show Plymouth Boot Screen...
[    2.608645] systemd[1]: Mounted Mount unit for gtk-common-themes, revision 1506.
[    2.609140] systemd[1]: Received SIGRTMIN+20 from PID 279 (plymouthd).
[    2.639519] systemd[1]: Mounted Mount unit for gtk-common-themes, revision 1535.
[    2.639667] systemd[1]: Started Show Plymouth Boot Screen.
[    2.639779] systemd[1]: Condition check resulted in Dispatch Password Requests to Console Directory Watch being skipped.
[    2.639872] systemd[1]: Started Forward Password Requests to Plymouth Directory Watch.
[    2.639903] systemd[1]: Reached target Local Encrypted Volumes.
[    2.675210] systemd[1]: Mounted Mount unit for snap-store, revision 433.
[    2.675430] systemd[1]: Mounted Mount unit for snapd, revision 25935.
[    2.675583] systemd[1]: Reached target Local File Systems.
[    2.676376] systemd[1]: Starting Load AppArmor profiles...
[    2.679678] systemd[1]: Starting Set console font and keymap...
[    2.692616] systemd[1]: Starting Tell Plymouth To Write Out Runtime Data...
[    2.692784] systemd[1]: Condition check resulted in Store a System Token in an EFI Variable being skipped.
[    2.692849] systemd[1]: Condition check resulted in Commit a transient machine-id on disk being skipped.
[    2.698281] systemd[1]: Finished Set console font and keymap.
[    2.705249] systemd[1]: Received SIGRTMIN+20 from PID 279 (plymouthd).
[    2.706366] systemd[1]: plymouth-read-write.service: Succeeded.
[    2.706610] systemd[1]: Finished Tell Plymouth To Write Out Runtime Data.
[    2.721996] audit: type=1400 audit(1768315877.564:2): apparmor="STATUS" operation="profile_load" profile="unconfined" name="nvidia_modprobe" pid=299 comm="apparmor_parser"
[    2.721999] audit: type=1400 audit(1768315877.564:3): apparmor="STATUS" operation="profile_load" profile="unconfined" name="nvidia_modprobe//kmod" pid=299 comm="apparmor_parser"
[    2.732513] audit: type=1400 audit(1768315877.576:4): apparmor="STATUS" operation="profile_load" profile="unconfined" name="/usr/sbin/tcpdump" pid=300 comm="apparmor_parser"
[    2.776994] audit: type=1400 audit(1768315877.612:5): apparmor="STATUS" operation="profile_load" profile="unconfined" name="/usr/bin/evince" pid=302 comm="apparmor_parser"
[    2.776996] audit: type=1400 audit(1768315877.612:6): apparmor="STATUS" operation="profile_load" profile="unconfined" name="/usr/bin/evince//sanitized_helper" pid=302 comm="apparmor_parser"
[    2.776998] audit: type=1400 audit(1768315877.612:7): apparmor="STATUS" operation="profile_load" profile="unconfined" name="/usr/bin/evince-previewer" pid=302 comm="apparmor_parser"
[    2.776999] audit: type=1400 audit(1768315877.612:8): apparmor="STATUS" operation="profile_load" profile="unconfined" name="/usr/bin/evince-previewer//sanitized_helper" pid=302 comm="apparmor_parser"
[    2.777001] audit: type=1400 audit(1768315877.612:9): apparmor="STATUS" operation="profile_load" profile="unconfined" name="/usr/bin/evince-thumbnailer" pid=302 comm="apparmor_parser"
[    2.792955] audit: type=1400 audit(1768315877.636:10): apparmor="STATUS" operation="profile_load" profile="unconfined" name="/usr/lib/cups/backend/cups-pdf" pid=303 comm="apparmor_parser"
[    2.875803] systemd[1]: Finished Load AppArmor profiles.
[    2.876756] systemd[1]: Starting Load AppArmor profiles managed internally by snapd...
[    2.983975] systemd[1]: Finished Load AppArmor profiles managed internally by snapd.
[    3.179563] systemd[1]: Started Journal Service.
[    3.187203] systemd-journald[229]: Received client request to flush runtime journal.
[    3.190487] systemd-journald[229]: File /var/log/journal/c455b248004a419c87ce85eea238d727/system.journal corrupted or uncleanly shut down, renaming and replacing.
[    4.442780] RAPL PMU: API unit is 2^-32 Joules, 0 fixed counters, 10737418240 ms ovfl timer
[    4.527389] cryptd: max_cpu_qlen set to 1000
[    4.573585] AVX2 version of gcm_enc/dec engaged.
[    4.573586] AES CTR mode by8 optimization enabled
[    6.328077] Adding 1998844k swap on /dev/sda1.  Priority:-2 extents:1 across:1998844k FS
[    7.277127] kauditd_printk_skb: 30 callbacks suppressed
[    7.277129] audit: type=1400 audit(1768315882.120:41): apparmor="DENIED" operation="capable" profile="/usr/sbin/cups-browsed" pid=507 comm="cups-browsed" capability=23  capname="sys_nice"
[    8.682635] pcnet32 0000:00:03.0 enp0s3: link up, 100Mbps, full-duplex
[    8.732485] e1000: enp0s8 NIC Link is Up 1000 Mbps Full Duplex, Flow Control: RX
[    8.732760] IPv6: ADDRCONF(NETDEV_CHANGE): enp0s8: link becomes ready
[    8.751612] e1000: enp0s9 NIC Link is Up 1000 Mbps Full Duplex, Flow Control: RX
[    8.751901] IPv6: ADDRCONF(NETDEV_CHANGE): enp0s9: link becomes ready
[    9.378250] device enp0s3 entered promiscuous mode
[    9.384103] audit: type=1400 audit(1768315884.232:42): apparmor="DENIED" operation="open" profile="/usr/sbin/tcpdump" name="/proc/sys/kernel/random/boot_id" pid=626 comm="tcpdump" requested_mask="r" denied_mask="r" fsuid=0 ouid=0
[    9.384722] audit: type=1400 audit(1768315884.232:43): apparmor="DENIED" operation="open" profile="/usr/sbin/tcpdump" name="/proc/sys/kernel/random/boot_id" pid=626 comm="tcpdump" requested_mask="r" denied_mask="r" fsuid=0 ouid=0
[    9.384776] audit: type=1400 audit(1768315884.232:44): apparmor="DENIED" operation="open" profile="/usr/sbin/tcpdump" name="/proc/sys/kernel/random/boot_id" pid=626 comm="tcpdump" requested_mask="r" denied_mask="r" fsuid=0 ouid=0
[    9.393634] audit: type=1400 audit(1768315884.232:45): apparmor="DENIED" operation="open" profile="/usr/sbin/tcpdump" name="/proc/sys/kernel/random/boot_id" pid=626 comm="tcpdump" requested_mask="r" denied_mask="r" fsuid=0 ouid=0
[    9.401065] audit: type=1400 audit(1768315884.240:46): apparmor="DENIED" operation="open" profile="/usr/sbin/tcpdump" name="/proc/sys/kernel/random/boot_id" pid=627 comm="tcpdump" requested_mask="r" denied_mask="r" fsuid=0 ouid=0
[    9.401687] audit: type=1400 audit(1768315884.240:47): apparmor="DENIED" operation="open" profile="/usr/sbin/tcpdump" name="/proc/sys/kernel/random/boot_id" pid=627 comm="tcpdump" requested_mask="r" denied_mask="r" fsuid=0 ouid=0
[    9.401728] audit: type=1400 audit(1768315884.240:48): apparmor="DENIED" operation="open" profile="/usr/sbin/tcpdump" name="/proc/sys/kernel/random/boot_id" pid=627 comm="tcpdump" requested_mask="r" denied_mask="r" fsuid=0 ouid=0
[    9.401832] audit: type=1400 audit(1768315884.240:49): apparmor="DENIED" operation="open" profile="/usr/sbin/tcpdump" name="/proc/sys/kernel/random/boot_id" pid=627 comm="tcpdump" requested_mask="r" denied_mask="r" fsuid=0 ouid=0
[   15.082343] rfkill: input handler disabled
[  340.933800] AAAAA-TCP_FORW: name:enp0s3: saddr:100932208: daddr:16783984
[  340.965540] AAAAA-TCP_FORW: name:enp0s3: saddr:100932208: daddr:16783984
[  340.997118] AAAAA-TCP_FORW: name:enp0s3: saddr:100932208: daddr:33561200
[  341.054460] AAAAA-TCP_FORW: name:enp0s3: saddr:100932208: daddr:33561200
[  341.130066] AAAAA-TCP_FORW: name:enp0s3: saddr:100932208: daddr:16783984
[  341.200752] AAAAA-TCP_FORW: name:enp0s3: saddr:100932208: daddr:16783984
[  341.256770] AAAAA-TCP_FORW: name:enp0s3: saddr:100932208: daddr:33561200
[  341.413238] AAAAA-TCP_FORW: name:enp0s3: saddr:100932208: daddr:33561200
[  341.500379] AAAAA-TCP_FORW: name:enp0s3: saddr:100932208: daddr:16783984
[  341.690196] AAAAA-TCP_FORW: name:enp0s3: saddr:100932208: daddr:16783984
[  341.776100] AAAAA-TCP_FORW: name:enp0s3: saddr:100932208: daddr:33561200
[  341.862811] AAAAA-TCP_FORW: name:enp0s3: saddr:100932208: daddr:33561200
[  341.968942] AAAAA-TCP_FORW: name:enp0s3: saddr:100932208: daddr:16783984
[  342.014365] AAAAA-TCP_FORW: name:enp0s3: saddr:33561200: daddr:100932208
[  342.090664] AAAAA-TCP_FORW: name:enp0s3: saddr:100932208: daddr:16783984
[  342.164146] AAAAA-TCP_FORW: name:enp0s3: saddr:100932208: daddr:33561200
[  342.212289] AAAAA-TCP_FORW: name:enp0s3: saddr:100932208: daddr:33561200
[  342.400786] AAAAA-TCP_FORW: name:enp0s3: saddr:100932208: daddr:16783984
[  342.518037] AAAAA-TCP_FORW: name:enp0s3: saddr:100932208: daddr:16783984
[  342.557662] AAAAA-TCP_FORW: name:enp0s3: saddr:33561200: daddr:100932208
[  342.586081] AAAAA-TCP_FORW: name:enp0s3: saddr:100932208: daddr:33561200
[  342.699580] AAAAA-TCP_FORW: name:enp0s3: saddr:100932208: daddr:33561200
[  342.787244] AAAAA-TCP_FORW: name:enp0s3: saddr:100932208: daddr:16783984
[  342.885271] AAAAA-TCP_FORW: name:enp0s3: saddr:100932208: daddr:16783984
[  342.964686] AAAAA-TCP_FORW: name:enp0s3: saddr:16783984: daddr:100932208
[  342.976307] AAAAA-TCP_FORW: name:enp0s3: saddr:100932208: daddr:33561200
[  343.037416] AAAAA-TCP_FORW: name:enp0s3: saddr:100932208: daddr:33561200
[  343.112906] AAAAA-TCP_FORW: name:enp0s3: saddr:100932208: daddr:16783984
[  343.143803] AAAAA-TCP_FORW: name:enp0s3: saddr:100932208: daddr:16783984
[  343.168779] AAAAA-TCP_FORW: name:enp0s3: saddr:100932208: daddr:33561200
[  343.218229] AAAAA-TCP_FORW: name:enp0s3: saddr:100932208: daddr:33561200
[  343.270196] AAAAA-TCP_FORW: name:enp0s3: saddr:100932208: daddr:16783984
[  343.338669] AAAAA-TCP_FORW: name:enp0s3: saddr:100932208: daddr:16783984
[  343.364193] AAAAA-TCP_FORW: name:enp0s3: saddr:16783984: daddr:100932208
[  343.389839] AAAAA-TCP_FORW: name:enp0s3: saddr:100932208: daddr:33561200
[  343.433681] AAAAA-TCP_FORW: name:enp0s3: saddr:100932208: daddr:16783984
[  343.447657] AAAAA-TCP_FORW: name:enp0s3: saddr:33561200: daddr:100932208
[  343.478889] AAAAA-TCP_FORW: name:enp0s3: saddr:100932208: daddr:16783984
[  343.532411] AAAAA-TCP_FORW: name:enp0s3: saddr:100932208: daddr:16783984
[  343.587532] AAAAA-TCP_FORW: name:enp0s3: saddr:100932208: daddr:16783984
[  343.621454] AAAAA-TCP_FORW: name:enp0s3: saddr:100932208: daddr:16783984
[  343.632496] AAAAA-TCP_FORW: name:enp0s3: saddr:33561200: daddr:100932208
[  343.663294] AAAAA-TCP_FORW: name:enp0s3: saddr:100932208: daddr:16783984
[  343.709723] AAAAA-TCP_FORW: name:enp0s3: saddr:100932208: daddr:16783984
[  343.725402] AAAAA-TCP_FORW: name:enp0s3: saddr:16783984: daddr:100932208
[  343.877067] AAAAA-TCP_FORW: name:enp0s3: saddr:100932208: daddr:16783984
[  343.931201] AAAAA-TCP_FORW: name:enp0s3: saddr:100932208: daddr:16783984
[  344.003327] AAAAA-TCP_FORW: name:enp0s3: saddr:100932208: daddr:16783984
[  344.088001] AAAAA-TCP_FORW: name:enp0s3: saddr:100932208: daddr:16783984
[  344.211911] AAAAA-TCP_FORW: name:enp0s3: saddr:100932208: daddr:33561200
[  344.275282] AAAAA-TCP_FORW: name:enp0s3: saddr:100932208: daddr:33561200
[  344.923437] AAAAA-TCP_FORW: name:enp0s3: saddr:100932208: daddr:16783984
[  345.022551] AAAAA-TCP_FORW: name:enp0s3: saddr:100932208: daddr:16783984
[  345.105783] AAAAA-TCP_FORW: name:enp0s3: saddr:100932208: daddr:16783984
[  345.190373] AAAAA-TCP_FORW: name:enp0s3: saddr:100932208: daddr:16783984
[  345.264839] AAAAA-TCP_FORW: name:enp0s3: saddr:100932208: daddr:16783984
[  345.403977] AAAAA-TCP_FORW: name:enp0s3: saddr:100932208: daddr:16783984
[  345.490855] AAAAA-TCP_FORW: name:enp0s3: saddr:100932208: daddr:16783984
[  345.539603] AAAAA-TCP_FORW: name:enp0s3: saddr:100932208: daddr:16783984
[  345.631130] AAAAA-TCP_FORW: name:enp0s3: saddr:100932208: daddr:16783984
[  345.730554] AAAAA-TCP_FORW: name:enp0s3: saddr:100932208: daddr:16783984
[  345.865354] AAAAA-TCP_FORW: name:enp0s3: saddr:100932208: daddr:16783984
[  345.916202] AAAAA-TCP_FORW: name:enp0s3: saddr:100932208: daddr:16783984
[  345.977134] AAAAA-TCP_FORW: name:enp0s3: saddr:100932208: daddr:33561200
[  346.079076] AAAAA-TCP_FORW: name:enp0s3: saddr:100932208: daddr:33561200
[  346.140224] AAAAA-TCP_FORW: name:enp0s3: saddr:100932208: daddr:33561200
[  346.312618] AAAAA-TCP_FORW: name:enp0s3: saddr:100932208: daddr:33561200
[  346.450534] AAAAA-TCP_FORW: name:enp0s3: saddr:100932208: daddr:33561200
[  346.583300] AAAAA-TCP_FORW: name:enp0s3: saddr:100932208: daddr:33561200
[  346.736843] AAAAA-TCP_FORW: name:enp0s3: saddr:100932208: daddr:33561200
[  346.848300] AAAAA-TCP_FORW: name:enp0s3: saddr:100932208: daddr:33561200
[  346.959361] AAAAA-TCP_FORW: name:enp0s3: saddr:100932208: daddr:33561200
[  347.086214] AAAAA-TCP_FORW: name:enp0s3: saddr:100932208: daddr:33561200
[  347.201624] AAAAA-TCP_FORW: name:enp0s3: saddr:100932208: daddr:33561200
[  347.355248] AAAAA-TCP_FORW: name:enp0s3: saddr:100932208: daddr:33561200
[  347.471413] AAAAA-TCP_FORW: name:enp0s3: saddr:100932208: daddr:33561200
[  819.230717] rfkill: input handler enabled
[  828.005591] rfkill: input handler disabled
[ 1020.776661] device enp0s3 left promiscuous mode
