[    0.000000] Linux version 5.4.243-mptcp (root@ztg) (gcc version 12.2.0 (Debian 12.2.0-14+deb12u1)) #53 SMP Wed Dec 24 23:28:15 CST 2025
[    0.000000] Command line: BOOT_IMAGE=/boot/vmlinuz-5.4.243-mptcp root=UUID=98415a12-53b7-4144-8265-0f7ece09e445 ro quiet splash
[    0.000000] KERNEL supported cpus:
[    0.000000]   Intel GenuineIntel
[    0.000000]   AMD AuthenticAMD
[    0.000000]   Hygon HygonGenuine
[    0.000000]   Centaur CentaurHauls
[    0.000000]   zhaoxin   Shanghai  
[    0.000000] x86/fpu: Supporting XSAVE feature 0x001: 'x87 floating point registers'
[    0.000000] x86/fpu: Supporting XSAVE feature 0x002: 'SSE registers'
[    0.000000] x86/fpu: Supporting XSAVE feature 0x004: 'AVX registers'
[    0.000000] x86/fpu: xstate_offset[2]:  576, xstate_sizes[2]:  256
[    0.000000] x86/fpu: Enabled xstate features 0x7, context size is 832 bytes, using 'standard' format.
[    0.000000] BIOS-provided physical RAM map:
[    0.000000] BIOS-e820: [mem 0x0000000000000000-0x000000000009fbff] usable
[    0.000000] BIOS-e820: [mem 0x000000000009fc00-0x000000000009ffff] reserved
[    0.000000] BIOS-e820: [mem 0x00000000000f0000-0x00000000000fffff] reserved
[    0.000000] BIOS-e820: [mem 0x0000000000100000-0x000000007ffeffff] usable
[    0.000000] BIOS-e820: [mem 0x000000007fff0000-0x000000007fffffff] ACPI data
[    0.000000] BIOS-e820: [mem 0x00000000fec00000-0x00000000fec00fff] reserved
[    0.000000] BIOS-e820: [mem 0x00000000fee00000-0x00000000fee00fff] reserved
[    0.000000] BIOS-e820: [mem 0x00000000fffc0000-0x00000000ffffffff] reserved
[    0.000000] NX (Execute Disable) protection: active
[    0.000000] SMBIOS 2.5 present.
[    0.000000] DMI: innotek GmbH VirtualBox/VirtualBox, BIOS VirtualBox 12/01/2006
[    0.000000] Hypervisor detected: KVM
[    0.000000] kvm-clock: Using msrs 4b564d01 and 4b564d00
[    0.000000] kvm-clock: cpu 0, msr 4a801001, primary cpu clock
[    0.000000] kvm-clock: using sched offset of 4441981470 cycles
[    0.000003] clocksource: kvm-clock: mask: 0xffffffffffffffff max_cycles: 0x1cd42e4dffb, max_idle_ns: 881590591483 ns
[    0.000005] tsc: Detected 2100.000 MHz processor
[    0.001862] e820: update [mem 0x00000000-0x00000fff] usable ==> reserved
[    0.001864] e820: remove [mem 0x000a0000-0x000fffff] usable
[    0.001867] last_pfn = 0x7fff0 max_arch_pfn = 0x400000000
[    0.001936] MTRR default type: uncachable
[    0.001937] MTRR fixed ranges enabled:
[    0.001938]   00000-9FFFF write-back
[    0.001939]   A0000-BFFFF uncachable
[    0.001939]   C0000-FFFFF write-protect
[    0.001940] MTRR variable ranges enabled:
[    0.001941]   0 base 000000000000 mask 3FFF80000000 write-back
[    0.001942]   1 disabled
[    0.001943]   2 disabled
[    0.001943]   3 disabled
[    0.001943]   4 disabled
[    0.001944]   5 disabled
[    0.001944]   6 disabled
[    0.001945]   7 disabled
[    0.001945]   8 disabled
[    0.001946]   9 disabled
[    0.001946]   10 disabled
[    0.001947]   11 disabled
[    0.001947]   12 disabled
[    0.001947]   13 disabled
[    0.001948]   14 disabled
[    0.001948]   15 disabled
[    0.001964] x86/PAT: Configuration [0-7]: WB  WC  UC- UC  WB  WP  UC- WT  
[    0.002098] found SMP MP-table at [mem 0x0009fff0-0x0009ffff]
[    0.091254] check: Scanning 1 areas for low memory corruption
[    0.091420] RAMDISK: [mem 0x32271000-0x3512ffff]
[    0.091428] ACPI: Early table checksum verification disabled
[    0.091433] ACPI: RSDP 0x00000000000E0000 000024 (v02 VBOX  )
[    0.091438] ACPI: XSDT 0x000000007FFF0030 00003C (v01 VBOX   VBOXXSDT 00000001 ASL  00000061)
[    0.091444] ACPI: FACP 0x000000007FFF00F0 0000F4 (v04 VBOX   VBOXFACP 00000001 ASL  00000061)
[    0.091450] ACPI: DSDT 0x000000007FFF02E0 002353 (v02 VBOX   VBOXBIOS 00000002 VBOX 00029BF3)
[    0.091454] ACPI: FACS 0x000000007FFF0200 000040
[    0.091458] ACPI: FACS 0x000000007FFF0200 000040
[    0.091461] ACPI: APIC 0x000000007FFF0240 000054 (v02 VBOX   VBOXAPIC 00000001 ASL  00000061)
[    0.091465] ACPI: SSDT 0x000000007FFF02A0 000038 (v01 VBOX   VBOXCPUT 00000002 VBOX 00029BF3)
[    0.091468] ACPI: Reserving FACP table memory at [mem 0x7fff00f0-0x7fff01e3]
[    0.091469] ACPI: Reserving DSDT table memory at [mem 0x7fff02e0-0x7fff2632]
[    0.091470] ACPI: Reserving FACS table memory at [mem 0x7fff0200-0x7fff023f]
[    0.091470] ACPI: Reserving FACS table memory at [mem 0x7fff0200-0x7fff023f]
[    0.091471] ACPI: Reserving APIC table memory at [mem 0x7fff0240-0x7fff0293]
[    0.091472] ACPI: Reserving SSDT table memory at [mem 0x7fff02a0-0x7fff02d7]
[    0.091487] ACPI: Local APIC address 0xfee00000
[    0.091672] No NUMA configuration found
[    0.091673] Faking a node at [mem 0x0000000000000000-0x000000007ffeffff]
[    0.091683] NODE_DATA(0) allocated [mem 0x7ffc5000-0x7ffeffff]
[    0.091944] Zone ranges:
[    0.091945]   DMA      [mem 0x0000000000001000-0x0000000000ffffff]
[    0.091946]   DMA32    [mem 0x0000000001000000-0x000000007ffeffff]
[    0.091947]   Normal   empty
[    0.091948]   Device   empty
[    0.091949] Movable zone start for each node
[    0.091951] Early memory node ranges
[    0.091951]   node   0: [mem 0x0000000000001000-0x000000000009efff]
[    0.091952]   node   0: [mem 0x0000000000100000-0x000000007ffeffff]
[    0.091955] Zeroed struct page in unavailable ranges: 114 pages
[    0.091956] Initmem setup node 0 [mem 0x0000000000001000-0x000000007ffeffff]
[    0.091957] On node 0 totalpages: 524174
[    0.091958]   DMA zone: 64 pages used for memmap
[    0.091959]   DMA zone: 21 pages reserved
[    0.091960]   DMA zone: 3998 pages, LIFO batch:0
[    0.092032]   DMA32 zone: 8128 pages used for memmap
[    0.092032]   DMA32 zone: 520176 pages, LIFO batch:63
[    0.101073] ACPI: PM-Timer IO Port: 0x4008
[    0.101077] ACPI: Local APIC address 0xfee00000
[    0.101146] IOAPIC[0]: apic_id 1, version 32, address 0xfec00000, GSI 0-23
[    0.101150] ACPI: INT_SRC_OVR (bus 0 bus_irq 0 global_irq 2 dfl dfl)
[    0.101151] ACPI: INT_SRC_OVR (bus 0 bus_irq 9 global_irq 9 low level)
[    0.101153] ACPI: IRQ0 used by override.
[    0.101154] ACPI: IRQ9 used by override.
[    0.101157] Using ACPI (MADT) for SMP configuration information
[    0.101166] smpboot: Allowing 1 CPUs, 0 hotplug CPUs
[    0.101189] PM: Registered nosave memory: [mem 0x00000000-0x00000fff]
[    0.101190] PM: Registered nosave memory: [mem 0x0009f000-0x0009ffff]
[    0.101191] PM: Registered nosave memory: [mem 0x000a0000-0x000effff]
[    0.101191] PM: Registered nosave memory: [mem 0x000f0000-0x000fffff]
[    0.101193] [mem 0x80000000-0xfebfffff] available for PCI devices
[    0.101194] Booting paravirtualized kernel on KVM
[    0.101197] clocksource: refined-jiffies: mask: 0xffffffff max_cycles: 0xffffffff, max_idle_ns: 7645519600211568 ns
[    0.101202] setup_percpu: NR_CPUS:8192 nr_cpumask_bits:1 nr_cpu_ids:1 nr_node_ids:1
[    0.102222] percpu: Embedded 60 pages/cpu s208896 r8192 d28672 u2097152
[    0.102227] pcpu-alloc: s208896 r8192 d28672 u2097152 alloc=1*2097152
[    0.102228] pcpu-alloc: [0] 0 
[    0.102255] Built 1 zonelists, mobility grouping on.  Total pages: 515961
[    0.102255] Policy zone: DMA32
[    0.102257] Kernel command line: BOOT_IMAGE=/boot/vmlinuz-5.4.243-mptcp root=UUID=98415a12-53b7-4144-8265-0f7ece09e445 ro quiet splash
[    0.103210] Dentry cache hash table entries: 262144 (order: 9, 2097152 bytes, linear)
[    0.103358] Inode-cache hash table entries: 131072 (order: 8, 1048576 bytes, linear)
[    0.103410] mem auto-init: stack:off, heap alloc:on, heap free:off
[    0.103414] Calgary: detecting Calgary via BIOS EBDA area
[    0.103415] Calgary: Unable to locate Rio Grande table in EBDA - bailing!
[    0.107681] Memory: 1967332K/2096696K available (14339K kernel code, 2398K rwdata, 4712K rodata, 2728K init, 17260K bss, 129364K reserved, 0K cma-reserved)
[    0.108610] SLUB: HWalign=64, Order=0-3, MinObjects=0, CPUs=1, Nodes=1
[    0.108628] ftrace: allocating 43186 entries in 169 pages
[    0.126792] rcu: Hierarchical RCU implementation.
[    0.126794] rcu: 	RCU restricting CPUs from NR_CPUS=8192 to nr_cpu_ids=1.
[    0.126795] 	Tasks RCU enabled.
[    0.126796] rcu: RCU calculated value of scheduler-enlistment delay is 25 jiffies.
[    0.126797] rcu: Adjusting geometry for rcu_fanout_leaf=16, nr_cpu_ids=1
[    0.129763] NR_IRQS: 524544, nr_irqs: 256, preallocated irqs: 16
[    0.129977] random: crng init done
[    0.139252] Console: colour VGA+ 80x25
[    0.139256] printk: console [tty0] enabled
[    0.139280] ACPI: Core revision 20190816
[    0.139382] APIC: Switch to symmetric I/O mode setup
[    0.139631] x2apic enabled
[    0.139865] Switched APIC routing to physical x2apic.
[    0.140989] ..TIMER: vector=0x30 apic1=0 pin1=2 apic2=-1 pin2=-1
[    0.141017] clocksource: tsc-early: mask: 0xffffffffffffffff max_cycles: 0x1e4530a99b6, max_idle_ns: 440795257976 ns
[    0.141023] Calibrating delay loop (skipped) preset value.. 4200.00 BogoMIPS (lpj=8400000)
[    0.141025] pid_max: default: 32768 minimum: 301
[    0.141053] LSM: Security Framework initializing
[    0.141063] Yama: becoming mindful.
[    0.141091] AppArmor: AppArmor initialized
[    0.141124] Mount-cache hash table entries: 4096 (order: 3, 32768 bytes, linear)
[    0.141129] Mountpoint-cache hash table entries: 4096 (order: 3, 32768 bytes, linear)
[    0.141139] *** VALIDATE tmpfs ***
[    0.141270] *** VALIDATE proc ***
[    0.141311] *** VALIDATE cgroup1 ***
[    0.141313] *** VALIDATE cgroup2 ***
[    0.141453] process: using mwait in idle threads
[    0.141458] Last level iTLB entries: 4KB 64, 2MB 8, 4MB 8
[    0.141459] Last level dTLB entries: 4KB 64, 2MB 0, 4MB 0, 1GB 4
[    0.141478] Spectre V1 : Mitigation: usercopy/swapgs barriers and __user pointer sanitization
[    0.141483] Spectre V2 : Mitigation: Retpolines
[    0.141484] Spectre V2 : Spectre v2 / SpectreRSB mitigation: Filling RSB on context switch
[    0.141484] Spectre V2 : Spectre v2 / SpectreRSB : Filling RSB on VMEXIT
[    0.141485] RETBleed: WARNING: Spectre v2 mitigation leaves CPU vulnerable to RETBleed attacks, data leaks possible!
[    0.141839] RETBleed: Vulnerable
[    0.141840] Speculative Store Bypass: Vulnerable
[    0.141844] TAA: Mitigation: TSX disabled
[    0.141845] MMIO Stale Data: Mitigation: Clear CPU buffers
[    0.146110] Freeing SMP alternatives memory: 40K
[    0.258445] smpboot: CPU0: Intel(R) Xeon(R) Silver 4216 CPU @ 2.10GHz (family: 0x6, model: 0x55, stepping: 0x7)
[    0.258618] Performance Events: unsupported p6 CPU model 85 no PMU driver, software events only.
[    0.258662] rcu: Hierarchical SRCU implementation.
[    0.259209] NMI watchdog: Perf NMI watchdog permanently disabled
[    0.259250] smp: Bringing up secondary CPUs ...
[    0.259251] smp: Brought up 1 node, 1 CPU
[    0.259252] smpboot: Max logical packages: 1
[    0.259253] smpboot: Total of 1 processors activated (4200.00 BogoMIPS)
[    0.260295] devtmpfs: initialized
[    0.260353] x86/mm: Memory block size: 128MB
[    0.260786] clocksource: jiffies: mask: 0xffffffff max_cycles: 0xffffffff, max_idle_ns: 7645041785100000 ns
[    0.260792] futex hash table entries: 256 (order: 2, 16384 bytes, linear)
[    0.260838] pinctrl core: initialized pinctrl subsystem
[    0.260962] PM: RTC time: 20:07:32, date: 2026-01-12
[    0.261019] NET: Registered protocol family 16
[    0.261019] audit: initializing netlink subsys (disabled)
[    0.261019] EISA bus registered
[    0.261019] cpuidle: using governor ladder
[    0.261019] cpuidle: using governor menu
[    0.261019] ACPI: bus type PCI registered
[    0.261019] acpiphp: ACPI Hot Plug PCI Controller Driver version: 0.5
[    0.261019] PCI: Using configuration type 1 for base access
[    0.261766] audit: type=2000 audit(1768219658.594:1): state=initialized audit_enabled=0 res=1
[    0.261866] HugeTLB registered 2.00 MiB page size, pre-allocated 0 pages
[    0.262819] ACPI: Added _OSI(Module Device)
[    0.262820] ACPI: Added _OSI(Processor Device)
[    0.262820] ACPI: Added _OSI(3.0 _SCP Extensions)
[    0.262821] ACPI: Added _OSI(Processor Aggregator Device)
[    0.262822] ACPI: Added _OSI(Linux-Dell-Video)
[    0.262823] ACPI: Added _OSI(Linux-Lenovo-NV-HDMI-Audio)
[    0.262824] ACPI: Added _OSI(Linux-HPI-Hybrid-Graphics)
[    0.265085] ACPI: 2 ACPI AML tables successfully acquired and loaded
[    0.266811] ACPI: Interpreter enabled
[    0.266821] ACPI: (supports S0 S5)
[    0.266822] ACPI: Using IOAPIC for interrupt routing
[    0.267082] PCI: Using host bridge windows from ACPI; if necessary, use "pci=nocrs" and report a bug
[    0.267199] ACPI: Enabled 2 GPEs in block 00 to 07
[    0.273182] ACPI: PCI Root Bridge [PCI0] (domain 0000 [bus 00-ff])
[    0.273188] acpi PNP0A03:00: _OSC: OS supports [ASPM ClockPM Segments MSI HPX-Type3]
[    0.273638] acpi PNP0A03:00: _OSC: not requesting OS control; OS requires [ExtendedConfig ASPM ClockPM MSI]
[    0.273647] acpi PNP0A03:00: fail to add MMCONFIG information, can't access extended PCI configuration space under this bridge.
[    0.274063] PCI host bridge to bus 0000:00
[    0.274066] pci_bus 0000:00: root bus resource [io  0x0000-0x0cf7 window]
[    0.274067] pci_bus 0000:00: root bus resource [io  0x0d00-0xffff window]
[    0.274068] pci_bus 0000:00: root bus resource [mem 0x000a0000-0x000bffff window]
[    0.274069] pci_bus 0000:00: root bus resource [mem 0x80000000-0xfdffffff window]
[    0.274071] pci_bus 0000:00: root bus resource [bus 00-ff]
[    0.274122] pci 0000:00:00.0: [8086:1237] type 00 class 0x060000
[    0.275119] pci 0000:00:01.0: [8086:7000] type 00 class 0x060100
[    0.275922] pci 0000:00:01.1: [8086:7111] type 00 class 0x01018a
[    0.276295] pci 0000:00:01.1: reg 0x20: [io  0xd000-0xd00f]
[    0.276449] pci 0000:00:01.1: legacy IDE quirk: reg 0x10: [io  0x01f0-0x01f7]
[    0.276449] pci 0000:00:01.1: legacy IDE quirk: reg 0x14: [io  0x03f6]
[    0.276450] pci 0000:00:01.1: legacy IDE quirk: reg 0x18: [io  0x0170-0x0177]
[    0.276451] pci 0000:00:01.1: legacy IDE quirk: reg 0x1c: [io  0x0376]
[    0.276990] pci 0000:00:02.0: [15ad:0405] type 00 class 0x030000
[    0.280210] pci 0000:00:02.0: reg 0x10: [io  0xd010-0xd01f]
[    0.282900] pci 0000:00:02.0: reg 0x14: [mem 0xe0000000-0xe7ffffff pref]
[    0.285068] pci 0000:00:02.0: reg 0x18: [mem 0xf0000000-0xf01fffff]
[    0.297669] pci 0000:00:03.0: [1022:2000] type 00 class 0x020000
[    0.298524] pci 0000:00:03.0: reg 0x10: [io  0xd020-0xd03f]
[    0.299292] pci 0000:00:03.0: reg 0x14: [mem 0xf0200000-0xf0200fff]
[    0.302922] pci 0000:00:04.0: [80ee:cafe] type 00 class 0x088000
[    0.303655] pci 0000:00:04.0: reg 0x10: [io  0xd040-0xd05f]
[    0.304286] pci 0000:00:04.0: reg 0x14: [mem 0xf0400000-0xf07fffff]
[    0.304897] pci 0000:00:04.0: reg 0x18: [mem 0xf0800000-0xf0803fff pref]
[    0.308117] pci 0000:00:07.0: [8086:7113] type 00 class 0x068000
[    0.308668] pci 0000:00:07.0: quirk: [io  0x4000-0x403f] claimed by PIIX4 ACPI
[    0.308681] pci 0000:00:07.0: quirk: [io  0x4100-0x410f] claimed by PIIX4 SMB
[    0.309162] pci 0000:00:08.0: [8086:100e] type 00 class 0x020000
[    0.309890] pci 0000:00:08.0: reg 0x10: [mem 0xf0820000-0xf083ffff]
[    0.311216] pci 0000:00:08.0: reg 0x18: [io  0xd060-0xd067]
[    0.313751] pci 0000:00:09.0: [8086:100e] type 00 class 0x020000
[    0.317104] pci 0000:00:09.0: reg 0x10: [mem 0xf0840000-0xf085ffff]
[    0.318273] pci 0000:00:09.0: reg 0x18: [io  0xd068-0xd06f]
[    0.329077] ACPI: PCI Interrupt Link [LNKA] (IRQs 5 9 10 *11)
[    0.329359] ACPI: PCI Interrupt Link [LNKB] (IRQs 5 9 *10 11)
[    0.329464] ACPI: PCI Interrupt Link [LNKC] (IRQs 5 *9 10 11)
[    0.329564] ACPI: PCI Interrupt Link [LNKD] (IRQs 5 9 10 *11)
[    0.329841] iommu: Default domain type: Translated 
[    0.329902] pci 0000:00:02.0: vgaarb: setting as boot VGA device
[    0.329904] pci 0000:00:02.0: vgaarb: VGA device added: decodes=io+mem,owns=io+mem,locks=none
[    0.329906] pci 0000:00:02.0: vgaarb: bridge control possible
[    0.329907] vgaarb: loaded
[    0.330122] SCSI subsystem initialized
[    0.330154] libata version 3.00 loaded.
[    0.330178] ACPI: bus type USB registered
[    0.330194] usbcore: registered new interface driver usbfs
[    0.330200] usbcore: registered new interface driver hub
[    0.330207] usbcore: registered new device driver usb
[    0.330234] pps_core: LinuxPPS API ver. 1 registered
[    0.330234] pps_core: Software ver. 5.3.6 - Copyright 2005-2007 Rodolfo Giometti <giometti@linux.it>
[    0.330237] PTP clock support registered
[    0.330272] EDAC MC: Ver: 3.0.0
[    0.330562] PCI: Using ACPI for IRQ routing
[    0.330563] PCI: pci_cache_line_size set to 64 bytes
[    0.330733] e820: reserve RAM buffer [mem 0x0009fc00-0x0009ffff]
[    0.330737] e820: reserve RAM buffer [mem 0x7fff0000-0x7fffffff]
[    0.331527] NetLabel: Initializing
[    0.331528] NetLabel:  domain hash size = 128
[    0.331528] NetLabel:  protocols = UNLABELED CIPSOv4 CALIPSO
[    0.331559] NetLabel:  unlabeled traffic allowed by default
[    0.332491] clocksource: Switched to clocksource kvm-clock
[    0.343113] *** VALIDATE bpf ***
[    0.343113] VFS: Disk quotas dquot_6.6.0
[    0.343113] VFS: Dquot-cache hash table entries: 512 (order 0, 4096 bytes)
[    0.343113] *** VALIDATE ramfs ***
[    0.343113] *** VALIDATE hugetlbfs ***
[    0.343113] AppArmor: AppArmor Filesystem Enabled
[    0.343113] pnp: PnP ACPI init
[    0.343113] pnp 00:00: Plug and Play ACPI device, IDs PNP0303 (active)
[    0.343113] pnp 00:01: Plug and Play ACPI device, IDs PNP0f03 (active)
[    0.344797] pnp: PnP ACPI: found 2 devices
[    0.345756] thermal_sys: Registered thermal governor 'fair_share'
[    0.345756] thermal_sys: Registered thermal governor 'bang_bang'
[    0.345757] thermal_sys: Registered thermal governor 'step_wise'
[    0.345758] thermal_sys: Registered thermal governor 'user_space'
[    0.345759] thermal_sys: Registered thermal governor 'power_allocator'
[    0.350287] clocksource: acpi_pm: mask: 0xffffff max_cycles: 0xffffff, max_idle_ns: 2085701024 ns
[    0.350328] pci_bus 0000:00: resource 4 [io  0x0000-0x0cf7 window]
[    0.350330] pci_bus 0000:00: resource 5 [io  0x0d00-0xffff window]
[    0.350331] pci_bus 0000:00: resource 6 [mem 0x000a0000-0x000bffff window]
[    0.350332] pci_bus 0000:00: resource 7 [mem 0x80000000-0xfdffffff window]
[    0.350392] NET: Registered protocol family 2
[    0.350468] IP idents hash table entries: 32768 (order: 6, 262144 bytes, linear)
[    0.350880] MPTCP tokens hash table entries: 8192 (order: 4, 65536 bytes, linear)
[    0.350899] MPTCP request tokens hash table entries: 8192 (order: 4, 65536 bytes, linear)
[    0.350924] default registered
[    0.350925] default registered
[    0.350925] MPTCP: Stable release v0.96
[    0.350930] tcp_listen_portaddr_hash hash table entries: 1024 (order: 2, 16384 bytes, linear)
[    0.351009] TCP established hash table entries: 16384 (order: 5, 131072 bytes, linear)
[    0.351075] TCP bind hash table entries: 16384 (order: 6, 262144 bytes, linear)
[    0.351101] TCP: Hash tables configured (established 16384 bind 16384)
[    0.351829] UDP hash table entries: 1024 (order: 3, 32768 bytes, linear)
[    0.351840] UDP-Lite hash table entries: 1024 (order: 3, 32768 bytes, linear)
[    0.351878] NET: Registered protocol family 1
[    0.351887] NET: Registered protocol family 44
[    0.351911] pci 0000:00:00.0: Limiting direct PCI/PCI transfers
[    0.351923] pci 0000:00:01.0: Activating ISA DMA hang workarounds
[    0.351982] pci 0000:00:02.0: Video device with shadowed ROM at [mem 0x000c0000-0x000dffff]
[    0.352047] PCI: CLS 0 bytes, default 64
[    0.352108] Trying to unpack rootfs image as initramfs...
[    0.567614] Freeing initrd memory: 47868K
[    0.567614] clocksource: tsc: mask: 0xffffffffffffffff max_cycles: 0x1e4530a99b6, max_idle_ns: 440795257976 ns
[    0.567614] clocksource: Switched to clocksource tsc
[    0.567614] platform rtc_cmos: registered platform RTC device (no PNP device found)
[    0.567614] check: Scanning for low memory corruption every 60 seconds
[    0.567614] Initialise system trusted keyrings
[    0.567614] Key type blacklist registered
[    0.567614] workingset: timestamp_bits=36 max_order=19 bucket_order=0
[    0.567614] zbud: loaded
[    0.567614] squashfs: version 4.0 (2009/01/31) Phillip Lougher
[    0.567614] fuse: init (API version 7.31)
[    0.567614] *** VALIDATE fuse ***
[    0.567614] *** VALIDATE fuse ***
[    0.567614] Platform Keyring initialized
[    0.567614] Key type asymmetric registered
[    0.567614] Asymmetric key parser 'x509' registered
[    0.567614] Block layer SCSI generic (bsg) driver version 0.4 loaded (major 244)
[    0.567614] io scheduler mq-deadline registered
[    0.567614] shpchp: Standard Hot Plug PCI Controller Driver version: 0.4
[    0.581829] ACPI: AC Adapter [AC] (on-line)
[    0.581876] input: Power Button as /devices/LNXSYSTM:00/LNXPWRBN:00/input/input0
[    0.581903] ACPI: Power Button [PWRF]
[    0.581988] input: Sleep Button as /devices/LNXSYSTM:00/LNXSLPBN:00/input/input1
[    0.582004] ACPI: Sleep Button [SLPF]
[    0.582232] Serial: 8250/16550 driver, 32 ports, IRQ sharing enabled
[    0.583423] Linux agpgart interface v0.103
[    0.679128] loop: module loaded
[    0.679297] ata_piix 0000:00:01.1: version 2.13
[    0.679722] scsi host0: ata_piix
[    0.679815] scsi host1: ata_piix
[    0.679842] ata1: PATA max UDMA/33 cmd 0x1f0 ctl 0x3f6 bmdma 0xd000 irq 14
[    0.679842] ata2: PATA max UDMA/33 cmd 0x170 ctl 0x376 bmdma 0xd008 irq 15
[    0.679924] tun: Universal TUN/TAP device driver, 1.6
[    0.680245] PPP generic driver version 2.4.2
[    0.680290] VFIO - User Level meta-driver version: 0.3
[    0.680527] ehci_hcd: USB 2.0 'Enhanced' Host Controller (EHCI) Driver
[    0.680532] ehci-pci: EHCI PCI platform driver
[    0.680549] ehci-platform: EHCI generic platform driver
[    0.680554] ohci_hcd: USB 1.1 'Open' Host Controller (OHCI) Driver
[    0.680556] ohci-pci: OHCI PCI platform driver
[    0.680563] ohci-platform: OHCI generic platform driver
[    0.680568] uhci_hcd: USB Universal Host Controller Interface driver
[    0.680633] i8042: PNP: PS/2 Controller [PNP0303:PS2K,PNP0f03:PS2M] at 0x60,0x64 irq 1,12
[    0.681073] serio: i8042 KBD port at 0x60,0x64 irq 1
[    0.681077] serio: i8042 AUX port at 0x60,0x64 irq 12
[    0.681164] mousedev: PS/2 mouse device common for all mice
[    0.681424] input: AT Translated Set 2 keyboard as /devices/platform/i8042/serio0/input/input2
[    0.681835] rtc_cmos rtc_cmos: registered as rtc0
[    0.681848] rtc_cmos rtc_cmos: alarms up to one day, 114 bytes nvram
[    0.681854] i2c /dev entries driver
[    0.681898] device-mapper: uevent: version 1.0.3
[    0.681941] device-mapper: ioctl: 4.41.0-ioctl (2019-09-16) initialised: dm-devel@redhat.com
[    0.681958] platform eisa.0: Probing EISA bus 0
[    0.681959] platform eisa.0: EISA: Cannot allocate resource for mainboard
[    0.681960] platform eisa.0: Cannot allocate resource for EISA slot 1
[    0.681961] platform eisa.0: Cannot allocate resource for EISA slot 2
[    0.681962] platform eisa.0: Cannot allocate resource for EISA slot 3
[    0.681963] platform eisa.0: Cannot allocate resource for EISA slot 4
[    0.681964] platform eisa.0: Cannot allocate resource for EISA slot 5
[    0.681965] platform eisa.0: Cannot allocate resource for EISA slot 6
[    0.681966] platform eisa.0: Cannot allocate resource for EISA slot 7
[    0.681967] platform eisa.0: Cannot allocate resource for EISA slot 8
[    0.681968] platform eisa.0: EISA: Detected 0 cards
[    0.681970] intel_pstate: CPU model not supported
[    0.681979] ledtrig-cpu: registered to indicate activity on CPUs
[    0.682034] drop_monitor: Initializing network drop monitor service
[    0.682194] NET: Registered protocol family 10
[    0.687225] Segment Routing with IPv6
[    0.687225] fullmesh registered
[    0.687225] ndiffports registered
[    0.687225] binder registered
[    0.687225] roundrobin registered
[    0.687225] redundant registered
[    0.687225] blest registered
[    0.687225] ecf registered
[    0.687225] NET: Registered protocol family 17
[    0.687225] Key type dns_resolver registered
[    0.687225] RAS: Correctable Errors collector initialized.
[    0.687225] IPI shorthand broadcast: enabled
[    0.687225] sched_clock: Marking stable (672174220, 11051703)->(686066605, -2840682)
[    0.687673] registered taskstats version 1
[    0.687682] Loading compiled-in X.509 certificates
[    0.688299] Loaded X.509 cert 'Build time autogenerated kernel key: 6909f3744cebb3d0de528d5887b96a727de79b1e'
[    0.688318] zswap: loaded using pool lzo/zbud
[    0.688379] Key type ._fscrypt registered
[    0.688380] Key type .fscrypt registered
[    0.692870] Key type big_key registered
[    0.695131] Key type encrypted registered
[    0.695134] AppArmor: AppArmor sha1 policy hashing enabled
[    0.695142] ima: No TPM chip found, activating TPM-bypass!
[    0.695146] ima: Allocated hash algorithm: sha1
[    0.695152] ima: No architecture policies found
[    0.695161] evm: Initialising EVM extended attributes:
[    0.695161] evm: security.selinux
[    0.695162] evm: security.SMACK64
[    0.695162] evm: security.SMACK64EXEC
[    0.695162] evm: security.SMACK64TRANSMUTE
[    0.695163] evm: security.SMACK64MMAP
[    0.695163] evm: security.apparmor
[    0.695164] evm: security.ima
[    0.695165] evm: security.capability
[    0.695165] evm: HMAC attrs: 0x1
[    0.695461] PM:   Magic number: 10:58:144
[    0.695463] PM:   hash matches drivers/base/power/main.c:1831
[    0.695470] ata_port ata1: hash matches
[    0.695471]  ata1: hash matches
[    0.695677] rtc_cmos rtc_cmos: setting system clock to 2026-01-12T20:07:33 UTC (1768248453)
[    0.852098] ata1.00: ATA-6: VBOX HARDDISK, 1.0, max UDMA/133
[    0.852101] ata1.00: 209715200 sectors, multi 128: LBA 
[    0.853306] scsi 0:0:0:0: Direct-Access     ATA      VBOX HARDDISK    1.0  PQ: 0 ANSI: 5
[    0.853587] sd 0:0:0:0: [sda] 209715200 512-byte logical blocks: (107 GB/100 GiB)
[    0.853599] sd 0:0:0:0: [sda] Write Protect is off
[    0.853602] sd 0:0:0:0: [sda] Mode Sense: 00 3a 00 00
[    0.853621] sd 0:0:0:0: [sda] Write cache: enabled, read cache: enabled, doesn't support DPO or FUA
[    0.853856] sd 0:0:0:0: Attached scsi generic sg0 type 0
[    0.855392]  sda: sda1 sda2
[    0.863259] sd 0:0:0:0: [sda] Attached SCSI disk
[    0.866394] Freeing unused decrypted memory: 2040K
[    0.867311] Freeing unused kernel image memory: 2728K
[    0.867314] Write protecting the kernel read-only data: 22528k
[    0.868308] Freeing unused kernel image memory: 2036K
[    0.868844] Freeing unused kernel image memory: 1432K
[    0.893746] x86/mm: Checked W+X mappings: passed, no W+X pages found.
[    0.893751] Run /init as init process
[    1.000676] ACPI: Video Device [GFX0] (multi-head: yes  rom: no  post: no)
[    1.000749] input: Video Bus as /devices/LNXSYSTM:00/LNXSYBUS:00/PNP0A03:00/LNXVIDEO:00/input/input4
[    1.012046] pcnet32: pcnet32.c:v1.35 21.Apr.2008 tsbogend@alpha.franken.de
[    1.013594] piix4_smbus 0000:00:07.0: SMBus Host Controller at 0x4100, revision 0
[    1.016102] e1000: Intel(R) PRO/1000 Network Driver - version 7.3.21-k8-NAPI
[    1.016103] e1000: Copyright (c) 1999-2006 Intel Corporation.
[    1.016882] pcnet32: PCnet/FAST III 79C973 at 0xd020, 08:00:27:c1:19:65 assigned IRQ 19
[    1.016926] pcnet32: Found PHY 0022:561b at address 0
[    1.017223] pcnet32: eth0: registered as PCnet/FAST III 79C973
[    1.030603] pcnet32: 1 cards_found
[    1.090976] pcnet32 0000:00:03.0 enp0s3: renamed from eth0
[    1.234163] input: ImExPS/2 Generic Explorer Mouse as /devices/platform/i8042/serio1/input/input5
[    1.427361] e1000 0000:00:08.0 eth0: (PCI:33MHz:32-bit) 08:00:27:74:4d:11
[    1.427365] e1000 0000:00:08.0 eth0: Intel(R) PRO/1000 Network Connection
[    1.803580] e1000 0000:00:09.0 eth1: (PCI:33MHz:32-bit) 08:00:27:27:e3:c3
[    1.803583] e1000 0000:00:09.0 eth1: Intel(R) PRO/1000 Network Connection
[    1.804729] e1000 0000:00:09.0 enp0s9: renamed from eth1
[    1.806544] e1000 0000:00:08.0 enp0s8: renamed from eth0
[    2.593575] EXT4-fs (sda2): mounted filesystem with ordered data mode. Opts: (null)
[    2.745981] systemd[1]: Inserted module 'autofs4'
[    2.762151] systemd[1]: systemd 245.4-4ubuntu3 running in system mode. (+PAM +AUDIT +SELINUX +IMA +APPARMOR +SMACK +SYSVINIT +UTMP +LIBCRYPTSETUP +GCRYPT +GNUTLS +ACL +XZ +LZ4 +SECCOMP +BLKID +ELFUTILS +KMOD +IDN2 -IDN +PCRE2 default-hierarchy=hybrid)
[    2.762184] systemd[1]: Detected virtualization oracle.
[    2.762188] systemd[1]: Detected architecture x86-64.
[    2.763694] systemd[1]: Set hostname to <ztg>.
[    2.942808] systemd[1]: /lib/systemd/system/dbus.socket:5: ListenStream= references a path below legacy directory /var/run/, updating /var/run/dbus/system_bus_socket â†’ /run/dbus/system_bus_socket; please update the unit file accordingly.
[    3.014313] systemd[1]: Created slice system-modprobe.slice.
[    3.014500] systemd[1]: Created slice User and Session Slice.
[    3.014544] systemd[1]: Started Forward Password Requests to Wall Directory Watch.
[    3.014709] systemd[1]: Set up automount Arbitrary Executable File Formats File System Automount Point.
[    3.014740] systemd[1]: Reached target User and Group Name Lookups.
[    3.014748] systemd[1]: Reached target Remote File Systems.
[    3.014757] systemd[1]: Reached target Slices.
[    3.015339] systemd[1]: Listening on Syslog Socket.
[    3.015411] systemd[1]: Listening on fsck to fsckd communication Socket.
[    3.015450] systemd[1]: Listening on initctl Compatibility Named Pipe.
[    3.015596] systemd[1]: Listening on Journal Audit Socket.
[    3.015649] systemd[1]: Listening on Journal Socket (/dev/log).
[    3.015720] systemd[1]: Listening on Journal Socket.
[    3.015783] systemd[1]: Listening on udev Control Socket.
[    3.015823] systemd[1]: Listening on udev Kernel Socket.
[    3.016602] systemd[1]: Mounting Huge Pages File System...
[    3.017558] systemd[1]: Mounting POSIX Message Queue File System...
[    3.018463] systemd[1]: Mounting Kernel Debug File System...
[    3.019402] systemd[1]: Mounting Kernel Trace File System...
[    3.021636] systemd[1]: Starting Journal Service...
[    3.048848] systemd[1]: Starting Set the console keyboard layout...
[    3.057167] systemd[1]: Starting Create list of static device nodes for the current kernel...
[    3.059262] systemd[1]: Starting Load Kernel Module drm...
[    3.060809] systemd[1]: Condition check resulted in Set Up Additional Binary Formats being skipped.
[    3.060856] systemd[1]: Condition check resulted in File System Check on Root Device being skipped.
[    3.065042] systemd[1]: Starting Load Kernel Modules...
[    3.065825] systemd[1]: Starting Remount Root and Kernel File Systems...
[    3.066619] systemd[1]: Starting udev Coldplug all Devices...
[    3.092208] systemd[1]: Starting Uncomplicated firewall...
[    3.093847] systemd[1]: Mounted Huge Pages File System.
[    3.093937] systemd[1]: Mounted POSIX Message Queue File System.
[    3.094021] systemd[1]: Mounted Kernel Debug File System.
[    3.094095] systemd[1]: Mounted Kernel Trace File System.
[    3.146233] EXT4-fs (sda2): re-mounted. Opts: errors=remount-ro
[    3.146876] systemd[1]: Finished Create list of static device nodes for the current kernel.
[    3.157454] systemd[1]: Finished Remount Root and Kernel File Systems.
[    3.157739] systemd[1]: modprobe@drm.service: Succeeded.
[    3.158307] systemd[1]: Finished Load Kernel Module drm.
[    3.159874] systemd[1]: Finished Uncomplicated firewall.
[    3.176535] systemd[1]: Condition check resulted in Rebuild Hardware Database being skipped.
[    3.176580] systemd[1]: Condition check resulted in Platform Persistent Storage Archival being skipped.
[    3.177355] systemd[1]: Starting Load/Save Random Seed...
[    3.179335] lp: driver loaded but no devices found
[    3.186669] systemd[1]: Starting Create System Users...
[    3.197180] systemd[1]: Finished Load/Save Random Seed.
[    3.197743] ppdev: user-space parallel port driver
[    3.207888] systemd[1]: Finished Create System Users.
[    3.209487] systemd[1]: Starting Create Static Device Nodes in /dev...
[    3.261803] systemd[1]: Finished udev Coldplug all Devices.
[    3.268631] systemd[1]: Finished Create Static Device Nodes in /dev.
[    3.269583] systemd[1]: Starting udev Kernel Device Manager...
[    3.302081] [drm] DMA map mode: Caching DMA mappings.
[    3.302144] [drm] Capabilities:
[    3.302144] [drm]   Rect copy.
[    3.302145] [drm]   Cursor.
[    3.302145] [drm]   Cursor bypass.
[    3.302145] [drm]   Cursor bypass 2.
[    3.302146] [drm]   Alpha cursor.
[    3.302146] [drm]   Extended Fifo.
[    3.302147] [drm]   Pitchlock.
[    3.302147] [drm]   Irq mask.
[    3.302147] [drm]   GMR.
[    3.302148] [drm]   Traces.
[    3.302148] [drm]   GMR2.
[    3.302148] [drm]   Screen Object 2.
[    3.302149] [drm]   Command Buffers.
[    3.302149] [drm]   Command Buffers 2.
[    3.302149] [drm]   Guest Backed Resources.
[    3.302150] [drm] Max GMR ids is 8192
[    3.302151] [drm] Max number of GMR pages is 1048576
[    3.302151] [drm] Max dedicated hypervisor surface memory is 393216 kiB
[    3.302152] [drm] Maximum display memory size is 131072 kiB
[    3.302153] [drm] VRAM at 0xe0000000 size is 131072 kiB
[    3.302153] [drm] MMIO at 0xf0000000 size is 2048 kiB
[    3.302550] [TTM] Zone  kernel: Available graphics memory: 1011738 KiB
[    3.302551] [TTM] Initializing pool allocator
[    3.302555] [TTM] Initializing DMA pool allocator
[    3.302585] [drm] Supports vblank timestamp caching Rev 2 (21.10.2013).
[    3.302585] [drm] No driver support for vblank timestamp query.
[    3.302813] [drm] Screen Target Display device initialized
[    3.303747] [drm] width 720
[    3.303756] [drm] height 400
[    3.303759] [drm] bpp 32
[    3.304327] [drm] Fifo max 0x00200000 min 0x00001000 cap 0x00000355
[    3.305404] [drm] Using command buffers with DMA pool.
[    3.305409] [drm] DX: no.
[    3.305409] [drm] Atomic: yes.
[    3.305410] [drm] SM4_1: no.
[    3.305432] [drm:vmw_host_log [vmwgfx]] *ERROR* Failed to send host log message.
[    3.306335] [drm:vmw_host_log [vmwgfx]] *ERROR* Failed to send host log message.
[    3.317852] fbcon: svgadrmfb (fb0) is primary device
[    3.323358] Console: switching to colour frame buffer device 100x37
[    3.327797] [drm] Initialized vmwgfx 2.15.0 20180704 for 0000:00:02.0 on minor 0
[    3.331385] systemd[1]: Finished Load Kernel Modules.
[    3.332422] systemd[1]: Mounting FUSE Control File System...
[    3.333581] systemd[1]: Mounting Kernel Configuration File System...
[    3.365432] systemd[1]: Starting Apply Kernel Variables...
[    3.372158] systemd[1]: Finished Set the console keyboard layout.
[    3.372942] systemd[1]: Mounted FUSE Control File System.
[    3.373017] systemd[1]: Reached target Local File Systems (Pre).
[    3.373043] systemd[1]: Condition check resulted in VMware vmblock fuse mount being skipped.
[    3.382644] systemd[1]: Mounting Mount unit for bare, revision 5...
[    3.411574] systemd[1]: Mounting Mount unit for core18, revision 1705...
[    3.416046] systemd[1]: Mounting Mount unit for gnome-3-34-1804, revision 24...
[    3.421218] systemd[1]: Mounting Mount unit for gtk-common-themes, revision 1506...
[    3.425161] systemd[1]: Mounting Mount unit for gtk-common-themes, revision 1535...
[    3.437030] systemd[1]: Mounting Mount unit for snap-store, revision 433...
[    3.452430] systemd[1]: Mounting Mount unit for snapd, revision 25935...
[    3.467844] systemd[1]: Mounting Mount unit for snapd, revision 7264...
[    3.495059] systemd[1]: Mounted Kernel Configuration File System.
[    3.505098] systemd[1]: Started udev Kernel Device Manager.
[    3.505983] systemd[1]: Finished Apply Kernel Variables.
[    3.506099] systemd[1]: Mounted Mount unit for bare, revision 5.
[    3.506184] systemd[1]: Mounted Mount unit for core18, revision 1705.
[    3.506312] systemd[1]: Mounted Mount unit for gnome-3-34-1804, revision 24.
[    3.506390] systemd[1]: Mounted Mount unit for gtk-common-themes, revision 1506.
[    3.508832] systemd[1]: Starting Show Plymouth Boot Screen...
[    3.517423] systemd[1]: Received SIGRTMIN+20 from PID 283 (plymouthd).
[    3.539185] systemd[1]: Started Show Plymouth Boot Screen.
[    3.539349] systemd[1]: Condition check resulted in Dispatch Password Requests to Console Directory Watch being skipped.
[    3.539435] systemd[1]: Started Forward Password Requests to Plymouth Directory Watch.
[    3.539466] systemd[1]: Reached target Local Encrypted Volumes.
[    3.546505] systemd[1]: Mounted Mount unit for gtk-common-themes, revision 1535.
[    3.579152] systemd[1]: Mounted Mount unit for snap-store, revision 433.
[    3.579422] systemd[1]: Mounted Mount unit for snapd, revision 25935.
[    3.579606] systemd[1]: Mounted Mount unit for snapd, revision 7264.
[    3.579754] systemd[1]: Reached target Local File Systems.
[    3.583185] systemd[1]: Starting Load AppArmor profiles...
[    3.584130] systemd[1]: Starting Set console font and keymap...
[    3.600472] systemd[1]: Starting Tell Plymouth To Write Out Runtime Data...
[    3.600562] systemd[1]: Condition check resulted in Store a System Token in an EFI Variable being skipped.
[    3.600822] systemd[1]: Condition check resulted in Commit a transient machine-id on disk being skipped.
[    3.603220] systemd[1]: Finished Set console font and keymap.
[    3.622258] systemd[1]: Received SIGRTMIN+20 from PID 283 (plymouthd).
[    3.623612] systemd[1]: plymouth-read-write.service: Succeeded.
[    3.623879] systemd[1]: Finished Tell Plymouth To Write Out Runtime Data.
[    3.653739] audit: type=1400 audit(1768248456.452:2): apparmor="STATUS" operation="profile_load" profile="unconfined" name="nvidia_modprobe" pid=302 comm="apparmor_parser"
[    3.653743] audit: type=1400 audit(1768248456.452:3): apparmor="STATUS" operation="profile_load" profile="unconfined" name="nvidia_modprobe//kmod" pid=302 comm="apparmor_parser"
[    3.677985] audit: type=1400 audit(1768248456.476:4): apparmor="STATUS" operation="profile_load" profile="unconfined" name="/usr/sbin/tcpdump" pid=303 comm="apparmor_parser"
[    3.713899] audit: type=1400 audit(1768248456.500:5): apparmor="STATUS" operation="profile_load" profile="unconfined" name="/usr/bin/evince" pid=305 comm="apparmor_parser"
[    3.713902] audit: type=1400 audit(1768248456.500:6): apparmor="STATUS" operation="profile_load" profile="unconfined" name="/usr/bin/evince//sanitized_helper" pid=305 comm="apparmor_parser"
[    3.713905] audit: type=1400 audit(1768248456.500:7): apparmor="STATUS" operation="profile_load" profile="unconfined" name="/usr/bin/evince-previewer" pid=305 comm="apparmor_parser"
[    3.713907] audit: type=1400 audit(1768248456.500:8): apparmor="STATUS" operation="profile_load" profile="unconfined" name="/usr/bin/evince-previewer//sanitized_helper" pid=305 comm="apparmor_parser"
[    3.713909] audit: type=1400 audit(1768248456.500:9): apparmor="STATUS" operation="profile_load" profile="unconfined" name="/usr/bin/evince-thumbnailer" pid=305 comm="apparmor_parser"
[    3.751683] audit: type=1400 audit(1768248456.548:10): apparmor="STATUS" operation="profile_load" profile="unconfined" name="/usr/lib/cups/backend/cups-pdf" pid=306 comm="apparmor_parser"
[    3.840657] systemd[1]: Finished Load AppArmor profiles.
[    3.841623] systemd[1]: Starting Load AppArmor profiles managed internally by snapd...
[    3.971856] systemd[1]: Finished Load AppArmor profiles managed internally by snapd.
[    4.116011] systemd[1]: Started Journal Service.
[    4.127397] systemd-journald[229]: Received client request to flush runtime journal.
[    4.130404] systemd-journald[229]: File /var/log/journal/c455b248004a419c87ce85eea238d727/system.journal corrupted or uncleanly shut down, renaming and replacing.
[    5.441229] RAPL PMU: API unit is 2^-32 Joules, 0 fixed counters, 10737418240 ms ovfl timer
[    5.471227] cryptd: max_cpu_qlen set to 1000
[    5.543103] AVX2 version of gcm_enc/dec engaged.
[    5.543104] AES CTR mode by8 optimization enabled
[    7.393799] Adding 1998844k swap on /dev/sda1.  Priority:-2 extents:1 across:1998844k FS
[    8.689969] kauditd_printk_skb: 30 callbacks suppressed
[    8.689970] audit: type=1400 audit(1768248461.488:41): apparmor="DENIED" operation="capable" profile="/usr/sbin/cups-browsed" pid=550 comm="cups-browsed" capability=23  capname="sys_nice"
[   10.397608] pcnet32 0000:00:03.0 enp0s3: link up, 100Mbps, full-duplex
[   10.439392] e1000: enp0s8 NIC Link is Up 1000 Mbps Full Duplex, Flow Control: RX
[   10.439684] IPv6: ADDRCONF(NETDEV_CHANGE): enp0s8: link becomes ready
[   10.468104] e1000: enp0s9 NIC Link is Up 1000 Mbps Full Duplex, Flow Control: RX
[   10.468403] IPv6: ADDRCONF(NETDEV_CHANGE): enp0s9: link becomes ready
[   11.102844] device enp0s3 entered promiscuous mode
[   11.150616] audit: type=1400 audit(1768248463.948:42): apparmor="DENIED" operation="open" profile="/usr/sbin/tcpdump" name="/proc/sys/kernel/random/boot_id" pid=642 comm="tcpdump" requested_mask="r" denied_mask="r" fsuid=0 ouid=0
[   11.153230] audit: type=1400 audit(1768248463.956:43): apparmor="DENIED" operation="open" profile="/usr/sbin/tcpdump" name="/proc/sys/kernel/random/boot_id" pid=642 comm="tcpdump" requested_mask="r" denied_mask="r" fsuid=0 ouid=0
[   11.153384] audit: type=1400 audit(1768248463.956:44): apparmor="DENIED" operation="open" profile="/usr/sbin/tcpdump" name="/proc/sys/kernel/random/boot_id" pid=642 comm="tcpdump" requested_mask="r" denied_mask="r" fsuid=0 ouid=0
[   11.154962] audit: type=1400 audit(1768248463.956:45): apparmor="DENIED" operation="open" profile="/usr/sbin/tcpdump" name="/proc/sys/kernel/random/boot_id" pid=642 comm="tcpdump" requested_mask="r" denied_mask="r" fsuid=0 ouid=0
[   11.170948] audit: type=1400 audit(1768248463.960:46): apparmor="DENIED" operation="open" profile="/usr/sbin/tcpdump" name="/proc/sys/kernel/random/boot_id" pid=643 comm="tcpdump" requested_mask="r" denied_mask="r" fsuid=0 ouid=0
[   11.173509] audit: type=1400 audit(1768248463.960:47): apparmor="DENIED" operation="open" profile="/usr/sbin/tcpdump" name="/proc/sys/kernel/random/boot_id" pid=643 comm="tcpdump" requested_mask="r" denied_mask="r" fsuid=0 ouid=0
[   11.174127] audit: type=1400 audit(1768248463.976:48): apparmor="DENIED" operation="open" profile="/usr/sbin/tcpdump" name="/proc/sys/kernel/random/boot_id" pid=643 comm="tcpdump" requested_mask="r" denied_mask="r" fsuid=0 ouid=0
[   11.174621] audit: type=1400 audit(1768248463.976:49): apparmor="DENIED" operation="open" profile="/usr/sbin/tcpdump" name="/proc/sys/kernel/random/boot_id" pid=643 comm="tcpdump" requested_mask="r" denied_mask="r" fsuid=0 ouid=0
[   17.113324] rfkill: input handler disabled
[  607.935749] AAAAA-TCP_FORW: name:enp0s3: saddr:16783984: daddr:100932208
[  608.579303] AAAAA-TCP_FORW: name:enp0s3: saddr:16783984: daddr:100932208
[  608.765790] AAAAA-TCP_FORW: name:enp0s3: saddr:16783984: daddr:100932208
[  608.793118] AAAAA-TCP_FORW: name:enp0s3: saddr:16783984: daddr:100932208
[  609.198782] AAAAA-TCP_FORW: name:enp0s3: saddr:33561200: daddr:100932208
[  609.410967] AAAAA-TCP_FORW: name:enp0s3: saddr:16783984: daddr:100932208
[  609.540476] AAAAA-TCP_FORW: name:enp0s3: saddr:33561200: daddr:100932208
[  609.668753] AAAAA-TCP_FORW: name:enp0s3: saddr:16783984: daddr:100932208
[  609.748427] AAAAA-TCP_FORW: name:enp0s3: saddr:33561200: daddr:100932208
[  610.083834] AAAAA-TCP_FORW: name:enp0s3: saddr:16783984: daddr:100932208
[  610.334341] AAAAA-TCP_FORW: name:enp0s3: saddr:16783984: daddr:100932208
[  610.439681] AAAAA-TCP_FORW: name:enp0s3: saddr:16783984: daddr:100932208
[  610.538854] AAAAA-TCP_FORW: name:enp0s3: saddr:33561200: daddr:100932208
[  610.574014] AAAAA-TCP_FORW: name:enp0s3: saddr:33561200: daddr:100932208
[  610.683343] AAAAA-TCP_FORW: name:enp0s3: saddr:33561200: daddr:100932208
[  610.780921] AAAAA-TCP_FORW: name:enp0s3: saddr:33561200: daddr:100932208
[  610.921557] AAAAA-TCP_FORW: name:enp0s3: saddr:16783984: daddr:100932208
[  611.097585] AAAAA-TCP_FORW: name:enp0s3: saddr:16783984: daddr:100932208
[  611.157191] AAAAA-TCP_FORW: name:enp0s3: saddr:16783984: daddr:100932208
[  611.289120] AAAAA-TCP_FORW: name:enp0s3: saddr:16783984: daddr:100932208
[  611.462944] AAAAA-TCP_FORW: name:enp0s3: saddr:16783984: daddr:100932208
[  611.607107] AAAAA-TCP_FORW: name:enp0s3: saddr:16783984: daddr:100932208
[  655.117160] AAAAA-TCP_FORW: name:enp0s3: saddr:16783984: daddr:100932208
[  655.555026] AAAAA-TCP_FORW: name:enp0s3: saddr:16783984: daddr:100932208
[  656.154454] AAAAA-TCP_FORW: name:enp0s3: saddr:16783984: daddr:100932208
[  656.401147] AAAAA-TCP_FORW: name:enp0s3: saddr:16783984: daddr:100932208
[  656.856870] AAAAA-TCP_FORW: name:enp0s3: saddr:16783984: daddr:100932208
[  656.978140] AAAAA-TCP_FORW: name:enp0s3: saddr:16783984: daddr:100932208
[  657.187056] AAAAA-TCP_FORW: name:enp0s3: saddr:16783984: daddr:100932208
[  657.325164] AAAAA-TCP_FORW: name:enp0s3: saddr:16783984: daddr:100932208
[  657.601217] AAAAA-TCP_FORW: name:enp0s3: saddr:16783984: daddr:100932208
[  657.702188] AAAAA-TCP_FORW: name:enp0s3: saddr:16783984: daddr:100932208
[  657.992338] AAAAA-TCP_FORW: name:enp0s3: saddr:16783984: daddr:100932208
[  658.244476] AAAAA-TCP_FORW: name:enp0s3: saddr:16783984: daddr:100932208
[  658.545265] AAAAA-TCP_FORW: name:enp0s3: saddr:16783984: daddr:100932208
[  658.954706] AAAAA-TCP_FORW: name:enp0s3: saddr:16783984: daddr:100932208
[  659.464949] AAAAA-TCP_FORW: name:enp0s3: saddr:16783984: daddr:100932208
[  659.634899] AAAAA-TCP_FORW: name:enp0s3: saddr:16783984: daddr:100932208
[  659.881805] AAAAA-TCP_FORW: name:enp0s3: saddr:16783984: daddr:100932208
[  660.230851] AAAAA-TCP_FORW: name:enp0s3: saddr:16783984: daddr:100932208
[  660.370999] AAAAA-TCP_FORW: name:enp0s3: saddr:16783984: daddr:100932208
[  660.446533] AAAAA-TCP_FORW: name:enp0s3: saddr:16783984: daddr:100932208
[  660.519659] AAAAA-TCP_FORW: name:enp0s3: saddr:16783984: daddr:100932208
[  661.032537] AAAAA-TCP_FORW: name:enp0s3: saddr:16783984: daddr:100932208
[  661.160143] AAAAA-TCP_FORW: name:enp0s3: saddr:16783984: daddr:100932208
[  661.306891] AAAAA-TCP_FORW: name:enp0s3: saddr:16783984: daddr:100932208
[  661.656508] AAAAA-TCP_FORW: name:enp0s3: saddr:16783984: daddr:100932208
[  661.778465] AAAAA-TCP_FORW: name:enp0s3: saddr:16783984: daddr:100932208
[  661.854729] AAAAA-TCP_FORW: name:enp0s3: saddr:16783984: daddr:100932208
[  662.140503] AAAAA-TCP_FORW: name:enp0s3: saddr:16783984: daddr:100932208
[  662.317028] AAAAA-TCP_FORW: name:enp0s3: saddr:16783984: daddr:100932208
[  662.442297] AAAAA-TCP_FORW: name:enp0s3: saddr:16783984: daddr:100932208
[  662.484554] AAAAA-TCP_FORW: name:enp0s3: saddr:16783984: daddr:100932208
[  662.618297] AAAAA-TCP_FORW: name:enp0s3: saddr:16783984: daddr:100932208
[  662.723972] AAAAA-TCP_FORW: name:enp0s3: saddr:16783984: daddr:100932208
[  662.819131] AAAAA-TCP_FORW: name:enp0s3: saddr:16783984: daddr:100932208
[  662.994515] AAAAA-TCP_FORW: name:enp0s3: saddr:16783984: daddr:100932208
[ 1004.153152] rfkill: input handler enabled
[ 1013.251382] rfkill: input handler disabled
[ 1464.991339] device enp0s3 left promiscuous mode
