[    0.000000] Linux version 5.4.243-mptcp (root@ztg) (gcc version 12.2.0 (Debian 12.2.0-14+deb12u1)) #53 SMP Wed Dec 24 23:28:15 CST 2025
[    0.000000] Command line: BOOT_IMAGE=/boot/vmlinuz-5.4.243-mptcp root=UUID=98415a12-53b7-4144-8265-0f7ece09e445 ro quiet splash
[    0.000000] KERNEL supported cpus:
[    0.000000]   Intel GenuineIntel
[    0.000000]   AMD AuthenticAMD
[    0.000000]   Hygon HygonGenuine
[    0.000000]   Centaur CentaurHauls
[    0.000000]   zhaoxin   Shanghai  
[    0.000000] x86/fpu: Supporting XSAVE feature 0x001: 'x87 floating point registers'
[    0.000000] x86/fpu: Supporting XSAVE feature 0x002: 'SSE registers'
[    0.000000] x86/fpu: Supporting XSAVE feature 0x004: 'AVX registers'
[    0.000000] x86/fpu: xstate_offset[2]:  576, xstate_sizes[2]:  256
[    0.000000] x86/fpu: Enabled xstate features 0x7, context size is 832 bytes, using 'standard' format.
[    0.000000] BIOS-provided physical RAM map:
[    0.000000] BIOS-e820: [mem 0x0000000000000000-0x000000000009fbff] usable
[    0.000000] BIOS-e820: [mem 0x000000000009fc00-0x000000000009ffff] reserved
[    0.000000] BIOS-e820: [mem 0x00000000000f0000-0x00000000000fffff] reserved
[    0.000000] BIOS-e820: [mem 0x0000000000100000-0x000000007ffeffff] usable
[    0.000000] BIOS-e820: [mem 0x000000007fff0000-0x000000007fffffff] ACPI data
[    0.000000] BIOS-e820: [mem 0x00000000fec00000-0x00000000fec00fff] reserved
[    0.000000] BIOS-e820: [mem 0x00000000fee00000-0x00000000fee00fff] reserved
[    0.000000] BIOS-e820: [mem 0x00000000fffc0000-0x00000000ffffffff] reserved
[    0.000000] NX (Execute Disable) protection: active
[    0.000000] SMBIOS 2.5 present.
[    0.000000] DMI: innotek GmbH VirtualBox/VirtualBox, BIOS VirtualBox 12/01/2006
[    0.000000] Hypervisor detected: KVM
[    0.000000] kvm-clock: Using msrs 4b564d01 and 4b564d00
[    0.000000] kvm-clock: cpu 0, msr 19c01001, primary cpu clock
[    0.000000] kvm-clock: using sched offset of 4479638727 cycles
[    0.000003] clocksource: kvm-clock: mask: 0xffffffffffffffff max_cycles: 0x1cd42e4dffb, max_idle_ns: 881590591483 ns
[    0.000005] tsc: Detected 2100.000 MHz processor
[    0.002052] e820: update [mem 0x00000000-0x00000fff] usable ==> reserved
[    0.002054] e820: remove [mem 0x000a0000-0x000fffff] usable
[    0.002057] last_pfn = 0x7fff0 max_arch_pfn = 0x400000000
[    0.002127] MTRR default type: uncachable
[    0.002128] MTRR fixed ranges enabled:
[    0.002129]   00000-9FFFF write-back
[    0.002130]   A0000-BFFFF uncachable
[    0.002131]   C0000-FFFFF write-protect
[    0.002131] MTRR variable ranges enabled:
[    0.002133]   0 base 000000000000 mask 3FFF80000000 write-back
[    0.002133]   1 disabled
[    0.002134]   2 disabled
[    0.002134]   3 disabled
[    0.002135]   4 disabled
[    0.002135]   5 disabled
[    0.002135]   6 disabled
[    0.002136]   7 disabled
[    0.002136]   8 disabled
[    0.002137]   9 disabled
[    0.002137]   10 disabled
[    0.002138]   11 disabled
[    0.002138]   12 disabled
[    0.002138]   13 disabled
[    0.002139]   14 disabled
[    0.002139]   15 disabled
[    0.002158] x86/PAT: Configuration [0-7]: WB  WC  UC- UC  WB  WP  UC- WT  
[    0.002317] found SMP MP-table at [mem 0x0009fff0-0x0009ffff]
[    0.112821] check: Scanning 1 areas for low memory corruption
[    0.112989] RAMDISK: [mem 0x32271000-0x3512ffff]
[    0.112997] ACPI: Early table checksum verification disabled
[    0.113003] ACPI: RSDP 0x00000000000E0000 000024 (v02 VBOX  )
[    0.113008] ACPI: XSDT 0x000000007FFF0030 00003C (v01 VBOX   VBOXXSDT 00000001 ASL  00000061)
[    0.113015] ACPI: FACP 0x000000007FFF00F0 0000F4 (v04 VBOX   VBOXFACP 00000001 ASL  00000061)
[    0.113022] ACPI: DSDT 0x000000007FFF02E0 002353 (v02 VBOX   VBOXBIOS 00000002 VBOX 00029BF3)
[    0.113027] ACPI: FACS 0x000000007FFF0200 000040
[    0.113030] ACPI: FACS 0x000000007FFF0200 000040
[    0.113034] ACPI: APIC 0x000000007FFF0240 000054 (v02 VBOX   VBOXAPIC 00000001 ASL  00000061)
[    0.113039] ACPI: SSDT 0x000000007FFF02A0 000038 (v01 VBOX   VBOXCPUT 00000002 VBOX 00029BF3)
[    0.113042] ACPI: Reserving FACP table memory at [mem 0x7fff00f0-0x7fff01e3]
[    0.113043] ACPI: Reserving DSDT table memory at [mem 0x7fff02e0-0x7fff2632]
[    0.113044] ACPI: Reserving FACS table memory at [mem 0x7fff0200-0x7fff023f]
[    0.113044] ACPI: Reserving FACS table memory at [mem 0x7fff0200-0x7fff023f]
[    0.113045] ACPI: Reserving APIC table memory at [mem 0x7fff0240-0x7fff0293]
[    0.113046] ACPI: Reserving SSDT table memory at [mem 0x7fff02a0-0x7fff02d7]
[    0.113063] ACPI: Local APIC address 0xfee00000
[    0.113264] No NUMA configuration found
[    0.113265] Faking a node at [mem 0x0000000000000000-0x000000007ffeffff]
[    0.113275] NODE_DATA(0) allocated [mem 0x7ffc5000-0x7ffeffff]
[    0.113558] Zone ranges:
[    0.113559]   DMA      [mem 0x0000000000001000-0x0000000000ffffff]
[    0.113560]   DMA32    [mem 0x0000000001000000-0x000000007ffeffff]
[    0.113561]   Normal   empty
[    0.113562]   Device   empty
[    0.113562] Movable zone start for each node
[    0.113564] Early memory node ranges
[    0.113565]   node   0: [mem 0x0000000000001000-0x000000000009efff]
[    0.113566]   node   0: [mem 0x0000000000100000-0x000000007ffeffff]
[    0.113570] Zeroed struct page in unavailable ranges: 114 pages
[    0.113571] Initmem setup node 0 [mem 0x0000000000001000-0x000000007ffeffff]
[    0.113572] On node 0 totalpages: 524174
[    0.113573]   DMA zone: 64 pages used for memmap
[    0.113574]   DMA zone: 21 pages reserved
[    0.113575]   DMA zone: 3998 pages, LIFO batch:0
[    0.113647]   DMA32 zone: 8128 pages used for memmap
[    0.113647]   DMA32 zone: 520176 pages, LIFO batch:63
[    0.122660] ACPI: PM-Timer IO Port: 0x4008
[    0.122664] ACPI: Local APIC address 0xfee00000
[    0.122737] IOAPIC[0]: apic_id 1, version 32, address 0xfec00000, GSI 0-23
[    0.122742] ACPI: INT_SRC_OVR (bus 0 bus_irq 0 global_irq 2 dfl dfl)
[    0.122743] ACPI: INT_SRC_OVR (bus 0 bus_irq 9 global_irq 9 low level)
[    0.122745] ACPI: IRQ0 used by override.
[    0.122746] ACPI: IRQ9 used by override.
[    0.122749] Using ACPI (MADT) for SMP configuration information
[    0.122758] smpboot: Allowing 1 CPUs, 0 hotplug CPUs
[    0.122781] PM: Registered nosave memory: [mem 0x00000000-0x00000fff]
[    0.122783] PM: Registered nosave memory: [mem 0x0009f000-0x0009ffff]
[    0.122783] PM: Registered nosave memory: [mem 0x000a0000-0x000effff]
[    0.122784] PM: Registered nosave memory: [mem 0x000f0000-0x000fffff]
[    0.122785] [mem 0x80000000-0xfebfffff] available for PCI devices
[    0.122786] Booting paravirtualized kernel on KVM
[    0.122789] clocksource: refined-jiffies: mask: 0xffffffff max_cycles: 0xffffffff, max_idle_ns: 7645519600211568 ns
[    0.122793] setup_percpu: NR_CPUS:8192 nr_cpumask_bits:1 nr_cpu_ids:1 nr_node_ids:1
[    0.123836] percpu: Embedded 60 pages/cpu s208896 r8192 d28672 u2097152
[    0.123841] pcpu-alloc: s208896 r8192 d28672 u2097152 alloc=1*2097152
[    0.123842] pcpu-alloc: [0] 0 
[    0.123868] Built 1 zonelists, mobility grouping on.  Total pages: 515961
[    0.123868] Policy zone: DMA32
[    0.123870] Kernel command line: BOOT_IMAGE=/boot/vmlinuz-5.4.243-mptcp root=UUID=98415a12-53b7-4144-8265-0f7ece09e445 ro quiet splash
[    0.124711] Dentry cache hash table entries: 262144 (order: 9, 2097152 bytes, linear)
[    0.124976] Inode-cache hash table entries: 131072 (order: 8, 1048576 bytes, linear)
[    0.125033] mem auto-init: stack:off, heap alloc:on, heap free:off
[    0.125035] Calgary: detecting Calgary via BIOS EBDA area
[    0.125036] Calgary: Unable to locate Rio Grande table in EBDA - bailing!
[    0.129383] Memory: 1967332K/2096696K available (14339K kernel code, 2398K rwdata, 4712K rodata, 2728K init, 17260K bss, 129364K reserved, 0K cma-reserved)
[    0.130326] SLUB: HWalign=64, Order=0-3, MinObjects=0, CPUs=1, Nodes=1
[    0.130343] ftrace: allocating 43186 entries in 169 pages
[    0.148392] rcu: Hierarchical RCU implementation.
[    0.148393] rcu: 	RCU restricting CPUs from NR_CPUS=8192 to nr_cpu_ids=1.
[    0.148395] 	Tasks RCU enabled.
[    0.148395] rcu: RCU calculated value of scheduler-enlistment delay is 25 jiffies.
[    0.148396] rcu: Adjusting geometry for rcu_fanout_leaf=16, nr_cpu_ids=1
[    0.151351] NR_IRQS: 524544, nr_irqs: 256, preallocated irqs: 16
[    0.151563] random: crng init done
[    0.160848] Console: colour VGA+ 80x25
[    0.160851] printk: console [tty0] enabled
[    0.160870] ACPI: Core revision 20190816
[    0.160969] APIC: Switch to symmetric I/O mode setup
[    0.161222] x2apic enabled
[    0.161462] Switched APIC routing to physical x2apic.
[    0.162597] ..TIMER: vector=0x30 apic1=0 pin1=2 apic2=-1 pin2=-1
[    0.162625] clocksource: tsc-early: mask: 0xffffffffffffffff max_cycles: 0x1e4530a99b6, max_idle_ns: 440795257976 ns
[    0.162630] Calibrating delay loop (skipped) preset value.. 4200.00 BogoMIPS (lpj=8400000)
[    0.162632] pid_max: default: 32768 minimum: 301
[    0.162659] LSM: Security Framework initializing
[    0.162669] Yama: becoming mindful.
[    0.162693] AppArmor: AppArmor initialized
[    0.162727] Mount-cache hash table entries: 4096 (order: 3, 32768 bytes, linear)
[    0.162732] Mountpoint-cache hash table entries: 4096 (order: 3, 32768 bytes, linear)
[    0.162741] *** VALIDATE tmpfs ***
[    0.162867] *** VALIDATE proc ***
[    0.162908] *** VALIDATE cgroup1 ***
[    0.162909] *** VALIDATE cgroup2 ***
[    0.163059] process: using mwait in idle threads
[    0.163064] Last level iTLB entries: 4KB 64, 2MB 8, 4MB 8
[    0.163065] Last level dTLB entries: 4KB 64, 2MB 0, 4MB 0, 1GB 4
[    0.163086] Spectre V1 : Mitigation: usercopy/swapgs barriers and __user pointer sanitization
[    0.163091] Spectre V2 : Mitigation: Retpolines
[    0.163092] Spectre V2 : Spectre v2 / SpectreRSB mitigation: Filling RSB on context switch
[    0.163092] Spectre V2 : Spectre v2 / SpectreRSB : Filling RSB on VMEXIT
[    0.163093] RETBleed: WARNING: Spectre v2 mitigation leaves CPU vulnerable to RETBleed attacks, data leaks possible!
[    0.163452] RETBleed: Vulnerable
[    0.163452] Speculative Store Bypass: Vulnerable
[    0.163457] TAA: Mitigation: TSX disabled
[    0.163458] MMIO Stale Data: Mitigation: Clear CPU buffers
[    0.167622] Freeing SMP alternatives memory: 40K
[    0.279690] smpboot: CPU0: Intel(R) Xeon(R) Silver 4216 CPU @ 2.10GHz (family: 0x6, model: 0x55, stepping: 0x7)
[    0.279784] Performance Events: unsupported p6 CPU model 85 no PMU driver, software events only.
[    0.279819] rcu: Hierarchical SRCU implementation.
[    0.280277] NMI watchdog: Perf NMI watchdog permanently disabled
[    0.280310] smp: Bringing up secondary CPUs ...
[    0.280311] smp: Brought up 1 node, 1 CPU
[    0.280312] smpboot: Max logical packages: 1
[    0.280313] smpboot: Total of 1 processors activated (4200.00 BogoMIPS)
[    0.281275] devtmpfs: initialized
[    0.281317] x86/mm: Memory block size: 128MB
[    0.281633] clocksource: jiffies: mask: 0xffffffff max_cycles: 0xffffffff, max_idle_ns: 7645041785100000 ns
[    0.281637] futex hash table entries: 256 (order: 2, 16384 bytes, linear)
[    0.281675] pinctrl core: initialized pinctrl subsystem
[    0.281773] PM: RTC time: 08:21:32, date: 2026-01-13
[    0.281872] NET: Registered protocol family 16
[    0.281943] audit: initializing netlink subsys (disabled)
[    0.282061] EISA bus registered
[    0.282063] cpuidle: using governor ladder
[    0.282063] cpuidle: using governor menu
[    0.282097] ACPI: bus type PCI registered
[    0.282099] acpiphp: ACPI Hot Plug PCI Controller Driver version: 0.5
[    0.282200] PCI: Using configuration type 1 for base access
[    0.282854] audit: type=2000 audit(1768263698.550:1): state=initialized audit_enabled=0 res=1
[    0.282927] HugeTLB registered 2.00 MiB page size, pre-allocated 0 pages
[    0.283762] ACPI: Added _OSI(Module Device)
[    0.283763] ACPI: Added _OSI(Processor Device)
[    0.283764] ACPI: Added _OSI(3.0 _SCP Extensions)
[    0.283764] ACPI: Added _OSI(Processor Aggregator Device)
[    0.283765] ACPI: Added _OSI(Linux-Dell-Video)
[    0.283766] ACPI: Added _OSI(Linux-Lenovo-NV-HDMI-Audio)
[    0.283767] ACPI: Added _OSI(Linux-HPI-Hybrid-Graphics)
[    0.285700] ACPI: 2 ACPI AML tables successfully acquired and loaded
[    0.287253] ACPI: Interpreter enabled
[    0.287262] ACPI: (supports S0 S5)
[    0.287263] ACPI: Using IOAPIC for interrupt routing
[    0.287477] PCI: Using host bridge windows from ACPI; if necessary, use "pci=nocrs" and report a bug
[    0.287588] ACPI: Enabled 2 GPEs in block 00 to 07
[    0.292556] ACPI: PCI Root Bridge [PCI0] (domain 0000 [bus 00-ff])
[    0.292561] acpi PNP0A03:00: _OSC: OS supports [ASPM ClockPM Segments MSI HPX-Type3]
[    0.293004] acpi PNP0A03:00: _OSC: not requesting OS control; OS requires [ExtendedConfig ASPM ClockPM MSI]
[    0.293012] acpi PNP0A03:00: fail to add MMCONFIG information, can't access extended PCI configuration space under this bridge.
[    0.293422] PCI host bridge to bus 0000:00
[    0.293424] pci_bus 0000:00: root bus resource [io  0x0000-0x0cf7 window]
[    0.293425] pci_bus 0000:00: root bus resource [io  0x0d00-0xffff window]
[    0.293426] pci_bus 0000:00: root bus resource [mem 0x000a0000-0x000bffff window]
[    0.293427] pci_bus 0000:00: root bus resource [mem 0x80000000-0xfdffffff window]
[    0.293429] pci_bus 0000:00: root bus resource [bus 00-ff]
[    0.293479] pci 0000:00:00.0: [8086:1237] type 00 class 0x060000
[    0.294500] pci 0000:00:01.0: [8086:7000] type 00 class 0x060100
[    0.295399] pci 0000:00:01.1: [8086:7111] type 00 class 0x01018a
[    0.295824] pci 0000:00:01.1: reg 0x20: [io  0xd000-0xd00f]
[    0.296000] pci 0000:00:01.1: legacy IDE quirk: reg 0x10: [io  0x01f0-0x01f7]
[    0.296001] pci 0000:00:01.1: legacy IDE quirk: reg 0x14: [io  0x03f6]
[    0.296002] pci 0000:00:01.1: legacy IDE quirk: reg 0x18: [io  0x0170-0x0177]
[    0.296003] pci 0000:00:01.1: legacy IDE quirk: reg 0x1c: [io  0x0376]
[    0.296566] pci 0000:00:02.0: [15ad:0405] type 00 class 0x030000
[    0.298711] pci 0000:00:02.0: reg 0x10: [io  0xd010-0xd01f]
[    0.302683] pci 0000:00:02.0: reg 0x14: [mem 0xe0000000-0xe7ffffff pref]
[    0.305348] pci 0000:00:02.0: reg 0x18: [mem 0xf0000000-0xf01fffff]
[    0.315426] pci 0000:00:03.0: [1022:2000] type 00 class 0x020000
[    0.316121] pci 0000:00:03.0: reg 0x10: [io  0xd020-0xd03f]
[    0.316738] pci 0000:00:03.0: reg 0x14: [mem 0xf0200000-0xf0200fff]
[    0.321794] pci 0000:00:04.0: [80ee:cafe] type 00 class 0x088000
[    0.322483] pci 0000:00:04.0: reg 0x10: [io  0xd040-0xd05f]
[    0.322753] pci 0000:00:04.0: reg 0x14: [mem 0xf0400000-0xf07fffff]
[    0.323378] pci 0000:00:04.0: reg 0x18: [mem 0xf0800000-0xf0803fff pref]
[    0.326675] pci 0000:00:07.0: [8086:7113] type 00 class 0x068000
[    0.327320] pci 0000:00:07.0: quirk: [io  0x4000-0x403f] claimed by PIIX4 ACPI
[    0.327333] pci 0000:00:07.0: quirk: [io  0x4100-0x410f] claimed by PIIX4 SMB
[    0.327959] pci 0000:00:08.0: [1022:2000] type 00 class 0x020000
[    0.328640] pci 0000:00:08.0: reg 0x10: [io  0xd060-0xd07f]
[    0.329257] pci 0000:00:08.0: reg 0x14: [mem 0xf0804000-0xf0804fff]
[    0.333771] pci 0000:00:09.0: [8086:100e] type 00 class 0x020000
[    0.334505] pci 0000:00:09.0: reg 0x10: [mem 0xf0820000-0xf083ffff]
[    0.335338] pci 0000:00:09.0: reg 0x18: [io  0xd080-0xd087]
[    0.346999] ACPI: PCI Interrupt Link [LNKA] (IRQs 5 9 10 *11)
[    0.347287] ACPI: PCI Interrupt Link [LNKB] (IRQs 5 9 *10 11)
[    0.347399] ACPI: PCI Interrupt Link [LNKC] (IRQs 5 *9 10 11)
[    0.347505] ACPI: PCI Interrupt Link [LNKD] (IRQs 5 9 10 *11)
[    0.347743] iommu: Default domain type: Translated 
[    0.347807] pci 0000:00:02.0: vgaarb: setting as boot VGA device
[    0.347809] pci 0000:00:02.0: vgaarb: VGA device added: decodes=io+mem,owns=io+mem,locks=none
[    0.347810] pci 0000:00:02.0: vgaarb: bridge control possible
[    0.347811] vgaarb: loaded
[    0.348017] SCSI subsystem initialized
[    0.348050] libata version 3.00 loaded.
[    0.348073] ACPI: bus type USB registered
[    0.348089] usbcore: registered new interface driver usbfs
[    0.348094] usbcore: registered new interface driver hub
[    0.348100] usbcore: registered new device driver usb
[    0.348124] pps_core: LinuxPPS API ver. 1 registered
[    0.348125] pps_core: Software ver. 5.3.6 - Copyright 2005-2007 Rodolfo Giometti <giometti@linux.it>
[    0.348127] PTP clock support registered
[    0.348162] EDAC MC: Ver: 3.0.0
[    0.348473] PCI: Using ACPI for IRQ routing
[    0.348474] PCI: pci_cache_line_size set to 64 bytes
[    0.348667] e820: reserve RAM buffer [mem 0x0009fc00-0x0009ffff]
[    0.348670] e820: reserve RAM buffer [mem 0x7fff0000-0x7fffffff]
[    0.349499] NetLabel: Initializing
[    0.349500] NetLabel:  domain hash size = 128
[    0.349500] NetLabel:  protocols = UNLABELED CIPSOv4 CALIPSO
[    0.349521] NetLabel:  unlabeled traffic allowed by default
[    0.350418] clocksource: Switched to clocksource kvm-clock
[    0.359118] *** VALIDATE bpf ***
[    0.359118] VFS: Disk quotas dquot_6.6.0
[    0.359118] VFS: Dquot-cache hash table entries: 512 (order 0, 4096 bytes)
[    0.359118] *** VALIDATE ramfs ***
[    0.359118] *** VALIDATE hugetlbfs ***
[    0.359118] AppArmor: AppArmor Filesystem Enabled
[    0.359118] pnp: PnP ACPI init
[    0.359118] pnp 00:00: Plug and Play ACPI device, IDs PNP0303 (active)
[    0.361229] pnp 00:01: Plug and Play ACPI device, IDs PNP0f03 (active)
[    0.362019] pnp: PnP ACPI: found 2 devices
[    0.363091] thermal_sys: Registered thermal governor 'fair_share'
[    0.363091] thermal_sys: Registered thermal governor 'bang_bang'
[    0.363092] thermal_sys: Registered thermal governor 'step_wise'
[    0.363093] thermal_sys: Registered thermal governor 'user_space'
[    0.363093] thermal_sys: Registered thermal governor 'power_allocator'
[    0.367640] clocksource: acpi_pm: mask: 0xffffff max_cycles: 0xffffff, max_idle_ns: 2085701024 ns
[    0.367680] pci_bus 0000:00: resource 4 [io  0x0000-0x0cf7 window]
[    0.367681] pci_bus 0000:00: resource 5 [io  0x0d00-0xffff window]
[    0.367682] pci_bus 0000:00: resource 6 [mem 0x000a0000-0x000bffff window]
[    0.367683] pci_bus 0000:00: resource 7 [mem 0x80000000-0xfdffffff window]
[    0.367737] NET: Registered protocol family 2
[    0.367811] IP idents hash table entries: 32768 (order: 6, 262144 bytes, linear)
[    0.368220] MPTCP tokens hash table entries: 8192 (order: 4, 65536 bytes, linear)
[    0.368239] MPTCP request tokens hash table entries: 8192 (order: 4, 65536 bytes, linear)
[    0.368266] default registered
[    0.368266] default registered
[    0.368267] MPTCP: Stable release v0.96
[    0.368272] tcp_listen_portaddr_hash hash table entries: 1024 (order: 2, 16384 bytes, linear)
[    0.368349] TCP established hash table entries: 16384 (order: 5, 131072 bytes, linear)
[    0.368409] TCP bind hash table entries: 16384 (order: 6, 262144 bytes, linear)
[    0.368434] TCP: Hash tables configured (established 16384 bind 16384)
[    0.369140] UDP hash table entries: 1024 (order: 3, 32768 bytes, linear)
[    0.369151] UDP-Lite hash table entries: 1024 (order: 3, 32768 bytes, linear)
[    0.369184] NET: Registered protocol family 1
[    0.369193] NET: Registered protocol family 44
[    0.369214] pci 0000:00:00.0: Limiting direct PCI/PCI transfers
[    0.369228] pci 0000:00:01.0: Activating ISA DMA hang workarounds
[    0.369293] pci 0000:00:02.0: Video device with shadowed ROM at [mem 0x000c0000-0x000dffff]
[    0.369365] PCI: CLS 0 bytes, default 64
[    0.369411] Trying to unpack rootfs image as initramfs...
[    0.540331] Freeing initrd memory: 47868K
[    0.540331] clocksource: tsc: mask: 0xffffffffffffffff max_cycles: 0x1e4530a99b6, max_idle_ns: 440795257976 ns
[    0.540331] clocksource: Switched to clocksource tsc
[    0.540331] platform rtc_cmos: registered platform RTC device (no PNP device found)
[    0.540331] check: Scanning for low memory corruption every 60 seconds
[    0.540331] Initialise system trusted keyrings
[    0.540331] Key type blacklist registered
[    0.540331] workingset: timestamp_bits=36 max_order=19 bucket_order=0
[    0.540331] zbud: loaded
[    0.540331] squashfs: version 4.0 (2009/01/31) Phillip Lougher
[    0.540331] fuse: init (API version 7.31)
[    0.540331] *** VALIDATE fuse ***
[    0.540331] *** VALIDATE fuse ***
[    0.540331] Platform Keyring initialized
[    0.554140] Key type asymmetric registered
[    0.554141] Asymmetric key parser 'x509' registered
[    0.554152] Block layer SCSI generic (bsg) driver version 0.4 loaded (major 244)
[    0.554194] io scheduler mq-deadline registered
[    0.554314] shpchp: Standard Hot Plug PCI Controller Driver version: 0.4
[    0.554535] ACPI: AC Adapter [AC] (on-line)
[    0.554580] input: Power Button as /devices/LNXSYSTM:00/LNXPWRBN:00/input/input0
[    0.554610] ACPI: Power Button [PWRF]
[    0.554707] input: Sleep Button as /devices/LNXSYSTM:00/LNXSLPBN:00/input/input1
[    0.554722] ACPI: Sleep Button [SLPF]
[    0.554987] Serial: 8250/16550 driver, 32 ports, IRQ sharing enabled
[    0.556219] Linux agpgart interface v0.103
[    0.651122] loop: module loaded
[    0.651265] ata_piix 0000:00:01.1: version 2.13
[    0.651701] scsi host0: ata_piix
[    0.651793] scsi host1: ata_piix
[    0.651820] ata1: PATA max UDMA/33 cmd 0x1f0 ctl 0x3f6 bmdma 0xd000 irq 14
[    0.651821] ata2: PATA max UDMA/33 cmd 0x170 ctl 0x376 bmdma 0xd008 irq 15
[    0.651901] tun: Universal TUN/TAP device driver, 1.6
[    0.652240] PPP generic driver version 2.4.2
[    0.652286] VFIO - User Level meta-driver version: 0.3
[    0.652538] ehci_hcd: USB 2.0 'Enhanced' Host Controller (EHCI) Driver
[    0.652543] ehci-pci: EHCI PCI platform driver
[    0.652556] ehci-platform: EHCI generic platform driver
[    0.652561] ohci_hcd: USB 1.1 'Open' Host Controller (OHCI) Driver
[    0.652563] ohci-pci: OHCI PCI platform driver
[    0.652570] ohci-platform: OHCI generic platform driver
[    0.652575] uhci_hcd: USB Universal Host Controller Interface driver
[    0.652639] i8042: PNP: PS/2 Controller [PNP0303:PS2K,PNP0f03:PS2M] at 0x60,0x64 irq 1,12
[    0.653081] serio: i8042 KBD port at 0x60,0x64 irq 1
[    0.653085] serio: i8042 AUX port at 0x60,0x64 irq 12
[    0.653173] mousedev: PS/2 mouse device common for all mice
[    0.653434] input: AT Translated Set 2 keyboard as /devices/platform/i8042/serio0/input/input2
[    0.653850] rtc_cmos rtc_cmos: registered as rtc0
[    0.653863] rtc_cmos rtc_cmos: alarms up to one day, 114 bytes nvram
[    0.653868] i2c /dev entries driver
[    0.653911] device-mapper: uevent: version 1.0.3
[    0.653954] device-mapper: ioctl: 4.41.0-ioctl (2019-09-16) initialised: dm-devel@redhat.com
[    0.653971] platform eisa.0: Probing EISA bus 0
[    0.653973] platform eisa.0: EISA: Cannot allocate resource for mainboard
[    0.653974] platform eisa.0: Cannot allocate resource for EISA slot 1
[    0.653975] platform eisa.0: Cannot allocate resource for EISA slot 2
[    0.653976] platform eisa.0: Cannot allocate resource for EISA slot 3
[    0.653977] platform eisa.0: Cannot allocate resource for EISA slot 4
[    0.653978] platform eisa.0: Cannot allocate resource for EISA slot 5
[    0.653979] platform eisa.0: Cannot allocate resource for EISA slot 6
[    0.653979] platform eisa.0: Cannot allocate resource for EISA slot 7
[    0.653980] platform eisa.0: Cannot allocate resource for EISA slot 8
[    0.653981] platform eisa.0: EISA: Detected 0 cards
[    0.653984] intel_pstate: CPU model not supported
[    0.653993] ledtrig-cpu: registered to indicate activity on CPUs
[    0.654048] drop_monitor: Initializing network drop monitor service
[    0.654205] NET: Registered protocol family 10
[    0.659246] Segment Routing with IPv6
[    0.659246] fullmesh registered
[    0.659246] ndiffports registered
[    0.659246] binder registered
[    0.659246] roundrobin registered
[    0.659246] redundant registered
[    0.659246] blest registered
[    0.659246] ecf registered
[    0.659246] NET: Registered protocol family 17
[    0.659246] Key type dns_resolver registered
[    0.659246] RAS: Correctable Errors collector initialized.
[    0.659246] IPI shorthand broadcast: enabled
[    0.659246] sched_clock: Marking stable (644171116, 11075090)->(658178614, -2932408)
[    0.659963] registered taskstats version 1
[    0.659972] Loading compiled-in X.509 certificates
[    0.660597] Loaded X.509 cert 'Build time autogenerated kernel key: 6909f3744cebb3d0de528d5887b96a727de79b1e'
[    0.660617] zswap: loaded using pool lzo/zbud
[    0.660675] Key type ._fscrypt registered
[    0.660675] Key type .fscrypt registered
[    0.665417] Key type big_key registered
[    0.667740] Key type encrypted registered
[    0.667743] AppArmor: AppArmor sha1 policy hashing enabled
[    0.667751] ima: No TPM chip found, activating TPM-bypass!
[    0.667755] ima: Allocated hash algorithm: sha1
[    0.667760] ima: No architecture policies found
[    0.667769] evm: Initialising EVM extended attributes:
[    0.667770] evm: security.selinux
[    0.667770] evm: security.SMACK64
[    0.667771] evm: security.SMACK64EXEC
[    0.667771] evm: security.SMACK64TRANSMUTE
[    0.667772] evm: security.SMACK64MMAP
[    0.667772] evm: security.apparmor
[    0.667773] evm: security.ima
[    0.667773] evm: security.capability
[    0.667774] evm: HMAC attrs: 0x1
[    0.668083] PM:   Magic number: 10:614:371
[    0.668198] rtc_cmos rtc_cmos: setting system clock to 2026-01-13T08:21:33 UTC (1768292493)
[    0.824084] ata1.00: ATA-6: VBOX HARDDISK, 1.0, max UDMA/133
[    0.824087] ata1.00: 209715200 sectors, multi 128: LBA 
[    0.824756] scsi 0:0:0:0: Direct-Access     ATA      VBOX HARDDISK    1.0  PQ: 0 ANSI: 5
[    0.825025] sd 0:0:0:0: [sda] 209715200 512-byte logical blocks: (107 GB/100 GiB)
[    0.825038] sd 0:0:0:0: [sda] Write Protect is off
[    0.825040] sd 0:0:0:0: [sda] Mode Sense: 00 3a 00 00
[    0.825061] sd 0:0:0:0: [sda] Write cache: enabled, read cache: enabled, doesn't support DPO or FUA
[    0.825267] sd 0:0:0:0: Attached scsi generic sg0 type 0
[    0.826298]  sda: sda1 sda2
[    0.835290] sd 0:0:0:0: [sda] Attached SCSI disk
[    0.837112] Freeing unused decrypted memory: 2040K
[    0.837789] Freeing unused kernel image memory: 2728K
[    0.837791] Write protecting the kernel read-only data: 22528k
[    0.838439] Freeing unused kernel image memory: 2036K
[    0.838816] Freeing unused kernel image memory: 1432K
[    0.851713] x86/mm: Checked W+X mappings: passed, no W+X pages found.
[    0.851716] Run /init as init process
[    0.943471] ACPI: Video Device [GFX0] (multi-head: yes  rom: no  post: no)
[    0.943539] input: Video Bus as /devices/LNXSYSTM:00/LNXSYBUS:00/PNP0A03:00/LNXVIDEO:00/input/input4
[    0.954420] pcnet32: pcnet32.c:v1.35 21.Apr.2008 tsbogend@alpha.franken.de
[    0.956107] piix4_smbus 0000:00:07.0: SMBus Host Controller at 0x4100, revision 0
[    0.957328] pcnet32: PCnet/FAST III 79C973 at 0xd020, 08:00:27:19:01:57 assigned IRQ 19
[    0.957370] pcnet32: Found PHY 0022:561b at address 0
[    0.957661] pcnet32: eth0: registered as PCnet/FAST III 79C973
[    0.962690] e1000: Intel(R) PRO/1000 Network Driver - version 7.3.21-k8-NAPI
[    0.962691] e1000: Copyright (c) 1999-2006 Intel Corporation.
[    0.972604] pcnet32: PCnet/FAST III 79C973 at 0xd060, 08:00:27:03:ed:1a assigned IRQ 16
[    0.972647] pcnet32: Found PHY 0022:561b at address 0
[    0.972938] pcnet32: eth1: registered as PCnet/FAST III 79C973
[    0.972957] pcnet32: 2 cards_found
[    1.029267] pcnet32 0000:00:03.0 enp0s3: renamed from eth0
[    1.031951] pcnet32 0000:00:08.0 enp0s8: renamed from eth1
[    1.172888] input: ImExPS/2 Generic Explorer Mouse as /devices/platform/i8042/serio1/input/input5
[    1.371377] e1000 0000:00:09.0 eth0: (PCI:33MHz:32-bit) 08:00:27:2a:42:50
[    1.371381] e1000 0000:00:09.0 eth0: Intel(R) PRO/1000 Network Connection
[    1.372465] e1000 0000:00:09.0 enp0s9: renamed from eth0
[    1.524442] EXT4-fs (sda2): mounted filesystem with ordered data mode. Opts: (null)
[    1.620444] systemd[1]: Inserted module 'autofs4'
[    1.632321] systemd[1]: systemd 245.4-4ubuntu3 running in system mode. (+PAM +AUDIT +SELINUX +IMA +APPARMOR +SMACK +SYSVINIT +UTMP +LIBCRYPTSETUP +GCRYPT +GNUTLS +ACL +XZ +LZ4 +SECCOMP +BLKID +ELFUTILS +KMOD +IDN2 -IDN +PCRE2 default-hierarchy=hybrid)
[    1.632350] systemd[1]: Detected virtualization oracle.
[    1.632353] systemd[1]: Detected architecture x86-64.
[    1.633629] systemd[1]: Set hostname to <ztg>.
[    1.760236] systemd[1]: /lib/systemd/system/dbus.socket:5: ListenStream= references a path below legacy directory /var/run/, updating /var/run/dbus/system_bus_socket â†’ /run/dbus/system_bus_socket; please update the unit file accordingly.
[    1.814371] systemd[1]: Created slice system-modprobe.slice.
[    1.814552] systemd[1]: Created slice User and Session Slice.
[    1.814594] systemd[1]: Started Forward Password Requests to Wall Directory Watch.
[    1.814742] systemd[1]: Set up automount Arbitrary Executable File Formats File System Automount Point.
[    1.814772] systemd[1]: Reached target User and Group Name Lookups.
[    1.814781] systemd[1]: Reached target Remote File Systems.
[    1.814788] systemd[1]: Reached target Slices.
[    1.815350] systemd[1]: Listening on Syslog Socket.
[    1.815413] systemd[1]: Listening on fsck to fsckd communication Socket.
[    1.815448] systemd[1]: Listening on initctl Compatibility Named Pipe.
[    1.815572] systemd[1]: Listening on Journal Audit Socket.
[    1.815625] systemd[1]: Listening on Journal Socket (/dev/log).
[    1.815692] systemd[1]: Listening on Journal Socket.
[    1.815752] systemd[1]: Listening on udev Control Socket.
[    1.815790] systemd[1]: Listening on udev Kernel Socket.
[    1.816455] systemd[1]: Mounting Huge Pages File System...
[    1.817327] systemd[1]: Mounting POSIX Message Queue File System...
[    1.818129] systemd[1]: Mounting Kernel Debug File System...
[    1.818945] systemd[1]: Mounting Kernel Trace File System...
[    1.820831] systemd[1]: Starting Journal Service...
[    1.845588] systemd[1]: Starting Set the console keyboard layout...
[    1.853294] systemd[1]: Starting Create list of static device nodes for the current kernel...
[    1.855072] systemd[1]: Starting Load Kernel Module drm...
[    1.856117] systemd[1]: Condition check resulted in Set Up Additional Binary Formats being skipped.
[    1.856159] systemd[1]: Condition check resulted in File System Check on Root Device being skipped.
[    1.862228] systemd[1]: Starting Load Kernel Modules...
[    1.863010] systemd[1]: Starting Remount Root and Kernel File Systems...
[    1.863759] systemd[1]: Starting udev Coldplug all Devices...
[    1.864534] systemd[1]: Starting Uncomplicated firewall...
[    1.865921] systemd[1]: Mounted Huge Pages File System.
[    1.865995] systemd[1]: Mounted POSIX Message Queue File System.
[    1.866069] systemd[1]: Mounted Kernel Debug File System.
[    1.866130] systemd[1]: Mounted Kernel Trace File System.
[    1.921767] systemd[1]: Finished Create list of static device nodes for the current kernel.
[    1.922855] systemd[1]: Finished Uncomplicated firewall.
[    1.927183] systemd[1]: modprobe@drm.service: Succeeded.
[    1.928018] systemd[1]: Finished Load Kernel Module drm.
[    1.930032] EXT4-fs (sda2): re-mounted. Opts: errors=remount-ro
[    1.931600] systemd[1]: Finished Remount Root and Kernel File Systems.
[    1.932468] systemd[1]: Condition check resulted in Rebuild Hardware Database being skipped.
[    1.932498] systemd[1]: Condition check resulted in Platform Persistent Storage Archival being skipped.
[    1.933948] systemd[1]: Starting Load/Save Random Seed...
[    1.945504] systemd[1]: Starting Create System Users...
[    1.968285] systemd[1]: Finished Load/Save Random Seed.
[    1.970718] lp: driver loaded but no devices found
[    1.974531] systemd[1]: Finished Create System Users.
[    1.975239] systemd[1]: Starting Create Static Device Nodes in /dev...
[    1.982250] ppdev: user-space parallel port driver
[    2.013812] systemd[1]: Finished Create Static Device Nodes in /dev.
[    2.014545] systemd[1]: Starting udev Kernel Device Manager...
[    2.045693] systemd[1]: Finished udev Coldplug all Devices.
[    2.072080] [drm] DMA map mode: Caching DMA mappings.
[    2.072143] [drm] Capabilities:
[    2.072143] [drm]   Rect copy.
[    2.072144] [drm]   Cursor.
[    2.072144] [drm]   Cursor bypass.
[    2.072144] [drm]   Cursor bypass 2.
[    2.072145] [drm]   Alpha cursor.
[    2.072145] [drm]   Extended Fifo.
[    2.072146] [drm]   Pitchlock.
[    2.072146] [drm]   Irq mask.
[    2.072146] [drm]   GMR.
[    2.072147] [drm]   Traces.
[    2.072147] [drm]   GMR2.
[    2.072147] [drm]   Screen Object 2.
[    2.072148] [drm]   Command Buffers.
[    2.072148] [drm]   Command Buffers 2.
[    2.072148] [drm]   Guest Backed Resources.
[    2.072149] [drm] Max GMR ids is 8192
[    2.072150] [drm] Max number of GMR pages is 1048576
[    2.072150] [drm] Max dedicated hypervisor surface memory is 393216 kiB
[    2.072151] [drm] Maximum display memory size is 131072 kiB
[    2.072152] [drm] VRAM at 0xe0000000 size is 131072 kiB
[    2.072152] [drm] MMIO at 0xf0000000 size is 2048 kiB
[    2.072725] [TTM] Zone  kernel: Available graphics memory: 1011738 KiB
[    2.072726] [TTM] Initializing pool allocator
[    2.072729] [TTM] Initializing DMA pool allocator
[    2.072780] [drm] Supports vblank timestamp caching Rev 2 (21.10.2013).
[    2.072781] [drm] No driver support for vblank timestamp query.
[    2.072988] [drm] Screen Target Display device initialized
[    2.073185] [drm] width 720
[    2.073194] [drm] height 400
[    2.073197] [drm] bpp 32
[    2.073718] [drm] Fifo max 0x00200000 min 0x00001000 cap 0x00000355
[    2.074807] [drm] Using command buffers with DMA pool.
[    2.074810] [drm] DX: no.
[    2.074811] [drm] Atomic: yes.
[    2.074811] [drm] SM4_1: no.
[    2.074830] [drm:vmw_host_log [vmwgfx]] *ERROR* Failed to send host log message.
[    2.076276] [drm:vmw_host_log [vmwgfx]] *ERROR* Failed to send host log message.
[    2.096688] fbcon: svgadrmfb (fb0) is primary device
[    2.099423] Console: switching to colour frame buffer device 100x37
[    2.105157] [drm] Initialized vmwgfx 2.15.0 20180704 for 0000:00:02.0 on minor 0
[    2.106015] systemd[1]: Finished Load Kernel Modules.
[    2.106896] systemd[1]: Mounting FUSE Control File System...
[    2.107985] systemd[1]: Mounting Kernel Configuration File System...
[    2.130044] systemd[1]: Starting Apply Kernel Variables...
[    2.136036] systemd[1]: Finished Set the console keyboard layout.
[    2.136166] systemd[1]: Reached target Local File Systems (Pre).
[    2.143981] systemd[1]: Mounting Mount unit for bare, revision 5...
[    2.147004] systemd[1]: Mounting Mount unit for core18, revision 1705...
[    2.155957] systemd[1]: Mounting Mount unit for gnome-3-34-1804, revision 24...
[    2.167453] systemd[1]: Mounting Mount unit for gtk-common-themes, revision 1506...
[    2.187509] systemd[1]: Mounting Mount unit for gtk-common-themes, revision 1535...
[    2.190723] systemd[1]: Mounting Mount unit for snap-store, revision 433...
[    2.200129] systemd[1]: Mounting Mount unit for snapd, revision 25935...
[    2.201227] systemd[1]: Mounted FUSE Control File System.
[    2.201329] systemd[1]: Mounted Kernel Configuration File System.
[    2.206837] systemd[1]: Finished Apply Kernel Variables.
[    2.208157] systemd[1]: Condition check resulted in VMware vmblock fuse mount being skipped.
[    2.233736] systemd[1]: Mounted Mount unit for bare, revision 5.
[    2.233817] systemd[1]: Mounted Mount unit for gnome-3-34-1804, revision 24.
[    2.242223] systemd[1]: Mounted Mount unit for core18, revision 1705.
[    2.242304] systemd[1]: Mounted Mount unit for gtk-common-themes, revision 1506.
[    2.273322] systemd[1]: Mounted Mount unit for snap-store, revision 433.
[    2.275212] systemd[1]: Started udev Kernel Device Manager.
[    2.275889] systemd[1]: Starting Show Plymouth Boot Screen...
[    2.282807] systemd[1]: Mounted Mount unit for gtk-common-themes, revision 1535.
[    2.282890] systemd[1]: Mounted Mount unit for snapd, revision 25935.
[    2.282984] systemd[1]: Reached target Local File Systems.
[    2.303879] systemd[1]: Starting Load AppArmor profiles...
[    2.310420] systemd[1]: Starting Set console font and keymap...
[    2.317422] systemd[1]: Starting Tell Plymouth To Write Out Runtime Data...
[    2.317476] systemd[1]: Condition check resulted in Store a System Token in an EFI Variable being skipped.
[    2.317523] systemd[1]: Condition check resulted in Commit a transient machine-id on disk being skipped.
[    2.318141] systemd[1]: Received SIGRTMIN+20 from PID 283 (plymouthd).
[    2.324687] systemd[1]: Finished Set console font and keymap.
[    2.334477] systemd[1]: Received SIGRTMIN+20 from PID 283 (plymouthd).
[    2.335699] systemd[1]: plymouth-read-write.service: Succeeded.
[    2.336076] systemd[1]: Finished Tell Plymouth To Write Out Runtime Data.
[    2.336220] systemd[1]: Started Show Plymouth Boot Screen.
[    2.336341] systemd[1]: Condition check resulted in Dispatch Password Requests to Console Directory Watch being skipped.
[    2.336419] systemd[1]: Started Forward Password Requests to Plymouth Directory Watch.
[    2.336451] systemd[1]: Reached target Local Encrypted Volumes.
[    2.350712] audit: type=1400 audit(1768292495.176:2): apparmor="STATUS" operation="profile_load" profile="unconfined" name="nvidia_modprobe" pid=295 comm="apparmor_parser"
[    2.350715] audit: type=1400 audit(1768292495.176:3): apparmor="STATUS" operation="profile_load" profile="unconfined" name="nvidia_modprobe//kmod" pid=295 comm="apparmor_parser"
[    2.376097] audit: type=1400 audit(1768292495.204:4): apparmor="STATUS" operation="profile_load" profile="unconfined" name="/usr/sbin/tcpdump" pid=296 comm="apparmor_parser"
[    2.403433] audit: type=1400 audit(1768292495.224:5): apparmor="STATUS" operation="profile_load" profile="unconfined" name="/usr/bin/evince" pid=298 comm="apparmor_parser"
[    2.403435] audit: type=1400 audit(1768292495.224:6): apparmor="STATUS" operation="profile_load" profile="unconfined" name="/usr/bin/evince//sanitized_helper" pid=298 comm="apparmor_parser"
[    2.403436] audit: type=1400 audit(1768292495.224:7): apparmor="STATUS" operation="profile_load" profile="unconfined" name="/usr/bin/evince-previewer" pid=298 comm="apparmor_parser"
[    2.403438] audit: type=1400 audit(1768292495.224:8): apparmor="STATUS" operation="profile_load" profile="unconfined" name="/usr/bin/evince-previewer//sanitized_helper" pid=298 comm="apparmor_parser"
[    2.403440] audit: type=1400 audit(1768292495.224:9): apparmor="STATUS" operation="profile_load" profile="unconfined" name="/usr/bin/evince-thumbnailer" pid=298 comm="apparmor_parser"
[    2.431856] audit: type=1400 audit(1768292495.260:10): apparmor="STATUS" operation="profile_load" profile="unconfined" name="/usr/lib/cups/backend/cups-pdf" pid=304 comm="apparmor_parser"
[    2.494793] systemd[1]: Finished Load AppArmor profiles.
[    2.495674] systemd[1]: Starting Load AppArmor profiles managed internally by snapd...
[    2.617927] systemd[1]: Finished Load AppArmor profiles managed internally by snapd.
[    2.759827] systemd[1]: Started Journal Service.
[    2.767803] systemd-journald[229]: Received client request to flush runtime journal.
[    2.771452] systemd-journald[229]: File /var/log/journal/c455b248004a419c87ce85eea238d727/system.journal corrupted or uncleanly shut down, renaming and replacing.
[    4.012882] RAPL PMU: API unit is 2^-32 Joules, 0 fixed counters, 10737418240 ms ovfl timer
[    4.058142] cryptd: max_cpu_qlen set to 1000
[    4.134952] AVX2 version of gcm_enc/dec engaged.
[    4.134953] AES CTR mode by8 optimization enabled
[    5.914580] Adding 1998844k swap on /dev/sda1.  Priority:-2 extents:1 across:1998844k FS
[    6.696170] kauditd_printk_skb: 30 callbacks suppressed
[    6.696171] audit: type=1400 audit(1768292499.520:41): apparmor="DENIED" operation="capable" profile="/usr/sbin/cups-browsed" pid=508 comm="cups-browsed" capability=23  capname="sys_nice"
[    8.212235] pcnet32 0000:00:03.0 enp0s3: link up, 100Mbps, full-duplex
[    8.233854] pcnet32 0000:00:08.0 enp0s8: link up, 100Mbps, full-duplex
[    8.271235] e1000: enp0s9 NIC Link is Up 1000 Mbps Full Duplex, Flow Control: RX
[    8.271552] IPv6: ADDRCONF(NETDEV_CHANGE): enp0s9: link becomes ready
[    8.789815] device enp0s8 entered promiscuous mode
[    8.804030] device enp0s3 entered promiscuous mode
[    8.854116] audit: type=1400 audit(1768292501.680:42): apparmor="DENIED" operation="open" profile="/usr/sbin/tcpdump" name="/proc/sys/kernel/random/boot_id" pid=621 comm="tcpdump" requested_mask="r" denied_mask="r" fsuid=0 ouid=0
[    8.854306] audit: type=1400 audit(1768292501.680:43): apparmor="DENIED" operation="open" profile="/usr/sbin/tcpdump" name="/proc/sys/kernel/random/boot_id" pid=621 comm="tcpdump" requested_mask="r" denied_mask="r" fsuid=0 ouid=0
[    8.854360] audit: type=1400 audit(1768292501.680:44): apparmor="DENIED" operation="open" profile="/usr/sbin/tcpdump" name="/proc/sys/kernel/random/boot_id" pid=621 comm="tcpdump" requested_mask="r" denied_mask="r" fsuid=0 ouid=0
[    8.854422] audit: type=1400 audit(1768292501.680:45): apparmor="DENIED" operation="open" profile="/usr/sbin/tcpdump" name="/proc/sys/kernel/random/boot_id" pid=621 comm="tcpdump" requested_mask="r" denied_mask="r" fsuid=0 ouid=0
[    8.855006] audit: type=1400 audit(1768292501.680:46): apparmor="DENIED" operation="open" profile="/usr/sbin/tcpdump" name="/proc/sys/kernel/random/boot_id" pid=622 comm="tcpdump" requested_mask="r" denied_mask="r" fsuid=0 ouid=0
[    8.855847] audit: type=1400 audit(1768292501.684:47): apparmor="DENIED" operation="open" profile="/usr/sbin/tcpdump" name="/proc/sys/kernel/random/boot_id" pid=622 comm="tcpdump" requested_mask="r" denied_mask="r" fsuid=0 ouid=0
[    8.855930] audit: type=1400 audit(1768292501.684:48): apparmor="DENIED" operation="open" profile="/usr/sbin/tcpdump" name="/proc/sys/kernel/random/boot_id" pid=622 comm="tcpdump" requested_mask="r" denied_mask="r" fsuid=0 ouid=0
[    8.856022] audit: type=1400 audit(1768292501.684:49): apparmor="DENIED" operation="open" profile="/usr/sbin/tcpdump" name="/proc/sys/kernel/random/boot_id" pid=622 comm="tcpdump" requested_mask="r" denied_mask="r" fsuid=0 ouid=0
[    8.861765] audit: type=1400 audit(1768292501.692:50): apparmor="DENIED" operation="open" profile="/usr/sbin/tcpdump" name="/proc/sys/kernel/random/boot_id" pid=623 comm="tcpdump" requested_mask="r" denied_mask="r" fsuid=0 ouid=0
[   14.709515] rfkill: input handler disabled
[  255.160929] AAAAA-TCP_RECV: name:enp0s3: saddr:100932208: daddr:16783984: srtt_us:0: RTT:0: ssthresh:2147483647: cwnd:10: delivered:0: lost:0: retrans:0
[  255.160968] AAAAA-TCP_SEND: name:enp0s3: saddr:16783984: daddr:100932208: srtt_us:0: RTT:0: ssthresh:0: cwnd:0: delivered:0: lost:0: retrans:0
[  255.727728] AAAAA-TCP_SEND: name:enp0s3: saddr:16783984: daddr:100932208: srtt_us:4533920: RTT:566740: ssthresh:2147483647: cwnd:10: delivered:1: lost:0: retrans:0
[  255.766649] AAAAA-TCP_RECV: name:enp0s3: saddr:100932208: daddr:16783984: srtt_us:4533920: RTT:566740: ssthresh:2147483647: cwnd:10: delivered:1: lost:0: retrans:0
[  255.766688] AAAAA-TCP_SEND: name:enp0s3: saddr:16783984: daddr:100932208: srtt_us:4533920: RTT:566740: ssthresh:2147483647: cwnd:10: delivered:1: lost:0: retrans:0
[  255.766850] AAAAA-TCP_SEND: name:enp0s3: saddr:16783984: daddr:100932208: srtt_us:4533920: RTT:566740: ssthresh:2147483647: cwnd:10: delivered:1: lost:0: retrans:0
[  256.867314] AAAAA-TCP_RECV: name:enp0s3: saddr:100932208: daddr:16783984: srtt_us:4533920: RTT:566740: ssthresh:2147483647: cwnd:10: delivered:1: lost:0: retrans:0
[  256.867365] AAAAA-TCP_SEND: name:enp0s3: saddr:16783984: daddr:100932208: srtt_us:4533920: RTT:566740: ssthresh:2147483647: cwnd:10: delivered:1: lost:0: retrans:0
[  257.123119] AAAAA-TCP_SEND: name:enp0s3: saddr:16783984: daddr:100932208: srtt_us:4533920: RTT:566740: ssthresh:2147483647: cwnd:10: delivered:1: lost:0: retrans:1
[  257.613348] AAAAA-TCP_RECV: name:enp0s3: saddr:100932208: daddr:16783984: srtt_us:4533920: RTT:566740: ssthresh:2147483647: cwnd:10: delivered:1: lost:0: retrans:1
[  257.643605] AAAAA-TCP_RECV: name:enp0s3: saddr:100932208: daddr:16783984: srtt_us:4457180: RTT:557147: ssthresh:2147483647: cwnd:10: delivered:2: lost:0: retrans:1
[  257.643650] AAAAA-TCP_SEND: name:enp0s3: saddr:16783984: daddr:100932208: srtt_us:4457180: RTT:557147: ssthresh:2147483647: cwnd:10: delivered:2: lost:0: retrans:1
[  257.970914] AAAAA-TCP_RECV: name:enp0s3: saddr:100932208: daddr:16783984: srtt_us:4457180: RTT:557147: ssthresh:2147483647: cwnd:10: delivered:2: lost:0: retrans:1
[  257.970964] AAAAA-TCP_SEND: name:enp0s3: saddr:16783984: daddr:100932208: srtt_us:4457180: RTT:557147: ssthresh:2147483647: cwnd:10: delivered:2: lost:0: retrans:1
[  257.971139] AAAAA-TCP_SEND: name:enp0s3: saddr:16783984: daddr:100932208: srtt_us:4457180: RTT:557147: ssthresh:2147483647: cwnd:10: delivered:2: lost:0: retrans:1
[  258.164465] AAAAA-TCP_RECV: name:enp0s3: saddr:100932208: daddr:16783984: srtt_us:4457180: RTT:557147: ssthresh:2147483647: cwnd:10: delivered:2: lost:0: retrans:1
[  258.252136] AAAAA-TCP_RECV: name:enp0s3: saddr:100932208: daddr:16783984: srtt_us:4457180: RTT:557147: ssthresh:2147483647: cwnd:10: delivered:2: lost:0: retrans:1
[  258.327281] AAAAA-TCP_RECV: name:enp0s3: saddr:100932208: daddr:16783984: srtt_us:4457180: RTT:557147: ssthresh:2147483647: cwnd:10: delivered:3: lost:0: retrans:1
[  258.348922] AAAAA-TCP_RECV: name:enp0s3: saddr:100932208: daddr:16783984: srtt_us:0: RTT:0: ssthresh:2147483647: cwnd:10: delivered:0: lost:0: retrans:0
[  258.348962] AAAAA-TCP_SEND: name:enp0s3: saddr:16783984: daddr:100932208: srtt_us:0: RTT:0: ssthresh:0: cwnd:0: delivered:0: lost:0: retrans:0
[  258.979232] AAAAA-TCP_SEND: name:enp0s3: saddr:16783984: daddr:100932208: srtt_us:5041984: RTT:630248: ssthresh:2147483647: cwnd:10: delivered:1: lost:0: retrans:0
[  259.036186] AAAAA-TCP_RECV: name:enp0s3: saddr:100932208: daddr:16783984: srtt_us:5041984: RTT:630248: ssthresh:2147483647: cwnd:10: delivered:1: lost:0: retrans:0
[  259.036222] AAAAA-TCP_SEND: name:enp0s3: saddr:16783984: daddr:100932208: srtt_us:5041984: RTT:630248: ssthresh:2147483647: cwnd:10: delivered:1: lost:0: retrans:0
[  259.037363] AAAAA-TCP_SEND: name:enp0s3: saddr:16783984: daddr:100932208: srtt_us:4256202: RTT:532025: ssthresh:2147483647: cwnd:10: delivered:4: lost:0: retrans:1
[  259.226367] AAAAA-TCP_RECV: name:enp0s3: saddr:100932208: daddr:33561200: srtt_us:0: RTT:0: ssthresh:2147483647: cwnd:10: delivered:0: lost:0: retrans:0
[  259.226424] AAAAA-TCP_SEND: name:enp0s3: saddr:33561200: daddr:100932208: srtt_us:0: RTT:0: ssthresh:0: cwnd:0: delivered:0: lost:0: retrans:0
[  259.407962] AAAAA-TCP_RECV: name:enp0s3: saddr:100932208: daddr:16783984: srtt_us:4256202: RTT:532025: ssthresh:2147483647: cwnd:10: delivered:4: lost:0: retrans:1
[  259.408012] AAAAA-TCP_SEND: name:enp0s3: saddr:16783984: daddr:100932208: srtt_us:4256202: RTT:532025: ssthresh:2147483647: cwnd:10: delivered:4: lost:0: retrans:1
[  259.557684] AAAAA-TCP_SEND: name:enp0s3: saddr:33561200: daddr:100932208: srtt_us:2649912: RTT:331239: ssthresh:2147483647: cwnd:10: delivered:1: lost:0: retrans:0
[  259.704763] AAAAA-TCP_RECV: name:enp0s3: saddr:100932208: daddr:16783984: srtt_us:4094822: RTT:511852: ssthresh:2147483647: cwnd:10: delivered:5: lost:0: retrans:1
[  259.811721] AAAAA-TCP_RECV: name:enp0s3: saddr:100932208: daddr:16783984: srtt_us:5041984: RTT:630248: ssthresh:2147483647: cwnd:10: delivered:1: lost:0: retrans:0
[  259.811771] AAAAA-TCP_SEND: name:enp0s3: saddr:16783984: daddr:100932208: srtt_us:5041984: RTT:630248: ssthresh:2147483647: cwnd:10: delivered:1: lost:0: retrans:0
[  259.856613] AAAAA-TCP_RECV: name:enp0s3: saddr:100932208: daddr:16783984: srtt_us:5041984: RTT:630248: ssthresh:2147483647: cwnd:10: delivered:1: lost:0: retrans:0
[  259.856645] AAAAA-TCP_SEND: name:enp0s3: saddr:16783984: daddr:100932208: srtt_us:5041984: RTT:630248: ssthresh:2147483647: cwnd:10: delivered:1: lost:0: retrans:0
[  259.936550] AAAAA-TCP_RECV: name:enp0s3: saddr:100932208: daddr:16783984: srtt_us:5041984: RTT:630248: ssthresh:2147483647: cwnd:10: delivered:1: lost:0: retrans:0
[  259.936596] AAAAA-TCP_SEND: name:enp0s3: saddr:16783984: daddr:100932208: srtt_us:5041984: RTT:630248: ssthresh:2147483647: cwnd:10: delivered:1: lost:0: retrans:0
[  260.081616] AAAAA-TCP_RECV: name:enp0s3: saddr:100932208: daddr:16783984: srtt_us:5041984: RTT:630248: ssthresh:2147483647: cwnd:10: delivered:1: lost:0: retrans:0
[  260.081658] AAAAA-TCP_SEND: name:enp0s3: saddr:16783984: daddr:100932208: srtt_us:5041984: RTT:630248: ssthresh:2147483647: cwnd:10: delivered:1: lost:0: retrans:0
[  260.319831] AAAAA-TCP_RECV: name:enp0s3: saddr:100932208: daddr:16783984: srtt_us:5041984: RTT:630248: ssthresh:2147483647: cwnd:10: delivered:1: lost:0: retrans:0
[  260.319883] AAAAA-TCP_SEND: name:enp0s3: saddr:16783984: daddr:100932208: srtt_us:5041984: RTT:630248: ssthresh:2147483647: cwnd:10: delivered:1: lost:0: retrans:0
[  260.606751] AAAAA-TCP_RECV: name:enp0s3: saddr:100932208: daddr:16783984: srtt_us:5041984: RTT:630248: ssthresh:2147483647: cwnd:10: delivered:1: lost:0: retrans:0
[  260.606808] AAAAA-TCP_SEND: name:enp0s3: saddr:16783984: daddr:100932208: srtt_us:5041984: RTT:630248: ssthresh:2147483647: cwnd:10: delivered:1: lost:0: retrans:0
[  260.664203] AAAAA-TCP_RECV: name:enp0s3: saddr:100932208: daddr:16783984: srtt_us:5041984: RTT:630248: ssthresh:2147483647: cwnd:10: delivered:1: lost:0: retrans:0
[  260.664239] AAAAA-TCP_SEND: name:enp0s3: saddr:16783984: daddr:100932208: srtt_us:5041984: RTT:630248: ssthresh:2147483647: cwnd:10: delivered:1: lost:0: retrans:0
[  260.882622] AAAAA-TCP_RECV: name:enp0s3: saddr:100932208: daddr:16783984: srtt_us:5041984: RTT:630248: ssthresh:2147483647: cwnd:10: delivered:1: lost:0: retrans:0
[  260.882674] AAAAA-TCP_SEND: name:enp0s3: saddr:16783984: daddr:100932208: srtt_us:5041984: RTT:630248: ssthresh:2147483647: cwnd:10: delivered:1: lost:0: retrans:0
[  261.238562] AAAAA-TCP_RECV: name:enp0s3: saddr:100932208: daddr:16783984: srtt_us:5041984: RTT:630248: ssthresh:2147483647: cwnd:10: delivered:1: lost:0: retrans:0
[  261.238663] AAAAA-TCP_SEND: name:enp0s3: saddr:16783984: daddr:100932208: srtt_us:5041984: RTT:630248: ssthresh:2147483647: cwnd:10: delivered:1: lost:0: retrans:0
[  261.314602] AAAAA-TCP_RECV: name:enp0s3: saddr:100932208: daddr:16783984: srtt_us:5041984: RTT:630248: ssthresh:2147483647: cwnd:10: delivered:1: lost:0: retrans:0
[  261.314698] AAAAA-TCP_SEND: name:enp0s3: saddr:16783984: daddr:100932208: srtt_us:5041984: RTT:630248: ssthresh:2147483647: cwnd:10: delivered:1: lost:0: retrans:0
[  261.566262] AAAAA-TCP_RECV: name:enp0s3: saddr:100932208: daddr:33561200: srtt_us:2649912: RTT:331239: ssthresh:2147483647: cwnd:10: delivered:1: lost:0: retrans:0
[  261.566317] AAAAA-TCP_SEND: name:enp0s3: saddr:33561200: daddr:100932208: srtt_us:2649912: RTT:331239: ssthresh:2147483647: cwnd:10: delivered:1: lost:0: retrans:0
[  261.618626] AAAAA-TCP_RECV: name:enp0s3: saddr:100932208: daddr:33561200: srtt_us:2649912: RTT:331239: ssthresh:2147483647: cwnd:10: delivered:1: lost:0: retrans:0
[  261.618660] AAAAA-TCP_SEND: name:enp0s3: saddr:33561200: daddr:100932208: srtt_us:2649912: RTT:331239: ssthresh:2147483647: cwnd:10: delivered:1: lost:0: retrans:0
[  261.804933] AAAAA-TCP_RECV: name:enp0s3: saddr:100932208: daddr:33561200: srtt_us:2649912: RTT:331239: ssthresh:2147483647: cwnd:10: delivered:1: lost:0: retrans:0
[  261.804976] AAAAA-TCP_SEND: name:enp0s3: saddr:33561200: daddr:100932208: srtt_us:2649912: RTT:331239: ssthresh:2147483647: cwnd:10: delivered:1: lost:0: retrans:0
[  261.827949] AAAAA-TCP_RECV: name:enp0s3: saddr:100932208: daddr:33561200: srtt_us:2649912: RTT:331239: ssthresh:2147483647: cwnd:10: delivered:1: lost:0: retrans:0
[  261.827984] AAAAA-TCP_SEND: name:enp0s3: saddr:33561200: daddr:100932208: srtt_us:2649912: RTT:331239: ssthresh:2147483647: cwnd:10: delivered:1: lost:0: retrans:0
[  261.889364] AAAAA-TCP_RECV: name:enp0s3: saddr:100932208: daddr:33561200: srtt_us:2649912: RTT:331239: ssthresh:2147483647: cwnd:10: delivered:1: lost:0: retrans:0
[  261.889383] AAAAA-TCP_SEND: name:enp0s3: saddr:33561200: daddr:100932208: srtt_us:2649912: RTT:331239: ssthresh:2147483647: cwnd:10: delivered:1: lost:0: retrans:0
[  262.013385] AAAAA-TCP_RECV: name:enp0s3: saddr:100932208: daddr:33561200: srtt_us:2649912: RTT:331239: ssthresh:2147483647: cwnd:10: delivered:1: lost:0: retrans:0
[  262.013414] AAAAA-TCP_SEND: name:enp0s3: saddr:33561200: daddr:100932208: srtt_us:2649912: RTT:331239: ssthresh:2147483647: cwnd:10: delivered:1: lost:0: retrans:0
[  262.155667] AAAAA-TCP_RECV: name:enp0s3: saddr:100932208: daddr:33561200: srtt_us:2649912: RTT:331239: ssthresh:2147483647: cwnd:10: delivered:1: lost:0: retrans:0
[  262.155706] AAAAA-TCP_SEND: name:enp0s3: saddr:33561200: daddr:100932208: srtt_us:2649912: RTT:331239: ssthresh:2147483647: cwnd:10: delivered:1: lost:0: retrans:0
[  262.189428] AAAAA-TCP_RECV: name:enp0s3: saddr:100932208: daddr:33561200: srtt_us:2649912: RTT:331239: ssthresh:2147483647: cwnd:10: delivered:1: lost:0: retrans:0
[  262.189459] AAAAA-TCP_SEND: name:enp0s3: saddr:33561200: daddr:100932208: srtt_us:2649912: RTT:331239: ssthresh:2147483647: cwnd:10: delivered:1: lost:0: retrans:0
[  262.266355] AAAAA-TCP_RECV: name:enp0s3: saddr:100932208: daddr:33561200: srtt_us:2649912: RTT:331239: ssthresh:2147483647: cwnd:10: delivered:1: lost:0: retrans:0
[  262.266389] AAAAA-TCP_SEND: name:enp0s3: saddr:33561200: daddr:100932208: srtt_us:2649912: RTT:331239: ssthresh:2147483647: cwnd:10: delivered:1: lost:0: retrans:0
[  262.497137] AAAAA-TCP_RECV: name:enp0s3: saddr:100932208: daddr:33561200: srtt_us:2649912: RTT:331239: ssthresh:2147483647: cwnd:10: delivered:1: lost:0: retrans:0
[  262.497176] AAAAA-TCP_SEND: name:enp0s3: saddr:33561200: daddr:100932208: srtt_us:2649912: RTT:331239: ssthresh:2147483647: cwnd:10: delivered:1: lost:0: retrans:0
[  262.639046] AAAAA-TCP_RECV: name:enp0s3: saddr:100932208: daddr:16783984: srtt_us:5041984: RTT:630248: ssthresh:2147483647: cwnd:10: delivered:1: lost:0: retrans:0
[  262.639083] AAAAA-TCP_SEND: name:enp0s3: saddr:16783984: daddr:100932208: srtt_us:5041984: RTT:630248: ssthresh:2147483647: cwnd:10: delivered:1: lost:0: retrans:0
[  262.762090] AAAAA-TCP_RECV: name:enp0s3: saddr:100932208: daddr:33561200: srtt_us:2649912: RTT:331239: ssthresh:2147483647: cwnd:10: delivered:1: lost:0: retrans:0
[  262.762130] AAAAA-TCP_SEND: name:enp0s3: saddr:33561200: daddr:100932208: srtt_us:2649912: RTT:331239: ssthresh:2147483647: cwnd:10: delivered:1: lost:0: retrans:0
[  262.925719] AAAAA-TCP_RECV: name:enp0s3: saddr:100932208: daddr:16783984: srtt_us:5041984: RTT:630248: ssthresh:2147483647: cwnd:10: delivered:1: lost:0: retrans:0
[  262.925760] AAAAA-TCP_SEND: name:enp0s3: saddr:16783984: daddr:100932208: srtt_us:5041984: RTT:630248: ssthresh:2147483647: cwnd:10: delivered:1: lost:0: retrans:0
[  263.023930] AAAAA-TCP_RECV: name:enp0s3: saddr:100932208: daddr:16783984: srtt_us:5041984: RTT:630248: ssthresh:2147483647: cwnd:10: delivered:1: lost:0: retrans:0
[  263.023962] AAAAA-TCP_SEND: name:enp0s3: saddr:16783984: daddr:100932208: srtt_us:5041984: RTT:630248: ssthresh:2147483647: cwnd:10: delivered:1: lost:0: retrans:0
[  263.063577] AAAAA-TCP_RECV: name:enp0s3: saddr:100932208: daddr:16783984: srtt_us:5041984: RTT:630248: ssthresh:2147483647: cwnd:10: delivered:1: lost:0: retrans:0
[  263.063608] AAAAA-TCP_SEND: name:enp0s3: saddr:16783984: daddr:100932208: srtt_us:5041984: RTT:630248: ssthresh:2147483647: cwnd:10: delivered:1: lost:0: retrans:0
[  263.137000] AAAAA-TCP_RECV: name:enp0s3: saddr:100932208: daddr:16783984: srtt_us:5041984: RTT:630248: ssthresh:2147483647: cwnd:10: delivered:1: lost:0: retrans:0
[  263.137029] AAAAA-TCP_SEND: name:enp0s3: saddr:16783984: daddr:100932208: srtt_us:5041984: RTT:630248: ssthresh:2147483647: cwnd:10: delivered:1: lost:0: retrans:0
[  263.259954] AAAAA-TCP_RECV: name:enp0s3: saddr:100932208: daddr:16783984: srtt_us:5041984: RTT:630248: ssthresh:2147483647: cwnd:10: delivered:1: lost:0: retrans:0
[  263.259996] AAAAA-TCP_SEND: name:enp0s3: saddr:16783984: daddr:100932208: srtt_us:5041984: RTT:630248: ssthresh:2147483647: cwnd:10: delivered:1: lost:0: retrans:0
[  263.341415] AAAAA-TCP_RECV: name:enp0s3: saddr:100932208: daddr:16783984: srtt_us:5041984: RTT:630248: ssthresh:2147483647: cwnd:10: delivered:1: lost:0: retrans:0
[  263.341455] AAAAA-TCP_SEND: name:enp0s3: saddr:16783984: daddr:100932208: srtt_us:5041984: RTT:630248: ssthresh:2147483647: cwnd:10: delivered:1: lost:0: retrans:0
[  263.673754] AAAAA-TCP_RECV: name:enp0s3: saddr:100932208: daddr:33561200: srtt_us:2649912: RTT:331239: ssthresh:2147483647: cwnd:10: delivered:1: lost:0: retrans:0
[  263.673792] AAAAA-TCP_SEND: name:enp0s3: saddr:33561200: daddr:100932208: srtt_us:2649912: RTT:331239: ssthresh:2147483647: cwnd:10: delivered:1: lost:0: retrans:0
[  263.779328] AAAAA-TCP_RECV: name:enp0s3: saddr:100932208: daddr:16783984: srtt_us:5041984: RTT:630248: ssthresh:2147483647: cwnd:10: delivered:1: lost:0: retrans:0
[  263.779352] AAAAA-TCP_SEND: name:enp0s3: saddr:16783984: daddr:100932208: srtt_us:5041984: RTT:630248: ssthresh:2147483647: cwnd:10: delivered:1: lost:0: retrans:0
[  264.056297] AAAAA-TCP_RECV: name:enp0s3: saddr:100932208: daddr:16783984: srtt_us:5041984: RTT:630248: ssthresh:2147483647: cwnd:10: delivered:1: lost:0: retrans:0
[  264.056345] AAAAA-TCP_SEND: name:enp0s3: saddr:16783984: daddr:100932208: srtt_us:5041984: RTT:630248: ssthresh:2147483647: cwnd:10: delivered:1: lost:0: retrans:0
[  264.463770] AAAAA-TCP_RECV: name:enp0s3: saddr:100932208: daddr:16783984: srtt_us:5041984: RTT:630248: ssthresh:2147483647: cwnd:10: delivered:1: lost:0: retrans:0
[  264.463860] AAAAA-TCP_SEND: name:enp0s3: saddr:16783984: daddr:100932208: srtt_us:5041984: RTT:630248: ssthresh:2147483647: cwnd:10: delivered:1: lost:0: retrans:0
[  264.523342] AAAAA-TCP_RECV: name:enp0s3: saddr:100932208: daddr:16783984: srtt_us:5041984: RTT:630248: ssthresh:2147483647: cwnd:10: delivered:1: lost:0: retrans:0
[  264.523395] AAAAA-TCP_SEND: name:enp0s3: saddr:16783984: daddr:100932208: srtt_us:5041984: RTT:630248: ssthresh:2147483647: cwnd:10: delivered:1: lost:0: retrans:0
[  264.651073] AAAAA-TCP_RECV: name:enp0s3: saddr:100932208: daddr:16783984: srtt_us:5041984: RTT:630248: ssthresh:2147483647: cwnd:10: delivered:1: lost:0: retrans:0
[  264.651129] AAAAA-TCP_SEND: name:enp0s3: saddr:16783984: daddr:100932208: srtt_us:5041984: RTT:630248: ssthresh:2147483647: cwnd:10: delivered:1: lost:0: retrans:0
[  264.713798] AAAAA-TCP_RECV: name:enp0s3: saddr:100932208: daddr:16783984: srtt_us:5041984: RTT:630248: ssthresh:2147483647: cwnd:10: delivered:1: lost:0: retrans:0
[  264.713843] AAAAA-TCP_SEND: name:enp0s3: saddr:16783984: daddr:100932208: srtt_us:5041984: RTT:630248: ssthresh:2147483647: cwnd:10: delivered:1: lost:0: retrans:0
[  264.753725] AAAAA-TCP_RECV: name:enp0s3: saddr:100932208: daddr:16783984: srtt_us:5041984: RTT:630248: ssthresh:2147483647: cwnd:10: delivered:1: lost:0: retrans:0
[  264.753756] AAAAA-TCP_SEND: name:enp0s3: saddr:16783984: daddr:100932208: srtt_us:5041984: RTT:630248: ssthresh:2147483647: cwnd:10: delivered:1: lost:0: retrans:0
[  264.880159] AAAAA-TCP_RECV: name:enp0s3: saddr:100932208: daddr:16783984: srtt_us:5041984: RTT:630248: ssthresh:2147483647: cwnd:10: delivered:1: lost:0: retrans:0
[  264.880205] AAAAA-TCP_SEND: name:enp0s3: saddr:16783984: daddr:100932208: srtt_us:5041984: RTT:630248: ssthresh:2147483647: cwnd:10: delivered:1: lost:0: retrans:0
[  264.937799] AAAAA-TCP_RECV: name:enp0s3: saddr:100932208: daddr:16783984: srtt_us:5041984: RTT:630248: ssthresh:2147483647: cwnd:10: delivered:1: lost:0: retrans:0
[  264.937839] AAAAA-TCP_SEND: name:enp0s3: saddr:16783984: daddr:100932208: srtt_us:5041984: RTT:630248: ssthresh:2147483647: cwnd:10: delivered:1: lost:0: retrans:0
[  265.020699] AAAAA-TCP_RECV: name:enp0s3: saddr:100932208: daddr:16783984: srtt_us:5041984: RTT:630248: ssthresh:2147483647: cwnd:10: delivered:1: lost:0: retrans:0
[  265.063141] AAAAA-TCP_SEND: name:enp0s3: saddr:16783984: daddr:100932208: srtt_us:5041984: RTT:630248: ssthresh:2147483647: cwnd:10: delivered:1: lost:0: retrans:0
[  265.098565] AAAAA-TCP_RECV: name:enp0s3: saddr:100932208: daddr:16783984: srtt_us:5041984: RTT:630248: ssthresh:2147483647: cwnd:10: delivered:1: lost:0: retrans:0
[  265.215144] AAAAA-TCP_SEND: name:enp0s3: saddr:16783984: daddr:100932208: srtt_us:5041984: RTT:630248: ssthresh:2147483647: cwnd:10: delivered:1: lost:0: retrans:0
[  265.257188] AAAAA-TCP_RECV: name:enp0s3: saddr:100932208: daddr:16783984: srtt_us:5041984: RTT:630248: ssthresh:2147483647: cwnd:10: delivered:1: lost:0: retrans:0
[  265.319932] AAAAA-TCP_RECV: name:enp0s3: saddr:100932208: daddr:33561200: srtt_us:2649912: RTT:331239: ssthresh:2147483647: cwnd:10: delivered:1: lost:0: retrans:0
[  265.319969] AAAAA-TCP_SEND: name:enp0s3: saddr:33561200: daddr:100932208: srtt_us:2649912: RTT:331239: ssthresh:2147483647: cwnd:10: delivered:1: lost:0: retrans:0
[  265.385178] AAAAA-TCP_RECV: name:enp0s3: saddr:100932208: daddr:16783984: srtt_us:5041984: RTT:630248: ssthresh:2147483647: cwnd:10: delivered:1: lost:0: retrans:0
[  265.385222] AAAAA-TCP_SEND: name:enp0s3: saddr:16783984: daddr:100932208: srtt_us:5041984: RTT:630248: ssthresh:2147483647: cwnd:10: delivered:1: lost:0: retrans:0
[  265.456093] AAAAA-TCP_RECV: name:enp0s3: saddr:100932208: daddr:16783984: srtt_us:5041984: RTT:630248: ssthresh:2147483647: cwnd:10: delivered:1: lost:0: retrans:0
[  265.663121] AAAAA-TCP_SEND: name:enp0s3: saddr:16783984: daddr:100932208: srtt_us:5041984: RTT:630248: ssthresh:2147483647: cwnd:10: delivered:1: lost:0: retrans:0
[  265.668852] AAAAA-TCP_RECV: name:enp0s3: saddr:100932208: daddr:33561200: srtt_us:2649912: RTT:331239: ssthresh:2147483647: cwnd:10: delivered:1: lost:0: retrans:0
[  265.668872] AAAAA-TCP_SEND: name:enp0s3: saddr:33561200: daddr:100932208: srtt_us:2649912: RTT:331239: ssthresh:2147483647: cwnd:10: delivered:1: lost:0: retrans:0
[  265.777570] AAAAA-TCP_RECV: name:enp0s3: saddr:100932208: daddr:33561200: srtt_us:2649912: RTT:331239: ssthresh:2147483647: cwnd:10: delivered:1: lost:0: retrans:0
[  265.777607] AAAAA-TCP_SEND: name:enp0s3: saddr:33561200: daddr:100932208: srtt_us:2649912: RTT:331239: ssthresh:2147483647: cwnd:10: delivered:1: lost:0: retrans:0
[  265.832360] AAAAA-TCP_RECV: name:enp0s3: saddr:100932208: daddr:33561200: srtt_us:2649912: RTT:331239: ssthresh:2147483647: cwnd:10: delivered:1: lost:0: retrans:0
[  265.832413] AAAAA-TCP_SEND: name:enp0s3: saddr:33561200: daddr:100932208: srtt_us:2649912: RTT:331239: ssthresh:2147483647: cwnd:10: delivered:1: lost:0: retrans:0
[  265.889914] AAAAA-TCP_RECV: name:enp0s3: saddr:100932208: daddr:33561200: srtt_us:2649912: RTT:331239: ssthresh:2147483647: cwnd:10: delivered:1: lost:0: retrans:0
[  265.889957] AAAAA-TCP_SEND: name:enp0s3: saddr:33561200: daddr:100932208: srtt_us:2649912: RTT:331239: ssthresh:2147483647: cwnd:10: delivered:1: lost:0: retrans:0
[  265.930498] AAAAA-TCP_RECV: name:enp0s3: saddr:100932208: daddr:33561200: srtt_us:2649912: RTT:331239: ssthresh:2147483647: cwnd:10: delivered:1: lost:0: retrans:0
[  265.930567] AAAAA-TCP_SEND: name:enp0s3: saddr:33561200: daddr:100932208: srtt_us:2649912: RTT:331239: ssthresh:2147483647: cwnd:10: delivered:1: lost:0: retrans:0
[  265.993742] AAAAA-TCP_RECV: name:enp0s3: saddr:100932208: daddr:33561200: srtt_us:2649912: RTT:331239: ssthresh:2147483647: cwnd:10: delivered:1: lost:0: retrans:0
[  265.993800] AAAAA-TCP_SEND: name:enp0s3: saddr:33561200: daddr:100932208: srtt_us:2649912: RTT:331239: ssthresh:2147483647: cwnd:10: delivered:1: lost:0: retrans:0
[  266.086820] AAAAA-TCP_RECV: name:enp0s3: saddr:100932208: daddr:33561200: srtt_us:2649912: RTT:331239: ssthresh:2147483647: cwnd:10: delivered:1: lost:0: retrans:0
[  266.086890] AAAAA-TCP_SEND: name:enp0s3: saddr:33561200: daddr:100932208: srtt_us:2649912: RTT:331239: ssthresh:2147483647: cwnd:10: delivered:1: lost:0: retrans:0
[  266.120258] AAAAA-TCP_RECV: name:enp0s3: saddr:100932208: daddr:33561200: srtt_us:2649912: RTT:331239: ssthresh:2147483647: cwnd:10: delivered:1: lost:0: retrans:0
[  266.120290] AAAAA-TCP_SEND: name:enp0s3: saddr:33561200: daddr:100932208: srtt_us:2649912: RTT:331239: ssthresh:2147483647: cwnd:10: delivered:1: lost:0: retrans:0
[  266.247472] AAAAA-TCP_RECV: name:enp0s3: saddr:100932208: daddr:33561200: srtt_us:2649912: RTT:331239: ssthresh:2147483647: cwnd:10: delivered:1: lost:0: retrans:0
[  266.247501] AAAAA-TCP_SEND: name:enp0s3: saddr:33561200: daddr:100932208: srtt_us:2649912: RTT:331239: ssthresh:2147483647: cwnd:10: delivered:1: lost:0: retrans:0
[  266.323194] AAAAA-TCP_RECV: name:enp0s3: saddr:100932208: daddr:33561200: srtt_us:2649912: RTT:331239: ssthresh:2147483647: cwnd:10: delivered:1: lost:0: retrans:0
[  266.323265] AAAAA-TCP_SEND: name:enp0s3: saddr:33561200: daddr:100932208: srtt_us:2649912: RTT:331239: ssthresh:2147483647: cwnd:10: delivered:1: lost:0: retrans:0
[  266.388347] AAAAA-TCP_RECV: name:enp0s3: saddr:100932208: daddr:33561200: srtt_us:2649912: RTT:331239: ssthresh:2147483647: cwnd:10: delivered:1: lost:0: retrans:0
[  266.388397] AAAAA-TCP_SEND: name:enp0s3: saddr:33561200: daddr:100932208: srtt_us:2649912: RTT:331239: ssthresh:2147483647: cwnd:10: delivered:1: lost:0: retrans:0
[  266.577304] AAAAA-TCP_RECV: name:enp0s3: saddr:100932208: daddr:33561200: srtt_us:2649912: RTT:331239: ssthresh:2147483647: cwnd:10: delivered:1: lost:0: retrans:0
[  266.577353] AAAAA-TCP_SEND: name:enp0s3: saddr:33561200: daddr:100932208: srtt_us:2649912: RTT:331239: ssthresh:2147483647: cwnd:10: delivered:1: lost:0: retrans:0
[  266.697242] AAAAA-TCP_RECV: name:enp0s3: saddr:100932208: daddr:33561200: srtt_us:2649912: RTT:331239: ssthresh:2147483647: cwnd:10: delivered:1: lost:0: retrans:0
[  266.697284] AAAAA-TCP_SEND: name:enp0s3: saddr:33561200: daddr:100932208: srtt_us:2649912: RTT:331239: ssthresh:2147483647: cwnd:10: delivered:1: lost:0: retrans:0
[  266.765736] AAAAA-TCP_RECV: name:enp0s3: saddr:100932208: daddr:33561200: srtt_us:2649912: RTT:331239: ssthresh:2147483647: cwnd:10: delivered:1: lost:0: retrans:0
[  266.765773] AAAAA-TCP_SEND: name:enp0s3: saddr:33561200: daddr:100932208: srtt_us:2649912: RTT:331239: ssthresh:2147483647: cwnd:10: delivered:1: lost:0: retrans:0
[  266.833666] AAAAA-TCP_RECV: name:enp0s3: saddr:100932208: daddr:33561200: srtt_us:2649912: RTT:331239: ssthresh:2147483647: cwnd:10: delivered:1: lost:0: retrans:0
[  266.833699] AAAAA-TCP_SEND: name:enp0s3: saddr:33561200: daddr:100932208: srtt_us:2649912: RTT:331239: ssthresh:2147483647: cwnd:10: delivered:1: lost:0: retrans:0
[  266.879816] AAAAA-TCP_RECV: name:enp0s3: saddr:100932208: daddr:33561200: srtt_us:2649912: RTT:331239: ssthresh:2147483647: cwnd:10: delivered:1: lost:0: retrans:0
[  266.879843] AAAAA-TCP_SEND: name:enp0s3: saddr:33561200: daddr:100932208: srtt_us:2649912: RTT:331239: ssthresh:2147483647: cwnd:10: delivered:1: lost:0: retrans:0
[  267.020606] AAAAA-TCP_RECV: name:enp0s3: saddr:100932208: daddr:33561200: srtt_us:2649912: RTT:331239: ssthresh:2147483647: cwnd:10: delivered:1: lost:0: retrans:0
[  267.063117] AAAAA-TCP_SEND: name:enp0s3: saddr:33561200: daddr:100932208: srtt_us:2649912: RTT:331239: ssthresh:2147483647: cwnd:10: delivered:1: lost:0: retrans:0
[  267.133911] AAAAA-TCP_RECV: name:enp0s3: saddr:100932208: daddr:33561200: srtt_us:2649912: RTT:331239: ssthresh:2147483647: cwnd:10: delivered:1: lost:0: retrans:0
[  267.171603] AAAAA-TCP_RECV: name:enp0s3: saddr:100932208: daddr:33561200: srtt_us:2649912: RTT:331239: ssthresh:2147483647: cwnd:10: delivered:1: lost:0: retrans:0
[  267.171625] AAAAA-TCP_SEND: name:enp0s3: saddr:33561200: daddr:100932208: srtt_us:2649912: RTT:331239: ssthresh:2147483647: cwnd:10: delivered:1: lost:0: retrans:0
[  267.295159] AAAAA-TCP_RECV: name:enp0s3: saddr:100932208: daddr:33561200: srtt_us:2649912: RTT:331239: ssthresh:2147483647: cwnd:10: delivered:1: lost:0: retrans:0
[  267.375123] AAAAA-TCP_SEND: name:enp0s3: saddr:33561200: daddr:100932208: srtt_us:2649912: RTT:331239: ssthresh:2147483647: cwnd:10: delivered:1: lost:0: retrans:0
[  267.390167] AAAAA-TCP_RECV: name:enp0s3: saddr:100932208: daddr:33561200: srtt_us:2649912: RTT:331239: ssthresh:2147483647: cwnd:10: delivered:1: lost:0: retrans:0
[  267.558417] AAAAA-TCP_RECV: name:enp0s3: saddr:100932208: daddr:16783984: srtt_us:5041984: RTT:630248: ssthresh:2147483647: cwnd:10: delivered:1: lost:0: retrans:0
[  267.558441] AAAAA-TCP_SEND: name:enp0s3: saddr:16783984: daddr:100932208: srtt_us:5041984: RTT:630248: ssthresh:2147483647: cwnd:10: delivered:1: lost:0: retrans:0
[  267.559137] AAAAA-TCP_SEND: name:enp0s3: saddr:33561200: daddr:100932208: srtt_us:2649912: RTT:331239: ssthresh:2147483647: cwnd:10: delivered:1: lost:0: retrans:0
[  267.612414] AAAAA-TCP_RECV: name:enp0s3: saddr:100932208: daddr:16783984: srtt_us:5041984: RTT:630248: ssthresh:2147483647: cwnd:10: delivered:1: lost:0: retrans:0
[  267.612472] AAAAA-TCP_SEND: name:enp0s3: saddr:16783984: daddr:100932208: srtt_us:5041984: RTT:630248: ssthresh:2147483647: cwnd:10: delivered:1: lost:0: retrans:0
[  267.719677] AAAAA-TCP_RECV: name:enp0s3: saddr:100932208: daddr:16783984: srtt_us:5041984: RTT:630248: ssthresh:2147483647: cwnd:10: delivered:1: lost:0: retrans:0
[  267.719722] AAAAA-TCP_SEND: name:enp0s3: saddr:16783984: daddr:100932208: srtt_us:5041984: RTT:630248: ssthresh:2147483647: cwnd:10: delivered:1: lost:0: retrans:0
[  267.811529] AAAAA-TCP_RECV: name:enp0s3: saddr:100932208: daddr:16783984: srtt_us:5041984: RTT:630248: ssthresh:2147483647: cwnd:10: delivered:1: lost:0: retrans:0
[  267.811586] AAAAA-TCP_SEND: name:enp0s3: saddr:16783984: daddr:100932208: srtt_us:5041984: RTT:630248: ssthresh:2147483647: cwnd:10: delivered:1: lost:0: retrans:0
[  267.887702] AAAAA-TCP_RECV: name:enp0s3: saddr:100932208: daddr:16783984: srtt_us:5041984: RTT:630248: ssthresh:2147483647: cwnd:10: delivered:1: lost:0: retrans:0
[  267.887741] AAAAA-TCP_SEND: name:enp0s3: saddr:16783984: daddr:100932208: srtt_us:5041984: RTT:630248: ssthresh:2147483647: cwnd:10: delivered:1: lost:0: retrans:0
[  267.980597] AAAAA-TCP_RECV: name:enp0s3: saddr:100932208: daddr:16783984: srtt_us:5041984: RTT:630248: ssthresh:2147483647: cwnd:10: delivered:1: lost:0: retrans:0
[  267.980634] AAAAA-TCP_SEND: name:enp0s3: saddr:16783984: daddr:100932208: srtt_us:5041984: RTT:630248: ssthresh:2147483647: cwnd:10: delivered:1: lost:0: retrans:0
[  268.013215] AAAAA-TCP_RECV: name:enp0s3: saddr:100932208: daddr:16783984: srtt_us:5041984: RTT:630248: ssthresh:2147483647: cwnd:10: delivered:1: lost:0: retrans:0
[  268.013243] AAAAA-TCP_SEND: name:enp0s3: saddr:16783984: daddr:100932208: srtt_us:5041984: RTT:630248: ssthresh:2147483647: cwnd:10: delivered:1: lost:0: retrans:0
[  268.062147] AAAAA-TCP_RECV: name:enp0s3: saddr:100932208: daddr:16783984: srtt_us:5041984: RTT:630248: ssthresh:2147483647: cwnd:10: delivered:1: lost:0: retrans:0
[  268.062176] AAAAA-TCP_SEND: name:enp0s3: saddr:16783984: daddr:100932208: srtt_us:5041984: RTT:630248: ssthresh:2147483647: cwnd:10: delivered:1: lost:0: retrans:0
[  268.110288] AAAAA-TCP_RECV: name:enp0s3: saddr:100932208: daddr:16783984: srtt_us:5041984: RTT:630248: ssthresh:2147483647: cwnd:10: delivered:1: lost:0: retrans:0
[  268.110339] AAAAA-TCP_SEND: name:enp0s3: saddr:16783984: daddr:100932208: srtt_us:5041984: RTT:630248: ssthresh:2147483647: cwnd:10: delivered:1: lost:0: retrans:0
[  268.208028] AAAAA-TCP_RECV: name:enp0s3: saddr:100932208: daddr:16783984: srtt_us:5041984: RTT:630248: ssthresh:2147483647: cwnd:10: delivered:1: lost:0: retrans:0
[  268.208076] AAAAA-TCP_SEND: name:enp0s3: saddr:16783984: daddr:100932208: srtt_us:5041984: RTT:630248: ssthresh:2147483647: cwnd:10: delivered:1: lost:0: retrans:0
[  268.288299] AAAAA-TCP_RECV: name:enp0s3: saddr:100932208: daddr:16783984: srtt_us:5041984: RTT:630248: ssthresh:2147483647: cwnd:10: delivered:1: lost:0: retrans:0
[  268.288336] AAAAA-TCP_SEND: name:enp0s3: saddr:16783984: daddr:100932208: srtt_us:5041984: RTT:630248: ssthresh:2147483647: cwnd:10: delivered:1: lost:0: retrans:0
[  268.359229] AAAAA-TCP_RECV: name:enp0s3: saddr:100932208: daddr:16783984: srtt_us:5041984: RTT:630248: ssthresh:2147483647: cwnd:10: delivered:1: lost:0: retrans:0
[  268.359275] AAAAA-TCP_SEND: name:enp0s3: saddr:16783984: daddr:100932208: srtt_us:5041984: RTT:630248: ssthresh:2147483647: cwnd:10: delivered:1: lost:0: retrans:0
[  268.623174] AAAAA-TCP_RECV: name:enp0s3: saddr:100932208: daddr:16783984: srtt_us:5041984: RTT:630248: ssthresh:2147483647: cwnd:10: delivered:1: lost:0: retrans:0
[  268.623258] AAAAA-TCP_SEND: name:enp0s3: saddr:16783984: daddr:100932208: srtt_us:5041984: RTT:630248: ssthresh:2147483647: cwnd:10: delivered:1: lost:0: retrans:0
[  268.851211] AAAAA-TCP_RECV: name:enp0s3: saddr:100932208: daddr:16783984: srtt_us:5041984: RTT:630248: ssthresh:2147483647: cwnd:10: delivered:1: lost:0: retrans:0
[  268.851300] AAAAA-TCP_SEND: name:enp0s3: saddr:16783984: daddr:100932208: srtt_us:5041984: RTT:630248: ssthresh:2147483647: cwnd:10: delivered:1: lost:0: retrans:0
[  268.929780] AAAAA-TCP_RECV: name:enp0s3: saddr:100932208: daddr:16783984: srtt_us:5041984: RTT:630248: ssthresh:2147483647: cwnd:10: delivered:1: lost:0: retrans:0
[  268.929833] AAAAA-TCP_SEND: name:enp0s3: saddr:16783984: daddr:100932208: srtt_us:5041984: RTT:630248: ssthresh:2147483647: cwnd:10: delivered:1: lost:0: retrans:0
[  269.045495] AAAAA-TCP_RECV: name:enp0s3: saddr:100932208: daddr:16783984: srtt_us:5041984: RTT:630248: ssthresh:2147483647: cwnd:10: delivered:1: lost:0: retrans:0
[  269.045613] AAAAA-TCP_SEND: name:enp0s3: saddr:16783984: daddr:100932208: srtt_us:5041984: RTT:630248: ssthresh:2147483647: cwnd:10: delivered:1: lost:0: retrans:0
[  269.138266] AAAAA-TCP_RECV: name:enp0s3: saddr:100932208: daddr:16783984: srtt_us:5041984: RTT:630248: ssthresh:2147483647: cwnd:10: delivered:1: lost:0: retrans:0
[  269.179158] AAAAA-TCP_SEND: name:enp0s3: saddr:16783984: daddr:100932208: srtt_us:5041984: RTT:630248: ssthresh:2147483647: cwnd:10: delivered:1: lost:0: retrans:0
[  269.313988] AAAAA-TCP_RECV: name:enp0s3: saddr:100932208: daddr:16783984: srtt_us:5041984: RTT:630248: ssthresh:2147483647: cwnd:10: delivered:1: lost:0: retrans:0
[  269.358871] AAAAA-TCP_RECV: name:enp0s3: saddr:100932208: daddr:16783984: srtt_us:5041984: RTT:630248: ssthresh:2147483647: cwnd:10: delivered:1: lost:0: retrans:0
[  269.358905] AAAAA-TCP_SEND: name:enp0s3: saddr:16783984: daddr:100932208: srtt_us:5041984: RTT:630248: ssthresh:2147483647: cwnd:10: delivered:1: lost:0: retrans:0
[  269.507982] AAAAA-TCP_RECV: name:enp0s3: saddr:100932208: daddr:16783984: srtt_us:5041984: RTT:630248: ssthresh:2147483647: cwnd:10: delivered:1: lost:0: retrans:0
[  269.577602] AAAAA-TCP_RECV: name:enp0s3: saddr:100932208: daddr:16783984: srtt_us:5041984: RTT:630248: ssthresh:2147483647: cwnd:10: delivered:1: lost:0: retrans:0
[  269.577679] AAAAA-TCP_SEND: name:enp0s3: saddr:16783984: daddr:100932208: srtt_us:5041984: RTT:630248: ssthresh:2147483647: cwnd:10: delivered:1: lost:0: retrans:0
[  269.667876] AAAAA-TCP_RECV: name:enp0s3: saddr:100932208: daddr:16783984: srtt_us:5041984: RTT:630248: ssthresh:2147483647: cwnd:10: delivered:1: lost:0: retrans:0
[  269.733441] AAAAA-TCP_RECV: name:enp0s3: saddr:100932208: daddr:16783984: srtt_us:5041984: RTT:630248: ssthresh:2147483647: cwnd:10: delivered:1: lost:0: retrans:0
[  269.733492] AAAAA-TCP_SEND: name:enp0s3: saddr:16783984: daddr:100932208: srtt_us:5041984: RTT:630248: ssthresh:2147483647: cwnd:10: delivered:1: lost:0: retrans:0
[  269.788789] AAAAA-TCP_RECV: name:enp0s3: saddr:100932208: daddr:16783984: srtt_us:5041984: RTT:630248: ssthresh:2147483647: cwnd:10: delivered:1: lost:0: retrans:0
[  269.852059] AAAAA-TCP_RECV: name:enp0s3: saddr:100932208: daddr:16783984: srtt_us:5041984: RTT:630248: ssthresh:2147483647: cwnd:10: delivered:1: lost:0: retrans:0
[  269.852122] AAAAA-TCP_SEND: name:enp0s3: saddr:16783984: daddr:100932208: srtt_us:5041984: RTT:630248: ssthresh:2147483647: cwnd:10: delivered:1: lost:0: retrans:0
[  269.896485] AAAAA-TCP_RECV: name:enp0s3: saddr:100932208: daddr:33561200: srtt_us:2649912: RTT:331239: ssthresh:2147483647: cwnd:10: delivered:1: lost:0: retrans:0
[  269.896561] AAAAA-TCP_SEND: name:enp0s3: saddr:33561200: daddr:100932208: srtt_us:2649912: RTT:331239: ssthresh:2147483647: cwnd:10: delivered:1: lost:0: retrans:0
[  269.940388] AAAAA-TCP_RECV: name:enp0s3: saddr:100932208: daddr:33561200: srtt_us:2649912: RTT:331239: ssthresh:2147483647: cwnd:10: delivered:1: lost:0: retrans:0
[  269.940508] AAAAA-TCP_SEND: name:enp0s3: saddr:33561200: daddr:100932208: srtt_us:2649912: RTT:331239: ssthresh:2147483647: cwnd:10: delivered:1: lost:0: retrans:0
[  270.070118] AAAAA-TCP_RECV: name:enp0s3: saddr:100932208: daddr:33561200: srtt_us:2649912: RTT:331239: ssthresh:2147483647: cwnd:10: delivered:1: lost:0: retrans:0
[  270.070194] AAAAA-TCP_SEND: name:enp0s3: saddr:33561200: daddr:100932208: srtt_us:2649912: RTT:331239: ssthresh:2147483647: cwnd:10: delivered:1: lost:0: retrans:0
[  270.131168] AAAAA-TCP_RECV: name:enp0s3: saddr:100932208: daddr:33561200: srtt_us:2649912: RTT:331239: ssthresh:2147483647: cwnd:10: delivered:1: lost:0: retrans:0
[  270.131237] AAAAA-TCP_SEND: name:enp0s3: saddr:33561200: daddr:100932208: srtt_us:2649912: RTT:331239: ssthresh:2147483647: cwnd:10: delivered:1: lost:0: retrans:0
[  270.165736] AAAAA-TCP_RECV: name:enp0s3: saddr:100932208: daddr:33561200: srtt_us:2649912: RTT:331239: ssthresh:2147483647: cwnd:10: delivered:1: lost:0: retrans:0
[  270.165848] AAAAA-TCP_SEND: name:enp0s3: saddr:33561200: daddr:100932208: srtt_us:2649912: RTT:331239: ssthresh:2147483647: cwnd:10: delivered:1: lost:0: retrans:0
[  270.191054] AAAAA-TCP_RECV: name:enp0s3: saddr:100932208: daddr:33561200: srtt_us:2649912: RTT:331239: ssthresh:2147483647: cwnd:10: delivered:1: lost:0: retrans:0
[  270.191085] AAAAA-TCP_SEND: name:enp0s3: saddr:33561200: daddr:100932208: srtt_us:2649912: RTT:331239: ssthresh:2147483647: cwnd:10: delivered:1: lost:0: retrans:0
[  270.299011] AAAAA-TCP_RECV: name:enp0s3: saddr:100932208: daddr:33561200: srtt_us:2649912: RTT:331239: ssthresh:2147483647: cwnd:10: delivered:1: lost:0: retrans:0
[  270.299060] AAAAA-TCP_SEND: name:enp0s3: saddr:33561200: daddr:100932208: srtt_us:2649912: RTT:331239: ssthresh:2147483647: cwnd:10: delivered:1: lost:0: retrans:0
[  270.325777] AAAAA-TCP_RECV: name:enp0s3: saddr:100932208: daddr:33561200: srtt_us:2649912: RTT:331239: ssthresh:2147483647: cwnd:10: delivered:1: lost:0: retrans:0
[  270.325815] AAAAA-TCP_SEND: name:enp0s3: saddr:33561200: daddr:100932208: srtt_us:2649912: RTT:331239: ssthresh:2147483647: cwnd:10: delivered:1: lost:0: retrans:0
[  270.367511] AAAAA-TCP_RECV: name:enp0s3: saddr:100932208: daddr:33561200: srtt_us:2649912: RTT:331239: ssthresh:2147483647: cwnd:10: delivered:1: lost:0: retrans:0
[  270.367545] AAAAA-TCP_SEND: name:enp0s3: saddr:33561200: daddr:100932208: srtt_us:2649912: RTT:331239: ssthresh:2147483647: cwnd:10: delivered:1: lost:0: retrans:0
[  270.412172] AAAAA-TCP_RECV: name:enp0s3: saddr:100932208: daddr:33561200: srtt_us:2649912: RTT:331239: ssthresh:2147483647: cwnd:10: delivered:1: lost:0: retrans:0
[  270.412200] AAAAA-TCP_SEND: name:enp0s3: saddr:33561200: daddr:100932208: srtt_us:2649912: RTT:331239: ssthresh:2147483647: cwnd:10: delivered:1: lost:0: retrans:0
[  270.478228] AAAAA-TCP_RECV: name:enp0s3: saddr:100932208: daddr:33561200: srtt_us:2649912: RTT:331239: ssthresh:2147483647: cwnd:10: delivered:1: lost:0: retrans:0
[  270.478257] AAAAA-TCP_SEND: name:enp0s3: saddr:33561200: daddr:100932208: srtt_us:2649912: RTT:331239: ssthresh:2147483647: cwnd:10: delivered:1: lost:0: retrans:0
[  290.457239] AAAAA-TCP_RECV: name:enp0s3: saddr:100932208: daddr:16783984: srtt_us:5041984: RTT:630248: ssthresh:2147483647: cwnd:10: delivered:1: lost:0: retrans:0
[  290.457307] AAAAA-TCP_SEND: name:enp0s3: saddr:16783984: daddr:100932208: srtt_us:5041984: RTT:630248: ssthresh:2147483647: cwnd:10: delivered:1: lost:0: retrans:0
[  290.601834] AAAAA-TCP_RECV: name:enp0s3: saddr:100932208: daddr:33561200: srtt_us:2649912: RTT:331239: ssthresh:2147483647: cwnd:10: delivered:1: lost:0: retrans:0
[  290.601894] AAAAA-TCP_SEND: name:enp0s3: saddr:33561200: daddr:100932208: srtt_us:2649912: RTT:331239: ssthresh:2147483647: cwnd:10: delivered:1: lost:0: retrans:0
[  290.788152] AAAAA-TCP_RECV: name:enp0s3: saddr:100932208: daddr:16783984: srtt_us:5041984: RTT:630248: ssthresh:2147483647: cwnd:10: delivered:1: lost:0: retrans:0
[  290.788208] AAAAA-TCP_SEND: name:enp0s3: saddr:16783984: daddr:100932208: srtt_us:5041984: RTT:630248: ssthresh:2147483647: cwnd:10: delivered:1: lost:0: retrans:0
[  290.840205] AAAAA-TCP_RECV: name:enp0s3: saddr:100932208: daddr:33561200: srtt_us:2649912: RTT:331239: ssthresh:2147483647: cwnd:10: delivered:1: lost:0: retrans:0
[  290.840250] AAAAA-TCP_SEND: name:enp0s3: saddr:33561200: daddr:100932208: srtt_us:2649912: RTT:331239: ssthresh:2147483647: cwnd:10: delivered:1: lost:0: retrans:0
[  291.142107] AAAAA-TCP_RECV: name:enp0s3: saddr:100932208: daddr:16783984: srtt_us:5041984: RTT:630248: ssthresh:2147483647: cwnd:10: delivered:1: lost:0: retrans:0
[  291.142160] AAAAA-TCP_SEND: name:enp0s3: saddr:16783984: daddr:100932208: srtt_us:5041984: RTT:630248: ssthresh:2147483647: cwnd:10: delivered:1: lost:0: retrans:0
[  291.431710] AAAAA-TCP_RECV: name:enp0s3: saddr:100932208: daddr:33561200: srtt_us:2649912: RTT:331239: ssthresh:2147483647: cwnd:10: delivered:1: lost:0: retrans:0
[  291.431761] AAAAA-TCP_SEND: name:enp0s3: saddr:33561200: daddr:100932208: srtt_us:2649912: RTT:331239: ssthresh:2147483647: cwnd:10: delivered:1: lost:0: retrans:0
[  291.476531] AAAAA-TCP_RECV: name:enp0s3: saddr:100932208: daddr:16783984: srtt_us:5041984: RTT:630248: ssthresh:2147483647: cwnd:10: delivered:1: lost:0: retrans:0
[  291.476576] AAAAA-TCP_SEND: name:enp0s3: saddr:16783984: daddr:100932208: srtt_us:5041984: RTT:630248: ssthresh:2147483647: cwnd:10: delivered:1: lost:0: retrans:0
[  291.503518] AAAAA-TCP_RECV: name:enp0s3: saddr:100932208: daddr:33561200: srtt_us:2649912: RTT:331239: ssthresh:2147483647: cwnd:10: delivered:1: lost:0: retrans:0
[  291.503552] AAAAA-TCP_SEND: name:enp0s3: saddr:33561200: daddr:100932208: srtt_us:2649912: RTT:331239: ssthresh:2147483647: cwnd:10: delivered:1: lost:0: retrans:0
[  291.877954] AAAAA-TCP_RECV: name:enp0s3: saddr:100932208: daddr:16783984: srtt_us:5041984: RTT:630248: ssthresh:2147483647: cwnd:10: delivered:1: lost:0: retrans:0
[  291.878003] AAAAA-TCP_SEND: name:enp0s3: saddr:16783984: daddr:100932208: srtt_us:5041984: RTT:630248: ssthresh:2147483647: cwnd:10: delivered:1: lost:0: retrans:0
[  291.925537] AAAAA-TCP_RECV: name:enp0s3: saddr:100932208: daddr:33561200: srtt_us:2649912: RTT:331239: ssthresh:2147483647: cwnd:10: delivered:1: lost:0: retrans:0
[  291.925606] AAAAA-TCP_SEND: name:enp0s3: saddr:33561200: daddr:100932208: srtt_us:2649912: RTT:331239: ssthresh:2147483647: cwnd:10: delivered:1: lost:0: retrans:0
[  291.972007] AAAAA-TCP_RECV: name:enp0s3: saddr:100932208: daddr:16783984: srtt_us:5041984: RTT:630248: ssthresh:2147483647: cwnd:10: delivered:1: lost:0: retrans:0
[  291.972076] AAAAA-TCP_SEND: name:enp0s3: saddr:16783984: daddr:100932208: srtt_us:5041984: RTT:630248: ssthresh:2147483647: cwnd:10: delivered:1: lost:0: retrans:0
[  292.150917] AAAAA-TCP_RECV: name:enp0s3: saddr:100932208: daddr:33561200: srtt_us:2649912: RTT:331239: ssthresh:2147483647: cwnd:10: delivered:1: lost:0: retrans:0
[  292.150960] AAAAA-TCP_SEND: name:enp0s3: saddr:33561200: daddr:100932208: srtt_us:2649912: RTT:331239: ssthresh:2147483647: cwnd:10: delivered:1: lost:0: retrans:0
[  292.317112] AAAAA-TCP_RECV: name:enp0s3: saddr:100932208: daddr:16783984: srtt_us:5041984: RTT:630248: ssthresh:2147483647: cwnd:10: delivered:1: lost:0: retrans:0
[  292.317173] AAAAA-TCP_SEND: name:enp0s3: saddr:16783984: daddr:100932208: srtt_us:5041984: RTT:630248: ssthresh:2147483647: cwnd:10: delivered:1: lost:0: retrans:0
[  292.406319] AAAAA-TCP_RECV: name:enp0s3: saddr:100932208: daddr:33561200: srtt_us:2649912: RTT:331239: ssthresh:2147483647: cwnd:10: delivered:1: lost:0: retrans:0
[  292.406376] AAAAA-TCP_SEND: name:enp0s3: saddr:33561200: daddr:100932208: srtt_us:2649912: RTT:331239: ssthresh:2147483647: cwnd:10: delivered:1: lost:0: retrans:0
[  292.914241] AAAAA-TCP_RECV: name:enp0s3: saddr:100932208: daddr:16783984: srtt_us:5041984: RTT:630248: ssthresh:2147483647: cwnd:10: delivered:1: lost:0: retrans:0
[  292.914293] AAAAA-TCP_SEND: name:enp0s3: saddr:16783984: daddr:100932208: srtt_us:5041984: RTT:630248: ssthresh:2147483647: cwnd:10: delivered:1: lost:0: retrans:0
[  293.210650] AAAAA-TCP_RECV: name:enp0s3: saddr:100932208: daddr:33561200: srtt_us:2649912: RTT:331239: ssthresh:2147483647: cwnd:10: delivered:1: lost:0: retrans:0
[  293.210709] AAAAA-TCP_SEND: name:enp0s3: saddr:33561200: daddr:100932208: srtt_us:2649912: RTT:331239: ssthresh:2147483647: cwnd:10: delivered:1: lost:0: retrans:0
[  293.249098] AAAAA-TCP_RECV: name:enp0s3: saddr:100932208: daddr:16783984: srtt_us:5041984: RTT:630248: ssthresh:2147483647: cwnd:10: delivered:1: lost:0: retrans:0
[  293.249132] AAAAA-TCP_SEND: name:enp0s3: saddr:16783984: daddr:100932208: srtt_us:5041984: RTT:630248: ssthresh:2147483647: cwnd:10: delivered:1: lost:0: retrans:0
[  293.587257] AAAAA-TCP_RECV: name:enp0s3: saddr:100932208: daddr:33561200: srtt_us:2649912: RTT:331239: ssthresh:2147483647: cwnd:10: delivered:1: lost:0: retrans:0
[  293.587310] AAAAA-TCP_SEND: name:enp0s3: saddr:33561200: daddr:100932208: srtt_us:2649912: RTT:331239: ssthresh:2147483647: cwnd:10: delivered:1: lost:0: retrans:0
[  293.707185] AAAAA-TCP_RECV: name:enp0s3: saddr:100932208: daddr:16783984: srtt_us:5041984: RTT:630248: ssthresh:2147483647: cwnd:10: delivered:1: lost:0: retrans:0
[  293.707251] AAAAA-TCP_SEND: name:enp0s3: saddr:16783984: daddr:100932208: srtt_us:5041984: RTT:630248: ssthresh:2147483647: cwnd:10: delivered:1: lost:0: retrans:0
[  293.826572] AAAAA-TCP_RECV: name:enp0s3: saddr:100932208: daddr:33561200: srtt_us:2649912: RTT:331239: ssthresh:2147483647: cwnd:10: delivered:1: lost:0: retrans:0
[  293.826617] AAAAA-TCP_SEND: name:enp0s3: saddr:33561200: daddr:100932208: srtt_us:2649912: RTT:331239: ssthresh:2147483647: cwnd:10: delivered:1: lost:0: retrans:0
[  293.880534] AAAAA-TCP_RECV: name:enp0s3: saddr:100932208: daddr:16783984: srtt_us:5041984: RTT:630248: ssthresh:2147483647: cwnd:10: delivered:1: lost:0: retrans:0
[  293.880608] AAAAA-TCP_SEND: name:enp0s3: saddr:16783984: daddr:100932208: srtt_us:5041984: RTT:630248: ssthresh:2147483647: cwnd:10: delivered:1: lost:0: retrans:0
[  293.997472] AAAAA-TCP_RECV: name:enp0s3: saddr:100932208: daddr:33561200: srtt_us:2649912: RTT:331239: ssthresh:2147483647: cwnd:10: delivered:1: lost:0: retrans:0
[  293.997555] AAAAA-TCP_SEND: name:enp0s3: saddr:33561200: daddr:100932208: srtt_us:2649912: RTT:331239: ssthresh:2147483647: cwnd:10: delivered:1: lost:0: retrans:0
[  294.069336] AAAAA-TCP_RECV: name:enp0s3: saddr:100932208: daddr:16783984: srtt_us:5041984: RTT:630248: ssthresh:2147483647: cwnd:10: delivered:1: lost:0: retrans:0
[  294.069416] AAAAA-TCP_SEND: name:enp0s3: saddr:16783984: daddr:100932208: srtt_us:5041984: RTT:630248: ssthresh:2147483647: cwnd:10: delivered:1: lost:0: retrans:0
[  294.120172] AAAAA-TCP_RECV: name:enp0s3: saddr:100932208: daddr:33561200: srtt_us:2649912: RTT:331239: ssthresh:2147483647: cwnd:10: delivered:1: lost:0: retrans:0
[  294.120213] AAAAA-TCP_SEND: name:enp0s3: saddr:33561200: daddr:100932208: srtt_us:2649912: RTT:331239: ssthresh:2147483647: cwnd:10: delivered:1: lost:0: retrans:0
[  294.248369] AAAAA-TCP_RECV: name:enp0s3: saddr:100932208: daddr:16783984: srtt_us:5041984: RTT:630248: ssthresh:2147483647: cwnd:10: delivered:1: lost:0: retrans:0
[  294.248418] AAAAA-TCP_SEND: name:enp0s3: saddr:16783984: daddr:100932208: srtt_us:5041984: RTT:630248: ssthresh:2147483647: cwnd:10: delivered:1: lost:0: retrans:0
[  294.502172] AAAAA-TCP_RECV: name:enp0s3: saddr:100932208: daddr:33561200: srtt_us:2649912: RTT:331239: ssthresh:2147483647: cwnd:10: delivered:1: lost:0: retrans:0
[  294.502218] AAAAA-TCP_SEND: name:enp0s3: saddr:33561200: daddr:100932208: srtt_us:2649912: RTT:331239: ssthresh:2147483647: cwnd:10: delivered:1: lost:0: retrans:0
[  294.559282] AAAAA-TCP_RECV: name:enp0s3: saddr:100932208: daddr:16783984: srtt_us:5041984: RTT:630248: ssthresh:2147483647: cwnd:10: delivered:1: lost:0: retrans:0
[  294.559318] AAAAA-TCP_SEND: name:enp0s3: saddr:16783984: daddr:100932208: srtt_us:5041984: RTT:630248: ssthresh:2147483647: cwnd:10: delivered:1: lost:0: retrans:0
[  294.688469] AAAAA-TCP_RECV: name:enp0s3: saddr:100932208: daddr:33561200: srtt_us:2649912: RTT:331239: ssthresh:2147483647: cwnd:10: delivered:1: lost:0: retrans:0
[  294.688517] AAAAA-TCP_SEND: name:enp0s3: saddr:33561200: daddr:100932208: srtt_us:2649912: RTT:331239: ssthresh:2147483647: cwnd:10: delivered:1: lost:0: retrans:0
[  294.728116] AAAAA-TCP_RECV: name:enp0s3: saddr:100932208: daddr:16783984: srtt_us:5041984: RTT:630248: ssthresh:2147483647: cwnd:10: delivered:1: lost:0: retrans:0
[  294.728159] AAAAA-TCP_SEND: name:enp0s3: saddr:16783984: daddr:100932208: srtt_us:5041984: RTT:630248: ssthresh:2147483647: cwnd:10: delivered:1: lost:0: retrans:0
[  294.780019] AAAAA-TCP_RECV: name:enp0s3: saddr:100932208: daddr:33561200: srtt_us:2649912: RTT:331239: ssthresh:2147483647: cwnd:10: delivered:1: lost:0: retrans:0
[  294.780064] AAAAA-TCP_SEND: name:enp0s3: saddr:33561200: daddr:100932208: srtt_us:2649912: RTT:331239: ssthresh:2147483647: cwnd:10: delivered:1: lost:0: retrans:0
[  294.822395] AAAAA-TCP_RECV: name:enp0s3: saddr:100932208: daddr:16783984: srtt_us:5041984: RTT:630248: ssthresh:2147483647: cwnd:10: delivered:1: lost:0: retrans:0
[  294.822424] AAAAA-TCP_SEND: name:enp0s3: saddr:16783984: daddr:100932208: srtt_us:5041984: RTT:630248: ssthresh:2147483647: cwnd:10: delivered:1: lost:0: retrans:0
[  294.912856] AAAAA-TCP_RECV: name:enp0s3: saddr:100932208: daddr:33561200: srtt_us:2649912: RTT:331239: ssthresh:2147483647: cwnd:10: delivered:1: lost:0: retrans:0
[  294.912896] AAAAA-TCP_SEND: name:enp0s3: saddr:33561200: daddr:100932208: srtt_us:2649912: RTT:331239: ssthresh:2147483647: cwnd:10: delivered:1: lost:0: retrans:0
[  295.040881] AAAAA-TCP_RECV: name:enp0s3: saddr:100932208: daddr:16783984: srtt_us:5041984: RTT:630248: ssthresh:2147483647: cwnd:10: delivered:1: lost:0: retrans:0
[  295.040917] AAAAA-TCP_SEND: name:enp0s3: saddr:16783984: daddr:100932208: srtt_us:5041984: RTT:630248: ssthresh:2147483647: cwnd:10: delivered:1: lost:0: retrans:0
[  295.185454] AAAAA-TCP_RECV: name:enp0s3: saddr:100932208: daddr:33561200: srtt_us:2649912: RTT:331239: ssthresh:2147483647: cwnd:10: delivered:1: lost:0: retrans:0
[  295.185501] AAAAA-TCP_SEND: name:enp0s3: saddr:33561200: daddr:100932208: srtt_us:2649912: RTT:331239: ssthresh:2147483647: cwnd:10: delivered:1: lost:0: retrans:0
[  295.255977] AAAAA-TCP_RECV: name:enp0s3: saddr:100932208: daddr:16783984: srtt_us:5041984: RTT:630248: ssthresh:2147483647: cwnd:10: delivered:1: lost:0: retrans:0
[  295.256058] AAAAA-TCP_SEND: name:enp0s3: saddr:16783984: daddr:100932208: srtt_us:5041984: RTT:630248: ssthresh:2147483647: cwnd:10: delivered:1: lost:0: retrans:0
[  295.365060] AAAAA-TCP_RECV: name:enp0s3: saddr:100932208: daddr:33561200: srtt_us:2649912: RTT:331239: ssthresh:2147483647: cwnd:10: delivered:1: lost:0: retrans:0
[  295.365121] AAAAA-TCP_SEND: name:enp0s3: saddr:33561200: daddr:100932208: srtt_us:2649912: RTT:331239: ssthresh:2147483647: cwnd:10: delivered:1: lost:0: retrans:0
[  295.508248] AAAAA-TCP_RECV: name:enp0s3: saddr:100932208: daddr:16783984: srtt_us:5041984: RTT:630248: ssthresh:2147483647: cwnd:10: delivered:1: lost:0: retrans:0
[  295.508297] AAAAA-TCP_SEND: name:enp0s3: saddr:16783984: daddr:100932208: srtt_us:5041984: RTT:630248: ssthresh:2147483647: cwnd:10: delivered:1: lost:0: retrans:0
[  295.664939] AAAAA-TCP_RECV: name:enp0s3: saddr:100932208: daddr:16783984: srtt_us:5041984: RTT:630248: ssthresh:2147483647: cwnd:10: delivered:1: lost:0: retrans:0
[  295.665014] AAAAA-TCP_SEND: name:enp0s3: saddr:16783984: daddr:100932208: srtt_us:5041984: RTT:630248: ssthresh:2147483647: cwnd:10: delivered:1: lost:0: retrans:0
[  295.685918] AAAAA-TCP_RECV: name:enp0s3: saddr:100932208: daddr:33561200: srtt_us:2649912: RTT:331239: ssthresh:2147483647: cwnd:10: delivered:1: lost:0: retrans:0
[  295.685980] AAAAA-TCP_SEND: name:enp0s3: saddr:33561200: daddr:100932208: srtt_us:2649912: RTT:331239: ssthresh:2147483647: cwnd:10: delivered:1: lost:0: retrans:0
[  295.747535] AAAAA-TCP_RECV: name:enp0s3: saddr:100932208: daddr:16783984: srtt_us:5041984: RTT:630248: ssthresh:2147483647: cwnd:10: delivered:1: lost:0: retrans:0
[  295.747572] AAAAA-TCP_SEND: name:enp0s3: saddr:16783984: daddr:100932208: srtt_us:5041984: RTT:630248: ssthresh:2147483647: cwnd:10: delivered:1: lost:0: retrans:0
[  295.789279] AAAAA-TCP_RECV: name:enp0s3: saddr:100932208: daddr:33561200: srtt_us:2649912: RTT:331239: ssthresh:2147483647: cwnd:10: delivered:1: lost:0: retrans:0
[  295.789305] AAAAA-TCP_SEND: name:enp0s3: saddr:33561200: daddr:100932208: srtt_us:2649912: RTT:331239: ssthresh:2147483647: cwnd:10: delivered:1: lost:0: retrans:0
[  295.834400] AAAAA-TCP_RECV: name:enp0s3: saddr:100932208: daddr:33561200: srtt_us:2649912: RTT:331239: ssthresh:2147483647: cwnd:10: delivered:1: lost:0: retrans:0
[  295.834444] AAAAA-TCP_SEND: name:enp0s3: saddr:33561200: daddr:100932208: srtt_us:2649912: RTT:331239: ssthresh:2147483647: cwnd:10: delivered:1: lost:0: retrans:0
[  295.926453] AAAAA-TCP_RECV: name:enp0s3: saddr:100932208: daddr:33561200: srtt_us:2649912: RTT:331239: ssthresh:2147483647: cwnd:10: delivered:1: lost:0: retrans:0
[  295.926515] AAAAA-TCP_SEND: name:enp0s3: saddr:33561200: daddr:100932208: srtt_us:2649912: RTT:331239: ssthresh:2147483647: cwnd:10: delivered:1: lost:0: retrans:0
[  296.035142] AAAAA-TCP_RECV: name:enp0s3: saddr:100932208: daddr:16783984: srtt_us:5041984: RTT:630248: ssthresh:2147483647: cwnd:10: delivered:1: lost:0: retrans:0
[  296.035214] AAAAA-TCP_SEND: name:enp0s3: saddr:16783984: daddr:100932208: srtt_us:5041984: RTT:630248: ssthresh:2147483647: cwnd:10: delivered:1: lost:0: retrans:0
[  296.102792] AAAAA-TCP_RECV: name:enp0s3: saddr:100932208: daddr:16783984: srtt_us:5041984: RTT:630248: ssthresh:2147483647: cwnd:10: delivered:1: lost:0: retrans:0
[  296.102862] AAAAA-TCP_SEND: name:enp0s3: saddr:16783984: daddr:100932208: srtt_us:5041984: RTT:630248: ssthresh:2147483647: cwnd:10: delivered:1: lost:0: retrans:0
[  296.134920] AAAAA-TCP_RECV: name:enp0s3: saddr:100932208: daddr:16783984: srtt_us:5041984: RTT:630248: ssthresh:2147483647: cwnd:10: delivered:1: lost:0: retrans:0
[  296.134978] AAAAA-TCP_SEND: name:enp0s3: saddr:16783984: daddr:100932208: srtt_us:5041984: RTT:630248: ssthresh:2147483647: cwnd:10: delivered:1: lost:0: retrans:0
[  296.175902] AAAAA-TCP_RECV: name:enp0s3: saddr:100932208: daddr:16783984: srtt_us:5041984: RTT:630248: ssthresh:2147483647: cwnd:10: delivered:1: lost:0: retrans:0
[  296.175927] AAAAA-TCP_SEND: name:enp0s3: saddr:16783984: daddr:100932208: srtt_us:5041984: RTT:630248: ssthresh:2147483647: cwnd:10: delivered:1: lost:0: retrans:0
[  296.234342] AAAAA-TCP_RECV: name:enp0s3: saddr:100932208: daddr:33561200: srtt_us:2649912: RTT:331239: ssthresh:2147483647: cwnd:10: delivered:1: lost:0: retrans:0
[  296.234368] AAAAA-TCP_SEND: name:enp0s3: saddr:33561200: daddr:100932208: srtt_us:2649912: RTT:331239: ssthresh:2147483647: cwnd:10: delivered:1: lost:0: retrans:0
[  296.334562] AAAAA-TCP_RECV: name:enp0s3: saddr:100932208: daddr:16783984: srtt_us:5041984: RTT:630248: ssthresh:2147483647: cwnd:10: delivered:1: lost:0: retrans:0
[  296.334618] AAAAA-TCP_SEND: name:enp0s3: saddr:16783984: daddr:100932208: srtt_us:5041984: RTT:630248: ssthresh:2147483647: cwnd:10: delivered:1: lost:0: retrans:0
[  296.378445] AAAAA-TCP_RECV: name:enp0s3: saddr:100932208: daddr:33561200: srtt_us:2649912: RTT:331239: ssthresh:2147483647: cwnd:10: delivered:1: lost:0: retrans:0
[  296.378498] AAAAA-TCP_SEND: name:enp0s3: saddr:33561200: daddr:100932208: srtt_us:2649912: RTT:331239: ssthresh:2147483647: cwnd:10: delivered:1: lost:0: retrans:0
[  296.395085] AAAAA-TCP_RECV: name:enp0s3: saddr:100932208: daddr:33561200: srtt_us:2649912: RTT:331239: ssthresh:2147483647: cwnd:10: delivered:1: lost:0: retrans:0
[  296.395108] AAAAA-TCP_SEND: name:enp0s3: saddr:33561200: daddr:100932208: srtt_us:2649912: RTT:331239: ssthresh:2147483647: cwnd:10: delivered:1: lost:0: retrans:0
[  296.504819] AAAAA-TCP_RECV: name:enp0s3: saddr:100932208: daddr:33561200: srtt_us:2649912: RTT:331239: ssthresh:2147483647: cwnd:10: delivered:1: lost:0: retrans:0
[  296.504849] AAAAA-TCP_SEND: name:enp0s3: saddr:33561200: daddr:100932208: srtt_us:2649912: RTT:331239: ssthresh:2147483647: cwnd:10: delivered:1: lost:0: retrans:0
[  296.682217] AAAAA-TCP_RECV: name:enp0s3: saddr:100932208: daddr:33561200: srtt_us:2649912: RTT:331239: ssthresh:2147483647: cwnd:10: delivered:1: lost:0: retrans:0
[  296.682274] AAAAA-TCP_SEND: name:enp0s3: saddr:33561200: daddr:100932208: srtt_us:2649912: RTT:331239: ssthresh:2147483647: cwnd:10: delivered:1: lost:0: retrans:0
[  296.748503] AAAAA-TCP_RECV: name:enp0s3: saddr:100932208: daddr:16783984: srtt_us:5041984: RTT:630248: ssthresh:2147483647: cwnd:10: delivered:1: lost:0: retrans:0
[  296.748565] AAAAA-TCP_SEND: name:enp0s3: saddr:16783984: daddr:100932208: srtt_us:5041984: RTT:630248: ssthresh:2147483647: cwnd:10: delivered:1: lost:0: retrans:0
[  296.805346] AAAAA-TCP_RECV: name:enp0s3: saddr:100932208: daddr:16783984: srtt_us:5041984: RTT:630248: ssthresh:2147483647: cwnd:10: delivered:1: lost:0: retrans:0
[  296.805387] AAAAA-TCP_SEND: name:enp0s3: saddr:16783984: daddr:100932208: srtt_us:5041984: RTT:630248: ssthresh:2147483647: cwnd:10: delivered:1: lost:0: retrans:0
[  296.848869] AAAAA-TCP_RECV: name:enp0s3: saddr:100932208: daddr:16783984: srtt_us:5041984: RTT:630248: ssthresh:2147483647: cwnd:10: delivered:1: lost:0: retrans:0
[  296.848905] AAAAA-TCP_SEND: name:enp0s3: saddr:16783984: daddr:100932208: srtt_us:5041984: RTT:630248: ssthresh:2147483647: cwnd:10: delivered:1: lost:0: retrans:0
[  296.940598] AAAAA-TCP_RECV: name:enp0s3: saddr:100932208: daddr:16783984: srtt_us:5041984: RTT:630248: ssthresh:2147483647: cwnd:10: delivered:1: lost:0: retrans:0
[  296.940648] AAAAA-TCP_SEND: name:enp0s3: saddr:16783984: daddr:100932208: srtt_us:5041984: RTT:630248: ssthresh:2147483647: cwnd:10: delivered:1: lost:0: retrans:0
[  296.974350] AAAAA-TCP_RECV: name:enp0s3: saddr:100932208: daddr:33561200: srtt_us:2649912: RTT:331239: ssthresh:2147483647: cwnd:10: delivered:1: lost:0: retrans:0
[  296.974381] AAAAA-TCP_SEND: name:enp0s3: saddr:33561200: daddr:100932208: srtt_us:2649912: RTT:331239: ssthresh:2147483647: cwnd:10: delivered:1: lost:0: retrans:0
