[    0.000000] Linux version 5.4.243-mptcp (root@ztg) (gcc version 12.2.0 (Debian 12.2.0-14+deb12u1)) #53 SMP Wed Dec 24 23:28:15 CST 2025
[    0.000000] Command line: BOOT_IMAGE=/boot/vmlinuz-5.4.243-mptcp root=UUID=98415a12-53b7-4144-8265-0f7ece09e445 ro quiet splash
[    0.000000] KERNEL supported cpus:
[    0.000000]   Intel GenuineIntel
[    0.000000]   AMD AuthenticAMD
[    0.000000]   Hygon HygonGenuine
[    0.000000]   Centaur CentaurHauls
[    0.000000]   zhaoxin   Shanghai  
[    0.000000] x86/fpu: Supporting XSAVE feature 0x001: 'x87 floating point registers'
[    0.000000] x86/fpu: Supporting XSAVE feature 0x002: 'SSE registers'
[    0.000000] x86/fpu: Supporting XSAVE feature 0x004: 'AVX registers'
[    0.000000] x86/fpu: xstate_offset[2]:  576, xstate_sizes[2]:  256
[    0.000000] x86/fpu: Enabled xstate features 0x7, context size is 832 bytes, using 'standard' format.
[    0.000000] BIOS-provided physical RAM map:
[    0.000000] BIOS-e820: [mem 0x0000000000000000-0x000000000009fbff] usable
[    0.000000] BIOS-e820: [mem 0x000000000009fc00-0x000000000009ffff] reserved
[    0.000000] BIOS-e820: [mem 0x00000000000f0000-0x00000000000fffff] reserved
[    0.000000] BIOS-e820: [mem 0x0000000000100000-0x000000007ffeffff] usable
[    0.000000] BIOS-e820: [mem 0x000000007fff0000-0x000000007fffffff] ACPI data
[    0.000000] BIOS-e820: [mem 0x00000000fec00000-0x00000000fec00fff] reserved
[    0.000000] BIOS-e820: [mem 0x00000000fee00000-0x00000000fee00fff] reserved
[    0.000000] BIOS-e820: [mem 0x00000000fffc0000-0x00000000ffffffff] reserved
[    0.000000] NX (Execute Disable) protection: active
[    0.000000] SMBIOS 2.5 present.
[    0.000000] DMI: innotek GmbH VirtualBox/VirtualBox, BIOS VirtualBox 12/01/2006
[    0.000000] Hypervisor detected: KVM
[    0.000000] kvm-clock: Using msrs 4b564d01 and 4b564d00
[    0.000000] kvm-clock: cpu 0, msr 41e01001, primary cpu clock
[    0.000000] kvm-clock: using sched offset of 4448877176 cycles
[    0.000003] clocksource: kvm-clock: mask: 0xffffffffffffffff max_cycles: 0x1cd42e4dffb, max_idle_ns: 881590591483 ns
[    0.000006] tsc: Detected 2100.000 MHz processor
[    0.001860] e820: update [mem 0x00000000-0x00000fff] usable ==> reserved
[    0.001862] e820: remove [mem 0x000a0000-0x000fffff] usable
[    0.001866] last_pfn = 0x7fff0 max_arch_pfn = 0x400000000
[    0.001935] MTRR default type: uncachable
[    0.001936] MTRR fixed ranges enabled:
[    0.001937]   00000-9FFFF write-back
[    0.001938]   A0000-BFFFF uncachable
[    0.001939]   C0000-FFFFF write-protect
[    0.001939] MTRR variable ranges enabled:
[    0.001941]   0 base 000000000000 mask 3FFF80000000 write-back
[    0.001942]   1 disabled
[    0.001942]   2 disabled
[    0.001942]   3 disabled
[    0.001943]   4 disabled
[    0.001943]   5 disabled
[    0.001944]   6 disabled
[    0.001944]   7 disabled
[    0.001945]   8 disabled
[    0.001945]   9 disabled
[    0.001945]   10 disabled
[    0.001946]   11 disabled
[    0.001946]   12 disabled
[    0.001947]   13 disabled
[    0.001947]   14 disabled
[    0.001948]   15 disabled
[    0.001965] x86/PAT: Configuration [0-7]: WB  WC  UC- UC  WB  WP  UC- WT  
[    0.002099] found SMP MP-table at [mem 0x0009fff0-0x0009ffff]
[    0.090428] check: Scanning 1 areas for low memory corruption
[    0.090640] RAMDISK: [mem 0x32271000-0x3512ffff]
[    0.090649] ACPI: Early table checksum verification disabled
[    0.090654] ACPI: RSDP 0x00000000000E0000 000024 (v02 VBOX  )
[    0.090659] ACPI: XSDT 0x000000007FFF0030 00003C (v01 VBOX   VBOXXSDT 00000001 ASL  00000061)
[    0.090666] ACPI: FACP 0x000000007FFF00F0 0000F4 (v04 VBOX   VBOXFACP 00000001 ASL  00000061)
[    0.090672] ACPI: DSDT 0x000000007FFF02E0 002353 (v02 VBOX   VBOXBIOS 00000002 VBOX 00029BF3)
[    0.090676] ACPI: FACS 0x000000007FFF0200 000040
[    0.090680] ACPI: FACS 0x000000007FFF0200 000040
[    0.090683] ACPI: APIC 0x000000007FFF0240 000054 (v02 VBOX   VBOXAPIC 00000001 ASL  00000061)
[    0.090686] ACPI: SSDT 0x000000007FFF02A0 000038 (v01 VBOX   VBOXCPUT 00000002 VBOX 00029BF3)
[    0.090690] ACPI: Reserving FACP table memory at [mem 0x7fff00f0-0x7fff01e3]
[    0.090691] ACPI: Reserving DSDT table memory at [mem 0x7fff02e0-0x7fff2632]
[    0.090691] ACPI: Reserving FACS table memory at [mem 0x7fff0200-0x7fff023f]
[    0.090692] ACPI: Reserving FACS table memory at [mem 0x7fff0200-0x7fff023f]
[    0.090693] ACPI: Reserving APIC table memory at [mem 0x7fff0240-0x7fff0293]
[    0.090693] ACPI: Reserving SSDT table memory at [mem 0x7fff02a0-0x7fff02d7]
[    0.090707] ACPI: Local APIC address 0xfee00000
[    0.090898] No NUMA configuration found
[    0.090899] Faking a node at [mem 0x0000000000000000-0x000000007ffeffff]
[    0.090909] NODE_DATA(0) allocated [mem 0x7ffc5000-0x7ffeffff]
[    0.091192] Zone ranges:
[    0.091193]   DMA      [mem 0x0000000000001000-0x0000000000ffffff]
[    0.091194]   DMA32    [mem 0x0000000001000000-0x000000007ffeffff]
[    0.091195]   Normal   empty
[    0.091195]   Device   empty
[    0.091196] Movable zone start for each node
[    0.091198] Early memory node ranges
[    0.091199]   node   0: [mem 0x0000000000001000-0x000000000009efff]
[    0.091199]   node   0: [mem 0x0000000000100000-0x000000007ffeffff]
[    0.091202] Zeroed struct page in unavailable ranges: 114 pages
[    0.091203] Initmem setup node 0 [mem 0x0000000000001000-0x000000007ffeffff]
[    0.091204] On node 0 totalpages: 524174
[    0.091206]   DMA zone: 64 pages used for memmap
[    0.091206]   DMA zone: 21 pages reserved
[    0.091207]   DMA zone: 3998 pages, LIFO batch:0
[    0.091278]   DMA32 zone: 8128 pages used for memmap
[    0.091279]   DMA32 zone: 520176 pages, LIFO batch:63
[    0.100267] ACPI: PM-Timer IO Port: 0x4008
[    0.100271] ACPI: Local APIC address 0xfee00000
[    0.100343] IOAPIC[0]: apic_id 1, version 32, address 0xfec00000, GSI 0-23
[    0.100347] ACPI: INT_SRC_OVR (bus 0 bus_irq 0 global_irq 2 dfl dfl)
[    0.100349] ACPI: INT_SRC_OVR (bus 0 bus_irq 9 global_irq 9 low level)
[    0.100351] ACPI: IRQ0 used by override.
[    0.100352] ACPI: IRQ9 used by override.
[    0.100354] Using ACPI (MADT) for SMP configuration information
[    0.100362] smpboot: Allowing 1 CPUs, 0 hotplug CPUs
[    0.100383] PM: Registered nosave memory: [mem 0x00000000-0x00000fff]
[    0.100384] PM: Registered nosave memory: [mem 0x0009f000-0x0009ffff]
[    0.100385] PM: Registered nosave memory: [mem 0x000a0000-0x000effff]
[    0.100386] PM: Registered nosave memory: [mem 0x000f0000-0x000fffff]
[    0.100387] [mem 0x80000000-0xfebfffff] available for PCI devices
[    0.100388] Booting paravirtualized kernel on KVM
[    0.100392] clocksource: refined-jiffies: mask: 0xffffffff max_cycles: 0xffffffff, max_idle_ns: 7645519600211568 ns
[    0.100397] setup_percpu: NR_CPUS:8192 nr_cpumask_bits:1 nr_cpu_ids:1 nr_node_ids:1
[    0.101426] percpu: Embedded 60 pages/cpu s208896 r8192 d28672 u2097152
[    0.101431] pcpu-alloc: s208896 r8192 d28672 u2097152 alloc=1*2097152
[    0.101432] pcpu-alloc: [0] 0 
[    0.101460] Built 1 zonelists, mobility grouping on.  Total pages: 515961
[    0.101460] Policy zone: DMA32
[    0.101462] Kernel command line: BOOT_IMAGE=/boot/vmlinuz-5.4.243-mptcp root=UUID=98415a12-53b7-4144-8265-0f7ece09e445 ro quiet splash
[    0.102300] Dentry cache hash table entries: 262144 (order: 9, 2097152 bytes, linear)
[    0.102562] Inode-cache hash table entries: 131072 (order: 8, 1048576 bytes, linear)
[    0.102615] mem auto-init: stack:off, heap alloc:on, heap free:off
[    0.102617] Calgary: detecting Calgary via BIOS EBDA area
[    0.102619] Calgary: Unable to locate Rio Grande table in EBDA - bailing!
[    0.106904] Memory: 1967332K/2096696K available (14339K kernel code, 2398K rwdata, 4712K rodata, 2728K init, 17260K bss, 129364K reserved, 0K cma-reserved)
[    0.107816] SLUB: HWalign=64, Order=0-3, MinObjects=0, CPUs=1, Nodes=1
[    0.107834] ftrace: allocating 43186 entries in 169 pages
[    0.125839] rcu: Hierarchical RCU implementation.
[    0.125840] rcu: 	RCU restricting CPUs from NR_CPUS=8192 to nr_cpu_ids=1.
[    0.125841] 	Tasks RCU enabled.
[    0.125842] rcu: RCU calculated value of scheduler-enlistment delay is 25 jiffies.
[    0.125843] rcu: Adjusting geometry for rcu_fanout_leaf=16, nr_cpu_ids=1
[    0.128802] NR_IRQS: 524544, nr_irqs: 256, preallocated irqs: 16
[    0.129020] random: crng init done
[    0.138401] Console: colour VGA+ 80x25
[    0.138405] printk: console [tty0] enabled
[    0.138424] ACPI: Core revision 20190816
[    0.138522] APIC: Switch to symmetric I/O mode setup
[    0.138773] x2apic enabled
[    0.139012] Switched APIC routing to physical x2apic.
[    0.140154] ..TIMER: vector=0x30 apic1=0 pin1=2 apic2=-1 pin2=-1
[    0.140179] clocksource: tsc-early: mask: 0xffffffffffffffff max_cycles: 0x1e4530a99b6, max_idle_ns: 440795257976 ns
[    0.140185] Calibrating delay loop (skipped) preset value.. 4200.00 BogoMIPS (lpj=8400000)
[    0.140187] pid_max: default: 32768 minimum: 301
[    0.140214] LSM: Security Framework initializing
[    0.140223] Yama: becoming mindful.
[    0.140248] AppArmor: AppArmor initialized
[    0.140282] Mount-cache hash table entries: 4096 (order: 3, 32768 bytes, linear)
[    0.140286] Mountpoint-cache hash table entries: 4096 (order: 3, 32768 bytes, linear)
[    0.140296] *** VALIDATE tmpfs ***
[    0.140423] *** VALIDATE proc ***
[    0.140465] *** VALIDATE cgroup1 ***
[    0.140466] *** VALIDATE cgroup2 ***
[    0.140609] process: using mwait in idle threads
[    0.140614] Last level iTLB entries: 4KB 64, 2MB 8, 4MB 8
[    0.140614] Last level dTLB entries: 4KB 64, 2MB 0, 4MB 0, 1GB 4
[    0.140636] Spectre V1 : Mitigation: usercopy/swapgs barriers and __user pointer sanitization
[    0.140642] Spectre V2 : Mitigation: Retpolines
[    0.140642] Spectre V2 : Spectre v2 / SpectreRSB mitigation: Filling RSB on context switch
[    0.140643] Spectre V2 : Spectre v2 / SpectreRSB : Filling RSB on VMEXIT
[    0.140644] RETBleed: WARNING: Spectre v2 mitigation leaves CPU vulnerable to RETBleed attacks, data leaks possible!
[    0.141004] RETBleed: Vulnerable
[    0.141005] Speculative Store Bypass: Vulnerable
[    0.141010] TAA: Mitigation: TSX disabled
[    0.141010] MMIO Stale Data: Mitigation: Clear CPU buffers
[    0.145219] Freeing SMP alternatives memory: 40K
[    0.257741] smpboot: CPU0: Intel(R) Xeon(R) Silver 4216 CPU @ 2.10GHz (family: 0x6, model: 0x55, stepping: 0x7)
[    0.257859] Performance Events: unsupported p6 CPU model 85 no PMU driver, software events only.
[    0.257898] rcu: Hierarchical SRCU implementation.
[    0.258377] NMI watchdog: Perf NMI watchdog permanently disabled
[    0.258414] smp: Bringing up secondary CPUs ...
[    0.258415] smp: Brought up 1 node, 1 CPU
[    0.258416] smpboot: Max logical packages: 1
[    0.258417] smpboot: Total of 1 processors activated (4200.00 BogoMIPS)
[    0.259393] devtmpfs: initialized
[    0.259440] x86/mm: Memory block size: 128MB
[    0.259786] clocksource: jiffies: mask: 0xffffffff max_cycles: 0xffffffff, max_idle_ns: 7645041785100000 ns
[    0.259792] futex hash table entries: 256 (order: 2, 16384 bytes, linear)
[    0.259835] pinctrl core: initialized pinctrl subsystem
[    0.259937] PM: RTC time: 16:25:14, date: 2026-01-11
[    0.260043] NET: Registered protocol family 16
[    0.260116] audit: initializing netlink subsys (disabled)
[    0.260181] EISA bus registered
[    0.260181] cpuidle: using governor ladder
[    0.260181] cpuidle: using governor menu
[    0.260181] ACPI: bus type PCI registered
[    0.260181] acpiphp: ACPI Hot Plug PCI Controller Driver version: 0.5
[    0.260181] PCI: Using configuration type 1 for base access
[    0.260467] audit: type=2000 audit(1768119920.502:1): state=initialized audit_enabled=0 res=1
[    0.260547] HugeTLB registered 2.00 MiB page size, pre-allocated 0 pages
[    0.261378] ACPI: Added _OSI(Module Device)
[    0.261378] ACPI: Added _OSI(Processor Device)
[    0.261379] ACPI: Added _OSI(3.0 _SCP Extensions)
[    0.261380] ACPI: Added _OSI(Processor Aggregator Device)
[    0.261381] ACPI: Added _OSI(Linux-Dell-Video)
[    0.261381] ACPI: Added _OSI(Linux-Lenovo-NV-HDMI-Audio)
[    0.261382] ACPI: Added _OSI(Linux-HPI-Hybrid-Graphics)
[    0.263324] ACPI: 2 ACPI AML tables successfully acquired and loaded
[    0.264813] ACPI: Interpreter enabled
[    0.264823] ACPI: (supports S0 S5)
[    0.264824] ACPI: Using IOAPIC for interrupt routing
[    0.265040] PCI: Using host bridge windows from ACPI; if necessary, use "pci=nocrs" and report a bug
[    0.265145] ACPI: Enabled 2 GPEs in block 00 to 07
[    0.270050] ACPI: PCI Root Bridge [PCI0] (domain 0000 [bus 00-ff])
[    0.270055] acpi PNP0A03:00: _OSC: OS supports [ASPM ClockPM Segments MSI HPX-Type3]
[    0.270498] acpi PNP0A03:00: _OSC: not requesting OS control; OS requires [ExtendedConfig ASPM ClockPM MSI]
[    0.270506] acpi PNP0A03:00: fail to add MMCONFIG information, can't access extended PCI configuration space under this bridge.
[    0.270868] PCI host bridge to bus 0000:00
[    0.270870] pci_bus 0000:00: root bus resource [io  0x0000-0x0cf7 window]
[    0.270871] pci_bus 0000:00: root bus resource [io  0x0d00-0xffff window]
[    0.270872] pci_bus 0000:00: root bus resource [mem 0x000a0000-0x000bffff window]
[    0.270874] pci_bus 0000:00: root bus resource [mem 0x80000000-0xfdffffff window]
[    0.270875] pci_bus 0000:00: root bus resource [bus 00-ff]
[    0.270921] pci 0000:00:00.0: [8086:1237] type 00 class 0x060000
[    0.271847] pci 0000:00:01.0: [8086:7000] type 00 class 0x060100
[    0.272635] pci 0000:00:01.1: [8086:7111] type 00 class 0x01018a
[    0.273009] pci 0000:00:01.1: reg 0x20: [io  0xd000-0xd00f]
[    0.273160] pci 0000:00:01.1: legacy IDE quirk: reg 0x10: [io  0x01f0-0x01f7]
[    0.273161] pci 0000:00:01.1: legacy IDE quirk: reg 0x14: [io  0x03f6]
[    0.273162] pci 0000:00:01.1: legacy IDE quirk: reg 0x18: [io  0x0170-0x0177]
[    0.273163] pci 0000:00:01.1: legacy IDE quirk: reg 0x1c: [io  0x0376]
[    0.273701] pci 0000:00:02.0: [15ad:0405] type 00 class 0x030000
[    0.276262] pci 0000:00:02.0: reg 0x10: [io  0xd010-0xd01f]
[    0.280226] pci 0000:00:02.0: reg 0x14: [mem 0xe0000000-0xe7ffffff pref]
[    0.283164] pci 0000:00:02.0: reg 0x18: [mem 0xf0000000-0xf01fffff]
[    0.294821] pci 0000:00:03.0: [1022:2000] type 00 class 0x020000
[    0.296334] pci 0000:00:03.0: reg 0x10: [io  0xd020-0xd03f]
[    0.297081] pci 0000:00:03.0: reg 0x14: [mem 0xf0200000-0xf0200fff]
[    0.300939] pci 0000:00:04.0: [80ee:cafe] type 00 class 0x088000
[    0.301647] pci 0000:00:04.0: reg 0x10: [io  0xd040-0xd05f]
[    0.302278] pci 0000:00:04.0: reg 0x14: [mem 0xf0400000-0xf07fffff]
[    0.302895] pci 0000:00:04.0: reg 0x18: [mem 0xf0800000-0xf0803fff pref]
[    0.306174] pci 0000:00:07.0: [8086:7113] type 00 class 0x068000
[    0.306708] pci 0000:00:07.0: quirk: [io  0x4000-0x403f] claimed by PIIX4 ACPI
[    0.306718] pci 0000:00:07.0: quirk: [io  0x4100-0x410f] claimed by PIIX4 SMB
[    0.307302] pci 0000:00:08.0: [1022:2000] type 00 class 0x020000
[    0.308034] pci 0000:00:08.0: reg 0x10: [io  0xd060-0xd07f]
[    0.308297] pci 0000:00:08.0: reg 0x14: [mem 0xf0804000-0xf0804fff]
[    0.312625] pci 0000:00:09.0: [8086:100e] type 00 class 0x020000
[    0.313361] pci 0000:00:09.0: reg 0x10: [mem 0xf0820000-0xf083ffff]
[    0.314536] pci 0000:00:09.0: reg 0x18: [io  0xd080-0xd087]
[    0.325111] ACPI: PCI Interrupt Link [LNKA] (IRQs 5 9 10 *11)
[    0.325393] ACPI: PCI Interrupt Link [LNKB] (IRQs 5 9 *10 11)
[    0.325492] ACPI: PCI Interrupt Link [LNKC] (IRQs 5 *9 10 11)
[    0.325597] ACPI: PCI Interrupt Link [LNKD] (IRQs 5 9 10 *11)
[    0.325860] iommu: Default domain type: Translated 
[    0.325922] pci 0000:00:02.0: vgaarb: setting as boot VGA device
[    0.325924] pci 0000:00:02.0: vgaarb: VGA device added: decodes=io+mem,owns=io+mem,locks=none
[    0.325926] pci 0000:00:02.0: vgaarb: bridge control possible
[    0.325927] vgaarb: loaded
[    0.326143] SCSI subsystem initialized
[    0.326173] libata version 3.00 loaded.
[    0.326198] ACPI: bus type USB registered
[    0.326214] usbcore: registered new interface driver usbfs
[    0.326220] usbcore: registered new interface driver hub
[    0.326226] usbcore: registered new device driver usb
[    0.326253] pps_core: LinuxPPS API ver. 1 registered
[    0.326253] pps_core: Software ver. 5.3.6 - Copyright 2005-2007 Rodolfo Giometti <giometti@linux.it>
[    0.326255] PTP clock support registered
[    0.326291] EDAC MC: Ver: 3.0.0
[    0.326577] PCI: Using ACPI for IRQ routing
[    0.326578] PCI: pci_cache_line_size set to 64 bytes
[    0.326748] e820: reserve RAM buffer [mem 0x0009fc00-0x0009ffff]
[    0.326751] e820: reserve RAM buffer [mem 0x7fff0000-0x7fffffff]
[    0.327530] NetLabel: Initializing
[    0.327531] NetLabel:  domain hash size = 128
[    0.327531] NetLabel:  protocols = UNLABELED CIPSOv4 CALIPSO
[    0.328185] NetLabel:  unlabeled traffic allowed by default
[    0.329086] clocksource: Switched to clocksource kvm-clock
[    0.342599] *** VALIDATE bpf ***
[    0.342662] VFS: Disk quotas dquot_6.6.0
[    0.342674] VFS: Dquot-cache hash table entries: 512 (order 0, 4096 bytes)
[    0.342697] *** VALIDATE ramfs ***
[    0.342700] *** VALIDATE hugetlbfs ***
[    0.342784] AppArmor: AppArmor Filesystem Enabled
[    0.342811] pnp: PnP ACPI init
[    0.342883] pnp 00:00: Plug and Play ACPI device, IDs PNP0303 (active)
[    0.342953] pnp 00:01: Plug and Play ACPI device, IDs PNP0f03 (active)
[    0.343698] pnp: PnP ACPI: found 2 devices
[    0.344672] thermal_sys: Registered thermal governor 'fair_share'
[    0.344673] thermal_sys: Registered thermal governor 'bang_bang'
[    0.344674] thermal_sys: Registered thermal governor 'step_wise'
[    0.344674] thermal_sys: Registered thermal governor 'user_space'
[    0.344675] thermal_sys: Registered thermal governor 'power_allocator'
[    0.349187] clocksource: acpi_pm: mask: 0xffffff max_cycles: 0xffffff, max_idle_ns: 2085701024 ns
[    0.349229] pci_bus 0000:00: resource 4 [io  0x0000-0x0cf7 window]
[    0.349231] pci_bus 0000:00: resource 5 [io  0x0d00-0xffff window]
[    0.349232] pci_bus 0000:00: resource 6 [mem 0x000a0000-0x000bffff window]
[    0.349234] pci_bus 0000:00: resource 7 [mem 0x80000000-0xfdffffff window]
[    0.349291] NET: Registered protocol family 2
[    0.349366] IP idents hash table entries: 32768 (order: 6, 262144 bytes, linear)
[    0.349778] MPTCP tokens hash table entries: 8192 (order: 4, 65536 bytes, linear)
[    0.349799] MPTCP request tokens hash table entries: 8192 (order: 4, 65536 bytes, linear)
[    0.349824] default registered
[    0.349824] default registered
[    0.349825] MPTCP: Stable release v0.96
[    0.349830] tcp_listen_portaddr_hash hash table entries: 1024 (order: 2, 16384 bytes, linear)
[    0.349908] TCP established hash table entries: 16384 (order: 5, 131072 bytes, linear)
[    0.349975] TCP bind hash table entries: 16384 (order: 6, 262144 bytes, linear)
[    0.350000] TCP: Hash tables configured (established 16384 bind 16384)
[    0.350712] UDP hash table entries: 1024 (order: 3, 32768 bytes, linear)
[    0.350723] UDP-Lite hash table entries: 1024 (order: 3, 32768 bytes, linear)
[    0.350758] NET: Registered protocol family 1
[    0.350766] NET: Registered protocol family 44
[    0.350789] pci 0000:00:00.0: Limiting direct PCI/PCI transfers
[    0.350804] pci 0000:00:01.0: Activating ISA DMA hang workarounds
[    0.350859] pci 0000:00:02.0: Video device with shadowed ROM at [mem 0x000c0000-0x000dffff]
[    0.350921] PCI: CLS 0 bytes, default 64
[    0.350972] Trying to unpack rootfs image as initramfs...
[    0.527908] Freeing initrd memory: 47868K
[    0.527908] clocksource: tsc: mask: 0xffffffffffffffff max_cycles: 0x1e4530a99b6, max_idle_ns: 440795257976 ns
[    0.527908] clocksource: Switched to clocksource tsc
[    0.527908] platform rtc_cmos: registered platform RTC device (no PNP device found)
[    0.527908] check: Scanning for low memory corruption every 60 seconds
[    0.527908] Initialise system trusted keyrings
[    0.527908] Key type blacklist registered
[    0.527908] workingset: timestamp_bits=36 max_order=19 bucket_order=0
[    0.527908] zbud: loaded
[    0.527908] squashfs: version 4.0 (2009/01/31) Phillip Lougher
[    0.527908] fuse: init (API version 7.31)
[    0.527908] *** VALIDATE fuse ***
[    0.527908] *** VALIDATE fuse ***
[    0.527908] Platform Keyring initialized
[    0.540197] Key type asymmetric registered
[    0.540198] Asymmetric key parser 'x509' registered
[    0.540207] Block layer SCSI generic (bsg) driver version 0.4 loaded (major 244)
[    0.540246] io scheduler mq-deadline registered
[    0.540372] shpchp: Standard Hot Plug PCI Controller Driver version: 0.4
[    0.540587] ACPI: AC Adapter [AC] (on-line)
[    0.540632] input: Power Button as /devices/LNXSYSTM:00/LNXPWRBN:00/input/input0
[    0.540661] ACPI: Power Button [PWRF]
[    0.540732] input: Sleep Button as /devices/LNXSYSTM:00/LNXSLPBN:00/input/input1
[    0.540748] ACPI: Sleep Button [SLPF]
[    0.540982] Serial: 8250/16550 driver, 32 ports, IRQ sharing enabled
[    0.542160] Linux agpgart interface v0.103
[    0.631207] loop: module loaded
[    0.631358] ata_piix 0000:00:01.1: version 2.13
[    0.631770] scsi host0: ata_piix
[    0.631862] scsi host1: ata_piix
[    0.631888] ata1: PATA max UDMA/33 cmd 0x1f0 ctl 0x3f6 bmdma 0xd000 irq 14
[    0.631889] ata2: PATA max UDMA/33 cmd 0x170 ctl 0x376 bmdma 0xd008 irq 15
[    0.631970] tun: Universal TUN/TAP device driver, 1.6
[    0.632277] PPP generic driver version 2.4.2
[    0.632319] VFIO - User Level meta-driver version: 0.3
[    0.632567] ehci_hcd: USB 2.0 'Enhanced' Host Controller (EHCI) Driver
[    0.632571] ehci-pci: EHCI PCI platform driver
[    0.632586] ehci-platform: EHCI generic platform driver
[    0.632592] ohci_hcd: USB 1.1 'Open' Host Controller (OHCI) Driver
[    0.632594] ohci-pci: OHCI PCI platform driver
[    0.632601] ohci-platform: OHCI generic platform driver
[    0.632605] uhci_hcd: USB Universal Host Controller Interface driver
[    0.632671] i8042: PNP: PS/2 Controller [PNP0303:PS2K,PNP0f03:PS2M] at 0x60,0x64 irq 1,12
[    0.633114] serio: i8042 KBD port at 0x60,0x64 irq 1
[    0.633118] serio: i8042 AUX port at 0x60,0x64 irq 12
[    0.633204] mousedev: PS/2 mouse device common for all mice
[    0.633466] input: AT Translated Set 2 keyboard as /devices/platform/i8042/serio0/input/input2
[    0.633863] rtc_cmos rtc_cmos: registered as rtc0
[    0.633876] rtc_cmos rtc_cmos: alarms up to one day, 114 bytes nvram
[    0.633881] i2c /dev entries driver
[    0.633924] device-mapper: uevent: version 1.0.3
[    0.633966] device-mapper: ioctl: 4.41.0-ioctl (2019-09-16) initialised: dm-devel@redhat.com
[    0.633981] platform eisa.0: Probing EISA bus 0
[    0.633982] platform eisa.0: EISA: Cannot allocate resource for mainboard
[    0.633984] platform eisa.0: Cannot allocate resource for EISA slot 1
[    0.633985] platform eisa.0: Cannot allocate resource for EISA slot 2
[    0.633986] platform eisa.0: Cannot allocate resource for EISA slot 3
[    0.633987] platform eisa.0: Cannot allocate resource for EISA slot 4
[    0.633988] platform eisa.0: Cannot allocate resource for EISA slot 5
[    0.633989] platform eisa.0: Cannot allocate resource for EISA slot 6
[    0.633990] platform eisa.0: Cannot allocate resource for EISA slot 7
[    0.633991] platform eisa.0: Cannot allocate resource for EISA slot 8
[    0.633991] platform eisa.0: EISA: Detected 0 cards
[    0.633995] intel_pstate: CPU model not supported
[    0.634004] ledtrig-cpu: registered to indicate activity on CPUs
[    0.634056] drop_monitor: Initializing network drop monitor service
[    0.634214] NET: Registered protocol family 10
[    0.639202] Segment Routing with IPv6
[    0.639202] fullmesh registered
[    0.639202] ndiffports registered
[    0.639202] binder registered
[    0.639202] roundrobin registered
[    0.639202] redundant registered
[    0.639202] blest registered
[    0.639202] ecf registered
[    0.639202] NET: Registered protocol family 17
[    0.639202] Key type dns_resolver registered
[    0.639202] RAS: Correctable Errors collector initialized.
[    0.639202] IPI shorthand broadcast: enabled
[    0.639202] sched_clock: Marking stable (624031524, 11170946)->(635454324, -251854)
[    0.639554] registered taskstats version 1
[    0.639563] Loading compiled-in X.509 certificates
[    0.640150] Loaded X.509 cert 'Build time autogenerated kernel key: 6909f3744cebb3d0de528d5887b96a727de79b1e'
[    0.640169] zswap: loaded using pool lzo/zbud
[    0.640222] Key type ._fscrypt registered
[    0.640223] Key type .fscrypt registered
[    0.644679] Key type big_key registered
[    0.646832] Key type encrypted registered
[    0.646835] AppArmor: AppArmor sha1 policy hashing enabled
[    0.646843] ima: No TPM chip found, activating TPM-bypass!
[    0.646846] ima: Allocated hash algorithm: sha1
[    0.646851] ima: No architecture policies found
[    0.646860] evm: Initialising EVM extended attributes:
[    0.646860] evm: security.selinux
[    0.646861] evm: security.SMACK64
[    0.646861] evm: security.SMACK64EXEC
[    0.646862] evm: security.SMACK64TRANSMUTE
[    0.646862] evm: security.SMACK64MMAP
[    0.646863] evm: security.apparmor
[    0.646863] evm: security.ima
[    0.646864] evm: security.capability
[    0.646864] evm: HMAC attrs: 0x1
[    0.647157] PM:   Magic number: 10:865:438
[    0.647273] rtc_cmos rtc_cmos: setting system clock to 2026-01-11T16:25:15 UTC (1768148715)
[    0.804077] ata1.00: ATA-6: VBOX HARDDISK, 1.0, max UDMA/133
[    0.804080] ata1.00: 209715200 sectors, multi 128: LBA 
[    0.804715] scsi 0:0:0:0: Direct-Access     ATA      VBOX HARDDISK    1.0  PQ: 0 ANSI: 5
[    0.804981] sd 0:0:0:0: [sda] 209715200 512-byte logical blocks: (107 GB/100 GiB)
[    0.804993] sd 0:0:0:0: [sda] Write Protect is off
[    0.804996] sd 0:0:0:0: [sda] Mode Sense: 00 3a 00 00
[    0.805015] sd 0:0:0:0: [sda] Write cache: enabled, read cache: enabled, doesn't support DPO or FUA
[    0.805238] sd 0:0:0:0: Attached scsi generic sg0 type 0
[    0.806557]  sda: sda1 sda2
[    0.815501] sd 0:0:0:0: [sda] Attached SCSI disk
[    0.820734] Freeing unused decrypted memory: 2040K
[    0.822045] Freeing unused kernel image memory: 2728K
[    0.822049] Write protecting the kernel read-only data: 22528k
[    0.823523] Freeing unused kernel image memory: 2036K
[    0.824307] Freeing unused kernel image memory: 1432K
[    0.860054] x86/mm: Checked W+X mappings: passed, no W+X pages found.
[    0.860058] Run /init as init process
[    0.969022] ACPI: Video Device [GFX0] (multi-head: yes  rom: no  post: no)
[    0.969096] input: Video Bus as /devices/LNXSYSTM:00/LNXSYBUS:00/PNP0A03:00/LNXVIDEO:00/input/input4
[    0.980317] pcnet32: pcnet32.c:v1.35 21.Apr.2008 tsbogend@alpha.franken.de
[    0.983943] piix4_smbus 0000:00:07.0: SMBus Host Controller at 0x4100, revision 0
[    0.985901] pcnet32: PCnet/FAST III 79C973 at 0xd020, 08:00:27:cf:5e:cc assigned IRQ 19
[    0.985947] pcnet32: Found PHY 0022:561b at address 0
[    0.986245] pcnet32: eth0: registered as PCnet/FAST III 79C973
[    0.989779] e1000: Intel(R) PRO/1000 Network Driver - version 7.3.21-k8-NAPI
[    0.989780] e1000: Copyright (c) 1999-2006 Intel Corporation.
[    1.002650] pcnet32: PCnet/FAST III 79C973 at 0xd060, 08:00:27:77:9b:1d assigned IRQ 16
[    1.002693] pcnet32: Found PHY 0022:561b at address 0
[    1.002999] pcnet32: eth1: registered as PCnet/FAST III 79C973
[    1.003019] pcnet32: 2 cards_found
[    1.064760] pcnet32 0000:00:03.0 enp0s3: renamed from eth0
[    1.066831] pcnet32 0000:00:08.0 enp0s8: renamed from eth1
[    1.202459] input: ImExPS/2 Generic Explorer Mouse as /devices/platform/i8042/serio1/input/input5
[    1.395401] e1000 0000:00:09.0 eth0: (PCI:33MHz:32-bit) 08:00:27:6a:3e:37
[    1.395405] e1000 0000:00:09.0 eth0: Intel(R) PRO/1000 Network Connection
[    1.396470] e1000 0000:00:09.0 enp0s9: renamed from eth0
[    1.536249] EXT4-fs (sda2): mounted filesystem with ordered data mode. Opts: (null)
[    1.626687] systemd[1]: Inserted module 'autofs4'
[    1.639743] systemd[1]: systemd 245.4-4ubuntu3 running in system mode. (+PAM +AUDIT +SELINUX +IMA +APPARMOR +SMACK +SYSVINIT +UTMP +LIBCRYPTSETUP +GCRYPT +GNUTLS +ACL +XZ +LZ4 +SECCOMP +BLKID +ELFUTILS +KMOD +IDN2 -IDN +PCRE2 default-hierarchy=hybrid)
[    1.639773] systemd[1]: Detected virtualization oracle.
[    1.639776] systemd[1]: Detected architecture x86-64.
[    1.641073] systemd[1]: Set hostname to <ztg>.
[    1.765817] systemd[1]: /lib/systemd/system/dbus.socket:5: ListenStream= references a path below legacy directory /var/run/, updating /var/run/dbus/system_bus_socket â†’ /run/dbus/system_bus_socket; please update the unit file accordingly.
[    1.818093] systemd[1]: Created slice system-modprobe.slice.
[    1.818281] systemd[1]: Created slice User and Session Slice.
[    1.818326] systemd[1]: Started Forward Password Requests to Wall Directory Watch.
[    1.818499] systemd[1]: Set up automount Arbitrary Executable File Formats File System Automount Point.
[    1.818533] systemd[1]: Reached target User and Group Name Lookups.
[    1.818541] systemd[1]: Reached target Remote File Systems.
[    1.818549] systemd[1]: Reached target Slices.
[    1.819126] systemd[1]: Listening on Syslog Socket.
[    1.819195] systemd[1]: Listening on fsck to fsckd communication Socket.
[    1.819233] systemd[1]: Listening on initctl Compatibility Named Pipe.
[    1.819369] systemd[1]: Listening on Journal Audit Socket.
[    1.819422] systemd[1]: Listening on Journal Socket (/dev/log).
[    1.819492] systemd[1]: Listening on Journal Socket.
[    1.819558] systemd[1]: Listening on udev Control Socket.
[    1.819597] systemd[1]: Listening on udev Kernel Socket.
[    1.820343] systemd[1]: Mounting Huge Pages File System...
[    1.821275] systemd[1]: Mounting POSIX Message Queue File System...
[    1.822130] systemd[1]: Mounting Kernel Debug File System...
[    1.822961] systemd[1]: Mounting Kernel Trace File System...
[    1.824910] systemd[1]: Starting Journal Service...
[    1.849448] systemd[1]: Starting Set the console keyboard layout...
[    1.857436] systemd[1]: Starting Create list of static device nodes for the current kernel...
[    1.859502] systemd[1]: Starting Load Kernel Module drm...
[    1.860646] systemd[1]: Condition check resulted in Set Up Additional Binary Formats being skipped.
[    1.860691] systemd[1]: Condition check resulted in File System Check on Root Device being skipped.
[    1.871970] systemd[1]: Starting Load Kernel Modules...
[    1.878946] systemd[1]: Starting Remount Root and Kernel File Systems...
[    1.888504] systemd[1]: Starting udev Coldplug all Devices...
[    1.897817] systemd[1]: Starting Uncomplicated firewall...
[    1.899732] systemd[1]: Mounted Huge Pages File System.
[    1.899833] systemd[1]: Mounted POSIX Message Queue File System.
[    1.899910] systemd[1]: Mounted Kernel Debug File System.
[    1.899980] systemd[1]: Mounted Kernel Trace File System.
[    1.900491] EXT4-fs (sda2): re-mounted. Opts: errors=remount-ro
[    1.941760] systemd[1]: Finished Create list of static device nodes for the current kernel.
[    1.942721] systemd[1]: modprobe@drm.service: Succeeded.
[    1.949129] systemd[1]: Finished Load Kernel Module drm.
[    1.949740] systemd[1]: Finished Remount Root and Kernel File Systems.
[    1.950599] systemd[1]: Finished Uncomplicated firewall.
[    1.967095] lp: driver loaded but no devices found
[    1.971726] systemd[1]: Condition check resulted in Rebuild Hardware Database being skipped.
[    1.971777] systemd[1]: Condition check resulted in Platform Persistent Storage Archival being skipped.
[    1.972927] systemd[1]: Starting Load/Save Random Seed...
[    1.975086] ppdev: user-space parallel port driver
[    1.981727] systemd[1]: Starting Create System Users...
[    1.991917] systemd[1]: Finished Load/Save Random Seed.
[    2.000597] systemd[1]: Finished Create System Users.
[    2.001444] systemd[1]: Starting Create Static Device Nodes in /dev...
[    2.032205] systemd[1]: Finished Create Static Device Nodes in /dev.
[    2.033108] systemd[1]: Starting udev Kernel Device Manager...
[    2.057965] systemd[1]: Finished udev Coldplug all Devices.
[    2.071865] [drm] DMA map mode: Caching DMA mappings.
[    2.071929] [drm] Capabilities:
[    2.071929] [drm]   Rect copy.
[    2.071930] [drm]   Cursor.
[    2.071930] [drm]   Cursor bypass.
[    2.071931] [drm]   Cursor bypass 2.
[    2.071931] [drm]   Alpha cursor.
[    2.071931] [drm]   Extended Fifo.
[    2.071932] [drm]   Pitchlock.
[    2.071932] [drm]   Irq mask.
[    2.071932] [drm]   GMR.
[    2.071933] [drm]   Traces.
[    2.071933] [drm]   GMR2.
[    2.071933] [drm]   Screen Object 2.
[    2.071934] [drm]   Command Buffers.
[    2.071934] [drm]   Command Buffers 2.
[    2.071934] [drm]   Guest Backed Resources.
[    2.071935] [drm] Max GMR ids is 8192
[    2.071936] [drm] Max number of GMR pages is 1048576
[    2.071936] [drm] Max dedicated hypervisor surface memory is 393216 kiB
[    2.071937] [drm] Maximum display memory size is 131072 kiB
[    2.071938] [drm] VRAM at 0xe0000000 size is 131072 kiB
[    2.071938] [drm] MMIO at 0xf0000000 size is 2048 kiB
[    2.074070] [TTM] Zone  kernel: Available graphics memory: 1011738 KiB
[    2.074071] [TTM] Initializing pool allocator
[    2.074074] [TTM] Initializing DMA pool allocator
[    2.074111] [drm] Supports vblank timestamp caching Rev 2 (21.10.2013).
[    2.074112] [drm] No driver support for vblank timestamp query.
[    2.074386] [drm] Screen Target Display device initialized
[    2.074673] [drm] width 720
[    2.074682] [drm] height 400
[    2.074686] [drm] bpp 32
[    2.075263] [drm] Fifo max 0x00200000 min 0x00001000 cap 0x00000355
[    2.076579] [drm] Using command buffers with DMA pool.
[    2.076584] [drm] DX: no.
[    2.076584] [drm] Atomic: yes.
[    2.076585] [drm] SM4_1: no.
[    2.076607] [drm:vmw_host_log [vmwgfx]] *ERROR* Failed to send host log message.
[    2.077508] [drm:vmw_host_log [vmwgfx]] *ERROR* Failed to send host log message.
[    2.089751] fbcon: svgadrmfb (fb0) is primary device
[    2.091904] Console: switching to colour frame buffer device 100x37
[    2.097469] [drm] Initialized vmwgfx 2.15.0 20180704 for 0000:00:02.0 on minor 0
[    2.099451] systemd[1]: Finished Load Kernel Modules.
[    2.100357] systemd[1]: Mounting FUSE Control File System...
[    2.101954] systemd[1]: Mounting Kernel Configuration File System...
[    2.132874] systemd[1]: Starting Apply Kernel Variables...
[    2.133953] systemd[1]: Mounted FUSE Control File System.
[    2.134050] systemd[1]: Condition check resulted in VMware vmblock fuse mount being skipped.
[    2.147698] systemd[1]: Mounted Kernel Configuration File System.
[    2.149080] systemd[1]: Finished Set the console keyboard layout.
[    2.149182] systemd[1]: Reached target Local File Systems (Pre).
[    2.152654] systemd[1]: Mounting Mount unit for bare, revision 5...
[    2.158508] systemd[1]: Mounting Mount unit for core18, revision 1705...
[    2.186733] systemd[1]: Mounting Mount unit for gnome-3-34-1804, revision 24...
[    2.193342] systemd[1]: Mounting Mount unit for gtk-common-themes, revision 1506...
[    2.198281] systemd[1]: Mounting Mount unit for gtk-common-themes, revision 1535...
[    2.207574] systemd[1]: Mounting Mount unit for snap-store, revision 433...
[    2.214186] systemd[1]: Mounting Mount unit for snapd, revision 25935...
[    2.224347] systemd[1]: Finished Apply Kernel Variables.
[    2.227201] systemd[1]: Mounted Mount unit for bare, revision 5.
[    2.238147] systemd[1]: Mounted Mount unit for core18, revision 1705.
[    2.238236] systemd[1]: Mounted Mount unit for gnome-3-34-1804, revision 24.
[    2.247015] systemd[1]: Mounted Mount unit for gtk-common-themes, revision 1506.
[    2.268975] systemd[1]: Started udev Kernel Device Manager.
[    2.269821] systemd[1]: Starting Show Plymouth Boot Screen...
[    2.289937] systemd[1]: Received SIGRTMIN+20 from PID 287 (plymouthd).
[    2.326553] systemd[1]: Started Show Plymouth Boot Screen.
[    2.326723] systemd[1]: Condition check resulted in Dispatch Password Requests to Console Directory Watch being skipped.
[    2.326836] systemd[1]: Started Forward Password Requests to Plymouth Directory Watch.
[    2.326868] systemd[1]: Reached target Local Encrypted Volumes.
[    2.373697] systemd[1]: Mounted Mount unit for gtk-common-themes, revision 1535.
[    2.373955] systemd[1]: Mounted Mount unit for snap-store, revision 433.
[    2.374135] systemd[1]: Mounted Mount unit for snapd, revision 25935.
[    2.374280] systemd[1]: Reached target Local File Systems.
[    2.390227] systemd[1]: Starting Load AppArmor profiles...
[    2.395660] systemd[1]: Starting Set console font and keymap...
[    2.404551] systemd[1]: Starting Tell Plymouth To Write Out Runtime Data...
[    2.409173] systemd[1]: Condition check resulted in Store a System Token in an EFI Variable being skipped.
[    2.409204] systemd[1]: Condition check resulted in Commit a transient machine-id on disk being skipped.
[    2.410116] systemd[1]: Finished Set console font and keymap.
[    2.416134] systemd[1]: Received SIGRTMIN+20 from PID 287 (plymouthd).
[    2.417283] systemd[1]: plymouth-read-write.service: Succeeded.
[    2.417536] systemd[1]: Finished Tell Plymouth To Write Out Runtime Data.
[    2.439882] audit: type=1400 audit(1768148717.288:2): apparmor="STATUS" operation="profile_load" profile="unconfined" name="nvidia_modprobe" pid=300 comm="apparmor_parser"
[    2.439884] audit: type=1400 audit(1768148717.288:3): apparmor="STATUS" operation="profile_load" profile="unconfined" name="nvidia_modprobe//kmod" pid=300 comm="apparmor_parser"
[    2.462696] audit: type=1400 audit(1768148717.312:4): apparmor="STATUS" operation="profile_load" profile="unconfined" name="/usr/sbin/tcpdump" pid=301 comm="apparmor_parser"
[    2.489295] audit: type=1400 audit(1768148717.332:5): apparmor="STATUS" operation="profile_load" profile="unconfined" name="/usr/bin/evince" pid=303 comm="apparmor_parser"
[    2.489297] audit: type=1400 audit(1768148717.332:6): apparmor="STATUS" operation="profile_load" profile="unconfined" name="/usr/bin/evince//sanitized_helper" pid=303 comm="apparmor_parser"
[    2.489299] audit: type=1400 audit(1768148717.332:7): apparmor="STATUS" operation="profile_load" profile="unconfined" name="/usr/bin/evince-previewer" pid=303 comm="apparmor_parser"
[    2.489300] audit: type=1400 audit(1768148717.332:8): apparmor="STATUS" operation="profile_load" profile="unconfined" name="/usr/bin/evince-previewer//sanitized_helper" pid=303 comm="apparmor_parser"
[    2.489302] audit: type=1400 audit(1768148717.332:9): apparmor="STATUS" operation="profile_load" profile="unconfined" name="/usr/bin/evince-thumbnailer" pid=303 comm="apparmor_parser"
[    2.524470] audit: type=1400 audit(1768148717.376:10): apparmor="STATUS" operation="profile_load" profile="unconfined" name="/usr/lib/cups/backend/cups-pdf" pid=304 comm="apparmor_parser"
[    2.588208] systemd[1]: Finished Load AppArmor profiles.
[    2.589162] systemd[1]: Starting Load AppArmor profiles managed internally by snapd...
[    2.668631] systemd[1]: Finished Load AppArmor profiles managed internally by snapd.
[    2.805552] systemd[1]: Started Journal Service.
[    2.815127] systemd-journald[229]: Received client request to flush runtime journal.
[    2.818571] systemd-journald[229]: File /var/log/journal/c455b248004a419c87ce85eea238d727/system.journal corrupted or uncleanly shut down, renaming and replacing.
[    4.157542] RAPL PMU: API unit is 2^-32 Joules, 0 fixed counters, 10737418240 ms ovfl timer
[    4.206980] cryptd: max_cpu_qlen set to 1000
[    4.219550] AVX2 version of gcm_enc/dec engaged.
[    4.219551] AES CTR mode by8 optimization enabled
[    5.940033] Adding 1998844k swap on /dev/sda1.  Priority:-2 extents:1 across:1998844k FS
[    6.726562] kauditd_printk_skb: 30 callbacks suppressed
[    6.726563] audit: type=1400 audit(1768148721.572:41): apparmor="DENIED" operation="capable" profile="/usr/sbin/cups-browsed" pid=505 comm="cups-browsed" capability=23  capname="sys_nice"
[    8.262794] pcnet32 0000:00:03.0 enp0s3: link up, 100Mbps, full-duplex
[    8.285939] pcnet32 0000:00:08.0 enp0s8: link up, 100Mbps, full-duplex
[    8.324260] e1000: enp0s9 NIC Link is Up 1000 Mbps Full Duplex, Flow Control: RX
[    8.324559] IPv6: ADDRCONF(NETDEV_CHANGE): enp0s9: link becomes ready
[    8.838055] device enp0s3 entered promiscuous mode
[    8.860585] device enp0s8 entered promiscuous mode
[    8.888271] audit: type=1400 audit(1768148723.732:42): apparmor="DENIED" operation="open" profile="/usr/sbin/tcpdump" name="/proc/sys/kernel/random/boot_id" pid=612 comm="tcpdump" requested_mask="r" denied_mask="r" fsuid=0 ouid=0
[    8.892161] audit: type=1400 audit(1768148723.744:43): apparmor="DENIED" operation="open" profile="/usr/sbin/tcpdump" name="/proc/sys/kernel/random/boot_id" pid=612 comm="tcpdump" requested_mask="r" denied_mask="r" fsuid=0 ouid=0
[    8.892214] audit: type=1400 audit(1768148723.744:44): apparmor="DENIED" operation="open" profile="/usr/sbin/tcpdump" name="/proc/sys/kernel/random/boot_id" pid=612 comm="tcpdump" requested_mask="r" denied_mask="r" fsuid=0 ouid=0
[    8.893612] audit: type=1400 audit(1768148723.744:45): apparmor="DENIED" operation="open" profile="/usr/sbin/tcpdump" name="/proc/sys/kernel/random/boot_id" pid=612 comm="tcpdump" requested_mask="r" denied_mask="r" fsuid=0 ouid=0
[    8.894115] audit: type=1400 audit(1768148723.744:46): apparmor="DENIED" operation="open" profile="/usr/sbin/tcpdump" name="/proc/sys/kernel/random/boot_id" pid=613 comm="tcpdump" requested_mask="r" denied_mask="r" fsuid=0 ouid=0
[    8.894858] audit: type=1400 audit(1768148723.744:47): apparmor="DENIED" operation="open" profile="/usr/sbin/tcpdump" name="/proc/sys/kernel/random/boot_id" pid=613 comm="tcpdump" requested_mask="r" denied_mask="r" fsuid=0 ouid=0
[    8.894929] audit: type=1400 audit(1768148723.744:48): apparmor="DENIED" operation="open" profile="/usr/sbin/tcpdump" name="/proc/sys/kernel/random/boot_id" pid=613 comm="tcpdump" requested_mask="r" denied_mask="r" fsuid=0 ouid=0
[    8.895500] audit: type=1400 audit(1768148723.748:49): apparmor="DENIED" operation="open" profile="/usr/sbin/tcpdump" name="/proc/sys/kernel/random/boot_id" pid=613 comm="tcpdump" requested_mask="r" denied_mask="r" fsuid=0 ouid=0
[    8.901812] audit: type=1400 audit(1768148723.752:50): apparmor="DENIED" operation="open" profile="/usr/sbin/tcpdump" name="/proc/sys/kernel/random/boot_id" pid=614 comm="tcpdump" requested_mask="r" denied_mask="r" fsuid=0 ouid=0
[   14.923444] rfkill: input handler disabled
[  267.204295] AAAAA-TCP_FORW: name:enp0s8: saddr:100932208: daddr:16783984
[  508.774688] rfkill: input handler enabled
[  517.525510] rfkill: input handler disabled
[  705.205003] device enp0s3 left promiscuous mode
[  705.210993] device enp0s8 left promiscuous mode
