[    0.000000] Linux version 5.4.243-mptcp (root@ztg) (gcc version 12.2.0 (Debian 12.2.0-14+deb12u1)) #53 SMP Wed Dec 24 23:28:15 CST 2025
[    0.000000] Command line: BOOT_IMAGE=/boot/vmlinuz-5.4.243-mptcp root=UUID=98415a12-53b7-4144-8265-0f7ece09e445 ro quiet splash
[    0.000000] KERNEL supported cpus:
[    0.000000]   Intel GenuineIntel
[    0.000000]   AMD AuthenticAMD
[    0.000000]   Hygon HygonGenuine
[    0.000000]   Centaur CentaurHauls
[    0.000000]   zhaoxin   Shanghai  
[    0.000000] x86/fpu: Supporting XSAVE feature 0x001: 'x87 floating point registers'
[    0.000000] x86/fpu: Supporting XSAVE feature 0x002: 'SSE registers'
[    0.000000] x86/fpu: Supporting XSAVE feature 0x004: 'AVX registers'
[    0.000000] x86/fpu: xstate_offset[2]:  576, xstate_sizes[2]:  256
[    0.000000] x86/fpu: Enabled xstate features 0x7, context size is 832 bytes, using 'standard' format.
[    0.000000] BIOS-provided physical RAM map:
[    0.000000] BIOS-e820: [mem 0x0000000000000000-0x000000000009fbff] usable
[    0.000000] BIOS-e820: [mem 0x000000000009fc00-0x000000000009ffff] reserved
[    0.000000] BIOS-e820: [mem 0x00000000000f0000-0x00000000000fffff] reserved
[    0.000000] BIOS-e820: [mem 0x0000000000100000-0x000000007ffeffff] usable
[    0.000000] BIOS-e820: [mem 0x000000007fff0000-0x000000007fffffff] ACPI data
[    0.000000] BIOS-e820: [mem 0x00000000fec00000-0x00000000fec00fff] reserved
[    0.000000] BIOS-e820: [mem 0x00000000fee00000-0x00000000fee00fff] reserved
[    0.000000] BIOS-e820: [mem 0x00000000fffc0000-0x00000000ffffffff] reserved
[    0.000000] NX (Execute Disable) protection: active
[    0.000000] SMBIOS 2.5 present.
[    0.000000] DMI: innotek GmbH VirtualBox/VirtualBox, BIOS VirtualBox 12/01/2006
[    0.000000] Hypervisor detected: KVM
[    0.000000] kvm-clock: Using msrs 4b564d01 and 4b564d00
[    0.000000] kvm-clock: cpu 0, msr aa01001, primary cpu clock
[    0.000000] kvm-clock: using sched offset of 5388287343 cycles
[    0.000003] clocksource: kvm-clock: mask: 0xffffffffffffffff max_cycles: 0x1cd42e4dffb, max_idle_ns: 881590591483 ns
[    0.000005] tsc: Detected 2100.000 MHz processor
[    0.001935] e820: update [mem 0x00000000-0x00000fff] usable ==> reserved
[    0.001937] e820: remove [mem 0x000a0000-0x000fffff] usable
[    0.001941] last_pfn = 0x7fff0 max_arch_pfn = 0x400000000
[    0.002017] MTRR default type: uncachable
[    0.002018] MTRR fixed ranges enabled:
[    0.002019]   00000-9FFFF write-back
[    0.002020]   A0000-BFFFF uncachable
[    0.002021]   C0000-FFFFF write-protect
[    0.002022] MTRR variable ranges enabled:
[    0.002025]   0 base 000000000000 mask 3FFF80000000 write-back
[    0.002026]   1 disabled
[    0.002026]   2 disabled
[    0.002027]   3 disabled
[    0.002027]   4 disabled
[    0.002028]   5 disabled
[    0.002028]   6 disabled
[    0.002028]   7 disabled
[    0.002029]   8 disabled
[    0.002029]   9 disabled
[    0.002030]   10 disabled
[    0.002030]   11 disabled
[    0.002031]   12 disabled
[    0.002031]   13 disabled
[    0.002031]   14 disabled
[    0.002032]   15 disabled
[    0.002048] x86/PAT: Configuration [0-7]: WB  WC  UC- UC  WB  WP  UC- WT  
[    0.002181] found SMP MP-table at [mem 0x0009fff0-0x0009ffff]
[    0.095026] check: Scanning 1 areas for low memory corruption
[    0.095240] RAMDISK: [mem 0x32271000-0x3512ffff]
[    0.095248] ACPI: Early table checksum verification disabled
[    0.095253] ACPI: RSDP 0x00000000000E0000 000024 (v02 VBOX  )
[    0.095257] ACPI: XSDT 0x000000007FFF0030 00003C (v01 VBOX   VBOXXSDT 00000001 ASL  00000061)
[    0.095264] ACPI: FACP 0x000000007FFF00F0 0000F4 (v04 VBOX   VBOXFACP 00000001 ASL  00000061)
[    0.095270] ACPI: DSDT 0x000000007FFF02E0 002353 (v02 VBOX   VBOXBIOS 00000002 VBOX 00029BF3)
[    0.095275] ACPI: FACS 0x000000007FFF0200 000040
[    0.095278] ACPI: FACS 0x000000007FFF0200 000040
[    0.095281] ACPI: APIC 0x000000007FFF0240 000054 (v02 VBOX   VBOXAPIC 00000001 ASL  00000061)
[    0.095285] ACPI: SSDT 0x000000007FFF02A0 000038 (v01 VBOX   VBOXCPUT 00000002 VBOX 00029BF3)
[    0.095288] ACPI: Reserving FACP table memory at [mem 0x7fff00f0-0x7fff01e3]
[    0.095289] ACPI: Reserving DSDT table memory at [mem 0x7fff02e0-0x7fff2632]
[    0.095290] ACPI: Reserving FACS table memory at [mem 0x7fff0200-0x7fff023f]
[    0.095290] ACPI: Reserving FACS table memory at [mem 0x7fff0200-0x7fff023f]
[    0.095291] ACPI: Reserving APIC table memory at [mem 0x7fff0240-0x7fff0293]
[    0.095292] ACPI: Reserving SSDT table memory at [mem 0x7fff02a0-0x7fff02d7]
[    0.095306] ACPI: Local APIC address 0xfee00000
[    0.095494] No NUMA configuration found
[    0.095495] Faking a node at [mem 0x0000000000000000-0x000000007ffeffff]
[    0.095505] NODE_DATA(0) allocated [mem 0x7ffc5000-0x7ffeffff]
[    0.095766] Zone ranges:
[    0.095767]   DMA      [mem 0x0000000000001000-0x0000000000ffffff]
[    0.095768]   DMA32    [mem 0x0000000001000000-0x000000007ffeffff]
[    0.095769]   Normal   empty
[    0.095770]   Device   empty
[    0.095770] Movable zone start for each node
[    0.095772] Early memory node ranges
[    0.095773]   node   0: [mem 0x0000000000001000-0x000000000009efff]
[    0.095774]   node   0: [mem 0x0000000000100000-0x000000007ffeffff]
[    0.095777] Zeroed struct page in unavailable ranges: 114 pages
[    0.095778] Initmem setup node 0 [mem 0x0000000000001000-0x000000007ffeffff]
[    0.095779] On node 0 totalpages: 524174
[    0.095780]   DMA zone: 64 pages used for memmap
[    0.095781]   DMA zone: 21 pages reserved
[    0.095782]   DMA zone: 3998 pages, LIFO batch:0
[    0.095853]   DMA32 zone: 8128 pages used for memmap
[    0.095853]   DMA32 zone: 520176 pages, LIFO batch:63
[    0.104820] ACPI: PM-Timer IO Port: 0x4008
[    0.104824] ACPI: Local APIC address 0xfee00000
[    0.104897] IOAPIC[0]: apic_id 1, version 32, address 0xfec00000, GSI 0-23
[    0.104900] ACPI: INT_SRC_OVR (bus 0 bus_irq 0 global_irq 2 dfl dfl)
[    0.104902] ACPI: INT_SRC_OVR (bus 0 bus_irq 9 global_irq 9 low level)
[    0.104904] ACPI: IRQ0 used by override.
[    0.104905] ACPI: IRQ9 used by override.
[    0.104908] Using ACPI (MADT) for SMP configuration information
[    0.104915] smpboot: Allowing 1 CPUs, 0 hotplug CPUs
[    0.104939] PM: Registered nosave memory: [mem 0x00000000-0x00000fff]
[    0.104940] PM: Registered nosave memory: [mem 0x0009f000-0x0009ffff]
[    0.104941] PM: Registered nosave memory: [mem 0x000a0000-0x000effff]
[    0.104941] PM: Registered nosave memory: [mem 0x000f0000-0x000fffff]
[    0.104943] [mem 0x80000000-0xfebfffff] available for PCI devices
[    0.104944] Booting paravirtualized kernel on KVM
[    0.104947] clocksource: refined-jiffies: mask: 0xffffffff max_cycles: 0xffffffff, max_idle_ns: 7645519600211568 ns
[    0.104951] setup_percpu: NR_CPUS:8192 nr_cpumask_bits:1 nr_cpu_ids:1 nr_node_ids:1
[    0.105959] percpu: Embedded 60 pages/cpu s208896 r8192 d28672 u2097152
[    0.105964] pcpu-alloc: s208896 r8192 d28672 u2097152 alloc=1*2097152
[    0.105965] pcpu-alloc: [0] 0 
[    0.105992] Built 1 zonelists, mobility grouping on.  Total pages: 515961
[    0.105992] Policy zone: DMA32
[    0.105993] Kernel command line: BOOT_IMAGE=/boot/vmlinuz-5.4.243-mptcp root=UUID=98415a12-53b7-4144-8265-0f7ece09e445 ro quiet splash
[    0.106839] Dentry cache hash table entries: 262144 (order: 9, 2097152 bytes, linear)
[    0.106986] Inode-cache hash table entries: 131072 (order: 8, 1048576 bytes, linear)
[    0.107039] mem auto-init: stack:off, heap alloc:on, heap free:off
[    0.107042] Calgary: detecting Calgary via BIOS EBDA area
[    0.107043] Calgary: Unable to locate Rio Grande table in EBDA - bailing!
[    0.111116] Memory: 1967332K/2096696K available (14339K kernel code, 2398K rwdata, 4712K rodata, 2728K init, 17260K bss, 129364K reserved, 0K cma-reserved)
[    0.112023] SLUB: HWalign=64, Order=0-3, MinObjects=0, CPUs=1, Nodes=1
[    0.112040] ftrace: allocating 43186 entries in 169 pages
[    0.130271] rcu: Hierarchical RCU implementation.
[    0.130273] rcu: 	RCU restricting CPUs from NR_CPUS=8192 to nr_cpu_ids=1.
[    0.130274] 	Tasks RCU enabled.
[    0.130275] rcu: RCU calculated value of scheduler-enlistment delay is 25 jiffies.
[    0.130276] rcu: Adjusting geometry for rcu_fanout_leaf=16, nr_cpu_ids=1
[    0.133248] NR_IRQS: 524544, nr_irqs: 256, preallocated irqs: 16
[    0.133496] random: crng init done
[    0.142835] Console: colour VGA+ 80x25
[    0.142839] printk: console [tty0] enabled
[    0.142861] ACPI: Core revision 20190816
[    0.142952] APIC: Switch to symmetric I/O mode setup
[    0.143204] x2apic enabled
[    0.143448] Switched APIC routing to physical x2apic.
[    0.144582] ..TIMER: vector=0x30 apic1=0 pin1=2 apic2=-1 pin2=-1
[    0.144607] clocksource: tsc-early: mask: 0xffffffffffffffff max_cycles: 0x1e4530a99b6, max_idle_ns: 440795257976 ns
[    0.144613] Calibrating delay loop (skipped) preset value.. 4200.00 BogoMIPS (lpj=8400000)
[    0.144615] pid_max: default: 32768 minimum: 301
[    0.144642] LSM: Security Framework initializing
[    0.144652] Yama: becoming mindful.
[    0.144678] AppArmor: AppArmor initialized
[    0.144713] Mount-cache hash table entries: 4096 (order: 3, 32768 bytes, linear)
[    0.144718] Mountpoint-cache hash table entries: 4096 (order: 3, 32768 bytes, linear)
[    0.144728] *** VALIDATE tmpfs ***
[    0.144860] *** VALIDATE proc ***
[    0.144900] *** VALIDATE cgroup1 ***
[    0.144901] *** VALIDATE cgroup2 ***
[    0.145040] process: using mwait in idle threads
[    0.145045] Last level iTLB entries: 4KB 64, 2MB 8, 4MB 8
[    0.145045] Last level dTLB entries: 4KB 64, 2MB 0, 4MB 0, 1GB 4
[    0.145077] Spectre V1 : Mitigation: usercopy/swapgs barriers and __user pointer sanitization
[    0.145083] Spectre V2 : Mitigation: Retpolines
[    0.145083] Spectre V2 : Spectre v2 / SpectreRSB mitigation: Filling RSB on context switch
[    0.145084] Spectre V2 : Spectre v2 / SpectreRSB : Filling RSB on VMEXIT
[    0.145085] RETBleed: WARNING: Spectre v2 mitigation leaves CPU vulnerable to RETBleed attacks, data leaks possible!
[    0.145443] RETBleed: Vulnerable
[    0.145444] Speculative Store Bypass: Vulnerable
[    0.145449] TAA: Mitigation: TSX disabled
[    0.145449] MMIO Stale Data: Mitigation: Clear CPU buffers
[    0.149681] Freeing SMP alternatives memory: 40K
[    0.256621] APIC calibration not consistent with PM-Timer: 97ms instead of 100ms
[    0.256622] APIC delta adjusted to PM-Timer: 6135996 (6005221)
[    0.256695] smpboot: CPU0: Intel(R) Xeon(R) Silver 4216 CPU @ 2.10GHz (family: 0x6, model: 0x55, stepping: 0x7)
[    0.256837] Performance Events: unsupported p6 CPU model 85 no PMU driver, software events only.
[    0.256874] rcu: Hierarchical SRCU implementation.
[    0.257371] NMI watchdog: Perf NMI watchdog permanently disabled
[    0.257412] smp: Bringing up secondary CPUs ...
[    0.257413] smp: Brought up 1 node, 1 CPU
[    0.257414] smpboot: Max logical packages: 1
[    0.257416] smpboot: Total of 1 processors activated (4200.00 BogoMIPS)
[    0.258390] devtmpfs: initialized
[    0.258437] x86/mm: Memory block size: 128MB
[    0.258785] clocksource: jiffies: mask: 0xffffffff max_cycles: 0xffffffff, max_idle_ns: 7645041785100000 ns
[    0.258791] futex hash table entries: 256 (order: 2, 16384 bytes, linear)
[    0.258833] pinctrl core: initialized pinctrl subsystem
[    0.258937] PM: RTC time: 21:26:16, date: 2026-01-11
[    0.259044] NET: Registered protocol family 16
[    0.259117] audit: initializing netlink subsys (disabled)
[    0.259242] EISA bus registered
[    0.259244] cpuidle: using governor ladder
[    0.259244] cpuidle: using governor menu
[    0.259280] ACPI: bus type PCI registered
[    0.259281] acpiphp: ACPI Hot Plug PCI Controller Driver version: 0.5
[    0.259387] PCI: Using configuration type 1 for base access
[    0.261643] audit: type=2000 audit(1768137984.123:1): state=initialized audit_enabled=0 res=1
[    0.261721] HugeTLB registered 2.00 MiB page size, pre-allocated 0 pages
[    0.262549] ACPI: Added _OSI(Module Device)
[    0.262550] ACPI: Added _OSI(Processor Device)
[    0.262550] ACPI: Added _OSI(3.0 _SCP Extensions)
[    0.262551] ACPI: Added _OSI(Processor Aggregator Device)
[    0.262552] ACPI: Added _OSI(Linux-Dell-Video)
[    0.262553] ACPI: Added _OSI(Linux-Lenovo-NV-HDMI-Audio)
[    0.262554] ACPI: Added _OSI(Linux-HPI-Hybrid-Graphics)
[    0.264570] ACPI: 2 ACPI AML tables successfully acquired and loaded
[    0.266315] ACPI: Interpreter enabled
[    0.266325] ACPI: (supports S0 S5)
[    0.266326] ACPI: Using IOAPIC for interrupt routing
[    0.266559] PCI: Using host bridge windows from ACPI; if necessary, use "pci=nocrs" and report a bug
[    0.266677] ACPI: Enabled 2 GPEs in block 00 to 07
[    0.272011] ACPI: PCI Root Bridge [PCI0] (domain 0000 [bus 00-ff])
[    0.272017] acpi PNP0A03:00: _OSC: OS supports [ASPM ClockPM Segments MSI HPX-Type3]
[    0.272465] acpi PNP0A03:00: _OSC: not requesting OS control; OS requires [ExtendedConfig ASPM ClockPM MSI]
[    0.272473] acpi PNP0A03:00: fail to add MMCONFIG information, can't access extended PCI configuration space under this bridge.
[    0.272977] PCI host bridge to bus 0000:00
[    0.272980] pci_bus 0000:00: root bus resource [io  0x0000-0x0cf7 window]
[    0.272981] pci_bus 0000:00: root bus resource [io  0x0d00-0xffff window]
[    0.272982] pci_bus 0000:00: root bus resource [mem 0x000a0000-0x000bffff window]
[    0.272983] pci_bus 0000:00: root bus resource [mem 0x80000000-0xfdffffff window]
[    0.272984] pci_bus 0000:00: root bus resource [bus 00-ff]
[    0.273025] pci 0000:00:00.0: [8086:1237] type 00 class 0x060000
[    0.274001] pci 0000:00:01.0: [8086:7000] type 00 class 0x060100
[    0.274780] pci 0000:00:01.1: [8086:7111] type 00 class 0x01018a
[    0.275160] pci 0000:00:01.1: reg 0x20: [io  0xd000-0xd00f]
[    0.275316] pci 0000:00:01.1: legacy IDE quirk: reg 0x10: [io  0x01f0-0x01f7]
[    0.275317] pci 0000:00:01.1: legacy IDE quirk: reg 0x14: [io  0x03f6]
[    0.275318] pci 0000:00:01.1: legacy IDE quirk: reg 0x18: [io  0x0170-0x0177]
[    0.275319] pci 0000:00:01.1: legacy IDE quirk: reg 0x1c: [io  0x0376]
[    0.275866] pci 0000:00:02.0: [15ad:0405] type 00 class 0x030000
[    0.278500] pci 0000:00:02.0: reg 0x10: [io  0xd010-0xd01f]
[    0.280656] pci 0000:00:02.0: reg 0x14: [mem 0xe0000000-0xe7ffffff pref]
[    0.284655] pci 0000:00:02.0: reg 0x18: [mem 0xf0000000-0xf01fffff]
[    0.293429] pci 0000:00:03.0: [1022:2000] type 00 class 0x020000
[    0.296764] pci 0000:00:03.0: reg 0x10: [io  0xd020-0xd03f]
[    0.297411] pci 0000:00:03.0: reg 0x14: [mem 0xf0200000-0xf0200fff]
[    0.301109] pci 0000:00:04.0: [80ee:cafe] type 00 class 0x088000
[    0.301787] pci 0000:00:04.0: reg 0x10: [io  0xd040-0xd05f]
[    0.302399] pci 0000:00:04.0: reg 0x14: [mem 0xf0400000-0xf07fffff]
[    0.303019] pci 0000:00:04.0: reg 0x18: [mem 0xf0800000-0xf0803fff pref]
[    0.306605] pci 0000:00:07.0: [8086:7113] type 00 class 0x068000
[    0.307153] pci 0000:00:07.0: quirk: [io  0x4000-0x403f] claimed by PIIX4 ACPI
[    0.307163] pci 0000:00:07.0: quirk: [io  0x4100-0x410f] claimed by PIIX4 SMB
[    0.307785] pci 0000:00:08.0: [8086:100e] type 00 class 0x020000
[    0.308700] pci 0000:00:08.0: reg 0x10: [mem 0xf0820000-0xf083ffff]
[    0.309855] pci 0000:00:08.0: reg 0x18: [io  0xd060-0xd067]
[    0.313137] pci 0000:00:09.0: [8086:100e] type 00 class 0x020000
[    0.313887] pci 0000:00:09.0: reg 0x10: [mem 0xf0840000-0xf085ffff]
[    0.315101] pci 0000:00:09.0: reg 0x18: [io  0xd068-0xd06f]
[    0.322063] ACPI: PCI Interrupt Link [LNKA] (IRQs 5 9 10 *11)
[    0.324668] ACPI: PCI Interrupt Link [LNKB] (IRQs 5 9 *10 11)
[    0.324779] ACPI: PCI Interrupt Link [LNKC] (IRQs 5 *9 10 11)
[    0.324885] ACPI: PCI Interrupt Link [LNKD] (IRQs 5 9 10 *11)
[    0.325155] iommu: Default domain type: Translated 
[    0.325216] pci 0000:00:02.0: vgaarb: setting as boot VGA device
[    0.325217] pci 0000:00:02.0: vgaarb: VGA device added: decodes=io+mem,owns=io+mem,locks=none
[    0.325219] pci 0000:00:02.0: vgaarb: bridge control possible
[    0.325220] vgaarb: loaded
[    0.325431] SCSI subsystem initialized
[    0.325462] libata version 3.00 loaded.
[    0.325483] ACPI: bus type USB registered
[    0.325498] usbcore: registered new interface driver usbfs
[    0.325504] usbcore: registered new interface driver hub
[    0.325511] usbcore: registered new device driver usb
[    0.325539] pps_core: LinuxPPS API ver. 1 registered
[    0.325540] pps_core: Software ver. 5.3.6 - Copyright 2005-2007 Rodolfo Giometti <giometti@linux.it>
[    0.325542] PTP clock support registered
[    0.325575] EDAC MC: Ver: 3.0.0
[    0.325868] PCI: Using ACPI for IRQ routing
[    0.325869] PCI: pci_cache_line_size set to 64 bytes
[    0.328647] e820: reserve RAM buffer [mem 0x0009fc00-0x0009ffff]
[    0.328651] e820: reserve RAM buffer [mem 0x7fff0000-0x7fffffff]
[    0.329440] NetLabel: Initializing
[    0.329440] NetLabel:  domain hash size = 128
[    0.329441] NetLabel:  protocols = UNLABELED CIPSOv4 CALIPSO
[    0.329460] NetLabel:  unlabeled traffic allowed by default
[    0.330363] clocksource: Switched to clocksource kvm-clock
[    0.342791] *** VALIDATE bpf ***
[    0.342850] VFS: Disk quotas dquot_6.6.0
[    0.342863] VFS: Dquot-cache hash table entries: 512 (order 0, 4096 bytes)
[    0.342885] *** VALIDATE ramfs ***
[    0.342888] *** VALIDATE hugetlbfs ***
[    0.342967] AppArmor: AppArmor Filesystem Enabled
[    0.342993] pnp: PnP ACPI init
[    0.343058] pnp 00:00: Plug and Play ACPI device, IDs PNP0303 (active)
[    0.343144] pnp 00:01: Plug and Play ACPI device, IDs PNP0f03 (active)
[    0.343929] pnp: PnP ACPI: found 2 devices
[    0.344885] thermal_sys: Registered thermal governor 'fair_share'
[    0.344886] thermal_sys: Registered thermal governor 'bang_bang'
[    0.344886] thermal_sys: Registered thermal governor 'step_wise'
[    0.344887] thermal_sys: Registered thermal governor 'user_space'
[    0.344888] thermal_sys: Registered thermal governor 'power_allocator'
[    0.349414] clocksource: acpi_pm: mask: 0xffffff max_cycles: 0xffffff, max_idle_ns: 2085701024 ns
[    0.349471] pci_bus 0000:00: resource 4 [io  0x0000-0x0cf7 window]
[    0.349472] pci_bus 0000:00: resource 5 [io  0x0d00-0xffff window]
[    0.349473] pci_bus 0000:00: resource 6 [mem 0x000a0000-0x000bffff window]
[    0.349474] pci_bus 0000:00: resource 7 [mem 0x80000000-0xfdffffff window]
[    0.349531] NET: Registered protocol family 2
[    0.349604] IP idents hash table entries: 32768 (order: 6, 262144 bytes, linear)
[    0.350009] MPTCP tokens hash table entries: 8192 (order: 4, 65536 bytes, linear)
[    0.350029] MPTCP request tokens hash table entries: 8192 (order: 4, 65536 bytes, linear)
[    0.350054] default registered
[    0.350055] default registered
[    0.350055] MPTCP: Stable release v0.96
[    0.350061] tcp_listen_portaddr_hash hash table entries: 1024 (order: 2, 16384 bytes, linear)
[    0.350138] TCP established hash table entries: 16384 (order: 5, 131072 bytes, linear)
[    0.350203] TCP bind hash table entries: 16384 (order: 6, 262144 bytes, linear)
[    0.350228] TCP: Hash tables configured (established 16384 bind 16384)
[    0.350945] UDP hash table entries: 1024 (order: 3, 32768 bytes, linear)
[    0.350957] UDP-Lite hash table entries: 1024 (order: 3, 32768 bytes, linear)
[    0.350992] NET: Registered protocol family 1
[    0.351001] NET: Registered protocol family 44
[    0.351021] pci 0000:00:00.0: Limiting direct PCI/PCI transfers
[    0.351033] pci 0000:00:01.0: Activating ISA DMA hang workarounds
[    0.351091] pci 0000:00:02.0: Video device with shadowed ROM at [mem 0x000c0000-0x000dffff]
[    0.351172] PCI: CLS 0 bytes, default 64
[    0.351223] Trying to unpack rootfs image as initramfs...
[    0.523536] Freeing initrd memory: 47868K
[    0.523536] clocksource: tsc: mask: 0xffffffffffffffff max_cycles: 0x1e4530a99b6, max_idle_ns: 440795257976 ns
[    0.523536] clocksource: Switched to clocksource tsc
[    0.523536] platform rtc_cmos: registered platform RTC device (no PNP device found)
[    0.523536] check: Scanning for low memory corruption every 60 seconds
[    0.523536] Initialise system trusted keyrings
[    0.523536] Key type blacklist registered
[    0.523536] workingset: timestamp_bits=36 max_order=19 bucket_order=0
[    0.523536] zbud: loaded
[    0.523536] squashfs: version 4.0 (2009/01/31) Phillip Lougher
[    0.523536] fuse: init (API version 7.31)
[    0.523536] *** VALIDATE fuse ***
[    0.523536] *** VALIDATE fuse ***
[    0.523536] Platform Keyring initialized
[    0.538248] Key type asymmetric registered
[    0.538249] Asymmetric key parser 'x509' registered
[    0.538259] Block layer SCSI generic (bsg) driver version 0.4 loaded (major 244)
[    0.538296] io scheduler mq-deadline registered
[    0.538419] shpchp: Standard Hot Plug PCI Controller Driver version: 0.4
[    0.538627] ACPI: AC Adapter [AC] (on-line)
[    0.538672] input: Power Button as /devices/LNXSYSTM:00/LNXPWRBN:00/input/input0
[    0.538702] ACPI: Power Button [PWRF]
[    0.538793] input: Sleep Button as /devices/LNXSYSTM:00/LNXSLPBN:00/input/input1
[    0.538809] ACPI: Sleep Button [SLPF]
[    0.539068] Serial: 8250/16550 driver, 32 ports, IRQ sharing enabled
[    0.540211] Linux agpgart interface v0.103
[    0.639161] loop: module loaded
[    0.639306] ata_piix 0000:00:01.1: version 2.13
[    0.639714] scsi host0: ata_piix
[    0.639805] scsi host1: ata_piix
[    0.639831] ata1: PATA max UDMA/33 cmd 0x1f0 ctl 0x3f6 bmdma 0xd000 irq 14
[    0.639831] ata2: PATA max UDMA/33 cmd 0x170 ctl 0x376 bmdma 0xd008 irq 15
[    0.639912] tun: Universal TUN/TAP device driver, 1.6
[    0.640217] PPP generic driver version 2.4.2
[    0.640260] VFIO - User Level meta-driver version: 0.3
[    0.640492] ehci_hcd: USB 2.0 'Enhanced' Host Controller (EHCI) Driver
[    0.640497] ehci-pci: EHCI PCI platform driver
[    0.640511] ehci-platform: EHCI generic platform driver
[    0.640517] ohci_hcd: USB 1.1 'Open' Host Controller (OHCI) Driver
[    0.640519] ohci-pci: OHCI PCI platform driver
[    0.640526] ohci-platform: OHCI generic platform driver
[    0.640530] uhci_hcd: USB Universal Host Controller Interface driver
[    0.640593] i8042: PNP: PS/2 Controller [PNP0303:PS2K,PNP0f03:PS2M] at 0x60,0x64 irq 1,12
[    0.641029] serio: i8042 KBD port at 0x60,0x64 irq 1
[    0.641032] serio: i8042 AUX port at 0x60,0x64 irq 12
[    0.641118] mousedev: PS/2 mouse device common for all mice
[    0.641375] input: AT Translated Set 2 keyboard as /devices/platform/i8042/serio0/input/input2
[    0.641790] rtc_cmos rtc_cmos: registered as rtc0
[    0.641803] rtc_cmos rtc_cmos: alarms up to one day, 114 bytes nvram
[    0.641808] i2c /dev entries driver
[    0.641853] device-mapper: uevent: version 1.0.3
[    0.641896] device-mapper: ioctl: 4.41.0-ioctl (2019-09-16) initialised: dm-devel@redhat.com
[    0.641911] platform eisa.0: Probing EISA bus 0
[    0.641912] platform eisa.0: EISA: Cannot allocate resource for mainboard
[    0.641913] platform eisa.0: Cannot allocate resource for EISA slot 1
[    0.641914] platform eisa.0: Cannot allocate resource for EISA slot 2
[    0.641915] platform eisa.0: Cannot allocate resource for EISA slot 3
[    0.641916] platform eisa.0: Cannot allocate resource for EISA slot 4
[    0.641917] platform eisa.0: Cannot allocate resource for EISA slot 5
[    0.641918] platform eisa.0: Cannot allocate resource for EISA slot 6
[    0.641919] platform eisa.0: Cannot allocate resource for EISA slot 7
[    0.641920] platform eisa.0: Cannot allocate resource for EISA slot 8
[    0.641921] platform eisa.0: EISA: Detected 0 cards
[    0.641924] intel_pstate: CPU model not supported
[    0.641933] ledtrig-cpu: registered to indicate activity on CPUs
[    0.641986] drop_monitor: Initializing network drop monitor service
[    0.642145] NET: Registered protocol family 10
[    0.643137] Segment Routing with IPv6
[    0.643137] fullmesh registered
[    0.643137] ndiffports registered
[    0.643137] binder registered
[    0.643137] roundrobin registered
[    0.643137] redundant registered
[    0.643137] blest registered
[    0.643137] ecf registered
[    0.643137] NET: Registered protocol family 17
[    0.643137] Key type dns_resolver registered
[    0.643137] RAS: Correctable Errors collector initialized.
[    0.643137] IPI shorthand broadcast: enabled
[    0.643137] sched_clock: Marking stable (628013366, 11123684)->(642891771, -3754721)
[    0.647452] registered taskstats version 1
[    0.647460] Loading compiled-in X.509 certificates
[    0.648045] Loaded X.509 cert 'Build time autogenerated kernel key: 6909f3744cebb3d0de528d5887b96a727de79b1e'
[    0.648062] zswap: loaded using pool lzo/zbud
[    0.648115] Key type ._fscrypt registered
[    0.648116] Key type .fscrypt registered
[    0.652568] Key type big_key registered
[    0.654765] Key type encrypted registered
[    0.654767] AppArmor: AppArmor sha1 policy hashing enabled
[    0.654775] ima: No TPM chip found, activating TPM-bypass!
[    0.654779] ima: Allocated hash algorithm: sha1
[    0.654785] ima: No architecture policies found
[    0.654794] evm: Initialising EVM extended attributes:
[    0.654795] evm: security.selinux
[    0.654796] evm: security.SMACK64
[    0.654796] evm: security.SMACK64EXEC
[    0.654796] evm: security.SMACK64TRANSMUTE
[    0.654797] evm: security.SMACK64MMAP
[    0.654797] evm: security.apparmor
[    0.654798] evm: security.ima
[    0.654798] evm: security.capability
[    0.654799] evm: HMAC attrs: 0x1
[    0.655097] PM:   Magic number: 10:398:449
[    0.655204] rtc_cmos rtc_cmos: setting system clock to 2026-01-11T21:26:17 UTC (1768166777)
[    0.811409] ata1.00: ATA-6: VBOX HARDDISK, 1.0, max UDMA/133
[    0.811411] ata1.00: 209715200 sectors, multi 128: LBA 
[    0.812394] scsi 0:0:0:0: Direct-Access     ATA      VBOX HARDDISK    1.0  PQ: 0 ANSI: 5
[    0.812601] sd 0:0:0:0: [sda] 209715200 512-byte logical blocks: (107 GB/100 GiB)
[    0.812610] sd 0:0:0:0: [sda] Write Protect is off
[    0.812612] sd 0:0:0:0: [sda] Mode Sense: 00 3a 00 00
[    0.812626] sd 0:0:0:0: [sda] Write cache: enabled, read cache: enabled, doesn't support DPO or FUA
[    0.812798] sd 0:0:0:0: Attached scsi generic sg0 type 0
[    0.814193]  sda: sda1 sda2
[    1.275474] sd 0:0:0:0: [sda] Attached SCSI disk
[    1.280690] Freeing unused decrypted memory: 2040K
[    1.281997] Freeing unused kernel image memory: 2728K
[    1.282001] Write protecting the kernel read-only data: 22528k
[    1.283501] Freeing unused kernel image memory: 2036K
[    1.284284] Freeing unused kernel image memory: 1432K
[    1.326498] x86/mm: Checked W+X mappings: passed, no W+X pages found.
[    1.326503] Run /init as init process
[    1.503592] ACPI: Video Device [GFX0] (multi-head: yes  rom: no  post: no)
[    1.503662] input: Video Bus as /devices/LNXSYSTM:00/LNXSYBUS:00/PNP0A03:00/LNXVIDEO:00/input/input4
[    1.515253] pcnet32: pcnet32.c:v1.35 21.Apr.2008 tsbogend@alpha.franken.de
[    1.516134] pcnet32: PCnet/FAST III 79C973 at 0xd020, 08:00:27:04:2a:60 assigned IRQ 19
[    1.516325] pcnet32: Found PHY 0022:561b at address 0
[    1.517300] pcnet32: eth0: registered as PCnet/FAST III 79C973
[    1.518763] piix4_smbus 0000:00:07.0: SMBus Host Controller at 0x4100, revision 0
[    1.521253] e1000: Intel(R) PRO/1000 Network Driver - version 7.3.21-k8-NAPI
[    1.521254] e1000: Copyright (c) 1999-2006 Intel Corporation.
[    1.538637] pcnet32: 1 cards_found
[    1.559667] input: ImExPS/2 Generic Explorer Mouse as /devices/platform/i8042/serio1/input/input5
[    1.666072] pcnet32 0000:00:03.0 enp0s3: renamed from eth0
[    2.303403] e1000 0000:00:08.0 eth0: (PCI:33MHz:32-bit) 08:00:27:ea:30:7f
[    2.303412] e1000 0000:00:08.0 eth0: Intel(R) PRO/1000 Network Connection
[    2.743885] e1000 0000:00:09.0 eth1: (PCI:33MHz:32-bit) 08:00:27:94:50:36
[    2.743888] e1000 0000:00:09.0 eth1: Intel(R) PRO/1000 Network Connection
[    2.745010] e1000 0000:00:09.0 enp0s9: renamed from eth1
[    2.746775] e1000 0000:00:08.0 enp0s8: renamed from eth0
[    2.895720] EXT4-fs (sda2): mounted filesystem with ordered data mode. Opts: (null)
[    2.987036] systemd[1]: Inserted module 'autofs4'
[    2.999220] systemd[1]: systemd 245.4-4ubuntu3 running in system mode. (+PAM +AUDIT +SELINUX +IMA +APPARMOR +SMACK +SYSVINIT +UTMP +LIBCRYPTSETUP +GCRYPT +GNUTLS +ACL +XZ +LZ4 +SECCOMP +BLKID +ELFUTILS +KMOD +IDN2 -IDN +PCRE2 default-hierarchy=hybrid)
[    2.999255] systemd[1]: Detected virtualization oracle.
[    2.999261] systemd[1]: Detected architecture x86-64.
[    3.000546] systemd[1]: Set hostname to <ztg>.
[    3.126659] systemd[1]: /lib/systemd/system/dbus.socket:5: ListenStream= references a path below legacy directory /var/run/, updating /var/run/dbus/system_bus_socket â†’ /run/dbus/system_bus_socket; please update the unit file accordingly.
[    3.180739] systemd[1]: Created slice system-modprobe.slice.
[    3.180935] systemd[1]: Created slice User and Session Slice.
[    3.180980] systemd[1]: Started Forward Password Requests to Wall Directory Watch.
[    3.181161] systemd[1]: Set up automount Arbitrary Executable File Formats File System Automount Point.
[    3.181197] systemd[1]: Reached target User and Group Name Lookups.
[    3.181206] systemd[1]: Reached target Remote File Systems.
[    3.181214] systemd[1]: Reached target Slices.
[    3.181754] systemd[1]: Listening on Syslog Socket.
[    3.181826] systemd[1]: Listening on fsck to fsckd communication Socket.
[    3.181880] systemd[1]: Listening on initctl Compatibility Named Pipe.
[    3.182034] systemd[1]: Listening on Journal Audit Socket.
[    3.182086] systemd[1]: Listening on Journal Socket (/dev/log).
[    3.182153] systemd[1]: Listening on Journal Socket.
[    3.182216] systemd[1]: Listening on udev Control Socket.
[    3.182260] systemd[1]: Listening on udev Kernel Socket.
[    3.183126] systemd[1]: Mounting Huge Pages File System...
[    3.184125] systemd[1]: Mounting POSIX Message Queue File System...
[    3.185094] systemd[1]: Mounting Kernel Debug File System...
[    3.186041] systemd[1]: Mounting Kernel Trace File System...
[    3.188649] systemd[1]: Starting Journal Service...
[    3.213265] systemd[1]: Starting Set the console keyboard layout...
[    3.221940] systemd[1]: Starting Create list of static device nodes for the current kernel...
[    3.223561] systemd[1]: Starting Load Kernel Module drm...
[    3.224694] systemd[1]: Condition check resulted in Set Up Additional Binary Formats being skipped.
[    3.224741] systemd[1]: Condition check resulted in File System Check on Root Device being skipped.
[    3.239515] systemd[1]: Starting Load Kernel Modules...
[    3.245099] systemd[1]: Starting Remount Root and Kernel File Systems...
[    3.263133] systemd[1]: Starting udev Coldplug all Devices...
[    3.285185] systemd[1]: Starting Uncomplicated firewall...
[    3.286766] systemd[1]: Mounted Huge Pages File System.
[    3.286874] systemd[1]: Mounted POSIX Message Queue File System.
[    3.286951] systemd[1]: Mounted Kernel Debug File System.
[    3.287020] systemd[1]: Mounted Kernel Trace File System.
[    3.288533] EXT4-fs (sda2): re-mounted. Opts: errors=remount-ro
[    3.310247] systemd[1]: Finished Create list of static device nodes for the current kernel.
[    3.311404] systemd[1]: modprobe@drm.service: Succeeded.
[    3.319619] systemd[1]: Finished Load Kernel Module drm.
[    3.320168] systemd[1]: Finished Remount Root and Kernel File Systems.
[    3.321258] systemd[1]: Finished Uncomplicated firewall.
[    3.338464] lp: driver loaded but no devices found
[    3.339815] systemd[1]: Condition check resulted in Rebuild Hardware Database being skipped.
[    3.339853] systemd[1]: Condition check resulted in Platform Persistent Storage Archival being skipped.
[    3.340579] systemd[1]: Starting Load/Save Random Seed...
[    3.348680] systemd[1]: Starting Create System Users...
[    3.355605] ppdev: user-space parallel port driver
[    3.364634] systemd[1]: Finished Load/Save Random Seed.
[    3.370199] systemd[1]: Finished Create System Users.
[    3.371048] systemd[1]: Starting Create Static Device Nodes in /dev...
[    3.393141] systemd[1]: Finished Create Static Device Nodes in /dev.
[    3.394318] systemd[1]: Starting udev Kernel Device Manager...
[    3.432401] systemd[1]: Finished udev Coldplug all Devices.
[    3.456015] [drm] DMA map mode: Caching DMA mappings.
[    3.456078] [drm] Capabilities:
[    3.456079] [drm]   Rect copy.
[    3.456079] [drm]   Cursor.
[    3.456079] [drm]   Cursor bypass.
[    3.456080] [drm]   Cursor bypass 2.
[    3.456080] [drm]   Alpha cursor.
[    3.456080] [drm]   Extended Fifo.
[    3.456081] [drm]   Pitchlock.
[    3.456081] [drm]   Irq mask.
[    3.456082] [drm]   GMR.
[    3.456082] [drm]   Traces.
[    3.456082] [drm]   GMR2.
[    3.456083] [drm]   Screen Object 2.
[    3.456083] [drm]   Command Buffers.
[    3.456083] [drm]   Command Buffers 2.
[    3.456084] [drm]   Guest Backed Resources.
[    3.456085] [drm] Max GMR ids is 8192
[    3.456085] [drm] Max number of GMR pages is 1048576
[    3.456086] [drm] Max dedicated hypervisor surface memory is 393216 kiB
[    3.456086] [drm] Maximum display memory size is 131072 kiB
[    3.456087] [drm] VRAM at 0xe0000000 size is 131072 kiB
[    3.456088] [drm] MMIO at 0xf0000000 size is 2048 kiB
[    3.457136] [TTM] Zone  kernel: Available graphics memory: 1011738 KiB
[    3.457137] [TTM] Initializing pool allocator
[    3.457140] [TTM] Initializing DMA pool allocator
[    3.457170] [drm] Supports vblank timestamp caching Rev 2 (21.10.2013).
[    3.457170] [drm] No driver support for vblank timestamp query.
[    3.457424] [drm] Screen Target Display device initialized
[    3.457624] [drm] width 720
[    3.457633] [drm] height 400
[    3.457636] [drm] bpp 32
[    3.458166] [drm] Fifo max 0x00200000 min 0x00001000 cap 0x00000355
[    3.459279] [drm] Using command buffers with DMA pool.
[    3.459480] [drm] DX: no.
[    3.459505] [drm] Atomic: yes.
[    3.459506] [drm] SM4_1: no.
[    3.460425] [drm:vmw_host_log [vmwgfx]] *ERROR* Failed to send host log message.
[    3.462123] [drm:vmw_host_log [vmwgfx]] *ERROR* Failed to send host log message.
[    3.487522] fbcon: svgadrmfb (fb0) is primary device
[    3.489681] Console: switching to colour frame buffer device 100x37
[    3.494305] [drm] Initialized vmwgfx 2.15.0 20180704 for 0000:00:02.0 on minor 0
[    3.495325] systemd[1]: Finished Load Kernel Modules.
[    3.496342] systemd[1]: Mounting FUSE Control File System...
[    3.497254] systemd[1]: Mounting Kernel Configuration File System...
[    3.498106] systemd[1]: Starting Apply Kernel Variables...
[    3.517535] systemd[1]: Mounted FUSE Control File System.
[    3.517606] systemd[1]: Condition check resulted in VMware vmblock fuse mount being skipped.
[    3.524269] systemd[1]: Finished Set the console keyboard layout.
[    3.524416] systemd[1]: Mounted Kernel Configuration File System.
[    3.524474] systemd[1]: Reached target Local File Systems (Pre).
[    3.532904] systemd[1]: Mounting Mount unit for bare, revision 5...
[    3.534853] systemd[1]: Mounting Mount unit for core18, revision 1705...
[    3.566421] systemd[1]: Mounting Mount unit for gnome-3-34-1804, revision 24...
[    3.571592] systemd[1]: Mounting Mount unit for gtk-common-themes, revision 1506...
[    3.574591] systemd[1]: Mounting Mount unit for gtk-common-themes, revision 1535...
[    3.577853] systemd[1]: Mounting Mount unit for snap-store, revision 433...
[    3.592236] systemd[1]: Mounting Mount unit for snapd, revision 7264...
[    3.597135] systemd[1]: Finished Apply Kernel Variables.
[    3.624482] systemd[1]: Mounted Mount unit for bare, revision 5.
[    3.624580] systemd[1]: Mounted Mount unit for core18, revision 1705.
[    3.627633] systemd[1]: Mounted Mount unit for gnome-3-34-1804, revision 24.
[    3.653091] systemd[1]: Mounted Mount unit for gtk-common-themes, revision 1506.
[    3.660652] systemd[1]: Started udev Kernel Device Manager.
[    3.661457] systemd[1]: Starting Show Plymouth Boot Screen...
[    3.681471] systemd[1]: Received SIGRTMIN+20 from PID 287 (plymouthd).
[    3.721960] systemd[1]: Started Show Plymouth Boot Screen.
[    3.722117] systemd[1]: Condition check resulted in Dispatch Password Requests to Console Directory Watch being skipped.
[    3.722201] systemd[1]: Started Forward Password Requests to Plymouth Directory Watch.
[    3.722236] systemd[1]: Reached target Local Encrypted Volumes.
[    3.738105] systemd[1]: Mounted Mount unit for snap-store, revision 433.
[    3.770699] systemd[1]: Mounted Mount unit for gtk-common-themes, revision 1535.
[    3.770935] systemd[1]: Mounted Mount unit for snapd, revision 7264.
[    3.771087] systemd[1]: Reached target Local File Systems.
[    3.773393] systemd[1]: Starting Load AppArmor profiles...
[    3.785234] systemd[1]: Starting Set console font and keymap...
[    3.795915] systemd[1]: Starting Tell Plymouth To Write Out Runtime Data...
[    3.801981] systemd[1]: Condition check resulted in Store a System Token in an EFI Variable being skipped.
[    3.802015] systemd[1]: Condition check resulted in Commit a transient machine-id on disk being skipped.
[    3.804341] systemd[1]: Finished Set console font and keymap.
[    3.811624] systemd[1]: Received SIGRTMIN+20 from PID 287 (plymouthd).
[    3.812774] systemd[1]: plymouth-read-write.service: Succeeded.
[    3.813019] systemd[1]: Finished Tell Plymouth To Write Out Runtime Data.
[    3.849011] audit: type=1400 audit(1768166780.692:2): apparmor="STATUS" operation="profile_load" profile="unconfined" name="nvidia_modprobe" pid=300 comm="apparmor_parser"
[    3.849014] audit: type=1400 audit(1768166780.692:3): apparmor="STATUS" operation="profile_load" profile="unconfined" name="nvidia_modprobe//kmod" pid=300 comm="apparmor_parser"
[    3.855704] audit: type=1400 audit(1768166780.692:4): apparmor="STATUS" operation="profile_load" profile="unconfined" name="/usr/sbin/tcpdump" pid=301 comm="apparmor_parser"
[    3.883188] audit: type=1400 audit(1768166780.720:5): apparmor="STATUS" operation="profile_load" profile="unconfined" name="/usr/bin/evince" pid=303 comm="apparmor_parser"
[    3.883190] audit: type=1400 audit(1768166780.720:6): apparmor="STATUS" operation="profile_load" profile="unconfined" name="/usr/bin/evince//sanitized_helper" pid=303 comm="apparmor_parser"
[    3.883191] audit: type=1400 audit(1768166780.720:7): apparmor="STATUS" operation="profile_load" profile="unconfined" name="/usr/bin/evince-previewer" pid=303 comm="apparmor_parser"
[    3.883193] audit: type=1400 audit(1768166780.720:8): apparmor="STATUS" operation="profile_load" profile="unconfined" name="/usr/bin/evince-previewer//sanitized_helper" pid=303 comm="apparmor_parser"
[    3.883194] audit: type=1400 audit(1768166780.720:9): apparmor="STATUS" operation="profile_load" profile="unconfined" name="/usr/bin/evince-thumbnailer" pid=303 comm="apparmor_parser"
[    3.910395] audit: type=1400 audit(1768166780.752:10): apparmor="STATUS" operation="profile_load" profile="unconfined" name="/usr/lib/cups/backend/cups-pdf" pid=304 comm="apparmor_parser"
[    3.989766] systemd[1]: Finished Load AppArmor profiles.
[    3.990685] systemd[1]: Starting Load AppArmor profiles managed internally by snapd...
[    4.058863] systemd[1]: Finished Load AppArmor profiles managed internally by snapd.
[    4.163303] systemd[1]: Started Journal Service.
[    4.170511] systemd-journald[229]: Received client request to flush runtime journal.
[    4.176952] systemd-journald[229]: File /var/log/journal/c455b248004a419c87ce85eea238d727/system.journal corrupted or uncleanly shut down, renaming and replacing.
[    5.591891] RAPL PMU: API unit is 2^-32 Joules, 0 fixed counters, 10737418240 ms ovfl timer
[    5.677077] cryptd: max_cpu_qlen set to 1000
[    5.721155] AVX2 version of gcm_enc/dec engaged.
[    5.721156] AES CTR mode by8 optimization enabled
[    6.505218] Adding 1998844k swap on /dev/sda1.  Priority:-2 extents:1 across:1998844k FS
[    7.484867] kauditd_printk_skb: 30 callbacks suppressed
[    7.484868] audit: type=1400 audit(1768166784.324:41): apparmor="DENIED" operation="capable" profile="/usr/sbin/cups-browsed" pid=497 comm="cups-browsed" capability=23  capname="sys_nice"
[    8.644145] pcnet32 0000:00:03.0 enp0s3: link up, 100Mbps, full-duplex
[    8.675445] e1000: enp0s8 NIC Link is Up 1000 Mbps Full Duplex, Flow Control: RX
[    8.676138] IPv6: ADDRCONF(NETDEV_CHANGE): enp0s8: link becomes ready
[    8.695769] e1000: enp0s9 NIC Link is Up 1000 Mbps Full Duplex, Flow Control: RX
[    8.696082] IPv6: ADDRCONF(NETDEV_CHANGE): enp0s9: link becomes ready
[    9.229283] device enp0s3 entered promiscuous mode
[    9.256969] audit: type=1400 audit(1768166786.096:42): apparmor="DENIED" operation="open" profile="/usr/sbin/tcpdump" name="/proc/sys/kernel/random/boot_id" pid=660 comm="tcpdump" requested_mask="r" denied_mask="r" fsuid=0 ouid=0
[    9.257310] audit: type=1400 audit(1768166786.096:43): apparmor="DENIED" operation="open" profile="/usr/sbin/tcpdump" name="/proc/sys/kernel/random/boot_id" pid=660 comm="tcpdump" requested_mask="r" denied_mask="r" fsuid=0 ouid=0
[    9.257356] audit: type=1400 audit(1768166786.096:44): apparmor="DENIED" operation="open" profile="/usr/sbin/tcpdump" name="/proc/sys/kernel/random/boot_id" pid=660 comm="tcpdump" requested_mask="r" denied_mask="r" fsuid=0 ouid=0
[    9.259004] audit: type=1400 audit(1768166786.096:45): apparmor="DENIED" operation="open" profile="/usr/sbin/tcpdump" name="/proc/sys/kernel/random/boot_id" pid=660 comm="tcpdump" requested_mask="r" denied_mask="r" fsuid=0 ouid=0
[    9.263361] audit: type=1400 audit(1768166786.104:46): apparmor="DENIED" operation="open" profile="/usr/sbin/tcpdump" name="/proc/sys/kernel/random/boot_id" pid=661 comm="tcpdump" requested_mask="r" denied_mask="r" fsuid=0 ouid=0
[    9.263575] audit: type=1400 audit(1768166786.104:47): apparmor="DENIED" operation="open" profile="/usr/sbin/tcpdump" name="/proc/sys/kernel/random/boot_id" pid=661 comm="tcpdump" requested_mask="r" denied_mask="r" fsuid=0 ouid=0
[    9.263620] audit: type=1400 audit(1768166786.104:48): apparmor="DENIED" operation="open" profile="/usr/sbin/tcpdump" name="/proc/sys/kernel/random/boot_id" pid=661 comm="tcpdump" requested_mask="r" denied_mask="r" fsuid=0 ouid=0
[    9.265056] audit: type=1400 audit(1768166786.104:49): apparmor="DENIED" operation="open" profile="/usr/sbin/tcpdump" name="/proc/sys/kernel/random/boot_id" pid=661 comm="tcpdump" requested_mask="r" denied_mask="r" fsuid=0 ouid=0
[   14.085938] rfkill: input handler disabled
[  115.589330] rfkill: input handler enabled
[  124.601749] rfkill: input handler disabled
[  392.446874] device enp0s3 left promiscuous mode
