[    0.000000] Linux version 5.4.243-mptcp (root@ztg) (gcc version 12.2.0 (Debian 12.2.0-14+deb12u1)) #53 SMP Wed Dec 24 23:28:15 CST 2025
[    0.000000] Command line: BOOT_IMAGE=/boot/vmlinuz-5.4.243-mptcp root=UUID=98415a12-53b7-4144-8265-0f7ece09e445 ro quiet splash
[    0.000000] KERNEL supported cpus:
[    0.000000]   Intel GenuineIntel
[    0.000000]   AMD AuthenticAMD
[    0.000000]   Hygon HygonGenuine
[    0.000000]   Centaur CentaurHauls
[    0.000000]   zhaoxin   Shanghai  
[    0.000000] x86/fpu: Supporting XSAVE feature 0x001: 'x87 floating point registers'
[    0.000000] x86/fpu: Supporting XSAVE feature 0x002: 'SSE registers'
[    0.000000] x86/fpu: Supporting XSAVE feature 0x004: 'AVX registers'
[    0.000000] x86/fpu: xstate_offset[2]:  576, xstate_sizes[2]:  256
[    0.000000] x86/fpu: Enabled xstate features 0x7, context size is 832 bytes, using 'standard' format.
[    0.000000] BIOS-provided physical RAM map:
[    0.000000] BIOS-e820: [mem 0x0000000000000000-0x000000000009fbff] usable
[    0.000000] BIOS-e820: [mem 0x000000000009fc00-0x000000000009ffff] reserved
[    0.000000] BIOS-e820: [mem 0x00000000000f0000-0x00000000000fffff] reserved
[    0.000000] BIOS-e820: [mem 0x0000000000100000-0x000000007ffeffff] usable
[    0.000000] BIOS-e820: [mem 0x000000007fff0000-0x000000007fffffff] ACPI data
[    0.000000] BIOS-e820: [mem 0x00000000fec00000-0x00000000fec00fff] reserved
[    0.000000] BIOS-e820: [mem 0x00000000fee00000-0x00000000fee00fff] reserved
[    0.000000] BIOS-e820: [mem 0x00000000fffc0000-0x00000000ffffffff] reserved
[    0.000000] NX (Execute Disable) protection: active
[    0.000000] SMBIOS 2.5 present.
[    0.000000] DMI: innotek GmbH VirtualBox/VirtualBox, BIOS VirtualBox 12/01/2006
[    0.000000] Hypervisor detected: KVM
[    0.000000] kvm-clock: Using msrs 4b564d01 and 4b564d00
[    0.000001] kvm-clock: cpu 0, msr 1ba01001, primary cpu clock
[    0.000001] kvm-clock: using sched offset of 4526746139 cycles
[    0.000004] clocksource: kvm-clock: mask: 0xffffffffffffffff max_cycles: 0x1cd42e4dffb, max_idle_ns: 881590591483 ns
[    0.000007] tsc: Detected 2100.000 MHz processor
[    0.002794] e820: update [mem 0x00000000-0x00000fff] usable ==> reserved
[    0.002797] e820: remove [mem 0x000a0000-0x000fffff] usable
[    0.002803] last_pfn = 0x7fff0 max_arch_pfn = 0x400000000
[    0.002893] MTRR default type: uncachable
[    0.002895] MTRR fixed ranges enabled:
[    0.002896]   00000-9FFFF write-back
[    0.002898]   A0000-BFFFF uncachable
[    0.002899]   C0000-FFFFF write-protect
[    0.002900] MTRR variable ranges enabled:
[    0.002902]   0 base 000000000000 mask 3FFF80000000 write-back
[    0.002903]   1 disabled
[    0.002903]   2 disabled
[    0.002904]   3 disabled
[    0.002905]   4 disabled
[    0.002905]   5 disabled
[    0.002906]   6 disabled
[    0.002907]   7 disabled
[    0.002907]   8 disabled
[    0.002908]   9 disabled
[    0.002909]   10 disabled
[    0.002909]   11 disabled
[    0.002910]   12 disabled
[    0.002911]   13 disabled
[    0.002912]   14 disabled
[    0.002912]   15 disabled
[    0.002935] x86/PAT: Configuration [0-7]: WB  WC  UC- UC  WB  WP  UC- WT  
[    0.003095] found SMP MP-table at [mem 0x0009fff0-0x0009ffff]
[    0.111319] check: Scanning 1 areas for low memory corruption
[    0.111577] RAMDISK: [mem 0x32271000-0x3512ffff]
[    0.111585] ACPI: Early table checksum verification disabled
[    0.111591] ACPI: RSDP 0x00000000000E0000 000024 (v02 VBOX  )
[    0.111596] ACPI: XSDT 0x000000007FFF0030 00003C (v01 VBOX   VBOXXSDT 00000001 ASL  00000061)
[    0.111602] ACPI: FACP 0x000000007FFF00F0 0000F4 (v04 VBOX   VBOXFACP 00000001 ASL  00000061)
[    0.111609] ACPI: DSDT 0x000000007FFF02E0 002353 (v02 VBOX   VBOXBIOS 00000002 VBOX 00029BF3)
[    0.111613] ACPI: FACS 0x000000007FFF0200 000040
[    0.111616] ACPI: FACS 0x000000007FFF0200 000040
[    0.111620] ACPI: APIC 0x000000007FFF0240 000054 (v02 VBOX   VBOXAPIC 00000001 ASL  00000061)
[    0.111624] ACPI: SSDT 0x000000007FFF02A0 000038 (v01 VBOX   VBOXCPUT 00000002 VBOX 00029BF3)
[    0.111627] ACPI: Reserving FACP table memory at [mem 0x7fff00f0-0x7fff01e3]
[    0.111628] ACPI: Reserving DSDT table memory at [mem 0x7fff02e0-0x7fff2632]
[    0.111628] ACPI: Reserving FACS table memory at [mem 0x7fff0200-0x7fff023f]
[    0.111629] ACPI: Reserving FACS table memory at [mem 0x7fff0200-0x7fff023f]
[    0.111630] ACPI: Reserving APIC table memory at [mem 0x7fff0240-0x7fff0293]
[    0.111631] ACPI: Reserving SSDT table memory at [mem 0x7fff02a0-0x7fff02d7]
[    0.111645] ACPI: Local APIC address 0xfee00000
[    0.111827] No NUMA configuration found
[    0.111829] Faking a node at [mem 0x0000000000000000-0x000000007ffeffff]
[    0.111839] NODE_DATA(0) allocated [mem 0x7ffc5000-0x7ffeffff]
[    0.112113] Zone ranges:
[    0.112114]   DMA      [mem 0x0000000000001000-0x0000000000ffffff]
[    0.112115]   DMA32    [mem 0x0000000001000000-0x000000007ffeffff]
[    0.112116]   Normal   empty
[    0.112117]   Device   empty
[    0.112118] Movable zone start for each node
[    0.112119] Early memory node ranges
[    0.112120]   node   0: [mem 0x0000000000001000-0x000000000009efff]
[    0.112121]   node   0: [mem 0x0000000000100000-0x000000007ffeffff]
[    0.112124] Zeroed struct page in unavailable ranges: 114 pages
[    0.112125] Initmem setup node 0 [mem 0x0000000000001000-0x000000007ffeffff]
[    0.112126] On node 0 totalpages: 524174
[    0.112128]   DMA zone: 64 pages used for memmap
[    0.112128]   DMA zone: 21 pages reserved
[    0.112129]   DMA zone: 3998 pages, LIFO batch:0
[    0.112201]   DMA32 zone: 8128 pages used for memmap
[    0.112202]   DMA32 zone: 520176 pages, LIFO batch:63
[    0.121080] ACPI: PM-Timer IO Port: 0x4008
[    0.121083] ACPI: Local APIC address 0xfee00000
[    0.121147] IOAPIC[0]: apic_id 1, version 32, address 0xfec00000, GSI 0-23
[    0.121151] ACPI: INT_SRC_OVR (bus 0 bus_irq 0 global_irq 2 dfl dfl)
[    0.121153] ACPI: INT_SRC_OVR (bus 0 bus_irq 9 global_irq 9 low level)
[    0.121154] ACPI: IRQ0 used by override.
[    0.121155] ACPI: IRQ9 used by override.
[    0.121158] Using ACPI (MADT) for SMP configuration information
[    0.121164] smpboot: Allowing 1 CPUs, 0 hotplug CPUs
[    0.121186] PM: Registered nosave memory: [mem 0x00000000-0x00000fff]
[    0.121187] PM: Registered nosave memory: [mem 0x0009f000-0x0009ffff]
[    0.121188] PM: Registered nosave memory: [mem 0x000a0000-0x000effff]
[    0.121188] PM: Registered nosave memory: [mem 0x000f0000-0x000fffff]
[    0.121190] [mem 0x80000000-0xfebfffff] available for PCI devices
[    0.121191] Booting paravirtualized kernel on KVM
[    0.121194] clocksource: refined-jiffies: mask: 0xffffffff max_cycles: 0xffffffff, max_idle_ns: 7645519600211568 ns
[    0.121198] setup_percpu: NR_CPUS:8192 nr_cpumask_bits:1 nr_cpu_ids:1 nr_node_ids:1
[    0.121798] percpu: Embedded 60 pages/cpu s208896 r8192 d28672 u2097152
[    0.121802] pcpu-alloc: s208896 r8192 d28672 u2097152 alloc=1*2097152
[    0.121803] pcpu-alloc: [0] 0 
[    0.121829] Built 1 zonelists, mobility grouping on.  Total pages: 515961
[    0.121829] Policy zone: DMA32
[    0.121830] Kernel command line: BOOT_IMAGE=/boot/vmlinuz-5.4.243-mptcp root=UUID=98415a12-53b7-4144-8265-0f7ece09e445 ro quiet splash
[    0.122414] Dentry cache hash table entries: 262144 (order: 9, 2097152 bytes, linear)
[    0.122561] Inode-cache hash table entries: 131072 (order: 8, 1048576 bytes, linear)
[    0.122610] mem auto-init: stack:off, heap alloc:on, heap free:off
[    0.122612] Calgary: detecting Calgary via BIOS EBDA area
[    0.122613] Calgary: Unable to locate Rio Grande table in EBDA - bailing!
[    0.126665] Memory: 1967332K/2096696K available (14339K kernel code, 2398K rwdata, 4712K rodata, 2728K init, 17260K bss, 129364K reserved, 0K cma-reserved)
[    0.127341] SLUB: HWalign=64, Order=0-3, MinObjects=0, CPUs=1, Nodes=1
[    0.127357] ftrace: allocating 43186 entries in 169 pages
[    0.145256] rcu: Hierarchical RCU implementation.
[    0.145258] rcu: 	RCU restricting CPUs from NR_CPUS=8192 to nr_cpu_ids=1.
[    0.145259] 	Tasks RCU enabled.
[    0.145260] rcu: RCU calculated value of scheduler-enlistment delay is 25 jiffies.
[    0.145261] rcu: Adjusting geometry for rcu_fanout_leaf=16, nr_cpu_ids=1
[    0.148279] NR_IRQS: 524544, nr_irqs: 256, preallocated irqs: 16
[    0.148495] random: crng init done
[    0.157875] Console: colour VGA+ 80x25
[    0.157879] printk: console [tty0] enabled
[    0.157898] ACPI: Core revision 20190816
[    0.157992] APIC: Switch to symmetric I/O mode setup
[    0.158243] x2apic enabled
[    0.158486] Switched APIC routing to physical x2apic.
[    0.159635] ..TIMER: vector=0x30 apic1=0 pin1=2 apic2=-1 pin2=-1
[    0.159660] clocksource: tsc-early: mask: 0xffffffffffffffff max_cycles: 0x1e4530a99b6, max_idle_ns: 440795257976 ns
[    0.159665] Calibrating delay loop (skipped) preset value.. 4200.00 BogoMIPS (lpj=8400000)
[    0.159668] pid_max: default: 32768 minimum: 301
[    0.159695] LSM: Security Framework initializing
[    0.159704] Yama: becoming mindful.
[    0.159730] AppArmor: AppArmor initialized
[    0.159763] Mount-cache hash table entries: 4096 (order: 3, 32768 bytes, linear)
[    0.159767] Mountpoint-cache hash table entries: 4096 (order: 3, 32768 bytes, linear)
[    0.159777] *** VALIDATE tmpfs ***
[    0.159904] *** VALIDATE proc ***
[    0.159944] *** VALIDATE cgroup1 ***
[    0.159945] *** VALIDATE cgroup2 ***
[    0.160083] process: using mwait in idle threads
[    0.160088] Last level iTLB entries: 4KB 64, 2MB 8, 4MB 8
[    0.160089] Last level dTLB entries: 4KB 64, 2MB 0, 4MB 0, 1GB 4
[    0.160109] Spectre V1 : Mitigation: usercopy/swapgs barriers and __user pointer sanitization
[    0.160114] Spectre V2 : Mitigation: Retpolines
[    0.160115] Spectre V2 : Spectre v2 / SpectreRSB mitigation: Filling RSB on context switch
[    0.160115] Spectre V2 : Spectre v2 / SpectreRSB : Filling RSB on VMEXIT
[    0.160116] RETBleed: WARNING: Spectre v2 mitigation leaves CPU vulnerable to RETBleed attacks, data leaks possible!
[    0.160472] RETBleed: Vulnerable
[    0.160473] Speculative Store Bypass: Vulnerable
[    0.160478] TAA: Mitigation: TSX disabled
[    0.160478] MMIO Stale Data: Mitigation: Clear CPU buffers
[    0.165144] Freeing SMP alternatives memory: 40K
[    0.277220] smpboot: CPU0: Intel(R) Xeon(R) Silver 4216 CPU @ 2.10GHz (family: 0x6, model: 0x55, stepping: 0x7)
[    0.277355] Performance Events: unsupported p6 CPU model 85 no PMU driver, software events only.
[    0.277391] rcu: Hierarchical SRCU implementation.
[    0.277868] NMI watchdog: Perf NMI watchdog permanently disabled
[    0.277905] smp: Bringing up secondary CPUs ...
[    0.277906] smp: Brought up 1 node, 1 CPU
[    0.277907] smpboot: Max logical packages: 1
[    0.277908] smpboot: Total of 1 processors activated (4200.00 BogoMIPS)
[    0.278611] devtmpfs: initialized
[    0.278657] x86/mm: Memory block size: 128MB
[    0.279001] clocksource: jiffies: mask: 0xffffffff max_cycles: 0xffffffff, max_idle_ns: 7645041785100000 ns
[    0.279008] futex hash table entries: 256 (order: 2, 16384 bytes, linear)
[    0.279049] pinctrl core: initialized pinctrl subsystem
[    0.279150] PM: RTC time: 21:28:00, date: 2026-01-11
[    0.279252] NET: Registered protocol family 16
[    0.279324] audit: initializing netlink subsys (disabled)
[    0.279449] EISA bus registered
[    0.279451] cpuidle: using governor ladder
[    0.279452] cpuidle: using governor menu
[    0.279487] ACPI: bus type PCI registered
[    0.279489] acpiphp: ACPI Hot Plug PCI Controller Driver version: 0.5
[    0.279588] PCI: Using configuration type 1 for base access
[    0.279662] audit: type=2000 audit(1768138086.613:1): state=initialized audit_enabled=0 res=1
[    0.279694] HugeTLB registered 2.00 MiB page size, pre-allocated 0 pages
[    0.280457] ACPI: Added _OSI(Module Device)
[    0.280458] ACPI: Added _OSI(Processor Device)
[    0.280459] ACPI: Added _OSI(3.0 _SCP Extensions)
[    0.280459] ACPI: Added _OSI(Processor Aggregator Device)
[    0.280460] ACPI: Added _OSI(Linux-Dell-Video)
[    0.280461] ACPI: Added _OSI(Linux-Lenovo-NV-HDMI-Audio)
[    0.280462] ACPI: Added _OSI(Linux-HPI-Hybrid-Graphics)
[    0.282394] ACPI: 2 ACPI AML tables successfully acquired and loaded
[    0.283890] ACPI: Interpreter enabled
[    0.283900] ACPI: (supports S0 S5)
[    0.283901] ACPI: Using IOAPIC for interrupt routing
[    0.284106] PCI: Using host bridge windows from ACPI; if necessary, use "pci=nocrs" and report a bug
[    0.284212] ACPI: Enabled 2 GPEs in block 00 to 07
[    0.288963] ACPI: PCI Root Bridge [PCI0] (domain 0000 [bus 00-ff])
[    0.288967] acpi PNP0A03:00: _OSC: OS supports [ASPM ClockPM Segments MSI HPX-Type3]
[    0.289407] acpi PNP0A03:00: _OSC: not requesting OS control; OS requires [ExtendedConfig ASPM ClockPM MSI]
[    0.289416] acpi PNP0A03:00: fail to add MMCONFIG information, can't access extended PCI configuration space under this bridge.
[    0.289783] PCI host bridge to bus 0000:00
[    0.289785] pci_bus 0000:00: root bus resource [io  0x0000-0x0cf7 window]
[    0.289786] pci_bus 0000:00: root bus resource [io  0x0d00-0xffff window]
[    0.289788] pci_bus 0000:00: root bus resource [mem 0x000a0000-0x000bffff window]
[    0.289789] pci_bus 0000:00: root bus resource [mem 0x80000000-0xfdffffff window]
[    0.289790] pci_bus 0000:00: root bus resource [bus 00-ff]
[    0.289833] pci 0000:00:00.0: [8086:1237] type 00 class 0x060000
[    0.290770] pci 0000:00:01.0: [8086:7000] type 00 class 0x060100
[    0.291545] pci 0000:00:01.1: [8086:7111] type 00 class 0x01018a
[    0.291662] pci 0000:00:01.1: reg 0x20: [io  0xd000-0xd00f]
[    0.291662] pci 0000:00:01.1: legacy IDE quirk: reg 0x10: [io  0x01f0-0x01f7]
[    0.291662] pci 0000:00:01.1: legacy IDE quirk: reg 0x14: [io  0x03f6]
[    0.291662] pci 0000:00:01.1: legacy IDE quirk: reg 0x18: [io  0x0170-0x0177]
[    0.291662] pci 0000:00:01.1: legacy IDE quirk: reg 0x1c: [io  0x0376]
[    0.291662] pci 0000:00:02.0: [15ad:0405] type 00 class 0x030000
[    0.295698] pci 0000:00:02.0: reg 0x10: [io  0xd010-0xd01f]
[    0.299706] pci 0000:00:02.0: reg 0x14: [mem 0xe0000000-0xe7ffffff pref]
[    0.302257] pci 0000:00:02.0: reg 0x18: [mem 0xf0000000-0xf01fffff]
[    0.312632] pci 0000:00:03.0: [1022:2000] type 00 class 0x020000
[    0.313457] pci 0000:00:03.0: reg 0x10: [io  0xd020-0xd03f]
[    0.314205] pci 0000:00:03.0: reg 0x14: [mem 0xf0200000-0xf0200fff]
[    0.319717] pci 0000:00:04.0: [80ee:cafe] type 00 class 0x088000
[    0.320534] pci 0000:00:04.0: reg 0x10: [io  0xd040-0xd05f]
[    0.321275] pci 0000:00:04.0: reg 0x14: [mem 0xf0400000-0xf07fffff]
[    0.322016] pci 0000:00:04.0: reg 0x18: [mem 0xf0800000-0xf0803fff pref]
[    0.324449] pci 0000:00:07.0: [8086:7113] type 00 class 0x068000
[    0.328003] pci 0000:00:07.0: quirk: [io  0x4000-0x403f] claimed by PIIX4 ACPI
[    0.328013] pci 0000:00:07.0: quirk: [io  0x4100-0x410f] claimed by PIIX4 SMB
[    0.328626] pci 0000:00:08.0: [8086:100e] type 00 class 0x020000
[    0.329318] pci 0000:00:08.0: reg 0x10: [mem 0xf0820000-0xf083ffff]
[    0.330533] pci 0000:00:08.0: reg 0x18: [io  0xd060-0xd067]
[    0.334289] pci 0000:00:09.0: [8086:100e] type 00 class 0x020000
[    0.334988] pci 0000:00:09.0: reg 0x10: [mem 0xf0840000-0xf085ffff]
[    0.335778] pci 0000:00:09.0: reg 0x18: [io  0xd068-0xd06f]
[    0.344695] ACPI: PCI Interrupt Link [LNKA] (IRQs 5 9 10 *11)
[    0.344978] ACPI: PCI Interrupt Link [LNKB] (IRQs 5 9 *10 11)
[    0.345092] ACPI: PCI Interrupt Link [LNKC] (IRQs 5 *9 10 11)
[    0.345194] ACPI: PCI Interrupt Link [LNKD] (IRQs 5 9 10 *11)
[    0.345431] iommu: Default domain type: Translated 
[    0.345493] pci 0000:00:02.0: vgaarb: setting as boot VGA device
[    0.345494] pci 0000:00:02.0: vgaarb: VGA device added: decodes=io+mem,owns=io+mem,locks=none
[    0.347665] pci 0000:00:02.0: vgaarb: bridge control possible
[    0.347666] vgaarb: loaded
[    0.347868] SCSI subsystem initialized
[    0.347898] libata version 3.00 loaded.
[    0.347921] ACPI: bus type USB registered
[    0.347937] usbcore: registered new interface driver usbfs
[    0.347942] usbcore: registered new interface driver hub
[    0.347947] usbcore: registered new device driver usb
[    0.347973] pps_core: LinuxPPS API ver. 1 registered
[    0.347973] pps_core: Software ver. 5.3.6 - Copyright 2005-2007 Rodolfo Giometti <giometti@linux.it>
[    0.347976] PTP clock support registered
[    0.348012] EDAC MC: Ver: 3.0.0
[    0.348288] PCI: Using ACPI for IRQ routing
[    0.348290] PCI: pci_cache_line_size set to 64 bytes
[    0.348458] e820: reserve RAM buffer [mem 0x0009fc00-0x0009ffff]
[    0.348462] e820: reserve RAM buffer [mem 0x7fff0000-0x7fffffff]
[    0.348994] NetLabel: Initializing
[    0.348994] NetLabel:  domain hash size = 128
[    0.348995] NetLabel:  protocols = UNLABELED CIPSOv4 CALIPSO
[    0.349014] NetLabel:  unlabeled traffic allowed by default
[    0.349901] clocksource: Switched to clocksource kvm-clock
[    0.361752] *** VALIDATE bpf ***
[    0.361823] VFS: Disk quotas dquot_6.6.0
[    0.361838] VFS: Dquot-cache hash table entries: 512 (order 0, 4096 bytes)
[    0.361862] *** VALIDATE ramfs ***
[    0.361867] *** VALIDATE hugetlbfs ***
[    0.361969] AppArmor: AppArmor Filesystem Enabled
[    0.361995] pnp: PnP ACPI init
[    0.362069] pnp 00:00: Plug and Play ACPI device, IDs PNP0303 (active)
[    0.362149] pnp 00:01: Plug and Play ACPI device, IDs PNP0f03 (active)
[    0.363169] pnp: PnP ACPI: found 2 devices
[    0.364546] thermal_sys: Registered thermal governor 'fair_share'
[    0.364547] thermal_sys: Registered thermal governor 'bang_bang'
[    0.364548] thermal_sys: Registered thermal governor 'step_wise'
[    0.364549] thermal_sys: Registered thermal governor 'user_space'
[    0.364550] thermal_sys: Registered thermal governor 'power_allocator'
[    0.369099] clocksource: acpi_pm: mask: 0xffffff max_cycles: 0xffffff, max_idle_ns: 2085701024 ns
[    0.369147] pci_bus 0000:00: resource 4 [io  0x0000-0x0cf7 window]
[    0.369149] pci_bus 0000:00: resource 5 [io  0x0d00-0xffff window]
[    0.369150] pci_bus 0000:00: resource 6 [mem 0x000a0000-0x000bffff window]
[    0.369151] pci_bus 0000:00: resource 7 [mem 0x80000000-0xfdffffff window]
[    0.369217] NET: Registered protocol family 2
[    0.369293] IP idents hash table entries: 32768 (order: 6, 262144 bytes, linear)
[    0.369760] MPTCP tokens hash table entries: 8192 (order: 4, 65536 bytes, linear)
[    0.369783] MPTCP request tokens hash table entries: 8192 (order: 4, 65536 bytes, linear)
[    0.369816] default registered
[    0.369817] default registered
[    0.369817] MPTCP: Stable release v0.96
[    0.369823] tcp_listen_portaddr_hash hash table entries: 1024 (order: 2, 16384 bytes, linear)
[    0.369903] TCP established hash table entries: 16384 (order: 5, 131072 bytes, linear)
[    0.369969] TCP bind hash table entries: 16384 (order: 6, 262144 bytes, linear)
[    0.370002] TCP: Hash tables configured (established 16384 bind 16384)
[    0.370624] UDP hash table entries: 1024 (order: 3, 32768 bytes, linear)
[    0.370636] UDP-Lite hash table entries: 1024 (order: 3, 32768 bytes, linear)
[    0.370676] NET: Registered protocol family 1
[    0.370693] NET: Registered protocol family 44
[    0.370722] pci 0000:00:00.0: Limiting direct PCI/PCI transfers
[    0.370743] pci 0000:00:01.0: Activating ISA DMA hang workarounds
[    0.370850] pci 0000:00:02.0: Video device with shadowed ROM at [mem 0x000c0000-0x000dffff]
[    0.370968] PCI: CLS 0 bytes, default 64
[    0.371029] Trying to unpack rootfs image as initramfs...
[    0.524041] Freeing initrd memory: 47868K
[    0.524041] clocksource: tsc: mask: 0xffffffffffffffff max_cycles: 0x1e4530a99b6, max_idle_ns: 440795257976 ns
[    0.524041] clocksource: Switched to clocksource tsc
[    0.524041] platform rtc_cmos: registered platform RTC device (no PNP device found)
[    0.524041] check: Scanning for low memory corruption every 60 seconds
[    0.524041] Initialise system trusted keyrings
[    0.524041] Key type blacklist registered
[    0.524041] workingset: timestamp_bits=36 max_order=19 bucket_order=0
[    0.524041] zbud: loaded
[    0.524041] squashfs: version 4.0 (2009/01/31) Phillip Lougher
[    0.524041] fuse: init (API version 7.31)
[    0.524041] *** VALIDATE fuse ***
[    0.524041] *** VALIDATE fuse ***
[    0.524041] Platform Keyring initialized
[    0.538032] Key type asymmetric registered
[    0.538034] Asymmetric key parser 'x509' registered
[    0.538048] Block layer SCSI generic (bsg) driver version 0.4 loaded (major 244)
[    0.538090] io scheduler mq-deadline registered
[    0.538217] shpchp: Standard Hot Plug PCI Controller Driver version: 0.4
[    0.538443] ACPI: AC Adapter [AC] (on-line)
[    0.538486] input: Power Button as /devices/LNXSYSTM:00/LNXPWRBN:00/input/input0
[    0.538514] ACPI: Power Button [PWRF]
[    0.538598] input: Sleep Button as /devices/LNXSYSTM:00/LNXSLPBN:00/input/input1
[    0.538629] ACPI: Sleep Button [SLPF]
[    0.538857] Serial: 8250/16550 driver, 32 ports, IRQ sharing enabled
[    0.540018] Linux agpgart interface v0.103
[    0.635228] loop: module loaded
[    0.635350] ata_piix 0000:00:01.1: version 2.13
[    0.635737] scsi host0: ata_piix
[    0.635820] scsi host1: ata_piix
[    0.635845] ata1: PATA max UDMA/33 cmd 0x1f0 ctl 0x3f6 bmdma 0xd000 irq 14
[    0.635846] ata2: PATA max UDMA/33 cmd 0x170 ctl 0x376 bmdma 0xd008 irq 15
[    0.635917] tun: Universal TUN/TAP device driver, 1.6
[    0.636212] PPP generic driver version 2.4.2
[    0.636251] VFIO - User Level meta-driver version: 0.3
[    0.636483] ehci_hcd: USB 2.0 'Enhanced' Host Controller (EHCI) Driver
[    0.636487] ehci-pci: EHCI PCI platform driver
[    0.636499] ehci-platform: EHCI generic platform driver
[    0.636504] ohci_hcd: USB 1.1 'Open' Host Controller (OHCI) Driver
[    0.636505] ohci-pci: OHCI PCI platform driver
[    0.636512] ohci-platform: OHCI generic platform driver
[    0.636516] uhci_hcd: USB Universal Host Controller Interface driver
[    0.636575] i8042: PNP: PS/2 Controller [PNP0303:PS2K,PNP0f03:PS2M] at 0x60,0x64 irq 1,12
[    0.637007] serio: i8042 KBD port at 0x60,0x64 irq 1
[    0.637011] serio: i8042 AUX port at 0x60,0x64 irq 12
[    0.637103] mousedev: PS/2 mouse device common for all mice
[    0.637365] input: AT Translated Set 2 keyboard as /devices/platform/i8042/serio0/input/input2
[    0.637779] rtc_cmos rtc_cmos: registered as rtc0
[    0.637793] rtc_cmos rtc_cmos: alarms up to one day, 114 bytes nvram
[    0.637799] i2c /dev entries driver
[    0.637838] device-mapper: uevent: version 1.0.3
[    0.637880] device-mapper: ioctl: 4.41.0-ioctl (2019-09-16) initialised: dm-devel@redhat.com
[    0.637897] platform eisa.0: Probing EISA bus 0
[    0.637898] platform eisa.0: EISA: Cannot allocate resource for mainboard
[    0.637899] platform eisa.0: Cannot allocate resource for EISA slot 1
[    0.637900] platform eisa.0: Cannot allocate resource for EISA slot 2
[    0.637901] platform eisa.0: Cannot allocate resource for EISA slot 3
[    0.637902] platform eisa.0: Cannot allocate resource for EISA slot 4
[    0.637903] platform eisa.0: Cannot allocate resource for EISA slot 5
[    0.637904] platform eisa.0: Cannot allocate resource for EISA slot 6
[    0.637905] platform eisa.0: Cannot allocate resource for EISA slot 7
[    0.637906] platform eisa.0: Cannot allocate resource for EISA slot 8
[    0.637907] platform eisa.0: EISA: Detected 0 cards
[    0.637910] intel_pstate: CPU model not supported
[    0.637918] ledtrig-cpu: registered to indicate activity on CPUs
[    0.637965] drop_monitor: Initializing network drop monitor service
[    0.638122] NET: Registered protocol family 10
[    0.643115] Segment Routing with IPv6
[    0.643145] fullmesh registered
[    0.643146] ndiffports registered
[    0.643148] binder registered
[    0.643149] roundrobin registered
[    0.643149] redundant registered
[    0.643150] blest registered
[    0.643151] ecf registered
[    0.643152] NET: Registered protocol family 17
[    0.643180] Key type dns_resolver registered
[    0.643273] RAS: Correctable Errors collector initialized.
[    0.643286] IPI shorthand broadcast: enabled
[    0.643298] sched_clock: Marking stable (628207079, 11177230)->(641772140, -2387831)
[    0.643341] registered taskstats version 1
[    0.643349] Loading compiled-in X.509 certificates
[    0.643935] Loaded X.509 cert 'Build time autogenerated kernel key: 6909f3744cebb3d0de528d5887b96a727de79b1e'
[    0.643951] zswap: loaded using pool lzo/zbud
[    0.644001] Key type ._fscrypt registered
[    0.644002] Key type .fscrypt registered
[    0.648398] Key type big_key registered
[    0.650562] Key type encrypted registered
[    0.650565] AppArmor: AppArmor sha1 policy hashing enabled
[    0.650572] ima: No TPM chip found, activating TPM-bypass!
[    0.650576] ima: Allocated hash algorithm: sha1
[    0.650581] ima: No architecture policies found
[    0.650590] evm: Initialising EVM extended attributes:
[    0.650590] evm: security.selinux
[    0.650591] evm: security.SMACK64
[    0.650591] evm: security.SMACK64EXEC
[    0.650592] evm: security.SMACK64TRANSMUTE
[    0.650592] evm: security.SMACK64MMAP
[    0.650592] evm: security.apparmor
[    0.650593] evm: security.ima
[    0.650593] evm: security.capability
[    0.650594] evm: HMAC attrs: 0x1
[    0.650882] PM:   Magic number: 10:948:499
[    0.650974] rtc_cmos rtc_cmos: setting system clock to 2026-01-11T21:28:00 UTC (1768166880)
[    0.809862] ata1.00: ATA-6: VBOX HARDDISK, 1.0, max UDMA/133
[    0.809866] ata1.00: 209715200 sectors, multi 128: LBA 
[    0.810646] scsi 0:0:0:0: Direct-Access     ATA      VBOX HARDDISK    1.0  PQ: 0 ANSI: 5
[    0.810980] sd 0:0:0:0: [sda] 209715200 512-byte logical blocks: (107 GB/100 GiB)
[    0.810996] sd 0:0:0:0: [sda] Write Protect is off
[    0.811000] sd 0:0:0:0: [sda] Mode Sense: 00 3a 00 00
[    0.811026] sd 0:0:0:0: [sda] Write cache: enabled, read cache: enabled, doesn't support DPO or FUA
[    0.811347] sd 0:0:0:0: Attached scsi generic sg0 type 0
[    0.812424]  sda: sda1 sda2
[    0.823475] sd 0:0:0:0: [sda] Attached SCSI disk
[    0.828696] Freeing unused decrypted memory: 2040K
[    0.830065] Freeing unused kernel image memory: 2728K
[    0.830069] Write protecting the kernel read-only data: 22528k
[    0.831541] Freeing unused kernel image memory: 2036K
[    0.832328] Freeing unused kernel image memory: 1432K
[    0.869912] x86/mm: Checked W+X mappings: passed, no W+X pages found.
[    0.869916] Run /init as init process
[    0.974538] ACPI: Video Device [GFX0] (multi-head: yes  rom: no  post: no)
[    0.974604] input: Video Bus as /devices/LNXSYSTM:00/LNXSYBUS:00/PNP0A03:00/LNXVIDEO:00/input/input4
[    0.985423] pcnet32: pcnet32.c:v1.35 21.Apr.2008 tsbogend@alpha.franken.de
[    0.986931] piix4_smbus 0000:00:07.0: SMBus Host Controller at 0x4100, revision 0
[    0.990832] e1000: Intel(R) PRO/1000 Network Driver - version 7.3.21-k8-NAPI
[    0.990833] e1000: Copyright (c) 1999-2006 Intel Corporation.
[    0.997406] pcnet32: PCnet/FAST III 79C973 at 0xd020, 08:00:27:e1:30:9a assigned IRQ 19
[    0.997451] pcnet32: Found PHY 0022:561b at address 0
[    0.997742] pcnet32: eth0: registered as PCnet/FAST III 79C973
[    1.005634] pcnet32: 1 cards_found
[    1.061500] pcnet32 0000:00:03.0 enp0s3: renamed from eth0
[    1.208529] input: ImExPS/2 Generic Explorer Mouse as /devices/platform/i8042/serio1/input/input5
[    1.395400] e1000 0000:00:08.0 eth0: (PCI:33MHz:32-bit) 08:00:27:e6:75:75
[    1.395403] e1000 0000:00:08.0 eth0: Intel(R) PRO/1000 Network Connection
[    1.763467] e1000 0000:00:09.0 eth1: (PCI:33MHz:32-bit) 08:00:27:d0:ee:d8
[    1.763470] e1000 0000:00:09.0 eth1: Intel(R) PRO/1000 Network Connection
[    1.764484] e1000 0000:00:09.0 enp0s9: renamed from eth1
[    1.766196] e1000 0000:00:08.0 enp0s8: renamed from eth0
[    1.900261] EXT4-fs (sda2): mounted filesystem with ordered data mode. Opts: (null)
[    1.981637] systemd[1]: Inserted module 'autofs4'
[    1.991336] systemd[1]: systemd 245.4-4ubuntu3 running in system mode. (+PAM +AUDIT +SELINUX +IMA +APPARMOR +SMACK +SYSVINIT +UTMP +LIBCRYPTSETUP +GCRYPT +GNUTLS +ACL +XZ +LZ4 +SECCOMP +BLKID +ELFUTILS +KMOD +IDN2 -IDN +PCRE2 default-hierarchy=hybrid)
[    1.991365] systemd[1]: Detected virtualization oracle.
[    1.991368] systemd[1]: Detected architecture x86-64.
[    1.992621] systemd[1]: Set hostname to <ztg>.
[    2.118188] systemd[1]: /lib/systemd/system/dbus.socket:5: ListenStream= references a path below legacy directory /var/run/, updating /var/run/dbus/system_bus_socket â†’ /run/dbus/system_bus_socket; please update the unit file accordingly.
[    2.171869] systemd[1]: Created slice system-modprobe.slice.
[    2.172049] systemd[1]: Created slice User and Session Slice.
[    2.172090] systemd[1]: Started Forward Password Requests to Wall Directory Watch.
[    2.172243] systemd[1]: Set up automount Arbitrary Executable File Formats File System Automount Point.
[    2.172273] systemd[1]: Reached target User and Group Name Lookups.
[    2.172281] systemd[1]: Reached target Remote File Systems.
[    2.172290] systemd[1]: Reached target Slices.
[    2.172770] systemd[1]: Listening on Syslog Socket.
[    2.172833] systemd[1]: Listening on fsck to fsckd communication Socket.
[    2.172868] systemd[1]: Listening on initctl Compatibility Named Pipe.
[    2.172996] systemd[1]: Listening on Journal Audit Socket.
[    2.173049] systemd[1]: Listening on Journal Socket (/dev/log).
[    2.173116] systemd[1]: Listening on Journal Socket.
[    2.173176] systemd[1]: Listening on udev Control Socket.
[    2.173217] systemd[1]: Listening on udev Kernel Socket.
[    2.173914] systemd[1]: Mounting Huge Pages File System...
[    2.174778] systemd[1]: Mounting POSIX Message Queue File System...
[    2.175670] systemd[1]: Mounting Kernel Debug File System...
[    2.176499] systemd[1]: Mounting Kernel Trace File System...
[    2.178398] systemd[1]: Starting Journal Service...
[    2.202441] systemd[1]: Starting Set the console keyboard layout...
[    2.209940] systemd[1]: Starting Create list of static device nodes for the current kernel...
[    2.211939] systemd[1]: Starting Load Kernel Module drm...
[    2.220265] systemd[1]: Condition check resulted in Set Up Additional Binary Formats being skipped.
[    2.220305] systemd[1]: Condition check resulted in File System Check on Root Device being skipped.
[    2.223124] systemd[1]: Starting Load Kernel Modules...
[    2.231517] systemd[1]: Starting Remount Root and Kernel File Systems...
[    2.239864] systemd[1]: Starting udev Coldplug all Devices...
[    2.250083] systemd[1]: Starting Uncomplicated firewall...
[    2.252951] EXT4-fs (sda2): re-mounted. Opts: errors=remount-ro
[    2.259524] systemd[1]: Mounted Huge Pages File System.
[    2.260384] systemd[1]: Mounted POSIX Message Queue File System.
[    2.260464] systemd[1]: Mounted Kernel Debug File System.
[    2.260533] systemd[1]: Mounted Kernel Trace File System.
[    2.263298] systemd[1]: Finished Create list of static device nodes for the current kernel.
[    2.263534] systemd[1]: modprobe@drm.service: Succeeded.
[    2.267397] systemd[1]: Finished Load Kernel Module drm.
[    2.271521] systemd[1]: Finished Remount Root and Kernel File Systems.
[    2.273003] systemd[1]: Finished Uncomplicated firewall.
[    2.274391] lp: driver loaded but no devices found
[    2.276102] systemd[1]: Condition check resulted in Rebuild Hardware Database being skipped.
[    2.276132] systemd[1]: Condition check resulted in Platform Persistent Storage Archival being skipped.
[    2.276746] systemd[1]: Starting Load/Save Random Seed...
[    2.297643] systemd[1]: Starting Create System Users...
[    2.305183] ppdev: user-space parallel port driver
[    2.309138] systemd[1]: Finished Load/Save Random Seed.
[    2.347501] systemd[1]: Finished Create System Users.
[    2.348932] systemd[1]: Starting Create Static Device Nodes in /dev...
[    2.388226] systemd[1]: Finished udev Coldplug all Devices.
[    2.394275] systemd[1]: Finished Create Static Device Nodes in /dev.
[    2.394993] systemd[1]: Starting udev Kernel Device Manager...
[    2.418012] [drm] DMA map mode: Caching DMA mappings.
[    2.418243] [drm] Capabilities:
[    2.418243] [drm]   Rect copy.
[    2.418243] [drm]   Cursor.
[    2.418244] [drm]   Cursor bypass.
[    2.418244] [drm]   Cursor bypass 2.
[    2.418244] [drm]   Alpha cursor.
[    2.418245] [drm]   Extended Fifo.
[    2.418245] [drm]   Pitchlock.
[    2.418245] [drm]   Irq mask.
[    2.418246] [drm]   GMR.
[    2.418246] [drm]   Traces.
[    2.418246] [drm]   GMR2.
[    2.418247] [drm]   Screen Object 2.
[    2.418247] [drm]   Command Buffers.
[    2.418247] [drm]   Command Buffers 2.
[    2.418248] [drm]   Guest Backed Resources.
[    2.418249] [drm] Max GMR ids is 8192
[    2.418249] [drm] Max number of GMR pages is 1048576
[    2.418250] [drm] Max dedicated hypervisor surface memory is 393216 kiB
[    2.418250] [drm] Maximum display memory size is 131072 kiB
[    2.418251] [drm] VRAM at 0xe0000000 size is 131072 kiB
[    2.418251] [drm] MMIO at 0xf0000000 size is 2048 kiB
[    2.420673] [TTM] Zone  kernel: Available graphics memory: 1011738 KiB
[    2.420674] [TTM] Initializing pool allocator
[    2.420677] [TTM] Initializing DMA pool allocator
[    2.420811] [drm] Supports vblank timestamp caching Rev 2 (21.10.2013).
[    2.420811] [drm] No driver support for vblank timestamp query.
[    2.422211] [drm] Screen Target Display device initialized
[    2.422426] [drm] width 720
[    2.422435] [drm] height 400
[    2.422439] [drm] bpp 32
[    2.422740] [drm] Fifo max 0x00200000 min 0x00001000 cap 0x00000355
[    2.423814] [drm] Using command buffers with DMA pool.
[    2.423819] [drm] DX: no.
[    2.423820] [drm] Atomic: yes.
[    2.423820] [drm] SM4_1: no.
[    2.423838] [drm:vmw_host_log [vmwgfx]] *ERROR* Failed to send host log message.
[    2.424952] [drm:vmw_host_log [vmwgfx]] *ERROR* Failed to send host log message.
[    2.437667] fbcon: svgadrmfb (fb0) is primary device
[    2.439715] Console: switching to colour frame buffer device 100x37
[    2.469912] [drm] Initialized vmwgfx 2.15.0 20180704 for 0000:00:02.0 on minor 0
[    2.470826] systemd[1]: Finished Load Kernel Modules.
[    2.471754] systemd[1]: Mounting FUSE Control File System...
[    2.472876] systemd[1]: Mounting Kernel Configuration File System...
[    2.482111] systemd[1]: Starting Apply Kernel Variables...
[    2.487851] systemd[1]: Mounted FUSE Control File System.
[    2.487924] systemd[1]: Condition check resulted in VMware vmblock fuse mount being skipped.
[    2.492651] systemd[1]: Mounted Kernel Configuration File System.
[    2.493497] systemd[1]: Finished Set the console keyboard layout.
[    2.493585] systemd[1]: Reached target Local File Systems (Pre).
[    2.497836] systemd[1]: Mounting Mount unit for bare, revision 5...
[    2.503655] systemd[1]: Mounting Mount unit for core18, revision 1705...
[    2.521231] systemd[1]: Mounting Mount unit for gnome-3-34-1804, revision 24...
[    2.524317] systemd[1]: Mounting Mount unit for gtk-common-themes, revision 1506...
[    2.537116] systemd[1]: Mounting Mount unit for gtk-common-themes, revision 1535...
[    2.539974] systemd[1]: Mounting Mount unit for snap-store, revision 433...
[    2.563701] systemd[1]: Mounting Mount unit for snapd, revision 7264...
[    2.568891] systemd[1]: Finished Apply Kernel Variables.
[    2.581545] systemd[1]: Mounted Mount unit for bare, revision 5.
[    2.581635] systemd[1]: Mounted Mount unit for core18, revision 1705.
[    2.581707] systemd[1]: Mounted Mount unit for gnome-3-34-1804, revision 24.
[    2.601663] systemd[1]: Mounted Mount unit for gtk-common-themes, revision 1506.
[    2.610290] systemd[1]: Started udev Kernel Device Manager.
[    2.610984] systemd[1]: Starting Show Plymouth Boot Screen...
[    2.615977] systemd[1]: Mounted Mount unit for snap-store, revision 433.
[    2.618132] systemd[1]: Received SIGRTMIN+20 from PID 274 (plymouthd).
[    2.653255] systemd[1]: Started Show Plymouth Boot Screen.
[    2.653403] systemd[1]: Condition check resulted in Dispatch Password Requests to Console Directory Watch being skipped.
[    2.653486] systemd[1]: Started Forward Password Requests to Plymouth Directory Watch.
[    2.653519] systemd[1]: Reached target Local Encrypted Volumes.
[    2.671222] systemd[1]: Mounted Mount unit for gtk-common-themes, revision 1535.
[    2.671435] systemd[1]: Mounted Mount unit for snapd, revision 7264.
[    2.671582] systemd[1]: Reached target Local File Systems.
[    2.672307] systemd[1]: Starting Load AppArmor profiles...
[    2.675046] systemd[1]: Starting Set console font and keymap...
[    2.685639] systemd[1]: Starting Tell Plymouth To Write Out Runtime Data...
[    2.685717] systemd[1]: Condition check resulted in Store a System Token in an EFI Variable being skipped.
[    2.685743] systemd[1]: Condition check resulted in Commit a transient machine-id on disk being skipped.
[    2.689089] systemd[1]: Received SIGRTMIN+20 from PID 274 (plymouthd).
[    2.689865] systemd[1]: plymouth-read-write.service: Succeeded.
[    2.690749] systemd[1]: Finished Tell Plymouth To Write Out Runtime Data.
[    2.693738] systemd[1]: Finished Set console font and keymap.
[    2.721094] audit: type=1400 audit(1768166882.568:2): apparmor="STATUS" operation="profile_load" profile="unconfined" name="nvidia_modprobe" pid=301 comm="apparmor_parser"
[    2.721096] audit: type=1400 audit(1768166882.568:3): apparmor="STATUS" operation="profile_load" profile="unconfined" name="nvidia_modprobe//kmod" pid=301 comm="apparmor_parser"
[    2.727724] audit: type=1400 audit(1768166882.576:4): apparmor="STATUS" operation="profile_load" profile="unconfined" name="/usr/sbin/tcpdump" pid=302 comm="apparmor_parser"
[    2.772640] audit: type=1400 audit(1768166882.612:5): apparmor="STATUS" operation="profile_load" profile="unconfined" name="/usr/bin/evince" pid=304 comm="apparmor_parser"
[    2.772642] audit: type=1400 audit(1768166882.612:6): apparmor="STATUS" operation="profile_load" profile="unconfined" name="/usr/bin/evince//sanitized_helper" pid=304 comm="apparmor_parser"
[    2.772644] audit: type=1400 audit(1768166882.612:7): apparmor="STATUS" operation="profile_load" profile="unconfined" name="/usr/bin/evince-previewer" pid=304 comm="apparmor_parser"
[    2.772645] audit: type=1400 audit(1768166882.612:8): apparmor="STATUS" operation="profile_load" profile="unconfined" name="/usr/bin/evince-previewer//sanitized_helper" pid=304 comm="apparmor_parser"
[    2.772647] audit: type=1400 audit(1768166882.612:9): apparmor="STATUS" operation="profile_load" profile="unconfined" name="/usr/bin/evince-thumbnailer" pid=304 comm="apparmor_parser"
[    2.817347] audit: type=1400 audit(1768166882.664:10): apparmor="STATUS" operation="profile_load" profile="unconfined" name="/usr/lib/cups/backend/cups-pdf" pid=305 comm="apparmor_parser"
[    2.903678] systemd[1]: Finished Load AppArmor profiles.
[    2.904604] systemd[1]: Starting Load AppArmor profiles managed internally by snapd...
[    2.967426] systemd[1]: Finished Load AppArmor profiles managed internally by snapd.
[    3.142641] systemd[1]: Started Journal Service.
[    3.149233] systemd-journald[229]: Received client request to flush runtime journal.
[    3.153920] systemd-journald[229]: File /var/log/journal/c455b248004a419c87ce85eea238d727/system.journal corrupted or uncleanly shut down, renaming and replacing.
[    4.374275] RAPL PMU: API unit is 2^-32 Joules, 0 fixed counters, 10737418240 ms ovfl timer
[    4.435618] cryptd: max_cpu_qlen set to 1000
[    4.475839] AVX2 version of gcm_enc/dec engaged.
[    4.475840] AES CTR mode by8 optimization enabled
[    5.293526] Adding 1998844k swap on /dev/sda1.  Priority:-2 extents:1 across:1998844k FS
[    6.177428] kauditd_printk_skb: 30 callbacks suppressed
[    6.177429] audit: type=1400 audit(1768166886.020:41): apparmor="DENIED" operation="capable" profile="/usr/sbin/cups-browsed" pid=497 comm="cups-browsed" capability=23  capname="sys_nice"
[    7.321993] pcnet32 0000:00:03.0 enp0s3: link up, 100Mbps, full-duplex
[    7.358130] e1000: enp0s8 NIC Link is Up 1000 Mbps Full Duplex, Flow Control: RX
[    7.358418] IPv6: ADDRCONF(NETDEV_CHANGE): enp0s8: link becomes ready
[    7.369730] e1000: enp0s9 NIC Link is Up 1000 Mbps Full Duplex, Flow Control: RX
[    7.370021] IPv6: ADDRCONF(NETDEV_CHANGE): enp0s9: link becomes ready
[    7.897492] device enp0s3 entered promiscuous mode
[    7.912574] audit: type=1400 audit(1768166887.760:42): apparmor="DENIED" operation="open" profile="/usr/sbin/tcpdump" name="/proc/sys/kernel/random/boot_id" pid=667 comm="tcpdump" requested_mask="r" denied_mask="r" fsuid=0 ouid=0
[    7.913419] audit: type=1400 audit(1768166887.760:43): apparmor="DENIED" operation="open" profile="/usr/sbin/tcpdump" name="/proc/sys/kernel/random/boot_id" pid=667 comm="tcpdump" requested_mask="r" denied_mask="r" fsuid=0 ouid=0
[    7.913470] audit: type=1400 audit(1768166887.760:44): apparmor="DENIED" operation="open" profile="/usr/sbin/tcpdump" name="/proc/sys/kernel/random/boot_id" pid=667 comm="tcpdump" requested_mask="r" denied_mask="r" fsuid=0 ouid=0
[    7.913535] audit: type=1400 audit(1768166887.760:45): apparmor="DENIED" operation="open" profile="/usr/sbin/tcpdump" name="/proc/sys/kernel/random/boot_id" pid=667 comm="tcpdump" requested_mask="r" denied_mask="r" fsuid=0 ouid=0
[    7.919436] audit: type=1400 audit(1768166887.764:46): apparmor="DENIED" operation="open" profile="/usr/sbin/tcpdump" name="/proc/sys/kernel/random/boot_id" pid=668 comm="tcpdump" requested_mask="r" denied_mask="r" fsuid=0 ouid=0
[    7.919650] audit: type=1400 audit(1768166887.764:47): apparmor="DENIED" operation="open" profile="/usr/sbin/tcpdump" name="/proc/sys/kernel/random/boot_id" pid=668 comm="tcpdump" requested_mask="r" denied_mask="r" fsuid=0 ouid=0
[    7.919691] audit: type=1400 audit(1768166887.764:48): apparmor="DENIED" operation="open" profile="/usr/sbin/tcpdump" name="/proc/sys/kernel/random/boot_id" pid=668 comm="tcpdump" requested_mask="r" denied_mask="r" fsuid=0 ouid=0
[    7.919786] audit: type=1400 audit(1768166887.764:49): apparmor="DENIED" operation="open" profile="/usr/sbin/tcpdump" name="/proc/sys/kernel/random/boot_id" pid=668 comm="tcpdump" requested_mask="r" denied_mask="r" fsuid=0 ouid=0
[   12.219085] rfkill: input handler disabled
[  373.233796] rfkill: input handler enabled
[  381.859513] rfkill: input handler disabled
[  762.747639] device enp0s3 left promiscuous mode
