[    0.000000] Linux version 5.4.243-mptcp (root@ztg) (gcc version 12.2.0 (Debian 12.2.0-14+deb12u1)) #53 SMP Wed Dec 24 23:28:15 CST 2025
[    0.000000] Command line: BOOT_IMAGE=/boot/vmlinuz-5.4.243-mptcp root=UUID=98415a12-53b7-4144-8265-0f7ece09e445 ro quiet splash
[    0.000000] KERNEL supported cpus:
[    0.000000]   Intel GenuineIntel
[    0.000000]   AMD AuthenticAMD
[    0.000000]   Hygon HygonGenuine
[    0.000000]   Centaur CentaurHauls
[    0.000000]   zhaoxin   Shanghai  
[    0.000000] x86/fpu: Supporting XSAVE feature 0x001: 'x87 floating point registers'
[    0.000000] x86/fpu: Supporting XSAVE feature 0x002: 'SSE registers'
[    0.000000] x86/fpu: Supporting XSAVE feature 0x004: 'AVX registers'
[    0.000000] x86/fpu: xstate_offset[2]:  576, xstate_sizes[2]:  256
[    0.000000] x86/fpu: Enabled xstate features 0x7, context size is 832 bytes, using 'standard' format.
[    0.000000] BIOS-provided physical RAM map:
[    0.000000] BIOS-e820: [mem 0x0000000000000000-0x000000000009fbff] usable
[    0.000000] BIOS-e820: [mem 0x000000000009fc00-0x000000000009ffff] reserved
[    0.000000] BIOS-e820: [mem 0x00000000000f0000-0x00000000000fffff] reserved
[    0.000000] BIOS-e820: [mem 0x0000000000100000-0x000000007ffeffff] usable
[    0.000000] BIOS-e820: [mem 0x000000007fff0000-0x000000007fffffff] ACPI data
[    0.000000] BIOS-e820: [mem 0x00000000fec00000-0x00000000fec00fff] reserved
[    0.000000] BIOS-e820: [mem 0x00000000fee00000-0x00000000fee00fff] reserved
[    0.000000] BIOS-e820: [mem 0x00000000fffc0000-0x00000000ffffffff] reserved
[    0.000000] NX (Execute Disable) protection: active
[    0.000000] SMBIOS 2.5 present.
[    0.000000] DMI: innotek GmbH VirtualBox/VirtualBox, BIOS VirtualBox 12/01/2006
[    0.000000] Hypervisor detected: KVM
[    0.000000] kvm-clock: Using msrs 4b564d01 and 4b564d00
[    0.000000] kvm-clock: cpu 0, msr 5e401001, primary cpu clock
[    0.000000] kvm-clock: using sched offset of 4521094325 cycles
[    0.000003] clocksource: kvm-clock: mask: 0xffffffffffffffff max_cycles: 0x1cd42e4dffb, max_idle_ns: 881590591483 ns
[    0.000007] tsc: Detected 2100.000 MHz processor
[    0.001925] e820: update [mem 0x00000000-0x00000fff] usable ==> reserved
[    0.001927] e820: remove [mem 0x000a0000-0x000fffff] usable
[    0.001931] last_pfn = 0x7fff0 max_arch_pfn = 0x400000000
[    0.002002] MTRR default type: uncachable
[    0.002003] MTRR fixed ranges enabled:
[    0.002004]   00000-9FFFF write-back
[    0.002005]   A0000-BFFFF uncachable
[    0.002006]   C0000-FFFFF write-protect
[    0.002007] MTRR variable ranges enabled:
[    0.002008]   0 base 000000000000 mask 3FFF80000000 write-back
[    0.002009]   1 disabled
[    0.002010]   2 disabled
[    0.002010]   3 disabled
[    0.002010]   4 disabled
[    0.002011]   5 disabled
[    0.002011]   6 disabled
[    0.002012]   7 disabled
[    0.002012]   8 disabled
[    0.002012]   9 disabled
[    0.002013]   10 disabled
[    0.002013]   11 disabled
[    0.002014]   12 disabled
[    0.002014]   13 disabled
[    0.002015]   14 disabled
[    0.002015]   15 disabled
[    0.002032] x86/PAT: Configuration [0-7]: WB  WC  UC- UC  WB  WP  UC- WT  
[    0.002171] found SMP MP-table at [mem 0x0009fff0-0x0009ffff]
[    0.091895] check: Scanning 1 areas for low memory corruption
[    0.092049] RAMDISK: [mem 0x32271000-0x3512ffff]
[    0.092061] ACPI: Early table checksum verification disabled
[    0.092068] ACPI: RSDP 0x00000000000E0000 000024 (v02 VBOX  )
[    0.092073] ACPI: XSDT 0x000000007FFF0030 00003C (v01 VBOX   VBOXXSDT 00000001 ASL  00000061)
[    0.092080] ACPI: FACP 0x000000007FFF00F0 0000F4 (v04 VBOX   VBOXFACP 00000001 ASL  00000061)
[    0.092088] ACPI: DSDT 0x000000007FFF02E0 002353 (v02 VBOX   VBOXBIOS 00000002 VBOX 00029BF3)
[    0.092101] ACPI: FACS 0x000000007FFF0200 000040
[    0.092105] ACPI: FACS 0x000000007FFF0200 000040
[    0.092108] ACPI: APIC 0x000000007FFF0240 000054 (v02 VBOX   VBOXAPIC 00000001 ASL  00000061)
[    0.092112] ACPI: SSDT 0x000000007FFF02A0 000038 (v01 VBOX   VBOXCPUT 00000002 VBOX 00029BF3)
[    0.092115] ACPI: Reserving FACP table memory at [mem 0x7fff00f0-0x7fff01e3]
[    0.092116] ACPI: Reserving DSDT table memory at [mem 0x7fff02e0-0x7fff2632]
[    0.092117] ACPI: Reserving FACS table memory at [mem 0x7fff0200-0x7fff023f]
[    0.092118] ACPI: Reserving FACS table memory at [mem 0x7fff0200-0x7fff023f]
[    0.092119] ACPI: Reserving APIC table memory at [mem 0x7fff0240-0x7fff0293]
[    0.092120] ACPI: Reserving SSDT table memory at [mem 0x7fff02a0-0x7fff02d7]
[    0.092137] ACPI: Local APIC address 0xfee00000
[    0.092342] No NUMA configuration found
[    0.092344] Faking a node at [mem 0x0000000000000000-0x000000007ffeffff]
[    0.092355] NODE_DATA(0) allocated [mem 0x7ffc5000-0x7ffeffff]
[    0.092643] Zone ranges:
[    0.092644]   DMA      [mem 0x0000000000001000-0x0000000000ffffff]
[    0.092646]   DMA32    [mem 0x0000000001000000-0x000000007ffeffff]
[    0.092647]   Normal   empty
[    0.092647]   Device   empty
[    0.092648] Movable zone start for each node
[    0.092650] Early memory node ranges
[    0.092651]   node   0: [mem 0x0000000000001000-0x000000000009efff]
[    0.092652]   node   0: [mem 0x0000000000100000-0x000000007ffeffff]
[    0.092656] Zeroed struct page in unavailable ranges: 114 pages
[    0.092657] Initmem setup node 0 [mem 0x0000000000001000-0x000000007ffeffff]
[    0.092658] On node 0 totalpages: 524174
[    0.092660]   DMA zone: 64 pages used for memmap
[    0.092660]   DMA zone: 21 pages reserved
[    0.092662]   DMA zone: 3998 pages, LIFO batch:0
[    0.092739]   DMA32 zone: 8128 pages used for memmap
[    0.092739]   DMA32 zone: 520176 pages, LIFO batch:63
[    0.102370] ACPI: PM-Timer IO Port: 0x4008
[    0.102374] ACPI: Local APIC address 0xfee00000
[    0.102445] IOAPIC[0]: apic_id 1, version 32, address 0xfec00000, GSI 0-23
[    0.102449] ACPI: INT_SRC_OVR (bus 0 bus_irq 0 global_irq 2 dfl dfl)
[    0.102451] ACPI: INT_SRC_OVR (bus 0 bus_irq 9 global_irq 9 low level)
[    0.102453] ACPI: IRQ0 used by override.
[    0.102455] ACPI: IRQ9 used by override.
[    0.102457] Using ACPI (MADT) for SMP configuration information
[    0.102467] smpboot: Allowing 1 CPUs, 0 hotplug CPUs
[    0.102493] PM: Registered nosave memory: [mem 0x00000000-0x00000fff]
[    0.102494] PM: Registered nosave memory: [mem 0x0009f000-0x0009ffff]
[    0.102495] PM: Registered nosave memory: [mem 0x000a0000-0x000effff]
[    0.102495] PM: Registered nosave memory: [mem 0x000f0000-0x000fffff]
[    0.102497] [mem 0x80000000-0xfebfffff] available for PCI devices
[    0.102499] Booting paravirtualized kernel on KVM
[    0.102502] clocksource: refined-jiffies: mask: 0xffffffff max_cycles: 0xffffffff, max_idle_ns: 7645519600211568 ns
[    0.102508] setup_percpu: NR_CPUS:8192 nr_cpumask_bits:1 nr_cpu_ids:1 nr_node_ids:1
[    0.104168] percpu: Embedded 60 pages/cpu s208896 r8192 d28672 u2097152
[    0.104175] pcpu-alloc: s208896 r8192 d28672 u2097152 alloc=1*2097152
[    0.104176] pcpu-alloc: [0] 0 
[    0.104212] Built 1 zonelists, mobility grouping on.  Total pages: 515961
[    0.104213] Policy zone: DMA32
[    0.104214] Kernel command line: BOOT_IMAGE=/boot/vmlinuz-5.4.243-mptcp root=UUID=98415a12-53b7-4144-8265-0f7ece09e445 ro quiet splash
[    0.105458] Dentry cache hash table entries: 262144 (order: 9, 2097152 bytes, linear)
[    0.105728] Inode-cache hash table entries: 131072 (order: 8, 1048576 bytes, linear)
[    0.105784] mem auto-init: stack:off, heap alloc:on, heap free:off
[    0.105786] Calgary: detecting Calgary via BIOS EBDA area
[    0.105788] Calgary: Unable to locate Rio Grande table in EBDA - bailing!
[    0.111159] Memory: 1967332K/2096696K available (14339K kernel code, 2398K rwdata, 4712K rodata, 2728K init, 17260K bss, 129364K reserved, 0K cma-reserved)
[    0.112472] SLUB: HWalign=64, Order=0-3, MinObjects=0, CPUs=1, Nodes=1
[    0.112490] ftrace: allocating 43186 entries in 169 pages
[    0.132942] rcu: Hierarchical RCU implementation.
[    0.132944] rcu: 	RCU restricting CPUs from NR_CPUS=8192 to nr_cpu_ids=1.
[    0.132946] 	Tasks RCU enabled.
[    0.132947] rcu: RCU calculated value of scheduler-enlistment delay is 25 jiffies.
[    0.132948] rcu: Adjusting geometry for rcu_fanout_leaf=16, nr_cpu_ids=1
[    0.136033] NR_IRQS: 524544, nr_irqs: 256, preallocated irqs: 16
[    0.136268] random: crng init done
[    0.145615] Console: colour VGA+ 80x25
[    0.145621] printk: console [tty0] enabled
[    0.145643] ACPI: Core revision 20190816
[    0.145745] APIC: Switch to symmetric I/O mode setup
[    0.145994] x2apic enabled
[    0.146231] Switched APIC routing to physical x2apic.
[    0.147364] ..TIMER: vector=0x30 apic1=0 pin1=2 apic2=-1 pin2=-1
[    0.147391] clocksource: tsc-early: mask: 0xffffffffffffffff max_cycles: 0x1e4530a99b6, max_idle_ns: 440795257976 ns
[    0.147397] Calibrating delay loop (skipped) preset value.. 4200.00 BogoMIPS (lpj=8400000)
[    0.147400] pid_max: default: 32768 minimum: 301
[    0.147429] LSM: Security Framework initializing
[    0.147439] Yama: becoming mindful.
[    0.147471] AppArmor: AppArmor initialized
[    0.147509] Mount-cache hash table entries: 4096 (order: 3, 32768 bytes, linear)
[    0.147515] Mountpoint-cache hash table entries: 4096 (order: 3, 32768 bytes, linear)
[    0.147527] *** VALIDATE tmpfs ***
[    0.147671] *** VALIDATE proc ***
[    0.147720] *** VALIDATE cgroup1 ***
[    0.147721] *** VALIDATE cgroup2 ***
[    0.147870] process: using mwait in idle threads
[    0.147875] Last level iTLB entries: 4KB 64, 2MB 8, 4MB 8
[    0.147875] Last level dTLB entries: 4KB 64, 2MB 0, 4MB 0, 1GB 4
[    0.147898] Spectre V1 : Mitigation: usercopy/swapgs barriers and __user pointer sanitization
[    0.147904] Spectre V2 : Mitigation: Retpolines
[    0.147905] Spectre V2 : Spectre v2 / SpectreRSB mitigation: Filling RSB on context switch
[    0.147906] Spectre V2 : Spectre v2 / SpectreRSB : Filling RSB on VMEXIT
[    0.147906] RETBleed: WARNING: Spectre v2 mitigation leaves CPU vulnerable to RETBleed attacks, data leaks possible!
[    0.148276] RETBleed: Vulnerable
[    0.148277] Speculative Store Bypass: Vulnerable
[    0.148283] TAA: Mitigation: TSX disabled
[    0.148283] MMIO Stale Data: Mitigation: Clear CPU buffers
[    0.153012] Freeing SMP alternatives memory: 40K
[    0.265931] smpboot: CPU0: Intel(R) Xeon(R) Silver 4216 CPU @ 2.10GHz (family: 0x6, model: 0x55, stepping: 0x7)
[    0.266110] Performance Events: unsupported p6 CPU model 85 no PMU driver, software events only.
[    0.266156] rcu: Hierarchical SRCU implementation.
[    0.266707] NMI watchdog: Perf NMI watchdog permanently disabled
[    0.266756] smp: Bringing up secondary CPUs ...
[    0.266757] smp: Brought up 1 node, 1 CPU
[    0.266758] smpboot: Max logical packages: 1
[    0.266759] smpboot: Total of 1 processors activated (4200.00 BogoMIPS)
[    0.267393] devtmpfs: initialized
[    0.267393] x86/mm: Memory block size: 128MB
[    0.267393] clocksource: jiffies: mask: 0xffffffff max_cycles: 0xffffffff, max_idle_ns: 7645041785100000 ns
[    0.267393] futex hash table entries: 256 (order: 2, 16384 bytes, linear)
[    0.267393] pinctrl core: initialized pinctrl subsystem
[    0.267393] PM: RTC time: 20:07:20, date: 2026-01-12
[    0.267393] NET: Registered protocol family 16
[    0.267393] audit: initializing netlink subsys (disabled)
[    0.267393] EISA bus registered
[    0.267393] cpuidle: using governor ladder
[    0.267393] cpuidle: using governor menu
[    0.267393] ACPI: bus type PCI registered
[    0.267393] acpiphp: ACPI Hot Plug PCI Controller Driver version: 0.5
[    0.267393] PCI: Using configuration type 1 for base access
[    0.268441] audit: type=2000 audit(1768219646.920:1): state=initialized audit_enabled=0 res=1
[    0.268564] HugeTLB registered 2.00 MiB page size, pre-allocated 0 pages
[    0.269532] ACPI: Added _OSI(Module Device)
[    0.269532] ACPI: Added _OSI(Processor Device)
[    0.269533] ACPI: Added _OSI(3.0 _SCP Extensions)
[    0.269534] ACPI: Added _OSI(Processor Aggregator Device)
[    0.269535] ACPI: Added _OSI(Linux-Dell-Video)
[    0.269536] ACPI: Added _OSI(Linux-Lenovo-NV-HDMI-Audio)
[    0.269536] ACPI: Added _OSI(Linux-HPI-Hybrid-Graphics)
[    0.271477] ACPI: 2 ACPI AML tables successfully acquired and loaded
[    0.273007] ACPI: Interpreter enabled
[    0.273018] ACPI: (supports S0 S5)
[    0.273019] ACPI: Using IOAPIC for interrupt routing
[    0.273225] PCI: Using host bridge windows from ACPI; if necessary, use "pci=nocrs" and report a bug
[    0.273333] ACPI: Enabled 2 GPEs in block 00 to 07
[    0.278153] ACPI: PCI Root Bridge [PCI0] (domain 0000 [bus 00-ff])
[    0.278159] acpi PNP0A03:00: _OSC: OS supports [ASPM ClockPM Segments MSI HPX-Type3]
[    0.278606] acpi PNP0A03:00: _OSC: not requesting OS control; OS requires [ExtendedConfig ASPM ClockPM MSI]
[    0.278614] acpi PNP0A03:00: fail to add MMCONFIG information, can't access extended PCI configuration space under this bridge.
[    0.278996] PCI host bridge to bus 0000:00
[    0.278998] pci_bus 0000:00: root bus resource [io  0x0000-0x0cf7 window]
[    0.278999] pci_bus 0000:00: root bus resource [io  0x0d00-0xffff window]
[    0.279001] pci_bus 0000:00: root bus resource [mem 0x000a0000-0x000bffff window]
[    0.279002] pci_bus 0000:00: root bus resource [mem 0x80000000-0xfdffffff window]
[    0.279003] pci_bus 0000:00: root bus resource [bus 00-ff]
[    0.279049] pci 0000:00:00.0: [8086:1237] type 00 class 0x060000
[    0.279963] pci 0000:00:01.0: [8086:7000] type 00 class 0x060100
[    0.280706] pci 0000:00:01.1: [8086:7111] type 00 class 0x01018a
[    0.281075] pci 0000:00:01.1: reg 0x20: [io  0xd000-0xd00f]
[    0.281226] pci 0000:00:01.1: legacy IDE quirk: reg 0x10: [io  0x01f0-0x01f7]
[    0.281227] pci 0000:00:01.1: legacy IDE quirk: reg 0x14: [io  0x03f6]
[    0.281228] pci 0000:00:01.1: legacy IDE quirk: reg 0x18: [io  0x0170-0x0177]
[    0.281229] pci 0000:00:01.1: legacy IDE quirk: reg 0x1c: [io  0x0376]
[    0.281766] pci 0000:00:02.0: [15ad:0405] type 00 class 0x030000
[    0.283475] pci 0000:00:02.0: reg 0x10: [io  0xd010-0xd01f]
[    0.287439] pci 0000:00:02.0: reg 0x14: [mem 0xe0000000-0xe7ffffff pref]
[    0.290125] pci 0000:00:02.0: reg 0x18: [mem 0xf0000000-0xf01fffff]
[    0.300189] pci 0000:00:03.0: [1022:2000] type 00 class 0x020000
[    0.300859] pci 0000:00:03.0: reg 0x10: [io  0xd020-0xd03f]
[    0.301472] pci 0000:00:03.0: reg 0x14: [mem 0xf0200000-0xf0200fff]
[    0.306447] pci 0000:00:04.0: [80ee:cafe] type 00 class 0x088000
[    0.307125] pci 0000:00:04.0: reg 0x10: [io  0xd040-0xd05f]
[    0.307510] pci 0000:00:04.0: reg 0x14: [mem 0xf0400000-0xf07fffff]
[    0.308112] pci 0000:00:04.0: reg 0x18: [mem 0xf0800000-0xf0803fff pref]
[    0.311437] pci 0000:00:07.0: [8086:7113] type 00 class 0x068000
[    0.311974] pci 0000:00:07.0: quirk: [io  0x4000-0x403f] claimed by PIIX4 ACPI
[    0.311984] pci 0000:00:07.0: quirk: [io  0x4100-0x410f] claimed by PIIX4 SMB
[    0.312589] pci 0000:00:08.0: [8086:100e] type 00 class 0x020000
[    0.313288] pci 0000:00:08.0: reg 0x10: [mem 0xf0820000-0xf083ffff]
[    0.314437] pci 0000:00:08.0: reg 0x18: [io  0xd060-0xd067]
[    0.317543] pci 0000:00:09.0: [8086:100e] type 00 class 0x020000
[    0.318289] pci 0000:00:09.0: reg 0x10: [mem 0xf0840000-0xf085ffff]
[    0.320031] pci 0000:00:09.0: reg 0x18: [io  0xd068-0xd06f]
[    0.328503] ACPI: PCI Interrupt Link [LNKA] (IRQs 5 9 10 *11)
[    0.328786] ACPI: PCI Interrupt Link [LNKB] (IRQs 5 9 *10 11)
[    0.328885] ACPI: PCI Interrupt Link [LNKC] (IRQs 5 *9 10 11)
[    0.328990] ACPI: PCI Interrupt Link [LNKD] (IRQs 5 9 10 *11)
[    0.329246] iommu: Default domain type: Translated 
[    0.331457] pci 0000:00:02.0: vgaarb: setting as boot VGA device
[    0.331459] pci 0000:00:02.0: vgaarb: VGA device added: decodes=io+mem,owns=io+mem,locks=none
[    0.331460] pci 0000:00:02.0: vgaarb: bridge control possible
[    0.331461] vgaarb: loaded
[    0.331686] SCSI subsystem initialized
[    0.331720] libata version 3.00 loaded.
[    0.331741] ACPI: bus type USB registered
[    0.331759] usbcore: registered new interface driver usbfs
[    0.331765] usbcore: registered new interface driver hub
[    0.331774] usbcore: registered new device driver usb
[    0.331804] pps_core: LinuxPPS API ver. 1 registered
[    0.331805] pps_core: Software ver. 5.3.6 - Copyright 2005-2007 Rodolfo Giometti <giometti@linux.it>
[    0.331807] PTP clock support registered
[    0.331847] EDAC MC: Ver: 3.0.0
[    0.332150] PCI: Using ACPI for IRQ routing
[    0.332152] PCI: pci_cache_line_size set to 64 bytes
[    0.332323] e820: reserve RAM buffer [mem 0x0009fc00-0x0009ffff]
[    0.332327] e820: reserve RAM buffer [mem 0x7fff0000-0x7fffffff]
[    0.333542] NetLabel: Initializing
[    0.333543] NetLabel:  domain hash size = 128
[    0.333543] NetLabel:  protocols = UNLABELED CIPSOv4 CALIPSO
[    0.333565] NetLabel:  unlabeled traffic allowed by default
[    0.334611] clocksource: Switched to clocksource kvm-clock
[    0.348774] *** VALIDATE bpf ***
[    0.348850] VFS: Disk quotas dquot_6.6.0
[    0.348866] VFS: Dquot-cache hash table entries: 512 (order 0, 4096 bytes)
[    0.348894] *** VALIDATE ramfs ***
[    0.348897] *** VALIDATE hugetlbfs ***
[    0.348997] AppArmor: AppArmor Filesystem Enabled
[    0.349025] pnp: PnP ACPI init
[    0.349098] pnp 00:00: Plug and Play ACPI device, IDs PNP0303 (active)
[    0.349170] pnp 00:01: Plug and Play ACPI device, IDs PNP0f03 (active)
[    0.349908] pnp: PnP ACPI: found 2 devices
[    0.350925] thermal_sys: Registered thermal governor 'fair_share'
[    0.350925] thermal_sys: Registered thermal governor 'bang_bang'
[    0.350926] thermal_sys: Registered thermal governor 'step_wise'
[    0.350927] thermal_sys: Registered thermal governor 'user_space'
[    0.350927] thermal_sys: Registered thermal governor 'power_allocator'
[    0.355456] clocksource: acpi_pm: mask: 0xffffff max_cycles: 0xffffff, max_idle_ns: 2085701024 ns
[    0.355499] pci_bus 0000:00: resource 4 [io  0x0000-0x0cf7 window]
[    0.355500] pci_bus 0000:00: resource 5 [io  0x0d00-0xffff window]
[    0.355502] pci_bus 0000:00: resource 6 [mem 0x000a0000-0x000bffff window]
[    0.355503] pci_bus 0000:00: resource 7 [mem 0x80000000-0xfdffffff window]
[    0.355565] NET: Registered protocol family 2
[    0.355678] IP idents hash table entries: 32768 (order: 6, 262144 bytes, linear)
[    0.356140] MPTCP tokens hash table entries: 8192 (order: 4, 65536 bytes, linear)
[    0.356169] MPTCP request tokens hash table entries: 8192 (order: 4, 65536 bytes, linear)
[    0.356196] default registered
[    0.356197] default registered
[    0.356197] MPTCP: Stable release v0.96
[    0.356204] tcp_listen_portaddr_hash hash table entries: 1024 (order: 2, 16384 bytes, linear)
[    0.356340] TCP established hash table entries: 16384 (order: 5, 131072 bytes, linear)
[    0.356436] TCP bind hash table entries: 16384 (order: 6, 262144 bytes, linear)
[    0.356462] TCP: Hash tables configured (established 16384 bind 16384)
[    0.357517] UDP hash table entries: 1024 (order: 3, 32768 bytes, linear)
[    0.357534] UDP-Lite hash table entries: 1024 (order: 3, 32768 bytes, linear)
[    0.357572] NET: Registered protocol family 1
[    0.357582] NET: Registered protocol family 44
[    0.357601] pci 0000:00:00.0: Limiting direct PCI/PCI transfers
[    0.357613] pci 0000:00:01.0: Activating ISA DMA hang workarounds
[    0.357669] pci 0000:00:02.0: Video device with shadowed ROM at [mem 0x000c0000-0x000dffff]
[    0.357728] PCI: CLS 0 bytes, default 64
[    0.357785] Trying to unpack rootfs image as initramfs...
[    0.575524] Freeing initrd memory: 47868K
[    0.575644] clocksource: tsc: mask: 0xffffffffffffffff max_cycles: 0x1e4530a99b6, max_idle_ns: 440795257976 ns
[    0.575657] clocksource: Switched to clocksource tsc
[    0.575711] platform rtc_cmos: registered platform RTC device (no PNP device found)
[    0.575748] check: Scanning for low memory corruption every 60 seconds
[    0.576147] Initialise system trusted keyrings
[    0.576160] Key type blacklist registered
[    0.576213] workingset: timestamp_bits=36 max_order=19 bucket_order=0
[    0.577601] zbud: loaded
[    0.577986] squashfs: version 4.0 (2009/01/31) Phillip Lougher
[    0.578128] fuse: init (API version 7.31)
[    0.578146] *** VALIDATE fuse ***
[    0.578148] *** VALIDATE fuse ***
[    0.578258] Platform Keyring initialized
[    0.578258] Key type asymmetric registered
[    0.578258] Asymmetric key parser 'x509' registered
[    0.578258] Block layer SCSI generic (bsg) driver version 0.4 loaded (major 244)
[    0.578258] io scheduler mq-deadline registered
[    0.578258] shpchp: Standard Hot Plug PCI Controller Driver version: 0.4
[    0.581727] ACPI: AC Adapter [AC] (on-line)
[    0.581779] input: Power Button as /devices/LNXSYSTM:00/LNXPWRBN:00/input/input0
[    0.581810] ACPI: Power Button [PWRF]
[    0.581896] input: Sleep Button as /devices/LNXSYSTM:00/LNXSLPBN:00/input/input1
[    0.581912] ACPI: Sleep Button [SLPF]
[    0.582173] Serial: 8250/16550 driver, 32 ports, IRQ sharing enabled
[    0.583430] Linux agpgart interface v0.103
[    0.679228] loop: module loaded
[    0.679412] ata_piix 0000:00:01.1: version 2.13
[    0.679867] scsi host0: ata_piix
[    0.679978] scsi host1: ata_piix
[    0.680006] ata1: PATA max UDMA/33 cmd 0x1f0 ctl 0x3f6 bmdma 0xd000 irq 14
[    0.680007] ata2: PATA max UDMA/33 cmd 0x170 ctl 0x376 bmdma 0xd008 irq 15
[    0.680104] tun: Universal TUN/TAP device driver, 1.6
[    0.680424] PPP generic driver version 2.4.2
[    0.680470] VFIO - User Level meta-driver version: 0.3
[    0.680711] ehci_hcd: USB 2.0 'Enhanced' Host Controller (EHCI) Driver
[    0.680716] ehci-pci: EHCI PCI platform driver
[    0.680734] ehci-platform: EHCI generic platform driver
[    0.680740] ohci_hcd: USB 1.1 'Open' Host Controller (OHCI) Driver
[    0.680742] ohci-pci: OHCI PCI platform driver
[    0.680749] ohci-platform: OHCI generic platform driver
[    0.680754] uhci_hcd: USB Universal Host Controller Interface driver
[    0.680832] i8042: PNP: PS/2 Controller [PNP0303:PS2K,PNP0f03:PS2M] at 0x60,0x64 irq 1,12
[    0.681279] serio: i8042 KBD port at 0x60,0x64 irq 1
[    0.681283] serio: i8042 AUX port at 0x60,0x64 irq 12
[    0.681376] mousedev: PS/2 mouse device common for all mice
[    0.681648] input: AT Translated Set 2 keyboard as /devices/platform/i8042/serio0/input/input2
[    0.682061] rtc_cmos rtc_cmos: registered as rtc0
[    0.682076] rtc_cmos rtc_cmos: alarms up to one day, 114 bytes nvram
[    0.682081] i2c /dev entries driver
[    0.682129] device-mapper: uevent: version 1.0.3
[    0.682175] device-mapper: ioctl: 4.41.0-ioctl (2019-09-16) initialised: dm-devel@redhat.com
[    0.682193] platform eisa.0: Probing EISA bus 0
[    0.682194] platform eisa.0: EISA: Cannot allocate resource for mainboard
[    0.682196] platform eisa.0: Cannot allocate resource for EISA slot 1
[    0.682197] platform eisa.0: Cannot allocate resource for EISA slot 2
[    0.682198] platform eisa.0: Cannot allocate resource for EISA slot 3
[    0.682199] platform eisa.0: Cannot allocate resource for EISA slot 4
[    0.682200] platform eisa.0: Cannot allocate resource for EISA slot 5
[    0.682201] platform eisa.0: Cannot allocate resource for EISA slot 6
[    0.682202] platform eisa.0: Cannot allocate resource for EISA slot 7
[    0.682203] platform eisa.0: Cannot allocate resource for EISA slot 8
[    0.682204] platform eisa.0: EISA: Detected 0 cards
[    0.682208] intel_pstate: CPU model not supported
[    0.682217] ledtrig-cpu: registered to indicate activity on CPUs
[    0.682281] drop_monitor: Initializing network drop monitor service
[    0.682456] NET: Registered protocol family 10
[    0.687212] Segment Routing with IPv6
[    0.687212] fullmesh registered
[    0.687212] ndiffports registered
[    0.687212] binder registered
[    0.687212] roundrobin registered
[    0.687212] redundant registered
[    0.687212] blest registered
[    0.687212] ecf registered
[    0.687212] NET: Registered protocol family 17
[    0.687212] Key type dns_resolver registered
[    0.687212] RAS: Correctable Errors collector initialized.
[    0.687212] IPI shorthand broadcast: enabled
[    0.687212] sched_clock: Marking stable (672075545, 11137075)->(688043887, -4831267)
[    0.688197] registered taskstats version 1
[    0.688208] Loading compiled-in X.509 certificates
[    0.688805] Loaded X.509 cert 'Build time autogenerated kernel key: 6909f3744cebb3d0de528d5887b96a727de79b1e'
[    0.688827] zswap: loaded using pool lzo/zbud
[    0.688886] Key type ._fscrypt registered
[    0.688887] Key type .fscrypt registered
[    0.693415] Key type big_key registered
[    0.695613] Key type encrypted registered
[    0.695616] AppArmor: AppArmor sha1 policy hashing enabled
[    0.695625] ima: No TPM chip found, activating TPM-bypass!
[    0.695629] ima: Allocated hash algorithm: sha1
[    0.695635] ima: No architecture policies found
[    0.695646] evm: Initialising EVM extended attributes:
[    0.695646] evm: security.selinux
[    0.695647] evm: security.SMACK64
[    0.695647] evm: security.SMACK64EXEC
[    0.695648] evm: security.SMACK64TRANSMUTE
[    0.695648] evm: security.SMACK64MMAP
[    0.695648] evm: security.apparmor
[    0.695649] evm: security.ima
[    0.695650] evm: security.capability
[    0.695650] evm: HMAC attrs: 0x1
[    0.695978] PM:   Magic number: 10:58:144
[    0.695979] PM:   hash matches drivers/base/power/main.c:1831
[    0.695985] ata_port ata1: hash matches
[    0.695986]  ata1: hash matches
[    0.696109] rtc_cmos rtc_cmos: setting system clock to 2026-01-12T20:07:21 UTC (1768248441)
[    0.852459] ata1.00: ATA-6: VBOX HARDDISK, 1.0, max UDMA/133
[    0.852463] ata1.00: 209715200 sectors, multi 128: LBA 
[    0.852983] scsi 0:0:0:0: Direct-Access     ATA      VBOX HARDDISK    1.0  PQ: 0 ANSI: 5
[    0.853228] sd 0:0:0:0: [sda] 209715200 512-byte logical blocks: (107 GB/100 GiB)
[    0.853237] sd 0:0:0:0: [sda] Write Protect is off
[    0.853239] sd 0:0:0:0: [sda] Mode Sense: 00 3a 00 00
[    0.853252] sd 0:0:0:0: [sda] Write cache: enabled, read cache: enabled, doesn't support DPO or FUA
[    0.853521] sd 0:0:0:0: Attached scsi generic sg0 type 0
[    0.854078]  sda: sda1 sda2
[    0.863391] sd 0:0:0:0: [sda] Attached SCSI disk
[    0.866105] Freeing unused decrypted memory: 2040K
[    0.867242] Freeing unused kernel image memory: 2728K
[    0.867245] Write protecting the kernel read-only data: 22528k
[    0.868299] Freeing unused kernel image memory: 2036K
[    0.868915] Freeing unused kernel image memory: 1432K
[    0.885505] x86/mm: Checked W+X mappings: passed, no W+X pages found.
[    0.885509] Run /init as init process
[    0.985060] ACPI: Video Device [GFX0] (multi-head: yes  rom: no  post: no)
[    0.985144] input: Video Bus as /devices/LNXSYSTM:00/LNXSYBUS:00/PNP0A03:00/LNXVIDEO:00/input/input4
[    0.996907] pcnet32: pcnet32.c:v1.35 21.Apr.2008 tsbogend@alpha.franken.de
[    0.998466] piix4_smbus 0000:00:07.0: SMBus Host Controller at 0x4100, revision 0
[    1.001067] e1000: Intel(R) PRO/1000 Network Driver - version 7.3.21-k8-NAPI
[    1.001067] e1000: Copyright (c) 1999-2006 Intel Corporation.
[    1.015099] pcnet32: PCnet/FAST III 79C973 at 0xd020, 08:00:27:a4:ab:41 assigned IRQ 19
[    1.015146] pcnet32: Found PHY 0022:561b at address 0
[    1.015482] pcnet32: eth0: registered as PCnet/FAST III 79C973
[    1.018149] pcnet32: 1 cards_found
[    1.068496] pcnet32 0000:00:03.0 enp0s3: renamed from eth0
[    1.217228] input: ImExPS/2 Generic Explorer Mouse as /devices/platform/i8042/serio1/input/input5
[    1.415664] e1000 0000:00:08.0 eth0: (PCI:33MHz:32-bit) 08:00:27:c1:2d:4c
[    1.415669] e1000 0000:00:08.0 eth0: Intel(R) PRO/1000 Network Connection
[    1.795788] e1000 0000:00:09.0 eth1: (PCI:33MHz:32-bit) 08:00:27:d7:a8:8e
[    1.795791] e1000 0000:00:09.0 eth1: Intel(R) PRO/1000 Network Connection
[    1.797082] e1000 0000:00:09.0 enp0s9: renamed from eth1
[    1.798969] e1000 0000:00:08.0 enp0s8: renamed from eth0
[    2.587498] EXT4-fs (sda2): mounted filesystem with ordered data mode. Opts: (null)
[    2.780235] systemd[1]: Inserted module 'autofs4'
[    2.799518] systemd[1]: systemd 245.4-4ubuntu3 running in system mode. (+PAM +AUDIT +SELINUX +IMA +APPARMOR +SMACK +SYSVINIT +UTMP +LIBCRYPTSETUP +GCRYPT +GNUTLS +ACL +XZ +LZ4 +SECCOMP +BLKID +ELFUTILS +KMOD +IDN2 -IDN +PCRE2 default-hierarchy=hybrid)
[    2.799554] systemd[1]: Detected virtualization oracle.
[    2.799561] systemd[1]: Detected architecture x86-64.
[    2.801255] systemd[1]: Set hostname to <ztg>.
[    3.002655] systemd[1]: /lib/systemd/system/dbus.socket:5: ListenStream= references a path below legacy directory /var/run/, updating /var/run/dbus/system_bus_socket â†’ /run/dbus/system_bus_socket; please update the unit file accordingly.
[    3.088037] systemd[1]: Created slice system-modprobe.slice.
[    3.088230] systemd[1]: Created slice User and Session Slice.
[    3.088274] systemd[1]: Started Forward Password Requests to Wall Directory Watch.
[    3.088451] systemd[1]: Set up automount Arbitrary Executable File Formats File System Automount Point.
[    3.088483] systemd[1]: Reached target User and Group Name Lookups.
[    3.088492] systemd[1]: Reached target Remote File Systems.
[    3.088499] systemd[1]: Reached target Slices.
[    3.089108] systemd[1]: Listening on Syslog Socket.
[    3.089178] systemd[1]: Listening on fsck to fsckd communication Socket.
[    3.089217] systemd[1]: Listening on initctl Compatibility Named Pipe.
[    3.089364] systemd[1]: Listening on Journal Audit Socket.
[    3.089416] systemd[1]: Listening on Journal Socket (/dev/log).
[    3.089486] systemd[1]: Listening on Journal Socket.
[    3.089552] systemd[1]: Listening on udev Control Socket.
[    3.089592] systemd[1]: Listening on udev Kernel Socket.
[    3.090430] systemd[1]: Mounting Huge Pages File System...
[    3.091589] systemd[1]: Mounting POSIX Message Queue File System...
[    3.092577] systemd[1]: Mounting Kernel Debug File System...
[    3.093854] systemd[1]: Mounting Kernel Trace File System...
[    3.118487] systemd[1]: Starting Journal Service...
[    3.126866] systemd[1]: Starting Set the console keyboard layout...
[    3.128730] systemd[1]: Starting Create list of static device nodes for the current kernel...
[    3.133122] systemd[1]: Starting Load Kernel Module drm...
[    3.142996] systemd[1]: Condition check resulted in Set Up Additional Binary Formats being skipped.
[    3.143034] systemd[1]: Condition check resulted in File System Check on Root Device being skipped.
[    3.146469] systemd[1]: Starting Load Kernel Modules...
[    3.147243] systemd[1]: Starting Remount Root and Kernel File Systems...
[    3.148046] systemd[1]: Starting udev Coldplug all Devices...
[    3.148863] systemd[1]: Starting Uncomplicated firewall...
[    3.150379] systemd[1]: Mounted Huge Pages File System.
[    3.150471] systemd[1]: Mounted POSIX Message Queue File System.
[    3.150551] systemd[1]: Mounted Kernel Debug File System.
[    3.150628] systemd[1]: Mounted Kernel Trace File System.
[    3.201703] systemd[1]: Finished Create list of static device nodes for the current kernel.
[    3.206460] systemd[1]: Finished Uncomplicated firewall.
[    3.206720] systemd[1]: modprobe@drm.service: Succeeded.
[    3.207135] systemd[1]: Finished Load Kernel Module drm.
[    3.211555] EXT4-fs (sda2): re-mounted. Opts: errors=remount-ro
[    3.215719] systemd[1]: Finished Remount Root and Kernel File Systems.
[    3.218755] systemd[1]: Condition check resulted in Rebuild Hardware Database being skipped.
[    3.218790] systemd[1]: Condition check resulted in Platform Persistent Storage Archival being skipped.
[    3.220041] systemd[1]: Starting Load/Save Random Seed...
[    3.229307] systemd[1]: Starting Create System Users...
[    3.254907] systemd[1]: Finished Load/Save Random Seed.
[    3.261177] systemd[1]: Finished Create System Users.
[    3.261924] systemd[1]: Starting Create Static Device Nodes in /dev...
[    3.288367] lp: driver loaded but no devices found
[    3.296961] ppdev: user-space parallel port driver
[    3.306101] systemd[1]: Finished Create Static Device Nodes in /dev.
[    3.307008] systemd[1]: Starting udev Kernel Device Manager...
[    3.364665] systemd[1]: Finished udev Coldplug all Devices.
[    3.378365] [drm] DMA map mode: Caching DMA mappings.
[    3.378451] [drm] Capabilities:
[    3.378451] [drm]   Rect copy.
[    3.378451] [drm]   Cursor.
[    3.378452] [drm]   Cursor bypass.
[    3.378452] [drm]   Cursor bypass 2.
[    3.378452] [drm]   Alpha cursor.
[    3.378453] [drm]   Extended Fifo.
[    3.378453] [drm]   Pitchlock.
[    3.378453] [drm]   Irq mask.
[    3.378454] [drm]   GMR.
[    3.378454] [drm]   Traces.
[    3.378454] [drm]   GMR2.
[    3.378455] [drm]   Screen Object 2.
[    3.378455] [drm]   Command Buffers.
[    3.378455] [drm]   Command Buffers 2.
[    3.378456] [drm]   Guest Backed Resources.
[    3.378457] [drm] Max GMR ids is 8192
[    3.378458] [drm] Max number of GMR pages is 1048576
[    3.378458] [drm] Max dedicated hypervisor surface memory is 393216 kiB
[    3.378459] [drm] Maximum display memory size is 131072 kiB
[    3.378460] [drm] VRAM at 0xe0000000 size is 131072 kiB
[    3.378460] [drm] MMIO at 0xf0000000 size is 2048 kiB
[    3.378623] [TTM] Zone  kernel: Available graphics memory: 1011738 KiB
[    3.378624] [TTM] Initializing pool allocator
[    3.378627] [TTM] Initializing DMA pool allocator
[    3.378655] [drm] Supports vblank timestamp caching Rev 2 (21.10.2013).
[    3.378655] [drm] No driver support for vblank timestamp query.
[    3.378927] [drm] Screen Target Display device initialized
[    3.379283] [drm] width 720
[    3.379297] [drm] height 400
[    3.379300] [drm] bpp 32
[    3.379922] [drm] Fifo max 0x00200000 min 0x00001000 cap 0x00000355
[    3.382159] [drm] Using command buffers with DMA pool.
[    3.382163] [drm] DX: no.
[    3.382164] [drm] Atomic: yes.
[    3.382164] [drm] SM4_1: no.
[    3.382183] [drm:vmw_host_log [vmwgfx]] *ERROR* Failed to send host log message.
[    3.383127] [drm:vmw_host_log [vmwgfx]] *ERROR* Failed to send host log message.
[    3.407705] systemd[1]: Finished Set the console keyboard layout.
[    3.407821] systemd[1]: Reached target Local File Systems (Pre).
[    3.412604] systemd[1]: Mounting Mount unit for bare, revision 5...
[    3.424534] systemd[1]: Mounting Mount unit for core18, revision 1705...
[    3.429569] fbcon: svgadrmfb (fb0) is primary device
[    3.432116] Console: switching to colour frame buffer device 100x37
[    3.433180] systemd[1]: Mounting Mount unit for gnome-3-34-1804, revision 24...
[    3.439095] [drm] Initialized vmwgfx 2.15.0 20180704 for 0000:00:02.0 on minor 0
[    3.457882] systemd[1]: Mounting Mount unit for gtk-common-themes, revision 1506...
[    3.470338] systemd[1]: Mounting Mount unit for gtk-common-themes, revision 1535...
[    3.477560] systemd[1]: Mounting Mount unit for snap-store, revision 433...
[    3.503719] systemd[1]: Mounting Mount unit for snapd, revision 25935...
[    3.513367] systemd[1]: Mounting Mount unit for snapd, revision 7264...
[    3.531874] systemd[1]: Finished Load Kernel Modules.
[    3.532971] systemd[1]: Mounted Mount unit for bare, revision 5.
[    3.533080] systemd[1]: Mounted Mount unit for core18, revision 1705.
[    3.533167] systemd[1]: Mounted Mount unit for gnome-3-34-1804, revision 24.
[    3.557799] systemd[1]: Mounting FUSE Control File System...
[    3.563712] systemd[1]: Mounting Kernel Configuration File System...
[    3.577881] systemd[1]: Starting Apply Kernel Variables...
[    3.581933] systemd[1]: Started udev Kernel Device Manager.
[    3.582056] systemd[1]: Mounted Mount unit for gtk-common-themes, revision 1506.
[    3.582158] systemd[1]: Mounted Mount unit for gtk-common-themes, revision 1535.
[    3.592189] systemd[1]: Starting Show Plymouth Boot Screen...
[    3.596994] systemd[1]: Mounted Mount unit for snap-store, revision 433.
[    3.597127] systemd[1]: Mounted FUSE Control File System.
[    3.597227] systemd[1]: Mounted Kernel Configuration File System.
[    3.597785] systemd[1]: Received SIGRTMIN+20 from PID 283 (plymouthd).
[    3.597883] systemd[1]: Condition check resulted in VMware vmblock fuse mount being skipped.
[    3.623301] systemd[1]: Finished Apply Kernel Variables.
[    3.638850] systemd[1]: Started Show Plymouth Boot Screen.
[    3.639005] systemd[1]: Condition check resulted in Dispatch Password Requests to Console Directory Watch being skipped.
[    3.640294] systemd[1]: Started Forward Password Requests to Plymouth Directory Watch.
[    3.641313] systemd[1]: Reached target Local Encrypted Volumes.
[    3.643136] systemd[1]: Mounted Mount unit for snapd, revision 25935.
[    3.656385] systemd[1]: Mounted Mount unit for snapd, revision 7264.
[    3.656552] systemd[1]: Reached target Local File Systems.
[    3.657481] systemd[1]: Starting Load AppArmor profiles...
[    3.658408] systemd[1]: Starting Set console font and keymap...
[    3.672295] systemd[1]: Starting Tell Plymouth To Write Out Runtime Data...
[    3.672411] systemd[1]: Condition check resulted in Store a System Token in an EFI Variable being skipped.
[    3.672443] systemd[1]: Condition check resulted in Commit a transient machine-id on disk being skipped.
[    3.675201] systemd[1]: Finished Set console font and keymap.
[    3.682428] systemd[1]: Received SIGRTMIN+20 from PID 283 (plymouthd).
[    3.684007] systemd[1]: plymouth-read-write.service: Succeeded.
[    3.684303] systemd[1]: Finished Tell Plymouth To Write Out Runtime Data.
[    3.713818] audit: type=1400 audit(1768248444.512:2): apparmor="STATUS" operation="profile_load" profile="unconfined" name="nvidia_modprobe" pid=301 comm="apparmor_parser"
[    3.713821] audit: type=1400 audit(1768248444.512:3): apparmor="STATUS" operation="profile_load" profile="unconfined" name="nvidia_modprobe//kmod" pid=301 comm="apparmor_parser"
[    3.738765] audit: type=1400 audit(1768248444.536:4): apparmor="STATUS" operation="profile_load" profile="unconfined" name="/usr/sbin/tcpdump" pid=302 comm="apparmor_parser"
[    3.785523] audit: type=1400 audit(1768248444.580:5): apparmor="STATUS" operation="profile_load" profile="unconfined" name="/usr/bin/evince" pid=304 comm="apparmor_parser"
[    3.785526] audit: type=1400 audit(1768248444.580:6): apparmor="STATUS" operation="profile_load" profile="unconfined" name="/usr/bin/evince//sanitized_helper" pid=304 comm="apparmor_parser"
[    3.785527] audit: type=1400 audit(1768248444.580:7): apparmor="STATUS" operation="profile_load" profile="unconfined" name="/usr/bin/evince-previewer" pid=304 comm="apparmor_parser"
[    3.785529] audit: type=1400 audit(1768248444.580:8): apparmor="STATUS" operation="profile_load" profile="unconfined" name="/usr/bin/evince-previewer//sanitized_helper" pid=304 comm="apparmor_parser"
[    3.785531] audit: type=1400 audit(1768248444.580:9): apparmor="STATUS" operation="profile_load" profile="unconfined" name="/usr/bin/evince-thumbnailer" pid=304 comm="apparmor_parser"
[    3.800068] audit: type=1400 audit(1768248444.596:10): apparmor="STATUS" operation="profile_load" profile="unconfined" name="/usr/lib/cups/backend/cups-pdf" pid=305 comm="apparmor_parser"
[    3.884507] systemd[1]: Finished Load AppArmor profiles.
[    3.885659] systemd[1]: Starting Load AppArmor profiles managed internally by snapd...
[    4.243858] systemd[1]: Started Journal Service.
[    4.251525] systemd-journald[229]: Received client request to flush runtime journal.
[    4.255755] systemd-journald[229]: File /var/log/journal/c455b248004a419c87ce85eea238d727/system.journal corrupted or uncleanly shut down, renaming and replacing.
[    6.214937] kauditd_printk_skb: 24 callbacks suppressed
[    6.214938] audit: type=1400 audit(1768248447.012:35): apparmor="STATUS" operation="profile_load" profile="unconfined" name="/snap/snapd/25935/usr/lib/snapd/snap-confine" pid=324 comm="apparmor_parser"
[    6.215508] audit: type=1400 audit(1768248447.012:36): apparmor="STATUS" operation="profile_load" profile="unconfined" name="/snap/snapd/25935/usr/lib/snapd/snap-confine//mount-namespace-capture-helper" pid=324 comm="apparmor_parser"
[    6.220183] audit: type=1400 audit(1768248447.020:37): apparmor="STATUS" operation="profile_load" profile="unconfined" name="snap.snap-store.snap-store" pid=342 comm="apparmor_parser"
[    6.223078] audit: type=1400 audit(1768248447.020:38): apparmor="STATUS" operation="profile_load" profile="unconfined" name="snap.snap-store.ubuntu-software" pid=343 comm="apparmor_parser"
[    6.224703] audit: type=1400 audit(1768248447.024:39): apparmor="STATUS" operation="profile_load" profile="unconfined" name="snap.snap-store.ubuntu-software-local-file" pid=344 comm="apparmor_parser"
[    6.254063] RAPL PMU: API unit is 2^-32 Joules, 0 fixed counters, 10737418240 ms ovfl timer
[    6.411755] cryptd: max_cpu_qlen set to 1000
[    6.502687] AVX2 version of gcm_enc/dec engaged.
[    6.502689] AES CTR mode by8 optimization enabled
[    8.028278] audit: type=1400 audit(1768248448.828:40): apparmor="STATUS" operation="profile_load" profile="unconfined" name="snap-update-ns.snap-store" pid=345 comm="apparmor_parser"
[    8.089840] Adding 1998844k swap on /dev/sda1.  Priority:-2 extents:1 across:1998844k FS
[    9.134591] audit: type=1400 audit(1768248449.932:41): apparmor="DENIED" operation="capable" profile="/usr/sbin/cups-browsed" pid=515 comm="cups-browsed" capability=23  capname="sys_nice"
[   10.616617] pcnet32 0000:00:03.0 enp0s3: link up, 100Mbps, full-duplex
[   10.653256] e1000: enp0s8 NIC Link is Up 1000 Mbps Full Duplex, Flow Control: RX
[   10.653533] IPv6: ADDRCONF(NETDEV_CHANGE): enp0s8: link becomes ready
[   10.665342] e1000: enp0s9 NIC Link is Up 1000 Mbps Full Duplex, Flow Control: RX
[   10.665646] IPv6: ADDRCONF(NETDEV_CHANGE): enp0s9: link becomes ready
[   11.205971] device enp0s3 entered promiscuous mode
[   11.232839] audit: type=1400 audit(1768248452.032:42): apparmor="DENIED" operation="open" profile="/usr/sbin/tcpdump" name="/proc/sys/kernel/random/boot_id" pid=676 comm="tcpdump" requested_mask="r" denied_mask="r" fsuid=0 ouid=0
[   11.233078] audit: type=1400 audit(1768248452.032:43): apparmor="DENIED" operation="open" profile="/usr/sbin/tcpdump" name="/proc/sys/kernel/random/boot_id" pid=676 comm="tcpdump" requested_mask="r" denied_mask="r" fsuid=0 ouid=0
[   11.233151] audit: type=1400 audit(1768248452.032:44): apparmor="DENIED" operation="open" profile="/usr/sbin/tcpdump" name="/proc/sys/kernel/random/boot_id" pid=676 comm="tcpdump" requested_mask="r" denied_mask="r" fsuid=0 ouid=0
[   11.233243] audit: type=1400 audit(1768248452.032:45): apparmor="DENIED" operation="open" profile="/usr/sbin/tcpdump" name="/proc/sys/kernel/random/boot_id" pid=676 comm="tcpdump" requested_mask="r" denied_mask="r" fsuid=0 ouid=0
[   11.235853] audit: type=1400 audit(1768248452.032:46): apparmor="DENIED" operation="open" profile="/usr/sbin/tcpdump" name="/proc/sys/kernel/random/boot_id" pid=677 comm="tcpdump" requested_mask="r" denied_mask="r" fsuid=0 ouid=0
[   11.236075] audit: type=1400 audit(1768248452.032:47): apparmor="DENIED" operation="open" profile="/usr/sbin/tcpdump" name="/proc/sys/kernel/random/boot_id" pid=677 comm="tcpdump" requested_mask="r" denied_mask="r" fsuid=0 ouid=0
[   11.236120] audit: type=1400 audit(1768248452.032:48): apparmor="DENIED" operation="open" profile="/usr/sbin/tcpdump" name="/proc/sys/kernel/random/boot_id" pid=677 comm="tcpdump" requested_mask="r" denied_mask="r" fsuid=0 ouid=0
[   11.236181] audit: type=1400 audit(1768248452.032:49): apparmor="DENIED" operation="open" profile="/usr/sbin/tcpdump" name="/proc/sys/kernel/random/boot_id" pid=677 comm="tcpdump" requested_mask="r" denied_mask="r" fsuid=0 ouid=0
[   16.134091] rfkill: input handler disabled
[   32.334602] audit: type=1400 audit(1768248473.128:50): apparmor="STATUS" operation="profile_replace" profile="unconfined" name="/snap/snapd/25935/usr/lib/snapd/snap-confine" pid=1099 comm="apparmor_parser"
[   32.334758] audit: type=1400 audit(1768248473.128:51): apparmor="STATUS" operation="profile_replace" profile="unconfined" name="/snap/snapd/25935/usr/lib/snapd/snap-confine//mount-namespace-capture-helper" pid=1099 comm="apparmor_parser"
[   35.470655] audit: type=1400 audit(1768248476.268:52): apparmor="STATUS" operation="profile_replace" profile="unconfined" name="/snap/snapd/25935/usr/lib/snapd/snap-confine" pid=1228 comm="apparmor_parser"
[   35.471119] audit: type=1400 audit(1768248476.268:53): apparmor="STATUS" operation="profile_replace" profile="unconfined" name="/snap/snapd/25935/usr/lib/snapd/snap-confine//mount-namespace-capture-helper" pid=1228 comm="apparmor_parser"
[   37.179459] audit: type=1400 audit(1768248477.980:54): apparmor="STATUS" operation="profile_replace" profile="unconfined" name="snap-update-ns.snap-store" pid=1230 comm="apparmor_parser"
[   37.436737] audit: type=1400 audit(1768248478.236:55): apparmor="STATUS" operation="profile_replace" profile="unconfined" name="snap.snap-store.snap-store" pid=1231 comm="apparmor_parser"
[   37.693011] audit: type=1400 audit(1768248478.488:56): apparmor="STATUS" operation="profile_replace" profile="unconfined" name="snap.snap-store.ubuntu-software" pid=1232 comm="apparmor_parser"
[   37.959100] audit: type=1400 audit(1768248478.748:57): apparmor="STATUS" operation="profile_replace" profile="unconfined" name="snap.snap-store.ubuntu-software-local-file" pid=1233 comm="apparmor_parser"
[   73.735307] audit: type=1400 audit(1768248514.532:58): apparmor="STATUS" operation="profile_replace" profile="unconfined" name="/snap/snapd/25935/usr/lib/snapd/snap-confine" pid=1506 comm="apparmor_parser"
[   73.735454] audit: type=1400 audit(1768248514.532:59): apparmor="STATUS" operation="profile_replace" profile="unconfined" name="/snap/snapd/25935/usr/lib/snapd/snap-confine//mount-namespace-capture-helper" pid=1506 comm="apparmor_parser"
[   75.674913] audit: type=1400 audit(1768248516.476:60): apparmor="STATUS" operation="profile_replace" profile="unconfined" name="snap-update-ns.snap-store" pid=1508 comm="apparmor_parser"
[   76.188001] audit: type=1400 audit(1768248516.980:61): apparmor="STATUS" operation="profile_replace" profile="unconfined" name="snap.snap-store.snap-store" pid=1509 comm="apparmor_parser"
[   76.679923] audit: type=1400 audit(1768248517.476:62): apparmor="STATUS" operation="profile_replace" profile="unconfined" name="snap.snap-store.ubuntu-software" pid=1512 comm="apparmor_parser"
[   77.171797] audit: type=1400 audit(1768248517.972:63): apparmor="STATUS" operation="profile_replace" profile="unconfined" name="snap.snap-store.ubuntu-software-local-file" pid=1513 comm="apparmor_parser"
[  623.675908] AAAAA-TCP_FORW: name:enp0s3: saddr:16783984: daddr:100932208
[  623.794803] AAAAA-TCP_FORW: name:enp0s3: saddr:16783984: daddr:100932208
[  623.982309] AAAAA-TCP_FORW: name:enp0s3: saddr:16783984: daddr:100932208
[  624.157959] AAAAA-TCP_FORW: name:enp0s3: saddr:16783984: daddr:100932208
[  624.514154] AAAAA-TCP_FORW: name:enp0s3: saddr:33561200: daddr:100932208
[  624.808129] AAAAA-TCP_FORW: name:enp0s3: saddr:33561200: daddr:100932208
[  625.055779] AAAAA-TCP_FORW: name:enp0s3: saddr:33561200: daddr:100932208
[  655.162354] AAAAA-TCP_FORW: name:enp0s3: saddr:100932208: daddr:16783984
[  655.238112] AAAAA-TCP_FORW: name:enp0s3: saddr:100932208: daddr:16783984
[  655.280389] AAAAA-TCP_FORW: name:enp0s3: saddr:100932208: daddr:16783984
[  655.309570] AAAAA-TCP_FORW: name:enp0s3: saddr:100932208: daddr:16783984
[  655.503189] AAAAA-TCP_FORW: name:enp0s3: saddr:100932208: daddr:16783984
[  655.695870] AAAAA-TCP_FORW: name:enp0s3: saddr:100932208: daddr:16783984
[  655.716862] AAAAA-TCP_FORW: name:enp0s3: saddr:16783984: daddr:100932208
[  655.818593] AAAAA-TCP_FORW: name:enp0s3: saddr:100932208: daddr:16783984
[  656.051733] AAAAA-TCP_FORW: name:enp0s3: saddr:100932208: daddr:16783984
[  656.140918] AAAAA-TCP_FORW: name:enp0s3: saddr:100932208: daddr:16783984
[  656.292368] AAAAA-TCP_FORW: name:enp0s3: saddr:100932208: daddr:16783984
[  656.412017] AAAAA-TCP_FORW: name:enp0s3: saddr:100932208: daddr:16783984
[  656.585677] AAAAA-TCP_FORW: name:enp0s3: saddr:100932208: daddr:16783984
[  656.761731] AAAAA-TCP_FORW: name:enp0s3: saddr:100932208: daddr:16783984
[  656.922911] AAAAA-TCP_FORW: name:enp0s3: saddr:100932208: daddr:16783984
[  657.015755] AAAAA-TCP_FORW: name:enp0s3: saddr:100932208: daddr:16783984
[  657.175551] AAAAA-TCP_FORW: name:enp0s3: saddr:100932208: daddr:16783984
[  657.361750] AAAAA-TCP_FORW: name:enp0s3: saddr:100932208: daddr:16783984
[  657.443458] AAAAA-TCP_FORW: name:enp0s3: saddr:100932208: daddr:16783984
[  657.556139] AAAAA-TCP_FORW: name:enp0s3: saddr:100932208: daddr:16783984
[  657.648176] AAAAA-TCP_FORW: name:enp0s3: saddr:100932208: daddr:16783984
[  657.705756] AAAAA-TCP_FORW: name:enp0s3: saddr:100932208: daddr:16783984
[  657.767870] AAAAA-TCP_FORW: name:enp0s3: saddr:100932208: daddr:16783984
[  657.868712] AAAAA-TCP_FORW: name:enp0s3: saddr:100932208: daddr:16783984
[  657.964851] AAAAA-TCP_FORW: name:enp0s3: saddr:100932208: daddr:33561200
[  658.036485] AAAAA-TCP_FORW: name:enp0s3: saddr:100932208: daddr:33561200
[  658.090623] AAAAA-TCP_FORW: name:enp0s3: saddr:100932208: daddr:33561200
[  658.139171] AAAAA-TCP_FORW: name:enp0s3: saddr:16783984: daddr:100932208
[  658.199716] AAAAA-TCP_FORW: name:enp0s3: saddr:100932208: daddr:33561200
[  658.249061] AAAAA-TCP_FORW: name:enp0s3: saddr:100932208: daddr:33561200
[  658.369339] AAAAA-TCP_FORW: name:enp0s3: saddr:16783984: daddr:100932208
[  658.376599] AAAAA-TCP_FORW: name:enp0s3: saddr:100932208: daddr:33561200
[  658.506488] AAAAA-TCP_FORW: name:enp0s3: saddr:100932208: daddr:33561200
[  658.543218] AAAAA-TCP_FORW: name:enp0s3: saddr:100932208: daddr:33561200
[  658.648989] AAAAA-TCP_FORW: name:enp0s3: saddr:100932208: daddr:33561200
[  658.688020] AAAAA-TCP_FORW: name:enp0s3: saddr:100932208: daddr:33561200
[  658.742226] AAAAA-TCP_FORW: name:enp0s3: saddr:100932208: daddr:33561200
[  658.819012] AAAAA-TCP_FORW: name:enp0s3: saddr:100932208: daddr:33561200
[  658.869036] AAAAA-TCP_FORW: name:enp0s3: saddr:100932208: daddr:33561200
[  659.161809] AAAAA-TCP_FORW: name:enp0s3: saddr:16783984: daddr:100932208
[  659.444447] AAAAA-TCP_FORW: name:enp0s3: saddr:16783984: daddr:100932208
[  660.181516] AAAAA-TCP_FORW: name:enp0s3: saddr:16783984: daddr:100932208
[  660.739921] AAAAA-TCP_FORW: name:enp0s3: saddr:16783984: daddr:100932208
[  660.950524] AAAAA-TCP_FORW: name:enp0s3: saddr:16783984: daddr:100932208
[  661.083097] AAAAA-TCP_FORW: name:enp0s3: saddr:16783984: daddr:100932208
[  661.629557] AAAAA-TCP_FORW: name:enp0s3: saddr:16783984: daddr:100932208
[  661.905837] AAAAA-TCP_FORW: name:enp0s3: saddr:16783984: daddr:100932208
[  662.247265] AAAAA-TCP_FORW: name:enp0s3: saddr:16783984: daddr:100932208
[  662.368242] AAAAA-TCP_FORW: name:enp0s3: saddr:100932208: daddr:16783984
[  662.470603] AAAAA-TCP_FORW: name:enp0s3: saddr:100932208: daddr:16783984
[  662.489710] AAAAA-TCP_FORW: name:enp0s3: saddr:16783984: daddr:100932208
[  662.527298] AAAAA-TCP_FORW: name:enp0s3: saddr:100932208: daddr:16783984
[  662.590772] AAAAA-TCP_FORW: name:enp0s3: saddr:100932208: daddr:16783984
[  662.690216] AAAAA-TCP_FORW: name:enp0s3: saddr:100932208: daddr:16783984
[  662.790805] AAAAA-TCP_FORW: name:enp0s3: saddr:100932208: daddr:16783984
[  662.815708] AAAAA-TCP_FORW: name:enp0s3: saddr:16783984: daddr:100932208
[  663.806297] AAAAA-TCP_FORW: name:enp0s3: saddr:16783984: daddr:100932208
[  663.999131] AAAAA-TCP_FORW: name:enp0s3: saddr:16783984: daddr:100932208
[  664.582139] AAAAA-TCP_FORW: name:enp0s3: saddr:16783984: daddr:100932208
[  665.284695] AAAAA-TCP_FORW: name:enp0s3: saddr:16783984: daddr:100932208
[  666.349084] AAAAA-TCP_FORW: name:enp0s3: saddr:16783984: daddr:100932208
[  666.440163] AAAAA-TCP_FORW: name:enp0s3: saddr:16783984: daddr:100932208
[  674.599111] AAAAA-TCP_FORW: name:enp0s3: saddr:16783984: daddr:100932208
[  674.851844] AAAAA-TCP_FORW: name:enp0s3: saddr:16783984: daddr:100932208
[  675.673317] AAAAA-TCP_FORW: name:enp0s3: saddr:16783984: daddr:100932208
[  675.846676] AAAAA-TCP_FORW: name:enp0s3: saddr:16783984: daddr:100932208
[  675.963847] AAAAA-TCP_FORW: name:enp0s3: saddr:16783984: daddr:100932208
[  676.602821] AAAAA-TCP_FORW: name:enp0s3: saddr:16783984: daddr:100932208
[  676.722314] AAAAA-TCP_FORW: name:enp0s3: saddr:16783984: daddr:100932208
[  676.880572] AAAAA-TCP_FORW: name:enp0s3: saddr:16783984: daddr:100932208
[  676.978842] AAAAA-TCP_FORW: name:enp0s3: saddr:16783984: daddr:100932208
[  677.116234] AAAAA-TCP_FORW: name:enp0s3: saddr:16783984: daddr:100932208
[  677.361619] AAAAA-TCP_FORW: name:enp0s3: saddr:16783984: daddr:100932208
[  677.480476] AAAAA-TCP_FORW: name:enp0s3: saddr:16783984: daddr:100932208
[  677.762276] AAAAA-TCP_FORW: name:enp0s3: saddr:16783984: daddr:100932208
[  677.947583] AAAAA-TCP_FORW: name:enp0s3: saddr:16783984: daddr:100932208
[  678.184232] AAAAA-TCP_FORW: name:enp0s3: saddr:16783984: daddr:100932208
[  678.311407] AAAAA-TCP_FORW: name:enp0s3: saddr:16783984: daddr:100932208
[  678.412061] AAAAA-TCP_FORW: name:enp0s3: saddr:16783984: daddr:100932208
[  678.512867] AAAAA-TCP_FORW: name:enp0s3: saddr:16783984: daddr:100932208
[  678.708145] AAAAA-TCP_FORW: name:enp0s3: saddr:16783984: daddr:100932208
[  679.041510] AAAAA-TCP_FORW: name:enp0s3: saddr:16783984: daddr:100932208
[  679.220758] AAAAA-TCP_FORW: name:enp0s3: saddr:16783984: daddr:100932208
[  679.386134] AAAAA-TCP_FORW: name:enp0s3: saddr:16783984: daddr:100932208
[  679.490204] AAAAA-TCP_FORW: name:enp0s3: saddr:16783984: daddr:100932208
[  679.666562] AAAAA-TCP_FORW: name:enp0s3: saddr:16783984: daddr:100932208
[  679.848254] AAAAA-TCP_FORW: name:enp0s3: saddr:16783984: daddr:100932208
[  679.997027] AAAAA-TCP_FORW: name:enp0s3: saddr:16783984: daddr:100932208
[  680.134050] AAAAA-TCP_FORW: name:enp0s3: saddr:16783984: daddr:100932208
[  680.243426] AAAAA-TCP_FORW: name:enp0s3: saddr:16783984: daddr:100932208
[  680.337983] AAAAA-TCP_FORW: name:enp0s3: saddr:16783984: daddr:100932208
[  680.549848] AAAAA-TCP_FORW: name:enp0s3: saddr:16783984: daddr:100932208
[  680.736558] AAAAA-TCP_FORW: name:enp0s3: saddr:33561200: daddr:100932208
[  680.884511] AAAAA-TCP_FORW: name:enp0s3: saddr:16783984: daddr:100932208
[  680.997998] AAAAA-TCP_FORW: name:enp0s3: saddr:16783984: daddr:100932208
[  681.152717] AAAAA-TCP_FORW: name:enp0s3: saddr:16783984: daddr:100932208
[  681.295116] AAAAA-TCP_FORW: name:enp0s3: saddr:16783984: daddr:100932208
[  681.555012] AAAAA-TCP_FORW: name:enp0s3: saddr:16783984: daddr:100932208
[  681.977533] AAAAA-TCP_FORW: name:enp0s3: saddr:16783984: daddr:100932208
[  682.111229] AAAAA-TCP_FORW: name:enp0s3: saddr:16783984: daddr:100932208
[  682.299353] AAAAA-TCP_FORW: name:enp0s3: saddr:16783984: daddr:100932208
[  682.402617] AAAAA-TCP_FORW: name:enp0s3: saddr:16783984: daddr:100932208
[  682.481316] AAAAA-TCP_FORW: name:enp0s3: saddr:16783984: daddr:100932208
[  682.595423] AAAAA-TCP_FORW: name:enp0s3: saddr:16783984: daddr:100932208
[  682.751616] AAAAA-TCP_FORW: name:enp0s3: saddr:16783984: daddr:100932208
[  682.910122] AAAAA-TCP_FORW: name:enp0s3: saddr:16783984: daddr:100932208
[  683.027952] AAAAA-TCP_FORW: name:enp0s3: saddr:16783984: daddr:100932208
[  683.139366] AAAAA-TCP_FORW: name:enp0s3: saddr:16783984: daddr:100932208
[  683.449217] AAAAA-TCP_FORW: name:enp0s3: saddr:33561200: daddr:100932208
[  683.677779] AAAAA-TCP_FORW: name:enp0s3: saddr:33561200: daddr:100932208
[  683.839754] AAAAA-TCP_FORW: name:enp0s3: saddr:33561200: daddr:100932208
[  683.936185] AAAAA-TCP_FORW: name:enp0s3: saddr:16783984: daddr:100932208
[  684.093283] AAAAA-TCP_FORW: name:enp0s3: saddr:16783984: daddr:100932208
[  684.253078] AAAAA-TCP_FORW: name:enp0s3: saddr:16783984: daddr:100932208
[  684.341875] AAAAA-TCP_FORW: name:enp0s3: saddr:16783984: daddr:100932208
[  684.423771] AAAAA-TCP_FORW: name:enp0s3: saddr:16783984: daddr:100932208
[  684.521745] AAAAA-TCP_FORW: name:enp0s3: saddr:16783984: daddr:100932208
[  684.647889] AAAAA-TCP_FORW: name:enp0s3: saddr:16783984: daddr:100932208
[  684.746210] AAAAA-TCP_FORW: name:enp0s3: saddr:16783984: daddr:100932208
[  684.926474] AAAAA-TCP_FORW: name:enp0s3: saddr:16783984: daddr:100932208
[  685.013149] AAAAA-TCP_FORW: name:enp0s3: saddr:16783984: daddr:100932208
[  685.136043] AAAAA-TCP_FORW: name:enp0s3: saddr:16783984: daddr:100932208
[  685.250956] AAAAA-TCP_FORW: name:enp0s3: saddr:16783984: daddr:100932208
[  685.414343] AAAAA-TCP_FORW: name:enp0s3: saddr:16783984: daddr:100932208
[  685.571334] AAAAA-TCP_FORW: name:enp0s3: saddr:16783984: daddr:100932208
[  685.858600] AAAAA-TCP_FORW: name:enp0s3: saddr:33561200: daddr:100932208
[  686.013899] AAAAA-TCP_FORW: name:enp0s3: saddr:33561200: daddr:100932208
[  686.105868] AAAAA-TCP_FORW: name:enp0s3: saddr:33561200: daddr:100932208
[  686.271841] AAAAA-TCP_FORW: name:enp0s3: saddr:33561200: daddr:100932208
[  686.350437] AAAAA-TCP_FORW: name:enp0s3: saddr:16783984: daddr:100932208
[  686.462304] AAAAA-TCP_FORW: name:enp0s3: saddr:16783984: daddr:100932208
[  686.552858] AAAAA-TCP_FORW: name:enp0s3: saddr:16783984: daddr:100932208
[  686.635368] AAAAA-TCP_FORW: name:enp0s3: saddr:16783984: daddr:100932208
[  686.758626] AAAAA-TCP_FORW: name:enp0s3: saddr:16783984: daddr:100932208
[  686.866905] AAAAA-TCP_FORW: name:enp0s3: saddr:16783984: daddr:100932208
[  687.115556] AAAAA-TCP_FORW: name:enp0s3: saddr:16783984: daddr:100932208
[  687.261127] AAAAA-TCP_FORW: name:enp0s3: saddr:16783984: daddr:100932208
[  687.551667] AAAAA-TCP_FORW: name:enp0s3: saddr:16783984: daddr:100932208
[  687.947458] AAAAA-TCP_FORW: name:enp0s3: saddr:33561200: daddr:100932208
[  688.080005] AAAAA-TCP_FORW: name:enp0s3: saddr:33561200: daddr:100932208
[  688.380950] AAAAA-TCP_FORW: name:enp0s3: saddr:33561200: daddr:100932208
[  688.423296] AAAAA-TCP_FORW: name:enp0s3: saddr:33561200: daddr:100932208
[  688.525629] AAAAA-TCP_FORW: name:enp0s3: saddr:33561200: daddr:100932208
[  688.635367] AAAAA-TCP_FORW: name:enp0s3: saddr:33561200: daddr:100932208
[  688.832933] AAAAA-TCP_FORW: name:enp0s3: saddr:33561200: daddr:100932208
[  688.985597] AAAAA-TCP_FORW: name:enp0s3: saddr:16783984: daddr:100932208
[  689.083487] AAAAA-TCP_FORW: name:enp0s3: saddr:16783984: daddr:100932208
[  689.205235] AAAAA-TCP_FORW: name:enp0s3: saddr:16783984: daddr:100932208
[  689.323326] AAAAA-TCP_FORW: name:enp0s3: saddr:16783984: daddr:100932208
[  689.403072] AAAAA-TCP_FORW: name:enp0s3: saddr:16783984: daddr:100932208
[  689.484808] AAAAA-TCP_FORW: name:enp0s3: saddr:16783984: daddr:100932208
[  689.630376] AAAAA-TCP_FORW: name:enp0s3: saddr:16783984: daddr:100932208
[  689.699847] AAAAA-TCP_FORW: name:enp0s3: saddr:16783984: daddr:100932208
[  689.742043] AAAAA-TCP_FORW: name:enp0s3: saddr:16783984: daddr:100932208
[  689.820866] AAAAA-TCP_FORW: name:enp0s3: saddr:16783984: daddr:100932208
[  689.877719] AAAAA-TCP_FORW: name:enp0s3: saddr:33561200: daddr:100932208
[  689.909719] AAAAA-TCP_FORW: name:enp0s3: saddr:33561200: daddr:100932208
[  690.001807] AAAAA-TCP_FORW: name:enp0s3: saddr:33561200: daddr:100932208
[  690.077540] AAAAA-TCP_FORW: name:enp0s3: saddr:33561200: daddr:100932208
[  690.258509] AAAAA-TCP_FORW: name:enp0s3: saddr:33561200: daddr:100932208
[  690.352324] AAAAA-TCP_FORW: name:enp0s3: saddr:33561200: daddr:100932208
[  690.586483] AAAAA-TCP_FORW: name:enp0s3: saddr:33561200: daddr:100932208
[  690.660978] AAAAA-TCP_FORW: name:enp0s3: saddr:33561200: daddr:100932208
[  690.854056] AAAAA-TCP_FORW: name:enp0s3: saddr:16783984: daddr:100932208
[  691.004348] AAAAA-TCP_FORW: name:enp0s3: saddr:16783984: daddr:100932208
[  691.068744] AAAAA-TCP_FORW: name:enp0s3: saddr:16783984: daddr:100932208
[  691.221023] AAAAA-TCP_FORW: name:enp0s3: saddr:16783984: daddr:100932208
[  691.316061] AAAAA-TCP_FORW: name:enp0s3: saddr:16783984: daddr:100932208
[  691.400361] AAAAA-TCP_FORW: name:enp0s3: saddr:16783984: daddr:100932208
[  691.554439] AAAAA-TCP_FORW: name:enp0s3: saddr:16783984: daddr:100932208
[  691.643967] AAAAA-TCP_FORW: name:enp0s3: saddr:16783984: daddr:100932208
[  691.708228] AAAAA-TCP_FORW: name:enp0s3: saddr:16783984: daddr:100932208
[  691.773485] AAAAA-TCP_FORW: name:enp0s3: saddr:16783984: daddr:100932208
[  691.862577] AAAAA-TCP_FORW: name:enp0s3: saddr:33561200: daddr:100932208
[  691.965277] AAAAA-TCP_FORW: name:enp0s3: saddr:33561200: daddr:100932208
[  692.054682] AAAAA-TCP_FORW: name:enp0s3: saddr:33561200: daddr:100932208
[  692.176038] AAAAA-TCP_FORW: name:enp0s3: saddr:33561200: daddr:100932208
[  692.224498] AAAAA-TCP_FORW: name:enp0s3: saddr:33561200: daddr:100932208
[  692.337150] AAAAA-TCP_FORW: name:enp0s3: saddr:33561200: daddr:100932208
[  692.388545] AAAAA-TCP_FORW: name:enp0s3: saddr:33561200: daddr:100932208
[  692.463837] AAAAA-TCP_FORW: name:enp0s3: saddr:33561200: daddr:100932208
[  692.495586] AAAAA-TCP_FORW: name:enp0s3: saddr:16783984: daddr:100932208
[  692.533967] AAAAA-TCP_FORW: name:enp0s3: saddr:16783984: daddr:100932208
[  692.646071] AAAAA-TCP_FORW: name:enp0s3: saddr:16783984: daddr:100932208
[  692.776229] AAAAA-TCP_FORW: name:enp0s3: saddr:16783984: daddr:100932208
[  692.935283] AAAAA-TCP_FORW: name:enp0s3: saddr:16783984: daddr:100932208
[  692.959544] AAAAA-TCP_FORW: name:enp0s3: saddr:16783984: daddr:100932208
[  692.988757] AAAAA-TCP_FORW: name:enp0s3: saddr:16783984: daddr:100932208
[  693.087806] AAAAA-TCP_FORW: name:enp0s3: saddr:16783984: daddr:100932208
[  693.283389] AAAAA-TCP_FORW: name:enp0s3: saddr:16783984: daddr:100932208
[  693.374375] AAAAA-TCP_FORW: name:enp0s3: saddr:16783984: daddr:100932208
[  693.660408] AAAAA-TCP_FORW: name:enp0s3: saddr:33561200: daddr:100932208
[  693.713382] AAAAA-TCP_FORW: name:enp0s3: saddr:33561200: daddr:100932208
[  693.864334] AAAAA-TCP_FORW: name:enp0s3: saddr:33561200: daddr:100932208
[  694.018978] AAAAA-TCP_FORW: name:enp0s3: saddr:33561200: daddr:100932208
[  694.162211] AAAAA-TCP_FORW: name:enp0s3: saddr:33561200: daddr:100932208
[  694.251911] AAAAA-TCP_FORW: name:enp0s3: saddr:33561200: daddr:100932208
[  694.384752] AAAAA-TCP_FORW: name:enp0s3: saddr:33561200: daddr:100932208
[  694.828049] AAAAA-TCP_FORW: name:enp0s3: saddr:33561200: daddr:100932208
[  694.918973] AAAAA-TCP_FORW: name:enp0s3: saddr:16783984: daddr:100932208
[  695.068350] AAAAA-TCP_FORW: name:enp0s3: saddr:16783984: daddr:100932208
[  695.201306] AAAAA-TCP_FORW: name:enp0s3: saddr:16783984: daddr:100932208
[  695.279719] AAAAA-TCP_FORW: name:enp0s3: saddr:16783984: daddr:100932208
[  695.372224] AAAAA-TCP_FORW: name:enp0s3: saddr:16783984: daddr:100932208
[  695.525660] AAAAA-TCP_FORW: name:enp0s3: saddr:16783984: daddr:100932208
[  695.652937] AAAAA-TCP_FORW: name:enp0s3: saddr:16783984: daddr:100932208
[  695.774819] AAAAA-TCP_FORW: name:enp0s3: saddr:16783984: daddr:100932208
[  695.861906] AAAAA-TCP_FORW: name:enp0s3: saddr:16783984: daddr:100932208
[  696.042274] AAAAA-TCP_FORW: name:enp0s3: saddr:33561200: daddr:100932208
[  696.185576] AAAAA-TCP_FORW: name:enp0s3: saddr:33561200: daddr:100932208
[  696.303065] AAAAA-TCP_FORW: name:enp0s3: saddr:33561200: daddr:100932208
[  696.435754] AAAAA-TCP_FORW: name:enp0s3: saddr:33561200: daddr:100932208
[  696.527743] AAAAA-TCP_FORW: name:enp0s3: saddr:33561200: daddr:100932208
[  696.648304] AAAAA-TCP_FORW: name:enp0s3: saddr:33561200: daddr:100932208
[  696.725199] AAAAA-TCP_FORW: name:enp0s3: saddr:33561200: daddr:100932208
[  696.901686] AAAAA-TCP_FORW: name:enp0s3: saddr:33561200: daddr:100932208
[  697.115334] AAAAA-TCP_FORW: name:enp0s3: saddr:16783984: daddr:100932208
[  697.230737] AAAAA-TCP_FORW: name:enp0s3: saddr:16783984: daddr:100932208
[  697.319635] AAAAA-TCP_FORW: name:enp0s3: saddr:16783984: daddr:100932208
[  697.427258] AAAAA-TCP_FORW: name:enp0s3: saddr:16783984: daddr:100932208
[  697.517926] AAAAA-TCP_FORW: name:enp0s3: saddr:16783984: daddr:100932208
[  697.623322] AAAAA-TCP_FORW: name:enp0s3: saddr:16783984: daddr:100932208
[  697.758072] AAAAA-TCP_FORW: name:enp0s3: saddr:16783984: daddr:100932208
[  697.929160] AAAAA-TCP_FORW: name:enp0s3: saddr:16783984: daddr:100932208
[  698.173017] AAAAA-TCP_FORW: name:enp0s3: saddr:16783984: daddr:100932208
[  698.297880] AAAAA-TCP_FORW: name:enp0s3: saddr:16783984: daddr:100932208
[  698.454175] AAAAA-TCP_FORW: name:enp0s3: saddr:33561200: daddr:100932208
[  698.824921] AAAAA-TCP_FORW: name:enp0s3: saddr:33561200: daddr:100932208
[  699.007478] AAAAA-TCP_FORW: name:enp0s3: saddr:33561200: daddr:100932208
[  699.072164] AAAAA-TCP_FORW: name:enp0s3: saddr:33561200: daddr:100932208
[  699.182014] AAAAA-TCP_FORW: name:enp0s3: saddr:33561200: daddr:100932208
[  699.464353] AAAAA-TCP_FORW: name:enp0s3: saddr:16783984: daddr:100932208
[  699.576928] AAAAA-TCP_FORW: name:enp0s3: saddr:16783984: daddr:100932208
[  699.897103] AAAAA-TCP_FORW: name:enp0s3: saddr:16783984: daddr:100932208
[  700.382122] AAAAA-TCP_FORW: name:enp0s3: saddr:16783984: daddr:100932208
[  700.658471] AAAAA-TCP_FORW: name:enp0s3: saddr:16783984: daddr:100932208
[  700.758211] AAAAA-TCP_FORW: name:enp0s3: saddr:33561200: daddr:100932208
[  700.821097] AAAAA-TCP_FORW: name:enp0s3: saddr:33561200: daddr:100932208
[  701.016169] AAAAA-TCP_FORW: name:enp0s3: saddr:33561200: daddr:100932208
[  701.156762] AAAAA-TCP_FORW: name:enp0s3: saddr:33561200: daddr:100932208
[  701.419846] AAAAA-TCP_FORW: name:enp0s3: saddr:16783984: daddr:100932208
[  701.520278] AAAAA-TCP_FORW: name:enp0s3: saddr:16783984: daddr:100932208
[  701.790678] AAAAA-TCP_FORW: name:enp0s3: saddr:16783984: daddr:100932208
[  702.221436] AAAAA-TCP_FORW: name:enp0s3: saddr:16783984: daddr:100932208
[  702.531364] AAAAA-TCP_FORW: name:enp0s3: saddr:16783984: daddr:100932208
[  702.663226] AAAAA-TCP_FORW: name:enp0s3: saddr:33561200: daddr:100932208
[  702.848238] AAAAA-TCP_FORW: name:enp0s3: saddr:33561200: daddr:100932208
[  703.150947] AAAAA-TCP_FORW: name:enp0s3: saddr:33561200: daddr:100932208
[  703.326869] AAAAA-TCP_FORW: name:enp0s3: saddr:33561200: daddr:100932208
[  703.645252] AAAAA-TCP_FORW: name:enp0s3: saddr:16783984: daddr:100932208
[  703.767687] AAAAA-TCP_FORW: name:enp0s3: saddr:16783984: daddr:100932208
[  704.029628] AAAAA-TCP_FORW: name:enp0s3: saddr:16783984: daddr:100932208
[  704.546253] AAAAA-TCP_FORW: name:enp0s3: saddr:16783984: daddr:100932208
[  704.762448] AAAAA-TCP_FORW: name:enp0s3: saddr:16783984: daddr:100932208
[  704.949245] AAAAA-TCP_FORW: name:enp0s3: saddr:33561200: daddr:100932208
[  705.060956] AAAAA-TCP_FORW: name:enp0s3: saddr:33561200: daddr:100932208
[  705.323320] AAAAA-TCP_FORW: name:enp0s3: saddr:33561200: daddr:100932208
[  705.463328] AAAAA-TCP_FORW: name:enp0s3: saddr:33561200: daddr:100932208
[  705.845950] AAAAA-TCP_FORW: name:enp0s3: saddr:16783984: daddr:100932208
[  706.062406] AAAAA-TCP_FORW: name:enp0s3: saddr:16783984: daddr:100932208
[  706.105614] AAAAA-TCP_FORW: name:enp0s3: saddr:16783984: daddr:100932208
[  706.250200] AAAAA-TCP_FORW: name:enp0s3: saddr:16783984: daddr:100932208
[  706.389643] AAAAA-TCP_FORW: name:enp0s3: saddr:16783984: daddr:100932208
[  706.635862] AAAAA-TCP_FORW: name:enp0s3: saddr:33561200: daddr:100932208
[  706.745301] AAAAA-TCP_FORW: name:enp0s3: saddr:33561200: daddr:100932208
[  706.850458] AAAAA-TCP_FORW: name:enp0s3: saddr:33561200: daddr:100932208
[  706.981284] AAAAA-TCP_FORW: name:enp0s3: saddr:33561200: daddr:100932208
[  707.196451] AAAAA-TCP_FORW: name:enp0s3: saddr:16783984: daddr:100932208
[  707.280063] AAAAA-TCP_FORW: name:enp0s3: saddr:16783984: daddr:100932208
[  707.467484] AAAAA-TCP_FORW: name:enp0s3: saddr:16783984: daddr:100932208
[  707.569320] AAAAA-TCP_FORW: name:enp0s3: saddr:16783984: daddr:100932208
[  707.693652] AAAAA-TCP_FORW: name:enp0s3: saddr:16783984: daddr:100932208
[  707.874225] AAAAA-TCP_FORW: name:enp0s3: saddr:33561200: daddr:100932208
[  708.021381] AAAAA-TCP_FORW: name:enp0s3: saddr:33561200: daddr:100932208
[  708.324462] AAAAA-TCP_FORW: name:enp0s3: saddr:33561200: daddr:100932208
[  708.464212] AAAAA-TCP_FORW: name:enp0s3: saddr:33561200: daddr:100932208
[  708.576450] AAAAA-TCP_FORW: name:enp0s3: saddr:16783984: daddr:100932208
[  708.700698] AAAAA-TCP_FORW: name:enp0s3: saddr:16783984: daddr:100932208
[  708.795209] AAAAA-TCP_FORW: name:enp0s3: saddr:16783984: daddr:100932208
[  708.920426] AAAAA-TCP_FORW: name:enp0s3: saddr:16783984: daddr:100932208
[  708.994905] AAAAA-TCP_FORW: name:enp0s3: saddr:16783984: daddr:100932208
[  709.061791] AAAAA-TCP_FORW: name:enp0s3: saddr:33561200: daddr:100932208
[  709.104519] AAAAA-TCP_FORW: name:enp0s3: saddr:16783984: daddr:100932208
[  709.182643] AAAAA-TCP_FORW: name:enp0s3: saddr:16783984: daddr:100932208
[  709.289250] AAAAA-TCP_FORW: name:enp0s3: saddr:33561200: daddr:100932208
[  709.381427] AAAAA-TCP_FORW: name:enp0s3: saddr:33561200: daddr:100932208
[  709.441301] AAAAA-TCP_FORW: name:enp0s3: saddr:16783984: daddr:100932208
[  709.507636] AAAAA-TCP_FORW: name:enp0s3: saddr:33561200: daddr:100932208
[  709.542228] AAAAA-TCP_FORW: name:enp0s3: saddr:16783984: daddr:100932208
[  709.588393] AAAAA-TCP_FORW: name:enp0s3: saddr:33561200: daddr:100932208
[  709.645016] AAAAA-TCP_FORW: name:enp0s3: saddr:16783984: daddr:100932208
[  709.693389] AAAAA-TCP_FORW: name:enp0s3: saddr:16783984: daddr:100932208
[  709.746846] AAAAA-TCP_FORW: name:enp0s3: saddr:33561200: daddr:100932208
[  709.798266] AAAAA-TCP_FORW: name:enp0s3: saddr:33561200: daddr:100932208
[  709.861944] AAAAA-TCP_FORW: name:enp0s3: saddr:16783984: daddr:100932208
[  709.961529] AAAAA-TCP_FORW: name:enp0s3: saddr:16783984: daddr:100932208
[  710.019984] AAAAA-TCP_FORW: name:enp0s3: saddr:33561200: daddr:100932208
[  710.107389] AAAAA-TCP_FORW: name:enp0s3: saddr:33561200: daddr:100932208
[  710.317385] AAAAA-TCP_FORW: name:enp0s3: saddr:33561200: daddr:100932208
[  710.410519] AAAAA-TCP_FORW: name:enp0s3: saddr:33561200: daddr:100932208
[  710.497228] AAAAA-TCP_FORW: name:enp0s3: saddr:16783984: daddr:100932208
[  710.547018] AAAAA-TCP_FORW: name:enp0s3: saddr:33561200: daddr:100932208
[  710.651574] AAAAA-TCP_FORW: name:enp0s3: saddr:16783984: daddr:100932208
[  710.772637] AAAAA-TCP_FORW: name:enp0s3: saddr:16783984: daddr:100932208
[  710.834400] AAAAA-TCP_FORW: name:enp0s3: saddr:33561200: daddr:100932208
[  710.878887] AAAAA-TCP_FORW: name:enp0s3: saddr:33561200: daddr:100932208
[  710.951528] AAAAA-TCP_FORW: name:enp0s3: saddr:33561200: daddr:100932208
[  710.981745] AAAAA-TCP_FORW: name:enp0s3: saddr:33561200: daddr:100932208
[  711.050387] AAAAA-TCP_FORW: name:enp0s3: saddr:16783984: daddr:100932208
[  711.169925] AAAAA-TCP_FORW: name:enp0s3: saddr:33561200: daddr:100932208
[  711.259233] AAAAA-TCP_FORW: name:enp0s3: saddr:16783984: daddr:100932208
[  711.392463] AAAAA-TCP_FORW: name:enp0s3: saddr:16783984: daddr:100932208
[  711.519658] AAAAA-TCP_FORW: name:enp0s3: saddr:33561200: daddr:100932208
[  711.597384] AAAAA-TCP_FORW: name:enp0s3: saddr:33561200: daddr:100932208
[  711.661714] AAAAA-TCP_FORW: name:enp0s3: saddr:16783984: daddr:100932208
[  711.725157] AAAAA-TCP_FORW: name:enp0s3: saddr:33561200: daddr:100932208
[  711.808916] AAAAA-TCP_FORW: name:enp0s3: saddr:33561200: daddr:100932208
[  711.920407] AAAAA-TCP_FORW: name:enp0s3: saddr:16783984: daddr:100932208
[  712.002719] AAAAA-TCP_FORW: name:enp0s3: saddr:33561200: daddr:100932208
[  712.162845] AAAAA-TCP_FORW: name:enp0s3: saddr:16783984: daddr:100932208
[  712.273777] AAAAA-TCP_FORW: name:enp0s3: saddr:16783984: daddr:100932208
[  712.366809] AAAAA-TCP_FORW: name:enp0s3: saddr:33561200: daddr:100932208
[  712.481133] AAAAA-TCP_FORW: name:enp0s3: saddr:33561200: daddr:100932208
[  712.632795] AAAAA-TCP_FORW: name:enp0s3: saddr:33561200: daddr:100932208
[  712.869888] AAAAA-TCP_FORW: name:enp0s3: saddr:16783984: daddr:100932208
[  712.947544] AAAAA-TCP_FORW: name:enp0s3: saddr:16783984: daddr:100932208
[  713.073254] AAAAA-TCP_FORW: name:enp0s3: saddr:33561200: daddr:100932208
[  713.148835] AAAAA-TCP_FORW: name:enp0s3: saddr:16783984: daddr:100932208
[  713.242418] AAAAA-TCP_FORW: name:enp0s3: saddr:16783984: daddr:100932208
[  713.510925] AAAAA-TCP_FORW: name:enp0s3: saddr:33561200: daddr:100932208
[  713.701647] AAAAA-TCP_FORW: name:enp0s3: saddr:33561200: daddr:100932208
[  713.815835] AAAAA-TCP_FORW: name:enp0s3: saddr:16783984: daddr:100932208
[  713.946099] AAAAA-TCP_FORW: name:enp0s3: saddr:16783984: daddr:100932208
[  714.078096] AAAAA-TCP_FORW: name:enp0s3: saddr:16783984: daddr:100932208
[  714.129625] AAAAA-TCP_FORW: name:enp0s3: saddr:33561200: daddr:100932208
[  714.336587] AAAAA-TCP_FORW: name:enp0s3: saddr:33561200: daddr:100932208
[  714.405165] AAAAA-TCP_FORW: name:enp0s3: saddr:16783984: daddr:100932208
[  714.551873] AAAAA-TCP_FORW: name:enp0s3: saddr:33561200: daddr:100932208
[  714.670296] AAAAA-TCP_FORW: name:enp0s3: saddr:16783984: daddr:100932208
[  714.803980] AAAAA-TCP_FORW: name:enp0s3: saddr:16783984: daddr:100932208
[  714.966488] AAAAA-TCP_FORW: name:enp0s3: saddr:16783984: daddr:100932208
[  715.073737] AAAAA-TCP_FORW: name:enp0s3: saddr:33561200: daddr:100932208
[  715.243393] AAAAA-TCP_FORW: name:enp0s3: saddr:33561200: daddr:100932208
[  715.349942] AAAAA-TCP_FORW: name:enp0s3: saddr:16783984: daddr:100932208
[  715.445137] AAAAA-TCP_FORW: name:enp0s3: saddr:33561200: daddr:100932208
[  715.534756] AAAAA-TCP_FORW: name:enp0s3: saddr:16783984: daddr:100932208
[  715.680280] AAAAA-TCP_FORW: name:enp0s3: saddr:16783984: daddr:100932208
[  715.787081] AAAAA-TCP_FORW: name:enp0s3: saddr:16783984: daddr:100932208
[  715.911231] AAAAA-TCP_FORW: name:enp0s3: saddr:33561200: daddr:100932208
[  716.060114] AAAAA-TCP_FORW: name:enp0s3: saddr:33561200: daddr:100932208
[  716.232296] AAAAA-TCP_FORW: name:enp0s3: saddr:33561200: daddr:100932208
[  716.301940] AAAAA-TCP_FORW: name:enp0s3: saddr:16783984: daddr:100932208
[  716.418892] AAAAA-TCP_FORW: name:enp0s3: saddr:16783984: daddr:100932208
[  716.531413] AAAAA-TCP_FORW: name:enp0s3: saddr:16783984: daddr:100932208
[  716.645392] AAAAA-TCP_FORW: name:enp0s3: saddr:16783984: daddr:100932208
[  716.812609] AAAAA-TCP_FORW: name:enp0s3: saddr:33561200: daddr:100932208
[  716.891969] AAAAA-TCP_FORW: name:enp0s3: saddr:16783984: daddr:100932208
[  716.961961] AAAAA-TCP_FORW: name:enp0s3: saddr:33561200: daddr:100932208
[  717.067458] AAAAA-TCP_FORW: name:enp0s3: saddr:33561200: daddr:100932208
[  717.206737] AAAAA-TCP_FORW: name:enp0s3: saddr:16783984: daddr:100932208
[  717.309719] AAAAA-TCP_FORW: name:enp0s3: saddr:33561200: daddr:100932208
[  717.361191] AAAAA-TCP_FORW: name:enp0s3: saddr:16783984: daddr:100932208
[  717.484837] AAAAA-TCP_FORW: name:enp0s3: saddr:16783984: daddr:100932208
[  717.665886] AAAAA-TCP_FORW: name:enp0s3: saddr:33561200: daddr:100932208
[  717.757714] AAAAA-TCP_FORW: name:enp0s3: saddr:16783984: daddr:100932208
[  718.108593] AAAAA-TCP_FORW: name:enp0s3: saddr:33561200: daddr:100932208
[  718.229366] AAAAA-TCP_FORW: name:enp0s3: saddr:16783984: daddr:100932208
[  718.321399] AAAAA-TCP_FORW: name:enp0s3: saddr:16783984: daddr:100932208
[  718.394220] AAAAA-TCP_FORW: name:enp0s3: saddr:33561200: daddr:100932208
[  718.483654] AAAAA-TCP_FORW: name:enp0s3: saddr:16783984: daddr:100932208
[  718.592754] AAAAA-TCP_FORW: name:enp0s3: saddr:33561200: daddr:100932208
[  718.738054] AAAAA-TCP_FORW: name:enp0s3: saddr:16783984: daddr:100932208
[  718.810432] AAAAA-TCP_FORW: name:enp0s3: saddr:33561200: daddr:100932208
[  718.866207] AAAAA-TCP_FORW: name:enp0s3: saddr:33561200: daddr:100932208
[  718.950315] AAAAA-TCP_FORW: name:enp0s3: saddr:16783984: daddr:100932208
[  719.003962] AAAAA-TCP_FORW: name:enp0s3: saddr:16783984: daddr:100932208
[  737.983844] AAAAA-TCP_FORW: name:enp0s3: saddr:100932208: daddr:33561200
[  738.033050] AAAAA-TCP_FORW: name:enp0s3: saddr:100932208: daddr:33561200
[  738.074893] AAAAA-TCP_FORW: name:enp0s3: saddr:100932208: daddr:33561200
[  738.127529] AAAAA-TCP_FORW: name:enp0s3: saddr:100932208: daddr:33561200
[  738.158219] AAAAA-TCP_FORW: name:enp0s3: saddr:33561200: daddr:100932208
[  738.171381] AAAAA-TCP_FORW: name:enp0s3: saddr:100932208: daddr:33561200
[  738.223087] AAAAA-TCP_FORW: name:enp0s3: saddr:100932208: daddr:33561200
[  738.297215] AAAAA-TCP_FORW: name:enp0s3: saddr:100932208: daddr:16783984
[  738.326700] AAAAA-TCP_FORW: name:enp0s3: saddr:100932208: daddr:16783984
[  738.389757] AAAAA-TCP_FORW: name:enp0s3: saddr:100932208: daddr:16783984
[  738.459412] AAAAA-TCP_FORW: name:enp0s3: saddr:100932208: daddr:16783984
[  738.606160] AAAAA-TCP_FORW: name:enp0s3: saddr:100932208: daddr:16783984
[  738.668313] AAAAA-TCP_FORW: name:enp0s3: saddr:100932208: daddr:16783984
[  738.735540] AAAAA-TCP_FORW: name:enp0s3: saddr:100932208: daddr:16783984
[  738.795213] AAAAA-TCP_FORW: name:enp0s3: saddr:100932208: daddr:16783984
[  738.938818] AAAAA-TCP_FORW: name:enp0s3: saddr:100932208: daddr:33561200
[  739.123616] AAAAA-TCP_FORW: name:enp0s3: saddr:100932208: daddr:33561200
[  739.620663] AAAAA-TCP_FORW: name:enp0s3: saddr:100932208: daddr:33561200
[  750.037669] AAAAA-TCP_FORW: name:enp0s3: saddr:16783984: daddr:100932208
[  750.249229] AAAAA-TCP_FORW: name:enp0s3: saddr:33561200: daddr:100932208
[  750.465925] AAAAA-TCP_FORW: name:enp0s3: saddr:16783984: daddr:100932208
[  750.504602] AAAAA-TCP_FORW: name:enp0s3: saddr:16783984: daddr:100932208
[  750.555465] AAAAA-TCP_FORW: name:enp0s3: saddr:16783984: daddr:100932208
[  750.643037] AAAAA-TCP_FORW: name:enp0s3: saddr:33561200: daddr:100932208
[  750.773378] AAAAA-TCP_FORW: name:enp0s3: saddr:33561200: daddr:100932208
[  750.883368] AAAAA-TCP_FORW: name:enp0s3: saddr:33561200: daddr:100932208
[  750.969594] AAAAA-TCP_FORW: name:enp0s3: saddr:33561200: daddr:100932208
[  751.157883] AAAAA-TCP_FORW: name:enp0s3: saddr:33561200: daddr:100932208
[  751.297957] AAAAA-TCP_FORW: name:enp0s3: saddr:16783984: daddr:100932208
[  751.419423] AAAAA-TCP_FORW: name:enp0s3: saddr:33561200: daddr:100932208
[  751.441409] AAAAA-TCP_FORW: name:enp0s3: saddr:16783984: daddr:100932208
[  751.638210] AAAAA-TCP_FORW: name:enp0s3: saddr:16783984: daddr:100932208
[  751.692814] AAAAA-TCP_FORW: name:enp0s3: saddr:16783984: daddr:100932208
[  751.794797] AAAAA-TCP_FORW: name:enp0s3: saddr:16783984: daddr:100932208
[  751.998816] AAAAA-TCP_FORW: name:enp0s3: saddr:33561200: daddr:100932208
[  752.082509] AAAAA-TCP_FORW: name:enp0s3: saddr:33561200: daddr:100932208
[  752.170779] AAAAA-TCP_FORW: name:enp0s3: saddr:33561200: daddr:100932208
[  752.362467] AAAAA-TCP_FORW: name:enp0s3: saddr:16783984: daddr:100932208
[  752.414419] AAAAA-TCP_FORW: name:enp0s3: saddr:16783984: daddr:100932208
[  752.505720] AAAAA-TCP_FORW: name:enp0s3: saddr:16783984: daddr:100932208
[  752.656240] AAAAA-TCP_FORW: name:enp0s3: saddr:16783984: daddr:100932208
[  752.729960] AAAAA-TCP_FORW: name:enp0s3: saddr:33561200: daddr:100932208
[  752.830519] AAAAA-TCP_FORW: name:enp0s3: saddr:33561200: daddr:100932208
[  752.977850] AAAAA-TCP_FORW: name:enp0s3: saddr:33561200: daddr:100932208
[  753.078398] AAAAA-TCP_FORW: name:enp0s3: saddr:33561200: daddr:100932208
[  753.147515] AAAAA-TCP_FORW: name:enp0s3: saddr:16783984: daddr:100932208
[  753.220124] AAAAA-TCP_FORW: name:enp0s3: saddr:16783984: daddr:100932208
[  753.321768] AAAAA-TCP_FORW: name:enp0s3: saddr:16783984: daddr:100932208
[  753.413904] AAAAA-TCP_FORW: name:enp0s3: saddr:16783984: daddr:100932208
[  753.566190] AAAAA-TCP_FORW: name:enp0s3: saddr:16783984: daddr:100932208
[  753.617717] AAAAA-TCP_FORW: name:enp0s3: saddr:33561200: daddr:100932208
[  753.682936] AAAAA-TCP_FORW: name:enp0s3: saddr:33561200: daddr:100932208
[  753.776781] AAAAA-TCP_FORW: name:enp0s3: saddr:33561200: daddr:100932208
[  753.834034] AAAAA-TCP_FORW: name:enp0s3: saddr:16783984: daddr:100932208
[  753.978775] AAAAA-TCP_FORW: name:enp0s3: saddr:16783984: daddr:100932208
[  754.129649] AAAAA-TCP_FORW: name:enp0s3: saddr:16783984: daddr:100932208
[  754.224559] AAAAA-TCP_FORW: name:enp0s3: saddr:16783984: daddr:100932208
[  754.289991] AAAAA-TCP_FORW: name:enp0s3: saddr:33561200: daddr:100932208
[  754.324995] AAAAA-TCP_FORW: name:enp0s3: saddr:33561200: daddr:100932208
[  754.430455] AAAAA-TCP_FORW: name:enp0s3: saddr:33561200: daddr:100932208
[  754.521972] AAAAA-TCP_FORW: name:enp0s3: saddr:33561200: daddr:100932208
[  754.607440] AAAAA-TCP_FORW: name:enp0s3: saddr:16783984: daddr:100932208
[  754.710476] AAAAA-TCP_FORW: name:enp0s3: saddr:16783984: daddr:100932208
[  754.752743] AAAAA-TCP_FORW: name:enp0s3: saddr:16783984: daddr:100932208
[  754.836696] AAAAA-TCP_FORW: name:enp0s3: saddr:16783984: daddr:100932208
[  754.888221] AAAAA-TCP_FORW: name:enp0s3: saddr:16783984: daddr:100932208
[  754.997191] AAAAA-TCP_FORW: name:enp0s3: saddr:33561200: daddr:100932208
[  755.133454] AAAAA-TCP_FORW: name:enp0s3: saddr:33561200: daddr:100932208
[  755.198443] AAAAA-TCP_FORW: name:enp0s3: saddr:33561200: daddr:100932208
[  755.275700] AAAAA-TCP_FORW: name:enp0s3: saddr:16783984: daddr:100932208
[  755.396062] AAAAA-TCP_FORW: name:enp0s3: saddr:16783984: daddr:100932208
[  755.459674] AAAAA-TCP_FORW: name:enp0s3: saddr:16783984: daddr:100932208
[  755.569099] AAAAA-TCP_FORW: name:enp0s3: saddr:16783984: daddr:100932208
[  755.643147] AAAAA-TCP_FORW: name:enp0s3: saddr:33561200: daddr:100932208
[  755.737740] AAAAA-TCP_FORW: name:enp0s3: saddr:33561200: daddr:100932208
[  755.831026] AAAAA-TCP_FORW: name:enp0s3: saddr:33561200: daddr:100932208
[  755.885720] AAAAA-TCP_FORW: name:enp0s3: saddr:33561200: daddr:100932208
[  755.990310] AAAAA-TCP_FORW: name:enp0s3: saddr:16783984: daddr:100932208
[  756.160405] AAAAA-TCP_FORW: name:enp0s3: saddr:16783984: daddr:100932208
[  756.320750] AAAAA-TCP_FORW: name:enp0s3: saddr:16783984: daddr:100932208
[  756.442849] AAAAA-TCP_FORW: name:enp0s3: saddr:16783984: daddr:100932208
[  756.710493] AAAAA-TCP_FORW: name:enp0s3: saddr:16783984: daddr:100932208
[  756.840844] AAAAA-TCP_FORW: name:enp0s3: saddr:33561200: daddr:100932208
[  756.947495] AAAAA-TCP_FORW: name:enp0s3: saddr:33561200: daddr:100932208
[  757.055196] AAAAA-TCP_FORW: name:enp0s3: saddr:33561200: daddr:100932208
[  757.145569] AAAAA-TCP_FORW: name:enp0s3: saddr:33561200: daddr:100932208
[  757.240370] AAAAA-TCP_FORW: name:enp0s3: saddr:16783984: daddr:100932208
[  757.325126] AAAAA-TCP_FORW: name:enp0s3: saddr:16783984: daddr:100932208
[  757.631730] AAAAA-TCP_FORW: name:enp0s3: saddr:16783984: daddr:100932208
[  757.713426] AAAAA-TCP_FORW: name:enp0s3: saddr:16783984: daddr:100932208
[  757.855711] AAAAA-TCP_FORW: name:enp0s3: saddr:16783984: daddr:100932208
[  757.961933] AAAAA-TCP_FORW: name:enp0s3: saddr:33561200: daddr:100932208
[  758.016584] AAAAA-TCP_FORW: name:enp0s3: saddr:33561200: daddr:100932208
[  758.134744] AAAAA-TCP_FORW: name:enp0s3: saddr:33561200: daddr:100932208
[  758.281278] AAAAA-TCP_FORW: name:enp0s3: saddr:33561200: daddr:100932208
[  758.367443] AAAAA-TCP_FORW: name:enp0s3: saddr:16783984: daddr:100932208
[  758.469925] AAAAA-TCP_FORW: name:enp0s3: saddr:16783984: daddr:100932208
[  758.741401] AAAAA-TCP_FORW: name:enp0s3: saddr:16783984: daddr:100932208
[  758.816146] AAAAA-TCP_FORW: name:enp0s3: saddr:16783984: daddr:100932208
[  758.915954] AAAAA-TCP_FORW: name:enp0s3: saddr:16783984: daddr:100932208
[  759.049265] AAAAA-TCP_FORW: name:enp0s3: saddr:33561200: daddr:100932208
[  759.113273] AAAAA-TCP_FORW: name:enp0s3: saddr:33561200: daddr:100932208
[  759.213272] AAAAA-TCP_FORW: name:enp0s3: saddr:33561200: daddr:100932208
[  759.322937] AAAAA-TCP_FORW: name:enp0s3: saddr:33561200: daddr:100932208
[  759.393173] AAAAA-TCP_FORW: name:enp0s3: saddr:16783984: daddr:100932208
[  759.460680] AAAAA-TCP_FORW: name:enp0s3: saddr:16783984: daddr:100932208
[  759.546667] AAAAA-TCP_FORW: name:enp0s3: saddr:16783984: daddr:100932208
[  759.592641] AAAAA-TCP_FORW: name:enp0s3: saddr:16783984: daddr:100932208
[  759.700295] AAAAA-TCP_FORW: name:enp0s3: saddr:16783984: daddr:100932208
[  759.768601] AAAAA-TCP_FORW: name:enp0s3: saddr:33561200: daddr:100932208
[  759.921458] AAAAA-TCP_FORW: name:enp0s3: saddr:33561200: daddr:100932208
[  760.000096] AAAAA-TCP_FORW: name:enp0s3: saddr:33561200: daddr:100932208
[  760.119888] AAAAA-TCP_FORW: name:enp0s3: saddr:33561200: daddr:100932208
[  760.260580] AAAAA-TCP_FORW: name:enp0s3: saddr:16783984: daddr:100932208
[  760.467962] AAAAA-TCP_FORW: name:enp0s3: saddr:16783984: daddr:100932208
[  760.711640] AAAAA-TCP_FORW: name:enp0s3: saddr:16783984: daddr:100932208
[  760.858020] AAAAA-TCP_FORW: name:enp0s3: saddr:16783984: daddr:100932208
[  760.982815] AAAAA-TCP_FORW: name:enp0s3: saddr:16783984: daddr:100932208
[  761.125561] AAAAA-TCP_FORW: name:enp0s3: saddr:33561200: daddr:100932208
[  761.303853] AAAAA-TCP_FORW: name:enp0s3: saddr:33561200: daddr:100932208
[  761.461827] AAAAA-TCP_FORW: name:enp0s3: saddr:33561200: daddr:100932208
[  761.626578] AAAAA-TCP_FORW: name:enp0s3: saddr:33561200: daddr:100932208
[  761.719823] AAAAA-TCP_FORW: name:enp0s3: saddr:16783984: daddr:100932208
[  761.964859] AAAAA-TCP_FORW: name:enp0s3: saddr:16783984: daddr:100932208
[  762.101333] AAAAA-TCP_FORW: name:enp0s3: saddr:33561200: daddr:100932208
[  762.158876] AAAAA-TCP_FORW: name:enp0s3: saddr:33561200: daddr:100932208
[  762.238325] AAAAA-TCP_FORW: name:enp0s3: saddr:33561200: daddr:100932208
[  762.349450] AAAAA-TCP_FORW: name:enp0s3: saddr:16783984: daddr:100932208
[  762.424475] AAAAA-TCP_FORW: name:enp0s3: saddr:33561200: daddr:100932208
[  762.486911] AAAAA-TCP_FORW: name:enp0s3: saddr:16783984: daddr:100932208
[  762.532723] AAAAA-TCP_FORW: name:enp0s3: saddr:16783984: daddr:100932208
[  762.757217] AAAAA-TCP_FORW: name:enp0s3: saddr:33561200: daddr:100932208
[  762.844867] AAAAA-TCP_FORW: name:enp0s3: saddr:16783984: daddr:100932208
[  762.907647] AAAAA-TCP_FORW: name:enp0s3: saddr:33561200: daddr:100932208
[  763.070626] AAAAA-TCP_FORW: name:enp0s3: saddr:16783984: daddr:100932208
[  763.210262] AAAAA-TCP_FORW: name:enp0s3: saddr:33561200: daddr:100932208
[  763.342907] AAAAA-TCP_FORW: name:enp0s3: saddr:16783984: daddr:100932208
[  763.507994] AAAAA-TCP_FORW: name:enp0s3: saddr:16783984: daddr:100932208
[  763.604701] AAAAA-TCP_FORW: name:enp0s3: saddr:16783984: daddr:100932208
[  763.909877] AAAAA-TCP_FORW: name:enp0s3: saddr:33561200: daddr:100932208
[  764.022380] AAAAA-TCP_FORW: name:enp0s3: saddr:16783984: daddr:100932208
[  764.147421] AAAAA-TCP_FORW: name:enp0s3: saddr:33561200: daddr:100932208
[  764.369621] AAAAA-TCP_FORW: name:enp0s3: saddr:16783984: daddr:100932208
[  764.488673] AAAAA-TCP_FORW: name:enp0s3: saddr:16783984: daddr:100932208
[  764.776237] AAAAA-TCP_FORW: name:enp0s3: saddr:33561200: daddr:100932208
[  765.477159] AAAAA-TCP_FORW: name:enp0s3: saddr:16783984: daddr:100932208
[  765.765466] AAAAA-TCP_FORW: name:enp0s3: saddr:33561200: daddr:100932208
[  766.635573] AAAAA-TCP_FORW: name:enp0s3: saddr:16783984: daddr:100932208
[  767.468017] AAAAA-TCP_FORW: name:enp0s3: saddr:33561200: daddr:100932208
[  767.559287] AAAAA-TCP_FORW: name:enp0s3: saddr:33561200: daddr:100932208
[  768.937811] AAAAA-TCP_FORW: name:enp0s3: saddr:33561200: daddr:100932208
[  769.054438] AAAAA-TCP_FORW: name:enp0s3: saddr:33561200: daddr:100932208
[  772.040216] AAAAA-TCP_FORW: name:enp0s3: saddr:33561200: daddr:100932208
[  772.108615] AAAAA-TCP_FORW: name:enp0s3: saddr:33561200: daddr:100932208
[  772.227283] AAAAA-TCP_FORW: name:enp0s3: saddr:16783984: daddr:100932208
[  977.605797] rfkill: input handler enabled
[  987.356643] rfkill: input handler disabled
[ 1437.343483] device enp0s3 left promiscuous mode
