[    0.000000] Linux version 5.4.243-mptcp (root@ztg) (gcc version 12.2.0 (Debian 12.2.0-14+deb12u1)) #53 SMP Wed Dec 24 23:28:15 CST 2025
[    0.000000] Command line: BOOT_IMAGE=/boot/vmlinuz-5.4.243-mptcp root=UUID=98415a12-53b7-4144-8265-0f7ece09e445 ro quiet splash
[    0.000000] KERNEL supported cpus:
[    0.000000]   Intel GenuineIntel
[    0.000000]   AMD AuthenticAMD
[    0.000000]   Hygon HygonGenuine
[    0.000000]   Centaur CentaurHauls
[    0.000000]   zhaoxin   Shanghai  
[    0.000000] x86/fpu: Supporting XSAVE feature 0x001: 'x87 floating point registers'
[    0.000000] x86/fpu: Supporting XSAVE feature 0x002: 'SSE registers'
[    0.000000] x86/fpu: Supporting XSAVE feature 0x004: 'AVX registers'
[    0.000000] x86/fpu: xstate_offset[2]:  576, xstate_sizes[2]:  256
[    0.000000] x86/fpu: Enabled xstate features 0x7, context size is 832 bytes, using 'standard' format.
[    0.000000] BIOS-provided physical RAM map:
[    0.000000] BIOS-e820: [mem 0x0000000000000000-0x000000000009fbff] usable
[    0.000000] BIOS-e820: [mem 0x000000000009fc00-0x000000000009ffff] reserved
[    0.000000] BIOS-e820: [mem 0x00000000000f0000-0x00000000000fffff] reserved
[    0.000000] BIOS-e820: [mem 0x0000000000100000-0x000000007ffeffff] usable
[    0.000000] BIOS-e820: [mem 0x000000007fff0000-0x000000007fffffff] ACPI data
[    0.000000] BIOS-e820: [mem 0x00000000fec00000-0x00000000fec00fff] reserved
[    0.000000] BIOS-e820: [mem 0x00000000fee00000-0x00000000fee00fff] reserved
[    0.000000] BIOS-e820: [mem 0x00000000fffc0000-0x00000000ffffffff] reserved
[    0.000000] NX (Execute Disable) protection: active
[    0.000000] SMBIOS 2.5 present.
[    0.000000] DMI: innotek GmbH VirtualBox/VirtualBox, BIOS VirtualBox 12/01/2006
[    0.000000] Hypervisor detected: KVM
[    0.000000] kvm-clock: Using msrs 4b564d01 and 4b564d00
[    0.000000] kvm-clock: cpu 0, msr c401001, primary cpu clock
[    0.000000] kvm-clock: using sched offset of 4418486353 cycles
[    0.000002] clocksource: kvm-clock: mask: 0xffffffffffffffff max_cycles: 0x1cd42e4dffb, max_idle_ns: 881590591483 ns
[    0.000005] tsc: Detected 2100.000 MHz processor
[    0.001904] e820: update [mem 0x00000000-0x00000fff] usable ==> reserved
[    0.001906] e820: remove [mem 0x000a0000-0x000fffff] usable
[    0.001910] last_pfn = 0x7fff0 max_arch_pfn = 0x400000000
[    0.001977] MTRR default type: uncachable
[    0.001978] MTRR fixed ranges enabled:
[    0.001979]   00000-9FFFF write-back
[    0.001979]   A0000-BFFFF uncachable
[    0.001980]   C0000-FFFFF write-protect
[    0.001981] MTRR variable ranges enabled:
[    0.001982]   0 base 000000000000 mask 3FFF80000000 write-back
[    0.001983]   1 disabled
[    0.001983]   2 disabled
[    0.001984]   3 disabled
[    0.001984]   4 disabled
[    0.001985]   5 disabled
[    0.001985]   6 disabled
[    0.001985]   7 disabled
[    0.001986]   8 disabled
[    0.001986]   9 disabled
[    0.001987]   10 disabled
[    0.001987]   11 disabled
[    0.001988]   12 disabled
[    0.001988]   13 disabled
[    0.001988]   14 disabled
[    0.001989]   15 disabled
[    0.002005] x86/PAT: Configuration [0-7]: WB  WC  UC- UC  WB  WP  UC- WT  
[    0.002138] found SMP MP-table at [mem 0x0009fff0-0x0009ffff]
[    0.095445] check: Scanning 1 areas for low memory corruption
[    0.095650] RAMDISK: [mem 0x32271000-0x3512ffff]
[    0.095658] ACPI: Early table checksum verification disabled
[    0.095663] ACPI: RSDP 0x00000000000E0000 000024 (v02 VBOX  )
[    0.095667] ACPI: XSDT 0x000000007FFF0030 00003C (v01 VBOX   VBOXXSDT 00000001 ASL  00000061)
[    0.095674] ACPI: FACP 0x000000007FFF00F0 0000F4 (v04 VBOX   VBOXFACP 00000001 ASL  00000061)
[    0.095680] ACPI: DSDT 0x000000007FFF02E0 002353 (v02 VBOX   VBOXBIOS 00000002 VBOX 00029BF3)
[    0.095684] ACPI: FACS 0x000000007FFF0200 000040
[    0.095688] ACPI: FACS 0x000000007FFF0200 000040
[    0.095691] ACPI: APIC 0x000000007FFF0240 000054 (v02 VBOX   VBOXAPIC 00000001 ASL  00000061)
[    0.095695] ACPI: SSDT 0x000000007FFF02A0 000038 (v01 VBOX   VBOXCPUT 00000002 VBOX 00029BF3)
[    0.095698] ACPI: Reserving FACP table memory at [mem 0x7fff00f0-0x7fff01e3]
[    0.095699] ACPI: Reserving DSDT table memory at [mem 0x7fff02e0-0x7fff2632]
[    0.095700] ACPI: Reserving FACS table memory at [mem 0x7fff0200-0x7fff023f]
[    0.095700] ACPI: Reserving FACS table memory at [mem 0x7fff0200-0x7fff023f]
[    0.095701] ACPI: Reserving APIC table memory at [mem 0x7fff0240-0x7fff0293]
[    0.095702] ACPI: Reserving SSDT table memory at [mem 0x7fff02a0-0x7fff02d7]
[    0.095717] ACPI: Local APIC address 0xfee00000
[    0.095906] No NUMA configuration found
[    0.095907] Faking a node at [mem 0x0000000000000000-0x000000007ffeffff]
[    0.095917] NODE_DATA(0) allocated [mem 0x7ffc5000-0x7ffeffff]
[    0.096178] Zone ranges:
[    0.096179]   DMA      [mem 0x0000000000001000-0x0000000000ffffff]
[    0.096180]   DMA32    [mem 0x0000000001000000-0x000000007ffeffff]
[    0.096181]   Normal   empty
[    0.096182]   Device   empty
[    0.096183] Movable zone start for each node
[    0.096185] Early memory node ranges
[    0.096185]   node   0: [mem 0x0000000000001000-0x000000000009efff]
[    0.096186]   node   0: [mem 0x0000000000100000-0x000000007ffeffff]
[    0.096189] Zeroed struct page in unavailable ranges: 114 pages
[    0.096190] Initmem setup node 0 [mem 0x0000000000001000-0x000000007ffeffff]
[    0.096191] On node 0 totalpages: 524174
[    0.096192]   DMA zone: 64 pages used for memmap
[    0.096193]   DMA zone: 21 pages reserved
[    0.096194]   DMA zone: 3998 pages, LIFO batch:0
[    0.096265]   DMA32 zone: 8128 pages used for memmap
[    0.096266]   DMA32 zone: 520176 pages, LIFO batch:63
[    0.105156] ACPI: PM-Timer IO Port: 0x4008
[    0.105159] ACPI: Local APIC address 0xfee00000
[    0.105225] IOAPIC[0]: apic_id 1, version 32, address 0xfec00000, GSI 0-23
[    0.105228] ACPI: INT_SRC_OVR (bus 0 bus_irq 0 global_irq 2 dfl dfl)
[    0.105230] ACPI: INT_SRC_OVR (bus 0 bus_irq 9 global_irq 9 low level)
[    0.105231] ACPI: IRQ0 used by override.
[    0.105233] ACPI: IRQ9 used by override.
[    0.105235] Using ACPI (MADT) for SMP configuration information
[    0.105241] smpboot: Allowing 1 CPUs, 0 hotplug CPUs
[    0.105262] PM: Registered nosave memory: [mem 0x00000000-0x00000fff]
[    0.105263] PM: Registered nosave memory: [mem 0x0009f000-0x0009ffff]
[    0.105264] PM: Registered nosave memory: [mem 0x000a0000-0x000effff]
[    0.105265] PM: Registered nosave memory: [mem 0x000f0000-0x000fffff]
[    0.105266] [mem 0x80000000-0xfebfffff] available for PCI devices
[    0.105267] Booting paravirtualized kernel on KVM
[    0.105270] clocksource: refined-jiffies: mask: 0xffffffff max_cycles: 0xffffffff, max_idle_ns: 7645519600211568 ns
[    0.105274] setup_percpu: NR_CPUS:8192 nr_cpumask_bits:1 nr_cpu_ids:1 nr_node_ids:1
[    0.106300] percpu: Embedded 60 pages/cpu s208896 r8192 d28672 u2097152
[    0.106305] pcpu-alloc: s208896 r8192 d28672 u2097152 alloc=1*2097152
[    0.106306] pcpu-alloc: [0] 0 
[    0.106331] Built 1 zonelists, mobility grouping on.  Total pages: 515961
[    0.106332] Policy zone: DMA32
[    0.106333] Kernel command line: BOOT_IMAGE=/boot/vmlinuz-5.4.243-mptcp root=UUID=98415a12-53b7-4144-8265-0f7ece09e445 ro quiet splash
[    0.107191] Dentry cache hash table entries: 262144 (order: 9, 2097152 bytes, linear)
[    0.107353] Inode-cache hash table entries: 131072 (order: 8, 1048576 bytes, linear)
[    0.107404] mem auto-init: stack:off, heap alloc:on, heap free:off
[    0.107407] Calgary: detecting Calgary via BIOS EBDA area
[    0.107408] Calgary: Unable to locate Rio Grande table in EBDA - bailing!
[    0.111455] Memory: 1967332K/2096696K available (14339K kernel code, 2398K rwdata, 4712K rodata, 2728K init, 17260K bss, 129364K reserved, 0K cma-reserved)
[    0.112382] SLUB: HWalign=64, Order=0-3, MinObjects=0, CPUs=1, Nodes=1
[    0.112397] ftrace: allocating 43186 entries in 169 pages
[    0.130491] rcu: Hierarchical RCU implementation.
[    0.130492] rcu: 	RCU restricting CPUs from NR_CPUS=8192 to nr_cpu_ids=1.
[    0.130493] 	Tasks RCU enabled.
[    0.130494] rcu: RCU calculated value of scheduler-enlistment delay is 25 jiffies.
[    0.130495] rcu: Adjusting geometry for rcu_fanout_leaf=16, nr_cpu_ids=1
[    0.133466] NR_IRQS: 524544, nr_irqs: 256, preallocated irqs: 16
[    0.133680] random: crng init done
[    0.143033] Console: colour VGA+ 80x25
[    0.143038] printk: console [tty0] enabled
[    0.143057] ACPI: Core revision 20190816
[    0.143175] APIC: Switch to symmetric I/O mode setup
[    0.143437] x2apic enabled
[    0.143675] Switched APIC routing to physical x2apic.
[    0.144802] ..TIMER: vector=0x30 apic1=0 pin1=2 apic2=-1 pin2=-1
[    0.144826] clocksource: tsc-early: mask: 0xffffffffffffffff max_cycles: 0x1e4530a99b6, max_idle_ns: 440795257976 ns
[    0.144831] Calibrating delay loop (skipped) preset value.. 4200.00 BogoMIPS (lpj=8400000)
[    0.144833] pid_max: default: 32768 minimum: 301
[    0.144861] LSM: Security Framework initializing
[    0.144871] Yama: becoming mindful.
[    0.144896] AppArmor: AppArmor initialized
[    0.144928] Mount-cache hash table entries: 4096 (order: 3, 32768 bytes, linear)
[    0.144933] Mountpoint-cache hash table entries: 4096 (order: 3, 32768 bytes, linear)
[    0.144942] *** VALIDATE tmpfs ***
[    0.145071] *** VALIDATE proc ***
[    0.145112] *** VALIDATE cgroup1 ***
[    0.145113] *** VALIDATE cgroup2 ***
[    0.145252] process: using mwait in idle threads
[    0.145257] Last level iTLB entries: 4KB 64, 2MB 8, 4MB 8
[    0.145258] Last level dTLB entries: 4KB 64, 2MB 0, 4MB 0, 1GB 4
[    0.145277] Spectre V1 : Mitigation: usercopy/swapgs barriers and __user pointer sanitization
[    0.145282] Spectre V2 : Mitigation: Retpolines
[    0.145283] Spectre V2 : Spectre v2 / SpectreRSB mitigation: Filling RSB on context switch
[    0.145283] Spectre V2 : Spectre v2 / SpectreRSB : Filling RSB on VMEXIT
[    0.145284] RETBleed: WARNING: Spectre v2 mitigation leaves CPU vulnerable to RETBleed attacks, data leaks possible!
[    0.145639] RETBleed: Vulnerable
[    0.145639] Speculative Store Bypass: Vulnerable
[    0.145644] TAA: Mitigation: TSX disabled
[    0.145645] MMIO Stale Data: Mitigation: Clear CPU buffers
[    0.149816] Freeing SMP alternatives memory: 40K
[    0.261376] smpboot: CPU0: Intel(R) Xeon(R) Silver 4216 CPU @ 2.10GHz (family: 0x6, model: 0x55, stepping: 0x7)
[    0.261502] Performance Events: unsupported p6 CPU model 85 no PMU driver, software events only.
[    0.261537] rcu: Hierarchical SRCU implementation.
[    0.262012] NMI watchdog: Perf NMI watchdog permanently disabled
[    0.262049] smp: Bringing up secondary CPUs ...
[    0.262050] smp: Brought up 1 node, 1 CPU
[    0.262051] smpboot: Max logical packages: 1
[    0.262053] smpboot: Total of 1 processors activated (4200.00 BogoMIPS)
[    0.263019] devtmpfs: initialized
[    0.263067] x86/mm: Memory block size: 128MB
[    0.263409] clocksource: jiffies: mask: 0xffffffff max_cycles: 0xffffffff, max_idle_ns: 7645041785100000 ns
[    0.263415] futex hash table entries: 256 (order: 2, 16384 bytes, linear)
[    0.263457] pinctrl core: initialized pinctrl subsystem
[    0.263559] PM: RTC time: 09:18:22, date: 2026-01-13
[    0.263664] NET: Registered protocol family 16
[    0.263737] audit: initializing netlink subsys (disabled)
[    0.263864] EISA bus registered
[    0.263865] cpuidle: using governor ladder
[    0.263866] cpuidle: using governor menu
[    0.263902] ACPI: bus type PCI registered
[    0.263903] acpiphp: ACPI Hot Plug PCI Controller Driver version: 0.5
[    0.264007] PCI: Using configuration type 1 for base access
[    0.265128] audit: type=2000 audit(1768267109.133:1): state=initialized audit_enabled=0 res=1
[    0.265209] HugeTLB registered 2.00 MiB page size, pre-allocated 0 pages
[    0.266019] ACPI: Added _OSI(Module Device)
[    0.266020] ACPI: Added _OSI(Processor Device)
[    0.266020] ACPI: Added _OSI(3.0 _SCP Extensions)
[    0.266021] ACPI: Added _OSI(Processor Aggregator Device)
[    0.266022] ACPI: Added _OSI(Linux-Dell-Video)
[    0.266023] ACPI: Added _OSI(Linux-Lenovo-NV-HDMI-Audio)
[    0.266023] ACPI: Added _OSI(Linux-HPI-Hybrid-Graphics)
[    0.267968] ACPI: 2 ACPI AML tables successfully acquired and loaded
[    0.269500] ACPI: Interpreter enabled
[    0.269510] ACPI: (supports S0 S5)
[    0.269511] ACPI: Using IOAPIC for interrupt routing
[    0.269715] PCI: Using host bridge windows from ACPI; if necessary, use "pci=nocrs" and report a bug
[    0.269821] ACPI: Enabled 2 GPEs in block 00 to 07
[    0.274623] ACPI: PCI Root Bridge [PCI0] (domain 0000 [bus 00-ff])
[    0.274628] acpi PNP0A03:00: _OSC: OS supports [ASPM ClockPM Segments MSI HPX-Type3]
[    0.275072] acpi PNP0A03:00: _OSC: not requesting OS control; OS requires [ExtendedConfig ASPM ClockPM MSI]
[    0.275080] acpi PNP0A03:00: fail to add MMCONFIG information, can't access extended PCI configuration space under this bridge.
[    0.275446] PCI host bridge to bus 0000:00
[    0.275448] pci_bus 0000:00: root bus resource [io  0x0000-0x0cf7 window]
[    0.275449] pci_bus 0000:00: root bus resource [io  0x0d00-0xffff window]
[    0.275450] pci_bus 0000:00: root bus resource [mem 0x000a0000-0x000bffff window]
[    0.275452] pci_bus 0000:00: root bus resource [mem 0x80000000-0xfdffffff window]
[    0.275453] pci_bus 0000:00: root bus resource [bus 00-ff]
[    0.275496] pci 0000:00:00.0: [8086:1237] type 00 class 0x060000
[    0.276449] pci 0000:00:01.0: [8086:7000] type 00 class 0x060100
[    0.277341] pci 0000:00:01.1: [8086:7111] type 00 class 0x01018a
[    0.277714] pci 0000:00:01.1: reg 0x20: [io  0xd000-0xd00f]
[    0.277868] pci 0000:00:01.1: legacy IDE quirk: reg 0x10: [io  0x01f0-0x01f7]
[    0.277869] pci 0000:00:01.1: legacy IDE quirk: reg 0x14: [io  0x03f6]
[    0.277870] pci 0000:00:01.1: legacy IDE quirk: reg 0x18: [io  0x0170-0x0177]
[    0.277871] pci 0000:00:01.1: legacy IDE quirk: reg 0x1c: [io  0x0376]
[    0.278408] pci 0000:00:02.0: [15ad:0405] type 00 class 0x030000
[    0.280907] pci 0000:00:02.0: reg 0x10: [io  0xd010-0xd01f]
[    0.284875] pci 0000:00:02.0: reg 0x14: [mem 0xe0000000-0xe7ffffff pref]
[    0.287499] pci 0000:00:02.0: reg 0x18: [mem 0xf0000000-0xf01fffff]
[    0.297607] pci 0000:00:03.0: [1022:2000] type 00 class 0x020000
[    0.298281] pci 0000:00:03.0: reg 0x10: [io  0xd020-0xd03f]
[    0.298891] pci 0000:00:03.0: reg 0x14: [mem 0xf0200000-0xf0200fff]
[    0.302276] pci 0000:00:04.0: [80ee:cafe] type 00 class 0x088000
[    0.302947] pci 0000:00:04.0: reg 0x10: [io  0xd040-0xd05f]
[    0.303558] pci 0000:00:04.0: reg 0x14: [mem 0xf0400000-0xf07fffff]
[    0.304946] pci 0000:00:04.0: reg 0x18: [mem 0xf0800000-0xf0803fff pref]
[    0.308478] pci 0000:00:07.0: [8086:7113] type 00 class 0x068000
[    0.309195] pci 0000:00:07.0: quirk: [io  0x4000-0x403f] claimed by PIIX4 ACPI
[    0.309208] pci 0000:00:07.0: quirk: [io  0x4100-0x410f] claimed by PIIX4 SMB
[    0.309795] pci 0000:00:08.0: [1022:2000] type 00 class 0x020000
[    0.310462] pci 0000:00:08.0: reg 0x10: [io  0xd060-0xd07f]
[    0.311066] pci 0000:00:08.0: reg 0x14: [mem 0xf0804000-0xf0804fff]
[    0.314227] pci 0000:00:09.0: [8086:100e] type 00 class 0x020000
[    0.314936] pci 0000:00:09.0: reg 0x10: [mem 0xf0820000-0xf083ffff]
[    0.316145] pci 0000:00:09.0: reg 0x18: [io  0xd080-0xd087]
[    0.325815] ACPI: PCI Interrupt Link [LNKA] (IRQs 5 9 10 *11)
[    0.326096] ACPI: PCI Interrupt Link [LNKB] (IRQs 5 9 *10 11)
[    0.326199] ACPI: PCI Interrupt Link [LNKC] (IRQs 5 *9 10 11)
[    0.326304] ACPI: PCI Interrupt Link [LNKD] (IRQs 5 9 10 *11)
[    0.326563] iommu: Default domain type: Translated 
[    0.326626] pci 0000:00:02.0: vgaarb: setting as boot VGA device
[    0.326628] pci 0000:00:02.0: vgaarb: VGA device added: decodes=io+mem,owns=io+mem,locks=none
[    0.326630] pci 0000:00:02.0: vgaarb: bridge control possible
[    0.326630] vgaarb: loaded
[    0.326838] SCSI subsystem initialized
[    0.326872] libata version 3.00 loaded.
[    0.326895] ACPI: bus type USB registered
[    0.326911] usbcore: registered new interface driver usbfs
[    0.326917] usbcore: registered new interface driver hub
[    0.326922] usbcore: registered new device driver usb
[    0.326949] pps_core: LinuxPPS API ver. 1 registered
[    0.326949] pps_core: Software ver. 5.3.6 - Copyright 2005-2007 Rodolfo Giometti <giometti@linux.it>
[    0.326951] PTP clock support registered
[    0.326984] EDAC MC: Ver: 3.0.0
[    0.329072] PCI: Using ACPI for IRQ routing
[    0.329074] PCI: pci_cache_line_size set to 64 bytes
[    0.329246] e820: reserve RAM buffer [mem 0x0009fc00-0x0009ffff]
[    0.329250] e820: reserve RAM buffer [mem 0x7fff0000-0x7fffffff]
[    0.330053] NetLabel: Initializing
[    0.330054] NetLabel:  domain hash size = 128
[    0.330054] NetLabel:  protocols = UNLABELED CIPSOv4 CALIPSO
[    0.330074] NetLabel:  unlabeled traffic allowed by default
[    0.330977] clocksource: Switched to clocksource kvm-clock
[    0.343061] *** VALIDATE bpf ***
[    0.343120] VFS: Disk quotas dquot_6.6.0
[    0.343131] VFS: Dquot-cache hash table entries: 512 (order 0, 4096 bytes)
[    0.343153] *** VALIDATE ramfs ***
[    0.343156] *** VALIDATE hugetlbfs ***
[    0.343234] AppArmor: AppArmor Filesystem Enabled
[    0.343257] pnp: PnP ACPI init
[    0.343317] pnp 00:00: Plug and Play ACPI device, IDs PNP0303 (active)
[    0.343401] pnp 00:01: Plug and Play ACPI device, IDs PNP0f03 (active)
[    0.344147] pnp: PnP ACPI: found 2 devices
[    0.345098] thermal_sys: Registered thermal governor 'fair_share'
[    0.345099] thermal_sys: Registered thermal governor 'bang_bang'
[    0.345100] thermal_sys: Registered thermal governor 'step_wise'
[    0.345100] thermal_sys: Registered thermal governor 'user_space'
[    0.345101] thermal_sys: Registered thermal governor 'power_allocator'
[    0.349630] clocksource: acpi_pm: mask: 0xffffff max_cycles: 0xffffff, max_idle_ns: 2085701024 ns
[    0.349669] pci_bus 0000:00: resource 4 [io  0x0000-0x0cf7 window]
[    0.349670] pci_bus 0000:00: resource 5 [io  0x0d00-0xffff window]
[    0.349671] pci_bus 0000:00: resource 6 [mem 0x000a0000-0x000bffff window]
[    0.349672] pci_bus 0000:00: resource 7 [mem 0x80000000-0xfdffffff window]
[    0.349729] NET: Registered protocol family 2
[    0.349803] IP idents hash table entries: 32768 (order: 6, 262144 bytes, linear)
[    0.350204] MPTCP tokens hash table entries: 8192 (order: 4, 65536 bytes, linear)
[    0.350224] MPTCP request tokens hash table entries: 8192 (order: 4, 65536 bytes, linear)
[    0.350249] default registered
[    0.350250] default registered
[    0.350250] MPTCP: Stable release v0.96
[    0.350255] tcp_listen_portaddr_hash hash table entries: 1024 (order: 2, 16384 bytes, linear)
[    0.350333] TCP established hash table entries: 16384 (order: 5, 131072 bytes, linear)
[    0.350392] TCP bind hash table entries: 16384 (order: 6, 262144 bytes, linear)
[    0.350418] TCP: Hash tables configured (established 16384 bind 16384)
[    0.351142] UDP hash table entries: 1024 (order: 3, 32768 bytes, linear)
[    0.351153] UDP-Lite hash table entries: 1024 (order: 3, 32768 bytes, linear)
[    0.351190] NET: Registered protocol family 1
[    0.351198] NET: Registered protocol family 44
[    0.351248] pci 0000:00:00.0: Limiting direct PCI/PCI transfers
[    0.351262] pci 0000:00:01.0: Activating ISA DMA hang workarounds
[    0.351317] pci 0000:00:02.0: Video device with shadowed ROM at [mem 0x000c0000-0x000dffff]
[    0.351380] PCI: CLS 0 bytes, default 64
[    0.351428] Trying to unpack rootfs image as initramfs...
[    0.523439] Freeing initrd memory: 47868K
[    0.523439] clocksource: tsc: mask: 0xffffffffffffffff max_cycles: 0x1e4530a99b6, max_idle_ns: 440795257976 ns
[    0.523439] clocksource: Switched to clocksource tsc
[    0.523439] platform rtc_cmos: registered platform RTC device (no PNP device found)
[    0.523439] check: Scanning for low memory corruption every 60 seconds
[    0.523439] Initialise system trusted keyrings
[    0.523439] Key type blacklist registered
[    0.523439] workingset: timestamp_bits=36 max_order=19 bucket_order=0
[    0.523439] zbud: loaded
[    0.523439] squashfs: version 4.0 (2009/01/31) Phillip Lougher
[    0.523439] fuse: init (API version 7.31)
[    0.523439] *** VALIDATE fuse ***
[    0.523439] *** VALIDATE fuse ***
[    0.523439] Platform Keyring initialized
[    0.535628] Key type asymmetric registered
[    0.535629] Asymmetric key parser 'x509' registered
[    0.535640] Block layer SCSI generic (bsg) driver version 0.4 loaded (major 244)
[    0.535680] io scheduler mq-deadline registered
[    0.535803] shpchp: Standard Hot Plug PCI Controller Driver version: 0.4
[    0.536000] ACPI: AC Adapter [AC] (on-line)
[    0.536044] input: Power Button as /devices/LNXSYSTM:00/LNXPWRBN:00/input/input0
[    0.536072] ACPI: Power Button [PWRF]
[    0.536144] input: Sleep Button as /devices/LNXSYSTM:00/LNXSLPBN:00/input/input1
[    0.536159] ACPI: Sleep Button [SLPF]
[    0.536377] Serial: 8250/16550 driver, 32 ports, IRQ sharing enabled
[    0.537526] Linux agpgart interface v0.103
[    0.627194] loop: module loaded
[    0.627354] ata_piix 0000:00:01.1: version 2.13
[    0.627760] scsi host0: ata_piix
[    0.627851] scsi host1: ata_piix
[    0.627877] ata1: PATA max UDMA/33 cmd 0x1f0 ctl 0x3f6 bmdma 0xd000 irq 14
[    0.627878] ata2: PATA max UDMA/33 cmd 0x170 ctl 0x376 bmdma 0xd008 irq 15
[    0.627960] tun: Universal TUN/TAP device driver, 1.6
[    0.628263] PPP generic driver version 2.4.2
[    0.628304] VFIO - User Level meta-driver version: 0.3
[    0.628540] ehci_hcd: USB 2.0 'Enhanced' Host Controller (EHCI) Driver
[    0.628544] ehci-pci: EHCI PCI platform driver
[    0.628560] ehci-platform: EHCI generic platform driver
[    0.628565] ohci_hcd: USB 1.1 'Open' Host Controller (OHCI) Driver
[    0.628567] ohci-pci: OHCI PCI platform driver
[    0.628574] ohci-platform: OHCI generic platform driver
[    0.628578] uhci_hcd: USB Universal Host Controller Interface driver
[    0.628642] i8042: PNP: PS/2 Controller [PNP0303:PS2K,PNP0f03:PS2M] at 0x60,0x64 irq 1,12
[    0.629074] serio: i8042 KBD port at 0x60,0x64 irq 1
[    0.629077] serio: i8042 AUX port at 0x60,0x64 irq 12
[    0.629164] mousedev: PS/2 mouse device common for all mice
[    0.629410] input: AT Translated Set 2 keyboard as /devices/platform/i8042/serio0/input/input2
[    0.629805] rtc_cmos rtc_cmos: registered as rtc0
[    0.629818] rtc_cmos rtc_cmos: alarms up to one day, 114 bytes nvram
[    0.629823] i2c /dev entries driver
[    0.629865] device-mapper: uevent: version 1.0.3
[    0.629907] device-mapper: ioctl: 4.41.0-ioctl (2019-09-16) initialised: dm-devel@redhat.com
[    0.629922] platform eisa.0: Probing EISA bus 0
[    0.629923] platform eisa.0: EISA: Cannot allocate resource for mainboard
[    0.629925] platform eisa.0: Cannot allocate resource for EISA slot 1
[    0.629926] platform eisa.0: Cannot allocate resource for EISA slot 2
[    0.629927] platform eisa.0: Cannot allocate resource for EISA slot 3
[    0.629928] platform eisa.0: Cannot allocate resource for EISA slot 4
[    0.629928] platform eisa.0: Cannot allocate resource for EISA slot 5
[    0.629929] platform eisa.0: Cannot allocate resource for EISA slot 6
[    0.629930] platform eisa.0: Cannot allocate resource for EISA slot 7
[    0.629931] platform eisa.0: Cannot allocate resource for EISA slot 8
[    0.629932] platform eisa.0: EISA: Detected 0 cards
[    0.629935] intel_pstate: CPU model not supported
[    0.629944] ledtrig-cpu: registered to indicate activity on CPUs
[    0.629999] drop_monitor: Initializing network drop monitor service
[    0.630156] NET: Registered protocol family 10
[    0.635227] Segment Routing with IPv6
[    0.635257] fullmesh registered
[    0.635258] ndiffports registered
[    0.635261] binder registered
[    0.635261] roundrobin registered
[    0.635262] redundant registered
[    0.635262] blest registered
[    0.635263] ecf registered
[    0.635270] NET: Registered protocol family 17
[    0.635313] Key type dns_resolver registered
[    0.635313] RAS: Correctable Errors collector initialized.
[    0.635313] IPI shorthand broadcast: enabled
[    0.635313] sched_clock: Marking stable (620155931, 11157405)->(632415689, -1102353)
[    0.635491] registered taskstats version 1
[    0.635500] Loading compiled-in X.509 certificates
[    0.636088] Loaded X.509 cert 'Build time autogenerated kernel key: 6909f3744cebb3d0de528d5887b96a727de79b1e'
[    0.636105] zswap: loaded using pool lzo/zbud
[    0.636156] Key type ._fscrypt registered
[    0.636157] Key type .fscrypt registered
[    0.640599] Key type big_key registered
[    0.642784] Key type encrypted registered
[    0.642787] AppArmor: AppArmor sha1 policy hashing enabled
[    0.642794] ima: No TPM chip found, activating TPM-bypass!
[    0.642798] ima: Allocated hash algorithm: sha1
[    0.642803] ima: No architecture policies found
[    0.642812] evm: Initialising EVM extended attributes:
[    0.642812] evm: security.selinux
[    0.642813] evm: security.SMACK64
[    0.642813] evm: security.SMACK64EXEC
[    0.642814] evm: security.SMACK64TRANSMUTE
[    0.642814] evm: security.SMACK64MMAP
[    0.642814] evm: security.apparmor
[    0.642815] evm: security.ima
[    0.642815] evm: security.capability
[    0.642816] evm: HMAC attrs: 0x1
[    0.643106] PM:   Magic number: 10:170:323
[    0.643123] tty tty48: hash matches
[    0.643226] rtc_cmos rtc_cmos: setting system clock to 2026-01-13T09:18:23 UTC (1768295903)
[    0.800083] ata1.00: ATA-6: VBOX HARDDISK, 1.0, max UDMA/133
[    0.800086] ata1.00: 209715200 sectors, multi 128: LBA 
[    0.800721] scsi 0:0:0:0: Direct-Access     ATA      VBOX HARDDISK    1.0  PQ: 0 ANSI: 5
[    0.800993] sd 0:0:0:0: [sda] 209715200 512-byte logical blocks: (107 GB/100 GiB)
[    0.801005] sd 0:0:0:0: [sda] Write Protect is off
[    0.801008] sd 0:0:0:0: [sda] Mode Sense: 00 3a 00 00
[    0.801027] sd 0:0:0:0: [sda] Write cache: enabled, read cache: enabled, doesn't support DPO or FUA
[    0.801330] sd 0:0:0:0: Attached scsi generic sg0 type 0
[    0.802124]  sda: sda1 sda2
[    0.811345] sd 0:0:0:0: [sda] Attached SCSI disk
[    0.814469] Freeing unused decrypted memory: 2040K
[    0.815387] Freeing unused kernel image memory: 2728K
[    0.815389] Write protecting the kernel read-only data: 22528k
[    0.816376] Freeing unused kernel image memory: 2036K
[    0.816910] Freeing unused kernel image memory: 1432K
[    0.841833] x86/mm: Checked W+X mappings: passed, no W+X pages found.
[    0.841837] Run /init as init process
[    0.948090] ACPI: Video Device [GFX0] (multi-head: yes  rom: no  post: no)
[    0.948163] input: Video Bus as /devices/LNXSYSTM:00/LNXSYBUS:00/PNP0A03:00/LNXVIDEO:00/input/input4
[    0.959724] pcnet32: pcnet32.c:v1.35 21.Apr.2008 tsbogend@alpha.franken.de
[    0.963002] piix4_smbus 0000:00:07.0: SMBus Host Controller at 0x4100, revision 0
[    0.963975] pcnet32: PCnet/FAST III 79C973 at 0xd020, 08:00:27:61:98:ac assigned IRQ 19
[    0.964019] pcnet32: Found PHY 0022:561b at address 0
[    0.964319] pcnet32: eth0: registered as PCnet/FAST III 79C973
[    0.968550] e1000: Intel(R) PRO/1000 Network Driver - version 7.3.21-k8-NAPI
[    0.968550] e1000: Copyright (c) 1999-2006 Intel Corporation.
[    0.978894] pcnet32: PCnet/FAST III 79C973 at 0xd060, 08:00:27:05:12:c1 assigned IRQ 16
[    0.978939] pcnet32: Found PHY 0022:561b at address 0
[    0.979249] pcnet32: eth1: registered as PCnet/FAST III 79C973
[    0.981663] pcnet32: 2 cards_found
[    1.041089] pcnet32 0000:00:03.0 enp0s3: renamed from eth0
[    1.044197] pcnet32 0000:00:08.0 enp0s8: renamed from eth1
[    1.180982] input: ImExPS/2 Generic Explorer Mouse as /devices/platform/i8042/serio1/input/input5
[    1.379443] e1000 0000:00:09.0 eth0: (PCI:33MHz:32-bit) 08:00:27:8d:23:7e
[    1.379447] e1000 0000:00:09.0 eth0: Intel(R) PRO/1000 Network Connection
[    1.380513] e1000 0000:00:09.0 enp0s9: renamed from eth0
[    1.527358] EXT4-fs (sda2): mounted filesystem with ordered data mode. Opts: (null)
[    1.609257] systemd[1]: Inserted module 'autofs4'
[    1.619072] systemd[1]: systemd 245.4-4ubuntu3 running in system mode. (+PAM +AUDIT +SELINUX +IMA +APPARMOR +SMACK +SYSVINIT +UTMP +LIBCRYPTSETUP +GCRYPT +GNUTLS +ACL +XZ +LZ4 +SECCOMP +BLKID +ELFUTILS +KMOD +IDN2 -IDN +PCRE2 default-hierarchy=hybrid)
[    1.619102] systemd[1]: Detected virtualization oracle.
[    1.619104] systemd[1]: Detected architecture x86-64.
[    1.620410] systemd[1]: Set hostname to <ztg>.
[    1.741379] systemd[1]: /lib/systemd/system/dbus.socket:5: ListenStream= references a path below legacy directory /var/run/, updating /var/run/dbus/system_bus_socket â†’ /run/dbus/system_bus_socket; please update the unit file accordingly.
[    1.792043] systemd[1]: Created slice system-modprobe.slice.
[    1.792222] systemd[1]: Created slice User and Session Slice.
[    1.792263] systemd[1]: Started Forward Password Requests to Wall Directory Watch.
[    1.792414] systemd[1]: Set up automount Arbitrary Executable File Formats File System Automount Point.
[    1.792446] systemd[1]: Reached target User and Group Name Lookups.
[    1.792454] systemd[1]: Reached target Remote File Systems.
[    1.792461] systemd[1]: Reached target Slices.
[    1.793012] systemd[1]: Listening on Syslog Socket.
[    1.793078] systemd[1]: Listening on fsck to fsckd communication Socket.
[    1.793113] systemd[1]: Listening on initctl Compatibility Named Pipe.
[    1.793242] systemd[1]: Listening on Journal Audit Socket.
[    1.793294] systemd[1]: Listening on Journal Socket (/dev/log).
[    1.793359] systemd[1]: Listening on Journal Socket.
[    1.793421] systemd[1]: Listening on udev Control Socket.
[    1.793462] systemd[1]: Listening on udev Kernel Socket.
[    1.794167] systemd[1]: Mounting Huge Pages File System...
[    1.795048] systemd[1]: Mounting POSIX Message Queue File System...
[    1.795938] systemd[1]: Mounting Kernel Debug File System...
[    1.796769] systemd[1]: Mounting Kernel Trace File System...
[    1.798614] systemd[1]: Starting Journal Service...
[    1.821910] systemd[1]: Starting Set the console keyboard layout...
[    1.829562] systemd[1]: Starting Create list of static device nodes for the current kernel...
[    1.831601] systemd[1]: Starting Load Kernel Module drm...
[    1.832690] systemd[1]: Condition check resulted in Set Up Additional Binary Formats being skipped.
[    1.832739] systemd[1]: Condition check resulted in File System Check on Root Device being skipped.
[    1.838430] systemd[1]: Starting Load Kernel Modules...
[    1.839156] systemd[1]: Starting Remount Root and Kernel File Systems...
[    1.857546] systemd[1]: Starting udev Coldplug all Devices...
[    1.879909] systemd[1]: Starting Uncomplicated firewall...
[    1.887685] systemd[1]: Mounted Huge Pages File System.
[    1.887778] systemd[1]: Mounted POSIX Message Queue File System.
[    1.887856] systemd[1]: Mounted Kernel Debug File System.
[    1.887922] systemd[1]: Mounted Kernel Trace File System.
[    1.891726] EXT4-fs (sda2): re-mounted. Opts: errors=remount-ro
[    1.893716] systemd[1]: Finished Create list of static device nodes for the current kernel.
[    1.911231] systemd[1]: Finished Remount Root and Kernel File Systems.
[    1.911475] systemd[1]: modprobe@drm.service: Succeeded.
[    1.911690] systemd[1]: Finished Load Kernel Module drm.
[    1.914074] systemd[1]: Finished Uncomplicated firewall.
[    1.929453] systemd[1]: Condition check resulted in Rebuild Hardware Database being skipped.
[    1.929489] systemd[1]: Condition check resulted in Platform Persistent Storage Archival being skipped.
[    1.930180] systemd[1]: Starting Load/Save Random Seed...
[    1.930931] systemd[1]: Starting Create System Users...
[    1.972680] lp: driver loaded but no devices found
[    1.978637] systemd[1]: Finished Load/Save Random Seed.
[    1.979821] systemd[1]: Finished Create System Users.
[    1.980569] systemd[1]: Starting Create Static Device Nodes in /dev...
[    1.990124] ppdev: user-space parallel port driver
[    1.999124] systemd[1]: Finished udev Coldplug all Devices.
[    2.004319] systemd[1]: Finished Create Static Device Nodes in /dev.
[    2.005085] systemd[1]: Starting udev Kernel Device Manager...
[    2.074944] [drm] DMA map mode: Caching DMA mappings.
[    2.075023] [drm] Capabilities:
[    2.075024] [drm]   Rect copy.
[    2.075024] [drm]   Cursor.
[    2.075024] [drm]   Cursor bypass.
[    2.075025] [drm]   Cursor bypass 2.
[    2.075025] [drm]   Alpha cursor.
[    2.075025] [drm]   Extended Fifo.
[    2.075026] [drm]   Pitchlock.
[    2.075026] [drm]   Irq mask.
[    2.075026] [drm]   GMR.
[    2.075027] [drm]   Traces.
[    2.075027] [drm]   GMR2.
[    2.075028] [drm]   Screen Object 2.
[    2.075028] [drm]   Command Buffers.
[    2.075028] [drm]   Command Buffers 2.
[    2.075029] [drm]   Guest Backed Resources.
[    2.075030] [drm] Max GMR ids is 8192
[    2.075030] [drm] Max number of GMR pages is 1048576
[    2.075031] [drm] Max dedicated hypervisor surface memory is 393216 kiB
[    2.075031] [drm] Maximum display memory size is 131072 kiB
[    2.075032] [drm] VRAM at 0xe0000000 size is 131072 kiB
[    2.075033] [drm] MMIO at 0xf0000000 size is 2048 kiB
[    2.075670] [TTM] Zone  kernel: Available graphics memory: 1011738 KiB
[    2.075671] [TTM] Initializing pool allocator
[    2.075675] [TTM] Initializing DMA pool allocator
[    2.075703] [drm] Supports vblank timestamp caching Rev 2 (21.10.2013).
[    2.075703] [drm] No driver support for vblank timestamp query.
[    2.075923] [drm] Screen Target Display device initialized
[    2.076114] [drm] width 720
[    2.076123] [drm] height 400
[    2.076126] [drm] bpp 32
[    2.076663] [drm] Fifo max 0x00200000 min 0x00001000 cap 0x00000355
[    2.077701] [drm] Using command buffers with DMA pool.
[    2.077707] [drm] DX: no.
[    2.077707] [drm] Atomic: yes.
[    2.077708] [drm] SM4_1: no.
[    2.077728] [drm:vmw_host_log [vmwgfx]] *ERROR* Failed to send host log message.
[    2.078665] [drm:vmw_host_log [vmwgfx]] *ERROR* Failed to send host log message.
[    2.088493] systemd[1]: Finished Set the console keyboard layout.
[    2.088597] systemd[1]: Reached target Local File Systems (Pre).
[    2.090775] systemd[1]: Mounting Mount unit for bare, revision 5...
[    2.092927] systemd[1]: Mounting Mount unit for core18, revision 1705...
[    2.097309] fbcon: svgadrmfb (fb0) is primary device
[    2.099488] Console: switching to colour frame buffer device 100x37
[    2.102685] systemd[1]: Mounting Mount unit for gnome-3-34-1804, revision 24...
[    2.105469] [drm] Initialized vmwgfx 2.15.0 20180704 for 0000:00:02.0 on minor 0
[    2.115649] systemd[1]: Mounting Mount unit for gtk-common-themes, revision 1506...
[    2.123875] systemd[1]: Mounting Mount unit for gtk-common-themes, revision 1535...
[    2.135478] systemd[1]: Mounting Mount unit for snap-store, revision 433...
[    2.159122] systemd[1]: Mounting Mount unit for snapd, revision 25935...
[    2.163385] systemd[1]: Finished Load Kernel Modules.
[    2.167286] systemd[1]: Mounting FUSE Control File System...
[    2.171984] systemd[1]: Mounting Kernel Configuration File System...
[    2.173424] systemd[1]: Starting Apply Kernel Variables...
[    2.174465] systemd[1]: Mounted FUSE Control File System.
[    2.174535] systemd[1]: Condition check resulted in VMware vmblock fuse mount being skipped.
[    2.208761] systemd[1]: Mounted Mount unit for bare, revision 5.
[    2.208896] systemd[1]: Mounted Mount unit for core18, revision 1705.
[    2.208976] systemd[1]: Mounted Mount unit for gnome-3-34-1804, revision 24.
[    2.209047] systemd[1]: Mounted Mount unit for gtk-common-themes, revision 1506.
[    2.209119] systemd[1]: Mounted Kernel Configuration File System.
[    2.209806] systemd[1]: Finished Apply Kernel Variables.
[    2.220838] systemd[1]: Started udev Kernel Device Manager.
[    2.221520] systemd[1]: Starting Show Plymouth Boot Screen...
[    2.229873] systemd[1]: Mounted Mount unit for gtk-common-themes, revision 1535.
[    2.229982] systemd[1]: Mounted Mount unit for snap-store, revision 433.
[    2.230069] systemd[1]: Mounted Mount unit for snapd, revision 25935.
[    2.230136] systemd[1]: Received SIGRTMIN+20 from PID 283 (plymouthd).
[    2.230162] systemd[1]: Reached target Local File Systems.
[    2.251120] systemd[1]: Starting Load AppArmor profiles...
[    2.257587] systemd[1]: Starting Set console font and keymap...
[    2.265898] systemd[1]: Starting Tell Plymouth To Write Out Runtime Data...
[    2.267587] systemd[1]: Condition check resulted in Store a System Token in an EFI Variable being skipped.
[    2.267650] systemd[1]: Condition check resulted in Commit a transient machine-id on disk being skipped.
[    2.273489] systemd[1]: Finished Set console font and keymap.
[    2.281704] systemd[1]: Received SIGRTMIN+20 from PID 283 (plymouthd).
[    2.282282] systemd[1]: plymouth-read-write.service: Succeeded.
[    2.282554] systemd[1]: Finished Tell Plymouth To Write Out Runtime Data.
[    2.282832] systemd[1]: Started Show Plymouth Boot Screen.
[    2.282943] systemd[1]: Condition check resulted in Dispatch Password Requests to Console Directory Watch being skipped.
[    2.283016] systemd[1]: Started Forward Password Requests to Plymouth Directory Watch.
[    2.283046] systemd[1]: Reached target Local Encrypted Volumes.
[    2.301632] audit: type=1400 audit(1768295905.152:2): apparmor="STATUS" operation="profile_load" profile="unconfined" name="nvidia_modprobe" pid=296 comm="apparmor_parser"
[    2.301634] audit: type=1400 audit(1768295905.152:3): apparmor="STATUS" operation="profile_load" profile="unconfined" name="nvidia_modprobe//kmod" pid=296 comm="apparmor_parser"
[    2.310195] audit: type=1400 audit(1768295905.164:4): apparmor="STATUS" operation="profile_load" profile="unconfined" name="/usr/sbin/tcpdump" pid=302 comm="apparmor_parser"
[    2.357196] audit: type=1400 audit(1768295905.204:5): apparmor="STATUS" operation="profile_load" profile="unconfined" name="/usr/bin/evince" pid=304 comm="apparmor_parser"
[    2.357198] audit: type=1400 audit(1768295905.204:6): apparmor="STATUS" operation="profile_load" profile="unconfined" name="/usr/bin/evince//sanitized_helper" pid=304 comm="apparmor_parser"
[    2.357200] audit: type=1400 audit(1768295905.204:7): apparmor="STATUS" operation="profile_load" profile="unconfined" name="/usr/bin/evince-previewer" pid=304 comm="apparmor_parser"
[    2.357202] audit: type=1400 audit(1768295905.204:8): apparmor="STATUS" operation="profile_load" profile="unconfined" name="/usr/bin/evince-previewer//sanitized_helper" pid=304 comm="apparmor_parser"
[    2.357203] audit: type=1400 audit(1768295905.204:9): apparmor="STATUS" operation="profile_load" profile="unconfined" name="/usr/bin/evince-thumbnailer" pid=304 comm="apparmor_parser"
[    2.383967] audit: type=1400 audit(1768295905.236:10): apparmor="STATUS" operation="profile_load" profile="unconfined" name="/usr/lib/cups/backend/cups-pdf" pid=305 comm="apparmor_parser"
[    2.456238] systemd[1]: Finished Load AppArmor profiles.
[    2.457145] systemd[1]: Starting Load AppArmor profiles managed internally by snapd...
[    2.561344] systemd[1]: Finished Load AppArmor profiles managed internally by snapd.
[    2.783497] systemd[1]: Started Journal Service.
[    2.793230] systemd-journald[229]: Received client request to flush runtime journal.
[    2.795918] systemd-journald[229]: File /var/log/journal/c455b248004a419c87ce85eea238d727/system.journal corrupted or uncleanly shut down, renaming and replacing.
[    4.011253] RAPL PMU: API unit is 2^-32 Joules, 0 fixed counters, 10737418240 ms ovfl timer
[    4.072814] cryptd: max_cpu_qlen set to 1000
[    4.123218] AVX2 version of gcm_enc/dec engaged.
[    4.123219] AES CTR mode by8 optimization enabled
[    5.937859] Adding 1998844k swap on /dev/sda1.  Priority:-2 extents:1 across:1998844k FS
[    6.872437] kauditd_printk_skb: 30 callbacks suppressed
[    6.872438] audit: type=1400 audit(1768295909.724:41): apparmor="DENIED" operation="capable" profile="/usr/sbin/cups-browsed" pid=509 comm="cups-browsed" capability=23  capname="sys_nice"
[    8.410915] pcnet32 0000:00:03.0 enp0s3: link up, 100Mbps, full-duplex
[    8.429764] pcnet32 0000:00:08.0 enp0s8: link up, 100Mbps, full-duplex
[    8.463889] e1000: enp0s9 NIC Link is Up 1000 Mbps Full Duplex, Flow Control: RX
[    8.464187] IPv6: ADDRCONF(NETDEV_CHANGE): enp0s9: link becomes ready
[    8.994815] device enp0s8 entered promiscuous mode
[    9.012849] device enp0s3 entered promiscuous mode
[    9.073248] audit: type=1400 audit(1768295911.928:42): apparmor="DENIED" operation="open" profile="/usr/sbin/tcpdump" name="/proc/sys/kernel/random/boot_id" pid=619 comm="tcpdump" requested_mask="r" denied_mask="r" fsuid=0 ouid=0
[    9.073807] audit: type=1400 audit(1768295911.928:43): apparmor="DENIED" operation="open" profile="/usr/sbin/tcpdump" name="/proc/sys/kernel/random/boot_id" pid=618 comm="tcpdump" requested_mask="r" denied_mask="r" fsuid=0 ouid=0
[    9.074348] audit: type=1400 audit(1768295911.928:44): apparmor="DENIED" operation="open" profile="/usr/sbin/tcpdump" name="/proc/sys/kernel/random/boot_id" pid=618 comm="tcpdump" requested_mask="r" denied_mask="r" fsuid=0 ouid=0
[    9.074363] audit: type=1400 audit(1768295911.928:45): apparmor="DENIED" operation="open" profile="/usr/sbin/tcpdump" name="/proc/sys/kernel/random/boot_id" pid=619 comm="tcpdump" requested_mask="r" denied_mask="r" fsuid=0 ouid=0
[    9.074403] audit: type=1400 audit(1768295911.928:46): apparmor="DENIED" operation="open" profile="/usr/sbin/tcpdump" name="/proc/sys/kernel/random/boot_id" pid=618 comm="tcpdump" requested_mask="r" denied_mask="r" fsuid=0 ouid=0
[    9.074642] audit: type=1400 audit(1768295911.928:47): apparmor="DENIED" operation="open" profile="/usr/sbin/tcpdump" name="/proc/sys/kernel/random/boot_id" pid=619 comm="tcpdump" requested_mask="r" denied_mask="r" fsuid=0 ouid=0
[    9.074732] audit: type=1400 audit(1768295911.928:48): apparmor="DENIED" operation="open" profile="/usr/sbin/tcpdump" name="/proc/sys/kernel/random/boot_id" pid=618 comm="tcpdump" requested_mask="r" denied_mask="r" fsuid=0 ouid=0
[    9.075001] audit: type=1400 audit(1768295911.928:49): apparmor="DENIED" operation="open" profile="/usr/sbin/tcpdump" name="/proc/sys/kernel/random/boot_id" pid=619 comm="tcpdump" requested_mask="r" denied_mask="r" fsuid=0 ouid=0
[    9.082966] audit: type=1400 audit(1768295911.936:50): apparmor="DENIED" operation="open" profile="/usr/sbin/tcpdump" name="/proc/sys/kernel/random/boot_id" pid=621 comm="tcpdump" requested_mask="r" denied_mask="r" fsuid=0 ouid=0
[   15.120671] rfkill: input handler disabled
[  283.180907] AAAAA-TCP_FORW: name:enp0s3: saddr:16783984: daddr:100932208
[  284.558906] AAAAA-TCP_FORW: name:enp0s8: saddr:100932208: daddr:33561200
[  284.752042] AAAAA-TCP_FORW: name:enp0s8: saddr:100932208: daddr:16783984
[  284.845896] AAAAA-TCP_FORW: name:enp0s8: saddr:100932208: daddr:16783984
[  284.965777] AAAAA-TCP_FORW: name:enp0s8: saddr:100932208: daddr:33561200
[  285.102531] AAAAA-TCP_FORW: name:enp0s8: saddr:100932208: daddr:16783984
[  285.161573] AAAAA-TCP_FORW: name:enp0s8: saddr:100932208: daddr:16783984
[  285.296085] AAAAA-TCP_FORW: name:enp0s8: saddr:100932208: daddr:16783984
[  285.489341] AAAAA-TCP_FORW: name:enp0s8: saddr:100932208: daddr:33561200
[  285.815789] AAAAA-TCP_FORW: name:enp0s8: saddr:100932208: daddr:33561200
[  285.883421] AAAAA-TCP_FORW: name:enp0s8: saddr:100932208: daddr:16783984
[  286.075649] AAAAA-TCP_FORW: name:enp0s8: saddr:100932208: daddr:16783984
[  286.199640] AAAAA-TCP_FORW: name:enp0s8: saddr:100932208: daddr:16783984
[  286.329996] AAAAA-TCP_FORW: name:enp0s8: saddr:100932208: daddr:33561200
[  286.442085] AAAAA-TCP_FORW: name:enp0s8: saddr:100932208: daddr:33561200
[  286.512511] AAAAA-TCP_FORW: name:enp0s8: saddr:100932208: daddr:33561200
[  286.604600] AAAAA-TCP_FORW: name:enp0s8: saddr:100932208: daddr:33561200
[  286.676657] AAAAA-TCP_FORW: name:enp0s8: saddr:100932208: daddr:16783984
[  286.810268] AAAAA-TCP_FORW: name:enp0s8: saddr:100932208: daddr:16783984
[  286.907200] AAAAA-TCP_FORW: name:enp0s8: saddr:100932208: daddr:16783984
[  286.908673] AAAAA-TCP_FORW: name:enp0s3: saddr:16783984: daddr:100932208
[  287.030872] AAAAA-TCP_FORW: name:enp0s8: saddr:100932208: daddr:16783984
[  287.031983] AAAAA-TCP_FORW: name:enp0s3: saddr:16783984: daddr:100932208
[  287.108349] AAAAA-TCP_FORW: name:enp0s8: saddr:100932208: daddr:16783984
[  287.109534] AAAAA-TCP_FORW: name:enp0s3: saddr:16783984: daddr:100932208
[  287.176366] AAAAA-TCP_FORW: name:enp0s8: saddr:100932208: daddr:16783984
[  287.177447] AAAAA-TCP_FORW: name:enp0s3: saddr:16783984: daddr:100932208
[  287.225691] AAAAA-TCP_FORW: name:enp0s8: saddr:100932208: daddr:16783984
[  287.226872] AAAAA-TCP_FORW: name:enp0s3: saddr:16783984: daddr:100932208
[  287.463657] AAAAA-TCP_FORW: name:enp0s8: saddr:100932208: daddr:16783984
[  287.464529] AAAAA-TCP_FORW: name:enp0s3: saddr:16783984: daddr:100932208
[  287.572678] AAAAA-TCP_FORW: name:enp0s8: saddr:100932208: daddr:16783984
[  287.574038] AAAAA-TCP_FORW: name:enp0s3: saddr:16783984: daddr:100932208
[  287.737332] AAAAA-TCP_FORW: name:enp0s8: saddr:100932208: daddr:16783984
[  287.737930] AAAAA-TCP_FORW: name:enp0s3: saddr:16783984: daddr:100932208
[  287.847799] AAAAA-TCP_FORW: name:enp0s8: saddr:100932208: daddr:33561200
[  287.848915] AAAAA-TCP_FORW: name:enp0s3: saddr:33561200: daddr:100932208
[  287.995702] AAAAA-TCP_FORW: name:enp0s8: saddr:100932208: daddr:33561200
[  287.996825] AAAAA-TCP_FORW: name:enp0s3: saddr:33561200: daddr:100932208
[  288.111001] AAAAA-TCP_FORW: name:enp0s8: saddr:100932208: daddr:33561200
[  288.111713] AAAAA-TCP_FORW: name:enp0s3: saddr:33561200: daddr:100932208
[  288.191354] AAAAA-TCP_FORW: name:enp0s8: saddr:100932208: daddr:33561200
[  288.192088] AAAAA-TCP_FORW: name:enp0s3: saddr:33561200: daddr:100932208
[  288.319233] AAAAA-TCP_FORW: name:enp0s8: saddr:100932208: daddr:33561200
[  288.319957] AAAAA-TCP_FORW: name:enp0s3: saddr:33561200: daddr:100932208
[  288.498442] AAAAA-TCP_FORW: name:enp0s8: saddr:100932208: daddr:33561200
[  288.499588] AAAAA-TCP_FORW: name:enp0s3: saddr:33561200: daddr:100932208
[  288.801015] AAAAA-TCP_FORW: name:enp0s8: saddr:100932208: daddr:33561200
[  288.801767] AAAAA-TCP_FORW: name:enp0s3: saddr:33561200: daddr:100932208
[  288.854514] AAAAA-TCP_FORW: name:enp0s8: saddr:100932208: daddr:33561200
[  288.855272] AAAAA-TCP_FORW: name:enp0s3: saddr:33561200: daddr:100932208
[  288.990237] AAAAA-TCP_FORW: name:enp0s8: saddr:100932208: daddr:33561200
[  288.991468] AAAAA-TCP_FORW: name:enp0s3: saddr:33561200: daddr:100932208
[  289.049904] AAAAA-TCP_FORW: name:enp0s8: saddr:100932208: daddr:33561200
[  289.050628] AAAAA-TCP_FORW: name:enp0s3: saddr:33561200: daddr:100932208
[  289.186859] AAAAA-TCP_FORW: name:enp0s8: saddr:100932208: daddr:16783984
[  289.188053] AAAAA-TCP_FORW: name:enp0s3: saddr:16783984: daddr:100932208
[  289.234102] AAAAA-TCP_FORW: name:enp0s8: saddr:100932208: daddr:16783984
[  289.235249] AAAAA-TCP_FORW: name:enp0s3: saddr:16783984: daddr:100932208
[  289.292173] AAAAA-TCP_FORW: name:enp0s8: saddr:100932208: daddr:16783984
[  289.293044] AAAAA-TCP_FORW: name:enp0s3: saddr:16783984: daddr:100932208
[  289.510101] AAAAA-TCP_FORW: name:enp0s8: saddr:100932208: daddr:16783984
[  289.511254] AAAAA-TCP_FORW: name:enp0s3: saddr:16783984: daddr:100932208
[  289.569916] AAAAA-TCP_FORW: name:enp0s8: saddr:100932208: daddr:33561200
[  289.571088] AAAAA-TCP_FORW: name:enp0s3: saddr:33561200: daddr:100932208
[  289.812966] AAAAA-TCP_FORW: name:enp0s8: saddr:100932208: daddr:16783984
[  289.814160] AAAAA-TCP_FORW: name:enp0s3: saddr:16783984: daddr:100932208
[  289.862672] AAAAA-TCP_FORW: name:enp0s8: saddr:100932208: daddr:33561200
[  289.863405] AAAAA-TCP_FORW: name:enp0s3: saddr:33561200: daddr:100932208
[  289.936056] AAAAA-TCP_FORW: name:enp0s8: saddr:100932208: daddr:16783984
[  289.937151] AAAAA-TCP_FORW: name:enp0s3: saddr:16783984: daddr:100932208
[  290.018634] AAAAA-TCP_FORW: name:enp0s8: saddr:100932208: daddr:16783984
[  290.019336] AAAAA-TCP_FORW: name:enp0s3: saddr:16783984: daddr:100932208
[  290.160213] AAAAA-TCP_FORW: name:enp0s8: saddr:100932208: daddr:16783984
[  290.160956] AAAAA-TCP_FORW: name:enp0s3: saddr:16783984: daddr:100932208
[  290.204711] AAAAA-TCP_FORW: name:enp0s8: saddr:100932208: daddr:16783984
[  290.205435] AAAAA-TCP_FORW: name:enp0s3: saddr:16783984: daddr:100932208
[  290.318160] AAAAA-TCP_FORW: name:enp0s8: saddr:100932208: daddr:16783984
[  290.318892] AAAAA-TCP_FORW: name:enp0s3: saddr:16783984: daddr:100932208
[  290.499336] AAAAA-TCP_FORW: name:enp0s8: saddr:100932208: daddr:16783984
[  290.500501] AAAAA-TCP_FORW: name:enp0s3: saddr:16783984: daddr:100932208
[  290.597727] AAAAA-TCP_FORW: name:enp0s8: saddr:100932208: daddr:16783984
[  290.598428] AAAAA-TCP_FORW: name:enp0s3: saddr:16783984: daddr:100932208
[  290.651710] AAAAA-TCP_FORW: name:enp0s8: saddr:100932208: daddr:16783984
[  290.652432] AAAAA-TCP_FORW: name:enp0s3: saddr:16783984: daddr:100932208
[  290.703467] AAAAA-TCP_FORW: name:enp0s8: saddr:100932208: daddr:16783984
[  290.704179] AAAAA-TCP_FORW: name:enp0s3: saddr:16783984: daddr:100932208
[  290.809637] AAAAA-TCP_FORW: name:enp0s8: saddr:100932208: daddr:16783984
[  290.811062] AAAAA-TCP_FORW: name:enp0s3: saddr:16783984: daddr:100932208
[  290.880121] AAAAA-TCP_FORW: name:enp0s8: saddr:100932208: daddr:16783984
[  290.910247] AAAAA-TCP_FORW: name:enp0s8: saddr:100932208: daddr:16783984
[  290.911365] AAAAA-TCP_FORW: name:enp0s3: saddr:16783984: daddr:100932208
[  290.984120] AAAAA-TCP_FORW: name:enp0s8: saddr:100932208: daddr:16783984
[  290.985403] AAAAA-TCP_FORW: name:enp0s3: saddr:16783984: daddr:100932208
[  291.035605] AAAAA-TCP_FORW: name:enp0s8: saddr:100932208: daddr:16783984
[  291.036534] AAAAA-TCP_FORW: name:enp0s3: saddr:16783984: daddr:100932208
[  291.093953] AAAAA-TCP_FORW: name:enp0s8: saddr:100932208: daddr:16783984
[  291.095957] AAAAA-TCP_FORW: name:enp0s3: saddr:16783984: daddr:100932208
[  291.147551] AAAAA-TCP_FORW: name:enp0s8: saddr:100932208: daddr:16783984
[  291.148929] AAAAA-TCP_FORW: name:enp0s3: saddr:16783984: daddr:100932208
[  291.365820] AAAAA-TCP_FORW: name:enp0s8: saddr:100932208: daddr:33561200
[  291.367019] AAAAA-TCP_FORW: name:enp0s3: saddr:33561200: daddr:100932208
[  291.454816] AAAAA-TCP_FORW: name:enp0s8: saddr:100932208: daddr:16783984
[  291.455947] AAAAA-TCP_FORW: name:enp0s3: saddr:16783984: daddr:100932208
[  291.557728] AAAAA-TCP_FORW: name:enp0s8: saddr:100932208: daddr:16783984
[  291.558905] AAAAA-TCP_FORW: name:enp0s3: saddr:16783984: daddr:100932208
[  291.658114] AAAAA-TCP_FORW: name:enp0s8: saddr:100932208: daddr:33561200
[  291.659430] AAAAA-TCP_FORW: name:enp0s3: saddr:33561200: daddr:100932208
[  291.736867] AAAAA-TCP_FORW: name:enp0s8: saddr:100932208: daddr:33561200
[  291.737572] AAAAA-TCP_FORW: name:enp0s3: saddr:33561200: daddr:100932208
[  291.894174] AAAAA-TCP_FORW: name:enp0s8: saddr:100932208: daddr:33561200
[  291.895307] AAAAA-TCP_FORW: name:enp0s3: saddr:33561200: daddr:100932208
[  291.928467] AAAAA-TCP_FORW: name:enp0s8: saddr:100932208: daddr:33561200
[  291.929218] AAAAA-TCP_FORW: name:enp0s3: saddr:33561200: daddr:100932208
[  292.307578] AAAAA-TCP_FORW: name:enp0s8: saddr:100932208: daddr:33561200
[  292.308665] AAAAA-TCP_FORW: name:enp0s3: saddr:33561200: daddr:100932208
[  292.388900] AAAAA-TCP_FORW: name:enp0s8: saddr:100932208: daddr:33561200
[  292.390002] AAAAA-TCP_FORW: name:enp0s3: saddr:33561200: daddr:100932208
[  292.477571] AAAAA-TCP_FORW: name:enp0s8: saddr:100932208: daddr:33561200
[  292.478754] AAAAA-TCP_FORW: name:enp0s3: saddr:33561200: daddr:100932208
[  292.501520] AAAAA-TCP_FORW: name:enp0s8: saddr:100932208: daddr:33561200
[  292.502876] AAAAA-TCP_FORW: name:enp0s3: saddr:33561200: daddr:100932208
[  292.660496] AAAAA-TCP_FORW: name:enp0s8: saddr:100932208: daddr:33561200
[  292.661713] AAAAA-TCP_FORW: name:enp0s3: saddr:33561200: daddr:100932208
[  292.733339] AAAAA-TCP_FORW: name:enp0s8: saddr:100932208: daddr:33561200
[  292.734538] AAAAA-TCP_FORW: name:enp0s3: saddr:33561200: daddr:100932208
[  292.840373] AAAAA-TCP_FORW: name:enp0s8: saddr:100932208: daddr:33561200
[  292.841537] AAAAA-TCP_FORW: name:enp0s3: saddr:33561200: daddr:100932208
[  292.904995] AAAAA-TCP_FORW: name:enp0s8: saddr:100932208: daddr:33561200
[  292.906129] AAAAA-TCP_FORW: name:enp0s3: saddr:33561200: daddr:100932208
[  292.983427] AAAAA-TCP_FORW: name:enp0s8: saddr:100932208: daddr:33561200
[  292.984609] AAAAA-TCP_FORW: name:enp0s3: saddr:33561200: daddr:100932208
[  293.125300] AAAAA-TCP_FORW: name:enp0s8: saddr:100932208: daddr:33561200
[  293.126566] AAAAA-TCP_FORW: name:enp0s3: saddr:33561200: daddr:100932208
[  293.282847] AAAAA-TCP_FORW: name:enp0s8: saddr:100932208: daddr:33561200
[  293.284108] AAAAA-TCP_FORW: name:enp0s3: saddr:33561200: daddr:100932208
[  293.390299] AAAAA-TCP_FORW: name:enp0s8: saddr:100932208: daddr:33561200
[  293.391521] AAAAA-TCP_FORW: name:enp0s3: saddr:33561200: daddr:100932208
[  293.586699] AAAAA-TCP_FORW: name:enp0s8: saddr:100932208: daddr:33561200
[  293.630119] AAAAA-TCP_FORW: name:enp0s3: saddr:33561200: daddr:100932208
[  293.787349] AAAAA-TCP_FORW: name:enp0s8: saddr:100932208: daddr:33561200
[  293.824640] AAAAA-TCP_FORW: name:enp0s8: saddr:100932208: daddr:33561200
[  293.825388] AAAAA-TCP_FORW: name:enp0s3: saddr:33561200: daddr:100932208
[  293.892011] AAAAA-TCP_FORW: name:enp0s8: saddr:100932208: daddr:33561200
[  293.997978] AAAAA-TCP_FORW: name:enp0s3: saddr:33561200: daddr:100932208
[  294.015608] AAAAA-TCP_FORW: name:enp0s8: saddr:100932208: daddr:16783984
[  294.016378] AAAAA-TCP_FORW: name:enp0s3: saddr:16783984: daddr:100932208
[  294.063789] AAAAA-TCP_FORW: name:enp0s8: saddr:100932208: daddr:16783984
[  294.064537] AAAAA-TCP_FORW: name:enp0s3: saddr:16783984: daddr:100932208
[  294.233661] AAAAA-TCP_FORW: name:enp0s8: saddr:100932208: daddr:16783984
[  294.234741] AAAAA-TCP_FORW: name:enp0s3: saddr:16783984: daddr:100932208
[  294.291534] AAAAA-TCP_FORW: name:enp0s8: saddr:100932208: daddr:16783984
[  294.292225] AAAAA-TCP_FORW: name:enp0s3: saddr:16783984: daddr:100932208
[  294.331069] AAAAA-TCP_FORW: name:enp0s8: saddr:100932208: daddr:16783984
[  294.331964] AAAAA-TCP_FORW: name:enp0s3: saddr:16783984: daddr:100932208
[  294.378033] AAAAA-TCP_FORW: name:enp0s8: saddr:100932208: daddr:16783984
[  294.378870] AAAAA-TCP_FORW: name:enp0s3: saddr:16783984: daddr:100932208
[  294.466649] AAAAA-TCP_FORW: name:enp0s8: saddr:100932208: daddr:16783984
[  294.467625] AAAAA-TCP_FORW: name:enp0s3: saddr:16783984: daddr:100932208
[  294.495173] AAAAA-TCP_FORW: name:enp0s8: saddr:100932208: daddr:16783984
[  294.495880] AAAAA-TCP_FORW: name:enp0s3: saddr:16783984: daddr:100932208
[  294.622142] AAAAA-TCP_FORW: name:enp0s8: saddr:100932208: daddr:16783984
[  294.623040] AAAAA-TCP_FORW: name:enp0s3: saddr:16783984: daddr:100932208
[  294.888966] AAAAA-TCP_FORW: name:enp0s8: saddr:100932208: daddr:16783984
[  294.890615] AAAAA-TCP_FORW: name:enp0s3: saddr:16783984: daddr:100932208
[  294.941489] AAAAA-TCP_FORW: name:enp0s8: saddr:100932208: daddr:16783984
[  294.942396] AAAAA-TCP_FORW: name:enp0s3: saddr:16783984: daddr:100932208
[  294.987149] AAAAA-TCP_FORW: name:enp0s8: saddr:100932208: daddr:16783984
[  294.988491] AAAAA-TCP_FORW: name:enp0s3: saddr:16783984: daddr:100932208
[  295.244279] AAAAA-TCP_FORW: name:enp0s8: saddr:100932208: daddr:16783984
[  295.245598] AAAAA-TCP_FORW: name:enp0s3: saddr:16783984: daddr:100932208
[  295.334829] AAAAA-TCP_FORW: name:enp0s8: saddr:100932208: daddr:16783984
[  295.336083] AAAAA-TCP_FORW: name:enp0s3: saddr:16783984: daddr:100932208
[  295.506882] AAAAA-TCP_FORW: name:enp0s8: saddr:100932208: daddr:16783984
[  295.508200] AAAAA-TCP_FORW: name:enp0s3: saddr:16783984: daddr:100932208
[  295.614647] AAAAA-TCP_FORW: name:enp0s8: saddr:100932208: daddr:16783984
[  295.615910] AAAAA-TCP_FORW: name:enp0s3: saddr:16783984: daddr:100932208
[  295.768452] AAAAA-TCP_FORW: name:enp0s8: saddr:100932208: daddr:16783984
[  295.769422] AAAAA-TCP_FORW: name:enp0s3: saddr:16783984: daddr:100932208
[  295.833398] AAAAA-TCP_FORW: name:enp0s8: saddr:100932208: daddr:16783984
[  295.863359] AAAAA-TCP_FORW: name:enp0s8: saddr:100932208: daddr:16783984
[  295.864287] AAAAA-TCP_FORW: name:enp0s3: saddr:16783984: daddr:100932208
[  295.902752] AAAAA-TCP_FORW: name:enp0s8: saddr:100932208: daddr:16783984
[  295.926112] AAAAA-TCP_FORW: name:enp0s8: saddr:100932208: daddr:16783984
[  295.927016] AAAAA-TCP_FORW: name:enp0s3: saddr:16783984: daddr:100932208
[  296.071419] AAAAA-TCP_FORW: name:enp0s8: saddr:100932208: daddr:16783984
[  296.136978] AAAAA-TCP_FORW: name:enp0s3: saddr:16783984: daddr:100932208
[  296.174463] AAAAA-TCP_FORW: name:enp0s8: saddr:100932208: daddr:16783984
[  296.207527] AAAAA-TCP_FORW: name:enp0s8: saddr:100932208: daddr:16783984
[  296.208478] AAAAA-TCP_FORW: name:enp0s3: saddr:16783984: daddr:100932208
[  296.262214] AAAAA-TCP_FORW: name:enp0s8: saddr:100932208: daddr:16783984
[  296.295087] AAAAA-TCP_FORW: name:enp0s8: saddr:100932208: daddr:16783984
[  296.296198] AAAAA-TCP_FORW: name:enp0s3: saddr:16783984: daddr:100932208
[  296.413105] AAAAA-TCP_FORW: name:enp0s8: saddr:100932208: daddr:16783984
[  296.459859] AAAAA-TCP_FORW: name:enp0s8: saddr:100932208: daddr:16783984
[  296.461152] AAAAA-TCP_FORW: name:enp0s3: saddr:16783984: daddr:100932208
[  296.501799] AAAAA-TCP_FORW: name:enp0s8: saddr:100932208: daddr:16783984
[  296.562434] AAAAA-TCP_FORW: name:enp0s8: saddr:100932208: daddr:16783984
[  296.563602] AAAAA-TCP_FORW: name:enp0s3: saddr:16783984: daddr:100932208
[  296.613794] AAAAA-TCP_FORW: name:enp0s8: saddr:100932208: daddr:16783984
[  296.694893] AAAAA-TCP_FORW: name:enp0s8: saddr:100932208: daddr:16783984
[  296.696775] AAAAA-TCP_FORW: name:enp0s3: saddr:16783984: daddr:100932208
[  296.744516] AAAAA-TCP_FORW: name:enp0s8: saddr:100932208: daddr:33561200
[  296.745655] AAAAA-TCP_FORW: name:enp0s3: saddr:33561200: daddr:100932208
[  296.859995] AAAAA-TCP_FORW: name:enp0s8: saddr:100932208: daddr:33561200
[  296.861188] AAAAA-TCP_FORW: name:enp0s3: saddr:33561200: daddr:100932208
[  296.899063] AAAAA-TCP_FORW: name:enp0s8: saddr:100932208: daddr:33561200
[  296.900188] AAAAA-TCP_FORW: name:enp0s3: saddr:33561200: daddr:100932208
[  296.940715] AAAAA-TCP_FORW: name:enp0s8: saddr:100932208: daddr:33561200
[  296.941836] AAAAA-TCP_FORW: name:enp0s3: saddr:33561200: daddr:100932208
[  297.009385] AAAAA-TCP_FORW: name:enp0s8: saddr:100932208: daddr:33561200
[  297.010560] AAAAA-TCP_FORW: name:enp0s3: saddr:33561200: daddr:100932208
[  297.058341] AAAAA-TCP_FORW: name:enp0s8: saddr:100932208: daddr:33561200
[  297.059475] AAAAA-TCP_FORW: name:enp0s3: saddr:33561200: daddr:100932208
[  297.105649] AAAAA-TCP_FORW: name:enp0s8: saddr:100932208: daddr:33561200
[  297.106787] AAAAA-TCP_FORW: name:enp0s3: saddr:33561200: daddr:100932208
[  297.177255] AAAAA-TCP_FORW: name:enp0s8: saddr:100932208: daddr:33561200
[  297.178382] AAAAA-TCP_FORW: name:enp0s3: saddr:33561200: daddr:100932208
[  297.218022] AAAAA-TCP_FORW: name:enp0s8: saddr:100932208: daddr:33561200
[  297.218709] AAAAA-TCP_FORW: name:enp0s3: saddr:33561200: daddr:100932208
[  297.395718] AAAAA-TCP_FORW: name:enp0s8: saddr:100932208: daddr:33561200
[  297.396759] AAAAA-TCP_FORW: name:enp0s3: saddr:33561200: daddr:100932208
[  297.446467] AAAAA-TCP_FORW: name:enp0s8: saddr:100932208: daddr:33561200
[  297.447203] AAAAA-TCP_FORW: name:enp0s3: saddr:33561200: daddr:100932208
[  297.527663] AAAAA-TCP_FORW: name:enp0s8: saddr:100932208: daddr:33561200
[  297.528807] AAAAA-TCP_FORW: name:enp0s3: saddr:33561200: daddr:100932208
[  297.552744] AAAAA-TCP_FORW: name:enp0s8: saddr:100932208: daddr:33561200
[  297.553882] AAAAA-TCP_FORW: name:enp0s3: saddr:33561200: daddr:100932208
[  297.628463] AAAAA-TCP_FORW: name:enp0s8: saddr:100932208: daddr:33561200
[  297.629789] AAAAA-TCP_FORW: name:enp0s3: saddr:33561200: daddr:100932208
[  297.731839] AAAAA-TCP_FORW: name:enp0s8: saddr:100932208: daddr:33561200
[  297.733069] AAAAA-TCP_FORW: name:enp0s3: saddr:33561200: daddr:100932208
[  297.833235] AAAAA-TCP_FORW: name:enp0s8: saddr:100932208: daddr:33561200
[  297.833955] AAAAA-TCP_FORW: name:enp0s3: saddr:33561200: daddr:100932208
[  297.943090] AAAAA-TCP_FORW: name:enp0s8: saddr:100932208: daddr:33561200
[  297.986185] AAAAA-TCP_FORW: name:enp0s3: saddr:33561200: daddr:100932208
[  298.157737] AAAAA-TCP_FORW: name:enp0s8: saddr:100932208: daddr:33561200
[  298.159076] AAAAA-TCP_FORW: name:enp0s3: saddr:33561200: daddr:100932208
[  298.243403] AAAAA-TCP_FORW: name:enp0s8: saddr:100932208: daddr:33561200
[  298.244549] AAAAA-TCP_FORW: name:enp0s3: saddr:33561200: daddr:100932208
[  298.383793] AAAAA-TCP_FORW: name:enp0s8: saddr:100932208: daddr:33561200
[  298.385008] AAAAA-TCP_FORW: name:enp0s3: saddr:33561200: daddr:100932208
[  298.573844] AAAAA-TCP_FORW: name:enp0s8: saddr:100932208: daddr:33561200
[  298.576243] AAAAA-TCP_FORW: name:enp0s3: saddr:33561200: daddr:100932208
[  298.623334] AAAAA-TCP_FORW: name:enp0s8: saddr:100932208: daddr:33561200
[  298.625782] AAAAA-TCP_FORW: name:enp0s3: saddr:33561200: daddr:100932208
[  298.679947] AAAAA-TCP_FORW: name:enp0s8: saddr:100932208: daddr:33561200
[  298.682443] AAAAA-TCP_FORW: name:enp0s3: saddr:33561200: daddr:100932208
[  298.722193] AAAAA-TCP_FORW: name:enp0s8: saddr:100932208: daddr:33561200
[  298.724656] AAAAA-TCP_FORW: name:enp0s3: saddr:33561200: daddr:100932208
[  298.847693] AAAAA-TCP_FORW: name:enp0s8: saddr:100932208: daddr:33561200
[  298.850176] AAAAA-TCP_FORW: name:enp0s3: saddr:33561200: daddr:100932208
[  299.016885] AAAAA-TCP_FORW: name:enp0s8: saddr:100932208: daddr:33561200
[  299.023142] AAAAA-TCP_FORW: name:enp0s3: saddr:33561200: daddr:100932208
[  299.138715] AAAAA-TCP_FORW: name:enp0s8: saddr:100932208: daddr:33561200
[  299.140931] AAAAA-TCP_FORW: name:enp0s3: saddr:33561200: daddr:100932208
[  299.202109] AAAAA-TCP_FORW: name:enp0s8: saddr:100932208: daddr:33561200
[  299.204495] AAAAA-TCP_FORW: name:enp0s3: saddr:33561200: daddr:100932208
[  299.248346] AAAAA-TCP_FORW: name:enp0s8: saddr:100932208: daddr:33561200
[  299.250752] AAAAA-TCP_FORW: name:enp0s3: saddr:33561200: daddr:100932208
[  299.298612] AAAAA-TCP_FORW: name:enp0s8: saddr:100932208: daddr:33561200
[  299.300653] AAAAA-TCP_FORW: name:enp0s3: saddr:33561200: daddr:100932208
[  299.342509] AAAAA-TCP_FORW: name:enp0s8: saddr:100932208: daddr:33561200
[  299.344926] AAAAA-TCP_FORW: name:enp0s3: saddr:33561200: daddr:100932208
[  299.634259] AAAAA-TCP_FORW: name:enp0s8: saddr:100932208: daddr:16783984
[  299.635514] AAAAA-TCP_FORW: name:enp0s3: saddr:16783984: daddr:100932208
[  299.682915] AAAAA-TCP_FORW: name:enp0s8: saddr:100932208: daddr:16783984
[  299.684213] AAAAA-TCP_FORW: name:enp0s3: saddr:16783984: daddr:100932208
[  299.815921] AAAAA-TCP_FORW: name:enp0s8: saddr:100932208: daddr:16783984
[  299.817094] AAAAA-TCP_FORW: name:enp0s3: saddr:16783984: daddr:100932208
[  299.920593] AAAAA-TCP_FORW: name:enp0s8: saddr:100932208: daddr:16783984
[  299.922162] AAAAA-TCP_FORW: name:enp0s3: saddr:16783984: daddr:100932208
[  300.025120] AAAAA-TCP_FORW: name:enp0s8: saddr:100932208: daddr:16783984
[  300.026323] AAAAA-TCP_FORW: name:enp0s3: saddr:16783984: daddr:100932208
[  300.151722] AAAAA-TCP_FORW: name:enp0s8: saddr:100932208: daddr:16783984
[  300.152908] AAAAA-TCP_FORW: name:enp0s3: saddr:16783984: daddr:100932208
[  300.198776] AAAAA-TCP_FORW: name:enp0s8: saddr:100932208: daddr:16783984
[  300.200035] AAAAA-TCP_FORW: name:enp0s3: saddr:16783984: daddr:100932208
[  300.281914] AAAAA-TCP_FORW: name:enp0s8: saddr:100932208: daddr:16783984
[  300.283230] AAAAA-TCP_FORW: name:enp0s3: saddr:16783984: daddr:100932208
[  300.419793] AAAAA-TCP_FORW: name:enp0s8: saddr:100932208: daddr:16783984
[  300.420960] AAAAA-TCP_FORW: name:enp0s3: saddr:16783984: daddr:100932208
[  300.512633] AAAAA-TCP_FORW: name:enp0s8: saddr:100932208: daddr:16783984
[  300.513900] AAAAA-TCP_FORW: name:enp0s3: saddr:16783984: daddr:100932208
[  300.632083] AAAAA-TCP_FORW: name:enp0s8: saddr:100932208: daddr:16783984
[  300.633235] AAAAA-TCP_FORW: name:enp0s3: saddr:16783984: daddr:100932208
[  300.742007] AAAAA-TCP_FORW: name:enp0s8: saddr:100932208: daddr:16783984
[  300.743223] AAAAA-TCP_FORW: name:enp0s3: saddr:16783984: daddr:100932208
[  300.807438] AAAAA-TCP_FORW: name:enp0s8: saddr:100932208: daddr:16783984
[  300.808634] AAAAA-TCP_FORW: name:enp0s3: saddr:16783984: daddr:100932208
[  300.845565] AAAAA-TCP_FORW: name:enp0s8: saddr:100932208: daddr:16783984
[  300.846283] AAAAA-TCP_FORW: name:enp0s3: saddr:16783984: daddr:100932208
[  300.887921] AAAAA-TCP_FORW: name:enp0s8: saddr:100932208: daddr:16783984
[  300.888641] AAAAA-TCP_FORW: name:enp0s3: saddr:16783984: daddr:100932208
[  300.935780] AAAAA-TCP_FORW: name:enp0s8: saddr:100932208: daddr:16783984
[  300.936511] AAAAA-TCP_FORW: name:enp0s3: saddr:16783984: daddr:100932208
[  300.982954] AAAAA-TCP_FORW: name:enp0s8: saddr:100932208: daddr:16783984
[  301.025872] AAAAA-TCP_FORW: name:enp0s3: saddr:16783984: daddr:100932208
[  301.120224] AAAAA-TCP_FORW: name:enp0s8: saddr:100932208: daddr:16783984
[  301.169217] AAAAA-TCP_FORW: name:enp0s8: saddr:100932208: daddr:16783984
[  301.169930] AAAAA-TCP_FORW: name:enp0s3: saddr:16783984: daddr:100932208
[  301.239399] AAAAA-TCP_FORW: name:enp0s8: saddr:100932208: daddr:16783984
[  301.269785] AAAAA-TCP_FORW: name:enp0s8: saddr:100932208: daddr:16783984
[  301.271037] AAAAA-TCP_FORW: name:enp0s3: saddr:16783984: daddr:100932208
[  301.349039] AAAAA-TCP_FORW: name:enp0s8: saddr:100932208: daddr:16783984
[  301.381316] AAAAA-TCP_FORW: name:enp0s8: saddr:100932208: daddr:16783984
[  301.382579] AAAAA-TCP_FORW: name:enp0s3: saddr:16783984: daddr:100932208
[  301.420411] AAAAA-TCP_FORW: name:enp0s8: saddr:100932208: daddr:16783984
[  301.502116] AAAAA-TCP_FORW: name:enp0s3: saddr:16783984: daddr:100932208
[  301.522661] AAAAA-TCP_FORW: name:enp0s8: saddr:100932208: daddr:16783984
[  301.626539] AAAAA-TCP_FORW: name:enp0s8: saddr:100932208: daddr:16783984
[  301.627794] AAAAA-TCP_FORW: name:enp0s3: saddr:16783984: daddr:100932208
[  301.708757] AAAAA-TCP_FORW: name:enp0s8: saddr:100932208: daddr:16783984
[  301.747520] AAAAA-TCP_FORW: name:enp0s8: saddr:100932208: daddr:16783984
[  301.748661] AAAAA-TCP_FORW: name:enp0s3: saddr:16783984: daddr:100932208
[  301.818132] AAAAA-TCP_FORW: name:enp0s8: saddr:100932208: daddr:33561200
[  301.824156] AAAAA-TCP_FORW: name:enp0s3: saddr:33561200: daddr:100932208
[  301.893875] AAAAA-TCP_FORW: name:enp0s8: saddr:100932208: daddr:33561200
[  301.896310] AAAAA-TCP_FORW: name:enp0s3: saddr:33561200: daddr:100932208
[  301.970960] AAAAA-TCP_FORW: name:enp0s8: saddr:100932208: daddr:33561200
[  301.972906] AAAAA-TCP_FORW: name:enp0s3: saddr:33561200: daddr:100932208
[  302.040516] AAAAA-TCP_FORW: name:enp0s8: saddr:100932208: daddr:33561200
[  302.042949] AAAAA-TCP_FORW: name:enp0s3: saddr:33561200: daddr:100932208
[  302.062423] AAAAA-TCP_FORW: name:enp0s8: saddr:100932208: daddr:33561200
[  302.064510] AAAAA-TCP_FORW: name:enp0s3: saddr:33561200: daddr:100932208
[  302.134136] AAAAA-TCP_FORW: name:enp0s8: saddr:100932208: daddr:33561200
[  302.136050] AAAAA-TCP_FORW: name:enp0s3: saddr:33561200: daddr:100932208
[  302.281424] AAAAA-TCP_FORW: name:enp0s8: saddr:100932208: daddr:33561200
[  302.283371] AAAAA-TCP_FORW: name:enp0s3: saddr:33561200: daddr:100932208
[  302.334132] AAAAA-TCP_FORW: name:enp0s8: saddr:100932208: daddr:33561200
[  302.336059] AAAAA-TCP_FORW: name:enp0s3: saddr:33561200: daddr:100932208
[  302.415024] AAAAA-TCP_FORW: name:enp0s8: saddr:100932208: daddr:33561200
[  302.416939] AAAAA-TCP_FORW: name:enp0s3: saddr:33561200: daddr:100932208
[  302.442866] AAAAA-TCP_FORW: name:enp0s8: saddr:100932208: daddr:33561200
[  302.444778] AAAAA-TCP_FORW: name:enp0s3: saddr:33561200: daddr:100932208
[  302.488998] AAAAA-TCP_FORW: name:enp0s8: saddr:100932208: daddr:33561200
[  302.490873] AAAAA-TCP_FORW: name:enp0s3: saddr:33561200: daddr:100932208
[  302.543856] AAAAA-TCP_FORW: name:enp0s8: saddr:100932208: daddr:33561200
[  302.546224] AAAAA-TCP_FORW: name:enp0s3: saddr:33561200: daddr:100932208
[  302.595090] AAAAA-TCP_FORW: name:enp0s8: saddr:100932208: daddr:33561200
[  302.596960] AAAAA-TCP_FORW: name:enp0s3: saddr:33561200: daddr:100932208
[  302.729835] AAAAA-TCP_FORW: name:enp0s8: saddr:100932208: daddr:33561200
[  302.731789] AAAAA-TCP_FORW: name:enp0s3: saddr:33561200: daddr:100932208
[  302.777226] AAAAA-TCP_FORW: name:enp0s8: saddr:100932208: daddr:33561200
[  302.779662] AAAAA-TCP_FORW: name:enp0s3: saddr:33561200: daddr:100932208
[  302.845098] AAAAA-TCP_FORW: name:enp0s8: saddr:100932208: daddr:33561200
[  302.847465] AAAAA-TCP_FORW: name:enp0s3: saddr:33561200: daddr:100932208
[  302.911524] AAAAA-TCP_FORW: name:enp0s8: saddr:100932208: daddr:33561200
[  302.913383] AAAAA-TCP_FORW: name:enp0s3: saddr:33561200: daddr:100932208
[  302.963185] AAAAA-TCP_FORW: name:enp0s8: saddr:100932208: daddr:33561200
[  302.965075] AAAAA-TCP_FORW: name:enp0s3: saddr:33561200: daddr:100932208
[  303.002739] AAAAA-TCP_FORW: name:enp0s8: saddr:100932208: daddr:33561200
[  303.004660] AAAAA-TCP_FORW: name:enp0s3: saddr:33561200: daddr:100932208
[  303.096891] AAAAA-TCP_FORW: name:enp0s8: saddr:100932208: daddr:33561200
[  303.099322] AAAAA-TCP_FORW: name:enp0s3: saddr:33561200: daddr:100932208
[  303.195765] AAAAA-TCP_FORW: name:enp0s8: saddr:100932208: daddr:33561200
[  303.197716] AAAAA-TCP_FORW: name:enp0s3: saddr:33561200: daddr:100932208
[  303.277357] AAAAA-TCP_FORW: name:enp0s8: saddr:100932208: daddr:33561200
[  303.279268] AAAAA-TCP_FORW: name:enp0s3: saddr:33561200: daddr:100932208
[  303.341297] AAAAA-TCP_FORW: name:enp0s8: saddr:100932208: daddr:33561200
[  303.343233] AAAAA-TCP_FORW: name:enp0s3: saddr:33561200: daddr:100932208
[  303.422220] AAAAA-TCP_FORW: name:enp0s8: saddr:100932208: daddr:33561200
[  303.424617] AAAAA-TCP_FORW: name:enp0s3: saddr:33561200: daddr:100932208
[  303.538826] AAAAA-TCP_FORW: name:enp0s8: saddr:100932208: daddr:33561200
[  303.541254] AAAAA-TCP_FORW: name:enp0s3: saddr:33561200: daddr:100932208
[  303.583126] AAAAA-TCP_FORW: name:enp0s8: saddr:100932208: daddr:33561200
[  303.583934] AAAAA-TCP_FORW: name:enp0s3: saddr:33561200: daddr:100932208
[  303.689964] AAAAA-TCP_FORW: name:enp0s8: saddr:100932208: daddr:33561200
[  303.690683] AAAAA-TCP_FORW: name:enp0s3: saddr:33561200: daddr:100932208
[  303.712877] AAAAA-TCP_FORW: name:enp0s8: saddr:100932208: daddr:33561200
[  303.713583] AAAAA-TCP_FORW: name:enp0s3: saddr:33561200: daddr:100932208
[  303.838185] AAAAA-TCP_FORW: name:enp0s8: saddr:100932208: daddr:33561200
[  303.839651] AAAAA-TCP_FORW: name:enp0s3: saddr:33561200: daddr:100932208
[  303.903848] AAAAA-TCP_FORW: name:enp0s8: saddr:100932208: daddr:33561200
[  303.904628] AAAAA-TCP_FORW: name:enp0s3: saddr:33561200: daddr:100932208
[  304.142031] AAAAA-TCP_FORW: name:enp0s8: saddr:100932208: daddr:16783984
[  304.143243] AAAAA-TCP_FORW: name:enp0s3: saddr:16783984: daddr:100932208
[  304.246610] AAAAA-TCP_FORW: name:enp0s8: saddr:100932208: daddr:16783984
[  304.247351] AAAAA-TCP_FORW: name:enp0s3: saddr:16783984: daddr:100932208
[  304.382633] AAAAA-TCP_FORW: name:enp0s8: saddr:100932208: daddr:16783984
[  304.384103] AAAAA-TCP_FORW: name:enp0s3: saddr:16783984: daddr:100932208
[  304.418305] AAAAA-TCP_FORW: name:enp0s8: saddr:100932208: daddr:16783984
[  304.419232] AAAAA-TCP_FORW: name:enp0s3: saddr:16783984: daddr:100932208
[  305.669620] AAAAA-TCP_FORW: name:enp0s8: saddr:100932208: daddr:33561200
[  305.670988] AAAAA-TCP_FORW: name:enp0s3: saddr:33561200: daddr:100932208
[  316.483208] AAAAA-TCP_FORW: name:enp0s8: saddr:100932208: daddr:33561200
[  316.484433] AAAAA-TCP_FORW: name:enp0s3: saddr:33561200: daddr:100932208
[  316.550267] AAAAA-TCP_FORW: name:enp0s8: saddr:100932208: daddr:16783984
[  316.551277] AAAAA-TCP_FORW: name:enp0s3: saddr:16783984: daddr:100932208
[  316.647511] AAAAA-TCP_FORW: name:enp0s8: saddr:100932208: daddr:33561200
[  316.648477] AAAAA-TCP_FORW: name:enp0s3: saddr:33561200: daddr:100932208
[  316.718691] AAAAA-TCP_FORW: name:enp0s8: saddr:100932208: daddr:33561200
[  316.719464] AAAAA-TCP_FORW: name:enp0s3: saddr:33561200: daddr:100932208
[  316.788005] AAAAA-TCP_FORW: name:enp0s8: saddr:100932208: daddr:33561200
[  316.789555] AAAAA-TCP_FORW: name:enp0s3: saddr:33561200: daddr:100932208
[  316.903776] AAAAA-TCP_FORW: name:enp0s8: saddr:100932208: daddr:33561200
[  316.905322] AAAAA-TCP_FORW: name:enp0s3: saddr:33561200: daddr:100932208
[  317.043126] AAAAA-TCP_FORW: name:enp0s8: saddr:100932208: daddr:33561200
[  317.044391] AAAAA-TCP_FORW: name:enp0s3: saddr:33561200: daddr:100932208
[  317.157593] AAAAA-TCP_FORW: name:enp0s8: saddr:100932208: daddr:33561200
[  317.159370] AAAAA-TCP_FORW: name:enp0s3: saddr:33561200: daddr:100932208
[  317.268005] AAAAA-TCP_FORW: name:enp0s8: saddr:100932208: daddr:33561200
[  317.269527] AAAAA-TCP_FORW: name:enp0s3: saddr:33561200: daddr:100932208
[  317.397959] AAAAA-TCP_FORW: name:enp0s8: saddr:100932208: daddr:33561200
[  317.399734] AAAAA-TCP_FORW: name:enp0s3: saddr:33561200: daddr:100932208
[  317.492425] AAAAA-TCP_FORW: name:enp0s8: saddr:100932208: daddr:33561200
[  317.494071] AAAAA-TCP_FORW: name:enp0s3: saddr:33561200: daddr:100932208
[  317.620416] AAAAA-TCP_FORW: name:enp0s8: saddr:100932208: daddr:16783984
[  317.622109] AAAAA-TCP_FORW: name:enp0s3: saddr:16783984: daddr:100932208
[  317.734281] AAAAA-TCP_FORW: name:enp0s8: saddr:100932208: daddr:16783984
[  317.743776] AAAAA-TCP_FORW: name:enp0s3: saddr:16783984: daddr:100932208
[  317.877812] AAAAA-TCP_FORW: name:enp0s8: saddr:100932208: daddr:16783984
[  317.879060] AAAAA-TCP_FORW: name:enp0s3: saddr:16783984: daddr:100932208
[  318.029304] AAAAA-TCP_FORW: name:enp0s8: saddr:100932208: daddr:16783984
[  318.030500] AAAAA-TCP_FORW: name:enp0s3: saddr:16783984: daddr:100932208
[  318.299969] AAAAA-TCP_FORW: name:enp0s8: saddr:100932208: daddr:16783984
[  318.301838] AAAAA-TCP_FORW: name:enp0s3: saddr:16783984: daddr:100932208
[  318.417948] AAAAA-TCP_FORW: name:enp0s8: saddr:100932208: daddr:16783984
[  318.419587] AAAAA-TCP_FORW: name:enp0s3: saddr:16783984: daddr:100932208
[  318.567626] AAAAA-TCP_FORW: name:enp0s8: saddr:100932208: daddr:16783984
[  318.568821] AAAAA-TCP_FORW: name:enp0s3: saddr:16783984: daddr:100932208
[  318.697249] AAAAA-TCP_FORW: name:enp0s8: saddr:100932208: daddr:16783984
[  318.698429] AAAAA-TCP_FORW: name:enp0s3: saddr:16783984: daddr:100932208
[  318.795831] AAAAA-TCP_FORW: name:enp0s8: saddr:100932208: daddr:16783984
[  318.796926] AAAAA-TCP_FORW: name:enp0s3: saddr:16783984: daddr:100932208
[  318.877414] AAAAA-TCP_FORW: name:enp0s8: saddr:100932208: daddr:16783984
[  318.878578] AAAAA-TCP_FORW: name:enp0s3: saddr:16783984: daddr:100932208
[  319.094830] AAAAA-TCP_FORW: name:enp0s8: saddr:100932208: daddr:16783984
[  319.096013] AAAAA-TCP_FORW: name:enp0s3: saddr:16783984: daddr:100932208
[  319.196760] AAAAA-TCP_FORW: name:enp0s8: saddr:100932208: daddr:16783984
[  319.197923] AAAAA-TCP_FORW: name:enp0s3: saddr:16783984: daddr:100932208
[  319.310567] AAAAA-TCP_FORW: name:enp0s8: saddr:100932208: daddr:16783984
[  319.311683] AAAAA-TCP_FORW: name:enp0s3: saddr:16783984: daddr:100932208
[  319.391165] AAAAA-TCP_FORW: name:enp0s8: saddr:100932208: daddr:33561200
[  319.392179] AAAAA-TCP_FORW: name:enp0s3: saddr:33561200: daddr:100932208
[  319.486715] AAAAA-TCP_FORW: name:enp0s8: saddr:100932208: daddr:33561200
[  319.487436] AAAAA-TCP_FORW: name:enp0s3: saddr:33561200: daddr:100932208
[  319.596137] AAAAA-TCP_FORW: name:enp0s8: saddr:100932208: daddr:33561200
[  319.596884] AAAAA-TCP_FORW: name:enp0s3: saddr:33561200: daddr:100932208
[  319.692381] AAAAA-TCP_FORW: name:enp0s8: saddr:100932208: daddr:33561200
[  319.693530] AAAAA-TCP_FORW: name:enp0s3: saddr:33561200: daddr:100932208
[  319.808773] AAAAA-TCP_FORW: name:enp0s8: saddr:100932208: daddr:33561200
[  319.809610] AAAAA-TCP_FORW: name:enp0s3: saddr:33561200: daddr:100932208
[  319.908726] AAAAA-TCP_FORW: name:enp0s8: saddr:100932208: daddr:16783984
[  319.909859] AAAAA-TCP_FORW: name:enp0s3: saddr:16783984: daddr:100932208
[  320.052514] AAAAA-TCP_FORW: name:enp0s8: saddr:100932208: daddr:16783984
[  320.053548] AAAAA-TCP_FORW: name:enp0s3: saddr:16783984: daddr:100932208
[  320.123968] AAAAA-TCP_FORW: name:enp0s8: saddr:100932208: daddr:16783984
[  320.125472] AAAAA-TCP_FORW: name:enp0s3: saddr:16783984: daddr:100932208
[  320.191021] AAAAA-TCP_FORW: name:enp0s8: saddr:100932208: daddr:16783984
[  320.192378] AAAAA-TCP_FORW: name:enp0s3: saddr:16783984: daddr:100932208
[  320.284126] AAAAA-TCP_FORW: name:enp0s8: saddr:100932208: daddr:33561200
[  320.284934] AAAAA-TCP_FORW: name:enp0s3: saddr:33561200: daddr:100932208
[  320.397790] AAAAA-TCP_FORW: name:enp0s8: saddr:100932208: daddr:33561200
[  320.399142] AAAAA-TCP_FORW: name:enp0s3: saddr:33561200: daddr:100932208
[  320.503546] AAAAA-TCP_FORW: name:enp0s8: saddr:100932208: daddr:16783984
[  320.504435] AAAAA-TCP_FORW: name:enp0s3: saddr:16783984: daddr:100932208
[  320.726495] AAAAA-TCP_FORW: name:enp0s8: saddr:100932208: daddr:16783984
[  320.728165] AAAAA-TCP_FORW: name:enp0s3: saddr:16783984: daddr:100932208
[  320.815589] AAAAA-TCP_FORW: name:enp0s8: saddr:100932208: daddr:33561200
[  320.816393] AAAAA-TCP_FORW: name:enp0s3: saddr:33561200: daddr:100932208
[  320.909960] AAAAA-TCP_FORW: name:enp0s8: saddr:100932208: daddr:16783984
[  320.910856] AAAAA-TCP_FORW: name:enp0s3: saddr:16783984: daddr:100932208
[  321.045968] AAAAA-TCP_FORW: name:enp0s8: saddr:100932208: daddr:16783984
[  321.046915] AAAAA-TCP_FORW: name:enp0s3: saddr:16783984: daddr:100932208
[  321.118639] AAAAA-TCP_FORW: name:enp0s8: saddr:100932208: daddr:33561200
[  321.119761] AAAAA-TCP_FORW: name:enp0s3: saddr:33561200: daddr:100932208
[  321.182322] AAAAA-TCP_FORW: name:enp0s8: saddr:100932208: daddr:33561200
[  321.183521] AAAAA-TCP_FORW: name:enp0s3: saddr:33561200: daddr:100932208
[  321.364368] AAAAA-TCP_FORW: name:enp0s8: saddr:100932208: daddr:33561200
[  321.365503] AAAAA-TCP_FORW: name:enp0s3: saddr:33561200: daddr:100932208
[  321.532118] AAAAA-TCP_FORW: name:enp0s8: saddr:100932208: daddr:33561200
[  321.533496] AAAAA-TCP_FORW: name:enp0s3: saddr:33561200: daddr:100932208
[  321.563708] AAAAA-TCP_FORW: name:enp0s8: saddr:100932208: daddr:33561200
[  321.564615] AAAAA-TCP_FORW: name:enp0s3: saddr:33561200: daddr:100932208
[  321.662210] AAAAA-TCP_FORW: name:enp0s8: saddr:100932208: daddr:33561200
[  321.663648] AAAAA-TCP_FORW: name:enp0s3: saddr:33561200: daddr:100932208
[  321.771594] AAAAA-TCP_FORW: name:enp0s8: saddr:100932208: daddr:33561200
[  321.773084] AAAAA-TCP_FORW: name:enp0s3: saddr:33561200: daddr:100932208
[  321.895688] AAAAA-TCP_FORW: name:enp0s8: saddr:100932208: daddr:33561200
[  321.896880] AAAAA-TCP_FORW: name:enp0s3: saddr:33561200: daddr:100932208
[  321.986933] AAAAA-TCP_FORW: name:enp0s8: saddr:100932208: daddr:33561200
[  321.988312] AAAAA-TCP_FORW: name:enp0s3: saddr:33561200: daddr:100932208
[  322.071883] AAAAA-TCP_FORW: name:enp0s8: saddr:100932208: daddr:33561200
[  322.073268] AAAAA-TCP_FORW: name:enp0s3: saddr:33561200: daddr:100932208
[  322.124525] AAAAA-TCP_FORW: name:enp0s8: saddr:100932208: daddr:33561200
[  322.125813] AAAAA-TCP_FORW: name:enp0s3: saddr:33561200: daddr:100932208
[  322.251667] AAAAA-TCP_FORW: name:enp0s8: saddr:100932208: daddr:33561200
[  322.253835] AAAAA-TCP_FORW: name:enp0s3: saddr:33561200: daddr:100932208
[  322.343665] AAAAA-TCP_FORW: name:enp0s8: saddr:100932208: daddr:33561200
[  322.346327] AAAAA-TCP_FORW: name:enp0s3: saddr:33561200: daddr:100932208
[  322.402139] AAAAA-TCP_FORW: name:enp0s8: saddr:100932208: daddr:33561200
[  322.404745] AAAAA-TCP_FORW: name:enp0s3: saddr:33561200: daddr:100932208
[  322.537177] AAAAA-TCP_FORW: name:enp0s8: saddr:100932208: daddr:33561200
[  322.539870] AAAAA-TCP_FORW: name:enp0s3: saddr:33561200: daddr:100932208
[  322.626289] AAAAA-TCP_FORW: name:enp0s8: saddr:100932208: daddr:33561200
[  322.629037] AAAAA-TCP_FORW: name:enp0s3: saddr:33561200: daddr:100932208
[  322.769647] AAAAA-TCP_FORW: name:enp0s8: saddr:100932208: daddr:33561200
[  322.771794] AAAAA-TCP_FORW: name:enp0s3: saddr:33561200: daddr:100932208
[  322.884265] AAAAA-TCP_FORW: name:enp0s8: saddr:100932208: daddr:33561200
[  322.886930] AAAAA-TCP_FORW: name:enp0s3: saddr:33561200: daddr:100932208
[  322.969477] AAAAA-TCP_FORW: name:enp0s8: saddr:100932208: daddr:16783984
[  322.970660] AAAAA-TCP_FORW: name:enp0s3: saddr:16783984: daddr:100932208
[  323.003029] AAAAA-TCP_FORW: name:enp0s8: saddr:100932208: daddr:16783984
[  323.004383] AAAAA-TCP_FORW: name:enp0s3: saddr:16783984: daddr:100932208
[  323.183607] AAAAA-TCP_FORW: name:enp0s8: saddr:100932208: daddr:16783984
[  323.184751] AAAAA-TCP_FORW: name:enp0s3: saddr:16783984: daddr:100932208
[  323.299448] AAAAA-TCP_FORW: name:enp0s8: saddr:100932208: daddr:16783984
[  323.300585] AAAAA-TCP_FORW: name:enp0s3: saddr:16783984: daddr:100932208
[  323.417710] AAAAA-TCP_FORW: name:enp0s8: saddr:100932208: daddr:16783984
[  323.418874] AAAAA-TCP_FORW: name:enp0s3: saddr:16783984: daddr:100932208
[  323.490091] AAAAA-TCP_FORW: name:enp0s8: saddr:100932208: daddr:16783984
[  323.491417] AAAAA-TCP_FORW: name:enp0s3: saddr:16783984: daddr:100932208
[  323.558745] AAAAA-TCP_FORW: name:enp0s8: saddr:100932208: daddr:16783984
[  323.559874] AAAAA-TCP_FORW: name:enp0s3: saddr:16783984: daddr:100932208
[  323.584205] AAAAA-TCP_FORW: name:enp0s8: saddr:100932208: daddr:16783984
[  323.584951] AAAAA-TCP_FORW: name:enp0s3: saddr:16783984: daddr:100932208
[  323.638003] AAAAA-TCP_FORW: name:enp0s8: saddr:100932208: daddr:16783984
[  323.639216] AAAAA-TCP_FORW: name:enp0s3: saddr:16783984: daddr:100932208
[  323.695402] AAAAA-TCP_FORW: name:enp0s8: saddr:100932208: daddr:16783984
[  323.696300] AAAAA-TCP_FORW: name:enp0s3: saddr:16783984: daddr:100932208
[  323.841465] AAAAA-TCP_FORW: name:enp0s8: saddr:100932208: daddr:16783984
[  323.842581] AAAAA-TCP_FORW: name:enp0s3: saddr:16783984: daddr:100932208
[  323.877330] AAAAA-TCP_FORW: name:enp0s8: saddr:100932208: daddr:16783984
[  323.879709] AAAAA-TCP_FORW: name:enp0s3: saddr:16783984: daddr:100932208
[  324.027668] AAAAA-TCP_FORW: name:enp0s8: saddr:100932208: daddr:16783984
[  324.029787] AAAAA-TCP_FORW: name:enp0s3: saddr:16783984: daddr:100932208
[  324.098152] AAAAA-TCP_FORW: name:enp0s8: saddr:100932208: daddr:16783984
[  324.100849] AAAAA-TCP_FORW: name:enp0s3: saddr:16783984: daddr:100932208
[  324.212340] AAAAA-TCP_FORW: name:enp0s8: saddr:100932208: daddr:16783984
[  324.214849] AAAAA-TCP_FORW: name:enp0s3: saddr:16783984: daddr:100932208
[  324.260793] AAAAA-TCP_FORW: name:enp0s8: saddr:100932208: daddr:16783984
[  324.263560] AAAAA-TCP_FORW: name:enp0s3: saddr:16783984: daddr:100932208
[  324.414553] AAAAA-TCP_FORW: name:enp0s8: saddr:100932208: daddr:16783984
[  324.417286] AAAAA-TCP_FORW: name:enp0s3: saddr:16783984: daddr:100932208
[  324.481611] AAAAA-TCP_FORW: name:enp0s8: saddr:100932208: daddr:16783984
[  324.484244] AAAAA-TCP_FORW: name:enp0s3: saddr:16783984: daddr:100932208
[  324.544292] AAAAA-TCP_FORW: name:enp0s8: saddr:100932208: daddr:16783984
[  324.546895] AAAAA-TCP_FORW: name:enp0s3: saddr:16783984: daddr:100932208
[  324.688271] AAAAA-TCP_FORW: name:enp0s8: saddr:100932208: daddr:16783984
[  324.690543] AAAAA-TCP_FORW: name:enp0s3: saddr:16783984: daddr:100932208
[  324.818985] AAAAA-TCP_FORW: name:enp0s8: saddr:100932208: daddr:33561200
[  324.821698] AAAAA-TCP_FORW: name:enp0s3: saddr:33561200: daddr:100932208
[  324.887322] AAAAA-TCP_FORW: name:enp0s8: saddr:100932208: daddr:33561200
[  324.890071] AAAAA-TCP_FORW: name:enp0s3: saddr:33561200: daddr:100932208
[  324.977186] AAAAA-TCP_FORW: name:enp0s8: saddr:100932208: daddr:33561200
[  324.979762] AAAAA-TCP_FORW: name:enp0s3: saddr:33561200: daddr:100932208
[  325.095694] AAAAA-TCP_FORW: name:enp0s8: saddr:100932208: daddr:33561200
[  325.098103] AAAAA-TCP_FORW: name:enp0s3: saddr:33561200: daddr:100932208
[  325.254813] AAAAA-TCP_FORW: name:enp0s8: saddr:100932208: daddr:33561200
[  325.257506] AAAAA-TCP_FORW: name:enp0s3: saddr:33561200: daddr:100932208
[  325.323527] AAAAA-TCP_FORW: name:enp0s8: saddr:100932208: daddr:33561200
[  325.325908] AAAAA-TCP_FORW: name:enp0s3: saddr:33561200: daddr:100932208
[  325.478198] AAAAA-TCP_FORW: name:enp0s8: saddr:100932208: daddr:33561200
[  325.480573] AAAAA-TCP_FORW: name:enp0s3: saddr:33561200: daddr:100932208
[  325.560896] AAAAA-TCP_FORW: name:enp0s8: saddr:100932208: daddr:33561200
[  325.563053] AAAAA-TCP_FORW: name:enp0s3: saddr:33561200: daddr:100932208
[  325.598753] AAAAA-TCP_FORW: name:enp0s8: saddr:100932208: daddr:16783984
[  325.600472] AAAAA-TCP_FORW: name:enp0s3: saddr:16783984: daddr:100932208
[  325.657830] AAAAA-TCP_FORW: name:enp0s8: saddr:100932208: daddr:16783984
[  325.658752] AAAAA-TCP_FORW: name:enp0s3: saddr:16783984: daddr:100932208
[  325.782864] AAAAA-TCP_FORW: name:enp0s8: saddr:100932208: daddr:16783984
[  325.783825] AAAAA-TCP_FORW: name:enp0s3: saddr:16783984: daddr:100932208
[  325.896663] AAAAA-TCP_FORW: name:enp0s8: saddr:100932208: daddr:16783984
[  325.898233] AAAAA-TCP_FORW: name:enp0s3: saddr:16783984: daddr:100932208
[  325.926829] AAAAA-TCP_FORW: name:enp0s8: saddr:100932208: daddr:16783984
[  325.927707] AAAAA-TCP_FORW: name:enp0s3: saddr:16783984: daddr:100932208
[  326.059756] AAAAA-TCP_FORW: name:enp0s8: saddr:100932208: daddr:16783984
[  326.061035] AAAAA-TCP_FORW: name:enp0s3: saddr:16783984: daddr:100932208
[  326.137470] AAAAA-TCP_FORW: name:enp0s8: saddr:100932208: daddr:16783984
[  326.138338] AAAAA-TCP_FORW: name:enp0s3: saddr:16783984: daddr:100932208
[  326.255925] AAAAA-TCP_FORW: name:enp0s8: saddr:100932208: daddr:33561200
[  326.258192] AAAAA-TCP_FORW: name:enp0s3: saddr:33561200: daddr:100932208
[  326.293017] AAAAA-TCP_FORW: name:enp0s8: saddr:100932208: daddr:33561200
[  326.295534] AAAAA-TCP_FORW: name:enp0s3: saddr:33561200: daddr:100932208
[  326.565257] AAAAA-TCP_FORW: name:enp0s8: saddr:100932208: daddr:33561200
[  326.568105] AAAAA-TCP_FORW: name:enp0s3: saddr:33561200: daddr:100932208
[  326.895099] AAAAA-TCP_FORW: name:enp0s8: saddr:100932208: daddr:33561200
[  326.897514] AAAAA-TCP_FORW: name:enp0s3: saddr:33561200: daddr:100932208
[  326.954378] AAAAA-TCP_FORW: name:enp0s8: saddr:100932208: daddr:33561200
[  326.956615] AAAAA-TCP_FORW: name:enp0s3: saddr:33561200: daddr:100932208
[  327.003825] AAAAA-TCP_FORW: name:enp0s8: saddr:100932208: daddr:33561200
[  327.006417] AAAAA-TCP_FORW: name:enp0s3: saddr:33561200: daddr:100932208
[  327.123009] AAAAA-TCP_FORW: name:enp0s8: saddr:100932208: daddr:33561200
[  327.125759] AAAAA-TCP_FORW: name:enp0s3: saddr:33561200: daddr:100932208
[  327.212339] AAAAA-TCP_FORW: name:enp0s8: saddr:100932208: daddr:33561200
[  327.214358] AAAAA-TCP_FORW: name:enp0s3: saddr:33561200: daddr:100932208
[  327.304389] AAAAA-TCP_FORW: name:enp0s8: saddr:100932208: daddr:33561200
[  327.306667] AAAAA-TCP_FORW: name:enp0s3: saddr:33561200: daddr:100932208
[  327.718515] AAAAA-TCP_FORW: name:enp0s8: saddr:100932208: daddr:16783984
[  327.719860] AAAAA-TCP_FORW: name:enp0s3: saddr:16783984: daddr:100932208
[  328.039774] AAAAA-TCP_FORW: name:enp0s8: saddr:100932208: daddr:16783984
[  328.040944] AAAAA-TCP_FORW: name:enp0s3: saddr:16783984: daddr:100932208
[  328.120689] AAAAA-TCP_FORW: name:enp0s8: saddr:100932208: daddr:16783984
[  328.122027] AAAAA-TCP_FORW: name:enp0s3: saddr:16783984: daddr:100932208
[  328.229190] AAAAA-TCP_FORW: name:enp0s8: saddr:100932208: daddr:16783984
[  328.230332] AAAAA-TCP_FORW: name:enp0s3: saddr:16783984: daddr:100932208
[  328.310470] AAAAA-TCP_FORW: name:enp0s8: saddr:100932208: daddr:16783984
[  328.311692] AAAAA-TCP_FORW: name:enp0s3: saddr:16783984: daddr:100932208
[  328.447050] AAAAA-TCP_FORW: name:enp0s8: saddr:100932208: daddr:16783984
[  328.448398] AAAAA-TCP_FORW: name:enp0s3: saddr:16783984: daddr:100932208
[  328.519490] AAAAA-TCP_FORW: name:enp0s8: saddr:100932208: daddr:16783984
[  328.520368] AAAAA-TCP_FORW: name:enp0s3: saddr:16783984: daddr:100932208
[  328.605335] AAAAA-TCP_FORW: name:enp0s8: saddr:100932208: daddr:16783984
[  328.606652] AAAAA-TCP_FORW: name:enp0s3: saddr:16783984: daddr:100932208
[  328.698536] AAAAA-TCP_FORW: name:enp0s8: saddr:100932208: daddr:16783984
[  328.699743] AAAAA-TCP_FORW: name:enp0s3: saddr:16783984: daddr:100932208
[  328.894479] AAAAA-TCP_FORW: name:enp0s8: saddr:100932208: daddr:33561200
[  328.895731] AAAAA-TCP_FORW: name:enp0s3: saddr:33561200: daddr:100932208
[  329.008423] AAAAA-TCP_FORW: name:enp0s8: saddr:100932208: daddr:33561200
[  329.009181] AAAAA-TCP_FORW: name:enp0s3: saddr:33561200: daddr:100932208
[  329.120734] AAAAA-TCP_FORW: name:enp0s8: saddr:100932208: daddr:33561200
[  329.121875] AAAAA-TCP_FORW: name:enp0s3: saddr:33561200: daddr:100932208
[  329.216475] AAAAA-TCP_FORW: name:enp0s8: saddr:100932208: daddr:33561200
[  329.217396] AAAAA-TCP_FORW: name:enp0s3: saddr:33561200: daddr:100932208
[  329.343833] AAAAA-TCP_FORW: name:enp0s8: saddr:100932208: daddr:33561200
[  329.345078] AAAAA-TCP_FORW: name:enp0s3: saddr:33561200: daddr:100932208
[  329.450360] AAAAA-TCP_FORW: name:enp0s8: saddr:100932208: daddr:33561200
[  329.451580] AAAAA-TCP_FORW: name:enp0s3: saddr:33561200: daddr:100932208
[  329.601465] AAAAA-TCP_FORW: name:enp0s8: saddr:100932208: daddr:33561200
[  329.602791] AAAAA-TCP_FORW: name:enp0s3: saddr:33561200: daddr:100932208
[  329.677471] AAAAA-TCP_FORW: name:enp0s8: saddr:100932208: daddr:33561200
[  329.678570] AAAAA-TCP_FORW: name:enp0s3: saddr:33561200: daddr:100932208
[  329.780944] AAAAA-TCP_FORW: name:enp0s8: saddr:100932208: daddr:33561200
[  329.781671] AAAAA-TCP_FORW: name:enp0s3: saddr:33561200: daddr:100932208
[  329.835453] AAAAA-TCP_FORW: name:enp0s8: saddr:100932208: daddr:16783984
[  329.945006] AAAAA-TCP_FORW: name:enp0s8: saddr:100932208: daddr:33561200
[  329.946148] AAAAA-TCP_FORW: name:enp0s3: saddr:33561200: daddr:100932208
[  330.050429] AAAAA-TCP_FORW: name:enp0s8: saddr:100932208: daddr:16783984
[  330.051670] AAAAA-TCP_FORW: name:enp0s3: saddr:16783984: daddr:100932208
[  330.322748] AAAAA-TCP_FORW: name:enp0s8: saddr:100932208: daddr:16783984
[  330.323554] AAAAA-TCP_FORW: name:enp0s3: saddr:16783984: daddr:100932208
[  330.411723] AAAAA-TCP_FORW: name:enp0s8: saddr:100932208: daddr:16783984
[  330.412428] AAAAA-TCP_FORW: name:enp0s3: saddr:16783984: daddr:100932208
[  330.507906] AAAAA-TCP_FORW: name:enp0s8: saddr:100932208: daddr:16783984
[  330.508695] AAAAA-TCP_FORW: name:enp0s3: saddr:16783984: daddr:100932208
[  330.575762] AAAAA-TCP_FORW: name:enp0s8: saddr:100932208: daddr:16783984
[  330.576504] AAAAA-TCP_FORW: name:enp0s3: saddr:16783984: daddr:100932208
[  330.662036] AAAAA-TCP_FORW: name:enp0s8: saddr:100932208: daddr:16783984
[  330.663145] AAAAA-TCP_FORW: name:enp0s3: saddr:16783984: daddr:100932208
[  330.740362] AAAAA-TCP_FORW: name:enp0s8: saddr:100932208: daddr:16783984
[  330.741209] AAAAA-TCP_FORW: name:enp0s3: saddr:16783984: daddr:100932208
[  330.884435] AAAAA-TCP_FORW: name:enp0s8: saddr:100932208: daddr:16783984
[  330.885444] AAAAA-TCP_FORW: name:enp0s3: saddr:16783984: daddr:100932208
[  330.987833] AAAAA-TCP_FORW: name:enp0s8: saddr:100932208: daddr:16783984
[  330.989005] AAAAA-TCP_FORW: name:enp0s3: saddr:16783984: daddr:100932208
[  331.077843] AAAAA-TCP_FORW: name:enp0s8: saddr:100932208: daddr:16783984
[  331.079008] AAAAA-TCP_FORW: name:enp0s3: saddr:16783984: daddr:100932208
[  331.248885] AAAAA-TCP_FORW: name:enp0s8: saddr:100932208: daddr:16783984
[  331.249926] AAAAA-TCP_FORW: name:enp0s3: saddr:16783984: daddr:100932208
[  331.441886] AAAAA-TCP_FORW: name:enp0s8: saddr:100932208: daddr:16783984
[  331.442725] AAAAA-TCP_FORW: name:enp0s3: saddr:16783984: daddr:100932208
[  331.564621] AAAAA-TCP_FORW: name:enp0s8: saddr:100932208: daddr:16783984
[  331.565833] AAAAA-TCP_FORW: name:enp0s3: saddr:16783984: daddr:100932208
[  331.657263] AAAAA-TCP_FORW: name:enp0s8: saddr:100932208: daddr:16783984
[  331.658467] AAAAA-TCP_FORW: name:enp0s3: saddr:16783984: daddr:100932208
[  331.751027] AAAAA-TCP_FORW: name:enp0s8: saddr:100932208: daddr:16783984
[  331.752208] AAAAA-TCP_FORW: name:enp0s3: saddr:16783984: daddr:100932208
[  331.804200] AAAAA-TCP_FORW: name:enp0s8: saddr:100932208: daddr:16783984
[  331.806056] AAAAA-TCP_FORW: name:enp0s3: saddr:16783984: daddr:100932208
[  331.906714] AAAAA-TCP_FORW: name:enp0s8: saddr:100932208: daddr:16783984
[  331.907985] AAAAA-TCP_FORW: name:enp0s3: saddr:16783984: daddr:100932208
[  332.074610] AAAAA-TCP_FORW: name:enp0s8: saddr:100932208: daddr:16783984
[  332.075895] AAAAA-TCP_FORW: name:enp0s3: saddr:16783984: daddr:100932208
[  332.184314] AAAAA-TCP_FORW: name:enp0s8: saddr:100932208: daddr:16783984
[  332.185086] AAAAA-TCP_FORW: name:enp0s3: saddr:16783984: daddr:100932208
[  332.283820] AAAAA-TCP_FORW: name:enp0s8: saddr:100932208: daddr:16783984
[  332.284924] AAAAA-TCP_FORW: name:enp0s3: saddr:16783984: daddr:100932208
[  332.407035] AAAAA-TCP_FORW: name:enp0s8: saddr:100932208: daddr:16783984
[  332.408241] AAAAA-TCP_FORW: name:enp0s3: saddr:16783984: daddr:100932208
[  332.571083] AAAAA-TCP_FORW: name:enp0s8: saddr:100932208: daddr:16783984
[  332.627804] AAAAA-TCP_FORW: name:enp0s8: saddr:100932208: daddr:16783984
[  332.628950] AAAAA-TCP_FORW: name:enp0s3: saddr:16783984: daddr:100932208
[  332.746176] AAAAA-TCP_FORW: name:enp0s8: saddr:100932208: daddr:16783984
[  332.747361] AAAAA-TCP_FORW: name:enp0s3: saddr:16783984: daddr:100932208
[  332.840155] AAAAA-TCP_FORW: name:enp0s8: saddr:100932208: daddr:16783984
[  332.841278] AAAAA-TCP_FORW: name:enp0s3: saddr:16783984: daddr:100932208
[  333.003923] AAAAA-TCP_FORW: name:enp0s8: saddr:100932208: daddr:33561200
[  333.005066] AAAAA-TCP_FORW: name:enp0s3: saddr:33561200: daddr:100932208
[  333.179558] AAAAA-TCP_FORW: name:enp0s8: saddr:100932208: daddr:33561200
[  333.180733] AAAAA-TCP_FORW: name:enp0s3: saddr:33561200: daddr:100932208
[  333.596803] AAAAA-TCP_FORW: name:enp0s8: saddr:100932208: daddr:33561200
[  333.597919] AAAAA-TCP_FORW: name:enp0s3: saddr:33561200: daddr:100932208
[  333.872716] AAAAA-TCP_FORW: name:enp0s8: saddr:100932208: daddr:33561200
[  333.873518] AAAAA-TCP_FORW: name:enp0s3: saddr:33561200: daddr:100932208
[  333.966364] AAAAA-TCP_FORW: name:enp0s8: saddr:100932208: daddr:33561200
[  333.967109] AAAAA-TCP_FORW: name:enp0s3: saddr:33561200: daddr:100932208
[  334.084780] AAAAA-TCP_FORW: name:enp0s8: saddr:100932208: daddr:33561200
[  334.086083] AAAAA-TCP_FORW: name:enp0s3: saddr:33561200: daddr:100932208
[  334.143994] AAAAA-TCP_FORW: name:enp0s8: saddr:100932208: daddr:33561200
[  334.145528] AAAAA-TCP_FORW: name:enp0s3: saddr:33561200: daddr:100932208
[  334.238150] AAAAA-TCP_FORW: name:enp0s8: saddr:100932208: daddr:33561200
[  334.238958] AAAAA-TCP_FORW: name:enp0s3: saddr:33561200: daddr:100932208
[  334.391550] AAAAA-TCP_FORW: name:enp0s8: saddr:100932208: daddr:33561200
[  334.392690] AAAAA-TCP_FORW: name:enp0s3: saddr:33561200: daddr:100932208
[  334.545214] AAAAA-TCP_FORW: name:enp0s8: saddr:100932208: daddr:33561200
[  334.547492] AAAAA-TCP_FORW: name:enp0s3: saddr:33561200: daddr:100932208
[  334.703998] AAAAA-TCP_FORW: name:enp0s8: saddr:100932208: daddr:33561200
[  334.706863] AAAAA-TCP_FORW: name:enp0s3: saddr:33561200: daddr:100932208
[  334.841584] AAAAA-TCP_FORW: name:enp0s8: saddr:100932208: daddr:33561200
[  334.843980] AAAAA-TCP_FORW: name:enp0s3: saddr:33561200: daddr:100932208
[  334.941625] AAAAA-TCP_FORW: name:enp0s8: saddr:100932208: daddr:33561200
[  334.943862] AAAAA-TCP_FORW: name:enp0s3: saddr:33561200: daddr:100932208
[  335.140232] AAAAA-TCP_FORW: name:enp0s8: saddr:100932208: daddr:33561200
[  335.142669] AAAAA-TCP_FORW: name:enp0s3: saddr:33561200: daddr:100932208
[  335.307289] AAAAA-TCP_FORW: name:enp0s8: saddr:100932208: daddr:33561200
[  335.308461] AAAAA-TCP_FORW: name:enp0s3: saddr:33561200: daddr:100932208
[  335.466869] AAAAA-TCP_FORW: name:enp0s8: saddr:100932208: daddr:33561200
[  335.468147] AAAAA-TCP_FORW: name:enp0s3: saddr:33561200: daddr:100932208
[  335.729092] AAAAA-TCP_FORW: name:enp0s8: saddr:100932208: daddr:16783984
[  335.730328] AAAAA-TCP_FORW: name:enp0s3: saddr:16783984: daddr:100932208
[  335.881424] AAAAA-TCP_FORW: name:enp0s8: saddr:100932208: daddr:16783984
[  335.882307] AAAAA-TCP_FORW: name:enp0s3: saddr:16783984: daddr:100932208
[  336.003537] AAAAA-TCP_FORW: name:enp0s8: saddr:100932208: daddr:16783984
[  336.004327] AAAAA-TCP_FORW: name:enp0s3: saddr:16783984: daddr:100932208
[  336.147993] AAAAA-TCP_FORW: name:enp0s8: saddr:100932208: daddr:16783984
[  336.150325] AAAAA-TCP_FORW: name:enp0s3: saddr:16783984: daddr:100932208
[  336.367286] AAAAA-TCP_FORW: name:enp0s8: saddr:100932208: daddr:16783984
[  336.369890] AAAAA-TCP_FORW: name:enp0s3: saddr:16783984: daddr:100932208
[  336.487857] AAAAA-TCP_FORW: name:enp0s8: saddr:100932208: daddr:16783984
[  336.489996] AAAAA-TCP_FORW: name:enp0s3: saddr:16783984: daddr:100932208
[  336.733821] AAAAA-TCP_FORW: name:enp0s8: saddr:100932208: daddr:16783984
[  336.736023] AAAAA-TCP_FORW: name:enp0s3: saddr:16783984: daddr:100932208
[  336.812030] AAAAA-TCP_FORW: name:enp0s8: saddr:100932208: daddr:16783984
[  336.813867] AAAAA-TCP_FORW: name:enp0s3: saddr:16783984: daddr:100932208
[  336.932391] AAAAA-TCP_FORW: name:enp0s8: saddr:100932208: daddr:16783984
[  336.934231] AAAAA-TCP_FORW: name:enp0s3: saddr:16783984: daddr:100932208
[  337.030184] AAAAA-TCP_FORW: name:enp0s8: saddr:100932208: daddr:16783984
[  337.032656] AAAAA-TCP_FORW: name:enp0s3: saddr:16783984: daddr:100932208
[  337.245179] AAAAA-TCP_FORW: name:enp0s8: saddr:100932208: daddr:16783984
[  337.247391] AAAAA-TCP_FORW: name:enp0s3: saddr:16783984: daddr:100932208
[  337.372037] AAAAA-TCP_FORW: name:enp0s8: saddr:100932208: daddr:16783984
[  337.374547] AAAAA-TCP_FORW: name:enp0s3: saddr:16783984: daddr:100932208
[  337.456895] AAAAA-TCP_FORW: name:enp0s8: saddr:100932208: daddr:16783984
[  337.459121] AAAAA-TCP_FORW: name:enp0s3: saddr:16783984: daddr:100932208
[  337.853128] AAAAA-TCP_FORW: name:enp0s8: saddr:100932208: daddr:16783984
[  337.855511] AAAAA-TCP_FORW: name:enp0s3: saddr:16783984: daddr:100932208
[  337.926604] AAAAA-TCP_FORW: name:enp0s8: saddr:100932208: daddr:16783984
[  337.929071] AAAAA-TCP_FORW: name:enp0s3: saddr:16783984: daddr:100932208
[  338.095014] AAAAA-TCP_FORW: name:enp0s8: saddr:100932208: daddr:16783984
[  338.097526] AAAAA-TCP_FORW: name:enp0s3: saddr:16783984: daddr:100932208
[  338.166266] AAAAA-TCP_FORW: name:enp0s8: saddr:100932208: daddr:16783984
[  338.168789] AAAAA-TCP_FORW: name:enp0s3: saddr:16783984: daddr:100932208
[  338.357648] AAAAA-TCP_FORW: name:enp0s8: saddr:100932208: daddr:16783984
[  338.359913] AAAAA-TCP_FORW: name:enp0s3: saddr:16783984: daddr:100932208
[  338.412897] AAAAA-TCP_FORW: name:enp0s8: saddr:100932208: daddr:16783984
[  338.414184] AAAAA-TCP_FORW: name:enp0s3: saddr:16783984: daddr:100932208
[  338.556640] AAAAA-TCP_FORW: name:enp0s8: saddr:100932208: daddr:16783984
[  338.558069] AAAAA-TCP_FORW: name:enp0s3: saddr:16783984: daddr:100932208
[  338.858354] AAAAA-TCP_FORW: name:enp0s8: saddr:100932208: daddr:33561200
[  338.859550] AAAAA-TCP_FORW: name:enp0s3: saddr:33561200: daddr:100932208
