[    0.000000] Linux version 5.4.243-mptcp (root@ztg) (gcc version 12.2.0 (Debian 12.2.0-14+deb12u1)) #53 SMP Wed Dec 24 23:28:15 CST 2025
[    0.000000] Command line: BOOT_IMAGE=/boot/vmlinuz-5.4.243-mptcp root=UUID=98415a12-53b7-4144-8265-0f7ece09e445 ro quiet splash
[    0.000000] KERNEL supported cpus:
[    0.000000]   Intel GenuineIntel
[    0.000000]   AMD AuthenticAMD
[    0.000000]   Hygon HygonGenuine
[    0.000000]   Centaur CentaurHauls
[    0.000000]   zhaoxin   Shanghai  
[    0.000000] x86/fpu: Supporting XSAVE feature 0x001: 'x87 floating point registers'
[    0.000000] x86/fpu: Supporting XSAVE feature 0x002: 'SSE registers'
[    0.000000] x86/fpu: Supporting XSAVE feature 0x004: 'AVX registers'
[    0.000000] x86/fpu: xstate_offset[2]:  576, xstate_sizes[2]:  256
[    0.000000] x86/fpu: Enabled xstate features 0x7, context size is 832 bytes, using 'standard' format.
[    0.000000] BIOS-provided physical RAM map:
[    0.000000] BIOS-e820: [mem 0x0000000000000000-0x000000000009fbff] usable
[    0.000000] BIOS-e820: [mem 0x000000000009fc00-0x000000000009ffff] reserved
[    0.000000] BIOS-e820: [mem 0x00000000000f0000-0x00000000000fffff] reserved
[    0.000000] BIOS-e820: [mem 0x0000000000100000-0x000000007ffeffff] usable
[    0.000000] BIOS-e820: [mem 0x000000007fff0000-0x000000007fffffff] ACPI data
[    0.000000] BIOS-e820: [mem 0x00000000fec00000-0x00000000fec00fff] reserved
[    0.000000] BIOS-e820: [mem 0x00000000fee00000-0x00000000fee00fff] reserved
[    0.000000] BIOS-e820: [mem 0x00000000fffc0000-0x00000000ffffffff] reserved
[    0.000000] NX (Execute Disable) protection: active
[    0.000000] SMBIOS 2.5 present.
[    0.000000] DMI: innotek GmbH VirtualBox/VirtualBox, BIOS VirtualBox 12/01/2006
[    0.000000] Hypervisor detected: KVM
[    0.000000] kvm-clock: Using msrs 4b564d01 and 4b564d00
[    0.000000] kvm-clock: cpu 0, msr 50801001, primary cpu clock
[    0.000000] kvm-clock: using sched offset of 4501262730 cycles
[    0.000003] clocksource: kvm-clock: mask: 0xffffffffffffffff max_cycles: 0x1cd42e4dffb, max_idle_ns: 881590591483 ns
[    0.000005] tsc: Detected 2100.000 MHz processor
[    0.001879] e820: update [mem 0x00000000-0x00000fff] usable ==> reserved
[    0.001881] e820: remove [mem 0x000a0000-0x000fffff] usable
[    0.001885] last_pfn = 0x7fff0 max_arch_pfn = 0x400000000
[    0.001953] MTRR default type: uncachable
[    0.001954] MTRR fixed ranges enabled:
[    0.001955]   00000-9FFFF write-back
[    0.001956]   A0000-BFFFF uncachable
[    0.001956]   C0000-FFFFF write-protect
[    0.001957] MTRR variable ranges enabled:
[    0.001959]   0 base 000000000000 mask 3FFF80000000 write-back
[    0.001959]   1 disabled
[    0.001960]   2 disabled
[    0.001960]   3 disabled
[    0.001961]   4 disabled
[    0.001961]   5 disabled
[    0.001961]   6 disabled
[    0.001962]   7 disabled
[    0.001962]   8 disabled
[    0.001963]   9 disabled
[    0.001963]   10 disabled
[    0.001964]   11 disabled
[    0.001964]   12 disabled
[    0.001964]   13 disabled
[    0.001965]   14 disabled
[    0.001965]   15 disabled
[    0.001982] x86/PAT: Configuration [0-7]: WB  WC  UC- UC  WB  WP  UC- WT  
[    0.002115] found SMP MP-table at [mem 0x0009fff0-0x0009ffff]
[    0.092581] check: Scanning 1 areas for low memory corruption
[    0.092693] RAMDISK: [mem 0x32271000-0x3512ffff]
[    0.092701] ACPI: Early table checksum verification disabled
[    0.092707] ACPI: RSDP 0x00000000000E0000 000024 (v02 VBOX  )
[    0.092711] ACPI: XSDT 0x000000007FFF0030 00003C (v01 VBOX   VBOXXSDT 00000001 ASL  00000061)
[    0.092718] ACPI: FACP 0x000000007FFF00F0 0000F4 (v04 VBOX   VBOXFACP 00000001 ASL  00000061)
[    0.092724] ACPI: DSDT 0x000000007FFF02E0 002353 (v02 VBOX   VBOXBIOS 00000002 VBOX 00029BF3)
[    0.092729] ACPI: FACS 0x000000007FFF0200 000040
[    0.092732] ACPI: FACS 0x000000007FFF0200 000040
[    0.092735] ACPI: APIC 0x000000007FFF0240 000054 (v02 VBOX   VBOXAPIC 00000001 ASL  00000061)
[    0.092739] ACPI: SSDT 0x000000007FFF02A0 000038 (v01 VBOX   VBOXCPUT 00000002 VBOX 00029BF3)
[    0.092742] ACPI: Reserving FACP table memory at [mem 0x7fff00f0-0x7fff01e3]
[    0.092743] ACPI: Reserving DSDT table memory at [mem 0x7fff02e0-0x7fff2632]
[    0.092744] ACPI: Reserving FACS table memory at [mem 0x7fff0200-0x7fff023f]
[    0.092744] ACPI: Reserving FACS table memory at [mem 0x7fff0200-0x7fff023f]
[    0.092745] ACPI: Reserving APIC table memory at [mem 0x7fff0240-0x7fff0293]
[    0.092746] ACPI: Reserving SSDT table memory at [mem 0x7fff02a0-0x7fff02d7]
[    0.092760] ACPI: Local APIC address 0xfee00000
[    0.092945] No NUMA configuration found
[    0.092946] Faking a node at [mem 0x0000000000000000-0x000000007ffeffff]
[    0.092956] NODE_DATA(0) allocated [mem 0x7ffc5000-0x7ffeffff]
[    0.093217] Zone ranges:
[    0.093218]   DMA      [mem 0x0000000000001000-0x0000000000ffffff]
[    0.093219]   DMA32    [mem 0x0000000001000000-0x000000007ffeffff]
[    0.093220]   Normal   empty
[    0.093221]   Device   empty
[    0.093221] Movable zone start for each node
[    0.093223] Early memory node ranges
[    0.093224]   node   0: [mem 0x0000000000001000-0x000000000009efff]
[    0.093225]   node   0: [mem 0x0000000000100000-0x000000007ffeffff]
[    0.093228] Zeroed struct page in unavailable ranges: 114 pages
[    0.093229] Initmem setup node 0 [mem 0x0000000000001000-0x000000007ffeffff]
[    0.093230] On node 0 totalpages: 524174
[    0.093231]   DMA zone: 64 pages used for memmap
[    0.093231]   DMA zone: 21 pages reserved
[    0.093233]   DMA zone: 3998 pages, LIFO batch:0
[    0.093305]   DMA32 zone: 8128 pages used for memmap
[    0.093306]   DMA32 zone: 520176 pages, LIFO batch:63
[    0.102381] ACPI: PM-Timer IO Port: 0x4008
[    0.102385] ACPI: Local APIC address 0xfee00000
[    0.102453] IOAPIC[0]: apic_id 1, version 32, address 0xfec00000, GSI 0-23
[    0.102456] ACPI: INT_SRC_OVR (bus 0 bus_irq 0 global_irq 2 dfl dfl)
[    0.102458] ACPI: INT_SRC_OVR (bus 0 bus_irq 9 global_irq 9 low level)
[    0.102460] ACPI: IRQ0 used by override.
[    0.102461] ACPI: IRQ9 used by override.
[    0.102463] Using ACPI (MADT) for SMP configuration information
[    0.102470] smpboot: Allowing 1 CPUs, 0 hotplug CPUs
[    0.102492] PM: Registered nosave memory: [mem 0x00000000-0x00000fff]
[    0.102494] PM: Registered nosave memory: [mem 0x0009f000-0x0009ffff]
[    0.102494] PM: Registered nosave memory: [mem 0x000a0000-0x000effff]
[    0.102495] PM: Registered nosave memory: [mem 0x000f0000-0x000fffff]
[    0.102497] [mem 0x80000000-0xfebfffff] available for PCI devices
[    0.102497] Booting paravirtualized kernel on KVM
[    0.102501] clocksource: refined-jiffies: mask: 0xffffffff max_cycles: 0xffffffff, max_idle_ns: 7645519600211568 ns
[    0.102505] setup_percpu: NR_CPUS:8192 nr_cpumask_bits:1 nr_cpu_ids:1 nr_node_ids:1
[    0.103515] percpu: Embedded 60 pages/cpu s208896 r8192 d28672 u2097152
[    0.103520] pcpu-alloc: s208896 r8192 d28672 u2097152 alloc=1*2097152
[    0.103521] pcpu-alloc: [0] 0 
[    0.103549] Built 1 zonelists, mobility grouping on.  Total pages: 515961
[    0.103549] Policy zone: DMA32
[    0.103550] Kernel command line: BOOT_IMAGE=/boot/vmlinuz-5.4.243-mptcp root=UUID=98415a12-53b7-4144-8265-0f7ece09e445 ro quiet splash
[    0.104404] Dentry cache hash table entries: 262144 (order: 9, 2097152 bytes, linear)
[    0.104550] Inode-cache hash table entries: 131072 (order: 8, 1048576 bytes, linear)
[    0.104601] mem auto-init: stack:off, heap alloc:on, heap free:off
[    0.104604] Calgary: detecting Calgary via BIOS EBDA area
[    0.104605] Calgary: Unable to locate Rio Grande table in EBDA - bailing!
[    0.108803] Memory: 1967332K/2096696K available (14339K kernel code, 2398K rwdata, 4712K rodata, 2728K init, 17260K bss, 129364K reserved, 0K cma-reserved)
[    0.109739] SLUB: HWalign=64, Order=0-3, MinObjects=0, CPUs=1, Nodes=1
[    0.109756] ftrace: allocating 43186 entries in 169 pages
[    0.127890] rcu: Hierarchical RCU implementation.
[    0.127892] rcu: 	RCU restricting CPUs from NR_CPUS=8192 to nr_cpu_ids=1.
[    0.127893] 	Tasks RCU enabled.
[    0.127894] rcu: RCU calculated value of scheduler-enlistment delay is 25 jiffies.
[    0.127894] rcu: Adjusting geometry for rcu_fanout_leaf=16, nr_cpu_ids=1
[    0.130880] NR_IRQS: 524544, nr_irqs: 256, preallocated irqs: 16
[    0.131097] random: crng init done
[    0.140384] Console: colour VGA+ 80x25
[    0.140389] printk: console [tty0] enabled
[    0.140410] ACPI: Core revision 20190816
[    0.140510] APIC: Switch to symmetric I/O mode setup
[    0.140759] x2apic enabled
[    0.140998] Switched APIC routing to physical x2apic.
[    0.142131] ..TIMER: vector=0x30 apic1=0 pin1=2 apic2=-1 pin2=-1
[    0.142157] clocksource: tsc-early: mask: 0xffffffffffffffff max_cycles: 0x1e4530a99b6, max_idle_ns: 440795257976 ns
[    0.142163] Calibrating delay loop (skipped) preset value.. 4200.00 BogoMIPS (lpj=8400000)
[    0.142165] pid_max: default: 32768 minimum: 301
[    0.142193] LSM: Security Framework initializing
[    0.142203] Yama: becoming mindful.
[    0.142230] AppArmor: AppArmor initialized
[    0.142263] Mount-cache hash table entries: 4096 (order: 3, 32768 bytes, linear)
[    0.142268] Mountpoint-cache hash table entries: 4096 (order: 3, 32768 bytes, linear)
[    0.142279] *** VALIDATE tmpfs ***
[    0.142410] *** VALIDATE proc ***
[    0.142451] *** VALIDATE cgroup1 ***
[    0.142452] *** VALIDATE cgroup2 ***
[    0.142594] process: using mwait in idle threads
[    0.142599] Last level iTLB entries: 4KB 64, 2MB 8, 4MB 8
[    0.142599] Last level dTLB entries: 4KB 64, 2MB 0, 4MB 0, 1GB 4
[    0.142620] Spectre V1 : Mitigation: usercopy/swapgs barriers and __user pointer sanitization
[    0.142626] Spectre V2 : Mitigation: Retpolines
[    0.142627] Spectre V2 : Spectre v2 / SpectreRSB mitigation: Filling RSB on context switch
[    0.142628] Spectre V2 : Spectre v2 / SpectreRSB : Filling RSB on VMEXIT
[    0.142628] RETBleed: WARNING: Spectre v2 mitigation leaves CPU vulnerable to RETBleed attacks, data leaks possible!
[    0.142979] RETBleed: Vulnerable
[    0.142980] Speculative Store Bypass: Vulnerable
[    0.142985] TAA: Mitigation: TSX disabled
[    0.142985] MMIO Stale Data: Mitigation: Clear CPU buffers
[    0.147283] Freeing SMP alternatives memory: 40K
[    0.259873] smpboot: CPU0: Intel(R) Xeon(R) Silver 4216 CPU @ 2.10GHz (family: 0x6, model: 0x55, stepping: 0x7)
[    0.260014] Performance Events: unsupported p6 CPU model 85 no PMU driver, software events only.
[    0.260051] rcu: Hierarchical SRCU implementation.
[    0.260534] NMI watchdog: Perf NMI watchdog permanently disabled
[    0.260571] smp: Bringing up secondary CPUs ...
[    0.260572] smp: Brought up 1 node, 1 CPU
[    0.260573] smpboot: Max logical packages: 1
[    0.260574] smpboot: Total of 1 processors activated (4200.00 BogoMIPS)
[    0.261561] devtmpfs: initialized
[    0.261610] x86/mm: Memory block size: 128MB
[    0.261961] clocksource: jiffies: mask: 0xffffffff max_cycles: 0xffffffff, max_idle_ns: 7645041785100000 ns
[    0.261967] futex hash table entries: 256 (order: 2, 16384 bytes, linear)
[    0.262010] pinctrl core: initialized pinctrl subsystem
[    0.262114] PM: RTC time: 20:06:57, date: 2026-01-12
[    0.262159] NET: Registered protocol family 16
[    0.262159] audit: initializing netlink subsys (disabled)
[    0.262159] EISA bus registered
[    0.262159] cpuidle: using governor ladder
[    0.262159] cpuidle: using governor menu
[    0.262159] ACPI: bus type PCI registered
[    0.262159] acpiphp: ACPI Hot Plug PCI Controller Driver version: 0.5
[    0.262159] PCI: Using configuration type 1 for base access
[    0.262517] audit: type=2000 audit(1768219623.680:1): state=initialized audit_enabled=0 res=1
[    0.262596] HugeTLB registered 2.00 MiB page size, pre-allocated 0 pages
[    0.263416] ACPI: Added _OSI(Module Device)
[    0.263417] ACPI: Added _OSI(Processor Device)
[    0.263418] ACPI: Added _OSI(3.0 _SCP Extensions)
[    0.263418] ACPI: Added _OSI(Processor Aggregator Device)
[    0.263419] ACPI: Added _OSI(Linux-Dell-Video)
[    0.263420] ACPI: Added _OSI(Linux-Lenovo-NV-HDMI-Audio)
[    0.263421] ACPI: Added _OSI(Linux-HPI-Hybrid-Graphics)
[    0.265361] ACPI: 2 ACPI AML tables successfully acquired and loaded
[    0.266901] ACPI: Interpreter enabled
[    0.266911] ACPI: (supports S0 S5)
[    0.266912] ACPI: Using IOAPIC for interrupt routing
[    0.267118] PCI: Using host bridge windows from ACPI; if necessary, use "pci=nocrs" and report a bug
[    0.267222] ACPI: Enabled 2 GPEs in block 00 to 07
[    0.272025] ACPI: PCI Root Bridge [PCI0] (domain 0000 [bus 00-ff])
[    0.272030] acpi PNP0A03:00: _OSC: OS supports [ASPM ClockPM Segments MSI HPX-Type3]
[    0.272474] acpi PNP0A03:00: _OSC: not requesting OS control; OS requires [ExtendedConfig ASPM ClockPM MSI]
[    0.272482] acpi PNP0A03:00: fail to add MMCONFIG information, can't access extended PCI configuration space under this bridge.
[    0.272852] PCI host bridge to bus 0000:00
[    0.272854] pci_bus 0000:00: root bus resource [io  0x0000-0x0cf7 window]
[    0.272855] pci_bus 0000:00: root bus resource [io  0x0d00-0xffff window]
[    0.272857] pci_bus 0000:00: root bus resource [mem 0x000a0000-0x000bffff window]
[    0.272858] pci_bus 0000:00: root bus resource [mem 0x80000000-0xfdffffff window]
[    0.272859] pci_bus 0000:00: root bus resource [bus 00-ff]
[    0.272903] pci 0000:00:00.0: [8086:1237] type 00 class 0x060000
[    0.273859] pci 0000:00:01.0: [8086:7000] type 00 class 0x060100
[    0.274672] pci 0000:00:01.1: [8086:7111] type 00 class 0x01018a
[    0.275041] pci 0000:00:01.1: reg 0x20: [io  0xd000-0xd00f]
[    0.275192] pci 0000:00:01.1: legacy IDE quirk: reg 0x10: [io  0x01f0-0x01f7]
[    0.275193] pci 0000:00:01.1: legacy IDE quirk: reg 0x14: [io  0x03f6]
[    0.275194] pci 0000:00:01.1: legacy IDE quirk: reg 0x18: [io  0x0170-0x0177]
[    0.275195] pci 0000:00:01.1: legacy IDE quirk: reg 0x1c: [io  0x0376]
[    0.275733] pci 0000:00:02.0: [15ad:0405] type 00 class 0x030000
[    0.278238] pci 0000:00:02.0: reg 0x10: [io  0xd010-0xd01f]
[    0.282205] pci 0000:00:02.0: reg 0x14: [mem 0xe0000000-0xe7ffffff pref]
[    0.284804] pci 0000:00:02.0: reg 0x18: [mem 0xf0000000-0xf01fffff]
[    0.294927] pci 0000:00:03.0: [1022:2000] type 00 class 0x020000
[    0.295597] pci 0000:00:03.0: reg 0x10: [io  0xd020-0xd03f]
[    0.296207] pci 0000:00:03.0: reg 0x14: [mem 0xf0200000-0xf0200fff]
[    0.300161] pci 0000:00:04.0: [80ee:cafe] type 00 class 0x088000
[    0.300839] pci 0000:00:04.0: reg 0x10: [io  0xd040-0xd05f]
[    0.301449] pci 0000:00:04.0: reg 0x14: [mem 0xf0400000-0xf07fffff]
[    0.302069] pci 0000:00:04.0: reg 0x18: [mem 0xf0800000-0xf0803fff pref]
[    0.305202] pci 0000:00:07.0: [8086:7113] type 00 class 0x068000
[    0.305760] pci 0000:00:07.0: quirk: [io  0x4000-0x403f] claimed by PIIX4 ACPI
[    0.305771] pci 0000:00:07.0: quirk: [io  0x4100-0x410f] claimed by PIIX4 SMB
[    0.306227] pci 0000:00:08.0: [8086:100e] type 00 class 0x020000
[    0.306961] pci 0000:00:08.0: reg 0x10: [mem 0xf0820000-0xf083ffff]
[    0.308165] pci 0000:00:08.0: reg 0x18: [io  0xd060-0xd067]
[    0.312430] pci 0000:00:09.0: [8086:100e] type 00 class 0x020000
[    0.313179] pci 0000:00:09.0: reg 0x10: [mem 0xf0840000-0xf085ffff]
[    0.314272] pci 0000:00:09.0: reg 0x18: [io  0xd068-0xd06f]
[    0.323199] ACPI: PCI Interrupt Link [LNKA] (IRQs 5 9 10 *11)
[    0.323480] ACPI: PCI Interrupt Link [LNKB] (IRQs 5 9 *10 11)
[    0.323588] ACPI: PCI Interrupt Link [LNKC] (IRQs 5 *9 10 11)
[    0.323687] ACPI: PCI Interrupt Link [LNKD] (IRQs 5 9 10 *11)
[    0.323953] iommu: Default domain type: Translated 
[    0.324025] pci 0000:00:02.0: vgaarb: setting as boot VGA device
[    0.324027] pci 0000:00:02.0: vgaarb: VGA device added: decodes=io+mem,owns=io+mem,locks=none
[    0.326163] pci 0000:00:02.0: vgaarb: bridge control possible
[    0.326164] vgaarb: loaded
[    0.326376] SCSI subsystem initialized
[    0.326409] libata version 3.00 loaded.
[    0.326434] ACPI: bus type USB registered
[    0.326450] usbcore: registered new interface driver usbfs
[    0.326456] usbcore: registered new interface driver hub
[    0.326461] usbcore: registered new device driver usb
[    0.326489] pps_core: LinuxPPS API ver. 1 registered
[    0.326490] pps_core: Software ver. 5.3.6 - Copyright 2005-2007 Rodolfo Giometti <giometti@linux.it>
[    0.326492] PTP clock support registered
[    0.326526] EDAC MC: Ver: 3.0.0
[    0.326806] PCI: Using ACPI for IRQ routing
[    0.326807] PCI: pci_cache_line_size set to 64 bytes
[    0.326983] e820: reserve RAM buffer [mem 0x0009fc00-0x0009ffff]
[    0.326986] e820: reserve RAM buffer [mem 0x7fff0000-0x7fffffff]
[    0.327801] NetLabel: Initializing
[    0.327801] NetLabel:  domain hash size = 128
[    0.327802] NetLabel:  protocols = UNLABELED CIPSOv4 CALIPSO
[    0.327821] NetLabel:  unlabeled traffic allowed by default
[    0.328729] clocksource: Switched to clocksource kvm-clock
[    0.340952] *** VALIDATE bpf ***
[    0.341013] VFS: Disk quotas dquot_6.6.0
[    0.341026] VFS: Dquot-cache hash table entries: 512 (order 0, 4096 bytes)
[    0.341048] *** VALIDATE ramfs ***
[    0.341051] *** VALIDATE hugetlbfs ***
[    0.341134] AppArmor: AppArmor Filesystem Enabled
[    0.341161] pnp: PnP ACPI init
[    0.341232] pnp 00:00: Plug and Play ACPI device, IDs PNP0303 (active)
[    0.341298] pnp 00:01: Plug and Play ACPI device, IDs PNP0f03 (active)
[    0.342038] pnp: PnP ACPI: found 2 devices
[    0.343018] thermal_sys: Registered thermal governor 'fair_share'
[    0.343019] thermal_sys: Registered thermal governor 'bang_bang'
[    0.343019] thermal_sys: Registered thermal governor 'step_wise'
[    0.343020] thermal_sys: Registered thermal governor 'user_space'
[    0.343020] thermal_sys: Registered thermal governor 'power_allocator'
[    0.347562] clocksource: acpi_pm: mask: 0xffffff max_cycles: 0xffffff, max_idle_ns: 2085701024 ns
[    0.347602] pci_bus 0000:00: resource 4 [io  0x0000-0x0cf7 window]
[    0.347603] pci_bus 0000:00: resource 5 [io  0x0d00-0xffff window]
[    0.347604] pci_bus 0000:00: resource 6 [mem 0x000a0000-0x000bffff window]
[    0.347605] pci_bus 0000:00: resource 7 [mem 0x80000000-0xfdffffff window]
[    0.347665] NET: Registered protocol family 2
[    0.347740] IP idents hash table entries: 32768 (order: 6, 262144 bytes, linear)
[    0.348147] MPTCP tokens hash table entries: 8192 (order: 4, 65536 bytes, linear)
[    0.348168] MPTCP request tokens hash table entries: 8192 (order: 4, 65536 bytes, linear)
[    0.348193] default registered
[    0.348193] default registered
[    0.348194] MPTCP: Stable release v0.96
[    0.348199] tcp_listen_portaddr_hash hash table entries: 1024 (order: 2, 16384 bytes, linear)
[    0.348282] TCP established hash table entries: 16384 (order: 5, 131072 bytes, linear)
[    0.348348] TCP bind hash table entries: 16384 (order: 6, 262144 bytes, linear)
[    0.348374] TCP: Hash tables configured (established 16384 bind 16384)
[    0.349093] UDP hash table entries: 1024 (order: 3, 32768 bytes, linear)
[    0.349105] UDP-Lite hash table entries: 1024 (order: 3, 32768 bytes, linear)
[    0.349141] NET: Registered protocol family 1
[    0.349149] NET: Registered protocol family 44
[    0.349171] pci 0000:00:00.0: Limiting direct PCI/PCI transfers
[    0.349186] pci 0000:00:01.0: Activating ISA DMA hang workarounds
[    0.349239] pci 0000:00:02.0: Video device with shadowed ROM at [mem 0x000c0000-0x000dffff]
[    0.349303] PCI: CLS 0 bytes, default 64
[    0.349351] Trying to unpack rootfs image as initramfs...
[    0.519273] Freeing initrd memory: 47868K
[    0.519273] clocksource: tsc: mask: 0xffffffffffffffff max_cycles: 0x1e4530a99b6, max_idle_ns: 440795257976 ns
[    0.519273] clocksource: Switched to clocksource tsc
[    0.519273] platform rtc_cmos: registered platform RTC device (no PNP device found)
[    0.519273] check: Scanning for low memory corruption every 60 seconds
[    0.519273] Initialise system trusted keyrings
[    0.519273] Key type blacklist registered
[    0.519273] workingset: timestamp_bits=36 max_order=19 bucket_order=0
[    0.519273] zbud: loaded
[    0.519273] squashfs: version 4.0 (2009/01/31) Phillip Lougher
[    0.519273] fuse: init (API version 7.31)
[    0.519273] *** VALIDATE fuse ***
[    0.519273] *** VALIDATE fuse ***
[    0.519273] Platform Keyring initialized
[    0.534095] Key type asymmetric registered
[    0.534096] Asymmetric key parser 'x509' registered
[    0.534106] Block layer SCSI generic (bsg) driver version 0.4 loaded (major 244)
[    0.534143] io scheduler mq-deadline registered
[    0.534265] shpchp: Standard Hot Plug PCI Controller Driver version: 0.4
[    0.534472] ACPI: AC Adapter [AC] (on-line)
[    0.534515] input: Power Button as /devices/LNXSYSTM:00/LNXPWRBN:00/input/input0
[    0.534543] ACPI: Power Button [PWRF]
[    0.534633] input: Sleep Button as /devices/LNXSYSTM:00/LNXSLPBN:00/input/input1
[    0.534647] ACPI: Sleep Button [SLPF]
[    0.534870] Serial: 8250/16550 driver, 32 ports, IRQ sharing enabled
[    0.536052] Linux agpgart interface v0.103
[    0.631100] loop: module loaded
[    0.631242] ata_piix 0000:00:01.1: version 2.13
[    0.631655] scsi host0: ata_piix
[    0.631748] scsi host1: ata_piix
[    0.631774] ata1: PATA max UDMA/33 cmd 0x1f0 ctl 0x3f6 bmdma 0xd000 irq 14
[    0.631775] ata2: PATA max UDMA/33 cmd 0x170 ctl 0x376 bmdma 0xd008 irq 15
[    0.631853] tun: Universal TUN/TAP device driver, 1.6
[    0.632153] PPP generic driver version 2.4.2
[    0.632194] VFIO - User Level meta-driver version: 0.3
[    0.632428] ehci_hcd: USB 2.0 'Enhanced' Host Controller (EHCI) Driver
[    0.632433] ehci-pci: EHCI PCI platform driver
[    0.632447] ehci-platform: EHCI generic platform driver
[    0.632453] ohci_hcd: USB 1.1 'Open' Host Controller (OHCI) Driver
[    0.632454] ohci-pci: OHCI PCI platform driver
[    0.632461] ohci-platform: OHCI generic platform driver
[    0.632466] uhci_hcd: USB Universal Host Controller Interface driver
[    0.632529] i8042: PNP: PS/2 Controller [PNP0303:PS2K,PNP0f03:PS2M] at 0x60,0x64 irq 1,12
[    0.632963] serio: i8042 KBD port at 0x60,0x64 irq 1
[    0.632966] serio: i8042 AUX port at 0x60,0x64 irq 12
[    0.633051] mousedev: PS/2 mouse device common for all mice
[    0.633302] input: AT Translated Set 2 keyboard as /devices/platform/i8042/serio0/input/input2
[    0.633697] rtc_cmos rtc_cmos: registered as rtc0
[    0.633710] rtc_cmos rtc_cmos: alarms up to one day, 114 bytes nvram
[    0.633714] i2c /dev entries driver
[    0.633755] device-mapper: uevent: version 1.0.3
[    0.633800] device-mapper: ioctl: 4.41.0-ioctl (2019-09-16) initialised: dm-devel@redhat.com
[    0.633815] platform eisa.0: Probing EISA bus 0
[    0.633816] platform eisa.0: EISA: Cannot allocate resource for mainboard
[    0.633818] platform eisa.0: Cannot allocate resource for EISA slot 1
[    0.633819] platform eisa.0: Cannot allocate resource for EISA slot 2
[    0.633820] platform eisa.0: Cannot allocate resource for EISA slot 3
[    0.633821] platform eisa.0: Cannot allocate resource for EISA slot 4
[    0.633822] platform eisa.0: Cannot allocate resource for EISA slot 5
[    0.633822] platform eisa.0: Cannot allocate resource for EISA slot 6
[    0.633823] platform eisa.0: Cannot allocate resource for EISA slot 7
[    0.633824] platform eisa.0: Cannot allocate resource for EISA slot 8
[    0.633825] platform eisa.0: EISA: Detected 0 cards
[    0.633828] intel_pstate: CPU model not supported
[    0.633838] ledtrig-cpu: registered to indicate activity on CPUs
[    0.633891] drop_monitor: Initializing network drop monitor service
[    0.634050] NET: Registered protocol family 10
[    0.639172] Segment Routing with IPv6
[    0.639201] fullmesh registered
[    0.639202] ndiffports registered
[    0.639204] binder registered
[    0.639205] roundrobin registered
[    0.639206] redundant registered
[    0.639206] blest registered
[    0.639207] ecf registered
[    0.639208] NET: Registered protocol family 17
[    0.639227] Key type dns_resolver registered
[    0.639227] RAS: Correctable Errors collector initialized.
[    0.639227] IPI shorthand broadcast: enabled
[    0.639227] sched_clock: Marking stable (624155592, 11072071)->(637239652, -2011989)
[    0.639413] registered taskstats version 1
[    0.639422] Loading compiled-in X.509 certificates
[    0.640023] Loaded X.509 cert 'Build time autogenerated kernel key: 6909f3744cebb3d0de528d5887b96a727de79b1e'
[    0.640042] zswap: loaded using pool lzo/zbud
[    0.640095] Key type ._fscrypt registered
[    0.640096] Key type .fscrypt registered
[    0.644562] Key type big_key registered
[    0.646755] Key type encrypted registered
[    0.646757] AppArmor: AppArmor sha1 policy hashing enabled
[    0.646764] ima: No TPM chip found, activating TPM-bypass!
[    0.646768] ima: Allocated hash algorithm: sha1
[    0.646773] ima: No architecture policies found
[    0.646782] evm: Initialising EVM extended attributes:
[    0.646783] evm: security.selinux
[    0.646784] evm: security.SMACK64
[    0.646784] evm: security.SMACK64EXEC
[    0.646784] evm: security.SMACK64TRANSMUTE
[    0.646785] evm: security.SMACK64MMAP
[    0.646785] evm: security.apparmor
[    0.646786] evm: security.ima
[    0.646786] evm: security.capability
[    0.646787] evm: HMAC attrs: 0x1
[    0.647079] PM:   Magic number: 10:58:144
[    0.647080] PM:   hash matches drivers/base/power/main.c:1831
[    0.647085] ata_port ata1: hash matches
[    0.647086]  ata1: hash matches
[    0.647182] rtc_cmos rtc_cmos: setting system clock to 2026-01-12T20:06:58 UTC (1768248418)
[    0.804281] ata1.00: ATA-6: VBOX HARDDISK, 1.0, max UDMA/133
[    0.804284] ata1.00: 209715200 sectors, multi 128: LBA 
[    0.804955] scsi 0:0:0:0: Direct-Access     ATA      VBOX HARDDISK    1.0  PQ: 0 ANSI: 5
[    0.805254] sd 0:0:0:0: [sda] 209715200 512-byte logical blocks: (107 GB/100 GiB)
[    0.805268] sd 0:0:0:0: [sda] Write Protect is off
[    0.805271] sd 0:0:0:0: [sda] Mode Sense: 00 3a 00 00
[    0.805291] sd 0:0:0:0: [sda] Write cache: enabled, read cache: enabled, doesn't support DPO or FUA
[    0.805615] sd 0:0:0:0: Attached scsi generic sg0 type 0
[    0.806453]  sda: sda1 sda2
[    0.815273] sd 0:0:0:0: [sda] Attached SCSI disk
[    0.818629] Freeing unused decrypted memory: 2040K
[    0.819607] Freeing unused kernel image memory: 2728K
[    0.819610] Write protecting the kernel read-only data: 22528k
[    0.820640] Freeing unused kernel image memory: 2036K
[    0.821202] Freeing unused kernel image memory: 1432K
[    0.848074] x86/mm: Checked W+X mappings: passed, no W+X pages found.
[    0.848077] Run /init as init process
[    0.956372] ACPI: Video Device [GFX0] (multi-head: yes  rom: no  post: no)
[    0.956461] input: Video Bus as /devices/LNXSYSTM:00/LNXSYBUS:00/PNP0A03:00/LNXVIDEO:00/input/input4
[    0.968901] pcnet32: pcnet32.c:v1.35 21.Apr.2008 tsbogend@alpha.franken.de
[    0.972982] piix4_smbus 0000:00:07.0: SMBus Host Controller at 0x4100, revision 0
[    0.975559] e1000: Intel(R) PRO/1000 Network Driver - version 7.3.21-k8-NAPI
[    0.975559] e1000: Copyright (c) 1999-2006 Intel Corporation.
[    0.982012] pcnet32: PCnet/FAST III 79C973 at 0xd020, 08:00:27:ac:22:41 assigned IRQ 19
[    0.982062] pcnet32: Found PHY 0022:561b at address 0
[    0.982390] pcnet32: eth0: registered as PCnet/FAST III 79C973
[    0.990093] pcnet32: 1 cards_found
[    1.044559] pcnet32 0000:00:03.0 enp0s3: renamed from eth0
[    1.189763] input: ImExPS/2 Generic Explorer Mouse as /devices/platform/i8042/serio1/input/input5
[    1.387442] e1000 0000:00:08.0 eth0: (PCI:33MHz:32-bit) 08:00:27:02:98:85
[    1.387446] e1000 0000:00:08.0 eth0: Intel(R) PRO/1000 Network Connection
[    1.763459] e1000 0000:00:09.0 eth1: (PCI:33MHz:32-bit) 08:00:27:14:1d:b3
[    1.763462] e1000 0000:00:09.0 eth1: Intel(R) PRO/1000 Network Connection
[    1.764626] e1000 0000:00:09.0 enp0s9: renamed from eth1
[    1.766417] e1000 0000:00:08.0 enp0s8: renamed from eth0
[    2.522116] EXT4-fs (sda2): mounted filesystem with ordered data mode. Opts: (null)
[    2.697483] systemd[1]: Inserted module 'autofs4'
[    2.712572] systemd[1]: systemd 245.4-4ubuntu3 running in system mode. (+PAM +AUDIT +SELINUX +IMA +APPARMOR +SMACK +SYSVINIT +UTMP +LIBCRYPTSETUP +GCRYPT +GNUTLS +ACL +XZ +LZ4 +SECCOMP +BLKID +ELFUTILS +KMOD +IDN2 -IDN +PCRE2 default-hierarchy=hybrid)
[    2.712616] systemd[1]: Detected virtualization oracle.
[    2.712625] systemd[1]: Detected architecture x86-64.
[    2.714138] systemd[1]: Set hostname to <ztg>.
[    2.896656] systemd[1]: /lib/systemd/system/dbus.socket:5: ListenStream= references a path below legacy directory /var/run/, updating /var/run/dbus/system_bus_socket â†’ /run/dbus/system_bus_socket; please update the unit file accordingly.
[    2.970636] systemd[1]: Created slice system-modprobe.slice.
[    2.970821] systemd[1]: Created slice User and Session Slice.
[    2.970867] systemd[1]: Started Forward Password Requests to Wall Directory Watch.
[    2.971038] systemd[1]: Set up automount Arbitrary Executable File Formats File System Automount Point.
[    2.971072] systemd[1]: Reached target User and Group Name Lookups.
[    2.971082] systemd[1]: Reached target Remote File Systems.
[    2.971091] systemd[1]: Reached target Slices.
[    2.971778] systemd[1]: Listening on Syslog Socket.
[    2.971847] systemd[1]: Listening on fsck to fsckd communication Socket.
[    2.971885] systemd[1]: Listening on initctl Compatibility Named Pipe.
[    2.972036] systemd[1]: Listening on Journal Audit Socket.
[    2.972089] systemd[1]: Listening on Journal Socket (/dev/log).
[    2.972159] systemd[1]: Listening on Journal Socket.
[    2.972223] systemd[1]: Listening on udev Control Socket.
[    2.972262] systemd[1]: Listening on udev Kernel Socket.
[    2.973029] systemd[1]: Mounting Huge Pages File System...
[    2.973939] systemd[1]: Mounting POSIX Message Queue File System...
[    2.974788] systemd[1]: Mounting Kernel Debug File System...
[    2.975710] systemd[1]: Mounting Kernel Trace File System...
[    2.977620] systemd[1]: Starting Journal Service...
[    3.002157] systemd[1]: Starting Set the console keyboard layout...
[    3.010900] systemd[1]: Starting Create list of static device nodes for the current kernel...
[    3.012948] systemd[1]: Starting Load Kernel Module drm...
[    3.014869] systemd[1]: Condition check resulted in Set Up Additional Binary Formats being skipped.
[    3.014913] systemd[1]: Condition check resulted in File System Check on Root Device being skipped.
[    3.019896] systemd[1]: Starting Load Kernel Modules...
[    3.020624] systemd[1]: Starting Remount Root and Kernel File Systems...
[    3.021360] systemd[1]: Starting udev Coldplug all Devices...
[    3.022101] systemd[1]: Starting Uncomplicated firewall...
[    3.023545] systemd[1]: Mounted Huge Pages File System.
[    3.023630] systemd[1]: Mounted POSIX Message Queue File System.
[    3.023705] systemd[1]: Mounted Kernel Debug File System.
[    3.023778] systemd[1]: Mounted Kernel Trace File System.
[    3.064531] systemd[1]: Finished Create list of static device nodes for the current kernel.
[    3.078578] systemd[1]: Finished Uncomplicated firewall.
[    3.080746] EXT4-fs (sda2): re-mounted. Opts: errors=remount-ro
[    3.084206] systemd[1]: Finished Remount Root and Kernel File Systems.
[    3.084783] systemd[1]: Condition check resulted in Rebuild Hardware Database being skipped.
[    3.084828] systemd[1]: Condition check resulted in Platform Persistent Storage Archival being skipped.
[    3.085534] systemd[1]: Starting Load/Save Random Seed...
[    3.101867] systemd[1]: Starting Create System Users...
[    3.102231] systemd[1]: modprobe@drm.service: Succeeded.
[    3.106204] systemd[1]: Finished Load Kernel Module drm.
[    3.129100] systemd[1]: Finished Load/Save Random Seed.
[    3.136036] systemd[1]: Finished Create System Users.
[    3.136777] systemd[1]: Starting Create Static Device Nodes in /dev...
[    3.156978] lp: driver loaded but no devices found
[    3.167307] systemd[1]: Finished Create Static Device Nodes in /dev.
[    3.168230] systemd[1]: Starting udev Kernel Device Manager...
[    3.191849] ppdev: user-space parallel port driver
[    3.217858] systemd[1]: Finished udev Coldplug all Devices.
[    3.272149] [drm] DMA map mode: Caching DMA mappings.
[    3.272220] [drm] Capabilities:
[    3.272220] [drm]   Rect copy.
[    3.272221] [drm]   Cursor.
[    3.272221] [drm]   Cursor bypass.
[    3.272221] [drm]   Cursor bypass 2.
[    3.272222] [drm]   Alpha cursor.
[    3.272222] [drm]   Extended Fifo.
[    3.272222] [drm]   Pitchlock.
[    3.272223] [drm]   Irq mask.
[    3.272223] [drm]   GMR.
[    3.272223] [drm]   Traces.
[    3.272224] [drm]   GMR2.
[    3.272224] [drm]   Screen Object 2.
[    3.272224] [drm]   Command Buffers.
[    3.272225] [drm]   Command Buffers 2.
[    3.272225] [drm]   Guest Backed Resources.
[    3.272226] [drm] Max GMR ids is 8192
[    3.272227] [drm] Max number of GMR pages is 1048576
[    3.272227] [drm] Max dedicated hypervisor surface memory is 393216 kiB
[    3.272228] [drm] Maximum display memory size is 131072 kiB
[    3.272228] [drm] VRAM at 0xe0000000 size is 131072 kiB
[    3.272229] [drm] MMIO at 0xf0000000 size is 2048 kiB
[    3.272814] [TTM] Zone  kernel: Available graphics memory: 1011738 KiB
[    3.272815] [TTM] Initializing pool allocator
[    3.272819] [TTM] Initializing DMA pool allocator
[    3.272857] [drm] Supports vblank timestamp caching Rev 2 (21.10.2013).
[    3.272858] [drm] No driver support for vblank timestamp query.
[    3.273110] [drm] Screen Target Display device initialized
[    3.273319] [drm] width 720
[    3.273329] [drm] height 400
[    3.273333] [drm] bpp 32
[    3.273860] [drm] Fifo max 0x00200000 min 0x00001000 cap 0x00000355
[    3.275002] [drm] Using command buffers with DMA pool.
[    3.275006] [drm] DX: no.
[    3.275006] [drm] Atomic: yes.
[    3.275006] [drm] SM4_1: no.
[    3.275027] [drm:vmw_host_log [vmwgfx]] *ERROR* Failed to send host log message.
[    3.276276] [drm:vmw_host_log [vmwgfx]] *ERROR* Failed to send host log message.
[    3.287607] fbcon: svgadrmfb (fb0) is primary device
[    3.292870] Console: switching to colour frame buffer device 100x37
[    3.297001] systemd[1]: Finished Set the console keyboard layout.
[    3.297141] systemd[1]: Reached target Local File Systems (Pre).
[    3.299253] [drm] Initialized vmwgfx 2.15.0 20180704 for 0000:00:02.0 on minor 0
[    3.301830] systemd[1]: Mounting Mount unit for bare, revision 5...
[    3.306647] systemd[1]: Mounting Mount unit for core18, revision 1705...
[    3.331813] systemd[1]: Mounting Mount unit for gnome-3-34-1804, revision 24...
[    3.333937] systemd[1]: Mounting Mount unit for gtk-common-themes, revision 1506...
[    3.335330] systemd[1]: Mounting Mount unit for gtk-common-themes, revision 1535...
[    3.343059] systemd[1]: Mounting Mount unit for snap-store, revision 433...
[    3.359065] systemd[1]: Mounting Mount unit for snapd, revision 25935...
[    3.374625] systemd[1]: Mounting Mount unit for snapd, revision 7264...
[    3.407978] systemd[1]: Finished Load Kernel Modules.
[    3.409053] systemd[1]: Started udev Kernel Device Manager.
[    3.409155] systemd[1]: Mounted Mount unit for bare, revision 5.
[    3.409242] systemd[1]: Mounted Mount unit for core18, revision 1705.
[    3.414893] systemd[1]: Mounting FUSE Control File System...
[    3.416142] systemd[1]: Mounting Kernel Configuration File System...
[    3.427105] systemd[1]: Starting Show Plymouth Boot Screen...
[    3.445077] systemd[1]: Starting Apply Kernel Variables...
[    3.446346] systemd[1]: Mounted Mount unit for gnome-3-34-1804, revision 24.
[    3.446868] systemd[1]: Mounted FUSE Control File System.
[    3.450326] systemd[1]: Mounted Mount unit for snap-store, revision 433.
[    3.451795] systemd[1]: Mounted Kernel Configuration File System.
[    3.476687] systemd[1]: Received SIGRTMIN+20 from PID 281 (plymouthd).
[    3.476792] systemd[1]: Condition check resulted in VMware vmblock fuse mount being skipped.
[    3.482593] systemd[1]: Finished Apply Kernel Variables.
[    3.493083] systemd[1]: Mounted Mount unit for gtk-common-themes, revision 1535.
[    3.493376] systemd[1]: Started Show Plymouth Boot Screen.
[    3.493553] systemd[1]: Condition check resulted in Dispatch Password Requests to Console Directory Watch being skipped.
[    3.493651] systemd[1]: Started Forward Password Requests to Plymouth Directory Watch.
[    3.496117] systemd[1]: Reached target Local Encrypted Volumes.
[    3.509573] systemd[1]: Mounted Mount unit for snapd, revision 25935.
[    3.511407] systemd[1]: Mounted Mount unit for gtk-common-themes, revision 1506.
[    3.511637] systemd[1]: Mounted Mount unit for snapd, revision 7264.
[    3.511801] systemd[1]: Reached target Local File Systems.
[    3.514632] systemd[1]: Starting Load AppArmor profiles...
[    3.515495] systemd[1]: Starting Set console font and keymap...
[    3.531289] systemd[1]: Starting Tell Plymouth To Write Out Runtime Data...
[    3.531622] systemd[1]: Condition check resulted in Store a System Token in an EFI Variable being skipped.
[    3.531652] systemd[1]: Condition check resulted in Commit a transient machine-id on disk being skipped.
[    3.533972] systemd[1]: Finished Set console font and keymap.
[    3.539006] systemd[1]: Received SIGRTMIN+20 from PID 281 (plymouthd).
[    3.541106] systemd[1]: plymouth-read-write.service: Succeeded.
[    3.541397] systemd[1]: Finished Tell Plymouth To Write Out Runtime Data.
[    3.581582] audit: type=1400 audit(1768248421.432:2): apparmor="STATUS" operation="profile_load" profile="unconfined" name="nvidia_modprobe" pid=302 comm="apparmor_parser"
[    3.581585] audit: type=1400 audit(1768248421.432:3): apparmor="STATUS" operation="profile_load" profile="unconfined" name="nvidia_modprobe//kmod" pid=302 comm="apparmor_parser"
[    3.586779] audit: type=1400 audit(1768248421.436:4): apparmor="STATUS" operation="profile_load" profile="unconfined" name="/usr/sbin/tcpdump" pid=303 comm="apparmor_parser"
[    3.634936] audit: type=1400 audit(1768248421.476:5): apparmor="STATUS" operation="profile_load" profile="unconfined" name="/usr/bin/evince" pid=305 comm="apparmor_parser"
[    3.634938] audit: type=1400 audit(1768248421.476:6): apparmor="STATUS" operation="profile_load" profile="unconfined" name="/usr/bin/evince//sanitized_helper" pid=305 comm="apparmor_parser"
[    3.634941] audit: type=1400 audit(1768248421.476:7): apparmor="STATUS" operation="profile_load" profile="unconfined" name="/usr/bin/evince-previewer" pid=305 comm="apparmor_parser"
[    3.634943] audit: type=1400 audit(1768248421.476:8): apparmor="STATUS" operation="profile_load" profile="unconfined" name="/usr/bin/evince-previewer//sanitized_helper" pid=305 comm="apparmor_parser"
[    3.634944] audit: type=1400 audit(1768248421.476:9): apparmor="STATUS" operation="profile_load" profile="unconfined" name="/usr/bin/evince-thumbnailer" pid=305 comm="apparmor_parser"
[    3.666248] audit: type=1400 audit(1768248421.516:10): apparmor="STATUS" operation="profile_load" profile="unconfined" name="/usr/lib/cups/backend/cups-pdf" pid=306 comm="apparmor_parser"
[    3.727357] systemd[1]: Finished Load AppArmor profiles.
[    3.728330] systemd[1]: Starting Load AppArmor profiles managed internally by snapd...
[    4.120121] systemd[1]: Started Journal Service.
[    4.138237] systemd-journald[229]: Received client request to flush runtime journal.
[    4.141312] systemd-journald[229]: File /var/log/journal/c455b248004a419c87ce85eea238d727/system.journal corrupted or uncleanly shut down, renaming and replacing.
[    6.121459] kauditd_printk_skb: 24 callbacks suppressed
[    6.121461] audit: type=1400 audit(1768248423.968:35): apparmor="STATUS" operation="profile_load" profile="unconfined" name="/snap/snapd/25935/usr/lib/snapd/snap-confine" pid=325 comm="apparmor_parser"
[    6.122081] audit: type=1400 audit(1768248423.968:36): apparmor="STATUS" operation="profile_load" profile="unconfined" name="/snap/snapd/25935/usr/lib/snapd/snap-confine//mount-namespace-capture-helper" pid=325 comm="apparmor_parser"
[    6.138229] audit: type=1400 audit(1768248423.980:37): apparmor="STATUS" operation="profile_load" profile="unconfined" name="snap.snap-store.snap-store" pid=343 comm="apparmor_parser"
[    6.153978] audit: type=1400 audit(1768248424.004:38): apparmor="STATUS" operation="profile_load" profile="unconfined" name="snap.snap-store.ubuntu-software" pid=344 comm="apparmor_parser"
[    6.166547] audit: type=1400 audit(1768248424.016:39): apparmor="STATUS" operation="profile_load" profile="unconfined" name="snap.snap-store.ubuntu-software-local-file" pid=345 comm="apparmor_parser"
[    6.177642] audit: type=1400 audit(1768248424.024:40): apparmor="STATUS" operation="profile_load" profile="unconfined" name="snap-update-ns.snap-store" pid=346 comm="apparmor_parser"
[    6.197043] RAPL PMU: API unit is 2^-32 Joules, 0 fixed counters, 10737418240 ms ovfl timer
[    6.277635] cryptd: max_cpu_qlen set to 1000
[    6.332252] AVX2 version of gcm_enc/dec engaged.
[    6.332253] AES CTR mode by8 optimization enabled
[    8.295461] Adding 1998844k swap on /dev/sda1.  Priority:-2 extents:1 across:1998844k FS
[    9.668863] audit: type=1400 audit(1768248427.516:41): apparmor="DENIED" operation="capable" profile="/usr/sbin/cups-browsed" pid=548 comm="cups-browsed" capability=23  capname="sys_nice"
[   11.520504] pcnet32 0000:00:03.0 enp0s3: link up, 100Mbps, full-duplex
[   11.565468] e1000: enp0s8 NIC Link is Up 1000 Mbps Full Duplex, Flow Control: RX
[   11.565770] IPv6: ADDRCONF(NETDEV_CHANGE): enp0s8: link becomes ready
[   11.585638] e1000: enp0s9 NIC Link is Up 1000 Mbps Full Duplex, Flow Control: RX
[   11.585936] IPv6: ADDRCONF(NETDEV_CHANGE): enp0s9: link becomes ready
[   12.302511] device enp0s3 entered promiscuous mode
[   12.361466] audit: type=1400 audit(1768248430.200:42): apparmor="DENIED" operation="open" profile="/usr/sbin/tcpdump" name="/proc/sys/kernel/random/boot_id" pid=660 comm="tcpdump" requested_mask="r" denied_mask="r" fsuid=0 ouid=0
[   12.362585] audit: type=1400 audit(1768248430.200:43): apparmor="DENIED" operation="open" profile="/usr/sbin/tcpdump" name="/proc/sys/kernel/random/boot_id" pid=660 comm="tcpdump" requested_mask="r" denied_mask="r" fsuid=0 ouid=0
[   12.362783] audit: type=1400 audit(1768248430.200:44): apparmor="DENIED" operation="open" profile="/usr/sbin/tcpdump" name="/proc/sys/kernel/random/boot_id" pid=660 comm="tcpdump" requested_mask="r" denied_mask="r" fsuid=0 ouid=0
[   12.365176] audit: type=1400 audit(1768248430.216:45): apparmor="DENIED" operation="open" profile="/usr/sbin/tcpdump" name="/proc/sys/kernel/random/boot_id" pid=660 comm="tcpdump" requested_mask="r" denied_mask="r" fsuid=0 ouid=0
[   12.373343] audit: type=1400 audit(1768248430.220:46): apparmor="DENIED" operation="open" profile="/usr/sbin/tcpdump" name="/proc/sys/kernel/random/boot_id" pid=661 comm="tcpdump" requested_mask="r" denied_mask="r" fsuid=0 ouid=0
[   12.375063] audit: type=1400 audit(1768248430.224:47): apparmor="DENIED" operation="open" profile="/usr/sbin/tcpdump" name="/proc/sys/kernel/random/boot_id" pid=661 comm="tcpdump" requested_mask="r" denied_mask="r" fsuid=0 ouid=0
[   12.375104] audit: type=1400 audit(1768248430.224:48): apparmor="DENIED" operation="open" profile="/usr/sbin/tcpdump" name="/proc/sys/kernel/random/boot_id" pid=661 comm="tcpdump" requested_mask="r" denied_mask="r" fsuid=0 ouid=0
[   12.375165] audit: type=1400 audit(1768248430.224:49): apparmor="DENIED" operation="open" profile="/usr/sbin/tcpdump" name="/proc/sys/kernel/random/boot_id" pid=661 comm="tcpdump" requested_mask="r" denied_mask="r" fsuid=0 ouid=0
[   19.215548] rfkill: input handler disabled
[  953.812238] rfkill: input handler enabled
[  962.753202] rfkill: input handler disabled
[ 1398.640843] device enp0s3 left promiscuous mode
