[    0.000000] Linux version 5.4.243-mptcp (root@ztg) (gcc version 12.2.0 (Debian 12.2.0-14+deb12u1)) #53 SMP Wed Dec 24 23:28:15 CST 2025
[    0.000000] Command line: BOOT_IMAGE=/boot/vmlinuz-5.4.243-mptcp root=UUID=98415a12-53b7-4144-8265-0f7ece09e445 ro quiet splash
[    0.000000] KERNEL supported cpus:
[    0.000000]   Intel GenuineIntel
[    0.000000]   AMD AuthenticAMD
[    0.000000]   Hygon HygonGenuine
[    0.000000]   Centaur CentaurHauls
[    0.000000]   zhaoxin   Shanghai  
[    0.000000] x86/fpu: Supporting XSAVE feature 0x001: 'x87 floating point registers'
[    0.000000] x86/fpu: Supporting XSAVE feature 0x002: 'SSE registers'
[    0.000000] x86/fpu: Supporting XSAVE feature 0x004: 'AVX registers'
[    0.000000] x86/fpu: xstate_offset[2]:  576, xstate_sizes[2]:  256
[    0.000000] x86/fpu: Enabled xstate features 0x7, context size is 832 bytes, using 'standard' format.
[    0.000000] BIOS-provided physical RAM map:
[    0.000000] BIOS-e820: [mem 0x0000000000000000-0x000000000009fbff] usable
[    0.000000] BIOS-e820: [mem 0x000000000009fc00-0x000000000009ffff] reserved
[    0.000000] BIOS-e820: [mem 0x00000000000f0000-0x00000000000fffff] reserved
[    0.000000] BIOS-e820: [mem 0x0000000000100000-0x000000007ffeffff] usable
[    0.000000] BIOS-e820: [mem 0x000000007fff0000-0x000000007fffffff] ACPI data
[    0.000000] BIOS-e820: [mem 0x00000000fec00000-0x00000000fec00fff] reserved
[    0.000000] BIOS-e820: [mem 0x00000000fee00000-0x00000000fee00fff] reserved
[    0.000000] BIOS-e820: [mem 0x00000000fffc0000-0x00000000ffffffff] reserved
[    0.000000] NX (Execute Disable) protection: active
[    0.000000] SMBIOS 2.5 present.
[    0.000000] DMI: innotek GmbH VirtualBox/VirtualBox, BIOS VirtualBox 12/01/2006
[    0.000000] Hypervisor detected: KVM
[    0.000000] kvm-clock: Using msrs 4b564d01 and 4b564d00
[    0.000000] kvm-clock: cpu 0, msr 2e401001, primary cpu clock
[    0.000000] kvm-clock: using sched offset of 4483521503 cycles
[    0.000003] clocksource: kvm-clock: mask: 0xffffffffffffffff max_cycles: 0x1cd42e4dffb, max_idle_ns: 881590591483 ns
[    0.000005] tsc: Detected 2100.000 MHz processor
[    0.001859] e820: update [mem 0x00000000-0x00000fff] usable ==> reserved
[    0.001861] e820: remove [mem 0x000a0000-0x000fffff] usable
[    0.001865] last_pfn = 0x7fff0 max_arch_pfn = 0x400000000
[    0.001933] MTRR default type: uncachable
[    0.001934] MTRR fixed ranges enabled:
[    0.001935]   00000-9FFFF write-back
[    0.001936]   A0000-BFFFF uncachable
[    0.001936]   C0000-FFFFF write-protect
[    0.001937] MTRR variable ranges enabled:
[    0.001938]   0 base 000000000000 mask 3FFF80000000 write-back
[    0.001939]   1 disabled
[    0.001939]   2 disabled
[    0.001940]   3 disabled
[    0.001940]   4 disabled
[    0.001941]   5 disabled
[    0.001941]   6 disabled
[    0.001942]   7 disabled
[    0.001942]   8 disabled
[    0.001942]   9 disabled
[    0.001943]   10 disabled
[    0.001943]   11 disabled
[    0.001944]   12 disabled
[    0.001944]   13 disabled
[    0.001945]   14 disabled
[    0.001945]   15 disabled
[    0.001961] x86/PAT: Configuration [0-7]: WB  WC  UC- UC  WB  WP  UC- WT  
[    0.002093] found SMP MP-table at [mem 0x0009fff0-0x0009ffff]
[    0.092041] check: Scanning 1 areas for low memory corruption
[    0.092157] RAMDISK: [mem 0x32271000-0x3512ffff]
[    0.092165] ACPI: Early table checksum verification disabled
[    0.092171] ACPI: RSDP 0x00000000000E0000 000024 (v02 VBOX  )
[    0.092175] ACPI: XSDT 0x000000007FFF0030 00003C (v01 VBOX   VBOXXSDT 00000001 ASL  00000061)
[    0.092182] ACPI: FACP 0x000000007FFF00F0 0000F4 (v04 VBOX   VBOXFACP 00000001 ASL  00000061)
[    0.092188] ACPI: DSDT 0x000000007FFF02E0 002353 (v02 VBOX   VBOXBIOS 00000002 VBOX 00029BF3)
[    0.092192] ACPI: FACS 0x000000007FFF0200 000040
[    0.092195] ACPI: FACS 0x000000007FFF0200 000040
[    0.092199] ACPI: APIC 0x000000007FFF0240 000054 (v02 VBOX   VBOXAPIC 00000001 ASL  00000061)
[    0.092202] ACPI: SSDT 0x000000007FFF02A0 000038 (v01 VBOX   VBOXCPUT 00000002 VBOX 00029BF3)
[    0.092206] ACPI: Reserving FACP table memory at [mem 0x7fff00f0-0x7fff01e3]
[    0.092206] ACPI: Reserving DSDT table memory at [mem 0x7fff02e0-0x7fff2632]
[    0.092207] ACPI: Reserving FACS table memory at [mem 0x7fff0200-0x7fff023f]
[    0.092208] ACPI: Reserving FACS table memory at [mem 0x7fff0200-0x7fff023f]
[    0.092209] ACPI: Reserving APIC table memory at [mem 0x7fff0240-0x7fff0293]
[    0.092209] ACPI: Reserving SSDT table memory at [mem 0x7fff02a0-0x7fff02d7]
[    0.092223] ACPI: Local APIC address 0xfee00000
[    0.092410] No NUMA configuration found
[    0.092411] Faking a node at [mem 0x0000000000000000-0x000000007ffeffff]
[    0.092421] NODE_DATA(0) allocated [mem 0x7ffc5000-0x7ffeffff]
[    0.092682] Zone ranges:
[    0.092683]   DMA      [mem 0x0000000000001000-0x0000000000ffffff]
[    0.092684]   DMA32    [mem 0x0000000001000000-0x000000007ffeffff]
[    0.092685]   Normal   empty
[    0.092686]   Device   empty
[    0.092686] Movable zone start for each node
[    0.092688] Early memory node ranges
[    0.092689]   node   0: [mem 0x0000000000001000-0x000000000009efff]
[    0.092690]   node   0: [mem 0x0000000000100000-0x000000007ffeffff]
[    0.092694] Zeroed struct page in unavailable ranges: 114 pages
[    0.092695] Initmem setup node 0 [mem 0x0000000000001000-0x000000007ffeffff]
[    0.092696] On node 0 totalpages: 524174
[    0.092697]   DMA zone: 64 pages used for memmap
[    0.092698]   DMA zone: 21 pages reserved
[    0.092698]   DMA zone: 3998 pages, LIFO batch:0
[    0.092769]   DMA32 zone: 8128 pages used for memmap
[    0.092770]   DMA32 zone: 520176 pages, LIFO batch:63
[    0.101756] ACPI: PM-Timer IO Port: 0x4008
[    0.101760] ACPI: Local APIC address 0xfee00000
[    0.101829] IOAPIC[0]: apic_id 1, version 32, address 0xfec00000, GSI 0-23
[    0.101832] ACPI: INT_SRC_OVR (bus 0 bus_irq 0 global_irq 2 dfl dfl)
[    0.101834] ACPI: INT_SRC_OVR (bus 0 bus_irq 9 global_irq 9 low level)
[    0.101836] ACPI: IRQ0 used by override.
[    0.101837] ACPI: IRQ9 used by override.
[    0.101840] Using ACPI (MADT) for SMP configuration information
[    0.101846] smpboot: Allowing 1 CPUs, 0 hotplug CPUs
[    0.101869] PM: Registered nosave memory: [mem 0x00000000-0x00000fff]
[    0.101870] PM: Registered nosave memory: [mem 0x0009f000-0x0009ffff]
[    0.101871] PM: Registered nosave memory: [mem 0x000a0000-0x000effff]
[    0.101871] PM: Registered nosave memory: [mem 0x000f0000-0x000fffff]
[    0.101873] [mem 0x80000000-0xfebfffff] available for PCI devices
[    0.101874] Booting paravirtualized kernel on KVM
[    0.101877] clocksource: refined-jiffies: mask: 0xffffffff max_cycles: 0xffffffff, max_idle_ns: 7645519600211568 ns
[    0.101881] setup_percpu: NR_CPUS:8192 nr_cpumask_bits:1 nr_cpu_ids:1 nr_node_ids:1
[    0.102876] percpu: Embedded 60 pages/cpu s208896 r8192 d28672 u2097152
[    0.102881] pcpu-alloc: s208896 r8192 d28672 u2097152 alloc=1*2097152
[    0.102882] pcpu-alloc: [0] 0 
[    0.102908] Built 1 zonelists, mobility grouping on.  Total pages: 515961
[    0.102909] Policy zone: DMA32
[    0.102910] Kernel command line: BOOT_IMAGE=/boot/vmlinuz-5.4.243-mptcp root=UUID=98415a12-53b7-4144-8265-0f7ece09e445 ro quiet splash
[    0.103739] Dentry cache hash table entries: 262144 (order: 9, 2097152 bytes, linear)
[    0.103885] Inode-cache hash table entries: 131072 (order: 8, 1048576 bytes, linear)
[    0.103936] mem auto-init: stack:off, heap alloc:on, heap free:off
[    0.103938] Calgary: detecting Calgary via BIOS EBDA area
[    0.103939] Calgary: Unable to locate Rio Grande table in EBDA - bailing!
[    0.108049] Memory: 1967332K/2096696K available (14339K kernel code, 2398K rwdata, 4712K rodata, 2728K init, 17260K bss, 129364K reserved, 0K cma-reserved)
[    0.108968] SLUB: HWalign=64, Order=0-3, MinObjects=0, CPUs=1, Nodes=1
[    0.108985] ftrace: allocating 43186 entries in 169 pages
[    0.127101] rcu: Hierarchical RCU implementation.
[    0.127102] rcu: 	RCU restricting CPUs from NR_CPUS=8192 to nr_cpu_ids=1.
[    0.127103] 	Tasks RCU enabled.
[    0.127104] rcu: RCU calculated value of scheduler-enlistment delay is 25 jiffies.
[    0.127105] rcu: Adjusting geometry for rcu_fanout_leaf=16, nr_cpu_ids=1
[    0.130066] NR_IRQS: 524544, nr_irqs: 256, preallocated irqs: 16
[    0.130277] random: crng init done
[    0.141939] Console: colour VGA+ 80x25
[    0.141945] printk: console [tty0] enabled
[    0.141974] ACPI: Core revision 20190816
[    0.142150] APIC: Switch to symmetric I/O mode setup
[    0.142487] x2apic enabled
[    0.142809] Switched APIC routing to physical x2apic.
[    0.143954] ..TIMER: vector=0x30 apic1=0 pin1=2 apic2=-1 pin2=-1
[    0.143979] clocksource: tsc-early: mask: 0xffffffffffffffff max_cycles: 0x1e4530a99b6, max_idle_ns: 440795257976 ns
[    0.143986] Calibrating delay loop (skipped) preset value.. 4200.00 BogoMIPS (lpj=8400000)
[    0.143988] pid_max: default: 32768 minimum: 301
[    0.144020] LSM: Security Framework initializing
[    0.144030] Yama: becoming mindful.
[    0.144056] AppArmor: AppArmor initialized
[    0.144089] Mount-cache hash table entries: 4096 (order: 3, 32768 bytes, linear)
[    0.144094] Mountpoint-cache hash table entries: 4096 (order: 3, 32768 bytes, linear)
[    0.144104] *** VALIDATE tmpfs ***
[    0.144233] *** VALIDATE proc ***
[    0.144273] *** VALIDATE cgroup1 ***
[    0.144274] *** VALIDATE cgroup2 ***
[    0.144414] process: using mwait in idle threads
[    0.144419] Last level iTLB entries: 4KB 64, 2MB 8, 4MB 8
[    0.144420] Last level dTLB entries: 4KB 64, 2MB 0, 4MB 0, 1GB 4
[    0.144440] Spectre V1 : Mitigation: usercopy/swapgs barriers and __user pointer sanitization
[    0.144445] Spectre V2 : Mitigation: Retpolines
[    0.144446] Spectre V2 : Spectre v2 / SpectreRSB mitigation: Filling RSB on context switch
[    0.144446] Spectre V2 : Spectre v2 / SpectreRSB : Filling RSB on VMEXIT
[    0.144447] RETBleed: WARNING: Spectre v2 mitigation leaves CPU vulnerable to RETBleed attacks, data leaks possible!
[    0.144806] RETBleed: Vulnerable
[    0.144807] Speculative Store Bypass: Vulnerable
[    0.144811] TAA: Mitigation: TSX disabled
[    0.144812] MMIO Stale Data: Mitigation: Clear CPU buffers
[    0.149074] Freeing SMP alternatives memory: 40K
[    0.260947] smpboot: CPU0: Intel(R) Xeon(R) Silver 4216 CPU @ 2.10GHz (family: 0x6, model: 0x55, stepping: 0x7)
[    0.261082] Performance Events: unsupported p6 CPU model 85 no PMU driver, software events only.
[    0.261120] rcu: Hierarchical SRCU implementation.
[    0.261611] NMI watchdog: Perf NMI watchdog permanently disabled
[    0.261651] smp: Bringing up secondary CPUs ...
[    0.261652] smp: Brought up 1 node, 1 CPU
[    0.261653] smpboot: Max logical packages: 1
[    0.261654] smpboot: Total of 1 processors activated (4200.00 BogoMIPS)
[    0.262642] devtmpfs: initialized
[    0.262689] x86/mm: Memory block size: 128MB
[    0.263052] clocksource: jiffies: mask: 0xffffffff max_cycles: 0xffffffff, max_idle_ns: 7645041785100000 ns
[    0.263058] futex hash table entries: 256 (order: 2, 16384 bytes, linear)
[    0.263107] pinctrl core: initialized pinctrl subsystem
[    0.263208] PM: RTC time: 16:26:05, date: 2026-01-11
[    0.263317] NET: Registered protocol family 16
[    0.263397] audit: initializing netlink subsys (disabled)
[    0.263527] EISA bus registered
[    0.263528] cpuidle: using governor ladder
[    0.263529] cpuidle: using governor menu
[    0.263566] ACPI: bus type PCI registered
[    0.263568] acpiphp: ACPI Hot Plug PCI Controller Driver version: 0.5
[    0.263674] PCI: Using configuration type 1 for base access
[    0.264357] audit: type=2000 audit(1768119971.701:1): state=initialized audit_enabled=0 res=1
[    0.264438] HugeTLB registered 2.00 MiB page size, pre-allocated 0 pages
[    0.265266] ACPI: Added _OSI(Module Device)
[    0.265267] ACPI: Added _OSI(Processor Device)
[    0.265267] ACPI: Added _OSI(3.0 _SCP Extensions)
[    0.265268] ACPI: Added _OSI(Processor Aggregator Device)
[    0.265269] ACPI: Added _OSI(Linux-Dell-Video)
[    0.265270] ACPI: Added _OSI(Linux-Lenovo-NV-HDMI-Audio)
[    0.265271] ACPI: Added _OSI(Linux-HPI-Hybrid-Graphics)
[    0.267245] ACPI: 2 ACPI AML tables successfully acquired and loaded
[    0.268769] ACPI: Interpreter enabled
[    0.268780] ACPI: (supports S0 S5)
[    0.268781] ACPI: Using IOAPIC for interrupt routing
[    0.269004] PCI: Using host bridge windows from ACPI; if necessary, use "pci=nocrs" and report a bug
[    0.269112] ACPI: Enabled 2 GPEs in block 00 to 07
[    0.273943] ACPI: PCI Root Bridge [PCI0] (domain 0000 [bus 00-ff])
[    0.273949] acpi PNP0A03:00: _OSC: OS supports [ASPM ClockPM Segments MSI HPX-Type3]
[    0.274392] acpi PNP0A03:00: _OSC: not requesting OS control; OS requires [ExtendedConfig ASPM ClockPM MSI]
[    0.274400] acpi PNP0A03:00: fail to add MMCONFIG information, can't access extended PCI configuration space under this bridge.
[    0.274785] PCI host bridge to bus 0000:00
[    0.274787] pci_bus 0000:00: root bus resource [io  0x0000-0x0cf7 window]
[    0.274788] pci_bus 0000:00: root bus resource [io  0x0d00-0xffff window]
[    0.274789] pci_bus 0000:00: root bus resource [mem 0x000a0000-0x000bffff window]
[    0.274790] pci_bus 0000:00: root bus resource [mem 0x80000000-0xfdffffff window]
[    0.274792] pci_bus 0000:00: root bus resource [bus 00-ff]
[    0.274835] pci 0000:00:00.0: [8086:1237] type 00 class 0x060000
[    0.275809] pci 0000:00:01.0: [8086:7000] type 00 class 0x060100
[    0.276626] pci 0000:00:01.1: [8086:7111] type 00 class 0x01018a
[    0.277008] pci 0000:00:01.1: reg 0x20: [io  0xd000-0xd00f]
[    0.277166] pci 0000:00:01.1: legacy IDE quirk: reg 0x10: [io  0x01f0-0x01f7]
[    0.277167] pci 0000:00:01.1: legacy IDE quirk: reg 0x14: [io  0x03f6]
[    0.277167] pci 0000:00:01.1: legacy IDE quirk: reg 0x18: [io  0x0170-0x0177]
[    0.277168] pci 0000:00:01.1: legacy IDE quirk: reg 0x1c: [io  0x0376]
[    0.277712] pci 0000:00:02.0: [15ad:0405] type 00 class 0x030000
[    0.280063] pci 0000:00:02.0: reg 0x10: [io  0xd010-0xd01f]
[    0.282953] pci 0000:00:02.0: reg 0x14: [mem 0xe0000000-0xe7ffffff pref]
[    0.285848] pci 0000:00:02.0: reg 0x18: [mem 0xf0000000-0xf01fffff]
[    0.296667] pci 0000:00:03.0: [1022:2000] type 00 class 0x020000
[    0.297338] pci 0000:00:03.0: reg 0x10: [io  0xd020-0xd03f]
[    0.297940] pci 0000:00:03.0: reg 0x14: [mem 0xf0200000-0xf0200fff]
[    0.301902] pci 0000:00:04.0: [80ee:cafe] type 00 class 0x088000
[    0.302581] pci 0000:00:04.0: reg 0x10: [io  0xd040-0xd05f]
[    0.303208] pci 0000:00:04.0: reg 0x14: [mem 0xf0400000-0xf07fffff]
[    0.303817] pci 0000:00:04.0: reg 0x18: [mem 0xf0800000-0xf0803fff pref]
[    0.307030] pci 0000:00:07.0: [8086:7113] type 00 class 0x068000
[    0.307586] pci 0000:00:07.0: quirk: [io  0x4000-0x403f] claimed by PIIX4 ACPI
[    0.307596] pci 0000:00:07.0: quirk: [io  0x4100-0x410f] claimed by PIIX4 SMB
[    0.308327] pci 0000:00:08.0: [8086:100e] type 00 class 0x020000
[    0.309050] pci 0000:00:08.0: reg 0x10: [mem 0xf0820000-0xf083ffff]
[    0.310218] pci 0000:00:08.0: reg 0x18: [io  0xd060-0xd067]
[    0.313038] pci 0000:00:09.0: [8086:100e] type 00 class 0x020000
[    0.313748] pci 0000:00:09.0: reg 0x10: [mem 0xf0840000-0xf085ffff]
[    0.314976] pci 0000:00:09.0: reg 0x18: [io  0xd068-0xd06f]
[    0.324973] ACPI: PCI Interrupt Link [LNKA] (IRQs 5 9 10 *11)
[    0.325255] ACPI: PCI Interrupt Link [LNKB] (IRQs 5 9 *10 11)
[    0.325359] ACPI: PCI Interrupt Link [LNKC] (IRQs 5 *9 10 11)
[    0.325463] ACPI: PCI Interrupt Link [LNKD] (IRQs 5 9 10 *11)
[    0.325733] iommu: Default domain type: Translated 
[    0.325794] pci 0000:00:02.0: vgaarb: setting as boot VGA device
[    0.325796] pci 0000:00:02.0: vgaarb: VGA device added: decodes=io+mem,owns=io+mem,locks=none
[    0.325798] pci 0000:00:02.0: vgaarb: bridge control possible
[    0.325799] vgaarb: loaded
[    0.326012] SCSI subsystem initialized
[    0.326043] libata version 3.00 loaded.
[    0.326065] ACPI: bus type USB registered
[    0.326081] usbcore: registered new interface driver usbfs
[    0.326088] usbcore: registered new interface driver hub
[    0.326093] usbcore: registered new device driver usb
[    0.326119] pps_core: LinuxPPS API ver. 1 registered
[    0.326120] pps_core: Software ver. 5.3.6 - Copyright 2005-2007 Rodolfo Giometti <giometti@linux.it>
[    0.326122] PTP clock support registered
[    0.326155] EDAC MC: Ver: 3.0.0
[    0.326445] PCI: Using ACPI for IRQ routing
[    0.326446] PCI: pci_cache_line_size set to 64 bytes
[    0.328137] e820: reserve RAM buffer [mem 0x0009fc00-0x0009ffff]
[    0.328140] e820: reserve RAM buffer [mem 0x7fff0000-0x7fffffff]
[    0.328934] NetLabel: Initializing
[    0.328935] NetLabel:  domain hash size = 128
[    0.328935] NetLabel:  protocols = UNLABELED CIPSOv4 CALIPSO
[    0.328955] NetLabel:  unlabeled traffic allowed by default
[    0.329859] clocksource: Switched to clocksource kvm-clock
[    0.342762] *** VALIDATE bpf ***
[    0.342824] VFS: Disk quotas dquot_6.6.0
[    0.342837] VFS: Dquot-cache hash table entries: 512 (order 0, 4096 bytes)
[    0.342859] *** VALIDATE ramfs ***
[    0.342862] *** VALIDATE hugetlbfs ***
[    0.342942] AppArmor: AppArmor Filesystem Enabled
[    0.342970] pnp: PnP ACPI init
[    0.343042] pnp 00:00: Plug and Play ACPI device, IDs PNP0303 (active)
[    0.343130] pnp 00:01: Plug and Play ACPI device, IDs PNP0f03 (active)
[    0.343882] pnp: PnP ACPI: found 2 devices
[    0.344871] thermal_sys: Registered thermal governor 'fair_share'
[    0.344871] thermal_sys: Registered thermal governor 'bang_bang'
[    0.344872] thermal_sys: Registered thermal governor 'step_wise'
[    0.344873] thermal_sys: Registered thermal governor 'user_space'
[    0.344873] thermal_sys: Registered thermal governor 'power_allocator'
[    0.349842] clocksource: acpi_pm: mask: 0xffffff max_cycles: 0xffffff, max_idle_ns: 2085701024 ns
[    0.349883] pci_bus 0000:00: resource 4 [io  0x0000-0x0cf7 window]
[    0.349884] pci_bus 0000:00: resource 5 [io  0x0d00-0xffff window]
[    0.349885] pci_bus 0000:00: resource 6 [mem 0x000a0000-0x000bffff window]
[    0.349886] pci_bus 0000:00: resource 7 [mem 0x80000000-0xfdffffff window]
[    0.349906] NET: Registered protocol family 2
[    0.349906] IP idents hash table entries: 32768 (order: 6, 262144 bytes, linear)
[    0.349906] MPTCP tokens hash table entries: 8192 (order: 4, 65536 bytes, linear)
[    0.349906] MPTCP request tokens hash table entries: 8192 (order: 4, 65536 bytes, linear)
[    0.349906] default registered
[    0.349906] default registered
[    0.349906] MPTCP: Stable release v0.96
[    0.349906] tcp_listen_portaddr_hash hash table entries: 1024 (order: 2, 16384 bytes, linear)
[    0.349906] TCP established hash table entries: 16384 (order: 5, 131072 bytes, linear)
[    0.349906] TCP bind hash table entries: 16384 (order: 6, 262144 bytes, linear)
[    0.349906] TCP: Hash tables configured (established 16384 bind 16384)
[    0.349906] UDP hash table entries: 1024 (order: 3, 32768 bytes, linear)
[    0.349906] UDP-Lite hash table entries: 1024 (order: 3, 32768 bytes, linear)
[    0.349906] NET: Registered protocol family 1
[    0.349906] NET: Registered protocol family 44
[    0.349906] pci 0000:00:00.0: Limiting direct PCI/PCI transfers
[    0.349906] pci 0000:00:01.0: Activating ISA DMA hang workarounds
[    0.349906] pci 0000:00:02.0: Video device with shadowed ROM at [mem 0x000c0000-0x000dffff]
[    0.349906] PCI: CLS 0 bytes, default 64
[    0.349906] Trying to unpack rootfs image as initramfs...
[    0.526922] Freeing initrd memory: 47868K
[    0.526922] clocksource: tsc: mask: 0xffffffffffffffff max_cycles: 0x1e4530a99b6, max_idle_ns: 440795257976 ns
[    0.526922] clocksource: Switched to clocksource tsc
[    0.526922] platform rtc_cmos: registered platform RTC device (no PNP device found)
[    0.526922] check: Scanning for low memory corruption every 60 seconds
[    0.526922] Initialise system trusted keyrings
[    0.526922] Key type blacklist registered
[    0.526922] workingset: timestamp_bits=36 max_order=19 bucket_order=0
[    0.526922] zbud: loaded
[    0.526922] squashfs: version 4.0 (2009/01/31) Phillip Lougher
[    0.526922] fuse: init (API version 7.31)
[    0.526922] *** VALIDATE fuse ***
[    0.526922] *** VALIDATE fuse ***
[    0.526922] Platform Keyring initialized
[    0.539334] Key type asymmetric registered
[    0.539335] Asymmetric key parser 'x509' registered
[    0.539345] Block layer SCSI generic (bsg) driver version 0.4 loaded (major 244)
[    0.539382] io scheduler mq-deadline registered
[    0.539503] shpchp: Standard Hot Plug PCI Controller Driver version: 0.4
[    0.539703] ACPI: AC Adapter [AC] (on-line)
[    0.539747] input: Power Button as /devices/LNXSYSTM:00/LNXPWRBN:00/input/input0
[    0.539776] ACPI: Power Button [PWRF]
[    0.539856] input: Sleep Button as /devices/LNXSYSTM:00/LNXSLPBN:00/input/input1
[    0.539872] ACPI: Sleep Button [SLPF]
[    0.540095] Serial: 8250/16550 driver, 32 ports, IRQ sharing enabled
[    0.541290] Linux agpgart interface v0.103
[    0.629786] loop: module loaded
[    0.629943] ata_piix 0000:00:01.1: version 2.13
[    0.630349] scsi host0: ata_piix
[    0.630444] scsi host1: ata_piix
[    0.630470] ata1: PATA max UDMA/33 cmd 0x1f0 ctl 0x3f6 bmdma 0xd000 irq 14
[    0.630471] ata2: PATA max UDMA/33 cmd 0x170 ctl 0x376 bmdma 0xd008 irq 15
[    0.630552] tun: Universal TUN/TAP device driver, 1.6
[    0.630863] PPP generic driver version 2.4.2
[    0.630905] VFIO - User Level meta-driver version: 0.3
[    0.631139] ehci_hcd: USB 2.0 'Enhanced' Host Controller (EHCI) Driver
[    0.631145] ehci-pci: EHCI PCI platform driver
[    0.631160] ehci-platform: EHCI generic platform driver
[    0.631165] ohci_hcd: USB 1.1 'Open' Host Controller (OHCI) Driver
[    0.631167] ohci-pci: OHCI PCI platform driver
[    0.631174] ohci-platform: OHCI generic platform driver
[    0.631178] uhci_hcd: USB Universal Host Controller Interface driver
[    0.631240] i8042: PNP: PS/2 Controller [PNP0303:PS2K,PNP0f03:PS2M] at 0x60,0x64 irq 1,12
[    0.631680] serio: i8042 KBD port at 0x60,0x64 irq 1
[    0.631685] serio: i8042 AUX port at 0x60,0x64 irq 12
[    0.631773] mousedev: PS/2 mouse device common for all mice
[    0.632028] input: AT Translated Set 2 keyboard as /devices/platform/i8042/serio0/input/input2
[    0.632422] rtc_cmos rtc_cmos: registered as rtc0
[    0.632435] rtc_cmos rtc_cmos: alarms up to one day, 114 bytes nvram
[    0.632440] i2c /dev entries driver
[    0.632482] device-mapper: uevent: version 1.0.3
[    0.632526] device-mapper: ioctl: 4.41.0-ioctl (2019-09-16) initialised: dm-devel@redhat.com
[    0.632543] platform eisa.0: Probing EISA bus 0
[    0.632544] platform eisa.0: EISA: Cannot allocate resource for mainboard
[    0.632545] platform eisa.0: Cannot allocate resource for EISA slot 1
[    0.632546] platform eisa.0: Cannot allocate resource for EISA slot 2
[    0.632547] platform eisa.0: Cannot allocate resource for EISA slot 3
[    0.632548] platform eisa.0: Cannot allocate resource for EISA slot 4
[    0.632549] platform eisa.0: Cannot allocate resource for EISA slot 5
[    0.632550] platform eisa.0: Cannot allocate resource for EISA slot 6
[    0.632551] platform eisa.0: Cannot allocate resource for EISA slot 7
[    0.632552] platform eisa.0: Cannot allocate resource for EISA slot 8
[    0.632553] platform eisa.0: EISA: Detected 0 cards
[    0.632556] intel_pstate: CPU model not supported
[    0.632566] ledtrig-cpu: registered to indicate activity on CPUs
[    0.632623] drop_monitor: Initializing network drop monitor service
[    0.632783] NET: Registered protocol family 10
[    0.637799] Segment Routing with IPv6
[    0.637799] fullmesh registered
[    0.637799] ndiffports registered
[    0.637799] binder registered
[    0.637799] roundrobin registered
[    0.637799] redundant registered
[    0.637799] blest registered
[    0.637799] ecf registered
[    0.637799] NET: Registered protocol family 17
[    0.637799] Key type dns_resolver registered
[    0.637799] RAS: Correctable Errors collector initialized.
[    0.637799] IPI shorthand broadcast: enabled
[    0.637799] sched_clock: Marking stable (620085249, 13713955)->(635904608, -2105404)
[    0.638282] registered taskstats version 1
[    0.638291] Loading compiled-in X.509 certificates
[    0.638880] Loaded X.509 cert 'Build time autogenerated kernel key: 6909f3744cebb3d0de528d5887b96a727de79b1e'
[    0.638899] zswap: loaded using pool lzo/zbud
[    0.638953] Key type ._fscrypt registered
[    0.638954] Key type .fscrypt registered
[    0.643429] Key type big_key registered
[    0.645625] Key type encrypted registered
[    0.645628] AppArmor: AppArmor sha1 policy hashing enabled
[    0.645636] ima: No TPM chip found, activating TPM-bypass!
[    0.645641] ima: Allocated hash algorithm: sha1
[    0.645646] ima: No architecture policies found
[    0.645657] evm: Initialising EVM extended attributes:
[    0.645658] evm: security.selinux
[    0.645659] evm: security.SMACK64
[    0.645659] evm: security.SMACK64EXEC
[    0.645660] evm: security.SMACK64TRANSMUTE
[    0.645660] evm: security.SMACK64MMAP
[    0.645661] evm: security.apparmor
[    0.645661] evm: security.ima
[    0.645662] evm: security.capability
[    0.645662] evm: HMAC attrs: 0x1
[    0.645972] PM:   Magic number: 10:865:438
[    0.646098] rtc_cmos rtc_cmos: setting system clock to 2026-01-11T16:26:06 UTC (1768148766)
[    0.803840] ata1.00: ATA-6: VBOX HARDDISK, 1.0, max UDMA/133
[    0.803844] ata1.00: 209715200 sectors, multi 128: LBA 
[    0.804510] scsi 0:0:0:0: Direct-Access     ATA      VBOX HARDDISK    1.0  PQ: 0 ANSI: 5
[    0.804805] sd 0:0:0:0: [sda] 209715200 512-byte logical blocks: (107 GB/100 GiB)
[    0.804818] sd 0:0:0:0: [sda] Write Protect is off
[    0.804821] sd 0:0:0:0: [sda] Mode Sense: 00 3a 00 00
[    0.804842] sd 0:0:0:0: [sda] Write cache: enabled, read cache: enabled, doesn't support DPO or FUA
[    0.805187] sd 0:0:0:0: Attached scsi generic sg0 type 0
[    0.805973]  sda: sda1 sda2
[    0.817974] sd 0:0:0:0: [sda] Attached SCSI disk
[    0.821333] Freeing unused decrypted memory: 2040K
[    0.822311] Freeing unused kernel image memory: 2728K
[    0.822314] Write protecting the kernel read-only data: 22528k
[    0.823347] Freeing unused kernel image memory: 2036K
[    0.823911] Freeing unused kernel image memory: 1432K
[    0.850826] x86/mm: Checked W+X mappings: passed, no W+X pages found.
[    0.850831] Run /init as init process
[    0.955320] ACPI: Video Device [GFX0] (multi-head: yes  rom: no  post: no)
[    0.955809] input: Video Bus as /devices/LNXSYSTM:00/LNXSYBUS:00/PNP0A03:00/LNXVIDEO:00/input/input4
[    0.967271] pcnet32: pcnet32.c:v1.35 21.Apr.2008 tsbogend@alpha.franken.de
[    0.968824] piix4_smbus 0000:00:07.0: SMBus Host Controller at 0x4100, revision 0
[    0.971344] e1000: Intel(R) PRO/1000 Network Driver - version 7.3.21-k8-NAPI
[    0.971345] e1000: Copyright (c) 1999-2006 Intel Corporation.
[    0.977198] pcnet32: PCnet/FAST III 79C973 at 0xd020, 08:00:27:37:1c:76 assigned IRQ 19
[    0.977243] pcnet32: Found PHY 0022:561b at address 0
[    0.977545] pcnet32: eth0: registered as PCnet/FAST III 79C973
[    0.987965] pcnet32: 1 cards_found
[    1.042853] pcnet32 0000:00:03.0 enp0s3: renamed from eth0
[    1.189327] input: ImExPS/2 Generic Explorer Mouse as /devices/platform/i8042/serio1/input/input5
[    1.382159] e1000 0000:00:08.0 eth0: (PCI:33MHz:32-bit) 08:00:27:3e:69:3f
[    1.382163] e1000 0000:00:08.0 eth0: Intel(R) PRO/1000 Network Connection
[    1.758285] e1000 0000:00:09.0 eth1: (PCI:33MHz:32-bit) 08:00:27:08:4a:1e
[    1.758288] e1000 0000:00:09.0 eth1: Intel(R) PRO/1000 Network Connection
[    1.759444] e1000 0000:00:09.0 enp0s9: renamed from eth1
[    1.761251] e1000 0000:00:08.0 enp0s8: renamed from eth0
[    1.915204] EXT4-fs (sda2): mounted filesystem with ordered data mode. Opts: (null)
[    2.005978] systemd[1]: Inserted module 'autofs4'
[    2.017228] systemd[1]: systemd 245.4-4ubuntu3 running in system mode. (+PAM +AUDIT +SELINUX +IMA +APPARMOR +SMACK +SYSVINIT +UTMP +LIBCRYPTSETUP +GCRYPT +GNUTLS +ACL +XZ +LZ4 +SECCOMP +BLKID +ELFUTILS +KMOD +IDN2 -IDN +PCRE2 default-hierarchy=hybrid)
[    2.017259] systemd[1]: Detected virtualization oracle.
[    2.017262] systemd[1]: Detected architecture x86-64.
[    2.018596] systemd[1]: Set hostname to <ztg>.
[    2.144379] systemd[1]: /lib/systemd/system/dbus.socket:5: ListenStream= references a path below legacy directory /var/run/, updating /var/run/dbus/system_bus_socket â†’ /run/dbus/system_bus_socket; please update the unit file accordingly.
[    2.197315] systemd[1]: Created slice system-modprobe.slice.
[    2.197498] systemd[1]: Created slice User and Session Slice.
[    2.197545] systemd[1]: Started Forward Password Requests to Wall Directory Watch.
[    2.197710] systemd[1]: Set up automount Arbitrary Executable File Formats File System Automount Point.
[    2.197743] systemd[1]: Reached target User and Group Name Lookups.
[    2.197751] systemd[1]: Reached target Remote File Systems.
[    2.197759] systemd[1]: Reached target Slices.
[    2.198380] systemd[1]: Listening on Syslog Socket.
[    2.198445] systemd[1]: Listening on fsck to fsckd communication Socket.
[    2.198483] systemd[1]: Listening on initctl Compatibility Named Pipe.
[    2.198617] systemd[1]: Listening on Journal Audit Socket.
[    2.198668] systemd[1]: Listening on Journal Socket (/dev/log).
[    2.198735] systemd[1]: Listening on Journal Socket.
[    2.198799] systemd[1]: Listening on udev Control Socket.
[    2.198837] systemd[1]: Listening on udev Kernel Socket.
[    2.199576] systemd[1]: Mounting Huge Pages File System...
[    2.200510] systemd[1]: Mounting POSIX Message Queue File System...
[    2.201423] systemd[1]: Mounting Kernel Debug File System...
[    2.202333] systemd[1]: Mounting Kernel Trace File System...
[    2.204262] systemd[1]: Starting Journal Service...
[    2.227409] systemd[1]: Starting Set the console keyboard layout...
[    2.235768] systemd[1]: Starting Create list of static device nodes for the current kernel...
[    2.237675] systemd[1]: Starting Load Kernel Module drm...
[    2.238705] systemd[1]: Condition check resulted in Set Up Additional Binary Formats being skipped.
[    2.238760] systemd[1]: Condition check resulted in File System Check on Root Device being skipped.
[    2.245016] systemd[1]: Starting Load Kernel Modules...
[    2.245777] systemd[1]: Starting Remount Root and Kernel File Systems...
[    2.264878] systemd[1]: Starting udev Coldplug all Devices...
[    2.288740] systemd[1]: Starting Uncomplicated firewall...
[    2.291096] systemd[1]: Mounted Huge Pages File System.
[    2.291184] systemd[1]: Mounted POSIX Message Queue File System.
[    2.291257] systemd[1]: Mounted Kernel Debug File System.
[    2.291328] systemd[1]: Mounted Kernel Trace File System.
[    2.298788] EXT4-fs (sda2): re-mounted. Opts: errors=remount-ro
[    2.299411] systemd[1]: Finished Create list of static device nodes for the current kernel.
[    2.323602] systemd[1]: Finished Remount Root and Kernel File Systems.
[    2.323863] systemd[1]: modprobe@drm.service: Succeeded.
[    2.325393] systemd[1]: Finished Load Kernel Module drm.
[    2.326268] systemd[1]: Finished Uncomplicated firewall.
[    2.343251] systemd[1]: Condition check resulted in Rebuild Hardware Database being skipped.
[    2.343290] systemd[1]: Condition check resulted in Platform Persistent Storage Archival being skipped.
[    2.343963] systemd[1]: Starting Load/Save Random Seed...
[    2.344669] systemd[1]: Starting Create System Users...
[    2.372733] lp: driver loaded but no devices found
[    2.375491] systemd[1]: Finished Load/Save Random Seed.
[    2.378363] systemd[1]: Finished Create System Users.
[    2.379135] systemd[1]: Starting Create Static Device Nodes in /dev...
[    2.391502] ppdev: user-space parallel port driver
[    2.401968] systemd[1]: Finished udev Coldplug all Devices.
[    2.410678] systemd[1]: Finished Create Static Device Nodes in /dev.
[    2.411554] systemd[1]: Starting udev Kernel Device Manager...
[    2.476364] [drm] DMA map mode: Caching DMA mappings.
[    2.476428] [drm] Capabilities:
[    2.476428] [drm]   Rect copy.
[    2.476428] [drm]   Cursor.
[    2.476429] [drm]   Cursor bypass.
[    2.476429] [drm]   Cursor bypass 2.
[    2.476429] [drm]   Alpha cursor.
[    2.476430] [drm]   Extended Fifo.
[    2.476430] [drm]   Pitchlock.
[    2.476431] [drm]   Irq mask.
[    2.476431] [drm]   GMR.
[    2.476431] [drm]   Traces.
[    2.476432] [drm]   GMR2.
[    2.476432] [drm]   Screen Object 2.
[    2.476432] [drm]   Command Buffers.
[    2.476433] [drm]   Command Buffers 2.
[    2.476433] [drm]   Guest Backed Resources.
[    2.476434] [drm] Max GMR ids is 8192
[    2.476434] [drm] Max number of GMR pages is 1048576
[    2.476435] [drm] Max dedicated hypervisor surface memory is 393216 kiB
[    2.476435] [drm] Maximum display memory size is 131072 kiB
[    2.476436] [drm] VRAM at 0xe0000000 size is 131072 kiB
[    2.476437] [drm] MMIO at 0xf0000000 size is 2048 kiB
[    2.478361] [TTM] Zone  kernel: Available graphics memory: 1011738 KiB
[    2.478361] [TTM] Initializing pool allocator
[    2.478365] [TTM] Initializing DMA pool allocator
[    2.478393] [drm] Supports vblank timestamp caching Rev 2 (21.10.2013).
[    2.478394] [drm] No driver support for vblank timestamp query.
[    2.478620] [drm] Screen Target Display device initialized
[    2.478830] [drm] width 720
[    2.478842] [drm] height 400
[    2.478846] [drm] bpp 32
[    2.479376] [drm] Fifo max 0x00200000 min 0x00001000 cap 0x00000355
[    2.480428] [drm] Using command buffers with DMA pool.
[    2.480434] [drm] DX: no.
[    2.480434] [drm] Atomic: yes.
[    2.480435] [drm] SM4_1: no.
[    2.480453] [drm:vmw_host_log [vmwgfx]] *ERROR* Failed to send host log message.
[    2.481375] [drm:vmw_host_log [vmwgfx]] *ERROR* Failed to send host log message.
[    2.482950] systemd[1]: Finished Set the console keyboard layout.
[    2.483054] systemd[1]: Reached target Local File Systems (Pre).
[    2.485241] systemd[1]: Mounting Mount unit for bare, revision 5...
[    2.487185] systemd[1]: Mounting Mount unit for core18, revision 1705...
[    2.501203] systemd[1]: Mounting Mount unit for gnome-3-34-1804, revision 24...
[    2.510856] fbcon: svgadrmfb (fb0) is primary device
[    2.512988] Console: switching to colour frame buffer device 100x37
[    2.518324] systemd[1]: Mounting Mount unit for gtk-common-themes, revision 1506...
[    2.522081] [drm] Initialized vmwgfx 2.15.0 20180704 for 0000:00:02.0 on minor 0
[    2.543016] systemd[1]: Mounting Mount unit for gtk-common-themes, revision 1535...
[    2.554399] systemd[1]: Mounting Mount unit for snap-store, revision 433...
[    2.556712] systemd[1]: Mounting Mount unit for snapd, revision 7264...
[    2.566880] systemd[1]: Finished Load Kernel Modules.
[    2.568140] systemd[1]: Mounting FUSE Control File System...
[    2.569291] systemd[1]: Mounting Kernel Configuration File System...
[    2.600101] systemd[1]: Starting Apply Kernel Variables...
[    2.605038] systemd[1]: Mounted FUSE Control File System.
[    2.605125] systemd[1]: Condition check resulted in VMware vmblock fuse mount being skipped.
[    2.610136] systemd[1]: Mounted Mount unit for bare, revision 5.
[    2.610233] systemd[1]: Mounted Mount unit for core18, revision 1705.
[    2.610309] systemd[1]: Mounted Kernel Configuration File System.
[    2.621615] systemd[1]: Finished Apply Kernel Variables.
[    2.621859] systemd[1]: Mounted Mount unit for gtk-common-themes, revision 1535.
[    2.632008] systemd[1]: Mounted Mount unit for gnome-3-34-1804, revision 24.
[    2.634668] systemd[1]: Mounted Mount unit for gtk-common-themes, revision 1506.
[    2.640426] systemd[1]: Mounted Mount unit for snap-store, revision 433.
[    2.640513] systemd[1]: Mounted Mount unit for snapd, revision 7264.
[    2.640567] systemd[1]: Reached target Local File Systems.
[    2.641533] systemd[1]: Starting Load AppArmor profiles...
[    2.647376] systemd[1]: Starting Set console font and keymap...
[    2.659013] systemd[1]: Starting Tell Plymouth To Write Out Runtime Data...
[    2.659039] systemd[1]: Condition check resulted in Store a System Token in an EFI Variable being skipped.
[    2.659067] systemd[1]: Condition check resulted in Commit a transient machine-id on disk being skipped.
[    2.659175] systemd[1]: Started udev Kernel Device Manager.
[    2.663150] systemd[1]: Starting Show Plymouth Boot Screen...
[    2.669511] systemd[1]: Finished Set console font and keymap.
[    2.671367] systemd[1]: plymouth-read-write.service: Succeeded.
[    2.689318] systemd[1]: Finished Tell Plymouth To Write Out Runtime Data.
[    2.689900] systemd[1]: Received SIGRTMIN+20 from PID 286 (plymouthd).
[    2.701718] systemd[1]: Started Show Plymouth Boot Screen.
[    2.701870] systemd[1]: Condition check resulted in Dispatch Password Requests to Console Directory Watch being skipped.
[    2.701955] systemd[1]: Started Forward Password Requests to Plymouth Directory Watch.
[    2.701987] systemd[1]: Reached target Local Encrypted Volumes.
[    2.716677] audit: type=1400 audit(1768148768.564:2): apparmor="STATUS" operation="profile_load" profile="unconfined" name="nvidia_modprobe" pid=295 comm="apparmor_parser"
[    2.716679] audit: type=1400 audit(1768148768.564:3): apparmor="STATUS" operation="profile_load" profile="unconfined" name="nvidia_modprobe//kmod" pid=295 comm="apparmor_parser"
[    2.722862] audit: type=1400 audit(1768148768.576:4): apparmor="STATUS" operation="profile_load" profile="unconfined" name="/usr/sbin/tcpdump" pid=296 comm="apparmor_parser"
[    2.800522] audit: type=1400 audit(1768148768.644:5): apparmor="STATUS" operation="profile_load" profile="unconfined" name="/usr/bin/evince" pid=298 comm="apparmor_parser"
[    2.800525] audit: type=1400 audit(1768148768.644:6): apparmor="STATUS" operation="profile_load" profile="unconfined" name="/usr/bin/evince//sanitized_helper" pid=298 comm="apparmor_parser"
[    2.800526] audit: type=1400 audit(1768148768.644:7): apparmor="STATUS" operation="profile_load" profile="unconfined" name="/usr/bin/evince-previewer" pid=298 comm="apparmor_parser"
[    2.800528] audit: type=1400 audit(1768148768.644:8): apparmor="STATUS" operation="profile_load" profile="unconfined" name="/usr/bin/evince-previewer//sanitized_helper" pid=298 comm="apparmor_parser"
[    2.800530] audit: type=1400 audit(1768148768.644:9): apparmor="STATUS" operation="profile_load" profile="unconfined" name="/usr/bin/evince-thumbnailer" pid=298 comm="apparmor_parser"
[    2.815522] audit: type=1400 audit(1768148768.668:10): apparmor="STATUS" operation="profile_load" profile="unconfined" name="/usr/lib/cups/backend/cups-pdf" pid=304 comm="apparmor_parser"
[    2.881451] systemd[1]: Finished Load AppArmor profiles.
[    2.882450] systemd[1]: Starting Load AppArmor profiles managed internally by snapd...
[    2.956882] systemd[1]: Finished Load AppArmor profiles managed internally by snapd.
[    3.167681] systemd[1]: Started Journal Service.
[    3.177660] systemd-journald[229]: Received client request to flush runtime journal.
[    3.180516] systemd-journald[229]: File /var/log/journal/c455b248004a419c87ce85eea238d727/system.journal corrupted or uncleanly shut down, renaming and replacing.
[    4.435946] RAPL PMU: API unit is 2^-32 Joules, 0 fixed counters, 10737418240 ms ovfl timer
[    4.525481] cryptd: max_cpu_qlen set to 1000
[    4.564700] AVX2 version of gcm_enc/dec engaged.
[    4.564701] AES CTR mode by8 optimization enabled
[    5.396547] Adding 1998844k swap on /dev/sda1.  Priority:-2 extents:1 across:1998844k FS
[    6.208340] kauditd_printk_skb: 30 callbacks suppressed
[    6.208342] audit: type=1400 audit(1768148772.056:41): apparmor="DENIED" operation="capable" profile="/usr/sbin/cups-browsed" pid=498 comm="cups-browsed" capability=23  capname="sys_nice"
[    7.524798] pcnet32 0000:00:03.0 enp0s3: link up, 100Mbps, full-duplex
[    7.559601] e1000: enp0s8 NIC Link is Up 1000 Mbps Full Duplex, Flow Control: RX
[    7.559886] IPv6: ADDRCONF(NETDEV_CHANGE): enp0s8: link becomes ready
[    7.572581] e1000: enp0s9 NIC Link is Up 1000 Mbps Full Duplex, Flow Control: RX
[    7.572887] IPv6: ADDRCONF(NETDEV_CHANGE): enp0s9: link becomes ready
[    8.085091] device enp0s3 entered promiscuous mode
[    8.111895] audit: type=1400 audit(1768148773.952:42): apparmor="DENIED" operation="open" profile="/usr/sbin/tcpdump" name="/proc/sys/kernel/random/boot_id" pid=671 comm="tcpdump" requested_mask="r" denied_mask="r" fsuid=0 ouid=0
[    8.112113] audit: type=1400 audit(1768148773.952:43): apparmor="DENIED" operation="open" profile="/usr/sbin/tcpdump" name="/proc/sys/kernel/random/boot_id" pid=671 comm="tcpdump" requested_mask="r" denied_mask="r" fsuid=0 ouid=0
[    8.112161] audit: type=1400 audit(1768148773.952:44): apparmor="DENIED" operation="open" profile="/usr/sbin/tcpdump" name="/proc/sys/kernel/random/boot_id" pid=671 comm="tcpdump" requested_mask="r" denied_mask="r" fsuid=0 ouid=0
[    8.112249] audit: type=1400 audit(1768148773.952:45): apparmor="DENIED" operation="open" profile="/usr/sbin/tcpdump" name="/proc/sys/kernel/random/boot_id" pid=671 comm="tcpdump" requested_mask="r" denied_mask="r" fsuid=0 ouid=0
[    8.115919] audit: type=1400 audit(1768148773.964:46): apparmor="DENIED" operation="open" profile="/usr/sbin/tcpdump" name="/proc/sys/kernel/random/boot_id" pid=672 comm="tcpdump" requested_mask="r" denied_mask="r" fsuid=0 ouid=0
[    8.116447] audit: type=1400 audit(1768148773.964:47): apparmor="DENIED" operation="open" profile="/usr/sbin/tcpdump" name="/proc/sys/kernel/random/boot_id" pid=672 comm="tcpdump" requested_mask="r" denied_mask="r" fsuid=0 ouid=0
[    8.116485] audit: type=1400 audit(1768148773.964:48): apparmor="DENIED" operation="open" profile="/usr/sbin/tcpdump" name="/proc/sys/kernel/random/boot_id" pid=672 comm="tcpdump" requested_mask="r" denied_mask="r" fsuid=0 ouid=0
[    8.116502] audit: type=1400 audit(1768148773.964:49): apparmor="DENIED" operation="open" profile="/usr/sbin/tcpdump" name="/proc/sys/kernel/random/boot_id" pid=672 comm="tcpdump" requested_mask="r" denied_mask="r" fsuid=0 ouid=0
[   12.603810] rfkill: input handler disabled
[  550.967701] rfkill: input handler enabled
[  560.394329] rfkill: input handler disabled
[  950.256952] device enp0s3 left promiscuous mode
