[    0.000000] Linux version 5.4.243-mptcp (root@ztg) (gcc version 12.2.0 (Debian 12.2.0-14+deb12u1)) #53 SMP Wed Dec 24 23:28:15 CST 2025
[    0.000000] Command line: BOOT_IMAGE=/boot/vmlinuz-5.4.243-mptcp root=UUID=98415a12-53b7-4144-8265-0f7ece09e445 ro quiet splash
[    0.000000] KERNEL supported cpus:
[    0.000000]   Intel GenuineIntel
[    0.000000]   AMD AuthenticAMD
[    0.000000]   Hygon HygonGenuine
[    0.000000]   Centaur CentaurHauls
[    0.000000]   zhaoxin   Shanghai  
[    0.000000] x86/fpu: Supporting XSAVE feature 0x001: 'x87 floating point registers'
[    0.000000] x86/fpu: Supporting XSAVE feature 0x002: 'SSE registers'
[    0.000000] x86/fpu: Supporting XSAVE feature 0x004: 'AVX registers'
[    0.000000] x86/fpu: xstate_offset[2]:  576, xstate_sizes[2]:  256
[    0.000000] x86/fpu: Enabled xstate features 0x7, context size is 832 bytes, using 'standard' format.
[    0.000000] BIOS-provided physical RAM map:
[    0.000000] BIOS-e820: [mem 0x0000000000000000-0x000000000009fbff] usable
[    0.000000] BIOS-e820: [mem 0x000000000009fc00-0x000000000009ffff] reserved
[    0.000000] BIOS-e820: [mem 0x00000000000f0000-0x00000000000fffff] reserved
[    0.000000] BIOS-e820: [mem 0x0000000000100000-0x000000007ffeffff] usable
[    0.000000] BIOS-e820: [mem 0x000000007fff0000-0x000000007fffffff] ACPI data
[    0.000000] BIOS-e820: [mem 0x00000000fec00000-0x00000000fec00fff] reserved
[    0.000000] BIOS-e820: [mem 0x00000000fee00000-0x00000000fee00fff] reserved
[    0.000000] BIOS-e820: [mem 0x00000000fffc0000-0x00000000ffffffff] reserved
[    0.000000] NX (Execute Disable) protection: active
[    0.000000] SMBIOS 2.5 present.
[    0.000000] DMI: innotek GmbH VirtualBox/VirtualBox, BIOS VirtualBox 12/01/2006
[    0.000000] Hypervisor detected: KVM
[    0.000000] kvm-clock: Using msrs 4b564d01 and 4b564d00
[    0.000000] kvm-clock: cpu 0, msr 69e01001, primary cpu clock
[    0.000000] kvm-clock: using sched offset of 4471240305 cycles
[    0.000003] clocksource: kvm-clock: mask: 0xffffffffffffffff max_cycles: 0x1cd42e4dffb, max_idle_ns: 881590591483 ns
[    0.000005] tsc: Detected 2100.000 MHz processor
[    0.001898] e820: update [mem 0x00000000-0x00000fff] usable ==> reserved
[    0.001900] e820: remove [mem 0x000a0000-0x000fffff] usable
[    0.001903] last_pfn = 0x7fff0 max_arch_pfn = 0x400000000
[    0.001972] MTRR default type: uncachable
[    0.001972] MTRR fixed ranges enabled:
[    0.001974]   00000-9FFFF write-back
[    0.001974]   A0000-BFFFF uncachable
[    0.001975]   C0000-FFFFF write-protect
[    0.001976] MTRR variable ranges enabled:
[    0.001977]   0 base 000000000000 mask 3FFF80000000 write-back
[    0.001978]   1 disabled
[    0.001978]   2 disabled
[    0.001979]   3 disabled
[    0.001979]   4 disabled
[    0.001980]   5 disabled
[    0.001980]   6 disabled
[    0.001980]   7 disabled
[    0.001981]   8 disabled
[    0.001981]   9 disabled
[    0.001982]   10 disabled
[    0.001982]   11 disabled
[    0.001983]   12 disabled
[    0.001983]   13 disabled
[    0.001983]   14 disabled
[    0.001984]   15 disabled
[    0.002000] x86/PAT: Configuration [0-7]: WB  WC  UC- UC  WB  WP  UC- WT  
[    0.002137] found SMP MP-table at [mem 0x0009fff0-0x0009ffff]
[    0.093427] check: Scanning 1 areas for low memory corruption
[    0.093697] RAMDISK: [mem 0x32271000-0x3512ffff]
[    0.093705] ACPI: Early table checksum verification disabled
[    0.093711] ACPI: RSDP 0x00000000000E0000 000024 (v02 VBOX  )
[    0.093716] ACPI: XSDT 0x000000007FFF0030 00003C (v01 VBOX   VBOXXSDT 00000001 ASL  00000061)
[    0.093722] ACPI: FACP 0x000000007FFF00F0 0000F4 (v04 VBOX   VBOXFACP 00000001 ASL  00000061)
[    0.093729] ACPI: DSDT 0x000000007FFF02E0 002353 (v02 VBOX   VBOXBIOS 00000002 VBOX 00029BF3)
[    0.093733] ACPI: FACS 0x000000007FFF0200 000040
[    0.093736] ACPI: FACS 0x000000007FFF0200 000040
[    0.093739] ACPI: APIC 0x000000007FFF0240 000054 (v02 VBOX   VBOXAPIC 00000001 ASL  00000061)
[    0.093743] ACPI: SSDT 0x000000007FFF02A0 000038 (v01 VBOX   VBOXCPUT 00000002 VBOX 00029BF3)
[    0.093746] ACPI: Reserving FACP table memory at [mem 0x7fff00f0-0x7fff01e3]
[    0.093747] ACPI: Reserving DSDT table memory at [mem 0x7fff02e0-0x7fff2632]
[    0.093748] ACPI: Reserving FACS table memory at [mem 0x7fff0200-0x7fff023f]
[    0.093748] ACPI: Reserving FACS table memory at [mem 0x7fff0200-0x7fff023f]
[    0.093749] ACPI: Reserving APIC table memory at [mem 0x7fff0240-0x7fff0293]
[    0.093750] ACPI: Reserving SSDT table memory at [mem 0x7fff02a0-0x7fff02d7]
[    0.093764] ACPI: Local APIC address 0xfee00000
[    0.093957] No NUMA configuration found
[    0.093958] Faking a node at [mem 0x0000000000000000-0x000000007ffeffff]
[    0.093968] NODE_DATA(0) allocated [mem 0x7ffc5000-0x7ffeffff]
[    0.094252] Zone ranges:
[    0.094253]   DMA      [mem 0x0000000000001000-0x0000000000ffffff]
[    0.094254]   DMA32    [mem 0x0000000001000000-0x000000007ffeffff]
[    0.094255]   Normal   empty
[    0.094255]   Device   empty
[    0.094256] Movable zone start for each node
[    0.094258] Early memory node ranges
[    0.094259]   node   0: [mem 0x0000000000001000-0x000000000009efff]
[    0.094259]   node   0: [mem 0x0000000000100000-0x000000007ffeffff]
[    0.094262] Zeroed struct page in unavailable ranges: 114 pages
[    0.094263] Initmem setup node 0 [mem 0x0000000000001000-0x000000007ffeffff]
[    0.094264] On node 0 totalpages: 524174
[    0.094266]   DMA zone: 64 pages used for memmap
[    0.094266]   DMA zone: 21 pages reserved
[    0.094267]   DMA zone: 3998 pages, LIFO batch:0
[    0.094339]   DMA32 zone: 8128 pages used for memmap
[    0.094340]   DMA32 zone: 520176 pages, LIFO batch:63
[    0.103386] ACPI: PM-Timer IO Port: 0x4008
[    0.103390] ACPI: Local APIC address 0xfee00000
[    0.103461] IOAPIC[0]: apic_id 1, version 32, address 0xfec00000, GSI 0-23
[    0.103465] ACPI: INT_SRC_OVR (bus 0 bus_irq 0 global_irq 2 dfl dfl)
[    0.103466] ACPI: INT_SRC_OVR (bus 0 bus_irq 9 global_irq 9 low level)
[    0.103468] ACPI: IRQ0 used by override.
[    0.103469] ACPI: IRQ9 used by override.
[    0.103472] Using ACPI (MADT) for SMP configuration information
[    0.103481] smpboot: Allowing 1 CPUs, 0 hotplug CPUs
[    0.103504] PM: Registered nosave memory: [mem 0x00000000-0x00000fff]
[    0.103505] PM: Registered nosave memory: [mem 0x0009f000-0x0009ffff]
[    0.103506] PM: Registered nosave memory: [mem 0x000a0000-0x000effff]
[    0.103506] PM: Registered nosave memory: [mem 0x000f0000-0x000fffff]
[    0.103508] [mem 0x80000000-0xfebfffff] available for PCI devices
[    0.103509] Booting paravirtualized kernel on KVM
[    0.103512] clocksource: refined-jiffies: mask: 0xffffffff max_cycles: 0xffffffff, max_idle_ns: 7645519600211568 ns
[    0.103517] setup_percpu: NR_CPUS:8192 nr_cpumask_bits:1 nr_cpu_ids:1 nr_node_ids:1
[    0.104528] percpu: Embedded 60 pages/cpu s208896 r8192 d28672 u2097152
[    0.104533] pcpu-alloc: s208896 r8192 d28672 u2097152 alloc=1*2097152
[    0.104534] pcpu-alloc: [0] 0 
[    0.104570] Built 1 zonelists, mobility grouping on.  Total pages: 515961
[    0.104571] Policy zone: DMA32
[    0.104572] Kernel command line: BOOT_IMAGE=/boot/vmlinuz-5.4.243-mptcp root=UUID=98415a12-53b7-4144-8265-0f7ece09e445 ro quiet splash
[    0.105414] Dentry cache hash table entries: 262144 (order: 9, 2097152 bytes, linear)
[    0.105680] Inode-cache hash table entries: 131072 (order: 8, 1048576 bytes, linear)
[    0.105734] mem auto-init: stack:off, heap alloc:on, heap free:off
[    0.105737] Calgary: detecting Calgary via BIOS EBDA area
[    0.105738] Calgary: Unable to locate Rio Grande table in EBDA - bailing!
[    0.110050] Memory: 1967332K/2096696K available (14339K kernel code, 2398K rwdata, 4712K rodata, 2728K init, 17260K bss, 129364K reserved, 0K cma-reserved)
[    0.110988] SLUB: HWalign=64, Order=0-3, MinObjects=0, CPUs=1, Nodes=1
[    0.111006] ftrace: allocating 43186 entries in 169 pages
[    0.129143] rcu: Hierarchical RCU implementation.
[    0.129145] rcu: 	RCU restricting CPUs from NR_CPUS=8192 to nr_cpu_ids=1.
[    0.129146] 	Tasks RCU enabled.
[    0.129147] rcu: RCU calculated value of scheduler-enlistment delay is 25 jiffies.
[    0.129148] rcu: Adjusting geometry for rcu_fanout_leaf=16, nr_cpu_ids=1
[    0.132107] NR_IRQS: 524544, nr_irqs: 256, preallocated irqs: 16
[    0.132333] random: crng init done
[    0.141637] Console: colour VGA+ 80x25
[    0.141641] printk: console [tty0] enabled
[    0.141665] ACPI: Core revision 20190816
[    0.141812] APIC: Switch to symmetric I/O mode setup
[    0.142060] x2apic enabled
[    0.142297] Switched APIC routing to physical x2apic.
[    0.143418] ..TIMER: vector=0x30 apic1=0 pin1=2 apic2=-1 pin2=-1
[    0.143446] clocksource: tsc-early: mask: 0xffffffffffffffff max_cycles: 0x1e4530a99b6, max_idle_ns: 440795257976 ns
[    0.143451] Calibrating delay loop (skipped) preset value.. 4200.00 BogoMIPS (lpj=8400000)
[    0.143453] pid_max: default: 32768 minimum: 301
[    0.143483] LSM: Security Framework initializing
[    0.143493] Yama: becoming mindful.
[    0.143521] AppArmor: AppArmor initialized
[    0.143555] Mount-cache hash table entries: 4096 (order: 3, 32768 bytes, linear)
[    0.143559] Mountpoint-cache hash table entries: 4096 (order: 3, 32768 bytes, linear)
[    0.143569] *** VALIDATE tmpfs ***
[    0.143703] *** VALIDATE proc ***
[    0.143747] *** VALIDATE cgroup1 ***
[    0.143748] *** VALIDATE cgroup2 ***
[    0.143891] process: using mwait in idle threads
[    0.143895] Last level iTLB entries: 4KB 64, 2MB 8, 4MB 8
[    0.143896] Last level dTLB entries: 4KB 64, 2MB 0, 4MB 0, 1GB 4
[    0.143916] Spectre V1 : Mitigation: usercopy/swapgs barriers and __user pointer sanitization
[    0.143922] Spectre V2 : Mitigation: Retpolines
[    0.143922] Spectre V2 : Spectre v2 / SpectreRSB mitigation: Filling RSB on context switch
[    0.143923] Spectre V2 : Spectre v2 / SpectreRSB : Filling RSB on VMEXIT
[    0.143924] RETBleed: WARNING: Spectre v2 mitigation leaves CPU vulnerable to RETBleed attacks, data leaks possible!
[    0.144275] RETBleed: Vulnerable
[    0.144276] Speculative Store Bypass: Vulnerable
[    0.144280] TAA: Mitigation: TSX disabled
[    0.144281] MMIO Stale Data: Mitigation: Clear CPU buffers
[    0.148550] Freeing SMP alternatives memory: 40K
[    0.260268] smpboot: CPU0: Intel(R) Xeon(R) Silver 4216 CPU @ 2.10GHz (family: 0x6, model: 0x55, stepping: 0x7)
[    0.260391] Performance Events: unsupported p6 CPU model 85 no PMU driver, software events only.
[    0.260429] rcu: Hierarchical SRCU implementation.
[    0.260911] NMI watchdog: Perf NMI watchdog permanently disabled
[    0.260949] smp: Bringing up secondary CPUs ...
[    0.260950] smp: Brought up 1 node, 1 CPU
[    0.260951] smpboot: Max logical packages: 1
[    0.260953] smpboot: Total of 1 processors activated (4200.00 BogoMIPS)
[    0.261951] devtmpfs: initialized
[    0.261999] x86/mm: Memory block size: 128MB
[    0.262350] clocksource: jiffies: mask: 0xffffffff max_cycles: 0xffffffff, max_idle_ns: 7645041785100000 ns
[    0.262355] futex hash table entries: 256 (order: 2, 16384 bytes, linear)
[    0.262399] pinctrl core: initialized pinctrl subsystem
[    0.262502] PM: RTC time: 08:21:43, date: 2026-01-13
[    0.262611] NET: Registered protocol family 16
[    0.262685] audit: initializing netlink subsys (disabled)
[    0.262811] EISA bus registered
[    0.262812] cpuidle: using governor ladder
[    0.262813] cpuidle: using governor menu
[    0.262849] ACPI: bus type PCI registered
[    0.262850] acpiphp: ACPI Hot Plug PCI Controller Driver version: 0.5
[    0.262954] PCI: Using configuration type 1 for base access
[    0.263903] audit: type=2000 audit(1768263709.626:1): state=initialized audit_enabled=0 res=1
[    0.263981] HugeTLB registered 2.00 MiB page size, pre-allocated 0 pages
[    0.264823] ACPI: Added _OSI(Module Device)
[    0.264824] ACPI: Added _OSI(Processor Device)
[    0.264825] ACPI: Added _OSI(3.0 _SCP Extensions)
[    0.264825] ACPI: Added _OSI(Processor Aggregator Device)
[    0.264826] ACPI: Added _OSI(Linux-Dell-Video)
[    0.264827] ACPI: Added _OSI(Linux-Lenovo-NV-HDMI-Audio)
[    0.264828] ACPI: Added _OSI(Linux-HPI-Hybrid-Graphics)
[    0.266775] ACPI: 2 ACPI AML tables successfully acquired and loaded
[    0.268324] ACPI: Interpreter enabled
[    0.268333] ACPI: (supports S0 S5)
[    0.268334] ACPI: Using IOAPIC for interrupt routing
[    0.268538] PCI: Using host bridge windows from ACPI; if necessary, use "pci=nocrs" and report a bug
[    0.268646] ACPI: Enabled 2 GPEs in block 00 to 07
[    0.273502] ACPI: PCI Root Bridge [PCI0] (domain 0000 [bus 00-ff])
[    0.273507] acpi PNP0A03:00: _OSC: OS supports [ASPM ClockPM Segments MSI HPX-Type3]
[    0.273951] acpi PNP0A03:00: _OSC: not requesting OS control; OS requires [ExtendedConfig ASPM ClockPM MSI]
[    0.273959] acpi PNP0A03:00: fail to add MMCONFIG information, can't access extended PCI configuration space under this bridge.
[    0.274333] PCI host bridge to bus 0000:00
[    0.274335] pci_bus 0000:00: root bus resource [io  0x0000-0x0cf7 window]
[    0.274336] pci_bus 0000:00: root bus resource [io  0x0d00-0xffff window]
[    0.274337] pci_bus 0000:00: root bus resource [mem 0x000a0000-0x000bffff window]
[    0.274338] pci_bus 0000:00: root bus resource [mem 0x80000000-0xfdffffff window]
[    0.274339] pci_bus 0000:00: root bus resource [bus 00-ff]
[    0.274382] pci 0000:00:00.0: [8086:1237] type 00 class 0x060000
[    0.276118] pci 0000:00:01.0: [8086:7000] type 00 class 0x060100
[    0.276875] pci 0000:00:01.1: [8086:7111] type 00 class 0x01018a
[    0.277252] pci 0000:00:01.1: reg 0x20: [io  0xd000-0xd00f]
[    0.277416] pci 0000:00:01.1: legacy IDE quirk: reg 0x10: [io  0x01f0-0x01f7]
[    0.277417] pci 0000:00:01.1: legacy IDE quirk: reg 0x14: [io  0x03f6]
[    0.277418] pci 0000:00:01.1: legacy IDE quirk: reg 0x18: [io  0x0170-0x0177]
[    0.277419] pci 0000:00:01.1: legacy IDE quirk: reg 0x1c: [io  0x0376]
[    0.277968] pci 0000:00:02.0: [15ad:0405] type 00 class 0x030000
[    0.281406] pci 0000:00:02.0: reg 0x10: [io  0xd010-0xd01f]
[    0.283497] pci 0000:00:02.0: reg 0x14: [mem 0xe0000000-0xe7ffffff pref]
[    0.287492] pci 0000:00:02.0: reg 0x18: [mem 0xf0000000-0xf01fffff]
[    0.299510] pci 0000:00:03.0: [1022:2000] type 00 class 0x020000
[    0.300248] pci 0000:00:03.0: reg 0x10: [io  0xd020-0xd03f]
[    0.300889] pci 0000:00:03.0: reg 0x14: [mem 0xf0200000-0xf0200fff]
[    0.304247] pci 0000:00:04.0: [80ee:cafe] type 00 class 0x088000
[    0.304920] pci 0000:00:04.0: reg 0x10: [io  0xd040-0xd05f]
[    0.305543] pci 0000:00:04.0: reg 0x14: [mem 0xf0400000-0xf07fffff]
[    0.306153] pci 0000:00:04.0: reg 0x18: [mem 0xf0800000-0xf0803fff pref]
[    0.309411] pci 0000:00:07.0: [8086:7113] type 00 class 0x068000
[    0.309959] pci 0000:00:07.0: quirk: [io  0x4000-0x403f] claimed by PIIX4 ACPI
[    0.309969] pci 0000:00:07.0: quirk: [io  0x4100-0x410f] claimed by PIIX4 SMB
[    0.310553] pci 0000:00:08.0: [1022:2000] type 00 class 0x020000
[    0.311221] pci 0000:00:08.0: reg 0x10: [io  0xd060-0xd07f]
[    0.311565] pci 0000:00:08.0: reg 0x14: [mem 0xf0804000-0xf0804fff]
[    0.315115] pci 0000:00:09.0: [8086:100e] type 00 class 0x020000
[    0.316086] pci 0000:00:09.0: reg 0x10: [mem 0xf0820000-0xf083ffff]
[    0.317252] pci 0000:00:09.0: reg 0x18: [io  0xd080-0xd087]
[    0.328398] ACPI: PCI Interrupt Link [LNKA] (IRQs 5 9 10 *11)
[    0.328678] ACPI: PCI Interrupt Link [LNKB] (IRQs 5 9 *10 11)
[    0.328782] ACPI: PCI Interrupt Link [LNKC] (IRQs 5 *9 10 11)
[    0.328882] ACPI: PCI Interrupt Link [LNKD] (IRQs 5 9 10 *11)
[    0.329149] iommu: Default domain type: Translated 
[    0.329211] pci 0000:00:02.0: vgaarb: setting as boot VGA device
[    0.329212] pci 0000:00:02.0: vgaarb: VGA device added: decodes=io+mem,owns=io+mem,locks=none
[    0.329214] pci 0000:00:02.0: vgaarb: bridge control possible
[    0.329215] vgaarb: loaded
[    0.329437] SCSI subsystem initialized
[    0.329469] libata version 3.00 loaded.
[    0.329493] ACPI: bus type USB registered
[    0.329509] usbcore: registered new interface driver usbfs
[    0.329514] usbcore: registered new interface driver hub
[    0.329520] usbcore: registered new device driver usb
[    0.329545] pps_core: LinuxPPS API ver. 1 registered
[    0.329546] pps_core: Software ver. 5.3.6 - Copyright 2005-2007 Rodolfo Giometti <giometti@linux.it>
[    0.329548] PTP clock support registered
[    0.329583] EDAC MC: Ver: 3.0.0
[    0.329872] PCI: Using ACPI for IRQ routing
[    0.329874] PCI: pci_cache_line_size set to 64 bytes
[    0.330042] e820: reserve RAM buffer [mem 0x0009fc00-0x0009ffff]
[    0.330046] e820: reserve RAM buffer [mem 0x7fff0000-0x7fffffff]
[    0.330830] NetLabel: Initializing
[    0.330831] NetLabel:  domain hash size = 128
[    0.330831] NetLabel:  protocols = UNLABELED CIPSOv4 CALIPSO
[    0.330851] NetLabel:  unlabeled traffic allowed by default
[    0.331678] clocksource: Switched to clocksource kvm-clock
[    0.343506] *** VALIDATE bpf ***
[    0.343506] VFS: Disk quotas dquot_6.6.0
[    0.343506] VFS: Dquot-cache hash table entries: 512 (order 0, 4096 bytes)
[    0.343506] *** VALIDATE ramfs ***
[    0.343506] *** VALIDATE hugetlbfs ***
[    0.343506] AppArmor: AppArmor Filesystem Enabled
[    0.343506] pnp: PnP ACPI init
[    0.343506] pnp 00:00: Plug and Play ACPI device, IDs PNP0303 (active)
[    0.346170] pnp 00:01: Plug and Play ACPI device, IDs PNP0f03 (active)
[    0.346930] pnp: PnP ACPI: found 2 devices
[    0.347958] thermal_sys: Registered thermal governor 'fair_share'
[    0.347959] thermal_sys: Registered thermal governor 'bang_bang'
[    0.347960] thermal_sys: Registered thermal governor 'step_wise'
[    0.347960] thermal_sys: Registered thermal governor 'user_space'
[    0.347961] thermal_sys: Registered thermal governor 'power_allocator'
[    0.352492] clocksource: acpi_pm: mask: 0xffffff max_cycles: 0xffffff, max_idle_ns: 2085701024 ns
[    0.352532] pci_bus 0000:00: resource 4 [io  0x0000-0x0cf7 window]
[    0.352533] pci_bus 0000:00: resource 5 [io  0x0d00-0xffff window]
[    0.352535] pci_bus 0000:00: resource 6 [mem 0x000a0000-0x000bffff window]
[    0.352536] pci_bus 0000:00: resource 7 [mem 0x80000000-0xfdffffff window]
[    0.352595] NET: Registered protocol family 2
[    0.352670] IP idents hash table entries: 32768 (order: 6, 262144 bytes, linear)
[    0.353091] MPTCP tokens hash table entries: 8192 (order: 4, 65536 bytes, linear)
[    0.353111] MPTCP request tokens hash table entries: 8192 (order: 4, 65536 bytes, linear)
[    0.353136] default registered
[    0.353137] default registered
[    0.353137] MPTCP: Stable release v0.96
[    0.353142] tcp_listen_portaddr_hash hash table entries: 1024 (order: 2, 16384 bytes, linear)
[    0.353222] TCP established hash table entries: 16384 (order: 5, 131072 bytes, linear)
[    0.353288] TCP bind hash table entries: 16384 (order: 6, 262144 bytes, linear)
[    0.353314] TCP: Hash tables configured (established 16384 bind 16384)
[    0.354028] UDP hash table entries: 1024 (order: 3, 32768 bytes, linear)
[    0.354039] UDP-Lite hash table entries: 1024 (order: 3, 32768 bytes, linear)
[    0.354073] NET: Registered protocol family 1
[    0.354081] NET: Registered protocol family 44
[    0.354103] pci 0000:00:00.0: Limiting direct PCI/PCI transfers
[    0.354115] pci 0000:00:01.0: Activating ISA DMA hang workarounds
[    0.354174] pci 0000:00:02.0: Video device with shadowed ROM at [mem 0x000c0000-0x000dffff]
[    0.354240] PCI: CLS 0 bytes, default 64
[    0.354288] Trying to unpack rootfs image as initramfs...
[    0.528070] Freeing initrd memory: 47868K
[    0.528070] clocksource: tsc: mask: 0xffffffffffffffff max_cycles: 0x1e4530a99b6, max_idle_ns: 440795257976 ns
[    0.528070] clocksource: Switched to clocksource tsc
[    0.528070] platform rtc_cmos: registered platform RTC device (no PNP device found)
[    0.528070] check: Scanning for low memory corruption every 60 seconds
[    0.528070] Initialise system trusted keyrings
[    0.528070] Key type blacklist registered
[    0.528070] workingset: timestamp_bits=36 max_order=19 bucket_order=0
[    0.528070] zbud: loaded
[    0.528070] squashfs: version 4.0 (2009/01/31) Phillip Lougher
[    0.528070] fuse: init (API version 7.31)
[    0.528070] *** VALIDATE fuse ***
[    0.528070] *** VALIDATE fuse ***
[    0.528070] Platform Keyring initialized
[    0.543259] Key type asymmetric registered
[    0.543261] Asymmetric key parser 'x509' registered
[    0.543271] Block layer SCSI generic (bsg) driver version 0.4 loaded (major 244)
[    0.543312] io scheduler mq-deadline registered
[    0.543436] shpchp: Standard Hot Plug PCI Controller Driver version: 0.4
[    0.543643] ACPI: AC Adapter [AC] (on-line)
[    0.543689] input: Power Button as /devices/LNXSYSTM:00/LNXPWRBN:00/input/input0
[    0.543718] ACPI: Power Button [PWRF]
[    0.543796] input: Sleep Button as /devices/LNXSYSTM:00/LNXSLPBN:00/input/input1
[    0.543812] ACPI: Sleep Button [SLPF]
[    0.544039] Serial: 8250/16550 driver, 32 ports, IRQ sharing enabled
[    0.545212] Linux agpgart interface v0.103
[    0.635155] loop: module loaded
[    0.635305] ata_piix 0000:00:01.1: version 2.13
[    0.635719] scsi host0: ata_piix
[    0.635811] scsi host1: ata_piix
[    0.635837] ata1: PATA max UDMA/33 cmd 0x1f0 ctl 0x3f6 bmdma 0xd000 irq 14
[    0.635838] ata2: PATA max UDMA/33 cmd 0x170 ctl 0x376 bmdma 0xd008 irq 15
[    0.635923] tun: Universal TUN/TAP device driver, 1.6
[    0.636239] PPP generic driver version 2.4.2
[    0.636281] VFIO - User Level meta-driver version: 0.3
[    0.636517] ehci_hcd: USB 2.0 'Enhanced' Host Controller (EHCI) Driver
[    0.636522] ehci-pci: EHCI PCI platform driver
[    0.636537] ehci-platform: EHCI generic platform driver
[    0.636542] ohci_hcd: USB 1.1 'Open' Host Controller (OHCI) Driver
[    0.636544] ohci-pci: OHCI PCI platform driver
[    0.636551] ohci-platform: OHCI generic platform driver
[    0.636556] uhci_hcd: USB Universal Host Controller Interface driver
[    0.636622] i8042: PNP: PS/2 Controller [PNP0303:PS2K,PNP0f03:PS2M] at 0x60,0x64 irq 1,12
[    0.637073] serio: i8042 KBD port at 0x60,0x64 irq 1
[    0.637077] serio: i8042 AUX port at 0x60,0x64 irq 12
[    0.637164] mousedev: PS/2 mouse device common for all mice
[    0.637424] input: AT Translated Set 2 keyboard as /devices/platform/i8042/serio0/input/input2
[    0.637826] rtc_cmos rtc_cmos: registered as rtc0
[    0.637839] rtc_cmos rtc_cmos: alarms up to one day, 114 bytes nvram
[    0.637844] i2c /dev entries driver
[    0.637891] device-mapper: uevent: version 1.0.3
[    0.637933] device-mapper: ioctl: 4.41.0-ioctl (2019-09-16) initialised: dm-devel@redhat.com
[    0.637950] platform eisa.0: Probing EISA bus 0
[    0.637951] platform eisa.0: EISA: Cannot allocate resource for mainboard
[    0.637952] platform eisa.0: Cannot allocate resource for EISA slot 1
[    0.637953] platform eisa.0: Cannot allocate resource for EISA slot 2
[    0.637954] platform eisa.0: Cannot allocate resource for EISA slot 3
[    0.637955] platform eisa.0: Cannot allocate resource for EISA slot 4
[    0.637956] platform eisa.0: Cannot allocate resource for EISA slot 5
[    0.637957] platform eisa.0: Cannot allocate resource for EISA slot 6
[    0.637958] platform eisa.0: Cannot allocate resource for EISA slot 7
[    0.637959] platform eisa.0: Cannot allocate resource for EISA slot 8
[    0.637960] platform eisa.0: EISA: Detected 0 cards
[    0.637963] intel_pstate: CPU model not supported
[    0.637972] ledtrig-cpu: registered to indicate activity on CPUs
[    0.638030] drop_monitor: Initializing network drop monitor service
[    0.638190] NET: Registered protocol family 10
[    0.643287] Segment Routing with IPv6
[    0.643287] fullmesh registered
[    0.643287] ndiffports registered
[    0.643287] binder registered
[    0.643287] roundrobin registered
[    0.643287] redundant registered
[    0.643287] blest registered
[    0.643287] ecf registered
[    0.643287] NET: Registered protocol family 17
[    0.643287] Key type dns_resolver registered
[    0.643287] RAS: Correctable Errors collector initialized.
[    0.643287] IPI shorthand broadcast: enabled
[    0.643287] sched_clock: Marking stable (628162430, 11125205)->(638848586, 439049)
[    0.643600] registered taskstats version 1
[    0.643610] Loading compiled-in X.509 certificates
[    0.644200] Loaded X.509 cert 'Build time autogenerated kernel key: 6909f3744cebb3d0de528d5887b96a727de79b1e'
[    0.644218] zswap: loaded using pool lzo/zbud
[    0.644274] Key type ._fscrypt registered
[    0.644275] Key type .fscrypt registered
[    0.648767] Key type big_key registered
[    0.650988] Key type encrypted registered
[    0.650991] AppArmor: AppArmor sha1 policy hashing enabled
[    0.650999] ima: No TPM chip found, activating TPM-bypass!
[    0.651003] ima: Allocated hash algorithm: sha1
[    0.651009] ima: No architecture policies found
[    0.651019] evm: Initialising EVM extended attributes:
[    0.651019] evm: security.selinux
[    0.651020] evm: security.SMACK64
[    0.651020] evm: security.SMACK64EXEC
[    0.651021] evm: security.SMACK64TRANSMUTE
[    0.651021] evm: security.SMACK64MMAP
[    0.651021] evm: security.apparmor
[    0.651022] evm: security.ima
[    0.651022] evm: security.capability
[    0.651023] evm: HMAC attrs: 0x1
[    0.651327] PM:   Magic number: 10:614:371
[    0.651463] rtc_cmos rtc_cmos: setting system clock to 2026-01-13T08:21:44 UTC (1768292504)
[    0.808145] ata1.00: ATA-6: VBOX HARDDISK, 1.0, max UDMA/133
[    0.808148] ata1.00: 209715200 sectors, multi 128: LBA 
[    0.808792] scsi 0:0:0:0: Direct-Access     ATA      VBOX HARDDISK    1.0  PQ: 0 ANSI: 5
[    0.809094] sd 0:0:0:0: [sda] 209715200 512-byte logical blocks: (107 GB/100 GiB)
[    0.809106] sd 0:0:0:0: [sda] Write Protect is off
[    0.809109] sd 0:0:0:0: [sda] Mode Sense: 00 3a 00 00
[    0.809128] sd 0:0:0:0: [sda] Write cache: enabled, read cache: enabled, doesn't support DPO or FUA
[    0.809439] sd 0:0:0:0: Attached scsi generic sg0 type 0
[    0.810553]  sda: sda1 sda2
[    0.819442] sd 0:0:0:0: [sda] Attached SCSI disk
[    0.824152] Freeing unused decrypted memory: 2040K
[    0.825419] Freeing unused kernel image memory: 2728K
[    0.825423] Write protecting the kernel read-only data: 22528k
[    0.826778] Freeing unused kernel image memory: 2036K
[    0.827507] Freeing unused kernel image memory: 1432K
[    0.861660] x86/mm: Checked W+X mappings: passed, no W+X pages found.
[    0.861665] Run /init as init process
[    0.963458] ACPI: Video Device [GFX0] (multi-head: yes  rom: no  post: no)
[    0.963532] input: Video Bus as /devices/LNXSYSTM:00/LNXSYBUS:00/PNP0A03:00/LNXVIDEO:00/input/input4
[    0.976798] pcnet32: pcnet32.c:v1.35 21.Apr.2008 tsbogend@alpha.franken.de
[    0.978483] piix4_smbus 0000:00:07.0: SMBus Host Controller at 0x4100, revision 0
[    0.982143] e1000: Intel(R) PRO/1000 Network Driver - version 7.3.21-k8-NAPI
[    0.982144] e1000: Copyright (c) 1999-2006 Intel Corporation.
[    0.990836] pcnet32: PCnet/FAST III 79C973 at 0xd020, 08:00:27:53:9b:23 assigned IRQ 19
[    0.990882] pcnet32: Found PHY 0022:561b at address 0
[    0.991182] pcnet32: eth0: registered as PCnet/FAST III 79C973
[    0.998488] pcnet32: PCnet/FAST III 79C973 at 0xd060, 08:00:27:8b:0d:a9 assigned IRQ 16
[    0.998532] pcnet32: Found PHY 0022:561b at address 0
[    0.998838] pcnet32: eth1: registered as PCnet/FAST III 79C973
[    1.007498] pcnet32: 2 cards_found
[    1.052158] pcnet32 0000:00:03.0 enp0s3: renamed from eth0
[    1.058505] pcnet32 0000:00:08.0 enp0s8: renamed from eth1
[    1.194146] input: ImExPS/2 Generic Explorer Mouse as /devices/platform/i8042/serio1/input/input5
[    1.391425] e1000 0000:00:09.0 eth0: (PCI:33MHz:32-bit) 08:00:27:6c:05:e9
[    1.391429] e1000 0000:00:09.0 eth0: Intel(R) PRO/1000 Network Connection
[    1.392544] e1000 0000:00:09.0 enp0s9: renamed from eth0
[    1.542411] EXT4-fs (sda2): mounted filesystem with ordered data mode. Opts: (null)
[    1.636961] systemd[1]: Inserted module 'autofs4'
[    1.649405] systemd[1]: systemd 245.4-4ubuntu3 running in system mode. (+PAM +AUDIT +SELINUX +IMA +APPARMOR +SMACK +SYSVINIT +UTMP +LIBCRYPTSETUP +GCRYPT +GNUTLS +ACL +XZ +LZ4 +SECCOMP +BLKID +ELFUTILS +KMOD +IDN2 -IDN +PCRE2 default-hierarchy=hybrid)
[    1.649436] systemd[1]: Detected virtualization oracle.
[    1.649439] systemd[1]: Detected architecture x86-64.
[    1.650733] systemd[1]: Set hostname to <ztg>.
[    1.778999] systemd[1]: /lib/systemd/system/dbus.socket:5: ListenStream= references a path below legacy directory /var/run/, updating /var/run/dbus/system_bus_socket â†’ /run/dbus/system_bus_socket; please update the unit file accordingly.
[    1.833071] systemd[1]: Created slice system-modprobe.slice.
[    1.833257] systemd[1]: Created slice User and Session Slice.
[    1.833299] systemd[1]: Started Forward Password Requests to Wall Directory Watch.
[    1.833451] systemd[1]: Set up automount Arbitrary Executable File Formats File System Automount Point.
[    1.833484] systemd[1]: Reached target User and Group Name Lookups.
[    1.833492] systemd[1]: Reached target Remote File Systems.
[    1.833501] systemd[1]: Reached target Slices.
[    1.834090] systemd[1]: Listening on Syslog Socket.
[    1.834157] systemd[1]: Listening on fsck to fsckd communication Socket.
[    1.834194] systemd[1]: Listening on initctl Compatibility Named Pipe.
[    1.834331] systemd[1]: Listening on Journal Audit Socket.
[    1.834384] systemd[1]: Listening on Journal Socket (/dev/log).
[    1.834450] systemd[1]: Listening on Journal Socket.
[    1.834514] systemd[1]: Listening on udev Control Socket.
[    1.834552] systemd[1]: Listening on udev Kernel Socket.
[    1.835307] systemd[1]: Mounting Huge Pages File System...
[    1.836231] systemd[1]: Mounting POSIX Message Queue File System...
[    1.837116] systemd[1]: Mounting Kernel Debug File System...
[    1.837957] systemd[1]: Mounting Kernel Trace File System...
[    1.839850] systemd[1]: Starting Journal Service...
[    1.861312] systemd[1]: Starting Set the console keyboard layout...
[    1.869307] systemd[1]: Starting Create list of static device nodes for the current kernel...
[    1.871101] systemd[1]: Starting Load Kernel Module drm...
[    1.872497] systemd[1]: Condition check resulted in Set Up Additional Binary Formats being skipped.
[    1.872537] systemd[1]: Condition check resulted in File System Check on Root Device being skipped.
[    1.885922] systemd[1]: Starting Load Kernel Modules...
[    1.886700] systemd[1]: Starting Remount Root and Kernel File Systems...
[    1.887440] systemd[1]: Starting udev Coldplug all Devices...
[    1.888175] systemd[1]: Starting Uncomplicated firewall...
[    1.889633] systemd[1]: Mounted Huge Pages File System.
[    1.889728] systemd[1]: Mounted POSIX Message Queue File System.
[    1.889800] systemd[1]: Mounted Kernel Debug File System.
[    1.889873] systemd[1]: Mounted Kernel Trace File System.
[    1.937958] systemd[1]: Finished Create list of static device nodes for the current kernel.
[    1.938287] systemd[1]: modprobe@drm.service: Succeeded.
[    1.944032] systemd[1]: Finished Load Kernel Module drm.
[    1.944634] systemd[1]: Finished Uncomplicated firewall.
[    1.945825] EXT4-fs (sda2): re-mounted. Opts: errors=remount-ro
[    1.949448] systemd[1]: Finished Remount Root and Kernel File Systems.
[    1.950058] systemd[1]: Condition check resulted in Rebuild Hardware Database being skipped.
[    1.950113] systemd[1]: Condition check resulted in Platform Persistent Storage Archival being skipped.
[    1.952487] systemd[1]: Starting Load/Save Random Seed...
[    1.963877] systemd[1]: Starting Create System Users...
[    1.988523] systemd[1]: Finished Load/Save Random Seed.
[    1.990013] lp: driver loaded but no devices found
[    1.993615] systemd[1]: Finished Create System Users.
[    1.994351] systemd[1]: Starting Create Static Device Nodes in /dev...
[    2.002205] ppdev: user-space parallel port driver
[    2.033133] systemd[1]: Finished Create Static Device Nodes in /dev.
[    2.033950] systemd[1]: Starting udev Kernel Device Manager...
[    2.071490] systemd[1]: Finished udev Coldplug all Devices.
[    2.076771] [drm] DMA map mode: Caching DMA mappings.
[    2.076834] [drm] Capabilities:
[    2.076834] [drm]   Rect copy.
[    2.076835] [drm]   Cursor.
[    2.076835] [drm]   Cursor bypass.
[    2.076835] [drm]   Cursor bypass 2.
[    2.076836] [drm]   Alpha cursor.
[    2.076836] [drm]   Extended Fifo.
[    2.076837] [drm]   Pitchlock.
[    2.076837] [drm]   Irq mask.
[    2.076837] [drm]   GMR.
[    2.076838] [drm]   Traces.
[    2.076838] [drm]   GMR2.
[    2.076838] [drm]   Screen Object 2.
[    2.076839] [drm]   Command Buffers.
[    2.076839] [drm]   Command Buffers 2.
[    2.076840] [drm]   Guest Backed Resources.
[    2.076844] [drm] Max GMR ids is 8192
[    2.076873] [drm] Max number of GMR pages is 1048576
[    2.076874] [drm] Max dedicated hypervisor surface memory is 393216 kiB
[    2.076874] [drm] Maximum display memory size is 131072 kiB
[    2.076875] [drm] VRAM at 0xe0000000 size is 131072 kiB
[    2.076875] [drm] MMIO at 0xf0000000 size is 2048 kiB
[    2.078833] [TTM] Zone  kernel: Available graphics memory: 1011738 KiB
[    2.078833] [TTM] Initializing pool allocator
[    2.078839] [TTM] Initializing DMA pool allocator
[    2.078894] [drm] Supports vblank timestamp caching Rev 2 (21.10.2013).
[    2.078894] [drm] No driver support for vblank timestamp query.
[    2.079111] [drm] Screen Target Display device initialized
[    2.081979] [drm] width 720
[    2.081990] [drm] height 400
[    2.081994] [drm] bpp 32
[    2.082539] [drm] Fifo max 0x00200000 min 0x00001000 cap 0x00000355
[    2.083749] [drm] Using command buffers with DMA pool.
[    2.083752] [drm] DX: no.
[    2.083753] [drm] Atomic: yes.
[    2.083753] [drm] SM4_1: no.
[    2.083772] [drm:vmw_host_log [vmwgfx]] *ERROR* Failed to send host log message.
[    2.084703] [drm:vmw_host_log [vmwgfx]] *ERROR* Failed to send host log message.
[    2.117577] fbcon: svgadrmfb (fb0) is primary device
[    2.121569] Console: switching to colour frame buffer device 100x37
[    2.127780] [drm] Initialized vmwgfx 2.15.0 20180704 for 0000:00:02.0 on minor 0
[    2.128902] systemd[1]: Finished Load Kernel Modules.
[    2.129911] systemd[1]: Mounting FUSE Control File System...
[    2.131439] systemd[1]: Mounting Kernel Configuration File System...
[    2.162849] systemd[1]: Starting Apply Kernel Variables...
[    2.170036] systemd[1]: Finished Set the console keyboard layout.
[    2.170771] systemd[1]: Mounted FUSE Control File System.
[    2.170854] systemd[1]: Reached target Local File Systems (Pre).
[    2.170874] systemd[1]: Condition check resulted in VMware vmblock fuse mount being skipped.
[    2.177436] systemd[1]: Mounting Mount unit for bare, revision 5...
[    2.187231] systemd[1]: Mounting Mount unit for core18, revision 1705...
[    2.190099] systemd[1]: Mounting Mount unit for gnome-3-34-1804, revision 24...
[    2.218251] systemd[1]: Mounting Mount unit for gtk-common-themes, revision 1506...
[    2.223927] systemd[1]: Mounting Mount unit for gtk-common-themes, revision 1535...
[    2.227523] systemd[1]: Mounting Mount unit for snap-store, revision 433...
[    2.242684] systemd[1]: Mounting Mount unit for snapd, revision 7264...
[    2.247724] systemd[1]: Mounted Kernel Configuration File System.
[    2.256699] systemd[1]: Finished Apply Kernel Variables.
[    2.257746] systemd[1]: Mounted Mount unit for bare, revision 5.
[    2.257841] systemd[1]: Mounted Mount unit for core18, revision 1705.
[    2.257927] systemd[1]: Mounted Mount unit for gnome-3-34-1804, revision 24.
[    2.264833] systemd[1]: Started udev Kernel Device Manager.
[    2.267391] systemd[1]: Starting Show Plymouth Boot Screen...
[    2.271774] systemd[1]: Received SIGRTMIN+20 from PID 276 (plymouthd).
[    2.291183] systemd[1]: Started Show Plymouth Boot Screen.
[    2.291355] systemd[1]: Condition check resulted in Dispatch Password Requests to Console Directory Watch being skipped.
[    2.291447] systemd[1]: Started Forward Password Requests to Plymouth Directory Watch.
[    2.291510] systemd[1]: Reached target Local Encrypted Volumes.
[    2.354218] systemd[1]: Mounted Mount unit for gtk-common-themes, revision 1535.
[    2.354535] systemd[1]: Mounted Mount unit for snap-store, revision 433.
[    2.387061] systemd[1]: Mounted Mount unit for gtk-common-themes, revision 1506.
[    2.387327] systemd[1]: Mounted Mount unit for snapd, revision 7264.
[    2.387502] systemd[1]: Reached target Local File Systems.
[    2.389845] systemd[1]: Starting Load AppArmor profiles...
[    2.395339] systemd[1]: Starting Set console font and keymap...
[    2.404536] systemd[1]: Starting Tell Plymouth To Write Out Runtime Data...
[    2.409289] systemd[1]: Condition check resulted in Store a System Token in an EFI Variable being skipped.
[    2.409321] systemd[1]: Condition check resulted in Commit a transient machine-id on disk being skipped.
[    2.410261] systemd[1]: Finished Set console font and keymap.
[    2.416212] systemd[1]: Received SIGRTMIN+20 from PID 276 (plymouthd).
[    2.417687] systemd[1]: plymouth-read-write.service: Succeeded.
[    2.417940] systemd[1]: Finished Tell Plymouth To Write Out Runtime Data.
[    2.448472] audit: type=1400 audit(1768292506.292:2): apparmor="STATUS" operation="profile_load" profile="unconfined" name="nvidia_modprobe" pid=301 comm="apparmor_parser"
[    2.448474] audit: type=1400 audit(1768292506.292:3): apparmor="STATUS" operation="profile_load" profile="unconfined" name="nvidia_modprobe//kmod" pid=301 comm="apparmor_parser"
[    2.461805] audit: type=1400 audit(1768292506.304:4): apparmor="STATUS" operation="profile_load" profile="unconfined" name="/usr/sbin/tcpdump" pid=302 comm="apparmor_parser"
[    2.508676] audit: type=1400 audit(1768292506.344:5): apparmor="STATUS" operation="profile_load" profile="unconfined" name="/usr/bin/evince" pid=304 comm="apparmor_parser"
[    2.508678] audit: type=1400 audit(1768292506.344:6): apparmor="STATUS" operation="profile_load" profile="unconfined" name="/usr/bin/evince//sanitized_helper" pid=304 comm="apparmor_parser"
[    2.508681] audit: type=1400 audit(1768292506.344:7): apparmor="STATUS" operation="profile_load" profile="unconfined" name="/usr/bin/evince-previewer" pid=304 comm="apparmor_parser"
[    2.508683] audit: type=1400 audit(1768292506.344:8): apparmor="STATUS" operation="profile_load" profile="unconfined" name="/usr/bin/evince-previewer//sanitized_helper" pid=304 comm="apparmor_parser"
[    2.508684] audit: type=1400 audit(1768292506.344:9): apparmor="STATUS" operation="profile_load" profile="unconfined" name="/usr/bin/evince-thumbnailer" pid=304 comm="apparmor_parser"
[    2.523450] audit: type=1400 audit(1768292506.364:10): apparmor="STATUS" operation="profile_load" profile="unconfined" name="/usr/lib/cups/backend/cups-pdf" pid=305 comm="apparmor_parser"
[    2.623401] systemd[1]: Finished Load AppArmor profiles.
[    2.624428] systemd[1]: Starting Load AppArmor profiles managed internally by snapd...
[    2.690679] systemd[1]: Finished Load AppArmor profiles managed internally by snapd.
[    2.833600] systemd[1]: Started Journal Service.
[    2.844487] systemd-journald[229]: Received client request to flush runtime journal.
[    2.848855] systemd-journald[229]: File /var/log/journal/c455b248004a419c87ce85eea238d727/system.journal corrupted or uncleanly shut down, renaming and replacing.
[    4.153495] RAPL PMU: API unit is 2^-32 Joules, 0 fixed counters, 10737418240 ms ovfl timer
[    4.240435] cryptd: max_cpu_qlen set to 1000
[    4.287290] AVX2 version of gcm_enc/dec engaged.
[    4.287291] AES CTR mode by8 optimization enabled
[    5.085316] Adding 1998844k swap on /dev/sda1.  Priority:-2 extents:1 across:1998844k FS
[    5.923206] kauditd_printk_skb: 30 callbacks suppressed
[    5.923207] audit: type=1400 audit(1768292509.764:41): apparmor="DENIED" operation="capable" profile="/usr/sbin/cups-browsed" pid=497 comm="cups-browsed" capability=23  capname="sys_nice"
[    7.176305] pcnet32 0000:00:03.0 enp0s3: link up, 100Mbps, full-duplex
[    7.190903] pcnet32 0000:00:08.0 enp0s8: link up, 100Mbps, full-duplex
[    7.221529] e1000: enp0s9 NIC Link is Up 1000 Mbps Full Duplex, Flow Control: RX
[    7.221819] IPv6: ADDRCONF(NETDEV_CHANGE): enp0s9: link becomes ready
[    7.700469] device enp0s3 entered promiscuous mode
[    7.702017] device enp0s8 entered promiscuous mode
[    7.764109] audit: type=1400 audit(1768292511.612:42): apparmor="DENIED" operation="open" profile="/usr/sbin/tcpdump" name="/proc/sys/kernel/random/boot_id" pid=632 comm="tcpdump" requested_mask="r" denied_mask="r" fsuid=0 ouid=0
[    7.764343] audit: type=1400 audit(1768292511.612:43): apparmor="DENIED" operation="open" profile="/usr/sbin/tcpdump" name="/proc/sys/kernel/random/boot_id" pid=632 comm="tcpdump" requested_mask="r" denied_mask="r" fsuid=0 ouid=0
[    7.764399] audit: type=1400 audit(1768292511.612:44): apparmor="DENIED" operation="open" profile="/usr/sbin/tcpdump" name="/proc/sys/kernel/random/boot_id" pid=632 comm="tcpdump" requested_mask="r" denied_mask="r" fsuid=0 ouid=0
[    7.764462] audit: type=1400 audit(1768292511.612:45): apparmor="DENIED" operation="open" profile="/usr/sbin/tcpdump" name="/proc/sys/kernel/random/boot_id" pid=632 comm="tcpdump" requested_mask="r" denied_mask="r" fsuid=0 ouid=0
[    7.766585] audit: type=1400 audit(1768292511.612:46): apparmor="DENIED" operation="open" profile="/usr/sbin/tcpdump" name="/proc/sys/kernel/random/boot_id" pid=633 comm="tcpdump" requested_mask="r" denied_mask="r" fsuid=0 ouid=0
[    7.769225] audit: type=1400 audit(1768292511.616:47): apparmor="DENIED" operation="open" profile="/usr/sbin/tcpdump" name="/proc/sys/kernel/random/boot_id" pid=633 comm="tcpdump" requested_mask="r" denied_mask="r" fsuid=0 ouid=0
[    7.769315] audit: type=1400 audit(1768292511.616:48): apparmor="DENIED" operation="open" profile="/usr/sbin/tcpdump" name="/proc/sys/kernel/random/boot_id" pid=633 comm="tcpdump" requested_mask="r" denied_mask="r" fsuid=0 ouid=0
[    7.769795] audit: type=1400 audit(1768292511.616:49): apparmor="DENIED" operation="open" profile="/usr/sbin/tcpdump" name="/proc/sys/kernel/random/boot_id" pid=633 comm="tcpdump" requested_mask="r" denied_mask="r" fsuid=0 ouid=0
[    7.770189] audit: type=1400 audit(1768292511.616:50): apparmor="DENIED" operation="open" profile="/usr/sbin/tcpdump" name="/proc/sys/kernel/random/boot_id" pid=634 comm="tcpdump" requested_mask="r" denied_mask="r" fsuid=0 ouid=0
[   12.375709] rfkill: input handler disabled
[  345.022218] AAAAA-TCP_FORW: name:enp0s3: saddr:16783984: daddr:100932208
[  345.262463] AAAAA-TCP_FORW: name:enp0s3: saddr:33561200: daddr:100932208
[  345.422230] AAAAA-TCP_FORW: name:enp0s3: saddr:16783984: daddr:100932208
[  346.275400] AAAAA-TCP_FORW: name:enp0s3: saddr:33561200: daddr:100932208
[  352.325983] AAAAA-TCP_FORW: name:enp0s3: saddr:33561200: daddr:100932208
[  352.519043] AAAAA-TCP_FORW: name:enp0s3: saddr:33561200: daddr:100932208
[  352.585071] AAAAA-TCP_FORW: name:enp0s3: saddr:16783984: daddr:100932208
[  352.817916] AAAAA-TCP_FORW: name:enp0s3: saddr:33561200: daddr:100932208
[  352.978819] AAAAA-TCP_FORW: name:enp0s3: saddr:16783984: daddr:100932208
[  353.274534] AAAAA-TCP_FORW: name:enp0s3: saddr:16783984: daddr:100932208
[  353.301912] AAAAA-TCP_FORW: name:enp0s3: saddr:33561200: daddr:100932208
[  353.304537] AAAAA-TCP_FORW: name:enp0s3: saddr:16783984: daddr:100932208
[  353.434182] AAAAA-TCP_FORW: name:enp0s3: saddr:16783984: daddr:100932208
[  353.656402] AAAAA-TCP_FORW: name:enp0s3: saddr:16783984: daddr:100932208
[  353.979461] AAAAA-TCP_FORW: name:enp0s3: saddr:33561200: daddr:100932208
[  354.143832] AAAAA-TCP_FORW: name:enp0s3: saddr:33561200: daddr:100932208
[  354.281804] AAAAA-TCP_FORW: name:enp0s3: saddr:16783984: daddr:100932208
[  354.410385] AAAAA-TCP_FORW: name:enp0s3: saddr:33561200: daddr:100932208
[  354.816988] AAAAA-TCP_FORW: name:enp0s3: saddr:33561200: daddr:100932208
[  380.123872] AAAAA-TCP_FORW: name:enp0s3: saddr:33561200: daddr:100932208
[  380.318720] AAAAA-TCP_FORW: name:enp0s3: saddr:16783984: daddr:100932208
[  380.401621] AAAAA-TCP_FORW: name:enp0s3: saddr:16783984: daddr:100932208
[  380.485972] AAAAA-TCP_FORW: name:enp0s3: saddr:33561200: daddr:100932208
[  380.589274] AAAAA-TCP_FORW: name:enp0s3: saddr:33561200: daddr:100932208
[  380.592534] AAAAA-TCP_FORW: name:enp0s3: saddr:33561200: daddr:100932208
[  380.672658] AAAAA-TCP_FORW: name:enp0s3: saddr:16783984: daddr:100932208
[  380.715097] AAAAA-TCP_FORW: name:enp0s3: saddr:16783984: daddr:100932208
[  380.799772] AAAAA-TCP_FORW: name:enp0s3: saddr:33561200: daddr:100932208
[  380.863599] AAAAA-TCP_FORW: name:enp0s3: saddr:16783984: daddr:100932208
[  380.876734] AAAAA-TCP_FORW: name:enp0s3: saddr:16783984: daddr:100932208
[  381.016221] AAAAA-TCP_FORW: name:enp0s3: saddr:33561200: daddr:100932208
[  381.033417] AAAAA-TCP_FORW: name:enp0s3: saddr:33561200: daddr:100932208
[  381.191960] AAAAA-TCP_FORW: name:enp0s3: saddr:16783984: daddr:100932208
[  381.222723] AAAAA-TCP_FORW: name:enp0s3: saddr:16783984: daddr:100932208
[  381.302275] AAAAA-TCP_FORW: name:enp0s3: saddr:33561200: daddr:100932208
[  381.424021] AAAAA-TCP_FORW: name:enp0s3: saddr:33561200: daddr:100932208
[  381.472267] AAAAA-TCP_FORW: name:enp0s3: saddr:33561200: daddr:100932208
[  381.707026] AAAAA-TCP_FORW: name:enp0s3: saddr:16783984: daddr:100932208
[  381.865269] AAAAA-TCP_FORW: name:enp0s3: saddr:16783984: daddr:100932208
[  381.865707] AAAAA-TCP_FORW: name:enp0s3: saddr:33561200: daddr:100932208
[  381.865801] AAAAA-TCP_FORW: name:enp0s3: saddr:16783984: daddr:100932208
[  381.922241] AAAAA-TCP_FORW: name:enp0s3: saddr:16783984: daddr:100932208
[  381.922346] AAAAA-TCP_FORW: name:enp0s3: saddr:33561200: daddr:100932208
[  382.577501] AAAAA-TCP_FORW: name:enp0s3: saddr:16783984: daddr:100932208
[  382.758307] AAAAA-TCP_FORW: name:enp0s3: saddr:16783984: daddr:100932208
[  382.789054] AAAAA-TCP_FORW: name:enp0s3: saddr:16783984: daddr:100932208
[  382.933968] AAAAA-TCP_FORW: name:enp0s3: saddr:33561200: daddr:100932208
[  383.062101] AAAAA-TCP_FORW: name:enp0s3: saddr:16783984: daddr:100932208
[  383.236442] AAAAA-TCP_FORW: name:enp0s3: saddr:16783984: daddr:100932208
[  383.569386] AAAAA-TCP_FORW: name:enp0s3: saddr:16783984: daddr:100932208
[  383.726270] AAAAA-TCP_FORW: name:enp0s3: saddr:16783984: daddr:100932208
[  383.869067] AAAAA-TCP_FORW: name:enp0s3: saddr:16783984: daddr:100932208
[  384.274000] AAAAA-TCP_FORW: name:enp0s8: saddr:100932208: daddr:16783984
[  384.275090] AAAAA-TCP_FORW: name:enp0s3: saddr:16783984: daddr:100932208
[  384.566088] AAAAA-TCP_FORW: name:enp0s3: saddr:16783984: daddr:100932208
[  384.749075] AAAAA-TCP_FORW: name:enp0s8: saddr:100932208: daddr:33561200
[  384.949933] AAAAA-TCP_FORW: name:enp0s3: saddr:33561200: daddr:100932208
[  385.095309] AAAAA-TCP_FORW: name:enp0s3: saddr:16783984: daddr:100932208
[  385.277591] AAAAA-TCP_FORW: name:enp0s8: saddr:100932208: daddr:33561200
[  385.798796] AAAAA-TCP_FORW: name:enp0s8: saddr:100932208: daddr:33561200
[  386.315873] AAAAA-TCP_FORW: name:enp0s8: saddr:100932208: daddr:33561200
[  386.371405] AAAAA-TCP_FORW: name:enp0s8: saddr:100932208: daddr:33561200
[  386.516914] AAAAA-TCP_FORW: name:enp0s8: saddr:100932208: daddr:16783984
[  386.723307] AAAAA-TCP_FORW: name:enp0s8: saddr:100932208: daddr:16783984
[  386.964033] AAAAA-TCP_FORW: name:enp0s8: saddr:100932208: daddr:33561200
[  387.135625] AAAAA-TCP_FORW: name:enp0s8: saddr:100932208: daddr:33561200
[  387.242622] AAAAA-TCP_FORW: name:enp0s8: saddr:100932208: daddr:16783984
[  387.336479] AAAAA-TCP_FORW: name:enp0s8: saddr:100932208: daddr:16783984
[  387.369294] AAAAA-TCP_FORW: name:enp0s8: saddr:100932208: daddr:16783984
[  387.446738] AAAAA-TCP_FORW: name:enp0s8: saddr:100932208: daddr:16783984
[  387.495685] AAAAA-TCP_FORW: name:enp0s8: saddr:100932208: daddr:16783984
[  387.519448] AAAAA-TCP_FORW: name:enp0s8: saddr:100932208: daddr:33561200
[  387.587020] AAAAA-TCP_FORW: name:enp0s8: saddr:100932208: daddr:16783984
[  387.852230] AAAAA-TCP_FORW: name:enp0s8: saddr:100932208: daddr:33561200
[  387.880302] AAAAA-TCP_FORW: name:enp0s8: saddr:100932208: daddr:16783984
[  387.900311] AAAAA-TCP_FORW: name:enp0s8: saddr:100932208: daddr:16783984
[  388.076245] AAAAA-TCP_FORW: name:enp0s8: saddr:100932208: daddr:33561200
[  388.087324] AAAAA-TCP_FORW: name:enp0s8: saddr:100932208: daddr:16783984
[  388.162351] AAAAA-TCP_FORW: name:enp0s8: saddr:100932208: daddr:33561200
[  388.173146] AAAAA-TCP_FORW: name:enp0s8: saddr:100932208: daddr:33561200
[  388.238591] AAAAA-TCP_FORW: name:enp0s8: saddr:100932208: daddr:33561200
[  388.270714] AAAAA-TCP_FORW: name:enp0s8: saddr:100932208: daddr:16783984
[  388.274394] AAAAA-TCP_FORW: name:enp0s8: saddr:100932208: daddr:33561200
[  388.455094] AAAAA-TCP_FORW: name:enp0s8: saddr:100932208: daddr:33561200
[  388.716092] AAAAA-TCP_FORW: name:enp0s8: saddr:100932208: daddr:33561200
[  388.782233] AAAAA-TCP_FORW: name:enp0s8: saddr:100932208: daddr:33561200
[  388.905050] AAAAA-TCP_FORW: name:enp0s8: saddr:100932208: daddr:33561200
[  388.973593] AAAAA-TCP_FORW: name:enp0s8: saddr:100932208: daddr:16783984
[  389.069142] AAAAA-TCP_FORW: name:enp0s8: saddr:100932208: daddr:16783984
[  389.283126] AAAAA-TCP_FORW: name:enp0s8: saddr:100932208: daddr:16783984
[  389.436297] AAAAA-TCP_FORW: name:enp0s8: saddr:100932208: daddr:16783984
[  389.510005] AAAAA-TCP_FORW: name:enp0s8: saddr:100932208: daddr:16783984
[  389.603114] AAAAA-TCP_FORW: name:enp0s8: saddr:100932208: daddr:16783984
[  389.758024] AAAAA-TCP_FORW: name:enp0s8: saddr:100932208: daddr:33561200
[  390.075441] AAAAA-TCP_FORW: name:enp0s8: saddr:100932208: daddr:16783984
[  390.129000] AAAAA-TCP_FORW: name:enp0s8: saddr:100932208: daddr:16783984
[  390.323421] AAAAA-TCP_FORW: name:enp0s8: saddr:100932208: daddr:33561200
[  391.118008] AAAAA-TCP_FORW: name:enp0s8: saddr:100932208: daddr:33561200
[  483.998613] rfkill: input handler enabled
[  492.438159] rfkill: input handler disabled
[  671.957463] device enp0s3 left promiscuous mode
[  671.959983] device enp0s8 left promiscuous mode
