[    0.000000] Linux version 5.4.243-mptcp (root@ztg) (gcc version 12.2.0 (Debian 12.2.0-14+deb12u1)) #53 SMP Wed Dec 24 23:28:15 CST 2025
[    0.000000] Command line: BOOT_IMAGE=/boot/vmlinuz-5.4.243-mptcp root=UUID=98415a12-53b7-4144-8265-0f7ece09e445 ro quiet splash
[    0.000000] KERNEL supported cpus:
[    0.000000]   Intel GenuineIntel
[    0.000000]   AMD AuthenticAMD
[    0.000000]   Hygon HygonGenuine
[    0.000000]   Centaur CentaurHauls
[    0.000000]   zhaoxin   Shanghai  
[    0.000000] x86/fpu: Supporting XSAVE feature 0x001: 'x87 floating point registers'
[    0.000000] x86/fpu: Supporting XSAVE feature 0x002: 'SSE registers'
[    0.000000] x86/fpu: Supporting XSAVE feature 0x004: 'AVX registers'
[    0.000000] x86/fpu: xstate_offset[2]:  576, xstate_sizes[2]:  256
[    0.000000] x86/fpu: Enabled xstate features 0x7, context size is 832 bytes, using 'standard' format.
[    0.000000] BIOS-provided physical RAM map:
[    0.000000] BIOS-e820: [mem 0x0000000000000000-0x000000000009fbff] usable
[    0.000000] BIOS-e820: [mem 0x000000000009fc00-0x000000000009ffff] reserved
[    0.000000] BIOS-e820: [mem 0x00000000000f0000-0x00000000000fffff] reserved
[    0.000000] BIOS-e820: [mem 0x0000000000100000-0x000000007ffeffff] usable
[    0.000000] BIOS-e820: [mem 0x000000007fff0000-0x000000007fffffff] ACPI data
[    0.000000] BIOS-e820: [mem 0x00000000fec00000-0x00000000fec00fff] reserved
[    0.000000] BIOS-e820: [mem 0x00000000fee00000-0x00000000fee00fff] reserved
[    0.000000] BIOS-e820: [mem 0x00000000fffc0000-0x00000000ffffffff] reserved
[    0.000000] NX (Execute Disable) protection: active
[    0.000000] SMBIOS 2.5 present.
[    0.000000] DMI: innotek GmbH VirtualBox/VirtualBox, BIOS VirtualBox 12/01/2006
[    0.000000] Hypervisor detected: KVM
[    0.000000] kvm-clock: Using msrs 4b564d01 and 4b564d00
[    0.000000] kvm-clock: cpu 0, msr 67201001, primary cpu clock
[    0.000000] kvm-clock: using sched offset of 4455297254 cycles
[    0.000003] clocksource: kvm-clock: mask: 0xffffffffffffffff max_cycles: 0x1cd42e4dffb, max_idle_ns: 881590591483 ns
[    0.000005] tsc: Detected 2100.000 MHz processor
[    0.001876] e820: update [mem 0x00000000-0x00000fff] usable ==> reserved
[    0.001878] e820: remove [mem 0x000a0000-0x000fffff] usable
[    0.001883] last_pfn = 0x7fff0 max_arch_pfn = 0x400000000
[    0.001950] MTRR default type: uncachable
[    0.001951] MTRR fixed ranges enabled:
[    0.001952]   00000-9FFFF write-back
[    0.001953]   A0000-BFFFF uncachable
[    0.001954]   C0000-FFFFF write-protect
[    0.001955] MTRR variable ranges enabled:
[    0.001956]   0 base 000000000000 mask 3FFF80000000 write-back
[    0.001957]   1 disabled
[    0.001957]   2 disabled
[    0.001958]   3 disabled
[    0.001958]   4 disabled
[    0.001958]   5 disabled
[    0.001959]   6 disabled
[    0.001959]   7 disabled
[    0.001960]   8 disabled
[    0.001960]   9 disabled
[    0.001960]   10 disabled
[    0.001961]   11 disabled
[    0.001961]   12 disabled
[    0.001962]   13 disabled
[    0.001962]   14 disabled
[    0.001963]   15 disabled
[    0.001980] x86/PAT: Configuration [0-7]: WB  WC  UC- UC  WB  WP  UC- WT  
[    0.002115] found SMP MP-table at [mem 0x0009fff0-0x0009ffff]
[    0.091524] check: Scanning 1 areas for low memory corruption
[    0.091679] RAMDISK: [mem 0x32271000-0x3512ffff]
[    0.091687] ACPI: Early table checksum verification disabled
[    0.091693] ACPI: RSDP 0x00000000000E0000 000024 (v02 VBOX  )
[    0.091698] ACPI: XSDT 0x000000007FFF0030 00003C (v01 VBOX   VBOXXSDT 00000001 ASL  00000061)
[    0.091704] ACPI: FACP 0x000000007FFF00F0 0000F4 (v04 VBOX   VBOXFACP 00000001 ASL  00000061)
[    0.091711] ACPI: DSDT 0x000000007FFF02E0 002353 (v02 VBOX   VBOXBIOS 00000002 VBOX 00029BF3)
[    0.091715] ACPI: FACS 0x000000007FFF0200 000040
[    0.091718] ACPI: FACS 0x000000007FFF0200 000040
[    0.091722] ACPI: APIC 0x000000007FFF0240 000054 (v02 VBOX   VBOXAPIC 00000001 ASL  00000061)
[    0.091725] ACPI: SSDT 0x000000007FFF02A0 000038 (v01 VBOX   VBOXCPUT 00000002 VBOX 00029BF3)
[    0.091729] ACPI: Reserving FACP table memory at [mem 0x7fff00f0-0x7fff01e3]
[    0.091730] ACPI: Reserving DSDT table memory at [mem 0x7fff02e0-0x7fff2632]
[    0.091730] ACPI: Reserving FACS table memory at [mem 0x7fff0200-0x7fff023f]
[    0.091731] ACPI: Reserving FACS table memory at [mem 0x7fff0200-0x7fff023f]
[    0.091732] ACPI: Reserving APIC table memory at [mem 0x7fff0240-0x7fff0293]
[    0.091732] ACPI: Reserving SSDT table memory at [mem 0x7fff02a0-0x7fff02d7]
[    0.091746] ACPI: Local APIC address 0xfee00000
[    0.091930] No NUMA configuration found
[    0.091931] Faking a node at [mem 0x0000000000000000-0x000000007ffeffff]
[    0.091941] NODE_DATA(0) allocated [mem 0x7ffc5000-0x7ffeffff]
[    0.092227] Zone ranges:
[    0.092229]   DMA      [mem 0x0000000000001000-0x0000000000ffffff]
[    0.092230]   DMA32    [mem 0x0000000001000000-0x000000007ffeffff]
[    0.092237]   Normal   empty
[    0.092238]   Device   empty
[    0.092239] Movable zone start for each node
[    0.092241] Early memory node ranges
[    0.092242]   node   0: [mem 0x0000000000001000-0x000000000009efff]
[    0.092242]   node   0: [mem 0x0000000000100000-0x000000007ffeffff]
[    0.092246] Zeroed struct page in unavailable ranges: 114 pages
[    0.092247] Initmem setup node 0 [mem 0x0000000000001000-0x000000007ffeffff]
[    0.092248] On node 0 totalpages: 524174
[    0.092250]   DMA zone: 64 pages used for memmap
[    0.092250]   DMA zone: 21 pages reserved
[    0.092251]   DMA zone: 3998 pages, LIFO batch:0
[    0.092323]   DMA32 zone: 8128 pages used for memmap
[    0.092323]   DMA32 zone: 520176 pages, LIFO batch:63
[    0.101248] ACPI: PM-Timer IO Port: 0x4008
[    0.101251] ACPI: Local APIC address 0xfee00000
[    0.101318] IOAPIC[0]: apic_id 1, version 32, address 0xfec00000, GSI 0-23
[    0.101321] ACPI: INT_SRC_OVR (bus 0 bus_irq 0 global_irq 2 dfl dfl)
[    0.101323] ACPI: INT_SRC_OVR (bus 0 bus_irq 9 global_irq 9 low level)
[    0.101356] ACPI: IRQ0 used by override.
[    0.101357] ACPI: IRQ9 used by override.
[    0.101360] Using ACPI (MADT) for SMP configuration information
[    0.101367] smpboot: Allowing 1 CPUs, 0 hotplug CPUs
[    0.101391] PM: Registered nosave memory: [mem 0x00000000-0x00000fff]
[    0.101392] PM: Registered nosave memory: [mem 0x0009f000-0x0009ffff]
[    0.101393] PM: Registered nosave memory: [mem 0x000a0000-0x000effff]
[    0.101393] PM: Registered nosave memory: [mem 0x000f0000-0x000fffff]
[    0.101395] [mem 0x80000000-0xfebfffff] available for PCI devices
[    0.101396] Booting paravirtualized kernel on KVM
[    0.101399] clocksource: refined-jiffies: mask: 0xffffffff max_cycles: 0xffffffff, max_idle_ns: 7645519600211568 ns
[    0.101405] setup_percpu: NR_CPUS:8192 nr_cpumask_bits:1 nr_cpu_ids:1 nr_node_ids:1
[    0.102394] percpu: Embedded 60 pages/cpu s208896 r8192 d28672 u2097152
[    0.102399] pcpu-alloc: s208896 r8192 d28672 u2097152 alloc=1*2097152
[    0.102399] pcpu-alloc: [0] 0 
[    0.102426] Built 1 zonelists, mobility grouping on.  Total pages: 515961
[    0.102427] Policy zone: DMA32
[    0.102428] Kernel command line: BOOT_IMAGE=/boot/vmlinuz-5.4.243-mptcp root=UUID=98415a12-53b7-4144-8265-0f7ece09e445 ro quiet splash
[    0.103263] Dentry cache hash table entries: 262144 (order: 9, 2097152 bytes, linear)
[    0.103410] Inode-cache hash table entries: 131072 (order: 8, 1048576 bytes, linear)
[    0.103461] mem auto-init: stack:off, heap alloc:on, heap free:off
[    0.103464] Calgary: detecting Calgary via BIOS EBDA area
[    0.103465] Calgary: Unable to locate Rio Grande table in EBDA - bailing!
[    0.107500] Memory: 1967332K/2096696K available (14339K kernel code, 2398K rwdata, 4712K rodata, 2728K init, 17260K bss, 129364K reserved, 0K cma-reserved)
[    0.108434] SLUB: HWalign=64, Order=0-3, MinObjects=0, CPUs=1, Nodes=1
[    0.108451] ftrace: allocating 43186 entries in 169 pages
[    0.126592] rcu: Hierarchical RCU implementation.
[    0.126594] rcu: 	RCU restricting CPUs from NR_CPUS=8192 to nr_cpu_ids=1.
[    0.126595] 	Tasks RCU enabled.
[    0.126596] rcu: RCU calculated value of scheduler-enlistment delay is 25 jiffies.
[    0.126597] rcu: Adjusting geometry for rcu_fanout_leaf=16, nr_cpu_ids=1
[    0.129583] NR_IRQS: 524544, nr_irqs: 256, preallocated irqs: 16
[    0.129797] random: crng init done
[    0.139127] Console: colour VGA+ 80x25
[    0.139131] printk: console [tty0] enabled
[    0.139152] ACPI: Core revision 20190816
[    0.139247] APIC: Switch to symmetric I/O mode setup
[    0.139495] x2apic enabled
[    0.139734] Switched APIC routing to physical x2apic.
[    0.140878] ..TIMER: vector=0x30 apic1=0 pin1=2 apic2=-1 pin2=-1
[    0.140903] clocksource: tsc-early: mask: 0xffffffffffffffff max_cycles: 0x1e4530a99b6, max_idle_ns: 440795257976 ns
[    0.140908] Calibrating delay loop (skipped) preset value.. 4200.00 BogoMIPS (lpj=8400000)
[    0.140910] pid_max: default: 32768 minimum: 301
[    0.140939] LSM: Security Framework initializing
[    0.140949] Yama: becoming mindful.
[    0.140974] AppArmor: AppArmor initialized
[    0.141009] Mount-cache hash table entries: 4096 (order: 3, 32768 bytes, linear)
[    0.141014] Mountpoint-cache hash table entries: 4096 (order: 3, 32768 bytes, linear)
[    0.141024] *** VALIDATE tmpfs ***
[    0.141158] *** VALIDATE proc ***
[    0.141200] *** VALIDATE cgroup1 ***
[    0.141202] *** VALIDATE cgroup2 ***
[    0.141344] process: using mwait in idle threads
[    0.141349] Last level iTLB entries: 4KB 64, 2MB 8, 4MB 8
[    0.141349] Last level dTLB entries: 4KB 64, 2MB 0, 4MB 0, 1GB 4
[    0.141370] Spectre V1 : Mitigation: usercopy/swapgs barriers and __user pointer sanitization
[    0.141376] Spectre V2 : Mitigation: Retpolines
[    0.141376] Spectre V2 : Spectre v2 / SpectreRSB mitigation: Filling RSB on context switch
[    0.141377] Spectre V2 : Spectre v2 / SpectreRSB : Filling RSB on VMEXIT
[    0.141377] RETBleed: WARNING: Spectre v2 mitigation leaves CPU vulnerable to RETBleed attacks, data leaks possible!
[    0.141736] RETBleed: Vulnerable
[    0.141736] Speculative Store Bypass: Vulnerable
[    0.141741] TAA: Mitigation: TSX disabled
[    0.141741] MMIO Stale Data: Mitigation: Clear CPU buffers
[    0.145989] Freeing SMP alternatives memory: 40K
[    0.258166] smpboot: CPU0: Intel(R) Xeon(R) Silver 4216 CPU @ 2.10GHz (family: 0x6, model: 0x55, stepping: 0x7)
[    0.258293] Performance Events: unsupported p6 CPU model 85 no PMU driver, software events only.
[    0.258331] rcu: Hierarchical SRCU implementation.
[    0.258809] NMI watchdog: Perf NMI watchdog permanently disabled
[    0.258848] smp: Bringing up secondary CPUs ...
[    0.258849] smp: Brought up 1 node, 1 CPU
[    0.258850] smpboot: Max logical packages: 1
[    0.258851] smpboot: Total of 1 processors activated (4200.00 BogoMIPS)
[    0.259820] devtmpfs: initialized
[    0.259868] x86/mm: Memory block size: 128MB
[    0.260216] clocksource: jiffies: mask: 0xffffffff max_cycles: 0xffffffff, max_idle_ns: 7645041785100000 ns
[    0.260222] futex hash table entries: 256 (order: 2, 16384 bytes, linear)
[    0.260266] pinctrl core: initialized pinctrl subsystem
[    0.260370] PM: RTC time: 14:50:39, date: 2026-01-13
[    0.260479] NET: Registered protocol family 16
[    0.260552] audit: initializing netlink subsys (disabled)
[    0.260681] EISA bus registered
[    0.260682] cpuidle: using governor ladder
[    0.260683] cpuidle: using governor menu
[    0.260719] ACPI: bus type PCI registered
[    0.260721] acpiphp: ACPI Hot Plug PCI Controller Driver version: 0.5
[    0.260824] PCI: Using configuration type 1 for base access
[    0.261226] audit: type=2000 audit(1768287045.509:1): state=initialized audit_enabled=0 res=1
[    0.261307] HugeTLB registered 2.00 MiB page size, pre-allocated 0 pages
[    0.262122] ACPI: Added _OSI(Module Device)
[    0.262123] ACPI: Added _OSI(Processor Device)
[    0.262124] ACPI: Added _OSI(3.0 _SCP Extensions)
[    0.262125] ACPI: Added _OSI(Processor Aggregator Device)
[    0.262126] ACPI: Added _OSI(Linux-Dell-Video)
[    0.262126] ACPI: Added _OSI(Linux-Lenovo-NV-HDMI-Audio)
[    0.262127] ACPI: Added _OSI(Linux-HPI-Hybrid-Graphics)
[    0.264070] ACPI: 2 ACPI AML tables successfully acquired and loaded
[    0.265718] ACPI: Interpreter enabled
[    0.265727] ACPI: (supports S0 S5)
[    0.265729] ACPI: Using IOAPIC for interrupt routing
[    0.265934] PCI: Using host bridge windows from ACPI; if necessary, use "pci=nocrs" and report a bug
[    0.266040] ACPI: Enabled 2 GPEs in block 00 to 07
[    0.271217] ACPI: PCI Root Bridge [PCI0] (domain 0000 [bus 00-ff])
[    0.271222] acpi PNP0A03:00: _OSC: OS supports [ASPM ClockPM Segments MSI HPX-Type3]
[    0.271666] acpi PNP0A03:00: _OSC: not requesting OS control; OS requires [ExtendedConfig ASPM ClockPM MSI]
[    0.271674] acpi PNP0A03:00: fail to add MMCONFIG information, can't access extended PCI configuration space under this bridge.
[    0.272046] PCI host bridge to bus 0000:00
[    0.272049] pci_bus 0000:00: root bus resource [io  0x0000-0x0cf7 window]
[    0.272050] pci_bus 0000:00: root bus resource [io  0x0d00-0xffff window]
[    0.272052] pci_bus 0000:00: root bus resource [mem 0x000a0000-0x000bffff window]
[    0.272054] pci_bus 0000:00: root bus resource [mem 0x80000000-0xfdffffff window]
[    0.272055] pci_bus 0000:00: root bus resource [bus 00-ff]
[    0.272101] pci 0000:00:00.0: [8086:1237] type 00 class 0x060000
[    0.272992] pci 0000:00:01.0: [8086:7000] type 00 class 0x060100
[    0.273814] pci 0000:00:01.1: [8086:7111] type 00 class 0x01018a
[    0.274205] pci 0000:00:01.1: reg 0x20: [io  0xd000-0xd00f]
[    0.274369] pci 0000:00:01.1: legacy IDE quirk: reg 0x10: [io  0x01f0-0x01f7]
[    0.274370] pci 0000:00:01.1: legacy IDE quirk: reg 0x14: [io  0x03f6]
[    0.274371] pci 0000:00:01.1: legacy IDE quirk: reg 0x18: [io  0x0170-0x0177]
[    0.274372] pci 0000:00:01.1: legacy IDE quirk: reg 0x1c: [io  0x0376]
[    0.274959] pci 0000:00:02.0: [15ad:0405] type 00 class 0x030000
[    0.276986] pci 0000:00:02.0: reg 0x10: [io  0xd010-0xd01f]
[    0.280960] pci 0000:00:02.0: reg 0x14: [mem 0xe0000000-0xe7ffffff pref]
[    0.283811] pci 0000:00:02.0: reg 0x18: [mem 0xf0000000-0xf01fffff]
[    0.293707] pci 0000:00:03.0: [1022:2000] type 00 class 0x020000
[    0.294403] pci 0000:00:03.0: reg 0x10: [io  0xd020-0xd03f]
[    0.297049] pci 0000:00:03.0: reg 0x14: [mem 0xf0200000-0xf0200fff]
[    0.300619] pci 0000:00:04.0: [80ee:cafe] type 00 class 0x088000
[    0.301018] pci 0000:00:04.0: reg 0x10: [io  0xd040-0xd05f]
[    0.301617] pci 0000:00:04.0: reg 0x14: [mem 0xf0400000-0xf07fffff]
[    0.302223] pci 0000:00:04.0: reg 0x18: [mem 0xf0800000-0xf0803fff pref]
[    0.305373] pci 0000:00:07.0: [8086:7113] type 00 class 0x068000
[    0.305915] pci 0000:00:07.0: quirk: [io  0x4000-0x403f] claimed by PIIX4 ACPI
[    0.305924] pci 0000:00:07.0: quirk: [io  0x4100-0x410f] claimed by PIIX4 SMB
[    0.306531] pci 0000:00:08.0: [8086:100e] type 00 class 0x020000
[    0.307236] pci 0000:00:08.0: reg 0x10: [mem 0xf0820000-0xf083ffff]
[    0.309022] pci 0000:00:08.0: reg 0x18: [io  0xd060-0xd067]
[    0.312211] pci 0000:00:09.0: [8086:100e] type 00 class 0x020000
[    0.312904] pci 0000:00:09.0: reg 0x10: [mem 0xf0840000-0xf085ffff]
[    0.313585] pci 0000:00:09.0: reg 0x18: [io  0xd068-0xd06f]
[    0.325098] ACPI: PCI Interrupt Link [LNKA] (IRQs 5 9 10 *11)
[    0.325382] ACPI: PCI Interrupt Link [LNKB] (IRQs 5 9 *10 11)
[    0.325484] ACPI: PCI Interrupt Link [LNKC] (IRQs 5 *9 10 11)
[    0.325586] ACPI: PCI Interrupt Link [LNKD] (IRQs 5 9 10 *11)
[    0.325860] iommu: Default domain type: Translated 
[    0.325923] pci 0000:00:02.0: vgaarb: setting as boot VGA device
[    0.325925] pci 0000:00:02.0: vgaarb: VGA device added: decodes=io+mem,owns=io+mem,locks=none
[    0.325927] pci 0000:00:02.0: vgaarb: bridge control possible
[    0.325927] vgaarb: loaded
[    0.326139] SCSI subsystem initialized
[    0.326173] libata version 3.00 loaded.
[    0.326196] ACPI: bus type USB registered
[    0.326211] usbcore: registered new interface driver usbfs
[    0.326217] usbcore: registered new interface driver hub
[    0.326222] usbcore: registered new device driver usb
[    0.326250] pps_core: LinuxPPS API ver. 1 registered
[    0.326250] pps_core: Software ver. 5.3.6 - Copyright 2005-2007 Rodolfo Giometti <giometti@linux.it>
[    0.326253] PTP clock support registered
[    0.326286] EDAC MC: Ver: 3.0.0
[    0.326572] PCI: Using ACPI for IRQ routing
[    0.326573] PCI: pci_cache_line_size set to 64 bytes
[    0.326739] e820: reserve RAM buffer [mem 0x0009fc00-0x0009ffff]
[    0.326743] e820: reserve RAM buffer [mem 0x7fff0000-0x7fffffff]
[    0.327528] NetLabel: Initializing
[    0.327529] NetLabel:  domain hash size = 128
[    0.327529] NetLabel:  protocols = UNLABELED CIPSOv4 CALIPSO
[    0.327549] NetLabel:  unlabeled traffic allowed by default
[    0.328451] clocksource: Switched to clocksource kvm-clock
[    0.339263] *** VALIDATE bpf ***
[    0.339323] VFS: Disk quotas dquot_6.6.0
[    0.339336] VFS: Dquot-cache hash table entries: 512 (order 0, 4096 bytes)
[    0.339358] *** VALIDATE ramfs ***
[    0.339361] *** VALIDATE hugetlbfs ***
[    0.339440] AppArmor: AppArmor Filesystem Enabled
[    0.339466] pnp: PnP ACPI init
[    0.339532] pnp 00:00: Plug and Play ACPI device, IDs PNP0303 (active)
[    0.339615] pnp 00:01: Plug and Play ACPI device, IDs PNP0f03 (active)
[    0.340346] pnp: PnP ACPI: found 2 devices
[    0.341291] thermal_sys: Registered thermal governor 'fair_share'
[    0.341291] thermal_sys: Registered thermal governor 'bang_bang'
[    0.341292] thermal_sys: Registered thermal governor 'step_wise'
[    0.341293] thermal_sys: Registered thermal governor 'user_space'
[    0.341304] thermal_sys: Registered thermal governor 'power_allocator'
[    0.345815] clocksource: acpi_pm: mask: 0xffffff max_cycles: 0xffffff, max_idle_ns: 2085701024 ns
[    0.345855] pci_bus 0000:00: resource 4 [io  0x0000-0x0cf7 window]
[    0.345857] pci_bus 0000:00: resource 5 [io  0x0d00-0xffff window]
[    0.345858] pci_bus 0000:00: resource 6 [mem 0x000a0000-0x000bffff window]
[    0.345859] pci_bus 0000:00: resource 7 [mem 0x80000000-0xfdffffff window]
[    0.345918] NET: Registered protocol family 2
[    0.345992] IP idents hash table entries: 32768 (order: 6, 262144 bytes, linear)
[    0.346399] MPTCP tokens hash table entries: 8192 (order: 4, 65536 bytes, linear)
[    0.346420] MPTCP request tokens hash table entries: 8192 (order: 4, 65536 bytes, linear)
[    0.346445] default registered
[    0.346445] default registered
[    0.346446] MPTCP: Stable release v0.96
[    0.346451] tcp_listen_portaddr_hash hash table entries: 1024 (order: 2, 16384 bytes, linear)
[    0.346530] TCP established hash table entries: 16384 (order: 5, 131072 bytes, linear)
[    0.346594] TCP bind hash table entries: 16384 (order: 6, 262144 bytes, linear)
[    0.346619] TCP: Hash tables configured (established 16384 bind 16384)
[    0.347336] UDP hash table entries: 1024 (order: 3, 32768 bytes, linear)
[    0.347347] UDP-Lite hash table entries: 1024 (order: 3, 32768 bytes, linear)
[    0.347383] NET: Registered protocol family 1
[    0.347391] NET: Registered protocol family 44
[    0.347411] pci 0000:00:00.0: Limiting direct PCI/PCI transfers
[    0.347426] pci 0000:00:01.0: Activating ISA DMA hang workarounds
[    0.347479] pci 0000:00:02.0: Video device with shadowed ROM at [mem 0x000c0000-0x000dffff]
[    0.347540] PCI: CLS 0 bytes, default 64
[    0.347587] Trying to unpack rootfs image as initramfs...
[    0.511759] Freeing initrd memory: 47868K
[    0.511759] clocksource: tsc: mask: 0xffffffffffffffff max_cycles: 0x1e4530a99b6, max_idle_ns: 440795257976 ns
[    0.511759] clocksource: Switched to clocksource tsc
[    0.511759] platform rtc_cmos: registered platform RTC device (no PNP device found)
[    0.511759] check: Scanning for low memory corruption every 60 seconds
[    0.511759] Initialise system trusted keyrings
[    0.511759] Key type blacklist registered
[    0.511759] workingset: timestamp_bits=36 max_order=19 bucket_order=0
[    0.511759] zbud: loaded
[    0.511759] squashfs: version 4.0 (2009/01/31) Phillip Lougher
[    0.511759] fuse: init (API version 7.31)
[    0.511759] *** VALIDATE fuse ***
[    0.511759] *** VALIDATE fuse ***
[    0.511759] Platform Keyring initialized
[    0.526580] Key type asymmetric registered
[    0.526581] Asymmetric key parser 'x509' registered
[    0.526592] Block layer SCSI generic (bsg) driver version 0.4 loaded (major 244)
[    0.526630] io scheduler mq-deadline registered
[    0.526752] shpchp: Standard Hot Plug PCI Controller Driver version: 0.4
[    0.526958] ACPI: AC Adapter [AC] (on-line)
[    0.527002] input: Power Button as /devices/LNXSYSTM:00/LNXPWRBN:00/input/input0
[    0.527030] ACPI: Power Button [PWRF]
[    0.527120] input: Sleep Button as /devices/LNXSYSTM:00/LNXSLPBN:00/input/input1
[    0.527135] ACPI: Sleep Button [SLPF]
[    0.527363] Serial: 8250/16550 driver, 32 ports, IRQ sharing enabled
[    0.528508] Linux agpgart interface v0.103
[    0.619149] loop: module loaded
[    0.619281] ata_piix 0000:00:01.1: version 2.13
[    0.619671] scsi host0: ata_piix
[    0.619756] scsi host1: ata_piix
[    0.619782] ata1: PATA max UDMA/33 cmd 0x1f0 ctl 0x3f6 bmdma 0xd000 irq 14
[    0.619784] ata2: PATA max UDMA/33 cmd 0x170 ctl 0x376 bmdma 0xd008 irq 15
[    0.619857] tun: Universal TUN/TAP device driver, 1.6
[    0.620155] PPP generic driver version 2.4.2
[    0.620195] VFIO - User Level meta-driver version: 0.3
[    0.620426] ehci_hcd: USB 2.0 'Enhanced' Host Controller (EHCI) Driver
[    0.620431] ehci-pci: EHCI PCI platform driver
[    0.620445] ehci-platform: EHCI generic platform driver
[    0.620450] ohci_hcd: USB 1.1 'Open' Host Controller (OHCI) Driver
[    0.620452] ohci-pci: OHCI PCI platform driver
[    0.620459] ohci-platform: OHCI generic platform driver
[    0.620464] uhci_hcd: USB Universal Host Controller Interface driver
[    0.620523] i8042: PNP: PS/2 Controller [PNP0303:PS2K,PNP0f03:PS2M] at 0x60,0x64 irq 1,12
[    0.620956] serio: i8042 KBD port at 0x60,0x64 irq 1
[    0.620959] serio: i8042 AUX port at 0x60,0x64 irq 12
[    0.621042] mousedev: PS/2 mouse device common for all mice
[    0.621280] input: AT Translated Set 2 keyboard as /devices/platform/i8042/serio0/input/input2
[    0.621687] rtc_cmos rtc_cmos: registered as rtc0
[    0.621700] rtc_cmos rtc_cmos: alarms up to one day, 114 bytes nvram
[    0.621705] i2c /dev entries driver
[    0.621744] device-mapper: uevent: version 1.0.3
[    0.621786] device-mapper: ioctl: 4.41.0-ioctl (2019-09-16) initialised: dm-devel@redhat.com
[    0.621800] platform eisa.0: Probing EISA bus 0
[    0.621801] platform eisa.0: EISA: Cannot allocate resource for mainboard
[    0.621803] platform eisa.0: Cannot allocate resource for EISA slot 1
[    0.621804] platform eisa.0: Cannot allocate resource for EISA slot 2
[    0.621805] platform eisa.0: Cannot allocate resource for EISA slot 3
[    0.621806] platform eisa.0: Cannot allocate resource for EISA slot 4
[    0.621807] platform eisa.0: Cannot allocate resource for EISA slot 5
[    0.621808] platform eisa.0: Cannot allocate resource for EISA slot 6
[    0.621808] platform eisa.0: Cannot allocate resource for EISA slot 7
[    0.621809] platform eisa.0: Cannot allocate resource for EISA slot 8
[    0.621810] platform eisa.0: EISA: Detected 0 cards
[    0.621813] intel_pstate: CPU model not supported
[    0.621821] ledtrig-cpu: registered to indicate activity on CPUs
[    0.621872] drop_monitor: Initializing network drop monitor service
[    0.622029] NET: Registered protocol family 10
[    0.627041] Segment Routing with IPv6
[    0.627068] fullmesh registered
[    0.627069] ndiffports registered
[    0.627071] binder registered
[    0.627072] roundrobin registered
[    0.627073] redundant registered
[    0.627073] blest registered
[    0.627074] ecf registered
[    0.627075] NET: Registered protocol family 17
[    0.627104] Key type dns_resolver registered
[    0.627200] RAS: Correctable Errors collector initialized.
[    0.627213] IPI shorthand broadcast: enabled
[    0.627227] sched_clock: Marking stable (612145863, 11117441)->(626212418, -2949114)
[    0.627271] registered taskstats version 1
[    0.627280] Loading compiled-in X.509 certificates
[    0.627866] Loaded X.509 cert 'Build time autogenerated kernel key: 6909f3744cebb3d0de528d5887b96a727de79b1e'
[    0.627883] zswap: loaded using pool lzo/zbud
[    0.627932] Key type ._fscrypt registered
[    0.627933] Key type .fscrypt registered
[    0.632340] Key type big_key registered
[    0.634516] Key type encrypted registered
[    0.634519] AppArmor: AppArmor sha1 policy hashing enabled
[    0.634526] ima: No TPM chip found, activating TPM-bypass!
[    0.634531] ima: Allocated hash algorithm: sha1
[    0.634536] ima: No architecture policies found
[    0.634545] evm: Initialising EVM extended attributes:
[    0.634545] evm: security.selinux
[    0.634546] evm: security.SMACK64
[    0.634546] evm: security.SMACK64EXEC
[    0.634546] evm: security.SMACK64TRANSMUTE
[    0.634547] evm: security.SMACK64MMAP
[    0.634547] evm: security.apparmor
[    0.634548] evm: security.ima
[    0.634549] evm: security.capability
[    0.634549] evm: HMAC attrs: 0x1
[    0.634841] PM:   Magic number: 10:218:839
[    0.634950] rtc_cmos rtc_cmos: setting system clock to 2026-01-13T14:50:40 UTC (1768315840)
[    0.791162] ata1.00: ATA-6: VBOX HARDDISK, 1.0, max UDMA/133
[    0.791165] ata1.00: 209715200 sectors, multi 128: LBA 
[    0.791667] scsi 0:0:0:0: Direct-Access     ATA      VBOX HARDDISK    1.0  PQ: 0 ANSI: 5
[    0.791873] sd 0:0:0:0: [sda] 209715200 512-byte logical blocks: (107 GB/100 GiB)
[    0.791881] sd 0:0:0:0: [sda] Write Protect is off
[    0.791883] sd 0:0:0:0: [sda] Mode Sense: 00 3a 00 00
[    0.791896] sd 0:0:0:0: [sda] Write cache: enabled, read cache: enabled, doesn't support DPO or FUA
[    0.792119] sd 0:0:0:0: Attached scsi generic sg0 type 0
[    0.792735]  sda: sda1 sda2
[    0.803264] sd 0:0:0:0: [sda] Attached SCSI disk
[    0.805482] Freeing unused decrypted memory: 2040K
[    0.806244] Freeing unused kernel image memory: 2728K
[    0.806246] Write protecting the kernel read-only data: 22528k
[    0.806996] Freeing unused kernel image memory: 2036K
[    0.807424] Freeing unused kernel image memory: 1432K
[    0.824027] x86/mm: Checked W+X mappings: passed, no W+X pages found.
[    0.824030] Run /init as init process
[    0.924053] ACPI: Video Device [GFX0] (multi-head: yes  rom: no  post: no)
[    0.924127] input: Video Bus as /devices/LNXSYSTM:00/LNXSYBUS:00/PNP0A03:00/LNXVIDEO:00/input/input4
[    0.935223] pcnet32: pcnet32.c:v1.35 21.Apr.2008 tsbogend@alpha.franken.de
[    0.938738] piix4_smbus 0000:00:07.0: SMBus Host Controller at 0x4100, revision 0
[    0.941226] e1000: Intel(R) PRO/1000 Network Driver - version 7.3.21-k8-NAPI
[    0.941227] e1000: Copyright (c) 1999-2006 Intel Corporation.
[    0.943029] pcnet32: PCnet/FAST III 79C973 at 0xd020, 08:00:27:0d:c2:5c assigned IRQ 19
[    0.943074] pcnet32: Found PHY 0022:561b at address 0
[    0.954038] pcnet32: eth0: registered as PCnet/FAST III 79C973
[    0.954504] pcnet32: 1 cards_found
[    1.012273] pcnet32 0000:00:03.0 enp0s3: renamed from eth0
[    1.158016] input: ImExPS/2 Generic Explorer Mouse as /devices/platform/i8042/serio1/input/input5
[    1.347343] e1000 0000:00:08.0 eth0: (PCI:33MHz:32-bit) 08:00:27:e2:21:12
[    1.347347] e1000 0000:00:08.0 eth0: Intel(R) PRO/1000 Network Connection
[    1.719348] e1000 0000:00:09.0 eth1: (PCI:33MHz:32-bit) 08:00:27:37:61:76
[    1.719351] e1000 0000:00:09.0 eth1: Intel(R) PRO/1000 Network Connection
[    1.720511] e1000 0000:00:09.0 enp0s9: renamed from eth1
[    1.722292] e1000 0000:00:08.0 enp0s8: renamed from eth0
[    1.861162] EXT4-fs (sda2): mounted filesystem with ordered data mode. Opts: (null)
[    1.952108] systemd[1]: Inserted module 'autofs4'
[    1.962886] systemd[1]: systemd 245.4-4ubuntu3 running in system mode. (+PAM +AUDIT +SELINUX +IMA +APPARMOR +SMACK +SYSVINIT +UTMP +LIBCRYPTSETUP +GCRYPT +GNUTLS +ACL +XZ +LZ4 +SECCOMP +BLKID +ELFUTILS +KMOD +IDN2 -IDN +PCRE2 default-hierarchy=hybrid)
[    1.962917] systemd[1]: Detected virtualization oracle.
[    1.962920] systemd[1]: Detected architecture x86-64.
[    1.964244] systemd[1]: Set hostname to <ztg>.
[    2.088703] systemd[1]: /lib/systemd/system/dbus.socket:5: ListenStream= references a path below legacy directory /var/run/, updating /var/run/dbus/system_bus_socket â†’ /run/dbus/system_bus_socket; please update the unit file accordingly.
[    2.140998] systemd[1]: Created slice system-modprobe.slice.
[    2.141177] systemd[1]: Created slice User and Session Slice.
[    2.141218] systemd[1]: Started Forward Password Requests to Wall Directory Watch.
[    2.141390] systemd[1]: Set up automount Arbitrary Executable File Formats File System Automount Point.
[    2.141422] systemd[1]: Reached target User and Group Name Lookups.
[    2.141430] systemd[1]: Reached target Remote File Systems.
[    2.141439] systemd[1]: Reached target Slices.
[    2.141997] systemd[1]: Listening on Syslog Socket.
[    2.142064] systemd[1]: Listening on fsck to fsckd communication Socket.
[    2.142101] systemd[1]: Listening on initctl Compatibility Named Pipe.
[    2.142235] systemd[1]: Listening on Journal Audit Socket.
[    2.142285] systemd[1]: Listening on Journal Socket (/dev/log).
[    2.142350] systemd[1]: Listening on Journal Socket.
[    2.142413] systemd[1]: Listening on udev Control Socket.
[    2.142450] systemd[1]: Listening on udev Kernel Socket.
[    2.143238] systemd[1]: Mounting Huge Pages File System...
[    2.144135] systemd[1]: Mounting POSIX Message Queue File System...
[    2.145006] systemd[1]: Mounting Kernel Debug File System...
[    2.145837] systemd[1]: Mounting Kernel Trace File System...
[    2.147693] systemd[1]: Starting Journal Service...
[    2.169977] systemd[1]: Starting Set the console keyboard layout...
[    2.177686] systemd[1]: Starting Create list of static device nodes for the current kernel...
[    2.179497] systemd[1]: Starting Load Kernel Module drm...
[    2.180476] systemd[1]: Condition check resulted in Set Up Additional Binary Formats being skipped.
[    2.180517] systemd[1]: Condition check resulted in File System Check on Root Device being skipped.
[    2.193928] systemd[1]: Starting Load Kernel Modules...
[    2.199182] systemd[1]: Starting Remount Root and Kernel File Systems...
[    2.208768] systemd[1]: Starting udev Coldplug all Devices...
[    2.219182] systemd[1]: Starting Uncomplicated firewall...
[    2.220434] systemd[1]: Mounted Huge Pages File System.
[    2.220514] systemd[1]: Mounted POSIX Message Queue File System.
[    2.220583] systemd[1]: Mounted Kernel Debug File System.
[    2.220651] systemd[1]: Mounted Kernel Trace File System.
[    2.222424] EXT4-fs (sda2): re-mounted. Opts: errors=remount-ro
[    2.258573] systemd[1]: Finished Create list of static device nodes for the current kernel.
[    2.259536] systemd[1]: modprobe@drm.service: Succeeded.
[    2.261158] systemd[1]: Finished Load Kernel Module drm.
[    2.267057] systemd[1]: Finished Remount Root and Kernel File Systems.
[    2.268129] systemd[1]: Finished Uncomplicated firewall.
[    2.284357] systemd[1]: Condition check resulted in Rebuild Hardware Database being skipped.
[    2.284397] systemd[1]: Condition check resulted in Platform Persistent Storage Archival being skipped.
[    2.285017] systemd[1]: Starting Load/Save Random Seed...
[    2.286750] lp: driver loaded but no devices found
[    2.291735] systemd[1]: Starting Create System Users...
[    2.301461] systemd[1]: Finished Load/Save Random Seed.
[    2.302969] ppdev: user-space parallel port driver
[    2.310078] systemd[1]: Finished Create System Users.
[    2.310775] systemd[1]: Starting Create Static Device Nodes in /dev...
[    2.337445] systemd[1]: Finished udev Coldplug all Devices.
[    2.344235] systemd[1]: Finished Create Static Device Nodes in /dev.
[    2.344982] systemd[1]: Starting udev Kernel Device Manager...
[    2.389262] [drm] DMA map mode: Caching DMA mappings.
[    2.389324] [drm] Capabilities:
[    2.389325] [drm]   Rect copy.
[    2.389325] [drm]   Cursor.
[    2.389325] [drm]   Cursor bypass.
[    2.389326] [drm]   Cursor bypass 2.
[    2.389326] [drm]   Alpha cursor.
[    2.389326] [drm]   Extended Fifo.
[    2.389327] [drm]   Pitchlock.
[    2.389327] [drm]   Irq mask.
[    2.389327] [drm]   GMR.
[    2.389328] [drm]   Traces.
[    2.389328] [drm]   GMR2.
[    2.389328] [drm]   Screen Object 2.
[    2.389329] [drm]   Command Buffers.
[    2.389329] [drm]   Command Buffers 2.
[    2.389329] [drm]   Guest Backed Resources.
[    2.389330] [drm] Max GMR ids is 8192
[    2.389331] [drm] Max number of GMR pages is 1048576
[    2.389331] [drm] Max dedicated hypervisor surface memory is 393216 kiB
[    2.389332] [drm] Maximum display memory size is 131072 kiB
[    2.389333] [drm] VRAM at 0xe0000000 size is 131072 kiB
[    2.389333] [drm] MMIO at 0xf0000000 size is 2048 kiB
[    2.391504] [TTM] Zone  kernel: Available graphics memory: 1011738 KiB
[    2.391504] [TTM] Initializing pool allocator
[    2.391508] [TTM] Initializing DMA pool allocator
[    2.391542] [drm] Supports vblank timestamp caching Rev 2 (21.10.2013).
[    2.391542] [drm] No driver support for vblank timestamp query.
[    2.391792] [drm] Screen Target Display device initialized
[    2.391984] [drm] width 720
[    2.391992] [drm] height 400
[    2.391996] [drm] bpp 32
[    2.392505] [drm] Fifo max 0x00200000 min 0x00001000 cap 0x00000355
[    2.393564] [drm] Using command buffers with DMA pool.
[    2.393568] [drm] DX: no.
[    2.393568] [drm] Atomic: yes.
[    2.393569] [drm] SM4_1: no.
[    2.393589] [drm:vmw_host_log [vmwgfx]] *ERROR* Failed to send host log message.
[    2.394474] [drm:vmw_host_log [vmwgfx]] *ERROR* Failed to send host log message.
[    2.409248] fbcon: svgadrmfb (fb0) is primary device
[    2.412006] Console: switching to colour frame buffer device 100x37
[    2.418864] [drm] Initialized vmwgfx 2.15.0 20180704 for 0000:00:02.0 on minor 0
[    2.419885] systemd[1]: Finished Load Kernel Modules.
[    2.420857] systemd[1]: Mounting FUSE Control File System...
[    2.422037] systemd[1]: Mounting Kernel Configuration File System...
[    2.434214] systemd[1]: Starting Apply Kernel Variables...
[    2.462127] systemd[1]: Mounted FUSE Control File System.
[    2.462196] systemd[1]: Condition check resulted in VMware vmblock fuse mount being skipped.
[    2.468167] systemd[1]: Mounted Kernel Configuration File System.
[    2.470421] systemd[1]: Finished Set the console keyboard layout.
[    2.470514] systemd[1]: Reached target Local File Systems (Pre).
[    2.474864] systemd[1]: Mounting Mount unit for bare, revision 5...
[    2.480797] systemd[1]: Mounting Mount unit for core18, revision 1705...
[    2.506560] systemd[1]: Mounting Mount unit for gnome-3-34-1804, revision 24...
[    2.509338] systemd[1]: Mounting Mount unit for gtk-common-themes, revision 1506...
[    2.514761] systemd[1]: Mounting Mount unit for gtk-common-themes, revision 1535...
[    2.524518] systemd[1]: Mounting Mount unit for snap-store, revision 433...
[    2.531258] systemd[1]: Mounting Mount unit for snapd, revision 25935...
[    2.555331] systemd[1]: Finished Apply Kernel Variables.
[    2.556973] systemd[1]: Mounted Mount unit for bare, revision 5.
[    2.565347] systemd[1]: Mounted Mount unit for core18, revision 1705.
[    2.566041] systemd[1]: Mounted Mount unit for gnome-3-34-1804, revision 24.
[    2.585741] systemd[1]: Mounted Mount unit for gtk-common-themes, revision 1506.
[    2.595251] systemd[1]: Started udev Kernel Device Manager.
[    2.595969] systemd[1]: Starting Show Plymouth Boot Screen...
[    2.602411] systemd[1]: Received SIGRTMIN+20 from PID 285 (plymouthd).
[    2.623488] systemd[1]: Mounted Mount unit for snap-store, revision 433.
[    2.623753] systemd[1]: Started Show Plymouth Boot Screen.
[    2.623919] systemd[1]: Condition check resulted in Dispatch Password Requests to Console Directory Watch being skipped.
[    2.623998] systemd[1]: Started Forward Password Requests to Plymouth Directory Watch.
[    2.624082] systemd[1]: Reached target Local Encrypted Volumes.
[    2.674148] systemd[1]: Mounted Mount unit for gtk-common-themes, revision 1535.
[    2.674446] systemd[1]: Mounted Mount unit for snapd, revision 25935.
[    2.674594] systemd[1]: Reached target Local File Systems.
[    2.690039] systemd[1]: Starting Load AppArmor profiles...
[    2.690902] systemd[1]: Starting Set console font and keymap...
[    2.703634] systemd[1]: Starting Tell Plymouth To Write Out Runtime Data...
[    2.705179] systemd[1]: Condition check resulted in Store a System Token in an EFI Variable being skipped.
[    2.705234] systemd[1]: Condition check resulted in Commit a transient machine-id on disk being skipped.
[    2.707642] systemd[1]: Finished Set console font and keymap.
[    2.716709] systemd[1]: Received SIGRTMIN+20 from PID 285 (plymouthd).
[    2.717829] systemd[1]: plymouth-read-write.service: Succeeded.
[    2.718055] systemd[1]: Finished Tell Plymouth To Write Out Runtime Data.
[    2.737435] audit: type=1400 audit(1768315842.600:2): apparmor="STATUS" operation="profile_load" profile="unconfined" name="nvidia_modprobe" pid=300 comm="apparmor_parser"
[    2.737437] audit: type=1400 audit(1768315842.600:3): apparmor="STATUS" operation="profile_load" profile="unconfined" name="nvidia_modprobe//kmod" pid=300 comm="apparmor_parser"
[    2.743949] audit: type=1400 audit(1768315842.608:4): apparmor="STATUS" operation="profile_load" profile="unconfined" name="/usr/sbin/tcpdump" pid=301 comm="apparmor_parser"
[    2.786877] audit: type=1400 audit(1768315842.644:5): apparmor="STATUS" operation="profile_load" profile="unconfined" name="/usr/bin/evince" pid=303 comm="apparmor_parser"
[    2.786879] audit: type=1400 audit(1768315842.644:6): apparmor="STATUS" operation="profile_load" profile="unconfined" name="/usr/bin/evince//sanitized_helper" pid=303 comm="apparmor_parser"
[    2.786880] audit: type=1400 audit(1768315842.644:7): apparmor="STATUS" operation="profile_load" profile="unconfined" name="/usr/bin/evince-previewer" pid=303 comm="apparmor_parser"
[    2.786882] audit: type=1400 audit(1768315842.644:8): apparmor="STATUS" operation="profile_load" profile="unconfined" name="/usr/bin/evince-previewer//sanitized_helper" pid=303 comm="apparmor_parser"
[    2.786883] audit: type=1400 audit(1768315842.644:9): apparmor="STATUS" operation="profile_load" profile="unconfined" name="/usr/bin/evince-thumbnailer" pid=303 comm="apparmor_parser"
[    2.816328] audit: type=1400 audit(1768315842.676:10): apparmor="STATUS" operation="profile_load" profile="unconfined" name="/usr/lib/cups/backend/cups-pdf" pid=304 comm="apparmor_parser"
[    2.895791] systemd[1]: Finished Load AppArmor profiles.
[    2.896936] systemd[1]: Starting Load AppArmor profiles managed internally by snapd...
[    3.008025] systemd[1]: Finished Load AppArmor profiles managed internally by snapd.
[    3.114620] systemd[1]: Started Journal Service.
[    3.126169] systemd-journald[229]: Received client request to flush runtime journal.
[    3.129317] systemd-journald[229]: File /var/log/journal/c455b248004a419c87ce85eea238d727/system.journal corrupted or uncleanly shut down, renaming and replacing.
[    4.523361] RAPL PMU: API unit is 2^-32 Joules, 0 fixed counters, 10737418240 ms ovfl timer
[    4.613831] cryptd: max_cpu_qlen set to 1000
[    4.666835] AVX2 version of gcm_enc/dec engaged.
[    4.666836] AES CTR mode by8 optimization enabled
[    6.483137] Adding 1998844k swap on /dev/sda1.  Priority:-2 extents:1 across:1998844k FS
[    7.468660] kauditd_printk_skb: 30 callbacks suppressed
[    7.468661] audit: type=1400 audit(1768315847.328:41): apparmor="DENIED" operation="capable" profile="/usr/sbin/cups-browsed" pid=512 comm="cups-browsed" capability=23  capname="sys_nice"
[    8.955767] pcnet32 0000:00:03.0 enp0s3: link up, 100Mbps, full-duplex
[    9.028961] e1000: enp0s8 NIC Link is Up 1000 Mbps Full Duplex, Flow Control: RX
[    9.029254] IPv6: ADDRCONF(NETDEV_CHANGE): enp0s8: link becomes ready
[    9.041395] e1000: enp0s9 NIC Link is Up 1000 Mbps Full Duplex, Flow Control: RX
[    9.041703] IPv6: ADDRCONF(NETDEV_CHANGE): enp0s9: link becomes ready
[    9.686704] device enp0s3 entered promiscuous mode
[    9.739833] audit: type=1400 audit(1768315849.596:42): apparmor="DENIED" operation="open" profile="/usr/sbin/tcpdump" name="/proc/sys/kernel/random/boot_id" pid=630 comm="tcpdump" requested_mask="r" denied_mask="r" fsuid=0 ouid=0
[    9.741749] audit: type=1400 audit(1768315849.596:43): apparmor="DENIED" operation="open" profile="/usr/sbin/tcpdump" name="/proc/sys/kernel/random/boot_id" pid=630 comm="tcpdump" requested_mask="r" denied_mask="r" fsuid=0 ouid=0
[    9.742169] audit: type=1400 audit(1768315849.596:44): apparmor="DENIED" operation="open" profile="/usr/sbin/tcpdump" name="/proc/sys/kernel/random/boot_id" pid=630 comm="tcpdump" requested_mask="r" denied_mask="r" fsuid=0 ouid=0
[    9.742287] audit: type=1400 audit(1768315849.596:45): apparmor="DENIED" operation="open" profile="/usr/sbin/tcpdump" name="/proc/sys/kernel/random/boot_id" pid=630 comm="tcpdump" requested_mask="r" denied_mask="r" fsuid=0 ouid=0
[    9.756614] audit: type=1400 audit(1768315849.620:46): apparmor="DENIED" operation="open" profile="/usr/sbin/tcpdump" name="/proc/sys/kernel/random/boot_id" pid=631 comm="tcpdump" requested_mask="r" denied_mask="r" fsuid=0 ouid=0
[    9.757217] audit: type=1400 audit(1768315849.620:47): apparmor="DENIED" operation="open" profile="/usr/sbin/tcpdump" name="/proc/sys/kernel/random/boot_id" pid=631 comm="tcpdump" requested_mask="r" denied_mask="r" fsuid=0 ouid=0
[    9.759144] audit: type=1400 audit(1768315849.620:48): apparmor="DENIED" operation="open" profile="/usr/sbin/tcpdump" name="/proc/sys/kernel/random/boot_id" pid=631 comm="tcpdump" requested_mask="r" denied_mask="r" fsuid=0 ouid=0
[    9.759465] audit: type=1400 audit(1768315849.624:49): apparmor="DENIED" operation="open" profile="/usr/sbin/tcpdump" name="/proc/sys/kernel/random/boot_id" pid=631 comm="tcpdump" requested_mask="r" denied_mask="r" fsuid=0 ouid=0
[   15.906899] rfkill: input handler disabled
[  783.067508] rfkill: input handler enabled
[  791.940580] rfkill: input handler disabled
[  967.967473] device enp0s3 left promiscuous mode
