[    0.000000] Linux version 5.4.243-mptcp (root@ztg) (gcc version 12.2.0 (Debian 12.2.0-14+deb12u1)) #53 SMP Wed Dec 24 23:28:15 CST 2025
[    0.000000] Command line: BOOT_IMAGE=/boot/vmlinuz-5.4.243-mptcp root=UUID=98415a12-53b7-4144-8265-0f7ece09e445 ro quiet splash
[    0.000000] KERNEL supported cpus:
[    0.000000]   Intel GenuineIntel
[    0.000000]   AMD AuthenticAMD
[    0.000000]   Hygon HygonGenuine
[    0.000000]   Centaur CentaurHauls
[    0.000000]   zhaoxin   Shanghai  
[    0.000000] x86/fpu: Supporting XSAVE feature 0x001: 'x87 floating point registers'
[    0.000000] x86/fpu: Supporting XSAVE feature 0x002: 'SSE registers'
[    0.000000] x86/fpu: Supporting XSAVE feature 0x004: 'AVX registers'
[    0.000000] x86/fpu: xstate_offset[2]:  576, xstate_sizes[2]:  256
[    0.000000] x86/fpu: Enabled xstate features 0x7, context size is 832 bytes, using 'standard' format.
[    0.000000] BIOS-provided physical RAM map:
[    0.000000] BIOS-e820: [mem 0x0000000000000000-0x000000000009fbff] usable
[    0.000000] BIOS-e820: [mem 0x000000000009fc00-0x000000000009ffff] reserved
[    0.000000] BIOS-e820: [mem 0x00000000000f0000-0x00000000000fffff] reserved
[    0.000000] BIOS-e820: [mem 0x0000000000100000-0x000000007ffeffff] usable
[    0.000000] BIOS-e820: [mem 0x000000007fff0000-0x000000007fffffff] ACPI data
[    0.000000] BIOS-e820: [mem 0x00000000fec00000-0x00000000fec00fff] reserved
[    0.000000] BIOS-e820: [mem 0x00000000fee00000-0x00000000fee00fff] reserved
[    0.000000] BIOS-e820: [mem 0x00000000fffc0000-0x00000000ffffffff] reserved
[    0.000000] NX (Execute Disable) protection: active
[    0.000000] SMBIOS 2.5 present.
[    0.000000] DMI: innotek GmbH VirtualBox/VirtualBox, BIOS VirtualBox 12/01/2006
[    0.000000] Hypervisor detected: KVM
[    0.000000] kvm-clock: Using msrs 4b564d01 and 4b564d00
[    0.000000] kvm-clock: cpu 0, msr 4be01001, primary cpu clock
[    0.000000] kvm-clock: using sched offset of 4485876012 cycles
[    0.000002] clocksource: kvm-clock: mask: 0xffffffffffffffff max_cycles: 0x1cd42e4dffb, max_idle_ns: 881590591483 ns
[    0.000005] tsc: Detected 2100.000 MHz processor
[    0.001896] e820: update [mem 0x00000000-0x00000fff] usable ==> reserved
[    0.001898] e820: remove [mem 0x000a0000-0x000fffff] usable
[    0.001902] last_pfn = 0x7fff0 max_arch_pfn = 0x400000000
[    0.001970] MTRR default type: uncachable
[    0.001971] MTRR fixed ranges enabled:
[    0.001972]   00000-9FFFF write-back
[    0.001973]   A0000-BFFFF uncachable
[    0.001974]   C0000-FFFFF write-protect
[    0.001974] MTRR variable ranges enabled:
[    0.001976]   0 base 000000000000 mask 3FFF80000000 write-back
[    0.001976]   1 disabled
[    0.001977]   2 disabled
[    0.001977]   3 disabled
[    0.001978]   4 disabled
[    0.001978]   5 disabled
[    0.001979]   6 disabled
[    0.001979]   7 disabled
[    0.001979]   8 disabled
[    0.001980]   9 disabled
[    0.001980]   10 disabled
[    0.001981]   11 disabled
[    0.001981]   12 disabled
[    0.001982]   13 disabled
[    0.001982]   14 disabled
[    0.001982]   15 disabled
[    0.001999] x86/PAT: Configuration [0-7]: WB  WC  UC- UC  WB  WP  UC- WT  
[    0.002132] found SMP MP-table at [mem 0x0009fff0-0x0009ffff]
[    0.093394] check: Scanning 1 areas for low memory corruption
[    0.093547] RAMDISK: [mem 0x32271000-0x3512ffff]
[    0.093555] ACPI: Early table checksum verification disabled
[    0.093560] ACPI: RSDP 0x00000000000E0000 000024 (v02 VBOX  )
[    0.093565] ACPI: XSDT 0x000000007FFF0030 00003C (v01 VBOX   VBOXXSDT 00000001 ASL  00000061)
[    0.093571] ACPI: FACP 0x000000007FFF00F0 0000F4 (v04 VBOX   VBOXFACP 00000001 ASL  00000061)
[    0.093577] ACPI: DSDT 0x000000007FFF02E0 002353 (v02 VBOX   VBOXBIOS 00000002 VBOX 00029BF3)
[    0.093581] ACPI: FACS 0x000000007FFF0200 000040
[    0.093584] ACPI: FACS 0x000000007FFF0200 000040
[    0.093588] ACPI: APIC 0x000000007FFF0240 000054 (v02 VBOX   VBOXAPIC 00000001 ASL  00000061)
[    0.093591] ACPI: SSDT 0x000000007FFF02A0 000038 (v01 VBOX   VBOXCPUT 00000002 VBOX 00029BF3)
[    0.093594] ACPI: Reserving FACP table memory at [mem 0x7fff00f0-0x7fff01e3]
[    0.093595] ACPI: Reserving DSDT table memory at [mem 0x7fff02e0-0x7fff2632]
[    0.093596] ACPI: Reserving FACS table memory at [mem 0x7fff0200-0x7fff023f]
[    0.093597] ACPI: Reserving FACS table memory at [mem 0x7fff0200-0x7fff023f]
[    0.093597] ACPI: Reserving APIC table memory at [mem 0x7fff0240-0x7fff0293]
[    0.093598] ACPI: Reserving SSDT table memory at [mem 0x7fff02a0-0x7fff02d7]
[    0.093612] ACPI: Local APIC address 0xfee00000
[    0.093802] No NUMA configuration found
[    0.093803] Faking a node at [mem 0x0000000000000000-0x000000007ffeffff]
[    0.093814] NODE_DATA(0) allocated [mem 0x7ffc5000-0x7ffeffff]
[    0.094076] Zone ranges:
[    0.094077]   DMA      [mem 0x0000000000001000-0x0000000000ffffff]
[    0.094078]   DMA32    [mem 0x0000000001000000-0x000000007ffeffff]
[    0.094079]   Normal   empty
[    0.094080]   Device   empty
[    0.094080] Movable zone start for each node
[    0.094082] Early memory node ranges
[    0.094083]   node   0: [mem 0x0000000000001000-0x000000000009efff]
[    0.094084]   node   0: [mem 0x0000000000100000-0x000000007ffeffff]
[    0.094087] Zeroed struct page in unavailable ranges: 114 pages
[    0.094088] Initmem setup node 0 [mem 0x0000000000001000-0x000000007ffeffff]
[    0.094089] On node 0 totalpages: 524174
[    0.094090]   DMA zone: 64 pages used for memmap
[    0.094090]   DMA zone: 21 pages reserved
[    0.094091]   DMA zone: 3998 pages, LIFO batch:0
[    0.094163]   DMA32 zone: 8128 pages used for memmap
[    0.094163]   DMA32 zone: 520176 pages, LIFO batch:63
[    0.103173] ACPI: PM-Timer IO Port: 0x4008
[    0.103178] ACPI: Local APIC address 0xfee00000
[    0.103248] IOAPIC[0]: apic_id 1, version 32, address 0xfec00000, GSI 0-23
[    0.103251] ACPI: INT_SRC_OVR (bus 0 bus_irq 0 global_irq 2 dfl dfl)
[    0.103253] ACPI: INT_SRC_OVR (bus 0 bus_irq 9 global_irq 9 low level)
[    0.103255] ACPI: IRQ0 used by override.
[    0.103256] ACPI: IRQ9 used by override.
[    0.103259] Using ACPI (MADT) for SMP configuration information
[    0.103265] smpboot: Allowing 1 CPUs, 0 hotplug CPUs
[    0.103288] PM: Registered nosave memory: [mem 0x00000000-0x00000fff]
[    0.103289] PM: Registered nosave memory: [mem 0x0009f000-0x0009ffff]
[    0.103290] PM: Registered nosave memory: [mem 0x000a0000-0x000effff]
[    0.103290] PM: Registered nosave memory: [mem 0x000f0000-0x000fffff]
[    0.103292] [mem 0x80000000-0xfebfffff] available for PCI devices
[    0.103293] Booting paravirtualized kernel on KVM
[    0.103296] clocksource: refined-jiffies: mask: 0xffffffff max_cycles: 0xffffffff, max_idle_ns: 7645519600211568 ns
[    0.103301] setup_percpu: NR_CPUS:8192 nr_cpumask_bits:1 nr_cpu_ids:1 nr_node_ids:1
[    0.104316] percpu: Embedded 60 pages/cpu s208896 r8192 d28672 u2097152
[    0.104321] pcpu-alloc: s208896 r8192 d28672 u2097152 alloc=1*2097152
[    0.104322] pcpu-alloc: [0] 0 
[    0.104349] Built 1 zonelists, mobility grouping on.  Total pages: 515961
[    0.104350] Policy zone: DMA32
[    0.104351] Kernel command line: BOOT_IMAGE=/boot/vmlinuz-5.4.243-mptcp root=UUID=98415a12-53b7-4144-8265-0f7ece09e445 ro quiet splash
[    0.105205] Dentry cache hash table entries: 262144 (order: 9, 2097152 bytes, linear)
[    0.105353] Inode-cache hash table entries: 131072 (order: 8, 1048576 bytes, linear)
[    0.105402] mem auto-init: stack:off, heap alloc:on, heap free:off
[    0.105405] Calgary: detecting Calgary via BIOS EBDA area
[    0.105406] Calgary: Unable to locate Rio Grande table in EBDA - bailing!
[    0.109654] Memory: 1967332K/2096696K available (14339K kernel code, 2398K rwdata, 4712K rodata, 2728K init, 17260K bss, 129364K reserved, 0K cma-reserved)
[    0.110583] SLUB: HWalign=64, Order=0-3, MinObjects=0, CPUs=1, Nodes=1
[    0.110600] ftrace: allocating 43186 entries in 169 pages
[    0.128802] rcu: Hierarchical RCU implementation.
[    0.128803] rcu: 	RCU restricting CPUs from NR_CPUS=8192 to nr_cpu_ids=1.
[    0.128804] 	Tasks RCU enabled.
[    0.128805] rcu: RCU calculated value of scheduler-enlistment delay is 25 jiffies.
[    0.128806] rcu: Adjusting geometry for rcu_fanout_leaf=16, nr_cpu_ids=1
[    0.131769] NR_IRQS: 524544, nr_irqs: 256, preallocated irqs: 16
[    0.131985] random: crng init done
[    0.141313] Console: colour VGA+ 80x25
[    0.141317] printk: console [tty0] enabled
[    0.141339] ACPI: Core revision 20190816
[    0.141445] APIC: Switch to symmetric I/O mode setup
[    0.141694] x2apic enabled
[    0.141929] Switched APIC routing to physical x2apic.
[    0.143051] ..TIMER: vector=0x30 apic1=0 pin1=2 apic2=-1 pin2=-1
[    0.143076] clocksource: tsc-early: mask: 0xffffffffffffffff max_cycles: 0x1e4530a99b6, max_idle_ns: 440795257976 ns
[    0.143081] Calibrating delay loop (skipped) preset value.. 4200.00 BogoMIPS (lpj=8400000)
[    0.143083] pid_max: default: 32768 minimum: 301
[    0.143113] LSM: Security Framework initializing
[    0.143122] Yama: becoming mindful.
[    0.143148] AppArmor: AppArmor initialized
[    0.143181] Mount-cache hash table entries: 4096 (order: 3, 32768 bytes, linear)
[    0.143185] Mountpoint-cache hash table entries: 4096 (order: 3, 32768 bytes, linear)
[    0.143195] *** VALIDATE tmpfs ***
[    0.143325] *** VALIDATE proc ***
[    0.143366] *** VALIDATE cgroup1 ***
[    0.143367] *** VALIDATE cgroup2 ***
[    0.143508] process: using mwait in idle threads
[    0.143513] Last level iTLB entries: 4KB 64, 2MB 8, 4MB 8
[    0.143514] Last level dTLB entries: 4KB 64, 2MB 0, 4MB 0, 1GB 4
[    0.143535] Spectre V1 : Mitigation: usercopy/swapgs barriers and __user pointer sanitization
[    0.143540] Spectre V2 : Mitigation: Retpolines
[    0.143541] Spectre V2 : Spectre v2 / SpectreRSB mitigation: Filling RSB on context switch
[    0.143541] Spectre V2 : Spectre v2 / SpectreRSB : Filling RSB on VMEXIT
[    0.143542] RETBleed: WARNING: Spectre v2 mitigation leaves CPU vulnerable to RETBleed attacks, data leaks possible!
[    0.143905] RETBleed: Vulnerable
[    0.143905] Speculative Store Bypass: Vulnerable
[    0.143910] TAA: Mitigation: TSX disabled
[    0.143911] MMIO Stale Data: Mitigation: Clear CPU buffers
[    0.148157] Freeing SMP alternatives memory: 40K
[    0.260190] smpboot: CPU0: Intel(R) Xeon(R) Silver 4216 CPU @ 2.10GHz (family: 0x6, model: 0x55, stepping: 0x7)
[    0.260317] Performance Events: unsupported p6 CPU model 85 no PMU driver, software events only.
[    0.260354] rcu: Hierarchical SRCU implementation.
[    0.260828] NMI watchdog: Perf NMI watchdog permanently disabled
[    0.260866] smp: Bringing up secondary CPUs ...
[    0.260867] smp: Brought up 1 node, 1 CPU
[    0.260868] smpboot: Max logical packages: 1
[    0.260869] smpboot: Total of 1 processors activated (4200.00 BogoMIPS)
[    0.261837] devtmpfs: initialized
[    0.261884] x86/mm: Memory block size: 128MB
[    0.262239] clocksource: jiffies: mask: 0xffffffff max_cycles: 0xffffffff, max_idle_ns: 7645041785100000 ns
[    0.262245] futex hash table entries: 256 (order: 2, 16384 bytes, linear)
[    0.262289] pinctrl core: initialized pinctrl subsystem
[    0.262392] PM: RTC time: 20:06:28, date: 2026-01-12
[    0.262500] NET: Registered protocol family 16
[    0.262574] audit: initializing netlink subsys (disabled)
[    0.262701] EISA bus registered
[    0.262703] cpuidle: using governor ladder
[    0.262703] cpuidle: using governor menu
[    0.262740] ACPI: bus type PCI registered
[    0.262741] acpiphp: ACPI Hot Plug PCI Controller Driver version: 0.5
[    0.262843] PCI: Using configuration type 1 for base access
[    0.263355] audit: type=2000 audit(1768219594.873:1): state=initialized audit_enabled=0 res=1
[    0.263436] HugeTLB registered 2.00 MiB page size, pre-allocated 0 pages
[    0.264266] ACPI: Added _OSI(Module Device)
[    0.264266] ACPI: Added _OSI(Processor Device)
[    0.264267] ACPI: Added _OSI(3.0 _SCP Extensions)
[    0.264268] ACPI: Added _OSI(Processor Aggregator Device)
[    0.264269] ACPI: Added _OSI(Linux-Dell-Video)
[    0.264269] ACPI: Added _OSI(Linux-Lenovo-NV-HDMI-Audio)
[    0.264270] ACPI: Added _OSI(Linux-HPI-Hybrid-Graphics)
[    0.266214] ACPI: 2 ACPI AML tables successfully acquired and loaded
[    0.267715] ACPI: Interpreter enabled
[    0.267724] ACPI: (supports S0 S5)
[    0.267726] ACPI: Using IOAPIC for interrupt routing
[    0.267938] PCI: Using host bridge windows from ACPI; if necessary, use "pci=nocrs" and report a bug
[    0.268046] ACPI: Enabled 2 GPEs in block 00 to 07
[    0.272927] ACPI: PCI Root Bridge [PCI0] (domain 0000 [bus 00-ff])
[    0.272933] acpi PNP0A03:00: _OSC: OS supports [ASPM ClockPM Segments MSI HPX-Type3]
[    0.273376] acpi PNP0A03:00: _OSC: not requesting OS control; OS requires [ExtendedConfig ASPM ClockPM MSI]
[    0.273384] acpi PNP0A03:00: fail to add MMCONFIG information, can't access extended PCI configuration space under this bridge.
[    0.273753] PCI host bridge to bus 0000:00
[    0.273755] pci_bus 0000:00: root bus resource [io  0x0000-0x0cf7 window]
[    0.273756] pci_bus 0000:00: root bus resource [io  0x0d00-0xffff window]
[    0.273758] pci_bus 0000:00: root bus resource [mem 0x000a0000-0x000bffff window]
[    0.273759] pci_bus 0000:00: root bus resource [mem 0x80000000-0xfdffffff window]
[    0.273760] pci_bus 0000:00: root bus resource [bus 00-ff]
[    0.273803] pci 0000:00:00.0: [8086:1237] type 00 class 0x060000
[    0.274729] pci 0000:00:01.0: [8086:7000] type 00 class 0x060100
[    0.275652] pci 0000:00:01.1: [8086:7111] type 00 class 0x01018a
[    0.276047] pci 0000:00:01.1: reg 0x20: [io  0xd000-0xd00f]
[    0.276202] pci 0000:00:01.1: legacy IDE quirk: reg 0x10: [io  0x01f0-0x01f7]
[    0.276203] pci 0000:00:01.1: legacy IDE quirk: reg 0x14: [io  0x03f6]
[    0.276204] pci 0000:00:01.1: legacy IDE quirk: reg 0x18: [io  0x0170-0x0177]
[    0.276205] pci 0000:00:01.1: legacy IDE quirk: reg 0x1c: [io  0x0376]
[    0.276743] pci 0000:00:02.0: [15ad:0405] type 00 class 0x030000
[    0.279155] pci 0000:00:02.0: reg 0x10: [io  0xd010-0xd01f]
[    0.283124] pci 0000:00:02.0: reg 0x14: [mem 0xe0000000-0xe7ffffff pref]
[    0.285885] pci 0000:00:02.0: reg 0x18: [mem 0xf0000000-0xf01fffff]
[    0.295924] pci 0000:00:03.0: [1022:2000] type 00 class 0x020000
[    0.296666] pci 0000:00:03.0: reg 0x10: [io  0xd020-0xd03f]
[    0.297326] pci 0000:00:03.0: reg 0x14: [mem 0xf0200000-0xf0200fff]
[    0.301713] pci 0000:00:04.0: [80ee:cafe] type 00 class 0x088000
[    0.302421] pci 0000:00:04.0: reg 0x10: [io  0xd040-0xd05f]
[    0.303122] pci 0000:00:04.0: reg 0x14: [mem 0xf0400000-0xf07fffff]
[    0.303748] pci 0000:00:04.0: reg 0x18: [mem 0xf0800000-0xf0803fff pref]
[    0.307118] pci 0000:00:07.0: [8086:7113] type 00 class 0x068000
[    0.307658] pci 0000:00:07.0: quirk: [io  0x4000-0x403f] claimed by PIIX4 ACPI
[    0.307669] pci 0000:00:07.0: quirk: [io  0x4100-0x410f] claimed by PIIX4 SMB
[    0.308314] pci 0000:00:08.0: [8086:100e] type 00 class 0x020000
[    0.309021] pci 0000:00:08.0: reg 0x10: [mem 0xf0820000-0xf083ffff]
[    0.310181] pci 0000:00:08.0: reg 0x18: [io  0xd060-0xd067]
[    0.313328] pci 0000:00:09.0: [8086:100e] type 00 class 0x020000
[    0.314038] pci 0000:00:09.0: reg 0x10: [mem 0xf0840000-0xf085ffff]
[    0.315749] pci 0000:00:09.0: reg 0x18: [io  0xd068-0xd06f]
[    0.324211] ACPI: PCI Interrupt Link [LNKA] (IRQs 5 9 10 *11)
[    0.327348] ACPI: PCI Interrupt Link [LNKB] (IRQs 5 9 *10 11)
[    0.327448] ACPI: PCI Interrupt Link [LNKC] (IRQs 5 *9 10 11)
[    0.327551] ACPI: PCI Interrupt Link [LNKD] (IRQs 5 9 10 *11)
[    0.327812] iommu: Default domain type: Translated 
[    0.327875] pci 0000:00:02.0: vgaarb: setting as boot VGA device
[    0.327877] pci 0000:00:02.0: vgaarb: VGA device added: decodes=io+mem,owns=io+mem,locks=none
[    0.327879] pci 0000:00:02.0: vgaarb: bridge control possible
[    0.327880] vgaarb: loaded
[    0.328090] SCSI subsystem initialized
[    0.328123] libata version 3.00 loaded.
[    0.328148] ACPI: bus type USB registered
[    0.328163] usbcore: registered new interface driver usbfs
[    0.328169] usbcore: registered new interface driver hub
[    0.328174] usbcore: registered new device driver usb
[    0.328202] pps_core: LinuxPPS API ver. 1 registered
[    0.328202] pps_core: Software ver. 5.3.6 - Copyright 2005-2007 Rodolfo Giometti <giometti@linux.it>
[    0.328205] PTP clock support registered
[    0.328238] EDAC MC: Ver: 3.0.0
[    0.328540] PCI: Using ACPI for IRQ routing
[    0.328541] PCI: pci_cache_line_size set to 64 bytes
[    0.328723] e820: reserve RAM buffer [mem 0x0009fc00-0x0009ffff]
[    0.328727] e820: reserve RAM buffer [mem 0x7fff0000-0x7fffffff]
[    0.329510] NetLabel: Initializing
[    0.329510] NetLabel:  domain hash size = 128
[    0.329511] NetLabel:  protocols = UNLABELED CIPSOv4 CALIPSO
[    0.329530] NetLabel:  unlabeled traffic allowed by default
[    0.330441] clocksource: Switched to clocksource kvm-clock
[    0.341744] *** VALIDATE bpf ***
[    0.341808] VFS: Disk quotas dquot_6.6.0
[    0.341821] VFS: Dquot-cache hash table entries: 512 (order 0, 4096 bytes)
[    0.341845] *** VALIDATE ramfs ***
[    0.341848] *** VALIDATE hugetlbfs ***
[    0.341930] AppArmor: AppArmor Filesystem Enabled
[    0.341956] pnp: PnP ACPI init
[    0.342025] pnp 00:00: Plug and Play ACPI device, IDs PNP0303 (active)
[    0.342092] pnp 00:01: Plug and Play ACPI device, IDs PNP0f03 (active)
[    0.342828] pnp: PnP ACPI: found 2 devices
[    0.343816] thermal_sys: Registered thermal governor 'fair_share'
[    0.343817] thermal_sys: Registered thermal governor 'bang_bang'
[    0.343817] thermal_sys: Registered thermal governor 'step_wise'
[    0.343818] thermal_sys: Registered thermal governor 'user_space'
[    0.343819] thermal_sys: Registered thermal governor 'power_allocator'
[    0.348354] clocksource: acpi_pm: mask: 0xffffff max_cycles: 0xffffff, max_idle_ns: 2085701024 ns
[    0.348394] pci_bus 0000:00: resource 4 [io  0x0000-0x0cf7 window]
[    0.348396] pci_bus 0000:00: resource 5 [io  0x0d00-0xffff window]
[    0.348397] pci_bus 0000:00: resource 6 [mem 0x000a0000-0x000bffff window]
[    0.348398] pci_bus 0000:00: resource 7 [mem 0x80000000-0xfdffffff window]
[    0.348462] NET: Registered protocol family 2
[    0.348537] IP idents hash table entries: 32768 (order: 6, 262144 bytes, linear)
[    0.348946] MPTCP tokens hash table entries: 8192 (order: 4, 65536 bytes, linear)
[    0.348967] MPTCP request tokens hash table entries: 8192 (order: 4, 65536 bytes, linear)
[    0.348992] default registered
[    0.348992] default registered
[    0.348992] MPTCP: Stable release v0.96
[    0.348997] tcp_listen_portaddr_hash hash table entries: 1024 (order: 2, 16384 bytes, linear)
[    0.349077] TCP established hash table entries: 16384 (order: 5, 131072 bytes, linear)
[    0.349156] TCP bind hash table entries: 16384 (order: 6, 262144 bytes, linear)
[    0.349191] TCP: Hash tables configured (established 16384 bind 16384)
[    0.349908] UDP hash table entries: 1024 (order: 3, 32768 bytes, linear)
[    0.349920] UDP-Lite hash table entries: 1024 (order: 3, 32768 bytes, linear)
[    0.349957] NET: Registered protocol family 1
[    0.349967] NET: Registered protocol family 44
[    0.349989] pci 0000:00:00.0: Limiting direct PCI/PCI transfers
[    0.350002] pci 0000:00:01.0: Activating ISA DMA hang workarounds
[    0.350054] pci 0000:00:02.0: Video device with shadowed ROM at [mem 0x000c0000-0x000dffff]
[    0.350118] PCI: CLS 0 bytes, default 64
[    0.350166] Trying to unpack rootfs image as initramfs...
[    0.527989] Freeing initrd memory: 47868K
[    0.527989] clocksource: tsc: mask: 0xffffffffffffffff max_cycles: 0x1e4530a99b6, max_idle_ns: 440795257976 ns
[    0.527989] clocksource: Switched to clocksource tsc
[    0.527989] platform rtc_cmos: registered platform RTC device (no PNP device found)
[    0.527989] check: Scanning for low memory corruption every 60 seconds
[    0.527989] Initialise system trusted keyrings
[    0.527989] Key type blacklist registered
[    0.527989] workingset: timestamp_bits=36 max_order=19 bucket_order=0
[    0.527989] zbud: loaded
[    0.527989] squashfs: version 4.0 (2009/01/31) Phillip Lougher
[    0.527989] fuse: init (API version 7.31)
[    0.527989] *** VALIDATE fuse ***
[    0.527989] *** VALIDATE fuse ***
[    0.527989] Platform Keyring initialized
[    0.527989] Key type asymmetric registered
[    0.527989] Asymmetric key parser 'x509' registered
[    0.527989] Block layer SCSI generic (bsg) driver version 0.4 loaded (major 244)
[    0.527989] io scheduler mq-deadline registered
[    0.527989] shpchp: Standard Hot Plug PCI Controller Driver version: 0.4
[    0.542138] ACPI: AC Adapter [AC] (on-line)
[    0.542185] input: Power Button as /devices/LNXSYSTM:00/LNXPWRBN:00/input/input0
[    0.542212] ACPI: Power Button [PWRF]
[    0.542296] input: Sleep Button as /devices/LNXSYSTM:00/LNXSLPBN:00/input/input1
[    0.542311] ACPI: Sleep Button [SLPF]
[    0.542536] Serial: 8250/16550 driver, 32 ports, IRQ sharing enabled
[    0.543701] Linux agpgart interface v0.103
[    0.639140] loop: module loaded
[    0.639298] ata_piix 0000:00:01.1: version 2.13
[    0.639700] scsi host0: ata_piix
[    0.639791] scsi host1: ata_piix
[    0.639817] ata1: PATA max UDMA/33 cmd 0x1f0 ctl 0x3f6 bmdma 0xd000 irq 14
[    0.639818] ata2: PATA max UDMA/33 cmd 0x170 ctl 0x376 bmdma 0xd008 irq 15
[    0.639901] tun: Universal TUN/TAP device driver, 1.6
[    0.640232] PPP generic driver version 2.4.2
[    0.640274] VFIO - User Level meta-driver version: 0.3
[    0.640514] ehci_hcd: USB 2.0 'Enhanced' Host Controller (EHCI) Driver
[    0.640519] ehci-pci: EHCI PCI platform driver
[    0.640535] ehci-platform: EHCI generic platform driver
[    0.640540] ohci_hcd: USB 1.1 'Open' Host Controller (OHCI) Driver
[    0.640542] ohci-pci: OHCI PCI platform driver
[    0.640549] ohci-platform: OHCI generic platform driver
[    0.640553] uhci_hcd: USB Universal Host Controller Interface driver
[    0.640619] i8042: PNP: PS/2 Controller [PNP0303:PS2K,PNP0f03:PS2M] at 0x60,0x64 irq 1,12
[    0.641056] serio: i8042 KBD port at 0x60,0x64 irq 1
[    0.641060] serio: i8042 AUX port at 0x60,0x64 irq 12
[    0.641161] mousedev: PS/2 mouse device common for all mice
[    0.641451] input: AT Translated Set 2 keyboard as /devices/platform/i8042/serio0/input/input2
[    0.641853] rtc_cmos rtc_cmos: registered as rtc0
[    0.641865] rtc_cmos rtc_cmos: alarms up to one day, 114 bytes nvram
[    0.641870] i2c /dev entries driver
[    0.641915] device-mapper: uevent: version 1.0.3
[    0.641958] device-mapper: ioctl: 4.41.0-ioctl (2019-09-16) initialised: dm-devel@redhat.com
[    0.641974] platform eisa.0: Probing EISA bus 0
[    0.641975] platform eisa.0: EISA: Cannot allocate resource for mainboard
[    0.641976] platform eisa.0: Cannot allocate resource for EISA slot 1
[    0.641977] platform eisa.0: Cannot allocate resource for EISA slot 2
[    0.641978] platform eisa.0: Cannot allocate resource for EISA slot 3
[    0.641979] platform eisa.0: Cannot allocate resource for EISA slot 4
[    0.641980] platform eisa.0: Cannot allocate resource for EISA slot 5
[    0.641981] platform eisa.0: Cannot allocate resource for EISA slot 6
[    0.641982] platform eisa.0: Cannot allocate resource for EISA slot 7
[    0.641983] platform eisa.0: Cannot allocate resource for EISA slot 8
[    0.641984] platform eisa.0: EISA: Detected 0 cards
[    0.641987] intel_pstate: CPU model not supported
[    0.641996] ledtrig-cpu: registered to indicate activity on CPUs
[    0.642050] drop_monitor: Initializing network drop monitor service
[    0.642209] NET: Registered protocol family 10
[    0.647688] Segment Routing with IPv6
[    0.647719] fullmesh registered
[    0.647720] ndiffports registered
[    0.647722] binder registered
[    0.647722] roundrobin registered
[    0.647723] redundant registered
[    0.647723] blest registered
[    0.647724] ecf registered
[    0.647726] NET: Registered protocol family 17
[    0.647756] Key type dns_resolver registered
[    0.647917] RAS: Correctable Errors collector initialized.
[    0.647930] IPI shorthand broadcast: enabled
[    0.647944] sched_clock: Marking stable (636063094, 11102393)->(649754847, -2589360)
[    0.647990] registered taskstats version 1
[    0.647999] Loading compiled-in X.509 certificates
[    0.648664] Loaded X.509 cert 'Build time autogenerated kernel key: 6909f3744cebb3d0de528d5887b96a727de79b1e'
[    0.648684] zswap: loaded using pool lzo/zbud
[    0.648742] Key type ._fscrypt registered
[    0.648743] Key type .fscrypt registered
[    0.653357] Key type big_key registered
[    0.655553] Key type encrypted registered
[    0.655555] AppArmor: AppArmor sha1 policy hashing enabled
[    0.655562] ima: No TPM chip found, activating TPM-bypass!
[    0.655567] ima: Allocated hash algorithm: sha1
[    0.655573] ima: No architecture policies found
[    0.655583] evm: Initialising EVM extended attributes:
[    0.655584] evm: security.selinux
[    0.655585] evm: security.SMACK64
[    0.655585] evm: security.SMACK64EXEC
[    0.655585] evm: security.SMACK64TRANSMUTE
[    0.655586] evm: security.SMACK64MMAP
[    0.655586] evm: security.apparmor
[    0.655587] evm: security.ima
[    0.655587] evm: security.capability
[    0.655588] evm: HMAC attrs: 0x1
[    0.655881] PM:   Magic number: 10:58:144
[    0.655883] PM:   hash matches drivers/base/power/main.c:1831
[    0.655888] ata_port ata1: hash matches
[    0.655889]  ata1: hash matches
[    0.656005] rtc_cmos rtc_cmos: setting system clock to 2026-01-12T20:06:29 UTC (1768248389)
[    0.811020] ata1.00: ATA-6: VBOX HARDDISK, 1.0, max UDMA/133
[    0.811022] ata1.00: 209715200 sectors, multi 128: LBA 
[    0.811458] scsi 0:0:0:0: Direct-Access     ATA      VBOX HARDDISK    1.0  PQ: 0 ANSI: 5
[    0.811633] sd 0:0:0:0: [sda] 209715200 512-byte logical blocks: (107 GB/100 GiB)
[    0.811640] sd 0:0:0:0: [sda] Write Protect is off
[    0.811641] sd 0:0:0:0: [sda] Mode Sense: 00 3a 00 00
[    0.811651] sd 0:0:0:0: [sda] Write cache: enabled, read cache: enabled, doesn't support DPO or FUA
[    0.811840] sd 0:0:0:0: Attached scsi generic sg0 type 0
[    0.812710]  sda: sda1 sda2
[    0.823217] sd 0:0:0:0: [sda] Attached SCSI disk
[    0.825000] Freeing unused decrypted memory: 2040K
[    0.825693] Freeing unused kernel image memory: 2728K
[    0.825695] Write protecting the kernel read-only data: 22528k
[    0.826343] Freeing unused kernel image memory: 2036K
[    0.826726] Freeing unused kernel image memory: 1432K
[    0.839736] x86/mm: Checked W+X mappings: passed, no W+X pages found.
[    0.839740] Run /init as init process
[    0.930759] ACPI: Video Device [GFX0] (multi-head: yes  rom: no  post: no)
[    0.930833] input: Video Bus as /devices/LNXSYSTM:00/LNXSYBUS:00/PNP0A03:00/LNXVIDEO:00/input/input4
[    0.944553] pcnet32: pcnet32.c:v1.35 21.Apr.2008 tsbogend@alpha.franken.de
[    0.946303] piix4_smbus 0000:00:07.0: SMBus Host Controller at 0x4100, revision 0
[    0.948804] e1000: Intel(R) PRO/1000 Network Driver - version 7.3.21-k8-NAPI
[    0.948805] e1000: Copyright (c) 1999-2006 Intel Corporation.
[    0.959942] pcnet32: PCnet/FAST III 79C973 at 0xd020, 08:00:27:39:eb:af assigned IRQ 19
[    0.959989] pcnet32: Found PHY 0022:561b at address 0
[    0.960292] pcnet32: eth0: registered as PCnet/FAST III 79C973
[    0.966077] pcnet32: 1 cards_found
[    1.022034] pcnet32 0000:00:03.0 enp0s3: renamed from eth0
[    1.168081] input: ImExPS/2 Generic Explorer Mouse as /devices/platform/i8042/serio1/input/input5
[    1.363899] e1000 0000:00:08.0 eth0: (PCI:33MHz:32-bit) 08:00:27:8a:09:06
[    1.363902] e1000 0000:00:08.0 eth0: Intel(R) PRO/1000 Network Connection
[    1.735565] e1000 0000:00:09.0 eth1: (PCI:33MHz:32-bit) 08:00:27:99:a2:17
[    1.735568] e1000 0000:00:09.0 eth1: Intel(R) PRO/1000 Network Connection
[    1.736685] e1000 0000:00:09.0 enp0s9: renamed from eth1
[    1.738511] e1000 0000:00:08.0 enp0s8: renamed from eth0
[    2.514368] EXT4-fs (sda2): mounted filesystem with ordered data mode. Opts: (null)
[    2.661671] systemd[1]: Inserted module 'autofs4'
[    2.674516] systemd[1]: systemd 245.4-4ubuntu3 running in system mode. (+PAM +AUDIT +SELINUX +IMA +APPARMOR +SMACK +SYSVINIT +UTMP +LIBCRYPTSETUP +GCRYPT +GNUTLS +ACL +XZ +LZ4 +SECCOMP +BLKID +ELFUTILS +KMOD +IDN2 -IDN +PCRE2 default-hierarchy=hybrid)
[    2.674546] systemd[1]: Detected virtualization oracle.
[    2.674549] systemd[1]: Detected architecture x86-64.
[    2.675992] systemd[1]: Set hostname to <ztg>.
[    2.840573] systemd[1]: /lib/systemd/system/dbus.socket:5: ListenStream= references a path below legacy directory /var/run/, updating /var/run/dbus/system_bus_socket â†’ /run/dbus/system_bus_socket; please update the unit file accordingly.
[    2.908806] systemd[1]: Created slice system-modprobe.slice.
[    2.908991] systemd[1]: Created slice User and Session Slice.
[    2.909039] systemd[1]: Started Forward Password Requests to Wall Directory Watch.
[    2.909232] systemd[1]: Set up automount Arbitrary Executable File Formats File System Automount Point.
[    2.909270] systemd[1]: Reached target User and Group Name Lookups.
[    2.909279] systemd[1]: Reached target Remote File Systems.
[    2.909288] systemd[1]: Reached target Slices.
[    2.909980] systemd[1]: Listening on Syslog Socket.
[    2.910077] systemd[1]: Listening on fsck to fsckd communication Socket.
[    2.910132] systemd[1]: Listening on initctl Compatibility Named Pipe.
[    2.910269] systemd[1]: Listening on Journal Audit Socket.
[    2.910321] systemd[1]: Listening on Journal Socket (/dev/log).
[    2.910409] systemd[1]: Listening on Journal Socket.
[    2.910477] systemd[1]: Listening on udev Control Socket.
[    2.910517] systemd[1]: Listening on udev Kernel Socket.
[    2.911319] systemd[1]: Mounting Huge Pages File System...
[    2.912246] systemd[1]: Mounting POSIX Message Queue File System...
[    2.913120] systemd[1]: Mounting Kernel Debug File System...
[    2.914036] systemd[1]: Mounting Kernel Trace File System...
[    2.915966] systemd[1]: Starting Journal Service...
[    2.942991] systemd[1]: Starting Set the console keyboard layout...
[    2.947290] systemd[1]: Starting Create list of static device nodes for the current kernel...
[    2.950928] systemd[1]: Starting Load Kernel Module drm...
[    2.956142] systemd[1]: Condition check resulted in Set Up Additional Binary Formats being skipped.
[    2.956177] systemd[1]: Condition check resulted in File System Check on Root Device being skipped.
[    2.961781] systemd[1]: Starting Load Kernel Modules...
[    2.962544] systemd[1]: Starting Remount Root and Kernel File Systems...
[    2.977861] systemd[1]: Starting udev Coldplug all Devices...
[    2.985341] systemd[1]: Starting Uncomplicated firewall...
[    2.986930] systemd[1]: Mounted Huge Pages File System.
[    2.987020] systemd[1]: Mounted POSIX Message Queue File System.
[    2.987096] systemd[1]: Mounted Kernel Debug File System.
[    3.021987] EXT4-fs (sda2): re-mounted. Opts: errors=remount-ro
[    3.031309] systemd[1]: Mounted Kernel Trace File System.
[    3.032587] systemd[1]: Finished Create list of static device nodes for the current kernel.
[    3.033153] systemd[1]: modprobe@drm.service: Succeeded.
[    3.035465] systemd[1]: Finished Load Kernel Module drm.
[    3.035848] systemd[1]: Finished Remount Root and Kernel File Systems.
[    3.037588] systemd[1]: Finished Uncomplicated firewall.
[    3.041327] systemd[1]: Condition check resulted in Rebuild Hardware Database being skipped.
[    3.041362] systemd[1]: Condition check resulted in Platform Persistent Storage Archival being skipped.
[    3.042121] systemd[1]: Starting Load/Save Random Seed...
[    3.047858] systemd[1]: Starting Create System Users...
[    3.068308] lp: driver loaded but no devices found
[    3.069278] systemd[1]: Finished Load/Save Random Seed.
[    3.075696] systemd[1]: Finished Create System Users.
[    3.076484] systemd[1]: Starting Create Static Device Nodes in /dev...
[    3.081401] ppdev: user-space parallel port driver
[    3.117932] systemd[1]: Finished Create Static Device Nodes in /dev.
[    3.118849] systemd[1]: Starting udev Kernel Device Manager...
[    3.166607] [drm] DMA map mode: Caching DMA mappings.
[    3.166672] [drm] Capabilities:
[    3.166672] [drm]   Rect copy.
[    3.166673] [drm]   Cursor.
[    3.166673] [drm]   Cursor bypass.
[    3.166673] [drm]   Cursor bypass 2.
[    3.166674] [drm]   Alpha cursor.
[    3.166674] [drm]   Extended Fifo.
[    3.166674] [drm]   Pitchlock.
[    3.166675] [drm]   Irq mask.
[    3.166675] [drm]   GMR.
[    3.166675] [drm]   Traces.
[    3.166676] [drm]   GMR2.
[    3.166676] [drm]   Screen Object 2.
[    3.166676] [drm]   Command Buffers.
[    3.166677] [drm]   Command Buffers 2.
[    3.166677] [drm]   Guest Backed Resources.
[    3.166678] [drm] Max GMR ids is 8192
[    3.166679] [drm] Max number of GMR pages is 1048576
[    3.166679] [drm] Max dedicated hypervisor surface memory is 393216 kiB
[    3.166680] [drm] Maximum display memory size is 131072 kiB
[    3.166680] [drm] VRAM at 0xe0000000 size is 131072 kiB
[    3.166681] [drm] MMIO at 0xf0000000 size is 2048 kiB
[    3.169573] systemd[1]: Finished udev Coldplug all Devices.
[    3.172732] [TTM] Zone  kernel: Available graphics memory: 1011738 KiB
[    3.172733] [TTM] Initializing pool allocator
[    3.172737] [TTM] Initializing DMA pool allocator
[    3.172766] [drm] Supports vblank timestamp caching Rev 2 (21.10.2013).
[    3.172767] [drm] No driver support for vblank timestamp query.
[    3.173027] [drm] Screen Target Display device initialized
[    3.173289] [drm] width 720
[    3.173299] [drm] height 400
[    3.173302] [drm] bpp 32
[    3.173840] [drm] Fifo max 0x00200000 min 0x00001000 cap 0x00000355
[    3.174908] [drm] Using command buffers with DMA pool.
[    3.174912] [drm] DX: no.
[    3.174912] [drm] Atomic: yes.
[    3.174913] [drm] SM4_1: no.
[    3.174932] [drm:vmw_host_log [vmwgfx]] *ERROR* Failed to send host log message.
[    3.176026] [drm:vmw_host_log [vmwgfx]] *ERROR* Failed to send host log message.
[    3.195552] fbcon: svgadrmfb (fb0) is primary device
[    3.197848] Console: switching to colour frame buffer device 100x37
[    3.211423] [drm] Initialized vmwgfx 2.15.0 20180704 for 0000:00:02.0 on minor 0
[    3.212616] systemd[1]: Finished Load Kernel Modules.
[    3.213638] systemd[1]: Mounting FUSE Control File System...
[    3.214575] systemd[1]: Mounting Kernel Configuration File System...
[    3.235107] systemd[1]: Starting Apply Kernel Variables...
[    3.255542] systemd[1]: Mounted FUSE Control File System.
[    3.255621] systemd[1]: Condition check resulted in VMware vmblock fuse mount being skipped.
[    3.267137] systemd[1]: Mounted Kernel Configuration File System.
[    3.268369] systemd[1]: Finished Set the console keyboard layout.
[    3.268464] systemd[1]: Reached target Local File Systems (Pre).
[    3.272017] systemd[1]: Mounting Mount unit for bare, revision 5...
[    3.277770] systemd[1]: Mounting Mount unit for core18, revision 1705...
[    3.281517] systemd[1]: Mounting Mount unit for gnome-3-34-1804, revision 24...
[    3.312448] systemd[1]: Mounting Mount unit for gtk-common-themes, revision 1506...
[    3.324902] systemd[1]: Mounting Mount unit for gtk-common-themes, revision 1535...
[    3.329041] systemd[1]: Mounting Mount unit for snap-store, revision 433...
[    3.342026] systemd[1]: Mounting Mount unit for snapd, revision 25935...
[    3.346331] systemd[1]: Mounting Mount unit for snapd, revision 7264...
[    3.351551] systemd[1]: Started udev Kernel Device Manager.
[    3.373874] systemd[1]: Finished Apply Kernel Variables.
[    3.375219] systemd[1]: Mounted Mount unit for bare, revision 5.
[    3.382270] systemd[1]: Starting Show Plymouth Boot Screen...
[    3.382488] systemd[1]: Mounted Mount unit for gnome-3-34-1804, revision 24.
[    3.389653] systemd[1]: Received SIGRTMIN+20 from PID 282 (plymouthd).
[    3.395369] systemd[1]: Mounted Mount unit for core18, revision 1705.
[    3.417068] systemd[1]: Started Show Plymouth Boot Screen.
[    3.417349] systemd[1]: Condition check resulted in Dispatch Password Requests to Console Directory Watch being skipped.
[    3.417466] systemd[1]: Started Forward Password Requests to Plymouth Directory Watch.
[    3.417535] systemd[1]: Reached target Local Encrypted Volumes.
[    3.460157] systemd[1]: Mounted Mount unit for gtk-common-themes, revision 1506.
[    3.461841] systemd[1]: Mounted Mount unit for snap-store, revision 433.
[    3.518686] systemd[1]: Mounted Mount unit for gtk-common-themes, revision 1535.
[    3.518994] systemd[1]: Mounted Mount unit for snapd, revision 25935.
[    3.519181] systemd[1]: Mounted Mount unit for snapd, revision 7264.
[    3.519337] systemd[1]: Reached target Local File Systems.
[    3.521793] systemd[1]: Starting Load AppArmor profiles...
[    3.522683] systemd[1]: Starting Set console font and keymap...
[    3.538723] systemd[1]: Starting Tell Plymouth To Write Out Runtime Data...
[    3.539054] systemd[1]: Condition check resulted in Store a System Token in an EFI Variable being skipped.
[    3.539086] systemd[1]: Condition check resulted in Commit a transient machine-id on disk being skipped.
[    3.544495] systemd[1]: Finished Set console font and keymap.
[    3.546353] systemd[1]: Received SIGRTMIN+20 from PID 282 (plymouthd).
[    3.548406] systemd[1]: plymouth-read-write.service: Succeeded.
[    3.548664] systemd[1]: Finished Tell Plymouth To Write Out Runtime Data.
[    3.576729] audit: type=1400 audit(1768248392.416:2): apparmor="STATUS" operation="profile_load" profile="unconfined" name="nvidia_modprobe" pid=302 comm="apparmor_parser"
[    3.576731] audit: type=1400 audit(1768248392.416:3): apparmor="STATUS" operation="profile_load" profile="unconfined" name="nvidia_modprobe//kmod" pid=302 comm="apparmor_parser"
[    3.601305] audit: type=1400 audit(1768248392.440:4): apparmor="STATUS" operation="profile_load" profile="unconfined" name="/usr/sbin/tcpdump" pid=303 comm="apparmor_parser"
[    3.629844] audit: type=1400 audit(1768248392.464:5): apparmor="STATUS" operation="profile_load" profile="unconfined" name="/usr/bin/evince" pid=305 comm="apparmor_parser"
[    3.629846] audit: type=1400 audit(1768248392.464:6): apparmor="STATUS" operation="profile_load" profile="unconfined" name="/usr/bin/evince//sanitized_helper" pid=305 comm="apparmor_parser"
[    3.629848] audit: type=1400 audit(1768248392.464:7): apparmor="STATUS" operation="profile_load" profile="unconfined" name="/usr/bin/evince-previewer" pid=305 comm="apparmor_parser"
[    3.629849] audit: type=1400 audit(1768248392.464:8): apparmor="STATUS" operation="profile_load" profile="unconfined" name="/usr/bin/evince-previewer//sanitized_helper" pid=305 comm="apparmor_parser"
[    3.629850] audit: type=1400 audit(1768248392.464:9): apparmor="STATUS" operation="profile_load" profile="unconfined" name="/usr/bin/evince-thumbnailer" pid=305 comm="apparmor_parser"
[    3.662153] audit: type=1400 audit(1768248392.500:10): apparmor="STATUS" operation="profile_load" profile="unconfined" name="/usr/lib/cups/backend/cups-pdf" pid=306 comm="apparmor_parser"
[    3.732504] systemd[1]: Finished Load AppArmor profiles.
[    3.733472] systemd[1]: Starting Load AppArmor profiles managed internally by snapd...
[    4.016518] systemd[1]: Started Journal Service.
[    4.024368] systemd-journald[229]: Received client request to flush runtime journal.
[    4.028971] systemd-journald[229]: File /var/log/journal/c455b248004a419c87ce85eea238d727/system.journal corrupted or uncleanly shut down, renaming and replacing.
[    5.983017] RAPL PMU: API unit is 2^-32 Joules, 0 fixed counters, 10737418240 ms ovfl timer
[    6.010302] kauditd_printk_skb: 24 callbacks suppressed
[    6.010304] audit: type=1400 audit(1768248394.844:35): apparmor="STATUS" operation="profile_load" profile="unconfined" name="/snap/snapd/25935/usr/lib/snapd/snap-confine" pid=325 comm="apparmor_parser"
[    6.010817] audit: type=1400 audit(1768248394.844:36): apparmor="STATUS" operation="profile_load" profile="unconfined" name="/snap/snapd/25935/usr/lib/snapd/snap-confine//mount-namespace-capture-helper" pid=325 comm="apparmor_parser"
[    6.016275] audit: type=1400 audit(1768248394.856:37): apparmor="STATUS" operation="profile_load" profile="unconfined" name="snap.snap-store.snap-store" pid=345 comm="apparmor_parser"
[    6.019101] audit: type=1400 audit(1768248394.856:38): apparmor="STATUS" operation="profile_load" profile="unconfined" name="snap.snap-store.ubuntu-software" pid=346 comm="apparmor_parser"
[    6.023924] audit: type=1400 audit(1768248394.864:39): apparmor="STATUS" operation="profile_load" profile="unconfined" name="snap.snap-store.ubuntu-software-local-file" pid=347 comm="apparmor_parser"
[    6.036944] audit: type=1400 audit(1768248394.876:40): apparmor="STATUS" operation="profile_load" profile="unconfined" name="snap-update-ns.snap-store" pid=348 comm="apparmor_parser"
[    6.061114] cryptd: max_cpu_qlen set to 1000
[    6.151190] AVX2 version of gcm_enc/dec engaged.
[    6.151191] AES CTR mode by8 optimization enabled
[    7.950303] Adding 1998844k swap on /dev/sda1.  Priority:-2 extents:1 across:1998844k FS
[    9.027982] audit: type=1400 audit(1768248397.860:41): apparmor="DENIED" operation="capable" profile="/usr/sbin/cups-browsed" pid=525 comm="cups-browsed" capability=23  capname="sys_nice"
[   11.016045] pcnet32 0000:00:03.0 enp0s3: link up, 100Mbps, full-duplex
[   11.059704] e1000: enp0s8 NIC Link is Up 1000 Mbps Full Duplex, Flow Control: RX
[   11.059999] IPv6: ADDRCONF(NETDEV_CHANGE): enp0s8: link becomes ready
[   11.086989] e1000: enp0s9 NIC Link is Up 1000 Mbps Full Duplex, Flow Control: RX
[   11.087305] IPv6: ADDRCONF(NETDEV_CHANGE): enp0s9: link becomes ready
[   11.744460] device enp0s3 entered promiscuous mode
[   11.783429] audit: type=1400 audit(1768248400.624:42): apparmor="DENIED" operation="open" profile="/usr/sbin/tcpdump" name="/proc/sys/kernel/random/boot_id" pid=643 comm="tcpdump" requested_mask="r" denied_mask="r" fsuid=0 ouid=0
[   11.784056] audit: type=1400 audit(1768248400.624:43): apparmor="DENIED" operation="open" profile="/usr/sbin/tcpdump" name="/proc/sys/kernel/random/boot_id" pid=643 comm="tcpdump" requested_mask="r" denied_mask="r" fsuid=0 ouid=0
[   11.784183] audit: type=1400 audit(1768248400.624:44): apparmor="DENIED" operation="open" profile="/usr/sbin/tcpdump" name="/proc/sys/kernel/random/boot_id" pid=643 comm="tcpdump" requested_mask="r" denied_mask="r" fsuid=0 ouid=0
[   11.784241] audit: type=1400 audit(1768248400.624:45): apparmor="DENIED" operation="open" profile="/usr/sbin/tcpdump" name="/proc/sys/kernel/random/boot_id" pid=643 comm="tcpdump" requested_mask="r" denied_mask="r" fsuid=0 ouid=0
[   11.787561] audit: type=1400 audit(1768248400.628:46): apparmor="DENIED" operation="open" profile="/usr/sbin/tcpdump" name="/proc/sys/kernel/random/boot_id" pid=644 comm="tcpdump" requested_mask="r" denied_mask="r" fsuid=0 ouid=0
[   11.789727] audit: type=1400 audit(1768248400.628:47): apparmor="DENIED" operation="open" profile="/usr/sbin/tcpdump" name="/proc/sys/kernel/random/boot_id" pid=644 comm="tcpdump" requested_mask="r" denied_mask="r" fsuid=0 ouid=0
[   11.789801] audit: type=1400 audit(1768248400.628:48): apparmor="DENIED" operation="open" profile="/usr/sbin/tcpdump" name="/proc/sys/kernel/random/boot_id" pid=644 comm="tcpdump" requested_mask="r" denied_mask="r" fsuid=0 ouid=0
[   11.789882] audit: type=1400 audit(1768248400.628:49): apparmor="DENIED" operation="open" profile="/usr/sbin/tcpdump" name="/proc/sys/kernel/random/boot_id" pid=644 comm="tcpdump" requested_mask="r" denied_mask="r" fsuid=0 ouid=0
[   17.617990] audit: type=1400 audit(1768248406.448:50): apparmor="STATUS" operation="profile_replace" profile="unconfined" name="/snap/snapd/25935/usr/lib/snapd/snap-confine" pid=1007 comm="apparmor_parser"
[   17.627393] audit: type=1400 audit(1768248406.468:51): apparmor="STATUS" operation="profile_replace" info="same as current profile, skipping" profile="unconfined" name="/snap/snapd/25935/usr/lib/snapd/snap-confine//mount-namespace-capture-helper" pid=1007 comm="apparmor_parser"
[   18.738436] rfkill: input handler disabled
[   22.832738] audit: type=1400 audit(1768248411.672:52): apparmor="STATUS" operation="profile_replace" profile="unconfined" name="snap-update-ns.snap-store" pid=1022 comm="apparmor_parser"
[   23.317443] audit: type=1400 audit(1768248412.148:53): apparmor="STATUS" operation="profile_replace" profile="unconfined" name="snap.snap-store.snap-store" pid=1186 comm="apparmor_parser"
[   23.795268] audit: type=1400 audit(1768248412.628:54): apparmor="STATUS" operation="profile_replace" profile="unconfined" name="snap.snap-store.ubuntu-software" pid=1187 comm="apparmor_parser"
[   24.286096] audit: type=1400 audit(1768248413.124:55): apparmor="STATUS" operation="profile_replace" profile="unconfined" name="snap.snap-store.ubuntu-software-local-file" pid=1188 comm="apparmor_parser"
[  711.141802] AAAAA-TCP_FORW: name:enp0s3: saddr:16783984: daddr:100932208
[  711.590393] AAAAA-TCP_FORW: name:enp0s3: saddr:100932208: daddr:16783984
[  711.713764] AAAAA-TCP_FORW: name:enp0s3: saddr:100932208: daddr:16783984
[  790.387840] AAAAA-TCP_FORW: name:enp0s3: saddr:33561200: daddr:100932208
[  790.508200] AAAAA-TCP_FORW: name:enp0s3: saddr:33561200: daddr:100932208
[  791.208277] AAAAA-TCP_FORW: name:enp0s3: saddr:33561200: daddr:100932208
[  791.431337] AAAAA-TCP_FORW: name:enp0s3: saddr:33561200: daddr:100932208
[  791.550717] AAAAA-TCP_FORW: name:enp0s3: saddr:33561200: daddr:100932208
[  792.306032] AAAAA-TCP_FORW: name:enp0s3: saddr:16783984: daddr:100932208
[  792.924227] AAAAA-TCP_FORW: name:enp0s3: saddr:16783984: daddr:100932208
[  793.331835] AAAAA-TCP_FORW: name:enp0s3: saddr:16783984: daddr:100932208
[  793.433938] AAAAA-TCP_FORW: name:enp0s3: saddr:16783984: daddr:100932208
[  794.203589] AAAAA-TCP_FORW: name:enp0s3: saddr:16783984: daddr:100932208
[  794.558040] AAAAA-TCP_FORW: name:enp0s3: saddr:16783984: daddr:100932208
[  794.748268] AAAAA-TCP_FORW: name:enp0s3: saddr:16783984: daddr:100932208
[  794.937195] AAAAA-TCP_FORW: name:enp0s3: saddr:16783984: daddr:100932208
[  795.059001] AAAAA-TCP_FORW: name:enp0s3: saddr:16783984: daddr:100932208
[  795.393087] AAAAA-TCP_FORW: name:enp0s3: saddr:33561200: daddr:100932208
[  795.461001] AAAAA-TCP_FORW: name:enp0s3: saddr:33561200: daddr:100932208
[  795.790730] AAAAA-TCP_FORW: name:enp0s3: saddr:33561200: daddr:100932208
[  795.872870] AAAAA-TCP_FORW: name:enp0s3: saddr:33561200: daddr:100932208
[  796.110105] AAAAA-TCP_FORW: name:enp0s3: saddr:33561200: daddr:100932208
[  796.541923] AAAAA-TCP_FORW: name:enp0s3: saddr:33561200: daddr:100932208
[  796.698386] AAAAA-TCP_FORW: name:enp0s3: saddr:33561200: daddr:100932208
[  797.043043] AAAAA-TCP_FORW: name:enp0s3: saddr:16783984: daddr:100932208
[  797.072069] AAAAA-TCP_FORW: name:enp0s3: saddr:16783984: daddr:100932208
[  797.248214] AAAAA-TCP_FORW: name:enp0s3: saddr:16783984: daddr:100932208
[  797.562572] AAAAA-TCP_FORW: name:enp0s3: saddr:16783984: daddr:100932208
[  797.674688] AAAAA-TCP_FORW: name:enp0s3: saddr:16783984: daddr:100932208
[  797.875566] AAAAA-TCP_FORW: name:enp0s3: saddr:16783984: daddr:100932208
[  798.167410] AAAAA-TCP_FORW: name:enp0s3: saddr:16783984: daddr:100932208
[  798.405827] AAAAA-TCP_FORW: name:enp0s3: saddr:33561200: daddr:100932208
[  798.635580] AAAAA-TCP_FORW: name:enp0s3: saddr:16783984: daddr:100932208
[  930.915415] rfkill: input handler enabled
[  940.104497] rfkill: input handler disabled
[ 1254.564278] device enp0s3 left promiscuous mode
