[    0.000000] Linux version 5.4.243-mptcp (root@ztg) (gcc version 12.2.0 (Debian 12.2.0-14+deb12u1)) #53 SMP Wed Dec 24 23:28:15 CST 2025
[    0.000000] Command line: BOOT_IMAGE=/boot/vmlinuz-5.4.243-mptcp root=UUID=98415a12-53b7-4144-8265-0f7ece09e445 ro quiet splash
[    0.000000] KERNEL supported cpus:
[    0.000000]   Intel GenuineIntel
[    0.000000]   AMD AuthenticAMD
[    0.000000]   Hygon HygonGenuine
[    0.000000]   Centaur CentaurHauls
[    0.000000]   zhaoxin   Shanghai  
[    0.000000] x86/fpu: Supporting XSAVE feature 0x001: 'x87 floating point registers'
[    0.000000] x86/fpu: Supporting XSAVE feature 0x002: 'SSE registers'
[    0.000000] x86/fpu: Supporting XSAVE feature 0x004: 'AVX registers'
[    0.000000] x86/fpu: xstate_offset[2]:  576, xstate_sizes[2]:  256
[    0.000000] x86/fpu: Enabled xstate features 0x7, context size is 832 bytes, using 'standard' format.
[    0.000000] BIOS-provided physical RAM map:
[    0.000000] BIOS-e820: [mem 0x0000000000000000-0x000000000009fbff] usable
[    0.000000] BIOS-e820: [mem 0x000000000009fc00-0x000000000009ffff] reserved
[    0.000000] BIOS-e820: [mem 0x00000000000f0000-0x00000000000fffff] reserved
[    0.000000] BIOS-e820: [mem 0x0000000000100000-0x000000007ffeffff] usable
[    0.000000] BIOS-e820: [mem 0x000000007fff0000-0x000000007fffffff] ACPI data
[    0.000000] BIOS-e820: [mem 0x00000000fec00000-0x00000000fec00fff] reserved
[    0.000000] BIOS-e820: [mem 0x00000000fee00000-0x00000000fee00fff] reserved
[    0.000000] BIOS-e820: [mem 0x00000000fffc0000-0x00000000ffffffff] reserved
[    0.000000] NX (Execute Disable) protection: active
[    0.000000] SMBIOS 2.5 present.
[    0.000000] DMI: innotek GmbH VirtualBox/VirtualBox, BIOS VirtualBox 12/01/2006
[    0.000000] Hypervisor detected: KVM
[    0.000000] kvm-clock: Using msrs 4b564d01 and 4b564d00
[    0.000000] kvm-clock: cpu 0, msr 3a201001, primary cpu clock
[    0.000001] kvm-clock: using sched offset of 4462608576 cycles
[    0.000003] clocksource: kvm-clock: mask: 0xffffffffffffffff max_cycles: 0x1cd42e4dffb, max_idle_ns: 881590591483 ns
[    0.000005] tsc: Detected 2100.000 MHz processor
[    0.001881] e820: update [mem 0x00000000-0x00000fff] usable ==> reserved
[    0.001883] e820: remove [mem 0x000a0000-0x000fffff] usable
[    0.001887] last_pfn = 0x7fff0 max_arch_pfn = 0x400000000
[    0.001954] MTRR default type: uncachable
[    0.001954] MTRR fixed ranges enabled:
[    0.001956]   00000-9FFFF write-back
[    0.001956]   A0000-BFFFF uncachable
[    0.001957]   C0000-FFFFF write-protect
[    0.001958] MTRR variable ranges enabled:
[    0.001959]   0 base 000000000000 mask 3FFF80000000 write-back
[    0.001960]   1 disabled
[    0.001960]   2 disabled
[    0.001961]   3 disabled
[    0.001961]   4 disabled
[    0.001962]   5 disabled
[    0.001962]   6 disabled
[    0.001962]   7 disabled
[    0.001963]   8 disabled
[    0.001963]   9 disabled
[    0.001964]   10 disabled
[    0.001964]   11 disabled
[    0.001965]   12 disabled
[    0.001965]   13 disabled
[    0.001965]   14 disabled
[    0.001966]   15 disabled
[    0.001982] x86/PAT: Configuration [0-7]: WB  WC  UC- UC  WB  WP  UC- WT  
[    0.002115] found SMP MP-table at [mem 0x0009fff0-0x0009ffff]
[    0.092177] check: Scanning 1 areas for low memory corruption
[    0.092440] RAMDISK: [mem 0x32271000-0x3512ffff]
[    0.092449] ACPI: Early table checksum verification disabled
[    0.092453] ACPI: RSDP 0x00000000000E0000 000024 (v02 VBOX  )
[    0.092458] ACPI: XSDT 0x000000007FFF0030 00003C (v01 VBOX   VBOXXSDT 00000001 ASL  00000061)
[    0.092464] ACPI: FACP 0x000000007FFF00F0 0000F4 (v04 VBOX   VBOXFACP 00000001 ASL  00000061)
[    0.092471] ACPI: DSDT 0x000000007FFF02E0 002353 (v02 VBOX   VBOXBIOS 00000002 VBOX 00029BF3)
[    0.092475] ACPI: FACS 0x000000007FFF0200 000040
[    0.092478] ACPI: FACS 0x000000007FFF0200 000040
[    0.092481] ACPI: APIC 0x000000007FFF0240 000054 (v02 VBOX   VBOXAPIC 00000001 ASL  00000061)
[    0.092485] ACPI: SSDT 0x000000007FFF02A0 000038 (v01 VBOX   VBOXCPUT 00000002 VBOX 00029BF3)
[    0.092488] ACPI: Reserving FACP table memory at [mem 0x7fff00f0-0x7fff01e3]
[    0.092489] ACPI: Reserving DSDT table memory at [mem 0x7fff02e0-0x7fff2632]
[    0.092490] ACPI: Reserving FACS table memory at [mem 0x7fff0200-0x7fff023f]
[    0.092490] ACPI: Reserving FACS table memory at [mem 0x7fff0200-0x7fff023f]
[    0.092491] ACPI: Reserving APIC table memory at [mem 0x7fff0240-0x7fff0293]
[    0.092492] ACPI: Reserving SSDT table memory at [mem 0x7fff02a0-0x7fff02d7]
[    0.092505] ACPI: Local APIC address 0xfee00000
[    0.092684] No NUMA configuration found
[    0.092686] Faking a node at [mem 0x0000000000000000-0x000000007ffeffff]
[    0.092696] NODE_DATA(0) allocated [mem 0x7ffc5000-0x7ffeffff]
[    0.092956] Zone ranges:
[    0.092957]   DMA      [mem 0x0000000000001000-0x0000000000ffffff]
[    0.092959]   DMA32    [mem 0x0000000001000000-0x000000007ffeffff]
[    0.092959]   Normal   empty
[    0.092960]   Device   empty
[    0.092961] Movable zone start for each node
[    0.092963] Early memory node ranges
[    0.092964]   node   0: [mem 0x0000000000001000-0x000000000009efff]
[    0.092964]   node   0: [mem 0x0000000000100000-0x000000007ffeffff]
[    0.092967] Zeroed struct page in unavailable ranges: 114 pages
[    0.092968] Initmem setup node 0 [mem 0x0000000000001000-0x000000007ffeffff]
[    0.092969] On node 0 totalpages: 524174
[    0.092970]   DMA zone: 64 pages used for memmap
[    0.092971]   DMA zone: 21 pages reserved
[    0.092972]   DMA zone: 3998 pages, LIFO batch:0
[    0.093041]   DMA32 zone: 8128 pages used for memmap
[    0.093042]   DMA32 zone: 520176 pages, LIFO batch:63
[    0.102016] ACPI: PM-Timer IO Port: 0x4008
[    0.102019] ACPI: Local APIC address 0xfee00000
[    0.102083] IOAPIC[0]: apic_id 1, version 32, address 0xfec00000, GSI 0-23
[    0.102086] ACPI: INT_SRC_OVR (bus 0 bus_irq 0 global_irq 2 dfl dfl)
[    0.102088] ACPI: INT_SRC_OVR (bus 0 bus_irq 9 global_irq 9 low level)
[    0.102090] ACPI: IRQ0 used by override.
[    0.102091] ACPI: IRQ9 used by override.
[    0.102093] Using ACPI (MADT) for SMP configuration information
[    0.102099] smpboot: Allowing 1 CPUs, 0 hotplug CPUs
[    0.102121] PM: Registered nosave memory: [mem 0x00000000-0x00000fff]
[    0.102123] PM: Registered nosave memory: [mem 0x0009f000-0x0009ffff]
[    0.102123] PM: Registered nosave memory: [mem 0x000a0000-0x000effff]
[    0.102124] PM: Registered nosave memory: [mem 0x000f0000-0x000fffff]
[    0.102125] [mem 0x80000000-0xfebfffff] available for PCI devices
[    0.102126] Booting paravirtualized kernel on KVM
[    0.102129] clocksource: refined-jiffies: mask: 0xffffffff max_cycles: 0xffffffff, max_idle_ns: 7645519600211568 ns
[    0.102133] setup_percpu: NR_CPUS:8192 nr_cpumask_bits:1 nr_cpu_ids:1 nr_node_ids:1
[    0.102740] percpu: Embedded 60 pages/cpu s208896 r8192 d28672 u2097152
[    0.102745] pcpu-alloc: s208896 r8192 d28672 u2097152 alloc=1*2097152
[    0.102746] pcpu-alloc: [0] 0 
[    0.102770] Built 1 zonelists, mobility grouping on.  Total pages: 515961
[    0.102770] Policy zone: DMA32
[    0.102772] Kernel command line: BOOT_IMAGE=/boot/vmlinuz-5.4.243-mptcp root=UUID=98415a12-53b7-4144-8265-0f7ece09e445 ro quiet splash
[    0.103354] Dentry cache hash table entries: 262144 (order: 9, 2097152 bytes, linear)
[    0.103513] Inode-cache hash table entries: 131072 (order: 8, 1048576 bytes, linear)
[    0.103562] mem auto-init: stack:off, heap alloc:on, heap free:off
[    0.103564] Calgary: detecting Calgary via BIOS EBDA area
[    0.103565] Calgary: Unable to locate Rio Grande table in EBDA - bailing!
[    0.107673] Memory: 1967332K/2096696K available (14339K kernel code, 2398K rwdata, 4712K rodata, 2728K init, 17260K bss, 129364K reserved, 0K cma-reserved)
[    0.108429] SLUB: HWalign=64, Order=0-3, MinObjects=0, CPUs=1, Nodes=1
[    0.108444] ftrace: allocating 43186 entries in 169 pages
[    0.126372] rcu: Hierarchical RCU implementation.
[    0.126373] rcu: 	RCU restricting CPUs from NR_CPUS=8192 to nr_cpu_ids=1.
[    0.126375] 	Tasks RCU enabled.
[    0.126376] rcu: RCU calculated value of scheduler-enlistment delay is 25 jiffies.
[    0.126377] rcu: Adjusting geometry for rcu_fanout_leaf=16, nr_cpu_ids=1
[    0.129343] NR_IRQS: 524544, nr_irqs: 256, preallocated irqs: 16
[    0.129555] random: crng init done
[    0.138946] Console: colour VGA+ 80x25
[    0.138949] printk: console [tty0] enabled
[    0.138969] ACPI: Core revision 20190816
[    0.139064] APIC: Switch to symmetric I/O mode setup
[    0.139313] x2apic enabled
[    0.139560] Switched APIC routing to physical x2apic.
[    0.140705] ..TIMER: vector=0x30 apic1=0 pin1=2 apic2=-1 pin2=-1
[    0.140729] clocksource: tsc-early: mask: 0xffffffffffffffff max_cycles: 0x1e4530a99b6, max_idle_ns: 440795257976 ns
[    0.140733] Calibrating delay loop (skipped) preset value.. 4200.00 BogoMIPS (lpj=8400000)
[    0.140735] pid_max: default: 32768 minimum: 301
[    0.140763] LSM: Security Framework initializing
[    0.140772] Yama: becoming mindful.
[    0.140796] AppArmor: AppArmor initialized
[    0.140828] Mount-cache hash table entries: 4096 (order: 3, 32768 bytes, linear)
[    0.140832] Mountpoint-cache hash table entries: 4096 (order: 3, 32768 bytes, linear)
[    0.140842] *** VALIDATE tmpfs ***
[    0.140968] *** VALIDATE proc ***
[    0.141007] *** VALIDATE cgroup1 ***
[    0.141008] *** VALIDATE cgroup2 ***
[    0.141145] process: using mwait in idle threads
[    0.141150] Last level iTLB entries: 4KB 64, 2MB 8, 4MB 8
[    0.141151] Last level dTLB entries: 4KB 64, 2MB 0, 4MB 0, 1GB 4
[    0.141171] Spectre V1 : Mitigation: usercopy/swapgs barriers and __user pointer sanitization
[    0.141176] Spectre V2 : Mitigation: Retpolines
[    0.141177] Spectre V2 : Spectre v2 / SpectreRSB mitigation: Filling RSB on context switch
[    0.141177] Spectre V2 : Spectre v2 / SpectreRSB : Filling RSB on VMEXIT
[    0.141178] RETBleed: WARNING: Spectre v2 mitigation leaves CPU vulnerable to RETBleed attacks, data leaks possible!
[    0.141534] RETBleed: Vulnerable
[    0.141534] Speculative Store Bypass: Vulnerable
[    0.141539] TAA: Mitigation: TSX disabled
[    0.141539] MMIO Stale Data: Mitigation: Clear CPU buffers
[    0.145742] Freeing SMP alternatives memory: 40K
[    0.258144] smpboot: CPU0: Intel(R) Xeon(R) Silver 4216 CPU @ 2.10GHz (family: 0x6, model: 0x55, stepping: 0x7)
[    0.258251] Performance Events: unsupported p6 CPU model 85 no PMU driver, software events only.
[    0.258288] rcu: Hierarchical SRCU implementation.
[    0.258852] NMI watchdog: Perf NMI watchdog permanently disabled
[    0.258898] smp: Bringing up secondary CPUs ...
[    0.258899] smp: Brought up 1 node, 1 CPU
[    0.258900] smpboot: Max logical packages: 1
[    0.258902] smpboot: Total of 1 processors activated (4200.00 BogoMIPS)
[    0.259653] devtmpfs: initialized
[    0.259704] x86/mm: Memory block size: 128MB
[    0.260057] clocksource: jiffies: mask: 0xffffffff max_cycles: 0xffffffff, max_idle_ns: 7645041785100000 ns
[    0.260061] futex hash table entries: 256 (order: 2, 16384 bytes, linear)
[    0.260100] pinctrl core: initialized pinctrl subsystem
[    0.260195] PM: RTC time: 14:52:27, date: 2026-01-13
[    0.260302] NET: Registered protocol family 16
[    0.260382] audit: initializing netlink subsys (disabled)
[    0.260527] EISA bus registered
[    0.260528] cpuidle: using governor ladder
[    0.260529] cpuidle: using governor menu
[    0.260571] ACPI: bus type PCI registered
[    0.260572] acpiphp: ACPI Hot Plug PCI Controller Driver version: 0.5
[    0.260678] PCI: Using configuration type 1 for base access
[    0.260959] audit: type=2000 audit(1768287153.276:1): state=initialized audit_enabled=0 res=1
[    0.261036] HugeTLB registered 2.00 MiB page size, pre-allocated 0 pages
[    0.261802] ACPI: Added _OSI(Module Device)
[    0.261803] ACPI: Added _OSI(Processor Device)
[    0.261804] ACPI: Added _OSI(3.0 _SCP Extensions)
[    0.261804] ACPI: Added _OSI(Processor Aggregator Device)
[    0.261805] ACPI: Added _OSI(Linux-Dell-Video)
[    0.261806] ACPI: Added _OSI(Linux-Lenovo-NV-HDMI-Audio)
[    0.261807] ACPI: Added _OSI(Linux-HPI-Hybrid-Graphics)
[    0.263732] ACPI: 2 ACPI AML tables successfully acquired and loaded
[    0.265359] ACPI: Interpreter enabled
[    0.265369] ACPI: (supports S0 S5)
[    0.265370] ACPI: Using IOAPIC for interrupt routing
[    0.265573] PCI: Using host bridge windows from ACPI; if necessary, use "pci=nocrs" and report a bug
[    0.265678] ACPI: Enabled 2 GPEs in block 00 to 07
[    0.270642] ACPI: PCI Root Bridge [PCI0] (domain 0000 [bus 00-ff])
[    0.270647] acpi PNP0A03:00: _OSC: OS supports [ASPM ClockPM Segments MSI HPX-Type3]
[    0.271171] acpi PNP0A03:00: _OSC: not requesting OS control; OS requires [ExtendedConfig ASPM ClockPM MSI]
[    0.271181] acpi PNP0A03:00: fail to add MMCONFIG information, can't access extended PCI configuration space under this bridge.
[    0.271626] PCI host bridge to bus 0000:00
[    0.271629] pci_bus 0000:00: root bus resource [io  0x0000-0x0cf7 window]
[    0.271630] pci_bus 0000:00: root bus resource [io  0x0d00-0xffff window]
[    0.271631] pci_bus 0000:00: root bus resource [mem 0x000a0000-0x000bffff window]
[    0.271633] pci_bus 0000:00: root bus resource [mem 0x80000000-0xfdffffff window]
[    0.271634] pci_bus 0000:00: root bus resource [bus 00-ff]
[    0.271676] pci 0000:00:00.0: [8086:1237] type 00 class 0x060000
[    0.272807] pci 0000:00:01.0: [8086:7000] type 00 class 0x060100
[    0.273655] pci 0000:00:01.1: [8086:7111] type 00 class 0x01018a
[    0.274076] pci 0000:00:01.1: reg 0x20: [io  0xd000-0xd00f]
[    0.274250] pci 0000:00:01.1: legacy IDE quirk: reg 0x10: [io  0x01f0-0x01f7]
[    0.274251] pci 0000:00:01.1: legacy IDE quirk: reg 0x14: [io  0x03f6]
[    0.274252] pci 0000:00:01.1: legacy IDE quirk: reg 0x18: [io  0x0170-0x0177]
[    0.274253] pci 0000:00:01.1: legacy IDE quirk: reg 0x1c: [io  0x0376]
[    0.274868] pci 0000:00:02.0: [15ad:0405] type 00 class 0x030000
[    0.276829] pci 0000:00:02.0: reg 0x10: [io  0xd010-0xd01f]
[    0.280782] pci 0000:00:02.0: reg 0x14: [mem 0xe0000000-0xe7ffffff pref]
[    0.283565] pci 0000:00:02.0: reg 0x18: [mem 0xf0000000-0xf01fffff]
[    0.293493] pci 0000:00:03.0: [1022:2000] type 00 class 0x020000
[    0.294175] pci 0000:00:03.0: reg 0x10: [io  0xd020-0xd03f]
[    0.296872] pci 0000:00:03.0: reg 0x14: [mem 0xf0200000-0xf0200fff]
[    0.300439] pci 0000:00:04.0: [80ee:cafe] type 00 class 0x088000
[    0.300848] pci 0000:00:04.0: reg 0x10: [io  0xd040-0xd05f]
[    0.301451] pci 0000:00:04.0: reg 0x14: [mem 0xf0400000-0xf07fffff]
[    0.302061] pci 0000:00:04.0: reg 0x18: [mem 0xf0800000-0xf0803fff pref]
[    0.305331] pci 0000:00:07.0: [8086:7113] type 00 class 0x068000
[    0.305759] pci 0000:00:07.0: quirk: [io  0x4000-0x403f] claimed by PIIX4 ACPI
[    0.305770] pci 0000:00:07.0: quirk: [io  0x4100-0x410f] claimed by PIIX4 SMB
[    0.306383] pci 0000:00:08.0: [8086:100e] type 00 class 0x020000
[    0.307077] pci 0000:00:08.0: reg 0x10: [mem 0xf0820000-0xf083ffff]
[    0.308845] pci 0000:00:08.0: reg 0x18: [io  0xd060-0xd067]
[    0.312074] pci 0000:00:09.0: [8086:100e] type 00 class 0x020000
[    0.312840] pci 0000:00:09.0: reg 0x10: [mem 0xf0840000-0xf085ffff]
[    0.313981] pci 0000:00:09.0: reg 0x18: [io  0xd068-0xd06f]
[    0.325128] ACPI: PCI Interrupt Link [LNKA] (IRQs 5 9 10 *11)
[    0.325408] ACPI: PCI Interrupt Link [LNKB] (IRQs 5 9 *10 11)
[    0.325508] ACPI: PCI Interrupt Link [LNKC] (IRQs 5 *9 10 11)
[    0.325611] ACPI: PCI Interrupt Link [LNKD] (IRQs 5 9 10 *11)
[    0.325850] iommu: Default domain type: Translated 
[    0.325907] pci 0000:00:02.0: vgaarb: setting as boot VGA device
[    0.325908] pci 0000:00:02.0: vgaarb: VGA device added: decodes=io+mem,owns=io+mem,locks=none
[    0.325910] pci 0000:00:02.0: vgaarb: bridge control possible
[    0.325911] vgaarb: loaded
[    0.326105] SCSI subsystem initialized
[    0.326137] libata version 3.00 loaded.
[    0.326161] ACPI: bus type USB registered
[    0.326175] usbcore: registered new interface driver usbfs
[    0.326181] usbcore: registered new interface driver hub
[    0.326187] usbcore: registered new device driver usb
[    0.326212] pps_core: LinuxPPS API ver. 1 registered
[    0.326213] pps_core: Software ver. 5.3.6 - Copyright 2005-2007 Rodolfo Giometti <giometti@linux.it>
[    0.326215] PTP clock support registered
[    0.326246] EDAC MC: Ver: 3.0.0
[    0.326524] PCI: Using ACPI for IRQ routing
[    0.326525] PCI: pci_cache_line_size set to 64 bytes
[    0.326690] e820: reserve RAM buffer [mem 0x0009fc00-0x0009ffff]
[    0.326693] e820: reserve RAM buffer [mem 0x7fff0000-0x7fffffff]
[    0.327244] NetLabel: Initializing
[    0.327244] NetLabel:  domain hash size = 128
[    0.327245] NetLabel:  protocols = UNLABELED CIPSOv4 CALIPSO
[    0.327265] NetLabel:  unlabeled traffic allowed by default
[    0.328151] clocksource: Switched to clocksource kvm-clock
[    0.338247] *** VALIDATE bpf ***
[    0.338303] VFS: Disk quotas dquot_6.6.0
[    0.338316] VFS: Dquot-cache hash table entries: 512 (order 0, 4096 bytes)
[    0.338336] *** VALIDATE ramfs ***
[    0.338339] *** VALIDATE hugetlbfs ***
[    0.338417] AppArmor: AppArmor Filesystem Enabled
[    0.338438] pnp: PnP ACPI init
[    0.338495] pnp 00:00: Plug and Play ACPI device, IDs PNP0303 (active)
[    0.338560] pnp 00:01: Plug and Play ACPI device, IDs PNP0f03 (active)
[    0.339303] pnp: PnP ACPI: found 2 devices
[    0.340260] thermal_sys: Registered thermal governor 'fair_share'
[    0.340260] thermal_sys: Registered thermal governor 'bang_bang'
[    0.340261] thermal_sys: Registered thermal governor 'step_wise'
[    0.340262] thermal_sys: Registered thermal governor 'user_space'
[    0.340262] thermal_sys: Registered thermal governor 'power_allocator'
[    0.344775] clocksource: acpi_pm: mask: 0xffffff max_cycles: 0xffffff, max_idle_ns: 2085701024 ns
[    0.344815] pci_bus 0000:00: resource 4 [io  0x0000-0x0cf7 window]
[    0.344817] pci_bus 0000:00: resource 5 [io  0x0d00-0xffff window]
[    0.344818] pci_bus 0000:00: resource 6 [mem 0x000a0000-0x000bffff window]
[    0.344819] pci_bus 0000:00: resource 7 [mem 0x80000000-0xfdffffff window]
[    0.344884] NET: Registered protocol family 2
[    0.344953] IP idents hash table entries: 32768 (order: 6, 262144 bytes, linear)
[    0.345345] MPTCP tokens hash table entries: 8192 (order: 4, 65536 bytes, linear)
[    0.345365] MPTCP request tokens hash table entries: 8192 (order: 4, 65536 bytes, linear)
[    0.345390] default registered
[    0.345390] default registered
[    0.345391] MPTCP: Stable release v0.96
[    0.345396] tcp_listen_portaddr_hash hash table entries: 1024 (order: 2, 16384 bytes, linear)
[    0.345472] TCP established hash table entries: 16384 (order: 5, 131072 bytes, linear)
[    0.345538] TCP bind hash table entries: 16384 (order: 6, 262144 bytes, linear)
[    0.345563] TCP: Hash tables configured (established 16384 bind 16384)
[    0.346014] UDP hash table entries: 1024 (order: 3, 32768 bytes, linear)
[    0.346025] UDP-Lite hash table entries: 1024 (order: 3, 32768 bytes, linear)
[    0.346059] NET: Registered protocol family 1
[    0.346067] NET: Registered protocol family 44
[    0.346086] pci 0000:00:00.0: Limiting direct PCI/PCI transfers
[    0.346097] pci 0000:00:01.0: Activating ISA DMA hang workarounds
[    0.346152] pci 0000:00:02.0: Video device with shadowed ROM at [mem 0x000c0000-0x000dffff]
[    0.346216] PCI: CLS 0 bytes, default 64
[    0.346259] Trying to unpack rootfs image as initramfs...
[    0.496056] Freeing initrd memory: 47868K
[    0.496056] clocksource: tsc: mask: 0xffffffffffffffff max_cycles: 0x1e4530a99b6, max_idle_ns: 440795257976 ns
[    0.496056] clocksource: Switched to clocksource tsc
[    0.496056] platform rtc_cmos: registered platform RTC device (no PNP device found)
[    0.496056] check: Scanning for low memory corruption every 60 seconds
[    0.496056] Initialise system trusted keyrings
[    0.496056] Key type blacklist registered
[    0.496056] workingset: timestamp_bits=36 max_order=19 bucket_order=0
[    0.496056] zbud: loaded
[    0.496056] squashfs: version 4.0 (2009/01/31) Phillip Lougher
[    0.496056] fuse: init (API version 7.31)
[    0.496056] *** VALIDATE fuse ***
[    0.496056] *** VALIDATE fuse ***
[    0.496056] Platform Keyring initialized
[    0.508427] Key type asymmetric registered
[    0.508428] Asymmetric key parser 'x509' registered
[    0.508437] Block layer SCSI generic (bsg) driver version 0.4 loaded (major 244)
[    0.508474] io scheduler mq-deadline registered
[    0.508588] shpchp: Standard Hot Plug PCI Controller Driver version: 0.4
[    0.508787] ACPI: AC Adapter [AC] (on-line)
[    0.508831] input: Power Button as /devices/LNXSYSTM:00/LNXPWRBN:00/input/input0
[    0.508873] ACPI: Power Button [PWRF]
[    0.508946] input: Sleep Button as /devices/LNXSYSTM:00/LNXSLPBN:00/input/input1
[    0.508961] ACPI: Sleep Button [SLPF]
[    0.509193] Serial: 8250/16550 driver, 32 ports, IRQ sharing enabled
[    0.510343] Linux agpgart interface v0.103
[    0.599225] loop: module loaded
[    0.599349] ata_piix 0000:00:01.1: version 2.13
[    0.599733] scsi host0: ata_piix
[    0.599818] scsi host1: ata_piix
[    0.599845] ata1: PATA max UDMA/33 cmd 0x1f0 ctl 0x3f6 bmdma 0xd000 irq 14
[    0.599846] ata2: PATA max UDMA/33 cmd 0x170 ctl 0x376 bmdma 0xd008 irq 15
[    0.599916] tun: Universal TUN/TAP device driver, 1.6
[    0.600216] PPP generic driver version 2.4.2
[    0.600256] VFIO - User Level meta-driver version: 0.3
[    0.600489] ehci_hcd: USB 2.0 'Enhanced' Host Controller (EHCI) Driver
[    0.600494] ehci-pci: EHCI PCI platform driver
[    0.600505] ehci-platform: EHCI generic platform driver
[    0.600510] ohci_hcd: USB 1.1 'Open' Host Controller (OHCI) Driver
[    0.600512] ohci-pci: OHCI PCI platform driver
[    0.600518] ohci-platform: OHCI generic platform driver
[    0.600523] uhci_hcd: USB Universal Host Controller Interface driver
[    0.600581] i8042: PNP: PS/2 Controller [PNP0303:PS2K,PNP0f03:PS2M] at 0x60,0x64 irq 1,12
[    0.601030] serio: i8042 KBD port at 0x60,0x64 irq 1
[    0.601033] serio: i8042 AUX port at 0x60,0x64 irq 12
[    0.601117] mousedev: PS/2 mouse device common for all mice
[    0.601366] input: AT Translated Set 2 keyboard as /devices/platform/i8042/serio0/input/input2
[    0.601757] rtc_cmos rtc_cmos: registered as rtc0
[    0.601770] rtc_cmos rtc_cmos: alarms up to one day, 114 bytes nvram
[    0.601775] i2c /dev entries driver
[    0.601813] device-mapper: uevent: version 1.0.3
[    0.601854] device-mapper: ioctl: 4.41.0-ioctl (2019-09-16) initialised: dm-devel@redhat.com
[    0.601870] platform eisa.0: Probing EISA bus 0
[    0.601871] platform eisa.0: EISA: Cannot allocate resource for mainboard
[    0.601872] platform eisa.0: Cannot allocate resource for EISA slot 1
[    0.601873] platform eisa.0: Cannot allocate resource for EISA slot 2
[    0.601874] platform eisa.0: Cannot allocate resource for EISA slot 3
[    0.601875] platform eisa.0: Cannot allocate resource for EISA slot 4
[    0.601876] platform eisa.0: Cannot allocate resource for EISA slot 5
[    0.601877] platform eisa.0: Cannot allocate resource for EISA slot 6
[    0.601878] platform eisa.0: Cannot allocate resource for EISA slot 7
[    0.601879] platform eisa.0: Cannot allocate resource for EISA slot 8
[    0.601880] platform eisa.0: EISA: Detected 0 cards
[    0.601883] intel_pstate: CPU model not supported
[    0.601891] ledtrig-cpu: registered to indicate activity on CPUs
[    0.601936] drop_monitor: Initializing network drop monitor service
[    0.602092] NET: Registered protocol family 10
[    0.607102] Segment Routing with IPv6
[    0.607130] fullmesh registered
[    0.607131] ndiffports registered
[    0.607133] binder registered
[    0.607134] roundrobin registered
[    0.607135] redundant registered
[    0.607135] blest registered
[    0.607136] ecf registered
[    0.607137] NET: Registered protocol family 17
[    0.607168] Key type dns_resolver registered
[    0.607266] RAS: Correctable Errors collector initialized.
[    0.607280] IPI shorthand broadcast: enabled
[    0.607294] sched_clock: Marking stable (592173138, 11185526)->(605999436, -2640772)
[    0.607340] registered taskstats version 1
[    0.607348] Loading compiled-in X.509 certificates
[    0.607937] Loaded X.509 cert 'Build time autogenerated kernel key: 6909f3744cebb3d0de528d5887b96a727de79b1e'
[    0.607952] zswap: loaded using pool lzo/zbud
[    0.608001] Key type ._fscrypt registered
[    0.608001] Key type .fscrypt registered
[    0.612472] Key type big_key registered
[    0.614715] Key type encrypted registered
[    0.614717] AppArmor: AppArmor sha1 policy hashing enabled
[    0.614725] ima: No TPM chip found, activating TPM-bypass!
[    0.614728] ima: Allocated hash algorithm: sha1
[    0.614734] ima: No architecture policies found
[    0.614743] evm: Initialising EVM extended attributes:
[    0.614744] evm: security.selinux
[    0.614744] evm: security.SMACK64
[    0.614745] evm: security.SMACK64EXEC
[    0.614745] evm: security.SMACK64TRANSMUTE
[    0.614746] evm: security.SMACK64MMAP
[    0.614746] evm: security.apparmor
[    0.614746] evm: security.ima
[    0.614747] evm: security.capability
[    0.614747] evm: HMAC attrs: 0x1
[    0.615033] PM:   Magic number: 10:768:889
[    0.615135] rtc_cmos rtc_cmos: setting system clock to 2026-01-13T14:52:27 UTC (1768315947)
[    0.773729] ata1.00: ATA-6: VBOX HARDDISK, 1.0, max UDMA/133
[    0.773734] ata1.00: 209715200 sectors, multi 128: LBA 
[    0.774610] scsi 0:0:0:0: Direct-Access     ATA      VBOX HARDDISK    1.0  PQ: 0 ANSI: 5
[    0.775022] sd 0:0:0:0: [sda] 209715200 512-byte logical blocks: (107 GB/100 GiB)
[    0.775040] sd 0:0:0:0: [sda] Write Protect is off
[    0.775045] sd 0:0:0:0: [sda] Mode Sense: 00 3a 00 00
[    0.775074] sd 0:0:0:0: [sda] Write cache: enabled, read cache: enabled, doesn't support DPO or FUA
[    0.775373] sd 0:0:0:0: Attached scsi generic sg0 type 0
[    0.776571]  sda: sda1 sda2
[    0.787356] sd 0:0:0:0: [sda] Attached SCSI disk
[    0.790039] Freeing unused decrypted memory: 2040K
[    0.790837] Freeing unused kernel image memory: 2728K
[    0.790839] Write protecting the kernel read-only data: 22528k
[    0.791673] Freeing unused kernel image memory: 2036K
[    0.792119] Freeing unused kernel image memory: 1432K
[    0.813735] x86/mm: Checked W+X mappings: passed, no W+X pages found.
[    0.813737] Run /init as init process
[    0.949176] ACPI: Video Device [GFX0] (multi-head: yes  rom: no  post: no)
[    0.949265] input: Video Bus as /devices/LNXSYSTM:00/LNXSYBUS:00/PNP0A03:00/LNXVIDEO:00/input/input4
[    0.964672] pcnet32: pcnet32.c:v1.35 21.Apr.2008 tsbogend@alpha.franken.de
[    0.973753] e1000: Intel(R) PRO/1000 Network Driver - version 7.3.21-k8-NAPI
[    0.973754] e1000: Copyright (c) 1999-2006 Intel Corporation.
[    0.977440] piix4_smbus 0000:00:07.0: SMBus Host Controller at 0x4100, revision 0
[    0.978599] pcnet32: PCnet/FAST III 79C973 at 0xd020, 08:00:27:08:34:97 assigned IRQ 19
[    0.978657] pcnet32: Found PHY 0022:561b at address 0
[    0.979046] pcnet32: eth0: registered as PCnet/FAST III 79C973
[    0.993642] pcnet32: 1 cards_found
[    1.082688] pcnet32 0000:00:03.0 enp0s3: renamed from eth0
[    1.197354] input: ImExPS/2 Generic Explorer Mouse as /devices/platform/i8042/serio1/input/input5
[    1.437102] e1000 0000:00:08.0 eth0: (PCI:33MHz:32-bit) 08:00:27:a3:e8:e2
[    1.437106] e1000 0000:00:08.0 eth0: Intel(R) PRO/1000 Network Connection
[    1.819852] e1000 0000:00:09.0 eth1: (PCI:33MHz:32-bit) 08:00:27:10:75:02
[    1.819855] e1000 0000:00:09.0 eth1: Intel(R) PRO/1000 Network Connection
[    1.820930] e1000 0000:00:08.0 enp0s8: renamed from eth0
[    1.822665] e1000 0000:00:09.0 enp0s9: renamed from eth1
[    1.956935] EXT4-fs (sda2): mounted filesystem with ordered data mode. Opts: (null)
[    2.038646] systemd[1]: Inserted module 'autofs4'
[    2.048909] systemd[1]: systemd 245.4-4ubuntu3 running in system mode. (+PAM +AUDIT +SELINUX +IMA +APPARMOR +SMACK +SYSVINIT +UTMP +LIBCRYPTSETUP +GCRYPT +GNUTLS +ACL +XZ +LZ4 +SECCOMP +BLKID +ELFUTILS +KMOD +IDN2 -IDN +PCRE2 default-hierarchy=hybrid)
[    2.048938] systemd[1]: Detected virtualization oracle.
[    2.048941] systemd[1]: Detected architecture x86-64.
[    2.050225] systemd[1]: Set hostname to <ztg>.
[    2.171182] systemd[1]: /lib/systemd/system/dbus.socket:5: ListenStream= references a path below legacy directory /var/run/, updating /var/run/dbus/system_bus_socket â†’ /run/dbus/system_bus_socket; please update the unit file accordingly.
[    2.223499] systemd[1]: Created slice system-modprobe.slice.
[    2.223690] systemd[1]: Created slice User and Session Slice.
[    2.223732] systemd[1]: Started Forward Password Requests to Wall Directory Watch.
[    2.223888] systemd[1]: Set up automount Arbitrary Executable File Formats File System Automount Point.
[    2.223922] systemd[1]: Reached target User and Group Name Lookups.
[    2.223929] systemd[1]: Reached target Remote File Systems.
[    2.223938] systemd[1]: Reached target Slices.
[    2.224431] systemd[1]: Listening on Syslog Socket.
[    2.224497] systemd[1]: Listening on fsck to fsckd communication Socket.
[    2.224533] systemd[1]: Listening on initctl Compatibility Named Pipe.
[    2.224661] systemd[1]: Listening on Journal Audit Socket.
[    2.224714] systemd[1]: Listening on Journal Socket (/dev/log).
[    2.224778] systemd[1]: Listening on Journal Socket.
[    2.224838] systemd[1]: Listening on udev Control Socket.
[    2.224890] systemd[1]: Listening on udev Kernel Socket.
[    2.225580] systemd[1]: Mounting Huge Pages File System...
[    2.226449] systemd[1]: Mounting POSIX Message Queue File System...
[    2.227346] systemd[1]: Mounting Kernel Debug File System...
[    2.228142] systemd[1]: Mounting Kernel Trace File System...
[    2.230035] systemd[1]: Starting Journal Service...
[    2.253548] systemd[1]: Starting Set the console keyboard layout...
[    2.261352] systemd[1]: Starting Create list of static device nodes for the current kernel...
[    2.263422] systemd[1]: Starting Load Kernel Module drm...
[    2.265007] systemd[1]: Condition check resulted in Set Up Additional Binary Formats being skipped.
[    2.265053] systemd[1]: Condition check resulted in File System Check on Root Device being skipped.
[    2.278438] systemd[1]: Starting Load Kernel Modules...
[    2.283731] systemd[1]: Starting Remount Root and Kernel File Systems...
[    2.296287] systemd[1]: Starting udev Coldplug all Devices...
[    2.305054] systemd[1]: Starting Uncomplicated firewall...
[    2.306547] systemd[1]: Mounted Huge Pages File System.
[    2.306637] systemd[1]: Mounted POSIX Message Queue File System.
[    2.306711] systemd[1]: Mounted Kernel Debug File System.
[    2.306777] systemd[1]: Mounted Kernel Trace File System.
[    2.309198] EXT4-fs (sda2): re-mounted. Opts: errors=remount-ro
[    2.345912] systemd[1]: Finished Create list of static device nodes for the current kernel.
[    2.346903] systemd[1]: modprobe@drm.service: Succeeded.
[    2.349193] systemd[1]: Finished Load Kernel Module drm.
[    2.354296] systemd[1]: Finished Remount Root and Kernel File Systems.
[    2.355117] systemd[1]: Finished Uncomplicated firewall.
[    2.371660] lp: driver loaded but no devices found
[    2.374985] systemd[1]: Condition check resulted in Rebuild Hardware Database being skipped.
[    2.375018] systemd[1]: Condition check resulted in Platform Persistent Storage Archival being skipped.
[    2.375625] systemd[1]: Starting Load/Save Random Seed...
[    2.380034] systemd[1]: Starting Create System Users...
[    2.386133] ppdev: user-space parallel port driver
[    2.393792] systemd[1]: Finished Load/Save Random Seed.
[    2.397981] systemd[1]: Finished Create System Users.
[    2.398665] systemd[1]: Starting Create Static Device Nodes in /dev...
[    2.414517] systemd[1]: Finished Create Static Device Nodes in /dev.
[    2.415501] systemd[1]: Starting udev Kernel Device Manager...
[    2.449099] systemd[1]: Finished udev Coldplug all Devices.
[    2.468512] [drm] DMA map mode: Caching DMA mappings.
[    2.468573] [drm] Capabilities:
[    2.468574] [drm]   Rect copy.
[    2.468574] [drm]   Cursor.
[    2.468575] [drm]   Cursor bypass.
[    2.468575] [drm]   Cursor bypass 2.
[    2.468575] [drm]   Alpha cursor.
[    2.468576] [drm]   Extended Fifo.
[    2.468576] [drm]   Pitchlock.
[    2.468576] [drm]   Irq mask.
[    2.468577] [drm]   GMR.
[    2.468577] [drm]   Traces.
[    2.468577] [drm]   GMR2.
[    2.468578] [drm]   Screen Object 2.
[    2.468578] [drm]   Command Buffers.
[    2.468578] [drm]   Command Buffers 2.
[    2.468579] [drm]   Guest Backed Resources.
[    2.468579] [drm] Max GMR ids is 8192
[    2.468580] [drm] Max number of GMR pages is 1048576
[    2.468580] [drm] Max dedicated hypervisor surface memory is 393216 kiB
[    2.468581] [drm] Maximum display memory size is 131072 kiB
[    2.468582] [drm] VRAM at 0xe0000000 size is 131072 kiB
[    2.468582] [drm] MMIO at 0xf0000000 size is 2048 kiB
[    2.469962] [TTM] Zone  kernel: Available graphics memory: 1011738 KiB
[    2.469963] [TTM] Initializing pool allocator
[    2.469966] [TTM] Initializing DMA pool allocator
[    2.469994] [drm] Supports vblank timestamp caching Rev 2 (21.10.2013).
[    2.469994] [drm] No driver support for vblank timestamp query.
[    2.470206] [drm] Screen Target Display device initialized
[    2.470407] [drm] width 720
[    2.470417] [drm] height 400
[    2.470421] [drm] bpp 32
[    2.470719] [drm] Fifo max 0x00200000 min 0x00001000 cap 0x00000355
[    2.471814] [drm] Using command buffers with DMA pool.
[    2.471818] [drm] DX: no.
[    2.471818] [drm] Atomic: yes.
[    2.471818] [drm] SM4_1: no.
[    2.471837] [drm:vmw_host_log [vmwgfx]] *ERROR* Failed to send host log message.
[    2.472966] [drm:vmw_host_log [vmwgfx]] *ERROR* Failed to send host log message.
[    2.483498] fbcon: svgadrmfb (fb0) is primary device
[    2.485515] Console: switching to colour frame buffer device 100x37
[    2.493568] [drm] Initialized vmwgfx 2.15.0 20180704 for 0000:00:02.0 on minor 0
[    2.494441] systemd[1]: Finished Load Kernel Modules.
[    2.495332] systemd[1]: Mounting FUSE Control File System...
[    2.496474] systemd[1]: Mounting Kernel Configuration File System...
[    2.517977] systemd[1]: Starting Apply Kernel Variables...
[    2.531507] systemd[1]: Mounted FUSE Control File System.
[    2.531575] systemd[1]: Condition check resulted in VMware vmblock fuse mount being skipped.
[    2.532931] systemd[1]: Mounted Kernel Configuration File System.
[    2.556928] systemd[1]: Finished Apply Kernel Variables.
[    2.559939] systemd[1]: Finished Set the console keyboard layout.
[    2.560016] systemd[1]: Reached target Local File Systems (Pre).
[    2.561797] systemd[1]: Mounting Mount unit for bare, revision 5...
[    2.563651] systemd[1]: Mounting Mount unit for core18, revision 1705...
[    2.568774] systemd[1]: Mounting Mount unit for gnome-3-34-1804, revision 24...
[    2.574718] systemd[1]: Mounting Mount unit for gtk-common-themes, revision 1506...
[    2.579510] systemd[1]: Mounting Mount unit for gtk-common-themes, revision 1535...
[    2.592383] systemd[1]: Mounting Mount unit for snap-store, revision 433...
[    2.604925] systemd[1]: Mounting Mount unit for snapd, revision 7264...
[    2.646503] systemd[1]: Mounted Mount unit for bare, revision 5.
[    2.646590] systemd[1]: Mounted Mount unit for core18, revision 1705.
[    2.646659] systemd[1]: Mounted Mount unit for gnome-3-34-1804, revision 24.
[    2.647237] systemd[1]: Started udev Kernel Device Manager.
[    2.648716] systemd[1]: Starting Show Plymouth Boot Screen...
[    2.652618] systemd[1]: Received SIGRTMIN+20 from PID 274 (plymouthd).
[    2.675214] systemd[1]: Started Show Plymouth Boot Screen.
[    2.675396] systemd[1]: Condition check resulted in Dispatch Password Requests to Console Directory Watch being skipped.
[    2.675479] systemd[1]: Started Forward Password Requests to Plymouth Directory Watch.
[    2.675582] systemd[1]: Reached target Local Encrypted Volumes.
[    2.775527] systemd[1]: Mounted Mount unit for gtk-common-themes, revision 1506.
[    2.775813] systemd[1]: Mounted Mount unit for gtk-common-themes, revision 1535.
[    2.809117] systemd[1]: Mounted Mount unit for snap-store, revision 433.
[    2.809348] systemd[1]: Mounted Mount unit for snapd, revision 7264.
[    2.809517] systemd[1]: Reached target Local File Systems.
[    2.811636] systemd[1]: Starting Load AppArmor profiles...
[    2.812504] systemd[1]: Starting Set console font and keymap...
[    2.826193] systemd[1]: Starting Tell Plymouth To Write Out Runtime Data...
[    2.831082] systemd[1]: Condition check resulted in Store a System Token in an EFI Variable being skipped.
[    2.831114] systemd[1]: Condition check resulted in Commit a transient machine-id on disk being skipped.
[    2.832024] systemd[1]: Finished Set console font and keymap.
[    2.839113] systemd[1]: Received SIGRTMIN+20 from PID 274 (plymouthd).
[    2.840582] systemd[1]: plymouth-read-write.service: Succeeded.
[    2.840803] systemd[1]: Finished Tell Plymouth To Write Out Runtime Data.
[    2.863858] audit: type=1400 audit(1768315949.748:2): apparmor="STATUS" operation="profile_load" profile="unconfined" name="nvidia_modprobe" pid=301 comm="apparmor_parser"
[    2.863860] audit: type=1400 audit(1768315949.748:3): apparmor="STATUS" operation="profile_load" profile="unconfined" name="nvidia_modprobe//kmod" pid=301 comm="apparmor_parser"
[    2.873943] audit: type=1400 audit(1768315949.756:4): apparmor="STATUS" operation="profile_load" profile="unconfined" name="/usr/sbin/tcpdump" pid=302 comm="apparmor_parser"
[    2.915604] audit: type=1400 audit(1768315949.792:5): apparmor="STATUS" operation="profile_load" profile="unconfined" name="/usr/bin/evince" pid=304 comm="apparmor_parser"
[    2.915607] audit: type=1400 audit(1768315949.792:6): apparmor="STATUS" operation="profile_load" profile="unconfined" name="/usr/bin/evince//sanitized_helper" pid=304 comm="apparmor_parser"
[    2.915608] audit: type=1400 audit(1768315949.792:7): apparmor="STATUS" operation="profile_load" profile="unconfined" name="/usr/bin/evince-previewer" pid=304 comm="apparmor_parser"
[    2.915610] audit: type=1400 audit(1768315949.792:8): apparmor="STATUS" operation="profile_load" profile="unconfined" name="/usr/bin/evince-previewer//sanitized_helper" pid=304 comm="apparmor_parser"
[    2.915612] audit: type=1400 audit(1768315949.792:9): apparmor="STATUS" operation="profile_load" profile="unconfined" name="/usr/bin/evince-thumbnailer" pid=304 comm="apparmor_parser"
[    2.929623] audit: type=1400 audit(1768315949.812:10): apparmor="STATUS" operation="profile_load" profile="unconfined" name="/usr/lib/cups/backend/cups-pdf" pid=305 comm="apparmor_parser"
[    3.008061] systemd[1]: Finished Load AppArmor profiles.
[    3.008960] systemd[1]: Starting Load AppArmor profiles managed internally by snapd...
[    3.074644] systemd[1]: Finished Load AppArmor profiles managed internally by snapd.
[    3.193530] systemd[1]: Started Journal Service.
[    3.200079] systemd-journald[229]: Received client request to flush runtime journal.
[    3.205341] systemd-journald[229]: File /var/log/journal/c455b248004a419c87ce85eea238d727/system.journal corrupted or uncleanly shut down, renaming and replacing.
[    4.437267] RAPL PMU: API unit is 2^-32 Joules, 0 fixed counters, 10737418240 ms ovfl timer
[    4.477821] cryptd: max_cpu_qlen set to 1000
[    4.524323] AVX2 version of gcm_enc/dec engaged.
[    4.524324] AES CTR mode by8 optimization enabled
[    5.680761] Adding 1998844k swap on /dev/sda1.  Priority:-2 extents:1 across:1998844k FS
[    6.731280] kauditd_printk_skb: 30 callbacks suppressed
[    6.731282] audit: type=1400 audit(1768315953.612:41): apparmor="DENIED" operation="capable" profile="/usr/sbin/cups-browsed" pid=499 comm="cups-browsed" capability=23  capname="sys_nice"
[    8.038197] pcnet32 0000:00:03.0 enp0s3: link up, 100Mbps, full-duplex
[    8.073285] e1000: enp0s8 NIC Link is Up 1000 Mbps Full Duplex, Flow Control: RX
[    8.073572] IPv6: ADDRCONF(NETDEV_CHANGE): enp0s8: link becomes ready
[    8.085066] e1000: enp0s9 NIC Link is Up 1000 Mbps Full Duplex, Flow Control: RX
[    8.085359] IPv6: ADDRCONF(NETDEV_CHANGE): enp0s9: link becomes ready
[    8.625184] device enp0s3 entered promiscuous mode
[    8.635499] audit: type=1400 audit(1768315955.516:42): apparmor="DENIED" operation="open" profile="/usr/sbin/tcpdump" name="/proc/sys/kernel/random/boot_id" pid=673 comm="tcpdump" requested_mask="r" denied_mask="r" fsuid=0 ouid=0
[    8.635864] audit: type=1400 audit(1768315955.516:43): apparmor="DENIED" operation="open" profile="/usr/sbin/tcpdump" name="/proc/sys/kernel/random/boot_id" pid=673 comm="tcpdump" requested_mask="r" denied_mask="r" fsuid=0 ouid=0
[    8.635912] audit: type=1400 audit(1768315955.516:44): apparmor="DENIED" operation="open" profile="/usr/sbin/tcpdump" name="/proc/sys/kernel/random/boot_id" pid=673 comm="tcpdump" requested_mask="r" denied_mask="r" fsuid=0 ouid=0
[    8.635971] audit: type=1400 audit(1768315955.516:45): apparmor="DENIED" operation="open" profile="/usr/sbin/tcpdump" name="/proc/sys/kernel/random/boot_id" pid=673 comm="tcpdump" requested_mask="r" denied_mask="r" fsuid=0 ouid=0
[    8.641021] audit: type=1400 audit(1768315955.520:46): apparmor="DENIED" operation="open" profile="/usr/sbin/tcpdump" name="/proc/sys/kernel/random/boot_id" pid=674 comm="tcpdump" requested_mask="r" denied_mask="r" fsuid=0 ouid=0
[    8.641224] audit: type=1400 audit(1768315955.520:47): apparmor="DENIED" operation="open" profile="/usr/sbin/tcpdump" name="/proc/sys/kernel/random/boot_id" pid=674 comm="tcpdump" requested_mask="r" denied_mask="r" fsuid=0 ouid=0
[    8.641265] audit: type=1400 audit(1768315955.520:48): apparmor="DENIED" operation="open" profile="/usr/sbin/tcpdump" name="/proc/sys/kernel/random/boot_id" pid=674 comm="tcpdump" requested_mask="r" denied_mask="r" fsuid=0 ouid=0
[    8.641321] audit: type=1400 audit(1768315955.520:49): apparmor="DENIED" operation="open" profile="/usr/sbin/tcpdump" name="/proc/sys/kernel/random/boot_id" pid=674 comm="tcpdump" requested_mask="r" denied_mask="r" fsuid=0 ouid=0
[   12.992660] rfkill: input handler disabled
[  168.066246] AAAAA-TCP_FORW: name:enp0s3: saddr:16783984: daddr:100932208
[  268.439330] AAAAA-TCP_FORW: name:enp0s3: saddr:16783984: daddr:100932208
[  268.809205] AAAAA-TCP_FORW: name:enp0s3: saddr:16783984: daddr:100932208
[  271.632896] AAAAA-TCP_FORW: name:enp0s3: saddr:16783984: daddr:100932208
[  271.851120] AAAAA-TCP_FORW: name:enp0s3: saddr:33561200: daddr:100932208
[  272.172349] AAAAA-TCP_FORW: name:enp0s3: saddr:33561200: daddr:100932208
[  272.499980] AAAAA-TCP_FORW: name:enp0s3: saddr:16783984: daddr:100932208
[  272.619587] AAAAA-TCP_FORW: name:enp0s3: saddr:16783984: daddr:100932208
[  272.846898] AAAAA-TCP_FORW: name:enp0s3: saddr:33561200: daddr:100932208
[  273.202850] AAAAA-TCP_FORW: name:enp0s3: saddr:33561200: daddr:100932208
[  273.597301] AAAAA-TCP_FORW: name:enp0s3: saddr:16783984: daddr:100932208
[  273.870235] AAAAA-TCP_FORW: name:enp0s3: saddr:16783984: daddr:100932208
[  274.150804] AAAAA-TCP_FORW: name:enp0s3: saddr:33561200: daddr:100932208
[  274.584674] AAAAA-TCP_FORW: name:enp0s3: saddr:33561200: daddr:100932208
[  274.813999] AAAAA-TCP_FORW: name:enp0s3: saddr:16783984: daddr:100932208
[  275.034853] AAAAA-TCP_FORW: name:enp0s3: saddr:16783984: daddr:100932208
[  275.240595] AAAAA-TCP_FORW: name:enp0s3: saddr:33561200: daddr:100932208
[  275.739130] AAAAA-TCP_FORW: name:enp0s3: saddr:33561200: daddr:100932208
[  275.991088] AAAAA-TCP_FORW: name:enp0s3: saddr:16783984: daddr:100932208
[  574.876769] rfkill: input handler enabled
[  584.017218] rfkill: input handler disabled
[  814.236049] device enp0s3 left promiscuous mode
