[    0.000000] Linux version 5.4.243-mptcp (root@ztg) (gcc version 12.2.0 (Debian 12.2.0-14+deb12u1)) #53 SMP Wed Dec 24 23:28:15 CST 2025
[    0.000000] Command line: BOOT_IMAGE=/boot/vmlinuz-5.4.243-mptcp root=UUID=98415a12-53b7-4144-8265-0f7ece09e445 ro quiet splash
[    0.000000] KERNEL supported cpus:
[    0.000000]   Intel GenuineIntel
[    0.000000]   AMD AuthenticAMD
[    0.000000]   Hygon HygonGenuine
[    0.000000]   Centaur CentaurHauls
[    0.000000]   zhaoxin   Shanghai  
[    0.000000] x86/fpu: Supporting XSAVE feature 0x001: 'x87 floating point registers'
[    0.000000] x86/fpu: Supporting XSAVE feature 0x002: 'SSE registers'
[    0.000000] x86/fpu: Supporting XSAVE feature 0x004: 'AVX registers'
[    0.000000] x86/fpu: xstate_offset[2]:  576, xstate_sizes[2]:  256
[    0.000000] x86/fpu: Enabled xstate features 0x7, context size is 832 bytes, using 'standard' format.
[    0.000000] BIOS-provided physical RAM map:
[    0.000000] BIOS-e820: [mem 0x0000000000000000-0x000000000009fbff] usable
[    0.000000] BIOS-e820: [mem 0x000000000009fc00-0x000000000009ffff] reserved
[    0.000000] BIOS-e820: [mem 0x00000000000f0000-0x00000000000fffff] reserved
[    0.000000] BIOS-e820: [mem 0x0000000000100000-0x000000007ffeffff] usable
[    0.000000] BIOS-e820: [mem 0x000000007fff0000-0x000000007fffffff] ACPI data
[    0.000000] BIOS-e820: [mem 0x00000000fec00000-0x00000000fec00fff] reserved
[    0.000000] BIOS-e820: [mem 0x00000000fee00000-0x00000000fee00fff] reserved
[    0.000000] BIOS-e820: [mem 0x00000000fffc0000-0x00000000ffffffff] reserved
[    0.000000] NX (Execute Disable) protection: active
[    0.000000] SMBIOS 2.5 present.
[    0.000000] DMI: innotek GmbH VirtualBox/VirtualBox, BIOS VirtualBox 12/01/2006
[    0.000000] Hypervisor detected: KVM
[    0.000000] kvm-clock: Using msrs 4b564d01 and 4b564d00
[    0.000000] kvm-clock: cpu 0, msr 68601001, primary cpu clock
[    0.000000] kvm-clock: using sched offset of 4476926064 cycles
[    0.000003] clocksource: kvm-clock: mask: 0xffffffffffffffff max_cycles: 0x1cd42e4dffb, max_idle_ns: 881590591483 ns
[    0.000006] tsc: Detected 2100.000 MHz processor
[    0.001870] e820: update [mem 0x00000000-0x00000fff] usable ==> reserved
[    0.001872] e820: remove [mem 0x000a0000-0x000fffff] usable
[    0.001876] last_pfn = 0x7fff0 max_arch_pfn = 0x400000000
[    0.001951] MTRR default type: uncachable
[    0.001952] MTRR fixed ranges enabled:
[    0.001953]   00000-9FFFF write-back
[    0.001954]   A0000-BFFFF uncachable
[    0.001955]   C0000-FFFFF write-protect
[    0.001955] MTRR variable ranges enabled:
[    0.001957]   0 base 000000000000 mask 3FFF80000000 write-back
[    0.001958]   1 disabled
[    0.001958]   2 disabled
[    0.001959]   3 disabled
[    0.001959]   4 disabled
[    0.001959]   5 disabled
[    0.001960]   6 disabled
[    0.001960]   7 disabled
[    0.001961]   8 disabled
[    0.001961]   9 disabled
[    0.001962]   10 disabled
[    0.001962]   11 disabled
[    0.001962]   12 disabled
[    0.001963]   13 disabled
[    0.001963]   14 disabled
[    0.001964]   15 disabled
[    0.001980] x86/PAT: Configuration [0-7]: WB  WC  UC- UC  WB  WP  UC- WT  
[    0.002124] found SMP MP-table at [mem 0x0009fff0-0x0009ffff]
[    0.090918] check: Scanning 1 areas for low memory corruption
[    0.091166] RAMDISK: [mem 0x32271000-0x3512ffff]
[    0.091176] ACPI: Early table checksum verification disabled
[    0.091181] ACPI: RSDP 0x00000000000E0000 000024 (v02 VBOX  )
[    0.091186] ACPI: XSDT 0x000000007FFF0030 00003C (v01 VBOX   VBOXXSDT 00000001 ASL  00000061)
[    0.091192] ACPI: FACP 0x000000007FFF00F0 0000F4 (v04 VBOX   VBOXFACP 00000001 ASL  00000061)
[    0.091199] ACPI: DSDT 0x000000007FFF02E0 002353 (v02 VBOX   VBOXBIOS 00000002 VBOX 00029BF3)
[    0.091203] ACPI: FACS 0x000000007FFF0200 000040
[    0.091206] ACPI: FACS 0x000000007FFF0200 000040
[    0.091210] ACPI: APIC 0x000000007FFF0240 000054 (v02 VBOX   VBOXAPIC 00000001 ASL  00000061)
[    0.091213] ACPI: SSDT 0x000000007FFF02A0 000038 (v01 VBOX   VBOXCPUT 00000002 VBOX 00029BF3)
[    0.091216] ACPI: Reserving FACP table memory at [mem 0x7fff00f0-0x7fff01e3]
[    0.091217] ACPI: Reserving DSDT table memory at [mem 0x7fff02e0-0x7fff2632]
[    0.091218] ACPI: Reserving FACS table memory at [mem 0x7fff0200-0x7fff023f]
[    0.091219] ACPI: Reserving FACS table memory at [mem 0x7fff0200-0x7fff023f]
[    0.091220] ACPI: Reserving APIC table memory at [mem 0x7fff0240-0x7fff0293]
[    0.091220] ACPI: Reserving SSDT table memory at [mem 0x7fff02a0-0x7fff02d7]
[    0.091234] ACPI: Local APIC address 0xfee00000
[    0.091420] No NUMA configuration found
[    0.091421] Faking a node at [mem 0x0000000000000000-0x000000007ffeffff]
[    0.091432] NODE_DATA(0) allocated [mem 0x7ffc5000-0x7ffeffff]
[    0.091693] Zone ranges:
[    0.091694]   DMA      [mem 0x0000000000001000-0x0000000000ffffff]
[    0.091696]   DMA32    [mem 0x0000000001000000-0x000000007ffeffff]
[    0.091696]   Normal   empty
[    0.091697]   Device   empty
[    0.091698] Movable zone start for each node
[    0.091700] Early memory node ranges
[    0.091700]   node   0: [mem 0x0000000000001000-0x000000000009efff]
[    0.091701]   node   0: [mem 0x0000000000100000-0x000000007ffeffff]
[    0.091705] Zeroed struct page in unavailable ranges: 114 pages
[    0.091706] Initmem setup node 0 [mem 0x0000000000001000-0x000000007ffeffff]
[    0.091707] On node 0 totalpages: 524174
[    0.091708]   DMA zone: 64 pages used for memmap
[    0.091709]   DMA zone: 21 pages reserved
[    0.091710]   DMA zone: 3998 pages, LIFO batch:0
[    0.091782]   DMA32 zone: 8128 pages used for memmap
[    0.091782]   DMA32 zone: 520176 pages, LIFO batch:63
[    0.100842] ACPI: PM-Timer IO Port: 0x4008
[    0.100846] ACPI: Local APIC address 0xfee00000
[    0.100916] IOAPIC[0]: apic_id 1, version 32, address 0xfec00000, GSI 0-23
[    0.100919] ACPI: INT_SRC_OVR (bus 0 bus_irq 0 global_irq 2 dfl dfl)
[    0.100921] ACPI: INT_SRC_OVR (bus 0 bus_irq 9 global_irq 9 low level)
[    0.100923] ACPI: IRQ0 used by override.
[    0.100924] ACPI: IRQ9 used by override.
[    0.100927] Using ACPI (MADT) for SMP configuration information
[    0.100936] smpboot: Allowing 1 CPUs, 0 hotplug CPUs
[    0.100965] PM: Registered nosave memory: [mem 0x00000000-0x00000fff]
[    0.100966] PM: Registered nosave memory: [mem 0x0009f000-0x0009ffff]
[    0.100967] PM: Registered nosave memory: [mem 0x000a0000-0x000effff]
[    0.100967] PM: Registered nosave memory: [mem 0x000f0000-0x000fffff]
[    0.100969] [mem 0x80000000-0xfebfffff] available for PCI devices
[    0.100970] Booting paravirtualized kernel on KVM
[    0.100973] clocksource: refined-jiffies: mask: 0xffffffff max_cycles: 0xffffffff, max_idle_ns: 7645519600211568 ns
[    0.100978] setup_percpu: NR_CPUS:8192 nr_cpumask_bits:1 nr_cpu_ids:1 nr_node_ids:1
[    0.101972] percpu: Embedded 60 pages/cpu s208896 r8192 d28672 u2097152
[    0.101977] pcpu-alloc: s208896 r8192 d28672 u2097152 alloc=1*2097152
[    0.101978] pcpu-alloc: [0] 0 
[    0.102006] Built 1 zonelists, mobility grouping on.  Total pages: 515961
[    0.102006] Policy zone: DMA32
[    0.102008] Kernel command line: BOOT_IMAGE=/boot/vmlinuz-5.4.243-mptcp root=UUID=98415a12-53b7-4144-8265-0f7ece09e445 ro quiet splash
[    0.102850] Dentry cache hash table entries: 262144 (order: 9, 2097152 bytes, linear)
[    0.103000] Inode-cache hash table entries: 131072 (order: 8, 1048576 bytes, linear)
[    0.103051] mem auto-init: stack:off, heap alloc:on, heap free:off
[    0.103054] Calgary: detecting Calgary via BIOS EBDA area
[    0.103055] Calgary: Unable to locate Rio Grande table in EBDA - bailing!
[    0.107153] Memory: 1967332K/2096696K available (14339K kernel code, 2398K rwdata, 4712K rodata, 2728K init, 17260K bss, 129364K reserved, 0K cma-reserved)
[    0.108069] SLUB: HWalign=64, Order=0-3, MinObjects=0, CPUs=1, Nodes=1
[    0.108086] ftrace: allocating 43186 entries in 169 pages
[    0.126236] rcu: Hierarchical RCU implementation.
[    0.126237] rcu: 	RCU restricting CPUs from NR_CPUS=8192 to nr_cpu_ids=1.
[    0.126239] 	Tasks RCU enabled.
[    0.126240] rcu: RCU calculated value of scheduler-enlistment delay is 25 jiffies.
[    0.126241] rcu: Adjusting geometry for rcu_fanout_leaf=16, nr_cpu_ids=1
[    0.129207] NR_IRQS: 524544, nr_irqs: 256, preallocated irqs: 16
[    0.129425] random: crng init done
[    0.138751] Console: colour VGA+ 80x25
[    0.138755] printk: console [tty0] enabled
[    0.138776] ACPI: Core revision 20190816
[    0.138915] APIC: Switch to symmetric I/O mode setup
[    0.139167] x2apic enabled
[    0.139413] Switched APIC routing to physical x2apic.
[    0.140541] ..TIMER: vector=0x30 apic1=0 pin1=2 apic2=-1 pin2=-1
[    0.140567] clocksource: tsc-early: mask: 0xffffffffffffffff max_cycles: 0x1e4530a99b6, max_idle_ns: 440795257976 ns
[    0.140573] Calibrating delay loop (skipped) preset value.. 4200.00 BogoMIPS (lpj=8400000)
[    0.140575] pid_max: default: 32768 minimum: 301
[    0.140606] LSM: Security Framework initializing
[    0.140615] Yama: becoming mindful.
[    0.140643] AppArmor: AppArmor initialized
[    0.140676] Mount-cache hash table entries: 4096 (order: 3, 32768 bytes, linear)
[    0.140680] Mountpoint-cache hash table entries: 4096 (order: 3, 32768 bytes, linear)
[    0.140690] *** VALIDATE tmpfs ***
[    0.140818] *** VALIDATE proc ***
[    0.140859] *** VALIDATE cgroup1 ***
[    0.140860] *** VALIDATE cgroup2 ***
[    0.141000] process: using mwait in idle threads
[    0.141005] Last level iTLB entries: 4KB 64, 2MB 8, 4MB 8
[    0.141005] Last level dTLB entries: 4KB 64, 2MB 0, 4MB 0, 1GB 4
[    0.141025] Spectre V1 : Mitigation: usercopy/swapgs barriers and __user pointer sanitization
[    0.141030] Spectre V2 : Mitigation: Retpolines
[    0.141032] Spectre V2 : Spectre v2 / SpectreRSB mitigation: Filling RSB on context switch
[    0.141032] Spectre V2 : Spectre v2 / SpectreRSB : Filling RSB on VMEXIT
[    0.141033] RETBleed: WARNING: Spectre v2 mitigation leaves CPU vulnerable to RETBleed attacks, data leaks possible!
[    0.141399] RETBleed: Vulnerable
[    0.141400] Speculative Store Bypass: Vulnerable
[    0.141404] TAA: Mitigation: TSX disabled
[    0.141405] MMIO Stale Data: Mitigation: Clear CPU buffers
[    0.145693] Freeing SMP alternatives memory: 40K
[    0.256569] APIC calibration not consistent with PM-Timer: 97ms instead of 100ms
[    0.256569] APIC delta adjusted to PM-Timer: 6250218 (6119977)
[    0.256569] smpboot: CPU0: Intel(R) Xeon(R) Silver 4216 CPU @ 2.10GHz (family: 0x6, model: 0x55, stepping: 0x7)
[    0.256569] Performance Events: unsupported p6 CPU model 85 no PMU driver, software events only.
[    0.256569] rcu: Hierarchical SRCU implementation.
[    0.256569] NMI watchdog: Perf NMI watchdog permanently disabled
[    0.256569] smp: Bringing up secondary CPUs ...
[    0.256569] smp: Brought up 1 node, 1 CPU
[    0.256569] smpboot: Max logical packages: 1
[    0.256569] smpboot: Total of 1 processors activated (4200.00 BogoMIPS)
[    0.257736] devtmpfs: initialized
[    0.257802] x86/mm: Memory block size: 128MB
[    0.258287] clocksource: jiffies: mask: 0xffffffff max_cycles: 0xffffffff, max_idle_ns: 7645041785100000 ns
[    0.258294] futex hash table entries: 256 (order: 2, 16384 bytes, linear)
[    0.258355] pinctrl core: initialized pinctrl subsystem
[    0.258488] PM: RTC time: 21:32:06, date: 2026-01-12
[    0.258637] NET: Registered protocol family 16
[    0.258741] audit: initializing netlink subsys (disabled)
[    0.258921] EISA bus registered
[    0.258923] cpuidle: using governor ladder
[    0.258924] cpuidle: using governor menu
[    0.258980] ACPI: bus type PCI registered
[    0.258981] acpiphp: ACPI Hot Plug PCI Controller Driver version: 0.5
[    0.259111] PCI: Using configuration type 1 for base access
[    0.261305] audit: type=2000 audit(1768224733.112:1): state=initialized audit_enabled=0 res=1
[    0.261414] HugeTLB registered 2.00 MiB page size, pre-allocated 0 pages
[    0.262532] ACPI: Added _OSI(Module Device)
[    0.262533] ACPI: Added _OSI(Processor Device)
[    0.262534] ACPI: Added _OSI(3.0 _SCP Extensions)
[    0.262535] ACPI: Added _OSI(Processor Aggregator Device)
[    0.262536] ACPI: Added _OSI(Linux-Dell-Video)
[    0.262537] ACPI: Added _OSI(Linux-Lenovo-NV-HDMI-Audio)
[    0.262538] ACPI: Added _OSI(Linux-HPI-Hybrid-Graphics)
[    0.265005] ACPI: 2 ACPI AML tables successfully acquired and loaded
[    0.266587] ACPI: Interpreter enabled
[    0.266597] ACPI: (supports S0 S5)
[    0.266598] ACPI: Using IOAPIC for interrupt routing
[    0.266867] PCI: Using host bridge windows from ACPI; if necessary, use "pci=nocrs" and report a bug
[    0.266994] ACPI: Enabled 2 GPEs in block 00 to 07
[    0.272969] ACPI: PCI Root Bridge [PCI0] (domain 0000 [bus 00-ff])
[    0.272974] acpi PNP0A03:00: _OSC: OS supports [ASPM ClockPM Segments MSI HPX-Type3]
[    0.273459] acpi PNP0A03:00: _OSC: not requesting OS control; OS requires [ExtendedConfig ASPM ClockPM MSI]
[    0.273467] acpi PNP0A03:00: fail to add MMCONFIG information, can't access extended PCI configuration space under this bridge.
[    0.273885] PCI host bridge to bus 0000:00
[    0.273888] pci_bus 0000:00: root bus resource [io  0x0000-0x0cf7 window]
[    0.273890] pci_bus 0000:00: root bus resource [io  0x0d00-0xffff window]
[    0.273892] pci_bus 0000:00: root bus resource [mem 0x000a0000-0x000bffff window]
[    0.273893] pci_bus 0000:00: root bus resource [mem 0x80000000-0xfdffffff window]
[    0.273895] pci_bus 0000:00: root bus resource [bus 00-ff]
[    0.273943] pci 0000:00:00.0: [8086:1237] type 00 class 0x060000
[    0.274975] pci 0000:00:01.0: [8086:7000] type 00 class 0x060100
[    0.275770] pci 0000:00:01.1: [8086:7111] type 00 class 0x01018a
[    0.276137] pci 0000:00:01.1: reg 0x20: [io  0xd000-0xd00f]
[    0.276287] pci 0000:00:01.1: legacy IDE quirk: reg 0x10: [io  0x01f0-0x01f7]
[    0.276288] pci 0000:00:01.1: legacy IDE quirk: reg 0x14: [io  0x03f6]
[    0.276289] pci 0000:00:01.1: legacy IDE quirk: reg 0x18: [io  0x0170-0x0177]
[    0.276290] pci 0000:00:01.1: legacy IDE quirk: reg 0x1c: [io  0x0376]
[    0.276611] pci 0000:00:02.0: [15ad:0405] type 00 class 0x030000
[    0.279911] pci 0000:00:02.0: reg 0x10: [io  0xd010-0xd01f]
[    0.282492] pci 0000:00:02.0: reg 0x14: [mem 0xe0000000-0xe7ffffff pref]
[    0.284617] pci 0000:00:02.0: reg 0x18: [mem 0xf0000000-0xf01fffff]
[    0.297040] pci 0000:00:03.0: [1022:2000] type 00 class 0x020000
[    0.297779] pci 0000:00:03.0: reg 0x10: [io  0xd020-0xd03f]
[    0.298481] pci 0000:00:03.0: reg 0x14: [mem 0xf0200000-0xf0200fff]
[    0.300569] pci 0000:00:04.0: [80ee:cafe] type 00 class 0x088000
[    0.300687] pci 0000:00:04.0: reg 0x10: [io  0xd040-0xd05f]
[    0.304630] pci 0000:00:04.0: reg 0x14: [mem 0xf0400000-0xf07fffff]
[    0.305232] pci 0000:00:04.0: reg 0x18: [mem 0xf0800000-0xf0803fff pref]
[    0.309954] pci 0000:00:07.0: [8086:7113] type 00 class 0x068000
[    0.310495] pci 0000:00:07.0: quirk: [io  0x4000-0x403f] claimed by PIIX4 ACPI
[    0.310504] pci 0000:00:07.0: quirk: [io  0x4100-0x410f] claimed by PIIX4 SMB
[    0.311120] pci 0000:00:08.0: [8086:100e] type 00 class 0x020000
[    0.311829] pci 0000:00:08.0: reg 0x10: [mem 0xf0820000-0xf083ffff]
[    0.312694] pci 0000:00:08.0: reg 0x18: [io  0xd060-0xd067]
[    0.315873] pci 0000:00:09.0: [8086:100e] type 00 class 0x020000
[    0.316685] pci 0000:00:09.0: reg 0x10: [mem 0xf0840000-0xf085ffff]
[    0.317834] pci 0000:00:09.0: reg 0x18: [io  0xd068-0xd06f]
[    0.328968] ACPI: PCI Interrupt Link [LNKA] (IRQs 5 9 10 *11)
[    0.329260] ACPI: PCI Interrupt Link [LNKB] (IRQs 5 9 *10 11)
[    0.329361] ACPI: PCI Interrupt Link [LNKC] (IRQs 5 *9 10 11)
[    0.329466] ACPI: PCI Interrupt Link [LNKD] (IRQs 5 9 10 *11)
[    0.329738] iommu: Default domain type: Translated 
[    0.329800] pci 0000:00:02.0: vgaarb: setting as boot VGA device
[    0.329801] pci 0000:00:02.0: vgaarb: VGA device added: decodes=io+mem,owns=io+mem,locks=none
[    0.329804] pci 0000:00:02.0: vgaarb: bridge control possible
[    0.329804] vgaarb: loaded
[    0.330018] SCSI subsystem initialized
[    0.330053] libata version 3.00 loaded.
[    0.330078] ACPI: bus type USB registered
[    0.330094] usbcore: registered new interface driver usbfs
[    0.330100] usbcore: registered new interface driver hub
[    0.330105] usbcore: registered new device driver usb
[    0.330133] pps_core: LinuxPPS API ver. 1 registered
[    0.330134] pps_core: Software ver. 5.3.6 - Copyright 2005-2007 Rodolfo Giometti <giometti@linux.it>
[    0.330136] PTP clock support registered
[    0.330172] EDAC MC: Ver: 3.0.0
[    0.330451] PCI: Using ACPI for IRQ routing
[    0.330452] PCI: pci_cache_line_size set to 64 bytes
[    0.330627] e820: reserve RAM buffer [mem 0x0009fc00-0x0009ffff]
[    0.330630] e820: reserve RAM buffer [mem 0x7fff0000-0x7fffffff]
[    0.331438] NetLabel: Initializing
[    0.331439] NetLabel:  domain hash size = 128
[    0.331439] NetLabel:  protocols = UNLABELED CIPSOv4 CALIPSO
[    0.331459] NetLabel:  unlabeled traffic allowed by default
[    0.332361] clocksource: Switched to clocksource kvm-clock
[    0.342857] *** VALIDATE bpf ***
[    0.342918] VFS: Disk quotas dquot_6.6.0
[    0.342930] VFS: Dquot-cache hash table entries: 512 (order 0, 4096 bytes)
[    0.342953] *** VALIDATE ramfs ***
[    0.342956] *** VALIDATE hugetlbfs ***
[    0.343035] AppArmor: AppArmor Filesystem Enabled
[    0.343061] pnp: PnP ACPI init
[    0.343122] pnp 00:00: Plug and Play ACPI device, IDs PNP0303 (active)
[    0.343191] pnp 00:01: Plug and Play ACPI device, IDs PNP0f03 (active)
[    0.343945] pnp: PnP ACPI: found 2 devices
[    0.344914] thermal_sys: Registered thermal governor 'fair_share'
[    0.344914] thermal_sys: Registered thermal governor 'bang_bang'
[    0.344915] thermal_sys: Registered thermal governor 'step_wise'
[    0.344916] thermal_sys: Registered thermal governor 'user_space'
[    0.344916] thermal_sys: Registered thermal governor 'power_allocator'
[    0.349446] clocksource: acpi_pm: mask: 0xffffff max_cycles: 0xffffff, max_idle_ns: 2085701024 ns
[    0.349486] pci_bus 0000:00: resource 4 [io  0x0000-0x0cf7 window]
[    0.349488] pci_bus 0000:00: resource 5 [io  0x0d00-0xffff window]
[    0.349490] pci_bus 0000:00: resource 6 [mem 0x000a0000-0x000bffff window]
[    0.349491] pci_bus 0000:00: resource 7 [mem 0x80000000-0xfdffffff window]
[    0.349550] NET: Registered protocol family 2
[    0.349625] IP idents hash table entries: 32768 (order: 6, 262144 bytes, linear)
[    0.350039] MPTCP tokens hash table entries: 8192 (order: 4, 65536 bytes, linear)
[    0.350059] MPTCP request tokens hash table entries: 8192 (order: 4, 65536 bytes, linear)
[    0.350084] default registered
[    0.350084] default registered
[    0.350085] MPTCP: Stable release v0.96
[    0.350090] tcp_listen_portaddr_hash hash table entries: 1024 (order: 2, 16384 bytes, linear)
[    0.350168] TCP established hash table entries: 16384 (order: 5, 131072 bytes, linear)
[    0.350230] TCP bind hash table entries: 16384 (order: 6, 262144 bytes, linear)
[    0.350256] TCP: Hash tables configured (established 16384 bind 16384)
[    0.350943] UDP hash table entries: 1024 (order: 3, 32768 bytes, linear)
[    0.350954] UDP-Lite hash table entries: 1024 (order: 3, 32768 bytes, linear)
[    0.350986] NET: Registered protocol family 1
[    0.350994] NET: Registered protocol family 44
[    0.351013] pci 0000:00:00.0: Limiting direct PCI/PCI transfers
[    0.351025] pci 0000:00:01.0: Activating ISA DMA hang workarounds
[    0.351081] pci 0000:00:02.0: Video device with shadowed ROM at [mem 0x000c0000-0x000dffff]
[    0.351144] PCI: CLS 0 bytes, default 64
[    0.351225] Trying to unpack rootfs image as initramfs...
[    0.523160] Freeing initrd memory: 47868K
[    0.523160] clocksource: tsc: mask: 0xffffffffffffffff max_cycles: 0x1e4530a99b6, max_idle_ns: 440795257976 ns
[    0.523160] clocksource: Switched to clocksource tsc
[    0.523160] platform rtc_cmos: registered platform RTC device (no PNP device found)
[    0.523160] check: Scanning for low memory corruption every 60 seconds
[    0.523160] Initialise system trusted keyrings
[    0.523160] Key type blacklist registered
[    0.523160] workingset: timestamp_bits=36 max_order=19 bucket_order=0
[    0.523160] zbud: loaded
[    0.523160] squashfs: version 4.0 (2009/01/31) Phillip Lougher
[    0.523160] fuse: init (API version 7.31)
[    0.523160] *** VALIDATE fuse ***
[    0.523160] *** VALIDATE fuse ***
[    0.523160] Platform Keyring initialized
[    0.523160] Key type asymmetric registered
[    0.523160] Asymmetric key parser 'x509' registered
[    0.523160] Block layer SCSI generic (bsg) driver version 0.4 loaded (major 244)
[    0.523160] io scheduler mq-deadline registered
[    0.523160] shpchp: Standard Hot Plug PCI Controller Driver version: 0.4
[    0.536939] ACPI: AC Adapter [AC] (on-line)
[    0.536995] input: Power Button as /devices/LNXSYSTM:00/LNXPWRBN:00/input/input0
[    0.537022] ACPI: Power Button [PWRF]
[    0.537108] input: Sleep Button as /devices/LNXSYSTM:00/LNXSLPBN:00/input/input1
[    0.537123] ACPI: Sleep Button [SLPF]
[    0.537354] Serial: 8250/16550 driver, 32 ports, IRQ sharing enabled
[    0.538530] Linux agpgart interface v0.103
[    0.627263] loop: module loaded
[    0.627431] ata_piix 0000:00:01.1: version 2.13
[    0.627846] scsi host0: ata_piix
[    0.627938] scsi host1: ata_piix
[    0.627964] ata1: PATA max UDMA/33 cmd 0x1f0 ctl 0x3f6 bmdma 0xd000 irq 14
[    0.627965] ata2: PATA max UDMA/33 cmd 0x170 ctl 0x376 bmdma 0xd008 irq 15
[    0.628050] tun: Universal TUN/TAP device driver, 1.6
[    0.628355] PPP generic driver version 2.4.2
[    0.628398] VFIO - User Level meta-driver version: 0.3
[    0.628635] ehci_hcd: USB 2.0 'Enhanced' Host Controller (EHCI) Driver
[    0.628640] ehci-pci: EHCI PCI platform driver
[    0.628656] ehci-platform: EHCI generic platform driver
[    0.628661] ohci_hcd: USB 1.1 'Open' Host Controller (OHCI) Driver
[    0.628663] ohci-pci: OHCI PCI platform driver
[    0.628670] ohci-platform: OHCI generic platform driver
[    0.628675] uhci_hcd: USB Universal Host Controller Interface driver
[    0.628738] i8042: PNP: PS/2 Controller [PNP0303:PS2K,PNP0f03:PS2M] at 0x60,0x64 irq 1,12
[    0.629178] serio: i8042 KBD port at 0x60,0x64 irq 1
[    0.629182] serio: i8042 AUX port at 0x60,0x64 irq 12
[    0.629270] mousedev: PS/2 mouse device common for all mice
[    0.629554] input: AT Translated Set 2 keyboard as /devices/platform/i8042/serio0/input/input2
[    0.629961] rtc_cmos rtc_cmos: registered as rtc0
[    0.629975] rtc_cmos rtc_cmos: alarms up to one day, 114 bytes nvram
[    0.629981] i2c /dev entries driver
[    0.630027] device-mapper: uevent: version 1.0.3
[    0.630071] device-mapper: ioctl: 4.41.0-ioctl (2019-09-16) initialised: dm-devel@redhat.com
[    0.630087] platform eisa.0: Probing EISA bus 0
[    0.630088] platform eisa.0: EISA: Cannot allocate resource for mainboard
[    0.630089] platform eisa.0: Cannot allocate resource for EISA slot 1
[    0.630090] platform eisa.0: Cannot allocate resource for EISA slot 2
[    0.630091] platform eisa.0: Cannot allocate resource for EISA slot 3
[    0.630092] platform eisa.0: Cannot allocate resource for EISA slot 4
[    0.630093] platform eisa.0: Cannot allocate resource for EISA slot 5
[    0.630094] platform eisa.0: Cannot allocate resource for EISA slot 6
[    0.630095] platform eisa.0: Cannot allocate resource for EISA slot 7
[    0.630096] platform eisa.0: Cannot allocate resource for EISA slot 8
[    0.630097] platform eisa.0: EISA: Detected 0 cards
[    0.630100] intel_pstate: CPU model not supported
[    0.630109] ledtrig-cpu: registered to indicate activity on CPUs
[    0.630163] drop_monitor: Initializing network drop monitor service
[    0.630323] NET: Registered protocol family 10
[    0.635355] Segment Routing with IPv6
[    0.635355] fullmesh registered
[    0.635355] ndiffports registered
[    0.635355] binder registered
[    0.635355] roundrobin registered
[    0.635355] redundant registered
[    0.635355] blest registered
[    0.635355] ecf registered
[    0.635355] NET: Registered protocol family 17
[    0.635355] Key type dns_resolver registered
[    0.635355] RAS: Correctable Errors collector initialized.
[    0.635355] IPI shorthand broadcast: enabled
[    0.635355] sched_clock: Marking stable (620201604, 11154365)->(636530281, -5174312)
[    0.635743] registered taskstats version 1
[    0.635752] Loading compiled-in X.509 certificates
[    0.636340] Loaded X.509 cert 'Build time autogenerated kernel key: 6909f3744cebb3d0de528d5887b96a727de79b1e'
[    0.636356] zswap: loaded using pool lzo/zbud
[    0.636410] Key type ._fscrypt registered
[    0.636411] Key type .fscrypt registered
[    0.641129] Key type big_key registered
[    0.643410] Key type encrypted registered
[    0.643412] AppArmor: AppArmor sha1 policy hashing enabled
[    0.643420] ima: No TPM chip found, activating TPM-bypass!
[    0.643424] ima: Allocated hash algorithm: sha1
[    0.643429] ima: No architecture policies found
[    0.643438] evm: Initialising EVM extended attributes:
[    0.643439] evm: security.selinux
[    0.643439] evm: security.SMACK64
[    0.643440] evm: security.SMACK64EXEC
[    0.643440] evm: security.SMACK64TRANSMUTE
[    0.643441] evm: security.SMACK64MMAP
[    0.643441] evm: security.apparmor
[    0.643442] evm: security.ima
[    0.643442] evm: security.capability
[    0.643443] evm: HMAC attrs: 0x1
[    0.643738] PM:   Magic number: 10:576:550
[    0.643748] tty ttyS26: hash matches
[    0.643770] acpi PNP0C0F:01: hash matches
[    0.643864] rtc_cmos rtc_cmos: setting system clock to 2026-01-12T21:32:07 UTC (1768253527)
[    0.799269] ata1.00: ATA-6: VBOX HARDDISK, 1.0, max UDMA/133
[    0.799272] ata1.00: 209715200 sectors, multi 128: LBA 
[    0.799734] scsi 0:0:0:0: Direct-Access     ATA      VBOX HARDDISK    1.0  PQ: 0 ANSI: 5
[    0.799931] sd 0:0:0:0: [sda] 209715200 512-byte logical blocks: (107 GB/100 GiB)
[    0.799938] sd 0:0:0:0: [sda] Write Protect is off
[    0.799940] sd 0:0:0:0: [sda] Mode Sense: 00 3a 00 00
[    0.799952] sd 0:0:0:0: [sda] Write cache: enabled, read cache: enabled, doesn't support DPO or FUA
[    0.800168] sd 0:0:0:0: Attached scsi generic sg0 type 0
[    0.800966]  sda: sda1 sda2
[    0.811338] sd 0:0:0:0: [sda] Attached SCSI disk
[    0.813391] Freeing unused decrypted memory: 2040K
[    0.814113] Freeing unused kernel image memory: 2728K
[    0.814115] Write protecting the kernel read-only data: 22528k
[    0.814822] Freeing unused kernel image memory: 2036K
[    0.815229] Freeing unused kernel image memory: 1432K
[    0.831485] x86/mm: Checked W+X mappings: passed, no W+X pages found.
[    0.831490] Run /init as init process
[    0.934860] ACPI: Video Device [GFX0] (multi-head: yes  rom: no  post: no)
[    0.934932] input: Video Bus as /devices/LNXSYSTM:00/LNXSYBUS:00/PNP0A03:00/LNXVIDEO:00/input/input4
[    0.946188] pcnet32: pcnet32.c:v1.35 21.Apr.2008 tsbogend@alpha.franken.de
[    0.949831] piix4_smbus 0000:00:07.0: SMBus Host Controller at 0x4100, revision 0
[    0.950878] pcnet32: PCnet/FAST III 79C973 at 0xd020, 08:00:27:40:77:05 assigned IRQ 19
[    0.950937] pcnet32: Found PHY 0022:561b at address 0
[    0.951354] pcnet32: eth0: registered as PCnet/FAST III 79C973
[    0.954145] e1000: Intel(R) PRO/1000 Network Driver - version 7.3.21-k8-NAPI
[    0.954146] e1000: Copyright (c) 1999-2006 Intel Corporation.
[    0.967258] pcnet32: 1 cards_found
[    1.019922] pcnet32 0000:00:03.0 enp0s3: renamed from eth0
[    1.172436] input: ImExPS/2 Generic Explorer Mouse as /devices/platform/i8042/serio1/input/input5
[    1.364760] e1000 0000:00:08.0 eth0: (PCI:33MHz:32-bit) 08:00:27:02:ae:7b
[    1.364765] e1000 0000:00:08.0 eth0: Intel(R) PRO/1000 Network Connection
[    1.739890] e1000 0000:00:09.0 eth1: (PCI:33MHz:32-bit) 08:00:27:31:6e:3a
[    1.739893] e1000 0000:00:09.0 eth1: Intel(R) PRO/1000 Network Connection
[    1.741163] e1000 0000:00:09.0 enp0s9: renamed from eth1
[    1.742953] e1000 0000:00:08.0 enp0s8: renamed from eth0
[    1.885362] EXT4-fs (sda2): mounted filesystem with ordered data mode. Opts: (null)
[    1.969926] systemd[1]: Inserted module 'autofs4'
[    1.978995] systemd[1]: systemd 245.4-4ubuntu3 running in system mode. (+PAM +AUDIT +SELINUX +IMA +APPARMOR +SMACK +SYSVINIT +UTMP +LIBCRYPTSETUP +GCRYPT +GNUTLS +ACL +XZ +LZ4 +SECCOMP +BLKID +ELFUTILS +KMOD +IDN2 -IDN +PCRE2 default-hierarchy=hybrid)
[    1.979026] systemd[1]: Detected virtualization oracle.
[    1.979029] systemd[1]: Detected architecture x86-64.
[    1.980364] systemd[1]: Set hostname to <ztg>.
[    2.103288] systemd[1]: /lib/systemd/system/dbus.socket:5: ListenStream= references a path below legacy directory /var/run/, updating /var/run/dbus/system_bus_socket â†’ /run/dbus/system_bus_socket; please update the unit file accordingly.
[    2.155154] systemd[1]: Created slice system-modprobe.slice.
[    2.155346] systemd[1]: Created slice User and Session Slice.
[    2.155392] systemd[1]: Started Forward Password Requests to Wall Directory Watch.
[    2.155554] systemd[1]: Set up automount Arbitrary Executable File Formats File System Automount Point.
[    2.155587] systemd[1]: Reached target User and Group Name Lookups.
[    2.155597] systemd[1]: Reached target Remote File Systems.
[    2.155605] systemd[1]: Reached target Slices.
[    2.156106] systemd[1]: Listening on Syslog Socket.
[    2.156172] systemd[1]: Listening on fsck to fsckd communication Socket.
[    2.156210] systemd[1]: Listening on initctl Compatibility Named Pipe.
[    2.156345] systemd[1]: Listening on Journal Audit Socket.
[    2.156396] systemd[1]: Listening on Journal Socket (/dev/log).
[    2.156463] systemd[1]: Listening on Journal Socket.
[    2.156525] systemd[1]: Listening on udev Control Socket.
[    2.156565] systemd[1]: Listening on udev Kernel Socket.
[    2.157333] systemd[1]: Mounting Huge Pages File System...
[    2.158265] systemd[1]: Mounting POSIX Message Queue File System...
[    2.159143] systemd[1]: Mounting Kernel Debug File System...
[    2.160060] systemd[1]: Mounting Kernel Trace File System...
[    2.162015] systemd[1]: Starting Journal Service...
[    2.185783] systemd[1]: Starting Set the console keyboard layout...
[    2.193630] systemd[1]: Starting Create list of static device nodes for the current kernel...
[    2.195670] systemd[1]: Starting Load Kernel Module drm...
[    2.200268] systemd[1]: Condition check resulted in Set Up Additional Binary Formats being skipped.
[    2.205094] systemd[1]: Condition check resulted in File System Check on Root Device being skipped.
[    2.207945] systemd[1]: Starting Load Kernel Modules...
[    2.213165] systemd[1]: Starting Remount Root and Kernel File Systems...
[    2.229805] systemd[1]: Starting udev Coldplug all Devices...
[    2.236592] systemd[1]: Starting Uncomplicated firewall...
[    2.238085] systemd[1]: Mounted Huge Pages File System.
[    2.238168] systemd[1]: Mounted POSIX Message Queue File System.
[    2.238252] systemd[1]: Mounted Kernel Debug File System.
[    2.238319] systemd[1]: Mounted Kernel Trace File System.
[    2.240650] EXT4-fs (sda2): re-mounted. Opts: errors=remount-ro
[    2.261660] systemd[1]: Finished Create list of static device nodes for the current kernel.
[    2.262647] systemd[1]: modprobe@drm.service: Succeeded.
[    2.277439] systemd[1]: Finished Load Kernel Module drm.
[    2.278030] systemd[1]: Finished Remount Root and Kernel File Systems.
[    2.279073] systemd[1]: Finished Uncomplicated firewall.
[    2.295966] lp: driver loaded but no devices found
[    2.297942] systemd[1]: Condition check resulted in Rebuild Hardware Database being skipped.
[    2.297980] systemd[1]: Condition check resulted in Platform Persistent Storage Archival being skipped.
[    2.298633] systemd[1]: Starting Load/Save Random Seed...
[    2.304464] systemd[1]: Starting Create System Users...
[    2.311586] ppdev: user-space parallel port driver
[    2.316629] systemd[1]: Finished Load/Save Random Seed.
[    2.321241] systemd[1]: Finished Create System Users.
[    2.321920] systemd[1]: Starting Create Static Device Nodes in /dev...
[    2.360541] systemd[1]: Finished Create Static Device Nodes in /dev.
[    2.361376] systemd[1]: Starting udev Kernel Device Manager...
[    2.382687] systemd[1]: Finished udev Coldplug all Devices.
[    2.390407] [drm] DMA map mode: Caching DMA mappings.
[    2.390471] [drm] Capabilities:
[    2.390471] [drm]   Rect copy.
[    2.390472] [drm]   Cursor.
[    2.390472] [drm]   Cursor bypass.
[    2.390472] [drm]   Cursor bypass 2.
[    2.390473] [drm]   Alpha cursor.
[    2.390473] [drm]   Extended Fifo.
[    2.390473] [drm]   Pitchlock.
[    2.390474] [drm]   Irq mask.
[    2.390474] [drm]   GMR.
[    2.390474] [drm]   Traces.
[    2.390475] [drm]   GMR2.
[    2.390475] [drm]   Screen Object 2.
[    2.390475] [drm]   Command Buffers.
[    2.390476] [drm]   Command Buffers 2.
[    2.390476] [drm]   Guest Backed Resources.
[    2.390477] [drm] Max GMR ids is 8192
[    2.390478] [drm] Max number of GMR pages is 1048576
[    2.390478] [drm] Max dedicated hypervisor surface memory is 393216 kiB
[    2.390479] [drm] Maximum display memory size is 131072 kiB
[    2.390480] [drm] VRAM at 0xe0000000 size is 131072 kiB
[    2.390480] [drm] MMIO at 0xf0000000 size is 2048 kiB
[    2.408395] [TTM] Zone  kernel: Available graphics memory: 1011738 KiB
[    2.408396] [TTM] Initializing pool allocator
[    2.408399] [TTM] Initializing DMA pool allocator
[    2.408430] [drm] Supports vblank timestamp caching Rev 2 (21.10.2013).
[    2.408431] [drm] No driver support for vblank timestamp query.
[    2.408673] [drm] Screen Target Display device initialized
[    2.408859] [drm] width 720
[    2.408876] [drm] height 400
[    2.408879] [drm] bpp 32
[    2.409403] [drm] Fifo max 0x00200000 min 0x00001000 cap 0x00000355
[    2.410473] [drm] Using command buffers with DMA pool.
[    2.410477] [drm] DX: no.
[    2.410477] [drm] Atomic: yes.
[    2.410478] [drm] SM4_1: no.
[    2.410497] [drm:vmw_host_log [vmwgfx]] *ERROR* Failed to send host log message.
[    2.411601] [drm:vmw_host_log [vmwgfx]] *ERROR* Failed to send host log message.
[    2.436081] fbcon: svgadrmfb (fb0) is primary device
[    2.438928] Console: switching to colour frame buffer device 100x37
[    2.443534] [drm] Initialized vmwgfx 2.15.0 20180704 for 0000:00:02.0 on minor 0
[    2.446001] systemd[1]: Finished Load Kernel Modules.
[    2.446924] systemd[1]: Mounting FUSE Control File System...
[    2.448081] systemd[1]: Mounting Kernel Configuration File System...
[    2.452218] systemd[1]: Starting Apply Kernel Variables...
[    2.462816] systemd[1]: Mounted FUSE Control File System.
[    2.462877] systemd[1]: Condition check resulted in VMware vmblock fuse mount being skipped.
[    2.466079] systemd[1]: Mounted Kernel Configuration File System.
[    2.483907] systemd[1]: Finished Set the console keyboard layout.
[    2.484002] systemd[1]: Reached target Local File Systems (Pre).
[    2.486076] systemd[1]: Mounting Mount unit for bare, revision 5...
[    2.488126] systemd[1]: Mounting Mount unit for core18, revision 1705...
[    2.492605] systemd[1]: Mounting Mount unit for gnome-3-34-1804, revision 24...
[    2.511946] systemd[1]: Mounting Mount unit for gtk-common-themes, revision 1506...
[    2.535088] systemd[1]: Mounting Mount unit for gtk-common-themes, revision 1535...
[    2.537568] systemd[1]: Mounting Mount unit for snap-store, revision 433...
[    2.547577] systemd[1]: Mounting Mount unit for snapd, revision 25935...
[    2.553236] systemd[1]: Finished Apply Kernel Variables.
[    2.565263] systemd[1]: Mounted Mount unit for bare, revision 5.
[    2.568802] systemd[1]: Mounted Mount unit for gnome-3-34-1804, revision 24.
[    2.574174] systemd[1]: Mounted Mount unit for core18, revision 1705.
[    2.585189] systemd[1]: Mounted Mount unit for gtk-common-themes, revision 1506.
[    2.595311] systemd[1]: Started udev Kernel Device Manager.
[    2.596042] systemd[1]: Starting Show Plymouth Boot Screen...
[    2.602488] systemd[1]: Received SIGRTMIN+20 from PID 287 (plymouthd).
[    2.638195] systemd[1]: Started Show Plymouth Boot Screen.
[    2.638346] systemd[1]: Condition check resulted in Dispatch Password Requests to Console Directory Watch being skipped.
[    2.638440] systemd[1]: Started Forward Password Requests to Plymouth Directory Watch.
[    2.638473] systemd[1]: Reached target Local Encrypted Volumes.
[    2.656330] systemd[1]: Mounted Mount unit for gtk-common-themes, revision 1535.
[    2.656550] systemd[1]: Mounted Mount unit for snap-store, revision 433.
[    2.656725] systemd[1]: Mounted Mount unit for snapd, revision 25935.
[    2.656867] systemd[1]: Reached target Local File Systems.
[    2.659252] systemd[1]: Starting Load AppArmor profiles...
[    2.660081] systemd[1]: Starting Set console font and keymap...
[    2.673116] systemd[1]: Starting Tell Plymouth To Write Out Runtime Data...
[    2.674569] systemd[1]: Condition check resulted in Store a System Token in an EFI Variable being skipped.
[    2.674620] systemd[1]: Condition check resulted in Commit a transient machine-id on disk being skipped.
[    2.678601] systemd[1]: Finished Set console font and keymap.
[    2.698564] systemd[1]: Received SIGRTMIN+20 from PID 287 (plymouthd).
[    2.698902] systemd[1]: plymouth-read-write.service: Succeeded.
[    2.699154] systemd[1]: Finished Tell Plymouth To Write Out Runtime Data.
[    2.732020] audit: type=1400 audit(1768253529.584:2): apparmor="STATUS" operation="profile_load" profile="unconfined" name="nvidia_modprobe" pid=300 comm="apparmor_parser"
[    2.732022] audit: type=1400 audit(1768253529.584:3): apparmor="STATUS" operation="profile_load" profile="unconfined" name="nvidia_modprobe//kmod" pid=300 comm="apparmor_parser"
[    2.738080] audit: type=1400 audit(1768253529.588:4): apparmor="STATUS" operation="profile_load" profile="unconfined" name="/usr/sbin/tcpdump" pid=301 comm="apparmor_parser"
[    2.794399] audit: type=1400 audit(1768253529.632:5): apparmor="STATUS" operation="profile_load" profile="unconfined" name="/usr/bin/evince" pid=303 comm="apparmor_parser"
[    2.794402] audit: type=1400 audit(1768253529.632:6): apparmor="STATUS" operation="profile_load" profile="unconfined" name="/usr/bin/evince//sanitized_helper" pid=303 comm="apparmor_parser"
[    2.794404] audit: type=1400 audit(1768253529.632:7): apparmor="STATUS" operation="profile_load" profile="unconfined" name="/usr/bin/evince-previewer" pid=303 comm="apparmor_parser"
[    2.794407] audit: type=1400 audit(1768253529.632:8): apparmor="STATUS" operation="profile_load" profile="unconfined" name="/usr/bin/evince-previewer//sanitized_helper" pid=303 comm="apparmor_parser"
[    2.794410] audit: type=1400 audit(1768253529.632:9): apparmor="STATUS" operation="profile_load" profile="unconfined" name="/usr/bin/evince-thumbnailer" pid=303 comm="apparmor_parser"
[    2.824193] audit: type=1400 audit(1768253529.676:10): apparmor="STATUS" operation="profile_load" profile="unconfined" name="/usr/lib/cups/backend/cups-pdf" pid=304 comm="apparmor_parser"
[    2.920897] systemd[1]: Finished Load AppArmor profiles.
[    2.922358] systemd[1]: Starting Load AppArmor profiles managed internally by snapd...
[    3.064977] systemd[1]: Finished Load AppArmor profiles managed internally by snapd.
[    3.260046] systemd[1]: Started Journal Service.
[    3.269147] systemd-journald[229]: Received client request to flush runtime journal.
[    3.273359] systemd-journald[229]: File /var/log/journal/c455b248004a419c87ce85eea238d727/system.journal corrupted or uncleanly shut down, renaming and replacing.
[    4.660843] RAPL PMU: API unit is 2^-32 Joules, 0 fixed counters, 10737418240 ms ovfl timer
[    4.713758] cryptd: max_cpu_qlen set to 1000
[    4.776555] AVX2 version of gcm_enc/dec engaged.
[    4.776556] AES CTR mode by8 optimization enabled
[    6.577033] Adding 1998844k swap on /dev/sda1.  Priority:-2 extents:1 across:1998844k FS
[    7.350732] kauditd_printk_skb: 30 callbacks suppressed
[    7.350734] audit: type=1400 audit(1768253534.204:41): apparmor="DENIED" operation="capable" profile="/usr/sbin/cups-browsed" pid=506 comm="cups-browsed" capability=23  capname="sys_nice"
[    8.942081] pcnet32 0000:00:03.0 enp0s3: link up, 100Mbps, full-duplex
[    8.972710] e1000: enp0s8 NIC Link is Up 1000 Mbps Full Duplex, Flow Control: RX
[    8.975255] IPv6: ADDRCONF(NETDEV_CHANGE): enp0s8: link becomes ready
[    9.015700] e1000: enp0s9 NIC Link is Up 1000 Mbps Full Duplex, Flow Control: RX
[    9.016072] IPv6: ADDRCONF(NETDEV_CHANGE): enp0s9: link becomes ready
[    9.757018] device enp0s3 entered promiscuous mode
[    9.789061] audit: type=1400 audit(1768253536.632:42): apparmor="DENIED" operation="open" profile="/usr/sbin/tcpdump" name="/proc/sys/kernel/random/boot_id" pid=620 comm="tcpdump" requested_mask="r" denied_mask="r" fsuid=0 ouid=0
[    9.789417] audit: type=1400 audit(1768253536.632:43): apparmor="DENIED" operation="open" profile="/usr/sbin/tcpdump" name="/proc/sys/kernel/random/boot_id" pid=620 comm="tcpdump" requested_mask="r" denied_mask="r" fsuid=0 ouid=0
[    9.789501] audit: type=1400 audit(1768253536.632:44): apparmor="DENIED" operation="open" profile="/usr/sbin/tcpdump" name="/proc/sys/kernel/random/boot_id" pid=620 comm="tcpdump" requested_mask="r" denied_mask="r" fsuid=0 ouid=0
[    9.789599] audit: type=1400 audit(1768253536.632:45): apparmor="DENIED" operation="open" profile="/usr/sbin/tcpdump" name="/proc/sys/kernel/random/boot_id" pid=620 comm="tcpdump" requested_mask="r" denied_mask="r" fsuid=0 ouid=0
[    9.795357] audit: type=1400 audit(1768253536.648:46): apparmor="DENIED" operation="open" profile="/usr/sbin/tcpdump" name="/proc/sys/kernel/random/boot_id" pid=621 comm="tcpdump" requested_mask="r" denied_mask="r" fsuid=0 ouid=0
[    9.796909] audit: type=1400 audit(1768253536.648:47): apparmor="DENIED" operation="open" profile="/usr/sbin/tcpdump" name="/proc/sys/kernel/random/boot_id" pid=621 comm="tcpdump" requested_mask="r" denied_mask="r" fsuid=0 ouid=0
[    9.796951] audit: type=1400 audit(1768253536.648:48): apparmor="DENIED" operation="open" profile="/usr/sbin/tcpdump" name="/proc/sys/kernel/random/boot_id" pid=621 comm="tcpdump" requested_mask="r" denied_mask="r" fsuid=0 ouid=0
[    9.797011] audit: type=1400 audit(1768253536.648:49): apparmor="DENIED" operation="open" profile="/usr/sbin/tcpdump" name="/proc/sys/kernel/random/boot_id" pid=621 comm="tcpdump" requested_mask="r" denied_mask="r" fsuid=0 ouid=0
[   15.735008] rfkill: input handler disabled
[  230.357812] AAAAA-TCP_FORW: name:enp0s3: saddr:100932208: daddr:16783984
[  230.700415] AAAAA-TCP_FORW: name:enp0s3: saddr:100932208: daddr:16783984
[  231.059993] AAAAA-TCP_FORW: name:enp0s3: saddr:100932208: daddr:16783984
[  231.306996] AAAAA-TCP_FORW: name:enp0s3: saddr:100932208: daddr:16783984
[  231.557410] AAAAA-TCP_FORW: name:enp0s3: saddr:100932208: daddr:33561200
[  231.734154] AAAAA-TCP_FORW: name:enp0s3: saddr:100932208: daddr:33561200
[  231.803299] AAAAA-TCP_FORW: name:enp0s3: saddr:33561200: daddr:100932208
[  232.424598] AAAAA-TCP_FORW: name:enp0s3: saddr:16783984: daddr:100932208
[  232.745651] AAAAA-TCP_FORW: name:enp0s3: saddr:16783984: daddr:100932208
[  232.818289] AAAAA-TCP_FORW: name:enp0s3: saddr:16783984: daddr:100932208
[  248.876903] AAAAA-TCP_FORW: name:enp0s3: saddr:33561200: daddr:100932208
[  248.964223] AAAAA-TCP_FORW: name:enp0s3: saddr:33561200: daddr:100932208
[  249.053706] AAAAA-TCP_FORW: name:enp0s3: saddr:33561200: daddr:100932208
[  249.468985] AAAAA-TCP_FORW: name:enp0s3: saddr:16783984: daddr:100932208
[  251.636541] AAAAA-TCP_FORW: name:enp0s3: saddr:16783984: daddr:100932208
[  251.983801] AAAAA-TCP_FORW: name:enp0s3: saddr:33561200: daddr:100932208
[  252.888182] AAAAA-TCP_FORW: name:enp0s3: saddr:16783984: daddr:100932208
[  262.730879] AAAAA-TCP_FORW: name:enp0s3: saddr:100932208: daddr:33561200
[  262.849909] AAAAA-TCP_FORW: name:enp0s3: saddr:100932208: daddr:33561200
[  263.040963] AAAAA-TCP_FORW: name:enp0s3: saddr:100932208: daddr:33561200
[  263.147884] AAAAA-TCP_FORW: name:enp0s3: saddr:100932208: daddr:33561200
[  263.478730] AAAAA-TCP_FORW: name:enp0s3: saddr:100932208: daddr:33561200
[  263.513821] AAAAA-TCP_FORW: name:enp0s3: saddr:100932208: daddr:33561200
[  263.659757] AAAAA-TCP_FORW: name:enp0s3: saddr:100932208: daddr:16783984
[  263.781448] AAAAA-TCP_FORW: name:enp0s3: saddr:100932208: daddr:16783984
[  263.878340] AAAAA-TCP_FORW: name:enp0s3: saddr:100932208: daddr:16783984
[  264.038224] AAAAA-TCP_FORW: name:enp0s3: saddr:100932208: daddr:16783984
[  264.113586] AAAAA-TCP_FORW: name:enp0s3: saddr:100932208: daddr:16783984
[  264.275705] AAAAA-TCP_FORW: name:enp0s3: saddr:100932208: daddr:16783984
[  264.390800] AAAAA-TCP_FORW: name:enp0s3: saddr:100932208: daddr:16783984
[  264.461531] AAAAA-TCP_FORW: name:enp0s3: saddr:100932208: daddr:16783984
[  264.612118] AAAAA-TCP_FORW: name:enp0s3: saddr:100932208: daddr:16783984
[  264.692734] AAAAA-TCP_FORW: name:enp0s3: saddr:100932208: daddr:16783984
[  264.717688] AAAAA-TCP_FORW: name:enp0s3: saddr:16783984: daddr:100932208
[  264.781513] AAAAA-TCP_FORW: name:enp0s3: saddr:100932208: daddr:33561200
[  264.804248] AAAAA-TCP_FORW: name:enp0s3: saddr:16783984: daddr:100932208
[  264.832272] AAAAA-TCP_FORW: name:enp0s3: saddr:100932208: daddr:33561200
[  264.925127] AAAAA-TCP_FORW: name:enp0s3: saddr:100932208: daddr:33561200
[  265.085573] AAAAA-TCP_FORW: name:enp0s3: saddr:33561200: daddr:100932208
[  265.149108] AAAAA-TCP_FORW: name:enp0s3: saddr:33561200: daddr:100932208
[  265.262973] AAAAA-TCP_FORW: name:enp0s3: saddr:33561200: daddr:100932208
[  265.362287] AAAAA-TCP_FORW: name:enp0s3: saddr:33561200: daddr:100932208
[  265.451823] AAAAA-TCP_FORW: name:enp0s3: saddr:33561200: daddr:100932208
[  265.518434] AAAAA-TCP_FORW: name:enp0s3: saddr:33561200: daddr:100932208
[  265.580029] AAAAA-TCP_FORW: name:enp0s3: saddr:16783984: daddr:100932208
[  265.707917] AAAAA-TCP_FORW: name:enp0s3: saddr:16783984: daddr:100932208
[  265.941745] AAAAA-TCP_FORW: name:enp0s3: saddr:16783984: daddr:100932208
[  266.032088] AAAAA-TCP_FORW: name:enp0s3: saddr:16783984: daddr:100932208
[  266.164187] AAAAA-TCP_FORW: name:enp0s3: saddr:16783984: daddr:100932208
[  266.345329] AAAAA-TCP_FORW: name:enp0s3: saddr:16783984: daddr:100932208
[  266.560573] AAAAA-TCP_FORW: name:enp0s3: saddr:16783984: daddr:100932208
[  266.765680] AAAAA-TCP_FORW: name:enp0s3: saddr:16783984: daddr:100932208
[  267.857060] AAAAA-TCP_FORW: name:enp0s3: saddr:16783984: daddr:100932208
[  615.529695] rfkill: input handler enabled
[  624.022442] rfkill: input handler disabled
[ 1009.231405] device enp0s3 left promiscuous mode
