[    0.000000] Linux version 5.4.243-mptcp (root@ztg) (gcc version 12.2.0 (Debian 12.2.0-14+deb12u1)) #53 SMP Wed Dec 24 23:28:15 CST 2025
[    0.000000] Command line: BOOT_IMAGE=/boot/vmlinuz-5.4.243-mptcp root=UUID=98415a12-53b7-4144-8265-0f7ece09e445 ro quiet splash
[    0.000000] KERNEL supported cpus:
[    0.000000]   Intel GenuineIntel
[    0.000000]   AMD AuthenticAMD
[    0.000000]   Hygon HygonGenuine
[    0.000000]   Centaur CentaurHauls
[    0.000000]   zhaoxin   Shanghai  
[    0.000000] x86/fpu: Supporting XSAVE feature 0x001: 'x87 floating point registers'
[    0.000000] x86/fpu: Supporting XSAVE feature 0x002: 'SSE registers'
[    0.000000] x86/fpu: Supporting XSAVE feature 0x004: 'AVX registers'
[    0.000000] x86/fpu: xstate_offset[2]:  576, xstate_sizes[2]:  256
[    0.000000] x86/fpu: Enabled xstate features 0x7, context size is 832 bytes, using 'standard' format.
[    0.000000] BIOS-provided physical RAM map:
[    0.000000] BIOS-e820: [mem 0x0000000000000000-0x000000000009fbff] usable
[    0.000000] BIOS-e820: [mem 0x000000000009fc00-0x000000000009ffff] reserved
[    0.000000] BIOS-e820: [mem 0x00000000000f0000-0x00000000000fffff] reserved
[    0.000000] BIOS-e820: [mem 0x0000000000100000-0x000000007ffeffff] usable
[    0.000000] BIOS-e820: [mem 0x000000007fff0000-0x000000007fffffff] ACPI data
[    0.000000] BIOS-e820: [mem 0x00000000fec00000-0x00000000fec00fff] reserved
[    0.000000] BIOS-e820: [mem 0x00000000fee00000-0x00000000fee00fff] reserved
[    0.000000] BIOS-e820: [mem 0x00000000fffc0000-0x00000000ffffffff] reserved
[    0.000000] NX (Execute Disable) protection: active
[    0.000000] SMBIOS 2.5 present.
[    0.000000] DMI: innotek GmbH VirtualBox/VirtualBox, BIOS VirtualBox 12/01/2006
[    0.000000] Hypervisor detected: KVM
[    0.000000] kvm-clock: Using msrs 4b564d01 and 4b564d00
[    0.000000] kvm-clock: cpu 0, msr 67801001, primary cpu clock
[    0.000000] kvm-clock: using sched offset of 4470348567 cycles
[    0.000003] clocksource: kvm-clock: mask: 0xffffffffffffffff max_cycles: 0x1cd42e4dffb, max_idle_ns: 881590591483 ns
[    0.000006] tsc: Detected 2100.000 MHz processor
[    0.002102] e820: update [mem 0x00000000-0x00000fff] usable ==> reserved
[    0.002104] e820: remove [mem 0x000a0000-0x000fffff] usable
[    0.002109] last_pfn = 0x7fff0 max_arch_pfn = 0x400000000
[    0.002179] MTRR default type: uncachable
[    0.002180] MTRR fixed ranges enabled:
[    0.002181]   00000-9FFFF write-back
[    0.002182]   A0000-BFFFF uncachable
[    0.002183]   C0000-FFFFF write-protect
[    0.002183] MTRR variable ranges enabled:
[    0.002185]   0 base 000000000000 mask 3FFF80000000 write-back
[    0.002185]   1 disabled
[    0.002186]   2 disabled
[    0.002186]   3 disabled
[    0.002187]   4 disabled
[    0.002187]   5 disabled
[    0.002188]   6 disabled
[    0.002188]   7 disabled
[    0.002188]   8 disabled
[    0.002189]   9 disabled
[    0.002189]   10 disabled
[    0.002190]   11 disabled
[    0.002190]   12 disabled
[    0.002191]   13 disabled
[    0.002191]   14 disabled
[    0.002192]   15 disabled
[    0.002209] x86/PAT: Configuration [0-7]: WB  WC  UC- UC  WB  WP  UC- WT  
[    0.002370] found SMP MP-table at [mem 0x0009fff0-0x0009ffff]
[    0.111904] check: Scanning 1 areas for low memory corruption
[    0.112111] RAMDISK: [mem 0x32271000-0x3512ffff]
[    0.112120] ACPI: Early table checksum verification disabled
[    0.112127] ACPI: RSDP 0x00000000000E0000 000024 (v02 VBOX  )
[    0.112132] ACPI: XSDT 0x000000007FFF0030 00003C (v01 VBOX   VBOXXSDT 00000001 ASL  00000061)
[    0.112140] ACPI: FACP 0x000000007FFF00F0 0000F4 (v04 VBOX   VBOXFACP 00000001 ASL  00000061)
[    0.112147] ACPI: DSDT 0x000000007FFF02E0 002353 (v02 VBOX   VBOXBIOS 00000002 VBOX 00029BF3)
[    0.112152] ACPI: FACS 0x000000007FFF0200 000040
[    0.112156] ACPI: FACS 0x000000007FFF0200 000040
[    0.112160] ACPI: APIC 0x000000007FFF0240 000054 (v02 VBOX   VBOXAPIC 00000001 ASL  00000061)
[    0.112164] ACPI: SSDT 0x000000007FFF02A0 000038 (v01 VBOX   VBOXCPUT 00000002 VBOX 00029BF3)
[    0.112168] ACPI: Reserving FACP table memory at [mem 0x7fff00f0-0x7fff01e3]
[    0.112168] ACPI: Reserving DSDT table memory at [mem 0x7fff02e0-0x7fff2632]
[    0.112169] ACPI: Reserving FACS table memory at [mem 0x7fff0200-0x7fff023f]
[    0.112170] ACPI: Reserving FACS table memory at [mem 0x7fff0200-0x7fff023f]
[    0.112171] ACPI: Reserving APIC table memory at [mem 0x7fff0240-0x7fff0293]
[    0.112171] ACPI: Reserving SSDT table memory at [mem 0x7fff02a0-0x7fff02d7]
[    0.112189] ACPI: Local APIC address 0xfee00000
[    0.112397] No NUMA configuration found
[    0.112399] Faking a node at [mem 0x0000000000000000-0x000000007ffeffff]
[    0.112409] NODE_DATA(0) allocated [mem 0x7ffc5000-0x7ffeffff]
[    0.112671] Zone ranges:
[    0.112672]   DMA      [mem 0x0000000000001000-0x0000000000ffffff]
[    0.112673]   DMA32    [mem 0x0000000001000000-0x000000007ffeffff]
[    0.112674]   Normal   empty
[    0.112675]   Device   empty
[    0.112676] Movable zone start for each node
[    0.112678] Early memory node ranges
[    0.112678]   node   0: [mem 0x0000000000001000-0x000000000009efff]
[    0.112679]   node   0: [mem 0x0000000000100000-0x000000007ffeffff]
[    0.112682] Zeroed struct page in unavailable ranges: 114 pages
[    0.112683] Initmem setup node 0 [mem 0x0000000000001000-0x000000007ffeffff]
[    0.112684] On node 0 totalpages: 524174
[    0.112686]   DMA zone: 64 pages used for memmap
[    0.112686]   DMA zone: 21 pages reserved
[    0.112687]   DMA zone: 3998 pages, LIFO batch:0
[    0.112758]   DMA32 zone: 8128 pages used for memmap
[    0.112759]   DMA32 zone: 520176 pages, LIFO batch:63
[    0.121701] ACPI: PM-Timer IO Port: 0x4008
[    0.121706] ACPI: Local APIC address 0xfee00000
[    0.121783] IOAPIC[0]: apic_id 1, version 32, address 0xfec00000, GSI 0-23
[    0.121788] ACPI: INT_SRC_OVR (bus 0 bus_irq 0 global_irq 2 dfl dfl)
[    0.121790] ACPI: INT_SRC_OVR (bus 0 bus_irq 9 global_irq 9 low level)
[    0.121792] ACPI: IRQ0 used by override.
[    0.121793] ACPI: IRQ9 used by override.
[    0.121796] Using ACPI (MADT) for SMP configuration information
[    0.121805] smpboot: Allowing 1 CPUs, 0 hotplug CPUs
[    0.121829] PM: Registered nosave memory: [mem 0x00000000-0x00000fff]
[    0.121830] PM: Registered nosave memory: [mem 0x0009f000-0x0009ffff]
[    0.121831] PM: Registered nosave memory: [mem 0x000a0000-0x000effff]
[    0.121831] PM: Registered nosave memory: [mem 0x000f0000-0x000fffff]
[    0.121833] [mem 0x80000000-0xfebfffff] available for PCI devices
[    0.121834] Booting paravirtualized kernel on KVM
[    0.121837] clocksource: refined-jiffies: mask: 0xffffffff max_cycles: 0xffffffff, max_idle_ns: 7645519600211568 ns
[    0.121842] setup_percpu: NR_CPUS:8192 nr_cpumask_bits:1 nr_cpu_ids:1 nr_node_ids:1
[    0.122860] percpu: Embedded 60 pages/cpu s208896 r8192 d28672 u2097152
[    0.122865] pcpu-alloc: s208896 r8192 d28672 u2097152 alloc=1*2097152
[    0.122866] pcpu-alloc: [0] 0 
[    0.122894] Built 1 zonelists, mobility grouping on.  Total pages: 515961
[    0.122894] Policy zone: DMA32
[    0.122896] Kernel command line: BOOT_IMAGE=/boot/vmlinuz-5.4.243-mptcp root=UUID=98415a12-53b7-4144-8265-0f7ece09e445 ro quiet splash
[    0.123740] Dentry cache hash table entries: 262144 (order: 9, 2097152 bytes, linear)
[    0.123888] Inode-cache hash table entries: 131072 (order: 8, 1048576 bytes, linear)
[    0.123942] mem auto-init: stack:off, heap alloc:on, heap free:off
[    0.123945] Calgary: detecting Calgary via BIOS EBDA area
[    0.123946] Calgary: Unable to locate Rio Grande table in EBDA - bailing!
[    0.128032] Memory: 1967332K/2096696K available (14339K kernel code, 2398K rwdata, 4712K rodata, 2728K init, 17260K bss, 129364K reserved, 0K cma-reserved)
[    0.128986] SLUB: HWalign=64, Order=0-3, MinObjects=0, CPUs=1, Nodes=1
[    0.129003] ftrace: allocating 43186 entries in 169 pages
[    0.147282] rcu: Hierarchical RCU implementation.
[    0.147284] rcu: 	RCU restricting CPUs from NR_CPUS=8192 to nr_cpu_ids=1.
[    0.147285] 	Tasks RCU enabled.
[    0.147286] rcu: RCU calculated value of scheduler-enlistment delay is 25 jiffies.
[    0.147287] rcu: Adjusting geometry for rcu_fanout_leaf=16, nr_cpu_ids=1
[    0.150262] NR_IRQS: 524544, nr_irqs: 256, preallocated irqs: 16
[    0.150487] random: crng init done
[    0.159844] Console: colour VGA+ 80x25
[    0.159848] printk: console [tty0] enabled
[    0.159869] ACPI: Core revision 20190816
[    0.159994] APIC: Switch to symmetric I/O mode setup
[    0.160920] x2apic enabled
[    0.161463] Switched APIC routing to physical x2apic.
[    0.162598] ..TIMER: vector=0x30 apic1=0 pin1=2 apic2=-1 pin2=-1
[    0.162633] clocksource: tsc-early: mask: 0xffffffffffffffff max_cycles: 0x1e4530a99b6, max_idle_ns: 440795257976 ns
[    0.162638] Calibrating delay loop (skipped) preset value.. 4200.00 BogoMIPS (lpj=8400000)
[    0.162640] pid_max: default: 32768 minimum: 301
[    0.162670] LSM: Security Framework initializing
[    0.162679] Yama: becoming mindful.
[    0.162706] AppArmor: AppArmor initialized
[    0.162740] Mount-cache hash table entries: 4096 (order: 3, 32768 bytes, linear)
[    0.162744] Mountpoint-cache hash table entries: 4096 (order: 3, 32768 bytes, linear)
[    0.162755] *** VALIDATE tmpfs ***
[    0.162885] *** VALIDATE proc ***
[    0.162927] *** VALIDATE cgroup1 ***
[    0.162928] *** VALIDATE cgroup2 ***
[    0.163074] process: using mwait in idle threads
[    0.163079] Last level iTLB entries: 4KB 64, 2MB 8, 4MB 8
[    0.163080] Last level dTLB entries: 4KB 64, 2MB 0, 4MB 0, 1GB 4
[    0.163101] Spectre V1 : Mitigation: usercopy/swapgs barriers and __user pointer sanitization
[    0.163106] Spectre V2 : Mitigation: Retpolines
[    0.163107] Spectre V2 : Spectre v2 / SpectreRSB mitigation: Filling RSB on context switch
[    0.163107] Spectre V2 : Spectre v2 / SpectreRSB : Filling RSB on VMEXIT
[    0.163108] RETBleed: WARNING: Spectre v2 mitigation leaves CPU vulnerable to RETBleed attacks, data leaks possible!
[    0.163462] RETBleed: Vulnerable
[    0.163462] Speculative Store Bypass: Vulnerable
[    0.163467] TAA: Mitigation: TSX disabled
[    0.163468] MMIO Stale Data: Mitigation: Clear CPU buffers
[    0.167630] Freeing SMP alternatives memory: 40K
[    0.279612] smpboot: CPU0: Intel(R) Xeon(R) Silver 4216 CPU @ 2.10GHz (family: 0x6, model: 0x55, stepping: 0x7)
[    0.279789] Performance Events: unsupported p6 CPU model 85 no PMU driver, software events only.
[    0.279834] rcu: Hierarchical SRCU implementation.
[    0.280376] NMI watchdog: Perf NMI watchdog permanently disabled
[    0.280430] smp: Bringing up secondary CPUs ...
[    0.280431] smp: Brought up 1 node, 1 CPU
[    0.280432] smpboot: Max logical packages: 1
[    0.280433] smpboot: Total of 1 processors activated (4200.00 BogoMIPS)
[    0.281488] devtmpfs: initialized
[    0.281538] x86/mm: Memory block size: 128MB
[    0.281966] clocksource: jiffies: mask: 0xffffffff max_cycles: 0xffffffff, max_idle_ns: 7645041785100000 ns
[    0.281973] futex hash table entries: 256 (order: 2, 16384 bytes, linear)
[    0.282035] pinctrl core: initialized pinctrl subsystem
[    0.282177] PM: RTC time: 09:19:18, date: 2026-01-13
[    0.282320] NET: Registered protocol family 16
[    0.282419] audit: initializing netlink subsys (disabled)
[    0.282610] EISA bus registered
[    0.282612] cpuidle: using governor ladder
[    0.282613] cpuidle: using governor menu
[    0.282635] ACPI: bus type PCI registered
[    0.282635] acpiphp: ACPI Hot Plug PCI Controller Driver version: 0.5
[    0.282635] PCI: Using configuration type 1 for base access
[    0.283953] audit: type=2000 audit(1768267164.593:1): state=initialized audit_enabled=0 res=1
[    0.284063] HugeTLB registered 2.00 MiB page size, pre-allocated 0 pages
[    0.285374] ACPI: Added _OSI(Module Device)
[    0.285375] ACPI: Added _OSI(Processor Device)
[    0.285376] ACPI: Added _OSI(3.0 _SCP Extensions)
[    0.285376] ACPI: Added _OSI(Processor Aggregator Device)
[    0.285378] ACPI: Added _OSI(Linux-Dell-Video)
[    0.285379] ACPI: Added _OSI(Linux-Lenovo-NV-HDMI-Audio)
[    0.285380] ACPI: Added _OSI(Linux-HPI-Hybrid-Graphics)
[    0.288193] ACPI: 2 ACPI AML tables successfully acquired and loaded
[    0.289995] ACPI: Interpreter enabled
[    0.290009] ACPI: (supports S0 S5)
[    0.290010] ACPI: Using IOAPIC for interrupt routing
[    0.290247] PCI: Using host bridge windows from ACPI; if necessary, use "pci=nocrs" and report a bug
[    0.290364] ACPI: Enabled 2 GPEs in block 00 to 07
[    0.295796] ACPI: PCI Root Bridge [PCI0] (domain 0000 [bus 00-ff])
[    0.295801] acpi PNP0A03:00: _OSC: OS supports [ASPM ClockPM Segments MSI HPX-Type3]
[    0.296298] acpi PNP0A03:00: _OSC: not requesting OS control; OS requires [ExtendedConfig ASPM ClockPM MSI]
[    0.296307] acpi PNP0A03:00: fail to add MMCONFIG information, can't access extended PCI configuration space under this bridge.
[    0.296749] PCI host bridge to bus 0000:00
[    0.296751] pci_bus 0000:00: root bus resource [io  0x0000-0x0cf7 window]
[    0.296752] pci_bus 0000:00: root bus resource [io  0x0d00-0xffff window]
[    0.296754] pci_bus 0000:00: root bus resource [mem 0x000a0000-0x000bffff window]
[    0.296755] pci_bus 0000:00: root bus resource [mem 0x80000000-0xfdffffff window]
[    0.296756] pci_bus 0000:00: root bus resource [bus 00-ff]
[    0.296803] pci 0000:00:00.0: [8086:1237] type 00 class 0x060000
[    0.297891] pci 0000:00:01.0: [8086:7000] type 00 class 0x060100
[    0.298793] pci 0000:00:01.1: [8086:7111] type 00 class 0x01018a
[    0.299234] pci 0000:00:01.1: reg 0x20: [io  0xd000-0xd00f]
[    0.299417] pci 0000:00:01.1: legacy IDE quirk: reg 0x10: [io  0x01f0-0x01f7]
[    0.299418] pci 0000:00:01.1: legacy IDE quirk: reg 0x14: [io  0x03f6]
[    0.299419] pci 0000:00:01.1: legacy IDE quirk: reg 0x18: [io  0x0170-0x0177]
[    0.299420] pci 0000:00:01.1: legacy IDE quirk: reg 0x1c: [io  0x0376]
[    0.300012] pci 0000:00:02.0: [15ad:0405] type 00 class 0x030000
[    0.302635] pci 0000:00:02.0: reg 0x10: [io  0xd010-0xd01f]
[    0.302715] pci 0000:00:02.0: reg 0x14: [mem 0xe0000000-0xe7ffffff pref]
[    0.306687] pci 0000:00:02.0: reg 0x18: [mem 0xf0000000-0xf01fffff]
[    0.318684] pci 0000:00:03.0: [1022:2000] type 00 class 0x020000
[    0.319428] pci 0000:00:03.0: reg 0x10: [io  0xd020-0xd03f]
[    0.320057] pci 0000:00:03.0: reg 0x14: [mem 0xf0200000-0xf0200fff]
[    0.323471] pci 0000:00:04.0: [80ee:cafe] type 00 class 0x088000
[    0.324160] pci 0000:00:04.0: reg 0x10: [io  0xd040-0xd05f]
[    0.324780] pci 0000:00:04.0: reg 0x14: [mem 0xf0400000-0xf07fffff]
[    0.325401] pci 0000:00:04.0: reg 0x18: [mem 0xf0800000-0xf0803fff pref]
[    0.328628] pci 0000:00:07.0: [8086:7113] type 00 class 0x068000
[    0.329277] pci 0000:00:07.0: quirk: [io  0x4000-0x403f] claimed by PIIX4 ACPI
[    0.329297] pci 0000:00:07.0: quirk: [io  0x4100-0x410f] claimed by PIIX4 SMB
[    0.330635] pci 0000:00:08.0: [8086:100e] type 00 class 0x020000
[    0.330635] pci 0000:00:08.0: reg 0x10: [mem 0xf0820000-0xf083ffff]
[    0.331349] pci 0000:00:08.0: reg 0x18: [io  0xd060-0xd067]
[    0.337482] pci 0000:00:09.0: [8086:100e] type 00 class 0x020000
[    0.338756] pci 0000:00:09.0: reg 0x10: [mem 0xf0840000-0xf085ffff]
[    0.339961] pci 0000:00:09.0: reg 0x18: [io  0xd068-0xd06f]
[    0.351280] ACPI: PCI Interrupt Link [LNKA] (IRQs 5 9 10 *11)
[    0.351572] ACPI: PCI Interrupt Link [LNKB] (IRQs 5 9 *10 11)
[    0.351683] ACPI: PCI Interrupt Link [LNKC] (IRQs 5 *9 10 11)
[    0.351795] ACPI: PCI Interrupt Link [LNKD] (IRQs 5 9 10 *11)
[    0.352078] iommu: Default domain type: Translated 
[    0.352147] pci 0000:00:02.0: vgaarb: setting as boot VGA device
[    0.352149] pci 0000:00:02.0: vgaarb: VGA device added: decodes=io+mem,owns=io+mem,locks=none
[    0.352151] pci 0000:00:02.0: vgaarb: bridge control possible
[    0.352152] vgaarb: loaded
[    0.352373] SCSI subsystem initialized
[    0.352406] libata version 3.00 loaded.
[    0.352431] ACPI: bus type USB registered
[    0.352448] usbcore: registered new interface driver usbfs
[    0.352454] usbcore: registered new interface driver hub
[    0.352459] usbcore: registered new device driver usb
[    0.352485] pps_core: LinuxPPS API ver. 1 registered
[    0.352486] pps_core: Software ver. 5.3.6 - Copyright 2005-2007 Rodolfo Giometti <giometti@linux.it>
[    0.352488] PTP clock support registered
[    0.352529] EDAC MC: Ver: 3.0.0
[    0.352848] PCI: Using ACPI for IRQ routing
[    0.352850] PCI: pci_cache_line_size set to 64 bytes
[    0.353042] e820: reserve RAM buffer [mem 0x0009fc00-0x0009ffff]
[    0.353046] e820: reserve RAM buffer [mem 0x7fff0000-0x7fffffff]
[    0.353841] NetLabel: Initializing
[    0.353841] NetLabel:  domain hash size = 128
[    0.353842] NetLabel:  protocols = UNLABELED CIPSOv4 CALIPSO
[    0.353873] NetLabel:  unlabeled traffic allowed by default
[    0.354674] clocksource: Switched to clocksource kvm-clock
[    0.369052] *** VALIDATE bpf ***
[    0.369115] VFS: Disk quotas dquot_6.6.0
[    0.369127] VFS: Dquot-cache hash table entries: 512 (order 0, 4096 bytes)
[    0.369150] *** VALIDATE ramfs ***
[    0.369153] *** VALIDATE hugetlbfs ***
[    0.369237] AppArmor: AppArmor Filesystem Enabled
[    0.369265] pnp: PnP ACPI init
[    0.369339] pnp 00:00: Plug and Play ACPI device, IDs PNP0303 (active)
[    0.369412] pnp 00:01: Plug and Play ACPI device, IDs PNP0f03 (active)
[    0.370216] pnp: PnP ACPI: found 2 devices
[    0.371271] thermal_sys: Registered thermal governor 'fair_share'
[    0.371271] thermal_sys: Registered thermal governor 'bang_bang'
[    0.371272] thermal_sys: Registered thermal governor 'step_wise'
[    0.371273] thermal_sys: Registered thermal governor 'user_space'
[    0.371273] thermal_sys: Registered thermal governor 'power_allocator'
[    0.375788] clocksource: acpi_pm: mask: 0xffffff max_cycles: 0xffffff, max_idle_ns: 2085701024 ns
[    0.375831] pci_bus 0000:00: resource 4 [io  0x0000-0x0cf7 window]
[    0.375832] pci_bus 0000:00: resource 5 [io  0x0d00-0xffff window]
[    0.375834] pci_bus 0000:00: resource 6 [mem 0x000a0000-0x000bffff window]
[    0.375835] pci_bus 0000:00: resource 7 [mem 0x80000000-0xfdffffff window]
[    0.375896] NET: Registered protocol family 2
[    0.375973] IP idents hash table entries: 32768 (order: 6, 262144 bytes, linear)
[    0.376236] MPTCP tokens hash table entries: 8192 (order: 4, 65536 bytes, linear)
[    0.376236] MPTCP request tokens hash table entries: 8192 (order: 4, 65536 bytes, linear)
[    0.376236] default registered
[    0.376236] default registered
[    0.376236] MPTCP: Stable release v0.96
[    0.376236] tcp_listen_portaddr_hash hash table entries: 1024 (order: 2, 16384 bytes, linear)
[    0.376236] TCP established hash table entries: 16384 (order: 5, 131072 bytes, linear)
[    0.376236] TCP bind hash table entries: 16384 (order: 6, 262144 bytes, linear)
[    0.376236] TCP: Hash tables configured (established 16384 bind 16384)
[    0.377378] UDP hash table entries: 1024 (order: 3, 32768 bytes, linear)
[    0.377390] UDP-Lite hash table entries: 1024 (order: 3, 32768 bytes, linear)
[    0.377429] NET: Registered protocol family 1
[    0.377438] NET: Registered protocol family 44
[    0.377461] pci 0000:00:00.0: Limiting direct PCI/PCI transfers
[    0.377476] pci 0000:00:01.0: Activating ISA DMA hang workarounds
[    0.377542] pci 0000:00:02.0: Video device with shadowed ROM at [mem 0x000c0000-0x000dffff]
[    0.377614] PCI: CLS 0 bytes, default 64
[    0.377667] Trying to unpack rootfs image as initramfs...
[    0.564197] Freeing initrd memory: 47868K
[    0.564197] clocksource: tsc: mask: 0xffffffffffffffff max_cycles: 0x1e4530a99b6, max_idle_ns: 440795257976 ns
[    0.564197] clocksource: Switched to clocksource tsc
[    0.564197] platform rtc_cmos: registered platform RTC device (no PNP device found)
[    0.564197] check: Scanning for low memory corruption every 60 seconds
[    0.564197] Initialise system trusted keyrings
[    0.564197] Key type blacklist registered
[    0.564197] workingset: timestamp_bits=36 max_order=19 bucket_order=0
[    0.564197] zbud: loaded
[    0.564197] squashfs: version 4.0 (2009/01/31) Phillip Lougher
[    0.564197] fuse: init (API version 7.31)
[    0.564197] *** VALIDATE fuse ***
[    0.564197] *** VALIDATE fuse ***
[    0.564197] Platform Keyring initialized
[    0.576751] Key type asymmetric registered
[    0.576752] Asymmetric key parser 'x509' registered
[    0.576763] Block layer SCSI generic (bsg) driver version 0.4 loaded (major 244)
[    0.576803] io scheduler mq-deadline registered
[    0.576929] shpchp: Standard Hot Plug PCI Controller Driver version: 0.4
[    0.577164] ACPI: AC Adapter [AC] (on-line)
[    0.577209] input: Power Button as /devices/LNXSYSTM:00/LNXPWRBN:00/input/input0
[    0.577240] ACPI: Power Button [PWRF]
[    0.577321] input: Sleep Button as /devices/LNXSYSTM:00/LNXSLPBN:00/input/input1
[    0.577337] ACPI: Sleep Button [SLPF]
[    0.577589] Serial: 8250/16550 driver, 32 ports, IRQ sharing enabled
[    0.578816] Linux agpgart interface v0.103
[    0.672201] loop: module loaded
[    0.672352] ata_piix 0000:00:01.1: version 2.13
[    0.672780] scsi host0: ata_piix
[    0.672874] scsi host1: ata_piix
[    0.672902] ata1: PATA max UDMA/33 cmd 0x1f0 ctl 0x3f6 bmdma 0xd000 irq 14
[    0.672902] ata2: PATA max UDMA/33 cmd 0x170 ctl 0x376 bmdma 0xd008 irq 15
[    0.672986] tun: Universal TUN/TAP device driver, 1.6
[    0.673316] PPP generic driver version 2.4.2
[    0.673362] VFIO - User Level meta-driver version: 0.3
[    0.673615] ehci_hcd: USB 2.0 'Enhanced' Host Controller (EHCI) Driver
[    0.673622] ehci-pci: EHCI PCI platform driver
[    0.673638] ehci-platform: EHCI generic platform driver
[    0.673644] ohci_hcd: USB 1.1 'Open' Host Controller (OHCI) Driver
[    0.673645] ohci-pci: OHCI PCI platform driver
[    0.673653] ohci-platform: OHCI generic platform driver
[    0.673657] uhci_hcd: USB Universal Host Controller Interface driver
[    0.673725] i8042: PNP: PS/2 Controller [PNP0303:PS2K,PNP0f03:PS2M] at 0x60,0x64 irq 1,12
[    0.674187] serio: i8042 KBD port at 0x60,0x64 irq 1
[    0.674191] serio: i8042 AUX port at 0x60,0x64 irq 12
[    0.674283] mousedev: PS/2 mouse device common for all mice
[    0.674559] input: AT Translated Set 2 keyboard as /devices/platform/i8042/serio0/input/input2
[    0.674978] rtc_cmos rtc_cmos: registered as rtc0
[    0.674993] rtc_cmos rtc_cmos: alarms up to one day, 114 bytes nvram
[    0.674998] i2c /dev entries driver
[    0.675041] device-mapper: uevent: version 1.0.3
[    0.675084] device-mapper: ioctl: 4.41.0-ioctl (2019-09-16) initialised: dm-devel@redhat.com
[    0.675101] platform eisa.0: Probing EISA bus 0
[    0.675102] platform eisa.0: EISA: Cannot allocate resource for mainboard
[    0.675104] platform eisa.0: Cannot allocate resource for EISA slot 1
[    0.675105] platform eisa.0: Cannot allocate resource for EISA slot 2
[    0.675106] platform eisa.0: Cannot allocate resource for EISA slot 3
[    0.675107] platform eisa.0: Cannot allocate resource for EISA slot 4
[    0.675108] platform eisa.0: Cannot allocate resource for EISA slot 5
[    0.675109] platform eisa.0: Cannot allocate resource for EISA slot 6
[    0.675110] platform eisa.0: Cannot allocate resource for EISA slot 7
[    0.675111] platform eisa.0: Cannot allocate resource for EISA slot 8
[    0.675112] platform eisa.0: EISA: Detected 0 cards
[    0.675114] intel_pstate: CPU model not supported
[    0.675123] ledtrig-cpu: registered to indicate activity on CPUs
[    0.675182] drop_monitor: Initializing network drop monitor service
[    0.675342] NET: Registered protocol family 10
[    0.680383] Segment Routing with IPv6
[    0.680383] fullmesh registered
[    0.680383] ndiffports registered
[    0.680383] binder registered
[    0.680383] roundrobin registered
[    0.680383] redundant registered
[    0.680383] blest registered
[    0.680383] ecf registered
[    0.680383] NET: Registered protocol family 17
[    0.680383] Key type dns_resolver registered
[    0.680383] RAS: Correctable Errors collector initialized.
[    0.680383] IPI shorthand broadcast: enabled
[    0.680383] sched_clock: Marking stable (672225148, 4158825)->(680115574, -3731601)
[    0.681071] registered taskstats version 1
[    0.681080] Loading compiled-in X.509 certificates
[    0.681675] Loaded X.509 cert 'Build time autogenerated kernel key: 6909f3744cebb3d0de528d5887b96a727de79b1e'
[    0.681695] zswap: loaded using pool lzo/zbud
[    0.681751] Key type ._fscrypt registered
[    0.681752] Key type .fscrypt registered
[    0.686706] Key type big_key registered
[    0.689034] Key type encrypted registered
[    0.689037] AppArmor: AppArmor sha1 policy hashing enabled
[    0.689045] ima: No TPM chip found, activating TPM-bypass!
[    0.689049] ima: Allocated hash algorithm: sha1
[    0.689055] ima: No architecture policies found
[    0.689064] evm: Initialising EVM extended attributes:
[    0.689064] evm: security.selinux
[    0.689065] evm: security.SMACK64
[    0.689065] evm: security.SMACK64EXEC
[    0.689066] evm: security.SMACK64TRANSMUTE
[    0.689067] evm: security.SMACK64MMAP
[    0.689067] evm: security.apparmor
[    0.689067] evm: security.ima
[    0.689068] evm: security.capability
[    0.689069] evm: HMAC attrs: 0x1
[    0.689371] PM:   Magic number: 10:170:323
[    0.689389] tty tty48: hash matches
[    0.689483] rtc_cmos rtc_cmos: setting system clock to 2026-01-13T09:19:19 UTC (1768295959)
[    0.843951] ata1.00: ATA-6: VBOX HARDDISK, 1.0, max UDMA/133
[    0.843953] ata1.00: 209715200 sectors, multi 128: LBA 
[    0.844443] scsi 0:0:0:0: Direct-Access     ATA      VBOX HARDDISK    1.0  PQ: 0 ANSI: 5
[    0.844641] sd 0:0:0:0: [sda] 209715200 512-byte logical blocks: (107 GB/100 GiB)
[    0.844649] sd 0:0:0:0: [sda] Write Protect is off
[    0.844651] sd 0:0:0:0: [sda] Mode Sense: 00 3a 00 00
[    0.844663] sd 0:0:0:0: [sda] Write cache: enabled, read cache: enabled, doesn't support DPO or FUA
[    0.844885] sd 0:0:0:0: Attached scsi generic sg0 type 0
[    0.845517]  sda: sda1 sda2
[    0.856281] sd 0:0:0:0: [sda] Attached SCSI disk
[    0.858262] Freeing unused decrypted memory: 2040K
[    0.858978] Freeing unused kernel image memory: 2728K
[    0.858980] Write protecting the kernel read-only data: 22528k
[    0.859679] Freeing unused kernel image memory: 2036K
[    0.860088] Freeing unused kernel image memory: 1432K
[    0.875853] x86/mm: Checked W+X mappings: passed, no W+X pages found.
[    0.875858] Run /init as init process
[    0.993903] ACPI: Video Device [GFX0] (multi-head: yes  rom: no  post: no)
[    0.993991] input: Video Bus as /devices/LNXSYSTM:00/LNXSYBUS:00/PNP0A03:00/LNXVIDEO:00/input/input4
[    1.009213] pcnet32: pcnet32.c:v1.35 21.Apr.2008 tsbogend@alpha.franken.de
[    1.010761] piix4_smbus 0000:00:07.0: SMBus Host Controller at 0x4100, revision 0
[    1.013262] e1000: Intel(R) PRO/1000 Network Driver - version 7.3.21-k8-NAPI
[    1.013263] e1000: Copyright (c) 1999-2006 Intel Corporation.
[    1.025537] pcnet32: PCnet/FAST III 79C973 at 0xd020, 08:00:27:3a:0e:3b assigned IRQ 19
[    1.025592] pcnet32: Found PHY 0022:561b at address 0
[    1.025905] pcnet32: eth0: registered as PCnet/FAST III 79C973
[    1.032307] pcnet32: 1 cards_found
[    1.092545] pcnet32 0000:00:03.0 enp0s3: renamed from eth0
[    1.226175] input: ImExPS/2 Generic Explorer Mouse as /devices/platform/i8042/serio1/input/input5
[    1.444817] e1000 0000:00:08.0 eth0: (PCI:33MHz:32-bit) 08:00:27:61:34:a9
[    1.444822] e1000 0000:00:08.0 eth0: Intel(R) PRO/1000 Network Connection
[    1.830322] e1000 0000:00:09.0 eth1: (PCI:33MHz:32-bit) 08:00:27:16:1c:73
[    1.830325] e1000 0000:00:09.0 eth1: Intel(R) PRO/1000 Network Connection
[    1.831575] e1000 0000:00:09.0 enp0s9: renamed from eth1
[    1.833543] e1000 0000:00:08.0 enp0s8: renamed from eth0
[    1.980982] EXT4-fs (sda2): mounted filesystem with ordered data mode. Opts: (null)
[    2.071912] systemd[1]: Inserted module 'autofs4'
[    2.084378] systemd[1]: systemd 245.4-4ubuntu3 running in system mode. (+PAM +AUDIT +SELINUX +IMA +APPARMOR +SMACK +SYSVINIT +UTMP +LIBCRYPTSETUP +GCRYPT +GNUTLS +ACL +XZ +LZ4 +SECCOMP +BLKID +ELFUTILS +KMOD +IDN2 -IDN +PCRE2 default-hierarchy=hybrid)
[    2.084417] systemd[1]: Detected virtualization oracle.
[    2.084421] systemd[1]: Detected architecture x86-64.
[    2.086013] systemd[1]: Set hostname to <ztg>.
[    2.232400] systemd[1]: /lib/systemd/system/dbus.socket:5: ListenStream= references a path below legacy directory /var/run/, updating /var/run/dbus/system_bus_socket â†’ /run/dbus/system_bus_socket; please update the unit file accordingly.
[    2.284469] systemd[1]: Created slice system-modprobe.slice.
[    2.284654] systemd[1]: Created slice User and Session Slice.
[    2.284700] systemd[1]: Started Forward Password Requests to Wall Directory Watch.
[    2.284865] systemd[1]: Set up automount Arbitrary Executable File Formats File System Automount Point.
[    2.284900] systemd[1]: Reached target User and Group Name Lookups.
[    2.284908] systemd[1]: Reached target Remote File Systems.
[    2.284916] systemd[1]: Reached target Slices.
[    2.285418] systemd[1]: Listening on Syslog Socket.
[    2.285483] systemd[1]: Listening on fsck to fsckd communication Socket.
[    2.285521] systemd[1]: Listening on initctl Compatibility Named Pipe.
[    2.285661] systemd[1]: Listening on Journal Audit Socket.
[    2.285714] systemd[1]: Listening on Journal Socket (/dev/log).
[    2.285781] systemd[1]: Listening on Journal Socket.
[    2.285845] systemd[1]: Listening on udev Control Socket.
[    2.285886] systemd[1]: Listening on udev Kernel Socket.
[    2.286677] systemd[1]: Mounting Huge Pages File System...
[    2.287649] systemd[1]: Mounting POSIX Message Queue File System...
[    2.288552] systemd[1]: Mounting Kernel Debug File System...
[    2.289377] systemd[1]: Mounting Kernel Trace File System...
[    2.291354] systemd[1]: Starting Journal Service...
[    2.314329] systemd[1]: Starting Set the console keyboard layout...
[    2.322787] systemd[1]: Starting Create list of static device nodes for the current kernel...
[    2.324736] systemd[1]: Starting Load Kernel Module drm...
[    2.333113] systemd[1]: Condition check resulted in Set Up Additional Binary Formats being skipped.
[    2.333154] systemd[1]: Condition check resulted in File System Check on Root Device being skipped.
[    2.336440] systemd[1]: Starting Load Kernel Modules...
[    2.343999] systemd[1]: Starting Remount Root and Kernel File Systems...
[    2.353655] systemd[1]: Starting udev Coldplug all Devices...
[    2.364368] systemd[1]: Starting Uncomplicated firewall...
[    2.365455] systemd[1]: Mounted Huge Pages File System.
[    2.365543] systemd[1]: Mounted POSIX Message Queue File System.
[    2.365614] systemd[1]: Mounted Kernel Debug File System.
[    2.365683] systemd[1]: Mounted Kernel Trace File System.
[    2.367662] EXT4-fs (sda2): re-mounted. Opts: errors=remount-ro
[    2.388660] systemd[1]: Finished Create list of static device nodes for the current kernel.
[    2.389757] systemd[1]: modprobe@drm.service: Succeeded.
[    2.405429] systemd[1]: Finished Load Kernel Module drm.
[    2.411953] systemd[1]: Finished Remount Root and Kernel File Systems.
[    2.413142] systemd[1]: Finished Uncomplicated firewall.
[    2.435788] systemd[1]: Condition check resulted in Rebuild Hardware Database being skipped.
[    2.435823] systemd[1]: Condition check resulted in Platform Persistent Storage Archival being skipped.
[    2.436559] systemd[1]: Starting Load/Save Random Seed...
[    2.438633] lp: driver loaded but no devices found
[    2.444735] systemd[1]: Starting Create System Users...
[    2.451207] systemd[1]: Finished udev Coldplug all Devices.
[    2.454619] ppdev: user-space parallel port driver
[    2.466260] systemd[1]: Finished Load/Save Random Seed.
[    2.471742] systemd[1]: Finished Create System Users.
[    2.476572] systemd[1]: Starting Create Static Device Nodes in /dev...
[    2.531152] systemd[1]: Finished Create Static Device Nodes in /dev.
[    2.532017] systemd[1]: Starting udev Kernel Device Manager...
[    2.539976] [drm] DMA map mode: Caching DMA mappings.
[    2.540208] [drm] Capabilities:
[    2.540208] [drm]   Rect copy.
[    2.540209] [drm]   Cursor.
[    2.540209] [drm]   Cursor bypass.
[    2.540209] [drm]   Cursor bypass 2.
[    2.540210] [drm]   Alpha cursor.
[    2.540210] [drm]   Extended Fifo.
[    2.540210] [drm]   Pitchlock.
[    2.540211] [drm]   Irq mask.
[    2.540211] [drm]   GMR.
[    2.540211] [drm]   Traces.
[    2.540212] [drm]   GMR2.
[    2.540212] [drm]   Screen Object 2.
[    2.540212] [drm]   Command Buffers.
[    2.540213] [drm]   Command Buffers 2.
[    2.540213] [drm]   Guest Backed Resources.
[    2.540215] [drm] Max GMR ids is 8192
[    2.540215] [drm] Max number of GMR pages is 1048576
[    2.540216] [drm] Max dedicated hypervisor surface memory is 393216 kiB
[    2.540216] [drm] Maximum display memory size is 131072 kiB
[    2.540217] [drm] VRAM at 0xe0000000 size is 131072 kiB
[    2.540218] [drm] MMIO at 0xf0000000 size is 2048 kiB
[    2.555199] [TTM] Zone  kernel: Available graphics memory: 1011738 KiB
[    2.555200] [TTM] Initializing pool allocator
[    2.555203] [TTM] Initializing DMA pool allocator
[    2.555256] [drm] Supports vblank timestamp caching Rev 2 (21.10.2013).
[    2.555257] [drm] No driver support for vblank timestamp query.
[    2.555596] [drm] Screen Target Display device initialized
[    2.555819] [drm] width 720
[    2.555834] [drm] height 400
[    2.555848] [drm] bpp 32
[    2.556486] [drm] Fifo max 0x00200000 min 0x00001000 cap 0x00000355
[    2.557572] [drm] Using command buffers with DMA pool.
[    2.557578] [drm] DX: no.
[    2.557579] [drm] Atomic: yes.
[    2.557579] [drm] SM4_1: no.
[    2.557605] [drm:vmw_host_log [vmwgfx]] *ERROR* Failed to send host log message.
[    2.558690] [drm:vmw_host_log [vmwgfx]] *ERROR* Failed to send host log message.
[    2.583852] fbcon: svgadrmfb (fb0) is primary device
[    2.590343] Console: switching to colour frame buffer device 100x37
[    2.599451] systemd[1]: Finished Set the console keyboard layout.
[    2.599611] systemd[1]: Reached target Local File Systems (Pre).
[    2.600855] [drm] Initialized vmwgfx 2.15.0 20180704 for 0000:00:02.0 on minor 0
[    2.603068] systemd[1]: Mounting Mount unit for bare, revision 5...
[    2.607115] systemd[1]: Mounting Mount unit for core18, revision 1705...
[    2.628145] systemd[1]: Mounting Mount unit for gnome-3-34-1804, revision 24...
[    2.639247] systemd[1]: Mounting Mount unit for gtk-common-themes, revision 1506...
[    2.653019] systemd[1]: Mounting Mount unit for gtk-common-themes, revision 1535...
[    2.657412] systemd[1]: Mounting Mount unit for snap-store, revision 433...
[    2.676079] systemd[1]: Mounting Mount unit for snapd, revision 7264...
[    2.678914] systemd[1]: Finished Load Kernel Modules.
[    2.684074] systemd[1]: Mounting FUSE Control File System...
[    2.686684] systemd[1]: Mounting Kernel Configuration File System...
[    2.687645] systemd[1]: Starting Apply Kernel Variables...
[    2.688655] systemd[1]: Mounted FUSE Control File System.
[    2.688727] systemd[1]: Condition check resulted in VMware vmblock fuse mount being skipped.
[    2.703502] systemd[1]: Mounted Kernel Configuration File System.
[    2.720095] systemd[1]: Finished Apply Kernel Variables.
[    2.725689] systemd[1]: Mounted Mount unit for bare, revision 5.
[    2.725781] systemd[1]: Mounted Mount unit for core18, revision 1705.
[    2.725857] systemd[1]: Mounted Mount unit for gnome-3-34-1804, revision 24.
[    2.725928] systemd[1]: Mounted Mount unit for gtk-common-themes, revision 1506.
[    2.737871] systemd[1]: Started udev Kernel Device Manager.
[    2.738594] systemd[1]: Starting Show Plymouth Boot Screen...
[    2.745950] systemd[1]: Mounted Mount unit for gtk-common-themes, revision 1535.
[    2.746065] systemd[1]: Mounted Mount unit for snap-store, revision 433.
[    2.746157] systemd[1]: Mounted Mount unit for snapd, revision 7264.
[    2.746225] systemd[1]: Received SIGRTMIN+20 from PID 277 (plymouthd).
[    2.746253] systemd[1]: Reached target Local File Systems.
[    2.768032] systemd[1]: Starting Load AppArmor profiles...
[    2.773348] systemd[1]: Starting Set console font and keymap...
[    2.781797] systemd[1]: Starting Tell Plymouth To Write Out Runtime Data...
[    2.785045] systemd[1]: Condition check resulted in Store a System Token in an EFI Variable being skipped.
[    2.785076] systemd[1]: Condition check resulted in Commit a transient machine-id on disk being skipped.
[    2.789002] systemd[1]: Finished Set console font and keymap.
[    2.795193] systemd[1]: Received SIGRTMIN+20 from PID 277 (plymouthd).
[    2.797230] systemd[1]: plymouth-read-write.service: Succeeded.
[    2.797462] systemd[1]: Finished Tell Plymouth To Write Out Runtime Data.
[    2.797743] systemd[1]: Started Show Plymouth Boot Screen.
[    2.797905] systemd[1]: Condition check resulted in Dispatch Password Requests to Console Directory Watch being skipped.
[    2.797987] systemd[1]: Started Forward Password Requests to Plymouth Directory Watch.
[    2.798087] systemd[1]: Reached target Local Encrypted Volumes.
[    2.817039] audit: type=1400 audit(1768295961.624:2): apparmor="STATUS" operation="profile_load" profile="unconfined" name="nvidia_modprobe" pid=295 comm="apparmor_parser"
[    2.817042] audit: type=1400 audit(1768295961.624:3): apparmor="STATUS" operation="profile_load" profile="unconfined" name="nvidia_modprobe//kmod" pid=295 comm="apparmor_parser"
[    2.826040] audit: type=1400 audit(1768295961.632:4): apparmor="STATUS" operation="profile_load" profile="unconfined" name="/usr/sbin/tcpdump" pid=298 comm="apparmor_parser"
[    2.875386] audit: type=1400 audit(1768295961.676:5): apparmor="STATUS" operation="profile_load" profile="unconfined" name="/usr/bin/evince" pid=300 comm="apparmor_parser"
[    2.875388] audit: type=1400 audit(1768295961.676:6): apparmor="STATUS" operation="profile_load" profile="unconfined" name="/usr/bin/evince//sanitized_helper" pid=300 comm="apparmor_parser"
[    2.875390] audit: type=1400 audit(1768295961.676:7): apparmor="STATUS" operation="profile_load" profile="unconfined" name="/usr/bin/evince-previewer" pid=300 comm="apparmor_parser"
[    2.875392] audit: type=1400 audit(1768295961.676:8): apparmor="STATUS" operation="profile_load" profile="unconfined" name="/usr/bin/evince-previewer//sanitized_helper" pid=300 comm="apparmor_parser"
[    2.875393] audit: type=1400 audit(1768295961.676:9): apparmor="STATUS" operation="profile_load" profile="unconfined" name="/usr/bin/evince-thumbnailer" pid=300 comm="apparmor_parser"
[    2.903776] audit: type=1400 audit(1768295961.712:10): apparmor="STATUS" operation="profile_load" profile="unconfined" name="/usr/lib/cups/backend/cups-pdf" pid=305 comm="apparmor_parser"
[    2.971193] systemd[1]: Finished Load AppArmor profiles.
[    2.972164] systemd[1]: Starting Load AppArmor profiles managed internally by snapd...
[    3.036387] systemd[1]: Finished Load AppArmor profiles managed internally by snapd.
[    3.283126] systemd[1]: Started Journal Service.
[    3.290244] systemd-journald[229]: Received client request to flush runtime journal.
[    3.295442] systemd-journald[229]: File /var/log/journal/c455b248004a419c87ce85eea238d727/system.journal corrupted or uncleanly shut down, renaming and replacing.
[    4.457786] RAPL PMU: API unit is 2^-32 Joules, 0 fixed counters, 10737418240 ms ovfl timer
[    4.537537] cryptd: max_cpu_qlen set to 1000
[    4.579829] AVX2 version of gcm_enc/dec engaged.
[    4.579830] AES CTR mode by8 optimization enabled
[    5.477682] Adding 1998844k swap on /dev/sda1.  Priority:-2 extents:1 across:1998844k FS
[    6.392310] kauditd_printk_skb: 30 callbacks suppressed
[    6.392311] audit: type=1400 audit(1768295965.192:41): apparmor="DENIED" operation="capable" profile="/usr/sbin/cups-browsed" pid=498 comm="cups-browsed" capability=23  capname="sys_nice"
[    7.587569] pcnet32 0000:00:03.0 enp0s3: link up, 100Mbps, full-duplex
[    7.635987] e1000: enp0s8 NIC Link is Up 1000 Mbps Full Duplex, Flow Control: RX
[    7.636263] IPv6: ADDRCONF(NETDEV_CHANGE): enp0s8: link becomes ready
[    7.648292] e1000: enp0s9 NIC Link is Up 1000 Mbps Full Duplex, Flow Control: RX
[    7.648580] IPv6: ADDRCONF(NETDEV_CHANGE): enp0s9: link becomes ready
[    8.174983] device enp0s3 entered promiscuous mode
[    8.202574] audit: type=1400 audit(1768295967.008:42): apparmor="DENIED" operation="open" profile="/usr/sbin/tcpdump" name="/proc/sys/kernel/random/boot_id" pid=669 comm="tcpdump" requested_mask="r" denied_mask="r" fsuid=0 ouid=0
[    8.202768] audit: type=1400 audit(1768295967.008:43): apparmor="DENIED" operation="open" profile="/usr/sbin/tcpdump" name="/proc/sys/kernel/random/boot_id" pid=669 comm="tcpdump" requested_mask="r" denied_mask="r" fsuid=0 ouid=0
[    8.202849] audit: type=1400 audit(1768295967.008:44): apparmor="DENIED" operation="open" profile="/usr/sbin/tcpdump" name="/proc/sys/kernel/random/boot_id" pid=669 comm="tcpdump" requested_mask="r" denied_mask="r" fsuid=0 ouid=0
[    8.202938] audit: type=1400 audit(1768295967.008:45): apparmor="DENIED" operation="open" profile="/usr/sbin/tcpdump" name="/proc/sys/kernel/random/boot_id" pid=669 comm="tcpdump" requested_mask="r" denied_mask="r" fsuid=0 ouid=0
[    8.206981] audit: type=1400 audit(1768295967.016:46): apparmor="DENIED" operation="open" profile="/usr/sbin/tcpdump" name="/proc/sys/kernel/random/boot_id" pid=670 comm="tcpdump" requested_mask="r" denied_mask="r" fsuid=0 ouid=0
[    8.207832] audit: type=1400 audit(1768295967.016:47): apparmor="DENIED" operation="open" profile="/usr/sbin/tcpdump" name="/proc/sys/kernel/random/boot_id" pid=670 comm="tcpdump" requested_mask="r" denied_mask="r" fsuid=0 ouid=0
[    8.207869] audit: type=1400 audit(1768295967.016:48): apparmor="DENIED" operation="open" profile="/usr/sbin/tcpdump" name="/proc/sys/kernel/random/boot_id" pid=670 comm="tcpdump" requested_mask="r" denied_mask="r" fsuid=0 ouid=0
[    8.207887] audit: type=1400 audit(1768295967.016:49): apparmor="DENIED" operation="open" profile="/usr/sbin/tcpdump" name="/proc/sys/kernel/random/boot_id" pid=670 comm="tcpdump" requested_mask="r" denied_mask="r" fsuid=0 ouid=0
[   12.614603] rfkill: input handler disabled
[  708.703171] rfkill: input handler enabled
[  717.118658] rfkill: input handler disabled
[  915.906321] device enp0s3 left promiscuous mode
