[    0.000000] Linux version 5.4.243-mptcp (root@ztg) (gcc version 12.2.0 (Debian 12.2.0-14+deb12u1)) #53 SMP Wed Dec 24 23:28:15 CST 2025
[    0.000000] Command line: BOOT_IMAGE=/boot/vmlinuz-5.4.243-mptcp root=UUID=98415a12-53b7-4144-8265-0f7ece09e445 ro quiet splash
[    0.000000] KERNEL supported cpus:
[    0.000000]   Intel GenuineIntel
[    0.000000]   AMD AuthenticAMD
[    0.000000]   Hygon HygonGenuine
[    0.000000]   Centaur CentaurHauls
[    0.000000]   zhaoxin   Shanghai  
[    0.000000] x86/fpu: Supporting XSAVE feature 0x001: 'x87 floating point registers'
[    0.000000] x86/fpu: Supporting XSAVE feature 0x002: 'SSE registers'
[    0.000000] x86/fpu: Supporting XSAVE feature 0x004: 'AVX registers'
[    0.000000] x86/fpu: xstate_offset[2]:  576, xstate_sizes[2]:  256
[    0.000000] x86/fpu: Enabled xstate features 0x7, context size is 832 bytes, using 'standard' format.
[    0.000000] BIOS-provided physical RAM map:
[    0.000000] BIOS-e820: [mem 0x0000000000000000-0x000000000009fbff] usable
[    0.000000] BIOS-e820: [mem 0x000000000009fc00-0x000000000009ffff] reserved
[    0.000000] BIOS-e820: [mem 0x00000000000f0000-0x00000000000fffff] reserved
[    0.000000] BIOS-e820: [mem 0x0000000000100000-0x000000007ffeffff] usable
[    0.000000] BIOS-e820: [mem 0x000000007fff0000-0x000000007fffffff] ACPI data
[    0.000000] BIOS-e820: [mem 0x00000000fec00000-0x00000000fec00fff] reserved
[    0.000000] BIOS-e820: [mem 0x00000000fee00000-0x00000000fee00fff] reserved
[    0.000000] BIOS-e820: [mem 0x00000000fffc0000-0x00000000ffffffff] reserved
[    0.000000] NX (Execute Disable) protection: active
[    0.000000] SMBIOS 2.5 present.
[    0.000000] DMI: innotek GmbH VirtualBox/VirtualBox, BIOS VirtualBox 12/01/2006
[    0.000000] Hypervisor detected: KVM
[    0.000000] kvm-clock: Using msrs 4b564d01 and 4b564d00
[    0.000000] kvm-clock: cpu 0, msr 7be01001, primary cpu clock
[    0.000000] kvm-clock: using sched offset of 4949532261 cycles
[    0.000003] clocksource: kvm-clock: mask: 0xffffffffffffffff max_cycles: 0x1cd42e4dffb, max_idle_ns: 881590591483 ns
[    0.000005] tsc: Detected 2100.000 MHz processor
[    0.001865] e820: update [mem 0x00000000-0x00000fff] usable ==> reserved
[    0.001868] e820: remove [mem 0x000a0000-0x000fffff] usable
[    0.001871] last_pfn = 0x7fff0 max_arch_pfn = 0x400000000
[    0.001939] MTRR default type: uncachable
[    0.001940] MTRR fixed ranges enabled:
[    0.001942]   00000-9FFFF write-back
[    0.001942]   A0000-BFFFF uncachable
[    0.001943]   C0000-FFFFF write-protect
[    0.001944] MTRR variable ranges enabled:
[    0.001945]   0 base 000000000000 mask 3FFF80000000 write-back
[    0.001946]   1 disabled
[    0.001946]   2 disabled
[    0.001947]   3 disabled
[    0.001947]   4 disabled
[    0.001948]   5 disabled
[    0.001948]   6 disabled
[    0.001949]   7 disabled
[    0.001949]   8 disabled
[    0.001949]   9 disabled
[    0.001950]   10 disabled
[    0.001950]   11 disabled
[    0.001951]   12 disabled
[    0.001951]   13 disabled
[    0.001952]   14 disabled
[    0.001952]   15 disabled
[    0.001968] x86/PAT: Configuration [0-7]: WB  WC  UC- UC  WB  WP  UC- WT  
[    0.002102] found SMP MP-table at [mem 0x0009fff0-0x0009ffff]
[    0.089866] check: Scanning 1 areas for low memory corruption
[    0.090015] RAMDISK: [mem 0x32271000-0x3512ffff]
[    0.090023] ACPI: Early table checksum verification disabled
[    0.090028] ACPI: RSDP 0x00000000000E0000 000024 (v02 VBOX  )
[    0.090032] ACPI: XSDT 0x000000007FFF0030 00003C (v01 VBOX   VBOXXSDT 00000001 ASL  00000061)
[    0.090039] ACPI: FACP 0x000000007FFF00F0 0000F4 (v04 VBOX   VBOXFACP 00000001 ASL  00000061)
[    0.090045] ACPI: DSDT 0x000000007FFF02E0 002353 (v02 VBOX   VBOXBIOS 00000002 VBOX 00029BF3)
[    0.090049] ACPI: FACS 0x000000007FFF0200 000040
[    0.090053] ACPI: FACS 0x000000007FFF0200 000040
[    0.090056] ACPI: APIC 0x000000007FFF0240 000054 (v02 VBOX   VBOXAPIC 00000001 ASL  00000061)
[    0.090060] ACPI: SSDT 0x000000007FFF02A0 000038 (v01 VBOX   VBOXCPUT 00000002 VBOX 00029BF3)
[    0.090063] ACPI: Reserving FACP table memory at [mem 0x7fff00f0-0x7fff01e3]
[    0.090064] ACPI: Reserving DSDT table memory at [mem 0x7fff02e0-0x7fff2632]
[    0.090065] ACPI: Reserving FACS table memory at [mem 0x7fff0200-0x7fff023f]
[    0.090065] ACPI: Reserving FACS table memory at [mem 0x7fff0200-0x7fff023f]
[    0.090066] ACPI: Reserving APIC table memory at [mem 0x7fff0240-0x7fff0293]
[    0.090067] ACPI: Reserving SSDT table memory at [mem 0x7fff02a0-0x7fff02d7]
[    0.090081] ACPI: Local APIC address 0xfee00000
[    0.090266] No NUMA configuration found
[    0.090267] Faking a node at [mem 0x0000000000000000-0x000000007ffeffff]
[    0.090278] NODE_DATA(0) allocated [mem 0x7ffc5000-0x7ffeffff]
[    0.090538] Zone ranges:
[    0.090539]   DMA      [mem 0x0000000000001000-0x0000000000ffffff]
[    0.090540]   DMA32    [mem 0x0000000001000000-0x000000007ffeffff]
[    0.090541]   Normal   empty
[    0.090541]   Device   empty
[    0.090542] Movable zone start for each node
[    0.090544] Early memory node ranges
[    0.090545]   node   0: [mem 0x0000000000001000-0x000000000009efff]
[    0.090546]   node   0: [mem 0x0000000000100000-0x000000007ffeffff]
[    0.090549] Zeroed struct page in unavailable ranges: 114 pages
[    0.090549] Initmem setup node 0 [mem 0x0000000000001000-0x000000007ffeffff]
[    0.090550] On node 0 totalpages: 524174
[    0.090552]   DMA zone: 64 pages used for memmap
[    0.090552]   DMA zone: 21 pages reserved
[    0.090553]   DMA zone: 3998 pages, LIFO batch:0
[    0.090625]   DMA32 zone: 8128 pages used for memmap
[    0.090625]   DMA32 zone: 520176 pages, LIFO batch:63
[    0.099537] ACPI: PM-Timer IO Port: 0x4008
[    0.099540] ACPI: Local APIC address 0xfee00000
[    0.099606] IOAPIC[0]: apic_id 1, version 32, address 0xfec00000, GSI 0-23
[    0.099610] ACPI: INT_SRC_OVR (bus 0 bus_irq 0 global_irq 2 dfl dfl)
[    0.099611] ACPI: INT_SRC_OVR (bus 0 bus_irq 9 global_irq 9 low level)
[    0.099613] ACPI: IRQ0 used by override.
[    0.099614] ACPI: IRQ9 used by override.
[    0.099617] Using ACPI (MADT) for SMP configuration information
[    0.099623] smpboot: Allowing 1 CPUs, 0 hotplug CPUs
[    0.099644] PM: Registered nosave memory: [mem 0x00000000-0x00000fff]
[    0.099645] PM: Registered nosave memory: [mem 0x0009f000-0x0009ffff]
[    0.099646] PM: Registered nosave memory: [mem 0x000a0000-0x000effff]
[    0.099646] PM: Registered nosave memory: [mem 0x000f0000-0x000fffff]
[    0.099648] [mem 0x80000000-0xfebfffff] available for PCI devices
[    0.099648] Booting paravirtualized kernel on KVM
[    0.099651] clocksource: refined-jiffies: mask: 0xffffffff max_cycles: 0xffffffff, max_idle_ns: 7645519600211568 ns
[    0.099656] setup_percpu: NR_CPUS:8192 nr_cpumask_bits:1 nr_cpu_ids:1 nr_node_ids:1
[    0.100676] percpu: Embedded 60 pages/cpu s208896 r8192 d28672 u2097152
[    0.100681] pcpu-alloc: s208896 r8192 d28672 u2097152 alloc=1*2097152
[    0.100682] pcpu-alloc: [0] 0 
[    0.100708] Built 1 zonelists, mobility grouping on.  Total pages: 515961
[    0.100709] Policy zone: DMA32
[    0.100710] Kernel command line: BOOT_IMAGE=/boot/vmlinuz-5.4.243-mptcp root=UUID=98415a12-53b7-4144-8265-0f7ece09e445 ro quiet splash
[    0.101541] Dentry cache hash table entries: 262144 (order: 9, 2097152 bytes, linear)
[    0.101687] Inode-cache hash table entries: 131072 (order: 8, 1048576 bytes, linear)
[    0.101737] mem auto-init: stack:off, heap alloc:on, heap free:off
[    0.101739] Calgary: detecting Calgary via BIOS EBDA area
[    0.101740] Calgary: Unable to locate Rio Grande table in EBDA - bailing!
[    0.105764] Memory: 1967332K/2096696K available (14339K kernel code, 2398K rwdata, 4712K rodata, 2728K init, 17260K bss, 129364K reserved, 0K cma-reserved)
[    0.106686] SLUB: HWalign=64, Order=0-3, MinObjects=0, CPUs=1, Nodes=1
[    0.106703] ftrace: allocating 43186 entries in 169 pages
[    0.124750] rcu: Hierarchical RCU implementation.
[    0.124751] rcu: 	RCU restricting CPUs from NR_CPUS=8192 to nr_cpu_ids=1.
[    0.124752] 	Tasks RCU enabled.
[    0.124753] rcu: RCU calculated value of scheduler-enlistment delay is 25 jiffies.
[    0.124754] rcu: Adjusting geometry for rcu_fanout_leaf=16, nr_cpu_ids=1
[    0.127714] NR_IRQS: 524544, nr_irqs: 256, preallocated irqs: 16
[    0.127917] random: crng init done
[    0.137216] Console: colour VGA+ 80x25
[    0.137220] printk: console [tty0] enabled
[    0.137237] ACPI: Core revision 20190816
[    0.137331] APIC: Switch to symmetric I/O mode setup
[    0.137579] x2apic enabled
[    0.137814] Switched APIC routing to physical x2apic.
[    0.138936] ..TIMER: vector=0x30 apic1=0 pin1=2 apic2=-1 pin2=-1
[    0.138963] clocksource: tsc-early: mask: 0xffffffffffffffff max_cycles: 0x1e4530a99b6, max_idle_ns: 440795257976 ns
[    0.138968] Calibrating delay loop (skipped) preset value.. 4200.00 BogoMIPS (lpj=8400000)
[    0.138970] pid_max: default: 32768 minimum: 301
[    0.138998] LSM: Security Framework initializing
[    0.139007] Yama: becoming mindful.
[    0.139031] AppArmor: AppArmor initialized
[    0.139064] Mount-cache hash table entries: 4096 (order: 3, 32768 bytes, linear)
[    0.139069] Mountpoint-cache hash table entries: 4096 (order: 3, 32768 bytes, linear)
[    0.139079] *** VALIDATE tmpfs ***
[    0.139210] *** VALIDATE proc ***
[    0.139252] *** VALIDATE cgroup1 ***
[    0.139253] *** VALIDATE cgroup2 ***
[    0.139392] process: using mwait in idle threads
[    0.139397] Last level iTLB entries: 4KB 64, 2MB 8, 4MB 8
[    0.139398] Last level dTLB entries: 4KB 64, 2MB 0, 4MB 0, 1GB 4
[    0.139417] Spectre V1 : Mitigation: usercopy/swapgs barriers and __user pointer sanitization
[    0.139423] Spectre V2 : Mitigation: Retpolines
[    0.139424] Spectre V2 : Spectre v2 / SpectreRSB mitigation: Filling RSB on context switch
[    0.139424] Spectre V2 : Spectre v2 / SpectreRSB : Filling RSB on VMEXIT
[    0.139425] RETBleed: WARNING: Spectre v2 mitigation leaves CPU vulnerable to RETBleed attacks, data leaks possible!
[    0.139778] RETBleed: Vulnerable
[    0.139779] Speculative Store Bypass: Vulnerable
[    0.139783] TAA: Mitigation: TSX disabled
[    0.139784] MMIO Stale Data: Mitigation: Clear CPU buffers
[    0.144011] Freeing SMP alternatives memory: 40K
[    0.256252] smpboot: CPU0: Intel(R) Xeon(R) Silver 4216 CPU @ 2.10GHz (family: 0x6, model: 0x55, stepping: 0x7)
[    0.256377] Performance Events: unsupported p6 CPU model 85 no PMU driver, software events only.
[    0.256413] rcu: Hierarchical SRCU implementation.
[    0.256888] NMI watchdog: Perf NMI watchdog permanently disabled
[    0.256928] smp: Bringing up secondary CPUs ...
[    0.256929] smp: Brought up 1 node, 1 CPU
[    0.256930] smpboot: Max logical packages: 1
[    0.256932] smpboot: Total of 1 processors activated (4200.00 BogoMIPS)
[    0.257895] devtmpfs: initialized
[    0.257941] x86/mm: Memory block size: 128MB
[    0.258290] clocksource: jiffies: mask: 0xffffffff max_cycles: 0xffffffff, max_idle_ns: 7645041785100000 ns
[    0.258296] futex hash table entries: 256 (order: 2, 16384 bytes, linear)
[    0.258338] pinctrl core: initialized pinctrl subsystem
[    0.258440] PM: RTC time: 21:26:11, date: 2026-01-11
[    0.258547] NET: Registered protocol family 16
[    0.258619] audit: initializing netlink subsys (disabled)
[    0.258744] EISA bus registered
[    0.258746] cpuidle: using governor ladder
[    0.258746] cpuidle: using governor menu
[    0.258783] ACPI: bus type PCI registered
[    0.258784] acpiphp: ACPI Hot Plug PCI Controller Driver version: 0.5
[    0.258885] PCI: Using configuration type 1 for base access
[    0.259236] audit: type=2000 audit(1768137977.847:1): state=initialized audit_enabled=0 res=1
[    0.259315] HugeTLB registered 2.00 MiB page size, pre-allocated 0 pages
[    0.260127] ACPI: Added _OSI(Module Device)
[    0.260128] ACPI: Added _OSI(Processor Device)
[    0.260129] ACPI: Added _OSI(3.0 _SCP Extensions)
[    0.260129] ACPI: Added _OSI(Processor Aggregator Device)
[    0.260130] ACPI: Added _OSI(Linux-Dell-Video)
[    0.260131] ACPI: Added _OSI(Linux-Lenovo-NV-HDMI-Audio)
[    0.260132] ACPI: Added _OSI(Linux-HPI-Hybrid-Graphics)
[    0.262077] ACPI: 2 ACPI AML tables successfully acquired and loaded
[    0.263714] ACPI: Interpreter enabled
[    0.263723] ACPI: (supports S0 S5)
[    0.263725] ACPI: Using IOAPIC for interrupt routing
[    0.263929] PCI: Using host bridge windows from ACPI; if necessary, use "pci=nocrs" and report a bug
[    0.264037] ACPI: Enabled 2 GPEs in block 00 to 07
[    0.268832] ACPI: PCI Root Bridge [PCI0] (domain 0000 [bus 00-ff])
[    0.268837] acpi PNP0A03:00: _OSC: OS supports [ASPM ClockPM Segments MSI HPX-Type3]
[    0.269279] acpi PNP0A03:00: _OSC: not requesting OS control; OS requires [ExtendedConfig ASPM ClockPM MSI]
[    0.269287] acpi PNP0A03:00: fail to add MMCONFIG information, can't access extended PCI configuration space under this bridge.
[    0.269658] PCI host bridge to bus 0000:00
[    0.269660] pci_bus 0000:00: root bus resource [io  0x0000-0x0cf7 window]
[    0.269661] pci_bus 0000:00: root bus resource [io  0x0d00-0xffff window]
[    0.269662] pci_bus 0000:00: root bus resource [mem 0x000a0000-0x000bffff window]
[    0.269664] pci_bus 0000:00: root bus resource [mem 0x80000000-0xfdffffff window]
[    0.269665] pci_bus 0000:00: root bus resource [bus 00-ff]
[    0.269707] pci 0000:00:00.0: [8086:1237] type 00 class 0x060000
[    0.270635] pci 0000:00:01.0: [8086:7000] type 00 class 0x060100
[    0.271418] pci 0000:00:01.1: [8086:7111] type 00 class 0x01018a
[    0.271792] pci 0000:00:01.1: reg 0x20: [io  0xd000-0xd00f]
[    0.271945] pci 0000:00:01.1: legacy IDE quirk: reg 0x10: [io  0x01f0-0x01f7]
[    0.271946] pci 0000:00:01.1: legacy IDE quirk: reg 0x14: [io  0x03f6]
[    0.271947] pci 0000:00:01.1: legacy IDE quirk: reg 0x18: [io  0x0170-0x0177]
[    0.271948] pci 0000:00:01.1: legacy IDE quirk: reg 0x1c: [io  0x0376]
[    0.272486] pci 0000:00:02.0: [15ad:0405] type 00 class 0x030000
[    0.275208] pci 0000:00:02.0: reg 0x10: [io  0xd010-0xd01f]
[    0.278253] pci 0000:00:02.0: reg 0x14: [mem 0xe0000000-0xe7ffffff pref]
[    0.280819] pci 0000:00:02.0: reg 0x18: [mem 0xf0000000-0xf01fffff]
[    0.291731] pci 0000:00:03.0: [1022:2000] type 00 class 0x020000
[    0.292409] pci 0000:00:03.0: reg 0x10: [io  0xd020-0xd03f]
[    0.293018] pci 0000:00:03.0: reg 0x14: [mem 0xf0200000-0xf0200fff]
[    0.296407] pci 0000:00:04.0: [80ee:cafe] type 00 class 0x088000
[    0.297081] pci 0000:00:04.0: reg 0x10: [io  0xd040-0xd05f]
[    0.297695] pci 0000:00:04.0: reg 0x14: [mem 0xf0400000-0xf07fffff]
[    0.299078] pci 0000:00:04.0: reg 0x18: [mem 0xf0800000-0xf0803fff pref]
[    0.302601] pci 0000:00:07.0: [8086:7113] type 00 class 0x068000
[    0.303203] pci 0000:00:07.0: quirk: [io  0x4000-0x403f] claimed by PIIX4 ACPI
[    0.303213] pci 0000:00:07.0: quirk: [io  0x4100-0x410f] claimed by PIIX4 SMB
[    0.303800] pci 0000:00:08.0: [1022:2000] type 00 class 0x020000
[    0.304474] pci 0000:00:08.0: reg 0x10: [io  0xd060-0xd07f]
[    0.305086] pci 0000:00:08.0: reg 0x14: [mem 0xf0804000-0xf0804fff]
[    0.308341] pci 0000:00:09.0: [8086:100e] type 00 class 0x020000
[    0.309046] pci 0000:00:09.0: reg 0x10: [mem 0xf0820000-0xf083ffff]
[    0.310238] pci 0000:00:09.0: reg 0x18: [io  0xd080-0xd087]
[    0.319940] ACPI: PCI Interrupt Link [LNKA] (IRQs 5 9 10 *11)
[    0.320221] ACPI: PCI Interrupt Link [LNKB] (IRQs 5 9 *10 11)
[    0.320326] ACPI: PCI Interrupt Link [LNKC] (IRQs 5 *9 10 11)
[    0.320426] ACPI: PCI Interrupt Link [LNKD] (IRQs 5 9 10 *11)
[    0.320673] iommu: Default domain type: Translated 
[    0.320733] pci 0000:00:02.0: vgaarb: setting as boot VGA device
[    0.320734] pci 0000:00:02.0: vgaarb: VGA device added: decodes=io+mem,owns=io+mem,locks=none
[    0.320736] pci 0000:00:02.0: vgaarb: bridge control possible
[    0.320737] vgaarb: loaded
[    0.320945] SCSI subsystem initialized
[    0.320974] libata version 3.00 loaded.
[    0.320999] ACPI: bus type USB registered
[    0.321014] usbcore: registered new interface driver usbfs
[    0.321020] usbcore: registered new interface driver hub
[    0.321025] usbcore: registered new device driver usb
[    0.321053] pps_core: LinuxPPS API ver. 1 registered
[    0.321054] pps_core: Software ver. 5.3.6 - Copyright 2005-2007 Rodolfo Giometti <giometti@linux.it>
[    0.321056] PTP clock support registered
[    0.321089] EDAC MC: Ver: 3.0.0
[    0.321369] PCI: Using ACPI for IRQ routing
[    0.321370] PCI: pci_cache_line_size set to 64 bytes
[    0.323011] e820: reserve RAM buffer [mem 0x0009fc00-0x0009ffff]
[    0.323014] e820: reserve RAM buffer [mem 0x7fff0000-0x7fffffff]
[    0.323820] NetLabel: Initializing
[    0.323821] NetLabel:  domain hash size = 128
[    0.323821] NetLabel:  protocols = UNLABELED CIPSOv4 CALIPSO
[    0.323840] NetLabel:  unlabeled traffic allowed by default
[    0.324736] clocksource: Switched to clocksource kvm-clock
[    0.333744] *** VALIDATE bpf ***
[    0.333744] VFS: Disk quotas dquot_6.6.0
[    0.333744] VFS: Dquot-cache hash table entries: 512 (order 0, 4096 bytes)
[    0.333744] *** VALIDATE ramfs ***
[    0.333744] *** VALIDATE hugetlbfs ***
[    0.333744] AppArmor: AppArmor Filesystem Enabled
[    0.333744] pnp: PnP ACPI init
[    0.333744] pnp 00:00: Plug and Play ACPI device, IDs PNP0303 (active)
[    0.336210] pnp 00:01: Plug and Play ACPI device, IDs PNP0f03 (active)
[    0.336969] pnp: PnP ACPI: found 2 devices
[    0.337929] thermal_sys: Registered thermal governor 'fair_share'
[    0.337930] thermal_sys: Registered thermal governor 'bang_bang'
[    0.337931] thermal_sys: Registered thermal governor 'step_wise'
[    0.337931] thermal_sys: Registered thermal governor 'user_space'
[    0.337932] thermal_sys: Registered thermal governor 'power_allocator'
[    0.342459] clocksource: acpi_pm: mask: 0xffffff max_cycles: 0xffffff, max_idle_ns: 2085701024 ns
[    0.342498] pci_bus 0000:00: resource 4 [io  0x0000-0x0cf7 window]
[    0.342499] pci_bus 0000:00: resource 5 [io  0x0d00-0xffff window]
[    0.342501] pci_bus 0000:00: resource 6 [mem 0x000a0000-0x000bffff window]
[    0.342502] pci_bus 0000:00: resource 7 [mem 0x80000000-0xfdffffff window]
[    0.342557] NET: Registered protocol family 2
[    0.342630] IP idents hash table entries: 32768 (order: 6, 262144 bytes, linear)
[    0.343027] MPTCP tokens hash table entries: 8192 (order: 4, 65536 bytes, linear)
[    0.343046] MPTCP request tokens hash table entries: 8192 (order: 4, 65536 bytes, linear)
[    0.343071] default registered
[    0.343072] default registered
[    0.343072] MPTCP: Stable release v0.96
[    0.343077] tcp_listen_portaddr_hash hash table entries: 1024 (order: 2, 16384 bytes, linear)
[    0.343155] TCP established hash table entries: 16384 (order: 5, 131072 bytes, linear)
[    0.343219] TCP bind hash table entries: 16384 (order: 6, 262144 bytes, linear)
[    0.343245] TCP: Hash tables configured (established 16384 bind 16384)
[    0.343970] UDP hash table entries: 1024 (order: 3, 32768 bytes, linear)
[    0.343982] UDP-Lite hash table entries: 1024 (order: 3, 32768 bytes, linear)
[    0.344017] NET: Registered protocol family 1
[    0.344025] NET: Registered protocol family 44
[    0.344044] pci 0000:00:00.0: Limiting direct PCI/PCI transfers
[    0.344056] pci 0000:00:01.0: Activating ISA DMA hang workarounds
[    0.344112] pci 0000:00:02.0: Video device with shadowed ROM at [mem 0x000c0000-0x000dffff]
[    0.344175] PCI: CLS 0 bytes, default 64
[    0.344221] Trying to unpack rootfs image as initramfs...
[    0.519982] Freeing initrd memory: 47868K
[    0.519982] clocksource: tsc: mask: 0xffffffffffffffff max_cycles: 0x1e4530a99b6, max_idle_ns: 440795257976 ns
[    0.519982] clocksource: Switched to clocksource tsc
[    0.519982] platform rtc_cmos: registered platform RTC device (no PNP device found)
[    0.519982] check: Scanning for low memory corruption every 60 seconds
[    0.519982] Initialise system trusted keyrings
[    0.519982] Key type blacklist registered
[    0.519982] workingset: timestamp_bits=36 max_order=19 bucket_order=0
[    0.519982] zbud: loaded
[    0.519982] squashfs: version 4.0 (2009/01/31) Phillip Lougher
[    0.519982] fuse: init (API version 7.31)
[    0.519982] *** VALIDATE fuse ***
[    0.519982] *** VALIDATE fuse ***
[    0.519982] Platform Keyring initialized
[    0.532144] Key type asymmetric registered
[    0.532145] Asymmetric key parser 'x509' registered
[    0.532155] Block layer SCSI generic (bsg) driver version 0.4 loaded (major 244)
[    0.532191] io scheduler mq-deadline registered
[    0.532310] shpchp: Standard Hot Plug PCI Controller Driver version: 0.4
[    0.532503] ACPI: AC Adapter [AC] (on-line)
[    0.532548] input: Power Button as /devices/LNXSYSTM:00/LNXPWRBN:00/input/input0
[    0.532576] ACPI: Power Button [PWRF]
[    0.532652] input: Sleep Button as /devices/LNXSYSTM:00/LNXSLPBN:00/input/input1
[    0.532667] ACPI: Sleep Button [SLPF]
[    0.532891] Serial: 8250/16550 driver, 32 ports, IRQ sharing enabled
[    0.534050] Linux agpgart interface v0.103
[    0.623098] loop: module loaded
[    0.623240] ata_piix 0000:00:01.1: version 2.13
[    0.623635] scsi host0: ata_piix
[    0.623728] scsi host1: ata_piix
[    0.623755] ata1: PATA max UDMA/33 cmd 0x1f0 ctl 0x3f6 bmdma 0xd000 irq 14
[    0.623756] ata2: PATA max UDMA/33 cmd 0x170 ctl 0x376 bmdma 0xd008 irq 15
[    0.623835] tun: Universal TUN/TAP device driver, 1.6
[    0.624143] PPP generic driver version 2.4.2
[    0.624184] VFIO - User Level meta-driver version: 0.3
[    0.624418] ehci_hcd: USB 2.0 'Enhanced' Host Controller (EHCI) Driver
[    0.624423] ehci-pci: EHCI PCI platform driver
[    0.624436] ehci-platform: EHCI generic platform driver
[    0.624441] ohci_hcd: USB 1.1 'Open' Host Controller (OHCI) Driver
[    0.624443] ohci-pci: OHCI PCI platform driver
[    0.624450] ohci-platform: OHCI generic platform driver
[    0.624454] uhci_hcd: USB Universal Host Controller Interface driver
[    0.624518] i8042: PNP: PS/2 Controller [PNP0303:PS2K,PNP0f03:PS2M] at 0x60,0x64 irq 1,12
[    0.624952] serio: i8042 KBD port at 0x60,0x64 irq 1
[    0.624956] serio: i8042 AUX port at 0x60,0x64 irq 12
[    0.625041] mousedev: PS/2 mouse device common for all mice
[    0.625291] input: AT Translated Set 2 keyboard as /devices/platform/i8042/serio0/input/input2
[    0.625686] rtc_cmos rtc_cmos: registered as rtc0
[    0.625710] rtc_cmos rtc_cmos: alarms up to one day, 114 bytes nvram
[    0.625715] i2c /dev entries driver
[    0.625760] device-mapper: uevent: version 1.0.3
[    0.625802] device-mapper: ioctl: 4.41.0-ioctl (2019-09-16) initialised: dm-devel@redhat.com
[    0.625818] platform eisa.0: Probing EISA bus 0
[    0.625819] platform eisa.0: EISA: Cannot allocate resource for mainboard
[    0.625821] platform eisa.0: Cannot allocate resource for EISA slot 1
[    0.625822] platform eisa.0: Cannot allocate resource for EISA slot 2
[    0.625822] platform eisa.0: Cannot allocate resource for EISA slot 3
[    0.625823] platform eisa.0: Cannot allocate resource for EISA slot 4
[    0.625825] platform eisa.0: Cannot allocate resource for EISA slot 5
[    0.625825] platform eisa.0: Cannot allocate resource for EISA slot 6
[    0.625826] platform eisa.0: Cannot allocate resource for EISA slot 7
[    0.625827] platform eisa.0: Cannot allocate resource for EISA slot 8
[    0.625828] platform eisa.0: EISA: Detected 0 cards
[    0.625831] intel_pstate: CPU model not supported
[    0.625840] ledtrig-cpu: registered to indicate activity on CPUs
[    0.625893] drop_monitor: Initializing network drop monitor service
[    0.626052] NET: Registered protocol family 10
[    0.631193] Segment Routing with IPv6
[    0.631224] fullmesh registered
[    0.631225] ndiffports registered
[    0.631225] binder registered
[    0.631225] roundrobin registered
[    0.631225] redundant registered
[    0.631225] blest registered
[    0.631225] ecf registered
[    0.631225] NET: Registered protocol family 17
[    0.631225] Key type dns_resolver registered
[    0.631225] RAS: Correctable Errors collector initialized.
[    0.631225] IPI shorthand broadcast: enabled
[    0.631225] sched_clock: Marking stable (616168341, 11057443)->(628670788, -1445004)
[    0.631436] registered taskstats version 1
[    0.631444] Loading compiled-in X.509 certificates
[    0.632033] Loaded X.509 cert 'Build time autogenerated kernel key: 6909f3744cebb3d0de528d5887b96a727de79b1e'
[    0.632051] zswap: loaded using pool lzo/zbud
[    0.632103] Key type ._fscrypt registered
[    0.632103] Key type .fscrypt registered
[    0.636515] Key type big_key registered
[    0.638704] Key type encrypted registered
[    0.638707] AppArmor: AppArmor sha1 policy hashing enabled
[    0.638714] ima: No TPM chip found, activating TPM-bypass!
[    0.638718] ima: Allocated hash algorithm: sha1
[    0.638723] ima: No architecture policies found
[    0.638738] evm: Initialising EVM extended attributes:
[    0.638739] evm: security.selinux
[    0.638739] evm: security.SMACK64
[    0.638740] evm: security.SMACK64EXEC
[    0.638740] evm: security.SMACK64TRANSMUTE
[    0.638741] evm: security.SMACK64MMAP
[    0.638741] evm: security.apparmor
[    0.638742] evm: security.ima
[    0.638742] evm: security.capability
[    0.638743] evm: HMAC attrs: 0x1
[    0.639029] PM:   Magic number: 10:398:449
[    0.639143] rtc_cmos rtc_cmos: setting system clock to 2026-01-11T21:26:11 UTC (1768166771)
[    0.795945] ata1.00: ATA-6: VBOX HARDDISK, 1.0, max UDMA/133
[    0.795948] ata1.00: 209715200 sectors, multi 128: LBA 
[    0.796571] scsi 0:0:0:0: Direct-Access     ATA      VBOX HARDDISK    1.0  PQ: 0 ANSI: 5
[    0.796833] sd 0:0:0:0: [sda] 209715200 512-byte logical blocks: (107 GB/100 GiB)
[    0.796845] sd 0:0:0:0: [sda] Write Protect is off
[    0.796848] sd 0:0:0:0: [sda] Mode Sense: 00 3a 00 00
[    0.796867] sd 0:0:0:0: [sda] Write cache: enabled, read cache: enabled, doesn't support DPO or FUA
[    0.797081] sd 0:0:0:0: Attached scsi generic sg0 type 0
[    0.797968]  sda: sda1 sda2
[    0.807327] sd 0:0:0:0: [sda] Attached SCSI disk
[    0.811579] Freeing unused decrypted memory: 2040K
[    0.812729] Freeing unused kernel image memory: 2728K
[    0.812732] Write protecting the kernel read-only data: 22528k
[    0.813989] Freeing unused kernel image memory: 2036K
[    0.814658] Freeing unused kernel image memory: 1432K
[    0.846938] x86/mm: Checked W+X mappings: passed, no W+X pages found.
[    0.846942] Run /init as init process
[    0.944405] ACPI: Video Device [GFX0] (multi-head: yes  rom: no  post: no)
[    0.944475] input: Video Bus as /devices/LNXSYSTM:00/LNXSYBUS:00/PNP0A03:00/LNXVIDEO:00/input/input4
[    0.954614] pcnet32: pcnet32.c:v1.35 21.Apr.2008 tsbogend@alpha.franken.de
[    0.955529] pcnet32: PCnet/FAST III 79C973 at 0xd020, 08:00:27:0f:31:29 assigned IRQ 19
[    0.955572] pcnet32: Found PHY 0022:561b at address 0
[    0.955871] pcnet32: eth0: registered as PCnet/FAST III 79C973
[    0.957609] pcnet32: PCnet/FAST III 79C973 at 0xd060, 08:00:27:6b:e3:3c assigned IRQ 16
[    0.957652] pcnet32: Found PHY 0022:561b at address 0
[    0.957946] pcnet32: eth1: registered as PCnet/FAST III 79C973
[    0.959193] piix4_smbus 0000:00:07.0: SMBus Host Controller at 0x4100, revision 0
[    0.965030] e1000: Intel(R) PRO/1000 Network Driver - version 7.3.21-k8-NAPI
[    0.965031] e1000: Copyright (c) 1999-2006 Intel Corporation.
[    0.968924] pcnet32: 2 cards_found
[    1.024939] pcnet32 0000:00:03.0 enp0s3: renamed from eth0
[    1.026860] pcnet32 0000:00:08.0 enp0s8: renamed from eth1
[    1.176546] input: ImExPS/2 Generic Explorer Mouse as /devices/platform/i8042/serio1/input/input5
[    1.413855] e1000 0000:00:09.0 eth0: (PCI:33MHz:32-bit) 08:00:27:c4:25:75
[    1.413860] e1000 0000:00:09.0 eth0: Intel(R) PRO/1000 Network Connection
[    1.415288] e1000 0000:00:09.0 enp0s9: renamed from eth0
[    3.618074] EXT4-fs (sda2): mounted filesystem with ordered data mode. Opts: (null)
[    3.699901] systemd[1]: Inserted module 'autofs4'
[    3.708619] systemd[1]: systemd 245.4-4ubuntu3 running in system mode. (+PAM +AUDIT +SELINUX +IMA +APPARMOR +SMACK +SYSVINIT +UTMP +LIBCRYPTSETUP +GCRYPT +GNUTLS +ACL +XZ +LZ4 +SECCOMP +BLKID +ELFUTILS +KMOD +IDN2 -IDN +PCRE2 default-hierarchy=hybrid)
[    3.708649] systemd[1]: Detected virtualization oracle.
[    3.708652] systemd[1]: Detected architecture x86-64.
[    3.709930] systemd[1]: Set hostname to <ztg>.
[    3.832701] systemd[1]: /lib/systemd/system/dbus.socket:5: ListenStream= references a path below legacy directory /var/run/, updating /var/run/dbus/system_bus_socket â†’ /run/dbus/system_bus_socket; please update the unit file accordingly.
[    3.886625] systemd[1]: Created slice system-modprobe.slice.
[    3.886810] systemd[1]: Created slice User and Session Slice.
[    3.886853] systemd[1]: Started Forward Password Requests to Wall Directory Watch.
[    3.887015] systemd[1]: Set up automount Arbitrary Executable File Formats File System Automount Point.
[    3.887049] systemd[1]: Reached target User and Group Name Lookups.
[    3.887059] systemd[1]: Reached target Remote File Systems.
[    3.887067] systemd[1]: Reached target Slices.
[    3.887675] systemd[1]: Listening on Syslog Socket.
[    3.887742] systemd[1]: Listening on fsck to fsckd communication Socket.
[    3.887794] systemd[1]: Listening on initctl Compatibility Named Pipe.
[    3.887927] systemd[1]: Listening on Journal Audit Socket.
[    3.887980] systemd[1]: Listening on Journal Socket (/dev/log).
[    3.888047] systemd[1]: Listening on Journal Socket.
[    3.888109] systemd[1]: Listening on udev Control Socket.
[    3.888147] systemd[1]: Listening on udev Kernel Socket.
[    3.888893] systemd[1]: Mounting Huge Pages File System...
[    3.889810] systemd[1]: Mounting POSIX Message Queue File System...
[    3.890668] systemd[1]: Mounting Kernel Debug File System...
[    3.891550] systemd[1]: Mounting Kernel Trace File System...
[    3.893482] systemd[1]: Starting Journal Service...
[    3.918056] systemd[1]: Starting Set the console keyboard layout...
[    3.926159] systemd[1]: Starting Create list of static device nodes for the current kernel...
[    3.928031] systemd[1]: Starting Load Kernel Module drm...
[    3.929046] systemd[1]: Condition check resulted in Set Up Additional Binary Formats being skipped.
[    3.929090] systemd[1]: Condition check resulted in File System Check on Root Device being skipped.
[    3.942610] systemd[1]: Starting Load Kernel Modules...
[    3.943720] systemd[1]: Starting Remount Root and Kernel File Systems...
[    3.961114] systemd[1]: Starting udev Coldplug all Devices...
[    3.968367] systemd[1]: Starting Uncomplicated firewall...
[    3.969855] systemd[1]: Mounted Huge Pages File System.
[    3.969952] systemd[1]: Mounted POSIX Message Queue File System.
[    3.970024] systemd[1]: Mounted Kernel Debug File System.
[    3.970092] systemd[1]: Mounted Kernel Trace File System.
[    3.991275] EXT4-fs (sda2): re-mounted. Opts: errors=remount-ro
[    3.995960] systemd[1]: Finished Create list of static device nodes for the current kernel.
[    3.997019] systemd[1]: modprobe@drm.service: Succeeded.
[    4.014935] systemd[1]: Finished Load Kernel Module drm.
[    4.016124] systemd[1]: Finished Remount Root and Kernel File Systems.
[    4.017256] systemd[1]: Finished Uncomplicated firewall.
[    4.034183] lp: driver loaded but no devices found
[    4.035771] systemd[1]: Condition check resulted in Rebuild Hardware Database being skipped.
[    4.035810] systemd[1]: Condition check resulted in Platform Persistent Storage Archival being skipped.
[    4.037347] systemd[1]: Starting Load/Save Random Seed...
[    4.043248] systemd[1]: Starting Create System Users...
[    4.049006] ppdev: user-space parallel port driver
[    4.058599] systemd[1]: Finished Load/Save Random Seed.
[    4.064174] systemd[1]: Finished Create System Users.
[    4.064945] systemd[1]: Starting Create Static Device Nodes in /dev...
[    4.098574] systemd[1]: Finished Create Static Device Nodes in /dev.
[    4.099436] systemd[1]: Starting udev Kernel Device Manager...
[    4.125423] systemd[1]: Finished udev Coldplug all Devices.
[    4.128279] [drm] DMA map mode: Caching DMA mappings.
[    4.128375] [drm] Capabilities:
[    4.128375] [drm]   Rect copy.
[    4.128376] [drm]   Cursor.
[    4.128376] [drm]   Cursor bypass.
[    4.128376] [drm]   Cursor bypass 2.
[    4.128377] [drm]   Alpha cursor.
[    4.128377] [drm]   Extended Fifo.
[    4.128377] [drm]   Pitchlock.
[    4.128378] [drm]   Irq mask.
[    4.128378] [drm]   GMR.
[    4.128378] [drm]   Traces.
[    4.128379] [drm]   GMR2.
[    4.128379] [drm]   Screen Object 2.
[    4.128379] [drm]   Command Buffers.
[    4.128380] [drm]   Command Buffers 2.
[    4.128380] [drm]   Guest Backed Resources.
[    4.128381] [drm] Max GMR ids is 8192
[    4.128382] [drm] Max number of GMR pages is 1048576
[    4.128382] [drm] Max dedicated hypervisor surface memory is 393216 kiB
[    4.128383] [drm] Maximum display memory size is 131072 kiB
[    4.128384] [drm] VRAM at 0xe0000000 size is 131072 kiB
[    4.128384] [drm] MMIO at 0xf0000000 size is 2048 kiB
[    4.129474] [TTM] Zone  kernel: Available graphics memory: 1011738 KiB
[    4.129475] [TTM] Initializing pool allocator
[    4.129479] [TTM] Initializing DMA pool allocator
[    4.129561] [drm] Supports vblank timestamp caching Rev 2 (21.10.2013).
[    4.129561] [drm] No driver support for vblank timestamp query.
[    4.130503] [drm] Screen Target Display device initialized
[    4.130710] [drm] width 720
[    4.130719] [drm] height 400
[    4.130723] [drm] bpp 32
[    4.131257] [drm] Fifo max 0x00200000 min 0x00001000 cap 0x00000355
[    4.132845] [drm] Using command buffers with DMA pool.
[    4.132849] [drm] DX: no.
[    4.132850] [drm] Atomic: yes.
[    4.132850] [drm] SM4_1: no.
[    4.132871] [drm:vmw_host_log [vmwgfx]] *ERROR* Failed to send host log message.
[    4.133749] [drm:vmw_host_log [vmwgfx]] *ERROR* Failed to send host log message.
[    4.175759] fbcon: svgadrmfb (fb0) is primary device
[    4.178486] Console: switching to colour frame buffer device 100x37
[    4.182963] [drm] Initialized vmwgfx 2.15.0 20180704 for 0000:00:02.0 on minor 0
[    4.184043] systemd[1]: Finished Load Kernel Modules.
[    4.184965] systemd[1]: Mounting FUSE Control File System...
[    4.187885] systemd[1]: Mounting Kernel Configuration File System...
[    4.217089] systemd[1]: Starting Apply Kernel Variables...
[    4.226371] systemd[1]: Finished Set the console keyboard layout.
[    4.227097] systemd[1]: Mounted FUSE Control File System.
[    4.227415] systemd[1]: Reached target Local File Systems (Pre).
[    4.227445] systemd[1]: Condition check resulted in VMware vmblock fuse mount being skipped.
[    4.232733] systemd[1]: Mounting Mount unit for bare, revision 5...
[    4.236618] systemd[1]: Mounting Mount unit for core18, revision 1705...
[    4.250840] systemd[1]: Mounting Mount unit for gnome-3-34-1804, revision 24...
[    4.252396] systemd[1]: Mounting Mount unit for gtk-common-themes, revision 1506...
[    4.261894] systemd[1]: Mounting Mount unit for gtk-common-themes, revision 1535...
[    4.283922] systemd[1]: Mounting Mount unit for snap-store, revision 433...
[    4.291979] systemd[1]: Mounting Mount unit for snapd, revision 7264...
[    4.293167] systemd[1]: Mounted Kernel Configuration File System.
[    4.302942] systemd[1]: Finished Apply Kernel Variables.
[    4.303994] systemd[1]: Mounted Mount unit for bare, revision 5.
[    4.313236] systemd[1]: Mounted Mount unit for core18, revision 1705.
[    4.320633] systemd[1]: Started udev Kernel Device Manager.
[    4.321434] systemd[1]: Starting Show Plymouth Boot Screen...
[    4.332090] systemd[1]: Received SIGRTMIN+20 from PID 281 (plymouthd).
[    4.355120] systemd[1]: Started Show Plymouth Boot Screen.
[    4.355362] systemd[1]: Condition check resulted in Dispatch Password Requests to Console Directory Watch being skipped.
[    4.355481] systemd[1]: Started Forward Password Requests to Plymouth Directory Watch.
[    4.355566] systemd[1]: Reached target Local Encrypted Volumes.
[    4.356609] systemd[1]: Mounted Mount unit for gtk-common-themes, revision 1535.
[    4.425902] systemd[1]: Mounted Mount unit for gnome-3-34-1804, revision 24.
[    4.426176] systemd[1]: Mounted Mount unit for gtk-common-themes, revision 1506.
[    4.426359] systemd[1]: Mounted Mount unit for snap-store, revision 433.
[    4.426532] systemd[1]: Mounted Mount unit for snapd, revision 7264.
[    4.426675] systemd[1]: Reached target Local File Systems.
[    4.429165] systemd[1]: Starting Load AppArmor profiles...
[    4.431490] systemd[1]: Starting Set console font and keymap...
[    4.440877] systemd[1]: Starting Tell Plymouth To Write Out Runtime Data...
[    4.443772] systemd[1]: Condition check resulted in Store a System Token in an EFI Variable being skipped.
[    4.443815] systemd[1]: Condition check resulted in Commit a transient machine-id on disk being skipped.
[    4.448699] systemd[1]: Finished Set console font and keymap.
[    4.455292] systemd[1]: Received SIGRTMIN+20 from PID 281 (plymouthd).
[    4.456404] systemd[1]: plymouth-read-write.service: Succeeded.
[    4.456671] systemd[1]: Finished Tell Plymouth To Write Out Runtime Data.
[    4.481219] audit: type=1400 audit(1768166775.336:2): apparmor="STATUS" operation="profile_load" profile="unconfined" name="nvidia_modprobe" pid=300 comm="apparmor_parser"
[    4.481222] audit: type=1400 audit(1768166775.336:3): apparmor="STATUS" operation="profile_load" profile="unconfined" name="nvidia_modprobe//kmod" pid=300 comm="apparmor_parser"
[    4.487982] audit: type=1400 audit(1768166775.344:4): apparmor="STATUS" operation="profile_load" profile="unconfined" name="/usr/sbin/tcpdump" pid=301 comm="apparmor_parser"
[    4.540428] audit: type=1400 audit(1768166775.392:5): apparmor="STATUS" operation="profile_load" profile="unconfined" name="/usr/bin/evince" pid=303 comm="apparmor_parser"
[    4.540430] audit: type=1400 audit(1768166775.392:6): apparmor="STATUS" operation="profile_load" profile="unconfined" name="/usr/bin/evince//sanitized_helper" pid=303 comm="apparmor_parser"
[    4.540431] audit: type=1400 audit(1768166775.392:7): apparmor="STATUS" operation="profile_load" profile="unconfined" name="/usr/bin/evince-previewer" pid=303 comm="apparmor_parser"
[    4.540433] audit: type=1400 audit(1768166775.392:8): apparmor="STATUS" operation="profile_load" profile="unconfined" name="/usr/bin/evince-previewer//sanitized_helper" pid=303 comm="apparmor_parser"
[    4.540434] audit: type=1400 audit(1768166775.392:9): apparmor="STATUS" operation="profile_load" profile="unconfined" name="/usr/bin/evince-thumbnailer" pid=303 comm="apparmor_parser"
[    4.551415] audit: type=1400 audit(1768166775.404:10): apparmor="STATUS" operation="profile_load" profile="unconfined" name="/usr/lib/cups/backend/cups-pdf" pid=304 comm="apparmor_parser"
[    4.712167] systemd[1]: Finished Load AppArmor profiles.
[    4.713141] systemd[1]: Starting Load AppArmor profiles managed internally by snapd...
[    4.769716] systemd[1]: Finished Load AppArmor profiles managed internally by snapd.
[    5.210067] systemd[1]: Started Journal Service.
[    5.219812] systemd-journald[229]: Received client request to flush runtime journal.
[    5.223282] systemd-journald[229]: File /var/log/journal/c455b248004a419c87ce85eea238d727/system.journal corrupted or uncleanly shut down, renaming and replacing.
[    6.649800] RAPL PMU: API unit is 2^-32 Joules, 0 fixed counters, 10737418240 ms ovfl timer
[    6.733050] cryptd: max_cpu_qlen set to 1000
[    6.795515] AVX2 version of gcm_enc/dec engaged.
[    6.795516] AES CTR mode by8 optimization enabled
[    8.132689] Adding 1998844k swap on /dev/sda1.  Priority:-2 extents:1 across:1998844k FS
[    9.248119] kauditd_printk_skb: 30 callbacks suppressed
[    9.248121] audit: type=1400 audit(1768166780.108:41): apparmor="DENIED" operation="capable" profile="/usr/sbin/cups-browsed" pid=496 comm="cups-browsed" capability=23  capname="sys_nice"
[   10.578157] pcnet32 0000:00:03.0 enp0s3: link up, 100Mbps, full-duplex
[   10.594842] pcnet32 0000:00:08.0 enp0s8: link up, 100Mbps, full-duplex
[   10.625633] e1000: enp0s9 NIC Link is Up 1000 Mbps Full Duplex, Flow Control: RX
[   10.625951] IPv6: ADDRCONF(NETDEV_CHANGE): enp0s9: link becomes ready
[   11.371468] device enp0s3 entered promiscuous mode
[   11.375364] device enp0s8 entered promiscuous mode
[   11.425558] audit: type=1400 audit(1768166782.280:42): apparmor="DENIED" operation="open" profile="/usr/sbin/tcpdump" name="/proc/sys/kernel/random/boot_id" pid=637 comm="tcpdump" requested_mask="r" denied_mask="r" fsuid=0 ouid=0
[   11.425944] audit: type=1400 audit(1768166782.280:43): apparmor="DENIED" operation="open" profile="/usr/sbin/tcpdump" name="/proc/sys/kernel/random/boot_id" pid=636 comm="tcpdump" requested_mask="r" denied_mask="r" fsuid=0 ouid=0
[   11.426527] audit: type=1400 audit(1768166782.280:44): apparmor="DENIED" operation="open" profile="/usr/sbin/tcpdump" name="/proc/sys/kernel/random/boot_id" pid=637 comm="tcpdump" requested_mask="r" denied_mask="r" fsuid=0 ouid=0
[   11.426668] audit: type=1400 audit(1768166782.280:45): apparmor="DENIED" operation="open" profile="/usr/sbin/tcpdump" name="/proc/sys/kernel/random/boot_id" pid=637 comm="tcpdump" requested_mask="r" denied_mask="r" fsuid=0 ouid=0
[   11.426725] audit: type=1400 audit(1768166782.280:46): apparmor="DENIED" operation="open" profile="/usr/sbin/tcpdump" name="/proc/sys/kernel/random/boot_id" pid=636 comm="tcpdump" requested_mask="r" denied_mask="r" fsuid=0 ouid=0
[   11.426768] audit: type=1400 audit(1768166782.280:47): apparmor="DENIED" operation="open" profile="/usr/sbin/tcpdump" name="/proc/sys/kernel/random/boot_id" pid=636 comm="tcpdump" requested_mask="r" denied_mask="r" fsuid=0 ouid=0
[   11.427466] audit: type=1400 audit(1768166782.288:48): apparmor="DENIED" operation="open" profile="/usr/sbin/tcpdump" name="/proc/sys/kernel/random/boot_id" pid=637 comm="tcpdump" requested_mask="r" denied_mask="r" fsuid=0 ouid=0
[   11.427542] audit: type=1400 audit(1768166782.288:49): apparmor="DENIED" operation="open" profile="/usr/sbin/tcpdump" name="/proc/sys/kernel/random/boot_id" pid=636 comm="tcpdump" requested_mask="r" denied_mask="r" fsuid=0 ouid=0
[   11.440174] audit: type=1400 audit(1768166782.300:50): apparmor="DENIED" operation="open" profile="/usr/sbin/tcpdump" name="/proc/sys/kernel/random/boot_id" pid=639 comm="tcpdump" requested_mask="r" denied_mask="r" fsuid=0 ouid=0
[   16.195462] rfkill: input handler disabled
[  274.952424] AAAAA-TCP_FORW: name:enp0s8: saddr:100932208: daddr:16783984
[  275.121581] AAAAA-TCP_FORW: name:enp0s8: saddr:100932208: daddr:33561200
[  275.275709] AAAAA-TCP_FORW: name:enp0s3: saddr:33561200: daddr:100932208
[  275.345408] AAAAA-TCP_FORW: name:enp0s8: saddr:100932208: daddr:16783984
[  275.346566] AAAAA-TCP_FORW: name:enp0s3: saddr:16783984: daddr:100932208
[  275.431941] AAAAA-TCP_FORW: name:enp0s8: saddr:100932208: daddr:33561200
[  275.433277] AAAAA-TCP_FORW: name:enp0s3: saddr:33561200: daddr:100932208
[  275.530884] AAAAA-TCP_FORW: name:enp0s8: saddr:100932208: daddr:16783984
[  275.532224] AAAAA-TCP_FORW: name:enp0s3: saddr:16783984: daddr:100932208
[  275.714358] AAAAA-TCP_FORW: name:enp0s3: saddr:33561200: daddr:100932208
[  275.826855] AAAAA-TCP_FORW: name:enp0s8: saddr:100932208: daddr:16783984
[  275.828113] AAAAA-TCP_FORW: name:enp0s3: saddr:16783984: daddr:100932208
[  275.872289] AAAAA-TCP_FORW: name:enp0s3: saddr:33561200: daddr:100932208
[  276.014016] AAAAA-TCP_FORW: name:enp0s3: saddr:33561200: daddr:100932208
[  276.034266] AAAAA-TCP_FORW: name:enp0s8: saddr:100932208: daddr:33561200
[  276.035548] AAAAA-TCP_FORW: name:enp0s3: saddr:33561200: daddr:100932208
[  276.501831] AAAAA-TCP_FORW: name:enp0s8: saddr:100932208: daddr:16783984
[  276.503207] AAAAA-TCP_FORW: name:enp0s3: saddr:16783984: daddr:100932208
[  276.643310] AAAAA-TCP_FORW: name:enp0s8: saddr:100932208: daddr:16783984
[  276.644677] AAAAA-TCP_FORW: name:enp0s3: saddr:16783984: daddr:100932208
[  276.731387] AAAAA-TCP_FORW: name:enp0s8: saddr:100932208: daddr:16783984
[  276.732705] AAAAA-TCP_FORW: name:enp0s3: saddr:16783984: daddr:100932208
[  276.945462] AAAAA-TCP_FORW: name:enp0s8: saddr:100932208: daddr:33561200
[  276.946874] AAAAA-TCP_FORW: name:enp0s3: saddr:33561200: daddr:100932208
[  276.984330] AAAAA-TCP_FORW: name:enp0s3: saddr:33561200: daddr:100932208
[  277.078974] AAAAA-TCP_FORW: name:enp0s3: saddr:33561200: daddr:100932208
[  277.155821] AAAAA-TCP_FORW: name:enp0s3: saddr:33561200: daddr:100932208
[  277.205432] AAAAA-TCP_FORW: name:enp0s8: saddr:100932208: daddr:16783984
[  277.206923] AAAAA-TCP_FORW: name:enp0s3: saddr:16783984: daddr:100932208
[  277.259297] AAAAA-TCP_FORW: name:enp0s3: saddr:33561200: daddr:100932208
[  277.325266] AAAAA-TCP_FORW: name:enp0s3: saddr:33561200: daddr:100932208
[  277.476312] AAAAA-TCP_FORW: name:enp0s8: saddr:100932208: daddr:16783984
[  277.477623] AAAAA-TCP_FORW: name:enp0s3: saddr:16783984: daddr:100932208
[  277.701289] AAAAA-TCP_FORW: name:enp0s3: saddr:33561200: daddr:100932208
[  277.796841] AAAAA-TCP_FORW: name:enp0s3: saddr:33561200: daddr:100932208
[  277.867296] AAAAA-TCP_FORW: name:enp0s8: saddr:100932208: daddr:33561200
[  277.868608] AAAAA-TCP_FORW: name:enp0s3: saddr:33561200: daddr:100932208
[  279.468226] AAAAA-TCP_FORW: name:enp0s8: saddr:100932208: daddr:33561200
[  279.469964] AAAAA-TCP_FORW: name:enp0s3: saddr:33561200: daddr:100932208
[  279.517780] AAAAA-TCP_FORW: name:enp0s3: saddr:33561200: daddr:100932208
[  279.931399] AAAAA-TCP_FORW: name:enp0s8: saddr:100932208: daddr:33561200
[  279.933044] AAAAA-TCP_FORW: name:enp0s3: saddr:33561200: daddr:100932208
[  280.988957] AAAAA-TCP_FORW: name:enp0s8: saddr:100932208: daddr:33561200
[  281.139049] AAAAA-TCP_FORW: name:enp0s8: saddr:100932208: daddr:33561200
[  281.334326] AAAAA-TCP_FORW: name:enp0s8: saddr:100932208: daddr:33561200
[  281.678769] AAAAA-TCP_FORW: name:enp0s8: saddr:100932208: daddr:33561200
[  464.601491] rfkill: input handler enabled
[  473.536197] rfkill: input handler disabled
[  699.805744] device enp0s3 left promiscuous mode
[  699.808272] device enp0s8 left promiscuous mode
