[    0.000000] Linux version 5.4.243-mptcp (root@ztg) (gcc version 12.2.0 (Debian 12.2.0-14+deb12u1)) #53 SMP Wed Dec 24 23:28:15 CST 2025
[    0.000000] Command line: BOOT_IMAGE=/boot/vmlinuz-5.4.243-mptcp root=UUID=98415a12-53b7-4144-8265-0f7ece09e445 ro quiet splash
[    0.000000] KERNEL supported cpus:
[    0.000000]   Intel GenuineIntel
[    0.000000]   AMD AuthenticAMD
[    0.000000]   Hygon HygonGenuine
[    0.000000]   Centaur CentaurHauls
[    0.000000]   zhaoxin   Shanghai  
[    0.000000] x86/fpu: Supporting XSAVE feature 0x001: 'x87 floating point registers'
[    0.000000] x86/fpu: Supporting XSAVE feature 0x002: 'SSE registers'
[    0.000000] x86/fpu: Supporting XSAVE feature 0x004: 'AVX registers'
[    0.000000] x86/fpu: xstate_offset[2]:  576, xstate_sizes[2]:  256
[    0.000000] x86/fpu: Enabled xstate features 0x7, context size is 832 bytes, using 'standard' format.
[    0.000000] BIOS-provided physical RAM map:
[    0.000000] BIOS-e820: [mem 0x0000000000000000-0x000000000009fbff] usable
[    0.000000] BIOS-e820: [mem 0x000000000009fc00-0x000000000009ffff] reserved
[    0.000000] BIOS-e820: [mem 0x00000000000f0000-0x00000000000fffff] reserved
[    0.000000] BIOS-e820: [mem 0x0000000000100000-0x000000007ffeffff] usable
[    0.000000] BIOS-e820: [mem 0x000000007fff0000-0x000000007fffffff] ACPI data
[    0.000000] BIOS-e820: [mem 0x00000000fec00000-0x00000000fec00fff] reserved
[    0.000000] BIOS-e820: [mem 0x00000000fee00000-0x00000000fee00fff] reserved
[    0.000000] BIOS-e820: [mem 0x00000000fffc0000-0x00000000ffffffff] reserved
[    0.000000] NX (Execute Disable) protection: active
[    0.000000] SMBIOS 2.5 present.
[    0.000000] DMI: innotek GmbH VirtualBox/VirtualBox, BIOS VirtualBox 12/01/2006
[    0.000000] Hypervisor detected: KVM
[    0.000000] kvm-clock: Using msrs 4b564d01 and 4b564d00
[    0.000000] kvm-clock: cpu 0, msr 79e01001, primary cpu clock
[    0.000000] kvm-clock: using sched offset of 4445092773 cycles
[    0.000002] clocksource: kvm-clock: mask: 0xffffffffffffffff max_cycles: 0x1cd42e4dffb, max_idle_ns: 881590591483 ns
[    0.000005] tsc: Detected 2100.000 MHz processor
[    0.001890] e820: update [mem 0x00000000-0x00000fff] usable ==> reserved
[    0.001892] e820: remove [mem 0x000a0000-0x000fffff] usable
[    0.001896] last_pfn = 0x7fff0 max_arch_pfn = 0x400000000
[    0.001964] MTRR default type: uncachable
[    0.001964] MTRR fixed ranges enabled:
[    0.001966]   00000-9FFFF write-back
[    0.001966]   A0000-BFFFF uncachable
[    0.001967]   C0000-FFFFF write-protect
[    0.001968] MTRR variable ranges enabled:
[    0.001969]   0 base 000000000000 mask 3FFF80000000 write-back
[    0.001970]   1 disabled
[    0.001970]   2 disabled
[    0.001971]   3 disabled
[    0.001971]   4 disabled
[    0.001972]   5 disabled
[    0.001972]   6 disabled
[    0.001972]   7 disabled
[    0.001973]   8 disabled
[    0.001973]   9 disabled
[    0.001974]   10 disabled
[    0.001974]   11 disabled
[    0.001975]   12 disabled
[    0.001975]   13 disabled
[    0.001976]   14 disabled
[    0.001976]   15 disabled
[    0.001993] x86/PAT: Configuration [0-7]: WB  WC  UC- UC  WB  WP  UC- WT  
[    0.002125] found SMP MP-table at [mem 0x0009fff0-0x0009ffff]
[    0.094693] check: Scanning 1 areas for low memory corruption
[    0.094849] RAMDISK: [mem 0x32271000-0x3512ffff]
[    0.094857] ACPI: Early table checksum verification disabled
[    0.094862] ACPI: RSDP 0x00000000000E0000 000024 (v02 VBOX  )
[    0.094867] ACPI: XSDT 0x000000007FFF0030 00003C (v01 VBOX   VBOXXSDT 00000001 ASL  00000061)
[    0.094873] ACPI: FACP 0x000000007FFF00F0 0000F4 (v04 VBOX   VBOXFACP 00000001 ASL  00000061)
[    0.094880] ACPI: DSDT 0x000000007FFF02E0 002353 (v02 VBOX   VBOXBIOS 00000002 VBOX 00029BF3)
[    0.094884] ACPI: FACS 0x000000007FFF0200 000040
[    0.094887] ACPI: FACS 0x000000007FFF0200 000040
[    0.094890] ACPI: APIC 0x000000007FFF0240 000054 (v02 VBOX   VBOXAPIC 00000001 ASL  00000061)
[    0.094894] ACPI: SSDT 0x000000007FFF02A0 000038 (v01 VBOX   VBOXCPUT 00000002 VBOX 00029BF3)
[    0.094897] ACPI: Reserving FACP table memory at [mem 0x7fff00f0-0x7fff01e3]
[    0.094898] ACPI: Reserving DSDT table memory at [mem 0x7fff02e0-0x7fff2632]
[    0.094899] ACPI: Reserving FACS table memory at [mem 0x7fff0200-0x7fff023f]
[    0.094900] ACPI: Reserving FACS table memory at [mem 0x7fff0200-0x7fff023f]
[    0.094900] ACPI: Reserving APIC table memory at [mem 0x7fff0240-0x7fff0293]
[    0.094901] ACPI: Reserving SSDT table memory at [mem 0x7fff02a0-0x7fff02d7]
[    0.094915] ACPI: Local APIC address 0xfee00000
[    0.095104] No NUMA configuration found
[    0.095105] Faking a node at [mem 0x0000000000000000-0x000000007ffeffff]
[    0.095115] NODE_DATA(0) allocated [mem 0x7ffc5000-0x7ffeffff]
[    0.095376] Zone ranges:
[    0.095377]   DMA      [mem 0x0000000000001000-0x0000000000ffffff]
[    0.095378]   DMA32    [mem 0x0000000001000000-0x000000007ffeffff]
[    0.095379]   Normal   empty
[    0.095380]   Device   empty
[    0.095381] Movable zone start for each node
[    0.095382] Early memory node ranges
[    0.095383]   node   0: [mem 0x0000000000001000-0x000000000009efff]
[    0.095384]   node   0: [mem 0x0000000000100000-0x000000007ffeffff]
[    0.095388] Zeroed struct page in unavailable ranges: 114 pages
[    0.095389] Initmem setup node 0 [mem 0x0000000000001000-0x000000007ffeffff]
[    0.095390] On node 0 totalpages: 524174
[    0.095391]   DMA zone: 64 pages used for memmap
[    0.095391]   DMA zone: 21 pages reserved
[    0.095392]   DMA zone: 3998 pages, LIFO batch:0
[    0.095463]   DMA32 zone: 8128 pages used for memmap
[    0.095463]   DMA32 zone: 520176 pages, LIFO batch:63
[    0.104414] ACPI: PM-Timer IO Port: 0x4008
[    0.104417] ACPI: Local APIC address 0xfee00000
[    0.104488] IOAPIC[0]: apic_id 1, version 32, address 0xfec00000, GSI 0-23
[    0.104491] ACPI: INT_SRC_OVR (bus 0 bus_irq 0 global_irq 2 dfl dfl)
[    0.104493] ACPI: INT_SRC_OVR (bus 0 bus_irq 9 global_irq 9 low level)
[    0.104495] ACPI: IRQ0 used by override.
[    0.104496] ACPI: IRQ9 used by override.
[    0.104499] Using ACPI (MADT) for SMP configuration information
[    0.104505] smpboot: Allowing 1 CPUs, 0 hotplug CPUs
[    0.104528] PM: Registered nosave memory: [mem 0x00000000-0x00000fff]
[    0.104529] PM: Registered nosave memory: [mem 0x0009f000-0x0009ffff]
[    0.104530] PM: Registered nosave memory: [mem 0x000a0000-0x000effff]
[    0.104530] PM: Registered nosave memory: [mem 0x000f0000-0x000fffff]
[    0.104532] [mem 0x80000000-0xfebfffff] available for PCI devices
[    0.104532] Booting paravirtualized kernel on KVM
[    0.104536] clocksource: refined-jiffies: mask: 0xffffffff max_cycles: 0xffffffff, max_idle_ns: 7645519600211568 ns
[    0.104540] setup_percpu: NR_CPUS:8192 nr_cpumask_bits:1 nr_cpu_ids:1 nr_node_ids:1
[    0.105539] percpu: Embedded 60 pages/cpu s208896 r8192 d28672 u2097152
[    0.105544] pcpu-alloc: s208896 r8192 d28672 u2097152 alloc=1*2097152
[    0.105545] pcpu-alloc: [0] 0 
[    0.105573] Built 1 zonelists, mobility grouping on.  Total pages: 515961
[    0.105574] Policy zone: DMA32
[    0.105575] Kernel command line: BOOT_IMAGE=/boot/vmlinuz-5.4.243-mptcp root=UUID=98415a12-53b7-4144-8265-0f7ece09e445 ro quiet splash
[    0.106413] Dentry cache hash table entries: 262144 (order: 9, 2097152 bytes, linear)
[    0.106560] Inode-cache hash table entries: 131072 (order: 8, 1048576 bytes, linear)
[    0.106608] mem auto-init: stack:off, heap alloc:on, heap free:off
[    0.106612] Calgary: detecting Calgary via BIOS EBDA area
[    0.106613] Calgary: Unable to locate Rio Grande table in EBDA - bailing!
[    0.110635] Memory: 1967332K/2096696K available (14339K kernel code, 2398K rwdata, 4712K rodata, 2728K init, 17260K bss, 129364K reserved, 0K cma-reserved)
[    0.111550] SLUB: HWalign=64, Order=0-3, MinObjects=0, CPUs=1, Nodes=1
[    0.111568] ftrace: allocating 43186 entries in 169 pages
[    0.129746] rcu: Hierarchical RCU implementation.
[    0.129747] rcu: 	RCU restricting CPUs from NR_CPUS=8192 to nr_cpu_ids=1.
[    0.129748] 	Tasks RCU enabled.
[    0.129749] rcu: RCU calculated value of scheduler-enlistment delay is 25 jiffies.
[    0.129750] rcu: Adjusting geometry for rcu_fanout_leaf=16, nr_cpu_ids=1
[    0.132706] NR_IRQS: 524544, nr_irqs: 256, preallocated irqs: 16
[    0.132924] random: crng init done
[    0.142217] Console: colour VGA+ 80x25
[    0.142221] printk: console [tty0] enabled
[    0.142239] ACPI: Core revision 20190816
[    0.142335] APIC: Switch to symmetric I/O mode setup
[    0.142584] x2apic enabled
[    0.142823] Switched APIC routing to physical x2apic.
[    0.143964] ..TIMER: vector=0x30 apic1=0 pin1=2 apic2=-1 pin2=-1
[    0.143989] clocksource: tsc-early: mask: 0xffffffffffffffff max_cycles: 0x1e4530a99b6, max_idle_ns: 440795257976 ns
[    0.143994] Calibrating delay loop (skipped) preset value.. 4200.00 BogoMIPS (lpj=8400000)
[    0.143997] pid_max: default: 32768 minimum: 301
[    0.144025] LSM: Security Framework initializing
[    0.144035] Yama: becoming mindful.
[    0.144062] AppArmor: AppArmor initialized
[    0.144095] Mount-cache hash table entries: 4096 (order: 3, 32768 bytes, linear)
[    0.144100] Mountpoint-cache hash table entries: 4096 (order: 3, 32768 bytes, linear)
[    0.144110] *** VALIDATE tmpfs ***
[    0.144241] *** VALIDATE proc ***
[    0.144281] *** VALIDATE cgroup1 ***
[    0.144282] *** VALIDATE cgroup2 ***
[    0.144421] process: using mwait in idle threads
[    0.144426] Last level iTLB entries: 4KB 64, 2MB 8, 4MB 8
[    0.144427] Last level dTLB entries: 4KB 64, 2MB 0, 4MB 0, 1GB 4
[    0.144446] Spectre V1 : Mitigation: usercopy/swapgs barriers and __user pointer sanitization
[    0.144452] Spectre V2 : Mitigation: Retpolines
[    0.144452] Spectre V2 : Spectre v2 / SpectreRSB mitigation: Filling RSB on context switch
[    0.144453] Spectre V2 : Spectre v2 / SpectreRSB : Filling RSB on VMEXIT
[    0.144453] RETBleed: WARNING: Spectre v2 mitigation leaves CPU vulnerable to RETBleed attacks, data leaks possible!
[    0.144812] RETBleed: Vulnerable
[    0.144813] Speculative Store Bypass: Vulnerable
[    0.144817] TAA: Mitigation: TSX disabled
[    0.144818] MMIO Stale Data: Mitigation: Clear CPU buffers
[    0.149016] Freeing SMP alternatives memory: 40K
[    0.261383] smpboot: CPU0: Intel(R) Xeon(R) Silver 4216 CPU @ 2.10GHz (family: 0x6, model: 0x55, stepping: 0x7)
[    0.261525] Performance Events: unsupported p6 CPU model 85 no PMU driver, software events only.
[    0.261563] rcu: Hierarchical SRCU implementation.
[    0.262040] NMI watchdog: Perf NMI watchdog permanently disabled
[    0.262081] smp: Bringing up secondary CPUs ...
[    0.262082] smp: Brought up 1 node, 1 CPU
[    0.262083] smpboot: Max logical packages: 1
[    0.262085] smpboot: Total of 1 processors activated (4200.00 BogoMIPS)
[    0.263043] devtmpfs: initialized
[    0.263091] x86/mm: Memory block size: 128MB
[    0.263439] clocksource: jiffies: mask: 0xffffffff max_cycles: 0xffffffff, max_idle_ns: 7645041785100000 ns
[    0.263445] futex hash table entries: 256 (order: 2, 16384 bytes, linear)
[    0.263489] pinctrl core: initialized pinctrl subsystem
[    0.263592] PM: RTC time: 21:31:03, date: 2026-01-12
[    0.263699] NET: Registered protocol family 16
[    0.263774] audit: initializing netlink subsys (disabled)
[    0.263900] EISA bus registered
[    0.263902] cpuidle: using governor ladder
[    0.263902] cpuidle: using governor menu
[    0.263938] ACPI: bus type PCI registered
[    0.263940] acpiphp: ACPI Hot Plug PCI Controller Driver version: 0.5
[    0.263991] PCI: Using configuration type 1 for base access
[    0.264281] audit: type=2000 audit(1768224669.530:1): state=initialized audit_enabled=0 res=1
[    0.264360] HugeTLB registered 2.00 MiB page size, pre-allocated 0 pages
[    0.265171] ACPI: Added _OSI(Module Device)
[    0.265172] ACPI: Added _OSI(Processor Device)
[    0.265172] ACPI: Added _OSI(3.0 _SCP Extensions)
[    0.265173] ACPI: Added _OSI(Processor Aggregator Device)
[    0.265174] ACPI: Added _OSI(Linux-Dell-Video)
[    0.265175] ACPI: Added _OSI(Linux-Lenovo-NV-HDMI-Audio)
[    0.265176] ACPI: Added _OSI(Linux-HPI-Hybrid-Graphics)
[    0.267117] ACPI: 2 ACPI AML tables successfully acquired and loaded
[    0.268625] ACPI: Interpreter enabled
[    0.268635] ACPI: (supports S0 S5)
[    0.268636] ACPI: Using IOAPIC for interrupt routing
[    0.268840] PCI: Using host bridge windows from ACPI; if necessary, use "pci=nocrs" and report a bug
[    0.268946] ACPI: Enabled 2 GPEs in block 00 to 07
[    0.273746] ACPI: PCI Root Bridge [PCI0] (domain 0000 [bus 00-ff])
[    0.273751] acpi PNP0A03:00: _OSC: OS supports [ASPM ClockPM Segments MSI HPX-Type3]
[    0.274194] acpi PNP0A03:00: _OSC: not requesting OS control; OS requires [ExtendedConfig ASPM ClockPM MSI]
[    0.274202] acpi PNP0A03:00: fail to add MMCONFIG information, can't access extended PCI configuration space under this bridge.
[    0.274576] PCI host bridge to bus 0000:00
[    0.274578] pci_bus 0000:00: root bus resource [io  0x0000-0x0cf7 window]
[    0.274579] pci_bus 0000:00: root bus resource [io  0x0d00-0xffff window]
[    0.274580] pci_bus 0000:00: root bus resource [mem 0x000a0000-0x000bffff window]
[    0.274581] pci_bus 0000:00: root bus resource [mem 0x80000000-0xfdffffff window]
[    0.274583] pci_bus 0000:00: root bus resource [bus 00-ff]
[    0.274624] pci 0000:00:00.0: [8086:1237] type 00 class 0x060000
[    0.275578] pci 0000:00:01.0: [8086:7000] type 00 class 0x060100
[    0.276508] pci 0000:00:01.1: [8086:7111] type 00 class 0x01018a
[    0.276885] pci 0000:00:01.1: reg 0x20: [io  0xd000-0xd00f]
[    0.277044] pci 0000:00:01.1: legacy IDE quirk: reg 0x10: [io  0x01f0-0x01f7]
[    0.277045] pci 0000:00:01.1: legacy IDE quirk: reg 0x14: [io  0x03f6]
[    0.277046] pci 0000:00:01.1: legacy IDE quirk: reg 0x18: [io  0x0170-0x0177]
[    0.277047] pci 0000:00:01.1: legacy IDE quirk: reg 0x1c: [io  0x0376]
[    0.277581] pci 0000:00:02.0: [15ad:0405] type 00 class 0x030000
[    0.280068] pci 0000:00:02.0: reg 0x10: [io  0xd010-0xd01f]
[    0.282888] pci 0000:00:02.0: reg 0x14: [mem 0xe0000000-0xe7ffffff pref]
[    0.285845] pci 0000:00:02.0: reg 0x18: [mem 0xf0000000-0xf01fffff]
[    0.296681] pci 0000:00:03.0: [1022:2000] type 00 class 0x020000
[    0.297356] pci 0000:00:03.0: reg 0x10: [io  0xd020-0xd03f]
[    0.297962] pci 0000:00:03.0: reg 0x14: [mem 0xf0200000-0xf0200fff]
[    0.301389] pci 0000:00:04.0: [80ee:cafe] type 00 class 0x088000
[    0.302061] pci 0000:00:04.0: reg 0x10: [io  0xd040-0xd05f]
[    0.302670] pci 0000:00:04.0: reg 0x14: [mem 0xf0400000-0xf07fffff]
[    0.303288] pci 0000:00:04.0: reg 0x18: [mem 0xf0800000-0xf0803fff pref]
[    0.306504] pci 0000:00:07.0: [8086:7113] type 00 class 0x068000
[    0.308185] pci 0000:00:07.0: quirk: [io  0x4000-0x403f] claimed by PIIX4 ACPI
[    0.308195] pci 0000:00:07.0: quirk: [io  0x4100-0x410f] claimed by PIIX4 SMB
[    0.308808] pci 0000:00:08.0: [8086:100e] type 00 class 0x020000
[    0.309515] pci 0000:00:08.0: reg 0x10: [mem 0xf0820000-0xf083ffff]
[    0.310665] pci 0000:00:08.0: reg 0x18: [io  0xd060-0xd067]
[    0.313620] pci 0000:00:09.0: [8086:100e] type 00 class 0x020000
[    0.314328] pci 0000:00:09.0: reg 0x10: [mem 0xf0840000-0xf085ffff]
[    0.315541] pci 0000:00:09.0: reg 0x18: [io  0xd068-0xd06f]
[    0.325003] ACPI: PCI Interrupt Link [LNKA] (IRQs 5 9 10 *11)
[    0.325284] ACPI: PCI Interrupt Link [LNKB] (IRQs 5 9 *10 11)
[    0.325387] ACPI: PCI Interrupt Link [LNKC] (IRQs 5 *9 10 11)
[    0.325490] ACPI: PCI Interrupt Link [LNKD] (IRQs 5 9 10 *11)
[    0.325754] iommu: Default domain type: Translated 
[    0.325817] pci 0000:00:02.0: vgaarb: setting as boot VGA device
[    0.325819] pci 0000:00:02.0: vgaarb: VGA device added: decodes=io+mem,owns=io+mem,locks=none
[    0.325821] pci 0000:00:02.0: vgaarb: bridge control possible
[    0.325821] vgaarb: loaded
[    0.326034] SCSI subsystem initialized
[    0.326065] libata version 3.00 loaded.
[    0.326090] ACPI: bus type USB registered
[    0.326105] usbcore: registered new interface driver usbfs
[    0.326111] usbcore: registered new interface driver hub
[    0.326116] usbcore: registered new device driver usb
[    0.326144] pps_core: LinuxPPS API ver. 1 registered
[    0.326145] pps_core: Software ver. 5.3.6 - Copyright 2005-2007 Rodolfo Giometti <giometti@linux.it>
[    0.326147] PTP clock support registered
[    0.326183] EDAC MC: Ver: 3.0.0
[    0.328142] PCI: Using ACPI for IRQ routing
[    0.328144] PCI: pci_cache_line_size set to 64 bytes
[    0.328316] e820: reserve RAM buffer [mem 0x0009fc00-0x0009ffff]
[    0.328320] e820: reserve RAM buffer [mem 0x7fff0000-0x7fffffff]
[    0.329100] NetLabel: Initializing
[    0.329100] NetLabel:  domain hash size = 128
[    0.329101] NetLabel:  protocols = UNLABELED CIPSOv4 CALIPSO
[    0.329121] NetLabel:  unlabeled traffic allowed by default
[    0.330021] clocksource: Switched to clocksource kvm-clock
[    0.339176] *** VALIDATE bpf ***
[    0.339176] VFS: Disk quotas dquot_6.6.0
[    0.339176] VFS: Dquot-cache hash table entries: 512 (order 0, 4096 bytes)
[    0.339176] *** VALIDATE ramfs ***
[    0.339176] *** VALIDATE hugetlbfs ***
[    0.339176] AppArmor: AppArmor Filesystem Enabled
[    0.339176] pnp: PnP ACPI init
[    0.339176] pnp 00:00: Plug and Play ACPI device, IDs PNP0303 (active)
[    0.342695] pnp 00:01: Plug and Play ACPI device, IDs PNP0f03 (active)
[    0.343501] pnp: PnP ACPI: found 2 devices
[    0.344463] thermal_sys: Registered thermal governor 'fair_share'
[    0.344463] thermal_sys: Registered thermal governor 'bang_bang'
[    0.344464] thermal_sys: Registered thermal governor 'step_wise'
[    0.344465] thermal_sys: Registered thermal governor 'user_space'
[    0.344466] thermal_sys: Registered thermal governor 'power_allocator'
[    0.348977] clocksource: acpi_pm: mask: 0xffffff max_cycles: 0xffffff, max_idle_ns: 2085701024 ns
[    0.349018] pci_bus 0000:00: resource 4 [io  0x0000-0x0cf7 window]
[    0.349019] pci_bus 0000:00: resource 5 [io  0x0d00-0xffff window]
[    0.349021] pci_bus 0000:00: resource 6 [mem 0x000a0000-0x000bffff window]
[    0.349022] pci_bus 0000:00: resource 7 [mem 0x80000000-0xfdffffff window]
[    0.349081] NET: Registered protocol family 2
[    0.349155] IP idents hash table entries: 32768 (order: 6, 262144 bytes, linear)
[    0.349563] MPTCP tokens hash table entries: 8192 (order: 4, 65536 bytes, linear)
[    0.349583] MPTCP request tokens hash table entries: 8192 (order: 4, 65536 bytes, linear)
[    0.349607] default registered
[    0.349608] default registered
[    0.349608] MPTCP: Stable release v0.96
[    0.349613] tcp_listen_portaddr_hash hash table entries: 1024 (order: 2, 16384 bytes, linear)
[    0.349694] TCP established hash table entries: 16384 (order: 5, 131072 bytes, linear)
[    0.349761] TCP bind hash table entries: 16384 (order: 6, 262144 bytes, linear)
[    0.349786] TCP: Hash tables configured (established 16384 bind 16384)
[    0.350491] UDP hash table entries: 1024 (order: 3, 32768 bytes, linear)
[    0.350502] UDP-Lite hash table entries: 1024 (order: 3, 32768 bytes, linear)
[    0.350537] NET: Registered protocol family 1
[    0.350546] NET: Registered protocol family 44
[    0.350566] pci 0000:00:00.0: Limiting direct PCI/PCI transfers
[    0.350581] pci 0000:00:01.0: Activating ISA DMA hang workarounds
[    0.350636] pci 0000:00:02.0: Video device with shadowed ROM at [mem 0x000c0000-0x000dffff]
[    0.350701] PCI: CLS 0 bytes, default 64
[    0.350749] Trying to unpack rootfs image as initramfs...
[    0.520176] Freeing initrd memory: 47868K
[    0.520176] clocksource: tsc: mask: 0xffffffffffffffff max_cycles: 0x1e4530a99b6, max_idle_ns: 440795257976 ns
[    0.520176] clocksource: Switched to clocksource tsc
[    0.520176] platform rtc_cmos: registered platform RTC device (no PNP device found)
[    0.520176] check: Scanning for low memory corruption every 60 seconds
[    0.520176] Initialise system trusted keyrings
[    0.520176] Key type blacklist registered
[    0.520176] workingset: timestamp_bits=36 max_order=19 bucket_order=0
[    0.520176] zbud: loaded
[    0.520176] squashfs: version 4.0 (2009/01/31) Phillip Lougher
[    0.520176] fuse: init (API version 7.31)
[    0.520176] *** VALIDATE fuse ***
[    0.520176] *** VALIDATE fuse ***
[    0.520176] Platform Keyring initialized
[    0.520176] Key type asymmetric registered
[    0.520176] Asymmetric key parser 'x509' registered
[    0.520176] Block layer SCSI generic (bsg) driver version 0.4 loaded (major 244)
[    0.520176] io scheduler mq-deadline registered
[    0.520176] shpchp: Standard Hot Plug PCI Controller Driver version: 0.4
[    0.532867] ACPI: AC Adapter [AC] (on-line)
[    0.532913] input: Power Button as /devices/LNXSYSTM:00/LNXPWRBN:00/input/input0
[    0.532939] ACPI: Power Button [PWRF]
[    0.533013] input: Sleep Button as /devices/LNXSYSTM:00/LNXSLPBN:00/input/input1
[    0.533028] ACPI: Sleep Button [SLPF]
[    0.533257] Serial: 8250/16550 driver, 32 ports, IRQ sharing enabled
[    0.534412] Linux agpgart interface v0.103
[    0.623122] loop: module loaded
[    0.623273] ata_piix 0000:00:01.1: version 2.13
[    0.623673] scsi host0: ata_piix
[    0.623763] scsi host1: ata_piix
[    0.623789] ata1: PATA max UDMA/33 cmd 0x1f0 ctl 0x3f6 bmdma 0xd000 irq 14
[    0.623790] ata2: PATA max UDMA/33 cmd 0x170 ctl 0x376 bmdma 0xd008 irq 15
[    0.623871] tun: Universal TUN/TAP device driver, 1.6
[    0.624181] PPP generic driver version 2.4.2
[    0.624223] VFIO - User Level meta-driver version: 0.3
[    0.624460] ehci_hcd: USB 2.0 'Enhanced' Host Controller (EHCI) Driver
[    0.624464] ehci-pci: EHCI PCI platform driver
[    0.624480] ehci-platform: EHCI generic platform driver
[    0.624486] ohci_hcd: USB 1.1 'Open' Host Controller (OHCI) Driver
[    0.624487] ohci-pci: OHCI PCI platform driver
[    0.624494] ohci-platform: OHCI generic platform driver
[    0.624499] uhci_hcd: USB Universal Host Controller Interface driver
[    0.624564] i8042: PNP: PS/2 Controller [PNP0303:PS2K,PNP0f03:PS2M] at 0x60,0x64 irq 1,12
[    0.625004] serio: i8042 KBD port at 0x60,0x64 irq 1
[    0.625008] serio: i8042 AUX port at 0x60,0x64 irq 12
[    0.625094] mousedev: PS/2 mouse device common for all mice
[    0.625349] input: AT Translated Set 2 keyboard as /devices/platform/i8042/serio0/input/input2
[    0.625744] rtc_cmos rtc_cmos: registered as rtc0
[    0.625758] rtc_cmos rtc_cmos: alarms up to one day, 114 bytes nvram
[    0.625763] i2c /dev entries driver
[    0.625804] device-mapper: uevent: version 1.0.3
[    0.625847] device-mapper: ioctl: 4.41.0-ioctl (2019-09-16) initialised: dm-devel@redhat.com
[    0.625863] platform eisa.0: Probing EISA bus 0
[    0.625864] platform eisa.0: EISA: Cannot allocate resource for mainboard
[    0.625866] platform eisa.0: Cannot allocate resource for EISA slot 1
[    0.625867] platform eisa.0: Cannot allocate resource for EISA slot 2
[    0.625868] platform eisa.0: Cannot allocate resource for EISA slot 3
[    0.625869] platform eisa.0: Cannot allocate resource for EISA slot 4
[    0.625870] platform eisa.0: Cannot allocate resource for EISA slot 5
[    0.625870] platform eisa.0: Cannot allocate resource for EISA slot 6
[    0.625871] platform eisa.0: Cannot allocate resource for EISA slot 7
[    0.625872] platform eisa.0: Cannot allocate resource for EISA slot 8
[    0.625873] platform eisa.0: EISA: Detected 0 cards
[    0.625876] intel_pstate: CPU model not supported
[    0.625885] ledtrig-cpu: registered to indicate activity on CPUs
[    0.625953] drop_monitor: Initializing network drop monitor service
[    0.626112] NET: Registered protocol family 10
[    0.631236] Segment Routing with IPv6
[    0.631267] fullmesh registered
[    0.631268] ndiffports registered
[    0.631268] binder registered
[    0.631268] roundrobin registered
[    0.631268] redundant registered
[    0.631268] blest registered
[    0.631268] ecf registered
[    0.631268] NET: Registered protocol family 17
[    0.631268] Key type dns_resolver registered
[    0.631268] RAS: Correctable Errors collector initialized.
[    0.631268] IPI shorthand broadcast: enabled
[    0.631268] sched_clock: Marking stable (616190932, 11077714)->(628898884, -1630238)
[    0.631481] registered taskstats version 1
[    0.631490] Loading compiled-in X.509 certificates
[    0.632076] Loaded X.509 cert 'Build time autogenerated kernel key: 6909f3744cebb3d0de528d5887b96a727de79b1e'
[    0.632094] zswap: loaded using pool lzo/zbud
[    0.632147] Key type ._fscrypt registered
[    0.632148] Key type .fscrypt registered
[    0.636567] Key type big_key registered
[    0.638733] Key type encrypted registered
[    0.638735] AppArmor: AppArmor sha1 policy hashing enabled
[    0.638742] ima: No TPM chip found, activating TPM-bypass!
[    0.638746] ima: Allocated hash algorithm: sha1
[    0.638752] ima: No architecture policies found
[    0.638761] evm: Initialising EVM extended attributes:
[    0.638762] evm: security.selinux
[    0.638762] evm: security.SMACK64
[    0.638763] evm: security.SMACK64EXEC
[    0.638763] evm: security.SMACK64TRANSMUTE
[    0.638764] evm: security.SMACK64MMAP
[    0.638764] evm: security.apparmor
[    0.638765] evm: security.ima
[    0.638765] evm: security.capability
[    0.638766] evm: HMAC attrs: 0x1
[    0.639056] PM:   Magic number: 10:576:550
[    0.639065] tty ttyS26: hash matches
[    0.639086] acpi PNP0C0F:01: hash matches
[    0.639178] rtc_cmos rtc_cmos: setting system clock to 2026-01-12T21:31:04 UTC (1768253464)
[    0.795069] ata1.00: ATA-6: VBOX HARDDISK, 1.0, max UDMA/133
[    0.795071] ata1.00: 209715200 sectors, multi 128: LBA 
[    0.795585] scsi 0:0:0:0: Direct-Access     ATA      VBOX HARDDISK    1.0  PQ: 0 ANSI: 5
[    0.795819] sd 0:0:0:0: [sda] 209715200 512-byte logical blocks: (107 GB/100 GiB)
[    0.795827] sd 0:0:0:0: [sda] Write Protect is off
[    0.795828] sd 0:0:0:0: [sda] Mode Sense: 00 3a 00 00
[    0.795840] sd 0:0:0:0: [sda] Write cache: enabled, read cache: enabled, doesn't support DPO or FUA
[    0.796097] sd 0:0:0:0: Attached scsi generic sg0 type 0
[    0.796813]  sda: sda1 sda2
[    0.807209] sd 0:0:0:0: [sda] Attached SCSI disk
[    0.809170] Freeing unused decrypted memory: 2040K
[    0.809875] Freeing unused kernel image memory: 2728K
[    0.809877] Write protecting the kernel read-only data: 22528k
[    0.810575] Freeing unused kernel image memory: 2036K
[    0.810974] Freeing unused kernel image memory: 1432K
[    0.825833] x86/mm: Checked W+X mappings: passed, no W+X pages found.
[    0.825836] Run /init as init process
[    0.919982] ACPI: Video Device [GFX0] (multi-head: yes  rom: no  post: no)
[    0.920053] input: Video Bus as /devices/LNXSYSTM:00/LNXSYBUS:00/PNP0A03:00/LNXVIDEO:00/input/input4
[    0.931312] pcnet32: pcnet32.c:v1.35 21.Apr.2008 tsbogend@alpha.franken.de
[    0.932923] piix4_smbus 0000:00:07.0: SMBus Host Controller at 0x4100, revision 0
[    0.935437] e1000: Intel(R) PRO/1000 Network Driver - version 7.3.21-k8-NAPI
[    0.935438] e1000: Copyright (c) 1999-2006 Intel Corporation.
[    0.948630] pcnet32: PCnet/FAST III 79C973 at 0xd020, 08:00:27:ae:dc:99 assigned IRQ 19
[    0.948681] pcnet32: Found PHY 0022:561b at address 0
[    0.949022] pcnet32: eth0: registered as PCnet/FAST III 79C973
[    0.951497] pcnet32: 1 cards_found
[    1.016534] pcnet32 0000:00:03.0 enp0s3: renamed from eth0
[    1.153521] input: ImExPS/2 Generic Explorer Mouse as /devices/platform/i8042/serio1/input/input5
[    1.351339] e1000 0000:00:08.0 eth0: (PCI:33MHz:32-bit) 08:00:27:5f:b7:ba
[    1.351344] e1000 0000:00:08.0 eth0: Intel(R) PRO/1000 Network Connection
[    1.723386] e1000 0000:00:09.0 eth1: (PCI:33MHz:32-bit) 08:00:27:71:e4:4e
[    1.723389] e1000 0000:00:09.0 eth1: Intel(R) PRO/1000 Network Connection
[    1.724536] e1000 0000:00:09.0 enp0s9: renamed from eth1
[    1.726319] e1000 0000:00:08.0 enp0s8: renamed from eth0
[    1.884561] EXT4-fs (sda2): mounted filesystem with ordered data mode. Opts: (null)
[    1.974898] systemd[1]: Inserted module 'autofs4'
[    1.986232] systemd[1]: systemd 245.4-4ubuntu3 running in system mode. (+PAM +AUDIT +SELINUX +IMA +APPARMOR +SMACK +SYSVINIT +UTMP +LIBCRYPTSETUP +GCRYPT +GNUTLS +ACL +XZ +LZ4 +SECCOMP +BLKID +ELFUTILS +KMOD +IDN2 -IDN +PCRE2 default-hierarchy=hybrid)
[    1.986263] systemd[1]: Detected virtualization oracle.
[    1.986266] systemd[1]: Detected architecture x86-64.
[    1.987605] systemd[1]: Set hostname to <ztg>.
[    2.111389] systemd[1]: /lib/systemd/system/dbus.socket:5: ListenStream= references a path below legacy directory /var/run/, updating /var/run/dbus/system_bus_socket â†’ /run/dbus/system_bus_socket; please update the unit file accordingly.
[    2.163882] systemd[1]: Created slice system-modprobe.slice.
[    2.164065] systemd[1]: Created slice User and Session Slice.
[    2.164110] systemd[1]: Started Forward Password Requests to Wall Directory Watch.
[    2.164270] systemd[1]: Set up automount Arbitrary Executable File Formats File System Automount Point.
[    2.164301] systemd[1]: Reached target User and Group Name Lookups.
[    2.164310] systemd[1]: Reached target Remote File Systems.
[    2.164319] systemd[1]: Reached target Slices.
[    2.164867] systemd[1]: Listening on Syslog Socket.
[    2.164935] systemd[1]: Listening on fsck to fsckd communication Socket.
[    2.164973] systemd[1]: Listening on initctl Compatibility Named Pipe.
[    2.165108] systemd[1]: Listening on Journal Audit Socket.
[    2.165160] systemd[1]: Listening on Journal Socket (/dev/log).
[    2.165227] systemd[1]: Listening on Journal Socket.
[    2.165290] systemd[1]: Listening on udev Control Socket.
[    2.165330] systemd[1]: Listening on udev Kernel Socket.
[    2.166077] systemd[1]: Mounting Huge Pages File System...
[    2.167053] systemd[1]: Mounting POSIX Message Queue File System...
[    2.168062] systemd[1]: Mounting Kernel Debug File System...
[    2.169003] systemd[1]: Mounting Kernel Trace File System...
[    2.171465] systemd[1]: Starting Journal Service...
[    2.197106] systemd[1]: Starting Set the console keyboard layout...
[    2.205400] systemd[1]: Starting Create list of static device nodes for the current kernel...
[    2.206989] systemd[1]: Starting Load Kernel Module drm...
[    2.211836] systemd[1]: Condition check resulted in Set Up Additional Binary Formats being skipped.
[    2.211861] systemd[1]: Condition check resulted in File System Check on Root Device being skipped.
[    2.242810] systemd[1]: Starting Load Kernel Modules...
[    2.258490] systemd[1]: Starting Remount Root and Kernel File Systems...
[    2.267713] systemd[1]: Starting udev Coldplug all Devices...
[    2.278766] systemd[1]: Starting Uncomplicated firewall...
[    2.281085] systemd[1]: Mounted Huge Pages File System.
[    2.281173] systemd[1]: Mounted POSIX Message Queue File System.
[    2.281246] systemd[1]: Mounted Kernel Debug File System.
[    2.281312] systemd[1]: Mounted Kernel Trace File System.
[    2.281933] EXT4-fs (sda2): re-mounted. Opts: errors=remount-ro
[    2.288591] systemd[1]: Finished Create list of static device nodes for the current kernel.
[    2.289547] systemd[1]: modprobe@drm.service: Succeeded.
[    2.289909] systemd[1]: Finished Load Kernel Module drm.
[    2.296314] systemd[1]: Finished Remount Root and Kernel File Systems.
[    2.297186] systemd[1]: Finished Uncomplicated firewall.
[    2.298969] lp: driver loaded but no devices found
[    2.316342] systemd[1]: Condition check resulted in Rebuild Hardware Database being skipped.
[    2.316380] systemd[1]: Condition check resulted in Platform Persistent Storage Archival being skipped.
[    2.317011] systemd[1]: Starting Load/Save Random Seed...
[    2.322784] systemd[1]: Starting Create System Users...
[    2.330299] ppdev: user-space parallel port driver
[    2.337186] systemd[1]: Finished Load/Save Random Seed.
[    2.341403] systemd[1]: Finished Create System Users.
[    2.342115] systemd[1]: Starting Create Static Device Nodes in /dev...
[    2.393746] systemd[1]: Finished Create Static Device Nodes in /dev.
[    2.394550] systemd[1]: Starting udev Kernel Device Manager...
[    2.407707] systemd[1]: Finished udev Coldplug all Devices.
[    2.436489] [drm] DMA map mode: Caching DMA mappings.
[    2.436580] [drm] Capabilities:
[    2.436580] [drm]   Rect copy.
[    2.436581] [drm]   Cursor.
[    2.436581] [drm]   Cursor bypass.
[    2.436581] [drm]   Cursor bypass 2.
[    2.436582] [drm]   Alpha cursor.
[    2.436582] [drm]   Extended Fifo.
[    2.436582] [drm]   Pitchlock.
[    2.436583] [drm]   Irq mask.
[    2.436583] [drm]   GMR.
[    2.436583] [drm]   Traces.
[    2.436584] [drm]   GMR2.
[    2.436584] [drm]   Screen Object 2.
[    2.436584] [drm]   Command Buffers.
[    2.436585] [drm]   Command Buffers 2.
[    2.436585] [drm]   Guest Backed Resources.
[    2.436586] [drm] Max GMR ids is 8192
[    2.436587] [drm] Max number of GMR pages is 1048576
[    2.436587] [drm] Max dedicated hypervisor surface memory is 393216 kiB
[    2.436588] [drm] Maximum display memory size is 131072 kiB
[    2.436588] [drm] VRAM at 0xe0000000 size is 131072 kiB
[    2.436589] [drm] MMIO at 0xf0000000 size is 2048 kiB
[    2.437863] [TTM] Zone  kernel: Available graphics memory: 1011738 KiB
[    2.437863] [TTM] Initializing pool allocator
[    2.437866] [TTM] Initializing DMA pool allocator
[    2.437893] [drm] Supports vblank timestamp caching Rev 2 (21.10.2013).
[    2.437893] [drm] No driver support for vblank timestamp query.
[    2.438116] [drm] Screen Target Display device initialized
[    2.438317] [drm] width 720
[    2.438326] [drm] height 400
[    2.438329] [drm] bpp 32
[    2.438848] [drm] Fifo max 0x00200000 min 0x00001000 cap 0x00000355
[    2.442917] [drm] Using command buffers with DMA pool.
[    2.442921] [drm] DX: no.
[    2.442921] [drm] Atomic: yes.
[    2.442922] [drm] SM4_1: no.
[    2.442941] [drm:vmw_host_log [vmwgfx]] *ERROR* Failed to send host log message.
[    2.447295] [drm:vmw_host_log [vmwgfx]] *ERROR* Failed to send host log message.
[    2.459624] fbcon: svgadrmfb (fb0) is primary device
[    2.461727] Console: switching to colour frame buffer device 100x37
[    2.468451] [drm] Initialized vmwgfx 2.15.0 20180704 for 0000:00:02.0 on minor 0
[    2.469854] systemd[1]: Finished Load Kernel Modules.
[    2.470738] systemd[1]: Mounting FUSE Control File System...
[    2.475578] systemd[1]: Mounting Kernel Configuration File System...
[    2.480754] systemd[1]: Starting Apply Kernel Variables...
[    2.488603] systemd[1]: Finished Set the console keyboard layout.
[    2.489258] systemd[1]: Mounted FUSE Control File System.
[    2.489326] systemd[1]: Reached target Local File Systems (Pre).
[    2.489343] systemd[1]: Condition check resulted in VMware vmblock fuse mount being skipped.
[    2.497378] systemd[1]: Mounting Mount unit for bare, revision 5...
[    2.523927] systemd[1]: Mounting Mount unit for core18, revision 1705...
[    2.530706] systemd[1]: Mounting Mount unit for gnome-3-34-1804, revision 24...
[    2.539454] systemd[1]: Mounting Mount unit for gtk-common-themes, revision 1506...
[    2.541460] systemd[1]: Mounting Mount unit for gtk-common-themes, revision 1535...
[    2.548691] systemd[1]: Mounting Mount unit for snap-store, revision 433...
[    2.555522] systemd[1]: Mounting Mount unit for snapd, revision 7264...
[    2.556727] systemd[1]: Mounted Kernel Configuration File System.
[    2.581731] systemd[1]: Finished Apply Kernel Variables.
[    2.588626] systemd[1]: Started udev Kernel Device Manager.
[    2.589317] systemd[1]: Starting Show Plymouth Boot Screen...
[    2.596033] systemd[1]: Received SIGRTMIN+20 from PID 273 (plymouthd).
[    2.610241] systemd[1]: Mounted Mount unit for core18, revision 1705.
[    2.612025] systemd[1]: Started Show Plymouth Boot Screen.
[    2.612208] systemd[1]: Condition check resulted in Dispatch Password Requests to Console Directory Watch being skipped.
[    2.612286] systemd[1]: Started Forward Password Requests to Plymouth Directory Watch.
[    2.612361] systemd[1]: Reached target Local Encrypted Volumes.
[    2.642768] systemd[1]: Mounted Mount unit for bare, revision 5.
[    2.643021] systemd[1]: Mounted Mount unit for gnome-3-34-1804, revision 24.
[    2.659496] systemd[1]: Mounted Mount unit for gtk-common-themes, revision 1506.
[    2.695034] systemd[1]: Mounted Mount unit for gtk-common-themes, revision 1535.
[    2.695171] systemd[1]: Mounted Mount unit for snap-store, revision 433.
[    2.724651] systemd[1]: Mounted Mount unit for snapd, revision 7264.
[    2.724835] systemd[1]: Reached target Local File Systems.
[    2.725644] systemd[1]: Starting Load AppArmor profiles...
[    2.728489] systemd[1]: Starting Set console font and keymap...
[    2.739884] systemd[1]: Starting Tell Plymouth To Write Out Runtime Data...
[    2.743983] systemd[1]: Condition check resulted in Store a System Token in an EFI Variable being skipped.
[    2.744012] systemd[1]: Condition check resulted in Commit a transient machine-id on disk being skipped.
[    2.746123] systemd[1]: Finished Set console font and keymap.
[    2.753916] systemd[1]: Received SIGRTMIN+20 from PID 273 (plymouthd).
[    2.755632] systemd[1]: plymouth-read-write.service: Succeeded.
[    2.755858] systemd[1]: Finished Tell Plymouth To Write Out Runtime Data.
[    2.774280] audit: type=1400 audit(1768253466.628:2): apparmor="STATUS" operation="profile_load" profile="unconfined" name="nvidia_modprobe" pid=300 comm="apparmor_parser"
[    2.774282] audit: type=1400 audit(1768253466.628:3): apparmor="STATUS" operation="profile_load" profile="unconfined" name="nvidia_modprobe//kmod" pid=300 comm="apparmor_parser"
[    2.783822] audit: type=1400 audit(1768253466.640:4): apparmor="STATUS" operation="profile_load" profile="unconfined" name="/usr/sbin/tcpdump" pid=301 comm="apparmor_parser"
[    2.831813] audit: type=1400 audit(1768253466.684:5): apparmor="STATUS" operation="profile_load" profile="unconfined" name="/usr/bin/evince" pid=303 comm="apparmor_parser"
[    2.831816] audit: type=1400 audit(1768253466.684:6): apparmor="STATUS" operation="profile_load" profile="unconfined" name="/usr/bin/evince//sanitized_helper" pid=303 comm="apparmor_parser"
[    2.831818] audit: type=1400 audit(1768253466.684:7): apparmor="STATUS" operation="profile_load" profile="unconfined" name="/usr/bin/evince-previewer" pid=303 comm="apparmor_parser"
[    2.831820] audit: type=1400 audit(1768253466.684:8): apparmor="STATUS" operation="profile_load" profile="unconfined" name="/usr/bin/evince-previewer//sanitized_helper" pid=303 comm="apparmor_parser"
[    2.831821] audit: type=1400 audit(1768253466.684:9): apparmor="STATUS" operation="profile_load" profile="unconfined" name="/usr/bin/evince-thumbnailer" pid=303 comm="apparmor_parser"
[    2.866243] audit: type=1400 audit(1768253466.720:10): apparmor="STATUS" operation="profile_load" profile="unconfined" name="/usr/lib/cups/backend/cups-pdf" pid=304 comm="apparmor_parser"
[    2.928800] systemd[1]: Finished Load AppArmor profiles.
[    2.929903] systemd[1]: Starting Load AppArmor profiles managed internally by snapd...
[    2.997392] systemd[1]: Finished Load AppArmor profiles managed internally by snapd.
[    3.138691] systemd[1]: Started Journal Service.
[    3.147967] systemd-journald[229]: Received client request to flush runtime journal.
[    3.151676] systemd-journald[229]: File /var/log/journal/c455b248004a419c87ce85eea238d727/system.journal corrupted or uncleanly shut down, renaming and replacing.
[    4.404809] RAPL PMU: API unit is 2^-32 Joules, 0 fixed counters, 10737418240 ms ovfl timer
[    4.469208] cryptd: max_cpu_qlen set to 1000
[    4.528973] AVX2 version of gcm_enc/dec engaged.
[    4.528975] AES CTR mode by8 optimization enabled
[    5.311309] Adding 1998844k swap on /dev/sda1.  Priority:-2 extents:1 across:1998844k FS
[    6.101475] kauditd_printk_skb: 30 callbacks suppressed
[    6.101476] audit: type=1400 audit(1768253469.960:41): apparmor="DENIED" operation="capable" profile="/usr/sbin/cups-browsed" pid=496 comm="cups-browsed" capability=23  capname="sys_nice"
[    7.334611] pcnet32 0000:00:03.0 enp0s3: link up, 100Mbps, full-duplex
[    7.370639] e1000: enp0s8 NIC Link is Up 1000 Mbps Full Duplex, Flow Control: RX
[    7.370913] IPv6: ADDRCONF(NETDEV_CHANGE): enp0s8: link becomes ready
[    7.383191] e1000: enp0s9 NIC Link is Up 1000 Mbps Full Duplex, Flow Control: RX
[    7.383514] IPv6: ADDRCONF(NETDEV_CHANGE): enp0s9: link becomes ready
[    7.932275] device enp0s3 entered promiscuous mode
[    7.958687] audit: type=1400 audit(1768253471.808:42): apparmor="DENIED" operation="open" profile="/usr/sbin/tcpdump" name="/proc/sys/kernel/random/boot_id" pid=672 comm="tcpdump" requested_mask="r" denied_mask="r" fsuid=0 ouid=0
[    7.958926] audit: type=1400 audit(1768253471.808:43): apparmor="DENIED" operation="open" profile="/usr/sbin/tcpdump" name="/proc/sys/kernel/random/boot_id" pid=672 comm="tcpdump" requested_mask="r" denied_mask="r" fsuid=0 ouid=0
[    7.958970] audit: type=1400 audit(1768253471.808:44): apparmor="DENIED" operation="open" profile="/usr/sbin/tcpdump" name="/proc/sys/kernel/random/boot_id" pid=672 comm="tcpdump" requested_mask="r" denied_mask="r" fsuid=0 ouid=0
[    7.958989] audit: type=1400 audit(1768253471.808:45): apparmor="DENIED" operation="open" profile="/usr/sbin/tcpdump" name="/proc/sys/kernel/random/boot_id" pid=672 comm="tcpdump" requested_mask="r" denied_mask="r" fsuid=0 ouid=0
[    7.962844] audit: type=1400 audit(1768253471.820:46): apparmor="DENIED" operation="open" profile="/usr/sbin/tcpdump" name="/proc/sys/kernel/random/boot_id" pid=673 comm="tcpdump" requested_mask="r" denied_mask="r" fsuid=0 ouid=0
[    7.963055] audit: type=1400 audit(1768253471.820:47): apparmor="DENIED" operation="open" profile="/usr/sbin/tcpdump" name="/proc/sys/kernel/random/boot_id" pid=673 comm="tcpdump" requested_mask="r" denied_mask="r" fsuid=0 ouid=0
[    7.963096] audit: type=1400 audit(1768253471.820:48): apparmor="DENIED" operation="open" profile="/usr/sbin/tcpdump" name="/proc/sys/kernel/random/boot_id" pid=673 comm="tcpdump" requested_mask="r" denied_mask="r" fsuid=0 ouid=0
[    7.963148] audit: type=1400 audit(1768253471.820:49): apparmor="DENIED" operation="open" profile="/usr/sbin/tcpdump" name="/proc/sys/kernel/random/boot_id" pid=673 comm="tcpdump" requested_mask="r" denied_mask="r" fsuid=0 ouid=0
[   12.367324] rfkill: input handler disabled
[  126.058431] rfkill: input handler enabled
[  134.962300] rfkill: input handler disabled
[  327.961375] AAAAA-TCP_FORW: name:enp0s3: saddr:16783984: daddr:100932208
[  328.055765] AAAAA-TCP_FORW: name:enp0s3: saddr:16783984: daddr:100932208
[  471.029268] device enp0s3 left promiscuous mode
