[    0.000000] Linux version 5.4.243-mptcp (root@ztg) (gcc version 12.2.0 (Debian 12.2.0-14+deb12u1)) #53 SMP Wed Dec 24 23:28:15 CST 2025
[    0.000000] Command line: BOOT_IMAGE=/boot/vmlinuz-5.4.243-mptcp root=UUID=98415a12-53b7-4144-8265-0f7ece09e445 ro quiet splash
[    0.000000] KERNEL supported cpus:
[    0.000000]   Intel GenuineIntel
[    0.000000]   AMD AuthenticAMD
[    0.000000]   Hygon HygonGenuine
[    0.000000]   Centaur CentaurHauls
[    0.000000]   zhaoxin   Shanghai  
[    0.000000] x86/fpu: Supporting XSAVE feature 0x001: 'x87 floating point registers'
[    0.000000] x86/fpu: Supporting XSAVE feature 0x002: 'SSE registers'
[    0.000000] x86/fpu: Supporting XSAVE feature 0x004: 'AVX registers'
[    0.000000] x86/fpu: xstate_offset[2]:  576, xstate_sizes[2]:  256
[    0.000000] x86/fpu: Enabled xstate features 0x7, context size is 832 bytes, using 'standard' format.
[    0.000000] BIOS-provided physical RAM map:
[    0.000000] BIOS-e820: [mem 0x0000000000000000-0x000000000009fbff] usable
[    0.000000] BIOS-e820: [mem 0x000000000009fc00-0x000000000009ffff] reserved
[    0.000000] BIOS-e820: [mem 0x00000000000f0000-0x00000000000fffff] reserved
[    0.000000] BIOS-e820: [mem 0x0000000000100000-0x000000007ffeffff] usable
[    0.000000] BIOS-e820: [mem 0x000000007fff0000-0x000000007fffffff] ACPI data
[    0.000000] BIOS-e820: [mem 0x00000000fec00000-0x00000000fec00fff] reserved
[    0.000000] BIOS-e820: [mem 0x00000000fee00000-0x00000000fee00fff] reserved
[    0.000000] BIOS-e820: [mem 0x00000000fffc0000-0x00000000ffffffff] reserved
[    0.000000] NX (Execute Disable) protection: active
[    0.000000] SMBIOS 2.5 present.
[    0.000000] DMI: innotek GmbH VirtualBox/VirtualBox, BIOS VirtualBox 12/01/2006
[    0.000000] Hypervisor detected: KVM
[    0.000000] kvm-clock: Using msrs 4b564d01 and 4b564d00
[    0.000000] kvm-clock: cpu 0, msr 11401001, primary cpu clock
[    0.000000] kvm-clock: using sched offset of 4414951058 cycles
[    0.000003] clocksource: kvm-clock: mask: 0xffffffffffffffff max_cycles: 0x1cd42e4dffb, max_idle_ns: 881590591483 ns
[    0.000005] tsc: Detected 2100.000 MHz processor
[    0.001883] e820: update [mem 0x00000000-0x00000fff] usable ==> reserved
[    0.001885] e820: remove [mem 0x000a0000-0x000fffff] usable
[    0.001889] last_pfn = 0x7fff0 max_arch_pfn = 0x400000000
[    0.001955] MTRR default type: uncachable
[    0.001956] MTRR fixed ranges enabled:
[    0.001957]   00000-9FFFF write-back
[    0.001958]   A0000-BFFFF uncachable
[    0.001959]   C0000-FFFFF write-protect
[    0.001959] MTRR variable ranges enabled:
[    0.001961]   0 base 000000000000 mask 3FFF80000000 write-back
[    0.001961]   1 disabled
[    0.001962]   2 disabled
[    0.001962]   3 disabled
[    0.001963]   4 disabled
[    0.001963]   5 disabled
[    0.001964]   6 disabled
[    0.001964]   7 disabled
[    0.001964]   8 disabled
[    0.001965]   9 disabled
[    0.001965]   10 disabled
[    0.001966]   11 disabled
[    0.001966]   12 disabled
[    0.001967]   13 disabled
[    0.001967]   14 disabled
[    0.001967]   15 disabled
[    0.001984] x86/PAT: Configuration [0-7]: WB  WC  UC- UC  WB  WP  UC- WT  
[    0.002117] found SMP MP-table at [mem 0x0009fff0-0x0009ffff]
[    0.090107] check: Scanning 1 areas for low memory corruption
[    0.090373] RAMDISK: [mem 0x32271000-0x3512ffff]
[    0.090380] ACPI: Early table checksum verification disabled
[    0.090385] ACPI: RSDP 0x00000000000E0000 000024 (v02 VBOX  )
[    0.090389] ACPI: XSDT 0x000000007FFF0030 00003C (v01 VBOX   VBOXXSDT 00000001 ASL  00000061)
[    0.090395] ACPI: FACP 0x000000007FFF00F0 0000F4 (v04 VBOX   VBOXFACP 00000001 ASL  00000061)
[    0.090402] ACPI: DSDT 0x000000007FFF02E0 002353 (v02 VBOX   VBOXBIOS 00000002 VBOX 00029BF3)
[    0.090406] ACPI: FACS 0x000000007FFF0200 000040
[    0.090409] ACPI: FACS 0x000000007FFF0200 000040
[    0.090413] ACPI: APIC 0x000000007FFF0240 000054 (v02 VBOX   VBOXAPIC 00000001 ASL  00000061)
[    0.090416] ACPI: SSDT 0x000000007FFF02A0 000038 (v01 VBOX   VBOXCPUT 00000002 VBOX 00029BF3)
[    0.090419] ACPI: Reserving FACP table memory at [mem 0x7fff00f0-0x7fff01e3]
[    0.090420] ACPI: Reserving DSDT table memory at [mem 0x7fff02e0-0x7fff2632]
[    0.090421] ACPI: Reserving FACS table memory at [mem 0x7fff0200-0x7fff023f]
[    0.090422] ACPI: Reserving FACS table memory at [mem 0x7fff0200-0x7fff023f]
[    0.090422] ACPI: Reserving APIC table memory at [mem 0x7fff0240-0x7fff0293]
[    0.090423] ACPI: Reserving SSDT table memory at [mem 0x7fff02a0-0x7fff02d7]
[    0.090437] ACPI: Local APIC address 0xfee00000
[    0.090619] No NUMA configuration found
[    0.090620] Faking a node at [mem 0x0000000000000000-0x000000007ffeffff]
[    0.090630] NODE_DATA(0) allocated [mem 0x7ffc5000-0x7ffeffff]
[    0.090890] Zone ranges:
[    0.090891]   DMA      [mem 0x0000000000001000-0x0000000000ffffff]
[    0.090892]   DMA32    [mem 0x0000000001000000-0x000000007ffeffff]
[    0.090893]   Normal   empty
[    0.090894]   Device   empty
[    0.090894] Movable zone start for each node
[    0.090896] Early memory node ranges
[    0.090897]   node   0: [mem 0x0000000000001000-0x000000000009efff]
[    0.090898]   node   0: [mem 0x0000000000100000-0x000000007ffeffff]
[    0.090901] Zeroed struct page in unavailable ranges: 114 pages
[    0.090902] Initmem setup node 0 [mem 0x0000000000001000-0x000000007ffeffff]
[    0.090903] On node 0 totalpages: 524174
[    0.090904]   DMA zone: 64 pages used for memmap
[    0.090904]   DMA zone: 21 pages reserved
[    0.090905]   DMA zone: 3998 pages, LIFO batch:0
[    0.090976]   DMA32 zone: 8128 pages used for memmap
[    0.090977]   DMA32 zone: 520176 pages, LIFO batch:63
[    0.099905] ACPI: PM-Timer IO Port: 0x4008
[    0.099908] ACPI: Local APIC address 0xfee00000
[    0.099974] IOAPIC[0]: apic_id 1, version 32, address 0xfec00000, GSI 0-23
[    0.099977] ACPI: INT_SRC_OVR (bus 0 bus_irq 0 global_irq 2 dfl dfl)
[    0.099979] ACPI: INT_SRC_OVR (bus 0 bus_irq 9 global_irq 9 low level)
[    0.099981] ACPI: IRQ0 used by override.
[    0.099982] ACPI: IRQ9 used by override.
[    0.099985] Using ACPI (MADT) for SMP configuration information
[    0.099991] smpboot: Allowing 1 CPUs, 0 hotplug CPUs
[    0.100013] PM: Registered nosave memory: [mem 0x00000000-0x00000fff]
[    0.100014] PM: Registered nosave memory: [mem 0x0009f000-0x0009ffff]
[    0.100015] PM: Registered nosave memory: [mem 0x000a0000-0x000effff]
[    0.100015] PM: Registered nosave memory: [mem 0x000f0000-0x000fffff]
[    0.100017] [mem 0x80000000-0xfebfffff] available for PCI devices
[    0.100017] Booting paravirtualized kernel on KVM
[    0.100020] clocksource: refined-jiffies: mask: 0xffffffff max_cycles: 0xffffffff, max_idle_ns: 7645519600211568 ns
[    0.100025] setup_percpu: NR_CPUS:8192 nr_cpumask_bits:1 nr_cpu_ids:1 nr_node_ids:1
[    0.101039] percpu: Embedded 60 pages/cpu s208896 r8192 d28672 u2097152
[    0.101043] pcpu-alloc: s208896 r8192 d28672 u2097152 alloc=1*2097152
[    0.101044] pcpu-alloc: [0] 0 
[    0.101071] Built 1 zonelists, mobility grouping on.  Total pages: 515961
[    0.101071] Policy zone: DMA32
[    0.101073] Kernel command line: BOOT_IMAGE=/boot/vmlinuz-5.4.243-mptcp root=UUID=98415a12-53b7-4144-8265-0f7ece09e445 ro quiet splash
[    0.101938] Dentry cache hash table entries: 262144 (order: 9, 2097152 bytes, linear)
[    0.102084] Inode-cache hash table entries: 131072 (order: 8, 1048576 bytes, linear)
[    0.102135] mem auto-init: stack:off, heap alloc:on, heap free:off
[    0.102137] Calgary: detecting Calgary via BIOS EBDA area
[    0.102138] Calgary: Unable to locate Rio Grande table in EBDA - bailing!
[    0.106227] Memory: 1967332K/2096696K available (14339K kernel code, 2398K rwdata, 4712K rodata, 2728K init, 17260K bss, 129364K reserved, 0K cma-reserved)
[    0.107166] SLUB: HWalign=64, Order=0-3, MinObjects=0, CPUs=1, Nodes=1
[    0.107182] ftrace: allocating 43186 entries in 169 pages
[    0.125308] rcu: Hierarchical RCU implementation.
[    0.125309] rcu: 	RCU restricting CPUs from NR_CPUS=8192 to nr_cpu_ids=1.
[    0.125310] 	Tasks RCU enabled.
[    0.125311] rcu: RCU calculated value of scheduler-enlistment delay is 25 jiffies.
[    0.125312] rcu: Adjusting geometry for rcu_fanout_leaf=16, nr_cpu_ids=1
[    0.128273] NR_IRQS: 524544, nr_irqs: 256, preallocated irqs: 16
[    0.128490] random: crng init done
[    0.137720] Console: colour VGA+ 80x25
[    0.137725] printk: console [tty0] enabled
[    0.137744] ACPI: Core revision 20190816
[    0.137842] APIC: Switch to symmetric I/O mode setup
[    0.138091] x2apic enabled
[    0.138330] Switched APIC routing to physical x2apic.
[    0.139462] ..TIMER: vector=0x30 apic1=0 pin1=2 apic2=-1 pin2=-1
[    0.139486] clocksource: tsc-early: mask: 0xffffffffffffffff max_cycles: 0x1e4530a99b6, max_idle_ns: 440795257976 ns
[    0.139492] Calibrating delay loop (skipped) preset value.. 4200.00 BogoMIPS (lpj=8400000)
[    0.139494] pid_max: default: 32768 minimum: 301
[    0.139522] LSM: Security Framework initializing
[    0.139532] Yama: becoming mindful.
[    0.139557] AppArmor: AppArmor initialized
[    0.139591] Mount-cache hash table entries: 4096 (order: 3, 32768 bytes, linear)
[    0.139595] Mountpoint-cache hash table entries: 4096 (order: 3, 32768 bytes, linear)
[    0.139605] *** VALIDATE tmpfs ***
[    0.139733] *** VALIDATE proc ***
[    0.139772] *** VALIDATE cgroup1 ***
[    0.139773] *** VALIDATE cgroup2 ***
[    0.139914] process: using mwait in idle threads
[    0.139919] Last level iTLB entries: 4KB 64, 2MB 8, 4MB 8
[    0.139920] Last level dTLB entries: 4KB 64, 2MB 0, 4MB 0, 1GB 4
[    0.139940] Spectre V1 : Mitigation: usercopy/swapgs barriers and __user pointer sanitization
[    0.139945] Spectre V2 : Mitigation: Retpolines
[    0.139945] Spectre V2 : Spectre v2 / SpectreRSB mitigation: Filling RSB on context switch
[    0.139946] Spectre V2 : Spectre v2 / SpectreRSB : Filling RSB on VMEXIT
[    0.139946] RETBleed: WARNING: Spectre v2 mitigation leaves CPU vulnerable to RETBleed attacks, data leaks possible!
[    0.140301] RETBleed: Vulnerable
[    0.140301] Speculative Store Bypass: Vulnerable
[    0.140306] TAA: Mitigation: TSX disabled
[    0.140306] MMIO Stale Data: Mitigation: Clear CPU buffers
[    0.144488] Freeing SMP alternatives memory: 40K
[    0.256815] smpboot: CPU0: Intel(R) Xeon(R) Silver 4216 CPU @ 2.10GHz (family: 0x6, model: 0x55, stepping: 0x7)
[    0.256949] Performance Events: unsupported p6 CPU model 85 no PMU driver, software events only.
[    0.256984] rcu: Hierarchical SRCU implementation.
[    0.257506] NMI watchdog: Perf NMI watchdog permanently disabled
[    0.257545] smp: Bringing up secondary CPUs ...
[    0.257546] smp: Brought up 1 node, 1 CPU
[    0.257547] smpboot: Max logical packages: 1
[    0.257549] smpboot: Total of 1 processors activated (4200.00 BogoMIPS)
[    0.258591] devtmpfs: initialized
[    0.258638] x86/mm: Memory block size: 128MB
[    0.259029] clocksource: jiffies: mask: 0xffffffff max_cycles: 0xffffffff, max_idle_ns: 7645041785100000 ns
[    0.259036] futex hash table entries: 256 (order: 2, 16384 bytes, linear)
[    0.259083] pinctrl core: initialized pinctrl subsystem
[    0.259189] PM: RTC time: 21:26:26, date: 2026-01-11
[    0.259297] NET: Registered protocol family 16
[    0.259372] audit: initializing netlink subsys (disabled)
[    0.259488] EISA bus registered
[    0.259488] cpuidle: using governor ladder
[    0.259488] cpuidle: using governor menu
[    0.259488] ACPI: bus type PCI registered
[    0.259488] acpiphp: ACPI Hot Plug PCI Controller Driver version: 0.5
[    0.259488] PCI: Using configuration type 1 for base access
[    0.259925] audit: type=2000 audit(1768137993.199:1): state=initialized audit_enabled=0 res=1
[    0.260002] HugeTLB registered 2.00 MiB page size, pre-allocated 0 pages
[    0.260812] ACPI: Added _OSI(Module Device)
[    0.260813] ACPI: Added _OSI(Processor Device)
[    0.260814] ACPI: Added _OSI(3.0 _SCP Extensions)
[    0.260815] ACPI: Added _OSI(Processor Aggregator Device)
[    0.260815] ACPI: Added _OSI(Linux-Dell-Video)
[    0.260816] ACPI: Added _OSI(Linux-Lenovo-NV-HDMI-Audio)
[    0.260817] ACPI: Added _OSI(Linux-HPI-Hybrid-Graphics)
[    0.262774] ACPI: 2 ACPI AML tables successfully acquired and loaded
[    0.264269] ACPI: Interpreter enabled
[    0.264278] ACPI: (supports S0 S5)
[    0.264279] ACPI: Using IOAPIC for interrupt routing
[    0.264484] PCI: Using host bridge windows from ACPI; if necessary, use "pci=nocrs" and report a bug
[    0.264589] ACPI: Enabled 2 GPEs in block 00 to 07
[    0.269493] ACPI: PCI Root Bridge [PCI0] (domain 0000 [bus 00-ff])
[    0.269498] acpi PNP0A03:00: _OSC: OS supports [ASPM ClockPM Segments MSI HPX-Type3]
[    0.269958] acpi PNP0A03:00: _OSC: not requesting OS control; OS requires [ExtendedConfig ASPM ClockPM MSI]
[    0.269966] acpi PNP0A03:00: fail to add MMCONFIG information, can't access extended PCI configuration space under this bridge.
[    0.270332] PCI host bridge to bus 0000:00
[    0.270335] pci_bus 0000:00: root bus resource [io  0x0000-0x0cf7 window]
[    0.270336] pci_bus 0000:00: root bus resource [io  0x0d00-0xffff window]
[    0.270337] pci_bus 0000:00: root bus resource [mem 0x000a0000-0x000bffff window]
[    0.270338] pci_bus 0000:00: root bus resource [mem 0x80000000-0xfdffffff window]
[    0.270339] pci_bus 0000:00: root bus resource [bus 00-ff]
[    0.270378] pci 0000:00:00.0: [8086:1237] type 00 class 0x060000
[    0.271298] pci 0000:00:01.0: [8086:7000] type 00 class 0x060100
[    0.272063] pci 0000:00:01.1: [8086:7111] type 00 class 0x01018a
[    0.272427] pci 0000:00:01.1: reg 0x20: [io  0xd000-0xd00f]
[    0.272580] pci 0000:00:01.1: legacy IDE quirk: reg 0x10: [io  0x01f0-0x01f7]
[    0.272581] pci 0000:00:01.1: legacy IDE quirk: reg 0x14: [io  0x03f6]
[    0.272582] pci 0000:00:01.1: legacy IDE quirk: reg 0x18: [io  0x0170-0x0177]
[    0.272582] pci 0000:00:01.1: legacy IDE quirk: reg 0x1c: [io  0x0376]
[    0.273111] pci 0000:00:02.0: [15ad:0405] type 00 class 0x030000
[    0.275563] pci 0000:00:02.0: reg 0x10: [io  0xd010-0xd01f]
[    0.278383] pci 0000:00:02.0: reg 0x14: [mem 0xe0000000-0xe7ffffff pref]
[    0.279532] pci 0000:00:02.0: reg 0x18: [mem 0xf0000000-0xf01fffff]
[    0.291940] pci 0000:00:03.0: [1022:2000] type 00 class 0x020000
[    0.292607] pci 0000:00:03.0: reg 0x10: [io  0xd020-0xd03f]
[    0.293209] pci 0000:00:03.0: reg 0x14: [mem 0xf0200000-0xf0200fff]
[    0.296254] pci 0000:00:04.0: [80ee:cafe] type 00 class 0x088000
[    0.296929] pci 0000:00:04.0: reg 0x10: [io  0xd040-0xd05f]
[    0.297533] pci 0000:00:04.0: reg 0x14: [mem 0xf0400000-0xf07fffff]
[    0.298142] pci 0000:00:04.0: reg 0x18: [mem 0xf0800000-0xf0803fff pref]
[    0.301436] pci 0000:00:07.0: [8086:7113] type 00 class 0x068000
[    0.301981] pci 0000:00:07.0: quirk: [io  0x4000-0x403f] claimed by PIIX4 ACPI
[    0.301990] pci 0000:00:07.0: quirk: [io  0x4100-0x410f] claimed by PIIX4 SMB
[    0.303548] pci 0000:00:08.0: [8086:100e] type 00 class 0x020000
[    0.304241] pci 0000:00:08.0: reg 0x10: [mem 0xf0820000-0xf083ffff]
[    0.305387] pci 0000:00:08.0: reg 0x18: [io  0xd060-0xd067]
[    0.308477] pci 0000:00:09.0: [8086:100e] type 00 class 0x020000
[    0.309168] pci 0000:00:09.0: reg 0x10: [mem 0xf0840000-0xf085ffff]
[    0.310326] pci 0000:00:09.0: reg 0x18: [io  0xd068-0xd06f]
[    0.320444] ACPI: PCI Interrupt Link [LNKA] (IRQs 5 9 10 *11)
[    0.320724] ACPI: PCI Interrupt Link [LNKB] (IRQs 5 9 *10 11)
[    0.320835] ACPI: PCI Interrupt Link [LNKC] (IRQs 5 *9 10 11)
[    0.320933] ACPI: PCI Interrupt Link [LNKD] (IRQs 5 9 10 *11)
[    0.321171] iommu: Default domain type: Translated 
[    0.321231] pci 0000:00:02.0: vgaarb: setting as boot VGA device
[    0.321234] pci 0000:00:02.0: vgaarb: VGA device added: decodes=io+mem,owns=io+mem,locks=none
[    0.321235] pci 0000:00:02.0: vgaarb: bridge control possible
[    0.321236] vgaarb: loaded
[    0.321439] SCSI subsystem initialized
[    0.321471] libata version 3.00 loaded.
[    0.321492] ACPI: bus type USB registered
[    0.321507] usbcore: registered new interface driver usbfs
[    0.321513] usbcore: registered new interface driver hub
[    0.321518] usbcore: registered new device driver usb
[    0.321545] pps_core: LinuxPPS API ver. 1 registered
[    0.321545] pps_core: Software ver. 5.3.6 - Copyright 2005-2007 Rodolfo Giometti <giometti@linux.it>
[    0.321547] PTP clock support registered
[    0.321581] EDAC MC: Ver: 3.0.0
[    0.321854] PCI: Using ACPI for IRQ routing
[    0.321855] PCI: pci_cache_line_size set to 64 bytes
[    0.322023] e820: reserve RAM buffer [mem 0x0009fc00-0x0009ffff]
[    0.322026] e820: reserve RAM buffer [mem 0x7fff0000-0x7fffffff]
[    0.323505] NetLabel: Initializing
[    0.323505] NetLabel:  domain hash size = 128
[    0.323506] NetLabel:  protocols = UNLABELED CIPSOv4 CALIPSO
[    0.323525] NetLabel:  unlabeled traffic allowed by default
[    0.324423] clocksource: Switched to clocksource kvm-clock
[    0.337831] *** VALIDATE bpf ***
[    0.337887] VFS: Disk quotas dquot_6.6.0
[    0.337899] VFS: Dquot-cache hash table entries: 512 (order 0, 4096 bytes)
[    0.337920] *** VALIDATE ramfs ***
[    0.337923] *** VALIDATE hugetlbfs ***
[    0.338001] AppArmor: AppArmor Filesystem Enabled
[    0.338023] pnp: PnP ACPI init
[    0.338082] pnp 00:00: Plug and Play ACPI device, IDs PNP0303 (active)
[    0.338147] pnp 00:01: Plug and Play ACPI device, IDs PNP0f03 (active)
[    0.338873] pnp: PnP ACPI: found 2 devices
[    0.339861] thermal_sys: Registered thermal governor 'fair_share'
[    0.339862] thermal_sys: Registered thermal governor 'bang_bang'
[    0.339862] thermal_sys: Registered thermal governor 'step_wise'
[    0.339863] thermal_sys: Registered thermal governor 'user_space'
[    0.339864] thermal_sys: Registered thermal governor 'power_allocator'
[    0.344393] clocksource: acpi_pm: mask: 0xffffff max_cycles: 0xffffff, max_idle_ns: 2085701024 ns
[    0.344431] pci_bus 0000:00: resource 4 [io  0x0000-0x0cf7 window]
[    0.344433] pci_bus 0000:00: resource 5 [io  0x0d00-0xffff window]
[    0.344434] pci_bus 0000:00: resource 6 [mem 0x000a0000-0x000bffff window]
[    0.344435] pci_bus 0000:00: resource 7 [mem 0x80000000-0xfdffffff window]
[    0.344490] NET: Registered protocol family 2
[    0.344564] IP idents hash table entries: 32768 (order: 6, 262144 bytes, linear)
[    0.344975] MPTCP tokens hash table entries: 8192 (order: 4, 65536 bytes, linear)
[    0.344994] MPTCP request tokens hash table entries: 8192 (order: 4, 65536 bytes, linear)
[    0.345019] default registered
[    0.345020] default registered
[    0.345020] MPTCP: Stable release v0.96
[    0.345025] tcp_listen_portaddr_hash hash table entries: 1024 (order: 2, 16384 bytes, linear)
[    0.345106] TCP established hash table entries: 16384 (order: 5, 131072 bytes, linear)
[    0.345170] TCP bind hash table entries: 16384 (order: 6, 262144 bytes, linear)
[    0.345195] TCP: Hash tables configured (established 16384 bind 16384)
[    0.345887] UDP hash table entries: 1024 (order: 3, 32768 bytes, linear)
[    0.345898] UDP-Lite hash table entries: 1024 (order: 3, 32768 bytes, linear)
[    0.345931] NET: Registered protocol family 1
[    0.345940] NET: Registered protocol family 44
[    0.345958] pci 0000:00:00.0: Limiting direct PCI/PCI transfers
[    0.345970] pci 0000:00:01.0: Activating ISA DMA hang workarounds
[    0.346025] pci 0000:00:02.0: Video device with shadowed ROM at [mem 0x000c0000-0x000dffff]
[    0.346087] PCI: CLS 0 bytes, default 64
[    0.346131] Trying to unpack rootfs image as initramfs...
[    0.511963] Freeing initrd memory: 47868K
[    0.511963] clocksource: tsc: mask: 0xffffffffffffffff max_cycles: 0x1e4530a99b6, max_idle_ns: 440795257976 ns
[    0.511963] clocksource: Switched to clocksource tsc
[    0.511963] platform rtc_cmos: registered platform RTC device (no PNP device found)
[    0.511963] check: Scanning for low memory corruption every 60 seconds
[    0.511963] Initialise system trusted keyrings
[    0.511963] Key type blacklist registered
[    0.511963] workingset: timestamp_bits=36 max_order=19 bucket_order=0
[    0.511963] zbud: loaded
[    0.511963] squashfs: version 4.0 (2009/01/31) Phillip Lougher
[    0.511963] fuse: init (API version 7.31)
[    0.511963] *** VALIDATE fuse ***
[    0.511963] *** VALIDATE fuse ***
[    0.511963] Platform Keyring initialized
[    0.526698] Key type asymmetric registered
[    0.526699] Asymmetric key parser 'x509' registered
[    0.526709] Block layer SCSI generic (bsg) driver version 0.4 loaded (major 244)
[    0.526751] io scheduler mq-deadline registered
[    0.526876] shpchp: Standard Hot Plug PCI Controller Driver version: 0.4
[    0.527086] ACPI: AC Adapter [AC] (on-line)
[    0.527130] input: Power Button as /devices/LNXSYSTM:00/LNXPWRBN:00/input/input0
[    0.527159] ACPI: Power Button [PWRF]
[    0.527234] input: Sleep Button as /devices/LNXSYSTM:00/LNXSLPBN:00/input/input1
[    0.527248] ACPI: Sleep Button [SLPF]
[    0.527465] Serial: 8250/16550 driver, 32 ports, IRQ sharing enabled
[    0.528645] Linux agpgart interface v0.103
[    0.619151] loop: module loaded
[    0.619472] ata_piix 0000:00:01.1: version 2.13
[    0.620432] scsi host0: ata_piix
[    0.620637] scsi host1: ata_piix
[    0.620705] ata1: PATA max UDMA/33 cmd 0x1f0 ctl 0x3f6 bmdma 0xd000 irq 14
[    0.620707] ata2: PATA max UDMA/33 cmd 0x170 ctl 0x376 bmdma 0xd008 irq 15
[    0.620912] tun: Universal TUN/TAP device driver, 1.6
[    0.621593] PPP generic driver version 2.4.2
[    0.621695] VFIO - User Level meta-driver version: 0.3
[    0.622234] ehci_hcd: USB 2.0 'Enhanced' Host Controller (EHCI) Driver
[    0.622244] ehci-pci: EHCI PCI platform driver
[    0.622274] ehci-platform: EHCI generic platform driver
[    0.622287] ohci_hcd: USB 1.1 'Open' Host Controller (OHCI) Driver
[    0.622290] ohci-pci: OHCI PCI platform driver
[    0.622307] ohci-platform: OHCI generic platform driver
[    0.622318] uhci_hcd: USB Universal Host Controller Interface driver
[    0.622456] i8042: PNP: PS/2 Controller [PNP0303:PS2K,PNP0f03:PS2M] at 0x60,0x64 irq 1,12
[    0.623064] serio: i8042 KBD port at 0x60,0x64 irq 1
[    0.623064] serio: i8042 AUX port at 0x60,0x64 irq 12
[    0.623064] mousedev: PS/2 mouse device common for all mice
[    0.624181] input: AT Translated Set 2 keyboard as /devices/platform/i8042/serio0/input/input2
[    0.625216] rtc_cmos rtc_cmos: registered as rtc0
[    0.625250] rtc_cmos rtc_cmos: alarms up to one day, 114 bytes nvram
[    0.625263] i2c /dev entries driver
[    0.625358] device-mapper: uevent: version 1.0.3
[    0.625464] device-mapper: ioctl: 4.41.0-ioctl (2019-09-16) initialised: dm-devel@redhat.com
[    0.625503] platform eisa.0: Probing EISA bus 0
[    0.625506] platform eisa.0: EISA: Cannot allocate resource for mainboard
[    0.625509] platform eisa.0: Cannot allocate resource for EISA slot 1
[    0.625512] platform eisa.0: Cannot allocate resource for EISA slot 2
[    0.625514] platform eisa.0: Cannot allocate resource for EISA slot 3
[    0.625517] platform eisa.0: Cannot allocate resource for EISA slot 4
[    0.625520] platform eisa.0: Cannot allocate resource for EISA slot 5
[    0.625522] platform eisa.0: Cannot allocate resource for EISA slot 6
[    0.625525] platform eisa.0: Cannot allocate resource for EISA slot 7
[    0.625527] platform eisa.0: Cannot allocate resource for EISA slot 8
[    0.625530] platform eisa.0: EISA: Detected 0 cards
[    0.625535] intel_pstate: CPU model not supported
[    0.625553] ledtrig-cpu: registered to indicate activity on CPUs
[    0.625661] drop_monitor: Initializing network drop monitor service
[    0.626055] NET: Registered protocol family 10
[    0.631352] Segment Routing with IPv6
[    0.631352] fullmesh registered
[    0.631352] ndiffports registered
[    0.631352] binder registered
[    0.631352] roundrobin registered
[    0.631352] redundant registered
[    0.631352] blest registered
[    0.631352] ecf registered
[    0.631352] NET: Registered protocol family 17
[    0.631352] Key type dns_resolver registered
[    0.631352] RAS: Correctable Errors collector initialized.
[    0.631352] IPI shorthand broadcast: enabled
[    0.631352] sched_clock: Marking stable (616344298, 11008265)->(628243554, -890991)
[    0.638986] registered taskstats version 1
[    0.639002] Loading compiled-in X.509 certificates
[    0.640424] Loaded X.509 cert 'Build time autogenerated kernel key: 6909f3744cebb3d0de528d5887b96a727de79b1e'
[    0.640456] zswap: loaded using pool lzo/zbud
[    0.640569] Key type ._fscrypt registered
[    0.640570] Key type .fscrypt registered
[    0.650192] Key type big_key registered
[    0.654259] Key type encrypted registered
[    0.654264] AppArmor: AppArmor sha1 policy hashing enabled
[    0.654274] ima: No TPM chip found, activating TPM-bypass!
[    0.654280] ima: Allocated hash algorithm: sha1
[    0.654287] ima: No architecture policies found
[    0.654303] evm: Initialising EVM extended attributes:
[    0.654304] evm: security.selinux
[    0.654305] evm: security.SMACK64
[    0.654306] evm: security.SMACK64EXEC
[    0.654307] evm: security.SMACK64TRANSMUTE
[    0.654308] evm: security.SMACK64MMAP
[    0.654308] evm: security.apparmor
[    0.654309] evm: security.ima
[    0.654310] evm: security.capability
[    0.654311] evm: HMAC attrs: 0x1
[    0.654787] PM:   Magic number: 10:398:449
[    0.654979] rtc_cmos rtc_cmos: setting system clock to 2026-01-11T21:26:27 UTC (1768166787)
[    0.794220] ata1.00: ATA-6: VBOX HARDDISK, 1.0, max UDMA/133
[    0.794226] ata1.00: 209715200 sectors, multi 128: LBA 
[    0.795060] scsi 0:0:0:0: Direct-Access     ATA      VBOX HARDDISK    1.0  PQ: 0 ANSI: 5
[    0.795453] sd 0:0:0:0: [sda] 209715200 512-byte logical blocks: (107 GB/100 GiB)
[    0.795468] sd 0:0:0:0: [sda] Write Protect is off
[    0.795472] sd 0:0:0:0: [sda] Mode Sense: 00 3a 00 00
[    0.795496] sd 0:0:0:0: [sda] Write cache: enabled, read cache: enabled, doesn't support DPO or FUA
[    0.795769] sd 0:0:0:0: Attached scsi generic sg0 type 0
[    0.796973]  sda: sda1 sda2
[    0.809360] sd 0:0:0:0: [sda] Attached SCSI disk
[    0.813261] Freeing unused decrypted memory: 2040K
[    0.814344] Freeing unused kernel image memory: 2728K
[    0.814347] Write protecting the kernel read-only data: 22528k
[    0.815504] Freeing unused kernel image memory: 2036K
[    0.816133] Freeing unused kernel image memory: 1432K
[    0.847190] x86/mm: Checked W+X mappings: passed, no W+X pages found.
[    0.847194] Run /init as init process
[    0.945040] ACPI: Video Device [GFX0] (multi-head: yes  rom: no  post: no)
[    0.945106] input: Video Bus as /devices/LNXSYSTM:00/LNXSYBUS:00/PNP0A03:00/LNXVIDEO:00/input/input4
[    0.955987] pcnet32: pcnet32.c:v1.35 21.Apr.2008 tsbogend@alpha.franken.de
[    0.957542] piix4_smbus 0000:00:07.0: SMBus Host Controller at 0x4100, revision 0
[    0.960088] e1000: Intel(R) PRO/1000 Network Driver - version 7.3.21-k8-NAPI
[    0.960089] e1000: Copyright (c) 1999-2006 Intel Corporation.
[    0.966713] pcnet32: PCnet/FAST III 79C973 at 0xd020, 08:00:27:3f:a6:bd assigned IRQ 19
[    0.966756] pcnet32: Found PHY 0022:561b at address 0
[    0.967093] pcnet32: eth0: registered as PCnet/FAST III 79C973
[    0.976411] pcnet32: 1 cards_found
[    1.029434] pcnet32 0000:00:03.0 enp0s3: renamed from eth0
[    1.177467] input: ImExPS/2 Generic Explorer Mouse as /devices/platform/i8042/serio1/input/input5
[    1.371247] e1000 0000:00:08.0 eth0: (PCI:33MHz:32-bit) 08:00:27:cc:9a:e3
[    1.371251] e1000 0000:00:08.0 eth0: Intel(R) PRO/1000 Network Connection
[    4.224843] e1000 0000:00:09.0 eth1: (PCI:33MHz:32-bit) 08:00:27:73:9f:30
[    4.224854] e1000 0000:00:09.0 eth1: Intel(R) PRO/1000 Network Connection
[    4.228214] e1000 0000:00:09.0 enp0s9: renamed from eth1
[    4.232457] e1000 0000:00:08.0 enp0s8: renamed from eth0
[    4.440019] EXT4-fs (sda2): mounted filesystem with ordered data mode. Opts: (null)
[    4.520962] systemd[1]: Inserted module 'autofs4'
[    4.530041] systemd[1]: systemd 245.4-4ubuntu3 running in system mode. (+PAM +AUDIT +SELINUX +IMA +APPARMOR +SMACK +SYSVINIT +UTMP +LIBCRYPTSETUP +GCRYPT +GNUTLS +ACL +XZ +LZ4 +SECCOMP +BLKID +ELFUTILS +KMOD +IDN2 -IDN +PCRE2 default-hierarchy=hybrid)
[    4.530071] systemd[1]: Detected virtualization oracle.
[    4.530074] systemd[1]: Detected architecture x86-64.
[    4.531429] systemd[1]: Set hostname to <ztg>.
[    4.654704] systemd[1]: /lib/systemd/system/dbus.socket:5: ListenStream= references a path below legacy directory /var/run/, updating /var/run/dbus/system_bus_socket â†’ /run/dbus/system_bus_socket; please update the unit file accordingly.
[    4.705566] systemd[1]: Created slice system-modprobe.slice.
[    4.705749] systemd[1]: Created slice User and Session Slice.
[    4.705792] systemd[1]: Started Forward Password Requests to Wall Directory Watch.
[    4.705945] systemd[1]: Set up automount Arbitrary Executable File Formats File System Automount Point.
[    4.705979] systemd[1]: Reached target User and Group Name Lookups.
[    4.705987] systemd[1]: Reached target Remote File Systems.
[    4.705996] systemd[1]: Reached target Slices.
[    4.706548] systemd[1]: Listening on Syslog Socket.
[    4.706616] systemd[1]: Listening on fsck to fsckd communication Socket.
[    4.706653] systemd[1]: Listening on initctl Compatibility Named Pipe.
[    4.706785] systemd[1]: Listening on Journal Audit Socket.
[    4.706835] systemd[1]: Listening on Journal Socket (/dev/log).
[    4.706901] systemd[1]: Listening on Journal Socket.
[    4.706962] systemd[1]: Listening on udev Control Socket.
[    4.706999] systemd[1]: Listening on udev Kernel Socket.
[    4.707782] systemd[1]: Mounting Huge Pages File System...
[    4.708659] systemd[1]: Mounting POSIX Message Queue File System...
[    4.709506] systemd[1]: Mounting Kernel Debug File System...
[    4.710325] systemd[1]: Mounting Kernel Trace File System...
[    4.712229] systemd[1]: Starting Journal Service...
[    4.733625] systemd[1]: Starting Set the console keyboard layout...
[    4.741362] systemd[1]: Starting Create list of static device nodes for the current kernel...
[    4.743399] systemd[1]: Starting Load Kernel Module drm...
[    4.744511] systemd[1]: Condition check resulted in Set Up Additional Binary Formats being skipped.
[    4.744551] systemd[1]: Condition check resulted in File System Check on Root Device being skipped.
[    4.755342] systemd[1]: Starting Load Kernel Modules...
[    4.756248] systemd[1]: Starting Remount Root and Kernel File Systems...
[    4.770243] systemd[1]: Starting udev Coldplug all Devices...
[    4.781566] systemd[1]: Starting Uncomplicated firewall...
[    4.788925] systemd[1]: Mounted Huge Pages File System.
[    4.789015] systemd[1]: Mounted POSIX Message Queue File System.
[    4.789085] systemd[1]: Mounted Kernel Debug File System.
[    4.789154] systemd[1]: Mounted Kernel Trace File System.
[    4.789775] EXT4-fs (sda2): re-mounted. Opts: errors=remount-ro
[    4.813305] systemd[1]: Finished Create list of static device nodes for the current kernel.
[    4.814328] systemd[1]: modprobe@drm.service: Succeeded.
[    4.814714] systemd[1]: Finished Load Kernel Module drm.
[    4.823559] systemd[1]: Finished Remount Root and Kernel File Systems.
[    4.839181] systemd[1]: Finished Uncomplicated firewall.
[    4.840830] lp: driver loaded but no devices found
[    4.857773] systemd[1]: Condition check resulted in Rebuild Hardware Database being skipped.
[    4.857805] systemd[1]: Condition check resulted in Platform Persistent Storage Archival being skipped.
[    4.858423] systemd[1]: Starting Load/Save Random Seed...
[    4.863443] systemd[1]: Starting Create System Users...
[    4.868684] ppdev: user-space parallel port driver
[    4.880080] systemd[1]: Finished Load/Save Random Seed.
[    4.883922] systemd[1]: Finished Create System Users.
[    4.884612] systemd[1]: Starting Create Static Device Nodes in /dev...
[    4.941760] systemd[1]: Finished udev Coldplug all Devices.
[    4.943196] systemd[1]: Finished Create Static Device Nodes in /dev.
[    4.944065] systemd[1]: Starting udev Kernel Device Manager...
[    4.951905] [drm] DMA map mode: Caching DMA mappings.
[    4.951968] [drm] Capabilities:
[    4.951968] [drm]   Rect copy.
[    4.951968] [drm]   Cursor.
[    4.951969] [drm]   Cursor bypass.
[    4.951969] [drm]   Cursor bypass 2.
[    4.951970] [drm]   Alpha cursor.
[    4.951970] [drm]   Extended Fifo.
[    4.951970] [drm]   Pitchlock.
[    4.951971] [drm]   Irq mask.
[    4.951971] [drm]   GMR.
[    4.951971] [drm]   Traces.
[    4.951972] [drm]   GMR2.
[    4.951972] [drm]   Screen Object 2.
[    4.951972] [drm]   Command Buffers.
[    4.951973] [drm]   Command Buffers 2.
[    4.951973] [drm]   Guest Backed Resources.
[    4.951974] [drm] Max GMR ids is 8192
[    4.951975] [drm] Max number of GMR pages is 1048576
[    4.951975] [drm] Max dedicated hypervisor surface memory is 393216 kiB
[    4.951976] [drm] Maximum display memory size is 131072 kiB
[    4.951976] [drm] VRAM at 0xe0000000 size is 131072 kiB
[    4.951977] [drm] MMIO at 0xf0000000 size is 2048 kiB
[    4.952109] [TTM] Zone  kernel: Available graphics memory: 1011738 KiB
[    4.952110] [TTM] Initializing pool allocator
[    4.952113] [TTM] Initializing DMA pool allocator
[    4.952143] [drm] Supports vblank timestamp caching Rev 2 (21.10.2013).
[    4.952143] [drm] No driver support for vblank timestamp query.
[    4.952396] [drm] Screen Target Display device initialized
[    4.952614] [drm] width 720
[    4.952623] [drm] height 400
[    4.952626] [drm] bpp 32
[    4.953133] [drm] Fifo max 0x00200000 min 0x00001000 cap 0x00000355
[    4.954200] [drm] Using command buffers with DMA pool.
[    4.954204] [drm] DX: no.
[    4.954205] [drm] Atomic: yes.
[    4.954205] [drm] SM4_1: no.
[    4.954225] [drm:vmw_host_log [vmwgfx]] *ERROR* Failed to send host log message.
[    4.955570] [drm:vmw_host_log [vmwgfx]] *ERROR* Failed to send host log message.
[    4.967293] fbcon: svgadrmfb (fb0) is primary device
[    4.975961] Console: switching to colour frame buffer device 100x37
[    4.981163] [drm] Initialized vmwgfx 2.15.0 20180704 for 0000:00:02.0 on minor 0
[    4.982391] systemd[1]: Finished Load Kernel Modules.
[    4.983333] systemd[1]: Mounting FUSE Control File System...
[    4.984470] systemd[1]: Mounting Kernel Configuration File System...
[    4.989432] systemd[1]: Starting Apply Kernel Variables...
[    5.006688] systemd[1]: Mounted FUSE Control File System.
[    5.006755] systemd[1]: Condition check resulted in VMware vmblock fuse mount being skipped.
[    5.010171] systemd[1]: Mounted Kernel Configuration File System.
[    5.035813] systemd[1]: Finished Set the console keyboard layout.
[    5.035907] systemd[1]: Reached target Local File Systems (Pre).
[    5.037833] systemd[1]: Mounting Mount unit for bare, revision 5...
[    5.039971] systemd[1]: Mounting Mount unit for core18, revision 1705...
[    5.049205] systemd[1]: Mounting Mount unit for gnome-3-34-1804, revision 24...
[    5.058529] systemd[1]: Mounting Mount unit for gtk-common-themes, revision 1506...
[    5.064709] systemd[1]: Mounting Mount unit for gtk-common-themes, revision 1535...
[    5.073225] systemd[1]: Mounting Mount unit for snap-store, revision 433...
[    5.095159] systemd[1]: Mounting Mount unit for snapd, revision 7264...
[    5.102819] systemd[1]: Finished Apply Kernel Variables.
[    5.105016] systemd[1]: Mounted Mount unit for bare, revision 5.
[    5.113493] systemd[1]: Mounted Mount unit for core18, revision 1705.
[    5.113587] systemd[1]: Mounted Mount unit for gnome-3-34-1804, revision 24.
[    5.125177] systemd[1]: Mounted Mount unit for gtk-common-themes, revision 1506.
[    5.163721] systemd[1]: Started udev Kernel Device Manager.
[    5.164501] systemd[1]: Starting Show Plymouth Boot Screen...
[    5.186295] systemd[1]: Mounted Mount unit for gtk-common-themes, revision 1535.
[    5.192057] systemd[1]: Received SIGRTMIN+20 from PID 287 (plymouthd).
[    5.213586] systemd[1]: Mounted Mount unit for snap-store, revision 433.
[    5.213826] systemd[1]: Mounted Mount unit for snapd, revision 7264.
[    5.214001] systemd[1]: Started Show Plymouth Boot Screen.
[    5.214177] systemd[1]: Condition check resulted in Dispatch Password Requests to Console Directory Watch being skipped.
[    5.214256] systemd[1]: Started Forward Password Requests to Plymouth Directory Watch.
[    5.214321] systemd[1]: Reached target Local Encrypted Volumes.
[    5.214377] systemd[1]: Reached target Local File Systems.
[    5.216793] systemd[1]: Starting Load AppArmor profiles...
[    5.217623] systemd[1]: Starting Set console font and keymap...
[    5.230732] systemd[1]: Starting Tell Plymouth To Write Out Runtime Data...
[    5.232412] systemd[1]: Condition check resulted in Store a System Token in an EFI Variable being skipped.
[    5.232464] systemd[1]: Condition check resulted in Commit a transient machine-id on disk being skipped.
[    5.236491] systemd[1]: Finished Set console font and keymap.
[    5.256696] systemd[1]: Received SIGRTMIN+20 from PID 287 (plymouthd).
[    5.257758] systemd[1]: plymouth-read-write.service: Succeeded.
[    5.258016] systemd[1]: Finished Tell Plymouth To Write Out Runtime Data.
[    5.279795] audit: type=1400 audit(1768166792.124:2): apparmor="STATUS" operation="profile_load" profile="unconfined" name="nvidia_modprobe" pid=299 comm="apparmor_parser"
[    5.279797] audit: type=1400 audit(1768166792.124:3): apparmor="STATUS" operation="profile_load" profile="unconfined" name="nvidia_modprobe//kmod" pid=299 comm="apparmor_parser"
[    5.286670] audit: type=1400 audit(1768166792.128:4): apparmor="STATUS" operation="profile_load" profile="unconfined" name="/usr/sbin/tcpdump" pid=300 comm="apparmor_parser"
[    5.336056] audit: type=1400 audit(1768166792.172:5): apparmor="STATUS" operation="profile_load" profile="unconfined" name="/usr/bin/evince" pid=302 comm="apparmor_parser"
[    5.336058] audit: type=1400 audit(1768166792.172:6): apparmor="STATUS" operation="profile_load" profile="unconfined" name="/usr/bin/evince//sanitized_helper" pid=302 comm="apparmor_parser"
[    5.336060] audit: type=1400 audit(1768166792.172:7): apparmor="STATUS" operation="profile_load" profile="unconfined" name="/usr/bin/evince-previewer" pid=302 comm="apparmor_parser"
[    5.336061] audit: type=1400 audit(1768166792.172:8): apparmor="STATUS" operation="profile_load" profile="unconfined" name="/usr/bin/evince-previewer//sanitized_helper" pid=302 comm="apparmor_parser"
[    5.336062] audit: type=1400 audit(1768166792.172:9): apparmor="STATUS" operation="profile_load" profile="unconfined" name="/usr/bin/evince-thumbnailer" pid=302 comm="apparmor_parser"
[    5.346653] audit: type=1400 audit(1768166792.188:10): apparmor="STATUS" operation="profile_load" profile="unconfined" name="/usr/lib/cups/backend/cups-pdf" pid=303 comm="apparmor_parser"
[    5.346654] audit: type=1400 audit(1768166792.188:11): apparmor="STATUS" operation="profile_load" profile="unconfined" name="/usr/sbin/cupsd" pid=303 comm="apparmor_parser"
[    5.429820] systemd[1]: Finished Load AppArmor profiles.
[    5.430738] systemd[1]: Starting Load AppArmor profiles managed internally by snapd...
[    5.495564] systemd[1]: Finished Load AppArmor profiles managed internally by snapd.
[    5.652843] systemd[1]: Started Journal Service.
[    5.659613] systemd-journald[229]: Received client request to flush runtime journal.
[    5.664701] systemd-journald[229]: File /var/log/journal/c455b248004a419c87ce85eea238d727/system.journal corrupted or uncleanly shut down, renaming and replacing.
[    6.875987] RAPL PMU: API unit is 2^-32 Joules, 0 fixed counters, 10737418240 ms ovfl timer
[    6.917119] cryptd: max_cpu_qlen set to 1000
[    6.959960] AVX2 version of gcm_enc/dec engaged.
[    6.959961] AES CTR mode by8 optimization enabled
[    8.089239] Adding 1998844k swap on /dev/sda1.  Priority:-2 extents:1 across:1998844k FS
[   10.142294] pcnet32 0000:00:03.0 enp0s3: link up, 100Mbps, full-duplex
[   10.177555] e1000: enp0s8 NIC Link is Up 1000 Mbps Full Duplex, Flow Control: RX
[   10.177830] IPv6: ADDRCONF(NETDEV_CHANGE): enp0s8: link becomes ready
[   10.188623] e1000: enp0s9 NIC Link is Up 1000 Mbps Full Duplex, Flow Control: RX
[   10.188910] IPv6: ADDRCONF(NETDEV_CHANGE): enp0s9: link becomes ready
[   10.713793] device enp0s3 entered promiscuous mode
[   10.760497] kauditd_printk_skb: 30 callbacks suppressed
[   10.760498] audit: type=1400 audit(1768166797.592:42): apparmor="DENIED" operation="open" profile="/usr/sbin/tcpdump" name="/proc/sys/kernel/random/boot_id" pid=655 comm="tcpdump" requested_mask="r" denied_mask="r" fsuid=0 ouid=0
[   10.761284] audit: type=1400 audit(1768166797.592:43): apparmor="DENIED" operation="open" profile="/usr/sbin/tcpdump" name="/proc/sys/kernel/random/boot_id" pid=655 comm="tcpdump" requested_mask="r" denied_mask="r" fsuid=0 ouid=0
[   10.761470] audit: type=1400 audit(1768166797.592:44): apparmor="DENIED" operation="open" profile="/usr/sbin/tcpdump" name="/proc/sys/kernel/random/boot_id" pid=655 comm="tcpdump" requested_mask="r" denied_mask="r" fsuid=0 ouid=0
[   10.761687] audit: type=1400 audit(1768166797.592:45): apparmor="DENIED" operation="open" profile="/usr/sbin/tcpdump" name="/proc/sys/kernel/random/boot_id" pid=655 comm="tcpdump" requested_mask="r" denied_mask="r" fsuid=0 ouid=0
[   10.774123] audit: type=1400 audit(1768166797.612:46): apparmor="DENIED" operation="open" profile="/usr/sbin/tcpdump" name="/proc/sys/kernel/random/boot_id" pid=656 comm="tcpdump" requested_mask="r" denied_mask="r" fsuid=0 ouid=0
[   10.780309] audit: type=1400 audit(1768166797.612:47): apparmor="DENIED" operation="open" profile="/usr/sbin/tcpdump" name="/proc/sys/kernel/random/boot_id" pid=656 comm="tcpdump" requested_mask="r" denied_mask="r" fsuid=0 ouid=0
[   10.780573] audit: type=1400 audit(1768166797.612:48): apparmor="DENIED" operation="open" profile="/usr/sbin/tcpdump" name="/proc/sys/kernel/random/boot_id" pid=656 comm="tcpdump" requested_mask="r" denied_mask="r" fsuid=0 ouid=0
[   10.781795] audit: type=1400 audit(1768166797.612:49): apparmor="DENIED" operation="open" profile="/usr/sbin/tcpdump" name="/proc/sys/kernel/random/boot_id" pid=656 comm="tcpdump" requested_mask="r" denied_mask="r" fsuid=0 ouid=0
[   15.552299] rfkill: input handler disabled
[  489.665913] rfkill: input handler enabled
[  499.409469] rfkill: input handler disabled
[  872.532074] device enp0s3 left promiscuous mode
