[    0.000000] Linux version 5.4.243-mptcp (root@ztg) (gcc version 12.2.0 (Debian 12.2.0-14+deb12u1)) #53 SMP Wed Dec 24 23:28:15 CST 2025
[    0.000000] Command line: BOOT_IMAGE=/boot/vmlinuz-5.4.243-mptcp root=UUID=98415a12-53b7-4144-8265-0f7ece09e445 ro quiet splash
[    0.000000] KERNEL supported cpus:
[    0.000000]   Intel GenuineIntel
[    0.000000]   AMD AuthenticAMD
[    0.000000]   Hygon HygonGenuine
[    0.000000]   Centaur CentaurHauls
[    0.000000]   zhaoxin   Shanghai  
[    0.000000] x86/fpu: Supporting XSAVE feature 0x001: 'x87 floating point registers'
[    0.000000] x86/fpu: Supporting XSAVE feature 0x002: 'SSE registers'
[    0.000000] x86/fpu: Supporting XSAVE feature 0x004: 'AVX registers'
[    0.000000] x86/fpu: xstate_offset[2]:  576, xstate_sizes[2]:  256
[    0.000000] x86/fpu: Enabled xstate features 0x7, context size is 832 bytes, using 'standard' format.
[    0.000000] BIOS-provided physical RAM map:
[    0.000000] BIOS-e820: [mem 0x0000000000000000-0x000000000009fbff] usable
[    0.000000] BIOS-e820: [mem 0x000000000009fc00-0x000000000009ffff] reserved
[    0.000000] BIOS-e820: [mem 0x00000000000f0000-0x00000000000fffff] reserved
[    0.000000] BIOS-e820: [mem 0x0000000000100000-0x000000007ffeffff] usable
[    0.000000] BIOS-e820: [mem 0x000000007fff0000-0x000000007fffffff] ACPI data
[    0.000000] BIOS-e820: [mem 0x00000000fec00000-0x00000000fec00fff] reserved
[    0.000000] BIOS-e820: [mem 0x00000000fee00000-0x00000000fee00fff] reserved
[    0.000000] BIOS-e820: [mem 0x00000000fffc0000-0x00000000ffffffff] reserved
[    0.000000] NX (Execute Disable) protection: active
[    0.000000] SMBIOS 2.5 present.
[    0.000000] DMI: innotek GmbH VirtualBox/VirtualBox, BIOS VirtualBox 12/01/2006
[    0.000000] Hypervisor detected: KVM
[    0.000000] kvm-clock: Using msrs 4b564d01 and 4b564d00
[    0.000000] kvm-clock: cpu 0, msr 77201001, primary cpu clock
[    0.000000] kvm-clock: using sched offset of 4449787273 cycles
[    0.000002] clocksource: kvm-clock: mask: 0xffffffffffffffff max_cycles: 0x1cd42e4dffb, max_idle_ns: 881590591483 ns
[    0.000005] tsc: Detected 2100.000 MHz processor
[    0.001910] e820: update [mem 0x00000000-0x00000fff] usable ==> reserved
[    0.001912] e820: remove [mem 0x000a0000-0x000fffff] usable
[    0.001916] last_pfn = 0x7fff0 max_arch_pfn = 0x400000000
[    0.001984] MTRR default type: uncachable
[    0.001985] MTRR fixed ranges enabled:
[    0.001986]   00000-9FFFF write-back
[    0.001987]   A0000-BFFFF uncachable
[    0.001987]   C0000-FFFFF write-protect
[    0.001988] MTRR variable ranges enabled:
[    0.001990]   0 base 000000000000 mask 3FFF80000000 write-back
[    0.001990]   1 disabled
[    0.001991]   2 disabled
[    0.001991]   3 disabled
[    0.001991]   4 disabled
[    0.001992]   5 disabled
[    0.001992]   6 disabled
[    0.001993]   7 disabled
[    0.001993]   8 disabled
[    0.001994]   9 disabled
[    0.001994]   10 disabled
[    0.001994]   11 disabled
[    0.001995]   12 disabled
[    0.001995]   13 disabled
[    0.001996]   14 disabled
[    0.001996]   15 disabled
[    0.002012] x86/PAT: Configuration [0-7]: WB  WC  UC- UC  WB  WP  UC- WT  
[    0.002152] found SMP MP-table at [mem 0x0009fff0-0x0009ffff]
[    0.091894] check: Scanning 1 areas for low memory corruption
[    0.092141] RAMDISK: [mem 0x32271000-0x3512ffff]
[    0.092149] ACPI: Early table checksum verification disabled
[    0.092154] ACPI: RSDP 0x00000000000E0000 000024 (v02 VBOX  )
[    0.092158] ACPI: XSDT 0x000000007FFF0030 00003C (v01 VBOX   VBOXXSDT 00000001 ASL  00000061)
[    0.092165] ACPI: FACP 0x000000007FFF00F0 0000F4 (v04 VBOX   VBOXFACP 00000001 ASL  00000061)
[    0.092172] ACPI: DSDT 0x000000007FFF02E0 002353 (v02 VBOX   VBOXBIOS 00000002 VBOX 00029BF3)
[    0.092176] ACPI: FACS 0x000000007FFF0200 000040
[    0.092179] ACPI: FACS 0x000000007FFF0200 000040
[    0.092182] ACPI: APIC 0x000000007FFF0240 000054 (v02 VBOX   VBOXAPIC 00000001 ASL  00000061)
[    0.092186] ACPI: SSDT 0x000000007FFF02A0 000038 (v01 VBOX   VBOXCPUT 00000002 VBOX 00029BF3)
[    0.092189] ACPI: Reserving FACP table memory at [mem 0x7fff00f0-0x7fff01e3]
[    0.092190] ACPI: Reserving DSDT table memory at [mem 0x7fff02e0-0x7fff2632]
[    0.092191] ACPI: Reserving FACS table memory at [mem 0x7fff0200-0x7fff023f]
[    0.092192] ACPI: Reserving FACS table memory at [mem 0x7fff0200-0x7fff023f]
[    0.092192] ACPI: Reserving APIC table memory at [mem 0x7fff0240-0x7fff0293]
[    0.092193] ACPI: Reserving SSDT table memory at [mem 0x7fff02a0-0x7fff02d7]
[    0.092208] ACPI: Local APIC address 0xfee00000
[    0.092393] No NUMA configuration found
[    0.092394] Faking a node at [mem 0x0000000000000000-0x000000007ffeffff]
[    0.092404] NODE_DATA(0) allocated [mem 0x7ffc5000-0x7ffeffff]
[    0.092665] Zone ranges:
[    0.092665]   DMA      [mem 0x0000000000001000-0x0000000000ffffff]
[    0.092667]   DMA32    [mem 0x0000000001000000-0x000000007ffeffff]
[    0.092668]   Normal   empty
[    0.092668]   Device   empty
[    0.092669] Movable zone start for each node
[    0.092671] Early memory node ranges
[    0.092672]   node   0: [mem 0x0000000000001000-0x000000000009efff]
[    0.092673]   node   0: [mem 0x0000000000100000-0x000000007ffeffff]
[    0.092675] Zeroed struct page in unavailable ranges: 114 pages
[    0.092676] Initmem setup node 0 [mem 0x0000000000001000-0x000000007ffeffff]
[    0.092677] On node 0 totalpages: 524174
[    0.092679]   DMA zone: 64 pages used for memmap
[    0.092679]   DMA zone: 21 pages reserved
[    0.092680]   DMA zone: 3998 pages, LIFO batch:0
[    0.092752]   DMA32 zone: 8128 pages used for memmap
[    0.092753]   DMA32 zone: 520176 pages, LIFO batch:63
[    0.101774] ACPI: PM-Timer IO Port: 0x4008
[    0.101778] ACPI: Local APIC address 0xfee00000
[    0.101846] IOAPIC[0]: apic_id 1, version 32, address 0xfec00000, GSI 0-23
[    0.101850] ACPI: INT_SRC_OVR (bus 0 bus_irq 0 global_irq 2 dfl dfl)
[    0.101852] ACPI: INT_SRC_OVR (bus 0 bus_irq 9 global_irq 9 low level)
[    0.101854] ACPI: IRQ0 used by override.
[    0.101855] ACPI: IRQ9 used by override.
[    0.101858] Using ACPI (MADT) for SMP configuration information
[    0.101866] smpboot: Allowing 1 CPUs, 0 hotplug CPUs
[    0.101893] PM: Registered nosave memory: [mem 0x00000000-0x00000fff]
[    0.101895] PM: Registered nosave memory: [mem 0x0009f000-0x0009ffff]
[    0.101895] PM: Registered nosave memory: [mem 0x000a0000-0x000effff]
[    0.101896] PM: Registered nosave memory: [mem 0x000f0000-0x000fffff]
[    0.101898] [mem 0x80000000-0xfebfffff] available for PCI devices
[    0.101898] Booting paravirtualized kernel on KVM
[    0.101901] clocksource: refined-jiffies: mask: 0xffffffff max_cycles: 0xffffffff, max_idle_ns: 7645519600211568 ns
[    0.101906] setup_percpu: NR_CPUS:8192 nr_cpumask_bits:1 nr_cpu_ids:1 nr_node_ids:1
[    0.102922] percpu: Embedded 60 pages/cpu s208896 r8192 d28672 u2097152
[    0.102927] pcpu-alloc: s208896 r8192 d28672 u2097152 alloc=1*2097152
[    0.102928] pcpu-alloc: [0] 0 
[    0.102955] Built 1 zonelists, mobility grouping on.  Total pages: 515961
[    0.102956] Policy zone: DMA32
[    0.102957] Kernel command line: BOOT_IMAGE=/boot/vmlinuz-5.4.243-mptcp root=UUID=98415a12-53b7-4144-8265-0f7ece09e445 ro quiet splash
[    0.103787] Dentry cache hash table entries: 262144 (order: 9, 2097152 bytes, linear)
[    0.103938] Inode-cache hash table entries: 131072 (order: 8, 1048576 bytes, linear)
[    0.103988] mem auto-init: stack:off, heap alloc:on, heap free:off
[    0.103991] Calgary: detecting Calgary via BIOS EBDA area
[    0.103992] Calgary: Unable to locate Rio Grande table in EBDA - bailing!
[    0.108123] Memory: 1967332K/2096696K available (14339K kernel code, 2398K rwdata, 4712K rodata, 2728K init, 17260K bss, 129364K reserved, 0K cma-reserved)
[    0.109066] SLUB: HWalign=64, Order=0-3, MinObjects=0, CPUs=1, Nodes=1
[    0.109082] ftrace: allocating 43186 entries in 169 pages
[    0.127275] rcu: Hierarchical RCU implementation.
[    0.127277] rcu: 	RCU restricting CPUs from NR_CPUS=8192 to nr_cpu_ids=1.
[    0.127278] 	Tasks RCU enabled.
[    0.127279] rcu: RCU calculated value of scheduler-enlistment delay is 25 jiffies.
[    0.127280] rcu: Adjusting geometry for rcu_fanout_leaf=16, nr_cpu_ids=1
[    0.130271] NR_IRQS: 524544, nr_irqs: 256, preallocated irqs: 16
[    0.130490] random: crng init done
[    0.139886] Console: colour VGA+ 80x25
[    0.139891] printk: console [tty0] enabled
[    0.139911] ACPI: Core revision 20190816
[    0.140010] APIC: Switch to symmetric I/O mode setup
[    0.140267] x2apic enabled
[    0.140523] Switched APIC routing to physical x2apic.
[    0.141655] ..TIMER: vector=0x30 apic1=0 pin1=2 apic2=-1 pin2=-1
[    0.141681] clocksource: tsc-early: mask: 0xffffffffffffffff max_cycles: 0x1e4530a99b6, max_idle_ns: 440795257976 ns
[    0.141686] Calibrating delay loop (skipped) preset value.. 4200.00 BogoMIPS (lpj=8400000)
[    0.141688] pid_max: default: 32768 minimum: 301
[    0.141718] LSM: Security Framework initializing
[    0.141728] Yama: becoming mindful.
[    0.141754] AppArmor: AppArmor initialized
[    0.141789] Mount-cache hash table entries: 4096 (order: 3, 32768 bytes, linear)
[    0.141794] Mountpoint-cache hash table entries: 4096 (order: 3, 32768 bytes, linear)
[    0.141804] *** VALIDATE tmpfs ***
[    0.141936] *** VALIDATE proc ***
[    0.141977] *** VALIDATE cgroup1 ***
[    0.141978] *** VALIDATE cgroup2 ***
[    0.142120] process: using mwait in idle threads
[    0.142124] Last level iTLB entries: 4KB 64, 2MB 8, 4MB 8
[    0.142125] Last level dTLB entries: 4KB 64, 2MB 0, 4MB 0, 1GB 4
[    0.142145] Spectre V1 : Mitigation: usercopy/swapgs barriers and __user pointer sanitization
[    0.142150] Spectre V2 : Mitigation: Retpolines
[    0.142151] Spectre V2 : Spectre v2 / SpectreRSB mitigation: Filling RSB on context switch
[    0.142151] Spectre V2 : Spectre v2 / SpectreRSB : Filling RSB on VMEXIT
[    0.142152] RETBleed: WARNING: Spectre v2 mitigation leaves CPU vulnerable to RETBleed attacks, data leaks possible!
[    0.142529] RETBleed: Vulnerable
[    0.142530] Speculative Store Bypass: Vulnerable
[    0.142535] TAA: Mitigation: TSX disabled
[    0.142535] MMIO Stale Data: Mitigation: Clear CPU buffers
[    0.146794] Freeing SMP alternatives memory: 40K
[    0.259418] smpboot: CPU0: Intel(R) Xeon(R) Silver 4216 CPU @ 2.10GHz (family: 0x6, model: 0x55, stepping: 0x7)
[    0.259560] Performance Events: unsupported p6 CPU model 85 no PMU driver, software events only.
[    0.259598] rcu: Hierarchical SRCU implementation.
[    0.260074] NMI watchdog: Perf NMI watchdog permanently disabled
[    0.260111] smp: Bringing up secondary CPUs ...
[    0.260112] smp: Brought up 1 node, 1 CPU
[    0.260113] smpboot: Max logical packages: 1
[    0.260114] smpboot: Total of 1 processors activated (4200.00 BogoMIPS)
[    0.261076] devtmpfs: initialized
[    0.261137] x86/mm: Memory block size: 128MB
[    0.261491] clocksource: jiffies: mask: 0xffffffff max_cycles: 0xffffffff, max_idle_ns: 7645041785100000 ns
[    0.261497] futex hash table entries: 256 (order: 2, 16384 bytes, linear)
[    0.261541] pinctrl core: initialized pinctrl subsystem
[    0.261641] PM: RTC time: 08:22:28, date: 2026-01-13
[    0.261682] NET: Registered protocol family 16
[    0.261682] audit: initializing netlink subsys (disabled)
[    0.261682] EISA bus registered
[    0.261682] cpuidle: using governor ladder
[    0.261682] cpuidle: using governor menu
[    0.261682] ACPI: bus type PCI registered
[    0.261682] acpiphp: ACPI Hot Plug PCI Controller Driver version: 0.5
[    0.261682] PCI: Using configuration type 1 for base access
[    0.261994] audit: type=2000 audit(1768263755.054:1): state=initialized audit_enabled=0 res=1
[    0.262081] HugeTLB registered 2.00 MiB page size, pre-allocated 0 pages
[    0.262896] ACPI: Added _OSI(Module Device)
[    0.262896] ACPI: Added _OSI(Processor Device)
[    0.262897] ACPI: Added _OSI(3.0 _SCP Extensions)
[    0.262898] ACPI: Added _OSI(Processor Aggregator Device)
[    0.262899] ACPI: Added _OSI(Linux-Dell-Video)
[    0.262900] ACPI: Added _OSI(Linux-Lenovo-NV-HDMI-Audio)
[    0.262900] ACPI: Added _OSI(Linux-HPI-Hybrid-Graphics)
[    0.264864] ACPI: 2 ACPI AML tables successfully acquired and loaded
[    0.265682] ACPI: Interpreter enabled
[    0.265682] ACPI: (supports S0 S5)
[    0.265682] ACPI: Using IOAPIC for interrupt routing
[    0.265682] PCI: Using host bridge windows from ACPI; if necessary, use "pci=nocrs" and report a bug
[    0.265767] ACPI: Enabled 2 GPEs in block 00 to 07
[    0.273765] ACPI: PCI Root Bridge [PCI0] (domain 0000 [bus 00-ff])
[    0.273770] acpi PNP0A03:00: _OSC: OS supports [ASPM ClockPM Segments MSI HPX-Type3]
[    0.274304] acpi PNP0A03:00: _OSC: not requesting OS control; OS requires [ExtendedConfig ASPM ClockPM MSI]
[    0.274313] acpi PNP0A03:00: fail to add MMCONFIG information, can't access extended PCI configuration space under this bridge.
[    0.274735] PCI host bridge to bus 0000:00
[    0.274737] pci_bus 0000:00: root bus resource [io  0x0000-0x0cf7 window]
[    0.274738] pci_bus 0000:00: root bus resource [io  0x0d00-0xffff window]
[    0.274739] pci_bus 0000:00: root bus resource [mem 0x000a0000-0x000bffff window]
[    0.274741] pci_bus 0000:00: root bus resource [mem 0x80000000-0xfdffffff window]
[    0.274742] pci_bus 0000:00: root bus resource [bus 00-ff]
[    0.274785] pci 0000:00:00.0: [8086:1237] type 00 class 0x060000
[    0.275744] pci 0000:00:01.0: [8086:7000] type 00 class 0x060100
[    0.276551] pci 0000:00:01.1: [8086:7111] type 00 class 0x01018a
[    0.276923] pci 0000:00:01.1: reg 0x20: [io  0xd000-0xd00f]
[    0.277073] pci 0000:00:01.1: legacy IDE quirk: reg 0x10: [io  0x01f0-0x01f7]
[    0.277074] pci 0000:00:01.1: legacy IDE quirk: reg 0x14: [io  0x03f6]
[    0.277075] pci 0000:00:01.1: legacy IDE quirk: reg 0x18: [io  0x0170-0x0177]
[    0.277076] pci 0000:00:01.1: legacy IDE quirk: reg 0x1c: [io  0x0376]
[    0.277621] pci 0000:00:02.0: [15ad:0405] type 00 class 0x030000
[    0.279695] pci 0000:00:02.0: reg 0x10: [io  0xd010-0xd01f]
[    0.283569] pci 0000:00:02.0: reg 0x14: [mem 0xe0000000-0xe7ffffff pref]
[    0.285726] pci 0000:00:02.0: reg 0x18: [mem 0xf0000000-0xf01fffff]
[    0.296924] pci 0000:00:03.0: [1022:2000] type 00 class 0x020000
[    0.297784] pci 0000:00:03.0: reg 0x10: [io  0xd020-0xd03f]
[    0.298394] pci 0000:00:03.0: reg 0x14: [mem 0xf0200000-0xf0200fff]
[    0.302043] pci 0000:00:04.0: [80ee:cafe] type 00 class 0x088000
[    0.302709] pci 0000:00:04.0: reg 0x10: [io  0xd040-0xd05f]
[    0.303315] pci 0000:00:04.0: reg 0x14: [mem 0xf0400000-0xf07fffff]
[    0.303932] pci 0000:00:04.0: reg 0x18: [mem 0xf0800000-0xf0803fff pref]
[    0.307102] pci 0000:00:07.0: [8086:7113] type 00 class 0x068000
[    0.307632] pci 0000:00:07.0: quirk: [io  0x4000-0x403f] claimed by PIIX4 ACPI
[    0.307647] pci 0000:00:07.0: quirk: [io  0x4100-0x410f] claimed by PIIX4 SMB
[    0.308261] pci 0000:00:08.0: [8086:100e] type 00 class 0x020000
[    0.309779] pci 0000:00:08.0: reg 0x10: [mem 0xf0820000-0xf083ffff]
[    0.310948] pci 0000:00:08.0: reg 0x18: [io  0xd060-0xd067]
[    0.313765] pci 0000:00:09.0: [8086:100e] type 00 class 0x020000
[    0.314497] pci 0000:00:09.0: reg 0x10: [mem 0xf0840000-0xf085ffff]
[    0.317801] pci 0000:00:09.0: reg 0x18: [io  0xd068-0xd06f]
[    0.326707] ACPI: PCI Interrupt Link [LNKA] (IRQs 5 9 10 *11)
[    0.326991] ACPI: PCI Interrupt Link [LNKB] (IRQs 5 9 *10 11)
[    0.327093] ACPI: PCI Interrupt Link [LNKC] (IRQs 5 *9 10 11)
[    0.327197] ACPI: PCI Interrupt Link [LNKD] (IRQs 5 9 10 *11)
[    0.329810] iommu: Default domain type: Translated 
[    0.329868] pci 0000:00:02.0: vgaarb: setting as boot VGA device
[    0.329870] pci 0000:00:02.0: vgaarb: VGA device added: decodes=io+mem,owns=io+mem,locks=none
[    0.329872] pci 0000:00:02.0: vgaarb: bridge control possible
[    0.329873] vgaarb: loaded
[    0.330083] SCSI subsystem initialized
[    0.330112] libata version 3.00 loaded.
[    0.330137] ACPI: bus type USB registered
[    0.330154] usbcore: registered new interface driver usbfs
[    0.330160] usbcore: registered new interface driver hub
[    0.330165] usbcore: registered new device driver usb
[    0.330195] pps_core: LinuxPPS API ver. 1 registered
[    0.330195] pps_core: Software ver. 5.3.6 - Copyright 2005-2007 Rodolfo Giometti <giometti@linux.it>
[    0.330197] PTP clock support registered
[    0.330232] EDAC MC: Ver: 3.0.0
[    0.330525] PCI: Using ACPI for IRQ routing
[    0.330526] PCI: pci_cache_line_size set to 64 bytes
[    0.330696] e820: reserve RAM buffer [mem 0x0009fc00-0x0009ffff]
[    0.330700] e820: reserve RAM buffer [mem 0x7fff0000-0x7fffffff]
[    0.331481] NetLabel: Initializing
[    0.331482] NetLabel:  domain hash size = 128
[    0.331482] NetLabel:  protocols = UNLABELED CIPSOv4 CALIPSO
[    0.331501] NetLabel:  unlabeled traffic allowed by default
[    0.332423] clocksource: Switched to clocksource kvm-clock
[    0.343271] *** VALIDATE bpf ***
[    0.343271] VFS: Disk quotas dquot_6.6.0
[    0.343271] VFS: Dquot-cache hash table entries: 512 (order 0, 4096 bytes)
[    0.343271] *** VALIDATE ramfs ***
[    0.343271] *** VALIDATE hugetlbfs ***
[    0.343271] AppArmor: AppArmor Filesystem Enabled
[    0.343271] pnp: PnP ACPI init
[    0.343271] pnp 00:00: Plug and Play ACPI device, IDs PNP0303 (active)
[    0.343271] pnp 00:01: Plug and Play ACPI device, IDs PNP0f03 (active)
[    0.345372] pnp: PnP ACPI: found 2 devices
[    0.346347] thermal_sys: Registered thermal governor 'fair_share'
[    0.346348] thermal_sys: Registered thermal governor 'bang_bang'
[    0.346348] thermal_sys: Registered thermal governor 'step_wise'
[    0.346349] thermal_sys: Registered thermal governor 'user_space'
[    0.346350] thermal_sys: Registered thermal governor 'power_allocator'
[    0.350878] clocksource: acpi_pm: mask: 0xffffff max_cycles: 0xffffff, max_idle_ns: 2085701024 ns
[    0.350919] pci_bus 0000:00: resource 4 [io  0x0000-0x0cf7 window]
[    0.350921] pci_bus 0000:00: resource 5 [io  0x0d00-0xffff window]
[    0.350922] pci_bus 0000:00: resource 6 [mem 0x000a0000-0x000bffff window]
[    0.350923] pci_bus 0000:00: resource 7 [mem 0x80000000-0xfdffffff window]
[    0.350981] NET: Registered protocol family 2
[    0.351055] IP idents hash table entries: 32768 (order: 6, 262144 bytes, linear)
[    0.351380] MPTCP tokens hash table entries: 8192 (order: 4, 65536 bytes, linear)
[    0.351380] MPTCP request tokens hash table entries: 8192 (order: 4, 65536 bytes, linear)
[    0.351380] default registered
[    0.351380] default registered
[    0.351380] MPTCP: Stable release v0.96
[    0.351380] tcp_listen_portaddr_hash hash table entries: 1024 (order: 2, 16384 bytes, linear)
[    0.351380] TCP established hash table entries: 16384 (order: 5, 131072 bytes, linear)
[    0.351380] TCP bind hash table entries: 16384 (order: 6, 262144 bytes, linear)
[    0.351380] TCP: Hash tables configured (established 16384 bind 16384)
[    0.352402] UDP hash table entries: 1024 (order: 3, 32768 bytes, linear)
[    0.352413] UDP-Lite hash table entries: 1024 (order: 3, 32768 bytes, linear)
[    0.352449] NET: Registered protocol family 1
[    0.352457] NET: Registered protocol family 44
[    0.352477] pci 0000:00:00.0: Limiting direct PCI/PCI transfers
[    0.352492] pci 0000:00:01.0: Activating ISA DMA hang workarounds
[    0.352545] pci 0000:00:02.0: Video device with shadowed ROM at [mem 0x000c0000-0x000dffff]
[    0.352608] PCI: CLS 0 bytes, default 64
[    0.352654] Trying to unpack rootfs image as initramfs...
[    0.520385] Freeing initrd memory: 47868K
[    0.520385] clocksource: tsc: mask: 0xffffffffffffffff max_cycles: 0x1e4530a99b6, max_idle_ns: 440795257976 ns
[    0.520385] clocksource: Switched to clocksource tsc
[    0.520385] platform rtc_cmos: registered platform RTC device (no PNP device found)
[    0.520385] check: Scanning for low memory corruption every 60 seconds
[    0.520385] Initialise system trusted keyrings
[    0.520385] Key type blacklist registered
[    0.520385] workingset: timestamp_bits=36 max_order=19 bucket_order=0
[    0.520385] zbud: loaded
[    0.520385] squashfs: version 4.0 (2009/01/31) Phillip Lougher
[    0.520385] fuse: init (API version 7.31)
[    0.520385] *** VALIDATE fuse ***
[    0.520385] *** VALIDATE fuse ***
[    0.520385] Platform Keyring initialized
[    0.535693] Key type asymmetric registered
[    0.535694] Asymmetric key parser 'x509' registered
[    0.535705] Block layer SCSI generic (bsg) driver version 0.4 loaded (major 244)
[    0.535745] io scheduler mq-deadline registered
[    0.535870] shpchp: Standard Hot Plug PCI Controller Driver version: 0.4
[    0.536080] ACPI: AC Adapter [AC] (on-line)
[    0.536125] input: Power Button as /devices/LNXSYSTM:00/LNXPWRBN:00/input/input0
[    0.536155] ACPI: Power Button [PWRF]
[    0.536235] input: Sleep Button as /devices/LNXSYSTM:00/LNXSLPBN:00/input/input1
[    0.536250] ACPI: Sleep Button [SLPF]
[    0.536484] Serial: 8250/16550 driver, 32 ports, IRQ sharing enabled
[    0.537676] Linux agpgart interface v0.103
[    0.627250] loop: module loaded
[    0.627423] ata_piix 0000:00:01.1: version 2.13
[    0.627887] scsi host0: ata_piix
[    0.627990] scsi host1: ata_piix
[    0.628022] ata1: PATA max UDMA/33 cmd 0x1f0 ctl 0x3f6 bmdma 0xd000 irq 14
[    0.628024] ata2: PATA max UDMA/33 cmd 0x170 ctl 0x376 bmdma 0xd008 irq 15
[    0.628115] tun: Universal TUN/TAP device driver, 1.6
[    0.628444] PPP generic driver version 2.4.2
[    0.628490] VFIO - User Level meta-driver version: 0.3
[    0.628729] ehci_hcd: USB 2.0 'Enhanced' Host Controller (EHCI) Driver
[    0.628733] ehci-pci: EHCI PCI platform driver
[    0.628747] ehci-platform: EHCI generic platform driver
[    0.628754] ohci_hcd: USB 1.1 'Open' Host Controller (OHCI) Driver
[    0.628756] ohci-pci: OHCI PCI platform driver
[    0.628763] ohci-platform: OHCI generic platform driver
[    0.628767] uhci_hcd: USB Universal Host Controller Interface driver
[    0.628834] i8042: PNP: PS/2 Controller [PNP0303:PS2K,PNP0f03:PS2M] at 0x60,0x64 irq 1,12
[    0.629293] serio: i8042 KBD port at 0x60,0x64 irq 1
[    0.629297] serio: i8042 AUX port at 0x60,0x64 irq 12
[    0.629387] mousedev: PS/2 mouse device common for all mice
[    0.629648] input: AT Translated Set 2 keyboard as /devices/platform/i8042/serio0/input/input2
[    0.630073] rtc_cmos rtc_cmos: registered as rtc0
[    0.630086] rtc_cmos rtc_cmos: alarms up to one day, 114 bytes nvram
[    0.630091] i2c /dev entries driver
[    0.630135] device-mapper: uevent: version 1.0.3
[    0.630179] device-mapper: ioctl: 4.41.0-ioctl (2019-09-16) initialised: dm-devel@redhat.com
[    0.630195] platform eisa.0: Probing EISA bus 0
[    0.630196] platform eisa.0: EISA: Cannot allocate resource for mainboard
[    0.630197] platform eisa.0: Cannot allocate resource for EISA slot 1
[    0.630198] platform eisa.0: Cannot allocate resource for EISA slot 2
[    0.630200] platform eisa.0: Cannot allocate resource for EISA slot 3
[    0.630201] platform eisa.0: Cannot allocate resource for EISA slot 4
[    0.630202] platform eisa.0: Cannot allocate resource for EISA slot 5
[    0.630202] platform eisa.0: Cannot allocate resource for EISA slot 6
[    0.630203] platform eisa.0: Cannot allocate resource for EISA slot 7
[    0.630204] platform eisa.0: Cannot allocate resource for EISA slot 8
[    0.630205] platform eisa.0: EISA: Detected 0 cards
[    0.630208] intel_pstate: CPU model not supported
[    0.630218] ledtrig-cpu: registered to indicate activity on CPUs
[    0.630273] drop_monitor: Initializing network drop monitor service
[    0.630432] NET: Registered protocol family 10
[    0.635280] Segment Routing with IPv6
[    0.635280] fullmesh registered
[    0.635280] ndiffports registered
[    0.635280] binder registered
[    0.635280] roundrobin registered
[    0.635280] redundant registered
[    0.635280] blest registered
[    0.635280] ecf registered
[    0.635280] NET: Registered protocol family 17
[    0.635280] Key type dns_resolver registered
[    0.635280] RAS: Correctable Errors collector initialized.
[    0.635280] IPI shorthand broadcast: enabled
[    0.635280] sched_clock: Marking stable (620078469, 11202361)->(633337322, -2056492)
[    0.636019] registered taskstats version 1
[    0.636028] Loading compiled-in X.509 certificates
[    0.636669] Loaded X.509 cert 'Build time autogenerated kernel key: 6909f3744cebb3d0de528d5887b96a727de79b1e'
[    0.636692] zswap: loaded using pool lzo/zbud
[    0.636760] Key type ._fscrypt registered
[    0.636761] Key type .fscrypt registered
[    0.641587] Key type big_key registered
[    0.643847] Key type encrypted registered
[    0.643851] AppArmor: AppArmor sha1 policy hashing enabled
[    0.643858] ima: No TPM chip found, activating TPM-bypass!
[    0.643863] ima: Allocated hash algorithm: sha1
[    0.643868] ima: No architecture policies found
[    0.643878] evm: Initialising EVM extended attributes:
[    0.643878] evm: security.selinux
[    0.643879] evm: security.SMACK64
[    0.643879] evm: security.SMACK64EXEC
[    0.643880] evm: security.SMACK64TRANSMUTE
[    0.643880] evm: security.SMACK64MMAP
[    0.643881] evm: security.apparmor
[    0.643881] evm: security.ima
[    0.643882] evm: security.capability
[    0.643883] evm: HMAC attrs: 0x1
[    0.644205] PM:   Magic number: 10:614:371
[    0.644345] rtc_cmos rtc_cmos: setting system clock to 2026-01-13T08:22:29 UTC (1768292549)
[    0.799216] ata1.00: ATA-6: VBOX HARDDISK, 1.0, max UDMA/133
[    0.799218] ata1.00: 209715200 sectors, multi 128: LBA 
[    0.799732] scsi 0:0:0:0: Direct-Access     ATA      VBOX HARDDISK    1.0  PQ: 0 ANSI: 5
[    0.799933] sd 0:0:0:0: [sda] 209715200 512-byte logical blocks: (107 GB/100 GiB)
[    0.799941] sd 0:0:0:0: [sda] Write Protect is off
[    0.799943] sd 0:0:0:0: [sda] Mode Sense: 00 3a 00 00
[    0.799956] sd 0:0:0:0: [sda] Write cache: enabled, read cache: enabled, doesn't support DPO or FUA
[    0.800176] sd 0:0:0:0: Attached scsi generic sg0 type 0
[    0.800931]  sda: sda1 sda2
[    0.811361] sd 0:0:0:0: [sda] Attached SCSI disk
[    0.813513] Freeing unused decrypted memory: 2040K
[    0.814256] Freeing unused kernel image memory: 2728K
[    0.814258] Write protecting the kernel read-only data: 22528k
[    0.814996] Freeing unused kernel image memory: 2036K
[    0.815417] Freeing unused kernel image memory: 1432K
[    0.831729] x86/mm: Checked W+X mappings: passed, no W+X pages found.
[    0.831733] Run /init as init process
[    0.933352] ACPI: Video Device [GFX0] (multi-head: yes  rom: no  post: no)
[    0.933426] input: Video Bus as /devices/LNXSYSTM:00/LNXSYBUS:00/PNP0A03:00/LNXVIDEO:00/input/input4
[    0.944962] pcnet32: pcnet32.c:v1.35 21.Apr.2008 tsbogend@alpha.franken.de
[    0.946555] piix4_smbus 0000:00:07.0: SMBus Host Controller at 0x4100, revision 0
[    0.951053] e1000: Intel(R) PRO/1000 Network Driver - version 7.3.21-k8-NAPI
[    0.951054] e1000: Copyright (c) 1999-2006 Intel Corporation.
[    0.956962] pcnet32: PCnet/FAST III 79C973 at 0xd020, 08:00:27:24:10:9a assigned IRQ 19
[    0.957009] pcnet32: Found PHY 0022:561b at address 0
[    0.957322] pcnet32: eth0: registered as PCnet/FAST III 79C973
[    0.966202] pcnet32: 1 cards_found
[    1.028544] pcnet32 0000:00:03.0 enp0s3: renamed from eth0
[    1.165368] input: ImExPS/2 Generic Explorer Mouse as /devices/platform/i8042/serio1/input/input5
[    1.367614] e1000 0000:00:08.0 eth0: (PCI:33MHz:32-bit) 08:00:27:ed:df:00
[    1.367618] e1000 0000:00:08.0 eth0: Intel(R) PRO/1000 Network Connection
[    1.743641] e1000 0000:00:09.0 eth1: (PCI:33MHz:32-bit) 08:00:27:e0:f1:ae
[    1.743643] e1000 0000:00:09.0 eth1: Intel(R) PRO/1000 Network Connection
[    1.744773] e1000 0000:00:09.0 enp0s9: renamed from eth1
[    1.746602] e1000 0000:00:08.0 enp0s8: renamed from eth0
[    1.896052] EXT4-fs (sda2): mounted filesystem with ordered data mode. Opts: (null)
[    1.987286] systemd[1]: Inserted module 'autofs4'
[    1.999306] systemd[1]: systemd 245.4-4ubuntu3 running in system mode. (+PAM +AUDIT +SELINUX +IMA +APPARMOR +SMACK +SYSVINIT +UTMP +LIBCRYPTSETUP +GCRYPT +GNUTLS +ACL +XZ +LZ4 +SECCOMP +BLKID +ELFUTILS +KMOD +IDN2 -IDN +PCRE2 default-hierarchy=hybrid)
[    1.999336] systemd[1]: Detected virtualization oracle.
[    1.999339] systemd[1]: Detected architecture x86-64.
[    2.000619] systemd[1]: Set hostname to <ztg>.
[    2.125197] systemd[1]: /lib/systemd/system/dbus.socket:5: ListenStream= references a path below legacy directory /var/run/, updating /var/run/dbus/system_bus_socket â†’ /run/dbus/system_bus_socket; please update the unit file accordingly.
[    2.179214] systemd[1]: Created slice system-modprobe.slice.
[    2.179468] systemd[1]: Created slice User and Session Slice.
[    2.179514] systemd[1]: Started Forward Password Requests to Wall Directory Watch.
[    2.179678] systemd[1]: Set up automount Arbitrary Executable File Formats File System Automount Point.
[    2.179712] systemd[1]: Reached target User and Group Name Lookups.
[    2.179720] systemd[1]: Reached target Remote File Systems.
[    2.179728] systemd[1]: Reached target Slices.
[    2.180268] systemd[1]: Listening on Syslog Socket.
[    2.180336] systemd[1]: Listening on fsck to fsckd communication Socket.
[    2.180374] systemd[1]: Listening on initctl Compatibility Named Pipe.
[    2.180511] systemd[1]: Listening on Journal Audit Socket.
[    2.180564] systemd[1]: Listening on Journal Socket (/dev/log).
[    2.180633] systemd[1]: Listening on Journal Socket.
[    2.180695] systemd[1]: Listening on udev Control Socket.
[    2.180731] systemd[1]: Listening on udev Kernel Socket.
[    2.181504] systemd[1]: Mounting Huge Pages File System...
[    2.182432] systemd[1]: Mounting POSIX Message Queue File System...
[    2.183391] systemd[1]: Mounting Kernel Debug File System...
[    2.184271] systemd[1]: Mounting Kernel Trace File System...
[    2.186198] systemd[1]: Starting Journal Service...
[    2.209995] systemd[1]: Starting Set the console keyboard layout...
[    2.217826] systemd[1]: Starting Create list of static device nodes for the current kernel...
[    2.219656] systemd[1]: Starting Load Kernel Module drm...
[    2.220650] systemd[1]: Condition check resulted in Set Up Additional Binary Formats being skipped.
[    2.220697] systemd[1]: Condition check resulted in File System Check on Root Device being skipped.
[    2.231684] systemd[1]: Starting Load Kernel Modules...
[    2.240525] systemd[1]: Starting Remount Root and Kernel File Systems...
[    2.248824] systemd[1]: Starting udev Coldplug all Devices...
[    2.258398] systemd[1]: Starting Uncomplicated firewall...
[    2.262647] systemd[1]: Mounted Huge Pages File System.
[    2.262733] systemd[1]: Mounted POSIX Message Queue File System.
[    2.262815] systemd[1]: Mounted Kernel Debug File System.
[    2.262884] systemd[1]: Mounted Kernel Trace File System.
[    2.267763] EXT4-fs (sda2): re-mounted. Opts: errors=remount-ro
[    2.284645] systemd[1]: Finished Create list of static device nodes for the current kernel.
[    2.285707] systemd[1]: modprobe@drm.service: Succeeded.
[    2.300533] systemd[1]: Finished Load Kernel Module drm.
[    2.307083] systemd[1]: Finished Remount Root and Kernel File Systems.
[    2.307993] systemd[1]: Finished Uncomplicated firewall.
[    2.324716] lp: driver loaded but no devices found
[    2.326615] systemd[1]: Condition check resulted in Rebuild Hardware Database being skipped.
[    2.326655] systemd[1]: Condition check resulted in Platform Persistent Storage Archival being skipped.
[    2.327365] systemd[1]: Starting Load/Save Random Seed...
[    2.333939] systemd[1]: Starting Create System Users...
[    2.339378] ppdev: user-space parallel port driver
[    2.354294] systemd[1]: Finished Load/Save Random Seed.
[    2.356129] systemd[1]: Finished Create System Users.
[    2.356908] systemd[1]: Starting Create Static Device Nodes in /dev...
[    2.403542] systemd[1]: Finished udev Coldplug all Devices.
[    2.412982] systemd[1]: Finished Create Static Device Nodes in /dev.
[    2.413854] systemd[1]: Starting udev Kernel Device Manager...
[    2.436145] [drm] DMA map mode: Caching DMA mappings.
[    2.436208] [drm] Capabilities:
[    2.436208] [drm]   Rect copy.
[    2.436208] [drm]   Cursor.
[    2.436209] [drm]   Cursor bypass.
[    2.436209] [drm]   Cursor bypass 2.
[    2.436209] [drm]   Alpha cursor.
[    2.436210] [drm]   Extended Fifo.
[    2.436210] [drm]   Pitchlock.
[    2.436210] [drm]   Irq mask.
[    2.436211] [drm]   GMR.
[    2.436211] [drm]   Traces.
[    2.436211] [drm]   GMR2.
[    2.436212] [drm]   Screen Object 2.
[    2.436212] [drm]   Command Buffers.
[    2.436212] [drm]   Command Buffers 2.
[    2.436213] [drm]   Guest Backed Resources.
[    2.436214] [drm] Max GMR ids is 8192
[    2.436214] [drm] Max number of GMR pages is 1048576
[    2.436215] [drm] Max dedicated hypervisor surface memory is 393216 kiB
[    2.436215] [drm] Maximum display memory size is 131072 kiB
[    2.436216] [drm] VRAM at 0xe0000000 size is 131072 kiB
[    2.436217] [drm] MMIO at 0xf0000000 size is 2048 kiB
[    2.436789] [TTM] Zone  kernel: Available graphics memory: 1011738 KiB
[    2.436790] [TTM] Initializing pool allocator
[    2.436793] [TTM] Initializing DMA pool allocator
[    2.436821] [drm] Supports vblank timestamp caching Rev 2 (21.10.2013).
[    2.436821] [drm] No driver support for vblank timestamp query.
[    2.437068] [drm] Screen Target Display device initialized
[    2.437280] [drm] width 720
[    2.437289] [drm] height 400
[    2.437292] [drm] bpp 32
[    2.437833] [drm] Fifo max 0x00200000 min 0x00001000 cap 0x00000355
[    2.438927] [drm] Using command buffers with DMA pool.
[    2.438934] [drm] DX: no.
[    2.438935] [drm] Atomic: yes.
[    2.438935] [drm] SM4_1: no.
[    2.438954] [drm:vmw_host_log [vmwgfx]] *ERROR* Failed to send host log message.
[    2.443285] [drm:vmw_host_log [vmwgfx]] *ERROR* Failed to send host log message.
[    2.473967] fbcon: svgadrmfb (fb0) is primary device
[    2.476109] Console: switching to colour frame buffer device 100x37
[    2.480529] [drm] Initialized vmwgfx 2.15.0 20180704 for 0000:00:02.0 on minor 0
[    2.481716] systemd[1]: Finished Load Kernel Modules.
[    2.482092] systemd[1]: Finished Set the console keyboard layout.
[    2.482175] systemd[1]: Reached target Local File Systems (Pre).
[    2.485580] systemd[1]: Mounting Mount unit for bare, revision 5...
[    2.489905] systemd[1]: Mounting Mount unit for core18, revision 1705...
[    2.514801] systemd[1]: Mounting Mount unit for gnome-3-34-1804, revision 24...
[    2.534883] systemd[1]: Mounting Mount unit for gtk-common-themes, revision 1506...
[    2.539096] systemd[1]: Mounting Mount unit for gtk-common-themes, revision 1535...
[    2.542360] systemd[1]: Mounting Mount unit for snap-store, revision 433...
[    2.546496] systemd[1]: Mounting Mount unit for snapd, revision 7264...
[    2.570001] systemd[1]: Mounting FUSE Control File System...
[    2.574586] systemd[1]: Mounting Kernel Configuration File System...
[    2.577990] systemd[1]: Starting Apply Kernel Variables...
[    2.579197] systemd[1]: Mounted FUSE Control File System.
[    2.579270] systemd[1]: Condition check resulted in VMware vmblock fuse mount being skipped.
[    2.589444] systemd[1]: Mounted Kernel Configuration File System.
[    2.610023] systemd[1]: Mounted Mount unit for bare, revision 5.
[    2.617101] systemd[1]: Finished Apply Kernel Variables.
[    2.619214] systemd[1]: Started udev Kernel Device Manager.
[    2.620000] systemd[1]: Starting Show Plymouth Boot Screen...
[    2.620977] systemd[1]: Mounted Mount unit for core18, revision 1705.
[    2.621111] systemd[1]: Mounted Mount unit for gnome-3-34-1804, revision 24.
[    2.621203] systemd[1]: Mounted Mount unit for gtk-common-themes, revision 1506.
[    2.626116] systemd[1]: Received SIGRTMIN+20 from PID 275 (plymouthd).
[    2.647173] systemd[1]: Started Show Plymouth Boot Screen.
[    2.647333] systemd[1]: Condition check resulted in Dispatch Password Requests to Console Directory Watch being skipped.
[    2.647435] systemd[1]: Started Forward Password Requests to Plymouth Directory Watch.
[    2.647480] systemd[1]: Reached target Local Encrypted Volumes.
[    2.715888] systemd[1]: Mounted Mount unit for gtk-common-themes, revision 1535.
[    2.716154] systemd[1]: Mounted Mount unit for snap-store, revision 433.
[    2.716331] systemd[1]: Mounted Mount unit for snapd, revision 7264.
[    2.716478] systemd[1]: Reached target Local File Systems.
[    2.718965] systemd[1]: Starting Load AppArmor profiles...
[    2.719879] systemd[1]: Starting Set console font and keymap...
[    2.733121] systemd[1]: Starting Tell Plymouth To Write Out Runtime Data...
[    2.733253] systemd[1]: Condition check resulted in Store a System Token in an EFI Variable being skipped.
[    2.737757] systemd[1]: Condition check resulted in Commit a transient machine-id on disk being skipped.
[    2.738671] systemd[1]: Finished Set console font and keymap.
[    2.744808] systemd[1]: Received SIGRTMIN+20 from PID 275 (plymouthd).
[    2.746298] systemd[1]: plymouth-read-write.service: Succeeded.
[    2.746526] systemd[1]: Finished Tell Plymouth To Write Out Runtime Data.
[    2.765014] audit: type=1400 audit(1768292551.616:2): apparmor="STATUS" operation="profile_load" profile="unconfined" name="nvidia_modprobe" pid=299 comm="apparmor_parser"
[    2.765017] audit: type=1400 audit(1768292551.616:3): apparmor="STATUS" operation="profile_load" profile="unconfined" name="nvidia_modprobe//kmod" pid=299 comm="apparmor_parser"
[    2.777525] audit: type=1400 audit(1768292551.628:4): apparmor="STATUS" operation="profile_load" profile="unconfined" name="/usr/sbin/tcpdump" pid=300 comm="apparmor_parser"
[    2.820829] audit: type=1400 audit(1768292551.664:5): apparmor="STATUS" operation="profile_load" profile="unconfined" name="/usr/bin/evince" pid=302 comm="apparmor_parser"
[    2.820831] audit: type=1400 audit(1768292551.664:6): apparmor="STATUS" operation="profile_load" profile="unconfined" name="/usr/bin/evince//sanitized_helper" pid=302 comm="apparmor_parser"
[    2.820832] audit: type=1400 audit(1768292551.664:7): apparmor="STATUS" operation="profile_load" profile="unconfined" name="/usr/bin/evince-previewer" pid=302 comm="apparmor_parser"
[    2.820834] audit: type=1400 audit(1768292551.664:8): apparmor="STATUS" operation="profile_load" profile="unconfined" name="/usr/bin/evince-previewer//sanitized_helper" pid=302 comm="apparmor_parser"
[    2.820835] audit: type=1400 audit(1768292551.664:9): apparmor="STATUS" operation="profile_load" profile="unconfined" name="/usr/bin/evince-thumbnailer" pid=302 comm="apparmor_parser"
[    2.835524] audit: type=1400 audit(1768292551.684:10): apparmor="STATUS" operation="profile_load" profile="unconfined" name="/usr/lib/cups/backend/cups-pdf" pid=303 comm="apparmor_parser"
[    2.916662] systemd[1]: Finished Load AppArmor profiles.
[    2.917588] systemd[1]: Starting Load AppArmor profiles managed internally by snapd...
[    2.986130] systemd[1]: Finished Load AppArmor profiles managed internally by snapd.
[    3.124100] systemd[1]: Started Journal Service.
[    3.130965] systemd-journald[229]: Received client request to flush runtime journal.
[    3.136165] systemd-journald[229]: File /var/log/journal/c455b248004a419c87ce85eea238d727/system.journal corrupted or uncleanly shut down, renaming and replacing.
[    4.421822] RAPL PMU: API unit is 2^-32 Joules, 0 fixed counters, 10737418240 ms ovfl timer
[    4.431328] cryptd: max_cpu_qlen set to 1000
[    4.438770] AVX2 version of gcm_enc/dec engaged.
[    4.438771] AES CTR mode by8 optimization enabled
[    5.384866] Adding 1998844k swap on /dev/sda1.  Priority:-2 extents:1 across:1998844k FS
[    6.259846] kauditd_printk_skb: 30 callbacks suppressed
[    6.259848] audit: type=1400 audit(1768292555.108:41): apparmor="DENIED" operation="capable" profile="/usr/sbin/cups-browsed" pid=497 comm="cups-browsed" capability=23  capname="sys_nice"
[    7.508461] pcnet32 0000:00:03.0 enp0s3: link up, 100Mbps, full-duplex
[    7.544390] e1000: enp0s8 NIC Link is Up 1000 Mbps Full Duplex, Flow Control: RX
[    7.545308] IPv6: ADDRCONF(NETDEV_CHANGE): enp0s8: link becomes ready
[    7.565771] e1000: enp0s9 NIC Link is Up 1000 Mbps Full Duplex, Flow Control: RX
[    7.566148] IPv6: ADDRCONF(NETDEV_CHANGE): enp0s9: link becomes ready
[    8.131563] device enp0s3 entered promiscuous mode
[    8.152734] audit: type=1400 audit(1768292557.004:42): apparmor="DENIED" operation="open" profile="/usr/sbin/tcpdump" name="/proc/sys/kernel/random/boot_id" pid=669 comm="tcpdump" requested_mask="r" denied_mask="r" fsuid=0 ouid=0
[    8.154482] audit: type=1400 audit(1768292557.004:43): apparmor="DENIED" operation="open" profile="/usr/sbin/tcpdump" name="/proc/sys/kernel/random/boot_id" pid=669 comm="tcpdump" requested_mask="r" denied_mask="r" fsuid=0 ouid=0
[    8.154536] audit: type=1400 audit(1768292557.004:44): apparmor="DENIED" operation="open" profile="/usr/sbin/tcpdump" name="/proc/sys/kernel/random/boot_id" pid=669 comm="tcpdump" requested_mask="r" denied_mask="r" fsuid=0 ouid=0
[    8.154597] audit: type=1400 audit(1768292557.004:45): apparmor="DENIED" operation="open" profile="/usr/sbin/tcpdump" name="/proc/sys/kernel/random/boot_id" pid=669 comm="tcpdump" requested_mask="r" denied_mask="r" fsuid=0 ouid=0
[    8.160441] audit: type=1400 audit(1768292557.008:46): apparmor="DENIED" operation="open" profile="/usr/sbin/tcpdump" name="/proc/sys/kernel/random/boot_id" pid=670 comm="tcpdump" requested_mask="r" denied_mask="r" fsuid=0 ouid=0
[    8.160606] audit: type=1400 audit(1768292557.008:47): apparmor="DENIED" operation="open" profile="/usr/sbin/tcpdump" name="/proc/sys/kernel/random/boot_id" pid=670 comm="tcpdump" requested_mask="r" denied_mask="r" fsuid=0 ouid=0
[    8.160684] audit: type=1400 audit(1768292557.008:48): apparmor="DENIED" operation="open" profile="/usr/sbin/tcpdump" name="/proc/sys/kernel/random/boot_id" pid=670 comm="tcpdump" requested_mask="r" denied_mask="r" fsuid=0 ouid=0
[    8.160776] audit: type=1400 audit(1768292557.008:49): apparmor="DENIED" operation="open" profile="/usr/sbin/tcpdump" name="/proc/sys/kernel/random/boot_id" pid=670 comm="tcpdump" requested_mask="r" denied_mask="r" fsuid=0 ouid=0
[   12.819304] rfkill: input handler disabled
[  520.486281] rfkill: input handler enabled
[  529.553557] rfkill: input handler disabled
[  835.056681] device enp0s3 left promiscuous mode
