[    0.000000] Linux version 5.4.243-mptcp (root@ztg) (gcc version 12.2.0 (Debian 12.2.0-14+deb12u1)) #53 SMP Wed Dec 24 23:28:15 CST 2025
[    0.000000] Command line: BOOT_IMAGE=/boot/vmlinuz-5.4.243-mptcp root=UUID=98415a12-53b7-4144-8265-0f7ece09e445 ro quiet splash
[    0.000000] KERNEL supported cpus:
[    0.000000]   Intel GenuineIntel
[    0.000000]   AMD AuthenticAMD
[    0.000000]   Hygon HygonGenuine
[    0.000000]   Centaur CentaurHauls
[    0.000000]   zhaoxin   Shanghai  
[    0.000000] x86/fpu: Supporting XSAVE feature 0x001: 'x87 floating point registers'
[    0.000000] x86/fpu: Supporting XSAVE feature 0x002: 'SSE registers'
[    0.000000] x86/fpu: Supporting XSAVE feature 0x004: 'AVX registers'
[    0.000000] x86/fpu: xstate_offset[2]:  576, xstate_sizes[2]:  256
[    0.000000] x86/fpu: Enabled xstate features 0x7, context size is 832 bytes, using 'standard' format.
[    0.000000] BIOS-provided physical RAM map:
[    0.000000] BIOS-e820: [mem 0x0000000000000000-0x000000000009fbff] usable
[    0.000000] BIOS-e820: [mem 0x000000000009fc00-0x000000000009ffff] reserved
[    0.000000] BIOS-e820: [mem 0x00000000000f0000-0x00000000000fffff] reserved
[    0.000000] BIOS-e820: [mem 0x0000000000100000-0x000000007ffeffff] usable
[    0.000000] BIOS-e820: [mem 0x000000007fff0000-0x000000007fffffff] ACPI data
[    0.000000] BIOS-e820: [mem 0x00000000fec00000-0x00000000fec00fff] reserved
[    0.000000] BIOS-e820: [mem 0x00000000fee00000-0x00000000fee00fff] reserved
[    0.000000] BIOS-e820: [mem 0x00000000fffc0000-0x00000000ffffffff] reserved
[    0.000000] NX (Execute Disable) protection: active
[    0.000000] SMBIOS 2.5 present.
[    0.000000] DMI: innotek GmbH VirtualBox/VirtualBox, BIOS VirtualBox 12/01/2006
[    0.000000] Hypervisor detected: KVM
[    0.000000] kvm-clock: Using msrs 4b564d01 and 4b564d00
[    0.000000] kvm-clock: cpu 0, msr 3fe01001, primary cpu clock
[    0.000000] kvm-clock: using sched offset of 4450576390 cycles
[    0.000003] clocksource: kvm-clock: mask: 0xffffffffffffffff max_cycles: 0x1cd42e4dffb, max_idle_ns: 881590591483 ns
[    0.000006] tsc: Detected 2100.000 MHz processor
[    0.001877] e820: update [mem 0x00000000-0x00000fff] usable ==> reserved
[    0.001879] e820: remove [mem 0x000a0000-0x000fffff] usable
[    0.001883] last_pfn = 0x7fff0 max_arch_pfn = 0x400000000
[    0.001951] MTRR default type: uncachable
[    0.001951] MTRR fixed ranges enabled:
[    0.001953]   00000-9FFFF write-back
[    0.001953]   A0000-BFFFF uncachable
[    0.001954]   C0000-FFFFF write-protect
[    0.001955] MTRR variable ranges enabled:
[    0.001956]   0 base 000000000000 mask 3FFF80000000 write-back
[    0.001957]   1 disabled
[    0.001957]   2 disabled
[    0.001958]   3 disabled
[    0.001958]   4 disabled
[    0.001959]   5 disabled
[    0.001959]   6 disabled
[    0.001959]   7 disabled
[    0.001960]   8 disabled
[    0.001960]   9 disabled
[    0.001961]   10 disabled
[    0.001961]   11 disabled
[    0.001962]   12 disabled
[    0.001962]   13 disabled
[    0.001962]   14 disabled
[    0.001963]   15 disabled
[    0.001979] x86/PAT: Configuration [0-7]: WB  WC  UC- UC  WB  WP  UC- WT  
[    0.002112] found SMP MP-table at [mem 0x0009fff0-0x0009ffff]
[    0.091012] check: Scanning 1 areas for low memory corruption
[    0.091296] RAMDISK: [mem 0x32271000-0x3512ffff]
[    0.091306] ACPI: Early table checksum verification disabled
[    0.091313] ACPI: RSDP 0x00000000000E0000 000024 (v02 VBOX  )
[    0.091318] ACPI: XSDT 0x000000007FFF0030 00003C (v01 VBOX   VBOXXSDT 00000001 ASL  00000061)
[    0.091325] ACPI: FACP 0x000000007FFF00F0 0000F4 (v04 VBOX   VBOXFACP 00000001 ASL  00000061)
[    0.091333] ACPI: DSDT 0x000000007FFF02E0 002353 (v02 VBOX   VBOXBIOS 00000002 VBOX 00029BF3)
[    0.091337] ACPI: FACS 0x000000007FFF0200 000040
[    0.091340] ACPI: FACS 0x000000007FFF0200 000040
[    0.091344] ACPI: APIC 0x000000007FFF0240 000054 (v02 VBOX   VBOXAPIC 00000001 ASL  00000061)
[    0.091348] ACPI: SSDT 0x000000007FFF02A0 000038 (v01 VBOX   VBOXCPUT 00000002 VBOX 00029BF3)
[    0.091351] ACPI: Reserving FACP table memory at [mem 0x7fff00f0-0x7fff01e3]
[    0.091352] ACPI: Reserving DSDT table memory at [mem 0x7fff02e0-0x7fff2632]
[    0.091353] ACPI: Reserving FACS table memory at [mem 0x7fff0200-0x7fff023f]
[    0.091353] ACPI: Reserving FACS table memory at [mem 0x7fff0200-0x7fff023f]
[    0.091354] ACPI: Reserving APIC table memory at [mem 0x7fff0240-0x7fff0293]
[    0.091355] ACPI: Reserving SSDT table memory at [mem 0x7fff02a0-0x7fff02d7]
[    0.091370] ACPI: Local APIC address 0xfee00000
[    0.091569] No NUMA configuration found
[    0.091570] Faking a node at [mem 0x0000000000000000-0x000000007ffeffff]
[    0.091580] NODE_DATA(0) allocated [mem 0x7ffc5000-0x7ffeffff]
[    0.091842] Zone ranges:
[    0.091843]   DMA      [mem 0x0000000000001000-0x0000000000ffffff]
[    0.091844]   DMA32    [mem 0x0000000001000000-0x000000007ffeffff]
[    0.091845]   Normal   empty
[    0.091846]   Device   empty
[    0.091846] Movable zone start for each node
[    0.091848] Early memory node ranges
[    0.091849]   node   0: [mem 0x0000000000001000-0x000000000009efff]
[    0.091850]   node   0: [mem 0x0000000000100000-0x000000007ffeffff]
[    0.091853] Zeroed struct page in unavailable ranges: 114 pages
[    0.091854] Initmem setup node 0 [mem 0x0000000000001000-0x000000007ffeffff]
[    0.091855] On node 0 totalpages: 524174
[    0.091856]   DMA zone: 64 pages used for memmap
[    0.091857]   DMA zone: 21 pages reserved
[    0.091858]   DMA zone: 3998 pages, LIFO batch:0
[    0.091929]   DMA32 zone: 8128 pages used for memmap
[    0.091930]   DMA32 zone: 520176 pages, LIFO batch:63
[    0.100832] ACPI: PM-Timer IO Port: 0x4008
[    0.100836] ACPI: Local APIC address 0xfee00000
[    0.100905] IOAPIC[0]: apic_id 1, version 32, address 0xfec00000, GSI 0-23
[    0.100908] ACPI: INT_SRC_OVR (bus 0 bus_irq 0 global_irq 2 dfl dfl)
[    0.100910] ACPI: INT_SRC_OVR (bus 0 bus_irq 9 global_irq 9 low level)
[    0.100912] ACPI: IRQ0 used by override.
[    0.100913] ACPI: IRQ9 used by override.
[    0.100916] Using ACPI (MADT) for SMP configuration information
[    0.100922] smpboot: Allowing 1 CPUs, 0 hotplug CPUs
[    0.100944] PM: Registered nosave memory: [mem 0x00000000-0x00000fff]
[    0.100946] PM: Registered nosave memory: [mem 0x0009f000-0x0009ffff]
[    0.100946] PM: Registered nosave memory: [mem 0x000a0000-0x000effff]
[    0.100947] PM: Registered nosave memory: [mem 0x000f0000-0x000fffff]
[    0.100949] [mem 0x80000000-0xfebfffff] available for PCI devices
[    0.100949] Booting paravirtualized kernel on KVM
[    0.100953] clocksource: refined-jiffies: mask: 0xffffffff max_cycles: 0xffffffff, max_idle_ns: 7645519600211568 ns
[    0.100957] setup_percpu: NR_CPUS:8192 nr_cpumask_bits:1 nr_cpu_ids:1 nr_node_ids:1
[    0.101978] percpu: Embedded 60 pages/cpu s208896 r8192 d28672 u2097152
[    0.101982] pcpu-alloc: s208896 r8192 d28672 u2097152 alloc=1*2097152
[    0.101983] pcpu-alloc: [0] 0 
[    0.102009] Built 1 zonelists, mobility grouping on.  Total pages: 515961
[    0.102010] Policy zone: DMA32
[    0.102011] Kernel command line: BOOT_IMAGE=/boot/vmlinuz-5.4.243-mptcp root=UUID=98415a12-53b7-4144-8265-0f7ece09e445 ro quiet splash
[    0.102879] Dentry cache hash table entries: 262144 (order: 9, 2097152 bytes, linear)
[    0.103025] Inode-cache hash table entries: 131072 (order: 8, 1048576 bytes, linear)
[    0.103077] mem auto-init: stack:off, heap alloc:on, heap free:off
[    0.103080] Calgary: detecting Calgary via BIOS EBDA area
[    0.103081] Calgary: Unable to locate Rio Grande table in EBDA - bailing!
[    0.107173] Memory: 1967332K/2096696K available (14339K kernel code, 2398K rwdata, 4712K rodata, 2728K init, 17260K bss, 129364K reserved, 0K cma-reserved)
[    0.108123] SLUB: HWalign=64, Order=0-3, MinObjects=0, CPUs=1, Nodes=1
[    0.108139] ftrace: allocating 43186 entries in 169 pages
[    0.126147] rcu: Hierarchical RCU implementation.
[    0.126149] rcu: 	RCU restricting CPUs from NR_CPUS=8192 to nr_cpu_ids=1.
[    0.126150] 	Tasks RCU enabled.
[    0.126151] rcu: RCU calculated value of scheduler-enlistment delay is 25 jiffies.
[    0.126152] rcu: Adjusting geometry for rcu_fanout_leaf=16, nr_cpu_ids=1
[    0.129125] NR_IRQS: 524544, nr_irqs: 256, preallocated irqs: 16
[    0.129339] random: crng init done
[    0.138838] Console: colour VGA+ 80x25
[    0.138842] printk: console [tty0] enabled
[    0.138863] ACPI: Core revision 20190816
[    0.138969] APIC: Switch to symmetric I/O mode setup
[    0.139220] x2apic enabled
[    0.139456] Switched APIC routing to physical x2apic.
[    0.140584] ..TIMER: vector=0x30 apic1=0 pin1=2 apic2=-1 pin2=-1
[    0.140608] clocksource: tsc-early: mask: 0xffffffffffffffff max_cycles: 0x1e4530a99b6, max_idle_ns: 440795257976 ns
[    0.140613] Calibrating delay loop (skipped) preset value.. 4200.00 BogoMIPS (lpj=8400000)
[    0.140615] pid_max: default: 32768 minimum: 301
[    0.140643] LSM: Security Framework initializing
[    0.140653] Yama: becoming mindful.
[    0.140677] AppArmor: AppArmor initialized
[    0.140711] Mount-cache hash table entries: 4096 (order: 3, 32768 bytes, linear)
[    0.140716] Mountpoint-cache hash table entries: 4096 (order: 3, 32768 bytes, linear)
[    0.140726] *** VALIDATE tmpfs ***
[    0.140854] *** VALIDATE proc ***
[    0.140894] *** VALIDATE cgroup1 ***
[    0.140895] *** VALIDATE cgroup2 ***
[    0.141036] process: using mwait in idle threads
[    0.141041] Last level iTLB entries: 4KB 64, 2MB 8, 4MB 8
[    0.141042] Last level dTLB entries: 4KB 64, 2MB 0, 4MB 0, 1GB 4
[    0.141062] Spectre V1 : Mitigation: usercopy/swapgs barriers and __user pointer sanitization
[    0.141067] Spectre V2 : Mitigation: Retpolines
[    0.141068] Spectre V2 : Spectre v2 / SpectreRSB mitigation: Filling RSB on context switch
[    0.141068] Spectre V2 : Spectre v2 / SpectreRSB : Filling RSB on VMEXIT
[    0.141069] RETBleed: WARNING: Spectre v2 mitigation leaves CPU vulnerable to RETBleed attacks, data leaks possible!
[    0.141423] RETBleed: Vulnerable
[    0.141424] Speculative Store Bypass: Vulnerable
[    0.141428] TAA: Mitigation: TSX disabled
[    0.141429] MMIO Stale Data: Mitigation: Clear CPU buffers
[    0.145629] Freeing SMP alternatives memory: 40K
[    0.257582] smpboot: CPU0: Intel(R) Xeon(R) Silver 4216 CPU @ 2.10GHz (family: 0x6, model: 0x55, stepping: 0x7)
[    0.257720] Performance Events: unsupported p6 CPU model 85 no PMU driver, software events only.
[    0.257756] rcu: Hierarchical SRCU implementation.
[    0.258231] NMI watchdog: Perf NMI watchdog permanently disabled
[    0.258269] smp: Bringing up secondary CPUs ...
[    0.258270] smp: Brought up 1 node, 1 CPU
[    0.258271] smpboot: Max logical packages: 1
[    0.258272] smpboot: Total of 1 processors activated (4200.00 BogoMIPS)
[    0.259247] devtmpfs: initialized
[    0.259293] x86/mm: Memory block size: 128MB
[    0.259639] clocksource: jiffies: mask: 0xffffffff max_cycles: 0xffffffff, max_idle_ns: 7645041785100000 ns
[    0.259645] futex hash table entries: 256 (order: 2, 16384 bytes, linear)
[    0.259689] pinctrl core: initialized pinctrl subsystem
[    0.259801] PM: RTC time: 16:04:26, date: 2026-01-13
[    0.259909] NET: Registered protocol family 16
[    0.259983] audit: initializing netlink subsys (disabled)
[    0.260111] EISA bus registered
[    0.260112] cpuidle: using governor ladder
[    0.260113] cpuidle: using governor menu
[    0.260149] ACPI: bus type PCI registered
[    0.260150] acpiphp: ACPI Hot Plug PCI Controller Driver version: 0.5
[    0.260253] PCI: Using configuration type 1 for base access
[    0.260907] audit: type=2000 audit(1768291472.345:1): state=initialized audit_enabled=0 res=1
[    0.260985] HugeTLB registered 2.00 MiB page size, pre-allocated 0 pages
[    0.261800] ACPI: Added _OSI(Module Device)
[    0.261801] ACPI: Added _OSI(Processor Device)
[    0.261802] ACPI: Added _OSI(3.0 _SCP Extensions)
[    0.261803] ACPI: Added _OSI(Processor Aggregator Device)
[    0.261803] ACPI: Added _OSI(Linux-Dell-Video)
[    0.261804] ACPI: Added _OSI(Linux-Lenovo-NV-HDMI-Audio)
[    0.261805] ACPI: Added _OSI(Linux-HPI-Hybrid-Graphics)
[    0.263768] ACPI: 2 ACPI AML tables successfully acquired and loaded
[    0.265392] ACPI: Interpreter enabled
[    0.265401] ACPI: (supports S0 S5)
[    0.265402] ACPI: Using IOAPIC for interrupt routing
[    0.265607] PCI: Using host bridge windows from ACPI; if necessary, use "pci=nocrs" and report a bug
[    0.265713] ACPI: Enabled 2 GPEs in block 00 to 07
[    0.270631] ACPI: PCI Root Bridge [PCI0] (domain 0000 [bus 00-ff])
[    0.270637] acpi PNP0A03:00: _OSC: OS supports [ASPM ClockPM Segments MSI HPX-Type3]
[    0.271090] acpi PNP0A03:00: _OSC: not requesting OS control; OS requires [ExtendedConfig ASPM ClockPM MSI]
[    0.271098] acpi PNP0A03:00: fail to add MMCONFIG information, can't access extended PCI configuration space under this bridge.
[    0.271470] PCI host bridge to bus 0000:00
[    0.271472] pci_bus 0000:00: root bus resource [io  0x0000-0x0cf7 window]
[    0.271473] pci_bus 0000:00: root bus resource [io  0x0d00-0xffff window]
[    0.271474] pci_bus 0000:00: root bus resource [mem 0x000a0000-0x000bffff window]
[    0.271476] pci_bus 0000:00: root bus resource [mem 0x80000000-0xfdffffff window]
[    0.271477] pci_bus 0000:00: root bus resource [bus 00-ff]
[    0.271517] pci 0000:00:00.0: [8086:1237] type 00 class 0x060000
[    0.272496] pci 0000:00:01.0: [8086:7000] type 00 class 0x060100
[    0.273322] pci 0000:00:01.1: [8086:7111] type 00 class 0x01018a
[    0.273733] pci 0000:00:01.1: reg 0x20: [io  0xd000-0xd00f]
[    0.273897] pci 0000:00:01.1: legacy IDE quirk: reg 0x10: [io  0x01f0-0x01f7]
[    0.273898] pci 0000:00:01.1: legacy IDE quirk: reg 0x14: [io  0x03f6]
[    0.273899] pci 0000:00:01.1: legacy IDE quirk: reg 0x18: [io  0x0170-0x0177]
[    0.273900] pci 0000:00:01.1: legacy IDE quirk: reg 0x1c: [io  0x0376]
[    0.274469] pci 0000:00:02.0: [15ad:0405] type 00 class 0x030000
[    0.276691] pci 0000:00:02.0: reg 0x10: [io  0xd010-0xd01f]
[    0.280659] pci 0000:00:02.0: reg 0x14: [mem 0xe0000000-0xe7ffffff pref]
[    0.283323] pci 0000:00:02.0: reg 0x18: [mem 0xf0000000-0xf01fffff]
[    0.293398] pci 0000:00:03.0: [1022:2000] type 00 class 0x020000
[    0.294106] pci 0000:00:03.0: reg 0x10: [io  0xd020-0xd03f]
[    0.294729] pci 0000:00:03.0: reg 0x14: [mem 0xf0200000-0xf0200fff]
[    0.299680] pci 0000:00:04.0: [80ee:cafe] type 00 class 0x088000
[    0.300354] pci 0000:00:04.0: reg 0x10: [io  0xd040-0xd05f]
[    0.300725] pci 0000:00:04.0: reg 0x14: [mem 0xf0400000-0xf07fffff]
[    0.301332] pci 0000:00:04.0: reg 0x18: [mem 0xf0800000-0xf0803fff pref]
[    0.304656] pci 0000:00:07.0: [8086:7113] type 00 class 0x068000
[    0.305198] pci 0000:00:07.0: quirk: [io  0x4000-0x403f] claimed by PIIX4 ACPI
[    0.305207] pci 0000:00:07.0: quirk: [io  0x4100-0x410f] claimed by PIIX4 SMB
[    0.305794] pci 0000:00:08.0: [1022:2000] type 00 class 0x020000
[    0.306464] pci 0000:00:08.0: reg 0x10: [io  0xd060-0xd07f]
[    0.307080] pci 0000:00:08.0: reg 0x14: [mem 0xf0804000-0xf0804fff]
[    0.310568] pci 0000:00:09.0: [8086:100e] type 00 class 0x020000
[    0.311278] pci 0000:00:09.0: reg 0x10: [mem 0xf0820000-0xf083ffff]
[    0.313223] pci 0000:00:09.0: reg 0x18: [io  0xd080-0xd087]
[    0.321712] ACPI: PCI Interrupt Link [LNKA] (IRQs 5 9 10 *11)
[    0.321994] ACPI: PCI Interrupt Link [LNKB] (IRQs 5 9 *10 11)
[    0.322100] ACPI: PCI Interrupt Link [LNKC] (IRQs 5 *9 10 11)
[    0.322201] ACPI: PCI Interrupt Link [LNKD] (IRQs 5 9 10 *11)
[    0.324722] iommu: Default domain type: Translated 
[    0.324783] pci 0000:00:02.0: vgaarb: setting as boot VGA device
[    0.324785] pci 0000:00:02.0: vgaarb: VGA device added: decodes=io+mem,owns=io+mem,locks=none
[    0.324787] pci 0000:00:02.0: vgaarb: bridge control possible
[    0.324788] vgaarb: loaded
[    0.324998] SCSI subsystem initialized
[    0.325029] libata version 3.00 loaded.
[    0.325054] ACPI: bus type USB registered
[    0.325071] usbcore: registered new interface driver usbfs
[    0.325076] usbcore: registered new interface driver hub
[    0.325082] usbcore: registered new device driver usb
[    0.325110] pps_core: LinuxPPS API ver. 1 registered
[    0.325110] pps_core: Software ver. 5.3.6 - Copyright 2005-2007 Rodolfo Giometti <giometti@linux.it>
[    0.325112] PTP clock support registered
[    0.325146] EDAC MC: Ver: 3.0.0
[    0.325431] PCI: Using ACPI for IRQ routing
[    0.325433] PCI: pci_cache_line_size set to 64 bytes
[    0.325602] e820: reserve RAM buffer [mem 0x0009fc00-0x0009ffff]
[    0.325606] e820: reserve RAM buffer [mem 0x7fff0000-0x7fffffff]
[    0.326406] NetLabel: Initializing
[    0.326407] NetLabel:  domain hash size = 128
[    0.326407] NetLabel:  protocols = UNLABELED CIPSOv4 CALIPSO
[    0.326426] NetLabel:  unlabeled traffic allowed by default
[    0.327339] clocksource: Switched to clocksource kvm-clock
[    0.339142] *** VALIDATE bpf ***
[    0.339200] VFS: Disk quotas dquot_6.6.0
[    0.339211] VFS: Dquot-cache hash table entries: 512 (order 0, 4096 bytes)
[    0.339234] *** VALIDATE ramfs ***
[    0.339237] *** VALIDATE hugetlbfs ***
[    0.339316] AppArmor: AppArmor Filesystem Enabled
[    0.339339] pnp: PnP ACPI init
[    0.339400] pnp 00:00: Plug and Play ACPI device, IDs PNP0303 (active)
[    0.339501] pnp 00:01: Plug and Play ACPI device, IDs PNP0f03 (active)
[    0.340235] pnp: PnP ACPI: found 2 devices
[    0.341203] thermal_sys: Registered thermal governor 'fair_share'
[    0.341204] thermal_sys: Registered thermal governor 'bang_bang'
[    0.341205] thermal_sys: Registered thermal governor 'step_wise'
[    0.341205] thermal_sys: Registered thermal governor 'user_space'
[    0.341206] thermal_sys: Registered thermal governor 'power_allocator'
[    0.345730] clocksource: acpi_pm: mask: 0xffffff max_cycles: 0xffffff, max_idle_ns: 2085701024 ns
[    0.345769] pci_bus 0000:00: resource 4 [io  0x0000-0x0cf7 window]
[    0.345771] pci_bus 0000:00: resource 5 [io  0x0d00-0xffff window]
[    0.345772] pci_bus 0000:00: resource 6 [mem 0x000a0000-0x000bffff window]
[    0.345773] pci_bus 0000:00: resource 7 [mem 0x80000000-0xfdffffff window]
[    0.345829] NET: Registered protocol family 2
[    0.345901] IP idents hash table entries: 32768 (order: 6, 262144 bytes, linear)
[    0.346298] MPTCP tokens hash table entries: 8192 (order: 4, 65536 bytes, linear)
[    0.346318] MPTCP request tokens hash table entries: 8192 (order: 4, 65536 bytes, linear)
[    0.346344] default registered
[    0.346344] default registered
[    0.346345] MPTCP: Stable release v0.96
[    0.346350] tcp_listen_portaddr_hash hash table entries: 1024 (order: 2, 16384 bytes, linear)
[    0.346429] TCP established hash table entries: 16384 (order: 5, 131072 bytes, linear)
[    0.346493] TCP bind hash table entries: 16384 (order: 6, 262144 bytes, linear)
[    0.346519] TCP: Hash tables configured (established 16384 bind 16384)
[    0.347217] UDP hash table entries: 1024 (order: 3, 32768 bytes, linear)
[    0.347229] UDP-Lite hash table entries: 1024 (order: 3, 32768 bytes, linear)
[    0.347261] NET: Registered protocol family 1
[    0.347269] NET: Registered protocol family 44
[    0.347288] pci 0000:00:00.0: Limiting direct PCI/PCI transfers
[    0.347301] pci 0000:00:01.0: Activating ISA DMA hang workarounds
[    0.347375] pci 0000:00:02.0: Video device with shadowed ROM at [mem 0x000c0000-0x000dffff]
[    0.347438] PCI: CLS 0 bytes, default 64
[    0.347487] Trying to unpack rootfs image as initramfs...
[    0.515854] Freeing initrd memory: 47868K
[    0.515854] clocksource: tsc: mask: 0xffffffffffffffff max_cycles: 0x1e4530a99b6, max_idle_ns: 440795257976 ns
[    0.515854] clocksource: Switched to clocksource tsc
[    0.515854] platform rtc_cmos: registered platform RTC device (no PNP device found)
[    0.515854] check: Scanning for low memory corruption every 60 seconds
[    0.515854] Initialise system trusted keyrings
[    0.515854] Key type blacklist registered
[    0.515854] workingset: timestamp_bits=36 max_order=19 bucket_order=0
[    0.515854] zbud: loaded
[    0.515854] squashfs: version 4.0 (2009/01/31) Phillip Lougher
[    0.515854] fuse: init (API version 7.31)
[    0.515854] *** VALIDATE fuse ***
[    0.515854] *** VALIDATE fuse ***
[    0.515854] Platform Keyring initialized
[    0.515854] Key type asymmetric registered
[    0.515854] Asymmetric key parser 'x509' registered
[    0.515854] Block layer SCSI generic (bsg) driver version 0.4 loaded (major 244)
[    0.515854] io scheduler mq-deadline registered
[    0.515854] shpchp: Standard Hot Plug PCI Controller Driver version: 0.4
[    0.529609] ACPI: AC Adapter [AC] (on-line)
[    0.529655] input: Power Button as /devices/LNXSYSTM:00/LNXPWRBN:00/input/input0
[    0.529681] ACPI: Power Button [PWRF]
[    0.529758] input: Sleep Button as /devices/LNXSYSTM:00/LNXSLPBN:00/input/input1
[    0.529772] ACPI: Sleep Button [SLPF]
[    0.529992] Serial: 8250/16550 driver, 32 ports, IRQ sharing enabled
[    0.531150] Linux agpgart interface v0.103
[    0.627322] loop: module loaded
[    0.627483] ata_piix 0000:00:01.1: version 2.13
[    0.627958] scsi host0: ata_piix
[    0.628062] scsi host1: ata_piix
[    0.628094] ata1: PATA max UDMA/33 cmd 0x1f0 ctl 0x3f6 bmdma 0xd000 irq 14
[    0.628095] ata2: PATA max UDMA/33 cmd 0x170 ctl 0x376 bmdma 0xd008 irq 15
[    0.628184] tun: Universal TUN/TAP device driver, 1.6
[    0.628538] PPP generic driver version 2.4.2
[    0.628604] VFIO - User Level meta-driver version: 0.3
[    0.628880] ehci_hcd: USB 2.0 'Enhanced' Host Controller (EHCI) Driver
[    0.628886] ehci-pci: EHCI PCI platform driver
[    0.628901] ehci-platform: EHCI generic platform driver
[    0.628908] ohci_hcd: USB 1.1 'Open' Host Controller (OHCI) Driver
[    0.628910] ohci-pci: OHCI PCI platform driver
[    0.628918] ohci-platform: OHCI generic platform driver
[    0.628924] uhci_hcd: USB Universal Host Controller Interface driver
[    0.628995] i8042: PNP: PS/2 Controller [PNP0303:PS2K,PNP0f03:PS2M] at 0x60,0x64 irq 1,12
[    0.629488] serio: i8042 KBD port at 0x60,0x64 irq 1
[    0.629492] serio: i8042 AUX port at 0x60,0x64 irq 12
[    0.629594] mousedev: PS/2 mouse device common for all mice
[    0.629886] input: AT Translated Set 2 keyboard as /devices/platform/i8042/serio0/input/input2
[    0.630345] rtc_cmos rtc_cmos: registered as rtc0
[    0.630360] rtc_cmos rtc_cmos: alarms up to one day, 114 bytes nvram
[    0.630366] i2c /dev entries driver
[    0.630415] device-mapper: uevent: version 1.0.3
[    0.630465] device-mapper: ioctl: 4.41.0-ioctl (2019-09-16) initialised: dm-devel@redhat.com
[    0.630483] platform eisa.0: Probing EISA bus 0
[    0.630485] platform eisa.0: EISA: Cannot allocate resource for mainboard
[    0.630486] platform eisa.0: Cannot allocate resource for EISA slot 1
[    0.630488] platform eisa.0: Cannot allocate resource for EISA slot 2
[    0.630489] platform eisa.0: Cannot allocate resource for EISA slot 3
[    0.630490] platform eisa.0: Cannot allocate resource for EISA slot 4
[    0.630491] platform eisa.0: Cannot allocate resource for EISA slot 5
[    0.630492] platform eisa.0: Cannot allocate resource for EISA slot 6
[    0.630494] platform eisa.0: Cannot allocate resource for EISA slot 7
[    0.630495] platform eisa.0: Cannot allocate resource for EISA slot 8
[    0.630496] platform eisa.0: EISA: Detected 0 cards
[    0.630499] intel_pstate: CPU model not supported
[    0.630508] ledtrig-cpu: registered to indicate activity on CPUs
[    0.630567] drop_monitor: Initializing network drop monitor service
[    0.630755] NET: Registered protocol family 10
[    0.635409] Segment Routing with IPv6
[    0.635409] fullmesh registered
[    0.635409] ndiffports registered
[    0.635409] binder registered
[    0.635409] roundrobin registered
[    0.635409] redundant registered
[    0.635409] blest registered
[    0.635409] ecf registered
[    0.635409] NET: Registered protocol family 17
[    0.635409] Key type dns_resolver registered
[    0.635409] RAS: Correctable Errors collector initialized.
[    0.635409] IPI shorthand broadcast: enabled
[    0.635409] sched_clock: Marking stable (620129199, 11280197)->(633393604, -1984208)
[    0.637134] registered taskstats version 1
[    0.637144] Loading compiled-in X.509 certificates
[    0.637864] Loaded X.509 cert 'Build time autogenerated kernel key: 6909f3744cebb3d0de528d5887b96a727de79b1e'
[    0.637884] zswap: loaded using pool lzo/zbud
[    0.637947] Key type ._fscrypt registered
[    0.637948] Key type .fscrypt registered
[    0.643305] Key type big_key registered
[    0.645939] Key type encrypted registered
[    0.645942] AppArmor: AppArmor sha1 policy hashing enabled
[    0.645950] ima: No TPM chip found, activating TPM-bypass!
[    0.645954] ima: Allocated hash algorithm: sha1
[    0.645960] ima: No architecture policies found
[    0.645970] evm: Initialising EVM extended attributes:
[    0.645971] evm: security.selinux
[    0.645971] evm: security.SMACK64
[    0.645972] evm: security.SMACK64EXEC
[    0.645972] evm: security.SMACK64TRANSMUTE
[    0.645973] evm: security.SMACK64MMAP
[    0.645974] evm: security.apparmor
[    0.645974] evm: security.ima
[    0.645975] evm: security.capability
[    0.645975] evm: HMAC attrs: 0x1
[    0.646317] PM:   Magic number: 10:156:85
[    0.646443] rtc_cmos rtc_cmos: setting system clock to 2026-01-13T16:04:27 UTC (1768320267)
[    0.799039] ata1.00: ATA-6: VBOX HARDDISK, 1.0, max UDMA/133
[    0.799041] ata1.00: 209715200 sectors, multi 128: LBA 
[    0.799503] scsi 0:0:0:0: Direct-Access     ATA      VBOX HARDDISK    1.0  PQ: 0 ANSI: 5
[    0.799690] sd 0:0:0:0: [sda] 209715200 512-byte logical blocks: (107 GB/100 GiB)
[    0.799697] sd 0:0:0:0: [sda] Write Protect is off
[    0.799699] sd 0:0:0:0: [sda] Mode Sense: 00 3a 00 00
[    0.799710] sd 0:0:0:0: [sda] Write cache: enabled, read cache: enabled, doesn't support DPO or FUA
[    0.799918] sd 0:0:0:0: Attached scsi generic sg0 type 0
[    0.800648]  sda: sda1 sda2
[    0.811414] sd 0:0:0:0: [sda] Attached SCSI disk
[    0.813396] Freeing unused decrypted memory: 2040K
[    0.814109] Freeing unused kernel image memory: 2728K
[    0.814111] Write protecting the kernel read-only data: 22528k
[    0.814799] Freeing unused kernel image memory: 2036K
[    0.815199] Freeing unused kernel image memory: 1432K
[    0.829732] x86/mm: Checked W+X mappings: passed, no W+X pages found.
[    0.829735] Run /init as init process
[    0.928885] ACPI: Video Device [GFX0] (multi-head: yes  rom: no  post: no)
[    0.928959] input: Video Bus as /devices/LNXSYSTM:00/LNXSYBUS:00/PNP0A03:00/LNXVIDEO:00/input/input4
[    0.941832] pcnet32: pcnet32.c:v1.35 21.Apr.2008 tsbogend@alpha.franken.de
[    0.942579] pcnet32: PCnet/FAST III 79C973 at 0xd020, 08:00:27:70:17:7a assigned IRQ 19
[    0.942622] pcnet32: Found PHY 0022:561b at address 0
[    0.942939] pcnet32: eth0: registered as PCnet/FAST III 79C973
[    0.944497] pcnet32: PCnet/FAST III 79C973 at 0xd060, 08:00:27:dc:db:03 assigned IRQ 16
[    0.944539] pcnet32: Found PHY 0022:561b at address 0
[    0.944836] pcnet32: eth1: registered as PCnet/FAST III 79C973
[    0.951061] e1000: Intel(R) PRO/1000 Network Driver - version 7.3.21-k8-NAPI
[    0.951062] e1000: Copyright (c) 1999-2006 Intel Corporation.
[    0.958091] piix4_smbus 0000:00:07.0: SMBus Host Controller at 0x4100, revision 0
[    0.958869] pcnet32: 2 cards_found
[    1.021439] pcnet32 0000:00:03.0 enp0s3: renamed from eth0
[    1.023099] pcnet32 0000:00:08.0 enp0s8: renamed from eth1
[    1.163076] input: ImExPS/2 Generic Explorer Mouse as /devices/platform/i8042/serio1/input/input5
[    1.355850] e1000 0000:00:09.0 eth0: (PCI:33MHz:32-bit) 08:00:27:03:38:9f
[    1.355854] e1000 0000:00:09.0 eth0: Intel(R) PRO/1000 Network Connection
[    1.356908] e1000 0000:00:09.0 enp0s9: renamed from eth0
[    1.535753] EXT4-fs (sda2): mounted filesystem with ordered data mode. Opts: (null)
[    1.624660] systemd[1]: Inserted module 'autofs4'
[    1.637196] systemd[1]: systemd 245.4-4ubuntu3 running in system mode. (+PAM +AUDIT +SELINUX +IMA +APPARMOR +SMACK +SYSVINIT +UTMP +LIBCRYPTSETUP +GCRYPT +GNUTLS +ACL +XZ +LZ4 +SECCOMP +BLKID +ELFUTILS +KMOD +IDN2 -IDN +PCRE2 default-hierarchy=hybrid)
[    1.637227] systemd[1]: Detected virtualization oracle.
[    1.637230] systemd[1]: Detected architecture x86-64.
[    1.638526] systemd[1]: Set hostname to <ztg>.
[    1.762125] systemd[1]: /lib/systemd/system/dbus.socket:5: ListenStream= references a path below legacy directory /var/run/, updating /var/run/dbus/system_bus_socket â†’ /run/dbus/system_bus_socket; please update the unit file accordingly.
[    1.814089] systemd[1]: Created slice system-modprobe.slice.
[    1.814268] systemd[1]: Created slice User and Session Slice.
[    1.814311] systemd[1]: Started Forward Password Requests to Wall Directory Watch.
[    1.814466] systemd[1]: Set up automount Arbitrary Executable File Formats File System Automount Point.
[    1.814500] systemd[1]: Reached target User and Group Name Lookups.
[    1.814509] systemd[1]: Reached target Remote File Systems.
[    1.814517] systemd[1]: Reached target Slices.
[    1.815062] systemd[1]: Listening on Syslog Socket.
[    1.815128] systemd[1]: Listening on fsck to fsckd communication Socket.
[    1.815165] systemd[1]: Listening on initctl Compatibility Named Pipe.
[    1.815328] systemd[1]: Listening on Journal Audit Socket.
[    1.815383] systemd[1]: Listening on Journal Socket (/dev/log).
[    1.815452] systemd[1]: Listening on Journal Socket.
[    1.815514] systemd[1]: Listening on udev Control Socket.
[    1.815553] systemd[1]: Listening on udev Kernel Socket.
[    1.816244] systemd[1]: Mounting Huge Pages File System...
[    1.817182] systemd[1]: Mounting POSIX Message Queue File System...
[    1.818052] systemd[1]: Mounting Kernel Debug File System...
[    1.818840] systemd[1]: Mounting Kernel Trace File System...
[    1.820693] systemd[1]: Starting Journal Service...
[    1.842146] systemd[1]: Starting Set the console keyboard layout...
[    1.849788] systemd[1]: Starting Create list of static device nodes for the current kernel...
[    1.851778] systemd[1]: Starting Load Kernel Module drm...
[    1.852865] systemd[1]: Condition check resulted in Set Up Additional Binary Formats being skipped.
[    1.852911] systemd[1]: Condition check resulted in File System Check on Root Device being skipped.
[    1.865972] systemd[1]: Starting Load Kernel Modules...
[    1.871327] systemd[1]: Starting Remount Root and Kernel File Systems...
[    1.882056] systemd[1]: Starting udev Coldplug all Devices...
[    1.892115] EXT4-fs (sda2): re-mounted. Opts: errors=remount-ro
[    1.892444] systemd[1]: Starting Uncomplicated firewall...
[    1.893924] systemd[1]: Mounted Huge Pages File System.
[    1.894007] systemd[1]: Mounted POSIX Message Queue File System.
[    1.894072] systemd[1]: Mounted Kernel Debug File System.
[    1.894139] systemd[1]: Mounted Kernel Trace File System.
[    1.930859] systemd[1]: Finished Create list of static device nodes for the current kernel.
[    1.931115] systemd[1]: modprobe@drm.service: Succeeded.
[    1.932556] systemd[1]: Finished Load Kernel Module drm.
[    1.938496] systemd[1]: Finished Remount Root and Kernel File Systems.
[    1.939696] systemd[1]: Finished Uncomplicated firewall.
[    1.955148] systemd[1]: Condition check resulted in Rebuild Hardware Database being skipped.
[    1.955180] systemd[1]: Condition check resulted in Platform Persistent Storage Archival being skipped.
[    1.955809] systemd[1]: Starting Load/Save Random Seed...
[    1.957588] lp: driver loaded but no devices found
[    1.963396] systemd[1]: Starting Create System Users...
[    1.972360] systemd[1]: Finished Load/Save Random Seed.
[    1.974586] ppdev: user-space parallel port driver
[    1.978095] systemd[1]: Finished Create System Users.
[    1.978793] systemd[1]: Starting Create Static Device Nodes in /dev...
[    2.032998] systemd[1]: Finished udev Coldplug all Devices.
[    2.035549] systemd[1]: Finished Create Static Device Nodes in /dev.
[    2.036270] systemd[1]: Starting udev Kernel Device Manager...
[    2.069594] [drm] DMA map mode: Caching DMA mappings.
[    2.069684] [drm] Capabilities:
[    2.069684] [drm]   Rect copy.
[    2.069685] [drm]   Cursor.
[    2.069685] [drm]   Cursor bypass.
[    2.069685] [drm]   Cursor bypass 2.
[    2.069686] [drm]   Alpha cursor.
[    2.069686] [drm]   Extended Fifo.
[    2.069687] [drm]   Pitchlock.
[    2.069687] [drm]   Irq mask.
[    2.069687] [drm]   GMR.
[    2.069688] [drm]   Traces.
[    2.069688] [drm]   GMR2.
[    2.069688] [drm]   Screen Object 2.
[    2.069689] [drm]   Command Buffers.
[    2.069689] [drm]   Command Buffers 2.
[    2.069689] [drm]   Guest Backed Resources.
[    2.069690] [drm] Max GMR ids is 8192
[    2.069691] [drm] Max number of GMR pages is 1048576
[    2.069691] [drm] Max dedicated hypervisor surface memory is 393216 kiB
[    2.069692] [drm] Maximum display memory size is 131072 kiB
[    2.069692] [drm] VRAM at 0xe0000000 size is 131072 kiB
[    2.069693] [drm] MMIO at 0xf0000000 size is 2048 kiB
[    2.075709] [TTM] Zone  kernel: Available graphics memory: 1011738 KiB
[    2.075709] [TTM] Initializing pool allocator
[    2.075713] [TTM] Initializing DMA pool allocator
[    2.075742] [drm] Supports vblank timestamp caching Rev 2 (21.10.2013).
[    2.075742] [drm] No driver support for vblank timestamp query.
[    2.075956] [drm] Screen Target Display device initialized
[    2.076142] [drm] width 720
[    2.076150] [drm] height 400
[    2.076154] [drm] bpp 32
[    2.076666] [drm] Fifo max 0x00200000 min 0x00001000 cap 0x00000355
[    2.077742] [drm] Using command buffers with DMA pool.
[    2.077746] [drm] DX: no.
[    2.077746] [drm] Atomic: yes.
[    2.077747] [drm] SM4_1: no.
[    2.077765] [drm:vmw_host_log [vmwgfx]] *ERROR* Failed to send host log message.
[    2.078657] [drm:vmw_host_log [vmwgfx]] *ERROR* Failed to send host log message.
[    2.107058] systemd[1]: Finished Set the console keyboard layout.
[    2.107159] systemd[1]: Reached target Local File Systems (Pre).
[    2.107485] fbcon: svgadrmfb (fb0) is primary device
[    2.109957] systemd[1]: Mounting Mount unit for bare, revision 5...
[    2.112304] systemd[1]: Mounting Mount unit for core18, revision 1705...
[    2.117657] Console: switching to colour frame buffer device 100x37
[    2.121524] systemd[1]: Mounting Mount unit for gnome-3-34-1804, revision 24...
[    2.123561] [drm] Initialized vmwgfx 2.15.0 20180704 for 0000:00:02.0 on minor 0
[    2.134184] systemd[1]: Mounting Mount unit for gtk-common-themes, revision 1506...
[    2.138537] systemd[1]: Mounting Mount unit for gtk-common-themes, revision 1535...
[    2.155873] systemd[1]: Mounting Mount unit for snap-store, revision 433...
[    2.176776] systemd[1]: Mounting Mount unit for snapd, revision 25935...
[    2.181726] systemd[1]: Finished Load Kernel Modules.
[    2.186781] systemd[1]: Mounting FUSE Control File System...
[    2.187630] systemd[1]: Mounting Kernel Configuration File System...
[    2.189389] systemd[1]: Starting Apply Kernel Variables...
[    2.200060] systemd[1]: Mounted Mount unit for bare, revision 5.
[    2.215938] systemd[1]: Mounted FUSE Control File System.
[    2.216020] systemd[1]: Mounted Kernel Configuration File System.
[    2.231232] systemd[1]: Finished Apply Kernel Variables.
[    2.231327] systemd[1]: Condition check resulted in VMware vmblock fuse mount being skipped.
[    2.236562] systemd[1]: Mounted Mount unit for core18, revision 1705.
[    2.236662] systemd[1]: Mounted Mount unit for gnome-3-34-1804, revision 24.
[    2.246576] systemd[1]: Mounted Mount unit for gtk-common-themes, revision 1506.
[    2.251759] systemd[1]: Started udev Kernel Device Manager.
[    2.252446] systemd[1]: Starting Show Plymouth Boot Screen...
[    2.258038] systemd[1]: Mounted Mount unit for gtk-common-themes, revision 1535.
[    2.258131] systemd[1]: Mounted Mount unit for snap-store, revision 433.
[    2.258204] systemd[1]: Mounted Mount unit for snapd, revision 25935.
[    2.258253] systemd[1]: Reached target Local File Systems.
[    2.263586] systemd[1]: Starting Load AppArmor profiles...
[    2.278611] systemd[1]: Starting Set console font and keymap...
[    2.289421] systemd[1]: Starting Tell Plymouth To Write Out Runtime Data...
[    2.289443] systemd[1]: Condition check resulted in Store a System Token in an EFI Variable being skipped.
[    2.289468] systemd[1]: Condition check resulted in Commit a transient machine-id on disk being skipped.
[    2.289958] systemd[1]: Received SIGRTMIN+20 from PID 274 (plymouthd).
[    2.296523] systemd[1]: Finished Set console font and keymap.
[    2.301178] systemd[1]: Received SIGRTMIN+20 from PID 274 (plymouthd).
[    2.302051] systemd[1]: plymouth-read-write.service: Succeeded.
[    2.302288] systemd[1]: Finished Tell Plymouth To Write Out Runtime Data.
[    2.302560] systemd[1]: Started Show Plymouth Boot Screen.
[    2.302670] systemd[1]: Condition check resulted in Dispatch Password Requests to Console Directory Watch being skipped.
[    2.302745] systemd[1]: Started Forward Password Requests to Plymouth Directory Watch.
[    2.302775] systemd[1]: Reached target Local Encrypted Volumes.
[    2.328066] audit: type=1400 audit(1768320269.180:2): apparmor="STATUS" operation="profile_load" profile="unconfined" name="nvidia_modprobe" pid=295 comm="apparmor_parser"
[    2.328068] audit: type=1400 audit(1768320269.180:3): apparmor="STATUS" operation="profile_load" profile="unconfined" name="nvidia_modprobe//kmod" pid=295 comm="apparmor_parser"
[    2.336239] audit: type=1400 audit(1768320269.188:4): apparmor="STATUS" operation="profile_load" profile="unconfined" name="/usr/sbin/tcpdump" pid=302 comm="apparmor_parser"
[    2.372143] audit: type=1400 audit(1768320269.216:5): apparmor="STATUS" operation="profile_load" profile="unconfined" name="/usr/bin/evince" pid=304 comm="apparmor_parser"
[    2.372146] audit: type=1400 audit(1768320269.216:6): apparmor="STATUS" operation="profile_load" profile="unconfined" name="/usr/bin/evince//sanitized_helper" pid=304 comm="apparmor_parser"
[    2.372147] audit: type=1400 audit(1768320269.216:7): apparmor="STATUS" operation="profile_load" profile="unconfined" name="/usr/bin/evince-previewer" pid=304 comm="apparmor_parser"
[    2.372149] audit: type=1400 audit(1768320269.216:8): apparmor="STATUS" operation="profile_load" profile="unconfined" name="/usr/bin/evince-previewer//sanitized_helper" pid=304 comm="apparmor_parser"
[    2.372151] audit: type=1400 audit(1768320269.216:9): apparmor="STATUS" operation="profile_load" profile="unconfined" name="/usr/bin/evince-thumbnailer" pid=304 comm="apparmor_parser"
[    2.393479] audit: type=1400 audit(1768320269.244:10): apparmor="STATUS" operation="profile_load" profile="unconfined" name="/usr/lib/cups/backend/cups-pdf" pid=305 comm="apparmor_parser"
[    2.473816] systemd[1]: Finished Load AppArmor profiles.
[    2.474740] systemd[1]: Starting Load AppArmor profiles managed internally by snapd...
[    2.585254] systemd[1]: Finished Load AppArmor profiles managed internally by snapd.
[    2.772261] systemd[1]: Started Journal Service.
[    2.780340] systemd-journald[229]: Received client request to flush runtime journal.
[    2.783464] systemd-journald[229]: File /var/log/journal/c455b248004a419c87ce85eea238d727/system.journal corrupted or uncleanly shut down, renaming and replacing.
[    4.009807] RAPL PMU: API unit is 2^-32 Joules, 0 fixed counters, 10737418240 ms ovfl timer
[    4.037289] cryptd: max_cpu_qlen set to 1000
[    4.112272] AVX2 version of gcm_enc/dec engaged.
[    4.112273] AES CTR mode by8 optimization enabled
[    5.906612] Adding 1998844k swap on /dev/sda1.  Priority:-2 extents:1 across:1998844k FS
[    6.946206] kauditd_printk_skb: 30 callbacks suppressed
[    6.946208] audit: type=1400 audit(1768320273.792:41): apparmor="DENIED" operation="capable" profile="/usr/sbin/cups-browsed" pid=509 comm="cups-browsed" capability=23  capname="sys_nice"
[    8.288322] pcnet32 0000:00:03.0 enp0s3: link up, 100Mbps, full-duplex
[    8.308208] pcnet32 0000:00:08.0 enp0s8: link up, 100Mbps, full-duplex
[    8.345706] e1000: enp0s9 NIC Link is Up 1000 Mbps Full Duplex, Flow Control: RX
[    8.345997] IPv6: ADDRCONF(NETDEV_CHANGE): enp0s9: link becomes ready
[    8.867267] device enp0s3 entered promiscuous mode
[    8.871299] device enp0s8 entered promiscuous mode
[    8.920499] audit: type=1400 audit(1768320275.772:42): apparmor="DENIED" operation="open" profile="/usr/sbin/tcpdump" name="/proc/sys/kernel/random/boot_id" pid=623 comm="tcpdump" requested_mask="r" denied_mask="r" fsuid=0 ouid=0
[    8.922075] audit: type=1400 audit(1768320275.772:43): apparmor="DENIED" operation="open" profile="/usr/sbin/tcpdump" name="/proc/sys/kernel/random/boot_id" pid=623 comm="tcpdump" requested_mask="r" denied_mask="r" fsuid=0 ouid=0
[    8.922127] audit: type=1400 audit(1768320275.772:44): apparmor="DENIED" operation="open" profile="/usr/sbin/tcpdump" name="/proc/sys/kernel/random/boot_id" pid=623 comm="tcpdump" requested_mask="r" denied_mask="r" fsuid=0 ouid=0
[    8.922280] audit: type=1400 audit(1768320275.772:45): apparmor="DENIED" operation="open" profile="/usr/sbin/tcpdump" name="/proc/sys/kernel/random/boot_id" pid=623 comm="tcpdump" requested_mask="r" denied_mask="r" fsuid=0 ouid=0
[    8.929753] audit: type=1400 audit(1768320275.780:46): apparmor="DENIED" operation="open" profile="/usr/sbin/tcpdump" name="/proc/sys/kernel/random/boot_id" pid=622 comm="tcpdump" requested_mask="r" denied_mask="r" fsuid=0 ouid=0
[    8.930403] audit: type=1400 audit(1768320275.780:47): apparmor="DENIED" operation="open" profile="/usr/sbin/tcpdump" name="/proc/sys/kernel/random/boot_id" pid=622 comm="tcpdump" requested_mask="r" denied_mask="r" fsuid=0 ouid=0
[    8.931137] audit: type=1400 audit(1768320275.780:48): apparmor="DENIED" operation="open" profile="/usr/sbin/tcpdump" name="/proc/sys/kernel/random/boot_id" pid=624 comm="tcpdump" requested_mask="r" denied_mask="r" fsuid=0 ouid=0
[    8.932614] audit: type=1400 audit(1768320275.784:49): apparmor="DENIED" operation="open" profile="/usr/sbin/tcpdump" name="/proc/sys/kernel/random/boot_id" pid=622 comm="tcpdump" requested_mask="r" denied_mask="r" fsuid=0 ouid=0
[    8.933514] audit: type=1400 audit(1768320275.784:50): apparmor="DENIED" operation="open" profile="/usr/sbin/tcpdump" name="/proc/sys/kernel/random/boot_id" pid=622 comm="tcpdump" requested_mask="r" denied_mask="r" fsuid=0 ouid=0
[   14.852252] rfkill: input handler disabled
[  280.073598] AAAAA-TCP_FORW: name:enp0s8: saddr:100932208: daddr:16783984
[  280.075699] AAAAA-TCP_FORW: name:enp0s3: saddr:16783984: daddr:100932208
[  280.274885] AAAAA-TCP_FORW: name:enp0s8: saddr:100932208: daddr:16783984
[  280.275780] AAAAA-TCP_FORW: name:enp0s3: saddr:16783984: daddr:100932208
[  280.428483] AAAAA-TCP_FORW: name:enp0s8: saddr:100932208: daddr:16783984
[  280.429390] AAAAA-TCP_FORW: name:enp0s3: saddr:16783984: daddr:100932208
[  280.429736] AAAAA-TCP_FORW: name:enp0s3: saddr:16783984: daddr:100932208
[  281.046827] AAAAA-TCP_FORW: name:enp0s3: saddr:16783984: daddr:100932208
[  281.498695] AAAAA-TCP_FORW: name:enp0s8: saddr:100932208: daddr:33561200
[  281.499582] AAAAA-TCP_FORW: name:enp0s3: saddr:33561200: daddr:100932208
[  281.654780] AAAAA-TCP_FORW: name:enp0s3: saddr:16783984: daddr:100932208
[  282.356735] AAAAA-TCP_FORW: name:enp0s8: saddr:100932208: daddr:16783984
[  282.438387] AAAAA-TCP_FORW: name:enp0s8: saddr:100932208: daddr:16783984
[  282.439756] AAAAA-TCP_FORW: name:enp0s3: saddr:16783984: daddr:100932208
[  282.518736] AAAAA-TCP_FORW: name:enp0s3: saddr:33561200: daddr:100932208
[  282.820255] AAAAA-TCP_FORW: name:enp0s8: saddr:100932208: daddr:16783984
[  282.944428] AAAAA-TCP_FORW: name:enp0s8: saddr:100932208: daddr:33561200
[  282.945279] AAAAA-TCP_FORW: name:enp0s3: saddr:33561200: daddr:100932208
[  283.265481] AAAAA-TCP_FORW: name:enp0s8: saddr:100932208: daddr:33561200
[  283.266316] AAAAA-TCP_FORW: name:enp0s3: saddr:33561200: daddr:100932208
[  283.364297] AAAAA-TCP_FORW: name:enp0s8: saddr:100932208: daddr:16783984
[  283.491678] AAAAA-TCP_FORW: name:enp0s8: saddr:100932208: daddr:16783984
[  283.492701] AAAAA-TCP_FORW: name:enp0s3: saddr:16783984: daddr:100932208
[  283.492991] AAAAA-TCP_FORW: name:enp0s3: saddr:16783984: daddr:100932208
[  283.548715] AAAAA-TCP_FORW: name:enp0s8: saddr:100932208: daddr:33561200
[  283.549728] AAAAA-TCP_FORW: name:enp0s3: saddr:33561200: daddr:100932208
[  283.927118] AAAAA-TCP_FORW: name:enp0s8: saddr:100932208: daddr:16783984
[  283.991658] AAAAA-TCP_FORW: name:enp0s8: saddr:100932208: daddr:16783984
[  283.992487] AAAAA-TCP_FORW: name:enp0s3: saddr:16783984: daddr:100932208
[  284.188020] AAAAA-TCP_FORW: name:enp0s8: saddr:100932208: daddr:16783984
[  284.188902] AAAAA-TCP_FORW: name:enp0s3: saddr:16783984: daddr:100932208
[  284.259368] AAAAA-TCP_FORW: name:enp0s8: saddr:100932208: daddr:16783984
[  284.260216] AAAAA-TCP_FORW: name:enp0s3: saddr:16783984: daddr:100932208
[  284.261123] AAAAA-TCP_FORW: name:enp0s3: saddr:16783984: daddr:100932208
[  284.382599] AAAAA-TCP_FORW: name:enp0s8: saddr:100932208: daddr:33561200
[  284.383290] AAAAA-TCP_FORW: name:enp0s3: saddr:33561200: daddr:100932208
[  284.472739] AAAAA-TCP_FORW: name:enp0s8: saddr:100932208: daddr:16783984
[  284.473558] AAAAA-TCP_FORW: name:enp0s3: saddr:16783984: daddr:100932208
[  284.579488] AAAAA-TCP_FORW: name:enp0s8: saddr:100932208: daddr:33561200
[  284.580237] AAAAA-TCP_FORW: name:enp0s3: saddr:33561200: daddr:100932208
[  284.647295] AAAAA-TCP_FORW: name:enp0s8: saddr:100932208: daddr:16783984
[  284.732208] AAAAA-TCP_FORW: name:enp0s8: saddr:100932208: daddr:16783984
[  284.733287] AAAAA-TCP_FORW: name:enp0s3: saddr:16783984: daddr:100932208
[  284.796717] AAAAA-TCP_FORW: name:enp0s8: saddr:100932208: daddr:16783984
[  284.797763] AAAAA-TCP_FORW: name:enp0s3: saddr:16783984: daddr:100932208
[  284.863415] AAAAA-TCP_FORW: name:enp0s8: saddr:100932208: daddr:16783984
[  284.864285] AAAAA-TCP_FORW: name:enp0s3: saddr:16783984: daddr:100932208
[  284.953511] AAAAA-TCP_FORW: name:enp0s8: saddr:100932208: daddr:16783984
[  284.954644] AAAAA-TCP_FORW: name:enp0s3: saddr:16783984: daddr:100932208
[  285.001185] AAAAA-TCP_FORW: name:enp0s8: saddr:100932208: daddr:16783984
[  285.002122] AAAAA-TCP_FORW: name:enp0s3: saddr:16783984: daddr:100932208
[  285.161992] AAAAA-TCP_FORW: name:enp0s8: saddr:100932208: daddr:16783984
[  285.162929] AAAAA-TCP_FORW: name:enp0s3: saddr:16783984: daddr:100932208
[  285.214501] AAAAA-TCP_FORW: name:enp0s8: saddr:100932208: daddr:16783984
[  285.215614] AAAAA-TCP_FORW: name:enp0s3: saddr:16783984: daddr:100932208
[  285.294100] AAAAA-TCP_FORW: name:enp0s8: saddr:100932208: daddr:16783984
[  285.295128] AAAAA-TCP_FORW: name:enp0s3: saddr:16783984: daddr:100932208
[  285.363739] AAAAA-TCP_FORW: name:enp0s8: saddr:100932208: daddr:16783984
[  285.364835] AAAAA-TCP_FORW: name:enp0s3: saddr:16783984: daddr:100932208
[  285.506544] AAAAA-TCP_FORW: name:enp0s8: saddr:100932208: daddr:16783984
[  285.507443] AAAAA-TCP_FORW: name:enp0s3: saddr:16783984: daddr:100932208
[  285.659565] AAAAA-TCP_FORW: name:enp0s8: saddr:100932208: daddr:33561200
[  285.660628] AAAAA-TCP_FORW: name:enp0s3: saddr:33561200: daddr:100932208
[  285.845847] AAAAA-TCP_FORW: name:enp0s8: saddr:100932208: daddr:33561200
[  285.846928] AAAAA-TCP_FORW: name:enp0s3: saddr:33561200: daddr:100932208
[  285.910371] AAAAA-TCP_FORW: name:enp0s8: saddr:100932208: daddr:33561200
[  285.911540] AAAAA-TCP_FORW: name:enp0s3: saddr:33561200: daddr:100932208
[  286.026063] AAAAA-TCP_FORW: name:enp0s8: saddr:100932208: daddr:33561200
[  286.027067] AAAAA-TCP_FORW: name:enp0s3: saddr:33561200: daddr:100932208
[  286.255185] AAAAA-TCP_FORW: name:enp0s8: saddr:100932208: daddr:33561200
[  286.256250] AAAAA-TCP_FORW: name:enp0s3: saddr:33561200: daddr:100932208
[  286.394412] AAAAA-TCP_FORW: name:enp0s8: saddr:100932208: daddr:33561200
[  286.395567] AAAAA-TCP_FORW: name:enp0s3: saddr:33561200: daddr:100932208
[  286.488022] AAAAA-TCP_FORW: name:enp0s8: saddr:100932208: daddr:33561200
[  286.489106] AAAAA-TCP_FORW: name:enp0s3: saddr:33561200: daddr:100932208
[  286.536639] AAAAA-TCP_FORW: name:enp0s8: saddr:100932208: daddr:33561200
[  286.537779] AAAAA-TCP_FORW: name:enp0s3: saddr:33561200: daddr:100932208
[  286.565645] AAAAA-TCP_FORW: name:enp0s8: saddr:100932208: daddr:33561200
[  286.566743] AAAAA-TCP_FORW: name:enp0s3: saddr:33561200: daddr:100932208
[  286.712545] AAAAA-TCP_FORW: name:enp0s8: saddr:100932208: daddr:33561200
[  286.713662] AAAAA-TCP_FORW: name:enp0s3: saddr:33561200: daddr:100932208
[  286.810241] AAAAA-TCP_FORW: name:enp0s8: saddr:100932208: daddr:16783984
[  286.811367] AAAAA-TCP_FORW: name:enp0s3: saddr:16783984: daddr:100932208
[  286.871952] AAAAA-TCP_FORW: name:enp0s8: saddr:100932208: daddr:16783984
[  286.873073] AAAAA-TCP_FORW: name:enp0s3: saddr:16783984: daddr:100932208
[  287.022948] AAAAA-TCP_FORW: name:enp0s8: saddr:100932208: daddr:33561200
[  287.024166] AAAAA-TCP_FORW: name:enp0s3: saddr:33561200: daddr:100932208
[  287.114005] AAAAA-TCP_FORW: name:enp0s8: saddr:100932208: daddr:16783984
[  287.115097] AAAAA-TCP_FORW: name:enp0s3: saddr:16783984: daddr:100932208
[  287.160054] AAAAA-TCP_FORW: name:enp0s8: saddr:100932208: daddr:16783984
[  287.161136] AAAAA-TCP_FORW: name:enp0s3: saddr:16783984: daddr:100932208
[  287.218871] AAAAA-TCP_FORW: name:enp0s8: saddr:100932208: daddr:16783984
[  287.219990] AAAAA-TCP_FORW: name:enp0s3: saddr:16783984: daddr:100932208
[  287.279321] AAAAA-TCP_FORW: name:enp0s8: saddr:100932208: daddr:16783984
[  287.280486] AAAAA-TCP_FORW: name:enp0s3: saddr:16783984: daddr:100932208
[  287.451148] AAAAA-TCP_FORW: name:enp0s8: saddr:100932208: daddr:16783984
[  287.452229] AAAAA-TCP_FORW: name:enp0s3: saddr:16783984: daddr:100932208
[  287.501568] AAAAA-TCP_FORW: name:enp0s8: saddr:100932208: daddr:16783984
[  287.502773] AAAAA-TCP_FORW: name:enp0s3: saddr:16783984: daddr:100932208
[  287.533735] AAAAA-TCP_FORW: name:enp0s8: saddr:100932208: daddr:16783984
[  287.534628] AAAAA-TCP_FORW: name:enp0s3: saddr:16783984: daddr:100932208
[  287.725826] AAAAA-TCP_FORW: name:enp0s8: saddr:100932208: daddr:16783984
[  287.727718] AAAAA-TCP_FORW: name:enp0s3: saddr:16783984: daddr:100932208
[  287.820778] AAAAA-TCP_FORW: name:enp0s8: saddr:100932208: daddr:33561200
[  287.822241] AAAAA-TCP_FORW: name:enp0s3: saddr:33561200: daddr:100932208
[  287.907630] AAAAA-TCP_FORW: name:enp0s8: saddr:100932208: daddr:16783984
[  287.909168] AAAAA-TCP_FORW: name:enp0s3: saddr:16783984: daddr:100932208
[  287.936751] AAAAA-TCP_FORW: name:enp0s8: saddr:100932208: daddr:16783984
[  287.938253] AAAAA-TCP_FORW: name:enp0s3: saddr:16783984: daddr:100932208
[  288.020963] AAAAA-TCP_FORW: name:enp0s8: saddr:100932208: daddr:16783984
[  288.022464] AAAAA-TCP_FORW: name:enp0s3: saddr:16783984: daddr:100932208
[  288.146421] AAAAA-TCP_FORW: name:enp0s8: saddr:100932208: daddr:16783984
[  288.147637] AAAAA-TCP_FORW: name:enp0s3: saddr:16783984: daddr:100932208
[  288.193713] AAAAA-TCP_FORW: name:enp0s8: saddr:100932208: daddr:16783984
[  288.194813] AAAAA-TCP_FORW: name:enp0s3: saddr:16783984: daddr:100932208
[  288.260837] AAAAA-TCP_FORW: name:enp0s8: saddr:100932208: daddr:16783984
[  288.261967] AAAAA-TCP_FORW: name:enp0s3: saddr:16783984: daddr:100932208
[  288.373838] AAAAA-TCP_FORW: name:enp0s8: saddr:100932208: daddr:16783984
[  288.403232] AAAAA-TCP_FORW: name:enp0s8: saddr:100932208: daddr:16783984
[  288.404466] AAAAA-TCP_FORW: name:enp0s3: saddr:16783984: daddr:100932208
[  288.543857] AAAAA-TCP_FORW: name:enp0s8: saddr:100932208: daddr:33561200
[  288.544938] AAAAA-TCP_FORW: name:enp0s3: saddr:33561200: daddr:100932208
[  288.586635] AAAAA-TCP_FORW: name:enp0s8: saddr:100932208: daddr:16783984
[  288.638842] AAAAA-TCP_FORW: name:enp0s3: saddr:16783984: daddr:100932208
[  288.729932] AAAAA-TCP_FORW: name:enp0s8: saddr:100932208: daddr:16783984
[  288.804878] AAAAA-TCP_FORW: name:enp0s8: saddr:100932208: daddr:33561200
[  288.805890] AAAAA-TCP_FORW: name:enp0s3: saddr:33561200: daddr:100932208
[  288.830778] AAAAA-TCP_FORW: name:enp0s3: saddr:16783984: daddr:100932208
[  288.893925] AAAAA-TCP_FORW: name:enp0s8: saddr:100932208: daddr:33561200
[  288.894995] AAAAA-TCP_FORW: name:enp0s3: saddr:33561200: daddr:100932208
[  289.041105] AAAAA-TCP_FORW: name:enp0s8: saddr:100932208: daddr:33561200
[  289.042216] AAAAA-TCP_FORW: name:enp0s3: saddr:33561200: daddr:100932208
[  289.107805] AAAAA-TCP_FORW: name:enp0s8: saddr:100932208: daddr:33561200
[  289.108916] AAAAA-TCP_FORW: name:enp0s3: saddr:33561200: daddr:100932208
[  289.179861] AAAAA-TCP_FORW: name:enp0s8: saddr:100932208: daddr:16783984
[  289.181118] AAAAA-TCP_FORW: name:enp0s3: saddr:16783984: daddr:100932208
[  289.245463] AAAAA-TCP_FORW: name:enp0s8: saddr:100932208: daddr:33561200
[  289.246609] AAAAA-TCP_FORW: name:enp0s3: saddr:33561200: daddr:100932208
[  289.272330] AAAAA-TCP_FORW: name:enp0s8: saddr:100932208: daddr:16783984
[  289.273218] AAAAA-TCP_FORW: name:enp0s3: saddr:16783984: daddr:100932208
[  289.427252] AAAAA-TCP_FORW: name:enp0s8: saddr:100932208: daddr:16783984
[  289.428234] AAAAA-TCP_FORW: name:enp0s3: saddr:16783984: daddr:100932208
[  289.612101] AAAAA-TCP_FORW: name:enp0s8: saddr:100932208: daddr:16783984
[  289.614165] AAAAA-TCP_FORW: name:enp0s3: saddr:16783984: daddr:100932208
[  289.722047] AAAAA-TCP_FORW: name:enp0s8: saddr:100932208: daddr:16783984
[  289.727959] AAAAA-TCP_FORW: name:enp0s3: saddr:16783984: daddr:100932208
[  289.869418] AAAAA-TCP_FORW: name:enp0s8: saddr:100932208: daddr:16783984
[  289.871892] AAAAA-TCP_FORW: name:enp0s3: saddr:16783984: daddr:100932208
[  289.930969] AAAAA-TCP_FORW: name:enp0s8: saddr:100932208: daddr:33561200
[  289.932265] AAAAA-TCP_FORW: name:enp0s3: saddr:33561200: daddr:100932208
[  289.939803] AAAAA-TCP_FORW: name:enp0s8: saddr:100932208: daddr:16783984
[  289.942292] AAAAA-TCP_FORW: name:enp0s3: saddr:16783984: daddr:100932208
[  290.008939] AAAAA-TCP_FORW: name:enp0s8: saddr:100932208: daddr:33561200
[  290.010026] AAAAA-TCP_FORW: name:enp0s3: saddr:33561200: daddr:100932208
[  290.052508] AAAAA-TCP_FORW: name:enp0s8: saddr:100932208: daddr:33561200
[  290.053628] AAAAA-TCP_FORW: name:enp0s3: saddr:33561200: daddr:100932208
[  290.079213] AAAAA-TCP_FORW: name:enp0s8: saddr:100932208: daddr:16783984
[  290.081678] AAAAA-TCP_FORW: name:enp0s3: saddr:16783984: daddr:100932208
[  290.219482] AAAAA-TCP_FORW: name:enp0s8: saddr:100932208: daddr:16783984
[  290.222845] AAAAA-TCP_FORW: name:enp0s3: saddr:16783984: daddr:100932208
[  290.324632] AAAAA-TCP_FORW: name:enp0s8: saddr:100932208: daddr:16783984
[  290.327133] AAAAA-TCP_FORW: name:enp0s3: saddr:16783984: daddr:100932208
[  290.391943] AAAAA-TCP_FORW: name:enp0s8: saddr:100932208: daddr:16783984
[  290.428326] AAAAA-TCP_FORW: name:enp0s3: saddr:16783984: daddr:100932208
[  290.542447] AAAAA-TCP_FORW: name:enp0s8: saddr:100932208: daddr:33561200
[  290.543610] AAAAA-TCP_FORW: name:enp0s3: saddr:33561200: daddr:100932208
[  290.628564] AAAAA-TCP_FORW: name:enp0s8: saddr:100932208: daddr:16783984
[  290.631080] AAAAA-TCP_FORW: name:enp0s3: saddr:16783984: daddr:100932208
[  290.736849] AAAAA-TCP_FORW: name:enp0s8: saddr:100932208: daddr:16783984
[  290.739359] AAAAA-TCP_FORW: name:enp0s3: saddr:16783984: daddr:100932208
[  290.758843] AAAAA-TCP_FORW: name:enp0s8: saddr:100932208: daddr:33561200
[  290.760026] AAAAA-TCP_FORW: name:enp0s3: saddr:33561200: daddr:100932208
[  290.952063] AAAAA-TCP_FORW: name:enp0s8: saddr:100932208: daddr:33561200
[  290.953320] AAAAA-TCP_FORW: name:enp0s3: saddr:33561200: daddr:100932208
[  291.129975] AAAAA-TCP_FORW: name:enp0s8: saddr:100932208: daddr:16783984
[  291.132246] AAAAA-TCP_FORW: name:enp0s3: saddr:16783984: daddr:100932208
[  291.192709] AAAAA-TCP_FORW: name:enp0s8: saddr:100932208: daddr:33561200
[  291.193643] AAAAA-TCP_FORW: name:enp0s3: saddr:33561200: daddr:100932208
[  291.254377] AAAAA-TCP_FORW: name:enp0s8: saddr:100932208: daddr:16783984
[  291.256427] AAAAA-TCP_FORW: name:enp0s3: saddr:16783984: daddr:100932208
[  291.349928] AAAAA-TCP_FORW: name:enp0s8: saddr:100932208: daddr:16783984
[  291.352246] AAAAA-TCP_FORW: name:enp0s3: saddr:16783984: daddr:100932208
[  291.396423] AAAAA-TCP_FORW: name:enp0s8: saddr:100932208: daddr:33561200
[  291.397517] AAAAA-TCP_FORW: name:enp0s3: saddr:33561200: daddr:100932208
[  291.533427] AAAAA-TCP_FORW: name:enp0s8: saddr:100932208: daddr:16783984
[  291.535360] AAAAA-TCP_FORW: name:enp0s3: saddr:16783984: daddr:100932208
[  291.681985] AAAAA-TCP_FORW: name:enp0s8: saddr:100932208: daddr:33561200
[  291.683650] AAAAA-TCP_FORW: name:enp0s3: saddr:33561200: daddr:100932208
[  291.729225] AAAAA-TCP_FORW: name:enp0s8: saddr:100932208: daddr:16783984
[  291.730964] AAAAA-TCP_FORW: name:enp0s3: saddr:16783984: daddr:100932208
[  291.837334] AAAAA-TCP_FORW: name:enp0s8: saddr:100932208: daddr:33561200
[  291.838750] AAAAA-TCP_FORW: name:enp0s3: saddr:33561200: daddr:100932208
[  291.907334] AAAAA-TCP_FORW: name:enp0s8: saddr:100932208: daddr:33561200
[  291.908477] AAAAA-TCP_FORW: name:enp0s3: saddr:33561200: daddr:100932208
[  292.044069] AAAAA-TCP_FORW: name:enp0s8: saddr:100932208: daddr:33561200
[  292.045494] AAAAA-TCP_FORW: name:enp0s3: saddr:33561200: daddr:100932208
[  292.130736] AAAAA-TCP_FORW: name:enp0s8: saddr:100932208: daddr:16783984
[  292.132646] AAAAA-TCP_FORW: name:enp0s3: saddr:16783984: daddr:100932208
[  292.187158] AAAAA-TCP_FORW: name:enp0s8: saddr:100932208: daddr:16783984
[  292.188881] AAAAA-TCP_FORW: name:enp0s3: saddr:16783984: daddr:100932208
[  292.270680] AAAAA-TCP_FORW: name:enp0s8: saddr:100932208: daddr:33561200
[  292.271820] AAAAA-TCP_FORW: name:enp0s3: saddr:33561200: daddr:100932208
[  292.299629] AAAAA-TCP_FORW: name:enp0s8: saddr:100932208: daddr:16783984
[  292.301277] AAAAA-TCP_FORW: name:enp0s3: saddr:16783984: daddr:100932208
[  292.340757] AAAAA-TCP_FORW: name:enp0s8: saddr:100932208: daddr:33561200
[  292.341865] AAAAA-TCP_FORW: name:enp0s3: saddr:33561200: daddr:100932208
[  292.363164] AAAAA-TCP_FORW: name:enp0s8: saddr:100932208: daddr:33561200
[  292.363899] AAAAA-TCP_FORW: name:enp0s3: saddr:33561200: daddr:100932208
[  292.464995] AAAAA-TCP_FORW: name:enp0s8: saddr:100932208: daddr:33561200
[  292.465867] AAAAA-TCP_FORW: name:enp0s3: saddr:33561200: daddr:100932208
[  292.614595] AAAAA-TCP_FORW: name:enp0s8: saddr:100932208: daddr:16783984
[  292.616797] AAAAA-TCP_FORW: name:enp0s3: saddr:16783984: daddr:100932208
[  292.733333] AAAAA-TCP_FORW: name:enp0s8: saddr:100932208: daddr:33561200
[  292.734127] AAAAA-TCP_FORW: name:enp0s3: saddr:33561200: daddr:100932208
[  292.821785] AAAAA-TCP_FORW: name:enp0s8: saddr:100932208: daddr:33561200
[  292.823189] AAAAA-TCP_FORW: name:enp0s3: saddr:33561200: daddr:100932208
[  292.882984] AAAAA-TCP_FORW: name:enp0s8: saddr:100932208: daddr:33561200
[  292.884131] AAAAA-TCP_FORW: name:enp0s3: saddr:33561200: daddr:100932208
[  292.936083] AAAAA-TCP_FORW: name:enp0s8: saddr:100932208: daddr:33561200
[  292.978832] AAAAA-TCP_FORW: name:enp0s3: saddr:33561200: daddr:100932208
[  293.015194] AAAAA-TCP_FORW: name:enp0s8: saddr:100932208: daddr:33561200
[  293.036381] AAAAA-TCP_FORW: name:enp0s8: saddr:100932208: daddr:16783984
[  293.037289] AAAAA-TCP_FORW: name:enp0s3: saddr:16783984: daddr:100932208
[  293.098903] AAAAA-TCP_FORW: name:enp0s3: saddr:33561200: daddr:100932208
[  293.124062] AAAAA-TCP_FORW: name:enp0s8: saddr:100932208: daddr:33561200
[  293.185192] AAAAA-TCP_FORW: name:enp0s8: saddr:100932208: daddr:16783984
[  293.186366] AAAAA-TCP_FORW: name:enp0s3: saddr:16783984: daddr:100932208
[  293.221768] AAAAA-TCP_FORW: name:enp0s8: saddr:100932208: daddr:33561200
[  293.222572] AAAAA-TCP_FORW: name:enp0s3: saddr:33561200: daddr:100932208
[  293.316635] AAAAA-TCP_FORW: name:enp0s8: saddr:100932208: daddr:16783984
[  293.317386] AAAAA-TCP_FORW: name:enp0s3: saddr:16783984: daddr:100932208
[  293.349141] AAAAA-TCP_FORW: name:enp0s8: saddr:100932208: daddr:16783984
[  293.350293] AAAAA-TCP_FORW: name:enp0s3: saddr:16783984: daddr:100932208
[  293.469388] AAAAA-TCP_FORW: name:enp0s8: saddr:100932208: daddr:33561200
[  293.532283] AAAAA-TCP_FORW: name:enp0s8: saddr:100932208: daddr:33561200
[  293.533438] AAAAA-TCP_FORW: name:enp0s3: saddr:33561200: daddr:100932208
[  293.559243] AAAAA-TCP_FORW: name:enp0s8: saddr:100932208: daddr:16783984
[  293.560218] AAAAA-TCP_FORW: name:enp0s3: saddr:16783984: daddr:100932208
[  293.606678] AAAAA-TCP_FORW: name:enp0s8: saddr:100932208: daddr:16783984
[  293.607858] AAAAA-TCP_FORW: name:enp0s3: saddr:16783984: daddr:100932208
[  295.226353] AAAAA-TCP_FORW: name:enp0s8: saddr:100932208: daddr:16783984
[  295.227829] AAAAA-TCP_FORW: name:enp0s3: saddr:16783984: daddr:100932208
[  295.252602] AAAAA-TCP_FORW: name:enp0s8: saddr:100932208: daddr:16783984
[  295.253850] AAAAA-TCP_FORW: name:enp0s3: saddr:16783984: daddr:100932208
[  295.275822] AAAAA-TCP_FORW: name:enp0s8: saddr:100932208: daddr:33561200
[  295.277056] AAAAA-TCP_FORW: name:enp0s3: saddr:33561200: daddr:100932208
[  295.299043] AAAAA-TCP_FORW: name:enp0s8: saddr:100932208: daddr:33561200
[  295.300270] AAAAA-TCP_FORW: name:enp0s3: saddr:33561200: daddr:100932208
[  295.329988] AAAAA-TCP_FORW: name:enp0s8: saddr:100932208: daddr:16783984
[  295.331209] AAAAA-TCP_FORW: name:enp0s3: saddr:16783984: daddr:100932208
[  295.350863] AAAAA-TCP_FORW: name:enp0s8: saddr:100932208: daddr:33561200
[  295.352004] AAAAA-TCP_FORW: name:enp0s3: saddr:33561200: daddr:100932208
[  295.369357] AAAAA-TCP_FORW: name:enp0s8: saddr:100932208: daddr:33561200
[  295.370508] AAAAA-TCP_FORW: name:enp0s3: saddr:33561200: daddr:100932208
[  295.392956] AAAAA-TCP_FORW: name:enp0s8: saddr:100932208: daddr:33561200
[  295.393912] AAAAA-TCP_FORW: name:enp0s3: saddr:33561200: daddr:100932208
[  295.418468] AAAAA-TCP_FORW: name:enp0s8: saddr:100932208: daddr:33561200
[  295.419399] AAAAA-TCP_FORW: name:enp0s3: saddr:33561200: daddr:100932208
[  295.442086] AAAAA-TCP_FORW: name:enp0s8: saddr:100932208: daddr:16783984
[  295.443129] AAAAA-TCP_FORW: name:enp0s3: saddr:16783984: daddr:100932208
[  295.456681] AAAAA-TCP_FORW: name:enp0s8: saddr:100932208: daddr:16783984
[  295.457615] AAAAA-TCP_FORW: name:enp0s3: saddr:16783984: daddr:100932208
[  295.479294] AAAAA-TCP_FORW: name:enp0s8: saddr:100932208: daddr:16783984
[  295.480227] AAAAA-TCP_FORW: name:enp0s3: saddr:16783984: daddr:100932208
[  295.521724] AAAAA-TCP_FORW: name:enp0s8: saddr:100932208: daddr:33561200
[  295.522850] AAAAA-TCP_FORW: name:enp0s3: saddr:33561200: daddr:100932208
[  316.690905] AAAAA-TCP_FORW: name:enp0s8: saddr:100932208: daddr:33561200
[  316.691994] AAAAA-TCP_FORW: name:enp0s3: saddr:33561200: daddr:100932208
[  316.837895] AAAAA-TCP_FORW: name:enp0s8: saddr:100932208: daddr:33561200
[  316.839089] AAAAA-TCP_FORW: name:enp0s3: saddr:33561200: daddr:100932208
[  316.908141] AAAAA-TCP_FORW: name:enp0s8: saddr:100932208: daddr:33561200
[  316.909326] AAAAA-TCP_FORW: name:enp0s3: saddr:33561200: daddr:100932208
[  317.068924] AAAAA-TCP_FORW: name:enp0s8: saddr:100932208: daddr:33561200
[  317.070082] AAAAA-TCP_FORW: name:enp0s3: saddr:33561200: daddr:100932208
[  317.225830] AAAAA-TCP_FORW: name:enp0s8: saddr:100932208: daddr:33561200
[  317.226998] AAAAA-TCP_FORW: name:enp0s3: saddr:33561200: daddr:100932208
[  317.393558] AAAAA-TCP_FORW: name:enp0s8: saddr:100932208: daddr:33561200
[  317.394667] AAAAA-TCP_FORW: name:enp0s3: saddr:33561200: daddr:100932208
[  317.500703] AAAAA-TCP_FORW: name:enp0s8: saddr:100932208: daddr:33561200
[  317.502489] AAAAA-TCP_FORW: name:enp0s3: saddr:33561200: daddr:100932208
[  317.567855] AAAAA-TCP_FORW: name:enp0s8: saddr:100932208: daddr:33561200
[  317.568585] AAAAA-TCP_FORW: name:enp0s3: saddr:33561200: daddr:100932208
[  317.722516] AAAAA-TCP_FORW: name:enp0s8: saddr:100932208: daddr:33561200
[  317.723644] AAAAA-TCP_FORW: name:enp0s3: saddr:33561200: daddr:100932208
[  317.806977] AAAAA-TCP_FORW: name:enp0s8: saddr:100932208: daddr:33561200
[  317.807703] AAAAA-TCP_FORW: name:enp0s3: saddr:33561200: daddr:100932208
[  317.888140] AAAAA-TCP_FORW: name:enp0s8: saddr:100932208: daddr:33561200
[  317.889284] AAAAA-TCP_FORW: name:enp0s3: saddr:33561200: daddr:100932208
[  318.012372] AAAAA-TCP_FORW: name:enp0s8: saddr:100932208: daddr:33561200
[  318.013480] AAAAA-TCP_FORW: name:enp0s3: saddr:33561200: daddr:100932208
[  318.288036] AAAAA-TCP_FORW: name:enp0s8: saddr:100932208: daddr:33561200
[  318.289377] AAAAA-TCP_FORW: name:enp0s3: saddr:33561200: daddr:100932208
[  318.489083] AAAAA-TCP_FORW: name:enp0s8: saddr:100932208: daddr:33561200
[  318.490547] AAAAA-TCP_FORW: name:enp0s3: saddr:33561200: daddr:100932208
[  318.557514] AAAAA-TCP_FORW: name:enp0s8: saddr:100932208: daddr:33561200
[  318.558878] AAAAA-TCP_FORW: name:enp0s3: saddr:33561200: daddr:100932208
[  318.639692] AAAAA-TCP_FORW: name:enp0s8: saddr:100932208: daddr:33561200
[  318.640882] AAAAA-TCP_FORW: name:enp0s3: saddr:33561200: daddr:100932208
[  318.728415] AAAAA-TCP_FORW: name:enp0s8: saddr:100932208: daddr:33561200
[  318.730165] AAAAA-TCP_FORW: name:enp0s3: saddr:33561200: daddr:100932208
[  318.844178] AAAAA-TCP_FORW: name:enp0s8: saddr:100932208: daddr:33561200
[  318.845428] AAAAA-TCP_FORW: name:enp0s3: saddr:33561200: daddr:100932208
[  318.998133] AAAAA-TCP_FORW: name:enp0s8: saddr:100932208: daddr:33561200
[  318.999245] AAAAA-TCP_FORW: name:enp0s3: saddr:33561200: daddr:100932208
[  319.086273] AAAAA-TCP_FORW: name:enp0s8: saddr:100932208: daddr:33561200
[  319.087571] AAAAA-TCP_FORW: name:enp0s3: saddr:33561200: daddr:100932208
[  319.199837] AAAAA-TCP_FORW: name:enp0s8: saddr:100932208: daddr:33561200
[  319.201020] AAAAA-TCP_FORW: name:enp0s3: saddr:33561200: daddr:100932208
[  319.300159] AAAAA-TCP_FORW: name:enp0s8: saddr:100932208: daddr:33561200
[  319.301157] AAAAA-TCP_FORW: name:enp0s3: saddr:33561200: daddr:100932208
[  319.463933] AAAAA-TCP_FORW: name:enp0s8: saddr:100932208: daddr:33561200
[  319.465343] AAAAA-TCP_FORW: name:enp0s3: saddr:33561200: daddr:100932208
[  319.547499] AAAAA-TCP_FORW: name:enp0s8: saddr:100932208: daddr:33561200
[  319.549112] AAAAA-TCP_FORW: name:enp0s3: saddr:33561200: daddr:100932208
[  319.598408] AAAAA-TCP_FORW: name:enp0s8: saddr:100932208: daddr:33561200
[  319.599780] AAAAA-TCP_FORW: name:enp0s3: saddr:33561200: daddr:100932208
[  319.706937] AAAAA-TCP_FORW: name:enp0s8: saddr:100932208: daddr:16783984
[  319.707970] AAAAA-TCP_FORW: name:enp0s3: saddr:16783984: daddr:100932208
[  319.817800] AAAAA-TCP_FORW: name:enp0s8: saddr:100932208: daddr:16783984
[  319.818568] AAAAA-TCP_FORW: name:enp0s3: saddr:16783984: daddr:100932208
[  320.032085] AAAAA-TCP_FORW: name:enp0s8: saddr:100932208: daddr:16783984
[  320.033217] AAAAA-TCP_FORW: name:enp0s3: saddr:16783984: daddr:100932208
[  320.203154] AAAAA-TCP_FORW: name:enp0s8: saddr:100932208: daddr:16783984
[  320.204334] AAAAA-TCP_FORW: name:enp0s3: saddr:16783984: daddr:100932208
[  320.310749] AAAAA-TCP_FORW: name:enp0s8: saddr:100932208: daddr:33561200
[  320.311451] AAAAA-TCP_FORW: name:enp0s3: saddr:33561200: daddr:100932208
[  320.421456] AAAAA-TCP_FORW: name:enp0s8: saddr:100932208: daddr:33561200
[  320.422615] AAAAA-TCP_FORW: name:enp0s3: saddr:33561200: daddr:100932208
[  320.509113] AAAAA-TCP_FORW: name:enp0s8: saddr:100932208: daddr:16783984
[  320.510271] AAAAA-TCP_FORW: name:enp0s3: saddr:16783984: daddr:100932208
[  320.595085] AAAAA-TCP_FORW: name:enp0s8: saddr:100932208: daddr:16783984
[  320.596375] AAAAA-TCP_FORW: name:enp0s3: saddr:16783984: daddr:100932208
[  320.687052] AAAAA-TCP_FORW: name:enp0s8: saddr:100932208: daddr:16783984
[  320.688259] AAAAA-TCP_FORW: name:enp0s3: saddr:16783984: daddr:100932208
[  320.809439] AAAAA-TCP_FORW: name:enp0s8: saddr:100932208: daddr:16783984
[  320.810664] AAAAA-TCP_FORW: name:enp0s3: saddr:16783984: daddr:100932208
[  320.902798] AAAAA-TCP_FORW: name:enp0s8: saddr:100932208: daddr:16783984
[  320.904000] AAAAA-TCP_FORW: name:enp0s3: saddr:16783984: daddr:100932208
[  320.963431] AAAAA-TCP_FORW: name:enp0s8: saddr:100932208: daddr:16783984
[  320.964156] AAAAA-TCP_FORW: name:enp0s3: saddr:16783984: daddr:100932208
[  321.129598] AAAAA-TCP_FORW: name:enp0s8: saddr:100932208: daddr:16783984
[  321.130338] AAAAA-TCP_FORW: name:enp0s3: saddr:16783984: daddr:100932208
[  321.352128] AAAAA-TCP_FORW: name:enp0s8: saddr:100932208: daddr:16783984
[  321.353298] AAAAA-TCP_FORW: name:enp0s3: saddr:16783984: daddr:100932208
[  321.456821] AAAAA-TCP_FORW: name:enp0s8: saddr:100932208: daddr:33561200
[  321.457868] AAAAA-TCP_FORW: name:enp0s3: saddr:33561200: daddr:100932208
[  321.605137] AAAAA-TCP_FORW: name:enp0s8: saddr:100932208: daddr:33561200
[  321.606242] AAAAA-TCP_FORW: name:enp0s3: saddr:33561200: daddr:100932208
[  321.683737] AAAAA-TCP_FORW: name:enp0s8: saddr:100932208: daddr:33561200
[  321.684473] AAAAA-TCP_FORW: name:enp0s3: saddr:33561200: daddr:100932208
[  321.903724] AAAAA-TCP_FORW: name:enp0s8: saddr:100932208: daddr:33561200
[  321.904646] AAAAA-TCP_FORW: name:enp0s3: saddr:33561200: daddr:100932208
[  322.003542] AAAAA-TCP_FORW: name:enp0s8: saddr:100932208: daddr:16783984
[  322.004742] AAAAA-TCP_FORW: name:enp0s3: saddr:16783984: daddr:100932208
[  322.149980] AAAAA-TCP_FORW: name:enp0s8: saddr:100932208: daddr:33561200
[  322.151538] AAAAA-TCP_FORW: name:enp0s3: saddr:33561200: daddr:100932208
[  322.226379] AAAAA-TCP_FORW: name:enp0s8: saddr:100932208: daddr:16783984
[  322.227303] AAAAA-TCP_FORW: name:enp0s3: saddr:16783984: daddr:100932208
[  322.337916] AAAAA-TCP_FORW: name:enp0s8: saddr:100932208: daddr:16783984
[  322.338839] AAAAA-TCP_FORW: name:enp0s3: saddr:16783984: daddr:100932208
[  322.930575] AAAAA-TCP_FORW: name:enp0s8: saddr:100932208: daddr:33561200
[  322.931638] AAAAA-TCP_FORW: name:enp0s3: saddr:33561200: daddr:100932208
[  323.194961] AAAAA-TCP_FORW: name:enp0s8: saddr:100932208: daddr:33561200
[  323.195923] AAAAA-TCP_FORW: name:enp0s3: saddr:33561200: daddr:100932208
[  323.452958] AAAAA-TCP_FORW: name:enp0s8: saddr:100932208: daddr:33561200
[  323.454006] AAAAA-TCP_FORW: name:enp0s3: saddr:33561200: daddr:100932208
[  323.836556] AAAAA-TCP_FORW: name:enp0s3: saddr:16783984: daddr:100932208
[  323.888458] AAAAA-TCP_FORW: name:enp0s8: saddr:100932208: daddr:33561200
[  323.889839] AAAAA-TCP_FORW: name:enp0s3: saddr:33561200: daddr:100932208
[  324.178627] AAAAA-TCP_FORW: name:enp0s3: saddr:16783984: daddr:100932208
[  324.360643] AAAAA-TCP_FORW: name:enp0s3: saddr:16783984: daddr:100932208
[  324.493041] AAAAA-TCP_FORW: name:enp0s3: saddr:33561200: daddr:100932208
[  324.626965] AAAAA-TCP_FORW: name:enp0s3: saddr:33561200: daddr:100932208
[  324.732530] AAAAA-TCP_FORW: name:enp0s3: saddr:33561200: daddr:100932208
[  324.745536] AAAAA-TCP_FORW: name:enp0s8: saddr:100932208: daddr:33561200
[  324.746585] AAAAA-TCP_FORW: name:enp0s3: saddr:33561200: daddr:100932208
[  324.855747] AAAAA-TCP_FORW: name:enp0s3: saddr:33561200: daddr:100932208
[  324.895166] AAAAA-TCP_FORW: name:enp0s8: saddr:100932208: daddr:33561200
[  324.896095] AAAAA-TCP_FORW: name:enp0s3: saddr:33561200: daddr:100932208
[  325.055594] AAAAA-TCP_FORW: name:enp0s8: saddr:100932208: daddr:33561200
[  325.056736] AAAAA-TCP_FORW: name:enp0s3: saddr:33561200: daddr:100932208
[  325.195044] AAAAA-TCP_FORW: name:enp0s8: saddr:100932208: daddr:33561200
[  325.195973] AAAAA-TCP_FORW: name:enp0s3: saddr:33561200: daddr:100932208
[  325.337731] AAAAA-TCP_FORW: name:enp0s8: saddr:100932208: daddr:33561200
[  325.338795] AAAAA-TCP_FORW: name:enp0s3: saddr:33561200: daddr:100932208
[  325.393436] AAAAA-TCP_FORW: name:enp0s8: saddr:100932208: daddr:33561200
[  325.394522] AAAAA-TCP_FORW: name:enp0s3: saddr:33561200: daddr:100932208
[  325.488030] AAAAA-TCP_FORW: name:enp0s8: saddr:100932208: daddr:33561200
[  325.490224] AAAAA-TCP_FORW: name:enp0s3: saddr:33561200: daddr:100932208
[  325.530243] AAAAA-TCP_FORW: name:enp0s8: saddr:100932208: daddr:33561200
[  325.532544] AAAAA-TCP_FORW: name:enp0s3: saddr:33561200: daddr:100932208
[  325.687902] AAAAA-TCP_FORW: name:enp0s8: saddr:100932208: daddr:33561200
[  325.690179] AAAAA-TCP_FORW: name:enp0s3: saddr:33561200: daddr:100932208
[  325.727157] AAAAA-TCP_FORW: name:enp0s8: saddr:100932208: daddr:16783984
[  325.728285] AAAAA-TCP_FORW: name:enp0s3: saddr:16783984: daddr:100932208
[  325.823723] AAAAA-TCP_FORW: name:enp0s8: saddr:100932208: daddr:16783984
[  325.824709] AAAAA-TCP_FORW: name:enp0s3: saddr:16783984: daddr:100932208
[  326.164928] AAAAA-TCP_FORW: name:enp0s8: saddr:100932208: daddr:16783984
[  326.165911] AAAAA-TCP_FORW: name:enp0s3: saddr:16783984: daddr:100932208
[  326.331547] AAAAA-TCP_FORW: name:enp0s8: saddr:100932208: daddr:16783984
[  326.332599] AAAAA-TCP_FORW: name:enp0s3: saddr:16783984: daddr:100932208
[  326.631732] AAAAA-TCP_FORW: name:enp0s8: saddr:100932208: daddr:33561200
[  326.634076] AAAAA-TCP_FORW: name:enp0s3: saddr:33561200: daddr:100932208
[  326.706388] AAAAA-TCP_FORW: name:enp0s8: saddr:100932208: daddr:33561200
[  326.708456] AAAAA-TCP_FORW: name:enp0s3: saddr:33561200: daddr:100932208
[  326.899713] AAAAA-TCP_FORW: name:enp0s8: saddr:100932208: daddr:16783984
[  326.900806] AAAAA-TCP_FORW: name:enp0s3: saddr:16783984: daddr:100932208
[  326.990259] AAAAA-TCP_FORW: name:enp0s8: saddr:100932208: daddr:16783984
[  326.991346] AAAAA-TCP_FORW: name:enp0s3: saddr:16783984: daddr:100932208
[  327.052513] AAAAA-TCP_FORW: name:enp0s8: saddr:100932208: daddr:33561200
[  327.054764] AAAAA-TCP_FORW: name:enp0s3: saddr:33561200: daddr:100932208
[  327.149125] AAAAA-TCP_FORW: name:enp0s8: saddr:100932208: daddr:33561200
[  327.151252] AAAAA-TCP_FORW: name:enp0s3: saddr:33561200: daddr:100932208
[  327.333892] AAAAA-TCP_FORW: name:enp0s8: saddr:100932208: daddr:16783984
[  327.335170] AAAAA-TCP_FORW: name:enp0s3: saddr:16783984: daddr:100932208
[  327.383258] AAAAA-TCP_FORW: name:enp0s8: saddr:100932208: daddr:33561200
[  327.383976] AAAAA-TCP_FORW: name:enp0s3: saddr:33561200: daddr:100932208
[  327.506344] AAAAA-TCP_FORW: name:enp0s8: saddr:100932208: daddr:33561200
[  327.507514] AAAAA-TCP_FORW: name:enp0s3: saddr:33561200: daddr:100932208
[  327.646417] AAAAA-TCP_FORW: name:enp0s8: saddr:100932208: daddr:16783984
[  327.647485] AAAAA-TCP_FORW: name:enp0s3: saddr:16783984: daddr:100932208
[  327.660587] AAAAA-TCP_FORW: name:enp0s8: saddr:100932208: daddr:33561200
[  327.661439] AAAAA-TCP_FORW: name:enp0s3: saddr:33561200: daddr:100932208
[  327.796201] AAAAA-TCP_FORW: name:enp0s8: saddr:100932208: daddr:33561200
[  327.797260] AAAAA-TCP_FORW: name:enp0s3: saddr:33561200: daddr:100932208
[  327.867479] AAAAA-TCP_FORW: name:enp0s8: saddr:100932208: daddr:33561200
[  327.868426] AAAAA-TCP_FORW: name:enp0s3: saddr:33561200: daddr:100932208
[  327.874007] AAAAA-TCP_FORW: name:enp0s8: saddr:100932208: daddr:33561200
[  327.874877] AAAAA-TCP_FORW: name:enp0s3: saddr:33561200: daddr:100932208
[  328.038402] AAAAA-TCP_FORW: name:enp0s8: saddr:100932208: daddr:33561200
[  328.039418] AAAAA-TCP_FORW: name:enp0s3: saddr:33561200: daddr:100932208
[  328.813796] AAAAA-TCP_FORW: name:enp0s8: saddr:100932208: daddr:33561200
[  328.815086] AAAAA-TCP_FORW: name:enp0s3: saddr:33561200: daddr:100932208
[  329.352595] AAAAA-TCP_FORW: name:enp0s8: saddr:100932208: daddr:33561200
[  329.354011] AAAAA-TCP_FORW: name:enp0s3: saddr:33561200: daddr:100932208
[  329.529422] AAAAA-TCP_FORW: name:enp0s8: saddr:100932208: daddr:33561200
[  329.531365] AAAAA-TCP_FORW: name:enp0s3: saddr:33561200: daddr:100932208
[  329.761746] AAAAA-TCP_FORW: name:enp0s8: saddr:100932208: daddr:33561200
[  329.762540] AAAAA-TCP_FORW: name:enp0s3: saddr:33561200: daddr:100932208
[  329.962376] AAAAA-TCP_FORW: name:enp0s8: saddr:100932208: daddr:33561200
[  329.963161] AAAAA-TCP_FORW: name:enp0s3: saddr:33561200: daddr:100932208
[  330.109126] AAAAA-TCP_FORW: name:enp0s8: saddr:100932208: daddr:33561200
[  330.110651] AAAAA-TCP_FORW: name:enp0s3: saddr:33561200: daddr:100932208
[  330.309173] AAAAA-TCP_FORW: name:enp0s8: saddr:100932208: daddr:33561200
[  330.310381] AAAAA-TCP_FORW: name:enp0s3: saddr:33561200: daddr:100932208
[  330.450106] AAAAA-TCP_FORW: name:enp0s8: saddr:100932208: daddr:33561200
[  330.451488] AAAAA-TCP_FORW: name:enp0s3: saddr:33561200: daddr:100932208
[  330.663405] AAAAA-TCP_FORW: name:enp0s8: saddr:100932208: daddr:33561200
[  330.664494] AAAAA-TCP_FORW: name:enp0s3: saddr:33561200: daddr:100932208
[  330.810592] AAAAA-TCP_FORW: name:enp0s8: saddr:100932208: daddr:33561200
[  330.811706] AAAAA-TCP_FORW: name:enp0s3: saddr:33561200: daddr:100932208
[  330.956540] AAAAA-TCP_FORW: name:enp0s8: saddr:100932208: daddr:33561200
[  330.957118] AAAAA-TCP_FORW: name:enp0s3: saddr:33561200: daddr:100932208
[  331.094885] AAAAA-TCP_FORW: name:enp0s8: saddr:100932208: daddr:33561200
[  331.095672] AAAAA-TCP_FORW: name:enp0s3: saddr:33561200: daddr:100932208
[  331.276560] AAAAA-TCP_FORW: name:enp0s8: saddr:100932208: daddr:33561200
[  331.277629] AAAAA-TCP_FORW: name:enp0s3: saddr:33561200: daddr:100932208
[  331.814018] AAAAA-TCP_FORW: name:enp0s8: saddr:100932208: daddr:33561200
[  331.814990] AAAAA-TCP_FORW: name:enp0s3: saddr:33561200: daddr:100932208
[  332.465198] AAAAA-TCP_FORW: name:enp0s8: saddr:100932208: daddr:33561200
[  332.466374] AAAAA-TCP_FORW: name:enp0s3: saddr:33561200: daddr:100932208
[  333.295485] AAAAA-TCP_FORW: name:enp0s8: saddr:100932208: daddr:33561200
[  333.296400] AAAAA-TCP_FORW: name:enp0s3: saddr:33561200: daddr:100932208
[  333.715976] AAAAA-TCP_FORW: name:enp0s8: saddr:100932208: daddr:33561200
[  333.717310] AAAAA-TCP_FORW: name:enp0s3: saddr:33561200: daddr:100932208
[  334.064428] AAAAA-TCP_FORW: name:enp0s8: saddr:100932208: daddr:33561200
[  334.065148] AAAAA-TCP_FORW: name:enp0s3: saddr:33561200: daddr:100932208
[  334.231742] AAAAA-TCP_FORW: name:enp0s8: saddr:100932208: daddr:33561200
[  334.232813] AAAAA-TCP_FORW: name:enp0s3: saddr:33561200: daddr:100932208
[  334.378419] AAAAA-TCP_FORW: name:enp0s8: saddr:100932208: daddr:33561200
[  334.379563] AAAAA-TCP_FORW: name:enp0s3: saddr:33561200: daddr:100932208
[  334.837276] AAAAA-TCP_FORW: name:enp0s8: saddr:100932208: daddr:33561200
[  335.225707] AAAAA-TCP_FORW: name:enp0s8: saddr:100932208: daddr:33561200
[  335.620791] AAAAA-TCP_FORW: name:enp0s8: saddr:100932208: daddr:33561200
[  349.372971] AAAAA-TCP_FORW: name:enp0s3: saddr:33561200: daddr:100932208
[  349.570525] AAAAA-TCP_FORW: name:enp0s3: saddr:33561200: daddr:100932208
[  349.797990] AAAAA-TCP_FORW: name:enp0s3: saddr:33561200: daddr:100932208
[  349.899753] AAAAA-TCP_FORW: name:enp0s3: saddr:33561200: daddr:100932208
[  350.037190] AAAAA-TCP_FORW: name:enp0s3: saddr:33561200: daddr:100932208
[  350.119820] AAAAA-TCP_FORW: name:enp0s3: saddr:33561200: daddr:100932208
[  350.431452] AAAAA-TCP_FORW: name:enp0s3: saddr:33561200: daddr:100932208
[  350.541475] AAAAA-TCP_FORW: name:enp0s3: saddr:33561200: daddr:100932208
[  350.663053] AAAAA-TCP_FORW: name:enp0s3: saddr:33561200: daddr:100932208
[  350.799694] AAAAA-TCP_FORW: name:enp0s3: saddr:33561200: daddr:100932208
[  350.919085] AAAAA-TCP_FORW: name:enp0s3: saddr:33561200: daddr:100932208
[  351.047104] AAAAA-TCP_FORW: name:enp0s3: saddr:33561200: daddr:100932208
[  351.177597] AAAAA-TCP_FORW: name:enp0s3: saddr:33561200: daddr:100932208
[  351.254814] AAAAA-TCP_FORW: name:enp0s3: saddr:33561200: daddr:100932208
[  351.376422] AAAAA-TCP_FORW: name:enp0s3: saddr:33561200: daddr:100932208
[  351.486590] AAAAA-TCP_FORW: name:enp0s3: saddr:33561200: daddr:100932208
[  351.597219] AAAAA-TCP_FORW: name:enp0s3: saddr:33561200: daddr:100932208
[  351.760715] AAAAA-TCP_FORW: name:enp0s3: saddr:33561200: daddr:100932208
[  351.855512] AAAAA-TCP_FORW: name:enp0s3: saddr:33561200: daddr:100932208
[  351.983647] AAAAA-TCP_FORW: name:enp0s3: saddr:33561200: daddr:100932208
[  352.105790] AAAAA-TCP_FORW: name:enp0s3: saddr:33561200: daddr:100932208
[  352.225845] AAAAA-TCP_FORW: name:enp0s3: saddr:33561200: daddr:100932208
[  352.311359] AAAAA-TCP_FORW: name:enp0s3: saddr:33561200: daddr:100932208
[  352.461672] AAAAA-TCP_FORW: name:enp0s3: saddr:33561200: daddr:100932208
[  352.556624] AAAAA-TCP_FORW: name:enp0s8: saddr:100932208: daddr:33561200
[  352.558187] AAAAA-TCP_FORW: name:enp0s3: saddr:33561200: daddr:100932208
[  352.778359] AAAAA-TCP_FORW: name:enp0s8: saddr:100932208: daddr:33561200
[  352.779883] AAAAA-TCP_FORW: name:enp0s3: saddr:33561200: daddr:100932208
[  352.831217] AAAAA-TCP_FORW: name:enp0s8: saddr:100932208: daddr:33561200
[  352.832159] AAAAA-TCP_FORW: name:enp0s3: saddr:33561200: daddr:100932208
[  352.897273] AAAAA-TCP_FORW: name:enp0s8: saddr:100932208: daddr:33561200
[  352.898219] AAAAA-TCP_FORW: name:enp0s3: saddr:33561200: daddr:100932208
[  353.031704] AAAAA-TCP_FORW: name:enp0s8: saddr:100932208: daddr:33561200
[  353.032444] AAAAA-TCP_FORW: name:enp0s3: saddr:33561200: daddr:100932208
[  353.129929] AAAAA-TCP_FORW: name:enp0s8: saddr:100932208: daddr:16783984
[  353.131043] AAAAA-TCP_FORW: name:enp0s3: saddr:16783984: daddr:100932208
[  353.229131] AAAAA-TCP_FORW: name:enp0s8: saddr:100932208: daddr:16783984
[  353.229890] AAAAA-TCP_FORW: name:enp0s3: saddr:16783984: daddr:100932208
[  353.287800] AAAAA-TCP_FORW: name:enp0s8: saddr:100932208: daddr:16783984
[  353.288514] AAAAA-TCP_FORW: name:enp0s3: saddr:16783984: daddr:100932208
[  353.366081] AAAAA-TCP_FORW: name:enp0s8: saddr:100932208: daddr:16783984
[  353.366839] AAAAA-TCP_FORW: name:enp0s3: saddr:16783984: daddr:100932208
[  353.535994] AAAAA-TCP_FORW: name:enp0s8: saddr:100932208: daddr:16783984
[  353.537027] AAAAA-TCP_FORW: name:enp0s3: saddr:16783984: daddr:100932208
[  353.641792] AAAAA-TCP_FORW: name:enp0s8: saddr:100932208: daddr:16783984
[  353.642583] AAAAA-TCP_FORW: name:enp0s3: saddr:16783984: daddr:100932208
[  353.744956] AAAAA-TCP_FORW: name:enp0s8: saddr:100932208: daddr:16783984
[  353.745752] AAAAA-TCP_FORW: name:enp0s3: saddr:16783984: daddr:100932208
[  353.832587] AAAAA-TCP_FORW: name:enp0s8: saddr:100932208: daddr:16783984
[  353.833341] AAAAA-TCP_FORW: name:enp0s3: saddr:16783984: daddr:100932208
[  353.933754] AAAAA-TCP_FORW: name:enp0s8: saddr:100932208: daddr:16783984
[  353.934526] AAAAA-TCP_FORW: name:enp0s3: saddr:16783984: daddr:100932208
[  354.110052] AAAAA-TCP_FORW: name:enp0s8: saddr:100932208: daddr:33561200
[  354.110891] AAAAA-TCP_FORW: name:enp0s3: saddr:33561200: daddr:100932208
[  354.172602] AAAAA-TCP_FORW: name:enp0s8: saddr:100932208: daddr:33561200
[  354.173370] AAAAA-TCP_FORW: name:enp0s3: saddr:33561200: daddr:100932208
[  354.257827] AAAAA-TCP_FORW: name:enp0s8: saddr:100932208: daddr:33561200
[  354.258543] AAAAA-TCP_FORW: name:enp0s3: saddr:33561200: daddr:100932208
[  354.328617] AAAAA-TCP_FORW: name:enp0s8: saddr:100932208: daddr:33561200
[  354.329364] AAAAA-TCP_FORW: name:enp0s3: saddr:33561200: daddr:100932208
[  354.387979] AAAAA-TCP_FORW: name:enp0s8: saddr:100932208: daddr:33561200
[  354.388693] AAAAA-TCP_FORW: name:enp0s3: saddr:33561200: daddr:100932208
[  354.473322] AAAAA-TCP_FORW: name:enp0s8: saddr:100932208: daddr:33561200
[  354.474060] AAAAA-TCP_FORW: name:enp0s3: saddr:33561200: daddr:100932208
[  354.573210] AAAAA-TCP_FORW: name:enp0s8: saddr:100932208: daddr:33561200
[  354.574420] AAAAA-TCP_FORW: name:enp0s3: saddr:33561200: daddr:100932208
[  354.647073] AAAAA-TCP_FORW: name:enp0s8: saddr:100932208: daddr:33561200
[  354.647902] AAAAA-TCP_FORW: name:enp0s3: saddr:33561200: daddr:100932208
[  354.703675] AAAAA-TCP_FORW: name:enp0s8: saddr:100932208: daddr:33561200
[  354.704427] AAAAA-TCP_FORW: name:enp0s3: saddr:33561200: daddr:100932208
[  354.808923] AAAAA-TCP_FORW: name:enp0s8: saddr:100932208: daddr:33561200
[  354.810381] AAAAA-TCP_FORW: name:enp0s3: saddr:33561200: daddr:100932208
[  354.955716] AAAAA-TCP_FORW: name:enp0s8: saddr:100932208: daddr:33561200
[  354.957137] AAAAA-TCP_FORW: name:enp0s3: saddr:33561200: daddr:100932208
[  355.013345] AAAAA-TCP_FORW: name:enp0s8: saddr:100932208: daddr:33561200
[  355.014164] AAAAA-TCP_FORW: name:enp0s3: saddr:33561200: daddr:100932208
[  355.121849] AAAAA-TCP_FORW: name:enp0s8: saddr:100932208: daddr:33561200
[  355.122977] AAAAA-TCP_FORW: name:enp0s3: saddr:33561200: daddr:100932208
[  355.177644] AAAAA-TCP_FORW: name:enp0s8: saddr:100932208: daddr:33561200
[  355.178358] AAAAA-TCP_FORW: name:enp0s3: saddr:33561200: daddr:100932208
[  355.311952] AAAAA-TCP_FORW: name:enp0s8: saddr:100932208: daddr:33561200
[  355.312705] AAAAA-TCP_FORW: name:enp0s3: saddr:33561200: daddr:100932208
[  355.403312] AAAAA-TCP_FORW: name:enp0s8: saddr:100932208: daddr:33561200
[  355.404486] AAAAA-TCP_FORW: name:enp0s3: saddr:33561200: daddr:100932208
[  355.498284] AAAAA-TCP_FORW: name:enp0s8: saddr:100932208: daddr:33561200
[  355.542647] AAAAA-TCP_FORW: name:enp0s3: saddr:33561200: daddr:100932208
[  355.594711] AAAAA-TCP_FORW: name:enp0s8: saddr:100932208: daddr:33561200
[  355.678854] AAAAA-TCP_FORW: name:enp0s3: saddr:33561200: daddr:100932208
[  355.723147] AAAAA-TCP_FORW: name:enp0s8: saddr:100932208: daddr:33561200
[  355.723955] AAAAA-TCP_FORW: name:enp0s3: saddr:33561200: daddr:100932208
[  355.764773] AAAAA-TCP_FORW: name:enp0s8: saddr:100932208: daddr:33561200
[  355.765531] AAAAA-TCP_FORW: name:enp0s3: saddr:33561200: daddr:100932208
[  355.869161] AAAAA-TCP_FORW: name:enp0s8: saddr:100932208: daddr:33561200
[  355.870011] AAAAA-TCP_FORW: name:enp0s3: saddr:33561200: daddr:100932208
[  356.060867] AAAAA-TCP_FORW: name:enp0s8: saddr:100932208: daddr:33561200
[  356.063811] AAAAA-TCP_FORW: name:enp0s3: saddr:33561200: daddr:100932208
[  356.113509] AAAAA-TCP_FORW: name:enp0s8: saddr:100932208: daddr:33561200
[  356.116120] AAAAA-TCP_FORW: name:enp0s3: saddr:33561200: daddr:100932208
[  356.296438] AAAAA-TCP_FORW: name:enp0s8: saddr:100932208: daddr:33561200
[  356.298148] AAAAA-TCP_FORW: name:enp0s3: saddr:33561200: daddr:100932208
[  356.353807] AAAAA-TCP_FORW: name:enp0s8: saddr:100932208: daddr:33561200
[  356.355918] AAAAA-TCP_FORW: name:enp0s3: saddr:33561200: daddr:100932208
[  356.607725] AAAAA-TCP_FORW: name:enp0s8: saddr:100932208: daddr:33561200
[  356.610383] AAAAA-TCP_FORW: name:enp0s3: saddr:33561200: daddr:100932208
[  357.264165] AAAAA-TCP_FORW: name:enp0s8: saddr:100932208: daddr:33561200
[  357.265365] AAAAA-TCP_FORW: name:enp0s3: saddr:33561200: daddr:100932208
[  357.431156] AAAAA-TCP_FORW: name:enp0s8: saddr:100932208: daddr:33561200
[  357.431925] AAAAA-TCP_FORW: name:enp0s3: saddr:33561200: daddr:100932208
[  371.032566] AAAAA-TCP_FORW: name:enp0s8: saddr:100932208: daddr:16783984
[  371.033521] AAAAA-TCP_FORW: name:enp0s3: saddr:16783984: daddr:100932208
[  371.218958] AAAAA-TCP_FORW: name:enp0s8: saddr:100932208: daddr:16783984
[  371.219685] AAAAA-TCP_FORW: name:enp0s3: saddr:16783984: daddr:100932208
[  371.328228] AAAAA-TCP_FORW: name:enp0s8: saddr:100932208: daddr:16783984
[  371.329003] AAAAA-TCP_FORW: name:enp0s3: saddr:16783984: daddr:100932208
[  371.452911] AAAAA-TCP_FORW: name:enp0s8: saddr:100932208: daddr:16783984
[  371.454895] AAAAA-TCP_FORW: name:enp0s3: saddr:16783984: daddr:100932208
[  371.528072] AAAAA-TCP_FORW: name:enp0s8: saddr:100932208: daddr:16783984
[  371.528764] AAAAA-TCP_FORW: name:enp0s3: saddr:16783984: daddr:100932208
[  371.629248] AAAAA-TCP_FORW: name:enp0s8: saddr:100932208: daddr:16783984
[  371.630401] AAAAA-TCP_FORW: name:enp0s3: saddr:16783984: daddr:100932208
[  371.698561] AAAAA-TCP_FORW: name:enp0s8: saddr:100932208: daddr:16783984
[  371.699269] AAAAA-TCP_FORW: name:enp0s3: saddr:16783984: daddr:100932208
[  371.758130] AAAAA-TCP_FORW: name:enp0s8: saddr:100932208: daddr:16783984
[  371.758911] AAAAA-TCP_FORW: name:enp0s3: saddr:16783984: daddr:100932208
[  371.884114] AAAAA-TCP_FORW: name:enp0s8: saddr:100932208: daddr:16783984
[  371.885211] AAAAA-TCP_FORW: name:enp0s3: saddr:16783984: daddr:100932208
[  371.919092] AAAAA-TCP_FORW: name:enp0s8: saddr:100932208: daddr:16783984
[  371.919869] AAAAA-TCP_FORW: name:enp0s3: saddr:16783984: daddr:100932208
[  372.097018] AAAAA-TCP_FORW: name:enp0s8: saddr:100932208: daddr:16783984
[  372.098286] AAAAA-TCP_FORW: name:enp0s3: saddr:16783984: daddr:100932208
[  372.167031] AAAAA-TCP_FORW: name:enp0s8: saddr:100932208: daddr:16783984
[  372.167745] AAAAA-TCP_FORW: name:enp0s3: saddr:16783984: daddr:100932208
[  372.246809] AAAAA-TCP_FORW: name:enp0s8: saddr:100932208: daddr:16783984
[  372.247520] AAAAA-TCP_FORW: name:enp0s3: saddr:16783984: daddr:100932208
[  372.281548] AAAAA-TCP_FORW: name:enp0s8: saddr:100932208: daddr:16783984
[  372.282270] AAAAA-TCP_FORW: name:enp0s3: saddr:16783984: daddr:100932208
[  372.435515] AAAAA-TCP_FORW: name:enp0s8: saddr:100932208: daddr:16783984
[  372.437075] AAAAA-TCP_FORW: name:enp0s3: saddr:16783984: daddr:100932208
[  372.500672] AAAAA-TCP_FORW: name:enp0s8: saddr:100932208: daddr:16783984
[  372.501584] AAAAA-TCP_FORW: name:enp0s3: saddr:16783984: daddr:100932208
[  372.584674] AAAAA-TCP_FORW: name:enp0s8: saddr:100932208: daddr:16783984
[  372.585398] AAAAA-TCP_FORW: name:enp0s3: saddr:16783984: daddr:100932208
[  372.838814] AAAAA-TCP_FORW: name:enp0s8: saddr:100932208: daddr:16783984
[  372.840066] AAAAA-TCP_FORW: name:enp0s3: saddr:16783984: daddr:100932208
[  372.916918] AAAAA-TCP_FORW: name:enp0s8: saddr:100932208: daddr:16783984
[  372.917941] AAAAA-TCP_FORW: name:enp0s3: saddr:16783984: daddr:100932208
[  373.099321] AAAAA-TCP_FORW: name:enp0s8: saddr:100932208: daddr:16783984
[  373.100327] AAAAA-TCP_FORW: name:enp0s3: saddr:16783984: daddr:100932208
[  373.391529] AAAAA-TCP_FORW: name:enp0s8: saddr:100932208: daddr:16783984
[  373.393281] AAAAA-TCP_FORW: name:enp0s3: saddr:16783984: daddr:100932208
[  373.445675] AAAAA-TCP_FORW: name:enp0s8: saddr:100932208: daddr:16783984
[  373.447242] AAAAA-TCP_FORW: name:enp0s3: saddr:16783984: daddr:100932208
[  373.510817] AAAAA-TCP_FORW: name:enp0s8: saddr:100932208: daddr:16783984
[  373.511760] AAAAA-TCP_FORW: name:enp0s3: saddr:16783984: daddr:100932208
[  373.619645] AAAAA-TCP_FORW: name:enp0s8: saddr:100932208: daddr:16783984
[  373.621033] AAAAA-TCP_FORW: name:enp0s3: saddr:16783984: daddr:100932208
[  373.654417] AAAAA-TCP_FORW: name:enp0s8: saddr:100932208: daddr:16783984
[  373.655362] AAAAA-TCP_FORW: name:enp0s3: saddr:16783984: daddr:100932208
[  373.713553] AAAAA-TCP_FORW: name:enp0s8: saddr:100932208: daddr:16783984
[  373.714462] AAAAA-TCP_FORW: name:enp0s3: saddr:16783984: daddr:100932208
[  382.505697] AAAAA-TCP_FORW: name:enp0s3: saddr:16783984: daddr:100932208
[  382.999464] AAAAA-TCP_FORW: name:enp0s3: saddr:16783984: daddr:100932208
[  383.086226] AAAAA-TCP_FORW: name:enp0s3: saddr:16783984: daddr:100932208
[  383.167693] AAAAA-TCP_FORW: name:enp0s3: saddr:16783984: daddr:100932208
[  383.327915] AAAAA-TCP_FORW: name:enp0s3: saddr:16783984: daddr:100932208
[  383.409552] AAAAA-TCP_FORW: name:enp0s3: saddr:16783984: daddr:100932208
[  383.591104] AAAAA-TCP_FORW: name:enp0s3: saddr:16783984: daddr:100932208
[  383.680609] AAAAA-TCP_FORW: name:enp0s3: saddr:16783984: daddr:100932208
[  383.887054] AAAAA-TCP_FORW: name:enp0s3: saddr:16783984: daddr:100932208
[  383.961182] AAAAA-TCP_FORW: name:enp0s3: saddr:16783984: daddr:100932208
[  384.062662] AAAAA-TCP_FORW: name:enp0s3: saddr:16783984: daddr:100932208
[  384.145039] AAAAA-TCP_FORW: name:enp0s3: saddr:16783984: daddr:100932208
[  384.244786] AAAAA-TCP_FORW: name:enp0s3: saddr:16783984: daddr:100932208
[  384.394751] AAAAA-TCP_FORW: name:enp0s8: saddr:100932208: daddr:16783984
[  384.395877] AAAAA-TCP_FORW: name:enp0s3: saddr:16783984: daddr:100932208
[  384.509848] AAAAA-TCP_FORW: name:enp0s8: saddr:100932208: daddr:16783984
[  384.511411] AAAAA-TCP_FORW: name:enp0s3: saddr:16783984: daddr:100932208
[  384.628925] AAAAA-TCP_FORW: name:enp0s8: saddr:100932208: daddr:16783984
[  384.629812] AAAAA-TCP_FORW: name:enp0s3: saddr:16783984: daddr:100932208
[  384.799266] AAAAA-TCP_FORW: name:enp0s8: saddr:100932208: daddr:16783984
[  384.826891] AAAAA-TCP_FORW: name:enp0s8: saddr:100932208: daddr:16783984
[  384.827710] AAAAA-TCP_FORW: name:enp0s3: saddr:16783984: daddr:100932208
[  384.858440] AAAAA-TCP_FORW: name:enp0s8: saddr:100932208: daddr:16783984
[  384.918990] AAAAA-TCP_FORW: name:enp0s3: saddr:16783984: daddr:100932208
[  385.104207] AAAAA-TCP_FORW: name:enp0s8: saddr:100932208: daddr:16783984
[  385.218769] AAAAA-TCP_FORW: name:enp0s3: saddr:16783984: daddr:100932208
[  385.222146] AAAAA-TCP_FORW: name:enp0s8: saddr:100932208: daddr:16783984
[  385.271669] AAAAA-TCP_FORW: name:enp0s8: saddr:100932208: daddr:16783984
[  385.368900] AAAAA-TCP_FORW: name:enp0s8: saddr:100932208: daddr:16783984
[  385.426996] AAAAA-TCP_FORW: name:enp0s3: saddr:16783984: daddr:100932208
[  385.450043] AAAAA-TCP_FORW: name:enp0s8: saddr:100932208: daddr:16783984
[  385.572615] AAAAA-TCP_FORW: name:enp0s8: saddr:100932208: daddr:16783984
[  385.643267] AAAAA-TCP_FORW: name:enp0s8: saddr:100932208: daddr:16783984
[  385.644068] AAAAA-TCP_FORW: name:enp0s3: saddr:16783984: daddr:100932208
[  385.730282] AAAAA-TCP_FORW: name:enp0s8: saddr:100932208: daddr:16783984
[  385.731030] AAAAA-TCP_FORW: name:enp0s3: saddr:16783984: daddr:100932208
[  385.862256] AAAAA-TCP_FORW: name:enp0s8: saddr:100932208: daddr:33561200
[  385.863444] AAAAA-TCP_FORW: name:enp0s3: saddr:33561200: daddr:100932208
[  386.015168] AAAAA-TCP_FORW: name:enp0s8: saddr:100932208: daddr:33561200
[  386.015955] AAAAA-TCP_FORW: name:enp0s3: saddr:33561200: daddr:100932208
[  386.131974] AAAAA-TCP_FORW: name:enp0s8: saddr:100932208: daddr:33561200
[  386.132612] AAAAA-TCP_FORW: name:enp0s3: saddr:33561200: daddr:100932208
[  386.209778] AAAAA-TCP_FORW: name:enp0s8: saddr:100932208: daddr:33561200
[  386.210541] AAAAA-TCP_FORW: name:enp0s3: saddr:33561200: daddr:100932208
[  386.309747] AAAAA-TCP_FORW: name:enp0s8: saddr:100932208: daddr:33561200
[  386.310896] AAAAA-TCP_FORW: name:enp0s3: saddr:33561200: daddr:100932208
[  386.460305] AAAAA-TCP_FORW: name:enp0s8: saddr:100932208: daddr:33561200
[  386.461481] AAAAA-TCP_FORW: name:enp0s3: saddr:33561200: daddr:100932208
[  386.602713] AAAAA-TCP_FORW: name:enp0s8: saddr:100932208: daddr:33561200
[  386.603803] AAAAA-TCP_FORW: name:enp0s3: saddr:33561200: daddr:100932208
[  386.718836] AAAAA-TCP_FORW: name:enp0s8: saddr:100932208: daddr:33561200
[  386.719942] AAAAA-TCP_FORW: name:enp0s3: saddr:33561200: daddr:100932208
[  386.863896] AAAAA-TCP_FORW: name:enp0s8: saddr:100932208: daddr:33561200
[  386.864782] AAAAA-TCP_FORW: name:enp0s3: saddr:33561200: daddr:100932208
[  387.007942] AAAAA-TCP_FORW: name:enp0s8: saddr:100932208: daddr:33561200
[  387.008700] AAAAA-TCP_FORW: name:enp0s3: saddr:33561200: daddr:100932208
[  387.197119] AAAAA-TCP_FORW: name:enp0s8: saddr:100932208: daddr:33561200
[  387.198434] AAAAA-TCP_FORW: name:enp0s3: saddr:33561200: daddr:100932208
[  387.288154] AAAAA-TCP_FORW: name:enp0s8: saddr:100932208: daddr:33561200
[  387.289322] AAAAA-TCP_FORW: name:enp0s3: saddr:33561200: daddr:100932208
[  387.591784] AAAAA-TCP_FORW: name:enp0s8: saddr:100932208: daddr:33561200
[  387.592532] AAAAA-TCP_FORW: name:enp0s3: saddr:33561200: daddr:100932208
[  387.685029] AAAAA-TCP_FORW: name:enp0s8: saddr:100932208: daddr:33561200
[  387.685759] AAAAA-TCP_FORW: name:enp0s3: saddr:33561200: daddr:100932208
[  387.769763] AAAAA-TCP_FORW: name:enp0s8: saddr:100932208: daddr:33561200
[  387.770918] AAAAA-TCP_FORW: name:enp0s3: saddr:33561200: daddr:100932208
[  388.036640] AAAAA-TCP_FORW: name:enp0s8: saddr:100932208: daddr:33561200
[  388.037891] AAAAA-TCP_FORW: name:enp0s3: saddr:33561200: daddr:100932208
[  388.286582] AAAAA-TCP_FORW: name:enp0s8: saddr:100932208: daddr:33561200
[  388.330768] AAAAA-TCP_FORW: name:enp0s3: saddr:33561200: daddr:100932208
[  389.868193] AAAAA-TCP_FORW: name:enp0s8: saddr:100932208: daddr:16783984
[  389.869858] AAAAA-TCP_FORW: name:enp0s3: saddr:16783984: daddr:100932208
[  390.029764] AAAAA-TCP_FORW: name:enp0s8: saddr:100932208: daddr:16783984
[  390.030959] AAAAA-TCP_FORW: name:enp0s3: saddr:16783984: daddr:100932208
[  390.452701] AAAAA-TCP_FORW: name:enp0s8: saddr:100932208: daddr:16783984
[  390.453770] AAAAA-TCP_FORW: name:enp0s3: saddr:16783984: daddr:100932208
[  390.544660] AAAAA-TCP_FORW: name:enp0s8: saddr:100932208: daddr:16783984
[  390.545765] AAAAA-TCP_FORW: name:enp0s3: saddr:16783984: daddr:100932208
[  391.076390] AAAAA-TCP_FORW: name:enp0s8: saddr:100932208: daddr:16783984
[  391.180453] AAAAA-TCP_FORW: name:enp0s8: saddr:100932208: daddr:16783984
[  391.476658] AAAAA-TCP_FORW: name:enp0s8: saddr:100932208: daddr:16783984
[  391.478602] AAAAA-TCP_FORW: name:enp0s3: saddr:16783984: daddr:100932208
[  391.511090] AAAAA-TCP_FORW: name:enp0s8: saddr:100932208: daddr:16783984
[  391.512322] AAAAA-TCP_FORW: name:enp0s3: saddr:16783984: daddr:100932208
[  391.634211] AAAAA-TCP_FORW: name:enp0s8: saddr:100932208: daddr:16783984
[  391.635372] AAAAA-TCP_FORW: name:enp0s3: saddr:16783984: daddr:100932208
[  391.773411] AAAAA-TCP_FORW: name:enp0s8: saddr:100932208: daddr:33561200
[  391.774498] AAAAA-TCP_FORW: name:enp0s3: saddr:33561200: daddr:100932208
[  391.911270] AAAAA-TCP_FORW: name:enp0s8: saddr:100932208: daddr:33561200
[  391.912849] AAAAA-TCP_FORW: name:enp0s3: saddr:33561200: daddr:100932208
[  392.056851] AAAAA-TCP_FORW: name:enp0s8: saddr:100932208: daddr:16783984
[  392.057785] AAAAA-TCP_FORW: name:enp0s3: saddr:16783984: daddr:100932208
[  392.088477] AAAAA-TCP_FORW: name:enp0s8: saddr:100932208: daddr:33561200
[  392.089599] AAAAA-TCP_FORW: name:enp0s3: saddr:33561200: daddr:100932208
[  392.172767] AAAAA-TCP_FORW: name:enp0s8: saddr:100932208: daddr:16783984
[  392.174278] AAAAA-TCP_FORW: name:enp0s3: saddr:16783984: daddr:100932208
[  392.235600] AAAAA-TCP_FORW: name:enp0s8: saddr:100932208: daddr:33561200
[  392.238137] AAAAA-TCP_FORW: name:enp0s3: saddr:33561200: daddr:100932208
[  392.306347] AAAAA-TCP_FORW: name:enp0s8: saddr:100932208: daddr:16783984
[  392.307340] AAAAA-TCP_FORW: name:enp0s3: saddr:16783984: daddr:100932208
[  392.354003] AAAAA-TCP_FORW: name:enp0s8: saddr:100932208: daddr:33561200
[  392.356402] AAAAA-TCP_FORW: name:enp0s3: saddr:33561200: daddr:100932208
[  392.538688] AAAAA-TCP_FORW: name:enp0s8: saddr:100932208: daddr:33561200
[  392.544060] AAAAA-TCP_FORW: name:enp0s3: saddr:33561200: daddr:100932208
[  392.734736] AAAAA-TCP_FORW: name:enp0s8: saddr:100932208: daddr:33561200
[  392.737007] AAAAA-TCP_FORW: name:enp0s3: saddr:33561200: daddr:100932208
[  392.866539] AAAAA-TCP_FORW: name:enp0s8: saddr:100932208: daddr:16783984
[  392.867629] AAAAA-TCP_FORW: name:enp0s3: saddr:16783984: daddr:100932208
[  392.875258] AAAAA-TCP_FORW: name:enp0s8: saddr:100932208: daddr:33561200
[  392.876915] AAAAA-TCP_FORW: name:enp0s3: saddr:33561200: daddr:100932208
[  393.078449] AAAAA-TCP_FORW: name:enp0s8: saddr:100932208: daddr:16783984
[  393.163772] AAAAA-TCP_FORW: name:enp0s8: saddr:100932208: daddr:33561200
[  393.166398] AAAAA-TCP_FORW: name:enp0s3: saddr:33561200: daddr:100932208
[  393.228180] AAAAA-TCP_FORW: name:enp0s8: saddr:100932208: daddr:16783984
[  393.229906] AAAAA-TCP_FORW: name:enp0s3: saddr:16783984: daddr:100932208
[  393.281627] AAAAA-TCP_FORW: name:enp0s8: saddr:100932208: daddr:16783984
[  393.282643] AAAAA-TCP_FORW: name:enp0s3: saddr:16783984: daddr:100932208
